[INFO    ] 2017-11-02T13:29:37.134184702Z: Running Test linuxkit.packages.format_mount.auto in /tmp/build/test/cases/040_packages/006_format_mount/000_auto
[INFO    ] 2017-11-02T13:29:37.134302027Z: Running command: [/bin/sh -x /tmp/build/test/cases/040_packages/006_format_mount/000_auto/test.sh]
[STDERR  ] 2017-11-02T13:29:37.151345129Z: + set -e
[STDERR  ] 2017-11-02T13:29:37.151406338Z: + . /tmp/build/test/cases/_lib/lib.sh
[STDERR  ] 2017-11-02T13:29:37.151417712Z: + [ -f src/github.com/linuxkit/rtf/lib/lib.sh ]
[STDERR  ] 2017-11-02T13:29:37.151423892Z: + LINUXKIT_TMPDIR=/tmp/build/test/cases/_tmp
[STDERR  ] 2017-11-02T13:29:37.151430241Z: + [ -f /tmp/build/test/cases/_tmp/env.sh ]
[STDERR  ] 2017-11-02T13:29:37.151444331Z: + . /tmp/build/test/cases/_tmp/env.sh
[STDERR  ] 2017-11-02T13:29:37.151450524Z: + export LINUXKIT_EXAMPLES_DIR=/tmp/build/test/cases/../../examples
[STDERR  ] 2017-11-02T13:29:37.151456518Z: + export LINUXKIT_BLUEPRINTS_DIR=/tmp/build/test/cases/../../blueprints
[STDERR  ] 2017-11-02T13:29:37.151470365Z: + RT_CANCEL=253
[STDERR  ] 2017-11-02T13:29:37.151478692Z: + NAME=test-format
[STDERR  ] 2017-11-02T13:29:37.151484492Z: + DISK=disk.img
[STDERR  ] 2017-11-02T13:29:37.151490107Z: + trap clean_up EXIT
[STDERR  ] 2017-11-02T13:29:37.151495537Z: + moby build -format kernel+initrd -name test-format test.yml
[STDERR  ] 2017-11-02T13:29:37.173566862Z: Extract kernel image: linuxkit/kernel:4.9.59
[STDERR  ] 2017-11-02T13:29:38.987520178Z: Add init containers:
[STDERR  ] 2017-11-02T13:29:38.987579807Z: Process init image: linuxkit/init:42a92119e1ca10380e0d33e26c0cbcf85b9b3558
[STDERR  ] 2017-11-02T13:29:40.347676796Z: Process init image: linuxkit/runc:817fdc592eac6cb7804fa1721a43a7f6e23fb50f
[STDERR  ] 2017-11-02T13:29:41.633394021Z: Add onboot containers:
[STDERR  ] 2017-11-02T13:29:41.633436491Z:   Create OCI config for linuxkit/format:10e75e78e1f134d310c62e9a0352df1c67b0dd81
[STDERR  ] 2017-11-02T13:29:42.727007068Z: time="2017-11-02T13:29:42Z" level=warning msg="certificate with CN Rolf Neugebauer is near expiry" 
[STDERR  ] 2017-11-02T13:29:42.729235083Z: time="2017-11-02T13:29:42Z" level=warning msg="certificate with CN Rolf Neugebauer is near expiry" 
[STDERR  ] 2017-11-02T13:29:43.107190843Z:   Create OCI config for linuxkit/mount:41685ecc8039643948e5dff46e17584753469a7a
[STDERR  ] 2017-11-02T13:29:44.194640311Z: time="2017-11-02T13:29:44Z" level=warning msg="certificate with CN Rolf Neugebauer is near expiry" 
[STDERR  ] 2017-11-02T13:29:44.198511605Z: time="2017-11-02T13:29:44Z" level=warning msg="certificate with CN Rolf Neugebauer is near expiry" 
[STDERR  ] 2017-11-02T13:29:44.408465386Z:   Create OCI config for alpine:3.6
[STDERR  ] 2017-11-02T13:29:45.675032013Z:   Create OCI config for linuxkit/poweroff:280bd01daa8776fbe1f4d912977f1886b8374834
[STDERR  ] 2017-11-02T13:29:46.758917274Z: time="2017-11-02T13:29:46Z" level=warning msg="certificate with CN Rolf Neugebauer is near expiry" 
[STDERR  ] 2017-11-02T13:29:46.760602912Z: time="2017-11-02T13:29:46Z" level=warning msg="certificate with CN Rolf Neugebauer is near expiry" 
[STDERR  ] 2017-11-02T13:29:46.934936424Z: Add files:
[STDERR  ] 2017-11-02T13:29:46.934976537Z:   check.sh
[STDERR  ] 2017-11-02T13:29:46.948940992Z: Create outputs:
[STDERR  ] 2017-11-02T13:29:52.163126039Z:   test-format-kernel test-format-initrd.img test-format-cmdline
[STDERR  ] 2017-11-02T13:29:52.224032146Z: + linuxkit run -disk file=disk.img,size=512M test-format
[STDERR  ] 2017-11-02T13:29:52.244044034Z: Unable to find qemu-system-x86_64 within the $PATH. Using a container
[STDERR  ] 2017-11-02T13:30:35.274239868Z: + RESULT=[    0.000000] Linux version 4.9.59-linuxkit (root@01324b49428a) (gcc version 6.3.0 (Alpine 6.3.0) ) #1 SMP Sat Oct 28 17:03:21 UTC 2017
[STDERR  ] 2017-11-02T13:30:35.274296015Z: [    0.000000] Command line: console=ttyS0
[STDERR  ] 2017-11-02T13:30:35.274308182Z: [    0.000000] x86/fpu: Legacy x87 FPU detected.
[STDERR  ] 2017-11-02T13:30:35.274319285Z: [    0.000000] x86/fpu: Using 'eager' FPU context switches.
[STDERR  ] 2017-11-02T13:30:35.274330392Z: [    0.000000] e820: BIOS-provided physical RAM map:
[STDERR  ] 2017-11-02T13:30:35.274351784Z: [    0.000000] BIOS-e820: [mem 0x0000000000000000-0x000000000009fbff] usable
[STDERR  ] 2017-11-02T13:30:35.274363207Z: [    0.000000] BIOS-e820: [mem 0x000000000009fc00-0x000000000009ffff] reserved
[STDERR  ] 2017-11-02T13:30:35.274373934Z: [    0.000000] BIOS-e820: [mem 0x00000000000f0000-0x00000000000fffff] reserved
[STDERR  ] 2017-11-02T13:30:35.274383927Z: [    0.000000] BIOS-e820: [mem 0x0000000000100000-0x000000003ffdefff] usable
[STDERR  ] 2017-11-02T13:30:35.274393434Z: [    0.000000] BIOS-e820: [mem 0x000000003ffdf000-0x000000003fffffff] reserved
[STDERR  ] 2017-11-02T13:30:35.274402889Z: [    0.000000] BIOS-e820: [mem 0x00000000b0000000-0x00000000bfffffff] reserved
[STDERR  ] 2017-11-02T13:30:35.27441283Z: [    0.000000] BIOS-e820: [mem 0x00000000fed1c000-0x00000000fed1ffff] reserved
[STDERR  ] 2017-11-02T13:30:35.274425306Z: [    0.000000] BIOS-e820: [mem 0x00000000fffc0000-0x00000000ffffffff] reserved
[STDERR  ] 2017-11-02T13:30:35.274435984Z: [    0.000000] NX (Execute Disable) protection: active
[STDERR  ] 2017-11-02T13:30:35.274445551Z: [    0.000000] SMBIOS 2.8 present.
[STDERR  ] 2017-11-02T13:30:35.274455556Z: [    0.000000] e820: last_pfn = 0x3ffdf max_arch_pfn = 0x400000000
[STDERR  ] 2017-11-02T13:30:35.274464684Z: [    0.000000] x86/PAT: Configuration [0-7]: WB  WC  UC- UC  WB  WC  UC- WT  
[STDERR  ] 2017-11-02T13:30:35.274474181Z: [    0.000000] found SMP MP-table at [mem 0x000f6aa0-0x000f6aaf] mapped at [ffff9e91800f6aa0]
[STDERR  ] 2017-11-02T13:30:35.274484116Z: [    0.000000] RAMDISK: [mem 0x3e03e000-0x3ffcffff]
[STDERR  ] 2017-11-02T13:30:35.274493816Z: [    0.000000] ACPI: Early table checksum verification disabled
[STDERR  ] 2017-11-02T13:30:35.274503083Z: [    0.000000] ACPI: RSDP 0x00000000000F68C0 000014 (v00 BOCHS )
[STDERR  ] 2017-11-02T13:30:35.274533416Z: [    0.000000] ACPI: RSDT 0x000000003FFE2404 000034 (v01 BOCHS  BXPCRSDT 00000001 BXPC 00000001)
[STDERR  ] 2017-11-02T13:30:35.274553316Z: [    0.000000] ACPI: FACP 0x000000003FFE22A4 000074 (v01 BOCHS  BXPCFACP 00000001 BXPC 00000001)
[STDERR  ] 2017-11-02T13:30:35.274563768Z: [    0.000000] ACPI: DSDT 0x000000003FFE0040 002264 (v01 BOCHS  BXPCDSDT 00000001 BXPC 00000001)
[STDERR  ] 2017-11-02T13:30:35.274580819Z: [    0.000000] ACPI: FACS 0x000000003FFE0000 000040
[STDERR  ] 2017-11-02T13:30:35.274591877Z: [    0.000000] ACPI: APIC 0x000000003FFE2318 000078 (v01 BOCHS  BXPCAPIC 00000001 BXPC 00000001)
[STDERR  ] 2017-11-02T13:30:35.274601895Z: [    0.000000] ACPI: HPET 0x000000003FFE2390 000038 (v01 BOCHS  BXPCHPET 00000001 BXPC 00000001)
[STDERR  ] 2017-11-02T13:30:35.2746119Z: [    0.000000] ACPI: MCFG 0x000000003FFE23C8 00003C (v01 BOCHS  BXPCMCFG 00000001 BXPC 00000001)
[STDERR  ] 2017-11-02T13:30:35.274621699Z: [    0.000000] Zone ranges:
[STDERR  ] 2017-11-02T13:30:35.274751886Z: [    0.000000]   DMA      [mem 0x0000000000001000-0x0000000000ffffff]
[STDERR  ] 2017-11-02T13:30:35.274765456Z: [    0.000000]   DMA32    [mem 0x0000000001000000-0x000000003ffdefff]
[STDERR  ] 2017-11-02T13:30:35.274775964Z: [    0.000000]   Normal   empty
[STDERR  ] 2017-11-02T13:30:35.274786679Z: [    0.000000] Movable zone start for each node
[STDERR  ] 2017-11-02T13:30:35.274797409Z: [    0.000000] Early memory node ranges
[STDERR  ] 2017-11-02T13:30:35.274806606Z: [    0.000000]   node   0: [mem 0x0000000000001000-0x000000000009efff]
[STDERR  ] 2017-11-02T13:30:35.274816134Z: [    0.000000]   node   0: [mem 0x0000000000100000-0x000000003ffdefff]
[STDERR  ] 2017-11-02T13:30:35.274825324Z: [    0.000000] Initmem setup node 0 [mem 0x0000000000001000-0x000000003ffdefff]
[STDERR  ] 2017-11-02T13:30:35.274834918Z: [    0.000000] ACPI: PM-Timer IO Port: 0x608
[STDERR  ] 2017-11-02T13:30:35.274844062Z: [    0.000000] ACPI: LAPIC_NMI (acpi_id[0xff] dfl dfl lint[0x1])
[STDERR  ] 2017-11-02T13:30:35.274860574Z: [    0.000000] IOAPIC[0]: apic_id 0, version 32, address 0xfec00000, GSI 0-23
[STDERR  ] 2017-11-02T13:30:35.274871188Z: [    0.000000] ACPI: INT_SRC_OVR (bus 0 bus_irq 0 global_irq 2 dfl dfl)
[STDERR  ] 2017-11-02T13:30:35.274886785Z: [    0.000000] ACPI: INT_SRC_OVR (bus 0 bus_irq 5 global_irq 5 high level)
[STDERR  ] 2017-11-02T13:30:35.274897095Z: [    0.000000] ACPI: INT_SRC_OVR (bus 0 bus_irq 9 global_irq 9 high level)
[STDERR  ] 2017-11-02T13:30:35.27490713Z: [    0.000000] ACPI: INT_SRC_OVR (bus 0 bus_irq 10 global_irq 10 high level)
[STDERR  ] 2017-11-02T13:30:35.274916291Z: [    0.000000] ACPI: INT_SRC_OVR (bus 0 bus_irq 11 global_irq 11 high level)
[STDERR  ] 2017-11-02T13:30:35.274925565Z: [    0.000000] Using ACPI (MADT) for SMP configuration information
[STDERR  ] 2017-11-02T13:30:35.274935323Z: [    0.000000] ACPI: HPET id: 0x8086a201 base: 0xfed00000
[STDERR  ] 2017-11-02T13:30:35.274946425Z: [    0.000000] smpboot: Allowing 1 CPUs, 0 hotplug CPUs
[STDERR  ] 2017-11-02T13:30:35.274957373Z: [    0.000000] e820: [mem 0x40000000-0xafffffff] available for PCI devices
[STDERR  ] 2017-11-02T13:30:35.274967393Z: [    0.000000] Booting paravirtualized kernel on bare hardware
[STDERR  ] 2017-11-02T13:30:35.274980468Z: [    0.000000] clocksource: refined-jiffies: mask: 0xffffffff max_cycles: 0xffffffff, max_idle_ns: 19112604462750000 ns
[STDERR  ] 2017-11-02T13:30:35.274992765Z: [    0.000000] setup_percpu: NR_CPUS:128 nr_cpumask_bits:128 nr_cpu_ids:1 nr_node_ids:1
[STDERR  ] 2017-11-02T13:30:35.275002031Z: [    0.000000] percpu: Embedded 35 pages/cpu @ffff9e91bde00000 s105240 r8192 d29928 u2097152
[STDERR  ] 2017-11-02T13:30:35.275011457Z: [    0.000000] Built 1 zonelists in Zone order, mobility grouping on.  Total pages: 257896
[STDERR  ] 2017-11-02T13:30:35.27502106Z: [    0.000000] Kernel command line: console=ttyS0
[STDERR  ] 2017-11-02T13:30:35.275032134Z: [    0.000000] PID hash table entries: 4096 (order: 3, 32768 bytes)
[STDERR  ] 2017-11-02T13:30:35.2750429Z: [    0.000000] Dentry cache hash table entries: 131072 (order: 8, 1048576 bytes)
[STDERR  ] 2017-11-02T13:30:35.275058866Z: [    0.000000] Inode-cache hash table entries: 65536 (order: 7, 524288 bytes)
[STDERR  ] 2017-11-02T13:30:35.275069457Z: [    0.000000] Memory: 981844K/1048052K available (8053K kernel code, 1367K rwdata, 2704K rodata, 1380K init, 568K bss, 66208K reserved, 0K cma-reserved)
[STDERR  ] 2017-11-02T13:30:35.275080002Z: [    0.000000] Hierarchical RCU implementation.
[STDERR  ] 2017-11-02T13:30:35.275088957Z: [    0.000000] 	Build-time adjustment of leaf fanout to 64.
[STDERR  ] 2017-11-02T13:30:35.27509833Z: [    0.000000] 	RCU restricting CPUs from NR_CPUS=128 to nr_cpu_ids=1.
[STDERR  ] 2017-11-02T13:30:35.275107066Z: [    0.000000] RCU: Adjusting geometry for rcu_fanout_leaf=64, nr_cpu_ids=1
[STDERR  ] 2017-11-02T13:30:35.275115877Z: [    0.000000] NR_IRQS:8448 nr_irqs:256 16
[STDERR  ] 2017-11-02T13:30:35.275124946Z: [    0.000000] Console: colour VGA+ 80x25
[STDERR  ] 2017-11-02T13:30:35.275133862Z: [    0.000000] console [ttyS0] enabled
[STDERR  ] 2017-11-02T13:30:35.275142546Z: [    0.000000] clocksource: hpet: mask: 0xffffffff max_cycles: 0xffffffff, max_idle_ns: 19112604467 ns
[STDERR  ] 2017-11-02T13:30:35.275154804Z: [    0.000000] tsc: Fast TSC calibration using PIT
[STDERR  ] 2017-11-02T13:30:35.275164304Z: [    0.000000] tsc: Detected 2600.012 MHz processor
[STDERR  ] 2017-11-02T13:30:35.275173742Z: [    0.032496] Calibrating delay loop (skipped), value calculated using timer frequency.. 5200.02 BogoMIPS (lpj=26000120)
[STDERR  ] 2017-11-02T13:30:35.275184097Z: [    0.033743] pid_max: default: 32768 minimum: 301
[STDERR  ] 2017-11-02T13:30:35.275193449Z: [    0.034921] ACPI: Core revision 20160831
[STDERR  ] 2017-11-02T13:30:35.275206165Z: [    0.076718] ACPI: 1 ACPI AML tables successfully acquired and loaded
[STDERR  ] 2017-11-02T13:30:35.275215786Z: [    0.081885] Security Framework initialized
[STDERR  ] 2017-11-02T13:30:35.275225113Z: [    0.082351] Yama: becoming mindful.
[STDERR  ] 2017-11-02T13:30:35.275234366Z: [    0.084459] Mount-cache hash table entries: 2048 (order: 2, 16384 bytes)
[STDERR  ] 2017-11-02T13:30:35.275243825Z: [    0.085030] Mountpoint-cache hash table entries: 2048 (order: 2, 16384 bytes)
[STDERR  ] 2017-11-02T13:30:35.275259348Z: [    0.104107] Last level iTLB entries: 4KB 0, 2MB 0, 4MB 0
[STDERR  ] 2017-11-02T13:30:35.275269941Z: [    0.104593] Last level dTLB entries: 4KB 0, 2MB 0, 4MB 0, 1GB 0
[STDERR  ] 2017-11-02T13:30:35.275279581Z: [    0.407063] Freeing SMP alternatives memory: 20K
[STDERR  ] 2017-11-02T13:30:35.275288576Z: [    0.417180] ftrace: allocating 35584 entries in 140 pages
[STDERR  ] 2017-11-02T13:30:35.275298173Z: [    0.577343] smpboot: Max logical packages: 1
[STDERR  ] 2017-11-02T13:30:35.275307213Z: [    0.585228] ..TIMER: vector=0x30 apic1=0 pin1=2 apic2=-1 pin2=-1
[STDERR  ] 2017-11-02T13:30:35.275316843Z: [    0.690000] smpboot: CPU0: AMD QEMU Virtual CPU version 2.5+ (family: 0x6, model: 0x6, stepping: 0x3)
[STDERR  ] 2017-11-02T13:30:35.275327021Z: [    0.690000] Performance Events: PMU not available due to virtualization, using software events only.
[STDERR  ] 2017-11-02T13:30:35.275337161Z: [    0.698290] NMI watchdog: disabled (cpu0): hardware events not enabled
[STDERR  ] 2017-11-02T13:30:35.275346504Z: [    0.698799] NMI watchdog: Shutting down hard lockup detector on all cpus
[STDERR  ] 2017-11-02T13:30:35.275356444Z: [    0.702871] x86: Booted up 1 node, 1 CPUs
[STDERR  ] 2017-11-02T13:30:35.275369574Z: [    0.703293] smpboot: Total of 1 processors activated (5200.02 BogoMIPS)
[STDERR  ] 2017-11-02T13:30:35.275379784Z: [    0.716663] devtmpfs: initialized
[STDERR  ] 2017-11-02T13:30:35.27538968Z: [    0.723636] x86/mm: Memory block size: 128MB
[STDERR  ] 2017-11-02T13:30:35.27539918Z: [    0.785383] clocksource: jiffies: mask: 0xffffffff max_cycles: 0xffffffff, max_idle_ns: 19112604462750000 ns
[STDERR  ] 2017-11-02T13:30:35.275409235Z: [    0.786335] futex hash table entries: 256 (order: 2, 16384 bytes)
[STDERR  ] 2017-11-02T13:30:35.27542451Z: [    0.796315] NET: Registered protocol family 16
[STDERR  ] 2017-11-02T13:30:35.27544094Z: [    0.806033] cpuidle: using governor ladder
[STDERR  ] 2017-11-02T13:30:35.275450908Z: [    0.806583] cpuidle: using governor menu
[STDERR  ] 2017-11-02T13:30:35.27546475Z: [    0.807786] ACPI: bus type PCI registered
[STDERR  ] 2017-11-02T13:30:35.275474718Z: [    0.810740] PCI: MMCONFIG for domain 0000 [bus 00-ff] at [mem 0xb0000000-0xbfffffff] (base 0xb0000000)
[STDERR  ] 2017-11-02T13:30:35.275484622Z: [    0.812884] PCI: MMCONFIG at [mem 0xb0000000-0xbfffffff] reserved in E820
[STDERR  ] 2017-11-02T13:30:35.27549475Z: [    0.814261] PCI: Using configuration type 1 for base access
[STDERR  ] 2017-11-02T13:30:35.275513927Z: [    0.870113] HugeTLB registered 2 MB page size, pre-allocated 0 pages
[STDERR  ] 2017-11-02T13:30:35.275525521Z: [    0.881850] ACPI: Added _OSI(Module Device)
[STDERR  ] 2017-11-02T13:30:35.275534619Z: [    0.882234] ACPI: Added _OSI(Processor Device)
[STDERR  ] 2017-11-02T13:30:35.275546564Z: [    0.882425] ACPI: Added _OSI(3.0 _SCP Extensions)
[STDERR  ] 2017-11-02T13:30:35.275555344Z: [    0.882722] ACPI: Added _OSI(Processor Aggregator Device)
[STDERR  ] 2017-11-02T13:30:35.275564349Z: [    0.957008] ACPI: Interpreter enabled
[STDERR  ] 2017-11-02T13:30:35.275573604Z: [    0.958025] ACPI: (supports S0 S5)
[STDERR  ] 2017-11-02T13:30:35.275582434Z: [    0.958351] ACPI: Using IOAPIC for interrupt routing
[STDERR  ] 2017-11-02T13:30:35.275591554Z: [    0.961503] PCI: Using host bridge windows from ACPI; if necessary, use "pci=nocrs" and report a bug
[STDERR  ] 2017-11-02T13:30:35.275601839Z: [    1.024766] ACPI: PCI Root Bridge [PCI0] (domain 0000 [bus 00-ff])
[STDERR  ] 2017-11-02T13:30:35.275611387Z: [    1.025699] acpi PNP0A08:00: _OSC: OS supports [ExtendedConfig ASPM ClockPM Segments MSI]
[STDERR  ] 2017-11-02T13:30:35.275620806Z: [    1.032952] acpi PNP0A08:00: _OSC: OS now controls [PCIeHotplug PME PCIeCapability]
[STDERR  ] 2017-11-02T13:30:35.275630253Z: [    1.036707] PCI host bridge to bus 0000:00
[STDERR  ] 2017-11-02T13:30:35.275639906Z: [    1.037171] pci_bus 0000:00: root bus resource [io  0x0000-0x0cf7 window]
[STDERR  ] 2017-11-02T13:30:35.275649199Z: [    1.037662] pci_bus 0000:00: root bus resource [io  0x0d00-0xffff window]
[STDERR  ] 2017-11-02T13:30:35.275665016Z: [    1.038114] pci_bus 0000:00: root bus resource [mem 0x000a0000-0x000bffff window]
[STDERR  ] 2017-11-02T13:30:35.275678732Z: [    1.038577] pci_bus 0000:00: root bus resource [mem 0xc0000000-0xfebfffff window]
[STDERR  ] 2017-11-02T13:30:35.275691116Z: [    1.039251] pci_bus 0000:00: root bus resource [bus 00-ff]
[STDERR  ] 2017-11-02T13:30:35.275700738Z: [    1.145536] pci 0000:00:1f.0: quirk: [io  0x0600-0x067f] claimed by ICH6 ACPI/GPIO/TCO
[STDERR  ] 2017-11-02T13:30:35.275710093Z: [    1.210365] ACPI: PCI Interrupt Link [LNKA] (IRQs 5 *10 11)
[STDERR  ] 2017-11-02T13:30:35.275719162Z: [    1.213241] ACPI: PCI Interrupt Link [LNKB] (IRQs 5 *10 11)
[STDERR  ] 2017-11-02T13:30:35.2757287Z: [    1.215531] ACPI: PCI Interrupt Link [LNKC] (IRQs 5 10 *11)
[STDERR  ] 2017-11-02T13:30:35.275738302Z: [    1.217477] ACPI: PCI Interrupt Link [LNKD] (IRQs 5 10 *11)
[STDERR  ] 2017-11-02T13:30:35.275747333Z: [    1.219271] ACPI: PCI Interrupt Link [LNKE] (IRQs 5 *10 11)
[STDERR  ] 2017-11-02T13:30:35.275756193Z: [    1.221694] ACPI: PCI Interrupt Link [LNKF] (IRQs 5 *10 11)
[STDERR  ] 2017-11-02T13:30:35.275764855Z: [    1.223560] ACPI: PCI Interrupt Link [LNKG] (IRQs 5 10 *11)
[STDERR  ] 2017-11-02T13:30:35.275773383Z: [    1.225456] ACPI: PCI Interrupt Link [LNKH] (IRQs 5 10 *11)
[STDERR  ] 2017-11-02T13:30:35.275782583Z: [    1.226448] ACPI: PCI Interrupt Link [GSIA] (IRQs *16)
[STDERR  ] 2017-11-02T13:30:35.27579226Z: [    1.227242] ACPI: PCI Interrupt Link [GSIB] (IRQs *17)
[STDERR  ] 2017-11-02T13:30:35.275801876Z: [    1.227958] ACPI: PCI Interrupt Link [GSIC] (IRQs *18)
[STDERR  ] 2017-11-02T13:30:35.275811189Z: [    1.228648] ACPI: PCI Interrupt Link [GSID] (IRQs *19)
[STDERR  ] 2017-11-02T13:30:35.275820837Z: [    1.229371] ACPI: PCI Interrupt Link [GSIE] (IRQs *20)
[STDERR  ] 2017-11-02T13:30:35.275840315Z: [    1.230602] ACPI: PCI Interrupt Link [GSIF] (IRQs *21)
[STDERR  ] 2017-11-02T13:30:35.275849911Z: [    1.231340] ACPI: PCI Interrupt Link [GSIG] (IRQs *22)
[STDERR  ] 2017-11-02T13:30:35.275858854Z: [    1.232083] ACPI: PCI Interrupt Link [GSIH] (IRQs *23)
[STDERR  ] 2017-11-02T13:30:35.275868281Z: [    1.235786] ACPI: Enabled 2 GPEs in block 00 to 3F
[STDERR  ] 2017-11-02T13:30:35.275876851Z: [    1.242189] SCSI subsystem initialized
[STDERR  ] 2017-11-02T13:30:35.275885934Z: [    1.244282] ACPI: bus type USB registered
[STDERR  ] 2017-11-02T13:30:35.275895065Z: [    1.245438] usbcore: registered new interface driver usbfs
[STDERR  ] 2017-11-02T13:30:35.275904277Z: [    1.246475] usbcore: registered new interface driver hub
[STDERR  ] 2017-11-02T13:30:35.275913034Z: [    1.247358] usbcore: registered new device driver usb
[STDERR  ] 2017-11-02T13:30:35.275922402Z: [    1.248590] pps_core: LinuxPPS API ver. 1 registered
[STDERR  ] 2017-11-02T13:30:35.275931975Z: [    1.248916] pps_core: Software ver. 5.3.6 - Copyright 2005-2007 Rodolfo Giometti <giometti@linux.it>
[STDERR  ] 2017-11-02T13:30:35.275941577Z: [    1.249718] PTP clock support registered
[STDERR  ] 2017-11-02T13:30:35.275950834Z: [    1.251067] wmi: Mapper loaded
[STDERR  ] 2017-11-02T13:30:35.275960605Z: [    1.252243] PCI: Using ACPI for IRQ routing
[STDERR  ] 2017-11-02T13:30:35.275973014Z: [    1.270538] NetLabel: Initializing
[STDERR  ] 2017-11-02T13:30:35.275982021Z: [    1.270842] NetLabel:  domain hash size = 128
[STDERR  ] 2017-11-02T13:30:35.27599091Z: [    1.271146] NetLabel:  protocols = UNLABELED CIPSOv4
[STDERR  ] 2017-11-02T13:30:35.276000541Z: [    1.274001] NetLabel:  unlabeled traffic allowed by default
[STDERR  ] 2017-11-02T13:30:35.276010163Z: [    1.275273] HPET: 3 timers in total, 0 timers will be used for per-cpu timer
[STDERR  ] 2017-11-02T13:30:35.276020508Z: [    1.276015] hpet0: at MMIO 0xfed00000, IRQs 2, 8, 0
[STDERR  ] 2017-11-02T13:30:35.276033678Z: [    1.276661] hpet0: 3 comparators, 64-bit 100.000000 MHz counter
[STDERR  ] 2017-11-02T13:30:35.276043768Z: [    1.281705] clocksource: Switched to clocksource hpet
[STDERR  ] 2017-11-02T13:30:35.276058764Z: [    1.551393] VFS: Disk quotas dquot_6.6.0
[STDERR  ] 2017-11-02T13:30:35.276068316Z: [    1.552440] VFS: Dquot-cache hash table entries: 512 (order 0, 4096 bytes)
[STDERR  ] 2017-11-02T13:30:35.276077683Z: [    1.556373] FS-Cache: Loaded
[STDERR  ] 2017-11-02T13:30:35.276087436Z: [    1.562161] CacheFiles: Loaded
[STDERR  ] 2017-11-02T13:30:35.276095573Z: [    1.563962] pnp: PnP ACPI init
[STDERR  ] 2017-11-02T13:30:35.276101556Z: [    1.575283] pnp: PnP ACPI: found 5 devices
[STDERR  ] 2017-11-02T13:30:35.27610711Z: [    1.625994] clocksource: acpi_pm: mask: 0xffffff max_cycles: 0xffffff, max_idle_ns: 2085701024 ns
[STDERR  ] 2017-11-02T13:30:35.276112944Z: [    1.630646] NET: Registered protocol family 2
[STDERR  ] 2017-11-02T13:30:35.276118395Z: [    1.637981] TCP established hash table entries: 8192 (order: 4, 65536 bytes)
[STDERR  ] 2017-11-02T13:30:35.27612406Z: [    1.638820] TCP bind hash table entries: 8192 (order: 5, 131072 bytes)
[STDERR  ] 2017-11-02T13:30:35.276129625Z: [    1.639605] TCP: Hash tables configured (established 8192 bind 8192)
[STDERR  ] 2017-11-02T13:30:35.276135182Z: [    1.642410] UDP hash table entries: 512 (order: 2, 16384 bytes)
[STDERR  ] 2017-11-02T13:30:35.276140755Z: [    1.643057] UDP-Lite hash table entries: 512 (order: 2, 16384 bytes)
[STDERR  ] 2017-11-02T13:30:35.276149587Z: [    1.645588] NET: Registered protocol family 1
[STDERR  ] 2017-11-02T13:30:35.276155113Z: [    1.646589] pci 0000:00:01.0: Video device with shadowed ROM at [mem 0x000c0000-0x000dffff]
[STDERR  ] 2017-11-02T13:30:35.276160795Z: [    1.653847] Unpacking initramfs...
[STDERR  ] 2017-11-02T13:30:35.276166212Z: [    6.719806] Freeing initrd memory: 32328K
[STDERR  ] 2017-11-02T13:30:35.276171817Z: [    6.747517] PCLMULQDQ-NI instructions are not detected.
[STDERR  ] 2017-11-02T13:30:35.276177313Z: [    6.749143] AVX or AES-NI instructions are not detected.
[STDERR  ] 2017-11-02T13:30:35.276187747Z: [    6.749649] CPU feature 'AVX registers' is not supported.
[STDERR  ] 2017-11-02T13:30:35.276193325Z: [    6.750494] CPU feature 'AVX registers' is not supported.
[STDERR  ] 2017-11-02T13:30:35.276201407Z: [    6.750916] CPU feature 'AVX registers' is not supported.
[STDERR  ] 2017-11-02T13:30:35.276207015Z: [    6.751455] CPU feature 'AVX registers' is not supported.
[STDERR  ] 2017-11-02T13:30:35.276212609Z: [    6.751894] AVX2 or AES-NI instructions are not detected.
[STDERR  ] 2017-11-02T13:30:35.276218135Z: [    6.752314] AVX2 instructions are not detected.
[STDERR  ] 2017-11-02T13:30:35.27622384Z: [    6.758625] audit: initializing netlink subsys (disabled)
[STDERR  ] 2017-11-02T13:30:35.276229299Z: [    6.763059] audit: type=2000 audit(1509629400.760:1): initialized
[STDERR  ] 2017-11-02T13:30:35.27623484Z: [    6.771463] workingset: timestamp_bits=46 max_order=18 bucket_order=0
[STDERR  ] 2017-11-02T13:30:35.276240417Z: [    6.778891] squashfs: version 4.0 (2009/01/31) Phillip Lougher
[STDERR  ] 2017-11-02T13:30:35.27624622Z: [    6.782524] FS-Cache: Netfs 'cifs' registered for caching
[STDERR  ] 2017-11-02T13:30:35.276251845Z: [    6.783621] fuse init (API version 7.26)
[STDERR  ] 2017-11-02T13:30:35.276257369Z: [    6.786242] SGI XFS with ACLs, security attributes, no debug enabled
[STDERR  ] 2017-11-02T13:30:35.276262827Z: [    6.790628] 9p: Installing v9fs 9p2000 file system support
[STDERR  ] 2017-11-02T13:30:35.276268372Z: [    6.791230] FS-Cache: Netfs '9p' registered for caching
[STDERR  ] 2017-11-02T13:30:35.276273909Z: [    6.827830] NET: Registered protocol family 38
[STDERR  ] 2017-11-02T13:30:35.276279608Z: [    6.828372] Key type asymmetric registered
[STDERR  ] 2017-11-02T13:30:35.276285188Z: [    6.828729] Asymmetric key parser 'x509' registered
[STDERR  ] 2017-11-02T13:30:35.276290864Z: [    6.829855] Block layer SCSI generic (bsg) driver version 0.4 loaded (major 251)
[STDERR  ] 2017-11-02T13:30:35.276296384Z: [    6.834288] io scheduler noop registered
[STDERR  ] 2017-11-02T13:30:35.276302092Z: [    6.834656] io scheduler deadline registered (default)
[STDERR  ] 2017-11-02T13:30:35.276310814Z: [    6.835543] io scheduler cfq registered
[STDERR  ] 2017-11-02T13:30:35.276316722Z: [    6.838271] pci_hotplug: PCI Hot Plug PCI Core version: 0.5
[STDERR  ] 2017-11-02T13:30:35.276322132Z: [    6.838963] pciehp: PCI Express Hot Plug Controller Driver version: 0.4
[STDERR  ] 2017-11-02T13:30:35.276327649Z: [    6.839915] shpchp: Standard Hot Plug PCI Controller Driver version: 0.4
[STDERR  ] 2017-11-02T13:30:35.276333038Z: [    6.842011] hv_vmbus: registering driver hyperv_fb
[STDERR  ] 2017-11-02T13:30:35.276338659Z: [    6.847127] input: Power Button as /devices/LNXSYSTM:00/LNXPWRBN:00/input/input0
[STDERR  ] 2017-11-02T13:30:35.276344011Z: [    6.848304] ACPI: Power Button [PWRF]
[STDERR  ] 2017-11-02T13:30:35.276349782Z: [    6.853748] GHES: HEST is not enabled!
[STDERR  ] 2017-11-02T13:30:35.276355261Z: [    6.865087] ACPI: PCI Interrupt Link [GSIG] enabled at IRQ 22
[STDERR  ] 2017-11-02T13:30:35.276360956Z: [    6.877805] ACPI: PCI Interrupt Link [GSIH] enabled at IRQ 23
[STDERR  ] 2017-11-02T13:30:35.276366384Z: [    6.882309] xenfs: not registering filesystem on non-xen platform
[STDERR  ] 2017-11-02T13:30:35.276371931Z: [    6.884479] Serial: 8250/16550 driver, 4 ports, IRQ sharing disabled
[STDERR  ] 2017-11-02T13:30:35.276377366Z: [    6.909916] 00:04: ttyS0 at I/O 0x3f8 (irq = 4, base_baud = 115200) is a 16550A
[STDERR  ] 2017-11-02T13:30:35.276382988Z: [    6.923191] Non-volatile memory driver v1.3
[STDERR  ] 2017-11-02T13:30:35.276388699Z: [    6.931405] Hangcheck: starting hangcheck timer 0.9.1 (tick is 180 seconds, margin is 60 seconds).
[STDERR  ] 2017-11-02T13:30:35.276398304Z: [    6.969648] loop: module loaded
[STDERR  ] 2017-11-02T13:30:35.276407574Z: [    6.986255] nbd: registered device at major 43
[STDERR  ] 2017-11-02T13:30:35.276415938Z: [    7.030013] lpc_ich 0000:00:1f.0: I/O space for GPIO uninitialized
[STDERR  ] 2017-11-02T13:30:35.27643349Z: [    7.033072] VMware PVSCSI driver - version 1.0.7.0-k
[STDERR  ] 2017-11-02T13:30:35.276439868Z: [    7.034073] hv_vmbus: registering driver hv_storvsc
[STDERR  ] 2017-11-02T13:30:35.276447923Z: [    7.044482] ACPI: PCI Interrupt Link [GSIA] enabled at IRQ 16
[STDERR  ] 2017-11-02T13:30:35.276453655Z: [    7.050987] ahci 0000:00:1f.2: AHCI 0001.0000 32 slots 6 ports 1.5 Gbps 0x3f impl SATA mode
[STDERR  ] 2017-11-02T13:30:35.276459333Z: [    7.051951] ahci 0000:00:1f.2: flags: 64bit ncq only 
[STDERR  ] 2017-11-02T13:30:35.276464888Z: [    7.073628] scsi host0: ahci
[STDERR  ] 2017-11-02T13:30:35.276472805Z: [    7.079053] scsi host1: ahci
[STDERR  ] 2017-11-02T13:30:35.276480978Z: [    7.082870] scsi host2: ahci
[STDERR  ] 2017-11-02T13:30:35.276486343Z: [    7.085416] scsi host3: ahci
[STDERR  ] 2017-11-02T13:30:35.276493863Z: [    7.087791] scsi host4: ahci
[STDERR  ] 2017-11-02T13:30:35.276499333Z: [    7.090348] scsi host5: ahci
[STDERR  ] 2017-11-02T13:30:35.27651122Z: [    7.092238] ata1: SATA max UDMA/133 abar m4096@0xfebd2000 port 0xfebd2100 irq 24
[STDERR  ] 2017-11-02T13:30:35.27651759Z: [    7.092750] ata2: SATA max UDMA/133 abar m4096@0xfebd2000 port 0xfebd2180 irq 24
[STDERR  ] 2017-11-02T13:30:35.27652319Z: [    7.093213] ata3: SATA max UDMA/133 abar m4096@0xfebd2000 port 0xfebd2200 irq 24
[STDERR  ] 2017-11-02T13:30:35.276528618Z: [    7.093594] ata4: SATA max UDMA/133 abar m4096@0xfebd2000 port 0xfebd2280 irq 24
[STDERR  ] 2017-11-02T13:30:35.276534211Z: [    7.094023] ata5: SATA max UDMA/133 abar m4096@0xfebd2000 port 0xfebd2300 irq 24
[STDERR  ] 2017-11-02T13:30:35.276541673Z: [    7.094478] ata6: SATA max UDMA/133 abar m4096@0xfebd2000 port 0xfebd2380 irq 24
[STDERR  ] 2017-11-02T13:30:35.276547425Z: [    7.108451] tun: Universal TUN/TAP device driver, 1.6
[STDERR  ] 2017-11-02T13:30:35.27655293Z: [    7.108887] tun: (C) 1999-2004 Max Krasnyansky <maxk@qualcomm.com>
[STDERR  ] 2017-11-02T13:30:35.27656086Z: [    7.119792] VMware vmxnet3 virtual NIC driver - version 1.4.a.0-k-NAPI
[STDERR  ] 2017-11-02T13:30:35.27656642Z: [    7.121094] hv_vmbus: registering driver hv_netvsc
[STDERR  ] 2017-11-02T13:30:35.276576183Z: [    7.121457] Fusion MPT base driver 3.04.20
[STDERR  ] 2017-11-02T13:30:35.276581871Z: [    7.121741] Copyright (c) 1999-2008 LSI Corporation
[STDERR  ] 2017-11-02T13:30:35.276587559Z: [    7.122381] Fusion MPT SPI Host driver 3.04.20
[STDERR  ] 2017-11-02T13:30:35.276593067Z: [    7.124491] i8042: PNP: PS/2 Controller [PNP0303:KBD,PNP0f13:MOU] at 0x60,0x64 irq 1,12
[STDERR  ] 2017-11-02T13:30:35.276599007Z: [    7.128467] serio: i8042 KBD port at 0x60,0x64 irq 1
[STDERR  ] 2017-11-02T13:30:35.27660452Z: [    7.129201] serio: i8042 AUX port at 0x60,0x64 irq 12
[STDERR  ] 2017-11-02T13:30:35.276610234Z: [    7.132665] hv_vmbus: registering driver hyperv_keyboard
[STDERR  ] 2017-11-02T13:30:35.276615689Z: [    7.135031] mousedev: PS/2 mouse device common for all mice
[STDERR  ] 2017-11-02T13:30:35.276621312Z: [    7.139979] input: AT Translated Set 2 keyboard as /devices/platform/i8042/serio0/input/input1
[STDERR  ] 2017-11-02T13:30:35.27662903Z: [    7.142385] input: PC Speaker as /devices/platform/pcspkr/input/input2
[STDERR  ] 2017-11-02T13:30:35.276634942Z: [    7.146920] rtc_cmos 00:00: RTC can wake from S4
[STDERR  ] 2017-11-02T13:30:35.276640482Z: [    7.150558] rtc_cmos 00:00: rtc core: registered rtc_cmos as rtc0
[STDERR  ] 2017-11-02T13:30:35.276646042Z: [    7.151893] rtc_cmos 00:00: alarms up to one day, y3k, 114 bytes nvram, hpet irqs
[STDERR  ] 2017-11-02T13:30:35.276651504Z: [    7.152671] i2c /dev entries driver
[STDERR  ] 2017-11-02T13:30:35.276657132Z: [    7.154737] device-mapper: ioctl: 4.35.0-ioctl (2016-06-23) initialised: dm-devel@redhat.com
[STDERR  ] 2017-11-02T13:30:35.276662634Z: [    7.159445] usbcore: registered new interface driver usbhid
[STDERR  ] 2017-11-02T13:30:35.276668382Z: [    7.159831] usbhid: USB HID core driver
[STDERR  ] 2017-11-02T13:30:35.276673972Z: [    7.160864] hv_utils: Registering HyperV Utility Driver
[STDERR  ] 2017-11-02T13:30:35.276682912Z: [    7.161213] hv_vmbus: registering driver hv_util
[STDERR  ] 2017-11-02T13:30:35.276688734Z: [    7.161480] hv_vmbus: registering driver hv_balloon
[STDERR  ] 2017-11-02T13:30:35.276694202Z: [    7.162039] oprofile: using NMI interrupt.
[STDERR  ] 2017-11-02T13:30:35.276699742Z: [    7.163137] GACT probability on
[STDERR  ] 2017-11-02T13:30:35.276705564Z: [    7.163570] Mirror/redirect action on
[STDERR  ] 2017-11-02T13:30:35.276711032Z: [    7.164505] Simple TC action Loaded
[STDERR  ] 2017-11-02T13:30:35.2767166Z: [    7.165059] u32 classifier
[STDERR  ] 2017-11-02T13:30:35.27672227Z: [    7.165230]     Performance counters on
[STDERR  ] 2017-11-02T13:30:35.276727956Z: [    7.165510]     input device check on
[STDERR  ] 2017-11-02T13:30:35.276733426Z: [    7.165744]     Actions configured
[STDERR  ] 2017-11-02T13:30:35.276738972Z: [    7.166398] Netfilter messages via NETLINK v0.30.
[STDERR  ] 2017-11-02T13:30:35.276744451Z: [    7.166993] nfnl_acct: registering with nfnetlink.
[STDERR  ] 2017-11-02T13:30:35.276749951Z: [    7.168702] nf_conntrack version 0.5.0 (8192 buckets, 32768 max)
[STDERR  ] 2017-11-02T13:30:35.276755461Z: [    7.172545] ctnetlink v0.93: registering with nfnetlink.
[STDERR  ] 2017-11-02T13:30:35.276760921Z: [    7.175614] nf_tables: (c) 2007-2009 Patrick McHardy <kaber@trash.net>
[STDERR  ] 2017-11-02T13:30:35.276766369Z: [    7.176593] nf_tables_compat: (c) 2012 Pablo Neira Ayuso <pablo@netfilter.org>
[STDERR  ] 2017-11-02T13:30:35.276771888Z: [    7.179107] xt_time: kernel timezone is -0000
[STDERR  ] 2017-11-02T13:30:35.276777485Z: [    7.179784] ip_set: protocol 6
[STDERR  ] 2017-11-02T13:30:35.276783133Z: [    7.180803] IPVS: Registered protocols (TCP, UDP, SCTP, AH, ESP)
[STDERR  ] 2017-11-02T13:30:35.276788601Z: [    7.181431] IPVS: Connection hash table configured (size=4096, memory=64Kbytes)
[STDERR  ] 2017-11-02T13:30:35.276794225Z: [    7.183237] IPVS: Creating netns size=2104 id=0
[STDERR  ] 2017-11-02T13:30:35.276799756Z: [    7.185949] IPVS: ipvs loaded.
[STDERR  ] 2017-11-02T13:30:35.276805443Z: [    7.186385] IPVS: [rr] scheduler registered.
[STDERR  ] 2017-11-02T13:30:35.276814646Z: [    7.186731] IPVS: [wrr] scheduler registered.
[STDERR  ] 2017-11-02T13:30:35.276820781Z: [    7.187046] IPVS: [lc] scheduler registered.
[STDERR  ] 2017-11-02T13:30:35.276826169Z: [    7.187339] IPVS: [wlc] scheduler registered.
[STDERR  ] 2017-11-02T13:30:35.276834181Z: [    7.187662] IPVS: [fo] scheduler registered.
[STDERR  ] 2017-11-02T13:30:35.276839708Z: [    7.187947] IPVS: [ovf] scheduler registered.
[STDERR  ] 2017-11-02T13:30:35.276845315Z: [    7.188445] IPVS: [lblc] scheduler registered.
[STDERR  ] 2017-11-02T13:30:35.276850813Z: [    7.188958] IPVS: [lblcr] scheduler registered.
[STDERR  ] 2017-11-02T13:30:35.276856253Z: [    7.189299] IPVS: [dh] scheduler registered.
[STDERR  ] 2017-11-02T13:30:35.276861646Z: [    7.189622] IPVS: [sh] scheduler registered.
[STDERR  ] 2017-11-02T13:30:35.276867121Z: [    7.189935] IPVS: [sed] scheduler registered.
[STDERR  ] 2017-11-02T13:30:35.276872703Z: [    7.190867] IPVS: [nq] scheduler registered.
[STDERR  ] 2017-11-02T13:30:35.276878346Z: [    7.191637] IPVS: ftp: loaded support on port[0] = 21
[STDERR  ] 2017-11-02T13:30:35.276889281Z: [    7.192587] ipip: IPv4 and MPLS over IPv4 tunneling driver
[STDERR  ] 2017-11-02T13:30:35.276898325Z: [    7.196767] gre: GRE over IPv4 demultiplexor driver
[STDERR  ] 2017-11-02T13:30:35.276906968Z: [    7.199394] ip_tables: (C) 2000-2006 Netfilter Core Team
[STDERR  ] 2017-11-02T13:30:35.27691782Z: [    7.202970] ipt_CLUSTERIP: ClusterIP Version 0.8 loaded successfully
[STDERR  ] 2017-11-02T13:30:35.276926635Z: [    7.203724] arp_tables: arp_tables: (C) 2002 David S. Miller
[STDERR  ] 2017-11-02T13:30:35.276934572Z: [    7.206153] NET: Registered protocol family 10
[STDERR  ] 2017-11-02T13:30:35.276943222Z: [    7.215726] ip6_tables: (C) 2000-2006 Netfilter Core Team
[STDERR  ] 2017-11-02T13:30:35.276951748Z: [    7.224663] NET: Registered protocol family 17
[STDERR  ] 2017-11-02T13:30:35.276968144Z: [    7.225831] Bridge firewalling registered
[STDERR  ] 2017-11-02T13:30:35.276981397Z: [    7.226351] Ebtables v2.0 registered
[STDERR  ] 2017-11-02T13:30:35.276991364Z: [    7.228190] 8021q: 802.1Q VLAN Support v1.8
[STDERR  ] 2017-11-02T13:30:35.277000438Z: [    7.229692] 9pnet: Installing 9P2000 support
[STDERR  ] 2017-11-02T13:30:35.277008614Z: [    7.231600] Key type dns_resolver registered
[STDERR  ] 2017-11-02T13:30:35.277014108Z: [    7.232503] microcode: AMD CPU family 0x6 not supported
[STDERR  ] 2017-11-02T13:30:35.27701988Z: [    7.236283] registered taskstats version 1
[STDERR  ] 2017-11-02T13:30:35.277049135Z: [    7.407270] Key type big_key registered
[STDERR  ] 2017-11-02T13:30:35.277058851Z: [    7.424848] ata2: SATA link down (SStatus 0 SControl 300)
[STDERR  ] 2017-11-02T13:30:35.277068543Z: [    7.428164] ata1: SATA link up 1.5 Gbps (SStatus 113 SControl 300)
[STDERR  ] 2017-11-02T13:30:35.277078129Z: [    7.431443] ata5: SATA link down (SStatus 0 SControl 300)
[STDERR  ] 2017-11-02T13:30:35.277087436Z: [    7.431951] ata4: SATA link down (SStatus 0 SControl 300)
[STDERR  ] 2017-11-02T13:30:35.277096733Z: [    7.432509] ata3: SATA link up 1.5 Gbps (SStatus 113 SControl 300)
[STDERR  ] 2017-11-02T13:30:35.277105884Z: [    7.435208] ata3.00: ATAPI: QEMU DVD-ROM, 2.5+, max UDMA/100
[STDERR  ] 2017-11-02T13:30:35.277116196Z: [    7.435687] ata3.00: applying bridge limits
[STDERR  ] 2017-11-02T13:30:35.277126963Z: [    7.438123] ata3.00: configured for UDMA/100
[STDERR  ] 2017-11-02T13:30:35.277137504Z: [    7.441068] ata6: SATA link down (SStatus 0 SControl 300)
[STDERR  ] 2017-11-02T13:30:35.277147904Z: [    7.450995] ata1.00: ATA-7: QEMU HARDDISK, 2.5+, max UDMA/100
[STDERR  ] 2017-11-02T13:30:35.277158719Z: [    7.451436] ata1.00: 1048576 sectors, multi 16: LBA48 NCQ (depth 31/32)
[STDERR  ] 2017-11-02T13:30:35.277172361Z: [    7.451974] ata1.00: applying bridge limits
[STDERR  ] 2017-11-02T13:30:35.277182233Z: [    7.452726] ata1.00: configured for UDMA/100
[STDERR  ] 2017-11-02T13:30:35.277194103Z: [    7.463931] scsi 0:0:0:0: Direct-Access     ATA      QEMU HARDDISK    2.5+ PQ: 0 ANSI: 5
[STDERR  ] 2017-11-02T13:30:35.277209986Z: [    7.477666] sd 0:0:0:0: [sda] 1048576 512-byte logical blocks: (537 MB/512 MiB)
[STDERR  ] 2017-11-02T13:30:35.277219293Z: [    7.483105] sd 0:0:0:0: [sda] Write Protect is off
[STDERR  ] 2017-11-02T13:30:35.277228655Z: [    7.484126] sd 0:0:0:0: Attached scsi generic sg0 type 0
[STDERR  ] 2017-11-02T13:30:35.277237776Z: [    7.491231] sd 0:0:0:0: [sda] Write cache: enabled, read cache: enabled, doesn't support DPO or FUA
[STDERR  ] 2017-11-02T13:30:35.277249296Z: [    7.497426] scsi 2:0:0:0: CD-ROM            QEMU     QEMU DVD-ROM     2.5+ PQ: 0 ANSI: 5
[STDERR  ] 2017-11-02T13:30:35.277258998Z: [    7.522805] sr 2:0:0:0: [sr0] scsi3-mmc drive: 4x/4x cd/rw xa/form2 tray
[STDERR  ] 2017-11-02T13:30:35.277268248Z: [    7.523561] cdrom: Uniform CD-ROM driver Revision: 3.20
[STDERR  ] 2017-11-02T13:30:35.277278363Z: [    7.537863] sr 2:0:0:0: Attached scsi generic sg1 type 5
[STDERR  ] 2017-11-02T13:30:35.277287413Z: [    7.553312] sd 0:0:0:0: [sda] Attached SCSI disk
[STDERR  ] 2017-11-02T13:30:35.277296295Z: [    7.612147] Key type encrypted registered
[STDERR  ] 2017-11-02T13:30:35.277305548Z: [    7.618114] rtc_cmos 00:00: setting system clock to 2017-11-02 13:30:02 UTC (1509629402)
[STDERR  ] 2017-11-02T13:30:35.277315058Z: [    7.767261] Freeing unused kernel memory: 1380K
[STDERR  ] 2017-11-02T13:30:35.277324078Z: [    7.767645] Write protecting the kernel read-only data: 12288k
[STDERR  ] 2017-11-02T13:30:35.277332998Z: [    7.770948] tsc: Refined TSC clocksource calibration: 2600.020 MHz
[STDERR  ] 2017-11-02T13:30:35.27734219Z: [    7.771535] clocksource: tsc: mask: 0xffffffffffffffff max_cycles: 0x257a4f0e6a8, max_idle_ns: 440795321061 ns
[STDERR  ] 2017-11-02T13:30:35.277351428Z: [    7.776260] Freeing unused kernel memory: 124K
[STDERR  ] 2017-11-02T13:30:35.277360533Z: [    7.868793] Freeing unused kernel memory: 1392K
[STDERR  ] 2017-11-02T13:30:35.277375894Z: [    8.789036] clocksource: Switched to clocksource tsc
[STDERR  ] 2017-11-02T13:30:35.277387894Z: 
[STDERR  ] 2017-11-02T13:30:35.277397057Z: Welcome to LinuxKit
[STDERR  ] 2017-11-02T13:30:35.277407011Z: 
[STDERR  ] 2017-11-02T13:30:35.277415947Z:                         ##         .
[STDERR  ] 2017-11-02T13:30:35.277425021Z:                   ## ## ##        ==
[STDERR  ] 2017-11-02T13:30:35.277433567Z:                ## ## ## ## ##    ===
[STDERR  ] 2017-11-02T13:30:35.277442194Z:            /"""""""""""""""""\___/ ===
[STDERR  ] 2017-11-02T13:30:35.277450715Z:           {                       /  ===-
[STDERR  ] 2017-11-02T13:30:35.277459577Z:            \______ O           __/
[STDERR  ] 2017-11-02T13:30:35.277468237Z:              \    \         __/
[STDERR  ] 2017-11-02T13:30:35.277477085Z:               \____\_______/
[STDERR  ] 2017-11-02T13:30:35.277486647Z: 
[STDERR  ] 2017-11-02T13:30:35.277499212Z: [   19.864608] IPVS: Creating netns size=2104 id=1
[STDERR  ] 2017-11-02T13:30:35.277516934Z: [   19.865222] IPVS: ftp: loaded support on port[0] = 21
[STDERR  ] 2017-11-02T13:30:35.277526951Z: 2017/11/02 13:30:15 Creating partition on /dev/sda
[STDERR  ] 2017-11-02T13:30:35.27753653Z: [   21.229375] random: fast init done
[STDERR  ] 2017-11-02T13:30:35.277547846Z: [   21.306871]  sda:
[STDERR  ] 2017-11-02T13:30:35.277557846Z: [   21.383244]  sda:
[STDERR  ] 2017-11-02T13:30:35.277567304Z: [   21.413776]  sda: sda1
[STDERR  ] 2017-11-02T13:30:35.27757695Z: [   21.502212]  sda: sda1
[STDERR  ] 2017-11-02T13:30:35.277586786Z: 2017/11/02 13:30:17 Partition /dev/sda1 successfully created!
[STDERR  ] 2017-11-02T13:30:35.277596561Z: [   24.259390] IPVS: Creating netns size=2104 id=2
[STDERR  ] 2017-11-02T13:30:35.277606234Z: [   24.259945] IPVS: ftp: loaded support on port[0] = 21
[STDERR  ] 2017-11-02T13:30:35.277615523Z: [   25.483748] EXT4-fs (sda1): couldn't mount as ext3 due to feature incompatibilities
[STDERR  ] 2017-11-02T13:30:35.277625058Z: [   25.493644] EXT4-fs (sda1): couldn't mount as ext2 due to feature incompatibilities
[STDERR  ] 2017-11-02T13:30:35.277634394Z: [   25.521770] EXT4-fs (sda1): mounted filesystem with ordered data mode. Opts: (null)
[STDERR  ] 2017-11-02T13:30:35.277651841Z: format_mount test suite PASSED
[STDERR  ] 2017-11-02T13:30:35.277661858Z: [   31.082519] random: crng init done
[STDERR  ] 2017-11-02T13:30:35.277671561Z: [   39.470423] sd 0:0:0:0: [sda] Synchronizing SCSI cache
[STDERR  ] 2017-11-02T13:30:35.277680836Z: [   39.471393] sd 0:0:0:0: [sda] Stopping disk
[STDERR  ] 2017-11-02T13:30:35.277693752Z: [   39.474861] ACPI: Preparing to enter system sleep state S5
[STDERR  ] 2017-11-02T13:30:35.277703343Z: [   39.476301] reboot: Power down
[STDERR  ] 2017-11-02T13:30:35.277713015Z: + echo [    0.000000] Linux version 4.9.59-linuxkit (root@01324b49428a) (gcc version 6.3.0 (Alpine 6.3.0) ) #1 SMP Sat Oct 28 17:03:21 UTC 2017
[STDERR  ] 2017-11-02T13:30:35.277723463Z: [    0.000000] Command line: console=ttyS0
[STDERR  ] 2017-11-02T13:30:35.277733043Z: [    0.000000] x86/fpu: Legacy x87 FPU detected.
[STDERR  ] 2017-11-02T13:30:35.277742362Z: [    0.000000] x86/fpu: Using 'eager' FPU context switches.
[STDERR  ] 2017-11-02T13:30:35.27775398Z: [    0.000000] e820: BIOS-provided physical RAM map:
[STDERR  ] 2017-11-02T13:30:35.2777636Z: [    0.000000] BIOS-e820: [mem 0x0000000000000000-0x000000000009fbff] usable
[STDERR  ] 2017-11-02T13:30:35.277773417Z: [    0.000000] BIOS-e820: [mem 0x000000000009fc00-0x000000000009ffff] reserved
[STDERR  ] 2017-11-02T13:30:35.277782975Z: [    0.000000] BIOS-e820: [mem 0x00000000000f0000-0x00000000000fffff] reserved
[STDERR  ] 2017-11-02T13:30:35.277794679Z: [    0.000000] BIOS-e820: [mem 0x0000000000100000-0x000000003ffdefff] usable
[STDERR  ] 2017-11-02T13:30:35.277804547Z: [    0.000000] BIOS-e820: [mem 0x000000003ffdf000-0x000000003fffffff] reserved
[STDERR  ] 2017-11-02T13:30:35.277814092Z: [    0.000000] BIOS-e820: [mem 0x00000000b0000000-0x00000000bfffffff] reserved
[STDERR  ] 2017-11-02T13:30:35.277828055Z: [    0.000000] BIOS-e820: [mem 0x00000000fed1c000-0x00000000fed1ffff] reserved
[STDERR  ] 2017-11-02T13:30:35.277838333Z: [    0.000000] BIOS-e820: [mem 0x00000000fffc0000-0x00000000ffffffff] reserved
[STDERR  ] 2017-11-02T13:30:35.277848248Z: [    0.000000] NX (Execute Disable) protection: active
[STDERR  ] 2017-11-02T13:30:35.277859098Z: [    0.000000] SMBIOS 2.8 present.
[STDERR  ] 2017-11-02T13:30:35.277873226Z: [    0.000000] e820: last_pfn = 0x3ffdf max_arch_pfn = 0x400000000
[STDERR  ] 2017-11-02T13:30:35.277882944Z: [    0.000000] x86/PAT: Configuration [0-7]: WB  WC  UC- UC  WB  WC  UC- WT  
[STDERR  ] 2017-11-02T13:30:35.277891879Z: [    0.000000] found SMP MP-table at [mem 0x000f6aa0-0x000f6aaf] mapped at [ffff9e91800f6aa0]
[STDERR  ] 2017-11-02T13:30:35.277900894Z: [    0.000000] RAMDISK: [mem 0x3e03e000-0x3ffcffff]
[STDERR  ] 2017-11-02T13:30:35.277910286Z: [    0.000000] ACPI: Early table checksum verification disabled
[STDERR  ] 2017-11-02T13:30:35.277920144Z: [    0.000000] ACPI: RSDP 0x00000000000F68C0 000014 (v00 BOCHS )
[STDERR  ] 2017-11-02T13:30:35.277929656Z: [    0.000000] ACPI: RSDT 0x000000003FFE2404 000034 (v01 BOCHS  BXPCRSDT 00000001 BXPC 00000001)
[STDERR  ] 2017-11-02T13:30:35.277939251Z: [    0.000000] ACPI: FACP 0x000000003FFE22A4 000074 (v01 BOCHS  BXPCFACP 00000001 BXPC 00000001)
[STDERR  ] 2017-11-02T13:30:35.277948692Z: [    0.000000] ACPI: DSDT 0x000000003FFE0040 002264 (v01 BOCHS  BXPCDSDT 00000001 BXPC 00000001)
[STDERR  ] 2017-11-02T13:30:35.277958466Z: [    0.000000] ACPI: FACS 0x000000003FFE0000 000040
[STDERR  ] 2017-11-02T13:30:35.277968331Z: [    0.000000] ACPI: APIC 0x000000003FFE2318 000078 (v01 BOCHS  BXPCAPIC 00000001 BXPC 00000001)
[STDERR  ] 2017-11-02T13:30:35.277977814Z: [    0.000000] ACPI: HPET 0x000000003FFE2390 000038 (v01 BOCHS  BXPCHPET 00000001 BXPC 00000001)
[STDERR  ] 2017-11-02T13:30:35.277987149Z: [    0.000000] ACPI: MCFG 0x000000003FFE23C8 00003C (v01 BOCHS  BXPCMCFG 00000001 BXPC 00000001)
[STDERR  ] 2017-11-02T13:30:35.278000583Z: [    0.000000] Zone ranges:
[STDERR  ] 2017-11-02T13:30:35.278010613Z: [    0.000000]   DMA      [mem 0x0000000000001000-0x0000000000ffffff]
[STDERR  ] 2017-11-02T13:30:35.278025755Z: [    0.000000]   DMA32    [mem 0x0000000001000000-0x000000003ffdefff]
[STDERR  ] 2017-11-02T13:30:35.278036118Z: [    0.000000]   Normal   empty
[STDERR  ] 2017-11-02T13:30:35.278045673Z: [    0.000000] Movable zone start for each node
[STDERR  ] 2017-11-02T13:30:35.278059698Z: [    0.000000] Early memory node ranges
[STDERR  ] 2017-11-02T13:30:35.278069655Z: [    0.000000]   node   0: [mem 0x0000000000001000-0x000000000009efff]
[STDERR  ] 2017-11-02T13:30:35.278078603Z: [    0.000000]   node   0: [mem 0x0000000000100000-0x000000003ffdefff]
[STDERR  ] 2017-11-02T13:30:35.27809096Z: [    0.000000] Initmem setup node 0 [mem 0x0000000000001000-0x000000003ffdefff]
[STDERR  ] 2017-11-02T13:30:35.27809974Z: [    0.000000] ACPI: PM-Timer IO Port: 0x608
[STDERR  ] 2017-11-02T13:30:35.278108565Z: [    0.000000] ACPI: LAPIC_NMI (acpi_id[0xff] dfl dfl lint[0x1])
[STDERR  ] 2017-11-02T13:30:35.27811767Z: [    0.000000] IOAPIC[0]: apic_id 0, version 32, address 0xfec00000, GSI 0-23
[STDERR  ] 2017-11-02T13:30:35.278126827Z: [    0.000000] ACPI: INT_SRC_OVR (bus 0 bus_irq 0 global_irq 2 dfl dfl)
[STDERR  ] 2017-11-02T13:30:35.27813636Z: [    0.000000] ACPI: INT_SRC_OVR (bus 0 bus_irq 5 global_irq 5 high level)
[STDERR  ] 2017-11-02T13:30:35.278145443Z: [    0.000000] ACPI: INT_SRC_OVR (bus 0 bus_irq 9 global_irq 9 high level)
[STDERR  ] 2017-11-02T13:30:35.278154913Z: [    0.000000] ACPI: INT_SRC_OVR (bus 0 bus_irq 10 global_irq 10 high level)
[STDERR  ] 2017-11-02T13:30:35.27816475Z: [    0.000000] ACPI: INT_SRC_OVR (bus 0 bus_irq 11 global_irq 11 high level)
[STDERR  ] 2017-11-02T13:30:35.278174546Z: [    0.000000] Using ACPI (MADT) for SMP configuration information
[STDERR  ] 2017-11-02T13:30:35.278184552Z: [    0.000000] ACPI: HPET id: 0x8086a201 base: 0xfed00000
[STDERR  ] 2017-11-02T13:30:35.278194316Z: [    0.000000] smpboot: Allowing 1 CPUs, 0 hotplug CPUs
[STDERR  ] 2017-11-02T13:30:35.278210929Z: [    0.000000] e820: [mem 0x40000000-0xafffffff] available for PCI devices
[STDERR  ] 2017-11-02T13:30:35.278220252Z: [    0.000000] Booting paravirtualized kernel on bare hardware
[STDERR  ] 2017-11-02T13:30:35.278229502Z: [    0.000000] clocksource: refined-jiffies: mask: 0xffffffff max_cycles: 0xffffffff, max_idle_ns: 19112604462750000 ns
[STDERR  ] 2017-11-02T13:30:35.278240024Z: [    0.000000] setup_percpu: NR_CPUS:128 nr_cpumask_bits:128 nr_cpu_ids:1 nr_node_ids:1
[STDERR  ] 2017-11-02T13:30:35.278249232Z: [    0.000000] percpu: Embedded 35 pages/cpu @ffff9e91bde00000 s105240 r8192 d29928 u2097152
[STDERR  ] 2017-11-02T13:30:35.278258824Z: [    0.000000] Built 1 zonelists in Zone order, mobility grouping on.  Total pages: 257896
[STDERR  ] 2017-11-02T13:30:35.27827153Z: [    0.000000] Kernel command line: console=ttyS0
[STDERR  ] 2017-11-02T13:30:35.278281417Z: [    0.000000] PID hash table entries: 4096 (order: 3, 32768 bytes)
[STDERR  ] 2017-11-02T13:30:35.2782904Z: [    0.000000] Dentry cache hash table entries: 131072 (order: 8, 1048576 bytes)
[STDERR  ] 2017-11-02T13:30:35.278299304Z: [    0.000000] Inode-cache hash table entries: 65536 (order: 7, 524288 bytes)
[STDERR  ] 2017-11-02T13:30:35.278308826Z: [    0.000000] Memory: 981844K/1048052K available (8053K kernel code, 1367K rwdata, 2704K rodata, 1380K init, 568K bss, 66208K reserved, 0K cma-reserved)
[STDERR  ] 2017-11-02T13:30:35.278317239Z: [    0.000000] Hierarchical RCU implementation.
[STDERR  ] 2017-11-02T13:30:35.278326258Z: [    0.000000] 	Build-time adjustment of leaf fanout to 64.
[STDERR  ] 2017-11-02T13:30:35.278335548Z: [    0.000000] 	RCU restricting CPUs from NR_CPUS=128 to nr_cpu_ids=1.
[STDERR  ] 2017-11-02T13:30:35.278341575Z: [    0.000000] RCU: Adjusting geometry for rcu_fanout_leaf=64, nr_cpu_ids=1
[STDERR  ] 2017-11-02T13:30:35.278347023Z: [    0.000000] NR_IRQS:8448 nr_irqs:256 16
[STDERR  ] 2017-11-02T13:30:35.278352526Z: [    0.000000] Console: colour VGA+ 80x25
[STDERR  ] 2017-11-02T13:30:35.278358078Z: [    0.000000] console [ttyS0] enabled
[STDERR  ] 2017-11-02T13:30:35.278363776Z: [    0.000000] clocksource: hpet: mask: 0xffffffff max_cycles: 0xffffffff, max_idle_ns: 19112604467 ns
[STDERR  ] 2017-11-02T13:30:35.278373799Z: [    0.000000] tsc: Fast TSC calibration using PIT
[STDERR  ] 2017-11-02T13:30:35.278379813Z: [    0.000000] tsc: Detected 2600.012 MHz processor
[STDERR  ] 2017-11-02T13:30:35.278385359Z: [    0.032496] Calibrating delay loop (skipped), value calculated using timer frequency.. 5200.02 BogoMIPS (lpj=26000120)
[STDERR  ] 2017-11-02T13:30:35.278391498Z: [    0.033743] pid_max: default: 32768 minimum: 301
[STDERR  ] 2017-11-02T13:30:35.278397091Z: [    0.034921] ACPI: Core revision 20160831
[STDERR  ] 2017-11-02T13:30:35.278402771Z: [    0.076718] ACPI: 1 ACPI AML tables successfully acquired and loaded
[STDERR  ] 2017-11-02T13:30:35.278408229Z: [    0.081885] Security Framework initialized
[STDERR  ] 2017-11-02T13:30:35.278413876Z: [    0.082351] Yama: becoming mindful.
[STDERR  ] 2017-11-02T13:30:35.278419301Z: [    0.084459] Mount-cache hash table entries: 2048 (order: 2, 16384 bytes)
[STDERR  ] 2017-11-02T13:30:35.278424826Z: [    0.085030] Mountpoint-cache hash table entries: 2048 (order: 2, 16384 bytes)
[STDERR  ] 2017-11-02T13:30:35.278433005Z: [    0.104107] Last level iTLB entries: 4KB 0, 2MB 0, 4MB 0
[STDERR  ] 2017-11-02T13:30:35.278440491Z: [    0.104593] Last level dTLB entries: 4KB 0, 2MB 0, 4MB 0, 1GB 0
[STDERR  ] 2017-11-02T13:30:35.278446031Z: [    0.407063] Freeing SMP alternatives memory: 20K
[STDERR  ] 2017-11-02T13:30:35.278451573Z: [    0.417180] ftrace: allocating 35584 entries in 140 pages
[STDERR  ] 2017-11-02T13:30:35.278457129Z: [    0.577343] smpboot: Max logical packages: 1
[STDERR  ] 2017-11-02T13:30:35.278462738Z: [    0.585228] ..TIMER: vector=0x30 apic1=0 pin1=2 apic2=-1 pin2=-1
[STDERR  ] 2017-11-02T13:30:35.278468251Z: [    0.690000] smpboot: CPU0: AMD QEMU Virtual CPU version 2.5+ (family: 0x6, model: 0x6, stepping: 0x3)
[STDERR  ] 2017-11-02T13:30:35.278477902Z: [    0.690000] Performance Events: PMU not available due to virtualization, using software events only.
[STDERR  ] 2017-11-02T13:30:35.27848355Z: [    0.698290] NMI watchdog: disabled (cpu0): hardware events not enabled
[STDERR  ] 2017-11-02T13:30:35.278489102Z: [    0.698799] NMI watchdog: Shutting down hard lockup detector on all cpus
[STDERR  ] 2017-11-02T13:30:35.27849465Z: [    0.702871] x86: Booted up 1 node, 1 CPUs
[STDERR  ] 2017-11-02T13:30:35.278500228Z: [    0.703293] smpboot: Total of 1 processors activated (5200.02 BogoMIPS)
[STDERR  ] 2017-11-02T13:30:35.278512155Z: [    0.716663] devtmpfs: initialized
[STDERR  ] 2017-11-02T13:30:35.278518465Z: [    0.723636] x86/mm: Memory block size: 128MB
[STDERR  ] 2017-11-02T13:30:35.278523994Z: [    0.785383] clocksource: jiffies: mask: 0xffffffff max_cycles: 0xffffffff, max_idle_ns: 19112604462750000 ns
[STDERR  ] 2017-11-02T13:30:35.27852976Z: [    0.786335] futex hash table entries: 256 (order: 2, 16384 bytes)
[STDERR  ] 2017-11-02T13:30:35.278538857Z: [    0.796315] NET: Registered protocol family 16
[STDERR  ] 2017-11-02T13:30:35.278547697Z: [    0.806033] cpuidle: using governor ladder
[STDERR  ] 2017-11-02T13:30:35.278555358Z: [    0.806583] cpuidle: using governor menu
[STDERR  ] 2017-11-02T13:30:35.27856096Z: [    0.807786] ACPI: bus type PCI registered
[STDERR  ] 2017-11-02T13:30:35.278568717Z: [    0.810740] PCI: MMCONFIG for domain 0000 [bus 00-ff] at [mem 0xb0000000-0xbfffffff] (base 0xb0000000)
[STDERR  ] 2017-11-02T13:30:35.278574517Z: [    0.812884] PCI: MMCONFIG at [mem 0xb0000000-0xbfffffff] reserved in E820
[STDERR  ] 2017-11-02T13:30:35.278580067Z: [    0.814261] PCI: Using configuration type 1 for base access
[STDERR  ] 2017-11-02T13:30:35.278585542Z: [    0.870113] HugeTLB registered 2 MB page size, pre-allocated 0 pages
[STDERR  ] 2017-11-02T13:30:35.278590998Z: [    0.881850] ACPI: Added _OSI(Module Device)
[STDERR  ] 2017-11-02T13:30:35.278596575Z: [    0.882234] ACPI: Added _OSI(Processor Device)
[STDERR  ] 2017-11-02T13:30:35.278602165Z: [    0.882425] ACPI: Added _OSI(3.0 _SCP Extensions)
[STDERR  ] 2017-11-02T13:30:35.278611627Z: [    0.882722] ACPI: Added _OSI(Processor Aggregator Device)
[STDERR  ] 2017-11-02T13:30:35.278620082Z: [    0.957008] ACPI: Interpreter enabled
[STDERR  ] 2017-11-02T13:30:35.278625697Z: [    0.958025] ACPI: (supports S0 S5)
[STDERR  ] 2017-11-02T13:30:35.278631728Z: [    0.958351] ACPI: Using IOAPIC for interrupt routing
[STDERR  ] 2017-11-02T13:30:35.278640599Z: [    0.961503] PCI: Using host bridge windows from ACPI; if necessary, use "pci=nocrs" and report a bug
[STDERR  ] 2017-11-02T13:30:35.278649494Z: [    1.024766] ACPI: PCI Root Bridge [PCI0] (domain 0000 [bus 00-ff])
[STDERR  ] 2017-11-02T13:30:35.278659341Z: [    1.025699] acpi PNP0A08:00: _OSC: OS supports [ExtendedConfig ASPM ClockPM Segments MSI]
[STDERR  ] 2017-11-02T13:30:35.278669249Z: [    1.032952] acpi PNP0A08:00: _OSC: OS now controls [PCIeHotplug PME PCIeCapability]
[STDERR  ] 2017-11-02T13:30:35.278677101Z: [    1.036707] PCI host bridge to bus 0000:00
[STDERR  ] 2017-11-02T13:30:35.278682663Z: [    1.037171] pci_bus 0000:00: root bus resource [io  0x0000-0x0cf7 window]
[STDERR  ] 2017-11-02T13:30:35.278690769Z: [    1.037662] pci_bus 0000:00: root bus resource [io  0x0d00-0xffff window]
[STDERR  ] 2017-11-02T13:30:35.278696709Z: [    1.038114] pci_bus 0000:00: root bus resource [mem 0x000a0000-0x000bffff window]
[STDERR  ] 2017-11-02T13:30:35.278702134Z: [    1.038577] pci_bus 0000:00: root bus resource [mem 0xc0000000-0xfebfffff window]
[STDERR  ] 2017-11-02T13:30:35.278707651Z: [    1.039251] pci_bus 0000:00: root bus resource [bus 00-ff]
[STDERR  ] 2017-11-02T13:30:35.278713259Z: [    1.145536] pci 0000:00:1f.0: quirk: [io  0x0600-0x067f] claimed by ICH6 ACPI/GPIO/TCO
[STDERR  ] 2017-11-02T13:30:35.278718857Z: [    1.210365] ACPI: PCI Interrupt Link [LNKA] (IRQs 5 *10 11)
[STDERR  ] 2017-11-02T13:30:35.278724489Z: [    1.213241] ACPI: PCI Interrupt Link [LNKB] (IRQs 5 *10 11)
[STDERR  ] 2017-11-02T13:30:35.278734439Z: [    1.215531] ACPI: PCI Interrupt Link [LNKC] (IRQs 5 10 *11)
[STDERR  ] 2017-11-02T13:30:35.278742386Z: [    1.217477] ACPI: PCI Interrupt Link [LNKD] (IRQs 5 10 *11)
[STDERR  ] 2017-11-02T13:30:35.278748196Z: [    1.219271] ACPI: PCI Interrupt Link [LNKE] (IRQs 5 *10 11)
[STDERR  ] 2017-11-02T13:30:35.278753789Z: [    1.221694] ACPI: PCI Interrupt Link [LNKF] (IRQs 5 *10 11)
[STDERR  ] 2017-11-02T13:30:35.278759359Z: [    1.223560] ACPI: PCI Interrupt Link [LNKG] (IRQs 5 10 *11)
[STDERR  ] 2017-11-02T13:30:35.278765039Z: [    1.225456] ACPI: PCI Interrupt Link [LNKH] (IRQs 5 10 *11)
[STDERR  ] 2017-11-02T13:30:35.278770653Z: [    1.226448] ACPI: PCI Interrupt Link [GSIA] (IRQs *16)
[STDERR  ] 2017-11-02T13:30:35.278778141Z: [    1.227242] ACPI: PCI Interrupt Link [GSIB] (IRQs *17)
[STDERR  ] 2017-11-02T13:30:35.278783684Z: [    1.227958] ACPI: PCI Interrupt Link [GSIC] (IRQs *18)
[STDERR  ] 2017-11-02T13:30:35.278789337Z: [    1.228648] ACPI: PCI Interrupt Link [GSID] (IRQs *19)
[STDERR  ] 2017-11-02T13:30:35.278794868Z: [    1.229371] ACPI: PCI Interrupt Link [GSIE] (IRQs *20)
[STDERR  ] 2017-11-02T13:30:35.278800336Z: [    1.230602] ACPI: PCI Interrupt Link [GSIF] (IRQs *21)
[STDERR  ] 2017-11-02T13:30:35.278805815Z: [    1.231340] ACPI: PCI Interrupt Link [GSIG] (IRQs *22)
[STDERR  ] 2017-11-02T13:30:35.278811216Z: [    1.232083] ACPI: PCI Interrupt Link [GSIH] (IRQs *23)
[STDERR  ] 2017-11-02T13:30:35.278816588Z: [    1.235786] ACPI: Enabled 2 GPEs in block 00 to 3F
[STDERR  ] 2017-11-02T13:30:35.278822103Z: [    1.242189] SCSI subsystem initialized
[STDERR  ] 2017-11-02T13:30:35.278827588Z: [    1.244282] ACPI: bus type USB registered
[STDERR  ] 2017-11-02T13:30:35.278833098Z: [    1.245438] usbcore: registered new interface driver usbfs
[STDERR  ] 2017-11-02T13:30:35.27883853Z: [    1.246475] usbcore: registered new interface driver hub
[STDERR  ] 2017-11-02T13:30:35.278843978Z: [    1.247358] usbcore: registered new device driver usb
[STDERR  ] 2017-11-02T13:30:35.278849553Z: [    1.248590] pps_core: LinuxPPS API ver. 1 registered
[STDERR  ] 2017-11-02T13:30:35.278855095Z: [    1.248916] pps_core: Software ver. 5.3.6 - Copyright 2005-2007 Rodolfo Giometti <giometti@linux.it>
[STDERR  ] 2017-11-02T13:30:35.278863898Z: [    1.249718] PTP clock support registered
[STDERR  ] 2017-11-02T13:30:35.278869832Z: [    1.251067] wmi: Mapper loaded
[STDERR  ] 2017-11-02T13:30:35.27887536Z: [    1.252243] PCI: Using ACPI for IRQ routing
[STDERR  ] 2017-11-02T13:30:35.278880903Z: [    1.270538] NetLabel: Initializing
[STDERR  ] 2017-11-02T13:30:35.278886306Z: [    1.270842] NetLabel:  domain hash size = 128
[STDERR  ] 2017-11-02T13:30:35.278891973Z: [    1.271146] NetLabel:  protocols = UNLABELED CIPSOv4
[STDERR  ] 2017-11-02T13:30:35.278897456Z: [    1.274001] NetLabel:  unlabeled traffic allowed by default
[STDERR  ] 2017-11-02T13:30:35.278902925Z: [    1.275273] HPET: 3 timers in total, 0 timers will be used for per-cpu timer
[STDERR  ] 2017-11-02T13:30:35.278908458Z: [    1.276015] hpet0: at MMIO 0xfed00000, IRQs 2, 8, 0
[STDERR  ] 2017-11-02T13:30:35.278913898Z: [    1.276661] hpet0: 3 comparators, 64-bit 100.000000 MHz counter
[STDERR  ] 2017-11-02T13:30:35.278919495Z: [    1.281705] clocksource: Switched to clocksource hpet
[STDERR  ] 2017-11-02T13:30:35.278924985Z: [    1.551393] VFS: Disk quotas dquot_6.6.0
[STDERR  ] 2017-11-02T13:30:35.278930282Z: [    1.552440] VFS: Dquot-cache hash table entries: 512 (order 0, 4096 bytes)
[STDERR  ] 2017-11-02T13:30:35.278935778Z: [    1.556373] FS-Cache: Loaded
[STDERR  ] 2017-11-02T13:30:35.278941368Z: [    1.562161] CacheFiles: Loaded
[STDERR  ] 2017-11-02T13:30:35.278946978Z: [    1.563962] pnp: PnP ACPI init
[STDERR  ] 2017-11-02T13:30:35.278952432Z: [    1.575283] pnp: PnP ACPI: found 5 devices
[STDERR  ] 2017-11-02T13:30:35.278957974Z: [    1.625994] clocksource: acpi_pm: mask: 0xffffff max_cycles: 0xffffff, max_idle_ns: 2085701024 ns
[STDERR  ] 2017-11-02T13:30:35.278963681Z: [    1.630646] NET: Registered protocol family 2
[STDERR  ] 2017-11-02T13:30:35.278972715Z: [    1.637981] TCP established hash table entries: 8192 (order: 4, 65536 bytes)
[STDERR  ] 2017-11-02T13:30:35.278978407Z: [    1.638820] TCP bind hash table entries: 8192 (order: 5, 131072 bytes)
[STDERR  ] 2017-11-02T13:30:35.278983839Z: [    1.639605] TCP: Hash tables configured (established 8192 bind 8192)
[STDERR  ] 2017-11-02T13:30:35.278989215Z: [    1.642410] UDP hash table entries: 512 (order: 2, 16384 bytes)
[STDERR  ] 2017-11-02T13:30:35.278996484Z: [    1.643057] UDP-Lite hash table entries: 512 (order: 2, 16384 bytes)
[STDERR  ] 2017-11-02T13:30:35.279004012Z: [    1.645588] NET: Registered protocol family 1
[STDERR  ] 2017-11-02T13:30:35.279009647Z: [    1.646589] pci 0000:00:01.0: Video device with shadowed ROM at [mem 0x000c0000-0x000dffff]
[STDERR  ] 2017-11-02T13:30:35.279015277Z: [    1.653847] Unpacking initramfs...
[STDERR  ] 2017-11-02T13:30:35.279020931Z: [    6.719806] Freeing initrd memory: 32328K
[STDERR  ] 2017-11-02T13:30:35.279026444Z: [    6.747517] PCLMULQDQ-NI instructions are not detected.
[STDERR  ] 2017-11-02T13:30:35.279032004Z: [    6.749143] AVX or AES-NI instructions are not detected.
[STDERR  ] 2017-11-02T13:30:35.279037507Z: [    6.749649] CPU feature 'AVX registers' is not supported.
[STDERR  ] 2017-11-02T13:30:35.279043067Z: [    6.750494] CPU feature 'AVX registers' is not supported.
[STDERR  ] 2017-11-02T13:30:35.279048564Z: [    6.750916] CPU feature 'AVX registers' is not supported.
[STDERR  ] 2017-11-02T13:30:35.279054142Z: [    6.751455] CPU feature 'AVX registers' is not supported.
[STDERR  ] 2017-11-02T13:30:35.279059581Z: [    6.751894] AVX2 or AES-NI instructions are not detected.
[STDERR  ] 2017-11-02T13:30:35.279065041Z: [    6.752314] AVX2 instructions are not detected.
[STDERR  ] 2017-11-02T13:30:35.279070454Z: [    6.758625] audit: initializing netlink subsys (disabled)
[STDERR  ] 2017-11-02T13:30:35.279077577Z: [    6.763059] audit: type=2000 audit(1509629400.760:1): initialized
[STDERR  ] 2017-11-02T13:30:35.279083307Z: [    6.771463] workingset: timestamp_bits=46 max_order=18 bucket_order=0
[STDERR  ] 2017-11-02T13:30:35.279089327Z: [    6.778891] squashfs: version 4.0 (2009/01/31) Phillip Lougher
[STDERR  ] 2017-11-02T13:30:35.279104951Z: [    6.782524] FS-Cache: Netfs 'cifs' registered for caching
[STDERR  ] 2017-11-02T13:30:35.279116936Z: [    6.783621] fuse init (API version 7.26)
[STDERR  ] 2017-11-02T13:30:35.279130023Z: [    6.786242] SGI XFS with ACLs, security attributes, no debug enabled
[STDERR  ] 2017-11-02T13:30:35.279142243Z: [    6.790628] 9p: Installing v9fs 9p2000 file system support
[STDERR  ] 2017-11-02T13:30:35.279148116Z: [    6.791230] FS-Cache: Netfs '9p' registered for caching
[STDERR  ] 2017-11-02T13:30:35.279153523Z: [    6.827830] NET: Registered protocol family 38
[STDERR  ] 2017-11-02T13:30:35.279159001Z: [    6.828372] Key type asymmetric registered
[STDERR  ] 2017-11-02T13:30:35.279164466Z: [    6.828729] Asymmetric key parser 'x509' registered
[STDERR  ] 2017-11-02T13:30:35.279169893Z: [    6.829855] Block layer SCSI generic (bsg) driver version 0.4 loaded (major 251)
[STDERR  ] 2017-11-02T13:30:35.279175501Z: [    6.834288] io scheduler noop registered
[STDERR  ] 2017-11-02T13:30:35.279180911Z: [    6.834656] io scheduler deadline registered (default)
[STDERR  ] 2017-11-02T13:30:35.279186456Z: [    6.835543] io scheduler cfq registered
[STDERR  ] 2017-11-02T13:30:35.279191964Z: [    6.838271] pci_hotplug: PCI Hot Plug PCI Core version: 0.5
[STDERR  ] 2017-11-02T13:30:35.279197501Z: [    6.838963] pciehp: PCI Express Hot Plug Controller Driver version: 0.4
[STDERR  ] 2017-11-02T13:30:35.279202993Z: [    6.839915] shpchp: Standard Hot Plug PCI Controller Driver version: 0.4
[STDERR  ] 2017-11-02T13:30:35.279208414Z: [    6.842011] hv_vmbus: registering driver hyperv_fb
[STDERR  ] 2017-11-02T13:30:35.279213903Z: [    6.847127] input: Power Button as /devices/LNXSYSTM:00/LNXPWRBN:00/input/input0
[STDERR  ] 2017-11-02T13:30:35.279219523Z: [    6.848304] ACPI: Power Button [PWRF]
[STDERR  ] 2017-11-02T13:30:35.279229418Z: [    6.853748] GHES: HEST is not enabled!
[STDERR  ] 2017-11-02T13:30:35.279235626Z: [    6.865087] ACPI: PCI Interrupt Link [GSIG] enabled at IRQ 22
[STDERR  ] 2017-11-02T13:30:35.279247216Z: [    6.877805] ACPI: PCI Interrupt Link [GSIH] enabled at IRQ 23
[STDERR  ] 2017-11-02T13:30:35.279256098Z: [    6.882309] xenfs: not registering filesystem on non-xen platform
[STDERR  ] 2017-11-02T13:30:35.279264526Z: [    6.884479] Serial: 8250/16550 driver, 4 ports, IRQ sharing disabled
[STDERR  ] 2017-11-02T13:30:35.279273555Z: [    6.909916] 00:04: ttyS0 at I/O 0x3f8 (irq = 4, base_baud = 115200) is a 16550A
[STDERR  ] 2017-11-02T13:30:35.27928244Z: [    6.923191] Non-volatile memory driver v1.3
[STDERR  ] 2017-11-02T13:30:35.279291272Z: [    6.931405] Hangcheck: starting hangcheck timer 0.9.1 (tick is 180 seconds, margin is 60 seconds).
[STDERR  ] 2017-11-02T13:30:35.279297137Z: [    6.969648] loop: module loaded
[STDERR  ] 2017-11-02T13:30:35.279302899Z: [    6.986255] nbd: registered device at major 43
[STDERR  ] 2017-11-02T13:30:35.279308359Z: [    7.030013] lpc_ich 0000:00:1f.0: I/O space for GPIO uninitialized
[STDERR  ] 2017-11-02T13:30:35.279313817Z: [    7.033072] VMware PVSCSI driver - version 1.0.7.0-k
[STDERR  ] 2017-11-02T13:30:35.279319345Z: [    7.034073] hv_vmbus: registering driver hv_storvsc
[STDERR  ] 2017-11-02T13:30:35.279324725Z: [    7.044482] ACPI: PCI Interrupt Link [GSIA] enabled at IRQ 16
[STDERR  ] 2017-11-02T13:30:35.279330103Z: [    7.050987] ahci 0000:00:1f.2: AHCI 0001.0000 32 slots 6 ports 1.5 Gbps 0x3f impl SATA mode
[STDERR  ] 2017-11-02T13:30:35.279335685Z: [    7.051951] ahci 0000:00:1f.2: flags: 64bit ncq only 
[STDERR  ] 2017-11-02T13:30:35.279341075Z: [    7.073628] scsi host0: ahci
[STDERR  ] 2017-11-02T13:30:35.279346615Z: [    7.079053] scsi host1: ahci
[STDERR  ] 2017-11-02T13:30:35.279352052Z: [    7.082870] scsi host2: ahci
[STDERR  ] 2017-11-02T13:30:35.279357529Z: [    7.085416] scsi host3: ahci
[STDERR  ] 2017-11-02T13:30:35.279362925Z: [    7.087791] scsi host4: ahci
[STDERR  ] 2017-11-02T13:30:35.279370375Z: [    7.090348] scsi host5: ahci
[STDERR  ] 2017-11-02T13:30:35.279379759Z: [    7.092238] ata1: SATA max UDMA/133 abar m4096@0xfebd2000 port 0xfebd2100 irq 24
[STDERR  ] 2017-11-02T13:30:35.279385679Z: [    7.092750] ata2: SATA max UDMA/133 abar m4096@0xfebd2000 port 0xfebd2180 irq 24
[STDERR  ] 2017-11-02T13:30:35.279391185Z: [    7.093213] ata3: SATA max UDMA/133 abar m4096@0xfebd2000 port 0xfebd2200 irq 24
[STDERR  ] 2017-11-02T13:30:35.279396777Z: [    7.093594] ata4: SATA max UDMA/133 abar m4096@0xfebd2000 port 0xfebd2280 irq 24
[STDERR  ] 2017-11-02T13:30:35.279402265Z: [    7.094023] ata5: SATA max UDMA/133 abar m4096@0xfebd2000 port 0xfebd2300 irq 24
[STDERR  ] 2017-11-02T13:30:35.279407719Z: [    7.094478] ata6: SATA max UDMA/133 abar m4096@0xfebd2000 port 0xfebd2380 irq 24
[STDERR  ] 2017-11-02T13:30:35.279415725Z: [    7.108451] tun: Universal TUN/TAP device driver, 1.6
[STDERR  ] 2017-11-02T13:30:35.279421267Z: [    7.108887] tun: (C) 1999-2004 Max Krasnyansky <maxk@qualcomm.com>
[STDERR  ] 2017-11-02T13:30:35.279428761Z: [    7.119792] VMware vmxnet3 virtual NIC driver - version 1.4.a.0-k-NAPI
[STDERR  ] 2017-11-02T13:30:35.279434224Z: [    7.121094] hv_vmbus: registering driver hv_netvsc
[STDERR  ] 2017-11-02T13:30:35.279439856Z: [    7.121457] Fusion MPT base driver 3.04.20
[STDERR  ] 2017-11-02T13:30:35.279445491Z: [    7.121741] Copyright (c) 1999-2008 LSI Corporation
[STDERR  ] 2017-11-02T13:30:35.279451054Z: [    7.122381] Fusion MPT SPI Host driver 3.04.20
[STDERR  ] 2017-11-02T13:30:35.279456526Z: [    7.124491] i8042: PNP: PS/2 Controller [PNP0303:KBD,PNP0f13:MOU] at 0x60,0x64 irq 1,12
[STDERR  ] 2017-11-02T13:30:35.279462154Z: [    7.128467] serio: i8042 KBD port at 0x60,0x64 irq 1
[STDERR  ] 2017-11-02T13:30:35.279467739Z: [    7.129201] serio: i8042 AUX port at 0x60,0x64 irq 12
[STDERR  ] 2017-11-02T13:30:35.279473312Z: [    7.132665] hv_vmbus: registering driver hyperv_keyboard
[STDERR  ] 2017-11-02T13:30:35.279478886Z: [    7.135031] mousedev: PS/2 mouse device common for all mice
[STDERR  ] 2017-11-02T13:30:35.279487912Z: [    7.139979] input: AT Translated Set 2 keyboard as /devices/platform/i8042/serio0/input/input1
[STDERR  ] 2017-11-02T13:30:35.279493728Z: [    7.142385] input: PC Speaker as /devices/platform/pcspkr/input/input2
[STDERR  ] 2017-11-02T13:30:35.279499218Z: [    7.146920] rtc_cmos 00:00: RTC can wake from S4
[STDERR  ] 2017-11-02T13:30:35.279504736Z: [    7.150558] rtc_cmos 00:00: rtc core: registered rtc_cmos as rtc0
[STDERR  ] 2017-11-02T13:30:35.279519436Z: [    7.151893] rtc_cmos 00:00: alarms up to one day, y3k, 114 bytes nvram, hpet irqs
[STDERR  ] 2017-11-02T13:30:35.279525271Z: [    7.152671] i2c /dev entries driver
[STDERR  ] 2017-11-02T13:30:35.279530991Z: [    7.154737] device-mapper: ioctl: 4.35.0-ioctl (2016-06-23) initialised: dm-devel@redhat.com
[STDERR  ] 2017-11-02T13:30:35.279536638Z: [    7.159445] usbcore: registered new interface driver usbhid
[STDERR  ] 2017-11-02T13:30:35.279542354Z: [    7.159831] usbhid: USB HID core driver
[STDERR  ] 2017-11-02T13:30:35.279550282Z: [    7.160864] hv_utils: Registering HyperV Utility Driver
[STDERR  ] 2017-11-02T13:30:35.279555914Z: [    7.161213] hv_vmbus: registering driver hv_util
[STDERR  ] 2017-11-02T13:30:35.279561384Z: [    7.161480] hv_vmbus: registering driver hv_balloon
[STDERR  ] 2017-11-02T13:30:35.279566848Z: [    7.162039] oprofile: using NMI interrupt.
[STDERR  ] 2017-11-02T13:30:35.279572424Z: [    7.163137] GACT probability on
[STDERR  ] 2017-11-02T13:30:35.279577971Z: [    7.163570] Mirror/redirect action on
[STDERR  ] 2017-11-02T13:30:35.279583595Z: [    7.164505] Simple TC action Loaded
[STDERR  ] 2017-11-02T13:30:35.279589043Z: [    7.165059] u32 classifier
[STDERR  ] 2017-11-02T13:30:35.279594667Z: [    7.165230]     Performance counters on
[STDERR  ] 2017-11-02T13:30:35.279602321Z: [    7.165510]     input device check on
[STDERR  ] 2017-11-02T13:30:35.279609777Z: [    7.165744]     Actions configured
[STDERR  ] 2017-11-02T13:30:35.279615297Z: [    7.166398] Netfilter messages via NETLINK v0.30.
[STDERR  ] 2017-11-02T13:30:35.279620788Z: [    7.166993] nfnl_acct: registering with nfnetlink.
[STDERR  ] 2017-11-02T13:30:35.279632128Z: [    7.168702] nf_conntrack version 0.5.0 (8192 buckets, 32768 max)
[STDERR  ] 2017-11-02T13:30:35.279638025Z: [    7.172545] ctnetlink v0.93: registering with nfnetlink.
[STDERR  ] 2017-11-02T13:30:35.279643511Z: [    7.175614] nf_tables: (c) 2007-2009 Patrick McHardy <kaber@trash.net>
[STDERR  ] 2017-11-02T13:30:35.279648998Z: [    7.176593] nf_tables_compat: (c) 2012 Pablo Neira Ayuso <pablo@netfilter.org>
[STDERR  ] 2017-11-02T13:30:35.279654535Z: [    7.179107] xt_time: kernel timezone is -0000
[STDERR  ] 2017-11-02T13:30:35.279659995Z: [    7.179784] ip_set: protocol 6
[STDERR  ] 2017-11-02T13:30:35.279665475Z: [    7.180803] IPVS: Registered protocols (TCP, UDP, SCTP, AH, ESP)
[STDERR  ] 2017-11-02T13:30:35.279670948Z: [    7.181431] IPVS: Connection hash table configured (size=4096, memory=64Kbytes)
[STDERR  ] 2017-11-02T13:30:35.279676383Z: [    7.183237] IPVS: Creating netns size=2104 id=0
[STDERR  ] 2017-11-02T13:30:35.279682231Z: [    7.185949] IPVS: ipvs loaded.
[STDERR  ] 2017-11-02T13:30:35.279687893Z: [    7.186385] IPVS: [rr] scheduler registered.
[STDERR  ] 2017-11-02T13:30:35.279693437Z: [    7.186731] IPVS: [wrr] scheduler registered.
[STDERR  ] 2017-11-02T13:30:35.279698815Z: [    7.187046] IPVS: [lc] scheduler registered.
[STDERR  ] 2017-11-02T13:30:35.279704443Z: [    7.187339] IPVS: [wlc] scheduler registered.
[STDERR  ] 2017-11-02T13:30:35.279710011Z: [    7.187662] IPVS: [fo] scheduler registered.
[STDERR  ] 2017-11-02T13:30:35.279715631Z: [    7.187947] IPVS: [ovf] scheduler registered.
[STDERR  ] 2017-11-02T13:30:35.279721153Z: [    7.188445] IPVS: [lblc] scheduler registered.
[STDERR  ] 2017-11-02T13:30:35.279726687Z: [    7.188958] IPVS: [lblcr] scheduler registered.
[STDERR  ] 2017-11-02T13:30:35.279732093Z: [    7.189299] IPVS: [dh] scheduler registered.
[STDERR  ] 2017-11-02T13:30:35.279741137Z: [    7.189622] IPVS: [sh] scheduler registered.
[STDERR  ] 2017-11-02T13:30:35.279746889Z: [    7.189935] IPVS: [sed] scheduler registered.
[STDERR  ] 2017-11-02T13:30:35.279752347Z: [    7.190867] IPVS: [nq] scheduler registered.
[STDERR  ] 2017-11-02T13:30:35.27975788Z: [    7.191637] IPVS: ftp: loaded support on port[0] = 21
[STDERR  ] 2017-11-02T13:30:35.279763492Z: [    7.192587] ipip: IPv4 and MPLS over IPv4 tunneling driver
[STDERR  ] 2017-11-02T13:30:35.279769037Z: [    7.196767] gre: GRE over IPv4 demultiplexor driver
[STDERR  ] 2017-11-02T13:30:35.279774549Z: [    7.199394] ip_tables: (C) 2000-2006 Netfilter Core Team
[STDERR  ] 2017-11-02T13:30:35.279780016Z: [    7.202970] ipt_CLUSTERIP: ClusterIP Version 0.8 loaded successfully
[STDERR  ] 2017-11-02T13:30:35.27978561Z: [    7.203724] arp_tables: arp_tables: (C) 2002 David S. Miller
[STDERR  ] 2017-11-02T13:30:35.2797912Z: [    7.206153] NET: Registered protocol family 10
[STDERR  ] 2017-11-02T13:30:35.279796817Z: [    7.215726] ip6_tables: (C) 2000-2006 Netfilter Core Team
[STDERR  ] 2017-11-02T13:30:35.279802279Z: [    7.224663] NET: Registered protocol family 17
[STDERR  ] 2017-11-02T13:30:35.279807769Z: [    7.225831] Bridge firewalling registered
[STDERR  ] 2017-11-02T13:30:35.27981551Z: [    7.226351] Ebtables v2.0 registered
[STDERR  ] 2017-11-02T13:30:35.279821146Z: [    7.228190] 8021q: 802.1Q VLAN Support v1.8
[STDERR  ] 2017-11-02T13:30:35.279826614Z: [    7.229692] 9pnet: Installing 9P2000 support
[STDERR  ] 2017-11-02T13:30:35.279832186Z: [    7.231600] Key type dns_resolver registered
[STDERR  ] 2017-11-02T13:30:35.279837582Z: [    7.232503] microcode: AMD CPU family 0x6 not supported
[STDERR  ] 2017-11-02T13:30:35.279843089Z: [    7.236283] registered taskstats version 1
[STDERR  ] 2017-11-02T13:30:35.279848639Z: [    7.407270] Key type big_key registered
[STDERR  ] 2017-11-02T13:30:35.279854019Z: [    7.424848] ata2: SATA link down (SStatus 0 SControl 300)
[STDERR  ] 2017-11-02T13:30:35.279859534Z: [    7.428164] ata1: SATA link up 1.5 Gbps (SStatus 113 SControl 300)
[STDERR  ] 2017-11-02T13:30:35.27986494Z: [    7.431443] ata5: SATA link down (SStatus 0 SControl 300)
[STDERR  ] 2017-11-02T13:30:35.279873592Z: [    7.431951] ata4: SATA link down (SStatus 0 SControl 300)
[STDERR  ] 2017-11-02T13:30:35.279879484Z: [    7.432509] ata3: SATA link up 1.5 Gbps (SStatus 113 SControl 300)
[STDERR  ] 2017-11-02T13:30:35.279885009Z: [    7.435208] ata3.00: ATAPI: QEMU DVD-ROM, 2.5+, max UDMA/100
[STDERR  ] 2017-11-02T13:30:35.279890456Z: [    7.435687] ata3.00: applying bridge limits
[STDERR  ] 2017-11-02T13:30:35.27989599Z: [    7.438123] ata3.00: configured for UDMA/100
[STDERR  ] 2017-11-02T13:30:35.279901475Z: [    7.441068] ata6: SATA link down (SStatus 0 SControl 300)
[STDERR  ] 2017-11-02T13:30:35.279906961Z: [    7.450995] ata1.00: ATA-7: QEMU HARDDISK, 2.5+, max UDMA/100
[STDERR  ] 2017-11-02T13:30:35.279912496Z: [    7.451436] ata1.00: 1048576 sectors, multi 16: LBA48 NCQ (depth 31/32)
[STDERR  ] 2017-11-02T13:30:35.279918071Z: [    7.451974] ata1.00: applying bridge limits
[STDERR  ] 2017-11-02T13:30:35.279925939Z: [    7.452726] ata1.00: configured for UDMA/100
[STDERR  ] 2017-11-02T13:30:35.279931381Z: [    7.463931] scsi 0:0:0:0: Direct-Access     ATA      QEMU HARDDISK    2.5+ PQ: 0 ANSI: 5
[STDERR  ] 2017-11-02T13:30:35.279936955Z: [    7.477666] sd 0:0:0:0: [sda] 1048576 512-byte logical blocks: (537 MB/512 MiB)
[STDERR  ] 2017-11-02T13:30:35.279942459Z: [    7.483105] sd 0:0:0:0: [sda] Write Protect is off
[STDERR  ] 2017-11-02T13:30:35.279951816Z: [    7.484126] sd 0:0:0:0: Attached scsi generic sg0 type 0
[STDERR  ] 2017-11-02T13:30:35.279959821Z: [    7.491231] sd 0:0:0:0: [sda] Write cache: enabled, read cache: enabled, doesn't support DPO or FUA
[STDERR  ] 2017-11-02T13:30:35.279965483Z: [    7.497426] scsi 2:0:0:0: CD-ROM            QEMU     QEMU DVD-ROM     2.5+ PQ: 0 ANSI: 5
[STDERR  ] 2017-11-02T13:30:35.279973001Z: [    7.522805] sr 2:0:0:0: [sr0] scsi3-mmc drive: 4x/4x cd/rw xa/form2 tray
[STDERR  ] 2017-11-02T13:30:35.279981969Z: [    7.523561] cdrom: Uniform CD-ROM driver Revision: 3.20
[STDERR  ] 2017-11-02T13:30:35.279987721Z: [    7.537863] sr 2:0:0:0: Attached scsi generic sg1 type 5
[STDERR  ] 2017-11-02T13:30:35.279993229Z: [    7.553312] sd 0:0:0:0: [sda] Attached SCSI disk
[STDERR  ] 2017-11-02T13:30:35.279998686Z: [    7.612147] Key type encrypted registered
[STDERR  ] 2017-11-02T13:30:35.280004135Z: [    7.618114] rtc_cmos 00:00: setting system clock to 2017-11-02 13:30:02 UTC (1509629402)
[STDERR  ] 2017-11-02T13:30:35.280009699Z: [    7.767261] Freeing unused kernel memory: 1380K
[STDERR  ] 2017-11-02T13:30:35.280015191Z: [    7.767645] Write protecting the kernel read-only data: 12288k
[STDERR  ] 2017-11-02T13:30:35.280020701Z: [    7.770948] tsc: Refined TSC clocksource calibration: 2600.020 MHz
[STDERR  ] 2017-11-02T13:30:35.280026341Z: [    7.771535] clocksource: tsc: mask: 0xffffffffffffffff max_cycles: 0x257a4f0e6a8, max_idle_ns: 440795321061 ns
[STDERR  ] 2017-11-02T13:30:35.280031916Z: [    7.776260] Freeing unused kernel memory: 124K
[STDERR  ] 2017-11-02T13:30:35.280037419Z: [    7.868793] Freeing unused kernel memory: 1392K
[STDERR  ] 2017-11-02T13:30:35.280042968Z: [    8.789036] clocksource: Switched to clocksource tsc
[STDERR  ] 2017-11-02T13:30:35.280048418Z: 
[STDERR  ] 2017-11-02T13:30:35.280053949Z: Welcome to LinuxKit
[STDERR  ] 2017-11-02T13:30:35.280059444Z: 
[STDERR  ] 2017-11-02T13:30:35.280064894Z:                         ##         .
[STDERR  ] 2017-11-02T13:30:35.28007035Z:                   ## ## ##        ==
[STDERR  ] 2017-11-02T13:30:35.280075828Z:                ## ## ## ## ##    ===
[STDERR  ] 2017-11-02T13:30:35.280081237Z:            /"""""""""""""""""\___/ ===
[STDERR  ] 2017-11-02T13:30:35.28008667Z:           {                       /  ===-
[STDERR  ] 2017-11-02T13:30:35.280091994Z:            \______ O           __/
[STDERR  ] 2017-11-02T13:30:35.28009736Z:              \    \         __/
[STDERR  ] 2017-11-02T13:30:35.28010285Z:               \____\_______/
[STDERR  ] 2017-11-02T13:30:35.28010818Z: 
[STDERR  ] 2017-11-02T13:30:35.28011584Z: [   19.864608] IPVS: Creating netns size=2104 id=1
[STDERR  ] 2017-11-02T13:30:35.280129385Z: [   19.865222] IPVS: ftp: loaded support on port[0] = 21
[STDERR  ] 2017-11-02T13:30:35.280138525Z: 2017/11/02 13:30:15 Creating partition on /dev/sda
[STDERR  ] 2017-11-02T13:30:35.280147272Z: [   21.229375] random: fast init done
[STDERR  ] 2017-11-02T13:30:35.280156414Z: [   21.306871]  sda:
[STDERR  ] 2017-11-02T13:30:35.280165557Z: [   21.383244]  sda:
[STDERR  ] 2017-11-02T13:30:35.280171095Z: [   21.413776]  sda: sda1
[STDERR  ] 2017-11-02T13:30:35.280179157Z: [   21.502212]  sda: sda1
[STDERR  ] 2017-11-02T13:30:35.280184808Z: 2017/11/02 13:30:17 Partition /dev/sda1 successfully created!
[STDERR  ] 2017-11-02T13:30:35.280190402Z: [   24.259390] IPVS: Creating netns size=2104 id=2
[STDERR  ] 2017-11-02T13:30:35.280198198Z: [   24.259945] IPVS: ftp: loaded support on port[0] = 21
[STDERR  ] 2017-11-02T13:30:35.280203725Z: [   25.483748] EXT4-fs (sda1): couldn't mount as ext3 due to feature incompatibilities
[STDERR  ] 2017-11-02T13:30:35.28020932Z: [   25.493644] EXT4-fs (sda1): couldn't mount as ext2 due to feature incompatibilities
[STDERR  ] 2017-11-02T13:30:35.28021479Z: [   25.521770] EXT4-fs (sda1): mounted filesystem with ordered data mode. Opts: (null)
[STDERR  ] 2017-11-02T13:30:35.280220213Z: format_mount test suite PASSED
[STDERR  ] 2017-11-02T13:30:35.280225786Z: [   31.082519] random: crng init done
[STDERR  ] 2017-11-02T13:30:35.280231284Z: [   39.470423] sd 0:0:0:0: [sda] Synchronizing SCSI cache
[STDERR  ] 2017-11-02T13:30:35.280236809Z: [   39.471393] sd 0:0:0:0: [sda] Stopping disk
[STDERR  ] 2017-11-02T13:30:35.280242301Z: [   39.474861] ACPI: Preparing to enter system sleep state S5
[STDERR  ] 2017-11-02T13:30:35.280247796Z: [   39.476301] reboot: Power down
[STDERR  ] 2017-11-02T13:30:35.280253263Z: + grep -q suite PASSED
[STDERR  ] 2017-11-02T13:30:35.280258807Z: + echo [    0.000000] Linux version 4.9.59-linuxkit (root@01324b49428a) (gcc version 6.3.0 (Alpine 6.3.0) ) #1 SMP Sat Oct 28 17:03:21 UTC 2017
[STDERR  ] 2017-11-02T13:30:35.280269299Z: [    0.000000] Command line: console=ttyS0
[STDERR  ] 2017-11-02T13:30:35.280274844Z: [    0.000000] x86/fpu: Legacy x87 FPU detected.
[STDERR  ] 2017-11-02T13:30:35.280280246Z: [    0.000000] x86/fpu: Using 'eager' FPU context switches.
[STDERR  ] 2017-11-02T13:30:35.280285719Z: [    0.000000] e820: BIOS-provided physical RAM map:
[STDERR  ] 2017-11-02T13:30:35.280291171Z: [    0.000000] BIOS-e820: [mem 0x0000000000000000-0x000000000009fbff] usable
[STDERR  ] 2017-11-02T13:30:35.280296749Z: [    0.000000] BIOS-e820: [mem 0x000000000009fc00-0x000000000009ffff] reserved
[STDERR  ] 2017-11-02T13:30:35.280302274Z: [    0.000000] BIOS-e820: [mem 0x00000000000f0000-0x00000000000fffff] reserved
[STDERR  ] 2017-11-02T13:30:35.280310054Z: [    0.000000] BIOS-e820: [mem 0x0000000000100000-0x000000003ffdefff] usable
[STDERR  ] 2017-11-02T13:30:35.280315666Z: [    0.000000] BIOS-e820: [mem 0x000000003ffdf000-0x000000003fffffff] reserved
[STDERR  ] 2017-11-02T13:30:35.280321084Z: [    0.000000] BIOS-e820: [mem 0x00000000b0000000-0x00000000bfffffff] reserved
[STDERR  ] 2017-11-02T13:30:35.280326531Z: [    0.000000] BIOS-e820: [mem 0x00000000fed1c000-0x00000000fed1ffff] reserved
[STDERR  ] 2017-11-02T13:30:35.280333757Z: [    0.000000] BIOS-e820: [mem 0x00000000fffc0000-0x00000000ffffffff] reserved
[STDERR  ] 2017-11-02T13:30:35.280339167Z: [    0.000000] NX (Execute Disable) protection: active
[STDERR  ] 2017-11-02T13:30:35.280344646Z: [    0.000000] SMBIOS 2.8 present.
[STDERR  ] 2017-11-02T13:30:35.280350257Z: [    0.000000] e820: last_pfn = 0x3ffdf max_arch_pfn = 0x400000000
[STDERR  ] 2017-11-02T13:30:35.280355709Z: [    0.000000] x86/PAT: Configuration [0-7]: WB  WC  UC- UC  WB  WC  UC- WT  
[STDERR  ] 2017-11-02T13:30:35.280361233Z: [    0.000000] found SMP MP-table at [mem 0x000f6aa0-0x000f6aaf] mapped at [ffff9e91800f6aa0]
[STDERR  ] 2017-11-02T13:30:35.280366797Z: [    0.000000] RAMDISK: [mem 0x3e03e000-0x3ffcffff]
[STDERR  ] 2017-11-02T13:30:35.280372364Z: [    0.000000] ACPI: Early table checksum verification disabled
[STDERR  ] 2017-11-02T13:30:35.280381705Z: [    0.000000] ACPI: RSDP 0x00000000000F68C0 000014 (v00 BOCHS )
[STDERR  ] 2017-11-02T13:30:35.280391938Z: [    0.000000] ACPI: RSDT 0x000000003FFE2404 000034 (v01 BOCHS  BXPCRSDT 00000001 BXPC 00000001)
[STDERR  ] 2017-11-02T13:30:35.280404468Z: [    0.000000] ACPI: FACP 0x000000003FFE22A4 000074 (v01 BOCHS  BXPCFACP 00000001 BXPC 00000001)
[STDERR  ] 2017-11-02T13:30:35.280415156Z: [    0.000000] ACPI: DSDT 0x000000003FFE0040 002264 (v01 BOCHS  BXPCDSDT 00000001 BXPC 00000001)
[STDERR  ] 2017-11-02T13:30:35.280420898Z: [    0.000000] ACPI: FACS 0x000000003FFE0000 000040
[STDERR  ] 2017-11-02T13:30:35.280426433Z: [    0.000000] ACPI: APIC 0x000000003FFE2318 000078 (v01 BOCHS  BXPCAPIC 00000001 BXPC 00000001)
[STDERR  ] 2017-11-02T13:30:35.280432003Z: [    0.000000] ACPI: HPET 0x000000003FFE2390 000038 (v01 BOCHS  BXPCHPET 00000001 BXPC 00000001)
[STDERR  ] 2017-11-02T13:30:35.28043746Z: [    0.000000] ACPI: MCFG 0x000000003FFE23C8 00003C (v01 BOCHS  BXPCMCFG 00000001 BXPC 00000001)
[STDERR  ] 2017-11-02T13:30:35.280443078Z: [    0.000000] Zone ranges:
[STDERR  ] 2017-11-02T13:30:35.280448676Z: [    0.000000]   DMA      [mem 0x0000000000001000-0x0000000000ffffff]
[STDERR  ] 2017-11-02T13:30:35.280454206Z: [    0.000000]   DMA32    [mem 0x0000000001000000-0x000000003ffdefff]
[STDERR  ] 2017-11-02T13:30:35.280459673Z: [    0.000000]   Normal   empty
[STDERR  ] 2017-11-02T13:30:35.280467808Z: [    0.000000] Movable zone start for each node
[STDERR  ] 2017-11-02T13:30:35.28047335Z: [    0.000000] Early memory node ranges
[STDERR  ] 2017-11-02T13:30:35.280478843Z: [    0.000000]   node   0: [mem 0x0000000000001000-0x000000000009efff]
[STDERR  ] 2017-11-02T13:30:35.280484318Z: [    0.000000]   node   0: [mem 0x0000000000100000-0x000000003ffdefff]
[STDERR  ] 2017-11-02T13:30:35.280489852Z: [    0.000000] Initmem setup node 0 [mem 0x0000000000001000-0x000000003ffdefff]
[STDERR  ] 2017-11-02T13:30:35.280499528Z: [    0.000000] ACPI: PM-Timer IO Port: 0x608
[STDERR  ] 2017-11-02T13:30:35.280510576Z: [    0.000000] ACPI: LAPIC_NMI (acpi_id[0xff] dfl dfl lint[0x1])
[STDERR  ] 2017-11-02T13:30:35.280516665Z: [    0.000000] IOAPIC[0]: apic_id 0, version 32, address 0xfec00000, GSI 0-23
[STDERR  ] 2017-11-02T13:30:35.280522123Z: [    0.000000] ACPI: INT_SRC_OVR (bus 0 bus_irq 0 global_irq 2 dfl dfl)
[STDERR  ] 2017-11-02T13:30:35.280527538Z: [    0.000000] ACPI: INT_SRC_OVR (bus 0 bus_irq 5 global_irq 5 high level)
[STDERR  ] 2017-11-02T13:30:35.280532957Z: [    0.000000] ACPI: INT_SRC_OVR (bus 0 bus_irq 9 global_irq 9 high level)
[STDERR  ] 2017-11-02T13:30:35.280538347Z: [    0.000000] ACPI: INT_SRC_OVR (bus 0 bus_irq 10 global_irq 10 high level)
[STDERR  ] 2017-11-02T13:30:35.280545837Z: [    0.000000] ACPI: INT_SRC_OVR (bus 0 bus_irq 11 global_irq 11 high level)
[STDERR  ] 2017-11-02T13:30:35.280551289Z: [    0.000000] Using ACPI (MADT) for SMP configuration information
[STDERR  ] 2017-11-02T13:30:35.280556782Z: [    0.000000] ACPI: HPET id: 0x8086a201 base: 0xfed00000
[STDERR  ] 2017-11-02T13:30:35.280562292Z: [    0.000000] smpboot: Allowing 1 CPUs, 0 hotplug CPUs
[STDERR  ] 2017-11-02T13:30:35.280569751Z: [    0.000000] e820: [mem 0x40000000-0xafffffff] available for PCI devices
[STDERR  ] 2017-11-02T13:30:35.280575214Z: [    0.000000] Booting paravirtualized kernel on bare hardware
[STDERR  ] 2017-11-02T13:30:35.280580755Z: [    0.000000] clocksource: refined-jiffies: mask: 0xffffffff max_cycles: 0xffffffff, max_idle_ns: 19112604462750000 ns
[STDERR  ] 2017-11-02T13:30:35.280587022Z: [    0.000000] setup_percpu: NR_CPUS:128 nr_cpumask_bits:128 nr_cpu_ids:1 nr_node_ids:1
[STDERR  ] 2017-11-02T13:30:35.280592645Z: [    0.000000] percpu: Embedded 35 pages/cpu @ffff9e91bde00000 s105240 r8192 d29928 u2097152
[STDERR  ] 2017-11-02T13:30:35.280598177Z: [    0.000000] Built 1 zonelists in Zone order, mobility grouping on.  Total pages: 257896
[STDERR  ] 2017-11-02T13:30:35.280605901Z: [    0.000000] Kernel command line: console=ttyS0
[STDERR  ] 2017-11-02T13:30:35.280611467Z: [    0.000000] PID hash table entries: 4096 (order: 3, 32768 bytes)
[STDERR  ] 2017-11-02T13:30:35.280623107Z: [    0.000000] Dentry cache hash table entries: 131072 (order: 8, 1048576 bytes)
[STDERR  ] 2017-11-02T13:30:35.280632531Z: [    0.000000] Inode-cache hash table entries: 65536 (order: 7, 524288 bytes)
[STDERR  ] 2017-11-02T13:30:35.280641607Z: [    0.000000] Memory: 981844K/1048052K available (8053K kernel code, 1367K rwdata, 2704K rodata, 1380K init, 568K bss, 66208K reserved, 0K cma-reserved)
[STDERR  ] 2017-11-02T13:30:35.280651127Z: [    0.000000] Hierarchical RCU implementation.
[STDERR  ] 2017-11-02T13:30:35.280661451Z: [    0.000000] 	Build-time adjustment of leaf fanout to 64.
[STDERR  ] 2017-11-02T13:30:35.280670825Z: [    0.000000] 	RCU restricting CPUs from NR_CPUS=128 to nr_cpu_ids=1.
[STDERR  ] 2017-11-02T13:30:35.280678535Z: [    0.000000] RCU: Adjusting geometry for rcu_fanout_leaf=64, nr_cpu_ids=1
[STDERR  ] 2017-11-02T13:30:35.280684007Z: [    0.000000] NR_IRQS:8448 nr_irqs:256 16
[STDERR  ] 2017-11-02T13:30:35.280689462Z: [    0.000000] Console: colour VGA+ 80x25
[STDERR  ] 2017-11-02T13:30:35.280694903Z: [    0.000000] console [ttyS0] enabled
[STDERR  ] 2017-11-02T13:30:35.280713881Z: [    0.000000] clocksource: hpet: mask: 0xffffffff max_cycles: 0xffffffff, max_idle_ns: 19112604467 ns
[STDERR  ] 2017-11-02T13:30:35.280721704Z: [    0.000000] tsc: Fast TSC calibration using PIT
[STDERR  ] 2017-11-02T13:30:35.280727284Z: [    0.000000] tsc: Detected 2600.012 MHz processor
[STDERR  ] 2017-11-02T13:30:35.280732761Z: [    0.032496] Calibrating delay loop (skipped), value calculated using timer frequency.. 5200.02 BogoMIPS (lpj=26000120)
[STDERR  ] 2017-11-02T13:30:35.280741253Z: [    0.033743] pid_max: default: 32768 minimum: 301
[STDERR  ] 2017-11-02T13:30:35.280748773Z: [    0.034921] ACPI: Core revision 20160831
[STDERR  ] 2017-11-02T13:30:35.280754268Z: [    0.076718] ACPI: 1 ACPI AML tables successfully acquired and loaded
[STDERR  ] 2017-11-02T13:30:35.280764083Z: [    0.081885] Security Framework initialized
[STDERR  ] 2017-11-02T13:30:35.280769866Z: [    0.082351] Yama: becoming mindful.
[STDERR  ] 2017-11-02T13:30:35.280775356Z: [    0.084459] Mount-cache hash table entries: 2048 (order: 2, 16384 bytes)
[STDERR  ] 2017-11-02T13:30:35.280783526Z: [    0.085030] Mountpoint-cache hash table entries: 2048 (order: 2, 16384 bytes)
[STDERR  ] 2017-11-02T13:30:35.280789061Z: [    0.104107] Last level iTLB entries: 4KB 0, 2MB 0, 4MB 0
[STDERR  ] 2017-11-02T13:30:35.280794681Z: [    0.104593] Last level dTLB entries: 4KB 0, 2MB 0, 4MB 0, 1GB 0
[STDERR  ] 2017-11-02T13:30:35.280802273Z: [    0.407063] Freeing SMP alternatives memory: 20K
[STDERR  ] 2017-11-02T13:30:35.280807996Z: [    0.417180] ftrace: allocating 35584 entries in 140 pages
[STDERR  ] 2017-11-02T13:30:35.280813476Z: [    0.577343] smpboot: Max logical packages: 1
[STDERR  ] 2017-11-02T13:30:35.280818866Z: [    0.585228] ..TIMER: vector=0x30 apic1=0 pin1=2 apic2=-1 pin2=-1
[STDERR  ] 2017-11-02T13:30:35.280824396Z: [    0.690000] smpboot: CPU0: AMD QEMU Virtual CPU version 2.5+ (family: 0x6, model: 0x6, stepping: 0x3)
[STDERR  ] 2017-11-02T13:30:35.28083014Z: [    0.690000] Performance Events: PMU not available due to virtualization, using software events only.
[STDERR  ] 2017-11-02T13:30:35.280835701Z: [    0.698290] NMI watchdog: disabled (cpu0): hardware events not enabled
[STDERR  ] 2017-11-02T13:30:35.280841233Z: [    0.698799] NMI watchdog: Shutting down hard lockup detector on all cpus
[STDERR  ] 2017-11-02T13:30:35.28084664Z: [    0.702871] x86: Booted up 1 node, 1 CPUs
[STDERR  ] 2017-11-02T13:30:35.280852177Z: [    0.703293] smpboot: Total of 1 processors activated (5200.02 BogoMIPS)
[STDERR  ] 2017-11-02T13:30:35.280857615Z: [    0.716663] devtmpfs: initialized
[STDERR  ] 2017-11-02T13:30:35.28086313Z: [    0.723636] x86/mm: Memory block size: 128MB
[STDERR  ] 2017-11-02T13:30:35.28086865Z: [    0.785383] clocksource: jiffies: mask: 0xffffffff max_cycles: 0xffffffff, max_idle_ns: 19112604462750000 ns
[STDERR  ] 2017-11-02T13:30:35.280878149Z: [    0.786335] futex hash table entries: 256 (order: 2, 16384 bytes)
[STDERR  ] 2017-11-02T13:30:35.280884093Z: [    0.796315] NET: Registered protocol family 16
[STDERR  ] 2017-11-02T13:30:35.280889649Z: [    0.806033] cpuidle: using governor ladder
[STDERR  ] 2017-11-02T13:30:35.280895115Z: [    0.806583] cpuidle: using governor menu
[STDERR  ] 2017-11-02T13:30:35.280900689Z: [    0.807786] ACPI: bus type PCI registered
[STDERR  ] 2017-11-02T13:30:35.280906177Z: [    0.810740] PCI: MMCONFIG for domain 0000 [bus 00-ff] at [mem 0xb0000000-0xbfffffff] (base 0xb0000000)
[STDERR  ] 2017-11-02T13:30:35.280911689Z: [    0.812884] PCI: MMCONFIG at [mem 0xb0000000-0xbfffffff] reserved in E820
[STDERR  ] 2017-11-02T13:30:35.280917225Z: [    0.814261] PCI: Using configuration type 1 for base access
[STDERR  ] 2017-11-02T13:30:35.280922873Z: [    0.870113] HugeTLB registered 2 MB page size, pre-allocated 0 pages
[STDERR  ] 2017-11-02T13:30:35.280928322Z: [    0.881850] ACPI: Added _OSI(Module Device)
[STDERR  ] 2017-11-02T13:30:35.280933815Z: [    0.882234] ACPI: Added _OSI(Processor Device)
[STDERR  ] 2017-11-02T13:30:35.280939292Z: [    0.882425] ACPI: Added _OSI(3.0 _SCP Extensions)
[STDERR  ] 2017-11-02T13:30:35.280944755Z: [    0.882722] ACPI: Added _OSI(Processor Aggregator Device)
[STDERR  ] 2017-11-02T13:30:35.280950165Z: [    0.957008] ACPI: Interpreter enabled
[STDERR  ] 2017-11-02T13:30:35.280959729Z: [    0.958025] ACPI: (supports S0 S5)
[STDERR  ] 2017-11-02T13:30:35.280969025Z: [    0.958351] ACPI: Using IOAPIC for interrupt routing
[STDERR  ] 2017-11-02T13:30:35.2809778Z: [    0.961503] PCI: Using host bridge windows from ACPI; if necessary, use "pci=nocrs" and report a bug
[STDERR  ] 2017-11-02T13:30:35.280986455Z: [    1.024766] ACPI: PCI Root Bridge [PCI0] (domain 0000 [bus 00-ff])
[STDERR  ] 2017-11-02T13:30:35.280996629Z: [    1.025699] acpi PNP0A08:00: _OSC: OS supports [ExtendedConfig ASPM ClockPM Segments MSI]
[STDERR  ] 2017-11-02T13:30:35.281012608Z: [    1.032952] acpi PNP0A08:00: _OSC: OS now controls [PCIeHotplug PME PCIeCapability]
[STDERR  ] 2017-11-02T13:30:35.281103878Z: [    1.036707] PCI host bridge to bus 0000:00
[STDERR  ] 2017-11-02T13:30:35.281130419Z: [    1.037171] pci_bus 0000:00: root bus resource [io  0x0000-0x0cf7 window]
[STDERR  ] 2017-11-02T13:30:35.281143872Z: [    1.037662] pci_bus 0000:00: root bus resource [io  0x0d00-0xffff window]
[STDERR  ] 2017-11-02T13:30:35.281152971Z: [    1.038114] pci_bus 0000:00: root bus resource [mem 0x000a0000-0x000bffff window]
[STDERR  ] 2017-11-02T13:30:35.281162292Z: [    1.038577] pci_bus 0000:00: root bus resource [mem 0xc0000000-0xfebfffff window]
[STDERR  ] 2017-11-02T13:30:35.28117127Z: [    1.039251] pci_bus 0000:00: root bus resource [bus 00-ff]
[STDERR  ] 2017-11-02T13:30:35.28118027Z: [    1.145536] pci 0000:00:1f.0: quirk: [io  0x0600-0x067f] claimed by ICH6 ACPI/GPIO/TCO
[STDERR  ] 2017-11-02T13:30:35.281189285Z: [    1.210365] ACPI: PCI Interrupt Link [LNKA] (IRQs 5 *10 11)
[STDERR  ] 2017-11-02T13:30:35.28120915Z: [    1.213241] ACPI: PCI Interrupt Link [LNKB] (IRQs 5 *10 11)
[STDERR  ] 2017-11-02T13:30:35.281219113Z: [    1.215531] ACPI: PCI Interrupt Link [LNKC] (IRQs 5 10 *11)
[STDERR  ] 2017-11-02T13:30:35.281228093Z: [    1.217477] ACPI: PCI Interrupt Link [LNKD] (IRQs 5 10 *11)
[STDERR  ] 2017-11-02T13:30:35.281237055Z: [    1.219271] ACPI: PCI Interrupt Link [LNKE] (IRQs 5 *10 11)
[STDERR  ] 2017-11-02T13:30:35.281249585Z: [    1.221694] ACPI: PCI Interrupt Link [LNKF] (IRQs 5 *10 11)
[STDERR  ] 2017-11-02T13:30:35.281258568Z: [    1.223560] ACPI: PCI Interrupt Link [LNKG] (IRQs 5 10 *11)
[STDERR  ] 2017-11-02T13:30:35.281267553Z: [    1.225456] ACPI: PCI Interrupt Link [LNKH] (IRQs 5 10 *11)
[STDERR  ] 2017-11-02T13:30:35.28128635Z: [    1.226448] ACPI: PCI Interrupt Link [GSIA] (IRQs *16)
[STDERR  ] 2017-11-02T13:30:35.281296401Z: [    1.227242] ACPI: PCI Interrupt Link [GSIB] (IRQs *17)
[STDERR  ] 2017-11-02T13:30:35.28130537Z: [    1.227958] ACPI: PCI Interrupt Link [GSIC] (IRQs *18)
[STDERR  ] 2017-11-02T13:30:35.281320777Z: [    1.228648] ACPI: PCI Interrupt Link [GSID] (IRQs *19)
[STDERR  ] 2017-11-02T13:30:35.281329902Z: [    1.229371] ACPI: PCI Interrupt Link [GSIE] (IRQs *20)
[STDERR  ] 2017-11-02T13:30:35.281339062Z: [    1.230602] ACPI: PCI Interrupt Link [GSIF] (IRQs *21)
[STDERR  ] 2017-11-02T13:30:35.281348042Z: [    1.231340] ACPI: PCI Interrupt Link [GSIG] (IRQs *22)
[STDERR  ] 2017-11-02T13:30:35.281367984Z: [    1.232083] ACPI: PCI Interrupt Link [GSIH] (IRQs *23)
[STDERR  ] 2017-11-02T13:30:35.281377284Z: [    1.235786] ACPI: Enabled 2 GPEs in block 00 to 3F
[STDERR  ] 2017-11-02T13:30:35.281386312Z: [    1.242189] SCSI subsystem initialized
[STDERR  ] 2017-11-02T13:30:35.281395482Z: [    1.244282] ACPI: bus type USB registered
[STDERR  ] 2017-11-02T13:30:35.281404444Z: [    1.245438] usbcore: registered new interface driver usbfs
[STDERR  ] 2017-11-02T13:30:35.28141349Z: [    1.246475] usbcore: registered new interface driver hub
[STDERR  ] 2017-11-02T13:30:35.281425649Z: [    1.247358] usbcore: registered new device driver usb
[STDERR  ] 2017-11-02T13:30:35.28144877Z: [    1.248590] pps_core: LinuxPPS API ver. 1 registered
[STDERR  ] 2017-11-02T13:30:35.281462986Z: [    1.248916] pps_core: Software ver. 5.3.6 - Copyright 2005-2007 Rodolfo Giometti <giometti@linux.it>
[STDERR  ] 2017-11-02T13:30:35.28147256Z: [    1.249718] PTP clock support registered
[STDERR  ] 2017-11-02T13:30:35.281485102Z: [    1.251067] wmi: Mapper loaded
[STDERR  ] 2017-11-02T13:30:35.281494858Z: [    1.252243] PCI: Using ACPI for IRQ routing
[STDERR  ] 2017-11-02T13:30:35.281504101Z: [    1.270538] NetLabel: Initializing
[STDERR  ] 2017-11-02T13:30:35.281536473Z: [    1.270842] NetLabel:  domain hash size = 128
[STDERR  ] 2017-11-02T13:30:35.281546709Z: [    1.271146] NetLabel:  protocols = UNLABELED CIPSOv4
[STDERR  ] 2017-11-02T13:30:35.281560055Z: [    1.274001] NetLabel:  unlabeled traffic allowed by default
[STDERR  ] 2017-11-02T13:30:35.281579118Z: [    1.275273] HPET: 3 timers in total, 0 timers will be used for per-cpu timer
[STDERR  ] 2017-11-02T13:30:35.281588631Z: [    1.276015] hpet0: at MMIO 0xfed00000, IRQs 2, 8, 0
[STDERR  ] 2017-11-02T13:30:35.281615161Z: [    1.276661] hpet0: 3 comparators, 64-bit 100.000000 MHz counter
[STDERR  ] 2017-11-02T13:30:35.281624543Z: [    1.281705] clocksource: Switched to clocksource hpet
[STDERR  ] 2017-11-02T13:30:35.281633746Z: [    1.551393] VFS: Disk quotas dquot_6.6.0
[STDERR  ] 2017-11-02T13:30:35.281643446Z: [    1.552440] VFS: Dquot-cache hash table entries: 512 (order 0, 4096 bytes)
[STDERR  ] 2017-11-02T13:30:35.28165353Z: [    1.556373] FS-Cache: Loaded
[STDERR  ] 2017-11-02T13:30:35.281662888Z: [    1.562161] CacheFiles: Loaded
[STDERR  ] 2017-11-02T13:30:35.281687477Z: [    1.563962] pnp: PnP ACPI init
[STDERR  ] 2017-11-02T13:30:35.281699018Z: [    1.575283] pnp: PnP ACPI: found 5 devices
[STDERR  ] 2017-11-02T13:30:35.281708107Z: [    1.625994] clocksource: acpi_pm: mask: 0xffffff max_cycles: 0xffffff, max_idle_ns: 2085701024 ns
[STDERR  ] 2017-11-02T13:30:35.28171723Z: [    1.630646] NET: Registered protocol family 2
[STDERR  ] 2017-11-02T13:30:35.28172633Z: [    1.637981] TCP established hash table entries: 8192 (order: 4, 65536 bytes)
[STDERR  ] 2017-11-02T13:30:35.281735464Z: [    1.638820] TCP bind hash table entries: 8192 (order: 5, 131072 bytes)
[STDERR  ] 2017-11-02T13:30:35.28174495Z: [    1.639605] TCP: Hash tables configured (established 8192 bind 8192)
[STDERR  ] 2017-11-02T13:30:35.281765828Z: [    1.642410] UDP hash table entries: 512 (order: 2, 16384 bytes)
[STDERR  ] 2017-11-02T13:30:35.281776507Z: [    1.643057] UDP-Lite hash table entries: 512 (order: 2, 16384 bytes)
[STDERR  ] 2017-11-02T13:30:35.28178555Z: [    1.645588] NET: Registered protocol family 1
[STDERR  ] 2017-11-02T13:30:35.2817945Z: [    1.646589] pci 0000:00:01.0: Video device with shadowed ROM at [mem 0x000c0000-0x000dffff]
[STDERR  ] 2017-11-02T13:30:35.281804244Z: [    1.653847] Unpacking initramfs...
[STDERR  ] 2017-11-02T13:30:35.281813723Z: [    6.719806] Freeing initrd memory: 32328K
[STDERR  ] 2017-11-02T13:30:35.281830057Z: [    6.747517] PCLMULQDQ-NI instructions are not detected.
[STDERR  ] 2017-11-02T13:30:35.281854646Z: [    6.749143] AVX or AES-NI instructions are not detected.
[STDERR  ] 2017-11-02T13:30:35.281863536Z: [    6.749649] CPU feature 'AVX registers' is not supported.
[STDERR  ] 2017-11-02T13:30:35.281872201Z: [    6.750494] CPU feature 'AVX registers' is not supported.
[STDERR  ] 2017-11-02T13:30:35.281881357Z: [    6.750916] CPU feature 'AVX registers' is not supported.
[STDERR  ] 2017-11-02T13:30:35.281890516Z: [    6.751455] CPU feature 'AVX registers' is not supported.
[STDERR  ] 2017-11-02T13:30:35.281899803Z: [    6.751894] AVX2 or AES-NI instructions are not detected.
[STDERR  ] 2017-11-02T13:30:35.281908769Z: [    6.752314] AVX2 instructions are not detected.
[STDERR  ] 2017-11-02T13:30:35.281931209Z: [    6.758625] audit: initializing netlink subsys (disabled)
[STDERR  ] 2017-11-02T13:30:35.281940189Z: [    6.763059] audit: type=2000 audit(1509629400.760:1): initialized
[STDERR  ] 2017-11-02T13:30:35.281948307Z: [    6.771463] workingset: timestamp_bits=46 max_order=18 bucket_order=0
[STDERR  ] 2017-11-02T13:30:35.281956936Z: [    6.778891] squashfs: version 4.0 (2009/01/31) Phillip Lougher
[STDERR  ] 2017-11-02T13:30:35.281965784Z: [    6.782524] FS-Cache: Netfs 'cifs' registered for caching
[STDERR  ] 2017-11-02T13:30:35.281975001Z: [    6.783621] fuse init (API version 7.26)
[STDERR  ] 2017-11-02T13:30:35.281983753Z: [    6.786242] SGI XFS with ACLs, security attributes, no debug enabled
