[INFO    ] 2018-01-25T22:39:01.086038625Z: Running Test linuxkit.packages.mkimage in /tmp/with_clone27ddb4c8/test/cases/040_packages/013_mkimage
[INFO    ] 2018-01-25T22:39:01.086184847Z: Running command: [/bin/sh -x /tmp/with_clone27ddb4c8/test/cases/040_packages/013_mkimage/test.sh]
[STDERR  ] 2018-01-25T22:39:01.087301953Z: + set -e
[STDERR  ] 2018-01-25T22:39:01.087515688Z: + . /tmp/with_clone27ddb4c8/test/cases/_lib/lib.sh
[STDERR  ] 2018-01-25T22:39:01.087730238Z: + [ -f src/github.com/linuxkit/rtf/lib/lib.sh ]
[STDERR  ] 2018-01-25T22:39:01.087879647Z: + LINUXKIT_TMPDIR=/tmp/with_clone27ddb4c8/test/cases/_tmp
[STDERR  ] 2018-01-25T22:39:01.088029576Z: + [ -f /tmp/with_clone27ddb4c8/test/cases/_tmp/env.sh ]
[STDERR  ] 2018-01-25T22:39:01.088156243Z: + . /tmp/with_clone27ddb4c8/test/cases/_tmp/env.sh
[STDERR  ] 2018-01-25T22:39:01.088277965Z: + export LINUXKIT_EXAMPLES_DIR=/tmp/with_clone27ddb4c8/test/cases/../../examples
[STDERR  ] 2018-01-25T22:39:01.088382479Z: + RT_CANCEL=253
[STDERR  ] 2018-01-25T22:39:01.088539026Z: + trap clean_up EXIT
[STDERR  ] 2018-01-25T22:39:01.088695742Z: + linuxkit build -format kernel+initrd run.yml
[STDERR  ] 2018-01-25T22:39:01.146334742Z: Extract kernel image: linuxkit/kernel:4.9.78
[STDERR  ] 2018-01-25T22:39:02.291442824Z: time="2018-01-25T22:39:02Z" level=warning msg="certificate with CN  is near expiry"
[STDERR  ] 2018-01-25T22:39:02.291579327Z: time="2018-01-25T22:39:02Z" level=warning msg="certificate with CN  is near expiry"
[STDERR  ] 2018-01-25T22:39:02.292079366Z: time="2018-01-25T22:39:02Z" level=warning msg="certificate with CN Justin Cormack is near expiry"
[STDERR  ] 2018-01-25T22:39:02.340305194Z: time="2018-01-25T22:39:02Z" level=warning msg="certificate with CN Justin Cormack is near expiry"
[STDERR  ] 2018-01-25T22:39:05.830396378Z: Add init containers:
[STDERR  ] 2018-01-25T22:39:05.830467394Z: Process init image: linuxkit/init:v0.2
[STDERR  ] 2018-01-25T22:39:06.849293942Z: time="2018-01-25T22:39:06Z" level=warning msg="certificate with CN Justin Cormack is near expiry"
[STDERR  ] 2018-01-25T22:39:06.849444396Z: time="2018-01-25T22:39:06Z" level=warning msg="certificate with CN  is near expiry"
[STDERR  ] 2018-01-25T22:39:06.849636606Z: time="2018-01-25T22:39:06Z" level=warning msg="certificate with CN  is near expiry"
[STDERR  ] 2018-01-25T22:39:06.854132431Z: time="2018-01-25T22:39:06Z" level=warning msg="certificate with CN Justin Cormack is near expiry"
[STDERR  ] 2018-01-25T22:39:06.855783923Z: time="2018-01-25T22:39:06Z" level=warning msg="certificate with CN  is near expiry"
[STDERR  ] 2018-01-25T22:39:08.348590983Z: Process init image: linuxkit/runc:v0.2
[STDERR  ] 2018-01-25T22:39:09.358205594Z: time="2018-01-25T22:39:09Z" level=warning msg="certificate with CN  is near expiry"
[STDERR  ] 2018-01-25T22:39:09.358783386Z: time="2018-01-25T22:39:09Z" level=warning msg="certificate with CN Justin Cormack is near expiry"
[STDERR  ] 2018-01-25T22:39:09.359064163Z: time="2018-01-25T22:39:09Z" level=warning msg="certificate with CN  is near expiry"
[STDERR  ] 2018-01-25T22:39:09.370846866Z: time="2018-01-25T22:39:09Z" level=warning msg="certificate with CN Justin Cormack is near expiry"
[STDERR  ] 2018-01-25T22:39:09.373052248Z: time="2018-01-25T22:39:09Z" level=warning msg="certificate with CN  is near expiry"
[STDERR  ] 2018-01-25T22:39:10.316620486Z: Add onboot containers:
[STDERR  ] 2018-01-25T22:39:10.316684377Z:   Create OCI config for linuxkit/poweroff:f9a0a5e52fd2a97908bda33db2afffafe4a6a67d
[STDERR  ] 2018-01-25T22:39:11.447969505Z: time="2018-01-25T22:39:11Z" level=warning msg="certificate with CN  is near expiry"
[STDERR  ] 2018-01-25T22:39:11.448486324Z: time="2018-01-25T22:39:11Z" level=warning msg="certificate with CN Justin Cormack is near expiry"
[STDERR  ] 2018-01-25T22:39:11.448833625Z: time="2018-01-25T22:39:11Z" level=warning msg="certificate with CN Rolf Neugebauer is near expiry"
[STDERR  ] 2018-01-25T22:39:11.448996015Z: time="2018-01-25T22:39:11Z" level=warning msg="certificate with CN  is near expiry"
[STDERR  ] 2018-01-25T22:39:11.451789132Z: time="2018-01-25T22:39:11Z" level=warning msg="certificate with CN Rolf Neugebauer is near expiry"
[STDERR  ] 2018-01-25T22:39:11.453058725Z: time="2018-01-25T22:39:11Z" level=warning msg="certificate with CN  is near expiry"
[STDERR  ] 2018-01-25T22:39:12.347425422Z: Create outputs:
[STDERR  ] 2018-01-25T22:39:17.855569253Z:   run-kernel run-initrd.img run-cmdline
[STDERR  ] 2018-01-25T22:39:18.008221801Z: + linuxkit build -format kernel+initrd mkimage.yml
[STDERR  ] 2018-01-25T22:39:18.051256462Z: Extract kernel image: linuxkit/kernel:4.9.78
[STDERR  ] 2018-01-25T22:39:19.223036477Z: time="2018-01-25T22:39:19Z" level=warning msg="certificate with CN  is near expiry"
[STDERR  ] 2018-01-25T22:39:19.223770641Z: time="2018-01-25T22:39:19Z" level=warning msg="certificate with CN Justin Cormack is near expiry"
[STDERR  ] 2018-01-25T22:39:19.223934276Z: time="2018-01-25T22:39:19Z" level=warning msg="certificate with CN  is near expiry"
[STDERR  ] 2018-01-25T22:39:19.321640665Z: time="2018-01-25T22:39:19Z" level=warning msg="certificate with CN Justin Cormack is near expiry"
[STDERR  ] 2018-01-25T22:39:22.945435992Z: Add init containers:
[STDERR  ] 2018-01-25T22:39:22.945511666Z: Process init image: linuxkit/init:v0.2
[STDERR  ] 2018-01-25T22:39:23.985042385Z: time="2018-01-25T22:39:23Z" level=warning msg="certificate with CN  is near expiry"
[STDERR  ] 2018-01-25T22:39:23.985678182Z: time="2018-01-25T22:39:23Z" level=warning msg="certificate with CN Justin Cormack is near expiry"
[STDERR  ] 2018-01-25T22:39:23.986004045Z: time="2018-01-25T22:39:23Z" level=warning msg="certificate with CN  is near expiry"
[STDERR  ] 2018-01-25T22:39:23.994334715Z: time="2018-01-25T22:39:23Z" level=warning msg="certificate with CN Justin Cormack is near expiry"
[STDERR  ] 2018-01-25T22:39:23.997160298Z: time="2018-01-25T22:39:23Z" level=warning msg="certificate with CN  is near expiry"
[STDERR  ] 2018-01-25T22:39:25.059677937Z: Process init image: linuxkit/runc:v0.2
[STDERR  ] 2018-01-25T22:39:26.086419903Z: time="2018-01-25T22:39:26Z" level=warning msg="certificate with CN  is near expiry"
[STDERR  ] 2018-01-25T22:39:26.086633721Z: time="2018-01-25T22:39:26Z" level=warning msg="certificate with CN  is near expiry"
[STDERR  ] 2018-01-25T22:39:26.087127963Z: time="2018-01-25T22:39:26Z" level=warning msg="certificate with CN Justin Cormack is near expiry"
[STDERR  ] 2018-01-25T22:39:26.099226127Z: time="2018-01-25T22:39:26Z" level=warning msg="certificate with CN Justin Cormack is near expiry"
[STDERR  ] 2018-01-25T22:39:26.101801791Z: time="2018-01-25T22:39:26Z" level=warning msg="certificate with CN  is near expiry"
[STDERR  ] 2018-01-25T22:39:27.180325801Z: Add onboot containers:
[STDERR  ] 2018-01-25T22:39:27.180386605Z:   Create OCI config for linuxkit/mkimage:v0.2
[STDERR  ] 2018-01-25T22:39:28.249520146Z: time="2018-01-25T22:39:28Z" level=warning msg="certificate with CN Rolf Neugebauer is near expiry"
[STDERR  ] 2018-01-25T22:39:28.24973279Z: time="2018-01-25T22:39:28Z" level=warning msg="certificate with CN  is near expiry"
[STDERR  ] 2018-01-25T22:39:28.25001789Z: time="2018-01-25T22:39:28Z" level=warning msg="certificate with CN  is near expiry"
[STDERR  ] 2018-01-25T22:39:28.250530931Z: time="2018-01-25T22:39:28Z" level=warning msg="certificate with CN Justin Cormack is near expiry"
[STDERR  ] 2018-01-25T22:39:28.253500353Z: time="2018-01-25T22:39:28Z" level=warning msg="certificate with CN Justin Cormack is near expiry"
[STDERR  ] 2018-01-25T22:39:28.256484577Z: time="2018-01-25T22:39:28Z" level=warning msg="certificate with CN Rolf Neugebauer is near expiry"
[STDERR  ] 2018-01-25T22:39:28.258120653Z: time="2018-01-25T22:39:28Z" level=warning msg="certificate with CN  is near expiry"
[STDERR  ] 2018-01-25T22:39:29.566248853Z:   Create OCI config for linuxkit/poweroff:f9a0a5e52fd2a97908bda33db2afffafe4a6a67d
[STDERR  ] 2018-01-25T22:39:30.598706643Z: time="2018-01-25T22:39:30Z" level=warning msg="certificate with CN Justin Cormack is near expiry"
[STDERR  ] 2018-01-25T22:39:30.599859928Z: time="2018-01-25T22:39:30Z" level=warning msg="certificate with CN Rolf Neugebauer is near expiry"
[STDERR  ] 2018-01-25T22:39:30.600032379Z: time="2018-01-25T22:39:30Z" level=warning msg="certificate with CN  is near expiry"
[STDERR  ] 2018-01-25T22:39:30.600219449Z: time="2018-01-25T22:39:30Z" level=warning msg="certificate with CN  is near expiry"
[STDERR  ] 2018-01-25T22:39:30.603153044Z: time="2018-01-25T22:39:30Z" level=warning msg="certificate with CN Rolf Neugebauer is near expiry"
[STDERR  ] 2018-01-25T22:39:30.604456802Z: time="2018-01-25T22:39:30Z" level=warning msg="certificate with CN  is near expiry"
[STDERR  ] 2018-01-25T22:39:31.410782165Z: Create outputs:
[STDERR  ] 2018-01-25T22:39:38.663564725Z:   mkimage-kernel mkimage-initrd.img mkimage-cmdline
[STDERR  ] 2018-01-25T22:39:38.817190548Z: + tar cf tarball.img run-kernel run-initrd.img run-cmdline
[STDERR  ] 2018-01-25T22:39:38.859516204Z: + linuxkit run qemu -disk disk.qcow2,size=200M,format=qcow2 -disk tarball.img,format=raw -kernel mkimage
[STDERR  ] 2018-01-25T22:39:38.908833976Z: Using existing disk [tarball.img] format raw
[STDOUT  ] 2018-01-25T22:39:40.717232702Z: [    0.000000] Linux version 4.9.78-linuxkit (root@9ac57ca26f22) (gcc version 6.4.0 (Alpine 6.4.0) ) #1 SMP Wed Jan 24 12:49:16 UTC 2018
[STDOUT  ] 2018-01-25T22:39:40.718136822Z: [    0.000000] Command line: console=ttyS0 console=ttyAMA0
[STDOUT  ] 2018-01-25T22:39:40.718738832Z: [    0.000000] x86/fpu: Legacy x87 FPU detected.
[STDOUT  ] 2018-01-25T22:39:40.719446928Z: [    0.000000] x86/fpu: Using 'eager' FPU context switches.
[STDOUT  ] 2018-01-25T22:39:40.720089788Z: [    0.000000] e820: BIOS-provided physical RAM map:
[STDOUT  ] 2018-01-25T22:39:40.720981253Z: [    0.000000] BIOS-e820: [mem 0x0000000000000000-0x000000000009fbff] usable
[STDOUT  ] 2018-01-25T22:39:40.72189439Z: [    0.000000] BIOS-e820: [mem 0x000000000009fc00-0x000000000009ffff] reserved
[STDOUT  ] 2018-01-25T22:39:40.722795938Z: [    0.000000] BIOS-e820: [mem 0x00000000000f0000-0x00000000000fffff] reserved
[STDOUT  ] 2018-01-25T22:39:40.723681714Z: [    0.000000] BIOS-e820: [mem 0x0000000000100000-0x000000003ffddfff] usable
[STDOUT  ] 2018-01-25T22:39:40.724653908Z: [    0.000000] BIOS-e820: [mem 0x000000003ffde000-0x000000003fffffff] reserved
[STDOUT  ] 2018-01-25T22:39:40.726091807Z: [    0.000000] BIOS-e820: [mem 0x00000000b0000000-0x00000000bfffffff] reserved
[STDOUT  ] 2018-01-25T22:39:40.727016303Z: [    0.000000] BIOS-e820: [mem 0x00000000fed1c000-0x00000000fed1ffff] reserved
[STDOUT  ] 2018-01-25T22:39:40.728008254Z: [    0.000000] BIOS-e820: [mem 0x00000000fffc0000-0x00000000ffffffff] reserved
[STDOUT  ] 2018-01-25T22:39:40.7286741Z: [    0.000000] NX (Execute Disable) protection: active
[STDOUT  ] 2018-01-25T22:39:40.7291003Z: [    0.000000] SMBIOS 2.8 present.
[STDOUT  ] 2018-01-25T22:39:40.729799505Z: [    0.000000] Kernel/User page tables isolation: disabled
[STDOUT  ] 2018-01-25T22:39:40.730592209Z: [    0.000000] e820: last_pfn = 0x3ffde max_arch_pfn = 0x400000000
[STDOUT  ] 2018-01-25T22:39:40.731519742Z: [    0.000000] x86/PAT: Configuration [0-7]: WB  WC  UC- UC  WB  WC  UC- WT  
[STDOUT  ] 2018-01-25T22:39:40.732596678Z: [    0.000000] found SMP MP-table at [mem 0x000f6aa0-0x000f6aaf] mapped at [ffff9fc1400f6aa0]
[STDOUT  ] 2018-01-25T22:39:40.733225041Z: [    0.000000] RAMDISK: [mem 0x3e381000-0x3ffcffff]
[STDOUT  ] 2018-01-25T22:39:40.733968602Z: [    0.000000] ACPI: Early table checksum verification disabled
[STDOUT  ] 2018-01-25T22:39:40.735072858Z: [    0.000000] ACPI: RSDP 0x00000000000F68C0 000014 (v00 BOCHS )
[STDOUT  ] 2018-01-25T22:39:40.736237221Z: [    0.000000] ACPI: RSDT 0x000000003FFE2404 000034 (v01 BOCHS  BXPCRSDT 00000001 BXPC 00000001)
[STDOUT  ] 2018-01-25T22:39:40.737346907Z: [    0.000000] ACPI: FACP 0x000000003FFE22A4 000074 (v01 BOCHS  BXPCFACP 00000001 BXPC 00000001)
[STDOUT  ] 2018-01-25T22:39:40.738558642Z: [    0.000000] ACPI: DSDT 0x000000003FFE0040 002264 (v01 BOCHS  BXPCDSDT 00000001 BXPC 00000001)
[STDOUT  ] 2018-01-25T22:39:40.739197077Z: [    0.000000] ACPI: FACS 0x000000003FFE0000 000040
[STDOUT  ] 2018-01-25T22:39:40.740313513Z: [    0.000000] ACPI: APIC 0x000000003FFE2318 000078 (v01 BOCHS  BXPCAPIC 00000001 BXPC 00000001)
[STDOUT  ] 2018-01-25T22:39:40.741423159Z: [    0.000000] ACPI: HPET 0x000000003FFE2390 000038 (v01 BOCHS  BXPCHPET 00000001 BXPC 00000001)
[STDOUT  ] 2018-01-25T22:39:40.742524912Z: [    0.000000] ACPI: MCFG 0x000000003FFE23C8 00003C (v01 BOCHS  BXPCMCFG 00000001 BXPC 00000001)
[STDOUT  ] 2018-01-25T22:39:40.742899Z: [    0.000000] Zone ranges:
[STDOUT  ] 2018-01-25T22:39:40.743718779Z: [    0.000000]   DMA      [mem 0x0000000000001000-0x0000000000ffffff]
[STDOUT  ] 2018-01-25T22:39:40.744529307Z: [    0.000000]   DMA32    [mem 0x0000000001000000-0x000000003ffddfff]
[STDOUT  ] 2018-01-25T22:39:40.744928538Z: [    0.000000]   Normal   empty
[STDOUT  ] 2018-01-25T22:39:40.74549611Z: [    0.000000] Movable zone start for each node
[STDOUT  ] 2018-01-25T22:39:40.745984574Z: [    0.000000] Early memory node ranges
[STDOUT  ] 2018-01-25T22:39:40.74679392Z: [    0.000000]   node   0: [mem 0x0000000000001000-0x000000000009efff]
[STDOUT  ] 2018-01-25T22:39:40.747701057Z: [    0.000000]   node   0: [mem 0x0000000000100000-0x000000003ffddfff]
[STDOUT  ] 2018-01-25T22:39:40.748622546Z: [    0.000000] Initmem setup node 0 [mem 0x0000000000001000-0x000000003ffddfff]
[STDOUT  ] 2018-01-25T22:39:40.749166136Z: [    0.000000] ACPI: PM-Timer IO Port: 0x608
[STDOUT  ] 2018-01-25T22:39:40.749937957Z: [    0.000000] ACPI: LAPIC_NMI (acpi_id[0xff] dfl dfl lint[0x1])
[STDOUT  ] 2018-01-25T22:39:40.750832342Z: [    0.000000] IOAPIC[0]: apic_id 0, version 32, address 0xfec00000, GSI 0-23
[STDOUT  ] 2018-01-25T22:39:40.751662802Z: [    0.000000] ACPI: INT_SRC_OVR (bus 0 bus_irq 0 global_irq 2 dfl dfl)
[STDOUT  ] 2018-01-25T22:39:40.752519516Z: [    0.000000] ACPI: INT_SRC_OVR (bus 0 bus_irq 5 global_irq 5 high level)
[STDOUT  ] 2018-01-25T22:39:40.753383786Z: [    0.000000] ACPI: INT_SRC_OVR (bus 0 bus_irq 9 global_irq 9 high level)
[STDOUT  ] 2018-01-25T22:39:40.754288185Z: [    0.000000] ACPI: INT_SRC_OVR (bus 0 bus_irq 10 global_irq 10 high level)
[STDOUT  ] 2018-01-25T22:39:40.755176932Z: [    0.000000] ACPI: INT_SRC_OVR (bus 0 bus_irq 11 global_irq 11 high level)
[STDOUT  ] 2018-01-25T22:39:40.75596747Z: [    0.000000] Using ACPI (MADT) for SMP configuration information
[STDOUT  ] 2018-01-25T22:39:40.756650307Z: [    0.000000] ACPI: HPET id: 0x8086a201 base: 0xfed00000
[STDOUT  ] 2018-01-25T22:39:40.75729692Z: [    0.000000] smpboot: Allowing 1 CPUs, 0 hotplug CPUs
[STDOUT  ] 2018-01-25T22:39:40.758334169Z: [    0.000000] e820: [mem 0x40000000-0xafffffff] available for PCI devices
[STDOUT  ] 2018-01-25T22:39:40.759144725Z: [    0.000000] Booting paravirtualized kernel on bare hardware
[STDOUT  ] 2018-01-25T22:39:40.760636432Z: [    0.000000] clocksource: refined-jiffies: mask: 0xffffffff max_cycles: 0xffffffff, max_idle_ns: 19112604462750000 ns
[STDOUT  ] 2018-01-25T22:39:40.761740061Z: [    0.000000] setup_percpu: NR_CPUS:128 nr_cpumask_bits:128 nr_cpu_ids:1 nr_node_ids:1
[STDOUT  ] 2018-01-25T22:39:40.762890805Z: [    0.000000] percpu: Embedded 36 pages/cpu @ffff9fc17e000000 s106904 r8192 d32360 u2097152
[STDOUT  ] 2018-01-25T22:39:40.764030972Z: [    0.000000] Built 1 zonelists in Zone order, mobility grouping on.  Total pages: 257895
[STDOUT  ] 2018-01-25T22:39:40.764854425Z: [    0.000000] Kernel command line: console=ttyS0 console=ttyAMA0
[STDOUT  ] 2018-01-25T22:39:40.765721435Z: [    0.000000] PID hash table entries: 4096 (order: 3, 32768 bytes)
[STDOUT  ] 2018-01-25T22:39:40.766648664Z: [    0.000000] Dentry cache hash table entries: 131072 (order: 8, 1048576 bytes)
[STDOUT  ] 2018-01-25T22:39:40.767564597Z: [    0.000000] Inode-cache hash table entries: 65536 (order: 7, 524288 bytes)
[STDOUT  ] 2018-01-25T22:39:40.769303806Z: [    0.000000] Memory: 985136K/1048048K available (8055K kernel code, 1391K rwdata, 2704K rodata, 1400K init, 564K bss, 62912K reserved, 0K cma-reserved)
[STDOUT  ] 2018-01-25T22:39:40.769924969Z: [    0.000000] Hierarchical RCU implementation.
[STDOUT  ] 2018-01-25T22:39:40.77064647Z: [    0.000000] 	Build-time adjustment of leaf fanout to 64.
[STDOUT  ] 2018-01-25T22:39:40.771502368Z: [    0.000000] 	RCU restricting CPUs from NR_CPUS=128 to nr_cpu_ids=1.
[STDOUT  ] 2018-01-25T22:39:40.772398548Z: [    0.000000] RCU: Adjusting geometry for rcu_fanout_leaf=64, nr_cpu_ids=1
[STDOUT  ] 2018-01-25T22:39:40.772931588Z: [    0.000000] NR_IRQS:8448 nr_irqs:256 16
[STDOUT  ] 2018-01-25T22:39:40.773451979Z: [    0.000000] Console: colour VGA+ 80x25
[STDOUT  ] 2018-01-25T22:39:40.77402642Z: [    0.000000] console [ttyS0] enabled
[STDOUT  ] 2018-01-25T22:39:40.778289844Z: [    0.000000] clocksource: hpet: mask: 0xffffffff max_cycles: 0xffffffff, max_idle_ns: 19112604467 ns
[STDOUT  ] 2018-01-25T22:39:40.824159559Z: [    0.000000] tsc: Fast TSC calibration using PIT
[STDOUT  ] 2018-01-25T22:39:40.825042788Z: [    0.000000] tsc: Detected 2300.065 MHz processor
[STDOUT  ] 2018-01-25T22:39:40.828156251Z: [    0.021342] Calibrating delay loop (skipped), value calculated using timer frequency.. 4600.13 BogoMIPS (lpj=23000650)
[STDOUT  ] 2018-01-25T22:39:40.828912432Z: [    0.023087] pid_max: default: 32768 minimum: 301
[STDOUT  ] 2018-01-25T22:39:40.83025941Z: [    0.024312] ACPI: Core revision 20160831
[STDOUT  ] 2018-01-25T22:39:40.874192814Z: [    0.073755] ACPI: 1 ACPI AML tables successfully acquired and loaded
[STDOUT  ] 2018-01-25T22:39:40.877576447Z: [    0.077367] Security Framework initialized
[STDOUT  ] 2018-01-25T22:39:40.878218669Z: [    0.078144] Yama: becoming mindful.
[STDOUT  ] 2018-01-25T22:39:40.880909341Z: [    0.080464] Mount-cache hash table entries: 2048 (order: 2, 16384 bytes)
[STDOUT  ] 2018-01-25T22:39:40.881927773Z: [    0.081437] Mountpoint-cache hash table entries: 2048 (order: 2, 16384 bytes)
[STDOUT  ] 2018-01-25T22:39:40.901033235Z: [    0.100736] Last level iTLB entries: 4KB 0, 2MB 0, 4MB 0
[STDOUT  ] 2018-01-25T22:39:40.901878638Z: [    0.101529] Last level dTLB entries: 4KB 0, 2MB 0, 4MB 0, 1GB 0
[STDOUT  ] 2018-01-25T22:39:40.903058016Z: [    0.102435] Spectre V2 mitigation: LFENCE not serializing. Switching to generic retpoline
[STDOUT  ] 2018-01-25T22:39:40.904040326Z: [    0.103551] Spectre V2 mitigation: Vulnerable: Minimal generic ASM retpoline
[STDOUT  ] 2018-01-25T22:39:40.90488895Z: [    0.104533] Spectre V2 mitigation: Filling RSB on context switch
[STDOUT  ] 2018-01-25T22:39:41.318159171Z: [    0.517720] Freeing SMP alternatives memory: 20K
[STDOUT  ] 2018-01-25T22:39:41.327494045Z: [    0.527065] ftrace: allocating 35561 entries in 139 pages
[STDOUT  ] 2018-01-25T22:39:41.638483353Z: [    0.698364] smpboot: Max logical packages: 1
[STDOUT  ] 2018-01-25T22:39:41.643875138Z: [    0.703924] ..TIMER: vector=0x30 apic1=0 pin1=2 apic2=-1 pin2=-1
[STDOUT  ] 2018-01-25T22:39:41.861005833Z: [    0.810000] smpboot: CPU0: AMD QEMU Virtual CPU version 2.5+ (family: 0x6, model: 0x6, stepping: 0x3)
[STDOUT  ] 2018-01-25T22:39:41.862110662Z: [    0.810000] Performance Events: PMU not available due to virtualization, using software events only.
[STDOUT  ] 2018-01-25T22:39:41.877813456Z: [    0.817099] NMI watchdog: disabled (cpu0): hardware events not enabled
[STDOUT  ] 2018-01-25T22:39:41.878128863Z: [    0.817423] NMI watchdog: Shutting down hard lockup detector on all cpus
[STDOUT  ] 2018-01-25T22:39:41.881179252Z: [    0.820279] x86: Booted up 1 node, 1 CPUs
[STDOUT  ] 2018-01-25T22:39:41.881593112Z: [    0.820580] smpboot: Total of 1 processors activated (4600.13 BogoMIPS)
[STDOUT  ] 2018-01-25T22:39:41.894670381Z: [    0.833832] devtmpfs: initialized
[STDOUT  ] 2018-01-25T22:39:41.899355112Z: [    0.838534] x86/mm: Memory block size: 128MB
[STDOUT  ] 2018-01-25T22:39:41.994132659Z: [    0.932680] clocksource: jiffies: mask: 0xffffffff max_cycles: 0xffffffff, max_idle_ns: 19112604462750000 ns
[STDOUT  ] 2018-01-25T22:39:41.995136599Z: [    0.934138] futex hash table entries: 256 (order: 2, 16384 bytes)
[STDOUT  ] 2018-01-25T22:39:42.003064581Z: [    0.942230] NET: Registered protocol family 16
[STDOUT  ] 2018-01-25T22:39:42.012566482Z: [    0.951791] cpuidle: using governor ladder
[STDOUT  ] 2018-01-25T22:39:42.013242055Z: [    0.952505] cpuidle: using governor menu
[STDOUT  ] 2018-01-25T22:39:42.01460079Z: [    0.953839] ACPI: bus type PCI registered
[STDOUT  ] 2018-01-25T22:39:42.018410892Z: [    0.956969] PCI: MMCONFIG for domain 0000 [bus 00-ff] at [mem 0xb0000000-0xbfffffff] (base 0xb0000000)
[STDOUT  ] 2018-01-25T22:39:42.019445488Z: [    0.958375] PCI: MMCONFIG at [mem 0xb0000000-0xbfffffff] reserved in E820
[STDOUT  ] 2018-01-25T22:39:42.021184536Z: [    0.960184] PCI: Using configuration type 1 for base access
[STDOUT  ] 2018-01-25T22:39:42.076605113Z: [    1.015481] HugeTLB registered 2 MB page size, pre-allocated 0 pages
[STDOUT  ] 2018-01-25T22:39:42.090130116Z: [    1.028860] ACPI: Added _OSI(Module Device)
[STDOUT  ] 2018-01-25T22:39:42.092949547Z: [    1.030084] ACPI: Added _OSI(Processor Device)
[STDOUT  ] 2018-01-25T22:39:42.093664487Z: [    1.032685] ACPI: Added _OSI(3.0 _SCP Extensions)
[STDOUT  ] 2018-01-25T22:39:42.094341333Z: [    1.033375] ACPI: Added _OSI(Processor Aggregator Device)
[STDOUT  ] 2018-01-25T22:39:42.168758831Z: [    1.107986] ACPI: Interpreter enabled
[STDOUT  ] 2018-01-25T22:39:42.169735183Z: [    1.109016] ACPI: (supports S0 S5)
[STDOUT  ] 2018-01-25T22:39:42.170569334Z: [    1.109543] ACPI: Using IOAPIC for interrupt routing
[STDOUT  ] 2018-01-25T22:39:42.173216053Z: [    1.111479] PCI: Using host bridge windows from ACPI; if necessary, use "pci=nocrs" and report a bug
[STDOUT  ] 2018-01-25T22:39:42.235349066Z: [    1.174314] ACPI: PCI Root Bridge [PCI0] (domain 0000 [bus 00-ff])
[STDOUT  ] 2018-01-25T22:39:42.236886185Z: [    1.175674] acpi PNP0A08:00: _OSC: OS supports [ExtendedConfig ASPM ClockPM Segments MSI]
[STDOUT  ] 2018-01-25T22:39:42.243143527Z: [    1.181982] acpi PNP0A08:00: _OSC: OS now controls [PCIeHotplug PME PCIeCapability]
[STDOUT  ] 2018-01-25T22:39:42.246741644Z: [    1.185994] PCI host bridge to bus 0000:00
[STDOUT  ] 2018-01-25T22:39:42.247761779Z: [    1.186693] pci_bus 0000:00: root bus resource [io  0x0000-0x0cf7 window]
[STDOUT  ] 2018-01-25T22:39:42.248640123Z: [    1.187611] pci_bus 0000:00: root bus resource [io  0x0d00-0xffff window]
[STDOUT  ] 2018-01-25T22:39:42.249584878Z: [    1.188481] pci_bus 0000:00: root bus resource [mem 0x000a0000-0x000bffff window]
[STDOUT  ] 2018-01-25T22:39:42.25056559Z: [    1.189407] pci_bus 0000:00: root bus resource [mem 0xc0000000-0xfebfffff window]
[STDOUT  ] 2018-01-25T22:39:42.251474893Z: [    1.190196] pci_bus 0000:00: root bus resource [bus 00-ff]
[STDOUT  ] 2018-01-25T22:39:42.358047089Z: [    1.295277] pci 0000:00:1f.0: quirk: [io  0x0600-0x067f] claimed by ICH6 ACPI/GPIO/TCO
[STDOUT  ] 2018-01-25T22:39:42.416743041Z: [    1.355979] ACPI: PCI Interrupt Link [LNKA] (IRQs 5 *10 11)
[STDOUT  ] 2018-01-25T22:39:42.418540313Z: [    1.357950] ACPI: PCI Interrupt Link [LNKB] (IRQs 5 *10 11)
[STDOUT  ] 2018-01-25T22:39:42.420129126Z: [    1.359543] ACPI: PCI Interrupt Link [LNKC] (IRQs 5 10 *11)
[STDOUT  ] 2018-01-25T22:39:42.422064843Z: [    1.361259] ACPI: PCI Interrupt Link [LNKD] (IRQs 5 10 *11)
[STDOUT  ] 2018-01-25T22:39:42.423658925Z: [    1.362854] ACPI: PCI Interrupt Link [LNKE] (IRQs 5 *10 11)
[STDOUT  ] 2018-01-25T22:39:42.426283786Z: [    1.365471] ACPI: PCI Interrupt Link [LNKF] (IRQs 5 *10 11)
[STDOUT  ] 2018-01-25T22:39:42.428244184Z: [    1.367439] ACPI: PCI Interrupt Link [LNKG] (IRQs 5 10 *11)
[STDOUT  ] 2018-01-25T22:39:42.429863462Z: [    1.369048] ACPI: PCI Interrupt Link [LNKH] (IRQs 5 10 *11)
[STDOUT  ] 2018-01-25T22:39:42.43066509Z: [    1.370154] ACPI: PCI Interrupt Link [GSIA] (IRQs *16)
[STDOUT  ] 2018-01-25T22:39:42.431219297Z: [    1.370717] ACPI: PCI Interrupt Link [GSIB] (IRQs *17)
[STDOUT  ] 2018-01-25T22:39:42.431743082Z: [    1.371246] ACPI: PCI Interrupt Link [GSIC] (IRQs *18)
[STDOUT  ] 2018-01-25T22:39:42.432271022Z: [    1.371770] ACPI: PCI Interrupt Link [GSID] (IRQs *19)
[STDOUT  ] 2018-01-25T22:39:42.432855527Z: [    1.372305] ACPI: PCI Interrupt Link [GSIE] (IRQs *20)
[STDOUT  ] 2018-01-25T22:39:42.433401323Z: [    1.372899] ACPI: PCI Interrupt Link [GSIF] (IRQs *21)
[STDOUT  ] 2018-01-25T22:39:42.433927335Z: [    1.373430] ACPI: PCI Interrupt Link [GSIG] (IRQs *22)
[STDOUT  ] 2018-01-25T22:39:42.434450814Z: [    1.373953] ACPI: PCI Interrupt Link [GSIH] (IRQs *23)
[STDOUT  ] 2018-01-25T22:39:42.437965149Z: [    1.377474] ACPI: Enabled 2 GPEs in block 00 to 3F
[STDOUT  ] 2018-01-25T22:39:42.441829354Z: [    1.381319] SCSI subsystem initialized
[STDOUT  ] 2018-01-25T22:39:42.44355175Z: [    1.383134] ACPI: bus type USB registered
[STDOUT  ] 2018-01-25T22:39:42.444702028Z: [    1.384151] usbcore: registered new interface driver usbfs
[STDOUT  ] 2018-01-25T22:39:42.445527706Z: [    1.385043] usbcore: registered new interface driver hub
[STDOUT  ] 2018-01-25T22:39:42.446228792Z: [    1.385762] usbcore: registered new device driver usb
[STDOUT  ] 2018-01-25T22:39:42.447305095Z: [    1.386836] pps_core: LinuxPPS API ver. 1 registered
[STDOUT  ] 2018-01-25T22:39:42.447728167Z: [    1.387102] pps_core: Software ver. 5.3.6 - Copyright 2005-2007 Rodolfo Giometti <giometti@linux.it>
[STDOUT  ] 2018-01-25T22:39:42.448101911Z: [    1.387670] PTP clock support registered
[STDOUT  ] 2018-01-25T22:39:42.449627757Z: [    1.389198] PCI: Using ACPI for IRQ routing
[STDOUT  ] 2018-01-25T22:39:42.467565582Z: [    1.407128] NetLabel: Initializing
[STDOUT  ] 2018-01-25T22:39:42.467786146Z: [    1.407369] NetLabel:  domain hash size = 128
[STDOUT  ] 2018-01-25T22:39:42.468043954Z: [    1.407586] NetLabel:  protocols = UNLABELED CIPSOv4
[STDOUT  ] 2018-01-25T22:39:42.469824451Z: [    1.409332] NetLabel:  unlabeled traffic allowed by default
[STDOUT  ] 2018-01-25T22:39:42.470560818Z: [    1.410188] wmi: Mapper loaded
[STDOUT  ] 2018-01-25T22:39:42.47141027Z: [    1.410889] HPET: 3 timers in total, 0 timers will be used for per-cpu timer
[STDOUT  ] 2018-01-25T22:39:42.472092399Z: [    1.411499] hpet0: at MMIO 0xfed00000, IRQs 2, 8, 0
[STDOUT  ] 2018-01-25T22:39:42.47238848Z: [    1.411919] hpet0: 3 comparators, 64-bit 100.000000 MHz counter
[STDOUT  ] 2018-01-25T22:39:42.482556533Z: [    1.421574] clocksource: Switched to clocksource hpet
[STDOUT  ] 2018-01-25T22:39:42.732963294Z: [    1.670328] VFS: Disk quotas dquot_6.6.0
[STDOUT  ] 2018-01-25T22:39:42.734270822Z: [    1.671350] VFS: Dquot-cache hash table entries: 512 (order 0, 4096 bytes)
[STDOUT  ] 2018-01-25T22:39:42.736816263Z: [    1.674354] FS-Cache: Loaded
[STDOUT  ] 2018-01-25T22:39:42.741881033Z: [    1.679380] CacheFiles: Loaded
[STDOUT  ] 2018-01-25T22:39:42.74397603Z: [    1.681476] pnp: PnP ACPI init
[STDOUT  ] 2018-01-25T22:39:42.755385418Z: [    1.692757] pnp: PnP ACPI: found 5 devices
[STDOUT  ] 2018-01-25T22:39:42.805723009Z: [    1.742296] clocksource: acpi_pm: mask: 0xffffff max_cycles: 0xffffff, max_idle_ns: 2085701024 ns
[STDOUT  ] 2018-01-25T22:39:42.808354202Z: [    1.745719] NET: Registered protocol family 2
[STDOUT  ] 2018-01-25T22:39:42.816449376Z: [    1.753495] TCP established hash table entries: 8192 (order: 4, 65536 bytes)
[STDOUT  ] 2018-01-25T22:39:42.817611316Z: [    1.754680] TCP bind hash table entries: 8192 (order: 5, 131072 bytes)
[STDOUT  ] 2018-01-25T22:39:42.818679389Z: [    1.755822] TCP: Hash tables configured (established 8192 bind 8192)
[STDOUT  ] 2018-01-25T22:39:42.820940186Z: [    1.758124] UDP hash table entries: 512 (order: 2, 16384 bytes)
[STDOUT  ] 2018-01-25T22:39:42.821909592Z: [    1.759062] UDP-Lite hash table entries: 512 (order: 2, 16384 bytes)
[STDOUT  ] 2018-01-25T22:39:42.824560676Z: [    1.761904] NET: Registered protocol family 1
[STDOUT  ] 2018-01-25T22:39:42.826224748Z: [    1.763135] pci 0000:00:01.0: Video device with shadowed ROM at [mem 0x000c0000-0x000dffff]
[STDOUT  ] 2018-01-25T22:39:42.834869038Z: [    1.772332] Unpacking initramfs...
[STDOUT  ] 2018-01-25T22:39:47.336738883Z: [    6.274089] Freeing initrd memory: 28988K
[STDOUT  ] 2018-01-25T22:39:47.360295134Z: [    6.297537] PCLMULQDQ-NI instructions are not detected.
[STDOUT  ] 2018-01-25T22:39:47.361764846Z: [    6.299017] AVX or AES-NI instructions are not detected.
[STDOUT  ] 2018-01-25T22:39:47.362661341Z: [    6.299807] CPU feature 'AVX registers' is not supported.
[STDOUT  ] 2018-01-25T22:39:47.363602938Z: [    6.300858] CPU feature 'AVX registers' is not supported.
[STDOUT  ] 2018-01-25T22:39:47.364348939Z: [    6.301615] CPU feature 'AVX registers' is not supported.
[STDOUT  ] 2018-01-25T22:39:47.365273733Z: [    6.302349] CPU feature 'AVX registers' is not supported.
[STDOUT  ] 2018-01-25T22:39:47.366058615Z: [    6.303320] AVX2 or AES-NI instructions are not detected.
[STDOUT  ] 2018-01-25T22:39:47.366705026Z: [    6.304065] AVX2 instructions are not detected.
[STDOUT  ] 2018-01-25T22:39:47.372352449Z: [    6.309500] audit: initializing netlink subsys (disabled)
[STDOUT  ] 2018-01-25T22:39:47.375430905Z: [    6.312581] audit: type=2000 audit(1516919986.310:1): initialized
[STDOUT  ] 2018-01-25T22:39:47.382720336Z: [    6.319767] workingset: timestamp_bits=46 max_order=18 bucket_order=0
[STDOUT  ] 2018-01-25T22:39:47.390998475Z: [    6.328187] squashfs: version 4.0 (2009/01/31) Phillip Lougher
[STDOUT  ] 2018-01-25T22:39:47.393847697Z: [    6.331086] FS-Cache: Netfs 'cifs' registered for caching
[STDOUT  ] 2018-01-25T22:39:47.394876411Z: [    6.332294] fuse init (API version 7.26)
[STDOUT  ] 2018-01-25T22:39:47.397564915Z: [    6.334633] SGI XFS with ACLs, security attributes, no debug enabled
[STDOUT  ] 2018-01-25T22:39:47.40178381Z: [    6.339012] 9p: Installing v9fs 9p2000 file system support
[STDOUT  ] 2018-01-25T22:39:47.402674695Z: [    6.339871] FS-Cache: Netfs '9p' registered for caching
[STDOUT  ] 2018-01-25T22:39:47.435903472Z: [    6.373241] NET: Registered protocol family 38
[STDOUT  ] 2018-01-25T22:39:47.436770296Z: [    6.374169] Key type asymmetric registered
[STDOUT  ] 2018-01-25T22:39:47.437535018Z: [    6.374787] Asymmetric key parser 'x509' registered
[STDOUT  ] 2018-01-25T22:39:47.438881489Z: [    6.375903] Block layer SCSI generic (bsg) driver version 0.4 loaded (major 251)
[STDOUT  ] 2018-01-25T22:39:47.440181371Z: [    6.377600] io scheduler noop registered
[STDOUT  ] 2018-01-25T22:39:47.440893143Z: [    6.378187] io scheduler deadline registered (default)
[STDOUT  ] 2018-01-25T22:39:47.441720486Z: [    6.379153] io scheduler cfq registered
[STDOUT  ] 2018-01-25T22:39:47.44608415Z: [    6.383303] pci_hotplug: PCI Hot Plug PCI Core version: 0.5
[STDOUT  ] 2018-01-25T22:39:47.447128407Z: [    6.384216] pciehp: PCI Express Hot Plug Controller Driver version: 0.4
[STDOUT  ] 2018-01-25T22:39:47.448371982Z: [    6.385472] shpchp: Standard Hot Plug PCI Controller Driver version: 0.4
[STDOUT  ] 2018-01-25T22:39:47.44935735Z: [    6.386672] hv_vmbus: registering driver hyperv_fb
[STDOUT  ] 2018-01-25T22:39:47.45322161Z: [    6.390058] input: Power Button as /devices/LNXSYSTM:00/LNXPWRBN:00/input/input0
[STDOUT  ] 2018-01-25T22:39:47.454798339Z: [    6.392229] ACPI: Power Button [PWRF]
[STDOUT  ] 2018-01-25T22:39:47.459577194Z: [    6.396989] GHES: HEST is not enabled!
[STDOUT  ] 2018-01-25T22:39:47.470825877Z: [    6.407966] ACPI: PCI Interrupt Link [GSIG] enabled at IRQ 22
[STDOUT  ] 2018-01-25T22:39:47.483495711Z: [    6.420682] ACPI: PCI Interrupt Link [GSIH] enabled at IRQ 23
[STDOUT  ] 2018-01-25T22:39:47.487712107Z: [    6.424773] xenfs: not registering filesystem on non-xen platform
[STDOUT  ] 2018-01-25T22:39:47.490057462Z: [    6.427168] Serial: 8250/16550 driver, 4 ports, IRQ sharing disabled
[STDOUT  ] 2018-01-25T22:39:47.515358864Z: [    6.452302] 00:04: ttyS0 at I/O 0x3f8 (irq = 4, base_baud = 115200) is a 16550A
[STDOUT  ] 2018-01-25T22:39:47.525616391Z: [    6.462987] Non-volatile memory driver v1.3
[STDOUT  ] 2018-01-25T22:39:47.532739396Z: [    6.469468] Hangcheck: starting hangcheck timer 0.9.1 (tick is 180 seconds, margin is 60 seconds).
[STDOUT  ] 2018-01-25T22:39:47.537738887Z: [    6.475174] random: fast init done
[STDOUT  ] 2018-01-25T22:39:47.539132369Z: [    6.476594] random: crng init done
[STDOUT  ] 2018-01-25T22:39:47.572593958Z: [    6.509980] loop: module loaded
[STDOUT  ] 2018-01-25T22:39:47.586904784Z: [    6.524224] nbd: registered device at major 43
[STDOUT  ] 2018-01-25T22:39:47.645665936Z: [    6.582681] lpc_ich 0000:00:1f.0: I/O space for GPIO uninitialized
[STDOUT  ] 2018-01-25T22:39:47.647621712Z: [    6.584863] VMware PVSCSI driver - version 1.0.7.0-k
[STDOUT  ] 2018-01-25T22:39:47.648636265Z: [    6.585919] hv_vmbus: registering driver hv_storvsc
[STDOUT  ] 2018-01-25T22:39:47.65890129Z: [    6.596101] ACPI: PCI Interrupt Link [GSIA] enabled at IRQ 16
[STDOUT  ] 2018-01-25T22:39:47.665869704Z: [    6.602724] ahci 0000:00:1f.2: AHCI 0001.0000 32 slots 6 ports 1.5 Gbps 0x3f impl SATA mode
[STDOUT  ] 2018-01-25T22:39:47.666668918Z: [    6.603954] ahci 0000:00:1f.2: flags: 64bit ncq only 
[STDOUT  ] 2018-01-25T22:39:47.686907872Z: [    6.624426] scsi host0: ahci
[STDOUT  ] 2018-01-25T22:39:47.690716744Z: [    6.628240] scsi host1: ahci
[STDOUT  ] 2018-01-25T22:39:47.693289471Z: [    6.630818] scsi host2: ahci
[STDOUT  ] 2018-01-25T22:39:47.695640038Z: [    6.633166] scsi host3: ahci
[STDOUT  ] 2018-01-25T22:39:47.698050701Z: [    6.635569] scsi host4: ahci
[STDOUT  ] 2018-01-25T22:39:47.700438222Z: [    6.637973] scsi host5: ahci
[STDOUT  ] 2018-01-25T22:39:47.702941272Z: [    6.639878] ata1: SATA max UDMA/133 abar m4096@0xfebd2000 port 0xfebd2100 irq 24
[STDOUT  ] 2018-01-25T22:39:47.704419033Z: [    6.641091] ata2: SATA max UDMA/133 abar m4096@0xfebd2000 port 0xfebd2180 irq 24
[STDOUT  ] 2018-01-25T22:39:47.705687392Z: [    6.642397] ata3: SATA max UDMA/133 abar m4096@0xfebd2000 port 0xfebd2200 irq 24
[STDOUT  ] 2018-01-25T22:39:47.706956424Z: [    6.643661] ata4: SATA max UDMA/133 abar m4096@0xfebd2000 port 0xfebd2280 irq 24
[STDOUT  ] 2018-01-25T22:39:47.708312598Z: [    6.644931] ata5: SATA max UDMA/133 abar m4096@0xfebd2000 port 0xfebd2300 irq 24
[STDOUT  ] 2018-01-25T22:39:47.709619473Z: [    6.646285] ata6: SATA max UDMA/133 abar m4096@0xfebd2000 port 0xfebd2380 irq 24
[STDOUT  ] 2018-01-25T22:39:47.724846181Z: [    6.662020] tun: Universal TUN/TAP device driver, 1.6
[STDOUT  ] 2018-01-25T22:39:47.725771944Z: [    6.662920] tun: (C) 1999-2004 Max Krasnyansky <maxk@qualcomm.com>
[STDOUT  ] 2018-01-25T22:39:47.735826221Z: [    6.672869] VMware vmxnet3 virtual NIC driver - version 1.4.a.0-k-NAPI
[STDOUT  ] 2018-01-25T22:39:47.736855018Z: [    6.674156] hv_vmbus: registering driver hv_netvsc
[STDOUT  ] 2018-01-25T22:39:47.737472828Z: [    6.674834] Fusion MPT base driver 3.04.20
[STDOUT  ] 2018-01-25T22:39:47.738119386Z: [    6.675437] Copyright (c) 1999-2008 LSI Corporation
[STDOUT  ] 2018-01-25T22:39:47.738923752Z: [    6.676282] Fusion MPT SPI Host driver 3.04.20
[STDOUT  ] 2018-01-25T22:39:47.741552387Z: [    6.678455] i8042: PNP: PS/2 Controller [PNP0303:KBD,PNP0f13:MOU] at 0x60,0x64 irq 1,12
[STDOUT  ] 2018-01-25T22:39:47.74585727Z: [    6.683130] serio: i8042 KBD port at 0x60,0x64 irq 1
[STDOUT  ] 2018-01-25T22:39:47.746791176Z: [    6.684062] serio: i8042 AUX port at 0x60,0x64 irq 12
[STDOUT  ] 2018-01-25T22:39:47.750059545Z: [    6.687289] hv_vmbus: registering driver hyperv_keyboard
[STDOUT  ] 2018-01-25T22:39:47.752489483Z: [    6.689637] mousedev: PS/2 mouse device common for all mice
[STDOUT  ] 2018-01-25T22:39:47.758437165Z: [    6.695245] input: AT Translated Set 2 keyboard as /devices/platform/i8042/serio0/input/input1
[STDOUT  ] 2018-01-25T22:39:47.761485023Z: [    6.698565] input: PC Speaker as /devices/platform/pcspkr/input/input2
[STDOUT  ] 2018-01-25T22:39:47.765380148Z: [    6.702697] rtc_cmos 00:00: RTC can wake from S4
[STDOUT  ] 2018-01-25T22:39:47.769076371Z: [    6.706226] rtc_cmos 00:00: rtc core: registered rtc_cmos as rtc0
[STDOUT  ] 2018-01-25T22:39:47.770737722Z: [    6.707734] rtc_cmos 00:00: alarms up to one day, y3k, 114 bytes nvram, hpet irqs
[STDOUT  ] 2018-01-25T22:39:47.771427464Z: [    6.708890] i2c /dev entries driver
[STDOUT  ] 2018-01-25T22:39:47.774281906Z: [    6.711140] device-mapper: ioctl: 4.35.0-ioctl (2016-06-23) initialised: dm-devel@redhat.com
[STDOUT  ] 2018-01-25T22:39:47.778954801Z: [    6.716162] usbcore: registered new interface driver usbhid
[STDOUT  ] 2018-01-25T22:39:47.779524627Z: [    6.716951] usbhid: USB HID core driver
[STDOUT  ] 2018-01-25T22:39:47.780513123Z: [    6.717767] hv_utils: Registering HyperV Utility Driver
[STDOUT  ] 2018-01-25T22:39:47.781127096Z: [    6.718469] hv_vmbus: registering driver hv_util
[STDOUT  ] 2018-01-25T22:39:47.781766064Z: [    6.719079] hv_vmbus: registering driver hv_balloon
[STDOUT  ] 2018-01-25T22:39:47.78253729Z: [    6.719898] oprofile: using NMI interrupt.
[STDOUT  ] 2018-01-25T22:39:47.783881057Z: [    6.721378] GACT probability on
[STDOUT  ] 2018-01-25T22:39:47.784603842Z: [    6.722042] Mirror/redirect action on
[STDOUT  ] 2018-01-25T22:39:47.785670907Z: [    6.723089] Simple TC action Loaded
[STDOUT  ] 2018-01-25T22:39:47.786510243Z: [    6.724068] u32 classifier
[STDOUT  ] 2018-01-25T22:39:47.787037713Z: [    6.724464]     Performance counters on
[STDOUT  ] 2018-01-25T22:39:47.78754519Z: [    6.724985]     input device check on
[STDOUT  ] 2018-01-25T22:39:47.787994196Z: [    6.725495]     Actions configured
[STDOUT  ] 2018-01-25T22:39:47.788923909Z: [    6.726236] Netfilter messages via NETLINK v0.30.
[STDOUT  ] 2018-01-25T22:39:47.789797606Z: [    6.727095] nfnl_acct: registering with nfnetlink.
[STDOUT  ] 2018-01-25T22:39:47.791894823Z: [    6.728774] nf_conntrack version 0.5.0 (8192 buckets, 32768 max)
[STDOUT  ] 2018-01-25T22:39:47.797400393Z: [    6.734593] ctnetlink v0.93: registering with nfnetlink.
[STDOUT  ] 2018-01-25T22:39:47.800783058Z: [    6.737858] nf_tables: (c) 2007-2009 Patrick McHardy <kaber@trash.net>
[STDOUT  ] 2018-01-25T22:39:47.802141562Z: [    6.739161] nf_tables_compat: (c) 2012 Pablo Neira Ayuso <pablo@netfilter.org>
[STDOUT  ] 2018-01-25T22:39:47.804770312Z: [    6.742120] xt_time: kernel timezone is -0000
[STDOUT  ] 2018-01-25T22:39:47.80541393Z: [    6.742937] ip_set: protocol 6
[STDOUT  ] 2018-01-25T22:39:47.806592033Z: [    6.743762] IPVS: Registered protocols (TCP, UDP, SCTP, AH, ESP)
[STDOUT  ] 2018-01-25T22:39:47.807748446Z: [    6.744739] IPVS: Connection hash table configured (size=4096, memory=64Kbytes)
[STDOUT  ] 2018-01-25T22:39:47.809547832Z: [    6.746884] IPVS: Creating netns size=2104 id=0
[STDOUT  ] 2018-01-25T22:39:47.812519629Z: [    6.749947] IPVS: ipvs loaded.
[STDOUT  ] 2018-01-25T22:39:47.813510741Z: [    6.750877] IPVS: [rr] scheduler registered.
[STDOUT  ] 2018-01-25T22:39:47.814140282Z: [    6.751514] IPVS: [wrr] scheduler registered.
[STDOUT  ] 2018-01-25T22:39:47.814709402Z: [    6.752101] IPVS: [lc] scheduler registered.
[STDOUT  ] 2018-01-25T22:39:47.815289833Z: [    6.752663] IPVS: [wlc] scheduler registered.
[STDOUT  ] 2018-01-25T22:39:47.815862053Z: [    6.753248] IPVS: [fo] scheduler registered.
[STDOUT  ] 2018-01-25T22:39:47.816441252Z: [    6.753813] IPVS: [ovf] scheduler registered.
[STDOUT  ] 2018-01-25T22:39:47.817144625Z: [    6.754508] IPVS: [lblc] scheduler registered.
[STDOUT  ] 2018-01-25T22:39:47.817884305Z: [    6.755207] IPVS: [lblcr] scheduler registered.
[STDOUT  ] 2018-01-25T22:39:47.818482059Z: [    6.755866] IPVS: [dh] scheduler registered.
[STDOUT  ] 2018-01-25T22:39:47.81906157Z: [    6.756445] IPVS: [sh] scheduler registered.
[STDOUT  ] 2018-01-25T22:39:47.819643774Z: [    6.757016] IPVS: [sed] scheduler registered.
[STDOUT  ] 2018-01-25T22:39:47.820215654Z: [    6.757601] IPVS: [nq] scheduler registered.
[STDOUT  ] 2018-01-25T22:39:47.821261403Z: [    6.758540] IPVS: ftp: loaded support on port[0] = 21
[STDOUT  ] 2018-01-25T22:39:47.822471814Z: [    6.759648] ipip: IPv4 and MPLS over IPv4 tunneling driver
[STDOUT  ] 2018-01-25T22:39:47.826942996Z: [    6.764195] gre: GRE over IPv4 demultiplexor driver
[STDOUT  ] 2018-01-25T22:39:47.830478583Z: [    6.767700] ip_tables: (C) 2000-2006 Netfilter Core Team
[STDOUT  ] 2018-01-25T22:39:47.834359296Z: [    6.771469] ipt_CLUSTERIP: ClusterIP Version 0.8 loaded successfully
[STDOUT  ] 2018-01-25T22:39:47.835378505Z: [    6.772582] arp_tables: arp_tables: (C) 2002 David S. Miller
[STDOUT  ] 2018-01-25T22:39:47.837878082Z: [    6.775169] NET: Registered protocol family 10
[STDOUT  ] 2018-01-25T22:39:47.847218253Z: [    6.784401] ip6_tables: (C) 2000-2006 Netfilter Core Team
[STDOUT  ] 2018-01-25T22:39:47.855575326Z: [    6.792908] NET: Registered protocol family 17
[STDOUT  ] 2018-01-25T22:39:47.856801497Z: [    6.794201] Bridge firewalling registered
[STDOUT  ] 2018-01-25T22:39:47.857554344Z: [    6.794978] Ebtables v2.0 registered
[STDOUT  ] 2018-01-25T22:39:47.859740417Z: [    6.797100] 8021q: 802.1Q VLAN Support v1.8
[STDOUT  ] 2018-01-25T22:39:47.861477225Z: [    6.798841] 9pnet: Installing 9P2000 support
[STDOUT  ] 2018-01-25T22:39:47.863450316Z: [    6.800812] Key type dns_resolver registered
[STDOUT  ] 2018-01-25T22:39:47.864717177Z: [    6.801958] microcode: AMD CPU family 0x6 not supported
[STDOUT  ] 2018-01-25T22:39:47.868522967Z: [    6.805890] registered taskstats version 1
[STDOUT  ] 2018-01-25T22:39:48.047477358Z: [    6.984647] ata5: SATA link down (SStatus 0 SControl 300)
[STDOUT  ] 2018-01-25T22:39:48.049903758Z: [    6.987114] ata4: SATA link down (SStatus 0 SControl 300)
[STDOUT  ] 2018-01-25T22:39:48.051061923Z: [    6.988214] ata3: SATA link up 1.5 Gbps (SStatus 113 SControl 300)
[STDOUT  ] 2018-01-25T22:39:48.053985418Z: [    6.991126] ata2: SATA link up 1.5 Gbps (SStatus 113 SControl 300)
[STDOUT  ] 2018-01-25T22:39:48.056353104Z: [    6.993547] ata2.00: ATA-7: QEMU HARDDISK, 2.5+, max UDMA/100
[STDOUT  ] 2018-01-25T22:39:48.057233125Z: [    6.994356] ata2.00: 57560 sectors, multi 16: LBA48 NCQ (depth 31/32)
[STDOUT  ] 2018-01-25T22:39:48.057979423Z: [    6.995370] ata2.00: applying bridge limits
[STDOUT  ] 2018-01-25T22:39:48.059932292Z: [    6.997298] ata2.00: configured for UDMA/100
[STDOUT  ] 2018-01-25T22:39:48.061059307Z: [    6.998209] ata1: SATA link up 1.5 Gbps (SStatus 113 SControl 300)
[STDOUT  ] 2018-01-25T22:39:48.061988887Z: [    6.999192] ata1.00: ATA-7: QEMU HARDDISK, 2.5+, max UDMA/100
[STDOUT  ] 2018-01-25T22:39:48.062854137Z: [    6.999940] ata1.00: 409600 sectors, multi 16: LBA48 NCQ (depth 31/32)
[STDOUT  ] 2018-01-25T22:39:48.06356437Z: [    7.000954] ata1.00: applying bridge limits
[STDOUT  ] 2018-01-25T22:39:48.064409299Z: [    7.001653] ata6: SATA link down (SStatus 0 SControl 300)
[STDOUT  ] 2018-01-25T22:39:48.065510922Z: [    7.002711] ata3.00: ATAPI: QEMU DVD-ROM, 2.5+, max UDMA/100
[STDOUT  ] 2018-01-25T22:39:48.066122966Z: [    7.003522] ata3.00: applying bridge limits
[STDOUT  ] 2018-01-25T22:39:48.066945723Z: [    7.004318] ata3.00: configured for UDMA/100
[STDOUT  ] 2018-01-25T22:39:48.073212714Z: [    7.010582] ata1.00: configured for UDMA/100
[STDOUT  ] 2018-01-25T22:39:48.091521085Z: [    7.028382] scsi 0:0:0:0: Direct-Access     ATA      QEMU HARDDISK    2.5+ PQ: 0 ANSI: 5
[STDOUT  ] 2018-01-25T22:39:48.100976332Z: [    7.037990] sd 0:0:0:0: [sda] 409600 512-byte logical blocks: (210 MB/200 MiB)
[STDOUT  ] 2018-01-25T22:39:48.10400674Z: [    7.041255] Key type big_key registered
[STDOUT  ] 2018-01-25T22:39:48.118926596Z: [    7.056549] sd 0:0:0:0: [sda] Write Protect is off
[STDOUT  ] 2018-01-25T22:39:48.120080896Z: [    7.057728] sd 0:0:0:0: Attached scsi generic sg0 type 0
[STDOUT  ] 2018-01-25T22:39:48.123195462Z: [    7.060705] sd 0:0:0:0: [sda] Write cache: enabled, read cache: enabled, doesn't support DPO or FUA
[STDOUT  ] 2018-01-25T22:39:48.131683464Z: [    7.069197] scsi 1:0:0:0: Direct-Access     ATA      QEMU HARDDISK    2.5+ PQ: 0 ANSI: 5
[STDOUT  ] 2018-01-25T22:39:48.137529109Z: [    7.075022] sd 1:0:0:0: [sdb] 57560 512-byte logical blocks: (29.5 MB/28.1 MiB)
[STDOUT  ] 2018-01-25T22:39:48.143002901Z: [    7.080672] sd 1:0:0:0: [sdb] Write Protect is off
[STDOUT  ] 2018-01-25T22:39:48.153774267Z: [    7.091133] sd 1:0:0:0: [sdb] Write cache: enabled, read cache: enabled, doesn't support DPO or FUA
[STDOUT  ] 2018-01-25T22:39:48.159004578Z: [    7.096637] sd 1:0:0:0: Attached scsi generic sg1 type 0
[STDOUT  ] 2018-01-25T22:39:48.168564232Z: [    7.106063] scsi 2:0:0:0: CD-ROM            QEMU     QEMU DVD-ROM     2.5+ PQ: 0 ANSI: 5
[STDOUT  ] 2018-01-25T22:39:48.20972898Z: [    7.147312] sd 1:0:0:0: [sdb] Attached SCSI disk
[STDOUT  ] 2018-01-25T22:39:48.216898364Z: [    7.154464] sr 2:0:0:0: [sr0] scsi3-mmc drive: 4x/4x cd/rw xa/form2 tray
[STDOUT  ] 2018-01-25T22:39:48.21748569Z: [    7.155057] cdrom: Uniform CD-ROM driver Revision: 3.20
[STDOUT  ] 2018-01-25T22:39:48.226748276Z: [    7.164393] sd 0:0:0:0: [sda] Attached SCSI disk
[STDOUT  ] 2018-01-25T22:39:48.235170097Z: [    7.172792] sr 2:0:0:0: Attached scsi generic sg2 type 5
[STDOUT  ] 2018-01-25T22:39:48.342928191Z: [    7.280516] tsc: Refined TSC clocksource calibration: 2300.037 MHz
[STDOUT  ] 2018-01-25T22:39:48.343466877Z: [    7.280954] clocksource: tsc: mask: 0xffffffffffffffff max_cycles: 0x21275849845, max_idle_ns: 440795280423 ns
[STDOUT  ] 2018-01-25T22:39:48.34969337Z: [    7.287374] Key type encrypted registered
[STDOUT  ] 2018-01-25T22:39:48.354109232Z: [    7.291555] rtc_cmos 00:00: setting system clock to 2018-01-25 22:39:48 UTC (1516919988)
[STDOUT  ] 2018-01-25T22:39:48.503667929Z: [    7.441300] Freeing unused kernel memory: 1400K
[STDOUT  ] 2018-01-25T22:39:48.504035069Z: [    7.441632] Write protecting the kernel read-only data: 12288k
[STDOUT  ] 2018-01-25T22:39:48.509480553Z: [    7.447081] Freeing unused kernel memory: 124K
[STDOUT  ] 2018-01-25T22:39:48.633720919Z: [    7.571367] Freeing unused kernel memory: 1392K
[STDOUT  ] 2018-01-25T22:39:49.363326711Z: [    8.300511] clocksource: Switched to clocksource tsc
[STDOUT  ] 2018-01-25T22:40:00.293331988Z: 
[STDOUT  ] 2018-01-25T22:40:00.29343825Z: Welcome to LinuxKit
[STDOUT  ] 2018-01-25T22:40:00.293468281Z: 
[STDOUT  ] 2018-01-25T22:40:00.293498627Z:                         ##         .
[STDOUT  ] 2018-01-25T22:40:00.29385391Z:                   ## ## ##        ==
[STDOUT  ] 2018-01-25T22:40:00.294015876Z:                ## ## ## ## ##    ===
[STDOUT  ] 2018-01-25T22:40:00.294328836Z:            /"""""""""""""""""\___/ ===
[STDOUT  ] 2018-01-25T22:40:00.294629363Z:           {                       /  ===-
[STDOUT  ] 2018-01-25T22:40:00.29493825Z:            \______ O           __/
[STDOUT  ] 2018-01-25T22:40:00.295152945Z:              \    \         __/
[STDOUT  ] 2018-01-25T22:40:00.295378577Z:               \____\_______/
[STDOUT  ] 2018-01-25T22:40:00.295483896Z: 
[STDOUT  ] 2018-01-25T22:40:04.149156774Z: [   23.086723]  sda:
[STDOUT  ] 2018-01-25T22:40:04.204425306Z: [   23.141987]  sda:
[STDOUT  ] 2018-01-25T22:40:04.273352444Z: [   23.210888]  sda: sda1
[STDOUT  ] 2018-01-25T22:40:04.333193832Z: [   23.270711]  sda: sda1
[STDOUT  ] 2018-01-25T22:40:35.093241892Z: [   54.029426] EXT4-fs (sda1): couldn't mount as ext3 due to feature incompatibilities
[STDOUT  ] 2018-01-25T22:40:35.104522802Z: [   54.040851] EXT4-fs (sda1): couldn't mount as ext2 due to feature incompatibilities
[STDOUT  ] 2018-01-25T22:40:35.139617469Z: [   54.075945] EXT4-fs (sda1): mounted filesystem with ordered data mode. Opts: (null)
[STDOUT  ] 2018-01-25T22:40:37.53626323Z: /mnt is device /dev/sda1
[STDOUT  ] 2018-01-25T22:40:37.586602504Z: [   56.523337] extlinux: sending ioctl 4c05 to a partition!
[STDOUT  ] 2018-01-25T22:40:37.587883469Z: [   56.524687] extlinux: sending ioctl 4c03 to a partition!
[STDOUT  ] 2018-01-25T22:40:39.070354528Z: 1+0 records in
[STDOUT  ] 2018-01-25T22:40:39.070852648Z: 1+0 records out
[STDOUT  ] 2018-01-25T22:40:39.192550276Z: The bootable flag on partition 1 is enabled now.
[STDOUT  ] 2018-01-25T22:40:39.192605768Z: 
[STDOUT  ] 2018-01-25T22:40:39.192619354Z: The partition table has been altered.
[STDOUT  ] 2018-01-25T22:40:39.20740162Z: Calling ioctl() to re-read partition table.
[STDOUT  ] 2018-01-25T22:40:39.237405092Z: [   58.166893]  sda: sda1
[STDOUT  ] 2018-01-25T22:40:39.259645738Z: Syncing disks.
[STDOUT  ] 2018-01-25T22:41:11.879929247Z: [   90.816574] sd 1:0:0:0: [sdb] Synchronizing SCSI cache
[STDOUT  ] 2018-01-25T22:41:11.88176582Z: [   90.818717] sd 1:0:0:0: [sdb] Stopping disk
[STDOUT  ] 2018-01-25T22:41:11.88442539Z: [   90.820958] sd 0:0:0:0: [sda] Synchronizing SCSI cache
[STDOUT  ] 2018-01-25T22:41:11.885739588Z: [   90.822659] sd 0:0:0:0: [sda] Stopping disk
[STDOUT  ] 2018-01-25T22:41:11.890656745Z: [   90.827290] ACPI: Preparing to enter system sleep state S5
[STDOUT  ] 2018-01-25T22:41:11.892676519Z: [   90.829857] reboot: Power down
[STDERR  ] 2018-01-25T22:41:12.056991314Z: + linuxkit run qemu disk.qcow2
[STDERR  ] 2018-01-25T22:41:12.09546545Z: Using existing disk [disk.qcow2] format 
[STDOUT  ] 2018-01-25T22:41:20.464274443Z: [    0.000000] Linux version 4.9.78-linuxkit (root@9ac57ca26f22) (gcc version 6.4.0 (Alpine 6.4.0) ) #1 SMP Wed Jan 24 12:49:16 UTC 2018
[STDOUT  ] 2018-01-25T22:41:20.466545209Z: [    0.000000] Command line: BOOT_IMAGE=/kernel console=ttyS0 console=ttyAMA0 initrd=/initrd.img
[STDOUT  ] 2018-01-25T22:41:20.46760467Z: [    0.000000] x86/fpu: Legacy x87 FPU detected.
[STDOUT  ] 2018-01-25T22:41:20.468851658Z: [    0.000000] x86/fpu: Using 'eager' FPU context switches.
[STDOUT  ] 2018-01-25T22:41:20.469952009Z: [    0.000000] e820: BIOS-provided physical RAM map:
[STDOUT  ] 2018-01-25T22:41:20.471511471Z: [    0.000000] BIOS-e820: [mem 0x0000000000000000-0x000000000009fbff] usable
[STDOUT  ] 2018-01-25T22:41:20.473122728Z: [    0.000000] BIOS-e820: [mem 0x000000000009fc00-0x000000000009ffff] reserved
[STDOUT  ] 2018-01-25T22:41:20.474708076Z: [    0.000000] BIOS-e820: [mem 0x00000000000f0000-0x00000000000fffff] reserved
[STDOUT  ] 2018-01-25T22:41:20.476264601Z: [    0.000000] BIOS-e820: [mem 0x0000000000100000-0x000000003ffdefff] usable
[STDOUT  ] 2018-01-25T22:41:20.477872963Z: [    0.000000] BIOS-e820: [mem 0x000000003ffdf000-0x000000003fffffff] reserved
[STDOUT  ] 2018-01-25T22:41:20.479456013Z: [    0.000000] BIOS-e820: [mem 0x00000000b0000000-0x00000000bfffffff] reserved
[STDOUT  ] 2018-01-25T22:41:20.481037159Z: [    0.000000] BIOS-e820: [mem 0x00000000fed1c000-0x00000000fed1ffff] reserved
[STDOUT  ] 2018-01-25T22:41:20.482607267Z: [    0.000000] BIOS-e820: [mem 0x00000000fffc0000-0x00000000ffffffff] reserved
[STDOUT  ] 2018-01-25T22:41:20.483757046Z: [    0.000000] NX (Execute Disable) protection: active
[STDOUT  ] 2018-01-25T22:41:20.484517231Z: [    0.000000] SMBIOS 2.8 present.
[STDOUT  ] 2018-01-25T22:41:20.485717212Z: [    0.000000] Kernel/User page tables isolation: disabled
[STDOUT  ] 2018-01-25T22:41:20.487075236Z: [    0.000000] e820: last_pfn = 0x3ffdf max_arch_pfn = 0x400000000
[STDOUT  ] 2018-01-25T22:41:20.48867854Z: [    0.000000] x86/PAT: Configuration [0-7]: WB  WC  UC- UC  WB  WC  UC- WT  
[STDOUT  ] 2018-01-25T22:41:20.490553997Z: [    0.000000] found SMP MP-table at [mem 0x000f6aa0-0x000f6aaf] mapped at [ffff9683000f6aa0]
[STDOUT  ] 2018-01-25T22:41:20.491643371Z: [    0.000000] RAMDISK: [mem 0x3ea0a000-0x3ffdefff]
[STDOUT  ] 2018-01-25T22:41:20.492940279Z: [    0.000000] ACPI: Early table checksum verification disabled
[STDOUT  ] 2018-01-25T22:41:20.494248754Z: [    0.000000] ACPI: RSDP 0x00000000000F68C0 000014 (v00 BOCHS )
[STDOUT  ] 2018-01-25T22:41:20.496183123Z: [    0.000000] ACPI: RSDT 0x000000003FFE2404 000034 (v01 BOCHS  BXPCRSDT 00000001 BXPC 00000001)
[STDOUT  ] 2018-01-25T22:41:20.4981223Z: [    0.000000] ACPI: FACP 0x000000003FFE22A4 000074 (v01 BOCHS  BXPCFACP 00000001 BXPC 00000001)
[STDOUT  ] 2018-01-25T22:41:20.500050059Z: [    0.000000] ACPI: DSDT 0x000000003FFE0040 002264 (v01 BOCHS  BXPCDSDT 00000001 BXPC 00000001)
[STDOUT  ] 2018-01-25T22:41:20.501143592Z: [    0.000000] ACPI: FACS 0x000000003FFE0000 000040
[STDOUT  ] 2018-01-25T22:41:20.50313114Z: [    0.000000] ACPI: APIC 0x000000003FFE2318 000078 (v01 BOCHS  BXPCAPIC 00000001 BXPC 00000001)
[STDOUT  ] 2018-01-25T22:41:20.505068352Z: [    0.000000] ACPI: HPET 0x000000003FFE2390 000038 (v01 BOCHS  BXPCHPET 00000001 BXPC 00000001)
[STDOUT  ] 2018-01-25T22:41:20.50700559Z: [    0.000000] ACPI: MCFG 0x000000003FFE23C8 00003C (v01 BOCHS  BXPCMCFG 00000001 BXPC 00000001)
[STDOUT  ] 2018-01-25T22:41:20.507668761Z: [    0.000000] Zone ranges:
[STDOUT  ] 2018-01-25T22:41:20.509085111Z: [    0.000000]   DMA      [mem 0x0000000000001000-0x0000000000ffffff]
[STDOUT  ] 2018-01-25T22:41:20.510487947Z: [    0.000000]   DMA32    [mem 0x0000000001000000-0x000000003ffdefff]
[STDOUT  ] 2018-01-25T22:41:20.511264944Z: [    0.000000]   Normal   empty
[STDOUT  ] 2018-01-25T22:41:20.512261015Z: [    0.000000] Movable zone start for each node
[STDOUT  ] 2018-01-25T22:41:20.513124637Z: [    0.000000] Early memory node ranges
[STDOUT  ] 2018-01-25T22:41:20.514561658Z: [    0.000000]   node   0: [mem 0x0000000000001000-0x000000000009efff]
[STDOUT  ] 2018-01-25T22:41:20.515984724Z: [    0.000000]   node   0: [mem 0x0000000000100000-0x000000003ffdefff]
[STDOUT  ] 2018-01-25T22:41:20.517693449Z: [    0.000000] Initmem setup node 0 [mem 0x0000000000001000-0x000000003ffdefff]
[STDOUT  ] 2018-01-25T22:41:20.518651248Z: [    0.000000] ACPI: PM-Timer IO Port: 0x608
[STDOUT  ] 2018-01-25T22:41:20.519985384Z: [    0.000000] ACPI: LAPIC_NMI (acpi_id[0xff] dfl dfl lint[0x1])
[STDOUT  ] 2018-01-25T22:41:20.521598237Z: [    0.000000] IOAPIC[0]: apic_id 0, version 32, address 0xfec00000, GSI 0-23
[STDOUT  ] 2018-01-25T22:41:20.523076781Z: [    0.000000] ACPI: INT_SRC_OVR (bus 0 bus_irq 0 global_irq 2 dfl dfl)
[STDOUT  ] 2018-01-25T22:41:20.524604624Z: [    0.000000] ACPI: INT_SRC_OVR (bus 0 bus_irq 5 global_irq 5 high level)
[STDOUT  ] 2018-01-25T22:41:20.526124741Z: [    0.000000] ACPI: INT_SRC_OVR (bus 0 bus_irq 9 global_irq 9 high level)
[STDOUT  ] 2018-01-25T22:41:20.527684961Z: [    0.000000] ACPI: INT_SRC_OVR (bus 0 bus_irq 10 global_irq 10 high level)
[STDOUT  ] 2018-01-25T22:41:20.529233792Z: [    0.000000] ACPI: INT_SRC_OVR (bus 0 bus_irq 11 global_irq 11 high level)
[STDOUT  ] 2018-01-25T22:41:20.530594377Z: [    0.000000] Using ACPI (MADT) for SMP configuration information
[STDOUT  ] 2018-01-25T22:41:20.531785551Z: [    0.000000] ACPI: HPET id: 0x8086a201 base: 0xfed00000
[STDOUT  ] 2018-01-25T22:41:20.532943326Z: [    0.000000] smpboot: Allowing 1 CPUs, 0 hotplug CPUs
[STDOUT  ] 2018-01-25T22:41:20.534417208Z: [    0.000000] e820: [mem 0x40000000-0xafffffff] available for PCI devices
[STDOUT  ] 2018-01-25T22:41:20.535709211Z: [    0.000000] Booting paravirtualized kernel on bare hardware
[STDOUT  ] 2018-01-25T22:41:20.538078181Z: [    0.000000] clocksource: refined-jiffies: mask: 0xffffffff max_cycles: 0xffffffff, max_idle_ns: 19112604462750000 ns
[STDOUT  ] 2018-01-25T22:41:20.539850074Z: [    0.000000] setup_percpu: NR_CPUS:128 nr_cpumask_bits:128 nr_cpu_ids:1 nr_node_ids:1
[STDOUT  ] 2018-01-25T22:41:20.541720512Z: [    0.000000] percpu: Embedded 36 pages/cpu @ffff96833e800000 s106904 r8192 d32360 u2097152
[STDOUT  ] 2018-01-25T22:41:20.543518668Z: [    0.000000] Built 1 zonelists in Zone order, mobility grouping on.  Total pages: 257896
[STDOUT  ] 2018-01-25T22:41:20.545602398Z: [    0.000000] Kernel command line: BOOT_IMAGE=/kernel console=ttyS0 console=ttyAMA0 initrd=/initrd.img
[STDOUT  ] 2018-01-25T22:41:20.546981238Z: [    0.000000] PID hash table entries: 4096 (order: 3, 32768 bytes)
[STDOUT  ] 2018-01-25T22:41:20.548628887Z: [    0.000000] Dentry cache hash table entries: 131072 (order: 8, 1048576 bytes)
[STDOUT  ] 2018-01-25T22:41:20.550192345Z: [    0.000000] Inode-cache hash table entries: 65536 (order: 7, 524288 bytes)
[STDOUT  ] 2018-01-25T22:41:20.5532005Z: [    0.000000] Memory: 991772K/1048052K available (8055K kernel code, 1391K rwdata, 2704K rodata, 1400K init, 564K bss, 56280K reserved, 0K cma-reserved)
[STDOUT  ] 2018-01-25T22:41:20.554217351Z: [    0.000000] Hierarchical RCU implementation.
[STDOUT  ] 2018-01-25T22:41:20.55545147Z: [    0.000000] 	Build-time adjustment of leaf fanout to 64.
[STDOUT  ] 2018-01-25T22:41:20.556892958Z: [    0.000000] 	RCU restricting CPUs from NR_CPUS=128 to nr_cpu_ids=1.
[STDOUT  ] 2018-01-25T22:41:20.55845752Z: [    0.000000] RCU: Adjusting geometry for rcu_fanout_leaf=64, nr_cpu_ids=1
[STDOUT  ] 2018-01-25T22:41:20.559370503Z: [    0.000000] NR_IRQS:8448 nr_irqs:256 16
[STDOUT  ] 2018-01-25T22:41:20.560258581Z: [    0.000000] Console: colour VGA+ 80x25
[STDOUT  ] 2018-01-25T22:41:20.561260347Z: [    0.000000] console [ttyS0] enabled
[STDOUT  ] 2018-01-25T22:41:20.568955348Z: [    0.000000] clocksource: hpet: mask: 0xffffffff max_cycles: 0xffffffff, max_idle_ns: 19112604467 ns
[STDOUT  ] 2018-01-25T22:41:20.650613912Z: [    0.000000] tsc: Unable to calibrate against PIT
[STDOUT  ] 2018-01-25T22:41:20.651934653Z: [    0.000000] tsc: using HPET reference calibration
[STDOUT  ] 2018-01-25T22:41:20.653355597Z: [    0.000000] tsc: Detected 2300.120 MHz processor
[STDOUT  ] 2018-01-25T22:41:20.658766392Z: [    0.052368] Calibrating delay loop (skipped), value calculated using timer frequency.. 4600.24 BogoMIPS (lpj=23001200)
[STDOUT  ] 2018-01-25T22:41:20.660066541Z: [    0.055383] pid_max: default: 32768 minimum: 301
[STDOUT  ] 2018-01-25T22:41:20.662394952Z: [    0.060322] ACPI: Core revision 20160831
[STDOUT  ] 2018-01-25T22:41:20.739823621Z: [    0.137215] ACPI: 1 ACPI AML tables successfully acquired and loaded
[STDOUT  ] 2018-01-25T22:41:20.745631597Z: [    0.143603] Security Framework initialized
[STDOUT  ] 2018-01-25T22:41:20.746596573Z: [    0.144749] Yama: becoming mindful.
[STDOUT  ] 2018-01-25T22:41:20.75115901Z: [    0.148514] Mount-cache hash table entries: 2048 (order: 2, 16384 bytes)
[STDOUT  ] 2018-01-25T22:41:20.753066646Z: [    0.150137] Mountpoint-cache hash table entries: 2048 (order: 2, 16384 bytes)
[STDOUT  ] 2018-01-25T22:41:20.787209239Z: [    0.184678] Last level iTLB entries: 4KB 0, 2MB 0, 4MB 0
[STDOUT  ] 2018-01-25T22:41:20.788674426Z: [    0.186045] Last level dTLB entries: 4KB 0, 2MB 0, 4MB 0, 1GB 0
[STDOUT  ] 2018-01-25T22:41:20.790756455Z: [    0.187650] Spectre V2 mitigation: LFENCE not serializing. Switching to generic retpoline
[STDOUT  ] 2018-01-25T22:41:20.79279524Z: [    0.189619] Spectre V2 mitigation: Vulnerable: Minimal generic ASM retpoline
[STDOUT  ] 2018-01-25T22:41:20.794437646Z: [    0.190129] Spectre V2 mitigation: Filling RSB on context switch
[STDOUT  ] 2018-01-25T22:41:21.412112534Z: [    0.809702] Freeing SMP alternatives memory: 20K
[STDOUT  ] 2018-01-25T22:41:21.429176053Z: [    0.826580] ftrace: allocating 35561 entries in 139 pages
[STDOUT  ] 2018-01-25T22:41:22.008880364Z: [    1.146007] smpboot: Max logical packages: 1
[STDOUT  ] 2018-01-25T22:41:22.019498546Z: [    1.157189] ..TIMER: vector=0x30 apic1=0 pin1=2 apic2=-1 pin2=-1
[STDOUT  ] 2018-01-25T22:41:22.241920515Z: [    1.260000] APIC calibration not consistent with PM-Timer: 109ms instead of 100ms
[STDOUT  ] 2018-01-25T22:41:22.243237631Z: [    1.260000] APIC delta adjusted to PM-Timer: 6249989 (6821273)
[STDOUT  ] 2018-01-25T22:41:22.246979434Z: [    1.261146] smpboot: CPU0: AMD QEMU Virtual CPU version 2.5+ (family: 0x6, model: 0x6, stepping: 0x3)
[STDOUT  ] 2018-01-25T22:41:22.250070349Z: [    1.263929] Performance Events: PMU not available due to virtualization, using software events only.
[STDOUT  ] 2018-01-25T22:41:22.278732632Z: [    1.292749] NMI watchdog: disabled (cpu0): hardware events not enabled
[STDOUT  ] 2018-01-25T22:41:22.280183189Z: [    1.294281] NMI watchdog: Shutting down hard lockup detector on all cpus
[STDOUT  ] 2018-01-25T22:41:22.28477954Z: [    1.299292] x86: Booted up 1 node, 1 CPUs
[STDOUT  ] 2018-01-25T22:41:22.287212329Z: [    1.300212] smpboot: Total of 1 processors activated (4600.24 BogoMIPS)
[STDOUT  ] 2018-01-25T22:41:22.311057185Z: [    1.325763] devtmpfs: initialized
[STDOUT  ] 2018-01-25T22:41:22.321574627Z: [    1.336127] x86/mm: Memory block size: 128MB
[STDOUT  ] 2018-01-25T22:41:22.461156198Z: [    1.474553] clocksource: jiffies: mask: 0xffffffff max_cycles: 0xffffffff, max_idle_ns: 19112604462750000 ns
[STDOUT  ] 2018-01-25T22:41:22.462860406Z: [    1.477052] futex hash table entries: 256 (order: 2, 16384 bytes)
[STDOUT  ] 2018-01-25T22:41:22.477003756Z: [    1.491456] NET: Registered protocol family 16
[STDOUT  ] 2018-01-25T22:41:22.493713822Z: [    1.508283] cpuidle: using governor ladder
[STDOUT  ] 2018-01-25T22:41:22.495506298Z: [    1.510057] cpuidle: using governor menu
[STDOUT  ] 2018-01-25T22:41:22.497965055Z: [    1.512512] ACPI: bus type PCI registered
[STDOUT  ] 2018-01-25T22:41:22.50394791Z: [    1.517436] PCI: MMCONFIG for domain 0000 [bus 00-ff] at [mem 0xb0000000-0xbfffffff] (base 0xb0000000)
[STDOUT  ] 2018-01-25T22:41:22.505785409Z: [    1.519691] PCI: MMCONFIG at [mem 0xb0000000-0xbfffffff] reserved in E820
[STDOUT  ] 2018-01-25T22:41:22.508636617Z: [    1.521533] PCI: Using configuration type 1 for base access
[STDOUT  ] 2018-01-25T22:41:22.654725059Z: [    1.638786] HugeTLB registered 2 MB page size, pre-allocated 0 pages
[STDOUT  ] 2018-01-25T22:41:22.671837919Z: [    1.656351] ACPI: Added _OSI(Module Device)
[STDOUT  ] 2018-01-25T22:41:22.672872699Z: [    1.657401] ACPI: Added _OSI(Processor Device)
[STDOUT  ] 2018-01-25T22:41:22.673905567Z: [    1.658391] ACPI: Added _OSI(3.0 _SCP Extensions)
[STDOUT  ] 2018-01-25T22:41:22.675140148Z: [    1.659420] ACPI: Added _OSI(Processor Aggregator Device)
[STDOUT  ] 2018-01-25T22:41:22.806582685Z: [    1.791086] ACPI: Interpreter enabled
[STDOUT  ] 2018-01-25T22:41:22.808296696Z: [    1.792916] ACPI: (supports S0 S5)
[STDOUT  ] 2018-01-25T22:41:22.809539899Z: [    1.793800] ACPI: Using IOAPIC for interrupt routing
[STDOUT  ] 2018-01-25T22:41:22.813892205Z: [    1.797374] PCI: Using host bridge windows from ACPI; if necessary, use "pci=nocrs" and report a bug
[STDOUT  ] 2018-01-25T22:41:22.920395776Z: [    1.904548] ACPI: PCI Root Bridge [PCI0] (domain 0000 [bus 00-ff])
[STDOUT  ] 2018-01-25T22:41:22.922987205Z: [    1.906783] acpi PNP0A08:00: _OSC: OS supports [ExtendedConfig ASPM ClockPM Segments MSI]
[STDOUT  ] 2018-01-25T22:41:22.934102417Z: [    1.917986] acpi PNP0A08:00: _OSC: OS now controls [PCIeHotplug PME PCIeCapability]
[STDOUT  ] 2018-01-25T22:41:22.940423132Z: [    1.924975] PCI host bridge to bus 0000:00
[STDOUT  ] 2018-01-25T22:41:22.942096252Z: [    1.926143] pci_bus 0000:00: root bus resource [io  0x0000-0x0cf7 window]
[STDOUT  ] 2018-01-25T22:41:22.943565141Z: [    1.927612] pci_bus 0000:00: root bus resource [io  0x0d00-0xffff window]
[STDOUT  ] 2018-01-25T22:41:22.945199165Z: [    1.929098] pci_bus 0000:00: root bus resource [mem 0x000a0000-0x000bffff window]
[STDOUT  ] 2018-01-25T22:41:22.946877245Z: [    1.930082] pci_bus 0000:00: root bus resource [mem 0xc0000000-0xfebfffff window]
[STDOUT  ] 2018-01-25T22:41:22.948288555Z: [    1.931868] pci_bus 0000:00: root bus resource [bus 00-ff]
[STDOUT  ] 2018-01-25T22:41:23.12848643Z: [    2.112328] pci 0000:00:1f.0: quirk: [io  0x0600-0x067f] claimed by ICH6 ACPI/GPIO/TCO
[STDOUT  ] 2018-01-25T22:41:23.227736247Z: [    2.211590] ACPI: PCI Interrupt Link [LNKA] (IRQs 5 *10 11)
[STDOUT  ] 2018-01-25T22:41:23.231428077Z: [    2.215561] ACPI: PCI Interrupt Link [LNKB] (IRQs 5 *10 11)
[STDOUT  ] 2018-01-25T22:41:23.234967044Z: [    2.218966] ACPI: PCI Interrupt Link [LNKC] (IRQs 5 10 *11)
[STDOUT  ] 2018-01-25T22:41:23.238416941Z: [    2.222526] ACPI: PCI Interrupt Link [LNKD] (IRQs 5 10 *11)
[STDOUT  ] 2018-01-25T22:41:23.241841353Z: [    2.225962] ACPI: PCI Interrupt Link [LNKE] (IRQs 5 *10 11)
[STDOUT  ] 2018-01-25T22:41:23.245424898Z: [    2.229400] ACPI: PCI Interrupt Link [LNKF] (IRQs 5 *10 11)
[STDOUT  ] 2018-01-25T22:41:23.248867824Z: [    2.232552] ACPI: PCI Interrupt Link [LNKG] (IRQs 5 10 *11)
[STDOUT  ] 2018-01-25T22:41:23.252203069Z: [    2.235943] ACPI: PCI Interrupt Link [LNKH] (IRQs 5 10 *11)
[STDOUT  ] 2018-01-25T22:41:23.253921539Z: [    2.237805] ACPI: PCI Interrupt Link [GSIA] (IRQs *16)
[STDOUT  ] 2018-01-25T22:41:23.255650037Z: [    2.239323] ACPI: PCI Interrupt Link [GSIB] (IRQs *17)
[STDOUT  ] 2018-01-25T22:41:23.257170074Z: [    2.240694] ACPI: PCI Interrupt Link [GSIC] (IRQs *18)
[STDOUT  ] 2018-01-25T22:41:23.258765768Z: [    2.242270] ACPI: PCI Interrupt Link [GSID] (IRQs *19)
[STDOUT  ] 2018-01-25T22:41:23.26030589Z: [    2.243821] ACPI: PCI Interrupt Link [GSIE] (IRQs *20)
[STDOUT  ] 2018-01-25T22:41:23.261865124Z: [    2.245365] ACPI: PCI Interrupt Link [GSIF] (IRQs *21)
[STDOUT  ] 2018-01-25T22:41:23.263404251Z: [    2.246916] ACPI: PCI Interrupt Link [GSIG] (IRQs *22)
[STDOUT  ] 2018-01-25T22:41:23.265077459Z: [    2.248449] ACPI: PCI Interrupt Link [GSIH] (IRQs *23)
[STDOUT  ] 2018-01-25T22:41:23.271607336Z: [    2.255677] ACPI: Enabled 2 GPEs in block 00 to 3F
[STDOUT  ] 2018-01-25T22:41:23.278584702Z: [    2.263214] SCSI subsystem initialized
[STDOUT  ] 2018-01-25T22:41:23.282170424Z: [    2.266748] ACPI: bus type USB registered
[STDOUT  ] 2018-01-25T22:41:23.285368905Z: [    2.269592] usbcore: registered new interface driver usbfs
[STDOUT  ] 2018-01-25T22:41:23.287623668Z: [    2.271024] usbcore: registered new interface driver hub
[STDOUT  ] 2018-01-25T22:41:23.289386587Z: [    2.272845] usbcore: registered new device driver usb
[STDOUT  ] 2018-01-25T22:41:23.291854776Z: [    2.275324] pps_core: LinuxPPS API ver. 1 registered
[STDOUT  ] 2018-01-25T22:41:23.293766379Z: [    2.276432] pps_core: Software ver. 5.3.6 - Copyright 2005-2007 Rodolfo Giometti <giometti@linux.it>
[STDOUT  ] 2018-01-25T22:41:23.294962988Z: [    2.278578] PTP clock support registered
[STDOUT  ] 2018-01-25T22:41:23.29831951Z: [    2.282386] PCI: Using ACPI for IRQ routing
[STDOUT  ] 2018-01-25T22:41:23.330165426Z: [    2.314850] NetLabel: Initializing
[STDOUT  ] 2018-01-25T22:41:23.331151201Z: [    2.315721] NetLabel:  domain hash size = 128
[STDOUT  ] 2018-01-25T22:41:23.332250347Z: [    2.316662] NetLabel:  protocols = UNLABELED CIPSOv4
[STDOUT  ] 2018-01-25T22:41:23.336291057Z: [    2.320576] NetLabel:  unlabeled traffic allowed by default
[STDOUT  ] 2018-01-25T22:41:23.337774145Z: [    2.322530] wmi: Mapper loaded
[STDOUT  ] 2018-01-25T22:41:23.340319874Z: [    2.324308] HPET: 3 timers in total, 0 timers will be used for per-cpu timer
[STDOUT  ] 2018-01-25T22:41:23.342147324Z: [    2.326297] hpet0: at MMIO 0xfed00000, IRQs 2, 8, 0
[STDOUT  ] 2018-01-25T22:41:23.343444384Z: [    2.327678] hpet0: 3 comparators, 64-bit 100.000000 MHz counter
[STDOUT  ] 2018-01-25T22:41:23.350776259Z: [    2.334833] clocksource: Switched to clocksource hpet
[STDOUT  ] 2018-01-25T22:41:23.79847787Z: [    2.778232] VFS: Disk quotas dquot_6.6.0
[STDOUT  ] 2018-01-25T22:41:23.80074883Z: [    2.779943] VFS: Dquot-cache hash table entries: 512 (order 0, 4096 bytes)
[STDOUT  ] 2018-01-25T22:41:23.805335858Z: [    2.785395] FS-Cache: Loaded
[STDOUT  ] 2018-01-25T22:41:23.814410823Z: [    2.794409] CacheFiles: Loaded
[STDOUT  ] 2018-01-25T22:41:23.817462101Z: [    2.797459] pnp: PnP ACPI init
[STDOUT  ] 2018-01-25T22:41:23.837464996Z: [    2.817261] pnp: PnP ACPI: found 5 devices
[STDOUT  ] 2018-01-25T22:41:23.918400357Z: [    2.897229] clocksource: acpi_pm: mask: 0xffffff max_cycles: 0xffffff, max_idle_ns: 2085701024 ns
[STDOUT  ] 2018-01-25T22:41:23.923003518Z: [    2.902765] NET: Registered protocol family 2
[STDOUT  ] 2018-01-25T22:41:23.937527933Z: [    2.916693] TCP established hash table entries: 8192 (order: 4, 65536 bytes)
[STDOUT  ] 2018-01-25T22:41:23.939372042Z: [    2.918739] TCP bind hash table entries: 8192 (order: 5, 131072 bytes)
[STDOUT  ] 2018-01-25T22:41:23.941322022Z: [    2.920721] TCP: Hash tables configured (established 8192 bind 8192)
[STDOUT  ] 2018-01-25T22:41:23.944757789Z: [    2.924208] UDP hash table entries: 512 (order: 2, 16384 bytes)
[STDOUT  ] 2018-01-25T22:41:23.946377893Z: [    2.925775] UDP-Lite hash table entries: 512 (order: 2, 16384 bytes)
[STDOUT  ] 2018-01-25T22:41:23.950768617Z: [    2.930530] NET: Registered protocol family 1
[STDOUT  ] 2018-01-25T22:41:23.953588991Z: [    2.932569] pci 0000:00:01.0: Video device with shadowed ROM at [mem 0x000c0000-0x000dffff]
[STDOUT  ] 2018-01-25T22:41:23.967471374Z: [    2.947400] Unpacking initramfs...
[STDOUT  ] 2018-01-25T22:41:29.22996709Z: [    8.209696] Freeing initrd memory: 22356K
[STDOUT  ] 2018-01-25T22:41:29.269631502Z: [    8.249171] PCLMULQDQ-NI instructions are not detected.
[STDOUT  ] 2018-01-25T22:41:29.273356559Z: [    8.252985] AVX or AES-NI instructions are not detected.
[STDOUT  ] 2018-01-25T22:41:29.27457542Z: [    8.254238] CPU feature 'AVX registers' is not supported.
[STDOUT  ] 2018-01-25T22:41:29.275735787Z: [    8.255406] CPU feature 'AVX registers' is not supported.
[STDOUT  ] 2018-01-25T22:41:29.276881391Z: [    8.256548] CPU feature 'AVX registers' is not supported.
[STDOUT  ] 2018-01-25T22:41:29.278068729Z: [    8.257712] CPU feature 'AVX registers' is not supported.
[STDOUT  ] 2018-01-25T22:41:29.279208247Z: [    8.258881] AVX2 or AES-NI instructions are not detected.
[STDOUT  ] 2018-01-25T22:41:29.280263595Z: [    8.260007] AVX2 instructions are not detected.
[STDOUT  ] 2018-01-25T22:41:29.294599457Z: [    8.274216] audit: initializing netlink subsys (disabled)
[STDOUT  ] 2018-01-25T22:41:29.297792589Z: [    8.277280] audit: type=2000 audit(1516920088.270:1): initialized
[STDOUT  ] 2018-01-25T22:41:29.311047588Z: [    8.290478] workingset: timestamp_bits=46 max_order=18 bucket_order=0
[STDOUT  ] 2018-01-25T22:41:29.319369827Z: [    8.298846] squashfs: version 4.0 (2009/01/31) Phillip Lougher
[STDOUT  ] 2018-01-25T22:41:29.324149196Z: [    8.303749] FS-Cache: Netfs 'cifs' registered for caching
[STDOUT  ] 2018-01-25T22:41:29.325858587Z: [    8.305765] fuse init (API version 7.26)
[STDOUT  ] 2018-01-25T22:41:29.330471557Z: [    8.309818] SGI XFS with ACLs, security attributes, no debug enabled
[STDOUT  ] 2018-01-25T22:41:29.337859741Z: [    8.317433] 9p: Installing v9fs 9p2000 file system support
[STDOUT  ] 2018-01-25T22:41:29.339137836Z: [    8.318806] FS-Cache: Netfs '9p' registered for caching
[STDOUT  ] 2018-01-25T22:41:29.39659041Z: [    8.376320] NET: Registered protocol family 38
[STDOUT  ] 2018-01-25T22:41:29.397892789Z: [    8.377733] Key type asymmetric registered
[STDOUT  ] 2018-01-25T22:41:29.399017888Z: [    8.378749] Asymmetric key parser 'x509' registered
[STDOUT  ] 2018-01-25T22:41:29.402305011Z: [    8.381524] Block layer SCSI generic (bsg) driver version 0.4 loaded (major 251)
[STDOUT  ] 2018-01-25T22:41:29.404242559Z: [    8.384117] io scheduler noop registered
[STDOUT  ] 2018-01-25T22:41:29.405372828Z: [    8.385061] io scheduler deadline registered (default)
[STDOUT  ] 2018-01-25T22:41:29.406681585Z: [    8.386614] io scheduler cfq registered
[STDOUT  ] 2018-01-25T22:41:29.41271524Z: [    8.392289] pci_hotplug: PCI Hot Plug PCI Core version: 0.5
[STDOUT  ] 2018-01-25T22:41:29.41483955Z: [    8.394239] pciehp: PCI Express Hot Plug Controller Driver version: 0.4
[STDOUT  ] 2018-01-25T22:41:29.416805329Z: [    8.396166] shpchp: Standard Hot Plug PCI Controller Driver version: 0.4
[STDOUT  ] 2018-01-25T22:41:29.418426761Z: [    8.398143] hv_vmbus: registering driver hyperv_fb
[STDOUT  ] 2018-01-25T22:41:29.425604585Z: [    8.404230] input: Power Button as /devices/LNXSYSTM:00/LNXPWRBN:00/input/input0
[STDOUT  ] 2018-01-25T22:41:29.427411942Z: [    8.407367] ACPI: Power Button [PWRF]
[STDOUT  ] 2018-01-25T22:41:29.435802666Z: [    8.415732] GHES: HEST is not enabled!
[STDOUT  ] 2018-01-25T22:41:29.455298072Z: [    8.434856] ACPI: PCI Interrupt Link [GSIG] enabled at IRQ 22
[STDOUT  ] 2018-01-25T22:41:29.476426749Z: [    8.455849] ACPI: PCI Interrupt Link [GSIH] enabled at IRQ 23
[STDOUT  ] 2018-01-25T22:41:29.483700971Z: [    8.463113] xenfs: not registering filesystem on non-xen platform
[STDOUT  ] 2018-01-25T22:41:29.487718004Z: [    8.466986] Serial: 8250/16550 driver, 4 ports, IRQ sharing disabled
[STDOUT  ] 2018-01-25T22:41:29.517812609Z: [    8.497030] 00:04: ttyS0 at I/O 0x3f8 (irq = 4, base_baud = 115200) is a 16550A
[STDOUT  ] 2018-01-25T22:41:29.535129907Z: [    8.514924] Non-volatile memory driver v1.3
[STDOUT  ] 2018-01-25T22:41:29.547244353Z: [    8.526122] Hangcheck: starting hangcheck timer 0.9.1 (tick is 180 seconds, margin is 60 seconds).
[STDOUT  ] 2018-01-25T22:41:29.551328584Z: [    8.531283] random: fast init done
[STDOUT  ] 2018-01-25T22:41:29.55362637Z: [    8.533603] random: crng init done
[STDOUT  ] 2018-01-25T22:41:29.614183662Z: [    8.594155] loop: module loaded
[STDOUT  ] 2018-01-25T22:41:29.638753098Z: [    8.618529] nbd: registered device at major 43
[STDOUT  ] 2018-01-25T22:41:29.712271913Z: [    8.691672] lpc_ich 0000:00:1f.0: I/O space for GPIO uninitialized
[STDOUT  ] 2018-01-25T22:41:29.715355669Z: [    8.695051] VMware PVSCSI driver - version 1.0.7.0-k
[STDOUT  ] 2018-01-25T22:41:29.716896369Z: [    8.696635] hv_vmbus: registering driver hv_storvsc
[STDOUT  ] 2018-01-25T22:41:29.734148347Z: [    8.713695] ACPI: PCI Interrupt Link [GSIA] enabled at IRQ 16
[STDOUT  ] 2018-01-25T22:41:29.745596501Z: [    8.724690] ahci 0000:00:1f.2: AHCI 0001.0000 32 slots 6 ports 1.5 Gbps 0x3f impl SATA mode
[STDOUT  ] 2018-01-25T22:41:29.746843075Z: [    8.726587] ahci 0000:00:1f.2: flags: 64bit ncq only 
[STDOUT  ] 2018-01-25T22:41:29.780685395Z: [    8.760742] scsi host0: ahci
[STDOUT  ] 2018-01-25T22:41:29.786962973Z: [    8.766991] scsi host1: ahci
[STDOUT  ] 2018-01-25T22:41:29.791411969Z: [    8.771473] scsi host2: ahci
[STDOUT  ] 2018-01-25T22:41:29.795469477Z: [    8.775555] scsi host3: ahci
[STDOUT  ] 2018-01-25T22:41:29.799415751Z: [    8.779505] scsi host4: ahci
[STDOUT  ] 2018-01-25T22:41:29.803582322Z: [    8.783656] scsi host5: ahci
[STDOUT  ] 2018-01-25T22:41:29.807502477Z: [    8.786763] ata1: SATA max UDMA/133 abar m4096@0xfebd2000 port 0xfebd2100 irq 24
[STDOUT  ] 2018-01-25T22:41:29.809046251Z: [    8.788356] ata2: SATA max UDMA/133 abar m4096@0xfebd2000 port 0xfebd2180 irq 24
[STDOUT  ] 2018-01-25T22:41:29.810552081Z: [    8.789798] ata3: SATA max UDMA/133 abar m4096@0xfebd2000 port 0xfebd2200 irq 24
[STDOUT  ] 2018-01-25T22:41:29.812214061Z: [    8.791516] ata4: SATA max UDMA/133 abar m4096@0xfebd2000 port 0xfebd2280 irq 24
[STDOUT  ] 2018-01-25T22:41:29.813674518Z: [    8.792966] ata5: SATA max UDMA/133 abar m4096@0xfebd2000 port 0xfebd2300 irq 24
[STDOUT  ] 2018-01-25T22:41:29.815104121Z: [    8.794433] ata6: SATA max UDMA/133 abar m4096@0xfebd2000 port 0xfebd2380 irq 24
[STDOUT  ] 2018-01-25T22:41:29.837298332Z: [    8.816899] tun: Universal TUN/TAP device driver, 1.6
[STDOUT  ] 2018-01-25T22:41:29.83865199Z: [    8.818052] tun: (C) 1999-2004 Max Krasnyansky <maxk@qualcomm.com>
[STDOUT  ] 2018-01-25T22:41:29.855818112Z: [    8.835154] VMware vmxnet3 virtual NIC driver - version 1.4.a.0-k-NAPI
[STDOUT  ] 2018-01-25T22:41:29.857577164Z: [    8.837181] hv_vmbus: registering driver hv_netvsc
[STDOUT  ] 2018-01-25T22:41:29.85867349Z: [    8.838359] Fusion MPT base driver 3.04.20
[STDOUT  ] 2018-01-25T22:41:29.859806263Z: [    8.839435] Copyright (c) 1999-2008 LSI Corporation
[STDOUT  ] 2018-01-25T22:41:29.861535953Z: [    8.841284] Fusion MPT SPI Host driver 3.04.20
[STDOUT  ] 2018-01-25T22:41:29.866025467Z: [    8.845053] i8042: PNP: PS/2 Controller [PNP0303:KBD,PNP0f13:MOU] at 0x60,0x64 irq 1,12
[STDOUT  ] 2018-01-25T22:41:29.873415557Z: [    8.853031] serio: i8042 KBD port at 0x60,0x64 irq 1
[STDOUT  ] 2018-01-25T22:41:29.874979276Z: [    8.854599] serio: i8042 AUX port at 0x60,0x64 irq 12
[STDOUT  ] 2018-01-25T22:41:29.879333253Z: [    8.858895] hv_vmbus: registering driver hyperv_keyboard
[STDOUT  ] 2018-01-25T22:41:29.884838811Z: [    8.864364] mousedev: PS/2 mouse device common for all mice
[STDOUT  ] 2018-01-25T22:41:29.894350522Z: [    8.873323] input: AT Translated Set 2 keyboard as /devices/platform/i8042/serio0/input/input1
[STDOUT  ] 2018-01-25T22:41:29.899311389Z: [    8.878700] input: PC Speaker as /devices/platform/pcspkr/input/input2
[STDOUT  ] 2018-01-25T22:41:29.904375022Z: [    8.884080] rtc_cmos 00:00: RTC can wake from S4
[STDOUT  ] 2018-01-25T22:41:29.912100731Z: [    8.891553] rtc_cmos 00:00: rtc core: registered rtc_cmos as rtc0
[STDOUT  ] 2018-01-25T22:41:29.914850118Z: [    8.894060] rtc_cmos 00:00: alarms up to one day, y3k, 114 bytes nvram, hpet irqs
[STDOUT  ] 2018-01-25T22:41:29.915964188Z: [    8.895925] i2c /dev entries driver
[STDOUT  ] 2018-01-25T22:41:29.920806152Z: [    8.899712] device-mapper: ioctl: 4.35.0-ioctl (2016-06-23) initialised: dm-devel@redhat.com
[STDOUT  ] 2018-01-25T22:41:29.930256963Z: [    8.909695] usbcore: registered new interface driver usbhid
[STDOUT  ] 2018-01-25T22:41:29.931407381Z: [    8.911304] usbhid: USB HID core driver
[STDOUT  ] 2018-01-25T22:41:29.933226672Z: [    8.912821] hv_utils: Registering HyperV Utility Driver
[STDOUT  ] 2018-01-25T22:41:29.934227437Z: [    8.913976] hv_vmbus: registering driver hv_util
[STDOUT  ] 2018-01-25T22:41:29.935245558Z: [    8.914991] hv_vmbus: registering driver hv_balloon
[STDOUT  ] 2018-01-25T22:41:29.936427629Z: [    8.916279] oprofile: using NMI interrupt.
[STDOUT  ] 2018-01-25T22:41:29.93830677Z: [    8.918336] GACT probability on
[STDOUT  ] 2018-01-25T22:41:29.93948632Z: [    8.919401] Mirror/redirect action on
[STDOUT  ] 2018-01-25T22:41:29.941456619Z: [    8.921405] Simple TC action Loaded
[STDOUT  ] 2018-01-25T22:41:29.942545568Z: [    8.922679] u32 classifier
[STDOUT  ] 2018-01-25T22:41:29.943371381Z: [    8.923303]     Performance counters on
[STDOUT  ] 2018-01-25T22:41:29.944181324Z: [    8.924132]     input device check on
[STDOUT  ] 2018-01-25T22:41:29.945011803Z: [    8.924991]     Actions configured
[STDOUT  ] 2018-01-25T22:41:29.946546541Z: [    8.926271] Netfilter messages via NETLINK v0.30.
[STDOUT  ] 2018-01-25T22:41:29.948105815Z: [    8.927698] nfnl_acct: registering with nfnetlink.
[STDOUT  ] 2018-01-25T22:41:29.951262807Z: [    8.930796] nf_conntrack version 0.5.0 (8192 buckets, 32768 max)
[STDOUT  ] 2018-01-25T22:41:29.95667347Z: [    8.936258] ctnetlink v0.93: registering with nfnetlink.
[STDOUT  ] 2018-01-25T22:41:29.96283681Z: [    8.942213] nf_tables: (c) 2007-2009 Patrick McHardy <kaber@trash.net>
[STDOUT  ] 2018-01-25T22:41:29.965010798Z: [    8.944226] nf_tables_compat: (c) 2012 Pablo Neira Ayuso <pablo@netfilter.org>
[STDOUT  ] 2018-01-25T22:41:29.969087767Z: [    8.948843] xt_time: kernel timezone is -0000
[STDOUT  ] 2018-01-25T22:41:29.970610945Z: [    8.950652] ip_set: protocol 6
[STDOUT  ] 2018-01-25T22:41:29.972577069Z: [    8.952021] IPVS: Registered protocols (TCP, UDP, SCTP, AH, ESP)
[STDOUT  ] 2018-01-25T22:41:29.974378457Z: [    8.953608] IPVS: Connection hash table configured (size=4096, memory=64Kbytes)
[STDOUT  ] 2018-01-25T22:41:29.97745666Z: [    8.957140] IPVS: Creating netns size=2104 id=0
[STDOUT  ] 2018-01-25T22:41:29.983305652Z: [    8.963294] IPVS: ipvs loaded.
[STDOUT  ] 2018-01-25T22:41:29.984420663Z: [    8.964231] IPVS: [rr] scheduler registered.
[STDOUT  ] 2018-01-25T22:41:29.985524546Z: [    8.965304] IPVS: [wrr] scheduler registered.
[STDOUT  ] 2018-01-25T22:41:29.986480507Z: [    8.966299] IPVS: [lc] scheduler registered.
[STDOUT  ] 2018-01-25T22:41:29.987454775Z: [    8.967222] IPVS: [wlc] scheduler registered.
[STDOUT  ] 2018-01-25T22:41:29.988402341Z: [    8.968223] IPVS: [fo] scheduler registered.
[STDOUT  ] 2018-01-25T22:41:29.989508144Z: [    8.969150] IPVS: [ovf] scheduler registered.
[STDOUT  ] 2018-01-25T22:41:29.991117167Z: [    8.970876] IPVS: [lblc] scheduler registered.
[STDOUT  ] 2018-01-25T22:41:29.992291717Z: [    8.972052] IPVS: [lblcr] scheduler registered.
[STDOUT  ] 2018-01-25T22:41:29.993415689Z: [    8.973218] IPVS: [dh] scheduler registered.
[STDOUT  ] 2018-01-25T22:41:29.994377125Z: [    8.974166] IPVS: [sh] scheduler registered.
[STDOUT  ] 2018-01-25T22:41:29.995351009Z: [    8.975125] IPVS: [sed] scheduler registered.
[STDOUT  ] 2018-01-25T22:41:29.996299889Z: [    8.976094] IPVS: [nq] scheduler registered.
[STDOUT  ] 2018-01-25T22:41:29.998081999Z: [    8.977700] IPVS: ftp: loaded support on port[0] = 21
[STDOUT  ] 2018-01-25T22:41:30.000068703Z: [    8.979553] ipip: IPv4 and MPLS over IPv4 tunneling driver
[STDOUT  ] 2018-01-25T22:41:30.007541527Z: [    8.987162] gre: GRE over IPv4 demultiplexor driver
[STDOUT  ] 2018-01-25T22:41:30.013333413Z: [    8.992930] ip_tables: (C) 2000-2006 Netfilter Core Team
[STDOUT  ] 2018-01-25T22:41:30.01967747Z: [    8.998995] ipt_CLUSTERIP: ClusterIP Version 0.8 loaded successfully
[STDOUT  ] 2018-01-25T22:41:30.021783195Z: [    9.001341] arp_tables: arp_tables: (C) 2002 David S. Miller
[STDOUT  ] 2018-01-25T22:41:30.026160615Z: [    9.005901] NET: Registered protocol family 10
[STDOUT  ] 2018-01-25T22:41:30.043717657Z: [    9.023262] ip6_tables: (C) 2000-2006 Netfilter Core Team
[STDOUT  ] 2018-01-25T22:41:30.061242447Z: [    9.040931] NET: Registered protocol family 17
[STDOUT  ] 2018-01-25T22:41:30.064090248Z: [    9.043923] Bridge firewalling registered
[STDOUT  ] 2018-01-25T22:41:30.06533116Z: [    9.045262] Ebtables v2.0 registered
[STDOUT  ] 2018-01-25T22:41:30.070126276Z: [    9.049856] 8021q: 802.1Q VLAN Support v1.8
[STDOUT  ] 2018-01-25T22:41:30.073515003Z: [    9.053323] 9pnet: Installing 9P2000 support
[STDOUT  ] 2018-01-25T22:41:30.077101252Z: [    9.056906] Key type dns_resolver registered
[STDOUT  ] 2018-01-25T22:41:30.079464409Z: [    9.059001] microcode: AMD CPU family 0x6 not supported
[STDOUT  ] 2018-01-25T22:41:30.087617211Z: [    9.067430] registered taskstats version 1
[STDOUT  ] 2018-01-25T22:41:30.154508183Z: [    9.134050] ata6: SATA link down (SStatus 0 SControl 300)
[STDOUT  ] 2018-01-25T22:41:30.15834585Z: [    9.137946] ata5: SATA link down (SStatus 0 SControl 300)
[STDOUT  ] 2018-01-25T22:41:30.159712864Z: [    9.139305] ata4: SATA link down (SStatus 0 SControl 300)
[STDOUT  ] 2018-01-25T22:41:30.161768429Z: [    9.141273] ata3: SATA link up 1.5 Gbps (SStatus 113 SControl 300)
[STDOUT  ] 2018-01-25T22:41:30.168060236Z: [    9.147629] ata3.00: ATAPI: QEMU DVD-ROM, 2.5+, max UDMA/100
[STDOUT  ] 2018-01-25T22:41:30.169125677Z: [    9.148991] ata3.00: applying bridge limits
[STDOUT  ] 2018-01-25T22:41:30.172051043Z: [    9.151636] ata2: SATA link down (SStatus 0 SControl 300)
[STDOUT  ] 2018-01-25T22:41:30.173571635Z: [    9.153042] ata1: SATA link up 1.5 Gbps (SStatus 113 SControl 300)
[STDOUT  ] 2018-01-25T22:41:30.175694692Z: [    9.155197] ata1.00: ATA-7: QEMU HARDDISK, 2.5+, max UDMA/100
[STDOUT  ] 2018-01-25T22:41:30.177044267Z: [    9.156474] ata1.00: 409600 sectors, multi 16: LBA48 NCQ (depth 31/32)
[STDOUT  ] 2018-01-25T22:41:30.178099783Z: [    9.157956] ata1.00: applying bridge limits
[STDOUT  ] 2018-01-25T22:41:30.180137153Z: [    9.159916] ata1.00: configured for UDMA/100
[STDOUT  ] 2018-01-25T22:41:30.210909243Z: [    9.190723] ata3.00: configured for UDMA/100
[STDOUT  ] 2018-01-25T22:41:30.217046437Z: [    9.196203] scsi 0:0:0:0: Direct-Access     ATA      QEMU HARDDISK    2.5+ PQ: 0 ANSI: 5
[STDOUT  ] 2018-01-25T22:41:30.243999798Z: [    9.223180] sd 0:0:0:0: [sda] 409600 512-byte logical blocks: (210 MB/200 MiB)
[STDOUT  ] 2018-01-25T22:41:30.246040918Z: [    9.225615] sd 0:0:0:0: Attached scsi generic sg0 type 0
[STDOUT  ] 2018-01-25T22:41:30.261505628Z: [    9.240525] scsi 2:0:0:0: CD-ROM            QEMU     QEMU DVD-ROM     2.5+ PQ: 0 ANSI: 5
[STDOUT  ] 2018-01-25T22:41:30.26834338Z: [    9.247942] sd 0:0:0:0: [sda] Write Protect is off
[STDOUT  ] 2018-01-25T22:41:30.28511432Z: [    9.264075] sd 0:0:0:0: [sda] Write cache: enabled, read cache: enabled, doesn't support DPO or FUA
[STDOUT  ] 2018-01-25T22:41:30.288374891Z: [    9.267740] sr 2:0:0:0: [sr0] scsi3-mmc drive: 4x/4x cd/rw xa/form2 tray
[STDOUT  ] 2018-01-25T22:41:30.28991982Z: [    9.269386] cdrom: Uniform CD-ROM driver Revision: 3.20
[STDOUT  ] 2018-01-25T22:41:30.301215726Z: [    9.280706] tsc: Refined TSC clocksource calibration: 2300.040 MHz
[STDOUT  ] 2018-01-25T22:41:30.303250173Z: [    9.282076] clocksource: tsc: mask: 0xffffffffffffffff max_cycles: 0x21275af87f5, max_idle_ns: 440795281647 ns
[STDOUT  ] 2018-01-25T22:41:30.322259154Z: [    9.301881] sr 2:0:0:0: Attached scsi generic sg1 type 5
[STDOUT  ] 2018-01-25T22:41:30.354457289Z: [    9.334586]  sda: sda1
[STDOUT  ] 2018-01-25T22:41:30.385298966Z: [    9.365019] sd 0:0:0:0: [sda] Attached SCSI disk
[STDOUT  ] 2018-01-25T22:41:30.568751652Z: [    9.548535] Key type big_key registered
[STDOUT  ] 2018-01-25T22:41:30.784103243Z: [    9.763907] Key type encrypted registered
[STDOUT  ] 2018-01-25T22:41:30.792390353Z: [    9.771511] rtc_cmos 00:00: setting system clock to 2018-01-25 22:41:30 UTC (1516920090)
[STDOUT  ] 2018-01-25T22:41:31.061835857Z: [   10.041565] Freeing unused kernel memory: 1400K
[STDOUT  ] 2018-01-25T22:41:31.063135069Z: [   10.042704] Write protecting the kernel read-only data: 12288k
[STDOUT  ] 2018-01-25T22:41:31.075011376Z: [   10.054802] Freeing unused kernel memory: 124K
[STDOUT  ] 2018-01-25T22:41:31.321645432Z: [   10.301331] Freeing unused kernel memory: 1392K
[STDOUT  ] 2018-01-25T22:41:31.324952435Z: [   10.304515] clocksource: Switched to clocksource tsc
[STDOUT  ] 2018-01-25T22:41:43.654023532Z: 
[STDOUT  ] 2018-01-25T22:41:43.654658011Z: Welcome to LinuxKit
[STDOUT  ] 2018-01-25T22:41:43.654751897Z: 
[STDOUT  ] 2018-01-25T22:41:43.65507313Z:                         ##         .
[STDOUT  ] 2018-01-25T22:41:43.655402652Z:                   ## ## ##        ==
[STDOUT  ] 2018-01-25T22:41:43.655725439Z:                ## ## ## ## ##    ===
[STDOUT  ] 2018-01-25T22:41:43.656051242Z:            /"""""""""""""""""\___/ ===
[STDOUT  ] 2018-01-25T22:41:43.656384272Z:           {                       /  ===-
[STDOUT  ] 2018-01-25T22:41:43.656704772Z:            \______ O           __/
[STDOUT  ] 2018-01-25T22:41:43.65697104Z:              \    \         __/
[STDOUT  ] 2018-01-25T22:41:43.657248393Z:               \____\_______/
[STDOUT  ] 2018-01-25T22:41:43.6573453Z: 
[STDOUT  ] 2018-01-25T22:42:16.53727438Z: [   55.515303] sd 0:0:0:0: [sda] Synchronizing SCSI cache
[STDOUT  ] 2018-01-25T22:42:16.539413181Z: [   55.519164] sd 0:0:0:0: [sda] Stopping disk
[STDOUT  ] 2018-01-25T22:42:16.5447755Z: [   55.524279] ACPI: Preparing to enter system sleep state S5
[STDOUT  ] 2018-01-25T22:42:16.546660427Z: [   55.526631] reboot: Power down
[STDERR  ] 2018-01-25T22:42:16.657416425Z: + exit 0
[STDERR  ] 2018-01-25T22:42:16.657477351Z: + clean_up
[STDERR  ] 2018-01-25T22:42:16.657492826Z: + find . -depth -iname run* -not -iname *.yml -exec rm -rf {} ;
[STDERR  ] 2018-01-25T22:42:16.668728199Z: + find . -depth -iname mkimage* -not -iname *.yml -exec rm -rf {} ;
[STDERR  ] 2018-01-25T22:42:16.69125297Z: + find . -depth -iname disk.qcow2* -not -iname *.yml -exec rm -rf {} ;
[STDERR  ] 2018-01-25T22:42:16.712625455Z: + rm -f tarball.img
[PASS    ] linuxkit.packages.mkimage 195.64s
