[INFO    ] 2018-01-19T15:52:52.966483419Z: Running Test linuxkit.packages.extend.ext4 in /tmp/build/test/cases/040_packages/005_extend/000_ext4
[INFO    ] 2018-01-19T15:52:52.966639209Z: Running command: [/bin/sh -x /tmp/build/test/cases/040_packages/005_extend/000_ext4/test.sh]
[STDERR  ] 2018-01-19T15:52:53.040021693Z: + set -ex
[STDERR  ] 2018-01-19T15:52:53.040106798Z: + . /tmp/build/test/cases/_lib/lib.sh
[STDERR  ] 2018-01-19T15:52:53.040123111Z: + [ -f src/github.com/linuxkit/rtf/lib/lib.sh ]
[STDERR  ] 2018-01-19T15:52:53.040133966Z: + LINUXKIT_TMPDIR=/tmp/build/test/cases/_tmp
[STDERR  ] 2018-01-19T15:52:53.040143587Z: + [ -f /tmp/build/test/cases/_tmp/env.sh ]
[STDERR  ] 2018-01-19T15:52:53.040152848Z: + . /tmp/build/test/cases/_tmp/env.sh
[STDERR  ] 2018-01-19T15:52:53.040163702Z: + export LINUXKIT_EXAMPLES_DIR=/tmp/build/test/cases/../../examples
[STDERR  ] 2018-01-19T15:52:53.040174699Z: + RT_CANCEL=253
[STDERR  ] 2018-01-19T15:52:53.04018537Z: + NAME_CREATE=create-ext4
[STDERR  ] 2018-01-19T15:52:53.040195572Z: + NAME_EXTEND=extend-ext4
[STDERR  ] 2018-01-19T15:52:53.040206492Z: + DISK=disk.img
[STDERR  ] 2018-01-19T15:52:53.04021631Z: + trap clean_up EXIT
[STDERR  ] 2018-01-19T15:52:53.040228161Z: + linuxkit build -name create-ext4 -format kernel+initrd test-create.yml
[STDERR  ] 2018-01-19T15:52:53.083469139Z: Extract kernel image: linuxkit/kernel:4.9.77
[STDERR  ] 2018-01-19T15:52:54.223955988Z: time="2018-01-19T15:52:54Z" level=warning msg="certificate with CN Justin Cormack is near expiry"
[STDERR  ] 2018-01-19T15:52:54.224002202Z: time="2018-01-19T15:52:54Z" level=warning msg="certificate with CN  is near expiry"
[STDERR  ] 2018-01-19T15:52:54.224039793Z: time="2018-01-19T15:52:54Z" level=warning msg="certificate with CN  is near expiry"
[STDERR  ] 2018-01-19T15:52:54.2676905Z: time="2018-01-19T15:52:54Z" level=warning msg="certificate with CN Justin Cormack is near expiry"
[STDERR  ] 2018-01-19T15:52:54.612119296Z: Add init containers:
[STDERR  ] 2018-01-19T15:52:54.612168039Z: Process init image: linuxkit/init:be8756f0a6005279d2409a8790b4dd8b2ac11df9
[STDERR  ] 2018-01-19T15:52:55.643207234Z: time="2018-01-19T15:52:55Z" level=warning msg="certificate with CN  is near expiry"
[STDERR  ] 2018-01-19T15:52:55.643420994Z: time="2018-01-19T15:52:55Z" level=warning msg="certificate with CN Justin Cormack is near expiry"
[STDERR  ] 2018-01-19T15:52:55.643528657Z: time="2018-01-19T15:52:55Z" level=warning msg="certificate with CN  is near expiry"
[STDERR  ] 2018-01-19T15:52:55.647385156Z: time="2018-01-19T15:52:55Z" level=warning msg="certificate with CN Justin Cormack is near expiry"
[STDERR  ] 2018-01-19T15:52:55.648874017Z: time="2018-01-19T15:52:55Z" level=warning msg="certificate with CN  is near expiry"
[STDERR  ] 2018-01-19T15:52:55.812704448Z: Process init image: linuxkit/runc:7b15b00b4e3507d62e3ed8d44dfe650561cd35ff
[STDERR  ] 2018-01-19T15:52:56.841011826Z: time="2018-01-19T15:52:56Z" level=warning msg="certificate with CN Justin Cormack is near expiry"
[STDERR  ] 2018-01-19T15:52:56.843098217Z: time="2018-01-19T15:52:56Z" level=warning msg="certificate with CN  is near expiry"
[STDERR  ] 2018-01-19T15:52:56.843179246Z: time="2018-01-19T15:52:56Z" level=warning msg="certificate with CN  is near expiry"
[STDERR  ] 2018-01-19T15:52:56.847842202Z: time="2018-01-19T15:52:56Z" level=warning msg="certificate with CN Justin Cormack is near expiry"
[STDERR  ] 2018-01-19T15:52:56.849157476Z: time="2018-01-19T15:52:56Z" level=warning msg="certificate with CN  is near expiry"
[STDERR  ] 2018-01-19T15:52:56.981931729Z: Add onboot containers:
[STDERR  ] 2018-01-19T15:52:56.981987644Z:   Create OCI config for linuxkit/format:5a1140cb65e733f26de727fa684fef1326e9d5ab
[STDERR  ] 2018-01-19T15:52:58.013694195Z: time="2018-01-19T15:52:58Z" level=warning msg="certificate with CN  is near expiry"
[STDERR  ] 2018-01-19T15:52:58.013857064Z: time="2018-01-19T15:52:58Z" level=warning msg="certificate with CN  is near expiry"
[STDERR  ] 2018-01-19T15:52:58.014116502Z: time="2018-01-19T15:52:58Z" level=warning msg="certificate with CN Justin Cormack is near expiry"
[STDERR  ] 2018-01-19T15:52:58.0143518Z: time="2018-01-19T15:52:58Z" level=warning msg="certificate with CN Rolf Neugebauer is near expiry"
[STDERR  ] 2018-01-19T15:52:58.015809423Z: time="2018-01-19T15:52:58Z" level=warning msg="certificate with CN Justin Cormack is near expiry"
[STDERR  ] 2018-01-19T15:52:58.016796584Z: time="2018-01-19T15:52:58Z" level=warning msg="certificate with CN Rolf Neugebauer is near expiry"
[STDERR  ] 2018-01-19T15:52:58.017707922Z: time="2018-01-19T15:52:58Z" level=warning msg="certificate with CN  is near expiry"
[STDERR  ] 2018-01-19T15:52:58.375943744Z:   Create OCI config for linuxkit/mount:3c37d46558c794e8535daa805e7037cb8e82c141
[STDERR  ] 2018-01-19T15:52:59.401021362Z: time="2018-01-19T15:52:59Z" level=warning msg="certificate with CN Justin Cormack is near expiry"
[STDERR  ] 2018-01-19T15:52:59.401193222Z: time="2018-01-19T15:52:59Z" level=warning msg="certificate with CN Rolf Neugebauer is near expiry"
[STDERR  ] 2018-01-19T15:52:59.401231591Z: time="2018-01-19T15:52:59Z" level=warning msg="certificate with CN  is near expiry"
[STDERR  ] 2018-01-19T15:52:59.401281628Z: time="2018-01-19T15:52:59Z" level=warning msg="certificate with CN  is near expiry"
[STDERR  ] 2018-01-19T15:52:59.402672542Z: time="2018-01-19T15:52:59Z" level=warning msg="certificate with CN Justin Cormack is near expiry"
[STDERR  ] 2018-01-19T15:52:59.403716421Z: time="2018-01-19T15:52:59Z" level=warning msg="certificate with CN Rolf Neugebauer is near expiry"
[STDERR  ] 2018-01-19T15:52:59.404407944Z: time="2018-01-19T15:52:59Z" level=warning msg="certificate with CN  is near expiry"
[STDERR  ] 2018-01-19T15:52:59.730674498Z:   Create OCI config for alpine:3.7
[STDERR  ] 2018-01-19T15:53:00.912830511Z:   Create OCI config for linuxkit/poweroff:bccfe1cb04fc7bb9f03613d2314f38abd2620f29
[STDERR  ] 2018-01-19T15:53:01.940730244Z: time="2018-01-19T15:53:01Z" level=warning msg="certificate with CN Justin Cormack is near expiry"
[STDERR  ] 2018-01-19T15:53:01.940848965Z: time="2018-01-19T15:53:01Z" level=warning msg="certificate with CN Rolf Neugebauer is near expiry"
[STDERR  ] 2018-01-19T15:53:01.940933009Z: time="2018-01-19T15:53:01Z" level=warning msg="certificate with CN  is near expiry"
[STDERR  ] 2018-01-19T15:53:01.941033379Z: time="2018-01-19T15:53:01Z" level=warning msg="certificate with CN  is near expiry"
[STDERR  ] 2018-01-19T15:53:01.942596825Z: time="2018-01-19T15:53:01Z" level=warning msg="certificate with CN Rolf Neugebauer is near expiry"
[STDERR  ] 2018-01-19T15:53:01.943280741Z: time="2018-01-19T15:53:01Z" level=warning msg="certificate with CN  is near expiry"
[STDERR  ] 2018-01-19T15:53:02.09501136Z: Create outputs:
[STDERR  ] 2018-01-19T15:53:07.638117188Z:   create-ext4-kernel create-ext4-initrd.img create-ext4-cmdline
[STDERR  ] 2018-01-19T15:53:07.693783225Z: + linuxkit run -disk file=disk.img,format=raw,size=256M create-ext4
[STDERR  ] 2018-01-19T15:53:07.717262488Z: Unable to find qemu-system-x86_64 within the $PATH. Using a container
[STDOUT  ] 2018-01-19T15:53:10.166697626Z: [    0.000000] Linux version 4.9.77-linuxkit (root@8aa31b9489e8) (gcc version 6.4.0 (Alpine 6.4.0) ) #1 SMP Wed Jan 17 14:57:17 UTC 2018
[STDOUT  ] 2018-01-19T15:53:10.172401129Z: [    0.000000] Command line: console=ttyS0 console=ttyAMA0
[STDOUT  ] 2018-01-19T15:53:10.1772534Z: [    0.000000] x86/fpu: Legacy x87 FPU detected.
[STDOUT  ] 2018-01-19T15:53:10.183027517Z: [    0.000000] x86/fpu: Using 'eager' FPU context switches.
[STDOUT  ] 2018-01-19T15:53:10.188131424Z: [    0.000000] e820: BIOS-provided physical RAM map:
[STDOUT  ] 2018-01-19T15:53:10.195881743Z: [    0.000000] BIOS-e820: [mem 0x0000000000000000-0x000000000009fbff] usable
[STDOUT  ] 2018-01-19T15:53:10.203604436Z: [    0.000000] BIOS-e820: [mem 0x000000000009fc00-0x000000000009ffff] reserved
[STDOUT  ] 2018-01-19T15:53:10.211027429Z: [    0.000000] BIOS-e820: [mem 0x00000000000f0000-0x00000000000fffff] reserved
[STDOUT  ] 2018-01-19T15:53:10.218602735Z: [    0.000000] BIOS-e820: [mem 0x0000000000100000-0x000000003ffdefff] usable
[STDOUT  ] 2018-01-19T15:53:10.226177859Z: [    0.000000] BIOS-e820: [mem 0x000000003ffdf000-0x000000003fffffff] reserved
[STDOUT  ] 2018-01-19T15:53:10.233866621Z: [    0.000000] BIOS-e820: [mem 0x00000000b0000000-0x00000000bfffffff] reserved
[STDOUT  ] 2018-01-19T15:53:10.241586034Z: [    0.000000] BIOS-e820: [mem 0x00000000fed1c000-0x00000000fed1ffff] reserved
[STDOUT  ] 2018-01-19T15:53:10.249174632Z: [    0.000000] BIOS-e820: [mem 0x00000000feffc000-0x00000000feffffff] reserved
[STDOUT  ] 2018-01-19T15:53:10.25686978Z: [    0.000000] BIOS-e820: [mem 0x00000000fffc0000-0x00000000ffffffff] reserved
[STDOUT  ] 2018-01-19T15:53:10.262191779Z: [    0.000000] NX (Execute Disable) protection: active
[STDOUT  ] 2018-01-19T15:53:10.265681177Z: [    0.000000] SMBIOS 2.8 present.
[STDOUT  ] 2018-01-19T15:53:10.26985689Z: [    0.000000] Hypervisor detected: KVM
[STDOUT  ] 2018-01-19T15:53:10.276378186Z: [    0.000000] e820: last_pfn = 0x3ffdf max_arch_pfn = 0x400000000
[STDOUT  ] 2018-01-19T15:53:10.281343297Z: [    0.000000] x86/PAT: PAT not supported by CPU.
[STDOUT  ] 2018-01-19T15:53:10.288909466Z: [    0.000000] x86/PAT: Configuration [0-7]: WB  WT  UC- UC  WB  WT  UC- UC  
[STDOUT  ] 2018-01-19T15:53:10.29823778Z: [    0.000000] found SMP MP-table at [mem 0x000f6aa0-0x000f6aaf] mapped at [ffff8bd2400f6aa0]
[STDOUT  ] 2018-01-19T15:53:10.303539583Z: [    0.000000] RAMDISK: [mem 0x3e004000-0x3ffcffff]
[STDOUT  ] 2018-01-19T15:53:10.310202912Z: [    0.000000] ACPI: Early table checksum verification disabled
[STDOUT  ] 2018-01-19T15:53:10.316845362Z: [    0.000000] ACPI: RSDP 0x00000000000F68B0 000014 (v00 BOCHS )
[STDOUT  ] 2018-01-19T15:53:10.326299003Z: [    0.000000] ACPI: RSDT 0x000000003FFE20A8 000034 (v01 BOCHS  BXPCRSDT 00000001 BXPC 00000001)
[STDOUT  ] 2018-01-19T15:53:10.335745853Z: [    0.000000] ACPI: FACP 0x000000003FFE1EC8 0000F4 (v03 BOCHS  BXPCFACP 00000001 BXPC 00000001)
[STDOUT  ] 2018-01-19T15:53:10.345088105Z: [    0.000000] ACPI: DSDT 0x000000003FFE0040 001E88 (v01 BOCHS  BXPCDSDT 00000001 BXPC 00000001)
[STDOUT  ] 2018-01-19T15:53:10.350239127Z: [    0.000000] ACPI: FACS 0x000000003FFE0000 000040
[STDOUT  ] 2018-01-19T15:53:10.359691168Z: [    0.000000] ACPI: APIC 0x000000003FFE1FBC 000078 (v01 BOCHS  BXPCAPIC 00000001 BXPC 00000001)
[STDOUT  ] 2018-01-19T15:53:10.369176957Z: [    0.000000] ACPI: HPET 0x000000003FFE2034 000038 (v01 BOCHS  BXPCHPET 00000001 BXPC 00000001)
[STDOUT  ] 2018-01-19T15:53:10.378468315Z: [    0.000000] ACPI: MCFG 0x000000003FFE206C 00003C (v01 BOCHS  BXPCMCFG 00000001 BXPC 00000001)
[STDOUT  ] 2018-01-19T15:53:10.384482135Z: [    0.000000] kvm-clock: Using msrs 4b564d01 and 4b564d00
[STDOUT  ] 2018-01-19T15:53:10.391098961Z: [    0.000000] kvm-clock: cpu 0, msr 0:3ffdd001, primary cpu clock
[STDOUT  ] 2018-01-19T15:53:10.402640987Z: [    0.000000] clocksource: kvm-clock: mask: 0xffffffffffffffff max_cycles: 0x1cd42e4dffb, max_idle_ns: 881590591483 ns
[STDOUT  ] 2018-01-19T15:53:10.405452904Z: [    0.000000] Zone ranges:
[STDOUT  ] 2018-01-19T15:53:10.412367426Z: [    0.000000]   DMA      [mem 0x0000000000001000-0x0000000000ffffff]
[STDOUT  ] 2018-01-19T15:53:10.419290648Z: [    0.000000]   DMA32    [mem 0x0000000001000000-0x000000003ffdefff]
[STDOUT  ] 2018-01-19T15:53:10.422593998Z: [    0.000000]   Normal   empty
[STDOUT  ] 2018-01-19T15:53:10.427464205Z: [    0.000000] Movable zone start for each node
[STDOUT  ] 2018-01-19T15:53:10.43150495Z: [    0.000000] Early memory node ranges
[STDOUT  ] 2018-01-19T15:53:10.438584548Z: [    0.000000]   node   0: [mem 0x0000000000001000-0x000000000009efff]
[STDOUT  ] 2018-01-19T15:53:10.445482225Z: [    0.000000]   node   0: [mem 0x0000000000100000-0x000000003ffdefff]
[STDOUT  ] 2018-01-19T15:53:10.453331491Z: [    0.000000] Initmem setup node 0 [mem 0x0000000000001000-0x000000003ffdefff]
[STDOUT  ] 2018-01-19T15:53:10.457920121Z: [    0.000000] ACPI: PM-Timer IO Port: 0x608
[STDOUT  ] 2018-01-19T15:53:10.464375589Z: [    0.000000] ACPI: LAPIC_NMI (acpi_id[0xff] dfl dfl lint[0x1])
[STDOUT  ] 2018-01-19T15:53:10.472550848Z: [    0.000000] IOAPIC[0]: apic_id 0, version 17, address 0xfec00000, GSI 0-23
[STDOUT  ] 2018-01-19T15:53:10.479729389Z: [    0.000000] ACPI: INT_SRC_OVR (bus 0 bus_irq 0 global_irq 2 dfl dfl)
[STDOUT  ] 2018-01-19T15:53:10.487138728Z: [    0.000000] ACPI: INT_SRC_OVR (bus 0 bus_irq 5 global_irq 5 high level)
[STDOUT  ] 2018-01-19T15:53:10.494590798Z: [    0.000000] ACPI: INT_SRC_OVR (bus 0 bus_irq 9 global_irq 9 high level)
[STDOUT  ] 2018-01-19T15:53:10.502238892Z: [    0.000000] ACPI: INT_SRC_OVR (bus 0 bus_irq 10 global_irq 10 high level)
[STDOUT  ] 2018-01-19T15:53:10.509805712Z: [    0.000000] ACPI: INT_SRC_OVR (bus 0 bus_irq 11 global_irq 11 high level)
[STDOUT  ] 2018-01-19T15:53:10.516886417Z: [    0.000000] Using ACPI (MADT) for SMP configuration information
[STDOUT  ] 2018-01-19T15:53:10.522995073Z: [    0.000000] ACPI: HPET id: 0x8086a201 base: 0xfed00000
[STDOUT  ] 2018-01-19T15:53:10.528617575Z: [    0.000000] smpboot: Allowing 1 CPUs, 0 hotplug CPUs
[STDOUT  ] 2018-01-19T15:53:10.535985537Z: [    0.000000] e820: [mem 0x40000000-0xafffffff] available for PCI devices
[STDOUT  ] 2018-01-19T15:53:10.541594583Z: [    0.000000] Booting paravirtualized kernel on KVM
[STDOUT  ] 2018-01-19T15:53:10.553811601Z: [    0.000000] clocksource: refined-jiffies: mask: 0xffffffff max_cycles: 0xffffffff, max_idle_ns: 19112604462750000 ns
[STDOUT  ] 2018-01-19T15:53:10.561720581Z: [    0.000000] setup_percpu: NR_CPUS:128 nr_cpumask_bits:128 nr_cpu_ids:1 nr_node_ids:1
[STDOUT  ] 2018-01-19T15:53:10.570447304Z: [    0.000000] percpu: Embedded 36 pages/cpu @ffff8bd27de00000 s106904 r8192 d32360 u2097152
[STDOUT  ] 2018-01-19T15:53:10.574584164Z: [    0.000000] KVM setup async PF for cpu 0
[STDOUT  ] 2018-01-19T15:53:10.579438909Z: [    0.000000] kvm-stealtime: cpu 0, msr 3de0fd80
[STDOUT  ] 2018-01-19T15:53:10.587719758Z: [    0.000000] Built 1 zonelists in Zone order, mobility grouping on.  Total pages: 257896
[STDOUT  ] 2018-01-19T15:53:10.593952158Z: [    0.000000] Kernel command line: console=ttyS0 console=ttyAMA0
[STDOUT  ] 2018-01-19T15:53:10.600272356Z: [    0.000000] PID hash table entries: 4096 (order: 3, 32768 bytes)
[STDOUT  ] 2018-01-19T15:53:10.607810486Z: [    0.000000] Dentry cache hash table entries: 131072 (order: 8, 1048576 bytes)
[STDOUT  ] 2018-01-19T15:53:10.614940835Z: [    0.000000] Inode-cache hash table entries: 65536 (order: 7, 524288 bytes)
[STDOUT  ] 2018-01-19T15:53:10.629130131Z: [    0.000000] Memory: 981564K/1048052K available (8054K kernel code, 1391K rwdata, 2700K rodata, 1396K init, 564K bss, 66488K reserved, 0K cma-reserved)
[STDOUT  ] 2018-01-19T15:53:10.634873954Z: [    0.000000] Kernel/User page tables isolation: enabled
[STDOUT  ] 2018-01-19T15:53:10.639533426Z: [    0.000000] Hierarchical RCU implementation.
[STDOUT  ] 2018-01-19T15:53:10.645166811Z: [    0.000000] 	Build-time adjustment of leaf fanout to 64.
[STDOUT  ] 2018-01-19T15:53:10.651727311Z: [    0.000000] 	RCU restricting CPUs from NR_CPUS=128 to nr_cpu_ids=1.
[STDOUT  ] 2018-01-19T15:53:10.65882211Z: [    0.000000] RCU: Adjusting geometry for rcu_fanout_leaf=64, nr_cpu_ids=1
[STDOUT  ] 2018-01-19T15:53:10.662957383Z: [    0.000000] NR_IRQS:8448 nr_irqs:256 16
[STDOUT  ] 2018-01-19T15:53:10.66681768Z: [    0.000000] Console: colour VGA+ 80x25
[STDOUT  ] 2018-01-19T15:53:10.670582497Z: [    0.000000] console [ttyS0] enabled
[STDOUT  ] 2018-01-19T15:53:10.680686908Z: [    0.000000] clocksource: hpet: mask: 0xffffffff max_cycles: 0xffffffff, max_idle_ns: 19112604467 ns
[STDOUT  ] 2018-01-19T15:53:10.68627811Z: [    0.000000] tsc: Detected 2300.000 MHz processor
[STDOUT  ] 2018-01-19T15:53:10.695621795Z: [    0.020000] Calibrating delay loop (skipped) preset value.. 4600.00 BogoMIPS (lpj=23000000)
[STDOUT  ] 2018-01-19T15:53:10.700428523Z: [    0.023061] pid_max: default: 32768 minimum: 301
[STDOUT  ] 2018-01-19T15:53:10.705054005Z: [    0.027918] ACPI: Core revision 20160831
[STDOUT  ] 2018-01-19T15:53:10.713044726Z: [    0.030683] ACPI: 1 ACPI AML tables successfully acquired and loaded
[STDOUT  ] 2018-01-19T15:53:10.717823837Z: [    0.040106] Security Framework initialized
[STDOUT  ] 2018-01-19T15:53:10.721447532Z: [    0.044646] Yama: becoming mindful.
[STDOUT  ] 2018-01-19T15:53:10.729221009Z: [    0.050085] Mount-cache hash table entries: 2048 (order: 2, 16384 bytes)
[STDOUT  ] 2018-01-19T15:53:10.737716975Z: [    0.057552] Mountpoint-cache hash table entries: 2048 (order: 2, 16384 bytes)
[STDOUT  ] 2018-01-19T15:53:10.743298675Z: [    0.060923] CPU: Physical Processor ID: 0
[STDOUT  ] 2018-01-19T15:53:10.749871332Z: [    0.070283] Last level iTLB entries: 4KB 0, 2MB 0, 4MB 0
[STDOUT  ] 2018-01-19T15:53:10.757003411Z: [    0.076566] Last level dTLB entries: 4KB 0, 2MB 0, 4MB 0, 1GB 0
[STDOUT  ] 2018-01-19T15:53:10.765845606Z: [    0.080039] Spectre V2 mitigation: Vulnerable: Minimal generic ASM retpoline
[STDOUT  ] 2018-01-19T15:53:10.883890168Z: [    0.206749] Freeing SMP alternatives memory: 20K
[STDOUT  ] 2018-01-19T15:53:10.922128732Z: [    0.244446] ftrace: allocating 35560 entries in 139 pages
[STDOUT  ] 2018-01-19T15:53:11.524734161Z: [    0.260132] smpboot: Max logical packages: 1
[STDOUT  ] 2018-01-19T15:53:11.53155205Z: [    0.272964] x2apic enabled
[STDOUT  ] 2018-01-19T15:53:11.540671703Z: [    0.280027] Switched APIC routing to physical x2apic.
[STDOUT  ] 2018-01-19T15:53:11.558263985Z: [    0.299598] ..TIMER: vector=0x30 apic1=0 pin1=2 apic2=-1 pin2=-1
[STDOUT  ] 2018-01-19T15:53:11.683127975Z: [    0.300000] smpboot: CPU0: Intel QEMU Virtual CPU version 2.5+ (family: 0x6, model: 0x6, stepping: 0x3)
[STDOUT  ] 2018-01-19T15:53:11.703872258Z: [    0.300010] Performance Events: PMU not available due to virtualization, using software events only.
[STDOUT  ] 2018-01-19T15:53:11.70959348Z: [    0.320874] x86: Booted up 1 node, 1 CPUs
[STDOUT  ] 2018-01-19T15:53:11.716474538Z: [    0.325674] smpboot: Total of 1 processors activated (4600.00 BogoMIPS)
[STDOUT  ] 2018-01-19T15:53:11.722276071Z: [    0.332081] devtmpfs: initialized
[STDOUT  ] 2018-01-19T15:53:11.727156614Z: [    0.340099] x86/mm: Memory block size: 128MB
[STDOUT  ] 2018-01-19T15:53:11.741509456Z: [    0.348102] clocksource: jiffies: mask: 0xffffffff max_cycles: 0xffffffff, max_idle_ns: 19112604462750000 ns
[STDOUT  ] 2018-01-19T15:53:11.748521776Z: [    0.350020] futex hash table entries: 256 (order: 2, 16384 bytes)
[STDOUT  ] 2018-01-19T15:53:11.75342506Z: [    0.357059] NET: Registered protocol family 16
[STDOUT  ] 2018-01-19T15:53:11.758140232Z: [    0.360276] cpuidle: using governor ladder
[STDOUT  ] 2018-01-19T15:53:11.762288223Z: [    0.364562] cpuidle: using governor menu
[STDOUT  ] 2018-01-19T15:53:11.766936221Z: [    0.370365] ACPI: bus type PCI registered
[STDOUT  ] 2018-01-19T15:53:11.77716351Z: [    0.375167] PCI: MMCONFIG for domain 0000 [bus 00-ff] at [mem 0xb0000000-0xbfffffff] (base 0xb0000000)
[STDOUT  ] 2018-01-19T15:53:11.784448455Z: [    0.380014] PCI: MMCONFIG at [mem 0xb0000000-0xbfffffff] reserved in E820
[STDOUT  ] 2018-01-19T15:53:11.790307829Z: [    0.390028] PCI: Using configuration type 1 for base access
[STDOUT  ] 2018-01-19T15:53:11.79866066Z: [    0.400452] HugeTLB registered 2 MB page size, pre-allocated 0 pages
[STDOUT  ] 2018-01-19T15:53:11.80349068Z: [    0.407451] ACPI: Added _OSI(Module Device)
[STDOUT  ] 2018-01-19T15:53:11.808075326Z: [    0.410010] ACPI: Added _OSI(Processor Device)
[STDOUT  ] 2018-01-19T15:53:11.813107514Z: [    0.414659] ACPI: Added _OSI(3.0 _SCP Extensions)
[STDOUT  ] 2018-01-19T15:53:11.820083073Z: [    0.420010] ACPI: Added _OSI(Processor Aggregator Device)
[STDOUT  ] 2018-01-19T15:53:11.82824657Z: [    0.432776] ACPI: Interpreter enabled
[STDOUT  ] 2018-01-19T15:53:11.831778691Z: [    0.436647] ACPI: (supports S0 S5)
[STDOUT  ] 2018-01-19T15:53:11.83772844Z: [    0.440010] ACPI: Using IOAPIC for interrupt routing
[STDOUT  ] 2018-01-19T15:53:11.848743912Z: [    0.445982] PCI: Using host bridge windows from ACPI; if necessary, use "pci=nocrs" and report a bug
[STDOUT  ] 2018-01-19T15:53:11.858596898Z: [    0.460536] ACPI: PCI Root Bridge [PCI0] (domain 0000 [bus 00-ff])
[STDOUT  ] 2018-01-19T15:53:11.866949037Z: [    0.467013] acpi PNP0A08:00: _OSC: OS supports [ExtendedConfig ASPM ClockPM Segments MSI]
[STDOUT  ] 2018-01-19T15:53:11.875228367Z: [    0.470195] acpi PNP0A08:00: _OSC: OS now controls [PCIeHotplug PME PCIeCapability]
[STDOUT  ] 2018-01-19T15:53:11.879681469Z: [    0.480100] PCI host bridge to bus 0000:00
[STDOUT  ] 2018-01-19T15:53:11.886760613Z: [    0.484419] pci_bus 0000:00: root bus resource [io  0x0000-0x0cf7 window]
[STDOUT  ] 2018-01-19T15:53:11.894157395Z: [    0.490016] pci_bus 0000:00: root bus resource [io  0x0d00-0xffff window]
[STDOUT  ] 2018-01-19T15:53:11.902112997Z: [    0.500015] pci_bus 0000:00: root bus resource [mem 0x000a0000-0x000bffff window]
[STDOUT  ] 2018-01-19T15:53:11.91023921Z: [    0.510016] pci_bus 0000:00: root bus resource [mem 0xc0000000-0xfebfffff window]
[STDOUT  ] 2018-01-19T15:53:11.916221856Z: [    0.518088] pci_bus 0000:00: root bus resource [bus 00-ff]
[STDOUT  ] 2018-01-19T15:53:12.050206922Z: [    0.648089] pci 0000:00:1f.0: quirk: [io  0x0600-0x067f] claimed by ICH6 ACPI/GPIO/TCO
[STDOUT  ] 2018-01-19T15:53:12.113716984Z: [    0.713772] ACPI: PCI Interrupt Link [LNKA] (IRQs 5 *10 11)
[STDOUT  ] 2018-01-19T15:53:12.121105233Z: [    0.722328] ACPI: PCI Interrupt Link [LNKB] (IRQs 5 *10 11)
[STDOUT  ] 2018-01-19T15:53:12.128600676Z: [    0.730108] ACPI: PCI Interrupt Link [LNKC] (IRQs 5 10 *11)
[STDOUT  ] 2018-01-19T15:53:12.136231278Z: [    0.737579] ACPI: PCI Interrupt Link [LNKD] (IRQs 5 10 *11)
[STDOUT  ] 2018-01-19T15:53:12.143845143Z: [    0.742355] ACPI: PCI Interrupt Link [LNKE] (IRQs 5 *10 11)
[STDOUT  ] 2018-01-19T15:53:12.151478606Z: [    0.752320] ACPI: PCI Interrupt Link [LNKF] (IRQs 5 *10 11)
[STDOUT  ] 2018-01-19T15:53:12.159236653Z: [    0.760433] ACPI: PCI Interrupt Link [LNKG] (IRQs 5 10 *11)
[STDOUT  ] 2018-01-19T15:53:12.16718816Z: [    0.768119] ACPI: PCI Interrupt Link [LNKH] (IRQs 5 10 *11)
[STDOUT  ] 2018-01-19T15:53:12.174247318Z: [    0.772346] ACPI: PCI Interrupt Link [GSIA] (IRQs *16)
[STDOUT  ] 2018-01-19T15:53:12.180523851Z: [    0.781113] ACPI: PCI Interrupt Link [GSIB] (IRQs *17)
[STDOUT  ] 2018-01-19T15:53:12.187173985Z: [    0.787380] ACPI: PCI Interrupt Link [GSIC] (IRQs *18)
[STDOUT  ] 2018-01-19T15:53:12.193737754Z: [    0.791136] ACPI: PCI Interrupt Link [GSID] (IRQs *19)
[STDOUT  ] 2018-01-19T15:53:12.200020579Z: [    0.801125] ACPI: PCI Interrupt Link [GSIE] (IRQs *20)
[STDOUT  ] 2018-01-19T15:53:12.206392448Z: [    0.807407] ACPI: PCI Interrupt Link [GSIF] (IRQs *21)
[STDOUT  ] 2018-01-19T15:53:12.212888019Z: [    0.811124] ACPI: PCI Interrupt Link [GSIG] (IRQs *22)
[STDOUT  ] 2018-01-19T15:53:12.219199245Z: [    0.821167] ACPI: PCI Interrupt Link [GSIH] (IRQs *23)
[STDOUT  ] 2018-01-19T15:53:12.22518533Z: [    0.827816] ACPI: Enabled 1 GPEs in block 00 to 3F
[STDOUT  ] 2018-01-19T15:53:12.229942843Z: [    0.830430] SCSI subsystem initialized
[STDOUT  ] 2018-01-19T15:53:12.234485556Z: [    0.835015] ACPI: bus type USB registered
[STDOUT  ] 2018-01-19T15:53:12.240287531Z: [    0.840055] usbcore: registered new interface driver usbfs
[STDOUT  ] 2018-01-19T15:53:12.245945438Z: [    0.845894] usbcore: registered new interface driver hub
[STDOUT  ] 2018-01-19T15:53:12.251234345Z: [    0.850047] usbcore: registered new device driver usb
[STDOUT  ] 2018-01-19T15:53:12.256397741Z: [    0.855368] pps_core: LinuxPPS API ver. 1 registered
[STDOUT  ] 2018-01-19T15:53:12.265957777Z: [    0.860010] pps_core: Software ver. 5.3.6 - Copyright 2005-2007 Rodolfo Giometti <giometti@linux.it>
[STDOUT  ] 2018-01-19T15:53:12.270040415Z: [    0.870029] PTP clock support registered
[STDOUT  ] 2018-01-19T15:53:12.274608389Z: [    0.874268] PCI: Using ACPI for IRQ routing
[STDOUT  ] 2018-01-19T15:53:12.672320948Z: [    1.276253] NetLabel: Initializing
[STDOUT  ] 2018-01-19T15:53:12.677302976Z: [    1.280008] NetLabel:  domain hash size = 128
[STDOUT  ] 2018-01-19T15:53:12.682774643Z: [    1.284933] NetLabel:  protocols = UNLABELED CIPSOv4
[STDOUT  ] 2018-01-19T15:53:12.689043615Z: [    1.290041] NetLabel:  unlabeled traffic allowed by default
[STDOUT  ] 2018-01-19T15:53:12.692509138Z: [    1.296258] wmi: Mapper loaded
[STDOUT  ] 2018-01-19T15:53:12.700438555Z: [    1.300161] HPET: 3 timers in total, 0 timers will be used for per-cpu timer
[STDOUT  ] 2018-01-19T15:53:12.706664219Z: [    1.308049] hpet0: at MMIO 0xfed00000, IRQs 2, 8, 0
[STDOUT  ] 2018-01-19T15:53:12.713157909Z: [    1.311532] hpet0: 3 comparators, 64-bit 100.000000 MHz counter
[STDOUT  ] 2018-01-19T15:53:12.723229842Z: [    1.323685] clocksource: Switched to clocksource kvm-clock
[STDOUT  ] 2018-01-19T15:53:12.740321948Z: [    1.338741] VFS: Disk quotas dquot_6.6.0
[STDOUT  ] 2018-01-19T15:53:12.748424644Z: [    1.343446] VFS: Dquot-cache hash table entries: 512 (order 0, 4096 bytes)
[STDOUT  ] 2018-01-19T15:53:12.751921553Z: [    1.351623] FS-Cache: Loaded
[STDOUT  ] 2018-01-19T15:53:12.755665404Z: [    1.355167] CacheFiles: Loaded
[STDOUT  ] 2018-01-19T15:53:12.759377709Z: [    1.358863] pnp: PnP ACPI init
[STDOUT  ] 2018-01-19T15:53:12.765084236Z: [    1.363660] pnp: PnP ACPI: found 5 devices
[STDOUT  ] 2018-01-19T15:53:12.780472878Z: [    1.374386] clocksource: acpi_pm: mask: 0xffffff max_cycles: 0xffffff, max_idle_ns: 2085701024 ns
[STDOUT  ] 2018-01-19T15:53:12.78528596Z: [    1.383657] NET: Registered protocol family 2
[STDOUT  ] 2018-01-19T15:53:12.792862757Z: [    1.388551] TCP established hash table entries: 8192 (order: 4, 65536 bytes)
[STDOUT  ] 2018-01-19T15:53:12.799708116Z: [    1.396075] TCP bind hash table entries: 8192 (order: 5, 131072 bytes)
[STDOUT  ] 2018-01-19T15:53:12.806308476Z: [    1.402913] TCP: Hash tables configured (established 8192 bind 8192)
[STDOUT  ] 2018-01-19T15:53:12.812669933Z: [    1.409490] UDP hash table entries: 512 (order: 2, 16384 bytes)
[STDOUT  ] 2018-01-19T15:53:12.819281526Z: [    1.415772] UDP-Lite hash table entries: 512 (order: 2, 16384 bytes)
[STDOUT  ] 2018-01-19T15:53:12.82418117Z: [    1.422566] NET: Registered protocol family 1
[STDOUT  ] 2018-01-19T15:53:12.833102277Z: [    1.427658] pci 0000:00:01.0: Video device with shadowed ROM at [mem 0x000c0000-0x000dffff]
[STDOUT  ] 2018-01-19T15:53:12.837287486Z: [    1.436757] Unpacking initramfs...
[STDOUT  ] 2018-01-19T15:53:13.392389237Z: [    1.990953] Freeing initrd memory: 32560K
[STDOUT  ] 2018-01-19T15:53:13.399315507Z: [    1.996605] PCLMULQDQ-NI instructions are not detected.
[STDOUT  ] 2018-01-19T15:53:13.405342853Z: [    2.002590] AVX or AES-NI instructions are not detected.
[STDOUT  ] 2018-01-19T15:53:13.411247983Z: [    2.008439] CPU feature 'AVX registers' is not supported.
[STDOUT  ] 2018-01-19T15:53:13.417279756Z: [    2.014468] CPU feature 'AVX registers' is not supported.
[STDOUT  ] 2018-01-19T15:53:13.423290894Z: [    2.020465] CPU feature 'AVX registers' is not supported.
[STDOUT  ] 2018-01-19T15:53:13.429255252Z: [    2.026355] CPU feature 'AVX registers' is not supported.
[STDOUT  ] 2018-01-19T15:53:13.435259302Z: [    2.032355] AVX2 or AES-NI instructions are not detected.
[STDOUT  ] 2018-01-19T15:53:13.440268355Z: [    2.038247] AVX2 instructions are not detected.
[STDOUT  ] 2018-01-19T15:53:13.446457922Z: [    2.043645] audit: initializing netlink subsys (disabled)
[STDOUT  ] 2018-01-19T15:53:13.453232307Z: [    2.049597] audit: type=2000 audit(1516377192.081:1): initialized
[STDOUT  ] 2018-01-19T15:53:13.460986637Z: [    2.056904] workingset: timestamp_bits=46 max_order=18 bucket_order=0
[STDOUT  ] 2018-01-19T15:53:13.467849545Z: [    2.064371] squashfs: version 4.0 (2009/01/31) Phillip Lougher
[STDOUT  ] 2018-01-19T15:53:13.47421436Z: [    2.071183] FS-Cache: Netfs 'cifs' registered for caching
[STDOUT  ] 2018-01-19T15:53:13.478615594Z: [    2.077309] fuse init (API version 7.26)
[STDOUT  ] 2018-01-19T15:53:13.485750435Z: [    2.081913] SGI XFS with ACLs, security attributes, no debug enabled
[STDOUT  ] 2018-01-19T15:53:13.492052291Z: [    2.089099] 9p: Installing v9fs 9p2000 file system support
[STDOUT  ] 2018-01-19T15:53:13.497901762Z: [    2.095199] FS-Cache: Netfs '9p' registered for caching
[STDOUT  ] 2018-01-19T15:53:13.503782102Z: [    2.101971] NET: Registered protocol family 38
[STDOUT  ] 2018-01-19T15:53:13.50841523Z: [    2.106920] Key type asymmetric registered
[STDOUT  ] 2018-01-19T15:53:13.513938442Z: [    2.111558] Asymmetric key parser 'x509' registered
[STDOUT  ] 2018-01-19T15:53:13.522224756Z: [    2.117026] Block layer SCSI generic (bsg) driver version 0.4 loaded (major 251)
[STDOUT  ] 2018-01-19T15:53:13.526739925Z: [    2.125376] io scheduler noop registered
[STDOUT  ] 2018-01-19T15:53:13.532404502Z: [    2.129820] io scheduler deadline registered (default)
[STDOUT  ] 2018-01-19T15:53:13.536916607Z: [    2.135702] io scheduler cfq registered
[STDOUT  ] 2018-01-19T15:53:13.543278969Z: [    2.140163] pci_hotplug: PCI Hot Plug PCI Core version: 0.5
[STDOUT  ] 2018-01-19T15:53:13.550545932Z: [    2.146350] pciehp: PCI Express Hot Plug Controller Driver version: 0.4
[STDOUT  ] 2018-01-19T15:53:13.558039248Z: [    2.153795] shpchp: Standard Hot Plug PCI Controller Driver version: 0.4
[STDOUT  ] 2018-01-19T15:53:13.563555187Z: [    2.161301] hv_vmbus: registering driver hyperv_fb
[STDOUT  ] 2018-01-19T15:53:13.571884606Z: [    2.166759] input: Power Button as /devices/LNXSYSTM:00/LNXPWRBN:00/input/input0
[STDOUT  ] 2018-01-19T15:53:13.576062528Z: [    2.174995] ACPI: Power Button [PWRF]
[STDOUT  ] 2018-01-19T15:53:13.580822935Z: [    2.179531] GHES: HEST is not enabled!
[STDOUT  ] 2018-01-19T15:53:13.587707703Z: [    2.184505] ACPI: PCI Interrupt Link [GSIG] enabled at IRQ 22
[STDOUT  ] 2018-01-19T15:53:13.601277279Z: [    2.198265] ACPI: PCI Interrupt Link [GSIH] enabled at IRQ 23
[STDOUT  ] 2018-01-19T15:53:13.614450382Z: [    2.210445] xenfs: not registering filesystem on non-xen platform
[STDOUT  ] 2018-01-19T15:53:13.62197065Z: [    2.217631] Serial: 8250/16550 driver, 4 ports, IRQ sharing disabled
[STDOUT  ] 2018-01-19T15:53:13.664390511Z: [    2.259204] 00:04: ttyS0 at I/O 0x3f8 (irq = 4, base_baud = 115200) is a 16550A
[STDOUT  ] 2018-01-19T15:53:13.670630906Z: [    2.268754] Non-volatile memory driver v1.3
[STDOUT  ] 2018-01-19T15:53:13.682265126Z: [    2.275353] Hangcheck: starting hangcheck timer 0.9.1 (tick is 180 seconds, margin is 60 seconds).
[STDOUT  ] 2018-01-19T15:53:13.688351645Z: [    2.285858] random: fast init done
[STDOUT  ] 2018-01-19T15:53:13.693201873Z: [    2.292239] random: crng init done
[STDOUT  ] 2018-01-19T15:53:13.698653182Z: [    2.297908] loop: module loaded
[STDOUT  ] 2018-01-19T15:53:13.704664169Z: [    2.302481] nbd: registered device at major 43
[STDOUT  ] 2018-01-19T15:53:13.713463349Z: [    2.309511] lpc_ich 0000:00:1f.0: I/O space for GPIO uninitialized
[STDOUT  ] 2018-01-19T15:53:13.719423942Z: [    2.316745] VMware PVSCSI driver - version 1.0.7.0-k
[STDOUT  ] 2018-01-19T15:53:13.725381767Z: [    2.322664] hv_vmbus: registering driver hv_storvsc
[STDOUT  ] 2018-01-19T15:53:13.732511041Z: [    2.328953] ACPI: PCI Interrupt Link [GSIA] enabled at IRQ 16
[STDOUT  ] 2018-01-19T15:53:13.745222911Z: [    2.338738] ahci 0000:00:1f.2: AHCI 0001.0000 32 slots 6 ports 1.5 Gbps 0x3f impl SATA mode
[STDOUT  ] 2018-01-19T15:53:13.750996226Z: [    2.348434] ahci 0000:00:1f.2: flags: 64bit ncq only 
[STDOUT  ] 2018-01-19T15:53:13.757817791Z: [    2.357640] scsi host0: ahci
[STDOUT  ] 2018-01-19T15:53:13.761245083Z: [    2.361152] scsi host1: ahci
[STDOUT  ] 2018-01-19T15:53:13.764597796Z: [    2.364514] scsi host2: ahci
[STDOUT  ] 2018-01-19T15:53:13.768122565Z: [    2.367905] scsi host3: ahci
[STDOUT  ] 2018-01-19T15:53:13.771642185Z: [    2.371438] scsi host4: ahci
[STDOUT  ] 2018-01-19T15:53:13.775097865Z: [    2.374817] scsi host5: ahci
[STDOUT  ] 2018-01-19T15:53:13.783840782Z: [    2.378355] ata1: SATA max UDMA/133 abar m4096@0xfebd2000 port 0xfebd2100 irq 24
[STDOUT  ] 2018-01-19T15:53:13.7923101Z: [    2.387102] ata2: SATA max UDMA/133 abar m4096@0xfebd2000 port 0xfebd2180 irq 24
[STDOUT  ] 2018-01-19T15:53:13.800065161Z: [    2.395438] ata3: SATA max UDMA/133 abar m4096@0xfebd2000 port 0xfebd2200 irq 24
[STDOUT  ] 2018-01-19T15:53:13.807766585Z: [    2.403198] ata4: SATA max UDMA/133 abar m4096@0xfebd2000 port 0xfebd2280 irq 24
[STDOUT  ] 2018-01-19T15:53:13.815450233Z: [    2.411001] ata5: SATA max UDMA/133 abar m4096@0xfebd2000 port 0xfebd2300 irq 24
[STDOUT  ] 2018-01-19T15:53:13.823813638Z: [    2.418617] ata6: SATA max UDMA/133 abar m4096@0xfebd2000 port 0xfebd2380 irq 24
[STDOUT  ] 2018-01-19T15:53:13.831334122Z: [    2.429176] tun: Universal TUN/TAP device driver, 1.6
[STDOUT  ] 2018-01-19T15:53:13.83799724Z: [    2.434544] tun: (C) 1999-2004 Max Krasnyansky <maxk@qualcomm.com>
[STDOUT  ] 2018-01-19T15:53:13.849521092Z: [    2.445505] VMware vmxnet3 virtual NIC driver - version 1.4.a.0-k-NAPI
[STDOUT  ] 2018-01-19T15:53:13.854646943Z: [    2.452715] hv_vmbus: registering driver hv_netvsc
[STDOUT  ] 2018-01-19T15:53:13.858962857Z: [    2.457761] Fusion MPT base driver 3.04.20
[STDOUT  ] 2018-01-19T15:53:13.8641888Z: [    2.462166] Copyright (c) 1999-2008 LSI Corporation
[STDOUT  ] 2018-01-19T15:53:13.868854035Z: [    2.467214] Fusion MPT SPI Host driver 3.04.20
[STDOUT  ] 2018-01-19T15:53:13.878272241Z: [    2.472138] i8042: PNP: PS/2 Controller [PNP0303:KBD,PNP0f13:MOU] at 0x60,0x64 irq 1,12
[STDOUT  ] 2018-01-19T15:53:13.887278339Z: [    2.484970] serio: i8042 KBD port at 0x60,0x64 irq 1
[STDOUT  ] 2018-01-19T15:53:13.892564631Z: [    2.490372] serio: i8042 AUX port at 0x60,0x64 irq 12
[STDOUT  ] 2018-01-19T15:53:13.898371261Z: [    2.495804] hv_vmbus: registering driver hyperv_keyboard
[STDOUT  ] 2018-01-19T15:53:13.904657722Z: [    2.501737] mousedev: PS/2 mouse device common for all mice
[STDOUT  ] 2018-01-19T15:53:13.915266587Z: [    2.509189] input: AT Translated Set 2 keyboard as /devices/platform/i8042/serio0/input/input1
[STDOUT  ] 2018-01-19T15:53:13.922893358Z: [    2.518583] input: PC Speaker as /devices/platform/pcspkr/input/input2
[STDOUT  ] 2018-01-19T15:53:13.928991591Z: [    2.527055] rtc_cmos 00:00: RTC can wake from S4
[STDOUT  ] 2018-01-19T15:53:13.937288121Z: [    2.533752] rtc_cmos 00:00: rtc core: registered rtc_cmos as rtc0
[STDOUT  ] 2018-01-19T15:53:13.946264412Z: [    2.541501] rtc_cmos 00:00: alarms up to one day, y3k, 114 bytes nvram, hpet irqs
[STDOUT  ] 2018-01-19T15:53:13.950009918Z: [    2.549391] i2c /dev entries driver
[STDOUT  ] 2018-01-19T15:53:13.959834853Z: [    2.553330] device-mapper: ioctl: 4.35.0-ioctl (2016-06-23) initialised: dm-devel@redhat.com
[STDOUT  ] 2018-01-19T15:53:13.967117521Z: [    2.563708] usbcore: registered new interface driver usbhid
[STDOUT  ] 2018-01-19T15:53:13.971650572Z: [    2.570312] usbhid: USB HID core driver
[STDOUT  ] 2018-01-19T15:53:13.977768532Z: [    2.574741] hv_utils: Registering HyperV Utility Driver
[STDOUT  ] 2018-01-19T15:53:13.983205508Z: [    2.580972] hv_vmbus: registering driver hv_util
[STDOUT  ] 2018-01-19T15:53:13.988519678Z: [    2.586327] hv_vmbus: registering driver hv_balloon
[STDOUT  ] 2018-01-19T15:53:13.992940577Z: [    2.591672] oprofile: using NMI interrupt.
[STDOUT  ] 2018-01-19T15:53:13.996435411Z: [    2.596112] GACT probability on
[STDOUT  ] 2018-01-19T15:53:14.000294791Z: [    2.599464] Mirror/redirect action on
[STDOUT  ] 2018-01-19T15:53:14.004197472Z: [    2.603496] Simple TC action Loaded
[STDOUT  ] 2018-01-19T15:53:14.007048332Z: [    2.607209] u32 classifier
[STDOUT  ] 2018-01-19T15:53:14.011599257Z: [    2.610213]     Performance counters on
[STDOUT  ] 2018-01-19T15:53:14.01546896Z: [    2.614609]     input device check on
[STDOUT  ] 2018-01-19T15:53:14.01911447Z: [    2.618456]     Actions configured
[STDOUT  ] 2018-01-19T15:53:14.024066925Z: [    2.622211] Netfilter messages via NETLINK v0.30.
[STDOUT  ] 2018-01-19T15:53:14.029275486Z: [    2.627205] nfnl_acct: registering with nfnetlink.
[STDOUT  ] 2018-01-19T15:53:14.035510488Z: [    2.632429] nf_conntrack version 0.5.0 (8192 buckets, 32768 max)
[STDOUT  ] 2018-01-19T15:53:14.041247027Z: [    2.638735] ctnetlink v0.93: registering with nfnetlink.
[STDOUT  ] 2018-01-19T15:53:14.048548957Z: [    2.644760] nf_tables: (c) 2007-2009 Patrick McHardy <kaber@trash.net>
[STDOUT  ] 2018-01-19T15:53:14.056354783Z: [    2.651825] nf_tables_compat: (c) 2012 Pablo Neira Ayuso <pablo@netfilter.org>
[STDOUT  ] 2018-01-19T15:53:14.061219829Z: [    2.659673] xt_time: kernel timezone is -0000
[STDOUT  ] 2018-01-19T15:53:14.064833341Z: [    2.664706] ip_set: protocol 6
[STDOUT  ] 2018-01-19T15:53:14.071096044Z: [    2.667923] IPVS: Registered protocols (TCP, UDP, SCTP, AH, ESP)
[STDOUT  ] 2018-01-19T15:53:14.078940828Z: [    2.674516] IPVS: Connection hash table configured (size=4096, memory=64Kbytes)
[STDOUT  ] 2018-01-19T15:53:14.084150761Z: [    2.682428] IPVS: Creating netns size=2104 id=0
[STDOUT  ] 2018-01-19T15:53:14.088779076Z: [    2.688485] IPVS: ipvs loaded.
[STDOUT  ] 2018-01-19T15:53:14.093688623Z: [    2.691884] IPVS: [rr] scheduler registered.
[STDOUT  ] 2018-01-19T15:53:14.098691379Z: [    2.697133] IPVS: [wrr] scheduler registered.
[STDOUT  ] 2018-01-19T15:53:14.103202364Z: [    2.701798] IPVS: [lc] scheduler registered.
[STDOUT  ] 2018-01-19T15:53:14.108043047Z: [    2.706613] IPVS: [wlc] scheduler registered.
[STDOUT  ] 2018-01-19T15:53:14.11260889Z: [    2.711241] IPVS: [fo] scheduler registered.
[STDOUT  ] 2018-01-19T15:53:14.117578418Z: [    2.716064] IPVS: [ovf] scheduler registered.
[STDOUT  ] 2018-01-19T15:53:14.122479275Z: [    2.720691] IPVS: [lblc] scheduler registered.
[STDOUT  ] 2018-01-19T15:53:14.12774246Z: [    2.725899] IPVS: [lblcr] scheduler registered.
[STDOUT  ] 2018-01-19T15:53:14.132725602Z: [    2.731198] IPVS: [dh] scheduler registered.
[STDOUT  ] 2018-01-19T15:53:14.137447568Z: [    2.735863] IPVS: [sh] scheduler registered.
[STDOUT  ] 2018-01-19T15:53:14.142448921Z: [    2.740873] IPVS: [sed] scheduler registered.
[STDOUT  ] 2018-01-19T15:53:14.146962087Z: [    2.745548] IPVS: [nq] scheduler registered.
[STDOUT  ] 2018-01-19T15:53:14.154292988Z: [    2.750873] ata3: SATA link up 1.5 Gbps (SStatus 113 SControl 300)
[STDOUT  ] 2018-01-19T15:53:14.161087992Z: [    2.758368] ata2: SATA link down (SStatus 0 SControl 300)
[STDOUT  ] 2018-01-19T15:53:14.168367571Z: [    2.764974] ata1: SATA link up 1.5 Gbps (SStatus 113 SControl 300)
[STDOUT  ] 2018-01-19T15:53:14.174810519Z: [    2.772334] ata4: SATA link down (SStatus 0 SControl 300)
[STDOUT  ] 2018-01-19T15:53:14.181323687Z: [    2.778695] ata5: SATA link down (SStatus 0 SControl 300)
[STDOUT  ] 2018-01-19T15:53:14.187770266Z: [    2.785246] ata6: SATA link down (SStatus 0 SControl 300)
[STDOUT  ] 2018-01-19T15:53:14.193427749Z: [    2.791184] IPVS: ftp: loaded support on port[0] = 21
[STDOUT  ] 2018-01-19T15:53:14.199147773Z: [    2.796503] ipip: IPv4 and MPLS over IPv4 tunneling driver
[STDOUT  ] 2018-01-19T15:53:14.205192046Z: [    2.802359] ata3.00: ATAPI: QEMU DVD-ROM, 2.5+, max UDMA/100
[STDOUT  ] 2018-01-19T15:53:14.209778348Z: [    2.808322] ata3.00: applying bridge limits
[STDOUT  ] 2018-01-19T15:53:14.216151238Z: [    2.813203] ata1.00: ATA-7: QEMU HARDDISK, 2.5+, max UDMA/100
[STDOUT  ] 2018-01-19T15:53:14.222994512Z: [    2.819152] ata1.00: 524288 sectors, multi 16: LBA48 NCQ (depth 31/32)
[STDOUT  ] 2018-01-19T15:53:14.227479474Z: [    2.826080] ata1.00: applying bridge limits
[STDOUT  ] 2018-01-19T15:53:14.233475901Z: [    2.830997] gre: GRE over IPv4 demultiplexor driver
[STDOUT  ] 2018-01-19T15:53:14.239643368Z: [    2.837011] ip_tables: (C) 2000-2006 Netfilter Core Team
[STDOUT  ] 2018-01-19T15:53:14.244929406Z: [    2.843133] ata3.00: configured for UDMA/100
[STDOUT  ] 2018-01-19T15:53:14.250864263Z: [    2.848990] ata1.00: configured for UDMA/100
[STDOUT  ] 2018-01-19T15:53:14.258398238Z: [    2.854291] ipt_CLUSTERIP: ClusterIP Version 0.8 loaded successfully
[STDOUT  ] 2018-01-19T15:53:14.267845105Z: [    2.861688] scsi 0:0:0:0: Direct-Access     ATA      QEMU HARDDISK    2.5+ PQ: 0 ANSI: 5
[STDOUT  ] 2018-01-19T15:53:14.274332285Z: [    2.870951] arp_tables: arp_tables: (C) 2002 David S. Miller
[STDOUT  ] 2018-01-19T15:53:14.279334697Z: [    2.877705] NET: Registered protocol family 10
[STDOUT  ] 2018-01-19T15:53:14.285259571Z: [    2.882702] sd 0:0:0:0: Attached scsi generic sg0 type 0
[STDOUT  ] 2018-01-19T15:53:14.29292768Z: [    2.888500] sd 0:0:0:0: [sda] 524288 512-byte logical blocks: (268 MB/256 MiB)
[STDOUT  ] 2018-01-19T15:53:14.298345764Z: [    2.896296] sd 0:0:0:0: [sda] Write Protect is off
[STDOUT  ] 2018-01-19T15:53:14.307588883Z: [    2.901804] scsi 2:0:0:0: CD-ROM            QEMU     QEMU DVD-ROM     2.5+ PQ: 0 ANSI: 5
[STDOUT  ] 2018-01-19T15:53:14.317341242Z: [    2.911002] sd 0:0:0:0: [sda] Write cache: enabled, read cache: enabled, doesn't support DPO or FUA
[STDOUT  ] 2018-01-19T15:53:14.323261536Z: [    2.920637] ip6_tables: (C) 2000-2006 Netfilter Core Team
[STDOUT  ] 2018-01-19T15:53:14.330380547Z: [    2.928162] NET: Registered protocol family 17
[STDOUT  ] 2018-01-19T15:53:14.335397781Z: [    2.933910] Bridge firewalling registered
[STDOUT  ] 2018-01-19T15:53:14.341094611Z: [    2.938886] sd 0:0:0:0: [sda] Attached SCSI disk
[STDOUT  ] 2018-01-19T15:53:14.349584397Z: [    2.945030] sr 2:0:0:0: [sr0] scsi3-mmc drive: 4x/4x cd/rw xa/form2 tray
[STDOUT  ] 2018-01-19T15:53:14.355699187Z: [    2.952774] cdrom: Uniform CD-ROM driver Revision: 3.20
[STDOUT  ] 2018-01-19T15:53:14.359991963Z: [    2.958843] Ebtables v2.0 registered
[STDOUT  ] 2018-01-19T15:53:14.365214809Z: [    2.963458] 8021q: 802.1Q VLAN Support v1.8
[STDOUT  ] 2018-01-19T15:53:14.369758711Z: [    2.968342] 9pnet: Installing 9P2000 support
[STDOUT  ] 2018-01-19T15:53:14.376315545Z: [    2.973472] sr 2:0:0:0: Attached scsi generic sg1 type 5
[STDOUT  ] 2018-01-19T15:53:14.381518716Z: [    2.979571] Key type dns_resolver registered
[STDOUT  ] 2018-01-19T15:53:14.387699618Z: [    2.984910] microcode: sig=0x663, pf=0x1, revision=0x1
[STDOUT  ] 2018-01-19T15:53:14.397789652Z: [    2.990977] microcode: Microcode Update Driver: v2.01 <tigran@aivazian.fsnet.co.uk>, Peter Oruba
[STDOUT  ] 2018-01-19T15:53:14.402630273Z: [    3.001174] registered taskstats version 1
[STDOUT  ] 2018-01-19T15:53:14.41249073Z: [    3.011422] Key type big_key registered
[STDOUT  ] 2018-01-19T15:53:14.422460333Z: [    3.021218] Key type encrypted registered
[STDOUT  ] 2018-01-19T15:53:14.43265047Z: [    3.027345] rtc_cmos 00:00: setting system clock to 2018-01-19 15:53:13 UTC (1516377193)
[STDOUT  ] 2018-01-19T15:53:14.441029406Z: [    3.038907] Freeing unused kernel memory: 1396K
[STDOUT  ] 2018-01-19T15:53:14.447261476Z: [    3.044216] Write protecting the kernel read-only data: 12288k
[STDOUT  ] 2018-01-19T15:53:14.452440349Z: [    3.050773] Freeing unused kernel memory: 124K
[STDOUT  ] 2018-01-19T15:53:14.461440755Z: [    3.059307] Freeing unused kernel memory: 1396K
[STDOUT  ] 2018-01-19T15:53:14.98129639Z: 
[STDOUT  ] 2018-01-19T15:53:14.983093007Z: Welcome to LinuxKit
[STDOUT  ] 2018-01-19T15:53:14.983861961Z: 
[STDOUT  ] 2018-01-19T15:53:14.986682912Z:                         ##         .
[STDOUT  ] 2018-01-19T15:53:14.989797114Z:                   ## ## ##        ==
[STDOUT  ] 2018-01-19T15:53:14.992567229Z:                ## ## ## ## ##    ===
[STDOUT  ] 2018-01-19T15:53:14.995502191Z:            /"""""""""""""""""\___/ ===
[STDOUT  ] 2018-01-19T15:53:14.998978868Z:           {                       /  ===-
[STDOUT  ] 2018-01-19T15:53:15.002030975Z:            \______ O           __/
[STDOUT  ] 2018-01-19T15:53:15.004383851Z:              \    \         __/
[STDOUT  ] 2018-01-19T15:53:15.006717828Z:               \____\_______/
[STDOUT  ] 2018-01-19T15:53:15.007455431Z: 
[STDOUT  ] 2018-01-19T15:53:15.047636134Z: [    3.645639] IPVS: Creating netns size=2104 id=1
[STDOUT  ] 2018-01-19T15:53:15.053615312Z: [    3.651038] IPVS: ftp: loaded support on port[0] = 21
[STDOUT  ] 2018-01-19T15:53:15.120566094Z: 2018/01/19 15:53:14 Creating partition on /dev/sda
[STDOUT  ] 2018-01-19T15:53:15.142266263Z: [    3.743056]  sda:
[STDOUT  ] 2018-01-19T15:53:15.150498808Z: [    3.751280]  sda:
[STDOUT  ] 2018-01-19T15:53:15.169497485Z: [    3.769731]  sda: sda1
[STDOUT  ] 2018-01-19T15:53:15.179154465Z: [    3.777405]  sda: sda1
[STDOUT  ] 2018-01-19T15:53:16.276976488Z: 2018/01/19 15:53:15 Partition /dev/sda1 successfully created!
[STDOUT  ] 2018-01-19T15:53:16.353929179Z: [    4.951017] IPVS: Creating netns size=2104 id=2
[STDOUT  ] 2018-01-19T15:53:16.359611125Z: [    4.957094] IPVS: ftp: loaded support on port[0] = 21
[STDOUT  ] 2018-01-19T15:53:16.401269344Z: [    4.995589] EXT4-fs (sda1): couldn't mount as ext3 due to feature incompatibilities
[STDOUT  ] 2018-01-19T15:53:16.410897763Z: [    5.005290] EXT4-fs (sda1): couldn't mount as ext2 due to feature incompatibilities
[STDOUT  ] 2018-01-19T15:53:16.430449002Z: [    5.021251] EXT4-fs (sda1): mounted filesystem with ordered data mode. Opts: (null)
[STDOUT  ] 2018-01-19T15:53:26.893040584Z: [   15.491940] sd 0:0:0:0: [sda] Synchronizing SCSI cache
[STDOUT  ] 2018-01-19T15:53:26.899722324Z: [   15.499562] sd 0:0:0:0: [sda] Stopping disk
[STDOUT  ] 2018-01-19T15:53:26.905388044Z: [   15.504331] ACPI: Preparing to enter system sleep state S5
[STDOUT  ] 2018-01-19T15:53:26.907877167Z: [   15.508802] reboot: Power down
[STDERR  ] 2018-01-19T15:53:27.240046376Z: + [ -f disk.img ]
[STDERR  ] 2018-01-19T15:53:27.240105673Z: + dd if=/dev/zero bs=1048576 count=256
[STDERR  ] 2018-01-19T15:53:27.494128451Z: 256+0 records in
[STDERR  ] 2018-01-19T15:53:27.494186587Z: 256+0 records out
[STDERR  ] 2018-01-19T15:53:27.494194828Z: 268435456 bytes (268 MB) copied, 0.183613 s, 1.5 GB/s
[STDERR  ] 2018-01-19T15:53:27.494264008Z: + linuxkit build -format kernel+initrd -name extend-ext4 test.yml
[STDERR  ] 2018-01-19T15:53:27.553585707Z: Extract kernel image: linuxkit/kernel:4.9.77
[STDERR  ] 2018-01-19T15:53:28.687819067Z: time="2018-01-19T15:53:28Z" level=warning msg="certificate with CN  is near expiry"
[STDERR  ] 2018-01-19T15:53:28.687947572Z: time="2018-01-19T15:53:28Z" level=warning msg="certificate with CN  is near expiry"
[STDERR  ] 2018-01-19T15:53:28.688349907Z: time="2018-01-19T15:53:28Z" level=warning msg="certificate with CN Justin Cormack is near expiry"
[STDERR  ] 2018-01-19T15:53:28.733017824Z: time="2018-01-19T15:53:28Z" level=warning msg="certificate with CN Justin Cormack is near expiry"
[STDERR  ] 2018-01-19T15:53:29.085000086Z: Add init containers:
[STDERR  ] 2018-01-19T15:53:29.085051136Z: Process init image: linuxkit/init:be8756f0a6005279d2409a8790b4dd8b2ac11df9
[STDERR  ] 2018-01-19T15:53:30.135834714Z: time="2018-01-19T15:53:30Z" level=warning msg="certificate with CN  is near expiry"
[STDERR  ] 2018-01-19T15:53:30.135887115Z: time="2018-01-19T15:53:30Z" level=warning msg="certificate with CN  is near expiry"
[STDERR  ] 2018-01-19T15:53:30.136092245Z: time="2018-01-19T15:53:30Z" level=warning msg="certificate with CN Justin Cormack is near expiry"
[STDERR  ] 2018-01-19T15:53:30.139908556Z: time="2018-01-19T15:53:30Z" level=warning msg="certificate with CN Justin Cormack is near expiry"
[STDERR  ] 2018-01-19T15:53:30.141387484Z: time="2018-01-19T15:53:30Z" level=warning msg="certificate with CN  is near expiry"
[STDERR  ] 2018-01-19T15:53:30.313998475Z: Process init image: linuxkit/runc:7b15b00b4e3507d62e3ed8d44dfe650561cd35ff
[STDERR  ] 2018-01-19T15:53:31.365470189Z: time="2018-01-19T15:53:31Z" level=warning msg="certificate with CN  is near expiry"
[STDERR  ] 2018-01-19T15:53:31.365528445Z: time="2018-01-19T15:53:31Z" level=warning msg="certificate with CN  is near expiry"
[STDERR  ] 2018-01-19T15:53:31.365763355Z: time="2018-01-19T15:53:31Z" level=warning msg="certificate with CN Justin Cormack is near expiry"
[STDERR  ] 2018-01-19T15:53:31.36785907Z: time="2018-01-19T15:53:31Z" level=warning msg="certificate with CN Justin Cormack is near expiry"
[STDERR  ] 2018-01-19T15:53:31.369070438Z: time="2018-01-19T15:53:31Z" level=warning msg="certificate with CN  is near expiry"
[STDERR  ] 2018-01-19T15:53:31.525263741Z: Add onboot containers:
[STDERR  ] 2018-01-19T15:53:31.525304283Z:   Create OCI config for linuxkit/extend:e550c16d8464cabeffdff80f27e6fa8278f06dbb
[STDERR  ] 2018-01-19T15:53:33.230327133Z: time="2018-01-19T15:53:33Z" level=warning msg="certificate with CN  is near expiry"
[STDERR  ] 2018-01-19T15:53:33.230374749Z: time="2018-01-19T15:53:33Z" level=warning msg="certificate with CN Moby CI is near expiry"
[STDERR  ] 2018-01-19T15:53:33.230452486Z: time="2018-01-19T15:53:33Z" level=warning msg="certificate with CN  is near expiry"
[STDERR  ] 2018-01-19T15:53:33.230528435Z: time="2018-01-19T15:53:33Z" level=warning msg="certificate with CN Justin Cormack is near expiry"
[STDERR  ] 2018-01-19T15:53:33.230644752Z: time="2018-01-19T15:53:33Z" level=warning msg="certificate with CN Rolf Neugebauer is near expiry"
[STDERR  ] 2018-01-19T15:53:33.31826786Z: time="2018-01-19T15:53:33Z" level=warning msg="certificate with CN  is near expiry"
[STDERR  ] 2018-01-19T15:53:33.491316881Z: time="2018-01-19T15:53:33Z" level=warning msg="certificate with CN Rolf Neugebauer is near expiry"
[STDERR  ] 2018-01-19T15:53:33.508012791Z: Pull image: docker.io/linuxkit/extend:e550c16d8464cabeffdff80f27e6fa8278f06dbb@sha256:9393e4c52007fc501a65078b17521ef184e487785cec99fbc15be468c7c21b4e
[STDERR  ] 2018-01-19T15:53:37.067075554Z:   Create OCI config for linuxkit/mount:3c37d46558c794e8535daa805e7037cb8e82c141
[STDERR  ] 2018-01-19T15:53:38.094430998Z: time="2018-01-19T15:53:38Z" level=warning msg="certificate with CN Rolf Neugebauer is near expiry"
[STDERR  ] 2018-01-19T15:53:38.094485283Z: time="2018-01-19T15:53:38Z" level=warning msg="certificate with CN  is near expiry"
[STDERR  ] 2018-01-19T15:53:38.094581857Z: time="2018-01-19T15:53:38Z" level=warning msg="certificate with CN  is near expiry"
[STDERR  ] 2018-01-19T15:53:38.094814465Z: time="2018-01-19T15:53:38Z" level=warning msg="certificate with CN Justin Cormack is near expiry"
[STDERR  ] 2018-01-19T15:53:38.097286406Z: time="2018-01-19T15:53:38Z" level=warning msg="certificate with CN Justin Cormack is near expiry"
[STDERR  ] 2018-01-19T15:53:38.099954659Z: time="2018-01-19T15:53:38Z" level=warning msg="certificate with CN Rolf Neugebauer is near expiry"
[STDERR  ] 2018-01-19T15:53:38.101063819Z: time="2018-01-19T15:53:38Z" level=warning msg="certificate with CN  is near expiry"
[STDERR  ] 2018-01-19T15:53:38.591847662Z:   Create OCI config for alpine:3.7
[STDERR  ] 2018-01-19T15:53:39.808961348Z:   Create OCI config for linuxkit/poweroff:bccfe1cb04fc7bb9f03613d2314f38abd2620f29
[STDERR  ] 2018-01-19T15:53:40.848438356Z: time="2018-01-19T15:53:40Z" level=warning msg="certificate with CN Rolf Neugebauer is near expiry"
[STDERR  ] 2018-01-19T15:53:40.848535985Z: time="2018-01-19T15:53:40Z" level=warning msg="certificate with CN  is near expiry"
[STDERR  ] 2018-01-19T15:53:40.848838204Z: time="2018-01-19T15:53:40Z" level=warning msg="certificate with CN  is near expiry"
[STDERR  ] 2018-01-19T15:53:40.849280445Z: time="2018-01-19T15:53:40Z" level=warning msg="certificate with CN Justin Cormack is near expiry"
[STDERR  ] 2018-01-19T15:53:40.853399758Z: time="2018-01-19T15:53:40Z" level=warning msg="certificate with CN Rolf Neugebauer is near expiry"
[STDERR  ] 2018-01-19T15:53:40.85428257Z: time="2018-01-19T15:53:40Z" level=warning msg="certificate with CN  is near expiry"
[STDERR  ] 2018-01-19T15:53:41.018117779Z: Add files:
[STDERR  ] 2018-01-19T15:53:41.018165328Z:   check.sh
[STDERR  ] 2018-01-19T15:53:41.039648128Z: Create outputs:
[STDERR  ] 2018-01-19T15:53:47.053118721Z:   extend-ext4-kernel extend-ext4-initrd.img extend-ext4-cmdline
[STDERR  ] 2018-01-19T15:53:47.105197863Z: + linuxkit run -disk file=disk.img extend-ext4
[STDERR  ] 2018-01-19T15:53:47.129693895Z: Unable to find qemu-system-x86_64 within the $PATH. Using a container
[STDERR  ] 2018-01-19T15:53:47.129788795Z: Using existing disk [disk.img] format 
[STDERR  ] 2018-01-19T15:53:47.541640483Z: WARNING: Image format was not specified for 'disk.img' and probing guessed raw.
[STDERR  ] 2018-01-19T15:53:47.541694983Z:          Automatically detecting the format is dangerous for raw images, write operations on block 0 will be restricted.
[STDERR  ] 2018-01-19T15:53:47.541716084Z:          Specify the 'raw' format explicitly to remove the restrictions.
[STDERR  ] 2018-01-19T15:54:05.932435433Z: + RESULT=[    0.000000] Linux version 4.9.77-linuxkit (root@8aa31b9489e8) (gcc version 6.4.0 (Alpine 6.4.0) ) #1 SMP Wed Jan 17 14:57:17 UTC 2018
[STDERR  ] 2018-01-19T15:54:05.932477785Z: [    0.000000] Command line: console=ttyS0 console=ttyAMA0
[STDERR  ] 2018-01-19T15:54:05.932486816Z: [    0.000000] x86/fpu: Legacy x87 FPU detected.
[STDERR  ] 2018-01-19T15:54:05.932502585Z: [    0.000000] x86/fpu: Using 'eager' FPU context switches.
[STDERR  ] 2018-01-19T15:54:05.932509627Z: [    0.000000] e820: BIOS-provided physical RAM map:
[STDERR  ] 2018-01-19T15:54:05.932522481Z: [    0.000000] BIOS-e820: [mem 0x0000000000000000-0x000000000009fbff] usable
[STDERR  ] 2018-01-19T15:54:05.93252932Z: [    0.000000] BIOS-e820: [mem 0x000000000009fc00-0x000000000009ffff] reserved
[STDERR  ] 2018-01-19T15:54:05.932535591Z: [    0.000000] BIOS-e820: [mem 0x00000000000f0000-0x00000000000fffff] reserved
[STDERR  ] 2018-01-19T15:54:05.932541745Z: [    0.000000] BIOS-e820: [mem 0x0000000000100000-0x000000003ffdefff] usable
[STDERR  ] 2018-01-19T15:54:05.932547571Z: [    0.000000] BIOS-e820: [mem 0x000000003ffdf000-0x000000003fffffff] reserved
[STDERR  ] 2018-01-19T15:54:05.932553856Z: [    0.000000] BIOS-e820: [mem 0x00000000b0000000-0x00000000bfffffff] reserved
[STDERR  ] 2018-01-19T15:54:05.932560137Z: [    0.000000] BIOS-e820: [mem 0x00000000fed1c000-0x00000000fed1ffff] reserved
[STDERR  ] 2018-01-19T15:54:05.932565982Z: [    0.000000] BIOS-e820: [mem 0x00000000feffc000-0x00000000feffffff] reserved
[STDERR  ] 2018-01-19T15:54:05.932571654Z: [    0.000000] BIOS-e820: [mem 0x00000000fffc0000-0x00000000ffffffff] reserved
[STDERR  ] 2018-01-19T15:54:05.932577442Z: [    0.000000] NX (Execute Disable) protection: active
[STDERR  ] 2018-01-19T15:54:05.932583801Z: [    0.000000] SMBIOS 2.8 present.
[STDERR  ] 2018-01-19T15:54:05.932589615Z: [    0.000000] Hypervisor detected: KVM
[STDERR  ] 2018-01-19T15:54:05.9325957Z: [    0.000000] e820: last_pfn = 0x3ffdf max_arch_pfn = 0x400000000
[STDERR  ] 2018-01-19T15:54:05.932601864Z: [    0.000000] x86/PAT: PAT not supported by CPU.
[STDERR  ] 2018-01-19T15:54:05.932607991Z: [    0.000000] x86/PAT: Configuration [0-7]: WB  WT  UC- UC  WB  WT  UC- UC  
[STDERR  ] 2018-01-19T15:54:05.932613728Z: [    0.000000] found SMP MP-table at [mem 0x000f6aa0-0x000f6aaf] mapped at [ffff8922c00f6aa0]
[STDERR  ] 2018-01-19T15:54:05.932620117Z: [    0.000000] RAMDISK: [mem 0x3deb7000-0x3ffcffff]
[STDERR  ] 2018-01-19T15:54:05.932625792Z: [    0.000000] ACPI: Early table checksum verification disabled
[STDERR  ] 2018-01-19T15:54:05.932631515Z: [    0.000000] ACPI: RSDP 0x00000000000F68B0 000014 (v00 BOCHS )
[STDERR  ] 2018-01-19T15:54:05.932637422Z: [    0.000000] ACPI: RSDT 0x000000003FFE20A8 000034 (v01 BOCHS  BXPCRSDT 00000001 BXPC 00000001)
[STDERR  ] 2018-01-19T15:54:05.932643071Z: [    0.000000] ACPI: FACP 0x000000003FFE1EC8 0000F4 (v03 BOCHS  BXPCFACP 00000001 BXPC 00000001)
[STDERR  ] 2018-01-19T15:54:05.93264884Z: [    0.000000] ACPI: DSDT 0x000000003FFE0040 001E88 (v01 BOCHS  BXPCDSDT 00000001 BXPC 00000001)
[STDERR  ] 2018-01-19T15:54:05.932654393Z: [    0.000000] ACPI: FACS 0x000000003FFE0000 000040
[STDERR  ] 2018-01-19T15:54:05.932661118Z: [    0.000000] ACPI: APIC 0x000000003FFE1FBC 000078 (v01 BOCHS  BXPCAPIC 00000001 BXPC 00000001)
[STDERR  ] 2018-01-19T15:54:05.932666723Z: [    0.000000] ACPI: HPET 0x000000003FFE2034 000038 (v01 BOCHS  BXPCHPET 00000001 BXPC 00000001)
[STDERR  ] 2018-01-19T15:54:05.932672288Z: [    0.000000] ACPI: MCFG 0x000000003FFE206C 00003C (v01 BOCHS  BXPCMCFG 00000001 BXPC 00000001)
[STDERR  ] 2018-01-19T15:54:05.932677887Z: [    0.000000] kvm-clock: Using msrs 4b564d01 and 4b564d00
[STDERR  ] 2018-01-19T15:54:05.932683435Z: [    0.000000] kvm-clock: cpu 0, msr 0:3ffdd001, primary cpu clock
[STDERR  ] 2018-01-19T15:54:05.932689112Z: [    0.000000] clocksource: kvm-clock: mask: 0xffffffffffffffff max_cycles: 0x1cd42e4dffb, max_idle_ns: 881590591483 ns
[STDERR  ] 2018-01-19T15:54:05.932695719Z: [    0.000000] Zone ranges:
[STDERR  ] 2018-01-19T15:54:05.932701561Z: [    0.000000]   DMA      [mem 0x0000000000001000-0x0000000000ffffff]
[STDERR  ] 2018-01-19T15:54:05.932707263Z: [    0.000000]   DMA32    [mem 0x0000000001000000-0x000000003ffdefff]
[STDERR  ] 2018-01-19T15:54:05.932713638Z: [    0.000000]   Normal   empty
[STDERR  ] 2018-01-19T15:54:05.93271951Z: [    0.000000] Movable zone start for each node
[STDERR  ] 2018-01-19T15:54:05.932728673Z: [    0.000000] Early memory node ranges
[STDERR  ] 2018-01-19T15:54:05.932734945Z: [    0.000000]   node   0: [mem 0x0000000000001000-0x000000000009efff]
[STDERR  ] 2018-01-19T15:54:05.932743855Z: [    0.000000]   node   0: [mem 0x0000000000100000-0x000000003ffdefff]
[STDERR  ] 2018-01-19T15:54:05.932750649Z: [    0.000000] Initmem setup node 0 [mem 0x0000000000001000-0x000000003ffdefff]
[STDERR  ] 2018-01-19T15:54:05.932770003Z: [    0.000000] ACPI: PM-Timer IO Port: 0x608
[STDERR  ] 2018-01-19T15:54:05.932777146Z: [    0.000000] ACPI: LAPIC_NMI (acpi_id[0xff] dfl dfl lint[0x1])
[STDERR  ] 2018-01-19T15:54:05.932782973Z: [    0.000000] IOAPIC[0]: apic_id 0, version 17, address 0xfec00000, GSI 0-23
[STDERR  ] 2018-01-19T15:54:05.932789288Z: [    0.000000] ACPI: INT_SRC_OVR (bus 0 bus_irq 0 global_irq 2 dfl dfl)
[STDERR  ] 2018-01-19T15:54:05.932795329Z: [    0.000000] ACPI: INT_SRC_OVR (bus 0 bus_irq 5 global_irq 5 high level)
[STDERR  ] 2018-01-19T15:54:05.932801183Z: [    0.000000] ACPI: INT_SRC_OVR (bus 0 bus_irq 9 global_irq 9 high level)
[STDERR  ] 2018-01-19T15:54:05.932807493Z: [    0.000000] ACPI: INT_SRC_OVR (bus 0 bus_irq 10 global_irq 10 high level)
[STDERR  ] 2018-01-19T15:54:05.932814039Z: [    0.000000] ACPI: INT_SRC_OVR (bus 0 bus_irq 11 global_irq 11 high level)
[STDERR  ] 2018-01-19T15:54:05.932821976Z: [    0.000000] Using ACPI (MADT) for SMP configuration information
[STDERR  ] 2018-01-19T15:54:05.932829056Z: [    0.000000] ACPI: HPET id: 0x8086a201 base: 0xfed00000
[STDERR  ] 2018-01-19T15:54:05.932835131Z: [    0.000000] smpboot: Allowing 1 CPUs, 0 hotplug CPUs
[STDERR  ] 2018-01-19T15:54:05.932841034Z: [    0.000000] e820: [mem 0x40000000-0xafffffff] available for PCI devices
[STDERR  ] 2018-01-19T15:54:05.93284687Z: [    0.000000] Booting paravirtualized kernel on KVM
[STDERR  ] 2018-01-19T15:54:05.932853167Z: [    0.000000] clocksource: refined-jiffies: mask: 0xffffffff max_cycles: 0xffffffff, max_idle_ns: 19112604462750000 ns
[STDERR  ] 2018-01-19T15:54:05.932859203Z: [    0.000000] setup_percpu: NR_CPUS:128 nr_cpumask_bits:128 nr_cpu_ids:1 nr_node_ids:1
[STDERR  ] 2018-01-19T15:54:05.932865523Z: [    0.000000] percpu: Embedded 36 pages/cpu @ffff8922fdc00000 s106904 r8192 d32360 u2097152
[STDERR  ] 2018-01-19T15:54:05.93287421Z: [    0.000000] KVM setup async PF for cpu 0
[STDERR  ] 2018-01-19T15:54:05.932880523Z: [    0.000000] kvm-stealtime: cpu 0, msr 3dc0fd80
[STDERR  ] 2018-01-19T15:54:05.932887107Z: [    0.000000] Built 1 zonelists in Zone order, mobility grouping on.  Total pages: 257896
[STDERR  ] 2018-01-19T15:54:05.932893094Z: [    0.000000] Kernel command line: console=ttyS0 console=ttyAMA0
[STDERR  ] 2018-01-19T15:54:05.932915221Z: [    0.000000] PID hash table entries: 4096 (order: 3, 32768 bytes)
[STDERR  ] 2018-01-19T15:54:05.93292253Z: [    0.000000] Dentry cache hash table entries: 131072 (order: 8, 1048576 bytes)
[STDERR  ] 2018-01-19T15:54:05.932929354Z: [    0.000000] Inode-cache hash table entries: 65536 (order: 7, 524288 bytes)
[STDERR  ] 2018-01-19T15:54:05.932935612Z: [    0.000000] Memory: 980232K/1048052K available (8054K kernel code, 1391K rwdata, 2700K rodata, 1396K init, 564K bss, 67820K reserved, 0K cma-reserved)
[STDERR  ] 2018-01-19T15:54:05.932947331Z: [    0.000000] Kernel/User page tables isolation: enabled
[STDERR  ] 2018-01-19T15:54:05.932953651Z: [    0.000000] Hierarchical RCU implementation.
[STDERR  ] 2018-01-19T15:54:05.932960065Z: [    0.000000] 	Build-time adjustment of leaf fanout to 64.
[STDERR  ] 2018-01-19T15:54:05.932966256Z: [    0.000000] 	RCU restricting CPUs from NR_CPUS=128 to nr_cpu_ids=1.
[STDERR  ] 2018-01-19T15:54:05.932972216Z: [    0.000000] RCU: Adjusting geometry for rcu_fanout_leaf=64, nr_cpu_ids=1
[STDERR  ] 2018-01-19T15:54:05.932978896Z: [    0.000000] NR_IRQS:8448 nr_irqs:256 16
[STDERR  ] 2018-01-19T15:54:05.932985108Z: [    0.000000] Console: colour VGA+ 80x25
[STDERR  ] 2018-01-19T15:54:05.932991324Z: [    0.000000] console [ttyS0] enabled
[STDERR  ] 2018-01-19T15:54:05.933000961Z: [    0.000000] clocksource: hpet: mask: 0xffffffff max_cycles: 0xffffffff, max_idle_ns: 19112604467 ns
[STDERR  ] 2018-01-19T15:54:05.933007564Z: [    0.000000] tsc: Detected 2300.000 MHz processor
[STDERR  ] 2018-01-19T15:54:05.933016496Z: [    0.020000] Calibrating delay loop (skipped) preset value.. 4600.00 BogoMIPS (lpj=23000000)
[STDERR  ] 2018-01-19T15:54:05.933022536Z: [    0.023061] pid_max: default: 32768 minimum: 301
[STDERR  ] 2018-01-19T15:54:05.933028713Z: [    0.027818] ACPI: Core revision 20160831
[STDERR  ] 2018-01-19T15:54:05.933034835Z: [    0.030679] ACPI: 1 ACPI AML tables successfully acquired and loaded
[STDERR  ] 2018-01-19T15:54:05.933041162Z: [    0.040092] Security Framework initialized
[STDERR  ] 2018-01-19T15:54:05.933047145Z: [    0.044506] Yama: becoming mindful.
[STDERR  ] 2018-01-19T15:54:05.933053814Z: [    0.048596] Mount-cache hash table entries: 2048 (order: 2, 16384 bytes)
[STDERR  ] 2018-01-19T15:54:05.933059942Z: [    0.050040] Mountpoint-cache hash table entries: 2048 (order: 2, 16384 bytes)
[STDERR  ] 2018-01-19T15:54:05.933065827Z: [    0.060938] CPU: Physical Processor ID: 0
[STDERR  ] 2018-01-19T15:54:05.933072666Z: [    0.070228] Last level iTLB entries: 4KB 0, 2MB 0, 4MB 0
[STDERR  ] 2018-01-19T15:54:05.933078586Z: [    0.076146] Last level dTLB entries: 4KB 0, 2MB 0, 4MB 0, 1GB 0
[STDERR  ] 2018-01-19T15:54:05.933084713Z: [    0.080034] Spectre V2 mitigation: Vulnerable: Minimal generic ASM retpoline
[STDERR  ] 2018-01-19T15:54:05.933090589Z: [    0.203507] Freeing SMP alternatives memory: 20K
[STDERR  ] 2018-01-19T15:54:05.933096439Z: [    0.240227] ftrace: allocating 35560 entries in 139 pages
[STDERR  ] 2018-01-19T15:54:05.9331026Z: [    0.260133] smpboot: Max logical packages: 1
[STDERR  ] 2018-01-19T15:54:05.933108362Z: [    0.267866] x2apic enabled
[STDERR  ] 2018-01-19T15:54:05.93311456Z: [    0.270025] Switched APIC routing to physical x2apic.
[STDERR  ] 2018-01-19T15:54:05.933120749Z: [    0.289123] ..TIMER: vector=0x30 apic1=0 pin1=2 apic2=-1 pin2=-1
[STDERR  ] 2018-01-19T15:54:05.933126371Z: [    0.290000] smpboot: CPU0: Intel QEMU Virtual CPU version 2.5+ (family: 0x6, model: 0x6, stepping: 0x3)
[STDERR  ] 2018-01-19T15:54:05.933132194Z: [    0.290009] Performance Events: PMU not available due to virtualization, using software events only.
[STDERR  ] 2018-01-19T15:54:05.933138704Z: [    0.308214] x86: Booted up 1 node, 1 CPUs
[STDERR  ] 2018-01-19T15:54:05.93314452Z: [    0.310009] smpboot: Total of 1 processors activated (4600.00 BogoMIPS)
[STDERR  ] 2018-01-19T15:54:05.933150252Z: [    0.323007] devtmpfs: initialized
[STDERR  ] 2018-01-19T15:54:05.933155864Z: [    0.326801] x86/mm: Memory block size: 128MB
[STDERR  ] 2018-01-19T15:54:05.933161452Z: [    0.332950] clocksource: jiffies: mask: 0xffffffff max_cycles: 0xffffffff, max_idle_ns: 19112604462750000 ns
[STDERR  ] 2018-01-19T15:54:05.933167086Z: [    0.340032] futex hash table entries: 256 (order: 2, 16384 bytes)
[STDERR  ] 2018-01-19T15:54:05.933173473Z: [    0.350227] NET: Registered protocol family 16
[STDERR  ] 2018-01-19T15:54:05.933179073Z: [    0.355165] cpuidle: using governor ladder
[STDERR  ] 2018-01-19T15:54:05.933184854Z: [    0.360011] cpuidle: using governor menu
[STDERR  ] 2018-01-19T15:54:05.933190463Z: [    0.364474] ACPI: bus type PCI registered
[STDERR  ] 2018-01-19T15:54:05.93319612Z: [    0.370488] PCI: MMCONFIG for domain 0000 [bus 00-ff] at [mem 0xb0000000-0xbfffffff] (base 0xb0000000)
[STDERR  ] 2018-01-19T15:54:05.933201903Z: [    0.380012] PCI: MMCONFIG at [mem 0xb0000000-0xbfffffff] reserved in E820
[STDERR  ] 2018-01-19T15:54:05.933207983Z: [    0.387082] PCI: Using configuration type 1 for base access
[STDERR  ] 2018-01-19T15:54:05.933214894Z: [    0.391630] HugeTLB registered 2 MB page size, pre-allocated 0 pages
[STDERR  ] 2018-01-19T15:54:05.93322286Z: [    0.400257] ACPI: Added _OSI(Module Device)
[STDERR  ] 2018-01-19T15:54:05.933229456Z: [    0.404652] ACPI: Added _OSI(Processor Device)
[STDERR  ] 2018-01-19T15:54:05.933235705Z: [    0.410010] ACPI: Added _OSI(3.0 _SCP Extensions)
[STDERR  ] 2018-01-19T15:54:05.933244601Z: [    0.415049] ACPI: Added _OSI(Processor Aggregator Device)
[STDERR  ] 2018-01-19T15:54:05.933250934Z: [    0.425074] ACPI: Interpreter enabled
[STDERR  ] 2018-01-19T15:54:05.933260489Z: [    0.430019] ACPI: (supports S0 S5)
[STDERR  ] 2018-01-19T15:54:05.933266927Z: [    0.433507] ACPI: Using IOAPIC for interrupt routing
[STDERR  ] 2018-01-19T15:54:05.933273207Z: [    0.440078] PCI: Using host bridge windows from ACPI; if necessary, use "pci=nocrs" and report a bug
[STDERR  ] 2018-01-19T15:54:05.933279155Z: [    0.453130] ACPI: PCI Root Bridge [PCI0] (domain 0000 [bus 00-ff])
[STDERR  ] 2018-01-19T15:54:05.933297828Z: [    0.460016] acpi PNP0A08:00: _OSC: OS supports [ExtendedConfig ASPM ClockPM Segments MSI]
[STDERR  ] 2018-01-19T15:54:05.933303942Z: [    0.470044] acpi PNP0A08:00: _OSC: OS now controls [PCIeHotplug PME PCIeCapability]
[STDERR  ] 2018-01-19T15:54:05.933309779Z: [    0.477940] PCI host bridge to bus 0000:00
[STDERR  ] 2018-01-19T15:54:05.933321919Z: [    0.480013] pci_bus 0000:00: root bus resource [io  0x0000-0x0cf7 window]
[STDERR  ] 2018-01-19T15:54:05.933328439Z: [    0.486922] pci_bus 0000:00: root bus resource [io  0x0d00-0xffff window]
[STDERR  ] 2018-01-19T15:54:05.933334469Z: [    0.490015] pci_bus 0000:00: root bus resource [mem 0x000a0000-0x000bffff window]
[STDERR  ] 2018-01-19T15:54:05.933340429Z: [    0.500007] pci_bus 0000:00: root bus resource [mem 0xc0000000-0xfebfffff window]
[STDERR  ] 2018-01-19T15:54:05.933346395Z: [    0.510009] pci_bus 0000:00: root bus resource [bus 00-ff]
[STDERR  ] 2018-01-19T15:54:05.933352734Z: [    0.645254] pci 0000:00:1f.0: quirk: [io  0x0600-0x067f] claimed by ICH6 ACPI/GPIO/TCO
[STDERR  ] 2018-01-19T15:54:05.933358752Z: [    0.708870] ACPI: PCI Interrupt Link [LNKA] (IRQs 5 *10 11)
[STDERR  ] 2018-01-19T15:54:05.93336492Z: [    0.712267] ACPI: PCI Interrupt Link [LNKB] (IRQs 5 *10 11)
[STDERR  ] 2018-01-19T15:54:05.933370822Z: [    0.722225] ACPI: PCI Interrupt Link [LNKC] (IRQs 5 10 *11)
[STDERR  ] 2018-01-19T15:54:05.933376552Z: [    0.732230] ACPI: PCI Interrupt Link [LNKD] (IRQs 5 10 *11)
[STDERR  ] 2018-01-19T15:54:05.933382962Z: [    0.739485] ACPI: PCI Interrupt Link [LNKE] (IRQs 5 *10 11)
[STDERR  ] 2018-01-19T15:54:05.933388876Z: [    0.742204] ACPI: PCI Interrupt Link [LNKF] (IRQs 5 *10 11)
[STDERR  ] 2018-01-19T15:54:05.933394702Z: [    0.752224] ACPI: PCI Interrupt Link [LNKG] (IRQs 5 10 *11)
[STDERR  ] 2018-01-19T15:54:05.933400376Z: [    0.761881] ACPI: PCI Interrupt Link [LNKH] (IRQs 5 10 *11)
[STDERR  ] 2018-01-19T15:54:05.933406246Z: [    0.768964] ACPI: PCI Interrupt Link [GSIA] (IRQs *16)
[STDERR  ] 2018-01-19T15:54:05.933412032Z: [    0.771074] ACPI: PCI Interrupt Link [GSIB] (IRQs *17)
[STDERR  ] 2018-01-19T15:54:05.933417906Z: [    0.781118] ACPI: PCI Interrupt Link [GSIC] (IRQs *18)
[STDERR  ] 2018-01-19T15:54:05.933423523Z: [    0.787178] ACPI: PCI Interrupt Link [GSID] (IRQs *19)
[STDERR  ] 2018-01-19T15:54:05.933429191Z: [    0.791102] ACPI: PCI Interrupt Link [GSIE] (IRQs *20)
[STDERR  ] 2018-01-19T15:54:05.933435897Z: [    0.800040] ACPI: PCI Interrupt Link [GSIF] (IRQs *21)
[STDERR  ] 2018-01-19T15:54:05.933441995Z: [    0.806326] ACPI: PCI Interrupt Link [GSIG] (IRQs *22)
[STDERR  ] 2018-01-19T15:54:05.933447566Z: [    0.811151] ACPI: PCI Interrupt Link [GSIH] (IRQs *23)
[STDERR  ] 2018-01-19T15:54:05.933453486Z: [    0.817765] ACPI: Enabled 1 GPEs in block 00 to 3F
[STDERR  ] 2018-01-19T15:54:05.933459157Z: [    0.820400] SCSI subsystem initialized
[STDERR  ] 2018-01-19T15:54:05.933465203Z: [    0.830279] ACPI: bus type USB registered
[STDERR  ] 2018-01-19T15:54:05.933471107Z: [    0.834999] usbcore: registered new interface driver usbfs
[STDERR  ] 2018-01-19T15:54:05.933477207Z: [    0.840057] usbcore: registered new interface driver hub
[STDERR  ] 2018-01-19T15:54:05.933483076Z: [    0.845734] usbcore: registered new device driver usb
[STDERR  ] 2018-01-19T15:54:05.933488681Z: [    0.850056] pps_core: LinuxPPS API ver. 1 registered
[STDERR  ] 2018-01-19T15:54:05.933497541Z: [    0.855491] pps_core: Software ver. 5.3.6 - Copyright 2005-2007 Rodolfo Giometti <giometti@linux.it>
[STDERR  ] 2018-01-19T15:54:05.933503604Z: [    0.860029] PTP clock support registered
[STDERR  ] 2018-01-19T15:54:05.933512313Z: [    0.870100] PCI: Using ACPI for IRQ routing
[STDERR  ] 2018-01-19T15:54:05.933518934Z: [    1.271495] NetLabel: Initializing
[STDERR  ] 2018-01-19T15:54:05.933525201Z: [    1.275124] NetLabel:  domain hash size = 128
[STDERR  ] 2018-01-19T15:54:05.933531139Z: [    1.279781] NetLabel:  protocols = UNLABELED CIPSOv4
[STDERR  ] 2018-01-19T15:54:05.933536772Z: [    1.280042] NetLabel:  unlabeled traffic allowed by default
[STDERR  ] 2018-01-19T15:54:05.933543438Z: [    1.290046] wmi: Mapper loaded
[STDERR  ] 2018-01-19T15:54:05.933549644Z: [    1.293423] HPET: 3 timers in total, 0 timers will be used for per-cpu timer
[STDERR  ] 2018-01-19T15:54:05.933558117Z: [    1.300156] hpet0: at MMIO 0xfed00000, IRQs 2, 8, 0
[STDERR  ] 2018-01-19T15:54:05.933564438Z: [    1.305939] hpet0: 3 comparators, 64-bit 100.000000 MHz counter
[STDERR  ] 2018-01-19T15:54:05.933570794Z: [    1.320043] clocksource: Switched to clocksource kvm-clock
[STDERR  ] 2018-01-19T15:54:05.933577058Z: [    1.338976] VFS: Disk quotas dquot_6.6.0
[STDERR  ] 2018-01-19T15:54:05.933582878Z: [    1.343537] VFS: Dquot-cache hash table entries: 512 (order 0, 4096 bytes)
[STDERR  ] 2018-01-19T15:54:05.933593812Z: [    1.351287] FS-Cache: Loaded
[STDERR  ] 2018-01-19T15:54:05.933600328Z: [    1.354634] CacheFiles: Loaded
[STDERR  ] 2018-01-19T15:54:05.93360641Z: [    1.358094] pnp: PnP ACPI init
[STDERR  ] 2018-01-19T15:54:05.933612139Z: [    1.362664] pnp: PnP ACPI: found 5 devices
[STDERR  ] 2018-01-19T15:54:05.933618212Z: [    1.374172] clocksource: acpi_pm: mask: 0xffffff max_cycles: 0xffffff, max_idle_ns: 2085701024 ns
[STDERR  ] 2018-01-19T15:54:05.933624143Z: [    1.384332] NET: Registered protocol family 2
[STDERR  ] 2018-01-19T15:54:05.933630212Z: [    1.389367] TCP established hash table entries: 8192 (order: 4, 65536 bytes)
[STDERR  ] 2018-01-19T15:54:05.933636719Z: [    1.397263] TCP bind hash table entries: 8192 (order: 5, 131072 bytes)
[STDERR  ] 2018-01-19T15:54:05.933642952Z: [    1.404093] TCP: Hash tables configured (established 8192 bind 8192)
[STDERR  ] 2018-01-19T15:54:05.933648772Z: [    1.410691] UDP hash table entries: 512 (order: 2, 16384 bytes)
[STDERR  ] 2018-01-19T15:54:05.933656663Z: [    1.416571] UDP-Lite hash table entries: 512 (order: 2, 16384 bytes)
[STDERR  ] 2018-01-19T15:54:05.933662545Z: [    1.423245] NET: Registered protocol family 1
[STDERR  ] 2018-01-19T15:54:05.933668368Z: [    1.428001] pci 0000:00:01.0: Video device with shadowed ROM at [mem 0x000c0000-0x000dffff]
[STDERR  ] 2018-01-19T15:54:05.933674159Z: [    1.437012] Unpacking initramfs...
[STDERR  ] 2018-01-19T15:54:05.933680189Z: [    2.021833] Freeing initrd memory: 33892K
[STDERR  ] 2018-01-19T15:54:05.933685839Z: [    2.027332] PCLMULQDQ-NI instructions are not detected.
[STDERR  ] 2018-01-19T15:54:05.933692048Z: [    2.033133] AVX or AES-NI instructions are not detected.
[STDERR  ] 2018-01-19T15:54:05.933698371Z: [    2.038731] CPU feature 'AVX registers' is not supported.
[STDERR  ] 2018-01-19T15:54:05.933704578Z: [    2.044618] CPU feature 'AVX registers' is not supported.
[STDERR  ] 2018-01-19T15:54:05.933710789Z: [    2.050456] CPU feature 'AVX registers' is not supported.
[STDERR  ] 2018-01-19T15:54:05.933717009Z: [    2.056087] CPU feature 'AVX registers' is not supported.
[STDERR  ] 2018-01-19T15:54:05.933724186Z: [    2.061820] AVX2 or AES-NI instructions are not detected.
[STDERR  ] 2018-01-19T15:54:05.933730201Z: [    2.067823] AVX2 instructions are not detected.
[STDERR  ] 2018-01-19T15:54:05.933736044Z: [    2.073143] audit: initializing netlink subsys (disabled)
[STDERR  ] 2018-01-19T15:54:05.933741716Z: [    2.078969] audit: type=2000 audit(1516377230.744:1): initialized
[STDERR  ] 2018-01-19T15:54:05.933747544Z: [    2.085906] workingset: timestamp_bits=46 max_order=18 bucket_order=0
[STDERR  ] 2018-01-19T15:54:05.933756474Z: [    2.093066] squashfs: version 4.0 (2009/01/31) Phillip Lougher
[STDERR  ] 2018-01-19T15:54:05.933762576Z: [    2.099390] FS-Cache: Netfs 'cifs' registered for caching
[STDERR  ] 2018-01-19T15:54:05.93377105Z: [    2.105398] fuse init (API version 7.26)
[STDERR  ] 2018-01-19T15:54:05.933776923Z: [    2.109798] SGI XFS with ACLs, security attributes, no debug enabled
[STDERR  ] 2018-01-19T15:54:05.933783238Z: [    2.116881] 9p: Installing v9fs 9p2000 file system support
[STDERR  ] 2018-01-19T15:54:05.93378908Z: [    2.122845] FS-Cache: Netfs '9p' registered for caching
[STDERR  ] 2018-01-19T15:54:05.933795278Z: [    2.129839] NET: Registered protocol family 38
[STDERR  ] 2018-01-19T15:54:05.933801253Z: [    2.134675] Key type asymmetric registered
[STDERR  ] 2018-01-19T15:54:05.933807299Z: [    2.139118] Asymmetric key parser 'x509' registered
[STDERR  ] 2018-01-19T15:54:05.933813524Z: [    2.144525] Block layer SCSI generic (bsg) driver version 0.4 loaded (major 251)
[STDERR  ] 2018-01-19T15:54:05.933819708Z: [    2.152641] io scheduler noop registered
[STDERR  ] 2018-01-19T15:54:05.933825461Z: [    2.156848] io scheduler deadline registered (default)
[STDERR  ] 2018-01-19T15:54:05.933831394Z: [    2.162613] io scheduler cfq registered
[STDERR  ] 2018-01-19T15:54:05.933837159Z: [    2.166912] pci_hotplug: PCI Hot Plug PCI Core version: 0.5
[STDERR  ] 2018-01-19T15:54:05.933842779Z: [    2.173464] pciehp: PCI Express Hot Plug Controller Driver version: 0.4
[STDERR  ] 2018-01-19T15:54:05.933848821Z: [    2.180793] shpchp: Standard Hot Plug PCI Controller Driver version: 0.4
[STDERR  ] 2018-01-19T15:54:05.933854408Z: [    2.187993] hv_vmbus: registering driver hyperv_fb
[STDERR  ] 2018-01-19T15:54:05.933860037Z: [    2.193363] input: Power Button as /devices/LNXSYSTM:00/LNXPWRBN:00/input/input0
[STDERR  ] 2018-01-19T15:54:05.933865671Z: [    2.201528] ACPI: Power Button [PWRF]
[STDERR  ] 2018-01-19T15:54:05.9338747Z: [    2.206277] GHES: HEST is not enabled!
[STDERR  ] 2018-01-19T15:54:05.933880639Z: [    2.211339] ACPI: PCI Interrupt Link [GSIG] enabled at IRQ 22
[STDERR  ] 2018-01-19T15:54:05.933887054Z: [    2.225194] ACPI: PCI Interrupt Link [GSIH] enabled at IRQ 23
[STDERR  ] 2018-01-19T15:54:05.933893008Z: [    2.237317] xenfs: not registering filesystem on non-xen platform
[STDERR  ] 2018-01-19T15:54:05.933903007Z: [    2.244092] Serial: 8250/16550 driver, 4 ports, IRQ sharing disabled
[STDERR  ] 2018-01-19T15:54:05.933908988Z: [    2.284915] 00:04: ttyS0 at I/O 0x3f8 (irq = 4, base_baud = 115200) is a 16550A
[STDERR  ] 2018-01-19T15:54:05.933914776Z: [    2.294042] Non-volatile memory driver v1.3
[STDERR  ] 2018-01-19T15:54:05.933920625Z: [    2.300368] Hangcheck: starting hangcheck timer 0.9.1 (tick is 180 seconds, margin is 60 seconds).
[STDERR  ] 2018-01-19T15:54:05.933926643Z: [    2.310947] random: fast init done
[STDERR  ] 2018-01-19T15:54:05.933932661Z: [    2.315137] random: crng init done
[STDERR  ] 2018-01-19T15:54:05.933938405Z: [    2.320714] loop: module loaded
[STDERR  ] 2018-01-19T15:54:05.933944648Z: [    2.324942] nbd: registered device at major 43
[STDERR  ] 2018-01-19T15:54:05.933950972Z: [    2.331643] lpc_ich 0000:00:1f.0: I/O space for GPIO uninitialized
[STDERR  ] 2018-01-19T15:54:05.933957375Z: [    2.338750] VMware PVSCSI driver - version 1.0.7.0-k
[STDERR  ] 2018-01-19T15:54:05.933965698Z: [    2.344346] hv_vmbus: registering driver hv_storvsc
[STDERR  ] 2018-01-19T15:54:05.933972128Z: [    2.350363] ACPI: PCI Interrupt Link [GSIA] enabled at IRQ 16
[STDERR  ] 2018-01-19T15:54:05.933978309Z: [    2.359812] ahci 0000:00:1f.2: AHCI 0001.0000 32 slots 6 ports 1.5 Gbps 0x3f impl SATA mode
[STDERR  ] 2018-01-19T15:54:05.933984154Z: [    2.369293] ahci 0000:00:1f.2: flags: 64bit ncq only 
[STDERR  ] 2018-01-19T15:54:05.933989952Z: [    2.378386] scsi host0: ahci
[STDERR  ] 2018-01-19T15:54:05.933996009Z: [    2.381870] scsi host1: ahci
[STDERR  ] 2018-01-19T15:54:05.93400235Z: [    2.385248] scsi host2: ahci
[STDERR  ] 2018-01-19T15:54:05.934011256Z: [    2.388513] scsi host3: ahci
[STDERR  ] 2018-01-19T15:54:05.934017584Z: [    2.391977] scsi host4: ahci
[STDERR  ] 2018-01-19T15:54:05.934023595Z: [    2.395247] scsi host5: ahci
[STDERR  ] 2018-01-19T15:54:05.934032476Z: [    2.398584] ata1: SATA max UDMA/133 abar m4096@0xfebd2000 port 0xfebd2100 irq 24
[STDERR  ] 2018-01-19T15:54:05.934039413Z: [    2.407020] ata2: SATA max UDMA/133 abar m4096@0xfebd2000 port 0xfebd2180 irq 24
[STDERR  ] 2018-01-19T15:54:05.934045555Z: [    2.415569] ata3: SATA max UDMA/133 abar m4096@0xfebd2000 port 0xfebd2200 irq 24
[STDERR  ] 2018-01-19T15:54:05.934051295Z: [    2.423995] ata4: SATA max UDMA/133 abar m4096@0xfebd2000 port 0xfebd2280 irq 24
[STDERR  ] 2018-01-19T15:54:05.934057136Z: [    2.432061] ata5: SATA max UDMA/133 abar m4096@0xfebd2000 port 0xfebd2300 irq 24
[STDERR  ] 2018-01-19T15:54:05.934062842Z: [    2.439991] ata6: SATA max UDMA/133 abar m4096@0xfebd2000 port 0xfebd2380 irq 24
[STDERR  ] 2018-01-19T15:54:05.934068732Z: [    2.449783] tun: Universal TUN/TAP device driver, 1.6
[STDERR  ] 2018-01-19T15:54:05.934076343Z: [    2.454980] tun: (C) 1999-2004 Max Krasnyansky <maxk@qualcomm.com>
[STDERR  ] 2018-01-19T15:54:05.934082184Z: [    2.465513] VMware vmxnet3 virtual NIC driver - version 1.4.a.0-k-NAPI
[STDERR  ] 2018-01-19T15:54:05.934088122Z: [    2.472976] hv_vmbus: registering driver hv_netvsc
[STDERR  ] 2018-01-19T15:54:05.93409457Z: [    2.478132] Fusion MPT base driver 3.04.20
[STDERR  ] 2018-01-19T15:54:05.934101054Z: [    2.482464] Copyright (c) 1999-2008 LSI Corporation
[STDERR  ] 2018-01-19T15:54:05.934107348Z: [    2.487598] Fusion MPT SPI Host driver 3.04.20
[STDERR  ] 2018-01-19T15:54:05.93411346Z: [    2.492616] i8042: PNP: PS/2 Controller [PNP0303:KBD,PNP0f13:MOU] at 0x60,0x64 irq 1,12
[STDERR  ] 2018-01-19T15:54:05.934120377Z: [    2.504775] serio: i8042 KBD port at 0x60,0x64 irq 1
[STDERR  ] 2018-01-19T15:54:05.934126225Z: [    2.510138] serio: i8042 AUX port at 0x60,0x64 irq 12
[STDERR  ] 2018-01-19T15:54:05.934132328Z: [    2.515402] hv_vmbus: registering driver hyperv_keyboard
[STDERR  ] 2018-01-19T15:54:05.934138056Z: [    2.521119] mousedev: PS/2 mouse device common for all mice
[STDERR  ] 2018-01-19T15:54:05.93414379Z: [    2.528201] input: AT Translated Set 2 keyboard as /devices/platform/i8042/serio0/input/input1
[STDERR  ] 2018-01-19T15:54:05.934150136Z: [    2.537217] input: PC Speaker as /devices/platform/pcspkr/input/input2
[STDERR  ] 2018-01-19T15:54:05.934156593Z: [    2.544320] rtc_cmos 00:00: RTC can wake from S4
[STDERR  ] 2018-01-19T15:54:05.934162147Z: [    2.551728] rtc_cmos 00:00: rtc core: registered rtc_cmos as rtc0
[STDERR  ] 2018-01-19T15:54:05.934168045Z: [    2.558915] rtc_cmos 00:00: alarms up to one day, y3k, 114 bytes nvram, hpet irqs
[STDERR  ] 2018-01-19T15:54:05.934174031Z: [    2.566890] i2c /dev entries driver
[STDERR  ] 2018-01-19T15:54:05.934179598Z: [    2.570676] device-mapper: ioctl: 4.35.0-ioctl (2016-06-23) initialised: dm-devel@redhat.com
[STDERR  ] 2018-01-19T15:54:05.934185244Z: [    2.580537] usbcore: registered new interface driver usbhid
[STDERR  ] 2018-01-19T15:54:05.93419109Z: [    2.586716] usbhid: USB HID core driver
[STDERR  ] 2018-01-19T15:54:05.934196917Z: [    2.591223] hv_utils: Registering HyperV Utility Driver
[STDERR  ] 2018-01-19T15:54:05.934203395Z: [    2.597157] hv_vmbus: registering driver hv_util
[STDERR  ] 2018-01-19T15:54:05.934209158Z: [    2.602416] hv_vmbus: registering driver hv_balloon
[STDERR  ] 2018-01-19T15:54:05.934215131Z: [    2.607987] oprofile: using NMI interrupt.
[STDERR  ] 2018-01-19T15:54:05.934220677Z: [    2.612937] GACT probability on
[STDERR  ] 2018-01-19T15:54:05.934226338Z: [    2.616537] Mirror/redirect action on
[STDERR  ] 2018-01-19T15:54:05.934231739Z: [    2.620801] Simple TC action Loaded
[STDERR  ] 2018-01-19T15:54:05.934237284Z: [    2.624763] u32 classifier
[STDERR  ] 2018-01-19T15:54:05.934242799Z: [    2.627798]     Performance counters on
[STDERR  ] 2018-01-19T15:54:05.934248383Z: [    2.631866]     input device check on
[STDERR  ] 2018-01-19T15:54:05.934257739Z: [    2.635622]     Actions configured
[STDERR  ] 2018-01-19T15:54:05.934263586Z: [    2.639135] Netfilter messages via NETLINK v0.30.
[STDERR  ] 2018-01-19T15:54:05.934269237Z: [    2.644142] nfnl_acct: registering with nfnetlink.
[STDERR  ] 2018-01-19T15:54:05.934277994Z: [    2.649125] nf_conntrack version 0.5.0 (8192 buckets, 32768 max)
[STDERR  ] 2018-01-19T15:54:05.934283698Z: [    2.655456] ctnetlink v0.93: registering with nfnetlink.
[STDERR  ] 2018-01-19T15:54:05.934289347Z: [    2.661355] nf_tables: (c) 2007-2009 Patrick McHardy <kaber@trash.net>
[STDERR  ] 2018-01-19T15:54:05.934295378Z: [    2.668237] nf_tables_compat: (c) 2012 Pablo Neira Ayuso <pablo@netfilter.org>
[STDERR  ] 2018-01-19T15:54:05.934301304Z: [    2.675956] xt_time: kernel timezone is -0000
[STDERR  ] 2018-01-19T15:54:05.93430691Z: [    2.680743] ip_set: protocol 6
[STDERR  ] 2018-01-19T15:54:05.934312586Z: [    2.684173] IPVS: Registered protocols (TCP, UDP, SCTP, AH, ESP)
[STDERR  ] 2018-01-19T15:54:05.934318407Z: [    2.690682] IPVS: Connection hash table configured (size=4096, memory=64Kbytes)
[STDERR  ] 2018-01-19T15:54:05.934324104Z: [    2.698545] IPVS: Creating netns size=2104 id=0
[STDERR  ] 2018-01-19T15:54:05.934330106Z: [    2.704635] IPVS: ipvs loaded.
[STDERR  ] 2018-01-19T15:54:05.93433563Z: [    2.707892] IPVS: [rr] scheduler registered.
[STDERR  ] 2018-01-19T15:54:05.934341302Z: [    2.712604] IPVS: [wrr] scheduler registered.
[STDERR  ] 2018-01-19T15:54:05.934346736Z: [    2.717062] IPVS: [lc] scheduler registered.
[STDERR  ] 2018-01-19T15:54:05.934352752Z: [    2.721777] IPVS: [wlc] scheduler registered.
[STDERR  ] 2018-01-19T15:54:05.934360925Z: [    2.726241] IPVS: [fo] scheduler registered.
[STDERR  ] 2018-01-19T15:54:05.934366819Z: [    2.730937] IPVS: [ovf] scheduler registered.
[STDERR  ] 2018-01-19T15:54:05.934372816Z: [    2.735389] IPVS: [lblc] scheduler registered.
[STDERR  ] 2018-01-19T15:54:05.93437836Z: [    2.740379] IPVS: [lblcr] scheduler registered.
[STDERR  ] 2018-01-19T15:54:05.934383859Z: [    2.745038] IPVS: [dh] scheduler registered.
[STDERR  ] 2018-01-19T15:54:05.93438939Z: [    2.749738] IPVS: [sh] scheduler registered.
[STDERR  ] 2018-01-19T15:54:05.934394994Z: [    2.754169] IPVS: [sed] scheduler registered.
[STDERR  ] 2018-01-19T15:54:05.934400705Z: [    2.759105] IPVS: [nq] scheduler registered.
[STDERR  ] 2018-01-19T15:54:05.934406539Z: [    2.763621] IPVS: ftp: loaded support on port[0] = 21
[STDERR  ] 2018-01-19T15:54:05.93441278Z: [    2.769185] ipip: IPv4 and MPLS over IPv4 tunneling driver
[STDERR  ] 2018-01-19T15:54:05.934419071Z: [    2.775558] ata3: SATA link up 1.5 Gbps (SStatus 113 SControl 300)
[STDERR  ] 2018-01-19T15:54:05.934424821Z: [    2.783072] ata2: SATA link down (SStatus 0 SControl 300)
[STDERR  ] 2018-01-19T15:54:05.934430814Z: [    2.790123] ata1: SATA link up 1.5 Gbps (SStatus 113 SControl 300)
[STDERR  ] 2018-01-19T15:54:05.934436645Z: [    2.797398] ata6: SATA link down (SStatus 0 SControl 300)
[STDERR  ] 2018-01-19T15:54:05.934442267Z: [    2.803863] ata4: SATA link down (SStatus 0 SControl 300)
[STDERR  ] 2018-01-19T15:54:05.934447831Z: [    2.810275] ata5: SATA link down (SStatus 0 SControl 300)
[STDERR  ] 2018-01-19T15:54:05.934453497Z: [    2.816155] gre: GRE over IPv4 demultiplexor driver
[STDERR  ] 2018-01-19T15:54:05.934459Z: [    2.821368] ata1.00: ATA-7: QEMU HARDDISK, 2.5+, max UDMA/100
[STDERR  ] 2018-01-19T15:54:05.9344648Z: [    2.827164] ata1.00: 1048576 sectors, multi 16: LBA48 NCQ (depth 31/32)
[STDERR  ] 2018-01-19T15:54:05.934470957Z: [    2.834000] ata1.00: applying bridge limits
[STDERR  ] 2018-01-19T15:54:05.934476791Z: [    2.838667] ata3.00: ATAPI: QEMU DVD-ROM, 2.5+, max UDMA/100
[STDERR  ] 2018-01-19T15:54:05.934482452Z: [    2.844838] ata3.00: applying bridge limits
[STDERR  ] 2018-01-19T15:54:05.934487981Z: [    2.850020] ip_tables: (C) 2000-2006 Netfilter Core Team
[STDERR  ] 2018-01-19T15:54:05.934495706Z: [    2.856445] ata3.00: configured for UDMA/100
[STDERR  ] 2018-01-19T15:54:05.934501492Z: [    2.862035] ata1.00: configured for UDMA/100
[STDERR  ] 2018-01-19T15:54:05.934509968Z: [    2.867096] ipt_CLUSTERIP: ClusterIP Version 0.8 loaded successfully
[STDERR  ] 2018-01-19T15:54:05.934515918Z: [    2.874427] scsi 0:0:0:0: Direct-Access     ATA      QEMU HARDDISK    2.5+ PQ: 0 ANSI: 5
[STDERR  ] 2018-01-19T15:54:05.934524489Z: [    2.882842] arp_tables: arp_tables: (C) 2002 David S. Miller
[STDERR  ] 2018-01-19T15:54:05.934530411Z: [    2.888933] NET: Registered protocol family 10
[STDERR  ] 2018-01-19T15:54:05.934536237Z: [    2.893898] sd 0:0:0:0: Attached scsi generic sg0 type 0
[STDERR  ] 2018-01-19T15:54:05.934542408Z: [    2.899477] sd 0:0:0:0: [sda] 1048576 512-byte logical blocks: (537 MB/512 MiB)
[STDERR  ] 2018-01-19T15:54:05.934548271Z: [    2.907288] sd 0:0:0:0: [sda] Write Protect is off
[STDERR  ] 2018-01-19T15:54:05.934554387Z: [    2.912721] scsi 2:0:0:0: CD-ROM            QEMU     QEMU DVD-ROM     2.5+ PQ: 0 ANSI: 5
[STDERR  ] 2018-01-19T15:54:05.934560049Z: [    2.921929] sd 0:0:0:0: [sda] Write cache: enabled, read cache: enabled, doesn't support DPO or FUA
[STDERR  ] 2018-01-19T15:54:05.93456584Z: [    2.931510] ip6_tables: (C) 2000-2006 Netfilter Core Team
[STDERR  ] 2018-01-19T15:54:05.93457138Z: [    2.938983] NET: Registered protocol family 17
[STDERR  ] 2018-01-19T15:54:05.934577275Z: [    2.944692]  sda: sda1
[STDERR  ] 2018-01-19T15:54:05.934584828Z: [    2.947486] Bridge firewalling registered
[STDERR  ] 2018-01-19T15:54:05.934590585Z: [    2.952923] sr 2:0:0:0: [sr0] scsi3-mmc drive: 4x/4x cd/rw xa/form2 tray
[STDERR  ] 2018-01-19T15:54:05.934596656Z: [    2.960421] cdrom: Uniform CD-ROM driver Revision: 3.20
[STDERR  ] 2018-01-19T15:54:05.934602432Z: [    2.966495] sd 0:0:0:0: [sda] Attached SCSI disk
[STDERR  ] 2018-01-19T15:54:05.934608356Z: [    2.971769] Ebtables v2.0 registered
[STDERR  ] 2018-01-19T15:54:05.934614202Z: [    2.975969] 8021q: 802.1Q VLAN Support v1.8
[STDERR  ] 2018-01-19T15:54:05.934619769Z: [    2.981039] sr 2:0:0:0: Attached scsi generic sg1 type 5
[STDERR  ] 2018-01-19T15:54:05.934625568Z: [    2.987185] 9pnet: Installing 9P2000 support
[STDERR  ] 2018-01-19T15:54:05.934632987Z: [    2.992177] Key type dns_resolver registered
[STDERR  ] 2018-01-19T15:54:05.934638703Z: [    2.997030] microcode: sig=0x663, pf=0x1, revision=0x1
[STDERR  ] 2018-01-19T15:54:05.934644722Z: [    3.002830] microcode: Microcode Update Driver: v2.01 <tigran@aivazian.fsnet.co.uk>, Peter Oruba
[STDERR  ] 2018-01-19T15:54:05.934652628Z: [    3.012951] registered taskstats version 1
[STDERR  ] 2018-01-19T15:54:05.934658302Z: [    3.023198] Key type big_key registered
[STDERR  ] 2018-01-19T15:54:05.934664008Z: [    3.032868] Key type encrypted registered
[STDERR  ] 2018-01-19T15:54:05.934669518Z: [    3.038840] rtc_cmos 00:00: setting system clock to 2018-01-19 15:53:52 UTC (1516377232)
[STDERR  ] 2018-01-19T15:54:05.934675866Z: [    3.050315] Freeing unused kernel memory: 1396K
[STDERR  ] 2018-01-19T15:54:05.93468151Z: [    3.055458] Write protecting the kernel read-only data: 12288k
[STDERR  ] 2018-01-19T15:54:05.934687749Z: [    3.062137] Freeing unused kernel memory: 124K
[STDERR  ] 2018-01-19T15:54:05.93469334Z: [    3.070550] Freeing unused kernel memory: 1396K
[STDERR  ] 2018-01-19T15:54:05.934698946Z: 
[STDERR  ] 2018-01-19T15:54:05.934704943Z: Welcome to LinuxKit
[STDERR  ] 2018-01-19T15:54:05.934710479Z: 
[STDERR  ] 2018-01-19T15:54:05.934715919Z:                         ##         .
[STDERR  ] 2018-01-19T15:54:05.934721543Z:                   ## ## ##        ==
[STDERR  ] 2018-01-19T15:54:05.934727049Z:                ## ## ## ## ##    ===
[STDERR  ] 2018-01-19T15:54:05.934732996Z:            /"""""""""""""""""\___/ ===
[STDERR  ] 2018-01-19T15:54:05.934738524Z:           {                       /  ===-
[STDERR  ] 2018-01-19T15:54:05.934746073Z:            \______ O           __/
[STDERR  ] 2018-01-19T15:54:05.934752197Z:              \    \         __/
[STDERR  ] 2018-01-19T15:54:05.934757817Z:               \____\_______/
[STDERR  ] 2018-01-19T15:54:05.934763362Z: 
[STDERR  ] 2018-01-19T15:54:05.93477183Z: [    3.668849] IPVS: Creating netns size=2104 id=1
[STDERR  ] 2018-01-19T15:54:05.934777571Z: [    3.674003] IPVS: ftp: loaded support on port[0] = 21
[STDERR  ] 2018-01-19T15:54:05.934786321Z: [    3.803922]  sda:
[STDERR  ] 2018-01-19T15:54:05.934791958Z: [    3.812300]  sda:
[STDERR  ] 2018-01-19T15:54:05.934797421Z: [    3.824038]  sda: sda1
[STDERR  ] 2018-01-19T15:54:05.934802935Z: [    3.838115]  sda: sda1
[STDERR  ] 2018-01-19T15:54:05.934808363Z: [    3.849081]  sda: sda1
[STDERR  ] 2018-01-19T15:54:05.934814001Z: 2018/01/19 15:53:53 Successfully resized /dev/sda
[STDERR  ] 2018-01-19T15:54:05.934819577Z: [    5.031055] IPVS: Creating netns size=2104 id=2
[STDERR  ] 2018-01-19T15:54:05.93482514Z: [    5.037038] IPVS: ftp: loaded support on port[0] = 21
[STDERR  ] 2018-01-19T15:54:05.934831101Z: [    5.077840] EXT4-fs (sda1): couldn't mount as ext3 due to feature incompatibilities
[STDERR  ] 2018-01-19T15:54:05.934836735Z: [    5.086974] EXT4-fs (sda1): couldn't mount as ext2 due to feature incompatibilities
[STDERR  ] 2018-01-19T15:54:05.934842351Z: [    5.102343] EXT4-fs (sda1): mounted filesystem with ordered data mode. Opts: (null)
[STDERR  ] 2018-01-19T15:54:05.934847974Z: + [ -f /var/lib/docker/bar ]
[STDERR  ] 2018-01-19T15:54:05.93485388Z: + touch /var/lib/docker/foo
[STDERR  ] 2018-01-19T15:54:05.934859631Z: + grep -qE [4-5][0-9]{2}\.[0-9]{1,}M
[STDERR  ] 2018-01-19T15:54:05.934865474Z: + df -h
[STDERR  ] 2018-01-19T15:54:05.934871042Z: + printf extend test suite PASSED\n
[STDERR  ] 2018-01-19T15:54:05.934876533Z: extend test suite PASSED
[STDERR  ] 2018-01-19T15:54:05.934882642Z: [   15.596703] sd 0:0:0:0: [sda] Synchronizing SCSI cache
[STDERR  ] 2018-01-19T15:54:05.934888375Z: [   15.601239] sd 0:0:0:0: [sda] Stopping disk
[STDERR  ] 2018-01-19T15:54:05.934893804Z: [   15.606136] ACPI: Preparing to enter system sleep state S5
[STDERR  ] 2018-01-19T15:54:05.934904744Z: [   15.610860] reboot: Power down
[STDERR  ] 2018-01-19T15:54:05.934910921Z: + echo [    0.000000] Linux version 4.9.77-linuxkit (root@8aa31b9489e8) (gcc version 6.4.0 (Alpine 6.4.0) ) #1 SMP Wed Jan 17 14:57:17 UTC 2018
[STDERR  ] 2018-01-19T15:54:05.934917346Z: [    0.000000] Command line: console=ttyS0 console=ttyAMA0
[STDERR  ] 2018-01-19T15:54:05.934923299Z: [    0.000000] x86/fpu: Legacy x87 FPU detected.
[STDERR  ] 2018-01-19T15:54:05.934928935Z: [    0.000000] x86/fpu: Using 'eager' FPU context switches.
[STDERR  ] 2018-01-19T15:54:05.934934768Z: [    0.000000] e820: BIOS-provided physical RAM map:
[STDERR  ] 2018-01-19T15:54:05.934940612Z: [    0.000000] BIOS-e820: [mem 0x0000000000000000-0x000000000009fbff] usable
[STDERR  ] 2018-01-19T15:54:05.934946825Z: [    0.000000] BIOS-e820: [mem 0x000000000009fc00-0x000000000009ffff] reserved
[STDERR  ] 2018-01-19T15:54:05.934952916Z: [    0.000000] BIOS-e820: [mem 0x00000000000f0000-0x00000000000fffff] reserved
[STDERR  ] 2018-01-19T15:54:05.934958512Z: [    0.000000] BIOS-e820: [mem 0x0000000000100000-0x000000003ffdefff] usable
[STDERR  ] 2018-01-19T15:54:05.934966297Z: [    0.000000] BIOS-e820: [mem 0x000000003ffdf000-0x000000003fffffff] reserved
[STDERR  ] 2018-01-19T15:54:05.934972707Z: [    0.000000] BIOS-e820: [mem 0x00000000b0000000-0x00000000bfffffff] reserved
[STDERR  ] 2018-01-19T15:54:05.934978683Z: [    0.000000] BIOS-e820: [mem 0x00000000fed1c000-0x00000000fed1ffff] reserved
[STDERR  ] 2018-01-19T15:54:05.93498424Z: [    0.000000] BIOS-e820: [mem 0x00000000feffc000-0x00000000feffffff] reserved
[STDERR  ] 2018-01-19T15:54:05.934989967Z: [    0.000000] BIOS-e820: [mem 0x00000000fffc0000-0x00000000ffffffff] reserved
[STDERR  ] 2018-01-19T15:54:05.934995489Z: [    0.000000] NX (Execute Disable) protection: active
[STDERR  ] 2018-01-19T15:54:05.935001202Z: [    0.000000] SMBIOS 2.8 present.
[STDERR  ] 2018-01-19T15:54:05.935007083Z: [    0.000000] Hypervisor detected: KVM
[STDERR  ] 2018-01-19T15:54:05.935012797Z: [    0.000000] e820: last_pfn = 0x3ffdf max_arch_pfn = 0x400000000
[STDERR  ] 2018-01-19T15:54:05.935018572Z: [    0.000000] x86/PAT: PAT not supported by CPU.
[STDERR  ] 2018-01-19T15:54:05.935027346Z: [    0.000000] x86/PAT: Configuration [0-7]: WB  WT  UC- UC  WB  WT  UC- UC  
[STDERR  ] 2018-01-19T15:54:05.935033314Z: [    0.000000] found SMP MP-table at [mem 0x000f6aa0-0x000f6aaf] mapped at [ffff8922c00f6aa0]
[STDERR  ] 2018-01-19T15:54:05.935042213Z: [    0.000000] RAMDISK: [mem 0x3deb7000-0x3ffcffff]
[STDERR  ] 2018-01-19T15:54:05.935047931Z: [    0.000000] ACPI: Early table checksum verification disabled
[STDERR  ] 2018-01-19T15:54:05.935054065Z: [    0.000000] ACPI: RSDP 0x00000000000F68B0 000014 (v00 BOCHS )
[STDERR  ] 2018-01-19T15:54:05.935060205Z: [    0.000000] ACPI: RSDT 0x000000003FFE20A8 000034 (v01 BOCHS  BXPCRSDT 00000001 BXPC 00000001)
[STDERR  ] 2018-01-19T15:54:05.935066068Z: [    0.000000] ACPI: FACP 0x000000003FFE1EC8 0000F4 (v03 BOCHS  BXPCFACP 00000001 BXPC 00000001)
[STDERR  ] 2018-01-19T15:54:05.935071726Z: [    0.000000] ACPI: DSDT 0x000000003FFE0040 001E88 (v01 BOCHS  BXPCDSDT 00000001 BXPC 00000001)
[STDERR  ] 2018-01-19T15:54:05.935077477Z: [    0.000000] ACPI: FACS 0x000000003FFE0000 000040
[STDERR  ] 2018-01-19T15:54:05.935085135Z: [    0.000000] ACPI: APIC 0x000000003FFE1FBC 000078 (v01 BOCHS  BXPCAPIC 00000001 BXPC 00000001)
[STDERR  ] 2018-01-19T15:54:05.935090997Z: [    0.000000] ACPI: HPET 0x000000003FFE2034 000038 (v01 BOCHS  BXPCHPET 00000001 BXPC 00000001)
[STDERR  ] 2018-01-19T15:54:05.935096532Z: [    0.000000] ACPI: MCFG 0x000000003FFE206C 00003C (v01 BOCHS  BXPCMCFG 00000001 BXPC 00000001)
[STDERR  ] 2018-01-19T15:54:05.935102307Z: [    0.000000] kvm-clock: Using msrs 4b564d01 and 4b564d00
[STDERR  ] 2018-01-19T15:54:05.935108566Z: [    0.000000] kvm-clock: cpu 0, msr 0:3ffdd001, primary cpu clock
[STDERR  ] 2018-01-19T15:54:05.935114467Z: [    0.000000] clocksource: kvm-clock: mask: 0xffffffffffffffff max_cycles: 0x1cd42e4dffb, max_idle_ns: 881590591483 ns
[STDERR  ] 2018-01-19T15:54:05.935120957Z: [    0.000000] Zone ranges:
[STDERR  ] 2018-01-19T15:54:05.935127055Z: [    0.000000]   DMA      [mem 0x0000000000001000-0x0000000000ffffff]
[STDERR  ] 2018-01-19T15:54:05.935133252Z: [    0.000000]   DMA32    [mem 0x0000000001000000-0x000000003ffdefff]
[STDERR  ] 2018-01-19T15:54:05.935141684Z: [    0.000000]   Normal   empty
[STDERR  ] 2018-01-19T15:54:05.935147712Z: [    0.000000] Movable zone start for each node
[STDERR  ] 2018-01-19T15:54:05.935153346Z: [    0.000000] Early memory node ranges
[STDERR  ] 2018-01-19T15:54:05.935158918Z: [    0.000000]   node   0: [mem 0x0000000000001000-0x000000000009efff]
[STDERR  ] 2018-01-19T15:54:05.935164668Z: [    0.000000]   node   0: [mem 0x0000000000100000-0x000000003ffdefff]
[STDERR  ] 2018-01-19T15:54:05.935170238Z: [    0.000000] Initmem setup node 0 [mem 0x0000000000001000-0x000000003ffdefff]
[STDERR  ] 2018-01-19T15:54:05.935175845Z: [    0.000000] ACPI: PM-Timer IO Port: 0x608
[STDERR  ] 2018-01-19T15:54:05.935181438Z: [    0.000000] ACPI: LAPIC_NMI (acpi_id[0xff] dfl dfl lint[0x1])
[STDERR  ] 2018-01-19T15:54:05.935187127Z: [    0.000000] IOAPIC[0]: apic_id 0, version 17, address 0xfec00000, GSI 0-23
[STDERR  ] 2018-01-19T15:54:05.935192754Z: [    0.000000] ACPI: INT_SRC_OVR (bus 0 bus_irq 0 global_irq 2 dfl dfl)
[STDERR  ] 2018-01-19T15:54:05.935198574Z: [    0.000000] ACPI: INT_SRC_OVR (bus 0 bus_irq 5 global_irq 5 high level)
[STDERR  ] 2018-01-19T15:54:05.935204622Z: [    0.000000] ACPI: INT_SRC_OVR (bus 0 bus_irq 9 global_irq 9 high level)
[STDERR  ] 2018-01-19T15:54:05.935210931Z: [    0.000000] ACPI: INT_SRC_OVR (bus 0 bus_irq 10 global_irq 10 high level)
[STDERR  ] 2018-01-19T15:54:05.935216441Z: [    0.000000] ACPI: INT_SRC_OVR (bus 0 bus_irq 11 global_irq 11 high level)
[STDERR  ] 2018-01-19T15:54:05.935222207Z: [    0.000000] Using ACPI (MADT) for SMP configuration information
[STDERR  ] 2018-01-19T15:54:05.935228271Z: [    0.000000] ACPI: HPET id: 0x8086a201 base: 0xfed00000
[STDERR  ] 2018-01-19T15:54:05.935234041Z: [    0.000000] smpboot: Allowing 1 CPUs, 0 hotplug CPUs
[STDERR  ] 2018-01-19T15:54:05.935239688Z: [    0.000000] e820: [mem 0x40000000-0xafffffff] available for PCI devices
[STDERR  ] 2018-01-19T15:54:05.935248088Z: [    0.000000] Booting paravirtualized kernel on KVM
[STDERR  ] 2018-01-19T15:54:05.93525379Z: [    0.000000] clocksource: refined-jiffies: mask: 0xffffffff max_cycles: 0xffffffff, max_idle_ns: 19112604462750000 ns
[STDERR  ] 2018-01-19T15:54:05.935262283Z: [    0.000000] setup_percpu: NR_CPUS:128 nr_cpumask_bits:128 nr_cpu_ids:1 nr_node_ids:1
[STDERR  ] 2018-01-19T15:54:05.935268029Z: [    0.000000] percpu: Embedded 36 pages/cpu @ffff8922fdc00000 s106904 r8192 d32360 u2097152
[STDERR  ] 2018-01-19T15:54:05.935273699Z: [    0.000000] KVM setup async PF for cpu 0
[STDERR  ] 2018-01-19T15:54:05.935279345Z: [    0.000000] kvm-stealtime: cpu 0, msr 3dc0fd80
[STDERR  ] 2018-01-19T15:54:05.93528495Z: [    0.000000] Built 1 zonelists in Zone order, mobility grouping on.  Total pages: 257896
[STDERR  ] 2018-01-19T15:54:05.935292995Z: [    0.000000] Kernel command line: console=ttyS0 console=ttyAMA0
[STDERR  ] 2018-01-19T15:54:05.935298982Z: [    0.000000] PID hash table entries: 4096 (order: 3, 32768 bytes)
[STDERR  ] 2018-01-19T15:54:05.93530497Z: [    0.000000] Dentry cache hash table entries: 131072 (order: 8, 1048576 bytes)
[STDERR  ] 2018-01-19T15:54:05.935310723Z: [    0.000000] Inode-cache hash table entries: 65536 (order: 7, 524288 bytes)
[STDERR  ] 2018-01-19T15:54:05.935317766Z: [    0.000000] Memory: 980232K/1048052K available (8054K kernel code, 1391K rwdata, 2700K rodata, 1396K init, 564K bss, 67820K reserved, 0K cma-reserved)
[STDERR  ] 2018-01-19T15:54:05.935323974Z: [    0.000000] Kernel/User page tables isolation: enabled
