[INFO    ] 2018-01-24T16:37:40.845121837Z: Running Test linuxkit.packages.binfmt in /tmp/build/test/cases/040_packages/002_binfmt
[INFO    ] 2018-01-24T16:37:40.845242074Z: Running command: [/bin/sh -x /tmp/build/test/cases/040_packages/002_binfmt/test.sh]
[STDERR  ] 2018-01-24T16:37:40.845794105Z: + set -e
[STDERR  ] 2018-01-24T16:37:40.845872198Z: + . /tmp/build/test/cases/_lib/lib.sh
[STDERR  ] 2018-01-24T16:37:40.845885809Z: + [ -f src/github.com/linuxkit/rtf/lib/lib.sh ]
[STDERR  ] 2018-01-24T16:37:40.845897051Z: + LINUXKIT_TMPDIR=/tmp/build/test/cases/_tmp
[STDERR  ] 2018-01-24T16:37:40.845908116Z: + [ -f /tmp/build/test/cases/_tmp/env.sh ]
[STDERR  ] 2018-01-24T16:37:40.845919417Z: + . /tmp/build/test/cases/_tmp/env.sh
[STDERR  ] 2018-01-24T16:37:40.845931049Z: + export LINUXKIT_EXAMPLES_DIR=/tmp/build/test/cases/../../examples
[STDERR  ] 2018-01-24T16:37:40.845943769Z: + RT_CANCEL=253
[STDERR  ] 2018-01-24T16:37:40.845954867Z: + NAME=binfmt
[STDERR  ] 2018-01-24T16:37:40.845965867Z: + trap clean_up EXIT
[STDERR  ] 2018-01-24T16:37:40.845977171Z: + linuxkit build -format kernel+initrd -name binfmt test.yml
[STDERR  ] 2018-01-24T16:37:40.88731933Z: Extract kernel image: linuxkit/kernel:4.9.78
[STDERR  ] 2018-01-24T16:37:42.01546741Z: time="2018-01-24T16:37:42Z" level=warning msg="certificate with CN Justin Cormack is near expiry"
[STDERR  ] 2018-01-24T16:37:42.01552169Z: time="2018-01-24T16:37:42Z" level=warning msg="certificate with CN  is near expiry"
[STDERR  ] 2018-01-24T16:37:42.015586362Z: time="2018-01-24T16:37:42Z" level=warning msg="certificate with CN  is near expiry"
[STDERR  ] 2018-01-24T16:37:42.060928514Z: time="2018-01-24T16:37:42Z" level=warning msg="certificate with CN Justin Cormack is near expiry"
[STDERR  ] 2018-01-24T16:37:42.421381572Z: Add init containers:
[STDERR  ] 2018-01-24T16:37:42.421419172Z: Process init image: linuxkit/init:be8756f0a6005279d2409a8790b4dd8b2ac11df9
[STDERR  ] 2018-01-24T16:37:43.447683577Z: time="2018-01-24T16:37:43Z" level=warning msg="certificate with CN  is near expiry"
[STDERR  ] 2018-01-24T16:37:43.447954212Z: time="2018-01-24T16:37:43Z" level=warning msg="certificate with CN Justin Cormack is near expiry"
[STDERR  ] 2018-01-24T16:37:43.448033712Z: time="2018-01-24T16:37:43Z" level=warning msg="certificate with CN  is near expiry"
[STDERR  ] 2018-01-24T16:37:43.452046211Z: time="2018-01-24T16:37:43Z" level=warning msg="certificate with CN Justin Cormack is near expiry"
[STDERR  ] 2018-01-24T16:37:43.453612133Z: time="2018-01-24T16:37:43Z" level=warning msg="certificate with CN  is near expiry"
[STDERR  ] 2018-01-24T16:37:43.649819585Z: Process init image: linuxkit/runc:7b15b00b4e3507d62e3ed8d44dfe650561cd35ff
[STDERR  ] 2018-01-24T16:37:44.673073217Z: time="2018-01-24T16:37:44Z" level=warning msg="certificate with CN  is near expiry"
[STDERR  ] 2018-01-24T16:37:44.673114604Z: time="2018-01-24T16:37:44Z" level=warning msg="certificate with CN  is near expiry"
[STDERR  ] 2018-01-24T16:37:44.673360869Z: time="2018-01-24T16:37:44Z" level=warning msg="certificate with CN Justin Cormack is near expiry"
[STDERR  ] 2018-01-24T16:37:44.675333395Z: time="2018-01-24T16:37:44Z" level=warning msg="certificate with CN Justin Cormack is near expiry"
[STDERR  ] 2018-01-24T16:37:44.676671304Z: time="2018-01-24T16:37:44Z" level=warning msg="certificate with CN  is near expiry"
[STDERR  ] 2018-01-24T16:37:44.838844115Z: Add onboot containers:
[STDERR  ] 2018-01-24T16:37:44.838879485Z:   Create OCI config for linuxkit/binfmt:4b1d7a8dab03c09855fb4b6060a42b2294674b47
[STDERR  ] 2018-01-24T16:37:45.879241119Z: time="2018-01-24T16:37:45Z" level=warning msg="certificate with CN Justin Cormack is near expiry"
[STDERR  ] 2018-01-24T16:37:45.879300111Z: time="2018-01-24T16:37:45Z" level=warning msg="certificate with CN  is near expiry"
[STDERR  ] 2018-01-24T16:37:45.879315235Z: time="2018-01-24T16:37:45Z" level=warning msg="certificate with CN  is near expiry"
[STDERR  ] 2018-01-24T16:37:45.879603955Z: time="2018-01-24T16:37:45Z" level=warning msg="certificate with CN Rolf Neugebauer is near expiry"
[STDERR  ] 2018-01-24T16:37:45.880857576Z: time="2018-01-24T16:37:45Z" level=warning msg="certificate with CN Rolf Neugebauer is near expiry"
[STDERR  ] 2018-01-24T16:37:45.881765895Z: time="2018-01-24T16:37:45Z" level=warning msg="certificate with CN Justin Cormack is near expiry"
[STDERR  ] 2018-01-24T16:37:45.882368934Z: time="2018-01-24T16:37:45Z" level=warning msg="certificate with CN  is near expiry"
[STDERR  ] 2018-01-24T16:37:46.048958083Z:   Create OCI config for alpine:3.7
[STDERR  ] 2018-01-24T16:37:47.233726344Z:   Create OCI config for linuxkit/poweroff:bccfe1cb04fc7bb9f03613d2314f38abd2620f29
[STDERR  ] 2018-01-24T16:37:48.263276461Z: time="2018-01-24T16:37:48Z" level=warning msg="certificate with CN Rolf Neugebauer is near expiry"
[STDERR  ] 2018-01-24T16:37:48.263317266Z: time="2018-01-24T16:37:48Z" level=warning msg="certificate with CN  is near expiry"
[STDERR  ] 2018-01-24T16:37:48.263358925Z: time="2018-01-24T16:37:48Z" level=warning msg="certificate with CN  is near expiry"
[STDERR  ] 2018-01-24T16:37:48.263551784Z: time="2018-01-24T16:37:48Z" level=warning msg="certificate with CN Justin Cormack is near expiry"
[STDERR  ] 2018-01-24T16:37:48.265030245Z: time="2018-01-24T16:37:48Z" level=warning msg="certificate with CN Rolf Neugebauer is near expiry"
[STDERR  ] 2018-01-24T16:37:48.265658262Z: time="2018-01-24T16:37:48Z" level=warning msg="certificate with CN  is near expiry"
[STDERR  ] 2018-01-24T16:37:48.439659481Z: Add files:
[STDERR  ] 2018-01-24T16:37:48.439730266Z:   check.sh
[STDERR  ] 2018-01-24T16:37:48.455758212Z: Create outputs:
[STDERR  ] 2018-01-24T16:37:53.6976194Z:   binfmt-kernel binfmt-initrd.img binfmt-cmdline
[STDERR  ] 2018-01-24T16:37:53.74376227Z: + linuxkit run binfmt
[STDERR  ] 2018-01-24T16:37:53.766544944Z: Unable to find qemu-system-x86_64 within the $PATH. Using a container
[STDERR  ] 2018-01-24T16:38:10.342596812Z: + RESULT=[    0.000000] Linux version 4.9.78-linuxkit (root@9ac57ca26f22) (gcc version 6.4.0 (Alpine 6.4.0) ) #1 SMP Wed Jan 24 12:49:16 UTC 2018
[STDERR  ] 2018-01-24T16:38:10.342649649Z: [    0.000000] Command line: console=ttyS0 console=ttyAMA0
[STDERR  ] 2018-01-24T16:38:10.34266382Z: [    0.000000] x86/fpu: Legacy x87 FPU detected.
[STDERR  ] 2018-01-24T16:38:10.342676826Z: [    0.000000] x86/fpu: Using 'eager' FPU context switches.
[STDERR  ] 2018-01-24T16:38:10.342687838Z: [    0.000000] e820: BIOS-provided physical RAM map:
[STDERR  ] 2018-01-24T16:38:10.342698939Z: [    0.000000] BIOS-e820: [mem 0x0000000000000000-0x000000000009fbff] usable
[STDERR  ] 2018-01-24T16:38:10.342710765Z: [    0.000000] BIOS-e820: [mem 0x000000000009fc00-0x000000000009ffff] reserved
[STDERR  ] 2018-01-24T16:38:10.342721511Z: [    0.000000] BIOS-e820: [mem 0x00000000000f0000-0x00000000000fffff] reserved
[STDERR  ] 2018-01-24T16:38:10.342732445Z: [    0.000000] BIOS-e820: [mem 0x0000000000100000-0x000000003ffdefff] usable
[STDERR  ] 2018-01-24T16:38:10.342742928Z: [    0.000000] BIOS-e820: [mem 0x000000003ffdf000-0x000000003fffffff] reserved
[STDERR  ] 2018-01-24T16:38:10.3427533Z: [    0.000000] BIOS-e820: [mem 0x00000000b0000000-0x00000000bfffffff] reserved
[STDERR  ] 2018-01-24T16:38:10.342763775Z: [    0.000000] BIOS-e820: [mem 0x00000000fed1c000-0x00000000fed1ffff] reserved
[STDERR  ] 2018-01-24T16:38:10.342777659Z: [    0.000000] BIOS-e820: [mem 0x00000000feffc000-0x00000000feffffff] reserved
[STDERR  ] 2018-01-24T16:38:10.342788578Z: [    0.000000] BIOS-e820: [mem 0x00000000fffc0000-0x00000000ffffffff] reserved
[STDERR  ] 2018-01-24T16:38:10.342799238Z: [    0.000000] NX (Execute Disable) protection: active
[STDERR  ] 2018-01-24T16:38:10.342820677Z: [    0.000000] SMBIOS 2.8 present.
[STDERR  ] 2018-01-24T16:38:10.342830827Z: [    0.000000] Hypervisor detected: KVM
[STDERR  ] 2018-01-24T16:38:10.342840899Z: [    0.000000] e820: last_pfn = 0x3ffdf max_arch_pfn = 0x400000000
[STDERR  ] 2018-01-24T16:38:10.34285099Z: [    0.000000] x86/PAT: PAT not supported by CPU.
[STDERR  ] 2018-01-24T16:38:10.342861165Z: [    0.000000] x86/PAT: Configuration [0-7]: WB  WT  UC- UC  WB  WT  UC- UC  
[STDERR  ] 2018-01-24T16:38:10.342876647Z: [    0.000000] found SMP MP-table at [mem 0x000f6aa0-0x000f6aaf] mapped at [ffff895d400f6aa0]
[STDERR  ] 2018-01-24T16:38:10.342887432Z: [    0.000000] RAMDISK: [mem 0x3e401000-0x3ffcffff]
[STDERR  ] 2018-01-24T16:38:10.342898047Z: [    0.000000] ACPI: Early table checksum verification disabled
[STDERR  ] 2018-01-24T16:38:10.342909447Z: [    0.000000] ACPI: RSDP 0x00000000000F68B0 000014 (v00 BOCHS )
[STDERR  ] 2018-01-24T16:38:10.342927637Z: [    0.000000] ACPI: RSDT 0x000000003FFE20A8 000034 (v01 BOCHS  BXPCRSDT 00000001 BXPC 00000001)
[STDERR  ] 2018-01-24T16:38:10.342938878Z: [    0.000000] ACPI: FACP 0x000000003FFE1EC8 0000F4 (v03 BOCHS  BXPCFACP 00000001 BXPC 00000001)
[STDERR  ] 2018-01-24T16:38:10.342950941Z: [    0.000000] ACPI: DSDT 0x000000003FFE0040 001E88 (v01 BOCHS  BXPCDSDT 00000001 BXPC 00000001)
[STDERR  ] 2018-01-24T16:38:10.342965544Z: [    0.000000] ACPI: FACS 0x000000003FFE0000 000040
[STDERR  ] 2018-01-24T16:38:10.342978546Z: [    0.000000] ACPI: APIC 0x000000003FFE1FBC 000078 (v01 BOCHS  BXPCAPIC 00000001 BXPC 00000001)
[STDERR  ] 2018-01-24T16:38:10.342989351Z: [    0.000000] ACPI: HPET 0x000000003FFE2034 000038 (v01 BOCHS  BXPCHPET 00000001 BXPC 00000001)
[STDERR  ] 2018-01-24T16:38:10.342999967Z: [    0.000000] ACPI: MCFG 0x000000003FFE206C 00003C (v01 BOCHS  BXPCMCFG 00000001 BXPC 00000001)
[STDERR  ] 2018-01-24T16:38:10.343013943Z: [    0.000000] kvm-clock: Using msrs 4b564d01 and 4b564d00
[STDERR  ] 2018-01-24T16:38:10.343024563Z: [    0.000000] kvm-clock: cpu 0, msr 0:3ffdd001, primary cpu clock
[STDERR  ] 2018-01-24T16:38:10.343035082Z: [    0.000000] clocksource: kvm-clock: mask: 0xffffffffffffffff max_cycles: 0x1cd42e4dffb, max_idle_ns: 881590591483 ns
[STDERR  ] 2018-01-24T16:38:10.343046497Z: [    0.000000] Zone ranges:
[STDERR  ] 2018-01-24T16:38:10.343057307Z: [    0.000000]   DMA      [mem 0x0000000000001000-0x0000000000ffffff]
[STDERR  ] 2018-01-24T16:38:10.343071122Z: [    0.000000]   DMA32    [mem 0x0000000001000000-0x000000003ffdefff]
[STDERR  ] 2018-01-24T16:38:10.34308154Z: [    0.000000]   Normal   empty
[STDERR  ] 2018-01-24T16:38:10.343092319Z: [    0.000000] Movable zone start for each node
[STDERR  ] 2018-01-24T16:38:10.343102796Z: [    0.000000] Early memory node ranges
[STDERR  ] 2018-01-24T16:38:10.343113497Z: [    0.000000]   node   0: [mem 0x0000000000001000-0x000000000009efff]
[STDERR  ] 2018-01-24T16:38:10.343124431Z: [    0.000000]   node   0: [mem 0x0000000000100000-0x000000003ffdefff]
[STDERR  ] 2018-01-24T16:38:10.34313545Z: [    0.000000] Initmem setup node 0 [mem 0x0000000000001000-0x000000003ffdefff]
[STDERR  ] 2018-01-24T16:38:10.343189123Z: [    0.000000] ACPI: PM-Timer IO Port: 0x608
[STDERR  ] 2018-01-24T16:38:10.343201483Z: [    0.000000] ACPI: LAPIC_NMI (acpi_id[0xff] dfl dfl lint[0x1])
[STDERR  ] 2018-01-24T16:38:10.343210967Z: [    0.000000] IOAPIC[0]: apic_id 0, version 17, address 0xfec00000, GSI 0-23
[STDERR  ] 2018-01-24T16:38:10.343222155Z: [    0.000000] ACPI: INT_SRC_OVR (bus 0 bus_irq 0 global_irq 2 dfl dfl)
[STDERR  ] 2018-01-24T16:38:10.34323519Z: [    0.000000] ACPI: INT_SRC_OVR (bus 0 bus_irq 5 global_irq 5 high level)
[STDERR  ] 2018-01-24T16:38:10.343246519Z: [    0.000000] ACPI: INT_SRC_OVR (bus 0 bus_irq 9 global_irq 9 high level)
[STDERR  ] 2018-01-24T16:38:10.343257003Z: [    0.000000] ACPI: INT_SRC_OVR (bus 0 bus_irq 10 global_irq 10 high level)
[STDERR  ] 2018-01-24T16:38:10.343267587Z: [    0.000000] ACPI: INT_SRC_OVR (bus 0 bus_irq 11 global_irq 11 high level)
[STDERR  ] 2018-01-24T16:38:10.343283349Z: [    0.000000] Using ACPI (MADT) for SMP configuration information
[STDERR  ] 2018-01-24T16:38:10.343301045Z: [    0.000000] ACPI: HPET id: 0x8086a201 base: 0xfed00000
[STDERR  ] 2018-01-24T16:38:10.343311779Z: [    0.000000] smpboot: Allowing 1 CPUs, 0 hotplug CPUs
[STDERR  ] 2018-01-24T16:38:10.343322235Z: [    0.000000] e820: [mem 0x40000000-0xafffffff] available for PCI devices
[STDERR  ] 2018-01-24T16:38:10.343334219Z: [    0.000000] Booting paravirtualized kernel on KVM
[STDERR  ] 2018-01-24T16:38:10.343349275Z: [    0.000000] clocksource: refined-jiffies: mask: 0xffffffff max_cycles: 0xffffffff, max_idle_ns: 19112604462750000 ns
[STDERR  ] 2018-01-24T16:38:10.343360506Z: [    0.000000] setup_percpu: NR_CPUS:128 nr_cpumask_bits:128 nr_cpu_ids:1 nr_node_ids:1
[STDERR  ] 2018-01-24T16:38:10.343371914Z: [    0.000000] percpu: Embedded 36 pages/cpu @ffff895d7e200000 s106904 r8192 d32360 u2097152
[STDERR  ] 2018-01-24T16:38:10.343382271Z: [    0.000000] KVM setup async PF for cpu 0
[STDERR  ] 2018-01-24T16:38:10.343393084Z: [    0.000000] kvm-stealtime: cpu 0, msr 3e20fd80
[STDERR  ] 2018-01-24T16:38:10.343404249Z: [    0.000000] Built 1 zonelists in Zone order, mobility grouping on.  Total pages: 257896
[STDERR  ] 2018-01-24T16:38:10.343415889Z: [    0.000000] Kernel command line: console=ttyS0 console=ttyAMA0
[STDERR  ] 2018-01-24T16:38:10.343426049Z: [    0.000000] PID hash table entries: 4096 (order: 3, 32768 bytes)
[STDERR  ] 2018-01-24T16:38:10.343436731Z: [    0.000000] Dentry cache hash table entries: 131072 (order: 8, 1048576 bytes)
[STDERR  ] 2018-01-24T16:38:10.343447489Z: [    0.000000] Inode-cache hash table entries: 65536 (order: 7, 524288 bytes)
[STDERR  ] 2018-01-24T16:38:10.343458237Z: [    0.000000] Memory: 985644K/1048052K available (8055K kernel code, 1391K rwdata, 2704K rodata, 1400K init, 564K bss, 62408K reserved, 0K cma-reserved)
[STDERR  ] 2018-01-24T16:38:10.343469247Z: [    0.000000] Kernel/User page tables isolation: enabled
[STDERR  ] 2018-01-24T16:38:10.343478754Z: [    0.000000] Hierarchical RCU implementation.
[STDERR  ] 2018-01-24T16:38:10.343488355Z: [    0.000000] 	Build-time adjustment of leaf fanout to 64.
[STDERR  ] 2018-01-24T16:38:10.343498923Z: [    0.000000] 	RCU restricting CPUs from NR_CPUS=128 to nr_cpu_ids=1.
[STDERR  ] 2018-01-24T16:38:10.3435096Z: [    0.000000] RCU: Adjusting geometry for rcu_fanout_leaf=64, nr_cpu_ids=1
[STDERR  ] 2018-01-24T16:38:10.343519745Z: [    0.000000] NR_IRQS:8448 nr_irqs:256 16
[STDERR  ] 2018-01-24T16:38:10.343530028Z: [    0.000000] Console: colour VGA+ 80x25
[STDERR  ] 2018-01-24T16:38:10.343540019Z: [    0.000000] console [ttyS0] enabled
[STDERR  ] 2018-01-24T16:38:10.343550225Z: [    0.000000] clocksource: hpet: mask: 0xffffffff max_cycles: 0xffffffff, max_idle_ns: 19112604467 ns
[STDERR  ] 2018-01-24T16:38:10.343564333Z: [    0.000000] tsc: Detected 2299.996 MHz processor
[STDERR  ] 2018-01-24T16:38:10.343575072Z: [    0.020000] Calibrating delay loop (skipped) preset value.. 4599.99 BogoMIPS (lpj=22999960)
[STDERR  ] 2018-01-24T16:38:10.343585571Z: [    0.022957] pid_max: default: 32768 minimum: 301
[STDERR  ] 2018-01-24T16:38:10.343595577Z: [    0.027743] ACPI: Core revision 20160831
[STDERR  ] 2018-01-24T16:38:10.343606186Z: [    0.030718] ACPI: 1 ACPI AML tables successfully acquired and loaded
[STDERR  ] 2018-01-24T16:38:10.343617066Z: [    0.040098] Security Framework initialized
[STDERR  ] 2018-01-24T16:38:10.343627146Z: [    0.044475] Yama: becoming mindful.
[STDERR  ] 2018-01-24T16:38:10.343637343Z: [    0.048103] Mount-cache hash table entries: 2048 (order: 2, 16384 bytes)
[STDERR  ] 2018-01-24T16:38:10.343648292Z: [    0.050038] Mountpoint-cache hash table entries: 2048 (order: 2, 16384 bytes)
[STDERR  ] 2018-01-24T16:38:10.343658759Z: [    0.060959] CPU: Physical Processor ID: 0
[STDERR  ] 2018-01-24T16:38:10.343669127Z: [    0.065785] Last level iTLB entries: 4KB 0, 2MB 0, 4MB 0
[STDERR  ] 2018-01-24T16:38:10.343689072Z: [    0.070026] Last level dTLB entries: 4KB 0, 2MB 0, 4MB 0, 1GB 0
[STDERR  ] 2018-01-24T16:38:10.343699428Z: [    0.080025] Spectre V2 mitigation: Vulnerable: Minimal generic ASM retpoline
[STDERR  ] 2018-01-24T16:38:10.343716755Z: [    0.208180] Freeing SMP alternatives memory: 20K
[STDERR  ] 2018-01-24T16:38:10.343727865Z: [    0.247422] ftrace: allocating 35561 entries in 139 pages
[STDERR  ] 2018-01-24T16:38:10.343738625Z: [    0.260150] smpboot: Max logical packages: 1
[STDERR  ] 2018-01-24T16:38:10.343749472Z: [    0.273274] x2apic enabled
[STDERR  ] 2018-01-24T16:38:10.343760718Z: [    0.278501] Switched APIC routing to physical x2apic.
[STDERR  ] 2018-01-24T16:38:10.343776022Z: [    0.294515] ..TIMER: vector=0x30 apic1=0 pin1=2 apic2=-1 pin2=-1
[STDERR  ] 2018-01-24T16:38:10.34378749Z: [    0.300000] smpboot: CPU0: Intel QEMU Virtual CPU version 2.5+ (family: 0x6, model: 0x6, stepping: 0x3)
[STDERR  ] 2018-01-24T16:38:10.343800442Z: [    0.300009] Performance Events: PMU not available due to virtualization, using software events only.
[STDERR  ] 2018-01-24T16:38:10.343811662Z: [    0.317430] x86: Booted up 1 node, 1 CPUs
[STDERR  ] 2018-01-24T16:38:10.343826539Z: [    0.320007] smpboot: Total of 1 processors activated (4599.99 BogoMIPS)
[STDERR  ] 2018-01-24T16:38:10.343837781Z: [    0.332079] devtmpfs: initialized
[STDERR  ] 2018-01-24T16:38:10.343848837Z: [    0.335755] x86/mm: Memory block size: 128MB
[STDERR  ] 2018-01-24T16:38:10.343859933Z: [    0.343255] clocksource: jiffies: mask: 0xffffffff max_cycles: 0xffffffff, max_idle_ns: 19112604462750000 ns
[STDERR  ] 2018-01-24T16:38:10.34387216Z: [    0.350029] futex hash table entries: 256 (order: 2, 16384 bytes)
[STDERR  ] 2018-01-24T16:38:10.343881778Z: [    0.360238] NET: Registered protocol family 16
[STDERR  ] 2018-01-24T16:38:10.343891434Z: [    0.365150] cpuidle: using governor ladder
[STDERR  ] 2018-01-24T16:38:10.343900897Z: [    0.370011] cpuidle: using governor menu
[STDERR  ] 2018-01-24T16:38:10.343910771Z: [    0.374616] ACPI: bus type PCI registered
[STDERR  ] 2018-01-24T16:38:10.343920989Z: [    0.379396] PCI: MMCONFIG for domain 0000 [bus 00-ff] at [mem 0xb0000000-0xbfffffff] (base 0xb0000000)
[STDERR  ] 2018-01-24T16:38:10.343930901Z: [    0.380014] PCI: MMCONFIG at [mem 0xb0000000-0xbfffffff] reserved in E820
[STDERR  ] 2018-01-24T16:38:10.343941711Z: [    0.390027] PCI: Using configuration type 1 for base access
[STDERR  ] 2018-01-24T16:38:10.343956078Z: [    0.401624] HugeTLB registered 2 MB page size, pre-allocated 0 pages
[STDERR  ] 2018-01-24T16:38:10.34396693Z: [    0.410238] ACPI: Added _OSI(Module Device)
[STDERR  ] 2018-01-24T16:38:10.343977124Z: [    0.414477] ACPI: Added _OSI(Processor Device)
[STDERR  ] 2018-01-24T16:38:10.343987534Z: [    0.418993] ACPI: Added _OSI(3.0 _SCP Extensions)
[STDERR  ] 2018-01-24T16:38:10.343997558Z: [    0.420009] ACPI: Added _OSI(Processor Aggregator Device)
[STDERR  ] 2018-01-24T16:38:10.344010592Z: [    0.434724] ACPI: Interpreter enabled
[STDERR  ] 2018-01-24T16:38:10.344020951Z: [    0.438761] ACPI: (supports S0 S5)
[STDERR  ] 2018-01-24T16:38:10.344031184Z: [    0.440010] ACPI: Using IOAPIC for interrupt routing
[STDERR  ] 2018-01-24T16:38:10.344041624Z: [    0.445828] PCI: Using host bridge windows from ACPI; if necessary, use "pci=nocrs" and report a bug
[STDERR  ] 2018-01-24T16:38:10.344052163Z: [    0.461502] ACPI: PCI Root Bridge [PCI0] (domain 0000 [bus 00-ff])
[STDERR  ] 2018-01-24T16:38:10.344062984Z: [    0.468436] acpi PNP0A08:00: _OSC: OS supports [ExtendedConfig ASPM ClockPM Segments MSI]
[STDERR  ] 2018-01-24T16:38:10.344073512Z: [    0.470188] acpi PNP0A08:00: _OSC: OS now controls [PCIeHotplug PME PCIeCapability]
[STDERR  ] 2018-01-24T16:38:10.344083704Z: [    0.480097] PCI host bridge to bus 0000:00
[STDERR  ] 2018-01-24T16:38:10.34409414Z: [    0.484240] pci_bus 0000:00: root bus resource [io  0x0000-0x0cf7 window]
[STDERR  ] 2018-01-24T16:38:10.344106488Z: [    0.490014] pci_bus 0000:00: root bus resource [io  0x0d00-0xffff window]
[STDERR  ] 2018-01-24T16:38:10.344117004Z: [    0.500014] pci_bus 0000:00: root bus resource [mem 0x000a0000-0x000bffff window]
[STDERR  ] 2018-01-24T16:38:10.344127437Z: [    0.510014] pci_bus 0000:00: root bus resource [mem 0xc0000000-0xfebfffff window]
[STDERR  ] 2018-01-24T16:38:10.344153329Z: [    0.517467] pci_bus 0000:00: root bus resource [bus 00-ff]
[STDERR  ] 2018-01-24T16:38:10.344165452Z: [    0.645947] pci 0000:00:1f.0: quirk: [io  0x0600-0x067f] claimed by ICH6 ACPI/GPIO/TCO
[STDERR  ] 2018-01-24T16:38:10.344175733Z: [    0.710016] ACPI: PCI Interrupt Link [LNKA] (IRQs 5 *10 11)
[STDERR  ] 2018-01-24T16:38:10.344185679Z: [    0.717866] ACPI: PCI Interrupt Link [LNKB] (IRQs 5 *10 11)
[STDERR  ] 2018-01-24T16:38:10.344199724Z: [    0.722167] ACPI: PCI Interrupt Link [LNKC] (IRQs 5 10 *11)
[STDERR  ] 2018-01-24T16:38:10.344210264Z: [    0.732202] ACPI: PCI Interrupt Link [LNKD] (IRQs 5 10 *11)
[STDERR  ] 2018-01-24T16:38:10.344220419Z: [    0.739367] ACPI: PCI Interrupt Link [LNKE] (IRQs 5 *10 11)
[STDERR  ] 2018-01-24T16:38:10.3442303Z: [    0.742190] ACPI: PCI Interrupt Link [LNKF] (IRQs 5 *10 11)
[STDERR  ] 2018-01-24T16:38:10.344240575Z: [    0.752120] ACPI: PCI Interrupt Link [LNKG] (IRQs 5 10 *11)
[STDERR  ] 2018-01-24T16:38:10.34425062Z: [    0.760680] ACPI: PCI Interrupt Link [LNKH] (IRQs 5 10 *11)
[STDERR  ] 2018-01-24T16:38:10.344260363Z: [    0.767587] ACPI: PCI Interrupt Link [GSIA] (IRQs *16)
[STDERR  ] 2018-01-24T16:38:10.344270636Z: [    0.771059] ACPI: PCI Interrupt Link [GSIB] (IRQs *17)
[STDERR  ] 2018-01-24T16:38:10.34428108Z: [    0.777206] ACPI: PCI Interrupt Link [GSIC] (IRQs *18)
[STDERR  ] 2018-01-24T16:38:10.344294501Z: [    0.781083] ACPI: PCI Interrupt Link [GSID] (IRQs *19)
[STDERR  ] 2018-01-24T16:38:10.344305118Z: [    0.791071] ACPI: PCI Interrupt Link [GSIE] (IRQs *20)
[STDERR  ] 2018-01-24T16:38:10.344315202Z: [    0.797353] ACPI: PCI Interrupt Link [GSIF] (IRQs *21)
[STDERR  ] 2018-01-24T16:38:10.344324869Z: [    0.801113] ACPI: PCI Interrupt Link [GSIG] (IRQs *22)
[STDERR  ] 2018-01-24T16:38:10.344337734Z: [    0.810576] ACPI: PCI Interrupt Link [GSIH] (IRQs *23)
[STDERR  ] 2018-01-24T16:38:10.344347998Z: [    0.816735] ACPI: Enabled 1 GPEs in block 00 to 3F
[STDERR  ] 2018-01-24T16:38:10.344358483Z: [    0.820381] SCSI subsystem initialized
[STDERR  ] 2018-01-24T16:38:10.344369145Z: [    0.824639] ACPI: bus type USB registered
[STDERR  ] 2018-01-24T16:38:10.344379514Z: [    0.830051] usbcore: registered new interface driver usbfs
[STDERR  ] 2018-01-24T16:38:10.344389703Z: [    0.835659] usbcore: registered new interface driver hub
[STDERR  ] 2018-01-24T16:38:10.344399672Z: [    0.840039] usbcore: registered new device driver usb
[STDERR  ] 2018-01-24T16:38:10.344409775Z: [    0.845417] pps_core: LinuxPPS API ver. 1 registered
[STDERR  ] 2018-01-24T16:38:10.344420117Z: [    0.850008] pps_core: Software ver. 5.3.6 - Copyright 2005-2007 Rodolfo Giometti <giometti@linux.it>
[STDERR  ] 2018-01-24T16:38:10.344429931Z: [    0.860027] PTP clock support registered
[STDERR  ] 2018-01-24T16:38:10.344440373Z: [    0.864098] PCI: Using ACPI for IRQ routing
[STDERR  ] 2018-01-24T16:38:10.344450914Z: [    1.269759] NetLabel: Initializing
[STDERR  ] 2018-01-24T16:38:10.344461706Z: [    1.270009] NetLabel:  domain hash size = 128
[STDERR  ] 2018-01-24T16:38:10.344476213Z: [    1.274534] NetLabel:  protocols = UNLABELED CIPSOv4
[STDERR  ] 2018-01-24T16:38:10.344486171Z: [    1.280040] NetLabel:  unlabeled traffic allowed by default
[STDERR  ] 2018-01-24T16:38:10.344496931Z: [    1.285875] wmi: Mapper loaded
[STDERR  ] 2018-01-24T16:38:10.344506559Z: [    1.290161] HPET: 3 timers in total, 0 timers will be used for per-cpu timer
[STDERR  ] 2018-01-24T16:38:10.344514024Z: [    1.300140] hpet0: at MMIO 0xfed00000, IRQs 2, 8, 0
[STDERR  ] 2018-01-24T16:38:10.344520421Z: [    1.305897] hpet0: 3 comparators, 64-bit 100.000000 MHz counter
[STDERR  ] 2018-01-24T16:38:10.344527441Z: [    1.312426] clocksource: Switched to clocksource kvm-clock
[STDERR  ] 2018-01-24T16:38:10.344533811Z: [    1.330996] VFS: Disk quotas dquot_6.6.0
[STDERR  ] 2018-01-24T16:38:10.34454019Z: [    1.335342] VFS: Dquot-cache hash table entries: 512 (order 0, 4096 bytes)
[STDERR  ] 2018-01-24T16:38:10.344553021Z: [    1.342929] FS-Cache: Loaded
[STDERR  ] 2018-01-24T16:38:10.344560117Z: [    1.346128] CacheFiles: Loaded
[STDERR  ] 2018-01-24T16:38:10.34456895Z: [    1.349610] pnp: PnP ACPI init
[STDERR  ] 2018-01-24T16:38:10.344575444Z: [    1.354558] pnp: PnP ACPI: found 5 devices
[STDERR  ] 2018-01-24T16:38:10.344581799Z: [    1.365407] clocksource: acpi_pm: mask: 0xffffff max_cycles: 0xffffff, max_idle_ns: 2085701024 ns
[STDERR  ] 2018-01-24T16:38:10.344588383Z: [    1.374530] NET: Registered protocol family 2
[STDERR  ] 2018-01-24T16:38:10.344599807Z: [    1.379325] TCP established hash table entries: 8192 (order: 4, 65536 bytes)
[STDERR  ] 2018-01-24T16:38:10.344606983Z: [    1.386532] TCP bind hash table entries: 8192 (order: 5, 131072 bytes)
[STDERR  ] 2018-01-24T16:38:10.344613958Z: [    1.393187] TCP: Hash tables configured (established 8192 bind 8192)
[STDERR  ] 2018-01-24T16:38:10.344620483Z: [    1.401226] UDP hash table entries: 512 (order: 2, 16384 bytes)
[STDERR  ] 2018-01-24T16:38:10.344626723Z: [    1.407219] UDP-Lite hash table entries: 512 (order: 2, 16384 bytes)
[STDERR  ] 2018-01-24T16:38:10.344632992Z: [    1.413874] NET: Registered protocol family 1
[STDERR  ] 2018-01-24T16:38:10.344639343Z: [    1.418631] pci 0000:00:01.0: Video device with shadowed ROM at [mem 0x000c0000-0x000dffff]
[STDERR  ] 2018-01-24T16:38:10.344650643Z: [    1.427477] Unpacking initramfs...
[STDERR  ] 2018-01-24T16:38:10.344662727Z: [    1.887288] Freeing initrd memory: 28476K
[STDERR  ] 2018-01-24T16:38:10.344673467Z: [    1.892739] PCLMULQDQ-NI instructions are not detected.
[STDERR  ] 2018-01-24T16:38:10.344679994Z: [    1.898198] AVX or AES-NI instructions are not detected.
[STDERR  ] 2018-01-24T16:38:10.344686349Z: [    1.903800] CPU feature 'AVX registers' is not supported.
[STDERR  ] 2018-01-24T16:38:10.344692869Z: [    1.909417] CPU feature 'AVX registers' is not supported.
[STDERR  ] 2018-01-24T16:38:10.344699135Z: [    1.915151] CPU feature 'AVX registers' is not supported.
[STDERR  ] 2018-01-24T16:38:10.344705481Z: [    1.920903] CPU feature 'AVX registers' is not supported.
[STDERR  ] 2018-01-24T16:38:10.344714389Z: [    1.926629] AVX2 or AES-NI instructions are not detected.
[STDERR  ] 2018-01-24T16:38:10.344720847Z: [    1.932250] AVX2 instructions are not detected.
[STDERR  ] 2018-01-24T16:38:10.344727261Z: [    1.937171] audit: initializing netlink subsys (disabled)
[STDERR  ] 2018-01-24T16:38:10.344733612Z: [    1.942985] audit: type=2000 audit(1516811877.243:1): initialized
[STDERR  ] 2018-01-24T16:38:10.344739987Z: [    1.949767] workingset: timestamp_bits=46 max_order=18 bucket_order=0
[STDERR  ] 2018-01-24T16:38:10.344746392Z: [    1.956766] squashfs: version 4.0 (2009/01/31) Phillip Lougher
[STDERR  ] 2018-01-24T16:38:10.344752856Z: [    1.963154] FS-Cache: Netfs 'cifs' registered for caching
[STDERR  ] 2018-01-24T16:38:10.344759207Z: [    1.968868] fuse init (API version 7.26)
[STDERR  ] 2018-01-24T16:38:10.344765575Z: [    1.973251] SGI XFS with ACLs, security attributes, no debug enabled
[STDERR  ] 2018-01-24T16:38:10.344772066Z: [    1.980299] 9p: Installing v9fs 9p2000 file system support
[STDERR  ] 2018-01-24T16:38:10.344778433Z: [    1.986069] FS-Cache: Netfs '9p' registered for caching
[STDERR  ] 2018-01-24T16:38:10.344784861Z: [    1.993076] NET: Registered protocol family 38
[STDERR  ] 2018-01-24T16:38:10.344791171Z: [    1.997713] Key type asymmetric registered
[STDERR  ] 2018-01-24T16:38:10.344797619Z: [    2.002266] Asymmetric key parser 'x509' registered
[STDERR  ] 2018-01-24T16:38:10.344803908Z: [    2.007406] Block layer SCSI generic (bsg) driver version 0.4 loaded (major 251)
[STDERR  ] 2018-01-24T16:38:10.344810438Z: [    2.015304] io scheduler noop registered
[STDERR  ] 2018-01-24T16:38:10.344816926Z: [    2.019450] io scheduler deadline registered (default)
[STDERR  ] 2018-01-24T16:38:10.344823319Z: [    2.025063] io scheduler cfq registered
[STDERR  ] 2018-01-24T16:38:10.344829662Z: [    2.029565] pci_hotplug: PCI Hot Plug PCI Core version: 0.5
[STDERR  ] 2018-01-24T16:38:10.344839586Z: [    2.036056] pciehp: PCI Express Hot Plug Controller Driver version: 0.4
[STDERR  ] 2018-01-24T16:38:10.344846128Z: [    2.043286] shpchp: Standard Hot Plug PCI Controller Driver version: 0.4
[STDERR  ] 2018-01-24T16:38:10.344853474Z: [    2.050472] hv_vmbus: registering driver hyperv_fb
[STDERR  ] 2018-01-24T16:38:10.344859795Z: [    2.055685] input: Power Button as /devices/LNXSYSTM:00/LNXPWRBN:00/input/input0
[STDERR  ] 2018-01-24T16:38:10.344866646Z: [    2.063677] ACPI: Power Button [PWRF]
[STDERR  ] 2018-01-24T16:38:10.344875884Z: [    2.068266] GHES: HEST is not enabled!
[STDERR  ] 2018-01-24T16:38:10.344882321Z: [    2.073230] ACPI: PCI Interrupt Link [GSIG] enabled at IRQ 22
[STDERR  ] 2018-01-24T16:38:10.344888715Z: [    2.087265] ACPI: PCI Interrupt Link [GSIH] enabled at IRQ 23
[STDERR  ] 2018-01-24T16:38:10.344894981Z: [    2.099261] xenfs: not registering filesystem on non-xen platform
[STDERR  ] 2018-01-24T16:38:10.344901231Z: [    2.105584] Serial: 8250/16550 driver, 4 ports, IRQ sharing disabled
[STDERR  ] 2018-01-24T16:38:10.344907873Z: [    2.146487] 00:04: ttyS0 at I/O 0x3f8 (irq = 4, base_baud = 115200) is a 16550A
[STDERR  ] 2018-01-24T16:38:10.344914855Z: [    2.155338] Non-volatile memory driver v1.3
[STDERR  ] 2018-01-24T16:38:10.344921228Z: [    2.161617] Hangcheck: starting hangcheck timer 0.9.1 (tick is 180 seconds, margin is 60 seconds).
[STDERR  ] 2018-01-24T16:38:10.344927757Z: [    2.172024] random: fast init done
[STDERR  ] 2018-01-24T16:38:10.344934062Z: [    2.176209] random: crng init done
[STDERR  ] 2018-01-24T16:38:10.344940306Z: [    2.181784] loop: module loaded
[STDERR  ] 2018-01-24T16:38:10.344946705Z: [    2.186087] nbd: registered device at major 43
[STDERR  ] 2018-01-24T16:38:10.344953074Z: [    2.192582] lpc_ich 0000:00:1f.0: I/O space for GPIO uninitialized
[STDERR  ] 2018-01-24T16:38:10.344959527Z: [    2.199564] VMware PVSCSI driver - version 1.0.7.0-k
[STDERR  ] 2018-01-24T16:38:10.344965849Z: [    2.205081] hv_vmbus: registering driver hv_storvsc
[STDERR  ] 2018-01-24T16:38:10.34497383Z: [    2.210801] ACPI: PCI Interrupt Link [GSIA] enabled at IRQ 16
[STDERR  ] 2018-01-24T16:38:10.344980393Z: [    2.220244] ahci 0000:00:1f.2: AHCI 0001.0000 32 slots 6 ports 1.5 Gbps 0x3f impl SATA mode
[STDERR  ] 2018-01-24T16:38:10.344986858Z: [    2.229363] ahci 0000:00:1f.2: flags: 64bit ncq only 
[STDERR  ] 2018-01-24T16:38:10.344995054Z: [    2.238529] scsi host0: ahci
[STDERR  ] 2018-01-24T16:38:10.34500136Z: [    2.241954] scsi host1: ahci
[STDERR  ] 2018-01-24T16:38:10.345007652Z: [    2.245427] scsi host2: ahci
[STDERR  ] 2018-01-24T16:38:10.345013963Z: [    2.248678] scsi host3: ahci
[STDERR  ] 2018-01-24T16:38:10.345020152Z: [    2.252025] scsi host4: ahci
[STDERR  ] 2018-01-24T16:38:10.345026423Z: [    2.255362] scsi host5: ahci
[STDERR  ] 2018-01-24T16:38:10.345032754Z: [    2.258618] ata1: SATA max UDMA/133 abar m4096@0xfebd2000 port 0xfebd2100 irq 24
[STDERR  ] 2018-01-24T16:38:10.345039118Z: [    2.266528] ata2: SATA max UDMA/133 abar m4096@0xfebd2000 port 0xfebd2180 irq 24
[STDERR  ] 2018-01-24T16:38:10.345045816Z: [    2.274675] ata3: SATA max UDMA/133 abar m4096@0xfebd2000 port 0xfebd2200 irq 24
[STDERR  ] 2018-01-24T16:38:10.345052569Z: [    2.282832] ata4: SATA max UDMA/133 abar m4096@0xfebd2000 port 0xfebd2280 irq 24
[STDERR  ] 2018-01-24T16:38:10.345059198Z: [    2.290318] ata5: SATA max UDMA/133 abar m4096@0xfebd2000 port 0xfebd2300 irq 24
[STDERR  ] 2018-01-24T16:38:10.345065427Z: [    2.298337] ata6: SATA max UDMA/133 abar m4096@0xfebd2000 port 0xfebd2380 irq 24
[STDERR  ] 2018-01-24T16:38:10.345071693Z: [    2.308515] tun: Universal TUN/TAP device driver, 1.6
[STDERR  ] 2018-01-24T16:38:10.345077998Z: [    2.313682] tun: (C) 1999-2004 Max Krasnyansky <maxk@qualcomm.com>
[STDERR  ] 2018-01-24T16:38:10.345086529Z: [    2.324445] VMware vmxnet3 virtual NIC driver - version 1.4.a.0-k-NAPI
[STDERR  ] 2018-01-24T16:38:10.345092852Z: [    2.331672] hv_vmbus: registering driver hv_netvsc
[STDERR  ] 2018-01-24T16:38:10.3450992Z: [    2.336558] Fusion MPT base driver 3.04.20
[STDERR  ] 2018-01-24T16:38:10.345108767Z: [    2.340940] Copyright (c) 1999-2008 LSI Corporation
[STDERR  ] 2018-01-24T16:38:10.345115278Z: [    2.345804] Fusion MPT SPI Host driver 3.04.20
[STDERR  ] 2018-01-24T16:38:10.345121604Z: [    2.350481] i8042: PNP: PS/2 Controller [PNP0303:KBD,PNP0f13:MOU] at 0x60,0x64 irq 1,12
[STDERR  ] 2018-01-24T16:38:10.345129989Z: [    2.361965] serio: i8042 KBD port at 0x60,0x64 irq 1
[STDERR  ] 2018-01-24T16:38:10.345136175Z: [    2.367093] serio: i8042 AUX port at 0x60,0x64 irq 12
[STDERR  ] 2018-01-24T16:38:10.345152955Z: [    2.372639] hv_vmbus: registering driver hyperv_keyboard
[STDERR  ] 2018-01-24T16:38:10.345159952Z: [    2.378472] mousedev: PS/2 mouse device common for all mice
[STDERR  ] 2018-01-24T16:38:10.345166246Z: [    2.385590] input: AT Translated Set 2 keyboard as /devices/platform/i8042/serio0/input/input1
[STDERR  ] 2018-01-24T16:38:10.345172553Z: [    2.394420] input: PC Speaker as /devices/platform/pcspkr/input/input2
[STDERR  ] 2018-01-24T16:38:10.345178997Z: [    2.401388] rtc_cmos 00:00: RTC can wake from S4
[STDERR  ] 2018-01-24T16:38:10.345187602Z: [    2.408230] rtc_cmos 00:00: rtc core: registered rtc_cmos as rtc0
[STDERR  ] 2018-01-24T16:38:10.345193946Z: [    2.415385] rtc_cmos 00:00: alarms up to one day, y3k, 114 bytes nvram, hpet irqs
[STDERR  ] 2018-01-24T16:38:10.345200852Z: [    2.422939] i2c /dev entries driver
[STDERR  ] 2018-01-24T16:38:10.345207197Z: [    2.426603] device-mapper: ioctl: 4.35.0-ioctl (2016-06-23) initialised: dm-devel@redhat.com
[STDERR  ] 2018-01-24T16:38:10.345213691Z: [    2.435928] usbcore: registered new interface driver usbhid
[STDERR  ] 2018-01-24T16:38:10.345219997Z: [    2.442123] usbhid: USB HID core driver
[STDERR  ] 2018-01-24T16:38:10.345226311Z: [    2.446332] hv_utils: Registering HyperV Utility Driver
[STDERR  ] 2018-01-24T16:38:10.345232652Z: [    2.451929] hv_vmbus: registering driver hv_util
[STDERR  ] 2018-01-24T16:38:10.345239009Z: [    2.457034] hv_vmbus: registering driver hv_balloon
[STDERR  ] 2018-01-24T16:38:10.345245273Z: [    2.462310] oprofile: using NMI interrupt.
[STDERR  ] 2018-01-24T16:38:10.345251611Z: [    2.466879] GACT probability on
[STDERR  ] 2018-01-24T16:38:10.345258086Z: [    2.470192] Mirror/redirect action on
[STDERR  ] 2018-01-24T16:38:10.345264434Z: [    2.473951] Simple TC action Loaded
[STDERR  ] 2018-01-24T16:38:10.345270746Z: [    2.477514] u32 classifier
[STDERR  ] 2018-01-24T16:38:10.345277062Z: [    2.480741]     Performance counters on
[STDERR  ] 2018-01-24T16:38:10.345283372Z: [    2.484694]     input device check on
[STDERR  ] 2018-01-24T16:38:10.345289702Z: [    2.488428]     Actions configured
[STDERR  ] 2018-01-24T16:38:10.345295955Z: [    2.492019] Netfilter messages via NETLINK v0.30.
[STDERR  ] 2018-01-24T16:38:10.345302283Z: [    2.496783] nfnl_acct: registering with nfnetlink.
[STDERR  ] 2018-01-24T16:38:10.345308596Z: [    2.501804] nf_conntrack version 0.5.0 (8192 buckets, 32768 max)
[STDERR  ] 2018-01-24T16:38:10.345314961Z: [    2.507937] ctnetlink v0.93: registering with nfnetlink.
[STDERR  ] 2018-01-24T16:38:10.345321219Z: [    2.513458] nf_tables: (c) 2007-2009 Patrick McHardy <kaber@trash.net>
[STDERR  ] 2018-01-24T16:38:10.345327905Z: [    2.520445] nf_tables_compat: (c) 2012 Pablo Neira Ayuso <pablo@netfilter.org>
[STDERR  ] 2018-01-24T16:38:10.345334201Z: [    2.527983] xt_time: kernel timezone is -0000
[STDERR  ] 2018-01-24T16:38:10.345340471Z: [    2.532624] ip_set: protocol 6
[STDERR  ] 2018-01-24T16:38:10.345348898Z: [    2.535947] IPVS: Registered protocols (TCP, UDP, SCTP, AH, ESP)
[STDERR  ] 2018-01-24T16:38:10.345355418Z: [    2.542381] IPVS: Connection hash table configured (size=4096, memory=64Kbytes)
[STDERR  ] 2018-01-24T16:38:10.345361883Z: [    2.550643] IPVS: Creating netns size=2104 id=0
[STDERR  ] 2018-01-24T16:38:10.345368124Z: [    2.556610] IPVS: ipvs loaded.
[STDERR  ] 2018-01-24T16:38:10.34537447Z: [    2.559830] IPVS: [rr] scheduler registered.
[STDERR  ] 2018-01-24T16:38:10.345380773Z: [    2.564636] IPVS: [wrr] scheduler registered.
[STDERR  ] 2018-01-24T16:38:10.345391187Z: [    2.569007] IPVS: [lc] scheduler registered.
[STDERR  ] 2018-01-24T16:38:10.345397811Z: [    2.573723] IPVS: [wlc] scheduler registered.
[STDERR  ] 2018-01-24T16:38:10.345404088Z: [    2.578128] IPVS: [fo] scheduler registered.
[STDERR  ] 2018-01-24T16:38:10.345410363Z: [    2.582761] IPVS: [ovf] scheduler registered.
[STDERR  ] 2018-01-24T16:38:10.345416756Z: [    2.587206] IPVS: [lblc] scheduler registered.
[STDERR  ] 2018-01-24T16:38:10.345425718Z: [    2.592251] IPVS: [lblcr] scheduler registered.
[STDERR  ] 2018-01-24T16:38:10.345432213Z: [    2.597006] IPVS: [dh] scheduler registered.
[STDERR  ] 2018-01-24T16:38:10.345440519Z: [    2.601874] IPVS: [sh] scheduler registered.
[STDERR  ] 2018-01-24T16:38:10.345446808Z: [    2.606345] IPVS: [sed] scheduler registered.
[STDERR  ] 2018-01-24T16:38:10.345454685Z: [    2.611306] IPVS: [nq] scheduler registered.
[STDERR  ] 2018-01-24T16:38:10.345461283Z: [    2.615630] IPVS: ftp: loaded support on port[0] = 21
[STDERR  ] 2018-01-24T16:38:10.345467873Z: [    2.621067] ipip: IPv4 and MPLS over IPv4 tunneling driver
[STDERR  ] 2018-01-24T16:38:10.345474373Z: [    2.627044] gre: GRE over IPv4 demultiplexor driver
[STDERR  ] 2018-01-24T16:38:10.345482606Z: [    2.632740] ata4: SATA link down (SStatus 0 SControl 300)
[STDERR  ] 2018-01-24T16:38:10.345488929Z: [    2.639091] ata3: SATA link up 1.5 Gbps (SStatus 113 SControl 300)
[STDERR  ] 2018-01-24T16:38:10.345495681Z: [    2.646462] ata2: SATA link down (SStatus 0 SControl 300)
[STDERR  ] 2018-01-24T16:38:10.345501986Z: [    2.652860] ata1: SATA link down (SStatus 0 SControl 300)
[STDERR  ] 2018-01-24T16:38:10.34550823Z: [    2.659047] ata6: SATA link down (SStatus 0 SControl 300)
[STDERR  ] 2018-01-24T16:38:10.345514582Z: [    2.665402] ata5: SATA link down (SStatus 0 SControl 300)
[STDERR  ] 2018-01-24T16:38:10.345520862Z: [    2.671555] ip_tables: (C) 2000-2006 Netfilter Core Team
[STDERR  ] 2018-01-24T16:38:10.345530113Z: [    2.677140] ipt_CLUSTERIP: ClusterIP Version 0.8 loaded successfully
[STDERR  ] 2018-01-24T16:38:10.345536975Z: [    2.683640] ata3.00: ATAPI: QEMU DVD-ROM, 2.5+, max UDMA/100
[STDERR  ] 2018-01-24T16:38:10.345543246Z: [    2.689297] ata3.00: applying bridge limits
[STDERR  ] 2018-01-24T16:38:10.34554955Z: [    2.694059] arp_tables: arp_tables: (C) 2002 David S. Miller
[STDERR  ] 2018-01-24T16:38:10.345555867Z: [    2.699933] NET: Registered protocol family 10
[STDERR  ] 2018-01-24T16:38:10.345562086Z: [    2.704848] ata3.00: configured for UDMA/100
[STDERR  ] 2018-01-24T16:38:10.345568452Z: [    2.710410] scsi 2:0:0:0: CD-ROM            QEMU     QEMU DVD-ROM     2.5+ PQ: 0 ANSI: 5
[STDERR  ] 2018-01-24T16:38:10.345575035Z: [    2.720589] ip6_tables: (C) 2000-2006 Netfilter Core Team
[STDERR  ] 2018-01-24T16:38:10.345581449Z: [    2.727356] NET: Registered protocol family 17
[STDERR  ] 2018-01-24T16:38:10.345587715Z: [    2.732789] Bridge firewalling registered
[STDERR  ] 2018-01-24T16:38:10.345593967Z: [    2.737343] Ebtables v2.0 registered
[STDERR  ] 2018-01-24T16:38:10.345600203Z: [    2.741775] 8021q: 802.1Q VLAN Support v1.8
[STDERR  ] 2018-01-24T16:38:10.345606455Z: [    2.746330] 9pnet: Installing 9P2000 support
[STDERR  ] 2018-01-24T16:38:10.345612721Z: [    2.751863] sr 2:0:0:0: [sr0] scsi3-mmc drive: 4x/4x cd/rw xa/form2 tray
[STDERR  ] 2018-01-24T16:38:10.345619259Z: [    2.759323] cdrom: Uniform CD-ROM driver Revision: 3.20
[STDERR  ] 2018-01-24T16:38:10.34562559Z: [    2.765235] Key type dns_resolver registered
[STDERR  ] 2018-01-24T16:38:10.345632021Z: [    2.770303] microcode: sig=0x663, pf=0x1, revision=0x1
[STDERR  ] 2018-01-24T16:38:10.34565538Z: [    2.775819] microcode: Microcode Update Driver: v2.01 <tigran@aivazian.fsnet.co.uk>, Peter Oruba
[STDERR  ] 2018-01-24T16:38:10.345670272Z: [    2.785609] sr 2:0:0:0: Attached scsi generic sg0 type 5
[STDERR  ] 2018-01-24T16:38:10.345681774Z: [    2.791709] registered taskstats version 1
[STDERR  ] 2018-01-24T16:38:10.345692541Z: [    2.801923] Key type big_key registered
[STDERR  ] 2018-01-24T16:38:10.345708107Z: [    2.811536] Key type encrypted registered
[STDERR  ] 2018-01-24T16:38:10.345718623Z: [    2.817541] rtc_cmos 00:00: setting system clock to 2018-01-24 16:37:59 UTC (1516811879)
[STDERR  ] 2018-01-24T16:38:10.345728654Z: [    2.828962] Freeing unused kernel memory: 1400K
[STDERR  ] 2018-01-24T16:38:10.345739489Z: [    2.834131] Write protecting the kernel read-only data: 12288k
[STDERR  ] 2018-01-24T16:38:10.345750671Z: [    2.840846] Freeing unused kernel memory: 124K
[STDERR  ] 2018-01-24T16:38:10.345765721Z: [    2.849787] Freeing unused kernel memory: 1392K
[STDERR  ] 2018-01-24T16:38:10.345777509Z: 
[STDERR  ] 2018-01-24T16:38:10.345787921Z: Welcome to LinuxKit
[STDERR  ] 2018-01-24T16:38:10.345797885Z: 
[STDERR  ] 2018-01-24T16:38:10.345807818Z:                         ##         .
[STDERR  ] 2018-01-24T16:38:10.345817898Z:                   ## ## ##        ==
[STDERR  ] 2018-01-24T16:38:10.345827958Z:                ## ## ## ## ##    ===
[STDERR  ] 2018-01-24T16:38:10.345837655Z:            /"""""""""""""""""\___/ ===
[STDERR  ] 2018-01-24T16:38:10.345847808Z:           {                       /  ===-
[STDERR  ] 2018-01-24T16:38:10.345861173Z:            \______ O           __/
[STDERR  ] 2018-01-24T16:38:10.34587142Z:              \    \         __/
[STDERR  ] 2018-01-24T16:38:10.345881468Z:               \____\_______/
[STDERR  ] 2018-01-24T16:38:10.345890915Z: 
[STDERR  ] 2018-01-24T16:38:10.345900711Z: [    3.188438] IPVS: Creating netns size=2104 id=1
[STDERR  ] 2018-01-24T16:38:10.345910519Z: [    3.193618] IPVS: ftp: loaded support on port[0] = 21
[STDERR  ] 2018-01-24T16:38:10.345920484Z: binfmt test suite PASSED
[STDERR  ] 2018-01-24T16:38:10.345932491Z: [   13.352325] ACPI: Preparing to enter system sleep state S5
[STDERR  ] 2018-01-24T16:38:10.345942451Z: [   13.359202] reboot: Power down
[STDERR  ] 2018-01-24T16:38:10.34595245Z: + echo [    0.000000] Linux version 4.9.78-linuxkit (root@9ac57ca26f22) (gcc version 6.4.0 (Alpine 6.4.0) ) #1 SMP Wed Jan 24 12:49:16 UTC 2018
[STDERR  ] 2018-01-24T16:38:10.345962548Z: [    0.000000] Command line: console=ttyS0 console=ttyAMA0
[STDERR  ] 2018-01-24T16:38:10.34597269Z: [    0.000000] x86/fpu: Legacy x87 FPU detected.
[STDERR  ] 2018-01-24T16:38:10.345981993Z: [    0.000000] x86/fpu: Using 'eager' FPU context switches.
[STDERR  ] 2018-01-24T16:38:10.345991471Z: [    0.000000] e820: BIOS-provided physical RAM map:
[STDERR  ] 2018-01-24T16:38:10.346000731Z: [    0.000000] BIOS-e820: [mem 0x0000000000000000-0x000000000009fbff] usable
[STDERR  ] 2018-01-24T16:38:10.346010548Z: [    0.000000] BIOS-e820: [mem 0x000000000009fc00-0x000000000009ffff] reserved
[STDERR  ] 2018-01-24T16:38:10.34602055Z: [    0.000000] BIOS-e820: [mem 0x00000000000f0000-0x00000000000fffff] reserved
[STDERR  ] 2018-01-24T16:38:10.346030233Z: [    0.000000] BIOS-e820: [mem 0x0000000000100000-0x000000003ffdefff] usable
[STDERR  ] 2018-01-24T16:38:10.346039354Z: [    0.000000] BIOS-e820: [mem 0x000000003ffdf000-0x000000003fffffff] reserved
[STDERR  ] 2018-01-24T16:38:10.34604857Z: [    0.000000] BIOS-e820: [mem 0x00000000b0000000-0x00000000bfffffff] reserved
[STDERR  ] 2018-01-24T16:38:10.346057899Z: [    0.000000] BIOS-e820: [mem 0x00000000fed1c000-0x00000000fed1ffff] reserved
[STDERR  ] 2018-01-24T16:38:10.346067236Z: [    0.000000] BIOS-e820: [mem 0x00000000feffc000-0x00000000feffffff] reserved
[STDERR  ] 2018-01-24T16:38:10.346077359Z: [    0.000000] BIOS-e820: [mem 0x00000000fffc0000-0x00000000ffffffff] reserved
[STDERR  ] 2018-01-24T16:38:10.346088259Z: [    0.000000] NX (Execute Disable) protection: active
[STDERR  ] 2018-01-24T16:38:10.346101187Z: [    0.000000] SMBIOS 2.8 present.
[STDERR  ] 2018-01-24T16:38:10.346111526Z: [    0.000000] Hypervisor detected: KVM
[STDERR  ] 2018-01-24T16:38:10.346123945Z: [    0.000000] e820: last_pfn = 0x3ffdf max_arch_pfn = 0x400000000
[STDERR  ] 2018-01-24T16:38:10.346135787Z: [    0.000000] x86/PAT: PAT not supported by CPU.
[STDERR  ] 2018-01-24T16:38:10.346154519Z: [    0.000000] x86/PAT: Configuration [0-7]: WB  WT  UC- UC  WB  WT  UC- UC  
[STDERR  ] 2018-01-24T16:38:10.346171634Z: [    0.000000] found SMP MP-table at [mem 0x000f6aa0-0x000f6aaf] mapped at [ffff895d400f6aa0]
[STDERR  ] 2018-01-24T16:38:10.346186033Z: [    0.000000] RAMDISK: [mem 0x3e401000-0x3ffcffff]
[STDERR  ] 2018-01-24T16:38:10.346196568Z: [    0.000000] ACPI: Early table checksum verification disabled
[STDERR  ] 2018-01-24T16:38:10.346206768Z: [    0.000000] ACPI: RSDP 0x00000000000F68B0 000014 (v00 BOCHS )
[STDERR  ] 2018-01-24T16:38:10.346221059Z: [    0.000000] ACPI: RSDT 0x000000003FFE20A8 000034 (v01 BOCHS  BXPCRSDT 00000001 BXPC 00000001)
[STDERR  ] 2018-01-24T16:38:10.346231605Z: [    0.000000] ACPI: FACP 0x000000003FFE1EC8 0000F4 (v03 BOCHS  BXPCFACP 00000001 BXPC 00000001)
[STDERR  ] 2018-01-24T16:38:10.346241918Z: [    0.000000] ACPI: DSDT 0x000000003FFE0040 001E88 (v01 BOCHS  BXPCDSDT 00000001 BXPC 00000001)
[STDERR  ] 2018-01-24T16:38:10.346252155Z: [    0.000000] ACPI: FACS 0x000000003FFE0000 000040
[STDERR  ] 2018-01-24T16:38:10.346262406Z: [    0.000000] ACPI: APIC 0x000000003FFE1FBC 000078 (v01 BOCHS  BXPCAPIC 00000001 BXPC 00000001)
[STDERR  ] 2018-01-24T16:38:10.346272546Z: [    0.000000] ACPI: HPET 0x000000003FFE2034 000038 (v01 BOCHS  BXPCHPET 00000001 BXPC 00000001)
[STDERR  ] 2018-01-24T16:38:10.346282657Z: [    0.000000] ACPI: MCFG 0x000000003FFE206C 00003C (v01 BOCHS  BXPCMCFG 00000001 BXPC 00000001)
[STDERR  ] 2018-01-24T16:38:10.346292915Z: [    0.000000] kvm-clock: Using msrs 4b564d01 and 4b564d00
[STDERR  ] 2018-01-24T16:38:10.346303178Z: [    0.000000] kvm-clock: cpu 0, msr 0:3ffdd001, primary cpu clock
[STDERR  ] 2018-01-24T16:38:10.346313501Z: [    0.000000] clocksource: kvm-clock: mask: 0xffffffffffffffff max_cycles: 0x1cd42e4dffb, max_idle_ns: 881590591483 ns
[STDERR  ] 2018-01-24T16:38:10.346324621Z: [    0.000000] Zone ranges:
[STDERR  ] 2018-01-24T16:38:10.346334873Z: [    0.000000]   DMA      [mem 0x0000000000001000-0x0000000000ffffff]
[STDERR  ] 2018-01-24T16:38:10.346345473Z: [    0.000000]   DMA32    [mem 0x0000000001000000-0x000000003ffdefff]
[STDERR  ] 2018-01-24T16:38:10.34635643Z: [    0.000000]   Normal   empty
[STDERR  ] 2018-01-24T16:38:10.34636687Z: [    0.000000] Movable zone start for each node
[STDERR  ] 2018-01-24T16:38:10.34637836Z: [    0.000000] Early memory node ranges
[STDERR  ] 2018-01-24T16:38:10.346388521Z: [    0.000000]   node   0: [mem 0x0000000000001000-0x000000000009efff]
[STDERR  ] 2018-01-24T16:38:10.346399146Z: [    0.000000]   node   0: [mem 0x0000000000100000-0x000000003ffdefff]
[STDERR  ] 2018-01-24T16:38:10.346409536Z: [    0.000000] Initmem setup node 0 [mem 0x0000000000001000-0x000000003ffdefff]
[STDERR  ] 2018-01-24T16:38:10.346419718Z: [    0.000000] ACPI: PM-Timer IO Port: 0x608
[STDERR  ] 2018-01-24T16:38:10.346430341Z: [    0.000000] ACPI: LAPIC_NMI (acpi_id[0xff] dfl dfl lint[0x1])
[STDERR  ] 2018-01-24T16:38:10.346445547Z: [    0.000000] IOAPIC[0]: apic_id 0, version 17, address 0xfec00000, GSI 0-23
[STDERR  ] 2018-01-24T16:38:10.346457226Z: [    0.000000] ACPI: INT_SRC_OVR (bus 0 bus_irq 0 global_irq 2 dfl dfl)
[STDERR  ] 2018-01-24T16:38:10.346468338Z: [    0.000000] ACPI: INT_SRC_OVR (bus 0 bus_irq 5 global_irq 5 high level)
[STDERR  ] 2018-01-24T16:38:10.34647908Z: [    0.000000] ACPI: INT_SRC_OVR (bus 0 bus_irq 9 global_irq 9 high level)
[STDERR  ] 2018-01-24T16:38:10.346489889Z: [    0.000000] ACPI: INT_SRC_OVR (bus 0 bus_irq 10 global_irq 10 high level)
[STDERR  ] 2018-01-24T16:38:10.346501052Z: [    0.000000] ACPI: INT_SRC_OVR (bus 0 bus_irq 11 global_irq 11 high level)
[STDERR  ] 2018-01-24T16:38:10.346512166Z: [    0.000000] Using ACPI (MADT) for SMP configuration information
[STDERR  ] 2018-01-24T16:38:10.346522569Z: [    0.000000] ACPI: HPET id: 0x8086a201 base: 0xfed00000
[STDERR  ] 2018-01-24T16:38:10.34653319Z: [    0.000000] smpboot: Allowing 1 CPUs, 0 hotplug CPUs
[STDERR  ] 2018-01-24T16:38:10.346543834Z: [    0.000000] e820: [mem 0x40000000-0xafffffff] available for PCI devices
[STDERR  ] 2018-01-24T16:38:10.346557577Z: [    0.000000] Booting paravirtualized kernel on KVM
[STDERR  ] 2018-01-24T16:38:10.34657429Z: [    0.000000] clocksource: refined-jiffies: mask: 0xffffffff max_cycles: 0xffffffff, max_idle_ns: 19112604462750000 ns
[STDERR  ] 2018-01-24T16:38:10.346588273Z: [    0.000000] setup_percpu: NR_CPUS:128 nr_cpumask_bits:128 nr_cpu_ids:1 nr_node_ids:1
[STDERR  ] 2018-01-24T16:38:10.346599151Z: [    0.000000] percpu: Embedded 36 pages/cpu @ffff895d7e200000 s106904 r8192 d32360 u2097152
[STDERR  ] 2018-01-24T16:38:10.346617631Z: [    0.000000] KVM setup async PF for cpu 0
[STDERR  ] 2018-01-24T16:38:10.3466282Z: [    0.000000] kvm-stealtime: cpu 0, msr 3e20fd80
[STDERR  ] 2018-01-24T16:38:10.346638223Z: [    0.000000] Built 1 zonelists in Zone order, mobility grouping on.  Total pages: 257896
[STDERR  ] 2018-01-24T16:38:10.346648785Z: [    0.000000] Kernel command line: console=ttyS0 console=ttyAMA0
[STDERR  ] 2018-01-24T16:38:10.346659693Z: [    0.000000] PID hash table entries: 4096 (order: 3, 32768 bytes)
[STDERR  ] 2018-01-24T16:38:10.346670495Z: [    0.000000] Dentry cache hash table entries: 131072 (order: 8, 1048576 bytes)
[STDERR  ] 2018-01-24T16:38:10.34668165Z: [    0.000000] Inode-cache hash table entries: 65536 (order: 7, 524288 bytes)
[STDERR  ] 2018-01-24T16:38:10.346695159Z: [    0.000000] Memory: 985644K/1048052K available (8055K kernel code, 1391K rwdata, 2704K rodata, 1400K init, 564K bss, 62408K reserved, 0K cma-reserved)
[STDERR  ] 2018-01-24T16:38:10.346706055Z: [    0.000000] Kernel/User page tables isolation: enabled
[STDERR  ] 2018-01-24T16:38:10.346716263Z: [    0.000000] Hierarchical RCU implementation.
[STDERR  ] 2018-01-24T16:38:10.346726745Z: [    0.000000] 	Build-time adjustment of leaf fanout to 64.
[STDERR  ] 2018-01-24T16:38:10.346736816Z: [    0.000000] 	RCU restricting CPUs from NR_CPUS=128 to nr_cpu_ids=1.
[STDERR  ] 2018-01-24T16:38:10.346746979Z: [    0.000000] RCU: Adjusting geometry for rcu_fanout_leaf=64, nr_cpu_ids=1
[STDERR  ] 2018-01-24T16:38:10.346757834Z: [    0.000000] NR_IRQS:8448 nr_irqs:256 16
[STDERR  ] 2018-01-24T16:38:10.346771514Z: [    0.000000] Console: colour VGA+ 80x25
[STDERR  ] 2018-01-24T16:38:10.346782844Z: [    0.000000] console [ttyS0] enabled
[STDERR  ] 2018-01-24T16:38:10.346793104Z: [    0.000000] clocksource: hpet: mask: 0xffffffff max_cycles: 0xffffffff, max_idle_ns: 19112604467 ns
[STDERR  ] 2018-01-24T16:38:10.34680338Z: [    0.000000] tsc: Detected 2299.996 MHz processor
[STDERR  ] 2018-01-24T16:38:10.346813162Z: [    0.020000] Calibrating delay loop (skipped) preset value.. 4599.99 BogoMIPS (lpj=22999960)
[STDERR  ] 2018-01-24T16:38:10.346823772Z: [    0.022957] pid_max: default: 32768 minimum: 301
[STDERR  ] 2018-01-24T16:38:10.346837155Z: [    0.027743] ACPI: Core revision 20160831
[STDERR  ] 2018-01-24T16:38:10.346847576Z: [    0.030718] ACPI: 1 ACPI AML tables successfully acquired and loaded
[STDERR  ] 2018-01-24T16:38:10.346856398Z: [    0.040098] Security Framework initialized
[STDERR  ] 2018-01-24T16:38:10.346862789Z: [    0.044475] Yama: becoming mindful.
[STDERR  ] 2018-01-24T16:38:10.346868952Z: [    0.048103] Mount-cache hash table entries: 2048 (order: 2, 16384 bytes)
[STDERR  ] 2018-01-24T16:38:10.346875276Z: [    0.050038] Mountpoint-cache hash table entries: 2048 (order: 2, 16384 bytes)
[STDERR  ] 2018-01-24T16:38:10.346883648Z: [    0.060959] CPU: Physical Processor ID: 0
[STDERR  ] 2018-01-24T16:38:10.346889992Z: [    0.065785] Last level iTLB entries: 4KB 0, 2MB 0, 4MB 0
[STDERR  ] 2018-01-24T16:38:10.346896308Z: [    0.070026] Last level dTLB entries: 4KB 0, 2MB 0, 4MB 0, 1GB 0
[STDERR  ] 2018-01-24T16:38:10.346902668Z: [    0.080025] Spectre V2 mitigation: Vulnerable: Minimal generic ASM retpoline
[STDERR  ] 2018-01-24T16:38:10.34690916Z: [    0.208180] Freeing SMP alternatives memory: 20K
[STDERR  ] 2018-01-24T16:38:10.346915503Z: [    0.247422] ftrace: allocating 35561 entries in 139 pages
[STDERR  ] 2018-01-24T16:38:10.346921888Z: [    0.260150] smpboot: Max logical packages: 1
[STDERR  ] 2018-01-24T16:38:10.346928168Z: [    0.273274] x2apic enabled
[STDERR  ] 2018-01-24T16:38:10.34694Z: [    0.278501] Switched APIC routing to physical x2apic.
[STDERR  ] 2018-01-24T16:38:10.346946455Z: [    0.294515] ..TIMER: vector=0x30 apic1=0 pin1=2 apic2=-1 pin2=-1
[STDERR  ] 2018-01-24T16:38:10.3469548Z: [    0.300000] smpboot: CPU0: Intel QEMU Virtual CPU version 2.5+ (family: 0x6, model: 0x6, stepping: 0x3)
[STDERR  ] 2018-01-24T16:38:10.346961691Z: [    0.300009] Performance Events: PMU not available due to virtualization, using software events only.
[STDERR  ] 2018-01-24T16:38:10.346970926Z: [    0.317430] x86: Booted up 1 node, 1 CPUs
[STDERR  ] 2018-01-24T16:38:10.346977368Z: [    0.320007] smpboot: Total of 1 processors activated (4599.99 BogoMIPS)
[STDERR  ] 2018-01-24T16:38:10.346983624Z: [    0.332079] devtmpfs: initialized
[STDERR  ] 2018-01-24T16:38:10.346989913Z: [    0.335755] x86/mm: Memory block size: 128MB
[STDERR  ] 2018-01-24T16:38:10.346996124Z: [    0.343255] clocksource: jiffies: mask: 0xffffffff max_cycles: 0xffffffff, max_idle_ns: 19112604462750000 ns
[STDERR  ] 2018-01-24T16:38:10.347002493Z: [    0.350029] futex hash table entries: 256 (order: 2, 16384 bytes)
[STDERR  ] 2018-01-24T16:38:10.347008784Z: [    0.360238] NET: Registered protocol family 16
[STDERR  ] 2018-01-24T16:38:10.34701512Z: [    0.365150] cpuidle: using governor ladder
[STDERR  ] 2018-01-24T16:38:10.347021463Z: [    0.370011] cpuidle: using governor menu
[STDERR  ] 2018-01-24T16:38:10.347027701Z: [    0.374616] ACPI: bus type PCI registered
[STDERR  ] 2018-01-24T16:38:10.347033884Z: [    0.379396] PCI: MMCONFIG for domain 0000 [bus 00-ff] at [mem 0xb0000000-0xbfffffff] (base 0xb0000000)
[STDERR  ] 2018-01-24T16:38:10.34704232Z: [    0.380014] PCI: MMCONFIG at [mem 0xb0000000-0xbfffffff] reserved in E820
[STDERR  ] 2018-01-24T16:38:10.34704889Z: [    0.390027] PCI: Using configuration type 1 for base access
[STDERR  ] 2018-01-24T16:38:10.347055216Z: [    0.401624] HugeTLB registered 2 MB page size, pre-allocated 0 pages
[STDERR  ] 2018-01-24T16:38:10.347061603Z: [    0.410238] ACPI: Added _OSI(Module Device)
[STDERR  ] 2018-01-24T16:38:10.347067961Z: [    0.414477] ACPI: Added _OSI(Processor Device)
[STDERR  ] 2018-01-24T16:38:10.347076026Z: [    0.418993] ACPI: Added _OSI(3.0 _SCP Extensions)
[STDERR  ] 2018-01-24T16:38:10.347082553Z: [    0.420009] ACPI: Added _OSI(Processor Aggregator Device)
[STDERR  ] 2018-01-24T16:38:10.34708889Z: [    0.434724] ACPI: Interpreter enabled
[STDERR  ] 2018-01-24T16:38:10.347095193Z: [    0.438761] ACPI: (supports S0 S5)
[STDERR  ] 2018-01-24T16:38:10.347101402Z: [    0.440010] ACPI: Using IOAPIC for interrupt routing
[STDERR  ] 2018-01-24T16:38:10.347107719Z: [    0.445828] PCI: Using host bridge windows from ACPI; if necessary, use "pci=nocrs" and report a bug
[STDERR  ] 2018-01-24T16:38:10.347114149Z: [    0.461502] ACPI: PCI Root Bridge [PCI0] (domain 0000 [bus 00-ff])
[STDERR  ] 2018-01-24T16:38:10.347120403Z: [    0.468436] acpi PNP0A08:00: _OSC: OS supports [ExtendedConfig ASPM ClockPM Segments MSI]
[STDERR  ] 2018-01-24T16:38:10.347126767Z: [    0.470188] acpi PNP0A08:00: _OSC: OS now controls [PCIeHotplug PME PCIeCapability]
[STDERR  ] 2018-01-24T16:38:10.347133175Z: [    0.480097] PCI host bridge to bus 0000:00
[STDERR  ] 2018-01-24T16:38:10.347139402Z: [    0.484240] pci_bus 0000:00: root bus resource [io  0x0000-0x0cf7 window]
[STDERR  ] 2018-01-24T16:38:10.347153083Z: [    0.490014] pci_bus 0000:00: root bus resource [io  0x0d00-0xffff window]
[STDERR  ] 2018-01-24T16:38:10.347159763Z: [    0.500014] pci_bus 0000:00: root bus resource [mem 0x000a0000-0x000bffff window]
[STDERR  ] 2018-01-24T16:38:10.34716599Z: [    0.510014] pci_bus 0000:00: root bus resource [mem 0xc0000000-0xfebfffff window]
[STDERR  ] 2018-01-24T16:38:10.347172212Z: [    0.517467] pci_bus 0000:00: root bus resource [bus 00-ff]
[STDERR  ] 2018-01-24T16:38:10.347178446Z: [    0.645947] pci 0000:00:1f.0: quirk: [io  0x0600-0x067f] claimed by ICH6 ACPI/GPIO/TCO
[STDERR  ] 2018-01-24T16:38:10.347184735Z: [    0.710016] ACPI: PCI Interrupt Link [LNKA] (IRQs 5 *10 11)
[STDERR  ] 2018-01-24T16:38:10.347194544Z: [    0.717866] ACPI: PCI Interrupt Link [LNKB] (IRQs 5 *10 11)
[STDERR  ] 2018-01-24T16:38:10.347200827Z: [    0.722167] ACPI: PCI Interrupt Link [LNKC] (IRQs 5 10 *11)
[STDERR  ] 2018-01-24T16:38:10.347207133Z: [    0.732202] ACPI: PCI Interrupt Link [LNKD] (IRQs 5 10 *11)
[STDERR  ] 2018-01-24T16:38:10.347213392Z: [    0.739367] ACPI: PCI Interrupt Link [LNKE] (IRQs 5 *10 11)
[STDERR  ] 2018-01-24T16:38:10.347219552Z: [    0.742190] ACPI: PCI Interrupt Link [LNKF] (IRQs 5 *10 11)
[STDERR  ] 2018-01-24T16:38:10.34723054Z: [    0.752120] ACPI: PCI Interrupt Link [LNKG] (IRQs 5 10 *11)
[STDERR  ] 2018-01-24T16:38:10.347237256Z: [    0.760680] ACPI: PCI Interrupt Link [LNKH] (IRQs 5 10 *11)
[STDERR  ] 2018-01-24T16:38:10.347243498Z: [    0.767587] ACPI: PCI Interrupt Link [GSIA] (IRQs *16)
[STDERR  ] 2018-01-24T16:38:10.347249689Z: [    0.771059] ACPI: PCI Interrupt Link [GSIB] (IRQs *17)
[STDERR  ] 2018-01-24T16:38:10.347255925Z: [    0.777206] ACPI: PCI Interrupt Link [GSIC] (IRQs *18)
[STDERR  ] 2018-01-24T16:38:10.347262175Z: [    0.781083] ACPI: PCI Interrupt Link [GSID] (IRQs *19)
[STDERR  ] 2018-01-24T16:38:10.347268277Z: [    0.791071] ACPI: PCI Interrupt Link [GSIE] (IRQs *20)
[STDERR  ] 2018-01-24T16:38:10.347276517Z: [    0.797353] ACPI: PCI Interrupt Link [GSIF] (IRQs *21)
[STDERR  ] 2018-01-24T16:38:10.347282674Z: [    0.801113] ACPI: PCI Interrupt Link [GSIG] (IRQs *22)
[STDERR  ] 2018-01-24T16:38:10.347288839Z: [    0.810576] ACPI: PCI Interrupt Link [GSIH] (IRQs *23)
[STDERR  ] 2018-01-24T16:38:10.347294938Z: [    0.816735] ACPI: Enabled 1 GPEs in block 00 to 3F
[STDERR  ] 2018-01-24T16:38:10.347301092Z: [    0.820381] SCSI subsystem initialized
[STDERR  ] 2018-01-24T16:38:10.347309257Z: [    0.824639] ACPI: bus type USB registered
[STDERR  ] 2018-01-24T16:38:10.347315435Z: [    0.830051] usbcore: registered new interface driver usbfs
[STDERR  ] 2018-01-24T16:38:10.347323835Z: [    0.835659] usbcore: registered new interface driver hub
[STDERR  ] 2018-01-24T16:38:10.347330105Z: [    0.840039] usbcore: registered new device driver usb
[STDERR  ] 2018-01-24T16:38:10.347336366Z: [    0.845417] pps_core: LinuxPPS API ver. 1 registered
[STDERR  ] 2018-01-24T16:38:10.347342632Z: [    0.850008] pps_core: Software ver. 5.3.6 - Copyright 2005-2007 Rodolfo Giometti <giometti@linux.it>
[STDERR  ] 2018-01-24T16:38:10.347349003Z: [    0.860027] PTP clock support registered
[STDERR  ] 2018-01-24T16:38:10.347355194Z: [    0.864098] PCI: Using ACPI for IRQ routing
[STDERR  ] 2018-01-24T16:38:10.347361483Z: [    1.269759] NetLabel: Initializing
[STDERR  ] 2018-01-24T16:38:10.347367748Z: [    1.270009] NetLabel:  domain hash size = 128
[STDERR  ] 2018-01-24T16:38:10.347373968Z: [    1.274534] NetLabel:  protocols = UNLABELED CIPSOv4
[STDERR  ] 2018-01-24T16:38:10.347380181Z: [    1.280040] NetLabel:  unlabeled traffic allowed by default
[STDERR  ] 2018-01-24T16:38:10.347386452Z: [    1.285875] wmi: Mapper loaded
[STDERR  ] 2018-01-24T16:38:10.347392658Z: [    1.290161] HPET: 3 timers in total, 0 timers will be used for per-cpu timer
[STDERR  ] 2018-01-24T16:38:10.347399041Z: [    1.300140] hpet0: at MMIO 0xfed00000, IRQs 2, 8, 0
[STDERR  ] 2018-01-24T16:38:10.347405243Z: [    1.305897] hpet0: 3 comparators, 64-bit 100.000000 MHz counter
[STDERR  ] 2018-01-24T16:38:10.347411469Z: [    1.312426] clocksource: Switched to clocksource kvm-clock
[STDERR  ] 2018-01-24T16:38:10.347417763Z: [    1.330996] VFS: Disk quotas dquot_6.6.0
[STDERR  ] 2018-01-24T16:38:10.347423977Z: [    1.335342] VFS: Dquot-cache hash table entries: 512 (order 0, 4096 bytes)
[STDERR  ] 2018-01-24T16:38:10.347432228Z: [    1.342929] FS-Cache: Loaded
[STDERR  ] 2018-01-24T16:38:10.347438584Z: [    1.346128] CacheFiles: Loaded
[STDERR  ] 2018-01-24T16:38:10.347444743Z: [    1.349610] pnp: PnP ACPI init
[STDERR  ] 2018-01-24T16:38:10.347451071Z: [    1.354558] pnp: PnP ACPI: found 5 devices
[STDERR  ] 2018-01-24T16:38:10.347457356Z: [    1.365407] clocksource: acpi_pm: mask: 0xffffff max_cycles: 0xffffff, max_idle_ns: 2085701024 ns
[STDERR  ] 2018-01-24T16:38:10.347466833Z: [    1.374530] NET: Registered protocol family 2
[STDERR  ] 2018-01-24T16:38:10.347473348Z: [    1.379325] TCP established hash table entries: 8192 (order: 4, 65536 bytes)
[STDERR  ] 2018-01-24T16:38:10.347479656Z: [    1.386532] TCP bind hash table entries: 8192 (order: 5, 131072 bytes)
[STDERR  ] 2018-01-24T16:38:10.347485885Z: [    1.393187] TCP: Hash tables configured (established 8192 bind 8192)
[STDERR  ] 2018-01-24T16:38:10.347492123Z: [    1.401226] UDP hash table entries: 512 (order: 2, 16384 bytes)
[STDERR  ] 2018-01-24T16:38:10.347501074Z: [    1.407219] UDP-Lite hash table entries: 512 (order: 2, 16384 bytes)
[STDERR  ] 2018-01-24T16:38:10.347507391Z: [    1.413874] NET: Registered protocol family 1
[STDERR  ] 2018-01-24T16:38:10.347513573Z: [    1.418631] pci 0000:00:01.0: Video device with shadowed ROM at [mem 0x000c0000-0x000dffff]
[STDERR  ] 2018-01-24T16:38:10.347519862Z: [    1.427477] Unpacking initramfs...
[STDERR  ] 2018-01-24T16:38:10.347526143Z: [    1.887288] Freeing initrd memory: 28476K
[STDERR  ] 2018-01-24T16:38:10.347532351Z: [    1.892739] PCLMULQDQ-NI instructions are not detected.
[STDERR  ] 2018-01-24T16:38:10.3475405Z: [    1.898198] AVX or AES-NI instructions are not detected.
[STDERR  ] 2018-01-24T16:38:10.347546778Z: [    1.903800] CPU feature 'AVX registers' is not supported.
[STDERR  ] 2018-01-24T16:38:10.347555038Z: [    1.909417] CPU feature 'AVX registers' is not supported.
[STDERR  ] 2018-01-24T16:38:10.347561318Z: [    1.915151] CPU feature 'AVX registers' is not supported.
[STDERR  ] 2018-01-24T16:38:10.347567465Z: [    1.920903] CPU feature 'AVX registers' is not supported.
[STDERR  ] 2018-01-24T16:38:10.347573631Z: [    1.926629] AVX2 or AES-NI instructions are not detected.
[STDERR  ] 2018-01-24T16:38:10.347579771Z: [    1.932250] AVX2 instructions are not detected.
[STDERR  ] 2018-01-24T16:38:10.347585925Z: [    1.937171] audit: initializing netlink subsys (disabled)
[STDERR  ] 2018-01-24T16:38:10.347592137Z: [    1.942985] audit: type=2000 audit(1516811877.243:1): initialized
[STDERR  ] 2018-01-24T16:38:10.3475984Z: [    1.949767] workingset: timestamp_bits=46 max_order=18 bucket_order=0
[STDERR  ] 2018-01-24T16:38:10.347604776Z: [    1.956766] squashfs: version 4.0 (2009/01/31) Phillip Lougher
[STDERR  ] 2018-01-24T16:38:10.347611033Z: [    1.963154] FS-Cache: Netfs 'cifs' registered for caching
[STDERR  ] 2018-01-24T16:38:10.347617353Z: [    1.968868] fuse init (API version 7.26)
[STDERR  ] 2018-01-24T16:38:10.347623561Z: [    1.973251] SGI XFS with ACLs, security attributes, no debug enabled
[STDERR  ] 2018-01-24T16:38:10.347629863Z: [    1.980299] 9p: Installing v9fs 9p2000 file system support
[STDERR  ] 2018-01-24T16:38:10.347636055Z: [    1.986069] FS-Cache: Netfs '9p' registered for caching
[STDERR  ] 2018-01-24T16:38:10.347642261Z: [    1.993076] NET: Registered protocol family 38
[STDERR  ] 2018-01-24T16:38:10.347651782Z: [    1.997713] Key type asymmetric registered
[STDERR  ] 2018-01-24T16:38:10.34766273Z: [    2.002266] Asymmetric key parser 'x509' registered
[STDERR  ] 2018-01-24T16:38:10.347673722Z: [    2.007406] Block layer SCSI generic (bsg) driver version 0.4 loaded (major 251)
[STDERR  ] 2018-01-24T16:38:10.347680468Z: [    2.015304] io scheduler noop registered
[STDERR  ] 2018-01-24T16:38:10.347688483Z: [    2.019450] io scheduler deadline registered (default)
[STDERR  ] 2018-01-24T16:38:10.347695124Z: [    2.025063] io scheduler cfq registered
[STDERR  ] 2018-01-24T16:38:10.347701373Z: [    2.029565] pci_hotplug: PCI Hot Plug PCI Core version: 0.5
[STDERR  ] 2018-01-24T16:38:10.347707766Z: [    2.036056] pciehp: PCI Express Hot Plug Controller Driver version: 0.4
[STDERR  ] 2018-01-24T16:38:10.347714159Z: [    2.043286] shpchp: Standard Hot Plug PCI Controller Driver version: 0.4
[STDERR  ] 2018-01-24T16:38:10.347720503Z: [    2.050472] hv_vmbus: registering driver hyperv_fb
[STDERR  ] 2018-01-24T16:38:10.347726773Z: [    2.055685] input: Power Button as /devices/LNXSYSTM:00/LNXPWRBN:00/input/input0
[STDERR  ] 2018-01-24T16:38:10.347737724Z: [    2.063677] ACPI: Power Button [PWRF]
[STDERR  ] 2018-01-24T16:38:10.347744185Z: [    2.068266] GHES: HEST is not enabled!
[STDERR  ] 2018-01-24T16:38:10.347750522Z: [    2.073230] ACPI: PCI Interrupt Link [GSIG] enabled at IRQ 22
[STDERR  ] 2018-01-24T16:38:10.347759081Z: [    2.087265] ACPI: PCI Interrupt Link [GSIH] enabled at IRQ 23
[STDERR  ] 2018-01-24T16:38:10.347765472Z: [    2.099261] xenfs: not registering filesystem on non-xen platform
[STDERR  ] 2018-01-24T16:38:10.347774508Z: [    2.105584] Serial: 8250/16550 driver, 4 ports, IRQ sharing disabled
[STDERR  ] 2018-01-24T16:38:10.34778101Z: [    2.146487] 00:04: ttyS0 at I/O 0x3f8 (irq = 4, base_baud = 115200) is a 16550A
[STDERR  ] 2018-01-24T16:38:10.347787419Z: [    2.155338] Non-volatile memory driver v1.3
[STDERR  ] 2018-01-24T16:38:10.347795563Z: [    2.161617] Hangcheck: starting hangcheck timer 0.9.1 (tick is 180 seconds, margin is 60 seconds).
[STDERR  ] 2018-01-24T16:38:10.347802176Z: [    2.172024] random: fast init done
[STDERR  ] 2018-01-24T16:38:10.347808616Z: [    2.176209] random: crng init done
[STDERR  ] 2018-01-24T16:38:10.347814822Z: [    2.181784] loop: module loaded
[STDERR  ] 2018-01-24T16:38:10.347823131Z: [    2.186087] nbd: registered device at major 43
[STDERR  ] 2018-01-24T16:38:10.347829502Z: [    2.192582] lpc_ich 0000:00:1f.0: I/O space for GPIO uninitialized
[STDERR  ] 2018-01-24T16:38:10.347835936Z: [    2.199564] VMware PVSCSI driver - version 1.0.7.0-k
[STDERR  ] 2018-01-24T16:38:10.347844124Z: [    2.205081] hv_vmbus: registering driver hv_storvsc
[STDERR  ] 2018-01-24T16:38:10.347850676Z: [    2.210801] ACPI: PCI Interrupt Link [GSIA] enabled at IRQ 16
[STDERR  ] 2018-01-24T16:38:10.347856976Z: [    2.220244] ahci 0000:00:1f.2: AHCI 0001.0000 32 slots 6 ports 1.5 Gbps 0x3f impl SATA mode
[STDERR  ] 2018-01-24T16:38:10.347863502Z: [    2.229363] ahci 0000:00:1f.2: flags: 64bit ncq only 
[STDERR  ] 2018-01-24T16:38:10.347869776Z: [    2.238529] scsi host0: ahci
[STDERR  ] 2018-01-24T16:38:10.347876116Z: [    2.241954] scsi host1: ahci
[STDERR  ] 2018-01-24T16:38:10.347882465Z: [    2.245427] scsi host2: ahci
[STDERR  ] 2018-01-24T16:38:10.347888765Z: [    2.248678] scsi host3: ahci
[STDERR  ] 2018-01-24T16:38:10.34789504Z: [    2.252025] scsi host4: ahci
[STDERR  ] 2018-01-24T16:38:10.347901296Z: [    2.255362] scsi host5: ahci
[STDERR  ] 2018-01-24T16:38:10.347907576Z: [    2.258618] ata1: SATA max UDMA/133 abar m4096@0xfebd2000 port 0xfebd2100 irq 24
[STDERR  ] 2018-01-24T16:38:10.347914076Z: [    2.266528] ata2: SATA max UDMA/133 abar m4096@0xfebd2000 port 0xfebd2180 irq 24
[STDERR  ] 2018-01-24T16:38:10.347920476Z: [    2.274675] ata3: SATA max UDMA/133 abar m4096@0xfebd2000 port 0xfebd2200 irq 24
[STDERR  ] 2018-01-24T16:38:10.347928807Z: [    2.282832] ata4: SATA max UDMA/133 abar m4096@0xfebd2000 port 0xfebd2280 irq 24
[STDERR  ] 2018-01-24T16:38:10.347935069Z: [    2.290318] ata5: SATA max UDMA/133 abar m4096@0xfebd2000 port 0xfebd2300 irq 24
[STDERR  ] 2018-01-24T16:38:10.347941334Z: [    2.298337] ata6: SATA max UDMA/133 abar m4096@0xfebd2000 port 0xfebd2380 irq 24
[STDERR  ] 2018-01-24T16:38:10.347947616Z: [    2.308515] tun: Universal TUN/TAP device driver, 1.6
[STDERR  ] 2018-01-24T16:38:10.347953993Z: [    2.313682] tun: (C) 1999-2004 Max Krasnyansky <maxk@qualcomm.com>
[STDERR  ] 2018-01-24T16:38:10.347960338Z: [    2.324445] VMware vmxnet3 virtual NIC driver - version 1.4.a.0-k-NAPI
[STDERR  ] 2018-01-24T16:38:10.347966727Z: [    2.331672] hv_vmbus: registering driver hv_netvsc
[STDERR  ] 2018-01-24T16:38:10.347973102Z: [    2.336558] Fusion MPT base driver 3.04.20
[STDERR  ] 2018-01-24T16:38:10.347979439Z: [    2.340940] Copyright (c) 1999-2008 LSI Corporation
[STDERR  ] 2018-01-24T16:38:10.347985688Z: [    2.345804] Fusion MPT SPI Host driver 3.04.20
[STDERR  ] 2018-01-24T16:38:10.347991984Z: [    2.350481] i8042: PNP: PS/2 Controller [PNP0303:KBD,PNP0f13:MOU] at 0x60,0x64 irq 1,12
[STDERR  ] 2018-01-24T16:38:10.347998461Z: [    2.361965] serio: i8042 KBD port at 0x60,0x64 irq 1
[STDERR  ] 2018-01-24T16:38:10.348008028Z: [    2.367093] serio: i8042 AUX port at 0x60,0x64 irq 12
[STDERR  ] 2018-01-24T16:38:10.348014341Z: [    2.372639] hv_vmbus: registering driver hyperv_keyboard
[STDERR  ] 2018-01-24T16:38:10.348020755Z: [    2.378472] mousedev: PS/2 mouse device common for all mice
[STDERR  ] 2018-01-24T16:38:10.348027119Z: [    2.385590] input: AT Translated Set 2 keyboard as /devices/platform/i8042/serio0/input/input1
[STDERR  ] 2018-01-24T16:38:10.348036028Z: [    2.394420] input: PC Speaker as /devices/platform/pcspkr/input/input2
[STDERR  ] 2018-01-24T16:38:10.34804251Z: [    2.401388] rtc_cmos 00:00: RTC can wake from S4
[STDERR  ] 2018-01-24T16:38:10.348048919Z: [    2.408230] rtc_cmos 00:00: rtc core: registered rtc_cmos as rtc0
[STDERR  ] 2018-01-24T16:38:10.348055183Z: [    2.415385] rtc_cmos 00:00: alarms up to one day, y3k, 114 bytes nvram, hpet irqs
[STDERR  ] 2018-01-24T16:38:10.348062097Z: [    2.422939] i2c /dev entries driver
[STDERR  ] 2018-01-24T16:38:10.348068479Z: [    2.426603] device-mapper: ioctl: 4.35.0-ioctl (2016-06-23) initialised: dm-devel@redhat.com
[STDERR  ] 2018-01-24T16:38:10.348074963Z: [    2.435928] usbcore: registered new interface driver usbhid
[STDERR  ] 2018-01-24T16:38:10.348081246Z: [    2.442123] usbhid: USB HID core driver
[STDERR  ] 2018-01-24T16:38:10.348087623Z: [    2.446332] hv_utils: Registering HyperV Utility Driver
[STDERR  ] 2018-01-24T16:38:10.348093901Z: [    2.451929] hv_vmbus: registering driver hv_util
[STDERR  ] 2018-01-24T16:38:10.34810021Z: [    2.457034] hv_vmbus: registering driver hv_balloon
[STDERR  ] 2018-01-24T16:38:10.348106535Z: [    2.462310] oprofile: using NMI interrupt.
[STDERR  ] 2018-01-24T16:38:10.348112761Z: [    2.466879] GACT probability on
[STDERR  ] 2018-01-24T16:38:10.34811911Z: [    2.470192] Mirror/redirect action on
[STDERR  ] 2018-01-24T16:38:10.348125541Z: [    2.473951] Simple TC action Loaded
[STDERR  ] 2018-01-24T16:38:10.348131821Z: [    2.477514] u32 classifier
[STDERR  ] 2018-01-24T16:38:10.348139599Z: [    2.480741]     Performance counters on
[STDERR  ] 2018-01-24T16:38:10.348151624Z: [    2.484694]     input device check on
[STDERR  ] 2018-01-24T16:38:10.348158222Z: [    2.488428]     Actions configured
[STDERR  ] 2018-01-24T16:38:10.348164445Z: [    2.492019] Netfilter messages via NETLINK v0.30.
[STDERR  ] 2018-01-24T16:38:10.348170776Z: [    2.496783] nfnl_acct: registering with nfnetlink.
[STDERR  ] 2018-01-24T16:38:10.348177049Z: [    2.501804] nf_conntrack version 0.5.0 (8192 buckets, 32768 max)
[STDERR  ] 2018-01-24T16:38:10.348183423Z: [    2.507937] ctnetlink v0.93: registering with nfnetlink.
[STDERR  ] 2018-01-24T16:38:10.348191752Z: [    2.513458] nf_tables: (c) 2007-2009 Patrick McHardy <kaber@trash.net>
[STDERR  ] 2018-01-24T16:38:10.34819818Z: [    2.520445] nf_tables_compat: (c) 2012 Pablo Neira Ayuso <pablo@netfilter.org>
[STDERR  ] 2018-01-24T16:38:10.34820458Z: [    2.527983] xt_time: kernel timezone is -0000
[STDERR  ] 2018-01-24T16:38:10.34821098Z: [    2.532624] ip_set: protocol 6
[STDERR  ] 2018-01-24T16:38:10.348217336Z: [    2.535947] IPVS: Registered protocols (TCP, UDP, SCTP, AH, ESP)
[STDERR  ] 2018-01-24T16:38:10.34822596Z: [    2.542381] IPVS: Connection hash table configured (size=4096, memory=64Kbytes)
[STDERR  ] 2018-01-24T16:38:10.348232311Z: [    2.550643] IPVS: Creating netns size=2104 id=0
[STDERR  ] 2018-01-24T16:38:10.348240523Z: [    2.556610] IPVS: ipvs loaded.
[STDERR  ] 2018-01-24T16:38:10.348247043Z: [    2.559830] IPVS: [rr] scheduler registered.
[STDERR  ] 2018-01-24T16:38:10.348255471Z: [    2.564636] IPVS: [wrr] scheduler registered.
[STDERR  ] 2018-01-24T16:38:10.348265394Z: [    2.569007] IPVS: [lc] scheduler registered.
[STDERR  ] 2018-01-24T16:38:10.348275745Z: [    2.573723] IPVS: [wlc] scheduler registered.
[STDERR  ] 2018-01-24T16:38:10.34828714Z: [    2.578128] IPVS: [fo] scheduler registered.
[STDERR  ] 2018-01-24T16:38:10.348297917Z: [    2.582761] IPVS: [ovf] scheduler registered.
[STDERR  ] 2018-01-24T16:38:10.34830716Z: [    2.587206] IPVS: [lblc] scheduler registered.
[STDERR  ] 2018-01-24T16:38:10.348320511Z: [    2.592251] IPVS: [lblcr] scheduler registered.
[STDERR  ] 2018-01-24T16:38:10.348327123Z: [    2.597006] IPVS: [dh] scheduler registered.
[STDERR  ] 2018-01-24T16:38:10.348333337Z: [    2.601874] IPVS: [sh] scheduler registered.
[STDERR  ] 2018-01-24T16:38:10.348339571Z: [    2.606345] IPVS: [sed] scheduler registered.
[STDERR  ] 2018-01-24T16:38:10.348345876Z: [    2.611306] IPVS: [nq] scheduler registered.
[STDERR  ] 2018-01-24T16:38:10.348354933Z: [    2.615630] IPVS: ftp: loaded support on port[0] = 21
[STDERR  ] 2018-01-24T16:38:10.348361353Z: [    2.621067] ipip: IPv4 and MPLS over IPv4 tunneling driver
[STDERR  ] 2018-01-24T16:38:10.348367517Z: [    2.627044] gre: GRE over IPv4 demultiplexor driver
[STDERR  ] 2018-01-24T16:38:10.348373777Z: [    2.632740] ata4: SATA link down (SStatus 0 SControl 300)
[STDERR  ] 2018-01-24T16:38:10.348382456Z: [    2.639091] ata3: SATA link up 1.5 Gbps (SStatus 113 SControl 300)
[STDERR  ] 2018-01-24T16:38:10.348388839Z: [    2.646462] ata2: SATA link down (SStatus 0 SControl 300)
[STDERR  ] 2018-01-24T16:38:10.348395057Z: [    2.652860] ata1: SATA link down (SStatus 0 SControl 300)
[STDERR  ] 2018-01-24T16:38:10.348401228Z: [    2.659047] ata6: SATA link down (SStatus 0 SControl 300)
[STDERR  ] 2018-01-24T16:38:10.348407479Z: [    2.665402] ata5: SATA link down (SStatus 0 SControl 300)
[STDERR  ] 2018-01-24T16:38:10.348413676Z: [    2.671555] ip_tables: (C) 2000-2006 Netfilter Core Team
[STDERR  ] 2018-01-24T16:38:10.34842223Z: [    2.677140] ipt_CLUSTERIP: ClusterIP Version 0.8 loaded successfully
[STDERR  ] 2018-01-24T16:38:10.348428696Z: [    2.683640] ata3.00: ATAPI: QEMU DVD-ROM, 2.5+, max UDMA/100
[STDERR  ] 2018-01-24T16:38:10.348435046Z: [    2.689297] ata3.00: applying bridge limits
[STDERR  ] 2018-01-24T16:38:10.348441262Z: [    2.694059] arp_tables: arp_tables: (C) 2002 David S. Miller
[STDERR  ] 2018-01-24T16:38:10.348447473Z: [    2.699933] NET: Registered protocol family 10
[STDERR  ] 2018-01-24T16:38:10.348453646Z: [    2.704848] ata3.00: configured for UDMA/100
[STDERR  ] 2018-01-24T16:38:10.348459791Z: [    2.710410] scsi 2:0:0:0: CD-ROM            QEMU     QEMU DVD-ROM     2.5+ PQ: 0 ANSI: 5
[STDERR  ] 2018-01-24T16:38:10.348466091Z: [    2.720589] ip6_tables: (C) 2000-2006 Netfilter Core Team
[STDERR  ] 2018-01-24T16:38:10.348472247Z: [    2.727356] NET: Registered protocol family 17
[STDERR  ] 2018-01-24T16:38:10.348478502Z: [    2.732789] Bridge firewalling registered
[STDERR  ] 2018-01-24T16:38:10.348484682Z: [    2.737343] Ebtables v2.0 registered
[STDERR  ] 2018-01-24T16:38:10.348490859Z: [    2.741775] 8021q: 802.1Q VLAN Support v1.8
[STDERR  ] 2018-01-24T16:38:10.348497002Z: [    2.746330] 9pnet: Installing 9P2000 support
[STDERR  ] 2018-01-24T16:38:10.348503181Z: [    2.751863] sr 2:0:0:0: [sr0] scsi3-mmc drive: 4x/4x cd/rw xa/form2 tray
[STDERR  ] 2018-01-24T16:38:10.348509359Z: [    2.759323] cdrom: Uniform CD-ROM driver Revision: 3.20
[STDERR  ] 2018-01-24T16:38:10.348515433Z: [    2.765235] Key type dns_resolver registered
[STDERR  ] 2018-01-24T16:38:10.348523395Z: [    2.770303] microcode: sig=0x663, pf=0x1, revision=0x1
[STDERR  ] 2018-01-24T16:38:10.348529833Z: [    2.775819] microcode: Microcode Update Driver: v2.01 <tigran@aivazian.fsnet.co.uk>, Peter Oruba
[STDERR  ] 2018-01-24T16:38:10.348536209Z: [    2.785609] sr 2:0:0:0: Attached scsi generic sg0 type 5
[STDERR  ] 2018-01-24T16:38:10.34854247Z: [    2.791709] registered taskstats version 1
[STDERR  ] 2018-01-24T16:38:10.34854875Z: [    2.801923] Key type big_key registered
[STDERR  ] 2018-01-24T16:38:10.348554927Z: [    2.811536] Key type encrypted registered
[STDERR  ] 2018-01-24T16:38:10.348561196Z: [    2.817541] rtc_cmos 00:00: setting system clock to 2018-01-24 16:37:59 UTC (1516811879)
[STDERR  ] 2018-01-24T16:38:10.348569529Z: [    2.828962] Freeing unused kernel memory: 1400K
[STDERR  ] 2018-01-24T16:38:10.348575743Z: [    2.834131] Write protecting the kernel read-only data: 12288k
[STDERR  ] 2018-01-24T16:38:10.348585318Z: [    2.840846] Freeing unused kernel memory: 124K
[STDERR  ] 2018-01-24T16:38:10.348591658Z: [    2.849787] Freeing unused kernel memory: 1392K
[STDERR  ] 2018-01-24T16:38:10.348597838Z: 
[STDERR  ] 2018-01-24T16:38:10.348604136Z: Welcome to LinuxKit
[STDERR  ] 2018-01-24T16:38:10.348610336Z: 
[STDERR  ] 2018-01-24T16:38:10.348616713Z:                         ##         .
[STDERR  ] 2018-01-24T16:38:10.348623096Z:                   ## ## ##        ==
[STDERR  ] 2018-01-24T16:38:10.34863214Z:                ## ## ## ## ##    ===
[STDERR  ] 2018-01-24T16:38:10.348638503Z:            /"""""""""""""""""\___/ ===
[STDERR  ] 2018-01-24T16:38:10.348648733Z:           {                       /  ===-
[STDERR  ] 2018-01-24T16:38:10.348660506Z:            \______ O           __/
[STDERR  ] 2018-01-24T16:38:10.34867121Z:              \    \         __/
[STDERR  ] 2018-01-24T16:38:10.348677769Z:               \____\_______/
[STDERR  ] 2018-01-24T16:38:10.348684063Z: 
[STDERR  ] 2018-01-24T16:38:10.348690508Z: [    3.188438] IPVS: Creating netns size=2104 id=1
[STDERR  ] 2018-01-24T16:38:10.348696772Z: [    3.193618] IPVS: ftp: loaded support on port[0] = 21
[STDERR  ] 2018-01-24T16:38:10.348705292Z: binfmt test suite PASSED
[STDERR  ] 2018-01-24T16:38:10.348711891Z: [   13.352325] ACPI: Preparing to enter system sleep state S5
[STDERR  ] 2018-01-24T16:38:10.348720095Z: [   13.359202] reboot: Power down
[STDERR  ] 2018-01-24T16:38:10.348726388Z: + grep -q suite PASSED
[STDERR  ] 2018-01-24T16:38:10.348732768Z: + echo [    0.000000] Linux version 4.9.78-linuxkit (root@9ac57ca26f22) (gcc version 6.4.0 (Alpine 6.4.0) ) #1 SMP Wed Jan 24 12:49:16 UTC 2018
[STDERR  ] 2018-01-24T16:38:10.348739697Z: [    0.000000] Command line: console=ttyS0 console=ttyAMA0
[STDERR  ] 2018-01-24T16:38:10.348746019Z: [    0.000000] x86/fpu: Legacy x87 FPU detected.
[STDERR  ] 2018-01-24T16:38:10.348752261Z: [    0.000000] x86/fpu: Using 'eager' FPU context switches.
[STDERR  ] 2018-01-24T16:38:10.348758455Z: [    0.000000] e820: BIOS-provided physical RAM map:
[STDERR  ] 2018-01-24T16:38:10.348764768Z: [    0.000000] BIOS-e820: [mem 0x0000000000000000-0x000000000009fbff] usable
[STDERR  ] 2018-01-24T16:38:10.348771101Z: [    0.000000] BIOS-e820: [mem 0x000000000009fc00-0x000000000009ffff] reserved
[STDERR  ] 2018-01-24T16:38:10.348777432Z: [    0.000000] BIOS-e820: [mem 0x00000000000f0000-0x00000000000fffff] reserved
[STDERR  ] 2018-01-24T16:38:10.348785574Z: [    0.000000] BIOS-e820: [mem 0x0000000000100000-0x000000003ffdefff] usable
[STDERR  ] 2018-01-24T16:38:10.348791806Z: [    0.000000] BIOS-e820: [mem 0x000000003ffdf000-0x000000003fffffff] reserved
[STDERR  ] 2018-01-24T16:38:10.348798017Z: [    0.000000] BIOS-e820: [mem 0x00000000b0000000-0x00000000bfffffff] reserved
[STDERR  ] 2018-01-24T16:38:10.348804257Z: [    0.000000] BIOS-e820: [mem 0x00000000fed1c000-0x00000000fed1ffff] reserved
[STDERR  ] 2018-01-24T16:38:10.348810539Z: [    0.000000] BIOS-e820: [mem 0x00000000feffc000-0x00000000feffffff] reserved
[STDERR  ] 2018-01-24T16:38:10.348816777Z: [    0.000000] BIOS-e820: [mem 0x00000000fffc0000-0x00000000ffffffff] reserved
[STDERR  ] 2018-01-24T16:38:10.348822977Z: [    0.000000] NX (Execute Disable) protection: active
[STDERR  ] 2018-01-24T16:38:10.348829344Z: [    0.000000] SMBIOS 2.8 present.
[STDERR  ] 2018-01-24T16:38:10.34883779Z: [    0.000000] Hypervisor detected: KVM
[STDERR  ] 2018-01-24T16:38:10.348844145Z: [    0.000000] e820: last_pfn = 0x3ffdf max_arch_pfn = 0x400000000
[STDERR  ] 2018-01-24T16:38:10.348850615Z: [    0.000000] x86/PAT: PAT not supported by CPU.
[STDERR  ] 2018-01-24T16:38:10.348856915Z: [    0.000000] x86/PAT: Configuration [0-7]: WB  WT  UC- UC  WB  WT  UC- UC  
[STDERR  ] 2018-01-24T16:38:10.348863244Z: [    0.000000] found SMP MP-table at [mem 0x000f6aa0-0x000f6aaf] mapped at [ffff895d400f6aa0]
[STDERR  ] 2018-01-24T16:38:10.348869656Z: [    0.000000] RAMDISK: [mem 0x3e401000-0x3ffcffff]
[STDERR  ] 2018-01-24T16:38:10.34887597Z: [    0.000000] ACPI: Early table checksum verification disabled
[STDERR  ] 2018-01-24T16:38:10.348885756Z: [    0.000000] ACPI: RSDP 0x00000000000F68B0 000014 (v00 BOCHS )
[STDERR  ] 2018-01-24T16:38:10.348892104Z: [    0.000000] ACPI: RSDT 0x000000003FFE20A8 000034 (v01 BOCHS  BXPCRSDT 00000001 BXPC 00000001)
[STDERR  ] 2018-01-24T16:38:10.348898409Z: [    0.000000] ACPI: FACP 0x000000003FFE1EC8 0000F4 (v03 BOCHS  BXPCFACP 00000001 BXPC 00000001)
[STDERR  ] 2018-01-24T16:38:10.348904624Z: [    0.000000] ACPI: DSDT 0x000000003FFE0040 001E88 (v01 BOCHS  BXPCDSDT 00000001 BXPC 00000001)
[STDERR  ] 2018-01-24T16:38:10.34891346Z: [    0.000000] ACPI: FACS 0x000000003FFE0000 000040
[STDERR  ] 2018-01-24T16:38:10.348919933Z: [    0.000000] ACPI: APIC 0x000000003FFE1FBC 000078 (v01 BOCHS  BXPCAPIC 00000001 BXPC 00000001)
[STDERR  ] 2018-01-24T16:38:10.348926185Z: [    0.000000] ACPI: HPET 0x000000003FFE2034 000038 (v01 BOCHS  BXPCHPET 00000001 BXPC 00000001)
[STDERR  ] 2018-01-24T16:38:10.348932347Z: [    0.000000] ACPI: MCFG 0x000000003FFE206C 00003C (v01 BOCHS  BXPCMCFG 00000001 BXPC 00000001)
[STDERR  ] 2018-01-24T16:38:10.348938611Z: [    0.000000] kvm-clock: Using msrs 4b564d01 and 4b564d00
[STDERR  ] 2018-01-24T16:38:10.348944816Z: [    0.000000] kvm-clock: cpu 0, msr 0:3ffdd001, primary cpu clock
[STDERR  ] 2018-01-24T16:38:10.34895103Z: [    0.000000] clocksource: kvm-clock: mask: 0xffffffffffffffff max_cycles: 0x1cd42e4dffb, max_idle_ns: 881590591483 ns
[STDERR  ] 2018-01-24T16:38:10.34895751Z: [    0.000000] Zone ranges:
[STDERR  ] 2018-01-24T16:38:10.348963741Z: [    0.000000]   DMA      [mem 0x0000000000001000-0x0000000000ffffff]
[STDERR  ] 2018-01-24T16:38:10.348969923Z: [    0.000000]   DMA32    [mem 0x0000000001000000-0x000000003ffdefff]
[STDERR  ] 2018-01-24T16:38:10.348976064Z: [    0.000000]   Normal   empty
[STDERR  ] 2018-01-24T16:38:10.348982183Z: [    0.000000] Movable zone start for each node
[STDERR  ] 2018-01-24T16:38:10.348988374Z: [    0.000000] Early memory node ranges
[STDERR  ] 2018-01-24T16:38:10.348994634Z: [    0.000000]   node   0: [mem 0x0000000000001000-0x000000000009efff]
[STDERR  ] 2018-01-24T16:38:10.3490008Z: [    0.000000]   node   0: [mem 0x0000000000100000-0x000000003ffdefff]
[STDERR  ] 2018-01-24T16:38:10.349007027Z: [    0.000000] Initmem setup node 0 [mem 0x0000000000001000-0x000000003ffdefff]
[STDERR  ] 2018-01-24T16:38:10.349013329Z: [    0.000000] ACPI: PM-Timer IO Port: 0x608
[STDERR  ] 2018-01-24T16:38:10.349019606Z: [    0.000000] ACPI: LAPIC_NMI (acpi_id[0xff] dfl dfl lint[0x1])
[STDERR  ] 2018-01-24T16:38:10.349025883Z: [    0.000000] IOAPIC[0]: apic_id 0, version 17, address 0xfec00000, GSI 0-23
[STDERR  ] 2018-01-24T16:38:10.349032198Z: [    0.000000] ACPI: INT_SRC_OVR (bus 0 bus_irq 0 global_irq 2 dfl dfl)
[STDERR  ] 2018-01-24T16:38:10.349038386Z: [    0.000000] ACPI: INT_SRC_OVR (bus 0 bus_irq 5 global_irq 5 high level)
[STDERR  ] 2018-01-24T16:38:10.34904455Z: [    0.000000] ACPI: INT_SRC_OVR (bus 0 bus_irq 9 global_irq 9 high level)
[STDERR  ] 2018-01-24T16:38:10.349052379Z: [    0.000000] ACPI: INT_SRC_OVR (bus 0 bus_irq 10 global_irq 10 high level)
[STDERR  ] 2018-01-24T16:38:10.349058752Z: [    0.000000] ACPI: INT_SRC_OVR (bus 0 bus_irq 11 global_irq 11 high level)
[STDERR  ] 2018-01-24T16:38:10.349064993Z: [    0.000000] Using ACPI (MADT) for SMP configuration information
[STDERR  ] 2018-01-24T16:38:10.349071256Z: [    0.000000] ACPI: HPET id: 0x8086a201 base: 0xfed00000
[STDERR  ] 2018-01-24T16:38:10.349079449Z: [    0.000000] smpboot: Allowing 1 CPUs, 0 hotplug CPUs
[STDERR  ] 2018-01-24T16:38:10.34908582Z: [    0.000000] e820: [mem 0x40000000-0xafffffff] available for PCI devices
[STDERR  ] 2018-01-24T16:38:10.349093525Z: [    0.000000] Booting paravirtualized kernel on KVM
[STDERR  ] 2018-01-24T16:38:10.34910014Z: [    0.000000] clocksource: refined-jiffies: mask: 0xffffffff max_cycles: 0xffffffff, max_idle_ns: 19112604462750000 ns
[STDERR  ] 2018-01-24T16:38:10.349108265Z: [    0.000000] setup_percpu: NR_CPUS:128 nr_cpumask_bits:128 nr_cpu_ids:1 nr_node_ids:1
[STDERR  ] 2018-01-24T16:38:10.349114792Z: [    0.000000] percpu: Embedded 36 pages/cpu @ffff895d7e200000 s106904 r8192 d32360 u2097152
[STDERR  ] 2018-01-24T16:38:10.349124535Z: [    0.000000] KVM setup async PF for cpu 0
[STDERR  ] 2018-01-24T16:38:10.349130849Z: [    0.000000] kvm-stealtime: cpu 0, msr 3e20fd80
[STDERR  ] 2018-01-24T16:38:10.349137186Z: [    0.000000] Built 1 zonelists in Zone order, mobility grouping on.  Total pages: 257896
[STDERR  ] 2018-01-24T16:38:10.349143483Z: [    0.000000] Kernel command line: console=ttyS0 console=ttyAMA0
[STDERR  ] 2018-01-24T16:38:10.349159476Z: [    0.000000] PID hash table entries: 4096 (order: 3, 32768 bytes)
[STDERR  ] 2018-01-24T16:38:10.34916603Z: [    0.000000] Dentry cache hash table entries: 131072 (order: 8, 1048576 bytes)
[STDERR  ] 2018-01-24T16:38:10.349172388Z: [    0.000000] Inode-cache hash table entries: 65536 (order: 7, 524288 bytes)
[STDERR  ] 2018-01-24T16:38:10.349178848Z: [    0.000000] Memory: 985644K/1048052K available (8055K kernel code, 1391K rwdata, 2704K rodata, 1400K init, 564K bss, 62408K reserved, 0K cma-reserved)
[STDERR  ] 2018-01-24T16:38:10.349185866Z: [    0.000000] Kernel/User page tables isolation: enabled
[STDERR  ] 2018-01-24T16:38:10.349192235Z: [    0.000000] Hierarchical RCU implementation.
[STDERR  ] 2018-01-24T16:38:10.349198505Z: [    0.000000] 	Build-time adjustment of leaf fanout to 64.
[STDERR  ] 2018-01-24T16:38:10.349204752Z: [    0.000000] 	RCU restricting CPUs from NR_CPUS=128 to nr_cpu_ids=1.
[STDERR  ] 2018-01-24T16:38:10.349211017Z: [    0.000000] RCU: Adjusting geometry for rcu_fanout_leaf=64, nr_cpu_ids=1
[STDERR  ] 2018-01-24T16:38:10.349217295Z: [    0.000000] NR_IRQS:8448 nr_irqs:256 16
[STDERR  ] 2018-01-24T16:38:10.349223603Z: [    0.000000] Console: colour VGA+ 80x25
[STDERR  ] 2018-01-24T16:38:10.349229795Z: [    0.000000] console [ttyS0] enabled
[STDERR  ] 2018-01-24T16:38:10.349236069Z: [    0.000000] clocksource: hpet: mask: 0xffffffff max_cycles: 0xffffffff, max_idle_ns: 19112604467 ns
[STDERR  ] 2018-01-24T16:38:10.349242479Z: [    0.000000] tsc: Detected 2299.996 MHz processor
[STDERR  ] 2018-01-24T16:38:10.349248728Z: [    0.020000] Calibrating delay loop (skipped) preset value.. 4599.99 BogoMIPS (lpj=22999960)
[STDERR  ] 2018-01-24T16:38:10.349255198Z: [    0.022957] pid_max: default: 32768 minimum: 301
[STDERR  ] 2018-01-24T16:38:10.349263451Z: [    0.027743] ACPI: Core revision 20160831
[STDERR  ] 2018-01-24T16:38:10.349269778Z: [    0.030718] ACPI: 1 ACPI AML tables successfully acquired and loaded
[STDERR  ] 2018-01-24T16:38:10.349276125Z: [    0.040098] Security Framework initialized
[STDERR  ] 2018-01-24T16:38:10.349282482Z: [    0.044475] Yama: becoming mindful.
[STDERR  ] 2018-01-24T16:38:10.349288642Z: [    0.048103] Mount-cache hash table entries: 2048 (order: 2, 16384 bytes)
[STDERR  ] 2018-01-24T16:38:10.349294909Z: [    0.050038] Mountpoint-cache hash table entries: 2048 (order: 2, 16384 bytes)
[STDERR  ] 2018-01-24T16:38:10.349301387Z: [    0.060959] CPU: Physical Processor ID: 0
[STDERR  ] 2018-01-24T16:38:10.349307664Z: [    0.065785] Last level iTLB entries: 4KB 0, 2MB 0, 4MB 0
[STDERR  ] 2018-01-24T16:38:10.349316058Z: [    0.070026] Last level dTLB entries: 4KB 0, 2MB 0, 4MB 0, 1GB 0
[STDERR  ] 2018-01-24T16:38:10.349322385Z: [    0.080025] Spectre V2 mitigation: Vulnerable: Minimal generic ASM retpoline
[STDERR  ] 2018-01-24T16:38:10.349328711Z: [    0.208180] Freeing SMP alternatives memory: 20K
[STDERR  ] 2018-01-24T16:38:10.349334993Z: [    0.247422] ftrace: allocating 35561 entries in 139 pages
[STDERR  ] 2018-01-24T16:38:10.349341189Z: [    0.260150] smpboot: Max logical packages: 1
[STDERR  ] 2018-01-24T16:38:10.349347421Z: [    0.273274] x2apic enabled
[STDERR  ] 2018-01-24T16:38:10.349353701Z: [    0.278501] Switched APIC routing to physical x2apic.
[STDERR  ] 2018-01-24T16:38:10.349359873Z: [    0.294515] ..TIMER: vector=0x30 apic1=0 pin1=2 apic2=-1 pin2=-1
[STDERR  ] 2018-01-24T16:38:10.349366144Z: [    0.300000] smpboot: CPU0: Intel QEMU Virtual CPU version 2.5+ (family: 0x6, model: 0x6, stepping: 0x3)
[STDERR  ] 2018-01-24T16:38:10.349375704Z: [    0.300009] Performance Events: PMU not available due to virtualization, using software events only.
[STDERR  ] 2018-01-24T16:38:10.349382233Z: [    0.317430] x86: Booted up 1 node, 1 CPUs
[STDERR  ] 2018-01-24T16:38:10.349388561Z: [    0.320007] smpboot: Total of 1 processors activated (4599.99 BogoMIPS)
[STDERR  ] 2018-01-24T16:38:10.349394904Z: [    0.332079] devtmpfs: initialized
[STDERR  ] 2018-01-24T16:38:10.349401254Z: [    0.335755] x86/mm: Memory block size: 128MB
[STDERR  ] 2018-01-24T16:38:10.349410006Z: [    0.343255] clocksource: jiffies: mask: 0xffffffff max_cycles: 0xffffffff, max_idle_ns: 19112604462750000 ns
[STDERR  ] 2018-01-24T16:38:10.349416584Z: [    0.350029] futex hash table entries: 256 (order: 2, 16384 bytes)
[STDERR  ] 2018-01-24T16:38:10.349422881Z: [    0.360238] NET: Registered protocol family 16
[STDERR  ] 2018-01-24T16:38:10.349429177Z: [    0.365150] cpuidle: using governor ladder
[STDERR  ] 2018-01-24T16:38:10.349435459Z: [    0.370011] cpuidle: using governor menu
[STDERR  ] 2018-01-24T16:38:10.349441714Z: [    0.374616] ACPI: bus type PCI registered
[STDERR  ] 2018-01-24T16:38:10.349447952Z: [    0.379396] PCI: MMCONFIG for domain 0000 [bus 00-ff] at [mem 0xb0000000-0xbfffffff] (base 0xb0000000)
[STDERR  ] 2018-01-24T16:38:10.349454293Z: [    0.380014] PCI: MMCONFIG at [mem 0xb0000000-0xbfffffff] reserved in E820
[STDERR  ] 2018-01-24T16:38:10.349460639Z: [    0.390027] PCI: Using configuration type 1 for base access
[STDERR  ] 2018-01-24T16:38:10.349466915Z: [    0.401624] HugeTLB registered 2 MB page size, pre-allocated 0 pages
[STDERR  ] 2018-01-24T16:38:10.34947329Z: [    0.410238] ACPI: Added _OSI(Module Device)
[STDERR  ] 2018-01-24T16:38:10.349481397Z: [    0.414477] ACPI: Added _OSI(Processor Device)
[STDERR  ] 2018-01-24T16:38:10.349487772Z: [    0.418993] ACPI: Added _OSI(3.0 _SCP Extensions)
[STDERR  ] 2018-01-24T16:38:10.349494003Z: [    0.420009] ACPI: Added _OSI(Processor Aggregator Device)
[STDERR  ] 2018-01-24T16:38:10.349500263Z: [    0.434724] ACPI: Interpreter enabled
[STDERR  ] 2018-01-24T16:38:10.349507924Z: [    0.438761] ACPI: (supports S0 S5)
[STDERR  ] 2018-01-24T16:38:10.349516273Z: [    0.440010] ACPI: Using IOAPIC for interrupt routing
[STDERR  ] 2018-01-24T16:38:10.349522515Z: [    0.445828] PCI: Using host bridge windows from ACPI; if necessary, use "pci=nocrs" and report a bug
[STDERR  ] 2018-01-24T16:38:10.349528979Z: [    0.461502] ACPI: PCI Root Bridge [PCI0] (domain 0000 [bus 00-ff])
[STDERR  ] 2018-01-24T16:38:10.349535239Z: [    0.468436] acpi PNP0A08:00: _OSC: OS supports [ExtendedConfig ASPM ClockPM Segments MSI]
[STDERR  ] 2018-01-24T16:38:10.349541744Z: [    0.470188] acpi PNP0A08:00: _OSC: OS now controls [PCIeHotplug PME PCIeCapability]
[STDERR  ] 2018-01-24T16:38:10.349550088Z: [    0.480097] PCI host bridge to bus 0000:00
[STDERR  ] 2018-01-24T16:38:10.349556355Z: [    0.484240] pci_bus 0000:00: root bus resource [io  0x0000-0x0cf7 window]
[STDERR  ] 2018-01-24T16:38:10.349564407Z: [    0.490014] pci_bus 0000:00: root bus resource [io  0x0d00-0xffff window]
[STDERR  ] 2018-01-24T16:38:10.349570834Z: [    0.500014] pci_bus 0000:00: root bus resource [mem 0x000a0000-0x000bffff window]
[STDERR  ] 2018-01-24T16:38:10.349577048Z: [    0.510014] pci_bus 0000:00: root bus resource [mem 0xc0000000-0xfebfffff window]
[STDERR  ] 2018-01-24T16:38:10.349585269Z: [    0.517467] pci_bus 0000:00: root bus resource [bus 00-ff]
[STDERR  ] 2018-01-24T16:38:10.349591812Z: [    0.645947] pci 0000:00:1f.0: quirk: [io  0x0600-0x067f] claimed by ICH6 ACPI/GPIO/TCO
[STDERR  ] 2018-01-24T16:38:10.349598076Z: [    0.710016] ACPI: PCI Interrupt Link [LNKA] (IRQs 5 *10 11)
[STDERR  ] 2018-01-24T16:38:10.349604333Z: [    0.717866] ACPI: PCI Interrupt Link [LNKB] (IRQs 5 *10 11)
[STDERR  ] 2018-01-24T16:38:10.349610633Z: [    0.722167] ACPI: PCI Interrupt Link [LNKC] (IRQs 5 10 *11)
[STDERR  ] 2018-01-24T16:38:10.349616891Z: [    0.732202] ACPI: PCI Interrupt Link [LNKD] (IRQs 5 10 *11)
[STDERR  ] 2018-01-24T16:38:10.349623192Z: [    0.739367] ACPI: PCI Interrupt Link [LNKE] (IRQs 5 *10 11)
[STDERR  ] 2018-01-24T16:38:10.349633511Z: [    0.742190] ACPI: PCI Interrupt Link [LNKF] (IRQs 5 *10 11)
[STDERR  ] 2018-01-24T16:38:10.352758719Z: [    0.752120] ACPI: PCI Interrupt Link [LNKG] (IRQs 5 10 *11)
[STDERR  ] 2018-01-24T16:38:10.352774649Z: [    0.760680] ACPI: PCI Interrupt Link [LNKH] (IRQs 5 10 *11)
[STDERR  ] 2018-01-24T16:38:10.352786047Z: [    0.767587] ACPI: PCI Interrupt Link [GSIA] (IRQs *16)
[STDERR  ] 2018-01-24T16:38:10.352804305Z: [    0.771059] ACPI: PCI Interrupt Link [GSIB] (IRQs *17)
[STDERR  ] 2018-01-24T16:38:10.352815763Z: [    0.777206] ACPI: PCI Interrupt Link [GSIC] (IRQs *18)
[STDERR  ] 2018-01-24T16:38:10.352828542Z: [    0.781083] ACPI: PCI Interrupt Link [GSID] (IRQs *19)
[STDERR  ] 2018-01-24T16:38:10.352840575Z: [    0.791071] ACPI: PCI Interrupt Link [GSIE] (IRQs *20)
[STDERR  ] 2018-01-24T16:38:10.352851575Z: [    0.797353] ACPI: PCI Interrupt Link [GSIF] (IRQs *21)
[STDERR  ] 2018-01-24T16:38:10.352862478Z: [    0.801113] ACPI: PCI Interrupt Link [GSIG] (IRQs *22)
[STDERR  ] 2018-01-24T16:38:10.352873188Z: [    0.810576] ACPI: PCI Interrupt Link [GSIH] (IRQs *23)
[STDOUT  ] 2018-01-24T16:38:10.352694619Z: [    0.000000] Linux version 4.9.78-linuxkit (root@9ac57ca26f22) (gcc version 6.4.0 (Alpine 6.4.0) ) #1 SMP Wed Jan 24 12:49:16 UTC 2018
[STDOUT  ] 2018-01-24T16:38:10.352900628Z: [    0.000000] Command line: console=ttyS0 console=ttyAMA0
[STDOUT  ] 2018-01-24T16:38:10.352917513Z: [    0.000000] x86/fpu: Legacy x87 FPU detected.
[STDOUT  ] 2018-01-24T16:38:10.352928084Z: [    0.000000] x86/fpu: Using 'eager' FPU context switches.
[STDOUT  ] 2018-01-24T16:38:10.352941657Z: [    0.000000] e820: BIOS-provided physical RAM map:
[STDOUT  ] 2018-01-24T16:38:10.352952046Z: [    0.000000] BIOS-e820: [mem 0x0000000000000000-0x000000000009fbff] usable
[STDOUT  ] 2018-01-24T16:38:10.352962567Z: [    0.000000] BIOS-e820: [mem 0x000000000009fc00-0x000000000009ffff] reserved
[STDOUT  ] 2018-01-24T16:38:10.352972789Z: [    0.000000] BIOS-e820: [mem 0x00000000000f0000-0x00000000000fffff] reserved
[STDOUT  ] 2018-01-24T16:38:10.352983335Z: [    0.000000] BIOS-e820: [mem 0x0000000000100000-0x000000003ffdefff] usable
[STDOUT  ] 2018-01-24T16:38:10.352993828Z: [    0.000000] BIOS-e820: [mem 0x000000003ffdf000-0x000000003fffffff] reserved
[STDOUT  ] 2018-01-24T16:38:10.353003989Z: [    0.000000] BIOS-e820: [mem 0x00000000b0000000-0x00000000bfffffff] reserved
[STDOUT  ] 2018-01-24T16:38:10.353014324Z: [    0.000000] BIOS-e820: [mem 0x00000000fed1c000-0x00000000fed1ffff] reserved
[STDOUT  ] 2018-01-24T16:38:10.353024487Z: [    0.000000] BIOS-e820: [mem 0x00000000feffc000-0x00000000feffffff] reserved
[STDOUT  ] 2018-01-24T16:38:10.353034874Z: [    0.000000] BIOS-e820: [mem 0x00000000fffc0000-0x00000000ffffffff] reserved
[STDOUT  ] 2018-01-24T16:38:10.35304537Z: [    0.000000] NX (Execute Disable) protection: active
[STDOUT  ] 2018-01-24T16:38:10.35305581Z: [    0.000000] SMBIOS 2.8 present.
[STDOUT  ] 2018-01-24T16:38:10.35306623Z: [    0.000000] Hypervisor detected: KVM
[STDOUT  ] 2018-01-24T16:38:10.353076663Z: [    0.000000] e820: last_pfn = 0x3ffdf max_arch_pfn = 0x400000000
[STDOUT  ] 2018-01-24T16:38:10.35308703Z: [    0.000000] x86/PAT: PAT not supported by CPU.
[STDOUT  ] 2018-01-24T16:38:10.353097242Z: [    0.000000] x86/PAT: Configuration [0-7]: WB  WT  UC- UC  WB  WT  UC- UC  
[STDOUT  ] 2018-01-24T16:38:10.353107814Z: [    0.000000] found SMP MP-table at [mem 0x000f6aa0-0x000f6aaf] mapped at [ffff895d400f6aa0]
[STDOUT  ] 2018-01-24T16:38:10.353118583Z: [    0.000000] RAMDISK: [mem 0x3e401000-0x3ffcffff]
[STDOUT  ] 2018-01-24T16:38:10.353128988Z: [    0.000000] ACPI: Early table checksum verification disabled
[STDOUT  ] 2018-01-24T16:38:10.353139248Z: [    0.000000] ACPI: RSDP 0x00000000000F68B0 000014 (v00 BOCHS )
[STDOUT  ] 2018-01-24T16:38:10.353149882Z: [    0.000000] ACPI: RSDT 0x000000003FFE20A8 000034 (v01 BOCHS  BXPCRSDT 00000001 BXPC 00000001)
[STDOUT  ] 2018-01-24T16:38:10.353169773Z: [    0.000000] ACPI: FACP 0x000000003FFE1EC8 0000F4 (v03 BOCHS  BXPCFACP 00000001 BXPC 00000001)
[STDOUT  ] 2018-01-24T16:38:10.353180345Z: [    0.000000] ACPI: DSDT 0x000000003FFE0040 001E88 (v01 BOCHS  BXPCDSDT 00000001 BXPC 00000001)
[STDOUT  ] 2018-01-24T16:38:10.353190934Z: [    0.000000] ACPI: FACS 0x000000003FFE0000 000040
[STDOUT  ] 2018-01-24T16:38:10.35320134Z: [    0.000000] ACPI: APIC 0x000000003FFE1FBC 000078 (v01 BOCHS  BXPCAPIC 00000001 BXPC 00000001)
[STDOUT  ] 2018-01-24T16:38:10.353212217Z: [    0.000000] ACPI: HPET 0x000000003FFE2034 000038 (v01 BOCHS  BXPCHPET 00000001 BXPC 00000001)
[STDOUT  ] 2018-01-24T16:38:10.35322637Z: [    0.000000] ACPI: MCFG 0x000000003FFE206C 00003C (v01 BOCHS  BXPCMCFG 00000001 BXPC 00000001)
[STDOUT  ] 2018-01-24T16:38:10.353236931Z: [    0.000000] kvm-clock: Using msrs 4b564d01 and 4b564d00
[STDOUT  ] 2018-01-24T16:38:10.353247575Z: [    0.000000] kvm-clock: cpu 0, msr 0:3ffdd001, primary cpu clock
[STDOUT  ] 2018-01-24T16:38:10.353258133Z: [    0.000000] clocksource: kvm-clock: mask: 0xffffffffffffffff max_cycles: 0x1cd42e4dffb, max_idle_ns: 881590591483 ns
[STDOUT  ] 2018-01-24T16:38:10.353269816Z: [    0.000000] Zone ranges:
[STDOUT  ] 2018-01-24T16:38:10.353280272Z: [    0.000000]   DMA      [mem 0x0000000000001000-0x0000000000ffffff]
[STDOUT  ] 2018-01-24T16:38:10.353290864Z: [    0.000000]   DMA32    [mem 0x0000000001000000-0x000000003ffdefff]
[STDOUT  ] 2018-01-24T16:38:10.353301413Z: [    0.000000]   Normal   empty
[STDOUT  ] 2018-01-24T16:38:10.353311998Z: [    0.000000] Movable zone start for each node
[STDOUT  ] 2018-01-24T16:38:10.353322546Z: [    0.000000] Early memory node ranges
[STDOUT  ] 2018-01-24T16:38:10.353333144Z: [    0.000000]   node   0: [mem 0x0000000000001000-0x000000000009efff]
[STDOUT  ] 2018-01-24T16:38:10.353346891Z: [    0.000000]   node   0: [mem 0x0000000000100000-0x000000003ffdefff]
[STDOUT  ] 2018-01-24T16:38:10.353357342Z: [    0.000000] Initmem setup node 0 [mem 0x0000000000001000-0x000000003ffdefff]
[STDOUT  ] 2018-01-24T16:38:10.353367722Z: [    0.000000] ACPI: PM-Timer IO Port: 0x608
