[INFO    ] 2017-12-25T19:24:41.773852067Z: Running Test linuxkit.packages.extend.ext4 in /tmp/build/test/cases/040_packages/005_extend/000_ext4
[INFO    ] 2017-12-25T19:24:41.774014633Z: Running command: [/bin/sh -x /tmp/build/test/cases/040_packages/005_extend/000_ext4/test.sh]
[STDERR  ] 2017-12-25T19:24:41.851253704Z: + set -ex
[STDERR  ] 2017-12-25T19:24:41.851346155Z: + . /tmp/build/test/cases/_lib/lib.sh
[STDERR  ] 2017-12-25T19:24:41.85135809Z: + [ -f src/github.com/linuxkit/rtf/lib/lib.sh ]
[STDERR  ] 2017-12-25T19:24:41.851369348Z: + LINUXKIT_TMPDIR=/tmp/build/test/cases/_tmp
[STDERR  ] 2017-12-25T19:24:41.851392441Z: + [ -f /tmp/build/test/cases/_tmp/env.sh ]
[STDERR  ] 2017-12-25T19:24:41.851402764Z: + . /tmp/build/test/cases/_tmp/env.sh
[STDERR  ] 2017-12-25T19:24:41.851412694Z: + export LINUXKIT_EXAMPLES_DIR=/tmp/build/test/cases/../../examples
[STDERR  ] 2017-12-25T19:24:41.851422191Z: + export LINUXKIT_BLUEPRINTS_DIR=/tmp/build/test/cases/../../blueprints
[STDERR  ] 2017-12-25T19:24:41.851432396Z: + RT_CANCEL=253
[STDERR  ] 2017-12-25T19:24:41.851441913Z: + NAME_CREATE=create-ext4
[STDERR  ] 2017-12-25T19:24:41.851450632Z: + NAME_EXTEND=extend-ext4
[STDERR  ] 2017-12-25T19:24:41.851459794Z: + DISK=disk.img
[STDERR  ] 2017-12-25T19:24:41.851468064Z: + trap clean_up EXIT
[STDERR  ] 2017-12-25T19:24:41.851477904Z: + linuxkit build -name create-ext4 -format kernel+initrd test-create.yml
[STDERR  ] 2017-12-25T19:24:41.881710535Z: Extract kernel image: linuxkit/kernel:4.9.70
[STDERR  ] 2017-12-25T19:24:43.008757251Z: time="2017-12-25T19:24:43Z" level=warning msg="certificate with CN Justin Cormack is near expiry" 
[STDERR  ] 2017-12-25T19:24:43.008814258Z: time="2017-12-25T19:24:43Z" level=warning msg="certificate with CN  is near expiry" 
[STDERR  ] 2017-12-25T19:24:43.008870173Z: time="2017-12-25T19:24:43Z" level=warning msg="certificate with CN  is near expiry" 
[STDERR  ] 2017-12-25T19:24:43.050480036Z: time="2017-12-25T19:24:43Z" level=warning msg="certificate with CN Justin Cormack is near expiry" 
[STDERR  ] 2017-12-25T19:24:43.438476656Z: Add init containers:
[STDERR  ] 2017-12-25T19:24:43.438516069Z: Process init image: linuxkit/init:9250948d0de494df8a811edb3242b4584057cfe4
[STDERR  ] 2017-12-25T19:24:44.460403324Z: time="2017-12-25T19:24:44Z" level=warning msg="certificate with CN  is near expiry" 
[STDERR  ] 2017-12-25T19:24:44.461400102Z: time="2017-12-25T19:24:44Z" level=warning msg="certificate with CN  is near expiry" 
[STDERR  ] 2017-12-25T19:24:44.461447692Z: time="2017-12-25T19:24:44Z" level=warning msg="certificate with CN Justin Cormack is near expiry" 
[STDERR  ] 2017-12-25T19:24:44.464566101Z: time="2017-12-25T19:24:44Z" level=warning msg="certificate with CN Justin Cormack is near expiry" 
[STDERR  ] 2017-12-25T19:24:44.46592876Z: time="2017-12-25T19:24:44Z" level=warning msg="certificate with CN  is near expiry" 
[STDERR  ] 2017-12-25T19:24:44.632241693Z: Process init image: linuxkit/runc:abc3f292653e64a2fd488e9675ace19a55ec7023
[STDERR  ] 2017-12-25T19:24:45.655433803Z: time="2017-12-25T19:24:45Z" level=warning msg="certificate with CN  is near expiry" 
[STDERR  ] 2017-12-25T19:24:45.655615035Z: time="2017-12-25T19:24:45Z" level=warning msg="certificate with CN Justin Cormack is near expiry" 
[STDERR  ] 2017-12-25T19:24:45.655703661Z: time="2017-12-25T19:24:45Z" level=warning msg="certificate with CN  is near expiry" 
[STDERR  ] 2017-12-25T19:24:45.657582573Z: time="2017-12-25T19:24:45Z" level=warning msg="certificate with CN Justin Cormack is near expiry" 
[STDERR  ] 2017-12-25T19:24:45.658686569Z: time="2017-12-25T19:24:45Z" level=warning msg="certificate with CN  is near expiry" 
[STDERR  ] 2017-12-25T19:24:45.819207152Z: Add onboot containers:
[STDERR  ] 2017-12-25T19:24:45.819273254Z:   Create OCI config for linuxkit/format:e945016ec780a788a71dcddc81497d54d3b14bc7
[STDERR  ] 2017-12-25T19:24:46.899526057Z: time="2017-12-25T19:24:46Z" level=warning msg="certificate with CN Rolf Neugebauer is near expiry" 
[STDERR  ] 2017-12-25T19:24:46.899576376Z: time="2017-12-25T19:24:46Z" level=warning msg="certificate with CN  is near expiry" 
[STDERR  ] 2017-12-25T19:24:46.899603744Z: time="2017-12-25T19:24:46Z" level=warning msg="certificate with CN  is near expiry" 
[STDERR  ] 2017-12-25T19:24:46.899806595Z: time="2017-12-25T19:24:46Z" level=warning msg="certificate with CN Justin Cormack is near expiry" 
[STDERR  ] 2017-12-25T19:24:46.90201008Z: time="2017-12-25T19:24:46Z" level=warning msg="certificate with CN Justin Cormack is near expiry" 
[STDERR  ] 2017-12-25T19:24:46.904757894Z: time="2017-12-25T19:24:46Z" level=warning msg="certificate with CN Rolf Neugebauer is near expiry" 
[STDERR  ] 2017-12-25T19:24:46.906240115Z: time="2017-12-25T19:24:46Z" level=warning msg="certificate with CN  is near expiry" 
[STDERR  ] 2017-12-25T19:24:47.265369355Z:   Create OCI config for linuxkit/mount:b346ec277b7074e5c9986128a879c10a1d18742b
[STDERR  ] 2017-12-25T19:24:48.302560821Z: time="2017-12-25T19:24:48Z" level=warning msg="certificate with CN Justin Cormack is near expiry" 
[STDERR  ] 2017-12-25T19:24:48.302674795Z: time="2017-12-25T19:24:48Z" level=warning msg="certificate with CN Rolf Neugebauer is near expiry" 
[STDERR  ] 2017-12-25T19:24:48.302717306Z: time="2017-12-25T19:24:48Z" level=warning msg="certificate with CN  is near expiry" 
[STDERR  ] 2017-12-25T19:24:48.30276869Z: time="2017-12-25T19:24:48Z" level=warning msg="certificate with CN  is near expiry" 
[STDERR  ] 2017-12-25T19:24:48.304348084Z: time="2017-12-25T19:24:48Z" level=warning msg="certificate with CN Justin Cormack is near expiry" 
[STDERR  ] 2017-12-25T19:24:48.305332866Z: time="2017-12-25T19:24:48Z" level=warning msg="certificate with CN Rolf Neugebauer is near expiry" 
[STDERR  ] 2017-12-25T19:24:48.30604991Z: time="2017-12-25T19:24:48Z" level=warning msg="certificate with CN  is near expiry" 
[STDERR  ] 2017-12-25T19:24:48.807846302Z:   Create OCI config for alpine:3.7
[STDERR  ] 2017-12-25T19:24:50.008485461Z:   Create OCI config for linuxkit/poweroff:bccfe1cb04fc7bb9f03613d2314f38abd2620f29
[STDERR  ] 2017-12-25T19:24:51.033856733Z: time="2017-12-25T19:24:51Z" level=warning msg="certificate with CN Justin Cormack is near expiry" 
[STDERR  ] 2017-12-25T19:24:51.034172039Z: time="2017-12-25T19:24:51Z" level=warning msg="certificate with CN Rolf Neugebauer is near expiry" 
[STDERR  ] 2017-12-25T19:24:51.034305887Z: time="2017-12-25T19:24:51Z" level=warning msg="certificate with CN  is near expiry" 
[STDERR  ] 2017-12-25T19:24:51.0344319Z: time="2017-12-25T19:24:51Z" level=warning msg="certificate with CN  is near expiry" 
[STDERR  ] 2017-12-25T19:24:51.036612023Z: time="2017-12-25T19:24:51Z" level=warning msg="certificate with CN Rolf Neugebauer is near expiry" 
[STDERR  ] 2017-12-25T19:24:51.037330213Z: time="2017-12-25T19:24:51Z" level=warning msg="certificate with CN  is near expiry" 
[STDERR  ] 2017-12-25T19:24:51.198495831Z: Create outputs:
[STDERR  ] 2017-12-25T19:24:57.070147117Z:   create-ext4-kernel create-ext4-initrd.img create-ext4-cmdline
[STDERR  ] 2017-12-25T19:24:57.133586701Z: + linuxkit run -disk file=disk.img,format=raw,size=256M create-ext4
[STDERR  ] 2017-12-25T19:24:57.157269336Z: Unable to find qemu-system-x86_64 within the $PATH. Using a container
[STDOUT  ] 2017-12-25T19:24:59.45944198Z: [    0.000000] Linux version 4.9.70-linuxkit (root@76d0ab89f7bc) (gcc version 6.4.0 (Alpine 6.4.0) ) #1 SMP Mon Dec 18 14:18:58 UTC 2017
[STDOUT  ] 2017-12-25T19:24:59.459711114Z: [    0.000000] Command line: console=ttyS0 console=ttyAMA0
[STDOUT  ] 2017-12-25T19:24:59.460024573Z: [    0.000000] x86/fpu: Legacy x87 FPU detected.
[STDOUT  ] 2017-12-25T19:24:59.460054583Z: [    0.000000] x86/fpu: Using 'eager' FPU context switches.
[STDOUT  ] 2017-12-25T19:24:59.460529205Z: [    0.000000] e820: BIOS-provided physical RAM map:
[STDOUT  ] 2017-12-25T19:24:59.461016487Z: [    0.000000] BIOS-e820: [mem 0x0000000000000000-0x000000000009fbff] usable
[STDOUT  ] 2017-12-25T19:24:59.461361314Z: [    0.000000] BIOS-e820: [mem 0x000000000009fc00-0x000000000009ffff] reserved
[STDOUT  ] 2017-12-25T19:24:59.461688836Z: [    0.000000] BIOS-e820: [mem 0x00000000000f0000-0x00000000000fffff] reserved
[STDOUT  ] 2017-12-25T19:24:59.462143865Z: [    0.000000] BIOS-e820: [mem 0x0000000000100000-0x000000003ffdefff] usable
[STDOUT  ] 2017-12-25T19:24:59.462449152Z: [    0.000000] BIOS-e820: [mem 0x000000003ffdf000-0x000000003fffffff] reserved
[STDOUT  ] 2017-12-25T19:24:59.462926166Z: [    0.000000] BIOS-e820: [mem 0x00000000b0000000-0x00000000bfffffff] reserved
[STDOUT  ] 2017-12-25T19:24:59.463240839Z: [    0.000000] BIOS-e820: [mem 0x00000000fed1c000-0x00000000fed1ffff] reserved
[STDOUT  ] 2017-12-25T19:24:59.463518509Z: [    0.000000] BIOS-e820: [mem 0x00000000fffc0000-0x00000000ffffffff] reserved
[STDOUT  ] 2017-12-25T19:24:59.463814227Z: [    0.000000] NX (Execute Disable) protection: active
[STDOUT  ] 2017-12-25T19:24:59.463974042Z: [    0.000000] SMBIOS 2.8 present.
[STDOUT  ] 2017-12-25T19:24:59.464293792Z: [    0.000000] e820: last_pfn = 0x3ffdf max_arch_pfn = 0x400000000
[STDOUT  ] 2017-12-25T19:24:59.464731967Z: [    0.000000] x86/PAT: Configuration [0-7]: WB  WC  UC- UC  WB  WC  UC- WT  
[STDOUT  ] 2017-12-25T19:24:59.465156681Z: [    0.000000] found SMP MP-table at [mem 0x000f6aa0-0x000f6aaf] mapped at [ffff8878000f6aa0]
[STDOUT  ] 2017-12-25T19:24:59.465302485Z: [    0.000000] RAMDISK: [mem 0x3e007000-0x3ffcffff]
[STDOUT  ] 2017-12-25T19:24:59.465590445Z: [    0.000000] ACPI: Early table checksum verification disabled
[STDOUT  ] 2017-12-25T19:24:59.465886567Z: [    0.000000] ACPI: RSDP 0x00000000000F68B0 000014 (v00 BOCHS )
[STDOUT  ] 2017-12-25T19:24:59.46631819Z: [    0.000000] ACPI: RSDT 0x000000003FFE20A8 000034 (v01 BOCHS  BXPCRSDT 00000001 BXPC 00000001)
[STDOUT  ] 2017-12-25T19:24:59.466734127Z: [    0.000000] ACPI: FACP 0x000000003FFE1EC8 0000F4 (v03 BOCHS  BXPCFACP 00000001 BXPC 00000001)
[STDOUT  ] 2017-12-25T19:24:59.467158653Z: [    0.000000] ACPI: DSDT 0x000000003FFE0040 001E88 (v01 BOCHS  BXPCDSDT 00000001 BXPC 00000001)
[STDOUT  ] 2017-12-25T19:24:59.467463354Z: [    0.000000] ACPI: FACS 0x000000003FFE0000 000040
[STDOUT  ] 2017-12-25T19:24:59.467887104Z: [    0.000000] ACPI: APIC 0x000000003FFE1FBC 000078 (v01 BOCHS  BXPCAPIC 00000001 BXPC 00000001)
[STDOUT  ] 2017-12-25T19:24:59.46825302Z: [    0.000000] ACPI: HPET 0x000000003FFE2034 000038 (v01 BOCHS  BXPCHPET 00000001 BXPC 00000001)
[STDOUT  ] 2017-12-25T19:24:59.4688212Z: [    0.000000] ACPI: MCFG 0x000000003FFE206C 00003C (v01 BOCHS  BXPCMCFG 00000001 BXPC 00000001)
[STDOUT  ] 2017-12-25T19:24:59.468837241Z: [    0.000000] Zone ranges:
[STDOUT  ] 2017-12-25T19:24:59.469223931Z: [    0.000000]   DMA      [mem 0x0000000000001000-0x0000000000ffffff]
[STDOUT  ] 2017-12-25T19:24:59.469520477Z: [    0.000000]   DMA32    [mem 0x0000000001000000-0x000000003ffdefff]
[STDOUT  ] 2017-12-25T19:24:59.469672651Z: [    0.000000]   Normal   empty
[STDOUT  ] 2017-12-25T19:24:59.469970955Z: [    0.000000] Movable zone start for each node
[STDOUT  ] 2017-12-25T19:24:59.470120946Z: [    0.000000] Early memory node ranges
[STDOUT  ] 2017-12-25T19:24:59.470392084Z: [    0.000000]   node   0: [mem 0x0000000000001000-0x000000000009efff]
[STDOUT  ] 2017-12-25T19:24:59.470681523Z: [    0.000000]   node   0: [mem 0x0000000000100000-0x000000003ffdefff]
[STDOUT  ] 2017-12-25T19:24:59.471130985Z: [    0.000000] Initmem setup node 0 [mem 0x0000000000001000-0x000000003ffdefff]
[STDOUT  ] 2017-12-25T19:24:59.471264571Z: [    0.000000] ACPI: PM-Timer IO Port: 0x608
[STDOUT  ] 2017-12-25T19:24:59.471546811Z: [    0.000000] ACPI: LAPIC_NMI (acpi_id[0xff] dfl dfl lint[0x1])
[STDOUT  ] 2017-12-25T19:24:59.471987412Z: [    0.000000] IOAPIC[0]: apic_id 0, version 32, address 0xfec00000, GSI 0-23
[STDOUT  ] 2017-12-25T19:24:59.472256119Z: [    0.000000] ACPI: INT_SRC_OVR (bus 0 bus_irq 0 global_irq 2 dfl dfl)
[STDOUT  ] 2017-12-25T19:24:59.472543168Z: [    0.000000] ACPI: INT_SRC_OVR (bus 0 bus_irq 5 global_irq 5 high level)
[STDOUT  ] 2017-12-25T19:24:59.472960926Z: [    0.000000] ACPI: INT_SRC_OVR (bus 0 bus_irq 9 global_irq 9 high level)
[STDOUT  ] 2017-12-25T19:24:59.473216901Z: [    0.000000] ACPI: INT_SRC_OVR (bus 0 bus_irq 10 global_irq 10 high level)
[STDOUT  ] 2017-12-25T19:24:59.473622706Z: [    0.000000] ACPI: INT_SRC_OVR (bus 0 bus_irq 11 global_irq 11 high level)
[STDOUT  ] 2017-12-25T19:24:59.473886608Z: [    0.000000] Using ACPI (MADT) for SMP configuration information
[STDOUT  ] 2017-12-25T19:24:59.474176378Z: [    0.000000] ACPI: HPET id: 0x8086a201 base: 0xfed00000
[STDOUT  ] 2017-12-25T19:24:59.474460868Z: [    0.000000] smpboot: Allowing 1 CPUs, 0 hotplug CPUs
[STDOUT  ] 2017-12-25T19:24:59.474751854Z: [    0.000000] e820: [mem 0x40000000-0xafffffff] available for PCI devices
[STDOUT  ] 2017-12-25T19:24:59.475035987Z: [    0.000000] Booting paravirtualized kernel on bare hardware
[STDOUT  ] 2017-12-25T19:24:59.475447239Z: [    0.000000] clocksource: refined-jiffies: mask: 0xffffffff max_cycles: 0xffffffff, max_idle_ns: 19112604462750000 ns
[STDOUT  ] 2017-12-25T19:24:59.475848482Z: [    0.000000] setup_percpu: NR_CPUS:128 nr_cpumask_bits:128 nr_cpu_ids:1 nr_node_ids:1
[STDOUT  ] 2017-12-25T19:24:59.47620696Z: [    0.000000] percpu: Embedded 35 pages/cpu @ffff88783de00000 s105048 r8192 d30120 u2097152
[STDOUT  ] 2017-12-25T19:24:59.4766008Z: [    0.000000] Built 1 zonelists in Zone order, mobility grouping on.  Total pages: 257896
[STDOUT  ] 2017-12-25T19:24:59.476881734Z: [    0.000000] Kernel command line: console=ttyS0 console=ttyAMA0
[STDOUT  ] 2017-12-25T19:24:59.477160358Z: [    0.000000] PID hash table entries: 4096 (order: 3, 32768 bytes)
[STDOUT  ] 2017-12-25T19:24:59.47757634Z: [    0.000000] Dentry cache hash table entries: 131072 (order: 8, 1048576 bytes)
[STDOUT  ] 2017-12-25T19:24:59.477865083Z: [    0.000000] Inode-cache hash table entries: 65536 (order: 7, 524288 bytes)
[STDOUT  ] 2017-12-25T19:24:59.478564115Z: [    0.000000] Memory: 981624K/1048052K available (8048K kernel code, 1367K rwdata, 2700K rodata, 1380K init, 568K bss, 66428K reserved, 0K cma-reserved)
[STDOUT  ] 2017-12-25T19:24:59.478836795Z: [    0.000000] Hierarchical RCU implementation.
[STDOUT  ] 2017-12-25T19:24:59.478980706Z: [    0.000000] 	Build-time adjustment of leaf fanout to 64.
[STDOUT  ] 2017-12-25T19:24:59.479267512Z: [    0.000000] 	RCU restricting CPUs from NR_CPUS=128 to nr_cpu_ids=1.
[STDOUT  ] 2017-12-25T19:24:59.47969534Z: [    0.000000] RCU: Adjusting geometry for rcu_fanout_leaf=64, nr_cpu_ids=1
[STDOUT  ] 2017-12-25T19:24:59.479858527Z: [    0.000000] NR_IRQS:8448 nr_irqs:256 16
[STDOUT  ] 2017-12-25T19:24:59.480187374Z: [    0.000000] Console: colour VGA+ 80x25
[STDOUT  ] 2017-12-25T19:24:59.480361854Z: [    0.000000] console [ttyS0] enabled
[STDOUT  ] 2017-12-25T19:24:59.4841038Z: [    0.000000] clocksource: hpet: mask: 0xffffffff max_cycles: 0xffffffff, max_idle_ns: 19112604467 ns
[STDOUT  ] 2017-12-25T19:24:59.524294838Z: [    0.000000] tsc: Fast TSC calibration using PIT
[STDOUT  ] 2017-12-25T19:24:59.524965325Z: [    0.000000] tsc: Detected 2599.911 MHz processor
[STDOUT  ] 2017-12-25T19:24:59.528071789Z: [    0.032147] Calibrating delay loop (skipped), value calculated using timer frequency.. 5199.82 BogoMIPS (lpj=25999110)
[STDOUT  ] 2017-12-25T19:24:59.528536585Z: [    0.033221] pid_max: default: 32768 minimum: 301
[STDOUT  ] 2017-12-25T19:24:59.529283668Z: [    0.034152] ACPI: Core revision 20160831
[STDOUT  ] 2017-12-25T19:24:59.554628719Z: [    0.058647] ACPI: 1 ACPI AML tables successfully acquired and loaded
[STDOUT  ] 2017-12-25T19:24:59.558621422Z: [    0.062930] Security Framework initialized
[STDOUT  ] 2017-12-25T19:24:59.558938305Z: [    0.063273] Yama: becoming mindful.
[STDOUT  ] 2017-12-25T19:24:59.561198343Z: [    0.065260] Mount-cache hash table entries: 2048 (order: 2, 16384 bytes)
[STDOUT  ] 2017-12-25T19:24:59.561632085Z: [    0.065711] Mountpoint-cache hash table entries: 2048 (order: 2, 16384 bytes)
[STDOUT  ] 2017-12-25T19:24:59.579683924Z: [    0.083733] Last level iTLB entries: 4KB 0, 2MB 0, 4MB 0
[STDOUT  ] 2017-12-25T19:24:59.580160851Z: [    0.084265] Last level dTLB entries: 4KB 0, 2MB 0, 4MB 0, 1GB 0
[STDOUT  ] 2017-12-25T19:24:59.8901358Z: [    0.394339] Freeing SMP alternatives memory: 20K
[STDOUT  ] 2017-12-25T19:24:59.898971358Z: [    0.402903] ftrace: allocating 35540 entries in 139 pages
[STDOUT  ] 2017-12-25T19:25:00.023539741Z: [    0.467625] smpboot: Max logical packages: 1
[STDOUT  ] 2017-12-25T19:25:00.030886138Z: [    0.474910] ..TIMER: vector=0x30 apic1=0 pin1=2 apic2=-1 pin2=-1
[STDOUT  ] 2017-12-25T19:25:00.246800801Z: [    0.580000] smpboot: CPU0: AMD QEMU Virtual CPU version 2.5+ (family: 0x6, model: 0x6, stepping: 0x3)
[STDOUT  ] 2017-12-25T19:25:00.248229278Z: [    0.580000] Performance Events: PMU not available due to virtualization, using software events only.
[STDOUT  ] 2017-12-25T19:25:00.263428024Z: [    0.586781] NMI watchdog: disabled (cpu0): hardware events not enabled
[STDOUT  ] 2017-12-25T19:25:00.263672769Z: [    0.587223] NMI watchdog: Shutting down hard lockup detector on all cpus
[STDOUT  ] 2017-12-25T19:25:00.267670661Z: [    0.590305] x86: Booted up 1 node, 1 CPUs
[STDOUT  ] 2017-12-25T19:25:00.268081966Z: [    0.590704] smpboot: Total of 1 processors activated (5199.82 BogoMIPS)
[STDOUT  ] 2017-12-25T19:25:00.283255906Z: [    0.606747] devtmpfs: initialized
[STDOUT  ] 2017-12-25T19:25:00.288867717Z: [    0.612586] x86/mm: Memory block size: 128MB
[STDOUT  ] 2017-12-25T19:25:00.313961384Z: [    0.637434] clocksource: jiffies: mask: 0xffffffff max_cycles: 0xffffffff, max_idle_ns: 19112604462750000 ns
[STDOUT  ] 2017-12-25T19:25:00.314364728Z: [    0.638227] futex hash table entries: 256 (order: 2, 16384 bytes)
[STDOUT  ] 2017-12-25T19:25:00.322821144Z: [    0.646473] NET: Registered protocol family 16
[STDOUT  ] 2017-12-25T19:25:00.331092745Z: [    0.654832] cpuidle: using governor ladder
[STDOUT  ] 2017-12-25T19:25:00.331376278Z: [    0.655260] cpuidle: using governor menu
[STDOUT  ] 2017-12-25T19:25:00.332531022Z: [    0.656253] ACPI: bus type PCI registered
[STDOUT  ] 2017-12-25T19:25:00.335499501Z: [    0.659213] PCI: MMCONFIG for domain 0000 [bus 00-ff] at [mem 0xb0000000-0xbfffffff] (base 0xb0000000)
[STDOUT  ] 2017-12-25T19:25:00.335826378Z: [    0.659645] PCI: MMCONFIG at [mem 0xb0000000-0xbfffffff] reserved in E820
[STDOUT  ] 2017-12-25T19:25:00.336732837Z: [    0.660391] PCI: Using configuration type 1 for base access
[STDOUT  ] 2017-12-25T19:25:00.374385753Z: [    0.697593] HugeTLB registered 2 MB page size, pre-allocated 0 pages
[STDOUT  ] 2017-12-25T19:25:00.385064986Z: [    0.708846] ACPI: Added _OSI(Module Device)
[STDOUT  ] 2017-12-25T19:25:00.385479044Z: [    0.709139] ACPI: Added _OSI(Processor Device)
[STDOUT  ] 2017-12-25T19:25:00.385758716Z: [    0.709461] ACPI: Added _OSI(3.0 _SCP Extensions)
[STDOUT  ] 2017-12-25T19:25:00.386069735Z: [    0.709711] ACPI: Added _OSI(Processor Aggregator Device)
[STDOUT  ] 2017-12-25T19:25:00.430388451Z: [    0.753994] ACPI: Interpreter enabled
[STDOUT  ] 2017-12-25T19:25:00.431057348Z: [    0.754849] ACPI: (supports S0 S5)
[STDOUT  ] 2017-12-25T19:25:00.431430016Z: [    0.755131] ACPI: Using IOAPIC for interrupt routing
[STDOUT  ] 2017-12-25T19:25:00.434044808Z: [    0.757437] PCI: Using host bridge windows from ACPI; if necessary, use "pci=nocrs" and report a bug
[STDOUT  ] 2017-12-25T19:25:00.480676206Z: [    0.802464] ACPI: PCI Root Bridge [PCI0] (domain 0000 [bus 00-ff])
[STDOUT  ] 2017-12-25T19:25:00.481835847Z: [    0.803466] acpi PNP0A08:00: _OSC: OS supports [ExtendedConfig ASPM ClockPM Segments MSI]
[STDOUT  ] 2017-12-25T19:25:00.487695256Z: [    0.811254] acpi PNP0A08:00: _OSC: OS now controls [PCIeHotplug PME PCIeCapability]
[STDOUT  ] 2017-12-25T19:25:00.492382498Z: [    0.816141] PCI host bridge to bus 0000:00
[STDOUT  ] 2017-12-25T19:25:00.492866433Z: [    0.816594] pci_bus 0000:00: root bus resource [io  0x0000-0x0cf7 window]
[STDOUT  ] 2017-12-25T19:25:00.493287256Z: [    0.816925] pci_bus 0000:00: root bus resource [io  0x0d00-0xffff window]
[STDOUT  ] 2017-12-25T19:25:00.493561762Z: [    0.817250] pci_bus 0000:00: root bus resource [mem 0x000a0000-0x000bffff window]
[STDOUT  ] 2017-12-25T19:25:00.494083452Z: [    0.817690] pci_bus 0000:00: root bus resource [mem 0xc0000000-0xfebfffff window]
[STDOUT  ] 2017-12-25T19:25:00.494362387Z: [    0.818236] pci_bus 0000:00: root bus resource [bus 00-ff]
[STDOUT  ] 2017-12-25T19:25:00.664231413Z: [    0.986914] pci 0000:00:1f.0: quirk: [io  0x0600-0x067f] claimed by ICH6 ACPI/GPIO/TCO
[STDOUT  ] 2017-12-25T19:25:00.752108117Z: [    1.075446] ACPI: PCI Interrupt Link [LNKA] (IRQs 5 *10 11)
[STDOUT  ] 2017-12-25T19:25:00.753872752Z: [    1.077192] ACPI: PCI Interrupt Link [LNKB] (IRQs 5 *10 11)
[STDOUT  ] 2017-12-25T19:25:00.755336877Z: [    1.078707] ACPI: PCI Interrupt Link [LNKC] (IRQs 5 10 *11)
[STDOUT  ] 2017-12-25T19:25:00.757365772Z: [    1.080821] ACPI: PCI Interrupt Link [LNKD] (IRQs 5 10 *11)
[STDOUT  ] 2017-12-25T19:25:00.758516937Z: [    1.081994] ACPI: PCI Interrupt Link [LNKE] (IRQs 5 *10 11)
[STDOUT  ] 2017-12-25T19:25:00.759674772Z: [    1.083113] ACPI: PCI Interrupt Link [LNKF] (IRQs 5 *10 11)
[STDOUT  ] 2017-12-25T19:25:00.76084599Z: [    1.084273] ACPI: PCI Interrupt Link [LNKG] (IRQs 5 10 *11)
[STDOUT  ] 2017-12-25T19:25:00.761966368Z: [    1.085412] ACPI: PCI Interrupt Link [LNKH] (IRQs 5 10 *11)
[STDOUT  ] 2017-12-25T19:25:00.76259363Z: [    1.086079] ACPI: PCI Interrupt Link [GSIA] (IRQs *16)
[STDOUT  ] 2017-12-25T19:25:00.763084619Z: [    1.086572] ACPI: PCI Interrupt Link [GSIB] (IRQs *17)
[STDOUT  ] 2017-12-25T19:25:00.763555114Z: [    1.087055] ACPI: PCI Interrupt Link [GSIC] (IRQs *18)
[STDOUT  ] 2017-12-25T19:25:00.764063464Z: [    1.087544] ACPI: PCI Interrupt Link [GSID] (IRQs *19)
[STDOUT  ] 2017-12-25T19:25:00.764516523Z: [    1.088027] ACPI: PCI Interrupt Link [GSIE] (IRQs *20)
[STDOUT  ] 2017-12-25T19:25:00.764989545Z: [    1.088510] ACPI: PCI Interrupt Link [GSIF] (IRQs *21)
[STDOUT  ] 2017-12-25T19:25:00.765524182Z: [    1.088993] ACPI: PCI Interrupt Link [GSIG] (IRQs *22)
[STDOUT  ] 2017-12-25T19:25:00.766168752Z: [    1.089461] ACPI: PCI Interrupt Link [GSIH] (IRQs *23)
[STDOUT  ] 2017-12-25T19:25:00.769360855Z: [    1.093162] ACPI: Enabled 1 GPEs in block 00 to 3F
[STDOUT  ] 2017-12-25T19:25:00.77268813Z: [    1.096695] SCSI subsystem initialized
[STDOUT  ] 2017-12-25T19:25:00.774391721Z: [    1.098435] ACPI: bus type USB registered
[STDOUT  ] 2017-12-25T19:25:00.775573094Z: [    1.099372] usbcore: registered new interface driver usbfs
[STDOUT  ] 2017-12-25T19:25:00.776445041Z: [    1.100261] usbcore: registered new interface driver hub
[STDOUT  ] 2017-12-25T19:25:00.777024024Z: [    1.101020] usbcore: registered new device driver usb
[STDOUT  ] 2017-12-25T19:25:00.778241372Z: [    1.102081] pps_core: LinuxPPS API ver. 1 registered
[STDOUT  ] 2017-12-25T19:25:00.77852274Z: [    1.102356] pps_core: Software ver. 5.3.6 - Copyright 2005-2007 Rodolfo Giometti <giometti@linux.it>
[STDOUT  ] 2017-12-25T19:25:00.779106551Z: [    1.102953] PTP clock support registered
[STDOUT  ] 2017-12-25T19:25:00.78007888Z: [    1.104038] wmi: Mapper loaded
[STDOUT  ] 2017-12-25T19:25:00.781188562Z: [    1.105111] PCI: Using ACPI for IRQ routing
[STDOUT  ] 2017-12-25T19:25:00.79416397Z: [    1.118030] NetLabel: Initializing
[STDOUT  ] 2017-12-25T19:25:00.794340359Z: [    1.118229] NetLabel:  domain hash size = 128
[STDOUT  ] 2017-12-25T19:25:00.794680167Z: [    1.118605] NetLabel:  protocols = UNLABELED CIPSOv4
[STDOUT  ] 2017-12-25T19:25:00.796748863Z: [    1.120578] NetLabel:  unlabeled traffic allowed by default
[STDOUT  ] 2017-12-25T19:25:00.797709529Z: [    1.121619] HPET: 3 timers in total, 0 timers will be used for per-cpu timer
[STDOUT  ] 2017-12-25T19:25:00.798434028Z: [    1.122332] hpet0: at MMIO 0xfed00000, IRQs 2, 8, 0
[STDOUT  ] 2017-12-25T19:25:00.798733783Z: [    1.122730] hpet0: 3 comparators, 64-bit 100.000000 MHz counter
[STDOUT  ] 2017-12-25T19:25:00.806221933Z: [    1.129827] clocksource: Switched to clocksource hpet
[STDOUT  ] 2017-12-25T19:25:00.975300252Z: [    1.289629] VFS: Disk quotas dquot_6.6.0
[STDOUT  ] 2017-12-25T19:25:00.976193326Z: [    1.290204] VFS: Dquot-cache hash table entries: 512 (order 0, 4096 bytes)
[STDOUT  ] 2017-12-25T19:25:00.979387752Z: [    1.293713] FS-Cache: Loaded
[STDOUT  ] 2017-12-25T19:25:00.984464094Z: [    1.298899] CacheFiles: Loaded
[STDOUT  ] 2017-12-25T19:25:00.986594582Z: [    1.301026] pnp: PnP ACPI init
[STDOUT  ] 2017-12-25T19:25:00.995473348Z: [    1.309658] pnp: PnP ACPI: found 5 devices
[STDOUT  ] 2017-12-25T19:25:01.032541317Z: [    1.346549] clocksource: acpi_pm: mask: 0xffffff max_cycles: 0xffffff, max_idle_ns: 2085701024 ns
[STDOUT  ] 2017-12-25T19:25:01.035533587Z: [    1.349813] NET: Registered protocol family 2
[STDOUT  ] 2017-12-25T19:25:01.043282466Z: [    1.357373] TCP established hash table entries: 8192 (order: 4, 65536 bytes)
[STDOUT  ] 2017-12-25T19:25:01.043944302Z: [    1.358253] TCP bind hash table entries: 8192 (order: 5, 131072 bytes)
[STDOUT  ] 2017-12-25T19:25:01.044700071Z: [    1.358973] TCP: Hash tables configured (established 8192 bind 8192)
[STDOUT  ] 2017-12-25T19:25:01.046841301Z: [    1.361057] UDP hash table entries: 512 (order: 2, 16384 bytes)
[STDOUT  ] 2017-12-25T19:25:01.04738517Z: [    1.361660] UDP-Lite hash table entries: 512 (order: 2, 16384 bytes)
[STDOUT  ] 2017-12-25T19:25:01.050029992Z: [    1.364463] NET: Registered protocol family 1
[STDOUT  ] 2017-12-25T19:25:01.051475908Z: [    1.365616] pci 0000:00:01.0: Video device with shadowed ROM at [mem 0x000c0000-0x000dffff]
[STDOUT  ] 2017-12-25T19:25:01.059487329Z: [    1.373751] Unpacking initramfs...
[STDOUT  ] 2017-12-25T19:25:05.469347148Z: [    5.783676] Freeing initrd memory: 32548K
[STDOUT  ] 2017-12-25T19:25:05.488612459Z: [    5.802887] PCLMULQDQ-NI instructions are not detected.
[STDOUT  ] 2017-12-25T19:25:05.489784061Z: [    5.804031] AVX or AES-NI instructions are not detected.
[STDOUT  ] 2017-12-25T19:25:05.490207041Z: [    5.804450] CPU feature 'AVX registers' is not supported.
[STDOUT  ] 2017-12-25T19:25:05.490502711Z: [    5.804818] CPU feature 'AVX registers' is not supported.
[STDOUT  ] 2017-12-25T19:25:05.4907971Z: [    5.805183] CPU feature 'AVX registers' is not supported.
[STDOUT  ] 2017-12-25T19:25:05.491241093Z: [    5.805477] CPU feature 'AVX registers' is not supported.
[STDOUT  ] 2017-12-25T19:25:05.491536244Z: [    5.805802] AVX2 or AES-NI instructions are not detected.
[STDOUT  ] 2017-12-25T19:25:05.49166924Z: [    5.806101] AVX2 instructions are not detected.
[STDOUT  ] 2017-12-25T19:25:05.497250103Z: [    5.811583] audit: initializing netlink subsys (disabled)
[STDOUT  ] 2017-12-25T19:25:05.498874773Z: [    5.813131] audit: type=2000 audit(1514229903.810:1): initialized
[STDOUT  ] 2017-12-25T19:25:05.505133412Z: [    5.819116] workingset: timestamp_bits=46 max_order=18 bucket_order=0
[STDOUT  ] 2017-12-25T19:25:05.511782414Z: [    5.825885] squashfs: version 4.0 (2009/01/31) Phillip Lougher
[STDOUT  ] 2017-12-25T19:25:05.514772084Z: [    5.829006] FS-Cache: Netfs 'cifs' registered for caching
[STDOUT  ] 2017-12-25T19:25:05.515756478Z: [    5.829991] fuse init (API version 7.26)
[STDOUT  ] 2017-12-25T19:25:05.518407504Z: [    5.832569] SGI XFS with ACLs, security attributes, no debug enabled
[STDOUT  ] 2017-12-25T19:25:05.521479657Z: [    5.835625] 9p: Installing v9fs 9p2000 file system support
[STDOUT  ] 2017-12-25T19:25:05.521898539Z: [    5.836191] FS-Cache: Netfs '9p' registered for caching
[STDOUT  ] 2017-12-25T19:25:05.543207729Z: [    5.857391] NET: Registered protocol family 38
[STDOUT  ] 2017-12-25T19:25:05.543567087Z: [    5.857895] Key type asymmetric registered
[STDOUT  ] 2017-12-25T19:25:05.544111355Z: [    5.858306] Asymmetric key parser 'x509' registered
[STDOUT  ] 2017-12-25T19:25:05.544957059Z: [    5.859197] Block layer SCSI generic (bsg) driver version 0.4 loaded (major 251)
[STDOUT  ] 2017-12-25T19:25:05.546932314Z: [    5.861312] io scheduler noop registered
[STDOUT  ] 2017-12-25T19:25:05.547282278Z: [    5.861631] io scheduler deadline registered (default)
[STDOUT  ] 2017-12-25T19:25:05.548076819Z: [    5.862488] io scheduler cfq registered
[STDOUT  ] 2017-12-25T19:25:05.55049726Z: [    5.864762] pci_hotplug: PCI Hot Plug PCI Core version: 0.5
[STDOUT  ] 2017-12-25T19:25:05.550913839Z: [    5.865228] pciehp: PCI Express Hot Plug Controller Driver version: 0.4
[STDOUT  ] 2017-12-25T19:25:05.551683815Z: [    5.865905] shpchp: Standard Hot Plug PCI Controller Driver version: 0.4
[STDOUT  ] 2017-12-25T19:25:05.552392233Z: [    5.866669] hv_vmbus: registering driver hyperv_fb
[STDOUT  ] 2017-12-25T19:25:05.555150583Z: [    5.869398] input: Power Button as /devices/LNXSYSTM:00/LNXPWRBN:00/input/input0
[STDOUT  ] 2017-12-25T19:25:05.556768852Z: [    5.871200] ACPI: Power Button [PWRF]
[STDOUT  ] 2017-12-25T19:25:05.560814766Z: [    5.875207] GHES: HEST is not enabled!
[STDOUT  ] 2017-12-25T19:25:05.56875618Z: [    5.882902] ACPI: PCI Interrupt Link [GSIG] enabled at IRQ 22
[STDOUT  ] 2017-12-25T19:25:05.578043144Z: [    5.892307] ACPI: PCI Interrupt Link [GSIH] enabled at IRQ 23
[STDOUT  ] 2017-12-25T19:25:05.582792479Z: [    5.896751] xenfs: not registering filesystem on non-xen platform
[STDOUT  ] 2017-12-25T19:25:05.584722617Z: [    5.898878] Serial: 8250/16550 driver, 4 ports, IRQ sharing disabled
[STDOUT  ] 2017-12-25T19:25:05.608473537Z: [    5.922693] 00:04: ttyS0 at I/O 0x3f8 (irq = 4, base_baud = 115200) is a 16550A
[STDOUT  ] 2017-12-25T19:25:05.618580491Z: [    5.932937] Non-volatile memory driver v1.3
[STDOUT  ] 2017-12-25T19:25:05.624510732Z: [    5.938690] Hangcheck: starting hangcheck timer 0.9.1 (tick is 180 seconds, margin is 60 seconds).
[STDOUT  ] 2017-12-25T19:25:05.628933839Z: [    5.943321] random: fast init done
[STDOUT  ] 2017-12-25T19:25:05.630170858Z: [    5.944614] random: crng init done
[STDOUT  ] 2017-12-25T19:25:05.656390929Z: [    5.970766] loop: module loaded
[STDOUT  ] 2017-12-25T19:25:05.667998979Z: [    5.982324] nbd: registered device at major 43
[STDOUT  ] 2017-12-25T19:25:05.699490051Z: [    6.013738] lpc_ich 0000:00:1f.0: I/O space for GPIO uninitialized
[STDOUT  ] 2017-12-25T19:25:05.701298141Z: [    6.015528] VMware PVSCSI driver - version 1.0.7.0-k
[STDOUT  ] 2017-12-25T19:25:05.701946516Z: [    6.016239] hv_vmbus: registering driver hv_storvsc
[STDOUT  ] 2017-12-25T19:25:05.708281593Z: [    6.022453] ACPI: PCI Interrupt Link [GSIA] enabled at IRQ 16
[STDOUT  ] 2017-12-25T19:25:05.715904487Z: [    6.029929] ahci 0000:00:1f.2: AHCI 0001.0000 32 slots 6 ports 1.5 Gbps 0x3f impl SATA mode
[STDOUT  ] 2017-12-25T19:25:05.716666262Z: [    6.030902] ahci 0000:00:1f.2: flags: 64bit ncq only 
[STDOUT  ] 2017-12-25T19:25:05.732315634Z: [    6.046692] scsi host0: ahci
[STDOUT  ] 2017-12-25T19:25:05.735443168Z: [    6.049762] scsi host1: ahci
[STDOUT  ] 2017-12-25T19:25:05.73728189Z: [    6.051623] scsi host2: ahci
[STDOUT  ] 2017-12-25T19:25:05.738872318Z: [    6.053252] scsi host3: ahci
[STDOUT  ] 2017-12-25T19:25:05.740506425Z: [    6.054904] scsi host4: ahci
[STDOUT  ] 2017-12-25T19:25:05.742172398Z: [    6.056528] scsi host5: ahci
[STDOUT  ] 2017-12-25T19:25:05.743853581Z: [    6.058072] ata1: SATA max UDMA/133 abar m4096@0xfebd2000 port 0xfebd2100 irq 24
[STDOUT  ] 2017-12-25T19:25:05.744306654Z: [    6.058551] ata2: SATA max UDMA/133 abar m4096@0xfebd2000 port 0xfebd2180 irq 24
[STDOUT  ] 2017-12-25T19:25:05.744625168Z: [    6.058883] ata3: SATA max UDMA/133 abar m4096@0xfebd2000 port 0xfebd2200 irq 24
[STDOUT  ] 2017-12-25T19:25:05.744902592Z: [    6.059210] ata4: SATA max UDMA/133 abar m4096@0xfebd2000 port 0xfebd2280 irq 24
[STDOUT  ] 2017-12-25T19:25:05.745301577Z: [    6.059564] ata5: SATA max UDMA/133 abar m4096@0xfebd2000 port 0xfebd2300 irq 24
[STDOUT  ] 2017-12-25T19:25:05.745860994Z: [    6.059941] ata6: SATA max UDMA/133 abar m4096@0xfebd2000 port 0xfebd2380 irq 24
[STDOUT  ] 2017-12-25T19:25:05.755951685Z: [    6.070224] tun: Universal TUN/TAP device driver, 1.6
[STDOUT  ] 2017-12-25T19:25:05.756179695Z: [    6.070575] tun: (C) 1999-2004 Max Krasnyansky <maxk@qualcomm.com>
[STDOUT  ] 2017-12-25T19:25:05.766362472Z: [    6.080556] VMware vmxnet3 virtual NIC driver - version 1.4.a.0-k-NAPI
[STDOUT  ] 2017-12-25T19:25:05.767270728Z: [    6.081687] hv_vmbus: registering driver hv_netvsc
[STDOUT  ] 2017-12-25T19:25:05.767556253Z: [    6.081975] Fusion MPT base driver 3.04.20
[STDOUT  ] 2017-12-25T19:25:05.767819377Z: [    6.082224] Copyright (c) 1999-2008 LSI Corporation
[STDOUT  ] 2017-12-25T19:25:05.768479821Z: [    6.082788] Fusion MPT SPI Host driver 3.04.20
[STDOUT  ] 2017-12-25T19:25:05.770383189Z: [    6.084556] i8042: PNP: PS/2 Controller [PNP0303:KBD,PNP0f13:MOU] at 0x60,0x64 irq 1,12
[STDOUT  ] 2017-12-25T19:25:05.774139522Z: [    6.088335] serio: i8042 KBD port at 0x60,0x64 irq 1
[STDOUT  ] 2017-12-25T19:25:05.774660671Z: [    6.088958] serio: i8042 AUX port at 0x60,0x64 irq 12
[STDOUT  ] 2017-12-25T19:25:05.777538022Z: [    6.091812] hv_vmbus: registering driver hyperv_keyboard
[STDOUT  ] 2017-12-25T19:25:05.779262877Z: [    6.093690] mousedev: PS/2 mouse device common for all mice
[STDOUT  ] 2017-12-25T19:25:05.783854818Z: [    6.097846] input: AT Translated Set 2 keyboard as /devices/platform/i8042/serio0/input/input1
[STDOUT  ] 2017-12-25T19:25:05.786527584Z: [    6.100694] input: PC Speaker as /devices/platform/pcspkr/input/input2
[STDOUT  ] 2017-12-25T19:25:05.789403682Z: [    6.103834] rtc_cmos 00:00: RTC can wake from S4
[STDOUT  ] 2017-12-25T19:25:05.792342983Z: [    6.106709] rtc_cmos 00:00: rtc core: registered rtc_cmos as rtc0
[STDOUT  ] 2017-12-25T19:25:05.793522858Z: [    6.107849] rtc_cmos 00:00: alarms up to one day, y3k, 114 bytes nvram, hpet irqs
[STDOUT  ] 2017-12-25T19:25:05.793966719Z: [    6.108438] i2c /dev entries driver
[STDOUT  ] 2017-12-25T19:25:05.796079848Z: [    6.110236] device-mapper: ioctl: 4.35.0-ioctl (2016-06-23) initialised: dm-devel@redhat.com
[STDOUT  ] 2017-12-25T19:25:05.79989231Z: [    6.114048] usbcore: registered new interface driver usbhid
[STDOUT  ] 2017-12-25T19:25:05.800051033Z: [    6.114447] usbhid: USB HID core driver
[STDOUT  ] 2017-12-25T19:25:05.800660776Z: [    6.114980] hv_utils: Registering HyperV Utility Driver
[STDOUT  ] 2017-12-25T19:25:05.800945427Z: [    6.115249] hv_vmbus: registering driver hv_util
[STDOUT  ] 2017-12-25T19:25:05.801072953Z: [    6.115520] hv_vmbus: registering driver hv_balloon
[STDOUT  ] 2017-12-25T19:25:05.801517546Z: [    6.115996] oprofile: using NMI interrupt.
[STDOUT  ] 2017-12-25T19:25:05.802593019Z: [    6.117011] GACT probability on
[STDOUT  ] 2017-12-25T19:25:05.802969093Z: [    6.117443] Mirror/redirect action on
[STDOUT  ] 2017-12-25T19:25:05.80375663Z: [    6.118240] Simple TC action Loaded
[STDOUT  ] 2017-12-25T19:25:05.804316837Z: [    6.118770] u32 classifier
[STDOUT  ] 2017-12-25T19:25:05.804448606Z: [    6.118915]     Performance counters on
[STDOUT  ] 2017-12-25T19:25:05.804732253Z: [    6.119108]     input device check on
[STDOUT  ] 2017-12-25T19:25:05.804929586Z: [    6.119308]     Actions configured
[STDOUT  ] 2017-12-25T19:25:05.805512987Z: [    6.119858] Netfilter messages via NETLINK v0.30.
[STDOUT  ] 2017-12-25T19:25:05.806392749Z: [    6.120662] nfnl_acct: registering with nfnetlink.
[STDOUT  ] 2017-12-25T19:25:05.807528475Z: [    6.121964] nf_conntrack version 0.5.0 (8192 buckets, 32768 max)
[STDOUT  ] 2017-12-25T19:25:05.810628639Z: [    6.124881] ctnetlink v0.93: registering with nfnetlink.
[STDOUT  ] 2017-12-25T19:25:05.813459134Z: [    6.127700] nf_tables: (c) 2007-2009 Patrick McHardy <kaber@trash.net>
[STDOUT  ] 2017-12-25T19:25:05.814229286Z: [    6.128513] nf_tables_compat: (c) 2012 Pablo Neira Ayuso <pablo@netfilter.org>
[STDOUT  ] 2017-12-25T19:25:05.816635787Z: [    6.130968] xt_time: kernel timezone is -0000
[STDOUT  ] 2017-12-25T19:25:05.817013312Z: [    6.131484] ip_set: protocol 6
[STDOUT  ] 2017-12-25T19:25:05.817874827Z: [    6.132137] IPVS: Registered protocols (TCP, UDP, SCTP, AH, ESP)
[STDOUT  ] 2017-12-25T19:25:05.818370464Z: [    6.132664] IPVS: Connection hash table configured (size=4096, memory=64Kbytes)
[STDOUT  ] 2017-12-25T19:25:05.819872004Z: [    6.134246] IPVS: Creating netns size=2104 id=0
[STDOUT  ] 2017-12-25T19:25:05.822858568Z: [    6.137263] IPVS: ipvs loaded.
[STDOUT  ] 2017-12-25T19:25:05.823203189Z: [    6.137661] IPVS: [rr] scheduler registered.
[STDOUT  ] 2017-12-25T19:25:05.823610439Z: [    6.137932] IPVS: [wrr] scheduler registered.
[STDOUT  ] 2017-12-25T19:25:05.823740222Z: [    6.138183] IPVS: [lc] scheduler registered.
[STDOUT  ] 2017-12-25T19:25:05.824062415Z: [    6.138427] IPVS: [wlc] scheduler registered.
[STDOUT  ] 2017-12-25T19:25:05.824386922Z: [    6.138655] IPVS: [fo] scheduler registered.
[STDOUT  ] 2017-12-25T19:25:05.824514948Z: [    6.138924] IPVS: [ovf] scheduler registered.
[STDOUT  ] 2017-12-25T19:25:05.825003877Z: [    6.139322] IPVS: [lblc] scheduler registered.
[STDOUT  ] 2017-12-25T19:25:05.825305146Z: [    6.139687] IPVS: [lblcr] scheduler registered.
[STDOUT  ] 2017-12-25T19:25:05.825684409Z: [    6.139987] IPVS: [dh] scheduler registered.
[STDOUT  ] 2017-12-25T19:25:05.826349843Z: [    6.140749] IPVS: [sh] scheduler registered.
[STDOUT  ] 2017-12-25T19:25:05.826695697Z: [    6.140949] IPVS: [sed] scheduler registered.
[STDOUT  ] 2017-12-25T19:25:05.826825945Z: [    6.141203] IPVS: [nq] scheduler registered.
[STDOUT  ] 2017-12-25T19:25:05.827638784Z: [    6.141901] IPVS: ftp: loaded support on port[0] = 21
[STDOUT  ] 2017-12-25T19:25:05.828436678Z: [    6.142686] ipip: IPv4 and MPLS over IPv4 tunneling driver
[STDOUT  ] 2017-12-25T19:25:05.831766445Z: [    6.146208] gre: GRE over IPv4 demultiplexor driver
[STDOUT  ] 2017-12-25T19:25:05.834407776Z: [    6.148822] ip_tables: (C) 2000-2006 Netfilter Core Team
[STDOUT  ] 2017-12-25T19:25:05.838071056Z: [    6.152288] ipt_CLUSTERIP: ClusterIP Version 0.8 loaded successfully
[STDOUT  ] 2017-12-25T19:25:05.838660387Z: [    6.152966] arp_tables: arp_tables: (C) 2002 David S. Miller
[STDOUT  ] 2017-12-25T19:25:05.840736288Z: [    6.155149] NET: Registered protocol family 10
[STDOUT  ] 2017-12-25T19:25:05.849929042Z: [    6.164088] ip6_tables: (C) 2000-2006 Netfilter Core Team
[STDOUT  ] 2017-12-25T19:25:05.857519841Z: [    6.171728] NET: Registered protocol family 17
[STDOUT  ] 2017-12-25T19:25:05.858384431Z: [    6.172790] Bridge firewalling registered
[STDOUT  ] 2017-12-25T19:25:05.858854667Z: [    6.173337] Ebtables v2.0 registered
[STDOUT  ] 2017-12-25T19:25:05.860901794Z: [    6.175097] 8021q: 802.1Q VLAN Support v1.8
[STDOUT  ] 2017-12-25T19:25:05.862228586Z: [    6.176573] 9pnet: Installing 9P2000 support
[STDOUT  ] 2017-12-25T19:25:05.863648447Z: [    6.177986] Key type dns_resolver registered
[STDOUT  ] 2017-12-25T19:25:05.864721239Z: [    6.178984] microcode: AMD CPU family 0x6 not supported
[STDOUT  ] 2017-12-25T19:25:05.867888681Z: [    6.182292] registered taskstats version 1
[STDOUT  ] 2017-12-25T19:25:06.024160077Z: [    6.338477] Key type big_key registered
[STDOUT  ] 2017-12-25T19:25:06.079564725Z: [    6.393784] ata2: SATA link down (SStatus 0 SControl 300)
[STDOUT  ] 2017-12-25T19:25:06.08248451Z: [    6.396538] ata1: SATA link up 1.5 Gbps (SStatus 113 SControl 300)
[STDOUT  ] 2017-12-25T19:25:06.087004424Z: [    6.401154] ata1.00: ATA-7: QEMU HARDDISK, 2.5+, max UDMA/100
[STDOUT  ] 2017-12-25T19:25:06.087476999Z: [    6.401551] ata1.00: 524288 sectors, multi 16: LBA48 NCQ (depth 31/32)
[STDOUT  ] 2017-12-25T19:25:06.087895443Z: [    6.402158] ata1.00: applying bridge limits
[STDOUT  ] 2017-12-25T19:25:06.090556203Z: [    6.404826] ata3: SATA link up 1.5 Gbps (SStatus 113 SControl 300)
[STDOUT  ] 2017-12-25T19:25:06.091226124Z: [    6.405546] ata3.00: ATAPI: QEMU DVD-ROM, 2.5+, max UDMA/100
[STDOUT  ] 2017-12-25T19:25:06.091515765Z: [    6.405870] ata3.00: applying bridge limits
[STDOUT  ] 2017-12-25T19:25:06.092485175Z: [    6.406846] ata3.00: configured for UDMA/100
[STDOUT  ] 2017-12-25T19:25:06.094424534Z: [    6.408621] ata4: SATA link down (SStatus 0 SControl 300)
[STDOUT  ] 2017-12-25T19:25:06.094774486Z: [    6.409192] ata1.00: configured for UDMA/100
[STDOUT  ] 2017-12-25T19:25:06.097113232Z: [    6.411249] ata6: SATA link down (SStatus 0 SControl 300)
[STDOUT  ] 2017-12-25T19:25:06.099952475Z: [    6.414461] ata5: SATA link down (SStatus 0 SControl 300)
[STDOUT  ] 2017-12-25T19:25:06.118071784Z: [    6.432097] scsi 0:0:0:0: Direct-Access     ATA      QEMU HARDDISK    2.5+ PQ: 0 ANSI: 5
[STDOUT  ] 2017-12-25T19:25:06.130653885Z: [    6.444968] sd 0:0:0:0: Attached scsi generic sg0 type 0
[STDOUT  ] 2017-12-25T19:25:06.133963018Z: [    6.448117] sd 0:0:0:0: [sda] 524288 512-byte logical blocks: (268 MB/256 MiB)
[STDOUT  ] 2017-12-25T19:25:06.138152852Z: [    6.452433] sd 0:0:0:0: [sda] Write Protect is off
[STDOUT  ] 2017-12-25T19:25:06.147991635Z: [    6.462106] scsi 2:0:0:0: CD-ROM            QEMU     QEMU DVD-ROM     2.5+ PQ: 0 ANSI: 5
[STDOUT  ] 2017-12-25T19:25:06.151920096Z: [    6.465899] sd 0:0:0:0: [sda] Write cache: enabled, read cache: enabled, doesn't support DPO or FUA
[STDOUT  ] 2017-12-25T19:25:06.168812662Z: [    6.482854] sr 2:0:0:0: [sr0] scsi3-mmc drive: 4x/4x cd/rw xa/form2 tray
[STDOUT  ] 2017-12-25T19:25:06.169277096Z: [    6.483539] cdrom: Uniform CD-ROM driver Revision: 3.20
[STDOUT  ] 2017-12-25T19:25:06.179414877Z: [    6.493775] sr 2:0:0:0: Attached scsi generic sg1 type 5
[STDOUT  ] 2017-12-25T19:25:06.198197015Z: [    6.512405] sd 0:0:0:0: [sda] Attached SCSI disk
[STDOUT  ] 2017-12-25T19:25:06.214026Z: [    6.528368] Key type encrypted registered
[STDOUT  ] 2017-12-25T19:25:06.219640007Z: [    6.533750] rtc_cmos 00:00: setting system clock to 2017-12-25 19:25:05 UTC (1514229905)
[STDOUT  ] 2017-12-25T19:25:06.350824661Z: [    6.665061] Freeing unused kernel memory: 1380K
[STDOUT  ] 2017-12-25T19:25:06.351365207Z: [    6.665387] Write protecting the kernel read-only data: 12288k
[STDOUT  ] 2017-12-25T19:25:06.356376616Z: [    6.670675] Freeing unused kernel memory: 128K
[STDOUT  ] 2017-12-25T19:25:06.413513321Z: [    6.727743] Freeing unused kernel memory: 1396K
[STDOUT  ] 2017-12-25T19:25:06.486764795Z: [    6.800966] tsc: Refined TSC clocksource calibration: 2599.925 MHz
[STDOUT  ] 2017-12-25T19:25:06.487437716Z: [    6.801431] clocksource: tsc: mask: 0xffffffffffffffff max_cycles: 0x2579f537354, max_idle_ns: 440795315525 ns
[STDOUT  ] 2017-12-25T19:25:07.501645433Z: [    7.815899] clocksource: Switched to clocksource tsc
[STDOUT  ] 2017-12-25T19:25:19.043370036Z: 
[STDOUT  ] 2017-12-25T19:25:19.043856862Z: Welcome to LinuxKit
[STDOUT  ] 2017-12-25T19:25:19.043889536Z: 
[STDOUT  ] 2017-12-25T19:25:19.044067245Z:                         ##         .
[STDOUT  ] 2017-12-25T19:25:19.044190606Z:                   ## ## ##        ==
[STDOUT  ] 2017-12-25T19:25:19.044495781Z:                ## ## ## ## ##    ===
[STDOUT  ] 2017-12-25T19:25:19.044631164Z:            /"""""""""""""""""\___/ ===
[STDOUT  ] 2017-12-25T19:25:19.044944364Z:           {                       /  ===-
[STDOUT  ] 2017-12-25T19:25:19.045240596Z:            \______ O           __/
[STDOUT  ] 2017-12-25T19:25:19.045374285Z:              \    \         __/
[STDOUT  ] 2017-12-25T19:25:19.046321817Z:               \____\_______/
[STDOUT  ] 2017-12-25T19:25:19.04648686Z: 
[STDOUT  ] 2017-12-25T19:25:19.706709013Z: [   20.020945] IPVS: Creating netns size=2104 id=1
[STDOUT  ] 2017-12-25T19:25:19.707238542Z: [   20.021385] IPVS: ftp: loaded support on port[0] = 21
[STDOUT  ] 2017-12-25T19:25:20.7426853Z: 2017/12/25 19:25:19 Creating partition on /dev/sda
[STDOUT  ] 2017-12-25T19:25:20.841441095Z: [   21.155830]  sda:
[STDOUT  ] 2017-12-25T19:25:20.906846077Z: [   21.221247]  sda:
[STDOUT  ] 2017-12-25T19:25:20.974880011Z: [   21.289030]  sda: sda1
[STDOUT  ] 2017-12-25T19:25:21.036544814Z: [   21.350890]  sda: sda1
[STDOUT  ] 2017-12-25T19:25:22.639422475Z: 2017/12/25 19:25:21 Partition /dev/sda1 successfully created!
[STDOUT  ] 2017-12-25T19:25:23.152524889Z: [   23.466773] IPVS: Creating netns size=2104 id=2
[STDOUT  ] 2017-12-25T19:25:23.152583385Z: [   23.467003] IPVS: ftp: loaded support on port[0] = 21
[STDOUT  ] 2017-12-25T19:25:24.23082247Z: [   24.544995] EXT4-fs (sda1): couldn't mount as ext3 due to feature incompatibilities
[STDOUT  ] 2017-12-25T19:25:24.238726197Z: [   24.553053] EXT4-fs (sda1): couldn't mount as ext2 due to feature incompatibilities
[STDOUT  ] 2017-12-25T19:25:24.261847345Z: [   24.576103] EXT4-fs (sda1): mounted filesystem with ordered data mode. Opts: (null)
[STDOUT  ] 2017-12-25T19:25:37.456204378Z: [   37.769064] sd 0:0:0:0: [sda] Synchronizing SCSI cache
[STDOUT  ] 2017-12-25T19:25:37.458924657Z: [   37.772948] sd 0:0:0:0: [sda] Stopping disk
[STDOUT  ] 2017-12-25T19:25:37.464044301Z: [   37.778165] ACPI: Preparing to enter system sleep state S5
[STDOUT  ] 2017-12-25T19:25:37.467174365Z: [   37.781353] reboot: Power down
[STDERR  ] 2017-12-25T19:25:37.81343876Z: + [ -f disk.img ]
[STDERR  ] 2017-12-25T19:25:37.813493691Z: + dd if=/dev/zero bs=1048576 count=256
[STDERR  ] 2017-12-25T19:25:38.0501929Z: 256+0 records in
[STDERR  ] 2017-12-25T19:25:38.050239078Z: 256+0 records out
[STDERR  ] 2017-12-25T19:25:38.050247875Z: 268435456 bytes (268 MB) copied, 0.190824 s, 1.4 GB/s
[STDERR  ] 2017-12-25T19:25:38.050498338Z: + linuxkit build -format kernel+initrd -name extend-ext4 test.yml
[STDERR  ] 2017-12-25T19:25:38.087332999Z: Extract kernel image: linuxkit/kernel:4.9.70
[STDERR  ] 2017-12-25T19:25:39.215725548Z: time="2017-12-25T19:25:39Z" level=warning msg="certificate with CN Justin Cormack is near expiry" 
[STDERR  ] 2017-12-25T19:25:39.215777227Z: time="2017-12-25T19:25:39Z" level=warning msg="certificate with CN  is near expiry" 
[STDERR  ] 2017-12-25T19:25:39.215916628Z: time="2017-12-25T19:25:39Z" level=warning msg="certificate with CN  is near expiry" 
[STDERR  ] 2017-12-25T19:25:39.257673545Z: time="2017-12-25T19:25:39Z" level=warning msg="certificate with CN Justin Cormack is near expiry" 
[STDERR  ] 2017-12-25T19:25:39.614137701Z: Add init containers:
[STDERR  ] 2017-12-25T19:25:39.614191362Z: Process init image: linuxkit/init:9250948d0de494df8a811edb3242b4584057cfe4
[STDERR  ] 2017-12-25T19:25:40.650995096Z: time="2017-12-25T19:25:40Z" level=warning msg="certificate with CN  is near expiry" 
[STDERR  ] 2017-12-25T19:25:40.651041519Z: time="2017-12-25T19:25:40Z" level=warning msg="certificate with CN  is near expiry" 
[STDERR  ] 2017-12-25T19:25:40.651246647Z: time="2017-12-25T19:25:40Z" level=warning msg="certificate with CN Justin Cormack is near expiry" 
[STDERR  ] 2017-12-25T19:25:40.654493445Z: time="2017-12-25T19:25:40Z" level=warning msg="certificate with CN Justin Cormack is near expiry" 
[STDERR  ] 2017-12-25T19:25:40.655810465Z: time="2017-12-25T19:25:40Z" level=warning msg="certificate with CN  is near expiry" 
[STDERR  ] 2017-12-25T19:25:40.820107485Z: Process init image: linuxkit/runc:abc3f292653e64a2fd488e9675ace19a55ec7023
[STDERR  ] 2017-12-25T19:25:41.840278672Z: time="2017-12-25T19:25:41Z" level=warning msg="certificate with CN  is near expiry" 
[STDERR  ] 2017-12-25T19:25:41.840512696Z: time="2017-12-25T19:25:41Z" level=warning msg="certificate with CN Justin Cormack is near expiry" 
[STDERR  ] 2017-12-25T19:25:41.840648266Z: time="2017-12-25T19:25:41Z" level=warning msg="certificate with CN  is near expiry" 
[STDERR  ] 2017-12-25T19:25:41.842502128Z: time="2017-12-25T19:25:41Z" level=warning msg="certificate with CN Justin Cormack is near expiry" 
[STDERR  ] 2017-12-25T19:25:41.843633303Z: time="2017-12-25T19:25:41Z" level=warning msg="certificate with CN  is near expiry" 
[STDERR  ] 2017-12-25T19:25:41.983245663Z: Add onboot containers:
[STDERR  ] 2017-12-25T19:25:41.983289944Z:   Create OCI config for linuxkit/extend:e550c16d8464cabeffdff80f27e6fa8278f06dbb
[STDERR  ] 2017-12-25T19:25:43.685139753Z: time="2017-12-25T19:25:43Z" level=warning msg="certificate with CN  is near expiry" 
[STDERR  ] 2017-12-25T19:25:43.685194691Z: time="2017-12-25T19:25:43Z" level=warning msg="certificate with CN Moby CI is near expiry" 
[STDERR  ] 2017-12-25T19:25:43.685204051Z: time="2017-12-25T19:25:43Z" level=warning msg="certificate with CN  is near expiry" 
[STDERR  ] 2017-12-25T19:25:43.685316846Z: time="2017-12-25T19:25:43Z" level=warning msg="certificate with CN Justin Cormack is near expiry" 
[STDERR  ] 2017-12-25T19:25:43.685429Z: time="2017-12-25T19:25:43Z" level=warning msg="certificate with CN Rolf Neugebauer is near expiry" 
[STDERR  ] 2017-12-25T19:25:43.771817851Z: time="2017-12-25T19:25:43Z" level=warning msg="certificate with CN  is near expiry" 
[STDERR  ] 2017-12-25T19:25:43.943603337Z: time="2017-12-25T19:25:43Z" level=warning msg="certificate with CN Rolf Neugebauer is near expiry" 
[STDERR  ] 2017-12-25T19:25:43.997808068Z: Pull image: docker.io/linuxkit/extend:e550c16d8464cabeffdff80f27e6fa8278f06dbb@sha256:9393e4c52007fc501a65078b17521ef184e487785cec99fbc15be468c7c21b4e
[STDERR  ] 2017-12-25T19:25:47.579330152Z:   Create OCI config for linuxkit/mount:b346ec277b7074e5c9986128a879c10a1d18742b
[STDERR  ] 2017-12-25T19:25:48.615993556Z: time="2017-12-25T19:25:48Z" level=warning msg="certificate with CN Justin Cormack is near expiry" 
[STDERR  ] 2017-12-25T19:25:48.61617532Z: time="2017-12-25T19:25:48Z" level=warning msg="certificate with CN Rolf Neugebauer is near expiry" 
[STDERR  ] 2017-12-25T19:25:48.616336213Z: time="2017-12-25T19:25:48Z" level=warning msg="certificate with CN  is near expiry" 
[STDERR  ] 2017-12-25T19:25:48.616351673Z: time="2017-12-25T19:25:48Z" level=warning msg="certificate with CN  is near expiry" 
[STDERR  ] 2017-12-25T19:25:48.620574605Z: time="2017-12-25T19:25:48Z" level=warning msg="certificate with CN Justin Cormack is near expiry" 
[STDERR  ] 2017-12-25T19:25:48.622309378Z: time="2017-12-25T19:25:48Z" level=warning msg="certificate with CN Rolf Neugebauer is near expiry" 
[STDERR  ] 2017-12-25T19:25:48.623056019Z: time="2017-12-25T19:25:48Z" level=warning msg="certificate with CN  is near expiry" 
[STDERR  ] 2017-12-25T19:25:48.998698565Z:   Create OCI config for alpine:3.7
[STDERR  ] 2017-12-25T19:25:50.19617759Z:   Create OCI config for linuxkit/poweroff:bccfe1cb04fc7bb9f03613d2314f38abd2620f29
[STDERR  ] 2017-12-25T19:25:51.224951211Z: time="2017-12-25T19:25:51Z" level=warning msg="certificate with CN  is near expiry" 
[STDERR  ] 2017-12-25T19:25:51.225041287Z: time="2017-12-25T19:25:51Z" level=warning msg="certificate with CN  is near expiry" 
[STDERR  ] 2017-12-25T19:25:51.225289665Z: time="2017-12-25T19:25:51Z" level=warning msg="certificate with CN Justin Cormack is near expiry" 
[STDERR  ] 2017-12-25T19:25:51.225490934Z: time="2017-12-25T19:25:51Z" level=warning msg="certificate with CN Rolf Neugebauer is near expiry" 
[STDERR  ] 2017-12-25T19:25:51.227206224Z: time="2017-12-25T19:25:51Z" level=warning msg="certificate with CN Rolf Neugebauer is near expiry" 
[STDERR  ] 2017-12-25T19:25:51.227997578Z: time="2017-12-25T19:25:51Z" level=warning msg="certificate with CN  is near expiry" 
[STDERR  ] 2017-12-25T19:25:53.030365668Z: Add files:
[STDERR  ] 2017-12-25T19:25:53.030419312Z:   check.sh
[STDERR  ] 2017-12-25T19:25:53.042121518Z: Create outputs:
[STDERR  ] 2017-12-25T19:25:58.740116722Z:   extend-ext4-kernel extend-ext4-initrd.img extend-ext4-cmdline
[STDERR  ] 2017-12-25T19:25:58.79720139Z: + linuxkit run -disk file=disk.img extend-ext4
[STDERR  ] 2017-12-25T19:25:58.819918594Z: Unable to find qemu-system-x86_64 within the $PATH. Using a container
[STDERR  ] 2017-12-25T19:25:58.820057401Z: Using existing disk [disk.img] format 
[STDERR  ] 2017-12-25T19:25:59.259357278Z: WARNING: Image format was not specified for 'disk.img' and probing guessed raw.
[STDERR  ] 2017-12-25T19:25:59.259405478Z:          Automatically detecting the format is dangerous for raw images, write operations on block 0 will be restricted.
[STDERR  ] 2017-12-25T19:25:59.259417859Z:          Specify the 'raw' format explicitly to remove the restrictions.
[STDERR  ] 2017-12-25T19:26:35.729579282Z: + RESULT=[    0.000000] Linux version 4.9.70-linuxkit (root@76d0ab89f7bc) (gcc version 6.4.0 (Alpine 6.4.0) ) #1 SMP Mon Dec 18 14:18:58 UTC 2017
[STDERR  ] 2017-12-25T19:26:35.729635467Z: [    0.000000] Command line: console=ttyS0 console=ttyAMA0
[STDERR  ] 2017-12-25T19:26:35.729647483Z: [    0.000000] x86/fpu: Legacy x87 FPU detected.
[STDERR  ] 2017-12-25T19:26:35.729658025Z: [    0.000000] x86/fpu: Using 'eager' FPU context switches.
[STDERR  ] 2017-12-25T19:26:35.729668561Z: [    0.000000] e820: BIOS-provided physical RAM map:
[STDERR  ] 2017-12-25T19:26:35.729678461Z: [    0.000000] BIOS-e820: [mem 0x0000000000000000-0x000000000009fbff] usable
[STDERR  ] 2017-12-25T19:26:35.729688644Z: [    0.000000] BIOS-e820: [mem 0x000000000009fc00-0x000000000009ffff] reserved
[STDERR  ] 2017-12-25T19:26:35.729698436Z: [    0.000000] BIOS-e820: [mem 0x00000000000f0000-0x00000000000fffff] reserved
[STDERR  ] 2017-12-25T19:26:35.729718094Z: [    0.000000] BIOS-e820: [mem 0x0000000000100000-0x000000003ffdefff] usable
[STDERR  ] 2017-12-25T19:26:35.729727323Z: [    0.000000] BIOS-e820: [mem 0x000000003ffdf000-0x000000003fffffff] reserved
[STDERR  ] 2017-12-25T19:26:35.729737228Z: [    0.000000] BIOS-e820: [mem 0x00000000b0000000-0x00000000bfffffff] reserved
[STDERR  ] 2017-12-25T19:26:35.729746158Z: [    0.000000] BIOS-e820: [mem 0x00000000fed1c000-0x00000000fed1ffff] reserved
[STDERR  ] 2017-12-25T19:26:35.729755359Z: [    0.000000] BIOS-e820: [mem 0x00000000fffc0000-0x00000000ffffffff] reserved
[STDERR  ] 2017-12-25T19:26:35.729764399Z: [    0.000000] NX (Execute Disable) protection: active
[STDERR  ] 2017-12-25T19:26:35.729773123Z: [    0.000000] SMBIOS 2.8 present.
[STDERR  ] 2017-12-25T19:26:35.729781639Z: [    0.000000] e820: last_pfn = 0x3ffdf max_arch_pfn = 0x400000000
[STDERR  ] 2017-12-25T19:26:35.729790347Z: [    0.000000] x86/PAT: Configuration [0-7]: WB  WC  UC- UC  WB  WC  UC- WT  
[STDERR  ] 2017-12-25T19:26:35.729799251Z: [    0.000000] found SMP MP-table at [mem 0x000f6aa0-0x000f6aaf] mapped at [ffff99cb000f6aa0]
[STDERR  ] 2017-12-25T19:26:35.729809086Z: [    0.000000] RAMDISK: [mem 0x3deb8000-0x3ffcffff]
[STDERR  ] 2017-12-25T19:26:35.729826432Z: [    0.000000] ACPI: Early table checksum verification disabled
[STDERR  ] 2017-12-25T19:26:35.729835399Z: [    0.000000] ACPI: RSDP 0x00000000000F68B0 000014 (v00 BOCHS )
[STDERR  ] 2017-12-25T19:26:35.72984439Z: [    0.000000] ACPI: RSDT 0x000000003FFE20A8 000034 (v01 BOCHS  BXPCRSDT 00000001 BXPC 00000001)
[STDERR  ] 2017-12-25T19:26:35.729853536Z: [    0.000000] ACPI: FACP 0x000000003FFE1EC8 0000F4 (v03 BOCHS  BXPCFACP 00000001 BXPC 00000001)
[STDERR  ] 2017-12-25T19:26:35.729865659Z: [    0.000000] ACPI: DSDT 0x000000003FFE0040 001E88 (v01 BOCHS  BXPCDSDT 00000001 BXPC 00000001)
[STDERR  ] 2017-12-25T19:26:35.7298753Z: [    0.000000] ACPI: FACS 0x000000003FFE0000 000040
[STDERR  ] 2017-12-25T19:26:35.729884682Z: [    0.000000] ACPI: APIC 0x000000003FFE1FBC 000078 (v01 BOCHS  BXPCAPIC 00000001 BXPC 00000001)
[STDERR  ] 2017-12-25T19:26:35.729893854Z: [    0.000000] ACPI: HPET 0x000000003FFE2034 000038 (v01 BOCHS  BXPCHPET 00000001 BXPC 00000001)
[STDERR  ] 2017-12-25T19:26:35.729910354Z: [    0.000000] ACPI: MCFG 0x000000003FFE206C 00003C (v01 BOCHS  BXPCMCFG 00000001 BXPC 00000001)
[STDERR  ] 2017-12-25T19:26:35.729922987Z: [    0.000000] Zone ranges:
[STDERR  ] 2017-12-25T19:26:35.729932324Z: [    0.000000]   DMA      [mem 0x0000000000001000-0x0000000000ffffff]
[STDERR  ] 2017-12-25T19:26:35.729963987Z: [    0.000000]   DMA32    [mem 0x0000000001000000-0x000000003ffdefff]
[STDERR  ] 2017-12-25T19:26:35.729973197Z: [    0.000000]   Normal   empty
[STDERR  ] 2017-12-25T19:26:35.729982097Z: [    0.000000] Movable zone start for each node
[STDERR  ] 2017-12-25T19:26:35.729990809Z: [    0.000000] Early memory node ranges
[STDERR  ] 2017-12-25T19:26:35.729999847Z: [    0.000000]   node   0: [mem 0x0000000000001000-0x000000000009efff]
[STDERR  ] 2017-12-25T19:26:35.730009376Z: [    0.000000]   node   0: [mem 0x0000000000100000-0x000000003ffdefff]
[STDERR  ] 2017-12-25T19:26:35.730019181Z: [    0.000000] Initmem setup node 0 [mem 0x0000000000001000-0x000000003ffdefff]
[STDERR  ] 2017-12-25T19:26:35.730029363Z: [    0.000000] ACPI: PM-Timer IO Port: 0x608
[STDERR  ] 2017-12-25T19:26:35.730038112Z: [    0.000000] ACPI: LAPIC_NMI (acpi_id[0xff] dfl dfl lint[0x1])
[STDERR  ] 2017-12-25T19:26:35.730047541Z: [    0.000000] IOAPIC[0]: apic_id 0, version 32, address 0xfec00000, GSI 0-23
[STDERR  ] 2017-12-25T19:26:35.730057649Z: [    0.000000] ACPI: INT_SRC_OVR (bus 0 bus_irq 0 global_irq 2 dfl dfl)
[STDERR  ] 2017-12-25T19:26:35.730066459Z: [    0.000000] ACPI: INT_SRC_OVR (bus 0 bus_irq 5 global_irq 5 high level)
[STDERR  ] 2017-12-25T19:26:35.730075151Z: [    0.000000] ACPI: INT_SRC_OVR (bus 0 bus_irq 9 global_irq 9 high level)
[STDERR  ] 2017-12-25T19:26:35.730084034Z: [    0.000000] ACPI: INT_SRC_OVR (bus 0 bus_irq 10 global_irq 10 high level)
[STDERR  ] 2017-12-25T19:26:35.730096638Z: [    0.000000] ACPI: INT_SRC_OVR (bus 0 bus_irq 11 global_irq 11 high level)
[STDERR  ] 2017-12-25T19:26:35.730105501Z: [    0.000000] Using ACPI (MADT) for SMP configuration information
[STDERR  ] 2017-12-25T19:26:35.730114192Z: [    0.000000] ACPI: HPET id: 0x8086a201 base: 0xfed00000
[STDERR  ] 2017-12-25T19:26:35.730123263Z: [    0.000000] smpboot: Allowing 1 CPUs, 0 hotplug CPUs
[STDERR  ] 2017-12-25T19:26:35.730134497Z: [    0.000000] e820: [mem 0x40000000-0xafffffff] available for PCI devices
[STDERR  ] 2017-12-25T19:26:35.730143223Z: [    0.000000] Booting paravirtualized kernel on bare hardware
[STDERR  ] 2017-12-25T19:26:35.730153021Z: [    0.000000] clocksource: refined-jiffies: mask: 0xffffffff max_cycles: 0xffffffff, max_idle_ns: 19112604462750000 ns
[STDERR  ] 2017-12-25T19:26:35.730162299Z: [    0.000000] setup_percpu: NR_CPUS:128 nr_cpumask_bits:128 nr_cpu_ids:1 nr_node_ids:1
[STDERR  ] 2017-12-25T19:26:35.730170789Z: [    0.000000] percpu: Embedded 35 pages/cpu @ffff99cb3dc00000 s105048 r8192 d30120 u2097152
[STDERR  ] 2017-12-25T19:26:35.730179555Z: [    0.000000] Built 1 zonelists in Zone order, mobility grouping on.  Total pages: 257896
[STDERR  ] 2017-12-25T19:26:35.730188145Z: [    0.000000] Kernel command line: console=ttyS0 console=ttyAMA0
[STDERR  ] 2017-12-25T19:26:35.730197193Z: [    0.000000] PID hash table entries: 4096 (order: 3, 32768 bytes)
[STDERR  ] 2017-12-25T19:26:35.730205869Z: [    0.000000] Dentry cache hash table entries: 131072 (order: 8, 1048576 bytes)
[STDERR  ] 2017-12-25T19:26:35.730214777Z: [    0.000000] Inode-cache hash table entries: 65536 (order: 7, 524288 bytes)
[STDERR  ] 2017-12-25T19:26:35.730223694Z: [    0.000000] Memory: 980284K/1048052K available (8048K kernel code, 1367K rwdata, 2700K rodata, 1380K init, 568K bss, 67768K reserved, 0K cma-reserved)
[STDERR  ] 2017-12-25T19:26:35.730233488Z: [    0.000000] Hierarchical RCU implementation.
[STDERR  ] 2017-12-25T19:26:35.730242226Z: [    0.000000] 	Build-time adjustment of leaf fanout to 64.
[STDERR  ] 2017-12-25T19:26:35.730251044Z: [    0.000000] 	RCU restricting CPUs from NR_CPUS=128 to nr_cpu_ids=1.
[STDERR  ] 2017-12-25T19:26:35.730285618Z: [    0.000000] RCU: Adjusting geometry for rcu_fanout_leaf=64, nr_cpu_ids=1
[STDERR  ] 2017-12-25T19:26:35.730299745Z: [    0.000000] NR_IRQS:8448 nr_irqs:256 16
[STDERR  ] 2017-12-25T19:26:35.730308467Z: [    0.000000] Console: colour VGA+ 80x25
[STDERR  ] 2017-12-25T19:26:35.73031722Z: [    0.000000] console [ttyS0] enabled
[STDERR  ] 2017-12-25T19:26:35.730325969Z: [    0.000000] clocksource: hpet: mask: 0xffffffff max_cycles: 0xffffffff, max_idle_ns: 19112604467 ns
[STDERR  ] 2017-12-25T19:26:35.730336503Z: [    0.000000] tsc: Fast TSC calibration using PIT
[STDERR  ] 2017-12-25T19:26:35.730346684Z: [    0.000000] tsc: Detected 2599.887 MHz processor
[STDERR  ] 2017-12-25T19:26:35.730355026Z: [    0.022180] Calibrating delay loop (skipped), value calculated using timer frequency.. 5199.77 BogoMIPS (lpj=25998870)
[STDERR  ] 2017-12-25T19:26:35.730363504Z: [    0.023164] pid_max: default: 32768 minimum: 301
[STDERR  ] 2017-12-25T19:26:35.730371634Z: [    0.024124] ACPI: Core revision 20160831
[STDERR  ] 2017-12-25T19:26:35.730380654Z: [    0.047567] ACPI: 1 ACPI AML tables successfully acquired and loaded
[STDERR  ] 2017-12-25T19:26:35.730389229Z: [    0.051937] Security Framework initialized
[STDERR  ] 2017-12-25T19:26:35.730398369Z: [    0.052319] Yama: becoming mindful.
[STDERR  ] 2017-12-25T19:26:35.73040801Z: [    0.054234] Mount-cache hash table entries: 2048 (order: 2, 16384 bytes)
[STDERR  ] 2017-12-25T19:26:35.730416757Z: [    0.054698] Mountpoint-cache hash table entries: 2048 (order: 2, 16384 bytes)
[STDERR  ] 2017-12-25T19:26:35.730424712Z: [    0.073115] Last level iTLB entries: 4KB 0, 2MB 0, 4MB 0
[STDERR  ] 2017-12-25T19:26:35.730432974Z: [    0.073598] Last level dTLB entries: 4KB 0, 2MB 0, 4MB 0, 1GB 0
[STDERR  ] 2017-12-25T19:26:35.730441274Z: [    0.394004] Freeing SMP alternatives memory: 20K
[STDERR  ] 2017-12-25T19:26:35.730454341Z: [    0.402820] ftrace: allocating 35540 entries in 139 pages
[STDERR  ] 2017-12-25T19:26:35.73046338Z: [    0.468870] smpboot: Max logical packages: 1
[STDERR  ] 2017-12-25T19:26:35.730472378Z: [    0.475452] ..TIMER: vector=0x30 apic1=0 pin1=2 apic2=-1 pin2=-1
[STDERR  ] 2017-12-25T19:26:35.730481398Z: [    0.580000] smpboot: CPU0: AMD QEMU Virtual CPU version 2.5+ (family: 0x6, model: 0x6, stepping: 0x3)
[STDERR  ] 2017-12-25T19:26:35.730491124Z: [    0.580000] Performance Events: PMU not available due to virtualization, using software events only.
[STDERR  ] 2017-12-25T19:26:35.730504301Z: [    0.587145] NMI watchdog: disabled (cpu0): hardware events not enabled
[STDERR  ] 2017-12-25T19:26:35.730514651Z: [    0.587461] NMI watchdog: Shutting down hard lockup detector on all cpus
[STDERR  ] 2017-12-25T19:26:35.730528442Z: [    0.591190] x86: Booted up 1 node, 1 CPUs
[STDERR  ] 2017-12-25T19:26:35.730537309Z: [    0.591584] smpboot: Total of 1 processors activated (5199.77 BogoMIPS)
[STDERR  ] 2017-12-25T19:26:35.730547413Z: [    0.607318] devtmpfs: initialized
[STDERR  ] 2017-12-25T19:26:35.730556Z: [    0.611856] x86/mm: Memory block size: 128MB
[STDERR  ] 2017-12-25T19:26:35.730565995Z: [    0.637124] clocksource: jiffies: mask: 0xffffffff max_cycles: 0xffffffff, max_idle_ns: 19112604462750000 ns
[STDERR  ] 2017-12-25T19:26:35.73057538Z: [    0.638043] futex hash table entries: 256 (order: 2, 16384 bytes)
[STDERR  ] 2017-12-25T19:26:35.730585388Z: [    0.647175] NET: Registered protocol family 16
[STDERR  ] 2017-12-25T19:26:35.730596755Z: [    0.657193] cpuidle: using governor ladder
[STDERR  ] 2017-12-25T19:26:35.730605185Z: [    0.657678] cpuidle: using governor menu
[STDERR  ] 2017-12-25T19:26:35.730614646Z: [    0.658760] ACPI: bus type PCI registered
[STDERR  ] 2017-12-25T19:26:35.730624866Z: [    0.662118] PCI: MMCONFIG for domain 0000 [bus 00-ff] at [mem 0xb0000000-0xbfffffff] (base 0xb0000000)
[STDERR  ] 2017-12-25T19:26:35.73063417Z: [    0.662764] PCI: MMCONFIG at [mem 0xb0000000-0xbfffffff] reserved in E820
[STDERR  ] 2017-12-25T19:26:35.730643622Z: [    0.663571] PCI: Using configuration type 1 for base access
[STDERR  ] 2017-12-25T19:26:35.730654518Z: [    0.701150] HugeTLB registered 2 MB page size, pre-allocated 0 pages
[STDERR  ] 2017-12-25T19:26:35.730669813Z: [    0.712378] ACPI: Added _OSI(Module Device)
[STDERR  ] 2017-12-25T19:26:35.730679349Z: [    0.712663] ACPI: Added _OSI(Processor Device)
[STDERR  ] 2017-12-25T19:26:35.730688296Z: [    0.713005] ACPI: Added _OSI(3.0 _SCP Extensions)
[STDERR  ] 2017-12-25T19:26:35.730697103Z: [    0.713235] ACPI: Added _OSI(Processor Aggregator Device)
[STDERR  ] 2017-12-25T19:26:35.730705521Z: [    0.756672] ACPI: Interpreter enabled
[STDERR  ] 2017-12-25T19:26:35.730713725Z: [    0.757485] ACPI: (supports S0 S5)
[STDERR  ] 2017-12-25T19:26:35.730725428Z: [    0.757776] ACPI: Using IOAPIC for interrupt routing
[STDERR  ] 2017-12-25T19:26:35.730733833Z: [    0.761507] PCI: Using host bridge windows from ACPI; if necessary, use "pci=nocrs" and report a bug
[STDERR  ] 2017-12-25T19:26:35.730742028Z: [    0.802431] ACPI: PCI Root Bridge [PCI0] (domain 0000 [bus 00-ff])
[STDERR  ] 2017-12-25T19:26:35.730750313Z: [    0.803381] acpi PNP0A08:00: _OSC: OS supports [ExtendedConfig ASPM ClockPM Segments MSI]
[STDERR  ] 2017-12-25T19:26:35.730758933Z: [    0.808172] acpi PNP0A08:00: _OSC: OS now controls [PCIeHotplug PME PCIeCapability]
[STDERR  ] 2017-12-25T19:26:35.730767749Z: [    0.811771] PCI host bridge to bus 0000:00
[STDERR  ] 2017-12-25T19:26:35.730776136Z: [    0.812223] pci_bus 0000:00: root bus resource [io  0x0000-0x0cf7 window]
[STDERR  ] 2017-12-25T19:26:35.730784247Z: [    0.812555] pci_bus 0000:00: root bus resource [io  0x0d00-0xffff window]
[STDERR  ] 2017-12-25T19:26:35.730793748Z: [    0.812877] pci_bus 0000:00: root bus resource [mem 0x000a0000-0x000bffff window]
[STDERR  ] 2017-12-25T19:26:35.730803591Z: [    0.813222] pci_bus 0000:00: root bus resource [mem 0xc0000000-0xfebfffff window]
[STDERR  ] 2017-12-25T19:26:35.730819685Z: [    0.813733] pci_bus 0000:00: root bus resource [bus 00-ff]
[STDERR  ] 2017-12-25T19:26:35.730829144Z: [    0.982105] pci 0000:00:1f.0: quirk: [io  0x0600-0x067f] claimed by ICH6 ACPI/GPIO/TCO
[STDERR  ] 2017-12-25T19:26:35.730838428Z: [    1.071469] ACPI: PCI Interrupt Link [LNKA] (IRQs 5 *10 11)
[STDERR  ] 2017-12-25T19:26:35.730848122Z: [    1.073307] ACPI: PCI Interrupt Link [LNKB] (IRQs 5 *10 11)
[STDERR  ] 2017-12-25T19:26:35.730856717Z: [    1.074747] ACPI: PCI Interrupt Link [LNKC] (IRQs 5 10 *11)
[STDERR  ] 2017-12-25T19:26:35.730864812Z: [    1.076152] ACPI: PCI Interrupt Link [LNKD] (IRQs 5 10 *11)
[STDERR  ] 2017-12-25T19:26:35.730873779Z: [    1.077353] ACPI: PCI Interrupt Link [LNKE] (IRQs 5 *10 11)
[STDERR  ] 2017-12-25T19:26:35.730884308Z: [    1.078828] ACPI: PCI Interrupt Link [LNKF] (IRQs 5 *10 11)
[STDERR  ] 2017-12-25T19:26:35.730892532Z: [    1.081351] ACPI: PCI Interrupt Link [LNKG] (IRQs 5 10 *11)
[STDERR  ] 2017-12-25T19:26:35.730901242Z: [    1.082530] ACPI: PCI Interrupt Link [LNKH] (IRQs 5 10 *11)
[STDERR  ] 2017-12-25T19:26:35.730909929Z: [    1.083164] ACPI: PCI Interrupt Link [GSIA] (IRQs *16)
[STDERR  ] 2017-12-25T19:26:35.730918274Z: [    1.083641] ACPI: PCI Interrupt Link [GSIB] (IRQs *17)
[STDERR  ] 2017-12-25T19:26:35.730926981Z: [    1.084105] ACPI: PCI Interrupt Link [GSIC] (IRQs *18)
[STDERR  ] 2017-12-25T19:26:35.73093566Z: [    1.084564] ACPI: PCI Interrupt Link [GSID] (IRQs *19)
[STDERR  ] 2017-12-25T19:26:35.730950915Z: [    1.085038] ACPI: PCI Interrupt Link [GSIE] (IRQs *20)
[STDERR  ] 2017-12-25T19:26:35.730959063Z: [    1.085460] ACPI: PCI Interrupt Link [GSIF] (IRQs *21)
[STDERR  ] 2017-12-25T19:26:35.730968201Z: [    1.085932] ACPI: PCI Interrupt Link [GSIG] (IRQs *22)
[STDERR  ] 2017-12-25T19:26:35.730977163Z: [    1.086453] ACPI: PCI Interrupt Link [GSIH] (IRQs *23)
[STDERR  ] 2017-12-25T19:26:35.730985756Z: [    1.089413] ACPI: Enabled 1 GPEs in block 00 to 3F
[STDERR  ] 2017-12-25T19:26:35.730994034Z: [    1.094441] SCSI subsystem initialized
[STDERR  ] 2017-12-25T19:26:35.731002501Z: [    1.096265] ACPI: bus type USB registered
[STDERR  ] 2017-12-25T19:26:35.731011098Z: [    1.097262] usbcore: registered new interface driver usbfs
[STDERR  ] 2017-12-25T19:26:35.731024377Z: [    1.097953] usbcore: registered new interface driver hub
[STDERR  ] 2017-12-25T19:26:35.731034022Z: [    1.098602] usbcore: registered new device driver usb
[STDERR  ] 2017-12-25T19:26:35.731043595Z: [    1.099571] pps_core: LinuxPPS API ver. 1 registered
[STDERR  ] 2017-12-25T19:26:35.731053016Z: [    1.100076] pps_core: Software ver. 5.3.6 - Copyright 2005-2007 Rodolfo Giometti <giometti@linux.it>
[STDERR  ] 2017-12-25T19:26:35.731062046Z: [    1.100621] PTP clock support registered
[STDERR  ] 2017-12-25T19:26:35.731070258Z: [    1.101601] wmi: Mapper loaded
[STDERR  ] 2017-12-25T19:26:35.731079202Z: [    1.102677] PCI: Using ACPI for IRQ routing
[STDERR  ] 2017-12-25T19:26:35.731087938Z: [    1.116120] NetLabel: Initializing
[STDERR  ] 2017-12-25T19:26:35.731097362Z: [    1.116349] NetLabel:  domain hash size = 128
[STDERR  ] 2017-12-25T19:26:35.731105619Z: [    1.116659] NetLabel:  protocols = UNLABELED CIPSOv4
[STDERR  ] 2017-12-25T19:26:35.731114427Z: [    1.118465] NetLabel:  unlabeled traffic allowed by default
[STDERR  ] 2017-12-25T19:26:35.731127083Z: [    1.119446] HPET: 3 timers in total, 0 timers will be used for per-cpu timer
[STDERR  ] 2017-12-25T19:26:35.731139977Z: [    1.120231] hpet0: at MMIO 0xfed00000, IRQs 2, 8, 0
[STDERR  ] 2017-12-25T19:26:35.731148438Z: [    1.120778] hpet0: 3 comparators, 64-bit 100.000000 MHz counter
[STDERR  ] 2017-12-25T19:26:35.731156183Z: [    1.127804] clocksource: Switched to clocksource hpet
[STDERR  ] 2017-12-25T19:26:35.731164152Z: [    1.301194] VFS: Disk quotas dquot_6.6.0
[STDERR  ] 2017-12-25T19:26:35.731172279Z: [    1.301768] VFS: Dquot-cache hash table entries: 512 (order 0, 4096 bytes)
[STDERR  ] 2017-12-25T19:26:35.731180503Z: [    1.305065] FS-Cache: Loaded
[STDERR  ] 2017-12-25T19:26:35.731189023Z: [    1.311559] CacheFiles: Loaded
[STDERR  ] 2017-12-25T19:26:35.731201274Z: [    1.313036] pnp: PnP ACPI init
[STDERR  ] 2017-12-25T19:26:35.731210006Z: [    1.320867] pnp: PnP ACPI: found 5 devices
[STDERR  ] 2017-12-25T19:26:35.731218316Z: [    1.358373] clocksource: acpi_pm: mask: 0xffffff max_cycles: 0xffffff, max_idle_ns: 2085701024 ns
[STDERR  ] 2017-12-25T19:26:35.731227262Z: [    1.361811] NET: Registered protocol family 2
[STDERR  ] 2017-12-25T19:26:35.731235973Z: [    1.368910] TCP established hash table entries: 8192 (order: 4, 65536 bytes)
[STDERR  ] 2017-12-25T19:26:35.731244583Z: [    1.369689] TCP bind hash table entries: 8192 (order: 5, 131072 bytes)
[STDERR  ] 2017-12-25T19:26:35.731253022Z: [    1.370522] TCP: Hash tables configured (established 8192 bind 8192)
[STDERR  ] 2017-12-25T19:26:35.731262167Z: [    1.372371] UDP hash table entries: 512 (order: 2, 16384 bytes)
[STDERR  ] 2017-12-25T19:26:35.731270663Z: [    1.372855] UDP-Lite hash table entries: 512 (order: 2, 16384 bytes)
[STDERR  ] 2017-12-25T19:26:35.73128017Z: [    1.375067] NET: Registered protocol family 1
[STDERR  ] 2017-12-25T19:26:35.731288979Z: [    1.375996] pci 0000:00:01.0: Video device with shadowed ROM at [mem 0x000c0000-0x000dffff]
[STDERR  ] 2017-12-25T19:26:35.731297848Z: [    1.384062] Unpacking initramfs...
[STDERR  ] 2017-12-25T19:26:35.731309627Z: [    6.334372] Freeing initrd memory: 33888K
[STDERR  ] 2017-12-25T19:26:35.731321692Z: [    6.353556] PCLMULQDQ-NI instructions are not detected.
[STDERR  ] 2017-12-25T19:26:35.73133Z: [    6.354693] AVX or AES-NI instructions are not detected.
[STDERR  ] 2017-12-25T19:26:35.731338643Z: [    6.355155] CPU feature 'AVX registers' is not supported.
[STDERR  ] 2017-12-25T19:26:35.731347284Z: [    6.355470] CPU feature 'AVX registers' is not supported.
[STDERR  ] 2017-12-25T19:26:35.731355569Z: [    6.355756] CPU feature 'AVX registers' is not supported.
[STDERR  ] 2017-12-25T19:26:35.731363878Z: [    6.356046] CPU feature 'AVX registers' is not supported.
[STDERR  ] 2017-12-25T19:26:35.731372065Z: [    6.356357] AVX2 or AES-NI instructions are not detected.
[STDERR  ] 2017-12-25T19:26:35.731379732Z: [    6.356678] AVX2 instructions are not detected.
[STDERR  ] 2017-12-25T19:26:35.73138776Z: [    6.362216] audit: initializing netlink subsys (disabled)
[STDERR  ] 2017-12-25T19:26:35.731400364Z: [    6.363827] audit: type=2000 audit(1514229966.360:1): initialized
[STDERR  ] 2017-12-25T19:26:35.731409203Z: [    6.369445] workingset: timestamp_bits=46 max_order=18 bucket_order=0
[STDERR  ] 2017-12-25T19:26:35.731417784Z: [    6.373366] squashfs: version 4.0 (2009/01/31) Phillip Lougher
[STDERR  ] 2017-12-25T19:26:35.731426662Z: [    6.375821] FS-Cache: Netfs 'cifs' registered for caching
[STDERR  ] 2017-12-25T19:26:35.731436252Z: [    6.376660] fuse init (API version 7.26)
[STDERR  ] 2017-12-25T19:26:35.731445002Z: [    6.382262] SGI XFS with ACLs, security attributes, no debug enabled
[STDERR  ] 2017-12-25T19:26:35.731453439Z: [    6.385392] 9p: Installing v9fs 9p2000 file system support
[STDERR  ] 2017-12-25T19:26:35.731461881Z: [    6.385842] FS-Cache: Netfs '9p' registered for caching
[STDERR  ] 2017-12-25T19:26:35.731470199Z: [    6.406271] NET: Registered protocol family 38
[STDERR  ] 2017-12-25T19:26:35.73147798Z: [    6.406782] Key type asymmetric registered
[STDERR  ] 2017-12-25T19:26:35.731485991Z: [    6.407091] Asymmetric key parser 'x509' registered
[STDERR  ] 2017-12-25T19:26:35.731497021Z: [    6.408022] Block layer SCSI generic (bsg) driver version 0.4 loaded (major 251)
[STDERR  ] 2017-12-25T19:26:35.731505786Z: [    6.409328] io scheduler noop registered
[STDERR  ] 2017-12-25T19:26:35.731513728Z: [    6.409620] io scheduler deadline registered (default)
[STDERR  ] 2017-12-25T19:26:35.731521919Z: [    6.411261] io scheduler cfq registered
[STDERR  ] 2017-12-25T19:26:35.731530405Z: [    6.413581] pci_hotplug: PCI Hot Plug PCI Core version: 0.5
[STDERR  ] 2017-12-25T19:26:35.731538966Z: [    6.414083] pciehp: PCI Express Hot Plug Controller Driver version: 0.4
[STDERR  ] 2017-12-25T19:26:35.731551352Z: [    6.414743] shpchp: Standard Hot Plug PCI Controller Driver version: 0.4
[STDERR  ] 2017-12-25T19:26:35.731560331Z: [    6.415470] hv_vmbus: registering driver hyperv_fb
[STDERR  ] 2017-12-25T19:26:35.731569394Z: [    6.418067] input: Power Button as /devices/LNXSYSTM:00/LNXPWRBN:00/input/input0
[STDERR  ] 2017-12-25T19:26:35.731577759Z: [    6.419045] ACPI: Power Button [PWRF]
[STDERR  ] 2017-12-25T19:26:35.731586438Z: [    6.424180] GHES: HEST is not enabled!
[STDERR  ] 2017-12-25T19:26:35.731594512Z: [    6.431281] ACPI: PCI Interrupt Link [GSIG] enabled at IRQ 22
[STDERR  ] 2017-12-25T19:26:35.731603297Z: [    6.443740] ACPI: PCI Interrupt Link [GSIH] enabled at IRQ 23
[STDERR  ] 2017-12-25T19:26:35.731612004Z: [    6.449448] xenfs: not registering filesystem on non-xen platform
[STDERR  ] 2017-12-25T19:26:35.73162595Z: [    6.451701] Serial: 8250/16550 driver, 4 ports, IRQ sharing disabled
[STDERR  ] 2017-12-25T19:26:35.731635171Z: [    6.475278] 00:04: ttyS0 at I/O 0x3f8 (irq = 4, base_baud = 115200) is a 16550A
[STDERR  ] 2017-12-25T19:26:35.731643209Z: [    6.485471] Non-volatile memory driver v1.3
[STDERR  ] 2017-12-25T19:26:35.731650911Z: [    6.491236] Hangcheck: starting hangcheck timer 0.9.1 (tick is 180 seconds, margin is 60 seconds).
[STDERR  ] 2017-12-25T19:26:35.731660164Z: [    6.495504] random: fast init done
[STDERR  ] 2017-12-25T19:26:35.731668801Z: [    6.496721] random: crng init done
[STDERR  ] 2017-12-25T19:26:35.73167785Z: [    6.524171] loop: module loaded
[STDERR  ] 2017-12-25T19:26:35.731688372Z: [    6.535548] nbd: registered device at major 43
[STDERR  ] 2017-12-25T19:26:35.731697733Z: [    6.565894] lpc_ich 0000:00:1f.0: I/O space for GPIO uninitialized
[STDERR  ] 2017-12-25T19:26:35.731706867Z: [    6.567694] VMware PVSCSI driver - version 1.0.7.0-k
[STDERR  ] 2017-12-25T19:26:35.73171886Z: [    6.568520] hv_vmbus: registering driver hv_storvsc
[STDERR  ] 2017-12-25T19:26:35.73172718Z: [    6.574492] ACPI: PCI Interrupt Link [GSIA] enabled at IRQ 16
[STDERR  ] 2017-12-25T19:26:35.731735462Z: [    6.580622] ahci 0000:00:1f.2: AHCI 0001.0000 32 slots 6 ports 1.5 Gbps 0x3f impl SATA mode
[STDERR  ] 2017-12-25T19:26:35.73174436Z: [    6.581201] ahci 0000:00:1f.2: flags: 64bit ncq only 
[STDERR  ] 2017-12-25T19:26:35.731758116Z: [    6.596523] scsi host0: ahci
[STDERR  ] 2017-12-25T19:26:35.731767642Z: [    6.599370] scsi host1: ahci
[STDERR  ] 2017-12-25T19:26:35.731777216Z: [    6.601781] scsi host2: ahci
[STDERR  ] 2017-12-25T19:26:35.731786073Z: [    6.604044] scsi host3: ahci
[STDERR  ] 2017-12-25T19:26:35.731794593Z: [    6.605675] scsi host4: ahci
[STDERR  ] 2017-12-25T19:26:35.73180357Z: [    6.607256] scsi host5: ahci
[STDERR  ] 2017-12-25T19:26:35.731812934Z: [    6.608682] ata1: SATA max UDMA/133 abar m4096@0xfebd2000 port 0xfebd2100 irq 24
[STDERR  ] 2017-12-25T19:26:35.731821336Z: [    6.609096] ata2: SATA max UDMA/133 abar m4096@0xfebd2000 port 0xfebd2180 irq 24
[STDERR  ] 2017-12-25T19:26:35.731829506Z: [    6.609419] ata3: SATA max UDMA/133 abar m4096@0xfebd2000 port 0xfebd2200 irq 24
[STDERR  ] 2017-12-25T19:26:35.731838315Z: [    6.609753] ata4: SATA max UDMA/133 abar m4096@0xfebd2000 port 0xfebd2280 irq 24
[STDERR  ] 2017-12-25T19:26:35.731847502Z: [    6.610115] ata5: SATA max UDMA/133 abar m4096@0xfebd2000 port 0xfebd2300 irq 24
[STDERR  ] 2017-12-25T19:26:35.731857089Z: [    6.610642] ata6: SATA max UDMA/133 abar m4096@0xfebd2000 port 0xfebd2380 irq 24
[STDERR  ] 2017-12-25T19:26:35.731865796Z: [    6.620954] tun: Universal TUN/TAP device driver, 1.6
[STDERR  ] 2017-12-25T19:26:35.731871672Z: [    6.621258] tun: (C) 1999-2004 Max Krasnyansky <maxk@qualcomm.com>
[STDERR  ] 2017-12-25T19:26:35.731877882Z: [    6.631273] VMware vmxnet3 virtual NIC driver - version 1.4.a.0-k-NAPI
[STDERR  ] 2017-12-25T19:26:35.731883672Z: [    6.632222] hv_vmbus: registering driver hv_netvsc
[STDERR  ] 2017-12-25T19:26:35.731889574Z: [    6.632572] Fusion MPT base driver 3.04.20
[STDERR  ] 2017-12-25T19:26:35.731896191Z: [    6.632743] Copyright (c) 1999-2008 LSI Corporation
[STDERR  ] 2017-12-25T19:26:35.731906091Z: [    6.633339] Fusion MPT SPI Host driver 3.04.20
[STDERR  ] 2017-12-25T19:26:35.731915487Z: [    6.635131] i8042: PNP: PS/2 Controller [PNP0303:KBD,PNP0f13:MOU] at 0x60,0x64 irq 1,12
[STDERR  ] 2017-12-25T19:26:35.731922187Z: [    6.638758] serio: i8042 KBD port at 0x60,0x64 irq 1
[STDERR  ] 2017-12-25T19:26:35.731928058Z: [    6.639310] serio: i8042 AUX port at 0x60,0x64 irq 12
[STDERR  ] 2017-12-25T19:26:35.731933933Z: [    6.642009] hv_vmbus: registering driver hyperv_keyboard
[STDERR  ] 2017-12-25T19:26:35.731948647Z: [    6.643729] mousedev: PS/2 mouse device common for all mice
[STDERR  ] 2017-12-25T19:26:35.731957362Z: [    6.647806] input: AT Translated Set 2 keyboard as /devices/platform/i8042/serio0/input/input1
[STDERR  ] 2017-12-25T19:26:35.731963901Z: [    6.649999] input: PC Speaker as /devices/platform/pcspkr/input/input2
[STDERR  ] 2017-12-25T19:26:35.731969815Z: [    6.653047] rtc_cmos 00:00: RTC can wake from S4
[STDERR  ] 2017-12-25T19:26:35.731975495Z: [    6.655911] rtc_cmos 00:00: rtc core: registered rtc_cmos as rtc0
[STDERR  ] 2017-12-25T19:26:35.73198156Z: [    6.657037] rtc_cmos 00:00: alarms up to one day, y3k, 114 bytes nvram, hpet irqs
[STDERR  ] 2017-12-25T19:26:35.731987248Z: [    6.657614] i2c /dev entries driver
[STDERR  ] 2017-12-25T19:26:35.731993174Z: [    6.659181] device-mapper: ioctl: 4.35.0-ioctl (2016-06-23) initialised: dm-devel@redhat.com
[STDERR  ] 2017-12-25T19:26:35.731999087Z: [    6.663302] usbcore: registered new interface driver usbhid
[STDERR  ] 2017-12-25T19:26:35.732005299Z: [    6.663555] usbhid: USB HID core driver
[STDERR  ] 2017-12-25T19:26:35.732015118Z: [    6.664074] hv_utils: Registering HyperV Utility Driver
[STDERR  ] 2017-12-25T19:26:35.732020886Z: [    6.664308] hv_vmbus: registering driver hv_util
[STDERR  ] 2017-12-25T19:26:35.732044781Z: [    6.664515] hv_vmbus: registering driver hv_balloon
[STDERR  ] 2017-12-25T19:26:35.732054307Z: [    6.664950] oprofile: using NMI interrupt.
[STDERR  ] 2017-12-25T19:26:35.732062428Z: [    6.665935] GACT probability on
[STDERR  ] 2017-12-25T19:26:35.732070854Z: [    6.666327] Mirror/redirect action on
[STDERR  ] 2017-12-25T19:26:35.732078403Z: [    6.667102] Simple TC action Loaded
[STDERR  ] 2017-12-25T19:26:35.732091272Z: [    6.667600] u32 classifier
[STDERR  ] 2017-12-25T19:26:35.732097722Z: [    6.667732]     Performance counters on
[STDERR  ] 2017-12-25T19:26:35.732103403Z: [    6.667911]     input device check on
[STDERR  ] 2017-12-25T19:26:35.732108995Z: [    6.668070]     Actions configured
[STDERR  ] 2017-12-25T19:26:35.732114689Z: [    6.668582] Netfilter messages via NETLINK v0.30.
[STDERR  ] 2017-12-25T19:26:35.732120603Z: [    6.669029] nfnl_acct: registering with nfnetlink.
[STDERR  ] 2017-12-25T19:26:35.732126273Z: [    6.670512] nf_conntrack version 0.5.0 (8192 buckets, 32768 max)
[STDERR  ] 2017-12-25T19:26:35.73213191Z: [    6.673528] ctnetlink v0.93: registering with nfnetlink.
[STDERR  ] 2017-12-25T19:26:35.732137705Z: [    6.676359] nf_tables: (c) 2007-2009 Patrick McHardy <kaber@trash.net>
[STDERR  ] 2017-12-25T19:26:35.732143643Z: [    6.677145] nf_tables_compat: (c) 2012 Pablo Neira Ayuso <pablo@netfilter.org>
[STDERR  ] 2017-12-25T19:26:35.732150551Z: [    6.679209] xt_time: kernel timezone is -0000
[STDERR  ] 2017-12-25T19:26:35.732156262Z: [    6.679715] ip_set: protocol 6
[STDERR  ] 2017-12-25T19:26:35.732162235Z: [    6.680612] IPVS: Registered protocols (TCP, UDP, SCTP, AH, ESP)
[STDERR  ] 2017-12-25T19:26:35.732167901Z: [    6.681116] IPVS: Connection hash table configured (size=4096, memory=64Kbytes)
[STDERR  ] 2017-12-25T19:26:35.73217401Z: [    6.682690] IPVS: Creating netns size=2104 id=0
[STDERR  ] 2017-12-25T19:26:35.732179756Z: [    6.685229] IPVS: ipvs loaded.
[STDERR  ] 2017-12-25T19:26:35.732185366Z: [    6.685543] IPVS: [rr] scheduler registered.
[STDERR  ] 2017-12-25T19:26:35.732190964Z: [    6.685785] IPVS: [wrr] scheduler registered.
[STDERR  ] 2017-12-25T19:26:35.732196567Z: [    6.685977] IPVS: [lc] scheduler registered.
[STDERR  ] 2017-12-25T19:26:35.732205041Z: [    6.686177] IPVS: [wlc] scheduler registered.
[STDERR  ] 2017-12-25T19:26:35.732213035Z: [    6.686386] IPVS: [fo] scheduler registered.
[STDERR  ] 2017-12-25T19:26:35.732218718Z: [    6.686576] IPVS: [ovf] scheduler registered.
[STDERR  ] 2017-12-25T19:26:35.732224366Z: [    6.686933] IPVS: [lblc] scheduler registered.
[STDERR  ] 2017-12-25T19:26:35.732229959Z: [    6.687278] IPVS: [lblcr] scheduler registered.
[STDERR  ] 2017-12-25T19:26:35.732235451Z: [    6.687513] IPVS: [dh] scheduler registered.
[STDERR  ] 2017-12-25T19:26:35.732241033Z: [    6.687728] IPVS: [sh] scheduler registered.
[STDERR  ] 2017-12-25T19:26:35.732246476Z: [    6.687908] IPVS: [sed] scheduler registered.
[STDERR  ] 2017-12-25T19:26:35.732255069Z: [    6.688297] IPVS: [nq] scheduler registered.
[STDERR  ] 2017-12-25T19:26:35.732260693Z: [    6.688965] IPVS: ftp: loaded support on port[0] = 21
[STDERR  ] 2017-12-25T19:26:35.732266349Z: [    6.689756] ipip: IPv4 and MPLS over IPv4 tunneling driver
[STDERR  ] 2017-12-25T19:26:35.732272657Z: [    6.693643] gre: GRE over IPv4 demultiplexor driver
[STDERR  ] 2017-12-25T19:26:35.732280576Z: [    6.696122] ip_tables: (C) 2000-2006 Netfilter Core Team
[STDERR  ] 2017-12-25T19:26:35.732288079Z: [    6.699251] ipt_CLUSTERIP: ClusterIP Version 0.8 loaded successfully
[STDERR  ] 2017-12-25T19:26:35.732295411Z: [    6.699897] arp_tables: arp_tables: (C) 2002 David S. Miller
[STDERR  ] 2017-12-25T19:26:35.732301038Z: [    6.702295] NET: Registered protocol family 10
[STDERR  ] 2017-12-25T19:26:35.732306659Z: [    6.711735] ip6_tables: (C) 2000-2006 Netfilter Core Team
[STDERR  ] 2017-12-25T19:26:35.732312337Z: [    6.718799] NET: Registered protocol family 17
[STDERR  ] 2017-12-25T19:26:35.732317871Z: [    6.719855] Bridge firewalling registered
[STDERR  ] 2017-12-25T19:26:35.732323343Z: [    6.720779] Ebtables v2.0 registered
[STDERR  ] 2017-12-25T19:26:35.732328934Z: [    6.722517] 8021q: 802.1Q VLAN Support v1.8
[STDERR  ] 2017-12-25T19:26:35.732334422Z: [    6.723865] 9pnet: Installing 9P2000 support
[STDERR  ] 2017-12-25T19:26:35.732339955Z: [    6.725259] Key type dns_resolver registered
[STDERR  ] 2017-12-25T19:26:35.732345495Z: [    6.726093] microcode: AMD CPU family 0x6 not supported
[STDERR  ] 2017-12-25T19:26:35.732354127Z: [    6.729038] registered taskstats version 1
[STDERR  ] 2017-12-25T19:26:35.732359845Z: [    6.887221] Key type big_key registered
[STDERR  ] 2017-12-25T19:26:35.732365915Z: [    6.941827] ata2: SATA link down (SStatus 0 SControl 300)
[STDERR  ] 2017-12-25T19:26:35.732371613Z: [    6.944435] ata1: SATA link up 1.5 Gbps (SStatus 113 SControl 300)
[STDERR  ] 2017-12-25T19:26:35.732377662Z: [    6.948771] ata1.00: ATA-7: QEMU HARDDISK, 2.5+, max UDMA/100
[STDERR  ] 2017-12-25T19:26:35.732383287Z: [    6.949148] ata1.00: 1048576 sectors, multi 16: LBA48 NCQ (depth 31/32)
[STDERR  ] 2017-12-25T19:26:35.73238888Z: [    6.949616] ata1.00: applying bridge limits
[STDERR  ] 2017-12-25T19:26:35.732394384Z: [    6.952941] ata3: SATA link up 1.5 Gbps (SStatus 113 SControl 300)
[STDERR  ] 2017-12-25T19:26:35.732402984Z: [    6.953772] ata3.00: ATAPI: QEMU DVD-ROM, 2.5+, max UDMA/100
[STDERR  ] 2017-12-25T19:26:35.732408687Z: [    6.954050] ata3.00: applying bridge limits
[STDERR  ] 2017-12-25T19:26:35.732414251Z: [    6.955028] ata3.00: configured for UDMA/100
[STDERR  ] 2017-12-25T19:26:35.732419846Z: [    6.956751] ata4: SATA link down (SStatus 0 SControl 300)
[STDERR  ] 2017-12-25T19:26:35.732427848Z: [    6.958340] ata1.00: configured for UDMA/100
[STDERR  ] 2017-12-25T19:26:35.732433312Z: [    6.963566] ata6: SATA link down (SStatus 0 SControl 300)
[STDERR  ] 2017-12-25T19:26:35.732438874Z: [    6.964058] ata5: SATA link down (SStatus 0 SControl 300)
[STDERR  ] 2017-12-25T19:26:35.732444421Z: [    6.974948] scsi 0:0:0:0: Direct-Access     ATA      QEMU HARDDISK    2.5+ PQ: 0 ANSI: 5
[STDERR  ] 2017-12-25T19:26:35.732450361Z: [    6.993635] sd 0:0:0:0: [sda] 1048576 512-byte logical blocks: (537 MB/512 MiB)
[STDERR  ] 2017-12-25T19:26:35.732458637Z: [    6.996095] sd 0:0:0:0: Attached scsi generic sg0 type 0
[STDERR  ] 2017-12-25T19:26:35.732464342Z: [    7.000732] sd 0:0:0:0: [sda] Write Protect is off
[STDERR  ] 2017-12-25T19:26:35.732469884Z: [    7.003496] scsi 2:0:0:0: CD-ROM            QEMU     QEMU DVD-ROM     2.5+ PQ: 0 ANSI: 5
[STDERR  ] 2017-12-25T19:26:35.732478246Z: [    7.007157] sd 0:0:0:0: [sda] Write cache: enabled, read cache: enabled, doesn't support DPO or FUA
[STDERR  ] 2017-12-25T19:26:35.732484257Z: [    7.023009] sr 2:0:0:0: [sr0] scsi3-mmc drive: 4x/4x cd/rw xa/form2 tray
[STDERR  ] 2017-12-25T19:26:35.73249032Z: [    7.023608] cdrom: Uniform CD-ROM driver Revision: 3.20
[STDERR  ] 2017-12-25T19:26:35.732506401Z: [    7.036654]  sda: sda1
[STDERR  ] 2017-12-25T19:26:35.732512113Z: [    7.039236] sr 2:0:0:0: Attached scsi generic sg1 type 5
[STDERR  ] 2017-12-25T19:26:35.732517734Z: [    7.064305] sd 0:0:0:0: [sda] Attached SCSI disk
[STDERR  ] 2017-12-25T19:26:35.732523301Z: [    7.082548] Key type encrypted registered
[STDERR  ] 2017-12-25T19:26:35.732528857Z: [    7.087472] rtc_cmos 00:00: setting system clock to 2017-12-25 19:26:07 UTC (1514229967)
[STDERR  ] 2017-12-25T19:26:35.732534599Z: [    7.220880] Freeing unused kernel memory: 1380K
[STDERR  ] 2017-12-25T19:26:35.732540094Z: [    7.221210] Write protecting the kernel read-only data: 12288k
[STDERR  ] 2017-12-25T19:26:35.732545866Z: [    7.225937] Freeing unused kernel memory: 128K
[STDERR  ] 2017-12-25T19:26:35.732551651Z: [    7.288724] Freeing unused kernel memory: 1396K
[STDERR  ] 2017-12-25T19:26:35.732557078Z: [    7.360542] tsc: Refined TSC clocksource calibration: 2599.875 MHz
[STDERR  ] 2017-12-25T19:26:35.732563516Z: [    7.361009] clocksource: tsc: mask: 0xffffffffffffffff max_cycles: 0x2579c5e5cc4, max_idle_ns: 440795265739 ns
[STDERR  ] 2017-12-25T19:26:35.73256997Z: [    8.380944] clocksource: Switched to clocksource tsc
[STDERR  ] 2017-12-25T19:26:35.732576044Z: 
[STDERR  ] 2017-12-25T19:26:35.732581895Z: Welcome to LinuxKit
[STDERR  ] 2017-12-25T19:26:35.73258758Z: 
[STDERR  ] 2017-12-25T19:26:35.732593067Z:                         ##         .
[STDERR  ] 2017-12-25T19:26:35.732598838Z:                   ## ## ##        ==
[STDERR  ] 2017-12-25T19:26:35.732604796Z:                ## ## ## ## ##    ===
[STDERR  ] 2017-12-25T19:26:35.732613291Z:            /"""""""""""""""""\___/ ===
[STDERR  ] 2017-12-25T19:26:35.732627416Z:           {                       /  ===-
[STDERR  ] 2017-12-25T19:26:35.732633047Z:            \______ O           __/
[STDERR  ] 2017-12-25T19:26:35.732639138Z:              \    \         __/
[STDERR  ] 2017-12-25T19:26:35.732644696Z:               \____\_______/
[STDERR  ] 2017-12-25T19:26:35.73265019Z: 
[STDERR  ] 2017-12-25T19:26:35.732655788Z: [   16.052081] IPVS: Creating netns size=2104 id=1
[STDERR  ] 2017-12-25T19:26:35.732661333Z: [   16.052649] IPVS: ftp: loaded support on port[0] = 21
[STDERR  ] 2017-12-25T19:26:35.732666865Z: [   17.700762]  sda:
[STDERR  ] 2017-12-25T19:26:35.73267248Z: [   17.771858]  sda:
[STDERR  ] 2017-12-25T19:26:35.732678577Z: [   17.817642]  sda: sda1
[STDERR  ] 2017-12-25T19:26:35.732684064Z: [   17.901182]  sda: sda1
[STDERR  ] 2017-12-25T19:26:35.732689567Z: [   17.960735]  sda: sda1
[STDERR  ] 2017-12-25T19:26:35.732695033Z: 2017/12/25 19:26:19 Successfully resized /dev/sda
[STDERR  ] 2017-12-25T19:26:35.732700552Z: [   20.327410] IPVS: Creating netns size=2104 id=2
[STDERR  ] 2017-12-25T19:26:35.732706096Z: [   20.327676] IPVS: ftp: loaded support on port[0] = 21
[STDERR  ] 2017-12-25T19:26:35.732711639Z: [   21.370810] EXT4-fs (sda1): couldn't mount as ext3 due to feature incompatibilities
[STDERR  ] 2017-12-25T19:26:35.732717303Z: [   21.378122] EXT4-fs (sda1): couldn't mount as ext2 due to feature incompatibilities
[STDERR  ] 2017-12-25T19:26:35.732722902Z: [   21.404283] EXT4-fs (sda1): mounted filesystem with ordered data mode. Opts: (null)
[STDERR  ] 2017-12-25T19:26:35.732728476Z: + [ -f /var/lib/docker/bar ]
[STDERR  ] 2017-12-25T19:26:35.732734028Z: + touch /var/lib/docker/foo
[STDERR  ] 2017-12-25T19:26:35.732747516Z: + grep -qE [4-5][0-9]{2}\.[0-9]{1,}M+ df -h
[STDERR  ] 2017-12-25T19:26:35.732755573Z: 
[STDERR  ] 2017-12-25T19:26:35.732764333Z: + printf extend test suite PASSED\n
[STDERR  ] 2017-12-25T19:26:35.732772951Z: extend test suite PASSED
[STDERR  ] 2017-12-25T19:26:35.732781385Z: [   34.774379] sd 0:0:0:0: [sda] Synchronizing SCSI cache
[STDERR  ] 2017-12-25T19:26:35.732789759Z: [   34.777529] sd 0:0:0:0: [sda] Stopping disk
[STDERR  ] 2017-12-25T19:26:35.732797607Z: [   34.782969] ACPI: Preparing to enter system sleep state S5
[STDERR  ] 2017-12-25T19:26:35.732805836Z: [   34.786013] reboot: Power down
[STDERR  ] 2017-12-25T19:26:35.732812017Z: + echo [    0.000000] Linux version 4.9.70-linuxkit (root@76d0ab89f7bc) (gcc version 6.4.0 (Alpine 6.4.0) ) #1 SMP Mon Dec 18 14:18:58 UTC 2017
[STDERR  ] 2017-12-25T19:26:35.732818766Z: [    0.000000] Command line: console=ttyS0 console=ttyAMA0
[STDERR  ] 2017-12-25T19:26:35.732824558Z: [    0.000000] x86/fpu: Legacy x87 FPU detected.
[STDERR  ] 2017-12-25T19:26:35.732830204Z: [    0.000000] x86/fpu: Using 'eager' FPU context switches.
[STDERR  ] 2017-12-25T19:26:35.732835754Z: [    0.000000] e820: BIOS-provided physical RAM map:
[STDERR  ] 2017-12-25T19:26:35.732841451Z: [    0.000000] BIOS-e820: [mem 0x0000000000000000-0x000000000009fbff] usable
[STDERR  ] 2017-12-25T19:26:35.732847651Z: [    0.000000] BIOS-e820: [mem 0x000000000009fc00-0x000000000009ffff] reserved
[STDERR  ] 2017-12-25T19:26:35.732853231Z: [    0.000000] BIOS-e820: [mem 0x00000000000f0000-0x00000000000fffff] reserved
[STDERR  ] 2017-12-25T19:26:35.732871833Z: [    0.000000] BIOS-e820: [mem 0x0000000000100000-0x000000003ffdefff] usable
[STDERR  ] 2017-12-25T19:26:35.732878121Z: [    0.000000] BIOS-e820: [mem 0x000000003ffdf000-0x000000003fffffff] reserved
[STDERR  ] 2017-12-25T19:26:35.732884149Z: [    0.000000] BIOS-e820: [mem 0x00000000b0000000-0x00000000bfffffff] reserved
[STDERR  ] 2017-12-25T19:26:35.732889759Z: [    0.000000] BIOS-e820: [mem 0x00000000fed1c000-0x00000000fed1ffff] reserved
[STDERR  ] 2017-12-25T19:26:35.732898194Z: [    0.000000] BIOS-e820: [mem 0x00000000fffc0000-0x00000000ffffffff] reserved
[STDERR  ] 2017-12-25T19:26:35.732903843Z: [    0.000000] NX (Execute Disable) protection: active
[STDERR  ] 2017-12-25T19:26:35.732916381Z: [    0.000000] SMBIOS 2.8 present.
[STDERR  ] 2017-12-25T19:26:35.732925752Z: [    0.000000] e820: last_pfn = 0x3ffdf max_arch_pfn = 0x400000000
[STDERR  ] 2017-12-25T19:26:35.732934453Z: [    0.000000] x86/PAT: Configuration [0-7]: WB  WC  UC- UC  WB  WC  UC- WT  
[STDERR  ] 2017-12-25T19:26:35.732945829Z: [    0.000000] found SMP MP-table at [mem 0x000f6aa0-0x000f6aaf] mapped at [ffff99cb000f6aa0]
[STDERR  ] 2017-12-25T19:26:35.732951802Z: [    0.000000] RAMDISK: [mem 0x3deb8000-0x3ffcffff]
[STDERR  ] 2017-12-25T19:26:35.73295735Z: [    0.000000] ACPI: Early table checksum verification disabled
[STDERR  ] 2017-12-25T19:26:35.732963091Z: [    0.000000] ACPI: RSDP 0x00000000000F68B0 000014 (v00 BOCHS )
[STDERR  ] 2017-12-25T19:26:35.732971159Z: [    0.000000] ACPI: RSDT 0x000000003FFE20A8 000034 (v01 BOCHS  BXPCRSDT 00000001 BXPC 00000001)
[STDERR  ] 2017-12-25T19:26:35.732977048Z: [    0.000000] ACPI: FACP 0x000000003FFE1EC8 0000F4 (v03 BOCHS  BXPCFACP 00000001 BXPC 00000001)
[STDERR  ] 2017-12-25T19:26:35.732982759Z: [    0.000000] ACPI: DSDT 0x000000003FFE0040 001E88 (v01 BOCHS  BXPCDSDT 00000001 BXPC 00000001)
[STDERR  ] 2017-12-25T19:26:35.732988365Z: [    0.000000] ACPI: FACS 0x000000003FFE0000 000040
[STDERR  ] 2017-12-25T19:26:35.732993951Z: [    0.000000] ACPI: APIC 0x000000003FFE1FBC 000078 (v01 BOCHS  BXPCAPIC 00000001 BXPC 00000001)
[STDERR  ] 2017-12-25T19:26:35.732999654Z: [    0.000000] ACPI: HPET 0x000000003FFE2034 000038 (v01 BOCHS  BXPCHPET 00000001 BXPC 00000001)
[STDERR  ] 2017-12-25T19:26:35.733005211Z: [    0.000000] ACPI: MCFG 0x000000003FFE206C 00003C (v01 BOCHS  BXPCMCFG 00000001 BXPC 00000001)
[STDERR  ] 2017-12-25T19:26:35.733010939Z: [    0.000000] Zone ranges:
[STDERR  ] 2017-12-25T19:26:35.733021112Z: [    0.000000]   DMA      [mem 0x0000000000001000-0x0000000000ffffff]
[STDERR  ] 2017-12-25T19:26:35.733026896Z: [    0.000000]   DMA32    [mem 0x0000000001000000-0x000000003ffdefff]
[STDERR  ] 2017-12-25T19:26:35.733033136Z: [    0.000000]   Normal   empty
[STDERR  ] 2017-12-25T19:26:35.733039422Z: [    0.000000] Movable zone start for each node
[STDERR  ] 2017-12-25T19:26:35.733045043Z: [    0.000000] Early memory node ranges
[STDERR  ] 2017-12-25T19:26:35.7330506Z: [    0.000000]   node   0: [mem 0x0000000000001000-0x000000000009efff]
[STDERR  ] 2017-12-25T19:26:35.733056171Z: [    0.000000]   node   0: [mem 0x0000000000100000-0x000000003ffdefff]
[STDERR  ] 2017-12-25T19:26:35.733065002Z: [    0.000000] Initmem setup node 0 [mem 0x0000000000001000-0x000000003ffdefff]
[STDERR  ] 2017-12-25T19:26:35.733071143Z: [    0.000000] ACPI: PM-Timer IO Port: 0x608
[STDERR  ] 2017-12-25T19:26:35.733076836Z: [    0.000000] ACPI: LAPIC_NMI (acpi_id[0xff] dfl dfl lint[0x1])
[STDERR  ] 2017-12-25T19:26:35.733082341Z: [    0.000000] IOAPIC[0]: apic_id 0, version 32, address 0xfec00000, GSI 0-23
[STDERR  ] 2017-12-25T19:26:35.73308787Z: [    0.000000] ACPI: INT_SRC_OVR (bus 0 bus_irq 0 global_irq 2 dfl dfl)
[STDERR  ] 2017-12-25T19:26:35.733099399Z: [    0.000000] ACPI: INT_SRC_OVR (bus 0 bus_irq 5 global_irq 5 high level)
[STDERR  ] 2017-12-25T19:26:35.733104863Z: [    0.000000] ACPI: INT_SRC_OVR (bus 0 bus_irq 9 global_irq 9 high level)
[STDERR  ] 2017-12-25T19:26:35.733110366Z: [    0.000000] ACPI: INT_SRC_OVR (bus 0 bus_irq 10 global_irq 10 high level)
[STDERR  ] 2017-12-25T19:26:35.733116021Z: [    0.000000] ACPI: INT_SRC_OVR (bus 0 bus_irq 11 global_irq 11 high level)
[STDERR  ] 2017-12-25T19:26:35.733121592Z: [    0.000000] Using ACPI (MADT) for SMP configuration information
[STDERR  ] 2017-12-25T19:26:35.733127149Z: [    0.000000] ACPI: HPET id: 0x8086a201 base: 0xfed00000
[STDERR  ] 2017-12-25T19:26:35.733132762Z: [    0.000000] smpboot: Allowing 1 CPUs, 0 hotplug CPUs
[STDERR  ] 2017-12-25T19:26:35.733138268Z: [    0.000000] e820: [mem 0x40000000-0xafffffff] available for PCI devices
[STDERR  ] 2017-12-25T19:26:35.733144299Z: [    0.000000] Booting paravirtualized kernel on bare hardware
[STDERR  ] 2017-12-25T19:26:35.733149866Z: [    0.000000] clocksource: refined-jiffies: mask: 0xffffffff max_cycles: 0xffffffff, max_idle_ns: 19112604462750000 ns
[STDERR  ] 2017-12-25T19:26:35.733159295Z: [    0.000000] setup_percpu: NR_CPUS:128 nr_cpumask_bits:128 nr_cpu_ids:1 nr_node_ids:1
[STDERR  ] 2017-12-25T19:26:35.733165192Z: [    0.000000] percpu: Embedded 35 pages/cpu @ffff99cb3dc00000 s105048 r8192 d30120 u2097152
[STDERR  ] 2017-12-25T19:26:35.733170829Z: [    0.000000] Built 1 zonelists in Zone order, mobility grouping on.  Total pages: 257896
[STDERR  ] 2017-12-25T19:26:35.733178987Z: [    0.000000] Kernel command line: console=ttyS0 console=ttyAMA0
[STDERR  ] 2017-12-25T19:26:35.733184658Z: [    0.000000] PID hash table entries: 4096 (order: 3, 32768 bytes)
[STDERR  ] 2017-12-25T19:26:35.733190429Z: [    0.000000] Dentry cache hash table entries: 131072 (order: 8, 1048576 bytes)
[STDERR  ] 2017-12-25T19:26:35.733196691Z: [    0.000000] Inode-cache hash table entries: 65536 (order: 7, 524288 bytes)
[STDERR  ] 2017-12-25T19:26:35.733202699Z: [    0.000000] Memory: 980284K/1048052K available (8048K kernel code, 1367K rwdata, 2700K rodata, 1380K init, 568K bss, 67768K reserved, 0K cma-reserved)
[STDERR  ] 2017-12-25T19:26:35.733209024Z: [    0.000000] Hierarchical RCU implementation.
[STDERR  ] 2017-12-25T19:26:35.73321479Z: [    0.000000] 	Build-time adjustment of leaf fanout to 64.
[STDERR  ] 2017-12-25T19:26:35.733220453Z: [    0.000000] 	RCU restricting CPUs from NR_CPUS=128 to nr_cpu_ids=1.
[STDERR  ] 2017-12-25T19:26:35.733226132Z: [    0.000000] RCU: Adjusting geometry for rcu_fanout_leaf=64, nr_cpu_ids=1
[STDERR  ] 2017-12-25T19:26:35.733231607Z: [    0.000000] NR_IRQS:8448 nr_irqs:256 16
[STDERR  ] 2017-12-25T19:26:35.73323731Z: [    0.000000] Console: colour VGA+ 80x25
[STDERR  ] 2017-12-25T19:26:35.733242888Z: [    0.000000] console [ttyS0] enabled
[STDERR  ] 2017-12-25T19:26:35.733251187Z: [    0.000000] clocksource: hpet: mask: 0xffffffff max_cycles: 0xffffffff, max_idle_ns: 19112604467 ns
[STDERR  ] 2017-12-25T19:26:35.733257177Z: [    0.000000] tsc: Fast TSC calibration using PIT
[STDERR  ] 2017-12-25T19:26:35.733267447Z: [    0.000000] tsc: Detected 2599.887 MHz processor
[STDERR  ] 2017-12-25T19:26:35.733273123Z: [    0.022180] Calibrating delay loop (skipped), value calculated using timer frequency.. 5199.77 BogoMIPS (lpj=25998870)
[STDERR  ] 2017-12-25T19:26:35.733278954Z: [    0.023164] pid_max: default: 32768 minimum: 301
[STDERR  ] 2017-12-25T19:26:35.733284519Z: [    0.024124] ACPI: Core revision 20160831
[STDERR  ] 2017-12-25T19:26:35.733290122Z: [    0.047567] ACPI: 1 ACPI AML tables successfully acquired and loaded
[STDERR  ] 2017-12-25T19:26:35.733295726Z: [    0.051937] Security Framework initialized
[STDERR  ] 2017-12-25T19:26:35.733301223Z: [    0.052319] Yama: becoming mindful.
[STDERR  ] 2017-12-25T19:26:35.733306648Z: [    0.054234] Mount-cache hash table entries: 2048 (order: 2, 16384 bytes)
[STDERR  ] 2017-12-25T19:26:35.73331221Z: [    0.054698] Mountpoint-cache hash table entries: 2048 (order: 2, 16384 bytes)
[STDERR  ] 2017-12-25T19:26:35.73331915Z: [    0.073115] Last level iTLB entries: 4KB 0, 2MB 0, 4MB 0
[STDERR  ] 2017-12-25T19:26:35.733324649Z: [    0.073598] Last level dTLB entries: 4KB 0, 2MB 0, 4MB 0, 1GB 0
[STDERR  ] 2017-12-25T19:26:35.7333302Z: [    0.394004] Freeing SMP alternatives memory: 20K
[STDERR  ] 2017-12-25T19:26:35.733336027Z: [    0.402820] ftrace: allocating 35540 entries in 139 pages
