[INFO    ] 2017-06-06T21:39:11.782621562Z: Running Test linuxkit.kernel.config_4.9.x in /tmp/build/test/cases/020_kernel/001_config_4.9.x
[INFO    ] 2017-06-06T21:39:11.782687717Z: Running command: [/bin/sh -x /tmp/build/test/cases/020_kernel/001_config_4.9.x/test.sh]
[STDERR  ] 2017-06-06T21:39:11.808761934Z: + set -e
[STDERR  ] 2017-06-06T21:39:11.808894714Z: + . /tmp/build/test/cases/_lib/lib.sh
[STDERR  ] 2017-06-06T21:39:11.808964561Z: + [ -f src/github.com/linuxkit/rtf/lib/lib.sh ]
[STDERR  ] 2017-06-06T21:39:11.809007008Z: + LINUXKIT_TMPDIR=/tmp/build/test/cases/_tmp
[STDERR  ] 2017-06-06T21:39:11.809042586Z: + [ -f /tmp/build/test/cases/_tmp/env.sh ]
[STDERR  ] 2017-06-06T21:39:11.809074161Z: + . /tmp/build/test/cases/_tmp/env.sh
[STDERR  ] 2017-06-06T21:39:11.809132802Z: + export LINUXKIT_EXAMPLES_DIR=/tmp/build/test/cases/../../examples
[STDERR  ] 2017-06-06T21:39:11.809156305Z: + RT_CANCEL=253
[STDERR  ] 2017-06-06T21:39:11.809189478Z: + trap clean_up EXIT
[STDERR  ] 2017-06-06T21:39:11.809233294Z: + moby build -output kernel+initrd test-kernel-config
[STDERR  ] 2017-06-06T21:39:11.822200082Z: Extract kernel image: linuxkit/kernel:4.9.x
[STDERR  ] 2017-06-06T21:39:13.875944584Z: Add init containers:
[STDERR  ] 2017-06-06T21:39:13.875992991Z: Process init image: linuxkit/init:1b8a7e394d2ec2f1fdb4d67645829d1b5bdca037
[STDERR  ] 2017-06-06T21:39:15.127346621Z: Process init image: linuxkit/runc:3a4e6cbf15470f62501b019b55e1caac5ee7689f
[STDERR  ] 2017-06-06T21:39:16.387268169Z: Process init image: linuxkit/containerd:15541037b9d84352ee4b66d8cd43d2d4a3595d41
[STDERR  ] 2017-06-06T21:39:18.114002228Z: Add onboot containers:
[STDERR  ] 2017-06-06T21:39:18.114043622Z:   Create OCI config for linuxkit/test-kernel-config:ecff41279ccbc408079a3996a956432651c6eb9c
[STDERR  ] 2017-06-06T21:39:19.603502343Z:   Create OCI config for linuxkit/poweroff:7404cf2295df89ccfa2dda41997a28307a90cf28
[STDERR  ] 2017-06-06T21:39:20.896076052Z: Create outputs:
[STDERR  ] 2017-06-06T21:39:28.798752479Z:   test-kernel-config-kernel test-kernel-config-initrd.img test-kernel-config-cmdline
[STDERR  ] 2017-06-06T21:39:28.891726936Z: + linuxkit run qemu test-kernel-config
[STDERR  ] 2017-06-06T21:39:28.916929891Z: Unable to find qemu-system-x86_64 within the $PATH. Using a container
[STDERR  ] 2017-06-06T21:40:14.991877446Z: + RESULT=[    0.000000] Linux version 4.9.30-linuxkit (root@84baa8e89c00) (gcc version 6.2.1 20160822 (Alpine 6.2.1) ) #1 SMP Tue May 30 11:40:28 UTC 2017
[STDERR  ] 2017-06-06T21:40:14.991892781Z: [    0.000000] Command line: console=ttyS0
[STDERR  ] 2017-06-06T21:40:14.991899341Z: [    0.000000] x86/fpu: Legacy x87 FPU detected.
[STDERR  ] 2017-06-06T21:40:14.991906257Z: [    0.000000] x86/fpu: Using 'eager' FPU context switches.
[STDERR  ] 2017-06-06T21:40:14.991912367Z: [    0.000000] e820: BIOS-provided physical RAM map:
[STDERR  ] 2017-06-06T21:40:14.991919657Z: [    0.000000] BIOS-e820: [mem 0x0000000000000000-0x000000000009fbff] usable
[STDERR  ] 2017-06-06T21:40:14.991925827Z: [    0.000000] BIOS-e820: [mem 0x000000000009fc00-0x000000000009ffff] reserved
[STDERR  ] 2017-06-06T21:40:14.991928787Z: [    0.000000] BIOS-e820: [mem 0x00000000000f0000-0x00000000000fffff] reserved
[STDERR  ] 2017-06-06T21:40:14.991945709Z: [    0.000000] BIOS-e820: [mem 0x0000000000100000-0x000000003ffdefff] usable
[STDERR  ] 2017-06-06T21:40:14.991948683Z: [    0.000000] BIOS-e820: [mem 0x000000003ffdf000-0x000000003fffffff] reserved
[STDERR  ] 2017-06-06T21:40:14.991961477Z: [    0.000000] BIOS-e820: [mem 0x00000000b0000000-0x00000000bfffffff] reserved
[STDERR  ] 2017-06-06T21:40:14.991964494Z: [    0.000000] BIOS-e820: [mem 0x00000000fed1c000-0x00000000fed1ffff] reserved
[STDERR  ] 2017-06-06T21:40:14.991972357Z: [    0.000000] BIOS-e820: [mem 0x00000000fffc0000-0x00000000ffffffff] reserved
[STDERR  ] 2017-06-06T21:40:14.991976881Z: [    0.000000] NX (Execute Disable) protection: active
[STDERR  ] 2017-06-06T21:40:14.991985959Z: [    0.000000] SMBIOS 2.8 present.
[STDERR  ] 2017-06-06T21:40:14.991988661Z: [    0.000000] e820: last_pfn = 0x3ffdf max_arch_pfn = 0x400000000
[STDERR  ] 2017-06-06T21:40:14.992013004Z: [    0.000000] x86/PAT: Configuration [0-7]: WB  WC  UC- UC  WB  WC  UC- WT  
[STDERR  ] 2017-06-06T21:40:14.992015961Z: [    0.000000] found SMP MP-table at [mem 0x000f6aa0-0x000f6aaf] mapped at [ffff9964800f6aa0]
[STDERR  ] 2017-06-06T21:40:14.99202545Z: [    0.000000] RAMDISK: [mem 0x3df6f000-0x3ffcffff]
[STDERR  ] 2017-06-06T21:40:14.992030824Z: [    0.000000] ACPI: Early table checksum verification disabled
[STDERR  ] 2017-06-06T21:40:14.992036204Z: [    0.000000] ACPI: RSDP 0x00000000000F68C0 000014 (v00 BOCHS )
[STDERR  ] 2017-06-06T21:40:14.992041316Z: [    0.000000] ACPI: RSDT 0x000000003FFE2404 000034 (v01 BOCHS  BXPCRSDT 00000001 BXPC 00000001)
[STDERR  ] 2017-06-06T21:40:14.992057198Z: [    0.000000] ACPI: FACP 0x000000003FFE22A4 000074 (v01 BOCHS  BXPCFACP 00000001 BXPC 00000001)
[STDERR  ] 2017-06-06T21:40:14.992064305Z: [    0.000000] ACPI: DSDT 0x000000003FFE0040 002264 (v01 BOCHS  BXPCDSDT 00000001 BXPC 00000001)
[STDERR  ] 2017-06-06T21:40:14.992069386Z: [    0.000000] ACPI: FACS 0x000000003FFE0000 000040
[STDERR  ] 2017-06-06T21:40:14.99207433Z: [    0.000000] ACPI: APIC 0x000000003FFE2318 000078 (v01 BOCHS  BXPCAPIC 00000001 BXPC 00000001)
[STDERR  ] 2017-06-06T21:40:14.992079426Z: [    0.000000] ACPI: HPET 0x000000003FFE2390 000038 (v01 BOCHS  BXPCHPET 00000001 BXPC 00000001)
[STDERR  ] 2017-06-06T21:40:14.992084311Z: [    0.000000] ACPI: MCFG 0x000000003FFE23C8 00003C (v01 BOCHS  BXPCMCFG 00000001 BXPC 00000001)
[STDERR  ] 2017-06-06T21:40:14.992086847Z: [    0.000000] Zone ranges:
[STDERR  ] 2017-06-06T21:40:14.992092245Z: [    0.000000]   DMA      [mem 0x0000000000001000-0x0000000000ffffff]
[STDERR  ] 2017-06-06T21:40:14.99209966Z: [    0.000000]   DMA32    [mem 0x0000000001000000-0x000000003ffdefff]
[STDERR  ] 2017-06-06T21:40:14.992105275Z: [    0.000000]   Normal   empty
[STDERR  ] 2017-06-06T21:40:14.992110479Z: [    0.000000] Movable zone start for each node
[STDERR  ] 2017-06-06T21:40:14.992115269Z: [    0.000000] Early memory node ranges
[STDERR  ] 2017-06-06T21:40:14.992120066Z: [    0.000000]   node   0: [mem 0x0000000000001000-0x000000000009efff]
[STDERR  ] 2017-06-06T21:40:14.992122616Z: [    0.000000]   node   0: [mem 0x0000000000100000-0x000000003ffdefff]
[STDERR  ] 2017-06-06T21:40:14.992130325Z: [    0.000000] Initmem setup node 0 [mem 0x0000000000001000-0x000000003ffdefff]
[STDERR  ] 2017-06-06T21:40:14.99213775Z: [    0.000000] ACPI: PM-Timer IO Port: 0x608
[STDERR  ] 2017-06-06T21:40:14.992140396Z: [    0.000000] ACPI: LAPIC_NMI (acpi_id[0xff] dfl dfl lint[0x1])
[STDERR  ] 2017-06-06T21:40:14.99214781Z: [    0.000000] IOAPIC[0]: apic_id 0, version 32, address 0xfec00000, GSI 0-23
[STDERR  ] 2017-06-06T21:40:14.992155127Z: [    0.000000] ACPI: INT_SRC_OVR (bus 0 bus_irq 0 global_irq 2 dfl dfl)
[STDERR  ] 2017-06-06T21:40:14.992162937Z: [    0.000000] ACPI: INT_SRC_OVR (bus 0 bus_irq 5 global_irq 5 high level)
[STDERR  ] 2017-06-06T21:40:14.992167757Z: [    0.000000] ACPI: INT_SRC_OVR (bus 0 bus_irq 9 global_irq 9 high level)
[STDERR  ] 2017-06-06T21:40:14.992170226Z: [    0.000000] ACPI: INT_SRC_OVR (bus 0 bus_irq 10 global_irq 10 high level)
[STDERR  ] 2017-06-06T21:40:14.992177229Z: [    0.000000] ACPI: INT_SRC_OVR (bus 0 bus_irq 11 global_irq 11 high level)
[STDERR  ] 2017-06-06T21:40:14.992179631Z: [    0.000000] Using ACPI (MADT) for SMP configuration information
[STDERR  ] 2017-06-06T21:40:14.992187175Z: [    0.000000] ACPI: HPET id: 0x8086a201 base: 0xfed00000
[STDERR  ] 2017-06-06T21:40:14.992189801Z: [    0.000000] smpboot: Allowing 1 CPUs, 0 hotplug CPUs
[STDERR  ] 2017-06-06T21:40:14.992194472Z: [    0.000000] e820: [mem 0x40000000-0xafffffff] available for PCI devices
[STDERR  ] 2017-06-06T21:40:14.992205118Z: [    0.000000] Booting paravirtualized kernel on bare hardware
[STDERR  ] 2017-06-06T21:40:14.992212797Z: [    0.000000] clocksource: refined-jiffies: mask: 0xffffffff max_cycles: 0xffffffff, max_idle_ns: 19112604462750000 ns
[STDERR  ] 2017-06-06T21:40:14.992217758Z: [    0.000000] setup_percpu: NR_CPUS:128 nr_cpumask_bits:128 nr_cpu_ids:1 nr_node_ids:1
[STDERR  ] 2017-06-06T21:40:14.992224817Z: [    0.000000] percpu: Embedded 35 pages/cpu @ffff9964bdc00000 s105240 r8192 d29928 u2097152
[STDERR  ] 2017-06-06T21:40:14.992229733Z: [    0.000000] Built 1 zonelists in Zone order, mobility grouping on.  Total pages: 257896
[STDERR  ] 2017-06-06T21:40:14.992236951Z: [    0.000000] Kernel command line: console=ttyS0
[STDERR  ] 2017-06-06T21:40:14.992244138Z: [    0.000000] PID hash table entries: 4096 (order: 3, 32768 bytes)
[STDERR  ] 2017-06-06T21:40:14.992249022Z: [    0.000000] Dentry cache hash table entries: 131072 (order: 8, 1048576 bytes)
[STDERR  ] 2017-06-06T21:40:14.992253813Z: [    0.000000] Inode-cache hash table entries: 65536 (order: 7, 524288 bytes)
[STDERR  ] 2017-06-06T21:40:14.992263115Z: [    0.000000] Memory: 978624K/1048052K available (9409K kernel code, 1593K rwdata, 3084K rodata, 1456K init, 604K bss, 69428K reserved, 0K cma-reserved)
[STDERR  ] 2017-06-06T21:40:14.992266011Z: [    0.000000] Hierarchical RCU implementation.
[STDERR  ] 2017-06-06T21:40:14.992270755Z: [    0.000000] 	Build-time adjustment of leaf fanout to 64.
[STDERR  ] 2017-06-06T21:40:14.99227796Z: [    0.000000] 	RCU restricting CPUs from NR_CPUS=128 to nr_cpu_ids=1.
[STDERR  ] 2017-06-06T21:40:14.99228047Z: [    0.000000] RCU: Adjusting geometry for rcu_fanout_leaf=64, nr_cpu_ids=1
[STDERR  ] 2017-06-06T21:40:14.992287882Z: [    0.000000] NR_IRQS:8448 nr_irqs:256 16
[STDERR  ] 2017-06-06T21:40:14.992295166Z: [    0.000000] Console: colour VGA+ 80x25
[STDERR  ] 2017-06-06T21:40:14.992297583Z: [    0.000000] console [ttyS0] enabled
[STDERR  ] 2017-06-06T21:40:14.992311568Z: [    0.000000] clocksource: hpet: mask: 0xffffffff max_cycles: 0xffffffff, max_idle_ns: 19112604467 ns
[STDERR  ] 2017-06-06T21:40:14.992314283Z: [    0.000000] tsc: Fast TSC calibration failed
[STDERR  ] 2017-06-06T21:40:14.992321315Z: [    0.000000] tsc: Unable to calibrate against PIT
[STDERR  ] 2017-06-06T21:40:14.992326187Z: [    0.000000] tsc: using HPET reference calibration
[STDERR  ] 2017-06-06T21:40:14.992331111Z: [    0.000000] tsc: Detected 2600.005 MHz processor
[STDERR  ] 2017-06-06T21:40:14.992333548Z: [    0.051548] Calibrating delay loop (skipped), value calculated using timer frequency.. 5200.01 BogoMIPS (lpj=26000050)
[STDERR  ] 2017-06-06T21:40:14.992340805Z: [    0.060120] pid_max: default: 32768 minimum: 301
[STDERR  ] 2017-06-06T21:40:14.992347243Z: [    0.061397] ACPI: Core revision 20160831
[STDERR  ] 2017-06-06T21:40:14.992355482Z: [    0.106254] ACPI: 1 ACPI AML tables successfully acquired and loaded
[STDERR  ] 2017-06-06T21:40:14.992360252Z: [    0.110553] Security Framework initialized
[STDERR  ] 2017-06-06T21:40:14.992365031Z: [    0.111175] Yama: becoming mindful.
[STDERR  ] 2017-06-06T21:40:14.992377077Z: [    0.113606] Mount-cache hash table entries: 2048 (order: 2, 16384 bytes)
[STDERR  ] 2017-06-06T21:40:14.992382174Z: [    0.114384] Mountpoint-cache hash table entries: 2048 (order: 2, 16384 bytes)
[STDERR  ] 2017-06-06T21:40:14.992387332Z: [    0.134919] Last level iTLB entries: 4KB 0, 2MB 0, 4MB 0
[STDERR  ] 2017-06-06T21:40:14.992392165Z: [    0.135680] Last level dTLB entries: 4KB 0, 2MB 0, 4MB 0, 1GB 0
[STDERR  ] 2017-06-06T21:40:14.99239946Z: [    0.484798] Freeing SMP alternatives memory: 24K (ffffffffb50fc000 - ffffffffb5102000)
[STDERR  ] 2017-06-06T21:40:14.992402199Z: [    0.495088] ftrace: allocating 41532 entries in 163 pages
[STDERR  ] 2017-06-06T21:40:14.992407167Z: [    0.697610] smpboot: Max logical packages: 1
[STDERR  ] 2017-06-06T21:40:14.99241435Z: [    0.704772] ..TIMER: vector=0x30 apic1=0 pin1=2 apic2=-1 pin2=-1
[STDERR  ] 2017-06-06T21:40:14.992422071Z: [    0.810000] smpboot: CPU0: AMD QEMU Virtual CPU version 2.5+ (family: 0x6, model: 0x6, stepping: 0x3)
[STDERR  ] 2017-06-06T21:40:14.99242698Z: [    0.810000] Performance Events: PMU not available due to virtualization, using software events only.
[STDERR  ] 2017-06-06T21:40:14.992434454Z: [    0.819627] NMI watchdog: disabled (cpu0): hardware events not enabled
[STDERR  ] 2017-06-06T21:40:14.992440522Z: [    0.820098] NMI watchdog: Shutting down hard lockup detector on all cpus
[STDERR  ] 2017-06-06T21:40:14.992445508Z: [    0.823257] x86: Booted up 1 node, 1 CPUs
[STDERR  ] 2017-06-06T21:40:14.99245543Z: [    0.823882] smpboot: Total of 1 processors activated (5200.01 BogoMIPS)
[STDERR  ] 2017-06-06T21:40:14.992460251Z: [    0.840300] devtmpfs: initialized
[STDERR  ] 2017-06-06T21:40:14.992468281Z: [    0.846878] x86/mm: Memory block size: 128MB
[STDERR  ] 2017-06-06T21:40:14.992473314Z: [    0.919254] clocksource: jiffies: mask: 0xffffffff max_cycles: 0xffffffff, max_idle_ns: 19112604462750000 ns
[STDERR  ] 2017-06-06T21:40:14.992475935Z: [    0.920309] futex hash table entries: 256 (order: 2, 16384 bytes)
[STDERR  ] 2017-06-06T21:40:14.99248669Z: [    0.930887] NET: Registered protocol family 16
[STDERR  ] 2017-06-06T21:40:14.992491818Z: [    0.943218] cpuidle: using governor ladder
[STDERR  ] 2017-06-06T21:40:14.992494393Z: [    0.944420] cpuidle: using governor menu
[STDERR  ] 2017-06-06T21:40:14.992501529Z: [    0.946431] ACPI: bus type PCI registered
[STDERR  ] 2017-06-06T21:40:14.992508437Z: [    0.951230] PCI: MMCONFIG for domain 0000 [bus 00-ff] at [mem 0xb0000000-0xbfffffff] (base 0xb0000000)
[STDERR  ] 2017-06-06T21:40:14.992513252Z: [    0.952932] PCI: MMCONFIG at [mem 0xb0000000-0xbfffffff] reserved in E820
[STDERR  ] 2017-06-06T21:40:14.992518139Z: [    0.955469] PCI: Using configuration type 1 for base access
[STDERR  ] 2017-06-06T21:40:14.992520669Z: [    1.031106] HugeTLB registered 2 MB page size, pre-allocated 0 pages
[STDERR  ] 2017-06-06T21:40:14.992525699Z: [    1.042432] ACPI: Added _OSI(Module Device)
[STDERR  ] 2017-06-06T21:40:14.992532999Z: [    1.043044] ACPI: Added _OSI(Processor Device)
[STDERR  ] 2017-06-06T21:40:14.992537888Z: [    1.043487] ACPI: Added _OSI(3.0 _SCP Extensions)
[STDERR  ] 2017-06-06T21:40:14.992540489Z: [    1.043934] ACPI: Added _OSI(Processor Aggregator Device)
[STDERR  ] 2017-06-06T21:40:14.992554475Z: [    1.120325] ACPI: Interpreter enabled
[STDERR  ] 2017-06-06T21:40:14.99255696Z: [    1.121606] ACPI: (supports S0 S5)
[STDERR  ] 2017-06-06T21:40:14.99256427Z: [    1.122067] ACPI: Using IOAPIC for interrupt routing
[STDERR  ] 2017-06-06T21:40:14.992566843Z: [    1.124346] PCI: Using host bridge windows from ACPI; if necessary, use "pci=nocrs" and report a bug
[STDERR  ] 2017-06-06T21:40:14.992571693Z: [    1.189514] ACPI: PCI Root Bridge [PCI0] (domain 0000 [bus 00-ff])
[STDERR  ] 2017-06-06T21:40:14.992578877Z: [    1.190785] acpi PNP0A08:00: _OSC: OS supports [ExtendedConfig ASPM ClockPM Segments MSI]
[STDERR  ] 2017-06-06T21:40:14.992583753Z: [    1.196552] acpi PNP0A08:00: _OSC: OS now controls [PCIeHotplug PME PCIeCapability]
[STDERR  ] 2017-06-06T21:40:14.992588657Z: [    1.201317] PCI host bridge to bus 0000:00
[STDERR  ] 2017-06-06T21:40:14.99259826Z: [    1.202053] pci_bus 0000:00: root bus resource [io  0x0000-0x0cf7 window]
[STDERR  ] 2017-06-06T21:40:14.992603284Z: [    1.202731] pci_bus 0000:00: root bus resource [io  0x0d00-0xffff window]
[STDERR  ] 2017-06-06T21:40:14.992610241Z: [    1.203382] pci_bus 0000:00: root bus resource [mem 0x000a0000-0x000bffff window]
[STDERR  ] 2017-06-06T21:40:14.992615119Z: [    1.204079] pci_bus 0000:00: root bus resource [mem 0xc0000000-0xfebfffff window]
[STDERR  ] 2017-06-06T21:40:14.992617729Z: [    1.205017] pci_bus 0000:00: root bus resource [bus 00-ff]
[STDERR  ] 2017-06-06T21:40:14.992624922Z: [    1.325124] pci 0000:00:1f.0: quirk: [io  0x0600-0x067f] claimed by ICH6 ACPI/GPIO/TCO
[STDERR  ] 2017-06-06T21:40:14.992627336Z: [    1.396431] ACPI: PCI Interrupt Link [LNKA] (IRQs 5 *10 11)
[STDERR  ] 2017-06-06T21:40:14.992634689Z: [    1.398941] ACPI: PCI Interrupt Link [LNKB] (IRQs 5 *10 11)
[STDERR  ] 2017-06-06T21:40:14.992637329Z: [    1.401224] ACPI: PCI Interrupt Link [LNKC] (IRQs 5 10 *11)
[STDERR  ] 2017-06-06T21:40:14.992643695Z: [    1.403252] ACPI: PCI Interrupt Link [LNKD] (IRQs 5 10 *11)
[STDERR  ] 2017-06-06T21:40:14.992650891Z: [    1.405153] ACPI: PCI Interrupt Link [LNKE] (IRQs 5 *10 11)
[STDERR  ] 2017-06-06T21:40:14.992658611Z: [    1.407070] ACPI: PCI Interrupt Link [LNKF] (IRQs 5 *10 11)
[STDERR  ] 2017-06-06T21:40:14.992665191Z: [    1.408983] ACPI: PCI Interrupt Link [LNKG] (IRQs 5 10 *11)
[STDERR  ] 2017-06-06T21:40:14.992669915Z: [    1.411350] ACPI: PCI Interrupt Link [LNKH] (IRQs 5 10 *11)
[STDERR  ] 2017-06-06T21:40:14.992674603Z: [    1.412494] ACPI: PCI Interrupt Link [GSIA] (IRQs *16)
[STDERR  ] 2017-06-06T21:40:14.992679311Z: [    1.413367] ACPI: PCI Interrupt Link [GSIB] (IRQs *17)
[STDERR  ] 2017-06-06T21:40:14.99268181Z: [    1.414221] ACPI: PCI Interrupt Link [GSIC] (IRQs *18)
[STDERR  ] 2017-06-06T21:40:14.992686442Z: [    1.415059] ACPI: PCI Interrupt Link [GSID] (IRQs *19)
[STDERR  ] 2017-06-06T21:40:14.992697316Z: [    1.415894] ACPI: PCI Interrupt Link [GSIE] (IRQs *20)
[STDERR  ] 2017-06-06T21:40:14.992700185Z: [    1.416748] ACPI: PCI Interrupt Link [GSIF] (IRQs *21)
[STDERR  ] 2017-06-06T21:40:14.992707351Z: [    1.417619] ACPI: PCI Interrupt Link [GSIG] (IRQs *22)
[STDERR  ] 2017-06-06T21:40:14.99270972Z: [    1.418461] ACPI: PCI Interrupt Link [GSIH] (IRQs *23)
[STDERR  ] 2017-06-06T21:40:14.992722508Z: [    1.422648] ACPI: Enabled 2 GPEs in block 00 to 3F
[STDERR  ] 2017-06-06T21:40:14.99272745Z: [    1.427272] SCSI subsystem initialized
[STDERR  ] 2017-06-06T21:40:14.992732191Z: [    1.430094] pps_core: LinuxPPS API ver. 1 registered
[STDERR  ] 2017-06-06T21:40:14.992736987Z: [    1.430603] pps_core: Software ver. 5.3.6 - Copyright 2005-2007 Rodolfo Giometti <giometti@linux.it>
[STDERR  ] 2017-06-06T21:40:14.992745038Z: [    1.431726] PTP clock support registered
[STDERR  ] 2017-06-06T21:40:14.992749745Z: [    1.433049] wmi: Mapper loaded
[STDERR  ] 2017-06-06T21:40:14.992754391Z: [    1.434348] PCI: Using ACPI for IRQ routing
[STDERR  ] 2017-06-06T21:40:14.992759085Z: [    1.454837] NetLabel: Initializing
[STDERR  ] 2017-06-06T21:40:14.992763852Z: [    1.455328] NetLabel:  domain hash size = 128
[STDERR  ] 2017-06-06T21:40:14.99276857Z: [    1.455759] NetLabel:  protocols = UNLABELED CIPSOv4
[STDERR  ] 2017-06-06T21:40:14.992773342Z: [    1.458109] NetLabel:  unlabeled traffic allowed by default
[STDERR  ] 2017-06-06T21:40:14.992778143Z: [    1.459578] HPET: 3 timers in total, 0 timers will be used for per-cpu timer
[STDERR  ] 2017-06-06T21:40:14.992782859Z: [    1.460455] hpet0: at MMIO 0xfed00000, IRQs 2, 8, 0
[STDERR  ] 2017-06-06T21:40:14.992785367Z: [    1.461136] hpet0: 3 comparators, 64-bit 100.000000 MHz counter
[STDERR  ] 2017-06-06T21:40:14.992792302Z: [    1.467820] clocksource: Switched to clocksource hpet
[STDERR  ] 2017-06-06T21:40:14.992796973Z: [    1.727890] VFS: Disk quotas dquot_6.6.0
[STDERR  ] 2017-06-06T21:40:14.992801736Z: [    1.729049] VFS: Dquot-cache hash table entries: 512 (order 0, 4096 bytes)
[STDERR  ] 2017-06-06T21:40:14.992806561Z: [    1.732400] FS-Cache: Loaded
[STDERR  ] 2017-06-06T21:40:14.992811256Z: [    1.737915] CacheFiles: Loaded
[STDERR  ] 2017-06-06T21:40:14.992813601Z: [    1.739973] pnp: PnP ACPI init
[STDERR  ] 2017-06-06T21:40:14.992820741Z: [    1.752271] pnp: PnP ACPI: found 5 devices
[STDERR  ] 2017-06-06T21:40:14.992823263Z: [    1.797639] clocksource: acpi_pm: mask: 0xffffff max_cycles: 0xffffff, max_idle_ns: 2085701024 ns
[STDERR  ] 2017-06-06T21:40:14.992828006Z: [    1.801579] NET: Registered protocol family 2
[STDERR  ] 2017-06-06T21:40:14.992835193Z: [    1.809862] TCP established hash table entries: 8192 (order: 4, 65536 bytes)
[STDERR  ] 2017-06-06T21:40:14.992839961Z: [    1.811454] TCP bind hash table entries: 8192 (order: 5, 131072 bytes)
[STDERR  ] 2017-06-06T21:40:14.992844803Z: [    1.813426] TCP: Hash tables configured (established 8192 bind 8192)
[STDERR  ] 2017-06-06T21:40:14.992851387Z: [    1.815212] UDP hash table entries: 512 (order: 2, 16384 bytes)
[STDERR  ] 2017-06-06T21:40:14.992858817Z: [    1.816055] UDP-Lite hash table entries: 512 (order: 2, 16384 bytes)
[STDERR  ] 2017-06-06T21:40:14.992861405Z: [    1.818686] NET: Registered protocol family 1
[STDERR  ] 2017-06-06T21:40:14.992871753Z: [    1.822783] RPC: Registered named UNIX socket transport module.
[STDERR  ] 2017-06-06T21:40:14.992879987Z: [    1.823458] RPC: Registered udp transport module.
[STDERR  ] 2017-06-06T21:40:14.992884687Z: [    1.823918] RPC: Registered tcp transport module.
[STDERR  ] 2017-06-06T21:40:14.992893731Z: [    1.824371] RPC: Registered tcp NFSv4.1 backchannel transport module.
[STDERR  ] 2017-06-06T21:40:14.992898691Z: [    1.825578] pci 0000:00:01.0: Video device with shadowed ROM at [mem 0x000c0000-0x000dffff]
[STDERR  ] 2017-06-06T21:40:14.992903764Z: [    1.835204] Unpacking initramfs...
[STDERR  ] 2017-06-06T21:40:14.992908631Z: [    6.340474] Freeing initrd memory: 33156K (ffff9964bdf6f000 - ffff9964bffd0000)
[STDERR  ] 2017-06-06T21:40:14.992916722Z: [    6.362947] PCLMULQDQ-NI instructions are not detected.
[STDERR  ] 2017-06-06T21:40:14.992921685Z: [    6.364586] AVX or AES-NI instructions are not detected.
[STDERR  ] 2017-06-06T21:40:14.992926427Z: [    6.365427] CPU feature 'AVX registers' is not supported.
[STDERR  ] 2017-06-06T21:40:14.992928976Z: [    6.365996] CPU feature 'AVX registers' is not supported.
[STDERR  ] 2017-06-06T21:40:14.992933653Z: [    6.366567] CPU feature 'AVX registers' is not supported.
[STDERR  ] 2017-06-06T21:40:14.992940907Z: [    6.367117] CPU feature 'AVX registers' is not supported.
[STDERR  ] 2017-06-06T21:40:14.992945731Z: [    6.367704] AVX2 or AES-NI instructions are not detected.
[STDERR  ] 2017-06-06T21:40:14.992950442Z: [    6.368252] AVX2 instructions are not detected.
[STDERR  ] 2017-06-06T21:40:14.992952922Z: [    6.374231] audit: initializing netlink subsys (disabled)
[STDERR  ] 2017-06-06T21:40:14.992962639Z: [    6.375905] audit: type=2000 audit(1496785176.370:1): initialized
[STDERR  ] 2017-06-06T21:40:14.992967436Z: [    6.387265] workingset: timestamp_bits=46 max_order=18 bucket_order=0
[STDERR  ] 2017-06-06T21:40:14.992972276Z: [    6.393150] FS-Cache: Netfs 'nfs' registered for caching
[STDERR  ] 2017-06-06T21:40:14.992974642Z: [    6.395450] NFS: Registering the id_resolver key type
[STDERR  ] 2017-06-06T21:40:14.99298184Z: [    6.397000] Key type id_resolver registered
[STDERR  ] 2017-06-06T21:40:14.992986613Z: [    6.397462] Key type id_legacy registered
[STDERR  ] 2017-06-06T21:40:14.992991407Z: [    6.398081] nfs4filelayout_init: NFSv4 File Layout Driver Registering...
[STDERR  ] 2017-06-06T21:40:14.992996156Z: [    6.399089] Installing knfsd (copyright (C) 1996 okir@monad.swb.de).
[STDERR  ] 2017-06-06T21:40:14.993000948Z: [    6.403128] FS-Cache: Netfs 'cifs' registered for caching
[STDERR  ] 2017-06-06T21:40:14.993005938Z: [    6.404316] ntfs: driver 2.1.32 [Flags: R/O].
[STDERR  ] 2017-06-06T21:40:14.99300843Z: [    6.405076] fuse init (API version 7.26)
[STDERR  ] 2017-06-06T21:40:14.993019689Z: [    6.407478] SGI XFS with ACLs, security attributes, no debug enabled
[STDERR  ] 2017-06-06T21:40:14.993026859Z: [    6.411830] 9p: Installing v9fs 9p2000 file system support
[STDERR  ] 2017-06-06T21:40:14.993031584Z: [    6.412615] FS-Cache: Netfs '9p' registered for caching
[STDERR  ] 2017-06-06T21:40:14.993036354Z: [    6.442939] NET: Registered protocol family 38
[STDERR  ] 2017-06-06T21:40:14.993041101Z: [    6.443977] Key type asymmetric registered
[STDERR  ] 2017-06-06T21:40:14.993043605Z: [    6.444435] Asymmetric key parser 'x509' registered
[STDERR  ] 2017-06-06T21:40:14.993050717Z: [    6.445516] Block layer SCSI generic (bsg) driver version 0.4 loaded (major 251)
[STDERR  ] 2017-06-06T21:40:14.993058092Z: [    6.447139] io scheduler noop registered
[STDERR  ] 2017-06-06T21:40:14.993062994Z: [    6.447609] io scheduler deadline registered (default)
[STDERR  ] 2017-06-06T21:40:14.993070789Z: [    6.448479] io scheduler cfq registered
[STDERR  ] 2017-06-06T21:40:14.993077802Z: [    6.452198] pci_hotplug: PCI Hot Plug PCI Core version: 0.5
[STDERR  ] 2017-06-06T21:40:14.9930853Z: [    6.453079] pciehp: PCI Express Hot Plug Controller Driver version: 0.4
[STDERR  ] 2017-06-06T21:40:14.993093126Z: [    6.454245] shpchp: Standard Hot Plug PCI Controller Driver version: 0.4
[STDERR  ] 2017-06-06T21:40:14.993111802Z: [    6.455400] hv_vmbus: registering driver hyperv_fb
[STDERR  ] 2017-06-06T21:40:14.993118894Z: [    6.458676] input: Power Button as /devices/LNXSYSTM:00/LNXPWRBN:00/input/input0
[STDERR  ] 2017-06-06T21:40:14.993121559Z: [    6.460529] ACPI: Power Button [PWRF]
[STDERR  ] 2017-06-06T21:40:14.993128567Z: [    6.465585] GHES: HEST is not enabled!
[STDERR  ] 2017-06-06T21:40:14.993130961Z: [    6.478021] ACPI: PCI Interrupt Link [GSIH] enabled at IRQ 23
[STDERR  ] 2017-06-06T21:40:14.993138284Z: [    6.486358] xenfs: not registering filesystem on non-xen platform
[STDERR  ] 2017-06-06T21:40:14.993143055Z: [    6.488886] Serial: 8250/16550 driver, 4 ports, IRQ sharing disabled
[STDERR  ] 2017-06-06T21:40:14.993153154Z: [    6.516527] 00:04: ttyS0 at I/O 0x3f8 (irq = 4, base_baud = 115200) is a 16550A
[STDERR  ] 2017-06-06T21:40:14.993161066Z: [    6.524396] Initializing Nozomi driver 2.1d
[STDERR  ] 2017-06-06T21:40:14.993168938Z: [    6.529068] Non-volatile memory driver v1.3
[STDERR  ] 2017-06-06T21:40:14.993176383Z: [    6.536174] Hangcheck: starting hangcheck timer 0.9.1 (tick is 180 seconds, margin is 60 seconds).
[STDERR  ] 2017-06-06T21:40:14.993184672Z: [    6.574634] loop: module loaded
[STDERR  ] 2017-06-06T21:40:14.99319111Z: [    6.589055] nbd: registered device at major 43
[STDERR  ] 2017-06-06T21:40:14.993195906Z: [    6.629732] lpc_ich 0000:00:1f.0: I/O space for GPIO uninitialized
[STDERR  ] 2017-06-06T21:40:14.993200632Z: [    6.632160] VMware PVSCSI driver - version 1.0.7.0-k
[STDERR  ] 2017-06-06T21:40:14.993205468Z: [    6.633143] hv_vmbus: registering driver hv_storvsc
[STDERR  ] 2017-06-06T21:40:14.993210223Z: [    6.644133] ACPI: PCI Interrupt Link [GSIA] enabled at IRQ 16
[STDERR  ] 2017-06-06T21:40:14.993212741Z: [    6.651407] ahci 0000:00:1f.2: AHCI 0001.0000 32 slots 6 ports 1.5 Gbps 0x3f impl SATA mode
[STDERR  ] 2017-06-06T21:40:14.993217521Z: [    6.652565] ahci 0000:00:1f.2: flags: 64bit ncq only 
[STDERR  ] 2017-06-06T21:40:14.993224782Z: [    6.672254] scsi host0: ahci
[STDERR  ] 2017-06-06T21:40:14.993229977Z: [    6.676310] scsi host1: ahci
[STDERR  ] 2017-06-06T21:40:14.993234734Z: [    6.678771] scsi host2: ahci
[STDERR  ] 2017-06-06T21:40:14.99323952Z: [    6.681275] scsi host3: ahci
[STDERR  ] 2017-06-06T21:40:14.993242048Z: [    6.683539] scsi host4: ahci
[STDERR  ] 2017-06-06T21:40:14.993249143Z: [    6.685778] scsi host5: ahci
[STDERR  ] 2017-06-06T21:40:14.993255304Z: [    6.687701] ata1: SATA max UDMA/133 abar m4096@0xfebf1000 port 0xfebf1100 irq 24
[STDERR  ] 2017-06-06T21:40:14.99325784Z: [    6.688539] ata2: SATA max UDMA/133 abar m4096@0xfebf1000 port 0xfebf1180 irq 24
[STDERR  ] 2017-06-06T21:40:14.993265022Z: [    6.689235] ata3: SATA max UDMA/133 abar m4096@0xfebf1000 port 0xfebf1200 irq 24
[STDERR  ] 2017-06-06T21:40:14.993267704Z: [    6.689919] ata4: SATA max UDMA/133 abar m4096@0xfebf1000 port 0xfebf1280 irq 24
[STDERR  ] 2017-06-06T21:40:14.993273939Z: [    6.690949] ata5: SATA max UDMA/133 abar m4096@0xfebf1000 port 0xfebf1300 irq 24
[STDERR  ] 2017-06-06T21:40:14.993280984Z: [    6.691654] ata6: SATA max UDMA/133 abar m4096@0xfebf1000 port 0xfebf1380 irq 24
[STDERR  ] 2017-06-06T21:40:14.99328348Z: [    6.701650] Ethernet Channel Bonding Driver: v3.7.1 (April 27, 2011)
[STDERR  ] 2017-06-06T21:40:14.993288241Z: [    6.720700] tun: Universal TUN/TAP device driver, 1.6
[STDERR  ] 2017-06-06T21:40:14.9932954Z: [    6.721405] tun: (C) 1999-2004 Max Krasnyansky <maxk@qualcomm.com>
[STDERR  ] 2017-06-06T21:40:14.993297923Z: [    6.723524] ena: Elastic Network Adapter (ENA) v1.0.2
[STDERR  ] 2017-06-06T21:40:14.993308384Z: [    6.725299] e1000: Intel(R) PRO/1000 Network Driver - version 7.3.21-k8-NAPI
[STDERR  ] 2017-06-06T21:40:14.9933132Z: [    6.726223] e1000: Copyright (c) 1999-2006 Intel Corporation.
[STDERR  ] 2017-06-06T21:40:14.993320314Z: [    6.735119] ACPI: PCI Interrupt Link [GSIG] enabled at IRQ 22
[STDERR  ] 2017-06-06T21:40:14.993325168Z: [    7.024396] ata3: SATA link up 1.5 Gbps (SStatus 113 SControl 300)
[STDERR  ] 2017-06-06T21:40:14.993330677Z: [    7.028075] ata2: SATA link down (SStatus 0 SControl 300)
[STDERR  ] 2017-06-06T21:40:14.993337968Z: [    7.029889] ata1: SATA link down (SStatus 0 SControl 300)
[STDERR  ] 2017-06-06T21:40:14.993342656Z: [    7.030846] ata5: SATA link down (SStatus 0 SControl 300)
[STDERR  ] 2017-06-06T21:40:14.993347315Z: [    7.031494] ata4: SATA link down (SStatus 0 SControl 300)
[STDERR  ] 2017-06-06T21:40:14.993352016Z: [    7.040435] ata6: SATA link down (SStatus 0 SControl 300)
[STDERR  ] 2017-06-06T21:40:14.993354546Z: [    7.042671] ata3.00: ATAPI: QEMU DVD-ROM, 2.5+, max UDMA/100
[STDERR  ] 2017-06-06T21:40:14.993361469Z: [    7.043452] ata3.00: applying bridge limits
[STDERR  ] 2017-06-06T21:40:14.993363796Z: [    7.045445] ata3.00: configured for UDMA/100
[STDERR  ] 2017-06-06T21:40:14.993382926Z: [    7.063741] scsi 2:0:0:0: CD-ROM            QEMU     QEMU DVD-ROM     2.5+ PQ: 0 ANSI: 5
[STDERR  ] 2017-06-06T21:40:14.993387803Z: [    7.083257] sr 2:0:0:0: [sr0] scsi3-mmc drive: 4x/4x cd/rw xa/form2 tray
[STDERR  ] 2017-06-06T21:40:14.993394957Z: [    7.084446] cdrom: Uniform CD-ROM driver Revision: 3.20
[STDERR  ] 2017-06-06T21:40:14.993399793Z: [    7.091622] sr 2:0:0:0: Attached scsi generic sg0 type 5
[STDERR  ] 2017-06-06T21:40:14.993404609Z: [    7.124306] e1000 0000:00:02.0 eth0: (PCI:33MHz:32-bit) 52:54:00:12:34:56
[STDERR  ] 2017-06-06T21:40:14.993412941Z: [    7.125372] e1000 0000:00:02.0 eth0: Intel(R) PRO/1000 Network Connection
[STDERR  ] 2017-06-06T21:40:14.993417759Z: [    7.126616] e1000e: Intel(R) PRO/1000 Network Driver - 3.2.6-k
[STDERR  ] 2017-06-06T21:40:14.993422507Z: [    7.127222] e1000e: Copyright(c) 1999 - 2015 Intel Corporation.
[STDERR  ] 2017-06-06T21:40:14.993427282Z: [    7.128361] igb: Intel(R) Gigabit Ethernet Network Driver - version 5.4.0-k
[STDERR  ] 2017-06-06T21:40:14.993434346Z: [    7.129108] igb: Copyright (c) 2007-2014 Intel Corporation.
[STDERR  ] 2017-06-06T21:40:14.993439197Z: [    7.130538] igbvf: Intel(R) Gigabit Virtual Function Network Driver - version 2.4.0-k
[STDERR  ] 2017-06-06T21:40:14.993443954Z: [    7.131340] igbvf: Copyright (c) 2009 - 2012 Intel Corporation.
[STDERR  ] 2017-06-06T21:40:14.993448796Z: [    7.132330] ixgbe: Intel(R) 10 Gigabit PCI Express Network Driver - version 4.4.0-k
[STDERR  ] 2017-06-06T21:40:14.993453597Z: [    7.133088] ixgbe: Copyright (c) 1999-2016 Intel Corporation.
[STDERR  ] 2017-06-06T21:40:14.993458501Z: [    7.134892] ixgbevf: Intel(R) 10 Gigabit PCI Express Virtual Function Network Driver - version 3.2.2-k
[STDERR  ] 2017-06-06T21:40:14.993461001Z: [    7.135841] ixgbevf: Copyright (c) 2009 - 2015 Intel Corporation.
[STDERR  ] 2017-06-06T21:40:14.993467322Z: [    7.137499] ixgb: Intel(R) PRO/10GbE Network Driver - version 1.0.135-k2-NAPI
[STDERR  ] 2017-06-06T21:40:14.9934746Z: [    7.138259] ixgb: Copyright (c) 1999-2008 Intel Corporation.
[STDERR  ] 2017-06-06T21:40:14.993479473Z: [    7.139503] PPP generic driver version 2.4.2
[STDERR  ] 2017-06-06T21:40:14.993484191Z: [    7.141528] PPP BSD Compression module registered
[STDERR  ] 2017-06-06T21:40:14.993492078Z: [    7.142088] PPP Deflate Compression module registered
[STDERR  ] 2017-06-06T21:40:14.993494689Z: [    7.142868] PPP MPPE Compression module registered
[STDERR  ] 2017-06-06T21:40:14.99350325Z: [    7.143387] NET: Registered protocol family 24
[STDERR  ] 2017-06-06T21:40:14.993510617Z: [    7.144174] PPTP driver version 0.8.5
[STDERR  ] 2017-06-06T21:40:14.993513094Z: [    7.145554] VMware vmxnet3 virtual NIC driver - version 1.4.a.0-k-NAPI
[STDERR  ] 2017-06-06T21:40:14.993520148Z: [    7.146717] hv_vmbus: registering driver hv_netvsc
[STDERR  ] 2017-06-06T21:40:14.993522528Z: [    7.147228] Fusion MPT base driver 3.04.20
[STDERR  ] 2017-06-06T21:40:14.993529578Z: [    7.147622] Copyright (c) 1999-2008 LSI Corporation
[STDERR  ] 2017-06-06T21:40:14.993534358Z: [    7.148404] Fusion MPT SPI Host driver 3.04.20
[STDERR  ] 2017-06-06T21:40:14.993539259Z: [    7.154325] aoe: AoE v85 initialised.
[STDERR  ] 2017-06-06T21:40:14.993546448Z: [    7.157173] i8042: PNP: PS/2 Controller [PNP0303:KBD,PNP0f13:MOU] at 0x60,0x64 irq 1,12
[STDERR  ] 2017-06-06T21:40:14.993551323Z: [    7.162017] serio: i8042 KBD port at 0x60,0x64 irq 1
[STDERR  ] 2017-06-06T21:40:14.993553858Z: [    7.162900] serio: i8042 AUX port at 0x60,0x64 irq 12
[STDERR  ] 2017-06-06T21:40:14.993558533Z: [    7.166191] hv_vmbus: registering driver hyperv_keyboard
[STDERR  ] 2017-06-06T21:40:14.993565584Z: [    7.168615] mousedev: PS/2 mouse device common for all mice
[STDERR  ] 2017-06-06T21:40:14.993570502Z: [    7.174066] input: AT Translated Set 2 keyboard as /devices/platform/i8042/serio0/input/input1
[STDERR  ] 2017-06-06T21:40:14.993577697Z: [    7.177283] input: PC Speaker as /devices/platform/pcspkr/input/input2
[STDERR  ] 2017-06-06T21:40:14.993582623Z: [    7.181386] rtc_cmos 00:00: RTC can wake from S4
[STDERR  ] 2017-06-06T21:40:14.993589202Z: [    7.184832] rtc_cmos 00:00: rtc core: registered rtc_cmos as rtc0
[STDERR  ] 2017-06-06T21:40:14.993593939Z: [    7.186329] rtc_cmos 00:00: alarms up to one day, y3k, 114 bytes nvram, hpet irqs
[STDERR  ] 2017-06-06T21:40:14.993598701Z: [    7.187336] i2c /dev entries driver
[STDERR  ] 2017-06-06T21:40:14.993607003Z: [    7.189284] device-mapper: ioctl: 4.35.0-ioctl (2016-06-23) initialised: dm-devel@redhat.com
[STDERR  ] 2017-06-06T21:40:14.993612217Z: [    7.194626] hv_utils: Registering HyperV Utility Driver
[STDERR  ] 2017-06-06T21:40:14.993619216Z: [    7.195183] hv_vmbus: registering driver hv_util
[STDERR  ] 2017-06-06T21:40:14.993626377Z: [    7.195637] hv_vmbus: registering driver hv_balloon
[STDERR  ] 2017-06-06T21:40:14.99362888Z: [    7.196384] oprofile: using NMI interrupt.
[STDERR  ] 2017-06-06T21:40:14.993633783Z: [    7.197672] GACT probability on
[STDERR  ] 2017-06-06T21:40:14.993644644Z: [    7.198356] Mirror/redirect action on
[STDERR  ] 2017-06-06T21:40:14.993647229Z: [    7.199441] Simple TC action Loaded
[STDERR  ] 2017-06-06T21:40:14.993654186Z: [    7.203313] netem: version 1.3
[STDERR  ] 2017-06-06T21:40:14.993656603Z: [    7.203705] u32 classifier
[STDERR  ] 2017-06-06T21:40:14.993663711Z: [    7.203990]     Performance counters on
[STDERR  ] 2017-06-06T21:40:14.99366852Z: [    7.204381]     input device check on
[STDERR  ] 2017-06-06T21:40:14.993673316Z: [    7.204722]     Actions configured
[STDERR  ] 2017-06-06T21:40:14.993678104Z: [    7.205479] Netfilter messages via NETLINK v0.30.
[STDERR  ] 2017-06-06T21:40:14.993682787Z: [    7.206259] nfnl_acct: registering with nfnetlink.
[STDERR  ] 2017-06-06T21:40:14.993685281Z: [    7.207790] nf_conntrack version 0.5.0 (8192 buckets, 32768 max)
[STDERR  ] 2017-06-06T21:40:14.993689943Z: [    7.211552] ctnetlink v0.93: registering with nfnetlink.
[STDERR  ] 2017-06-06T21:40:14.993697088Z: [    7.214995] nf_tables: (c) 2007-2009 Patrick McHardy <kaber@trash.net>
[STDERR  ] 2017-06-06T21:40:14.993702105Z: [    7.216130] nf_tables_compat: (c) 2012 Pablo Neira Ayuso <pablo@netfilter.org>
[STDERR  ] 2017-06-06T21:40:14.993709371Z: [    7.218949] xt_time: kernel timezone is -0000
[STDERR  ] 2017-06-06T21:40:14.99371416Z: [    7.219696] ip_set: protocol 6
[STDERR  ] 2017-06-06T21:40:14.993718945Z: [    7.220826] IPVS: Registered protocols (TCP, UDP, SCTP, AH, ESP)
[STDERR  ] 2017-06-06T21:40:14.993723739Z: [    7.221743] IPVS: Connection hash table configured (size=4096, memory=64Kbytes)
[STDERR  ] 2017-06-06T21:40:14.993728475Z: [    7.223704] IPVS: Creating netns size=2104 id=0
[STDERR  ] 2017-06-06T21:40:14.993733236Z: [    7.226420] IPVS: ipvs loaded.
[STDERR  ] 2017-06-06T21:40:14.993740097Z: [    7.226958] IPVS: [rr] scheduler registered.
[STDERR  ] 2017-06-06T21:40:14.993746786Z: [    7.227433] IPVS: [wrr] scheduler registered.
[STDERR  ] 2017-06-06T21:40:14.993751485Z: [    7.227860] IPVS: [lc] scheduler registered.
[STDERR  ] 2017-06-06T21:40:14.993753949Z: [    7.228266] IPVS: [wlc] scheduler registered.
[STDERR  ] 2017-06-06T21:40:14.99375855Z: [    7.228687] IPVS: [fo] scheduler registered.
[STDERR  ] 2017-06-06T21:40:14.993768412Z: [    7.229103] IPVS: [ovf] scheduler registered.
[STDERR  ] 2017-06-06T21:40:14.993776124Z: [    7.229735] IPVS: [lblc] scheduler registered.
[STDERR  ] 2017-06-06T21:40:14.99378089Z: [    7.230780] IPVS: [lblcr] scheduler registered.
[STDERR  ] 2017-06-06T21:40:14.99378575Z: [    7.231273] IPVS: [dh] scheduler registered.
[STDERR  ] 2017-06-06T21:40:14.993788277Z: [    7.231702] IPVS: [sh] scheduler registered.
[STDERR  ] 2017-06-06T21:40:14.993795262Z: [    7.232111] IPVS: [sed] scheduler registered.
[STDERR  ] 2017-06-06T21:40:14.993802563Z: [    7.232542] IPVS: [nq] scheduler registered.
[STDERR  ] 2017-06-06T21:40:14.99380489Z: [    7.233433] IPVS: ftp: loaded support on port[0] = 21
[STDERR  ] 2017-06-06T21:40:14.99381495Z: [    7.234529] ipip: IPv4 and MPLS over IPv4 tunneling driver
[STDERR  ] 2017-06-06T21:40:14.993817592Z: [    7.238824] gre: GRE over IPv4 demultiplexor driver
[STDERR  ] 2017-06-06T21:40:14.993824669Z: [    7.239449] ip_gre: GRE over IPv4 tunneling driver
[STDERR  ] 2017-06-06T21:40:14.993833401Z: [    7.245354] IPv4 over IPsec tunneling driver
[STDERR  ] 2017-06-06T21:40:14.99383811Z: [    7.251447] ip_tables: (C) 2000-2006 Netfilter Core Team
[STDERR  ] 2017-06-06T21:40:14.993842935Z: [    7.254902] ipt_CLUSTERIP: ClusterIP Version 0.8 loaded successfully
[STDERR  ] 2017-06-06T21:40:14.993845354Z: [    7.255916] arp_tables: arp_tables: (C) 2002 David S. Miller
[STDERR  ] 2017-06-06T21:40:14.993852469Z: [    7.257980] Initializing XFRM netlink socket
[STDERR  ] 2017-06-06T21:40:14.993857186Z: [    7.259251] NET: Registered protocol family 10
[STDERR  ] 2017-06-06T21:40:14.993861932Z: [    7.271382] mip6: Mobile IPv6
[STDERR  ] 2017-06-06T21:40:14.993866654Z: [    7.272567] ip6_tables: (C) 2000-2006 Netfilter Core Team
[STDERR  ] 2017-06-06T21:40:14.993871415Z: [    7.281025] sit: IPv6, IPv4 and MPLS over IPv4 tunneling driver
[STDERR  ] 2017-06-06T21:40:14.993873888Z: [    7.288282] ip6_gre: GRE over IPv6 tunneling driver
[STDERR  ] 2017-06-06T21:40:14.993878499Z: [    7.292641] NET: Registered protocol family 17
[STDERR  ] 2017-06-06T21:40:14.993888045Z: [    7.293537] NET: Registered protocol family 15
[STDERR  ] 2017-06-06T21:40:14.9938928Z: [    7.294663] Bridge firewalling registered
[STDERR  ] 2017-06-06T21:40:14.993897562Z: [    7.295408] Ebtables v2.0 registered
[STDERR  ] 2017-06-06T21:40:14.993904402Z: [    7.298692] l2tp_core: L2TP core driver, V2.0
[STDERR  ] 2017-06-06T21:40:14.993909163Z: [    7.299415] l2tp_ppp: PPPoL2TP kernel driver, V2.0
[STDERR  ] 2017-06-06T21:40:14.993914417Z: [    7.299920] 8021q: 802.1Q VLAN Support v1.8
[STDERR  ] 2017-06-06T21:40:14.993921903Z: [    7.302009] 9pnet: Installing 9P2000 support
[STDERR  ] 2017-06-06T21:40:14.993926655Z: [    7.303048] Key type dns_resolver registered
[STDERR  ] 2017-06-06T21:40:14.993931366Z: [    7.303650] openvswitch: Open vSwitch switching datapath
[STDERR  ] 2017-06-06T21:40:14.993933867Z: [    7.305868] mpls_gso: MPLS GSO support
[STDERR  ] 2017-06-06T21:40:14.993940973Z: [    7.306614] microcode: AMD CPU family 0x6 not supported
[STDERR  ] 2017-06-06T21:40:14.993943381Z: [    7.310704] registered taskstats version 1
[STDERR  ] 2017-06-06T21:40:14.993950591Z: [    7.362383] tsc: Refined TSC clocksource calibration: 2599.934 MHz
[STDERR  ] 2017-06-06T21:40:14.993955414Z: [    7.363272] clocksource: tsc: mask: 0xffffffffffffffff max_cycles: 0x2579fdc9b76, max_idle_ns: 440795242230 ns
[STDERR  ] 2017-06-06T21:40:14.993960226Z: [    7.502642] Key type big_key registered
[STDERR  ] 2017-06-06T21:40:14.993965017Z: [    7.547115] Key type encrypted registered
[STDERR  ] 2017-06-06T21:40:14.993969937Z: [    7.552318] rtc_cmos 00:00: setting system clock to 2017-06-06 21:39:38 UTC (1496785178)
[STDERR  ] 2017-06-06T21:40:14.993972509Z: [    7.698903] Freeing unused kernel memory: 1456K (ffffffffb4f90000 - ffffffffb50fc000)
[STDERR  ] 2017-06-06T21:40:14.993983558Z: [    7.700108] Write protecting the kernel read-only data: 14336k
[STDERR  ] 2017-06-06T21:40:14.993988664Z: [    7.709568] Freeing unused kernel memory: 816K (ffff9964a8934000 - ffff9964a8a00000)
[STDERR  ] 2017-06-06T21:40:14.993999091Z: [    7.775906] Freeing unused kernel memory: 1012K (ffff9964a8d03000 - ffff9964a8e00000)
[STDERR  ] 2017-06-06T21:40:14.994001652Z: [    8.380984] clocksource: Switched to clocksource tsc
[STDERR  ] 2017-06-06T21:40:14.994006288Z: 
[STDERR  ] 2017-06-06T21:40:14.994013578Z: Welcome to LinuxKit
[STDERR  ] 2017-06-06T21:40:14.994018404Z: 
[STDERR  ] 2017-06-06T21:40:14.994024738Z:                         ##         .
[STDERR  ] 2017-06-06T21:40:14.994029443Z:                   ## ## ##        ==
[STDERR  ] 2017-06-06T21:40:14.994034156Z:                ## ## ## ## ##    ===
[STDERR  ] 2017-06-06T21:40:14.994038936Z:            /"""""""""""""""""\___/ ===
[STDERR  ] 2017-06-06T21:40:14.994047349Z:       ~~~ {~~ ~~~~ ~~~ ~~~~ ~~~ ~ /  ===- ~~~
[STDERR  ] 2017-06-06T21:40:14.994052346Z:            \______ o           __/
[STDERR  ] 2017-06-06T21:40:14.994057083Z:              \    \         __/
[STDERR  ] 2017-06-06T21:40:14.994061913Z:               \____\_______/
[STDERR  ] 2017-06-06T21:40:14.99406904Z: 
[STDERR  ] 2017-06-06T21:40:14.994073784Z: 
[STDERR  ] 2017-06-06T21:40:14.994078466Z: 
[STDERR  ] 2017-06-06T21:40:14.99408099Z: Starting containerd
[STDERR  ] 2017-06-06T21:40:14.994088187Z: / # [6n[34mINFO[0m[0000] starting containerd boot...                   [34mmodule[0m=containerd
[STDERR  ] 2017-06-06T21:40:14.994090651Z: [34mINFO[0m[0000] starting debug API...                         [34mdebug[0m="/run/containerd/debug.sock" [34mmodule[0m=containerd
[STDERR  ] 2017-06-06T21:40:14.994109153Z: [34mINFO[0m[0000] loading monitor plugin "cgroups"...           [34mmodule[0m=containerd
[STDERR  ] 2017-06-06T21:40:14.994114115Z: [34mINFO[0m[0000] loading runtime plugin "linux"...             [34mmodule[0m=containerd
[STDERR  ] 2017-06-06T21:40:14.994122151Z: [34mINFO[0m[0000] loading snapshot plugin "snapshot-overlay"...  [34mmodule[0m=containerd
[STDERR  ] 2017-06-06T21:40:14.994124699Z: [34mINFO[0m[0000] loading differ plugin "diff-base"...          [34mmodule[0m=containerd
[STDERR  ] 2017-06-06T21:40:14.994130935Z: [34mINFO[0m[0000] loading grpc service plugin "metrics-grpc"...  [34mmodule[0m=containerd
[STDERR  ] 2017-06-06T21:40:14.994141617Z: [34mINFO[0m[0000] loading grpc service plugin "snapshots-grpc"...  [34mmodule[0m=containerd
[STDERR  ] 2017-06-06T21:40:14.994144187Z: [34mINFO[0m[0000] loading grpc service plugin "tasks-grpc"...   [34mmodule[0m=containerd
[STDERR  ] 2017-06-06T21:40:14.994203613Z: [34mINFO[0m[0000] loading grpc service plugin "containers-grpc"...  [34mmodule[0m=containerd
[STDERR  ] 2017-06-06T21:40:14.99421387Z: [34mINFO[0m[0000] loading grpc service plugin "healthcheck-grpc"...  [34mmodule[0m=containerd
[STDERR  ] 2017-06-06T21:40:14.994216795Z: [34mINFO[0m[0000] loading grpc service plugin "version-grpc"...  [34mmodule[0m=containerd
[STDERR  ] 2017-06-06T21:40:14.994226969Z: [34mINFO[0m[0000] loading grpc service plugin "content-grpc"...  [34mmodule[0m=containerd
[STDERR  ] 2017-06-06T21:40:14.994229439Z: [34mINFO[0m[0000] loading grpc service plugin "images-grpc"...  [34mmodule[0m=containerd
[STDERR  ] 2017-06-06T21:40:14.994240324Z: [34mINFO[0m[0000] loading grpc service plugin "diff-grpc"...    [34mmodule[0m=containerd[   15.098132] random: fast init done
[STDERR  ] 2017-06-06T21:40:14.994245818Z: 
[STDERR  ] 2017-06-06T21:40:14.994262143Z: [34mINFO[0m[0000] starting GRPC API server...                   [34mmodule[0m=containerd
[STDERR  ] 2017-06-06T21:40:14.994267427Z: [34mINFO[0m[0000] starting metrics API...                       [34mmetrics[0m=":13337" [34mmodule[0m=containerd
[STDERR  ] 2017-06-06T21:40:14.994272212Z: [34mINFO[0m[0000] containerd successfully booted in 0.180112s   [34mmodule[0m=containerd
[STDERR  ] 2017-06-06T21:40:14.994274576Z: starting kernel config sanity test with /proc/config.gz
[STDERR  ] 2017-06-06T21:40:14.994281839Z: kernel config test succeeded!
[STDERR  ] 2017-06-06T21:40:14.994286489Z: [37minfo: reading kernel config from /proc/config.gz ...[m
[STDERR  ] 2017-06-06T21:40:14.994294909Z: 
[STDERR  ] 2017-06-06T21:40:14.994299842Z: Generally Necessary:
[STDERR  ] 2017-06-06T21:40:14.994304625Z: - [37mcgroup hierarchy[m: [32mproperly mounted[m [/sys/fs/cgroup]
[STDERR  ] 2017-06-06T21:40:14.994309412Z: - [37mCONFIG_NAMESPACES[m: [32menabled[m
[STDERR  ] 2017-06-06T21:40:14.994314158Z: - [37mCONFIG_NET_NS[m: [32menabled[m
[STDERR  ] 2017-06-06T21:40:14.994318953Z: - [37mCONFIG_PID_NS[m: [32menabled[m
[STDERR  ] 2017-06-06T21:40:14.994323718Z: - [37mCONFIG_IPC_NS[m: [32menabled[m
[STDERR  ] 2017-06-06T21:40:14.994335793Z: - [37mCONFIG_UTS_NS[m: [32menabled[m
[STDERR  ] 2017-06-06T21:40:14.994338363Z: - [37mCONFIG_CGROUPS[m: [32menabled[m
[STDERR  ] 2017-06-06T21:40:14.994347082Z: - [37mCONFIG_CGROUP_CPUACCT[m: [32menabled[m
[STDERR  ] 2017-06-06T21:40:14.994354677Z: - [37mCONFIG_CGROUP_DEVICE[m: [32menabled[m
[STDERR  ] 2017-06-06T21:40:14.994357187Z: - [37mCONFIG_CGROUP_FREEZER[m: [32menabled[m
[STDERR  ] 2017-06-06T21:40:14.994373733Z: - [37mCONFIG_CGROUP_SCHED[m: [32menabled[m
[STDERR  ] 2017-06-06T21:40:14.994378769Z: - [37mCONFIG_CPUSETS[m: [32menabled[m
[STDERR  ] 2017-06-06T21:40:14.994381222Z: - [37mCONFIG_MEMCG[m: [32menabled[m
[STDERR  ] 2017-06-06T21:40:14.994388441Z: - [37mCONFIG_KEYS[m: [32menabled[m
[STDERR  ] 2017-06-06T21:40:14.994393308Z: - [37mCONFIG_VETH[m: [32menabled[m
[STDERR  ] 2017-06-06T21:40:14.994398112Z: - [37mCONFIG_BRIDGE[m: [32menabled[m
[STDERR  ] 2017-06-06T21:40:14.994415493Z: - [37mCONFIG_BRIDGE_NETFILTER[m: [32menabled[m
[STDERR  ] 2017-06-06T21:40:14.994420327Z: - [37mCONFIG_NF_NAT_IPV4[m: [32menabled[m
[STDERR  ] 2017-06-06T21:40:14.994425091Z: - [37mCONFIG_IP_NF_FILTER[m: [32menabled[m
[STDERR  ] 2017-06-06T21:40:14.994429961Z: - [37mCONFIG_IP_NF_TARGET_MASQUERADE[m: [32menabled[m
[STDERR  ] 2017-06-06T21:40:14.994434887Z: - [37mCONFIG_NETFILTER_XT_MATCH_ADDRTYPE[m: [32menabled[m
[STDERR  ] 2017-06-06T21:40:14.994439704Z: - [37mCONFIG_NETFILTER_XT_MATCH_CONNTRACK[m: [32menabled[m
[STDERR  ] 2017-06-06T21:40:14.994444691Z: - [37mCONFIG_NETFILTER_XT_MATCH_IPVS[m: [32menabled[m
[STDERR  ] 2017-06-06T21:40:14.994447211Z: - [37mCONFIG_IP_NF_NAT[m: [32menabled[m
[STDERR  ] 2017-06-06T21:40:14.994452012Z: - [37mCONFIG_NF_NAT[m: [32menabled[m
[STDERR  ] 2017-06-06T21:40:14.994461037Z: - [37mCONFIG_NF_NAT_NEEDED[m: [32menabled[m
[STDERR  ] 2017-06-06T21:40:14.994463523Z: - [37mCONFIG_POSIX_MQUEUE[m: [32menabled[m
[STDERR  ] 2017-06-06T21:40:14.994470647Z: 
[STDERR  ] 2017-06-06T21:40:14.994475575Z: Optional Features:
[STDERR  ] 2017-06-06T21:40:14.994487617Z: - [37mCONFIG_USER_NS[m: [32menabled[m
[STDERR  ] 2017-06-06T21:40:14.994492811Z: - [37mCONFIG_SECCOMP[m: [32menabled[m
[STDERR  ] 2017-06-06T21:40:14.994499818Z: - [37mCONFIG_CGROUP_PIDS[m: [32menabled[m
[STDERR  ] 2017-06-06T21:40:14.994502286Z: - [37mCONFIG_MEMCG_SWAP[m: [32menabled[m
[STDERR  ] 2017-06-06T21:40:14.994509564Z: - [37mCONFIG_MEMCG_SWAP_ENABLED[m: [32menabled[m
[STDERR  ] 2017-06-06T21:40:14.99451207Z:     [1;30m(cgroup swap accounting is currently enabled)[m
[STDERR  ] 2017-06-06T21:40:14.994516888Z: - [1mCONFIG_LEGACY_VSYSCALL_NONE[m: [1;31menabled[m
[STDERR  ] 2017-06-06T21:40:14.994527378Z:     [1;30m(containers using eglibc <= 2.13 will not work. Switch to[m
[STDERR  ] 2017-06-06T21:40:14.994532221Z:     [1;30m "CONFIG_VSYSCALL_[NATIVE|EMULATE]" or use "vsyscall=[native|emulate]"[m
[STDERR  ] 2017-06-06T21:40:14.994537172Z:     [1;30m on kernel command line. Note that this will disable ASLR for the,[m
[STDERR  ] 2017-06-06T21:40:14.994544381Z:     [1;30m VDSO which may assist in exploiting security vulnerabilities.)[m
[STDERR  ] 2017-06-06T21:40:14.994549348Z: - [37mCONFIG_BLK_CGROUP[m: [32menabled[m
[STDERR  ] 2017-06-06T21:40:14.994551915Z: - [37mCONFIG_BLK_DEV_THROTTLING[m: [32menabled[m
[STDERR  ] 2017-06-06T21:40:14.994566753Z: - [37mCONFIG_IOSCHED_CFQ[m: [32menabled[m
[STDERR  ] 2017-06-06T21:40:14.994583059Z: - [37mCONFIG_CFQ_GROUP_IOSCHED[m: [32menabled[m
[STDERR  ] 2017-06-06T21:40:14.99458566Z: - [37mCONFIG_CGROUP_PERF[m: [32menabled[m
[STDERR  ] 2017-06-06T21:40:14.994590383Z: - [37mCONFIG_CGROUP_HUGETLB[m: [32menabled[m
[STDERR  ] 2017-06-06T21:40:14.994597412Z: - [37mCONFIG_NET_CLS_CGROUP[m: [32menabled[m
[STDERR  ] 2017-06-06T21:40:14.994599931Z: - [37mCONFIG_CGROUP_NET_PRIO[m: [32menabled[m
[STDERR  ] 2017-06-06T21:40:14.994604585Z: - [37mCONFIG_CFS_BANDWIDTH[m: [32menabled[m
[STDERR  ] 2017-06-06T21:40:14.994611661Z: - [37mCONFIG_FAIR_GROUP_SCHED[m: [32menabled[m
[STDERR  ] 2017-06-06T21:40:14.994616394Z: - [37mCONFIG_RT_GROUP_SCHED[m: [32menabled[m
[STDERR  ] 2017-06-06T21:40:14.994624489Z: - [37mCONFIG_IP_VS[m: [32menabled[m
[STDERR  ] 2017-06-06T21:40:14.994629399Z: - [37mCONFIG_IP_VS_NFCT[m: [32menabled[m
[STDERR  ] 2017-06-06T21:40:14.994643044Z: - [37mCONFIG_IP_VS_RR[m: [32menabled[m
[STDERR  ] 2017-06-06T21:40:14.994647863Z: - [37mCONFIG_EXT4_FS[m: [32menabled[m
[STDERR  ] 2017-06-06T21:40:14.994652652Z: - [37mCONFIG_EXT4_FS_POSIX_ACL[m: [32menabled[m
[STDERR  ] 2017-06-06T21:40:14.994660449Z: - [37mCONFIG_EXT4_FS_SECURITY[m: [32menabled[m
[STDERR  ] 2017-06-06T21:40:14.9946652Z: - Network Drivers:
[STDERR  ] 2017-06-06T21:40:14.994667718Z:   - "[34moverlay[m":
[STDERR  ] 2017-06-06T21:40:14.994674805Z:     - [37mCONFIG_VXLAN[m: [32menabled[m
[STDERR  ] 2017-06-06T21:40:14.994677129Z:       Optional (for encrypted networks):
[STDERR  ] 2017-06-06T21:40:14.994684372Z:       - [37mCONFIG_CRYPTO[m: [32menabled[m
[STDERR  ] 2017-06-06T21:40:14.994689094Z:       - [37mCONFIG_CRYPTO_AEAD[m: [32menabled[m
[STDERR  ] 2017-06-06T21:40:14.994691603Z:       - [37mCONFIG_CRYPTO_GCM[m: [32menabled[m
[STDERR  ] 2017-06-06T21:40:14.994698542Z:       - [37mCONFIG_CRYPTO_SEQIV[m: [32menabled[m
[STDERR  ] 2017-06-06T21:40:14.994700919Z:       - [37mCONFIG_CRYPTO_GHASH[m: [32menabled[m
[STDERR  ] 2017-06-06T21:40:14.994720775Z:       - [37mCONFIG_XFRM[m: [32menabled[m
[STDERR  ] 2017-06-06T21:40:14.994728153Z:       - [37mCONFIG_XFRM_USER[m: [32menabled[m
[STDERR  ] 2017-06-06T21:40:14.99473286Z:       - [37mCONFIG_XFRM_ALGO[m: [32menabled[m
[STDERR  ] 2017-06-06T21:40:14.994737613Z:       - [37mCONFIG_INET_ESP[m: [32menabled[m
[STDERR  ] 2017-06-06T21:40:14.994742356Z:       - [37mCONFIG_INET_XFRM_MODE_TRANSPORT[m: [32menabled[m
[STDERR  ] 2017-06-06T21:40:14.994747095Z:   - "[34mipvlan[m":
[STDERR  ] 2017-06-06T21:40:14.994749608Z:     - [37mCONFIG_IPVLAN[m: [32menabled[m
[STDERR  ] 2017-06-06T21:40:14.994756669Z:   - "[34mmacvlan[m":
[STDERR  ] 2017-06-06T21:40:14.994759046Z:     - [37mCONFIG_MACVLAN[m: [32menabled[m
[STDERR  ] 2017-06-06T21:40:14.99476618Z:     - [37mCONFIG_DUMMY[m: [32menabled[m
[STDERR  ] 2017-06-06T21:40:14.994768684Z:   - "[34mftp,tftp client in container[m":
[STDERR  ] 2017-06-06T21:40:14.994775686Z:     - [37mCONFIG_NF_NAT_FTP[m: [32menabled[m
[STDERR  ] 2017-06-06T21:40:14.994780479Z:     - [37mCONFIG_NF_CONNTRACK_FTP[m: [32menabled[m
[STDERR  ] 2017-06-06T21:40:14.99479223Z:     - [37mCONFIG_NF_NAT_TFTP[m: [32menabled[m
[STDERR  ] 2017-06-06T21:40:14.994794675Z:     - [37mCONFIG_NF_CONNTRACK_TFTP[m: [32menabled[m
[STDERR  ] 2017-06-06T21:40:14.99480199Z: - Storage Drivers:
[STDERR  ] 2017-06-06T21:40:14.994804516Z:   - "[34maufs[m":
[STDERR  ] 2017-06-06T21:40:14.994811479Z:     - [1mCONFIG_AUFS_FS[m: [1;31mmissing[m
[STDERR  ] 2017-06-06T21:40:14.994819535Z:   - "[34mbtrfs[m":
[STDERR  ] 2017-06-06T21:40:14.994824258Z:     - [37mCONFIG_BTRFS_FS[m: [32menabled (as module)[m
[STDERR  ] 2017-06-06T21:40:14.994826651Z:     - [37mCONFIG_BTRFS_FS_POSIX_ACL[m: [32menabled[m
[STDERR  ] 2017-06-06T21:40:14.994833736Z:   - "[34mdevicemapper[m":
[STDERR  ] 2017-06-06T21:40:14.994838521Z:     - [37mCONFIG_BLK_DEV_DM[m: [32menabled[m
[STDERR  ] 2017-06-06T21:40:14.994843309Z:     - [37mCONFIG_DM_THIN_PROVISIONING[m: [32menabled[m
[STDERR  ] 2017-06-06T21:40:14.994851719Z:   - "[34moverlay[m":
[STDERR  ] 2017-06-06T21:40:14.994872207Z:     - [37mCONFIG_OVERLAY_FS[m: [32menabled[m
[STDERR  ] 2017-06-06T21:40:14.99488183Z:   - "[34mzfs[m":
[STDERR  ] 2017-06-06T21:40:14.994886707Z:     - [1m/dev/zfs[m: [1;31mmissing[m
[STDERR  ] 2017-06-06T21:40:14.994889187Z:     - [1mzfs command[m: [1;31mmissing[m
[STDERR  ] 2017-06-06T21:40:14.99489381Z:     - [1mzpool command[m: [1;31mmissing[m
[STDERR  ] 2017-06-06T21:40:14.994900972Z: 
[STDERR  ] 2017-06-06T21:40:14.994905781Z: Limits:
[STDERR  ] 2017-06-06T21:40:14.994910562Z: [37m- /proc/sys/kernel/keys/root_maxkeys[m: [32m1000000[m
[STDERR  ] 2017-06-06T21:40:14.994915344Z: 
[STDERR  ] 2017-06-06T21:40:14.994924472Z: Kernel config test suite PASSED
[STDERR  ] 2017-06-06T21:40:14.99509074Z: 
[STDERR  ] 2017-06-06T21:40:14.995109906Z:                         ##         .
[STDERR  ] 2017-06-06T21:40:14.995113613Z:                   ## ## ##        ==
[STDERR  ] 2017-06-06T21:40:14.995120965Z:                ## ## ## ## ##    ===
[STDERR  ] 2017-06-06T21:40:14.995126009Z:            /"""""""""""""""""\___/ ===
[STDERR  ] 2017-06-06T21:40:14.995128406Z:       ~~~ {~~ ~~~~ ~~~ ~~~~ ~~~ ~ /  ===- ~~~
[STDERR  ] 2017-06-06T21:40:14.995135916Z:            \______ o           __/
[STDERR  ] 2017-06-06T21:40:14.995138398Z:              \    \         __/
[STDERR  ] 2017-06-06T21:40:14.995150464Z:               \____\_______/
[STDERR  ] 2017-06-06T21:40:14.995152899Z:  - 000-check-kernel-config
[STDERR  ] 2017-06-06T21:40:14.995160655Z: [   43.495680] ACPI: Preparing to enter system sleep state S5
[STDERR  ] 2017-06-06T21:40:14.99516321Z: [   43.497434] reboot: Power down
[STDERR  ] 2017-06-06T21:40:14.995352538Z: + grep -q suite PASSED
[STDERR  ] 2017-06-06T21:40:14.997314672Z: + echo [    0.000000] Linux version 4.9.30-linuxkit (root@84baa8e89c00) (gcc version 6.2.1 20160822 (Alpine 6.2.1) ) #1 SMP Tue May 30 11:40:28 UTC 2017
[STDERR  ] 2017-06-06T21:40:14.997324352Z: [    0.000000] Command line: console=ttyS0
[STDERR  ] 2017-06-06T21:40:14.997333311Z: [    0.000000] x86/fpu: Legacy x87 FPU detected.
[STDERR  ] 2017-06-06T21:40:14.997338914Z: [    0.000000] x86/fpu: Using 'eager' FPU context switches.
[STDERR  ] 2017-06-06T21:40:14.99735732Z: [    0.000000] e820: BIOS-provided physical RAM map:
[STDERR  ] 2017-06-06T21:40:14.997363559Z: [    0.000000] BIOS-e820: [mem 0x0000000000000000-0x000000000009fbff] usable
[STDERR  ] 2017-06-06T21:40:14.997375165Z: [    0.000000] BIOS-e820: [mem 0x000000000009fc00-0x000000000009ffff] reserved
[STDERR  ] 2017-06-06T21:40:14.997378244Z: [    0.000000] BIOS-e820: [mem 0x00000000000f0000-0x00000000000fffff] reserved
[STDERR  ] 2017-06-06T21:40:14.997383861Z: [    0.000000] BIOS-e820: [mem 0x0000000000100000-0x000000003ffdefff] usable
[STDERR  ] 2017-06-06T21:40:14.997391773Z: [    0.000000] BIOS-e820: [mem 0x000000003ffdf000-0x000000003fffffff] reserved
[STDERR  ] 2017-06-06T21:40:14.997394749Z: [    0.000000] BIOS-e820: [mem 0x00000000b0000000-0x00000000bfffffff] reserved
[STDERR  ] 2017-06-06T21:40:14.997402887Z: [    0.000000] BIOS-e820: [mem 0x00000000fed1c000-0x00000000fed1ffff] reserved
[STDERR  ] 2017-06-06T21:40:14.997411648Z: [    0.000000] BIOS-e820: [mem 0x00000000fffc0000-0x00000000ffffffff] reserved
[STDERR  ] 2017-06-06T21:40:14.997416797Z: [    0.000000] NX (Execute Disable) protection: active
[STDERR  ] 2017-06-06T21:40:14.997419463Z: [    0.000000] SMBIOS 2.8 present.
[STDERR  ] 2017-06-06T21:40:14.997436118Z: [    0.000000] e820: last_pfn = 0x3ffdf max_arch_pfn = 0x400000000
[STDERR  ] 2017-06-06T21:40:14.997441396Z: [    0.000000] x86/PAT: Configuration [0-7]: WB  WC  UC- UC  WB  WC  UC- WT  
[STDERR  ] 2017-06-06T21:40:14.997444073Z: [    0.000000] found SMP MP-table at [mem 0x000f6aa0-0x000f6aaf] mapped at [ffff9964800f6aa0]
[STDERR  ] 2017-06-06T21:40:14.997460438Z: [    0.000000] RAMDISK: [mem 0x3df6f000-0x3ffcffff]
[STDERR  ] 2017-06-06T21:40:14.997463172Z: [    0.000000] ACPI: Early table checksum verification disabled
[STDERR  ] 2017-06-06T21:40:14.997482191Z: [    0.000000] ACPI: RSDP 0x00000000000F68C0 000014 (v00 BOCHS )
[STDERR  ] 2017-06-06T21:40:14.997487453Z: [    0.000000] ACPI: RSDT 0x000000003FFE2404 000034 (v01 BOCHS  BXPCRSDT 00000001 BXPC 00000001)
[STDERR  ] 2017-06-06T21:40:14.997492936Z: [    0.000000] ACPI: FACP 0x000000003FFE22A4 000074 (v01 BOCHS  BXPCFACP 00000001 BXPC 00000001)
[STDERR  ] 2017-06-06T21:40:14.997508486Z: [    0.000000] ACPI: DSDT 0x000000003FFE0040 002264 (v01 BOCHS  BXPCDSDT 00000001 BXPC 00000001)
[STDERR  ] 2017-06-06T21:40:14.997513856Z: [    0.000000] ACPI: FACS 0x000000003FFE0000 000040
[STDERR  ] 2017-06-06T21:40:14.997523682Z: [    0.000000] ACPI: APIC 0x000000003FFE2318 000078 (v01 BOCHS  BXPCAPIC 00000001 BXPC 00000001)
[STDERR  ] 2017-06-06T21:40:14.997526543Z: [    0.000000] ACPI: HPET 0x000000003FFE2390 000038 (v01 BOCHS  BXPCHPET 00000001 BXPC 00000001)
[STDERR  ] 2017-06-06T21:40:14.997531552Z: [    0.000000] ACPI: MCFG 0x000000003FFE23C8 00003C (v01 BOCHS  BXPCMCFG 00000001 BXPC 00000001)
[STDERR  ] 2017-06-06T21:40:14.997539737Z: [    0.000000] Zone ranges:
[STDERR  ] 2017-06-06T21:40:14.997548996Z: [    0.000000]   DMA      [mem 0x0000000000001000-0x0000000000ffffff]
[STDERR  ] 2017-06-06T21:40:14.997551837Z: [    0.000000]   DMA32    [mem 0x0000000001000000-0x000000003ffdefff]
[STDERR  ] 2017-06-06T21:40:14.99755688Z: [    0.000000]   Normal   empty
[STDERR  ] 2017-06-06T21:40:14.997564679Z: [    0.000000] Movable zone start for each node
[STDERR  ] 2017-06-06T21:40:14.997569686Z: [    0.000000] Early memory node ranges
[STDERR  ] 2017-06-06T21:40:14.997574777Z: [    0.000000]   node   0: [mem 0x0000000000001000-0x000000000009efff]
[STDERR  ] 2017-06-06T21:40:14.997587845Z: [    0.000000]   node   0: [mem 0x0000000000100000-0x000000003ffdefff]
[STDERR  ] 2017-06-06T21:40:14.997590616Z: [    0.000000] Initmem setup node 0 [mem 0x0000000000001000-0x000000003ffdefff]
[STDERR  ] 2017-06-06T21:40:14.997597813Z: [    0.000000] ACPI: PM-Timer IO Port: 0x608
[STDERR  ] 2017-06-06T21:40:14.997602571Z: [    0.000000] ACPI: LAPIC_NMI (acpi_id[0xff] dfl dfl lint[0x1])
[STDERR  ] 2017-06-06T21:40:14.997607682Z: [    0.000000] IOAPIC[0]: apic_id 0, version 32, address 0xfec00000, GSI 0-23
[STDERR  ] 2017-06-06T21:40:14.997610108Z: [    0.000000] ACPI: INT_SRC_OVR (bus 0 bus_irq 0 global_irq 2 dfl dfl)
[STDERR  ] 2017-06-06T21:40:14.997623548Z: [    0.000000] ACPI: INT_SRC_OVR (bus 0 bus_irq 5 global_irq 5 high level)
[STDERR  ] 2017-06-06T21:40:14.997626194Z: [    0.000000] ACPI: INT_SRC_OVR (bus 0 bus_irq 9 global_irq 9 high level)
[STDERR  ] 2017-06-06T21:40:14.997633274Z: [    0.000000] ACPI: INT_SRC_OVR (bus 0 bus_irq 10 global_irq 10 high level)
[STDERR  ] 2017-06-06T21:40:14.997638245Z: [    0.000000] ACPI: INT_SRC_OVR (bus 0 bus_irq 11 global_irq 11 high level)
[STDERR  ] 2017-06-06T21:40:14.997645388Z: [    0.000000] Using ACPI (MADT) for SMP configuration information
[STDERR  ] 2017-06-06T21:40:14.997650497Z: [    0.000000] ACPI: HPET id: 0x8086a201 base: 0xfed00000
[STDERR  ] 2017-06-06T21:40:14.997662562Z: [    0.000000] smpboot: Allowing 1 CPUs, 0 hotplug CPUs
[STDERR  ] 2017-06-06T21:40:14.997669576Z: [    0.000000] e820: [mem 0x40000000-0xafffffff] available for PCI devices
[STDERR  ] 2017-06-06T21:40:14.997674436Z: [    0.000000] Booting paravirtualized kernel on bare hardware
[STDERR  ] 2017-06-06T21:40:14.997683981Z: [    0.000000] clocksource: refined-jiffies: mask: 0xffffffff max_cycles: 0xffffffff, max_idle_ns: 19112604462750000 ns
[STDERR  ] 2017-06-06T21:40:14.997689088Z: [    0.000000] setup_percpu: NR_CPUS:128 nr_cpumask_bits:128 nr_cpu_ids:1 nr_node_ids:1
[STDERR  ] 2017-06-06T21:40:14.997693949Z: [    0.000000] percpu: Embedded 35 pages/cpu @ffff9964bdc00000 s105240 r8192 d29928 u2097152
[STDERR  ] 2017-06-06T21:40:14.997698772Z: [    0.000000] Built 1 zonelists in Zone order, mobility grouping on.  Total pages: 257896
[STDERR  ] 2017-06-06T21:40:14.997704655Z: [    0.000000] Kernel command line: console=ttyS0
[STDERR  ] 2017-06-06T21:40:14.99771823Z: [    0.000000] PID hash table entries: 4096 (order: 3, 32768 bytes)
[STDERR  ] 2017-06-06T21:40:14.997723349Z: [    0.000000] Dentry cache hash table entries: 131072 (order: 8, 1048576 bytes)
[STDERR  ] 2017-06-06T21:40:14.997735588Z: [    0.000000] Inode-cache hash table entries: 65536 (order: 7, 524288 bytes)
[STDERR  ] 2017-06-06T21:40:14.997740242Z: [    0.000000] Memory: 978624K/1048052K available (9409K kernel code, 1593K rwdata, 3084K rodata, 1456K init, 604K bss, 69428K reserved, 0K cma-reserved)
[STDERR  ] 2017-06-06T21:40:14.997747803Z: [    0.000000] Hierarchical RCU implementation.
[STDERR  ] 2017-06-06T21:40:14.997752624Z: [    0.000000] 	Build-time adjustment of leaf fanout to 64.
[STDERR  ] 2017-06-06T21:40:14.99776052Z: [    0.000000] 	RCU restricting CPUs from NR_CPUS=128 to nr_cpu_ids=1.
[STDERR  ] 2017-06-06T21:40:14.997765545Z: [    0.000000] RCU: Adjusting geometry for rcu_fanout_leaf=64, nr_cpu_ids=1
[STDERR  ] 2017-06-06T21:40:14.997770483Z: [    0.000000] NR_IRQS:8448 nr_irqs:256 16
[STDERR  ] 2017-06-06T21:40:14.997778238Z: [    0.000000] Console: colour VGA+ 80x25
[STDERR  ] 2017-06-06T21:40:14.997780861Z: [    0.000000] console [ttyS0] enabled
[STDERR  ] 2017-06-06T21:40:14.997785533Z: [    0.000000] clocksource: hpet: mask: 0xffffffff max_cycles: 0xffffffff, max_idle_ns: 19112604467 ns
[STDERR  ] 2017-06-06T21:40:14.997793818Z: [    0.000000] tsc: Fast TSC calibration failed
[STDERR  ] 2017-06-06T21:40:14.997796345Z: [    0.000000] tsc: Unable to calibrate against PIT
[STDERR  ] 2017-06-06T21:40:14.997810329Z: [    0.000000] tsc: using HPET reference calibration
[STDERR  ] 2017-06-06T21:40:14.997812855Z: [    0.000000] tsc: Detected 2600.005 MHz processor
[STDERR  ] 2017-06-06T21:40:14.997820244Z: [    0.051548] Calibrating delay loop (skipped), value calculated using timer frequency.. 5200.01 BogoMIPS (lpj=26000050)
[STDERR  ] 2017-06-06T21:40:14.997825321Z: [    0.060120] pid_max: default: 32768 minimum: 301
[STDERR  ] 2017-06-06T21:40:14.997830133Z: [    0.061397] ACPI: Core revision 20160831
[STDERR  ] 2017-06-06T21:40:14.997834894Z: [    0.106254] ACPI: 1 ACPI AML tables successfully acquired and loaded
[STDERR  ] 2017-06-06T21:40:14.997837648Z: [    0.110553] Security Framework initialized
[STDERR  ] 2017-06-06T21:40:14.997844767Z: [    0.111175] Yama: becoming mindful.
[STDERR  ] 2017-06-06T21:40:14.997847146Z: [    0.113606] Mount-cache hash table entries: 2048 (order: 2, 16384 bytes)
[STDERR  ] 2017-06-06T21:40:14.997854384Z: [    0.114384] Mountpoint-cache hash table entries: 2048 (order: 2, 16384 bytes)
[STDERR  ] 2017-06-06T21:40:14.997859173Z: [    0.134919] Last level iTLB entries: 4KB 0, 2MB 0, 4MB 0
[STDERR  ] 2017-06-06T21:40:14.997863982Z: [    0.135680] Last level dTLB entries: 4KB 0, 2MB 0, 4MB 0, 1GB 0
[STDERR  ] 2017-06-06T21:40:14.997872067Z: [    0.484798] Freeing SMP alternatives memory: 24K (ffffffffb50fc000 - ffffffffb5102000)
[STDERR  ] 2017-06-06T21:40:14.997874671Z: [    0.495088] ftrace: allocating 41532 entries in 163 pages
[STDERR  ] 2017-06-06T21:40:14.997887252Z: [    0.697610] smpboot: Max logical packages: 1
[STDERR  ] 2017-06-06T21:40:14.997897947Z: [    0.704772] ..TIMER: vector=0x30 apic1=0 pin1=2 apic2=-1 pin2=-1
[STDERR  ] 2017-06-06T21:40:14.997900504Z: [    0.810000] smpboot: CPU0: AMD QEMU Virtual CPU version 2.5+ (family: 0x6, model: 0x6, stepping: 0x3)
[STDERR  ] 2017-06-06T21:40:14.997907926Z: [    0.810000] Performance Events: PMU not available due to virtualization, using software events only.
[STDERR  ] 2017-06-06T21:40:14.997912763Z: [    0.819627] NMI watchdog: disabled (cpu0): hardware events not enabled
[STDERR  ] 2017-06-06T21:40:14.997915145Z: [    0.820098] NMI watchdog: Shutting down hard lockup detector on all cpus
[STDERR  ] 2017-06-06T21:40:14.997922264Z: [    0.823257] x86: Booted up 1 node, 1 CPUs
[STDERR  ] 2017-06-06T21:40:14.997927084Z: [    0.823882] smpboot: Total of 1 processors activated (5200.01 BogoMIPS)
[STDERR  ] 2017-06-06T21:40:14.997935091Z: [    0.840300] devtmpfs: initialized
[STDERR  ] 2017-06-06T21:40:14.997943882Z: [    0.846878] x86/mm: Memory block size: 128MB
[STDERR  ] 2017-06-06T21:40:14.997946414Z: [    0.919254] clocksource: jiffies: mask: 0xffffffff max_cycles: 0xffffffff, max_idle_ns: 19112604462750000 ns
[STDERR  ] 2017-06-06T21:40:14.997961748Z: [    0.920309] futex hash table entries: 256 (order: 2, 16384 bytes)
[STDERR  ] 2017-06-06T21:40:14.997969485Z: [    0.930887] NET: Registered protocol family 16
[STDERR  ] 2017-06-06T21:40:14.997974207Z: [    0.943218] cpuidle: using governor ladder
[STDERR  ] 2017-06-06T21:40:14.99797668Z: [    0.944420] cpuidle: using governor menu
[STDERR  ] 2017-06-06T21:40:14.997981372Z: [    0.946431] ACPI: bus type PCI registered
[STDERR  ] 2017-06-06T21:40:14.997991686Z: [    0.951230] PCI: MMCONFIG for domain 0000 [bus 00-ff] at [mem 0xb0000000-0xbfffffff] (base 0xb0000000)
[STDERR  ] 2017-06-06T21:40:14.997996723Z: [    0.952932] PCI: MMCONFIG at [mem 0xb0000000-0xbfffffff] reserved in E820
[STDERR  ] 2017-06-06T21:40:14.998001805Z: [    0.955469] PCI: Using configuration type 1 for base access
[STDERR  ] 2017-06-06T21:40:14.998006643Z: [    1.031106] HugeTLB registered 2 MB page size, pre-allocated 0 pages
[STDERR  ] 2017-06-06T21:40:14.998013794Z: [    1.042432] ACPI: Added _OSI(Module Device)
[STDERR  ] 2017-06-06T21:40:14.998018636Z: [    1.043044] ACPI: Added _OSI(Processor Device)
[STDERR  ] 2017-06-06T21:40:14.998023506Z: [    1.043487] ACPI: Added _OSI(3.0 _SCP Extensions)
[STDERR  ] 2017-06-06T21:40:14.998038011Z: [    1.043934] ACPI: Added _OSI(Processor Aggregator Device)
[STDERR  ] 2017-06-06T21:40:14.998043062Z: [    1.120325] ACPI: Interpreter enabled
[STDERR  ] 2017-06-06T21:40:14.998050339Z: [    1.121606] ACPI: (supports S0 S5)
[STDERR  ] 2017-06-06T21:40:14.998057016Z: [    1.122067] ACPI: Using IOAPIC for interrupt routing
[STDERR  ] 2017-06-06T21:40:14.998064345Z: [    1.124346] PCI: Using host bridge windows from ACPI; if necessary, use "pci=nocrs" and report a bug
[STDERR  ] 2017-06-06T21:40:14.998069187Z: [    1.189514] ACPI: PCI Root Bridge [PCI0] (domain 0000 [bus 00-ff])
[STDERR  ] 2017-06-06T21:40:14.99807722Z: [    1.190785] acpi PNP0A08:00: _OSC: OS supports [ExtendedConfig ASPM ClockPM Segments MSI]
[STDERR  ] 2017-06-06T21:40:14.998082162Z: [    1.196552] acpi PNP0A08:00: _OSC: OS now controls [PCIeHotplug PME PCIeCapability]
[STDERR  ] 2017-06-06T21:40:14.998086952Z: [    1.201317] PCI host bridge to bus 0000:00
[STDERR  ] 2017-06-06T21:40:14.998093462Z: [    1.202053] pci_bus 0000:00: root bus resource [io  0x0000-0x0cf7 window]
[STDERR  ] 2017-06-06T21:40:14.998098253Z: [    1.202731] pci_bus 0000:00: root bus resource [io  0x0d00-0xffff window]
[STDERR  ] 2017-06-06T21:40:14.998103019Z: [    1.203382] pci_bus 0000:00: root bus resource [mem 0x000a0000-0x000bffff window]
[STDERR  ] 2017-06-06T21:40:14.998114416Z: [    1.204079] pci_bus 0000:00: root bus resource [mem 0xc0000000-0xfebfffff window]
[STDERR  ] 2017-06-06T21:40:14.99811927Z: [    1.205017] pci_bus 0000:00: root bus resource [bus 00-ff]
[STDERR  ] 2017-06-06T21:40:14.998121809Z: [    1.325124] pci 0000:00:1f.0: quirk: [io  0x0600-0x067f] claimed by ICH6 ACPI/GPIO/TCO
[STDERR  ] 2017-06-06T21:40:14.99812893Z: [    1.396431] ACPI: PCI Interrupt Link [LNKA] (IRQs 5 *10 11)
[STDERR  ] 2017-06-06T21:40:14.998133812Z: [    1.398941] ACPI: PCI Interrupt Link [LNKB] (IRQs 5 *10 11)
[STDERR  ] 2017-06-06T21:40:14.998136226Z: [    1.401224] ACPI: PCI Interrupt Link [LNKC] (IRQs 5 10 *11)
[STDERR  ] 2017-06-06T21:40:14.998143474Z: [    1.403252] ACPI: PCI Interrupt Link [LNKD] (IRQs 5 10 *11)
[STDERR  ] 2017-06-06T21:40:14.998145982Z: [    1.405153] ACPI: PCI Interrupt Link [LNKE] (IRQs 5 *10 11)
[STDERR  ] 2017-06-06T21:40:14.99829086Z: [    1.407070] ACPI: PCI Interrupt Link [LNKF] (IRQs 5 *10 11)
[STDERR  ] 2017-06-06T21:40:14.998308174Z: [    1.408983] ACPI: PCI Interrupt Link [LNKG] (IRQs 5 10 *11)
[STDERR  ] 2017-06-06T21:40:14.998312128Z: [    1.411350] ACPI: PCI Interrupt Link [LNKH] (IRQs 5 10 *11)
[STDERR  ] 2017-06-06T21:40:14.998319283Z: [    1.412494] ACPI: PCI Interrupt Link [GSIA] (IRQs *16)
[STDERR  ] 2017-06-06T21:40:14.998335475Z: [    1.413367] ACPI: PCI Interrupt Link [GSIB] (IRQs *17)
[STDERR  ] 2017-06-06T21:40:14.998342763Z: [    1.414221] ACPI: PCI Interrupt Link [GSIC] (IRQs *18)
[STDERR  ] 2017-06-06T21:40:14.998362996Z: [    1.415059] ACPI: PCI Interrupt Link [GSID] (IRQs *19)
[STDERR  ] 2017-06-06T21:40:14.998367839Z: [    1.415894] ACPI: PCI Interrupt Link [GSIE] (IRQs *20)
[STDERR  ] 2017-06-06T21:40:14.998378402Z: [    1.416748] ACPI: PCI Interrupt Link [GSIF] (IRQs *21)
[STDERR  ] 2017-06-06T21:40:14.998383312Z: [    1.417619] ACPI: PCI Interrupt Link [GSIG] (IRQs *22)
[STDERR  ] 2017-06-06T21:40:14.998388521Z: [    1.418461] ACPI: PCI Interrupt Link [GSIH] (IRQs *23)
[STDERR  ] 2017-06-06T21:40:14.998398813Z: [    1.422648] ACPI: Enabled 2 GPEs in block 00 to 3F
[STDERR  ] 2017-06-06T21:40:14.998401386Z: [    1.427272] SCSI subsystem initialized
[STDERR  ] 2017-06-06T21:40:14.998408699Z: [    1.430094] pps_core: LinuxPPS API ver. 1 registered
[STDERR  ] 2017-06-06T21:40:14.998414153Z: [    1.430603] pps_core: Software ver. 5.3.6 - Copyright 2005-2007 Rodolfo Giometti <giometti@linux.it>
[STDERR  ] 2017-06-06T21:40:14.998416771Z: [    1.431726] PTP clock support registered
[STDERR  ] 2017-06-06T21:40:14.99842142Z: [    1.433049] wmi: Mapper loaded
[STDERR  ] 2017-06-06T21:40:14.998437172Z: [    1.434348] PCI: Using ACPI for IRQ routing
[STDERR  ] 2017-06-06T21:40:14.998442054Z: [    1.454837] NetLabel: Initializing
[STDERR  ] 2017-06-06T21:40:14.998446997Z: [    1.455328] NetLabel:  domain hash size = 128
[STDERR  ] 2017-06-06T21:40:14.998451744Z: [    1.455759] NetLabel:  protocols = UNLABELED CIPSOv4
[STDERR  ] 2017-06-06T21:40:14.998456487Z: [    1.458109] NetLabel:  unlabeled traffic allowed by default
[STDERR  ] 2017-06-06T21:40:14.998461472Z: [    1.459578] HPET: 3 timers in total, 0 timers will be used for per-cpu timer
[STDERR  ] 2017-06-06T21:40:14.998466414Z: [    1.460455] hpet0: at MMIO 0xfed00000, IRQs 2, 8, 0
[STDERR  ] 2017-06-06T21:40:14.998473571Z: [    1.461136] hpet0: 3 comparators, 64-bit 100.000000 MHz counter
[STDERR  ] 2017-06-06T21:40:14.998476025Z: [    1.467820] clocksource: Switched to clocksource hpet
[STDERR  ] 2017-06-06T21:40:14.998483358Z: [    1.727890] VFS: Disk quotas dquot_6.6.0
[STDERR  ] 2017-06-06T21:40:14.998488342Z: [    1.729049] VFS: Dquot-cache hash table entries: 512 (order 0, 4096 bytes)
[STDERR  ] 2017-06-06T21:40:14.998493142Z: [    1.732400] FS-Cache: Loaded
[STDERR  ] 2017-06-06T21:40:14.998497888Z: [    1.737915] CacheFiles: Loaded
[STDERR  ] 2017-06-06T21:40:14.998509345Z: [    1.739973] pnp: PnP ACPI init
[STDERR  ] 2017-06-06T21:40:14.998512146Z: [    1.752271] pnp: PnP ACPI: found 5 devices
[STDERR  ] 2017-06-06T21:40:14.998521896Z: [    1.797639] clocksource: acpi_pm: mask: 0xffffff max_cycles: 0xffffff, max_idle_ns: 2085701024 ns
[STDERR  ] 2017-06-06T21:40:14.998526676Z: [    1.801579] NET: Registered protocol family 2
[STDERR  ] 2017-06-06T21:40:14.998535078Z: [    1.809862] TCP established hash table entries: 8192 (order: 4, 65536 bytes)
[STDERR  ] 2017-06-06T21:40:14.998537504Z: [    1.811454] TCP bind hash table entries: 8192 (order: 5, 131072 bytes)
[STDERR  ] 2017-06-06T21:40:14.998544746Z: [    1.813426] TCP: Hash tables configured (established 8192 bind 8192)
[STDERR  ] 2017-06-06T21:40:14.998547239Z: [    1.815212] UDP hash table entries: 512 (order: 2, 16384 bytes)
[STDERR  ] 2017-06-06T21:40:14.998555547Z: [    1.816055] UDP-Lite hash table entries: 512 (order: 2, 16384 bytes)
[STDERR  ] 2017-06-06T21:40:14.998562692Z: [    1.818686] NET: Registered protocol family 1
[STDERR  ] 2017-06-06T21:40:14.998567489Z: [    1.822783] RPC: Registered named UNIX socket transport module.
[STDERR  ] 2017-06-06T21:40:14.998570019Z: [    1.823458] RPC: Registered udp transport module.
[STDERR  ] 2017-06-06T21:40:14.998574657Z: [    1.823918] RPC: Registered tcp transport module.
[STDERR  ] 2017-06-06T21:40:14.998597044Z: [    1.824371] RPC: Registered tcp NFSv4.1 backchannel transport module.
[STDERR  ] 2017-06-06T21:40:14.998609002Z: [    1.825578] pci 0000:00:01.0: Video device with shadowed ROM at [mem 0x000c0000-0x000dffff]
[STDERR  ] 2017-06-06T21:40:14.998613178Z: [    1.835204] Unpacking initramfs...
[STDERR  ] 2017-06-06T21:40:14.998618899Z: [    6.340474] Freeing initrd memory: 33156K (ffff9964bdf6f000 - ffff9964bffd0000)
[STDERR  ] 2017-06-06T21:40:14.998626109Z: [    6.362947] PCLMULQDQ-NI instructions are not detected.
[STDERR  ] 2017-06-06T21:40:14.998630862Z: [    6.364586] AVX or AES-NI instructions are not detected.
[STDERR  ] 2017-06-06T21:40:14.998638686Z: [    6.365427] CPU feature 'AVX registers' is not supported.
[STDERR  ] 2017-06-06T21:40:14.99864354Z: [    6.365996] CPU feature 'AVX registers' is not supported.
[STDERR  ] 2017-06-06T21:40:14.998659902Z: [    6.366567] CPU feature 'AVX registers' is not supported.
[STDERR  ] 2017-06-06T21:40:14.998665297Z: [    6.367117] CPU feature 'AVX registers' is not supported.
[STDERR  ] 2017-06-06T21:40:14.998670027Z: [    6.367704] AVX2 or AES-NI instructions are not detected.
[STDERR  ] 2017-06-06T21:40:14.998677577Z: [    6.368252] AVX2 instructions are not detected.
[STDERR  ] 2017-06-06T21:40:14.998685247Z: [    6.374231] audit: initializing netlink subsys (disabled)
[STDERR  ] 2017-06-06T21:40:14.998690045Z: [    6.375905] audit: type=2000 audit(1496785176.370:1): initialized
[STDERR  ] 2017-06-06T21:40:14.998697413Z: [    6.387265] workingset: timestamp_bits=46 max_order=18 bucket_order=0
[STDERR  ] 2017-06-06T21:40:14.998706021Z: [    6.393150] FS-Cache: Netfs 'nfs' registered for caching
[STDERR  ] 2017-06-06T21:40:14.998714258Z: [    6.395450] NFS: Registering the id_resolver key type
[STDERR  ] 2017-06-06T21:40:14.998721587Z: [    6.397000] Key type id_resolver registered
[STDERR  ] 2017-06-06T21:40:14.99872791Z: [    6.397462] Key type id_legacy registered
[STDERR  ] 2017-06-06T21:40:14.998738164Z: [    6.398081] nfs4filelayout_init: NFSv4 File Layout Driver Registering...
[STDERR  ] 2017-06-06T21:40:14.998745552Z: [    6.399089] Installing knfsd (copyright (C) 1996 okir@monad.swb.de).
[STDERR  ] 2017-06-06T21:40:14.998750352Z: [    6.403128] FS-Cache: Netfs 'cifs' registered for caching
[STDERR  ] 2017-06-06T21:40:14.998755175Z: [    6.404316] ntfs: driver 2.1.32 [Flags: R/O].
[STDERR  ] 2017-06-06T21:40:14.998759991Z: [    6.405076] fuse init (API version 7.26)
[STDERR  ] 2017-06-06T21:40:14.998764772Z: [    6.407478] SGI XFS with ACLs, security attributes, no debug enabled
[STDERR  ] 2017-06-06T21:40:14.998767315Z: [    6.411830] 9p: Installing v9fs 9p2000 file system support
[STDERR  ] 2017-06-06T21:40:14.998772002Z: [    6.412615] FS-Cache: Netfs '9p' registered for caching
[STDERR  ] 2017-06-06T21:40:14.99877918Z: [    6.442939] NET: Registered protocol family 38
[STDERR  ] 2017-06-06T21:40:14.998786575Z: [    6.443977] Key type asymmetric registered
[STDERR  ] 2017-06-06T21:40:14.998791353Z: [    6.444435] Asymmetric key parser 'x509' registered
[STDERR  ] 2017-06-06T21:40:14.998796096Z: [    6.445516] Block layer SCSI generic (bsg) driver version 0.4 loaded (major 251)
[STDERR  ] 2017-06-06T21:40:14.99880084Z: [    6.447139] io scheduler noop registered
[STDERR  ] 2017-06-06T21:40:14.998812686Z: [    6.447609] io scheduler deadline registered (default)
[STDERR  ] 2017-06-06T21:40:14.998817558Z: [    6.448479] io scheduler cfq registered
[STDERR  ] 2017-06-06T21:40:14.998822356Z: [    6.452198] pci_hotplug: PCI Hot Plug PCI Core version: 0.5
[STDERR  ] 2017-06-06T21:40:14.998834774Z: [    6.453079] pciehp: PCI Express Hot Plug Controller Driver version: 0.4
[STDERR  ] 2017-06-06T21:40:14.998839535Z: [    6.454245] shpchp: Standard Hot Plug PCI Controller Driver version: 0.4
[STDERR  ] 2017-06-06T21:40:14.998842048Z: [    6.455400] hv_vmbus: registering driver hyperv_fb
[STDERR  ] 2017-06-06T21:40:14.9988468Z: [    6.458676] input: Power Button as /devices/LNXSYSTM:00/LNXPWRBN:00/input/input0
[STDERR  ] 2017-06-06T21:40:14.998854067Z: [    6.460529] ACPI: Power Button [PWRF]
[STDERR  ] 2017-06-06T21:40:14.99885945Z: [    6.465585] GHES: HEST is not enabled!
[STDERR  ] 2017-06-06T21:40:14.998868875Z: [    6.478021] ACPI: PCI Interrupt Link [GSIH] enabled at IRQ 23
[STDERR  ] 2017-06-06T21:40:14.998891783Z: [    6.486358] xenfs: not registering filesystem on non-xen platform
[STDERR  ] 2017-06-06T21:40:14.998896988Z: [    6.488886] Serial: 8250/16550 driver, 4 ports, IRQ sharing disabled
[STDERR  ] 2017-06-06T21:40:14.998904743Z: [    6.516527] 00:04: ttyS0 at I/O 0x3f8 (irq = 4, base_baud = 115200) is a 16550A
[STDERR  ] 2017-06-06T21:40:14.998907229Z: [    6.524396] Initializing Nozomi driver 2.1d
[STDERR  ] 2017-06-06T21:40:14.998914326Z: [    6.529068] Non-volatile memory driver v1.3
[STDERR  ] 2017-06-06T21:40:14.998916739Z: [    6.536174] Hangcheck: starting hangcheck timer 0.9.1 (tick is 180 seconds, margin is 60 seconds).
[STDERR  ] 2017-06-06T21:40:14.998932668Z: [    6.574634] loop: module loaded
[STDERR  ] 2017-06-06T21:40:14.998937477Z: [    6.589055] nbd: registered device at major 43
[STDERR  ] 2017-06-06T21:40:14.998942266Z: [    6.629732] lpc_ich 0000:00:1f.0: I/O space for GPIO uninitialized
[STDERR  ] 2017-06-06T21:40:14.998947013Z: [    6.632160] VMware PVSCSI driver - version 1.0.7.0-k
[STDERR  ] 2017-06-06T21:40:14.998951833Z: [    6.633143] hv_vmbus: registering driver hv_storvsc
[STDERR  ] 2017-06-06T21:40:14.998954392Z: [    6.644133] ACPI: PCI Interrupt Link [GSIA] enabled at IRQ 16
[STDERR  ] 2017-06-06T21:40:14.998966599Z: [    6.651407] ahci 0000:00:1f.2: AHCI 0001.0000 32 slots 6 ports 1.5 Gbps 0x3f impl SATA mode
[STDERR  ] 2017-06-06T21:40:14.998976983Z: [    6.652565] ahci 0000:00:1f.2: flags: 64bit ncq only 
[STDERR  ] 2017-06-06T21:40:14.99898176Z: [    6.672254] scsi host0: ahci
[STDERR  ] 2017-06-06T21:40:14.998986574Z: [    6.676310] scsi host1: ahci
[STDERR  ] 2017-06-06T21:40:14.998989081Z: [    6.678771] scsi host2: ahci
[STDERR  ] 2017-06-06T21:40:14.998993801Z: [    6.681275] scsi host3: ahci
[STDERR  ] 2017-06-06T21:40:14.999000946Z: [    6.683539] scsi host4: ahci
[STDERR  ] 2017-06-06T21:40:14.999005727Z: [    6.685778] scsi host5: ahci
[STDERR  ] 2017-06-06T21:40:14.999010588Z: [    6.687701] ata1: SATA max UDMA/133 abar m4096@0xfebf1000 port 0xfebf1100 irq 24
[STDERR  ] 2017-06-06T21:40:14.999013128Z: [    6.688539] ata2: SATA max UDMA/133 abar m4096@0xfebf1000 port 0xfebf1180 irq 24
[STDERR  ] 2017-06-06T21:40:14.999020275Z: [    6.689235] ata3: SATA max UDMA/133 abar m4096@0xfebf1000 port 0xfebf1200 irq 24
[STDERR  ] 2017-06-06T21:40:14.999022691Z: [    6.689919] ata4: SATA max UDMA/133 abar m4096@0xfebf1000 port 0xfebf1280 irq 24
[STDERR  ] 2017-06-06T21:40:14.999040615Z: [    6.690949] ata5: SATA max UDMA/133 abar m4096@0xfebf1000 port 0xfebf1300 irq 24
[STDERR  ] 2017-06-06T21:40:14.999051228Z: [    6.691654] ata6: SATA max UDMA/133 abar m4096@0xfebf1000 port 0xfebf1380 irq 24
[STDERR  ] 2017-06-06T21:40:14.999056067Z: [    6.701650] Ethernet Channel Bonding Driver: v3.7.1 (April 27, 2011)
[STDERR  ] 2017-06-06T21:40:14.999063382Z: [    6.720700] tun: Universal TUN/TAP device driver, 1.6
[STDERR  ] 2017-06-06T21:40:14.999065742Z: [    6.721405] tun: (C) 1999-2004 Max Krasnyansky <maxk@qualcomm.com>
[STDERR  ] 2017-06-06T21:40:14.999074623Z: [    6.723524] ena: Elastic Network Adapter (ENA) v1.0.2
[STDERR  ] 2017-06-06T21:40:14.999079427Z: [    6.725299] e1000: Intel(R) PRO/1000 Network Driver - version 7.3.21-k8-NAPI
[STDERR  ] 2017-06-06T21:40:14.999081951Z: [    6.726223] e1000: Copyright (c) 1999-2006 Intel Corporation.
[STDERR  ] 2017-06-06T21:40:14.999086734Z: [    6.735119] ACPI: PCI Interrupt Link [GSIG] enabled at IRQ 22
[STDERR  ] 2017-06-06T21:40:14.99909391Z: [    7.024396] ata3: SATA link up 1.5 Gbps (SStatus 113 SControl 300)
[STDERR  ] 2017-06-06T21:40:14.999098069Z: [    7.028075] ata2: SATA link down (SStatus 0 SControl 300)
[STDERR  ] 2017-06-06T21:40:14.99910285Z: [    7.029889] ata1: SATA link down (SStatus 0 SControl 300)
[STDERR  ] 2017-06-06T21:40:14.999117852Z: [    7.030846] ata5: SATA link down (SStatus 0 SControl 300)
[STDERR  ] 2017-06-06T21:40:14.999122897Z: [    7.031494] ata4: SATA link down (SStatus 0 SControl 300)
[STDERR  ] 2017-06-06T21:40:14.999131104Z: [    7.040435] ata6: SATA link down (SStatus 0 SControl 300)
[STDERR  ] 2017-06-06T21:40:14.999135907Z: [    7.042671] ata3.00: ATAPI: QEMU DVD-ROM, 2.5+, max UDMA/100
[STDERR  ] 2017-06-06T21:40:14.999143933Z: [    7.043452] ata3.00: applying bridge limits
[STDERR  ] 2017-06-06T21:40:14.999148669Z: [    7.045445] ata3.00: configured for UDMA/100
[STDERR  ] 2017-06-06T21:40:14.999153469Z: [    7.063741] scsi 2:0:0:0: CD-ROM            QEMU     QEMU DVD-ROM     2.5+ PQ: 0 ANSI: 5
[STDERR  ] 2017-06-06T21:40:14.999158565Z: [    7.083257] sr 2:0:0:0: [sr0] scsi3-mmc drive: 4x/4x cd/rw xa/form2 tray
[STDERR  ] 2017-06-06T21:40:14.999165672Z: [    7.084446] cdrom: Uniform CD-ROM driver Revision: 3.20
[STDERR  ] 2017-06-06T21:40:14.999174095Z: [    7.091622] sr 2:0:0:0: Attached scsi generic sg0 type 5
[STDERR  ] 2017-06-06T21:40:14.999178953Z: [    7.124306] e1000 0000:00:02.0 eth0: (PCI:33MHz:32-bit) 52:54:00:12:34:56
[STDERR  ] 2017-06-06T21:40:14.999190727Z: [    7.125372] e1000 0000:00:02.0 eth0: Intel(R) PRO/1000 Network Connection
[STDERR  ] 2017-06-06T21:40:14.999193505Z: [    7.126616] e1000e: Intel(R) PRO/1000 Network Driver - 3.2.6-k
[STDERR  ] 2017-06-06T21:40:14.999200413Z: [    7.127222] e1000e: Copyright(c) 1999 - 2015 Intel Corporation.
[STDERR  ] 2017-06-06T21:40:14.999207661Z: [    7.128361] igb: Intel(R) Gigabit Ethernet Network Driver - version 5.4.0-k
[STDERR  ] 2017-06-06T21:40:14.999212552Z: [    7.129108] igb: Copyright (c) 2007-2014 Intel Corporation.
[STDERR  ] 2017-06-06T21:40:14.999217393Z: [    7.130538] igbvf: Intel(R) Gigabit Virtual Function Network Driver - version 2.4.0-k
[STDERR  ] 2017-06-06T21:40:14.999219896Z: [    7.131340] igbvf: Copyright (c) 2009 - 2012 Intel Corporation.
[STDERR  ] 2017-06-06T21:40:14.999224549Z: [    7.132330] ixgbe: Intel(R) 10 Gigabit PCI Express Network Driver - version 4.4.0-k
[STDERR  ] 2017-06-06T21:40:14.999233378Z: [    7.133088] ixgbe: Copyright (c) 1999-2016 Intel Corporation.
[STDERR  ] 2017-06-06T21:40:14.999238221Z: [    7.134892] ixgbevf: Intel(R) 10 Gigabit PCI Express Virtual Function Network Driver - version 3.2.2-k
[STDERR  ] 2017-06-06T21:40:14.999243262Z: [    7.135841] ixgbevf: Copyright (c) 2009 - 2015 Intel Corporation.
[STDERR  ] 2017-06-06T21:40:14.999248267Z: [    7.137499] ixgb: Intel(R) PRO/10GbE Network Driver - version 1.0.135-k2-NAPI
[STDERR  ] 2017-06-06T21:40:14.999264444Z: [    7.138259] ixgb: Copyright (c) 1999-2008 Intel Corporation.
[STDERR  ] 2017-06-06T21:40:14.999269025Z: [    7.139503] PPP generic driver version 2.4.2
[STDERR  ] 2017-06-06T21:40:14.999276211Z: [    7.141528] PPP BSD Compression module registered
[STDERR  ] 2017-06-06T21:40:14.999280974Z: [    7.142088] PPP Deflate Compression module registered
[STDERR  ] 2017-06-06T21:40:14.999285808Z: [    7.142868] PPP MPPE Compression module registered
[STDERR  ] 2017-06-06T21:40:14.999288272Z: [    7.143387] NET: Registered protocol family 24
[STDERR  ] 2017-06-06T21:40:14.999295302Z: [    7.144174] PPTP driver version 0.8.5
[STDERR  ] 2017-06-06T21:40:14.999302489Z: [    7.145554] VMware vmxnet3 virtual NIC driver - version 1.4.a.0-k-NAPI
[STDERR  ] 2017-06-06T21:40:14.999307445Z: [    7.146717] hv_vmbus: registering driver hv_netvsc
[STDERR  ] 2017-06-06T21:40:14.99931013Z: [    7.147228] Fusion MPT base driver 3.04.20
[STDERR  ] 2017-06-06T21:40:14.999317122Z: [    7.147622] Copyright (c) 1999-2008 LSI Corporation
[STDERR  ] 2017-06-06T21:40:14.999319483Z: [    7.148404] Fusion MPT SPI Host driver 3.04.20
[STDERR  ] 2017-06-06T21:40:14.999326559Z: [    7.154325] aoe: AoE v85 initialised.
[STDERR  ] 2017-06-06T21:40:14.999331253Z: [    7.157173] i8042: PNP: PS/2 Controller [PNP0303:KBD,PNP0f13:MOU] at 0x60,0x64 irq 1,12
[STDERR  ] 2017-06-06T21:40:14.999340501Z: [    7.162017] serio: i8042 KBD port at 0x60,0x64 irq 1
[STDERR  ] 2017-06-06T21:40:14.999345373Z: [    7.162900] serio: i8042 AUX port at 0x60,0x64 irq 12
[STDERR  ] 2017-06-06T21:40:14.999356484Z: [    7.166191] hv_vmbus: registering driver hyperv_keyboard
[STDERR  ] 2017-06-06T21:40:14.999365066Z: [    7.168615] mousedev: PS/2 mouse device common for all mice
[STDERR  ] 2017-06-06T21:40:14.999374265Z: [    7.174066] input: AT Translated Set 2 keyboard as /devices/platform/i8042/serio0/input/input1
[STDERR  ] 2017-06-06T21:40:14.999379251Z: [    7.177283] input: PC Speaker as /devices/platform/pcspkr/input/input2
[STDERR  ] 2017-06-06T21:40:14.999381798Z: [    7.181386] rtc_cmos 00:00: RTC can wake from S4
[STDERR  ] 2017-06-06T21:40:14.999390871Z: [    7.184832] rtc_cmos 00:00: rtc core: registered rtc_cmos as rtc0
[STDERR  ] 2017-06-06T21:40:14.999395458Z: [    7.186329] rtc_cmos 00:00: alarms up to one day, y3k, 114 bytes nvram, hpet irqs
[STDERR  ] 2017-06-06T21:40:14.999405615Z: [    7.187336] i2c /dev entries driver
[STDERR  ] 2017-06-06T21:40:14.999415153Z: [    7.189284] device-mapper: ioctl: 4.35.0-ioctl (2016-06-23) initialised: dm-devel@redhat.com
[STDERR  ] 2017-06-06T21:40:14.999420378Z: [    7.194626] hv_utils: Registering HyperV Utility Driver
[STDERR  ] 2017-06-06T21:40:14.999427757Z: [    7.195183] hv_vmbus: registering driver hv_util
[STDERR  ] 2017-06-06T21:40:14.99943258Z: [    7.195637] hv_vmbus: registering driver hv_balloon
[STDERR  ] 2017-06-06T21:40:14.999437611Z: [    7.196384] oprofile: using NMI interrupt.
[STDERR  ] 2017-06-06T21:40:14.999442505Z: [    7.197672] GACT probability on
[STDERR  ] 2017-06-06T21:40:14.999449179Z: [    7.198356] Mirror/redirect action on
[STDERR  ] 2017-06-06T21:40:14.999454088Z: [    7.199441] Simple TC action Loaded
[STDERR  ] 2017-06-06T21:40:14.999459008Z: [    7.203313] netem: version 1.3
[STDERR  ] 2017-06-06T21:40:14.99946398Z: [    7.203705] u32 classifier
[STDERR  ] 2017-06-06T21:40:14.999466592Z: [    7.203990]     Performance counters on
[STDERR  ] 2017-06-06T21:40:14.999471426Z: [    7.204381]     input device check on
[STDERR  ] 2017-06-06T21:40:14.999478776Z: [    7.204722]     Actions configured
[STDERR  ] 2017-06-06T21:40:14.999781984Z: [    7.205479] Netfilter messages via NETLINK v0.30.
[STDERR  ] 2017-06-06T21:40:14.999794018Z: [    7.206259] nfnl_acct: registering with nfnetlink.
[STDERR  ] 2017-06-06T21:40:14.999798946Z: [    7.207790] nf_conntrack version 0.5.0 (8192 buckets, 32768 max)
[STDERR  ] 2017-06-06T21:40:14.999803856Z: [    7.211552] ctnetlink v0.93: registering with nfnetlink.
[STDERR  ] 2017-06-06T21:40:14.999812191Z: [    7.214995] nf_tables: (c) 2007-2009 Patrick McHardy <kaber@trash.net>
[STDERR  ] 2017-06-06T21:40:14.999814865Z: [    7.216130] nf_tables_compat: (c) 2012 Pablo Neira Ayuso <pablo@netfilter.org>
[STDERR  ] 2017-06-06T21:40:14.999819991Z: [    7.218949] xt_time: kernel timezone is -0000
[STDERR  ] 2017-06-06T21:40:14.999830643Z: [    7.219696] ip_set: protocol 6
[STDERR  ] 2017-06-06T21:40:14.999835461Z: [    7.220826] IPVS: Registered protocols (TCP, UDP, SCTP, AH, ESP)
[STDERR  ] 2017-06-06T21:40:14.999838034Z: [    7.221743] IPVS: Connection hash table configured (size=4096, memory=64Kbytes)
[STDERR  ] 2017-06-06T21:40:14.999845181Z: [    7.223704] IPVS: Creating netns size=2104 id=0
[STDERR  ] 2017-06-06T21:40:14.999847608Z: [    7.226420] IPVS: ipvs loaded.
[STDERR  ] 2017-06-06T21:40:15.000072655Z: [    7.226958] IPVS: [rr] scheduler registered.
[STDERR  ] 2017-06-06T21:40:15.000075367Z: [    7.227433] IPVS: [wrr] scheduler registered.
[STDERR  ] 2017-06-06T21:40:15.00008008Z: [    7.227860] IPVS: [lc] scheduler registered.
[STDERR  ] 2017-06-06T21:40:15.000087278Z: [    7.228266] IPVS: [wlc] scheduler registered.
[STDERR  ] 2017-06-06T21:40:15.000089907Z: [    7.228687] IPVS: [fo] scheduler registered.
[STDERR  ] 2017-06-06T21:40:15.000097282Z: [    7.229103] IPVS: [ovf] scheduler registered.
[STDERR  ] 2017-06-06T21:40:15.000099922Z: [    7.229735] IPVS: [lblc] scheduler registered.
[STDERR  ] 2017-06-06T21:40:15.000107114Z: [    7.230780] IPVS: [lblcr] scheduler registered.
[STDERR  ] 2017-06-06T21:40:15.000111915Z: [    7.231273] IPVS: [dh] scheduler registered.
[STDERR  ] 2017-06-06T21:40:15.000119221Z: [    7.231702] IPVS: [sh] scheduler registered.
[STDERR  ] 2017-06-06T21:40:15.000137017Z: [    7.232111] IPVS: [sed] scheduler registered.
[STDERR  ] 2017-06-06T21:40:15.000142309Z: [    7.232542] IPVS: [nq] scheduler registered.
[STDERR  ] 2017-06-06T21:40:15.000144872Z: [    7.233433] IPVS: ftp: loaded support on port[0] = 21
[STDERR  ] 2017-06-06T21:40:15.000152129Z: [    7.234529] ipip: IPv4 and MPLS over IPv4 tunneling driver
[STDERR  ] 2017-06-06T21:40:15.000154636Z: [    7.238824] gre: GRE over IPv4 demultiplexor driver
[STDERR  ] 2017-06-06T21:40:15.000163122Z: [    7.239449] ip_gre: GRE over IPv4 tunneling driver
[STDERR  ] 2017-06-06T21:40:15.000166145Z: [    7.245354] IPv4 over IPsec tunneling driver
[STDERR  ] 2017-06-06T21:40:15.000173316Z: [    7.251447] ip_tables: (C) 2000-2006 Netfilter Core Team
[STDERR  ] 2017-06-06T21:40:15.00018528Z: [    7.254902] ipt_CLUSTERIP: ClusterIP Version 0.8 loaded successfully
[STDERR  ] 2017-06-06T21:40:15.000190468Z: [    7.255916] arp_tables: arp_tables: (C) 2002 David S. Miller
[STDERR  ] 2017-06-06T21:40:15.000192833Z: [    7.257980] Initializing XFRM netlink socket
[STDERR  ] 2017-06-06T21:40:15.000200092Z: [    7.259251] NET: Registered protocol family 10
[STDERR  ] 2017-06-06T21:40:15.000212477Z: [    7.271382] mip6: Mobile IPv6
[STDERR  ] 2017-06-06T21:40:15.000217616Z: [    7.272567] ip6_tables: (C) 2000-2006 Netfilter Core Team
[STDERR  ] 2017-06-06T21:40:15.000222482Z: [    7.281025] sit: IPv6, IPv4 and MPLS over IPv4 tunneling driver
[STDERR  ] 2017-06-06T21:40:15.000227465Z: [    7.288282] ip6_gre: GRE over IPv6 tunneling driver
[STDERR  ] 2017-06-06T21:40:15.000232284Z: [    7.292641] NET: Registered protocol family 17
[STDERR  ] 2017-06-06T21:40:15.000237075Z: [    7.293537] NET: Registered protocol family 15
[STDERR  ] 2017-06-06T21:40:15.000242052Z: [    7.294663] Bridge firewalling registered
[STDERR  ] 2017-06-06T21:40:15.000244718Z: [    7.295408] Ebtables v2.0 registered
[STDERR  ] 2017-06-06T21:40:15.000253912Z: [    7.298692] l2tp_core: L2TP core driver, V2.0
[STDERR  ] 2017-06-06T21:40:15.00025639Z: [    7.299415] l2tp_ppp: PPPoL2TP kernel driver, V2.0
[STDERR  ] 2017-06-06T21:40:15.000263604Z: [    7.299920] 8021q: 802.1Q VLAN Support v1.8
[STDERR  ] 2017-06-06T21:40:15.000266104Z: [    7.302009] 9pnet: Installing 9P2000 support
[STDERR  ] 2017-06-06T21:40:15.000273109Z: [    7.303048] Key type dns_resolver registered
[STDERR  ] 2017-06-06T21:40:15.000277916Z: [    7.303650] openvswitch: Open vSwitch switching datapath
[STDERR  ] 2017-06-06T21:40:15.000290541Z: [    7.305868] mpls_gso: MPLS GSO support
[STDERR  ] 2017-06-06T21:40:15.000295441Z: [    7.306614] microcode: AMD CPU family 0x6 not supported
[STDERR  ] 2017-06-06T21:40:15.0003002Z: [    7.310704] registered taskstats version 1
[STDERR  ] 2017-06-06T21:40:15.0003027Z: [    7.362383] tsc: Refined TSC clocksource calibration: 2599.934 MHz
[STDERR  ] 2017-06-06T21:40:15.0003128Z: [    7.363272] clocksource: tsc: mask: 0xffffffffffffffff max_cycles: 0x2579fdc9b76, max_idle_ns: 440795242230 ns
[STDERR  ] 2017-06-06T21:40:15.000317881Z: [    7.502642] Key type big_key registered
[STDERR  ] 2017-06-06T21:40:15.000322673Z: [    7.547115] Key type encrypted registered
[STDERR  ] 2017-06-06T21:40:15.00033182Z: [    7.552318] rtc_cmos 00:00: setting system clock to 2017-06-06 21:39:38 UTC (1496785178)
[STDERR  ] 2017-06-06T21:40:15.000340643Z: [    7.698903] Freeing unused kernel memory: 1456K (ffffffffb4f90000 - ffffffffb50fc000)
[STDERR  ] 2017-06-06T21:40:15.000345586Z: [    7.700108] Write protecting the kernel read-only data: 14336k
[STDERR  ] 2017-06-06T21:40:15.000352935Z: [    7.709568] Freeing unused kernel memory: 816K (ffff9964a8934000 - ffff9964a8a00000)
[STDERR  ] 2017-06-06T21:40:15.000364824Z: [    7.775906] Freeing unused kernel memory: 1012K (ffff9964a8d03000 - ffff9964a8e00000)
[STDERR  ] 2017-06-06T21:40:15.00037516Z: [    8.380984] clocksource: Switched to clocksource tsc
[STDERR  ] 2017-06-06T21:40:15.000380313Z: 
[STDERR  ] 2017-06-06T21:40:15.000382924Z: Welcome to LinuxKit
[STDERR  ] 2017-06-06T21:40:15.000387608Z: 
[STDERR  ] 2017-06-06T21:40:15.000398895Z:                         ##         .
[STDERR  ] 2017-06-06T21:40:15.000403732Z:                   ## ## ##        ==
[STDERR  ] 2017-06-06T21:40:15.000408596Z:                ## ## ## ## ##    ===
[STDERR  ] 2017-06-06T21:40:15.000413422Z:            /"""""""""""""""""\___/ ===
[STDERR  ] 2017-06-06T21:40:15.00042006Z:       ~~~ {~~ ~~~~ ~~~ ~~~~ ~~~ ~ /  ===- ~~~
[STDERR  ] 2017-06-06T21:40:15.00042496Z:            \______ o           __/
[STDERR  ] 2017-06-06T21:40:15.000427482Z:              \    \         __/
[STDERR  ] 2017-06-06T21:40:15.000444049Z:               \____\_______/
[STDERR  ] 2017-06-06T21:40:15.000448829Z: 
[STDERR  ] 2017-06-06T21:40:15.000451175Z: 
[STDERR  ] 2017-06-06T21:40:15.000458406Z: 
[STDERR  ] 2017-06-06T21:40:15.00046093Z: Starting containerd
[STDERR  ] 2017-06-06T21:40:15.00047155Z: / # [6n[34mINFO[0m[0000] starting containerd boot...                   [34mmodule[0m=containerd
[STDERR  ] 2017-06-06T21:40:15.000478027Z: [34mINFO[0m[0000] starting debug API...                         [34mdebug[0m="/run/containerd/debug.sock" [34mmodule[0m=containerd
[STDERR  ] 2017-06-06T21:40:15.000480861Z: [34mINFO[0m[0000] loading monitor plugin "cgroups"...           [34mmodule[0m=containerd
[STDERR  ] 2017-06-06T21:40:15.0004884Z: [34mINFO[0m[0000] loading runtime plugin "linux"...             [34mmodule[0m=containerd
[STDERR  ] 2017-06-06T21:40:15.000493337Z: [34mINFO[0m[0000] loading snapshot plugin "snapshot-overlay"...  [34mmodule[0m=containerd
[STDERR  ] 2017-06-06T21:40:15.000527108Z: [34mINFO[0m[0000] loading differ plugin "diff-base"...          [34mmodule[0m=containerd
[STDERR  ] 2017-06-06T21:40:15.000531991Z: [34mINFO[0m[0000] loading grpc service plugin "metrics-grpc"...  [34mmodule[0m=containerd
[STDERR  ] 2017-06-06T21:40:15.00053446Z: [34mINFO[0m[0000] loading grpc service plugin "snapshots-grpc"...  [34mmodule[0m=containerd
[STDERR  ] 2017-06-06T21:40:15.000541713Z: [34mINFO[0m[0000] loading grpc service plugin "tasks-grpc"...   [34mmodule[0m=containerd
[STDERR  ] 2017-06-06T21:40:15.000546536Z: [34mINFO[0m[0000] loading grpc service plugin "containers-grpc"...  [34mmodule[0m=containerd
[STDERR  ] 2017-06-06T21:40:15.000551503Z: [34mINFO[0m[0000] loading grpc service plugin "healthcheck-grpc"...  [34mmodule[0m=containerd
[STDERR  ] 2017-06-06T21:40:15.000556281Z: [34mINFO[0m[0000] loading grpc service plugin "version-grpc"...  [34mmodule[0m=containerd
[STDERR  ] 2017-06-06T21:40:15.000563573Z: [34mINFO[0m[0000] loading grpc service plugin "content-grpc"...  [34mmodule[0m=containerd
[STDERR  ] 2017-06-06T21:40:15.000566072Z: [34mINFO[0m[0000] loading grpc service plugin "images-grpc"...  [34mmodule[0m=containerd
[STDERR  ] 2017-06-06T21:40:15.000570756Z: [34mINFO[0m[0000] loading grpc service plugin "diff-grpc"...    [34mmodule[0m=containerd[   15.098132] random: fast init done
[STDERR  ] 2017-06-06T21:40:15.000586545Z: 
[STDERR  ] 2017-06-06T21:40:15.000591743Z: [34mINFO[0m[0000] starting GRPC API server...                   [34mmodule[0m=containerd
[STDERR  ] 2017-06-06T21:40:15.000596556Z: [34mINFO[0m[0000] starting metrics API...                       [34mmetrics[0m=":13337" [34mmodule[0m=containerd
[STDERR  ] 2017-06-06T21:40:15.000601393Z: [34mINFO[0m[0000] containerd successfully booted in 0.180112s   [34mmodule[0m=containerd
[STDERR  ] 2017-06-06T21:40:15.000606176Z: starting kernel config sanity test with /proc/config.gz
[STDERR  ] 2017-06-06T21:40:15.000610963Z: kernel config test succeeded!
[STDERR  ] 2017-06-06T21:40:15.000613498Z: [37minfo: reading kernel config from /proc/config.gz ...[m
[STDERR  ] 2017-06-06T21:40:15.000618134Z: 
[STDERR  ] 2017-06-06T21:40:15.000625468Z: Generally Necessary:
[STDERR  ] 2017-06-06T21:40:15.000628119Z: - [37mcgroup hierarchy[m: [32mproperly mounted[m [/sys/fs/cgroup]
[STDERR  ] 2017-06-06T21:40:15.000635231Z: - [37mCONFIG_NAMESPACES[m: [32menabled[m
[STDERR  ] 2017-06-06T21:40:15.000640035Z: - [37mCONFIG_NET_NS[m: [32menabled[m
[STDERR  ] 2017-06-06T21:40:15.000645574Z: - [37mCONFIG_PID_NS[m: [32menabled[m
[STDERR  ] 2017-06-06T21:40:15.000652894Z: - [37mCONFIG_IPC_NS[m: [32menabled[m
[STDERR  ] 2017-06-06T21:40:15.000662613Z: - [37mCONFIG_UTS_NS[m: [32menabled[m
[STDERR  ] 2017-06-06T21:40:15.00067177Z: - [37mCONFIG_CGROUPS[m: [32menabled[m
[STDERR  ] 2017-06-06T21:40:15.000674266Z: - [37mCONFIG_CGROUP_CPUACCT[m: [32menabled[m
[STDERR  ] 2017-06-06T21:40:15.000683276Z: - [37mCONFIG_CGROUP_DEVICE[m: [32menabled[m
[STDERR  ] 2017-06-06T21:40:15.000687978Z: - [37mCONFIG_CGROUP_FREEZER[m: [32menabled[m
[STDERR  ] 2017-06-06T21:40:15.000692758Z: - [37mCONFIG_CGROUP_SCHED[m: [32menabled[m
[STDERR  ] 2017-06-06T21:40:15.000699835Z: - [37mCONFIG_CPUSETS[m: [32menabled[m
[STDERR  ] 2017-06-06T21:40:15.000704854Z: - [37mCONFIG_MEMCG[m: [32menabled[m
[STDERR  ] 2017-06-06T21:40:15.000709682Z: - [37mCONFIG_KEYS[m: [32menabled[m
[STDERR  ] 2017-06-06T21:40:15.000712167Z: - [37mCONFIG_VETH[m: [32menabled[m
[STDERR  ] 2017-06-06T21:40:15.000721121Z: - [37mCONFIG_BRIDGE[m: [32menabled[m
[STDERR  ] 2017-06-06T21:40:15.000723555Z: - [37mCONFIG_BRIDGE_NETFILTER[m: [32menabled[m
[STDERR  ] 2017-06-06T21:40:15.00073888Z: - [37mCONFIG_NF_NAT_IPV4[m: [32menabled[m
[STDERR  ] 2017-06-06T21:40:15.000741557Z: - [37mCONFIG_IP_NF_FILTER[m: [32menabled[m
[STDERR  ] 2017-06-06T21:40:15.00074973Z: - [37mCONFIG_IP_NF_TARGET_MASQUERADE[m: [32menabled[m
[STDERR  ] 2017-06-06T21:40:15.00075474Z: - [37mCONFIG_NETFILTER_XT_MATCH_ADDRTYPE[m: [32menabled[m
