[INFO    ] 2019-03-22T16:58:19.416792802Z: Running Test linuxkit.packages.extend.ext4 in /tmp/build/test/cases/040_packages/005_extend/000_ext4
[INFO    ] 2019-03-22T16:58:19.416942408Z: Running command: [/bin/sh -x /tmp/build/test/cases/040_packages/005_extend/000_ext4/test.sh]
[STDERR  ] 2019-03-22T16:58:19.417047895Z: [    0.000000] ACPI: Early table checksum verification disabled
[STDERR  ] 2019-03-22T16:58:19.417124124Z: [    0.000000] ACPI: RSDP 0x00000000000F68D0 000014 (v00 BOCHS )
[STDERR  ] 2019-03-22T16:58:19.417220745Z: [    0.000000] ACPI: RSDT 0x000000003FFE2404 000034 (v01 BOCHS  BXPCRSDT 00000001 BXPC 00000001)
[STDERR  ] 2019-03-22T16:58:19.417273782Z: [    0.000000] ACPI: FACP 0x000000003FFE22A4 000074 (v01 BOCHS  BXPCFACP 00000001 BXPC 00000001)
[STDERR  ] 2019-03-22T16:58:19.417336329Z: [    0.000000] ACPI: DSDT 0x000000003FFE0040 002264 (v01 BOCHS  BXPCDSDT 00000001 BXPC 00000001)
[STDERR  ] 2019-03-22T16:58:19.417389903Z: [    0.
[STDERR  ] 2019-03-22T16:58:19.438843860Z: + set -ex
[STDERR  ] 2019-03-22T16:58:19.438954284Z: + . /tmp/build/test/cases/_lib/lib.sh
[STDERR  ] 2019-03-22T16:58:19.438973897Z: + [ -f src/github.com/linuxkit/rtf/lib/lib.sh ]
[STDERR  ] 2019-03-22T16:58:19.438988028Z: + LINUXKIT_TMPDIR=/tmp/build/test/cases/_tmp
[STDERR  ] 2019-03-22T16:58:19.439001927Z: + [ -f /tmp/build/test/cases/_tmp/env.sh ]
[STDERR  ] 2019-03-22T16:58:19.439013834Z: + . /tmp/build/test/cases/_tmp/env.sh
[STDERR  ] 2019-03-22T16:58:19.439027019Z: + export LINUXKIT_EXAMPLES_DIR=/tmp/build/test/cases/../../examples
[STDERR  ] 2019-03-22T16:58:19.439052529Z: + RT_CANCEL=253
[STDERR  ] 2019-03-22T16:58:19.439066101Z: + NAME_CREATE=create-ext4
[STDERR  ] 2019-03-22T16:58:19.439095545Z: + NAME_EXTEND=extend-ext4
[STDERR  ] 2019-03-22T16:58:19.439108543Z: + DISK=disk.img
[STDERR  ] 2019-03-22T16:58:19.439124170Z: + trap clean_up EXIT
[STDERR  ] 2019-03-22T16:58:19.439137832Z: + linuxkit build -name create-ext4 -format kernel+initrd test-create.yml
[STDERR  ] 2019-03-22T16:58:19.475625400Z: Extract kernel image: linuxkit/kernel:4.19.28
[STDERR  ] 2019-03-22T16:58:21.499607750Z: Add init containers:
[STDERR  ] 2019-03-22T16:58:21.499683489Z: Process init image: linuxkit/init:629fdad56e62ae72bf8becf0c8a668241480d3ff
[STDERR  ] 2019-03-22T16:58:22.743678320Z: Process init image: linuxkit/runc:606971451ea29b4238029804ca638f9f85caf5af
[STDERR  ] 2019-03-22T16:58:23.909994701Z: Add onboot containers:
[STDERR  ] 2019-03-22T16:58:23.910063765Z:   Create OCI config for linuxkit/format:ada5fd97592c33399140f5f93f517c02f55edb14
[STDERR  ] 2019-03-22T16:58:27.160917342Z:   Create OCI config for linuxkit/mount:019bc551972cf2d136b443d70b4bf94c54d0d1fe
[STDERR  ] 2019-03-22T16:58:30.109696225Z:   Create OCI config for alpine:3.9
[STDERR  ] 2019-03-22T16:58:31.289182452Z:   Create OCI config for linuxkit/poweroff:9f4e04f09bbb4a028f0a1f57d430e1ad3095ace1
[STDERR  ] 2019-03-22T16:58:32.461925954Z: Create outputs:
[STDERR  ] 2019-03-22T16:58:39.678278399Z:   create-ext4-kernel create-ext4-initrd.img create-ext4-cmdline
[STDERR  ] 2019-03-22T16:58:39.750929600Z: + linuxkit run -disk file=disk.img,format=raw,size=256M create-ext4
[STDOUT  ] 2019-03-22T16:58:40.626090555Z: [    0.000000] Linux version 4.19.28-linuxkit (root@9341f087bbd6) (gcc version 8.2.0 (Alpine 8.2.0)) #1 SMP Sun Mar 10 20:02:02 UTC 2019
[STDOUT  ] 2019-03-22T16:58:40.630925233Z: [    0.000000] Command line: console=ttyS0 console=ttyAMA0
[STDOUT  ] 2019-03-22T16:58:40.634912548Z: [    0.000000] x86/fpu: x87 FPU will use FXSAVE
[STDOUT  ] 2019-03-22T16:58:40.638782123Z: [    0.000000] BIOS-provided physical RAM map:
[STDOUT  ] 2019-03-22T16:58:40.644963193Z: [    0.000000] BIOS-e820: [mem 0x0000000000000000-0x000000000009fbff] usable
[STDOUT  ] 2019-03-22T16:58:40.651328073Z: [    0.000000] BIOS-e820: [mem 0x000000000009fc00-0x000000000009ffff] reserved
[STDOUT  ] 2019-03-22T16:58:40.657710975Z: [    0.000000] BIOS-e820: [mem 0x00000000000f0000-0x00000000000fffff] reserved
[STDOUT  ] 2019-03-22T16:58:40.663966770Z: [    0.000000] BIOS-e820: [mem 0x0000000000100000-0x000000003ffdefff] usable
[STDOUT  ] 2019-03-22T16:58:40.670343843Z: [    0.000000] BIOS-e820: [mem 0x000000003ffdf000-0x000000003fffffff] reserved
[STDOUT  ] 2019-03-22T16:58:40.676765282Z: [    0.000000] BIOS-e820: [mem 0x00000000b0000000-0x00000000bfffffff] reserved
[STDOUT  ] 2019-03-22T16:58:40.683087443Z: [    0.000000] BIOS-e820: [mem 0x00000000fed1c000-0x00000000fed1ffff] reserved
[STDOUT  ] 2019-03-22T16:58:40.689439808Z: [    0.000000] BIOS-e820: [mem 0x00000000feffc000-0x00000000feffffff] reserved
[STDOUT  ] 2019-03-22T16:58:40.695800534Z: [    0.000000] BIOS-e820: [mem 0x00000000fffc0000-0x00000000ffffffff] reserved
[STDOUT  ] 2019-03-22T16:58:40.700368614Z: [    0.000000] NX (Execute Disable) protection: active
[STDOUT  ] 2019-03-22T16:58:40.703311144Z: [    0.000000] SMBIOS 2.8 present.
[STDOUT  ] 2019-03-22T16:58:40.709911034Z: [    0.000000] DMI: QEMU Standard PC (Q35 + ICH9, 2009), BIOS 1.10.2-1 04/01/2014
[STDOUT  ] 2019-03-22T16:58:40.713258156Z: [    0.000000] Hypervisor detected: KVM
[STDOUT  ] 2019-03-22T16:58:40.718068925Z: [    0.000000] kvm-clock: Using msrs 4b564d01 and 4b564d00
[STDOUT  ] 2019-03-22T16:58:40.723361057Z: [    0.550723] kvm-clock: cpu 0, msr 1f81a001, primary cpu clock
[STDOUT  ] 2019-03-22T16:58:40.732970997Z: [    0.550723] clocksource: kvm-clock: mask: 0xffffffffffffffff max_cycles: 0x1cd42e4dffb, max_idle_ns: 881590591483 ns
[STDOUT  ] 2019-03-22T16:58:40.737237895Z: [    0.550738] tsc: Detected 2299.782 MHz processor
[STDOUT  ] 2019-03-22T16:58:40.742173729Z: [    0.554108] last_pfn = 0x3ffdf max_arch_pfn = 0x400000000
[STDOUT  ] 2019-03-22T16:58:40.746235298Z: [    0.554712] x86/PAT: PAT not supported by CPU.
[STDOUT  ] 2019-03-22T16:58:40.752487021Z: [    0.554769] x86/PAT: Configuration [0-7]: WB  WT  UC- UC  WB  WT  UC- UC  
[STDOUT  ] 2019-03-22T16:58:40.760010128Z: [    0.566473] found SMP MP-table at [mem 0x000f6a90-0x000f6a9f] mapped at [(____ptrval____)]
[STDOUT  ] 2019-03-22T16:58:40.764296517Z: [    0.566780] RAMDISK: [mem 0x3d6b5000-0x3ffcffff]
[STDOUT  ] 2019-03-22T16:58:40.769584753Z: [    0.567003] ACPI: Early table checksum verification disabled
[STDOUT  ] 2019-03-22T16:58:40.774831494Z: [    0.567128] ACPI: RSDP 0x00000000000F68D0 000014 (v00 BOCHS )
[STDOUT  ] 2019-03-22T16:58:40.782605484Z: [    0.567138] ACPI: RSDT 0x000000003FFE2404 000034 (v01 BOCHS  BXPCRSDT 00000001 BXPC 00000001)
[STDOUT  ] 2019-03-22T16:58:40.790433013Z: [    0.567152] ACPI: FACP 0x000000003FFE22A4 000074 (v01 BOCHS  BXPCFACP 00000001 BXPC 00000001)
[STDOUT  ] 2019-03-22T16:58:40.798178782Z: [    0.567159] ACPI: DSDT 0x000000003FFE0040 002264 (v01 BOCHS  BXPCDSDT 00000001 BXPC 00000001)
[STDOUT  ] 2019-03-22T16:58:40.802456376Z: [    0.567164] ACPI: FACS 0x000000003FFE0000 000040
[STDOUT  ] 2019-03-22T16:58:40.810191600Z: [    0.567168] ACPI: APIC 0x000000003FFE2318 000078 (v01 BOCHS  BXPCAPIC 00000001 BXPC 00000001)
[STDOUT  ] 2019-03-22T16:58:40.818012337Z: [    0.567172] ACPI: HPET 0x000000003FFE2390 000038 (v01 BOCHS  BXPCHPET 00000001 BXPC 00000001)
[STDOUT  ] 2019-03-22T16:58:40.825757513Z: [    0.567176] ACPI: MCFG 0x000000003FFE23C8 00003C (v01 BOCHS  BXPCMCFG 00000001 BXPC 00000001)
[STDOUT  ] 2019-03-22T16:58:40.828168409Z: [    0.568006] Zone ranges:
[STDOUT  ] 2019-03-22T16:58:40.833864234Z: [    0.568008]   DMA      [mem 0x0000000000001000-0x0000000000ffffff]
[STDOUT  ] 2019-03-22T16:58:40.839559866Z: [    0.568010]   DMA32    [mem 0x0000000001000000-0x000000003ffdefff]
[STDOUT  ] 2019-03-22T16:58:40.842317216Z: [    0.568011]   Normal   empty
[STDOUT  ] 2019-03-22T16:58:40.845001166Z: [    0.568013]   Device   empty
[STDOUT  ] 2019-03-22T16:58:40.848980389Z: [    0.568014] Movable zone start for each node
[STDOUT  ] 2019-03-22T16:58:40.852311338Z: [    0.568015] Early memory node ranges
[STDOUT  ] 2019-03-22T16:58:40.858189106Z: [    0.568016]   node   0: [mem 0x0000000000001000-0x000000000009efff]
[STDOUT  ] 2019-03-22T16:58:40.863927060Z: [    0.568018]   node   0: [mem 0x0000000000100000-0x000000003ffdefff]
[STDOUT  ] 2019-03-22T16:58:40.868014269Z: [    0.568594] Reserved but unavailable: 98 pages
[STDOUT  ] 2019-03-22T16:58:40.874473103Z: [    0.568596] Initmem setup node 0 [mem 0x0000000000001000-0x000000003ffdefff]
[STDOUT  ] 2019-03-22T16:58:40.878191205Z: [    0.580344] ACPI: PM-Timer IO Port: 0x608
[STDOUT  ] 2019-03-22T16:58:40.883479551Z: [    0.580395] ACPI: LAPIC_NMI (acpi_id[0xff] dfl dfl lint[0x1])
[STDOUT  ] 2019-03-22T16:58:40.889745647Z: [    0.580641] IOAPIC[0]: apic_id 0, version 17, address 0xfec00000, GSI 0-23
[STDOUT  ] 2019-03-22T16:58:40.895576660Z: [    0.580645] ACPI: INT_SRC_OVR (bus 0 bus_irq 0 global_irq 2 dfl dfl)
[STDOUT  ] 2019-03-22T16:58:40.901623772Z: [    0.580647] ACPI: INT_SRC_OVR (bus 0 bus_irq 5 global_irq 5 high level)
[STDOUT  ] 2019-03-22T16:58:40.907673764Z: [    0.580648] ACPI: INT_SRC_OVR (bus 0 bus_irq 9 global_irq 9 high level)
[STDOUT  ] 2019-03-22T16:58:40.913890152Z: [    0.580650] ACPI: INT_SRC_OVR (bus 0 bus_irq 10 global_irq 10 high level)
[STDOUT  ] 2019-03-22T16:58:40.920134912Z: [    0.580651] ACPI: INT_SRC_OVR (bus 0 bus_irq 11 global_irq 11 high level)
[STDOUT  ] 2019-03-22T16:58:40.925597137Z: [    0.580659] Using ACPI (MADT) for SMP configuration information
[STDOUT  ] 2019-03-22T16:58:40.930348125Z: [    0.580661] ACPI: HPET id: 0x8086a201 base: 0xfed00000
[STDOUT  ] 2019-03-22T16:58:40.934933899Z: [    0.580698] smpboot: Allowing 1 CPUs, 0 hotplug CPUs
[STDOUT  ] 2019-03-22T16:58:40.940531487Z: [    0.580813] [mem 0x40000000-0xafffffff] available for PCI devices
[STDOUT  ] 2019-03-22T16:58:40.944919564Z: [    0.580814] Booting paravirtualized kernel on KVM
[STDOUT  ] 2019-03-22T16:58:40.954383996Z: [    0.580817] clocksource: refined-jiffies: mask: 0xffffffff max_cycles: 0xffffffff, max_idle_ns: 1910969940391419 ns
[STDOUT  ] 2019-03-22T16:58:40.962133887Z: [    0.684422] random: get_random_bytes called from start_kernel+0x91/0x517 with crng_init=0
[STDOUT  ] 2019-03-22T16:58:40.969160671Z: [    0.684443] setup_percpu: NR_CPUS:128 nr_cpumask_bits:128 nr_cpu_ids:1 nr_node_ids:1
[STDOUT  ] 2019-03-22T16:58:40.976621709Z: [    0.685322] percpu: Embedded 45 pages/cpu @(____ptrval____) s145112 r8192 d31016 u2097152
[STDOUT  ] 2019-03-22T16:58:40.980296136Z: [    0.685435] KVM setup async PF for cpu 0
[STDOUT  ] 2019-03-22T16:58:40.984425068Z: [    0.685485] kvm-stealtime: cpu 0, msr 3c215e80
[STDOUT  ] 2019-03-22T16:58:40.990652716Z: [    0.685519] Built 1 zonelists, mobility grouping on.  Total pages: 257896
[STDOUT  ] 2019-03-22T16:58:40.996013957Z: [    0.685523] Kernel command line: console=ttyS0 console=ttyAMA0
[STDOUT  ] 2019-03-22T16:58:41.002526092Z: [    0.685666] Dentry cache hash table entries: 131072 (order: 8, 1048576 bytes)
[STDOUT  ] 2019-03-22T16:58:41.008860601Z: [    0.685755] Inode-cache hash table entries: 65536 (order: 7, 524288 bytes)
[STDOUT  ] 2019-03-22T16:58:41.021257993Z: [    0.689827] Memory: 959708K/1048052K available (12300K kernel code, 1573K rwdata, 3056K rodata, 1584K init, 2036K bss, 88344K reserved, 0K cma-reserved)
[STDOUT  ] 2019-03-22T16:58:41.025949148Z: [    0.690709] Kernel/User page tables isolation: enabled
[STDOUT  ] 2019-03-22T16:58:41.030880033Z: [    0.691212] ftrace: allocating 43042 entries in 169 pages
[STDOUT  ] 2019-03-22T16:58:41.035210890Z: [    0.712787] rcu: Hierarchical RCU implementation.
[STDOUT  ] 2019-03-22T16:58:41.041354480Z: [    0.712791] rcu: 	RCU restricting CPUs from NR_CPUS=128 to nr_cpu_ids=1.
[STDOUT  ] 2019-03-22T16:58:41.047505673Z: [    0.712792] rcu: Adjusting geometry for rcu_fanout_leaf=16, nr_cpu_ids=1
[STDOUT  ] 2019-03-22T16:58:41.052887361Z: [    0.715816] NR_IRQS: 8448, nr_irqs: 256, preallocated irqs: 16
[STDOUT  ] 2019-03-22T16:58:41.057136140Z: [    0.742114] Console: colour VGA+ 80x25
[STDOUT  ] 2019-03-22T16:58:41.059647443Z: [    1.183513] console [ttyS0] enabled
[STDOUT  ] 2019-03-22T16:58:41.063341377Z: [    1.186804] ACPI: Core revision 20180810
[STDOUT  ] 2019-03-22T16:58:41.072372127Z: [    1.191263] clocksource: hpet: mask: 0xffffffff max_cycles: 0xffffffff, max_idle_ns: 19112604467 ns
[STDOUT  ] 2019-03-22T16:58:41.077649661Z: [    1.200157] APIC: Switch to symmetric I/O mode setup
[STDOUT  ] 2019-03-22T16:58:41.082705126Z: [    1.207289] x2apic enabled
[STDOUT  ] 2019-03-22T16:58:41.089645193Z: [    1.212168] Switched APIC routing to physical x2apic.
[STDOUT  ] 2019-03-22T16:58:41.105042356Z: [    1.226693] ..TIMER: vector=0x30 apic1=0 pin1=2 apic2=-1 pin2=-1
[STDOUT  ] 2019-03-22T16:58:41.114865176Z: [    1.232405] clocksource: tsc-early: mask: 0xffffffffffffffff max_cycles: 0x21266755991, max_idle_ns: 440795279191 ns
[STDOUT  ] 2019-03-22T16:58:41.122573762Z: [    1.242121] Calibrating delay loop (skipped) preset value.. 4599.56 BogoMIPS (lpj=2299782)
[STDOUT  ] 2019-03-22T16:58:41.126937962Z: [    1.243096] pid_max: default: 32768 minimum: 301
[STDOUT  ] 2019-03-22T16:58:41.130949042Z: [    1.244225] Security Framework initialized
[STDOUT  ] 2019-03-22T16:58:41.134267462Z: [    1.245095] Yama: becoming mindful.
[STDOUT  ] 2019-03-22T16:58:41.140816390Z: [    1.246154] Mount-cache hash table entries: 2048 (order: 2, 16384 bytes)
[STDOUT  ] 2019-03-22T16:58:41.147423820Z: [    1.247104] Mountpoint-cache hash table entries: 2048 (order: 2, 16384 bytes)
[STDOUT  ] 2019-03-22T16:58:41.162015973Z: [    1.250141] Last level iTLB entries: 4KB 0, 2MB 0, 4MB 0
[STDOUT  ] 2019-03-22T16:58:41.167999616Z: [    1.251096] Last level dTLB entries: 4KB 0, 2MB 0, 4MB 0, 1GB 0
[STDOUT  ] 2019-03-22T16:58:41.173553080Z: [    1.252097] Spectre V2 : Mitigation: Full generic retpoline
[STDOUT  ] 2019-03-22T16:58:41.181178838Z: [    1.253095] Spectre V2 : Spectre v2 / SpectreRSB mitigation: Filling RSB on context switch
[STDOUT  ] 2019-03-22T16:58:41.185559657Z: [    1.254095] Speculative Store Bypass: Vulnerable
[STDOUT  ] 2019-03-22T16:58:41.199778698Z: [    1.265652] Freeing SMP alternatives memory: 20K
[STDOUT  ] 2019-03-22T16:58:41.311675148Z: [    1.269086] smpboot: CPU0: Intel QEMU Virtual CPU version 2.5+ (family: 0x6, model: 0x6, stepping: 0x3)
[STDOUT  ] 2019-03-22T16:58:41.330646183Z: [    1.269272] Performance Events: PMU not available due to virtualization, using software events only.
[STDOUT  ] 2019-03-22T16:58:41.335800817Z: [    1.271432] rcu: Hierarchical SRCU implementation.
[STDOUT  ] 2019-03-22T16:58:41.341689011Z: [    1.272378] NMI watchdog: Perf NMI watchdog permanently disabled
[STDOUT  ] 2019-03-22T16:58:41.346786496Z: [    1.274176] smp: Bringing up secondary CPUs ...
[STDOUT  ] 2019-03-22T16:58:41.350529777Z: [    1.275096] smp: Brought up 1 node, 1 CPU
[STDOUT  ] 2019-03-22T16:58:41.354525187Z: [    1.276093] smpboot: Max logical packages: 1
[STDOUT  ] 2019-03-22T16:58:41.360657938Z: [    1.277093] smpboot: Total of 1 processors activated (4599.56 BogoMIPS)
[STDOUT  ] 2019-03-22T16:58:41.364687560Z: [    1.279329] devtmpfs: initialized
[STDOUT  ] 2019-03-22T16:58:41.368799234Z: [    1.280174] x86/mm: Memory block size: 128MB
[STDOUT  ] 2019-03-22T16:58:41.378206534Z: [    1.282201] clocksource: jiffies: mask: 0xffffffff max_cycles: 0xffffffff, max_idle_ns: 1911260446275000 ns
[STDOUT  ] 2019-03-22T16:58:41.383862717Z: [    1.283103] futex hash table entries: 256 (order: 2, 16384 bytes)
[STDOUT  ] 2019-03-22T16:58:41.388388451Z: [    1.285167] NET: Registered protocol family 16
[STDOUT  ] 2019-03-22T16:58:41.393601915Z: [    1.286263] audit: initializing netlink subsys (disabled)
[STDOUT  ] 2019-03-22T16:58:41.397637250Z: [    1.287257] cpuidle: using governor ladder
[STDOUT  ] 2019-03-22T16:58:41.401324321Z: [    1.288096] cpuidle: using governor menu
[STDOUT  ] 2019-03-22T16:58:41.405290800Z: [    1.289260] ACPI: bus type PCI registered
[STDOUT  ] 2019-03-22T16:58:41.414210421Z: [    1.290567] PCI: MMCONFIG for domain 0000 [bus 00-ff] at [mem 0xb0000000-0xbfffffff] (base 0xb0000000)
[STDOUT  ] 2019-03-22T16:58:41.422065197Z: [    1.291107] audit: type=2000 audit(1553273920.653:1): state=initialized audit_enabled=0 res=1
[STDOUT  ] 2019-03-22T16:58:41.428365447Z: [    1.292111] PCI: MMCONFIG at [mem 0xb0000000-0xbfffffff] reserved in E820
[STDOUT  ] 2019-03-22T16:58:41.433539625Z: [    1.293112] PCI: Using configuration type 1 for base access
[STDOUT  ] 2019-03-22T16:58:41.441698346Z: [    1.296445] HugeTLB registered 2.00 MiB page size, pre-allocated 0 pages
[STDOUT  ] 2019-03-22T16:58:41.445878480Z: [    1.297276] cryptd: max_cpu_qlen set to 1000
[STDOUT  ] 2019-03-22T16:58:41.450056970Z: [    1.298301] ACPI: Added _OSI(Module Device)
[STDOUT  ] 2019-03-22T16:58:41.454248911Z: [    1.299103] ACPI: Added _OSI(Processor Device)
[STDOUT  ] 2019-03-22T16:58:41.458620073Z: [    1.300094] ACPI: Added _OSI(3.0 _SCP Extensions)
[STDOUT  ] 2019-03-22T16:58:41.463603108Z: [    1.301094] ACPI: Added _OSI(Processor Aggregator Device)
[STDOUT  ] 2019-03-22T16:58:41.467824053Z: [    1.302121] ACPI: Added _OSI(Linux-Dell-Video)
[STDOUT  ] 2019-03-22T16:58:41.472768272Z: [    1.303093] ACPI: Added _OSI(Linux-Lenovo-NV-HDMI-Audio)
[STDOUT  ] 2019-03-22T16:58:41.480008931Z: [    1.306038] ACPI: 1 ACPI AML tables successfully acquired and loaded
[STDOUT  ] 2019-03-22T16:58:41.486285787Z: [    1.309275] ACPI: Interpreter enabled
[STDOUT  ] 2019-03-22T16:58:41.489482298Z: [    1.310102] ACPI: (supports S0 S5)
[STDOUT  ] 2019-03-22T16:58:41.494225525Z: [    1.311092] ACPI: Using IOAPIC for interrupt routing
[STDOUT  ] 2019-03-22T16:58:41.502687238Z: [    1.312173] PCI: Using host bridge windows from ACPI; if necessary, use "pci=nocrs" and report a bug
[STDOUT  ] 2019-03-22T16:58:41.507403353Z: [    1.313348] ACPI: Enabled 2 GPEs in block 00 to 3F
[STDOUT  ] 2019-03-22T16:58:41.516775976Z: [    1.317982] ACPI: PCI Root Bridge [PCI0] (domain 0000 [bus 00-ff])
[STDOUT  ] 2019-03-22T16:58:41.524232999Z: [    1.318105] acpi PNP0A08:00: _OSC: OS supports [ExtendedConfig ASPM ClockPM Segments MSI]
[STDOUT  ] 2019-03-22T16:58:41.530932915Z: [    1.319244] acpi PNP0A08:00: _OSC: platform does not support [SHPCHotplug LTR]
[STDOUT  ] 2019-03-22T16:58:41.538043603Z: [    1.320213] acpi PNP0A08:00: _OSC: OS now controls [PCIeHotplug PME PCIeCapability]
[STDOUT  ] 2019-03-22T16:58:41.542005001Z: [    1.322127] PCI host bridge to bus 0000:00
[STDOUT  ] 2019-03-22T16:58:41.548233307Z: [    1.323097] pci_bus 0000:00: root bus resource [io  0x0000-0x0cf7 window]
[STDOUT  ] 2019-03-22T16:58:41.554443492Z: [    1.324097] pci_bus 0000:00: root bus resource [io  0x0d00-0xffff window]
[STDOUT  ] 2019-03-22T16:58:41.561300372Z: [    1.325096] pci_bus 0000:00: root bus resource [mem 0x000a0000-0x000bffff window]
[STDOUT  ] 2019-03-22T16:58:41.568131974Z: [    1.326100] pci_bus 0000:00: root bus resource [mem 0xc0000000-0xfebfffff window]
[STDOUT  ] 2019-03-22T16:58:41.573253242Z: [    1.327098] pci_bus 0000:00: root bus resource [bus 00-ff]
[STDOUT  ] 2019-03-22T16:58:41.653514896Z: [    1.396211] pci 0000:00:1f.0: quirk: [io  0x0600-0x067f] claimed by ICH6 ACPI/GPIO/TCO
[STDOUT  ] 2019-03-22T16:58:41.685508459Z: [    1.424188] ACPI: PCI Interrupt Link [LNKA] (IRQs 5 *10 11)
[STDOUT  ] 2019-03-22T16:58:41.690963959Z: [    1.425446] ACPI: PCI Interrupt Link [LNKB] (IRQs 5 *10 11)
[STDOUT  ] 2019-03-22T16:58:41.696530112Z: [    1.427250] ACPI: PCI Interrupt Link [LNKC] (IRQs 5 10 *11)
[STDOUT  ] 2019-03-22T16:58:41.701943352Z: [    1.428428] ACPI: PCI Interrupt Link [LNKD] (IRQs 5 10 *11)
[STDOUT  ] 2019-03-22T16:58:41.707406644Z: [    1.430185] ACPI: PCI Interrupt Link [LNKE] (IRQs 5 *10 11)
[STDOUT  ] 2019-03-22T16:58:41.712860916Z: [    1.431401] ACPI: PCI Interrupt Link [LNKF] (IRQs 5 *10 11)
[STDOUT  ] 2019-03-22T16:58:41.718330016Z: [    1.433110] ACPI: PCI Interrupt Link [LNKG] (IRQs 5 10 *11)
[STDOUT  ] 2019-03-22T16:58:41.723822768Z: [    1.434440] ACPI: PCI Interrupt Link [LNKH] (IRQs 5 10 *11)
[STDOUT  ] 2019-03-22T16:58:41.728755962Z: [    1.435250] ACPI: PCI Interrupt Link [GSIA] (IRQs *16)
[STDOUT  ] 2019-03-22T16:58:41.733541250Z: [    1.436117] ACPI: PCI Interrupt Link [GSIB] (IRQs *17)
[STDOUT  ] 2019-03-22T16:58:41.738353828Z: [    1.437116] ACPI: PCI Interrupt Link [GSIC] (IRQs *18)
[STDOUT  ] 2019-03-22T16:58:41.743256224Z: [    1.438112] ACPI: PCI Interrupt Link [GSID] (IRQs *19)
[STDOUT  ] 2019-03-22T16:58:41.748065026Z: [    1.439116] ACPI: PCI Interrupt Link [GSIE] (IRQs *20)
[STDOUT  ] 2019-03-22T16:58:41.752906929Z: [    1.440112] ACPI: PCI Interrupt Link [GSIF] (IRQs *21)
[STDOUT  ] 2019-03-22T16:58:41.757693401Z: [    1.441112] ACPI: PCI Interrupt Link [GSIG] (IRQs *22)
[STDOUT  ] 2019-03-22T16:58:41.762544576Z: [    1.442110] ACPI: PCI Interrupt Link [GSIH] (IRQs *23)
[STDOUT  ] 2019-03-22T16:58:41.766589188Z: [    1.443562] SCSI subsystem initialized
[STDOUT  ] 2019-03-22T16:58:41.770597316Z: [    1.444224] ACPI: bus type USB registered
[STDOUT  ] 2019-03-22T16:58:41.775686126Z: [    1.445141] usbcore: registered new interface driver usbfs
[STDOUT  ] 2019-03-22T16:58:41.780623200Z: [    1.446119] usbcore: registered new interface driver hub
[STDOUT  ] 2019-03-22T16:58:41.785353553Z: [    1.447135] usbcore: registered new device driver usb
[STDOUT  ] 2019-03-22T16:58:41.789963939Z: [    1.448125] pps_core: LinuxPPS API ver. 1 registered
[STDOUT  ] 2019-03-22T16:58:41.798295670Z: [    1.449092] pps_core: Software ver. 5.3.6 - Copyright 2005-2007 Rodolfo Giometti <giometti@linux.it>
[STDOUT  ] 2019-03-22T16:58:41.801996349Z: [    1.450113] PTP clock support registered
[STDOUT  ] 2019-03-22T16:58:41.806058103Z: [    1.452116] PCI: Using ACPI for IRQ routing
[STDOUT  ] 2019-03-22T16:58:42.254769010Z: [    1.899451] NetLabel: Initializing
[STDOUT  ] 2019-03-22T16:58:42.258919647Z: [    1.900093] NetLabel:  domain hash size = 128
[STDOUT  ] 2019-03-22T16:58:42.264151679Z: [    1.901092] NetLabel:  protocols = UNLABELED CIPSOv4 CALIPSO
[STDOUT  ] 2019-03-22T16:58:42.269428944Z: [    1.902133] NetLabel:  unlabeled traffic allowed by default
[STDOUT  ] 2019-03-22T16:58:42.276063413Z: [    1.903281] HPET: 3 timers in total, 0 timers will be used for per-cpu timer
[STDOUT  ] 2019-03-22T16:58:42.280769943Z: [    1.905158] hpet0: at MMIO 0xfed00000, IRQs 2, 8, 0
[STDOUT  ] 2019-03-22T16:58:42.286241981Z: [    1.906093] hpet0: 3 comparators, 64-bit 100.000000 MHz counter
[STDOUT  ] 2019-03-22T16:58:42.295003074Z: [    1.910134] clocksource: Switched to clocksource kvm-clock
[STDOUT  ] 2019-03-22T16:58:42.324756704Z: [    1.941247] VFS: Disk quotas dquot_6.6.0
[STDOUT  ] 2019-03-22T16:58:42.331114812Z: [    1.945062] VFS: Dquot-cache hash table entries: 512 (order 0, 4096 bytes)
[STDOUT  ] 2019-03-22T16:58:42.333987726Z: [    1.951476] FS-Cache: Loaded
[STDOUT  ] 2019-03-22T16:58:42.336981224Z: [    1.954334] CacheFiles: Loaded
[STDOUT  ] 2019-03-22T16:58:42.339903489Z: [    1.957262] pnp: PnP ACPI init
[STDOUT  ] 2019-03-22T16:58:42.344952358Z: [    1.961328] pnp: PnP ACPI: found 5 devices
[STDOUT  ] 2019-03-22T16:58:42.359388000Z: [    1.971528] clocksource: acpi_pm: mask: 0xffffff max_cycles: 0xffffff, max_idle_ns: 2085701024 ns
[STDOUT  ] 2019-03-22T16:58:42.363514897Z: [    1.979719] NET: Registered protocol family 2
[STDOUT  ] 2019-03-22T16:58:42.371561929Z: [    1.984763] tcp_listen_portaddr_hash hash table entries: 512 (order: 1, 8192 bytes)
[STDOUT  ] 2019-03-22T16:58:42.378060841Z: [    1.991827] TCP established hash table entries: 8192 (order: 4, 65536 bytes)
[STDOUT  ] 2019-03-22T16:58:42.384078766Z: [    1.998329] TCP bind hash table entries: 8192 (order: 5, 131072 bytes)
[STDOUT  ] 2019-03-22T16:58:42.389969684Z: [    2.004368] TCP: Hash tables configured (established 8192 bind 8192)
[STDOUT  ] 2019-03-22T16:58:42.395468503Z: [    2.010263] UDP hash table entries: 512 (order: 2, 16384 bytes)
[STDOUT  ] 2019-03-22T16:58:42.401285532Z: [    2.015725] UDP-Lite hash table entries: 512 (order: 2, 16384 bytes)
[STDOUT  ] 2019-03-22T16:58:42.405482701Z: [    2.021652] NET: Registered protocol family 1
[STDOUT  ] 2019-03-22T16:58:42.409656668Z: [    2.025728] NET: Registered protocol family 44
[STDOUT  ] 2019-03-22T16:58:42.417564042Z: [    2.030189] pci 0000:00:01.0: Video device with shadowed ROM at [mem 0x000c0000-0x000dffff]
[STDOUT  ] 2019-03-22T16:58:42.423059888Z: [    2.038305] Trying to unpack rootfs image as initramfs...
[STDOUT  ] 2019-03-22T16:58:43.244665788Z: [    2.861045] Freeing initrd memory: 42092K
[STDOUT  ] 2019-03-22T16:58:43.253875179Z: [    2.865048] clocksource: tsc: mask: 0xffffffffffffffff max_cycles: 0x21266755991, max_idle_ns: 440795279191 ns
[STDOUT  ] 2019-03-22T16:58:43.259371587Z: [    2.874707] PCLMULQDQ-NI instructions are not detected.
[STDOUT  ] 2019-03-22T16:58:43.264335806Z: [    2.879642] AVX or AES-NI instructions are not detected.
[STDOUT  ] 2019-03-22T16:58:43.269323605Z: [    2.884563] CPU feature 'AVX registers' is not supported.
[STDOUT  ] 2019-03-22T16:58:43.274267430Z: [    2.889521] CPU feature 'AVX registers' is not supported.
[STDOUT  ] 2019-03-22T16:58:43.279241337Z: [    2.894487] CPU feature 'AVX registers' is not supported.
[STDOUT  ] 2019-03-22T16:58:43.284185376Z: [    2.899446] CPU feature 'AVX registers' is not supported.
[STDOUT  ] 2019-03-22T16:58:43.289226222Z: [    2.904407] AVX2 or AES-NI instructions are not detected.
[STDOUT  ] 2019-03-22T16:58:43.293438664Z: [    2.909422] AVX2 instructions are not detected.
[STDOUT  ] 2019-03-22T16:58:43.300045421Z: [    2.914349] workingset: timestamp_bits=46 max_order=18 bucket_order=0
[STDOUT  ] 2019-03-22T16:58:43.306142180Z: [    2.920664] squashfs: version 4.0 (2009/01/31) Phillip Lougher
[STDOUT  ] 2019-03-22T16:58:43.311324572Z: [    2.926507] FS-Cache: Netfs 'cifs' registered for caching
[STDOUT  ] 2019-03-22T16:58:43.315056915Z: [    2.931586] fuse init (API version 7.27)
[STDOUT  ] 2019-03-22T16:58:43.320960894Z: [    2.935377] SGI XFS with ACLs, security attributes, no debug enabled
[STDOUT  ] 2019-03-22T16:58:43.326243135Z: [    2.941410] 9p: Installing v9fs 9p2000 file system support
[STDOUT  ] 2019-03-22T16:58:43.331063082Z: [    2.946471] FS-Cache: Netfs '9p' registered for caching
[STDOUT  ] 2019-03-22T16:58:43.335103679Z: [    2.951276] pstore: using deflate compression
[STDOUT  ] 2019-03-22T16:58:43.340622546Z: [    2.956675] NET: Registered protocol family 38
[STDOUT  ] 2019-03-22T16:58:43.344502567Z: [    2.960899] Key type asymmetric registered
[STDOUT  ] 2019-03-22T16:58:43.349226002Z: [    2.964889] Asymmetric key parser 'x509' registered
[STDOUT  ] 2019-03-22T16:58:43.356001644Z: [    2.969462] Block layer SCSI generic (bsg) driver version 0.4 loaded (major 247)
[STDOUT  ] 2019-03-22T16:58:43.359718795Z: [    2.976291] io scheduler noop registered
[STDOUT  ] 2019-03-22T16:58:43.364477724Z: [    2.979939] io scheduler deadline registered (default)
[STDOUT  ] 2019-03-22T16:58:43.368169359Z: [    2.984726] io scheduler cfq registered
[STDOUT  ] 2019-03-22T16:58:43.373184873Z: [    2.988368] io scheduler mq-deadline registered (default)
[STDOUT  ] 2019-03-22T16:58:43.376937722Z: [    2.993386] io scheduler kyber registered
[STDOUT  ] 2019-03-22T16:58:43.383231920Z: [    2.997308] shpchp: Standard Hot Plug PCI Controller Driver version: 0.4
[STDOUT  ] 2019-03-22T16:58:43.387746453Z: [    3.003488] hv_vmbus: registering driver hyperv_fb
[STDOUT  ] 2019-03-22T16:58:43.394743359Z: [    3.008158] input: Power Button as /devices/LNXSYSTM:00/LNXPWRBN:00/input/input0
[STDOUT  ] 2019-03-22T16:58:43.398172474Z: [    3.014970] ACPI: Power Button [PWRF]
[STDOUT  ] 2019-03-22T16:58:43.403887103Z: [    3.019217] PCI Interrupt Link [GSIG] enabled at IRQ 22
[STDOUT  ] 2019-03-22T16:58:43.414536083Z: [    3.029905] PCI Interrupt Link [GSIH] enabled at IRQ 23
[STDOUT  ] 2019-03-22T16:58:43.426092972Z: [    3.040441] Serial: 8250/16550 driver, 4 ports, IRQ sharing disabled
[STDOUT  ] 2019-03-22T16:58:43.466773214Z: [    3.080287] 00:04: ttyS0 at I/O 0x3f8 (irq = 4, base_baud = 115200) is a 16550A
[STDOUT  ] 2019-03-22T16:58:43.471687815Z: [    3.087973] Non-volatile memory driver v1.3
[STDOUT  ] 2019-03-22T16:58:43.481572279Z: [    3.093597] Hangcheck: starting hangcheck timer 0.9.1 (tick is 180 seconds, margin is 60 seconds).
[STDOUT  ] 2019-03-22T16:58:43.485036424Z: [    3.102024] random: fast init done
[STDOUT  ] 2019-03-22T16:58:43.489240754Z: [    3.106180] random: crng init done
[STDOUT  ] 2019-03-22T16:58:43.493475489Z: [    3.110745] brd: module loaded
[STDOUT  ] 2019-03-22T16:58:43.499090260Z: [    3.116291] loop: module loaded
[STDOUT  ] 2019-03-22T16:58:43.508861477Z: [    3.123338] lpc_ich 0000:00:1f.0: I/O space for GPIO uninitialized
[STDOUT  ] 2019-03-22T16:58:43.513647987Z: [    3.129246] VMware PVSCSI driver - version 1.0.7.0-k
[STDOUT  ] 2019-03-22T16:58:43.518176728Z: [    3.133867] hv_vmbus: registering driver hv_storvsc
[STDOUT  ] 2019-03-22T16:58:43.523698864Z: [    3.139028] PCI Interrupt Link [GSIA] enabled at IRQ 16
[STDOUT  ] 2019-03-22T16:58:43.534856942Z: [    3.147470] ahci 0000:00:1f.2: AHCI 0001.0000 32 slots 6 ports 1.5 Gbps 0x3f impl SATA mode
[STDOUT  ] 2019-03-22T16:58:43.539516826Z: [    3.155051] ahci 0000:00:1f.2: flags: 64bit ncq only 
[STDOUT  ] 2019-03-22T16:58:43.546149267Z: [    3.163615] scsi host0: ahci
[STDOUT  ] 2019-03-22T16:58:43.549066818Z: [    3.166496] scsi host1: ahci
[STDOUT  ] 2019-03-22T16:58:43.551908101Z: [    3.169387] scsi host2: ahci
[STDOUT  ] 2019-03-22T16:58:43.554773499Z: [    3.172251] scsi host3: ahci
[STDOUT  ] 2019-03-22T16:58:43.557624649Z: [    3.175091] scsi host4: ahci
[STDOUT  ] 2019-03-22T16:58:43.560521508Z: [    3.177956] scsi host5: ahci
[STDOUT  ] 2019-03-22T16:58:43.567340341Z: [    3.180843] ata1: SATA max UDMA/133 abar m4096@0xfebd2000 port 0xfebd2100 irq 24
[STDOUT  ] 2019-03-22T16:58:43.574129425Z: [    3.187607] ata2: SATA max UDMA/133 abar m4096@0xfebd2000 port 0xfebd2180 irq 24
[STDOUT  ] 2019-03-22T16:58:43.580906508Z: [    3.194374] ata3: SATA max UDMA/133 abar m4096@0xfebd2000 port 0xfebd2200 irq 24
[STDOUT  ] 2019-03-22T16:58:43.587699179Z: [    3.201170] ata4: SATA max UDMA/133 abar m4096@0xfebd2000 port 0xfebd2280 irq 24
[STDOUT  ] 2019-03-22T16:58:43.594464788Z: [    3.207956] ata5: SATA max UDMA/133 abar m4096@0xfebd2000 port 0xfebd2300 irq 24
[STDOUT  ] 2019-03-22T16:58:43.601295049Z: [    3.214718] ata6: SATA max UDMA/133 abar m4096@0xfebd2000 port 0xfebd2380 irq 24
[STDOUT  ] 2019-03-22T16:58:43.608587137Z: [    3.223878] tun: Universal TUN/TAP device driver, 1.6
[STDOUT  ] 2019-03-22T16:58:43.619593879Z: [    3.233748] VMware vmxnet3 virtual NIC driver - version 1.4.16.0-k-NAPI
[STDOUT  ] 2019-03-22T16:58:43.624107378Z: [    3.239842] hv_vmbus: registering driver hv_netvsc
[STDOUT  ] 2019-03-22T16:58:43.627987976Z: [    3.244325] Fusion MPT base driver 3.04.20
[STDOUT  ] 2019-03-22T16:58:43.632477034Z: [    3.248167] Copyright (c) 1999-2008 LSI Corporation
[STDOUT  ] 2019-03-22T16:58:43.636614324Z: [    3.252688] Fusion MPT SPI Host driver 3.04.20
[STDOUT  ] 2019-03-22T16:58:43.643991245Z: [    3.256951] i8042: PNP: PS/2 Controller [PNP0303:KBD,PNP0f13:MOU] at 0x60,0x64 irq 1,12
[STDOUT  ] 2019-03-22T16:58:43.652317660Z: [    3.267919] serio: i8042 KBD port at 0x60,0x64 irq 1
[STDOUT  ] 2019-03-22T16:58:43.656962084Z: [    3.272514] serio: i8042 AUX port at 0x60,0x64 irq 12
[STDOUT  ] 2019-03-22T16:58:43.662004372Z: [    3.277321] hv_vmbus: registering driver hyperv_keyboard
[STDOUT  ] 2019-03-22T16:58:43.667240387Z: [    3.282322] mousedev: PS/2 mouse device common for all mice
[STDOUT  ] 2019-03-22T16:58:43.676405417Z: [    3.288782] input: AT Translated Set 2 keyboard as /devices/platform/i8042/serio0/input/input1
[STDOUT  ] 2019-03-22T16:58:43.682468918Z: [    3.296691] input: PC Speaker as /devices/platform/pcspkr/input/input2
[STDOUT  ] 2019-03-22T16:58:43.687818140Z: [    3.303730] rtc_cmos 00:00: RTC can wake from S4
[STDOUT  ] 2019-03-22T16:58:43.694530273Z: [    3.310593] rtc_cmos 00:00: registered as rtc0
[STDOUT  ] 2019-03-22T16:58:43.701346281Z: [    3.314752] rtc_cmos 00:00: alarms up to one day, y3k, 114 bytes nvram, hpet irqs
[STDOUT  ] 2019-03-22T16:58:43.704668113Z: [    3.321579] i2c /dev entries driver
[STDOUT  ] 2019-03-22T16:58:43.712818561Z: [    3.325332] device-mapper: ioctl: 4.39.0-ioctl (2018-04-03) initialised: dm-devel@redhat.com
[STDOUT  ] 2019-03-22T16:58:43.718631654Z: [    3.333699] usbcore: registered new interface driver usbhid
[STDOUT  ] 2019-03-22T16:58:43.722273000Z: [    3.338874] usbhid: USB HID core driver
[STDOUT  ] 2019-03-22T16:58:43.727165959Z: [    3.342524] hv_utils: Registering HyperV Utility Driver
[STDOUT  ] 2019-03-22T16:58:43.731432821Z: [    3.347359] hv_vmbus: registering driver hv_util
[STDOUT  ] 2019-03-22T16:58:43.735971384Z: [    3.351618] hv_vmbus: registering driver hv_balloon
[STDOUT  ] 2019-03-22T16:58:43.739791567Z: [    3.356153] oprofile: using NMI interrupt.
[STDOUT  ] 2019-03-22T16:58:43.742886199Z: [    3.360047] GACT probability on
[STDOUT  ] 2019-03-22T16:58:43.746310084Z: [    3.363070] Mirror/redirect action on
[STDOUT  ] 2019-03-22T16:58:43.749613312Z: [    3.366524] Simple TC action Loaded
[STDOUT  ] 2019-03-22T16:58:43.752268430Z: [    3.369846] u32 classifier
[STDOUT  ] 2019-03-22T16:58:43.755860090Z: [    3.372468]     Performance counters on
[STDOUT  ] 2019-03-22T16:58:43.759329718Z: [    3.376061]     input device check on
[STDOUT  ] 2019-03-22T16:58:43.762616589Z: [    3.379529]     Actions configured
[STDOUT  ] 2019-03-22T16:58:43.767108616Z: [    3.383194] xt_time: kernel timezone is -0000
[STDOUT  ] 2019-03-22T16:58:43.772656014Z: [    3.387336] IPVS: Registered protocols (TCP, UDP, SCTP, AH, ESP)
[STDOUT  ] 2019-03-22T16:58:43.779371152Z: [    3.392932] IPVS: Connection hash table configured (size=4096, memory=64Kbytes)
[STDOUT  ] 2019-03-22T16:58:43.782447989Z: [    3.399719] IPVS: ipvs loaded.
[STDOUT  ] 2019-03-22T16:58:43.786458643Z: [    3.402641] IPVS: [rr] scheduler registered.
[STDOUT  ] 2019-03-22T16:58:43.790562646Z: [    3.406649] IPVS: [wrr] scheduler registered.
[STDOUT  ] 2019-03-22T16:58:43.794559563Z: [    3.410755] IPVS: [lc] scheduler registered.
[STDOUT  ] 2019-03-22T16:58:43.798646468Z: [    3.414737] IPVS: [wlc] scheduler registered.
[STDOUT  ] 2019-03-22T16:58:43.802622855Z: [    3.418824] IPVS: [fo] scheduler registered.
[STDOUT  ] 2019-03-22T16:58:43.806688192Z: [    3.422823] IPVS: [ovf] scheduler registered.
[STDOUT  ] 2019-03-22T16:58:43.810867272Z: [    3.426903] IPVS: [lblc] scheduler registered.
[STDOUT  ] 2019-03-22T16:58:43.815111610Z: [    3.431052] IPVS: [lblcr] scheduler registered.
[STDOUT  ] 2019-03-22T16:58:43.819605298Z: [    3.435736] IPVS: [dh] scheduler registered.
[STDOUT  ] 2019-03-22T16:58:43.823561862Z: [    3.439785] IPVS: [sh] scheduler registered.
[STDOUT  ] 2019-03-22T16:58:43.827773911Z: [    3.443983] IPVS: [mh] scheduler registered.
[STDOUT  ] 2019-03-22T16:58:43.831871096Z: [    3.447957] IPVS: [sed] scheduler registered.
[STDOUT  ] 2019-03-22T16:58:43.836087697Z: [    3.452337] IPVS: [nq] scheduler registered.
[STDOUT  ] 2019-03-22T16:58:43.840752969Z: [    3.456298] IPVS: ftp: loaded support on port[0] = 21
[STDOUT  ] 2019-03-22T16:58:43.846184268Z: [    3.461326] ipip: IPv4 and MPLS over IPv4 tunneling driver
[STDOUT  ] 2019-03-22T16:58:43.851103624Z: [    3.466778] gre: GRE over IPv4 demultiplexor driver
[STDOUT  ] 2019-03-22T16:58:43.857076267Z: [    3.471412] ipt_CLUSTERIP: ClusterIP Version 0.8 loaded successfully
[STDOUT  ] 2019-03-22T16:58:43.861539155Z: [    3.477569] NET: Registered protocol family 10
[STDOUT  ] 2019-03-22T16:58:43.865540524Z: [    3.482175] Segment Routing with IPv6
[STDOUT  ] 2019-03-22T16:58:43.870332219Z: [    3.486352] NET: Registered protocol family 17
[STDOUT  ] 2019-03-22T16:58:43.874120165Z: [    3.490555] Bridge firewalling registered
[STDOUT  ] 2019-03-22T16:58:43.878330064Z: [    3.494597] 8021q: 802.1Q VLAN Support v1.8
[STDOUT  ] 2019-03-22T16:58:43.882406952Z: [    3.498556] 9pnet: Installing 9P2000 support
[STDOUT  ] 2019-03-22T16:58:43.886643945Z: [    3.502839] Key type dns_resolver registered
[STDOUT  ] 2019-03-22T16:58:43.890763758Z: [    3.507082] registered taskstats version 1
[STDOUT  ] 2019-03-22T16:58:43.903075209Z: [    3.519592] Key type big_key registered
[STDOUT  ] 2019-03-22T16:58:43.910675323Z: [    3.527206] Key type trusted registered
[STDOUT  ] 2019-03-22T16:58:43.918389819Z: [    3.534798] Key type encrypted registered
[STDOUT  ] 2019-03-22T16:58:43.924016715Z: [    3.539214] ata6: SATA link down (SStatus 0 SControl 300)
[STDOUT  ] 2019-03-22T16:58:43.929789008Z: [    3.544990] ata5: SATA link down (SStatus 0 SControl 300)
[STDOUT  ] 2019-03-22T16:58:43.935557087Z: [    3.550776] ata4: SATA link down (SStatus 0 SControl 300)
[STDOUT  ] 2019-03-22T16:58:43.942124254Z: [    3.556623] ata3: SATA link up 1.5 Gbps (SStatus 113 SControl 300)
[STDOUT  ] 2019-03-22T16:58:43.948163290Z: [    3.563340] ata2: SATA link down (SStatus 0 SControl 300)
[STDOUT  ] 2019-03-22T16:58:43.954752752Z: [    3.569237] ata1: SATA link up 1.5 Gbps (SStatus 113 SControl 300)
[STDOUT  ] 2019-03-22T16:58:43.960297161Z: [    3.575399] ima: No TPM chip found, activating TPM-bypass!
[STDOUT  ] 2019-03-22T16:58:43.965538601Z: [    3.580517] ata3.00: ATAPI: QEMU DVD-ROM, 2.5+, max UDMA/100
[STDOUT  ] 2019-03-22T16:58:43.969478738Z: [    3.585722] ata3.00: applying bridge limits
[STDOUT  ] 2019-03-22T16:58:43.975090585Z: [    3.589989] ata1.00: ATA-7: QEMU HARDDISK, 2.5+, max UDMA/100
[STDOUT  ] 2019-03-22T16:58:43.980887307Z: [    3.595307] ata1.00: 524288 sectors, multi 16: LBA48 NCQ (depth 32)
[STDOUT  ] 2019-03-22T16:58:43.984821211Z: [    3.601065] ata1.00: applying bridge limits
[STDOUT  ] 2019-03-22T16:58:43.989593667Z: [    3.605405] ima: Allocated hash algorithm: sha256
[STDOUT  ] 2019-03-22T16:58:43.994420411Z: [    3.609850] evm: Initialising EVM extended attributes:
[STDOUT  ] 2019-03-22T16:58:43.997251473Z: [    3.614599] evm: security.ima
[STDOUT  ] 2019-03-22T16:58:44.000615213Z: [    3.617445] evm: security.capability
[STDOUT  ] 2019-03-22T16:58:44.003668788Z: [    3.620798] evm: HMAC attrs: 0x1
[STDOUT  ] 2019-03-22T16:58:44.008065775Z: [    3.624233] ata3.00: configured for UDMA/100
[STDOUT  ] 2019-03-22T16:58:44.013075493Z: [    3.629307] ata1.00: configured for UDMA/100
[STDOUT  ] 2019-03-22T16:58:44.020541283Z: [    3.633409] scsi 0:0:0:0: Direct-Access     ATA      QEMU HARDDISK    2.5+ PQ: 0 ANSI: 5
[STDOUT  ] 2019-03-22T16:58:44.028840527Z: [    3.641661] rtc_cmos 00:00: setting system clock to 2019-03-22 16:58:43 UTC (1553273923)
[STDOUT  ] 2019-03-22T16:58:44.035755000Z: [    3.649324] sd 0:0:0:0: [sda] 524288 512-byte logical blocks: (268 MB/256 MiB)
[STDOUT  ] 2019-03-22T16:58:44.040778984Z: [    3.656076] sd 0:0:0:0: Attached scsi generic sg0 type 0
[STDOUT  ] 2019-03-22T16:58:44.045257717Z: [    3.661024] sd 0:0:0:0: [sda] Write Protect is off
[STDOUT  ] 2019-03-22T16:58:44.052136589Z: [    3.665552] Unstable clock detected, switching default tracing clock to "global"
[STDOUT  ] 2019-03-22T16:58:44.057453884Z: [    3.665552] If you want to keep using the local clock, then add:
[STDOUT  ] 2019-03-22T16:58:44.060363551Z: [    3.665552]   "trace_clock=local"
[STDOUT  ] 2019-03-22T16:58:44.063633530Z: [    3.665552] on the kernel command line
[STDOUT  ] 2019-03-22T16:58:44.071620229Z: [    3.684388] scsi 2:0:0:0: CD-ROM            QEMU     QEMU DVD-ROM     2.5+ PQ: 0 ANSI: 5
[STDOUT  ] 2019-03-22T16:58:44.079945112Z: [    3.691902] sd 0:0:0:0: [sda] Write cache: enabled, read cache: enabled, doesn't support DPO or FUA
[STDOUT  ] 2019-03-22T16:58:44.086511684Z: [    3.702383] sd 0:0:0:0: [sda] Attached SCSI disk
[STDOUT  ] 2019-03-22T16:58:44.102061937Z: [    3.716022] sr 2:0:0:0: [sr0] scsi3-mmc drive: 4x/4x cd/rw xa/form2 tray
[STDOUT  ] 2019-03-22T16:58:44.106946367Z: [    3.722278] cdrom: Uniform CD-ROM driver Revision: 3.20
[STDOUT  ] 2019-03-22T16:58:44.112461037Z: [    3.727719] sr 2:0:0:0: Attached scsi generic sg1 type 5
[STDOUT  ] 2019-03-22T16:58:44.120265238Z: [    3.735730] Freeing unused kernel image memory: 1584K
[STDOUT  ] 2019-03-22T16:58:44.127401395Z: [    3.742173] Write protecting the kernel read-only data: 18432k
[STDOUT  ] 2019-03-22T16:58:44.134504396Z: [    3.750020] Freeing unused kernel image memory: 2028K
[STDOUT  ] 2019-03-22T16:58:44.139591975Z: [    3.755062] Freeing unused kernel image memory: 1040K
[STDOUT  ] 2019-03-22T16:58:44.143089683Z: [    3.759846] Run /init as init process
[STDOUT  ] 2019-03-22T16:58:44.812475212Z: 
[STDOUT  ] 2019-03-22T16:58:44.814406373Z: Welcome to LinuxKit
[STDOUT  ] 2019-03-22T16:58:44.814731463Z: 
[STDOUT  ] 2019-03-22T16:58:44.817211216Z:                         ##         .
[STDOUT  ] 2019-03-22T16:58:44.819737996Z:                   ## ## ##        ==
[STDOUT  ] 2019-03-22T16:58:44.822136260Z:                ## ## ## ## ##    ===
[STDOUT  ] 2019-03-22T16:58:44.824619620Z:            /"""""""""""""""""\___/ ===
[STDOUT  ] 2019-03-22T16:58:44.827318984Z:           {                       /  ===-
[STDOUT  ] 2019-03-22T16:58:44.829624556Z:            \______ O           __/
[STDOUT  ] 2019-03-22T16:58:44.831665661Z:              \    \         __/
[STDOUT  ] 2019-03-22T16:58:44.833602054Z:               \____\_______/
[STDOUT  ] 2019-03-22T16:58:44.834132035Z: 
[STDOUT  ] 2019-03-22T16:58:44.912415979Z: [    4.527771] IPVS: ftp: loaded support on port[0] = 21
[STDOUT  ] 2019-03-22T16:58:45.037645994Z: [    4.655860]  sda:
[STDOUT  ] 2019-03-22T16:58:45.045540190Z: [    4.663738]  sda:
[STDOUT  ] 2019-03-22T16:58:45.316991341Z: [    4.934889]  sda: sda1
[STDOUT  ] 2019-03-22T16:58:45.323216742Z: [    4.941181]  sda: sda1
[STDOUT  ] 2019-03-22T16:58:46.438752149Z: 2019/03/22 16:58:43 Creating partition on /dev/sda
[STDOUT  ] 2019-03-22T16:58:46.443041653Z: 2019/03/22 16:58:44 Partition /dev/sda1 successfully created!
[STDOUT  ] 2019-03-22T16:58:46.493549632Z: [    6.109038] IPVS: ftp: loaded support on port[0] = 21
[STDOUT  ] 2019-03-22T16:58:46.563094566Z: [    6.176337] EXT4-fs (sda1): mounted filesystem with ordered data mode. Opts: (null)
[STDOUT  ] 2019-03-22T16:58:56.882437375Z: [   16.497512] sd 0:0:0:0: [sda] Synchronizing SCSI cache
[STDOUT  ] 2019-03-22T16:58:56.886921524Z: [   16.503034] sd 0:0:0:0: [sda] Stopping disk
[STDOUT  ] 2019-03-22T16:58:56.893325681Z: [   16.508280] ACPI: Preparing to enter system sleep state S5
[STDOUT  ] 2019-03-22T16:58:56.896503977Z: [   16.513715] reboot: Power down
[STDERR  ] 2019-03-22T16:58:56.918478920Z: + [ -f disk.img ]
[STDERR  ] 2019-03-22T16:58:56.918566287Z: + dd if=/dev/zero bs=1048576 count=256
[STDERR  ] 2019-03-22T16:58:57.131662467Z: 256+0 records in
[STDERR  ] 2019-03-22T16:58:57.131733931Z: 256+0 records out
[STDERR  ] 2019-03-22T16:58:57.131744167Z: 268435456 bytes (268 MB, 256 MiB) copied, 0.187861 s, 1.4 GB/s
[STDERR  ] 2019-03-22T16:58:57.132137819Z: + linuxkit build -format kernel+initrd -name extend-ext4 test.yml
[STDERR  ] 2019-03-22T16:58:57.178806714Z: Extract kernel image: linuxkit/kernel:4.19.28
[STDERR  ] 2019-03-22T16:58:59.149341074Z: Add init containers:
[STDERR  ] 2019-03-22T16:58:59.149426681Z: Process init image: linuxkit/init:629fdad56e62ae72bf8becf0c8a668241480d3ff
[STDERR  ] 2019-03-22T16:59:00.340844903Z: Process init image: linuxkit/runc:606971451ea29b4238029804ca638f9f85caf5af
[STDERR  ] 2019-03-22T16:59:01.498514817Z: Add onboot containers:
[STDERR  ] 2019-03-22T16:59:01.498593815Z:   Create OCI config for linuxkit/extend:4af9cb8282eabb1df184a0c4f74e0d651f16bf24
[STDERR  ] 2019-03-22T16:59:03.508420179Z: Pull image: docker.io/linuxkit/extend:4af9cb8282eabb1df184a0c4f74e0d651f16bf24@sha256:2940fac1c21a797511ad5ffabd59fa4c2e02ef8441f7864dbcd33a1d38de6b6d
[STDERR  ] 2019-03-22T16:59:08.563164896Z:   Create OCI config for linuxkit/mount:019bc551972cf2d136b443d70b4bf94c54d0d1fe
[STDERR  ] 2019-03-22T16:59:09.967391917Z:   Create OCI config for alpine:3.9
[STDERR  ] 2019-03-22T16:59:11.128212816Z:   Create OCI config for linuxkit/poweroff:9f4e04f09bbb4a028f0a1f57d430e1ad3095ace1
[STDERR  ] 2019-03-22T16:59:12.283160543Z: Add files:
[STDERR  ] 2019-03-22T16:59:12.283230148Z:   check.sh
[STDERR  ] 2019-03-22T16:59:12.283756819Z: Create outputs:
[STDERR  ] 2019-03-22T16:59:22.236031099Z:   extend-ext4-kernel extend-ext4-initrd.img extend-ext4-cmdline
[STDERR  ] 2019-03-22T16:59:22.355000584Z: + linuxkit run -disk file=disk.img extend-ext4
[STDERR  ] 2019-03-22T16:59:22.388734763Z: Using existing disk [disk.img] format 
[STDERR  ] 2019-03-22T16:59:22.407715186Z: WARNING: Image format was not specified for 'disk.img' and probing guessed raw.
[STDERR  ] 2019-03-22T16:59:22.407777015Z:          Automatically detecting the format is dangerous for raw images, write operations on block 0 will be restricted.
[STDERR  ] 2019-03-22T16:59:22.407803108Z:          Specify the 'raw' format explicitly to remove the restrictions.
[STDERR  ] 2019-03-22T16:59:40.612909188Z: + RESULT=[    0.000000] Linux version 4.19.28-linuxkit (root@9341f087bbd6) (gcc version 8.2.0 (Alpine 8.2.0)) #1 SMP Sun Mar 10 20:02:02 UTC 2019
[STDERR  ] 2019-03-22T16:59:40.613019751Z: [    0.000000] Command line: console=ttyS0 console=ttyAMA0
[STDERR  ] 2019-03-22T16:59:40.613047677Z: [    0.000000] x86/fpu: x87 FPU will use FXSAVE
[STDERR  ] 2019-03-22T16:59:40.613065379Z: [    0.000000] BIOS-provided physical RAM map:
[STDERR  ] 2019-03-22T16:59:40.613078861Z: [    0.000000] BIOS-e820: [mem 0x0000000000000000-0x000000000009fbff] usable
[STDERR  ] 2019-03-22T16:59:40.613098670Z: [    0.000000] BIOS-e820: [mem 0x000000000009fc00-0x000000000009ffff] reserved
[STDERR  ] 2019-03-22T16:59:40.613115215Z: [    0.000000] BIOS-e820: [mem 0x00000000000f0000-0x00000000000fffff] reserved
[STDERR  ] 2019-03-22T16:59:40.613128471Z: [    0.000000] BIOS-e820: [mem 0x0000000000100000-0x000000003ffdefff] usable
[STDERR  ] 2019-03-22T16:59:40.613140331Z: [    0.000000] BIOS-e820: [mem 0x000000003ffdf000-0x000000003fffffff] reserved
[STDERR  ] 2019-03-22T16:59:40.613154821Z: [    0.000000] BIOS-e820: [mem 0x00000000b0000000-0x00000000bfffffff] reserved
[STDERR  ] 2019-03-22T16:59:40.613166724Z: [    0.000000] BIOS-e820: [mem 0x00000000fed1c000-0x00000000fed1ffff] reserved
[STDERR  ] 2019-03-22T16:59:40.613178495Z: [    0.000000] BIOS-e820: [mem 0x00000000feffc000-0x00000000feffffff] reserved
[STDERR  ] 2019-03-22T16:59:40.613190180Z: [    0.000000] BIOS-e820: [mem 0x00000000fffc0000-0x00000000ffffffff] reserved
[STDERR  ] 2019-03-22T16:59:40.613202075Z: [    0.000000] NX (Execute Disable) protection: active
[STDERR  ] 2019-03-22T16:59:40.613214121Z: [    0.000000] SMBIOS 2.8 present.
[STDERR  ] 2019-03-22T16:59:40.613237342Z: [    0.000000] DMI: QEMU Standard PC (Q35 + ICH9, 2009), BIOS 1.10.2-1 04/01/2014
[STDERR  ] 2019-03-22T16:59:40.613250333Z: [    0.000000] Hypervisor detected: KVM
[STDERR  ] 2019-03-22T16:59:40.613263383Z: [    0.000000] kvm-clock: Using msrs 4b564d01 and 4b564d00
[STDERR  ] 2019-03-22T16:59:40.613281725Z: [    0.555225] kvm-clock: cpu 0, msr e81a001, primary cpu clock
[STDERR  ] 2019-03-22T16:59:40.613294539Z: [    0.555226] clocksource: kvm-clock: mask: 0xffffffffffffffff max_cycles: 0x1cd42e4dffb, max_idle_ns: 881590591483 ns
[STDERR  ] 2019-03-22T16:59:40.613310993Z: [    0.555232] tsc: Detected 2299.782 MHz processor
[STDERR  ] 2019-03-22T16:59:40.613323579Z: [    0.558428] last_pfn = 0x3ffdf max_arch_pfn = 0x400000000
[STDERR  ] 2019-03-22T16:59:40.613336111Z: [    0.559021] x86/PAT: PAT not supported by CPU.
[STDERR  ] 2019-03-22T16:59:40.613348619Z: [    0.559082] x86/PAT: Configuration [0-7]: WB  WT  UC- UC  WB  WT  UC- UC  
[STDERR  ] 2019-03-22T16:59:40.613361246Z: [    0.570976] found SMP MP-table at [mem 0x000f6a90-0x000f6a9f] mapped at [(____ptrval____)]
[STDERR  ] 2019-03-22T16:59:40.613375800Z: [    0.571335] RAMDISK: [mem 0x3c4d7000-0x3ffcffff]
[STDERR  ] 2019-03-22T16:59:40.613391728Z: [    0.571561] ACPI: Early table checksum verification disabled
[STDERR  ] 2019-03-22T16:59:40.613404240Z: [    0.571690] ACPI: RSDP 0x00000000000F68D0 000014 (v00 BOCHS )
[STDERR  ] 2019-03-22T16:59:40.613416787Z: [    0.571699] ACPI: RSDT 0x000000003FFE2404 000034 (v01 BOCHS  BXPCRSDT 00000001 BXPC 00000001)
[STDERR  ] 2019-03-22T16:59:40.613429381Z: [    0.571714] ACPI: FACP 0x000000003FFE22A4 000074 (v01 BOCHS  BXPCFACP 00000001 BXPC 00000001)
[STDERR  ] 2019-03-22T16:59:40.613441952Z: [    0.571721] ACPI: DSDT 0x000000003FFE0040 002264 (v01 BOCHS  BXPCDSDT 00000001 BXPC 00000001)
[STDERR  ] 2019-03-22T16:59:40.613455122Z: [    0.571726] ACPI: FACS 0x000000003FFE0000 000040
[STDERR  ] 2019-03-22T16:59:40.613467701Z: [    0.571730] ACPI: APIC 0x000000003FFE2318 000078 (v01 BOCHS  BXPCAPIC 00000001 BXPC 00000001)
[STDERR  ] 2019-03-22T16:59:40.613480413Z: [    0.571734] ACPI: HPET 0x000000003FFE2390 000038 (v01 BOCHS  BXPCHPET 00000001 BXPC 00000001)
[STDERR  ] 2019-03-22T16:59:40.613493814Z: [    0.571738] ACPI: MCFG 0x000000003FFE23C8 00003C (v01 BOCHS  BXPCMCFG 00000001 BXPC 00000001)
[STDERR  ] 2019-03-22T16:59:40.613506477Z: [    0.572683] Zone ranges:
[STDERR  ] 2019-03-22T16:59:40.613522921Z: [    0.572685]   DMA      [mem 0x0000000000001000-0x0000000000ffffff]
[STDERR  ] 2019-03-22T16:59:40.613535248Z: [    0.572687]   DMA32    [mem 0x0000000001000000-0x000000003ffdefff]
[STDERR  ] 2019-03-22T16:59:40.613550075Z: [    0.572689]   Normal   empty
[STDERR  ] 2019-03-22T16:59:40.613562723Z: [    0.572690]   Device   empty
[STDERR  ] 2019-03-22T16:59:40.613575336Z: [    0.572691] Movable zone start for each node
[STDERR  ] 2019-03-22T16:59:40.613587367Z: [    0.572692] Early memory node ranges
[STDERR  ] 2019-03-22T16:59:40.613602386Z: [    0.572694]   node   0: [mem 0x0000000000001000-0x000000000009efff]
[STDERR  ] 2019-03-22T16:59:40.613613605Z: [    0.572695]   node   0: [mem 0x0000000000100000-0x000000003ffdefff]
[STDERR  ] 2019-03-22T16:59:40.613626853Z: [    0.573414] Reserved but unavailable: 98 pages
[STDERR  ] 2019-03-22T16:59:40.613639960Z: [    0.573416] Initmem setup node 0 [mem 0x0000000000001000-0x000000003ffdefff]
[STDERR  ] 2019-03-22T16:59:40.613653667Z: [    0.585476] ACPI: PM-Timer IO Port: 0x608
[STDERR  ] 2019-03-22T16:59:40.613664930Z: [    0.585527] ACPI: LAPIC_NMI (acpi_id[0xff] dfl dfl lint[0x1])
[STDERR  ] 2019-03-22T16:59:40.613677848Z: [    0.585779] IOAPIC[0]: apic_id 0, version 17, address 0xfec00000, GSI 0-23
[STDERR  ] 2019-03-22T16:59:40.613689455Z: [    0.585783] ACPI: INT_SRC_OVR (bus 0 bus_irq 0 global_irq 2 dfl dfl)
[STDERR  ] 2019-03-22T16:59:40.613701808Z: [    0.585785] ACPI: INT_SRC_OVR (bus 0 bus_irq 5 global_irq 5 high level)
[STDERR  ] 2019-03-22T16:59:40.613714514Z: [    0.585786] ACPI: INT_SRC_OVR (bus 0 bus_irq 9 global_irq 9 high level)
[STDERR  ] 2019-03-22T16:59:40.613735488Z: [    0.585788] ACPI: INT_SRC_OVR (bus 0 bus_irq 10 global_irq 10 high level)
[STDERR  ] 2019-03-22T16:59:40.613748091Z: [    0.585789] ACPI: INT_SRC_OVR (bus 0 bus_irq 11 global_irq 11 high level)
[STDERR  ] 2019-03-22T16:59:40.613760486Z: [    0.585797] Using ACPI (MADT) for SMP configuration information
[STDERR  ] 2019-03-22T16:59:40.613774696Z: [    0.585799] ACPI: HPET id: 0x8086a201 base: 0xfed00000
[STDERR  ] 2019-03-22T16:59:40.613787415Z: [    0.585833] smpboot: Allowing 1 CPUs, 0 hotplug CPUs
[STDERR  ] 2019-03-22T16:59:40.613799949Z: [    0.585942] [mem 0x40000000-0xafffffff] available for PCI devices
[STDERR  ] 2019-03-22T16:59:40.613812496Z: [    0.585943] Booting paravirtualized kernel on KVM
[STDERR  ] 2019-03-22T16:59:40.613836966Z: [    0.585946] clocksource: refined-jiffies: mask: 0xffffffff max_cycles: 0xffffffff, max_idle_ns: 1910969940391419 ns
[STDERR  ] 2019-03-22T16:59:40.613849473Z: [    0.691461] random: get_random_bytes called from start_kernel+0x91/0x517 with crng_init=0
[STDERR  ] 2019-03-22T16:59:40.613862437Z: [    0.691473] setup_percpu: NR_CPUS:128 nr_cpumask_bits:128 nr_cpu_ids:1 nr_node_ids:1
[STDERR  ] 2019-03-22T16:59:40.613878513Z: [    0.692251] percpu: Embedded 45 pages/cpu @(____ptrval____) s145112 r8192 d31016 u2097152
[STDERR  ] 2019-03-22T16:59:40.613891154Z: [    0.692358] KVM setup async PF for cpu 0
[STDERR  ] 2019-03-22T16:59:40.613906479Z: [    0.692409] kvm-stealtime: cpu 0, msr 3b015e80
[STDERR  ] 2019-03-22T16:59:40.613918429Z: [    0.692442] Built 1 zonelists, mobility grouping on.  Total pages: 257896
[STDERR  ] 2019-03-22T16:59:40.613934147Z: [    0.692445] Kernel command line: console=ttyS0 console=ttyAMA0
[STDERR  ] 2019-03-22T16:59:40.613948072Z: [    0.692580] Dentry cache hash table entries: 131072 (order: 8, 1048576 bytes)
[STDERR  ] 2019-03-22T16:59:40.613960006Z: [    0.692670] Inode-cache hash table entries: 65536 (order: 7, 524288 bytes)
[STDERR  ] 2019-03-22T16:59:40.613973796Z: [    0.696742] Memory: 941548K/1048052K available (12300K kernel code, 1573K rwdata, 3056K rodata, 1584K init, 2036K bss, 106504K reserved, 0K cma-reserved)
[STDERR  ] 2019-03-22T16:59:40.613996501Z: [    0.697537] Kernel/User page tables isolation: enabled
[STDERR  ] 2019-03-22T16:59:40.614014522Z: [    0.697638] ftrace: allocating 43042 entries in 169 pages
[STDERR  ] 2019-03-22T16:59:40.614031756Z: [    0.719252] rcu: Hierarchical RCU implementation.
[STDERR  ] 2019-03-22T16:59:40.614043534Z: [    0.719256] rcu: 	RCU restricting CPUs from NR_CPUS=128 to nr_cpu_ids=1.
[STDERR  ] 2019-03-22T16:59:40.614055649Z: [    0.719258] rcu: Adjusting geometry for rcu_fanout_leaf=16, nr_cpu_ids=1
[STDERR  ] 2019-03-22T16:59:40.614068387Z: [    0.722255] NR_IRQS: 8448, nr_irqs: 256, preallocated irqs: 16
[STDERR  ] 2019-03-22T16:59:40.614080735Z: [    0.748579] Console: colour VGA+ 80x25
[STDERR  ] 2019-03-22T16:59:40.614093032Z: [    1.173872] console [ttyS0] enabled
[STDERR  ] 2019-03-22T16:59:40.614107553Z: [    1.176987] ACPI: Core revision 20180810
[STDERR  ] 2019-03-22T16:59:40.614119596Z: [    1.181218] clocksource: hpet: mask: 0xffffffff max_cycles: 0xffffffff, max_idle_ns: 19112604467 ns
[STDERR  ] 2019-03-22T16:59:40.614132580Z: [    1.189724] APIC: Switch to symmetric I/O mode setup
[STDERR  ] 2019-03-22T16:59:40.614144284Z: [    1.196353] x2apic enabled
[STDERR  ] 2019-03-22T16:59:40.614156474Z: [    1.200915] Switched APIC routing to physical x2apic.
[STDERR  ] 2019-03-22T16:59:40.614168658Z: [    1.214920] ..TIMER: vector=0x30 apic1=0 pin1=2 apic2=-1 pin2=-1
[STDERR  ] 2019-03-22T16:59:40.614180743Z: [    1.220308] clocksource: tsc-early: mask: 0xffffffffffffffff max_cycles: 0x21266755991, max_idle_ns: 440795279191 ns
[STDERR  ] 2019-03-22T16:59:40.614194068Z: [    1.229464] Calibrating delay loop (skipped) preset value.. 4599.56 BogoMIPS (lpj=2299782)
[STDERR  ] 2019-03-22T16:59:40.614207021Z: [    1.230436] pid_max: default: 32768 minimum: 301
[STDERR  ] 2019-03-22T16:59:40.614218955Z: [    1.231531] Security Framework initialized
[STDERR  ] 2019-03-22T16:59:40.614238197Z: [    1.232435] Yama: becoming mindful.
[STDERR  ] 2019-03-22T16:59:40.614251170Z: [    1.233476] Mount-cache hash table entries: 2048 (order: 2, 16384 bytes)
[STDERR  ] 2019-03-22T16:59:40.614263885Z: [    1.234440] Mountpoint-cache hash table entries: 2048 (order: 2, 16384 bytes)
[STDERR  ] 2019-03-22T16:59:40.614278550Z: [    1.237479] Last level iTLB entries: 4KB 0, 2MB 0, 4MB 0
[STDERR  ] 2019-03-22T16:59:40.614292431Z: [    1.238436] Last level dTLB entries: 4KB 0, 2MB 0, 4MB 0, 1GB 0
[STDERR  ] 2019-03-22T16:59:40.614304785Z: [    1.239436] Spectre V2 : Mitigation: Full generic retpoline
[STDERR  ] 2019-03-22T16:59:40.614317136Z: [    1.240435] Spectre V2 : Spectre v2 / SpectreRSB mitigation: Filling RSB on context switch
[STDERR  ] 2019-03-22T16:59:40.614330744Z: [    1.241435] Speculative Store Bypass: Vulnerable
[STDERR  ] 2019-03-22T16:59:40.614343482Z: [    1.252822] Freeing SMP alternatives memory: 20K
[STDERR  ] 2019-03-22T16:59:40.614355764Z: [    1.255428] smpboot: CPU0: Intel QEMU Virtual CPU version 2.5+ (family: 0x6, model: 0x6, stepping: 0x3)
[STDERR  ] 2019-03-22T16:59:40.614369878Z: [    1.255644] Performance Events: PMU not available due to virtualization, using software events only.
[STDERR  ] 2019-03-22T16:59:40.614384066Z: [    1.257717] rcu: Hierarchical SRCU implementation.
[STDERR  ] 2019-03-22T16:59:40.614395891Z: [    1.258585] NMI watchdog: Perf NMI watchdog permanently disabled
[STDERR  ] 2019-03-22T16:59:40.614408134Z: [    1.260514] smp: Bringing up secondary CPUs ...
[STDERR  ] 2019-03-22T16:59:40.614420365Z: [    1.261434] smp: Brought up 1 node, 1 CPU
[STDERR  ] 2019-03-22T16:59:40.614432778Z: [    1.262433] smpboot: Max logical packages: 1
[STDERR  ] 2019-03-22T16:59:40.614445393Z: [    1.263434] smpboot: Total of 1 processors activated (4599.56 BogoMIPS)
[STDERR  ] 2019-03-22T16:59:40.614458078Z: [    1.265660] devtmpfs: initialized
[STDERR  ] 2019-03-22T16:59:40.614471208Z: [    1.266511] x86/mm: Memory block size: 128MB
[STDERR  ] 2019-03-22T16:59:40.614489941Z: [    1.268539] clocksource: jiffies: mask: 0xffffffff max_cycles: 0xffffffff, max_idle_ns: 1911260446275000 ns
[STDERR  ] 2019-03-22T16:59:40.614504139Z: [    1.269441] futex hash table entries: 256 (order: 2, 16384 bytes)
[STDERR  ] 2019-03-22T16:59:40.614519867Z: [    1.270743] NET: Registered protocol family 16
[STDERR  ] 2019-03-22T16:59:40.614546270Z: [    1.271590] audit: initializing netlink subsys (disabled)
[STDERR  ] 2019-03-22T16:59:40.614558810Z: [    1.272581] cpuidle: using governor ladder
[STDERR  ] 2019-03-22T16:59:40.614570967Z: [    1.273435] cpuidle: using governor menu
[STDERR  ] 2019-03-22T16:59:40.614583714Z: [    1.274581] ACPI: bus type PCI registered
[STDERR  ] 2019-03-22T16:59:40.614595932Z: [    1.276437] audit: type=2000 audit(1553273963.260:1): state=initialized audit_enabled=0 res=1
[STDERR  ] 2019-03-22T16:59:40.614612111Z: [    1.277447] PCI: MMCONFIG for domain 0000 [bus 00-ff] at [mem 0xb0000000-0xbfffffff] (base 0xb0000000)
[STDERR  ] 2019-03-22T16:59:40.614624968Z: [    1.278442] PCI: MMCONFIG at [mem 0xb0000000-0xbfffffff] reserved in E820
[STDERR  ] 2019-03-22T16:59:40.614637162Z: [    1.279447] PCI: Using configuration type 1 for base access
[STDERR  ] 2019-03-22T16:59:40.614649218Z: [    1.283099] HugeTLB registered 2.00 MiB page size, pre-allocated 0 pages
[STDERR  ] 2019-03-22T16:59:40.614661372Z: [    1.283595] cryptd: max_cpu_qlen set to 1000
[STDERR  ] 2019-03-22T16:59:40.614673766Z: [    1.284611] ACPI: Added _OSI(Module Device)
[STDERR  ] 2019-03-22T16:59:40.614686562Z: [    1.285444] ACPI: Added _OSI(Processor Device)
[STDERR  ] 2019-03-22T16:59:40.614698190Z: [    1.286433] ACPI: Added _OSI(3.0 _SCP Extensions)
[STDERR  ] 2019-03-22T16:59:40.614710446Z: [    1.287434] ACPI: Added _OSI(Processor Aggregator Device)
[STDERR  ] 2019-03-22T16:59:40.614722690Z: [    1.288453] ACPI: Added _OSI(Linux-Dell-Video)
[STDERR  ] 2019-03-22T16:59:40.614735148Z: [    1.289434] ACPI: Added _OSI(Linux-Lenovo-NV-HDMI-Audio)
[STDERR  ] 2019-03-22T16:59:40.614751738Z: [    1.291859] ACPI: 1 ACPI AML tables successfully acquired and loaded
[STDERR  ] 2019-03-22T16:59:40.614763949Z: [    1.295619] ACPI: Interpreter enabled
[STDERR  ] 2019-03-22T16:59:40.614775725Z: [    1.296449] ACPI: (supports S0 S5)
[STDERR  ] 2019-03-22T16:59:40.614788299Z: [    1.297434] ACPI: Using IOAPIC for interrupt routing
[STDERR  ] 2019-03-22T16:59:40.614800153Z: [    1.298487] PCI: Using host bridge windows from ACPI; if necessary, use "pci=nocrs" and report a bug
[STDERR  ] 2019-03-22T16:59:40.614814266Z: [    1.299661] ACPI: Enabled 2 GPEs in block 00 to 3F
[STDERR  ] 2019-03-22T16:59:40.614839815Z: [    1.304319] ACPI: PCI Root Bridge [PCI0] (domain 0000 [bus 00-ff])
[STDERR  ] 2019-03-22T16:59:40.614856256Z: [    1.304447] acpi PNP0A08:00: _OSC: OS supports [ExtendedConfig ASPM ClockPM Segments MSI]
[STDERR  ] 2019-03-22T16:59:40.614869850Z: [    1.305556] acpi PNP0A08:00: _OSC: platform does not support [SHPCHotplug LTR]
[STDERR  ] 2019-03-22T16:59:40.614881945Z: [    1.306515] acpi PNP0A08:00: _OSC: OS now controls [PCIeHotplug PME PCIeCapability]
[STDERR  ] 2019-03-22T16:59:40.614895804Z: [    1.308445] PCI host bridge to bus 0000:00
[STDERR  ] 2019-03-22T16:59:40.614912317Z: [    1.309437] pci_bus 0000:00: root bus resource [io  0x0000-0x0cf7 window]
[STDERR  ] 2019-03-22T16:59:40.614925294Z: [    1.310434] pci_bus 0000:00: root bus resource [io  0x0d00-0xffff window]
[STDERR  ] 2019-03-22T16:59:40.614936904Z: [    1.311438] pci_bus 0000:00: root bus resource [mem 0x000a0000-0x000bffff window]
[STDERR  ] 2019-03-22T16:59:40.614948957Z: [    1.312437] pci_bus 0000:00: root bus resource [mem 0xc0000000-0xfebfffff window]
[STDERR  ] 2019-03-22T16:59:40.614962091Z: [    1.313442] pci_bus 0000:00: root bus resource [bus 00-ff]
[STDERR  ] 2019-03-22T16:59:40.614975568Z: [    1.383061] pci 0000:00:1f.0: quirk: [io  0x0600-0x067f] claimed by ICH6 ACPI/GPIO/TCO
[STDERR  ] 2019-03-22T16:59:40.614996373Z: [    1.410102] ACPI: PCI Interrupt Link [LNKA] (IRQs 5 *10 11)
[STDERR  ] 2019-03-22T16:59:40.615009346Z: [    1.411451] ACPI: PCI Interrupt Link [LNKB] (IRQs 5 *10 11)
[STDERR  ] 2019-03-22T16:59:40.615024325Z: [    1.412725] ACPI: PCI Interrupt Link [LNKC] (IRQs 5 10 *11)
[STDERR  ] 2019-03-22T16:59:40.615036772Z: [    1.413733] ACPI: PCI Interrupt Link [LNKD] (IRQs 5 10 *11)
[STDERR  ] 2019-03-22T16:59:40.615049436Z: [    1.414745] ACPI: PCI Interrupt Link [LNKE] (IRQs 5 *10 11)
[STDERR  ] 2019-03-22T16:59:40.615069277Z: [    1.416585] ACPI: PCI Interrupt Link [LNKF] (IRQs 5 *10 11)
[STDERR  ] 2019-03-22T16:59:40.615081746Z: [    1.417701] ACPI: PCI Interrupt Link [LNKG] (IRQs 5 10 *11)
[STDERR  ] 2019-03-22T16:59:40.615094464Z: [    1.418713] ACPI: PCI Interrupt Link [LNKH] (IRQs 5 10 *11)
[STDERR  ] 2019-03-22T16:59:40.615111276Z: [    1.419566] ACPI: PCI Interrupt Link [GSIA] (IRQs *16)
[STDERR  ] 2019-03-22T16:59:40.615123785Z: [    1.420450] ACPI: PCI Interrupt Link [GSIB] (IRQs *17)
[STDERR  ] 2019-03-22T16:59:40.615136496Z: [    1.421455] ACPI: PCI Interrupt Link [GSIC] (IRQs *18)
[STDERR  ] 2019-03-22T16:59:40.615149128Z: [    1.422450] ACPI: PCI Interrupt Link [GSID] (IRQs *19)
[STDERR  ] 2019-03-22T16:59:40.615161217Z: [    1.423450] ACPI: PCI Interrupt Link [GSIE] (IRQs *20)
[STDERR  ] 2019-03-22T16:59:40.615173764Z: [    1.424450] ACPI: PCI Interrupt Link [GSIF] (IRQs *21)
[STDERR  ] 2019-03-22T16:59:40.615186611Z: [    1.425471] ACPI: PCI Interrupt Link [GSIG] (IRQs *22)
[STDERR  ] 2019-03-22T16:59:40.615198978Z: [    1.426453] ACPI: PCI Interrupt Link [GSIH] (IRQs *23)
[STDERR  ] 2019-03-22T16:59:40.615216310Z: [    1.428736] SCSI subsystem initialized
[STDERR  ] 2019-03-22T16:59:40.615230768Z: [    1.429538] ACPI: bus type USB registered
[STDERR  ] 2019-03-22T16:59:40.615243002Z: [    1.430483] usbcore: registered new interface driver usbfs
[STDERR  ] 2019-03-22T16:59:40.615258670Z: [    1.431459] usbcore: registered new interface driver hub
[STDERR  ] 2019-03-22T16:59:40.615270303Z: [    1.432473] usbcore: registered new device driver usb
[STDERR  ] 2019-03-22T16:59:40.615285794Z: [    1.433465] pps_core: LinuxPPS API ver. 1 registered
[STDERR  ] 2019-03-22T16:59:40.615297297Z: [    1.434431] pps_core: Software ver. 5.3.6 - Copyright 2005-2007 Rodolfo Giometti <giometti@linux.it>
[STDERR  ] 2019-03-22T16:59:40.615308774Z: [    1.435444] PTP clock support registered
[STDERR  ] 2019-03-22T16:59:40.615320332Z: [    1.436532] PCI: Using ACPI for IRQ routing
[STDERR  ] 2019-03-22T16:59:40.615331850Z: [    1.878470] NetLabel: Initializing
[STDERR  ] 2019-03-22T16:59:40.615343412Z: [    1.879432] NetLabel:  domain hash size = 128
[STDERR  ] 2019-03-22T16:59:40.615355025Z: [    1.880431] NetLabel:  protocols = UNLABELED CIPSOv4 CALIPSO
[STDERR  ] 2019-03-22T16:59:40.615367283Z: [    1.881468] NetLabel:  unlabeled traffic allowed by default
[STDERR  ] 2019-03-22T16:59:40.615380033Z: [    1.882610] HPET: 3 timers in total, 0 timers will be used for per-cpu timer
[STDERR  ] 2019-03-22T16:59:40.615397193Z: [    1.883537] hpet0: at MMIO 0xfed00000, IRQs 2, 8, 0
[STDERR  ] 2019-03-22T16:59:40.615409740Z: [    1.884433] hpet0: 3 comparators, 64-bit 100.000000 MHz counter
[STDERR  ] 2019-03-22T16:59:40.615422224Z: [    1.887473] clocksource: Switched to clocksource kvm-clock
[STDERR  ] 2019-03-22T16:59:40.615435347Z: [    1.915243] VFS: Disk quotas dquot_6.6.0
[STDERR  ] 2019-03-22T16:59:40.615449129Z: [    1.918887] VFS: Dquot-cache hash table entries: 512 (order 0, 4096 bytes)
[STDERR  ] 2019-03-22T16:59:40.615461292Z: [    1.925070] FS-Cache: Loaded
[STDERR  ] 2019-03-22T16:59:40.615474514Z: [    1.927863] CacheFiles: Loaded
[STDERR  ] 2019-03-22T16:59:40.615487101Z: [    1.930648] pnp: PnP ACPI init
[STDERR  ] 2019-03-22T16:59:40.615499187Z: [    1.934635] pnp: PnP ACPI: found 5 devices
[STDERR  ] 2019-03-22T16:59:40.615511318Z: [    1.944751] clocksource: acpi_pm: mask: 0xffffff max_cycles: 0xffffff, max_idle_ns: 2085701024 ns
[STDERR  ] 2019-03-22T16:59:40.615524049Z: [    1.952637] NET: Registered protocol family 2
[STDERR  ] 2019-03-22T16:59:40.615536131Z: [    1.957567] tcp_listen_portaddr_hash hash table entries: 512 (order: 1, 8192 bytes)
[STDERR  ] 2019-03-22T16:59:40.615551756Z: [    1.964339] TCP established hash table entries: 8192 (order: 4, 65536 bytes)
[STDERR  ] 2019-03-22T16:59:40.615564301Z: [    1.970507] TCP bind hash table entries: 8192 (order: 5, 131072 bytes)
[STDERR  ] 2019-03-22T16:59:40.615576456Z: [    1.976257] TCP: Hash tables configured (established 8192 bind 8192)
[STDERR  ] 2019-03-22T16:59:40.615599336Z: [    1.981878] UDP hash table entries: 512 (order: 2, 16384 bytes)
[STDERR  ] 2019-03-22T16:59:40.615611513Z: [    1.987113] UDP-Lite hash table entries: 512 (order: 2, 16384 bytes)
[STDERR  ] 2019-03-22T16:59:40.615623664Z: [    1.992780] NET: Registered protocol family 1
[STDERR  ] 2019-03-22T16:59:40.615636025Z: [    1.996743] NET: Registered protocol family 44
[STDERR  ] 2019-03-22T16:59:40.615649937Z: [    2.000923] pci 0000:00:01.0: Video device with shadowed ROM at [mem 0x000c0000-0x000dffff]
[STDERR  ] 2019-03-22T16:59:40.615662199Z: [    2.008665] Trying to unpack rootfs image as initramfs...
[STDERR  ] 2019-03-22T16:59:40.615674021Z: [    3.197784] Freeing initrd memory: 60388K
[STDERR  ] 2019-03-22T16:59:40.615688218Z: [    3.201628] clocksource: tsc: mask: 0xffffffffffffffff max_cycles: 0x21266755991, max_idle_ns: 440795279191 ns
[STDERR  ] 2019-03-22T16:59:40.615703773Z: [    3.212186] PCLMULQDQ-NI instructions are not detected.
[STDERR  ] 2019-03-22T16:59:40.615717204Z: [    3.216965] AVX or AES-NI instructions are not detected.
[STDERR  ] 2019-03-22T16:59:40.615731718Z: [    3.221658] CPU feature 'AVX registers' is not supported.
[STDERR  ] 2019-03-22T16:59:40.615744376Z: [    3.226378] CPU feature 'AVX registers' is not supported.
[STDERR  ] 2019-03-22T16:59:40.615756442Z: [    3.231133] CPU feature 'AVX registers' is not supported.
[STDERR  ] 2019-03-22T16:59:40.615768497Z: [    3.235883] CPU feature 'AVX registers' is not supported.
[STDERR  ] 2019-03-22T16:59:40.615781162Z: [    3.240634] AVX2 or AES-NI instructions are not detected.
[STDERR  ] 2019-03-22T16:59:40.615796825Z: [    3.245362] AVX2 instructions are not detected.
[STDERR  ] 2019-03-22T16:59:40.615808666Z: [    3.250063] workingset: timestamp_bits=46 max_order=18 bucket_order=0
[STDERR  ] 2019-03-22T16:59:40.615835444Z: [    3.256189] squashfs: version 4.0 (2009/01/31) Phillip Lougher
[STDERR  ] 2019-03-22T16:59:40.615848029Z: [    3.261563] FS-Cache: Netfs 'cifs' registered for caching
[STDERR  ] 2019-03-22T16:59:40.615860395Z: [    3.266401] fuse init (API version 7.27)
[STDERR  ] 2019-03-22T16:59:40.615872733Z: [    3.270019] SGI XFS with ACLs, security attributes, no debug enabled
[STDERR  ] 2019-03-22T16:59:40.615884240Z: [    3.275890] 9p: Installing v9fs 9p2000 file system support
[STDERR  ] 2019-03-22T16:59:40.615896274Z: [    3.280773] FS-Cache: Netfs '9p' registered for caching
[STDERR  ] 2019-03-22T16:59:40.615909002Z: [    3.285420] pstore: using deflate compression
[STDERR  ] 2019-03-22T16:59:40.615925268Z: [    3.290786] NET: Registered protocol family 38
[STDERR  ] 2019-03-22T16:59:40.615937471Z: [    3.294829] Key type asymmetric registered
[STDERR  ] 2019-03-22T16:59:40.615949801Z: [    3.298651] Asymmetric key parser 'x509' registered
[STDERR  ] 2019-03-22T16:59:40.615962571Z: [    3.303028] Block layer SCSI generic (bsg) driver version 0.4 loaded (major 247)
[STDERR  ] 2019-03-22T16:59:40.615975005Z: [    3.309562] io scheduler noop registered
[STDERR  ] 2019-03-22T16:59:40.615993181Z: [    3.313064] io scheduler deadline registered (default)
[STDERR  ] 2019-03-22T16:59:40.616005855Z: [    3.317836] io scheduler cfq registered
[STDERR  ] 2019-03-22T16:59:40.616017727Z: [    3.321344] io scheduler mq-deadline registered (default)
[STDERR  ] 2019-03-22T16:59:40.616033565Z: [    3.326176] io scheduler kyber registered
[STDERR  ] 2019-03-22T16:59:40.616046465Z: [    3.329908] shpchp: Standard Hot Plug PCI Controller Driver version: 0.4
[STDERR  ] 2019-03-22T16:59:40.616058727Z: [    3.335998] hv_vmbus: registering driver hyperv_fb
[STDERR  ] 2019-03-22T16:59:40.616071898Z: [    3.340342] input: Power Button as /devices/LNXSYSTM:00/LNXPWRBN:00/input/input0
[STDERR  ] 2019-03-22T16:59:40.616084174Z: [    3.346369] ACPI: Power Button [PWRF]
[STDERR  ] 2019-03-22T16:59:40.616099726Z: [    3.350227] PCI Interrupt Link [GSIG] enabled at IRQ 22
[STDERR  ] 2019-03-22T16:59:40.616113509Z: [    3.360265] PCI Interrupt Link [GSIH] enabled at IRQ 23
[STDERR  ] 2019-03-22T16:59:40.616132267Z: [    3.370107] Serial: 8250/16550 driver, 4 ports, IRQ sharing disabled
[STDERR  ] 2019-03-22T16:59:40.616145090Z: [    3.410297] 00:04: ttyS0 at I/O 0x3f8 (irq = 4, base_baud = 115200) is a 16550A
[STDERR  ] 2019-03-22T16:59:40.616157559Z: [    3.417762] Non-volatile memory driver v1.3
[STDERR  ] 2019-03-22T16:59:40.616170417Z: [    3.423183] Hangcheck: starting hangcheck timer 0.9.1 (tick is 180 seconds, margin is 60 seconds).
[STDERR  ] 2019-03-22T16:59:40.616183849Z: [    3.431379] random: fast init done
[STDERR  ] 2019-03-22T16:59:40.616196153Z: [    3.435419] random: crng init done
[STDERR  ] 2019-03-22T16:59:40.616208796Z: [    3.439979] brd: module loaded
[STDERR  ] 2019-03-22T16:59:40.616225493Z: [    3.445622] loop: module loaded
[STDERR  ] 2019-03-22T16:59:40.616238061Z: [    3.453909] lpc_ich 0000:00:1f.0: I/O space for GPIO uninitialized
[STDERR  ] 2019-03-22T16:59:40.616250938Z: [    3.459571] VMware PVSCSI driver - version 1.0.7.0-k
[STDERR  ] 2019-03-22T16:59:40.616263711Z: [    3.464077] hv_vmbus: registering driver hv_storvsc
[STDERR  ] 2019-03-22T16:59:40.616276356Z: [    3.469122] PCI Interrupt Link [GSIA] enabled at IRQ 16
[STDERR  ] 2019-03-22T16:59:40.616292683Z: [    3.477270] ahci 0000:00:1f.2: AHCI 0001.0000 32 slots 6 ports 1.5 Gbps 0x3f impl SATA mode
[STDERR  ] 2019-03-22T16:59:40.616305834Z: [    3.484692] ahci 0000:00:1f.2: flags: 64bit ncq only 
[STDERR  ] 2019-03-22T16:59:40.616317747Z: [    3.492970] scsi host0: ahci
[STDERR  ] 2019-03-22T16:59:40.616330414Z: [    3.495811] scsi host1: ahci
[STDERR  ] 2019-03-22T16:59:40.616343357Z: [    3.498592] scsi host2: ahci
[STDERR  ] 2019-03-22T16:59:40.616370875Z: [    3.501381] scsi host3: ahci
[STDERR  ] 2019-03-22T16:59:40.616384187Z: [    3.504142] scsi host4: ahci
[STDERR  ] 2019-03-22T16:59:40.616397222Z: [    3.506922] scsi host5: ahci
[STDERR  ] 2019-03-22T16:59:40.616409732Z: [    3.509667] ata1: SATA max UDMA/133 abar m4096@0xfebd2000 port 0xfebd2100 irq 24
[STDERR  ] 2019-03-22T16:59:40.616422841Z: [    3.516314] ata2: SATA max UDMA/133 abar m4096@0xfebd2000 port 0xfebd2180 irq 24
[STDERR  ] 2019-03-22T16:59:40.616439039Z: [    3.522922] ata3: SATA max UDMA/133 abar m4096@0xfebd2000 port 0xfebd2200 irq 24
[STDERR  ] 2019-03-22T16:59:40.616451384Z: [    3.529502] ata4: SATA max UDMA/133 abar m4096@0xfebd2000 port 0xfebd2280 irq 24
[STDERR  ] 2019-03-22T16:59:40.616464349Z: [    3.536107] ata5: SATA max UDMA/133 abar m4096@0xfebd2000 port 0xfebd2300 irq 24
[STDERR  ] 2019-03-22T16:59:40.616476871Z: [    3.542999] ata6: SATA max UDMA/133 abar m4096@0xfebd2000 port 0xfebd2380 irq 24
[STDERR  ] 2019-03-22T16:59:40.616489481Z: [    3.551832] tun: Universal TUN/TAP device driver, 1.6
[STDERR  ] 2019-03-22T16:59:40.616502730Z: [    3.561355] VMware vmxnet3 virtual NIC driver - version 1.4.16.0-k-NAPI
[STDERR  ] 2019-03-22T16:59:40.616515961Z: [    3.567392] hv_vmbus: registering driver hv_netvsc
[STDERR  ] 2019-03-22T16:59:40.616529018Z: [    3.571703] Fusion MPT base driver 3.04.20
[STDERR  ] 2019-03-22T16:59:40.616542435Z: [    3.575417] Copyright (c) 1999-2008 LSI Corporation
[STDERR  ] 2019-03-22T16:59:40.616555194Z: [    3.579805] Fusion MPT SPI Host driver 3.04.20
[STDERR  ] 2019-03-22T16:59:40.616567971Z: [    3.583857] i8042: PNP: PS/2 Controller [PNP0303:KBD,PNP0f13:MOU] at 0x60,0x64 irq 1,12
[STDERR  ] 2019-03-22T16:59:40.616580609Z: [    3.594549] serio: i8042 KBD port at 0x60,0x64 irq 1
[STDERR  ] 2019-03-22T16:59:40.616597695Z: [    3.599024] serio: i8042 AUX port at 0x60,0x64 irq 12
[STDERR  ] 2019-03-22T16:59:40.616613339Z: [    3.603644] hv_vmbus: registering driver hyperv_keyboard
[STDERR  ] 2019-03-22T16:59:40.616630596Z: [    3.608553] mousedev: PS/2 mouse device common for all mice
[STDERR  ] 2019-03-22T16:59:40.616643554Z: [    3.615117] input: AT Translated Set 2 keyboard as /devices/platform/i8042/serio0/input/input1
[STDERR  ] 2019-03-22T16:59:40.616659829Z: [    3.622905] input: PC Speaker as /devices/platform/pcspkr/input/input2
[STDERR  ] 2019-03-22T16:59:40.616672415Z: [    3.629800] rtc_cmos 00:00: RTC can wake from S4
[STDERR  ] 2019-03-22T16:59:40.616734322Z: [    3.636423] rtc_cmos 00:00: registered as rtc0
[STDERR  ] 2019-03-22T16:59:40.616747674Z: [    3.640521] rtc_cmos 00:00: alarms up to one day, y3k, 114 bytes nvram, hpet irqs
[STDERR  ] 2019-03-22T16:59:40.616760231Z: [    3.647121] i2c /dev entries driver
[STDERR  ] 2019-03-22T16:59:40.616772816Z: [    3.650697] device-mapper: ioctl: 4.39.0-ioctl (2018-04-03) initialised: dm-devel@redhat.com
[STDERR  ] 2019-03-22T16:59:40.616785772Z: [    3.658836] usbcore: registered new interface driver usbhid
[STDERR  ] 2019-03-22T16:59:40.616798255Z: [    3.663829] usbhid: USB HID core driver
[STDERR  ] 2019-03-22T16:59:40.616810376Z: [    3.667384] hv_utils: Registering HyperV Utility Driver
[STDERR  ] 2019-03-22T16:59:40.616833168Z: [    3.672062] hv_vmbus: registering driver hv_util
[STDERR  ] 2019-03-22T16:59:40.616846012Z: [    3.676193] hv_vmbus: registering driver hv_balloon
[STDERR  ] 2019-03-22T16:59:40.616858299Z: [    3.680794] oprofile: using NMI interrupt.
[STDERR  ] 2019-03-22T16:59:40.616870470Z: [    3.684587] GACT probability on
[STDERR  ] 2019-03-22T16:59:40.616883106Z: [    3.687473] Mirror/redirect action on
[STDERR  ] 2019-03-22T16:59:40.616899548Z: [    3.690863] Simple TC action Loaded
[STDERR  ] 2019-03-22T16:59:40.616910999Z: [    3.694061] u32 classifier
[STDERR  ] 2019-03-22T16:59:40.616922939Z: [    3.696544]     Performance counters on
[STDERR  ] 2019-03-22T16:59:40.616934700Z: [    3.700059]     input device check on
[STDERR  ] 2019-03-22T16:59:40.616946315Z: [    3.703365]     Actions configured
[STDERR  ] 2019-03-22T16:59:40.616964939Z: [    3.706863] xt_time: kernel timezone is -0000
[STDERR  ] 2019-03-22T16:59:40.616986665Z: [    3.710864] IPVS: Registered protocols (TCP, UDP, SCTP, AH, ESP)
[STDERR  ] 2019-03-22T16:59:40.616998813Z: [    3.716249] IPVS: Connection hash table configured (size=4096, memory=64Kbytes)
[STDERR  ] 2019-03-22T16:59:40.617011717Z: [    3.722901] IPVS: ipvs loaded.
[STDERR  ] 2019-03-22T16:59:40.617024502Z: [    3.725736] IPVS: [rr] scheduler registered.
[STDERR  ] 2019-03-22T16:59:40.617037524Z: [    3.729597] IPVS: [wrr] scheduler registered.
[STDERR  ] 2019-03-22T16:59:40.617049640Z: [    3.733554] IPVS: [lc] scheduler registered.
[STDERR  ] 2019-03-22T16:59:40.617064863Z: [    3.737380] IPVS: [wlc] scheduler registered.
[STDERR  ] 2019-03-22T16:59:40.617077454Z: [    3.741331] IPVS: [fo] scheduler registered.
[STDERR  ] 2019-03-22T16:59:40.617090397Z: [    3.745194] IPVS: [ovf] scheduler registered.
[STDERR  ] 2019-03-22T16:59:40.617103107Z: [    3.749148] IPVS: [lblc] scheduler registered.
[STDERR  ] 2019-03-22T16:59:40.617116495Z: [    3.753131] IPVS: [lblcr] scheduler registered.
[STDERR  ] 2019-03-22T16:59:40.617129397Z: [    3.757227] IPVS: [dh] scheduler registered.
[STDERR  ] 2019-03-22T16:59:40.617142462Z: [    3.761242] IPVS: [sh] scheduler registered.
[STDERR  ] 2019-03-22T16:59:40.617158874Z: [    3.765061] IPVS: [mh] scheduler registered.
[STDERR  ] 2019-03-22T16:59:40.617171853Z: [    3.769174] IPVS: [sed] scheduler registered.
[STDERR  ] 2019-03-22T16:59:40.617184614Z: [    3.773080] IPVS: [nq] scheduler registered.
[STDERR  ] 2019-03-22T16:59:40.617197543Z: [    3.777171] IPVS: ftp: loaded support on port[0] = 21
[STDERR  ] 2019-03-22T16:59:40.617210580Z: [    3.781774] ipip: IPv4 and MPLS over IPv4 tunneling driver
[STDERR  ] 2019-03-22T16:59:40.617223372Z: [    3.787074] gre: GRE over IPv4 demultiplexor driver
[STDERR  ] 2019-03-22T16:59:40.617236226Z: [    3.791726] ipt_CLUSTERIP: ClusterIP Version 0.8 loaded successfully
[STDERR  ] 2019-03-22T16:59:40.617250435Z: [    3.797786] NET: Registered protocol family 10
[STDERR  ] 2019-03-22T16:59:40.617263463Z: [    3.802259] Segment Routing with IPv6
[STDERR  ] 2019-03-22T16:59:40.617276319Z: [    3.806591] NET: Registered protocol family 17
[STDERR  ] 2019-03-22T16:59:40.617289368Z: [    3.810761] Bridge firewalling registered
[STDERR  ] 2019-03-22T16:59:40.617305371Z: [    3.814703] 8021q: 802.1Q VLAN Support v1.8
[STDERR  ] 2019-03-22T16:59:40.617322145Z: [    3.818731] 9pnet: Installing 9P2000 support
[STDERR  ] 2019-03-22T16:59:40.617341200Z: [    3.822957] Key type dns_resolver registered
[STDERR  ] 2019-03-22T16:59:40.617354408Z: [    3.827286] registered taskstats version 1
[STDERR  ] 2019-03-22T16:59:40.617367225Z: [    3.840130] Key type big_key registered
[STDERR  ] 2019-03-22T16:59:40.617380057Z: [    3.847686] Key type trusted registered
[STDERR  ] 2019-03-22T16:59:40.617392953Z: [    3.855210] Key type encrypted registered
[STDERR  ] 2019-03-22T16:59:40.617405579Z: [    3.859187] ima: No TPM chip found, activating TPM-bypass!
[STDERR  ] 2019-03-22T16:59:40.617418645Z: [    3.864820] ata3: SATA link up 1.5 Gbps (SStatus 113 SControl 300)
[STDERR  ] 2019-03-22T16:59:40.617437484Z: [    3.871327] ata2: SATA link down (SStatus 0 SControl 300)
[STDERR  ] 2019-03-22T16:59:40.617450684Z: [    3.877002] ata1: SATA link up 1.5 Gbps (SStatus 113 SControl 300)
[STDERR  ] 2019-03-22T16:59:40.617467284Z: [    3.883422] ata6: SATA link down (SStatus 0 SControl 300)
[STDERR  ] 2019-03-22T16:59:40.617482738Z: [    3.888990] ata5: SATA link down (SStatus 0 SControl 300)
[STDERR  ] 2019-03-22T16:59:40.617497338Z: [    3.894564] ata4: SATA link down (SStatus 0 SControl 300)
[STDERR  ] 2019-03-22T16:59:40.617510302Z: [    3.899644] ima: Allocated hash algorithm: sha256
[STDERR  ] 2019-03-22T16:59:40.617523596Z: [    3.903913] ata1.00: ATA-7: QEMU HARDDISK, 2.5+, max UDMA/100
[STDERR  ] 2019-03-22T16:59:40.617536674Z: [    3.909021] ata1.00: 1048576 sectors, multi 16: LBA48 NCQ (depth 32)
[STDERR  ] 2019-03-22T16:59:40.617549748Z: [    3.914642] ata1.00: applying bridge limits
[STDERR  ] 2019-03-22T16:59:40.617570228Z: [    3.918833] ata3.00: ATAPI: QEMU DVD-ROM, 2.5+, max UDMA/100
[STDERR  ] 2019-03-22T16:59:40.617583101Z: [    3.923883] ata3.00: applying bridge limits
[STDERR  ] 2019-03-22T16:59:40.617596434Z: [    3.927979] evm: Initialising EVM extended attributes:
[STDERR  ] 2019-03-22T16:59:40.617609723Z: [    3.932542] evm: security.ima
[STDERR  ] 2019-03-22T16:59:40.617622750Z: [    3.935249] evm: security.capability
[STDERR  ] 2019-03-22T16:59:40.617636002Z: [    3.938497] evm: HMAC attrs: 0x1
[STDERR  ] 2019-03-22T16:59:40.617649144Z: [    3.941773] ata3.00: configured for UDMA/100
[STDERR  ] 2019-03-22T16:59:40.617665136Z: [    3.947111] ata1.00: configured for UDMA/100
[STDERR  ] 2019-03-22T16:59:40.617678102Z: [    3.951267] scsi 0:0:0:0: Direct-Access     ATA      QEMU HARDDISK    2.5+ PQ: 0 ANSI: 5
[STDERR  ] 2019-03-22T16:59:40.617692017Z: [    3.959029] rtc_cmos 00:00: setting system clock to 2019-03-22 16:59:26 UTC (1553273966)
[STDERR  ] 2019-03-22T16:59:40.617704748Z: [    3.966413] sd 0:0:0:0: [sda] 1048576 512-byte logical blocks: (537 MB/512 MiB)
[STDERR  ] 2019-03-22T16:59:40.617717743Z: [    3.972997] sd 0:0:0:0: Attached scsi generic sg0 type 0
[STDERR  ] 2019-03-22T16:59:40.617731106Z: [    3.977897] Unstable clock detected, switching default tracing clock to "global"
[STDERR  ] 2019-03-22T16:59:40.617743954Z: [    3.977897] If you want to keep using the local clock, then add:
[STDERR  ] 2019-03-22T16:59:40.617757056Z: [    3.977897]   "trace_clock=local"
[STDERR  ] 2019-03-22T16:59:40.617770242Z: [    3.977897] on the kernel command line
[STDERR  ] 2019-03-22T16:59:40.617786011Z: [    3.995686] sd 0:0:0:0: [sda] Write Protect is off
[STDERR  ] 2019-03-22T16:59:40.617799292Z: [    4.000518] scsi 2:0:0:0: CD-ROM            QEMU     QEMU DVD-ROM     2.5+ PQ: 0 ANSI: 5
[STDERR  ] 2019-03-22T16:59:40.617813153Z: [    4.007733] sd 0:0:0:0: [sda] Write cache: enabled, read cache: enabled, doesn't support DPO or FUA
[STDERR  ] 2019-03-22T16:59:40.617838161Z: [    4.017814]  sda: sda1
[STDERR  ] 2019-03-22T16:59:40.617850978Z: [    4.020247] sd 0:0:0:0: [sda] Attached SCSI disk
[STDERR  ] 2019-03-22T16:59:40.617863999Z: [    4.031338] sr 2:0:0:0: [sr0] scsi3-mmc drive: 4x/4x cd/rw xa/form2 tray
[STDERR  ] 2019-03-22T16:59:40.617880980Z: [    4.037342] cdrom: Uniform CD-ROM driver Revision: 3.20
[STDERR  ] 2019-03-22T16:59:40.617897490Z: [    4.042596] sr 2:0:0:0: Attached scsi generic sg1 type 5
[STDERR  ] 2019-03-22T16:59:40.617910394Z: [    4.050168] Freeing unused kernel image memory: 1584K
[STDERR  ] 2019-03-22T16:59:40.617923453Z: [    4.056550] Write protecting the kernel read-only data: 18432k
[STDERR  ] 2019-03-22T16:59:40.617939415Z: [    4.064222] Freeing unused kernel image memory: 2028K
[STDERR  ] 2019-03-22T16:59:40.617952357Z: [    4.069096] Freeing unused kernel image memory: 1040K
[STDERR  ] 2019-03-22T16:59:40.617965406Z: [    4.073660] Run /init as init process
[STDERR  ] 2019-03-22T16:59:40.617983672Z: 
[STDERR  ] 2019-03-22T16:59:40.617997115Z: Welcome to LinuxKit
[STDERR  ] 2019-03-22T16:59:40.618010381Z: 
[STDERR  ] 2019-03-22T16:59:40.618024690Z:                         ##         .
[STDERR  ] 2019-03-22T16:59:40.618040947Z:                   ## ## ##        ==
[STDERR  ] 2019-03-22T16:59:40.618053779Z:                ## ## ## ## ##    ===
[STDERR  ] 2019-03-22T16:59:40.618067073Z:            /"""""""""""""""""\___/ ===
[STDERR  ] 2019-03-22T16:59:40.618082853Z:           {                       /  ===-
[STDERR  ] 2019-03-22T16:59:40.618095719Z:            \______ O           __/
[STDERR  ] 2019-03-22T16:59:40.618108789Z:              \    \         __/
[STDERR  ] 2019-03-22T16:59:40.618121914Z:               \____\_______/
[STDERR  ] 2019-03-22T16:59:40.618134976Z: 
[STDERR  ] 2019-03-22T16:59:40.618147934Z: [    5.105720] IPVS: ftp: loaded support on port[0] = 21
[STDERR  ] 2019-03-22T16:59:40.618161231Z: [    5.502961]  sda:
[STDERR  ] 2019-03-22T16:59:40.618174542Z: [    5.509383]  sda:
[STDERR  ] 2019-03-22T16:59:40.618194276Z: [    5.774706]  sda: sda1
[STDERR  ] 2019-03-22T16:59:40.618207468Z: [    6.032255]  sda: sda1
[STDERR  ] 2019-03-22T16:59:40.618220044Z: [    6.038658]  sda: sda1
[STDERR  ] 2019-03-22T16:59:40.618232806Z: 2019/03/22 16:59:29 Successfully resized /dev/sda
[STDERR  ] 2019-03-22T16:59:40.618245561Z: [    7.219878] IPVS: ftp: loaded support on port[0] = 21
[STDERR  ] 2019-03-22T16:59:40.618258917Z: [    7.298986] EXT4-fs (sda1): mounted filesystem with ordered data mode. Opts: (null)
[STDERR  ] 2019-03-22T16:59:40.618272127Z: extend test suite PASSED
[STDERR  ] 2019-03-22T16:59:40.618285483Z: + '[' -f /var/lib/docker/bar ]
[STDERR  ] 2019-03-22T16:59:40.618298449Z: + touch /var/lib/docker/foo
[STDERR  ] 2019-03-22T16:59:40.618311649Z: + grep -qE '[4-5][0-9]{2}\.[0-9]{1,}M'
[STDERR  ] 2019-03-22T16:59:40.618325701Z: + df -h
[STDERR  ] 2019-03-22T16:59:40.618338498Z: + printf 'extend test suite PASSED\n'
[STDERR  ] 2019-03-22T16:59:40.618351535Z: [   17.608772] sd 0:0:0:0: [sda] Synchronizing SCSI cache
[STDERR  ] 2019-03-22T16:59:40.618364670Z: [   17.614006] sd 0:0:0:0: [sda] Stopping disk
[STDERR  ] 2019-03-22T16:59:40.618377644Z: [   17.619079] ACPI: Preparing to enter system sleep state S5
[STDERR  ] 2019-03-22T16:59:40.618390740Z: [   17.624338] reboot: Power down
[STDERR  ] 2019-03-22T16:59:40.618406439Z: + echo [    0.000000] Linux version 4.19.28-linuxkit (root@9341f087bbd6) (gcc version 8.2.0 (Alpine 8.2.0)) #1 SMP Sun Mar 10 20:02:02 UTC 2019
[STDERR  ] 2019-03-22T16:59:40.618419856Z: [    0.000000] Command line: console=ttyS0 console=ttyAMA0
[STDERR  ] 2019-03-22T16:59:40.618432683Z: [    0.000000] x86/fpu: x87 FPU will use FXSAVE
[STDERR  ] 2019-03-22T16:59:40.618445859Z: [    0.000000] BIOS-provided physical RAM map:
[STDERR  ] 2019-03-22T16:59:40.618463061Z: [    0.000000] BIOS-e820: [mem 0x0000000000000000-0x000000000009fbff] usable
[STDERR  ] 2019-03-22T16:59:40.618476262Z: [    0.000000] BIOS-e820: [mem 0x000000000009fc00-0x000000000009ffff] reserved
[STDERR  ] 2019-03-22T16:59:40.618492718Z: [    0.000000] BIOS-e820: [mem 0x00000000000f0000-0x00000000000fffff] reserved
[STDERR  ] 2019-03-22T16:59:40.618505606Z: [    0.000000] BIOS-e820: [mem 0x0000000000100000-0x000000003ffdefff] usable
[STDERR  ] 2019-03-22T16:59:40.618518334Z: [    0.000000] BIOS-e820: [mem 0x000000003ffdf000-0x000000003fffffff] reserved
[STDERR  ] 2019-03-22T16:59:40.618530870Z: [    0.000000] BIOS-e820: [mem 0x00000000b0000000-0x00000000bfffffff] reserved
[STDERR  ] 2019-03-22T16:59:40.618550774Z: [    0.000000] BIOS-e820: [mem 0x00000000fed1c000-0x00000000fed1ffff] reserved
[STDERR  ] 2019-03-22T16:59:40.618563760Z: [    0.000000] BIOS-e820: [mem 0x00000000feffc000-0x00000000feffffff] reserved
[STDERR  ] 2019-03-22T16:59:40.618576958Z: [    0.000000] BIOS-e820: [mem 0x00000000fffc0000-0x00000000ffffffff] reserved
[STDERR  ] 2019-03-22T16:59:40.618594703Z: [    0.000000] NX (Execute Disable) protection: active
[STDERR  ] 2019-03-22T16:59:40.618607585Z: [    0.000000] SMBIOS 2.8 present.
[STDERR  ] 2019-03-22T16:59:40.618624451Z: [    0.000000] DMI: QEMU Standard PC (Q35 + ICH9, 2009), BIOS 1.10.2-1 04/01/2014
[STDERR  ] 2019-03-22T16:59:40.618637327Z: [    0.000000] Hypervisor detected: KVM
[STDERR  ] 2019-03-22T16:59:40.618650442Z: [    0.000000] kvm-clock: Using msrs 4b564d01 and 4b564d00
[STDERR  ] 2019-03-22T16:59:40.618663373Z: [    0.555225] kvm-clock: cpu 0, msr e81a001, primary cpu clock
[STDERR  ] 2019-03-22T16:59:40.618676516Z: [    0.555226] clocksource: kvm-clock: mask: 0xffffffffffffffff max_cycles: 0x1cd42e4dffb, max_idle_ns: 881590591483 ns
[STDERR  ] 2019-03-22T16:59:40.618691033Z: [    0.555232] tsc: Detected 2299.782 MHz processor
[STDERR  ] 2019-03-22T16:59:40.618707094Z: [    0.558428] last_pfn = 0x3ffdf max_arch_pfn = 0x400000000
[STDERR  ] 2019-03-22T16:59:40.618720195Z: [    0.559021] x86/PAT: PAT not supported by CPU.
[STDERR  ] 2019-03-22T16:59:40.618799234Z: [    0.559082] x86/PAT: Configuration [0-7]: WB  WT  UC- UC  WB  WT  UC- UC  
[STDERR  ] 2019-03-22T16:59:40.618812655Z: [    0.570976] found SMP MP-table at [mem 0x000f6a90-0x000f6a9f] mapped at [(____ptrval____)]
[STDERR  ] 2019-03-22T16:59:40.618841615Z: [    0.571335] RAMDISK: [mem 0x3c4d7000-0x3ffcffff]
[STDERR  ] 2019-03-22T16:59:40.618854580Z: [    0.571561] ACPI: Early table checksum verification disabled
[STDERR  ] 2019-03-22T16:59:40.618871344Z: [    0.571690] ACPI: RSDP 0x00000000000F68D0 000014 (v00 BOCHS )
[STDERR  ] 2019-03-22T16:59:40.618884414Z: [    0.571699] ACPI: RSDT 0x000000003FFE2404 000034 (v01 BOCHS  BXPCRSDT 00000001 BXPC 00000001)
[STDERR  ] 2019-03-22T16:59:40.618897471Z: [    0.571714] ACPI: FACP 0x000000003FFE22A4 000074 (v01 BOCHS  BXPCFACP 00000001 BXPC 00000001)
[STDERR  ] 2019-03-22T16:59:40.618910713Z: [    0.571721] ACPI: DSDT 0x000000003FFE0040 002264 (v01 BOCHS  BXPCDSDT 00000001 BXPC 00000001)
[STDERR  ] 2019-03-22T16:59:40.618923807Z: [    0.571726] ACPI: FACS 0x000000003FFE0000 000040
[STDERR  ] 2019-03-22T16:59:40.618940138Z: [    0.571730] ACPI: APIC 0x000000003FFE2318 000078 (v01 BOCHS  BXPCAPIC 00000001 BXPC 00000001)
[STDERR  ] 2019-03-22T16:59:40.619007098Z: [    0.571734] ACPI: HPET 0x000000003FFE2390 000038 (v01 BOCHS  BXPCHPET 00000001 BXPC 00000001)
[STDERR  ] 2019-03-22T16:59:40.619019785Z: [    0.571738] ACPI: MCFG 0x000000003FFE23C8 00003C (v01 BOCHS  BXPCMCFG 00000001 BXPC 00000001)
[STDERR  ] 2019-03-22T16:59:40.619032733Z: [    0.572683] Zone ranges:
[STDERR  ] 2019-03-22T16:59:40.619045629Z: [    0.572685]   DMA      [mem 0x0000000000001000-0x0000000000ffffff]
[STDERR  ] 2019-03-22T16:59:40.619058496Z: [    0.572687]   DMA32    [mem 0x0000000001000000-0x000000003ffdefff]
[STDERR  ] 2019-03-22T16:59:40.619071384Z: [    0.572689]   Normal   empty
[STDERR  ] 2019-03-22T16:59:40.619088512Z: [    0.572690]   Device   empty
[STDERR  ] 2019-03-22T16:59:40.619101812Z: [    0.572691] Movable zone start for each node
[STDERR  ] 2019-03-22T16:59:40.619114704Z: [    0.572692] Early memory node ranges
[STDERR  ] 2019-03-22T16:59:40.619127784Z: [    0.572694]   node   0: [mem 0x0000000000001000-0x000000000009efff]
[STDERR  ] 2019-03-22T16:59:40.619140767Z: [    0.572695]   node   0: [mem 0x0000000000100000-0x000000003ffdefff]
[STDERR  ] 2019-03-22T16:59:40.619153787Z: [    0.573414] Reserved but unavailable: 98 pages
[STDERR  ] 2019-03-22T16:59:40.619166674Z: [    0.573416] Initmem setup node 0 [mem 0x0000000000001000-0x000000003ffdefff]
[STDERR  ] 2019-03-22T16:59:40.619179685Z: [    0.585476] ACPI: PM-Timer IO Port: 0x608
[STDERR  ] 2019-03-22T16:59:40.619196759Z: [    0.585527] ACPI: LAPIC_NMI (acpi_id[0xff] dfl dfl lint[0x1])
[STDERR  ] 2019-03-22T16:59:40.619209985Z: [    0.585779] IOAPIC[0]: apic_id 0, version 17, address 0xfec00000, GSI 0-23
[STDERR  ] 2019-03-22T16:59:40.619225544Z: [    0.585783] ACPI: INT_SRC_OVR (bus 0 bus_irq 0 global_irq 2 dfl dfl)
[STDERR  ] 2019-03-22T16:59:40.619238285Z: [    0.585785] ACPI: INT_SRC_OVR (bus 0 bus_irq 5 global_irq 5 high level)
[STDERR  ] 2019-03-22T16:59:40.619251228Z: [    0.585786] ACPI: INT_SRC_OVR (bus 0 bus_irq 9 global_irq 9 high level)
[STDERR  ] 2019-03-22T16:59:40.619264187Z: [    0.585788] ACPI: INT_SRC_OVR (bus 0 bus_irq 10 global_irq 10 high level)
[STDERR  ] 2019-03-22T16:59:40.619277101Z: [    0.585789] ACPI: INT_SRC_OVR (bus 0 bus_irq 11 global_irq 11 high level)
[STDERR  ] 2019-03-22T16:59:40.619290070Z: [    0.585797] Using ACPI (MADT) for SMP configuration information
[STDERR  ] 2019-03-22T16:59:40.619302915Z: [    0.585799] ACPI: HPET id: 0x8086a201 base: 0xfed00000
[STDERR  ] 2019-03-22T16:59:40.619315913Z: [    0.585833] smpboot: Allowing 1 CPUs, 0 hotplug CPUs
[STDERR  ] 2019-03-22T16:59:40.619330881Z: [    0.585942] [mem 0x40000000-0xafffffff] available for PCI devices
[STDERR  ] 2019-03-22T16:59:40.619348359Z: [    0.585943] Booting paravirtualized kernel on KVM
[STDERR  ] 2019-03-22T16:59:40.619361038Z: [    0.585946] clocksource: refined-jiffies: mask: 0xffffffff max_cycles: 0xffffffff, max_idle_ns: 1910969940391419 ns
[STDERR  ] 2019-03-22T16:59:40.619374315Z: [    0.691461] random: get_random_bytes called from start_kernel+0x91/0x517 with crng_init=0
[STDERR  ] 2019-03-22T16:59:40.619401067Z: [    0.691473] setup_percpu: NR_CPUS:128 nr_cpumask_bits:128 nr_cpu_ids:1 nr_node_ids:1
[STDERR  ] 2019-03-22T16:59:40.619414591Z: [    0.692251] percpu: Embedded 45 pages/cpu @(____ptrval____) s145112 r8192 d31016 u2097152
[STDERR  ] 2019-03-22T16:59:40.619431173Z: [    0.692358] KVM setup async PF for cpu 0
[STDERR  ] 2019-03-22T16:59:40.619444016Z: [    0.692409] kvm-stealtime: cpu 0, msr 3b015e80
[STDERR  ] 2019-03-22T16:59:40.619456980Z: [    0.692442] Built 1 zonelists, mobility grouping on.  Total pages: 257896
[STDERR  ] 2019-03-22T16:59:40.619470330Z: [    0.692445] Kernel command line: console=ttyS0 console=ttyAMA0
[STDERR  ] 2019-03-22T16:59:40.619483100Z: [    0.692580] Dentry cache hash table entries: 131072 (order: 8, 1048576 bytes)
[STDERR  ] 2019-03-22T16:59:40.619496041Z: [    0.692670] Inode-cache hash table entries: 65536 (order: 7, 524288 bytes)
[STDERR  ] 2019-03-22T16:59:40.619510113Z: [    0.696742] Memory: 941548K/1048052K available (12300K kernel code, 1573K rwdata, 3056K rodata, 1584K init, 2036K bss, 106504K reserved, 0K cma-reserved)
[STDERR  ] 2019-03-22T16:59:40.619524070Z: [    0.697537] Kernel/User page tables isolation: enabled
[STDERR  ] 2019-03-22T16:59:40.619536984Z: [    0.697638] ftrace: allocating 43042 entries in 169 pages
[STDERR  ] 2019-03-22T16:59:40.619549802Z: [    0.719252] rcu: Hierarchical RCU implementation.
[STDERR  ] 2019-03-22T16:59:40.619562722Z: [    0.719256] rcu: 	RCU restricting CPUs from NR_CPUS=128 to nr_cpu_ids=1.
[STDERR  ] 2019-03-22T16:59:40.619575688Z: [    0.719258] rcu: Adjusting geometry for rcu_fanout_leaf=16, nr_cpu_ids=1
[STDERR  ] 2019-03-22T16:59:40.619592266Z: [    0.722255] NR_IRQS: 8448, nr_irqs: 256, preallocated irqs: 16
[STDERR  ] 2019-03-22T16:59:40.619605131Z: [    0.748579] Console: colour VGA+ 80x25
[STDERR  ] 2019-03-22T16:59:40.619618154Z: [    1.173872] console [ttyS0] enabled
[STDERR  ] 2019-03-22T16:59:40.619631502Z: [    1.176987] ACPI: Core revision 20180810
[STDERR  ] 2019-03-22T16:59:40.619647689Z: [    1.181218] clocksource: hpet: mask: 0xffffffff max_cycles: 0xffffffff, max_idle_ns: 19112604467 ns
[STDERR  ] 2019-03-22T16:59:40.619661386Z: [    1.189724] APIC: Switch to symmetric I/O mode setup
[STDERR  ] 2019-03-22T16:59:40.619674280Z: [    1.196353] x2apic enabled
[STDERR  ] 2019-03-22T16:59:40.619687523Z: [    1.200915] Switched APIC routing to physical x2apic.
[STDERR  ] 2019-03-22T16:59:40.619707479Z: [    1.214920] ..TIMER: vector=0x30 apic1=0 pin1=2 apic2=-1 pin2=-1
[STDERR  ] 2019-03-22T16:59:40.619720502Z: [    1.220308] clocksource: tsc-early: mask: 0xffffffffffffffff max_cycles: 0x21266755991, max_idle_ns: 440795279191 ns
[STDERR  ] 2019-03-22T16:59:40.619733788Z: [    1.229464] Calibrating delay loop (skipped) preset value.. 4599.56 BogoMIPS (lpj=2299782)
[STDERR  ] 2019-03-22T16:59:40.619747082Z: [    1.230436] pid_max: default: 32768 minimum: 301
[STDERR  ] 2019-03-22T16:59:40.619760243Z: [    1.231531] Security Framework initialized
[STDERR  ] 2019-03-22T16:59:40.619773154Z: [    1.232435] Yama: becoming mindful.
[STDERR  ] 2019-03-22T16:59:40.619785616Z: [    1.233476] Mount-cache hash table entries: 2048 (order: 2, 16384 bytes)
[STDERR  ] 2019-03-22T16:59:40.619803310Z: [    1.234440] Mountpoint-cache hash table entries: 2048 (order: 2, 16384 bytes)
[STDERR  ] 2019-03-22T16:59:40.619826031Z: [    1.237479] Last level iTLB entries: 4KB 0, 2MB 0, 4MB 0
[STDERR  ] 2019-03-22T16:59:40.619839072Z: [    1.238436] Last level dTLB entries: 4KB 0, 2MB 0, 4MB 0, 1GB 0
[STDERR  ] 2019-03-22T16:59:40.619851990Z: [    1.239436] Spectre V2 : Mitigation: Full generic retpoline
[STDERR  ] 2019-03-22T16:59:40.619868543Z: [    1.240435] Spectre V2 : Spectre v2 / SpectreRSB mitigation: Filling RSB on context switch
[STDERR  ] 2019-03-22T16:59:40.619881491Z: [    1.241435] Speculative Store Bypass: Vulnerable
[STDERR  ] 2019-03-22T16:59:40.619894433Z: [    1.252822] Freeing SMP alternatives memory: 20K
[STDERR  ] 2019-03-22T16:59:40.619907418Z: [    1.255428] smpboot: CPU0: Intel QEMU Virtual CPU version 2.5+ (family: 0x6, model: 0x6, stepping: 0x3)
[STDERR  ] 2019-03-22T16:59:40.619924579Z: [    1.255644] Performance Events: PMU not available due to virtualization, using software events only.
[STDERR  ] 2019-03-22T16:59:40.619937520Z: [    1.257717] rcu: Hierarchical SRCU implementation.
[STDERR  ] 2019-03-22T16:59:40.619950655Z: [    1.258585] NMI watchdog: Perf NMI watchdog permanently disabled
[STDERR  ] 2019-03-22T16:59:40.619963848Z: [    1.260514] smp: Bringing up secondary CPUs ...
[STDERR  ] 2019-03-22T16:59:40.619982017Z: [    1.261434] smp: Brought up 1 node, 1 CPU
[STDERR  ] 2019-03-22T16:59:40.619995746Z: [    1.262433] smpboot: Max logical packages: 1
[STDERR  ] 2019-03-22T16:59:40.620008513Z: [    1.263434] smpboot: Total of 1 processors activated (4599.56 BogoMIPS)
[STDERR  ] 2019-03-22T16:59:40.620021087Z: [    1.265660] devtmpfs: initialized
[STDERR  ] 2019-03-22T16:59:40.620033793Z: [    1.266511] x86/mm: Memory block size: 128MB
[STDERR  ] 2019-03-22T16:59:40.620046847Z: [    1.268539] clocksource: jiffies: mask: 0xffffffff max_cycles: 0xffffffff, max_idle_ns: 1911260446275000 ns
[STDERR  ] 2019-03-22T16:59:40.620059894Z: [    1.269441] futex hash table entries: 256 (order: 2, 16384 bytes)
[STDERR  ] 2019-03-22T16:59:40.620072644Z: [    1.270743] NET: Registered protocol family 16
[STDERR  ] 2019-03-22T16:59:40.620085967Z: [    1.271590] audit: initializing netlink subsys (disabled)
[STDERR  ] 2019-03-22T16:59:40.620098725Z: [    1.272581] cpuidle: using governor ladder
[STDERR  ] 2019-03-22T16:59:40.620111590Z: [    1.273435] cpuidle: using governor menu
[STDERR  ] 2019-03-22T16:59:40.620125452Z: [    1.274581] ACPI: bus type PCI registered
[STDERR  ] 2019-03-22T16:59:40.620138412Z: [    1.276437] audit: type=2000 audit(1553273963.260:1): state=initialized audit_enabled=0 res=1
[STDERR  ] 2019-03-22T16:59:40.620151752Z: [    1.277447] PCI: MMCONFIG for domain 0000 [bus 00-ff] at [mem 0xb0000000-0xbfffffff] (base 0xb0000000)
[STDERR  ] 2019-03-22T16:59:40.620165187Z: [    1.278442] PCI: MMCONFIG at [mem 0xb0000000-0xbfffffff] reserved in E820
[STDERR  ] 2019-03-22T16:59:40.620178417Z: [    1.279447] PCI: Using configuration type 1 for base access
[STDERR  ] 2019-03-22T16:59:40.620191543Z: [    1.283099] HugeTLB registered 2.00 MiB page size, pre-allocated 0 pages
[STDERR  ] 2019-03-22T16:59:40.620204668Z: [    1.283595] cryptd: max_cpu_qlen set to 1000
[STDERR  ] 2019-03-22T16:59:40.620227720Z: [    1.284611] ACPI: Added _OSI(Module Device)
[STDERR  ] 2019-03-22T16:59:40.620243669Z: [    1.285444] ACPI: Added _OSI(Processor Device)
[STDERR  ] 2019-03-22T16:59:40.620256890Z: [    1.286433] ACPI: Added _OSI(3.0 _SCP Extensions)
[STDERR  ] 2019-03-22T16:59:40.620269662Z: [    1.287434] ACPI: Added _OSI(Processor Aggregator Device)
[STDERR  ] 2019-03-22T16:59:40.620282774Z: [    1.288453] ACPI: Added _OSI(Linux-Dell-Video)
[STDERR  ] 2019-03-22T16:59:40.620295832Z: [    1.289434] ACPI: Added _OSI(Linux-Lenovo-NV-HDMI-Audio)
[STDERR  ] 2019-03-22T16:59:40.620308319Z: [    1.291859] ACPI: 1 ACPI AML tables successfully acquired and loaded
[STDERR  ] 2019-03-22T16:59:40.620321156Z: [    1.295619] ACPI: Interpreter enabled
[STDERR  ] 2019-03-22T16:59:40.620334434Z: [    1.296449] ACPI: (supports S0 S5)
[STDERR  ] 2019-03-22T16:59:40.620347024Z: [    1.297434] ACPI: Using IOAPIC for interrupt routing
[STDERR  ] 2019-03-22T16:59:40.620362945Z: [    1.298487] PCI: Using host bridge windows from ACPI; if necessary, use "pci=nocrs" and report a bug
[STDERR  ] 2019-03-22T16:59:40.620382128Z: [    1.299661] ACPI: Enabled 2 GPEs in block 00 to 3F
[STDERR  ] 2019-03-22T16:59:40.620394892Z: [    1.304319] ACPI: PCI Root Bridge [PCI0] (domain 0000 [bus 00-ff])
[STDERR  ] 2019-03-22T16:59:40.620408559Z: [    1.304447] acpi PNP0A08:00: _OSC: OS supports [ExtendedConfig ASPM ClockPM Segments MSI]
[STDERR  ] 2019-03-22T16:59:40.620424844Z: [    1.305556] acpi PNP0A08:00: _OSC: platform does not support [SHPCHotplug LTR]
