[INFO    ] 2017-06-15T22:56:04.907869544Z: Running Test linuxkit.packages.ca-certificates in /tmp/with_clonef1107e3/test/cases/040_packages/003_ca-certificates
[INFO    ] 2017-06-15T22:56:04.907968507Z: Running command: [/bin/sh -x /tmp/with_clonef1107e3/test/cases/040_packages/003_ca-certificates/test.sh]
[STDERR  ] 2017-06-15T22:56:04.928624625Z: + set -e
[STDERR  ] 2017-06-15T22:56:04.928634045Z: + . /tmp/with_clonef1107e3/test/cases/_lib/lib.sh
[STDERR  ] 2017-06-15T22:56:04.928662015Z: + [ -f src/github.com/linuxkit/rtf/lib/lib.sh ]
[STDERR  ] 2017-06-15T22:56:04.928677466Z: + LINUXKIT_TMPDIR=/tmp/with_clonef1107e3/test/cases/_tmp
[STDERR  ] 2017-06-15T22:56:04.928705063Z: + [ -f /tmp/with_clonef1107e3/test/cases/_tmp/env.sh ]
[STDERR  ] 2017-06-15T22:56:04.928717815Z: + . /tmp/with_clonef1107e3/test/cases/_tmp/env.sh
[STDERR  ] 2017-06-15T22:56:04.928733838Z: + export LINUXKIT_EXAMPLES_DIR=/tmp/with_clonef1107e3/test/cases/../../examples
[STDERR  ] 2017-06-15T22:56:04.928740984Z: + RT_CANCEL=253
[STDERR  ] 2017-06-15T22:56:04.928760623Z: + trap clean_up EXIT
[STDERR  ] 2017-06-15T22:56:04.928787358Z: + moby build -output kernel+initrd test-ca-certificates.yml
[STDERR  ] 2017-06-15T22:56:04.928793655Z: Extract kernel image: linuxkit/kernel:4.9.x
[STDERR  ] 2017-06-15T22:56:13.262263826Z: Add init containers:
[STDERR  ] 2017-06-15T22:56:13.262329415Z: Process init image: linuxkit/init:781cec2360313a6d4aca25f5e90623294f8432f7
[STDERR  ] 2017-06-15T22:56:15.691671291Z: Process init image: linuxkit/runc:3a4e6cbf15470f62501b019b55e1caac5ee7689f
[STDERR  ] 2017-06-15T22:56:18.542566995Z: Process init image: linuxkit/containerd:b50181bc6e0084e5fcd6b6ad3cf433c4f66cae5a
[STDERR  ] 2017-06-15T22:56:24.520655297Z: Process init image: linuxkit/ca-certificates:75cf419fb58770884c3464eb687ec8dfc704169d
[STDERR  ] 2017-06-15T22:56:26.868178074Z: Add onboot containers:
[STDERR  ] 2017-06-15T22:56:26.868207599Z:   Create OCI config for alpine:3.6
[STDERR  ] 2017-06-15T22:56:29.444261707Z:   Create OCI config for linuxkit/poweroff:7404cf2295df89ccfa2dda41997a28307a90cf28
[STDERR  ] 2017-06-15T22:56:32.318811693Z: Add files:
[STDERR  ] 2017-06-15T22:56:32.318866814Z:   check.sh
[STDERR  ] 2017-06-15T22:56:32.318948629Z: Create outputs:
[STDERR  ] 2017-06-15T22:56:42.796047926Z:   test-ca-certificates-kernel test-ca-certificates-initrd.img test-ca-certificates-cmdline
[STDERR  ] 2017-06-15T22:56:43.098119695Z: + linuxkit run test-ca-certificates
[STDERR  ] 2017-06-15T22:57:41.70478201Z: + RESULT=[    0.000000] Linux version 4.9.32-linuxkit (root@9ac68176ac52) (gcc version 6.3.0 (Alpine 6.3.0) ) #1 SMP Thu Jun 15 20:49:23 UTC 2017
[STDERR  ] 2017-06-15T22:57:41.704799297Z: [    0.000000] Command line: console=ttyS0 page_poison=1
[STDERR  ] 2017-06-15T22:57:41.704815596Z: [    0.000000] x86/fpu: Legacy x87 FPU detected.
[STDERR  ] 2017-06-15T22:57:41.7048377Z: [    0.000000] x86/fpu: Using 'eager' FPU context switches.
[STDERR  ] 2017-06-15T22:57:41.704844999Z: [    0.000000] e820: BIOS-provided physical RAM map:
[STDERR  ] 2017-06-15T22:57:41.70486708Z: [    0.000000] BIOS-e820: [mem 0x0000000000000000-0x000000000009fbff] usable
[STDERR  ] 2017-06-15T22:57:41.704883691Z: [    0.000000] BIOS-e820: [mem 0x000000000009fc00-0x000000000009ffff] reserved
[STDERR  ] 2017-06-15T22:57:41.704898974Z: [    0.000000] BIOS-e820: [mem 0x00000000000f0000-0x00000000000fffff] reserved
[STDERR  ] 2017-06-15T22:57:41.704906198Z: [    0.000000] BIOS-e820: [mem 0x0000000000100000-0x000000003ffdefff] usable
[STDERR  ] 2017-06-15T22:57:41.704928665Z: [    0.000000] BIOS-e820: [mem 0x000000003ffdf000-0x000000003fffffff] reserved
[STDERR  ] 2017-06-15T22:57:41.704943498Z: [    0.000000] BIOS-e820: [mem 0x00000000b0000000-0x00000000bfffffff] reserved
[STDERR  ] 2017-06-15T22:57:41.704958268Z: [    0.000000] BIOS-e820: [mem 0x00000000fed1c000-0x00000000fed1ffff] reserved
[STDERR  ] 2017-06-15T22:57:41.704972561Z: [    0.000000] BIOS-e820: [mem 0x00000000fffc0000-0x00000000ffffffff] reserved
[STDERR  ] 2017-06-15T22:57:41.704987029Z: [    0.000000] NX (Execute Disable) protection: active
[STDERR  ] 2017-06-15T22:57:41.705008259Z: [    0.000000] SMBIOS 2.8 present.
[STDERR  ] 2017-06-15T22:57:41.705029467Z: [    0.000000] e820: last_pfn = 0x3ffdf max_arch_pfn = 0x400000000
[STDERR  ] 2017-06-15T22:57:41.705035891Z: [    0.000000] x86/PAT: Configuration [0-7]: WB  WC  UC- UC  WB  WC  UC- WT  
[STDERR  ] 2017-06-15T22:57:41.705063599Z: [    0.000000] found SMP MP-table at [mem 0x000f6aa0-0x000f6aaf] mapped at [ffff8b04800f6aa0]
[STDERR  ] 2017-06-15T22:57:41.705093523Z: [    0.000000] RAMDISK: [mem 0x3e11b000-0x3ffcffff]
[STDERR  ] 2017-06-15T22:57:41.705107101Z: [    0.000000] ACPI: Early table checksum verification disabled
[STDERR  ] 2017-06-15T22:57:41.705120133Z: [    0.000000] ACPI: RSDP 0x00000000000F68C0 000014 (v00 BOCHS )
[STDERR  ] 2017-06-15T22:57:41.705133342Z: [    0.000000] ACPI: RSDT 0x000000003FFE2404 000034 (v01 BOCHS  BXPCRSDT 00000001 BXPC 00000001)
[STDERR  ] 2017-06-15T22:57:41.705148776Z: [    0.000000] ACPI: FACP 0x000000003FFE22A4 000074 (v01 BOCHS  BXPCFACP 00000001 BXPC 00000001)
[STDERR  ] 2017-06-15T22:57:41.705162376Z: [    0.000000] ACPI: DSDT 0x000000003FFE0040 002264 (v01 BOCHS  BXPCDSDT 00000001 BXPC 00000001)
[STDERR  ] 2017-06-15T22:57:41.705175721Z: [    0.000000] ACPI: FACS 0x000000003FFE0000 000040
[STDERR  ] 2017-06-15T22:57:41.705188158Z: [    0.000000] ACPI: APIC 0x000000003FFE2318 000078 (v01 BOCHS  BXPCAPIC 00000001 BXPC 00000001)
[STDERR  ] 2017-06-15T22:57:41.705203051Z: [    0.000000] ACPI: HPET 0x000000003FFE2390 000038 (v01 BOCHS  BXPCHPET 00000001 BXPC 00000001)
[STDERR  ] 2017-06-15T22:57:41.70521027Z: [    0.000000] ACPI: MCFG 0x000000003FFE23C8 00003C (v01 BOCHS  BXPCMCFG 00000001 BXPC 00000001)
[STDERR  ] 2017-06-15T22:57:41.705229057Z: [    0.000000] Zone ranges:
[STDERR  ] 2017-06-15T22:57:41.705235334Z: [    0.000000]   DMA      [mem 0x0000000000001000-0x0000000000ffffff]
[STDERR  ] 2017-06-15T22:57:41.705260538Z: [    0.000000]   DMA32    [mem 0x0000000001000000-0x000000003ffdefff]
[STDERR  ] 2017-06-15T22:57:41.705273549Z: [    0.000000]   Normal   empty
[STDERR  ] 2017-06-15T22:57:41.70528029Z: [    0.000000] Movable zone start for each node
[STDERR  ] 2017-06-15T22:57:41.705291837Z: [    0.000000] Early memory node ranges
[STDERR  ] 2017-06-15T22:57:41.705310443Z: [    0.000000]   node   0: [mem 0x0000000000001000-0x000000000009efff]
[STDERR  ] 2017-06-15T22:57:41.70532324Z: [    0.000000]   node   0: [mem 0x0000000000100000-0x000000003ffdefff]
[STDERR  ] 2017-06-15T22:57:41.705335682Z: [    0.000000] Initmem setup node 0 [mem 0x0000000000001000-0x000000003ffdefff]
[STDERR  ] 2017-06-15T22:57:41.705347849Z: [    0.000000] ACPI: PM-Timer IO Port: 0x608
[STDERR  ] 2017-06-15T22:57:41.705354251Z: [    0.000000] ACPI: LAPIC_NMI (acpi_id[0xff] dfl dfl lint[0x1])
[STDERR  ] 2017-06-15T22:57:41.705371744Z: [    0.000000] IOAPIC[0]: apic_id 0, version 32, address 0xfec00000, GSI 0-23
[STDERR  ] 2017-06-15T22:57:41.705383748Z: [    0.000000] ACPI: INT_SRC_OVR (bus 0 bus_irq 0 global_irq 2 dfl dfl)
[STDERR  ] 2017-06-15T22:57:41.70539538Z: [    0.000000] ACPI: INT_SRC_OVR (bus 0 bus_irq 5 global_irq 5 high level)
[STDERR  ] 2017-06-15T22:57:41.705415747Z: [    0.000000] ACPI: INT_SRC_OVR (bus 0 bus_irq 9 global_irq 9 high level)
[STDERR  ] 2017-06-15T22:57:41.705429098Z: [    0.000000] ACPI: INT_SRC_OVR (bus 0 bus_irq 10 global_irq 10 high level)
[STDERR  ] 2017-06-15T22:57:41.70544177Z: [    0.000000] ACPI: INT_SRC_OVR (bus 0 bus_irq 11 global_irq 11 high level)
[STDERR  ] 2017-06-15T22:57:41.705454241Z: [    0.000000] Using ACPI (MADT) for SMP configuration information
[STDERR  ] 2017-06-15T22:57:41.705475248Z: [    0.000000] ACPI: HPET id: 0x8086a201 base: 0xfed00000
[STDERR  ] 2017-06-15T22:57:41.705488682Z: [    0.000000] smpboot: Allowing 1 CPUs, 0 hotplug CPUs
[STDERR  ] 2017-06-15T22:57:41.705501918Z: [    0.000000] e820: [mem 0x40000000-0xafffffff] available for PCI devices
[STDERR  ] 2017-06-15T22:57:41.705508785Z: [    0.000000] Booting paravirtualized kernel on bare hardware
[STDERR  ] 2017-06-15T22:57:41.705529962Z: [    0.000000] clocksource: refined-jiffies: mask: 0xffffffff max_cycles: 0xffffffff, max_idle_ns: 19112604462750000 ns
[STDERR  ] 2017-06-15T22:57:41.705542297Z: [    0.000000] setup_percpu: NR_CPUS:128 nr_cpumask_bits:128 nr_cpu_ids:1 nr_node_ids:1
[STDERR  ] 2017-06-15T22:57:41.705562846Z: [    0.000000] percpu: Embedded 35 pages/cpu @ffff8b04bde00000 s105240 r8192 d29928 u2097152
[STDERR  ] 2017-06-15T22:57:41.705570075Z: [    0.000000] Built 1 zonelists in Zone order, mobility grouping on.  Total pages: 257896
[STDERR  ] 2017-06-15T22:57:41.705600781Z: [    0.000000] Kernel command line: console=ttyS0 page_poison=1
[STDERR  ] 2017-06-15T22:57:41.705607108Z: [    0.000000] PID hash table entries: 4096 (order: 3, 32768 bytes)
[STDERR  ] 2017-06-15T22:57:41.705627028Z: [    0.000000] Dentry cache hash table entries: 131072 (order: 8, 1048576 bytes)
[STDERR  ] 2017-06-15T22:57:41.705639049Z: [    0.000000] Inode-cache hash table entries: 65536 (order: 7, 524288 bytes)
[STDERR  ] 2017-06-15T22:57:41.705660454Z: [    0.000000] Memory: 980336K/1048052K available (9526K kernel code, 1595K rwdata, 3120K rodata, 1456K init, 604K bss, 67716K reserved, 0K cma-reserved)
[STDERR  ] 2017-06-15T22:57:41.705667625Z: [    0.000000] Hierarchical RCU implementation.
[STDERR  ] 2017-06-15T22:57:41.705686246Z: [    0.000000] 	Build-time adjustment of leaf fanout to 64.
[STDERR  ] 2017-06-15T22:57:41.705698621Z: [    0.000000] 	RCU restricting CPUs from NR_CPUS=128 to nr_cpu_ids=1.
[STDERR  ] 2017-06-15T22:57:41.705708436Z: [    0.000000] RCU: Adjusting geometry for rcu_fanout_leaf=64, nr_cpu_ids=1
[STDERR  ] 2017-06-15T22:57:41.705736379Z: [    0.000000] NR_IRQS:8448 nr_irqs:256 16
[STDERR  ] 2017-06-15T22:57:41.705748184Z: [    0.000000] Console: colour VGA+ 80x25
[STDERR  ] 2017-06-15T22:57:41.705754274Z: [    0.000000] console [ttyS0] enabled
[STDERR  ] 2017-06-15T22:57:41.705772092Z: [    0.000000] allocated 2097152 bytes of page_ext
[STDERR  ] 2017-06-15T22:57:41.705777499Z: [    0.000000] clocksource: hpet: mask: 0xffffffff max_cycles: 0xffffffff, max_idle_ns: 19112604467 ns
[STDERR  ] 2017-06-15T22:57:41.705794232Z: [    0.000000] tsc: Unable to calibrate against PIT
[STDERR  ] 2017-06-15T22:57:41.70581085Z: [    0.000000] tsc: using HPET reference calibration
[STDERR  ] 2017-06-15T22:57:41.705822105Z: [    0.000000] tsc: Detected 2298.611 MHz processor
[STDERR  ] 2017-06-15T22:57:41.705833099Z: [    0.052557] Calibrating delay loop (skipped), value calculated using timer frequency.. 4597.22 BogoMIPS (lpj=22986110)
[STDERR  ] 2017-06-15T22:57:41.705852816Z: [    0.054200] pid_max: default: 32768 minimum: 301
[STDERR  ] 2017-06-15T22:57:41.705859344Z: [    0.055691] ACPI: Core revision 20160831
[STDERR  ] 2017-06-15T22:57:41.705875965Z: [    0.131340] ACPI: 1 ACPI AML tables successfully acquired and loaded
[STDERR  ] 2017-06-15T22:57:41.705886829Z: [    0.136844] Security Framework initialized
[STDERR  ] 2017-06-15T22:57:41.705898244Z: [    0.137467] Yama: becoming mindful.
[STDERR  ] 2017-06-15T22:57:41.705903894Z: [    0.140697] Mount-cache hash table entries: 2048 (order: 2, 16384 bytes)
[STDERR  ] 2017-06-15T22:57:41.705920616Z: [    0.141535] Mountpoint-cache hash table entries: 2048 (order: 2, 16384 bytes)
[STDERR  ] 2017-06-15T22:57:41.705938681Z: [    0.175688] Last level iTLB entries: 4KB 0, 2MB 0, 4MB 0
[STDERR  ] 2017-06-15T22:57:41.705952235Z: [    0.176355] Last level dTLB entries: 4KB 0, 2MB 0, 4MB 0, 1GB 0
[STDERR  ] 2017-06-15T22:57:41.705963553Z: [    0.875190] Freeing SMP alternatives memory: 24K (ffffffff900fc000 - ffffffff90102000)
[STDERR  ] 2017-06-15T22:57:41.70597553Z: [    0.892560] ftrace: allocating 41868 entries in 164 pages
[STDERR  ] 2017-06-15T22:57:41.705981897Z: [    1.263382] smpboot: Max logical packages: 1
[STDERR  ] 2017-06-15T22:57:41.705993053Z: [    1.273280] ..TIMER: vector=0x30 apic1=0 pin1=2 apic2=-1 pin2=-1
[STDERR  ] 2017-06-15T22:57:41.706016958Z: [    1.380000] smpboot: CPU0: AMD QEMU Virtual CPU version 2.5+ (family: 0x6, model: 0x6, stepping: 0x3)
[STDERR  ] 2017-06-15T22:57:41.70602372Z: [    1.380000] Performance Events: PMU not available due to virtualization, using software events only.
[STDERR  ] 2017-06-15T22:57:41.70604246Z: [    1.401469] NMI watchdog: disabled (cpu0): hardware events not enabled
[STDERR  ] 2017-06-15T22:57:41.706062055Z: [    1.402236] NMI watchdog: Shutting down hard lockup detector on all cpus
[STDERR  ] 2017-06-15T22:57:41.706074626Z: [    1.406477] x86: Booted up 1 node, 1 CPUs
[STDERR  ] 2017-06-15T22:57:41.706093586Z: [    1.407121] smpboot: Total of 1 processors activated (4597.22 BogoMIPS)
[STDERR  ] 2017-06-15T22:57:41.706107121Z: [    1.430900] devtmpfs: initialized
[STDERR  ] 2017-06-15T22:57:41.706119512Z: [    1.438866] x86/mm: Memory block size: 128MB
[STDERR  ] 2017-06-15T22:57:41.706126317Z: [    1.560962] clocksource: jiffies: mask: 0xffffffff max_cycles: 0xffffffff, max_idle_ns: 19112604462750000 ns
[STDERR  ] 2017-06-15T22:57:41.706144752Z: [    1.562274] futex hash table entries: 256 (order: 2, 16384 bytes)
[STDERR  ] 2017-06-15T22:57:41.706157994Z: [    1.575493] NET: Registered protocol family 16
[STDERR  ] 2017-06-15T22:57:41.70617096Z: [    1.591727] cpuidle: using governor ladder
[STDERR  ] 2017-06-15T22:57:41.706183549Z: [    1.592394] cpuidle: using governor menu
[STDERR  ] 2017-06-15T22:57:41.706189461Z: [    1.594311] ACPI: bus type PCI registered
[STDERR  ] 2017-06-15T22:57:41.706213238Z: [    1.599472] PCI: MMCONFIG for domain 0000 [bus 00-ff] at [mem 0xb0000000-0xbfffffff] (base 0xb0000000)
[STDERR  ] 2017-06-15T22:57:41.706225236Z: [    1.600337] PCI: MMCONFIG at [mem 0xb0000000-0xbfffffff] reserved in E820
[STDERR  ] 2017-06-15T22:57:41.706237267Z: [    1.602607] PCI: Using configuration type 1 for base access
[STDERR  ] 2017-06-15T22:57:41.706248066Z: [    1.715449] HugeTLB registered 2 MB page size, pre-allocated 0 pages
[STDERR  ] 2017-06-15T22:57:41.706260051Z: [    1.731686] ACPI: Added _OSI(Module Device)
[STDERR  ] 2017-06-15T22:57:41.706271643Z: [    1.732174] ACPI: Added _OSI(Processor Device)
[STDERR  ] 2017-06-15T22:57:41.706283645Z: [    1.732631] ACPI: Added _OSI(3.0 _SCP Extensions)
[STDERR  ] 2017-06-15T22:57:41.706290597Z: [    1.733117] ACPI: Added _OSI(Processor Aggregator Device)
[STDERR  ] 2017-06-15T22:57:41.706309084Z: [    1.865811] ACPI: Interpreter enabled
[STDERR  ] 2017-06-15T22:57:41.706321911Z: [    1.867120] ACPI: (supports S0 S5)
[STDERR  ] 2017-06-15T22:57:41.70632783Z: [    1.867579] ACPI: Using IOAPIC for interrupt routing
[STDERR  ] 2017-06-15T22:57:41.70634736Z: [    1.870874] PCI: Using host bridge windows from ACPI; if necessary, use "pci=nocrs" and report a bug
[STDERR  ] 2017-06-15T22:57:41.706360156Z: [    1.979683] ACPI: PCI Root Bridge [PCI0] (domain 0000 [bus 00-ff])
[STDERR  ] 2017-06-15T22:57:41.706373172Z: [    1.980882] acpi PNP0A08:00: _OSC: OS supports [ExtendedConfig ASPM ClockPM Segments MSI]
[STDERR  ] 2017-06-15T22:57:41.706386296Z: [    1.990592] acpi PNP0A08:00: _OSC: OS now controls [PCIeHotplug PME PCIeCapability]
[STDERR  ] 2017-06-15T22:57:41.70639892Z: [    1.996607] PCI host bridge to bus 0000:00
[STDERR  ] 2017-06-15T22:57:41.706405923Z: [    1.997293] pci_bus 0000:00: root bus resource [io  0x0000-0x0cf7 window]
[STDERR  ] 2017-06-15T22:57:41.70642424Z: [    1.998009] pci_bus 0000:00: root bus resource [io  0x0d00-0xffff window]
[STDERR  ] 2017-06-15T22:57:41.706430211Z: [    1.998703] pci_bus 0000:00: root bus resource [mem 0x000a0000-0x000bffff window]
[STDERR  ] 2017-06-15T22:57:41.706449069Z: [    1.999449] pci_bus 0000:00: root bus resource [mem 0xc0000000-0xfebfffff window]
[STDERR  ] 2017-06-15T22:57:41.706456018Z: [    2.000271] pci_bus 0000:00: root bus resource [bus 00-ff]
[STDERR  ] 2017-06-15T22:57:41.70648167Z: [    2.153623] pci 0000:00:1f.0: quirk: [io  0x0600-0x067f] claimed by ICH6 ACPI/GPIO/TCO
[STDERR  ] 2017-06-15T22:57:41.706488385Z: [    2.249318] ACPI: PCI Interrupt Link [LNKA] (IRQs 5 *10 11)
[STDERR  ] 2017-06-15T22:57:41.706507849Z: [    2.252805] ACPI: PCI Interrupt Link [LNKB] (IRQs 5 *10 11)
[STDERR  ] 2017-06-15T22:57:41.706514864Z: [    2.255709] ACPI: PCI Interrupt Link [LNKC] (IRQs 5 10 *11)
[STDERR  ] 2017-06-15T22:57:41.706532897Z: [    2.258545] ACPI: PCI Interrupt Link [LNKD] (IRQs 5 10 *11)
[STDERR  ] 2017-06-15T22:57:41.706552048Z: [    2.261797] ACPI: PCI Interrupt Link [LNKE] (IRQs 5 *10 11)
[STDERR  ] 2017-06-15T22:57:41.706559144Z: [    2.264586] ACPI: PCI Interrupt Link [LNKF] (IRQs 5 *10 11)
[STDERR  ] 2017-06-15T22:57:41.706582647Z: [    2.267469] ACPI: PCI Interrupt Link [LNKG] (IRQs 5 10 *11)
[STDERR  ] 2017-06-15T22:57:41.706595582Z: [    2.270461] ACPI: PCI Interrupt Link [LNKH] (IRQs 5 10 *11)
[STDERR  ] 2017-06-15T22:57:41.706601612Z: [    2.271881] ACPI: PCI Interrupt Link [GSIA] (IRQs *16)
[STDERR  ] 2017-06-15T22:57:41.706620752Z: [    2.272880] ACPI: PCI Interrupt Link [GSIB] (IRQs *17)
[STDERR  ] 2017-06-15T22:57:41.706633639Z: [    2.273878] ACPI: PCI Interrupt Link [GSIC] (IRQs *18)
[STDERR  ] 2017-06-15T22:57:41.706651545Z: [    2.274883] ACPI: PCI Interrupt Link [GSID] (IRQs *19)
[STDERR  ] 2017-06-15T22:57:41.706659258Z: [    2.275896] ACPI: PCI Interrupt Link [GSIE] (IRQs *20)
[STDERR  ] 2017-06-15T22:57:41.706677938Z: [    2.276894] ACPI: PCI Interrupt Link [GSIF] (IRQs *21)
[STDERR  ] 2017-06-15T22:57:41.706684428Z: [    2.277875] ACPI: PCI Interrupt Link [GSIG] (IRQs *22)
[STDERR  ] 2017-06-15T22:57:41.706703475Z: [    2.278874] ACPI: PCI Interrupt Link [GSIH] (IRQs *23)
[STDERR  ] 2017-06-15T22:57:41.706716029Z: [    2.284892] ACPI: Enabled 2 GPEs in block 00 to 3F
[STDERR  ] 2017-06-15T22:57:41.7067285Z: [    2.292112] SCSI subsystem initialized
[STDERR  ] 2017-06-15T22:57:41.70674105Z: [    2.297189] pps_core: LinuxPPS API ver. 1 registered
[STDERR  ] 2017-06-15T22:57:41.706753682Z: [    2.297721] pps_core: Software ver. 5.3.6 - Copyright 2005-2007 Rodolfo Giometti <giometti@linux.it>
[STDERR  ] 2017-06-15T22:57:41.706772334Z: [    2.298826] PTP clock support registered
[STDERR  ] 2017-06-15T22:57:41.706779775Z: [    2.300976] wmi: Mapper loaded
[STDERR  ] 2017-06-15T22:57:41.706791647Z: [    2.302557] PCI: Using ACPI for IRQ routing
[STDERR  ] 2017-06-15T22:57:41.706810654Z: [    2.334850] NetLabel: Initializing
[STDERR  ] 2017-06-15T22:57:41.706823005Z: [    2.335250] NetLabel:  domain hash size = 128
[STDERR  ] 2017-06-15T22:57:41.706835778Z: [    2.335703] NetLabel:  protocols = UNLABELED CIPSOv4
[STDERR  ] 2017-06-15T22:57:41.70684252Z: [    2.338888] NetLabel:  unlabeled traffic allowed by default
[STDERR  ] 2017-06-15T22:57:41.706860111Z: [    2.340783] HPET: 3 timers in total, 0 timers will be used for per-cpu timer
[STDERR  ] 2017-06-15T22:57:41.706866278Z: [    2.341916] hpet0: at MMIO 0xfed00000, IRQs 2, 8, 0
[STDERR  ] 2017-06-15T22:57:41.706885372Z: [    2.342632] hpet0: 3 comparators, 64-bit 100.000000 MHz counter
[STDERR  ] 2017-06-15T22:57:41.706906095Z: [    2.351371] clocksource: Switched to clocksource hpet
[STDERR  ] 2017-06-15T22:57:41.706919028Z: [    2.966069] VFS: Disk quotas dquot_6.6.0
[STDERR  ] 2017-06-15T22:57:41.706925819Z: [    2.967099] VFS: Dquot-cache hash table entries: 512 (order 0, 4096 bytes)
[STDERR  ] 2017-06-15T22:57:41.706937965Z: [    2.974158] FS-Cache: Loaded
[STDERR  ] 2017-06-15T22:57:41.706957344Z: [    2.988401] CacheFiles: Loaded
[STDERR  ] 2017-06-15T22:57:41.706970065Z: [    2.991101] pnp: PnP ACPI init
[STDERR  ] 2017-06-15T22:57:41.706982719Z: [    3.010715] pnp: PnP ACPI: found 5 devices
[STDERR  ] 2017-06-15T22:57:41.70699569Z: [    3.088106] clocksource: acpi_pm: mask: 0xffffff max_cycles: 0xffffff, max_idle_ns: 2085701024 ns
[STDERR  ] 2017-06-15T22:57:41.707002839Z: [    3.092620] NET: Registered protocol family 2
[STDERR  ] 2017-06-15T22:57:41.707025607Z: [    3.104627] TCP established hash table entries: 8192 (order: 4, 65536 bytes)
[STDERR  ] 2017-06-15T22:57:41.707031636Z: [    3.105596] TCP bind hash table entries: 8192 (order: 5, 131072 bytes)
[STDERR  ] 2017-06-15T22:57:41.707048889Z: [    3.106860] TCP: Hash tables configured (established 8192 bind 8192)
[STDERR  ] 2017-06-15T22:57:41.707064489Z: [    3.108945] UDP hash table entries: 512 (order: 2, 16384 bytes)
[STDERR  ] 2017-06-15T22:57:41.707075751Z: [    3.109576] UDP-Lite hash table entries: 512 (order: 2, 16384 bytes)
[STDERR  ] 2017-06-15T22:57:41.707087011Z: [    3.113213] NET: Registered protocol family 1
[STDERR  ] 2017-06-15T22:57:41.70710597Z: [    3.119170] RPC: Registered named UNIX socket transport module.
[STDERR  ] 2017-06-15T22:57:41.707112126Z: [    3.119641] RPC: Registered udp transport module.
[STDERR  ] 2017-06-15T22:57:41.707134643Z: [    3.119950] RPC: Registered tcp transport module.
[STDERR  ] 2017-06-15T22:57:41.707146742Z: [    3.120523] RPC: Registered tcp NFSv4.1 backchannel transport module.
[STDERR  ] 2017-06-15T22:57:41.707158336Z: [    3.121524] pci 0000:00:01.0: Video device with shadowed ROM at [mem 0x000c0000-0x000dffff]
[STDERR  ] 2017-06-15T22:57:41.707165037Z: [    3.136043] Unpacking initramfs...
[STDERR  ] 2017-06-15T22:57:41.707182694Z: [   19.674716] Freeing initrd memory: 31444K (ffff8b04be11b000 - ffff8b04bffd0000)
[STDERR  ] 2017-06-15T22:57:41.707201522Z: [   19.736509] PCLMULQDQ-NI instructions are not detected.
[STDERR  ] 2017-06-15T22:57:41.70722012Z: [   19.738155] AVX or AES-NI instructions are not detected.
[STDERR  ] 2017-06-15T22:57:41.707226975Z: [   19.738624] CPU feature 'AVX registers' is not supported.
[STDERR  ] 2017-06-15T22:57:41.707244355Z: [   19.743841] CPU feature 'AVX registers' is not supported.
[STDERR  ] 2017-06-15T22:57:41.707262162Z: [   19.744250] CPU feature 'AVX registers' is not supported.
[STDERR  ] 2017-06-15T22:57:41.707268211Z: [   19.744645] CPU feature 'AVX registers' is not supported.
[STDERR  ] 2017-06-15T22:57:41.707286892Z: [   19.745049] AVX2 or AES-NI instructions are not detected.
[STDERR  ] 2017-06-15T22:57:41.707299252Z: [   19.745445] AVX2 instructions are not detected.
[STDERR  ] 2017-06-15T22:57:41.707311888Z: [   19.768615] audit: initializing netlink subsys (disabled)
[STDERR  ] 2017-06-15T22:57:41.707324293Z: [   19.771062] audit: type=2000 audit(1497567425.760:1): initialized
[STDERR  ] 2017-06-15T22:57:41.707336693Z: [   19.793219] workingset: timestamp_bits=46 max_order=18 bucket_order=0
[STDERR  ] 2017-06-15T22:57:41.707349289Z: [   19.808244] FS-Cache: Netfs 'nfs' registered for caching
[STDOUT  ] 2017-06-15T22:57:41.707573738Z: [    0.000000] Linux version 4.9.32-linuxkit (root@9ac68176ac52) (gcc version 6.3.0 (Alpine 6.3.0) ) #1 SMP Thu Jun 15 20:49:23 UTC 2017
[STDOUT  ] 2017-06-15T22:57:41.707586807Z: [    0.000000] Command line: console=ttyS0 page_poison=1
[STDOUT  ] 2017-06-15T22:57:41.707608213Z: [    0.000000] x86/fpu: Legacy x87 FPU detected.
[STDOUT  ] 2017-06-15T22:57:41.707633088Z: [    0.000000] x86/fpu: Using 'eager' FPU context switches.
[STDOUT  ] 2017-06-15T22:57:41.707639695Z: [    0.000000] e820: BIOS-provided physical RAM map:
[STDOUT  ] 2017-06-15T22:57:41.707661354Z: [    0.000000] BIOS-e820: [mem 0x0000000000000000-0x000000000009fbff] usable
[STDOUT  ] 2017-06-15T22:57:41.707667759Z: [    0.000000] BIOS-e820: [mem 0x000000000009fc00-0x000000000009ffff] reserved
[STDOUT  ] 2017-06-15T22:57:41.707687537Z: [    0.000000] BIOS-e820: [mem 0x00000000000f0000-0x00000000000fffff] reserved
[STDOUT  ] 2017-06-15T22:57:41.707701657Z: [    0.000000] BIOS-e820: [mem 0x0000000000100000-0x000000003ffdefff] usable
[STDOUT  ] 2017-06-15T22:57:41.707727201Z: [    0.000000] BIOS-e820: [mem 0x000000003ffdf000-0x000000003fffffff] reserved
[STDOUT  ] 2017-06-15T22:57:41.707740308Z: [    0.000000] BIOS-e820: [mem 0x00000000b0000000-0x00000000bfffffff] reserved
[STDOUT  ] 2017-06-15T22:57:41.707758365Z: [    0.000000] BIOS-e820: [mem 0x00000000fed1c000-0x00000000fed1ffff] reserved
[STDOUT  ] 2017-06-15T22:57:41.707771553Z: [    0.000000] BIOS-e820: [mem 0x00000000fffc0000-0x00000000ffffffff] reserved
[STDOUT  ] 2017-06-15T22:57:41.707784123Z: [    0.000000] NX (Execute Disable) protection: active
[STDOUT  ] 2017-06-15T22:57:41.707796672Z: [    0.000000] SMBIOS 2.8 present.
[STDOUT  ] 2017-06-15T22:57:41.707811032Z: [    0.000000] e820: last_pfn = 0x3ffdf max_arch_pfn = 0x400000000
[STDOUT  ] 2017-06-15T22:57:41.707823471Z: [    0.000000] x86/PAT: Configuration [0-7]: WB  WC  UC- UC  WB  WC  UC- WT  
[STDOUT  ] 2017-06-15T22:57:41.707842801Z: [    0.000000] found SMP MP-table at [mem 0x000f6aa0-0x000f6aaf] mapped at [ffff8b04800f6aa0]
[STDOUT  ] 2017-06-15T22:57:41.707855542Z: [    0.000000] RAMDISK: [mem 0x3e11b000-0x3ffcffff]
[STDOUT  ] 2017-06-15T22:57:41.707862401Z: [    0.000000] ACPI: Early table checksum verification disabled
[STDOUT  ] 2017-06-15T22:57:41.707878554Z: [    0.000000] ACPI: RSDP 0x00000000000F68C0 000014 (v00 BOCHS )
[STDOUT  ] 2017-06-15T22:57:41.707898265Z: [    0.000000] ACPI: RSDT 0x000000003FFE2404 000034 (v01 BOCHS  BXPCRSDT 00000001 BXPC 00000001)
[STDOUT  ] 2017-06-15T22:57:41.707905276Z: [    0.000000] ACPI: FACP 0x000000003FFE22A4 000074 (v01 BOCHS  BXPCFACP 00000001 BXPC 00000001)
[STDOUT  ] 2017-06-15T22:57:41.707922563Z: [    0.000000] ACPI: DSDT 0x000000003FFE0040 002264 (v01 BOCHS  BXPCDSDT 00000001 BXPC 00000001)
[STDOUT  ] 2017-06-15T22:57:41.707942267Z: [    0.000000] ACPI: FACS 0x000000003FFE0000 000040
[STDOUT  ] 2017-06-15T22:57:41.707954791Z: [    0.000000] ACPI: APIC 0x000000003FFE2318 000078 (v01 BOCHS  BXPCAPIC 00000001 BXPC 00000001)
[STDOUT  ] 2017-06-15T22:57:41.707967278Z: [    0.000000] ACPI: HPET 0x000000003FFE2390 000038 (v01 BOCHS  BXPCHPET 00000001 BXPC 00000001)
[STDOUT  ] 2017-06-15T22:57:41.707979607Z: [    0.000000] ACPI: MCFG 0x000000003FFE23C8 00003C (v01 BOCHS  BXPCMCFG 00000001 BXPC 00000001)
[STDOUT  ] 2017-06-15T22:57:41.707986213Z: [    0.000000] Zone ranges:
[STDOUT  ] 2017-06-15T22:57:41.707998271Z: [    0.000000]   DMA      [mem 0x0000000000001000-0x0000000000ffffff]
[STDOUT  ] 2017-06-15T22:57:41.708017131Z: [    0.000000]   DMA32    [mem 0x0000000001000000-0x000000003ffdefff]
[STDOUT  ] 2017-06-15T22:57:41.708029712Z: [    0.000000]   Normal   empty
[STDOUT  ] 2017-06-15T22:57:41.708041883Z: [    0.000000] Movable zone start for each node
[STDOUT  ] 2017-06-15T22:57:41.708053742Z: [    0.000000] Early memory node ranges
[STDOUT  ] 2017-06-15T22:57:41.708071957Z: [    0.000000]   node   0: [mem 0x0000000000001000-0x000000000009efff]
[STDOUT  ] 2017-06-15T22:57:41.708084917Z: [    0.000000]   node   0: [mem 0x0000000000100000-0x000000003ffdefff]
[STDOUT  ] 2017-06-15T22:57:41.708091637Z: [    0.000000] Initmem setup node 0 [mem 0x0000000000001000-0x000000003ffdefff]
[STDOUT  ] 2017-06-15T22:57:41.70810344Z: [    0.000000] ACPI: PM-Timer IO Port: 0x608
[STDOUT  ] 2017-06-15T22:57:41.708124744Z: [    0.000000] ACPI: LAPIC_NMI (acpi_id[0xff] dfl dfl lint[0x1])
[STDOUT  ] 2017-06-15T22:57:41.708137192Z: [    0.000000] IOAPIC[0]: apic_id 0, version 32, address 0xfec00000, GSI 0-23
[STDOUT  ] 2017-06-15T22:57:41.708149895Z: [    0.000000] ACPI: INT_SRC_OVR (bus 0 bus_irq 0 global_irq 2 dfl dfl)
[STDOUT  ] 2017-06-15T22:57:41.708162214Z: [    0.000000] ACPI: INT_SRC_OVR (bus 0 bus_irq 5 global_irq 5 high level)
[STDOUT  ] 2017-06-15T22:57:41.708174904Z: [    0.000000] ACPI: INT_SRC_OVR (bus 0 bus_irq 9 global_irq 9 high level)
[STDOUT  ] 2017-06-15T22:57:41.708187506Z: [    0.000000] ACPI: INT_SRC_OVR (bus 0 bus_irq 10 global_irq 10 high level)
[STDOUT  ] 2017-06-15T22:57:41.708200063Z: [    0.000000] ACPI: INT_SRC_OVR (bus 0 bus_irq 11 global_irq 11 high level)
[STDOUT  ] 2017-06-15T22:57:41.708212513Z: [    0.000000] Using ACPI (MADT) for SMP configuration information
[STDOUT  ] 2017-06-15T22:57:41.708225168Z: [    0.000000] ACPI: HPET id: 0x8086a201 base: 0xfed00000
[STDOUT  ] 2017-06-15T22:57:41.708237603Z: [    0.000000] smpboot: Allowing 1 CPUs, 0 hotplug CPUs
[STDOUT  ] 2017-06-15T22:57:41.708249432Z: [    0.000000] e820: [mem 0x40000000-0xafffffff] available for PCI devices
[STDOUT  ] 2017-06-15T22:57:41.708262017Z: [    0.000000] Booting paravirtualized kernel on bare hardware
[STDOUT  ] 2017-06-15T22:57:41.708284773Z: [    0.000000] clocksource: refined-jiffies: mask: 0xffffffff max_cycles: 0xffffffff, max_idle_ns: 19112604462750000 ns
[STDOUT  ] 2017-06-15T22:57:41.708297584Z: [    0.000000] setup_percpu: NR_CPUS:128 nr_cpumask_bits:128 nr_cpu_ids:1 nr_node_ids:1
[STDOUT  ] 2017-06-15T22:57:41.708310017Z: [    0.000000] percpu: Embedded 35 pages/cpu @ffff8b04bde00000 s105240 r8192 d29928 u2097152
[STDOUT  ] 2017-06-15T22:57:41.708327877Z: [    0.000000] Built 1 zonelists in Zone order, mobility grouping on.  Total pages: 257896
[STDOUT  ] 2017-06-15T22:57:41.708344096Z: [    0.000000] Kernel command line: console=ttyS0 page_poison=1
[STDOUT  ] 2017-06-15T22:57:41.708359426Z: [    0.000000] PID hash table entries: 4096 (order: 3, 32768 bytes)
[STDOUT  ] 2017-06-15T22:57:41.708366515Z: [    0.000000] Dentry cache hash table entries: 131072 (order: 8, 1048576 bytes)
[STDOUT  ] 2017-06-15T22:57:41.708388924Z: [    0.000000] Inode-cache hash table entries: 65536 (order: 7, 524288 bytes)
[STDOUT  ] 2017-06-15T22:57:41.708398933Z: [    0.000000] Memory: 980336K/1048052K available (9526K kernel code, 1595K rwdata, 3120K rodata, 1456K init, 604K bss, 67716K reserved, 0K cma-reserved)
[STDOUT  ] 2017-06-15T22:57:41.708424734Z: [    0.000000] Hierarchical RCU implementation.
[STDOUT  ] 2017-06-15T22:57:41.708433793Z: [    0.000000] 	Build-time adjustment of leaf fanout to 64.
[STDOUT  ] 2017-06-15T22:57:41.708459463Z: [    0.000000] 	RCU restricting CPUs from NR_CPUS=128 to nr_cpu_ids=1.
[STDOUT  ] 2017-06-15T22:57:41.708480829Z: [    0.000000] RCU: Adjusting geometry for rcu_fanout_leaf=64, nr_cpu_ids=1
[STDOUT  ] 2017-06-15T22:57:41.708496791Z: [    0.000000] NR_IRQS:8448 nr_irqs:256 16
[STDOUT  ] 2017-06-15T22:57:41.70851491Z: [    0.000000] Console: colour VGA+ 80x25
[STDOUT  ] 2017-06-15T22:57:41.70853253Z: [    0.000000] console [ttyS0] enabled
[STDOUT  ] 2017-06-15T22:57:41.70855003Z: [    0.000000] allocated 2097152 bytes of page_ext
[STDOUT  ] 2017-06-15T22:57:41.708557915Z: [    0.000000] clocksource: hpet: mask: 0xffffffff max_cycles: 0xffffffff, max_idle_ns: 19112604467 ns
[STDOUT  ] 2017-06-15T22:57:41.708579799Z: [    0.000000] tsc: Unable to calibrate against PIT
[STDOUT  ] 2017-06-15T22:57:41.708592329Z: [    0.000000] tsc: using HPET reference calibration
[STDOUT  ] 2017-06-15T22:57:41.708604972Z: [    0.000000] tsc: Detected 2298.611 MHz processor
[STDOUT  ] 2017-06-15T22:57:41.708617523Z: [    0.052557] Calibrating delay loop (skipped), value calculated using timer frequency.. 4597.22 BogoMIPS (lpj=22986110)
[STDOUT  ] 2017-06-15T22:57:41.708629661Z: [    0.054200] pid_max: default: 32768 minimum: 301
[STDOUT  ] 2017-06-15T22:57:41.708640911Z: [    0.055691] ACPI: Core revision 20160831
[STDOUT  ] 2017-06-15T22:57:41.708646921Z: [    0.131340] ACPI: 1 ACPI AML tables successfully acquired and loaded
[STDOUT  ] 2017-06-15T22:57:41.708658636Z: [    0.136844] Security Framework initialized
[STDOUT  ] 2017-06-15T22:57:41.708676928Z: [    0.137467] Yama: becoming mindful.
[STDOUT  ] 2017-06-15T22:57:41.708690505Z: [    0.140697] Mount-cache hash table entries: 2048 (order: 2, 16384 bytes)
[STDOUT  ] 2017-06-15T22:57:41.70870731Z: [    0.141535] Mountpoint-cache hash table entries: 2048 (order: 2, 16384 bytes)
[STDOUT  ] 2017-06-15T22:57:41.708726998Z: [    0.175688] Last level iTLB entries: 4KB 0, 2MB 0, 4MB 0
[STDOUT  ] 2017-06-15T22:57:41.708739284Z: [    0.176355] Last level dTLB entries: 4KB 0, 2MB 0, 4MB 0, 1GB 0
[STDOUT  ] 2017-06-15T22:57:41.708750833Z: [    0.875190] Freeing SMP alternatives memory: 24K (ffffffff900fc000 - ffffffff90102000)
[STDOUT  ] 2017-06-15T22:57:41.708762418Z: [    0.892560] ftrace: allocating 41868 entries in 164 pages
[STDOUT  ] 2017-06-15T22:57:41.708774576Z: [    1.263382] smpboot: Max logical packages: 1
[STDOUT  ] 2017-06-15T22:57:41.708786701Z: [    1.273280] ..TIMER: vector=0x30 apic1=0 pin1=2 apic2=-1 pin2=-1
[STDOUT  ] 2017-06-15T22:57:41.708798231Z: [    1.380000] smpboot: CPU0: AMD QEMU Virtual CPU version 2.5+ (family: 0x6, model: 0x6, stepping: 0x3)
[STDOUT  ] 2017-06-15T22:57:41.708811403Z: [    1.380000] Performance Events: PMU not available due to virtualization, using software events only.
[STDOUT  ] 2017-06-15T22:57:41.708829601Z: [    1.401469] NMI watchdog: disabled (cpu0): hardware events not enabled
[STDOUT  ] 2017-06-15T22:57:41.708841177Z: [    1.402236] NMI watchdog: Shutting down hard lockup detector on all cpus
[STDOUT  ] 2017-06-15T22:57:41.708859631Z: [    1.406477] x86: Booted up 1 node, 1 CPUs
[STDOUT  ] 2017-06-15T22:57:41.708871139Z: [    1.407121] smpboot: Total of 1 processors activated (4597.22 BogoMIPS)
[STDOUT  ] 2017-06-15T22:57:41.708886662Z: [    1.430900] devtmpfs: initialized
[STDOUT  ] 2017-06-15T22:57:41.708898592Z: [    1.438866] x86/mm: Memory block size: 128MB
[STDOUT  ] 2017-06-15T22:57:41.70891036Z: [    1.560962] clocksource: jiffies: mask: 0xffffffff max_cycles: 0xffffffff, max_idle_ns: 19112604462750000 ns
[STDOUT  ] 2017-06-15T22:57:41.708922619Z: [    1.562274] futex hash table entries: 256 (order: 2, 16384 bytes)
[STDOUT  ] 2017-06-15T22:57:41.708934233Z: [    1.575493] NET: Registered protocol family 16
[STDOUT  ] 2017-06-15T22:57:41.708945858Z: [    1.591727] cpuidle: using governor ladder
[STDOUT  ] 2017-06-15T22:57:41.708958008Z: [    1.592394] cpuidle: using governor menu
[STDOUT  ] 2017-06-15T22:57:41.708970304Z: [    1.594311] ACPI: bus type PCI registered
[STDOUT  ] 2017-06-15T22:57:41.708982012Z: [    1.599472] PCI: MMCONFIG for domain 0000 [bus 00-ff] at [mem 0xb0000000-0xbfffffff] (base 0xb0000000)
[STDOUT  ] 2017-06-15T22:57:41.708994443Z: [    1.600337] PCI: MMCONFIG at [mem 0xb0000000-0xbfffffff] reserved in E820
[STDOUT  ] 2017-06-15T22:57:41.70901286Z: [    1.602607] PCI: Using configuration type 1 for base access
[STDOUT  ] 2017-06-15T22:57:41.709025148Z: [    1.715449] HugeTLB registered 2 MB page size, pre-allocated 0 pages
[STDOUT  ] 2017-06-15T22:57:41.709037491Z: [    1.731686] ACPI: Added _OSI(Module Device)
[STDOUT  ] 2017-06-15T22:57:41.709049533Z: [    1.732174] ACPI: Added _OSI(Processor Device)
[STDOUT  ] 2017-06-15T22:57:41.709056069Z: [    1.732631] ACPI: Added _OSI(3.0 _SCP Extensions)
[STDOUT  ] 2017-06-15T22:57:41.709067973Z: [    1.733117] ACPI: Added _OSI(Processor Aggregator Device)
[STDOUT  ] 2017-06-15T22:57:41.709086405Z: [    1.865811] ACPI: Interpreter enabled
[STDOUT  ] 2017-06-15T22:57:41.709098445Z: [    1.867120] ACPI: (supports S0 S5)
[STDOUT  ] 2017-06-15T22:57:41.709110283Z: [    1.867579] ACPI: Using IOAPIC for interrupt routing
[STDOUT  ] 2017-06-15T22:57:41.709116645Z: [    1.870874] PCI: Using host bridge windows from ACPI; if necessary, use "pci=nocrs" and report a bug
[STDOUT  ] 2017-06-15T22:57:41.709130942Z: [    1.979683] ACPI: PCI Root Bridge [PCI0] (domain 0000 [bus 00-ff])
[STDOUT  ] 2017-06-15T22:57:41.70915061Z: [    1.980882] acpi PNP0A08:00: _OSC: OS supports [ExtendedConfig ASPM ClockPM Segments MSI]
[STDOUT  ] 2017-06-15T22:57:41.709168439Z: [    1.990592] acpi PNP0A08:00: _OSC: OS now controls [PCIeHotplug PME PCIeCapability]
[STDOUT  ] 2017-06-15T22:57:41.709174898Z: [    1.996607] PCI host bridge to bus 0000:00
[STDOUT  ] 2017-06-15T22:57:41.709189674Z: [    1.997293] pci_bus 0000:00: root bus resource [io  0x0000-0x0cf7 window]
[STDOUT  ] 2017-06-15T22:57:41.709207659Z: [    1.998009] pci_bus 0000:00: root bus resource [io  0x0d00-0xffff window]
[STDOUT  ] 2017-06-15T22:57:41.709213571Z: [    1.998703] pci_bus 0000:00: root bus resource [mem 0x000a0000-0x000bffff window]
[STDOUT  ] 2017-06-15T22:57:41.709223952Z: [    1.999449] pci_bus 0000:00: root bus resource [mem 0xc0000000-0xfebfffff window]
[STDOUT  ] 2017-06-15T22:57:41.709240897Z: [    2.000271] pci_bus 0000:00: root bus resource [bus 00-ff]
[STDOUT  ] 2017-06-15T22:57:41.709251171Z: [    2.153623] pci 0000:00:1f.0: quirk: [io  0x0600-0x067f] claimed by ICH6 ACPI/GPIO/TCO
[STDOUT  ] 2017-06-15T22:57:41.709262304Z: [    2.249318] ACPI: PCI Interrupt Link [LNKA] (IRQs 5 *10 11)
[STDOUT  ] 2017-06-15T22:57:41.709268512Z: [    2.252805] ACPI: PCI Interrupt Link [LNKB] (IRQs 5 *10 11)
[STDOUT  ] 2017-06-15T22:57:41.709279647Z: [    2.255709] ACPI: PCI Interrupt Link [LNKC] (IRQs 5 10 *11)
[STDOUT  ] 2017-06-15T22:57:41.709296881Z: [    2.258545] ACPI: PCI Interrupt Link [LNKD] (IRQs 5 10 *11)
[STDOUT  ] 2017-06-15T22:57:41.709308302Z: [    2.261797] ACPI: PCI Interrupt Link [LNKE] (IRQs 5 *10 11)
[STDOUT  ] 2017-06-15T22:57:41.709320475Z: [    2.264586] ACPI: PCI Interrupt Link [LNKF] (IRQs 5 *10 11)
[STDOUT  ] 2017-06-15T22:57:41.70933154Z: [    2.267469] ACPI: PCI Interrupt Link [LNKG] (IRQs 5 10 *11)
[STDOUT  ] 2017-06-15T22:57:41.709349646Z: [    2.270461] ACPI: PCI Interrupt Link [LNKH] (IRQs 5 10 *11)
[STDOUT  ] 2017-06-15T22:57:41.709361641Z: [    2.271881] ACPI: PCI Interrupt Link [GSIA] (IRQs *16)
[STDOUT  ] 2017-06-15T22:57:41.709377563Z: [    2.272880] ACPI: PCI Interrupt Link [GSIB] (IRQs *17)
[STDOUT  ] 2017-06-15T22:57:41.709395349Z: [    2.273878] ACPI: PCI Interrupt Link [GSIC] (IRQs *18)
[STDOUT  ] 2017-06-15T22:57:41.709406548Z: [    2.274883] ACPI: PCI Interrupt Link [GSID] (IRQs *19)
[STDOUT  ] 2017-06-15T22:57:41.709412266Z: [    2.275896] ACPI: PCI Interrupt Link [GSIE] (IRQs *20)
[STDOUT  ] 2017-06-15T22:57:41.70942863Z: [    2.276894] ACPI: PCI Interrupt Link [GSIF] (IRQs *21)
[STDOUT  ] 2017-06-15T22:57:41.709445774Z: [    2.277875] ACPI: PCI Interrupt Link [GSIG] (IRQs *22)
[STDOUT  ] 2017-06-15T22:57:41.709457492Z: [    2.278874] ACPI: PCI Interrupt Link [GSIH] (IRQs *23)
[STDOUT  ] 2017-06-15T22:57:41.709468203Z: [    2.284892] ACPI: Enabled 2 GPEs in block 00 to 3F
[STDOUT  ] 2017-06-15T22:57:41.70947932Z: [    2.292112] SCSI subsystem initialized
[STDOUT  ] 2017-06-15T22:57:41.709490442Z: [    2.297189] pps_core: LinuxPPS API ver. 1 registered
[STDOUT  ] 2017-06-15T22:57:41.709502469Z: [    2.297721] pps_core: Software ver. 5.3.6 - Copyright 2005-2007 Rodolfo Giometti <giometti@linux.it>
[STDOUT  ] 2017-06-15T22:57:41.709514595Z: [    2.298826] PTP clock support registered
[STDOUT  ] 2017-06-15T22:57:41.709526531Z: [    2.300976] wmi: Mapper loaded
[STDOUT  ] 2017-06-15T22:57:41.709538874Z: [    2.302557] PCI: Using ACPI for IRQ routing
[STDOUT  ] 2017-06-15T22:57:41.709556536Z: [    2.334850] NetLabel: Initializing
[STDOUT  ] 2017-06-15T22:57:41.709568998Z: [    2.335250] NetLabel:  domain hash size = 128
[STDOUT  ] 2017-06-15T22:57:41.709575467Z: [    2.335703] NetLabel:  protocols = UNLABELED CIPSOv4
[STDOUT  ] 2017-06-15T22:57:41.709593323Z: [    2.338888] NetLabel:  unlabeled traffic allowed by default
[STDOUT  ] 2017-06-15T22:57:41.709605923Z: [    2.340783] HPET: 3 timers in total, 0 timers will be used for per-cpu timer
[STDOUT  ] 2017-06-15T22:57:41.709611981Z: [    2.341916] hpet0: at MMIO 0xfed00000, IRQs 2, 8, 0
[STDOUT  ] 2017-06-15T22:57:41.7096299Z: [    2.342632] hpet0: 3 comparators, 64-bit 100.000000 MHz counter
[STDOUT  ] 2017-06-15T22:57:41.709641691Z: [    2.351371] clocksource: Switched to clocksource hpet
[STDOUT  ] 2017-06-15T22:57:41.709653949Z: [    2.966069] VFS: Disk quotas dquot_6.6.0
[STDOUT  ] 2017-06-15T22:57:41.709665909Z: [    2.967099] VFS: Dquot-cache hash table entries: 512 (order 0, 4096 bytes)
[STDOUT  ] 2017-06-15T22:57:41.709678137Z: [    2.974158] FS-Cache: Loaded
[STDOUT  ] 2017-06-15T22:57:41.709690509Z: [    2.988401] CacheFiles: Loaded
[STDOUT  ] 2017-06-15T22:57:41.709696395Z: [    2.991101] pnp: PnP ACPI init
[STDOUT  ] 2017-06-15T22:57:41.709712352Z: [    3.010715] pnp: PnP ACPI: found 5 devices
[STDOUT  ] 2017-06-15T22:57:41.70971788Z: [    3.088106] clocksource: acpi_pm: mask: 0xffffff max_cycles: 0xffffff, max_idle_ns: 2085701024 ns
[STDOUT  ] 2017-06-15T22:57:41.709741687Z: [    3.092620] NET: Registered protocol family 2
[STDOUT  ] 2017-06-15T22:57:41.709749154Z: [    3.104627] TCP established hash table entries: 8192 (order: 4, 65536 bytes)
[STDOUT  ] 2017-06-15T22:57:41.709760269Z: [    3.105596] TCP bind hash table entries: 8192 (order: 5, 131072 bytes)
[STDOUT  ] 2017-06-15T22:57:41.709777271Z: [    3.106860] TCP: Hash tables configured (established 8192 bind 8192)
[STDOUT  ] 2017-06-15T22:57:41.709794345Z: [    3.108945] UDP hash table entries: 512 (order: 2, 16384 bytes)
[STDOUT  ] 2017-06-15T22:57:41.709810419Z: [    3.109576] UDP-Lite hash table entries: 512 (order: 2, 16384 bytes)
[STDOUT  ] 2017-06-15T22:57:41.70982298Z: [    3.113213] NET: Registered protocol family 1
[STDOUT  ] 2017-06-15T22:57:41.709834808Z: [    3.119170] RPC: Registered named UNIX socket transport module.
[STDOUT  ] 2017-06-15T22:57:41.709855502Z: [    3.119641] RPC: Registered udp transport module.
[STDOUT  ] 2017-06-15T22:57:41.709866629Z: [    3.119950] RPC: Registered tcp transport module.
[STDOUT  ] 2017-06-15T22:57:41.709881893Z: [    3.120523] RPC: Registered tcp NFSv4.1 backchannel transport module.
[STDOUT  ] 2017-06-15T22:57:41.709894648Z: [    3.121524] pci 0000:00:01.0: Video device with shadowed ROM at [mem 0x000c0000-0x000dffff]
[STDOUT  ] 2017-06-15T22:57:41.709907256Z: [    3.136043] Unpacking initramfs...
[STDOUT  ] 2017-06-15T22:57:41.709919221Z: [   19.674716] Freeing initrd memory: 31444K (ffff8b04be11b000 - ffff8b04bffd0000)
[STDOUT  ] 2017-06-15T22:57:41.709931469Z: [   19.736509] PCLMULQDQ-NI instructions are not detected.
[STDOUT  ] 2017-06-15T22:57:41.709937828Z: [   19.738155] AVX or AES-NI instructions are not detected.
[STDOUT  ] 2017-06-15T22:57:41.709949626Z: [   19.738624] CPU feature 'AVX registers' is not supported.
[STDOUT  ] 2017-06-15T22:57:41.709967728Z: [   19.743841] CPU feature 'AVX registers' is not supported.
[STDOUT  ] 2017-06-15T22:57:41.709974157Z: [   19.744250] CPU feature 'AVX registers' is not supported.
[STDOUT  ] 2017-06-15T22:57:41.709996794Z: [   19.744645] CPU feature 'AVX registers' is not supported.
[STDOUT  ] 2017-06-15T22:57:41.710008294Z: [   19.745049] AVX2 or AES-NI instructions are not detected.
[STDOUT  ] 2017-06-15T22:57:41.710024576Z: [   19.745445] AVX2 instructions are not detected.
[STDOUT  ] 2017-06-15T22:57:41.710035743Z: [   19.768615] audit: initializing netlink subsys (disabled)
[STDOUT  ] 2017-06-15T22:57:41.710041639Z: [   19.771062] audit: type=2000 audit(1497567425.760:1): initialized
[STDOUT  ] 2017-06-15T22:57:41.710059738Z: [   19.793219] workingset: timestamp_bits=46 max_order=18 bucket_order=0
[STDOUT  ] 2017-06-15T22:57:41.710072139Z: [   19.808244] FS-Cache: Netfs 'nfs' registered for caching
[STDOUT  ] 2017-06-15T22:57:41.710084448Z: [   19.816393] NFS: Registering the id_resolver key type
[STDOUT  ] 2017-06-15T22:57:41.710096551Z: [   19.822154] Key type id_resolver registered
[STDOUT  ] 2017-06-15T22:57:41.710108849Z: [   19.822489] Key type id_legacy registered
[STDOUT  ] 2017-06-15T22:57:41.710121136Z: [   19.822943] nfs4filelayout_init: NFSv4 File Layout Driver Registering...
[STDOUT  ] 2017-06-15T22:57:41.71013384Z: [   19.824196] Installing knfsd (copyright (C) 1996 okir@monad.swb.de).
[STDOUT  ] 2017-06-15T22:57:41.710146495Z: [   19.829573] FS-Cache: Netfs 'cifs' registered for caching
[STDOUT  ] 2017-06-15T22:57:41.710159199Z: [   19.844466] ntfs: driver 2.1.32 [Flags: R/O].
[STDOUT  ] 2017-06-15T22:57:41.710171569Z: [   19.845236] fuse init (API version 7.26)
[STDOUT  ] 2017-06-15T22:57:41.710183865Z: [   19.848351] SGI XFS with ACLs, security attributes, no debug enabled
[STDOUT  ] 2017-06-15T22:57:41.71019073Z: [   19.860355] 9p: Installing v9fs 9p2000 file system support
[STDOUT  ] 2017-06-15T22:57:41.710208585Z: [   19.861015] FS-Cache: Netfs '9p' registered for caching
[STDOUT  ] 2017-06-15T22:57:41.710221002Z: [   19.972848] NET: Registered protocol family 38
[STDOUT  ] 2017-06-15T22:57:41.710227252Z: [   19.973624] Key type asymmetric registered
[STDOUT  ] 2017-06-15T22:57:41.710246237Z: [   19.973978] Asymmetric key parser 'x509' registered
[STDOUT  ] 2017-06-15T22:57:41.710258583Z: [   19.981314] Block layer SCSI generic (bsg) driver version 0.4 loaded (major 251)
[STDOUT  ] 2017-06-15T22:57:41.710270863Z: [   19.982862] io scheduler noop registered
[STDOUT  ] 2017-06-15T22:57:41.710283211Z: [   19.983213] io scheduler deadline registered (default)
[STDOUT  ] 2017-06-15T22:57:41.710295424Z: [   19.984060] io scheduler cfq registered
[STDOUT  ] 2017-06-15T22:57:41.710307851Z: [   19.988386] pci_hotplug: PCI Hot Plug PCI Core version: 0.5
[STDOUT  ] 2017-06-15T22:57:41.710320568Z: [   19.995434] pciehp: PCI Express Hot Plug Controller Driver version: 0.4
[STDOUT  ] 2017-06-15T22:57:41.71033295Z: [   19.997974] shpchp: Standard Hot Plug PCI Controller Driver version: 0.4
[STDOUT  ] 2017-06-15T22:57:41.710345185Z: [   19.999018] hv_vmbus: registering driver hyperv_fb
[STDOUT  ] 2017-06-15T22:57:41.710357678Z: [   20.024298] input: Power Button as /devices/LNXSYSTM:00/LNXPWRBN:00/input/input0
[STDOUT  ] 2017-06-15T22:57:41.710376303Z: [   20.025799] ACPI: Power Button [PWRF]
[STDOUT  ] 2017-06-15T22:57:41.710383139Z: [   20.033539] GHES: HEST is not enabled!
[STDOUT  ] 2017-06-15T22:57:41.71040688Z: [   20.074388] ACPI: PCI Interrupt Link [GSIH] enabled at IRQ 23
[STDOUT  ] 2017-06-15T22:57:41.710413141Z: [   20.096329] xenfs: not registering filesystem on non-xen platform
[STDOUT  ] 2017-06-15T22:57:41.710432153Z: [   20.099064] Serial: 8250/16550 driver, 4 ports, IRQ sharing disabled
[STDOUT  ] 2017-06-15T22:57:41.710444816Z: [   20.155049] 00:04: ttyS0 at I/O 0x3f8 (irq = 4, base_baud = 115200) is a 16550A
[STDOUT  ] 2017-06-15T22:57:41.710457163Z: [   20.169212] Initializing Nozomi driver 2.1d
[STDOUT  ] 2017-06-15T22:57:41.710469523Z: [   20.189017] Non-volatile memory driver v1.3
[STDOUT  ] 2017-06-15T22:57:41.71049125Z: [   20.205969] Hangcheck: starting hangcheck timer 0.9.1 (tick is 180 seconds, margin is 60 seconds).
[STDOUT  ] 2017-06-15T22:57:41.71049808Z: [   20.211366] random: fast init done
[STDOUT  ] 2017-06-15T22:57:41.710509274Z: [   20.214806] random: crng init done
[STDOUT  ] 2017-06-15T22:57:41.710526863Z: [   20.340955] loop: module loaded
[STDOUT  ] 2017-06-15T22:57:41.710532912Z: [   20.377707] nbd: registered device at major 43
[STDOUT  ] 2017-06-15T22:57:41.710550616Z: [   20.494780] lpc_ich 0000:00:1f.0: I/O space for GPIO uninitialized
[STDOUT  ] 2017-06-15T22:57:41.710556862Z: [   20.497418] VMware PVSCSI driver - version 1.0.7.0-k
[STDOUT  ] 2017-06-15T22:57:41.710573699Z: [   20.498625] hv_vmbus: registering driver hv_storvsc
[STDOUT  ] 2017-06-15T22:57:41.710585093Z: [   20.515242] ACPI: PCI Interrupt Link [GSIA] enabled at IRQ 16
[STDOUT  ] 2017-06-15T22:57:41.710612454Z: [   20.525501] ahci 0000:00:1f.2: AHCI 0001.0000 32 slots 6 ports 1.5 Gbps 0x3f impl SATA mode
[STDOUT  ] 2017-06-15T22:57:41.710624986Z: [   20.526541] ahci 0000:00:1f.2: flags: ncq only 
[STDOUT  ] 2017-06-15T22:57:41.710637127Z: [   20.561219] scsi host0: ahci
[STDOUT  ] 2017-06-15T22:57:41.710665831Z: [   20.567550] scsi host1: ahci
[STDOUT  ] 2017-06-15T22:57:41.710672027Z: [   20.571438] scsi host2: ahci
[STDOUT  ] 2017-06-15T22:57:41.710689687Z: [   20.575040] scsi host3: ahci
[STDOUT  ] 2017-06-15T22:57:41.710695549Z: [   20.578548] scsi host4: ahci
[STDOUT  ] 2017-06-15T22:57:41.710712884Z: [   20.582327] scsi host5: ahci
[STDOUT  ] 2017-06-15T22:57:41.710724574Z: [   20.585397] ata1: SATA max UDMA/133 abar m4096@0xfebf1000 port 0xfebf1100 irq 24
[STDOUT  ] 2017-06-15T22:57:41.710730608Z: [   20.586257] ata2: SATA max UDMA/133 abar m4096@0xfebf1000 port 0xfebf1180 irq 24
[STDOUT  ] 2017-06-15T22:57:41.710753008Z: [   20.587018] ata3: SATA max UDMA/133 abar m4096@0xfebf1000 port 0xfebf1200 irq 24
[STDOUT  ] 2017-06-15T22:57:41.710758767Z: [   20.587777] ata4: SATA max UDMA/133 abar m4096@0xfebf1000 port 0xfebf1280 irq 24
[STDOUT  ] 2017-06-15T22:57:41.710776479Z: [   20.588532] ata5: SATA max UDMA/133 abar m4096@0xfebf1000 port 0xfebf1300 irq 24
[STDOUT  ] 2017-06-15T22:57:41.710787526Z: [   20.589263] ata6: SATA max UDMA/133 abar m4096@0xfebf1000 port 0xfebf1380 irq 24
[STDOUT  ] 2017-06-15T22:57:41.710799101Z: [   20.606952] Ethernet Channel Bonding Driver: v3.7.1 (April 27, 2011)
[STDOUT  ] 2017-06-15T22:57:41.710810721Z: [   20.648633] tun: Universal TUN/TAP device driver, 1.6
[STDOUT  ] 2017-06-15T22:57:41.710822454Z: [   20.649180] tun: (C) 1999-2004 Max Krasnyansky <maxk@qualcomm.com>
[STDOUT  ] 2017-06-15T22:57:41.710834439Z: [   20.652491] ena: Elastic Network Adapter (ENA) v1.0.2
[STDOUT  ] 2017-06-15T22:57:41.710847404Z: [   20.658165] e1000: Intel(R) PRO/1000 Network Driver - version 7.3.21-k8-NAPI
[STDOUT  ] 2017-06-15T22:57:41.71086298Z: [   20.664451] e1000: Copyright (c) 1999-2006 Intel Corporation.
[STDOUT  ] 2017-06-15T22:57:41.710874184Z: [   20.690044] ACPI: PCI Interrupt Link [GSIG] enabled at IRQ 22
[STDOUT  ] 2017-06-15T22:57:41.710896527Z: [   20.722868] tsc: Refined TSC clocksource calibration: 2300.038 MHz
[STDOUT  ] 2017-06-15T22:57:41.71090334Z: [   20.723246] clocksource: tsc: mask: 0xffffffffffffffff max_cycles: 0x212759179c6, max_idle_ns: 440795240051 ns
[STDOUT  ] 2017-06-15T22:57:41.710915959Z: [   20.946188] ata3: SATA link up 1.5 Gbps (SStatus 113 SControl 300)
[STDOUT  ] 2017-06-15T22:57:41.710938451Z: [   20.953766] ata2: SATA link down (SStatus 0 SControl 300)
[STDOUT  ] 2017-06-15T22:57:41.710952697Z: [   20.956236] ata1: SATA link down (SStatus 0 SControl 300)
[STDOUT  ] 2017-06-15T22:57:41.710963353Z: [   20.963996] ata4: SATA link down (SStatus 0 SControl 300)
[STDOUT  ] 2017-06-15T22:57:41.710981175Z: [   20.964375] ata6: SATA link down (SStatus 0 SControl 300)
[STDOUT  ] 2017-06-15T22:57:41.710987826Z: [   20.964771] ata5: SATA link down (SStatus 0 SControl 300)
[STDOUT  ] 2017-06-15T22:57:41.710998761Z: [   20.967771] ata3.00: ATAPI: QEMU DVD-ROM, 2.5+, max UDMA/100
[STDOUT  ] 2017-06-15T22:57:41.711017112Z: [   20.968192] ata3.00: applying bridge limits
[STDOUT  ] 2017-06-15T22:57:41.711029391Z: [   21.006372] ata3.00: configured for UDMA/100
[STDOUT  ] 2017-06-15T22:57:41.711041571Z: [   21.069952] scsi 2:0:0:0: CD-ROM            QEMU     QEMU DVD-ROM     2.5+ PQ: 0 ANSI: 5
[STDOUT  ] 2017-06-15T22:57:41.71105337Z: [   21.128549] sr 2:0:0:0: [sr0] scsi3-mmc drive: 4x/4x cd/rw xa/form2 tray
[STDOUT  ] 2017-06-15T22:57:41.71106004Z: [   21.129523] cdrom: Uniform CD-ROM driver Revision: 3.20
[STDOUT  ] 2017-06-15T22:57:41.711078181Z: [   21.176874] sr 2:0:0:0: Attached scsi generic sg0 type 5
[STDOUT  ] 2017-06-15T22:57:41.711083801Z: [   21.469942] e1000 0000:00:02.0 eth0: (PCI:33MHz:32-bit) 52:54:00:12:34:56
[STDOUT  ] 2017-06-15T22:57:41.711102723Z: [   21.474459] e1000 0000:00:02.0 eth0: Intel(R) PRO/1000 Network Connection
[STDOUT  ] 2017-06-15T22:57:41.711114753Z: [   21.475863] e1000e: Intel(R) PRO/1000 Network Driver - 3.2.6-k
[STDOUT  ] 2017-06-15T22:57:41.711127332Z: [   21.476480] e1000e: Copyright(c) 1999 - 2015 Intel Corporation.
[STDOUT  ] 2017-06-15T22:57:41.711138728Z: [   21.477690] igb: Intel(R) Gigabit Ethernet Network Driver - version 5.4.0-k
[STDOUT  ] 2017-06-15T22:57:41.711145138Z: [   21.483922] igb: Copyright (c) 2007-2014 Intel Corporation.
[STDOUT  ] 2017-06-15T22:57:41.711163633Z: [   21.484787] igbvf: Intel(R) Gigabit Virtual Function Network Driver - version 2.4.0-k
[STDOUT  ] 2017-06-15T22:57:41.711183559Z: [   21.485136] igbvf: Copyright (c) 2009 - 2012 Intel Corporation.
[STDOUT  ] 2017-06-15T22:57:41.711195843Z: [   21.486361] ixgbe: Intel(R) 10 Gigabit PCI Express Network Driver - version 4.4.0-k
[STDOUT  ] 2017-06-15T22:57:41.71120843Z: [   21.487155] ixgbe: Copyright (c) 1999-2016 Intel Corporation.
[STDOUT  ] 2017-06-15T22:57:41.711221302Z: [   21.489515] ixgbevf: Intel(R) 10 Gigabit PCI Express Virtual Function Network Driver - version 3.2.2-k
[STDOUT  ] 2017-06-15T22:57:41.711234367Z: [   21.494163] ixgbevf: Copyright (c) 2009 - 2015 Intel Corporation.
[STDOUT  ] 2017-06-15T22:57:41.71125323Z: [   21.496270] ixgb: Intel(R) PRO/10GbE Network Driver - version 1.0.135-k2-NAPI
[STDOUT  ] 2017-06-15T22:57:41.711265633Z: [   21.497232] ixgb: Copyright (c) 1999-2008 Intel Corporation.
[STDOUT  ] 2017-06-15T22:57:41.711279817Z: [   21.501992] PPP generic driver version 2.4.2
[STDOUT  ] 2017-06-15T22:57:41.711291979Z: [   21.504077] PPP BSD Compression module registered
[STDOUT  ] 2017-06-15T22:57:41.711304375Z: [   21.513913] PPP Deflate Compression module registered
[STDOUT  ] 2017-06-15T22:57:41.711316937Z: [   21.514510] PPP MPPE Compression module registered
[STDOUT  ] 2017-06-15T22:57:41.711329488Z: [   21.514832] NET: Registered protocol family 24
[STDOUT  ] 2017-06-15T22:57:41.711336658Z: [   21.515430] PPTP driver version 0.8.5
[STDOUT  ] 2017-06-15T22:57:41.71134841Z: [   21.516838] VMware vmxnet3 virtual NIC driver - version 1.4.a.0-k-NAPI
[STDOUT  ] 2017-06-15T22:57:41.711367237Z: [   21.517761] hv_vmbus: registering driver hv_netvsc
[STDOUT  ] 2017-06-15T22:57:41.711385231Z: [   21.518036] Fusion MPT base driver 3.04.20
[STDOUT  ] 2017-06-15T22:57:41.711397768Z: [   21.518233] Copyright (c) 1999-2008 LSI Corporation
[STDOUT  ] 2017-06-15T22:57:41.711410216Z: [   21.518796] Fusion MPT SPI Host driver 3.04.20
[STDOUT  ] 2017-06-15T22:57:41.711427109Z: [   21.534636] aoe: AoE v85 initialised.
[STDOUT  ] 2017-06-15T22:57:41.711440152Z: [   21.547791] i8042: PNP: PS/2 Controller [PNP0303:KBD,PNP0f13:MOU] at 0x60,0x64 irq 1,12
[STDOUT  ] 2017-06-15T22:57:41.711447111Z: [   21.557423] serio: i8042 KBD port at 0x60,0x64 irq 1
[STDOUT  ] 2017-06-15T22:57:41.711465301Z: [   21.564544] serio: i8042 AUX port at 0x60,0x64 irq 12
[STDOUT  ] 2017-06-15T22:57:41.71147151Z: [   21.568303] hv_vmbus: registering driver hyperv_keyboard
[STDOUT  ] 2017-06-15T22:57:41.711490512Z: [   21.577489] mousedev: PS/2 mouse device common for all mice
[STDOUT  ] 2017-06-15T22:57:41.711502988Z: [   21.595504] input: PC Speaker as /devices/platform/pcspkr/input/input2
[STDOUT  ] 2017-06-15T22:57:41.71152294Z: [   21.602393] input: AT Translated Set 2 keyboard as /devices/platform/i8042/serio0/input/input1
[STDOUT  ] 2017-06-15T22:57:41.711535631Z: [   21.608991] rtc_cmos 00:00: RTC can wake from S4
[STDOUT  ] 2017-06-15T22:57:41.711542565Z: [   21.628452] rtc_cmos 00:00: rtc core: registered rtc_cmos as rtc0
[STDOUT  ] 2017-06-15T22:57:41.711554408Z: [   21.630708] rtc_cmos 00:00: alarms up to one day, y3k, 114 bytes nvram, hpet irqs
[STDOUT  ] 2017-06-15T22:57:41.711573258Z: [   21.631781] i2c /dev entries driver
[STDOUT  ] 2017-06-15T22:57:41.711580099Z: [   21.634634] device-mapper: ioctl: 4.35.0-ioctl (2016-06-23) initialised: dm-devel@redhat.com
[STDOUT  ] 2017-06-15T22:57:41.711592067Z: [   21.642417] hv_utils: Registering HyperV Utility Driver
[STDOUT  ] 2017-06-15T22:57:41.711610916Z: [   21.643011] hv_vmbus: registering driver hv_util
[STDOUT  ] 2017-06-15T22:57:41.711623452Z: [   21.643506] hv_vmbus: registering driver hv_balloon
[STDOUT  ] 2017-06-15T22:57:41.711630057Z: [   21.644295] oprofile: using NMI interrupt.
[STDOUT  ] 2017-06-15T22:57:41.711647315Z: [   21.646307] GACT probability on
[STDOUT  ] 2017-06-15T22:57:41.711659458Z: [   21.646977] Mirror/redirect action on
[STDOUT  ] 2017-06-15T22:57:41.711671093Z: [   21.648389] Simple TC action Loaded
[STDOUT  ] 2017-06-15T22:57:41.711682484Z: [   21.654015] netem: version 1.3
[STDOUT  ] 2017-06-15T22:57:41.711694398Z: [   21.654442] u32 classifier
[STDOUT  ] 2017-06-15T22:57:41.7117058Z: [   21.654791]     Performance counters on
[STDOUT  ] 2017-06-15T22:57:41.711711488Z: [   21.655208]     input device check on
[STDOUT  ] 2017-06-15T22:57:41.711742595Z: [   21.655604]     Actions configured
[STDOUT  ] 2017-06-15T22:57:41.71175452Z: [   21.656480] Netfilter messages via NETLINK v0.30.
[STDOUT  ] 2017-06-15T22:57:41.711766331Z: [   21.657303] nfnl_acct: registering with nfnetlink.
[STDOUT  ] 2017-06-15T22:57:41.711778397Z: [   21.659331] nf_conntrack version 0.5.0 (8192 buckets, 32768 max)
[STDOUT  ] 2017-06-15T22:57:41.711790369Z: [   21.664632] ctnetlink v0.93: registering with nfnetlink.
[STDOUT  ] 2017-06-15T22:57:41.711796448Z: [   21.669887] nf_tables: (c) 2007-2009 Patrick McHardy <kaber@trash.net>
[STDOUT  ] 2017-06-15T22:57:41.711807318Z: [   21.671700] nf_tables_compat: (c) 2012 Pablo Neira Ayuso <pablo@netfilter.org>
[STDOUT  ] 2017-06-15T22:57:41.711825455Z: [   21.675673] xt_time: kernel timezone is -0000
[STDOUT  ] 2017-06-15T22:57:41.711844875Z: [   21.676466] ip_set: protocol 6
[STDOUT  ] 2017-06-15T22:57:41.711857413Z: [   21.677465] IPVS: Registered protocols (TCP, UDP, SCTP, AH, ESP)
[STDOUT  ] 2017-06-15T22:57:41.711863883Z: [   21.678366] IPVS: Connection hash table configured (size=4096, memory=64Kbytes)
[STDOUT  ] 2017-06-15T22:57:41.711881999Z: [   21.681438] IPVS: Creating netns size=2104 id=0
[STDOUT  ] 2017-06-15T22:57:41.711888229Z: [   21.686025] IPVS: ipvs loaded.
[STDOUT  ] 2017-06-15T22:57:41.711913032Z: [   21.686569] IPVS: [rr] scheduler registered.
[STDOUT  ] 2017-06-15T22:57:41.711930718Z: [   21.687086] IPVS: [wrr] scheduler registered.
[STDOUT  ] 2017-06-15T22:57:41.711937499Z: [   21.687560] IPVS: [lc] scheduler registered.
[STDOUT  ] 2017-06-15T22:57:41.7119491Z: [   21.688024] IPVS: [wlc] scheduler registered.
[STDOUT  ] 2017-06-15T22:57:41.711967756Z: [   21.688492] IPVS: [fo] scheduler registered.
[STDOUT  ] 2017-06-15T22:57:41.711984523Z: [   21.688951] IPVS: [ovf] scheduler registered.
[STDOUT  ] 2017-06-15T22:57:41.711997511Z: [   21.689576] IPVS: [lblc] scheduler registered.
[STDOUT  ] 2017-06-15T22:57:41.712009543Z: [   21.690712] IPVS: [lblcr] scheduler registered.
[STDOUT  ] 2017-06-15T22:57:41.712021865Z: [   21.691234] IPVS: [dh] scheduler registered.
[STDOUT  ] 2017-06-15T22:57:41.712033963Z: [   21.691689] IPVS: [sh] scheduler registered.
[STDOUT  ] 2017-06-15T22:57:41.712045869Z: [   21.692145] IPVS: [sed] scheduler registered.
[STDOUT  ] 2017-06-15T22:57:41.712058522Z: [   21.692610] IPVS: [nq] scheduler registered.
[STDOUT  ] 2017-06-15T22:57:41.712070892Z: [   21.693778] IPVS: ftp: loaded support on port[0] = 21
[STDOUT  ] 2017-06-15T22:57:41.712077537Z: [   21.695073] ipip: IPv4 and MPLS over IPv4 tunneling driver
[STDOUT  ] 2017-06-15T22:57:41.71208912Z: [   21.702512] gre: GRE over IPv4 demultiplexor driver
[STDOUT  ] 2017-06-15T22:57:41.712115825Z: [   21.703124] ip_gre: GRE over IPv4 tunneling driver
[STDOUT  ] 2017-06-15T22:57:41.712128038Z: [   21.712352] IPv4 over IPsec tunneling driver
[STDOUT  ] 2017-06-15T22:57:41.712140334Z: [   21.721919] ip_tables: (C) 2000-2006 Netfilter Core Team
[STDOUT  ] 2017-06-15T22:57:41.712152854Z: [   21.727394] ipt_CLUSTERIP: ClusterIP Version 0.8 loaded successfully
[STDOUT  ] 2017-06-15T22:57:41.712164913Z: [   21.728510] arp_tables: arp_tables: (C) 2002 David S. Miller
[STDOUT  ] 2017-06-15T22:57:41.712176648Z: [   21.732983] Initializing XFRM netlink socket
[STDOUT  ] 2017-06-15T22:57:41.712188213Z: [   21.734575] NET: Registered protocol family 10
[STDOUT  ] 2017-06-15T22:57:41.712200461Z: [   21.741408] clocksource: Switched to clocksource tsc
[STDOUT  ] 2017-06-15T22:57:41.712212913Z: [   21.755761] mip6: Mobile IPv6
[STDOUT  ] 2017-06-15T22:57:41.712225316Z: [   21.757163] ip6_tables: (C) 2000-2006 Netfilter Core Team
[STDOUT  ] 2017-06-15T22:57:41.712237741Z: [   21.770586] sit: IPv6, IPv4 and MPLS over IPv4 tunneling driver
[STDOUT  ] 2017-06-15T22:57:41.712250738Z: [   21.782278] ip6_gre: GRE over IPv6 tunneling driver
[STDOUT  ] 2017-06-15T22:57:41.712263208Z: [   21.788272] NET: Registered protocol family 17
[STDOUT  ] 2017-06-15T22:57:41.712282325Z: [   21.789225] NET: Registered protocol family 15
[STDOUT  ] 2017-06-15T22:57:41.712288645Z: [   21.791104] Bridge firewalling registered
[STDOUT  ] 2017-06-15T22:57:41.712305645Z: [   21.791918] Ebtables v2.0 registered
[STDOUT  ] 2017-06-15T22:57:41.712324644Z: [   21.796984] l2tp_core: L2TP core driver, V2.0
[STDOUT  ] 2017-06-15T22:57:41.712331351Z: [   21.797676] l2tp_ppp: PPPoL2TP kernel driver, V2.0
[STDOUT  ] 2017-06-15T22:57:41.712343052Z: [   21.798230] 8021q: 802.1Q VLAN Support v1.8
[STDOUT  ] 2017-06-15T22:57:41.712361973Z: [   21.800949] 9pnet: Installing 9P2000 support
[STDOUT  ] 2017-06-15T22:57:41.712374388Z: [   21.802466] Key type dns_resolver registered
[STDOUT  ] 2017-06-15T22:57:41.712381063Z: [   21.803021] openvswitch: Open vSwitch switching datapath
[STDOUT  ] 2017-06-15T22:57:41.712392211Z: [   21.806124] mpls_gso: MPLS GSO support
[STDOUT  ] 2017-06-15T22:57:41.712411114Z: [   21.807036] microcode: AMD CPU family 0x6 not supported
[STDOUT  ] 2017-06-15T22:57:41.712423543Z: [   21.813188] registered taskstats version 1
[STDOUT  ] 2017-06-15T22:57:41.712430401Z: [   22.303366] Key type big_key registered
[STDOUT  ] 2017-06-15T22:57:41.712441945Z: [   22.437446] Key type encrypted registered
[STDOUT  ] 2017-06-15T22:57:41.712461262Z: [   22.463919] rtc_cmos 00:00: setting system clock to 2017-06-15 22:57:09 UTC (1497567429)
[STDOUT  ] 2017-06-15T22:57:41.71247393Z: [   23.047266] Freeing unused kernel memory: 1456K (ffffffff8ff90000 - ffffffff900fc000)
[STDOUT  ] 2017-06-15T22:57:41.71249321Z: [   23.054011] Write protecting the kernel read-only data: 14336k
[STDOUT  ] 2017-06-15T22:57:41.71249991Z: [   23.086850] Freeing unused kernel memory: 700K (ffff8b04af951000 - ffff8b04afa00000)
[STDOUT  ] 2017-06-15T22:57:41.712531311Z: [   23.309481] Freeing unused kernel memory: 976K (ffff8b04afd0c000 - ffff8b04afe00000)
[STDOUT  ] 2017-06-15T22:57:41.712545237Z: 
[STDOUT  ] 2017-06-15T22:57:41.712551239Z: Starting containerd
[STDOUT  ] 2017-06-15T22:57:41.712570591Z: 
[STDOUT  ] 2017-06-15T22:57:41.712583208Z: Welcome to LinuxKit
[STDOUT  ] 2017-06-15T22:57:41.712595447Z: 
[STDOUT  ] 2017-06-15T22:57:41.712602331Z:                         ##         .
[STDOUT  ] 2017-06-15T22:57:41.712620318Z:                   ## ## ##        ==
[STDOUT  ] 2017-06-15T22:57:41.71263239Z:                ## ## ## ## ##    ===
[STDOUT  ] 2017-06-15T22:57:41.712645078Z:            /"""""""""""""""""\___/ ===
[STDOUT  ] 2017-06-15T22:57:41.71265783Z:       ~~~ {~~ ~~~~ ~~~ ~~~~ ~~~ ~ /  ===- ~~~
[STDOUT  ] 2017-06-15T22:57:41.712663846Z:            \______ o           __/
[STDOUT  ] 2017-06-15T22:57:41.712682605Z:              \    \         __/
[STDOUT  ] 2017-06-15T22:57:41.712695512Z:               \____\_______/
[STDOUT  ] 2017-06-15T22:57:41.712708244Z: 
[STDOUT  ] 2017-06-15T22:57:41.712720768Z: [34mINFO[0m[0000] starting containerd boot...                   [34mmodule[0m=containerd
[STDOUT  ] 2017-06-15T22:57:41.712734161Z: [34mINFO[0m[0000] starting debug API...                         [34mdebug[0m="/run/containerd/debug.sock" [34mmodule[0m=containerd
[STDOUT  ] 2017-06-15T22:57:41.712747034Z: [34mINFO[0m[0000] loading monitor plugin "cgroups"...           [34mmodule[0m=containerd
[STDOUT  ] 2017-06-15T22:57:41.71276442Z: [34mINFO[0m[0000] loading runtime plugin "linux"...             [34mmodule[0m=containerd
[STDOUT  ] 2017-06-15T22:57:41.7127887Z: [34mINFO[0m[0000] loading snapshot plugin "snapshot-overlay"...  [34mmodule[0m=containerd
[STDOUT  ] 2017-06-15T22:57:41.712796555Z: [34mINFO[0m[0000] loading differ plugin "diff-base"...          [34mmodule[0m=containerd
[STDOUT  ] 2017-06-15T22:57:41.712814701Z: [34mINFO[0m[0000] loading grpc service plugin "content-grpc"...  [34mmodule[0m=containerd
[STDOUT  ] 2017-06-15T22:57:41.712820911Z: [34mINFO[0m[0000] loading grpc service plugin "images-grpc"...  [34mmodule[0m=containerd
[STDOUT  ] 2017-06-15T22:57:41.712840353Z: [34mINFO[0m[0000] loading grpc service plugin "snapshots-grpc"...  [34mmodule[0m=containerd
[STDOUT  ] 2017-06-15T22:57:41.712847174Z: [34mINFO[0m[0000] loading grpc service plugin "containers-grpc"...  [34mmodule[0m=containerd
[STDOUT  ] 2017-06-15T22:57:41.712865432Z: [34mINFO[0m[0000] loading grpc service plugin "diff-grpc"...    [34mmodule[0m=containerd
[STDOUT  ] 2017-06-15T22:57:41.712878078Z: [34mINFO[0m[0000] loading grpc service plugin "metrics-grpc"...  [34mmodule[0m=containerd
[STDOUT  ] 2017-06-15T22:57:41.712890307Z: [34mINFO[0m[0000] loading grpc service plugin "version-grpc"...  [34mmodule[0m=containerd
[STDOUT  ] 2017-06-15T22:57:41.712902866Z: [34mINFO[0m[0000] loading grpc service plugin "tasks-grpc"...   [34mmodule[0m=containerd
[STDOUT  ] 2017-06-15T22:57:41.712915221Z: [34mINFO[0m[0000] loading grpc service plugin "healthcheck-grpc"...  [34mmodule[0m=containerd
[STDOUT  ] 2017-06-15T22:57:41.712927704Z: [34mINFO[0m[0000] loading grpc service plugin "namespaces-grpc"...  [34mmodule[0m=containerd
[STDOUT  ] 2017-06-15T22:57:41.712933695Z: [34mINFO[0m[0000] starting GRPC API server...                   [34mmodule[0m=containerd
[STDOUT  ] 2017-06-15T22:57:41.712952624Z: [34mINFO[0m[0000] containerd successfully booted in 0.465103s   [34mmodule[0m=containerd
[STDOUT  ] 2017-06-15T22:57:41.712959694Z: ca-certificates test suite PASSED
[STDOUT  ] 2017-06-15T22:57:41.712971581Z:  - 000-test
[STDOUT  ] 2017-06-15T22:57:41.712990807Z: [   54.333460] ACPI: Preparing to enter system sleep state S5
[STDOUT  ] 2017-06-15T22:57:41.713003376Z: [   54.335349] reboot: Power down
[STDERR  ] 2017-06-15T22:57:41.713049859Z: [   19.816393] NFS: Registering the id_resolver key type
[STDERR  ] 2017-06-15T22:57:41.71306838Z: [   19.822154] Key type id_resolver registered
[STDERR  ] 2017-06-15T22:57:41.713075125Z: [   19.822489] Key type id_legacy registered
[STDERR  ] 2017-06-15T22:57:41.713093503Z: [   19.822943] nfs4filelayout_init: NFSv4 File Layout Driver Registering...
[STDERR  ] 2017-06-15T22:57:41.713111696Z: [   19.824196] Installing knfsd (copyright (C) 1996 okir@monad.swb.de).
[STDERR  ] 2017-06-15T22:57:41.713118205Z: [   19.829573] FS-Cache: Netfs 'cifs' registered for caching
[STDERR  ] 2017-06-15T22:57:41.713137652Z: [   19.844466] ntfs: driver 2.1.32 [Flags: R/O].
[STDERR  ] 2017-06-15T22:57:41.713150138Z: [   19.845236] fuse init (API version 7.26)
[STDERR  ] 2017-06-15T22:57:41.713157121Z: [   19.848351] SGI XFS with ACLs, security attributes, no debug enabled
[STDERR  ] 2017-06-15T22:57:41.713174983Z: [   19.860355] 9p: Installing v9fs 9p2000 file system support
[STDERR  ] 2017-06-15T22:57:41.713181205Z: [   19.861015] FS-Cache: Netfs '9p' registered for caching
[STDERR  ] 2017-06-15T22:57:41.713237218Z: [   19.972848] NET: Registered protocol family 38
[STDERR  ] 2017-06-15T22:57:41.713249841Z: [   19.973624] Key type asymmetric registered
[STDERR  ] 2017-06-15T22:57:41.713262377Z: [   19.973978] Asymmetric key parser 'x509' registered
[STDERR  ] 2017-06-15T22:57:41.713269062Z: [   19.981314] Block layer SCSI generic (bsg) driver version 0.4 loaded (major 251)
[STDERR  ] 2017-06-15T22:57:41.713287543Z: [   19.982862] io scheduler noop registered
[STDERR  ] 2017-06-15T22:57:41.713293487Z: [   19.983213] io scheduler deadline registered (default)
[STDERR  ] 2017-06-15T22:57:41.713312809Z: [   19.984060] io scheduler cfq registered
[STDERR  ] 2017-06-15T22:57:41.713325516Z: [   19.988386] pci_hotplug: PCI Hot Plug PCI Core version: 0.5
[STDERR  ] 2017-06-15T22:57:41.713338099Z: [   19.995434] pciehp: PCI Express Hot Plug Controller Driver version: 0.4
[STDERR  ] 2017-06-15T22:57:41.713350982Z: [   19.997974] shpchp: Standard Hot Plug PCI Controller Driver version: 0.4
[STDERR  ] 2017-06-15T22:57:41.713378168Z: [   19.999018] hv_vmbus: registering driver hyperv_fb
[STDERR  ] 2017-06-15T22:57:41.713391513Z: [   20.024298] input: Power Button as /devices/LNXSYSTM:00/LNXPWRBN:00/input/input0
[STDERR  ] 2017-06-15T22:57:41.713410455Z: [   20.025799] ACPI: Power Button [PWRF]
[STDERR  ] 2017-06-15T22:57:41.713431446Z: [   20.033539] GHES: HEST is not enabled!
[STDERR  ] 2017-06-15T22:57:41.713444109Z: [   20.074388] ACPI: PCI Interrupt Link [GSIH] enabled at IRQ 23
[STDERR  ] 2017-06-15T22:57:41.713456679Z: [   20.096329] xenfs: not registering filesystem on non-xen platform
[STDERR  ] 2017-06-15T22:57:41.713469188Z: [   20.099064] Serial: 8250/16550 driver, 4 ports, IRQ sharing disabled
[STDERR  ] 2017-06-15T22:57:41.713481758Z: [   20.155049] 00:04: ttyS0 at I/O 0x3f8 (irq = 4, base_baud = 115200) is a 16550A
[STDERR  ] 2017-06-15T22:57:41.713494185Z: [   20.169212] Initializing Nozomi driver 2.1d
[STDERR  ] 2017-06-15T22:57:41.713500811Z: [   20.189017] Non-volatile memory driver v1.3
[STDERR  ] 2017-06-15T22:57:41.713518676Z: [   20.205969] Hangcheck: starting hangcheck timer 0.9.1 (tick is 180 seconds, margin is 60 seconds).
[STDERR  ] 2017-06-15T22:57:41.713548963Z: [   20.211366] random: fast init done
[STDERR  ] 2017-06-15T22:57:41.713568402Z: [   20.214806] random: crng init done
[STDERR  ] 2017-06-15T22:57:41.713580431Z: [   20.340955] loop: module loaded
[STDERR  ] 2017-06-15T22:57:41.713593102Z: [   20.377707] nbd: registered device at major 43
[STDERR  ] 2017-06-15T22:57:41.71361263Z: [   20.494780] lpc_ich 0000:00:1f.0: I/O space for GPIO uninitialized
[STDERR  ] 2017-06-15T22:57:41.713626178Z: [   20.497418] VMware PVSCSI driver - version 1.0.7.0-k
[STDERR  ] 2017-06-15T22:57:41.713653542Z: [   20.498625] hv_vmbus: registering driver hv_storvsc
[STDERR  ] 2017-06-15T22:57:41.71366696Z: [   20.515242] ACPI: PCI Interrupt Link [GSIA] enabled at IRQ 16
[STDERR  ] 2017-06-15T22:57:41.713684956Z: [   20.525501] ahci 0000:00:1f.2: AHCI 0001.0000 32 slots 6 ports 1.5 Gbps 0x3f impl SATA mode
[STDERR  ] 2017-06-15T22:57:41.713722515Z: [   20.526541] ahci 0000:00:1f.2: flags: ncq only 
[STDERR  ] 2017-06-15T22:57:41.713735309Z: [   20.561219] scsi host0: ahci
[STDERR  ] 2017-06-15T22:57:41.713747954Z: [   20.567550] scsi host1: ahci
[STDERR  ] 2017-06-15T22:57:41.713765834Z: [   20.571438] scsi host2: ahci
[STDERR  ] 2017-06-15T22:57:41.713772903Z: [   20.575040] scsi host3: ahci
[STDERR  ] 2017-06-15T22:57:41.713796303Z: [   20.578548] scsi host4: ahci
[STDERR  ] 2017-06-15T22:57:41.713801551Z: [   20.582327] scsi host5: ahci
[STDERR  ] 2017-06-15T22:57:41.713818409Z: [   20.585397] ata1: SATA max UDMA/133 abar m4096@0xfebf1000 port 0xfebf1100 irq 24
[STDERR  ] 2017-06-15T22:57:41.713825085Z: [   20.586257] ata2: SATA max UDMA/133 abar m4096@0xfebf1000 port 0xfebf1180 irq 24
[STDERR  ] 2017-06-15T22:57:41.713843815Z: [   20.587018] ata3: SATA max UDMA/133 abar m4096@0xfebf1000 port 0xfebf1200 irq 24
[STDERR  ] 2017-06-15T22:57:41.713849788Z: [   20.587777] ata4: SATA max UDMA/133 abar m4096@0xfebf1000 port 0xfebf1280 irq 24
[STDERR  ] 2017-06-15T22:57:41.713892756Z: [   20.588532] ata5: SATA max UDMA/133 abar m4096@0xfebf1000 port 0xfebf1300 irq 24
[STDERR  ] 2017-06-15T22:57:41.713905287Z: [   20.589263] ata6: SATA max UDMA/133 abar m4096@0xfebf1000 port 0xfebf1380 irq 24
[STDERR  ] 2017-06-15T22:57:41.713917921Z: [   20.606952] Ethernet Channel Bonding Driver: v3.7.1 (April 27, 2011)
[STDERR  ] 2017-06-15T22:57:41.713924787Z: [   20.648633] tun: Universal TUN/TAP device driver, 1.6
[STDERR  ] 2017-06-15T22:57:41.713936786Z: [   20.649180] tun: (C) 1999-2004 Max Krasnyansky <maxk@qualcomm.com>
[STDERR  ] 2017-06-15T22:57:41.713955321Z: [   20.652491] ena: Elastic Network Adapter (ENA) v1.0.2
[STDERR  ] 2017-06-15T22:57:41.713962092Z: [   20.658165] e1000: Intel(R) PRO/1000 Network Driver - version 7.3.21-k8-NAPI
[STDERR  ] 2017-06-15T22:57:41.713973587Z: [   20.664451] e1000: Copyright (c) 1999-2006 Intel Corporation.
[STDERR  ] 2017-06-15T22:57:41.713991093Z: [   20.690044] ACPI: PCI Interrupt Link [GSIG] enabled at IRQ 22
[STDERR  ] 2017-06-15T22:57:41.714002502Z: [   20.722868] tsc: Refined TSC clocksource calibration: 2300.038 MHz
[STDERR  ] 2017-06-15T22:57:41.714014705Z: [   20.723246] clocksource: tsc: mask: 0xffffffffffffffff max_cycles: 0x212759179c6, max_idle_ns: 440795240051 ns
[STDERR  ] 2017-06-15T22:57:41.714041635Z: [   20.946188] ata3: SATA link up 1.5 Gbps (SStatus 113 SControl 300)
[STDERR  ] 2017-06-15T22:57:41.714055005Z: [   20.953766] ata2: SATA link down (SStatus 0 SControl 300)
[STDERR  ] 2017-06-15T22:57:41.71407257Z: [   20.956236] ata1: SATA link down (SStatus 0 SControl 300)
[STDERR  ] 2017-06-15T22:57:41.714084516Z: [   20.963996] ata4: SATA link down (SStatus 0 SControl 300)
[STDERR  ] 2017-06-15T22:57:41.714096237Z: [   20.964375] ata6: SATA link down (SStatus 0 SControl 300)
[STDERR  ] 2017-06-15T22:57:41.714108373Z: [   20.964771] ata5: SATA link down (SStatus 0 SControl 300)
[STDERR  ] 2017-06-15T22:57:41.714119784Z: [   20.967771] ata3.00: ATAPI: QEMU DVD-ROM, 2.5+, max UDMA/100
[STDERR  ] 2017-06-15T22:57:41.714131993Z: [   20.968192] ata3.00: applying bridge limits
[STDERR  ] 2017-06-15T22:57:41.714138781Z: [   21.006372] ata3.00: configured for UDMA/100
[STDERR  ] 2017-06-15T22:57:41.714150043Z: [   21.069952] scsi 2:0:0:0: CD-ROM            QEMU     QEMU DVD-ROM     2.5+ PQ: 0 ANSI: 5
[STDERR  ] 2017-06-15T22:57:41.71416878Z: [   21.128549] sr 2:0:0:0: [sr0] scsi3-mmc drive: 4x/4x cd/rw xa/form2 tray
[STDERR  ] 2017-06-15T22:57:41.714180871Z: [   21.129523] cdrom: Uniform CD-ROM driver Revision: 3.20
[STDERR  ] 2017-06-15T22:57:41.714212818Z: [   21.176874] sr 2:0:0:0: Attached scsi generic sg0 type 5
[STDERR  ] 2017-06-15T22:57:41.714225249Z: [   21.469942] e1000 0000:00:02.0 eth0: (PCI:33MHz:32-bit) 52:54:00:12:34:56
[STDERR  ] 2017-06-15T22:57:41.714237373Z: [   21.474459] e1000 0000:00:02.0 eth0: Intel(R) PRO/1000 Network Connection
[STDERR  ] 2017-06-15T22:57:41.71425544Z: [   21.475863] e1000e: Intel(R) PRO/1000 Network Driver - 3.2.6-k
[STDERR  ] 2017-06-15T22:57:41.714267555Z: [   21.476480] e1000e: Copyright(c) 1999 - 2015 Intel Corporation.
[STDERR  ] 2017-06-15T22:57:41.714279591Z: [   21.477690] igb: Intel(R) Gigabit Ethernet Network Driver - version 5.4.0-k
[STDERR  ] 2017-06-15T22:57:41.714286216Z: [   21.483922] igb: Copyright (c) 2007-2014 Intel Corporation.
[STDERR  ] 2017-06-15T22:57:41.714301225Z: [   21.484787] igbvf: Intel(R) Gigabit Virtual Function Network Driver - version 2.4.0-k
[STDERR  ] 2017-06-15T22:57:41.714319984Z: [   21.485136] igbvf: Copyright (c) 2009 - 2012 Intel Corporation.
[STDERR  ] 2017-06-15T22:57:41.71432659Z: [   21.486361] ixgbe: Intel(R) 10 Gigabit PCI Express Network Driver - version 4.4.0-k
[STDERR  ] 2017-06-15T22:57:41.71433791Z: [   21.487155] ixgbe: Copyright (c) 1999-2016 Intel Corporation.
[STDERR  ] 2017-06-15T22:57:41.714381692Z: [   21.489515] ixgbevf: Intel(R) 10 Gigabit PCI Express Virtual Function Network Driver - version 3.2.2-k
[STDERR  ] 2017-06-15T22:57:41.714388386Z: [   21.494163] ixgbevf: Copyright (c) 2009 - 2015 Intel Corporation.
[STDERR  ] 2017-06-15T22:57:41.71439968Z: [   21.496270] ixgb: Intel(R) PRO/10GbE Network Driver - version 1.0.135-k2-NAPI
[STDERR  ] 2017-06-15T22:57:41.714426837Z: [   21.497232] ixgb: Copyright (c) 1999-2008 Intel Corporation.
[STDERR  ] 2017-06-15T22:57:41.714433495Z: [   21.501992] PPP generic driver version 2.4.2
[STDERR  ] 2017-06-15T22:57:41.714444752Z: [   21.504077] PPP BSD Compression module registered
[STDERR  ] 2017-06-15T22:57:41.714462962Z: [   21.513913] PPP Deflate Compression module registered
[STDERR  ] 2017-06-15T22:57:41.714475203Z: [   21.514510] PPP MPPE Compression module registered
[STDERR  ] 2017-06-15T22:57:41.714487226Z: [   21.514832] NET: Registered protocol family 24
[STDERR  ] 2017-06-15T22:57:41.714499545Z: [   21.515430] PPTP driver version 0.8.5
[STDERR  ] 2017-06-15T22:57:41.714527579Z: [   21.516838] VMware vmxnet3 virtual NIC driver - version 1.4.a.0-k-NAPI
[STDERR  ] 2017-06-15T22:57:41.71454089Z: [   21.517761] hv_vmbus: registering driver hv_netvsc
[STDERR  ] 2017-06-15T22:57:41.714552999Z: [   21.518036] Fusion MPT base driver 3.04.20
[STDERR  ] 2017-06-15T22:57:41.714565094Z: [   21.518233] Copyright (c) 1999-2008 LSI Corporation
[STDERR  ] 2017-06-15T22:57:41.714571666Z: [   21.518796] Fusion MPT SPI Host driver 3.04.20
[STDERR  ] 2017-06-15T22:57:41.714589374Z: [   21.534636] aoe: AoE v85 initialised.
[STDERR  ] 2017-06-15T22:57:41.714601556Z: [   21.547791] i8042: PNP: PS/2 Controller [PNP0303:KBD,PNP0f13:MOU] at 0x60,0x64 irq 1,12
[STDERR  ] 2017-06-15T22:57:41.714613799Z: [   21.557423] serio: i8042 KBD port at 0x60,0x64 irq 1
[STDERR  ] 2017-06-15T22:57:41.714625832Z: [   21.564544] serio: i8042 AUX port at 0x60,0x64 irq 12
[STDERR  ] 2017-06-15T22:57:41.714637854Z: [   21.568303] hv_vmbus: registering driver hyperv_keyboard
[STDERR  ] 2017-06-15T22:57:41.714653909Z: [   21.577489] mousedev: PS/2 mouse device common for all mice
[STDERR  ] 2017-06-15T22:57:41.71465973Z: [   21.595504] input: PC Speaker as /devices/platform/pcspkr/input/input2
[STDERR  ] 2017-06-15T22:57:41.714694498Z: [   21.602393] input: AT Translated Set 2 keyboard as /devices/platform/i8042/serio0/input/input1
[STDERR  ] 2017-06-15T22:57:41.714707033Z: [   21.608991] rtc_cmos 00:00: RTC can wake from S4
[STDERR  ] 2017-06-15T22:57:41.714727126Z: [   21.628452] rtc_cmos 00:00: rtc core: registered rtc_cmos as rtc0
[STDERR  ] 2017-06-15T22:57:41.714733776Z: [   21.630708] rtc_cmos 00:00: alarms up to one day, y3k, 114 bytes nvram, hpet irqs
[STDERR  ] 2017-06-15T22:57:41.7147514Z: [   21.631781] i2c /dev entries driver
[STDERR  ] 2017-06-15T22:57:41.714763698Z: [   21.634634] device-mapper: ioctl: 4.35.0-ioctl (2016-06-23) initialised: dm-devel@redhat.com
[STDERR  ] 2017-06-15T22:57:41.714775894Z: [   21.642417] hv_utils: Registering HyperV Utility Driver
[STDERR  ] 2017-06-15T22:57:41.714794683Z: [   21.643011] hv_vmbus: registering driver hv_util
[STDERR  ] 2017-06-15T22:57:41.714811141Z: [   21.643506] hv_vmbus: registering driver hv_balloon
[STDERR  ] 2017-06-15T22:57:41.714823297Z: [   21.644295] oprofile: using NMI interrupt.
[STDERR  ] 2017-06-15T22:57:41.714858843Z: [   21.646307] GACT probability on
[STDERR  ] 2017-06-15T22:57:41.714866385Z: [   21.646977] Mirror/redirect action on
[STDERR  ] 2017-06-15T22:57:41.714877618Z: [   21.648389] Simple TC action Loaded
[STDERR  ] 2017-06-15T22:57:41.714900128Z: [   21.654015] netem: version 1.3
[STDERR  ] 2017-06-15T22:57:41.714912262Z: [   21.654442] u32 classifier
[STDERR  ] 2017-06-15T22:57:41.714918925Z: [   21.654791]     Performance counters on
[STDERR  ] 2017-06-15T22:57:41.714936527Z: [   21.655208]     input device check on
[STDERR  ] 2017-06-15T22:57:41.714948601Z: [   21.655604]     Actions configured
[STDERR  ] 2017-06-15T22:57:41.714954325Z: [   21.656480] Netfilter messages via NETLINK v0.30.
[STDERR  ] 2017-06-15T22:57:41.71497281Z: [   21.657303] nfnl_acct: registering with nfnetlink.
[STDERR  ] 2017-06-15T22:57:41.714979372Z: [   21.659331] nf_conntrack version 0.5.0 (8192 buckets, 32768 max)
[STDERR  ] 2017-06-15T22:57:41.714996951Z: [   21.664632] ctnetlink v0.93: registering with nfnetlink.
[STDERR  ] 2017-06-15T22:57:41.715026215Z: [   21.669887] nf_tables: (c) 2007-2009 Patrick McHardy <kaber@trash.net>
[STDERR  ] 2017-06-15T22:57:41.715032054Z: [   21.671700] nf_tables_compat: (c) 2012 Pablo Neira Ayuso <pablo@netfilter.org>
[STDERR  ] 2017-06-15T22:57:41.715050313Z: [   21.675673] xt_time: kernel timezone is -0000
[STDERR  ] 2017-06-15T22:57:41.715063933Z: [   21.676466] ip_set: protocol 6
[STDERR  ] 2017-06-15T22:57:41.715075518Z: [   21.677465] IPVS: Registered protocols (TCP, UDP, SCTP, AH, ESP)
[STDERR  ] 2017-06-15T22:57:41.715086887Z: [   21.678366] IPVS: Connection hash table configured (size=4096, memory=64Kbytes)
[STDERR  ] 2017-06-15T22:57:41.715098383Z: [   21.681438] IPVS: Creating netns size=2104 id=0
[STDERR  ] 2017-06-15T22:57:41.71510969Z: [   21.686025] IPVS: ipvs loaded.
[STDERR  ] 2017-06-15T22:57:41.715121073Z: [   21.686569] IPVS: [rr] scheduler registered.
[STDERR  ] 2017-06-15T22:57:41.715132146Z: [   21.687086] IPVS: [wrr] scheduler registered.
[STDERR  ] 2017-06-15T22:57:41.715138581Z: [   21.687560] IPVS: [lc] scheduler registered.
[STDERR  ] 2017-06-15T22:57:41.715154809Z: [   21.688024] IPVS: [wlc] scheduler registered.
[STDERR  ] 2017-06-15T22:57:41.715189723Z: [   21.688492] IPVS: [fo] scheduler registered.
[STDERR  ] 2017-06-15T22:57:41.715196245Z: [   21.688951] IPVS: [ovf] scheduler registered.
[STDERR  ] 2017-06-15T22:57:41.715207297Z: [   21.689576] IPVS: [lblc] scheduler registered.
[STDERR  ] 2017-06-15T22:57:41.715224945Z: [   21.690712] IPVS: [lblcr] scheduler registered.
[STDERR  ] 2017-06-15T22:57:41.715236542Z: [   21.691234] IPVS: [dh] scheduler registered.
[STDERR  ] 2017-06-15T22:57:41.715253255Z: [   21.691689] IPVS: [sh] scheduler registered.
[STDERR  ] 2017-06-15T22:57:41.71526511Z: [   21.692145] IPVS: [sed] scheduler registered.
[STDERR  ] 2017-06-15T22:57:41.715276381Z: [   21.692610] IPVS: [nq] scheduler registered.
[STDERR  ] 2017-06-15T22:57:41.715287834Z: [   21.693778] IPVS: ftp: loaded support on port[0] = 21
[STDERR  ] 2017-06-15T22:57:41.715299543Z: [   21.695073] ipip: IPv4 and MPLS over IPv4 tunneling driver
[STDERR  ] 2017-06-15T22:57:41.715315482Z: [   21.702512] gre: GRE over IPv4 demultiplexor driver
[STDERR  ] 2017-06-15T22:57:41.715344063Z: [   21.703124] ip_gre: GRE over IPv4 tunneling driver
[STDERR  ] 2017-06-15T22:57:41.71535682Z: [   21.712352] IPv4 over IPsec tunneling driver
[STDERR  ] 2017-06-15T22:57:41.715368671Z: [   21.721919] ip_tables: (C) 2000-2006 Netfilter Core Team
[STDERR  ] 2017-06-15T22:57:41.715380162Z: [   21.727394] ipt_CLUSTERIP: ClusterIP Version 0.8 loaded successfully
[STDERR  ] 2017-06-15T22:57:41.715392291Z: [   21.728510] arp_tables: arp_tables: (C) 2002 David S. Miller
[STDERR  ] 2017-06-15T22:57:41.715404197Z: [   21.732983] Initializing XFRM netlink socket
[STDERR  ] 2017-06-15T22:57:41.715420817Z: [   21.734575] NET: Registered protocol family 10
[STDERR  ] 2017-06-15T22:57:41.71543282Z: [   21.741408] clocksource: Switched to clocksource tsc
[STDERR  ] 2017-06-15T22:57:41.715444861Z: [   21.755761] mip6: Mobile IPv6
[STDERR  ] 2017-06-15T22:57:41.715457179Z: [   21.757163] ip6_tables: (C) 2000-2006 Netfilter Core Team
[STDERR  ] 2017-06-15T22:57:41.715463847Z: [   21.770586] sit: IPv6, IPv4 and MPLS over IPv4 tunneling driver
[STDERR  ] 2017-06-15T22:57:41.715505111Z: [   21.782278] ip6_gre: GRE over IPv6 tunneling driver
[STDERR  ] 2017-06-15T22:57:41.715514131Z: [   21.788272] NET: Registered protocol family 17
[STDERR  ] 2017-06-15T22:57:41.7155323Z: [   21.789225] NET: Registered protocol family 15
[STDERR  ] 2017-06-15T22:57:41.715543374Z: [   21.791104] Bridge firewalling registered
[STDERR  ] 2017-06-15T22:57:41.715555466Z: [   21.791918] Ebtables v2.0 registered
[STDERR  ] 2017-06-15T22:57:41.715567825Z: [   21.796984] l2tp_core: L2TP core driver, V2.0
[STDERR  ] 2017-06-15T22:57:41.71558011Z: [   21.797676] l2tp_ppp: PPPoL2TP kernel driver, V2.0
[STDERR  ] 2017-06-15T22:57:41.715591867Z: [   21.798230] 8021q: 802.1Q VLAN Support v1.8
[STDERR  ] 2017-06-15T22:57:41.715598651Z: [   21.800949] 9pnet: Installing 9P2000 support
[STDERR  ] 2017-06-15T22:57:41.715609252Z: [   21.802466] Key type dns_resolver registered
[STDERR  ] 2017-06-15T22:57:41.71562678Z: [   21.803021] openvswitch: Open vSwitch switching datapath
[STDERR  ] 2017-06-15T22:57:41.715672408Z: [   21.806124] mpls_gso: MPLS GSO support
[STDERR  ] 2017-06-15T22:57:41.715689247Z: [   21.807036] microcode: AMD CPU family 0x6 not supported
[STDERR  ] 2017-06-15T22:57:41.715707678Z: [   21.813188] registered taskstats version 1
[STDERR  ] 2017-06-15T22:57:41.715719849Z: [   22.303366] Key type big_key registered
[STDERR  ] 2017-06-15T22:57:41.715730677Z: [   22.437446] Key type encrypted registered
[STDERR  ] 2017-06-15T22:57:41.715740491Z: [   22.463919] rtc_cmos 00:00: setting system clock to 2017-06-15 22:57:09 UTC (1497567429)
[STDERR  ] 2017-06-15T22:57:41.715768337Z: [   23.047266] Freeing unused kernel memory: 1456K (ffffffff8ff90000 - ffffffff900fc000)
[STDERR  ] 2017-06-15T22:57:41.715780072Z: [   23.054011] Write protecting the kernel read-only data: 14336k
[STDERR  ] 2017-06-15T22:57:41.715785918Z: [   23.086850] Freeing unused kernel memory: 700K (ffff8b04af951000 - ffff8b04afa00000)
[STDERR  ] 2017-06-15T22:57:41.715804492Z: [   23.309481] Freeing unused kernel memory: 976K (ffff8b04afd0c000 - ffff8b04afe00000)
[STDERR  ] 2017-06-15T22:57:41.715839192Z: 
[STDERR  ] 2017-06-15T22:57:41.715854999Z: Starting containerd
[STDERR  ] 2017-06-15T22:57:41.715867027Z: 
[STDERR  ] 2017-06-15T22:57:41.715879275Z: Welcome to LinuxKit
[STDERR  ] 2017-06-15T22:57:41.715891082Z: 
[STDERR  ] 2017-06-15T22:57:41.715903212Z:                         ##         .
[STDERR  ] 2017-06-15T22:57:41.715920758Z:                   ## ## ##        ==
[STDERR  ] 2017-06-15T22:57:41.715932606Z:                ## ## ## ## ##    ===
[STDERR  ] 2017-06-15T22:57:41.715944002Z:            /"""""""""""""""""\___/ ===
[STDERR  ] 2017-06-15T22:57:41.715955902Z:       ~~~ {~~ ~~~~ ~~~ ~~~~ ~~~ ~ /  ===- ~~~
[STDERR  ] 2017-06-15T22:57:41.715972983Z:            \______ o           __/
[STDERR  ] 2017-06-15T22:57:41.715979339Z:              \    \         __/
[STDERR  ] 2017-06-15T22:57:41.716012327Z:               \____\_______/
[STDERR  ] 2017-06-15T22:57:41.716030486Z: 
[STDERR  ] 2017-06-15T22:57:41.716037088Z: [34mINFO[0m[0000] starting containerd boot...                   [34mmodule[0m=containerd
[STDERR  ] 2017-06-15T22:57:41.716048667Z: [34mINFO[0m[0000] starting debug API...                         [34mdebug[0m="/run/containerd/debug.sock" [34mmodule[0m=containerd
[STDERR  ] 2017-06-15T22:57:41.716067224Z: [34mINFO[0m[0000] loading monitor plugin "cgroups"...           [34mmodule[0m=containerd
[STDERR  ] 2017-06-15T22:57:41.716079365Z: [34mINFO[0m[0000] loading runtime plugin "linux"...             [34mmodule[0m=containerd
[STDERR  ] 2017-06-15T22:57:41.716097517Z: [34mINFO[0m[0000] loading snapshot plugin "snapshot-overlay"...  [34mmodule[0m=containerd
[STDERR  ] 2017-06-15T22:57:41.716103989Z: [34mINFO[0m[0000] loading differ plugin "diff-base"...          [34mmodule[0m=containerd
[STDERR  ] 2017-06-15T22:57:41.716121193Z: [34mINFO[0m[0000] loading grpc service plugin "content-grpc"...  [34mmodule[0m=containerd
[STDERR  ] 2017-06-15T22:57:41.716126917Z: [34mINFO[0m[0000] loading grpc service plugin "images-grpc"...  [34mmodule[0m=containerd
[STDERR  ] 2017-06-15T22:57:41.716172244Z: [34mINFO[0m[0000] loading grpc service plugin "snapshots-grpc"...  [34mmodule[0m=containerd
[STDERR  ] 2017-06-15T22:57:41.716180298Z: [34mINFO[0m[0000] loading grpc service plugin "containers-grpc"...  [34mmodule[0m=containerd
[STDERR  ] 2017-06-15T22:57:41.716191951Z: [34mINFO[0m[0000] loading grpc service plugin "diff-grpc"...    [34mmodule[0m=containerd
[STDERR  ] 2017-06-15T22:57:41.716210779Z: [34mINFO[0m[0000] loading grpc service plugin "metrics-grpc"...  [34mmodule[0m=containerd
[STDERR  ] 2017-06-15T22:57:41.71623031Z: [34mINFO[0m[0000] loading grpc service plugin "version-grpc"...  [34mmodule[0m=containerd
[STDERR  ] 2017-06-15T22:57:41.716242678Z: [34mINFO[0m[0000] loading grpc service plugin "tasks-grpc"...   [34mmodule[0m=containerd
[STDERR  ] 2017-06-15T22:57:41.716254966Z: [34mINFO[0m[0000] loading grpc service plugin "healthcheck-grpc"...  [34mmodule[0m=containerd
[STDERR  ] 2017-06-15T22:57:41.71626718Z: [34mINFO[0m[0000] loading grpc service plugin "namespaces-grpc"...  [34mmodule[0m=containerd
[STDERR  ] 2017-06-15T22:57:41.716279423Z: [34mINFO[0m[0000] starting GRPC API server...                   [34mmodule[0m=containerd
[STDERR  ] 2017-06-15T22:57:41.716286141Z: [34mINFO[0m[0000] containerd successfully booted in 0.465103s   [34mmodule[0m=containerd
[STDERR  ] 2017-06-15T22:57:41.716304059Z: ca-certificates test suite PASSED
[STDERR  ] 2017-06-15T22:57:41.71633318Z:  - 000-test
[STDERR  ] 2017-06-15T22:57:41.716340737Z: [   54.333460] ACPI: Preparing to enter system sleep state S5
[STDERR  ] 2017-06-15T22:57:41.716359526Z: [   54.335349] reboot: Power down
[STDERR  ] 2017-06-15T22:57:41.716371932Z: + echo [    0.000000] Linux version 4.9.32-linuxkit (root@9ac68176ac52) (gcc version 6.3.0 (Alpine 6.3.0) ) #1 SMP Thu Jun 15 20:49:23 UTC 2017
[STDERR  ] 2017-06-15T22:57:41.716386692Z: [    0.000000] Command line: console=ttyS0 page_poison=1
[STDERR  ] 2017-06-15T22:57:41.71639918Z: [    0.000000] x86/fpu: Legacy x87 FPU detected.
[STDERR  ] 2017-06-15T22:57:41.71641155Z: [    0.000000] x86/fpu: Using 'eager' FPU context switches.
[STDERR  ] 2017-06-15T22:57:41.716423806Z: [    0.000000] e820: BIOS-provided physical RAM map:
[STDERR  ] 2017-06-15T22:57:41.71643617Z: [    0.000000] BIOS-e820: [mem 0x0000000000000000-0x000000000009fbff] usable
[STDERR  ] 2017-06-15T22:57:41.716442986Z: [    0.000000] BIOS-e820: [mem 0x000000000009fc00-0x000000000009ffff] reserved
[STDERR  ] 2017-06-15T22:57:41.716460699Z: [    0.000000] BIOS-e820: [mem 0x00000000000f0000-0x00000000000fffff] reserved
[STDERR  ] 2017-06-15T22:57:41.716473107Z: [    0.000000] BIOS-e820: [mem 0x0000000000100000-0x000000003ffdefff] usable
[STDERR  ] 2017-06-15T22:57:41.716502174Z: [    0.000000] BIOS-e820: [mem 0x000000003ffdf000-0x000000003fffffff] reserved
[STDERR  ] 2017-06-15T22:57:41.716514394Z: [    0.000000] BIOS-e820: [mem 0x00000000b0000000-0x00000000bfffffff] reserved
[STDERR  ] 2017-06-15T22:57:41.716520251Z: [    0.000000] BIOS-e820: [mem 0x00000000fed1c000-0x00000000fed1ffff] reserved
[STDERR  ] 2017-06-15T22:57:41.716538875Z: [    0.000000] BIOS-e820: [mem 0x00000000fffc0000-0x00000000ffffffff] reserved
[STDERR  ] 2017-06-15T22:57:41.71655109Z: [    0.000000] NX (Execute Disable) protection: active
[STDERR  ] 2017-06-15T22:57:41.716558043Z: [    0.000000] SMBIOS 2.8 present.
[STDERR  ] 2017-06-15T22:57:41.71657595Z: [    0.000000] e820: last_pfn = 0x3ffdf max_arch_pfn = 0x400000000
[STDERR  ] 2017-06-15T22:57:41.716598691Z: [    0.000000] x86/PAT: Configuration [0-7]: WB  WC  UC- UC  WB  WC  UC- WT  
[STDERR  ] 2017-06-15T22:57:41.716604797Z: [    0.000000] found SMP MP-table at [mem 0x000f6aa0-0x000f6aaf] mapped at [ffff8b04800f6aa0]
[STDERR  ] 2017-06-15T22:57:41.716630627Z: [    0.000000] RAMDISK: [mem 0x3e11b000-0x3ffcffff]
[STDERR  ] 2017-06-15T22:57:41.716670172Z: [    0.000000] ACPI: Early table checksum verification disabled
[STDERR  ] 2017-06-15T22:57:41.71668993Z: [    0.000000] ACPI: RSDP 0x00000000000F68C0 000014 (v00 BOCHS )
[STDERR  ] 2017-06-15T22:57:41.716707176Z: [    0.000000] ACPI: RSDT 0x000000003FFE2404 000034 (v01 BOCHS  BXPCRSDT 00000001 BXPC 00000001)
[STDERR  ] 2017-06-15T22:57:41.716719915Z: [    0.000000] ACPI: FACP 0x000000003FFE22A4 000074 (v01 BOCHS  BXPCFACP 00000001 BXPC 00000001)
[STDERR  ] 2017-06-15T22:57:41.716732383Z: [    0.000000] ACPI: DSDT 0x000000003FFE0040 002264 (v01 BOCHS  BXPCDSDT 00000001 BXPC 00000001)
[STDERR  ] 2017-06-15T22:57:41.716744825Z: [    0.000000] ACPI: FACS 0x000000003FFE0000 000040
[STDERR  ] 2017-06-15T22:57:41.716757207Z: [    0.000000] ACPI: APIC 0x000000003FFE2318 000078 (v01 BOCHS  BXPCAPIC 00000001 BXPC 00000001)
[STDERR  ] 2017-06-15T22:57:41.716763927Z: [    0.000000] ACPI: HPET 0x000000003FFE2390 000038 (v01 BOCHS  BXPCHPET 00000001 BXPC 00000001)
[STDERR  ] 2017-06-15T22:57:41.716781811Z: [    0.000000] ACPI: MCFG 0x000000003FFE23C8 00003C (v01 BOCHS  BXPCMCFG 00000001 BXPC 00000001)
[STDERR  ] 2017-06-15T22:57:41.716787752Z: [    0.000000] Zone ranges:
[STDERR  ] 2017-06-15T22:57:41.716824027Z: [    0.000000]   DMA      [mem 0x0000000000001000-0x0000000000ffffff]
[STDERR  ] 2017-06-15T22:57:41.71683729Z: [    0.000000]   DMA32    [mem 0x0000000001000000-0x000000003ffdefff]
[STDERR  ] 2017-06-15T22:57:41.716849478Z: [    0.000000]   Normal   empty
[STDERR  ] 2017-06-15T22:57:41.716856309Z: [    0.000000] Movable zone start for each node
[STDERR  ] 2017-06-15T22:57:41.716874391Z: [    0.000000] Early memory node ranges
[STDERR  ] 2017-06-15T22:57:41.716886684Z: [    0.000000]   node   0: [mem 0x0000000000001000-0x000000000009efff]
[STDERR  ] 2017-06-15T22:57:41.716898816Z: [    0.000000]   node   0: [mem 0x0000000000100000-0x000000003ffdefff]
[STDERR  ] 2017-06-15T22:57:41.716904635Z: [    0.000000] Initmem setup node 0 [mem 0x0000000000001000-0x000000003ffdefff]
[STDERR  ] 2017-06-15T22:57:41.716923461Z: [    0.000000] ACPI: PM-Timer IO Port: 0x608
[STDERR  ] 2017-06-15T22:57:41.716930132Z: [    0.000000] ACPI: LAPIC_NMI (acpi_id[0xff] dfl dfl lint[0x1])
[STDERR  ] 2017-06-15T22:57:41.716941541Z: [    0.000000] IOAPIC[0]: apic_id 0, version 32, address 0xfec00000, GSI 0-23
[STDERR  ] 2017-06-15T22:57:41.716960235Z: [    0.000000] ACPI: INT_SRC_OVR (bus 0 bus_irq 0 global_irq 2 dfl dfl)
[STDERR  ] 2017-06-15T22:57:41.716989733Z: [    0.000000] ACPI: INT_SRC_OVR (bus 0 bus_irq 5 global_irq 5 high level)
[STDERR  ] 2017-06-15T22:57:41.717002441Z: [    0.000000] ACPI: INT_SRC_OVR (bus 0 bus_irq 9 global_irq 9 high level)
[STDERR  ] 2017-06-15T22:57:41.717009107Z: [    0.000000] ACPI: INT_SRC_OVR (bus 0 bus_irq 10 global_irq 10 high level)
[STDERR  ] 2017-06-15T22:57:41.717020475Z: [    0.000000] ACPI: INT_SRC_OVR (bus 0 bus_irq 11 global_irq 11 high level)
[STDERR  ] 2017-06-15T22:57:41.717038943Z: [    0.000000] Using ACPI (MADT) for SMP configuration information
[STDERR  ] 2017-06-15T22:57:41.717051303Z: [    0.000000] ACPI: HPET id: 0x8086a201 base: 0xfed00000
[STDERR  ] 2017-06-15T22:57:41.717063854Z: [    0.000000] smpboot: Allowing 1 CPUs, 0 hotplug CPUs
[STDERR  ] 2017-06-15T22:57:41.717076199Z: [    0.000000] e820: [mem 0x40000000-0xafffffff] available for PCI devices
[STDERR  ] 2017-06-15T22:57:41.717088445Z: [    0.000000] Booting paravirtualized kernel on bare hardware
[STDERR  ] 2017-06-15T22:57:41.717101449Z: [    0.000000] clocksource: refined-jiffies: mask: 0xffffffff max_cycles: 0xffffffff, max_idle_ns: 19112604462750000 ns
[STDERR  ] 2017-06-15T22:57:41.717119908Z: [    0.000000] setup_percpu: NR_CPUS:128 nr_cpumask_bits:128 nr_cpu_ids:1 nr_node_ids:1
[STDERR  ] 2017-06-15T22:57:41.717155713Z: [    0.000000] percpu: Embedded 35 pages/cpu @ffff8b04bde00000 s105240 r8192 d29928 u2097152
[STDERR  ] 2017-06-15T22:57:41.717168364Z: [    0.000000] Built 1 zonelists in Zone order, mobility grouping on.  Total pages: 257896
[STDERR  ] 2017-06-15T22:57:41.717180829Z: [    0.000000] Kernel command line: console=ttyS0 page_poison=1
[STDERR  ] 2017-06-15T22:57:41.717197287Z: [    0.000000] PID hash table entries: 4096 (order: 3, 32768 bytes)
[STDERR  ] 2017-06-15T22:57:41.717209881Z: [    0.000000] Dentry cache hash table entries: 131072 (order: 8, 1048576 bytes)
[STDERR  ] 2017-06-15T22:57:41.717222112Z: [    0.000000] Inode-cache hash table entries: 65536 (order: 7, 524288 bytes)
[STDERR  ] 2017-06-15T22:57:41.717234958Z: [    0.000000] Memory: 980336K/1048052K available (9526K kernel code, 1595K rwdata, 3120K rodata, 1456K init, 604K bss, 67716K reserved, 0K cma-reserved)
[STDERR  ] 2017-06-15T22:57:41.717242443Z: [    0.000000] Hierarchical RCU implementation.
[STDERR  ] 2017-06-15T22:57:41.71725414Z: [    0.000000] 	Build-time adjustment of leaf fanout to 64.
[STDERR  ] 2017-06-15T22:57:41.717272769Z: [    0.000000] 	RCU restricting CPUs from NR_CPUS=128 to nr_cpu_ids=1.
[STDERR  ] 2017-06-15T22:57:41.717279412Z: [    0.000000] RCU: Adjusting geometry for rcu_fanout_leaf=64, nr_cpu_ids=1
[STDERR  ] 2017-06-15T22:57:41.717321044Z: [    0.000000] NR_IRQS:8448 nr_irqs:256 16
[STDERR  ] 2017-06-15T22:57:41.717333292Z: [    0.000000] Console: colour VGA+ 80x25
[STDERR  ] 2017-06-15T22:57:41.717345503Z: [    0.000000] console [ttyS0] enabled
[STDERR  ] 2017-06-15T22:57:41.717357682Z: [    0.000000] allocated 2097152 bytes of page_ext
[STDERR  ] 2017-06-15T22:57:41.717363241Z: [    0.000000] clocksource: hpet: mask: 0xffffffff max_cycles: 0xffffffff, max_idle_ns: 19112604467 ns
[STDERR  ] 2017-06-15T22:57:41.717381809Z: [    0.000000] tsc: Unable to calibrate against PIT
[STDERR  ] 2017-06-15T22:57:41.717393763Z: [    0.000000] tsc: using HPET reference calibration
[STDERR  ] 2017-06-15T22:57:41.717406352Z: [    0.000000] tsc: Detected 2298.611 MHz processor
[STDERR  ] 2017-06-15T22:57:41.717420963Z: [    0.052557] Calibrating delay loop (skipped), value calculated using timer frequency.. 4597.22 BogoMIPS (lpj=22986110)
[STDERR  ] 2017-06-15T22:57:41.717441578Z: [    0.054200] pid_max: default: 32768 minimum: 301
[STDERR  ] 2017-06-15T22:57:41.717499256Z: [    0.055691] ACPI: Core revision 20160831
[STDERR  ] 2017-06-15T22:57:41.717510666Z: [    0.131340] ACPI: 1 ACPI AML tables successfully acquired and loaded
[STDERR  ] 2017-06-15T22:57:41.717529573Z: [    0.136844] Security Framework initialized
[STDERR  ] 2017-06-15T22:57:41.717546054Z: [    0.137467] Yama: becoming mindful.
[STDERR  ] 2017-06-15T22:57:41.717558682Z: [    0.140697] Mount-cache hash table entries: 2048 (order: 2, 16384 bytes)
[STDERR  ] 2017-06-15T22:57:41.717570957Z: [    0.141535] Mountpoint-cache hash table entries: 2048 (order: 2, 16384 bytes)
[STDERR  ] 2017-06-15T22:57:41.717577707Z: [    0.175688] Last level iTLB entries: 4KB 0, 2MB 0, 4MB 0
[STDERR  ] 2017-06-15T22:57:41.717588841Z: [    0.176355] Last level dTLB entries: 4KB 0, 2MB 0, 4MB 0, 1GB 0
[STDERR  ] 2017-06-15T22:57:41.717606902Z: [    0.875190] Freeing SMP alternatives memory: 24K (ffffffff900fc000 - ffffffff90102000)
[STDERR  ] 2017-06-15T22:57:41.717613642Z: [    0.892560] ftrace: allocating 41868 entries in 164 pages
[STDERR  ] 2017-06-15T22:57:41.717635301Z: [    1.263382] smpboot: Max logical packages: 1
[STDERR  ] 2017-06-15T22:57:41.717667439Z: [    1.273280] ..TIMER: vector=0x30 apic1=0 pin1=2 apic2=-1 pin2=-1
[STDERR  ] 2017-06-15T22:57:41.717674263Z: [    1.380000] smpboot: CPU0: AMD QEMU Virtual CPU version 2.5+ (family: 0x6, model: 0x6, stepping: 0x3)
[STDERR  ] 2017-06-15T22:57:41.717699137Z: [    1.380000] Performance Events: PMU not available due to virtualization, using software events only.
[STDERR  ] 2017-06-15T22:57:41.717711954Z: [    1.401469] NMI watchdog: disabled (cpu0): hardware events not enabled
[STDERR  ] 2017-06-15T22:57:41.717723764Z: [    1.402236] NMI watchdog: Shutting down hard lockup detector on all cpus
[STDERR  ] 2017-06-15T22:57:41.717742613Z: [    1.406477] x86: Booted up 1 node, 1 CPUs
[STDERR  ] 2017-06-15T22:57:41.717755043Z: [    1.407121] smpboot: Total of 1 processors activated (4597.22 BogoMIPS)
[STDERR  ] 2017-06-15T22:57:41.717767309Z: [    1.430900] devtmpfs: initialized
[STDERR  ] 2017-06-15T22:57:41.717774195Z: [    1.438866] x86/mm: Memory block size: 128MB
[STDERR  ] 2017-06-15T22:57:41.717790546Z: [    1.560962] clocksource: jiffies: mask: 0xffffffff max_cycles: 0xffffffff, max_idle_ns: 19112604462750000 ns
[STDERR  ] 2017-06-15T22:57:41.717834819Z: [    1.562274] futex hash table entries: 256 (order: 2, 16384 bytes)
[STDERR  ] 2017-06-15T22:57:41.717846608Z: [    1.575493] NET: Registered protocol family 16
[STDERR  ] 2017-06-15T22:57:41.717853209Z: [    1.591727] cpuidle: using governor ladder
[STDERR  ] 2017-06-15T22:57:41.717871318Z: [    1.592394] cpuidle: using governor menu
[STDERR  ] 2017-06-15T22:57:41.717877291Z: [    1.594311] ACPI: bus type PCI registered
[STDERR  ] 2017-06-15T22:57:41.717896711Z: [    1.599472] PCI: MMCONFIG for domain 0000 [bus 00-ff] at [mem 0xb0000000-0xbfffffff] (base 0xb0000000)
[STDERR  ] 2017-06-15T22:57:41.717909418Z: [    1.600337] PCI: MMCONFIG at [mem 0xb0000000-0xbfffffff] reserved in E820
[STDERR  ] 2017-06-15T22:57:41.71792141Z: [    1.602607] PCI: Using configuration type 1 for base access
[STDERR  ] 2017-06-15T22:57:41.71792826Z: [    1.715449] HugeTLB registered 2 MB page size, pre-allocated 0 pages
