[INFO    ] 2017-11-15T15:01:06.86882257Z: Running Test linuxkit.packages.format_mount.btrfs in /tmp/with_clone1b195e39/test/cases/040_packages/006_format_mount/003_btrfs
[INFO    ] 2017-11-15T15:01:06.868966361Z: Running command: [/bin/sh -x /tmp/with_clone1b195e39/test/cases/040_packages/006_format_mount/003_btrfs/test.sh]
[STDERR  ] 2017-11-15T15:01:06.869485431Z: + set -e
[STDERR  ] 2017-11-15T15:01:06.869535297Z: + . /tmp/with_clone1b195e39/test/cases/_lib/lib.sh
[STDERR  ] 2017-11-15T15:01:06.86955429Z: + [ -f src/github.com/linuxkit/rtf/lib/lib.sh ]
[STDERR  ] 2017-11-15T15:01:06.869568928Z: + LINUXKIT_TMPDIR=/tmp/with_clone1b195e39/test/cases/_tmp
[STDERR  ] 2017-11-15T15:01:06.869588708Z: + [ -f /tmp/with_clone1b195e39/test/cases/_tmp/env.sh ]
[STDERR  ] 2017-11-15T15:01:06.869617767Z: + . /tmp/with_clone1b195e39/test/cases/_tmp/env.sh
[STDERR  ] 2017-11-15T15:01:06.86963235Z: + export LINUXKIT_EXAMPLES_DIR=/tmp/with_clone1b195e39/test/cases/../../examples
[STDERR  ] 2017-11-15T15:01:06.869647284Z: + export LINUXKIT_BLUEPRINTS_DIR=/tmp/with_clone1b195e39/test/cases/../../blueprints
[STDERR  ] 2017-11-15T15:01:06.869660451Z: + RT_CANCEL=253
[STDERR  ] 2017-11-15T15:01:06.869674058Z: + NAME=test-format
[STDERR  ] 2017-11-15T15:01:06.869686095Z: + DISK=disk.img
[STDERR  ] 2017-11-15T15:01:06.869700067Z: + trap clean_up EXIT
[STDERR  ] 2017-11-15T15:01:06.869713689Z: + moby build -format kernel+initrd -name test-format test.yml
[STDERR  ] 2017-11-15T15:01:06.883911195Z: Extract kernel image: linuxkit/kernel:4.9.61
[STDERR  ] 2017-11-15T15:01:14.171465923Z: Add init containers:
[STDERR  ] 2017-11-15T15:01:14.171583223Z: Process init image: linuxkit/init:42a92119e1ca10380e0d33e26c0cbcf85b9b3558
[STDERR  ] 2017-11-15T15:01:17.321573838Z: Process init image: linuxkit/runc:1b0741d07949c0acc444cd6a04ee7f833443579d
[STDERR  ] 2017-11-15T15:01:19.361153747Z: Add onboot containers:
[STDERR  ] 2017-11-15T15:01:19.361217691Z:   Create OCI config for linuxkit/modprobe:2d153653d1111877a8f53704ef85063a44182ade
[STDERR  ] 2017-11-15T15:01:20.375543701Z: time="2017-11-15T15:01:20Z" level=warning msg="certificate with CN Moby CI is near expiry" 
[STDERR  ] 2017-11-15T15:01:20.376216082Z: time="2017-11-15T15:01:20Z" level=warning msg="certificate with CN Rolf Neugebauer is near expiry" 
[STDERR  ] 2017-11-15T15:01:20.378622665Z: time="2017-11-15T15:01:20Z" level=warning msg="certificate with CN Rolf Neugebauer is near expiry" 
[STDERR  ] 2017-11-15T15:01:20.921147305Z:   Create OCI config for linuxkit/format:10e75e78e1f134d310c62e9a0352df1c67b0dd81
[STDERR  ] 2017-11-15T15:01:21.938706474Z: time="2017-11-15T15:01:21Z" level=warning msg="certificate with CN Rolf Neugebauer is near expiry" 
[STDERR  ] 2017-11-15T15:01:21.942782631Z: time="2017-11-15T15:01:21Z" level=warning msg="certificate with CN Rolf Neugebauer is near expiry" 
[STDERR  ] 2017-11-15T15:01:23.286689205Z:   Create OCI config for linuxkit/mount:41685ecc8039643948e5dff46e17584753469a7a
[STDERR  ] 2017-11-15T15:01:24.288341275Z: time="2017-11-15T15:01:24Z" level=warning msg="certificate with CN Rolf Neugebauer is near expiry" 
[STDERR  ] 2017-11-15T15:01:24.292284505Z: time="2017-11-15T15:01:24Z" level=warning msg="certificate with CN Rolf Neugebauer is near expiry" 
[STDERR  ] 2017-11-15T15:01:24.949259779Z:   Create OCI config for alpine:3.6
[STDERR  ] 2017-11-15T15:01:26.531488326Z:   Create OCI config for linuxkit/poweroff:280bd01daa8776fbe1f4d912977f1886b8374834
[STDERR  ] 2017-11-15T15:01:27.56238273Z: time="2017-11-15T15:01:27Z" level=warning msg="certificate with CN Rolf Neugebauer is near expiry" 
[STDERR  ] 2017-11-15T15:01:27.565284296Z: time="2017-11-15T15:01:27Z" level=warning msg="certificate with CN Rolf Neugebauer is near expiry" 
[STDERR  ] 2017-11-15T15:01:28.083754218Z: Add files:
[STDERR  ] 2017-11-15T15:01:28.083874198Z:   check.sh
[STDERR  ] 2017-11-15T15:01:28.084018846Z: Create outputs:
[STDERR  ] 2017-11-15T15:01:36.325760869Z:   test-format-kernel test-format-initrd.img test-format-cmdline
[STDERR  ] 2017-11-15T15:01:36.560500842Z: + linuxkit run -disk file=disk.img,size=512M test-format
[STDERR  ] 2017-11-15T15:02:26.100793258Z: main-loop: WARNING: I/O thread spun for 1000 iterations
[STDERR  ] 2017-11-15T15:02:47.178244939Z: + RESULT=[    0.000000] Linux version 4.9.61-linuxkit (root@f63baf0520f0) (gcc version 6.3.0 (Alpine 6.3.0) ) #1 SMP Fri Nov 10 13:47:55 UTC 2017
[STDERR  ] 2017-11-15T15:02:47.178322048Z: [    0.000000] Command line: console=ttyS0
[STDERR  ] 2017-11-15T15:02:47.178337117Z: [    0.000000] x86/fpu: Legacy x87 FPU detected.
[STDERR  ] 2017-11-15T15:02:47.178350847Z: [    0.000000] x86/fpu: Using 'eager' FPU context switches.
[STDERR  ] 2017-11-15T15:02:47.178364616Z: [    0.000000] e820: BIOS-provided physical RAM map:
[STDERR  ] 2017-11-15T15:02:47.1783788Z: [    0.000000] BIOS-e820: [mem 0x0000000000000000-0x000000000009fbff] usable
[STDERR  ] 2017-11-15T15:02:47.1783932Z: [    0.000000] BIOS-e820: [mem 0x000000000009fc00-0x000000000009ffff] reserved
[STDERR  ] 2017-11-15T15:02:47.178406915Z: [    0.000000] BIOS-e820: [mem 0x00000000000f0000-0x00000000000fffff] reserved
[STDERR  ] 2017-11-15T15:02:47.178420224Z: [    0.000000] BIOS-e820: [mem 0x0000000000100000-0x000000003ffdefff] usable
[STDERR  ] 2017-11-15T15:02:47.178433566Z: [    0.000000] BIOS-e820: [mem 0x000000003ffdf000-0x000000003fffffff] reserved
[STDERR  ] 2017-11-15T15:02:47.178446904Z: [    0.000000] BIOS-e820: [mem 0x00000000b0000000-0x00000000bfffffff] reserved
[STDERR  ] 2017-11-15T15:02:47.178459916Z: [    0.000000] BIOS-e820: [mem 0x00000000fed1c000-0x00000000fed1ffff] reserved
[STDERR  ] 2017-11-15T15:02:47.17847345Z: [    0.000000] BIOS-e820: [mem 0x00000000fffc0000-0x00000000ffffffff] reserved
[STDERR  ] 2017-11-15T15:02:47.178486608Z: [    0.000000] NX (Execute Disable) protection: active
[STDERR  ] 2017-11-15T15:02:47.178500309Z: [    0.000000] SMBIOS 2.8 present.
[STDERR  ] 2017-11-15T15:02:47.178513384Z: [    0.000000] e820: last_pfn = 0x3ffdf max_arch_pfn = 0x400000000
[STDERR  ] 2017-11-15T15:02:47.178526446Z: [    0.000000] x86/PAT: Configuration [0-7]: WB  WC  UC- UC  WB  WC  UC- WT  
[STDERR  ] 2017-11-15T15:02:47.178539146Z: [    0.000000] found SMP MP-table at [mem 0x000f6aa0-0x000f6aaf] mapped at [ffff956bc00f6aa0]
[STDERR  ] 2017-11-15T15:02:47.178552909Z: [    0.000000] RAMDISK: [mem 0x3df69000-0x3ffcffff]
[STDERR  ] 2017-11-15T15:02:47.178566406Z: [    0.000000] ACPI: Early table checksum verification disabled
[STDERR  ] 2017-11-15T15:02:47.178579518Z: [    0.000000] ACPI: RSDP 0x00000000000F68C0 000014 (v00 BOCHS )
[STDERR  ] 2017-11-15T15:02:47.178592284Z: [    0.000000] ACPI: RSDT 0x000000003FFE2404 000034 (v01 BOCHS  BXPCRSDT 00000001 BXPC 00000001)
[STDERR  ] 2017-11-15T15:02:47.1786054Z: [    0.000000] ACPI: FACP 0x000000003FFE22A4 000074 (v01 BOCHS  BXPCFACP 00000001 BXPC 00000001)
[STDERR  ] 2017-11-15T15:02:47.178618108Z: [    0.000000] ACPI: DSDT 0x000000003FFE0040 002264 (v01 BOCHS  BXPCDSDT 00000001 BXPC 00000001)
[STDERR  ] 2017-11-15T15:02:47.178644691Z: [    0.000000] ACPI: FACS 0x000000003FFE0000 000040
[STDERR  ] 2017-11-15T15:02:47.178658061Z: [    0.000000] ACPI: APIC 0x000000003FFE2318 000078 (v01 BOCHS  BXPCAPIC 00000001 BXPC 00000001)
[STDERR  ] 2017-11-15T15:02:47.178671183Z: [    0.000000] ACPI: HPET 0x000000003FFE2390 000038 (v01 BOCHS  BXPCHPET 00000001 BXPC 00000001)
[STDERR  ] 2017-11-15T15:02:47.178684223Z: [    0.000000] ACPI: MCFG 0x000000003FFE23C8 00003C (v01 BOCHS  BXPCMCFG 00000001 BXPC 00000001)
[STDERR  ] 2017-11-15T15:02:47.178697639Z: [    0.000000] Zone ranges:
[STDERR  ] 2017-11-15T15:02:47.178710811Z: [    0.000000]   DMA      [mem 0x0000000000001000-0x0000000000ffffff]
[STDERR  ] 2017-11-15T15:02:47.178723517Z: [    0.000000]   DMA32    [mem 0x0000000001000000-0x000000003ffdefff]
[STDERR  ] 2017-11-15T15:02:47.17873639Z: [    0.000000]   Normal   empty
[STDERR  ] 2017-11-15T15:02:47.178749073Z: [    0.000000] Movable zone start for each node
[STDERR  ] 2017-11-15T15:02:47.178761971Z: [    0.000000] Early memory node ranges
[STDERR  ] 2017-11-15T15:02:47.178774745Z: [    0.000000]   node   0: [mem 0x0000000000001000-0x000000000009efff]
[STDERR  ] 2017-11-15T15:02:47.178791892Z: [    0.000000]   node   0: [mem 0x0000000000100000-0x000000003ffdefff]
[STDERR  ] 2017-11-15T15:02:47.178803743Z: [    0.000000] Initmem setup node 0 [mem 0x0000000000001000-0x000000003ffdefff]
[STDERR  ] 2017-11-15T15:02:47.178815512Z: [    0.000000] ACPI: PM-Timer IO Port: 0x608
[STDERR  ] 2017-11-15T15:02:47.178827124Z: [    0.000000] ACPI: LAPIC_NMI (acpi_id[0xff] dfl dfl lint[0x1])
[STDERR  ] 2017-11-15T15:02:47.178838801Z: [    0.000000] IOAPIC[0]: apic_id 0, version 32, address 0xfec00000, GSI 0-23
[STDERR  ] 2017-11-15T15:02:47.178855629Z: [    0.000000] ACPI: INT_SRC_OVR (bus 0 bus_irq 0 global_irq 2 dfl dfl)
[STDERR  ] 2017-11-15T15:02:47.178868799Z: [    0.000000] ACPI: INT_SRC_OVR (bus 0 bus_irq 5 global_irq 5 high level)
[STDERR  ] 2017-11-15T15:02:47.178880732Z: [    0.000000] ACPI: INT_SRC_OVR (bus 0 bus_irq 9 global_irq 9 high level)
[STDERR  ] 2017-11-15T15:02:47.178893375Z: [    0.000000] ACPI: INT_SRC_OVR (bus 0 bus_irq 10 global_irq 10 high level)
[STDERR  ] 2017-11-15T15:02:47.178905415Z: [    0.000000] ACPI: INT_SRC_OVR (bus 0 bus_irq 11 global_irq 11 high level)
[STDERR  ] 2017-11-15T15:02:47.17891746Z: [    0.000000] Using ACPI (MADT) for SMP configuration information
[STDERR  ] 2017-11-15T15:02:47.178932356Z: [    0.000000] ACPI: HPET id: 0x8086a201 base: 0xfed00000
[STDERR  ] 2017-11-15T15:02:47.178944619Z: [    0.000000] smpboot: Allowing 1 CPUs, 0 hotplug CPUs
[STDERR  ] 2017-11-15T15:02:47.178956433Z: [    0.000000] e820: [mem 0x40000000-0xafffffff] available for PCI devices
[STDERR  ] 2017-11-15T15:02:47.178968246Z: [    0.000000] Booting paravirtualized kernel on bare hardware
[STDERR  ] 2017-11-15T15:02:47.178982403Z: [    0.000000] clocksource: refined-jiffies: mask: 0xffffffff max_cycles: 0xffffffff, max_idle_ns: 19112604462750000 ns
[STDERR  ] 2017-11-15T15:02:47.178994876Z: [    0.000000] setup_percpu: NR_CPUS:128 nr_cpumask_bits:128 nr_cpu_ids:1 nr_node_ids:1
[STDERR  ] 2017-11-15T15:02:47.179006927Z: [    0.000000] percpu: Embedded 35 pages/cpu @ffff956bfdc00000 s105112 r8192 d30056 u2097152
[STDERR  ] 2017-11-15T15:02:47.179023741Z: [    0.000000] Built 1 zonelists in Zone order, mobility grouping on.  Total pages: 257896
[STDERR  ] 2017-11-15T15:02:47.179035915Z: [    0.000000] Kernel command line: console=ttyS0
[STDERR  ] 2017-11-15T15:02:47.179048323Z: [    0.000000] PID hash table entries: 4096 (order: 3, 32768 bytes)
[STDERR  ] 2017-11-15T15:02:47.179060035Z: [    0.000000] Dentry cache hash table entries: 131072 (order: 8, 1048576 bytes)
[STDERR  ] 2017-11-15T15:02:47.179072244Z: [    0.000000] Inode-cache hash table entries: 65536 (order: 7, 524288 bytes)
[STDERR  ] 2017-11-15T15:02:47.179084296Z: [    0.000000] Memory: 980992K/1048052K available (8048K kernel code, 1367K rwdata, 2700K rodata, 1380K init, 568K bss, 67060K reserved, 0K cma-reserved)
[STDERR  ] 2017-11-15T15:02:47.179104394Z: [    0.000000] Hierarchical RCU implementation.
[STDERR  ] 2017-11-15T15:02:47.179116777Z: [    0.000000] 	Build-time adjustment of leaf fanout to 64.
[STDERR  ] 2017-11-15T15:02:47.179128825Z: [    0.000000] 	RCU restricting CPUs from NR_CPUS=128 to nr_cpu_ids=1.
[STDERR  ] 2017-11-15T15:02:47.179139962Z: [    0.000000] RCU: Adjusting geometry for rcu_fanout_leaf=64, nr_cpu_ids=1
[STDERR  ] 2017-11-15T15:02:47.179151071Z: [    0.000000] NR_IRQS:8448 nr_irqs:256 16
[STDERR  ] 2017-11-15T15:02:47.179162344Z: [    0.000000] Console: colour VGA+ 80x25
[STDERR  ] 2017-11-15T15:02:47.179173991Z: [    0.000000] console [ttyS0] enabled
[STDERR  ] 2017-11-15T15:02:47.179187923Z: [    0.000000] clocksource: hpet: mask: 0xffffffff max_cycles: 0xffffffff, max_idle_ns: 19112604467 ns
[STDERR  ] 2017-11-15T15:02:47.179199909Z: [    0.000000] tsc: Unable to calibrate against PIT
[STDERR  ] 2017-11-15T15:02:47.179210853Z: [    0.000000] tsc: using HPET reference calibration
[STDERR  ] 2017-11-15T15:02:47.179221774Z: [    0.000000] tsc: Detected 2300.098 MHz processor
[STDERR  ] 2017-11-15T15:02:47.179232639Z: [    0.052441] Calibrating delay loop (skipped), value calculated using timer frequency.. 4600.19 BogoMIPS (lpj=23000980)
[STDERR  ] 2017-11-15T15:02:47.179248146Z: [    0.053935] pid_max: default: 32768 minimum: 301
[STDERR  ] 2017-11-15T15:02:47.179260124Z: [    0.055362] ACPI: Core revision 20160831
[STDERR  ] 2017-11-15T15:02:47.179271699Z: [    0.133867] ACPI: 1 ACPI AML tables successfully acquired and loaded
[STDERR  ] 2017-11-15T15:02:47.179283042Z: [    0.139227] Security Framework initialized
[STDERR  ] 2017-11-15T15:02:47.17929408Z: [    0.139767] Yama: becoming mindful.
[STDERR  ] 2017-11-15T15:02:47.17930524Z: [    0.142942] Mount-cache hash table entries: 2048 (order: 2, 16384 bytes)
[STDERR  ] 2017-11-15T15:02:47.179316546Z: [    0.143681] Mountpoint-cache hash table entries: 2048 (order: 2, 16384 bytes)
[STDERR  ] 2017-11-15T15:02:47.179327804Z: [    0.176879] Last level iTLB entries: 4KB 0, 2MB 0, 4MB 0
[STDERR  ] 2017-11-15T15:02:47.179338843Z: [    0.177460] Last level dTLB entries: 4KB 0, 2MB 0, 4MB 0, 1GB 0
[STDERR  ] 2017-11-15T15:02:47.179349768Z: [    0.738713] Freeing SMP alternatives memory: 20K
[STDERR  ] 2017-11-15T15:02:47.179360462Z: [    0.753579] ftrace: allocating 35542 entries in 139 pages
[STDERR  ] 2017-11-15T15:02:47.179371152Z: [    1.018431] smpboot: Max logical packages: 1
[STDERR  ] 2017-11-15T15:02:47.179382486Z: [    1.029874] ..TIMER: vector=0x30 apic1=0 pin1=2 apic2=-1 pin2=-1
[STDERR  ] 2017-11-15T15:02:47.179393716Z: [    1.130000] smpboot: CPU0: AMD QEMU Virtual CPU version 2.5+ (family: 0x6, model: 0x6, stepping: 0x3)
[STDERR  ] 2017-11-15T15:02:47.179407838Z: [    1.130000] Performance Events: PMU not available due to virtualization, using software events only.
[STDERR  ] 2017-11-15T15:02:47.179418894Z: [    1.149331] NMI watchdog: disabled (cpu0): hardware events not enabled
[STDERR  ] 2017-11-15T15:02:47.179430216Z: [    1.149826] NMI watchdog: Shutting down hard lockup detector on all cpus
[STDERR  ] 2017-11-15T15:02:47.179444386Z: [    1.153493] x86: Booted up 1 node, 1 CPUs
[STDERR  ] 2017-11-15T15:02:47.179455825Z: [    1.153898] smpboot: Total of 1 processors activated (4600.19 BogoMIPS)
[STDERR  ] 2017-11-15T15:02:47.179466836Z: [    1.176694] devtmpfs: initialized
[STDERR  ] 2017-11-15T15:02:47.179479458Z: [    1.184895] x86/mm: Memory block size: 128MB
[STDERR  ] 2017-11-15T15:02:47.179491474Z: [    1.297767] clocksource: jiffies: mask: 0xffffffff max_cycles: 0xffffffff, max_idle_ns: 19112604462750000 ns
[STDERR  ] 2017-11-15T15:02:47.179503939Z: [    1.298790] futex hash table entries: 256 (order: 2, 16384 bytes)
[STDERR  ] 2017-11-15T15:02:47.179515654Z: [    1.312195] NET: Registered protocol family 16
[STDERR  ] 2017-11-15T15:02:47.179528026Z: [    1.328311] cpuidle: using governor ladder
[STDERR  ] 2017-11-15T15:02:47.179538367Z: [    1.328816] cpuidle: using governor menu
[STDERR  ] 2017-11-15T15:02:47.179549329Z: [    1.330681] ACPI: bus type PCI registered
[STDERR  ] 2017-11-15T15:02:47.179564655Z: [    1.335451] PCI: MMCONFIG for domain 0000 [bus 00-ff] at [mem 0xb0000000-0xbfffffff] (base 0xb0000000)
[STDERR  ] 2017-11-15T15:02:47.179576259Z: [    1.336264] PCI: MMCONFIG at [mem 0xb0000000-0xbfffffff] reserved in E820
[STDERR  ] 2017-11-15T15:02:47.179587304Z: [    1.338165] PCI: Using configuration type 1 for base access
[STDERR  ] 2017-11-15T15:02:47.179598415Z: [    1.434640] HugeTLB registered 2 MB page size, pre-allocated 0 pages
[STDERR  ] 2017-11-15T15:02:47.179609535Z: [    1.450849] ACPI: Added _OSI(Module Device)
[STDERR  ] 2017-11-15T15:02:47.179621761Z: [    1.451187] ACPI: Added _OSI(Processor Device)
[STDERR  ] 2017-11-15T15:02:47.179632594Z: [    1.451472] ACPI: Added _OSI(3.0 _SCP Extensions)
[STDERR  ] 2017-11-15T15:02:47.179644133Z: [    1.451789] ACPI: Added _OSI(Processor Aggregator Device)
[STDERR  ] 2017-11-15T15:02:47.179655615Z: [    1.580774] ACPI: Interpreter enabled
[STDERR  ] 2017-11-15T15:02:47.179667255Z: [    1.581900] ACPI: (supports S0 S5)
[STDERR  ] 2017-11-15T15:02:47.179678746Z: [    1.582249] ACPI: Using IOAPIC for interrupt routing
[STDERR  ] 2017-11-15T15:02:47.179690558Z: [    1.585026] PCI: Using host bridge windows from ACPI; if necessary, use "pci=nocrs" and report a bug
[STDERR  ] 2017-11-15T15:02:47.179708203Z: [    1.692237] ACPI: PCI Root Bridge [PCI0] (domain 0000 [bus 00-ff])
[STDERR  ] 2017-11-15T15:02:47.179720896Z: [    1.693534] acpi PNP0A08:00: _OSC: OS supports [ExtendedConfig ASPM ClockPM Segments MSI]
[STDERR  ] 2017-11-15T15:02:47.179733085Z: [    1.702747] acpi PNP0A08:00: _OSC: OS now controls [PCIeHotplug PME PCIeCapability]
[STDERR  ] 2017-11-15T15:02:47.179747755Z: [    1.708497] PCI host bridge to bus 0000:00
[STDERR  ] 2017-11-15T15:02:47.179760162Z: [    1.709003] pci_bus 0000:00: root bus resource [io  0x0000-0x0cf7 window]
[STDERR  ] 2017-11-15T15:02:47.1797675Z: [    1.709463] pci_bus 0000:00: root bus resource [io  0x0d00-0xffff window]
[STDERR  ] 2017-11-15T15:02:47.179774336Z: [    1.709877] pci_bus 0000:00: root bus resource [mem 0x000a0000-0x000bffff window]
[STDERR  ] 2017-11-15T15:02:47.179781232Z: [    1.710091] pci_bus 0000:00: root bus resource [mem 0xc0000000-0xfebfffff window]
[STDERR  ] 2017-11-15T15:02:47.179787974Z: [    1.710759] pci_bus 0000:00: root bus resource [bus 00-ff]
[STDERR  ] 2017-11-15T15:02:47.179797601Z: [    1.884104] pci 0000:00:1f.0: quirk: [io  0x0600-0x067f] claimed by ICH6 ACPI/GPIO/TCO
[STDERR  ] 2017-11-15T15:02:47.1798058Z: [    1.981840] ACPI: PCI Interrupt Link [LNKA] (IRQs 5 *10 11)
[STDERR  ] 2017-11-15T15:02:47.179812701Z: [    1.984758] ACPI: PCI Interrupt Link [LNKB] (IRQs 5 *10 11)
[STDERR  ] 2017-11-15T15:02:47.179819485Z: [    1.987278] ACPI: PCI Interrupt Link [LNKC] (IRQs 5 10 *11)
[STDERR  ] 2017-11-15T15:02:47.179828639Z: [    1.990071] ACPI: PCI Interrupt Link [LNKD] (IRQs 5 10 *11)
[STDERR  ] 2017-11-15T15:02:47.179835436Z: [    1.992633] ACPI: PCI Interrupt Link [LNKE] (IRQs 5 *10 11)
[STDERR  ] 2017-11-15T15:02:47.179842336Z: [    1.995105] ACPI: PCI Interrupt Link [LNKF] (IRQs 5 *10 11)
[STDERR  ] 2017-11-15T15:02:47.179849085Z: [    1.997609] ACPI: PCI Interrupt Link [LNKG] (IRQs 5 10 *11)
[STDERR  ] 2017-11-15T15:02:47.179855958Z: [    2.000239] ACPI: PCI Interrupt Link [LNKH] (IRQs 5 10 *11)
[STDERR  ] 2017-11-15T15:02:47.179862687Z: [    2.001297] ACPI: PCI Interrupt Link [GSIA] (IRQs *16)
[STDERR  ] 2017-11-15T15:02:47.179869524Z: [    2.002112] ACPI: PCI Interrupt Link [GSIB] (IRQs *17)
[STDERR  ] 2017-11-15T15:02:47.17987638Z: [    2.002880] ACPI: PCI Interrupt Link [GSIC] (IRQs *18)
[STDERR  ] 2017-11-15T15:02:47.179883392Z: [    2.003650] ACPI: PCI Interrupt Link [GSID] (IRQs *19)
[STDERR  ] 2017-11-15T15:02:47.179890114Z: [    2.004404] ACPI: PCI Interrupt Link [GSIE] (IRQs *20)
[STDERR  ] 2017-11-15T15:02:47.179896948Z: [    2.005196] ACPI: PCI Interrupt Link [GSIF] (IRQs *21)
[STDERR  ] 2017-11-15T15:02:47.179903731Z: [    2.005950] ACPI: PCI Interrupt Link [GSIG] (IRQs *22)
[STDERR  ] 2017-11-15T15:02:47.179915032Z: [    2.006723] ACPI: PCI Interrupt Link [GSIH] (IRQs *23)
[STDERR  ] 2017-11-15T15:02:47.179921696Z: [    2.012563] ACPI: Enabled 2 GPEs in block 00 to 3F
[STDERR  ] 2017-11-15T15:02:47.179928434Z: [    2.019299] SCSI subsystem initialized
[STDERR  ] 2017-11-15T15:02:47.17993521Z: [    2.022348] ACPI: bus type USB registered
[STDERR  ] 2017-11-15T15:02:47.179942098Z: [    2.023958] usbcore: registered new interface driver usbfs
[STDERR  ] 2017-11-15T15:02:47.179948868Z: [    2.025125] usbcore: registered new interface driver hub
[STDERR  ] 2017-11-15T15:02:47.179956625Z: [    2.026130] usbcore: registered new device driver usb
[STDERR  ] 2017-11-15T15:02:47.179963368Z: [    2.027825] pps_core: LinuxPPS API ver. 1 registered
[STDERR  ] 2017-11-15T15:02:47.179971923Z: [    2.028152] pps_core: Software ver. 5.3.6 - Copyright 2005-2007 Rodolfo Giometti <giometti@linux.it>
[STDERR  ] 2017-11-15T15:02:47.179978946Z: [    2.028880] PTP clock support registered
[STDERR  ] 2017-11-15T15:02:47.179985804Z: [    2.030768] wmi: Mapper loaded
[STDERR  ] 2017-11-15T15:02:47.179992633Z: [    2.032359] PCI: Using ACPI for IRQ routing
[STDERR  ] 2017-11-15T15:02:47.179999469Z: [    2.064192] NetLabel: Initializing
[STDERR  ] 2017-11-15T15:02:47.180009398Z: [    2.064467] NetLabel:  domain hash size = 128
[STDERR  ] 2017-11-15T15:02:47.180016128Z: [    2.064739] NetLabel:  protocols = UNLABELED CIPSOv4
[STDERR  ] 2017-11-15T15:02:47.180022757Z: [    2.067597] NetLabel:  unlabeled traffic allowed by default
[STDERR  ] 2017-11-15T15:02:47.180029511Z: [    2.068843] HPET: 3 timers in total, 0 timers will be used for per-cpu timer
[STDERR  ] 2017-11-15T15:02:47.18003642Z: [    2.069714] hpet0: at MMIO 0xfed00000, IRQs 2, 8, 0
[STDERR  ] 2017-11-15T15:02:47.180043231Z: [    2.070347] hpet0: 3 comparators, 64-bit 100.000000 MHz counter
[STDERR  ] 2017-11-15T15:02:47.180053108Z: [    2.077742] clocksource: Switched to clocksource hpet
[STDERR  ] 2017-11-15T15:02:47.180060172Z: [    2.579919] VFS: Disk quotas dquot_6.6.0
[STDERR  ] 2017-11-15T15:02:47.180066868Z: [    2.581070] VFS: Dquot-cache hash table entries: 512 (order 0, 4096 bytes)
[STDERR  ] 2017-11-15T15:02:47.180073741Z: [    2.585117] FS-Cache: Loaded
[STDERR  ] 2017-11-15T15:02:47.18008049Z: [    2.593256] CacheFiles: Loaded
[STDERR  ] 2017-11-15T15:02:47.180087881Z: [    2.595684] pnp: PnP ACPI init
[STDERR  ] 2017-11-15T15:02:47.180095164Z: [    2.614114] pnp: PnP ACPI: found 5 devices
[STDERR  ] 2017-11-15T15:02:47.180101949Z: [    2.694315] clocksource: acpi_pm: mask: 0xffffff max_cycles: 0xffffff, max_idle_ns: 2085701024 ns
[STDERR  ] 2017-11-15T15:02:47.180109441Z: [    2.698692] NET: Registered protocol family 2
[STDERR  ] 2017-11-15T15:02:47.180116278Z: [    2.713869] TCP established hash table entries: 8192 (order: 4, 65536 bytes)
[STDERR  ] 2017-11-15T15:02:47.180123117Z: [    2.715051] TCP bind hash table entries: 8192 (order: 5, 131072 bytes)
[STDERR  ] 2017-11-15T15:02:47.180130088Z: [    2.715854] TCP: Hash tables configured (established 8192 bind 8192)
[STDERR  ] 2017-11-15T15:02:47.180136759Z: [    2.718382] UDP hash table entries: 512 (order: 2, 16384 bytes)
[STDERR  ] 2017-11-15T15:02:47.180143646Z: [    2.718992] UDP-Lite hash table entries: 512 (order: 2, 16384 bytes)
[STDERR  ] 2017-11-15T15:02:47.180150322Z: [    2.722799] NET: Registered protocol family 1
[STDERR  ] 2017-11-15T15:02:47.180157114Z: [    2.724101] pci 0000:00:01.0: Video device with shadowed ROM at [mem 0x000c0000-0x000dffff]
[STDERR  ] 2017-11-15T15:02:47.180164142Z: [    2.738144] Unpacking initramfs...
[STDERR  ] 2017-11-15T15:02:47.180170761Z: [   12.986173] Freeing initrd memory: 33180K
[STDERR  ] 2017-11-15T15:02:47.180177577Z: [   13.108652] PCLMULQDQ-NI instructions are not detected.
[STDERR  ] 2017-11-15T15:02:47.180184321Z: [   13.121961] AVX or AES-NI instructions are not detected.
[STDERR  ] 2017-11-15T15:02:47.180190934Z: [   13.122311] CPU feature 'AVX registers' is not supported.
[STDERR  ] 2017-11-15T15:02:47.180197573Z: [   13.122592] CPU feature 'AVX registers' is not supported.
[STDERR  ] 2017-11-15T15:02:47.180208012Z: [   13.122867] CPU feature 'AVX registers' is not supported.
[STDERR  ] 2017-11-15T15:02:47.180214692Z: [   13.123137] CPU feature 'AVX registers' is not supported.
[STDERR  ] 2017-11-15T15:02:47.180223827Z: [   13.123400] AVX2 or AES-NI instructions are not detected.
[STDERR  ] 2017-11-15T15:02:47.180233028Z: [   13.123664] AVX2 instructions are not detected.
[STDERR  ] 2017-11-15T15:02:47.180239883Z: [   13.143328] audit: initializing netlink subsys (disabled)
[STDERR  ] 2017-11-15T15:02:47.180246884Z: [   13.145481] audit: type=2000 audit(1510758111.140:1): initialized
[STDERR  ] 2017-11-15T15:02:47.18025382Z: [   13.174358] workingset: timestamp_bits=46 max_order=18 bucket_order=0
[STDERR  ] 2017-11-15T15:02:47.180260716Z: [   13.203184] squashfs: version 4.0 (2009/01/31) Phillip Lougher
[STDERR  ] 2017-11-15T15:02:47.180267462Z: [   13.222863] FS-Cache: Netfs 'cifs' registered for caching
[STDERR  ] 2017-11-15T15:02:47.180274179Z: [   13.223965] fuse init (API version 7.26)
[STDERR  ] 2017-11-15T15:02:47.180281089Z: [   13.227447] SGI XFS with ACLs, security attributes, no debug enabled
[STDERR  ] 2017-11-15T15:02:47.180290502Z: [   13.243077] 9p: Installing v9fs 9p2000 file system support
[STDERR  ] 2017-11-15T15:02:47.180302931Z: [   13.243506] FS-Cache: Netfs '9p' registered for caching
[STDERR  ] 2017-11-15T15:02:47.180309928Z: [   13.394511] NET: Registered protocol family 38
[STDERR  ] 2017-11-15T15:02:47.180316631Z: [   13.395154] Key type asymmetric registered
[STDERR  ] 2017-11-15T15:02:47.180323427Z: [   13.395475] Asymmetric key parser 'x509' registered
[STDERR  ] 2017-11-15T15:02:47.180330035Z: [   13.396432] Block layer SCSI generic (bsg) driver version 0.4 loaded (major 251)
[STDERR  ] 2017-11-15T15:02:47.180336811Z: [   13.397954] io scheduler noop registered
[STDERR  ] 2017-11-15T15:02:47.180343549Z: [   13.398215] io scheduler deadline registered (default)
[STDERR  ] 2017-11-15T15:02:47.180350195Z: [   13.399136] io scheduler cfq registered
[STDERR  ] 2017-11-15T15:02:47.180356968Z: [   13.403692] pci_hotplug: PCI Hot Plug PCI Core version: 0.5
[STDERR  ] 2017-11-15T15:02:47.180363797Z: [   13.404375] pciehp: PCI Express Hot Plug Controller Driver version: 0.4
[STDERR  ] 2017-11-15T15:02:47.180370512Z: [   13.405374] shpchp: Standard Hot Plug PCI Controller Driver version: 0.4
[STDERR  ] 2017-11-15T15:02:47.180377427Z: [   13.406342] hv_vmbus: registering driver hyperv_fb
[STDERR  ] 2017-11-15T15:02:47.18038403Z: [   13.412372] input: Power Button as /devices/LNXSYSTM:00/LNXPWRBN:00/input/input0
[STDERR  ] 2017-11-15T15:02:47.180390816Z: [   13.413655] ACPI: Power Button [PWRF]
[STDERR  ] 2017-11-15T15:02:47.180397538Z: [   13.421605] GHES: HEST is not enabled!
[STDERR  ] 2017-11-15T15:02:47.180408768Z: [   13.440493] ACPI: PCI Interrupt Link [GSIG] enabled at IRQ 22
[STDERR  ] 2017-11-15T15:02:47.180416085Z: [   13.460419] ACPI: PCI Interrupt Link [GSIH] enabled at IRQ 23
[STDERR  ] 2017-11-15T15:02:47.180422869Z: [   13.466770] xenfs: not registering filesystem on non-xen platform
[STDERR  ] 2017-11-15T15:02:47.180429535Z: [   13.469660] Serial: 8250/16550 driver, 4 ports, IRQ sharing disabled
[STDERR  ] 2017-11-15T15:02:47.180436411Z: [   13.503371] 00:04: ttyS0 at I/O 0x3f8 (irq = 4, base_baud = 115200) is a 16550A
[STDERR  ] 2017-11-15T15:02:47.180443057Z: [   13.520799] Non-volatile memory driver v1.3
[STDERR  ] 2017-11-15T15:02:47.180449869Z: [   13.531243] Hangcheck: starting hangcheck timer 0.9.1 (tick is 180 seconds, margin is 60 seconds).
[STDERR  ] 2017-11-15T15:02:47.180456738Z: [   13.539570] random: fast init done
[STDERR  ] 2017-11-15T15:02:47.180463456Z: [   13.541484] random: crng init done
[STDERR  ] 2017-11-15T15:02:47.180470098Z: [   13.600471] loop: module loaded
[STDERR  ] 2017-11-15T15:02:47.18047726Z: [   13.625367] nbd: registered device at major 43
[STDERR  ] 2017-11-15T15:02:47.180484183Z: [   13.699097] lpc_ich 0000:00:1f.0: I/O space for GPIO uninitialized
[STDERR  ] 2017-11-15T15:02:47.18049085Z: [   13.701855] VMware PVSCSI driver - version 1.0.7.0-k
[STDERR  ] 2017-11-15T15:02:47.180501496Z: [   13.702911] hv_vmbus: registering driver hv_storvsc
[STDERR  ] 2017-11-15T15:02:47.180508262Z: [   13.719854] ACPI: PCI Interrupt Link [GSIA] enabled at IRQ 16
[STDERR  ] 2017-11-15T15:02:47.18051496Z: [   13.730967] ahci 0000:00:1f.2: AHCI 0001.0000 32 slots 6 ports 1.5 Gbps 0x3f impl SATA mode
[STDERR  ] 2017-11-15T15:02:47.180521807Z: [   13.734354] ahci 0000:00:1f.2: flags: 64bit ncq only 
[STDERR  ] 2017-11-15T15:02:47.180528386Z: [   13.785071] scsi host0: ahci
[STDERR  ] 2017-11-15T15:02:47.18053563Z: [   13.792695] scsi host1: ahci
[STDERR  ] 2017-11-15T15:02:47.180542764Z: [   13.796379] scsi host2: ahci
[STDERR  ] 2017-11-15T15:02:47.180549807Z: [   13.800654] scsi host3: ahci
[STDERR  ] 2017-11-15T15:02:47.180556423Z: [   13.805856] scsi host4: ahci
[STDERR  ] 2017-11-15T15:02:47.180563122Z: [   13.810984] scsi host5: ahci
[STDERR  ] 2017-11-15T15:02:47.180569784Z: [   13.814885] ata1: SATA max UDMA/133 abar m4096@0xfebd2000 port 0xfebd2100 irq 24
[STDERR  ] 2017-11-15T15:02:47.180576618Z: [   13.815535] ata2: SATA max UDMA/133 abar m4096@0xfebd2000 port 0xfebd2180 irq 24
[STDERR  ] 2017-11-15T15:02:47.180586588Z: [   13.815986] ata3: SATA max UDMA/133 abar m4096@0xfebd2000 port 0xfebd2200 irq 24
[STDERR  ] 2017-11-15T15:02:47.180593293Z: [   13.816528] ata4: SATA max UDMA/133 abar m4096@0xfebd2000 port 0xfebd2280 irq 24
[STDERR  ] 2017-11-15T15:02:47.180600005Z: [   13.817031] ata5: SATA max UDMA/133 abar m4096@0xfebd2000 port 0xfebd2300 irq 24
[STDERR  ] 2017-11-15T15:02:47.180606731Z: [   13.817481] ata6: SATA max UDMA/133 abar m4096@0xfebd2000 port 0xfebd2380 irq 24
[STDERR  ] 2017-11-15T15:02:47.180613365Z: [   13.841489] tun: Universal TUN/TAP device driver, 1.6
[STDERR  ] 2017-11-15T15:02:47.180620278Z: [   13.841963] tun: (C) 1999-2004 Max Krasnyansky <maxk@qualcomm.com>
[STDERR  ] 2017-11-15T15:02:47.180626965Z: [   13.865905] VMware vmxnet3 virtual NIC driver - version 1.4.a.0-k-NAPI
[STDERR  ] 2017-11-15T15:02:47.180633695Z: [   13.867400] hv_vmbus: registering driver hv_netvsc
[STDERR  ] 2017-11-15T15:02:47.180640455Z: [   13.867846] Fusion MPT base driver 3.04.20
[STDERR  ] 2017-11-15T15:02:47.180647313Z: [   13.868186] Copyright (c) 1999-2008 LSI Corporation
[STDERR  ] 2017-11-15T15:02:47.180653939Z: [   13.868944] Fusion MPT SPI Host driver 3.04.20
[STDERR  ] 2017-11-15T15:02:47.180660751Z: [   13.874050] i8042: PNP: PS/2 Controller [PNP0303:KBD,PNP0f13:MOU] at 0x60,0x64 irq 1,12
[STDERR  ] 2017-11-15T15:02:47.180667916Z: [   13.882283] serio: i8042 KBD port at 0x60,0x64 irq 1
[STDERR  ] 2017-11-15T15:02:47.180674661Z: [   13.883161] serio: i8042 AUX port at 0x60,0x64 irq 12
[STDERR  ] 2017-11-15T15:02:47.180683163Z: [   13.886695] hv_vmbus: registering driver hyperv_keyboard
[STDERR  ] 2017-11-15T15:02:47.18069278Z: [   13.892278] mousedev: PS/2 mouse device common for all mice
[STDERR  ] 2017-11-15T15:02:47.180701711Z: [   13.897957] input: AT Translated Set 2 keyboard as /devices/platform/i8042/serio0/input/input1
[STDERR  ] 2017-11-15T15:02:47.180711229Z: [   13.906768] input: PC Speaker as /devices/platform/pcspkr/input/input2
[STDERR  ] 2017-11-15T15:02:47.180719969Z: [   13.909340] rtc_cmos 00:00: RTC can wake from S4
[STDERR  ] 2017-11-15T15:02:47.180727046Z: [   13.916661] rtc_cmos 00:00: rtc core: registered rtc_cmos as rtc0
[STDERR  ] 2017-11-15T15:02:47.18073378Z: [   13.918463] rtc_cmos 00:00: alarms up to one day, y3k, 114 bytes nvram, hpet irqs
[STDERR  ] 2017-11-15T15:02:47.18074061Z: [   13.919538] i2c /dev entries driver
[STDERR  ] 2017-11-15T15:02:47.180747479Z: [   13.924201] device-mapper: ioctl: 4.35.0-ioctl (2016-06-23) initialised: dm-devel@redhat.com
[STDERR  ] 2017-11-15T15:02:47.180755078Z: [   13.932392] usbcore: registered new interface driver usbhid
[STDERR  ] 2017-11-15T15:02:47.18076175Z: [   13.933011] usbhid: USB HID core driver
[STDERR  ] 2017-11-15T15:02:47.180768558Z: [   13.934235] hv_utils: Registering HyperV Utility Driver
[STDERR  ] 2017-11-15T15:02:47.180780813Z: [   13.934833] hv_vmbus: registering driver hv_util
[STDERR  ] 2017-11-15T15:02:47.180787592Z: [   13.935330] hv_vmbus: registering driver hv_balloon
[STDERR  ] 2017-11-15T15:02:47.180794254Z: [   13.936105] oprofile: using NMI interrupt.
[STDERR  ] 2017-11-15T15:02:47.180800996Z: [   13.937675] GACT probability on
[STDERR  ] 2017-11-15T15:02:47.180808727Z: [   13.938355] Mirror/redirect action on
[STDERR  ] 2017-11-15T15:02:47.180816239Z: [   13.939708] Simple TC action Loaded
[STDERR  ] 2017-11-15T15:02:47.18082308Z: [   13.940925] u32 classifier
[STDERR  ] 2017-11-15T15:02:47.18083043Z: [   13.941257]     Performance counters on
[STDERR  ] 2017-11-15T15:02:47.180837148Z: [   13.941647]     input device check on
[STDERR  ] 2017-11-15T15:02:47.180843993Z: [   13.942040]     Actions configured
[STDERR  ] 2017-11-15T15:02:47.18085061Z: [   13.942903] Netfilter messages via NETLINK v0.30.
[STDERR  ] 2017-11-15T15:02:47.180857383Z: [   13.943805] nfnl_acct: registering with nfnetlink.
[STDERR  ] 2017-11-15T15:02:47.180864106Z: [   13.945969] nf_conntrack version 0.5.0 (8192 buckets, 32768 max)
[STDERR  ] 2017-11-15T15:02:47.18087091Z: [   13.951562] ctnetlink v0.93: registering with nfnetlink.
[STDERR  ] 2017-11-15T15:02:47.180881139Z: [   13.957253] nf_tables: (c) 2007-2009 Patrick McHardy <kaber@trash.net>
[STDERR  ] 2017-11-15T15:02:47.180888157Z: [   13.958553] nf_tables_compat: (c) 2012 Pablo Neira Ayuso <pablo@netfilter.org>
[STDERR  ] 2017-11-15T15:02:47.180894933Z: [   13.962715] xt_time: kernel timezone is -0000
[STDERR  ] 2017-11-15T15:02:47.180904128Z: [   13.963512] ip_set: protocol 6
[STDERR  ] 2017-11-15T15:02:47.180911619Z: [   13.964492] IPVS: Registered protocols (TCP, UDP, SCTP, AH, ESP)
[STDERR  ] 2017-11-15T15:02:47.180918439Z: [   13.965414] IPVS: Connection hash table configured (size=4096, memory=64Kbytes)
[STDERR  ] 2017-11-15T15:02:47.180925209Z: [   13.967988] IPVS: Creating netns size=2104 id=0
[STDERR  ] 2017-11-15T15:02:47.180932057Z: [   13.972851] IPVS: ipvs loaded.
[STDERR  ] 2017-11-15T15:02:47.180939176Z: [   13.973375] IPVS: [rr] scheduler registered.
[STDERR  ] 2017-11-15T15:02:47.180945997Z: [   13.973876] IPVS: [wrr] scheduler registered.
[STDERR  ] 2017-11-15T15:02:47.180952672Z: [   13.974331] IPVS: [lc] scheduler registered.
[STDERR  ] 2017-11-15T15:02:47.180959484Z: [   13.974821] IPVS: [wlc] scheduler registered.
[STDERR  ] 2017-11-15T15:02:47.180966234Z: [   13.975271] IPVS: [fo] scheduler registered.
[STDERR  ] 2017-11-15T15:02:47.180972934Z: [   13.975711] IPVS: [ovf] scheduler registered.
[STDERR  ] 2017-11-15T15:02:47.180979583Z: [   13.976315] IPVS: [lblc] scheduler registered.
[STDERR  ] 2017-11-15T15:02:47.180986243Z: [   13.976931] IPVS: [lblcr] scheduler registered.
[STDERR  ] 2017-11-15T15:02:47.180992995Z: [   13.977418] IPVS: [dh] scheduler registered.
[STDERR  ] 2017-11-15T15:02:47.180999867Z: [   13.977862] IPVS: [sh] scheduler registered.
[STDERR  ] 2017-11-15T15:02:47.181006511Z: [   13.978310] IPVS: [sed] scheduler registered.
[STDERR  ] 2017-11-15T15:02:47.181013079Z: [   13.978769] IPVS: [nq] scheduler registered.
[STDERR  ] 2017-11-15T15:02:47.181019662Z: [   13.979779] IPVS: ftp: loaded support on port[0] = 21
[STDERR  ] 2017-11-15T15:02:47.18102636Z: [   13.981557] ipip: IPv4 and MPLS over IPv4 tunneling driver
[STDERR  ] 2017-11-15T15:02:47.181033037Z: [   13.988377] gre: GRE over IPv4 demultiplexor driver
[STDERR  ] 2017-11-15T15:02:47.181039602Z: [   13.993310] ip_tables: (C) 2000-2006 Netfilter Core Team
[STDERR  ] 2017-11-15T15:02:47.181046149Z: [   13.998584] ipt_CLUSTERIP: ClusterIP Version 0.8 loaded successfully
[STDERR  ] 2017-11-15T15:02:47.181052819Z: [   13.999692] arp_tables: arp_tables: (C) 2002 David S. Miller
[STDERR  ] 2017-11-15T15:02:47.181059542Z: [   14.000943] tsc: Refined TSC clocksource calibration: 2300.036 MHz
[STDERR  ] 2017-11-15T15:02:47.181066202Z: [   14.001675] clocksource: tsc: mask: 0xffffffffffffffff max_cycles: 0x212756f2070, max_idle_ns: 440795211913 ns
[STDERR  ] 2017-11-15T15:02:47.181072999Z: [   14.006046] NET: Registered protocol family 10
[STDERR  ] 2017-11-15T15:02:47.181082989Z: [   14.022477] ip6_tables: (C) 2000-2006 Netfilter Core Team
[STDERR  ] 2017-11-15T15:02:47.181089785Z: [   14.036564] NET: Registered protocol family 17
[STDERR  ] 2017-11-15T15:02:47.181096552Z: [   14.038181] Bridge firewalling registered
[STDERR  ] 2017-11-15T15:02:47.181103435Z: [   14.038975] Ebtables v2.0 registered
[STDERR  ] 2017-11-15T15:02:47.18111012Z: [   14.043022] 8021q: 802.1Q VLAN Support v1.8
[STDERR  ] 2017-11-15T15:02:47.18111676Z: [   14.045470] 9pnet: Installing 9P2000 support
[STDERR  ] 2017-11-15T15:02:47.181123436Z: [   14.048576] Key type dns_resolver registered
[STDERR  ] 2017-11-15T15:02:47.181130092Z: [   14.049900] microcode: AMD CPU family 0x6 not supported
[STDERR  ] 2017-11-15T15:02:47.181136735Z: [   14.057323] registered taskstats version 1
[STDERR  ] 2017-11-15T15:02:47.181147463Z: [   14.152437] ata4: SATA link down (SStatus 0 SControl 300)
[STDERR  ] 2017-11-15T15:02:47.181154595Z: [   14.156998] ata3: SATA link up 1.5 Gbps (SStatus 113 SControl 300)
[STDERR  ] 2017-11-15T15:02:47.181161197Z: [   14.161227] ata2: SATA link down (SStatus 0 SControl 300)
[STDERR  ] 2017-11-15T15:02:47.181170061Z: [   14.161772] ata1: SATA link up 1.5 Gbps (SStatus 113 SControl 300)
[STDERR  ] 2017-11-15T15:02:47.181179948Z: [   14.164888] ata1.00: ATA-7: QEMU HARDDISK, 2.5+, max UDMA/100
[STDERR  ] 2017-11-15T15:02:47.181186931Z: [   14.165348] ata1.00: 1048576 sectors, multi 16: LBA48 NCQ (depth 31/32)
[STDERR  ] 2017-11-15T15:02:47.181193661Z: [   14.165976] ata1.00: applying bridge limits
[STDERR  ] 2017-11-15T15:02:47.181200396Z: [   14.168686] ata1.00: configured for UDMA/100
[STDERR  ] 2017-11-15T15:02:47.181207155Z: [   14.172641] ata6: SATA link down (SStatus 0 SControl 300)
[STDERR  ] 2017-11-15T15:02:47.181213789Z: [   14.173435] ata5: SATA link down (SStatus 0 SControl 300)
[STDERR  ] 2017-11-15T15:02:47.181222253Z: [   14.201464] ata3.00: ATAPI: QEMU DVD-ROM, 2.5+, max UDMA/100
[STDERR  ] 2017-11-15T15:02:47.181229236Z: [   14.202038] ata3.00: applying bridge limits
[STDERR  ] 2017-11-15T15:02:47.181235812Z: [   14.203073] ata3.00: configured for UDMA/100
[STDERR  ] 2017-11-15T15:02:47.181242383Z: [   14.224671] scsi 0:0:0:0: Direct-Access     ATA      QEMU HARDDISK    2.5+ PQ: 0 ANSI: 5
[STDERR  ] 2017-11-15T15:02:47.181249781Z: [   14.245215] sd 0:0:0:0: [sda] 1048576 512-byte logical blocks: (537 MB/512 MiB)
[STDERR  ] 2017-11-15T15:02:47.181256604Z: [   14.262669] sd 0:0:0:0: Attached scsi generic sg0 type 0
[STDERR  ] 2017-11-15T15:02:47.1812633Z: [   14.264959] sd 0:0:0:0: [sda] Write Protect is off
[STDERR  ] 2017-11-15T15:02:47.181270176Z: [   14.269017] sd 0:0:0:0: [sda] Write cache: enabled, read cache: enabled, doesn't support DPO or FUA
[STDERR  ] 2017-11-15T15:02:47.18127697Z: [   14.273209] scsi 2:0:0:0: CD-ROM            QEMU     QEMU DVD-ROM     2.5+ PQ: 0 ANSI: 5
[STDERR  ] 2017-11-15T15:02:47.181284322Z: [   14.295752] sr 2:0:0:0: [sr0] scsi3-mmc drive: 4x/4x cd/rw xa/form2 tray
[STDERR  ] 2017-11-15T15:02:47.181291063Z: [   14.296468] cdrom: Uniform CD-ROM driver Revision: 3.20
[STDERR  ] 2017-11-15T15:02:47.181297725Z: [   14.331135] sr 2:0:0:0: Attached scsi generic sg1 type 5
[STDERR  ] 2017-11-15T15:02:47.181304306Z: [   14.366703] sd 0:0:0:0: [sda] Attached SCSI disk
[STDERR  ] 2017-11-15T15:02:47.18131114Z: [   14.504788] Key type big_key registered
[STDERR  ] 2017-11-15T15:02:47.181317841Z: [   14.687849] Key type encrypted registered
[STDERR  ] 2017-11-15T15:02:47.181324481Z: [   14.695183] rtc_cmos 00:00: setting system clock to 2017-11-15 15:01:53 UTC (1510758113)
[STDERR  ] 2017-11-15T15:02:47.181331224Z: [   14.965419] Freeing unused kernel memory: 1380K
[STDERR  ] 2017-11-15T15:02:47.181337977Z: [   14.966055] Write protecting the kernel read-only data: 12288k
[STDERR  ] 2017-11-15T15:02:47.181344697Z: [   14.976278] Freeing unused kernel memory: 128K
[STDERR  ] 2017-11-15T15:02:47.181351301Z: [   15.134490] Freeing unused kernel memory: 1396K
[STDERR  ] 2017-11-15T15:02:47.181361265Z: [   15.137808] clocksource: Switched to clocksource tsc
[STDERR  ] 2017-11-15T15:02:47.181368103Z: 
[STDERR  ] 2017-11-15T15:02:47.181374942Z: Welcome to LinuxKit
[STDERR  ] 2017-11-15T15:02:47.181381683Z: 
[STDERR  ] 2017-11-15T15:02:47.181388563Z:                         ##         .
[STDERR  ] 2017-11-15T15:02:47.181395461Z:                   ## ## ##        ==
[STDERR  ] 2017-11-15T15:02:47.18140237Z:                ## ## ## ## ##    ===
[STDERR  ] 2017-11-15T15:02:47.181409739Z:            /"""""""""""""""""\___/ ===
[STDERR  ] 2017-11-15T15:02:47.181416567Z:           {                       /  ===-
[STDERR  ] 2017-11-15T15:02:47.181423234Z:            \______ O           __/
[STDERR  ] 2017-11-15T15:02:47.181430319Z:              \    \         __/
[STDERR  ] 2017-11-15T15:02:47.181437279Z:               \____\_______/
[STDERR  ] 2017-11-15T15:02:47.181443984Z: 
[STDERR  ] 2017-11-15T15:02:47.181450981Z: [   41.680369] raid6: sse2x1   gen()   176 MB/s
[STDERR  ] 2017-11-15T15:02:47.181457775Z: [   41.850377] raid6: sse2x1   xor()   110 MB/s
[STDERR  ] 2017-11-15T15:02:47.181464324Z: [   42.020409] raid6: sse2x2   gen()   124 MB/s
[STDERR  ] 2017-11-15T15:02:47.181471044Z: [   42.190487] raid6: sse2x2   xor()   122 MB/s
[STDERR  ] 2017-11-15T15:02:47.181480719Z: [   42.360536] raid6: sse2x4   gen()   202 MB/s
[STDERR  ] 2017-11-15T15:02:47.181487497Z: [   42.530294] raid6: sse2x4   xor()   113 MB/s
[STDERR  ] 2017-11-15T15:02:47.181494168Z: [   42.530693] raid6: using algorithm sse2x4 gen() 202 MB/s
[STDERR  ] 2017-11-15T15:02:47.181500869Z: [   42.530994] raid6: .... xor() 113 MB/s, rmw enabled
[STDERR  ] 2017-11-15T15:02:47.181507565Z: [   42.531480] raid6: using intx1 recovery algorithm
[STDERR  ] 2017-11-15T15:02:47.181516452Z: [   42.562355] xor: measuring software checksum speed
[STDERR  ] 2017-11-15T15:02:47.181523335Z: [   42.660434]    prefetch64-sse:   351.600 MB/sec
[STDERR  ] 2017-11-15T15:02:47.181529921Z: [   42.760293]    generic_sse:   348.800 MB/sec
[STDERR  ] 2017-11-15T15:02:47.181536667Z: [   42.760698] xor: using function: prefetch64-sse (351.600 MB/sec)
[STDERR  ] 2017-11-15T15:02:47.181543291Z: [   43.043830] Btrfs loaded, crc32c=crc32c-generic
[STDERR  ] 2017-11-15T15:02:47.181549978Z: [   43.962181] IPVS: Creating netns size=2104 id=1
[STDERR  ] 2017-11-15T15:02:47.18155681Z: [   43.962764] IPVS: ftp: loaded support on port[0] = 21
[STDERR  ] 2017-11-15T15:02:47.181563523Z: 2017/11/15 15:02:24 Creating partition on /dev/sda
[STDERR  ] 2017-11-15T15:02:47.181570205Z: [   46.403422]  sda:
[STDERR  ] 2017-11-15T15:02:47.181577056Z: [   46.533518]  sda:
[STDERR  ] 2017-11-15T15:02:47.181585471Z: [   46.580534]  sda: sda1
[STDERR  ] 2017-11-15T15:02:47.181592414Z: [   46.693701]  sda: sda1
[STDERR  ] 2017-11-15T15:02:47.181599148Z: [   48.938424] BTRFS: device fsid 574b6dbe-27c7-4687-b7eb-fa292953ac27 devid 1 transid 5 /dev/sda1
[STDERR  ] 2017-11-15T15:02:47.181608394Z: 2017/11/15 15:02:27 Partition /dev/sda1 successfully created!
[STDERR  ] 2017-11-15T15:02:47.181615278Z: [   49.634298] IPVS: Creating netns size=2104 id=2
[STDERR  ] 2017-11-15T15:02:47.181621935Z: [   49.634725] IPVS: ftp: loaded support on port[0] = 21
[STDERR  ] 2017-11-15T15:02:47.181628615Z: [   51.342717] FAT-fs (sda1): utf8 is not a recommended IO charset for FAT filesystems, filesystem will be case sensitive!
[STDERR  ] 2017-11-15T15:02:47.181636089Z: [   51.346678] FAT-fs (sda1): utf8 is not a recommended IO charset for FAT filesystems, filesystem will be case sensitive!
[STDERR  ] 2017-11-15T15:02:47.181642873Z: [   51.355600] mount: sending ioctl 5310 to a partition!
[STDERR  ] 2017-11-15T15:02:47.181649505Z: [   51.395813] mount: sending ioctl 5310 to a partition!
[STDERR  ] 2017-11-15T15:02:47.181658406Z: [   51.396954] UDF-fs: warning (device sda1): udf_fill_super: No partition found (2)
[STDERR  ] 2017-11-15T15:02:47.18166529Z: [   51.434812] BTRFS info (device sda1): disk space caching is enabled
[STDERR  ] 2017-11-15T15:02:47.181671984Z: [   51.437125] BTRFS info (device sda1): has skinny extents
[STDERR  ] 2017-11-15T15:02:47.181682082Z: [   51.438627] BTRFS info (device sda1): flagging fs with big metadata feature
[STDERR  ] 2017-11-15T15:02:47.181688824Z: [   51.508475] BTRFS info (device sda1): creating UUID tree
[STDERR  ] 2017-11-15T15:02:47.181695433Z: format_mount test suite PASSED
[STDERR  ] 2017-11-15T15:02:47.181702761Z: [   67.294468] sd 0:0:0:0: [sda] Synchronizing SCSI cache
[STDERR  ] 2017-11-15T15:02:47.181709366Z: [   67.295804] sd 0:0:0:0: [sda] Stopping disk
[STDERR  ] 2017-11-15T15:02:47.181716002Z: [   67.299655] ACPI: Preparing to enter system sleep state S5
[STDERR  ] 2017-11-15T15:02:47.181722704Z: [   67.303947] reboot: Power down
[STDERR  ] 2017-11-15T15:02:47.181730037Z: + echo [    0.000000] Linux version 4.9.61-linuxkit (root@f63baf0520f0) (gcc version 6.3.0 (Alpine 6.3.0) ) #1 SMP Fri Nov 10 13:47:55 UTC 2017
[STDERR  ] 2017-11-15T15:02:47.181738877Z: [    0.000000] Command line: console=ttyS0
[STDERR  ] 2017-11-15T15:02:47.181745802Z: [    0.000000] x86/fpu: Legacy x87 FPU detected.
[STDERR  ] 2017-11-15T15:02:47.181752547Z: [    0.000000] x86/fpu: Using 'eager' FPU context switches.
[STDERR  ] 2017-11-15T15:02:47.181759443Z: [    0.000000] e820: BIOS-provided physical RAM map:
[STDERR  ] 2017-11-15T15:02:47.18176944Z: [    0.000000] BIOS-e820: [mem 0x0000000000000000-0x000000000009fbff] usable
[STDERR  ] 2017-11-15T15:02:47.181776459Z: [    0.000000] BIOS-e820: [mem 0x000000000009fc00-0x000000000009ffff] reserved
[STDERR  ] 2017-11-15T15:02:47.181785461Z: [    0.000000] BIOS-e820: [mem 0x00000000000f0000-0x00000000000fffff] reserved
[STDERR  ] 2017-11-15T15:02:47.181799391Z: [    0.000000] BIOS-e820: [mem 0x0000000000100000-0x000000003ffdefff] usable
[STDERR  ] 2017-11-15T15:02:47.1818065Z: [    0.000000] BIOS-e820: [mem 0x000000003ffdf000-0x000000003fffffff] reserved
[STDERR  ] 2017-11-15T15:02:47.181813394Z: [    0.000000] BIOS-e820: [mem 0x00000000b0000000-0x00000000bfffffff] reserved
[STDERR  ] 2017-11-15T15:02:47.181820127Z: [    0.000000] BIOS-e820: [mem 0x00000000fed1c000-0x00000000fed1ffff] reserved
[STDERR  ] 2017-11-15T15:02:47.181826924Z: [    0.000000] BIOS-e820: [mem 0x00000000fffc0000-0x00000000ffffffff] reserved
[STDERR  ] 2017-11-15T15:02:47.181833604Z: [    0.000000] NX (Execute Disable) protection: active
[STDERR  ] 2017-11-15T15:02:47.181840383Z: [    0.000000] SMBIOS 2.8 present.
[STDERR  ] 2017-11-15T15:02:47.181847678Z: [    0.000000] e820: last_pfn = 0x3ffdf max_arch_pfn = 0x400000000
[STDERR  ] 2017-11-15T15:02:47.181854503Z: [    0.000000] x86/PAT: Configuration [0-7]: WB  WC  UC- UC  WB  WC  UC- WT  
[STDERR  ] 2017-11-15T15:02:47.181861161Z: [    0.000000] found SMP MP-table at [mem 0x000f6aa0-0x000f6aaf] mapped at [ffff956bc00f6aa0]
[STDERR  ] 2017-11-15T15:02:47.181868137Z: [    0.000000] RAMDISK: [mem 0x3df69000-0x3ffcffff]
[STDERR  ] 2017-11-15T15:02:47.181874844Z: [    0.000000] ACPI: Early table checksum verification disabled
[STDERR  ] 2017-11-15T15:02:47.181881653Z: [    0.000000] ACPI: RSDP 0x00000000000F68C0 000014 (v00 BOCHS )
[STDERR  ] 2017-11-15T15:02:47.181888451Z: [    0.000000] ACPI: RSDT 0x000000003FFE2404 000034 (v01 BOCHS  BXPCRSDT 00000001 BXPC 00000001)
[STDERR  ] 2017-11-15T15:02:47.181895396Z: [    0.000000] ACPI: FACP 0x000000003FFE22A4 000074 (v01 BOCHS  BXPCFACP 00000001 BXPC 00000001)
[STDERR  ] 2017-11-15T15:02:47.181902948Z: [    0.000000] ACPI: DSDT 0x000000003FFE0040 002264 (v01 BOCHS  BXPCDSDT 00000001 BXPC 00000001)
[STDERR  ] 2017-11-15T15:02:47.181909754Z: [    0.000000] ACPI: FACS 0x000000003FFE0000 000040
[STDERR  ] 2017-11-15T15:02:47.181916401Z: [    0.000000] ACPI: APIC 0x000000003FFE2318 000078 (v01 BOCHS  BXPCAPIC 00000001 BXPC 00000001)
[STDERR  ] 2017-11-15T15:02:47.181923091Z: [    0.000000] ACPI: HPET 0x000000003FFE2390 000038 (v01 BOCHS  BXPCHPET 00000001 BXPC 00000001)
[STDERR  ] 2017-11-15T15:02:47.18192977Z: [    0.000000] ACPI: MCFG 0x000000003FFE23C8 00003C (v01 BOCHS  BXPCMCFG 00000001 BXPC 00000001)
[STDERR  ] 2017-11-15T15:02:47.181936575Z: [    0.000000] Zone ranges:
[STDERR  ] 2017-11-15T15:02:47.181943935Z: [    0.000000]   DMA      [mem 0x0000000000001000-0x0000000000ffffff]
[STDERR  ] 2017-11-15T15:02:47.181957288Z: [    0.000000]   DMA32    [mem 0x0000000001000000-0x000000003ffdefff]
[STDERR  ] 2017-11-15T15:02:47.1819641Z: [    0.000000]   Normal   empty
[STDERR  ] 2017-11-15T15:02:47.181971395Z: [    0.000000] Movable zone start for each node
[STDERR  ] 2017-11-15T15:02:47.181978153Z: [    0.000000] Early memory node ranges
[STDERR  ] 2017-11-15T15:02:47.181984948Z: [    0.000000]   node   0: [mem 0x0000000000001000-0x000000000009efff]
[STDERR  ] 2017-11-15T15:02:47.181991691Z: [    0.000000]   node   0: [mem 0x0000000000100000-0x000000003ffdefff]
[STDERR  ] 2017-11-15T15:02:47.181998357Z: [    0.000000] Initmem setup node 0 [mem 0x0000000000001000-0x000000003ffdefff]
[STDERR  ] 2017-11-15T15:02:47.182005038Z: [    0.000000] ACPI: PM-Timer IO Port: 0x608
[STDERR  ] 2017-11-15T15:02:47.182011684Z: [    0.000000] ACPI: LAPIC_NMI (acpi_id[0xff] dfl dfl lint[0x1])
[STDERR  ] 2017-11-15T15:02:47.182018476Z: [    0.000000] IOAPIC[0]: apic_id 0, version 32, address 0xfec00000, GSI 0-23
[STDERR  ] 2017-11-15T15:02:47.18202531Z: [    0.000000] ACPI: INT_SRC_OVR (bus 0 bus_irq 0 global_irq 2 dfl dfl)
[STDERR  ] 2017-11-15T15:02:47.182035312Z: [    0.000000] ACPI: INT_SRC_OVR (bus 0 bus_irq 5 global_irq 5 high level)
[STDERR  ] 2017-11-15T15:02:47.182042017Z: [    0.000000] ACPI: INT_SRC_OVR (bus 0 bus_irq 9 global_irq 9 high level)
[STDERR  ] 2017-11-15T15:02:47.182055829Z: [    0.000000] ACPI: INT_SRC_OVR (bus 0 bus_irq 10 global_irq 10 high level)
[STDERR  ] 2017-11-15T15:02:47.182062647Z: [    0.000000] ACPI: INT_SRC_OVR (bus 0 bus_irq 11 global_irq 11 high level)
[STDERR  ] 2017-11-15T15:02:47.182069409Z: [    0.000000] Using ACPI (MADT) for SMP configuration information
[STDERR  ] 2017-11-15T15:02:47.182076091Z: [    0.000000] ACPI: HPET id: 0x8086a201 base: 0xfed00000
[STDERR  ] 2017-11-15T15:02:47.182087366Z: [    0.000000] smpboot: Allowing 1 CPUs, 0 hotplug CPUs
[STDERR  ] 2017-11-15T15:02:47.182094232Z: [    0.000000] e820: [mem 0x40000000-0xafffffff] available for PCI devices
[STDERR  ] 2017-11-15T15:02:47.182100971Z: [    0.000000] Booting paravirtualized kernel on bare hardware
[STDERR  ] 2017-11-15T15:02:47.182107703Z: [    0.000000] clocksource: refined-jiffies: mask: 0xffffffff max_cycles: 0xffffffff, max_idle_ns: 19112604462750000 ns
[STDERR  ] 2017-11-15T15:02:47.182114907Z: [    0.000000] setup_percpu: NR_CPUS:128 nr_cpumask_bits:128 nr_cpu_ids:1 nr_node_ids:1
[STDERR  ] 2017-11-15T15:02:47.182121724Z: [    0.000000] percpu: Embedded 35 pages/cpu @ffff956bfdc00000 s105112 r8192 d30056 u2097152
[STDERR  ] 2017-11-15T15:02:47.182147379Z: [    0.000000] Built 1 zonelists in Zone order, mobility grouping on.  Total pages: 257896
[STDERR  ] 2017-11-15T15:02:47.182156104Z: [    0.000000] Kernel command line: console=ttyS0
[STDERR  ] 2017-11-15T15:02:47.182163111Z: [    0.000000] PID hash table entries: 4096 (order: 3, 32768 bytes)
[STDERR  ] 2017-11-15T15:02:47.182170027Z: [    0.000000] Dentry cache hash table entries: 131072 (order: 8, 1048576 bytes)
[STDERR  ] 2017-11-15T15:02:47.182176932Z: [    0.000000] Inode-cache hash table entries: 65536 (order: 7, 524288 bytes)
[STDERR  ] 2017-11-15T15:02:47.182186556Z: [    0.000000] Memory: 980992K/1048052K available (8048K kernel code, 1367K rwdata, 2700K rodata, 1380K init, 568K bss, 67060K reserved, 0K cma-reserved)
[STDERR  ] 2017-11-15T15:02:47.182193956Z: [    0.000000] Hierarchical RCU implementation.
[STDERR  ] 2017-11-15T15:02:47.182200627Z: [    0.000000] 	Build-time adjustment of leaf fanout to 64.
[STDERR  ] 2017-11-15T15:02:47.182207506Z: [    0.000000] 	RCU restricting CPUs from NR_CPUS=128 to nr_cpu_ids=1.
[STDERR  ] 2017-11-15T15:02:47.18221437Z: [    0.000000] RCU: Adjusting geometry for rcu_fanout_leaf=64, nr_cpu_ids=1
[STDERR  ] 2017-11-15T15:02:47.182221206Z: [    0.000000] NR_IRQS:8448 nr_irqs:256 16
[STDERR  ] 2017-11-15T15:02:47.182228136Z: [    0.000000] Console: colour VGA+ 80x25
[STDERR  ] 2017-11-15T15:02:47.182237801Z: [    0.000000] console [ttyS0] enabled
[STDERR  ] 2017-11-15T15:02:47.182248022Z: [    0.000000] clocksource: hpet: mask: 0xffffffff max_cycles: 0xffffffff, max_idle_ns: 19112604467 ns
[STDERR  ] 2017-11-15T15:02:47.182254956Z: [    0.000000] tsc: Unable to calibrate against PIT
[STDERR  ] 2017-11-15T15:02:47.182261688Z: [    0.000000] tsc: using HPET reference calibration
[STDERR  ] 2017-11-15T15:02:47.182268401Z: [    0.000000] tsc: Detected 2300.098 MHz processor
[STDERR  ] 2017-11-15T15:02:47.182275061Z: [    0.052441] Calibrating delay loop (skipped), value calculated using timer frequency.. 4600.19 BogoMIPS (lpj=23000980)
[STDERR  ] 2017-11-15T15:02:47.182282741Z: [    0.053935] pid_max: default: 32768 minimum: 301
[STDERR  ] 2017-11-15T15:02:47.182289498Z: [    0.055362] ACPI: Core revision 20160831
[STDERR  ] 2017-11-15T15:02:47.182296251Z: [    0.133867] ACPI: 1 ACPI AML tables successfully acquired and loaded
[STDERR  ] 2017-11-15T15:02:47.182302974Z: [    0.139227] Security Framework initialized
[STDERR  ] 2017-11-15T15:02:47.18230973Z: [    0.139767] Yama: becoming mindful.
[STDERR  ] 2017-11-15T15:02:47.18231648Z: [    0.142942] Mount-cache hash table entries: 2048 (order: 2, 16384 bytes)
[STDERR  ] 2017-11-15T15:02:47.182325613Z: [    0.143681] Mountpoint-cache hash table entries: 2048 (order: 2, 16384 bytes)
[STDERR  ] 2017-11-15T15:02:47.182332501Z: [    0.176879] Last level iTLB entries: 4KB 0, 2MB 0, 4MB 0
[STDERR  ] 2017-11-15T15:02:47.18233925Z: [    0.177460] Last level dTLB entries: 4KB 0, 2MB 0, 4MB 0, 1GB 0
[STDERR  ] 2017-11-15T15:02:47.182348457Z: [    0.738713] Freeing SMP alternatives memory: 20K
[STDERR  ] 2017-11-15T15:02:47.182355206Z: [    0.753579] ftrace: allocating 35542 entries in 139 pages
[STDERR  ] 2017-11-15T15:02:47.182361882Z: [    1.018431] smpboot: Max logical packages: 1
[STDERR  ] 2017-11-15T15:02:47.182368699Z: [    1.029874] ..TIMER: vector=0x30 apic1=0 pin1=2 apic2=-1 pin2=-1
[STDERR  ] 2017-11-15T15:02:47.182375406Z: [    1.130000] smpboot: CPU0: AMD QEMU Virtual CPU version 2.5+ (family: 0x6, model: 0x6, stepping: 0x3)
[STDERR  ] 2017-11-15T15:02:47.182382237Z: [    1.130000] Performance Events: PMU not available due to virtualization, using software events only.
[STDERR  ] 2017-11-15T15:02:47.18238898Z: [    1.149331] NMI watchdog: disabled (cpu0): hardware events not enabled
[STDERR  ] 2017-11-15T15:02:47.182395735Z: [    1.149826] NMI watchdog: Shutting down hard lockup detector on all cpus
[STDERR  ] 2017-11-15T15:02:47.182402311Z: [    1.153493] x86: Booted up 1 node, 1 CPUs
[STDERR  ] 2017-11-15T15:02:47.182409066Z: [    1.153898] smpboot: Total of 1 processors activated (4600.19 BogoMIPS)
[STDERR  ] 2017-11-15T15:02:47.182415705Z: [    1.176694] devtmpfs: initialized
[STDERR  ] 2017-11-15T15:02:47.182422638Z: [    1.184895] x86/mm: Memory block size: 128MB
[STDERR  ] 2017-11-15T15:02:47.182429295Z: [    1.297767] clocksource: jiffies: mask: 0xffffffff max_cycles: 0xffffffff, max_idle_ns: 19112604462750000 ns
[STDERR  ] 2017-11-15T15:02:47.182437907Z: [    1.298790] futex hash table entries: 256 (order: 2, 16384 bytes)
[STDERR  ] 2017-11-15T15:02:47.182444904Z: [    1.312195] NET: Registered protocol family 16
[STDERR  ] 2017-11-15T15:02:47.182451572Z: [    1.328311] cpuidle: using governor ladder
[STDERR  ] 2017-11-15T15:02:47.182458231Z: [    1.328816] cpuidle: using governor menu
[STDERR  ] 2017-11-15T15:02:47.182464812Z: [    1.330681] ACPI: bus type PCI registered
[STDERR  ] 2017-11-15T15:02:47.182471522Z: [    1.335451] PCI: MMCONFIG for domain 0000 [bus 00-ff] at [mem 0xb0000000-0xbfffffff] (base 0xb0000000)
[STDERR  ] 2017-11-15T15:02:47.182478267Z: [    1.336264] PCI: MMCONFIG at [mem 0xb0000000-0xbfffffff] reserved in E820
[STDERR  ] 2017-11-15T15:02:47.182484955Z: [    1.338165] PCI: Using configuration type 1 for base access
[STDERR  ] 2017-11-15T15:02:47.182491524Z: [    1.434640] HugeTLB registered 2 MB page size, pre-allocated 0 pages
[STDERR  ] 2017-11-15T15:02:47.182499986Z: [    1.450849] ACPI: Added _OSI(Module Device)
[STDERR  ] 2017-11-15T15:02:47.182506884Z: [    1.451187] ACPI: Added _OSI(Processor Device)
[STDERR  ] 2017-11-15T15:02:47.182516183Z: [    1.451472] ACPI: Added _OSI(3.0 _SCP Extensions)
[STDERR  ] 2017-11-15T15:02:47.182523012Z: [    1.451789] ACPI: Added _OSI(Processor Aggregator Device)
[STDERR  ] 2017-11-15T15:02:47.182532179Z: [    1.580774] ACPI: Interpreter enabled
[STDERR  ] 2017-11-15T15:02:47.182539008Z: [    1.581900] ACPI: (supports S0 S5)
[STDERR  ] 2017-11-15T15:02:47.182547792Z: [    1.582249] ACPI: Using IOAPIC for interrupt routing
[STDERR  ] 2017-11-15T15:02:47.182554647Z: [    1.585026] PCI: Using host bridge windows from ACPI; if necessary, use "pci=nocrs" and report a bug
[STDERR  ] 2017-11-15T15:02:47.182561393Z: [    1.692237] ACPI: PCI Root Bridge [PCI0] (domain 0000 [bus 00-ff])
[STDERR  ] 2017-11-15T15:02:47.182570641Z: [    1.693534] acpi PNP0A08:00: _OSC: OS supports [ExtendedConfig ASPM ClockPM Segments MSI]
[STDERR  ] 2017-11-15T15:02:47.182577753Z: [    1.702747] acpi PNP0A08:00: _OSC: OS now controls [PCIeHotplug PME PCIeCapability]
[STDERR  ] 2017-11-15T15:02:47.182584529Z: [    1.708497] PCI host bridge to bus 0000:00
[STDERR  ] 2017-11-15T15:02:47.182591269Z: [    1.709003] pci_bus 0000:00: root bus resource [io  0x0000-0x0cf7 window]
[STDERR  ] 2017-11-15T15:02:47.182600285Z: [    1.709463] pci_bus 0000:00: root bus resource [io  0x0d00-0xffff window]
[STDERR  ] 2017-11-15T15:02:47.182607183Z: [    1.709877] pci_bus 0000:00: root bus resource [mem 0x000a0000-0x000bffff window]
[STDERR  ] 2017-11-15T15:02:47.182613788Z: [    1.710091] pci_bus 0000:00: root bus resource [mem 0xc0000000-0xfebfffff window]
[STDERR  ] 2017-11-15T15:02:47.182622463Z: [    1.710759] pci_bus 0000:00: root bus resource [bus 00-ff]
[STDERR  ] 2017-11-15T15:02:47.182629577Z: [    1.884104] pci 0000:00:1f.0: quirk: [io  0x0600-0x067f] claimed by ICH6 ACPI/GPIO/TCO
[STDERR  ] 2017-11-15T15:02:47.182636265Z: [    1.981840] ACPI: PCI Interrupt Link [LNKA] (IRQs 5 *10 11)
[STDERR  ] 2017-11-15T15:02:47.182642963Z: [    1.984758] ACPI: PCI Interrupt Link [LNKB] (IRQs 5 *10 11)
[STDERR  ] 2017-11-15T15:02:47.182649597Z: [    1.987278] ACPI: PCI Interrupt Link [LNKC] (IRQs 5 10 *11)
[STDERR  ] 2017-11-15T15:02:47.182656245Z: [    1.990071] ACPI: PCI Interrupt Link [LNKD] (IRQs 5 10 *11)
[STDERR  ] 2017-11-15T15:02:47.182662841Z: [    1.992633] ACPI: PCI Interrupt Link [LNKE] (IRQs 5 *10 11)
[STDERR  ] 2017-11-15T15:02:47.182669433Z: [    1.995105] ACPI: PCI Interrupt Link [LNKF] (IRQs 5 *10 11)
[STDERR  ] 2017-11-15T15:02:47.182676073Z: [    1.997609] ACPI: PCI Interrupt Link [LNKG] (IRQs 5 10 *11)
[STDERR  ] 2017-11-15T15:02:47.182682801Z: [    2.000239] ACPI: PCI Interrupt Link [LNKH] (IRQs 5 10 *11)
[STDERR  ] 2017-11-15T15:02:47.182689398Z: [    2.001297] ACPI: PCI Interrupt Link [GSIA] (IRQs *16)
[STDERR  ] 2017-11-15T15:02:47.182696022Z: [    2.002112] ACPI: PCI Interrupt Link [GSIB] (IRQs *17)
[STDERR  ] 2017-11-15T15:02:47.182704626Z: [    2.002880] ACPI: PCI Interrupt Link [GSIC] (IRQs *18)
[STDERR  ] 2017-11-15T15:02:47.182711237Z: [    2.003650] ACPI: PCI Interrupt Link [GSID] (IRQs *19)
[STDERR  ] 2017-11-15T15:02:47.182717781Z: [    2.004404] ACPI: PCI Interrupt Link [GSIE] (IRQs *20)
[STDERR  ] 2017-11-15T15:02:47.182724383Z: [    2.005196] ACPI: PCI Interrupt Link [GSIF] (IRQs *21)
[STDERR  ] 2017-11-15T15:02:47.18273095Z: [    2.005950] ACPI: PCI Interrupt Link [GSIG] (IRQs *22)
[STDERR  ] 2017-11-15T15:02:47.18273758Z: [    2.006723] ACPI: PCI Interrupt Link [GSIH] (IRQs *23)
[STDERR  ] 2017-11-15T15:02:47.182744334Z: [    2.012563] ACPI: Enabled 2 GPEs in block 00 to 3F
[STDERR  ] 2017-11-15T15:02:47.182751027Z: [    2.019299] SCSI subsystem initialized
[STDERR  ] 2017-11-15T15:02:47.182757744Z: [    2.022348] ACPI: bus type USB registered
[STDERR  ] 2017-11-15T15:02:47.182764395Z: [    2.023958] usbcore: registered new interface driver usbfs
[STDERR  ] 2017-11-15T15:02:47.182771093Z: [    2.025125] usbcore: registered new interface driver hub
[STDERR  ] 2017-11-15T15:02:47.182777727Z: [    2.026130] usbcore: registered new device driver usb
[STDERR  ] 2017-11-15T15:02:47.182787086Z: [    2.027825] pps_core: LinuxPPS API ver. 1 registered
[STDERR  ] 2017-11-15T15:02:47.182793832Z: [    2.028152] pps_core: Software ver. 5.3.6 - Copyright 2005-2007 Rodolfo Giometti <giometti@linux.it>
[STDERR  ] 2017-11-15T15:02:47.182800608Z: [    2.028880] PTP clock support registered
[STDERR  ] 2017-11-15T15:02:47.182807252Z: [    2.030768] wmi: Mapper loaded
[STDERR  ] 2017-11-15T15:02:47.182813806Z: [    2.032359] PCI: Using ACPI for IRQ routing
[STDERR  ] 2017-11-15T15:02:47.182820448Z: [    2.064192] NetLabel: Initializing
[STDERR  ] 2017-11-15T15:02:47.182826999Z: [    2.064467] NetLabel:  domain hash size = 128
[STDERR  ] 2017-11-15T15:02:47.182835625Z: [    2.064739] NetLabel:  protocols = UNLABELED CIPSOv4
[STDERR  ] 2017-11-15T15:02:47.182842745Z: [    2.067597] NetLabel:  unlabeled traffic allowed by default
[STDERR  ] 2017-11-15T15:02:47.182849568Z: [    2.068843] HPET: 3 timers in total, 0 timers will be used for per-cpu timer
[STDERR  ] 2017-11-15T15:02:47.182856332Z: [    2.069714] hpet0: at MMIO 0xfed00000, IRQs 2, 8, 0
[STDERR  ] 2017-11-15T15:02:47.182863137Z: [    2.070347] hpet0: 3 comparators, 64-bit 100.000000 MHz counter
[STDERR  ] 2017-11-15T15:02:47.182872276Z: [    2.077742] clocksource: Switched to clocksource hpet
[STDERR  ] 2017-11-15T15:02:47.182879139Z: [    2.579919] VFS: Disk quotas dquot_6.6.0
[STDERR  ] 2017-11-15T15:02:47.182885803Z: [    2.581070] VFS: Dquot-cache hash table entries: 512 (order 0, 4096 bytes)
[STDERR  ] 2017-11-15T15:02:47.182892482Z: [    2.585117] FS-Cache: Loaded
[STDERR  ] 2017-11-15T15:02:47.182899532Z: [    2.593256] CacheFiles: Loaded
[STDERR  ] 2017-11-15T15:02:47.182906766Z: [    2.595684] pnp: PnP ACPI init
[STDERR  ] 2017-11-15T15:02:47.182913331Z: [    2.614114] pnp: PnP ACPI: found 5 devices
[STDERR  ] 2017-11-15T15:02:47.182920024Z: [    2.694315] clocksource: acpi_pm: mask: 0xffffff max_cycles: 0xffffff, max_idle_ns: 2085701024 ns
[STDERR  ] 2017-11-15T15:02:47.182926896Z: [    2.698692] NET: Registered protocol family 2
[STDERR  ] 2017-11-15T15:02:47.182933538Z: [    2.713869] TCP established hash table entries: 8192 (order: 4, 65536 bytes)
[STDERR  ] 2017-11-15T15:02:47.182940242Z: [    2.715051] TCP bind hash table entries: 8192 (order: 5, 131072 bytes)
[STDERR  ] 2017-11-15T15:02:47.182946911Z: [    2.715854] TCP: Hash tables configured (established 8192 bind 8192)
[STDERR  ] 2017-11-15T15:02:47.182955732Z: [    2.718382] UDP hash table entries: 512 (order: 2, 16384 bytes)
[STDERR  ] 2017-11-15T15:02:47.18296511Z: [    2.718992] UDP-Lite hash table entries: 512 (order: 2, 16384 bytes)
[STDERR  ] 2017-11-15T15:02:47.182972117Z: [    2.722799] NET: Registered protocol family 1
[STDERR  ] 2017-11-15T15:02:47.182978923Z: [    2.724101] pci 0000:00:01.0: Video device with shadowed ROM at [mem 0x000c0000-0x000dffff]
[STDERR  ] 2017-11-15T15:02:47.182986304Z: [    2.738144] Unpacking initramfs...
[STDERR  ] 2017-11-15T15:02:47.182992893Z: [   12.986173] Freeing initrd memory: 33180K
[STDERR  ] 2017-11-15T15:02:47.182999528Z: [   13.108652] PCLMULQDQ-NI instructions are not detected.
[STDERR  ] 2017-11-15T15:02:47.183006119Z: [   13.121961] AVX or AES-NI instructions are not detected.
[STDERR  ] 2017-11-15T15:02:47.183012686Z: [   13.122311] CPU feature 'AVX registers' is not supported.
[STDERR  ] 2017-11-15T15:02:47.183021037Z: [   13.122592] CPU feature 'AVX registers' is not supported.
[STDERR  ] 2017-11-15T15:02:47.183027806Z: [   13.122867] CPU feature 'AVX registers' is not supported.
[STDERR  ] 2017-11-15T15:02:47.183034453Z: [   13.123137] CPU feature 'AVX registers' is not supported.
[STDERR  ] 2017-11-15T15:02:47.183041118Z: [   13.123400] AVX2 or AES-NI instructions are not detected.
[STDERR  ] 2017-11-15T15:02:47.183047737Z: [   13.123664] AVX2 instructions are not detected.
[STDERR  ] 2017-11-15T15:02:47.183054405Z: [   13.143328] audit: initializing netlink subsys (disabled)
[STDERR  ] 2017-11-15T15:02:47.18306102Z: [   13.145481] audit: type=2000 audit(1510758111.140:1): initialized
[STDERR  ] 2017-11-15T15:02:47.183070614Z: [   13.174358] workingset: timestamp_bits=46 max_order=18 bucket_order=0
[STDERR  ] 2017-11-15T15:02:47.18307741Z: [   13.203184] squashfs: version 4.0 (2009/01/31) Phillip Lougher
[STDERR  ] 2017-11-15T15:02:47.183084115Z: [   13.222863] FS-Cache: Netfs 'cifs' registered for caching
[STDERR  ] 2017-11-15T15:02:47.183092884Z: [   13.223965] fuse init (API version 7.26)
[STDERR  ] 2017-11-15T15:02:47.183099733Z: [   13.227447] SGI XFS with ACLs, security attributes, no debug enabled
[STDERR  ] 2017-11-15T15:02:47.18310642Z: [   13.243077] 9p: Installing v9fs 9p2000 file system support
[STDERR  ] 2017-11-15T15:02:47.183113134Z: [   13.243506] FS-Cache: Netfs '9p' registered for caching
[STDERR  ] 2017-11-15T15:02:47.183119758Z: [   13.394511] NET: Registered protocol family 38
[STDERR  ] 2017-11-15T15:02:47.183126363Z: [   13.395154] Key type asymmetric registered
[STDERR  ] 2017-11-15T15:02:47.18313308Z: [   13.395475] Asymmetric key parser 'x509' registered
[STDERR  ] 2017-11-15T15:02:47.18313973Z: [   13.396432] Block layer SCSI generic (bsg) driver version 0.4 loaded (major 251)
[STDERR  ] 2017-11-15T15:02:47.183146495Z: [   13.397954] io scheduler noop registered
[STDERR  ] 2017-11-15T15:02:47.18315561Z: [   13.398215] io scheduler deadline registered (default)
[STDERR  ] 2017-11-15T15:02:47.18316245Z: [   13.399136] io scheduler cfq registered
[STDERR  ] 2017-11-15T15:02:47.183169042Z: [   13.403692] pci_hotplug: PCI Hot Plug PCI Core version: 0.5
[STDERR  ] 2017-11-15T15:02:47.183175736Z: [   13.404375] pciehp: PCI Express Hot Plug Controller Driver version: 0.4
[STDERR  ] 2017-11-15T15:02:47.183182379Z: [   13.405374] shpchp: Standard Hot Plug PCI Controller Driver version: 0.4
[STDERR  ] 2017-11-15T15:02:47.18319185Z: [   13.406342] hv_vmbus: registering driver hyperv_fb
[STDERR  ] 2017-11-15T15:02:47.183200889Z: [   13.412372] input: Power Button as /devices/LNXSYSTM:00/LNXPWRBN:00/input/input0
[STDERR  ] 2017-11-15T15:02:47.183207837Z: [   13.413655] ACPI: Power Button [PWRF]
[STDERR  ] 2017-11-15T15:02:47.183214466Z: [   13.421605] GHES: HEST is not enabled!
[STDERR  ] 2017-11-15T15:02:47.183221036Z: [   13.440493] ACPI: PCI Interrupt Link [GSIG] enabled at IRQ 22
[STDERR  ] 2017-11-15T15:02:47.183227669Z: [   13.460419] ACPI: PCI Interrupt Link [GSIH] enabled at IRQ 23
[STDERR  ] 2017-11-15T15:02:47.183234287Z: [   13.466770] xenfs: not registering filesystem on non-xen platform
[STDERR  ] 2017-11-15T15:02:47.183243153Z: [   13.469660] Serial: 8250/16550 driver, 4 ports, IRQ sharing disabled
[STDERR  ] 2017-11-15T15:02:47.183249906Z: [   13.503371] 00:04: ttyS0 at I/O 0x3f8 (irq = 4, base_baud = 115200) is a 16550A
[STDERR  ] 2017-11-15T15:02:47.183256594Z: [   13.520799] Non-volatile memory driver v1.3
[STDERR  ] 2017-11-15T15:02:47.183263207Z: [   13.531243] Hangcheck: starting hangcheck timer 0.9.1 (tick is 180 seconds, margin is 60 seconds).
[STDERR  ] 2017-11-15T15:02:47.183270028Z: [   13.539570] random: fast init done
[STDERR  ] 2017-11-15T15:02:47.183276743Z: [   13.541484] random: crng init done
[STDERR  ] 2017-11-15T15:02:47.183283289Z: [   13.600471] loop: module loaded
[STDERR  ] 2017-11-15T15:02:47.183289841Z: [   13.625367] nbd: registered device at major 43
[STDERR  ] 2017-11-15T15:02:47.183296446Z: [   13.699097] lpc_ich 0000:00:1f.0: I/O space for GPIO uninitialized
[STDERR  ] 2017-11-15T15:02:47.183303134Z: [   13.701855] VMware PVSCSI driver - version 1.0.7.0-k
[STDERR  ] 2017-11-15T15:02:47.18330972Z: [   13.702911] hv_vmbus: registering driver hv_storvsc
[STDERR  ] 2017-11-15T15:02:47.183316357Z: [   13.719854] ACPI: PCI Interrupt Link [GSIA] enabled at IRQ 16
[STDERR  ] 2017-11-15T15:02:47.183322958Z: [   13.730967] ahci 0000:00:1f.2: AHCI 0001.0000 32 slots 6 ports 1.5 Gbps 0x3f impl SATA mode
[STDERR  ] 2017-11-15T15:02:47.183330609Z: [   13.734354] ahci 0000:00:1f.2: flags: 64bit ncq only 
[STDERR  ] 2017-11-15T15:02:47.183337383Z: [   13.785071] scsi host0: ahci
[STDERR  ] 2017-11-15T15:02:47.183344045Z: [   13.792695] scsi host1: ahci
[STDERR  ] 2017-11-15T15:02:47.183353713Z: [   13.796379] scsi host2: ahci
[STDERR  ] 2017-11-15T15:02:47.183360406Z: [   13.800654] scsi host3: ahci
[STDERR  ] 2017-11-15T15:02:47.183366959Z: [   13.805856] scsi host4: ahci
[STDERR  ] 2017-11-15T15:02:47.1833735Z: [   13.810984] scsi host5: ahci
[STDERR  ] 2017-11-15T15:02:47.183380186Z: [   13.814885] ata1: SATA max UDMA/133 abar m4096@0xfebd2000 port 0xfebd2100 irq 24
[STDERR  ] 2017-11-15T15:02:47.183386878Z: [   13.815535] ata2: SATA max UDMA/133 abar m4096@0xfebd2000 port 0xfebd2180 irq 24
[STDERR  ] 2017-11-15T15:02:47.183393521Z: [   13.815986] ata3: SATA max UDMA/133 abar m4096@0xfebd2000 port 0xfebd2200 irq 24
[STDERR  ] 2017-11-15T15:02:47.183400169Z: [   13.816528] ata4: SATA max UDMA/133 abar m4096@0xfebd2000 port 0xfebd2280 irq 24
[STDERR  ] 2017-11-15T15:02:47.18340685Z: [   13.817031] ata5: SATA max UDMA/133 abar m4096@0xfebd2000 port 0xfebd2300 irq 24
[STDERR  ] 2017-11-15T15:02:47.183415926Z: [   13.817481] ata6: SATA max UDMA/133 abar m4096@0xfebd2000 port 0xfebd2380 irq 24
[STDERR  ] 2017-11-15T15:02:47.18342273Z: [   13.841489] tun: Universal TUN/TAP device driver, 1.6
[STDERR  ] 2017-11-15T15:02:47.183429489Z: [   13.841963] tun: (C) 1999-2004 Max Krasnyansky <maxk@qualcomm.com>
[STDERR  ] 2017-11-15T15:02:47.183438668Z: [   13.865905] VMware vmxnet3 virtual NIC driver - version 1.4.a.0-k-NAPI
[STDERR  ] 2017-11-15T15:02:47.183445297Z: [   13.867400] hv_vmbus: registering driver hv_netvsc
[STDERR  ] 2017-11-15T15:02:47.183451998Z: [   13.867846] Fusion MPT base driver 3.04.20
[STDERR  ] 2017-11-15T15:02:47.183458672Z: [   13.868186] Copyright (c) 1999-2008 LSI Corporation
[STDERR  ] 2017-11-15T15:02:47.183465427Z: [   13.868944] Fusion MPT SPI Host driver 3.04.20
[STDERR  ] 2017-11-15T15:02:47.183474992Z: [   13.874050] i8042: PNP: PS/2 Controller [PNP0303:KBD,PNP0f13:MOU] at 0x60,0x64 irq 1,12
[STDERR  ] 2017-11-15T15:02:47.183482157Z: [   13.882283] serio: i8042 KBD port at 0x60,0x64 irq 1
[STDERR  ] 2017-11-15T15:02:47.183488923Z: [   13.883161] serio: i8042 AUX port at 0x60,0x64 irq 12
[STDERR  ] 2017-11-15T15:02:47.183495723Z: [   13.886695] hv_vmbus: registering driver hyperv_keyboard
[STDERR  ] 2017-11-15T15:02:47.183502467Z: [   13.892278] mousedev: PS/2 mouse device common for all mice
[STDERR  ] 2017-11-15T15:02:47.183509229Z: [   13.897957] input: AT Translated Set 2 keyboard as /devices/platform/i8042/serio0/input/input1
[STDERR  ] 2017-11-15T15:02:47.183516261Z: [   13.906768] input: PC Speaker as /devices/platform/pcspkr/input/input2
[STDERR  ] 2017-11-15T15:02:47.183523029Z: [   13.909340] rtc_cmos 00:00: RTC can wake from S4
[STDERR  ] 2017-11-15T15:02:47.183529784Z: [   13.916661] rtc_cmos 00:00: rtc core: registered rtc_cmos as rtc0
[STDERR  ] 2017-11-15T15:02:47.183536559Z: [   13.918463] rtc_cmos 00:00: alarms up to one day, y3k, 114 bytes nvram, hpet irqs
[STDERR  ] 2017-11-15T15:02:47.183543256Z: [   13.919538] i2c /dev entries driver
[STDERR  ] 2017-11-15T15:02:47.183551974Z: [   13.924201] device-mapper: ioctl: 4.35.0-ioctl (2016-06-23) initialised: dm-devel@redhat.com
[STDERR  ] 2017-11-15T15:02:47.183559033Z: [   13.932392] usbcore: registered new interface driver usbhid
[STDERR  ] 2017-11-15T15:02:47.183565749Z: [   13.933011] usbhid: USB HID core driver
[STDERR  ] 2017-11-15T15:02:47.183572442Z: [   13.934235] hv_utils: Registering HyperV Utility Driver
[STDERR  ] 2017-11-15T15:02:47.18357907Z: [   13.934833] hv_vmbus: registering driver hv_util
[STDERR  ] 2017-11-15T15:02:47.183585891Z: [   13.935330] hv_vmbus: registering driver hv_balloon
[STDERR  ] 2017-11-15T15:02:47.183592661Z: [   13.936105] oprofile: using NMI interrupt.
[STDERR  ] 2017-11-15T15:02:47.183599412Z: [   13.937675] GACT probability on
[STDERR  ] 2017-11-15T15:02:47.183606223Z: [   13.938355] Mirror/redirect action on
[STDERR  ] 2017-11-15T15:02:47.183612936Z: [   13.939708] Simple TC action Loaded
[STDERR  ] 2017-11-15T15:02:47.183619581Z: [   13.940925] u32 classifier
[STDERR  ] 2017-11-15T15:02:47.183626285Z: [   13.941257]     Performance counters on
[STDERR  ] 2017-11-15T15:02:47.183635775Z: [   13.941647]     input device check on
[STDERR  ] 2017-11-15T15:02:47.183642669Z: [   13.942040]     Actions configured
[STDERR  ] 2017-11-15T15:02:47.183654297Z: [   13.942903] Netfilter messages via NETLINK v0.30.
[STDERR  ] 2017-11-15T15:02:47.183661244Z: [   13.943805] nfnl_acct: registering with nfnetlink.
[STDERR  ] 2017-11-15T15:02:47.183668024Z: [   13.945969] nf_conntrack version 0.5.0 (8192 buckets, 32768 max)
[STDERR  ] 2017-11-15T15:02:47.183676651Z: [   13.951562] ctnetlink v0.93: registering with nfnetlink.
[STDERR  ] 2017-11-15T15:02:47.183683489Z: [   13.957253] nf_tables: (c) 2007-2009 Patrick McHardy <kaber@trash.net>
[STDERR  ] 2017-11-15T15:02:47.183690271Z: [   13.958553] nf_tables_compat: (c) 2012 Pablo Neira Ayuso <pablo@netfilter.org>
[STDERR  ] 2017-11-15T15:02:47.183699968Z: [   13.962715] xt_time: kernel timezone is -0000
[STDERR  ] 2017-11-15T15:02:47.183706905Z: [   13.963512] ip_set: protocol 6
[STDERR  ] 2017-11-15T15:02:47.183713653Z: [   13.964492] IPVS: Registered protocols (TCP, UDP, SCTP, AH, ESP)
[STDERR  ] 2017-11-15T15:02:47.183720482Z: [   13.965414] IPVS: Connection hash table configured (size=4096, memory=64Kbytes)
[STDERR  ] 2017-11-15T15:02:47.183731481Z: [   13.967988] IPVS: Creating netns size=2104 id=0
[STDERR  ] 2017-11-15T15:02:47.183738551Z: [   13.972851] IPVS: ipvs loaded.
[STDERR  ] 2017-11-15T15:02:47.183745353Z: [   13.973375] IPVS: [rr] scheduler registered.
[STDERR  ] 2017-11-15T15:02:47.183752353Z: [   13.973876] IPVS: [wrr] scheduler registered.
[STDERR  ] 2017-11-15T15:02:47.183759217Z: [   13.974331] IPVS: [lc] scheduler registered.
[STDERR  ] 2017-11-15T15:02:47.183766417Z: [   13.974821] IPVS: [wlc] scheduler registered.
[STDERR  ] 2017-11-15T15:02:47.183773231Z: [   13.975271] IPVS: [fo] scheduler registered.
[STDERR  ] 2017-11-15T15:02:47.183780097Z: [   13.975711] IPVS: [ovf] scheduler registered.
[STDERR  ] 2017-11-15T15:02:47.183786792Z: [   13.976315] IPVS: [lblc] scheduler registered.
[STDERR  ] 2017-11-15T15:02:47.183793533Z: [   13.976931] IPVS: [lblcr] scheduler registered.
[STDERR  ] 2017-11-15T15:02:47.183800288Z: [   13.977418] IPVS: [dh] scheduler registered.
[STDERR  ] 2017-11-15T15:02:47.183807095Z: [   13.977862] IPVS: [sh] scheduler registered.
[STDERR  ] 2017-11-15T15:02:47.183813845Z: [   13.978310] IPVS: [sed] scheduler registered.
[STDERR  ] 2017-11-15T15:02:47.183821037Z: [   13.978769] IPVS: [nq] scheduler registered.
[STDERR  ] 2017-11-15T15:02:47.183827812Z: [   13.979779] IPVS: ftp: loaded support on port[0] = 21
[STDERR  ] 2017-11-15T15:02:47.183834542Z: [   13.981557] ipip: IPv4 and MPLS over IPv4 tunneling driver
[STDERR  ] 2017-11-15T15:02:47.183841308Z: [   13.988377] gre: GRE over IPv4 demultiplexor driver
[STDERR  ] 2017-11-15T15:02:47.183848028Z: [   13.993310] ip_tables: (C) 2000-2006 Netfilter Core Team
[STDERR  ] 2017-11-15T15:02:47.183854863Z: [   13.998584] ipt_CLUSTERIP: ClusterIP Version 0.8 loaded successfully
[STDERR  ] 2017-11-15T15:02:47.183861573Z: [   13.999692] arp_tables: arp_tables: (C) 2002 David S. Miller
[STDERR  ] 2017-11-15T15:02:47.183868387Z: [   14.000943] tsc: Refined TSC clocksource calibration: 2300.036 MHz
[STDERR  ] 2017-11-15T15:02:47.183875194Z: [   14.001675] clocksource: tsc: mask: 0xffffffffffffffff max_cycles: 0x212756f2070, max_idle_ns: 440795211913 ns
[STDERR  ] 2017-11-15T15:02:47.183882118Z: [   14.006046] NET: Registered protocol family 10
[STDERR  ] 2017-11-15T15:02:47.183888836Z: [   14.022477] ip6_tables: (C) 2000-2006 Netfilter Core Team
[STDERR  ] 2017-11-15T15:02:47.183895563Z: [   14.036564] NET: Registered protocol family 17
[STDERR  ] 2017-11-15T15:02:47.183902364Z: [   14.038181] Bridge firewalling registered
[STDERR  ] 2017-11-15T15:02:47.183909183Z: [   14.038975] Ebtables v2.0 registered
[STDERR  ] 2017-11-15T15:02:47.183915922Z: [   14.043022] 8021q: 802.1Q VLAN Support v1.8
[STDERR  ] 2017-11-15T15:02:47.183922567Z: [   14.045470] 9pnet: Installing 9P2000 support
[STDERR  ] 2017-11-15T15:02:47.183933497Z: [   14.048576] Key type dns_resolver registered
[STDERR  ] 2017-11-15T15:02:47.183943101Z: [   14.049900] microcode: AMD CPU family 0x6 not supported
[STDERR  ] 2017-11-15T15:02:47.183949875Z: [   14.057323] registered taskstats version 1
[STDERR  ] 2017-11-15T15:02:47.183956504Z: [   14.152437] ata4: SATA link down (SStatus 0 SControl 300)
[STDERR  ] 2017-11-15T15:02:47.183963312Z: [   14.156998] ata3: SATA link up 1.5 Gbps (SStatus 113 SControl 300)
[STDERR  ] 2017-11-15T15:02:47.183970049Z: [   14.161227] ata2: SATA link down (SStatus 0 SControl 300)
[STDERR  ] 2017-11-15T15:02:47.183976729Z: [   14.161772] ata1: SATA link up 1.5 Gbps (SStatus 113 SControl 300)
[STDERR  ] 2017-11-15T15:02:47.183983494Z: [   14.164888] ata1.00: ATA-7: QEMU HARDDISK, 2.5+, max UDMA/100
[STDERR  ] 2017-11-15T15:02:47.183990339Z: [   14.165348] ata1.00: 1048576 sectors, multi 16: LBA48 NCQ (depth 31/32)
[STDERR  ] 2017-11-15T15:02:47.18399704Z: [   14.165976] ata1.00: applying bridge limits
[STDERR  ] 2017-11-15T15:02:47.184003839Z: [   14.168686] ata1.00: configured for UDMA/100
[STDERR  ] 2017-11-15T15:02:47.184010516Z: [   14.172641] ata6: SATA link down (SStatus 0 SControl 300)
[STDERR  ] 2017-11-15T15:02:47.184017206Z: [   14.173435] ata5: SATA link down (SStatus 0 SControl 300)
[STDERR  ] 2017-11-15T15:02:47.184026106Z: [   14.201464] ata3.00: ATAPI: QEMU DVD-ROM, 2.5+, max UDMA/100
[STDERR  ] 2017-11-15T15:02:47.184033017Z: [   14.202038] ata3.00: applying bridge limits
[STDERR  ] 2017-11-15T15:02:47.184039748Z: [   14.203073] ata3.00: configured for UDMA/100
[STDERR  ] 2017-11-15T15:02:47.184046426Z: [   14.224671] scsi 0:0:0:0: Direct-Access     ATA      QEMU HARDDISK    2.5+ PQ: 0 ANSI: 5
[STDERR  ] 2017-11-15T15:02:47.184053699Z: [   14.245215] sd 0:0:0:0: [sda] 1048576 512-byte logical blocks: (537 MB/512 MiB)
[STDERR  ] 2017-11-15T15:02:47.184062605Z: [   14.262669] sd 0:0:0:0: Attached scsi generic sg0 type 0
[STDERR  ] 2017-11-15T15:02:47.184069627Z: [   14.264959] sd 0:0:0:0: [sda] Write Protect is off
[STDERR  ] 2017-11-15T15:02:47.18407633Z: [   14.269017] sd 0:0:0:0: [sda] Write cache: enabled, read cache: enabled, doesn't support DPO or FUA
[STDERR  ] 2017-11-15T15:02:47.184083227Z: [   14.273209] scsi 2:0:0:0: CD-ROM            QEMU     QEMU DVD-ROM     2.5+ PQ: 0 ANSI: 5
[STDERR  ] 2017-11-15T15:02:47.184090612Z: [   14.295752] sr 2:0:0:0: [sr0] scsi3-mmc drive: 4x/4x cd/rw xa/form2 tray
[STDERR  ] 2017-11-15T15:02:47.184097354Z: [   14.296468] cdrom: Uniform CD-ROM driver Revision: 3.20
[STDERR  ] 2017-11-15T15:02:47.184106408Z: [   14.331135] sr 2:0:0:0: Attached scsi generic sg1 type 5
[STDERR  ] 2017-11-15T15:02:47.184113403Z: [   14.366703] sd 0:0:0:0: [sda] Attached SCSI disk
[STDERR  ] 2017-11-15T15:02:47.184120313Z: [   14.504788] Key type big_key registered
[STDERR  ] 2017-11-15T15:02:47.184127109Z: [   14.687849] Key type encrypted registered
[STDERR  ] 2017-11-15T15:02:47.184133803Z: [   14.695183] rtc_cmos 00:00: setting system clock to 2017-11-15 15:01:53 UTC (1510758113)
[STDERR  ] 2017-11-15T15:02:47.184141047Z: [   14.965419] Freeing unused kernel memory: 1380K
[STDERR  ] 2017-11-15T15:02:47.184147746Z: [   14.966055] Write protecting the kernel read-only data: 12288k
[STDERR  ] 2017-11-15T15:02:47.184154446Z: [   14.976278] Freeing unused kernel memory: 128K
[STDERR  ] 2017-11-15T15:02:47.184161139Z: [   15.134490] Freeing unused kernel memory: 1396K
[STDERR  ] 2017-11-15T15:02:47.18416775Z: [   15.137808] clocksource: Switched to clocksource tsc
[STDERR  ] 2017-11-15T15:02:47.184174389Z: 
[STDERR  ] 2017-11-15T15:02:47.184181547Z: Welcome to LinuxKit
[STDERR  ] 2017-11-15T15:02:47.184188245Z: 
[STDERR  ] 2017-11-15T15:02:47.184194978Z:                         ##         .
[STDERR  ] 2017-11-15T15:02:47.18420166Z:                   ## ## ##        ==
[STDERR  ] 2017-11-15T15:02:47.184208449Z:                ## ## ## ## ##    ===
[STDERR  ] 2017-11-15T15:02:47.184215043Z:            /"""""""""""""""""\___/ ===
[STDERR  ] 2017-11-15T15:02:47.18422171Z:           {                       /  ===-
[STDERR  ] 2017-11-15T15:02:47.184228405Z:            \______ O           __/
[STDERR  ] 2017-11-15T15:02:47.184237789Z:              \    \         __/
[STDERR  ] 2017-11-15T15:02:47.184244562Z:               \____\_______/
[STDERR  ] 2017-11-15T15:02:47.184251202Z: 
[STDERR  ] 2017-11-15T15:02:47.184257797Z: [   41.680369] raid6: sse2x1   gen()   176 MB/s
[STDERR  ] 2017-11-15T15:02:47.184264434Z: [   41.850377] raid6: sse2x1   xor()   110 MB/s
[STDERR  ] 2017-11-15T15:02:47.184270976Z: [   42.020409] raid6: sse2x2   gen()   124 MB/s
[STDERR  ] 2017-11-15T15:02:47.184277616Z: [   42.190487] raid6: sse2x2   xor()   122 MB/s
[STDERR  ] 2017-11-15T15:02:47.184284245Z: [   42.360536] raid6: sse2x4   gen()   202 MB/s
[STDERR  ] 2017-11-15T15:02:47.184291349Z: [   42.530294] raid6: sse2x4   xor()   113 MB/s
[STDERR  ] 2017-11-15T15:02:47.184300085Z: [   42.530693] raid6: using algorithm sse2x4 gen() 202 MB/s
[STDERR  ] 2017-11-15T15:02:47.184306834Z: [   42.530994] raid6: .... xor() 113 MB/s, rmw enabled
[STDERR  ] 2017-11-15T15:02:47.184315791Z: [   42.531480] raid6: using intx1 recovery algorithm
[STDERR  ] 2017-11-15T15:02:47.18432246Z: [   42.562355] xor: measuring software checksum speed
[STDERR  ] 2017-11-15T15:02:47.184329118Z: [   42.660434]    prefetch64-sse:   351.600 MB/sec
[STDERR  ] 2017-11-15T15:02:47.184338279Z: [   42.760293]    generic_sse:   348.800 MB/sec
[STDERR  ] 2017-11-15T15:02:47.184345184Z: [   42.760698] xor: using function: prefetch64-sse (351.600 MB/sec)
[STDERR  ] 2017-11-15T15:02:47.184351876Z: [   43.043830] Btrfs loaded, crc32c=crc32c-generic
[STDERR  ] 2017-11-15T15:02:47.184358516Z: [   43.962181] IPVS: Creating netns size=2104 id=1
[STDERR  ] 2017-11-15T15:02:47.184365204Z: [   43.962764] IPVS: ftp: loaded support on port[0] = 21
[STDERR  ] 2017-11-15T15:02:47.184371855Z: 2017/11/15 15:02:24 Creating partition on /dev/sda
[STDERR  ] 2017-11-15T15:02:47.184378505Z: [   46.403422]  sda:
[STDERR  ] 2017-11-15T15:02:47.18438517Z: [   46.533518]  sda:
[STDERR  ] 2017-11-15T15:02:47.184394291Z: [   46.580534]  sda: sda1
[STDERR  ] 2017-11-15T15:02:47.184401055Z: [   46.693701]  sda: sda1
[STDERR  ] 2017-11-15T15:02:47.184407759Z: [   48.938424] BTRFS: device fsid 574b6dbe-27c7-4687-b7eb-fa292953ac27 devid 1 transid 5 /dev/sda1
[STDERR  ] 2017-11-15T15:02:47.184415117Z: 2017/11/15 15:02:27 Partition /dev/sda1 successfully created!
[STDERR  ] 2017-11-15T15:02:47.184421799Z: [   49.634298] IPVS: Creating netns size=2104 id=2
[STDERR  ] 2017-11-15T15:02:47.184428417Z: [   49.634725] IPVS: ftp: loaded support on port[0] = 21
[STDERR  ] 2017-11-15T15:02:47.1844351Z: [   51.342717] FAT-fs (sda1): utf8 is not a recommended IO charset for FAT filesystems, filesystem will be case sensitive!
[STDERR  ] 2017-11-15T15:02:47.184442046Z: [   51.346678] FAT-fs (sda1): utf8 is not a recommended IO charset for FAT filesystems, filesystem will be case sensitive!
[STDERR  ] 2017-11-15T15:02:47.184448783Z: [   51.355600] mount: sending ioctl 5310 to a partition!
[STDERR  ] 2017-11-15T15:02:47.184455526Z: [   51.395813] mount: sending ioctl 5310 to a partition!
[STDERR  ] 2017-11-15T15:02:47.184462148Z: [   51.396954] UDF-fs: warning (device sda1): udf_fill_super: No partition found (2)
[STDERR  ] 2017-11-15T15:02:47.184471012Z: [   51.434812] BTRFS info (device sda1): disk space caching is enabled
[STDERR  ] 2017-11-15T15:02:47.184478194Z: [   51.437125] BTRFS info (device sda1): has skinny extents
[STDERR  ] 2017-11-15T15:02:47.184484854Z: [   51.438627] BTRFS info (device sda1): flagging fs with big metadata feature
[STDERR  ] 2017-11-15T15:02:47.184491498Z: [   51.508475] BTRFS info (device sda1): creating UUID tree
[STDERR  ] 2017-11-15T15:02:47.184498108Z: format_mount test suite PASSED
[STDERR  ] 2017-11-15T15:02:47.184504797Z: [   67.294468] sd 0:0:0:0: [sda] Synchronizing SCSI cache
[STDERR  ] 2017-11-15T15:02:47.184511513Z: [   67.295804] sd 0:0:0:0: [sda] Stopping disk
[STDERR  ] 2017-11-15T15:02:47.184518325Z: [   67.299655] ACPI: Preparing to enter system sleep state S5
[STDERR  ] 2017-11-15T15:02:47.184525089Z: [   67.303947] reboot: Power down
[STDOUT  ] 2017-11-15T15:02:47.184541739Z: [    0.000000] Linux version 4.9.61-linuxkit (root@f63baf0520f0) (gcc version 6.3.0 (Alpine 6.3.0) ) #1 SMP Fri Nov 10 13:47:55 UTC 2017
[STDOUT  ] 2017-11-15T15:02:47.184562139Z: [    0.000000] Command line: console=ttyS0
[STDOUT  ] 2017-11-15T15:02:47.184568946Z: [    0.000000] x86/fpu: Legacy x87 FPU detected.
[STDOUT  ] 2017-11-15T15:02:47.18457571Z: [    0.000000] x86/fpu: Using 'eager' FPU context switches.
[STDOUT  ] 2017-11-15T15:02:47.18458263Z: [    0.000000] e820: BIOS-provided physical RAM map:
[STDOUT  ] 2017-11-15T15:02:47.184589419Z: [    0.000000] BIOS-e820: [mem 0x0000000000000000-0x000000000009fbff] usable
[STDOUT  ] 2017-11-15T15:02:47.184596329Z: [    0.000000] BIOS-e820: [mem 0x000000000009fc00-0x000000000009ffff] reserved
[STDOUT  ] 2017-11-15T15:02:47.184603096Z: [    0.000000] BIOS-e820: [mem 0x00000000000f0000-0x00000000000fffff] reserved
[STDOUT  ] 2017-11-15T15:02:47.18460988Z: [    0.000000] BIOS-e820: [mem 0x0000000000100000-0x000000003ffdefff] usable
[STDOUT  ] 2017-11-15T15:02:47.184619022Z: [    0.000000] BIOS-e820: [mem 0x000000003ffdf000-0x000000003fffffff] reserved
[STDOUT  ] 2017-11-15T15:02:47.184625947Z: [    0.000000] BIOS-e820: [mem 0x00000000b0000000-0x00000000bfffffff] reserved
[STDOUT  ] 2017-11-15T15:02:47.184635437Z: [    0.000000] BIOS-e820: [mem 0x00000000fed1c000-0x00000000fed1ffff] reserved
[STDOUT  ] 2017-11-15T15:02:47.184642369Z: [    0.000000] BIOS-e820: [mem 0x00000000fffc0000-0x00000000ffffffff] reserved
[STDOUT  ] 2017-11-15T15:02:47.184648943Z: [    0.000000] NX (Execute Disable) protection: active
[STDOUT  ] 2017-11-15T15:02:47.184655657Z: [    0.000000] SMBIOS 2.8 present.
[STDOUT  ] 2017-11-15T15:02:47.184662467Z: [    0.000000] e820: last_pfn = 0x3ffdf max_arch_pfn = 0x400000000
[STDOUT  ] 2017-11-15T15:02:47.184671064Z: [    0.000000] x86/PAT: Configuration [0-7]: WB  WC  UC- UC  WB  WC  UC- WT  
[STDOUT  ] 2017-11-15T15:02:47.184677926Z: [    0.000000] found SMP MP-table at [mem 0x000f6aa0-0x000f6aaf] mapped at [ffff956bc00f6aa0]
[STDOUT  ] 2017-11-15T15:02:47.184685256Z: [    0.000000] RAMDISK: [mem 0x3df69000-0x3ffcffff]
[STDOUT  ] 2017-11-15T15:02:47.184691932Z: [    0.000000] ACPI: Early table checksum verification disabled
[STDOUT  ] 2017-11-15T15:02:47.184698615Z: [    0.000000] ACPI: RSDP 0x00000000000F68C0 000014 (v00 BOCHS )
[STDOUT  ] 2017-11-15T15:02:47.184705327Z: [    0.000000] ACPI: RSDT 0x000000003FFE2404 000034 (v01 BOCHS  BXPCRSDT 00000001 BXPC 00000001)
[STDOUT  ] 2017-11-15T15:02:47.184712281Z: [    0.000000] ACPI: FACP 0x000000003FFE22A4 000074 (v01 BOCHS  BXPCFACP 00000001 BXPC 00000001)
[STDOUT  ] 2017-11-15T15:02:47.184718941Z: [    0.000000] ACPI: DSDT 0x000000003FFE0040 002264 (v01 BOCHS  BXPCDSDT 00000001 BXPC 00000001)
[STDOUT  ] 2017-11-15T15:02:47.184725618Z: [    0.000000] ACPI: FACS 0x000000003FFE0000 000040
[STDOUT  ] 2017-11-15T15:02:47.184732383Z: [    0.000000] ACPI: APIC 0x000000003FFE2318 000078 (v01 BOCHS  BXPCAPIC 00000001 BXPC 00000001)
[STDOUT  ] 2017-11-15T15:02:47.184739042Z: [    0.000000] ACPI: HPET 0x000000003FFE2390 000038 (v01 BOCHS  BXPCHPET 00000001 BXPC 00000001)
[STDOUT  ] 2017-11-15T15:02:47.184746164Z: [    0.000000] ACPI: MCFG 0x000000003FFE23C8 00003C (v01 BOCHS  BXPCMCFG 00000001 BXPC 00000001)
[STDOUT  ] 2017-11-15T15:02:47.184752967Z: [    0.000000] Zone ranges:
[STDOUT  ] 2017-11-15T15:02:47.184759737Z: [    0.000000]   DMA      [mem 0x0000000000001000-0x0000000000ffffff]
[STDOUT  ] 2017-11-15T15:02:47.184766398Z: [    0.000000]   DMA32    [mem 0x0000000001000000-0x000000003ffdefff]
[STDOUT  ] 2017-11-15T15:02:47.184773086Z: [    0.000000]   Normal   empty
[STDOUT  ] 2017-11-15T15:02:47.184779792Z: [    0.000000] Movable zone start for each node
[STDOUT  ] 2017-11-15T15:02:47.18478644Z: [    0.000000] Early memory node ranges
[STDOUT  ] 2017-11-15T15:02:47.18479306Z: [    0.000000]   node   0: [mem 0x0000000000001000-0x000000000009efff]
[STDOUT  ] 2017-11-15T15:02:47.184799852Z: [    0.000000]   node   0: [mem 0x0000000000100000-0x000000003ffdefff]
[STDOUT  ] 2017-11-15T15:02:47.184809308Z: [    0.000000] Initmem setup node 0 [mem 0x0000000000001000-0x000000003ffdefff]
[STDOUT  ] 2017-11-15T15:02:47.184816068Z: [    0.000000] ACPI: PM-Timer IO Port: 0x608
[STDOUT  ] 2017-11-15T15:02:47.184822787Z: [    0.000000] ACPI: LAPIC_NMI (acpi_id[0xff] dfl dfl lint[0x1])
[STDOUT  ] 2017-11-15T15:02:47.184829485Z: [    0.000000] IOAPIC[0]: apic_id 0, version 32, address 0xfec00000, GSI 0-23
[STDOUT  ] 2017-11-15T15:02:47.184836213Z: [    0.000000] ACPI: INT_SRC_OVR (bus 0 bus_irq 0 global_irq 2 dfl dfl)
[STDOUT  ] 2017-11-15T15:02:47.184843007Z: [    0.000000] ACPI: INT_SRC_OVR (bus 0 bus_irq 5 global_irq 5 high level)
[STDOUT  ] 2017-11-15T15:02:47.184849658Z: [    0.000000] ACPI: INT_SRC_OVR (bus 0 bus_irq 9 global_irq 9 high level)
[STDOUT  ] 2017-11-15T15:02:47.184856322Z: [    0.000000] ACPI: INT_SRC_OVR (bus 0 bus_irq 10 global_irq 10 high level)
[STDOUT  ] 2017-11-15T15:02:47.184865527Z: [    0.000000] ACPI: INT_SRC_OVR (bus 0 bus_irq 11 global_irq 11 high level)
[STDOUT  ] 2017-11-15T15:02:47.184874731Z: [    0.000000] Using ACPI (MADT) for SMP configuration information
[STDOUT  ] 2017-11-15T15:02:47.184881677Z: [    0.000000] ACPI: HPET id: 0x8086a201 base: 0xfed00000
[STDOUT  ] 2017-11-15T15:02:47.184890905Z: [    0.000000] smpboot: Allowing 1 CPUs, 0 hotplug CPUs
[STDOUT  ] 2017-11-15T15:02:47.184897717Z: [    0.000000] e820: [mem 0x40000000-0xafffffff] available for PCI devices
[STDOUT  ] 2017-11-15T15:02:47.184904404Z: [    0.000000] Booting paravirtualized kernel on bare hardware
[STDOUT  ] 2017-11-15T15:02:47.184911199Z: [    0.000000] clocksource: refined-jiffies: mask: 0xffffffff max_cycles: 0xffffffff, max_idle_ns: 19112604462750000 ns
[STDOUT  ] 2017-11-15T15:02:47.184918066Z: [    0.000000] setup_percpu: NR_CPUS:128 nr_cpumask_bits:128 nr_cpu_ids:1 nr_node_ids:1
[STDOUT  ] 2017-11-15T15:02:47.184924846Z: [    0.000000] percpu: Embedded 35 pages/cpu @ffff956bfdc00000 s105112 r8192 d30056 u2097152
[STDOUT  ] 2017-11-15T15:02:47.184931587Z: [    0.000000] Built 1 zonelists in Zone order, mobility grouping on.  Total pages: 257896
[STDOUT  ] 2017-11-15T15:02:47.184938224Z: [    0.000000] Kernel command line: console=ttyS0
[STDOUT  ] 2017-11-15T15:02:47.18494716Z: [    0.000000] PID hash table entries: 4096 (order: 3, 32768 bytes)
[STDOUT  ] 2017-11-15T15:02:47.184955636Z: [    0.000000] Dentry cache hash table entries: 131072 (order: 8, 1048576 bytes)
[STDOUT  ] 2017-11-15T15:02:47.184962552Z: [    0.000000] Inode-cache hash table entries: 65536 (order: 7, 524288 bytes)
[STDOUT  ] 2017-11-15T15:02:47.184969356Z: [    0.000000] Memory: 980992K/1048052K available (8048K kernel code, 1367K rwdata, 2700K rodata, 1380K init, 568K bss, 67060K reserved, 0K cma-reserved)
[STDOUT  ] 2017-11-15T15:02:47.184976181Z: [    0.000000] Hierarchical RCU implementation.
[STDOUT  ] 2017-11-15T15:02:47.184982956Z: [    0.000000] 	Build-time adjustment of leaf fanout to 64.
[STDOUT  ] 2017-11-15T15:02:47.184989797Z: [    0.000000] 	RCU restricting CPUs from NR_CPUS=128 to nr_cpu_ids=1.
[STDOUT  ] 2017-11-15T15:02:47.18499648Z: [    0.000000] RCU: Adjusting geometry for rcu_fanout_leaf=64, nr_cpu_ids=1
[STDOUT  ] 2017-11-15T15:02:47.1850032Z: [    0.000000] NR_IRQS:8448 nr_irqs:256 16
[STDOUT  ] 2017-11-15T15:02:47.185009949Z: [    0.000000] Console: colour VGA+ 80x25
[STDOUT  ] 2017-11-15T15:02:47.185016578Z: [    0.000000] console [ttyS0] enabled
[STDOUT  ] 2017-11-15T15:02:47.185023245Z: [    0.000000] clocksource: hpet: mask: 0xffffffff max_cycles: 0xffffffff, max_idle_ns: 19112604467 ns
[STDOUT  ] 2017-11-15T15:02:47.18503003Z: [    0.000000] tsc: Unable to calibrate against PIT
[STDOUT  ] 2017-11-15T15:02:47.185036881Z: [    0.000000] tsc: using HPET reference calibration
[STDOUT  ] 2017-11-15T15:02:47.185043568Z: [    0.000000] tsc: Detected 2300.098 MHz processor
[STDOUT  ] 2017-11-15T15:02:47.185050218Z: [    0.052441] Calibrating delay loop (skipped), value calculated using timer frequency.. 4600.19 BogoMIPS (lpj=23000980)
[STDOUT  ] 2017-11-15T15:02:47.185057156Z: [    0.053935] pid_max: default: 32768 minimum: 301
[STDOUT  ] 2017-11-15T15:02:47.185066404Z: [    0.055362] ACPI: Core revision 20160831
[STDOUT  ] 2017-11-15T15:02:47.185073354Z: [    0.133867] ACPI: 1 ACPI AML tables successfully acquired and loaded
[STDOUT  ] 2017-11-15T15:02:47.185080101Z: [    0.139227] Security Framework initialized
[STDOUT  ] 2017-11-15T15:02:47.185086815Z: [    0.139767] Yama: becoming mindful.
[STDOUT  ] 2017-11-15T15:02:47.18509367Z: [    0.142942] Mount-cache hash table entries: 2048 (order: 2, 16384 bytes)
[STDOUT  ] 2017-11-15T15:02:47.18510055Z: [    0.143681] Mountpoint-cache hash table entries: 2048 (order: 2, 16384 bytes)
[STDOUT  ] 2017-11-15T15:02:47.185107309Z: [    0.176879] Last level iTLB entries: 4KB 0, 2MB 0, 4MB 0
[STDOUT  ] 2017-11-15T15:02:47.185114019Z: [    0.177460] Last level dTLB entries: 4KB 0, 2MB 0, 4MB 0, 1GB 0
[STDOUT  ] 2017-11-15T15:02:47.185120779Z: [    0.738713] Freeing SMP alternatives memory: 20K
[STDOUT  ] 2017-11-15T15:02:47.185127468Z: [    0.753579] ftrace: allocating 35542 entries in 139 pages
[STDOUT  ] 2017-11-15T15:02:47.185134175Z: [    1.018431] smpboot: Max logical packages: 1
[STDOUT  ] 2017-11-15T15:02:47.185140881Z: [    1.029874] ..TIMER: vector=0x30 apic1=0 pin1=2 apic2=-1 pin2=-1
[STDOUT  ] 2017-11-15T15:02:47.185149685Z: [    1.130000] smpboot: CPU0: AMD QEMU Virtual CPU version 2.5+ (family: 0x6, model: 0x6, stepping: 0x3)
[STDOUT  ] 2017-11-15T15:02:47.18515659Z: [    1.130000] Performance Events: PMU not available due to virtualization, using software events only.
[STDOUT  ] 2017-11-15T15:02:47.185163302Z: [    1.149331] NMI watchdog: disabled (cpu0): hardware events not enabled
[STDOUT  ] 2017-11-15T15:02:47.185170012Z: [    1.149826] NMI watchdog: Shutting down hard lockup detector on all cpus
[STDOUT  ] 2017-11-15T15:02:47.185176708Z: [    1.153493] x86: Booted up 1 node, 1 CPUs
[STDOUT  ] 2017-11-15T15:02:47.185183386Z: [    1.153898] smpboot: Total of 1 processors activated (4600.19 BogoMIPS)
[STDOUT  ] 2017-11-15T15:02:47.185189991Z: [    1.176694] devtmpfs: initialized
[STDOUT  ] 2017-11-15T15:02:47.185196774Z: [    1.184895] x86/mm: Memory block size: 128MB
[STDOUT  ] 2017-11-15T15:02:47.185203437Z: [    1.297767] clocksource: jiffies: mask: 0xffffffff max_cycles: 0xffffffff, max_idle_ns: 19112604462750000 ns
[STDOUT  ] 2017-11-15T15:02:47.185212753Z: [    1.298790] futex hash table entries: 256 (order: 2, 16384 bytes)
[STDOUT  ] 2017-11-15T15:02:47.185219622Z: [    1.312195] NET: Registered protocol family 16
[STDOUT  ] 2017-11-15T15:02:47.185226533Z: [    1.328311] cpuidle: using governor ladder
[STDOUT  ] 2017-11-15T15:02:47.185233128Z: [    1.328816] cpuidle: using governor menu
[STDOUT  ] 2017-11-15T15:02:47.18523973Z: [    1.330681] ACPI: bus type PCI registered
[STDOUT  ] 2017-11-15T15:02:47.1852464Z: [    1.335451] PCI: MMCONFIG for domain 0000 [bus 00-ff] at [mem 0xb0000000-0xbfffffff] (base 0xb0000000)
[STDOUT  ] 2017-11-15T15:02:47.185253251Z: [    1.336264] PCI: MMCONFIG at [mem 0xb0000000-0xbfffffff] reserved in E820
[STDOUT  ] 2017-11-15T15:02:47.185260035Z: [    1.338165] PCI: Using configuration type 1 for base access
[STDOUT  ] 2017-11-15T15:02:47.185266889Z: [    1.434640] HugeTLB registered 2 MB page size, pre-allocated 0 pages
[STDOUT  ] 2017-11-15T15:02:47.185273542Z: [    1.450849] ACPI: Added _OSI(Module Device)
[STDOUT  ] 2017-11-15T15:02:47.185280138Z: [    1.451187] ACPI: Added _OSI(Processor Device)
[STDOUT  ] 2017-11-15T15:02:47.185286746Z: [    1.451472] ACPI: Added _OSI(3.0 _SCP Extensions)
[STDOUT  ] 2017-11-15T15:02:47.185295406Z: [    1.451789] ACPI: Added _OSI(Processor Aggregator Device)
[STDOUT  ] 2017-11-15T15:02:47.185302094Z: [    1.580774] ACPI: Interpreter enabled
[STDOUT  ] 2017-11-15T15:02:47.185308835Z: [    1.581900] ACPI: (supports S0 S5)
[STDOUT  ] 2017-11-15T15:02:47.185317747Z: [    1.582249] ACPI: Using IOAPIC for interrupt routing
[STDOUT  ] 2017-11-15T15:02:47.185326523Z: [    1.585026] PCI: Using host bridge windows from ACPI; if necessary, use "pci=nocrs" and report a bug
[STDOUT  ] 2017-11-15T15:02:47.185336235Z: [    1.692237] ACPI: PCI Root Bridge [PCI0] (domain 0000 [bus 00-ff])
[STDOUT  ] 2017-11-15T15:02:47.185343074Z: [    1.693534] acpi PNP0A08:00: _OSC: OS supports [ExtendedConfig ASPM ClockPM Segments MSI]
[STDOUT  ] 2017-11-15T15:02:47.185349809Z: [    1.702747] acpi PNP0A08:00: _OSC: OS now controls [PCIeHotplug PME PCIeCapability]
[STDOUT  ] 2017-11-15T15:02:47.18535659Z: [    1.708497] PCI host bridge to bus 0000:00
[STDOUT  ] 2017-11-15T15:02:47.185363309Z: [    1.709003] pci_bus 0000:00: root bus resource [io  0x0000-0x0cf7 window]
[STDOUT  ] 2017-11-15T15:02:47.185370047Z: [    1.709463] pci_bus 0000:00: root bus resource [io  0x0d00-0xffff window]
[STDOUT  ] 2017-11-15T15:02:47.185381224Z: [    1.709877] pci_bus 0000:00: root bus resource [mem 0x000a0000-0x000bffff window]
[STDOUT  ] 2017-11-15T15:02:47.185388219Z: [    1.710091] pci_bus 0000:00: root bus resource [mem 0xc0000000-0xfebfffff window]
[STDOUT  ] 2017-11-15T15:02:47.185394954Z: [    1.710759] pci_bus 0000:00: root bus resource [bus 00-ff]
[STDOUT  ] 2017-11-15T15:02:47.185401711Z: [    1.884104] pci 0000:00:1f.0: quirk: [io  0x0600-0x067f] claimed by ICH6 ACPI/GPIO/TCO
[STDOUT  ] 2017-11-15T15:02:47.185410939Z: [    1.981840] ACPI: PCI Interrupt Link [LNKA] (IRQs 5 *10 11)
[STDOUT  ] 2017-11-15T15:02:47.185420609Z: [    1.984758] ACPI: PCI Interrupt Link [LNKB] (IRQs 5 *10 11)
[STDOUT  ] 2017-11-15T15:02:47.185427438Z: [    1.987278] ACPI: PCI Interrupt Link [LNKC] (IRQs 5 10 *11)
[STDOUT  ] 2017-11-15T15:02:47.185434049Z: [    1.990071] ACPI: PCI Interrupt Link [LNKD] (IRQs 5 10 *11)
[STDOUT  ] 2017-11-15T15:02:47.185440702Z: [    1.992633] ACPI: PCI Interrupt Link [LNKE] (IRQs 5 *10 11)
[STDOUT  ] 2017-11-15T15:02:47.185447326Z: [    1.995105] ACPI: PCI Interrupt Link [LNKF] (IRQs 5 *10 11)
[STDOUT  ] 2017-11-15T15:02:47.185453906Z: [    1.997609] ACPI: PCI Interrupt Link [LNKG] (IRQs 5 10 *11)
[STDOUT  ] 2017-11-15T15:02:47.185460519Z: [    2.000239] ACPI: PCI Interrupt Link [LNKH] (IRQs 5 10 *11)
[STDOUT  ] 2017-11-15T15:02:47.185467201Z: [    2.001297] ACPI: PCI Interrupt Link [GSIA] (IRQs *16)
[STDOUT  ] 2017-11-15T15:02:47.185473945Z: [    2.002112] ACPI: PCI Interrupt Link [GSIB] (IRQs *17)
[STDOUT  ] 2017-11-15T15:02:47.18548052Z: [    2.002880] ACPI: PCI Interrupt Link [GSIC] (IRQs *18)
[STDOUT  ] 2017-11-15T15:02:47.185487163Z: [    2.003650] ACPI: PCI Interrupt Link [GSID] (IRQs *19)
[STDOUT  ] 2017-11-15T15:02:47.185495707Z: [    2.004404] ACPI: PCI Interrupt Link [GSIE] (IRQs *20)
[STDOUT  ] 2017-11-15T15:02:47.185502372Z: [    2.005196] ACPI: PCI Interrupt Link [GSIF] (IRQs *21)
[STDOUT  ] 2017-11-15T15:02:47.185509011Z: [    2.005950] ACPI: PCI Interrupt Link [GSIG] (IRQs *22)
[STDOUT  ] 2017-11-15T15:02:47.185515708Z: [    2.006723] ACPI: PCI Interrupt Link [GSIH] (IRQs *23)
