[INFO    ] 2017-06-29T14:37:32.614328609Z: Running Test linuxkit.kernel.config_4.4.x in /tmp/build/test/cases/020_kernel/000_config_4.4.x
[INFO    ] 2017-06-29T14:37:32.614437391Z: Running command: [/bin/sh -x /tmp/build/test/cases/020_kernel/000_config_4.4.x/test.sh]
[STDERR  ] 2017-06-29T14:37:32.616490938Z: + set -e
[STDERR  ] 2017-06-29T14:37:32.616554415Z: + . /tmp/build/test/cases/_lib/lib.sh
[STDERR  ] 2017-06-29T14:37:32.616632668Z: + [ -f src/github.com/linuxkit/rtf/lib/lib.sh ]
[STDERR  ] 2017-06-29T14:37:32.616689534Z: + LINUXKIT_TMPDIR=/tmp/build/test/cases/_tmp
[STDERR  ] 2017-06-29T14:37:32.616743926Z: + [ -f /tmp/build/test/cases/_tmp/env.sh ]
[STDERR  ] 2017-06-29T14:37:32.616809523Z: + . /tmp/build/test/cases/_tmp/env.sh
[STDERR  ] 2017-06-29T14:37:32.616883371Z: + export LINUXKIT_EXAMPLES_DIR=/tmp/build/test/cases/../../examples
[STDERR  ] 2017-06-29T14:37:32.616925191Z: + export LINUXKIT_BLUEPRINTS_DIR=/tmp/build/test/cases/../../blueprints
[STDERR  ] 2017-06-29T14:37:32.616967789Z: + RT_CANCEL=253
[STDERR  ] 2017-06-29T14:37:32.617024776Z: + trap clean_up EXIT
[STDERR  ] 2017-06-29T14:37:32.617114479Z: + moby build -output kernel+initrd test-kernel-config.yml
[STDERR  ] 2017-06-29T14:37:32.630573232Z: Extract kernel image: linuxkit/kernel:4.4.74
[STDERR  ] 2017-06-29T14:37:34.910823042Z: Pull image: docker.io/linuxkit/kernel:4.4.74@sha256:97e5e97144ccf5803b2c19941fb11d904e91b8806dc2b020a203075eee5ea9e8
[STDERR  ] 2017-06-29T14:37:41.063141954Z: Add init containers:
[STDERR  ] 2017-06-29T14:37:41.063153671Z: Process init image: linuxkit/init:36c56f0664d49c5a6adc1120d1bf5ba6ac30b389
[STDERR  ] 2017-06-29T14:37:42.767361651Z: Process init image: linuxkit/runc:291131ec026430371e7c36165c3f43734fbc2541
[STDERR  ] 2017-06-29T14:37:44.344867647Z: Process init image: linuxkit/containerd:1e3e8f207421de8deac8cedc26a138d6b1661a0d
[STDERR  ] 2017-06-29T14:37:46.384159592Z: Add onboot containers:
[STDERR  ] 2017-06-29T14:37:46.384270852Z:   Create OCI config for linuxkit/test-kernel-config:9f08e3b99f8ac2f422251b3e8c94ce874ee34119
[STDERR  ] 2017-06-29T14:37:49.301865404Z:   Create OCI config for linuxkit/poweroff:7404cf2295df89ccfa2dda41997a28307a90cf28
[STDERR  ] 2017-06-29T14:37:50.998396533Z: Create outputs:
[STDERR  ] 2017-06-29T14:37:59.171620488Z:   test-kernel-config-kernel test-kernel-config-initrd.img test-kernel-config-cmdline
[STDERR  ] 2017-06-29T14:37:59.240233769Z: + linuxkit run test-kernel-config
[STDERR  ] 2017-06-29T14:37:59.257676718Z: Unable to find qemu-system-x86_64 within the $PATH. Using a container
[STDERR  ] 2017-06-29T14:38:46.481835905Z: + RESULT=[    0.000000] Initializing cgroup subsys cpuset
[STDERR  ] 2017-06-29T14:38:46.481847636Z: [    0.000000] Initializing cgroup subsys cpu
[STDERR  ] 2017-06-29T14:38:46.481875435Z: [    0.000000] Initializing cgroup subsys cpuacct
[STDERR  ] 2017-06-29T14:38:46.481888533Z: [    0.000000] Linux version 4.4.74-linuxkit (root@b147ce67977e) (gcc version 6.3.0 (Alpine 6.3.0) ) #1 SMP Tue Jun 27 15:11:59 UTC 2017
[STDERR  ] 2017-06-29T14:38:46.481894093Z: [    0.000000] Command line: console=ttyS0
[STDERR  ] 2017-06-29T14:38:46.481910568Z: [    0.000000] x86/fpu: Legacy x87 FPU detected.
[STDERR  ] 2017-06-29T14:38:46.481922755Z: [    0.000000] x86/fpu: Using 'lazy' FPU context switches.
[STDERR  ] 2017-06-29T14:38:46.481934638Z: [    0.000000] e820: BIOS-provided physical RAM map:
[STDERR  ] 2017-06-29T14:38:46.481946966Z: [    0.000000] BIOS-e820: [mem 0x0000000000000000-0x000000000009fbff] usable
[STDERR  ] 2017-06-29T14:38:46.481970586Z: [    0.000000] BIOS-e820: [mem 0x000000000009fc00-0x000000000009ffff] reserved
[STDERR  ] 2017-06-29T14:38:46.481987846Z: [    0.000000] BIOS-e820: [mem 0x00000000000f0000-0x00000000000fffff] reserved
[STDERR  ] 2017-06-29T14:38:46.481999569Z: [    0.000000] BIOS-e820: [mem 0x0000000000100000-0x000000003ffdefff] usable
[STDERR  ] 2017-06-29T14:38:46.482011466Z: [    0.000000] BIOS-e820: [mem 0x000000003ffdf000-0x000000003fffffff] reserved
[STDERR  ] 2017-06-29T14:38:46.482025497Z: [    0.000000] BIOS-e820: [mem 0x00000000b0000000-0x00000000bfffffff] reserved
[STDERR  ] 2017-06-29T14:38:46.482047127Z: [    0.000000] BIOS-e820: [mem 0x00000000fed1c000-0x00000000fed1ffff] reserved
[STDERR  ] 2017-06-29T14:38:46.482056485Z: [    0.000000] BIOS-e820: [mem 0x00000000fffc0000-0x00000000ffffffff] reserved
[STDERR  ] 2017-06-29T14:38:46.482066879Z: [    0.000000] NX (Execute Disable) protection: active
[STDERR  ] 2017-06-29T14:38:46.482077944Z: [    0.000000] SMBIOS 2.8 present.
[STDERR  ] 2017-06-29T14:38:46.482082562Z: [    0.000000] e820: last_pfn = 0x3ffdf max_arch_pfn = 0x400000000
[STDERR  ] 2017-06-29T14:38:46.482091572Z: [    0.000000] x86/PAT: Configuration [0-7]: WB  WC  UC- UC  WB  WC  UC- WT  
[STDERR  ] 2017-06-29T14:38:46.482120742Z: [    0.000000] found SMP MP-table at [mem 0x000f6aa0-0x000f6aaf] mapped at [ffff8800000f6aa0]
[STDERR  ] 2017-06-29T14:38:46.482131508Z: [    0.000000] RAMDISK: [mem 0x3d4e0000-0x3ffcffff]
[STDERR  ] 2017-06-29T14:38:46.482136521Z: [    0.000000] ACPI: Early table checksum verification disabled
[STDERR  ] 2017-06-29T14:38:46.482150617Z: [    0.000000] ACPI: RSDP 0x00000000000F68C0 000014 (v00 BOCHS )
[STDERR  ] 2017-06-29T14:38:46.482159264Z: [    0.000000] ACPI: RSDT 0x000000003FFE2404 000034 (v01 BOCHS  BXPCRSDT 00000001 BXPC 00000001)
[STDERR  ] 2017-06-29T14:38:46.482164245Z: [    0.000000] ACPI: FACP 0x000000003FFE22A4 000074 (v01 BOCHS  BXPCFACP 00000001 BXPC 00000001)
[STDERR  ] 2017-06-29T14:38:46.482178129Z: [    0.000000] ACPI: DSDT 0x000000003FFE0040 002264 (v01 BOCHS  BXPCDSDT 00000001 BXPC 00000001)
[STDERR  ] 2017-06-29T14:38:46.482188174Z: [    0.000000] ACPI: FACS 0x000000003FFE0000 000040
[STDERR  ] 2017-06-29T14:38:46.482197012Z: [    0.000000] ACPI: APIC 0x000000003FFE2318 000078 (v01 BOCHS  BXPCAPIC 00000001 BXPC 00000001)
[STDERR  ] 2017-06-29T14:38:46.482201941Z: [    0.000000] ACPI: HPET 0x000000003FFE2390 000038 (v01 BOCHS  BXPCHPET 00000001 BXPC 00000001)
[STDERR  ] 2017-06-29T14:38:46.482217957Z: [    0.000000] ACPI: MCFG 0x000000003FFE23C8 00003C (v01 BOCHS  BXPCMCFG 00000001 BXPC 00000001)
[STDERR  ] 2017-06-29T14:38:46.482227367Z: [    0.000000] Zone ranges:
[STDERR  ] 2017-06-29T14:38:46.482236521Z: [    0.000000]   DMA      [mem 0x0000000000001000-0x0000000000ffffff]
[STDERR  ] 2017-06-29T14:38:46.482240892Z: [    0.000000]   DMA32    [mem 0x0000000001000000-0x000000003ffdefff]
[STDERR  ] 2017-06-29T14:38:46.482253892Z: [    0.000000]   Normal   empty
[STDERR  ] 2017-06-29T14:38:46.482258868Z: [    0.000000] Movable zone start for each node
[STDERR  ] 2017-06-29T14:38:46.48226977Z: [    0.000000] Early memory node ranges
[STDERR  ] 2017-06-29T14:38:46.48228399Z: [    0.000000]   node   0: [mem 0x0000000000001000-0x000000000009efff]
[STDERR  ] 2017-06-29T14:38:46.482297686Z: [    0.000000]   node   0: [mem 0x0000000000100000-0x000000003ffdefff]
[STDERR  ] 2017-06-29T14:38:46.482302511Z: [    0.000000] Initmem setup node 0 [mem 0x0000000000001000-0x000000003ffdefff]
[STDERR  ] 2017-06-29T14:38:46.482319006Z: [    0.000000] ACPI: PM-Timer IO Port: 0x608
[STDERR  ] 2017-06-29T14:38:46.482324383Z: [    0.000000] ACPI: LAPIC_NMI (acpi_id[0xff] dfl dfl lint[0x1])
[STDERR  ] 2017-06-29T14:38:46.482338548Z: [    0.000000] IOAPIC[0]: apic_id 0, version 32, address 0xfec00000, GSI 0-23
[STDERR  ] 2017-06-29T14:38:46.482354827Z: [    0.000000] ACPI: INT_SRC_OVR (bus 0 bus_irq 0 global_irq 2 dfl dfl)
[STDERR  ] 2017-06-29T14:38:46.482364537Z: [    0.000000] ACPI: INT_SRC_OVR (bus 0 bus_irq 5 global_irq 5 high level)
[STDERR  ] 2017-06-29T14:38:46.482394107Z: [    0.000000] ACPI: INT_SRC_OVR (bus 0 bus_irq 9 global_irq 9 high level)
[STDERR  ] 2017-06-29T14:38:46.48240338Z: [    0.000000] ACPI: INT_SRC_OVR (bus 0 bus_irq 10 global_irq 10 high level)
[STDERR  ] 2017-06-29T14:38:46.482418983Z: [    0.000000] ACPI: INT_SRC_OVR (bus 0 bus_irq 11 global_irq 11 high level)
[STDERR  ] 2017-06-29T14:38:46.482428423Z: [    0.000000] Using ACPI (MADT) for SMP configuration information
[STDERR  ] 2017-06-29T14:38:46.48243873Z: [    0.000000] ACPI: HPET id: 0x8086a201 base: 0xfed00000
[STDERR  ] 2017-06-29T14:38:46.482448498Z: [    0.000000] smpboot: Allowing 1 CPUs, 0 hotplug CPUs
[STDERR  ] 2017-06-29T14:38:46.482463513Z: [    0.000000] e820: [mem 0x40000000-0xafffffff] available for PCI devices
[STDERR  ] 2017-06-29T14:38:46.482472543Z: [    0.000000] Booting paravirtualized kernel on bare hardware
[STDERR  ] 2017-06-29T14:38:46.482477268Z: [    0.000000] clocksource: refined-jiffies: mask: 0xffffffff max_cycles: 0xffffffff, max_idle_ns: 19112604462750000 ns
[STDERR  ] 2017-06-29T14:38:46.482494278Z: [    0.000000] setup_percpu: NR_CPUS:128 nr_cpumask_bits:128 nr_cpu_ids:1 nr_node_ids:1
[STDERR  ] 2017-06-29T14:38:46.482512739Z: [    0.000000] PERCPU: Embedded 33 pages/cpu @ffff88003d200000 s95832 r8192 d31144 u2097152
[STDERR  ] 2017-06-29T14:38:46.482522725Z: [    0.000000] Built 1 zonelists in Zone order, mobility grouping on.  Total pages: 257896
[STDERR  ] 2017-06-29T14:38:46.482532305Z: [    0.000000] Kernel command line: console=ttyS0
[STDERR  ] 2017-06-29T14:38:46.482541587Z: [    0.000000] PID hash table entries: 4096 (order: 3, 32768 bytes)
[STDERR  ] 2017-06-29T14:38:46.482555377Z: [    0.000000] Dentry cache hash table entries: 131072 (order: 8, 1048576 bytes)
[STDERR  ] 2017-06-29T14:38:46.482564895Z: [    0.000000] Inode-cache hash table entries: 65536 (order: 7, 524288 bytes)
[STDERR  ] 2017-06-29T14:38:46.48257687Z: [    0.000000] Memory: 970144K/1048052K available (7600K kernel code, 1237K rwdata, 2696K rodata, 1292K init, 684K bss, 77908K reserved, 0K cma-reserved)
[STDERR  ] 2017-06-29T14:38:46.482582283Z: [    0.000000] Hierarchical RCU implementation.
[STDERR  ] 2017-06-29T14:38:46.482591693Z: [    0.000000] 	Build-time adjustment of leaf fanout to 64.
[STDERR  ] 2017-06-29T14:38:46.48260781Z: [    0.000000] 	RCU restricting CPUs from NR_CPUS=128 to nr_cpu_ids=1.
[STDERR  ] 2017-06-29T14:38:46.482612683Z: [    0.000000] RCU: Adjusting geometry for rcu_fanout_leaf=64, nr_cpu_ids=1
[STDERR  ] 2017-06-29T14:38:46.482629015Z: [    0.000000] NR_IRQS:8448 nr_irqs:256 16
[STDERR  ] 2017-06-29T14:38:46.482637943Z: [    0.000000] Console: colour VGA+ 80x25
[STDERR  ] 2017-06-29T14:38:46.482642593Z: [    0.000000] console [ttyS0] enabled
[STDERR  ] 2017-06-29T14:38:46.482657133Z: [    0.000000] clocksource: hpet: mask: 0xffffffff max_cycles: 0xffffffff, max_idle_ns: 19112604467 ns
[STDERR  ] 2017-06-29T14:38:46.482666689Z: [    0.000000] tsc: Fast TSC calibration using PIT
[STDERR  ] 2017-06-29T14:38:46.482675976Z: [    0.000000] tsc: Detected 2600.021 MHz processor
[STDERR  ] 2017-06-29T14:38:46.482684682Z: [    0.021158] Calibrating delay loop (skipped), value calculated using timer frequency.. 5200.04 BogoMIPS (lpj=26000210)
[STDERR  ] 2017-06-29T14:38:46.48269775Z: [    0.022622] pid_max: default: 32768 minimum: 301
[STDERR  ] 2017-06-29T14:38:46.482703359Z: [    0.023464] ACPI: Core revision 20150930
[STDERR  ] 2017-06-29T14:38:46.482712703Z: [    0.073580] ACPI: 1 ACPI AML tables successfully acquired and loaded
[STDERR  ] 2017-06-29T14:38:46.482727253Z: [    0.075497] Security Framework initialized
[STDERR  ] 2017-06-29T14:38:46.48273197Z: [    0.075798] Yama: becoming mindful.
[STDERR  ] 2017-06-29T14:38:46.482745711Z: [    0.078621] Mount-cache hash table entries: 2048 (order: 2, 16384 bytes)
[STDERR  ] 2017-06-29T14:38:46.482750332Z: [    0.079266] Mountpoint-cache hash table entries: 2048 (order: 2, 16384 bytes)
[STDERR  ] 2017-06-29T14:38:46.482763174Z: [    0.094776] Initializing cgroup subsys io
[STDERR  ] 2017-06-29T14:38:46.482771868Z: [    0.095736] Initializing cgroup subsys memory
[STDERR  ] 2017-06-29T14:38:46.482776501Z: [    0.096798] Initializing cgroup subsys devices
[STDERR  ] 2017-06-29T14:38:46.482792122Z: [    0.097378] Initializing cgroup subsys freezer
[STDERR  ] 2017-06-29T14:38:46.482796661Z: [    0.097951] Initializing cgroup subsys net_cls
[STDERR  ] 2017-06-29T14:38:46.482809732Z: [    0.098456] Initializing cgroup subsys perf_event
[STDERR  ] 2017-06-29T14:38:46.482819011Z: [    0.099006] Initializing cgroup subsys net_prio
[STDERR  ] 2017-06-29T14:38:46.482825965Z: [    0.099564] Initializing cgroup subsys hugetlb
[STDERR  ] 2017-06-29T14:38:46.482840256Z: [    0.100213] Initializing cgroup subsys pids
[STDERR  ] 2017-06-29T14:38:46.482858849Z: [    0.102723] Last level iTLB entries: 4KB 0, 2MB 0, 4MB 0
[STDERR  ] 2017-06-29T14:38:46.482867622Z: [    0.103173] Last level dTLB entries: 4KB 0, 2MB 0, 4MB 0, 1GB 0
[STDERR  ] 2017-06-29T14:38:46.482877428Z: [    0.350231] Freeing SMP alternatives memory: 20K (ffffffffb3e7a000 - ffffffffb3e7f000)
[STDERR  ] 2017-06-29T14:38:46.482886835Z: [    0.359040] ftrace: allocating 33308 entries in 131 pages
[STDERR  ] 2017-06-29T14:38:46.482896189Z: [    0.513795] ..TIMER: vector=0x30 apic1=0 pin1=2 apic2=-1 pin2=-1
[STDERR  ] 2017-06-29T14:38:46.482910045Z: [    0.620000] smpboot: CPU0: AMD QEMU Virtual CPU version 2.5+ (family: 0x6, model: 0x6, stepping: 0x3)
[STDERR  ] 2017-06-29T14:38:46.482920026Z: [    0.620000] Performance Events: Broken PMU hardware detected, using software events only.
[STDERR  ] 2017-06-29T14:38:46.482925435Z: [    0.620000] Failed to access perfctr msr (MSR c0010007 is 0)
[STDERR  ] 2017-06-29T14:38:46.482939938Z: [    0.625855] x86: Booted up 1 node, 1 CPUs
[STDERR  ] 2017-06-29T14:38:46.482944835Z: [    0.626314] smpboot: Total of 1 processors activated (5200.04 BogoMIPS)
[STDERR  ] 2017-06-29T14:38:46.482960899Z: [    0.632733] NMI watchdog: disabled (cpu0): hardware events not enabled
[STDERR  ] 2017-06-29T14:38:46.482970299Z: [    0.633212] NMI watchdog: Shutting down hard lockup detector on all cpus
[STDERR  ] 2017-06-29T14:38:46.482987001Z: [    0.642899] devtmpfs: initialized
[STDERR  ] 2017-06-29T14:38:46.482998635Z: [    0.714574] clocksource: jiffies: mask: 0xffffffff max_cycles: 0xffffffff, max_idle_ns: 19112604462750000 ns
[STDERR  ] 2017-06-29T14:38:46.48300815Z: [    0.715568] futex hash table entries: 256 (order: 2, 16384 bytes)
[STDERR  ] 2017-06-29T14:38:46.48301759Z: [    0.729593] NET: Registered protocol family 16
[STDERR  ] 2017-06-29T14:38:46.483021917Z: [    0.738144] cpuidle: using governor ladder
[STDERR  ] 2017-06-29T14:38:46.483027834Z: [    0.738537] cpuidle: using governor menu
[STDERR  ] 2017-06-29T14:38:46.483036797Z: [    0.740399] ACPI: bus type PCI registered
[STDERR  ] 2017-06-29T14:38:46.483043131Z: [    0.743409] PCI: MMCONFIG for domain 0000 [bus 00-ff] at [mem 0xb0000000-0xbfffffff] (base 0xb0000000)
[STDERR  ] 2017-06-29T14:38:46.483053051Z: [    0.744362] PCI: MMCONFIG at [mem 0xb0000000-0xbfffffff] reserved in E820
[STDERR  ] 2017-06-29T14:38:46.483056127Z: [    0.745755] PCI: Using configuration type 1 for base access
[STDERR  ] 2017-06-29T14:38:46.483066823Z: [    0.803331] ACPI: Added _OSI(Module Device)
[STDERR  ] 2017-06-29T14:38:46.483069877Z: [    0.803653] ACPI: Added _OSI(Processor Device)
[STDERR  ] 2017-06-29T14:38:46.48307866Z: [    0.804016] ACPI: Added _OSI(3.0 _SCP Extensions)
[STDERR  ] 2017-06-29T14:38:46.483087341Z: [    0.804305] ACPI: Added _OSI(Processor Aggregator Device)
[STDERR  ] 2017-06-29T14:38:46.483095407Z: [    0.880453] ACPI: Interpreter enabled
[STDERR  ] 2017-06-29T14:38:46.483101295Z: [    0.881438] ACPI: (supports S0 S5)
[STDERR  ] 2017-06-29T14:38:46.483107264Z: [    0.881775] ACPI: Using IOAPIC for interrupt routing
[STDERR  ] 2017-06-29T14:38:46.483110365Z: [    0.884535] PCI: Using host bridge windows from ACPI; if necessary, use "pci=nocrs" and report a bug
[STDERR  ] 2017-06-29T14:38:46.483119158Z: [    0.945963] ACPI: PCI Root Bridge [PCI0] (domain 0000 [bus 00-ff])
[STDERR  ] 2017-06-29T14:38:46.483124518Z: [    0.947197] acpi PNP0A08:00: _OSC: OS supports [ExtendedConfig ASPM ClockPM Segments MSI]
[STDERR  ] 2017-06-29T14:38:46.48313654Z: [    0.953921] acpi PNP0A08:00: _OSC: OS now controls [PCIeHotplug PME PCIeCapability]
[STDERR  ] 2017-06-29T14:38:46.483142587Z: [    0.957554] PCI host bridge to bus 0000:00
[STDERR  ] 2017-06-29T14:38:46.483148494Z: [    0.958050] pci_bus 0000:00: root bus resource [io  0x0000-0x0cf7 window]
[STDERR  ] 2017-06-29T14:38:46.483158371Z: [    0.958548] pci_bus 0000:00: root bus resource [io  0x0d00-0xffff window]
[STDERR  ] 2017-06-29T14:38:46.483168775Z: [    0.958997] pci_bus 0000:00: root bus resource [mem 0x000a0000-0x000bffff window]
[STDERR  ] 2017-06-29T14:38:46.48317202Z: [    0.959482] pci_bus 0000:00: root bus resource [mem 0xc0000000-0xfebfffff window]
[STDERR  ] 2017-06-29T14:38:46.48317791Z: [    0.960322] pci_bus 0000:00: root bus resource [bus 00-ff]
[STDERR  ] 2017-06-29T14:38:46.483186863Z: [    1.051693] pci 0000:00:1f.0: quirk: [io  0x0600-0x067f] claimed by ICH6 ACPI/GPIO/TCO
[STDERR  ] 2017-06-29T14:38:46.483192875Z: [    1.108201] ACPI: PCI Interrupt Link [LNKA] (IRQs 5 *10 11)
[STDERR  ] 2017-06-29T14:38:46.483198865Z: [    1.111858] ACPI: PCI Interrupt Link [LNKB] (IRQs 5 *10 11)
[STDERR  ] 2017-06-29T14:38:46.483208314Z: [    1.114233] ACPI: PCI Interrupt Link [LNKC] (IRQs 5 10 *11)
[STDERR  ] 2017-06-29T14:38:46.483214647Z: [    1.116120] ACPI: PCI Interrupt Link [LNKD] (IRQs 5 10 *11)
[STDERR  ] 2017-06-29T14:38:46.483217832Z: [    1.117923] ACPI: PCI Interrupt Link [LNKE] (IRQs 5 *10 11)
[STDERR  ] 2017-06-29T14:38:46.483226192Z: [    1.119753] ACPI: PCI Interrupt Link [LNKF] (IRQs 5 *10 11)
[STDERR  ] 2017-06-29T14:38:46.483237434Z: [    1.121639] ACPI: PCI Interrupt Link [LNKG] (IRQs 5 10 *11)
[STDERR  ] 2017-06-29T14:38:46.483243259Z: [    1.123438] ACPI: PCI Interrupt Link [LNKH] (IRQs 5 10 *11)
[STDERR  ] 2017-06-29T14:38:46.483249074Z: [    1.124438] ACPI: PCI Interrupt Link [GSIA] (IRQs *16)
[STDERR  ] 2017-06-29T14:38:46.483254884Z: [    1.125135] ACPI: PCI Interrupt Link [GSIB] (IRQs *17)
[STDERR  ] 2017-06-29T14:38:46.483260762Z: [    1.125960] ACPI: PCI Interrupt Link [GSIC] (IRQs *18)
[STDERR  ] 2017-06-29T14:38:46.483268934Z: [    1.126746] ACPI: PCI Interrupt Link [GSID] (IRQs *19)
[STDERR  ] 2017-06-29T14:38:46.483274762Z: [    1.127446] ACPI: PCI Interrupt Link [GSIE] (IRQs *20)
[STDERR  ] 2017-06-29T14:38:46.4832778Z: [    1.128196] ACPI: PCI Interrupt Link [GSIF] (IRQs *21)
[STDERR  ] 2017-06-29T14:38:46.483287954Z: [    1.128978] ACPI: PCI Interrupt Link [GSIG] (IRQs *22)
[STDERR  ] 2017-06-29T14:38:46.483290906Z: [    1.130232] ACPI: PCI Interrupt Link [GSIH] (IRQs *23)
[STDERR  ] 2017-06-29T14:38:46.48329968Z: [    1.134739] ACPI: Enabled 2 GPEs in block 00 to 3F
[STDERR  ] 2017-06-29T14:38:46.483310062Z: [    1.138949] SCSI subsystem initialized
[STDERR  ] 2017-06-29T14:38:46.483316127Z: [    1.141087] ACPI: bus type USB registered
[STDERR  ] 2017-06-29T14:38:46.483321949Z: [    1.142223] usbcore: registered new interface driver usbfs
[STDERR  ] 2017-06-29T14:38:46.483327832Z: [    1.143094] usbcore: registered new interface driver hub
[STDERR  ] 2017-06-29T14:38:46.483333623Z: [    1.143967] usbcore: registered new device driver usb
[STDERR  ] 2017-06-29T14:38:46.483339426Z: [    1.145252] pps_core: LinuxPPS API ver. 1 registered
[STDERR  ] 2017-06-29T14:38:46.483345384Z: [    1.145586] pps_core: Software ver. 5.3.6 - Copyright 2005-2007 Rodolfo Giometti <giometti@linux.it>
[STDERR  ] 2017-06-29T14:38:46.483348513Z: [    1.146383] PTP clock support registered
[STDERR  ] 2017-06-29T14:38:46.483354247Z: [    1.147758] wmi: Mapper loaded
[STDERR  ] 2017-06-29T14:38:46.48336306Z: [    1.148933] PCI: Using ACPI for IRQ routing
[STDERR  ] 2017-06-29T14:38:46.483368942Z: [    1.167682] NetLabel: Initializing
[STDERR  ] 2017-06-29T14:38:46.483374846Z: [    1.167909] NetLabel:  domain hash size = 128
[STDERR  ] 2017-06-29T14:38:46.483382334Z: [    1.168317] NetLabel:  protocols = UNLABELED CIPSOv4
[STDERR  ] 2017-06-29T14:38:46.483385386Z: [    1.171166] NetLabel:  unlabeled traffic allowed by default
[STDERR  ] 2017-06-29T14:38:46.483391177Z: [    1.172444] HPET: 3 timers in total, 0 timers will be used for per-cpu timer
[STDERR  ] 2017-06-29T14:38:46.483400004Z: [    1.173277] hpet0: at MMIO 0xfed00000, IRQs 2, 8, 0
[STDERR  ] 2017-06-29T14:38:46.483409992Z: [    1.173849] hpet0: 3 comparators, 64-bit 100.000000 MHz counter
[STDERR  ] 2017-06-29T14:38:46.483417622Z: [    1.178517] amd_nb: Cannot enumerate AMD northbridges
[STDERR  ] 2017-06-29T14:38:46.483423546Z: [    1.179643] clocksource: Switched to clocksource hpet
[STDERR  ] 2017-06-29T14:38:46.48343033Z: [    1.384401] FS-Cache: Loaded
[STDERR  ] 2017-06-29T14:38:46.48343817Z: [    1.389922] CacheFiles: Loaded
[STDERR  ] 2017-06-29T14:38:46.483447074Z: [    1.393384] pnp: PnP ACPI init
[STDERR  ] 2017-06-29T14:38:46.4834531Z: [    1.405260] pnp: PnP ACPI: found 5 devices
[STDERR  ] 2017-06-29T14:38:46.483459116Z: [    1.453060] clocksource: acpi_pm: mask: 0xffffff max_cycles: 0xffffff, max_idle_ns: 2085701024 ns
[STDERR  ] 2017-06-29T14:38:46.483465011Z: [    1.456262] NET: Registered protocol family 2
[STDERR  ] 2017-06-29T14:38:46.483470889Z: [    1.464296] TCP established hash table entries: 8192 (order: 4, 65536 bytes)
[STDERR  ] 2017-06-29T14:38:46.483479858Z: [    1.465184] TCP bind hash table entries: 8192 (order: 5, 131072 bytes)
[STDERR  ] 2017-06-29T14:38:46.483486038Z: [    1.465922] TCP: Hash tables configured (established 8192 bind 8192)
[STDERR  ] 2017-06-29T14:38:46.483493546Z: [    1.467424] UDP hash table entries: 512 (order: 2, 16384 bytes)
[STDERR  ] 2017-06-29T14:38:46.483499391Z: [    1.468103] UDP-Lite hash table entries: 512 (order: 2, 16384 bytes)
[STDERR  ] 2017-06-29T14:38:46.483505222Z: [    1.470809] NET: Registered protocol family 1
[STDERR  ] 2017-06-29T14:38:46.483511093Z: [    1.477415] Unpacking initramfs...
[STDERR  ] 2017-06-29T14:38:46.483517036Z: [    9.957396] Freeing initrd memory: 43968K (ffff88003d4e0000 - ffff88003ffd0000)
[STDERR  ] 2017-06-29T14:38:46.483522905Z: [    9.980942] PCLMULQDQ-NI instructions are not detected.
[STDERR  ] 2017-06-29T14:38:46.483528765Z: [    9.982764] AVX or AES-NI instructions are not detected.
[STDERR  ] 2017-06-29T14:38:46.483531818Z: [    9.983313] CPU feature 'AVX registers' is not supported.
[STDERR  ] 2017-06-29T14:38:46.483537528Z: [    9.983785] CPU feature 'AVX registers' is not supported.
[STDERR  ] 2017-06-29T14:38:46.483546206Z: [    9.984239] CPU feature 'AVX registers' is not supported.
[STDERR  ] 2017-06-29T14:38:46.483553575Z: [    9.984680] CPU feature 'AVX registers' is not supported.
[STDERR  ] 2017-06-29T14:38:46.483559388Z: [    9.985136] AVX2 or AES-NI instructions are not detected.
[STDERR  ] 2017-06-29T14:38:46.483565165Z: [    9.985608] AVX2 instructions are not detected.
[STDERR  ] 2017-06-29T14:38:46.483571041Z: [    9.992134] audit: initializing netlink subsys (disabled)
[STDERR  ] 2017-06-29T14:38:46.483576849Z: [    9.993746] audit: type=2000 audit(1498747090.990:1): initialized
[STDERR  ] 2017-06-29T14:38:46.483582786Z: [   10.001212] HugeTLB registered 2 MB page size, pre-allocated 0 pages
[STDERR  ] 2017-06-29T14:38:46.483588726Z: [   10.004816] VFS: Disk quotas dquot_6.6.0
[STDERR  ] 2017-06-29T14:38:46.483591833Z: [   10.005512] VFS: Dquot-cache hash table entries: 512 (order 0, 4096 bytes)
[STDERR  ] 2017-06-29T14:38:46.483603218Z: [   10.011689] FS-Cache: Netfs 'cifs' registered for caching
[STDERR  ] 2017-06-29T14:38:46.483609193Z: [   10.012927] fuse init (API version 7.23)
[STDERR  ] 2017-06-29T14:38:46.483615035Z: [   10.015198] SGI XFS with ACLs, security attributes, no debug enabled
[STDERR  ] 2017-06-29T14:38:46.483617996Z: [   10.017929] 9p: Installing v9fs 9p2000 file system support
[STDERR  ] 2017-06-29T14:38:46.483626783Z: [   10.018440] FS-Cache: Netfs '9p' registered for caching
[STDERR  ] 2017-06-29T14:38:46.483632572Z: [   10.020936] Key type big_key registered
[STDERR  ] 2017-06-29T14:38:46.483638386Z: [   10.052819] NET: Registered protocol family 38
[STDERR  ] 2017-06-29T14:38:46.483644252Z: [   10.053587] Key type asymmetric registered
[STDERR  ] 2017-06-29T14:38:46.483650061Z: [   10.054031] Asymmetric key parser 'x509' registered
[STDERR  ] 2017-06-29T14:38:46.483658263Z: [   10.055133] Block layer SCSI generic (bsg) driver version 0.4 loaded (major 251)
[STDERR  ] 2017-06-29T14:38:46.483663028Z: [   10.056915] io scheduler noop registered
[STDERR  ] 2017-06-29T14:38:46.483668896Z: [   10.057362] io scheduler deadline registered (default)
[STDERR  ] 2017-06-29T14:38:46.483682446Z: [   10.058103] io scheduler cfq registered
[STDERR  ] 2017-06-29T14:38:46.483691222Z: [   10.063288] pci_hotplug: PCI Hot Plug PCI Core version: 0.5
[STDERR  ] 2017-06-29T14:38:46.483694373Z: [   10.063958] pciehp: PCI Express Hot Plug Controller Driver version: 0.4
[STDERR  ] 2017-06-29T14:38:46.483700261Z: [   10.064885] shpchp: Standard Hot Plug PCI Controller Driver version: 0.4
[STDERR  ] 2017-06-29T14:38:46.483711364Z: [   10.065725] hv_vmbus: registering driver hyperv_fb
[STDERR  ] 2017-06-29T14:38:46.483717297Z: [   10.068996] input: Power Button as /devices/LNXSYSTM:00/LNXPWRBN:00/input/input0
[STDERR  ] 2017-06-29T14:38:46.483724674Z: [   10.070841] ACPI: Power Button [PWRF]
[STDERR  ] 2017-06-29T14:38:46.48372772Z: [   10.077997] GHES: HEST is not enabled!
[STDERR  ] 2017-06-29T14:38:46.483739507Z: [   10.088711] ACPI: PCI Interrupt Link [GSIH] enabled at IRQ 23
[STDERR  ] 2017-06-29T14:38:46.483745455Z: [   10.095004] xenfs: not registering filesystem on non-xen platform
[STDERR  ] 2017-06-29T14:38:46.483751308Z: [   10.097203] Serial: 8250/16550 driver, 4 ports, IRQ sharing disabled
[STDERR  ] 2017-06-29T14:38:46.483757137Z: [   10.120820] 00:04: ttyS0 at I/O 0x3f8 (irq = 4, base_baud = 115200) is a 16550A
[STDERR  ] 2017-06-29T14:38:46.483760145Z: [   10.133931] Non-volatile memory driver v1.3
[STDERR  ] 2017-06-29T14:38:46.48377137Z: [   10.139817] Hangcheck: starting hangcheck timer 0.9.1 (tick is 180 seconds, margin is 60 seconds).
[STDERR  ] 2017-06-29T14:38:46.483774535Z: [   10.175240] loop: module loaded
[STDERR  ] 2017-06-29T14:38:46.483783172Z: [   10.188177] nbd: registered device at major 43
[STDERR  ] 2017-06-29T14:38:46.483786148Z: [   10.225914] lpc_ich 0000:00:1f.0: I/O space for GPIO uninitialized
[STDERR  ] 2017-06-29T14:38:46.483794855Z: [   10.228319] VMware PVSCSI driver - version 1.0.5.0-k
[STDERR  ] 2017-06-29T14:38:46.48380065Z: [   10.229265] hv_vmbus: registering driver hv_storvsc
[STDERR  ] 2017-06-29T14:38:46.48380379Z: [   10.238526] ACPI: PCI Interrupt Link [GSIA] enabled at IRQ 16
[STDERR  ] 2017-06-29T14:38:46.483812504Z: [   10.246047] ahci 0000:00:1f.2: AHCI 0001.0000 32 slots 6 ports 1.5 Gbps 0x3f impl SATA mode
[STDERR  ] 2017-06-29T14:38:46.483818374Z: [   10.246796] ahci 0000:00:1f.2: flags: 64bit ncq only 
[STDERR  ] 2017-06-29T14:38:46.483824204Z: [   10.266003] scsi host0: ahci
[STDERR  ] 2017-06-29T14:38:46.483827188Z: [   10.270458] scsi host1: ahci
[STDERR  ] 2017-06-29T14:38:46.483835905Z: [   10.272682] scsi host2: ahci
[STDERR  ] 2017-06-29T14:38:46.483841701Z: [   10.274711] scsi host3: ahci
[STDERR  ] 2017-06-29T14:38:46.48384737Z: [   10.277641] scsi host4: ahci
[STDERR  ] 2017-06-29T14:38:46.483856054Z: [   10.280418] scsi host5: ahci
[STDERR  ] 2017-06-29T14:38:46.483860418Z: [   10.282267] ata1: SATA max UDMA/133 abar m4096@0xfebf1000 port 0xfebf1100 irq 24
[STDERR  ] 2017-06-29T14:38:46.483869365Z: [   10.282765] ata2: SATA max UDMA/133 abar m4096@0xfebf1000 port 0xfebf1180 irq 24
[STDERR  ] 2017-06-29T14:38:46.483872427Z: [   10.283241] ata3: SATA max UDMA/133 abar m4096@0xfebf1000 port 0xfebf1200 irq 24
[STDERR  ] 2017-06-29T14:38:46.48387817Z: [   10.283680] ata4: SATA max UDMA/133 abar m4096@0xfebf1000 port 0xfebf1280 irq 24
[STDERR  ] 2017-06-29T14:38:46.483888478Z: [   10.284106] ata5: SATA max UDMA/133 abar m4096@0xfebf1000 port 0xfebf1300 irq 24
[STDERR  ] 2017-06-29T14:38:46.483894288Z: [   10.284547] ata6: SATA max UDMA/133 abar m4096@0xfebf1000 port 0xfebf1380 irq 24
[STDERR  ] 2017-06-29T14:38:46.483900224Z: [   10.295395] tun: Universal TUN/TAP device driver, 1.6
[STDERR  ] 2017-06-29T14:38:46.483904731Z: [   10.295786] tun: (C) 1999-2004 Max Krasnyansky <maxk@qualcomm.com>
[STDERR  ] 2017-06-29T14:38:46.483913405Z: [   10.297563] VMware vmxnet3 virtual NIC driver - version 1.4.5.0-k-NAPI
[STDERR  ] 2017-06-29T14:38:46.483916317Z: [   10.298416] hv_vmbus: registering driver hv_netvsc
[STDERR  ] 2017-06-29T14:38:46.483925105Z: [   10.298792] Fusion MPT base driver 3.04.20
[STDERR  ] 2017-06-29T14:38:46.483930697Z: [   10.299079] Copyright (c) 1999-2008 LSI Corporation
[STDERR  ] 2017-06-29T14:38:46.483939486Z: [   10.299734] Fusion MPT SPI Host driver 3.04.20
[STDERR  ] 2017-06-29T14:38:46.483949953Z: [   10.302361] i8042: PNP: PS/2 Controller [PNP0303:KBD,PNP0f13:MOU] at 0x60,0x64 irq 1,12
[STDERR  ] 2017-06-29T14:38:46.4839531Z: [   10.306242] serio: i8042 KBD port at 0x60,0x64 irq 1
[STDERR  ] 2017-06-29T14:38:46.483958847Z: [   10.306935] serio: i8042 AUX port at 0x60,0x64 irq 12
[STDERR  ] 2017-06-29T14:38:46.483967583Z: [   10.309984] hv_vmbus: registering driver hyperv_keyboard
[STDERR  ] 2017-06-29T14:38:46.483973429Z: [   10.312570] mousedev: PS/2 mouse device common for all mice
[STDERR  ] 2017-06-29T14:38:46.483987347Z: [   10.317191] input: AT Translated Set 2 keyboard as /devices/platform/i8042/serio0/input/input1
[STDERR  ] 2017-06-29T14:38:46.483991036Z: [   10.321463] input: PC Speaker as /devices/platform/pcspkr/input/input2
[STDERR  ] 2017-06-29T14:38:46.483999886Z: [   10.323666] rtc_cmos 00:00: RTC can wake from S4
[STDERR  ] 2017-06-29T14:38:46.484002879Z: [   10.326801] rtc_cmos 00:00: rtc core: registered rtc_cmos as rtc0
[STDERR  ] 2017-06-29T14:38:46.48401181Z: [   10.327998] rtc_cmos 00:00: alarms up to one day, y3k, 114 bytes nvram, hpet irqs
[STDERR  ] 2017-06-29T14:38:46.484017707Z: [   10.328768] i2c /dev entries driver
[STDERR  ] 2017-06-29T14:38:46.48402081Z: [   10.330885] device-mapper: ioctl: 4.34.0-ioctl (2015-10-28) initialised: dm-devel@redhat.com
[STDERR  ] 2017-06-29T14:38:46.48402833Z: [   10.335833] usbcore: registered new interface driver usbhid
[STDERR  ] 2017-06-29T14:38:46.484037144Z: [   10.336242] usbhid: USB HID core driver
[STDERR  ] 2017-06-29T14:38:46.484042951Z: [   10.336956] hv_utils: Registering HyperV Utility Driver
[STDERR  ] 2017-06-29T14:38:46.484051293Z: [   10.337297] hv_vmbus: registering driver hv_util
[STDERR  ] 2017-06-29T14:38:46.484054353Z: [   10.337663] hv_vmbus: registering driver hv_balloon
[STDERR  ] 2017-06-29T14:38:46.484060071Z: [   10.338208] oprofile: using NMI interrupt.
[STDERR  ] 2017-06-29T14:38:46.484068847Z: [   10.339385] GACT probability on
[STDERR  ] 2017-06-29T14:38:46.484074621Z: [   10.339819] Mirror/redirect action on
[STDERR  ] 2017-06-29T14:38:46.48408048Z: [   10.340619] Simple TC action Loaded
[STDERR  ] 2017-06-29T14:38:46.484086327Z: [   10.341040] u32 classifier
[STDERR  ] 2017-06-29T14:38:46.48409215Z: [   10.341238]     Performance counters on
[STDERR  ] 2017-06-29T14:38:46.484099487Z: [   10.341503]     input device check on
[STDERR  ] 2017-06-29T14:38:46.48410535Z: [   10.341782]     Actions configured
[STDERR  ] 2017-06-29T14:38:46.484113446Z: [   10.342551] Netfilter messages via NETLINK v0.30.
[STDERR  ] 2017-06-29T14:38:46.484121723Z: [   10.343204] nfnl_acct: registering with nfnetlink.
[STDERR  ] 2017-06-29T14:38:46.484124819Z: [   10.344435] nf_conntrack version 0.5.0 (7922 buckets, 31688 max)
[STDERR  ] 2017-06-29T14:38:46.484130544Z: [   10.347795] ctnetlink v0.93: registering with nfnetlink.
[STDERR  ] 2017-06-29T14:38:46.484139297Z: [   10.351508] nf_tables: (c) 2007-2009 Patrick McHardy <kaber@trash.net>
[STDERR  ] 2017-06-29T14:38:46.484142371Z: [   10.352521] nf_tables_compat: (c) 2012 Pablo Neira Ayuso <pablo@netfilter.org>
[STDERR  ] 2017-06-29T14:38:46.484150537Z: [   10.355998] xt_time: kernel timezone is -0000
[STDERR  ] 2017-06-29T14:38:46.484159323Z: [   10.356560] ip_set: protocol 6
[STDERR  ] 2017-06-29T14:38:46.484165136Z: [   10.357441] IPVS: Registered protocols (TCP, UDP, SCTP, AH, ESP)
[STDERR  ] 2017-06-29T14:38:46.48417103Z: [   10.358073] IPVS: Connection hash table configured (size=4096, memory=64Kbytes)
[STDERR  ] 2017-06-29T14:38:46.484176858Z: [   10.359877] IPVS: Creating netns size=2096 id=0
[STDERR  ] 2017-06-29T14:38:46.484182719Z: [   10.361174] IPVS: ipvs loaded.
[STDERR  ] 2017-06-29T14:38:46.484188516Z: [   10.361623] IPVS: [rr] scheduler registered.
[STDERR  ] 2017-06-29T14:38:46.484191586Z: [   10.362018] IPVS: [wrr] scheduler registered.
[STDERR  ] 2017-06-29T14:38:46.484200128Z: [   10.362356] IPVS: [lc] scheduler registered.
[STDERR  ] 2017-06-29T14:38:46.48420989Z: [   10.362656] IPVS: [wlc] scheduler registered.
[STDERR  ] 2017-06-29T14:38:46.484212943Z: [   10.363001] IPVS: [fo] scheduler registered.
[STDERR  ] 2017-06-29T14:38:46.484221675Z: [   10.363406] IPVS: [ovf] scheduler registered.
[STDERR  ] 2017-06-29T14:38:46.484227462Z: [   10.363904] IPVS: [lblc] scheduler registered.
[STDERR  ] 2017-06-29T14:38:46.484234835Z: [   10.364363] IPVS: [lblcr] scheduler registered.
[STDERR  ] 2017-06-29T14:38:46.484240698Z: [   10.364739] IPVS: [dh] scheduler registered.
[STDERR  ] 2017-06-29T14:38:46.484243745Z: [   10.365064] IPVS: [sh] scheduler registered.
[STDERR  ] 2017-06-29T14:38:46.484249405Z: [   10.365407] IPVS: [sed] scheduler registered.
[STDERR  ] 2017-06-29T14:38:46.484260056Z: [   10.365745] IPVS: [nq] scheduler registered.
[STDERR  ] 2017-06-29T14:38:46.484265819Z: [   10.366520] IPVS: ftp: loaded support on port[0] = 21
[STDERR  ] 2017-06-29T14:38:46.484276078Z: [   10.367346] ipip: IPv4 over IPv4 tunneling driver
[STDERR  ] 2017-06-29T14:38:46.484279039Z: [   10.371936] gre: GRE over IPv4 demultiplexor driver
[STDERR  ] 2017-06-29T14:38:46.484287765Z: [   10.374645] ip_tables: (C) 2000-2006 Netfilter Core Team
[STDERR  ] 2017-06-29T14:38:46.484293542Z: [   10.377469] ipt_CLUSTERIP: ClusterIP Version 0.8 loaded successfully
[STDERR  ] 2017-06-29T14:38:46.48429935Z: [   10.378217] arp_tables: (C) 2002 David S. Miller
[STDERR  ] 2017-06-29T14:38:46.484306652Z: [   10.380759] NET: Registered protocol family 10
[STDERR  ] 2017-06-29T14:38:46.484312519Z: [   10.389134] ip6_tables: (C) 2000-2006 Netfilter Core Team
[STDERR  ] 2017-06-29T14:38:46.48431837Z: [   10.393007] NET: Registered protocol family 17
[STDERR  ] 2017-06-29T14:38:46.484324945Z: [   10.393914] bridge: automatic filtering via arp/ip/ip6tables has been deprecated. Update your scripts to load br_netfilter if you need this.
[STDERR  ] 2017-06-29T14:38:46.484332918Z: [   10.394793] Bridge firewalling registered
[STDERR  ] 2017-06-29T14:38:46.484338766Z: [   10.395450] Ebtables v2.0 registered
[STDERR  ] 2017-06-29T14:38:46.484346833Z: [   10.397092] 8021q: 802.1Q VLAN Support v1.8
[STDERR  ] 2017-06-29T14:38:46.484352719Z: [   10.398612] 9pnet: Installing 9P2000 support
[STDERR  ] 2017-06-29T14:38:46.484358516Z: [   10.400700] Key type dns_resolver registered
[STDERR  ] 2017-06-29T14:38:46.484365906Z: [   10.401537] hv_sock: failed to load: VMBus 4 or later is required
[STDERR  ] 2017-06-29T14:38:46.484371822Z: [   10.402134] microcode: AMD CPU family 0x6 not supported
[STDERR  ] 2017-06-29T14:38:46.484377719Z: [   10.405937] registered taskstats version 1
[STDERR  ] 2017-06-29T14:38:46.484383529Z: [   10.543153] Key type encrypted registered
[STDERR  ] 2017-06-29T14:38:46.484389486Z: [   10.550445] rtc_cmos 00:00: setting system clock to 2017-06-29 14:38:12 UTC (1498747092)
[STDERR  ] 2017-06-29T14:38:46.48439534Z: [   10.631231] ata1: SATA link down (SStatus 0 SControl 300)
[STDERR  ] 2017-06-29T14:38:46.484398428Z: [   10.634407] ata2: SATA link down (SStatus 0 SControl 300)
[STDERR  ] 2017-06-29T14:38:46.484404232Z: [   10.640847] ata3: SATA link up 1.5 Gbps (SStatus 113 SControl 300)
[STDERR  ] 2017-06-29T14:38:46.484413023Z: [   10.644841] ata3.00: ATAPI: QEMU DVD-ROM, 2.5+, max UDMA/100
[STDERR  ] 2017-06-29T14:38:46.484416104Z: [   10.645397] ata3.00: applying bridge limits
[STDERR  ] 2017-06-29T14:38:46.484426271Z: [   10.647295] ata3.00: configured for UDMA/100
[STDERR  ] 2017-06-29T14:38:46.484429244Z: [   10.650656] ata4: SATA link down (SStatus 0 SControl 300)
[STDERR  ] 2017-06-29T14:38:46.484438007Z: [   10.651228] ata6: SATA link down (SStatus 0 SControl 300)
[STDERR  ] 2017-06-29T14:38:46.484443864Z: [   10.651787] ata5: SATA link down (SStatus 0 SControl 300)
[STDERR  ] 2017-06-29T14:38:46.484449787Z: [   10.661003] scsi 2:0:0:0: CD-ROM            QEMU     QEMU DVD-ROM     2.5+ PQ: 0 ANSI: 5
[STDERR  ] 2017-06-29T14:38:46.484455699Z: [   10.672995] sr 2:0:0:0: [sr0] scsi3-mmc drive: 4x/4x cd/rw xa/form2 tray
[STDERR  ] 2017-06-29T14:38:46.484461585Z: [   10.673757] cdrom: Uniform CD-ROM driver Revision: 3.20
[STDERR  ] 2017-06-29T14:38:46.484467632Z: [   10.681498] sr 2:0:0:0: Attached scsi generic sg0 type 5
[STDERR  ] 2017-06-29T14:38:46.484476054Z: [   10.803975] Freeing unused kernel memory: 1292K (ffffffffb3d37000 - ffffffffb3e7a000)
[STDERR  ] 2017-06-29T14:38:46.484484884Z: [   10.804654] Write protecting the kernel read-only data: 12288k
[STDERR  ] 2017-06-29T14:38:46.484490724Z: [   10.815362] Freeing unused kernel memory: 580K (ffff88003376f000 - ffff880033800000)
[STDERR  ] 2017-06-29T14:38:46.484496671Z: [   10.925991] Freeing unused kernel memory: 1400K (ffff880033aa2000 - ffff880033c00000)
[STDERR  ] 2017-06-29T14:38:46.484505462Z: [   10.950663] tsc: Refined TSC clocksource calibration: 2600.014 MHz
[STDERR  ] 2017-06-29T14:38:46.484511797Z: [   10.951220] clocksource: tsc: mask: 0xffffffffffffffff max_cycles: 0x257a493a0cc, max_idle_ns: 440795272657 ns
[STDERR  ] 2017-06-29T14:38:46.484517794Z: [   11.961410] clocksource: Switched to clocksource tsc
[STDERR  ] 2017-06-29T14:38:46.484525147Z: [   17.209716] e1000: Intel(R) PRO/1000 Network Driver - version 7.3.21-k8-NAPI
[STDERR  ] 2017-06-29T14:38:46.484531081Z: [   17.210756] e1000: Copyright (c) 1999-2006 Intel Corporation.
[STDERR  ] 2017-06-29T14:38:46.484534171Z: [   17.219504] ACPI: PCI Interrupt Link [GSIG] enabled at IRQ 22
[STDERR  ] 2017-06-29T14:38:46.484542769Z: [   17.556858] e1000 0000:00:02.0 eth0: (PCI:33MHz:32-bit) 52:54:00:12:34:56
[STDERR  ] 2017-06-29T14:38:46.484548561Z: [   17.557798] e1000 0000:00:02.0 eth0: Intel(R) PRO/1000 Network Connection
[STDERR  ] 2017-06-29T14:38:46.484556018Z: 
[STDERR  ] 2017-06-29T14:38:46.484559075Z: Starting containerd
[STDERR  ] 2017-06-29T14:38:46.484567939Z: 
[STDERR  ] 2017-06-29T14:38:46.484573775Z: Welcome to LinuxKit
[STDERR  ] 2017-06-29T14:38:46.484579551Z: 
[STDERR  ] 2017-06-29T14:38:46.484585399Z:                         ##         .
[STDERR  ] 2017-06-29T14:38:46.484594339Z:                   ## ## ##        ==
[STDERR  ] 2017-06-29T14:38:46.484601739Z:                ## ## ## ## ##    ===
[STDERR  ] 2017-06-29T14:38:46.484607538Z:            /"""""""""""""""""\___/ ===
[STDERR  ] 2017-06-29T14:38:46.484613334Z:           {                       /  ===-
[STDERR  ] 2017-06-29T14:38:46.484619709Z:            \______ O           __/
[STDERR  ] 2017-06-29T14:38:46.484624148Z:              \    \         __/
[STDERR  ] 2017-06-29T14:38:46.484633058Z:               \____\_______/
[STDERR  ] 2017-06-29T14:38:46.484635948Z: 
[STDERR  ] 2017-06-29T14:38:46.484646462Z: [34mINFO[0m[0000] starting containerd boot...                   [34mmodule[0m=containerd
[STDERR  ] 2017-06-29T14:38:46.484649614Z: [34mINFO[0m[0000] loading plugin "io.containerd.content.v1.content"...  [34mmodule[0m=containerd [34mtype[0m=io.containerd.content.v1
[STDERR  ] 2017-06-29T14:38:46.484655743Z: [34mINFO[0m[0000] skip loading plugin "io.containerd.snapshotter.v1.btrfs"...  [34mmodule[0m=containerd [34mtype[0m=io.containerd.snapshotter.v1
[STDERR  ] 2017-06-29T14:38:46.484666757Z: [34mINFO[0m[0000] loading plugin "io.containerd.snapshotter.v1.overlayfs"...  [34mmodule[0m=containerd [34mtype[0m=io.containerd.snapshotter.v1
[STDERR  ] 2017-06-29T14:38:46.484675666Z: [34mINFO[0m[0000] loading plugin "io.containerd.differ.v1.base-diff"...  [34mmodule[0m=containerd [34mtype[0m=io.containerd.differ.v1
[STDERR  ] 2017-06-29T14:38:46.484681724Z: [34mINFO[0m[0000] loading plugin "io.containerd.metadata.v1.bolt"...  [34mmodule[0m=containerd [34mtype[0m=io.containerd.metadata.v1
[STDERR  ] 2017-06-29T14:38:46.484687833Z: [34mINFO[0m[0000] loading plugin "io.containerd.grpc.v1.containers"...  [34mmodule[0m=containerd [34mtype[0m=io.containerd.grpc.v1
[STDERR  ] 2017-06-29T14:38:46.484690924Z: [34mINFO[0m[0000] loading plugin "io.containerd.grpc.v1.content"...  [34mmodule[0m=containerd [34mtype[0m=io.containerd.grpc.v1
[STDERR  ] 2017-06-29T14:38:46.484701238Z: [34mINFO[0m[0000] loading plugin "io.containerd.grpc.v1.diff"...  [34mmodule[0m=containerd [34mtype[0m=io.containerd.grpc.v1
[STDERR  ] 2017-06-29T14:38:46.484707203Z: [34mINFO[0m[0000] loading plugin "io.containerd.grpc.v1.events"...  [34mmodule[0m=containerd [34mtype[0m=io.containerd.grpc.v1
[STDERR  ] 2017-06-29T14:38:46.484719078Z: [34mINFO[0m[0000] loading plugin "io.containerd.grpc.v1.healthcheck"...  [34mmodule[0m=containerd [34mtype[0m=io.containerd.grpc.v1
[STDERR  ] 2017-06-29T14:38:46.484725231Z: [34mINFO[0m[0000] loading plugin "io.containerd.grpc.v1.images"...  [34mmodule[0m=containerd [34mtype[0m=io.containerd.grpc.v1
[STDERR  ] 2017-06-29T14:38:46.484728531Z: [34mINFO[0m[0000] loading plugin "io.containerd.grpc.v1.namespaces"...  [34mmodule[0m=containerd [34mtype[0m=io.containerd.grpc.v1
[STDERR  ] 2017-06-29T14:38:46.484737253Z: [34mINFO[0m[0000] loading plugin "io.containerd.grpc.v1.snapshots"...  [34mmodule[0m=containerd [34mtype[0m=io.containerd.grpc.v1
[STDERR  ] 2017-06-29T14:38:46.484746276Z: [34mINFO[0m[0000] loading plugin "io.containerd.monitor.v1.cgroups"...  [34mmodule[0m=containerd [34mtype[0m=io.containerd.monitor.v1
[STDERR  ] 2017-06-29T14:38:46.484752206Z: [34mINFO[0m[0000] loading plugin "io.containerd.runtime.v1.linux"...  [34mmodule[0m=containerd [34mtype[0m=io.containerd.runtime.v1
[STDERR  ] 2017-06-29T14:38:46.484758141Z: [34mINFO[0m[0000] loading plugin "io.containerd.grpc.v1.tasks"...  [34mmodule[0m=containerd [34mtype[0m=io.containerd.grpc.v1
[STDERR  ] 2017-06-29T14:38:46.484767177Z: [34mINFO[0m[0000] loading plugin "io.containerd.grpc.v1.version"...  [34mmodule[0m=containerd [34mtype[0m=io.containerd.grpc.v1
[STDERR  ] 2017-06-29T14:38:46.484774554Z: [34mINFO[0m[0000] serving...                                    [34maddress[0m="/run/containerd/debug.sock" [34mmodule[0m="containerd/debug"
[STDERR  ] 2017-06-29T14:38:46.484780601Z: [34mINFO[0m[0000] serving...                                    [34maddress[0m="/run/containerd/containerd.sock" [34mmodule[0m="containerd/grpc"
[STDERR  ] 2017-06-29T14:38:46.48478376Z: [34mINFO[0m[0000] containerd successfully booted in 0.217895s   [34mmodule[0m=containerd
[STDERR  ] 2017-06-29T14:38:46.484789604Z: starting kernel config sanity test with /proc/config.gz
[STDERR  ] 2017-06-29T14:38:46.484798428Z: [   23.882576] RPC: Registered named UNIX socket transport module.
[STDERR  ] 2017-06-29T14:38:46.484804327Z: [   23.882874] RPC: Registered udp transport module.
[STDERR  ] 2017-06-29T14:38:46.484810231Z: [   23.883262] RPC: Registered tcp transport module.
[STDERR  ] 2017-06-29T14:38:46.484816086Z: [   23.883559] RPC: Registered tcp NFSv4.1 backchannel transport module.
[STDERR  ] 2017-06-29T14:38:46.484821896Z: [   23.978512] FS-Cache: Netfs 'nfs' registered for caching
[STDERR  ] 2017-06-29T14:38:46.484827721Z: [   24.081813] Installing knfsd (copyright (C) 1996 okir@monad.swb.de).
[STDERR  ] 2017-06-29T14:38:46.484833514Z: [   24.142492] ntfs: driver 2.1.32 [Flags: R/O MODULE].
[STDERR  ] 2017-06-29T14:38:46.484839403Z: kernel config test succeeded!
[STDERR  ] 2017-06-29T14:38:46.48484678Z: [37minfo: reading kernel config from /proc/config.gz ...[m
[STDERR  ] 2017-06-29T14:38:46.484852696Z: 
[STDERR  ] 2017-06-29T14:38:46.484858558Z: Generally Necessary:
[STDERR  ] 2017-06-29T14:38:46.484861696Z: - [37mcgroup hierarchy[m: [32mproperly mounted[m [/sys/fs/cgroup]
[STDERR  ] 2017-06-29T14:38:46.484870317Z: - [37mCONFIG_NAMESPACES[m: [32menabled[m
[STDERR  ] 2017-06-29T14:38:46.484873307Z: - [37mCONFIG_NET_NS[m: [32menabled[m
[STDERR  ] 2017-06-29T14:38:46.484882034Z: - [37mCONFIG_PID_NS[m: [32menabled[m
[STDERR  ] 2017-06-29T14:38:46.484887936Z: - [37mCONFIG_IPC_NS[m: [32menabled[m
[STDERR  ] 2017-06-29T14:38:46.484893744Z: - [37mCONFIG_UTS_NS[m: [32menabled[m
[STDERR  ] 2017-06-29T14:38:46.484899546Z: - [37mCONFIG_CGROUPS[m: [32menabled[m
[STDERR  ] 2017-06-29T14:38:46.484905352Z: - [37mCONFIG_CGROUP_CPUACCT[m: [32menabled[m
[STDERR  ] 2017-06-29T14:38:46.484911162Z: - [37mCONFIG_CGROUP_DEVICE[m: [32menabled[m
[STDERR  ] 2017-06-29T14:38:46.484925087Z: - [37mCONFIG_CGROUP_FREEZER[m: [32menabled[m
[STDERR  ] 2017-06-29T14:38:46.484936779Z: - [37mCONFIG_CGROUP_SCHED[m: [32menabled[m
[STDERR  ] 2017-06-29T14:38:46.484939947Z: - [37mCONFIG_CPUSETS[m: [32menabled[m
[STDERR  ] 2017-06-29T14:38:46.484948562Z: - [37mCONFIG_MEMCG[m: [32menabled[m
[STDERR  ] 2017-06-29T14:38:46.484954402Z: - [37mCONFIG_KEYS[m: [32menabled[m
[STDERR  ] 2017-06-29T14:38:46.484957477Z: - [37mCONFIG_VETH[m: [32menabled[m
[STDERR  ] 2017-06-29T14:38:46.484966182Z: - [37mCONFIG_BRIDGE[m: [32menabled[m
[STDERR  ] 2017-06-29T14:38:46.484969307Z: - [37mCONFIG_BRIDGE_NETFILTER[m: [32menabled[m
[STDERR  ] 2017-06-29T14:38:46.484985993Z: - [37mCONFIG_NF_NAT_IPV4[m: [32menabled[m
[STDERR  ] 2017-06-29T14:38:46.48499263Z: - [37mCONFIG_IP_NF_FILTER[m: [32menabled[m
[STDERR  ] 2017-06-29T14:38:46.484995622Z: - [37mCONFIG_IP_NF_TARGET_MASQUERADE[m: [32menabled[m
[STDERR  ] 2017-06-29T14:38:46.485004476Z: - [37mCONFIG_NETFILTER_XT_MATCH_ADDRTYPE[m: [32menabled[m
[STDERR  ] 2017-06-29T14:38:46.48500754Z: - [37mCONFIG_NETFILTER_XT_MATCH_CONNTRACK[m: [32menabled[m
[STDERR  ] 2017-06-29T14:38:46.485013346Z: - [37mCONFIG_NETFILTER_XT_MATCH_IPVS[m: [32menabled[m
[STDERR  ] 2017-06-29T14:38:46.485022173Z: - [37mCONFIG_IP_NF_NAT[m: [32menabled[m
[STDERR  ] 2017-06-29T14:38:46.485029816Z: - [37mCONFIG_NF_NAT[m: [32menabled[m
[STDERR  ] 2017-06-29T14:38:46.485032923Z: - [37mCONFIG_NF_NAT_NEEDED[m: [32menabled[m
[STDERR  ] 2017-06-29T14:38:46.48503878Z: - [37mCONFIG_POSIX_MQUEUE[m: [32menabled[m
[STDERR  ] 2017-06-29T14:38:46.485047572Z: - [37mCONFIG_DEVPTS_MULTIPLE_INSTANCES[m: [32menabled[m
[STDERR  ] 2017-06-29T14:38:46.485056243Z: 
[STDERR  ] 2017-06-29T14:38:46.485062255Z: Optional Features:
[STDERR  ] 2017-06-29T14:38:46.485068177Z: - [37mCONFIG_USER_NS[m: [32menabled[m
[STDERR  ] 2017-06-29T14:38:46.485090276Z: - [37mCONFIG_SECCOMP[m: [32menabled[m
[STDERR  ] 2017-06-29T14:38:46.485103756Z: - [37mCONFIG_CGROUP_PIDS[m: [32menabled[m
[STDERR  ] 2017-06-29T14:38:46.485108565Z: - [37mCONFIG_MEMCG_SWAP[m: [32menabled[m
[STDERR  ] 2017-06-29T14:38:46.4851221Z: - [37mCONFIG_MEMCG_SWAP_ENABLED[m: [32menabled[m
[STDERR  ] 2017-06-29T14:38:46.485131309Z:     [1;30m(cgroup swap accounting is currently enabled)[m
[STDERR  ] 2017-06-29T14:38:46.485141844Z: - [1mCONFIG_LEGACY_VSYSCALL_NONE[m: [1;31menabled[m
[STDERR  ] 2017-06-29T14:38:46.485156098Z:     [1;30m(containers using eglibc <= 2.13 will not work. Switch to[m
[STDERR  ] 2017-06-29T14:38:46.485161098Z:     [1;30m "CONFIG_VSYSCALL_[NATIVE|EMULATE]" or use "vsyscall=[native|emulate]"[m
[STDERR  ] 2017-06-29T14:38:46.485169849Z:     [1;30m on kernel command line. Note that this will disable ASLR for the,[m
[STDERR  ] 2017-06-29T14:38:46.485183401Z:     [1;30m VDSO which may assist in exploiting security vulnerabilities.)[m
[STDERR  ] 2017-06-29T14:38:46.485193755Z: - [37mCONFIG_MEMCG_KMEM[m: [32menabled[m
[STDERR  ] 2017-06-29T14:38:46.485202985Z: - [37mCONFIG_BLK_CGROUP[m: [32menabled[m
[STDERR  ] 2017-06-29T14:38:46.485207859Z: - [37mCONFIG_BLK_DEV_THROTTLING[m: [32menabled[m
[STDERR  ] 2017-06-29T14:38:46.485222509Z: - [37mCONFIG_IOSCHED_CFQ[m: [32menabled[m
[STDERR  ] 2017-06-29T14:38:46.485237215Z: - [37mCONFIG_CFQ_GROUP_IOSCHED[m: [32menabled[m
[STDERR  ] 2017-06-29T14:38:46.485247355Z: - [37mCONFIG_CGROUP_PERF[m: [32menabled[m
[STDERR  ] 2017-06-29T14:38:46.485257155Z: - [37mCONFIG_CGROUP_HUGETLB[m: [32menabled[m
[STDERR  ] 2017-06-29T14:38:46.485266356Z: - [37mCONFIG_NET_CLS_CGROUP[m: [32menabled[m
[STDERR  ] 2017-06-29T14:38:46.485275398Z: - [37mCONFIG_CGROUP_NET_PRIO[m: [32menabled[m
[STDERR  ] 2017-06-29T14:38:46.485284379Z: - [37mCONFIG_CFS_BANDWIDTH[m: [32menabled[m
[STDERR  ] 2017-06-29T14:38:46.485293555Z: - [37mCONFIG_FAIR_GROUP_SCHED[m: [32menabled[m
[STDERR  ] 2017-06-29T14:38:46.485298352Z: - [37mCONFIG_RT_GROUP_SCHED[m: [32menabled[m
[STDERR  ] 2017-06-29T14:38:46.485307566Z: - [37mCONFIG_IP_VS[m: [32menabled[m
[STDERR  ] 2017-06-29T14:38:46.485329499Z: - [37mCONFIG_IP_VS_NFCT[m: [32menabled[m
[STDERR  ] 2017-06-29T14:38:46.485338909Z: - [37mCONFIG_IP_VS_RR[m: [32menabled[m
[STDERR  ] 2017-06-29T14:38:46.485343752Z: - [37mCONFIG_EXT4_FS[m: [32menabled[m
[STDERR  ] 2017-06-29T14:38:46.485357481Z: - [37mCONFIG_EXT4_FS_POSIX_ACL[m: [32menabled[m
[STDERR  ] 2017-06-29T14:38:46.485367114Z: - [37mCONFIG_EXT4_FS_SECURITY[m: [32menabled[m
[STDERR  ] 2017-06-29T14:38:46.485371716Z: - Network Drivers:
[STDERR  ] 2017-06-29T14:38:46.485385431Z:   - "[34moverlay[m":
[STDERR  ] 2017-06-29T14:38:46.485398518Z:     - [37mCONFIG_VXLAN[m: [32menabled[m
[STDERR  ] 2017-06-29T14:38:46.485413135Z:       Optional (for encrypted networks):
[STDERR  ] 2017-06-29T14:38:46.485422575Z:       - [37mCONFIG_CRYPTO[m: [32menabled[m
[STDERR  ] 2017-06-29T14:38:46.48542746Z:       - [37mCONFIG_CRYPTO_AEAD[m: [32menabled[m
[STDERR  ] 2017-06-29T14:38:46.485441137Z:       - [37mCONFIG_CRYPTO_GCM[m: [32menabled[m
[STDERR  ] 2017-06-29T14:38:46.485456011Z:       - [37mCONFIG_CRYPTO_SEQIV[m: [32menabled[m
[STDERR  ] 2017-06-29T14:38:46.48546908Z:       - [37mCONFIG_CRYPTO_GHASH[m: [32menabled[m
[STDERR  ] 2017-06-29T14:38:46.485478257Z:       - [37mCONFIG_XFRM[m: [32menabled[m
[STDERR  ] 2017-06-29T14:38:46.485492561Z:       - [37mCONFIG_XFRM_USER[m: [32menabled (as module)[m
[STDERR  ] 2017-06-29T14:38:46.48550177Z:       - [37mCONFIG_XFRM_ALGO[m: [32menabled (as module)[m
[STDERR  ] 2017-06-29T14:38:46.485513705Z:       - [37mCONFIG_INET_ESP[m: [32menabled (as module)[m
[STDERR  ] 2017-06-29T14:38:46.485520564Z:       - [37mCONFIG_INET_XFRM_MODE_TRANSPORT[m: [32menabled (as module)[m
[STDERR  ] 2017-06-29T14:38:46.485538044Z:   - "[34mipvlan[m":
[STDERR  ] 2017-06-29T14:38:46.485547214Z:     - [37mCONFIG_IPVLAN[m: [32menabled[m
[STDERR  ] 2017-06-29T14:38:46.485556284Z:   - "[34mmacvlan[m":
[STDERR  ] 2017-06-29T14:38:46.485565611Z:     - [37mCONFIG_MACVLAN[m: [32menabled[m
[STDERR  ] 2017-06-29T14:38:46.48557529Z:     - [37mCONFIG_DUMMY[m: [32menabled (as module)[m
[STDERR  ] 2017-06-29T14:38:46.485579955Z:   - "[34mftp,tftp client in container[m":
[STDERR  ] 2017-06-29T14:38:46.485588731Z:     - [37mCONFIG_NF_NAT_FTP[m: [32menabled[m
[STDERR  ] 2017-06-29T14:38:46.485602384Z:     - [37mCONFIG_NF_CONNTRACK_FTP[m: [32menabled[m
[STDERR  ] 2017-06-29T14:38:46.485607151Z:     - [37mCONFIG_NF_NAT_TFTP[m: [32menabled[m
[STDERR  ] 2017-06-29T14:38:46.485615842Z:     - [37mCONFIG_NF_CONNTRACK_TFTP[m: [32menabled[m
[STDERR  ] 2017-06-29T14:38:46.485628984Z: - Storage Drivers:
[STDERR  ] 2017-06-29T14:38:46.485637756Z:   - "[34maufs[m":
[STDERR  ] 2017-06-29T14:38:46.485646579Z:     - [1mCONFIG_AUFS_FS[m: [1;31mmissing[m
[STDERR  ] 2017-06-29T14:38:46.485655297Z:   - "[34mbtrfs[m":
[STDERR  ] 2017-06-29T14:38:46.485661834Z:     - [37mCONFIG_BTRFS_FS[m: [32menabled (as module)[m
[STDERR  ] 2017-06-29T14:38:46.485675034Z:     - [37mCONFIG_BTRFS_FS_POSIX_ACL[m: [32menabled[m
[STDERR  ] 2017-06-29T14:38:46.485679717Z:   - "[34mdevicemapper[m":
[STDERR  ] 2017-06-29T14:38:46.485692964Z:     - [37mCONFIG_BLK_DEV_DM[m: [32menabled[m
[STDERR  ] 2017-06-29T14:38:46.485701934Z:     - [37mCONFIG_DM_THIN_PROVISIONING[m: [32menabled[m
[STDERR  ] 2017-06-29T14:38:46.485710577Z:   - "[34moverlay[m":
[STDERR  ] 2017-06-29T14:38:46.485719503Z:     - [37mCONFIG_OVERLAY_FS[m: [32menabled[m
[STDERR  ] 2017-06-29T14:38:46.485728252Z:   - "[34mzfs[m":
[STDERR  ] 2017-06-29T14:38:46.48573968Z:     - [1m/dev/zfs[m: [1;31mmissing[m
[STDERR  ] 2017-06-29T14:38:46.48574915Z:     - [1mzfs command[m: [1;31mmissing[m
[STDERR  ] 2017-06-29T14:38:46.485758616Z:     - [1mzpool command[m: [1;31mmissing[m
[STDERR  ] 2017-06-29T14:38:46.485768266Z: 
[STDERR  ] 2017-06-29T14:38:46.485778169Z: Limits:
[STDERR  ] 2017-06-29T14:38:46.48578785Z: [37m- /proc/sys/kernel/keys/root_maxkeys[m: [32m1000000[m
[STDERR  ] 2017-06-29T14:38:46.48580293Z: 
[STDERR  ] 2017-06-29T14:38:46.485812744Z: Kernel config test suite PASSED
[STDERR  ] 2017-06-29T14:38:46.485821944Z:  - 000-check-kernel-config
[STDERR  ] 2017-06-29T14:38:46.485831772Z: [   44.259156] ACPI: Preparing to enter system sleep state S5
[STDERR  ] 2017-06-29T14:38:46.48584933Z: [   44.263247] reboot: Power down
[STDERR  ] 2017-06-29T14:38:46.485858519Z: + grep -q suite PASSED
[STDERR  ] 2017-06-29T14:38:46.486197382Z: + echo [    0.000000] Initializing cgroup subsys cpuset
[STDERR  ] 2017-06-29T14:38:46.486202815Z: [    0.000000] Initializing cgroup subsys cpu
[STDERR  ] 2017-06-29T14:38:46.48621638Z: [    0.000000] Initializing cgroup subsys cpuacct
[STDERR  ] 2017-06-29T14:38:46.486221265Z: [    0.000000] Linux version 4.4.74-linuxkit (root@b147ce67977e) (gcc version 6.3.0 (Alpine 6.3.0) ) #1 SMP Tue Jun 27 15:11:59 UTC 2017
[STDERR  ] 2017-06-29T14:38:46.486243054Z: [    0.000000] Command line: console=ttyS0
[STDERR  ] 2017-06-29T14:38:46.486248344Z: [    0.000000] x86/fpu: Legacy x87 FPU detected.
[STDERR  ] 2017-06-29T14:38:46.48627867Z: [    0.000000] x86/fpu: Using 'lazy' FPU context switches.
[STDERR  ] 2017-06-29T14:38:46.486292278Z: [    0.000000] e820: BIOS-provided physical RAM map:
[STDERR  ] 2017-06-29T14:38:46.486301675Z: [    0.000000] BIOS-e820: [mem 0x0000000000000000-0x000000000009fbff] usable
[STDERR  ] 2017-06-29T14:38:46.486306847Z: [    0.000000] BIOS-e820: [mem 0x000000000009fc00-0x000000000009ffff] reserved
[STDERR  ] 2017-06-29T14:38:46.486320845Z: [    0.000000] BIOS-e820: [mem 0x00000000000f0000-0x00000000000fffff] reserved
[STDERR  ] 2017-06-29T14:38:46.486325502Z: [    0.000000] BIOS-e820: [mem 0x0000000000100000-0x000000003ffdefff] usable
[STDERR  ] 2017-06-29T14:38:46.486377264Z: [    0.000000] BIOS-e820: [mem 0x000000003ffdf000-0x000000003fffffff] reserved
[STDERR  ] 2017-06-29T14:38:46.48639573Z: [    0.000000] BIOS-e820: [mem 0x00000000b0000000-0x00000000bfffffff] reserved
[STDERR  ] 2017-06-29T14:38:46.486405231Z: [    0.000000] BIOS-e820: [mem 0x00000000fed1c000-0x00000000fed1ffff] reserved
[STDERR  ] 2017-06-29T14:38:46.486428174Z: [    0.000000] BIOS-e820: [mem 0x00000000fffc0000-0x00000000ffffffff] reserved
[STDERR  ] 2017-06-29T14:38:46.486443646Z: [    0.000000] NX (Execute Disable) protection: active
[STDERR  ] 2017-06-29T14:38:46.486452627Z: [    0.000000] SMBIOS 2.8 present.
[STDERR  ] 2017-06-29T14:38:46.486461919Z: [    0.000000] e820: last_pfn = 0x3ffdf max_arch_pfn = 0x400000000
[STDERR  ] 2017-06-29T14:38:46.48647124Z: [    0.000000] x86/PAT: Configuration [0-7]: WB  WC  UC- UC  WB  WC  UC- WT  
[STDERR  ] 2017-06-29T14:38:46.486481231Z: [    0.000000] found SMP MP-table at [mem 0x000f6aa0-0x000f6aaf] mapped at [ffff8800000f6aa0]
[STDERR  ] 2017-06-29T14:38:46.48649092Z: [    0.000000] RAMDISK: [mem 0x3d4e0000-0x3ffcffff]
[STDERR  ] 2017-06-29T14:38:46.48651541Z: [    0.000000] ACPI: Early table checksum verification disabled
[STDERR  ] 2017-06-29T14:38:46.486520326Z: [    0.000000] ACPI: RSDP 0x00000000000F68C0 000014 (v00 BOCHS )
[STDERR  ] 2017-06-29T14:38:46.486537256Z: [    0.000000] ACPI: RSDT 0x000000003FFE2404 000034 (v01 BOCHS  BXPCRSDT 00000001 BXPC 00000001)
[STDERR  ] 2017-06-29T14:38:46.486553671Z: [    0.000000] ACPI: FACP 0x000000003FFE22A4 000074 (v01 BOCHS  BXPCFACP 00000001 BXPC 00000001)
[STDERR  ] 2017-06-29T14:38:46.486563281Z: [    0.000000] ACPI: DSDT 0x000000003FFE0040 002264 (v01 BOCHS  BXPCDSDT 00000001 BXPC 00000001)
[STDERR  ] 2017-06-29T14:38:46.48657279Z: [    0.000000] ACPI: FACS 0x000000003FFE0000 000040
[STDERR  ] 2017-06-29T14:38:46.486600532Z: [    0.000000] ACPI: APIC 0x000000003FFE2318 000078 (v01 BOCHS  BXPCAPIC 00000001 BXPC 00000001)
[STDERR  ] 2017-06-29T14:38:46.48660513Z: [    0.000000] ACPI: HPET 0x000000003FFE2390 000038 (v01 BOCHS  BXPCHPET 00000001 BXPC 00000001)
[STDERR  ] 2017-06-29T14:38:46.486613959Z: [    0.000000] ACPI: MCFG 0x000000003FFE23C8 00003C (v01 BOCHS  BXPCMCFG 00000001 BXPC 00000001)
[STDERR  ] 2017-06-29T14:38:46.486630478Z: [    0.000000] Zone ranges:
[STDERR  ] 2017-06-29T14:38:46.486646295Z: [    0.000000]   DMA      [mem 0x0000000000001000-0x0000000000ffffff]
[STDERR  ] 2017-06-29T14:38:46.486652478Z: [    0.000000]   DMA32    [mem 0x0000000001000000-0x000000003ffdefff]
[STDERR  ] 2017-06-29T14:38:46.486672483Z: [    0.000000]   Normal   empty
[STDERR  ] 2017-06-29T14:38:46.486677712Z: [    0.000000] Movable zone start for each node
[STDERR  ] 2017-06-29T14:38:46.48668719Z: [    0.000000] Early memory node ranges
[STDERR  ] 2017-06-29T14:38:46.486701888Z: [    0.000000]   node   0: [mem 0x0000000000001000-0x000000000009efff]
[STDERR  ] 2017-06-29T14:38:46.486710226Z: [    0.000000]   node   0: [mem 0x0000000000100000-0x000000003ffdefff]
[STDERR  ] 2017-06-29T14:38:46.486713428Z: [    0.000000] Initmem setup node 0 [mem 0x0000000000001000-0x000000003ffdefff]
[STDERR  ] 2017-06-29T14:38:46.486723929Z: [    0.000000] ACPI: PM-Timer IO Port: 0x608
[STDERR  ] 2017-06-29T14:38:46.486733423Z: [    0.000000] ACPI: LAPIC_NMI (acpi_id[0xff] dfl dfl lint[0x1])
[STDERR  ] 2017-06-29T14:38:46.486739446Z: [    0.000000] IOAPIC[0]: apic_id 0, version 32, address 0xfec00000, GSI 0-23
[STDERR  ] 2017-06-29T14:38:46.486745393Z: [    0.000000] ACPI: INT_SRC_OVR (bus 0 bus_irq 0 global_irq 2 dfl dfl)
[STDERR  ] 2017-06-29T14:38:46.486757708Z: [    0.000000] ACPI: INT_SRC_OVR (bus 0 bus_irq 5 global_irq 5 high level)
[STDERR  ] 2017-06-29T14:38:46.486762793Z: [    0.000000] ACPI: INT_SRC_OVR (bus 0 bus_irq 9 global_irq 9 high level)
[STDERR  ] 2017-06-29T14:38:46.486772258Z: [    0.000000] ACPI: INT_SRC_OVR (bus 0 bus_irq 10 global_irq 10 high level)
[STDERR  ] 2017-06-29T14:38:46.486786928Z: [    0.000000] ACPI: INT_SRC_OVR (bus 0 bus_irq 11 global_irq 11 high level)
[STDERR  ] 2017-06-29T14:38:46.486796545Z: [    0.000000] Using ACPI (MADT) for SMP configuration information
[STDERR  ] 2017-06-29T14:38:46.48680614Z: [    0.000000] ACPI: HPET id: 0x8086a201 base: 0xfed00000
[STDERR  ] 2017-06-29T14:38:46.486815577Z: [    0.000000] smpboot: Allowing 1 CPUs, 0 hotplug CPUs
[STDERR  ] 2017-06-29T14:38:46.486821654Z: [    0.000000] e820: [mem 0x40000000-0xafffffff] available for PCI devices
[STDERR  ] 2017-06-29T14:38:46.486827595Z: [    0.000000] Booting paravirtualized kernel on bare hardware
[STDERR  ] 2017-06-29T14:38:46.486833902Z: [    0.000000] clocksource: refined-jiffies: mask: 0xffffffff max_cycles: 0xffffffff, max_idle_ns: 19112604462750000 ns
[STDERR  ] 2017-06-29T14:38:46.486840461Z: [    0.000000] setup_percpu: NR_CPUS:128 nr_cpumask_bits:128 nr_cpu_ids:1 nr_node_ids:1
[STDERR  ] 2017-06-29T14:38:46.486850488Z: [    0.000000] PERCPU: Embedded 33 pages/cpu @ffff88003d200000 s95832 r8192 d31144 u2097152
[STDERR  ] 2017-06-29T14:38:46.486866459Z: [    0.000000] Built 1 zonelists in Zone order, mobility grouping on.  Total pages: 257896
[STDERR  ] 2017-06-29T14:38:46.486879349Z: [    0.000000] Kernel command line: console=ttyS0
[STDERR  ] 2017-06-29T14:38:46.486889079Z: [    0.000000] PID hash table entries: 4096 (order: 3, 32768 bytes)
[STDERR  ] 2017-06-29T14:38:46.486898899Z: [    0.000000] Dentry cache hash table entries: 131072 (order: 8, 1048576 bytes)
[STDERR  ] 2017-06-29T14:38:46.486905651Z: [    0.000000] Inode-cache hash table entries: 65536 (order: 7, 524288 bytes)
[STDERR  ] 2017-06-29T14:38:46.486914424Z: [    0.000000] Memory: 970144K/1048052K available (7600K kernel code, 1237K rwdata, 2696K rodata, 1292K init, 684K bss, 77908K reserved, 0K cma-reserved)
[STDERR  ] 2017-06-29T14:38:46.486923599Z: [    0.000000] Hierarchical RCU implementation.
[STDERR  ] 2017-06-29T14:38:46.486932069Z: [    0.000000] 	Build-time adjustment of leaf fanout to 64.
[STDERR  ] 2017-06-29T14:38:46.486943987Z: [    0.000000] 	RCU restricting CPUs from NR_CPUS=128 to nr_cpu_ids=1.
[STDERR  ] 2017-06-29T14:38:46.486954039Z: [    0.000000] RCU: Adjusting geometry for rcu_fanout_leaf=64, nr_cpu_ids=1
[STDERR  ] 2017-06-29T14:38:46.486963741Z: [    0.000000] NR_IRQS:8448 nr_irqs:256 16
[STDERR  ] 2017-06-29T14:38:46.486973402Z: [    0.000000] Console: colour VGA+ 80x25
[STDERR  ] 2017-06-29T14:38:46.486990708Z: [    0.000000] console [ttyS0] enabled
[STDERR  ] 2017-06-29T14:38:46.487005699Z: [    0.000000] clocksource: hpet: mask: 0xffffffff max_cycles: 0xffffffff, max_idle_ns: 19112604467 ns
[STDERR  ] 2017-06-29T14:38:46.487015491Z: [    0.000000] tsc: Fast TSC calibration using PIT
[STDERR  ] 2017-06-29T14:38:46.487028102Z: [    0.000000] tsc: Detected 2600.021 MHz processor
[STDERR  ] 2017-06-29T14:38:46.487038008Z: [    0.021158] Calibrating delay loop (skipped), value calculated using timer frequency.. 5200.04 BogoMIPS (lpj=26000210)
[STDERR  ] 2017-06-29T14:38:46.487047745Z: [    0.022622] pid_max: default: 32768 minimum: 301
[STDERR  ] 2017-06-29T14:38:46.487062786Z: [    0.023464] ACPI: Core revision 20150930
[STDERR  ] 2017-06-29T14:38:46.487072943Z: [    0.073580] ACPI: 1 ACPI AML tables successfully acquired and loaded
[STDERR  ] 2017-06-29T14:38:46.48707817Z: [    0.075497] Security Framework initialized
[STDERR  ] 2017-06-29T14:38:46.487092727Z: [    0.075798] Yama: becoming mindful.
[STDERR  ] 2017-06-29T14:38:46.487097776Z: [    0.078621] Mount-cache hash table entries: 2048 (order: 2, 16384 bytes)
[STDERR  ] 2017-06-29T14:38:46.487112524Z: [    0.079266] Mountpoint-cache hash table entries: 2048 (order: 2, 16384 bytes)
[STDERR  ] 2017-06-29T14:38:46.487122346Z: [    0.094776] Initializing cgroup subsys io
[STDERR  ] 2017-06-29T14:38:46.487127511Z: [    0.095736] Initializing cgroup subsys memory
[STDERR  ] 2017-06-29T14:38:46.487137057Z: [    0.096798] Initializing cgroup subsys devices
[STDERR  ] 2017-06-29T14:38:46.48715807Z: [    0.097378] Initializing cgroup subsys freezer
[STDERR  ] 2017-06-29T14:38:46.487167714Z: [    0.097951] Initializing cgroup subsys net_cls
[STDERR  ] 2017-06-29T14:38:46.487177177Z: [    0.098456] Initializing cgroup subsys perf_event
[STDERR  ] 2017-06-29T14:38:46.487195398Z: [    0.099006] Initializing cgroup subsys net_prio
[STDERR  ] 2017-06-29T14:38:46.487205218Z: [    0.099564] Initializing cgroup subsys hugetlb
[STDERR  ] 2017-06-29T14:38:46.48721496Z: [    0.100213] Initializing cgroup subsys pids
[STDERR  ] 2017-06-29T14:38:46.487224806Z: [    0.102723] Last level iTLB entries: 4KB 0, 2MB 0, 4MB 0
[STDERR  ] 2017-06-29T14:38:46.487234527Z: [    0.103173] Last level dTLB entries: 4KB 0, 2MB 0, 4MB 0, 1GB 0
[STDERR  ] 2017-06-29T14:38:46.487239647Z: [    0.350231] Freeing SMP alternatives memory: 20K (ffffffffb3e7a000 - ffffffffb3e7f000)
[STDERR  ] 2017-06-29T14:38:46.487253784Z: [    0.359040] ftrace: allocating 33308 entries in 131 pages
[STDERR  ] 2017-06-29T14:38:46.487263741Z: [    0.513795] ..TIMER: vector=0x30 apic1=0 pin1=2 apic2=-1 pin2=-1
[STDERR  ] 2017-06-29T14:38:46.487278417Z: [    0.620000] smpboot: CPU0: AMD QEMU Virtual CPU version 2.5+ (family: 0x6, model: 0x6, stepping: 0x3)
[STDERR  ] 2017-06-29T14:38:46.487288498Z: [    0.620000] Performance Events: Broken PMU hardware detected, using software events only.
[STDERR  ] 2017-06-29T14:38:46.48729348Z: [    0.620000] Failed to access perfctr msr (MSR c0010007 is 0)
[STDERR  ] 2017-06-29T14:38:46.487309962Z: [    0.625855] x86: Booted up 1 node, 1 CPUs
[STDERR  ] 2017-06-29T14:38:46.487319709Z: [    0.626314] smpboot: Total of 1 processors activated (5200.04 BogoMIPS)
[STDERR  ] 2017-06-29T14:38:46.487329385Z: [    0.632733] NMI watchdog: disabled (cpu0): hardware events not enabled
[STDERR  ] 2017-06-29T14:38:46.48733912Z: [    0.633212] NMI watchdog: Shutting down hard lockup detector on all cpus
[STDERR  ] 2017-06-29T14:38:46.487349046Z: [    0.642899] devtmpfs: initialized
[STDERR  ] 2017-06-29T14:38:46.487354133Z: [    0.714574] clocksource: jiffies: mask: 0xffffffff max_cycles: 0xffffffff, max_idle_ns: 19112604462750000 ns
[STDERR  ] 2017-06-29T14:38:46.48736854Z: [    0.715568] futex hash table entries: 256 (order: 2, 16384 bytes)
[STDERR  ] 2017-06-29T14:38:46.487378289Z: [    0.729593] NET: Registered protocol family 16
[STDERR  ] 2017-06-29T14:38:46.487383216Z: [    0.738144] cpuidle: using governor ladder
[STDERR  ] 2017-06-29T14:38:46.487397602Z: [    0.738537] cpuidle: using governor menu
[STDERR  ] 2017-06-29T14:38:46.487412832Z: [    0.740399] ACPI: bus type PCI registered
[STDERR  ] 2017-06-29T14:38:46.48742645Z: [    0.743409] PCI: MMCONFIG for domain 0000 [bus 00-ff] at [mem 0xb0000000-0xbfffffff] (base 0xb0000000)
[STDERR  ] 2017-06-29T14:38:46.487431632Z: [    0.744362] PCI: MMCONFIG at [mem 0xb0000000-0xbfffffff] reserved in E820
[STDERR  ] 2017-06-29T14:38:46.487449697Z: [    0.745755] PCI: Using configuration type 1 for base access
[STDERR  ] 2017-06-29T14:38:46.487454623Z: [    0.803331] ACPI: Added _OSI(Module Device)
[STDERR  ] 2017-06-29T14:38:46.487469063Z: [    0.803653] ACPI: Added _OSI(Processor Device)
[STDERR  ] 2017-06-29T14:38:46.487484872Z: [    0.804016] ACPI: Added _OSI(3.0 _SCP Extensions)
[STDERR  ] 2017-06-29T14:38:46.487495617Z: [    0.804305] ACPI: Added _OSI(Processor Aggregator Device)
[STDERR  ] 2017-06-29T14:38:46.487505402Z: [    0.880453] ACPI: Interpreter enabled
[STDERR  ] 2017-06-29T14:38:46.487515137Z: [    0.881438] ACPI: (supports S0 S5)
[STDERR  ] 2017-06-29T14:38:46.487527286Z: [    0.881775] ACPI: Using IOAPIC for interrupt routing
[STDERR  ] 2017-06-29T14:38:46.487539164Z: [    0.884535] PCI: Using host bridge windows from ACPI; if necessary, use "pci=nocrs" and report a bug
[STDERR  ] 2017-06-29T14:38:46.487548952Z: [    0.945963] ACPI: PCI Root Bridge [PCI0] (domain 0000 [bus 00-ff])
[STDERR  ] 2017-06-29T14:38:46.487558734Z: [    0.947197] acpi PNP0A08:00: _OSC: OS supports [ExtendedConfig ASPM ClockPM Segments MSI]
[STDERR  ] 2017-06-29T14:38:46.487568581Z: [    0.953921] acpi PNP0A08:00: _OSC: OS now controls [PCIeHotplug PME PCIeCapability]
[STDERR  ] 2017-06-29T14:38:46.487573914Z: [    0.957554] PCI host bridge to bus 0000:00
[STDERR  ] 2017-06-29T14:38:46.487588319Z: [    0.958050] pci_bus 0000:00: root bus resource [io  0x0000-0x0cf7 window]
[STDERR  ] 2017-06-29T14:38:46.487593324Z: [    0.958548] pci_bus 0000:00: root bus resource [io  0x0d00-0xffff window]
[STDERR  ] 2017-06-29T14:38:46.487607926Z: [    0.958997] pci_bus 0000:00: root bus resource [mem 0x000a0000-0x000bffff window]
[STDERR  ] 2017-06-29T14:38:46.487617719Z: [    0.959482] pci_bus 0000:00: root bus resource [mem 0xc0000000-0xfebfffff window]
[STDERR  ] 2017-06-29T14:38:46.487627568Z: [    0.960322] pci_bus 0000:00: root bus resource [bus 00-ff]
[STDERR  ] 2017-06-29T14:38:46.487632721Z: [    1.051693] pci 0000:00:1f.0: quirk: [io  0x0600-0x067f] claimed by ICH6 ACPI/GPIO/TCO
[STDERR  ] 2017-06-29T14:38:46.487642172Z: [    1.108201] ACPI: PCI Interrupt Link [LNKA] (IRQs 5 *10 11)
[STDERR  ] 2017-06-29T14:38:46.487656979Z: [    1.111858] ACPI: PCI Interrupt Link [LNKB] (IRQs 5 *10 11)
[STDERR  ] 2017-06-29T14:38:46.487666598Z: [    1.114233] ACPI: PCI Interrupt Link [LNKC] (IRQs 5 10 *11)
[STDERR  ] 2017-06-29T14:38:46.487679486Z: [    1.116120] ACPI: PCI Interrupt Link [LNKD] (IRQs 5 10 *11)
[STDERR  ] 2017-06-29T14:38:46.487692188Z: [    1.117923] ACPI: PCI Interrupt Link [LNKE] (IRQs 5 *10 11)
[STDERR  ] 2017-06-29T14:38:46.487701874Z: [    1.119753] ACPI: PCI Interrupt Link [LNKF] (IRQs 5 *10 11)
[STDERR  ] 2017-06-29T14:38:46.487711648Z: [    1.121639] ACPI: PCI Interrupt Link [LNKG] (IRQs 5 10 *11)
[STDERR  ] 2017-06-29T14:38:46.487721131Z: [    1.123438] ACPI: PCI Interrupt Link [LNKH] (IRQs 5 10 *11)
[STDERR  ] 2017-06-29T14:38:46.487731051Z: [    1.124438] ACPI: PCI Interrupt Link [GSIA] (IRQs *16)
[STDERR  ] 2017-06-29T14:38:46.487740771Z: [    1.125135] ACPI: PCI Interrupt Link [GSIB] (IRQs *17)
[STDERR  ] 2017-06-29T14:38:46.487750526Z: [    1.125960] ACPI: PCI Interrupt Link [GSIC] (IRQs *18)
[STDERR  ] 2017-06-29T14:38:46.487755696Z: [    1.126746] ACPI: PCI Interrupt Link [GSID] (IRQs *19)
[STDERR  ] 2017-06-29T14:38:46.487767005Z: [    1.127446] ACPI: PCI Interrupt Link [GSIE] (IRQs *20)
[STDERR  ] 2017-06-29T14:38:46.487781468Z: [    1.128196] ACPI: PCI Interrupt Link [GSIF] (IRQs *21)
[STDERR  ] 2017-06-29T14:38:46.48779109Z: [    1.128978] ACPI: PCI Interrupt Link [GSIG] (IRQs *22)
[STDERR  ] 2017-06-29T14:38:46.487800545Z: [    1.130232] ACPI: PCI Interrupt Link [GSIH] (IRQs *23)
[STDERR  ] 2017-06-29T14:38:46.487809857Z: [    1.134739] ACPI: Enabled 2 GPEs in block 00 to 3F
[STDERR  ] 2017-06-29T14:38:46.487819925Z: [    1.138949] SCSI subsystem initialized
[STDERR  ] 2017-06-29T14:38:46.48783446Z: [    1.141087] ACPI: bus type USB registered
[STDERR  ] 2017-06-29T14:38:46.487844117Z: [    1.142223] usbcore: registered new interface driver usbfs
[STDERR  ] 2017-06-29T14:38:46.487853817Z: [    1.143094] usbcore: registered new interface driver hub
[STDERR  ] 2017-06-29T14:38:46.487866813Z: [    1.143967] usbcore: registered new device driver usb
[STDERR  ] 2017-06-29T14:38:46.48787644Z: [    1.145252] pps_core: LinuxPPS API ver. 1 registered
[STDERR  ] 2017-06-29T14:38:46.487894015Z: [    1.145586] pps_core: Software ver. 5.3.6 - Copyright 2005-2007 Rodolfo Giometti <giometti@linux.it>
[STDERR  ] 2017-06-29T14:38:46.487904275Z: [    1.146383] PTP clock support registered
[STDERR  ] 2017-06-29T14:38:46.487914091Z: [    1.147758] wmi: Mapper loaded
[STDERR  ] 2017-06-29T14:38:46.487923827Z: [    1.148933] PCI: Using ACPI for IRQ routing
[STDERR  ] 2017-06-29T14:38:46.487933543Z: [    1.167682] NetLabel: Initializing
[STDERR  ] 2017-06-29T14:38:46.487938608Z: [    1.167909] NetLabel:  domain hash size = 128
[STDERR  ] 2017-06-29T14:38:46.487950955Z: [    1.168317] NetLabel:  protocols = UNLABELED CIPSOv4
[STDERR  ] 2017-06-29T14:38:46.48796932Z: [    1.171166] NetLabel:  unlabeled traffic allowed by default
[STDERR  ] 2017-06-29T14:38:46.487988783Z: [    1.172444] HPET: 3 timers in total, 0 timers will be used for per-cpu timer
[STDERR  ] 2017-06-29T14:38:46.487998631Z: [    1.173277] hpet0: at MMIO 0xfed00000, IRQs 2, 8, 0
[STDERR  ] 2017-06-29T14:38:46.488008511Z: [    1.173849] hpet0: 3 comparators, 64-bit 100.000000 MHz counter
[STDERR  ] 2017-06-29T14:38:46.488018223Z: [    1.178517] amd_nb: Cannot enumerate AMD northbridges
[STDERR  ] 2017-06-29T14:38:46.488027999Z: [    1.179643] clocksource: Switched to clocksource hpet
[STDERR  ] 2017-06-29T14:38:46.488033036Z: [    1.384401] FS-Cache: Loaded
[STDERR  ] 2017-06-29T14:38:46.488047687Z: [    1.389922] CacheFiles: Loaded
[STDERR  ] 2017-06-29T14:38:46.488052574Z: [    1.393384] pnp: PnP ACPI init
[STDERR  ] 2017-06-29T14:38:46.488067042Z: [    1.405260] pnp: PnP ACPI: found 5 devices
[STDERR  ] 2017-06-29T14:38:46.488072176Z: [    1.453060] clocksource: acpi_pm: mask: 0xffffff max_cycles: 0xffffff, max_idle_ns: 2085701024 ns
[STDERR  ] 2017-06-29T14:38:46.488086664Z: [    1.456262] NET: Registered protocol family 2
[STDERR  ] 2017-06-29T14:38:46.488091676Z: [    1.464296] TCP established hash table entries: 8192 (order: 4, 65536 bytes)
[STDERR  ] 2017-06-29T14:38:46.488108387Z: [    1.465184] TCP bind hash table entries: 8192 (order: 5, 131072 bytes)
[STDERR  ] 2017-06-29T14:38:46.488118574Z: [    1.465922] TCP: Hash tables configured (established 8192 bind 8192)
[STDERR  ] 2017-06-29T14:38:46.488128369Z: [    1.467424] UDP hash table entries: 512 (order: 2, 16384 bytes)
[STDERR  ] 2017-06-29T14:38:46.488138116Z: [    1.468103] UDP-Lite hash table entries: 512 (order: 2, 16384 bytes)
[STDERR  ] 2017-06-29T14:38:46.488143249Z: [    1.470809] NET: Registered protocol family 1
[STDERR  ] 2017-06-29T14:38:46.488157726Z: [    1.477415] Unpacking initramfs...
[STDERR  ] 2017-06-29T14:38:46.488167627Z: [    9.957396] Freeing initrd memory: 43968K (ffff88003d4e0000 - ffff88003ffd0000)
[STDERR  ] 2017-06-29T14:38:46.488172593Z: [    9.980942] PCLMULQDQ-NI instructions are not detected.
[STDERR  ] 2017-06-29T14:38:46.488186926Z: [    9.982764] AVX or AES-NI instructions are not detected.
[STDERR  ] 2017-06-29T14:38:46.488199082Z: [    9.983313] CPU feature 'AVX registers' is not supported.
[STDERR  ] 2017-06-29T14:38:46.48821071Z: [    9.983785] CPU feature 'AVX registers' is not supported.
[STDERR  ] 2017-06-29T14:38:46.488220437Z: [    9.984239] CPU feature 'AVX registers' is not supported.
[STDERR  ] 2017-06-29T14:38:46.488230204Z: [    9.984680] CPU feature 'AVX registers' is not supported.
[STDERR  ] 2017-06-29T14:38:46.488242146Z: [    9.985136] AVX2 or AES-NI instructions are not detected.
[STDERR  ] 2017-06-29T14:38:46.488256521Z: [    9.985608] AVX2 instructions are not detected.
[STDERR  ] 2017-06-29T14:38:46.488266073Z: [    9.992134] audit: initializing netlink subsys (disabled)
[STDERR  ] 2017-06-29T14:38:46.488276061Z: [    9.993746] audit: type=2000 audit(1498747090.990:1): initialized
[STDERR  ] 2017-06-29T14:38:46.488285915Z: [   10.001212] HugeTLB registered 2 MB page size, pre-allocated 0 pages
[STDERR  ] 2017-06-29T14:38:46.488295842Z: [   10.004816] VFS: Disk quotas dquot_6.6.0
[STDERR  ] 2017-06-29T14:38:46.488305661Z: [   10.005512] VFS: Dquot-cache hash table entries: 512 (order 0, 4096 bytes)
[STDERR  ] 2017-06-29T14:38:46.488319289Z: [   10.011689] FS-Cache: Netfs 'cifs' registered for caching
[STDERR  ] 2017-06-29T14:38:46.488329328Z: [   10.012927] fuse init (API version 7.23)
[STDERR  ] 2017-06-29T14:38:46.488338888Z: [   10.015198] SGI XFS with ACLs, security attributes, no debug enabled
[STDERR  ] 2017-06-29T14:38:46.488348642Z: [   10.017929] 9p: Installing v9fs 9p2000 file system support
[STDERR  ] 2017-06-29T14:38:46.488362349Z: [   10.018440] FS-Cache: Netfs '9p' registered for caching
[STDERR  ] 2017-06-29T14:38:46.488372078Z: [   10.020936] Key type big_key registered
[STDERR  ] 2017-06-29T14:38:46.488377212Z: [   10.052819] NET: Registered protocol family 38
[STDERR  ] 2017-06-29T14:38:46.488389849Z: [   10.053587] Key type asymmetric registered
[STDERR  ] 2017-06-29T14:38:46.488406271Z: [   10.054031] Asymmetric key parser 'x509' registered
[STDERR  ] 2017-06-29T14:38:46.488411322Z: [   10.055133] Block layer SCSI generic (bsg) driver version 0.4 loaded (major 251)
[STDERR  ] 2017-06-29T14:38:46.488420796Z: [   10.056915] io scheduler noop registered
[STDERR  ] 2017-06-29T14:38:46.488435473Z: [   10.057362] io scheduler deadline registered (default)
[STDERR  ] 2017-06-29T14:38:46.488445283Z: [   10.058103] io scheduler cfq registered
[STDERR  ] 2017-06-29T14:38:46.488454996Z: [   10.063288] pci_hotplug: PCI Hot Plug PCI Core version: 0.5
[STDERR  ] 2017-06-29T14:38:46.488460119Z: [   10.063958] pciehp: PCI Express Hot Plug Controller Driver version: 0.4
[STDERR  ] 2017-06-29T14:38:46.488472905Z: [   10.064885] shpchp: Standard Hot Plug PCI Controller Driver version: 0.4
[STDERR  ] 2017-06-29T14:38:46.488487312Z: [   10.065725] hv_vmbus: registering driver hyperv_fb
[STDERR  ] 2017-06-29T14:38:46.488496938Z: [   10.068996] input: Power Button as /devices/LNXSYSTM:00/LNXPWRBN:00/input/input0
[STDERR  ] 2017-06-29T14:38:46.488510247Z: [   10.070841] ACPI: Power Button [PWRF]
[STDERR  ] 2017-06-29T14:38:46.488520038Z: [   10.077997] GHES: HEST is not enabled!
[STDERR  ] 2017-06-29T14:38:46.488529865Z: [   10.088711] ACPI: PCI Interrupt Link [GSIH] enabled at IRQ 23
[STDERR  ] 2017-06-29T14:38:46.488539682Z: [   10.095004] xenfs: not registering filesystem on non-xen platform
[STDERR  ] 2017-06-29T14:38:46.488551337Z: [   10.097203] Serial: 8250/16550 driver, 4 ports, IRQ sharing disabled
[STDERR  ] 2017-06-29T14:38:46.488556532Z: [   10.120820] 00:04: ttyS0 at I/O 0x3f8 (irq = 4, base_baud = 115200) is a 16550A
[STDERR  ] 2017-06-29T14:38:46.488566087Z: [   10.133931] Non-volatile memory driver v1.3
[STDERR  ] 2017-06-29T14:38:46.488580962Z: [   10.139817] Hangcheck: starting hangcheck timer 0.9.1 (tick is 180 seconds, margin is 60 seconds).
[STDERR  ] 2017-06-29T14:38:46.488586128Z: [   10.175240] loop: module loaded
[STDERR  ] 2017-06-29T14:38:46.488601257Z: [   10.188177] nbd: registered device at major 43
[STDERR  ] 2017-06-29T14:38:46.488615838Z: [   10.225914] lpc_ich 0000:00:1f.0: I/O space for GPIO uninitialized
[STDERR  ] 2017-06-29T14:38:46.488625537Z: [   10.228319] VMware PVSCSI driver - version 1.0.5.0-k
[STDERR  ] 2017-06-29T14:38:46.488635178Z: [   10.229265] hv_vmbus: registering driver hv_storvsc
[STDERR  ] 2017-06-29T14:38:46.488647114Z: [   10.238526] ACPI: PCI Interrupt Link [GSIA] enabled at IRQ 16
[STDERR  ] 2017-06-29T14:38:46.488659122Z: [   10.246047] ahci 0000:00:1f.2: AHCI 0001.0000 32 slots 6 ports 1.5 Gbps 0x3f impl SATA mode
[STDERR  ] 2017-06-29T14:38:46.488673645Z: [   10.246796] ahci 0000:00:1f.2: flags: 64bit ncq only 
[STDERR  ] 2017-06-29T14:38:46.488683217Z: [   10.266003] scsi host0: ahci
[STDERR  ] 2017-06-29T14:38:46.488692982Z: [   10.270458] scsi host1: ahci
[STDERR  ] 2017-06-29T14:38:46.488702645Z: [   10.272682] scsi host2: ahci
[STDERR  ] 2017-06-29T14:38:46.488712325Z: [   10.274711] scsi host3: ahci
[STDERR  ] 2017-06-29T14:38:46.488721942Z: [   10.277641] scsi host4: ahci
[STDERR  ] 2017-06-29T14:38:46.488731393Z: [   10.280418] scsi host5: ahci
[STDERR  ] 2017-06-29T14:38:46.488741376Z: [   10.282267] ata1: SATA max UDMA/133 abar m4096@0xfebf1000 port 0xfebf1100 irq 24
[STDERR  ] 2017-06-29T14:38:46.48875538Z: [   10.282765] ata2: SATA max UDMA/133 abar m4096@0xfebf1000 port 0xfebf1180 irq 24
[STDERR  ] 2017-06-29T14:38:46.488767411Z: [   10.283241] ata3: SATA max UDMA/133 abar m4096@0xfebf1000 port 0xfebf1200 irq 24
[STDERR  ] 2017-06-29T14:38:46.488777151Z: [   10.283680] ata4: SATA max UDMA/133 abar m4096@0xfebf1000 port 0xfebf1280 irq 24
[STDERR  ] 2017-06-29T14:38:46.488788801Z: [   10.284106] ata5: SATA max UDMA/133 abar m4096@0xfebf1000 port 0xfebf1300 irq 24
[STDERR  ] 2017-06-29T14:38:46.488798487Z: [   10.284547] ata6: SATA max UDMA/133 abar m4096@0xfebf1000 port 0xfebf1380 irq 24
[STDERR  ] 2017-06-29T14:38:46.488808356Z: [   10.295395] tun: Universal TUN/TAP device driver, 1.6
[STDERR  ] 2017-06-29T14:38:46.488818326Z: [   10.295786] tun: (C) 1999-2004 Max Krasnyansky <maxk@qualcomm.com>
[STDERR  ] 2017-06-29T14:38:46.488828046Z: [   10.297563] VMware vmxnet3 virtual NIC driver - version 1.4.5.0-k-NAPI
[STDERR  ] 2017-06-29T14:38:46.488833164Z: [   10.298416] hv_vmbus: registering driver hv_netvsc
[STDERR  ] 2017-06-29T14:38:46.488842771Z: [   10.298792] Fusion MPT base driver 3.04.20
[STDERR  ] 2017-06-29T14:38:46.488857373Z: [   10.299079] Copyright (c) 1999-2008 LSI Corporation
[STDERR  ] 2017-06-29T14:38:46.488862456Z: [   10.299734] Fusion MPT SPI Host driver 3.04.20
[STDERR  ] 2017-06-29T14:38:46.488875687Z: [   10.302361] i8042: PNP: PS/2 Controller [PNP0303:KBD,PNP0f13:MOU] at 0x60,0x64 irq 1,12
[STDERR  ] 2017-06-29T14:38:46.488890254Z: [   10.306242] serio: i8042 KBD port at 0x60,0x64 irq 1
[STDERR  ] 2017-06-29T14:38:46.488894967Z: [   10.306935] serio: i8042 AUX port at 0x60,0x64 irq 12
[STDERR  ] 2017-06-29T14:38:46.488906293Z: [   10.309984] hv_vmbus: registering driver hyperv_keyboard
[STDERR  ] 2017-06-29T14:38:46.488920229Z: [   10.312570] mousedev: PS/2 mouse device common for all mice
[STDERR  ] 2017-06-29T14:38:46.488930177Z: [   10.317191] input: AT Translated Set 2 keyboard as /devices/platform/i8042/serio0/input/input1
[STDERR  ] 2017-06-29T14:38:46.488940536Z: [   10.321463] input: PC Speaker as /devices/platform/pcspkr/input/input2
[STDERR  ] 2017-06-29T14:38:46.488955121Z: [   10.323666] rtc_cmos 00:00: RTC can wake from S4
[STDERR  ] 2017-06-29T14:38:46.488964801Z: [   10.326801] rtc_cmos 00:00: rtc core: registered rtc_cmos as rtc0
[STDERR  ] 2017-06-29T14:38:46.488974595Z: [   10.327998] rtc_cmos 00:00: alarms up to one day, y3k, 114 bytes nvram, hpet irqs
[STDERR  ] 2017-06-29T14:38:46.488990662Z: [   10.328768] i2c /dev entries driver
[STDERR  ] 2017-06-29T14:38:46.48900047Z: [   10.330885] device-mapper: ioctl: 4.34.0-ioctl (2015-10-28) initialised: dm-devel@redhat.com
[STDERR  ] 2017-06-29T14:38:46.489010255Z: [   10.335833] usbcore: registered new interface driver usbhid
[STDERR  ] 2017-06-29T14:38:46.48902002Z: [   10.336242] usbhid: USB HID core driver
[STDERR  ] 2017-06-29T14:38:46.489029712Z: [   10.336956] hv_utils: Registering HyperV Utility Driver
[STDERR  ] 2017-06-29T14:38:46.489034743Z: [   10.337297] hv_vmbus: registering driver hv_util
[STDERR  ] 2017-06-29T14:38:46.48904434Z: [   10.337663] hv_vmbus: registering driver hv_balloon
[STDERR  ] 2017-06-29T14:38:46.489062335Z: [   10.338208] oprofile: using NMI interrupt.
[STDERR  ] 2017-06-29T14:38:46.489072256Z: [   10.339385] GACT probability on
[STDERR  ] 2017-06-29T14:38:46.489092892Z: [   10.339819] Mirror/redirect action on
[STDERR  ] 2017-06-29T14:38:46.489107882Z: [   10.340619] Simple TC action Loaded
[STDERR  ] 2017-06-29T14:38:46.489117365Z: [   10.341040] u32 classifier
[STDERR  ] 2017-06-29T14:38:46.489126195Z: [   10.341238]     Performance counters on
[STDERR  ] 2017-06-29T14:38:46.489135336Z: [   10.341503]     input device check on
[STDERR  ] 2017-06-29T14:38:46.489147003Z: [   10.341782]     Actions configured
[STDERR  ] 2017-06-29T14:38:46.48916102Z: [   10.342551] Netfilter messages via NETLINK v0.30.
[STDERR  ] 2017-06-29T14:38:46.489170169Z: [   10.343204] nfnl_acct: registering with nfnetlink.
[STDERR  ] 2017-06-29T14:38:46.489184636Z: [   10.344435] nf_conntrack version 0.5.0 (7922 buckets, 31688 max)
[STDERR  ] 2017-06-29T14:38:46.489190438Z: [   10.347795] ctnetlink v0.93: registering with nfnetlink.
[STDERR  ] 2017-06-29T14:38:46.489200158Z: [   10.351508] nf_tables: (c) 2007-2009 Patrick McHardy <kaber@trash.net>
[STDERR  ] 2017-06-29T14:38:46.489223898Z: [   10.352521] nf_tables_compat: (c) 2012 Pablo Neira Ayuso <pablo@netfilter.org>
[STDERR  ] 2017-06-29T14:38:46.489232942Z: [   10.355998] xt_time: kernel timezone is -0000
[STDERR  ] 2017-06-29T14:38:46.489237798Z: [   10.356560] ip_set: protocol 6
[STDERR  ] 2017-06-29T14:38:46.489251138Z: [   10.357441] IPVS: Registered protocols (TCP, UDP, SCTP, AH, ESP)
[STDERR  ] 2017-06-29T14:38:46.489256048Z: [   10.358073] IPVS: Connection hash table configured (size=4096, memory=64Kbytes)
[STDERR  ] 2017-06-29T14:38:46.489269685Z: [   10.359877] IPVS: Creating netns size=2096 id=0
[STDERR  ] 2017-06-29T14:38:46.489278944Z: [   10.361174] IPVS: ipvs loaded.
[STDERR  ] 2017-06-29T14:38:46.489290955Z: [   10.361623] IPVS: [rr] scheduler registered.
[STDERR  ] 2017-06-29T14:38:46.489300309Z: [   10.362018] IPVS: [wrr] scheduler registered.
[STDERR  ] 2017-06-29T14:38:46.489305085Z: [   10.362356] IPVS: [lc] scheduler registered.
[STDERR  ] 2017-06-29T14:38:46.489314698Z: [   10.362656] IPVS: [wlc] scheduler registered.
[STDERR  ] 2017-06-29T14:38:46.489328817Z: [   10.363001] IPVS: [fo] scheduler registered.
[STDERR  ] 2017-06-29T14:38:46.489341008Z: [   10.363406] IPVS: [ovf] scheduler registered.
[STDERR  ] 2017-06-29T14:38:46.489354934Z: [   10.363904] IPVS: [lblc] scheduler registered.
[STDERR  ] 2017-06-29T14:38:46.489364409Z: [   10.364363] IPVS: [lblcr] scheduler registered.
[STDERR  ] 2017-06-29T14:38:46.489373745Z: [   10.364739] IPVS: [dh] scheduler registered.
[STDERR  ] 2017-06-29T14:38:46.489378662Z: [   10.365064] IPVS: [sh] scheduler registered.
[STDERR  ] 2017-06-29T14:38:46.489393159Z: [   10.365407] IPVS: [sed] scheduler registered.
[STDERR  ] 2017-06-29T14:38:46.489403641Z: [   10.365745] IPVS: [nq] scheduler registered.
[STDERR  ] 2017-06-29T14:38:46.489408388Z: [   10.366520] IPVS: ftp: loaded support on port[0] = 21
[STDERR  ] 2017-06-29T14:38:46.489421922Z: [   10.367346] ipip: IPv4 over IPv4 tunneling driver
[STDERR  ] 2017-06-29T14:38:46.489432881Z: [   10.371936] gre: GRE over IPv4 demultiplexor driver
[STDERR  ] 2017-06-29T14:38:46.489442342Z: [   10.374645] ip_tables: (C) 2000-2006 Netfilter Core Team
[STDERR  ] 2017-06-29T14:38:46.489451407Z: [   10.377469] ipt_CLUSTERIP: ClusterIP Version 0.8 loaded successfully
[STDERR  ] 2017-06-29T14:38:46.489460261Z: [   10.378217] arp_tables: (C) 2002 David S. Miller
[STDERR  ] 2017-06-29T14:38:46.489469333Z: [   10.380759] NET: Registered protocol family 10
[STDERR  ] 2017-06-29T14:38:46.489473853Z: [   10.389134] ip6_tables: (C) 2000-2006 Netfilter Core Team
[STDERR  ] 2017-06-29T14:38:46.489487378Z: [   10.393007] NET: Registered protocol family 17
[STDERR  ] 2017-06-29T14:38:46.489492243Z: [   10.393914] bridge: automatic filtering via arp/ip/ip6tables has been deprecated. Update your scripts to load br_netfilter if you need this.
[STDERR  ] 2017-06-29T14:38:46.489508888Z: [   10.394793] Bridge firewalling registered
[STDERR  ] 2017-06-29T14:38:46.489518034Z: [   10.395450] Ebtables v2.0 registered
[STDERR  ] 2017-06-29T14:38:46.489527371Z: [   10.397092] 8021q: 802.1Q VLAN Support v1.8
[STDERR  ] 2017-06-29T14:38:46.489538956Z: [   10.398612] 9pnet: Installing 9P2000 support
[STDERR  ] 2017-06-29T14:38:46.489552748Z: [   10.400700] Key type dns_resolver registered
[STDERR  ] 2017-06-29T14:38:46.489557206Z: [   10.401537] hv_sock: failed to load: VMBus 4 or later is required
[STDERR  ] 2017-06-29T14:38:46.489570807Z: [   10.402134] microcode: AMD CPU family 0x6 not supported
[STDERR  ] 2017-06-29T14:38:46.489580594Z: [   10.405937] registered taskstats version 1
[STDERR  ] 2017-06-29T14:38:46.489590258Z: [   10.543153] Key type encrypted registered
[STDERR  ] 2017-06-29T14:38:46.489609666Z: [   10.550445] rtc_cmos 00:00: setting system clock to 2017-06-29 14:38:12 UTC (1498747092)
[STDERR  ] 2017-06-29T14:38:46.489615216Z: [   10.631231] ata1: SATA link down (SStatus 0 SControl 300)
[STDERR  ] 2017-06-29T14:38:46.489628461Z: [   10.634407] ata2: SATA link down (SStatus 0 SControl 300)
[STDERR  ] 2017-06-29T14:38:46.489633031Z: [   10.640847] ata3: SATA link up 1.5 Gbps (SStatus 113 SControl 300)
[STDERR  ] 2017-06-29T14:38:46.489646108Z: [   10.644841] ata3.00: ATAPI: QEMU DVD-ROM, 2.5+, max UDMA/100
[STDERR  ] 2017-06-29T14:38:46.489651008Z: [   10.645397] ata3.00: applying bridge limits
[STDERR  ] 2017-06-29T14:38:46.489668074Z: [   10.647295] ata3.00: configured for UDMA/100
[STDERR  ] 2017-06-29T14:38:46.489672846Z: [   10.650656] ata4: SATA link down (SStatus 0 SControl 300)
[STDERR  ] 2017-06-29T14:38:46.48969098Z: [   10.651228] ata6: SATA link down (SStatus 0 SControl 300)
[STDERR  ] 2017-06-29T14:38:46.489696243Z: [   10.651787] ata5: SATA link down (SStatus 0 SControl 300)
[STDERR  ] 2017-06-29T14:38:46.489705046Z: [   10.661003] scsi 2:0:0:0: CD-ROM            QEMU     QEMU DVD-ROM     2.5+ PQ: 0 ANSI: 5
[STDERR  ] 2017-06-29T14:38:46.489718715Z: [   10.672995] sr 2:0:0:0: [sr0] scsi3-mmc drive: 4x/4x cd/rw xa/form2 tray
[STDERR  ] 2017-06-29T14:38:46.489723233Z: [   10.673757] cdrom: Uniform CD-ROM driver Revision: 3.20
[STDERR  ] 2017-06-29T14:38:46.48973279Z: [   10.681498] sr 2:0:0:0: Attached scsi generic sg0 type 5
[STDERR  ] 2017-06-29T14:38:46.489746653Z: [   10.803975] Freeing unused kernel memory: 1292K (ffffffffb3d37000 - ffffffffb3e7a000)
[STDERR  ] 2017-06-29T14:38:46.489756055Z: [   10.804654] Write protecting the kernel read-only data: 12288k
[STDERR  ] 2017-06-29T14:38:46.489769735Z: [   10.815362] Freeing unused kernel memory: 580K (ffff88003376f000 - ffff880033800000)
[STDERR  ] 2017-06-29T14:38:46.489779103Z: [   10.925991] Freeing unused kernel memory: 1400K (ffff880033aa2000 - ffff880033c00000)
[STDERR  ] 2017-06-29T14:38:46.489783545Z: [   10.950663] tsc: Refined TSC clocksource calibration: 2600.014 MHz
[STDERR  ] 2017-06-29T14:38:46.489796667Z: [   10.951220] clocksource: tsc: mask: 0xffffffffffffffff max_cycles: 0x257a493a0cc, max_idle_ns: 440795272657 ns
[STDERR  ] 2017-06-29T14:38:46.489804489Z: [   11.961410] clocksource: Switched to clocksource tsc
[STDERR  ] 2017-06-29T14:38:46.489817827Z: [   17.209716] e1000: Intel(R) PRO/1000 Network Driver - version 7.3.21-k8-NAPI
[STDERR  ] 2017-06-29T14:38:46.489827116Z: [   17.210756] e1000: Copyright (c) 1999-2006 Intel Corporation.
[STDERR  ] 2017-06-29T14:38:46.48983636Z: [   17.219504] ACPI: PCI Interrupt Link [GSIG] enabled at IRQ 22
[STDERR  ] 2017-06-29T14:38:46.48984746Z: [   17.556858] e1000 0000:00:02.0 eth0: (PCI:33MHz:32-bit) 52:54:00:12:34:56
[STDERR  ] 2017-06-29T14:38:46.489862503Z: [   17.557798] e1000 0000:00:02.0 eth0: Intel(R) PRO/1000 Network Connection
[STDERR  ] 2017-06-29T14:38:46.489872569Z: 
[STDERR  ] 2017-06-29T14:38:46.489883025Z: Starting containerd
[STDERR  ] 2017-06-29T14:38:46.489892715Z: 
[STDERR  ] 2017-06-29T14:38:46.489901915Z: Welcome to LinuxKit
[STDERR  ] 2017-06-29T14:38:46.489906782Z: 
[STDERR  ] 2017-06-29T14:38:46.489916276Z:                         ##         .
[STDERR  ] 2017-06-29T14:38:46.489931178Z:                   ## ## ##        ==
[STDERR  ] 2017-06-29T14:38:46.489936285Z:                ## ## ## ## ##    ===
[STDERR  ] 2017-06-29T14:38:46.489945802Z:            /"""""""""""""""""\___/ ===
[STDERR  ] 2017-06-29T14:38:46.489969919Z:           {                       /  ===-
[STDERR  ] 2017-06-29T14:38:46.489988169Z:            \______ O           __/
[STDERR  ] 2017-06-29T14:38:46.489998321Z:              \    \         __/
[STDERR  ] 2017-06-29T14:38:46.490008075Z:               \____\_______/
[STDERR  ] 2017-06-29T14:38:46.490017669Z: 
[STDERR  ] 2017-06-29T14:38:46.490027719Z: [34mINFO[0m[0000] starting containerd boot...                   [34mmodule[0m=containerd
[STDERR  ] 2017-06-29T14:38:46.490037845Z: [34mINFO[0m[0000] loading plugin "io.containerd.content.v1.content"...  [34mmodule[0m=containerd [34mtype[0m=io.containerd.content.v1
[STDERR  ] 2017-06-29T14:38:46.490052581Z: [34mINFO[0m[0000] skip loading plugin "io.containerd.snapshotter.v1.btrfs"...  [34mmodule[0m=containerd [34mtype[0m=io.containerd.snapshotter.v1
[STDERR  ] 2017-06-29T14:38:46.490063264Z: [34mINFO[0m[0000] loading plugin "io.containerd.snapshotter.v1.overlayfs"...  [34mmodule[0m=containerd [34mtype[0m=io.containerd.snapshotter.v1
[STDERR  ] 2017-06-29T14:38:46.490073121Z: [34mINFO[0m[0000] loading plugin "io.containerd.differ.v1.base-diff"...  [34mmodule[0m=containerd [34mtype[0m=io.containerd.differ.v1
[STDERR  ] 2017-06-29T14:38:46.490086865Z: [34mINFO[0m[0000] loading plugin "io.containerd.metadata.v1.bolt"...  [34mmodule[0m=containerd [34mtype[0m=io.containerd.metadata.v1
[STDERR  ] 2017-06-29T14:38:46.490096332Z: [34mINFO[0m[0000] loading plugin "io.containerd.grpc.v1.containers"...  [34mmodule[0m=containerd [34mtype[0m=io.containerd.grpc.v1
[STDERR  ] 2017-06-29T14:38:46.490105476Z: [34mINFO[0m[0000] loading plugin "io.containerd.grpc.v1.content"...  [34mmodule[0m=containerd [34mtype[0m=io.containerd.grpc.v1
[STDERR  ] 2017-06-29T14:38:46.490114648Z: [34mINFO[0m[0000] loading plugin "io.containerd.grpc.v1.diff"...  [34mmodule[0m=containerd [34mtype[0m=io.containerd.grpc.v1
[STDERR  ] 2017-06-29T14:38:46.490120886Z: [34mINFO[0m[0000] loading plugin "io.containerd.grpc.v1.events"...  [34mmodule[0m=containerd [34mtype[0m=io.containerd.grpc.v1
[STDERR  ] 2017-06-29T14:38:46.490126951Z: [34mINFO[0m[0000] loading plugin "io.containerd.grpc.v1.healthcheck"...  [34mmodule[0m=containerd [34mtype[0m=io.containerd.grpc.v1
[STDERR  ] 2017-06-29T14:38:46.490135935Z: [34mINFO[0m[0000] loading plugin "io.containerd.grpc.v1.images"...  [34mmodule[0m=containerd [34mtype[0m=io.containerd.grpc.v1
[STDERR  ] 2017-06-29T14:38:46.490141931Z: [34mINFO[0m[0000] loading plugin "io.containerd.grpc.v1.namespaces"...  [34mmodule[0m=containerd [34mtype[0m=io.containerd.grpc.v1
[STDERR  ] 2017-06-29T14:38:46.490150214Z: [34mINFO[0m[0000] loading plugin "io.containerd.grpc.v1.snapshots"...  [34mmodule[0m=containerd [34mtype[0m=io.containerd.grpc.v1
[STDERR  ] 2017-06-29T14:38:46.490156176Z: [34mINFO[0m[0000] loading plugin "io.containerd.monitor.v1.cgroups"...  [34mmodule[0m=containerd [34mtype[0m=io.containerd.monitor.v1
[STDERR  ] 2017-06-29T14:38:46.490162172Z: [34mINFO[0m[0000] loading plugin "io.containerd.runtime.v1.linux"...  [34mmodule[0m=containerd [34mtype[0m=io.containerd.runtime.v1
[STDERR  ] 2017-06-29T14:38:46.49017051Z: [34mINFO[0m[0000] loading plugin "io.containerd.grpc.v1.tasks"...  [34mmodule[0m=containerd [34mtype[0m=io.containerd.grpc.v1
[STDERR  ] 2017-06-29T14:38:46.490176345Z: [34mINFO[0m[0000] loading plugin "io.containerd.grpc.v1.version"...  [34mmodule[0m=containerd [34mtype[0m=io.containerd.grpc.v1
[STDERR  ] 2017-06-29T14:38:46.490182454Z: [34mINFO[0m[0000] serving...                                    [34maddress[0m="/run/containerd/debug.sock" [34mmodule[0m="containerd/debug"
[STDERR  ] 2017-06-29T14:38:46.490193945Z: [34mINFO[0m[0000] serving...                                    [34maddress[0m="/run/containerd/containerd.sock" [34mmodule[0m="containerd/grpc"
[STDERR  ] 2017-06-29T14:38:46.490201818Z: [34mINFO[0m[0000] containerd successfully booted in 0.217895s   [34mmodule[0m=containerd
[STDERR  ] 2017-06-29T14:38:46.490211155Z: starting kernel config sanity test with /proc/config.gz
[STDERR  ] 2017-06-29T14:38:46.490214378Z: [   23.882576] RPC: Registered named UNIX socket transport module.
[STDERR  ] 2017-06-29T14:38:46.490221953Z: [   23.882874] RPC: Registered udp transport module.
[STDERR  ] 2017-06-29T14:38:46.49023095Z: [   23.883262] RPC: Registered tcp transport module.
[STDERR  ] 2017-06-29T14:38:46.490234038Z: [   23.883559] RPC: Registered tcp NFSv4.1 backchannel transport module.
[STDERR  ] 2017-06-29T14:38:46.490242855Z: [   23.978512] FS-Cache: Netfs 'nfs' registered for caching
[STDERR  ] 2017-06-29T14:38:46.490251674Z: [   24.081813] Installing knfsd (copyright (C) 1996 okir@monad.swb.de).
[STDERR  ] 2017-06-29T14:38:46.490254947Z: [   24.142492] ntfs: driver 2.1.32 [Flags: R/O MODULE].
[STDERR  ] 2017-06-29T14:38:46.490263913Z: kernel config test succeeded!
[STDERR  ] 2017-06-29T14:38:46.490267151Z: [37minfo: reading kernel config from /proc/config.gz ...[m
[STDERR  ] 2017-06-29T14:38:46.490275933Z: 
[STDERR  ] 2017-06-29T14:38:46.490281918Z: Generally Necessary:
[STDERR  ] 2017-06-29T14:38:46.490284997Z: - [37mcgroup hierarchy[m: [32mproperly mounted[m [/sys/fs/cgroup]
[STDERR  ] 2017-06-29T14:38:46.49029391Z: - [37mCONFIG_NAMESPACES[m: [32menabled[m
[STDERR  ] 2017-06-29T14:38:46.49029981Z: - [37mCONFIG_NET_NS[m: [32menabled[m
[STDERR  ] 2017-06-29T14:38:46.490307481Z: - [37mCONFIG_PID_NS[m: [32menabled[m
[STDERR  ] 2017-06-29T14:38:46.490313421Z: - [37mCONFIG_IPC_NS[m: [32menabled[m
[STDERR  ] 2017-06-29T14:38:46.490319364Z: - [37mCONFIG_UTS_NS[m: [32menabled[m
[STDERR  ] 2017-06-29T14:38:46.490325258Z: - [37mCONFIG_CGROUPS[m: [32menabled[m
[STDERR  ] 2017-06-29T14:38:46.4903312Z: - [37mCONFIG_CGROUP_CPUACCT[m: [32menabled[m
[STDERR  ] 2017-06-29T14:38:46.490338785Z: - [37mCONFIG_CGROUP_DEVICE[m: [32menabled[m
[STDERR  ] 2017-06-29T14:38:46.490344688Z: - [37mCONFIG_CGROUP_FREEZER[m: [32menabled[m
[STDERR  ] 2017-06-29T14:38:46.490350674Z: - [37mCONFIG_CGROUP_SCHED[m: [32menabled[m
[STDERR  ] 2017-06-29T14:38:46.490356557Z: - [37mCONFIG_CPUSETS[m: [32menabled[m
[STDERR  ] 2017-06-29T14:38:46.49036245Z: - [37mCONFIG_MEMCG[m: [32menabled[m
[STDERR  ] 2017-06-29T14:38:46.490379277Z: - [37mCONFIG_KEYS[m: [32menabled[m
[STDERR  ] 2017-06-29T14:38:46.490389117Z: - [37mCONFIG_VETH[m: [32menabled[m
[STDERR  ] 2017-06-29T14:38:46.490398571Z: - [37mCONFIG_BRIDGE[m: [32menabled[m
[STDERR  ] 2017-06-29T14:38:46.490403753Z: - [37mCONFIG_BRIDGE_NETFILTER[m: [32menabled[m
[STDERR  ] 2017-06-29T14:38:46.490413393Z: - [37mCONFIG_NF_NAT_IPV4[m: [32menabled[m
[STDERR  ] 2017-06-29T14:38:46.49042559Z: - [37mCONFIG_IP_NF_FILTER[m: [32menabled[m
[STDERR  ] 2017-06-29T14:38:46.49042881Z: - [37mCONFIG_IP_NF_TARGET_MASQUERADE[m: [32menabled[m
[STDERR  ] 2017-06-29T14:38:46.490437602Z: - [37mCONFIG_NETFILTER_XT_MATCH_ADDRTYPE[m: [32menabled[m
[STDERR  ] 2017-06-29T14:38:46.490440669Z: - [37mCONFIG_NETFILTER_XT_MATCH_CONNTRACK[m: [32menabled[m
[STDERR  ] 2017-06-29T14:38:46.490449692Z: - [37mCONFIG_NETFILTER_XT_MATCH_IPVS[m: [32menabled[m
[STDERR  ] 2017-06-29T14:38:46.490455714Z: - [37mCONFIG_IP_NF_NAT[m: [32menabled[m
[STDERR  ] 2017-06-29T14:38:46.490461647Z: - [37mCONFIG_NF_NAT[m: [32menabled[m
[STDERR  ] 2017-06-29T14:38:46.490467596Z: - [37mCONFIG_NF_NAT_NEEDED[m: [32menabled[m
[STDERR  ] 2017-06-29T14:38:46.490473044Z: - [37mCONFIG_POSIX_MQUEUE[m: [32menabled[m
[STDERR  ] 2017-06-29T14:38:46.490482024Z: - [37mCONFIG_DEVPTS_MULTIPLE_INSTANCES[m: [32menabled[m
[STDERR  ] 2017-06-29T14:38:46.49048791Z: 
[STDERR  ] 2017-06-29T14:38:46.490496264Z: Optional Features:
[STDERR  ] 2017-06-29T14:38:46.490502227Z: - [37mCONFIG_USER_NS[m: [32menabled[m
[STDERR  ] 2017-06-29T14:38:46.490505209Z: - [37mCONFIG_SECCOMP[m: [32menabled[m
[STDERR  ] 2017-06-29T14:38:46.490514014Z: - [37mCONFIG_CGROUP_PIDS[m: [32menabled[m
[STDERR  ] 2017-06-29T14:38:46.490517137Z: - [37mCONFIG_MEMCG_SWAP[m: [32menabled[m
[STDERR  ] 2017-06-29T14:38:46.490526979Z: - [37mCONFIG_MEMCG_SWAP_ENABLED[m: [32menabled[m
[STDERR  ] 2017-06-29T14:38:46.49053607Z:     [1;30m(cgroup swap accounting is currently enabled)[m
[STDERR  ] 2017-06-29T14:38:46.490547269Z: - [1mCONFIG_LEGACY_VSYSCALL_NONE[m: [1;31menabled[m
[STDERR  ] 2017-06-29T14:38:46.490553376Z:     [1;30m(containers using eglibc <= 2.13 will not work. Switch to[m
[STDERR  ] 2017-06-29T14:38:46.490559442Z:     [1;30m "CONFIG_VSYSCALL_[NATIVE|EMULATE]" or use "vsyscall=[native|emulate]"[m
[STDERR  ] 2017-06-29T14:38:46.490565442Z:     [1;30m on kernel command line. Note that this will disable ASLR for the,[m
[STDERR  ] 2017-06-29T14:38:46.490576656Z:     [1;30m VDSO which may assist in exploiting security vulnerabilities.)[m
[STDERR  ] 2017-06-29T14:38:46.490583002Z: - [37mCONFIG_MEMCG_KMEM[m: [32menabled[m
[STDERR  ] 2017-06-29T14:38:46.490590687Z: - [37mCONFIG_BLK_CGROUP[m: [32menabled[m
[STDERR  ] 2017-06-29T14:38:46.490596696Z: - [37mCONFIG_BLK_DEV_THROTTLING[m: [32menabled[m
[STDERR  ] 2017-06-29T14:38:46.490602669Z: - [37mCONFIG_IOSCHED_CFQ[m: [32menabled[m
[STDERR  ] 2017-06-29T14:38:46.490608597Z: - [37mCONFIG_CFQ_GROUP_IOSCHED[m: [32menabled[m
[STDERR  ] 2017-06-29T14:38:46.490611683Z: - [37mCONFIG_CGROUP_PERF[m: [32menabled[m
[STDERR  ] 2017-06-29T14:38:46.490620562Z: - [37mCONFIG_CGROUP_HUGETLB[m: [32menabled[m
[STDERR  ] 2017-06-29T14:38:46.490623603Z: - [37mCONFIG_NET_CLS_CGROUP[m: [32menabled[m
[STDERR  ] 2017-06-29T14:38:46.490632527Z: - [37mCONFIG_CGROUP_NET_PRIO[m: [32menabled[m
