[INFO    ] 2018-01-19T12:17:53.306675325Z: Running Test linuxkit.packages.extend.ext4 in /tmp/build/test/cases/040_packages/005_extend/000_ext4
[INFO    ] 2018-01-19T12:17:53.306830373Z: Running command: [/bin/sh -x /tmp/build/test/cases/040_packages/005_extend/000_ext4/test.sh]
[STDERR  ] 2018-01-19T12:17:53.31842749Z: + set -ex
[STDERR  ] 2018-01-19T12:17:53.318501729Z: + . /tmp/build/test/cases/_lib/lib.sh
[STDERR  ] 2018-01-19T12:17:53.318514922Z: + [ -f src/github.com/linuxkit/rtf/lib/lib.sh ]
[STDERR  ] 2018-01-19T12:17:53.318525269Z: + LINUXKIT_TMPDIR=/tmp/build/test/cases/_tmp
[STDERR  ] 2018-01-19T12:17:53.318536056Z: + [ -f /tmp/build/test/cases/_tmp/env.sh ]
[STDERR  ] 2018-01-19T12:17:53.318546922Z: + . /tmp/build/test/cases/_tmp/env.sh
[STDERR  ] 2018-01-19T12:17:53.318558503Z: + export LINUXKIT_EXAMPLES_DIR=/tmp/build/test/cases/../../examples
[STDERR  ] 2018-01-19T12:17:53.318569114Z: + export LINUXKIT_BLUEPRINTS_DIR=/tmp/build/test/cases/../../blueprints
[STDERR  ] 2018-01-19T12:17:53.318579667Z: + RT_CANCEL=253
[STDERR  ] 2018-01-19T12:17:53.318589864Z: + NAME_CREATE=create-ext4
[STDERR  ] 2018-01-19T12:17:53.318599723Z: + NAME_EXTEND=extend-ext4
[STDERR  ] 2018-01-19T12:17:53.318610662Z: + DISK=disk.img
[STDERR  ] 2018-01-19T12:17:53.318629713Z: + trap clean_up EXIT
[STDERR  ] 2018-01-19T12:17:53.318642465Z: + linuxkit build -name create-ext4 -format kernel+initrd test-create.yml
[STDERR  ] 2018-01-19T12:17:53.362666729Z: Extract kernel image: linuxkit/kernel:4.9.77
[STDERR  ] 2018-01-19T12:17:54.496153901Z: time="2018-01-19T12:17:54Z" level=warning msg="certificate with CN Justin Cormack is near expiry"
[STDERR  ] 2018-01-19T12:17:54.496205586Z: time="2018-01-19T12:17:54Z" level=warning msg="certificate with CN  is near expiry"
[STDERR  ] 2018-01-19T12:17:54.496234237Z: time="2018-01-19T12:17:54Z" level=warning msg="certificate with CN  is near expiry"
[STDERR  ] 2018-01-19T12:17:54.535974049Z: time="2018-01-19T12:17:54Z" level=warning msg="certificate with CN Justin Cormack is near expiry"
[STDERR  ] 2018-01-19T12:17:54.910296606Z: Add init containers:
[STDERR  ] 2018-01-19T12:17:54.910336819Z: Process init image: linuxkit/init:be8756f0a6005279d2409a8790b4dd8b2ac11df9
[STDERR  ] 2018-01-19T12:17:55.934294031Z: time="2018-01-19T12:17:55Z" level=warning msg="certificate with CN Justin Cormack is near expiry"
[STDERR  ] 2018-01-19T12:17:55.934450314Z: time="2018-01-19T12:17:55Z" level=warning msg="certificate with CN  is near expiry"
[STDERR  ] 2018-01-19T12:17:55.934510802Z: time="2018-01-19T12:17:55Z" level=warning msg="certificate with CN  is near expiry"
[STDERR  ] 2018-01-19T12:17:55.938879006Z: time="2018-01-19T12:17:55Z" level=warning msg="certificate with CN Justin Cormack is near expiry"
[STDERR  ] 2018-01-19T12:17:55.940407612Z: time="2018-01-19T12:17:55Z" level=warning msg="certificate with CN  is near expiry"
[STDERR  ] 2018-01-19T12:17:56.098495636Z: Process init image: linuxkit/runc:7b15b00b4e3507d62e3ed8d44dfe650561cd35ff
[STDERR  ] 2018-01-19T12:17:57.145754981Z: time="2018-01-19T12:17:57Z" level=warning msg="certificate with CN Justin Cormack is near expiry"
[STDERR  ] 2018-01-19T12:17:57.146017581Z: time="2018-01-19T12:17:57Z" level=warning msg="certificate with CN  is near expiry"
[STDERR  ] 2018-01-19T12:17:57.146155117Z: time="2018-01-19T12:17:57Z" level=warning msg="certificate with CN  is near expiry"
[STDERR  ] 2018-01-19T12:17:57.149601826Z: time="2018-01-19T12:17:57Z" level=warning msg="certificate with CN Justin Cormack is near expiry"
[STDERR  ] 2018-01-19T12:17:57.150874702Z: time="2018-01-19T12:17:57Z" level=warning msg="certificate with CN  is near expiry"
[STDERR  ] 2018-01-19T12:17:57.283925162Z: Add onboot containers:
[STDERR  ] 2018-01-19T12:17:57.283962105Z:   Create OCI config for linuxkit/format:5a1140cb65e733f26de727fa684fef1326e9d5ab
[STDERR  ] 2018-01-19T12:17:58.343921719Z: time="2018-01-19T12:17:58Z" level=warning msg="certificate with CN Justin Cormack is near expiry"
[STDERR  ] 2018-01-19T12:17:58.344042642Z: time="2018-01-19T12:17:58Z" level=warning msg="certificate with CN Rolf Neugebauer is near expiry"
[STDERR  ] 2018-01-19T12:17:58.344091786Z: time="2018-01-19T12:17:58Z" level=warning msg="certificate with CN  is near expiry"
[STDERR  ] 2018-01-19T12:17:58.344159886Z: time="2018-01-19T12:17:58Z" level=warning msg="certificate with CN  is near expiry"
[STDERR  ] 2018-01-19T12:17:58.345647312Z: time="2018-01-19T12:17:58Z" level=warning msg="certificate with CN Justin Cormack is near expiry"
[STDERR  ] 2018-01-19T12:17:58.346698795Z: time="2018-01-19T12:17:58Z" level=warning msg="certificate with CN Rolf Neugebauer is near expiry"
[STDERR  ] 2018-01-19T12:17:58.347605267Z: time="2018-01-19T12:17:58Z" level=warning msg="certificate with CN  is near expiry"
[STDERR  ] 2018-01-19T12:17:58.756253342Z:   Create OCI config for linuxkit/mount:3c37d46558c794e8535daa805e7037cb8e82c141
[STDERR  ] 2018-01-19T12:17:59.789465621Z: time="2018-01-19T12:17:59Z" level=warning msg="certificate with CN Justin Cormack is near expiry"
[STDERR  ] 2018-01-19T12:17:59.789600907Z: time="2018-01-19T12:17:59Z" level=warning msg="certificate with CN Rolf Neugebauer is near expiry"
[STDERR  ] 2018-01-19T12:17:59.789652712Z: time="2018-01-19T12:17:59Z" level=warning msg="certificate with CN  is near expiry"
[STDERR  ] 2018-01-19T12:17:59.789717389Z: time="2018-01-19T12:17:59Z" level=warning msg="certificate with CN  is near expiry"
[STDERR  ] 2018-01-19T12:17:59.792783323Z: time="2018-01-19T12:17:59Z" level=warning msg="certificate with CN Justin Cormack is near expiry"
[STDERR  ] 2018-01-19T12:17:59.794373509Z: time="2018-01-19T12:17:59Z" level=warning msg="certificate with CN Rolf Neugebauer is near expiry"
[STDERR  ] 2018-01-19T12:17:59.795132916Z: time="2018-01-19T12:17:59Z" level=warning msg="certificate with CN  is near expiry"
[STDERR  ] 2018-01-19T12:18:00.174116064Z:   Create OCI config for alpine:3.7
[STDERR  ] 2018-01-19T12:18:01.359395345Z:   Create OCI config for linuxkit/poweroff:bccfe1cb04fc7bb9f03613d2314f38abd2620f29
[STDERR  ] 2018-01-19T12:18:02.403706419Z: time="2018-01-19T12:18:02Z" level=warning msg="certificate with CN Rolf Neugebauer is near expiry"
[STDERR  ] 2018-01-19T12:18:02.403768667Z: time="2018-01-19T12:18:02Z" level=warning msg="certificate with CN  is near expiry"
[STDERR  ] 2018-01-19T12:18:02.403846414Z: time="2018-01-19T12:18:02Z" level=warning msg="certificate with CN  is near expiry"
[STDERR  ] 2018-01-19T12:18:02.404053613Z: time="2018-01-19T12:18:02Z" level=warning msg="certificate with CN Justin Cormack is near expiry"
[STDERR  ] 2018-01-19T12:18:02.40559338Z: time="2018-01-19T12:18:02Z" level=warning msg="certificate with CN Rolf Neugebauer is near expiry"
[STDERR  ] 2018-01-19T12:18:02.406231608Z: time="2018-01-19T12:18:02Z" level=warning msg="certificate with CN  is near expiry"
[STDERR  ] 2018-01-19T12:18:02.575592316Z: Create outputs:
[STDERR  ] 2018-01-19T12:18:07.963735179Z:   create-ext4-kernel create-ext4-initrd.img create-ext4-cmdline
[STDERR  ] 2018-01-19T12:18:08.018310827Z: + linuxkit run -disk file=disk.img,format=raw,size=256M create-ext4
[STDERR  ] 2018-01-19T12:18:08.040840514Z: Unable to find qemu-system-x86_64 within the $PATH. Using a container
[STDOUT  ] 2018-01-19T12:18:10.349509748Z: [    0.000000] Linux version 4.9.77-linuxkit (root@8aa31b9489e8) (gcc version 6.4.0 (Alpine 6.4.0) ) #1 SMP Wed Jan 17 14:57:17 UTC 2018
[STDOUT  ] 2018-01-19T12:18:10.355193733Z: [    0.000000] Command line: console=ttyS0 console=ttyAMA0
[STDOUT  ] 2018-01-19T12:18:10.359859056Z: [    0.000000] x86/fpu: Legacy x87 FPU detected.
[STDOUT  ] 2018-01-19T12:18:10.365575645Z: [    0.000000] x86/fpu: Using 'eager' FPU context switches.
[STDOUT  ] 2018-01-19T12:18:10.370517548Z: [    0.000000] e820: BIOS-provided physical RAM map:
[STDOUT  ] 2018-01-19T12:18:10.377611411Z: [    0.000000] BIOS-e820: [mem 0x0000000000000000-0x000000000009fbff] usable
[STDOUT  ] 2018-01-19T12:18:10.384909233Z: [    0.000000] BIOS-e820: [mem 0x000000000009fc00-0x000000000009ffff] reserved
[STDOUT  ] 2018-01-19T12:18:10.392139558Z: [    0.000000] BIOS-e820: [mem 0x00000000000f0000-0x00000000000fffff] reserved
[STDOUT  ] 2018-01-19T12:18:10.399150561Z: [    0.000000] BIOS-e820: [mem 0x0000000000100000-0x000000003ffdefff] usable
[STDOUT  ] 2018-01-19T12:18:10.407146119Z: [    0.000000] BIOS-e820: [mem 0x000000003ffdf000-0x000000003fffffff] reserved
[STDOUT  ] 2018-01-19T12:18:10.414658204Z: [    0.000000] BIOS-e820: [mem 0x00000000b0000000-0x00000000bfffffff] reserved
[STDOUT  ] 2018-01-19T12:18:10.421926221Z: [    0.000000] BIOS-e820: [mem 0x00000000fed1c000-0x00000000fed1ffff] reserved
[STDOUT  ] 2018-01-19T12:18:10.429205754Z: [    0.000000] BIOS-e820: [mem 0x00000000feffc000-0x00000000feffffff] reserved
[STDOUT  ] 2018-01-19T12:18:10.436519788Z: [    0.000000] BIOS-e820: [mem 0x00000000fffc0000-0x00000000ffffffff] reserved
[STDOUT  ] 2018-01-19T12:18:10.441875215Z: [    0.000000] NX (Execute Disable) protection: active
[STDOUT  ] 2018-01-19T12:18:10.445314428Z: [    0.000000] SMBIOS 2.8 present.
[STDOUT  ] 2018-01-19T12:18:10.449203346Z: [    0.000000] Hypervisor detected: KVM
[STDOUT  ] 2018-01-19T12:18:10.455375717Z: [    0.000000] e820: last_pfn = 0x3ffdf max_arch_pfn = 0x400000000
[STDOUT  ] 2018-01-19T12:18:10.459971821Z: [    0.000000] x86/PAT: PAT not supported by CPU.
[STDOUT  ] 2018-01-19T12:18:10.46705763Z: [    0.000000] x86/PAT: Configuration [0-7]: WB  WT  UC- UC  WB  WT  UC- UC  
[STDOUT  ] 2018-01-19T12:18:10.475550884Z: [    0.000000] found SMP MP-table at [mem 0x000f6aa0-0x000f6aaf] mapped at [ffff91fd400f6aa0]
[STDOUT  ] 2018-01-19T12:18:10.4802299Z: [    0.000000] RAMDISK: [mem 0x3e004000-0x3ffcffff]
[STDOUT  ] 2018-01-19T12:18:10.486100788Z: [    0.000000] ACPI: Early table checksum verification disabled
[STDOUT  ] 2018-01-19T12:18:10.492101924Z: [    0.000000] ACPI: RSDP 0x00000000000F68B0 000014 (v00 BOCHS )
[STDOUT  ] 2018-01-19T12:18:10.500924512Z: [    0.000000] ACPI: RSDT 0x000000003FFE20A8 000034 (v01 BOCHS  BXPCRSDT 00000001 BXPC 00000001)
[STDOUT  ] 2018-01-19T12:18:10.50976618Z: [    0.000000] ACPI: FACP 0x000000003FFE1EC8 0000F4 (v03 BOCHS  BXPCFACP 00000001 BXPC 00000001)
[STDOUT  ] 2018-01-19T12:18:10.518886214Z: [    0.000000] ACPI: DSDT 0x000000003FFE0040 001E88 (v01 BOCHS  BXPCDSDT 00000001 BXPC 00000001)
[STDOUT  ] 2018-01-19T12:18:10.52395845Z: [    0.000000] ACPI: FACS 0x000000003FFE0000 000040
[STDOUT  ] 2018-01-19T12:18:10.532891425Z: [    0.000000] ACPI: APIC 0x000000003FFE1FBC 000078 (v01 BOCHS  BXPCAPIC 00000001 BXPC 00000001)
[STDOUT  ] 2018-01-19T12:18:10.542496089Z: [    0.000000] ACPI: HPET 0x000000003FFE2034 000038 (v01 BOCHS  BXPCHPET 00000001 BXPC 00000001)
[STDOUT  ] 2018-01-19T12:18:10.551231198Z: [    0.000000] ACPI: MCFG 0x000000003FFE206C 00003C (v01 BOCHS  BXPCMCFG 00000001 BXPC 00000001)
[STDOUT  ] 2018-01-19T12:18:10.556720351Z: [    0.000000] kvm-clock: Using msrs 4b564d01 and 4b564d00
[STDOUT  ] 2018-01-19T12:18:10.562777819Z: [    0.000000] kvm-clock: cpu 0, msr 0:3ffdd001, primary cpu clock
[STDOUT  ] 2018-01-19T12:18:10.573635414Z: [    0.000000] clocksource: kvm-clock: mask: 0xffffffffffffffff max_cycles: 0x1cd42e4dffb, max_idle_ns: 881590591483 ns
[STDOUT  ] 2018-01-19T12:18:10.576403019Z: [    0.000000] Zone ranges:
[STDOUT  ] 2018-01-19T12:18:10.582782571Z: [    0.000000]   DMA      [mem 0x0000000000001000-0x0000000000ffffff]
[STDOUT  ] 2018-01-19T12:18:10.589147003Z: [    0.000000]   DMA32    [mem 0x0000000001000000-0x000000003ffdefff]
[STDOUT  ] 2018-01-19T12:18:10.592186638Z: [    0.000000]   Normal   empty
[STDOUT  ] 2018-01-19T12:18:10.596537293Z: [    0.000000] Movable zone start for each node
[STDOUT  ] 2018-01-19T12:18:10.600254794Z: [    0.000000] Early memory node ranges
[STDOUT  ] 2018-01-19T12:18:10.606746423Z: [    0.000000]   node   0: [mem 0x0000000000001000-0x000000000009efff]
[STDOUT  ] 2018-01-19T12:18:10.61309276Z: [    0.000000]   node   0: [mem 0x0000000000100000-0x000000003ffdefff]
[STDOUT  ] 2018-01-19T12:18:10.620396436Z: [    0.000000] Initmem setup node 0 [mem 0x0000000000001000-0x000000003ffdefff]
[STDOUT  ] 2018-01-19T12:18:10.624420439Z: [    0.000000] ACPI: PM-Timer IO Port: 0x608
[STDOUT  ] 2018-01-19T12:18:10.630416838Z: [    0.000000] ACPI: LAPIC_NMI (acpi_id[0xff] dfl dfl lint[0x1])
[STDOUT  ] 2018-01-19T12:18:10.637561914Z: [    0.000000] IOAPIC[0]: apic_id 0, version 17, address 0xfec00000, GSI 0-23
[STDOUT  ] 2018-01-19T12:18:10.644279429Z: [    0.000000] ACPI: INT_SRC_OVR (bus 0 bus_irq 0 global_irq 2 dfl dfl)
[STDOUT  ] 2018-01-19T12:18:10.651378302Z: [    0.000000] ACPI: INT_SRC_OVR (bus 0 bus_irq 5 global_irq 5 high level)
[STDOUT  ] 2018-01-19T12:18:10.658466295Z: [    0.000000] ACPI: INT_SRC_OVR (bus 0 bus_irq 9 global_irq 9 high level)
[STDOUT  ] 2018-01-19T12:18:10.665563668Z: [    0.000000] ACPI: INT_SRC_OVR (bus 0 bus_irq 10 global_irq 10 high level)
[STDOUT  ] 2018-01-19T12:18:10.672569101Z: [    0.000000] ACPI: INT_SRC_OVR (bus 0 bus_irq 11 global_irq 11 high level)
[STDOUT  ] 2018-01-19T12:18:10.67874572Z: [    0.000000] Using ACPI (MADT) for SMP configuration information
[STDOUT  ] 2018-01-19T12:18:10.684146336Z: [    0.000000] ACPI: HPET id: 0x8086a201 base: 0xfed00000
[STDOUT  ] 2018-01-19T12:18:10.689195462Z: [    0.000000] smpboot: Allowing 1 CPUs, 0 hotplug CPUs
[STDOUT  ] 2018-01-19T12:18:10.696195183Z: [    0.000000] e820: [mem 0x40000000-0xafffffff] available for PCI devices
[STDOUT  ] 2018-01-19T12:18:10.701002154Z: [    0.000000] Booting paravirtualized kernel on KVM
[STDOUT  ] 2018-01-19T12:18:10.711780786Z: [    0.000000] clocksource: refined-jiffies: mask: 0xffffffff max_cycles: 0xffffffff, max_idle_ns: 19112604462750000 ns
[STDOUT  ] 2018-01-19T12:18:10.719675316Z: [    0.000000] setup_percpu: NR_CPUS:128 nr_cpumask_bits:128 nr_cpu_ids:1 nr_node_ids:1
[STDOUT  ] 2018-01-19T12:18:10.728159484Z: [    0.000000] percpu: Embedded 36 pages/cpu @ffff91fd7de00000 s106904 r8192 d32360 u2097152
[STDOUT  ] 2018-01-19T12:18:10.732197934Z: [    0.000000] KVM setup async PF for cpu 0
[STDOUT  ] 2018-01-19T12:18:10.736973305Z: [    0.000000] kvm-stealtime: cpu 0, msr 3de0fd80
[STDOUT  ] 2018-01-19T12:18:10.745111345Z: [    0.000000] Built 1 zonelists in Zone order, mobility grouping on.  Total pages: 257896
[STDOUT  ] 2018-01-19T12:18:10.751197673Z: [    0.000000] Kernel command line: console=ttyS0 console=ttyAMA0
[STDOUT  ] 2018-01-19T12:18:10.757493301Z: [    0.000000] PID hash table entries: 4096 (order: 3, 32768 bytes)
[STDOUT  ] 2018-01-19T12:18:10.765066157Z: [    0.000000] Dentry cache hash table entries: 131072 (order: 8, 1048576 bytes)
[STDOUT  ] 2018-01-19T12:18:10.772420001Z: [    0.000000] Inode-cache hash table entries: 65536 (order: 7, 524288 bytes)
[STDOUT  ] 2018-01-19T12:18:10.786144039Z: [    0.000000] Memory: 981564K/1048052K available (8054K kernel code, 1391K rwdata, 2700K rodata, 1396K init, 564K bss, 66488K reserved, 0K cma-reserved)
[STDOUT  ] 2018-01-19T12:18:10.791377472Z: [    0.000000] Kernel/User page tables isolation: enabled
[STDOUT  ] 2018-01-19T12:18:10.795893209Z: [    0.000000] Hierarchical RCU implementation.
[STDOUT  ] 2018-01-19T12:18:10.801327709Z: [    0.000000] 	Build-time adjustment of leaf fanout to 64.
[STDOUT  ] 2018-01-19T12:18:10.807825433Z: [    0.000000] 	RCU restricting CPUs from NR_CPUS=128 to nr_cpu_ids=1.
[STDOUT  ] 2018-01-19T12:18:10.814817802Z: [    0.000000] RCU: Adjusting geometry for rcu_fanout_leaf=64, nr_cpu_ids=1
[STDOUT  ] 2018-01-19T12:18:10.818786642Z: [    0.000000] NR_IRQS:8448 nr_irqs:256 16
[STDOUT  ] 2018-01-19T12:18:10.822806458Z: [    0.000000] Console: colour VGA+ 80x25
[STDOUT  ] 2018-01-19T12:18:10.826425489Z: [    0.000000] console [ttyS0] enabled
[STDOUT  ] 2018-01-19T12:18:10.838405046Z: [    0.000000] clocksource: hpet: mask: 0xffffffff max_cycles: 0xffffffff, max_idle_ns: 19112604467 ns
[STDOUT  ] 2018-01-19T12:18:10.843721292Z: [    0.000000] tsc: Detected 2300.002 MHz processor
[STDOUT  ] 2018-01-19T12:18:10.853267779Z: [    0.020000] Calibrating delay loop (skipped) preset value.. 4600.00 BogoMIPS (lpj=23000020)
[STDOUT  ] 2018-01-19T12:18:10.857633304Z: [    0.023105] pid_max: default: 32768 minimum: 301
[STDOUT  ] 2018-01-19T12:18:10.861961881Z: [    0.027886] ACPI: Core revision 20160831
[STDOUT  ] 2018-01-19T12:18:10.870622292Z: [    0.030713] ACPI: 1 ACPI AML tables successfully acquired and loaded
[STDOUT  ] 2018-01-19T12:18:10.87462844Z: [    0.040086] Security Framework initialized
[STDOUT  ] 2018-01-19T12:18:10.878315698Z: [    0.044682] Yama: becoming mindful.
[STDOUT  ] 2018-01-19T12:18:10.88627693Z: [    0.048432] Mount-cache hash table entries: 2048 (order: 2, 16384 bytes)
[STDOUT  ] 2018-01-19T12:18:10.894361242Z: [    0.050040] Mountpoint-cache hash table entries: 2048 (order: 2, 16384 bytes)
[STDOUT  ] 2018-01-19T12:18:10.900010198Z: [    0.060950] CPU: Physical Processor ID: 0
[STDOUT  ] 2018-01-19T12:18:10.906322705Z: [    0.070249] Last level iTLB entries: 4KB 0, 2MB 0, 4MB 0
[STDOUT  ] 2018-01-19T12:18:10.913447617Z: [    0.076242] Last level dTLB entries: 4KB 0, 2MB 0, 4MB 0, 1GB 0
[STDOUT  ] 2018-01-19T12:18:10.92172716Z: [    0.080037] Spectre V2 mitigation: Vulnerable: Minimal generic ASM retpoline
[STDOUT  ] 2018-01-19T12:18:11.041516769Z: [    0.207193] Freeing SMP alternatives memory: 20K
[STDOUT  ] 2018-01-19T12:18:11.079268712Z: [    0.244196] ftrace: allocating 35560 entries in 139 pages
[STDOUT  ] 2018-01-19T12:18:11.667859764Z: [    0.260134] smpboot: Max logical packages: 1
[STDOUT  ] 2018-01-19T12:18:11.674035519Z: [    0.271968] x2apic enabled
[STDOUT  ] 2018-01-19T12:18:11.682562342Z: [    0.277957] Switched APIC routing to physical x2apic.
[STDOUT  ] 2018-01-19T12:18:11.700133888Z: [    0.294234] ..TIMER: vector=0x30 apic1=0 pin1=2 apic2=-1 pin2=-1
[STDOUT  ] 2018-01-19T12:18:11.830343751Z: [    0.300000] smpboot: CPU0: Intel QEMU Virtual CPU version 2.5+ (family: 0x6, model: 0x6, stepping: 0x3)
[STDOUT  ] 2018-01-19T12:18:11.847585738Z: [    0.300010] Performance Events: PMU not available due to virtualization, using software events only.
[STDOUT  ] 2018-01-19T12:18:11.852518542Z: [    0.317344] x86: Booted up 1 node, 1 CPUs
[STDOUT  ] 2018-01-19T12:18:11.859703628Z: [    0.320009] smpboot: Total of 1 processors activated (4600.00 BogoMIPS)
[STDOUT  ] 2018-01-19T12:18:11.865392514Z: [    0.332055] devtmpfs: initialized
[STDOUT  ] 2018-01-19T12:18:11.87015538Z: [    0.335738] x86/mm: Memory block size: 128MB
[STDOUT  ] 2018-01-19T12:18:11.883725349Z: [    0.343044] clocksource: jiffies: mask: 0xffffffff max_cycles: 0xffffffff, max_idle_ns: 19112604462750000 ns
[STDOUT  ] 2018-01-19T12:18:11.889919071Z: [    0.350028] futex hash table entries: 256 (order: 2, 16384 bytes)
[STDOUT  ] 2018-01-19T12:18:11.894776854Z: [    0.360218] NET: Registered protocol family 16
[STDOUT  ] 2018-01-19T12:18:11.899385824Z: [    0.365114] cpuidle: using governor ladder
[STDOUT  ] 2018-01-19T12:18:11.903536853Z: [    0.370010] cpuidle: using governor menu
[STDOUT  ] 2018-01-19T12:18:11.90804824Z: [    0.374452] ACPI: bus type PCI registered
[STDOUT  ] 2018-01-19T12:18:11.9179285Z: [    0.379120] PCI: MMCONFIG for domain 0000 [bus 00-ff] at [mem 0xb0000000-0xbfffffff] (base 0xb0000000)
[STDOUT  ] 2018-01-19T12:18:11.924912783Z: [    0.380013] PCI: MMCONFIG at [mem 0xb0000000-0xbfffffff] reserved in E820
[STDOUT  ] 2018-01-19T12:18:11.930791671Z: [    0.390029] PCI: Using configuration type 1 for base access
[STDOUT  ] 2018-01-19T12:18:11.939058725Z: [    0.401604] HugeTLB registered 2 MB page size, pre-allocated 0 pages
[STDOUT  ] 2018-01-19T12:18:11.943721877Z: [    0.410136] ACPI: Added _OSI(Module Device)
[STDOUT  ] 2018-01-19T12:18:11.948552145Z: [    0.414434] ACPI: Added _OSI(Processor Device)
[STDOUT  ] 2018-01-19T12:18:11.953974962Z: [    0.419276] ACPI: Added _OSI(3.0 _SCP Extensions)
[STDOUT  ] 2018-01-19T12:18:11.959657173Z: [    0.420011] ACPI: Added _OSI(Processor Aggregator Device)
[STDOUT  ] 2018-01-19T12:18:11.968611047Z: [    0.434971] ACPI: Interpreter enabled
[STDOUT  ] 2018-01-19T12:18:11.972195841Z: [    0.438928] ACPI: (supports S0 S5)
[STDOUT  ] 2018-01-19T12:18:11.977736822Z: [    0.440010] ACPI: Using IOAPIC for interrupt routing
[STDOUT  ] 2018-01-19T12:18:11.987576167Z: [    0.445557] PCI: Using host bridge windows from ACPI; if necessary, use "pci=nocrs" and report a bug
[STDOUT  ] 2018-01-19T12:18:11.997755366Z: [    0.461616] ACPI: PCI Root Bridge [PCI0] (domain 0000 [bus 00-ff])
[STDOUT  ] 2018-01-19T12:18:12.006499917Z: [    0.468542] acpi PNP0A08:00: _OSC: OS supports [ExtendedConfig ASPM ClockPM Segments MSI]
[STDOUT  ] 2018-01-19T12:18:12.014776364Z: [    0.470231] acpi PNP0A08:00: _OSC: OS now controls [PCIeHotplug PME PCIeCapability]
[STDOUT  ] 2018-01-19T12:18:12.019278999Z: [    0.480101] PCI host bridge to bus 0000:00
[STDOUT  ] 2018-01-19T12:18:12.026205653Z: [    0.484457] pci_bus 0000:00: root bus resource [io  0x0000-0x0cf7 window]
[STDOUT  ] 2018-01-19T12:18:12.033611325Z: [    0.490014] pci_bus 0000:00: root bus resource [io  0x0d00-0xffff window]
[STDOUT  ] 2018-01-19T12:18:12.042172964Z: [    0.500016] pci_bus 0000:00: root bus resource [mem 0x000a0000-0x000bffff window]
[STDOUT  ] 2018-01-19T12:18:12.051280803Z: [    0.510017] pci_bus 0000:00: root bus resource [mem 0xc0000000-0xfebfffff window]
[STDOUT  ] 2018-01-19T12:18:12.057352978Z: [    0.520016] pci_bus 0000:00: root bus resource [bus 00-ff]
[STDOUT  ] 2018-01-19T12:18:12.19084524Z: [    0.652893] pci 0000:00:1f.0: quirk: [io  0x0600-0x067f] claimed by ICH6 ACPI/GPIO/TCO
[STDOUT  ] 2018-01-19T12:18:12.252843606Z: [    0.714927] ACPI: PCI Interrupt Link [LNKA] (IRQs 5 *10 11)
[STDOUT  ] 2018-01-19T12:18:12.260029664Z: [    0.722219] ACPI: PCI Interrupt Link [LNKB] (IRQs 5 *10 11)
[STDOUT  ] 2018-01-19T12:18:12.267489299Z: [    0.731041] ACPI: PCI Interrupt Link [LNKC] (IRQs 5 10 *11)
[STDOUT  ] 2018-01-19T12:18:12.274941726Z: [    0.738526] ACPI: PCI Interrupt Link [LNKD] (IRQs 5 10 *11)
[STDOUT  ] 2018-01-19T12:18:12.282284718Z: [    0.742352] ACPI: PCI Interrupt Link [LNKE] (IRQs 5 *10 11)
[STDOUT  ] 2018-01-19T12:18:12.289889041Z: [    0.752342] ACPI: PCI Interrupt Link [LNKF] (IRQs 5 *10 11)
[STDOUT  ] 2018-01-19T12:18:12.297225273Z: [    0.760831] ACPI: PCI Interrupt Link [LNKG] (IRQs 5 10 *11)
[STDOUT  ] 2018-01-19T12:18:12.304648496Z: [    0.768156] ACPI: PCI Interrupt Link [LNKH] (IRQs 5 10 *11)
[STDOUT  ] 2018-01-19T12:18:12.31107827Z: [    0.772076] ACPI: PCI Interrupt Link [GSIA] (IRQs *16)
[STDOUT  ] 2018-01-19T12:18:12.317327625Z: [    0.781153] ACPI: PCI Interrupt Link [GSIB] (IRQs *17)
[STDOUT  ] 2018-01-19T12:18:12.323457197Z: [    0.787410] ACPI: PCI Interrupt Link [GSIC] (IRQs *18)
[STDOUT  ] 2018-01-19T12:18:12.329736556Z: [    0.791173] ACPI: PCI Interrupt Link [GSID] (IRQs *19)
[STDOUT  ] 2018-01-19T12:18:12.335799678Z: [    0.800042] ACPI: PCI Interrupt Link [GSIE] (IRQs *20)
[STDOUT  ] 2018-01-19T12:18:12.34212047Z: [    0.806218] ACPI: PCI Interrupt Link [GSIF] (IRQs *21)
[STDOUT  ] 2018-01-19T12:18:12.348329638Z: [    0.811135] ACPI: PCI Interrupt Link [GSIG] (IRQs *22)
[STDOUT  ] 2018-01-19T12:18:12.354635817Z: [    0.817345] ACPI: PCI Interrupt Link [GSIH] (IRQs *23)
[STDOUT  ] 2018-01-19T12:18:12.360713451Z: [    0.821535] ACPI: Enabled 1 GPEs in block 00 to 3F
[STDOUT  ] 2018-01-19T12:18:12.365465197Z: [    0.830452] SCSI subsystem initialized
[STDOUT  ] 2018-01-19T12:18:12.369983049Z: [    0.834753] ACPI: bus type USB registered
[STDOUT  ] 2018-01-19T12:18:12.375989558Z: [    0.840062] usbcore: registered new interface driver usbfs
[STDOUT  ] 2018-01-19T12:18:12.381859692Z: [    0.846086] usbcore: registered new interface driver hub
[STDOUT  ] 2018-01-19T12:18:12.387761466Z: [    0.850047] usbcore: registered new device driver usb
[STDOUT  ] 2018-01-19T12:18:12.393400779Z: [    0.855932] pps_core: LinuxPPS API ver. 1 registered
[STDOUT  ] 2018-01-19T12:18:12.403415218Z: [    0.860010] pps_core: Software ver. 5.3.6 - Copyright 2005-2007 Rodolfo Giometti <giometti@linux.it>
[STDOUT  ] 2018-01-19T12:18:12.407711382Z: [    0.870029] PTP clock support registered
[STDOUT  ] 2018-01-19T12:18:12.412695242Z: [    0.874691] PCI: Using ACPI for IRQ routing
[STDOUT  ] 2018-01-19T12:18:12.820052357Z: [    1.286843] NetLabel: Initializing
[STDOUT  ] 2018-01-19T12:18:12.824846661Z: [    1.290009] NetLabel:  domain hash size = 128
[STDOUT  ] 2018-01-19T12:18:12.830342731Z: [    1.294767] NetLabel:  protocols = UNLABELED CIPSOv4
[STDOUT  ] 2018-01-19T12:18:12.83953099Z: [    1.300042] NetLabel:  unlabeled traffic allowed by default
[STDOUT  ] 2018-01-19T12:18:12.842869282Z: [    1.310054] wmi: Mapper loaded
[STDOUT  ] 2018-01-19T12:18:12.850285407Z: [    1.313437] HPET: 3 timers in total, 0 timers will be used for per-cpu timer
[STDOUT  ] 2018-01-19T12:18:12.856229304Z: [    1.320151] hpet0: at MMIO 0xfed00000, IRQs 2, 8, 0
[STDOUT  ] 2018-01-19T12:18:12.862242755Z: [    1.325832] hpet0: 3 comparators, 64-bit 100.000000 MHz counter
[STDOUT  ] 2018-01-19T12:18:12.873354255Z: [    1.334837] clocksource: Switched to clocksource kvm-clock
[STDOUT  ] 2018-01-19T12:18:12.89002051Z: [    1.348418] VFS: Disk quotas dquot_6.6.0
[STDOUT  ] 2018-01-19T12:18:12.89808033Z: [    1.353140] VFS: Dquot-cache hash table entries: 512 (order 0, 4096 bytes)
[STDOUT  ] 2018-01-19T12:18:12.901583722Z: [    1.361255] FS-Cache: Loaded
[STDOUT  ] 2018-01-19T12:18:12.905271592Z: [    1.364715] CacheFiles: Loaded
[STDOUT  ] 2018-01-19T12:18:12.908923572Z: [    1.368335] pnp: PnP ACPI init
[STDOUT  ] 2018-01-19T12:18:12.914886019Z: [    1.373132] pnp: PnP ACPI: found 5 devices
[STDOUT  ] 2018-01-19T12:18:12.930580698Z: [    1.384098] clocksource: acpi_pm: mask: 0xffffff max_cycles: 0xffffff, max_idle_ns: 2085701024 ns
[STDOUT  ] 2018-01-19T12:18:12.935303717Z: [    1.393651] NET: Registered protocol family 2
[STDOUT  ] 2018-01-19T12:18:12.942834136Z: [    1.398493] TCP established hash table entries: 8192 (order: 4, 65536 bytes)
[STDOUT  ] 2018-01-19T12:18:12.949576182Z: [    1.405942] TCP bind hash table entries: 8192 (order: 5, 131072 bytes)
[STDOUT  ] 2018-01-19T12:18:12.956285115Z: [    1.412668] TCP: Hash tables configured (established 8192 bind 8192)
[STDOUT  ] 2018-01-19T12:18:12.962324332Z: [    1.419217] UDP hash table entries: 512 (order: 2, 16384 bytes)
[STDOUT  ] 2018-01-19T12:18:12.969500077Z: [    1.425349] UDP-Lite hash table entries: 512 (order: 2, 16384 bytes)
[STDOUT  ] 2018-01-19T12:18:12.972904558Z: [    1.431465] NET: Registered protocol family 1
[STDOUT  ] 2018-01-19T12:18:12.982095358Z: [    1.436181] pci 0000:00:01.0: Video device with shadowed ROM at [mem 0x000c0000-0x000dffff]
[STDOUT  ] 2018-01-19T12:18:12.986259809Z: [    1.445597] Unpacking initramfs...
[STDOUT  ] 2018-01-19T12:18:13.538467708Z: [    1.996987] Freeing initrd memory: 32560K
[STDOUT  ] 2018-01-19T12:18:13.54500565Z: [    2.002290] PCLMULQDQ-NI instructions are not detected.
[STDOUT  ] 2018-01-19T12:18:13.550877359Z: [    2.008005] AVX or AES-NI instructions are not detected.
[STDOUT  ] 2018-01-19T12:18:13.556948817Z: [    2.013921] CPU feature 'AVX registers' is not supported.
[STDOUT  ] 2018-01-19T12:18:13.563269555Z: [    2.019888] CPU feature 'AVX registers' is not supported.
[STDOUT  ] 2018-01-19T12:18:13.569203515Z: [    2.026306] CPU feature 'AVX registers' is not supported.
[STDOUT  ] 2018-01-19T12:18:13.575036213Z: [    2.032207] CPU feature 'AVX registers' is not supported.
[STDOUT  ] 2018-01-19T12:18:13.580909623Z: [    2.037980] AVX2 or AES-NI instructions are not detected.
[STDOUT  ] 2018-01-19T12:18:13.585901863Z: [    2.043973] AVX2 instructions are not detected.
[STDOUT  ] 2018-01-19T12:18:13.592211869Z: [    2.049241] audit: initializing netlink subsys (disabled)
[STDOUT  ] 2018-01-19T12:18:13.59902368Z: [    2.055319] audit: type=2000 audit(1516364292.277:1): initialized
[STDOUT  ] 2018-01-19T12:18:13.60651807Z: [    2.062501] workingset: timestamp_bits=46 max_order=18 bucket_order=0
[STDOUT  ] 2018-01-19T12:18:13.613142824Z: [    2.069803] squashfs: version 4.0 (2009/01/31) Phillip Lougher
[STDOUT  ] 2018-01-19T12:18:13.619214767Z: [    2.076291] FS-Cache: Netfs 'cifs' registered for caching
[STDOUT  ] 2018-01-19T12:18:13.623636633Z: [    2.082292] fuse init (API version 7.26)
[STDOUT  ] 2018-01-19T12:18:13.630587878Z: [    2.086708] SGI XFS with ACLs, security attributes, no debug enabled
[STDOUT  ] 2018-01-19T12:18:13.636879405Z: [    2.093899] 9p: Installing v9fs 9p2000 file system support
[STDOUT  ] 2018-01-19T12:18:13.642564558Z: [    2.099830] FS-Cache: Netfs '9p' registered for caching
[STDOUT  ] 2018-01-19T12:18:13.649130537Z: [    2.106976] NET: Registered protocol family 38
[STDOUT  ] 2018-01-19T12:18:13.653629087Z: [    2.112167] Key type asymmetric registered
[STDOUT  ] 2018-01-19T12:18:13.659040864Z: [    2.116635] Asymmetric key parser 'x509' registered
[STDOUT  ] 2018-01-19T12:18:13.667091242Z: [    2.122114] Block layer SCSI generic (bsg) driver version 0.4 loaded (major 251)
[STDOUT  ] 2018-01-19T12:18:13.671728871Z: [    2.130366] io scheduler noop registered
[STDOUT  ] 2018-01-19T12:18:13.677331118Z: [    2.134678] io scheduler deadline registered (default)
[STDOUT  ] 2018-01-19T12:18:13.681694772Z: [    2.140440] io scheduler cfq registered
[STDOUT  ] 2018-01-19T12:18:13.687855711Z: [    2.144756] pci_hotplug: PCI Hot Plug PCI Core version: 0.5
[STDOUT  ] 2018-01-19T12:18:13.695664329Z: [    2.150960] pciehp: PCI Express Hot Plug Controller Driver version: 0.4
[STDOUT  ] 2018-01-19T12:18:13.703053419Z: [    2.158640] shpchp: Standard Hot Plug PCI Controller Driver version: 0.4
[STDOUT  ] 2018-01-19T12:18:13.708331881Z: [    2.166106] hv_vmbus: registering driver hyperv_fb
[STDOUT  ] 2018-01-19T12:18:13.716618754Z: [    2.171539] input: Power Button as /devices/LNXSYSTM:00/LNXPWRBN:00/input/input0
[STDOUT  ] 2018-01-19T12:18:13.720635052Z: [    2.179536] ACPI: Power Button [PWRF]
[STDOUT  ] 2018-01-19T12:18:13.725140419Z: [    2.184029] GHES: HEST is not enabled!
[STDOUT  ] 2018-01-19T12:18:13.732091148Z: [    2.188596] ACPI: PCI Interrupt Link [GSIG] enabled at IRQ 22
[STDOUT  ] 2018-01-19T12:18:13.745370513Z: [    2.202403] ACPI: PCI Interrupt Link [GSIH] enabled at IRQ 23
[STDOUT  ] 2018-01-19T12:18:13.757659531Z: [    2.214350] xenfs: not registering filesystem on non-xen platform
[STDOUT  ] 2018-01-19T12:18:13.765349671Z: [    2.220858] Serial: 8250/16550 driver, 4 ports, IRQ sharing disabled
[STDOUT  ] 2018-01-19T12:18:13.807420649Z: [    2.262475] 00:04: ttyS0 at I/O 0x3f8 (irq = 4, base_baud = 115200) is a 16550A
[STDOUT  ] 2018-01-19T12:18:13.813162037Z: [    2.271380] Non-volatile memory driver v1.3
[STDOUT  ] 2018-01-19T12:18:13.824697437Z: [    2.277592] Hangcheck: starting hangcheck timer 0.9.1 (tick is 180 seconds, margin is 60 seconds).
[STDOUT  ] 2018-01-19T12:18:13.828990764Z: [    2.288104] random: fast init done
[STDOUT  ] 2018-01-19T12:18:13.83360054Z: [    2.292790] random: crng init done
[STDOUT  ] 2018-01-19T12:18:13.83943134Z: [    2.298310] loop: module loaded
[STDOUT  ] 2018-01-19T12:18:13.845391118Z: [    2.303300] nbd: registered device at major 43
[STDOUT  ] 2018-01-19T12:18:13.854161735Z: [    2.310286] lpc_ich 0000:00:1f.0: I/O space for GPIO uninitialized
[STDOUT  ] 2018-01-19T12:18:13.859868097Z: [    2.317185] VMware PVSCSI driver - version 1.0.7.0-k
[STDOUT  ] 2018-01-19T12:18:13.865494754Z: [    2.322994] hv_vmbus: registering driver hv_storvsc
[STDOUT  ] 2018-01-19T12:18:13.872655549Z: [    2.329039] ACPI: PCI Interrupt Link [GSIA] enabled at IRQ 16
[STDOUT  ] 2018-01-19T12:18:13.884942663Z: [    2.338771] ahci 0000:00:1f.2: AHCI 0001.0000 32 slots 6 ports 1.5 Gbps 0x3f impl SATA mode
[STDOUT  ] 2018-01-19T12:18:13.890661145Z: [    2.348038] ahci 0000:00:1f.2: flags: 64bit ncq only 
[STDOUT  ] 2018-01-19T12:18:13.897374809Z: [    2.357103] scsi host0: ahci
[STDOUT  ] 2018-01-19T12:18:13.900817634Z: [    2.360590] scsi host1: ahci
[STDOUT  ] 2018-01-19T12:18:13.904352226Z: [    2.363959] scsi host2: ahci
[STDOUT  ] 2018-01-19T12:18:13.907980976Z: [    2.367497] scsi host3: ahci
[STDOUT  ] 2018-01-19T12:18:13.911395521Z: [    2.371203] scsi host4: ahci
[STDOUT  ] 2018-01-19T12:18:13.914862073Z: [    2.374534] scsi host5: ahci
[STDOUT  ] 2018-01-19T12:18:13.92342888Z: [    2.378008] ata1: SATA max UDMA/133 abar m4096@0xfebd2000 port 0xfebd2100 irq 24
[STDOUT  ] 2018-01-19T12:18:13.931138635Z: [    2.386462] ata2: SATA max UDMA/133 abar m4096@0xfebd2000 port 0xfebd2180 irq 24
[STDOUT  ] 2018-01-19T12:18:13.938779434Z: [    2.394157] ata3: SATA max UDMA/133 abar m4096@0xfebd2000 port 0xfebd2200 irq 24
[STDOUT  ] 2018-01-19T12:18:13.946435351Z: [    2.401822] ata4: SATA max UDMA/133 abar m4096@0xfebd2000 port 0xfebd2280 irq 24
[STDOUT  ] 2018-01-19T12:18:13.954070673Z: [    2.409372] ata5: SATA max UDMA/133 abar m4096@0xfebd2000 port 0xfebd2300 irq 24
[STDOUT  ] 2018-01-19T12:18:13.962328039Z: [    2.417099] ata6: SATA max UDMA/133 abar m4096@0xfebd2000 port 0xfebd2380 irq 24
[STDOUT  ] 2018-01-19T12:18:13.970100864Z: [    2.427740] tun: Universal TUN/TAP device driver, 1.6
[STDOUT  ] 2018-01-19T12:18:13.976404071Z: [    2.433063] tun: (C) 1999-2004 Max Krasnyansky <maxk@qualcomm.com>
[STDOUT  ] 2018-01-19T12:18:13.987771295Z: [    2.443570] VMware vmxnet3 virtual NIC driver - version 1.4.a.0-k-NAPI
[STDOUT  ] 2018-01-19T12:18:13.993235394Z: [    2.450900] hv_vmbus: registering driver hv_netvsc
[STDOUT  ] 2018-01-19T12:18:13.997381822Z: [    2.456124] Fusion MPT base driver 3.04.20
[STDOUT  ] 2018-01-19T12:18:14.002610563Z: [    2.460474] Copyright (c) 1999-2008 LSI Corporation
[STDOUT  ] 2018-01-19T12:18:14.007183332Z: [    2.465521] Fusion MPT SPI Host driver 3.04.20
[STDOUT  ] 2018-01-19T12:18:14.015649557Z: [    2.470354] i8042: PNP: PS/2 Controller [PNP0303:KBD,PNP0f13:MOU] at 0x60,0x64 irq 1,12
[STDOUT  ] 2018-01-19T12:18:14.024395384Z: [    2.482068] serio: i8042 KBD port at 0x60,0x64 irq 1
[STDOUT  ] 2018-01-19T12:18:14.029834793Z: [    2.487303] serio: i8042 AUX port at 0x60,0x64 irq 12
[STDOUT  ] 2018-01-19T12:18:14.035736702Z: [    2.493077] hv_vmbus: registering driver hyperv_keyboard
[STDOUT  ] 2018-01-19T12:18:14.041684529Z: [    2.498814] mousedev: PS/2 mouse device common for all mice
[STDOUT  ] 2018-01-19T12:18:14.052357281Z: [    2.506153] input: AT Translated Set 2 keyboard as /devices/platform/i8042/serio0/input/input1
[STDOUT  ] 2018-01-19T12:18:14.059395929Z: [    2.515444] input: PC Speaker as /devices/platform/pcspkr/input/input2
[STDOUT  ] 2018-01-19T12:18:14.064867082Z: [    2.522838] rtc_cmos 00:00: RTC can wake from S4
[STDOUT  ] 2018-01-19T12:18:14.073785361Z: [    2.530210] rtc_cmos 00:00: rtc core: registered rtc_cmos as rtc0
[STDOUT  ] 2018-01-19T12:18:14.08290123Z: [    2.537758] rtc_cmos 00:00: alarms up to one day, y3k, 114 bytes nvram, hpet irqs
[STDOUT  ] 2018-01-19T12:18:14.08674451Z: [    2.546011] i2c /dev entries driver
[STDOUT  ] 2018-01-19T12:18:14.095719227Z: [    2.549807] device-mapper: ioctl: 4.35.0-ioctl (2016-06-23) initialised: dm-devel@redhat.com
[STDOUT  ] 2018-01-19T12:18:14.102995762Z: [    2.559708] usbcore: registered new interface driver usbhid
[STDOUT  ] 2018-01-19T12:18:14.107416559Z: [    2.566081] usbhid: USB HID core driver
[STDOUT  ] 2018-01-19T12:18:14.113254201Z: [    2.570550] hv_utils: Registering HyperV Utility Driver
[STDOUT  ] 2018-01-19T12:18:14.118072773Z: [    2.576149] hv_vmbus: registering driver hv_util
[STDOUT  ] 2018-01-19T12:18:14.123218275Z: [    2.581062] hv_vmbus: registering driver hv_balloon
[STDOUT  ] 2018-01-19T12:18:14.127596267Z: [    2.586118] oprofile: using NMI interrupt.
[STDOUT  ] 2018-01-19T12:18:14.131160193Z: [    2.590633] GACT probability on
[STDOUT  ] 2018-01-19T12:18:14.13481869Z: [    2.593932] Mirror/redirect action on
[STDOUT  ] 2018-01-19T12:18:14.138441119Z: [    2.597764] Simple TC action Loaded
[STDOUT  ] 2018-01-19T12:18:14.141425152Z: [    2.601530] u32 classifier
[STDOUT  ] 2018-01-19T12:18:14.145385831Z: [    2.604376]     Performance counters on
[STDOUT  ] 2018-01-19T12:18:14.14942336Z: [    2.608378]     input device check on
[STDOUT  ] 2018-01-19T12:18:14.15348468Z: [    2.612521]     Actions configured
[STDOUT  ] 2018-01-19T12:18:14.159003709Z: [    2.616502] Netfilter messages via NETLINK v0.30.
[STDOUT  ] 2018-01-19T12:18:14.16459984Z: [    2.622131] nfnl_acct: registering with nfnetlink.
[STDOUT  ] 2018-01-19T12:18:14.171628668Z: [    2.627678] nf_conntrack version 0.5.0 (8192 buckets, 32768 max)
[STDOUT  ] 2018-01-19T12:18:14.177188909Z: [    2.634728] ctnetlink v0.93: registering with nfnetlink.
[STDOUT  ] 2018-01-19T12:18:14.184410114Z: [    2.640659] nf_tables: (c) 2007-2009 Patrick McHardy <kaber@trash.net>
[STDOUT  ] 2018-01-19T12:18:14.192048289Z: [    2.647582] nf_tables_compat: (c) 2012 Pablo Neira Ayuso <pablo@netfilter.org>
[STDOUT  ] 2018-01-19T12:18:14.196923135Z: [    2.655432] xt_time: kernel timezone is -0000
[STDOUT  ] 2018-01-19T12:18:14.200196372Z: [    2.659928] ip_set: protocol 6
[STDOUT  ] 2018-01-19T12:18:14.207097619Z: [    2.663522] IPVS: Registered protocols (TCP, UDP, SCTP, AH, ESP)
[STDOUT  ] 2018-01-19T12:18:14.215972313Z: [    2.670460] IPVS: Connection hash table configured (size=4096, memory=64Kbytes)
[STDOUT  ] 2018-01-19T12:18:14.221336751Z: [    2.679317] IPVS: Creating netns size=2104 id=0
[STDOUT  ] 2018-01-19T12:18:14.225739088Z: [    2.685570] IPVS: ipvs loaded.
[STDOUT  ] 2018-01-19T12:18:14.230367579Z: [    2.688735] IPVS: [rr] scheduler registered.
[STDOUT  ] 2018-01-19T12:18:14.235313207Z: [    2.693581] IPVS: [wrr] scheduler registered.
[STDOUT  ] 2018-01-19T12:18:14.239901886Z: [    2.698223] IPVS: [lc] scheduler registered.
[STDOUT  ] 2018-01-19T12:18:14.244903101Z: [    2.703229] IPVS: [wlc] scheduler registered.
[STDOUT  ] 2018-01-19T12:18:14.249664732Z: [    2.707881] IPVS: [fo] scheduler registered.
[STDOUT  ] 2018-01-19T12:18:14.254562998Z: [    2.713007] IPVS: [ovf] scheduler registered.
[STDOUT  ] 2018-01-19T12:18:14.259385456Z: [    2.717581] IPVS: [lblc] scheduler registered.
[STDOUT  ] 2018-01-19T12:18:14.264327808Z: [    2.722657] IPVS: [lblcr] scheduler registered.
[STDOUT  ] 2018-01-19T12:18:14.269270964Z: [    2.727323] IPVS: [dh] scheduler registered.
[STDOUT  ] 2018-01-19T12:18:14.27399386Z: [    2.732615] IPVS: [sh] scheduler registered.
[STDOUT  ] 2018-01-19T12:18:14.278579364Z: [    2.736996] IPVS: [sed] scheduler registered.
[STDOUT  ] 2018-01-19T12:18:14.283244746Z: [    2.741830] IPVS: [nq] scheduler registered.
[STDOUT  ] 2018-01-19T12:18:14.288542124Z: [    2.746251] IPVS: ftp: loaded support on port[0] = 21
[STDOUT  ] 2018-01-19T12:18:14.29470129Z: [    2.752174] ata4: SATA link down (SStatus 0 SControl 300)
[STDOUT  ] 2018-01-19T12:18:14.301886162Z: [    2.758503] ata3: SATA link up 1.5 Gbps (SStatus 113 SControl 300)
[STDOUT  ] 2018-01-19T12:18:14.308900215Z: [    2.765912] ata2: SATA link down (SStatus 0 SControl 300)
[STDOUT  ] 2018-01-19T12:18:14.316250138Z: [    2.772760] ata1: SATA link up 1.5 Gbps (SStatus 113 SControl 300)
[STDOUT  ] 2018-01-19T12:18:14.322581324Z: [    2.779526] ata1.00: ATA-7: QEMU HARDDISK, 2.5+, max UDMA/100
[STDOUT  ] 2018-01-19T12:18:14.329443603Z: [    2.785659] ata1.00: 524288 sectors, multi 16: LBA48 NCQ (depth 31/32)
[STDOUT  ] 2018-01-19T12:18:14.3337076Z: [    2.792394] ata1.00: applying bridge limits
[STDOUT  ] 2018-01-19T12:18:14.340224916Z: [    2.797538] ata6: SATA link down (SStatus 0 SControl 300)
[STDOUT  ] 2018-01-19T12:18:14.346460678Z: [    2.803946] ata5: SATA link down (SStatus 0 SControl 300)
[STDOUT  ] 2018-01-19T12:18:14.353164455Z: [    2.809778] ipip: IPv4 and MPLS over IPv4 tunneling driver
[STDOUT  ] 2018-01-19T12:18:14.358378774Z: [    2.815541] ata3.00: ATAPI: QEMU DVD-ROM, 2.5+, max UDMA/100
[STDOUT  ] 2018-01-19T12:18:14.362865515Z: [    2.821454] ata3.00: applying bridge limits
[STDOUT  ] 2018-01-19T12:18:14.368349584Z: [    2.826233] gre: GRE over IPv4 demultiplexor driver
[STDOUT  ] 2018-01-19T12:18:14.374217145Z: [    2.831744] ip_tables: (C) 2000-2006 Netfilter Core Team
[STDOUT  ] 2018-01-19T12:18:14.380891681Z: [    2.837361] ipt_CLUSTERIP: ClusterIP Version 0.8 loaded successfully
[STDOUT  ] 2018-01-19T12:18:14.385900551Z: [    2.844308] ata3.00: configured for UDMA/100
[STDOUT  ] 2018-01-19T12:18:14.391633653Z: [    2.849750] ata1.00: configured for UDMA/100
[STDOUT  ] 2018-01-19T12:18:14.398268766Z: [    2.854840] arp_tables: arp_tables: (C) 2002 David S. Miller
[STDOUT  ] 2018-01-19T12:18:14.40655564Z: [    2.861322] scsi 0:0:0:0: Direct-Access     ATA      QEMU HARDDISK    2.5+ PQ: 0 ANSI: 5
[STDOUT  ] 2018-01-19T12:18:14.411545993Z: [    2.869880] NET: Registered protocol family 10
[STDOUT  ] 2018-01-19T12:18:14.41732581Z: [    2.874774] sd 0:0:0:0: Attached scsi generic sg0 type 0
[STDOUT  ] 2018-01-19T12:18:14.424787163Z: [    2.880444] sd 0:0:0:0: [sda] 524288 512-byte logical blocks: (268 MB/256 MiB)
[STDOUT  ] 2018-01-19T12:18:14.430804218Z: [    2.888151] ip6_tables: (C) 2000-2006 Netfilter Core Team
[STDOUT  ] 2018-01-19T12:18:14.436094785Z: [    2.894022] sd 0:0:0:0: [sda] Write Protect is off
[STDOUT  ] 2018-01-19T12:18:14.444881305Z: [    2.899373] scsi 2:0:0:0: CD-ROM            QEMU     QEMU DVD-ROM     2.5+ PQ: 0 ANSI: 5
[STDOUT  ] 2018-01-19T12:18:14.450150109Z: [    2.908578] NET: Registered protocol family 17
[STDOUT  ] 2018-01-19T12:18:14.459547055Z: [    2.913267] sd 0:0:0:0: [sda] Write cache: enabled, read cache: enabled, doesn't support DPO or FUA
[STDOUT  ] 2018-01-19T12:18:14.465266769Z: [    2.923782] Bridge firewalling registered
[STDOUT  ] 2018-01-19T12:18:14.469299726Z: [    2.928222] Ebtables v2.0 registered
[STDOUT  ] 2018-01-19T12:18:14.475563507Z: [    2.933260] sd 0:0:0:0: [sda] Attached SCSI disk
[STDOUT  ] 2018-01-19T12:18:14.480551988Z: [    2.938762] 8021q: 802.1Q VLAN Support v1.8
[STDOUT  ] 2018-01-19T12:18:14.489140599Z: [    2.944398] sr 2:0:0:0: [sr0] scsi3-mmc drive: 4x/4x cd/rw xa/form2 tray
[STDOUT  ] 2018-01-19T12:18:14.495191723Z: [    2.952244] cdrom: Uniform CD-ROM driver Revision: 3.20
[STDOUT  ] 2018-01-19T12:18:14.500097552Z: [    2.958254] 9pnet: Installing 9P2000 support
[STDOUT  ] 2018-01-19T12:18:14.506578863Z: [    2.963719] sr 2:0:0:0: Attached scsi generic sg1 type 5
[STDOUT  ] 2018-01-19T12:18:14.511579776Z: [    2.969669] Key type dns_resolver registered
[STDOUT  ] 2018-01-19T12:18:14.517621762Z: [    2.974871] microcode: sig=0x663, pf=0x1, revision=0x1
[STDOUT  ] 2018-01-19T12:18:14.52668902Z: [    2.980772] microcode: Microcode Update Driver: v2.01 <tigran@aivazian.fsnet.co.uk>, Peter Oruba
[STDOUT  ] 2018-01-19T12:18:14.531179183Z: [    2.989915] registered taskstats version 1
[STDOUT  ] 2018-01-19T12:18:14.540985472Z: [    2.999888] Key type big_key registered
[STDOUT  ] 2018-01-19T12:18:14.550648484Z: [    3.009434] Key type encrypted registered
[STDOUT  ] 2018-01-19T12:18:14.560770469Z: [    3.015443] rtc_cmos 00:00: setting system clock to 2018-01-19 12:18:14 UTC (1516364294)
[STDOUT  ] 2018-01-19T12:18:14.568944956Z: [    3.026800] Freeing unused kernel memory: 1396K
[STDOUT  ] 2018-01-19T12:18:14.575775967Z: [    3.032039] Write protecting the kernel read-only data: 12288k
[STDOUT  ] 2018-01-19T12:18:14.580580261Z: [    3.038966] Freeing unused kernel memory: 124K
[STDOUT  ] 2018-01-19T12:18:14.589567538Z: [    3.047624] Freeing unused kernel memory: 1396K
[STDOUT  ] 2018-01-19T12:18:15.103773522Z: 
[STDOUT  ] 2018-01-19T12:18:15.105469348Z: Welcome to LinuxKit
[STDOUT  ] 2018-01-19T12:18:15.106299113Z: 
[STDOUT  ] 2018-01-19T12:18:15.109125451Z:                         ##         .
[STDOUT  ] 2018-01-19T12:18:15.111973115Z:                   ## ## ##        ==
[STDOUT  ] 2018-01-19T12:18:15.114850479Z:                ## ## ## ## ##    ===
[STDOUT  ] 2018-01-19T12:18:15.118013552Z:            /"""""""""""""""""\___/ ===
[STDOUT  ] 2018-01-19T12:18:15.120909789Z:           {                       /  ===-
[STDOUT  ] 2018-01-19T12:18:15.123661282Z:            \______ O           __/
[STDOUT  ] 2018-01-19T12:18:15.126077263Z:              \    \         __/
[STDOUT  ] 2018-01-19T12:18:15.128622012Z:               \____\_______/
[STDOUT  ] 2018-01-19T12:18:15.129364297Z: 
[STDOUT  ] 2018-01-19T12:18:15.164260299Z: [    3.622213] IPVS: Creating netns size=2104 id=1
[STDOUT  ] 2018-01-19T12:18:15.169739385Z: [    3.627184] IPVS: ftp: loaded support on port[0] = 21
[STDOUT  ] 2018-01-19T12:18:15.238419247Z: 2018/01/19 12:18:14 Creating partition on /dev/sda
[STDOUT  ] 2018-01-19T12:18:15.259089457Z: [    3.719791]  sda:
[STDOUT  ] 2018-01-19T12:18:15.269445901Z: [    3.728912]  sda:
[STDOUT  ] 2018-01-19T12:18:15.288623082Z: [    3.747502]  sda: sda1
[STDOUT  ] 2018-01-19T12:18:15.297675389Z: [    3.756909]  sda: sda1
[STDOUT  ] 2018-01-19T12:18:16.395324845Z: 2018/01/19 12:18:15 Partition /dev/sda1 successfully created!
[STDOUT  ] 2018-01-19T12:18:16.474920849Z: [    4.931314] IPVS: Creating netns size=2104 id=2
[STDOUT  ] 2018-01-19T12:18:16.482264397Z: [    4.938047] IPVS: ftp: loaded support on port[0] = 21
[STDOUT  ] 2018-01-19T12:18:16.531234262Z: [    4.984898] EXT4-fs (sda1): couldn't mount as ext3 due to feature incompatibilities
[STDOUT  ] 2018-01-19T12:18:16.540749538Z: [    4.995285] EXT4-fs (sda1): couldn't mount as ext2 due to feature incompatibilities
[STDOUT  ] 2018-01-19T12:18:16.558217137Z: [    5.009323] EXT4-fs (sda1): mounted filesystem with ordered data mode. Opts: (null)
[STDOUT  ] 2018-01-19T12:18:27.005179374Z: [   15.463249] sd 0:0:0:0: [sda] Synchronizing SCSI cache
[STDOUT  ] 2018-01-19T12:18:27.012387863Z: [   15.471530] sd 0:0:0:0: [sda] Stopping disk
[STDOUT  ] 2018-01-19T12:18:27.018059249Z: [   15.476918] ACPI: Preparing to enter system sleep state S5
[STDOUT  ] 2018-01-19T12:18:27.021043571Z: [   15.481615] reboot: Power down
[STDERR  ] 2018-01-19T12:18:27.376117093Z: + [ -f disk.img ]
[STDERR  ] 2018-01-19T12:18:27.376173341Z: + dd if=/dev/zero bs=1048576 count=256
[STDERR  ] 2018-01-19T12:18:27.612839792Z: 256+0 records in
[STDERR  ] 2018-01-19T12:18:27.612883294Z: 256+0 records out
[STDERR  ] 2018-01-19T12:18:27.612890427Z: 268435456 bytes (268 MB) copied, 0.183167 s, 1.5 GB/s
[STDERR  ] 2018-01-19T12:18:27.613131098Z: + linuxkit build -format kernel+initrd -name extend-ext4 test.yml
[STDERR  ] 2018-01-19T12:18:27.648713389Z: Extract kernel image: linuxkit/kernel:4.9.77
[STDERR  ] 2018-01-19T12:18:28.886392961Z: time="2018-01-19T12:18:28Z" level=warning msg="certificate with CN Justin Cormack is near expiry"
[STDERR  ] 2018-01-19T12:18:28.886443074Z: time="2018-01-19T12:18:28Z" level=warning msg="certificate with CN  is near expiry"
[STDERR  ] 2018-01-19T12:18:28.886482487Z: time="2018-01-19T12:18:28Z" level=warning msg="certificate with CN  is near expiry"
[STDERR  ] 2018-01-19T12:18:28.928919709Z: time="2018-01-19T12:18:28Z" level=warning msg="certificate with CN Justin Cormack is near expiry"
[STDERR  ] 2018-01-19T12:18:29.258523476Z: Add init containers:
[STDERR  ] 2018-01-19T12:18:29.258574541Z: Process init image: linuxkit/init:be8756f0a6005279d2409a8790b4dd8b2ac11df9
[STDERR  ] 2018-01-19T12:18:30.285532798Z: time="2018-01-19T12:18:30Z" level=warning msg="certificate with CN  is near expiry"
[STDERR  ] 2018-01-19T12:18:30.285728059Z: time="2018-01-19T12:18:30Z" level=warning msg="certificate with CN Justin Cormack is near expiry"
[STDERR  ] 2018-01-19T12:18:30.285842448Z: time="2018-01-19T12:18:30Z" level=warning msg="certificate with CN  is near expiry"
[STDERR  ] 2018-01-19T12:18:30.289669114Z: time="2018-01-19T12:18:30Z" level=warning msg="certificate with CN Justin Cormack is near expiry"
[STDERR  ] 2018-01-19T12:18:30.291205116Z: time="2018-01-19T12:18:30Z" level=warning msg="certificate with CN  is near expiry"
[STDERR  ] 2018-01-19T12:18:30.451415624Z: Process init image: linuxkit/runc:7b15b00b4e3507d62e3ed8d44dfe650561cd35ff
[STDERR  ] 2018-01-19T12:18:31.480394608Z: time="2018-01-19T12:18:31Z" level=warning msg="certificate with CN Justin Cormack is near expiry"
[STDERR  ] 2018-01-19T12:18:31.480508579Z: time="2018-01-19T12:18:31Z" level=warning msg="certificate with CN  is near expiry"
[STDERR  ] 2018-01-19T12:18:31.48054743Z: time="2018-01-19T12:18:31Z" level=warning msg="certificate with CN  is near expiry"
[STDERR  ] 2018-01-19T12:18:31.482633408Z: time="2018-01-19T12:18:31Z" level=warning msg="certificate with CN Justin Cormack is near expiry"
[STDERR  ] 2018-01-19T12:18:31.483831095Z: time="2018-01-19T12:18:31Z" level=warning msg="certificate with CN  is near expiry"
[STDERR  ] 2018-01-19T12:18:31.636229986Z: Add onboot containers:
[STDERR  ] 2018-01-19T12:18:31.636267787Z:   Create OCI config for linuxkit/extend:e550c16d8464cabeffdff80f27e6fa8278f06dbb
[STDERR  ] 2018-01-19T12:18:33.359822586Z: time="2018-01-19T12:18:33Z" level=warning msg="certificate with CN  is near expiry"
[STDERR  ] 2018-01-19T12:18:33.359880252Z: time="2018-01-19T12:18:33Z" level=warning msg="certificate with CN Moby CI is near expiry"
[STDERR  ] 2018-01-19T12:18:33.359963222Z: time="2018-01-19T12:18:33Z" level=warning msg="certificate with CN  is near expiry"
[STDERR  ] 2018-01-19T12:18:33.360049297Z: time="2018-01-19T12:18:33Z" level=warning msg="certificate with CN Justin Cormack is near expiry"
[STDERR  ] 2018-01-19T12:18:33.360262895Z: time="2018-01-19T12:18:33Z" level=warning msg="certificate with CN Rolf Neugebauer is near expiry"
[STDERR  ] 2018-01-19T12:18:33.447093059Z: time="2018-01-19T12:18:33Z" level=warning msg="certificate with CN  is near expiry"
[STDERR  ] 2018-01-19T12:18:33.619118915Z: time="2018-01-19T12:18:33Z" level=warning msg="certificate with CN Rolf Neugebauer is near expiry"
[STDERR  ] 2018-01-19T12:18:33.636040089Z: Pull image: docker.io/linuxkit/extend:e550c16d8464cabeffdff80f27e6fa8278f06dbb@sha256:9393e4c52007fc501a65078b17521ef184e487785cec99fbc15be468c7c21b4e
[STDERR  ] 2018-01-19T12:18:36.850700446Z:   Create OCI config for linuxkit/mount:3c37d46558c794e8535daa805e7037cb8e82c141
[STDERR  ] 2018-01-19T12:18:37.889349176Z: time="2018-01-19T12:18:37Z" level=warning msg="certificate with CN Rolf Neugebauer is near expiry"
[STDERR  ] 2018-01-19T12:18:37.889487495Z: time="2018-01-19T12:18:37Z" level=warning msg="certificate with CN  is near expiry"
[STDERR  ] 2018-01-19T12:18:37.889666681Z: time="2018-01-19T12:18:37Z" level=warning msg="certificate with CN  is near expiry"
[STDERR  ] 2018-01-19T12:18:37.890172018Z: time="2018-01-19T12:18:37Z" level=warning msg="certificate with CN Justin Cormack is near expiry"
[STDERR  ] 2018-01-19T12:18:37.891874457Z: time="2018-01-19T12:18:37Z" level=warning msg="certificate with CN Justin Cormack is near expiry"
[STDERR  ] 2018-01-19T12:18:37.892943226Z: time="2018-01-19T12:18:37Z" level=warning msg="certificate with CN Rolf Neugebauer is near expiry"
[STDERR  ] 2018-01-19T12:18:37.893715945Z: time="2018-01-19T12:18:37Z" level=warning msg="certificate with CN  is near expiry"
[STDERR  ] 2018-01-19T12:18:38.318629655Z:   Create OCI config for alpine:3.7
[STDERR  ] 2018-01-19T12:18:39.534961109Z:   Create OCI config for linuxkit/poweroff:bccfe1cb04fc7bb9f03613d2314f38abd2620f29
[STDERR  ] 2018-01-19T12:18:40.569294112Z: time="2018-01-19T12:18:40Z" level=warning msg="certificate with CN Justin Cormack is near expiry"
[STDERR  ] 2018-01-19T12:18:40.569606196Z: time="2018-01-19T12:18:40Z" level=warning msg="certificate with CN Rolf Neugebauer is near expiry"
[STDERR  ] 2018-01-19T12:18:40.569729272Z: time="2018-01-19T12:18:40Z" level=warning msg="certificate with CN  is near expiry"
[STDERR  ] 2018-01-19T12:18:40.569869429Z: time="2018-01-19T12:18:40Z" level=warning msg="certificate with CN  is near expiry"
[STDERR  ] 2018-01-19T12:18:40.573843711Z: time="2018-01-19T12:18:40Z" level=warning msg="certificate with CN Rolf Neugebauer is near expiry"
[STDERR  ] 2018-01-19T12:18:40.574527414Z: time="2018-01-19T12:18:40Z" level=warning msg="certificate with CN  is near expiry"
[STDERR  ] 2018-01-19T12:18:40.723891628Z: Add files:
[STDERR  ] 2018-01-19T12:18:40.723935642Z:   check.sh
[STDERR  ] 2018-01-19T12:18:40.741749594Z: Create outputs:
[STDERR  ] 2018-01-19T12:18:46.565342091Z:   extend-ext4-kernel extend-ext4-initrd.img extend-ext4-cmdline
[STDERR  ] 2018-01-19T12:18:46.614014067Z: + linuxkit run -disk file=disk.img extend-ext4
[STDERR  ] 2018-01-19T12:18:46.636244867Z: Unable to find qemu-system-x86_64 within the $PATH. Using a container
[STDERR  ] 2018-01-19T12:18:46.636361564Z: Using existing disk [disk.img] format 
[STDERR  ] 2018-01-19T12:18:47.110486744Z: WARNING: Image format was not specified for 'disk.img' and probing guessed raw.
[STDERR  ] 2018-01-19T12:18:47.110535216Z:          Automatically detecting the format is dangerous for raw images, write operations on block 0 will be restricted.
[STDERR  ] 2018-01-19T12:18:47.110560084Z:          Specify the 'raw' format explicitly to remove the restrictions.
[STDERR  ] 2018-01-19T12:19:05.323743979Z: + RESULT=[    0.000000] Linux version 4.9.77-linuxkit (root@8aa31b9489e8) (gcc version 6.4.0 (Alpine 6.4.0) ) #1 SMP Wed Jan 17 14:57:17 UTC 2018
[STDERR  ] 2018-01-19T12:19:05.323803615Z: [    0.000000] Command line: console=ttyS0 console=ttyAMA0
[STDERR  ] 2018-01-19T12:19:05.323811781Z: [    0.000000] x86/fpu: Legacy x87 FPU detected.
[STDERR  ] 2018-01-19T12:19:05.323819099Z: [    0.000000] x86/fpu: Using 'eager' FPU context switches.
[STDERR  ] 2018-01-19T12:19:05.323825839Z: [    0.000000] e820: BIOS-provided physical RAM map:
[STDERR  ] 2018-01-19T12:19:05.323832984Z: [    0.000000] BIOS-e820: [mem 0x0000000000000000-0x000000000009fbff] usable
[STDERR  ] 2018-01-19T12:19:05.323840751Z: [    0.000000] BIOS-e820: [mem 0x000000000009fc00-0x000000000009ffff] reserved
[STDERR  ] 2018-01-19T12:19:05.323847421Z: [    0.000000] BIOS-e820: [mem 0x00000000000f0000-0x00000000000fffff] reserved
[STDERR  ] 2018-01-19T12:19:05.323853582Z: [    0.000000] BIOS-e820: [mem 0x0000000000100000-0x000000003ffdefff] usable
[STDERR  ] 2018-01-19T12:19:05.323859659Z: [    0.000000] BIOS-e820: [mem 0x000000003ffdf000-0x000000003fffffff] reserved
[STDERR  ] 2018-01-19T12:19:05.323865733Z: [    0.000000] BIOS-e820: [mem 0x00000000b0000000-0x00000000bfffffff] reserved
[STDERR  ] 2018-01-19T12:19:05.323871613Z: [    0.000000] BIOS-e820: [mem 0x00000000fed1c000-0x00000000fed1ffff] reserved
[STDERR  ] 2018-01-19T12:19:05.323877835Z: [    0.000000] BIOS-e820: [mem 0x00000000feffc000-0x00000000feffffff] reserved
[STDERR  ] 2018-01-19T12:19:05.323883999Z: [    0.000000] BIOS-e820: [mem 0x00000000fffc0000-0x00000000ffffffff] reserved
[STDERR  ] 2018-01-19T12:19:05.323889613Z: [    0.000000] NX (Execute Disable) protection: active
[STDERR  ] 2018-01-19T12:19:05.323895919Z: [    0.000000] SMBIOS 2.8 present.
[STDERR  ] 2018-01-19T12:19:05.323901548Z: [    0.000000] Hypervisor detected: KVM
[STDERR  ] 2018-01-19T12:19:05.323907206Z: [    0.000000] e820: last_pfn = 0x3ffdf max_arch_pfn = 0x400000000
[STDERR  ] 2018-01-19T12:19:05.323912979Z: [    0.000000] x86/PAT: PAT not supported by CPU.
[STDERR  ] 2018-01-19T12:19:05.323919006Z: [    0.000000] x86/PAT: Configuration [0-7]: WB  WT  UC- UC  WB  WT  UC- UC  
[STDERR  ] 2018-01-19T12:19:05.323924659Z: [    0.000000] found SMP MP-table at [mem 0x000f6aa0-0x000f6aaf] mapped at [ffff943f000f6aa0]
[STDERR  ] 2018-01-19T12:19:05.323931374Z: [    0.000000] RAMDISK: [mem 0x3deb7000-0x3ffcffff]
[STDERR  ] 2018-01-19T12:19:05.323937234Z: [    0.000000] ACPI: Early table checksum verification disabled
[STDERR  ] 2018-01-19T12:19:05.323943039Z: [    0.000000] ACPI: RSDP 0x00000000000F68B0 000014 (v00 BOCHS )
[STDERR  ] 2018-01-19T12:19:05.323948668Z: [    0.000000] ACPI: RSDT 0x000000003FFE20A8 000034 (v01 BOCHS  BXPCRSDT 00000001 BXPC 00000001)
[STDERR  ] 2018-01-19T12:19:05.323954746Z: [    0.000000] ACPI: FACP 0x000000003FFE1EC8 0000F4 (v03 BOCHS  BXPCFACP 00000001 BXPC 00000001)
[STDERR  ] 2018-01-19T12:19:05.323960459Z: [    0.000000] ACPI: DSDT 0x000000003FFE0040 001E88 (v01 BOCHS  BXPCDSDT 00000001 BXPC 00000001)
[STDERR  ] 2018-01-19T12:19:05.32396609Z: [    0.000000] ACPI: FACS 0x000000003FFE0000 000040
[STDERR  ] 2018-01-19T12:19:05.323971786Z: [    0.000000] ACPI: APIC 0x000000003FFE1FBC 000078 (v01 BOCHS  BXPCAPIC 00000001 BXPC 00000001)
[STDERR  ] 2018-01-19T12:19:05.323977406Z: [    0.000000] ACPI: HPET 0x000000003FFE2034 000038 (v01 BOCHS  BXPCHPET 00000001 BXPC 00000001)
[STDERR  ] 2018-01-19T12:19:05.323983134Z: [    0.000000] ACPI: MCFG 0x000000003FFE206C 00003C (v01 BOCHS  BXPCMCFG 00000001 BXPC 00000001)
[STDERR  ] 2018-01-19T12:19:05.323988959Z: [    0.000000] kvm-clock: Using msrs 4b564d01 and 4b564d00
[STDERR  ] 2018-01-19T12:19:05.323994628Z: [    0.000000] kvm-clock: cpu 0, msr 0:3ffdd001, primary cpu clock
[STDERR  ] 2018-01-19T12:19:05.324000266Z: [    0.000000] clocksource: kvm-clock: mask: 0xffffffffffffffff max_cycles: 0x1cd42e4dffb, max_idle_ns: 881590591483 ns
[STDERR  ] 2018-01-19T12:19:05.324014574Z: [    0.000000] Zone ranges:
[STDERR  ] 2018-01-19T12:19:05.324020601Z: [    0.000000]   DMA      [mem 0x0000000000001000-0x0000000000ffffff]
[STDERR  ] 2018-01-19T12:19:05.32402629Z: [    0.000000]   DMA32    [mem 0x0000000001000000-0x000000003ffdefff]
[STDERR  ] 2018-01-19T12:19:05.324034866Z: [    0.000000]   Normal   empty
[STDERR  ] 2018-01-19T12:19:05.324041146Z: [    0.000000] Movable zone start for each node
[STDERR  ] 2018-01-19T12:19:05.32404763Z: [    0.000000] Early memory node ranges
[STDERR  ] 2018-01-19T12:19:05.324053421Z: [    0.000000]   node   0: [mem 0x0000000000001000-0x000000000009efff]
[STDERR  ] 2018-01-19T12:19:05.324059157Z: [    0.000000]   node   0: [mem 0x0000000000100000-0x000000003ffdefff]
[STDERR  ] 2018-01-19T12:19:05.32406515Z: [    0.000000] Initmem setup node 0 [mem 0x0000000000001000-0x000000003ffdefff]
[STDERR  ] 2018-01-19T12:19:05.324071488Z: [    0.000000] ACPI: PM-Timer IO Port: 0x608
[STDERR  ] 2018-01-19T12:19:05.324077717Z: [    0.000000] ACPI: LAPIC_NMI (acpi_id[0xff] dfl dfl lint[0x1])
[STDERR  ] 2018-01-19T12:19:05.324083899Z: [    0.000000] IOAPIC[0]: apic_id 0, version 17, address 0xfec00000, GSI 0-23
[STDERR  ] 2018-01-19T12:19:05.324090294Z: [    0.000000] ACPI: INT_SRC_OVR (bus 0 bus_irq 0 global_irq 2 dfl dfl)
[STDERR  ] 2018-01-19T12:19:05.324099013Z: [    0.000000] ACPI: INT_SRC_OVR (bus 0 bus_irq 5 global_irq 5 high level)
[STDERR  ] 2018-01-19T12:19:05.324109177Z: [    0.000000] ACPI: INT_SRC_OVR (bus 0 bus_irq 9 global_irq 9 high level)
[STDERR  ] 2018-01-19T12:19:05.32411975Z: [    0.000000] ACPI: INT_SRC_OVR (bus 0 bus_irq 10 global_irq 10 high level)
[STDERR  ] 2018-01-19T12:19:05.324126386Z: [    0.000000] ACPI: INT_SRC_OVR (bus 0 bus_irq 11 global_irq 11 high level)
[STDERR  ] 2018-01-19T12:19:05.324132659Z: [    0.000000] Using ACPI (MADT) for SMP configuration information
[STDERR  ] 2018-01-19T12:19:05.324139199Z: [    0.000000] ACPI: HPET id: 0x8086a201 base: 0xfed00000
[STDERR  ] 2018-01-19T12:19:05.324145215Z: [    0.000000] smpboot: Allowing 1 CPUs, 0 hotplug CPUs
[STDERR  ] 2018-01-19T12:19:05.324151044Z: [    0.000000] e820: [mem 0x40000000-0xafffffff] available for PCI devices
[STDERR  ] 2018-01-19T12:19:05.324157239Z: [    0.000000] Booting paravirtualized kernel on KVM
[STDERR  ] 2018-01-19T12:19:05.324163799Z: [    0.000000] clocksource: refined-jiffies: mask: 0xffffffff max_cycles: 0xffffffff, max_idle_ns: 19112604462750000 ns
[STDERR  ] 2018-01-19T12:19:05.324169863Z: [    0.000000] setup_percpu: NR_CPUS:128 nr_cpumask_bits:128 nr_cpu_ids:1 nr_node_ids:1
[STDERR  ] 2018-01-19T12:19:05.324175779Z: [    0.000000] percpu: Embedded 36 pages/cpu @ffff943f3dc00000 s106904 r8192 d32360 u2097152
[STDERR  ] 2018-01-19T12:19:05.324184154Z: [    0.000000] KVM setup async PF for cpu 0
[STDERR  ] 2018-01-19T12:19:05.324189986Z: [    0.000000] kvm-stealtime: cpu 0, msr 3dc0fd80
[STDERR  ] 2018-01-19T12:19:05.324196086Z: [    0.000000] Built 1 zonelists in Zone order, mobility grouping on.  Total pages: 257896
[STDERR  ] 2018-01-19T12:19:05.324201915Z: [    0.000000] Kernel command line: console=ttyS0 console=ttyAMA0
[STDERR  ] 2018-01-19T12:19:05.324207797Z: [    0.000000] PID hash table entries: 4096 (order: 3, 32768 bytes)
[STDERR  ] 2018-01-19T12:19:05.32421386Z: [    0.000000] Dentry cache hash table entries: 131072 (order: 8, 1048576 bytes)
[STDERR  ] 2018-01-19T12:19:05.324220215Z: [    0.000000] Inode-cache hash table entries: 65536 (order: 7, 524288 bytes)
[STDERR  ] 2018-01-19T12:19:05.324258927Z: [    0.000000] Memory: 980232K/1048052K available (8054K kernel code, 1391K rwdata, 2700K rodata, 1396K init, 564K bss, 67820K reserved, 0K cma-reserved)
[STDERR  ] 2018-01-19T12:19:05.324270251Z: [    0.000000] Kernel/User page tables isolation: enabled
[STDERR  ] 2018-01-19T12:19:05.324277061Z: [    0.000000] Hierarchical RCU implementation.
[STDERR  ] 2018-01-19T12:19:05.324283087Z: [    0.000000] 	Build-time adjustment of leaf fanout to 64.
[STDERR  ] 2018-01-19T12:19:05.324288718Z: [    0.000000] 	RCU restricting CPUs from NR_CPUS=128 to nr_cpu_ids=1.
[STDERR  ] 2018-01-19T12:19:05.324299362Z: [    0.000000] RCU: Adjusting geometry for rcu_fanout_leaf=64, nr_cpu_ids=1
[STDERR  ] 2018-01-19T12:19:05.324305755Z: [    0.000000] NR_IRQS:8448 nr_irqs:256 16
[STDERR  ] 2018-01-19T12:19:05.324311947Z: [    0.000000] Console: colour VGA+ 80x25
[STDERR  ] 2018-01-19T12:19:05.324320907Z: [    0.000000] console [ttyS0] enabled
[STDERR  ] 2018-01-19T12:19:05.324326987Z: [    0.000000] clocksource: hpet: mask: 0xffffffff max_cycles: 0xffffffff, max_idle_ns: 19112604467 ns
[STDERR  ] 2018-01-19T12:19:05.324332765Z: [    0.000000] tsc: Detected 2300.002 MHz processor
[STDERR  ] 2018-01-19T12:19:05.324339107Z: [    0.020000] Calibrating delay loop (skipped) preset value.. 4600.00 BogoMIPS (lpj=23000020)
[STDERR  ] 2018-01-19T12:19:05.324344985Z: [    0.024953] pid_max: default: 32768 minimum: 301
[STDERR  ] 2018-01-19T12:19:05.324351254Z: [    0.030064] ACPI: Core revision 20160831
[STDERR  ] 2018-01-19T12:19:05.324357835Z: [    0.034910] ACPI: 1 ACPI AML tables successfully acquired and loaded
[STDERR  ] 2018-01-19T12:19:05.324364154Z: [    0.040101] Security Framework initialized
[STDERR  ] 2018-01-19T12:19:05.324370496Z: [    0.044708] Yama: becoming mindful.
[STDERR  ] 2018-01-19T12:19:05.324376673Z: [    0.050091] Mount-cache hash table entries: 2048 (order: 2, 16384 bytes)
[STDERR  ] 2018-01-19T12:19:05.32438264Z: [    0.057507] Mountpoint-cache hash table entries: 2048 (order: 2, 16384 bytes)
[STDERR  ] 2018-01-19T12:19:05.324389236Z: [    0.060917] CPU: Physical Processor ID: 0
[STDERR  ] 2018-01-19T12:19:05.324395156Z: [    0.070230] Last level iTLB entries: 4KB 0, 2MB 0, 4MB 0
[STDERR  ] 2018-01-19T12:19:05.324401214Z: [    0.076051] Last level dTLB entries: 4KB 0, 2MB 0, 4MB 0, 1GB 0
[STDERR  ] 2018-01-19T12:19:05.324407013Z: [    0.080035] Spectre V2 mitigation: Vulnerable: Minimal generic ASM retpoline
[STDERR  ] 2018-01-19T12:19:05.324413534Z: [    0.205487] Freeing SMP alternatives memory: 20K
[STDERR  ] 2018-01-19T12:19:05.324419401Z: [    0.242170] ftrace: allocating 35560 entries in 139 pages
[STDERR  ] 2018-01-19T12:19:05.324425282Z: [    0.260131] smpboot: Max logical packages: 1
[STDERR  ] 2018-01-19T12:19:05.324431016Z: [    0.272292] x2apic enabled
[STDERR  ] 2018-01-19T12:19:05.32443694Z: [    0.277270] Switched APIC routing to physical x2apic.
[STDERR  ] 2018-01-19T12:19:05.32444272Z: [    0.292001] ..TIMER: vector=0x30 apic1=0 pin1=2 apic2=-1 pin2=-1
[STDERR  ] 2018-01-19T12:19:05.324448542Z: [    0.300000] smpboot: CPU0: Intel QEMU Virtual CPU version 2.5+ (family: 0x6, model: 0x6, stepping: 0x3)
[STDERR  ] 2018-01-19T12:19:05.32445437Z: [    0.300011] Performance Events: PMU not available due to virtualization, using software events only.
[STDERR  ] 2018-01-19T12:19:05.324460033Z: [    0.317516] x86: Booted up 1 node, 1 CPUs
[STDERR  ] 2018-01-19T12:19:05.324465681Z: [    0.320012] smpboot: Total of 1 processors activated (4600.00 BogoMIPS)
[STDERR  ] 2018-01-19T12:19:05.324471342Z: [    0.331937] devtmpfs: initialized
[STDERR  ] 2018-01-19T12:19:05.324476896Z: [    0.335540] x86/mm: Memory block size: 128MB
[STDERR  ] 2018-01-19T12:19:05.324482607Z: [    0.342887] clocksource: jiffies: mask: 0xffffffff max_cycles: 0xffffffff, max_idle_ns: 19112604462750000 ns
[STDERR  ] 2018-01-19T12:19:05.324488345Z: [    0.350032] futex hash table entries: 256 (order: 2, 16384 bytes)
[STDERR  ] 2018-01-19T12:19:05.32449499Z: [    0.356577] NET: Registered protocol family 16
[STDERR  ] 2018-01-19T12:19:05.324500761Z: [    0.360228] cpuidle: using governor ladder
[STDERR  ] 2018-01-19T12:19:05.32450709Z: [    0.364730] cpuidle: using governor menu
[STDERR  ] 2018-01-19T12:19:05.324512822Z: [    0.370306] ACPI: bus type PCI registered
[STDERR  ] 2018-01-19T12:19:05.324518571Z: [    0.375103] PCI: MMCONFIG for domain 0000 [bus 00-ff] at [mem 0xb0000000-0xbfffffff] (base 0xb0000000)
[STDERR  ] 2018-01-19T12:19:05.324524367Z: [    0.380015] PCI: MMCONFIG at [mem 0xb0000000-0xbfffffff] reserved in E820
[STDERR  ] 2018-01-19T12:19:05.324534745Z: [    0.390029] PCI: Using configuration type 1 for base access
[STDERR  ] 2018-01-19T12:19:05.324540714Z: [    0.401584] HugeTLB registered 2 MB page size, pre-allocated 0 pages
[STDERR  ] 2018-01-19T12:19:05.324546565Z: [    0.408690] ACPI: Added _OSI(Module Device)
[STDERR  ] 2018-01-19T12:19:05.32455474Z: [    0.410009] ACPI: Added _OSI(Processor Device)
[STDERR  ] 2018-01-19T12:19:05.324560993Z: [    0.414659] ACPI: Added _OSI(3.0 _SCP Extensions)
[STDERR  ] 2018-01-19T12:19:05.324566818Z: [    0.420011] ACPI: Added _OSI(Processor Aggregator Device)
[STDERR  ] 2018-01-19T12:19:05.324572382Z: [    0.434304] ACPI: Interpreter enabled
[STDERR  ] 2018-01-19T12:19:05.324578822Z: [    0.438282] ACPI: (supports S0 S5)
[STDERR  ] 2018-01-19T12:19:05.324584971Z: [    0.440011] ACPI: Using IOAPIC for interrupt routing
[STDERR  ] 2018-01-19T12:19:05.324590715Z: [    0.445435] PCI: Using host bridge windows from ACPI; if necessary, use "pci=nocrs" and report a bug
[STDERR  ] 2018-01-19T12:19:05.324596474Z: [    0.460163] ACPI: PCI Root Bridge [PCI0] (domain 0000 [bus 00-ff])
[STDERR  ] 2018-01-19T12:19:05.324608093Z: [    0.467154] acpi PNP0A08:00: _OSC: OS supports [ExtendedConfig ASPM ClockPM Segments MSI]
[STDERR  ] 2018-01-19T12:19:05.324614796Z: [    0.470195] acpi PNP0A08:00: _OSC: OS now controls [PCIeHotplug PME PCIeCapability]
[STDERR  ] 2018-01-19T12:19:05.324620678Z: [    0.480107] PCI host bridge to bus 0000:00
[STDERR  ] 2018-01-19T12:19:05.324626936Z: [    0.484466] pci_bus 0000:00: root bus resource [io  0x0000-0x0cf7 window]
[STDERR  ] 2018-01-19T12:19:05.324633736Z: [    0.490014] pci_bus 0000:00: root bus resource [io  0x0d00-0xffff window]
[STDERR  ] 2018-01-19T12:19:05.324639835Z: [    0.500016] pci_bus 0000:00: root bus resource [mem 0x000a0000-0x000bffff window]
[STDERR  ] 2018-01-19T12:19:05.324646335Z: [    0.510016] pci_bus 0000:00: root bus resource [mem 0xc0000000-0xfebfffff window]
[STDERR  ] 2018-01-19T12:19:05.324652578Z: [    0.517576] pci_bus 0000:00: root bus resource [bus 00-ff]
[STDERR  ] 2018-01-19T12:19:05.324658294Z: [    0.647955] pci 0000:00:1f.0: quirk: [io  0x0600-0x067f] claimed by ICH6 ACPI/GPIO/TCO
[STDERR  ] 2018-01-19T12:19:05.32466418Z: [    0.711334] ACPI: PCI Interrupt Link [LNKA] (IRQs 5 *10 11)
[STDERR  ] 2018-01-19T12:19:05.324670813Z: [    0.719290] ACPI: PCI Interrupt Link [LNKB] (IRQs 5 *10 11)
[STDERR  ] 2018-01-19T12:19:05.324677048Z: [    0.722248] ACPI: PCI Interrupt Link [LNKC] (IRQs 5 10 *11)
[STDERR  ] 2018-01-19T12:19:05.324682762Z: [    0.732236] ACPI: PCI Interrupt Link [LNKD] (IRQs 5 10 *11)
[STDERR  ] 2018-01-19T12:19:05.324689273Z: [    0.740970] ACPI: PCI Interrupt Link [LNKE] (IRQs 5 *10 11)
[STDERR  ] 2018-01-19T12:19:05.324695745Z: [    0.747965] ACPI: PCI Interrupt Link [LNKF] (IRQs 5 *10 11)
[STDERR  ] 2018-01-19T12:19:05.32470194Z: [    0.752131] ACPI: PCI Interrupt Link [LNKG] (IRQs 5 10 *11)
[STDERR  ] 2018-01-19T12:19:05.324707581Z: [    0.762246] ACPI: PCI Interrupt Link [LNKH] (IRQs 5 10 *11)
[STDERR  ] 2018-01-19T12:19:05.324713261Z: [    0.769370] ACPI: PCI Interrupt Link [GSIA] (IRQs *16)
[STDERR  ] 2018-01-19T12:19:05.3247188Z: [    0.771069] ACPI: PCI Interrupt Link [GSIB] (IRQs *17)
[STDERR  ] 2018-01-19T12:19:05.324724571Z: [    0.781115] ACPI: PCI Interrupt Link [GSIC] (IRQs *18)
[STDERR  ] 2018-01-19T12:19:05.324730114Z: [    0.787295] ACPI: PCI Interrupt Link [GSID] (IRQs *19)
[STDERR  ] 2018-01-19T12:19:05.32473623Z: [    0.791087] ACPI: PCI Interrupt Link [GSIE] (IRQs *20)
[STDERR  ] 2018-01-19T12:19:05.324742161Z: [    0.800350] ACPI: PCI Interrupt Link [GSIF] (IRQs *21)
[STDERR  ] 2018-01-19T12:19:05.324748247Z: [    0.806595] ACPI: PCI Interrupt Link [GSIG] (IRQs *22)
[STDERR  ] 2018-01-19T12:19:05.324753915Z: [    0.811102] ACPI: PCI Interrupt Link [GSIH] (IRQs *23)
[STDERR  ] 2018-01-19T12:19:05.324759977Z: [    0.817429] ACPI: Enabled 1 GPEs in block 00 to 3F
[STDERR  ] 2018-01-19T12:19:05.324766067Z: [    0.820509] SCSI subsystem initialized
[STDERR  ] 2018-01-19T12:19:05.32477195Z: [    0.824793] ACPI: bus type USB registered
[STDERR  ] 2018-01-19T12:19:05.3247808Z: [    0.830072] usbcore: registered new interface driver usbfs
[STDERR  ] 2018-01-19T12:19:05.324786815Z: [    0.835900] usbcore: registered new interface driver hub
[STDERR  ] 2018-01-19T12:19:05.324793047Z: [    0.840056] usbcore: registered new device driver usb
[STDERR  ] 2018-01-19T12:19:05.324801638Z: [    0.850057] pps_core: LinuxPPS API ver. 1 registered
[STDERR  ] 2018-01-19T12:19:05.324807478Z: [    0.855225] pps_core: Software ver. 5.3.6 - Copyright 2005-2007 Rodolfo Giometti <giometti@linux.it>
[STDERR  ] 2018-01-19T12:19:05.324813347Z: [    0.860028] PTP clock support registered
[STDERR  ] 2018-01-19T12:19:05.324819094Z: [    0.864131] PCI: Using ACPI for IRQ routing
[STDERR  ] 2018-01-19T12:19:05.324825071Z: [    1.258021] NetLabel: Initializing
[STDERR  ] 2018-01-19T12:19:05.324831131Z: [    1.260009] NetLabel:  domain hash size = 128
[STDERR  ] 2018-01-19T12:19:05.324836906Z: [    1.264570] NetLabel:  protocols = UNLABELED CIPSOv4
[STDERR  ] 2018-01-19T12:19:05.324842648Z: [    1.270040] NetLabel:  unlabeled traffic allowed by default
[STDERR  ] 2018-01-19T12:19:05.324849253Z: [    1.276519] wmi: Mapper loaded
[STDERR  ] 2018-01-19T12:19:05.324855571Z: [    1.280173] HPET: 3 timers in total, 0 timers will be used for per-cpu timer
[STDERR  ] 2018-01-19T12:19:05.324861533Z: [    1.290150] hpet0: at MMIO 0xfed00000, IRQs 2, 8, 0
[STDERR  ] 2018-01-19T12:19:05.324867914Z: [    1.295909] hpet0: 3 comparators, 64-bit 100.000000 MHz counter
[STDERR  ] 2018-01-19T12:19:05.324873824Z: [    1.302420] clocksource: Switched to clocksource kvm-clock
[STDERR  ] 2018-01-19T12:19:05.324879626Z: [    1.319309] VFS: Disk quotas dquot_6.6.0
[STDERR  ] 2018-01-19T12:19:05.324886393Z: [    1.323780] VFS: Dquot-cache hash table entries: 512 (order 0, 4096 bytes)
[STDERR  ] 2018-01-19T12:19:05.32489267Z: [    1.333733] FS-Cache: Loaded
[STDERR  ] 2018-01-19T12:19:05.324899066Z: [    1.336960] CacheFiles: Loaded
[STDERR  ] 2018-01-19T12:19:05.324904681Z: [    1.340260] pnp: PnP ACPI init
[STDERR  ] 2018-01-19T12:19:05.324910253Z: [    1.344477] pnp: PnP ACPI: found 5 devices
[STDERR  ] 2018-01-19T12:19:05.32491591Z: [    1.355262] clocksource: acpi_pm: mask: 0xffffff max_cycles: 0xffffff, max_idle_ns: 2085701024 ns
[STDERR  ] 2018-01-19T12:19:05.324921657Z: [    1.364422] NET: Registered protocol family 2
[STDERR  ] 2018-01-19T12:19:05.324927241Z: [    1.369051] TCP established hash table entries: 8192 (order: 4, 65536 bytes)
[STDERR  ] 2018-01-19T12:19:05.324933077Z: [    1.376385] TCP bind hash table entries: 8192 (order: 5, 131072 bytes)
[STDERR  ] 2018-01-19T12:19:05.32494063Z: [    1.383108] TCP: Hash tables configured (established 8192 bind 8192)
[STDERR  ] 2018-01-19T12:19:05.324946428Z: [    1.389545] UDP hash table entries: 512 (order: 2, 16384 bytes)
[STDERR  ] 2018-01-19T12:19:05.324952094Z: [    1.395600] UDP-Lite hash table entries: 512 (order: 2, 16384 bytes)
[STDERR  ] 2018-01-19T12:19:05.324958788Z: [    1.402307] NET: Registered protocol family 1
[STDERR  ] 2018-01-19T12:19:05.324964406Z: [    1.407003] pci 0000:00:01.0: Video device with shadowed ROM at [mem 0x000c0000-0x000dffff]
[STDERR  ] 2018-01-19T12:19:05.324970114Z: [    1.415971] Unpacking initramfs...
[STDERR  ] 2018-01-19T12:19:05.324975704Z: [    1.980997] Freeing initrd memory: 33892K
[STDERR  ] 2018-01-19T12:19:05.324981391Z: [    1.986477] PCLMULQDQ-NI instructions are not detected.
[STDERR  ] 2018-01-19T12:19:05.324987118Z: [    1.992162] AVX or AES-NI instructions are not detected.
[STDERR  ] 2018-01-19T12:19:05.324992688Z: [    1.997678] CPU feature 'AVX registers' is not supported.
[STDERR  ] 2018-01-19T12:19:05.324998397Z: [    2.003410] CPU feature 'AVX registers' is not supported.
[STDERR  ] 2018-01-19T12:19:05.325004641Z: [    2.009050] CPU feature 'AVX registers' is not supported.
[STDERR  ] 2018-01-19T12:19:05.32501059Z: [    2.014751] CPU feature 'AVX registers' is not supported.
[STDERR  ] 2018-01-19T12:19:05.325016386Z: [    2.020407] AVX2 or AES-NI instructions are not detected.
[STDERR  ] 2018-01-19T12:19:05.325025091Z: [    2.026012] AVX2 instructions are not detected.
[STDERR  ] 2018-01-19T12:19:05.32503102Z: [    2.031145] audit: initializing netlink subsys (disabled)
[STDERR  ] 2018-01-19T12:19:05.325036927Z: [    2.036841] audit: type=2000 audit(1516364330.250:1): initialized
[STDERR  ] 2018-01-19T12:19:05.325046478Z: [    2.043761] workingset: timestamp_bits=46 max_order=18 bucket_order=0
[STDERR  ] 2018-01-19T12:19:05.325052957Z: [    2.051234] squashfs: version 4.0 (2009/01/31) Phillip Lougher
[STDERR  ] 2018-01-19T12:19:05.325059351Z: [    2.057625] FS-Cache: Netfs 'cifs' registered for caching
[STDERR  ] 2018-01-19T12:19:05.325065535Z: [    2.063660] fuse init (API version 7.26)
[STDERR  ] 2018-01-19T12:19:05.32507163Z: [    2.067994] SGI XFS with ACLs, security attributes, no debug enabled
[STDERR  ] 2018-01-19T12:19:05.325077746Z: [    2.074884] 9p: Installing v9fs 9p2000 file system support
[STDERR  ] 2018-01-19T12:19:05.325083611Z: [    2.080779] FS-Cache: Netfs '9p' registered for caching
[STDERR  ] 2018-01-19T12:19:05.325089626Z: [    2.087612] NET: Registered protocol family 38
[STDERR  ] 2018-01-19T12:19:05.325096174Z: [    2.092440] Key type asymmetric registered
[STDERR  ] 2018-01-19T12:19:05.325101921Z: [    2.096788] Asymmetric key parser 'x509' registered
[STDERR  ] 2018-01-19T12:19:05.325108183Z: [    2.102061] Block layer SCSI generic (bsg) driver version 0.4 loaded (major 251)
[STDERR  ] 2018-01-19T12:19:05.325114088Z: [    2.109840] io scheduler noop registered
[STDERR  ] 2018-01-19T12:19:05.325120274Z: [    2.114173] io scheduler deadline registered (default)
[STDERR  ] 2018-01-19T12:19:05.325126017Z: [    2.119753] io scheduler cfq registered
[STDERR  ] 2018-01-19T12:19:05.325131754Z: [    2.124128] pci_hotplug: PCI Hot Plug PCI Core version: 0.5
[STDERR  ] 2018-01-19T12:19:05.325137377Z: [    2.129988] pciehp: PCI Express Hot Plug Controller Driver version: 0.4
[STDERR  ] 2018-01-19T12:19:05.325143571Z: [    2.137026] shpchp: Standard Hot Plug PCI Controller Driver version: 0.4
[STDERR  ] 2018-01-19T12:19:05.325149318Z: [    2.144223] hv_vmbus: registering driver hyperv_fb
[STDERR  ] 2018-01-19T12:19:05.325155063Z: [    2.149415] input: Power Button as /devices/LNXSYSTM:00/LNXPWRBN:00/input/input0
[STDERR  ] 2018-01-19T12:19:05.325160706Z: [    2.157307] ACPI: Power Button [PWRF]
[STDERR  ] 2018-01-19T12:19:05.325166338Z: [    2.161653] GHES: HEST is not enabled!
[STDERR  ] 2018-01-19T12:19:05.325177946Z: [    2.166134] ACPI: PCI Interrupt Link [GSIG] enabled at IRQ 22
[STDERR  ] 2018-01-19T12:19:05.325184633Z: [    2.179496] ACPI: PCI Interrupt Link [GSIH] enabled at IRQ 23
[STDERR  ] 2018-01-19T12:19:05.325190937Z: [    2.191282] xenfs: not registering filesystem on non-xen platform
[STDERR  ] 2018-01-19T12:19:05.325196895Z: [    2.197516] Serial: 8250/16550 driver, 4 ports, IRQ sharing disabled
[STDERR  ] 2018-01-19T12:19:05.325202598Z: [    2.238511] 00:04: ttyS0 at I/O 0x3f8 (irq = 4, base_baud = 115200) is a 16550A
[STDERR  ] 2018-01-19T12:19:05.325208866Z: [    2.247616] Non-volatile memory driver v1.3
[STDERR  ] 2018-01-19T12:19:05.325214537Z: [    2.254702] Hangcheck: starting hangcheck timer 0.9.1 (tick is 180 seconds, margin is 60 seconds).
[STDERR  ] 2018-01-19T12:19:05.325220292Z: [    2.264471] random: fast init done
[STDERR  ] 2018-01-19T12:19:05.325230384Z: [    2.268769] random: crng init done
[STDERR  ] 2018-01-19T12:19:05.325236413Z: [    2.274503] loop: module loaded
[STDERR  ] 2018-01-19T12:19:05.325242923Z: [    2.278738] nbd: registered device at major 43
[STDERR  ] 2018-01-19T12:19:05.325249447Z: [    2.285511] lpc_ich 0000:00:1f.0: I/O space for GPIO uninitialized
[STDERR  ] 2018-01-19T12:19:05.325256355Z: [    2.292352] VMware PVSCSI driver - version 1.0.7.0-k
[STDERR  ] 2018-01-19T12:19:05.325262541Z: [    2.297760] hv_vmbus: registering driver hv_storvsc
[STDERR  ] 2018-01-19T12:19:05.325268984Z: [    2.303690] ACPI: PCI Interrupt Link [GSIA] enabled at IRQ 16
[STDERR  ] 2018-01-19T12:19:05.325275166Z: [    2.312813] ahci 0000:00:1f.2: AHCI 0001.0000 32 slots 6 ports 1.5 Gbps 0x3f impl SATA mode
[STDERR  ] 2018-01-19T12:19:05.325284506Z: [    2.321705] ahci 0000:00:1f.2: flags: 64bit ncq only 
[STDERR  ] 2018-01-19T12:19:05.325291021Z: [    2.330542] scsi host0: ahci
[STDERR  ] 2018-01-19T12:19:05.325297006Z: [    2.333895] scsi host1: ahci
[STDERR  ] 2018-01-19T12:19:05.325308964Z: [    2.337210] scsi host2: ahci
[STDERR  ] 2018-01-19T12:19:05.32531537Z: [    2.340661] scsi host3: ahci
[STDERR  ] 2018-01-19T12:19:05.325321321Z: [    2.344175] scsi host4: ahci
[STDERR  ] 2018-01-19T12:19:05.325326987Z: [    2.347421] scsi host5: ahci
[STDERR  ] 2018-01-19T12:19:05.325341168Z: [    2.350803] ata1: SATA max UDMA/133 abar m4096@0xfebd2000 port 0xfebd2100 irq 24
[STDERR  ] 2018-01-19T12:19:05.325350838Z: [    2.358825] ata2: SATA max UDMA/133 abar m4096@0xfebd2000 port 0xfebd2180 irq 24
[STDERR  ] 2018-01-19T12:19:05.325357288Z: [    2.366950] ata3: SATA max UDMA/133 abar m4096@0xfebd2000 port 0xfebd2200 irq 24
[STDERR  ] 2018-01-19T12:19:05.325363275Z: [    2.375117] ata4: SATA max UDMA/133 abar m4096@0xfebd2000 port 0xfebd2280 irq 24
[STDERR  ] 2018-01-19T12:19:05.325369206Z: [    2.382763] ata5: SATA max UDMA/133 abar m4096@0xfebd2000 port 0xfebd2300 irq 24
[STDERR  ] 2018-01-19T12:19:05.32537672Z: [    2.390318] ata6: SATA max UDMA/133 abar m4096@0xfebd2000 port 0xfebd2380 irq 24
[STDERR  ] 2018-01-19T12:19:05.32538361Z: [    2.398346] tun: Universal TUN/TAP device driver, 1.6
[STDERR  ] 2018-01-19T12:19:05.32538998Z: [    2.403535] tun: (C) 1999-2004 Max Krasnyansky <maxk@qualcomm.com>
[STDERR  ] 2018-01-19T12:19:05.325395954Z: [    2.415328] VMware vmxnet3 virtual NIC driver - version 1.4.a.0-k-NAPI
[STDERR  ] 2018-01-19T12:19:05.325402333Z: [    2.422243] hv_vmbus: registering driver hv_netvsc
[STDERR  ] 2018-01-19T12:19:05.325408228Z: [    2.427127] Fusion MPT base driver 3.04.20
[STDERR  ] 2018-01-19T12:19:05.325415168Z: [    2.431420] Copyright (c) 1999-2008 LSI Corporation
[STDERR  ] 2018-01-19T12:19:05.325420994Z: [    2.436496] Fusion MPT SPI Host driver 3.04.20
[STDERR  ] 2018-01-19T12:19:05.32542722Z: [    2.441210] i8042: PNP: PS/2 Controller [PNP0303:KBD,PNP0f13:MOU] at 0x60,0x64 irq 1,12
[STDERR  ] 2018-01-19T12:19:05.325433278Z: [    2.452687] serio: i8042 KBD port at 0x60,0x64 irq 1
[STDERR  ] 2018-01-19T12:19:05.325439012Z: [    2.457856] serio: i8042 AUX port at 0x60,0x64 irq 12
[STDERR  ] 2018-01-19T12:19:05.325444846Z: [    2.463284] hv_vmbus: registering driver hyperv_keyboard
[STDERR  ] 2018-01-19T12:19:05.325450634Z: [    2.468900] mousedev: PS/2 mouse device common for all mice
[STDERR  ] 2018-01-19T12:19:05.325456392Z: [    2.476336] input: AT Translated Set 2 keyboard as /devices/platform/i8042/serio0/input/input1
[STDERR  ] 2018-01-19T12:19:05.325462287Z: [    2.485905] input: PC Speaker as /devices/platform/pcspkr/input/input2
[STDERR  ] 2018-01-19T12:19:05.32546876Z: [    2.492943] rtc_cmos 00:00: RTC can wake from S4
[STDERR  ] 2018-01-19T12:19:05.325474444Z: [    2.499928] rtc_cmos 00:00: rtc core: registered rtc_cmos as rtc0
[STDERR  ] 2018-01-19T12:19:05.325480834Z: [    2.506971] rtc_cmos 00:00: alarms up to one day, y3k, 114 bytes nvram, hpet irqs
[STDERR  ] 2018-01-19T12:19:05.32548693Z: [    2.514562] i2c /dev entries driver
[STDERR  ] 2018-01-19T12:19:05.32549288Z: [    2.518265] device-mapper: ioctl: 4.35.0-ioctl (2016-06-23) initialised: dm-devel@redhat.com
[STDERR  ] 2018-01-19T12:19:05.325498601Z: [    2.528219] usbcore: registered new interface driver usbhid
[STDERR  ] 2018-01-19T12:19:05.325504853Z: [    2.534513] usbhid: USB HID core driver
[STDERR  ] 2018-01-19T12:19:05.325510561Z: [    2.538643] hv_utils: Registering HyperV Utility Driver
[STDERR  ] 2018-01-19T12:19:05.325516408Z: [    2.544643] hv_vmbus: registering driver hv_util
[STDERR  ] 2018-01-19T12:19:05.325522174Z: [    2.549888] hv_vmbus: registering driver hv_balloon
[STDERR  ] 2018-01-19T12:19:05.325527886Z: [    2.555452] oprofile: using NMI interrupt.
[STDERR  ] 2018-01-19T12:19:05.325533615Z: [    2.560222] GACT probability on
[STDERR  ] 2018-01-19T12:19:05.325543475Z: [    2.563885] Mirror/redirect action on
[STDERR  ] 2018-01-19T12:19:05.325549501Z: [    2.567579] Simple TC action Loaded
[STDERR  ] 2018-01-19T12:19:05.325555528Z: [    2.571221] u32 classifier
[STDERR  ] 2018-01-19T12:19:05.325561768Z: [    2.574285]     Performance counters on
[STDERR  ] 2018-01-19T12:19:05.3255713Z: [    2.578467]     input device check on
[STDERR  ] 2018-01-19T12:19:05.325577553Z: [    2.582453]     Actions configured
[STDERR  ] 2018-01-19T12:19:05.32558377Z: [    2.586086] Netfilter messages via NETLINK v0.30.
[STDERR  ] 2018-01-19T12:19:05.325589667Z: [    2.591519] nfnl_acct: registering with nfnetlink.
[STDERR  ] 2018-01-19T12:19:05.325595441Z: [    2.596687] nf_conntrack version 0.5.0 (8192 buckets, 32768 max)
[STDERR  ] 2018-01-19T12:19:05.325601241Z: [    2.602909] ctnetlink v0.93: registering with nfnetlink.
[STDERR  ] 2018-01-19T12:19:05.325607363Z: [    2.608803] nf_tables: (c) 2007-2009 Patrick McHardy <kaber@trash.net>
[STDERR  ] 2018-01-19T12:19:05.325613472Z: [    2.615536] nf_tables_compat: (c) 2012 Pablo Neira Ayuso <pablo@netfilter.org>
[STDERR  ] 2018-01-19T12:19:05.325619737Z: [    2.623081] xt_time: kernel timezone is -0000
[STDERR  ] 2018-01-19T12:19:05.325625512Z: [    2.627576] ip_set: protocol 6
[STDERR  ] 2018-01-19T12:19:05.325631497Z: [    2.631114] IPVS: Registered protocols (TCP, UDP, SCTP, AH, ESP)
[STDERR  ] 2018-01-19T12:19:05.325637788Z: [    2.637422] IPVS: Connection hash table configured (size=4096, memory=64Kbytes)
[STDERR  ] 2018-01-19T12:19:05.325643466Z: [    2.645135] IPVS: Creating netns size=2104 id=0
[STDERR  ] 2018-01-19T12:19:05.325649273Z: [    2.651008] IPVS: ipvs loaded.
[STDERR  ] 2018-01-19T12:19:05.32565489Z: [    2.654169] IPVS: [rr] scheduler registered.
[STDERR  ] 2018-01-19T12:19:05.325660667Z: [    2.658852] IPVS: [wrr] scheduler registered.
[STDERR  ] 2018-01-19T12:19:05.325666194Z: [    2.663351] IPVS: [lc] scheduler registered.
[STDERR  ] 2018-01-19T12:19:05.325671852Z: [    2.668204] IPVS: [wlc] scheduler registered.
[STDERR  ] 2018-01-19T12:19:05.325677426Z: [    2.672727] IPVS: [fo] scheduler registered.
[STDERR  ] 2018-01-19T12:19:05.325683021Z: [    2.677382] IPVS: [ovf] scheduler registered.
[STDERR  ] 2018-01-19T12:19:05.325689101Z: [    2.681860] IPVS: [lblc] scheduler registered.
[STDERR  ] 2018-01-19T12:19:05.32569464Z: [    2.686675] IPVS: [lblcr] scheduler registered.
[STDERR  ] 2018-01-19T12:19:05.325700295Z: [    2.691377] IPVS: [dh] scheduler registered.
[STDERR  ] 2018-01-19T12:19:05.325705839Z: [    2.696030] IPVS: [sh] scheduler registered.
[STDERR  ] 2018-01-19T12:19:05.325713567Z: [    2.700420] IPVS: [sed] scheduler registered.
[STDERR  ] 2018-01-19T12:19:05.325719094Z: [    2.705344] IPVS: [nq] scheduler registered.
[STDERR  ] 2018-01-19T12:19:05.325724673Z: [    2.709813] IPVS: ftp: loaded support on port[0] = 21
[STDERR  ] 2018-01-19T12:19:05.325730877Z: [    2.715647] ipip: IPv4 and MPLS over IPv4 tunneling driver
[STDERR  ] 2018-01-19T12:19:05.325736823Z: [    2.721974] gre: GRE over IPv4 demultiplexor driver
[STDERR  ] 2018-01-19T12:19:05.325742437Z: [    2.728028] ip_tables: (C) 2000-2006 Netfilter Core Team
[STDERR  ] 2018-01-19T12:19:05.325748114Z: [    2.734013] ata1: SATA link up 1.5 Gbps (SStatus 113 SControl 300)
[STDERR  ] 2018-01-19T12:19:05.325754239Z: [    2.741389] ata4: SATA link down (SStatus 0 SControl 300)
[STDERR  ] 2018-01-19T12:19:05.32576002Z: [    2.747680] ata3: SATA link up 1.5 Gbps (SStatus 113 SControl 300)
[STDERR  ] 2018-01-19T12:19:05.325765874Z: [    2.755020] ata2: SATA link down (SStatus 0 SControl 300)
[STDERR  ] 2018-01-19T12:19:05.325771608Z: [    2.761296] ata6: SATA link down (SStatus 0 SControl 300)
[STDERR  ] 2018-01-19T12:19:05.325778023Z: [    2.767389] ata5: SATA link down (SStatus 0 SControl 300)
[STDERR  ] 2018-01-19T12:19:05.325783736Z: [    2.773328] ipt_CLUSTERIP: ClusterIP Version 0.8 loaded successfully
[STDERR  ] 2018-01-19T12:19:05.325789664Z: [    2.779679] arp_tables: arp_tables: (C) 2002 David S. Miller
[STDERR  ] 2018-01-19T12:19:05.325799854Z: [    2.785523] ata3.00: ATAPI: QEMU DVD-ROM, 2.5+, max UDMA/100
[STDERR  ] 2018-01-19T12:19:05.325805694Z: [    2.791235] ata3.00: applying bridge limits
[STDERR  ] 2018-01-19T12:19:05.325811487Z: [    2.795777] ata1.00: ATA-7: QEMU HARDDISK, 2.5+, max UDMA/100
[STDERR  ] 2018-01-19T12:19:05.325819812Z: [    2.801647] ata1.00: 1048576 sectors, multi 16: LBA48 NCQ (depth 31/32)
[STDERR  ] 2018-01-19T12:19:05.325825628Z: [    2.808261] ata1.00: applying bridge limits
[STDERR  ] 2018-01-19T12:19:05.325831657Z: [    2.813153] ata3.00: configured for UDMA/100
[STDERR  ] 2018-01-19T12:19:05.325837488Z: [    2.818569] NET: Registered protocol family 10
[STDERR  ] 2018-01-19T12:19:05.325843517Z: [    2.823896] ip6_tables: (C) 2000-2006 Netfilter Core Team
[STDERR  ] 2018-01-19T12:19:05.325849619Z: [    2.830409] ata1.00: configured for UDMA/100
[STDERR  ] 2018-01-19T12:19:05.325855687Z: [    2.835338] NET: Registered protocol family 17
[STDERR  ] 2018-01-19T12:19:05.325861281Z: [    2.840343] scsi 0:0:0:0: Direct-Access     ATA      QEMU HARDDISK    2.5+ PQ: 0 ANSI: 5
[STDERR  ] 2018-01-19T12:19:05.325867074Z: [    2.849040] Bridge firewalling registered
[STDERR  ] 2018-01-19T12:19:05.325872668Z: [    2.853683] sd 0:0:0:0: Attached scsi generic sg0 type 0
[STDERR  ] 2018-01-19T12:19:05.325878759Z: [    2.859608] sd 0:0:0:0: [sda] 1048576 512-byte logical blocks: (537 MB/512 MiB)
[STDERR  ] 2018-01-19T12:19:05.325884833Z: [    2.867452] Ebtables v2.0 registered
[STDERR  ] 2018-01-19T12:19:05.325890583Z: [    2.871425] 8021q: 802.1Q VLAN Support v1.8
[STDERR  ] 2018-01-19T12:19:05.32589628Z: [    2.875650] 9pnet: Installing 9P2000 support
[STDERR  ] 2018-01-19T12:19:05.325902048Z: [    2.880302] sd 0:0:0:0: [sda] Write Protect is off
[STDERR  ] 2018-01-19T12:19:05.325913856Z: [    2.885581] scsi 2:0:0:0: CD-ROM            QEMU     QEMU DVD-ROM     2.5+ PQ: 0 ANSI: 5
[STDERR  ] 2018-01-19T12:19:05.325922519Z: [    2.893889] sd 0:0:0:0: [sda] Write cache: enabled, read cache: enabled, doesn't support DPO or FUA
[STDERR  ] 2018-01-19T12:19:05.325928293Z: [    2.903957] Key type dns_resolver registered
[STDERR  ] 2018-01-19T12:19:05.325934094Z: [    2.908706] microcode: sig=0x663, pf=0x1, revision=0x1
[STDERR  ] 2018-01-19T12:19:05.32594049Z: [    2.914591]  sda: sda1
[STDERR  ] 2018-01-19T12:19:05.32594868Z: [    2.917465] sd 0:0:0:0: [sda] Attached SCSI disk
[STDERR  ] 2018-01-19T12:19:05.325954392Z: [    2.923295] sr 2:0:0:0: [sr0] scsi3-mmc drive: 4x/4x cd/rw xa/form2 tray
[STDERR  ] 2018-01-19T12:19:05.32596475Z: [    2.930751] cdrom: Uniform CD-ROM driver Revision: 3.20
[STDERR  ] 2018-01-19T12:19:05.325971285Z: [    2.936645] microcode: Microcode Update Driver: v2.01 <tigran@aivazian.fsnet.co.uk>, Peter Oruba
[STDERR  ] 2018-01-19T12:19:05.32597958Z: [    2.946859] sr 2:0:0:0: Attached scsi generic sg1 type 5
[STDERR  ] 2018-01-19T12:19:05.325985953Z: [    2.952911] registered taskstats version 1
[STDERR  ] 2018-01-19T12:19:05.325991848Z: [    2.963021] Key type big_key registered
[STDERR  ] 2018-01-19T12:19:05.325999621Z: [    2.972580] Key type encrypted registered
[STDERR  ] 2018-01-19T12:19:05.326005217Z: [    2.978466] rtc_cmos 00:00: setting system clock to 2018-01-19 12:18:52 UTC (1516364332)
[STDERR  ] 2018-01-19T12:19:05.326011516Z: [    2.989837] Freeing unused kernel memory: 1396K
[STDERR  ] 2018-01-19T12:19:05.326017319Z: [    2.994962] Write protecting the kernel read-only data: 12288k
[STDERR  ] 2018-01-19T12:19:05.326023401Z: [    3.001817] Freeing unused kernel memory: 124K
[STDERR  ] 2018-01-19T12:19:05.326029Z: [    3.010484] Freeing unused kernel memory: 1396K
[STDERR  ] 2018-01-19T12:19:05.326034739Z: 
[STDERR  ] 2018-01-19T12:19:05.326040497Z: Welcome to LinuxKit
[STDERR  ] 2018-01-19T12:19:05.326046336Z: 
[STDERR  ] 2018-01-19T12:19:05.326052083Z:                         ##         .
[STDERR  ] 2018-01-19T12:19:05.326058147Z:                   ## ## ##        ==
[STDERR  ] 2018-01-19T12:19:05.326063814Z:                ## ## ## ## ##    ===
[STDERR  ] 2018-01-19T12:19:05.326072665Z:            /"""""""""""""""""\___/ ===
[STDERR  ] 2018-01-19T12:19:05.326078603Z:           {                       /  ===-
[STDERR  ] 2018-01-19T12:19:05.326084294Z:            \______ O           __/
[STDERR  ] 2018-01-19T12:19:05.326089972Z:              \    \         __/
[STDERR  ] 2018-01-19T12:19:05.326096041Z:               \____\_______/
[STDERR  ] 2018-01-19T12:19:05.326103648Z: 
[STDERR  ] 2018-01-19T12:19:05.326109583Z: [    3.585991] IPVS: Creating netns size=2104 id=1
[STDERR  ] 2018-01-19T12:19:05.326115359Z: [    3.591223] IPVS: ftp: loaded support on port[0] = 21
[STDERR  ] 2018-01-19T12:19:05.326124039Z: [    3.701161]  sda:
[STDERR  ] 2018-01-19T12:19:05.326129808Z: [    3.709332]  sda:
[STDERR  ] 2018-01-19T12:19:05.326135477Z: [    3.721401]  sda: sda1
[STDERR  ] 2018-01-19T12:19:05.326141177Z: [    3.731357]  sda: sda1
[STDERR  ] 2018-01-19T12:19:05.326147006Z: [    3.740111]  sda: sda1
[STDERR  ] 2018-01-19T12:19:05.32615258Z: 2018/01/19 12:18:53 Successfully resized /dev/sda
[STDERR  ] 2018-01-19T12:19:05.326158259Z: [    4.911146] IPVS: Creating netns size=2104 id=2
[STDERR  ] 2018-01-19T12:19:05.326163827Z: [    4.916864] IPVS: ftp: loaded support on port[0] = 21
[STDERR  ] 2018-01-19T12:19:05.326169939Z: [    4.961001] EXT4-fs (sda1): couldn't mount as ext3 due to feature incompatibilities
[STDERR  ] 2018-01-19T12:19:05.326175657Z: [    4.971251] EXT4-fs (sda1): couldn't mount as ext2 due to feature incompatibilities
[STDERR  ] 2018-01-19T12:19:05.326181386Z: [    4.988260] EXT4-fs (sda1): mounted filesystem with ordered data mode. Opts: (null)
[STDERR  ] 2018-01-19T12:19:05.326187007Z: + [ -f /var/lib/docker/bar ]
[STDERR  ] 2018-01-19T12:19:05.326192656Z: + touch /var/lib/docker/foo
[STDERR  ] 2018-01-19T12:19:05.326198116Z: + grep -qE [4-5][0-9]{2}\.[0-9]{1,}M
[STDERR  ] 2018-01-19T12:19:05.32620388Z: + df -h
[STDERR  ] 2018-01-19T12:19:05.326209963Z: + printf extend test suite PASSED\n
[STDERR  ] 2018-01-19T12:19:05.326215683Z: extend test suite PASSED
[STDERR  ] 2018-01-19T12:19:05.326225294Z: [   15.464824] sd 0:0:0:0: [sda] Synchronizing SCSI cache
[STDERR  ] 2018-01-19T12:19:05.326232202Z: [   15.471540] sd 0:0:0:0: [sda] Stopping disk
[STDERR  ] 2018-01-19T12:19:05.326237847Z: [   15.476454] ACPI: Preparing to enter system sleep state S5
[STDERR  ] 2018-01-19T12:19:05.326244174Z: [   15.481105] reboot: Power down
[STDERR  ] 2018-01-19T12:19:05.326250427Z: + echo [    0.000000] Linux version 4.9.77-linuxkit (root@8aa31b9489e8) (gcc version 6.4.0 (Alpine 6.4.0) ) #1 SMP Wed Jan 17 14:57:17 UTC 2018
[STDERR  ] 2018-01-19T12:19:05.326256422Z: [    0.000000] Command line: console=ttyS0 console=ttyAMA0
[STDERR  ] 2018-01-19T12:19:05.326262551Z: [    0.000000] x86/fpu: Legacy x87 FPU detected.
[STDERR  ] 2018-01-19T12:19:05.326268507Z: [    0.000000] x86/fpu: Using 'eager' FPU context switches.
[STDERR  ] 2018-01-19T12:19:05.326274839Z: [    0.000000] e820: BIOS-provided physical RAM map:
[STDERR  ] 2018-01-19T12:19:05.326280654Z: [    0.000000] BIOS-e820: [mem 0x0000000000000000-0x000000000009fbff] usable
[STDERR  ] 2018-01-19T12:19:05.326286845Z: [    0.000000] BIOS-e820: [mem 0x000000000009fc00-0x000000000009ffff] reserved
[STDERR  ] 2018-01-19T12:19:05.326294617Z: [    0.000000] BIOS-e820: [mem 0x00000000000f0000-0x00000000000fffff] reserved
[STDERR  ] 2018-01-19T12:19:05.326301271Z: [    0.000000] BIOS-e820: [mem 0x0000000000100000-0x000000003ffdefff] usable
[STDERR  ] 2018-01-19T12:19:05.326307525Z: [    0.000000] BIOS-e820: [mem 0x000000003ffdf000-0x000000003fffffff] reserved
[STDERR  ] 2018-01-19T12:19:05.326313363Z: [    0.000000] BIOS-e820: [mem 0x00000000b0000000-0x00000000bfffffff] reserved
[STDERR  ] 2018-01-19T12:19:05.326319237Z: [    0.000000] BIOS-e820: [mem 0x00000000fed1c000-0x00000000fed1ffff] reserved
[STDERR  ] 2018-01-19T12:19:05.326324979Z: [    0.000000] BIOS-e820: [mem 0x00000000feffc000-0x00000000feffffff] reserved
[STDERR  ] 2018-01-19T12:19:05.326330719Z: [    0.000000] BIOS-e820: [mem 0x00000000fffc0000-0x00000000ffffffff] reserved
[STDERR  ] 2018-01-19T12:19:05.326339559Z: [    0.000000] NX (Execute Disable) protection: active
[STDERR  ] 2018-01-19T12:19:05.326345839Z: [    0.000000] SMBIOS 2.8 present.
[STDERR  ] 2018-01-19T12:19:05.326351928Z: [    0.000000] Hypervisor detected: KVM
[STDERR  ] 2018-01-19T12:19:05.326357622Z: [    0.000000] e820: last_pfn = 0x3ffdf max_arch_pfn = 0x400000000
[STDERR  ] 2018-01-19T12:19:05.32636628Z: [    0.000000] x86/PAT: PAT not supported by CPU.
[STDERR  ] 2018-01-19T12:19:05.326372263Z: [    0.000000] x86/PAT: Configuration [0-7]: WB  WT  UC- UC  WB  WT  UC- UC  
[STDERR  ] 2018-01-19T12:19:05.326377851Z: [    0.000000] found SMP MP-table at [mem 0x000f6aa0-0x000f6aaf] mapped at [ffff943f000f6aa0]
[STDERR  ] 2018-01-19T12:19:05.326383787Z: [    0.000000] RAMDISK: [mem 0x3deb7000-0x3ffcffff]
[STDERR  ] 2018-01-19T12:19:05.326389496Z: [    0.000000] ACPI: Early table checksum verification disabled
[STDERR  ] 2018-01-19T12:19:05.326395165Z: [    0.000000] ACPI: RSDP 0x00000000000F68B0 000014 (v00 BOCHS )
[STDERR  ] 2018-01-19T12:19:05.326401039Z: [    0.000000] ACPI: RSDT 0x000000003FFE20A8 000034 (v01 BOCHS  BXPCRSDT 00000001 BXPC 00000001)
[STDERR  ] 2018-01-19T12:19:05.326406803Z: [    0.000000] ACPI: FACP 0x000000003FFE1EC8 0000F4 (v03 BOCHS  BXPCFACP 00000001 BXPC 00000001)
[STDERR  ] 2018-01-19T12:19:05.326412454Z: [    0.000000] ACPI: DSDT 0x000000003FFE0040 001E88 (v01 BOCHS  BXPCDSDT 00000001 BXPC 00000001)
[STDERR  ] 2018-01-19T12:19:05.326418319Z: [    0.000000] ACPI: FACS 0x000000003FFE0000 000040
[STDERR  ] 2018-01-19T12:19:05.326424066Z: [    0.000000] ACPI: APIC 0x000000003FFE1FBC 000078 (v01 BOCHS  BXPCAPIC 00000001 BXPC 00000001)
[STDERR  ] 2018-01-19T12:19:05.326429688Z: [    0.000000] ACPI: HPET 0x000000003FFE2034 000038 (v01 BOCHS  BXPCHPET 00000001 BXPC 00000001)
[STDERR  ] 2018-01-19T12:19:05.326435427Z: [    0.000000] ACPI: MCFG 0x000000003FFE206C 00003C (v01 BOCHS  BXPCMCFG 00000001 BXPC 00000001)
[STDERR  ] 2018-01-19T12:19:05.326440967Z: [    0.000000] kvm-clock: Using msrs 4b564d01 and 4b564d00
[STDERR  ] 2018-01-19T12:19:05.32644674Z: [    0.000000] kvm-clock: cpu 0, msr 0:3ffdd001, primary cpu clock
[STDERR  ] 2018-01-19T12:19:05.326452477Z: [    0.000000] clocksource: kvm-clock: mask: 0xffffffffffffffff max_cycles: 0x1cd42e4dffb, max_idle_ns: 881590591483 ns
[STDERR  ] 2018-01-19T12:19:05.326458354Z: [    0.000000] Zone ranges:
[STDERR  ] 2018-01-19T12:19:05.326464346Z: [    0.000000]   DMA      [mem 0x0000000000001000-0x0000000000ffffff]
[STDERR  ] 2018-01-19T12:19:05.326470556Z: [    0.000000]   DMA32    [mem 0x0000000001000000-0x000000003ffdefff]
[STDERR  ] 2018-01-19T12:19:05.326476172Z: [    0.000000]   Normal   empty
[STDERR  ] 2018-01-19T12:19:05.326481827Z: [    0.000000] Movable zone start for each node
[STDERR  ] 2018-01-19T12:19:05.326487451Z: [    0.000000] Early memory node ranges
[STDERR  ] 2018-01-19T12:19:05.326495527Z: [    0.000000]   node   0: [mem 0x0000000000001000-0x000000000009efff]
[STDERR  ] 2018-01-19T12:19:05.326501354Z: [    0.000000]   node   0: [mem 0x0000000000100000-0x000000003ffdefff]
[STDERR  ] 2018-01-19T12:19:05.326507396Z: [    0.000000] Initmem setup node 0 [mem 0x0000000000001000-0x000000003ffdefff]
[STDERR  ] 2018-01-19T12:19:05.326515417Z: [    0.000000] ACPI: PM-Timer IO Port: 0x608
[STDERR  ] 2018-01-19T12:19:05.326521216Z: [    0.000000] ACPI: LAPIC_NMI (acpi_id[0xff] dfl dfl lint[0x1])
[STDERR  ] 2018-01-19T12:19:05.3265269Z: [    0.000000] IOAPIC[0]: apic_id 0, version 17, address 0xfec00000, GSI 0-23
[STDERR  ] 2018-01-19T12:19:05.326532782Z: [    0.000000] ACPI: INT_SRC_OVR (bus 0 bus_irq 0 global_irq 2 dfl dfl)
[STDERR  ] 2018-01-19T12:19:05.326539536Z: [    0.000000] ACPI: INT_SRC_OVR (bus 0 bus_irq 5 global_irq 5 high level)
[STDERR  ] 2018-01-19T12:19:05.326545692Z: [    0.000000] ACPI: INT_SRC_OVR (bus 0 bus_irq 9 global_irq 9 high level)
[STDERR  ] 2018-01-19T12:19:05.326551552Z: [    0.000000] ACPI: INT_SRC_OVR (bus 0 bus_irq 10 global_irq 10 high level)
[STDERR  ] 2018-01-19T12:19:05.326557211Z: [    0.000000] ACPI: INT_SRC_OVR (bus 0 bus_irq 11 global_irq 11 high level)
[STDERR  ] 2018-01-19T12:19:05.326566054Z: [    0.000000] Using ACPI (MADT) for SMP configuration information
[STDERR  ] 2018-01-19T12:19:05.326571903Z: [    0.000000] ACPI: HPET id: 0x8086a201 base: 0xfed00000
[STDERR  ] 2018-01-19T12:19:05.326578147Z: [    0.000000] smpboot: Allowing 1 CPUs, 0 hotplug CPUs
[STDERR  ] 2018-01-19T12:19:05.32658614Z: [    0.000000] e820: [mem 0x40000000-0xafffffff] available for PCI devices
[STDERR  ] 2018-01-19T12:19:05.326592078Z: [    0.000000] Booting paravirtualized kernel on KVM
[STDERR  ] 2018-01-19T12:19:05.326597729Z: [    0.000000] clocksource: refined-jiffies: mask: 0xffffffff max_cycles: 0xffffffff, max_idle_ns: 19112604462750000 ns
[STDERR  ] 2018-01-19T12:19:05.326603342Z: [    0.000000] setup_percpu: NR_CPUS:128 nr_cpumask_bits:128 nr_cpu_ids:1 nr_node_ids:1
[STDERR  ] 2018-01-19T12:19:05.326608952Z: [    0.000000] percpu: Embedded 36 pages/cpu @ffff943f3dc00000 s106904 r8192 d32360 u2097152
[STDERR  ] 2018-01-19T12:19:05.326614754Z: [    0.000000] KVM setup async PF for cpu 0
[STDERR  ] 2018-01-19T12:19:05.326620394Z: [    0.000000] kvm-stealtime: cpu 0, msr 3dc0fd80
[STDERR  ] 2018-01-19T12:19:05.326626105Z: [    0.000000] Built 1 zonelists in Zone order, mobility grouping on.  Total pages: 257896
[STDERR  ] 2018-01-19T12:19:05.326634239Z: [    0.000000] Kernel command line: console=ttyS0 console=ttyAMA0
[STDERR  ] 2018-01-19T12:19:05.326640356Z: [    0.000000] PID hash table entries: 4096 (order: 3, 32768 bytes)
[STDERR  ] 2018-01-19T12:19:05.326648007Z: [    0.000000] Dentry cache hash table entries: 131072 (order: 8, 1048576 bytes)
[STDERR  ] 2018-01-19T12:19:05.326654089Z: [    0.000000] Inode-cache hash table entries: 65536 (order: 7, 524288 bytes)
[STDERR  ] 2018-01-19T12:19:05.326660318Z: [    0.000000] Memory: 980232K/1048052K available (8054K kernel code, 1391K rwdata, 2700K rodata, 1396K init, 564K bss, 67820K reserved, 0K cma-reserved)
