[INFO    ] 2017-06-13T19:39:27.682724568Z: Running Test linuxkit.packages.dhcpcd in /tmp/build/test/cases/040_packages/004_dhcpcd
[INFO    ] 2017-06-13T19:39:27.682797851Z: Running command: [/bin/sh -x /tmp/build/test/cases/040_packages/004_dhcpcd/test.sh]
[STDERR  ] 2017-06-13T19:39:27.700892992Z: + set -e
[STDERR  ] 2017-06-13T19:39:27.700938582Z: + . /tmp/build/test/cases/_lib/lib.sh
[STDERR  ] 2017-06-13T19:39:27.701002375Z: + [ -f src/github.com/linuxkit/rtf/lib/lib.sh ]
[STDERR  ] 2017-06-13T19:39:27.701075612Z: + LINUXKIT_TMPDIR=/tmp/build/test/cases/_tmp
[STDERR  ] 2017-06-13T19:39:27.701104544Z: + [ -f /tmp/build/test/cases/_tmp/env.sh ]
[STDERR  ] 2017-06-13T19:39:27.701127938Z: + . /tmp/build/test/cases/_tmp/env.sh
[STDERR  ] 2017-06-13T19:39:27.701171951Z: + export LINUXKIT_EXAMPLES_DIR=/tmp/build/test/cases/../../examples
[STDERR  ] 2017-06-13T19:39:27.701199088Z: + RT_CANCEL=253
[STDERR  ] 2017-06-13T19:39:27.701249838Z: + trap clean_up EXIT
[STDERR  ] 2017-06-13T19:39:27.701278442Z: + moby build -output kernel+initrd test-dhcpcd.yml
[STDERR  ] 2017-06-13T19:39:27.723331746Z: Extract kernel image: linuxkit/kernel:4.9.x
[STDERR  ] 2017-06-13T19:39:29.330629755Z: Add init containers:
[STDERR  ] 2017-06-13T19:39:29.330684738Z: Process init image: linuxkit/init:2599bcd5013ce5962aa155ee8929c26160de13bd
[STDERR  ] 2017-06-13T19:39:30.633951111Z: Process init image: linuxkit/runc:3a4e6cbf15470f62501b019b55e1caac5ee7689f
[STDERR  ] 2017-06-13T19:39:31.998894377Z: Process init image: linuxkit/containerd:b50181bc6e0084e5fcd6b6ad3cf433c4f66cae5a
[STDERR  ] 2017-06-13T19:39:33.738515308Z: Add onboot containers:
[STDERR  ] 2017-06-13T19:39:33.738577032Z:   Create OCI config for linuxkit/dhcpcd:7d2b8aaaf20c24ad7d11a5ea2ea5b4a80dc966f1
[STDERR  ] 2017-06-13T19:39:35.511360345Z:   Create OCI config for alpine:3.6
[STDERR  ] 2017-06-13T19:39:36.763548639Z:   Create OCI config for linuxkit/poweroff:7404cf2295df89ccfa2dda41997a28307a90cf28
[STDERR  ] 2017-06-13T19:39:37.956903617Z: Add files:
[STDERR  ] 2017-06-13T19:39:37.956973856Z:   check.sh
[STDERR  ] 2017-06-13T19:39:38.012206273Z: Create outputs:
[STDERR  ] 2017-06-13T19:39:44.022146827Z:   test-dhcpcd-kernel test-dhcpcd-initrd.img test-dhcpcd-cmdline
[STDERR  ] 2017-06-13T19:39:44.065870085Z: + linuxkit run test-dhcpcd
[STDERR  ] 2017-06-13T19:39:44.080929744Z: Unable to find qemu-system-x86_64 within the $PATH. Using a container
[STDERR  ] 2017-06-13T19:40:17.560697414Z: + RESULT=[    0.000000] Linux version 4.9.31-linuxkit (root@84baa8e89c00) (gcc version 6.2.1 20160822 (Alpine 6.2.1) ) #1 SMP Wed Jun 7 21:45:43 UTC 2017
[STDERR  ] 2017-06-13T19:40:17.560712418Z: [    0.000000] Command line: console=ttyS0 page_poison=1
[STDERR  ] 2017-06-13T19:40:17.560719985Z: [    0.000000] x86/fpu: Legacy x87 FPU detected.
[STDERR  ] 2017-06-13T19:40:17.560723338Z: [    0.000000] x86/fpu: Using 'eager' FPU context switches.
[STDERR  ] 2017-06-13T19:40:17.560729464Z: [    0.000000] e820: BIOS-provided physical RAM map:
[STDERR  ] 2017-06-13T19:40:17.560739454Z: [    0.000000] BIOS-e820: [mem 0x0000000000000000-0x000000000009fbff] usable
[STDERR  ] 2017-06-13T19:40:17.560745826Z: [    0.000000] BIOS-e820: [mem 0x000000000009fc00-0x000000000009ffff] reserved
[STDERR  ] 2017-06-13T19:40:17.560751886Z: [    0.000000] BIOS-e820: [mem 0x00000000000f0000-0x00000000000fffff] reserved
[STDERR  ] 2017-06-13T19:40:17.56075774Z: [    0.000000] BIOS-e820: [mem 0x0000000000100000-0x000000003ffdefff] usable
[STDERR  ] 2017-06-13T19:40:17.560763748Z: [    0.000000] BIOS-e820: [mem 0x000000003ffdf000-0x000000003fffffff] reserved
[STDERR  ] 2017-06-13T19:40:17.560767056Z: [    0.000000] BIOS-e820: [mem 0x00000000b0000000-0x00000000bfffffff] reserved
[STDERR  ] 2017-06-13T19:40:17.56077673Z: [    0.000000] BIOS-e820: [mem 0x00000000fed1c000-0x00000000fed1ffff] reserved
[STDERR  ] 2017-06-13T19:40:17.560782981Z: [    0.000000] BIOS-e820: [mem 0x00000000fffc0000-0x00000000ffffffff] reserved
[STDERR  ] 2017-06-13T19:40:17.560788737Z: [    0.000000] NX (Execute Disable) protection: active
[STDERR  ] 2017-06-13T19:40:17.560792074Z: [    0.000000] SMBIOS 2.8 present.
[STDERR  ] 2017-06-13T19:40:17.560807891Z: [    0.000000] e820: last_pfn = 0x3ffdf max_arch_pfn = 0x400000000
[STDERR  ] 2017-06-13T19:40:17.560813711Z: [    0.000000] x86/PAT: Configuration [0-7]: WB  WC  UC- UC  WB  WC  UC- WT  
[STDERR  ] 2017-06-13T19:40:17.560821974Z: [    0.000000] found SMP MP-table at [mem 0x000f6aa0-0x000f6aaf] mapped at [ffff9a03800f6aa0]
[STDERR  ] 2017-06-13T19:40:17.560828256Z: [    0.000000] RAMDISK: [mem 0x3e047000-0x3ffcffff]
[STDERR  ] 2017-06-13T19:40:17.560836677Z: [    0.000000] ACPI: Early table checksum verification disabled
[STDERR  ] 2017-06-13T19:40:17.560843964Z: [    0.000000] ACPI: RSDP 0x00000000000F68C0 000014 (v00 BOCHS )
[STDERR  ] 2017-06-13T19:40:17.56085033Z: [    0.000000] ACPI: RSDT 0x000000003FFE2404 000034 (v01 BOCHS  BXPCRSDT 00000001 BXPC 00000001)
[STDERR  ] 2017-06-13T19:40:17.560855973Z: [    0.000000] ACPI: FACP 0x000000003FFE22A4 000074 (v01 BOCHS  BXPCFACP 00000001 BXPC 00000001)
[STDERR  ] 2017-06-13T19:40:17.560861648Z: [    0.000000] ACPI: DSDT 0x000000003FFE0040 002264 (v01 BOCHS  BXPCDSDT 00000001 BXPC 00000001)
[STDERR  ] 2017-06-13T19:40:17.560868543Z: [    0.000000] ACPI: FACS 0x000000003FFE0000 000040
[STDERR  ] 2017-06-13T19:40:17.560874607Z: [    0.000000] ACPI: APIC 0x000000003FFE2318 000078 (v01 BOCHS  BXPCAPIC 00000001 BXPC 00000001)
[STDERR  ] 2017-06-13T19:40:17.560880673Z: [    0.000000] ACPI: HPET 0x000000003FFE2390 000038 (v01 BOCHS  BXPCHPET 00000001 BXPC 00000001)
[STDERR  ] 2017-06-13T19:40:17.560886193Z: [    0.000000] ACPI: MCFG 0x000000003FFE23C8 00003C (v01 BOCHS  BXPCMCFG 00000001 BXPC 00000001)
[STDERR  ] 2017-06-13T19:40:17.560891753Z: [    0.000000] Zone ranges:
[STDERR  ] 2017-06-13T19:40:17.560897767Z: [    0.000000]   DMA      [mem 0x0000000000001000-0x0000000000ffffff]
[STDERR  ] 2017-06-13T19:40:17.560905291Z: [    0.000000]   DMA32    [mem 0x0000000001000000-0x000000003ffdefff]
[STDERR  ] 2017-06-13T19:40:17.560909701Z: [    0.000000]   Normal   empty
[STDERR  ] 2017-06-13T19:40:17.560916733Z: [    0.000000] Movable zone start for each node
[STDERR  ] 2017-06-13T19:40:17.56092579Z: [    0.000000] Early memory node ranges
[STDERR  ] 2017-06-13T19:40:17.560929424Z: [    0.000000]   node   0: [mem 0x0000000000001000-0x000000000009efff]
[STDERR  ] 2017-06-13T19:40:17.560941268Z: [    0.000000]   node   0: [mem 0x0000000000100000-0x000000003ffdefff]
[STDERR  ] 2017-06-13T19:40:17.560950271Z: [    0.000000] Initmem setup node 0 [mem 0x0000000000001000-0x000000003ffdefff]
[STDERR  ] 2017-06-13T19:40:17.560955846Z: [    0.000000] ACPI: PM-Timer IO Port: 0x608
[STDERR  ] 2017-06-13T19:40:17.560961853Z: [    0.000000] ACPI: LAPIC_NMI (acpi_id[0xff] dfl dfl lint[0x1])
[STDERR  ] 2017-06-13T19:40:17.560972153Z: [    0.000000] IOAPIC[0]: apic_id 0, version 32, address 0xfec00000, GSI 0-23
[STDERR  ] 2017-06-13T19:40:17.560975217Z: [    0.000000] ACPI: INT_SRC_OVR (bus 0 bus_irq 0 global_irq 2 dfl dfl)
[STDERR  ] 2017-06-13T19:40:17.56098299Z: [    0.000000] ACPI: INT_SRC_OVR (bus 0 bus_irq 5 global_irq 5 high level)
[STDERR  ] 2017-06-13T19:40:17.560991111Z: [    0.000000] ACPI: INT_SRC_OVR (bus 0 bus_irq 9 global_irq 9 high level)
[STDERR  ] 2017-06-13T19:40:17.560996504Z: [    0.000000] ACPI: INT_SRC_OVR (bus 0 bus_irq 10 global_irq 10 high level)
[STDERR  ] 2017-06-13T19:40:17.561001884Z: [    0.000000] ACPI: INT_SRC_OVR (bus 0 bus_irq 11 global_irq 11 high level)
[STDERR  ] 2017-06-13T19:40:17.561008263Z: [    0.000000] Using ACPI (MADT) for SMP configuration information
[STDERR  ] 2017-06-13T19:40:17.561014281Z: [    0.000000] ACPI: HPET id: 0x8086a201 base: 0xfed00000
[STDERR  ] 2017-06-13T19:40:17.561019797Z: [    0.000000] smpboot: Allowing 1 CPUs, 0 hotplug CPUs
[STDERR  ] 2017-06-13T19:40:17.561025416Z: [    0.000000] e820: [mem 0x40000000-0xafffffff] available for PCI devices
[STDERR  ] 2017-06-13T19:40:17.561030893Z: [    0.000000] Booting paravirtualized kernel on bare hardware
[STDERR  ] 2017-06-13T19:40:17.56103364Z: [    0.000000] clocksource: refined-jiffies: mask: 0xffffffff max_cycles: 0xffffffff, max_idle_ns: 19112604462750000 ns
[STDERR  ] 2017-06-13T19:40:17.56104361Z: [    0.000000] setup_percpu: NR_CPUS:128 nr_cpumask_bits:128 nr_cpu_ids:1 nr_node_ids:1
[STDERR  ] 2017-06-13T19:40:17.561052027Z: [    0.000000] percpu: Embedded 35 pages/cpu @ffff9a03bde00000 s105240 r8192 d29928 u2097152
[STDERR  ] 2017-06-13T19:40:17.561054803Z: [    0.000000] Built 1 zonelists in Zone order, mobility grouping on.  Total pages: 257896
[STDERR  ] 2017-06-13T19:40:17.561062887Z: [    0.000000] Kernel command line: console=ttyS0 page_poison=1
[STDERR  ] 2017-06-13T19:40:17.561068508Z: [    0.000000] PID hash table entries: 4096 (order: 3, 32768 bytes)
[STDERR  ] 2017-06-13T19:40:17.561071171Z: [    0.000000] Dentry cache hash table entries: 131072 (order: 8, 1048576 bytes)
[STDERR  ] 2017-06-13T19:40:17.5610795Z: [    0.000000] Inode-cache hash table entries: 65536 (order: 7, 524288 bytes)
[STDERR  ] 2017-06-13T19:40:17.561082446Z: [    0.000000] Memory: 979488K/1048052K available (9526K kernel code, 1595K rwdata, 3120K rodata, 1456K init, 604K bss, 68564K reserved, 0K cma-reserved)
[STDERR  ] 2017-06-13T19:40:17.561092648Z: [    0.000000] Hierarchical RCU implementation.
[STDERR  ] 2017-06-13T19:40:17.561096408Z: [    0.000000] 	Build-time adjustment of leaf fanout to 64.
[STDERR  ] 2017-06-13T19:40:17.561104923Z: [    0.000000] 	RCU restricting CPUs from NR_CPUS=128 to nr_cpu_ids=1.
[STDERR  ] 2017-06-13T19:40:17.561110224Z: [    0.000000] RCU: Adjusting geometry for rcu_fanout_leaf=64, nr_cpu_ids=1
[STDERR  ] 2017-06-13T19:40:17.561116111Z: [    0.000000] NR_IRQS:8448 nr_irqs:256 16
[STDERR  ] 2017-06-13T19:40:17.561121954Z: [    0.000000] Console: colour VGA+ 80x25
[STDERR  ] 2017-06-13T19:40:17.56112735Z: [    0.000000] console [ttyS0] enabled
[STDERR  ] 2017-06-13T19:40:17.56113007Z: [    0.000000] allocated 2097152 bytes of page_ext
[STDERR  ] 2017-06-13T19:40:17.561139878Z: [    0.000000] clocksource: hpet: mask: 0xffffffff max_cycles: 0xffffffff, max_idle_ns: 19112604467 ns
[STDERR  ] 2017-06-13T19:40:17.56114545Z: [    0.000000] tsc: Fast TSC calibration failed
[STDERR  ] 2017-06-13T19:40:17.56115086Z: [    0.000000] tsc: Unable to calibrate against PIT
[STDERR  ] 2017-06-13T19:40:17.561153591Z: [    0.000000] tsc: using HPET reference calibration
[STDERR  ] 2017-06-13T19:40:17.561167111Z: [    0.000000] tsc: Detected 2600.023 MHz processor
[STDERR  ] 2017-06-13T19:40:17.56117254Z: [    0.051372] Calibrating delay loop (skipped), value calculated using timer frequency.. 5200.04 BogoMIPS (lpj=26000230)
[STDERR  ] 2017-06-13T19:40:17.561176607Z: [    0.061493] pid_max: default: 32768 minimum: 301
[STDERR  ] 2017-06-13T19:40:17.5611845Z: [    0.062702] ACPI: Core revision 20160831
[STDERR  ] 2017-06-13T19:40:17.561187364Z: [    0.106595] ACPI: 1 ACPI AML tables successfully acquired and loaded
[STDERR  ] 2017-06-13T19:40:17.56119729Z: [    0.110392] Security Framework initialized
[STDERR  ] 2017-06-13T19:40:17.561200326Z: [    0.110974] Yama: becoming mindful.
[STDERR  ] 2017-06-13T19:40:17.561208561Z: [    0.113011] Mount-cache hash table entries: 2048 (order: 2, 16384 bytes)
[STDERR  ] 2017-06-13T19:40:17.561214261Z: [    0.113741] Mountpoint-cache hash table entries: 2048 (order: 2, 16384 bytes)
[STDERR  ] 2017-06-13T19:40:17.561217104Z: [    0.132910] Last level iTLB entries: 4KB 0, 2MB 0, 4MB 0
[STDERR  ] 2017-06-13T19:40:17.561226231Z: [    0.133572] Last level dTLB entries: 4KB 0, 2MB 0, 4MB 0, 1GB 0
[STDERR  ] 2017-06-13T19:40:17.561231674Z: [    0.538545] Freeing SMP alternatives memory: 24K (ffffffffab0fc000 - ffffffffab102000)
[STDERR  ] 2017-06-13T19:40:17.561241327Z: [    0.547732] ftrace: allocating 41866 entries in 164 pages
[STDERR  ] 2017-06-13T19:40:17.561246873Z: [    0.729523] smpboot: Max logical packages: 1
[STDERR  ] 2017-06-13T19:40:17.561252483Z: [    0.734721] ..TIMER: vector=0x30 apic1=0 pin1=2 apic2=-1 pin2=-1
[STDERR  ] 2017-06-13T19:40:17.561259683Z: [    0.840000] smpboot: CPU0: AMD QEMU Virtual CPU version 2.5+ (family: 0x6, model: 0x6, stepping: 0x3)
[STDERR  ] 2017-06-13T19:40:17.561268417Z: [    0.840000] Performance Events: PMU not available due to virtualization, using software events only.
[STDERR  ] 2017-06-13T19:40:17.561274284Z: [    0.849173] NMI watchdog: disabled (cpu0): hardware events not enabled
[STDERR  ] 2017-06-13T19:40:17.56127981Z: [    0.850200] NMI watchdog: Shutting down hard lockup detector on all cpus
[STDERR  ] 2017-06-13T19:40:17.561289756Z: [    0.852935] x86: Booted up 1 node, 1 CPUs
[STDERR  ] 2017-06-13T19:40:17.561295207Z: [    0.853431] smpboot: Total of 1 processors activated (5200.04 BogoMIPS)
[STDERR  ] 2017-06-13T19:40:17.561301108Z: [    0.867163] devtmpfs: initialized
[STDERR  ] 2017-06-13T19:40:17.56130399Z: [    0.872425] x86/mm: Memory block size: 128MB
[STDERR  ] 2017-06-13T19:40:17.561312898Z: [    0.933417] clocksource: jiffies: mask: 0xffffffff max_cycles: 0xffffffff, max_idle_ns: 19112604462750000 ns
[STDERR  ] 2017-06-13T19:40:17.56131615Z: [    0.934817] futex hash table entries: 256 (order: 2, 16384 bytes)
[STDERR  ] 2017-06-13T19:40:17.561326336Z: [    0.942674] NET: Registered protocol family 16
[STDERR  ] 2017-06-13T19:40:17.561331816Z: [    0.952741] cpuidle: using governor ladder
[STDERR  ] 2017-06-13T19:40:17.561334638Z: [    0.953450] cpuidle: using governor menu
[STDERR  ] 2017-06-13T19:40:17.561341652Z: [    0.954834] ACPI: bus type PCI registered
[STDERR  ] 2017-06-13T19:40:17.561351996Z: [    0.957793] PCI: MMCONFIG for domain 0000 [bus 00-ff] at [mem 0xb0000000-0xbfffffff] (base 0xb0000000)
[STDERR  ] 2017-06-13T19:40:17.561355097Z: [    0.958899] PCI: MMCONFIG at [mem 0xb0000000-0xbfffffff] reserved in E820
[STDERR  ] 2017-06-13T19:40:17.56136331Z: [    0.960618] PCI: Using configuration type 1 for base access
[STDERR  ] 2017-06-13T19:40:17.561369242Z: [    1.028549] HugeTLB registered 2 MB page size, pre-allocated 0 pages
[STDERR  ] 2017-06-13T19:40:17.561371833Z: [    1.042613] ACPI: Added _OSI(Module Device)
[STDERR  ] 2017-06-13T19:40:17.561380238Z: [    1.043118] ACPI: Added _OSI(Processor Device)
[STDERR  ] 2017-06-13T19:40:17.561386063Z: [    1.043531] ACPI: Added _OSI(3.0 _SCP Extensions)
[STDERR  ] 2017-06-13T19:40:17.5613894Z: [    1.043972] ACPI: Added _OSI(Processor Aggregator Device)
[STDERR  ] 2017-06-13T19:40:17.56140183Z: [    1.119012] ACPI: Interpreter enabled
[STDERR  ] 2017-06-13T19:40:17.561404743Z: [    1.120483] ACPI: (supports S0 S5)
[STDERR  ] 2017-06-13T19:40:17.561413144Z: [    1.120898] ACPI: Using IOAPIC for interrupt routing
[STDERR  ] 2017-06-13T19:40:17.561419187Z: [    1.123151] PCI: Using host bridge windows from ACPI; if necessary, use "pci=nocrs" and report a bug
[STDERR  ] 2017-06-13T19:40:17.561424846Z: [    1.189728] ACPI: PCI Root Bridge [PCI0] (domain 0000 [bus 00-ff])
[STDERR  ] 2017-06-13T19:40:17.561427702Z: [    1.190743] acpi PNP0A08:00: _OSC: OS supports [ExtendedConfig ASPM ClockPM Segments MSI]
[STDERR  ] 2017-06-13T19:40:17.561433344Z: [    1.196892] acpi PNP0A08:00: _OSC: OS now controls [PCIeHotplug PME PCIeCapability]
[STDERR  ] 2017-06-13T19:40:17.561441982Z: [    1.201628] PCI host bridge to bus 0000:00
[STDERR  ] 2017-06-13T19:40:17.56144756Z: [    1.202295] pci_bus 0000:00: root bus resource [io  0x0000-0x0cf7 window]
[STDERR  ] 2017-06-13T19:40:17.561452718Z: [    1.202969] pci_bus 0000:00: root bus resource [io  0x0d00-0xffff window]
[STDERR  ] 2017-06-13T19:40:17.561458028Z: [    1.203591] pci_bus 0000:00: root bus resource [mem 0x000a0000-0x000bffff window]
[STDERR  ] 2017-06-13T19:40:17.561461078Z: [    1.204280] pci_bus 0000:00: root bus resource [mem 0xc0000000-0xfebfffff window]
[STDERR  ] 2017-06-13T19:40:17.561466333Z: [    1.205172] pci_bus 0000:00: root bus resource [bus 00-ff]
[STDERR  ] 2017-06-13T19:40:17.561475647Z: [    1.294292] pci 0000:00:1f.0: quirk: [io  0x0600-0x067f] claimed by ICH6 ACPI/GPIO/TCO
[STDERR  ] 2017-06-13T19:40:17.561481092Z: [    1.351173] ACPI: PCI Interrupt Link [LNKA] (IRQs 5 *10 11)
[STDERR  ] 2017-06-13T19:40:17.561487234Z: [    1.353745] ACPI: PCI Interrupt Link [LNKB] (IRQs 5 *10 11)
[STDERR  ] 2017-06-13T19:40:17.5614949Z: [    1.355881] ACPI: PCI Interrupt Link [LNKC] (IRQs 5 10 *11)
[STDERR  ] 2017-06-13T19:40:17.561503258Z: [    1.358010] ACPI: PCI Interrupt Link [LNKD] (IRQs 5 10 *11)
[STDERR  ] 2017-06-13T19:40:17.561508584Z: [    1.360335] ACPI: PCI Interrupt Link [LNKE] (IRQs 5 *10 11)
[STDERR  ] 2017-06-13T19:40:17.561523842Z: [    1.362489] ACPI: PCI Interrupt Link [LNKF] (IRQs 5 *10 11)
[STDERR  ] 2017-06-13T19:40:17.561529777Z: [    1.364607] ACPI: PCI Interrupt Link [LNKG] (IRQs 5 10 *11)
[STDERR  ] 2017-06-13T19:40:17.561534947Z: [    1.366729] ACPI: PCI Interrupt Link [LNKH] (IRQs 5 10 *11)
[STDERR  ] 2017-06-13T19:40:17.561543074Z: [    1.367944] ACPI: PCI Interrupt Link [GSIA] (IRQs *16)
[STDERR  ] 2017-06-13T19:40:17.561548676Z: [    1.368869] ACPI: PCI Interrupt Link [GSIB] (IRQs *17)
[STDERR  ] 2017-06-13T19:40:17.561551472Z: [    1.369781] ACPI: PCI Interrupt Link [GSIC] (IRQs *18)
[STDERR  ] 2017-06-13T19:40:17.561559553Z: [    1.370638] ACPI: PCI Interrupt Link [GSID] (IRQs *19)
[STDERR  ] 2017-06-13T19:40:17.561564939Z: [    1.371552] ACPI: PCI Interrupt Link [GSIE] (IRQs *20)
[STDERR  ] 2017-06-13T19:40:17.56157116Z: [    1.372456] ACPI: PCI Interrupt Link [GSIF] (IRQs *21)
[STDERR  ] 2017-06-13T19:40:17.561577104Z: [    1.373380] ACPI: PCI Interrupt Link [GSIG] (IRQs *22)
[STDERR  ] 2017-06-13T19:40:17.561582403Z: [    1.374297] ACPI: PCI Interrupt Link [GSIH] (IRQs *23)
[STDERR  ] 2017-06-13T19:40:17.561587612Z: [    1.378298] ACPI: Enabled 2 GPEs in block 00 to 3F
[STDERR  ] 2017-06-13T19:40:17.561592889Z: [    1.383274] SCSI subsystem initialized
[STDERR  ] 2017-06-13T19:40:17.561598336Z: [    1.386643] pps_core: LinuxPPS API ver. 1 registered
[STDERR  ] 2017-06-13T19:40:17.561604063Z: [    1.387134] pps_core: Software ver. 5.3.6 - Copyright 2005-2007 Rodolfo Giometti <giometti@linux.it>
[STDERR  ] 2017-06-13T19:40:17.561610693Z: [    1.388170] PTP clock support registered
[STDERR  ] 2017-06-13T19:40:17.56161624Z: [    1.389549] wmi: Mapper loaded
[STDERR  ] 2017-06-13T19:40:17.561623573Z: [    1.390871] PCI: Using ACPI for IRQ routing
[STDERR  ] 2017-06-13T19:40:17.56162651Z: [    1.409355] NetLabel: Initializing
[STDERR  ] 2017-06-13T19:40:17.561638136Z: [    1.409773] NetLabel:  domain hash size = 128
[STDERR  ] 2017-06-13T19:40:17.561641296Z: [    1.410202] NetLabel:  protocols = UNLABELED CIPSOv4
[STDERR  ] 2017-06-13T19:40:17.561649309Z: [    1.412292] NetLabel:  unlabeled traffic allowed by default
[STDERR  ] 2017-06-13T19:40:17.561652324Z: [    1.413641] HPET: 3 timers in total, 0 timers will be used for per-cpu timer
[STDERR  ] 2017-06-13T19:40:17.561660252Z: [    1.414648] hpet0: at MMIO 0xfed00000, IRQs 2, 8, 0
[STDERR  ] 2017-06-13T19:40:17.561662909Z: [    1.415317] hpet0: 3 comparators, 64-bit 100.000000 MHz counter
[STDERR  ] 2017-06-13T19:40:17.561672194Z: [    1.421109] clocksource: Switched to clocksource hpet
[STDERR  ] 2017-06-13T19:40:17.561677672Z: [    1.696997] VFS: Disk quotas dquot_6.6.0
[STDERR  ] 2017-06-13T19:40:17.561682152Z: [    1.698025] VFS: Dquot-cache hash table entries: 512 (order 0, 4096 bytes)
[STDERR  ] 2017-06-13T19:40:17.56168731Z: [    1.701124] FS-Cache: Loaded
[STDERR  ] 2017-06-13T19:40:17.561695664Z: [    1.706096] CacheFiles: Loaded
[STDERR  ] 2017-06-13T19:40:17.561700754Z: [    1.707969] pnp: PnP ACPI init
[STDERR  ] 2017-06-13T19:40:17.561706477Z: [    1.720541] pnp: PnP ACPI: found 5 devices
[STDERR  ] 2017-06-13T19:40:17.561711922Z: [    1.770264] clocksource: acpi_pm: mask: 0xffffff max_cycles: 0xffffff, max_idle_ns: 2085701024 ns
[STDERR  ] 2017-06-13T19:40:17.561717294Z: [    1.773536] NET: Registered protocol family 2
[STDERR  ] 2017-06-13T19:40:17.561723702Z: [    1.780722] TCP established hash table entries: 8192 (order: 4, 65536 bytes)
[STDERR  ] 2017-06-13T19:40:17.561726544Z: [    1.781823] TCP bind hash table entries: 8192 (order: 5, 131072 bytes)
[STDERR  ] 2017-06-13T19:40:17.561733412Z: [    1.783157] TCP: Hash tables configured (established 8192 bind 8192)
[STDERR  ] 2017-06-13T19:40:17.561741746Z: [    1.784870] UDP hash table entries: 512 (order: 2, 16384 bytes)
[STDERR  ] 2017-06-13T19:40:17.561749714Z: [    1.785685] UDP-Lite hash table entries: 512 (order: 2, 16384 bytes)
[STDERR  ] 2017-06-13T19:40:17.561755084Z: [    1.788250] NET: Registered protocol family 1
[STDERR  ] 2017-06-13T19:40:17.56176063Z: [    1.792044] RPC: Registered named UNIX socket transport module.
[STDERR  ] 2017-06-13T19:40:17.561766157Z: [    1.792682] RPC: Registered udp transport module.
[STDERR  ] 2017-06-13T19:40:17.561770044Z: [    1.793131] RPC: Registered tcp transport module.
[STDERR  ] 2017-06-13T19:40:17.56177533Z: [    1.793557] RPC: Registered tcp NFSv4.1 backchannel transport module.
[STDERR  ] 2017-06-13T19:40:17.561784614Z: [    1.794649] pci 0000:00:01.0: Video device with shadowed ROM at [mem 0x000c0000-0x000dffff]
[STDERR  ] 2017-06-13T19:40:17.561789982Z: [    1.803447] Unpacking initramfs...
[STDERR  ] 2017-06-13T19:40:17.561795496Z: [    8.174939] Freeing initrd memory: 32292K (ffff9a03be047000 - ffff9a03bffd0000)
[STDERR  ] 2017-06-13T19:40:17.561804816Z: [    8.201397] PCLMULQDQ-NI instructions are not detected.
[STDERR  ] 2017-06-13T19:40:17.561810456Z: [    8.202916] AVX or AES-NI instructions are not detected.
[STDERR  ] 2017-06-13T19:40:17.561816594Z: [    8.203572] CPU feature 'AVX registers' is not supported.
[STDERR  ] 2017-06-13T19:40:17.561820034Z: [    8.204142] CPU feature 'AVX registers' is not supported.
[STDERR  ] 2017-06-13T19:40:17.56182536Z: [    8.204765] CPU feature 'AVX registers' is not supported.
[STDERR  ] 2017-06-13T19:40:17.561833334Z: [    8.205311] CPU feature 'AVX registers' is not supported.
[STDERR  ] 2017-06-13T19:40:17.561836286Z: [    8.205826] AVX2 or AES-NI instructions are not detected.
[STDERR  ] 2017-06-13T19:40:17.561845676Z: [    8.206361] AVX2 instructions are not detected.
[STDERR  ] 2017-06-13T19:40:17.561848896Z: [    8.212963] audit: initializing netlink subsys (disabled)
[STDERR  ] 2017-06-13T19:40:17.561856817Z: [    8.214533] audit: type=2000 audit(1497382793.210:1): initialized
[STDERR  ] 2017-06-13T19:40:17.56186209Z: [    8.222399] workingset: timestamp_bits=46 max_order=18 bucket_order=0
[STDERR  ] 2017-06-13T19:40:17.561874594Z: [    8.227637] FS-Cache: Netfs 'nfs' registered for caching
[STDERR  ] 2017-06-13T19:40:17.561879972Z: [    8.229909] NFS: Registering the id_resolver key type
[STDERR  ] 2017-06-13T19:40:17.561885404Z: [    8.231745] Key type id_resolver registered
[STDERR  ] 2017-06-13T19:40:17.561895194Z: [    8.232208] Key type id_legacy registered
[STDERR  ] 2017-06-13T19:40:17.561902824Z: [    8.232823] nfs4filelayout_init: NFSv4 File Layout Driver Registering...
[STDERR  ] 2017-06-13T19:40:17.561908014Z: [    8.233827] Installing knfsd (copyright (C) 1996 okir@monad.swb.de).
[STDERR  ] 2017-06-13T19:40:17.56191322Z: [    8.237535] FS-Cache: Netfs 'cifs' registered for caching
[STDERR  ] 2017-06-13T19:40:17.561916234Z: [    8.238726] ntfs: driver 2.1.32 [Flags: R/O].
[STDERR  ] 2017-06-13T19:40:17.561921632Z: [    8.239470] fuse init (API version 7.26)
[STDERR  ] 2017-06-13T19:40:17.561929699Z: [    8.243015] SGI XFS with ACLs, security attributes, no debug enabled
[STDERR  ] 2017-06-13T19:40:17.56193534Z: [    8.247304] 9p: Installing v9fs 9p2000 file system support
[STDERR  ] 2017-06-13T19:40:17.56194107Z: [    8.248060] FS-Cache: Netfs '9p' registered for caching
[STDERR  ] 2017-06-13T19:40:17.561946707Z: [    8.282317] NET: Registered protocol family 38
[STDERR  ] 2017-06-13T19:40:17.561949787Z: [    8.283190] Key type asymmetric registered
[STDERR  ] 2017-06-13T19:40:17.561957569Z: [    8.283640] Asymmetric key parser 'x509' registered
[STDERR  ] 2017-06-13T19:40:17.56196037Z: [    8.284721] Block layer SCSI generic (bsg) driver version 0.4 loaded (major 251)
[STDERR  ] 2017-06-13T19:40:17.561968339Z: [    8.286281] io scheduler noop registered
[STDERR  ] 2017-06-13T19:40:17.561980787Z: [    8.286731] io scheduler deadline registered (default)
[STDERR  ] 2017-06-13T19:40:17.561986459Z: [    8.287542] io scheduler cfq registered
[STDERR  ] 2017-06-13T19:40:17.561991614Z: [    8.291189] pci_hotplug: PCI Hot Plug PCI Core version: 0.5
[STDERR  ] 2017-06-13T19:40:17.56200004Z: [    8.292003] pciehp: PCI Express Hot Plug Controller Driver version: 0.4
[STDERR  ] 2017-06-13T19:40:17.562005174Z: [    8.293157] shpchp: Standard Hot Plug PCI Controller Driver version: 0.4
[STDERR  ] 2017-06-13T19:40:17.562010339Z: [    8.294259] hv_vmbus: registering driver hyperv_fb
[STDERR  ] 2017-06-13T19:40:17.562013092Z: [    8.297584] input: Power Button as /devices/LNXSYSTM:00/LNXPWRBN:00/input/input0
[STDERR  ] 2017-06-13T19:40:17.562020712Z: [    8.298923] ACPI: Power Button [PWRF]
[STDERR  ] 2017-06-13T19:40:17.562023532Z: [    8.304405] GHES: HEST is not enabled!
[STDERR  ] 2017-06-13T19:40:17.562032702Z: [    8.315914] ACPI: PCI Interrupt Link [GSIH] enabled at IRQ 23
[STDERR  ] 2017-06-13T19:40:17.562035532Z: [    8.322381] xenfs: not registering filesystem on non-xen platform
[STDERR  ] 2017-06-13T19:40:17.562043366Z: [    8.324636] Serial: 8250/16550 driver, 4 ports, IRQ sharing disabled
[STDERR  ] 2017-06-13T19:40:17.562048584Z: [    8.350790] 00:04: ttyS0 at I/O 0x3f8 (irq = 4, base_baud = 115200) is a 16550A
[STDERR  ] 2017-06-13T19:40:17.562054159Z: [    8.358527] Initializing Nozomi driver 2.1d
[STDERR  ] 2017-06-13T19:40:17.56206151Z: [    8.363265] Non-volatile memory driver v1.3
[STDERR  ] 2017-06-13T19:40:17.562064169Z: [    8.369342] Hangcheck: starting hangcheck timer 0.9.1 (tick is 180 seconds, margin is 60 seconds).
[STDERR  ] 2017-06-13T19:40:17.562073272Z: [    8.407463] loop: module loaded
[STDERR  ] 2017-06-13T19:40:17.56208105Z: [    8.422238] nbd: registered device at major 43
[STDERR  ] 2017-06-13T19:40:17.562086397Z: [    8.465244] lpc_ich 0000:00:1f.0: I/O space for GPIO uninitialized
[STDERR  ] 2017-06-13T19:40:17.562089632Z: [    8.467341] VMware PVSCSI driver - version 1.0.7.0-k
[STDERR  ] 2017-06-13T19:40:17.562095986Z: [    8.468293] hv_vmbus: registering driver hv_storvsc
[STDERR  ] 2017-06-13T19:40:17.562104556Z: [    8.479124] ACPI: PCI Interrupt Link [GSIA] enabled at IRQ 16
[STDERR  ] 2017-06-13T19:40:17.562109999Z: [    8.485749] ahci 0000:00:1f.2: AHCI 0001.0000 32 slots 6 ports 1.5 Gbps 0x3f impl SATA mode
[STDERR  ] 2017-06-13T19:40:17.562113019Z: [    8.486761] ahci 0000:00:1f.2: flags: 64bit ncq only 
[STDERR  ] 2017-06-13T19:40:17.562124044Z: [    8.507536] scsi host0: ahci
[STDERR  ] 2017-06-13T19:40:17.562129804Z: [    8.511698] scsi host1: ahci
[STDERR  ] 2017-06-13T19:40:17.562132737Z: [    8.514258] scsi host2: ahci
[STDERR  ] 2017-06-13T19:40:17.562141686Z: [    8.516684] scsi host3: ahci
[STDERR  ] 2017-06-13T19:40:17.562148986Z: [    8.519055] scsi host4: ahci
[STDERR  ] 2017-06-13T19:40:17.562154526Z: [    8.521668] scsi host5: ahci
[STDERR  ] 2017-06-13T19:40:17.562159964Z: [    8.524078] ata1: SATA max UDMA/133 abar m4096@0xfebf1000 port 0xfebf1100 irq 24
[STDERR  ] 2017-06-13T19:40:17.562162735Z: [    8.524849] ata2: SATA max UDMA/133 abar m4096@0xfebf1000 port 0xfebf1180 irq 24
[STDERR  ] 2017-06-13T19:40:17.562168246Z: [    8.525537] ata3: SATA max UDMA/133 abar m4096@0xfebf1000 port 0xfebf1200 irq 24
[STDERR  ] 2017-06-13T19:40:17.562176466Z: [    8.526206] ata4: SATA max UDMA/133 abar m4096@0xfebf1000 port 0xfebf1280 irq 24
[STDERR  ] 2017-06-13T19:40:17.562181706Z: [    8.526875] ata5: SATA max UDMA/133 abar m4096@0xfebf1000 port 0xfebf1300 irq 24
[STDERR  ] 2017-06-13T19:40:17.562190504Z: [    8.527553] ata6: SATA max UDMA/133 abar m4096@0xfebf1000 port 0xfebf1380 irq 24
[STDERR  ] 2017-06-13T19:40:17.56219331Z: [    8.537840] Ethernet Channel Bonding Driver: v3.7.1 (April 27, 2011)
[STDERR  ] 2017-06-13T19:40:17.562200989Z: [    8.556786] tun: Universal TUN/TAP device driver, 1.6
[STDERR  ] 2017-06-13T19:40:17.562206194Z: [    8.557383] tun: (C) 1999-2004 Max Krasnyansky <maxk@qualcomm.com>
[STDERR  ] 2017-06-13T19:40:17.562208829Z: [    8.559352] ena: Elastic Network Adapter (ENA) v1.0.2
[STDERR  ] 2017-06-13T19:40:17.562216799Z: [    8.561673] e1000: Intel(R) PRO/1000 Network Driver - version 7.3.21-k8-NAPI
[STDERR  ] 2017-06-13T19:40:17.562222212Z: [    8.562368] e1000: Copyright (c) 1999-2006 Intel Corporation.
[STDERR  ] 2017-06-13T19:40:17.562231284Z: [    8.571006] ACPI: PCI Interrupt Link [GSIG] enabled at IRQ 22
[STDERR  ] 2017-06-13T19:40:17.562236496Z: [    8.865208] ata3: SATA link up 1.5 Gbps (SStatus 113 SControl 300)
[STDERR  ] 2017-06-13T19:40:17.562239295Z: [    8.868514] ata2: SATA link down (SStatus 0 SControl 300)
[STDERR  ] 2017-06-13T19:40:17.56224735Z: [    8.870332] ata1: SATA link down (SStatus 0 SControl 300)
[STDERR  ] 2017-06-13T19:40:17.562250205Z: [    8.871097] ata5: SATA link down (SStatus 0 SControl 300)
[STDERR  ] 2017-06-13T19:40:17.562258664Z: [    8.871793] ata4: SATA link down (SStatus 0 SControl 300)
[STDERR  ] 2017-06-13T19:40:17.562263995Z: [    8.874417] ata3.00: ATAPI: QEMU DVD-ROM, 2.5+, max UDMA/100
[STDERR  ] 2017-06-13T19:40:17.562273714Z: [    8.875196] ata3.00: applying bridge limits
[STDERR  ] 2017-06-13T19:40:17.562276684Z: [    8.876573] ata6: SATA link down (SStatus 0 SControl 300)
[STDERR  ] 2017-06-13T19:40:17.562284642Z: [    8.877849] ata3.00: configured for UDMA/100
[STDERR  ] 2017-06-13T19:40:17.56228754Z: [    8.890056] scsi 2:0:0:0: CD-ROM            QEMU     QEMU DVD-ROM     2.5+ PQ: 0 ANSI: 5
[STDERR  ] 2017-06-13T19:40:17.562295547Z: [    8.913026] sr 2:0:0:0: [sr0] scsi3-mmc drive: 4x/4x cd/rw xa/form2 tray
[STDERR  ] 2017-06-13T19:40:17.562300806Z: [    8.914077] cdrom: Uniform CD-ROM driver Revision: 3.20
[STDERR  ] 2017-06-13T19:40:17.562303667Z: [    8.920836] sr 2:0:0:0: Attached scsi generic sg0 type 5
[STDERR  ] 2017-06-13T19:40:17.562311287Z: [    8.943684] e1000 0000:00:02.0 eth0: (PCI:33MHz:32-bit) 52:54:00:12:34:56
[STDERR  ] 2017-06-13T19:40:17.562314024Z: [    8.944531] e1000 0000:00:02.0 eth0: Intel(R) PRO/1000 Network Connection
[STDERR  ] 2017-06-13T19:40:17.562321892Z: [    8.946211] e1000e: Intel(R) PRO/1000 Network Driver - 3.2.6-k
[STDERR  ] 2017-06-13T19:40:17.562324684Z: [    8.946767] e1000e: Copyright(c) 1999 - 2015 Intel Corporation.
[STDERR  ] 2017-06-13T19:40:17.562332566Z: [    8.947804] igb: Intel(R) Gigabit Ethernet Network Driver - version 5.4.0-k
[STDERR  ] 2017-06-13T19:40:17.562335254Z: [    8.948455] igb: Copyright (c) 2007-2014 Intel Corporation.
[STDERR  ] 2017-06-13T19:40:17.562345855Z: [    8.949424] igbvf: Intel(R) Gigabit Virtual Function Network Driver - version 2.4.0-k
[STDERR  ] 2017-06-13T19:40:17.562351294Z: [    8.950487] igbvf: Copyright (c) 2009 - 2012 Intel Corporation.
[STDERR  ] 2017-06-13T19:40:17.562356489Z: [    8.951628] ixgbe: Intel(R) 10 Gigabit PCI Express Network Driver - version 4.4.0-k
[STDERR  ] 2017-06-13T19:40:17.562361839Z: [    8.952341] ixgbe: Copyright (c) 1999-2016 Intel Corporation.
[STDERR  ] 2017-06-13T19:40:17.562367376Z: [    8.954134] ixgbevf: Intel(R) 10 Gigabit PCI Express Virtual Function Network Driver - version 3.2.2-k
[STDERR  ] 2017-06-13T19:40:17.562372862Z: [    8.954993] ixgbevf: Copyright (c) 2009 - 2015 Intel Corporation.
[STDERR  ] 2017-06-13T19:40:17.562375796Z: [    8.956561] ixgb: Intel(R) PRO/10GbE Network Driver - version 1.0.135-k2-NAPI
[STDERR  ] 2017-06-13T19:40:17.562380797Z: [    8.957243] ixgb: Copyright (c) 1999-2008 Intel Corporation.
[STDERR  ] 2017-06-13T19:40:17.56238851Z: [    8.958512] PPP generic driver version 2.4.2
[STDERR  ] 2017-06-13T19:40:17.562391455Z: [    8.960340] PPP BSD Compression module registered
[STDERR  ] 2017-06-13T19:40:17.562403069Z: [    8.960868] PPP Deflate Compression module registered
[STDERR  ] 2017-06-13T19:40:17.562408404Z: [    8.961770] PPP MPPE Compression module registered
[STDERR  ] 2017-06-13T19:40:17.562410959Z: [    8.962287] NET: Registered protocol family 24
[STDERR  ] 2017-06-13T19:40:17.5624192Z: [    8.963053] PPTP driver version 0.8.5
[STDERR  ] 2017-06-13T19:40:17.562424552Z: [    8.964161] VMware vmxnet3 virtual NIC driver - version 1.4.a.0-k-NAPI
[STDERR  ] 2017-06-13T19:40:17.562430662Z: [    8.965274] hv_vmbus: registering driver hv_netvsc
[STDERR  ] 2017-06-13T19:40:17.562435867Z: [    8.965761] Fusion MPT base driver 3.04.20
[STDERR  ] 2017-06-13T19:40:17.562441107Z: [    8.966156] Copyright (c) 1999-2008 LSI Corporation
[STDERR  ] 2017-06-13T19:40:17.562449275Z: [    8.966917] Fusion MPT SPI Host driver 3.04.20
[STDERR  ] 2017-06-13T19:40:17.562454575Z: [    8.972931] aoe: AoE v85 initialised.
[STDERR  ] 2017-06-13T19:40:17.562459974Z: [    8.975026] i8042: PNP: PS/2 Controller [PNP0303:KBD,PNP0f13:MOU] at 0x60,0x64 irq 1,12
[STDERR  ] 2017-06-13T19:40:17.562465375Z: [    8.979165] serio: i8042 KBD port at 0x60,0x64 irq 1
[STDERR  ] 2017-06-13T19:40:17.562468199Z: [    8.980050] serio: i8042 AUX port at 0x60,0x64 irq 12
[STDERR  ] 2017-06-13T19:40:17.562473457Z: [    8.984163] hv_vmbus: registering driver hyperv_keyboard
[STDERR  ] 2017-06-13T19:40:17.562481207Z: [    8.986547] mousedev: PS/2 mouse device common for all mice
[STDERR  ] 2017-06-13T19:40:17.56249Z: [    8.991984] input: AT Translated Set 2 keyboard as /devices/platform/i8042/serio0/input/input1
[STDERR  ] 2017-06-13T19:40:17.562495369Z: [    8.995243] input: PC Speaker as /devices/platform/pcspkr/input/input2
[STDERR  ] 2017-06-13T19:40:17.562502454Z: [    8.999123] rtc_cmos 00:00: RTC can wake from S4
[STDERR  ] 2017-06-13T19:40:17.562507817Z: [    9.002920] rtc_cmos 00:00: rtc core: registered rtc_cmos as rtc0
[STDERR  ] 2017-06-13T19:40:17.562515447Z: [    9.004342] rtc_cmos 00:00: alarms up to one day, y3k, 114 bytes nvram, hpet irqs
[STDERR  ] 2017-06-13T19:40:17.562523847Z: [    9.005363] i2c /dev entries driver
[STDERR  ] 2017-06-13T19:40:17.562529409Z: [    9.007506] device-mapper: ioctl: 4.35.0-ioctl (2016-06-23) initialised: dm-devel@redhat.com
[STDERR  ] 2017-06-13T19:40:17.562532285Z: [    9.012723] hv_utils: Registering HyperV Utility Driver
[STDERR  ] 2017-06-13T19:40:17.562540237Z: [    9.013278] hv_vmbus: registering driver hv_util
[STDERR  ] 2017-06-13T19:40:17.562543202Z: [    9.013720] hv_vmbus: registering driver hv_balloon
[STDERR  ] 2017-06-13T19:40:17.562550907Z: [    9.014506] oprofile: using NMI interrupt.
[STDERR  ] 2017-06-13T19:40:17.562556432Z: [    9.015825] GACT probability on
[STDERR  ] 2017-06-13T19:40:17.56255941Z: [    9.016453] Mirror/redirect action on
[STDERR  ] 2017-06-13T19:40:17.562570565Z: [    9.017515] Simple TC action Loaded
[STDERR  ] 2017-06-13T19:40:17.562579087Z: [    9.021583] netem: version 1.3
[STDERR  ] 2017-06-13T19:40:17.56258502Z: [    9.021983] u32 classifier
[STDERR  ] 2017-06-13T19:40:17.562590522Z: [    9.022274]     Performance counters on
[STDERR  ] 2017-06-13T19:40:17.56259574Z: [    9.022630]     input device check on
[STDERR  ] 2017-06-13T19:40:17.562601077Z: [    9.022993]     Actions configured
[STDERR  ] 2017-06-13T19:40:17.562607594Z: [    9.023757] Netfilter messages via NETLINK v0.30.
[STDERR  ] 2017-06-13T19:40:17.562613007Z: [    9.024542] nfnl_acct: registering with nfnetlink.
[STDERR  ] 2017-06-13T19:40:17.562618155Z: [    9.026066] nf_conntrack version 0.5.0 (8192 buckets, 32768 max)
[STDERR  ] 2017-06-13T19:40:17.562623477Z: [    9.029663] ctnetlink v0.93: registering with nfnetlink.
[STDERR  ] 2017-06-13T19:40:17.562628677Z: [    9.033430] nf_tables: (c) 2007-2009 Patrick McHardy <kaber@trash.net>
[STDERR  ] 2017-06-13T19:40:17.562633882Z: [    9.034542] nf_tables_compat: (c) 2012 Pablo Neira Ayuso <pablo@netfilter.org>
[STDERR  ] 2017-06-13T19:40:17.5626392Z: [    9.037257] xt_time: kernel timezone is -0000
[STDERR  ] 2017-06-13T19:40:17.562646554Z: [    9.037992] ip_set: protocol 6
[STDERR  ] 2017-06-13T19:40:17.562651822Z: [    9.038772] IPVS: Registered protocols (TCP, UDP, SCTP, AH, ESP)
[STDERR  ] 2017-06-13T19:40:17.562657037Z: [    9.039616] IPVS: Connection hash table configured (size=4096, memory=64Kbytes)
[STDERR  ] 2017-06-13T19:40:17.562659835Z: [    9.042037] IPVS: Creating netns size=2104 id=0
[STDERR  ] 2017-06-13T19:40:17.5626649Z: [    9.044825] IPVS: ipvs loaded.
[STDERR  ] 2017-06-13T19:40:17.562672642Z: [    9.045368] IPVS: [rr] scheduler registered.
[STDERR  ] 2017-06-13T19:40:17.562677727Z: [    9.045827] IPVS: [wrr] scheduler registered.
[STDERR  ] 2017-06-13T19:40:17.562682757Z: [    9.046268] IPVS: [lc] scheduler registered.
[STDERR  ] 2017-06-13T19:40:17.562690564Z: [    9.046671] IPVS: [wlc] scheduler registered.
[STDERR  ] 2017-06-13T19:40:17.562699442Z: [    9.047124] IPVS: [fo] scheduler registered.
[STDERR  ] 2017-06-13T19:40:17.562704705Z: [    9.047527] IPVS: [ovf] scheduler registered.
[STDERR  ] 2017-06-13T19:40:17.562709769Z: [    9.048160] IPVS: [lblc] scheduler registered.
[STDERR  ] 2017-06-13T19:40:17.562717367Z: [    9.048785] IPVS: [lblcr] scheduler registered.
[STDERR  ] 2017-06-13T19:40:17.562721929Z: [    9.049248] IPVS: [dh] scheduler registered.
[STDERR  ] 2017-06-13T19:40:17.562730619Z: [    9.049657] IPVS: [sh] scheduler registered.
[STDERR  ] 2017-06-13T19:40:17.562743722Z: [    9.050589] IPVS: [sed] scheduler registered.
[STDERR  ] 2017-06-13T19:40:17.56275301Z: [    9.051044] IPVS: [nq] scheduler registered.
[STDERR  ] 2017-06-13T19:40:17.562757642Z: [    9.051914] IPVS: ftp: loaded support on port[0] = 21
[STDERR  ] 2017-06-13T19:40:17.562765204Z: [    9.052968] ipip: IPv4 and MPLS over IPv4 tunneling driver
[STDERR  ] 2017-06-13T19:40:17.562773057Z: [    9.057166] gre: GRE over IPv4 demultiplexor driver
[STDERR  ] 2017-06-13T19:40:17.562778282Z: [    9.057694] ip_gre: GRE over IPv4 tunneling driver
[STDERR  ] 2017-06-13T19:40:17.562783539Z: [    9.063742] IPv4 over IPsec tunneling driver
[STDERR  ] 2017-06-13T19:40:17.56279069Z: [    9.069355] ip_tables: (C) 2000-2006 Netfilter Core Team
[STDERR  ] 2017-06-13T19:40:17.56280608Z: [    9.073075] ipt_CLUSTERIP: ClusterIP Version 0.8 loaded successfully
[STDERR  ] 2017-06-13T19:40:17.562814777Z: [    9.074045] arp_tables: arp_tables: (C) 2002 David S. Miller
[STDERR  ] 2017-06-13T19:40:17.562822882Z: [    9.076037] Initializing XFRM netlink socket
[STDERR  ] 2017-06-13T19:40:17.562836124Z: [    9.077334] NET: Registered protocol family 10
[STDERR  ] 2017-06-13T19:40:17.56284174Z: [    9.088980] mip6: Mobile IPv6
[STDERR  ] 2017-06-13T19:40:17.562847039Z: [    9.090489] ip6_tables: (C) 2000-2006 Netfilter Core Team
[STDERR  ] 2017-06-13T19:40:17.56284989Z: [    9.098177] sit: IPv6, IPv4 and MPLS over IPv4 tunneling driver
[STDERR  ] 2017-06-13T19:40:17.562857628Z: [    9.105675] ip6_gre: GRE over IPv6 tunneling driver
[STDERR  ] 2017-06-13T19:40:17.56286704Z: [    9.109567] NET: Registered protocol family 17
[STDERR  ] 2017-06-13T19:40:17.562872458Z: [    9.110782] NET: Registered protocol family 15
[STDERR  ] 2017-06-13T19:40:17.562875387Z: [    9.111903] Bridge firewalling registered
[STDERR  ] 2017-06-13T19:40:17.562883287Z: [    9.112639] Ebtables v2.0 registered
[STDERR  ] 2017-06-13T19:40:17.562888625Z: [    9.115797] l2tp_core: L2TP core driver, V2.0
[STDERR  ] 2017-06-13T19:40:17.562893815Z: [    9.116482] l2tp_ppp: PPPoL2TP kernel driver, V2.0
[STDERR  ] 2017-06-13T19:40:17.56289901Z: [    9.117002] 8021q: 802.1Q VLAN Support v1.8
[STDERR  ] 2017-06-13T19:40:17.562904299Z: [    9.118560] 9pnet: Installing 9P2000 support
[STDERR  ] 2017-06-13T19:40:17.562909469Z: [    9.119601] Key type dns_resolver registered
[STDERR  ] 2017-06-13T19:40:17.56291466Z: [    9.120489] openvswitch: Open vSwitch switching datapath
[STDERR  ] 2017-06-13T19:40:17.562919869Z: [    9.123499] mpls_gso: MPLS GSO support
[STDERR  ] 2017-06-13T19:40:17.562922569Z: [    9.124303] microcode: AMD CPU family 0x6 not supported
[STDERR  ] 2017-06-13T19:40:17.562932172Z: [    9.128308] registered taskstats version 1
[STDERR  ] 2017-06-13T19:40:17.562939835Z: [    9.201756] tsc: Refined TSC clocksource calibration: 2599.998 MHz
[STDERR  ] 2017-06-13T19:40:17.56294505Z: [    9.202699] clocksource: tsc: mask: 0xffffffffffffffff max_cycles: 0x257a3a7b45f, max_idle_ns: 440795312762 ns
[STDERR  ] 2017-06-13T19:40:17.562950669Z: [    9.311735] Key type big_key registered
[STDERR  ] 2017-06-13T19:40:17.562955874Z: [    9.353410] Key type encrypted registered
[STDERR  ] 2017-06-13T19:40:17.562961242Z: [    9.357879] rtc_cmos 00:00: setting system clock to 2017-06-13 19:39:55 UTC (1497382795)
[STDERR  ] 2017-06-13T19:40:17.562968434Z: [    9.508318] Freeing unused kernel memory: 1456K (ffffffffaaf90000 - ffffffffab0fc000)
[STDERR  ] 2017-06-13T19:40:17.562980838Z: [    9.509257] Write protecting the kernel read-only data: 14336k
[STDERR  ] 2017-06-13T19:40:17.562986137Z: [    9.519047] Freeing unused kernel memory: 700K (ffff9a03b4951000 - ffff9a03b4a00000)
[STDERR  ] 2017-06-13T19:40:17.562991309Z: [    9.582115] Freeing unused kernel memory: 976K (ffff9a03b4d0c000 - ffff9a03b4e00000)
[STDERR  ] 2017-06-13T19:40:17.562996855Z: [   10.220967] clocksource: Switched to clocksource tsc
[STDERR  ] 2017-06-13T19:40:17.563002367Z: 
[STDERR  ] 2017-06-13T19:40:17.563007864Z: Starting containerd
[STDERR  ] 2017-06-13T19:40:17.563013058Z: 
[STDERR  ] 2017-06-13T19:40:17.563018314Z: Welcome to LinuxKit
[STDOUT  ] 2017-06-13T19:40:17.563180414Z: [    0.000000] Linux version 4.9.31-linuxkit (root@84baa8e89c00) (gcc version 6.2.1 20160822 (Alpine 6.2.1) ) #1 SMP Wed Jun 7 21:45:43 UTC 2017
[STDOUT  ] 2017-06-13T19:40:17.563191394Z: [    0.000000] Command line: console=ttyS0 page_poison=1
[STDOUT  ] 2017-06-13T19:40:17.563202044Z: [    0.000000] x86/fpu: Legacy x87 FPU detected.
[STDOUT  ] 2017-06-13T19:40:17.56320722Z: [    0.000000] x86/fpu: Using 'eager' FPU context switches.
[STDOUT  ] 2017-06-13T19:40:17.563212673Z: [    0.000000] e820: BIOS-provided physical RAM map:
[STDOUT  ] 2017-06-13T19:40:17.56321822Z: [    0.000000] BIOS-e820: [mem 0x0000000000000000-0x000000000009fbff] usable
[STDOUT  ] 2017-06-13T19:40:17.563223547Z: [    0.000000] BIOS-e820: [mem 0x000000000009fc00-0x000000000009ffff] reserved
[STDOUT  ] 2017-06-13T19:40:17.56322644Z: [    0.000000] BIOS-e820: [mem 0x00000000000f0000-0x00000000000fffff] reserved
[STDOUT  ] 2017-06-13T19:40:17.563231564Z: [    0.000000] BIOS-e820: [mem 0x0000000000100000-0x000000003ffdefff] usable
[STDOUT  ] 2017-06-13T19:40:17.563246125Z: [    0.000000] BIOS-e820: [mem 0x000000003ffdf000-0x000000003fffffff] reserved
[STDOUT  ] 2017-06-13T19:40:17.563249034Z: [    0.000000] BIOS-e820: [mem 0x00000000b0000000-0x00000000bfffffff] reserved
[STDOUT  ] 2017-06-13T19:40:17.563254188Z: [    0.000000] BIOS-e820: [mem 0x00000000fed1c000-0x00000000fed1ffff] reserved
[STDOUT  ] 2017-06-13T19:40:17.563267365Z: [    0.000000] BIOS-e820: [mem 0x00000000fffc0000-0x00000000ffffffff] reserved
[STDOUT  ] 2017-06-13T19:40:17.563273227Z: [    0.000000] NX (Execute Disable) protection: active
[STDOUT  ] 2017-06-13T19:40:17.563278748Z: [    0.000000] SMBIOS 2.8 present.
[STDOUT  ] 2017-06-13T19:40:17.563284253Z: [    0.000000] e820: last_pfn = 0x3ffdf max_arch_pfn = 0x400000000
[STDOUT  ] 2017-06-13T19:40:17.56328953Z: [    0.000000] x86/PAT: Configuration [0-7]: WB  WC  UC- UC  WB  WC  UC- WT  
[STDOUT  ] 2017-06-13T19:40:17.563294987Z: [    0.000000] found SMP MP-table at [mem 0x000f6aa0-0x000f6aaf] mapped at [ffff9a03800f6aa0]
[STDOUT  ] 2017-06-13T19:40:17.563300333Z: [    0.000000] RAMDISK: [mem 0x3e047000-0x3ffcffff]
[STDOUT  ] 2017-06-13T19:40:17.563305457Z: [    0.000000] ACPI: Early table checksum verification disabled
[STDOUT  ] 2017-06-13T19:40:17.563308808Z: [    0.000000] ACPI: RSDP 0x00000000000F68C0 000014 (v00 BOCHS )
[STDOUT  ] 2017-06-13T19:40:17.563316425Z: [    0.000000] ACPI: RSDT 0x000000003FFE2404 000034 (v01 BOCHS  BXPCRSDT 00000001 BXPC 00000001)
[STDOUT  ] 2017-06-13T19:40:17.56331928Z: [    0.000000] ACPI: FACP 0x000000003FFE22A4 000074 (v01 BOCHS  BXPCFACP 00000001 BXPC 00000001)
[STDOUT  ] 2017-06-13T19:40:17.563327055Z: [    0.000000] ACPI: DSDT 0x000000003FFE0040 002264 (v01 BOCHS  BXPCDSDT 00000001 BXPC 00000001)
[STDOUT  ] 2017-06-13T19:40:17.563333228Z: [    0.000000] ACPI: FACS 0x000000003FFE0000 000040
[STDOUT  ] 2017-06-13T19:40:17.563336008Z: [    0.000000] ACPI: APIC 0x000000003FFE2318 000078 (v01 BOCHS  BXPCAPIC 00000001 BXPC 00000001)
[STDOUT  ] 2017-06-13T19:40:17.563343645Z: [    0.000000] ACPI: HPET 0x000000003FFE2390 000038 (v01 BOCHS  BXPCHPET 00000001 BXPC 00000001)
[STDOUT  ] 2017-06-13T19:40:17.563348767Z: [    0.000000] ACPI: MCFG 0x000000003FFE23C8 00003C (v01 BOCHS  BXPCMCFG 00000001 BXPC 00000001)
[STDOUT  ] 2017-06-13T19:40:17.563354045Z: [    0.000000] Zone ranges:
[STDOUT  ] 2017-06-13T19:40:17.563362207Z: [    0.000000]   DMA      [mem 0x0000000000001000-0x0000000000ffffff]
[STDOUT  ] 2017-06-13T19:40:17.563365055Z: [    0.000000]   DMA32    [mem 0x0000000001000000-0x000000003ffdefff]
[STDOUT  ] 2017-06-13T19:40:17.56337316Z: [    0.000000]   Normal   empty
[STDOUT  ] 2017-06-13T19:40:17.56337841Z: [    0.000000] Movable zone start for each node
[STDOUT  ] 2017-06-13T19:40:17.563387457Z: [    0.000000] Early memory node ranges
[STDOUT  ] 2017-06-13T19:40:17.56339299Z: [    0.000000]   node   0: [mem 0x0000000000001000-0x000000000009efff]
[STDOUT  ] 2017-06-13T19:40:17.563398905Z: [    0.000000]   node   0: [mem 0x0000000000100000-0x000000003ffdefff]
[STDOUT  ] 2017-06-13T19:40:17.563401924Z: [    0.000000] Initmem setup node 0 [mem 0x0000000000001000-0x000000003ffdefff]
[STDOUT  ] 2017-06-13T19:40:17.563407017Z: [    0.000000] ACPI: PM-Timer IO Port: 0x608
[STDOUT  ] 2017-06-13T19:40:17.563414874Z: [    0.000000] ACPI: LAPIC_NMI (acpi_id[0xff] dfl dfl lint[0x1])
[STDOUT  ] 2017-06-13T19:40:17.563420097Z: [    0.000000] IOAPIC[0]: apic_id 0, version 32, address 0xfec00000, GSI 0-23
[STDOUT  ] 2017-06-13T19:40:17.563429324Z: [    0.000000] ACPI: INT_SRC_OVR (bus 0 bus_irq 0 global_irq 2 dfl dfl)
[STDOUT  ] 2017-06-13T19:40:17.563434367Z: [    0.000000] ACPI: INT_SRC_OVR (bus 0 bus_irq 5 global_irq 5 high level)
[STDOUT  ] 2017-06-13T19:40:17.563439595Z: [    0.000000] ACPI: INT_SRC_OVR (bus 0 bus_irq 9 global_irq 9 high level)
[STDOUT  ] 2017-06-13T19:40:17.563444764Z: [    0.000000] ACPI: INT_SRC_OVR (bus 0 bus_irq 10 global_irq 10 high level)
[STDOUT  ] 2017-06-13T19:40:17.56345Z: [    0.000000] ACPI: INT_SRC_OVR (bus 0 bus_irq 11 global_irq 11 high level)
[STDOUT  ] 2017-06-13T19:40:17.56345532Z: [    0.000000] Using ACPI (MADT) for SMP configuration information
[STDOUT  ] 2017-06-13T19:40:17.563460498Z: [    0.000000] ACPI: HPET id: 0x8086a201 base: 0xfed00000
[STDOUT  ] 2017-06-13T19:40:17.563465718Z: [    0.000000] smpboot: Allowing 1 CPUs, 0 hotplug CPUs
[STDOUT  ] 2017-06-13T19:40:17.563470783Z: [    0.000000] e820: [mem 0x40000000-0xafffffff] available for PCI devices
[STDOUT  ] 2017-06-13T19:40:17.563479094Z: [    0.000000] Booting paravirtualized kernel on bare hardware
[STDOUT  ] 2017-06-13T19:40:17.56348526Z: [    0.000000] clocksource: refined-jiffies: mask: 0xffffffff max_cycles: 0xffffffff, max_idle_ns: 19112604462750000 ns
[STDOUT  ] 2017-06-13T19:40:17.56349084Z: [    0.000000] setup_percpu: NR_CPUS:128 nr_cpumask_bits:128 nr_cpu_ids:1 nr_node_ids:1
[STDOUT  ] 2017-06-13T19:40:17.56349609Z: [    0.000000] percpu: Embedded 35 pages/cpu @ffff9a03bde00000 s105240 r8192 d29928 u2097152
[STDOUT  ] 2017-06-13T19:40:17.563498978Z: [    0.000000] Built 1 zonelists in Zone order, mobility grouping on.  Total pages: 257896
[STDOUT  ] 2017-06-13T19:40:17.563516843Z: [    0.000000] Kernel command line: console=ttyS0 page_poison=1
[STDOUT  ] 2017-06-13T19:40:17.563524518Z: [    0.000000] PID hash table entries: 4096 (order: 3, 32768 bytes)
[STDOUT  ] 2017-06-13T19:40:17.56352727Z: [    0.000000] Dentry cache hash table entries: 131072 (order: 8, 1048576 bytes)
[STDOUT  ] 2017-06-13T19:40:17.563535027Z: [    0.000000] Inode-cache hash table entries: 65536 (order: 7, 524288 bytes)
[STDOUT  ] 2017-06-13T19:40:17.563537898Z: [    0.000000] Memory: 979488K/1048052K available (9526K kernel code, 1595K rwdata, 3120K rodata, 1456K init, 604K bss, 68564K reserved, 0K cma-reserved)
[STDOUT  ] 2017-06-13T19:40:17.563544067Z: [    0.000000] Hierarchical RCU implementation.
[STDOUT  ] 2017-06-13T19:40:17.56355192Z: [    0.000000] 	Build-time adjustment of leaf fanout to 64.
[STDOUT  ] 2017-06-13T19:40:17.563557178Z: [    0.000000] 	RCU restricting CPUs from NR_CPUS=128 to nr_cpu_ids=1.
[STDOUT  ] 2017-06-13T19:40:17.563562404Z: [    0.000000] RCU: Adjusting geometry for rcu_fanout_leaf=64, nr_cpu_ids=1
[STDOUT  ] 2017-06-13T19:40:17.563565044Z: [    0.000000] NR_IRQS:8448 nr_irqs:256 16
[STDOUT  ] 2017-06-13T19:40:17.56357005Z: [    0.000000] Console: colour VGA+ 80x25
[STDOUT  ] 2017-06-13T19:40:17.563581007Z: [    0.000000] console [ttyS0] enabled
[STDOUT  ] 2017-06-13T19:40:17.563586247Z: [    0.000000] allocated 2097152 bytes of page_ext
[STDOUT  ] 2017-06-13T19:40:17.563592814Z: [    0.000000] clocksource: hpet: mask: 0xffffffff max_cycles: 0xffffffff, max_idle_ns: 19112604467 ns
[STDOUT  ] 2017-06-13T19:40:17.563598216Z: [    0.000000] tsc: Fast TSC calibration failed
[STDOUT  ] 2017-06-13T19:40:17.563603491Z: [    0.000000] tsc: Unable to calibrate against PIT
[STDOUT  ] 2017-06-13T19:40:17.563608546Z: [    0.000000] tsc: using HPET reference calibration
[STDOUT  ] 2017-06-13T19:40:17.563613769Z: [    0.000000] tsc: Detected 2600.023 MHz processor
[STDOUT  ] 2017-06-13T19:40:17.563619411Z: [    0.051372] Calibrating delay loop (skipped), value calculated using timer frequency.. 5200.04 BogoMIPS (lpj=26000230)
[STDOUT  ] 2017-06-13T19:40:17.563622535Z: [    0.061493] pid_max: default: 32768 minimum: 301
[STDOUT  ] 2017-06-13T19:40:17.563630026Z: [    0.062702] ACPI: Core revision 20160831
[STDOUT  ] 2017-06-13T19:40:17.563632769Z: [    0.106595] ACPI: 1 ACPI AML tables successfully acquired and loaded
[STDOUT  ] 2017-06-13T19:40:17.563640325Z: [    0.110392] Security Framework initialized
[STDOUT  ] 2017-06-13T19:40:17.563645434Z: [    0.110974] Yama: becoming mindful.
[STDOUT  ] 2017-06-13T19:40:17.563648302Z: [    0.113011] Mount-cache hash table entries: 2048 (order: 2, 16384 bytes)
[STDOUT  ] 2017-06-13T19:40:17.563653519Z: [    0.113741] Mountpoint-cache hash table entries: 2048 (order: 2, 16384 bytes)
[STDOUT  ] 2017-06-13T19:40:17.563665335Z: [    0.132910] Last level iTLB entries: 4KB 0, 2MB 0, 4MB 0
[STDOUT  ] 2017-06-13T19:40:17.563670786Z: [    0.133572] Last level dTLB entries: 4KB 0, 2MB 0, 4MB 0, 1GB 0
[STDOUT  ] 2017-06-13T19:40:17.563673634Z: [    0.538545] Freeing SMP alternatives memory: 24K (ffffffffab0fc000 - ffffffffab102000)
[STDOUT  ] 2017-06-13T19:40:17.563678885Z: [    0.547732] ftrace: allocating 41866 entries in 164 pages
[STDOUT  ] 2017-06-13T19:40:17.563688215Z: [    0.729523] smpboot: Max logical packages: 1
[STDOUT  ] 2017-06-13T19:40:17.563696461Z: [    0.734721] ..TIMER: vector=0x30 apic1=0 pin1=2 apic2=-1 pin2=-1
[STDOUT  ] 2017-06-13T19:40:17.563702216Z: [    0.840000] smpboot: CPU0: AMD QEMU Virtual CPU version 2.5+ (family: 0x6, model: 0x6, stepping: 0x3)
[STDOUT  ] 2017-06-13T19:40:17.563705216Z: [    0.840000] Performance Events: PMU not available due to virtualization, using software events only.
[STDOUT  ] 2017-06-13T19:40:17.563710666Z: [    0.849173] NMI watchdog: disabled (cpu0): hardware events not enabled
[STDOUT  ] 2017-06-13T19:40:17.563718564Z: [    0.850200] NMI watchdog: Shutting down hard lockup detector on all cpus
[STDOUT  ] 2017-06-13T19:40:17.563723829Z: [    0.852935] x86: Booted up 1 node, 1 CPUs
[STDOUT  ] 2017-06-13T19:40:17.563732684Z: [    0.853431] smpboot: Total of 1 processors activated (5200.04 BogoMIPS)
[STDOUT  ] 2017-06-13T19:40:17.563735798Z: [    0.867163] devtmpfs: initialized
[STDOUT  ] 2017-06-13T19:40:17.563743789Z: [    0.872425] x86/mm: Memory block size: 128MB
[STDOUT  ] 2017-06-13T19:40:17.563746354Z: [    0.933417] clocksource: jiffies: mask: 0xffffffff max_cycles: 0xffffffff, max_idle_ns: 19112604462750000 ns
[STDOUT  ] 2017-06-13T19:40:17.563754135Z: [    0.934817] futex hash table entries: 256 (order: 2, 16384 bytes)
[STDOUT  ] 2017-06-13T19:40:17.563759328Z: [    0.942674] NET: Registered protocol family 16
[STDOUT  ] 2017-06-13T19:40:17.563764499Z: [    0.952741] cpuidle: using governor ladder
[STDOUT  ] 2017-06-13T19:40:17.563767314Z: [    0.953450] cpuidle: using governor menu
[STDOUT  ] 2017-06-13T19:40:17.563776267Z: [    0.954834] ACPI: bus type PCI registered
[STDOUT  ] 2017-06-13T19:40:17.563784069Z: [    0.957793] PCI: MMCONFIG for domain 0000 [bus 00-ff] at [mem 0xb0000000-0xbfffffff] (base 0xb0000000)
[STDOUT  ] 2017-06-13T19:40:17.563789604Z: [    0.958899] PCI: MMCONFIG at [mem 0xb0000000-0xbfffffff] reserved in E820
[STDOUT  ] 2017-06-13T19:40:17.563794759Z: [    0.960618] PCI: Using configuration type 1 for base access
[STDOUT  ] 2017-06-13T19:40:17.563800355Z: [    1.028549] HugeTLB registered 2 MB page size, pre-allocated 0 pages
[STDOUT  ] 2017-06-13T19:40:17.563805608Z: [    1.042613] ACPI: Added _OSI(Module Device)
[STDOUT  ] 2017-06-13T19:40:17.563816739Z: [    1.043118] ACPI: Added _OSI(Processor Device)
[STDOUT  ] 2017-06-13T19:40:17.563821884Z: [    1.043531] ACPI: Added _OSI(3.0 _SCP Extensions)
[STDOUT  ] 2017-06-13T19:40:17.563827055Z: [    1.043972] ACPI: Added _OSI(Processor Aggregator Device)
[STDOUT  ] 2017-06-13T19:40:17.563832157Z: [    1.119012] ACPI: Interpreter enabled
[STDOUT  ] 2017-06-13T19:40:17.563837299Z: [    1.120483] ACPI: (supports S0 S5)
[STDOUT  ] 2017-06-13T19:40:17.563842398Z: [    1.120898] ACPI: Using IOAPIC for interrupt routing
[STDOUT  ] 2017-06-13T19:40:17.563845097Z: [    1.123151] PCI: Using host bridge windows from ACPI; if necessary, use "pci=nocrs" and report a bug
[STDOUT  ] 2017-06-13T19:40:17.563850814Z: [    1.189728] ACPI: PCI Root Bridge [PCI0] (domain 0000 [bus 00-ff])
[STDOUT  ] 2017-06-13T19:40:17.563858324Z: [    1.190743] acpi PNP0A08:00: _OSC: OS supports [ExtendedConfig ASPM ClockPM Segments MSI]
[STDOUT  ] 2017-06-13T19:40:17.563867414Z: [    1.196892] acpi PNP0A08:00: _OSC: OS now controls [PCIeHotplug PME PCIeCapability]
[STDOUT  ] 2017-06-13T19:40:17.563874194Z: [    1.201628] PCI host bridge to bus 0000:00
[STDOUT  ] 2017-06-13T19:40:17.563879322Z: [    1.202295] pci_bus 0000:00: root bus resource [io  0x0000-0x0cf7 window]
[STDOUT  ] 2017-06-13T19:40:17.563884365Z: [    1.202969] pci_bus 0000:00: root bus resource [io  0x0d00-0xffff window]
[STDOUT  ] 2017-06-13T19:40:17.563889375Z: [    1.203591] pci_bus 0000:00: root bus resource [mem 0x000a0000-0x000bffff window]
[STDOUT  ] 2017-06-13T19:40:17.563894439Z: [    1.204280] pci_bus 0000:00: root bus resource [mem 0xc0000000-0xfebfffff window]
[STDOUT  ] 2017-06-13T19:40:17.563899664Z: [    1.205172] pci_bus 0000:00: root bus resource [bus 00-ff]
[STDOUT  ] 2017-06-13T19:40:17.563904795Z: [    1.294292] pci 0000:00:1f.0: quirk: [io  0x0600-0x067f] claimed by ICH6 ACPI/GPIO/TCO
[STDOUT  ] 2017-06-13T19:40:17.563913048Z: [    1.351173] ACPI: PCI Interrupt Link [LNKA] (IRQs 5 *10 11)
[STDOUT  ] 2017-06-13T19:40:17.563919908Z: [    1.353745] ACPI: PCI Interrupt Link [LNKB] (IRQs 5 *10 11)
[STDOUT  ] 2017-06-13T19:40:17.563929624Z: [    1.355881] ACPI: PCI Interrupt Link [LNKC] (IRQs 5 10 *11)
[STDOUT  ] 2017-06-13T19:40:17.563937709Z: [    1.358010] ACPI: PCI Interrupt Link [LNKD] (IRQs 5 10 *11)
[STDOUT  ] 2017-06-13T19:40:17.563946048Z: [    1.360335] ACPI: PCI Interrupt Link [LNKE] (IRQs 5 *10 11)
[STDOUT  ] 2017-06-13T19:40:17.563950571Z: [    1.362489] ACPI: PCI Interrupt Link [LNKF] (IRQs 5 *10 11)
[STDOUT  ] 2017-06-13T19:40:17.563962739Z: [    1.364607] ACPI: PCI Interrupt Link [LNKG] (IRQs 5 10 *11)
[STDOUT  ] 2017-06-13T19:40:17.563971539Z: [    1.366729] ACPI: PCI Interrupt Link [LNKH] (IRQs 5 10 *11)
[STDOUT  ] 2017-06-13T19:40:17.563985877Z: [    1.367944] ACPI: PCI Interrupt Link [GSIA] (IRQs *16)
[STDOUT  ] 2017-06-13T19:40:17.563990547Z: [    1.368869] ACPI: PCI Interrupt Link [GSIB] (IRQs *17)
[STDOUT  ] 2017-06-13T19:40:17.564002809Z: [    1.369781] ACPI: PCI Interrupt Link [GSIC] (IRQs *18)
[STDOUT  ] 2017-06-13T19:40:17.564008049Z: [    1.370638] ACPI: PCI Interrupt Link [GSID] (IRQs *19)
[STDOUT  ] 2017-06-13T19:40:17.564013161Z: [    1.371552] ACPI: PCI Interrupt Link [GSIE] (IRQs *20)
[STDOUT  ] 2017-06-13T19:40:17.564018262Z: [    1.372456] ACPI: PCI Interrupt Link [GSIF] (IRQs *21)
[STDOUT  ] 2017-06-13T19:40:17.564023462Z: [    1.373380] ACPI: PCI Interrupt Link [GSIG] (IRQs *22)
[STDOUT  ] 2017-06-13T19:40:17.564028582Z: [    1.374297] ACPI: PCI Interrupt Link [GSIH] (IRQs *23)
[STDOUT  ] 2017-06-13T19:40:17.564033691Z: [    1.378298] ACPI: Enabled 2 GPEs in block 00 to 3F
[STDOUT  ] 2017-06-13T19:40:17.564038889Z: [    1.383274] SCSI subsystem initialized
[STDOUT  ] 2017-06-13T19:40:17.564041664Z: [    1.386643] pps_core: LinuxPPS API ver. 1 registered
[STDOUT  ] 2017-06-13T19:40:17.564054384Z: [    1.387134] pps_core: Software ver. 5.3.6 - Copyright 2005-2007 Rodolfo Giometti <giometti@linux.it>
[STDOUT  ] 2017-06-13T19:40:17.564063575Z: [    1.388170] PTP clock support registered
[STDOUT  ] 2017-06-13T19:40:17.564069212Z: [    1.389549] wmi: Mapper loaded
[STDOUT  ] 2017-06-13T19:40:17.564075238Z: [    1.390871] PCI: Using ACPI for IRQ routing
[STDOUT  ] 2017-06-13T19:40:17.564080419Z: [    1.409355] NetLabel: Initializing
[STDOUT  ] 2017-06-13T19:40:17.564085562Z: [    1.409773] NetLabel:  domain hash size = 128
[STDOUT  ] 2017-06-13T19:40:17.564090809Z: [    1.410202] NetLabel:  protocols = UNLABELED CIPSOv4
[STDOUT  ] 2017-06-13T19:40:17.564093577Z: [    1.412292] NetLabel:  unlabeled traffic allowed by default
[STDOUT  ] 2017-06-13T19:40:17.564101372Z: [    1.413641] HPET: 3 timers in total, 0 timers will be used for per-cpu timer
[STDOUT  ] 2017-06-13T19:40:17.564106619Z: [    1.414648] hpet0: at MMIO 0xfed00000, IRQs 2, 8, 0
[STDOUT  ] 2017-06-13T19:40:17.564111857Z: [    1.415317] hpet0: 3 comparators, 64-bit 100.000000 MHz counter
[STDOUT  ] 2017-06-13T19:40:17.564117098Z: [    1.421109] clocksource: Switched to clocksource hpet
[STDOUT  ] 2017-06-13T19:40:17.564122154Z: [    1.696997] VFS: Disk quotas dquot_6.6.0
[STDOUT  ] 2017-06-13T19:40:17.564127412Z: [    1.698025] VFS: Dquot-cache hash table entries: 512 (order 0, 4096 bytes)
[STDOUT  ] 2017-06-13T19:40:17.564132665Z: [    1.701124] FS-Cache: Loaded
[STDOUT  ] 2017-06-13T19:40:17.564142918Z: [    1.706096] CacheFiles: Loaded
[STDOUT  ] 2017-06-13T19:40:17.564148104Z: [    1.707969] pnp: PnP ACPI init
[STDOUT  ] 2017-06-13T19:40:17.564153192Z: [    1.720541] pnp: PnP ACPI: found 5 devices
[STDOUT  ] 2017-06-13T19:40:17.564156012Z: [    1.770264] clocksource: acpi_pm: mask: 0xffffff max_cycles: 0xffffff, max_idle_ns: 2085701024 ns
[STDOUT  ] 2017-06-13T19:40:17.564163598Z: [    1.773536] NET: Registered protocol family 2
[STDOUT  ] 2017-06-13T19:40:17.564168611Z: [    1.780722] TCP established hash table entries: 8192 (order: 4, 65536 bytes)
[STDOUT  ] 2017-06-13T19:40:17.564171184Z: [    1.781823] TCP bind hash table entries: 8192 (order: 5, 131072 bytes)
[STDOUT  ] 2017-06-13T19:40:17.564181865Z: [    1.783157] TCP: Hash tables configured (established 8192 bind 8192)
[STDOUT  ] 2017-06-13T19:40:17.564187099Z: [    1.784870] UDP hash table entries: 512 (order: 2, 16384 bytes)
[STDOUT  ] 2017-06-13T19:40:17.564192228Z: [    1.785685] UDP-Lite hash table entries: 512 (order: 2, 16384 bytes)
[STDOUT  ] 2017-06-13T19:40:17.564197467Z: [    1.788250] NET: Registered protocol family 1
[STDOUT  ] 2017-06-13T19:40:17.564202552Z: [    1.792044] RPC: Registered named UNIX socket transport module.
[STDOUT  ] 2017-06-13T19:40:17.564207844Z: [    1.792682] RPC: Registered udp transport module.
[STDOUT  ] 2017-06-13T19:40:17.564213065Z: [    1.793131] RPC: Registered tcp transport module.
[STDOUT  ] 2017-06-13T19:40:17.564218191Z: [    1.793557] RPC: Registered tcp NFSv4.1 backchannel transport module.
[STDOUT  ] 2017-06-13T19:40:17.564223309Z: [    1.794649] pci 0000:00:01.0: Video device with shadowed ROM at [mem 0x000c0000-0x000dffff]
[STDOUT  ] 2017-06-13T19:40:17.564228484Z: [    1.803447] Unpacking initramfs...
[STDOUT  ] 2017-06-13T19:40:17.564237467Z: [    8.174939] Freeing initrd memory: 32292K (ffff9a03be047000 - ffff9a03bffd0000)
[STDOUT  ] 2017-06-13T19:40:17.564240298Z: [    8.201397] PCLMULQDQ-NI instructions are not detected.
[STDOUT  ] 2017-06-13T19:40:17.564249084Z: [    8.202916] AVX or AES-NI instructions are not detected.
[STDOUT  ] 2017-06-13T19:40:17.564257254Z: [    8.203572] CPU feature 'AVX registers' is not supported.
[STDOUT  ] 2017-06-13T19:40:17.564262405Z: [    8.204142] CPU feature 'AVX registers' is not supported.
[STDOUT  ] 2017-06-13T19:40:17.564265139Z: [    8.204765] CPU feature 'AVX registers' is not supported.
[STDOUT  ] 2017-06-13T19:40:17.564272894Z: [    8.205311] CPU feature 'AVX registers' is not supported.
[STDOUT  ] 2017-06-13T19:40:17.564280025Z: [    8.205826] AVX2 or AES-NI instructions are not detected.
[STDOUT  ] 2017-06-13T19:40:17.564285685Z: [    8.206361] AVX2 instructions are not detected.
[STDOUT  ] 2017-06-13T19:40:17.564293738Z: [    8.212963] audit: initializing netlink subsys (disabled)
[STDOUT  ] 2017-06-13T19:40:17.564298902Z: [    8.214533] audit: type=2000 audit(1497382793.210:1): initialized
[STDOUT  ] 2017-06-13T19:40:17.564307214Z: [    8.222399] workingset: timestamp_bits=46 max_order=18 bucket_order=0
[STDOUT  ] 2017-06-13T19:40:17.564310115Z: [    8.227637] FS-Cache: Netfs 'nfs' registered for caching
[STDOUT  ] 2017-06-13T19:40:17.564317897Z: [    8.229909] NFS: Registering the id_resolver key type
[STDOUT  ] 2017-06-13T19:40:17.564320509Z: [    8.231745] Key type id_resolver registered
[STDOUT  ] 2017-06-13T19:40:17.564328448Z: [    8.232208] Key type id_legacy registered
[STDOUT  ] 2017-06-13T19:40:17.564333558Z: [    8.232823] nfs4filelayout_init: NFSv4 File Layout Driver Registering...
[STDOUT  ] 2017-06-13T19:40:17.564336289Z: [    8.233827] Installing knfsd (copyright (C) 1996 okir@monad.swb.de).
[STDOUT  ] 2017-06-13T19:40:17.564343999Z: [    8.237535] FS-Cache: Netfs 'cifs' registered for caching
[STDOUT  ] 2017-06-13T19:40:17.564349168Z: [    8.238726] ntfs: driver 2.1.32 [Flags: R/O].
[STDOUT  ] 2017-06-13T19:40:17.564354217Z: [    8.239470] fuse init (API version 7.26)
[STDOUT  ] 2017-06-13T19:40:17.564356917Z: [    8.243015] SGI XFS with ACLs, security attributes, no debug enabled
[STDOUT  ] 2017-06-13T19:40:17.564364708Z: [    8.247304] 9p: Installing v9fs 9p2000 file system support
[STDOUT  ] 2017-06-13T19:40:17.564367427Z: [    8.248060] FS-Cache: Netfs '9p' registered for caching
[STDOUT  ] 2017-06-13T19:40:17.564372368Z: [    8.282317] NET: Registered protocol family 38
[STDOUT  ] 2017-06-13T19:40:17.564379887Z: [    8.283190] Key type asymmetric registered
[STDOUT  ] 2017-06-13T19:40:17.564382602Z: [    8.283640] Asymmetric key parser 'x509' registered
[STDOUT  ] 2017-06-13T19:40:17.564387451Z: [    8.284721] Block layer SCSI generic (bsg) driver version 0.4 loaded (major 251)
[STDOUT  ] 2017-06-13T19:40:17.564395044Z: [    8.286281] io scheduler noop registered
[STDOUT  ] 2017-06-13T19:40:17.564402914Z: [    8.286731] io scheduler deadline registered (default)
[STDOUT  ] 2017-06-13T19:40:17.564408268Z: [    8.287542] io scheduler cfq registered
[STDOUT  ] 2017-06-13T19:40:17.564413271Z: [    8.291189] pci_hotplug: PCI Hot Plug PCI Core version: 0.5
[STDOUT  ] 2017-06-13T19:40:17.564418408Z: [    8.292003] pciehp: PCI Express Hot Plug Controller Driver version: 0.4
[STDOUT  ] 2017-06-13T19:40:17.564423371Z: [    8.293157] shpchp: Standard Hot Plug PCI Controller Driver version: 0.4
[STDOUT  ] 2017-06-13T19:40:17.564432468Z: [    8.294259] hv_vmbus: registering driver hyperv_fb
[STDOUT  ] 2017-06-13T19:40:17.564437607Z: [    8.297584] input: Power Button as /devices/LNXSYSTM:00/LNXPWRBN:00/input/input0
[STDOUT  ] 2017-06-13T19:40:17.564442722Z: [    8.298923] ACPI: Power Button [PWRF]
[STDOUT  ] 2017-06-13T19:40:17.564447792Z: [    8.304405] GHES: HEST is not enabled!
[STDOUT  ] 2017-06-13T19:40:17.564452862Z: [    8.315914] ACPI: PCI Interrupt Link [GSIH] enabled at IRQ 23
[STDOUT  ] 2017-06-13T19:40:17.564461292Z: [    8.322381] xenfs: not registering filesystem on non-xen platform
[STDOUT  ] 2017-06-13T19:40:17.564466738Z: [    8.324636] Serial: 8250/16550 driver, 4 ports, IRQ sharing disabled
[STDOUT  ] 2017-06-13T19:40:17.564471844Z: [    8.350790] 00:04: ttyS0 at I/O 0x3f8 (irq = 4, base_baud = 115200) is a 16550A
[STDOUT  ] 2017-06-13T19:40:17.564477101Z: [    8.358527] Initializing Nozomi driver 2.1d
[STDOUT  ] 2017-06-13T19:40:17.564479874Z: [    8.363265] Non-volatile memory driver v1.3
[STDOUT  ] 2017-06-13T19:40:17.564487491Z: [    8.369342] Hangcheck: starting hangcheck timer 0.9.1 (tick is 180 seconds, margin is 60 seconds).
[STDOUT  ] 2017-06-13T19:40:17.564490252Z: [    8.407463] loop: module loaded
[STDOUT  ] 2017-06-13T19:40:17.564498141Z: [    8.422238] nbd: registered device at major 43
[STDOUT  ] 2017-06-13T19:40:17.564503187Z: [    8.465244] lpc_ich 0000:00:1f.0: I/O space for GPIO uninitialized
[STDOUT  ] 2017-06-13T19:40:17.564518381Z: [    8.467341] VMware PVSCSI driver - version 1.0.7.0-k
[STDOUT  ] 2017-06-13T19:40:17.564523828Z: [    8.468293] hv_vmbus: registering driver hv_storvsc
[STDOUT  ] 2017-06-13T19:40:17.564526628Z: [    8.479124] ACPI: PCI Interrupt Link [GSIA] enabled at IRQ 16
[STDOUT  ] 2017-06-13T19:40:17.564531614Z: [    8.485749] ahci 0000:00:1f.2: AHCI 0001.0000 32 slots 6 ports 1.5 Gbps 0x3f impl SATA mode
[STDOUT  ] 2017-06-13T19:40:17.564539498Z: [    8.486761] ahci 0000:00:1f.2: flags: 64bit ncq only 
[STDOUT  ] 2017-06-13T19:40:17.564544912Z: [    8.507536] scsi host0: ahci
[STDOUT  ] 2017-06-13T19:40:17.564550087Z: [    8.511698] scsi host1: ahci
[STDOUT  ] 2017-06-13T19:40:17.564555527Z: [    8.514258] scsi host2: ahci
[STDOUT  ] 2017-06-13T19:40:17.564560577Z: [    8.516684] scsi host3: ahci
[STDOUT  ] 2017-06-13T19:40:17.564563312Z: [    8.519055] scsi host4: ahci
[STDOUT  ] 2017-06-13T19:40:17.564569178Z: [    8.521668] scsi host5: ahci
[STDOUT  ] 2017-06-13T19:40:17.564577105Z: [    8.524078] ata1: SATA max UDMA/133 abar m4096@0xfebf1000 port 0xfebf1100 irq 24
[STDOUT  ] 2017-06-13T19:40:17.564582171Z: [    8.524849] ata2: SATA max UDMA/133 abar m4096@0xfebf1000 port 0xfebf1180 irq 24
[STDOUT  ] 2017-06-13T19:40:17.564584878Z: [    8.525537] ata3: SATA max UDMA/133 abar m4096@0xfebf1000 port 0xfebf1200 irq 24
[STDOUT  ] 2017-06-13T19:40:17.564589957Z: [    8.526206] ata4: SATA max UDMA/133 abar m4096@0xfebf1000 port 0xfebf1280 irq 24
[STDOUT  ] 2017-06-13T19:40:17.564597611Z: [    8.526875] ata5: SATA max UDMA/133 abar m4096@0xfebf1000 port 0xfebf1300 irq 24
[STDOUT  ] 2017-06-13T19:40:17.564606302Z: [    8.527553] ata6: SATA max UDMA/133 abar m4096@0xfebf1000 port 0xfebf1380 irq 24
[STDOUT  ] 2017-06-13T19:40:17.564611555Z: [    8.537840] Ethernet Channel Bonding Driver: v3.7.1 (April 27, 2011)
[STDOUT  ] 2017-06-13T19:40:17.564616851Z: [    8.556786] tun: Universal TUN/TAP device driver, 1.6
[STDOUT  ] 2017-06-13T19:40:17.56462204Z: [    8.557383] tun: (C) 1999-2004 Max Krasnyansky <maxk@qualcomm.com>
[STDOUT  ] 2017-06-13T19:40:17.56463092Z: [    8.559352] ena: Elastic Network Adapter (ENA) v1.0.2
[STDOUT  ] 2017-06-13T19:40:17.56463641Z: [    8.561673] e1000: Intel(R) PRO/1000 Network Driver - version 7.3.21-k8-NAPI
[STDOUT  ] 2017-06-13T19:40:17.564641668Z: [    8.562368] e1000: Copyright (c) 1999-2006 Intel Corporation.
[STDOUT  ] 2017-06-13T19:40:17.56464684Z: [    8.571006] ACPI: PCI Interrupt Link [GSIG] enabled at IRQ 22
[STDOUT  ] 2017-06-13T19:40:17.564653814Z: [    8.865208] ata3: SATA link up 1.5 Gbps (SStatus 113 SControl 300)
[STDOUT  ] 2017-06-13T19:40:17.564659062Z: [    8.868514] ata2: SATA link down (SStatus 0 SControl 300)
[STDOUT  ] 2017-06-13T19:40:17.564664278Z: [    8.870332] ata1: SATA link down (SStatus 0 SControl 300)
[STDOUT  ] 2017-06-13T19:40:17.564667Z: [    8.871097] ata5: SATA link down (SStatus 0 SControl 300)
[STDOUT  ] 2017-06-13T19:40:17.564672157Z: [    8.871793] ata4: SATA link down (SStatus 0 SControl 300)
[STDOUT  ] 2017-06-13T19:40:17.564680152Z: [    8.874417] ata3.00: ATAPI: QEMU DVD-ROM, 2.5+, max UDMA/100
[STDOUT  ] 2017-06-13T19:40:17.564685385Z: [    8.875196] ata3.00: applying bridge limits
[STDOUT  ] 2017-06-13T19:40:17.564688137Z: [    8.876573] ata6: SATA link down (SStatus 0 SControl 300)
[STDOUT  ] 2017-06-13T19:40:17.564693168Z: [    8.877849] ata3.00: configured for UDMA/100
[STDOUT  ] 2017-06-13T19:40:17.564700862Z: [    8.890056] scsi 2:0:0:0: CD-ROM            QEMU     QEMU DVD-ROM     2.5+ PQ: 0 ANSI: 5
[STDOUT  ] 2017-06-13T19:40:17.564706161Z: [    8.913026] sr 2:0:0:0: [sr0] scsi3-mmc drive: 4x/4x cd/rw xa/form2 tray
[STDOUT  ] 2017-06-13T19:40:17.564710192Z: [    8.914077] cdrom: Uniform CD-ROM driver Revision: 3.20
[STDOUT  ] 2017-06-13T19:40:17.564715235Z: [    8.920836] sr 2:0:0:0: Attached scsi generic sg0 type 5
[STDOUT  ] 2017-06-13T19:40:17.564726107Z: [    8.943684] e1000 0000:00:02.0 eth0: (PCI:33MHz:32-bit) 52:54:00:12:34:56
[STDOUT  ] 2017-06-13T19:40:17.564734338Z: [    8.944531] e1000 0000:00:02.0 eth0: Intel(R) PRO/1000 Network Connection
[STDOUT  ] 2017-06-13T19:40:17.56473953Z: [    8.946211] e1000e: Intel(R) PRO/1000 Network Driver - 3.2.6-k
[STDOUT  ] 2017-06-13T19:40:17.564742327Z: [    8.946767] e1000e: Copyright(c) 1999 - 2015 Intel Corporation.
[STDOUT  ] 2017-06-13T19:40:17.564755932Z: [    8.947804] igb: Intel(R) Gigabit Ethernet Network Driver - version 5.4.0-k
[STDOUT  ] 2017-06-13T19:40:17.564763712Z: [    8.948455] igb: Copyright (c) 2007-2014 Intel Corporation.
[STDOUT  ] 2017-06-13T19:40:17.564766398Z: [    8.949424] igbvf: Intel(R) Gigabit Virtual Function Network Driver - version 2.4.0-k
[STDOUT  ] 2017-06-13T19:40:17.564774335Z: [    8.950487] igbvf: Copyright (c) 2009 - 2012 Intel Corporation.
[STDOUT  ] 2017-06-13T19:40:17.564776895Z: [    8.951628] ixgbe: Intel(R) 10 Gigabit PCI Express Network Driver - version 4.4.0-k
[STDOUT  ] 2017-06-13T19:40:17.56478577Z: [    8.952341] ixgbe: Copyright (c) 1999-2016 Intel Corporation.
[STDOUT  ] 2017-06-13T19:40:17.564790992Z: [    8.954134] ixgbevf: Intel(R) 10 Gigabit PCI Express Virtual Function Network Driver - version 3.2.2-k
[STDOUT  ] 2017-06-13T19:40:17.564796257Z: [    8.954993] ixgbevf: Copyright (c) 2009 - 2015 Intel Corporation.
[STDOUT  ] 2017-06-13T19:40:17.56480143Z: [    8.956561] ixgb: Intel(R) PRO/10GbE Network Driver - version 1.0.135-k2-NAPI
[STDOUT  ] 2017-06-13T19:40:17.564806701Z: [    8.957243] ixgb: Copyright (c) 1999-2008 Intel Corporation.
[STDOUT  ] 2017-06-13T19:40:17.56480943Z: [    8.958512] PPP generic driver version 2.4.2
[STDOUT  ] 2017-06-13T19:40:17.564814568Z: [    8.960340] PPP BSD Compression module registered
[STDOUT  ] 2017-06-13T19:40:17.564825981Z: [    8.960868] PPP Deflate Compression module registered
[STDOUT  ] 2017-06-13T19:40:17.564831152Z: [    8.961770] PPP MPPE Compression module registered
[STDOUT  ] 2017-06-13T19:40:17.564836375Z: [    8.962287] NET: Registered protocol family 24
[STDOUT  ] 2017-06-13T19:40:17.564841471Z: [    8.963053] PPTP driver version 0.8.5
[STDOUT  ] 2017-06-13T19:40:17.564849622Z: [    8.964161] VMware vmxnet3 virtual NIC driver - version 1.4.a.0-k-NAPI
[STDOUT  ] 2017-06-13T19:40:17.564855085Z: [    8.965274] hv_vmbus: registering driver hv_netvsc
[STDOUT  ] 2017-06-13T19:40:17.564860218Z: [    8.965761] Fusion MPT base driver 3.04.20
[STDOUT  ] 2017-06-13T19:40:17.56486773Z: [    8.966156] Copyright (c) 1999-2008 LSI Corporation
[STDOUT  ] 2017-06-13T19:40:17.564872298Z: [    8.966917] Fusion MPT SPI Host driver 3.04.20
[STDOUT  ] 2017-06-13T19:40:17.564881112Z: [    8.972931] aoe: AoE v85 initialised.
[STDOUT  ] 2017-06-13T19:40:17.564893865Z: [    8.975026] i8042: PNP: PS/2 Controller [PNP0303:KBD,PNP0f13:MOU] at 0x60,0x64 irq 1,12
[STDOUT  ] 2017-06-13T19:40:17.564903022Z: [    8.979165] serio: i8042 KBD port at 0x60,0x64 irq 1
[STDOUT  ] 2017-06-13T19:40:17.564911508Z: [    8.980050] serio: i8042 AUX port at 0x60,0x64 irq 12
[STDOUT  ] 2017-06-13T19:40:17.564920082Z: [    8.984163] hv_vmbus: registering driver hyperv_keyboard
[STDOUT  ] 2017-06-13T19:40:17.564925825Z: [    8.986547] mousedev: PS/2 mouse device common for all mice
[STDOUT  ] 2017-06-13T19:40:17.564931035Z: [    8.991984] input: AT Translated Set 2 keyboard as /devices/platform/i8042/serio0/input/input1
[STDOUT  ] 2017-06-13T19:40:17.56493394Z: [    8.995243] input: PC Speaker as /devices/platform/pcspkr/input/input2
[STDOUT  ] 2017-06-13T19:40:17.56493896Z: [    8.999123] rtc_cmos 00:00: RTC can wake from S4
[STDOUT  ] 2017-06-13T19:40:17.564947031Z: [    9.002920] rtc_cmos 00:00: rtc core: registered rtc_cmos as rtc0
[STDOUT  ] 2017-06-13T19:40:17.564952155Z: [    9.004342] rtc_cmos 00:00: alarms up to one day, y3k, 114 bytes nvram, hpet irqs
[STDOUT  ] 2017-06-13T19:40:17.564957405Z: [    9.005363] i2c /dev entries driver
[STDOUT  ] 2017-06-13T19:40:17.564962548Z: [    9.007506] device-mapper: ioctl: 4.35.0-ioctl (2016-06-23) initialised: dm-devel@redhat.com
[STDOUT  ] 2017-06-13T19:40:17.564968005Z: [    9.012723] hv_utils: Registering HyperV Utility Driver
[STDOUT  ] 2017-06-13T19:40:17.564977125Z: [    9.013278] hv_vmbus: registering driver hv_util
[STDOUT  ] 2017-06-13T19:40:17.56498241Z: [    9.013720] hv_vmbus: registering driver hv_balloon
[STDOUT  ] 2017-06-13T19:40:17.564985187Z: [    9.014506] oprofile: using NMI interrupt.
[STDOUT  ] 2017-06-13T19:40:17.564990285Z: [    9.015825] GACT probability on
[STDOUT  ] 2017-06-13T19:40:17.5649983Z: [    9.016453] Mirror/redirect action on
[STDOUT  ] 2017-06-13T19:40:17.565001122Z: [    9.017515] Simple TC action Loaded
[STDOUT  ] 2017-06-13T19:40:17.565009001Z: [    9.021583] netem: version 1.3
[STDOUT  ] 2017-06-13T19:40:17.56501404Z: [    9.021983] u32 classifier
[STDOUT  ] 2017-06-13T19:40:17.565022821Z: [    9.022274]     Performance counters on
[STDOUT  ] 2017-06-13T19:40:17.565025495Z: [    9.022630]     input device check on
[STDOUT  ] 2017-06-13T19:40:17.565033035Z: [    9.022993]     Actions configured
[STDOUT  ] 2017-06-13T19:40:17.565038252Z: [    9.023757] Netfilter messages via NETLINK v0.30.
[STDOUT  ] 2017-06-13T19:40:17.565048148Z: [    9.024542] nfnl_acct: registering with nfnetlink.
[STDOUT  ] 2017-06-13T19:40:17.565056918Z: [    9.026066] nf_conntrack version 0.5.0 (8192 buckets, 32768 max)
[STDOUT  ] 2017-06-13T19:40:17.565064195Z: [    9.029663] ctnetlink v0.93: registering with nfnetlink.
[STDOUT  ] 2017-06-13T19:40:17.56506932Z: [    9.033430] nf_tables: (c) 2007-2009 Patrick McHardy <kaber@trash.net>
[STDOUT  ] 2017-06-13T19:40:17.565074511Z: [    9.034542] nf_tables_compat: (c) 2012 Pablo Neira Ayuso <pablo@netfilter.org>
[STDOUT  ] 2017-06-13T19:40:17.565077346Z: [    9.037257] xt_time: kernel timezone is -0000
[STDOUT  ] 2017-06-13T19:40:17.565085028Z: [    9.037992] ip_set: protocol 6
[STDOUT  ] 2017-06-13T19:40:17.565090148Z: [    9.038772] IPVS: Registered protocols (TCP, UDP, SCTP, AH, ESP)
[STDOUT  ] 2017-06-13T19:40:17.565092768Z: [    9.039616] IPVS: Connection hash table configured (size=4096, memory=64Kbytes)
[STDOUT  ] 2017-06-13T19:40:17.565100481Z: [    9.042037] IPVS: Creating netns size=2104 id=0
[STDOUT  ] 2017-06-13T19:40:17.565103282Z: [    9.044825] IPVS: ipvs loaded.
[STDOUT  ] 2017-06-13T19:40:17.565108628Z: [    9.045368] IPVS: [rr] scheduler registered.
[STDOUT  ] 2017-06-13T19:40:17.565119515Z: [    9.045827] IPVS: [wrr] scheduler registered.
[STDOUT  ] 2017-06-13T19:40:17.565124736Z: [    9.046268] IPVS: [lc] scheduler registered.
[STDOUT  ] 2017-06-13T19:40:17.5651324Z: [    9.046671] IPVS: [wlc] scheduler registered.
[STDOUT  ] 2017-06-13T19:40:17.565140078Z: [    9.047124] IPVS: [fo] scheduler registered.
[STDOUT  ] 2017-06-13T19:40:17.565142821Z: [    9.047527] IPVS: [ovf] scheduler registered.
[STDOUT  ] 2017-06-13T19:40:17.565150548Z: [    9.048160] IPVS: [lblc] scheduler registered.
[STDOUT  ] 2017-06-13T19:40:17.565153376Z: [    9.048785] IPVS: [lblcr] scheduler registered.
[STDOUT  ] 2017-06-13T19:40:17.56515835Z: [    9.049248] IPVS: [dh] scheduler registered.
[STDOUT  ] 2017-06-13T19:40:17.565166041Z: [    9.049657] IPVS: [sh] scheduler registered.
[STDOUT  ] 2017-06-13T19:40:17.565171171Z: [    9.050589] IPVS: [sed] scheduler registered.
[STDOUT  ] 2017-06-13T19:40:17.56517761Z: [    9.051044] IPVS: [nq] scheduler registered.
[STDOUT  ] 2017-06-13T19:40:17.565182806Z: [    9.051914] IPVS: ftp: loaded support on port[0] = 21
[STDOUT  ] 2017-06-13T19:40:17.565188078Z: [    9.052968] ipip: IPv4 and MPLS over IPv4 tunneling driver
[STDOUT  ] 2017-06-13T19:40:17.565193257Z: [    9.057166] gre: GRE over IPv4 demultiplexor driver
[STDOUT  ] 2017-06-13T19:40:17.565198675Z: [    9.057694] ip_gre: GRE over IPv4 tunneling driver
[STDOUT  ] 2017-06-13T19:40:17.56520373Z: [    9.063742] IPv4 over IPsec tunneling driver
[STDOUT  ] 2017-06-13T19:40:17.5652089Z: [    9.069355] ip_tables: (C) 2000-2006 Netfilter Core Team
[STDOUT  ] 2017-06-13T19:40:17.565214067Z: [    9.073075] ipt_CLUSTERIP: ClusterIP Version 0.8 loaded successfully
[STDOUT  ] 2017-06-13T19:40:17.565223846Z: [    9.074045] arp_tables: arp_tables: (C) 2002 David S. Miller
[STDOUT  ] 2017-06-13T19:40:17.565231917Z: [    9.076037] Initializing XFRM netlink socket
[STDOUT  ] 2017-06-13T19:40:17.565234825Z: [    9.077334] NET: Registered protocol family 10
[STDOUT  ] 2017-06-13T19:40:17.565239856Z: [    9.088980] mip6: Mobile IPv6
[STDOUT  ] 2017-06-13T19:40:17.565247618Z: [    9.090489] ip6_tables: (C) 2000-2006 Netfilter Core Team
[STDOUT  ] 2017-06-13T19:40:17.565256152Z: [    9.098177] sit: IPv6, IPv4 and MPLS over IPv4 tunneling driver
[STDOUT  ] 2017-06-13T19:40:17.565261262Z: [    9.105675] ip6_gre: GRE over IPv6 tunneling driver
[STDOUT  ] 2017-06-13T19:40:17.565266371Z: [    9.109567] NET: Registered protocol family 17
[STDOUT  ] 2017-06-13T19:40:17.565271607Z: [    9.110782] NET: Registered protocol family 15
[STDOUT  ] 2017-06-13T19:40:17.565276688Z: [    9.111903] Bridge firewalling registered
[STDOUT  ] 2017-06-13T19:40:17.5652818Z: [    9.112639] Ebtables v2.0 registered
[STDOUT  ] 2017-06-13T19:40:17.565284508Z: [    9.115797] l2tp_core: L2TP core driver, V2.0
[STDOUT  ] 2017-06-13T19:40:17.565289855Z: [    9.116482] l2tp_ppp: PPPoL2TP kernel driver, V2.0
[STDOUT  ] 2017-06-13T19:40:17.565297557Z: [    9.117002] 8021q: 802.1Q VLAN Support v1.8
[STDOUT  ] 2017-06-13T19:40:17.565304193Z: [    9.118560] 9pnet: Installing 9P2000 support
[STDOUT  ] 2017-06-13T19:40:17.565309267Z: [    9.119601] Key type dns_resolver registered
[STDOUT  ] 2017-06-13T19:40:17.565314411Z: [    9.120489] openvswitch: Open vSwitch switching datapath
[STDOUT  ] 2017-06-13T19:40:17.565319616Z: [    9.123499] mpls_gso: MPLS GSO support
[STDOUT  ] 2017-06-13T19:40:17.565324825Z: [    9.124303] microcode: AMD CPU family 0x6 not supported
[STDOUT  ] 2017-06-13T19:40:17.565327673Z: [    9.128308] registered taskstats version 1
[STDOUT  ] 2017-06-13T19:40:17.565336658Z: [    9.201756] tsc: Refined TSC clocksource calibration: 2599.998 MHz
[STDOUT  ] 2017-06-13T19:40:17.565347425Z: [    9.202699] clocksource: tsc: mask: 0xffffffffffffffff max_cycles: 0x257a3a7b45f, max_idle_ns: 440795312762 ns
[STDOUT  ] 2017-06-13T19:40:17.565353035Z: [    9.311735] Key type big_key registered
[STDOUT  ] 2017-06-13T19:40:17.565361255Z: [    9.353410] Key type encrypted registered
[STDOUT  ] 2017-06-13T19:40:17.565366668Z: [    9.357879] rtc_cmos 00:00: setting system clock to 2017-06-13 19:39:55 UTC (1497382795)
[STDOUT  ] 2017-06-13T19:40:17.565371911Z: [    9.508318] Freeing unused kernel memory: 1456K (ffffffffaaf90000 - ffffffffab0fc000)
[STDOUT  ] 2017-06-13T19:40:17.565377123Z: [    9.509257] Write protecting the kernel read-only data: 14336k
[STDOUT  ] 2017-06-13T19:40:17.565382168Z: [    9.519047] Freeing unused kernel memory: 700K (ffff9a03b4951000 - ffff9a03b4a00000)
[STDOUT  ] 2017-06-13T19:40:17.565391183Z: [    9.582115] Freeing unused kernel memory: 976K (ffff9a03b4d0c000 - ffff9a03b4e00000)
[STDOUT  ] 2017-06-13T19:40:17.565394038Z: [   10.220967] clocksource: Switched to clocksource tsc
[STDOUT  ] 2017-06-13T19:40:17.565399068Z: 
[STDOUT  ] 2017-06-13T19:40:17.565407276Z: Starting containerd
[STDOUT  ] 2017-06-13T19:40:17.565409861Z: 
[STDOUT  ] 2017-06-13T19:40:17.565414975Z: Welcome to LinuxKit
[STDOUT  ] 2017-06-13T19:40:17.565422931Z: 
[STDOUT  ] 2017-06-13T19:40:17.565428225Z:                         ##         .
[STDOUT  ] 2017-06-13T19:40:17.565433318Z:                   ## ## ##        ==
[STDOUT  ] 2017-06-13T19:40:17.56543839Z:                ## ## ## ## ##    ===
[STDOUT  ] 2017-06-13T19:40:17.565443458Z:            /"""""""""""""""""\___/ ===
[STDOUT  ] 2017-06-13T19:40:17.56544848Z:       ~~~ {~~ ~~~~ ~~~ ~~~~ ~~~ ~ /  ===- ~~~
[STDOUT  ] 2017-06-13T19:40:17.56545351Z:            \______ o           __/
[STDOUT  ] 2017-06-13T19:40:17.565456185Z:              \    \         __/
[STDOUT  ] 2017-06-13T19:40:17.565463575Z:               \____\_______/
[STDOUT  ] 2017-06-13T19:40:17.565468531Z: 
[STDOUT  ] 2017-06-13T19:40:17.565471076Z: [34mINFO[0m[0000] starting containerd boot...                   [34mmodule[0m=containerd
[STDOUT  ] 2017-06-13T19:40:17.565479283Z: [34mINFO[0m[0000] starting debug API...                         [34mdebug[0m="/run/containerd/debug.sock" [34mmodule[0m=containerd
[STDOUT  ] 2017-06-13T19:40:17.565487585Z: [34mINFO[0m[0000] loading monitor plugin "cgroups"...           [34mmodule[0m=containerd
[STDOUT  ] 2017-06-13T19:40:17.565494058Z: [34mINFO[0m[0000] loading runtime plugin "linux"...             [34mmodule[0m=containerd
[STDOUT  ] 2017-06-13T19:40:17.565499068Z: [34mINFO[0m[0000] loading snapshot plugin "snapshot-overlay"...  [34mmodule[0m=containerd
[STDOUT  ] 2017-06-13T19:40:17.565504076Z: [34mINFO[0m[0000] loading differ plugin "diff-base"...          [34mmodule[0m=containerd
[STDOUT  ] 2017-06-13T19:40:17.565509131Z: [34mINFO[0m[0000] loading grpc service plugin "snapshots-grpc"...  [34mmodule[0m=containerd
[STDOUT  ] 2017-06-13T19:40:17.565520348Z: [34mINFO[0m[0000] loading grpc service plugin "containers-grpc"...  [34mmodule[0m=containerd
[STDOUT  ] 2017-06-13T19:40:17.56552319Z: [34mINFO[0m[0000] loading grpc service plugin "tasks-grpc"...   [34mmodule[0m=containerd
[STDOUT  ] 2017-06-13T19:40:17.565529321Z: [34mINFO[0m[0000] loading grpc service plugin "healthcheck-grpc"...  [34mmodule[0m=containerd
[STDOUT  ] 2017-06-13T19:40:17.565536988Z: [34mINFO[0m[0000] loading grpc service plugin "namespaces-grpc"...  [34mmodule[0m=containerd
[STDOUT  ] 2017-06-13T19:40:17.565542031Z: [34mINFO[0m[0000] loading grpc service plugin "version-grpc"...  [34mmodule[0m=containerd
[STDOUT  ] 2017-06-13T19:40:17.565547145Z: [34mINFO[0m[0000] loading grpc service plugin "content-grpc"...  [34mmodule[0m=containerd
[STDOUT  ] 2017-06-13T19:40:17.565555715Z: [34mINFO[0m[0000] loading grpc service plugin "images-grpc"...  [34mmodule[0m=containerd
[STDOUT  ] 2017-06-13T19:40:17.565561005Z: [34mINFO[0m[0000] loading grpc service plugin "metrics-grpc"...  [34mmodule[0m=containerd
[STDOUT  ] 2017-06-13T19:40:17.565566225Z: [   15.968637] random: fast init done
[STDOUT  ] 2017-06-13T19:40:17.565571388Z: [34mINFO[0m[0000] loading grpc service plugin "diff-grpc"...    [34mmodule[0m=containerd
[STDOUT  ] 2017-06-13T19:40:17.565579613Z: [34mINFO[0m[0000] starting GRPC API server...                   [34mmodule[0m=containerd
[STDOUT  ] 2017-06-13T19:40:17.565582516Z: [34mINFO[0m[0000] containerd successfully booted in 0.216215s   [34mmodule[0m=containerd
[STDOUT  ] 2017-06-13T19:40:17.565587578Z: [   17.727927] IPv6: ADDRCONF(NETDEV_UP): eth0: link is not ready
[STDOUT  ] 2017-06-13T19:40:17.565598668Z: [   17.728633] 8021q: adding VLAN 0 to HW filter on device eth0
[STDOUT  ] 2017-06-13T19:40:17.565603815Z: eth0: waiting for carrier
[STDOUT  ] 2017-06-13T19:40:17.565609085Z: [   17.741457] e1000: eth0 NIC Link is Up 1000 Mbps Full Duplex, Flow Control: RX
[STDOUT  ] 2017-06-13T19:40:17.565614223Z: [   17.743778] IPv6: ADDRCONF(NETDEV_CHANGE): eth0: link becomes ready
[STDOUT  ] 2017-06-13T19:40:17.565619278Z: eth0: carrier acquired
[STDOUT  ] 2017-06-13T19:40:17.565624325Z: DUID 00:01:00:01:20:d2:fc:12:52:54:00:12:34:56
[STDOUT  ] 2017-06-13T19:40:17.565629546Z: eth0: IAID 00:12:34:56
[STDOUT  ] 2017-06-13T19:40:17.565634611Z: eth0: adding address fe80::dfb9:7d71:9ade:fffc
[STDOUT  ] 2017-06-13T19:40:17.565639616Z: eth0: soliciting an IPv6 router
[STDOUT  ] 2017-06-13T19:40:17.565648065Z: eth0: soliciting a DHCP lease
[STDOUT  ] 2017-06-13T19:40:17.565650811Z: eth0: offered 10.0.2.15 from 10.0.2.2
[STDOUT  ] 2017-06-13T19:40:17.565655678Z: eth0: leased 10.0.2.15 for 86400 seconds
[STDOUT  ] 2017-06-13T19:40:17.565663115Z: eth0: adding route to 10.0.2.0/24
[STDOUT  ] 2017-06-13T19:40:17.565668088Z: eth0: adding default route via 10.0.2.2
[STDOUT  ] 2017-06-13T19:40:17.565670811Z: exiting due to oneshot
[STDOUT  ] 2017-06-13T19:40:17.565675891Z: dhcpcd exited
[STDOUT  ] 2017-06-13T19:40:17.565683616Z:  - 000-dhcpcd
[STDOUT  ] 2017-06-13T19:40:17.565688805Z: dhcpcd test suite PASSED
[STDOUT  ] 2017-06-13T19:40:17.56569462Z:  - 001-test
[STDOUT  ] 2017-06-13T19:40:17.565699635Z: [   30.729237] ACPI: Preparing to enter system sleep state S5
[STDOUT  ] 2017-06-13T19:40:17.565708315Z: [   30.731170] reboot: Power down
[STDERR  ] 2017-06-13T19:40:17.56571968Z: 
[STDERR  ] 2017-06-13T19:40:17.565723596Z:                         ##         .
[STDERR  ] 2017-06-13T19:40:17.56572873Z:                   ## ## ##        ==
[STDERR  ] 2017-06-13T19:40:17.565736348Z:                ## ## ## ## ##    ===
[STDERR  ] 2017-06-13T19:40:17.565739106Z:            /"""""""""""""""""\___/ ===
[STDERR  ] 2017-06-13T19:40:17.565746661Z:       ~~~ {~~ ~~~~ ~~~ ~~~~ ~~~ ~ /  ===- ~~~
[STDERR  ] 2017-06-13T19:40:17.565751835Z:            \______ o           __/
[STDERR  ] 2017-06-13T19:40:17.565754543Z:              \    \         __/
[STDERR  ] 2017-06-13T19:40:17.56576219Z:               \____\_______/
[STDERR  ] 2017-06-13T19:40:17.565767581Z: 
[STDERR  ] 2017-06-13T19:40:17.565772911Z: [34mINFO[0m[0000] starting containerd boot...                   [34mmodule[0m=containerd
[STDERR  ] 2017-06-13T19:40:17.56577843Z: [34mINFO[0m[0000] starting debug API...                         [34mdebug[0m="/run/containerd/debug.sock" [34mmodule[0m=containerd
[STDERR  ] 2017-06-13T19:40:17.565783975Z: [34mINFO[0m[0000] loading monitor plugin "cgroups"...           [34mmodule[0m=containerd
[STDERR  ] 2017-06-13T19:40:17.565796235Z: [34mINFO[0m[0000] loading runtime plugin "linux"...             [34mmodule[0m=containerd
[STDERR  ] 2017-06-13T19:40:17.565804696Z: [34mINFO[0m[0000] loading snapshot plugin "snapshot-overlay"...  [34mmodule[0m=containerd
[STDERR  ] 2017-06-13T19:40:17.565807333Z: [34mINFO[0m[0000] loading differ plugin "diff-base"...          [34mmodule[0m=containerd
[STDERR  ] 2017-06-13T19:40:17.565814888Z: [34mINFO[0m[0000] loading grpc service plugin "snapshots-grpc"...  [34mmodule[0m=containerd
[STDERR  ] 2017-06-13T19:40:17.565817578Z: [34mINFO[0m[0000] loading grpc service plugin "containers-grpc"...  [34mmodule[0m=containerd
[STDERR  ] 2017-06-13T19:40:17.56582497Z: [34mINFO[0m[0000] loading grpc service plugin "tasks-grpc"...   [34mmodule[0m=containerd
[STDERR  ] 2017-06-13T19:40:17.565830178Z: [34mINFO[0m[0000] loading grpc service plugin "healthcheck-grpc"...  [34mmodule[0m=containerd
[STDERR  ] 2017-06-13T19:40:17.565832848Z: [34mINFO[0m[0000] loading grpc service plugin "namespaces-grpc"...  [34mmodule[0m=containerd
[STDERR  ] 2017-06-13T19:40:17.565848018Z: [34mINFO[0m[0000] loading grpc service plugin "version-grpc"...  [34mmodule[0m=containerd
[STDERR  ] 2017-06-13T19:40:17.565853208Z: [34mINFO[0m[0000] loading grpc service plugin "content-grpc"...  [34mmodule[0m=containerd
[STDERR  ] 2017-06-13T19:40:17.565858385Z: [34mINFO[0m[0000] loading grpc service plugin "images-grpc"...  [34mmodule[0m=containerd
[STDERR  ] 2017-06-13T19:40:17.565872681Z: [34mINFO[0m[0000] loading grpc service plugin "metrics-grpc"...  [34mmodule[0m=containerd
[STDERR  ] 2017-06-13T19:40:17.565879153Z: [   15.968637] random: fast init done
[STDERR  ] 2017-06-13T19:40:17.565886908Z: [34mINFO[0m[0000] loading grpc service plugin "diff-grpc"...    [34mmodule[0m=containerd
[STDERR  ] 2017-06-13T19:40:17.565892105Z: [34mINFO[0m[0000] starting GRPC API server...                   [34mmodule[0m=containerd
[STDERR  ] 2017-06-13T19:40:17.565897873Z: [34mINFO[0m[0000] containerd successfully booted in 0.216215s   [34mmodule[0m=containerd
[STDERR  ] 2017-06-13T19:40:17.565900713Z: [   17.727927] IPv6: ADDRCONF(NETDEV_UP): eth0: link is not ready
[STDERR  ] 2017-06-13T19:40:17.565908349Z: [   17.728633] 8021q: adding VLAN 0 to HW filter on device eth0
[STDERR  ] 2017-06-13T19:40:17.565911081Z: eth0: waiting for carrier
[STDERR  ] 2017-06-13T19:40:17.565918823Z: [   17.741457] e1000: eth0 NIC Link is Up 1000 Mbps Full Duplex, Flow Control: RX
[STDERR  ] 2017-06-13T19:40:17.565924035Z: [   17.743778] IPv6: ADDRCONF(NETDEV_CHANGE): eth0: link becomes ready
[STDERR  ] 2017-06-13T19:40:17.565929143Z: eth0: carrier acquired
[STDERR  ] 2017-06-13T19:40:17.565934298Z: DUID 00:01:00:01:20:d2:fc:12:52:54:00:12:34:56
[STDERR  ] 2017-06-13T19:40:17.565939458Z: eth0: IAID 00:12:34:56
[STDERR  ] 2017-06-13T19:40:17.565957271Z: eth0: adding address fe80::dfb9:7d71:9ade:fffc
[STDERR  ] 2017-06-13T19:40:17.565962865Z: eth0: soliciting an IPv6 router
[STDERR  ] 2017-06-13T19:40:17.565974543Z: eth0: soliciting a DHCP lease
[STDERR  ] 2017-06-13T19:40:17.565979781Z: eth0: offered 10.0.2.15 from 10.0.2.2
[STDERR  ] 2017-06-13T19:40:17.565984868Z: eth0: leased 10.0.2.15 for 86400 seconds
[STDERR  ] 2017-06-13T19:40:17.565990046Z: eth0: adding route to 10.0.2.0/24
[STDERR  ] 2017-06-13T19:40:17.565995408Z: eth0: adding default route via 10.0.2.2
[STDERR  ] 2017-06-13T19:40:17.566000451Z: exiting due to oneshot
[STDERR  ] 2017-06-13T19:40:17.56600572Z: dhcpcd exited
[STDERR  ] 2017-06-13T19:40:17.56601082Z:  - 000-dhcpcd
[STDERR  ] 2017-06-13T19:40:17.566080238Z: dhcpcd test suite PASSED
[STDERR  ] 2017-06-13T19:40:17.566090315Z:  - 001-test
[STDERR  ] 2017-06-13T19:40:17.56615512Z: [   30.729237] ACPI: Preparing to enter system sleep state S5
[STDERR  ] 2017-06-13T19:40:17.566160318Z: [   30.731170] reboot: Power down
[STDERR  ] 2017-06-13T19:40:17.566166673Z: + echo [    0.000000] Linux version 4.9.31-linuxkit (root@84baa8e89c00) (gcc version 6.2.1 20160822 (Alpine 6.2.1) ) #1 SMP Wed Jun 7 21:45:43 UTC 2017
[STDERR  ] 2017-06-13T19:40:17.566190575Z: [    0.000000] Command line: console=ttyS0 page_poison=1
[STDERR  ] 2017-06-13T19:40:17.56619625Z: [    0.000000] x86/fpu: Legacy x87 FPU detected.
[STDERR  ] 2017-06-13T19:40:17.566201391Z: [    0.000000] x86/fpu: Using 'eager' FPU context switches.
[STDERR  ] 2017-06-13T19:40:17.566206645Z: [    0.000000] e820: BIOS-provided physical RAM map:
[STDERR  ] 2017-06-13T19:40:17.566209441Z: [    0.000000] BIOS-e820: [mem 0x0000000000000000-0x000000000009fbff] usable
[STDERR  ] 2017-06-13T19:40:17.566217421Z: [    0.000000] BIOS-e820: [mem 0x000000000009fc00-0x000000000009ffff] reserved
[STDERR  ] 2017-06-13T19:40:17.566220121Z: [    0.000000] BIOS-e820: [mem 0x00000000000f0000-0x00000000000fffff] reserved
[STDERR  ] 2017-06-13T19:40:17.566230815Z: [    0.000000] BIOS-e820: [mem 0x0000000000100000-0x000000003ffdefff] usable
[STDERR  ] 2017-06-13T19:40:17.566241275Z: [    0.000000] BIOS-e820: [mem 0x000000003ffdf000-0x000000003fffffff] reserved
[STDERR  ] 2017-06-13T19:40:17.566246803Z: [    0.000000] BIOS-e820: [mem 0x00000000b0000000-0x00000000bfffffff] reserved
[STDERR  ] 2017-06-13T19:40:17.566265371Z: [    0.000000] BIOS-e820: [mem 0x00000000fed1c000-0x00000000fed1ffff] reserved
[STDERR  ] 2017-06-13T19:40:17.566270563Z: [    0.000000] BIOS-e820: [mem 0x00000000fffc0000-0x00000000ffffffff] reserved
[STDERR  ] 2017-06-13T19:40:17.566273353Z: [    0.000000] NX (Execute Disable) protection: active
[STDERR  ] 2017-06-13T19:40:17.566281301Z: [    0.000000] SMBIOS 2.8 present.
[STDERR  ] 2017-06-13T19:40:17.566286601Z: [    0.000000] e820: last_pfn = 0x3ffdf max_arch_pfn = 0x400000000
[STDERR  ] 2017-06-13T19:40:17.566289161Z: [    0.000000] x86/PAT: Configuration [0-7]: WB  WC  UC- UC  WB  WC  UC- WT  
[STDERR  ] 2017-06-13T19:40:17.566297156Z: [    0.000000] found SMP MP-table at [mem 0x000f6aa0-0x000f6aaf] mapped at [ffff9a03800f6aa0]
[STDERR  ] 2017-06-13T19:40:17.566299919Z: [    0.000000] RAMDISK: [mem 0x3e047000-0x3ffcffff]
[STDERR  ] 2017-06-13T19:40:17.566307533Z: [    0.000000] ACPI: Early table checksum verification disabled
[STDERR  ] 2017-06-13T19:40:17.566310215Z: [    0.000000] ACPI: RSDP 0x00000000000F68C0 000014 (v00 BOCHS )
[STDERR  ] 2017-06-13T19:40:17.566318063Z: [    0.000000] ACPI: RSDT 0x000000003FFE2404 000034 (v01 BOCHS  BXPCRSDT 00000001 BXPC 00000001)
[STDERR  ] 2017-06-13T19:40:17.566323211Z: [    0.000000] ACPI: FACP 0x000000003FFE22A4 000074 (v01 BOCHS  BXPCFACP 00000001 BXPC 00000001)
[STDERR  ] 2017-06-13T19:40:17.566328366Z: [    0.000000] ACPI: DSDT 0x000000003FFE0040 002264 (v01 BOCHS  BXPCDSDT 00000001 BXPC 00000001)
[STDERR  ] 2017-06-13T19:40:17.566341181Z: [    0.000000] ACPI: FACS 0x000000003FFE0000 000040
[STDERR  ] 2017-06-13T19:40:17.566346251Z: [    0.000000] ACPI: APIC 0x000000003FFE2318 000078 (v01 BOCHS  BXPCAPIC 00000001 BXPC 00000001)
[STDERR  ] 2017-06-13T19:40:17.566354803Z: [    0.000000] ACPI: HPET 0x000000003FFE2390 000038 (v01 BOCHS  BXPCHPET 00000001 BXPC 00000001)
[STDERR  ] 2017-06-13T19:40:17.566357703Z: [    0.000000] ACPI: MCFG 0x000000003FFE23C8 00003C (v01 BOCHS  BXPCMCFG 00000001 BXPC 00000001)
[STDERR  ] 2017-06-13T19:40:17.566371316Z: [    0.000000] Zone ranges:
[STDERR  ] 2017-06-13T19:40:17.566373915Z: [    0.000000]   DMA      [mem 0x0000000000001000-0x0000000000ffffff]
[STDERR  ] 2017-06-13T19:40:17.566381673Z: [    0.000000]   DMA32    [mem 0x0000000001000000-0x000000003ffdefff]
[STDERR  ] 2017-06-13T19:40:17.566386939Z: [    0.000000]   Normal   empty
[STDERR  ] 2017-06-13T19:40:17.566389821Z: [    0.000000] Movable zone start for each node
[STDERR  ] 2017-06-13T19:40:17.566394951Z: [    0.000000] Early memory node ranges
[STDERR  ] 2017-06-13T19:40:17.566414556Z: [    0.000000]   node   0: [mem 0x0000000000001000-0x000000000009efff]
[STDERR  ] 2017-06-13T19:40:17.566420479Z: [    0.000000]   node   0: [mem 0x0000000000100000-0x000000003ffdefff]
[STDERR  ] 2017-06-13T19:40:17.566425586Z: [    0.000000] Initmem setup node 0 [mem 0x0000000000001000-0x000000003ffdefff]
[STDERR  ] 2017-06-13T19:40:17.566430741Z: [    0.000000] ACPI: PM-Timer IO Port: 0x608
[STDERR  ] 2017-06-13T19:40:17.566436001Z: [    0.000000] ACPI: LAPIC_NMI (acpi_id[0xff] dfl dfl lint[0x1])
[STDERR  ] 2017-06-13T19:40:17.566445273Z: [    0.000000] IOAPIC[0]: apic_id 0, version 32, address 0xfec00000, GSI 0-23
[STDERR  ] 2017-06-13T19:40:17.566450368Z: [    0.000000] ACPI: INT_SRC_OVR (bus 0 bus_irq 0 global_irq 2 dfl dfl)
[STDERR  ] 2017-06-13T19:40:17.566453131Z: [    0.000000] ACPI: INT_SRC_OVR (bus 0 bus_irq 5 global_irq 5 high level)
[STDERR  ] 2017-06-13T19:40:17.566460605Z: [    0.000000] ACPI: INT_SRC_OVR (bus 0 bus_irq 9 global_irq 9 high level)
[STDERR  ] 2017-06-13T19:40:17.566465971Z: [    0.000000] ACPI: INT_SRC_OVR (bus 0 bus_irq 10 global_irq 10 high level)
[STDERR  ] 2017-06-13T19:40:17.566471078Z: [    0.000000] ACPI: INT_SRC_OVR (bus 0 bus_irq 11 global_irq 11 high level)
[STDERR  ] 2017-06-13T19:40:17.566476266Z: [    0.000000] Using ACPI (MADT) for SMP configuration information
[STDERR  ] 2017-06-13T19:40:17.566479085Z: [    0.000000] ACPI: HPET id: 0x8086a201 base: 0xfed00000
[STDERR  ] 2017-06-13T19:40:17.566499099Z: [    0.000000] smpboot: Allowing 1 CPUs, 0 hotplug CPUs
[STDERR  ] 2017-06-13T19:40:17.566504456Z: [    0.000000] e820: [mem 0x40000000-0xafffffff] available for PCI devices
[STDERR  ] 2017-06-13T19:40:17.566514443Z: [    0.000000] Booting paravirtualized kernel on bare hardware
[STDERR  ] 2017-06-13T19:40:17.566520693Z: [    0.000000] clocksource: refined-jiffies: mask: 0xffffffff max_cycles: 0xffffffff, max_idle_ns: 19112604462750000 ns
[STDERR  ] 2017-06-13T19:40:17.566524205Z: [    0.000000] setup_percpu: NR_CPUS:128 nr_cpumask_bits:128 nr_cpu_ids:1 nr_node_ids:1
[STDERR  ] 2017-06-13T19:40:17.566529585Z: [    0.000000] percpu: Embedded 35 pages/cpu @ffff9a03bde00000 s105240 r8192 d29928 u2097152
[STDERR  ] 2017-06-13T19:40:17.566537258Z: [    0.000000] Built 1 zonelists in Zone order, mobility grouping on.  Total pages: 257896
[STDERR  ] 2017-06-13T19:40:17.566540041Z: [    0.000000] Kernel command line: console=ttyS0 page_poison=1
[STDERR  ] 2017-06-13T19:40:17.566551169Z: [    0.000000] PID hash table entries: 4096 (order: 3, 32768 bytes)
[STDERR  ] 2017-06-13T19:40:17.566554055Z: [    0.000000] Dentry cache hash table entries: 131072 (order: 8, 1048576 bytes)
[STDERR  ] 2017-06-13T19:40:17.566570146Z: [    0.000000] Inode-cache hash table entries: 65536 (order: 7, 524288 bytes)
[STDERR  ] 2017-06-13T19:40:17.566575936Z: [    0.000000] Memory: 979488K/1048052K available (9526K kernel code, 1595K rwdata, 3120K rodata, 1456K init, 604K bss, 68564K reserved, 0K cma-reserved)
[STDERR  ] 2017-06-13T19:40:17.566581701Z: [    0.000000] Hierarchical RCU implementation.
[STDERR  ] 2017-06-13T19:40:17.566584501Z: [    0.000000] 	Build-time adjustment of leaf fanout to 64.
[STDERR  ] 2017-06-13T19:40:17.566593133Z: [    0.000000] 	RCU restricting CPUs from NR_CPUS=128 to nr_cpu_ids=1.
[STDERR  ] 2017-06-13T19:40:17.566600849Z: [    0.000000] RCU: Adjusting geometry for rcu_fanout_leaf=64, nr_cpu_ids=1
[STDERR  ] 2017-06-13T19:40:17.566605436Z: [    0.000000] NR_IRQS:8448 nr_irqs:256 16
[STDERR  ] 2017-06-13T19:40:17.566610769Z: [    0.000000] Console: colour VGA+ 80x25
[STDERR  ] 2017-06-13T19:40:17.566618588Z: [    0.000000] console [ttyS0] enabled
[STDERR  ] 2017-06-13T19:40:17.566623708Z: [    0.000000] allocated 2097152 bytes of page_ext
[STDERR  ] 2017-06-13T19:40:17.566630563Z: [    0.000000] clocksource: hpet: mask: 0xffffffff max_cycles: 0xffffffff, max_idle_ns: 19112604467 ns
[STDERR  ] 2017-06-13T19:40:17.566644996Z: [    0.000000] tsc: Fast TSC calibration failed
[STDERR  ] 2017-06-13T19:40:17.566652831Z: [    0.000000] tsc: Unable to calibrate against PIT
[STDERR  ] 2017-06-13T19:40:17.566657998Z: [    0.000000] tsc: using HPET reference calibration
[STDERR  ] 2017-06-13T19:40:17.566663196Z: [    0.000000] tsc: Detected 2600.023 MHz processor
[STDERR  ] 2017-06-13T19:40:17.566668652Z: [    0.051372] Calibrating delay loop (skipped), value calculated using timer frequency.. 5200.04 BogoMIPS (lpj=26000230)
[STDERR  ] 2017-06-13T19:40:17.566674118Z: [    0.061493] pid_max: default: 32768 minimum: 301
[STDERR  ] 2017-06-13T19:40:17.566679429Z: [    0.062702] ACPI: Core revision 20160831
[STDERR  ] 2017-06-13T19:40:17.566682209Z: [    0.106595] ACPI: 1 ACPI AML tables successfully acquired and loaded
[STDERR  ] 2017-06-13T19:40:17.566689811Z: [    0.110392] Security Framework initialized
