[INFO    ] 2019-04-17T13:07:09.116194534Z: Running Test linuxkit.packages.sysctl in /tmp/build/test/cases/040_packages/019_sysctl
[INFO    ] 2019-04-17T13:07:09.116406336Z: Running command: [/bin/sh -x /tmp/build/test/cases/040_packages/019_sysctl/test.sh]
[STDERR  ] 2019-04-17T13:07:09.149997097Z: + set -e
[STDERR  ] 2019-04-17T13:07:09.150100742Z: + . /tmp/build/test/cases/_lib/lib.sh
[STDERR  ] 2019-04-17T13:07:09.150114118Z: + [ -f src/github.com/linuxkit/rtf/lib/lib.sh ]
[STDERR  ] 2019-04-17T13:07:09.150123575Z: + LINUXKIT_TMPDIR=/tmp/build/test/cases/_tmp
[STDERR  ] 2019-04-17T13:07:09.150132973Z: + [ -f /tmp/build/test/cases/_tmp/env.sh ]
[STDERR  ] 2019-04-17T13:07:09.150141622Z: + . /tmp/build/test/cases/_tmp/env.sh
[STDERR  ] 2019-04-17T13:07:09.150152029Z: + export LINUXKIT_EXAMPLES_DIR=/tmp/build/test/cases/../../examples
[STDERR  ] 2019-04-17T13:07:09.150162596Z: + RT_CANCEL=253
[STDERR  ] 2019-04-17T13:07:09.150171836Z: + NAME=sysctl
[STDERR  ] 2019-04-17T13:07:09.150180591Z: + trap clean_up EXIT
[STDERR  ] 2019-04-17T13:07:09.150189147Z: + linuxkit build -format kernel+initrd -name sysctl test.yml
[STDERR  ] 2019-04-17T13:07:09.185014860Z: Extract kernel image: linuxkit/kernel:4.19.34
[STDERR  ] 2019-04-17T13:07:11.182188221Z: Add init containers:
[STDERR  ] 2019-04-17T13:07:11.182284985Z: Process init image: linuxkit/init:3a772fafa2e45b872c72375dd6bc34993257b6d1
[STDERR  ] 2019-04-17T13:07:12.379430394Z: Process init image: linuxkit/runc:02f2f6dd425eb3ff98f488b5cdef0125be787332
[STDERR  ] 2019-04-17T13:07:13.522598651Z: Add onboot containers:
[STDERR  ] 2019-04-17T13:07:13.522654808Z:   Create OCI config for linuxkit/sysctl:713e535f2d4e4c74aba50cc7f73e3826b2dd3857
[STDERR  ] 2019-04-17T13:07:14.889850331Z:   Create OCI config for alpine:3.9
[STDERR  ] 2019-04-17T13:07:16.040749802Z:   Create OCI config for linuxkit/poweroff:9f4e04f09bbb4a028f0a1f57d430e1ad3095ace1
[STDERR  ] 2019-04-17T13:07:17.200171879Z: Add files:
[STDERR  ] 2019-04-17T13:07:17.200247529Z:   check.sh
[STDERR  ] 2019-04-17T13:07:17.201575658Z: Create outputs:
[STDERR  ] 2019-04-17T13:07:23.245136755Z:   sysctl-kernel sysctl-initrd.img sysctl-cmdline
[STDERR  ] 2019-04-17T13:07:23.311997782Z: + linuxkit run sysctl
[STDERR  ] 2019-04-17T13:07:38.064437552Z: + RESULT=[    0.000000] Linux version 4.19.34-linuxkit (root@b189040c639b) (gcc version 8.3.0 (Alpine 8.3.0)) #1 SMP Wed Apr 17 07:56:11 UTC 2019
[STDERR  ] 2019-04-17T13:07:38.064524035Z: [    0.000000] Command line: console=ttyS0 console=ttyAMA0
[STDERR  ] 2019-04-17T13:07:38.064539705Z: [    0.000000] x86/fpu: x87 FPU will use FXSAVE
[STDERR  ] 2019-04-17T13:07:38.064555816Z: [    0.000000] BIOS-provided physical RAM map:
[STDERR  ] 2019-04-17T13:07:38.064569800Z: [    0.000000] BIOS-e820: [mem 0x0000000000000000-0x000000000009fbff] usable
[STDERR  ] 2019-04-17T13:07:38.064583816Z: [    0.000000] BIOS-e820: [mem 0x000000000009fc00-0x000000000009ffff] reserved
[STDERR  ] 2019-04-17T13:07:38.064596996Z: [    0.000000] BIOS-e820: [mem 0x00000000000f0000-0x00000000000fffff] reserved
[STDERR  ] 2019-04-17T13:07:38.064610253Z: [    0.000000] BIOS-e820: [mem 0x0000000000100000-0x000000003ffdefff] usable
[STDERR  ] 2019-04-17T13:07:38.064623156Z: [    0.000000] BIOS-e820: [mem 0x000000003ffdf000-0x000000003fffffff] reserved
[STDERR  ] 2019-04-17T13:07:38.064636004Z: [    0.000000] BIOS-e820: [mem 0x00000000b0000000-0x00000000bfffffff] reserved
[STDERR  ] 2019-04-17T13:07:38.064647714Z: [    0.000000] BIOS-e820: [mem 0x00000000fed1c000-0x00000000fed1ffff] reserved
[STDERR  ] 2019-04-17T13:07:38.064659328Z: [    0.000000] BIOS-e820: [mem 0x00000000feffc000-0x00000000feffffff] reserved
[STDERR  ] 2019-04-17T13:07:38.064682018Z: [    0.000000] BIOS-e820: [mem 0x00000000fffc0000-0x00000000ffffffff] reserved
[STDERR  ] 2019-04-17T13:07:38.064694084Z: [    0.000000] NX (Execute Disable) protection: active
[STDERR  ] 2019-04-17T13:07:38.064706147Z: [    0.000000] SMBIOS 2.8 present.
[STDERR  ] 2019-04-17T13:07:38.064721242Z: [    0.000000] DMI: QEMU Standard PC (Q35 + ICH9, 2009), BIOS 1.10.2-1 04/01/2014
[STDERR  ] 2019-04-17T13:07:38.064755650Z: [    0.000000] Hypervisor detected: KVM
[STDERR  ] 2019-04-17T13:07:38.064771310Z: [    0.000000] kvm-clock: Using msrs 4b564d01 and 4b564d00
[STDERR  ] 2019-04-17T13:07:38.064789018Z: [    0.541671] kvm-clock: cpu 0, msr 3281c001, primary cpu clock
[STDERR  ] 2019-04-17T13:07:38.064801549Z: [    0.541672] clocksource: kvm-clock: mask: 0xffffffffffffffff max_cycles: 0x1cd42e4dffb, max_idle_ns: 881590591483 ns
[STDERR  ] 2019-04-17T13:07:38.064815410Z: [    0.541684] tsc: Detected 2299.788 MHz processor
[STDERR  ] 2019-04-17T13:07:38.064828747Z: [    0.544880] last_pfn = 0x3ffdf max_arch_pfn = 0x400000000
[STDERR  ] 2019-04-17T13:07:38.064841301Z: [    0.545566] x86/PAT: PAT not supported by CPU.
[STDERR  ] 2019-04-17T13:07:38.064856736Z: [    0.545642] x86/PAT: Configuration [0-7]: WB  WT  UC- UC  WB  WT  UC- UC  
[STDERR  ] 2019-04-17T13:07:38.064869161Z: [    0.556640] found SMP MP-table at [mem 0x000f6a90-0x000f6a9f] mapped at [(____ptrval____)]
[STDERR  ] 2019-04-17T13:07:38.064883187Z: [    0.557040] RAMDISK: [mem 0x3deae000-0x3ffcffff]
[STDERR  ] 2019-04-17T13:07:38.064895976Z: [    0.557273] ACPI: Early table checksum verification disabled
[STDERR  ] 2019-04-17T13:07:38.064909730Z: [    0.557413] ACPI: RSDP 0x00000000000F68D0 000014 (v00 BOCHS )
[STDERR  ] 2019-04-17T13:07:38.064922227Z: [    0.557423] ACPI: RSDT 0x000000003FFE2404 000034 (v01 BOCHS  BXPCRSDT 00000001 BXPC 00000001)
[STDERR  ] 2019-04-17T13:07:38.064934822Z: [    0.557442] ACPI: FACP 0x000000003FFE22A4 000074 (v01 BOCHS  BXPCFACP 00000001 BXPC 00000001)
[STDERR  ] 2019-04-17T13:07:38.064955370Z: [    0.557450] ACPI: DSDT 0x000000003FFE0040 002264 (v01 BOCHS  BXPCDSDT 00000001 BXPC 00000001)
[STDERR  ] 2019-04-17T13:07:38.064968249Z: [    0.557455] ACPI: FACS 0x000000003FFE0000 000040
[STDERR  ] 2019-04-17T13:07:38.064981255Z: [    0.557458] ACPI: APIC 0x000000003FFE2318 000078 (v01 BOCHS  BXPCAPIC 00000001 BXPC 00000001)
[STDERR  ] 2019-04-17T13:07:38.064993414Z: [    0.557463] ACPI: HPET 0x000000003FFE2390 000038 (v01 BOCHS  BXPCHPET 00000001 BXPC 00000001)
[STDERR  ] 2019-04-17T13:07:38.065005137Z: [    0.557467] ACPI: MCFG 0x000000003FFE23C8 00003C (v01 BOCHS  BXPCMCFG 00000001 BXPC 00000001)
[STDERR  ] 2019-04-17T13:07:38.065018839Z: [    0.558226] Zone ranges:
[STDERR  ] 2019-04-17T13:07:38.065031804Z: [    0.558229]   DMA      [mem 0x0000000000001000-0x0000000000ffffff]
[STDERR  ] 2019-04-17T13:07:38.065046073Z: [    0.558231]   DMA32    [mem 0x0000000001000000-0x000000003ffdefff]
[STDERR  ] 2019-04-17T13:07:38.065058445Z: [    0.558232]   Normal   empty
[STDERR  ] 2019-04-17T13:07:38.065070933Z: [    0.558234]   Device   empty
[STDERR  ] 2019-04-17T13:07:38.065083288Z: [    0.558235] Movable zone start for each node
[STDERR  ] 2019-04-17T13:07:38.065095342Z: [    0.558236] Early memory node ranges
[STDERR  ] 2019-04-17T13:07:38.065108224Z: [    0.558237]   node   0: [mem 0x0000000000001000-0x000000000009efff]
[STDERR  ] 2019-04-17T13:07:38.065121218Z: [    0.558238]   node   0: [mem 0x0000000000100000-0x000000003ffdefff]
[STDERR  ] 2019-04-17T13:07:38.065139846Z: [    0.558859] Reserved but unavailable: 98 pages
[STDERR  ] 2019-04-17T13:07:38.065152870Z: [    0.558861] Initmem setup node 0 [mem 0x0000000000001000-0x000000003ffdefff]
[STDERR  ] 2019-04-17T13:07:38.065165426Z: [    0.572813] ACPI: PM-Timer IO Port: 0x608
[STDERR  ] 2019-04-17T13:07:38.065191439Z: [    0.572862] ACPI: LAPIC_NMI (acpi_id[0xff] dfl dfl lint[0x1])
[STDERR  ] 2019-04-17T13:07:38.065209385Z: [    0.573103] IOAPIC[0]: apic_id 0, version 17, address 0xfec00000, GSI 0-23
[STDERR  ] 2019-04-17T13:07:38.065227078Z: [    0.573107] ACPI: INT_SRC_OVR (bus 0 bus_irq 0 global_irq 2 dfl dfl)
[STDERR  ] 2019-04-17T13:07:38.065240672Z: [    0.573109] ACPI: INT_SRC_OVR (bus 0 bus_irq 5 global_irq 5 high level)
[STDERR  ] 2019-04-17T13:07:38.065254332Z: [    0.573111] ACPI: INT_SRC_OVR (bus 0 bus_irq 9 global_irq 9 high level)
[STDERR  ] 2019-04-17T13:07:38.065269402Z: [    0.573117] ACPI: INT_SRC_OVR (bus 0 bus_irq 10 global_irq 10 high level)
[STDERR  ] 2019-04-17T13:07:38.065294663Z: [    0.573119] ACPI: INT_SRC_OVR (bus 0 bus_irq 11 global_irq 11 high level)
[STDERR  ] 2019-04-17T13:07:38.065308321Z: [    0.573126] Using ACPI (MADT) for SMP configuration information
[STDERR  ] 2019-04-17T13:07:38.065322438Z: [    0.573129] ACPI: HPET id: 0x8086a201 base: 0xfed00000
[STDERR  ] 2019-04-17T13:07:38.065336215Z: [    0.573164] smpboot: Allowing 1 CPUs, 0 hotplug CPUs
[STDERR  ] 2019-04-17T13:07:38.065348418Z: [    0.573287] [mem 0x40000000-0xafffffff] available for PCI devices
[STDERR  ] 2019-04-17T13:07:38.065361486Z: [    0.573288] Booting paravirtualized kernel on KVM
[STDERR  ] 2019-04-17T13:07:38.065375593Z: [    0.573291] clocksource: refined-jiffies: mask: 0xffffffff max_cycles: 0xffffffff, max_idle_ns: 1910969940391419 ns
[STDERR  ] 2019-04-17T13:07:38.065388260Z: [    0.678281] random: get_random_bytes called from start_kernel+0x91/0x512 with crng_init=0
[STDERR  ] 2019-04-17T13:07:38.065405044Z: [    0.678307] setup_percpu: NR_CPUS:128 nr_cpumask_bits:128 nr_cpu_ids:1 nr_node_ids:1
[STDERR  ] 2019-04-17T13:07:38.065418136Z: [    0.679197] percpu: Embedded 45 pages/cpu @(____ptrval____) s145112 r8192 d31016 u2097152
[STDERR  ] 2019-04-17T13:07:38.065430272Z: [    0.679310] KVM setup async PF for cpu 0
[STDERR  ] 2019-04-17T13:07:38.065443633Z: [    0.679363] kvm-stealtime: cpu 0, msr 3ca15e80
[STDERR  ] 2019-04-17T13:07:38.065456349Z: [    0.679397] Built 1 zonelists, mobility grouping on.  Total pages: 257896
[STDERR  ] 2019-04-17T13:07:38.065472984Z: [    0.679399] Kernel command line: console=ttyS0 console=ttyAMA0
[STDERR  ] 2019-04-17T13:07:38.065486681Z: [    0.679537] Dentry cache hash table entries: 131072 (order: 8, 1048576 bytes)
[STDERR  ] 2019-04-17T13:07:38.065501066Z: [    0.679662] Inode-cache hash table entries: 65536 (order: 7, 524288 bytes)
[STDERR  ] 2019-04-17T13:07:38.065515325Z: [    0.683266] Memory: 967844K/1048052K available (12300K kernel code, 1581K rwdata, 3056K rodata, 1588K init, 2028K bss, 80208K reserved, 0K cma-reserved)
[STDERR  ] 2019-04-17T13:07:38.065529159Z: [    0.684015] Kernel/User page tables isolation: enabled
[STDERR  ] 2019-04-17T13:07:38.065542870Z: [    0.684110] ftrace: allocating 43031 entries in 169 pages
[STDERR  ] 2019-04-17T13:07:38.065563499Z: [    0.706760] rcu: Hierarchical RCU implementation.
[STDERR  ] 2019-04-17T13:07:38.065575228Z: [    0.706764] rcu: 	RCU restricting CPUs from NR_CPUS=128 to nr_cpu_ids=1.
[STDERR  ] 2019-04-17T13:07:38.065587541Z: [    0.706765] rcu: Adjusting geometry for rcu_fanout_leaf=16, nr_cpu_ids=1
[STDERR  ] 2019-04-17T13:07:38.065601046Z: [    0.709656] NR_IRQS: 8448, nr_irqs: 256, preallocated irqs: 16
[STDERR  ] 2019-04-17T13:07:38.065614597Z: [    0.736398] Console: colour VGA+ 80x25
[STDERR  ] 2019-04-17T13:07:38.065626312Z: [    1.145992] console [ttyS0] enabled
[STDERR  ] 2019-04-17T13:07:38.065638280Z: [    1.148853] ACPI: Core revision 20180810
[STDERR  ] 2019-04-17T13:07:38.065653059Z: [    1.152821] clocksource: hpet: mask: 0xffffffff max_cycles: 0xffffffff, max_idle_ns: 19112604467 ns
[STDERR  ] 2019-04-17T13:07:38.065668796Z: [    1.160771] APIC: Switch to symmetric I/O mode setup
[STDERR  ] 2019-04-17T13:07:38.065680504Z: [    1.167115] x2apic enabled
[STDERR  ] 2019-04-17T13:07:38.065693617Z: [    1.171506] Switched APIC routing to physical x2apic.
[STDERR  ] 2019-04-17T13:07:38.065705760Z: [    1.185356] ..TIMER: vector=0x30 apic1=0 pin1=2 apic2=-1 pin2=-1
[STDERR  ] 2019-04-17T13:07:38.065717713Z: [    1.190378] clocksource: tsc-early: mask: 0xffffffffffffffff max_cycles: 0x21266cf7f05, max_idle_ns: 440795268182 ns
[STDERR  ] 2019-04-17T13:07:38.065736032Z: [    1.201889] Calibrating delay loop (skipped) preset value.. 4599.57 BogoMIPS (lpj=2299788)
[STDERR  ] 2019-04-17T13:07:38.065748886Z: [    1.202863] pid_max: default: 32768 minimum: 301
[STDERR  ] 2019-04-17T13:07:38.065760996Z: [    1.203979] Security Framework initialized
[STDERR  ] 2019-04-17T13:07:38.065773155Z: [    1.204861] Yama: becoming mindful.
[STDERR  ] 2019-04-17T13:07:38.065786337Z: [    1.205908] Mount-cache hash table entries: 2048 (order: 2, 16384 bytes)
[STDERR  ] 2019-04-17T13:07:38.065804687Z: [    1.206865] Mountpoint-cache hash table entries: 2048 (order: 2, 16384 bytes)
[STDERR  ] 2019-04-17T13:07:38.065817171Z: [    1.209908] Last level iTLB entries: 4KB 0, 2MB 0, 4MB 0
[STDERR  ] 2019-04-17T13:07:38.065829852Z: [    1.210862] Last level dTLB entries: 4KB 0, 2MB 0, 4MB 0, 1GB 0
[STDERR  ] 2019-04-17T13:07:38.065842820Z: [    1.211861] Spectre V2 : Mitigation: Full generic retpoline
[STDERR  ] 2019-04-17T13:07:38.065855160Z: [    1.212859] Spectre V2 : Spectre v2 / SpectreRSB mitigation: Filling RSB on context switch
[STDERR  ] 2019-04-17T13:07:38.065867788Z: [    1.213860] Speculative Store Bypass: Vulnerable
[STDERR  ] 2019-04-17T13:07:38.065881306Z: [    1.224745] Freeing SMP alternatives memory: 20K
[STDERR  ] 2019-04-17T13:07:38.065894105Z: [    1.226855] smpboot: CPU0: Intel QEMU Virtual CPU version 2.5+ (family: 0x6, model: 0x6, stepping: 0x3)
[STDERR  ] 2019-04-17T13:07:38.065907439Z: [    1.227036] Performance Events: PMU not available due to virtualization, using software events only.
[STDERR  ] 2019-04-17T13:07:38.065920309Z: [    1.229162] rcu: Hierarchical SRCU implementation.
[STDERR  ] 2019-04-17T13:07:38.065933173Z: [    1.231013] NMI watchdog: Perf NMI watchdog permanently disabled
[STDERR  ] 2019-04-17T13:07:38.065950201Z: [    1.232942] smp: Bringing up secondary CPUs ...
[STDERR  ] 2019-04-17T13:07:38.065962303Z: [    1.233863] smp: Brought up 1 node, 1 CPU
[STDERR  ] 2019-04-17T13:07:38.065979675Z: [    1.234860] smpboot: Max logical packages: 1
[STDERR  ] 2019-04-17T13:07:38.065992464Z: [    1.235860] smpboot: Total of 1 processors activated (4599.57 BogoMIPS)
[STDERR  ] 2019-04-17T13:07:38.066005205Z: [    1.238698] devtmpfs: initialized
[STDERR  ] 2019-04-17T13:07:38.066018505Z: [    1.238937] x86/mm: Memory block size: 128MB
[STDERR  ] 2019-04-17T13:07:38.066031317Z: [    1.241193] clocksource: jiffies: mask: 0xffffffff max_cycles: 0xffffffff, max_idle_ns: 1911260446275000 ns
[STDERR  ] 2019-04-17T13:07:38.066044881Z: [    1.241871] futex hash table entries: 256 (order: 2, 16384 bytes)
[STDERR  ] 2019-04-17T13:07:38.066057641Z: [    1.243164] NET: Registered protocol family 16
[STDERR  ] 2019-04-17T13:07:38.066070083Z: [    1.244963] audit: initializing netlink subsys (disabled)
[STDERR  ] 2019-04-17T13:07:38.066082397Z: [    1.246907] audit: type=2000 audit(1555506444.195:1): state=initialized audit_enabled=0 res=1
[STDERR  ] 2019-04-17T13:07:38.066095394Z: [    1.247967] cpuidle: using governor ladder
[STDERR  ] 2019-04-17T13:07:38.066107116Z: [    1.248861] cpuidle: using governor menu
[STDERR  ] 2019-04-17T13:07:38.066119714Z: [    1.250003] ACPI: bus type PCI registered
[STDERR  ] 2019-04-17T13:07:38.066136382Z: [    1.252124] PCI: MMCONFIG for domain 0000 [bus 00-ff] at [mem 0xb0000000-0xbfffffff] (base 0xb0000000)
[STDERR  ] 2019-04-17T13:07:38.066150458Z: [    1.252865] PCI: MMCONFIG at [mem 0xb0000000-0xbfffffff] reserved in E820
[STDERR  ] 2019-04-17T13:07:38.066168186Z: [    1.253878] PCI: Using configuration type 1 for base access
[STDERR  ] 2019-04-17T13:07:38.066196339Z: [    1.257672] HugeTLB registered 2.00 MiB page size, pre-allocated 0 pages
[STDERR  ] 2019-04-17T13:07:38.066208663Z: [    1.258882] cryptd: max_cpu_qlen set to 1000
[STDERR  ] 2019-04-17T13:07:38.066231620Z: [    1.260976] ACPI: Added _OSI(Module Device)
[STDERR  ] 2019-04-17T13:07:38.066248430Z: [    1.261863] ACPI: Added _OSI(Processor Device)
[STDERR  ] 2019-04-17T13:07:38.066260796Z: [    1.262860] ACPI: Added _OSI(3.0 _SCP Extensions)
[STDERR  ] 2019-04-17T13:07:38.066273449Z: [    1.263861] ACPI: Added _OSI(Processor Aggregator Device)
[STDERR  ] 2019-04-17T13:07:38.066285271Z: [    1.264877] ACPI: Added _OSI(Linux-Dell-Video)
[STDERR  ] 2019-04-17T13:07:38.066297482Z: [    1.265861] ACPI: Added _OSI(Linux-Lenovo-NV-HDMI-Audio)
[STDERR  ] 2019-04-17T13:07:38.066309564Z: [    1.268274] ACPI: 1 ACPI AML tables successfully acquired and loaded
[STDERR  ] 2019-04-17T13:07:38.066321838Z: [    1.271037] ACPI: Interpreter enabled
[STDERR  ] 2019-04-17T13:07:38.066338269Z: [    1.271870] ACPI: (supports S0 S5)
[STDERR  ] 2019-04-17T13:07:38.066350801Z: [    1.272860] ACPI: Using IOAPIC for interrupt routing
[STDERR  ] 2019-04-17T13:07:38.066362904Z: [    1.273930] PCI: Using host bridge windows from ACPI; if necessary, use "pci=nocrs" and report a bug
[STDERR  ] 2019-04-17T13:07:38.066375521Z: [    1.275112] ACPI: Enabled 2 GPEs in block 00 to 3F
[STDERR  ] 2019-04-17T13:07:38.066387517Z: [    1.280238] ACPI: PCI Root Bridge [PCI0] (domain 0000 [bus 00-ff])
[STDERR  ] 2019-04-17T13:07:38.066400341Z: [    1.281864] acpi PNP0A08:00: _OSC: OS supports [ExtendedConfig ASPM ClockPM Segments MSI]
[STDERR  ] 2019-04-17T13:07:38.066412565Z: [    1.282981] acpi PNP0A08:00: _OSC: platform does not support [SHPCHotplug LTR]
[STDERR  ] 2019-04-17T13:07:38.066424460Z: [    1.284933] acpi PNP0A08:00: _OSC: OS now controls [PCIeHotplug PME PCIeCapability]
[STDERR  ] 2019-04-17T13:07:38.066437020Z: [    1.285950] PCI host bridge to bus 0000:00
[STDERR  ] 2019-04-17T13:07:38.066449440Z: [    1.286864] pci_bus 0000:00: root bus resource [io  0x0000-0x0cf7 window]
[STDERR  ] 2019-04-17T13:07:38.066462015Z: [    1.287863] pci_bus 0000:00: root bus resource [io  0x0d00-0xffff window]
[STDERR  ] 2019-04-17T13:07:38.066476292Z: [    1.288863] pci_bus 0000:00: root bus resource [mem 0x000a0000-0x000bffff window]
[STDERR  ] 2019-04-17T13:07:38.066488461Z: [    1.289865] pci_bus 0000:00: root bus resource [mem 0xc0000000-0xfebfffff window]
[STDERR  ] 2019-04-17T13:07:38.066505818Z: [    1.290866] pci_bus 0000:00: root bus resource [bus 00-ff]
[STDERR  ] 2019-04-17T13:07:38.066518379Z: [    1.360492] pci 0000:00:1f.0: quirk: [io  0x0600-0x067f] claimed by ICH6 ACPI/GPIO/TCO
[STDERR  ] 2019-04-17T13:07:38.066531091Z: [    1.388267] ACPI: PCI Interrupt Link [LNKA] (IRQs 5 *10 11)
[STDERR  ] 2019-04-17T13:07:38.066544432Z: [    1.389164] ACPI: PCI Interrupt Link [LNKB] (IRQs 5 *10 11)
[STDERR  ] 2019-04-17T13:07:38.066557848Z: [    1.390950] ACPI: PCI Interrupt Link [LNKC] (IRQs 5 10 *11)
[STDERR  ] 2019-04-17T13:07:38.066571160Z: [    1.392141] ACPI: PCI Interrupt Link [LNKD] (IRQs 5 10 *11)
[STDERR  ] 2019-04-17T13:07:38.066583457Z: [    1.393140] ACPI: PCI Interrupt Link [LNKE] (IRQs 5 *10 11)
[STDERR  ] 2019-04-17T13:07:38.066597346Z: [    1.394873] ACPI: PCI Interrupt Link [LNKF] (IRQs 5 *10 11)
[STDERR  ] 2019-04-17T13:07:38.066610574Z: [    1.396162] ACPI: PCI Interrupt Link [LNKG] (IRQs 5 10 *11)
[STDERR  ] 2019-04-17T13:07:38.066627859Z: [    1.397144] ACPI: PCI Interrupt Link [LNKH] (IRQs 5 10 *11)
[STDERR  ] 2019-04-17T13:07:38.066640530Z: [    1.398009] ACPI: PCI Interrupt Link [GSIA] (IRQs *16)
[STDERR  ] 2019-04-17T13:07:38.066653257Z: [    1.398879] ACPI: PCI Interrupt Link [GSIB] (IRQs *17)
[STDERR  ] 2019-04-17T13:07:38.066666034Z: [    1.399893] ACPI: PCI Interrupt Link [GSIC] (IRQs *18)
[STDERR  ] 2019-04-17T13:07:38.066678679Z: [    1.400881] ACPI: PCI Interrupt Link [GSID] (IRQs *19)
[STDERR  ] 2019-04-17T13:07:38.066691150Z: [    1.401881] ACPI: PCI Interrupt Link [GSIE] (IRQs *20)
[STDERR  ] 2019-04-17T13:07:38.066703351Z: [    1.402878] ACPI: PCI Interrupt Link [GSIF] (IRQs *21)
[STDERR  ] 2019-04-17T13:07:38.066718719Z: [    1.403881] ACPI: PCI Interrupt Link [GSIG] (IRQs *22)
[STDERR  ] 2019-04-17T13:07:38.066733821Z: [    1.404879] ACPI: PCI Interrupt Link [GSIH] (IRQs *23)
[STDERR  ] 2019-04-17T13:07:38.066746042Z: [    1.406288] SCSI subsystem initialized
[STDERR  ] 2019-04-17T13:07:38.066758241Z: [    1.407917] ACPI: bus type USB registered
[STDERR  ] 2019-04-17T13:07:38.066770249Z: [    1.408899] usbcore: registered new interface driver usbfs
[STDERR  ] 2019-04-17T13:07:38.066782405Z: [    1.409891] usbcore: registered new interface driver hub
[STDERR  ] 2019-04-17T13:07:38.066794551Z: [    1.410897] usbcore: registered new device driver usb
[STDERR  ] 2019-04-17T13:07:38.066810419Z: [    1.411895] pps_core: LinuxPPS API ver. 1 registered
[STDERR  ] 2019-04-17T13:07:38.066826796Z: [    1.412860] pps_core: Software ver. 5.3.6 - Copyright 2005-2007 Rodolfo Giometti <giometti@linux.it>
[STDERR  ] 2019-04-17T13:07:38.066842749Z: [    1.413876] PTP clock support registered
[STDERR  ] 2019-04-17T13:07:38.066854962Z: [    1.414973] PCI: Using ACPI for IRQ routing
[STDERR  ] 2019-04-17T13:07:38.066866935Z: [    1.861641] NetLabel: Initializing
[STDERR  ] 2019-04-17T13:07:38.066880985Z: [    1.861859] NetLabel:  domain hash size = 128
[STDERR  ] 2019-04-17T13:07:38.066892651Z: [    1.862858] NetLabel:  protocols = UNLABELED CIPSOv4 CALIPSO
[STDERR  ] 2019-04-17T13:07:38.066905093Z: [    1.863891] NetLabel:  unlabeled traffic allowed by default
[STDERR  ] 2019-04-17T13:07:38.066918699Z: [    1.865031] HPET: 3 timers in total, 0 timers will be used for per-cpu timer
[STDERR  ] 2019-04-17T13:07:38.066931580Z: [    1.865973] hpet0: at MMIO 0xfed00000, IRQs 2, 8, 0
[STDERR  ] 2019-04-17T13:07:38.066944830Z: [    1.866860] hpet0: 3 comparators, 64-bit 100.000000 MHz counter
[STDERR  ] 2019-04-17T13:07:38.066958284Z: [    1.870898] clocksource: Switched to clocksource kvm-clock
[STDERR  ] 2019-04-17T13:07:38.066970571Z: [    1.897540] VFS: Disk quotas dquot_6.6.0
[STDERR  ] 2019-04-17T13:07:38.066983261Z: [    1.901220] VFS: Dquot-cache hash table entries: 512 (order 0, 4096 bytes)
[STDERR  ] 2019-04-17T13:07:38.066996676Z: [    1.907387] FS-Cache: Loaded
[STDERR  ] 2019-04-17T13:07:38.067008573Z: [    1.910146] CacheFiles: Loaded
[STDERR  ] 2019-04-17T13:07:38.067030143Z: [    1.913056] pnp: PnP ACPI init
[STDERR  ] 2019-04-17T13:07:38.067047413Z: [    1.917070] pnp: PnP ACPI: found 5 devices
[STDERR  ] 2019-04-17T13:07:38.067059698Z: [    1.927260] clocksource: acpi_pm: mask: 0xffffff max_cycles: 0xffffff, max_idle_ns: 2085701024 ns
[STDERR  ] 2019-04-17T13:07:38.067072747Z: [    1.935236] NET: Registered protocol family 2
[STDERR  ] 2019-04-17T13:07:38.067085257Z: [    1.940108] tcp_listen_portaddr_hash hash table entries: 512 (order: 1, 8192 bytes)
[STDERR  ] 2019-04-17T13:07:38.067102507Z: [    1.946959] TCP established hash table entries: 8192 (order: 4, 65536 bytes)
[STDERR  ] 2019-04-17T13:07:38.067118694Z: [    1.953356] TCP bind hash table entries: 8192 (order: 5, 131072 bytes)
[STDERR  ] 2019-04-17T13:07:38.067131108Z: [    1.959160] TCP: Hash tables configured (established 8192 bind 8192)
[STDERR  ] 2019-04-17T13:07:38.067143317Z: [    1.964918] UDP hash table entries: 512 (order: 2, 16384 bytes)
[STDERR  ] 2019-04-17T13:07:38.067155533Z: [    1.970159] UDP-Lite hash table entries: 512 (order: 2, 16384 bytes)
[STDERR  ] 2019-04-17T13:07:38.067168886Z: [    1.975989] NET: Registered protocol family 1
[STDERR  ] 2019-04-17T13:07:38.067194840Z: [    1.979964] NET: Registered protocol family 44
[STDERR  ] 2019-04-17T13:07:38.067207259Z: [    1.984180] pci 0000:00:01.0: Video device with shadowed ROM at [mem 0x000c0000-0x000dffff]
[STDERR  ] 2019-04-17T13:07:38.067225464Z: [    1.992030] Trying to unpack rootfs image as initramfs...
[STDERR  ] 2019-04-17T13:07:38.067237860Z: [    2.613414] Freeing initrd memory: 33928K
[STDERR  ] 2019-04-17T13:07:38.067256569Z: [    2.617361] clocksource: tsc: mask: 0xffffffffffffffff max_cycles: 0x21266cf7f05, max_idle_ns: 440795268182 ns
[STDERR  ] 2019-04-17T13:07:38.067269707Z: [    2.627611] PCLMULQDQ-NI instructions are not detected.
[STDERR  ] 2019-04-17T13:07:38.067283301Z: [    2.632412] AVX or AES-NI instructions are not detected.
[STDERR  ] 2019-04-17T13:07:38.067295244Z: [    2.637194] CPU feature 'AVX registers' is not supported.
[STDERR  ] 2019-04-17T13:07:38.067307564Z: [    2.642056] CPU feature 'AVX registers' is not supported.
[STDERR  ] 2019-04-17T13:07:38.067323159Z: [    2.646890] CPU feature 'AVX registers' is not supported.
[STDERR  ] 2019-04-17T13:07:38.067335611Z: [    2.651743] CPU feature 'AVX registers' is not supported.
[STDERR  ] 2019-04-17T13:07:38.067348654Z: [    2.656589] AVX2 or AES-NI instructions are not detected.
[STDERR  ] 2019-04-17T13:07:38.067361015Z: [    2.661419] AVX2 instructions are not detected.
[STDERR  ] 2019-04-17T13:07:38.067373634Z: [    2.666058] workingset: timestamp_bits=46 max_order=18 bucket_order=0
[STDERR  ] 2019-04-17T13:07:38.067391711Z: [    2.672284] squashfs: version 4.0 (2009/01/31) Phillip Lougher
[STDERR  ] 2019-04-17T13:07:38.067408172Z: [    2.677641] FS-Cache: Netfs 'cifs' registered for caching
[STDERR  ] 2019-04-17T13:07:38.067419811Z: [    2.682566] fuse init (API version 7.27)
[STDERR  ] 2019-04-17T13:07:38.067432107Z: [    2.686222] SGI XFS with ACLs, security attributes, no debug enabled
[STDERR  ] 2019-04-17T13:07:38.067444810Z: [    2.692150] 9p: Installing v9fs 9p2000 file system support
[STDERR  ] 2019-04-17T13:07:38.067456787Z: [    2.697076] FS-Cache: Netfs '9p' registered for caching
[STDERR  ] 2019-04-17T13:07:38.067469566Z: [    2.701751] pstore: using deflate compression
[STDERR  ] 2019-04-17T13:07:38.067511148Z: [    2.707121] NET: Registered protocol family 38
[STDERR  ] 2019-04-17T13:07:38.067524107Z: [    2.711267] Key type asymmetric registered
[STDERR  ] 2019-04-17T13:07:38.067536308Z: [    2.715215] Asymmetric key parser 'x509' registered
[STDERR  ] 2019-04-17T13:07:38.067548345Z: [    2.719772] Block layer SCSI generic (bsg) driver version 0.4 loaded (major 247)
[STDERR  ] 2019-04-17T13:07:38.067562315Z: [    2.726628] io scheduler noop registered
[STDERR  ] 2019-04-17T13:07:38.067574753Z: [    2.730325] io scheduler deadline registered (default)
[STDERR  ] 2019-04-17T13:07:38.067587488Z: [    2.735044] io scheduler cfq registered
[STDERR  ] 2019-04-17T13:07:38.067603915Z: [    2.738581] io scheduler mq-deadline registered (default)
[STDERR  ] 2019-04-17T13:07:38.067621592Z: [    2.743552] io scheduler kyber registered
[STDERR  ] 2019-04-17T13:07:38.067633526Z: [    2.747330] shpchp: Standard Hot Plug PCI Controller Driver version: 0.4
[STDERR  ] 2019-04-17T13:07:38.067645896Z: [    2.753449] hv_vmbus: registering driver hyperv_fb
[STDERR  ] 2019-04-17T13:07:38.067660521Z: [    2.757926] input: Power Button as /devices/LNXSYSTM:00/LNXPWRBN:00/input/input0
[STDERR  ] 2019-04-17T13:07:38.067673087Z: [    2.764695] ACPI: Power Button [PWRF]
[STDERR  ] 2019-04-17T13:07:38.067685504Z: [    2.768840] PCI Interrupt Link [GSIG] enabled at IRQ 22
[STDERR  ] 2019-04-17T13:07:38.067702311Z: [    2.780049] PCI Interrupt Link [GSIH] enabled at IRQ 23
[STDERR  ] 2019-04-17T13:07:38.067714938Z: [    2.790604] Serial: 8250/16550 driver, 4 ports, IRQ sharing disabled
[STDERR  ] 2019-04-17T13:07:38.067728255Z: [    2.830325] 00:04: ttyS0 at I/O 0x3f8 (irq = 4, base_baud = 115200) is a 16550A
[STDERR  ] 2019-04-17T13:07:38.067745454Z: [    2.837843] Non-volatile memory driver v1.3
[STDERR  ] 2019-04-17T13:07:38.067763264Z: [    2.843439] Hangcheck: starting hangcheck timer 0.9.1 (tick is 180 seconds, margin is 60 seconds).
[STDERR  ] 2019-04-17T13:07:38.067779829Z: [    2.851728] random: fast init done
[STDERR  ] 2019-04-17T13:07:38.067792302Z: [    2.855767] random: crng init done
[STDERR  ] 2019-04-17T13:07:38.067804572Z: [    2.860237] brd: module loaded
[STDERR  ] 2019-04-17T13:07:38.067817081Z: [    2.865590] loop: module loaded
[STDERR  ] 2019-04-17T13:07:38.067829713Z: [    2.872404] lpc_ich 0000:00:1f.0: I/O space for GPIO uninitialized
[STDERR  ] 2019-04-17T13:07:38.067842262Z: [    2.877715] VMware PVSCSI driver - version 1.0.7.0-k
[STDERR  ] 2019-04-17T13:07:38.067854696Z: [    2.881969] hv_vmbus: registering driver hv_storvsc
[STDERR  ] 2019-04-17T13:07:38.067867108Z: [    2.886628] PCI Interrupt Link [GSIA] enabled at IRQ 16
[STDERR  ] 2019-04-17T13:07:38.067879627Z: [    2.894455] ahci 0000:00:1f.2: AHCI 0001.0000 32 slots 6 ports 1.5 Gbps 0x3f impl SATA mode
[STDERR  ] 2019-04-17T13:07:38.067892912Z: [    2.901179] ahci 0000:00:1f.2: flags: 64bit ncq only 
[STDERR  ] 2019-04-17T13:07:38.067905486Z: [    2.909200] scsi host0: ahci
[STDERR  ] 2019-04-17T13:07:38.067921241Z: [    2.911811] scsi host1: ahci
[STDERR  ] 2019-04-17T13:07:38.067933355Z: [    2.914366] scsi host2: ahci
[STDERR  ] 2019-04-17T13:07:38.067946006Z: [    2.916970] scsi host3: ahci
[STDERR  ] 2019-04-17T13:07:38.067958596Z: [    2.919523] scsi host4: ahci
[STDERR  ] 2019-04-17T13:07:38.067977206Z: [    2.922060] scsi host5: ahci
[STDERR  ] 2019-04-17T13:07:38.067990083Z: [    2.924624] ata1: SATA max UDMA/133 abar m4096@0xfebd2000 port 0xfebd2100 irq 24
[STDERR  ] 2019-04-17T13:07:38.068002879Z: [    2.930722] ata2: SATA max UDMA/133 abar m4096@0xfebd2000 port 0xfebd2180 irq 24
[STDERR  ] 2019-04-17T13:07:38.068015786Z: [    2.936814] ata3: SATA max UDMA/133 abar m4096@0xfebd2000 port 0xfebd2200 irq 24
[STDERR  ] 2019-04-17T13:07:38.068028461Z: [    2.942929] ata4: SATA max UDMA/133 abar m4096@0xfebd2000 port 0xfebd2280 irq 24
[STDERR  ] 2019-04-17T13:07:38.068040694Z: [    2.948969] ata5: SATA max UDMA/133 abar m4096@0xfebd2000 port 0xfebd2300 irq 24
[STDERR  ] 2019-04-17T13:07:38.068053901Z: [    2.955021] ata6: SATA max UDMA/133 abar m4096@0xfebd2000 port 0xfebd2380 irq 24
[STDERR  ] 2019-04-17T13:07:38.068067171Z: [    2.963462] tun: Universal TUN/TAP device driver, 1.6
[STDERR  ] 2019-04-17T13:07:38.068079868Z: [    2.972648] VMware vmxnet3 virtual NIC driver - version 1.4.16.0-k-NAPI
[STDERR  ] 2019-04-17T13:07:38.068092478Z: [    2.978122] hv_vmbus: registering driver hv_netvsc
[STDERR  ] 2019-04-17T13:07:38.068104695Z: [    2.982088] Fusion MPT base driver 3.04.20
[STDERR  ] 2019-04-17T13:07:38.068118284Z: [    2.985466] Copyright (c) 1999-2008 LSI Corporation
[STDERR  ] 2019-04-17T13:07:38.068130928Z: [    2.989543] Fusion MPT SPI Host driver 3.04.20
[STDERR  ] 2019-04-17T13:07:38.068144006Z: [    2.993324] i8042: PNP: PS/2 Controller [PNP0303:KBD,PNP0f13:MOU] at 0x60,0x64 irq 1,12
[STDERR  ] 2019-04-17T13:07:38.068165280Z: [    3.003562] serio: i8042 KBD port at 0x60,0x64 irq 1
[STDERR  ] 2019-04-17T13:07:38.068190672Z: [    3.007649] serio: i8042 AUX port at 0x60,0x64 irq 12
[STDERR  ] 2019-04-17T13:07:38.068203769Z: [    3.012006] hv_vmbus: registering driver hyperv_keyboard
[STDERR  ] 2019-04-17T13:07:38.068224471Z: [    3.016466] mousedev: PS/2 mouse device common for all mice
[STDERR  ] 2019-04-17T13:07:38.068240954Z: [    3.022386] input: AT Translated Set 2 keyboard as /devices/platform/i8042/serio0/input/input1
[STDERR  ] 2019-04-17T13:07:38.068254437Z: [    3.029460] input: PC Speaker as /devices/platform/pcspkr/input/input2
[STDERR  ] 2019-04-17T13:07:38.068267090Z: [    3.035926] rtc_cmos 00:00: RTC can wake from S4
[STDERR  ] 2019-04-17T13:07:38.068279538Z: [    3.042242] rtc_cmos 00:00: registered as rtc0
[STDERR  ] 2019-04-17T13:07:38.068296424Z: [    3.045957] rtc_cmos 00:00: alarms up to one day, y3k, 114 bytes nvram, hpet irqs
[STDERR  ] 2019-04-17T13:07:38.068309006Z: [    3.052036] i2c /dev entries driver
[STDERR  ] 2019-04-17T13:07:38.068321661Z: [    3.055067] device-mapper: ioctl: 4.39.0-ioctl (2018-04-03) initialised: dm-devel@redhat.com
[STDERR  ] 2019-04-17T13:07:38.068335064Z: [    3.062637] usbcore: registered new interface driver usbhid
[STDERR  ] 2019-04-17T13:07:38.068347511Z: [    3.067274] usbhid: USB HID core driver
[STDERR  ] 2019-04-17T13:07:38.068359349Z: [    3.070535] hv_utils: Registering HyperV Utility Driver
[STDERR  ] 2019-04-17T13:07:38.068370745Z: [    3.074863] hv_vmbus: registering driver hv_util
[STDERR  ] 2019-04-17T13:07:38.068386107Z: [    3.078712] hv_vmbus: registering driver hv_balloon
[STDERR  ] 2019-04-17T13:07:38.068398825Z: [    3.082735] oprofile: using NMI interrupt.
[STDERR  ] 2019-04-17T13:07:38.068412147Z: [    3.086171] GACT probability on
[STDERR  ] 2019-04-17T13:07:38.068428201Z: [    3.088830] Mirror/redirect action on
[STDERR  ] 2019-04-17T13:07:38.068441055Z: [    3.091947] Simple TC action Loaded
[STDERR  ] 2019-04-17T13:07:38.068453570Z: [    3.094914] u32 classifier
[STDERR  ] 2019-04-17T13:07:38.068467251Z: [    3.097227]     Performance counters on
[STDERR  ] 2019-04-17T13:07:38.068480484Z: [    3.100465]     input device check on
[STDERR  ] 2019-04-17T13:07:38.068493193Z: [    3.103506]     Actions configured
[STDERR  ] 2019-04-17T13:07:38.068506271Z: [    3.106614] xt_time: kernel timezone is -0000
[STDERR  ] 2019-04-17T13:07:38.068518480Z: [    3.110270] IPVS: Registered protocols (TCP, UDP, SCTP, AH, ESP)
[STDERR  ] 2019-04-17T13:07:38.068537295Z: [    3.115204] IPVS: Connection hash table configured (size=4096, memory=64Kbytes)
[STDERR  ] 2019-04-17T13:07:38.068553434Z: [    3.121313] IPVS: ipvs loaded.
[STDERR  ] 2019-04-17T13:07:38.068566777Z: [    3.123920] IPVS: [rr] scheduler registered.
[STDERR  ] 2019-04-17T13:07:38.068579580Z: [    3.127456] IPVS: [wrr] scheduler registered.
[STDERR  ] 2019-04-17T13:07:38.068592472Z: [    3.131039] IPVS: [lc] scheduler registered.
[STDERR  ] 2019-04-17T13:07:38.068605813Z: [    3.134561] IPVS: [wlc] scheduler registered.
[STDERR  ] 2019-04-17T13:07:38.068618886Z: [    3.138158] IPVS: [fo] scheduler registered.
[STDERR  ] 2019-04-17T13:07:38.068632167Z: [    3.141679] IPVS: [ovf] scheduler registered.
[STDERR  ] 2019-04-17T13:07:38.068645405Z: [    3.145284] IPVS: [lblc] scheduler registered.
[STDERR  ] 2019-04-17T13:07:38.068662235Z: [    3.148944] IPVS: [lblcr] scheduler registered.
[STDERR  ] 2019-04-17T13:07:38.068675064Z: [    3.152664] IPVS: [dh] scheduler registered.
[STDERR  ] 2019-04-17T13:07:38.068688045Z: [    3.156166] IPVS: [sh] scheduler registered.
[STDERR  ] 2019-04-17T13:07:38.068701044Z: [    3.159684] IPVS: [mh] scheduler registered.
[STDERR  ] 2019-04-17T13:07:38.068715330Z: [    3.163243] IPVS: [sed] scheduler registered.
[STDERR  ] 2019-04-17T13:07:38.068727957Z: [    3.166847] IPVS: [nq] scheduler registered.
[STDERR  ] 2019-04-17T13:07:38.068741110Z: [    3.170771] IPVS: ftp: loaded support on port[0] = 21
[STDERR  ] 2019-04-17T13:07:38.068764318Z: [    3.175020] ipip: IPv4 and MPLS over IPv4 tunneling driver
[STDERR  ] 2019-04-17T13:07:38.068777968Z: [    3.179864] gre: GRE over IPv4 demultiplexor driver
[STDERR  ] 2019-04-17T13:07:38.068793952Z: [    3.183980] ipt_CLUSTERIP: ClusterIP Version 0.8 loaded successfully
[STDERR  ] 2019-04-17T13:07:38.068807553Z: [    3.189480] NET: Registered protocol family 10
[STDERR  ] 2019-04-17T13:07:38.068820615Z: [    3.193569] Segment Routing with IPv6
[STDERR  ] 2019-04-17T13:07:38.068833342Z: [    3.197316] NET: Registered protocol family 17
[STDERR  ] 2019-04-17T13:07:38.068846503Z: [    3.201054] Bridge firewalling registered
[STDERR  ] 2019-04-17T13:07:38.068859841Z: [    3.204791] 8021q: 802.1Q VLAN Support v1.8
[STDERR  ] 2019-04-17T13:07:38.068873042Z: [    3.208290] 9pnet: Installing 9P2000 support
[STDERR  ] 2019-04-17T13:07:38.068886024Z: [    3.212143] Key type dns_resolver registered
[STDERR  ] 2019-04-17T13:07:38.068898927Z: [    3.215796] NET: Registered protocol family 40
[STDERR  ] 2019-04-17T13:07:38.068915004Z: [    3.220009] registered taskstats version 1
[STDERR  ] 2019-04-17T13:07:38.068928241Z: [    3.232156] Key type big_key registered
[STDERR  ] 2019-04-17T13:07:38.068940967Z: [    3.239591] Key type trusted registered
[STDERR  ] 2019-04-17T13:07:38.068954164Z: [    3.246982] Key type encrypted registered
[STDERR  ] 2019-04-17T13:07:38.068967193Z: [    3.251023] ima: No TPM chip found, activating TPM-bypass!
[STDERR  ] 2019-04-17T13:07:38.068980398Z: [    3.256232] ima: Allocated hash algorithm: sha256
[STDERR  ] 2019-04-17T13:07:38.068993221Z: [    3.260543] evm: Initialising EVM extended attributes:
[STDERR  ] 2019-04-17T13:07:38.069006221Z: [    3.265166] evm: security.ima
[STDERR  ] 2019-04-17T13:07:38.069019550Z: [    3.267909] evm: security.capability
[STDERR  ] 2019-04-17T13:07:38.069032428Z: [    3.271159] evm: HMAC attrs: 0x1
[STDERR  ] 2019-04-17T13:07:38.069045140Z: [    3.274700] ata6: SATA link down (SStatus 0 SControl 300)
[STDERR  ] 2019-04-17T13:07:38.069058185Z: [    3.280402] ata5: SATA link down (SStatus 0 SControl 300)
[STDERR  ] 2019-04-17T13:07:38.069073551Z: [    3.286038] ata4: SATA link down (SStatus 0 SControl 300)
[STDERR  ] 2019-04-17T13:07:38.069091344Z: [    3.291809] ata3: SATA link up 1.5 Gbps (SStatus 113 SControl 300)
[STDERR  ] 2019-04-17T13:07:38.069104490Z: [    3.298345] ata2: SATA link down (SStatus 0 SControl 300)
[STDERR  ] 2019-04-17T13:07:38.069117607Z: [    3.304012] ata1: SATA link down (SStatus 0 SControl 300)
[STDERR  ] 2019-04-17T13:07:38.069134873Z: [    3.309133] ata3.00: ATAPI: QEMU DVD-ROM, 2.5+, max UDMA/100
[STDERR  ] 2019-04-17T13:07:38.069147758Z: [    3.314239] ata3.00: applying bridge limits
[STDERR  ] 2019-04-17T13:07:38.069160909Z: [    3.319183] rtc_cmos 00:00: setting system clock to 2019-04-17 13:07:26 UTC (1555506446)
[STDERR  ] 2019-04-17T13:07:38.069186156Z: [    3.326651] ata3.00: configured for UDMA/100
[STDERR  ] 2019-04-17T13:07:38.069199484Z: [    3.331685] scsi 2:0:0:0: CD-ROM            QEMU     QEMU DVD-ROM     2.5+ PQ: 0 ANSI: 5
[STDERR  ] 2019-04-17T13:07:38.069213336Z: [    3.339053] Unstable clock detected, switching default tracing clock to "global"
[STDERR  ] 2019-04-17T13:07:38.069233049Z: [    3.339053] If you want to keep using the local clock, then add:
[STDERR  ] 2019-04-17T13:07:38.069246387Z: [    3.339053]   "trace_clock=local"
[STDERR  ] 2019-04-17T13:07:38.069259294Z: [    3.339053] on the kernel command line
[STDERR  ] 2019-04-17T13:07:38.069274518Z: [    3.372838] sr 2:0:0:0: [sr0] scsi3-mmc drive: 4x/4x cd/rw xa/form2 tray
[STDERR  ] 2019-04-17T13:07:38.069287928Z: [    3.378914] cdrom: Uniform CD-ROM driver Revision: 3.20
[STDERR  ] 2019-04-17T13:07:38.069301094Z: [    3.384250] sr 2:0:0:0: Attached scsi generic sg0 type 5
[STDERR  ] 2019-04-17T13:07:38.069317779Z: [    3.393036] Freeing unused kernel image memory: 1588K
[STDERR  ] 2019-04-17T13:07:38.069330563Z: [    3.399023] Write protecting the kernel read-only data: 18432k
[STDERR  ] 2019-04-17T13:07:38.069348066Z: [    3.406641] Freeing unused kernel image memory: 2028K
[STDERR  ] 2019-04-17T13:07:38.069361949Z: [    3.411597] Freeing unused kernel image memory: 1040K
[STDERR  ] 2019-04-17T13:07:38.069375066Z: [    3.416203] Run /init as init process
[STDERR  ] 2019-04-17T13:07:38.069389010Z: 
[STDERR  ] 2019-04-17T13:07:38.069402807Z: Welcome to LinuxKit
[STDERR  ] 2019-04-17T13:07:38.069416167Z: 
[STDERR  ] 2019-04-17T13:07:38.069429027Z:                         ##         .
[STDERR  ] 2019-04-17T13:07:38.069442067Z:                   ## ## ##        ==
[STDERR  ] 2019-04-17T13:07:38.069455267Z:                ## ## ## ## ##    ===
[STDERR  ] 2019-04-17T13:07:38.069468184Z:            /"""""""""""""""""\___/ ===
[STDERR  ] 2019-04-17T13:07:38.069481255Z:           {                       /  ===-
[STDERR  ] 2019-04-17T13:07:38.069494306Z:            \______ O           __/
[STDERR  ] 2019-04-17T13:07:38.069507312Z:              \    \         __/
[STDERR  ] 2019-04-17T13:07:38.069520187Z:               \____\_______/
[STDERR  ] 2019-04-17T13:07:38.069533315Z: 
[STDERR  ] 2019-04-17T13:07:38.069546500Z: sysctl test suite PASSED
[STDERR  ] 2019-04-17T13:07:38.069559536Z: [   14.119626] ACPI: Preparing to enter system sleep state S5
[STDERR  ] 2019-04-17T13:07:38.069572628Z: [   14.124994] reboot: Power down
[STDERR  ] 2019-04-17T13:07:38.069586079Z: + echo [    0.000000] Linux version 4.19.34-linuxkit (root@b189040c639b) (gcc version 8.3.0 (Alpine 8.3.0)) #1 SMP Wed Apr 17 07:56:11 UTC 2019
[STDERR  ] 2019-04-17T13:07:38.069600313Z: [    0.000000] Command line: console=ttyS0 console=ttyAMA0
[STDERR  ] 2019-04-17T13:07:38.069615993Z: [    0.000000] x86/fpu: x87 FPU will use FXSAVE
[STDERR  ] 2019-04-17T13:07:38.069629486Z: [    0.000000] BIOS-provided physical RAM map:
[STDERR  ] 2019-04-17T13:07:38.069646622Z: [    0.000000] BIOS-e820: [mem 0x0000000000000000-0x000000000009fbff] usable
[STDERR  ] 2019-04-17T13:07:38.069660214Z: [    0.000000] BIOS-e820: [mem 0x000000000009fc00-0x000000000009ffff] reserved
[STDERR  ] 2019-04-17T13:07:38.069673291Z: [    0.000000] BIOS-e820: [mem 0x00000000000f0000-0x00000000000fffff] reserved
[STDERR  ] 2019-04-17T13:07:38.069686086Z: [    0.000000] BIOS-e820: [mem 0x0000000000100000-0x000000003ffdefff] usable
[STDERR  ] 2019-04-17T13:07:38.069699285Z: [    0.000000] BIOS-e820: [mem 0x000000003ffdf000-0x000000003fffffff] reserved
[STDERR  ] 2019-04-17T13:07:38.069712290Z: [    0.000000] BIOS-e820: [mem 0x00000000b0000000-0x00000000bfffffff] reserved
[STDERR  ] 2019-04-17T13:07:38.069725029Z: [    0.000000] BIOS-e820: [mem 0x00000000fed1c000-0x00000000fed1ffff] reserved
[STDERR  ] 2019-04-17T13:07:38.069745146Z: [    0.000000] BIOS-e820: [mem 0x00000000feffc000-0x00000000feffffff] reserved
[STDERR  ] 2019-04-17T13:07:38.069758420Z: [    0.000000] BIOS-e820: [mem 0x00000000fffc0000-0x00000000ffffffff] reserved
[STDERR  ] 2019-04-17T13:07:38.069771256Z: [    0.000000] NX (Execute Disable) protection: active
[STDERR  ] 2019-04-17T13:07:38.069784259Z: [    0.000000] SMBIOS 2.8 present.
[STDERR  ] 2019-04-17T13:07:38.069800507Z: [    0.000000] DMI: QEMU Standard PC (Q35 + ICH9, 2009), BIOS 1.10.2-1 04/01/2014
[STDERR  ] 2019-04-17T13:07:38.069813566Z: [    0.000000] Hypervisor detected: KVM
[STDERR  ] 2019-04-17T13:07:38.069829108Z: [    0.000000] kvm-clock: Using msrs 4b564d01 and 4b564d00
[STDERR  ] 2019-04-17T13:07:38.069841957Z: [    0.541671] kvm-clock: cpu 0, msr 3281c001, primary cpu clock
[STDERR  ] 2019-04-17T13:07:38.069855105Z: [    0.541672] clocksource: kvm-clock: mask: 0xffffffffffffffff max_cycles: 0x1cd42e4dffb, max_idle_ns: 881590591483 ns
[STDERR  ] 2019-04-17T13:07:38.069872053Z: [    0.541684] tsc: Detected 2299.788 MHz processor
[STDERR  ] 2019-04-17T13:07:38.069884923Z: [    0.544880] last_pfn = 0x3ffdf max_arch_pfn = 0x400000000
[STDERR  ] 2019-04-17T13:07:38.069898024Z: [    0.545566] x86/PAT: PAT not supported by CPU.
[STDERR  ] 2019-04-17T13:07:38.069911121Z: [    0.545642] x86/PAT: Configuration [0-7]: WB  WT  UC- UC  WB  WT  UC- UC  
[STDERR  ] 2019-04-17T13:07:38.069928916Z: [    0.556640] found SMP MP-table at [mem 0x000f6a90-0x000f6a9f] mapped at [(____ptrval____)]
[STDERR  ] 2019-04-17T13:07:38.069942111Z: [    0.557040] RAMDISK: [mem 0x3deae000-0x3ffcffff]
[STDERR  ] 2019-04-17T13:07:38.069955650Z: [    0.557273] ACPI: Early table checksum verification disabled
[STDERR  ] 2019-04-17T13:07:38.069968832Z: [    0.557413] ACPI: RSDP 0x00000000000F68D0 000014 (v00 BOCHS )
[STDERR  ] 2019-04-17T13:07:38.069981953Z: [    0.557423] ACPI: RSDT 0x000000003FFE2404 000034 (v01 BOCHS  BXPCRSDT 00000001 BXPC 00000001)
[STDERR  ] 2019-04-17T13:07:38.069998432Z: [    0.557442] ACPI: FACP 0x000000003FFE22A4 000074 (v01 BOCHS  BXPCFACP 00000001 BXPC 00000001)
[STDERR  ] 2019-04-17T13:07:38.070011564Z: [    0.557450] ACPI: DSDT 0x000000003FFE0040 002264 (v01 BOCHS  BXPCDSDT 00000001 BXPC 00000001)
[STDERR  ] 2019-04-17T13:07:38.070024462Z: [    0.557455] ACPI: FACS 0x000000003FFE0000 000040
[STDERR  ] 2019-04-17T13:07:38.070037312Z: [    0.557458] ACPI: APIC 0x000000003FFE2318 000078 (v01 BOCHS  BXPCAPIC 00000001 BXPC 00000001)
[STDERR  ] 2019-04-17T13:07:38.070050643Z: [    0.557463] ACPI: HPET 0x000000003FFE2390 000038 (v01 BOCHS  BXPCHPET 00000001 BXPC 00000001)
[STDERR  ] 2019-04-17T13:07:38.070063718Z: [    0.557467] ACPI: MCFG 0x000000003FFE23C8 00003C (v01 BOCHS  BXPCMCFG 00000001 BXPC 00000001)
[STDERR  ] 2019-04-17T13:07:38.070076872Z: [    0.558226] Zone ranges:
[STDERR  ] 2019-04-17T13:07:38.070089652Z: [    0.558229]   DMA      [mem 0x0000000000001000-0x0000000000ffffff]
[STDERR  ] 2019-04-17T13:07:38.070102931Z: [    0.558231]   DMA32    [mem 0x0000000001000000-0x000000003ffdefff]
[STDERR  ] 2019-04-17T13:07:38.070116067Z: [    0.558232]   Normal   empty
[STDERR  ] 2019-04-17T13:07:38.070128827Z: [    0.558234]   Device   empty
[STDERR  ] 2019-04-17T13:07:38.070142028Z: [    0.558235] Movable zone start for each node
[STDERR  ] 2019-04-17T13:07:38.070155326Z: [    0.558236] Early memory node ranges
[STDERR  ] 2019-04-17T13:07:38.070168555Z: [    0.558237]   node   0: [mem 0x0000000000001000-0x000000000009efff]
[STDERR  ] 2019-04-17T13:07:38.070191373Z: [    0.558238]   node   0: [mem 0x0000000000100000-0x000000003ffdefff]
[STDERR  ] 2019-04-17T13:07:38.070204703Z: [    0.558859] Reserved but unavailable: 98 pages
[STDERR  ] 2019-04-17T13:07:38.070223599Z: [    0.558861] Initmem setup node 0 [mem 0x0000000000001000-0x000000003ffdefff]
[STDERR  ] 2019-04-17T13:07:38.070236708Z: [    0.572813] ACPI: PM-Timer IO Port: 0x608
[STDERR  ] 2019-04-17T13:07:38.070253008Z: [    0.572862] ACPI: LAPIC_NMI (acpi_id[0xff] dfl dfl lint[0x1])
[STDERR  ] 2019-04-17T13:07:38.070270507Z: [    0.573103] IOAPIC[0]: apic_id 0, version 17, address 0xfec00000, GSI 0-23
[STDERR  ] 2019-04-17T13:07:38.070287133Z: [    0.573107] ACPI: INT_SRC_OVR (bus 0 bus_irq 0 global_irq 2 dfl dfl)
[STDERR  ] 2019-04-17T13:07:38.070300255Z: [    0.573109] ACPI: INT_SRC_OVR (bus 0 bus_irq 5 global_irq 5 high level)
[STDERR  ] 2019-04-17T13:07:38.070313149Z: [    0.573111] ACPI: INT_SRC_OVR (bus 0 bus_irq 9 global_irq 9 high level)
[STDERR  ] 2019-04-17T13:07:38.070326171Z: [    0.573117] ACPI: INT_SRC_OVR (bus 0 bus_irq 10 global_irq 10 high level)
[STDERR  ] 2019-04-17T13:07:38.070339138Z: [    0.573119] ACPI: INT_SRC_OVR (bus 0 bus_irq 11 global_irq 11 high level)
[STDERR  ] 2019-04-17T13:07:38.070355168Z: [    0.573126] Using ACPI (MADT) for SMP configuration information
[STDERR  ] 2019-04-17T13:07:38.070368083Z: [    0.573129] ACPI: HPET id: 0x8086a201 base: 0xfed00000
[STDERR  ] 2019-04-17T13:07:38.070381065Z: [    0.573164] smpboot: Allowing 1 CPUs, 0 hotplug CPUs
[STDERR  ] 2019-04-17T13:07:38.070394039Z: [    0.573287] [mem 0x40000000-0xafffffff] available for PCI devices
[STDERR  ] 2019-04-17T13:07:38.070406794Z: [    0.573288] Booting paravirtualized kernel on KVM
[STDERR  ] 2019-04-17T13:07:38.070419807Z: [    0.573291] clocksource: refined-jiffies: mask: 0xffffffff max_cycles: 0xffffffff, max_idle_ns: 1910969940391419 ns
[STDERR  ] 2019-04-17T13:07:38.070433234Z: [    0.678281] random: get_random_bytes called from start_kernel+0x91/0x512 with crng_init=0
[STDERR  ] 2019-04-17T13:07:38.070450742Z: [    0.678307] setup_percpu: NR_CPUS:128 nr_cpumask_bits:128 nr_cpu_ids:1 nr_node_ids:1
[STDERR  ] 2019-04-17T13:07:38.070464765Z: [    0.679197] percpu: Embedded 45 pages/cpu @(____ptrval____) s145112 r8192 d31016 u2097152
[STDERR  ] 2019-04-17T13:07:38.070478354Z: [    0.679310] KVM setup async PF for cpu 0
[STDERR  ] 2019-04-17T13:07:38.070491429Z: [    0.679363] kvm-stealtime: cpu 0, msr 3ca15e80
[STDERR  ] 2019-04-17T13:07:38.070507931Z: [    0.679397] Built 1 zonelists, mobility grouping on.  Total pages: 257896
[STDERR  ] 2019-04-17T13:07:38.070520832Z: [    0.679399] Kernel command line: console=ttyS0 console=ttyAMA0
[STDERR  ] 2019-04-17T13:07:38.070536295Z: [    0.679537] Dentry cache hash table entries: 131072 (order: 8, 1048576 bytes)
[STDERR  ] 2019-04-17T13:07:38.070549459Z: [    0.679662] Inode-cache hash table entries: 65536 (order: 7, 524288 bytes)
[STDERR  ] 2019-04-17T13:07:38.070562982Z: [    0.683266] Memory: 967844K/1048052K available (12300K kernel code, 1581K rwdata, 3056K rodata, 1588K init, 2028K bss, 80208K reserved, 0K cma-reserved)
[STDERR  ] 2019-04-17T13:07:38.070577201Z: [    0.684015] Kernel/User page tables isolation: enabled
[STDERR  ] 2019-04-17T13:07:38.070590539Z: [    0.684110] ftrace: allocating 43031 entries in 169 pages
[STDERR  ] 2019-04-17T13:07:38.070606421Z: [    0.706760] rcu: Hierarchical RCU implementation.
[STDERR  ] 2019-04-17T13:07:38.070619438Z: [    0.706764] rcu: 	RCU restricting CPUs from NR_CPUS=128 to nr_cpu_ids=1.
[STDERR  ] 2019-04-17T13:07:38.070634670Z: [    0.706765] rcu: Adjusting geometry for rcu_fanout_leaf=16, nr_cpu_ids=1
[STDERR  ] 2019-04-17T13:07:38.070647718Z: [    0.709656] NR_IRQS: 8448, nr_irqs: 256, preallocated irqs: 16
[STDERR  ] 2019-04-17T13:07:38.070660857Z: [    0.736398] Console: colour VGA+ 80x25
[STDERR  ] 2019-04-17T13:07:38.070673837Z: [    1.145992] console [ttyS0] enabled
[STDERR  ] 2019-04-17T13:07:38.070686821Z: [    1.148853] ACPI: Core revision 20180810
[STDERR  ] 2019-04-17T13:07:38.070700075Z: [    1.152821] clocksource: hpet: mask: 0xffffffff max_cycles: 0xffffffff, max_idle_ns: 19112604467 ns
[STDERR  ] 2019-04-17T13:07:38.070716142Z: [    1.160771] APIC: Switch to symmetric I/O mode setup
[STDERR  ] 2019-04-17T13:07:38.070729216Z: [    1.167115] x2apic enabled
[STDERR  ] 2019-04-17T13:07:38.070742025Z: [    1.171506] Switched APIC routing to physical x2apic.
[STDERR  ] 2019-04-17T13:07:38.070754895Z: [    1.185356] ..TIMER: vector=0x30 apic1=0 pin1=2 apic2=-1 pin2=-1
[STDERR  ] 2019-04-17T13:07:38.070772687Z: [    1.190378] clocksource: tsc-early: mask: 0xffffffffffffffff max_cycles: 0x21266cf7f05, max_idle_ns: 440795268182 ns
[STDERR  ] 2019-04-17T13:07:38.070785492Z: [    1.201889] Calibrating delay loop (skipped) preset value.. 4599.57 BogoMIPS (lpj=2299788)
[STDERR  ] 2019-04-17T13:07:38.070801009Z: [    1.202863] pid_max: default: 32768 minimum: 301
[STDERR  ] 2019-04-17T13:07:38.070814274Z: [    1.203979] Security Framework initialized
[STDERR  ] 2019-04-17T13:07:38.070826880Z: [    1.204861] Yama: becoming mindful.
[STDERR  ] 2019-04-17T13:07:38.070839970Z: [    1.205908] Mount-cache hash table entries: 2048 (order: 2, 16384 bytes)
[STDERR  ] 2019-04-17T13:07:38.070858167Z: [    1.206865] Mountpoint-cache hash table entries: 2048 (order: 2, 16384 bytes)
[STDERR  ] 2019-04-17T13:07:38.070870935Z: [    1.209908] Last level iTLB entries: 4KB 0, 2MB 0, 4MB 0
[STDERR  ] 2019-04-17T13:07:38.070883887Z: [    1.210862] Last level dTLB entries: 4KB 0, 2MB 0, 4MB 0, 1GB 0
[STDERR  ] 2019-04-17T13:07:38.070896792Z: [    1.211861] Spectre V2 : Mitigation: Full generic retpoline
[STDERR  ] 2019-04-17T13:07:38.070910047Z: [    1.212859] Spectre V2 : Spectre v2 / SpectreRSB mitigation: Filling RSB on context switch
[STDERR  ] 2019-04-17T13:07:38.070923526Z: [    1.213860] Speculative Store Bypass: Vulnerable
[STDERR  ] 2019-04-17T13:07:38.070936658Z: [    1.224745] Freeing SMP alternatives memory: 20K
[STDERR  ] 2019-04-17T13:07:38.070949706Z: [    1.226855] smpboot: CPU0: Intel QEMU Virtual CPU version 2.5+ (family: 0x6, model: 0x6, stepping: 0x3)
[STDERR  ] 2019-04-17T13:07:38.070967402Z: [    1.227036] Performance Events: PMU not available due to virtualization, using software events only.
[STDERR  ] 2019-04-17T13:07:38.070980522Z: [    1.229162] rcu: Hierarchical SRCU implementation.
[STDERR  ] 2019-04-17T13:07:38.070993267Z: [    1.231013] NMI watchdog: Perf NMI watchdog permanently disabled
[STDERR  ] 2019-04-17T13:07:38.071006018Z: [    1.232942] smp: Bringing up secondary CPUs ...
[STDERR  ] 2019-04-17T13:07:38.071019062Z: [    1.233863] smp: Brought up 1 node, 1 CPU
[STDERR  ] 2019-04-17T13:07:38.071031841Z: [    1.234860] smpboot: Max logical packages: 1
[STDERR  ] 2019-04-17T13:07:38.071044925Z: [    1.235860] smpboot: Total of 1 processors activated (4599.57 BogoMIPS)
[STDERR  ] 2019-04-17T13:07:38.071057990Z: [    1.238698] devtmpfs: initialized
[STDERR  ] 2019-04-17T13:07:38.071071784Z: [    1.238937] x86/mm: Memory block size: 128MB
[STDERR  ] 2019-04-17T13:07:38.071084728Z: [    1.241193] clocksource: jiffies: mask: 0xffffffff max_cycles: 0xffffffff, max_idle_ns: 1911260446275000 ns
[STDERR  ] 2019-04-17T13:07:38.071098027Z: [    1.241871] futex hash table entries: 256 (order: 2, 16384 bytes)
[STDERR  ] 2019-04-17T13:07:38.071114469Z: [    1.243164] NET: Registered protocol family 16
[STDERR  ] 2019-04-17T13:07:38.071130983Z: [    1.244963] audit: initializing netlink subsys (disabled)
[STDERR  ] 2019-04-17T13:07:38.071144061Z: [    1.246907] audit: type=2000 audit(1555506444.195:1): state=initialized audit_enabled=0 res=1
[STDERR  ] 2019-04-17T13:07:38.071157286Z: [    1.247967] cpuidle: using governor ladder
[STDERR  ] 2019-04-17T13:07:38.071179439Z: [    1.248861] cpuidle: using governor menu
[STDERR  ] 2019-04-17T13:07:38.071192627Z: [    1.250003] ACPI: bus type PCI registered
[STDERR  ] 2019-04-17T13:07:38.071205514Z: [    1.252124] PCI: MMCONFIG for domain 0000 [bus 00-ff] at [mem 0xb0000000-0xbfffffff] (base 0xb0000000)
[STDERR  ] 2019-04-17T13:07:38.071224229Z: [    1.252865] PCI: MMCONFIG at [mem 0xb0000000-0xbfffffff] reserved in E820
[STDERR  ] 2019-04-17T13:07:38.071237402Z: [    1.253878] PCI: Using configuration type 1 for base access
[STDERR  ] 2019-04-17T13:07:38.071250105Z: [    1.257672] HugeTLB registered 2.00 MiB page size, pre-allocated 0 pages
[STDERR  ] 2019-04-17T13:07:38.071263245Z: [    1.258882] cryptd: max_cpu_qlen set to 1000
[STDERR  ] 2019-04-17T13:07:38.071276308Z: [    1.260976] ACPI: Added _OSI(Module Device)
[STDERR  ] 2019-04-17T13:07:38.071289439Z: [    1.261863] ACPI: Added _OSI(Processor Device)
[STDERR  ] 2019-04-17T13:07:38.071306955Z: [    1.262860] ACPI: Added _OSI(3.0 _SCP Extensions)
[STDERR  ] 2019-04-17T13:07:38.071320171Z: [    1.263861] ACPI: Added _OSI(Processor Aggregator Device)
[STDERR  ] 2019-04-17T13:07:38.071333347Z: [    1.264877] ACPI: Added _OSI(Linux-Dell-Video)
[STDERR  ] 2019-04-17T13:07:38.071346302Z: [    1.265861] ACPI: Added _OSI(Linux-Lenovo-NV-HDMI-Audio)
[STDERR  ] 2019-04-17T13:07:38.071359485Z: [    1.268274] ACPI: 1 ACPI AML tables successfully acquired and loaded
[STDERR  ] 2019-04-17T13:07:38.071374729Z: [    1.271037] ACPI: Interpreter enabled
[STDERR  ] 2019-04-17T13:07:38.071387769Z: [    1.271870] ACPI: (supports S0 S5)
[STDERR  ] 2019-04-17T13:07:38.071401072Z: [    1.272860] ACPI: Using IOAPIC for interrupt routing
[STDERR  ] 2019-04-17T13:07:38.071413790Z: [    1.273930] PCI: Using host bridge windows from ACPI; if necessary, use "pci=nocrs" and report a bug
[STDERR  ] 2019-04-17T13:07:38.071427072Z: [    1.275112] ACPI: Enabled 2 GPEs in block 00 to 3F
[STDERR  ] 2019-04-17T13:07:38.071442867Z: [    1.280238] ACPI: PCI Root Bridge [PCI0] (domain 0000 [bus 00-ff])
[STDERR  ] 2019-04-17T13:07:38.071455862Z: [    1.281864] acpi PNP0A08:00: _OSC: OS supports [ExtendedConfig ASPM ClockPM Segments MSI]
[STDERR  ] 2019-04-17T13:07:38.071471905Z: [    1.282981] acpi PNP0A08:00: _OSC: platform does not support [SHPCHotplug LTR]
[STDERR  ] 2019-04-17T13:07:38.072073718Z: [    1.284933] acpi PNP0A08:00: _OSC: OS now controls [PCIeHotplug PME PCIeCapability]
[STDERR  ] 2019-04-17T13:07:38.072118422Z: [    1.285950] PCI host bridge to bus 0000:00
[STDERR  ] 2019-04-17T13:07:38.072183030Z: [    1.286864] pci_bus 0000:00: root bus resource [io  0x0000-0x0cf7 window]
[STDERR  ] 2019-04-17T13:07:38.072228287Z: [    1.287863] pci_bus 0000:00: root bus resource [io  0x0d00-0xffff window]
[STDERR  ] 2019-04-17T13:07:38.072279233Z: [    1.288863] pci_bus 0000:00: root bus resource [mem 0x000a0000-0x000bffff window]
[STDERR  ] 2019-04-17T13:07:38.072340383Z: [    1.289865] pci_bus 0000:00: root bus resource [mem 0xc0000000-0xfebfffff window]
[STDERR  ] 2019-04-17T13:07:38.072378276Z: [    1.290866] pci_bus 0000:00: root bus resource [bus 00-ff]
[STDERR  ] 2019-04-17T13:07:38.072435447Z: [    1.360492] pci 0000:00:1f.0: quirk: [io  0x0600-0x067f] claimed by ICH6 ACPI/GPIO/TCO
[STDERR  ] 2019-04-17T13:07:38.072473375Z: [    1.388267] ACPI: PCI Interrupt Link [LNKA] (IRQs 5 *10 11)
[STDERR  ] 2019-04-17T13:07:38.072526084Z: [    1.389164] ACPI: PCI Interrupt Link [LNKB] (IRQs 5 *10 11)
[STDERR  ] 2019-04-17T13:07:38.072563577Z: [    1.390950] ACPI: PCI Interrupt Link [LNKC] (IRQs 5 10 *11)
[STDERR  ] 2019-04-17T13:07:38.072616589Z: [    1.392141] ACPI: PCI Interrupt Link [LNKD] (IRQs 5 10 *11)
[STDERR  ] 2019-04-17T13:07:38.072653410Z: [    1.393140] ACPI: PCI Interrupt Link [LNKE] (IRQs 5 *10 11)
[STDERR  ] 2019-04-17T13:07:38.072710456Z: [    1.394873] ACPI: PCI Interrupt Link [LNKF] (IRQs 5 *10 11)
[STDERR  ] 2019-04-17T13:07:38.072746887Z: [    1.396162] ACPI: PCI Interrupt Link [LNKG] (IRQs 5 10 *11)
[STDERR  ] 2019-04-17T13:07:38.072803097Z: [    1.397144] ACPI: PCI Interrupt Link [LNKH] (IRQs 5 10 *11)
[STDERR  ] 2019-04-17T13:07:38.072839959Z: [    1.398009] ACPI: PCI Interrupt Link [GSIA] (IRQs *16)
[STDERR  ] 2019-04-17T13:07:38.072892328Z: [    1.398879] ACPI: PCI Interrupt Link [GSIB] (IRQs *17)
[STDERR  ] 2019-04-17T13:07:38.072929678Z: [    1.399893] ACPI: PCI Interrupt Link [GSIC] (IRQs *18)
[STDERR  ] 2019-04-17T13:07:38.072982931Z: [    1.400881] ACPI: PCI Interrupt Link [GSID] (IRQs *19)
[STDERR  ] 2019-04-17T13:07:38.073021576Z: [    1.401881] ACPI: PCI Interrupt Link [GSIE] (IRQs *20)
[STDERR  ] 2019-04-17T13:07:38.073073342Z: [    1.402878] ACPI: PCI Interrupt Link [GSIF] (IRQs *21)
[STDERR  ] 2019-04-17T13:07:38.073116804Z: [    1.403881] ACPI: PCI Interrupt Link [GSIG] (IRQs *22)
[STDERR  ] 2019-04-17T13:07:38.073169024Z: [    1.404879] ACPI: PCI Interrupt Link [GSIH] (IRQs *23)
[STDERR  ] 2019-04-17T13:07:38.073241510Z: [    1.406288] SCSI subsystem initialized
[STDERR  ] 2019-04-17T13:07:38.073285668Z: [    1.407917] ACPI: bus type USB registered
[STDERR  ] 2019-04-17T13:07:38.073343992Z: [    1.408899] usbcore: registered new interface driver usbfs
[STDERR  ] 2019-04-17T13:07:38.073384215Z: [    1.409891] usbcore: registered new interface driver hub
[STDERR  ] 2019-04-17T13:07:38.073440161Z: [    1.410897] usbcore: registered new device driver usb
[STDERR  ] 2019-04-17T13:07:38.073477059Z: [    1.411895] pps_core: LinuxPPS API ver. 1 registered
[STDERR  ] 2019-04-17T13:07:38.073529957Z: [    1.412860] pps_core: Software ver. 5.3.6 - Copyright 2005-2007 Rodolfo Giometti <giometti@linux.it>
[STDERR  ] 2019-04-17T13:07:38.073568450Z: [    1.413876] PTP clock support registered
[STDERR  ] 2019-04-17T13:07:38.073635403Z: [    1.414973] PCI: Using ACPI for IRQ routing
[STDERR  ] 2019-04-17T13:07:38.073676206Z: [    1.861641] NetLabel: Initializing
[STDERR  ] 2019-04-17T13:07:38.073736168Z: [    1.861859] NetLabel:  domain hash size = 128
[STDERR  ] 2019-04-17T13:07:38.073782622Z: [    1.862858] NetLabel:  protocols = UNLABELED CIPSOv4 CALIPSO
[STDERR  ] 2019-04-17T13:07:38.073842803Z: [    1.863891] NetLabel:  unlabeled traffic allowed by default
[STDERR  ] 2019-04-17T13:07:38.073884715Z: [    1.865031] HPET: 3 timers in total, 0 timers will be used for per-cpu timer
[STDERR  ] 2019-04-17T13:07:38.073949193Z: [    1.865973] hpet0: at MMIO 0xfed00000, IRQs 2, 8, 0
[STDERR  ] 2019-04-17T13:07:38.074003767Z: [    1.866860] hpet0: 3 comparators, 64-bit 100.000000 MHz counter
[STDERR  ] 2019-04-17T13:07:38.074071799Z: [    1.870898] clocksource: Switched to clocksource kvm-clock
[STDERR  ] 2019-04-17T13:07:38.074134879Z: [    1.897540] VFS: Disk quotas dquot_6.6.0
[STDERR  ] 2019-04-17T13:07:38.074190485Z: [    1.901220] VFS: Dquot-cache hash table entries: 512 (order 0, 4096 bytes)
[STDERR  ] 2019-04-17T13:07:38.074260855Z: [    1.907387] FS-Cache: Loaded
[STDERR  ] 2019-04-17T13:07:38.074321538Z: [    1.910146] CacheFiles: Loaded
[STDERR  ] 2019-04-17T13:07:38.074372571Z: [    1.913056] pnp: PnP ACPI init
[STDOUT  ] 2019-04-17T13:07:38.074512014Z: [    0.000000] Linux version 4.19.34-linuxkit (root@b189040c639b) (gcc version 8.3.0 (Alpine 8.3.0)) #1 SMP Wed Apr 17 07:56:11 UTC 2019
[STDOUT  ] 2019-04-17T13:07:38.074601049Z: [    0.000000] Command line: console=ttyS0 console=ttyAMA0
[STDOUT  ] 2019-04-17T13:07:38.074613950Z: [    0.000000] x86/fpu: x87 FPU will use FXSAVE
[STDOUT  ] 2019-04-17T13:07:38.074626474Z: [    0.000000] BIOS-provided physical RAM map:
[STDOUT  ] 2019-04-17T13:07:38.074638789Z: [    0.000000] BIOS-e820: [mem 0x0000000000000000-0x000000000009fbff] usable
[STDOUT  ] 2019-04-17T13:07:38.074650640Z: [    0.000000] BIOS-e820: [mem 0x000000000009fc00-0x000000000009ffff] reserved
[STDOUT  ] 2019-04-17T13:07:38.074659934Z: [    0.000000] BIOS-e820: [mem 0x00000000000f0000-0x00000000000fffff] reserved
[STDOUT  ] 2019-04-17T13:07:38.074668947Z: [    0.000000] BIOS-e820: [mem 0x0000000000100000-0x000000003ffdefff] usable
[STDOUT  ] 2019-04-17T13:07:38.074678026Z: [    0.000000] BIOS-e820: [mem 0x000000003ffdf000-0x000000003fffffff] reserved
[STDOUT  ] 2019-04-17T13:07:38.074687263Z: [    0.000000] BIOS-e820: [mem 0x00000000b0000000-0x00000000bfffffff] reserved
[STDOUT  ] 2019-04-17T13:07:38.074696273Z: [    0.000000] BIOS-e820: [mem 0x00000000fed1c000-0x00000000fed1ffff] reserved
[STDOUT  ] 2019-04-17T13:07:38.074705297Z: [    0.000000] BIOS-e820: [mem 0x00000000feffc000-0x00000000feffffff] reserved
[STDOUT  ] 2019-04-17T13:07:38.074718542Z: [    0.000000] BIOS-e820: [mem 0x00000000fffc0000-0x00000000ffffffff] reserved
[STDOUT  ] 2019-04-17T13:07:38.074727688Z: [    0.000000] NX (Execute Disable) protection: active
[STDOUT  ] 2019-04-17T13:07:38.074736919Z: [    0.000000] SMBIOS 2.8 present.
[STDOUT  ] 2019-04-17T13:07:38.074746434Z: [    0.000000] DMI: QEMU Standard PC (Q35 + ICH9, 2009), BIOS 1.10.2-1 04/01/2014
[STDOUT  ] 2019-04-17T13:07:38.074756032Z: [    0.000000] Hypervisor detected: KVM
[STDOUT  ] 2019-04-17T13:07:38.074770788Z: [    0.000000] kvm-clock: Using msrs 4b564d01 and 4b564d00
[STDOUT  ] 2019-04-17T13:07:38.074780022Z: [    0.541671] kvm-clock: cpu 0, msr 3281c001, primary cpu clock
[STDOUT  ] 2019-04-17T13:07:38.074789434Z: [    0.541672] clocksource: kvm-clock: mask: 0xffffffffffffffff max_cycles: 0x1cd42e4dffb, max_idle_ns: 881590591483 ns
[STDOUT  ] 2019-04-17T13:07:38.074802184Z: [    0.541684] tsc: Detected 2299.788 MHz processor
[STDOUT  ] 2019-04-17T13:07:38.074811513Z: [    0.544880] last_pfn = 0x3ffdf max_arch_pfn = 0x400000000
[STDOUT  ] 2019-04-17T13:07:38.074820952Z: [    0.545566] x86/PAT: PAT not supported by CPU.
[STDOUT  ] 2019-04-17T13:07:38.074830485Z: [    0.545642] x86/PAT: Configuration [0-7]: WB  WT  UC- UC  WB  WT  UC- UC  
[STDOUT  ] 2019-04-17T13:07:38.074840041Z: [    0.556640] found SMP MP-table at [mem 0x000f6a90-0x000f6a9f] mapped at [(____ptrval____)]
[STDOUT  ] 2019-04-17T13:07:38.074849300Z: [    0.557040] RAMDISK: [mem 0x3deae000-0x3ffcffff]
[STDOUT  ] 2019-04-17T13:07:38.074858430Z: [    0.557273] ACPI: Early table checksum verification disabled
[STDOUT  ] 2019-04-17T13:07:38.074867701Z: [    0.557413] ACPI: RSDP 0x00000000000F68D0 000014 (v00 BOCHS )
[STDOUT  ] 2019-04-17T13:07:38.074877107Z: [    0.557423] ACPI: RSDT 0x000000003FFE2404 000034 (v01 BOCHS  BXPCRSDT 00000001 BXPC 00000001)
[STDOUT  ] 2019-04-17T13:07:38.074886630Z: [    0.557442] ACPI: FACP 0x000000003FFE22A4 000074 (v01 BOCHS  BXPCFACP 00000001 BXPC 00000001)
[STDOUT  ] 2019-04-17T13:07:38.074900317Z: [    0.557450] ACPI: DSDT 0x000000003FFE0040 002264 (v01 BOCHS  BXPCDSDT 00000001 BXPC 00000001)
[STDOUT  ] 2019-04-17T13:07:38.074909261Z: [    0.557455] ACPI: FACS 0x000000003FFE0000 000040
[STDOUT  ] 2019-04-17T13:07:38.074918890Z: [    0.557458] ACPI: APIC 0x000000003FFE2318 000078 (v01 BOCHS  BXPCAPIC 00000001 BXPC 00000001)
[STDOUT  ] 2019-04-17T13:07:38.074928385Z: [    0.557463] ACPI: HPET 0x000000003FFE2390 000038 (v01 BOCHS  BXPCHPET 00000001 BXPC 00000001)
[STDOUT  ] 2019-04-17T13:07:38.074937780Z: [    0.557467] ACPI: MCFG 0x000000003FFE23C8 00003C (v01 BOCHS  BXPCMCFG 00000001 BXPC 00000001)
[STDOUT  ] 2019-04-17T13:07:38.074947343Z: [    0.558226] Zone ranges:
[STDOUT  ] 2019-04-17T13:07:38.074956646Z: [    0.558229]   DMA      [mem 0x0000000000001000-0x0000000000ffffff]
[STDOUT  ] 2019-04-17T13:07:38.074969342Z: [    0.558231]   DMA32    [mem 0x0000000001000000-0x000000003ffdefff]
[STDOUT  ] 2019-04-17T13:07:38.074978550Z: [    0.558232]   Normal   empty
[STDOUT  ] 2019-04-17T13:07:38.074987928Z: [    0.558234]   Device   empty
[STDOUT  ] 2019-04-17T13:07:38.074997304Z: [    0.558235] Movable zone start for each node
[STDOUT  ] 2019-04-17T13:07:38.075006478Z: [    0.558236] Early memory node ranges
[STDOUT  ] 2019-04-17T13:07:38.075015769Z: [    0.558237]   node   0: [mem 0x0000000000001000-0x000000000009efff]
[STDOUT  ] 2019-04-17T13:07:38.075025144Z: [    0.558238]   node   0: [mem 0x0000000000100000-0x000000003ffdefff]
[STDOUT  ] 2019-04-17T13:07:38.075034482Z: [    0.558859] Reserved but unavailable: 98 pages
[STDOUT  ] 2019-04-17T13:07:38.075043814Z: [    0.558861] Initmem setup node 0 [mem 0x0000000000001000-0x000000003ffdefff]
[STDOUT  ] 2019-04-17T13:07:38.075055814Z: [    0.572813] ACPI: PM-Timer IO Port: 0x608
[STDOUT  ] 2019-04-17T13:07:38.075065154Z: [    0.572862] ACPI: LAPIC_NMI (acpi_id[0xff] dfl dfl lint[0x1])
[STDOUT  ] 2019-04-17T13:07:38.075074544Z: [    0.573103] IOAPIC[0]: apic_id 0, version 17, address 0xfec00000, GSI 0-23
[STDOUT  ] 2019-04-17T13:07:38.075083761Z: [    0.573107] ACPI: INT_SRC_OVR (bus 0 bus_irq 0 global_irq 2 dfl dfl)
[STDOUT  ] 2019-04-17T13:07:38.075093008Z: [    0.573109] ACPI: INT_SRC_OVR (bus 0 bus_irq 5 global_irq 5 high level)
[STDOUT  ] 2019-04-17T13:07:38.075102207Z: [    0.573111] ACPI: INT_SRC_OVR (bus 0 bus_irq 9 global_irq 9 high level)
[STDOUT  ] 2019-04-17T13:07:38.075111607Z: [    0.573117] ACPI: INT_SRC_OVR (bus 0 bus_irq 10 global_irq 10 high level)
[STDOUT  ] 2019-04-17T13:07:38.075120802Z: [    0.573119] ACPI: INT_SRC_OVR (bus 0 bus_irq 11 global_irq 11 high level)
[STDOUT  ] 2019-04-17T13:07:38.075133819Z: [    0.573126] Using ACPI (MADT) for SMP configuration information
[STDOUT  ] 2019-04-17T13:07:38.075143358Z: [    0.573129] ACPI: HPET id: 0x8086a201 base: 0xfed00000
[STDOUT  ] 2019-04-17T13:07:38.075153047Z: [    0.573164] smpboot: Allowing 1 CPUs, 0 hotplug CPUs
[STDOUT  ] 2019-04-17T13:07:38.075162408Z: [    0.573287] [mem 0x40000000-0xafffffff] available for PCI devices
[STDOUT  ] 2019-04-17T13:07:38.075186009Z: [    0.573288] Booting paravirtualized kernel on KVM
[STDOUT  ] 2019-04-17T13:07:38.075196017Z: [    0.573291] clocksource: refined-jiffies: mask: 0xffffffff max_cycles: 0xffffffff, max_idle_ns: 1910969940391419 ns
[STDOUT  ] 2019-04-17T13:07:38.075205397Z: [    0.678281] random: get_random_bytes called from start_kernel+0x91/0x512 with crng_init=0
[STDOUT  ] 2019-04-17T13:07:38.075221124Z: [    0.678307] setup_percpu: NR_CPUS:128 nr_cpumask_bits:128 nr_cpu_ids:1 nr_node_ids:1
[STDOUT  ] 2019-04-17T13:07:38.075230899Z: [    0.679197] percpu: Embedded 45 pages/cpu @(____ptrval____) s145112 r8192 d31016 u2097152
[STDOUT  ] 2019-04-17T13:07:38.075240160Z: [    0.679310] KVM setup async PF for cpu 0
[STDOUT  ] 2019-04-17T13:07:38.075249873Z: [    0.679363] kvm-stealtime: cpu 0, msr 3ca15e80
[STDOUT  ] 2019-04-17T13:07:38.075263515Z: [    0.679397] Built 1 zonelists, mobility grouping on.  Total pages: 257896
[STDOUT  ] 2019-04-17T13:07:38.075277058Z: [    0.679399] Kernel command line: console=ttyS0 console=ttyAMA0
[STDOUT  ] 2019-04-17T13:07:38.075286066Z: [    0.679537] Dentry cache hash table entries: 131072 (order: 8, 1048576 bytes)
[STDOUT  ] 2019-04-17T13:07:38.075295492Z: [    0.679662] Inode-cache hash table entries: 65536 (order: 7, 524288 bytes)
[STDOUT  ] 2019-04-17T13:07:38.075307887Z: [    0.683266] Memory: 967844K/1048052K available (12300K kernel code, 1581K rwdata, 3056K rodata, 1588K init, 2028K bss, 80208K reserved, 0K cma-reserved)
[STDOUT  ] 2019-04-17T13:07:38.075323704Z: [    0.684015] Kernel/User page tables isolation: enabled
[STDOUT  ] 2019-04-17T13:07:38.075333317Z: [    0.684110] ftrace: allocating 43031 entries in 169 pages
[STDOUT  ] 2019-04-17T13:07:38.075342806Z: [    0.706760] rcu: Hierarchical RCU implementation.
[STDOUT  ] 2019-04-17T13:07:38.075352071Z: [    0.706764] rcu: 	RCU restricting CPUs from NR_CPUS=128 to nr_cpu_ids=1.
[STDOUT  ] 2019-04-17T13:07:38.075361148Z: [    0.706765] rcu: Adjusting geometry for rcu_fanout_leaf=16, nr_cpu_ids=1
[STDOUT  ] 2019-04-17T13:07:38.075370193Z: [    0.709656] NR_IRQS: 8448, nr_irqs: 256, preallocated irqs: 16
[STDOUT  ] 2019-04-17T13:07:38.075379756Z: [    0.736398] Console: colour VGA+ 80x25
[STDOUT  ] 2019-04-17T13:07:38.075388961Z: [    1.145992] console [ttyS0] enabled
[STDOUT  ] 2019-04-17T13:07:38.075398269Z: [    1.148853] ACPI: Core revision 20180810
[STDOUT  ] 2019-04-17T13:07:38.075407580Z: [    1.152821] clocksource: hpet: mask: 0xffffffff max_cycles: 0xffffffff, max_idle_ns: 19112604467 ns
[STDOUT  ] 2019-04-17T13:07:38.075416971Z: [    1.160771] APIC: Switch to symmetric I/O mode setup
[STDOUT  ] 2019-04-17T13:07:38.075426182Z: [    1.167115] x2apic enabled
[STDOUT  ] 2019-04-17T13:07:38.075435431Z: [    1.171506] Switched APIC routing to physical x2apic.
[STDOUT  ] 2019-04-17T13:07:38.075444820Z: [    1.185356] ..TIMER: vector=0x30 apic1=0 pin1=2 apic2=-1 pin2=-1
[STDOUT  ] 2019-04-17T13:07:38.075456665Z: [    1.190378] clocksource: tsc-early: mask: 0xffffffffffffffff max_cycles: 0x21266cf7f05, max_idle_ns: 440795268182 ns
[STDOUT  ] 2019-04-17T13:07:38.075465745Z: [    1.201889] Calibrating delay loop (skipped) preset value.. 4599.57 BogoMIPS (lpj=2299788)
[STDOUT  ] 2019-04-17T13:07:38.075508568Z: [    1.202863] pid_max: default: 32768 minimum: 301
[STDOUT  ] 2019-04-17T13:07:38.075521052Z: [    1.203979] Security Framework initialized
[STDOUT  ] 2019-04-17T13:07:38.075529170Z: [    1.204861] Yama: becoming mindful.
[STDOUT  ] 2019-04-17T13:07:38.075536968Z: [    1.205908] Mount-cache hash table entries: 2048 (order: 2, 16384 bytes)
[STDOUT  ] 2019-04-17T13:07:38.075548958Z: [    1.206865] Mountpoint-cache hash table entries: 2048 (order: 2, 16384 bytes)
[STDOUT  ] 2019-04-17T13:07:38.075556941Z: [    1.209908] Last level iTLB entries: 4KB 0, 2MB 0, 4MB 0
[STDOUT  ] 2019-04-17T13:07:38.075564868Z: [    1.210862] Last level dTLB entries: 4KB 0, 2MB 0, 4MB 0, 1GB 0
[STDOUT  ] 2019-04-17T13:07:38.075572675Z: [    1.211861] Spectre V2 : Mitigation: Full generic retpoline
[STDOUT  ] 2019-04-17T13:07:38.075580490Z: [    1.212859] Spectre V2 : Spectre v2 / SpectreRSB mitigation: Filling RSB on context switch
[STDOUT  ] 2019-04-17T13:07:38.075588451Z: [    1.213860] Speculative Store Bypass: Vulnerable
[STDOUT  ] 2019-04-17T13:07:38.075596494Z: [    1.224745] Freeing SMP alternatives memory: 20K
[STDOUT  ] 2019-04-17T13:07:38.075604522Z: [    1.226855] smpboot: CPU0: Intel QEMU Virtual CPU version 2.5+ (family: 0x6, model: 0x6, stepping: 0x3)
[STDOUT  ] 2019-04-17T13:07:38.075612307Z: [    1.227036] Performance Events: PMU not available due to virtualization, using software events only.
[STDOUT  ] 2019-04-17T13:07:38.075620997Z: [    1.229162] rcu: Hierarchical SRCU implementation.
[STDOUT  ] 2019-04-17T13:07:38.075630238Z: [    1.231013] NMI watchdog: Perf NMI watchdog permanently disabled
[STDOUT  ] 2019-04-17T13:07:38.075639709Z: [    1.232942] smp: Bringing up secondary CPUs ...
[STDOUT  ] 2019-04-17T13:07:38.075649193Z: [    1.233863] smp: Brought up 1 node, 1 CPU
[STDOUT  ] 2019-04-17T13:07:38.075662533Z: [    1.234860] smpboot: Max logical packages: 1
[STDOUT  ] 2019-04-17T13:07:38.075671897Z: [    1.235860] smpboot: Total of 1 processors activated (4599.57 BogoMIPS)
[STDOUT  ] 2019-04-17T13:07:38.075681085Z: [    1.238698] devtmpfs: initialized
[STDOUT  ] 2019-04-17T13:07:38.075690637Z: [    1.238937] x86/mm: Memory block size: 128MB
[STDOUT  ] 2019-04-17T13:07:38.075700022Z: [    1.241193] clocksource: jiffies: mask: 0xffffffff max_cycles: 0xffffffff, max_idle_ns: 1911260446275000 ns
[STDOUT  ] 2019-04-17T13:07:38.075709504Z: [    1.241871] futex hash table entries: 256 (order: 2, 16384 bytes)
[STDOUT  ] 2019-04-17T13:07:38.075718479Z: [    1.243164] NET: Registered protocol family 16
[STDOUT  ] 2019-04-17T13:07:38.075727788Z: [    1.244963] audit: initializing netlink subsys (disabled)
[STDOUT  ] 2019-04-17T13:07:38.075737081Z: [    1.246907] audit: type=2000 audit(1555506444.195:1): state=initialized audit_enabled=0 res=1
[STDOUT  ] 2019-04-17T13:07:38.075747377Z: [    1.247967] cpuidle: using governor ladder
[STDOUT  ] 2019-04-17T13:07:38.075756754Z: [    1.248861] cpuidle: using governor menu
[STDOUT  ] 2019-04-17T13:07:38.075766199Z: [    1.250003] ACPI: bus type PCI registered
[STDOUT  ] 2019-04-17T13:07:38.075775398Z: [    1.252124] PCI: MMCONFIG for domain 0000 [bus 00-ff] at [mem 0xb0000000-0xbfffffff] (base 0xb0000000)
[STDOUT  ] 2019-04-17T13:07:38.075789184Z: [    1.252865] PCI: MMCONFIG at [mem 0xb0000000-0xbfffffff] reserved in E820
[STDOUT  ] 2019-04-17T13:07:38.075798446Z: [    1.253878] PCI: Using configuration type 1 for base access
[STDOUT  ] 2019-04-17T13:07:38.075807817Z: [    1.257672] HugeTLB registered 2.00 MiB page size, pre-allocated 0 pages
[STDOUT  ] 2019-04-17T13:07:38.075820670Z: [    1.258882] cryptd: max_cpu_qlen set to 1000
[STDOUT  ] 2019-04-17T13:07:38.075830051Z: [    1.260976] ACPI: Added _OSI(Module Device)
[STDOUT  ] 2019-04-17T13:07:38.075839316Z: [    1.261863] ACPI: Added _OSI(Processor Device)
[STDOUT  ] 2019-04-17T13:07:38.075848854Z: [    1.262860] ACPI: Added _OSI(3.0 _SCP Extensions)
[STDOUT  ] 2019-04-17T13:07:38.075858294Z: [    1.263861] ACPI: Added _OSI(Processor Aggregator Device)
[STDOUT  ] 2019-04-17T13:07:38.075867648Z: [    1.264877] ACPI: Added _OSI(Linux-Dell-Video)
[STDOUT  ] 2019-04-17T13:07:38.075876701Z: [    1.265861] ACPI: Added _OSI(Linux-Lenovo-NV-HDMI-Audio)
[STDOUT  ] 2019-04-17T13:07:38.075888731Z: [    1.268274] ACPI: 1 ACPI AML tables successfully acquired and loaded
[STDOUT  ] 2019-04-17T13:07:38.075898146Z: [    1.271037] ACPI: Interpreter enabled
[STDOUT  ] 2019-04-17T13:07:38.075907922Z: [    1.271870] ACPI: (supports S0 S5)
[STDOUT  ] 2019-04-17T13:07:38.075923979Z: [    1.272860] ACPI: Using IOAPIC for interrupt routing
[STDOUT  ] 2019-04-17T13:07:38.075933159Z: [    1.273930] PCI: Using host bridge windows from ACPI; if necessary, use "pci=nocrs" and report a bug
[STDOUT  ] 2019-04-17T13:07:38.075942559Z: [    1.275112] ACPI: Enabled 2 GPEs in block 00 to 3F
[STDOUT  ] 2019-04-17T13:07:38.075951796Z: [    1.280238] ACPI: PCI Root Bridge [PCI0] (domain 0000 [bus 00-ff])
[STDOUT  ] 2019-04-17T13:07:38.075960961Z: [    1.281864] acpi PNP0A08:00: _OSC: OS supports [ExtendedConfig ASPM ClockPM Segments MSI]
[STDOUT  ] 2019-04-17T13:07:38.075972820Z: [    1.282981] acpi PNP0A08:00: _OSC: platform does not support [SHPCHotplug LTR]
[STDOUT  ] 2019-04-17T13:07:38.075982070Z: [    1.284933] acpi PNP0A08:00: _OSC: OS now controls [PCIeHotplug PME PCIeCapability]
[STDOUT  ] 2019-04-17T13:07:38.075991483Z: [    1.285950] PCI host bridge to bus 0000:00
[STDOUT  ] 2019-04-17T13:07:38.076002728Z: [    1.286864] pci_bus 0000:00: root bus resource [io  0x0000-0x0cf7 window]
[STDOUT  ] 2019-04-17T13:07:38.076011177Z: [    1.287863] pci_bus 0000:00: root bus resource [io  0x0d00-0xffff window]
[STDOUT  ] 2019-04-17T13:07:38.076018971Z: [    1.288863] pci_bus 0000:00: root bus resource [mem 0x000a0000-0x000bffff window]
[STDOUT  ] 2019-04-17T13:07:38.076027063Z: [    1.289865] pci_bus 0000:00: root bus resource [mem 0xc0000000-0xfebfffff window]
[STDOUT  ] 2019-04-17T13:07:38.076039794Z: [    1.290866] pci_bus 0000:00: root bus resource [bus 00-ff]
[STDOUT  ] 2019-04-17T13:07:38.076049228Z: [    1.360492] pci 0000:00:1f.0: quirk: [io  0x0600-0x067f] claimed by ICH6 ACPI/GPIO/TCO
[STDOUT  ] 2019-04-17T13:07:38.076058701Z: [    1.388267] ACPI: PCI Interrupt Link [LNKA] (IRQs 5 *10 11)
[STDOUT  ] 2019-04-17T13:07:38.076068193Z: [    1.389164] ACPI: PCI Interrupt Link [LNKB] (IRQs 5 *10 11)
[STDOUT  ] 2019-04-17T13:07:38.076077427Z: [    1.390950] ACPI: PCI Interrupt Link [LNKC] (IRQs 5 10 *11)
[STDOUT  ] 2019-04-17T13:07:38.076086590Z: [    1.392141] ACPI: PCI Interrupt Link [LNKD] (IRQs 5 10 *11)
[STDOUT  ] 2019-04-17T13:07:38.076098690Z: [    1.393140] ACPI: PCI Interrupt Link [LNKE] (IRQs 5 *10 11)
[STDOUT  ] 2019-04-17T13:07:38.076108183Z: [    1.394873] ACPI: PCI Interrupt Link [LNKF] (IRQs 5 *10 11)
[STDOUT  ] 2019-04-17T13:07:38.076117451Z: [    1.396162] ACPI: PCI Interrupt Link [LNKG] (IRQs 5 10 *11)
[STDOUT  ] 2019-04-17T13:07:38.076126617Z: [    1.397144] ACPI: PCI Interrupt Link [LNKH] (IRQs 5 10 *11)
[STDOUT  ] 2019-04-17T13:07:38.076135773Z: [    1.398009] ACPI: PCI Interrupt Link [GSIA] (IRQs *16)
[STDOUT  ] 2019-04-17T13:07:38.076145043Z: [    1.398879] ACPI: PCI Interrupt Link [GSIB] (IRQs *17)
[STDOUT  ] 2019-04-17T13:07:38.076154194Z: [    1.399893] ACPI: PCI Interrupt Link [GSIC] (IRQs *18)
[STDOUT  ] 2019-04-17T13:07:38.076163414Z: [    1.400881] ACPI: PCI Interrupt Link [GSID] (IRQs *19)
[STDOUT  ] 2019-04-17T13:07:38.076183010Z: [    1.401881] ACPI: PCI Interrupt Link [GSIE] (IRQs *20)
[STDOUT  ] 2019-04-17T13:07:38.076192417Z: [    1.402878] ACPI: PCI Interrupt Link [GSIF] (IRQs *21)
[STDOUT  ] 2019-04-17T13:07:38.076201569Z: [    1.403881] ACPI: PCI Interrupt Link [GSIG] (IRQs *22)
[STDOUT  ] 2019-04-17T13:07:38.076211210Z: [    1.404879] ACPI: PCI Interrupt Link [GSIH] (IRQs *23)
[STDOUT  ] 2019-04-17T13:07:38.076226720Z: [    1.406288] SCSI subsystem initialized
[STDOUT  ] 2019-04-17T13:07:38.076235930Z: [    1.407917] ACPI: bus type USB registered
[STDOUT  ] 2019-04-17T13:07:38.076245179Z: [    1.408899] usbcore: registered new interface driver usbfs
[STDOUT  ] 2019-04-17T13:07:38.076254341Z: [    1.409891] usbcore: registered new interface driver hub
[STDOUT  ] 2019-04-17T13:07:38.076263599Z: [    1.410897] usbcore: registered new device driver usb
[STDOUT  ] 2019-04-17T13:07:38.076272996Z: [    1.411895] pps_core: LinuxPPS API ver. 1 registered
[STDOUT  ] 2019-04-17T13:07:38.076282308Z: [    1.412860] pps_core: Software ver. 5.3.6 - Copyright 2005-2007 Rodolfo Giometti <giometti@linux.it>
[STDOUT  ] 2019-04-17T13:07:38.076295453Z: [    1.413876] PTP clock support registered
[STDOUT  ] 2019-04-17T13:07:38.076304874Z: [    1.414973] PCI: Using ACPI for IRQ routing
[STDOUT  ] 2019-04-17T13:07:38.076314252Z: [    1.861641] NetLabel: Initializing
[STDOUT  ] 2019-04-17T13:07:38.076323684Z: [    1.861859] NetLabel:  domain hash size = 128
[STDOUT  ] 2019-04-17T13:07:38.076332958Z: [    1.862858] NetLabel:  protocols = UNLABELED CIPSOv4 CALIPSO
[STDOUT  ] 2019-04-17T13:07:38.076342267Z: [    1.863891] NetLabel:  unlabeled traffic allowed by default
[STDOUT  ] 2019-04-17T13:07:38.076354350Z: [    1.865031] HPET: 3 timers in total, 0 timers will be used for per-cpu timer
[STDOUT  ] 2019-04-17T13:07:38.076363695Z: [    1.865973] hpet0: at MMIO 0xfed00000, IRQs 2, 8, 0
[STDOUT  ] 2019-04-17T13:07:38.076373109Z: [    1.866860] hpet0: 3 comparators, 64-bit 100.000000 MHz counter
[STDOUT  ] 2019-04-17T13:07:38.076382509Z: [    1.870898] clocksource: Switched to clocksource kvm-clock
[STDOUT  ] 2019-04-17T13:07:38.076392109Z: [    1.897540] VFS: Disk quotas dquot_6.6.0
[STDOUT  ] 2019-04-17T13:07:38.076401556Z: [    1.901220] VFS: Dquot-cache hash table entries: 512 (order 0, 4096 bytes)
[STDOUT  ] 2019-04-17T13:07:38.076410667Z: [    1.907387] FS-Cache: Loaded
[STDOUT  ] 2019-04-17T13:07:38.076420008Z: [    1.910146] CacheFiles: Loaded
[STDOUT  ] 2019-04-17T13:07:38.076429337Z: [    1.913056] pnp: PnP ACPI init
[STDOUT  ] 2019-04-17T13:07:38.076446355Z: [    1.917070] pnp: PnP ACPI: found 5 devices
[STDOUT  ] 2019-04-17T13:07:38.076455852Z: [    1.927260] clocksource: acpi_pm: mask: 0xffffff max_cycles: 0xffffff, max_idle_ns: 2085701024 ns
[STDOUT  ] 2019-04-17T13:07:38.076465276Z: [    1.935236] NET: Registered protocol family 2
[STDOUT  ] 2019-04-17T13:07:38.076474703Z: [    1.940108] tcp_listen_portaddr_hash hash table entries: 512 (order: 1, 8192 bytes)
[STDOUT  ] 2019-04-17T13:07:38.076484352Z: [    1.946959] TCP established hash table entries: 8192 (order: 4, 65536 bytes)
[STDOUT  ] 2019-04-17T13:07:38.076493529Z: [    1.953356] TCP bind hash table entries: 8192 (order: 5, 131072 bytes)
[STDOUT  ] 2019-04-17T13:07:38.076502963Z: [    1.959160] TCP: Hash tables configured (established 8192 bind 8192)
[STDOUT  ] 2019-04-17T13:07:38.076512390Z: [    1.964918] UDP hash table entries: 512 (order: 2, 16384 bytes)
[STDOUT  ] 2019-04-17T13:07:38.076521934Z: [    1.970159] UDP-Lite hash table entries: 512 (order: 2, 16384 bytes)
[STDOUT  ] 2019-04-17T13:07:38.076531594Z: [    1.975989] NET: Registered protocol family 1
[STDOUT  ] 2019-04-17T13:07:38.076540988Z: [    1.979964] NET: Registered protocol family 44
[STDOUT  ] 2019-04-17T13:07:38.076550460Z: [    1.984180] pci 0000:00:01.0: Video device with shadowed ROM at [mem 0x000c0000-0x000dffff]
[STDOUT  ] 2019-04-17T13:07:38.076562693Z: [    1.992030] Trying to unpack rootfs image as initramfs...
[STDOUT  ] 2019-04-17T13:07:38.076571949Z: [    2.613414] Freeing initrd memory: 33928K
[STDOUT  ] 2019-04-17T13:07:38.076581367Z: [    2.617361] clocksource: tsc: mask: 0xffffffffffffffff max_cycles: 0x21266cf7f05, max_idle_ns: 440795268182 ns
[STDOUT  ] 2019-04-17T13:07:38.076590636Z: [    2.627611] PCLMULQDQ-NI instructions are not detected.
[STDOUT  ] 2019-04-17T13:07:38.076599886Z: [    2.632412] AVX or AES-NI instructions are not detected.
[STDOUT  ] 2019-04-17T13:07:38.076609583Z: [    2.637194] CPU feature 'AVX registers' is not supported.
[STDOUT  ] 2019-04-17T13:07:38.076619075Z: [    2.642056] CPU feature 'AVX registers' is not supported.
[STDOUT  ] 2019-04-17T13:07:38.076628662Z: [    2.646890] CPU feature 'AVX registers' is not supported.
[STDOUT  ] 2019-04-17T13:07:38.076637959Z: [    2.651743] CPU feature 'AVX registers' is not supported.
[STDOUT  ] 2019-04-17T13:07:38.076647145Z: [    2.656589] AVX2 or AES-NI instructions are not detected.
[STDOUT  ] 2019-04-17T13:07:38.076656445Z: [    2.661419] AVX2 instructions are not detected.
[STDOUT  ] 2019-04-17T13:07:38.076665903Z: [    2.666058] workingset: timestamp_bits=46 max_order=18 bucket_order=0
[STDOUT  ] 2019-04-17T13:07:38.076675512Z: [    2.672284] squashfs: version 4.0 (2009/01/31) Phillip Lougher
[STDOUT  ] 2019-04-17T13:07:38.076688244Z: [    2.677641] FS-Cache: Netfs 'cifs' registered for caching
[STDOUT  ] 2019-04-17T13:07:38.076697736Z: [    2.682566] fuse init (API version 7.27)
[STDOUT  ] 2019-04-17T13:07:38.076707282Z: [    2.686222] SGI XFS with ACLs, security attributes, no debug enabled
[STDOUT  ] 2019-04-17T13:07:38.076716692Z: [    2.692150] 9p: Installing v9fs 9p2000 file system support
[STDOUT  ] 2019-04-17T13:07:38.076726554Z: [    2.697076] FS-Cache: Netfs '9p' registered for caching
[STDOUT  ] 2019-04-17T13:07:38.076735880Z: [    2.701751] pstore: using deflate compression
[STDOUT  ] 2019-04-17T13:07:38.076744832Z: [    2.707121] NET: Registered protocol family 38
[STDOUT  ] 2019-04-17T13:07:38.076753926Z: [    2.711267] Key type asymmetric registered
[STDOUT  ] 2019-04-17T13:07:38.076763373Z: [    2.715215] Asymmetric key parser 'x509' registered
[STDOUT  ] 2019-04-17T13:07:38.076772657Z: [    2.719772] Block layer SCSI generic (bsg) driver version 0.4 loaded (major 247)
[STDOUT  ] 2019-04-17T13:07:38.076785267Z: [    2.726628] io scheduler noop registered
[STDOUT  ] 2019-04-17T13:07:38.076794353Z: [    2.730325] io scheduler deadline registered (default)
[STDOUT  ] 2019-04-17T13:07:38.076805944Z: [    2.735044] io scheduler cfq registered
[STDOUT  ] 2019-04-17T13:07:38.076815455Z: [    2.738581] io scheduler mq-deadline registered (default)
[STDOUT  ] 2019-04-17T13:07:38.076828479Z: [    2.743552] io scheduler kyber registered
[STDOUT  ] 2019-04-17T13:07:38.076840788Z: [    2.747330] shpchp: Standard Hot Plug PCI Controller Driver version: 0.4
[STDOUT  ] 2019-04-17T13:07:38.076849917Z: [    2.753449] hv_vmbus: registering driver hyperv_fb
[STDOUT  ] 2019-04-17T13:07:38.076859174Z: [    2.757926] input: Power Button as /devices/LNXSYSTM:00/LNXPWRBN:00/input/input0
[STDOUT  ] 2019-04-17T13:07:38.076868535Z: [    2.764695] ACPI: Power Button [PWRF]
[STDOUT  ] 2019-04-17T13:07:38.076877817Z: [    2.768840] PCI Interrupt Link [GSIG] enabled at IRQ 22
[STDOUT  ] 2019-04-17T13:07:38.076887247Z: [    2.780049] PCI Interrupt Link [GSIH] enabled at IRQ 23
[STDOUT  ] 2019-04-17T13:07:38.076896294Z: [    2.790604] Serial: 8250/16550 driver, 4 ports, IRQ sharing disabled
[STDOUT  ] 2019-04-17T13:07:38.076905365Z: [    2.830325] 00:04: ttyS0 at I/O 0x3f8 (irq = 4, base_baud = 115200) is a 16550A
[STDOUT  ] 2019-04-17T13:07:38.076914563Z: [    2.837843] Non-volatile memory driver v1.3
[STDOUT  ] 2019-04-17T13:07:38.076924009Z: [    2.843439] Hangcheck: starting hangcheck timer 0.9.1 (tick is 180 seconds, margin is 60 seconds).
[STDOUT  ] 2019-04-17T13:07:38.076933927Z: [    2.851728] random: fast init done
[STDOUT  ] 2019-04-17T13:07:38.076943249Z: [    2.855767] random: crng init done
[STDOUT  ] 2019-04-17T13:07:38.076952574Z: [    2.860237] brd: module loaded
[STDOUT  ] 2019-04-17T13:07:38.076962281Z: [    2.865590] loop: module loaded
[STDOUT  ] 2019-04-17T13:07:38.076971664Z: [    2.872404] lpc_ich 0000:00:1f.0: I/O space for GPIO uninitialized
[STDOUT  ] 2019-04-17T13:07:38.076981346Z: [    2.877715] VMware PVSCSI driver - version 1.0.7.0-k
[STDOUT  ] 2019-04-17T13:07:38.076990704Z: [    2.881969] hv_vmbus: registering driver hv_storvsc
[STDOUT  ] 2019-04-17T13:07:38.076999910Z: [    2.886628] PCI Interrupt Link [GSIA] enabled at IRQ 16
[STDOUT  ] 2019-04-17T13:07:38.077009001Z: [    2.894455] ahci 0000:00:1f.2: AHCI 0001.0000 32 slots 6 ports 1.5 Gbps 0x3f impl SATA mode
[STDOUT  ] 2019-04-17T13:07:38.077018420Z: [    2.901179] ahci 0000:00:1f.2: flags: 64bit ncq only 
[STDOUT  ] 2019-04-17T13:07:38.077027779Z: [    2.909200] scsi host0: ahci
[STDOUT  ] 2019-04-17T13:07:38.077039172Z: [    2.911811] scsi host1: ahci
[STDOUT  ] 2019-04-17T13:07:38.077048336Z: [    2.914366] scsi host2: ahci
[STDOUT  ] 2019-04-17T13:07:38.077057518Z: [    2.916970] scsi host3: ahci
[STDOUT  ] 2019-04-17T13:07:38.077066757Z: [    2.919523] scsi host4: ahci
[STDOUT  ] 2019-04-17T13:07:38.077075999Z: [    2.922060] scsi host5: ahci
[STDOUT  ] 2019-04-17T13:07:38.077088822Z: [    2.924624] ata1: SATA max UDMA/133 abar m4096@0xfebd2000 port 0xfebd2100 irq 24
[STDOUT  ] 2019-04-17T13:07:38.077101105Z: [    2.930722] ata2: SATA max UDMA/133 abar m4096@0xfebd2000 port 0xfebd2180 irq 24
[STDOUT  ] 2019-04-17T13:07:38.077110659Z: [    2.936814] ata3: SATA max UDMA/133 abar m4096@0xfebd2000 port 0xfebd2200 irq 24
[STDOUT  ] 2019-04-17T13:07:38.077120139Z: [    2.942929] ata4: SATA max UDMA/133 abar m4096@0xfebd2000 port 0xfebd2280 irq 24
[STDOUT  ] 2019-04-17T13:07:38.077132424Z: [    2.948969] ata5: SATA max UDMA/133 abar m4096@0xfebd2000 port 0xfebd2300 irq 24
[STDOUT  ] 2019-04-17T13:07:38.077141770Z: [    2.955021] ata6: SATA max UDMA/133 abar m4096@0xfebd2000 port 0xfebd2380 irq 24
[STDOUT  ] 2019-04-17T13:07:38.077150810Z: [    2.963462] tun: Universal TUN/TAP device driver, 1.6
[STDOUT  ] 2019-04-17T13:07:38.077159923Z: [    2.972648] VMware vmxnet3 virtual NIC driver - version 1.4.16.0-k-NAPI
[STDOUT  ] 2019-04-17T13:07:38.077169171Z: [    2.978122] hv_vmbus: registering driver hv_netvsc
[STDOUT  ] 2019-04-17T13:07:38.077189595Z: [    2.982088] Fusion MPT base driver 3.04.20
[STDOUT  ] 2019-04-17T13:07:38.077200905Z: [    2.985466] Copyright (c) 1999-2008 LSI Corporation
[STDOUT  ] 2019-04-17T13:07:38.077210188Z: [    2.989543] Fusion MPT SPI Host driver 3.04.20
[STDOUT  ] 2019-04-17T13:07:38.077225059Z: [    2.993324] i8042: PNP: PS/2 Controller [PNP0303:KBD,PNP0f13:MOU] at 0x60,0x64 irq 1,12
[STDOUT  ] 2019-04-17T13:07:38.077239861Z: [    3.003562] serio: i8042 KBD port at 0x60,0x64 irq 1
[STDOUT  ] 2019-04-17T13:07:38.077249194Z: [    3.007649] serio: i8042 AUX port at 0x60,0x64 irq 12
[STDOUT  ] 2019-04-17T13:07:38.077258195Z: [    3.012006] hv_vmbus: registering driver hyperv_keyboard
[STDOUT  ] 2019-04-17T13:07:38.077267921Z: [    3.016466] mousedev: PS/2 mouse device common for all mice
[STDOUT  ] 2019-04-17T13:07:38.077277145Z: [    3.022386] input: AT Translated Set 2 keyboard as /devices/platform/i8042/serio0/input/input1
[STDOUT  ] 2019-04-17T13:07:38.077286309Z: [    3.029460] input: PC Speaker as /devices/platform/pcspkr/input/input2
[STDOUT  ] 2019-04-17T13:07:38.077295425Z: [    3.035926] rtc_cmos 00:00: RTC can wake from S4
[STDOUT  ] 2019-04-17T13:07:38.077304734Z: [    3.042242] rtc_cmos 00:00: registered as rtc0
[STDOUT  ] 2019-04-17T13:07:38.077313610Z: [    3.045957] rtc_cmos 00:00: alarms up to one day, y3k, 114 bytes nvram, hpet irqs
[STDOUT  ] 2019-04-17T13:07:38.077322984Z: [    3.052036] i2c /dev entries driver
[STDOUT  ] 2019-04-17T13:07:38.077332247Z: [    3.055067] device-mapper: ioctl: 4.39.0-ioctl (2018-04-03) initialised: dm-devel@redhat.com
[STDOUT  ] 2019-04-17T13:07:38.077341669Z: [    3.062637] usbcore: registered new interface driver usbhid
[STDOUT  ] 2019-04-17T13:07:38.077351709Z: [    3.067274] usbhid: USB HID core driver
[STDOUT  ] 2019-04-17T13:07:38.077360592Z: [    3.070535] hv_utils: Registering HyperV Utility Driver
[STDOUT  ] 2019-04-17T13:07:38.077372585Z: [    3.074863] hv_vmbus: registering driver hv_util
[STDOUT  ] 2019-04-17T13:07:38.077381865Z: [    3.078712] hv_vmbus: registering driver hv_balloon
[STDOUT  ] 2019-04-17T13:07:38.077391440Z: [    3.082735] oprofile: using NMI interrupt.
[STDOUT  ] 2019-04-17T13:07:38.077400932Z: [    3.086171] GACT probability on
[STDOUT  ] 2019-04-17T13:07:38.077409759Z: [    3.088830] Mirror/redirect action on
[STDOUT  ] 2019-04-17T13:07:38.077418895Z: [    3.091947] Simple TC action Loaded
[STDOUT  ] 2019-04-17T13:07:38.077428263Z: [    3.094914] u32 classifier
[STDOUT  ] 2019-04-17T13:07:38.077437788Z: [    3.097227]     Performance counters on
[STDOUT  ] 2019-04-17T13:07:38.077447057Z: [    3.100465]     input device check on
[STDOUT  ] 2019-04-17T13:07:38.077456256Z: [    3.103506]     Actions configured
[STDOUT  ] 2019-04-17T13:07:38.077465547Z: [    3.106614] xt_time: kernel timezone is -0000
[STDOUT  ] 2019-04-17T13:07:38.077478261Z: [    3.110270] IPVS: Registered protocols (TCP, UDP, SCTP, AH, ESP)
[STDOUT  ] 2019-04-17T13:07:38.077487811Z: [    3.115204] IPVS: Connection hash table configured (size=4096, memory=64Kbytes)
[STDOUT  ] 2019-04-17T13:07:38.077500289Z: [    3.121313] IPVS: ipvs loaded.
[STDOUT  ] 2019-04-17T13:07:38.077509771Z: [    3.123920] IPVS: [rr] scheduler registered.
[STDOUT  ] 2019-04-17T13:07:38.077518906Z: [    3.127456] IPVS: [wrr] scheduler registered.
[STDOUT  ] 2019-04-17T13:07:38.077527893Z: [    3.131039] IPVS: [lc] scheduler registered.
[STDOUT  ] 2019-04-17T13:07:38.077537697Z: [    3.134561] IPVS: [wlc] scheduler registered.
[STDOUT  ] 2019-04-17T13:07:38.077547089Z: [    3.138158] IPVS: [fo] scheduler registered.
[STDOUT  ] 2019-04-17T13:07:38.077556325Z: [    3.141679] IPVS: [ovf] scheduler registered.
[STDOUT  ] 2019-04-17T13:07:38.077565783Z: [    3.145284] IPVS: [lblc] scheduler registered.
[STDOUT  ] 2019-04-17T13:07:38.077574980Z: [    3.148944] IPVS: [lblcr] scheduler registered.
[STDOUT  ] 2019-04-17T13:07:38.077584465Z: [    3.152664] IPVS: [dh] scheduler registered.
[STDOUT  ] 2019-04-17T13:07:38.077593907Z: [    3.156166] IPVS: [sh] scheduler registered.
[STDOUT  ] 2019-04-17T13:07:38.077603351Z: [    3.159684] IPVS: [mh] scheduler registered.
[STDOUT  ] 2019-04-17T13:07:38.077612201Z: [    3.163243] IPVS: [sed] scheduler registered.
[STDOUT  ] 2019-04-17T13:07:38.077621155Z: [    3.166847] IPVS: [nq] scheduler registered.
[STDOUT  ] 2019-04-17T13:07:38.077630240Z: [    3.170771] IPVS: ftp: loaded support on port[0] = 21
[STDOUT  ] 2019-04-17T13:07:38.077643751Z: [    3.175020] ipip: IPv4 and MPLS over IPv4 tunneling driver
[STDOUT  ] 2019-04-17T13:07:38.077653226Z: [    3.179864] gre: GRE over IPv4 demultiplexor driver
[STDOUT  ] 2019-04-17T13:07:38.077662234Z: [    3.183980] ipt_CLUSTERIP: ClusterIP Version 0.8 loaded successfully
[STDOUT  ] 2019-04-17T13:07:38.077674891Z: [    3.189480] NET: Registered protocol family 10
[STDOUT  ] 2019-04-17T13:07:38.077684198Z: [    3.193569] Segment Routing with IPv6
[STDOUT  ] 2019-04-17T13:07:38.077694505Z: [    3.197316] NET: Registered protocol family 17
[STDOUT  ] 2019-04-17T13:07:38.077703638Z: [    3.201054] Bridge firewalling registered
[STDOUT  ] 2019-04-17T13:07:38.077712139Z: [    3.204791] 8021q: 802.1Q VLAN Support v1.8
[STDOUT  ] 2019-04-17T13:07:38.077720248Z: [    3.208290] 9pnet: Installing 9P2000 support
[STDOUT  ] 2019-04-17T13:07:38.077728187Z: [    3.212143] Key type dns_resolver registered
[STDOUT  ] 2019-04-17T13:07:38.077736092Z: [    3.215796] NET: Registered protocol family 40
[STDOUT  ] 2019-04-17T13:07:38.077747021Z: [    3.220009] registered taskstats version 1
[STDOUT  ] 2019-04-17T13:07:38.077755252Z: [    3.232156] Key type big_key registered
[STDOUT  ] 2019-04-17T13:07:38.077763518Z: [    3.239591] Key type trusted registered
[STDOUT  ] 2019-04-17T13:07:38.077771844Z: [    3.246982] Key type encrypted registered
[STDOUT  ] 2019-04-17T13:07:38.077780590Z: [    3.251023] ima: No TPM chip found, activating TPM-bypass!
[STDOUT  ] 2019-04-17T13:07:38.077789161Z: [    3.256232] ima: Allocated hash algorithm: sha256
[STDOUT  ] 2019-04-17T13:07:38.077798452Z: [    3.260543] evm: Initialising EVM extended attributes:
[STDOUT  ] 2019-04-17T13:07:38.077810847Z: [    3.265166] evm: security.ima
[STDOUT  ] 2019-04-17T13:07:38.077822749Z: [    3.267909] evm: security.capability
[STDOUT  ] 2019-04-17T13:07:38.077830494Z: [    3.271159] evm: HMAC attrs: 0x1
[STDOUT  ] 2019-04-17T13:07:38.077838610Z: [    3.274700] ata6: SATA link down (SStatus 0 SControl 300)
[STDOUT  ] 2019-04-17T13:07:38.077847064Z: [    3.280402] ata5: SATA link down (SStatus 0 SControl 300)
[STDOUT  ] 2019-04-17T13:07:38.077855330Z: [    3.286038] ata4: SATA link down (SStatus 0 SControl 300)
[STDOUT  ] 2019-04-17T13:07:38.077863589Z: [    3.291809] ata3: SATA link up 1.5 Gbps (SStatus 113 SControl 300)
[STDOUT  ] 2019-04-17T13:07:38.077872090Z: [    3.298345] ata2: SATA link down (SStatus 0 SControl 300)
[STDOUT  ] 2019-04-17T13:07:38.077881057Z: [    3.304012] ata1: SATA link down (SStatus 0 SControl 300)
[STDOUT  ] 2019-04-17T13:07:38.077889355Z: [    3.309133] ata3.00: ATAPI: QEMU DVD-ROM, 2.5+, max UDMA/100
[STDOUT  ] 2019-04-17T13:07:38.077902839Z: [    3.314239] ata3.00: applying bridge limits
[STDOUT  ] 2019-04-17T13:07:38.077912078Z: [    3.319183] rtc_cmos 00:00: setting system clock to 2019-04-17 13:07:26 UTC (1555506446)
[STDOUT  ] 2019-04-17T13:07:38.077920957Z: [    3.326651] ata3.00: configured for UDMA/100
[STDOUT  ] 2019-04-17T13:07:38.077929307Z: [    3.331685] scsi 2:0:0:0: CD-ROM            QEMU     QEMU DVD-ROM     2.5+ PQ: 0 ANSI: 5
[STDOUT  ] 2019-04-17T13:07:38.077937968Z: [    3.339053] Unstable clock detected, switching default tracing clock to "global"
[STDOUT  ] 2019-04-17T13:07:38.077946796Z: [    3.339053] If you want to keep using the local clock, then add:
[STDOUT  ] 2019-04-17T13:07:38.077955016Z: [    3.339053]   "trace_clock=local"
[STDOUT  ] 2019-04-17T13:07:38.077963796Z: [    3.339053] on the kernel command line
[STDOUT  ] 2019-04-17T13:07:38.077972105Z: [    3.372838] sr 2:0:0:0: [sr0] scsi3-mmc drive: 4x/4x cd/rw xa/form2 tray
[STDOUT  ] 2019-04-17T13:07:38.077980897Z: [    3.378914] cdrom: Uniform CD-ROM driver Revision: 3.20
[STDOUT  ] 2019-04-17T13:07:38.077989324Z: [    3.384250] sr 2:0:0:0: Attached scsi generic sg0 type 5
[STDOUT  ] 2019-04-17T13:07:38.077998241Z: [    3.393036] Freeing unused kernel image memory: 1588K
[STDOUT  ] 2019-04-17T13:07:38.078006519Z: [    3.399023] Write protecting the kernel read-only data: 18432k
[STDOUT  ] 2019-04-17T13:07:38.078019735Z: [    3.406641] Freeing unused kernel image memory: 2028K
[STDOUT  ] 2019-04-17T13:07:38.078031851Z: [    3.411597] Freeing unused kernel image memory: 1040K
[STDOUT  ] 2019-04-17T13:07:38.078040350Z: [    3.416203] Run /init as init process
[STDOUT  ] 2019-04-17T13:07:38.078049689Z: 
[STDOUT  ] 2019-04-17T13:07:38.078059462Z: Welcome to LinuxKit
[STDOUT  ] 2019-04-17T13:07:38.078068403Z: 
[STDOUT  ] 2019-04-17T13:07:38.078076638Z:                         ##         .
[STDOUT  ] 2019-04-17T13:07:38.078086104Z:                   ## ## ##        ==
[STDOUT  ] 2019-04-17T13:07:38.078094522Z:                ## ## ## ## ##    ===
[STDOUT  ] 2019-04-17T13:07:38.078103758Z:            /"""""""""""""""""\___/ ===
[STDOUT  ] 2019-04-17T13:07:38.078112568Z:           {                       /  ===-
[STDOUT  ] 2019-04-17T13:07:38.078121624Z:            \______ O           __/
[STDOUT  ] 2019-04-17T13:07:38.078129654Z:              \    \         __/
[STDOUT  ] 2019-04-17T13:07:38.078138448Z:               \____\_______/
[STDOUT  ] 2019-04-17T13:07:38.078146588Z: 
[STDOUT  ] 2019-04-17T13:07:38.078155480Z: sysctl test suite PASSED
[STDOUT  ] 2019-04-17T13:07:38.078163695Z: [   14.119626] ACPI: Preparing to enter system sleep state S5
[STDOUT  ] 2019-04-17T13:07:38.078184596Z: [   14.124994] reboot: Power down
[STDERR  ] 2019-04-17T13:07:38.074434416Z: [    1.917070] pnp: PnP ACPI: found 5 devices
[STDERR  ] 2019-04-17T13:07:38.078258061Z: [    1.927260] clocksource: acpi_pm: mask: 0xffffff max_cycles: 0xffffff, max_idle_ns: 2085701024 ns
[STDERR  ] 2019-04-17T13:07:38.078349113Z: [    1.935236] NET: Registered protocol family 2
[STDERR  ] 2019-04-17T13:07:38.078405914Z: [    1.940108] tcp_listen_portaddr_hash hash table entries: 512 (order: 1, 8192 bytes)
[STDERR  ] 2019-04-17T13:07:38.078424862Z: [    1.946959] TCP established hash table entries: 8192 (order: 4, 65536 bytes)
[STDERR  ] 2019-04-17T13:07:38.078437971Z: [    1.953356] TCP bind hash table entries: 8192 (order: 5, 131072 bytes)
[STDERR  ] 2019-04-17T13:07:38.078451269Z: [    1.959160] TCP: Hash tables configured (established 8192 bind 8192)
[STDERR  ] 2019-04-17T13:07:38.078464303Z: [    1.964918] UDP hash table entries: 512 (order: 2, 16384 bytes)
[STDERR  ] 2019-04-17T13:07:38.078477715Z: [    1.970159] UDP-Lite hash table entries: 512 (order: 2, 16384 bytes)
[STDERR  ] 2019-04-17T13:07:38.078491767Z: [    1.975989] NET: Registered protocol family 1
[STDERR  ] 2019-04-17T13:07:38.078505303Z: [    1.979964] NET: Registered protocol family 44
[STDERR  ] 2019-04-17T13:07:38.078522437Z: [    1.984180] pci 0000:00:01.0: Video device with shadowed ROM at [mem 0x000c0000-0x000dffff]
[STDERR  ] 2019-04-17T13:07:38.078542373Z: [    1.992030] Trying to unpack rootfs image as initramfs...
[STDERR  ] 2019-04-17T13:07:38.078556207Z: [    2.613414] Freeing initrd memory: 33928K
[STDERR  ] 2019-04-17T13:07:38.078569524Z: [    2.617361] clocksource: tsc: mask: 0xffffffffffffffff max_cycles: 0x21266cf7f05, max_idle_ns: 440795268182 ns
[STDERR  ] 2019-04-17T13:07:38.078583645Z: [    2.627611] PCLMULQDQ-NI instructions are not detected.
[STDERR  ] 2019-04-17T13:07:38.078598975Z: [    2.632412] AVX or AES-NI instruc
[PASS    ] linuxkit.packages.sysctl 28.96s
