[INFO    ] 2017-09-04T20:38:06.594633578Z: Running Test linuxkit.packages.wireguard in /tmp/with_clonee822747/test/cases/040_packages/023_wireguard
[INFO    ] 2017-09-04T20:38:06.594739403Z: Running command: [/bin/sh -x /tmp/with_clonee822747/test/cases/040_packages/023_wireguard/test.sh]
[STDERR  ] 2017-09-04T20:38:06.61073591Z: + set -e
[STDERR  ] 2017-09-04T20:38:06.610880766Z: + . /tmp/with_clonee822747/test/cases/_lib/lib.sh
[STDERR  ] 2017-09-04T20:38:06.610896163Z: + [ -f src/github.com/linuxkit/rtf/lib/lib.sh ]
[STDERR  ] 2017-09-04T20:38:06.610911714Z: + LINUXKIT_TMPDIR=/tmp/with_clonee822747/test/cases/_tmp
[STDERR  ] 2017-09-04T20:38:06.61092935Z: + [ -f /tmp/with_clonee822747/test/cases/_tmp/env.sh ]
[STDERR  ] 2017-09-04T20:38:06.610956744Z: + . /tmp/with_clonee822747/test/cases/_tmp/env.sh
[STDERR  ] 2017-09-04T20:38:06.610969743Z: + export LINUXKIT_EXAMPLES_DIR=/tmp/with_clonee822747/test/cases/../../examples
[STDERR  ] 2017-09-04T20:38:06.610984836Z: + export LINUXKIT_BLUEPRINTS_DIR=/tmp/with_clonee822747/test/cases/../../blueprints
[STDERR  ] 2017-09-04T20:38:06.61099668Z: + RT_CANCEL=253
[STDERR  ] 2017-09-04T20:38:06.611008802Z: + trap clean_up EXIT
[STDERR  ] 2017-09-04T20:38:06.61102122Z: + moby build -format kernel+initrd test-wireguard.yml
[STDERR  ] 2017-09-04T20:38:06.611033043Z: Extract kernel image: linuxkit/kernel:4.9.43
[STDERR  ] 2017-09-04T20:38:14.482076662Z: Add init containers:
[STDERR  ] 2017-09-04T20:38:14.482161974Z: Process init image: linuxkit/init:6d11a1f9d299d3425e78cce80dfba8b236d20412
[STDERR  ] 2017-09-04T20:38:16.66682981Z: Process init image: linuxkit/runc:a1b564248a0d0b118c11e61db9f84ecf41dd2d2a
[STDERR  ] 2017-09-04T20:38:18.565092795Z: Process init image: linuxkit/containerd:7d97282aebe36040fcdd3378a95562d440d34a9d
[STDERR  ] 2017-09-04T20:38:23.482382292Z: Process init image: linuxkit/ca-certificates:e44b0a66df5a102c0e220f0066b0d904710dcb10
[STDERR  ] 2017-09-04T20:38:24.940098271Z: Add onboot containers:
[STDERR  ] 2017-09-04T20:38:24.940176274Z:   Create OCI config for linuxkit/dhcpcd:f3f5413abb78fae9020e35bd4788fa93df4530b7
[STDERR  ] 2017-09-04T20:38:26.436671585Z:   Create OCI config for linuxkit/ip:b084fd2ada446015e00e43a441bb0ae41ff8b227
[STDERR  ] 2017-09-04T20:38:28.448442214Z:   Create OCI config for linuxkit/ip:b084fd2ada446015e00e43a441bb0ae41ff8b227
[STDERR  ] 2017-09-04T20:38:28.48498477Z: Add onshutdown containers:
[STDERR  ] 2017-09-04T20:38:28.485185744Z:   Create OCI config for alpine:3.6
[STDERR  ] 2017-09-04T20:38:30.15537733Z: Add service containers:
[STDERR  ] 2017-09-04T20:38:30.155468088Z:   Create OCI config for nginx:alpine
[STDERR  ] 2017-09-04T20:38:32.296741322Z:   Create OCI config for alpine:3.6
[STDERR  ] 2017-09-04T20:38:32.331871731Z: Add files:
[STDERR  ] 2017-09-04T20:38:32.331904317Z:   etc/wireguard/wg0.conf
[STDERR  ] 2017-09-04T20:38:32.331931077Z:   etc/wireguard/wg1.conf
[STDERR  ] 2017-09-04T20:38:32.331944172Z:   check.sh
[STDERR  ] 2017-09-04T20:38:32.331956722Z: Create outputs:
[STDERR  ] 2017-09-04T20:38:41.724754815Z:   test-wireguard-kernel test-wireguard-initrd.img test-wireguard-cmdline
[STDERR  ] 2017-09-04T20:38:42.058350509Z: + linuxkit run test-wireguard
[STDERR  ] 2017-09-04T20:39:29.620884304Z: + RESULT=[    0.000000] Linux version 4.9.43-linuxkit (root@e1ede117fb1e) (gcc version 6.3.0 (Alpine 6.3.0) ) #1 SMP Fri Aug 18 15:47:35 UTC 2017
[STDERR  ] 2017-09-04T20:39:29.620960014Z: [    0.000000] Command line: console=ttyS0
[STDERR  ] 2017-09-04T20:39:29.620984527Z: [    0.000000] x86/fpu: Legacy x87 FPU detected.
[STDERR  ] 2017-09-04T20:39:29.620997666Z: [    0.000000] x86/fpu: Using 'eager' FPU context switches.
[STDERR  ] 2017-09-04T20:39:29.621010863Z: [    0.000000] e820: BIOS-provided physical RAM map:
[STDERR  ] 2017-09-04T20:39:29.62102387Z: [    0.000000] BIOS-e820: [mem 0x0000000000000000-0x000000000009fbff] usable
[STDERR  ] 2017-09-04T20:39:29.621037106Z: [    0.000000] BIOS-e820: [mem 0x000000000009fc00-0x000000000009ffff] reserved
[STDERR  ] 2017-09-04T20:39:29.621049777Z: [    0.000000] BIOS-e820: [mem 0x00000000000f0000-0x00000000000fffff] reserved
[STDERR  ] 2017-09-04T20:39:29.621076243Z: [    0.000000] BIOS-e820: [mem 0x0000000000100000-0x000000003ffdefff] usable
[STDERR  ] 2017-09-04T20:39:29.621088137Z: [    0.000000] BIOS-e820: [mem 0x000000003ffdf000-0x000000003fffffff] reserved
[STDERR  ] 2017-09-04T20:39:29.621112271Z: [    0.000000] BIOS-e820: [mem 0x00000000b0000000-0x00000000bfffffff] reserved
[STDERR  ] 2017-09-04T20:39:29.62112373Z: [    0.000000] BIOS-e820: [mem 0x00000000fed1c000-0x00000000fed1ffff] reserved
[STDERR  ] 2017-09-04T20:39:29.621135188Z: [    0.000000] BIOS-e820: [mem 0x00000000fffc0000-0x00000000ffffffff] reserved
[STDERR  ] 2017-09-04T20:39:29.621146767Z: [    0.000000] NX (Execute Disable) protection: active
[STDERR  ] 2017-09-04T20:39:29.621159146Z: [    0.000000] SMBIOS 2.8 present.
[STDERR  ] 2017-09-04T20:39:29.621170693Z: [    0.000000] e820: last_pfn = 0x3ffdf max_arch_pfn = 0x400000000
[STDERR  ] 2017-09-04T20:39:29.621182335Z: [    0.000000] x86/PAT: Configuration [0-7]: WB  WC  UC- UC  WB  WC  UC- WT  
[STDERR  ] 2017-09-04T20:39:29.621193849Z: [    0.000000] found SMP MP-table at [mem 0x000f6aa0-0x000f6aaf] mapped at [ffff9cfa800f6aa0]
[STDERR  ] 2017-09-04T20:39:29.621206203Z: [    0.000000] RAMDISK: [mem 0x3cbb7000-0x3ffcffff]
[STDERR  ] 2017-09-04T20:39:29.621219048Z: [    0.000000] ACPI: Early table checksum verification disabled
[STDERR  ] 2017-09-04T20:39:29.621230965Z: [    0.000000] ACPI: RSDP 0x00000000000F68C0 000014 (v00 BOCHS )
[STDERR  ] 2017-09-04T20:39:29.621244209Z: [    0.000000] ACPI: RSDT 0x000000003FFE2404 000034 (v01 BOCHS  BXPCRSDT 00000001 BXPC 00000001)
[STDERR  ] 2017-09-04T20:39:29.621256126Z: [    0.000000] ACPI: FACP 0x000000003FFE22A4 000074 (v01 BOCHS  BXPCFACP 00000001 BXPC 00000001)
[STDERR  ] 2017-09-04T20:39:29.621269456Z: [    0.000000] ACPI: DSDT 0x000000003FFE0040 002264 (v01 BOCHS  BXPCDSDT 00000001 BXPC 00000001)
[STDERR  ] 2017-09-04T20:39:29.621280977Z: [    0.000000] ACPI: FACS 0x000000003FFE0000 000040
[STDERR  ] 2017-09-04T20:39:29.621292764Z: [    0.000000] ACPI: APIC 0x000000003FFE2318 000078 (v01 BOCHS  BXPCAPIC 00000001 BXPC 00000001)
[STDERR  ] 2017-09-04T20:39:29.621304257Z: [    0.000000] ACPI: HPET 0x000000003FFE2390 000038 (v01 BOCHS  BXPCHPET 00000001 BXPC 00000001)
[STDERR  ] 2017-09-04T20:39:29.621315967Z: [    0.000000] ACPI: MCFG 0x000000003FFE23C8 00003C (v01 BOCHS  BXPCMCFG 00000001 BXPC 00000001)
[STDERR  ] 2017-09-04T20:39:29.621327403Z: [    0.000000] Zone ranges:
[STDERR  ] 2017-09-04T20:39:29.621344899Z: [    0.000000]   DMA      [mem 0x0000000000001000-0x0000000000ffffff]
[STDERR  ] 2017-09-04T20:39:29.621356971Z: [    0.000000]   DMA32    [mem 0x0000000001000000-0x000000003ffdefff]
[STDERR  ] 2017-09-04T20:39:29.621368286Z: [    0.000000]   Normal   empty
[STDERR  ] 2017-09-04T20:39:29.621379656Z: [    0.000000] Movable zone start for each node
[STDERR  ] 2017-09-04T20:39:29.621391088Z: [    0.000000] Early memory node ranges
[STDERR  ] 2017-09-04T20:39:29.621402751Z: [    0.000000]   node   0: [mem 0x0000000000001000-0x000000000009efff]
[STDERR  ] 2017-09-04T20:39:29.621416776Z: [    0.000000]   node   0: [mem 0x0000000000100000-0x000000003ffdefff]
[STDERR  ] 2017-09-04T20:39:29.621428436Z: [    0.000000] Initmem setup node 0 [mem 0x0000000000001000-0x000000003ffdefff]
[STDERR  ] 2017-09-04T20:39:29.621439802Z: [    0.000000] ACPI: PM-Timer IO Port: 0x608
[STDERR  ] 2017-09-04T20:39:29.621451435Z: [    0.000000] ACPI: LAPIC_NMI (acpi_id[0xff] dfl dfl lint[0x1])
[STDERR  ] 2017-09-04T20:39:29.621467627Z: [    0.000000] IOAPIC[0]: apic_id 0, version 32, address 0xfec00000, GSI 0-23
[STDERR  ] 2017-09-04T20:39:29.621478987Z: [    0.000000] ACPI: INT_SRC_OVR (bus 0 bus_irq 0 global_irq 2 dfl dfl)
[STDERR  ] 2017-09-04T20:39:29.62149047Z: [    0.000000] ACPI: INT_SRC_OVR (bus 0 bus_irq 5 global_irq 5 high level)
[STDERR  ] 2017-09-04T20:39:29.62150205Z: [    0.000000] ACPI: INT_SRC_OVR (bus 0 bus_irq 9 global_irq 9 high level)
[STDERR  ] 2017-09-04T20:39:29.621513502Z: [    0.000000] ACPI: INT_SRC_OVR (bus 0 bus_irq 10 global_irq 10 high level)
[STDERR  ] 2017-09-04T20:39:29.621528411Z: [    0.000000] ACPI: INT_SRC_OVR (bus 0 bus_irq 11 global_irq 11 high level)
[STDERR  ] 2017-09-04T20:39:29.621539835Z: [    0.000000] Using ACPI (MADT) for SMP configuration information
[STDERR  ] 2017-09-04T20:39:29.621556354Z: [    0.000000] ACPI: HPET id: 0x8086a201 base: 0xfed00000
[STDERR  ] 2017-09-04T20:39:29.621568424Z: [    0.000000] smpboot: Allowing 1 CPUs, 0 hotplug CPUs
[STDERR  ] 2017-09-04T20:39:29.621580249Z: [    0.000000] e820: [mem 0x40000000-0xafffffff] available for PCI devices
[STDERR  ] 2017-09-04T20:39:29.621598999Z: [    0.000000] Booting paravirtualized kernel on bare hardware
[STDERR  ] 2017-09-04T20:39:29.621610741Z: [    0.000000] clocksource: refined-jiffies: mask: 0xffffffff max_cycles: 0xffffffff, max_idle_ns: 19112604462750000 ns
[STDERR  ] 2017-09-04T20:39:29.621625597Z: [    0.000000] setup_percpu: NR_CPUS:128 nr_cpumask_bits:128 nr_cpu_ids:1 nr_node_ids:1
[STDERR  ] 2017-09-04T20:39:29.621637079Z: [    0.000000] percpu: Embedded 35 pages/cpu @ffff9cfabc800000 s105240 r8192 d29928 u2097152
[STDERR  ] 2017-09-04T20:39:29.621653541Z: [    0.000000] Built 1 zonelists in Zone order, mobility grouping on.  Total pages: 257896
[STDERR  ] 2017-09-04T20:39:29.621665629Z: [    0.000000] Kernel command line: console=ttyS0
[STDERR  ] 2017-09-04T20:39:29.621677213Z: [    0.000000] PID hash table entries: 4096 (order: 3, 32768 bytes)
[STDERR  ] 2017-09-04T20:39:29.621688962Z: [    0.000000] Dentry cache hash table entries: 131072 (order: 8, 1048576 bytes)
[STDERR  ] 2017-09-04T20:39:29.62170042Z: [    0.000000] Inode-cache hash table entries: 65536 (order: 7, 524288 bytes)
[STDERR  ] 2017-09-04T20:39:29.621711963Z: [    0.000000] Memory: 960824K/1048052K available (8028K kernel code, 1366K rwdata, 2696K rodata, 1380K init, 568K bss, 87228K reserved, 0K cma-reserved)
[STDERR  ] 2017-09-04T20:39:29.621727956Z: [    0.000000] Hierarchical RCU implementation.
[STDERR  ] 2017-09-04T20:39:29.621739626Z: [    0.000000] 	Build-time adjustment of leaf fanout to 64.
[STDERR  ] 2017-09-04T20:39:29.621751361Z: [    0.000000] 	RCU restricting CPUs from NR_CPUS=128 to nr_cpu_ids=1.
[STDERR  ] 2017-09-04T20:39:29.621762694Z: [    0.000000] RCU: Adjusting geometry for rcu_fanout_leaf=64, nr_cpu_ids=1
[STDERR  ] 2017-09-04T20:39:29.621774033Z: [    0.000000] NR_IRQS:8448 nr_irqs:256 16
[STDERR  ] 2017-09-04T20:39:29.621785731Z: [    0.000000] Console: colour VGA+ 80x25
[STDERR  ] 2017-09-04T20:39:29.621797138Z: [    0.000000] console [ttyS0] enabled
[STDERR  ] 2017-09-04T20:39:29.621813977Z: [    0.000000] clocksource: hpet: mask: 0xffffffff max_cycles: 0xffffffff, max_idle_ns: 19112604467 ns
[STDERR  ] 2017-09-04T20:39:29.621830501Z: [    0.000000] tsc: Fast TSC calibration using PIT
[STDERR  ] 2017-09-04T20:39:29.621842066Z: [    0.000000] tsc: Detected 2300.105 MHz processor
[STDERR  ] 2017-09-04T20:39:29.621853442Z: [    0.021354] Calibrating delay loop (skipped), value calculated using timer frequency.. 4600.21 BogoMIPS (lpj=23001050)
[STDERR  ] 2017-09-04T20:39:29.621866732Z: [    0.022361] pid_max: default: 32768 minimum: 301
[STDERR  ] 2017-09-04T20:39:29.621877625Z: [    0.023221] ACPI: Core revision 20160831
[STDERR  ] 2017-09-04T20:39:29.62188851Z: [    0.072963] ACPI: 1 ACPI AML tables successfully acquired and loaded
[STDERR  ] 2017-09-04T20:39:29.621899188Z: [    0.076153] Security Framework initialized
[STDERR  ] 2017-09-04T20:39:29.621909385Z: [    0.076578] Yama: becoming mindful.
[STDERR  ] 2017-09-04T20:39:29.621923496Z: [    0.078491] Mount-cache hash table entries: 2048 (order: 2, 16384 bytes)
[STDERR  ] 2017-09-04T20:39:29.621933952Z: [    0.079010] Mountpoint-cache hash table entries: 2048 (order: 2, 16384 bytes)
[STDERR  ] 2017-09-04T20:39:29.621944229Z: [    0.098822] Last level iTLB entries: 4KB 0, 2MB 0, 4MB 0
[STDERR  ] 2017-09-04T20:39:29.621955346Z: [    0.099245] Last level dTLB entries: 4KB 0, 2MB 0, 4MB 0, 1GB 0
[STDERR  ] 2017-09-04T20:39:29.621966024Z: [    0.401366] Freeing SMP alternatives memory: 20K
[STDERR  ] 2017-09-04T20:39:29.621976649Z: [    0.409751] ftrace: allocating 35486 entries in 139 pages
[STDERR  ] 2017-09-04T20:39:29.621990584Z: [    0.571475] smpboot: Max logical packages: 1
[STDERR  ] 2017-09-04T20:39:29.622001235Z: [    0.576670] ..TIMER: vector=0x30 apic1=0 pin1=2 apic2=-1 pin2=-1
[STDERR  ] 2017-09-04T20:39:29.622011687Z: [    0.680000] smpboot: CPU0: AMD QEMU Virtual CPU version 2.5+ (family: 0x6, model: 0x6, stepping: 0x3)
[STDERR  ] 2017-09-04T20:39:29.622031038Z: [    0.680000] Performance Events: PMU not available due to virtualization, using software events only.
[STDERR  ] 2017-09-04T20:39:29.622041715Z: [    0.687081] NMI watchdog: disabled (cpu0): hardware events not enabled
[STDERR  ] 2017-09-04T20:39:29.622052176Z: [    0.687533] NMI watchdog: Shutting down hard lockup detector on all cpus
[STDERR  ] 2017-09-04T20:39:29.622062797Z: [    0.690449] x86: Booted up 1 node, 1 CPUs
[STDERR  ] 2017-09-04T20:39:29.622073186Z: [    0.690806] smpboot: Total of 1 processors activated (4600.21 BogoMIPS)
[STDERR  ] 2017-09-04T20:39:29.622083615Z: [    0.704824] devtmpfs: initialized
[STDERR  ] 2017-09-04T20:39:29.622093862Z: [    0.709461] x86/mm: Memory block size: 128MB
[STDERR  ] 2017-09-04T20:39:29.622104125Z: [    0.775103] clocksource: jiffies: mask: 0xffffffff max_cycles: 0xffffffff, max_idle_ns: 19112604462750000 ns
[STDERR  ] 2017-09-04T20:39:29.622117755Z: [    0.775975] futex hash table entries: 256 (order: 2, 16384 bytes)
[STDERR  ] 2017-09-04T20:39:29.622135422Z: [    0.784314] NET: Registered protocol family 16
[STDERR  ] 2017-09-04T20:39:29.622145697Z: [    0.793718] cpuidle: using governor ladder
[STDERR  ] 2017-09-04T20:39:29.62215567Z: [    0.794140] cpuidle: using governor menu
[STDERR  ] 2017-09-04T20:39:29.62216619Z: [    0.795176] ACPI: bus type PCI registered
[STDERR  ] 2017-09-04T20:39:29.622176476Z: [    0.797931] PCI: MMCONFIG for domain 0000 [bus 00-ff] at [mem 0xb0000000-0xbfffffff] (base 0xb0000000)
[STDERR  ] 2017-09-04T20:39:29.622191954Z: [    0.798680] PCI: MMCONFIG at [mem 0xb0000000-0xbfffffff] reserved in E820
[STDERR  ] 2017-09-04T20:39:29.622202779Z: [    0.800067] PCI: Using configuration type 1 for base access
[STDERR  ] 2017-09-04T20:39:29.622213118Z: [    0.856177] HugeTLB registered 2 MB page size, pre-allocated 0 pages
[STDERR  ] 2017-09-04T20:39:29.622223839Z: [    0.866362] ACPI: Added _OSI(Module Device)
[STDERR  ] 2017-09-04T20:39:29.622234187Z: [    0.866683] ACPI: Added _OSI(Processor Device)
[STDERR  ] 2017-09-04T20:39:29.622244889Z: [    0.866979] ACPI: Added _OSI(3.0 _SCP Extensions)
[STDERR  ] 2017-09-04T20:39:29.622255286Z: [    0.867285] ACPI: Added _OSI(Processor Aggregator Device)
[STDERR  ] 2017-09-04T20:39:29.62226664Z: [    0.938714] ACPI: Interpreter enabled
[STDERR  ] 2017-09-04T20:39:29.622278216Z: [    0.940183] ACPI: (supports S0 S5)
[STDERR  ] 2017-09-04T20:39:29.622289167Z: [    0.940475] ACPI: Using IOAPIC for interrupt routing
[STDERR  ] 2017-09-04T20:39:29.622299854Z: [    0.942242] PCI: Using host bridge windows from ACPI; if necessary, use "pci=nocrs" and report a bug
[STDERR  ] 2017-09-04T20:39:29.622310604Z: [    1.004735] ACPI: PCI Root Bridge [PCI0] (domain 0000 [bus 00-ff])
[STDERR  ] 2017-09-04T20:39:29.622321871Z: [    1.005662] acpi PNP0A08:00: _OSC: OS supports [ExtendedConfig ASPM ClockPM Segments MSI]
[STDERR  ] 2017-09-04T20:39:29.622333078Z: [    1.011287] acpi PNP0A08:00: _OSC: OS now controls [PCIeHotplug PME PCIeCapability]
[STDERR  ] 2017-09-04T20:39:29.622350423Z: [    1.014812] PCI host bridge to bus 0000:00
[STDERR  ] 2017-09-04T20:39:29.622361871Z: [    1.015230] pci_bus 0000:00: root bus resource [io  0x0000-0x0cf7 window]
[STDERR  ] 2017-09-04T20:39:29.622371921Z: [    1.015688] pci_bus 0000:00: root bus resource [io  0x0d00-0xffff window]
[STDERR  ] 2017-09-04T20:39:29.622394279Z: [    1.016189] pci_bus 0000:00: root bus resource [mem 0x000a0000-0x000bffff window]
[STDERR  ] 2017-09-04T20:39:29.622406559Z: [    1.016665] pci_bus 0000:00: root bus resource [mem 0xc0000000-0xfebfffff window]
[STDERR  ] 2017-09-04T20:39:29.622418009Z: [    1.017259] pci_bus 0000:00: root bus resource [bus 00-ff]
[STDERR  ] 2017-09-04T20:39:29.622433678Z: [    1.122347] pci 0000:00:1f.0: quirk: [io  0x0600-0x067f] claimed by ICH6 ACPI/GPIO/TCO
[STDERR  ] 2017-09-04T20:39:29.622446537Z: [    1.181980] ACPI: PCI Interrupt Link [LNKA] (IRQs 5 *10 11)
[STDERR  ] 2017-09-04T20:39:29.622457562Z: [    1.183887] ACPI: PCI Interrupt Link [LNKB] (IRQs 5 *10 11)
[STDERR  ] 2017-09-04T20:39:29.622467597Z: [    1.185523] ACPI: PCI Interrupt Link [LNKC] (IRQs 5 10 *11)
[STDERR  ] 2017-09-04T20:39:29.622479125Z: [    1.187188] ACPI: PCI Interrupt Link [LNKD] (IRQs 5 10 *11)
[STDERR  ] 2017-09-04T20:39:29.622495379Z: [    1.188814] ACPI: PCI Interrupt Link [LNKE] (IRQs 5 *10 11)
[STDERR  ] 2017-09-04T20:39:29.622507781Z: [    1.190610] ACPI: PCI Interrupt Link [LNKF] (IRQs 5 *10 11)
[STDERR  ] 2017-09-04T20:39:29.622517828Z: [    1.192275] ACPI: PCI Interrupt Link [LNKG] (IRQs 5 10 *11)
[STDERR  ] 2017-09-04T20:39:29.622529133Z: [    1.194040] ACPI: PCI Interrupt Link [LNKH] (IRQs 5 10 *11)
[STDERR  ] 2017-09-04T20:39:29.62253983Z: [    1.194835] ACPI: PCI Interrupt Link [GSIA] (IRQs *16)
[STDERR  ] 2017-09-04T20:39:29.622550871Z: [    1.195436] ACPI: PCI Interrupt Link [GSIB] (IRQs *17)
[STDERR  ] 2017-09-04T20:39:29.622561352Z: [    1.196079] ACPI: PCI Interrupt Link [GSIC] (IRQs *18)
[STDERR  ] 2017-09-04T20:39:29.62257229Z: [    1.196673] ACPI: PCI Interrupt Link [GSID] (IRQs *19)
[STDERR  ] 2017-09-04T20:39:29.622582463Z: [    1.197265] ACPI: PCI Interrupt Link [GSIE] (IRQs *20)
[STDERR  ] 2017-09-04T20:39:29.622592265Z: [    1.197855] ACPI: PCI Interrupt Link [GSIF] (IRQs *21)
[STDERR  ] 2017-09-04T20:39:29.622608237Z: [    1.198443] ACPI: PCI Interrupt Link [GSIG] (IRQs *22)
[STDOUT  ] 2017-09-04T20:39:29.622580257Z: [    0.000000] Linux version 4.9.43-linuxkit (root@e1ede117fb1e) (gcc version 6.3.0 (Alpine 6.3.0) ) #1 SMP Fri Aug 18 15:47:35 UTC 2017
[STDERR  ] 2017-09-04T20:39:29.622618378Z: [    1.199035] ACPI: PCI Interrupt Link [GSIH] (IRQs *23)
[STDERR  ] 2017-09-04T20:39:29.622630069Z: [    1.202650] ACPI: Enabled 2 GPEs in block 00 to 3F
[STDOUT  ] 2017-09-04T20:39:29.622638725Z: [    0.000000] Command line: console=ttyS0
[STDERR  ] 2017-09-04T20:39:29.622640793Z: [    1.206852] SCSI subsystem initialized
[STDERR  ] 2017-09-04T20:39:29.622653878Z: [    1.208593] ACPI: bus type USB registered
[STDOUT  ] 2017-09-04T20:39:29.622652167Z: [    0.000000] x86/fpu: Legacy x87 FPU detected.
[STDOUT  ] 2017-09-04T20:39:29.622665701Z: [    0.000000] x86/fpu: Using 'eager' FPU context switches.
[STDERR  ] 2017-09-04T20:39:29.622664317Z: [    1.209669] usbcore: registered new interface driver usbfs
[STDERR  ] 2017-09-04T20:39:29.622675578Z: [    1.210610] usbcore: registered new interface driver hub
[STDOUT  ] 2017-09-04T20:39:29.622679033Z: [    0.000000] e820: BIOS-provided physical RAM map:
[STDERR  ] 2017-09-04T20:39:29.622686588Z: [    1.211381] usbcore: registered new device driver usb
[STDOUT  ] 2017-09-04T20:39:29.622692282Z: [    0.000000] BIOS-e820: [mem 0x0000000000000000-0x000000000009fbff] usable
[STDERR  ] 2017-09-04T20:39:29.622697385Z: [    1.212521] pps_core: LinuxPPS API ver. 1 registered
[STDOUT  ] 2017-09-04T20:39:29.622705454Z: [    0.000000] BIOS-e820: [mem 0x000000000009fc00-0x000000000009ffff] reserved
[STDOUT  ] 2017-09-04T20:39:29.622716988Z: [    0.000000] BIOS-e820: [mem 0x00000000000f0000-0x00000000000fffff] reserved
[STDERR  ] 2017-09-04T20:39:29.62270869Z: [    1.212861] pps_core: Software ver. 5.3.6 - Copyright 2005-2007 Rodolfo Giometti <giometti@linux.it>
[STDERR  ] 2017-09-04T20:39:29.622725714Z: [    1.213565] PTP clock support registered
[STDOUT  ] 2017-09-04T20:39:29.62273471Z: [    0.000000] BIOS-e820: [mem 0x0000000000100000-0x000000003ffdefff] usable
[STDERR  ] 2017-09-04T20:39:29.62273722Z: [    1.214677] wmi: Mapper loaded
[STDERR  ] 2017-09-04T20:39:29.622749625Z: [    1.215694] PCI: Using ACPI for IRQ routing
[STDOUT  ] 2017-09-04T20:39:29.622747839Z: [    0.000000] BIOS-e820: [mem 0x000000003ffdf000-0x000000003fffffff] reserved
[STDERR  ] 2017-09-04T20:39:29.622760334Z: [    1.234020] NetLabel: Initializing
[STDOUT  ] 2017-09-04T20:39:29.622765854Z: [    0.000000] BIOS-e820: [mem 0x00000000b0000000-0x00000000bfffffff] reserved
[STDERR  ] 2017-09-04T20:39:29.622774062Z: [    1.234282] NetLabel:  domain hash size = 128
[STDOUT  ] 2017-09-04T20:39:29.622777184Z: [    0.000000] BIOS-e820: [mem 0x00000000fed1c000-0x00000000fed1ffff] reserved
[STDERR  ] 2017-09-04T20:39:29.622785264Z: [    1.234574] NetLabel:  protocols = UNLABELED CIPSOv4
[STDOUT  ] 2017-09-04T20:39:29.622789457Z: [    0.000000] BIOS-e820: [mem 0x00000000fffc0000-0x00000000ffffffff] reserved
[STDERR  ] 2017-09-04T20:39:29.622800844Z: [    1.236416] NetLabel:  unlabeled traffic allowed by default
[STDOUT  ] 2017-09-04T20:39:29.622802855Z: [    0.000000] NX (Execute Disable) protection: active
[STDERR  ] 2017-09-04T20:39:29.622811958Z: [    1.237281] HPET: 3 timers in total, 0 timers will be used for per-cpu timer
[STDERR  ] 2017-09-04T20:39:29.622823144Z: [    1.237996] hpet0: at MMIO 0xfed00000, IRQs 2, 8, 0
[STDOUT  ] 2017-09-04T20:39:29.622821248Z: [    0.000000] SMBIOS 2.8 present.
[STDOUT  ] 2017-09-04T20:39:29.622833361Z: [    0.000000] e820: last_pfn = 0x3ffdf max_arch_pfn = 0x400000000
[STDERR  ] 2017-09-04T20:39:29.622833858Z: [    1.238444] hpet0: 3 comparators, 64-bit 100.000000 MHz counter
[STDOUT  ] 2017-09-04T20:39:29.622844961Z: [    0.000000] x86/PAT: Configuration [0-7]: WB  WC  UC- UC  WB  WC  UC- WT  
[STDERR  ] 2017-09-04T20:39:29.622846663Z: [    1.244531] clocksource: Switched to clocksource hpet
[STDOUT  ] 2017-09-04T20:39:29.622856899Z: [    0.000000] found SMP MP-table at [mem 0x000f6aa0-0x000f6aaf] mapped at [ffff9cfa800f6aa0]
[STDERR  ] 2017-09-04T20:39:29.622861343Z: [    1.498544] VFS: Disk quotas dquot_6.6.0
[STDOUT  ] 2017-09-04T20:39:29.622870049Z: [    0.000000] RAMDISK: [mem 0x3cbb7000-0x3ffcffff]
[STDERR  ] 2017-09-04T20:39:29.622873025Z: [    1.499187] VFS: Dquot-cache hash table entries: 512 (order 0, 4096 bytes)
[STDOUT  ] 2017-09-04T20:39:29.622882093Z: [    0.000000] ACPI: Early table checksum verification disabled
[STDERR  ] 2017-09-04T20:39:29.622884115Z: [    1.502001] FS-Cache: Loaded
[STDOUT  ] 2017-09-04T20:39:29.622894133Z: [    0.000000] ACPI: RSDP 0x00000000000F68C0 000014 (v00 BOCHS )
[STDERR  ] 2017-09-04T20:39:29.622895913Z: [    1.506732] CacheFiles: Loaded
[STDOUT  ] 2017-09-04T20:39:29.622905861Z: [    0.000000] ACPI: RSDT 0x000000003FFE2404 000034 (v01 BOCHS  BXPCRSDT 00000001 BXPC 00000001)
[STDERR  ] 2017-09-04T20:39:29.622910385Z: [    1.508282] pnp: PnP ACPI init
[STDOUT  ] 2017-09-04T20:39:29.622918009Z: [    0.000000] ACPI: FACP 0x000000003FFE22A4 000074 (v01 BOCHS  BXPCFACP 00000001 BXPC 00000001)
[STDERR  ] 2017-09-04T20:39:29.622921545Z: [    1.519447] pnp: PnP ACPI: found 5 devices
[STDOUT  ] 2017-09-04T20:39:29.622930556Z: [    0.000000] ACPI: DSDT 0x000000003FFE0040 002264 (v01 BOCHS  BXPCDSDT 00000001 BXPC 00000001)
[STDERR  ] 2017-09-04T20:39:29.622932755Z: [    1.568933] clocksource: acpi_pm: mask: 0xffffff max_cycles: 0xffffff, max_idle_ns: 2085701024 ns
[STDOUT  ] 2017-09-04T20:39:29.622942013Z: [    0.000000] ACPI: FACS 0x000000003FFE0000 000040
[STDERR  ] 2017-09-04T20:39:29.622944648Z: [    1.571815] NET: Registered protocol family 2
[STDOUT  ] 2017-09-04T20:39:29.622953715Z: [    0.000000] ACPI: APIC 0x000000003FFE2318 000078 (v01 BOCHS  BXPCAPIC 00000001 BXPC 00000001)
[STDOUT  ] 2017-09-04T20:39:29.622964795Z: [    0.000000] ACPI: HPET 0x000000003FFE2390 000038 (v01 BOCHS  BXPCHPET 00000001 BXPC 00000001)
[STDERR  ] 2017-09-04T20:39:29.622956178Z: [    1.578684] TCP established hash table entries: 8192 (order: 4, 65536 bytes)
[STDERR  ] 2017-09-04T20:39:29.622973177Z: [    1.579395] TCP bind hash table entries: 8192 (order: 5, 131072 bytes)
[STDOUT  ] 2017-09-04T20:39:29.622977049Z: [    0.000000] ACPI: MCFG 0x000000003FFE23C8 00003C (v01 BOCHS  BXPCMCFG 00000001 BXPC 00000001)
[STDERR  ] 2017-09-04T20:39:29.622985298Z: [    1.580056] TCP: Hash tables configured (established 8192 bind 8192)
[STDOUT  ] 2017-09-04T20:39:29.622988489Z: [    0.000000] Zone ranges:
[STDERR  ] 2017-09-04T20:39:29.62299958Z: [    1.582177] UDP hash table entries: 512 (order: 2, 16384 bytes)
[STDOUT  ] 2017-09-04T20:39:29.623001478Z: [    0.000000]   DMA      [mem 0x0000000000001000-0x0000000000ffffff]
[STDERR  ] 2017-09-04T20:39:29.623010951Z: [    1.582717] UDP-Lite hash table entries: 512 (order: 2, 16384 bytes)
[STDERR  ] 2017-09-04T20:39:29.623022093Z: [    1.585061] NET: Registered protocol family 1
[STDOUT  ] 2017-09-04T20:39:29.623013455Z: [    0.000000]   DMA32    [mem 0x0000000001000000-0x000000003ffdefff]
[STDOUT  ] 2017-09-04T20:39:29.623030433Z: [    0.000000]   Normal   empty
[STDERR  ] 2017-09-04T20:39:29.623033572Z: [    1.585962] pci 0000:00:01.0: Video device with shadowed ROM at [mem 0x000c0000-0x000dffff]
[STDERR  ] 2017-09-04T20:39:29.623045193Z: [    1.594221] Unpacking initramfs...
[STDOUT  ] 2017-09-04T20:39:29.623041952Z: [    0.000000] Movable zone start for each node
[STDOUT  ] 2017-09-04T20:39:29.62305408Z: [    0.000000] Early memory node ranges
[STDERR  ] 2017-09-04T20:39:29.623056378Z: [    9.393315] Freeing initrd memory: 53348K
[STDOUT  ] 2017-09-04T20:39:29.623066156Z: [    0.000000]   node   0: [mem 0x0000000000001000-0x000000000009efff]
[STDERR  ] 2017-09-04T20:39:29.623067802Z: [    9.415977] PCLMULQDQ-NI instructions are not detected.
[STDOUT  ] 2017-09-04T20:39:29.623077827Z: [    0.000000]   node   0: [mem 0x0000000000100000-0x000000003ffdefff]
[STDERR  ] 2017-09-04T20:39:29.623079178Z: [    9.417051] AVX or AES-NI instructions are not detected.
[STDERR  ] 2017-09-04T20:39:29.623090724Z: [    9.417473] CPU feature 'AVX registers' is not supported.
[STDOUT  ] 2017-09-04T20:39:29.62309063Z: [    0.000000] Initmem setup node 0 [mem 0x0000000000001000-0x000000003ffdefff]
[STDOUT  ] 2017-09-04T20:39:29.623103803Z: [    0.000000] ACPI: PM-Timer IO Port: 0x608
[STDERR  ] 2017-09-04T20:39:29.62310203Z: [    9.417859] CPU feature 'AVX registers' is not supported.
[STDERR  ] 2017-09-04T20:39:29.623118302Z: [    9.418236] CPU feature 'AVX registers' is not supported.
[STDOUT  ] 2017-09-04T20:39:29.623120259Z: [    0.000000] ACPI: LAPIC_NMI (acpi_id[0xff] dfl dfl lint[0x1])
[STDERR  ] 2017-09-04T20:39:29.623129631Z: [    9.418621] CPU feature 'AVX registers' is not supported.
[STDOUT  ] 2017-09-04T20:39:29.623131906Z: [    0.000000] IOAPIC[0]: apic_id 0, version 32, address 0xfec00000, GSI 0-23
[STDOUT  ] 2017-09-04T20:39:29.623143487Z: [    0.000000] ACPI: INT_SRC_OVR (bus 0 bus_irq 0 global_irq 2 dfl dfl)
[STDERR  ] 2017-09-04T20:39:29.623140794Z: [    9.418994] AVX2 or AES-NI instructions are not detected.
[STDERR  ] 2017-09-04T20:39:29.623151918Z: [    9.419366] AVX2 instructions are not detected.
[STDOUT  ] 2017-09-04T20:39:29.623154956Z: [    0.000000] ACPI: INT_SRC_OVR (bus 0 bus_irq 5 global_irq 5 high level)
[STDERR  ] 2017-09-04T20:39:29.623163286Z: [    9.425102] audit: initializing netlink subsys (disabled)
[STDOUT  ] 2017-09-04T20:39:29.623166474Z: [    0.000000] ACPI: INT_SRC_OVR (bus 0 bus_irq 9 global_irq 9 high level)
[STDERR  ] 2017-09-04T20:39:29.623174548Z: [    9.426755] audit: type=2000 audit(1504557532.420:1): initialized
[STDOUT  ] 2017-09-04T20:39:29.623177751Z: [    0.000000] ACPI: INT_SRC_OVR (bus 0 bus_irq 10 global_irq 10 high level)
[STDERR  ] 2017-09-04T20:39:29.623185944Z: [    9.437143] workingset: timestamp_bits=46 max_order=18 bucket_order=0
[STDOUT  ] 2017-09-04T20:39:29.623189033Z: [    0.000000] ACPI: INT_SRC_OVR (bus 0 bus_irq 11 global_irq 11 high level)
[STDOUT  ] 2017-09-04T20:39:29.623200658Z: [    0.000000] Using ACPI (MADT) for SMP configuration information
[STDERR  ] 2017-09-04T20:39:29.623201346Z: [    9.443564] FS-Cache: Netfs 'cifs' registered for caching
[STDOUT  ] 2017-09-04T20:39:29.623212338Z: [    0.000000] ACPI: HPET id: 0x8086a201 base: 0xfed00000
[STDERR  ] 2017-09-04T20:39:29.623213931Z: [    9.444470] fuse init (API version 7.26)
[STDERR  ] 2017-09-04T20:39:29.62322563Z: [    9.446575] SGI XFS with ACLs, security attributes, no debug enabled
[STDOUT  ] 2017-09-04T20:39:29.623223962Z: [    0.000000] smpboot: Allowing 1 CPUs, 0 hotplug CPUs
[STDERR  ] 2017-09-04T20:39:29.623237119Z: [    9.450450] 9p: Installing v9fs 9p2000 file system support
[STDOUT  ] 2017-09-04T20:39:29.62324355Z: [    0.000000] e820: [mem 0x40000000-0xafffffff] available for PCI devices
[STDERR  ] 2017-09-04T20:39:29.623254286Z: [    9.450919] FS-Cache: Netfs '9p' registered for caching
[STDOUT  ] 2017-09-04T20:39:29.623256036Z: [    0.000000] Booting paravirtualized kernel on bare hardware
[STDERR  ] 2017-09-04T20:39:29.623265798Z: [    9.484570] NET: Registered protocol family 38
[STDOUT  ] 2017-09-04T20:39:29.623267601Z: [    0.000000] clocksource: refined-jiffies: mask: 0xffffffff max_cycles: 0xffffffff, max_idle_ns: 19112604462750000 ns
[STDERR  ] 2017-09-04T20:39:29.623276705Z: [    9.485108] Key type asymmetric registered
[STDERR  ] 2017-09-04T20:39:29.62328776Z: [    9.485441] Asymmetric key parser 'x509' registered
[STDOUT  ] 2017-09-04T20:39:29.623284629Z: [    0.000000] setup_percpu: NR_CPUS:128 nr_cpumask_bits:128 nr_cpu_ids:1 nr_node_ids:1
[STDERR  ] 2017-09-04T20:39:29.623298446Z: [    9.486151] Block layer SCSI generic (bsg) driver version 0.4 loaded (major 251)
[STDOUT  ] 2017-09-04T20:39:29.623298514Z: [    0.000000] percpu: Embedded 35 pages/cpu @ffff9cfabc800000 s105240 r8192 d29928 u2097152
[STDERR  ] 2017-09-04T20:39:29.623309538Z: [    9.487375] io scheduler noop registered
[STDOUT  ] 2017-09-04T20:39:29.623310121Z: [    0.000000] Built 1 zonelists in Zone order, mobility grouping on.  Total pages: 257896
[STDERR  ] 2017-09-04T20:39:29.62332066Z: [    9.487693] io scheduler deadline registered (default)
[STDOUT  ] 2017-09-04T20:39:29.623322638Z: [    0.000000] Kernel command line: console=ttyS0
[STDERR  ] 2017-09-04T20:39:29.623331883Z: [    9.488252] io scheduler cfq registered
[STDOUT  ] 2017-09-04T20:39:29.623333958Z: [    0.000000] PID hash table entries: 4096 (order: 3, 32768 bytes)
[STDERR  ] 2017-09-04T20:39:29.623343304Z: [    9.492220] pci_hotplug: PCI Hot Plug PCI Core version: 0.5
[STDOUT  ] 2017-09-04T20:39:29.623347298Z: [    0.000000] Dentry cache hash table entries: 131072 (order: 8, 1048576 bytes)
[STDERR  ] 2017-09-04T20:39:29.623355523Z: [    9.492790] pciehp: PCI Express Hot Plug Controller Driver version: 0.4
[STDERR  ] 2017-09-04T20:39:29.623366228Z: [    9.493556] shpchp: Standard Hot Plug PCI Controller Driver version: 0.4
[STDERR  ] 2017-09-04T20:39:29.623376335Z: [    9.494341] hv_vmbus: registering driver hyperv_fb
[STDOUT  ] 2017-09-04T20:39:29.623358716Z: [    0.000000] Inode-cache hash table entries: 65536 (order: 7, 524288 bytes)
[STDERR  ] 2017-09-04T20:39:29.623398303Z: [    9.497364] input: Power Button as /devices/LNXSYSTM:00/LNXPWRBN:00/input/input0
[STDOUT  ] 2017-09-04T20:39:29.623410584Z: [    0.000000] Memory: 960824K/1048052K available (8028K kernel code, 1366K rwdata, 2696K rodata, 1380K init, 568K bss, 87228K reserved, 0K cma-reserved)
[STDERR  ] 2017-09-04T20:39:29.623410451Z: [    9.498397] ACPI: Power Button [PWRF]
[STDOUT  ] 2017-09-04T20:39:29.623428787Z: [    0.000000] Hierarchical RCU implementation.
[STDERR  ] 2017-09-04T20:39:29.623428392Z: [    9.503479] GHES: HEST is not enabled!
[STDOUT  ] 2017-09-04T20:39:29.623441778Z: [    0.000000] 	Build-time adjustment of leaf fanout to 64.
[STDERR  ] 2017-09-04T20:39:29.623445418Z: [    9.514663] ACPI: PCI Interrupt Link [GSIG] enabled at IRQ 22
[STDOUT  ] 2017-09-04T20:39:29.623453422Z: [    0.000000] 	RCU restricting CPUs from NR_CPUS=128 to nr_cpu_ids=1.
[STDERR  ] 2017-09-04T20:39:29.623456828Z: [    9.527009] ACPI: PCI Interrupt Link [GSIH] enabled at IRQ 23
[STDOUT  ] 2017-09-04T20:39:29.623470531Z: [    0.000000] RCU: Adjusting geometry for rcu_fanout_leaf=64, nr_cpu_ids=1
[STDERR  ] 2017-09-04T20:39:29.623472452Z: [    9.531011] xenfs: not registering filesystem on non-xen platform
[STDOUT  ] 2017-09-04T20:39:29.623481822Z: [    0.000000] NR_IRQS:8448 nr_irqs:256 16
[STDERR  ] 2017-09-04T20:39:29.623483614Z: [    9.532939] Serial: 8250/16550 driver, 4 ports, IRQ sharing disabled
[STDOUT  ] 2017-09-04T20:39:29.623493Z: [    0.000000] Console: colour VGA+ 80x25
[STDERR  ] 2017-09-04T20:39:29.623499125Z: [    9.560886] 00:04: ttyS0 at I/O 0x3f8 (irq = 4, base_baud = 115200) is a 16550A
[STDOUT  ] 2017-09-04T20:39:29.623507246Z: [    0.000000] console [ttyS0] enabled
[STDERR  ] 2017-09-04T20:39:29.623515421Z: [    9.571279] Non-volatile memory driver v1.3
[STDOUT  ] 2017-09-04T20:39:29.623518723Z: [    0.000000] clocksource: hpet: mask: 0xffffffff max_cycles: 0xffffffff, max_idle_ns: 19112604467 ns
[STDERR  ] 2017-09-04T20:39:29.623526498Z: [    9.577081] Hangcheck: starting hangcheck timer 0.9.1 (tick is 180 seconds, margin is 60 seconds).
[STDOUT  ] 2017-09-04T20:39:29.623532008Z: [    0.000000] tsc: Fast TSC calibration using PIT
[STDERR  ] 2017-09-04T20:39:29.623538055Z: [    9.580574] random: fast init done
[STDOUT  ] 2017-09-04T20:39:29.623543005Z: [    0.000000] tsc: Detected 2300.105 MHz processor
[STDERR  ] 2017-09-04T20:39:29.62354913Z: [    9.582103] random: crng init done
[STDOUT  ] 2017-09-04T20:39:29.623556966Z: [    0.021354] Calibrating delay loop (skipped), value calculated using timer frequency.. 4600.21 BogoMIPS (lpj=23001050)
[STDERR  ] 2017-09-04T20:39:29.623560086Z: [    9.617711] loop: module loaded
[STDOUT  ] 2017-09-04T20:39:29.623568895Z: [    0.022361] pid_max: default: 32768 minimum: 301
[STDERR  ] 2017-09-04T20:39:29.623575789Z: [    9.632194] nbd: registered device at major 43
[STDOUT  ] 2017-09-04T20:39:29.623580085Z: [    0.023221] ACPI: Core revision 20160831
[STDERR  ] 2017-09-04T20:39:29.623588Z: [    9.674253] lpc_ich 0000:00:1f.0: I/O space for GPIO uninitialized
[STDOUT  ] 2017-09-04T20:39:29.623591385Z: [    0.072963] ACPI: 1 ACPI AML tables successfully acquired and loaded
[STDOUT  ] 2017-09-04T20:39:29.623602815Z: [    0.076153] Security Framework initialized
[STDERR  ] 2017-09-04T20:39:29.623599707Z: [    9.675879] VMware PVSCSI driver - version 1.0.7.0-k
[STDOUT  ] 2017-09-04T20:39:29.623614326Z: [    0.076578] Yama: becoming mindful.
[STDERR  ] 2017-09-04T20:39:29.623610891Z: [    9.676569] hv_vmbus: registering driver hv_storvsc
[STDOUT  ] 2017-09-04T20:39:29.623625644Z: [    0.078491] Mount-cache hash table entries: 2048 (order: 2, 16384 bytes)
[STDERR  ] 2017-09-04T20:39:29.623627503Z: [    9.686548] ACPI: PCI Interrupt Link [GSIA] enabled at IRQ 16
[STDOUT  ] 2017-09-04T20:39:29.623641862Z: [    0.079010] Mountpoint-cache hash table entries: 2048 (order: 2, 16384 bytes)
[STDERR  ] 2017-09-04T20:39:29.62363894Z: [    9.693204] ahci 0000:00:1f.2: AHCI 0001.0000 32 slots 6 ports 1.5 Gbps 0x3f impl SATA mode
[STDERR  ] 2017-09-04T20:39:29.623652135Z: [    9.693856] ahci 0000:00:1f.2: flags: 64bit ncq only 
[STDOUT  ] 2017-09-04T20:39:29.623653036Z: [    0.098822] Last level iTLB entries: 4KB 0, 2MB 0, 4MB 0
[STDERR  ] 2017-09-04T20:39:29.623663309Z: [    9.714177] scsi host0: ahci
[STDOUT  ] 2017-09-04T20:39:29.623664363Z: [    0.099245] Last level dTLB entries: 4KB 0, 2MB 0, 4MB 0, 1GB 0
[STDERR  ] 2017-09-04T20:39:29.623674703Z: [    9.717725] scsi host1: ahci
[STDOUT  ] 2017-09-04T20:39:29.623676665Z: [    0.401366] Freeing SMP alternatives memory: 20K
[STDERR  ] 2017-09-04T20:39:29.62368598Z: [    9.719892] scsi host2: ahci
[STDOUT  ] 2017-09-04T20:39:29.623688018Z: [    0.409751] ftrace: allocating 35486 entries in 139 pages
[STDERR  ] 2017-09-04T20:39:29.623697125Z: [    9.722272] scsi host3: ahci
[STDOUT  ] 2017-09-04T20:39:29.623699383Z: [    0.571475] smpboot: Max logical packages: 1
[STDOUT  ] 2017-09-04T20:39:29.623710695Z: [    0.576670] ..TIMER: vector=0x30 apic1=0 pin1=2 apic2=-1 pin2=-1
[STDERR  ] 2017-09-04T20:39:29.623715262Z: [    9.724551] scsi host4: ahci
[STDERR  ] 2017-09-04T20:39:29.623726398Z: [    9.726713] scsi host5: ahci
[STDOUT  ] 2017-09-04T20:39:29.623722332Z: [    0.680000] smpboot: CPU0: AMD QEMU Virtual CPU version 2.5+ (family: 0x6, model: 0x6, stepping: 0x3)
[STDOUT  ] 2017-09-04T20:39:29.623734422Z: [    0.680000] Performance Events: PMU not available due to virtualization, using software events only.
[STDOUT  ] 2017-09-04T20:39:29.623746761Z: [    0.687081] NMI watchdog: disabled (cpu0): hardware events not enabled
[STDERR  ] 2017-09-04T20:39:29.62374325Z: [    9.728490] ata1: SATA max UDMA/133 abar m4096@0xfebd2000 port 0xfebd2100 irq 24
[STDOUT  ] 2017-09-04T20:39:29.623762341Z: [    0.687533] NMI watchdog: Shutting down hard lockup detector on all cpus
[STDERR  ] 2017-09-04T20:39:29.623762739Z: [    9.729018] ata2: SATA max UDMA/133 abar m4096@0xfebd2000 port 0xfebd2180 irq 24
[STDOUT  ] 2017-09-04T20:39:29.623773971Z: [    0.690449] x86: Booted up 1 node, 1 CPUs
[STDERR  ] 2017-09-04T20:39:29.623775736Z: [    9.729505] ata3: SATA max UDMA/133 abar m4096@0xfebd2000 port 0xfebd2200 irq 24
[STDOUT  ] 2017-09-04T20:39:29.623785322Z: [    0.690806] smpboot: Total of 1 processors activated (4600.21 BogoMIPS)
[STDERR  ] 2017-09-04T20:39:29.623787202Z: [    9.730045] ata4: SATA max UDMA/133 abar m4096@0xfebd2000 port 0xfebd2280 irq 24
[STDOUT  ] 2017-09-04T20:39:29.623796565Z: [    0.704824] devtmpfs: initialized
[STDERR  ] 2017-09-04T20:39:29.623798539Z: [    9.730733] ata5: SATA max UDMA/133 abar m4096@0xfebd2000 port 0xfebd2300 irq 24
[STDOUT  ] 2017-09-04T20:39:29.623808289Z: [    0.709461] x86/mm: Memory block size: 128MB
[STDERR  ] 2017-09-04T20:39:29.623809443Z: [    9.731244] ata6: SATA max UDMA/133 abar m4096@0xfebd2000 port 0xfebd2380 irq 24
[STDOUT  ] 2017-09-04T20:39:29.623819803Z: [    0.775103] clocksource: jiffies: mask: 0xffffffff max_cycles: 0xffffffff, max_idle_ns: 19112604462750000 ns
[STDERR  ] 2017-09-04T20:39:29.623821579Z: [    9.744417] tun: Universal TUN/TAP device driver, 1.6
[STDERR  ] 2017-09-04T20:39:29.623833509Z: [    9.744779] tun: (C) 1999-2004 Max Krasnyansky <maxk@qualcomm.com>
[STDOUT  ] 2017-09-04T20:39:29.623831907Z: [    0.775975] futex hash table entries: 256 (order: 2, 16384 bytes)
[STDOUT  ] 2017-09-04T20:39:29.623843158Z: [    0.784314] NET: Registered protocol family 16
[STDERR  ] 2017-09-04T20:39:29.623844846Z: [    9.755066] VMware vmxnet3 virtual NIC driver - version 1.4.a.0-k-NAPI
[STDOUT  ] 2017-09-04T20:39:29.623854394Z: [    0.793718] cpuidle: using governor ladder
[STDERR  ] 2017-09-04T20:39:29.623855947Z: [    9.755880] hv_vmbus: registering driver hv_netvsc
[STDOUT  ] 2017-09-04T20:39:29.623865831Z: [    0.794140] cpuidle: using governor menu
[STDERR  ] 2017-09-04T20:39:29.623867595Z: [    9.756227] Fusion MPT base driver 3.04.20
[STDOUT  ] 2017-09-04T20:39:29.623877197Z: [    0.795176] ACPI: bus type PCI registered
[STDERR  ] 2017-09-04T20:39:29.623878928Z: [    9.756500] Copyright (c) 1999-2008 LSI Corporation
[STDERR  ] 2017-09-04T20:39:29.62389008Z: [    9.757030] Fusion MPT SPI Host driver 3.04.20
[STDOUT  ] 2017-09-04T20:39:29.623888334Z: [    0.797931] PCI: MMCONFIG for domain 0000 [bus 00-ff] at [mem 0xb0000000-0xbfffffff] (base 0xb0000000)
[STDOUT  ] 2017-09-04T20:39:29.62390005Z: [    0.798680] PCI: MMCONFIG at [mem 0xb0000000-0xbfffffff] reserved in E820
[STDERR  ] 2017-09-04T20:39:29.623901032Z: [    9.758960] i8042: PNP: PS/2 Controller [PNP0303:KBD,PNP0f13:MOU] at 0x60,0x64 irq 1,12
[STDERR  ] 2017-09-04T20:39:29.623913591Z: [    9.763109] serio: i8042 KBD port at 0x60,0x64 irq 1
[STDOUT  ] 2017-09-04T20:39:29.623911224Z: [    0.800067] PCI: Using configuration type 1 for base access
[STDOUT  ] 2017-09-04T20:39:29.623922592Z: [    0.856177] HugeTLB registered 2 MB page size, pre-allocated 0 pages
[STDERR  ] 2017-09-04T20:39:29.623924806Z: [    9.763683] serio: i8042 AUX port at 0x60,0x64 irq 12
[STDOUT  ] 2017-09-04T20:39:29.623933733Z: [    0.866362] ACPI: Added _OSI(Module Device)
[STDERR  ] 2017-09-04T20:39:29.623940184Z: [    9.766601] hv_vmbus: registering driver hyperv_keyboard
[STDOUT  ] 2017-09-04T20:39:29.62394508Z: [    0.866683] ACPI: Added _OSI(Processor Device)
[STDERR  ] 2017-09-04T20:39:29.623951285Z: [    9.768564] mousedev: PS/2 mouse device common for all mice
[STDOUT  ] 2017-09-04T20:39:29.623961599Z: [    0.866979] ACPI: Added _OSI(3.0 _SCP Extensions)
[STDERR  ] 2017-09-04T20:39:29.623962671Z: [    9.773430] input: AT Translated Set 2 keyboard as /devices/platform/i8042/serio0/input/input1
[STDOUT  ] 2017-09-04T20:39:29.623972941Z: [    0.867285] ACPI: Added _OSI(Processor Aggregator Device)
[STDERR  ] 2017-09-04T20:39:29.623978119Z: [    9.776216] input: PC Speaker as /devices/platform/pcspkr/input/input2
[STDOUT  ] 2017-09-04T20:39:29.623984398Z: [    0.938714] ACPI: Interpreter enabled
[STDERR  ] 2017-09-04T20:39:29.623989352Z: [    9.779551] rtc_cmos 00:00: RTC can wake from S4
[STDOUT  ] 2017-09-04T20:39:29.623995505Z: [    0.940183] ACPI: (supports S0 S5)
[STDERR  ] 2017-09-04T20:39:29.624000679Z: [    9.782998] rtc_cmos 00:00: rtc core: registered rtc_cmos as rtc0
[STDOUT  ] 2017-09-04T20:39:29.62400644Z: [    0.940475] ACPI: Using IOAPIC for interrupt routing
[STDERR  ] 2017-09-04T20:39:29.624014383Z: [    9.784153] rtc_cmos 00:00: alarms up to one day, y3k, 114 bytes nvram, hpet irqs
[STDOUT  ] 2017-09-04T20:39:29.624017501Z: [    0.942242] PCI: Using host bridge windows from ACPI; if necessary, use "pci=nocrs" and report a bug
[STDERR  ] 2017-09-04T20:39:29.624025529Z: [    9.784825] i2c /dev entries driver
[STDOUT  ] 2017-09-04T20:39:29.624029151Z: [    1.004735] ACPI: PCI Root Bridge [PCI0] (domain 0000 [bus 00-ff])
[STDERR  ] 2017-09-04T20:39:29.624036638Z: [    9.786530] device-mapper: ioctl: 4.35.0-ioctl (2016-06-23) initialised: dm-devel@redhat.com
[STDERR  ] 2017-09-04T20:39:29.624048758Z: [    9.791279] usbcore: registered new interface driver usbhid
[STDOUT  ] 2017-09-04T20:39:29.624040498Z: [    1.005662] acpi PNP0A08:00: _OSC: OS supports [ExtendedConfig ASPM ClockPM Segments MSI]
[STDOUT  ] 2017-09-04T20:39:29.624056978Z: [    1.011287] acpi PNP0A08:00: _OSC: OS now controls [PCIeHotplug PME PCIeCapability]
[STDERR  ] 2017-09-04T20:39:29.624060439Z: [    9.791726] usbhid: USB HID core driver
[STDOUT  ] 2017-09-04T20:39:29.624069034Z: [    1.014812] PCI host bridge to bus 0000:00
[STDERR  ] 2017-09-04T20:39:29.624076656Z: [    9.792255] hv_utils: Registering HyperV Utility Driver
[STDOUT  ] 2017-09-04T20:39:29.624080344Z: [    1.015230] pci_bus 0000:00: root bus resource [io  0x0000-0x0cf7 window]
[STDERR  ] 2017-09-04T20:39:29.624087836Z: [    9.792605] hv_vmbus: registering driver hv_util
[STDOUT  ] 2017-09-04T20:39:29.62409178Z: [    1.015688] pci_bus 0000:00: root bus resource [io  0x0d00-0xffff window]
[STDOUT  ] 2017-09-04T20:39:29.624103033Z: [    1.016189] pci_bus 0000:00: root bus resource [mem 0x000a0000-0x000bffff window]
[STDERR  ] 2017-09-04T20:39:29.624099878Z: [    9.792908] hv_vmbus: registering driver hv_balloon
[STDERR  ] 2017-09-04T20:39:29.624111153Z: [    9.793377] oprofile: using NMI interrupt.
[STDOUT  ] 2017-09-04T20:39:29.624117794Z: [    1.016665] pci_bus 0000:00: root bus resource [mem 0xc0000000-0xfebfffff window]
[STDERR  ] 2017-09-04T20:39:29.624122346Z: [    9.794309] GACT probability on
[STDOUT  ] 2017-09-04T20:39:29.624129295Z: [    1.017259] pci_bus 0000:00: root bus resource [bus 00-ff]
[STDERR  ] 2017-09-04T20:39:29.624133466Z: [    9.794737] Mirror/redirect action on
[STDOUT  ] 2017-09-04T20:39:29.624140475Z: [    1.122347] pci 0000:00:1f.0: quirk: [io  0x0600-0x067f] claimed by ICH6 ACPI/GPIO/TCO
[STDERR  ] 2017-09-04T20:39:29.624144813Z: [    9.795512] Simple TC action Loaded
[STDOUT  ] 2017-09-04T20:39:29.624153025Z: [    1.181980] ACPI: PCI Interrupt Link [LNKA] (IRQs 5 *10 11)
[STDERR  ] 2017-09-04T20:39:29.624156158Z: [    9.796019] u32 classifier
[STDOUT  ] 2017-09-04T20:39:29.624164307Z: [    1.183887] ACPI: PCI Interrupt Link [LNKB] (IRQs 5 *10 11)
[STDERR  ] 2017-09-04T20:39:29.624167366Z: [    9.796215]     Performance counters on
[STDOUT  ] 2017-09-04T20:39:29.624179738Z: [    1.185523] ACPI: PCI Interrupt Link [LNKC] (IRQs 5 10 *11)
[STDERR  ] 2017-09-04T20:39:29.624182664Z: [    9.796467]     input device check on
[STDOUT  ] 2017-09-04T20:39:29.624191113Z: [    1.187188] ACPI: PCI Interrupt Link [LNKD] (IRQs 5 10 *11)
[STDERR  ] 2017-09-04T20:39:29.624193961Z: [    9.796707]     Actions configured
[STDERR  ] 2017-09-04T20:39:29.624205188Z: [    9.797207] Netfilter messages via NETLINK v0.30.
[STDOUT  ] 2017-09-04T20:39:29.624202614Z: [    1.188814] ACPI: PCI Interrupt Link [LNKE] (IRQs 5 *10 11)
[STDERR  ] 2017-09-04T20:39:29.624220304Z: [    9.797737] nfnl_acct: registering with nfnetlink.
[STDOUT  ] 2017-09-04T20:39:29.624223317Z: [    1.190610] ACPI: PCI Interrupt Link [LNKF] (IRQs 5 *10 11)
[STDERR  ] 2017-09-04T20:39:29.624232024Z: [    9.798954] nf_conntrack version 0.5.0 (8192 buckets, 32768 max)
[STDOUT  ] 2017-09-04T20:39:29.624234672Z: [    1.192275] ACPI: PCI Interrupt Link [LNKG] (IRQs 5 10 *11)
[STDERR  ] 2017-09-04T20:39:29.62424329Z: [    9.802310] ctnetlink v0.93: registering with nfnetlink.
[STDOUT  ] 2017-09-04T20:39:29.624246047Z: [    1.194040] ACPI: PCI Interrupt Link [LNKH] (IRQs 5 10 *11)
[STDERR  ] 2017-09-04T20:39:29.624254732Z: [    9.805288] nf_tables: (c) 2007-2009 Patrick McHardy <kaber@trash.net>
[STDOUT  ] 2017-09-04T20:39:29.624257393Z: [    1.194835] ACPI: PCI Interrupt Link [GSIA] (IRQs *16)
[STDOUT  ] 2017-09-04T20:39:29.624268707Z: [    1.195436] ACPI: PCI Interrupt Link [GSIB] (IRQs *17)
[STDERR  ] 2017-09-04T20:39:29.62426607Z: [    9.806075] nf_tables_compat: (c) 2012 Pablo Neira Ayuso <pablo@netfilter.org>
[STDOUT  ] 2017-09-04T20:39:29.624280257Z: [    1.196079] ACPI: PCI Interrupt Link [GSIC] (IRQs *18)
[STDERR  ] 2017-09-04T20:39:29.624277372Z: [    9.808423] xt_time: kernel timezone is -0000
[STDERR  ] 2017-09-04T20:39:29.624291343Z: [    9.808935] ip_set: protocol 6
[STDOUT  ] 2017-09-04T20:39:29.624294436Z: [    1.196673] ACPI: PCI Interrupt Link [GSID] (IRQs *19)
[STDERR  ] 2017-09-04T20:39:29.624302927Z: [    9.809517] IPVS: Registered protocols (TCP, UDP, SCTP, AH, ESP)
[STDOUT  ] 2017-09-04T20:39:29.624305801Z: [    1.197265] ACPI: PCI Interrupt Link [GSIE] (IRQs *20)
[STDERR  ] 2017-09-04T20:39:29.624314387Z: [    9.810056] IPVS: Connection hash table configured (size=4096, memory=64Kbytes)
[STDOUT  ] 2017-09-04T20:39:29.62431703Z: [    1.197855] ACPI: PCI Interrupt Link [GSIF] (IRQs *21)
[STDOUT  ] 2017-09-04T20:39:29.624327928Z: [    1.198443] ACPI: PCI Interrupt Link [GSIG] (IRQs *22)
[STDOUT  ] 2017-09-04T20:39:29.624339004Z: [    1.199035] ACPI: PCI Interrupt Link [GSIH] (IRQs *23)
[STDERR  ] 2017-09-04T20:39:29.624333891Z: [    9.812052] IPVS: Creating netns size=2104 id=0
[STDOUT  ] 2017-09-04T20:39:29.624350286Z: [    1.202650] ACPI: Enabled 2 GPEs in block 00 to 3F
[STDERR  ] 2017-09-04T20:39:29.624352218Z: [    9.814551] IPVS: ipvs loaded.
[STDERR  ] 2017-09-04T20:39:29.624363837Z: [    9.814876] IPVS: [rr] scheduler registered.
[STDOUT  ] 2017-09-04T20:39:29.624361999Z: [    1.206852] SCSI subsystem initialized
[STDERR  ] 2017-09-04T20:39:29.624375065Z: [    9.815237] IPVS: [wrr] scheduler registered.
[STDOUT  ] 2017-09-04T20:39:29.624373286Z: [    1.208593] ACPI: bus type USB registered
[STDOUT  ] 2017-09-04T20:39:29.624384605Z: [    1.209669] usbcore: registered new interface driver usbfs
[STDERR  ] 2017-09-04T20:39:29.624386205Z: [    9.815533] IPVS: [lc] scheduler registered.
[STDERR  ] 2017-09-04T20:39:29.624397701Z: [    9.815816] IPVS: [wlc] scheduler registered.
[STDOUT  ] 2017-09-04T20:39:29.624400139Z: [    1.210610] usbcore: registered new interface driver hub
[STDERR  ] 2017-09-04T20:39:29.624410909Z: [    9.816106] IPVS: [fo] scheduler registered.
[STDOUT  ] 2017-09-04T20:39:29.624411685Z: [    1.211381] usbcore: registered new device driver usb
[STDOUT  ] 2017-09-04T20:39:29.624428742Z: [    1.212521] pps_core: LinuxPPS API ver. 1 registered
[STDERR  ] 2017-09-04T20:39:29.624422551Z: [    9.816388] IPVS: [ovf] scheduler registered.
[STDERR  ] 2017-09-04T20:39:29.624438191Z: [    9.816775] IPVS: [lblc] scheduler registered.
[STDOUT  ] 2017-09-04T20:39:29.624440413Z: [    1.212861] pps_core: Software ver. 5.3.6 - Copyright 2005-2007 Rodolfo Giometti <giometti@linux.it>
[STDERR  ] 2017-09-04T20:39:29.624449416Z: [    9.817165] IPVS: [lblcr] scheduler registered.
[STDOUT  ] 2017-09-04T20:39:29.62445694Z: [    1.213565] PTP clock support registered
[STDERR  ] 2017-09-04T20:39:29.624460718Z: [    9.817483] IPVS: [dh] scheduler registered.
[STDOUT  ] 2017-09-04T20:39:29.624468863Z: [    1.214677] wmi: Mapper loaded
[STDERR  ] 2017-09-04T20:39:29.624476522Z: [    9.817779] IPVS: [sh] scheduler registered.
[STDERR  ] 2017-09-04T20:39:29.624488095Z: [    9.818066] IPVS: [sed] scheduler registered.
[STDOUT  ] 2017-09-04T20:39:29.624485098Z: [    1.215694] PCI: Using ACPI for IRQ routing
[STDOUT  ] 2017-09-04T20:39:29.624496384Z: [    1.234020] NetLabel: Initializing
[STDERR  ] 2017-09-04T20:39:29.62449944Z: [    9.818354] IPVS: [nq] scheduler registered.
[STDOUT  ] 2017-09-04T20:39:29.62450785Z: [    1.234282] NetLabel:  domain hash size = 128
[STDERR  ] 2017-09-04T20:39:29.62451076Z: [    9.818982] IPVS: ftp: loaded support on port[0] = 21
[STDOUT  ] 2017-09-04T20:39:29.624518955Z: [    1.234574] NetLabel:  protocols = UNLABELED CIPSOv4
[STDERR  ] 2017-09-04T20:39:29.624527564Z: [    9.819801] ipip: IPv4 and MPLS over IPv4 tunneling driver
[STDERR  ] 2017-09-04T20:39:29.624538899Z: [    9.824148] gre: GRE over IPv4 demultiplexor driver
[STDOUT  ] 2017-09-04T20:39:29.624530551Z: [    1.236416] NetLabel:  unlabeled traffic allowed by default
[STDOUT  ] 2017-09-04T20:39:29.624547114Z: [    1.237281] HPET: 3 timers in total, 0 timers will be used for per-cpu timer
[STDERR  ] 2017-09-04T20:39:29.624550387Z: [    9.826893] ip_tables: (C) 2000-2006 Netfilter Core Team
[STDOUT  ] 2017-09-04T20:39:29.62455842Z: [    1.237996] hpet0: at MMIO 0xfed00000, IRQs 2, 8, 0
[STDERR  ] 2017-09-04T20:39:29.624561935Z: [    9.829929] ipt_CLUSTERIP: ClusterIP Version 0.8 loaded successfully
[STDERR  ] 2017-09-04T20:39:29.624573194Z: [    9.830927] arp_tables: arp_tables: (C) 2002 David S. Miller
[STDOUT  ] 2017-09-04T20:39:29.62456957Z: [    1.238444] hpet0: 3 comparators, 64-bit 100.000000 MHz counter
[STDOUT  ] 2017-09-04T20:39:29.62458124Z: [    1.244531] clocksource: Switched to clocksource hpet
[STDERR  ] 2017-09-04T20:39:29.624584556Z: [    9.833206] NET: Registered protocol family 10
[STDERR  ] 2017-09-04T20:39:29.624595687Z: [    9.842528] ip6_tables: (C) 2000-2006 Netfilter Core Team
[STDOUT  ] 2017-09-04T20:39:29.624592637Z: [    1.498544] VFS: Disk quotas dquot_6.6.0
[STDOUT  ] 2017-09-04T20:39:29.624604048Z: [    1.499187] VFS: Dquot-cache hash table entries: 512 (order 0, 4096 bytes)
[STDERR  ] 2017-09-04T20:39:29.624609892Z: [    9.850678] NET: Registered protocol family 17
[STDOUT  ] 2017-09-04T20:39:29.62461567Z: [    1.502001] FS-Cache: Loaded
[STDERR  ] 2017-09-04T20:39:29.624621249Z: [    9.851696] Bridge firewalling registered
[STDOUT  ] 2017-09-04T20:39:29.624626845Z: [    1.506732] CacheFiles: Loaded
[STDERR  ] 2017-09-04T20:39:29.62463246Z: [    9.852190] Ebtables v2.0 registered
[STDOUT  ] 2017-09-04T20:39:29.624637802Z: [    1.508282] pnp: PnP ACPI init
[STDERR  ] 2017-09-04T20:39:29.624643854Z: [    9.854022] 8021q: 802.1Q VLAN Support v1.8
[STDOUT  ] 2017-09-04T20:39:29.624648993Z: [    1.519447] pnp: PnP ACPI: found 5 devices
[STDERR  ] 2017-09-04T20:39:29.624654914Z: [    9.855397] 9pnet: Installing 9P2000 support
[STDOUT  ] 2017-09-04T20:39:29.624659979Z: [    1.568933] clocksource: acpi_pm: mask: 0xffffff max_cycles: 0xffffff, max_idle_ns: 2085701024 ns
[STDERR  ] 2017-09-04T20:39:29.624666101Z: [    9.856780] Key type dns_resolver registered
[STDOUT  ] 2017-09-04T20:39:29.624674058Z: [    1.571815] NET: Registered protocol family 2
[STDERR  ] 2017-09-04T20:39:29.624677048Z: [    9.857598] microcode: AMD CPU family 0x6 not supported
[STDOUT  ] 2017-09-04T20:39:29.624689991Z: [    1.578684] TCP established hash table entries: 8192 (order: 4, 65536 bytes)
[STDERR  ] 2017-09-04T20:39:29.624688552Z: [    9.861365] registered taskstats version 1
[STDOUT  ] 2017-09-04T20:39:29.624706065Z: [    1.579395] TCP bind hash table entries: 8192 (order: 5, 131072 bytes)
[STDERR  ] 2017-09-04T20:39:29.624709346Z: [   10.013650] Key type big_key registered
[STDERR  ] 2017-09-04T20:39:29.624720865Z: [   10.063892] ata2: SATA link down (SStatus 0 SControl 300)
[STDOUT  ] 2017-09-04T20:39:29.62471767Z: [    1.580056] TCP: Hash tables configured (established 8192 bind 8192)
[STDERR  ] 2017-09-04T20:39:29.624732091Z: [   10.065828] ata1: SATA link down (SStatus 0 SControl 300)
[STDOUT  ] 2017-09-04T20:39:29.624737527Z: [    1.582177] UDP hash table entries: 512 (order: 2, 16384 bytes)
[STDERR  ] 2017-09-04T20:39:29.624743308Z: [   10.070546] Key type encrypted registered
[STDOUT  ] 2017-09-04T20:39:29.62474891Z: [    1.582717] UDP-Lite hash table entries: 512 (order: 2, 16384 bytes)
[STDERR  ] 2017-09-04T20:39:29.624760568Z: [   10.071874] ata6: SATA link down (SStatus 0 SControl 300)
[STDOUT  ] 2017-09-04T20:39:29.624762486Z: [    1.585061] NET: Registered protocol family 1
[STDERR  ] 2017-09-04T20:39:29.624771843Z: [   10.072431] ata5: SATA link down (SStatus 0 SControl 300)
[STDOUT  ] 2017-09-04T20:39:29.624774203Z: [    1.585962] pci 0000:00:01.0: Video device with shadowed ROM at [mem 0x000c0000-0x000dffff]
[STDERR  ] 2017-09-04T20:39:29.624783773Z: [   10.072952] ata4: SATA link down (SStatus 0 SControl 300)
[STDOUT  ] 2017-09-04T20:39:29.62478732Z: [    1.594221] Unpacking initramfs...
[STDERR  ] 2017-09-04T20:39:29.624795282Z: [   10.073683] ata3: SATA link up 1.5 Gbps (SStatus 113 SControl 300)
[STDOUT  ] 2017-09-04T20:39:29.62479861Z: [    9.393315] Freeing initrd memory: 53348K
[STDERR  ] 2017-09-04T20:39:29.624806665Z: [   10.077033] ata3.00: ATAPI: QEMU DVD-ROM, 2.5+, max UDMA/100
[STDOUT  ] 2017-09-04T20:39:29.624809873Z: [    9.415977] PCLMULQDQ-NI instructions are not detected.
[STDERR  ] 2017-09-04T20:39:29.6248179Z: [   10.077501] ata3.00: applying bridge limits
[STDOUT  ] 2017-09-04T20:39:29.624821326Z: [    9.417051] AVX or AES-NI instructions are not detected.
[STDERR  ] 2017-09-04T20:39:29.62482928Z: [   10.079101] ata3.00: configured for UDMA/100
[STDOUT  ] 2017-09-04T20:39:29.624832595Z: [    9.417473] CPU feature 'AVX registers' is not supported.
[STDERR  ] 2017-09-04T20:39:29.624840586Z: [   10.085463] rtc_cmos 00:00: setting system clock to 2017-09-04 20:38:53 UTC (1504557533)
[STDOUT  ] 2017-09-04T20:39:29.62484369Z: [    9.417859] CPU feature 'AVX registers' is not supported.
[STDOUT  ] 2017-09-04T20:39:29.624855262Z: [    9.418236] CPU feature 'AVX registers' is not supported.
[STDERR  ] 2017-09-04T20:39:29.624852789Z: [   10.099180] scsi 2:0:0:0: CD-ROM            QEMU     QEMU DVD-ROM     2.5+ PQ: 0 ANSI: 5
[STDOUT  ] 2017-09-04T20:39:29.624866499Z: [    9.418621] CPU feature 'AVX registers' is not supported.
[STDERR  ] 2017-09-04T20:39:29.624864406Z: [   10.122699] sr 2:0:0:0: [sr0] scsi3-mmc drive: 4x/4x cd/rw xa/form2 tray
[STDOUT  ] 2017-09-04T20:39:29.624878094Z: [    9.418994] AVX2 or AES-NI instructions are not detected.
[STDERR  ] 2017-09-04T20:39:29.624880875Z: [   10.123304] cdrom: Uniform CD-ROM driver Revision: 3.20
[STDERR  ] 2017-09-04T20:39:29.624892264Z: [   10.129169] sr 2:0:0:0: Attached scsi generic sg0 type 5
[STDOUT  ] 2017-09-04T20:39:29.624889542Z: [    9.419366] AVX2 instructions are not detected.
[STDERR  ] 2017-09-04T20:39:29.624903672Z: [   10.270507] Freeing unused kernel memory: 1380K
[STDOUT  ] 2017-09-04T20:39:29.624900791Z: [    9.425102] audit: initializing netlink subsys (disabled)
[STDOUT  ] 2017-09-04T20:39:29.624912147Z: [    9.426755] audit: type=2000 audit(1504557532.420:1): initialized
[STDERR  ] 2017-09-04T20:39:29.624915Z: [   10.270908] Write protecting the kernel read-only data: 12288k
[STDOUT  ] 2017-09-04T20:39:29.624923644Z: [    9.437143] workingset: timestamp_bits=46 max_order=18 bucket_order=0
[STDERR  ] 2017-09-04T20:39:29.624926423Z: [   10.276713] Freeing unused kernel memory: 148K
[STDOUT  ] 2017-09-04T20:39:29.624934763Z: [    9.443564] FS-Cache: Netfs 'cifs' registered for caching
[STDERR  ] 2017-09-04T20:39:29.624941367Z: [   10.395554] Freeing unused kernel memory: 1400K
[STDOUT  ] 2017-09-04T20:39:29.624949138Z: [    9.444470] fuse init (API version 7.26)
[STDERR  ] 2017-09-04T20:39:29.62495288Z: [   10.401078] tsc: Refined TSC clocksource calibration: 2300.034 MHz
[STDOUT  ] 2017-09-04T20:39:29.624960491Z: [    9.446575] SGI XFS with ACLs, security attributes, no debug enabled
[STDERR  ] 2017-09-04T20:39:29.624964359Z: [   10.401594] clocksource: tsc: mask: 0xffffffffffffffff max_cycles: 0x21275555d72, max_idle_ns: 440795292657 ns
[STDOUT  ] 2017-09-04T20:39:29.624971695Z: [    9.450450] 9p: Installing v9fs 9p2000 file system support
[STDERR  ] 2017-09-04T20:39:29.624979322Z: [   11.420873] clocksource: Switched to clocksource tsc
[STDOUT  ] 2017-09-04T20:39:29.624983178Z: [    9.450919] FS-Cache: Netfs '9p' registered for caching
[STDERR  ] 2017-09-04T20:39:29.624990394Z: 
[STDOUT  ] 2017-09-04T20:39:29.624994681Z: [    9.484570] NET: Registered protocol family 38
[STDERR  ] 2017-09-04T20:39:29.625002013Z: Welcome to LinuxKit
[STDERR  ] 2017-09-04T20:39:29.625013071Z: 
[STDOUT  ] 2017-09-04T20:39:29.625006059Z: [    9.485108] Key type asymmetric registered
[STDOUT  ] 2017-09-04T20:39:29.625021914Z: [    9.485441] Asymmetric key parser 'x509' registered
[STDERR  ] 2017-09-04T20:39:29.625024911Z:                         ##         .
[STDOUT  ] 2017-09-04T20:39:29.625033169Z: [    9.486151] Block layer SCSI generic (bsg) driver version 0.4 loaded (major 251)
[STDERR  ] 2017-09-04T20:39:29.625036221Z:                   ## ## ##        ==
[STDOUT  ] 2017-09-04T20:39:29.625044516Z: [    9.487375] io scheduler noop registered
[STDERR  ] 2017-09-04T20:39:29.625047578Z:                ## ## ## ## ##    ===
[STDERR  ] 2017-09-04T20:39:29.625058839Z:            /"""""""""""""""""\___/ ===
[STDOUT  ] 2017-09-04T20:39:29.625055664Z: [    9.487693] io scheduler deadline registered (default)
[STDOUT  ] 2017-09-04T20:39:29.625072256Z: [    9.488252] io scheduler cfq registered
[STDERR  ] 2017-09-04T20:39:29.625070412Z:           {                       /  ===-
[STDERR  ] 2017-09-04T20:39:29.625081588Z:            \______ O           __/
[STDOUT  ] 2017-09-04T20:39:29.625083703Z: [    9.492220] pci_hotplug: PCI Hot Plug PCI Core version: 0.5
[STDOUT  ] 2017-09-04T20:39:29.625094966Z: [    9.492790] pciehp: PCI Express Hot Plug Controller Driver version: 0.4
[STDERR  ] 2017-09-04T20:39:29.625093041Z:              \    \         __/
[STDOUT  ] 2017-09-04T20:39:29.625106377Z: [    9.493556] shpchp: Standard Hot Plug PCI Controller Driver version: 0.4
[STDERR  ] 2017-09-04T20:39:29.625109513Z:               \____\_______/
[STDOUT  ] 2017-09-04T20:39:29.625117737Z: [    9.494341] hv_vmbus: registering driver hyperv_fb
[STDERR  ] 2017-09-04T20:39:29.625120752Z: 
[STDOUT  ] 2017-09-04T20:39:29.625128986Z: [    9.497364] input: Power Button as /devices/LNXSYSTM:00/LNXPWRBN:00/input/input0
[STDERR  ] 2017-09-04T20:39:29.625132168Z: [   25.022201] 8021q: adding VLAN 0 to HW filter on device eth0
[STDOUT  ] 2017-09-04T20:39:29.62514026Z: [    9.498397] ACPI: Power Button [PWRF]
[STDERR  ] 2017-09-04T20:39:29.625143435Z: eth0: waiting for carrier
[STDOUT  ] 2017-09-04T20:39:29.625151804Z: [    9.503479] GHES: HEST is not enabled!
[STDERR  ] 2017-09-04T20:39:29.625154649Z: eth0: carrier acquired
[STDOUT  ] 2017-09-04T20:39:29.625163139Z: [    9.514663] ACPI: PCI Interrupt Link [GSIG] enabled at IRQ 22
[STDERR  ] 2017-09-04T20:39:29.625165968Z: DUID 00:01:00:01:21:40:76:6c:a2:b2:b2:f8:79:60
[STDERR  ] 2017-09-04T20:39:29.625177456Z: eth0: IAID b2:f8:79:60
[STDOUT  ] 2017-09-04T20:39:29.625174329Z: [    9.527009] ACPI: PCI Interrupt Link [GSIH] enabled at IRQ 23
[STDOUT  ] 2017-09-04T20:39:29.625185719Z: [    9.531011] xenfs: not registering filesystem on non-xen platform
[STDERR  ] 2017-09-04T20:39:29.625189052Z: eth0: adding address fe80::a044:366f:8575:21a9
[STDOUT  ] 2017-09-04T20:39:29.625196911Z: [    9.532939] Serial: 8250/16550 driver, 4 ports, IRQ sharing disabled
[STDERR  ] 2017-09-04T20:39:29.625204124Z: eth0: soliciting an IPv6 router
[STDOUT  ] 2017-09-04T20:39:29.625208361Z: [    9.560886] 00:04: ttyS0 at I/O 0x3f8 (irq = 4, base_baud = 115200) is a 16550A
[STDOUT  ] 2017-09-04T20:39:29.62521954Z: [    9.571279] Non-volatile memory driver v1.3
[STDERR  ] 2017-09-04T20:39:29.625215374Z: eth0: soliciting a DHCP lease
[STDOUT  ] 2017-09-04T20:39:29.625230938Z: [    9.577081] Hangcheck: starting hangcheck timer 0.9.1 (tick is 180 seconds, margin is 60 seconds).
[STDERR  ] 2017-09-04T20:39:29.625227789Z: eth0: offered 10.0.2.15 from 10.0.2.2
[STDERR  ] 2017-09-04T20:39:29.625243259Z: eth0: leased 10.0.2.15 for 86400 seconds
[STDOUT  ] 2017-09-04T20:39:29.625246127Z: [    9.580574] random: fast init done
[STDERR  ] 2017-09-04T20:39:29.625254665Z: eth0: adding route to 10.0.2.0/24
[STDOUT  ] 2017-09-04T20:39:29.625257436Z: [    9.582103] random: crng init done
[STDERR  ] 2017-09-04T20:39:29.625265704Z: eth0: adding default route via 10.0.2.2
[STDOUT  ] 2017-09-04T20:39:29.625268747Z: [    9.617711] loop: module loaded
[STDERR  ] 2017-09-04T20:39:29.625276904Z: exiting due to oneshot
[STDOUT  ] 2017-09-04T20:39:29.625280091Z: [    9.632194] nbd: registered device at major 43
[STDERR  ] 2017-09-04T20:39:29.625288341Z: dhcpcd exited
[STDOUT  ] 2017-09-04T20:39:29.625291418Z: [    9.674253] lpc_ich 0000:00:1f.0: I/O space for GPIO uninitialized
[STDERR  ] 2017-09-04T20:39:29.62529952Z: [   25.695225] IPVS: Creating netns size=2104 id=1
[STDOUT  ] 2017-09-04T20:39:29.625307795Z: [    9.675879] VMware PVSCSI driver - version 1.0.7.0-k
[STDERR  ] 2017-09-04T20:39:29.625310856Z: [   25.695728] IPVS: ftp: loaded support on port[0] = 21
[STDOUT  ] 2017-09-04T20:39:29.625319393Z: [    9.676569] hv_vmbus: registering driver hv_storvsc
[STDOUT  ] 2017-09-04T20:39:29.625330757Z: [    9.686548] ACPI: PCI Interrupt Link [GSIA] enabled at IRQ 16
[STDERR  ] 2017-09-04T20:39:29.625327138Z: [   26.853975] wireguard: loading out-of-tree module taints kernel.
[STDOUT  ] 2017-09-04T20:39:29.625342193Z: [    9.693204] ahci 0000:00:1f.2: AHCI 0001.0000 32 slots 6 ports 1.5 Gbps 0x3f impl SATA mode
[STDERR  ] 2017-09-04T20:39:29.625344107Z: [   26.874779] wireguard: WireGuard 0.0.20170810 loaded. See www.wireguard.com for information.
[STDOUT  ] 2017-09-04T20:39:29.625354138Z: [    9.693856] ahci 0000:00:1f.2: flags: 64bit ncq only 
[STDERR  ] 2017-09-04T20:39:29.625358764Z: [   26.875358] wireguard: Copyright (C) 2015-2017 Jason A. Donenfeld <Jason@zx2c4.com>. All Rights Reserved.
[STDOUT  ] 2017-09-04T20:39:29.625365209Z: [    9.714177] scsi host0: ahci
[STDERR  ] 2017-09-04T20:39:29.625370328Z: Created interface wg0 type wireguard
[STDOUT  ] 2017-09-04T20:39:29.625376459Z: [    9.717725] scsi host1: ahci
[STDERR  ] 2017-09-04T20:39:29.625381355Z: Moved interface wg0 to pid 359
[STDOUT  ] 2017-09-04T20:39:29.625387641Z: [    9.719892] scsi host2: ahci
[STDERR  ] 2017-09-04T20:39:29.625392623Z: [0m[32m[1minterface[0m: [32mwg0[0m
[STDERR  ] 2017-09-04T20:39:29.625403811Z:   [1mpublic key[0m: AcS5t3PC5nL/oj0sYhc3yFpDlRaXoJ0mfEq6iq0rFF4=
[STDOUT  ] 2017-09-04T20:39:29.625399245Z: [    9.722272] scsi host3: ahci
[STDOUT  ] 2017-09-04T20:39:29.625411941Z: [    9.724551] scsi host4: ahci
[STDERR  ] 2017-09-04T20:39:29.625415157Z:   [1mprivate key[0m: (hidden)
[STDOUT  ] 2017-09-04T20:39:29.625423116Z: [    9.726713] scsi host5: ahci
[STDERR  ] 2017-09-04T20:39:29.625426484Z:   [1mlistening port[0m: 51820
[STDOUT  ] 2017-09-04T20:39:29.625434351Z: [    9.728490] ata1: SATA max UDMA/133 abar m4096@0xfebd2000 port 0xfebd2100 irq 24
[STDERR  ] 2017-09-04T20:39:29.625437601Z: 
[STDOUT  ] 2017-09-04T20:39:29.625445493Z: [    9.729018] ata2: SATA max UDMA/133 abar m4096@0xfebd2000 port 0xfebd2180 irq 24
[STDERR  ] 2017-09-04T20:39:29.62544923Z: [33m[1mpeer[0m: [33mZP7h1OjA1oIAmsAvMKujp2RAAC/f0kY814b3Xq6j/0Y=[0m
[STDOUT  ] 2017-09-04T20:39:29.625456892Z: [    9.729505] ata3: SATA max UDMA/133 abar m4096@0xfebd2000 port 0xfebd2200 irq 24
[STDERR  ] 2017-09-04T20:39:29.62546073Z:   [1mendpoint[0m: 127.0.0.1:51821
[STDOUT  ] 2017-09-04T20:39:29.625472205Z: [    9.730045] ata4: SATA max UDMA/133 abar m4096@0xfebd2000 port 0xfebd2280 irq 24
[STDERR  ] 2017-09-04T20:39:29.625477157Z:   [1mallowed ips[0m: 0.0.0.0[36m/[0m0
[STDOUT  ] 2017-09-04T20:39:29.62548377Z: [    9.730733] ata5: SATA max UDMA/133 abar m4096@0xfebd2000 port 0xfebd2300 irq 24
[STDERR  ] 2017-09-04T20:39:29.625488871Z: [   27.793935] IPVS: Creating netns size=2104 id=2
[STDERR  ] 2017-09-04T20:39:29.625499962Z: [   27.794380] IPVS: ftp: loaded support on port[0] = 21
[STDOUT  ] 2017-09-04T20:39:29.625495612Z: [    9.731244] ata6: SATA max UDMA/133 abar m4096@0xfebd2000 port 0xfebd2380 irq 24
[STDOUT  ] 2017-09-04T20:39:29.625512007Z: [    9.744417] tun: Universal TUN/TAP device driver, 1.6
[STDERR  ] 2017-09-04T20:39:29.6255152Z: Created interface wg1 type wireguard
[STDOUT  ] 2017-09-04T20:39:29.625523577Z: [    9.744779] tun: (C) 1999-2004 Max Krasnyansky <maxk@qualcomm.com>
[STDERR  ] 2017-09-04T20:39:29.62552666Z: Moved interface wg1 to pid 391
[STDERR  ] 2017-09-04T20:39:29.625537935Z: [0m[32m[1minterface[0m: [32mwg1[0m
[STDOUT  ] 2017-09-04T20:39:29.625535094Z: [    9.755066] VMware vmxnet3 virtual NIC driver - version 1.4.a.0-k-NAPI
[STDERR  ] 2017-09-04T20:39:29.625549168Z:   [1mpublic key[0m: ZP7h1OjA1oIAmsAvMKujp2RAAC/f0kY814b3Xq6j/0Y=
[STDOUT  ] 2017-09-04T20:39:29.62554663Z: [    9.755880] hv_vmbus: registering driver hv_netvsc
[STDOUT  ] 2017-09-04T20:39:29.625557805Z: [    9.756227] Fusion MPT base driver 3.04.20
[STDERR  ] 2017-09-04T20:39:29.625560593Z:   [1mprivate key[0m: (hidden)
[STDOUT  ] 2017-09-04T20:39:29.625569132Z: [    9.756500] Copyright (c) 1999-2008 LSI Corporation
[STDERR  ] 2017-09-04T20:39:29.625572095Z:   [1mlistening port[0m: 51821
[STDOUT  ] 2017-09-04T20:39:29.625580389Z: [    9.757030] Fusion MPT SPI Host driver 3.04.20
[STDERR  ] 2017-09-04T20:39:29.625583294Z: 
[STDOUT  ] 2017-09-04T20:39:29.625591476Z: [    9.758960] i8042: PNP: PS/2 Controller [PNP0303:KBD,PNP0f13:MOU] at 0x60,0x64 irq 1,12
[STDERR  ] 2017-09-04T20:39:29.625594763Z: [33m[1mpeer[0m: [33mAcS5t3PC5nL/oj0sYhc3yFpDlRaXoJ0mfEq6iq0rFF4=[0m
[STDERR  ] 2017-09-04T20:39:29.62560611Z:   [1mendpoint[0m: 127.0.0.1:51820
[STDOUT  ] 2017-09-04T20:39:29.625603568Z: [    9.763109] serio: i8042 KBD port at 0x60,0x64 irq 1
[STDOUT  ] 2017-09-04T20:39:29.625615011Z: [    9.763683] serio: i8042 AUX port at 0x60,0x64 irq 12
[STDERR  ] 2017-09-04T20:39:29.625617416Z:   [1mallowed ips[0m: 0.0.0.0[36m/[0m0
[STDOUT  ] 2017-09-04T20:39:29.625626349Z: [    9.766601] hv_vmbus: registering driver hyperv_keyboard
[STDERR  ] 2017-09-04T20:39:29.625632735Z: [34mINFO[0m[0000] starting containerd                           [34mmodule[0m=containerd [34mrevision[0m=f05281743e5ac9ad11c6e19a72be7a903eab79f5 [34mversion[0m=v1.0.0-alpha6
[STDOUT  ] 2017-09-04T20:39:29.625637585Z: [    9.768564] mousedev: PS/2 mouse device common for all mice
[STDERR  ] 2017-09-04T20:39:29.625646705Z: [34mINFO[0m[0000] loading plugin "io.containerd.content.v1.content"...  [34mmodule[0m=containerd [34mtype[0m=io.containerd.content.v1
[STDOUT  ] 2017-09-04T20:39:29.625649275Z: [    9.773430] input: AT Translated Set 2 keyboard as /devices/platform/i8042/serio0/input/input1
[STDERR  ] 2017-09-04T20:39:29.62565832Z: [34mINFO[0m[0000] loading plugin "io.containerd.metadata.v1.bolt"...  [34mmodule[0m=containerd [34mtype[0m=io.containerd.metadata.v1
[STDOUT  ] 2017-09-04T20:39:29.625661425Z: [    9.776216] input: PC Speaker as /devices/platform/pcspkr/input/input2
[STDERR  ] 2017-09-04T20:39:29.62567167Z: [34mINFO[0m[0000] loading plugin "io.containerd.differ.v1.walking"...  [34mmodule[0m=containerd [34mtype[0m=io.containerd.differ.v1
[STDOUT  ] 2017-09-04T20:39:29.625672248Z: [    9.779551] rtc_cmos 00:00: RTC can wake from S4
[STDERR  ] 2017-09-04T20:39:29.625683701Z: [34mINFO[0m[0000] loading plugin "io.containerd.grpc.v1.containers"...  [34mmodule[0m=containerd [34mtype[0m=io.containerd.grpc.v1
[STDOUT  ] 2017-09-04T20:39:29.62568509Z: [    9.782998] rtc_cmos 00:00: rtc core: registered rtc_cmos as rtc0
[STDOUT  ] 2017-09-04T20:39:29.625699941Z: [    9.784153] rtc_cmos 00:00: alarms up to one day, y3k, 114 bytes nvram, hpet irqs
[STDERR  ] 2017-09-04T20:39:29.625696834Z: [34mINFO[0m[0000] loading plugin "io.containerd.grpc.v1.content"...  [34mmodule[0m=containerd [34mtype[0m=io.containerd.grpc.v1
[STDERR  ] 2017-09-04T20:39:29.625709059Z: [34mINFO[0m[0000] loading plugin "io.containerd.grpc.v1.diff"...  [34mmodule[0m=containerd [34mtype[0m=io.containerd.grpc.v1
[STDOUT  ] 2017-09-04T20:39:29.625711267Z: [    9.784825] i2c /dev entries driver
[STDOUT  ] 2017-09-04T20:39:29.625724901Z: [    9.786530] device-mapper: ioctl: 4.35.0-ioctl (2016-06-23) initialised: dm-devel@redhat.com
[STDERR  ] 2017-09-04T20:39:29.625724877Z: [34mINFO[0m[0000] loading plugin "io.containerd.grpc.v1.events"...  [34mmodule[0m=containerd [34mtype[0m=io.containerd.grpc.v1
[STDERR  ] 2017-09-04T20:39:29.625736387Z: [34mINFO[0m[0000] loading plugin "io.containerd.grpc.v1.healthcheck"...  [34mmodule[0m=containerd [34mtype[0m=io.containerd.grpc.v1
[STDOUT  ] 2017-09-04T20:39:29.625736882Z: [    9.791279] usbcore: registered new interface driver usbhid
[STDERR  ] 2017-09-04T20:39:29.625747649Z: [34mINFO[0m[0000] loading plugin "io.containerd.grpc.v1.images"...  [34mmodule[0m=containerd [34mtype[0m=io.containerd.grpc.v1
[STDOUT  ] 2017-09-04T20:39:29.625754095Z: [    9.791726] usbhid: USB HID core driver
[STDERR  ] 2017-09-04T20:39:29.625759468Z: [34mINFO[0m[0000] loading plugin "io.containerd.grpc.v1.namespaces"...  [34mmodule[0m=containerd [34mtype[0m=io.containerd.grpc.v1
[STDOUT  ] 2017-09-04T20:39:29.62576599Z: [    9.792255] hv_utils: Registering HyperV Utility Driver
[STDERR  ] 2017-09-04T20:39:29.625777205Z: [34mINFO[0m[0000] loading plugin "io.containerd.snapshotter.v1.btrfs"...  [34mmodule[0m=containerd [34mtype[0m=io.containerd.snapshotter.v1
[STDOUT  ] 2017-09-04T20:39:29.625778699Z: [    9.792605] hv_vmbus: registering driver hv_util
[STDOUT  ] 2017-09-04T20:39:29.625790181Z: [    9.792908] hv_vmbus: registering driver hv_balloon
[STDERR  ] 2017-09-04T20:39:29.625788936Z: [33mWARN[0m[0000] failed to load plugin io.containerd.snapshotter.v1.btrfs  [33merror[0m="path /var/lib/containerd/io.containerd.snapshotter.v1.btrfs must be a btrfs filesystem to be used with the btrfs snapshotter" [33mmodule[0m=containerd
[STDOUT  ] 2017-09-04T20:39:29.625801242Z: [    9.793377] oprofile: using NMI interrupt.
[STDERR  ] 2017-09-04T20:39:29.625808941Z: [34mINFO[0m[0000] loading plugin "io.containerd.snapshotter.v1.overlayfs"...  [34mmodule[0m=containerd [34mtype[0m=io.containerd.snapshotter.v1
[STDOUT  ] 2017-09-04T20:39:29.625812573Z: [    9.794309] GACT probability on
[STDERR  ] 2017-09-04T20:39:29.625821134Z: [34mINFO[0m[0000] loading plugin "io.containerd.grpc.v1.snapshots"...  [34mmodule[0m=containerd [34mtype[0m=io.containerd.grpc.v1
[STDOUT  ] 2017-09-04T20:39:29.625823904Z: [    9.794737] Mirror/redirect action on
[STDERR  ] 2017-09-04T20:39:29.625832563Z: [34mINFO[0m[0000] loading plugin "io.containerd.monitor.v1.cgroups"...  [34mmodule[0m=containerd [34mtype[0m=io.containerd.monitor.v1
[STDOUT  ] 2017-09-04T20:39:29.625835139Z: [    9.795512] Simple TC action Loaded
[STDERR  ] 2017-09-04T20:39:29.625843896Z: [34mINFO[0m[0000] loading plugin "io.containerd.runtime.v1.linux"...  [34mmodule[0m=containerd [34mtype[0m=io.containerd.runtime.v1
[STDOUT  ] 2017-09-04T20:39:29.625852506Z: [    9.796019] u32 classifier
[STDERR  ] 2017-09-04T20:39:29.625855599Z: [34mINFO[0m[0000] loading plugin "io.containerd.grpc.v1.tasks"...  [34mmodule[0m=containerd [34mtype[0m=io.containerd.grpc.v1
[STDOUT  ] 2017-09-04T20:39:29.62586373Z: [    9.796215]     Performance counters on
[STDERR  ] 2017-09-04T20:39:29.625867951Z: [34mINFO[0m[0000] loading plugin "io.containerd.grpc.v1.version"...  [34mmodule[0m=containerd [34mtype[0m=io.containerd.grpc.v1
[STDERR  ] 2017-09-04T20:39:29.625879091Z: [34mINFO[0m[0000] serving...                                    [34maddress[0m="/run/containerd/debug.sock" [34mmodule[0m="containerd/debug"
[STDOUT  ] 2017-09-04T20:39:29.625879677Z: [    9.796467]     input device check on
[STDOUT  ] 2017-09-04T20:39:29.625892477Z: [    9.796707]     Actions configured
[STDERR  ] 2017-09-04T20:39:29.625890781Z: [34mINFO[0m[0000] serving...                                    [34maddress[0m="/run/containerd/containerd.sock" [34mmodule[0m="containerd/grpc"
[STDOUT  ] 2017-09-04T20:39:29.625904181Z: [    9.797207] Netfilter messages via NETLINK v0.30.
[STDERR  ] 2017-09-04T20:39:29.625907036Z: [34mINFO[0m[0000] containerd successfully booted in 0.155275s   [34mmodule[0m=containerd
[STDERR  ] 2017-09-04T20:39:29.625920061Z: [34mINFO[0m[0000] shim containerd-shim started                  [34maddress[0m="/containerd-shim/default/nginx/shim.sock" [34mdebug[0m=false [34mmodule[0m="containerd/tasks" [34mpid[0m=418
[STDOUT  ] 2017-09-04T20:39:29.625918212Z: [    9.797737] nfnl_acct: registering with nfnetlink.
[STDERR  ] 2017-09-04T20:39:29.625932575Z: [34mINFO[0m[0004] shim containerd-shim started                  [34maddress[0m="/containerd-shim/default/test/shim.sock" [34mdebug[0m=false [34mmodule[0m="containerd/tasks" [34mpid[0m=456
[STDOUT  ] 2017-09-04T20:39:29.625934385Z: [    9.798954] nf_conntrack version 0.5.0 (8192 buckets, 32768 max)
[STDERR  ] 2017-09-04T20:39:29.625944371Z: wireguard test suite PASSED
[STDOUT  ] 2017-09-04T20:39:29.625951914Z: [    9.802310] ctnetlink v0.93: registering with nfnetlink.
[STDERR  ] 2017-09-04T20:39:29.625955519Z: [31mFATA[0m[0010] serve failure                                 [31maddress[0m="/run/containerd/containerd.sock" [31merror[0m="accept unix /run/containerd/containerd.sock: use of closed network connection" [31mmodule[0m="containerd/grpc"
[STDOUT  ] 2017-09-04T20:39:29.625963263Z: [    9.805288] nf_tables: (c) 2007-2009 Patrick McHardy <kaber@trash.net>
[STDERR  ] 2017-09-04T20:39:29.625967157Z: Unmounting filesystems
[STDOUT  ] 2017-09-04T20:39:29.625974696Z: [    9.806075] nf_tables_compat: (c) 2012 Pablo Neira Ayuso <pablo@netfilter.org>
[STDERR  ] 2017-09-04T20:39:29.625983495Z: [   45.458143] ACPI: Preparing to enter system sleep state S5
[STDOUT  ] 2017-09-04T20:39:29.625986143Z: [    9.808423] xt_time: kernel timezone is -0000
[STDERR  ] 2017-09-04T20:39:29.625994698Z: [   45.466733] reboot: Power down
[STDOUT  ] 2017-09-04T20:39:29.625997555Z: [    9.808935] ip_set: protocol 6
[STDOUT  ] 2017-09-04T20:39:29.626008928Z: [    9.809517] IPVS: Registered protocols (TCP, UDP, SCTP, AH, ESP)
[STDERR  ] 2017-09-04T20:39:29.626007539Z: + echo [    0.000000] Linux version 4.9.43-linuxkit (root@e1ede117fb1e) (gcc version 6.3.0 (Alpine 6.3.0) ) #1 SMP Fri Aug 18 15:47:35 UTC 2017
[STDERR  ] 2017-09-04T20:39:29.626019276Z: [    0.000000] Command line: console=ttyS0
[STDOUT  ] 2017-09-04T20:39:29.626020528Z: [    9.810056] IPVS: Connection hash table configured (size=4096, memory=64Kbytes)
[STDOUT  ] 2017-09-04T20:39:29.626032327Z: [    9.812052] IPVS: Creating netns size=2104 id=0
[STDERR  ] 2017-09-04T20:39:29.626030453Z: [    0.000000] x86/fpu: Legacy x87 FPU detected.
[STDOUT  ] 2017-09-04T20:39:29.626044002Z: [    9.814551] IPVS: ipvs loaded.
[STDERR  ] 2017-09-04T20:39:29.626046491Z: [    0.000000] x86/fpu: Using 'eager' FPU context switches.
[STDOUT  ] 2017-09-04T20:39:29.626055327Z: [    9.814876] IPVS: [rr] scheduler registered.
[STDERR  ] 2017-09-04T20:39:29.626058017Z: [    0.000000] e820: BIOS-provided physical RAM map:
[STDERR  ] 2017-09-04T20:39:29.626069429Z: [    0.000000] BIOS-e820: [mem 0x0000000000000000-0x000000000009fbff] usable
[STDOUT  ] 2017-09-04T20:39:29.626066446Z: [    9.815237] IPVS: [wrr] scheduler registered.
[STDOUT  ] 2017-09-04T20:39:29.626077684Z: [    9.815533] IPVS: [lc] scheduler registered.
[STDERR  ] 2017-09-04T20:39:29.626080769Z: [    0.000000] BIOS-e820: [mem 0x000000000009fc00-0x000000000009ffff] reserved
[STDOUT  ] 2017-09-04T20:39:29.626088892Z: [    9.815816] IPVS: [wlc] scheduler registered.
[STDERR  ] 2017-09-04T20:39:29.626095993Z: [    0.000000] BIOS-e820: [mem 0x00000000000f0000-0x00000000000fffff] reserved
[STDOUT  ] 2017-09-04T20:39:29.626100244Z: [    9.816106] IPVS: [fo] scheduler registered.
[STDERR  ] 2017-09-04T20:39:29.626107009Z: [    0.000000] BIOS-e820: [mem 0x0000000000100000-0x000000003ffdefff] usable
[STDOUT  ] 2017-09-04T20:39:29.626111454Z: [    9.816388] IPVS: [ovf] scheduler registered.
[STDERR  ] 2017-09-04T20:39:29.626119381Z: [    0.000000] BIOS-e820: [mem 0x000000003ffdf000-0x000000003fffffff] reserved
[STDOUT  ] 2017-09-04T20:39:29.626122478Z: [    9.816775] IPVS: [lblc] scheduler registered.
[STDERR  ] 2017-09-04T20:39:29.626133863Z: [    0.000000] BIOS-e820: [mem 0x00000000b0000000-0x00000000bfffffff] reserved
[STDOUT  ] 2017-09-04T20:39:29.626135556Z: [    9.817165] IPVS: [lblcr] scheduler registered.
[STDERR  ] 2017-09-04T20:39:29.626145237Z: [    0.000000] BIOS-e820: [mem 0x00000000fed1c000-0x00000000fed1ffff] reserved
[STDOUT  ] 2017-09-04T20:39:29.626147097Z: [    9.817483] IPVS: [dh] scheduler registered.
[STDOUT  ] 2017-09-04T20:39:29.626158547Z: [    9.817779] IPVS: [sh] scheduler registered.
[STDERR  ] 2017-09-04T20:39:29.626156496Z: [    0.000000] BIOS-e820: [mem 0x00000000fffc0000-0x00000000ffffffff] reserved
[STDERR  ] 2017-09-04T20:39:29.626167725Z: [    0.000000] NX (Execute Disable) protection: active
[STDOUT  ] 2017-09-04T20:39:29.626170035Z: [    9.818066] IPVS: [sed] scheduler registered.
[STDERR  ] 2017-09-04T20:39:29.626180209Z: [    0.000000] SMBIOS 2.8 present.
[STDOUT  ] 2017-09-04T20:39:29.626182421Z: [    9.818354] IPVS: [nq] scheduler registered.
[STDERR  ] 2017-09-04T20:39:29.62619148Z: [    0.000000] e820: last_pfn = 0x3ffdf max_arch_pfn = 0x400000000
[STDOUT  ] 2017-09-04T20:39:29.626193702Z: [    9.818982] IPVS: ftp: loaded support on port[0] = 21
[STDERR  ] 2017-09-04T20:39:29.626203144Z: [    0.000000] x86/PAT: Configuration [0-7]: WB  WC  UC- UC  WB  WC  UC- WT  
[STDOUT  ] 2017-09-04T20:39:29.626204954Z: [    9.819801] ipip: IPv4 and MPLS over IPv4 tunneling driver
[STDERR  ] 2017-09-04T20:39:29.626214561Z: [    0.000000] found SMP MP-table at [mem 0x000f6aa0-0x000f6aaf] mapped at [ffff9cfa800f6aa0]
[STDOUT  ] 2017-09-04T20:39:29.626215974Z: [    9.824148] gre: GRE over IPv4 demultiplexor driver
[STDERR  ] 2017-09-04T20:39:29.626226533Z: [    0.000000] RAMDISK: [mem 0x3cbb7000-0x3ffcffff]
[STDOUT  ] 2017-09-04T20:39:29.626228241Z: [    9.826893] ip_tables: (C) 2000-2006 Netfilter Core Team
[STDERR  ] 2017-09-04T20:39:29.626237755Z: [    0.000000] ACPI: Early table checksum verification disabled
[STDOUT  ] 2017-09-04T20:39:29.626239775Z: [    9.829929] ipt_CLUSTERIP: ClusterIP Version 0.8 loaded successfully
[STDERR  ] 2017-09-04T20:39:29.626249096Z: [    0.000000] ACPI: RSDP 0x00000000000F68C0 000014 (v00 BOCHS )
[STDOUT  ] 2017-09-04T20:39:29.626251176Z: [    9.830927] arp_tables: arp_tables: (C) 2002 David S. Miller
[STDOUT  ] 2017-09-04T20:39:29.626262439Z: [    9.833206] NET: Registered protocol family 10
[STDERR  ] 2017-09-04T20:39:29.626260425Z: [    0.000000] ACPI: RSDT 0x000000003FFE2404 000034 (v01 BOCHS  BXPCRSDT 00000001 BXPC 00000001)
[STDOUT  ] 2017-09-04T20:39:29.626273329Z: [    9.842528] ip6_tables: (C) 2000-2006 Netfilter Core Team
[STDERR  ] 2017-09-04T20:39:29.626275176Z: [    0.000000] ACPI: FACP 0x000000003FFE22A4 000074 (v01 BOCHS  BXPCFACP 00000001 BXPC 00000001)
[STDOUT  ] 2017-09-04T20:39:29.626284397Z: [    9.850678] NET: Registered protocol family 17
[STDERR  ] 2017-09-04T20:39:29.626287447Z: [    0.000000] ACPI: DSDT 0x000000003FFE0040 002264 (v01 BOCHS  BXPCDSDT 00000001 BXPC 00000001)
[STDOUT  ] 2017-09-04T20:39:29.626295936Z: [    9.851696] Bridge firewalling registered
[STDERR  ] 2017-09-04T20:39:29.626298778Z: [    0.000000] ACPI: FACS 0x000000003FFE0000 000040
[STDERR  ] 2017-09-04T20:39:29.626310189Z: [    0.000000] ACPI: APIC 0x000000003FFE2318 000078 (v01 BOCHS  BXPCAPIC 00000001 BXPC 00000001)
[STDOUT  ] 2017-09-04T20:39:29.626312194Z: [    9.852190] Ebtables v2.0 registered
[STDOUT  ] 2017-09-04T20:39:29.626323784Z: [    9.854022] 8021q: 802.1Q VLAN Support v1.8
[STDERR  ] 2017-09-04T20:39:29.626327211Z: [    0.000000] ACPI: HPET 0x000000003FFE2390 000038 (v01 BOCHS  BXPCHPET 00000001 BXPC 00000001)
[STDOUT  ] 2017-09-04T20:39:29.626335081Z: [    9.855397] 9pnet: Installing 9P2000 support
[STDERR  ] 2017-09-04T20:39:29.626339101Z: [    0.000000] ACPI: MCFG 0x000000003FFE23C8 00003C (v01 BOCHS  BXPCMCFG 00000001 BXPC 00000001)
[STDOUT  ] 2017-09-04T20:39:29.626345992Z: [    9.856780] Key type dns_resolver registered
[STDERR  ] 2017-09-04T20:39:29.626350792Z: [    0.000000] Zone ranges:
[STDOUT  ] 2017-09-04T20:39:29.626360324Z: [    9.857598] microcode: AMD CPU family 0x6 not supported
[STDERR  ] 2017-09-04T20:39:29.626362116Z: [    0.000000]   DMA      [mem 0x0000000000001000-0x0000000000ffffff]
[STDOUT  ] 2017-09-04T20:39:29.626371519Z: [    9.861365] registered taskstats version 1
[STDERR  ] 2017-09-04T20:39:29.626373594Z: [    0.000000]   DMA32    [mem 0x0000000001000000-0x000000003ffdefff]
[STDOUT  ] 2017-09-04T20:39:29.626382795Z: [   10.013650] Key type big_key registered
[STDERR  ] 2017-09-04T20:39:29.626384802Z: [    0.000000]   Normal   empty
[STDOUT  ] 2017-09-04T20:39:29.626394265Z: [   10.063892] ata2: SATA link down (SStatus 0 SControl 300)
[STDERR  ] 2017-09-04T20:39:29.62639619Z: [    0.000000] Movable zone start for each node
[STDERR  ] 2017-09-04T20:39:29.626407362Z: [    0.000000] Early memory node ranges
[STDOUT  ] 2017-09-04T20:39:29.626405597Z: [   10.065828] ata1: SATA link down (SStatus 0 SControl 300)
[STDERR  ] 2017-09-04T20:39:29.626418633Z: [    0.000000]   node   0: [mem 0x0000000000001000-0x000000000009efff]
[STDOUT  ] 2017-09-04T20:39:29.626416884Z: [   10.070546] Key type encrypted registered
[STDOUT  ] 2017-09-04T20:39:29.626428106Z: [   10.071874] ata6: SATA link down (SStatus 0 SControl 300)
[STDERR  ] 2017-09-04T20:39:29.626429892Z: [    0.000000]   node   0: [mem 0x0000000000100000-0x000000003ffdefff]
[STDOUT  ] 2017-09-04T20:39:29.626439514Z: [   10.072431] ata5: SATA link down (SStatus 0 SControl 300)
[STDERR  ] 2017-09-04T20:39:29.626441334Z: [    0.000000] Initmem setup node 0 [mem 0x0000000000001000-0x000000003ffdefff]
[STDOUT  ] 2017-09-04T20:39:29.626451111Z: [   10.072952] ata4: SATA link down (SStatus 0 SControl 300)
[STDERR  ] 2017-09-04T20:39:29.626459439Z: [    0.000000] ACPI: PM-Timer IO Port: 0x608
[STDOUT  ] 2017-09-04T20:39:29.626462516Z: [   10.073683] ata3: SATA link up 1.5 Gbps (SStatus 113 SControl 300)
[STDERR  ] 2017-09-04T20:39:29.626470562Z: [    0.000000] ACPI: LAPIC_NMI (acpi_id[0xff] dfl dfl lint[0x1])
[STDOUT  ] 2017-09-04T20:39:29.626473905Z: [   10.077033] ata3.00: ATAPI: QEMU DVD-ROM, 2.5+, max UDMA/100
[STDERR  ] 2017-09-04T20:39:29.626482194Z: [    0.000000] IOAPIC[0]: apic_id 0, version 32, address 0xfec00000, GSI 0-23
[STDOUT  ] 2017-09-04T20:39:29.626489991Z: [   10.077501] ata3.00: applying bridge limits
[STDERR  ] 2017-09-04T20:39:29.626493484Z: [    0.000000] ACPI: INT_SRC_OVR (bus 0 bus_irq 0 global_irq 2 dfl dfl)
[STDOUT  ] 2017-09-04T20:39:29.626501138Z: [   10.079101] ata3.00: configured for UDMA/100
[STDERR  ] 2017-09-04T20:39:29.6265048Z: [    0.000000] ACPI: INT_SRC_OVR (bus 0 bus_irq 5 global_irq 5 high level)
[STDOUT  ] 2017-09-04T20:39:29.626512321Z: [   10.085463] rtc_cmos 00:00: setting system clock to 2017-09-04 20:38:53 UTC (1504557533)
[STDERR  ] 2017-09-04T20:39:29.626516224Z: [    0.000000] ACPI: INT_SRC_OVR (bus 0 bus_irq 9 global_irq 9 high level)
[STDERR  ] 2017-09-04T20:39:29.626527545Z: [    0.000000] ACPI: INT_SRC_OVR (bus 0 bus_irq 10 global_irq 10 high level)
[STDOUT  ] 2017-09-04T20:39:29.626524399Z: [   10.099180] scsi 2:0:0:0: CD-ROM            QEMU     QEMU DVD-ROM     2.5+ PQ: 0 ANSI: 5
[STDERR  ] 2017-09-04T20:39:29.626538901Z: [    0.000000] ACPI: INT_SRC_OVR (bus 0 bus_irq 11 global_irq 11 high level)
[STDOUT  ] 2017-09-04T20:39:29.626540888Z: [   10.122699] sr 2:0:0:0: [sr0] scsi3-mmc drive: 4x/4x cd/rw xa/form2 tray
[STDERR  ] 2017-09-04T20:39:29.626550092Z: [    0.000000] Using ACPI (MADT) for SMP configuration information
[STDOUT  ] 2017-09-04T20:39:29.626555783Z: [   10.123304] cdrom: Uniform CD-ROM driver Revision: 3.20
[STDOUT  ] 2017-09-04T20:39:29.62656688Z: [   10.129169] sr 2:0:0:0: Attached scsi generic sg0 type 5
[STDERR  ] 2017-09-04T20:39:29.626563745Z: [    0.000000] ACPI: HPET id: 0x8086a201 base: 0xfed00000
[STDOUT  ] 2017-09-04T20:39:29.626578341Z: [   10.270507] Freeing unused kernel memory: 1380K
[STDERR  ] 2017-09-04T20:39:29.626580327Z: [    0.000000] smpboot: Allowing 1 CPUs, 0 hotplug CPUs
[STDOUT  ] 2017-09-04T20:39:29.626589585Z: [   10.270908] Write protecting the kernel read-only data: 12288k
[STDERR  ] 2017-09-04T20:39:29.626595159Z: [    0.000000] e820: [mem 0x40000000-0xafffffff] available for PCI devices
[STDOUT  ] 2017-09-04T20:39:29.626601095Z: [   10.276713] Freeing unused kernel memory: 148K
[STDERR  ] 2017-09-04T20:39:29.626611027Z: [    0.000000] Booting paravirtualized kernel on bare hardware
[STDOUT  ] 2017-09-04T20:39:29.626615097Z: [   10.395554] Freeing unused kernel memory: 1400K
[STDERR  ] 2017-09-04T20:39:29.626622247Z: [    0.000000] clocksource: refined-jiffies: mask: 0xffffffff max_cycles: 0xffffffff, max_idle_ns: 19112604462750000 ns
[STDOUT  ] 2017-09-04T20:39:29.626626537Z: [   10.401078] tsc: Refined TSC clocksource calibration: 2300.034 MHz
[STDERR  ] 2017-09-04T20:39:29.626634296Z: [    0.000000] setup_percpu: NR_CPUS:128 nr_cpumask_bits:128 nr_cpu_ids:1 nr_node_ids:1
[STDOUT  ] 2017-09-04T20:39:29.626637842Z: [   10.401594] clocksource: tsc: mask: 0xffffffffffffffff max_cycles: 0x21275555d72, max_idle_ns: 440795292657 ns
[STDERR  ] 2017-09-04T20:39:29.626645625Z: [    0.000000] percpu: Embedded 35 pages/cpu @ffff9cfabc800000 s105240 r8192 d29928 u2097152
[STDOUT  ] 2017-09-04T20:39:29.626649113Z: [   11.420873] clocksource: Switched to clocksource tsc
[STDERR  ] 2017-09-04T20:39:29.626659317Z: [    0.000000] Built 1 zonelists in Zone order, mobility grouping on.  Total pages: 257896
[STDOUT  ] 2017-09-04T20:39:29.626660984Z: 
[STDERR  ] 2017-09-04T20:39:29.626670987Z: [    0.000000] Kernel command line: console=ttyS0
[STDOUT  ] 2017-09-04T20:39:29.626672696Z: Welcome to LinuxKit
[STDOUT  ] 2017-09-04T20:39:29.626684209Z: 
[STDERR  ] 2017-09-04T20:39:29.626682587Z: [    0.000000] PID hash table entries: 4096 (order: 3, 32768 bytes)
[STDOUT  ] 2017-09-04T20:39:29.626695775Z:                         ##         .
[STDERR  ] 2017-09-04T20:39:29.626696101Z: [    0.000000] Dentry cache hash table entries: 131072 (order: 8, 1048576 bytes)
[STDOUT  ] 2017-09-04T20:39:29.626707295Z:                   ## ## ##        ==
[STDERR  ] 2017-09-04T20:39:29.626709022Z: [    0.000000] Inode-cache hash table entries: 65536 (order: 7, 524288 bytes)
[STDERR  ] 2017-09-04T20:39:29.626720401Z: [    0.000000] Memory: 960824K/1048052K available (8028K kernel code, 1366K rwdata, 2696K rodata, 1380K init, 568K bss, 87228K reserved, 0K cma-reserved)
[STDOUT  ] 2017-09-04T20:39:29.626718541Z:                ## ## ## ## ##    ===
[STDERR  ] 2017-09-04T20:39:29.626732221Z: [    0.000000] Hierarchical RCU implementation.
[STDOUT  ] 2017-09-04T20:39:29.626734351Z:            /"""""""""""""""""\___/ ===
[STDOUT  ] 2017-09-04T20:39:29.626745888Z:           {                       /  ===-
[STDERR  ] 2017-09-04T20:39:29.626743575Z: [    0.000000] 	Build-time adjustment of leaf fanout to 64.
[STDOUT  ] 2017-09-04T20:39:29.626757205Z:            \______ O           __/
[STDERR  ] 2017-09-04T20:39:29.626754834Z: [    0.000000] 	RCU restricting CPUs from NR_CPUS=128 to nr_cpu_ids=1.
[STDERR  ] 2017-09-04T20:39:29.626766347Z: [    0.000000] RCU: Adjusting geometry for rcu_fanout_leaf=64, nr_cpu_ids=1
[STDOUT  ] 2017-09-04T20:39:29.626768344Z:              \    \         __/
[STDOUT  ] 2017-09-04T20:39:29.626779846Z:               \____\_______/
[STDERR  ] 2017-09-04T20:39:29.626777569Z: [    0.000000] NR_IRQS:8448 nr_irqs:256 16
[STDOUT  ] 2017-09-04T20:39:29.626791021Z: 
[STDERR  ] 2017-09-04T20:39:29.626788746Z: [    0.000000] Console: colour VGA+ 80x25
[STDERR  ] 2017-09-04T20:39:29.626803813Z: [    0.000000] console [ttyS0] enabled
[STDOUT  ] 2017-09-04T20:39:29.626802579Z: [   25.022201] 8021q: adding VLAN 0 to HW filter on device eth0
[STDOUT  ] 2017-09-04T20:39:29.626813901Z: eth0: waiting for carrier
[STDERR  ] 2017-09-04T20:39:29.626819348Z: [    0.000000] clocksource: hpet: mask: 0xffffffff max_cycles: 0xffffffff, max_idle_ns: 19112604467 ns
[STDOUT  ] 2017-09-04T20:39:29.626825552Z: eth0: carrier acquired
[STDERR  ] 2017-09-04T20:39:29.626830774Z: [    0.000000] tsc: Fast TSC calibration using PIT
[STDOUT  ] 2017-09-04T20:39:29.626836459Z: DUID 00:01:00:01:21:40:76:6c:a2:b2:b2:f8:79:60
[STDERR  ] 2017-09-04T20:39:29.626847264Z: [    0.000000] tsc: Detected 2300.105 MHz processor
[STDOUT  ] 2017-09-04T20:39:29.626847722Z: eth0: IAID b2:f8:79:60
[STDOUT  ] 2017-09-04T20:39:29.626860423Z: eth0: adding address fe80::a044:366f:8575:21a9
[STDERR  ] 2017-09-04T20:39:29.626858683Z: [    0.021354] Calibrating delay loop (skipped), value calculated using timer frequency.. 4600.21 BogoMIPS (lpj=23001050)
[STDOUT  ] 2017-09-04T20:39:29.62687206Z: eth0: soliciting an IPv6 router
[STDERR  ] 2017-09-04T20:39:29.626875249Z: [    0.022361] pid_max: default: 32768 minimum: 301
[STDERR  ] 2017-09-04T20:39:29.626886662Z: [    0.023221] ACPI: Core revision 20160831
[STDOUT  ] 2017-09-04T20:39:29.626883439Z: eth0: soliciting a DHCP lease
[STDERR  ] 2017-09-04T20:39:29.626898016Z: [    0.072963] ACPI: 1 ACPI AML tables successfully acquired and loaded
[STDOUT  ] 2017-09-04T20:39:29.62689485Z: eth0: offered 10.0.2.15 from 10.0.2.2
[STDOUT  ] 2017-09-04T20:39:29.626906198Z: eth0: leased 10.0.2.15 for 86400 seconds
[STDERR  ] 2017-09-04T20:39:29.626909508Z: [    0.076153] Security Framework initialized
[STDERR  ] 2017-09-04T20:39:29.626920863Z: [    0.076578] Yama: becoming mindful.
[STDOUT  ] 2017-09-04T20:39:29.62691762Z: eth0: adding route to 10.0.2.0/24
[STDOUT  ] 2017-09-04T20:39:29.626929142Z: eth0: adding default route via 10.0.2.2
[STDERR  ] 2017-09-04T20:39:29.626932205Z: [    0.078491] Mount-cache hash table entries: 2048 (order: 2, 16384 bytes)
[STDERR  ] 2017-09-04T20:39:29.626943531Z: [    0.079010] Mountpoint-cache hash table entries: 2048 (order: 2, 16384 bytes)
[STDOUT  ] 2017-09-04T20:39:29.626940439Z: exiting due to oneshot
[STDOUT  ] 2017-09-04T20:39:29.626951623Z: dhcpcd exited
[STDERR  ] 2017-09-04T20:39:29.626954802Z: [    0.098822] Last level iTLB entries: 4KB 0, 2MB 0, 4MB 0
[STDOUT  ] 2017-09-04T20:39:29.626962964Z: [   25.695225] IPVS: Creating netns size=2104 id=1
[STDERR  ] 2017-09-04T20:39:29.626965943Z: [    0.099245] Last level dTLB entries: 4KB 0, 2MB 0, 4MB 0, 1GB 0
[STDOUT  ] 2017-09-04T20:39:29.626974093Z: [   25.695728] IPVS: ftp: loaded support on port[0] = 21
[STDERR  ] 2017-09-04T20:39:29.626977244Z: [    0.401366] Freeing SMP alternatives memory: 20K
[STDOUT  ] 2017-09-04T20:39:29.626985582Z: [   26.853975] wireguard: loading out-of-tree module taints kernel.
[STDERR  ] 2017-09-04T20:39:29.62698847Z: [    0.409751] ftrace: allocating 35486 entries in 139 pages
[STDERR  ] 2017-09-04T20:39:29.627000051Z: [    0.571475] smpboot: Max logical packages: 1
[STDOUT  ] 2017-09-04T20:39:29.626997006Z: [   26.874779] wireguard: WireGuard 0.0.20170810 loaded. See www.wireguard.com for information.
[STDERR  ] 2017-09-04T20:39:29.62701542Z: [    0.576670] ..TIMER: vector=0x30 apic1=0 pin1=2 apic2=-1 pin2=-1
[STDOUT  ] 2017-09-04T20:39:29.627012302Z: [   26.875358] wireguard: Copyright (C) 2015-2017 Jason A. Donenfeld <Jason@zx2c4.com>. All Rights Reserved.
[STDOUT  ] 2017-09-04T20:39:29.627024181Z: Created interface wg0 type wireguard
[STDERR  ] 2017-09-04T20:39:29.62702669Z: [    0.680000] smpboot: CPU0: AMD QEMU Virtual CPU version 2.5+ (family: 0x6, model: 0x6, stepping: 0x3)
[STDOUT  ] 2017-09-04T20:39:29.627035436Z: Moved interface wg0 to pid 359
[STDERR  ] 2017-09-04T20:39:29.627038187Z: [    0.680000] Performance Events: PMU not available due to virtualization, using software events only.
[STDOUT  ] 2017-09-04T20:39:29.627047251Z: [0m[32m[1minterface[0m: [32mwg0[0m
[STDOUT  ] 2017-09-04T20:39:29.627058577Z:   [1mpublic key[0m: AcS5t3PC5nL/oj0sYhc3yFpDlRaXoJ0mfEq6iq0rFF4=
[STDERR  ] 2017-09-04T20:39:29.627059686Z: [    0.687081] NMI watchdog: disabled (cpu0): hardware events not enabled
[STDOUT  ] 2017-09-04T20:39:29.62707001Z:   [1mprivate key[0m: (hidden)
[STDERR  ] 2017-09-04T20:39:29.627076652Z: [    0.687533] NMI watchdog: Shutting down hard lockup detector on all cpus
[STDOUT  ] 2017-09-04T20:39:29.627081393Z:   [1mlistening port[0m: 51820
[STDERR  ] 2017-09-04T20:39:29.627088015Z: [    0.690449] x86: Booted up 1 node, 1 CPUs
[STDOUT  ] 2017-09-04T20:39:29.62709242Z: 
[STDERR  ] 2017-09-04T20:39:29.627102728Z: [    0.690806] smpboot: Total of 1 processors activated (4600.21 BogoMIPS)
[STDOUT  ] 2017-09-04T20:39:29.627104734Z: [33m[1mpeer[0m: [33mZP7h1OjA1oIAmsAvMKujp2RAAC/f0kY814b3Xq6j/0Y=[0m
[STDOUT  ] 2017-09-04T20:39:29.627116294Z:   [1mendpoint[0m: 127.0.0.1:51821
[STDERR  ] 2017-09-04T20:39:29.627113976Z: [    0.704824] devtmpfs: initialized
[STDERR  ] 2017-09-04T20:39:29.627125184Z: [    0.709461] x86/mm: Memory block size: 128MB
[STDOUT  ] 2017-09-04T20:39:29.627127645Z:   [1mallowed ips[0m: 0.0.0.0[36m/[0m0
[STDERR  ] 2017-09-04T20:39:29.627136438Z: [    0.775103] clocksource: jiffies: mask: 0xffffffff max_cycles: 0xffffffff, max_idle_ns: 19112604462750000 ns
[STDOUT  ] 2017-09-04T20:39:29.627143899Z: [   27.793935] IPVS: Creating netns size=2104 id=2
[STDERR  ] 2017-09-04T20:39:29.627148127Z: [    0.775975] futex hash table entries: 256 (order: 2, 16384 bytes)
[STDOUT  ] 2017-09-04T20:39:29.627159496Z: [   27.794380] IPVS: ftp: loaded support on port[0] = 21
[STDERR  ] 2017-09-04T20:39:29.627159432Z: [    0.784314] NET: Registered protocol family 16
[STDERR  ] 2017-09-04T20:39:29.627172534Z: [    0.793718] cpuidle: using governor ladder
[STDOUT  ] 2017-09-04T20:39:29.627170773Z: Created interface wg1 type wireguard
[STDOUT  ] 2017-09-04T20:39:29.62718197Z: Moved interface wg1 to pid 391
[STDERR  ] 2017-09-04T20:39:29.627183712Z: [    0.794140] cpuidle: using governor menu
[STDERR  ] 2017-09-04T20:39:29.627195029Z: [    0.795176] ACPI: bus type PCI registered
[STDOUT  ] 2017-09-04T20:39:29.627193387Z: [0m[32m[1minterface[0m: [32mwg1[0m
[STDOUT  ] 2017-09-04T20:39:29.627204454Z:   [1mpublic key[0m: ZP7h1OjA1oIAmsAvMKujp2RAAC/f0kY814b3Xq6j/0Y=
[STDERR  ] 2017-09-04T20:39:29.627206241Z: [    0.797931] PCI: MMCONFIG for domain 0000 [bus 00-ff] at [mem 0xb0000000-0xbfffffff] (base 0xb0000000)
[STDOUT  ] 2017-09-04T20:39:29.627215694Z:   [1mprivate key[0m: (hidden)
[STDERR  ] 2017-09-04T20:39:29.627217656Z: [    0.798680] PCI: MMCONFIG at [mem 0xb0000000-0xbfffffff] reserved in E820
[STDERR  ] 2017-09-04T20:39:29.627228797Z: [    0.800067] PCI: Using configuration type 1 for base access
[STDOUT  ] 2017-09-04T20:39:29.627227095Z:   [1mlistening port[0m: 51821
[STDOUT  ] 2017-09-04T20:39:29.627238051Z: 
[STDERR  ] 2017-09-04T20:39:29.627244909Z: [    0.856177] HugeTLB registered 2 MB page size, pre-allocated 0 pages
[STDOUT  ] 2017-09-04T20:39:29.627249685Z: [33m[1mpeer[0m: [33mAcS5t3PC5nL/oj0sYhc3yFpDlRaXoJ0mfEq6iq0rFF4=[0m
[STDERR  ] 2017-09-04T20:39:29.627257714Z: [    0.866362] ACPI: Added _OSI(Module Device)
[STDOUT  ] 2017-09-04T20:39:29.627260802Z:   [1mendpoint[0m: 127.0.0.1:51820
[STDERR  ] 2017-09-04T20:39:29.627268917Z: [    0.866683] ACPI: Added _OSI(Processor Device)
[STDOUT  ] 2017-09-04T20:39:29.627272118Z:   [1mallowed ips[0m: 0.0.0.0[36m/[0m0
[STDERR  ] 2017-09-04T20:39:29.627280154Z: [    0.866979] ACPI: Added _OSI(3.0 _SCP Extensions)
[STDOUT  ] 2017-09-04T20:39:29.627283781Z: [34mINFO[0m[0000] starting containerd                           [34mmodule[0m=containerd [34mrevision[0m=f05281743e5ac9ad11c6e19a72be7a903eab79f5 [34mversion[0m=v1.0.0-alpha6
[STDERR  ] 2017-09-04T20:39:29.627291065Z: [    0.867285] ACPI: Added _OSI(Processor Aggregator Device)
[STDOUT  ] 2017-09-04T20:39:29.627302823Z: [34mINFO[0m[0000] loading plugin "io.containerd.content.v1.content"...  [34mmodule[0m=containerd [34mtype[0m=io.containerd.content.v1
[STDERR  ] 2017-09-04T20:39:29.627304623Z: [    0.938714] ACPI: Interpreter enabled
[STDOUT  ] 2017-09-04T20:39:29.627318953Z: [34mINFO[0m[0000] loading plugin "io.containerd.metadata.v1.bolt"...  [34mmodule[0m=containerd [34mtype[0m=io.containerd.metadata.v1
[STDERR  ] 2017-09-04T20:39:29.627320637Z: [    0.940183] ACPI: (supports S0 S5)
[STDERR  ] 2017-09-04T20:39:29.627332514Z: [    0.940475] ACPI: Using IOAPIC for interrupt routing
[STDOUT  ] 2017-09-04T20:39:29.627330789Z: [34mINFO[0m[0000] loading plugin "io.containerd.differ.v1.walking"...  [34mmodule[0m=containerd [34mtype[0m=io.containerd.differ.v1
[STDERR  ] 2017-09-04T20:39:29.627343395Z: [    0.942242] PCI: Using host bridge windows from ACPI; if necessary, use "pci=nocrs" and report a bug
[STDERR  ] 2017-09-04T20:39:29.627355362Z: [    1.004735] ACPI: PCI Root Bridge [PCI0] (domain 0000 [bus 00-ff])
[STDERR  ] 2017-09-04T20:39:29.627481447Z: [    1.005662] acpi PNP0A08:00: _OSC: OS supports [ExtendedConfig ASPM ClockPM Segments MSI]
[STDOUT  ] 2017-09-04T20:39:29.62734907Z: [34mINFO[0m[0000] loading plugin "io.containerd.grpc.v1.containers"...  [34mmodule[0m=containerd [34mtype[0m=io.containerd.grpc.v1
[STDOUT  ] 2017-09-04T20:39:29.627539035Z: [34mINFO[0m[0000] loading plugin "io.containerd.grpc.v1.content"...  [34mmodule[0m=containerd [34mtype[0m=io.containerd.grpc.v1
[STDOUT  ] 2017-09-04T20:39:29.627554988Z: [34mINFO[0m[0000] loading plugin "io.containerd.grpc.v1.diff"...  [34mmodule[0m=containerd [34mtype[0m=io.containerd.grpc.v1
[STDOUT  ] 2017-09-04T20:39:29.627567016Z: [34mINFO[0m[0000] loading plugin "io.containerd.grpc.v1.events"...  [34mmodule[0m=containerd [34mtype[0m=io.containerd.grpc.v1
[STDOUT  ] 2017-09-04T20:39:29.627592095Z: [34mINFO[0m[0000] loading plugin "io.containerd.grpc.v1.healthcheck"...  [34mmodule[0m=containerd [34mtype[0m=io.containerd.grpc.v1
[STDOUT  ] 2017-09-04T20:39:29.627603812Z: [34mINFO[0m[0000] loading plugin "io.containerd.grpc.v1.images"...  [34mmodule[0m=containerd [34mtype[0m=io.containerd.grpc.v1
