[INFO    ] 2018-11-27T18:11:19.882959090Z: Running Test linuxkit.kernel.config_4.19.x in /tmp/build/test/cases/020_kernel/005_config_4.19.x
[STDERR  ] 2018-11-27T18:11:19.883082666Z: [    0.051005] smp: Brought up 1 node, 1 CPU
[STDERR  ] 2018-11-27T18:11:19.883104698Z: [    0.052003] smpboot: Max logical packages: 1
[STDERR  ] 2018-11-27T18:11:19.883118105Z: [    0.053003] smpboot: Total of 1 processors activated (4599.84 BogoMIPS)
[STDERR  ] 2018-11-27T18:11:19.883138075Z: [    0.055185] devtmpfs: initialized
[STDERR  ] 2018-11-27T18:11:19.883149828Z: [    0.056077] x86/mm: Memory block size: 128MB
[STDERR  ] 2018-11-27T18:11:19.883162656Z: [    0.057378] clocksource: jiffies: mask: 0xffffffff max_cycles: 0xffffffff, max_idle_ns: 1911260446275000 ns
[INFO    ] 2018-11-27T18:11:19.883148290Z: Running command: [/bin/sh -x /tmp/build/test/cases/020_kernel/005_config_4.19.x/test.sh]
[STDERR  ] 2018-11-27T18:11:19.883175693Z: [    0.058026] futex hash table entries: 256 (order: 2, 16384 bytes)
[STDERR  ] 2018-11-27T18:11:19.883189489Z: [    0.060096] NET: Registered protocol family 16
[STDERR  ] 2018-11-27T18:11:19.883202481Z: [    0.061163] audit: initializing netlink subsys (disabled)
[STDERR  ] 2018-11-27T18:11:19.883247922Z: [    0.062069] audit: type=2000 audit(1543342271.274:1): state=initialized audit_enabled=0 res=1
[STDERR  ] 2018-11-27T18:11:19.883262409Z: [    0.064082] cpuidle: using governor ladder
[STDERR  ] 2018-11-27T18:11:19.883277697Z: [    0.0650
[STDERR  ] 2018-11-27T18:11:19.884017517Z: + set -e
[STDERR  ] 2018-11-27T18:11:19.884068797Z: + . /tmp/build/test/cases/_lib/lib.sh
[STDERR  ] 2018-11-27T18:11:19.884084029Z: + [ -f src/github.com/linuxkit/rtf/lib/lib.sh ]
[STDERR  ] 2018-11-27T18:11:19.884097060Z: + LINUXKIT_TMPDIR=/tmp/build/test/cases/_tmp
[STDERR  ] 2018-11-27T18:11:19.884114110Z: + [ -f /tmp/build/test/cases/_tmp/env.sh ]
[STDERR  ] 2018-11-27T18:11:19.884125711Z: + . /tmp/build/test/cases/_tmp/env.sh
[STDERR  ] 2018-11-27T18:11:19.884138142Z: + export LINUXKIT_EXAMPLES_DIR=/tmp/build/test/cases/../../examples
[STDERR  ] 2018-11-27T18:11:19.884152152Z: + RT_CANCEL=253
[STDERR  ] 2018-11-27T18:11:19.884166880Z: + NAME=kconfig
[STDERR  ] 2018-11-27T18:11:19.884180380Z: + trap clean_up EXIT
[STDERR  ] 2018-11-27T18:11:19.884194127Z: + linuxkit build -format kernel+initrd -name kconfig test.yml
[STDERR  ] 2018-11-27T18:11:19.915934679Z: Extract kernel image: linuxkit/kernel:4.19.2
[STDERR  ] 2018-11-27T18:11:21.203931525Z: Pull image: docker.io/linuxkit/kernel:4.19.2@sha256:615a82e020246ff5f5177d685bbbd37a52baec6c6ab6806446481804aed21aad
[STDERR  ] 2018-11-27T18:11:28.590763932Z: Add init containers:
[STDERR  ] 2018-11-27T18:11:28.590834294Z: Process init image: linuxkit/init:c563953a2277eb73a89d89f70e4b6dcdcfebc2d1
[STDERR  ] 2018-11-27T18:11:29.811083410Z: Process init image: linuxkit/runc:83d0edb4552b1a5df1f0976f05f442829eac38fe
[STDERR  ] 2018-11-27T18:11:30.945864528Z: Add onboot containers:
[STDERR  ] 2018-11-27T18:11:30.945933639Z:   Create OCI config for linuxkit/test-kernel-config:1aaef970b5f70791d74d6f980ad38af4035948f8
[STDERR  ] 2018-11-27T18:11:32.271380171Z:   Create OCI config for linuxkit/poweroff:afe8f7dd0d47a7991c54519b0f09124cb8c4e300
[STDERR  ] 2018-11-27T18:11:33.426578066Z: Create outputs:
[STDERR  ] 2018-11-27T18:11:38.554487753Z:   kconfig-kernel kconfig-initrd.img kconfig-cmdline
[STDERR  ] 2018-11-27T18:11:38.618369379Z: + linuxkit run kconfig
[STDERR  ] 2018-11-27T18:11:48.139159546Z: + RESULT=[    0.000000] Linux version 4.19.2-linuxkit (root@a81786895fe1) (gcc version 6.4.0 (Alpine 6.4.0)) #1 SMP Thu Nov 15 23:34:09 UTC 2018
[STDERR  ] 2018-11-27T18:11:48.139244568Z: [    0.000000] Command line: console=ttyS0 console=ttyAMA0
[STDERR  ] 2018-11-27T18:11:48.139261304Z: [    0.000000] x86/fpu: x87 FPU will use FXSAVE
[STDERR  ] 2018-11-27T18:11:48.139275538Z: [    0.000000] BIOS-provided physical RAM map:
[STDERR  ] 2018-11-27T18:11:48.139289130Z: [    0.000000] BIOS-e820: [mem 0x0000000000000000-0x000000000009fbff] usable
[STDERR  ] 2018-11-27T18:11:48.139304653Z: [    0.000000] BIOS-e820: [mem 0x000000000009fc00-0x000000000009ffff] reserved
[STDERR  ] 2018-11-27T18:11:48.139332098Z: [    0.000000] BIOS-e820: [mem 0x00000000000f0000-0x00000000000fffff] reserved
[STDERR  ] 2018-11-27T18:11:48.139356069Z: [    0.000000] BIOS-e820: [mem 0x0000000000100000-0x000000003ffdefff] usable
[STDERR  ] 2018-11-27T18:11:48.139369809Z: [    0.000000] BIOS-e820: [mem 0x000000003ffdf000-0x000000003fffffff] reserved
[STDERR  ] 2018-11-27T18:11:48.139389573Z: [    0.000000] BIOS-e820: [mem 0x00000000b0000000-0x00000000bfffffff] reserved
[STDERR  ] 2018-11-27T18:11:48.139402941Z: [    0.000000] BIOS-e820: [mem 0x00000000fed1c000-0x00000000fed1ffff] reserved
[STDERR  ] 2018-11-27T18:11:48.139415173Z: [    0.000000] BIOS-e820: [mem 0x00000000feffc000-0x00000000feffffff] reserved
[STDERR  ] 2018-11-27T18:11:48.139427974Z: [    0.000000] BIOS-e820: [mem 0x00000000fffc0000-0x00000000ffffffff] reserved
[STDERR  ] 2018-11-27T18:11:48.139440717Z: [    0.000000] NX (Execute Disable) protection: active
[STDERR  ] 2018-11-27T18:11:48.139454072Z: [    0.000000] SMBIOS 2.8 present.
[STDERR  ] 2018-11-27T18:11:48.139466931Z: [    0.000000] DMI: QEMU Standard PC (Q35 + ICH9, 2009), BIOS 1.10.2-1 04/01/2014
[STDERR  ] 2018-11-27T18:11:48.139479562Z: [    0.000000] Hypervisor detected: KVM
[STDERR  ] 2018-11-27T18:11:48.139492537Z: [    0.000000] kvm-clock: Using msrs 4b564d01 and 4b564d00
[STDERR  ] 2018-11-27T18:11:48.139509332Z: [    0.581728] kvm-clock: cpu 0, msr 12824001, primary cpu clock
[STDERR  ] 2018-11-27T18:11:48.139525135Z: [    0.581728] clocksource: kvm-clock: mask: 0xffffffffffffffff max_cycles: 0x1cd42e4dffb, max_idle_ns: 881590591483 ns
[STDERR  ] 2018-11-27T18:11:48.139541765Z: [    0.581731] tsc: Detected 2299.924 MHz processor
[STDERR  ] 2018-11-27T18:11:48.139553663Z: [    0.585190] last_pfn = 0x3ffdf max_arch_pfn = 0x400000000
[STDERR  ] 2018-11-27T18:11:48.139565949Z: [    0.585841] x86/PAT: PAT not supported by CPU.
[STDERR  ] 2018-11-27T18:11:48.139578121Z: [    0.585894] x86/PAT: Configuration [0-7]: WB  WT  UC- UC  WB  WT  UC- UC  
[STDERR  ] 2018-11-27T18:11:48.139588850Z: [    0.591192] found SMP MP-table at [mem 0x000f6a90-0x000f6a9f] mapped at [(____ptrval____)]
[STDERR  ] 2018-11-27T18:11:48.139600304Z: [    0.591555] RAMDISK: [mem 0x3e46f000-0x3ffcffff]
[STDERR  ] 2018-11-27T18:11:48.139615136Z: [    0.591796] ACPI: Early table checksum verification disabled
[STDERR  ] 2018-11-27T18:11:48.139627931Z: [    0.591913] ACPI: RSDP 0x00000000000F68D0 000014 (v00 BOCHS )
[STDERR  ] 2018-11-27T18:11:48.139639193Z: [    0.591922] ACPI: RSDT 0x000000003FFE2404 000034 (v01 BOCHS  BXPCRSDT 00000001 BXPC 00000001)
[STDERR  ] 2018-11-27T18:11:48.139649796Z: [    0.591928] ACPI: FACP 0x000000003FFE22A4 000074 (v01 BOCHS  BXPCFACP 00000001 BXPC 00000001)
[STDERR  ] 2018-11-27T18:11:48.139660011Z: [    0.591934] ACPI: DSDT 0x000000003FFE0040 002264 (v01 BOCHS  BXPCDSDT 00000001 BXPC 00000001)
[STDERR  ] 2018-11-27T18:11:48.139671320Z: [    0.591937] ACPI: FACS 0x000000003FFE0000 000040
[STDERR  ] 2018-11-27T18:11:48.139682828Z: [    0.591940] ACPI: APIC 0x000000003FFE2318 000078 (v01 BOCHS  BXPCAPIC 00000001 BXPC 00000001)
[STDERR  ] 2018-11-27T18:11:48.139697303Z: [    0.591943] ACPI: HPET 0x000000003FFE2390 000038 (v01 BOCHS  BXPCHPET 00000001 BXPC 00000001)
[STDERR  ] 2018-11-27T18:11:48.139709823Z: [    0.591946] ACPI: MCFG 0x000000003FFE23C8 00003C (v01 BOCHS  BXPCMCFG 00000001 BXPC 00000001)
[STDERR  ] 2018-11-27T18:11:48.139722320Z: [    0.592728] Zone ranges:
[STDERR  ] 2018-11-27T18:11:48.139734951Z: [    0.592730]   DMA      [mem 0x0000000000001000-0x0000000000ffffff]
[STDERR  ] 2018-11-27T18:11:48.139746470Z: [    0.592732]   DMA32    [mem 0x0000000001000000-0x000000003ffdefff]
[STDERR  ] 2018-11-27T18:11:48.139758560Z: [    0.592733]   Normal   empty
[STDERR  ] 2018-11-27T18:11:48.139782614Z: [    0.592735]   Device   empty
[STDERR  ] 2018-11-27T18:11:48.139795132Z: [    0.592736] Movable zone start for each node
[STDERR  ] 2018-11-27T18:11:48.139808516Z: [    0.592737] Early memory node ranges
[STDERR  ] 2018-11-27T18:11:48.139825726Z: [    0.592738]   node   0: [mem 0x0000000000001000-0x000000000009efff]
[STDERR  ] 2018-11-27T18:11:48.139853996Z: [    0.592739]   node   0: [mem 0x0000000000100000-0x000000003ffdefff]
[STDERR  ] 2018-11-27T18:11:48.139866151Z: [    0.593850] Reserved but unavailable: 131 pages
[STDERR  ] 2018-11-27T18:11:48.139878116Z: [    0.593852] Initmem setup node 0 [mem 0x0000000000001000-0x000000003ffdefff]
[STDERR  ] 2018-11-27T18:11:48.139900459Z: [    0.605551] ACPI: PM-Timer IO Port: 0x608
[STDERR  ] 2018-11-27T18:11:48.139912684Z: [    0.605600] ACPI: LAPIC_NMI (acpi_id[0xff] dfl dfl lint[0x1])
[STDERR  ] 2018-11-27T18:11:48.139924997Z: [    0.605859] IOAPIC[0]: apic_id 0, version 17, address 0xfec00000, GSI 0-23
[STDERR  ] 2018-11-27T18:11:48.139937577Z: [    0.605862] ACPI: INT_SRC_OVR (bus 0 bus_irq 0 global_irq 2 dfl dfl)
[STDERR  ] 2018-11-27T18:11:48.139955965Z: [    0.605864] ACPI: INT_SRC_OVR (bus 0 bus_irq 5 global_irq 5 high level)
[STDERR  ] 2018-11-27T18:11:48.139968352Z: [    0.605866] ACPI: INT_SRC_OVR (bus 0 bus_irq 9 global_irq 9 high level)
[STDERR  ] 2018-11-27T18:11:48.140002819Z: [    0.605867] ACPI: INT_SRC_OVR (bus 0 bus_irq 10 global_irq 10 high level)
[STDERR  ] 2018-11-27T18:11:48.140014899Z: [    0.605868] ACPI: INT_SRC_OVR (bus 0 bus_irq 11 global_irq 11 high level)
[STDERR  ] 2018-11-27T18:11:48.140027478Z: [    0.605875] Using ACPI (MADT) for SMP configuration information
[STDERR  ] 2018-11-27T18:11:48.140047004Z: [    0.605876] ACPI: HPET id: 0x8086a201 base: 0xfed00000
[STDERR  ] 2018-11-27T18:11:48.140059340Z: [    0.605911] smpboot: Allowing 1 CPUs, 0 hotplug CPUs
[STDERR  ] 2018-11-27T18:11:48.140072097Z: [    0.606011] [mem 0x40000000-0xafffffff] available for PCI devices
[STDERR  ] 2018-11-27T18:11:48.140088565Z: [    0.606013] Booting paravirtualized kernel on KVM
[STDERR  ] 2018-11-27T18:11:48.140103260Z: [    0.606015] clocksource: refined-jiffies: mask: 0xffffffff max_cycles: 0xffffffff, max_idle_ns: 1910969940391419 ns
[STDERR  ] 2018-11-27T18:11:48.140121653Z: [    0.708474] random: get_random_bytes called from start_kernel+0x92/0x52b with crng_init=0
[STDERR  ] 2018-11-27T18:11:48.140133579Z: [    0.708490] setup_percpu: NR_CPUS:128 nr_cpumask_bits:128 nr_cpu_ids:1 nr_node_ids:1
[STDERR  ] 2018-11-27T18:11:48.140145241Z: [    0.709324] percpu: Embedded 45 pages/cpu @(____ptrval____) s145176 r8192 d30952 u2097152
[STDERR  ] 2018-11-27T18:11:48.140162145Z: [    0.709417] KVM setup async PF for cpu 0
[STDERR  ] 2018-11-27T18:11:48.140173956Z: [    0.709473] kvm-stealtime: cpu 0, msr 3d015e80
[STDERR  ] 2018-11-27T18:11:48.140186031Z: [    0.709497] Built 1 zonelists, mobility grouping on.  Total pages: 257896
[STDERR  ] 2018-11-27T18:11:48.140198495Z: [    0.709499] Kernel command line: console=ttyS0 console=ttyAMA0
[STDERR  ] 2018-11-27T18:11:48.140215658Z: [    0.709638] Dentry cache hash table entries: 131072 (order: 8, 1048576 bytes)
[STDERR  ] 2018-11-27T18:11:48.140229822Z: [    0.709665] Inode-cache hash table entries: 65536 (order: 7, 524288 bytes)
[STDERR  ] 2018-11-27T18:11:48.140246295Z: [    0.716440] Memory: 973484K/1048052K available (12300K kernel code, 1579K rwdata, 3048K rodata, 1588K init, 1996K bss, 74568K reserved, 0K cma-reserved)
[STDERR  ] 2018-11-27T18:11:48.140258959Z: [    0.717229] Kernel/User page tables isolation: enabled
[STDERR  ] 2018-11-27T18:11:48.140271107Z: [    0.717311] ftrace: allocating 43009 entries in 169 pages
[STDERR  ] 2018-11-27T18:11:48.140289676Z: [    0.734294] rcu: Hierarchical RCU implementation.
[STDERR  ] 2018-11-27T18:11:48.140301154Z: [    0.734297] rcu: 	RCU restricting CPUs from NR_CPUS=128 to nr_cpu_ids=1.
[STDERR  ] 2018-11-27T18:11:48.140312950Z: [    0.734300] rcu: Adjusting geometry for rcu_fanout_leaf=16, nr_cpu_ids=1
[STDERR  ] 2018-11-27T18:11:48.140328263Z: [    0.737222] NR_IRQS: 8448, nr_irqs: 256, preallocated irqs: 16
[STDERR  ] 2018-11-27T18:11:48.140341878Z: [    0.764277] Console: colour VGA+ 80x25
[STDERR  ] 2018-11-27T18:11:48.140353754Z: [    1.219258] console [ttyS0] enabled
[STDERR  ] 2018-11-27T18:11:48.140375395Z: [    1.222659] ACPI: Core revision 20180810
[STDERR  ] 2018-11-27T18:11:48.140386617Z: [    1.227259] clocksource: hpet: mask: 0xffffffff max_cycles: 0xffffffff, max_idle_ns: 19112604467 ns
[STDERR  ] 2018-11-27T18:11:48.140402797Z: [    1.236546] APIC: Switch to symmetric I/O mode setup
[STDERR  ] 2018-11-27T18:11:48.140418471Z: [    1.243445] x2apic enabled
[STDERR  ] 2018-11-27T18:11:48.140430855Z: [    1.248075] Switched APIC routing to physical x2apic.
[STDERR  ] 2018-11-27T18:11:48.140442629Z: [    1.263610] ..TIMER: vector=0x30 apic1=0 pin1=2 apic2=-1 pin2=-1
[STDERR  ] 2018-11-27T18:11:48.140459267Z: [    1.268987] clocksource: tsc-early: mask: 0xffffffffffffffff max_cycles: 0x2126ed38629, max_idle_ns: 440795218029 ns
[STDERR  ] 2018-11-27T18:11:48.140470968Z: [    1.277956] Calibrating delay loop (skipped) preset value.. 4599.84 BogoMIPS (lpj=2299924)
[STDERR  ] 2018-11-27T18:11:48.140483444Z: [    1.278938] pid_max: default: 32768 minimum: 301
[STDERR  ] 2018-11-27T18:11:48.140495851Z: [    1.280027] Security Framework initialized
[STDERR  ] 2018-11-27T18:11:48.140507965Z: [    1.280936] Yama: becoming mindful.
[STDERR  ] 2018-11-27T18:11:48.140523920Z: [    1.281977] Mount-cache hash table entries: 2048 (order: 2, 16384 bytes)
[STDERR  ] 2018-11-27T18:11:48.140535517Z: [    1.282951] Mountpoint-cache hash table entries: 2048 (order: 2, 16384 bytes)
[STDERR  ] 2018-11-27T18:11:48.140549884Z: [    1.285975] Last level iTLB entries: 4KB 0, 2MB 0, 4MB 0
[STDERR  ] 2018-11-27T18:11:48.140566672Z: [    1.286942] Last level dTLB entries: 4KB 0, 2MB 0, 4MB 0, 1GB 0
[STDERR  ] 2018-11-27T18:11:48.140582535Z: [    1.287939] Spectre V2 : Mitigation: Full generic retpoline
[STDERR  ] 2018-11-27T18:11:48.140594337Z: [    1.288936] Spectre V2 : Spectre v2 / SpectreRSB mitigation: Filling RSB on context switch
[STDERR  ] 2018-11-27T18:11:48.140606815Z: [    1.289937] Speculative Store Bypass: Vulnerable
[STDERR  ] 2018-11-27T18:11:48.140650948Z: [    1.297575] Freeing SMP alternatives memory: 20K
[STDERR  ] 2018-11-27T18:11:48.140662971Z: [    1.299930] smpboot: CPU0: Intel QEMU Virtual CPU version 2.5+ (family: 0x6, model: 0x6, stepping: 0x3)
[STDERR  ] 2018-11-27T18:11:48.140675072Z: [    1.300102] Performance Events: PMU not available due to virtualization, using software events only.
[STDERR  ] 2018-11-27T18:11:48.140691911Z: [    1.302250] rcu: Hierarchical SRCU implementation.
[STDERR  ] 2018-11-27T18:11:48.140707550Z: [    1.304053] NMI watchdog: Perf NMI watchdog permanently disabled
[STDERR  ] 2018-11-27T18:11:48.140725364Z: [    1.305992] smp: Bringing up secondary CPUs ...
[STDERR  ] 2018-11-27T18:11:48.140737419Z: [    1.306936] smp: Brought up 1 node, 1 CPU
[STDERR  ] 2018-11-27T18:11:48.140752620Z: [    1.307935] smpboot: Max logical packages: 1
[STDERR  ] 2018-11-27T18:11:48.140768484Z: [    1.308935] smpboot: Total of 1 processors activated (4599.84 BogoMIPS)
[STDERR  ] 2018-11-27T18:11:48.140785892Z: [    1.311142] devtmpfs: initialized
[STDERR  ] 2018-11-27T18:11:48.140797920Z: [    1.312950] x86/mm: Memory block size: 128MB
[STDERR  ] 2018-11-27T18:11:48.140809915Z: [    1.314313] clocksource: jiffies: mask: 0xffffffff max_cycles: 0xffffffff, max_idle_ns: 1911260446275000 ns
[STDERR  ] 2018-11-27T18:11:48.140829704Z: [    1.314952] futex hash table entries: 256 (order: 2, 16384 bytes)
[STDERR  ] 2018-11-27T18:11:48.140841541Z: [    1.317186] NET: Registered protocol family 16
[STDERR  ] 2018-11-27T18:11:48.140853593Z: [    1.318093] audit: initializing netlink subsys (disabled)
[STDERR  ] 2018-11-27T18:11:48.140872386Z: [    1.319063] cpuidle: using governor ladder
[STDERR  ] 2018-11-27T18:11:48.140884249Z: [    1.319936] cpuidle: using governor menu
[STDERR  ] 2018-11-27T18:11:48.140900019Z: [    1.321058] ACPI: bus type PCI registered
[STDERR  ] 2018-11-27T18:11:48.140911938Z: [    1.321944] audit: type=2000 audit(1543342299.565:1): state=initialized audit_enabled=0 res=1
[STDERR  ] 2018-11-27T18:11:48.140923972Z: [    1.323938] PCI: MMCONFIG for domain 0000 [bus 00-ff] at [mem 0xb0000000-0xbfffffff] (base 0xb0000000)
[STDERR  ] 2018-11-27T18:11:48.140946281Z: [    1.324939] PCI: MMCONFIG at [mem 0xb0000000-0xbfffffff] reserved in E820
[STDERR  ] 2018-11-27T18:11:48.140962048Z: [    1.325957] PCI: Using configuration type 1 for base access
[STDERR  ] 2018-11-27T18:11:48.140989600Z: [    1.329958] HugeTLB registered 2.00 MiB page size, pre-allocated 0 pages
[STDERR  ] 2018-11-27T18:11:48.141006536Z: [    1.331101] cryptd: max_cpu_qlen set to 1000
[STDERR  ] 2018-11-27T18:11:48.141022834Z: [    1.333071] ACPI: Added _OSI(Module Device)
[STDERR  ] 2018-11-27T18:11:48.141034443Z: [    1.333936] ACPI: Added _OSI(Processor Device)
[STDERR  ] 2018-11-27T18:11:48.141046444Z: [    1.334935] ACPI: Added _OSI(3.0 _SCP Extensions)
[STDERR  ] 2018-11-27T18:11:48.141059288Z: [    1.335935] ACPI: Added _OSI(Processor Aggregator Device)
[STDERR  ] 2018-11-27T18:11:48.141077655Z: [    1.336951] ACPI: Added _OSI(Linux-Dell-Video)
[STDERR  ] 2018-11-27T18:11:48.141090035Z: [    1.337936] ACPI: Added _OSI(Linux-Lenovo-NV-HDMI-Audio)
[STDERR  ] 2018-11-27T18:11:48.141102164Z: [    1.340295] ACPI: 1 ACPI AML tables successfully acquired and loaded
[STDERR  ] 2018-11-27T18:11:48.141120097Z: [    1.344111] ACPI: Interpreter enabled
[STDERR  ] 2018-11-27T18:11:48.141134476Z: [    1.344944] ACPI: (supports S0 S5)
[STDERR  ] 2018-11-27T18:11:48.141146188Z: [    1.345936] ACPI: Using IOAPIC for interrupt routing
[STDERR  ] 2018-11-27T18:11:48.141163311Z: [    1.346991] PCI: Using host bridge windows from ACPI; if necessary, use "pci=nocrs" and report a bug
[STDERR  ] 2018-11-27T18:11:48.141175150Z: [    1.348161] ACPI: Enabled 2 GPEs in block 00 to 3F
[STDERR  ] 2018-11-27T18:11:48.141190467Z: [    1.352798] ACPI: PCI Root Bridge [PCI0] (domain 0000 [bus 00-ff])
[STDERR  ] 2018-11-27T18:11:48.141202388Z: [    1.352943] acpi PNP0A08:00: _OSC: OS supports [ExtendedConfig ASPM ClockPM Segments MSI]
[STDERR  ] 2018-11-27T18:11:48.141219819Z: [    1.354964] acpi PNP0A08:00: _OSC: platform does not support [SHPCHotplug LTR]
[STDERR  ] 2018-11-27T18:11:48.141232998Z: [    1.356037] acpi PNP0A08:00: _OSC: OS now controls [PCIeHotplug PME PCIeCapability]
[STDERR  ] 2018-11-27T18:11:48.141243468Z: [    1.357009] PCI host bridge to bus 0000:00
[STDERR  ] 2018-11-27T18:11:48.141256290Z: [    1.357939] pci_bus 0000:00: root bus resource [io  0x0000-0x0cf7 window]
[STDERR  ] 2018-11-27T18:11:48.141267606Z: [    1.358938] pci_bus 0000:00: root bus resource [io  0x0d00-0xffff window]
[STDERR  ] 2018-11-27T18:11:48.141279127Z: [    1.359937] pci_bus 0000:00: root bus resource [mem 0x000a0000-0x000bffff window]
[STDERR  ] 2018-11-27T18:11:48.141291286Z: [    1.360937] pci_bus 0000:00: root bus resource [mem 0xc0000000-0xfebfffff window]
[STDERR  ] 2018-11-27T18:11:48.141303139Z: [    1.361939] pci_bus 0000:00: root bus resource [bus 00-ff]
[STDERR  ] 2018-11-27T18:11:48.141315230Z: [    1.432827] pci 0000:00:1f.0: quirk: [io  0x0600-0x067f] claimed by ICH6 ACPI/GPIO/TCO
[STDERR  ] 2018-11-27T18:11:48.141327227Z: [    1.461182] ACPI: PCI Interrupt Link [LNKA] (IRQs 5 *10 11)
[STDERR  ] 2018-11-27T18:11:48.141343280Z: [    1.463107] ACPI: PCI Interrupt Link [LNKB] (IRQs 5 *10 11)
[STDERR  ] 2018-11-27T18:11:48.141357522Z: [    1.465170] ACPI: PCI Interrupt Link [LNKC] (IRQs 5 10 *11)
[STDERR  ] 2018-11-27T18:11:48.141369895Z: [    1.466220] ACPI: PCI Interrupt Link [LNKD] (IRQs 5 10 *11)
[STDERR  ] 2018-11-27T18:11:48.141381923Z: [    1.469118] ACPI: PCI Interrupt Link [LNKE] (IRQs 5 *10 11)
[STDERR  ] 2018-11-27T18:11:48.141398616Z: [    1.470960] ACPI: PCI Interrupt Link [LNKF] (IRQs 5 *10 11)
[STDERR  ] 2018-11-27T18:11:48.141409890Z: [    1.472224] ACPI: PCI Interrupt Link [LNKG] (IRQs 5 10 *11)
[STDERR  ] 2018-11-27T18:11:48.141422008Z: [    1.473231] ACPI: PCI Interrupt Link [LNKH] (IRQs 5 10 *11)
[STDERR  ] 2018-11-27T18:11:48.141436713Z: [    1.474073] ACPI: PCI Interrupt Link [GSIA] (IRQs *16)
[STDERR  ] 2018-11-27T18:11:48.141448686Z: [    1.474950] ACPI: PCI Interrupt Link [GSIB] (IRQs *17)
[STDERR  ] 2018-11-27T18:11:48.141460422Z: [    1.475952] ACPI: PCI Interrupt Link [GSIC] (IRQs *18)
[STDERR  ] 2018-11-27T18:11:48.141479570Z: [    1.476949] ACPI: PCI Interrupt Link [GSID] (IRQs *19)
[STDERR  ] 2018-11-27T18:11:48.141499554Z: [    1.477951] ACPI: PCI Interrupt Link [GSIE] (IRQs *20)
[STDERR  ] 2018-11-27T18:11:48.141511435Z: [    1.478951] ACPI: PCI Interrupt Link [GSIF] (IRQs *21)
[STDERR  ] 2018-11-27T18:11:48.141531502Z: [    1.479957] ACPI: PCI Interrupt Link [GSIG] (IRQs *22)
[STDERR  ] 2018-11-27T18:11:48.141542761Z: [    1.480954] ACPI: PCI Interrupt Link [GSIH] (IRQs *23)
[STDERR  ] 2018-11-27T18:11:48.141555092Z: [    1.483102] SCSI subsystem initialized
[STDERR  ] 2018-11-27T18:11:48.141567315Z: [    1.484947] ACPI: bus type USB registered
[STDERR  ] 2018-11-27T18:11:48.141579553Z: [    1.486959] usbcore: registered new interface driver usbfs
[STDERR  ] 2018-11-27T18:11:48.141590976Z: [    1.487964] usbcore: registered new interface driver hub
[STDERR  ] 2018-11-27T18:11:48.141606694Z: [    1.488968] usbcore: registered new device driver usb
[STDERR  ] 2018-11-27T18:11:48.141618139Z: [    1.489970] pps_core: LinuxPPS API ver. 1 registered
[STDERR  ] 2018-11-27T18:11:48.141635785Z: [    1.490934] pps_core: Software ver. 5.3.6 - Copyright 2005-2007 Rodolfo Giometti <giometti@linux.it>
[STDERR  ] 2018-11-27T18:11:48.141648443Z: [    1.491946] PTP clock support registered
[STDERR  ] 2018-11-27T18:11:48.141660668Z: [    1.493027] PCI: Using ACPI for IRQ routing
[STDERR  ] 2018-11-27T18:11:48.141672986Z: [    1.973260] NetLabel: Initializing
[STDERR  ] 2018-11-27T18:11:48.141685243Z: [    1.973935] NetLabel:  domain hash size = 128
[STDERR  ] 2018-11-27T18:11:48.141697242Z: [    1.974933] NetLabel:  protocols = UNLABELED CIPSOv4 CALIPSO
[STDERR  ] 2018-11-27T18:11:48.141708900Z: [    1.975963] NetLabel:  unlabeled traffic allowed by default
[STDERR  ] 2018-11-27T18:11:48.141720732Z: [    1.978107] HPET: 3 timers in total, 0 timers will be used for per-cpu timer
[STDERR  ] 2018-11-27T18:11:48.141732951Z: [    1.979051] hpet0: at MMIO 0xfed00000, IRQs 2, 8, 0
[STDERR  ] 2018-11-27T18:11:48.141744713Z: [    1.979937] hpet0: 3 comparators, 64-bit 100.000000 MHz counter
[STDERR  ] 2018-11-27T18:11:48.141756706Z: [    1.982975] clocksource: Switched to clocksource kvm-clock
[STDERR  ] 2018-11-27T18:11:48.141768585Z: [    2.010467] VFS: Disk quotas dquot_6.6.0
[STDERR  ] 2018-11-27T18:11:48.141781391Z: [    2.014420] VFS: Dquot-cache hash table entries: 512 (order 0, 4096 bytes)
[STDERR  ] 2018-11-27T18:11:48.141793367Z: [    2.021059] FS-Cache: Loaded
[STDERR  ] 2018-11-27T18:11:48.141805547Z: [    2.024078] CacheFiles: Loaded
[STDERR  ] 2018-11-27T18:11:48.141820358Z: [    2.027161] pnp: PnP ACPI init
[STDERR  ] 2018-11-27T18:11:48.141859604Z: [    2.031339] pnp: PnP ACPI: found 5 devices
[STDERR  ] 2018-11-27T18:11:48.141874122Z: [    2.041661] clocksource: acpi_pm: mask: 0xffffff max_cycles: 0xffffff, max_idle_ns: 2085701024 ns
[STDERR  ] 2018-11-27T18:11:48.141886996Z: [    2.050226] NET: Registered protocol family 2
[STDERR  ] 2018-11-27T18:11:48.141900034Z: [    2.055414] tcp_listen_portaddr_hash hash table entries: 512 (order: 1, 8192 bytes)
[STDERR  ] 2018-11-27T18:11:48.141913129Z: [    2.062806] TCP established hash table entries: 8192 (order: 4, 65536 bytes)
[STDERR  ] 2018-11-27T18:11:48.141925432Z: [    2.069558] TCP bind hash table entries: 8192 (order: 5, 131072 bytes)
[STDERR  ] 2018-11-27T18:11:48.141944109Z: [    2.075867] TCP: Hash tables configured (established 8192 bind 8192)
[STDERR  ] 2018-11-27T18:11:48.141955778Z: [    2.082055] UDP hash table entries: 512 (order: 2, 16384 bytes)
[STDERR  ] 2018-11-27T18:11:48.141968276Z: [    2.087744] UDP-Lite hash table entries: 512 (order: 2, 16384 bytes)
[STDERR  ] 2018-11-27T18:11:48.142000445Z: [    2.093936] NET: Registered protocol family 1
[STDERR  ] 2018-11-27T18:11:48.142013488Z: [    2.098166] NET: Registered protocol family 44
[STDERR  ] 2018-11-27T18:11:48.142025363Z: [    2.102844] pci 0000:00:01.0: Video device with shadowed ROM at [mem 0x000c0000-0x000dffff]
[STDERR  ] 2018-11-27T18:11:48.142043410Z: [    2.110166] Trying to unpack rootfs image as initramfs...
[STDERR  ] 2018-11-27T18:11:48.142060186Z: [    2.750132] Freeing initrd memory: 28036K
[STDERR  ] 2018-11-27T18:11:48.142071534Z: [    2.754295] clocksource: tsc: mask: 0xffffffffffffffff max_cycles: 0x2126ed38629, max_idle_ns: 440795218029 ns
[STDERR  ] 2018-11-27T18:11:48.142088301Z: [    2.767136] PCLMULQDQ-NI instructions are not detected.
[STDERR  ] 2018-11-27T18:11:48.142101221Z: [    2.772300] AVX or AES-NI instructions are not detected.
[STDERR  ] 2018-11-27T18:11:48.142113175Z: [    2.777524] CPU feature 'AVX registers' is not supported.
[STDERR  ] 2018-11-27T18:11:48.142125248Z: [    2.782780] CPU feature 'AVX registers' is not supported.
[STDERR  ] 2018-11-27T18:11:48.142143721Z: [    2.788207] CPU feature 'AVX registers' is not supported.
[STDERR  ] 2018-11-27T18:11:48.142164786Z: [    2.793415] CPU feature 'AVX registers' is not supported.
[STDERR  ] 2018-11-27T18:11:48.142176538Z: [    2.798660] AVX2 or AES-NI instructions are not detected.
[STDERR  ] 2018-11-27T18:11:48.142188281Z: [    2.803848] AVX2 instructions are not detected.
[STDERR  ] 2018-11-27T18:11:48.142203145Z: [    2.808802] workingset: timestamp_bits=46 max_order=18 bucket_order=0
[STDERR  ] 2018-11-27T18:11:48.142215577Z: [    2.814642] squashfs: version 4.0 (2009/01/31) Phillip Lougher
[STDERR  ] 2018-11-27T18:11:48.142232122Z: [    2.820444] FS-Cache: Netfs 'cifs' registered for caching
[STDERR  ] 2018-11-27T18:11:48.142244265Z: [    2.825743] fuse init (API version 7.27)
[STDERR  ] 2018-11-27T18:11:48.142255905Z: [    2.829669] SGI XFS with ACLs, security attributes, no debug enabled
[STDERR  ] 2018-11-27T18:11:48.142267697Z: [    2.836104] 9p: Installing v9fs 9p2000 file system support
[STDERR  ] 2018-11-27T18:11:48.142280085Z: [    2.841476] FS-Cache: Netfs '9p' registered for caching
[STDERR  ] 2018-11-27T18:11:48.142292154Z: [    2.846537] pstore: using deflate compression
[STDERR  ] 2018-11-27T18:11:48.142303402Z: [    2.852196] NET: Registered protocol family 38
[STDERR  ] 2018-11-27T18:11:48.142315217Z: [    2.856587] Key type asymmetric registered
[STDERR  ] 2018-11-27T18:11:48.142326978Z: [    2.860728] Asymmetric key parser 'x509' registered
[STDERR  ] 2018-11-27T18:11:48.142339272Z: [    2.865503] Block layer SCSI generic (bsg) driver version 0.4 loaded (major 247)
[STDERR  ] 2018-11-27T18:11:48.142351605Z: [    2.872760] io scheduler noop registered
[STDERR  ] 2018-11-27T18:11:48.142363937Z: [    2.876591] io scheduler deadline registered (default)
[STDERR  ] 2018-11-27T18:11:48.142376534Z: [    2.881650] io scheduler cfq registered
[STDERR  ] 2018-11-27T18:11:48.142389130Z: [    2.885381] io scheduler mq-deadline registered (default)
[STDERR  ] 2018-11-27T18:11:48.142401339Z: [    2.890586] io scheduler kyber registered
[STDERR  ] 2018-11-27T18:11:48.142413109Z: [    2.894614] shpchp: Standard Hot Plug PCI Controller Driver version: 0.4
[STDERR  ] 2018-11-27T18:11:48.142425507Z: [    2.901043] hv_vmbus: registering driver hyperv_fb
[STDERR  ] 2018-11-27T18:11:48.142437734Z: [    2.905775] input: Power Button as /devices/LNXSYSTM:00/LNXPWRBN:00/input/input0
[STDERR  ] 2018-11-27T18:11:48.142449717Z: [    2.913028] ACPI: Power Button [PWRF]
[STDERR  ] 2018-11-27T18:11:48.142461656Z: [    2.917446] PCI Interrupt Link [GSIG] enabled at IRQ 22
[STDERR  ] 2018-11-27T18:11:48.142478787Z: [    2.928606] PCI Interrupt Link [GSIH] enabled at IRQ 23
[STDERR  ] 2018-11-27T18:11:48.142493159Z: [    2.939707] Serial: 8250/16550 driver, 4 ports, IRQ sharing disabled
[STDERR  ] 2018-11-27T18:11:48.142509180Z: [    2.980489] 00:04: ttyS0 at I/O 0x3f8 (irq = 4, base_baud = 115200) is a 16550A
[STDERR  ] 2018-11-27T18:11:48.142525655Z: [    2.988449] Non-volatile memory driver v1.3
[STDERR  ] 2018-11-27T18:11:48.142540443Z: [    2.994218] Hangcheck: starting hangcheck timer 0.9.1 (tick is 180 seconds, margin is 60 seconds).
[STDERR  ] 2018-11-27T18:11:48.142552323Z: [    3.003140] random: fast init done
[STDERR  ] 2018-11-27T18:11:48.142564576Z: [    3.007601] random: crng init done
[STDERR  ] 2018-11-27T18:11:48.142587336Z: [    3.012088] brd: module loaded
[STDERR  ] 2018-11-27T18:11:48.142599179Z: [    3.019681] loop: module loaded
[STDERR  ] 2018-11-27T18:11:48.142611371Z: [    3.026767] lpc_ich 0000:00:1f.0: I/O space for GPIO uninitialized
[STDERR  ] 2018-11-27T18:11:48.142623826Z: [    3.032849] VMware PVSCSI driver - version 1.0.7.0-k
[STDERR  ] 2018-11-27T18:11:48.142643068Z: [    3.037653] hv_vmbus: registering driver hv_storvsc
[STDERR  ] 2018-11-27T18:11:48.142662793Z: [    3.043049] PCI Interrupt Link [GSIA] enabled at IRQ 16
[STDERR  ] 2018-11-27T18:11:48.142674436Z: [    3.051798] ahci 0000:00:1f.2: AHCI 0001.0000 32 slots 6 ports 1.5 Gbps 0x3f impl SATA mode
[STDERR  ] 2018-11-27T18:11:48.142686616Z: [    3.059776] ahci 0000:00:1f.2: flags: 64bit ncq only 
[STDERR  ] 2018-11-27T18:11:48.142698408Z: [    3.068710] scsi host0: ahci
[STDERR  ] 2018-11-27T18:11:48.142715360Z: [    3.071715] scsi host1: ahci
[STDERR  ] 2018-11-27T18:11:48.142726589Z: [    3.074702] scsi host2: ahci
[STDERR  ] 2018-11-27T18:11:48.142738644Z: [    3.077648] scsi host3: ahci
[STDERR  ] 2018-11-27T18:11:48.142750787Z: [    3.080667] scsi host4: ahci
[STDERR  ] 2018-11-27T18:11:48.142762762Z: [    3.083607] scsi host5: ahci
[STDERR  ] 2018-11-27T18:11:48.142774982Z: [    3.086535] ata1: SATA max UDMA/133 abar m4096@0xfebd2000 port 0xfebd2100 irq 24
[STDERR  ] 2018-11-27T18:11:48.142787219Z: [    3.093703] ata2: SATA max UDMA/133 abar m4096@0xfebd2000 port 0xfebd2180 irq 24
[STDERR  ] 2018-11-27T18:11:48.142799297Z: [    3.100891] ata3: SATA max UDMA/133 abar m4096@0xfebd2000 port 0xfebd2200 irq 24
[STDERR  ] 2018-11-27T18:11:48.142814335Z: [    3.108011] ata4: SATA max UDMA/133 abar m4096@0xfebd2000 port 0xfebd2280 irq 24
[STDERR  ] 2018-11-27T18:11:48.142826512Z: [    3.115132] ata5: SATA max UDMA/133 abar m4096@0xfebd2000 port 0xfebd2300 irq 24
[STDERR  ] 2018-11-27T18:11:48.142838520Z: [    3.122253] ata6: SATA max UDMA/133 abar m4096@0xfebd2000 port 0xfebd2380 irq 24
[STDERR  ] 2018-11-27T18:11:48.142850678Z: [    3.130455] tun: Universal TUN/TAP device driver, 1.6
[STDERR  ] 2018-11-27T18:11:48.142862804Z: [    3.140459] VMware vmxnet3 virtual NIC driver - version 1.4.16.0-k-NAPI
[STDERR  ] 2018-11-27T18:11:48.142874710Z: [    3.146886] hv_vmbus: registering driver hv_netvsc
[STDERR  ] 2018-11-27T18:11:48.142886545Z: [    3.151558] Fusion MPT base driver 3.04.20
[STDERR  ] 2018-11-27T18:11:48.142903929Z: [    3.155428] Copyright (c) 1999-2008 LSI Corporation
[STDERR  ] 2018-11-27T18:11:48.142915500Z: [    3.160206] Fusion MPT SPI Host driver 3.04.20
[STDERR  ] 2018-11-27T18:11:48.142934562Z: [    3.164585] i8042: PNP: PS/2 Controller [PNP0303:KBD,PNP0f13:MOU] at 0x60,0x64 irq 1,12
[STDERR  ] 2018-11-27T18:11:48.142950774Z: [    3.176224] serio: i8042 KBD port at 0x60,0x64 irq 1
[STDERR  ] 2018-11-27T18:11:48.142962536Z: [    3.181070] serio: i8042 AUX port at 0x60,0x64 irq 12
[STDERR  ] 2018-11-27T18:11:48.142990304Z: [    3.186097] hv_vmbus: registering driver hyperv_keyboard
[STDERR  ] 2018-11-27T18:11:48.143006249Z: [    3.191305] mousedev: PS/2 mouse device common for all mice
[STDERR  ] 2018-11-27T18:11:48.143018127Z: [    3.198143] input: AT Translated Set 2 keyboard as /devices/platform/i8042/serio0/input/input1
[STDERR  ] 2018-11-27T18:11:48.143030422Z: [    3.206489] input: PC Speaker as /devices/platform/pcspkr/input/input2
[STDERR  ] 2018-11-27T18:11:48.143042537Z: [    3.213277] rtc_cmos 00:00: RTC can wake from S4
[STDERR  ] 2018-11-27T18:11:48.143059143Z: [    3.221162] rtc_cmos 00:00: registered as rtc0
[STDERR  ] 2018-11-27T18:11:48.143070983Z: [    3.225573] rtc_cmos 00:00: alarms up to one day, y3k, 114 bytes nvram, hpet irqs
[STDERR  ] 2018-11-27T18:11:48.143083217Z: [    3.232721] i2c /dev entries driver
[STDERR  ] 2018-11-27T18:11:48.143098936Z: [    3.236497] device-mapper: ioctl: 4.39.0-ioctl (2018-04-03) initialised: dm-devel@redhat.com
[STDERR  ] 2018-11-27T18:11:48.143110855Z: [    3.245192] usbcore: registered new interface driver usbhid
[STDERR  ] 2018-11-27T18:11:48.143130239Z: [    3.250625] usbhid: USB HID core driver
[STDERR  ] 2018-11-27T18:11:48.143145580Z: [    3.254509] hv_utils: Registering HyperV Utility Driver
[STDERR  ] 2018-11-27T18:11:48.143165714Z: [    3.259632] hv_vmbus: registering driver hv_util
[STDERR  ] 2018-11-27T18:11:48.143177605Z: [    3.264102] hv_vmbus: registering driver hv_balloon
[STDERR  ] 2018-11-27T18:11:48.143197866Z: [    3.268841] oprofile: using NMI interrupt.
[STDERR  ] 2018-11-27T18:11:48.143214412Z: [    3.272913] GACT probability on
[STDERR  ] 2018-11-27T18:11:48.143226186Z: [    3.276031] Mirror/redirect action on
[STDERR  ] 2018-11-27T18:11:48.143237936Z: [    3.279641] Simple TC action Loaded
[STDERR  ] 2018-11-27T18:11:48.143253608Z: [    3.283075] u32 classifier
[STDERR  ] 2018-11-27T18:11:48.143265399Z: [    3.285745]     Performance counters on
[STDERR  ] 2018-11-27T18:11:48.143279598Z: [    3.289488]     input device check on
[STDERR  ] 2018-11-27T18:11:48.143296670Z: [    3.293086]     Actions configured
[STDERR  ] 2018-11-27T18:11:48.143307689Z: [    3.296717] xt_time: kernel timezone is -0000
[STDERR  ] 2018-11-27T18:11:48.143319336Z: [    3.301010] IPVS: Registered protocols (TCP, UDP, SCTP, AH, ESP)
[STDERR  ] 2018-11-27T18:11:48.143331331Z: [    3.306860] IPVS: Connection hash table configured (size=4096, memory=64Kbytes)
[STDERR  ] 2018-11-27T18:11:48.143343413Z: [    3.313653] IPVS: ipvs loaded.
[STDERR  ] 2018-11-27T18:11:48.143355605Z: [    3.316426] IPVS: [rr] scheduler registered.
[STDERR  ] 2018-11-27T18:11:48.143369703Z: [    3.320614] IPVS: [wrr] scheduler registered.
[STDERR  ] 2018-11-27T18:11:48.143381686Z: [    3.324908] IPVS: [lc] scheduler registered.
[STDERR  ] 2018-11-27T18:11:48.143393860Z: [    3.329086] IPVS: [wlc] scheduler registered.
[STDERR  ] 2018-11-27T18:11:48.143406816Z: [    3.333608] IPVS: [fo] scheduler registered.
[STDERR  ] 2018-11-27T18:11:48.143419035Z: [    3.337784] IPVS: [ovf] scheduler registered.
[STDERR  ] 2018-11-27T18:11:48.143435389Z: [    3.342296] IPVS: [lblc] scheduler registered.
[STDERR  ] 2018-11-27T18:11:48.143447061Z: [    3.346655] IPVS: [lblcr] scheduler registered.
[STDERR  ] 2018-11-27T18:11:48.143458851Z: [    3.351305] IPVS: [dh] scheduler registered.
[STDERR  ] 2018-11-27T18:11:48.143471020Z: [    3.355478] IPVS: [sh] scheduler registered.
[STDERR  ] 2018-11-27T18:11:48.143482949Z: [    3.359942] IPVS: [mh] scheduler registered.
[STDERR  ] 2018-11-27T18:11:48.143497989Z: [    3.364112] IPVS: [sed] scheduler registered.
[STDERR  ] 2018-11-27T18:11:48.143510260Z: [    3.368629] IPVS: [nq] scheduler registered.
[STDERR  ] 2018-11-27T18:11:48.143522105Z: [    3.372827] IPVS: ftp: loaded support on port[0] = 21
[STDERR  ] 2018-11-27T18:11:48.143534289Z: [    3.378069] ipip: IPv4 and MPLS over IPv4 tunneling driver
[STDERR  ] 2018-11-27T18:11:48.143546324Z: [    3.383825] gre: GRE over IPv4 demultiplexor driver
[STDERR  ] 2018-11-27T18:11:48.143558371Z: [    3.388919] ipt_CLUSTERIP: ClusterIP Version 0.8 loaded successfully
[STDERR  ] 2018-11-27T18:11:48.143570568Z: [    3.395334] NET: Registered protocol family 10
[STDERR  ] 2018-11-27T18:11:48.143582637Z: [    3.400128] Segment Routing with IPv6
[STDERR  ] 2018-11-27T18:11:48.143609713Z: [    3.404306] NET: Registered protocol family 17
[STDERR  ] 2018-11-27T18:11:48.143625329Z: [    3.408423] Bridge firewalling registered
[STDERR  ] 2018-11-27T18:11:48.143637142Z: [    3.411893] 8021q: 802.1Q VLAN Support v1.8
[STDERR  ] 2018-11-27T18:11:48.143652596Z: [    3.416045] 9pnet: Installing 9P2000 support
[STDERR  ] 2018-11-27T18:11:48.143671797Z: [    3.420465] Key type dns_resolver registered
[STDERR  ] 2018-11-27T18:11:48.143689375Z: [    3.424909] registered taskstats version 1
[STDERR  ] 2018-11-27T18:11:48.143713331Z: [    3.434916] ata4: SATA link down (SStatus 0 SControl 300)
[STDERR  ] 2018-11-27T18:11:48.143725241Z: [    3.441066] ata3: SATA link up 1.5 Gbps (SStatus 113 SControl 300)
[STDERR  ] 2018-11-27T18:11:48.143737142Z: [    3.448174] ata2: SATA link down (SStatus 0 SControl 300)
[STDERR  ] 2018-11-27T18:11:48.143754738Z: [    3.454223] ata1: SATA link down (SStatus 0 SControl 300)
[STDERR  ] 2018-11-27T18:11:48.143767124Z: [    3.460301] ata6: SATA link down (SStatus 0 SControl 300)
[STDERR  ] 2018-11-27T18:11:48.143779380Z: [    3.466401] ata5: SATA link down (SStatus 0 SControl 300)
[STDERR  ] 2018-11-27T18:11:48.143796503Z: [    3.472796] ata3.00: ATAPI: QEMU DVD-ROM, 2.5+, max UDMA/100
[STDERR  ] 2018-11-27T18:11:48.143820203Z: [    3.478305] ata3.00: applying bridge limits
[STDERR  ] 2018-11-27T18:11:48.143832353Z: [    3.485036] ata3.00: configured for UDMA/100
[STDERR  ] 2018-11-27T18:11:48.143844318Z: [    3.490503] scsi 2:0:0:0: CD-ROM            QEMU     QEMU DVD-ROM     2.5+ PQ: 0 ANSI: 5
[STDERR  ] 2018-11-27T18:11:48.143871069Z: [    3.498427] Key type big_key registered
[STDERR  ] 2018-11-27T18:11:48.143882774Z: [    3.507657] Key type trusted registered
[STDERR  ] 2018-11-27T18:11:48.143894953Z: [    3.515283] Key type encrypted registered
[STDERR  ] 2018-11-27T18:11:48.143906976Z: [    3.519298] ima: No TPM chip found, activating TPM-bypass!
[STDERR  ] 2018-11-27T18:11:48.143923625Z: [    3.524687] ima: Allocated hash algorithm: sha256
[STDERR  ] 2018-11-27T18:11:48.143935476Z: [    3.530113] sr 2:0:0:0: [sr0] scsi3-mmc drive: 4x/4x cd/rw xa/form2 tray
[STDERR  ] 2018-11-27T18:11:48.143951862Z: [    3.536578] cdrom: Uniform CD-ROM driver Revision: 3.20
[STDERR  ] 2018-11-27T18:11:48.143963572Z: [    3.541663] evm: Initialising EVM extended attributes:
[STDERR  ] 2018-11-27T18:11:48.143990555Z: [    3.546672] evm: security.ima
[STDERR  ] 2018-11-27T18:11:48.144002906Z: [    3.549618] evm: security.capability
[STDERR  ] 2018-11-27T18:11:48.144015254Z: [    3.553134] evm: HMAC attrs: 0x1
[STDERR  ] 2018-11-27T18:11:48.144027898Z: [    3.556878] sr 2:0:0:0: Attached scsi generic sg0 type 5
[STDERR  ] 2018-11-27T18:11:48.144040059Z: [    3.564808] rtc_cmos 00:00: setting system clock to 2018-11-27 18:11:42 UTC (1543342302)
[STDERR  ] 2018-11-27T18:11:48.144052327Z: [    3.572692] Unstable clock detected, switching default tracing clock to "global"
[STDERR  ] 2018-11-27T18:11:48.144083445Z: [    3.572692] If you want to keep using the local clock, then add:
[STDERR  ] 2018-11-27T18:11:48.144095498Z: [    3.572692]   "trace_clock=local"
[STDERR  ] 2018-11-27T18:11:48.144108058Z: [    3.572692] on the kernel command line
[STDERR  ] 2018-11-27T18:11:48.144126554Z: [    3.596430] Freeing unused kernel image memory: 1588K
[STDERR  ] 2018-11-27T18:11:48.144138859Z: [    3.603045] Write protecting the kernel read-only data: 18432k
[STDERR  ] 2018-11-27T18:11:48.144151167Z: [    3.609640] Freeing unused kernel image memory: 2028K
[STDERR  ] 2018-11-27T18:11:48.144163434Z: [    3.615016] Freeing unused kernel image memory: 1048K
[STDERR  ] 2018-11-27T18:11:48.144175411Z: [    3.620031] Run /init as init process
[STDERR  ] 2018-11-27T18:11:48.144187177Z: 
[STDERR  ] 2018-11-27T18:11:48.144199697Z: Welcome to LinuxKit
[STDERR  ] 2018-11-27T18:11:48.144212381Z: 
[STDERR  ] 2018-11-27T18:11:48.144233874Z:                         ##         .
[STDERR  ] 2018-11-27T18:11:48.144245196Z:                   ## ## ##        ==
[STDERR  ] 2018-11-27T18:11:48.144258040Z:                ## ## ## ## ##    ===
[STDERR  ] 2018-11-27T18:11:48.144270120Z:            /"""""""""""""""""\___/ ===
[STDERR  ] 2018-11-27T18:11:48.144282571Z:           {                       /  ===-
[STDERR  ] 2018-11-27T18:11:48.144294031Z:            \______ O           __/
[STDERR  ] 2018-11-27T18:11:48.144305398Z:              \    \         __/
[STDERR  ] 2018-11-27T18:11:48.144317252Z:               \____\_______/
[STDERR  ] 2018-11-27T18:11:48.144329374Z: 
[STDERR  ] 2018-11-27T18:11:48.144342091Z: [    4.491285] RPC: Registered named UNIX socket transport module.
[STDERR  ] 2018-11-27T18:11:48.144353681Z: [    4.497134] RPC: Registered udp transport module.
[STDERR  ] 2018-11-27T18:11:48.144366043Z: [    4.501807] RPC: Registered tcp transport module.
[STDERR  ] 2018-11-27T18:11:48.144378252Z: [    4.506403] RPC: Registered tcp NFSv4.1 backchannel transport module.
[STDERR  ] 2018-11-27T18:11:48.144395518Z: [    4.521407] FS-Cache: Netfs 'nfs' registered for caching
[STDERR  ] 2018-11-27T18:11:48.144407328Z: [    4.536162] Installing knfsd (copyright (C) 1996 okir@monad.swb.de).
[STDERR  ] 2018-11-27T18:11:48.144419460Z: [    4.545548] ntfs: driver 2.1.32 [Flags: R/O MODULE].
[STDERR  ] 2018-11-27T18:11:48.144442748Z: starting kernel config sanity test with /proc/config.gz
[STDERR  ] 2018-11-27T18:11:48.144453864Z: kernel config test succeeded!
[STDERR  ] 2018-11-27T18:11:48.144465174Z: [37minfo: reading kernel config from /proc/config.gz ...[m
[STDERR  ] 2018-11-27T18:11:48.144476471Z: 
[STDERR  ] 2018-11-27T18:11:48.144487713Z: Generally Necessary:
[STDERR  ] 2018-11-27T18:11:48.144500781Z: - [37mcgroup hierarchy[m: [32mproperly mounted[m [/sys/fs/cgroup]
[STDERR  ] 2018-11-27T18:11:48.144512623Z: - [37mCONFIG_NAMESPACES[m: [32menabled[m
[STDERR  ] 2018-11-27T18:11:48.144524333Z: - [37mCONFIG_NET_NS[m: [32menabled[m
[STDERR  ] 2018-11-27T18:11:48.144535923Z: - [37mCONFIG_PID_NS[m: [32menabled[m
[STDERR  ] 2018-11-27T18:11:48.144547625Z: - [37mCONFIG_IPC_NS[m: [32menabled[m
[STDERR  ] 2018-11-27T18:11:48.144559285Z: - [37mCONFIG_UTS_NS[m: [32menabled[m
[STDERR  ] 2018-11-27T18:11:48.144571176Z: - [37mCONFIG_CGROUPS[m: [32menabled[m
[STDERR  ] 2018-11-27T18:11:48.144583056Z: - [37mCONFIG_CGROUP_CPUACCT[m: [32menabled[m
[STDERR  ] 2018-11-27T18:11:48.144595317Z: - [37mCONFIG_CGROUP_DEVICE[m: [32menabled[m
[STDERR  ] 2018-11-27T18:11:48.144607409Z: - [37mCONFIG_CGROUP_FREEZER[m: [32menabled[m
[STDERR  ] 2018-11-27T18:11:48.144627966Z: - [37mCONFIG_CGROUP_SCHED[m: [32menabled[m
[STDERR  ] 2018-11-27T18:11:48.144645173Z: - [37mCONFIG_CPUSETS[m: [32menabled[m
[STDERR  ] 2018-11-27T18:11:48.144656578Z: - [37mCONFIG_MEMCG[m: [32menabled[m
[STDERR  ] 2018-11-27T18:11:48.144667973Z: - [37mCONFIG_KEYS[m: [32menabled[m
[STDERR  ] 2018-11-27T18:11:48.144680086Z: - [37mCONFIG_VETH[m: [32menabled[m
[STDERR  ] 2018-11-27T18:11:48.144692459Z: - [37mCONFIG_BRIDGE[m: [32menabled[m
[STDERR  ] 2018-11-27T18:11:48.144711926Z: - [37mCONFIG_BRIDGE_NETFILTER[m: [32menabled[m
[STDERR  ] 2018-11-27T18:11:48.144723581Z: - [37mCONFIG_NF_NAT_IPV4[m: [32menabled[m
[STDERR  ] 2018-11-27T18:11:48.144735369Z: - [37mCONFIG_IP_NF_FILTER[m: [32menabled[m
[STDERR  ] 2018-11-27T18:11:48.144746771Z: - [37mCONFIG_IP_NF_TARGET_MASQUERADE[m: [32menabled[m
[STDERR  ] 2018-11-27T18:11:48.144758338Z: - [37mCONFIG_NETFILTER_XT_MATCH_ADDRTYPE[m: [32menabled[m
[STDERR  ] 2018-11-27T18:11:48.144769614Z: - [37mCONFIG_NETFILTER_XT_MATCH_CONNTRACK[m: [32menabled[m
[STDERR  ] 2018-11-27T18:11:48.144780949Z: - [37mCONFIG_NETFILTER_XT_MATCH_IPVS[m: [32menabled[m
[STDERR  ] 2018-11-27T18:11:48.144792589Z: - [37mCONFIG_IP_NF_NAT[m: [32menabled[m
[STDERR  ] 2018-11-27T18:11:48.144804187Z: - [37mCONFIG_NF_NAT[m: [32menabled[m
[STDERR  ] 2018-11-27T18:11:48.144816224Z: - [37mCONFIG_NF_NAT_NEEDED[m: [32menabled[m
[STDERR  ] 2018-11-27T18:11:48.144827918Z: - [37mCONFIG_POSIX_MQUEUE[m: [32menabled[m
[STDERR  ] 2018-11-27T18:11:48.144845524Z: 
[STDERR  ] 2018-11-27T18:11:48.144858454Z: Optional Features:
[STDERR  ] 2018-11-27T18:11:48.144869554Z: - [37mCONFIG_USER_NS[m: [32menabled[m
[STDERR  ] 2018-11-27T18:11:48.144886879Z: - [37mCONFIG_SECCOMP[m: [32menabled[m
[STDERR  ] 2018-11-27T18:11:48.144898416Z: - [37mCONFIG_CGROUP_PIDS[m: [32menabled[m
[STDERR  ] 2018-11-27T18:11:48.144909907Z: - [37mCONFIG_MEMCG_SWAP[m: [32menabled[m
[STDERR  ] 2018-11-27T18:11:48.144921664Z: - [37mCONFIG_MEMCG_SWAP_ENABLED[m: [32menabled[m
[STDERR  ] 2018-11-27T18:11:48.144932859Z:     [1;30m(cgroup swap accounting is currently enabled)[m
[STDERR  ] 2018-11-27T18:11:48.144943982Z: - [1mCONFIG_LEGACY_VSYSCALL_NONE[m: [1;31menabled[m
[STDERR  ] 2018-11-27T18:11:48.144955461Z:     [1;30m(containers using eglibc <= 2.13 will not work. Switch to[m
[STDERR  ] 2018-11-27T18:11:48.144967074Z:     [1;30m "CONFIG_VSYSCALL_[NATIVE|EMULATE]" or use "vsyscall=[native|emulate]"[m
[STDERR  ] 2018-11-27T18:11:48.145004827Z:     [1;30m on kernel command line. Note that this will disable ASLR for the,[m
[STDERR  ] 2018-11-27T18:11:48.145016776Z:     [1;30m VDSO which may assist in exploiting security vulnerabilities.)[m
[STDERR  ] 2018-11-27T18:11:48.145034448Z: - [37mCONFIG_BLK_CGROUP[m: [32menabled[m
[STDERR  ] 2018-11-27T18:11:48.145054445Z: - [37mCONFIG_BLK_DEV_THROTTLING[m: [32menabled[m
[STDERR  ] 2018-11-27T18:11:48.145066815Z: - [37mCONFIG_IOSCHED_CFQ[m: [32menabled[m
[STDERR  ] 2018-11-27T18:11:48.145078849Z: - [37mCONFIG_CFQ_GROUP_IOSCHED[m: [32menabled[m
[STDERR  ] 2018-11-27T18:11:48.145091419Z: - [37mCONFIG_CGROUP_PERF[m: [32menabled[m
[STDERR  ] 2018-11-27T18:11:48.145103733Z: - [37mCONFIG_CGROUP_HUGETLB[m: [32menabled[m
[STDERR  ] 2018-11-27T18:11:48.145115766Z: - [37mCONFIG_NET_CLS_CGROUP[m: [32menabled[m
[STDERR  ] 2018-11-27T18:11:48.145127958Z: - [37mCONFIG_CGROUP_NET_PRIO[m: [32menabled[m
[STDERR  ] 2018-11-27T18:11:48.145140451Z: - [37mCONFIG_CFS_BANDWIDTH[m: [32menabled[m
[STDERR  ] 2018-11-27T18:11:48.145152937Z: - [37mCONFIG_FAIR_GROUP_SCHED[m: [32menabled[m
[STDERR  ] 2018-11-27T18:11:48.145171877Z: - [37mCONFIG_RT_GROUP_SCHED[m: [32menabled[m
[STDERR  ] 2018-11-27T18:11:48.145184041Z: - [37mCONFIG_IP_VS[m: [32menabled[m
[STDERR  ] 2018-11-27T18:11:48.145196211Z: - [37mCONFIG_IP_VS_NFCT[m: [32menabled[m
[STDERR  ] 2018-11-27T18:11:48.145216193Z: - [37mCONFIG_IP_VS_RR[m: [32menabled[m
[STDERR  ] 2018-11-27T18:11:48.145227933Z: - [37mCONFIG_EXT4_FS[m: [32menabled[m
[STDERR  ] 2018-11-27T18:11:48.145239856Z: - [37mCONFIG_EXT4_FS_POSIX_ACL[m: [32menabled[m
[STDERR  ] 2018-11-27T18:11:48.145252000Z: - [37mCONFIG_EXT4_FS_SECURITY[m: [32menabled[m
[STDERR  ] 2018-11-27T18:11:48.145264104Z: - Network Drivers:
[STDERR  ] 2018-11-27T18:11:48.145278093Z:   - "[34moverlay[m":
[STDERR  ] 2018-11-27T18:11:48.145312029Z:     - [37mCONFIG_VXLAN[m: [32menabled[m
[STDERR  ] 2018-11-27T18:11:48.145324577Z:       Optional (for encrypted networks):
[STDERR  ] 2018-11-27T18:11:48.145336637Z:       - [37mCONFIG_CRYPTO[m: [32menabled[m
[STDERR  ] 2018-11-27T18:11:48.145348657Z:       - [37mCONFIG_CRYPTO_AEAD[m: [32menabled[m
[STDERR  ] 2018-11-27T18:11:48.145366826Z:       - [37mCONFIG_CRYPTO_GCM[m: [32menabled[m
[STDERR  ] 2018-11-27T18:11:48.145378908Z:       - [37mCONFIG_CRYPTO_SEQIV[m: [32menabled[m
[STDERR  ] 2018-11-27T18:11:48.145390672Z:       - [37mCONFIG_CRYPTO_GHASH[m: [32menabled[m
[STDERR  ] 2018-11-27T18:11:48.145407003Z:       - [37mCONFIG_XFRM[m: [32menabled[m
[STDERR  ] 2018-11-27T18:11:48.145431906Z:       - [37mCONFIG_XFRM_USER[m: [32menabled (as module)[m
[STDERR  ] 2018-11-27T18:11:48.145444117Z:       - [37mCONFIG_XFRM_ALGO[m: [32menabled (as module)[m
[STDERR  ] 2018-11-27T18:11:48.145456042Z:       - [37mCONFIG_INET_ESP[m: [32menabled (as module)[m
[STDERR  ] 2018-11-27T18:11:48.145468571Z:       - [37mCONFIG_INET_XFRM_MODE_TRANSPORT[m: [32menabled (as module)[m
[STDERR  ] 2018-11-27T18:11:48.145486209Z:   - "[34mipvlan[m":
[STDERR  ] 2018-11-27T18:11:48.145497590Z:     - [37mCONFIG_IPVLAN[m: [32menabled[m
[STDERR  ] 2018-11-27T18:11:48.145509628Z:   - "[34mmacvlan[m":
[STDERR  ] 2018-11-27T18:11:48.145525233Z:     - [37mCONFIG_MACVLAN[m: [32menabled[m
[STDERR  ] 2018-11-27T18:11:48.145536773Z:     - [37mCONFIG_DUMMY[m: [32menabled (as module)[m
[STDERR  ] 2018-11-27T18:11:48.145554364Z:   - "[34mftp,tftp client in container[m":
[STDERR  ] 2018-11-27T18:11:48.145571002Z:     - [37mCONFIG_NF_NAT_FTP[m: [32menabled[m
[STDERR  ] 2018-11-27T18:11:48.145582884Z:     - [37mCONFIG_NF_CONNTRACK_FTP[m: [32menabled[m
[STDERR  ] 2018-11-27T18:11:48.145595008Z:     - [37mCONFIG_NF_NAT_TFTP[m: [32menabled[m
[STDERR  ] 2018-11-27T18:11:48.145607086Z:     - [37mCONFIG_NF_CONNTRACK_TFTP[m: [32menabled[m
[STDERR  ] 2018-11-27T18:11:48.145618464Z: - Storage Drivers:
[STDERR  ] 2018-11-27T18:11:48.145635829Z:   - "[34maufs[m":
[STDERR  ] 2018-11-27T18:11:48.145648237Z:     - [1mCONFIG_AUFS_FS[m: [1;31mmissing[m
[STDERR  ] 2018-11-27T18:11:48.145660349Z:   - "[34mbtrfs[m":
[STDERR  ] 2018-11-27T18:11:48.145672647Z:     - [37mCONFIG_BTRFS_FS[m: [32menabled (as module)[m
[STDERR  ] 2018-11-27T18:11:48.145684934Z:     - [37mCONFIG_BTRFS_FS_POSIX_ACL[m: [32menabled[m
[STDERR  ] 2018-11-27T18:11:48.145701751Z:   - "[34mdevicemapper[m":
[STDERR  ] 2018-11-27T18:11:48.145713930Z:     - [37mCONFIG_BLK_DEV_DM[m: [32menabled[m
[STDERR  ] 2018-11-27T18:11:48.145737506Z:     - [37mCONFIG_DM_THIN_PROVISIONING[m: [32menabled[m
[STDERR  ] 2018-11-27T18:11:48.145749789Z:   - "[34moverlay[m":
[STDERR  ] 2018-11-27T18:11:48.145761973Z:     - [37mCONFIG_OVERLAY_FS[m: [32menabled[m
[STDERR  ] 2018-11-27T18:11:48.145774110Z:   - "[34mzfs[m":
[STDERR  ] 2018-11-27T18:11:48.145786598Z:     - [1m/dev/zfs[m: [1;31mmissing[m
[STDERR  ] 2018-11-27T18:11:48.145799115Z:     - [1mzfs command[m: [1;31mmissing[m
[STDERR  ] 2018-11-27T18:11:48.145811355Z:     - [1mzpool command[m: [1;31mmissing[m
[STDERR  ] 2018-11-27T18:11:48.145823197Z: 
[STDERR  ] 2018-11-27T18:11:48.145835716Z: Limits:
[STDERR  ] 2018-11-27T18:11:48.145908798Z: [37m- /proc/sys/kernel/keys/root_maxkeys[m: [32m1000000[m
[STDERR  ] 2018-11-27T18:11:48.145962512Z: 
[STDERR  ] 2018-11-27T18:11:48.146052076Z: Kernel config test suite PASSED
[STDERR  ] 2018-11-27T18:11:48.146091660Z: [    8.822376] ACPI: Preparing to enter system sleep state S5
[STDERR  ] 2018-11-27T18:11:48.146142014Z: [    8.828113] reboot: Power down
[STDERR  ] 2018-11-27T18:11:48.146178433Z: + grep -q suite PASSED
[STDERR  ] 2018-11-27T18:11:48.146923496Z: + echo [    0.000000] Linux version 4.19.2-linuxkit (root@a81786895fe1) (gcc version 6.4.0 (Alpine 6.4.0)) #1 SMP Thu Nov 15 23:34:09 UTC 2018
[STDERR  ] 2018-11-27T18:11:48.147024587Z: [    0.000000] Command line: console=ttyS0 console=ttyAMA0
[STDERR  ] 2018-11-27T18:11:48.147067668Z: [    0.000000] x86/fpu: x87 FPU will use FXSAVE
[STDERR  ] 2018-11-27T18:11:48.147122241Z: [    0.000000] BIOS-provided physical RAM map:
[STDERR  ] 2018-11-27T18:11:48.147173416Z: [    0.000000] BIOS-e820: [mem 0x0000000000000000-0x000000000009fbff] usable
[STDERR  ] 2018-11-27T18:11:48.147232165Z: [    0.000000] BIOS-e820: [mem 0x000000000009fc00-0x000000000009ffff] reserved
[STDERR  ] 2018-11-27T18:11:48.147300049Z: [    0.000000] BIOS-e820: [mem 0x00000000000f0000-0x00000000000fffff] reserved
[STDERR  ] 2018-11-27T18:11:48.147371622Z: [    0.000000] BIOS-e820: [mem 0x0000000000100000-0x000000003ffdefff] usable
[STDERR  ] 2018-11-27T18:11:48.147412949Z: [    0.000000] BIOS-e820: [mem 0x000000003ffdf000-0x000000003fffffff] reserved
[STDERR  ] 2018-11-27T18:11:48.147473443Z: [    0.000000] BIOS-e820: [mem 0x00000000b0000000-0x00000000bfffffff] reserved
[STDERR  ] 2018-11-27T18:11:48.147518075Z: [    0.000000] BIOS-e820: [mem 0x00000000fed1c000-0x00000000fed1ffff] reserved
[STDERR  ] 2018-11-27T18:11:48.147577587Z: [    0.000000] BIOS-e820: [mem 0x00000000feffc000-0x00000000feffffff] reserved
[STDERR  ] 2018-11-27T18:11:48.147617211Z: [    0.000000] BIOS-e820: [mem 0x00000000fffc0000-0x00000000ffffffff] reserved
[STDERR  ] 2018-11-27T18:11:48.147677246Z: [    0.000000] NX (Execute Disable) protection: active
[STDERR  ] 2018-11-27T18:11:48.147720316Z: [    0.000000] SMBIOS 2.8 present.
[STDERR  ] 2018-11-27T18:11:48.147790051Z: [    0.000000] DMI: QEMU Standard PC (Q35 + ICH9, 2009), BIOS 1.10.2-1 04/01/2014
[STDERR  ] 2018-11-27T18:11:48.147831809Z: [    0.000000] Hypervisor detected: KVM
[STDERR  ] 2018-11-27T18:11:48.147902521Z: [    0.000000] kvm-clock: Using msrs 4b564d01 and 4b564d00
[STDERR  ] 2018-11-27T18:11:48.147955390Z: [    0.581728] kvm-clock: cpu 0, msr 12824001, primary cpu clock
[STDERR  ] 2018-11-27T18:11:48.148014467Z: [    0.581728] clocksource: kvm-clock: mask: 0xffffffffffffffff max_cycles: 0x1cd42e4dffb, max_idle_ns: 881590591483 ns
[STDERR  ] 2018-11-27T18:11:48.148073372Z: [    0.581731] tsc: Detected 2299.924 MHz processor
[STDERR  ] 2018-11-27T18:11:48.148134733Z: [    0.585190] last_pfn = 0x3ffdf max_arch_pfn = 0x400000000
[STDERR  ] 2018-11-27T18:11:48.148193621Z: [    0.585841] x86/PAT: PAT not supported by CPU.
[STDERR  ] 2018-11-27T18:11:48.148250995Z: [    0.585894] x86/PAT: Configuration [0-7]: WB  WT  UC- UC  WB  WT  UC- UC  
[STDERR  ] 2018-11-27T18:11:48.148311562Z: [    0.591192] found SMP MP-table at [mem 0x000f6a90-0x000f6a9f] mapped at [(____ptrval____)]
[STDERR  ] 2018-11-27T18:11:48.148355265Z: [    0.591555] RAMDISK: [mem 0x3e46f000-0x3ffcffff]
[STDERR  ] 2018-11-27T18:11:48.148411137Z: [    0.591796] ACPI: Early table checksum verification disabled
[STDERR  ] 2018-11-27T18:11:48.148449955Z: [    0.591913] ACPI: RSDP 0x00000000000F68D0 000014 (v00 BOCHS )
[STDERR  ] 2018-11-27T18:11:48.148506361Z: [    0.591922] ACPI: RSDT 0x000000003FFE2404 000034 (v01 BOCHS  BXPCRSDT 00000001 BXPC 00000001)
[STDERR  ] 2018-11-27T18:11:48.148544237Z: [    0.591928] ACPI: FACP 0x000000003FFE22A4 000074 (v01 BOCHS  BXPCFACP 00000001 BXPC 00000001)
[STDERR  ] 2018-11-27T18:11:48.148601470Z: [    0.591934] ACPI: DSDT 0x000000003FFE0040 002264 (v01 BOCHS  BXPCDSDT 00000001 BXPC 00000001)
[STDERR  ] 2018-11-27T18:11:48.148640696Z: [    0.591937] ACPI: FACS 0x000000003FFE0000 000040
[STDERR  ] 2018-11-27T18:11:48.148695461Z: [    0.591940] ACPI: APIC 0x000000003FFE2318 000078 (v01 BOCHS  BXPCAPIC 00000001 BXPC 00000001)
[STDERR  ] 2018-11-27T18:11:48.148734531Z: [    0.591943] ACPI: HPET 0x000000003FFE2390 000038 (v01 BOCHS  BXPCHPET 00000001 BXPC 00000001)
[STDERR  ] 2018-11-27T18:11:48.148790064Z: [    0.591946] ACPI: MCFG 0x000000003FFE23C8 00003C (v01 BOCHS  BXPCMCFG 00000001 BXPC 00000001)
[STDERR  ] 2018-11-27T18:11:48.148829401Z: [    0.592728] Zone ranges:
[STDERR  ] 2018-11-27T18:11:48.148883735Z: [    0.592730]   DMA      [mem 0x0000000000001000-0x0000000000ffffff]
[STDERR  ] 2018-11-27T18:11:48.148922612Z: [    0.592732]   DMA32    [mem 0x0000000001000000-0x000000003ffdefff]
[STDERR  ] 2018-11-27T18:11:48.149005900Z: [    0.592733]   Normal   empty
[STDERR  ] 2018-11-27T18:11:48.149064874Z: [    0.592735]   Device   empty
[STDERR  ] 2018-11-27T18:11:48.149106197Z: [    0.592736] Movable zone start for each node
[STDERR  ] 2018-11-27T18:11:48.149158220Z: [    0.592737] Early memory node ranges
[STDERR  ] 2018-11-27T18:11:48.149197929Z: [    0.592738]   node   0: [mem 0x0000000000001000-0x000000000009efff]
[STDERR  ] 2018-11-27T18:11:48.149250450Z: [    0.592739]   node   0: [mem 0x0000000000100000-0x000000003ffdefff]
[STDERR  ] 2018-11-27T18:11:48.149291325Z: [    0.593850] Reserved but unavailable: 131 pages
[STDERR  ] 2018-11-27T18:11:48.149346815Z: [    0.593852] Initmem setup node 0 [mem 0x0000000000001000-0x000000003ffdefff]
[STDERR  ] 2018-11-27T18:11:48.149387900Z: [    0.605551] ACPI: PM-Timer IO Port: 0x608
[STDERR  ] 2018-11-27T18:11:48.149441723Z: [    0.605600] ACPI: LAPIC_NMI (acpi_id[0xff] dfl dfl lint[0x1])
[STDERR  ] 2018-11-27T18:11:48.149482060Z: [    0.605859] IOAPIC[0]: apic_id 0, version 17, address 0xfec00000, GSI 0-23
[STDERR  ] 2018-11-27T18:11:48.149540885Z: [    0.605862] ACPI: INT_SRC_OVR (bus 0 bus_irq 0 global_irq 2 dfl dfl)
[STDERR  ] 2018-11-27T18:11:48.149580962Z: [    0.605864] ACPI: INT_SRC_OVR (bus 0 bus_irq 5 global_irq 5 high level)
[STDERR  ] 2018-11-27T18:11:48.149636168Z: [    0.605866] ACPI: INT_SRC_OVR (bus 0 bus_irq 9 global_irq 9 high level)
[STDERR  ] 2018-11-27T18:11:48.149673284Z: [    0.605867] ACPI: INT_SRC_OVR (bus 0 bus_irq 10 global_irq 10 high level)
[STDERR  ] 2018-11-27T18:11:48.149727616Z: [    0.605868] ACPI: INT_SRC_OVR (bus 0 bus_irq 11 global_irq 11 high level)
[STDERR  ] 2018-11-27T18:11:48.149770463Z: [    0.605875] Using ACPI (MADT) for SMP configuration information
[STDERR  ] 2018-11-27T18:11:48.149822701Z: [    0.605876] ACPI: HPET id: 0x8086a201 base: 0xfed00000
[STDERR  ] 2018-11-27T18:11:48.149894865Z: [    0.605911] smpboot: Allowing 1 CPUs, 0 hotplug CPUs
[STDERR  ] 2018-11-27T18:11:48.149936948Z: [    0.606011] [mem 0x40000000-0xafffffff] available for PCI devices
[STDERR  ] 2018-11-27T18:11:48.150018438Z: [    0.606013] Booting paravirtualized kernel on KVM
[STDERR  ] 2018-11-27T18:11:48.150084589Z: [    0.606015] clocksource: refined-jiffies: mask: 0xffffffff max_cycles: 0xffffffff, max_idle_ns: 1910969940391419 ns
[STDERR  ] 2018-11-27T18:11:48.150140626Z: [    0.708474] random: get_random_bytes called from start_kernel+0x92/0x52b with crng_init=0
[STDERR  ] 2018-11-27T18:11:48.150194530Z: [    0.708490] setup_percpu: NR_CPUS:128 nr_cpumask_bits:128 nr_cpu_ids:1 nr_node_ids:1
[STDERR  ] 2018-11-27T18:11:48.150249580Z: [    0.709324] percpu: Embedded 45 pages/cpu @(____ptrval____) s145176 r8192 d30952 u2097152
[STDERR  ] 2018-11-27T18:11:48.150304650Z: [    0.709417] KVM setup async PF for cpu 0
[STDERR  ] 2018-11-27T18:11:48.150341503Z: [    0.709473] kvm-stealtime: cpu 0, msr 3d015e80
[STDERR  ] 2018-11-27T18:11:48.150406249Z: [    0.709497] Built 1 zonelists, mobility grouping on.  Total pages: 257896
[STDERR  ] 2018-11-27T18:11:48.150454620Z: [    0.709499] Kernel command line: console=ttyS0 console=ttyAMA0
[STDERR  ] 2018-11-27T18:11:48.150508086Z: [    0.709638] Dentry cache hash table entries: 131072 (order: 8, 1048576 bytes)
[STDERR  ] 2018-11-27T18:11:48.150565023Z: [    0.709665] Inode-cache hash table entries: 65536 (order: 7, 524288 bytes)
[STDERR  ] 2018-11-27T18:11:48.150603573Z: [    0.716440] Memory: 973484K/1048052K available (12300K kernel code, 1579K rwdata, 3048K rodata, 1588K init, 1996K bss, 74568K reserved, 0K cma-reserved)
[STDERR  ] 2018-11-27T18:11:48.150659538Z: [    0.717229] Kernel/User page tables isolation: enabled
[STDERR  ] 2018-11-27T18:11:48.150698048Z: [    0.717311] ftrace: allocating 43009 entries in 169 pages
[STDERR  ] 2018-11-27T18:11:48.150751773Z: [    0.734294] rcu: Hierarchical RCU implementation.
[STDERR  ] 2018-11-27T18:11:48.150799566Z: [    0.734297] rcu: 	RCU restricting CPUs from NR_CPUS=128 to nr_cpu_ids=1.
[STDERR  ] 2018-11-27T18:11:48.150853844Z: [    0.734300] rcu: Adjusting geometry for rcu_fanout_leaf=16, nr_cpu_ids=1
[STDERR  ] 2018-11-27T18:11:48.150892938Z: [    0.737222] NR_IRQS: 8448, nr_irqs: 256, preallocated irqs: 16
[STDERR  ] 2018-11-27T18:11:48.150947278Z: [    0.764277] Console: colour VGA+ 80x25
[STDERR  ] 2018-11-27T18:11:48.151003054Z: [    1.219258] console [ttyS0] enabled
[STDERR  ] 2018-11-27T18:11:48.151058549Z: [    1.222659] ACPI: Core revision 20180810
[STDERR  ] 2018-11-27T18:11:48.151112305Z: [    1.227259] clocksource: hpet: mask: 0xffffffff max_cycles: 0xffffffff, max_idle_ns: 19112604467 ns
[STDERR  ] 2018-11-27T18:11:48.151152112Z: [    1.236546] APIC: Switch to symmetric I/O mode setup
[STDERR  ] 2018-11-27T18:11:48.151214608Z: [    1.243445] x2apic enabled
[STDERR  ] 2018-11-27T18:11:48.151256224Z: [    1.248075] Switched APIC routing to physical x2apic.
[STDERR  ] 2018-11-27T18:11:48.151310340Z: [    1.263610] ..TIMER: vector=0x30 apic1=0 pin1=2 apic2=-1 pin2=-1
[STDERR  ] 2018-11-27T18:11:48.151348620Z: [    1.268987] clocksource: tsc-early: mask: 0xffffffffffffffff max_cycles: 0x2126ed38629, max_idle_ns: 440795218029 ns
[STDERR  ] 2018-11-27T18:11:48.151402128Z: [    1.277956] Calibrating delay loop (skipped) preset value.. 4599.84 BogoMIPS (lpj=2299924)
[STDERR  ] 2018-11-27T18:11:48.151444034Z: [    1.278938] pid_max: default: 32768 minimum: 301
[STDERR  ] 2018-11-27T18:11:48.151498120Z: [    1.280027] Security Framework initialized
[STDERR  ] 2018-11-27T18:11:48.151542633Z: [    1.280936] Yama: becoming mindful.
[STDERR  ] 2018-11-27T18:11:48.151598977Z: [    1.281977] Mount-cache hash table entries: 2048 (order: 2, 16384 bytes)
[STDERR  ] 2018-11-27T18:11:48.151639188Z: [    1.282951] Mountpoint-cache hash table entries: 2048 (order: 2, 16384 bytes)
[STDERR  ] 2018-11-27T18:11:48.151677640Z: [    1.285975] Last level iTLB entries: 4KB 0, 2MB 0, 4MB 0
[STDERR  ] 2018-11-27T18:11:48.151715546Z: [    1.286942] Last level dTLB entries: 4KB 0, 2MB 0, 4MB 0, 1GB 0
[STDERR  ] 2018-11-27T18:11:48.151770962Z: [    1.287939] Spectre V2 : Mitigation: Full generic retpoline
[STDERR  ] 2018-11-27T18:11:48.151813530Z: [    1.288936] Spectre V2 : Spectre v2 / SpectreRSB mitigation: Filling RSB on context switch
[STDERR  ] 2018-11-27T18:11:48.151861941Z: [    1.289937] Speculative Store Bypass: Vulnerable
[STDERR  ] 2018-11-27T18:11:48.151898944Z: [    1.297575] Freeing SMP alternatives memory: 20K
[STDERR  ] 2018-11-27T18:11:48.151960178Z: [    1.299930] smpboot: CPU0: Intel QEMU Virtual CPU version 2.5+ (family: 0x6, model: 0x6, stepping: 0x3)
[STDERR  ] 2018-11-27T18:11:48.152016866Z: [    1.300102] Performance Events: PMU not available due to virtualization, using software events only.
[STDERR  ] 2018-11-27T18:11:48.152064557Z: [    1.302250] rcu: Hierarchical SRCU implementation.
[STDERR  ] 2018-11-27T18:11:48.152103156Z: [    1.304053] NMI watchdog: Perf NMI watchdog permanently disabled
[STDERR  ] 2018-11-27T18:11:48.152141830Z: [    1.305992] smp: Bringing up secondary CPUs ...
[STDERR  ] 2018-11-27T18:11:48.152180246Z: [    1.306936] smp: Brought up 1 node, 1 CPU
[STDERR  ] 2018-11-27T18:11:48.152218491Z: [    1.307935] smpboot: Max logical packages: 1
[STDERR  ] 2018-11-27T18:11:48.152255828Z: [    1.308935] smpboot: Total of 1 processors activated (4599.84 BogoMIPS)
[STDERR  ] 2018-11-27T18:11:48.152294294Z: [    1.311142] devtmpfs: initialized
[STDERR  ] 2018-11-27T18:11:48.152349824Z: [    1.312950] x86/mm: Memory block size: 128MB
[STDERR  ] 2018-11-27T18:11:48.152388427Z: [    1.314313] clocksource: jiffies: mask: 0xffffffff max_cycles: 0xffffffff, max_idle_ns: 1911260446275000 ns
[STDERR  ] 2018-11-27T18:11:48.152427362Z: [    1.314952] futex hash table entries: 256 (order: 2, 16384 bytes)
[STDERR  ] 2018-11-27T18:11:48.152467071Z: [    1.317186] NET: Registered protocol family 16
[STDERR  ] 2018-11-27T18:11:48.152505111Z: [    1.318093] audit: initializing netlink subsys (disabled)
[STDERR  ] 2018-11-27T18:11:48.152543951Z: [    1.319063] cpuidle: using governor ladder
[STDERR  ] 2018-11-27T18:11:48.152589027Z: [    1.319936] cpuidle: using governor menu
[STDERR  ] 2018-11-27T18:11:48.152626942Z: [    1.321058] ACPI: bus type PCI registered
[STDERR  ] 2018-11-27T18:11:48.152672766Z: [    1.321944] audit: type=2000 audit(1543342299.565:1): state=initialized audit_enabled=0 res=1
[STDERR  ] 2018-11-27T18:11:48.152712087Z: [    1.323938] PCI: MMCONFIG for domain 0000 [bus 00-ff] at [mem 0xb0000000-0xbfffffff] (base 0xb0000000)
[STDERR  ] 2018-11-27T18:11:48.152752118Z: [    1.324939] PCI: MMCONFIG at [mem 0xb0000000-0xbfffffff] reserved in E820
[STDERR  ] 2018-11-27T18:11:48.152790027Z: [    1.325957] PCI: Using configuration type 1 for base access
[STDERR  ] 2018-11-27T18:11:48.152827519Z: [    1.329958] HugeTLB registered 2.00 MiB page size, pre-allocated 0 pages
[STDERR  ] 2018-11-27T18:11:48.152866395Z: [    1.331101] cryptd: max_cpu_qlen set to 1000
[STDERR  ] 2018-11-27T18:11:48.152903085Z: [    1.333071] ACPI: Added _OSI(Module Device)
[STDERR  ] 2018-11-27T18:11:48.152942155Z: [    1.333936] ACPI: Added _OSI(Processor Device)
[STDERR  ] 2018-11-27T18:11:48.152993811Z: [    1.334935] ACPI: Added _OSI(3.0 _SCP Extensions)
[STDERR  ] 2018-11-27T18:11:48.153052332Z: [    1.335935] ACPI: Added _OSI(Processor Aggregator Device)
[STDERR  ] 2018-11-27T18:11:48.153091294Z: [    1.336951] ACPI: Added _OSI(Linux-Dell-Video)
[STDERR  ] 2018-11-27T18:11:48.153129975Z: [    1.337936] ACPI: Added _OSI(Linux-Lenovo-NV-HDMI-Audio)
[STDERR  ] 2018-11-27T18:11:48.153175639Z: [    1.340295] ACPI: 1 ACPI AML tables successfully acquired and loaded
[STDERR  ] 2018-11-27T18:11:48.153213889Z: [    1.344111] ACPI: Interpreter enabled
[STDERR  ] 2018-11-27T18:11:48.153249921Z: [    1.344944] ACPI: (supports S0 S5)
[STDERR  ] 2018-11-27T18:11:48.153289651Z: [    1.345936] ACPI: Using IOAPIC for interrupt routing
[STDERR  ] 2018-11-27T18:11:48.153329080Z: [    1.346991] PCI: Using host bridge windows from ACPI; if necessary, use "pci=nocrs" and report a bug
[STDERR  ] 2018-11-27T18:11:48.153367275Z: [    1.348161] ACPI: Enabled 2 GPEs in block 00 to 3F
[STDERR  ] 2018-11-27T18:11:48.153419384Z: [    1.352798] ACPI: PCI Root Bridge [PCI0] (domain 0000 [bus 00-ff])
[STDERR  ] 2018-11-27T18:11:48.153466784Z: [    1.352943] acpi PNP0A08:00: _OSC: OS supports [ExtendedConfig ASPM ClockPM Segments MSI]
[STDERR  ] 2018-11-27T18:11:48.153504778Z: [    1.354964] acpi PNP0A08:00: _OSC: platform does not support [SHPCHotplug LTR]
[STDERR  ] 2018-11-27T18:11:48.153548714Z: [    1.356037] acpi PNP0A08:00: _OSC: OS now controls [PCIeHotplug PME PCIeCapability]
[STDERR  ] 2018-11-27T18:11:48.153588876Z: [    1.357009] PCI host bridge to bus 0000:00
[STDERR  ] 2018-11-27T18:11:48.153627970Z: [    1.357939] pci_bus 0000:00: root bus resource [io  0x0000-0x0cf7 window]
[STDERR  ] 2018-11-27T18:11:48.153668613Z: [    1.358938] pci_bus 0000:00: root bus resource [io  0x0d00-0xffff window]
[STDERR  ] 2018-11-27T18:11:48.153707140Z: [    1.359937] pci_bus 0000:00: root bus resource [mem 0x000a0000-0x000bffff window]
[STDERR  ] 2018-11-27T18:11:48.153747079Z: [    1.360937] pci_bus 0000:00: root bus resource [mem 0xc0000000-0xfebfffff window]
[STDERR  ] 2018-11-27T18:11:48.153786438Z: [    1.361939] pci_bus 0000:00: root bus resource [bus 00-ff]
[STDERR  ] 2018-11-27T18:11:48.153824540Z: [    1.432827] pci 0000:00:1f.0: quirk: [io  0x0600-0x067f] claimed by ICH6 ACPI/GPIO/TCO
[STDERR  ] 2018-11-27T18:11:48.153901678Z: [    1.461182] ACPI: PCI Interrupt Link [LNKA] (IRQs 5 *10 11)
[STDERR  ] 2018-11-27T18:11:48.153940151Z: [    1.463107] ACPI: PCI Interrupt Link [LNKB] (IRQs 5 *10 11)
[STDERR  ] 2018-11-27T18:11:48.153993409Z: [    1.465170] ACPI: PCI Interrupt Link [LNKC] (IRQs 5 10 *11)
[STDERR  ] 2018-11-27T18:11:48.154032342Z: [    1.466220] ACPI: PCI Interrupt Link [LNKD] (IRQs 5 10 *11)
[STDERR  ] 2018-11-27T18:11:48.154071953Z: [    1.469118] ACPI: PCI Interrupt Link [LNKE] (IRQs 5 *10 11)
[STDERR  ] 2018-11-27T18:11:48.154113406Z: [    1.470960] ACPI: PCI Interrupt Link [LNKF] (IRQs 5 *10 11)
[STDERR  ] 2018-11-27T18:11:48.154148906Z: [    1.472224] ACPI: PCI Interrupt Link [LNKG] (IRQs 5 10 *11)
[STDERR  ] 2018-11-27T18:11:48.154187863Z: [    1.473231] ACPI: PCI Interrupt Link [LNKH] (IRQs 5 10 *11)
[STDERR  ] 2018-11-27T18:11:48.154225212Z: [    1.474073] ACPI: PCI Interrupt Link [GSIA] (IRQs *16)
[STDERR  ] 2018-11-27T18:11:48.154272695Z: [    1.474950] ACPI: PCI Interrupt Link [GSIB] (IRQs *17)
[STDERR  ] 2018-11-27T18:11:48.154310548Z: [    1.475952] ACPI: PCI Interrupt Link [GSIC] (IRQs *18)
[STDERR  ] 2018-11-27T18:11:48.154348877Z: [    1.476949] ACPI: PCI Interrupt Link [GSID] (IRQs *19)
[STDERR  ] 2018-11-27T18:11:48.154406730Z: [    1.477951] ACPI: PCI Interrupt Link [GSIE] (IRQs *20)
[STDERR  ] 2018-11-27T18:11:48.154446687Z: [    1.478951] ACPI: PCI Interrupt Link [GSIF] (IRQs *21)
[STDERR  ] 2018-11-27T18:11:48.154485262Z: [    1.479957] ACPI: PCI Interrupt Link [GSIG] (IRQs *22)
[STDERR  ] 2018-11-27T18:11:48.154525550Z: [    1.480954] ACPI: PCI Interrupt Link [GSIH] (IRQs *23)
[STDERR  ] 2018-11-27T18:11:48.154563512Z: [    1.483102] SCSI subsystem initialized
[STDERR  ] 2018-11-27T18:11:48.154602255Z: [    1.484947] ACPI: bus type USB registered
[STDERR  ] 2018-11-27T18:11:48.154642736Z: [    1.486959] usbcore: registered new interface driver usbfs
[STDERR  ] 2018-11-27T18:11:48.154679859Z: [    1.487964] usbcore: registered new interface driver hub
[STDERR  ] 2018-11-27T18:11:48.154717665Z: [    1.488968] usbcore: registered new device driver usb
[STDERR  ] 2018-11-27T18:11:48.154756268Z: [    1.489970] pps_core: LinuxPPS API ver. 1 registered
[STDERR  ] 2018-11-27T18:11:48.154793735Z: [    1.490934] pps_core: Software ver. 5.3.6 - Copyright 2005-2007 Rodolfo Giometti <giometti@linux.it>
[STDERR  ] 2018-11-27T18:11:48.154832124Z: [    1.491946] PTP clock support registered
[STDERR  ] 2018-11-27T18:11:48.154877274Z: [    1.493027] PCI: Using ACPI for IRQ routing
[STDERR  ] 2018-11-27T18:11:48.154914630Z: [    1.973260] NetLabel: Initializing
[STDERR  ] 2018-11-27T18:11:48.154959483Z: [    1.973935] NetLabel:  domain hash size = 128
[STDERR  ] 2018-11-27T18:11:48.155016919Z: [    1.974933] NetLabel:  protocols = UNLABELED CIPSOv4 CALIPSO
[STDERR  ] 2018-11-27T18:11:48.155068097Z: [    1.975963] NetLabel:  unlabeled traffic allowed by default
[STDERR  ] 2018-11-27T18:11:48.155106757Z: [    1.978107] HPET: 3 timers in total, 0 timers will be used for per-cpu timer
[STDERR  ] 2018-11-27T18:11:48.155145775Z: [    1.979051] hpet0: at MMIO 0xfed00000, IRQs 2, 8, 0
[STDERR  ] 2018-11-27T18:11:48.155196585Z: [    1.979937] hpet0: 3 comparators, 64-bit 100.000000 MHz counter
[STDERR  ] 2018-11-27T18:11:48.155234436Z: [    1.982975] clocksource: Switched to clocksource kvm-clock
[STDERR  ] 2018-11-27T18:11:48.155272484Z: [    2.010467] VFS: Disk quotas dquot_6.6.0
[STDERR  ] 2018-11-27T18:11:48.155316219Z: [    2.014420] VFS: Dquot-cache hash table entries: 512 (order 0, 4096 bytes)
[STDERR  ] 2018-11-27T18:11:48.155355622Z: [    2.021059] FS-Cache: Loaded
[STDERR  ] 2018-11-27T18:11:48.155393867Z: [    2.024078] CacheFiles: Loaded
[STDERR  ] 2018-11-27T18:11:48.155432790Z: [    2.027161] pnp: PnP ACPI init
[STDERR  ] 2018-11-27T18:11:48.155481758Z: [    2.031339] pnp: PnP ACPI: found 5 devices
[STDERR  ] 2018-11-27T18:11:48.155520966Z: [    2.041661] clocksource: acpi_pm: mask: 0xffffff max_cycles: 0xffffff, max_idle_ns: 2085701024 ns
[STDERR  ] 2018-11-27T18:11:48.155568859Z: [    2.050226] NET: Registered protocol family 2
[STDERR  ] 2018-11-27T18:11:48.155605265Z: [    2.055414] tcp_listen_portaddr_hash hash table entries: 512 (order: 1, 8192 bytes)
[STDERR  ] 2018-11-27T18:11:48.155644771Z: [    2.062806] TCP established hash table entries: 8192 (order: 4, 65536 bytes)
[STDERR  ] 2018-11-27T18:11:48.155681165Z: [    2.069558] TCP bind hash table entries: 8192 (order: 5, 131072 bytes)
[STDERR  ] 2018-11-27T18:11:48.155721427Z: [    2.075867] TCP: Hash tables configured (established 8192 bind 8192)
[STDERR  ] 2018-11-27T18:11:48.155765329Z: [    2.082055] UDP hash table entries: 512 (order: 2, 16384 bytes)
[STDERR  ] 2018-11-27T18:11:48.155805270Z: [    2.087744] UDP-Lite hash table entries: 512 (order: 2, 16384 bytes)
[STDERR  ] 2018-11-27T18:11:48.155841270Z: [    2.093936] NET: Registered protocol family 1
[STDERR  ] 2018-11-27T18:11:48.155881374Z: [    2.098166] NET: Registered protocol family 44
[STDERR  ] 2018-11-27T18:11:48.155919772Z: [    2.102844] pci 0000:00:01.0: Video device with shadowed ROM at [mem 0x000c0000-0x000dffff]
[STDERR  ] 2018-11-27T18:11:48.155965093Z: [    2.110166] Trying to unpack rootfs image as initramfs...
[STDERR  ] 2018-11-27T18:11:48.156021056Z: [    2.750132] Freeing initrd memory: 28036K
[STDERR  ] 2018-11-27T18:11:48.156058404Z: [    2.754295] clocksource: tsc: mask: 0xffffffffffffffff max_cycles: 0x2126ed38629, max_idle_ns: 440795218029 ns
[STDERR  ] 2018-11-27T18:11:48.156095209Z: [    2.767136] PCLMULQDQ-NI instructions are not detected.
[STDERR  ] 2018-11-27T18:11:48.156134473Z: [    2.772300] AVX or AES-NI instructions are not detected.
[STDERR  ] 2018-11-27T18:11:48.156172031Z: [    2.777524] CPU feature 'AVX registers' is not supported.
[STDERR  ] 2018-11-27T18:11:48.156209276Z: [    2.782780] CPU feature 'AVX registers' is not supported.
[STDERR  ] 2018-11-27T18:11:48.156247176Z: [    2.788207] CPU feature 'AVX registers' is not supported.
[STDERR  ] 2018-11-27T18:11:48.156283439Z: [    2.793415] CPU feature 'AVX registers' is not supported.
[STDERR  ] 2018-11-27T18:11:48.156351248Z: [    2.798660] AVX2 or AES-NI instructions are not detected.
[STDERR  ] 2018-11-27T18:11:48.156390750Z: [    2.803848] AVX2 instructions are not detected.
[STDERR  ] 2018-11-27T18:11:48.156430079Z: [    2.808802] workingset: timestamp_bits=46 max_order=18 bucket_order=0
[STDERR  ] 2018-11-27T18:11:48.156476694Z: [    2.814642] squashfs: version 4.0 (2009/01/31) Phillip Lougher
[STDERR  ] 2018-11-27T18:11:48.156515519Z: [    2.820444] FS-Cache: Netfs 'cifs' registered for caching
[STDERR  ] 2018-11-27T18:11:48.156553955Z: [    2.825743] fuse init (API version 7.27)
[STDERR  ] 2018-11-27T18:11:48.156591979Z: [    2.829669] SGI XFS with ACLs, security attributes, no debug enabled
[STDERR  ] 2018-11-27T18:11:48.156637866Z: [    2.836104] 9p: Installing v9fs 9p2000 file system support
[STDERR  ] 2018-11-27T18:11:48.156674567Z: [    2.841476] FS-Cache: Netfs '9p' registered for caching
[STDERR  ] 2018-11-27T18:11:48.156714423Z: [    2.846537] pstore: using deflate compression
[STDERR  ] 2018-11-27T18:11:48.156752824Z: [    2.852196] NET: Registered protocol family 38
[STDERR  ] 2018-11-27T18:11:48.156796073Z: [    2.856587] Key type asymmetric registered
[STDERR  ] 2018-11-27T18:11:48.156844777Z: [    2.860728] Asymmetric key parser 'x509' registered
[STDERR  ] 2018-11-27T18:11:48.156883110Z: [    2.865503] Block layer SCSI generic (bsg) driver version 0.4 loaded (major 247)
[STDERR  ] 2018-11-27T18:11:48.156922036Z: [    2.872760] io scheduler noop registered
[STDERR  ] 2018-11-27T18:11:48.156960010Z: [    2.876591] io scheduler deadline registered (default)
[STDERR  ] 2018-11-27T18:11:48.157037821Z: [    2.881650] io scheduler cfq registered
[STDERR  ] 2018-11-27T18:11:48.157078248Z: [    2.885381] io scheduler mq-deadline registered (default)
[STDERR  ] 2018-11-27T18:11:48.157117697Z: [    2.890586] io scheduler kyber registered
[STDERR  ] 2018-11-27T18:11:48.157155180Z: [    2.894614] shpchp: Standard Hot Plug PCI Controller Driver version: 0.4
[STDERR  ] 2018-11-27T18:11:48.157191920Z: [    2.901043] hv_vmbus: registering driver hyperv_fb
[STDERR  ] 2018-11-27T18:11:48.157229288Z: [    2.905775] input: Power Button as /devices/LNXSYSTM:00/LNXPWRBN:00/input/input0
[STDERR  ] 2018-11-27T18:11:48.157267307Z: [    2.913028] ACPI: Power Button [PWRF]
[STDERR  ] 2018-11-27T18:11:48.157306093Z: [    2.917446] PCI Interrupt Link [GSIG] enabled at IRQ 22
[STDERR  ] 2018-11-27T18:11:48.157343365Z: [    2.928606] PCI Interrupt Link [GSIH] enabled at IRQ 23
[STDERR  ] 2018-11-27T18:11:48.157381704Z: [    2.939707] Serial: 8250/16550 driver, 4 ports, IRQ sharing disabled
[STDERR  ] 2018-11-27T18:11:48.157523675Z: [    2.980489] 00:04: ttyS0 at I/O 0x3f8 (irq = 4, base_baud = 115200) is a 16550A
[STDERR  ] 2018-11-27T18:11:48.157540839Z: [    2.988449] Non-volatile memory driver v1.3
[STDERR  ] 2018-11-27T18:11:48.157552768Z: [    2.994218] Hangcheck: starting hangcheck timer 0.9.1 (tick is 180 seconds, margin is 60 seconds).
[STDERR  ] 2018-11-27T18:11:48.157564740Z: [    3.003140] random: fast init done
[STDERR  ] 2018-11-27T18:11:48.157578231Z: [    3.007601] random: crng init done
[STDERR  ] 2018-11-27T18:11:48.157589799Z: [    3.012088] brd: module loaded
[STDERR  ] 2018-11-27T18:11:48.157602926Z: [    3.019681] loop: module loaded
[STDERR  ] 2018-11-27T18:11:48.157614981Z: [    3.026767] lpc_ich 0000:00:1f.0: I/O space for GPIO uninitialized
[STDERR  ] 2018-11-27T18:11:48.157627498Z: [    3.032849] VMware PVSCSI driver - version 1.0.7.0-k
[PASS    ] linuxkit.kernel.config_4.19.x 28.27s
[STDERR  ] 2018-11-27T18:11:48.157651851Z: [    3.037653] hv_vmbus: registering driver hv_storvsc
