[INFO    ] 2017-09-07T21:51:31.857532017Z: Running Test linuxkit.kernel.kmod_4.9.x in /tmp/with_clone25e327bf/test/cases/020_kernel/010_kmod_4.9.x
[INFO    ] 2017-09-07T21:51:31.857611973Z: Running command: [/bin/sh -x /tmp/with_clone25e327bf/test/cases/020_kernel/010_kmod_4.9.x/test.sh]
[STDERR  ] 2017-09-07T21:51:31.868336889Z: + set -e
[STDERR  ] 2017-09-07T21:51:31.868377245Z: + . /tmp/with_clone25e327bf/test/cases/_lib/lib.sh
[STDERR  ] 2017-09-07T21:51:31.868384671Z: + [ -f src/github.com/linuxkit/rtf/lib/lib.sh ]
[STDERR  ] 2017-09-07T21:51:31.868392572Z: + LINUXKIT_TMPDIR=/tmp/with_clone25e327bf/test/cases/_tmp
[STDERR  ] 2017-09-07T21:51:31.868405747Z: + [ -f /tmp/with_clone25e327bf/test/cases/_tmp/env.sh ]
[STDERR  ] 2017-09-07T21:51:31.86841799Z: + . /tmp/with_clone25e327bf/test/cases/_tmp/env.sh
[STDERR  ] 2017-09-07T21:51:31.868432281Z: + export LINUXKIT_EXAMPLES_DIR=/tmp/with_clone25e327bf/test/cases/../../examples
[STDERR  ] 2017-09-07T21:51:31.868441037Z: + export LINUXKIT_BLUEPRINTS_DIR=/tmp/with_clone25e327bf/test/cases/../../blueprints
[STDERR  ] 2017-09-07T21:51:31.868447697Z: + RT_CANCEL=253
[STDERR  ] 2017-09-07T21:51:31.868461286Z: + IMAGE_NAME=kmod-test
[STDERR  ] 2017-09-07T21:51:31.868476789Z: + trap clean_up EXIT
[STDERR  ] 2017-09-07T21:51:31.86848441Z: + docker pull linuxkit/kernel:4.9.47
[STDOUT  ] 2017-09-07T21:51:33.305678901Z: 4.9.47: Pulling from linuxkit/kernel
[STDOUT  ] 2017-09-07T21:51:33.692842446Z: Digest: sha256:ff8c40e1be2e89308ac305c1ed77b1aecc3fd09880bdd8ca9fdc8fe7bb9c6b36
[STDOUT  ] 2017-09-07T21:51:33.692894772Z: Status: Image is up to date for linuxkit/kernel:4.9.47
[STDERR  ] 2017-09-07T21:51:33.712624298Z: + docker build -t kmod-test .
[STDOUT  ] 2017-09-07T21:51:33.727072652Z: Sending build context to Docker daemon 8.704 kB
[STDOUT  ] 2017-09-07T21:51:33.894846471Z: Step 1/12 : FROM linuxkit/kernel:4.9.47 AS ksrc
[STDOUT  ] 2017-09-07T21:51:33.954381015Z:  ---> d61f9f3ba160
[STDOUT  ] 2017-09-07T21:51:33.954428653Z: Step 2/12 : FROM linuxkit/alpine:f4f5b333fa1a8433334fcae996d1637173144a72 AS build
[STDOUT  ] 2017-09-07T21:51:33.954440084Z:  ---> 184945765e5a
[STDOUT  ] 2017-09-07T21:51:33.95444741Z: Step 3/12 : RUN apk add build-base
[STDOUT  ] 2017-09-07T21:51:33.954454902Z:  ---> Using cache
[STDOUT  ] 2017-09-07T21:51:33.95446172Z:  ---> 6826d174c314
[STDOUT  ] 2017-09-07T21:51:33.954471813Z: Step 4/12 : COPY --from=ksrc /kernel-dev.tar /
[STDOUT  ] 2017-09-07T21:51:34.419220593Z:  ---> Using cache
[STDOUT  ] 2017-09-07T21:51:34.419270219Z:  ---> a1a87ed4a427
[STDOUT  ] 2017-09-07T21:51:34.419279192Z: Step 5/12 : RUN tar xf kernel-dev.tar
[STDOUT  ] 2017-09-07T21:51:34.43610751Z:  ---> Using cache
[STDOUT  ] 2017-09-07T21:51:34.436148167Z:  ---> b02c31fa1567
[STDOUT  ] 2017-09-07T21:51:34.436162167Z: Step 6/12 : WORKDIR /kmod
[STDOUT  ] 2017-09-07T21:51:34.436176733Z:  ---> Using cache
[STDOUT  ] 2017-09-07T21:51:34.436188207Z:  ---> f8d202d1de3f
[STDOUT  ] 2017-09-07T21:51:34.436201502Z: Step 7/12 : COPY ./src/* ./
[STDOUT  ] 2017-09-07T21:51:34.436210731Z:  ---> Using cache
[STDOUT  ] 2017-09-07T21:51:34.436217766Z:  ---> 22e9173bb625
[STDOUT  ] 2017-09-07T21:51:34.436224805Z: Step 8/12 : RUN make all
[STDOUT  ] 2017-09-07T21:51:34.436241807Z:  ---> Using cache
[STDOUT  ] 2017-09-07T21:51:34.436249153Z:  ---> ec9cfc8d5ab4
[STDOUT  ] 2017-09-07T21:51:34.436255972Z: Step 9/12 : FROM alpine:3.5
[STDOUT  ] 2017-09-07T21:51:34.436268373Z:  ---> 074d602a59d7
[STDOUT  ] 2017-09-07T21:51:34.436275869Z: Step 10/12 : COPY --from=build /kmod/hello_world.ko /
[STDOUT  ] 2017-09-07T21:51:35.008277639Z:  ---> 49a4fcaa4a90
[STDOUT  ] 2017-09-07T21:51:35.025117369Z: Removing intermediate container 7ed40823acdf
[STDOUT  ] 2017-09-07T21:51:35.025165688Z: Step 11/12 : COPY check.sh /check.sh
[STDOUT  ] 2017-09-07T21:51:35.5840613Z:  ---> b32c72680ef7
[STDOUT  ] 2017-09-07T21:51:35.600813756Z: Removing intermediate container 79cb43e6f988
[STDOUT  ] 2017-09-07T21:51:35.60084454Z: Step 12/12 : ENTRYPOINT /bin/sh /check.sh
[STDOUT  ] 2017-09-07T21:51:35.748750736Z:  ---> Running in ac60a84c534e
[STDOUT  ] 2017-09-07T21:51:35.969034141Z:  ---> afa0e939fc9e
[STDOUT  ] 2017-09-07T21:51:35.985932467Z: Removing intermediate container ac60a84c534e
[STDOUT  ] 2017-09-07T21:51:35.985960662Z: Successfully built afa0e939fc9e
[STDOUT  ] 2017-09-07T21:51:35.985968464Z: Successfully tagged kmod-test:latest
[STDERR  ] 2017-09-07T21:51:36.100895318Z: + moby build -format kernel+initrd kmod.yml
[STDERR  ] 2017-09-07T21:51:36.110049172Z: Extract kernel image: linuxkit/kernel:4.9.47
[STDERR  ] 2017-09-07T21:51:45.62573464Z: Add init containers:
[STDERR  ] 2017-09-07T21:51:45.62580266Z: Process init image: linuxkit/init:79973d34faf7d4654462f3408c5eb00befaf03b8
[STDERR  ] 2017-09-07T21:51:48.162923863Z: Process init image: linuxkit/runc:a1b564248a0d0b118c11e61db9f84ecf41dd2d2a
[STDERR  ] 2017-09-07T21:51:50.27628855Z: Add onboot containers:
[STDERR  ] 2017-09-07T21:51:50.276409755Z:   Create OCI config for kmod-test
[STDERR  ] 2017-09-07T21:51:50.864429519Z:   Create OCI config for linuxkit/poweroff:1e9876c682c74d0602b7647c628bb0875fb13998
[STDERR  ] 2017-09-07T21:51:52.462002376Z: Create outputs:
[STDERR  ] 2017-09-07T21:51:56.418473791Z:   kmod-kernel kmod-initrd.img kmod-cmdline
[STDERR  ] 2017-09-07T21:51:56.592283227Z: + linuxkit run kmod
[STDERR  ] 2017-09-07T21:52:18.100816673Z: + RESULT=[    0.000000] Linux version 4.9.47-linuxkit (root@e1ede117fb1e) (gcc version 6.3.0 (Alpine 6.3.0) ) #1 SMP Mon Sep 4 16:11:11 UTC 2017
[STDERR  ] 2017-09-07T21:52:18.100888556Z: [    0.000000] Command line: console=ttyS0
[STDERR  ] 2017-09-07T21:52:18.100901726Z: [    0.000000] x86/fpu: Legacy x87 FPU detected.
[STDERR  ] 2017-09-07T21:52:18.100914797Z: [    0.000000] x86/fpu: Using 'eager' FPU context switches.
[STDERR  ] 2017-09-07T21:52:18.100927837Z: [    0.000000] e820: BIOS-provided physical RAM map:
[STDERR  ] 2017-09-07T21:52:18.100940383Z: [    0.000000] BIOS-e820: [mem 0x0000000000000000-0x000000000009fbff] usable
[STDERR  ] 2017-09-07T21:52:18.100953579Z: [    0.000000] BIOS-e820: [mem 0x000000000009fc00-0x000000000009ffff] reserved
[STDERR  ] 2017-09-07T21:52:18.100965869Z: [    0.000000] BIOS-e820: [mem 0x00000000000f0000-0x00000000000fffff] reserved
[STDERR  ] 2017-09-07T21:52:18.100977786Z: [    0.000000] BIOS-e820: [mem 0x0000000000100000-0x000000003ffdefff] usable
[STDERR  ] 2017-09-07T21:52:18.100989884Z: [    0.000000] BIOS-e820: [mem 0x000000003ffdf000-0x000000003fffffff] reserved
[STDERR  ] 2017-09-07T21:52:18.101005793Z: [    0.000000] BIOS-e820: [mem 0x00000000b0000000-0x00000000bfffffff] reserved
[STDERR  ] 2017-09-07T21:52:18.101018421Z: [    0.000000] BIOS-e820: [mem 0x00000000fed1c000-0x00000000fed1ffff] reserved
[STDERR  ] 2017-09-07T21:52:18.101030232Z: [    0.000000] BIOS-e820: [mem 0x00000000fffc0000-0x00000000ffffffff] reserved
[STDERR  ] 2017-09-07T21:52:18.101042361Z: [    0.000000] NX (Execute Disable) protection: active
[STDERR  ] 2017-09-07T21:52:18.101054886Z: [    0.000000] SMBIOS 2.8 present.
[STDERR  ] 2017-09-07T21:52:18.101067128Z: [    0.000000] e820: last_pfn = 0x3ffdf max_arch_pfn = 0x400000000
[STDERR  ] 2017-09-07T21:52:18.101079277Z: [    0.000000] x86/PAT: Configuration [0-7]: WB  WC  UC- UC  WB  WC  UC- WT  
[STDERR  ] 2017-09-07T21:52:18.101091213Z: [    0.000000] found SMP MP-table at [mem 0x000f6aa0-0x000f6aaf] mapped at [ffff9ad5c00f6aa0]
[STDERR  ] 2017-09-07T21:52:18.10110658Z: [    0.000000] RAMDISK: [mem 0x3e967000-0x3ffcffff]
[STDERR  ] 2017-09-07T21:52:18.101118696Z: [    0.000000] ACPI: Early table checksum verification disabled
[STDERR  ] 2017-09-07T21:52:18.101130693Z: [    0.000000] ACPI: RSDP 0x00000000000F68C0 000014 (v00 BOCHS )
[STDERR  ] 2017-09-07T21:52:18.101142933Z: [    0.000000] ACPI: RSDT 0x000000003FFE2404 000034 (v01 BOCHS  BXPCRSDT 00000001 BXPC 00000001)
[STDERR  ] 2017-09-07T21:52:18.10115505Z: [    0.000000] ACPI: FACP 0x000000003FFE22A4 000074 (v01 BOCHS  BXPCFACP 00000001 BXPC 00000001)
[STDERR  ] 2017-09-07T21:52:18.101167225Z: [    0.000000] ACPI: DSDT 0x000000003FFE0040 002264 (v01 BOCHS  BXPCDSDT 00000001 BXPC 00000001)
[STDERR  ] 2017-09-07T21:52:18.101179261Z: [    0.000000] ACPI: FACS 0x000000003FFE0000 000040
[STDERR  ] 2017-09-07T21:52:18.101200538Z: [    0.000000] ACPI: APIC 0x000000003FFE2318 000078 (v01 BOCHS  BXPCAPIC 00000001 BXPC 00000001)
[STDERR  ] 2017-09-07T21:52:18.101212559Z: [    0.000000] ACPI: HPET 0x000000003FFE2390 000038 (v01 BOCHS  BXPCHPET 00000001 BXPC 00000001)
[STDERR  ] 2017-09-07T21:52:18.10122402Z: [    0.000000] ACPI: MCFG 0x000000003FFE23C8 00003C (v01 BOCHS  BXPCMCFG 00000001 BXPC 00000001)
[STDERR  ] 2017-09-07T21:52:18.101236211Z: [    0.000000] Zone ranges:
[STDERR  ] 2017-09-07T21:52:18.101248015Z: [    0.000000]   DMA      [mem 0x0000000000001000-0x0000000000ffffff]
[STDERR  ] 2017-09-07T21:52:18.101259774Z: [    0.000000]   DMA32    [mem 0x0000000001000000-0x000000003ffdefff]
[STDERR  ] 2017-09-07T21:52:18.101271601Z: [    0.000000]   Normal   empty
[STDERR  ] 2017-09-07T21:52:18.101283316Z: [    0.000000] Movable zone start for each node
[STDERR  ] 2017-09-07T21:52:18.101294937Z: [    0.000000] Early memory node ranges
[STDERR  ] 2017-09-07T21:52:18.101306396Z: [    0.000000]   node   0: [mem 0x0000000000001000-0x000000000009efff]
[STDERR  ] 2017-09-07T21:52:18.101326049Z: [    0.000000]   node   0: [mem 0x0000000000100000-0x000000003ffdefff]
[STDERR  ] 2017-09-07T21:52:18.101337822Z: [    0.000000] Initmem setup node 0 [mem 0x0000000000001000-0x000000003ffdefff]
[STDERR  ] 2017-09-07T21:52:18.101359013Z: [    0.000000] ACPI: PM-Timer IO Port: 0x608
[STDERR  ] 2017-09-07T21:52:18.101370596Z: [    0.000000] ACPI: LAPIC_NMI (acpi_id[0xff] dfl dfl lint[0x1])
[STDERR  ] 2017-09-07T21:52:18.101386113Z: [    0.000000] IOAPIC[0]: apic_id 0, version 32, address 0xfec00000, GSI 0-23
[STDERR  ] 2017-09-07T21:52:18.101397801Z: [    0.000000] ACPI: INT_SRC_OVR (bus 0 bus_irq 0 global_irq 2 dfl dfl)
[STDERR  ] 2017-09-07T21:52:18.101411669Z: [    0.000000] ACPI: INT_SRC_OVR (bus 0 bus_irq 5 global_irq 5 high level)
[STDERR  ] 2017-09-07T21:52:18.101428935Z: [    0.000000] ACPI: INT_SRC_OVR (bus 0 bus_irq 9 global_irq 9 high level)
[STDERR  ] 2017-09-07T21:52:18.101440959Z: [    0.000000] ACPI: INT_SRC_OVR (bus 0 bus_irq 10 global_irq 10 high level)
[STDERR  ] 2017-09-07T21:52:18.101452413Z: [    0.000000] ACPI: INT_SRC_OVR (bus 0 bus_irq 11 global_irq 11 high level)
[STDERR  ] 2017-09-07T21:52:18.101465059Z: [    0.000000] Using ACPI (MADT) for SMP configuration information
[STDERR  ] 2017-09-07T21:52:18.101475969Z: [    0.000000] ACPI: HPET id: 0x8086a201 base: 0xfed00000
[STDERR  ] 2017-09-07T21:52:18.101486966Z: [    0.000000] smpboot: Allowing 1 CPUs, 0 hotplug CPUs
[STDERR  ] 2017-09-07T21:52:18.101497891Z: [    0.000000] e820: [mem 0x40000000-0xafffffff] available for PCI devices
[STDERR  ] 2017-09-07T21:52:18.101509091Z: [    0.000000] Booting paravirtualized kernel on bare hardware
[STDERR  ] 2017-09-07T21:52:18.101519999Z: [    0.000000] clocksource: refined-jiffies: mask: 0xffffffff max_cycles: 0xffffffff, max_idle_ns: 19112604462750000 ns
[STDERR  ] 2017-09-07T21:52:18.10153447Z: [    0.000000] setup_percpu: NR_CPUS:128 nr_cpumask_bits:128 nr_cpu_ids:1 nr_node_ids:1
[STDERR  ] 2017-09-07T21:52:18.101547032Z: [    0.000000] percpu: Embedded 35 pages/cpu @ffff9ad5fe600000 s105240 r8192 d29928 u2097152
[STDERR  ] 2017-09-07T21:52:18.101558735Z: [    0.000000] Built 1 zonelists in Zone order, mobility grouping on.  Total pages: 257896
[STDERR  ] 2017-09-07T21:52:18.101569416Z: [    0.000000] Kernel command line: console=ttyS0
[STDERR  ] 2017-09-07T21:52:18.10157977Z: [    0.000000] PID hash table entries: 4096 (order: 3, 32768 bytes)
[STDERR  ] 2017-09-07T21:52:18.101590048Z: [    0.000000] Dentry cache hash table entries: 131072 (order: 8, 1048576 bytes)
[STDERR  ] 2017-09-07T21:52:18.10160095Z: [    0.000000] Inode-cache hash table entries: 65536 (order: 7, 524288 bytes)
[STDERR  ] 2017-09-07T21:52:18.101614483Z: [    0.000000] Memory: 991224K/1048052K available (8032K kernel code, 1366K rwdata, 2696K rodata, 1380K init, 568K bss, 56828K reserved, 0K cma-reserved)
[STDERR  ] 2017-09-07T21:52:18.101628622Z: [    0.000000] Hierarchical RCU implementation.
[STDERR  ] 2017-09-07T21:52:18.101646233Z: [    0.000000] 	Build-time adjustment of leaf fanout to 64.
[STDERR  ] 2017-09-07T21:52:18.101657115Z: [    0.000000] 	RCU restricting CPUs from NR_CPUS=128 to nr_cpu_ids=1.
[STDERR  ] 2017-09-07T21:52:18.101669379Z: [    0.000000] RCU: Adjusting geometry for rcu_fanout_leaf=64, nr_cpu_ids=1
[STDERR  ] 2017-09-07T21:52:18.101680039Z: [    0.000000] NR_IRQS:8448 nr_irqs:256 16
[STDERR  ] 2017-09-07T21:52:18.101691416Z: [    0.000000] Console: colour VGA+ 80x25
[STDERR  ] 2017-09-07T21:52:18.101702149Z: [    0.000000] console [ttyS0] enabled
[STDERR  ] 2017-09-07T21:52:18.101712544Z: [    0.000000] clocksource: hpet: mask: 0xffffffff max_cycles: 0xffffffff, max_idle_ns: 19112604467 ns
[STDERR  ] 2017-09-07T21:52:18.101728592Z: [    0.000000] tsc: Fast TSC calibration using PIT
[STDERR  ] 2017-09-07T21:52:18.101739103Z: [    0.000000] tsc: Detected 2300.165 MHz processor
[STDERR  ] 2017-09-07T21:52:18.101749909Z: [    0.022316] Calibrating delay loop (skipped), value calculated using timer frequency.. 4600.33 BogoMIPS (lpj=23001650)
[STDERR  ] 2017-09-07T21:52:18.101764878Z: [    0.023356] pid_max: default: 32768 minimum: 301
[STDERR  ] 2017-09-07T21:52:18.10177576Z: [    0.024466] ACPI: Core revision 20160831
[STDERR  ] 2017-09-07T21:52:18.101786378Z: [    0.067414] ACPI: 1 ACPI AML tables successfully acquired and loaded
[STDERR  ] 2017-09-07T21:52:18.101797146Z: [    0.070629] Security Framework initialized
[STDERR  ] 2017-09-07T21:52:18.101812156Z: [    0.070994] Yama: becoming mindful.
[STDERR  ] 2017-09-07T21:52:18.101822919Z: [    0.072873] Mount-cache hash table entries: 2048 (order: 2, 16384 bytes)
[STDERR  ] 2017-09-07T21:52:18.101834101Z: [    0.073423] Mountpoint-cache hash table entries: 2048 (order: 2, 16384 bytes)
[STDERR  ] 2017-09-07T21:52:18.101845276Z: [    0.092164] Last level iTLB entries: 4KB 0, 2MB 0, 4MB 0
[STDERR  ] 2017-09-07T21:52:18.101856122Z: [    0.092596] Last level dTLB entries: 4KB 0, 2MB 0, 4MB 0, 1GB 0
[STDERR  ] 2017-09-07T21:52:18.101866466Z: [    0.409811] Freeing SMP alternatives memory: 20K
[STDERR  ] 2017-09-07T21:52:18.101876858Z: [    0.418040] ftrace: allocating 35509 entries in 139 pages
[STDERR  ] 2017-09-07T21:52:18.101887674Z: [    0.582261] smpboot: Max logical packages: 1
[STDERR  ] 2017-09-07T21:52:18.101898952Z: [    0.587837] ..TIMER: vector=0x30 apic1=0 pin1=2 apic2=-1 pin2=-1
[STDERR  ] 2017-09-07T21:52:18.101910876Z: [    0.690000] smpboot: CPU0: AMD QEMU Virtual CPU version 2.5+ (family: 0x6, model: 0x6, stepping: 0x3)
[STDERR  ] 2017-09-07T21:52:18.101922627Z: [    0.690000] Performance Events: PMU not available due to virtualization, using software events only.
[STDERR  ] 2017-09-07T21:52:18.101933716Z: [    0.696935] NMI watchdog: disabled (cpu0): hardware events not enabled
[STDERR  ] 2017-09-07T21:52:18.101947874Z: [    0.697283] NMI watchdog: Shutting down hard lockup detector on all cpus
[STDERR  ] 2017-09-07T21:52:18.101958448Z: [    0.700107] x86: Booted up 1 node, 1 CPUs
[STDERR  ] 2017-09-07T21:52:18.101974711Z: [    0.700393] smpboot: Total of 1 processors activated (4600.33 BogoMIPS)
[STDERR  ] 2017-09-07T21:52:18.101986227Z: [    0.713736] devtmpfs: initialized
[STDERR  ] 2017-09-07T21:52:18.101997387Z: [    0.718328] x86/mm: Memory block size: 128MB
[STDERR  ] 2017-09-07T21:52:18.10200878Z: [    0.779920] clocksource: jiffies: mask: 0xffffffff max_cycles: 0xffffffff, max_idle_ns: 19112604462750000 ns
[STDERR  ] 2017-09-07T21:52:18.102020662Z: [    0.780239] futex hash table entries: 256 (order: 2, 16384 bytes)
[STDERR  ] 2017-09-07T21:52:18.102031519Z: [    0.788826] NET: Registered protocol family 16
[STDERR  ] 2017-09-07T21:52:18.102042079Z: [    0.798498] cpuidle: using governor ladder
[STDERR  ] 2017-09-07T21:52:18.102053894Z: [    0.798850] cpuidle: using governor menu
[STDERR  ] 2017-09-07T21:52:18.102064748Z: [    0.799811] ACPI: bus type PCI registered
[STDERR  ] 2017-09-07T21:52:18.102075521Z: [    0.802500] PCI: MMCONFIG for domain 0000 [bus 00-ff] at [mem 0xb0000000-0xbfffffff] (base 0xb0000000)
[STDERR  ] 2017-09-07T21:52:18.102094934Z: [    0.803177] PCI: MMCONFIG at [mem 0xb0000000-0xbfffffff] reserved in E820
[STDERR  ] 2017-09-07T21:52:18.102107564Z: [    0.804398] PCI: Using configuration type 1 for base access
[STDERR  ] 2017-09-07T21:52:18.102121178Z: [    0.860473] HugeTLB registered 2 MB page size, pre-allocated 0 pages
[STDERR  ] 2017-09-07T21:52:18.102132108Z: [    0.870969] ACPI: Added _OSI(Module Device)
[STDERR  ] 2017-09-07T21:52:18.102142691Z: [    0.871274] ACPI: Added _OSI(Processor Device)
[STDERR  ] 2017-09-07T21:52:18.102152636Z: [    0.871532] ACPI: Added _OSI(3.0 _SCP Extensions)
[STDERR  ] 2017-09-07T21:52:18.102163236Z: [    0.871813] ACPI: Added _OSI(Processor Aggregator Device)
[STDERR  ] 2017-09-07T21:52:18.102173581Z: [    0.946390] ACPI: Interpreter enabled
[STDERR  ] 2017-09-07T21:52:18.102184254Z: [    0.947106] ACPI: (supports S0 S5)
[STDERR  ] 2017-09-07T21:52:18.102195257Z: [    0.947364] ACPI: Using IOAPIC for interrupt routing
[STDERR  ] 2017-09-07T21:52:18.102205853Z: [    0.949069] PCI: Using host bridge windows from ACPI; if necessary, use "pci=nocrs" and report a bug
[STDERR  ] 2017-09-07T21:52:18.102224143Z: [    1.012420] ACPI: PCI Root Bridge [PCI0] (domain 0000 [bus 00-ff])
[STDERR  ] 2017-09-07T21:52:18.102235514Z: [    1.013215] acpi PNP0A08:00: _OSC: OS supports [ExtendedConfig ASPM ClockPM Segments MSI]
[STDERR  ] 2017-09-07T21:52:18.102247471Z: [    1.018549] acpi PNP0A08:00: _OSC: OS now controls [PCIeHotplug PME PCIeCapability]
[STDERR  ] 2017-09-07T21:52:18.102259523Z: [    1.022004] PCI host bridge to bus 0000:00
[STDERR  ] 2017-09-07T21:52:18.102270899Z: [    1.022370] pci_bus 0000:00: root bus resource [io  0x0000-0x0cf7 window]
[STDERR  ] 2017-09-07T21:52:18.102282658Z: [    1.022721] pci_bus 0000:00: root bus resource [io  0x0d00-0xffff window]
[STDERR  ] 2017-09-07T21:52:18.102299951Z: [    1.023046] pci_bus 0000:00: root bus resource [mem 0x000a0000-0x000bffff window]
[STDERR  ] 2017-09-07T21:52:18.102309905Z: [    1.023399] pci_bus 0000:00: root bus resource [mem 0xc0000000-0xfebfffff window]
[STDERR  ] 2017-09-07T21:52:18.10232008Z: [    1.023864] pci_bus 0000:00: root bus resource [bus 00-ff]
[STDERR  ] 2017-09-07T21:52:18.102331043Z: [    1.126604] pci 0000:00:1f.0: quirk: [io  0x0600-0x067f] claimed by ICH6 ACPI/GPIO/TCO
[STDERR  ] 2017-09-07T21:52:18.102343335Z: [    1.185715] ACPI: PCI Interrupt Link [LNKA] (IRQs 5 *10 11)
[STDERR  ] 2017-09-07T21:52:18.102354392Z: [    1.187641] ACPI: PCI Interrupt Link [LNKB] (IRQs 5 *10 11)
[STDERR  ] 2017-09-07T21:52:18.102371246Z: [    1.189319] ACPI: PCI Interrupt Link [LNKC] (IRQs 5 10 *11)
[STDERR  ] 2017-09-07T21:52:18.102382754Z: [    1.191480] ACPI: PCI Interrupt Link [LNKD] (IRQs 5 10 *11)
[STDERR  ] 2017-09-07T21:52:18.102392904Z: [    1.193185] ACPI: PCI Interrupt Link [LNKE] (IRQs 5 *10 11)
[STDERR  ] 2017-09-07T21:52:18.102419951Z: [    1.194829] ACPI: PCI Interrupt Link [LNKF] (IRQs 5 *10 11)
[STDERR  ] 2017-09-07T21:52:18.102431002Z: [    1.196460] ACPI: PCI Interrupt Link [LNKG] (IRQs 5 10 *11)
[STDERR  ] 2017-09-07T21:52:18.102441543Z: [    1.198088] ACPI: PCI Interrupt Link [LNKH] (IRQs 5 10 *11)
[STDERR  ] 2017-09-07T21:52:18.102452522Z: [    1.198821] ACPI: PCI Interrupt Link [GSIA] (IRQs *16)
[STDERR  ] 2017-09-07T21:52:18.102463012Z: [    1.199370] ACPI: PCI Interrupt Link [GSIB] (IRQs *17)
[STDERR  ] 2017-09-07T21:52:18.102473738Z: [    1.200182] ACPI: PCI Interrupt Link [GSIC] (IRQs *18)
[STDERR  ] 2017-09-07T21:52:18.102484377Z: [    1.200714] ACPI: PCI Interrupt Link [GSID] (IRQs *19)
[STDERR  ] 2017-09-07T21:52:18.102494867Z: [    1.201240] ACPI: PCI Interrupt Link [GSIE] (IRQs *20)
[STDERR  ] 2017-09-07T21:52:18.102505231Z: [    1.201765] ACPI: PCI Interrupt Link [GSIF] (IRQs *21)
[STDERR  ] 2017-09-07T21:52:18.102515949Z: [    1.202306] ACPI: PCI Interrupt Link [GSIG] (IRQs *22)
[STDERR  ] 2017-09-07T21:52:18.102526855Z: [    1.202838] ACPI: PCI Interrupt Link [GSIH] (IRQs *23)
[STDERR  ] 2017-09-07T21:52:18.102537779Z: [    1.206238] ACPI: Enabled 2 GPEs in block 00 to 3F
[STDERR  ] 2017-09-07T21:52:18.102554436Z: [    1.210420] SCSI subsystem initialized
[STDERR  ] 2017-09-07T21:52:18.102565989Z: [    1.212092] ACPI: bus type USB registered
[STDERR  ] 2017-09-07T21:52:18.102577094Z: [    1.213093] usbcore: registered new interface driver usbfs
[STDERR  ] 2017-09-07T21:52:18.102593779Z: [    1.213879] usbcore: registered new interface driver hub
[STDERR  ] 2017-09-07T21:52:18.102605055Z: [    1.214556] usbcore: registered new device driver usb
[STDERR  ] 2017-09-07T21:52:18.102621076Z: [    1.215568] pps_core: LinuxPPS API ver. 1 registered
[STDERR  ] 2017-09-07T21:52:18.102632508Z: [    1.215824] pps_core: Software ver. 5.3.6 - Copyright 2005-2007 Rodolfo Giometti <giometti@linux.it>
[STDERR  ] 2017-09-07T21:52:18.102643857Z: [    1.216371] PTP clock support registered
[STDERR  ] 2017-09-07T21:52:18.102655069Z: [    1.217403] wmi: Mapper loaded
[STDERR  ] 2017-09-07T21:52:18.102669391Z: [    1.218328] PCI: Using ACPI for IRQ routing
[STDERR  ] 2017-09-07T21:52:18.102680555Z: [    1.237846] NetLabel: Initializing
[STDERR  ] 2017-09-07T21:52:18.102701108Z: [    1.238057] NetLabel:  domain hash size = 128
[STDERR  ] 2017-09-07T21:52:18.102712349Z: [    1.238308] NetLabel:  protocols = UNLABELED CIPSOv4
[STDERR  ] 2017-09-07T21:52:18.102723488Z: [    1.240139] NetLabel:  unlabeled traffic allowed by default
[STDERR  ] 2017-09-07T21:52:18.102734635Z: [    1.240960] HPET: 3 timers in total, 0 timers will be used for per-cpu timer
[STDERR  ] 2017-09-07T21:52:18.102746072Z: [    1.241592] hpet0: at MMIO 0xfed00000, IRQs 2, 8, 0
[STDERR  ] 2017-09-07T21:52:18.102757587Z: [    1.242031] hpet0: 3 comparators, 64-bit 100.000000 MHz counter
[STDERR  ] 2017-09-07T21:52:18.10276875Z: [    1.249138] clocksource: Switched to clocksource hpet
[STDERR  ] 2017-09-07T21:52:18.102779938Z: [    1.489903] VFS: Disk quotas dquot_6.6.0
[STDERR  ] 2017-09-07T21:52:18.102791004Z: [    1.490636] VFS: Dquot-cache hash table entries: 512 (order 0, 4096 bytes)
[STDERR  ] 2017-09-07T21:52:18.102802489Z: [    1.493057] FS-Cache: Loaded
[STDERR  ] 2017-09-07T21:52:18.102813933Z: [    1.497707] CacheFiles: Loaded
[STDERR  ] 2017-09-07T21:52:18.102825201Z: [    1.499192] pnp: PnP ACPI init
[STDERR  ] 2017-09-07T21:52:18.102836406Z: [    1.510761] pnp: PnP ACPI: found 5 devices
[STDERR  ] 2017-09-07T21:52:18.102848215Z: [    1.559527] clocksource: acpi_pm: mask: 0xffffff max_cycles: 0xffffff, max_idle_ns: 2085701024 ns
[STDERR  ] 2017-09-07T21:52:18.102864825Z: [    1.562407] NET: Registered protocol family 2
[STDERR  ] 2017-09-07T21:52:18.102875798Z: [    1.569749] TCP established hash table entries: 8192 (order: 4, 65536 bytes)
[STDERR  ] 2017-09-07T21:52:18.102886786Z: [    1.570597] TCP bind hash table entries: 8192 (order: 5, 131072 bytes)
[STDERR  ] 2017-09-07T21:52:18.102897857Z: [    1.571224] TCP: Hash tables configured (established 8192 bind 8192)
[STDERR  ] 2017-09-07T21:52:18.102912294Z: [    1.573067] UDP hash table entries: 512 (order: 2, 16384 bytes)
[STDERR  ] 2017-09-07T21:52:18.102923563Z: [    1.573575] UDP-Lite hash table entries: 512 (order: 2, 16384 bytes)
[STDERR  ] 2017-09-07T21:52:18.102934765Z: [    1.575725] NET: Registered protocol family 1
[STDERR  ] 2017-09-07T21:52:18.102945718Z: [    1.576584] pci 0000:00:01.0: Video device with shadowed ROM at [mem 0x000c0000-0x000dffff]
[STDERR  ] 2017-09-07T21:52:18.102957651Z: [    1.584576] Unpacking initramfs...
[STDERR  ] 2017-09-07T21:52:18.102968884Z: [    5.063042] Freeing initrd memory: 22948K
[STDERR  ] 2017-09-07T21:52:18.10298008Z: [    5.085855] PCLMULQDQ-NI instructions are not detected.
[STDERR  ] 2017-09-07T21:52:18.102991198Z: [    5.086885] AVX or AES-NI instructions are not detected.
[STDERR  ] 2017-09-07T21:52:18.103002376Z: [    5.087271] CPU feature 'AVX registers' is not supported.
[STDERR  ] 2017-09-07T21:52:18.103013703Z: [    5.087613] CPU feature 'AVX registers' is not supported.
[STDERR  ] 2017-09-07T21:52:18.103024694Z: [    5.087966] CPU feature 'AVX registers' is not supported.
[STDERR  ] 2017-09-07T21:52:18.103035915Z: [    5.088304] CPU feature 'AVX registers' is not supported.
[STDERR  ] 2017-09-07T21:52:18.103051448Z: [    5.088640] AVX2 or AES-NI instructions are not detected.
[STDERR  ] 2017-09-07T21:52:18.103062925Z: [    5.088986] AVX2 instructions are not detected.
[STDERR  ] 2017-09-07T21:52:18.103073724Z: [    5.094547] audit: initializing netlink subsys (disabled)
[STDERR  ] 2017-09-07T21:52:18.103084749Z: [    5.096006] audit: type=2000 audit(1504821122.090:1): initialized
[STDERR  ] 2017-09-07T21:52:18.103095933Z: [    5.103784] workingset: timestamp_bits=46 max_order=18 bucket_order=0
[STDERR  ] 2017-09-07T21:52:18.103113364Z: [    5.112607] FS-Cache: Netfs 'cifs' registered for caching
[STDERR  ] 2017-09-07T21:52:18.103125177Z: [    5.113492] fuse init (API version 7.26)
[STDERR  ] 2017-09-07T21:52:18.103136427Z: [    5.115650] SGI XFS with ACLs, security attributes, no debug enabled
[STDERR  ] 2017-09-07T21:52:18.10314733Z: [    5.119665] 9p: Installing v9fs 9p2000 file system support
[STDERR  ] 2017-09-07T21:52:18.103163242Z: [    5.120506] FS-Cache: Netfs '9p' registered for caching
[STDERR  ] 2017-09-07T21:52:18.103179696Z: [    5.153207] NET: Registered protocol family 38
[STDERR  ] 2017-09-07T21:52:18.103189688Z: [    5.153717] Key type asymmetric registered
[STDERR  ] 2017-09-07T21:52:18.103199832Z: [    5.154022] Asymmetric key parser 'x509' registered
[STDERR  ] 2017-09-07T21:52:18.103210071Z: [    5.154672] Block layer SCSI generic (bsg) driver version 0.4 loaded (major 251)
[STDERR  ] 2017-09-07T21:52:18.103230223Z: [    5.155822] io scheduler noop registered
[STDERR  ] 2017-09-07T21:52:18.103239982Z: [    5.156112] io scheduler deadline registered (default)
[STDERR  ] 2017-09-07T21:52:18.103249368Z: [    5.156912] io scheduler cfq registered
[STDERR  ] 2017-09-07T21:52:18.103258529Z: [    5.159984] pci_hotplug: PCI Hot Plug PCI Core version: 0.5
[STDERR  ] 2017-09-07T21:52:18.103267953Z: [    5.161874] pciehp: PCI Express Hot Plug Controller Driver version: 0.4
[STDERR  ] 2017-09-07T21:52:18.103277286Z: [    5.162595] shpchp: Standard Hot Plug PCI Controller Driver version: 0.4
[STDERR  ] 2017-09-07T21:52:18.103286582Z: [    5.163418] hv_vmbus: registering driver hyperv_fb
[STDERR  ] 2017-09-07T21:52:18.103296306Z: [    5.166360] input: Power Button as /devices/LNXSYSTM:00/LNXPWRBN:00/input/input0
[STDERR  ] 2017-09-07T21:52:18.103305603Z: [    5.167337] ACPI: Power Button [PWRF]
[STDERR  ] 2017-09-07T21:52:18.103314956Z: [    5.172137] GHES: HEST is not enabled!
[STDERR  ] 2017-09-07T21:52:18.1033243Z: [    5.183019] ACPI: PCI Interrupt Link [GSIG] enabled at IRQ 22
[STDERR  ] 2017-09-07T21:52:18.103333861Z: [    5.195437] ACPI: PCI Interrupt Link [GSIH] enabled at IRQ 23
[STDERR  ] 2017-09-07T21:52:18.103343787Z: [    5.199093] xenfs: not registering filesystem on non-xen platform
[STDERR  ] 2017-09-07T21:52:18.103353088Z: [    5.201040] Serial: 8250/16550 driver, 4 ports, IRQ sharing disabled
[STDERR  ] 2017-09-07T21:52:18.103363392Z: [    5.230824] 00:04: ttyS0 at I/O 0x3f8 (irq = 4, base_baud = 115200) is a 16550A
[STDERR  ] 2017-09-07T21:52:18.103379039Z: [    5.240993] Non-volatile memory driver v1.3
[STDERR  ] 2017-09-07T21:52:18.103390755Z: [    5.246643] Hangcheck: starting hangcheck timer 0.9.1 (tick is 180 seconds, margin is 60 seconds).
[STDERR  ] 2017-09-07T21:52:18.103402172Z: [    5.250592] random: fast init done
[STDERR  ] 2017-09-07T21:52:18.103413505Z: [    5.251680] random: crng init done
[STDERR  ] 2017-09-07T21:52:18.103423792Z: [    5.289636] loop: module loaded
[STDERR  ] 2017-09-07T21:52:18.103436258Z: [    5.303736] nbd: registered device at major 43
[STDERR  ] 2017-09-07T21:52:18.103446697Z: [    5.345885] lpc_ich 0000:00:1f.0: I/O space for GPIO uninitialized
[STDERR  ] 2017-09-07T21:52:18.103456628Z: [    5.347426] VMware PVSCSI driver - version 1.0.7.0-k
[STDERR  ] 2017-09-07T21:52:18.103467214Z: [    5.348066] hv_vmbus: registering driver hv_storvsc
[STDERR  ] 2017-09-07T21:52:18.103498601Z: [    5.357822] ACPI: PCI Interrupt Link [GSIA] enabled at IRQ 16
[STDERR  ] 2017-09-07T21:52:18.103511909Z: [    5.363938] ahci 0000:00:1f.2: AHCI 0001.0000 32 slots 6 ports 1.5 Gbps 0x3f impl SATA mode
[STDERR  ] 2017-09-07T21:52:18.103529302Z: [    5.364532] ahci 0000:00:1f.2: flags: 64bit ncq only 
[STDERR  ] 2017-09-07T21:52:18.103541551Z: [    5.384537] scsi host0: ahci
[STDERR  ] 2017-09-07T21:52:18.103552798Z: [    5.388010] scsi host1: ahci
[STDERR  ] 2017-09-07T21:52:18.103564702Z: [    5.390250] scsi host2: ahci
[STDERR  ] 2017-09-07T21:52:18.103578974Z: [    5.392339] scsi host3: ahci
[STDERR  ] 2017-09-07T21:52:18.103590534Z: [    5.394563] scsi host4: ahci
[STDERR  ] 2017-09-07T21:52:18.103606444Z: [    5.396576] scsi host5: ahci
[STDERR  ] 2017-09-07T21:52:18.10361675Z: [    5.398249] ata1: SATA max UDMA/133 abar m4096@0xfebd2000 port 0xfebd2100 irq 24
[STDERR  ] 2017-09-07T21:52:18.103634269Z: [    5.398653] ata2: SATA max UDMA/133 abar m4096@0xfebd2000 port 0xfebd2180 irq 24
[STDERR  ] 2017-09-07T21:52:18.103645778Z: [    5.399001] ata3: SATA max UDMA/133 abar m4096@0xfebd2000 port 0xfebd2200 irq 24
[STDERR  ] 2017-09-07T21:52:18.103655643Z: [    5.399339] ata4: SATA max UDMA/133 abar m4096@0xfebd2000 port 0xfebd2280 irq 24
[STDERR  ] 2017-09-07T21:52:18.103673404Z: [    5.399678] ata5: SATA max UDMA/133 abar m4096@0xfebd2000 port 0xfebd2300 irq 24
[STDERR  ] 2017-09-07T21:52:18.103684096Z: [    5.400009] ata6: SATA max UDMA/133 abar m4096@0xfebd2000 port 0xfebd2380 irq 24
[STDERR  ] 2017-09-07T21:52:18.103693232Z: [    5.412344] tun: Universal TUN/TAP device driver, 1.6
[STDERR  ] 2017-09-07T21:52:18.103707383Z: [    5.412625] tun: (C) 1999-2004 Max Krasnyansky <maxk@qualcomm.com>
[STDERR  ] 2017-09-07T21:52:18.103718559Z: [    5.423406] VMware vmxnet3 virtual NIC driver - version 1.4.a.0-k-NAPI
[STDERR  ] 2017-09-07T21:52:18.103728999Z: [    5.424099] hv_vmbus: registering driver hv_netvsc
[STDERR  ] 2017-09-07T21:52:18.103738889Z: [    5.424361] Fusion MPT base driver 3.04.20
[STDERR  ] 2017-09-07T21:52:18.103749055Z: [    5.424565] Copyright (c) 1999-2008 LSI Corporation
[STDERR  ] 2017-09-07T21:52:18.103758959Z: [    5.425002] Fusion MPT SPI Host driver 3.04.20
[STDERR  ] 2017-09-07T21:52:18.103768235Z: [    5.426830] i8042: PNP: PS/2 Controller [PNP0303:KBD,PNP0f13:MOU] at 0x60,0x64 irq 1,12
[STDERR  ] 2017-09-07T21:52:18.103778554Z: [    5.430874] serio: i8042 KBD port at 0x60,0x64 irq 1
[STDERR  ] 2017-09-07T21:52:18.10378822Z: [    5.431357] serio: i8042 AUX port at 0x60,0x64 irq 12
[STDERR  ] 2017-09-07T21:52:18.103797411Z: [    5.434213] hv_vmbus: registering driver hyperv_keyboard
[STDERR  ] 2017-09-07T21:52:18.103813163Z: [    5.436123] mousedev: PS/2 mouse device common for all mice
[STDERR  ] 2017-09-07T21:52:18.103830319Z: [    5.441031] input: AT Translated Set 2 keyboard as /devices/platform/i8042/serio0/input/input1
[STDERR  ] 2017-09-07T21:52:18.103841777Z: [    5.443677] input: PC Speaker as /devices/platform/pcspkr/input/input2
[STDERR  ] 2017-09-07T21:52:18.10385173Z: [    5.446984] rtc_cmos 00:00: RTC can wake from S4
[STDERR  ] 2017-09-07T21:52:18.103861856Z: [    5.450032] rtc_cmos 00:00: rtc core: registered rtc_cmos as rtc0
[STDERR  ] 2017-09-07T21:52:18.103889609Z: [    5.451365] rtc_cmos 00:00: alarms up to one day, y3k, 114 bytes nvram, hpet irqs
[STDERR  ] 2017-09-07T21:52:18.103902035Z: [    5.451934] i2c /dev entries driver
[STDERR  ] 2017-09-07T21:52:18.10391326Z: [    5.453709] device-mapper: ioctl: 4.35.0-ioctl (2016-06-23) initialised: dm-devel@redhat.com
[STDERR  ] 2017-09-07T21:52:18.103923722Z: [    5.458026] usbcore: registered new interface driver usbhid
[STDERR  ] 2017-09-07T21:52:18.103933737Z: [    5.458366] usbhid: USB HID core driver
[STDERR  ] 2017-09-07T21:52:18.103944372Z: [    5.458858] hv_utils: Registering HyperV Utility Driver
[STDERR  ] 2017-09-07T21:52:18.103955699Z: [    5.459165] hv_vmbus: registering driver hv_util
[STDERR  ] 2017-09-07T21:52:18.103965918Z: [    5.459442] hv_vmbus: registering driver hv_balloon
[STDERR  ] 2017-09-07T21:52:18.103975349Z: [    5.459886] oprofile: using NMI interrupt.
[STDERR  ] 2017-09-07T21:52:18.103985545Z: [    5.461069] GACT probability on
[STDERR  ] 2017-09-07T21:52:18.104007753Z: [    5.461482] Mirror/redirect action on
[STDERR  ] 2017-09-07T21:52:18.104020165Z: [    5.462228] Simple TC action Loaded
[STDERR  ] 2017-09-07T21:52:18.104030346Z: [    5.462709] u32 classifier
[STDERR  ] 2017-09-07T21:52:18.10404047Z: [    5.462882]     Performance counters on
[STDERR  ] 2017-09-07T21:52:18.10405091Z: [    5.463112]     input device check on
[STDERR  ] 2017-09-07T21:52:18.104060893Z: [    5.463361]     Actions configured
[STDERR  ] 2017-09-07T21:52:18.104070829Z: [    5.463852] Netfilter messages via NETLINK v0.30.
[STDERR  ] 2017-09-07T21:52:18.104081642Z: [    5.464318] nfnl_acct: registering with nfnetlink.
[STDERR  ] 2017-09-07T21:52:18.104092756Z: [    5.465514] nf_conntrack version 0.5.0 (8192 buckets, 32768 max)
[STDERR  ] 2017-09-07T21:52:18.104103635Z: [    5.468598] ctnetlink v0.93: registering with nfnetlink.
[STDERR  ] 2017-09-07T21:52:18.104114803Z: [    5.472275] nf_tables: (c) 2007-2009 Patrick McHardy <kaber@trash.net>
[STDERR  ] 2017-09-07T21:52:18.104125432Z: [    5.473033] nf_tables_compat: (c) 2012 Pablo Neira Ayuso <pablo@netfilter.org>
[STDERR  ] 2017-09-07T21:52:18.104142781Z: [    5.475283] xt_time: kernel timezone is -0000
[STDERR  ] 2017-09-07T21:52:18.104153484Z: [    5.475750] ip_set: protocol 6
[STDERR  ] 2017-09-07T21:52:18.1041646Z: [    5.476302] IPVS: Registered protocols (TCP, UDP, SCTP, AH, ESP)
[STDERR  ] 2017-09-07T21:52:18.104178272Z: [    5.476786] IPVS: Connection hash table configured (size=4096, memory=64Kbytes)
[STDERR  ] 2017-09-07T21:52:18.104189485Z: [    5.478336] IPVS: Creating netns size=2104 id=0
[STDERR  ] 2017-09-07T21:52:18.104200222Z: [    5.481165] IPVS: ipvs loaded.
[STDERR  ] 2017-09-07T21:52:18.10421178Z: [    5.481465] IPVS: [rr] scheduler registered.
[STDERR  ] 2017-09-07T21:52:18.104222521Z: [    5.481775] IPVS: [wrr] scheduler registered.
[STDERR  ] 2017-09-07T21:52:18.1042332Z: [    5.482043] IPVS: [lc] scheduler registered.
[STDERR  ] 2017-09-07T21:52:18.104244814Z: [    5.482367] IPVS: [wlc] scheduler registered.
[STDERR  ] 2017-09-07T21:52:18.104262546Z: [    5.482572] IPVS: [fo] scheduler registered.
[STDERR  ] 2017-09-07T21:52:18.104274464Z: [    5.482763] IPVS: [ovf] scheduler registered.
[STDERR  ] 2017-09-07T21:52:18.10428532Z: [    5.483127] IPVS: [lblc] scheduler registered.
[STDERR  ] 2017-09-07T21:52:18.104296116Z: [    5.483529] IPVS: [lblcr] scheduler registered.
[STDERR  ] 2017-09-07T21:52:18.104307099Z: [    5.483757] IPVS: [dh] scheduler registered.
[STDERR  ] 2017-09-07T21:52:18.104318018Z: [    5.483951] IPVS: [sh] scheduler registered.
[STDERR  ] 2017-09-07T21:52:18.104329472Z: [    5.484143] IPVS: [sed] scheduler registered.
[STDERR  ] 2017-09-07T21:52:18.104340942Z: [    5.484337] IPVS: [nq] scheduler registered.
[STDERR  ] 2017-09-07T21:52:18.104351715Z: [    5.485116] IPVS: ftp: loaded support on port[0] = 21
[STDERR  ] 2017-09-07T21:52:18.104362975Z: [    5.486233] ipip: IPv4 and MPLS over IPv4 tunneling driver
[STDERR  ] 2017-09-07T21:52:18.104373903Z: [    5.490609] gre: GRE over IPv4 demultiplexor driver
[STDERR  ] 2017-09-07T21:52:18.104384597Z: [    5.493111] ip_tables: (C) 2000-2006 Netfilter Core Team
[STDERR  ] 2017-09-07T21:52:18.104396138Z: [    5.496120] ipt_CLUSTERIP: ClusterIP Version 0.8 loaded successfully
[STDERR  ] 2017-09-07T21:52:18.104407406Z: [    5.496685] arp_tables: arp_tables: (C) 2002 David S. Miller
[STDERR  ] 2017-09-07T21:52:18.104418258Z: [    5.498755] NET: Registered protocol family 10
[STDERR  ] 2017-09-07T21:52:18.104438894Z: [    5.507791] ip6_tables: (C) 2000-2006 Netfilter Core Team
[STDERR  ] 2017-09-07T21:52:18.104450291Z: [    5.515962] NET: Registered protocol family 17
[STDERR  ] 2017-09-07T21:52:18.104461151Z: [    5.516891] Bridge firewalling registered
[STDERR  ] 2017-09-07T21:52:18.104471925Z: [    5.517334] Ebtables v2.0 registered
[STDERR  ] 2017-09-07T21:52:18.10448359Z: [    5.519057] 8021q: 802.1Q VLAN Support v1.8
[STDERR  ] 2017-09-07T21:52:18.104494585Z: [    5.520603] 9pnet: Installing 9P2000 support
[STDERR  ] 2017-09-07T21:52:18.104516848Z: [    5.522041] Key type dns_resolver registered
[STDERR  ] 2017-09-07T21:52:18.104527709Z: [    5.522787] microcode: AMD CPU family 0x6 not supported
[STDERR  ] 2017-09-07T21:52:18.104539037Z: [    5.526283] registered taskstats version 1
[STDERR  ] 2017-09-07T21:52:18.104549331Z: [    5.680841] Key type big_key registered
[STDERR  ] 2017-09-07T21:52:18.104565018Z: [    5.733883] ata2: SATA link down (SStatus 0 SControl 300)
[STDERR  ] 2017-09-07T21:52:18.104575808Z: [    5.735649] ata1: SATA link down (SStatus 0 SControl 300)
[STDERR  ] 2017-09-07T21:52:18.104594674Z: [    5.738999] Key type encrypted registered
[STDERR  ] 2017-09-07T21:52:18.104605838Z: [    5.743417] rtc_cmos 00:00: setting system clock to 2017-09-07 21:52:03 UTC (1504821123)
[STDERR  ] 2017-09-07T21:52:18.104617139Z: [    5.744173] ata5: SATA link down (SStatus 0 SControl 300)
[STDERR  ] 2017-09-07T21:52:18.104627343Z: [    5.744611] ata4: SATA link down (SStatus 0 SControl 300)
[STDERR  ] 2017-09-07T21:52:18.104637897Z: [    5.745242] ata3: SATA link up 1.5 Gbps (SStatus 113 SControl 300)
[STDERR  ] 2017-09-07T21:52:18.104662687Z: [    5.749940] ata3.00: ATAPI: QEMU DVD-ROM, 2.5+, max UDMA/100
[STDERR  ] 2017-09-07T21:52:18.104674329Z: [    5.750698] ata3.00: applying bridge limits
[STDERR  ] 2017-09-07T21:52:18.10468546Z: [    5.753473] ata6: SATA link down (SStatus 0 SControl 300)
[STDERR  ] 2017-09-07T21:52:18.104695438Z: [    5.761030] ata3.00: configured for UDMA/100
[STDERR  ] 2017-09-07T21:52:18.104707382Z: [    5.775421] scsi 2:0:0:0: CD-ROM            QEMU     QEMU DVD-ROM     2.5+ PQ: 0 ANSI: 5
[STDERR  ] 2017-09-07T21:52:18.104720542Z: [    5.792932] sr 2:0:0:0: [sr0] scsi3-mmc drive: 4x/4x cd/rw xa/form2 tray
[STDERR  ] 2017-09-07T21:52:18.104889888Z: [    5.793540] cdrom: Uniform CD-ROM driver Revision: 3.20
[STDERR  ] 2017-09-07T21:52:18.117449368Z: [    5.799246] sr 2:0:0:0: Attached scsi generic sg0 type 5
[STDERR  ] 2017-09-07T21:52:18.117469173Z: [    6.015195] Freeing unused kernel memory: 1380K
[STDERR  ] 2017-09-07T21:52:18.117493425Z: [    6.015624] Write protecting the kernel read-only data: 12288k
[STDERR  ] 2017-09-07T21:52:18.117507256Z: [    6.026532] Freeing unused kernel memory: 144K
[STDERR  ] 2017-09-07T21:52:18.117519845Z: [    6.249300] Freeing unused kernel memory: 1400K
[STDERR  ] 2017-09-07T21:52:18.117533122Z: [    6.250392] tsc: Refined TSC clocksource calibration: 2299.986 MHz
[STDERR  ] 2017-09-07T21:52:18.117545946Z: [    6.250868] clocksource: tsc: mask: 0xffffffffffffffff max_cycles: 0x212727fc292, max_idle_ns: 440795258401 ns
[STDERR  ] 2017-09-07T21:52:18.117559176Z: [    7.270752] clocksource: Switched to clocksource tsc
[STDERR  ] 2017-09-07T21:52:18.117572522Z: 
[STDERR  ] 2017-09-07T21:52:18.117585348Z: Welcome to LinuxKit
[STDERR  ] 2017-09-07T21:52:18.117597212Z: 
[STDERR  ] 2017-09-07T21:52:18.117608093Z:                         ##         .
[STDERR  ] 2017-09-07T21:52:18.117628719Z:                   ## ## ##        ==
[STDERR  ] 2017-09-07T21:52:18.117640103Z:                ## ## ## ## ##    ===
[STDERR  ] 2017-09-07T21:52:18.117651449Z:            /"""""""""""""""""\___/ ===
[STDERR  ] 2017-09-07T21:52:18.117662534Z:           {                       /  ===-
[STDERR  ] 2017-09-07T21:52:18.11767354Z:            \______ O           __/
[STDERR  ] 2017-09-07T21:52:18.117686397Z:              \    \         __/
[STDERR  ] 2017-09-07T21:52:18.11769821Z:               \____\_______/
[STDERR  ] 2017-09-07T21:52:18.117709346Z: 
[STDERR  ] 2017-09-07T21:52:18.117721061Z: Linux linuxkit-6a3fa49abe4f 4.9.47-linuxkit #1 SMP Mon Sep 4 16:11:11 UTC 2017 x86_64 Linux
[STDERR  ] 2017-09-07T21:52:18.117733232Z: filename:       hello_world.ko
[STDERR  ] 2017-09-07T21:52:18.117744761Z: author:         Rolf Neugebauer <rolf.neugebauer@docker.com>
[STDERR  ] 2017-09-07T21:52:18.117756295Z: description:    A simple Hello World kernel module for testing
[STDERR  ] 2017-09-07T21:52:18.117767775Z: license:        GPL
[STDERR  ] 2017-09-07T21:52:18.117779483Z: depends:        
[STDERR  ] 2017-09-07T21:52:18.117804015Z: vermagic:       4.9.47-linuxkit SMP mod_unload 
[STDERR  ] 2017-09-07T21:52:18.117821284Z: [   14.610587] hello_world: loading out-of-tree module taints kernel.
[STDERR  ] 2017-09-07T21:52:18.117833354Z: [   14.612772] Hello LinuxKit
[STDERR  ] 2017-09-07T21:52:18.117844847Z: [   14.703708] Goodbye LinuxKit.
[STDERR  ] 2017-09-07T21:52:18.117856239Z: Kernel module test suite PASSED
[STDERR  ] 2017-09-07T21:52:18.117867646Z: [   19.512931] ACPI: Preparing to enter system sleep state S5
[STDERR  ] 2017-09-07T21:52:18.117879331Z: [   19.514057] reboot: Power down
[STDERR  ] 2017-09-07T21:52:18.117891396Z: + echo [    0.000000] Linux version 4.9.47-linuxkit (root@e1ede117fb1e) (gcc version 6.3.0 (Alpine 6.3.0) ) #1 SMP Mon Sep 4 16:11:11 UTC 2017
[STDERR  ] 2017-09-07T21:52:18.117904566Z: [    0.000000] Command line: console=ttyS0
[STDERR  ] 2017-09-07T21:52:18.117921474Z: [    0.000000] x86/fpu: Legacy x87 FPU detected.
[STDERR  ] 2017-09-07T21:52:18.117933151Z: [    0.000000] x86/fpu: Using 'eager' FPU context switches.
[STDERR  ] 2017-09-07T21:52:18.117952634Z: [    0.000000] e820: BIOS-provided physical RAM map:
[STDERR  ] 2017-09-07T21:52:18.117964359Z: [    0.000000] BIOS-e820: [mem 0x0000000000000000-0x000000000009fbff] usable
[STDERR  ] 2017-09-07T21:52:18.117976553Z: [    0.000000] BIOS-e820: [mem 0x000000000009fc00-0x000000000009ffff] reserved
[STDERR  ] 2017-09-07T21:52:18.117991263Z: [    0.000000] BIOS-e820: [mem 0x00000000000f0000-0x00000000000fffff] reserved
[STDERR  ] 2017-09-07T21:52:18.118003206Z: [    0.000000] BIOS-e820: [mem 0x0000000000100000-0x000000003ffdefff] usable
[STDERR  ] 2017-09-07T21:52:18.118015186Z: [    0.000000] BIOS-e820: [mem 0x000000003ffdf000-0x000000003fffffff] reserved
[STDERR  ] 2017-09-07T21:52:18.118026827Z: [    0.000000] BIOS-e820: [mem 0x00000000b0000000-0x00000000bfffffff] reserved
[STDERR  ] 2017-09-07T21:52:18.118038284Z: [    0.000000] BIOS-e820: [mem 0x00000000fed1c000-0x00000000fed1ffff] reserved
[STDERR  ] 2017-09-07T21:52:18.118050197Z: [    0.000000] BIOS-e820: [mem 0x00000000fffc0000-0x00000000ffffffff] reserved
[STDERR  ] 2017-09-07T21:52:18.118061691Z: [    0.000000] NX (Execute Disable) protection: active
[STDERR  ] 2017-09-07T21:52:18.118073593Z: [    0.000000] SMBIOS 2.8 present.
[STDERR  ] 2017-09-07T21:52:18.118085121Z: [    0.000000] e820: last_pfn = 0x3ffdf max_arch_pfn = 0x400000000
[STDERR  ] 2017-09-07T21:52:18.118096508Z: [    0.000000] x86/PAT: Configuration [0-7]: WB  WC  UC- UC  WB  WC  UC- WT  
[STDERR  ] 2017-09-07T21:52:18.118108168Z: [    0.000000] found SMP MP-table at [mem 0x000f6aa0-0x000f6aaf] mapped at [ffff9ad5c00f6aa0]
[STDERR  ] 2017-09-07T21:52:18.118119915Z: [    0.000000] RAMDISK: [mem 0x3e967000-0x3ffcffff]
[STDERR  ] 2017-09-07T21:52:18.118131726Z: [    0.000000] ACPI: Early table checksum verification disabled
[STDERR  ] 2017-09-07T21:52:18.118144045Z: [    0.000000] ACPI: RSDP 0x00000000000F68C0 000014 (v00 BOCHS )
[STDERR  ] 2017-09-07T21:52:18.118155686Z: [    0.000000] ACPI: RSDT 0x000000003FFE2404 000034 (v01 BOCHS  BXPCRSDT 00000001 BXPC 00000001)
[STDERR  ] 2017-09-07T21:52:18.11816744Z: [    0.000000] ACPI: FACP 0x000000003FFE22A4 000074 (v01 BOCHS  BXPCFACP 00000001 BXPC 00000001)
[STDERR  ] 2017-09-07T21:52:18.118187761Z: [    0.000000] ACPI: DSDT 0x000000003FFE0040 002264 (v01 BOCHS  BXPCDSDT 00000001 BXPC 00000001)
[STDERR  ] 2017-09-07T21:52:18.118200589Z: [    0.000000] ACPI: FACS 0x000000003FFE0000 000040
[STDERR  ] 2017-09-07T21:52:18.118212079Z: [    0.000000] ACPI: APIC 0x000000003FFE2318 000078 (v01 BOCHS  BXPCAPIC 00000001 BXPC 00000001)
[STDERR  ] 2017-09-07T21:52:18.118224242Z: [    0.000000] ACPI: HPET 0x000000003FFE2390 000038 (v01 BOCHS  BXPCHPET 00000001 BXPC 00000001)
[STDERR  ] 2017-09-07T21:52:18.118239696Z: [    0.000000] ACPI: MCFG 0x000000003FFE23C8 00003C (v01 BOCHS  BXPCMCFG 00000001 BXPC 00000001)
[STDERR  ] 2017-09-07T21:52:18.11825207Z: [    0.000000] Zone ranges:
[STDERR  ] 2017-09-07T21:52:18.118263898Z: [    0.000000]   DMA      [mem 0x0000000000001000-0x0000000000ffffff]
[STDERR  ] 2017-09-07T21:52:18.118282733Z: [    0.000000]   DMA32    [mem 0x0000000001000000-0x000000003ffdefff]
[STDERR  ] 2017-09-07T21:52:18.118295781Z: [    0.000000]   Normal   empty
[STDERR  ] 2017-09-07T21:52:18.118307617Z: [    0.000000] Movable zone start for each node
[STDERR  ] 2017-09-07T21:52:18.118318711Z: [    0.000000] Early memory node ranges
[STDERR  ] 2017-09-07T21:52:18.118330109Z: [    0.000000]   node   0: [mem 0x0000000000001000-0x000000000009efff]
[STDERR  ] 2017-09-07T21:52:18.118341895Z: [    0.000000]   node   0: [mem 0x0000000000100000-0x000000003ffdefff]
[STDERR  ] 2017-09-07T21:52:18.118360754Z: [    0.000000] Initmem setup node 0 [mem 0x0000000000001000-0x000000003ffdefff]
[STDERR  ] 2017-09-07T21:52:18.118373014Z: [    0.000000] ACPI: PM-Timer IO Port: 0x608
[STDERR  ] 2017-09-07T21:52:18.118384406Z: [    0.000000] ACPI: LAPIC_NMI (acpi_id[0xff] dfl dfl lint[0x1])
[STDERR  ] 2017-09-07T21:52:18.118396575Z: [    0.000000] IOAPIC[0]: apic_id 0, version 32, address 0xfec00000, GSI 0-23
[STDERR  ] 2017-09-07T21:52:18.118415347Z: [    0.000000] ACPI: INT_SRC_OVR (bus 0 bus_irq 0 global_irq 2 dfl dfl)
[STDERR  ] 2017-09-07T21:52:18.118427181Z: [    0.000000] ACPI: INT_SRC_OVR (bus 0 bus_irq 5 global_irq 5 high level)
[STDERR  ] 2017-09-07T21:52:18.118438536Z: [    0.000000] ACPI: INT_SRC_OVR (bus 0 bus_irq 9 global_irq 9 high level)
[STDERR  ] 2017-09-07T21:52:18.118451271Z: [    0.000000] ACPI: INT_SRC_OVR (bus 0 bus_irq 10 global_irq 10 high level)
[STDERR  ] 2017-09-07T21:52:18.118462905Z: [    0.000000] ACPI: INT_SRC_OVR (bus 0 bus_irq 11 global_irq 11 high level)
[STDERR  ] 2017-09-07T21:52:18.118480406Z: [    0.000000] Using ACPI (MADT) for SMP configuration information
[STDERR  ] 2017-09-07T21:52:18.118500127Z: [    0.000000] ACPI: HPET id: 0x8086a201 base: 0xfed00000
[STDERR  ] 2017-09-07T21:52:18.118511807Z: [    0.000000] smpboot: Allowing 1 CPUs, 0 hotplug CPUs
[STDERR  ] 2017-09-07T21:52:18.118522794Z: [    0.000000] e820: [mem 0x40000000-0xafffffff] available for PCI devices
[STDERR  ] 2017-09-07T21:52:18.118532314Z: [    0.000000] Booting paravirtualized kernel on bare hardware
[STDERR  ] 2017-09-07T21:52:18.118543613Z: [    0.000000] clocksource: refined-jiffies: mask: 0xffffffff max_cycles: 0xffffffff, max_idle_ns: 19112604462750000 ns
[STDERR  ] 2017-09-07T21:52:18.118556372Z: [    0.000000] setup_percpu: NR_CPUS:128 nr_cpumask_bits:128 nr_cpu_ids:1 nr_node_ids:1
[STDERR  ] 2017-09-07T21:52:18.118568784Z: [    0.000000] percpu: Embedded 35 pages/cpu @ffff9ad5fe600000 s105240 r8192 d29928 u2097152
[STDERR  ] 2017-09-07T21:52:18.118581558Z: [    0.000000] Built 1 zonelists in Zone order, mobility grouping on.  Total pages: 257896
[STDERR  ] 2017-09-07T21:52:18.118593685Z: [    0.000000] Kernel command line: console=ttyS0
[STDERR  ] 2017-09-07T21:52:18.11860476Z: [    0.000000] PID hash table entries: 4096 (order: 3, 32768 bytes)
[STDERR  ] 2017-09-07T21:52:18.118615982Z: [    0.000000] Dentry cache hash table entries: 131072 (order: 8, 1048576 bytes)
[STDERR  ] 2017-09-07T21:52:18.118627062Z: [    0.000000] Inode-cache hash table entries: 65536 (order: 7, 524288 bytes)
[STDERR  ] 2017-09-07T21:52:18.118638871Z: [    0.000000] Memory: 991224K/1048052K available (8032K kernel code, 1366K rwdata, 2696K rodata, 1380K init, 568K bss, 56828K reserved, 0K cma-reserved)
[STDERR  ] 2017-09-07T21:52:18.118651414Z: [    0.000000] Hierarchical RCU implementation.
[STDERR  ] 2017-09-07T21:52:18.118662273Z: [    0.000000] 	Build-time adjustment of leaf fanout to 64.
[STDERR  ] 2017-09-07T21:52:18.118673609Z: [    0.000000] 	RCU restricting CPUs from NR_CPUS=128 to nr_cpu_ids=1.
[STDERR  ] 2017-09-07T21:52:18.118684646Z: [    0.000000] RCU: Adjusting geometry for rcu_fanout_leaf=64, nr_cpu_ids=1
[STDERR  ] 2017-09-07T21:52:18.118695592Z: [    0.000000] NR_IRQS:8448 nr_irqs:256 16
[STDERR  ] 2017-09-07T21:52:18.11870695Z: [    0.000000] Console: colour VGA+ 80x25
[STDERR  ] 2017-09-07T21:52:18.118718572Z: [    0.000000] console [ttyS0] enabled
[STDERR  ] 2017-09-07T21:52:18.118736114Z: [    0.000000] clocksource: hpet: mask: 0xffffffff max_cycles: 0xffffffff, max_idle_ns: 19112604467 ns
[STDERR  ] 2017-09-07T21:52:18.118749166Z: [    0.000000] tsc: Fast TSC calibration using PIT
[STDERR  ] 2017-09-07T21:52:18.118767825Z: [    0.000000] tsc: Detected 2300.165 MHz processor
[STDERR  ] 2017-09-07T21:52:18.118779149Z: [    0.022316] Calibrating delay loop (skipped), value calculated using timer frequency.. 4600.33 BogoMIPS (lpj=23001650)
[STDERR  ] 2017-09-07T21:52:18.118790705Z: [    0.023356] pid_max: default: 32768 minimum: 301
[STDERR  ] 2017-09-07T21:52:18.118802083Z: [    0.024466] ACPI: Core revision 20160831
[STDERR  ] 2017-09-07T21:52:18.118813555Z: [    0.067414] ACPI: 1 ACPI AML tables successfully acquired and loaded
[STDERR  ] 2017-09-07T21:52:18.118824381Z: [    0.070629] Security Framework initialized
[STDERR  ] 2017-09-07T21:52:18.118835434Z: [    0.070994] Yama: becoming mindful.
[STDERR  ] 2017-09-07T21:52:18.118847Z: [    0.072873] Mount-cache hash table entries: 2048 (order: 2, 16384 bytes)
[STDERR  ] 2017-09-07T21:52:18.118865046Z: [    0.073423] Mountpoint-cache hash table entries: 2048 (order: 2, 16384 bytes)
[STDERR  ] 2017-09-07T21:52:18.118877557Z: [    0.092164] Last level iTLB entries: 4KB 0, 2MB 0, 4MB 0
[STDERR  ] 2017-09-07T21:52:18.118888701Z: [    0.092596] Last level dTLB entries: 4KB 0, 2MB 0, 4MB 0, 1GB 0
[STDERR  ] 2017-09-07T21:52:18.118899593Z: [    0.409811] Freeing SMP alternatives memory: 20K
[STDERR  ] 2017-09-07T21:52:18.118910629Z: [    0.418040] ftrace: allocating 35509 entries in 139 pages
[STDERR  ] 2017-09-07T21:52:18.118926066Z: [    0.582261] smpboot: Max logical packages: 1
[STDERR  ] 2017-09-07T21:52:18.118938026Z: [    0.587837] ..TIMER: vector=0x30 apic1=0 pin1=2 apic2=-1 pin2=-1
[STDERR  ] 2017-09-07T21:52:18.118948876Z: [    0.690000] smpboot: CPU0: AMD QEMU Virtual CPU version 2.5+ (family: 0x6, model: 0x6, stepping: 0x3)
[STDERR  ] 2017-09-07T21:52:18.118960976Z: [    0.690000] Performance Events: PMU not available due to virtualization, using software events only.
[STDERR  ] 2017-09-07T21:52:18.118973352Z: [    0.696935] NMI watchdog: disabled (cpu0): hardware events not enabled
[STDERR  ] 2017-09-07T21:52:18.118993757Z: [    0.697283] NMI watchdog: Shutting down hard lockup detector on all cpus
[STDERR  ] 2017-09-07T21:52:18.119004758Z: [    0.700107] x86: Booted up 1 node, 1 CPUs
[STDERR  ] 2017-09-07T21:52:18.119016211Z: [    0.700393] smpboot: Total of 1 processors activated (4600.33 BogoMIPS)
[STDERR  ] 2017-09-07T21:52:18.11902705Z: [    0.713736] devtmpfs: initialized
[STDERR  ] 2017-09-07T21:52:18.119038824Z: [    0.718328] x86/mm: Memory block size: 128MB
[STDERR  ] 2017-09-07T21:52:18.119049918Z: [    0.779920] clocksource: jiffies: mask: 0xffffffff max_cycles: 0xffffffff, max_idle_ns: 19112604462750000 ns
[STDERR  ] 2017-09-07T21:52:18.119061983Z: [    0.780239] futex hash table entries: 256 (order: 2, 16384 bytes)
[STDERR  ] 2017-09-07T21:52:18.119073371Z: [    0.788826] NET: Registered protocol family 16
[STDERR  ] 2017-09-07T21:52:18.119084738Z: [    0.798498] cpuidle: using governor ladder
[STDERR  ] 2017-09-07T21:52:18.119096408Z: [    0.798850] cpuidle: using governor menu
[STDERR  ] 2017-09-07T21:52:18.119107943Z: [    0.799811] ACPI: bus type PCI registered
[STDERR  ] 2017-09-07T21:52:18.1191259Z: [    0.802500] PCI: MMCONFIG for domain 0000 [bus 00-ff] at [mem 0xb0000000-0xbfffffff] (base 0xb0000000)
[STDERR  ] 2017-09-07T21:52:18.11914361Z: [    0.803177] PCI: MMCONFIG at [mem 0xb0000000-0xbfffffff] reserved in E820
[STDERR  ] 2017-09-07T21:52:18.119154883Z: [    0.804398] PCI: Using configuration type 1 for base access
[STDERR  ] 2017-09-07T21:52:18.119165985Z: [    0.860473] HugeTLB registered 2 MB page size, pre-allocated 0 pages
[STDERR  ] 2017-09-07T21:52:18.11917714Z: [    0.870969] ACPI: Added _OSI(Module Device)
[STDERR  ] 2017-09-07T21:52:18.119193802Z: [    0.871274] ACPI: Added _OSI(Processor Device)
[STDERR  ] 2017-09-07T21:52:18.119204616Z: [    0.871532] ACPI: Added _OSI(3.0 _SCP Extensions)
[STDERR  ] 2017-09-07T21:52:18.119221625Z: [    0.871813] ACPI: Added _OSI(Processor Aggregator Device)
[STDERR  ] 2017-09-07T21:52:18.119233233Z: [    0.946390] ACPI: Interpreter enabled
[STDERR  ] 2017-09-07T21:52:18.119244424Z: [    0.947106] ACPI: (supports S0 S5)
[STDERR  ] 2017-09-07T21:52:18.119255736Z: [    0.947364] ACPI: Using IOAPIC for interrupt routing
[STDERR  ] 2017-09-07T21:52:18.119267138Z: [    0.949069] PCI: Using host bridge windows from ACPI; if necessary, use "pci=nocrs" and report a bug
[STDERR  ] 2017-09-07T21:52:18.119278687Z: [    1.012420] ACPI: PCI Root Bridge [PCI0] (domain 0000 [bus 00-ff])
[STDERR  ] 2017-09-07T21:52:18.119289617Z: [    1.013215] acpi PNP0A08:00: _OSC: OS supports [ExtendedConfig ASPM ClockPM Segments MSI]
[STDERR  ] 2017-09-07T21:52:18.119301664Z: [    1.018549] acpi PNP0A08:00: _OSC: OS now controls [PCIeHotplug PME PCIeCapability]
[STDERR  ] 2017-09-07T21:52:18.119315708Z: [    1.022004] PCI host bridge to bus 0000:00
[STDERR  ] 2017-09-07T21:52:18.119327268Z: [    1.022370] pci_bus 0000:00: root bus resource [io  0x0000-0x0cf7 window]
[STDERR  ] 2017-09-07T21:52:18.119345524Z: [    1.022721] pci_bus 0000:00: root bus resource [io  0x0d00-0xffff window]
[STDERR  ] 2017-09-07T21:52:18.119356798Z: [    1.023046] pci_bus 0000:00: root bus resource [mem 0x000a0000-0x000bffff window]
[STDERR  ] 2017-09-07T21:52:18.119368034Z: [    1.023399] pci_bus 0000:00: root bus resource [mem 0xc0000000-0xfebfffff window]
[STDERR  ] 2017-09-07T21:52:18.119379649Z: [    1.023864] pci_bus 0000:00: root bus resource [bus 00-ff]
[STDERR  ] 2017-09-07T21:52:18.119390724Z: [    1.126604] pci 0000:00:1f.0: quirk: [io  0x0600-0x067f] claimed by ICH6 ACPI/GPIO/TCO
[STDERR  ] 2017-09-07T21:52:18.119402716Z: [    1.185715] ACPI: PCI Interrupt Link [LNKA] (IRQs 5 *10 11)
[STDERR  ] 2017-09-07T21:52:18.11941413Z: [    1.187641] ACPI: PCI Interrupt Link [LNKB] (IRQs 5 *10 11)
[STDERR  ] 2017-09-07T21:52:18.11942541Z: [    1.189319] ACPI: PCI Interrupt Link [LNKC] (IRQs 5 10 *11)
[STDERR  ] 2017-09-07T21:52:18.119443051Z: [    1.191480] ACPI: PCI Interrupt Link [LNKD] (IRQs 5 10 *11)
[STDERR  ] 2017-09-07T21:52:18.119454334Z: [    1.193185] ACPI: PCI Interrupt Link [LNKE] (IRQs 5 *10 11)
[STDERR  ] 2017-09-07T21:52:18.119465243Z: [    1.194829] ACPI: PCI Interrupt Link [LNKF] (IRQs 5 *10 11)
[STDERR  ] 2017-09-07T21:52:18.119476634Z: [    1.196460] ACPI: PCI Interrupt Link [LNKG] (IRQs 5 10 *11)
[STDERR  ] 2017-09-07T21:52:18.11948766Z: [    1.198088] ACPI: PCI Interrupt Link [LNKH] (IRQs 5 10 *11)
[STDERR  ] 2017-09-07T21:52:18.119498131Z: [    1.198821] ACPI: PCI Interrupt Link [GSIA] (IRQs *16)
[STDERR  ] 2017-09-07T21:52:18.119508745Z: [    1.199370] ACPI: PCI Interrupt Link [GSIB] (IRQs *17)
[STDERR  ] 2017-09-07T21:52:18.119519403Z: [    1.200182] ACPI: PCI Interrupt Link [GSIC] (IRQs *18)
[STDERR  ] 2017-09-07T21:52:18.119529856Z: [    1.200714] ACPI: PCI Interrupt Link [GSID] (IRQs *19)
[STDERR  ] 2017-09-07T21:52:18.119540506Z: [    1.201240] ACPI: PCI Interrupt Link [GSIE] (IRQs *20)
[STDERR  ] 2017-09-07T21:52:18.119551225Z: [    1.201765] ACPI: PCI Interrupt Link [GSIF] (IRQs *21)
[STDERR  ] 2017-09-07T21:52:18.119562155Z: [    1.202306] ACPI: PCI Interrupt Link [GSIG] (IRQs *22)
[STDERR  ] 2017-09-07T21:52:18.119572672Z: [    1.202838] ACPI: PCI Interrupt Link [GSIH] (IRQs *23)
[STDERR  ] 2017-09-07T21:52:18.119585247Z: [    1.206238] ACPI: Enabled 2 GPEs in block 00 to 3F
[STDERR  ] 2017-09-07T21:52:18.119597085Z: [    1.210420] SCSI subsystem initialized
[STDERR  ] 2017-09-07T21:52:18.119613742Z: [    1.212092] ACPI: bus type USB registered
[STDERR  ] 2017-09-07T21:52:18.119625094Z: [    1.213093] usbcore: registered new interface driver usbfs
[STDERR  ] 2017-09-07T21:52:18.119636224Z: [    1.213879] usbcore: registered new interface driver hub
[STDERR  ] 2017-09-07T21:52:18.119647389Z: [    1.214556] usbcore: registered new device driver usb
[STDERR  ] 2017-09-07T21:52:18.119659075Z: [    1.215568] pps_core: LinuxPPS API ver. 1 registered
[STDERR  ] 2017-09-07T21:52:18.11967743Z: [    1.215824] pps_core: Software ver. 5.3.6 - Copyright 2005-2007 Rodolfo Giometti <giometti@linux.it>
[STDERR  ] 2017-09-07T21:52:18.119702067Z: [    1.216371] PTP clock support registered
[STDERR  ] 2017-09-07T21:52:18.119712519Z: [    1.217403] wmi: Mapper loaded
[STDERR  ] 2017-09-07T21:52:18.119723584Z: [    1.218328] PCI: Using ACPI for IRQ routing
[STDERR  ] 2017-09-07T21:52:18.119734467Z: [    1.237846] NetLabel: Initializing
[STDERR  ] 2017-09-07T21:52:18.119744995Z: [    1.238057] NetLabel:  domain hash size = 128
[STDERR  ] 2017-09-07T21:52:18.119762087Z: [    1.238308] NetLabel:  protocols = UNLABELED CIPSOv4
[STDERR  ] 2017-09-07T21:52:18.119773853Z: [    1.240139] NetLabel:  unlabeled traffic allowed by default
[STDERR  ] 2017-09-07T21:52:18.119785542Z: [    1.240960] HPET: 3 timers in total, 0 timers will be used for per-cpu timer
[STDERR  ] 2017-09-07T21:52:18.119796775Z: [    1.241592] hpet0: at MMIO 0xfed00000, IRQs 2, 8, 0
[STDERR  ] 2017-09-07T21:52:18.119807839Z: [    1.242031] hpet0: 3 comparators, 64-bit 100.000000 MHz counter
[STDERR  ] 2017-09-07T21:52:18.119826935Z: [    1.249138] clocksource: Switched to clocksource hpet
[STDERR  ] 2017-09-07T21:52:18.119839622Z: [    1.489903] VFS: Disk quotas dquot_6.6.0
[STDERR  ] 2017-09-07T21:52:18.119851588Z: [    1.490636] VFS: Dquot-cache hash table entries: 512 (order 0, 4096 bytes)
[STDERR  ] 2017-09-07T21:52:18.119862345Z: [    1.493057] FS-Cache: Loaded
[STDERR  ] 2017-09-07T21:52:18.119876996Z: [    1.497707] CacheFiles: Loaded
[STDERR  ] 2017-09-07T21:52:18.119888268Z: [    1.499192] pnp: PnP ACPI init
[STDERR  ] 2017-09-07T21:52:18.119899788Z: [    1.510761] pnp: PnP ACPI: found 5 devices
[STDERR  ] 2017-09-07T21:52:18.119910473Z: [    1.559527] clocksource: acpi_pm: mask: 0xffffff max_cycles: 0xffffff, max_idle_ns: 2085701024 ns
[STDERR  ] 2017-09-07T21:52:18.119922959Z: [    1.562407] NET: Registered protocol family 2
[STDERR  ] 2017-09-07T21:52:18.119933798Z: [    1.569749] TCP established hash table entries: 8192 (order: 4, 65536 bytes)
[STDERR  ] 2017-09-07T21:52:18.11994534Z: [    1.570597] TCP bind hash table entries: 8192 (order: 5, 131072 bytes)
[STDERR  ] 2017-09-07T21:52:18.119956263Z: [    1.571224] TCP: Hash tables configured (established 8192 bind 8192)
[STDERR  ] 2017-09-07T21:52:18.119967708Z: [    1.573067] UDP hash table entries: 512 (order: 2, 16384 bytes)
[STDERR  ] 2017-09-07T21:52:18.11997878Z: [    1.573575] UDP-Lite hash table entries: 512 (order: 2, 16384 bytes)
[STDERR  ] 2017-09-07T21:52:18.119990156Z: [    1.575725] NET: Registered protocol family 1
[STDERR  ] 2017-09-07T21:52:18.120002372Z: [    1.576584] pci 0000:00:01.0: Video device with shadowed ROM at [mem 0x000c0000-0x000dffff]
[STDERR  ] 2017-09-07T21:52:18.120015393Z: [    1.584576] Unpacking initramfs...
[STDERR  ] 2017-09-07T21:52:18.120027009Z: [    5.063042] Freeing initrd memory: 22948K
[STDERR  ] 2017-09-07T21:52:18.120037761Z: [    5.085855] PCLMULQDQ-NI instructions are not detected.
[STDERR  ] 2017-09-07T21:52:18.120048307Z: [    5.086885] AVX or AES-NI instructions are not detected.
[STDERR  ] 2017-09-07T21:52:18.120059291Z: [    5.087271] CPU feature 'AVX registers' is not supported.
[STDERR  ] 2017-09-07T21:52:18.120069912Z: [    5.087613] CPU feature 'AVX registers' is not supported.
[STDERR  ] 2017-09-07T21:52:18.120080786Z: [    5.087966] CPU feature 'AVX registers' is not supported.
[STDERR  ] 2017-09-07T21:52:18.120090407Z: [    5.088304] CPU feature 'AVX registers' is not supported.
[STDERR  ] 2017-09-07T21:52:18.12010103Z: [    5.088640] AVX2 or AES-NI instructions are not detected.
[STDERR  ] 2017-09-07T21:52:18.120116836Z: [    5.088986] AVX2 instructions are not detected.
[STDERR  ] 2017-09-07T21:52:18.120128223Z: [    5.094547] audit: initializing netlink subsys (disabled)
[STDERR  ] 2017-09-07T21:52:18.120139367Z: [    5.096006] audit: type=2000 audit(1504821122.090:1): initialized
[STDERR  ] 2017-09-07T21:52:18.120150302Z: [    5.103784] workingset: timestamp_bits=46 max_order=18 bucket_order=0
[STDERR  ] 2017-09-07T21:52:18.120169355Z: [    5.112607] FS-Cache: Netfs 'cifs' registered for caching
[STDERR  ] 2017-09-07T21:52:18.120187424Z: [    5.113492] fuse init (API version 7.26)
[STDERR  ] 2017-09-07T21:52:18.120200015Z: [    5.115650] SGI XFS with ACLs, security attributes, no debug enabled
[STDERR  ] 2017-09-07T21:52:18.120212182Z: [    5.119665] 9p: Installing v9fs 9p2000 file system support
[STDERR  ] 2017-09-07T21:52:18.120223483Z: [    5.120506] FS-Cache: Netfs '9p' registered for caching
[STDERR  ] 2017-09-07T21:52:18.120239242Z: [    5.153207] NET: Registered protocol family 38
[STDERR  ] 2017-09-07T21:52:18.120249953Z: [    5.153717] Key type asymmetric registered
[STDERR  ] 2017-09-07T21:52:18.120260536Z: [    5.154022] Asymmetric key parser 'x509' registered
[STDERR  ] 2017-09-07T21:52:18.120270941Z: [    5.154672] Block layer SCSI generic (bsg) driver version 0.4 loaded (major 251)
[STDERR  ] 2017-09-07T21:52:18.120282113Z: [    5.155822] io scheduler noop registered
[STDERR  ] 2017-09-07T21:52:18.120292007Z: [    5.156112] io scheduler deadline registered (default)
[STDERR  ] 2017-09-07T21:52:18.120309486Z: [    5.156912] io scheduler cfq registered
[STDERR  ] 2017-09-07T21:52:18.120320568Z: [    5.159984] pci_hotplug: PCI Hot Plug PCI Core version: 0.5
[STDERR  ] 2017-09-07T21:52:18.120331882Z: [    5.161874] pciehp: PCI Express Hot Plug Controller Driver version: 0.4
[STDERR  ] 2017-09-07T21:52:18.120343185Z: [    5.162595] shpchp: Standard Hot Plug PCI Controller Driver version: 0.4
[STDERR  ] 2017-09-07T21:52:18.120355309Z: [    5.163418] hv_vmbus: registering driver hyperv_fb
[STDERR  ] 2017-09-07T21:52:18.12036604Z: [    5.166360] input: Power Button as /devices/LNXSYSTM:00/LNXPWRBN:00/input/input0
[STDERR  ] 2017-09-07T21:52:18.120385001Z: [    5.167337] ACPI: Power Button [PWRF]
[STDERR  ] 2017-09-07T21:52:18.120397239Z: [    5.172137] GHES: HEST is not enabled!
[STDERR  ] 2017-09-07T21:52:18.120408015Z: [    5.183019] ACPI: PCI Interrupt Link [GSIG] enabled at IRQ 22
[STDERR  ] 2017-09-07T21:52:18.12041865Z: [    5.195437] ACPI: PCI Interrupt Link [GSIH] enabled at IRQ 23
[STDERR  ] 2017-09-07T21:52:18.120430694Z: [    5.199093] xenfs: not registering filesystem on non-xen platform
[STDERR  ] 2017-09-07T21:52:18.120441686Z: [    5.201040] Serial: 8250/16550 driver, 4 ports, IRQ sharing disabled
[STDERR  ] 2017-09-07T21:52:18.120452636Z: [    5.230824] 00:04: ttyS0 at I/O 0x3f8 (irq = 4, base_baud = 115200) is a 16550A
[STDERR  ] 2017-09-07T21:52:18.120463384Z: [    5.240993] Non-volatile memory driver v1.3
[STDERR  ] 2017-09-07T21:52:18.120480786Z: [    5.246643] Hangcheck: starting hangcheck timer 0.9.1 (tick is 180 seconds, margin is 60 seconds).
[STDERR  ] 2017-09-07T21:52:18.120491962Z: [    5.250592] random: fast init done
[STDERR  ] 2017-09-07T21:52:18.120502924Z: [    5.251680] random: crng init done
[STDERR  ] 2017-09-07T21:52:18.120513231Z: [    5.289636] loop: module loaded
[STDERR  ] 2017-09-07T21:52:18.120530145Z: [    5.303736] nbd: registered device at major 43
[STDERR  ] 2017-09-07T21:52:18.120541721Z: [    5.345885] lpc_ich 0000:00:1f.0: I/O space for GPIO uninitialized
[STDERR  ] 2017-09-07T21:52:18.120554182Z: [    5.347426] VMware PVSCSI driver - version 1.0.7.0-k
[STDERR  ] 2017-09-07T21:52:18.120565973Z: [    5.348066] hv_vmbus: registering driver hv_storvsc
[STDERR  ] 2017-09-07T21:52:18.120578226Z: [    5.357822] ACPI: PCI Interrupt Link [GSIA] enabled at IRQ 16
[STDERR  ] 2017-09-07T21:52:18.120589461Z: [    5.363938] ahci 0000:00:1f.2: AHCI 0001.0000 32 slots 6 ports 1.5 Gbps 0x3f impl SATA mode
[STDERR  ] 2017-09-07T21:52:18.120600979Z: [    5.364532] ahci 0000:00:1f.2: flags: 64bit ncq only 
[STDERR  ] 2017-09-07T21:52:18.120612347Z: [    5.384537] scsi host0: ahci
[STDERR  ] 2017-09-07T21:52:18.120624556Z: [    5.388010] scsi host1: ahci
[STDERR  ] 2017-09-07T21:52:18.120635364Z: [    5.390250] scsi host2: ahci
[STDERR  ] 2017-09-07T21:52:18.12064677Z: [    5.392339] scsi host3: ahci
[STDERR  ] 2017-09-07T21:52:18.12065798Z: [    5.394563] scsi host4: ahci
[STDERR  ] 2017-09-07T21:52:18.120669922Z: [    5.396576] scsi host5: ahci
[STDERR  ] 2017-09-07T21:52:18.120690591Z: [    5.398249] ata1: SATA max UDMA/133 abar m4096@0xfebd2000 port 0xfebd2100 irq 24
[STDERR  ] 2017-09-07T21:52:18.120702118Z: [    5.398653] ata2: SATA max UDMA/133 abar m4096@0xfebd2000 port 0xfebd2180 irq 24
[STDERR  ] 2017-09-07T21:52:18.12071291Z: [    5.399001] ata3: SATA max UDMA/133 abar m4096@0xfebd2000 port 0xfebd2200 irq 24
[STDERR  ] 2017-09-07T21:52:18.120730101Z: [    5.399339] ata4: SATA max UDMA/133 abar m4096@0xfebd2000 port 0xfebd2280 irq 24
[STDERR  ] 2017-09-07T21:52:18.12074094Z: [    5.399678] ata5: SATA max UDMA/133 abar m4096@0xfebd2000 port 0xfebd2300 irq 24
[STDERR  ] 2017-09-07T21:52:18.120752052Z: [    5.400009] ata6: SATA max UDMA/133 abar m4096@0xfebd2000 port 0xfebd2380 irq 24
[STDERR  ] 2017-09-07T21:52:18.120762884Z: [    5.412344] tun: Universal TUN/TAP device driver, 1.6
[STDERR  ] 2017-09-07T21:52:18.120774137Z: [    5.412625] tun: (C) 1999-2004 Max Krasnyansky <maxk@qualcomm.com>
[STDERR  ] 2017-09-07T21:52:18.120785389Z: [    5.423406] VMware vmxnet3 virtual NIC driver - version 1.4.a.0-k-NAPI
[STDERR  ] 2017-09-07T21:52:18.120808571Z: [    5.424099] hv_vmbus: registering driver hv_netvsc
[STDERR  ] 2017-09-07T21:52:18.120820201Z: [    5.424361] Fusion MPT base driver 3.04.20
[STDERR  ] 2017-09-07T21:52:18.120831099Z: [    5.424565] Copyright (c) 1999-2008 LSI Corporation
[STDERR  ] 2017-09-07T21:52:18.120842373Z: [    5.425002] Fusion MPT SPI Host driver 3.04.20
[STDERR  ] 2017-09-07T21:52:18.120853364Z: [    5.426830] i8042: PNP: PS/2 Controller [PNP0303:KBD,PNP0f13:MOU] at 0x60,0x64 irq 1,12
[STDERR  ] 2017-09-07T21:52:18.120868102Z: [    5.430874] serio: i8042 KBD port at 0x60,0x64 irq 1
[STDERR  ] 2017-09-07T21:52:18.12087971Z: [    5.431357] serio: i8042 AUX port at 0x60,0x64 irq 12
[STDERR  ] 2017-09-07T21:52:18.120890883Z: [    5.434213] hv_vmbus: registering driver hyperv_keyboard
[STDERR  ] 2017-09-07T21:52:18.120901935Z: [    5.436123] mousedev: PS/2 mouse device common for all mice
[STDERR  ] 2017-09-07T21:52:18.120919822Z: [    5.441031] input: AT Translated Set 2 keyboard as /devices/platform/i8042/serio0/input/input1
[STDERR  ] 2017-09-07T21:52:18.120931681Z: [    5.443677] input: PC Speaker as /devices/platform/pcspkr/input/input2
[STDERR  ] 2017-09-07T21:52:18.120942578Z: [    5.446984] rtc_cmos 00:00: RTC can wake from S4
[STDERR  ] 2017-09-07T21:52:18.120953291Z: [    5.450032] rtc_cmos 00:00: rtc core: registered rtc_cmos as rtc0
[STDERR  ] 2017-09-07T21:52:18.120964135Z: [    5.451365] rtc_cmos 00:00: alarms up to one day, y3k, 114 bytes nvram, hpet irqs
[STDERR  ] 2017-09-07T21:52:18.120974817Z: [    5.451934] i2c /dev entries driver
[STDERR  ] 2017-09-07T21:52:18.120985685Z: [    5.453709] device-mapper: ioctl: 4.35.0-ioctl (2016-06-23) initialised: dm-devel@redhat.com
[STDERR  ] 2017-09-07T21:52:18.120997618Z: [    5.458026] usbcore: registered new interface driver usbhid
[STDERR  ] 2017-09-07T21:52:18.121015529Z: [    5.458366] usbhid: USB HID core driver
[STDERR  ] 2017-09-07T21:52:18.121025999Z: [    5.458858] hv_utils: Registering HyperV Utility Driver
[STDERR  ] 2017-09-07T21:52:18.121035485Z: [    5.459165] hv_vmbus: registering driver hv_util
[STDERR  ] 2017-09-07T21:52:18.121046923Z: [    5.459442] hv_vmbus: registering driver hv_balloon
[STDERR  ] 2017-09-07T21:52:18.121059163Z: [    5.459886] oprofile: using NMI interrupt.
[STDERR  ] 2017-09-07T21:52:18.121071173Z: [    5.461069] GACT probability on
[STDERR  ] 2017-09-07T21:52:18.12108311Z: [    5.461482] Mirror/redirect action on
[STDERR  ] 2017-09-07T21:52:18.121095874Z: [    5.462228] Simple TC action Loaded
[STDERR  ] 2017-09-07T21:52:18.121108349Z: [    5.462709] u32 classifier
[STDERR  ] 2017-09-07T21:52:18.12111961Z: [    5.462882]     Performance counters on
[STDERR  ] 2017-09-07T21:52:18.121130617Z: [    5.463112]     input device check on
[STDERR  ] 2017-09-07T21:52:18.12114188Z: [    5.463361]     Actions configured
[STDERR  ] 2017-09-07T21:52:18.121152709Z: [    5.463852] Netfilter messages via NETLINK v0.30.
[STDERR  ] 2017-09-07T21:52:18.121170458Z: [    5.464318] nfnl_acct: registering with nfnetlink.
[STDERR  ] 2017-09-07T21:52:18.121183265Z: [    5.465514] nf_conntrack version 0.5.0 (8192 buckets, 32768 max)
[STDERR  ] 2017-09-07T21:52:18.121194593Z: [    5.468598] ctnetlink v0.93: registering with nfnetlink.
[STDERR  ] 2017-09-07T21:52:18.12120579Z: [    5.472275] nf_tables: (c) 2007-2009 Patrick McHardy <kaber@trash.net>
[STDERR  ] 2017-09-07T21:52:18.121216933Z: [    5.473033] nf_tables_compat: (c) 2012 Pablo Neira Ayuso <pablo@netfilter.org>
[STDERR  ] 2017-09-07T21:52:18.121228031Z: [    5.475283] xt_time: kernel timezone is -0000
[STDERR  ] 2017-09-07T21:52:18.121238364Z: [    5.475750] ip_set: protocol 6
[STDERR  ] 2017-09-07T21:52:18.121249428Z: [    5.476302] IPVS: Registered protocols (TCP, UDP, SCTP, AH, ESP)
[STDERR  ] 2017-09-07T21:52:18.121260144Z: [    5.476786] IPVS: Connection hash table configured (size=4096, memory=64Kbytes)
[STDERR  ] 2017-09-07T21:52:18.121270799Z: [    5.478336] IPVS: Creating netns size=2104 id=0
[STDERR  ] 2017-09-07T21:52:18.12128162Z: [    5.481165] IPVS: ipvs loaded.
[STDERR  ] 2017-09-07T21:52:18.121298844Z: [    5.481465] IPVS: [rr] scheduler registered.
[STDERR  ] 2017-09-07T21:52:18.121316802Z: [    5.481775] IPVS: [wrr] scheduler registered.
[STDERR  ] 2017-09-07T21:52:18.121328791Z: [    5.482043] IPVS: [lc] scheduler registered.
[STDERR  ] 2017-09-07T21:52:18.121339581Z: [    5.482367] IPVS: [wlc] scheduler registered.
[STDERR  ] 2017-09-07T21:52:18.12135091Z: [    5.482572] IPVS: [fo] scheduler registered.
[STDERR  ] 2017-09-07T21:52:18.121362928Z: [    5.482763] IPVS: [ovf] scheduler registered.
[STDERR  ] 2017-09-07T21:52:18.121374596Z: [    5.483127] IPVS: [lblc] scheduler registered.
[STDERR  ] 2017-09-07T21:52:18.121390717Z: [    5.483529] IPVS: [lblcr] scheduler registered.
[STDERR  ] 2017-09-07T21:52:18.12140622Z: [    5.483757] IPVS: [dh] scheduler registered.
[STDERR  ] 2017-09-07T21:52:18.121416916Z: [    5.483951] IPVS: [sh] scheduler registered.
[STDERR  ] 2017-09-07T21:52:18.121427584Z: [    5.484143] IPVS: [sed] scheduler registered.
[STDERR  ] 2017-09-07T21:52:18.121438588Z: [    5.484337] IPVS: [nq] scheduler registered.
[STDERR  ] 2017-09-07T21:52:18.121450065Z: [    5.485116] IPVS: ftp: loaded support on port[0] = 21
[STDERR  ] 2017-09-07T21:52:18.12146164Z: [    5.486233] ipip: IPv4 and MPLS over IPv4 tunneling driver
[STDERR  ] 2017-09-07T21:52:18.121472518Z: [    5.490609] gre: GRE over IPv4 demultiplexor driver
[STDERR  ] 2017-09-07T21:52:18.121483769Z: [    5.493111] ip_tables: (C) 2000-2006 Netfilter Core Team
[STDERR  ] 2017-09-07T21:52:18.121494898Z: [    5.496120] ipt_CLUSTERIP: ClusterIP Version 0.8 loaded successfully
[STDERR  ] 2017-09-07T21:52:18.121505775Z: [    5.496685] arp_tables: arp_tables: (C) 2002 David S. Miller
[STDERR  ] 2017-09-07T21:52:18.121518015Z: [    5.498755] NET: Registered protocol family 10
[STDERR  ] 2017-09-07T21:52:18.121528425Z: [    5.507791] ip6_tables: (C) 2000-2006 Netfilter Core Team
[STDERR  ] 2017-09-07T21:52:18.121539216Z: [    5.515962] NET: Registered protocol family 17
[STDERR  ] 2017-09-07T21:52:18.121549951Z: [    5.516891] Bridge firewalling registered
[STDERR  ] 2017-09-07T21:52:18.121560535Z: [    5.517334] Ebtables v2.0 registered
[STDERR  ] 2017-09-07T21:52:18.121571299Z: [    5.519057] 8021q: 802.1Q VLAN Support v1.8
[STDERR  ] 2017-09-07T21:52:18.121581873Z: [    5.520603] 9pnet: Installing 9P2000 support
[STDERR  ] 2017-09-07T21:52:18.121592885Z: [    5.522041] Key type dns_resolver registered
[STDERR  ] 2017-09-07T21:52:18.121603266Z: [    5.522787] microcode: AMD CPU family 0x6 not supported
[STDERR  ] 2017-09-07T21:52:18.121623513Z: [    5.526283] registered taskstats version 1
[STDERR  ] 2017-09-07T21:52:18.121634524Z: [    5.680841] Key type big_key registered
[STDERR  ] 2017-09-07T21:52:18.121644944Z: [    5.733883] ata2: SATA link down (SStatus 0 SControl 300)
[STDERR  ] 2017-09-07T21:52:18.121655456Z: [    5.735649] ata1: SATA link down (SStatus 0 SControl 300)
[STDERR  ] 2017-09-07T21:52:18.121666641Z: [    5.738999] Key type encrypted registered
[STDERR  ] 2017-09-07T21:52:18.121694158Z: [    5.743417] rtc_cmos 00:00: setting system clock to 2017-09-07 21:52:03 UTC (1504821123)
[STDERR  ] 2017-09-07T21:52:18.121706463Z: [    5.744173] ata5: SATA link down (SStatus 0 SControl 300)
[STDERR  ] 2017-09-07T21:52:18.121723165Z: [    5.744611] ata4: SATA link down (SStatus 0 SControl 300)
[STDERR  ] 2017-09-07T21:52:18.121734252Z: [    5.745242] ata3: SATA link up 1.5 Gbps (SStatus 113 SControl 300)
[STDERR  ] 2017-09-07T21:52:18.121744998Z: [    5.749940] ata3.00: ATAPI: QEMU DVD-ROM, 2.5+, max UDMA/100
[STDERR  ] 2017-09-07T21:52:18.121755966Z: [    5.750698] ata3.00: applying bridge limits
[STDERR  ] 2017-09-07T21:52:18.121766963Z: [    5.753473] ata6: SATA link down (SStatus 0 SControl 300)
[STDERR  ] 2017-09-07T21:52:18.12177777Z: [    5.761030] ata3.00: configured for UDMA/100
[STDERR  ] 2017-09-07T21:52:18.121789155Z: [    5.775421] scsi 2:0:0:0: CD-ROM            QEMU     QEMU DVD-ROM     2.5+ PQ: 0 ANSI: 5
[STDERR  ] 2017-09-07T21:52:18.121799996Z: [    5.792932] sr 2:0:0:0: [sr0] scsi3-mmc drive: 4x/4x cd/rw xa/form2 tray
[STDERR  ] 2017-09-07T21:52:18.121817811Z: [    5.793540] cdrom: Uniform CD-ROM driver Revision: 3.20
[STDERR  ] 2017-09-07T21:52:18.121828605Z: [    5.799246] sr 2:0:0:0: Attached scsi generic sg0 type 5
[STDERR  ] 2017-09-07T21:52:18.121839666Z: [    6.015195] Freeing unused kernel memory: 1380K
[STDERR  ] 2017-09-07T21:52:18.121850344Z: [    6.015624] Write protecting the kernel read-only data: 12288k
[STDERR  ] 2017-09-07T21:52:18.121861882Z: [    6.026532] Freeing unused kernel memory: 144K
[STDERR  ] 2017-09-07T21:52:18.121872777Z: [    6.249300] Freeing unused kernel memory: 1400K
[STDERR  ] 2017-09-07T21:52:18.121883117Z: [    6.250392] tsc: Refined TSC clocksource calibration: 2299.986 MHz
[STDERR  ] 2017-09-07T21:52:18.121894012Z: [    6.250868] clocksource: tsc: mask: 0xffffffffffffffff max_cycles: 0x212727fc292, max_idle_ns: 440795258401 ns
[STDERR  ] 2017-09-07T21:52:18.121905086Z: [    7.270752] clocksource: Switched to clocksource tsc
[STDERR  ] 2017-09-07T21:52:18.121915858Z: 
[STDERR  ] 2017-09-07T21:52:18.121927762Z: Welcome to LinuxKit
[STDERR  ] 2017-09-07T21:52:18.121963527Z: 
[STDERR  ] 2017-09-07T21:52:18.121975797Z:                         ##         .
[STDERR  ] 2017-09-07T21:52:18.121987212Z:                   ## ## ##        ==
[STDERR  ] 2017-09-07T21:52:18.122000126Z:                ## ## ## ## ##    ===
[STDERR  ] 2017-09-07T21:52:18.122011361Z:            /"""""""""""""""""\___/ ===
[STDERR  ] 2017-09-07T21:52:18.122022224Z:           {                       /  ===-
[STDERR  ] 2017-09-07T21:52:18.122033268Z:            \______ O           __/
[STDERR  ] 2017-09-07T21:52:18.122043832Z:              \    \         __/
[STDERR  ] 2017-09-07T21:52:18.122054535Z:               \____\_______/
[STDERR  ] 2017-09-07T21:52:18.122065801Z: 
[STDERR  ] 2017-09-07T21:52:18.122076928Z: Linux linuxkit-6a3fa49abe4f 4.9.47-linuxkit #1 SMP Mon Sep 4 16:11:11 UTC 2017 x86_64 Linux
[STDERR  ] 2017-09-07T21:52:18.122089356Z: filename:       hello_world.ko
[STDERR  ] 2017-09-07T21:52:18.122100501Z: author:         Rolf Neugebauer <rolf.neugebauer@docker.com>
[STDERR  ] 2017-09-07T21:52:18.122111451Z: description:    A simple Hello World kernel module for testing
[STDERR  ] 2017-09-07T21:52:18.122122408Z: license:        GPL
[STDERR  ] 2017-09-07T21:52:18.122133348Z: depends:        
[STDERR  ] 2017-09-07T21:52:18.122144044Z: vermagic:       4.9.47-linuxkit SMP mod_unload 
[STDERR  ] 2017-09-07T21:52:18.122154766Z: [   14.610587] hello_world: loading out-of-tree module taints kernel.
[STDERR  ] 2017-09-07T21:52:18.122165987Z: [   14.612772] Hello LinuxKit
[STDERR  ] 2017-09-07T21:52:18.122177867Z: [   14.703708] Goodbye LinuxKit.
[STDERR  ] 2017-09-07T21:52:18.122189147Z: Kernel module test suite PASSED
[STDERR  ] 2017-09-07T21:52:18.122200399Z: [   19.512931] ACPI: Preparing to enter system sleep state S5
[STDERR  ] 2017-09-07T21:52:18.122211075Z: [   19.514057] reboot: Power down
[STDERR  ] 2017-09-07T21:52:18.122244474Z: + grep -q Hello LinuxKit
[STDERR  ] 2017-09-07T21:52:18.122255384Z: + exit 0
[STDERR  ] 2017-09-07T21:52:18.122276196Z: + clean_up
[STDERR  ] 2017-09-07T21:52:18.122287069Z: + docker rmi kmod-test
[STDOUT  ] 2017-09-07T21:52:18.168824864Z: Untagged: kmod-test:latest
[STDOUT  ] 2017-09-07T21:52:18.168927544Z: Deleted: sha256:afa0e939fc9e51da4c2736ec9b4b9d15aba5750b5df8f27d60ef62d3cd18df78
[STDOUT  ] 2017-09-07T21:52:18.168954916Z: Deleted: sha256:b32c72680ef72d0b28c5759596074b695ecc76c3e185da1da3c4b5a7ea00b59c
[STDOUT  ] 2017-09-07T21:52:18.16897682Z: Deleted: sha256:a15656d6a19528c7bcc8a3122131040c0d95d20c544f98818bdbbd1bc5bd4c03
[STDOUT  ] 2017-09-07T21:52:18.168998946Z: Deleted: sha256:49a4fcaa4a908c5f6425bcc4a40a442ce0f6a9bee2c5e7cce7d013a64117f2ec
[STDOUT  ] 2017-09-07T21:52:18.169020701Z: Deleted: sha256:ef6065f9e09ee7235107fafbafc283ea2920decd0afe86a5393221e3ff08388e
[STDERR  ] 2017-09-07T21:52:18.172694891Z: + find . -depth -iname kmod* -not -iname *.yml -exec rm -rf {} ;
[PASS    ] linuxkit.kernel.kmod_4.9.x 46.33s
