[INFO    ] 2017-09-29T08:35:19.567776147Z: Running Test linuxkit.packages.getty-containerd in /tmp/build/test/cases/040_packages/007_getty-containerd
[INFO    ] 2017-09-29T08:35:19.567899988Z: Running command: [/bin/sh -x /tmp/build/test/cases/040_packages/007_getty-containerd/test.sh]
[STDERR  ] 2017-09-29T08:35:19.618040011Z: + set -e
[STDERR  ] 2017-09-29T08:35:19.618151885Z: + . /tmp/build/test/cases/_lib/lib.sh
[STDERR  ] 2017-09-29T08:35:19.618160618Z: + [ -f src/github.com/linuxkit/rtf/lib/lib.sh ]
[STDERR  ] 2017-09-29T08:35:19.618188557Z: + LINUXKIT_TMPDIR=/tmp/build/test/cases/_tmp
[STDERR  ] 2017-09-29T08:35:19.618195456Z: + [ -f /tmp/build/test/cases/_tmp/env.sh ]
[STDERR  ] 2017-09-29T08:35:19.618201989Z: + . /tmp/build/test/cases/_tmp/env.sh
[STDERR  ] 2017-09-29T08:35:19.618214021Z: + export LINUXKIT_EXAMPLES_DIR=/tmp/build/test/cases/../../examples
[STDERR  ] 2017-09-29T08:35:19.618224213Z: + export LINUXKIT_BLUEPRINTS_DIR=/tmp/build/test/cases/../../blueprints
[STDERR  ] 2017-09-29T08:35:19.618236267Z: + RT_CANCEL=253
[STDERR  ] 2017-09-29T08:35:19.61824538Z: + NAME=test-ctr
[STDERR  ] 2017-09-29T08:35:19.618252901Z: + trap clean_up EXIT
[STDERR  ] 2017-09-29T08:35:19.6182603Z: + moby build -format kernel+initrd -name test-ctr test.yml
[STDERR  ] 2017-09-29T08:35:19.630755506Z: Extract kernel image: linuxkit/kernel:4.9.x
[STDERR  ] 2017-09-29T08:35:21.966319955Z: Pull image: docker.io/linuxkit/kernel:4.9.x@sha256:4e75a4717ea3adb578e611076a38722d27c98676e90f84c8ae7edccce359b5ba
[STDERR  ] 2017-09-29T08:35:27.135946431Z: Add init containers:
[STDERR  ] 2017-09-29T08:35:27.136015008Z: Process init image: linuxkit/init:6fe9d31a53bbd200183bb31edd795305e868d5a7
[STDERR  ] 2017-09-29T08:35:28.491394158Z: Process init image: linuxkit/runc:a1b564248a0d0b118c11e61db9f84ecf41dd2d2a
[STDERR  ] 2017-09-29T08:35:29.717605321Z: Process init image: linuxkit/containerd:ad6710e069cb538c76314a28e09d6b49958c88e0
[STDERR  ] 2017-09-29T08:35:33.003767316Z: Process init image: linuxkit/ca-certificates:e44b0a66df5a102c0e220f0066b0d904710dcb10
[STDERR  ] 2017-09-29T08:35:34.276919053Z: Add onboot containers:
[STDERR  ] 2017-09-29T08:35:34.276977014Z:   Create OCI config for linuxkit/dhcpcd:d4408777ed6b6e6e562a5d4938fd09804324b33e
[STDERR  ] 2017-09-29T08:35:35.630817347Z: Add service containers:
[STDERR  ] 2017-09-29T08:35:35.630952131Z:   Create OCI config for linuxkit/getty:bf6872ce0a9f3ab519b3e502cc41ba3958bda2a6
[STDERR  ] 2017-09-29T08:35:37.238474387Z: Add files:
[STDERR  ] 2017-09-29T08:35:37.238543082Z:   etc/getty.shadow
[STDERR  ] 2017-09-29T08:35:37.238553613Z: Create outputs:
[STDERR  ] 2017-09-29T08:35:45.154208703Z:   test-ctr-kernel test-ctr-initrd.img test-ctr-cmdline
[STDERR  ] 2017-09-29T08:35:45.231667288Z: + [ -f test-ctr-kernel ]
[STDERR  ] 2017-09-29T08:35:45.231734054Z: + [ -f test-ctr-initrd.img ]
[STDERR  ] 2017-09-29T08:35:45.2317435Z: + [ -f test-ctr-cmdline ]
[STDERR  ] 2017-09-29T08:35:45.231753864Z: + ./test.exp
[STDOUT  ] 2017-09-29T08:35:45.708682317Z: spawn linuxkit run test-ctr
[STDOUT  ] 2017-09-29T08:35:45.781654813Z: Unable to find qemu-system-x86_64 within the $PATH. Using a container
[STDOUT  ] 2017-09-29T08:35:47.730975268Z: [    0.000000] Linux version 4.9.34-linuxkit (root@b147ce67977e) (gcc version 6.3.0 (Alpine 6.3.0) ) #1 SMP Tue Jun 27 09:54:32 UTC 2017
[STDOUT  ] 2017-09-29T08:35:47.731367307Z: [    0.000000] Command line: console=ttyS0 page_poison=1
[STDOUT  ] 2017-09-29T08:35:47.731600508Z: [    0.000000] x86/fpu: Legacy x87 FPU detected.
[STDOUT  ] 2017-09-29T08:35:47.73198823Z: [    0.000000] x86/fpu: Using 'eager' FPU context switches.
[STDOUT  ] 2017-09-29T08:35:47.732253189Z: [    0.000000] e820: BIOS-provided physical RAM map:
[STDOUT  ] 2017-09-29T08:35:47.732548873Z: [    0.000000] BIOS-e820: [mem 0x0000000000000000-0x000000000009fbff] usable
[STDOUT  ] 2017-09-29T08:35:47.733008965Z: [    0.000000] BIOS-e820: [mem 0x000000000009fc00-0x000000000009ffff] reserved
[STDOUT  ] 2017-09-29T08:35:47.733513332Z: [    0.000000] BIOS-e820: [mem 0x00000000000f0000-0x00000000000fffff] reserved
[STDOUT  ] 2017-09-29T08:35:47.733772118Z: [    0.000000] BIOS-e820: [mem 0x0000000000100000-0x000000003ffdefff] usable
[STDOUT  ] 2017-09-29T08:35:47.734180281Z: [    0.000000] BIOS-e820: [mem 0x000000003ffdf000-0x000000003fffffff] reserved
[STDOUT  ] 2017-09-29T08:35:47.734613535Z: [    0.000000] BIOS-e820: [mem 0x00000000b0000000-0x00000000bfffffff] reserved
[STDOUT  ] 2017-09-29T08:35:47.735013174Z: [    0.000000] BIOS-e820: [mem 0x00000000fed1c000-0x00000000fed1ffff] reserved
[STDOUT  ] 2017-09-29T08:35:47.735547177Z: [    0.000000] BIOS-e820: [mem 0x00000000fffc0000-0x00000000ffffffff] reserved
[STDOUT  ] 2017-09-29T08:35:47.735771133Z: [    0.000000] NX (Execute Disable) protection: active
[STDOUT  ] 2017-09-29T08:35:47.73592996Z: [    0.000000] SMBIOS 2.8 present.
[STDOUT  ] 2017-09-29T08:35:47.736361823Z: [    0.000000] e820: last_pfn = 0x3ffdf max_arch_pfn = 0x400000000
[STDOUT  ] 2017-09-29T08:35:47.736773463Z: [    0.000000] x86/PAT: Configuration [0-7]: WB  WC  UC- UC  WB  WC  UC- WT  
[STDOUT  ] 2017-09-29T08:35:47.737217206Z: [    0.000000] found SMP MP-table at [mem 0x000f6aa0-0x000f6aaf] mapped at [ffff9df6000f6aa0]
[STDOUT  ] 2017-09-29T08:35:47.737577124Z: [    0.000000] RAMDISK: [mem 0x3d62b000-0x3ffcffff]
[STDOUT  ] 2017-09-29T08:35:47.737858091Z: [    0.000000] ACPI: Early table checksum verification disabled
[STDOUT  ] 2017-09-29T08:35:47.738272928Z: [    0.000000] ACPI: RSDP 0x00000000000F68C0 000014 (v00 BOCHS )
[STDOUT  ] 2017-09-29T08:35:47.738750816Z: [    0.000000] ACPI: RSDT 0x000000003FFE2404 000034 (v01 BOCHS  BXPCRSDT 00000001 BXPC 00000001)
[STDOUT  ] 2017-09-29T08:35:47.739177541Z: [    0.000000] ACPI: FACP 0x000000003FFE22A4 000074 (v01 BOCHS  BXPCFACP 00000001 BXPC 00000001)
[STDOUT  ] 2017-09-29T08:35:47.739814019Z: [    0.000000] ACPI: DSDT 0x000000003FFE0040 002264 (v01 BOCHS  BXPCDSDT 00000001 BXPC 00000001)
[STDOUT  ] 2017-09-29T08:35:47.739986763Z: [    0.000000] ACPI: FACS 0x000000003FFE0000 000040
[STDOUT  ] 2017-09-29T08:35:47.740483737Z: [    0.000000] ACPI: APIC 0x000000003FFE2318 000078 (v01 BOCHS  BXPCAPIC 00000001 BXPC 00000001)
[STDOUT  ] 2017-09-29T08:35:47.741002087Z: [    0.000000] ACPI: HPET 0x000000003FFE2390 000038 (v01 BOCHS  BXPCHPET 00000001 BXPC 00000001)
[STDOUT  ] 2017-09-29T08:35:47.741558619Z: [    0.000000] ACPI: MCFG 0x000000003FFE23C8 00003C (v01 BOCHS  BXPCMCFG 00000001 BXPC 00000001)
[STDOUT  ] 2017-09-29T08:35:47.741806097Z: [    0.000000] Zone ranges:
[STDOUT  ] 2017-09-29T08:35:47.742156869Z: [    0.000000]   DMA      [mem 0x0000000000001000-0x0000000000ffffff]
[STDOUT  ] 2017-09-29T08:35:47.742472468Z: [    0.000000]   DMA32    [mem 0x0000000001000000-0x000000003ffdefff]
[STDOUT  ] 2017-09-29T08:35:47.742723821Z: [    0.000000]   Normal   empty
[STDOUT  ] 2017-09-29T08:35:47.742859992Z: [    0.000000] Movable zone start for each node
[STDOUT  ] 2017-09-29T08:35:47.74318717Z: [    0.000000] Early memory node ranges
[STDOUT  ] 2017-09-29T08:35:47.743566856Z: [    0.000000]   node   0: [mem 0x0000000000001000-0x000000000009efff]
[STDOUT  ] 2017-09-29T08:35:47.744004767Z: [    0.000000]   node   0: [mem 0x0000000000100000-0x000000003ffdefff]
[STDOUT  ] 2017-09-29T08:35:47.744369599Z: [    0.000000] Initmem setup node 0 [mem 0x0000000000001000-0x000000003ffdefff]
[STDOUT  ] 2017-09-29T08:35:47.744664822Z: [    0.000000] ACPI: PM-Timer IO Port: 0x608
[STDOUT  ] 2017-09-29T08:35:47.744958277Z: [    0.000000] ACPI: LAPIC_NMI (acpi_id[0xff] dfl dfl lint[0x1])
[STDOUT  ] 2017-09-29T08:35:47.745180069Z: [    0.000000] IOAPIC[0]: apic_id 0, version 32, address 0xfec00000, GSI 0-23
[STDOUT  ] 2017-09-29T08:35:47.745816237Z: [    0.000000] ACPI: INT_SRC_OVR (bus 0 bus_irq 0 global_irq 2 dfl dfl)
[STDOUT  ] 2017-09-29T08:35:47.746049793Z: [    0.000000] ACPI: INT_SRC_OVR (bus 0 bus_irq 5 global_irq 5 high level)
[STDOUT  ] 2017-09-29T08:35:47.746386807Z: [    0.000000] ACPI: INT_SRC_OVR (bus 0 bus_irq 9 global_irq 9 high level)
[STDOUT  ] 2017-09-29T08:35:47.746889253Z: [    0.000000] ACPI: INT_SRC_OVR (bus 0 bus_irq 10 global_irq 10 high level)
[STDOUT  ] 2017-09-29T08:35:47.747242394Z: [    0.000000] ACPI: INT_SRC_OVR (bus 0 bus_irq 11 global_irq 11 high level)
[STDOUT  ] 2017-09-29T08:35:47.74773758Z: [    0.000000] Using ACPI (MADT) for SMP configuration information
[STDOUT  ] 2017-09-29T08:35:47.747945993Z: [    0.000000] ACPI: HPET id: 0x8086a201 base: 0xfed00000
[STDOUT  ] 2017-09-29T08:35:47.748400669Z: [    0.000000] smpboot: Allowing 1 CPUs, 0 hotplug CPUs
[STDOUT  ] 2017-09-29T08:35:47.748682338Z: [    0.000000] e820: [mem 0x40000000-0xafffffff] available for PCI devices
[STDOUT  ] 2017-09-29T08:35:47.748937548Z: [    0.000000] Booting paravirtualized kernel on bare hardware
[STDOUT  ] 2017-09-29T08:35:47.7496386Z: [    0.000000] clocksource: refined-jiffies: mask: 0xffffffff max_cycles: 0xffffffff, max_idle_ns: 19112604462750000 ns
[STDOUT  ] 2017-09-29T08:35:47.75009523Z: [    0.000000] setup_percpu: NR_CPUS:128 nr_cpumask_bits:128 nr_cpu_ids:1 nr_node_ids:1
[STDOUT  ] 2017-09-29T08:35:47.750606837Z: [    0.000000] percpu: Embedded 35 pages/cpu @ffff9df63d400000 s105112 r8192 d30056 u2097152
[STDOUT  ] 2017-09-29T08:35:47.751185053Z: [    0.000000] Built 1 zonelists in Zone order, mobility grouping on.  Total pages: 257896
[STDOUT  ] 2017-09-29T08:35:47.751424237Z: [    0.000000] Kernel command line: console=ttyS0 page_poison=1
[STDOUT  ] 2017-09-29T08:35:47.75168958Z: [    0.000000] PID hash table entries: 4096 (order: 3, 32768 bytes)
[STDOUT  ] 2017-09-29T08:35:47.752303936Z: [    0.000000] Dentry cache hash table entries: 131072 (order: 8, 1048576 bytes)
[STDOUT  ] 2017-09-29T08:35:47.752506139Z: [    0.000000] Inode-cache hash table entries: 65536 (order: 7, 524288 bytes)
[STDOUT  ] 2017-09-29T08:35:47.753369766Z: [    0.000000] Memory: 971568K/1048052K available (8023K kernel code, 1336K rwdata, 2692K rodata, 1372K init, 564K bss, 76484K reserved, 0K cma-reserved)
[STDOUT  ] 2017-09-29T08:35:47.753622555Z: [    0.000000] Hierarchical RCU implementation.
[STDOUT  ] 2017-09-29T08:35:47.753839149Z: [    0.000000] 	Build-time adjustment of leaf fanout to 64.
[STDOUT  ] 2017-09-29T08:35:47.754298229Z: [    0.000000] 	RCU restricting CPUs from NR_CPUS=128 to nr_cpu_ids=1.
[STDOUT  ] 2017-09-29T08:35:47.754740295Z: [    0.000000] RCU: Adjusting geometry for rcu_fanout_leaf=64, nr_cpu_ids=1
[STDOUT  ] 2017-09-29T08:35:47.754962028Z: [    0.000000] NR_IRQS:8448 nr_irqs:256 16
[STDOUT  ] 2017-09-29T08:35:47.755094586Z: [    0.000000] Console: colour VGA+ 80x25
[STDOUT  ] 2017-09-29T08:35:47.755532375Z: [    0.000000] console [ttyS0] enabled
[STDOUT  ] 2017-09-29T08:35:47.757543789Z: [    0.000000] allocated 2097152 bytes of page_ext
[STDOUT  ] 2017-09-29T08:35:47.761209426Z: [    0.000000] clocksource: hpet: mask: 0xffffffff max_cycles: 0xffffffff, max_idle_ns: 19112604467 ns
[STDOUT  ] 2017-09-29T08:35:47.804878476Z: [    0.000000] tsc: Fast TSC calibration using PIT
[STDOUT  ] 2017-09-29T08:35:47.80573072Z: [    0.000000] tsc: Detected 2599.928 MHz processor
[STDOUT  ] 2017-09-29T08:35:47.807436873Z: [    0.020737] Calibrating delay loop (skipped), value calculated using timer frequency.. 5199.85 BogoMIPS (lpj=25999280)
[STDOUT  ] 2017-09-29T08:35:47.807832438Z: [    0.021808] pid_max: default: 32768 minimum: 301
[STDOUT  ] 2017-09-29T08:35:47.808990708Z: [    0.022891] ACPI: Core revision 20160831
[STDOUT  ] 2017-09-29T08:35:47.853373332Z: [    0.070077] ACPI: 1 ACPI AML tables successfully acquired and loaded
[STDOUT  ] 2017-09-29T08:35:47.85786515Z: [    0.074831] Security Framework initialized
[STDOUT  ] 2017-09-29T08:35:47.858259926Z: [    0.075224] Yama: becoming mindful.
[STDOUT  ] 2017-09-29T08:35:47.86085679Z: [    0.077353] Mount-cache hash table entries: 2048 (order: 2, 16384 bytes)
[STDOUT  ] 2017-09-29T08:35:47.86100136Z: [    0.077848] Mountpoint-cache hash table entries: 2048 (order: 2, 16384 bytes)
[STDOUT  ] 2017-09-29T08:35:47.882689634Z: [    0.099521] Last level iTLB entries: 4KB 0, 2MB 0, 4MB 0
[STDOUT  ] 2017-09-29T08:35:47.882997995Z: [    0.099919] Last level dTLB entries: 4KB 0, 2MB 0, 4MB 0, 1GB 0
[STDOUT  ] 2017-09-29T08:35:48.186079227Z: [    0.402732] Freeing SMP alternatives memory: 20K (ffffffff98ea7000 - ffffffff98eac000)
[STDOUT  ] 2017-09-29T08:35:48.1969611Z: [    0.413757] ftrace: allocating 35396 entries in 139 pages
[STDOUT  ] 2017-09-29T08:35:48.497295923Z: [    0.573753] smpboot: Max logical packages: 1
[STDOUT  ] 2017-09-29T08:35:48.503986368Z: [    0.580000] ..TIMER: vector=0x30 apic1=0 pin1=2 apic2=-1 pin2=-1
[STDOUT  ] 2017-09-29T08:35:48.72446018Z: [    0.680000] smpboot: CPU0: AMD QEMU Virtual CPU version 2.5+ (family: 0x6, model: 0x6, stepping: 0x3)
[STDOUT  ] 2017-09-29T08:35:48.72596027Z: [    0.680000] Performance Events: PMU not available due to virtualization, using software events only.
[STDOUT  ] 2017-09-29T08:35:48.744235649Z: [    0.690285] NMI watchdog: disabled (cpu0): hardware events not enabled
[STDOUT  ] 2017-09-29T08:35:48.744774701Z: [    0.690671] NMI watchdog: Shutting down hard lockup detector on all cpus
[STDOUT  ] 2017-09-29T08:35:48.748390638Z: [    0.694346] x86: Booted up 1 node, 1 CPUs
[STDOUT  ] 2017-09-29T08:35:48.748936818Z: [    0.694859] smpboot: Total of 1 processors activated (5199.85 BogoMIPS)
[STDOUT  ] 2017-09-29T08:35:48.765079634Z: [    0.711179] devtmpfs: initialized
[STDOUT  ] 2017-09-29T08:35:48.771485072Z: [    0.717616] x86/mm: Memory block size: 128MB
[STDOUT  ] 2017-09-29T08:35:48.838284242Z: [    0.784247] clocksource: jiffies: mask: 0xffffffff max_cycles: 0xffffffff, max_idle_ns: 19112604462750000 ns
[STDOUT  ] 2017-09-29T08:35:48.839249425Z: [    0.785088] futex hash table entries: 256 (order: 2, 16384 bytes)
[STDOUT  ] 2017-09-29T08:35:48.849662656Z: [    0.795789] NET: Registered protocol family 16
[STDOUT  ] 2017-09-29T08:35:48.859367462Z: [    0.805478] cpuidle: using governor ladder
[STDOUT  ] 2017-09-29T08:35:48.859605746Z: [    0.805919] cpuidle: using governor menu
[STDOUT  ] 2017-09-29T08:35:48.861298798Z: [    0.807410] ACPI: bus type PCI registered
[STDOUT  ] 2017-09-29T08:35:48.864776681Z: [    0.810623] PCI: MMCONFIG for domain 0000 [bus 00-ff] at [mem 0xb0000000-0xbfffffff] (base 0xb0000000)
[STDOUT  ] 2017-09-29T08:35:48.865303284Z: [    0.811369] PCI: MMCONFIG at [mem 0xb0000000-0xbfffffff] reserved in E820
[STDOUT  ] 2017-09-29T08:35:48.866716917Z: [    0.812774] PCI: Using configuration type 1 for base access
[STDOUT  ] 2017-09-29T08:35:48.921022289Z: [    0.867006] HugeTLB registered 2 MB page size, pre-allocated 0 pages
[STDOUT  ] 2017-09-29T08:35:48.935030258Z: [    0.880962] ACPI: Added _OSI(Module Device)
[STDOUT  ] 2017-09-29T08:35:48.935212323Z: [    0.881261] ACPI: Added _OSI(Processor Device)
[STDOUT  ] 2017-09-29T08:35:48.935488979Z: [    0.881508] ACPI: Added _OSI(3.0 _SCP Extensions)
[STDOUT  ] 2017-09-29T08:35:48.935775433Z: [    0.881759] ACPI: Added _OSI(Processor Aggregator Device)
[STDOUT  ] 2017-09-29T08:35:49.007378903Z: [    0.953347] ACPI: Interpreter enabled
[STDOUT  ] 2017-09-29T08:35:49.008101322Z: [    0.954326] ACPI: (supports S0 S5)
[STDOUT  ] 2017-09-29T08:35:49.008585191Z: [    0.954630] ACPI: Using IOAPIC for interrupt routing
[STDOUT  ] 2017-09-29T08:35:49.011234257Z: [    0.957108] PCI: Using host bridge windows from ACPI; if necessary, use "pci=nocrs" and report a bug
[STDOUT  ] 2017-09-29T08:35:49.07501346Z: [    1.020993] ACPI: PCI Root Bridge [PCI0] (domain 0000 [bus 00-ff])
[STDOUT  ] 2017-09-29T08:35:49.076037185Z: [    1.022059] acpi PNP0A08:00: _OSC: OS supports [ExtendedConfig ASPM ClockPM Segments MSI]
[STDOUT  ] 2017-09-29T08:35:49.082639103Z: [    1.028510] acpi PNP0A08:00: _OSC: OS now controls [PCIeHotplug PME PCIeCapability]
[STDOUT  ] 2017-09-29T08:35:49.086482905Z: [    1.032505] PCI host bridge to bus 0000:00
[STDOUT  ] 2017-09-29T08:35:49.087004382Z: [    1.032946] pci_bus 0000:00: root bus resource [io  0x0000-0x0cf7 window]
[STDOUT  ] 2017-09-29T08:35:49.087389396Z: [    1.033366] pci_bus 0000:00: root bus resource [io  0x0d00-0xffff window]
[STDOUT  ] 2017-09-29T08:35:49.087767468Z: [    1.033751] pci_bus 0000:00: root bus resource [mem 0x000a0000-0x000bffff window]
[STDOUT  ] 2017-09-29T08:35:49.088199549Z: [    1.034164] pci_bus 0000:00: root bus resource [mem 0xc0000000-0xfebfffff window]
[STDOUT  ] 2017-09-29T08:35:49.088750329Z: [    1.034755] pci_bus 0000:00: root bus resource [bus 00-ff]
[STDOUT  ] 2017-09-29T08:35:49.232544267Z: [    1.176661] pci 0000:00:1f.0: quirk: [io  0x0600-0x067f] claimed by ICH6 ACPI/GPIO/TCO
[STDOUT  ] 2017-09-29T08:35:49.310077576Z: [    1.255446] ACPI: PCI Interrupt Link [LNKA] (IRQs 5 *10 11)
[STDOUT  ] 2017-09-29T08:35:49.31252314Z: [    1.258210] ACPI: PCI Interrupt Link [LNKB] (IRQs 5 *10 11)
[STDOUT  ] 2017-09-29T08:35:49.315286088Z: [    1.261193] ACPI: PCI Interrupt Link [LNKC] (IRQs 5 10 *11)
[STDOUT  ] 2017-09-29T08:35:49.317307634Z: [    1.263138] ACPI: PCI Interrupt Link [LNKD] (IRQs 5 10 *11)
[STDOUT  ] 2017-09-29T08:35:49.319096318Z: [    1.264782] ACPI: PCI Interrupt Link [LNKE] (IRQs 5 *10 11)
[STDOUT  ] 2017-09-29T08:35:49.320789561Z: [    1.266543] ACPI: PCI Interrupt Link [LNKF] (IRQs 5 *10 11)
[STDOUT  ] 2017-09-29T08:35:49.322529142Z: [    1.268245] ACPI: PCI Interrupt Link [LNKG] (IRQs 5 10 *11)
[STDOUT  ] 2017-09-29T08:35:49.324503372Z: [    1.270482] ACPI: PCI Interrupt Link [LNKH] (IRQs 5 10 *11)
[STDOUT  ] 2017-09-29T08:35:49.325182232Z: [    1.271442] ACPI: PCI Interrupt Link [GSIA] (IRQs *16)
[STDOUT  ] 2017-09-29T08:35:49.325949723Z: [    1.272107] ACPI: PCI Interrupt Link [GSIB] (IRQs *17)
[STDOUT  ] 2017-09-29T08:35:49.326534228Z: [    1.272826] ACPI: PCI Interrupt Link [GSIC] (IRQs *18)
[STDOUT  ] 2017-09-29T08:35:49.327341665Z: [    1.273521] ACPI: PCI Interrupt Link [GSID] (IRQs *19)
[STDOUT  ] 2017-09-29T08:35:49.327980479Z: [    1.274225] ACPI: PCI Interrupt Link [GSIE] (IRQs *20)
[STDOUT  ] 2017-09-29T08:35:49.32856318Z: [    1.274881] ACPI: PCI Interrupt Link [GSIF] (IRQs *21)
[STDOUT  ] 2017-09-29T08:35:49.329368724Z: [    1.275536] ACPI: PCI Interrupt Link [GSIG] (IRQs *22)
[STDOUT  ] 2017-09-29T08:35:49.330002048Z: [    1.276240] ACPI: PCI Interrupt Link [GSIH] (IRQs *23)
[STDOUT  ] 2017-09-29T08:35:49.334011205Z: [    1.280000] ACPI: Enabled 2 GPEs in block 00 to 3F
[STDOUT  ] 2017-09-29T08:35:49.338579281Z: [    1.284088] SCSI subsystem initialized
[STDOUT  ] 2017-09-29T08:35:49.340525053Z: [    1.286084] ACPI: bus type USB registered
[STDOUT  ] 2017-09-29T08:35:49.341647901Z: [    1.287314] usbcore: registered new interface driver usbfs
[STDOUT  ] 2017-09-29T08:35:49.342641503Z: [    1.288319] usbcore: registered new interface driver hub
[STDOUT  ] 2017-09-29T08:35:49.343531849Z: [    1.289188] usbcore: registered new device driver usb
[STDOUT  ] 2017-09-29T08:35:49.344878948Z: [    1.290737] pps_core: LinuxPPS API ver. 1 registered
[STDOUT  ] 2017-09-29T08:35:49.345491847Z: [    1.291040] pps_core: Software ver. 5.3.6 - Copyright 2005-2007 Rodolfo Giometti <giometti@linux.it>
[STDOUT  ] 2017-09-29T08:35:49.346151968Z: [    1.292016] PTP clock support registered
[STDOUT  ] 2017-09-29T08:35:49.347287625Z: [    1.293259] wmi: Mapper loaded
[STDOUT  ] 2017-09-29T08:35:49.348531504Z: [    1.294388] PCI: Using ACPI for IRQ routing
[STDOUT  ] 2017-09-29T08:35:49.368689256Z: [    1.314825] NetLabel: Initializing
[STDOUT  ] 2017-09-29T08:35:49.369116493Z: [    1.315074] NetLabel:  domain hash size = 128
[STDOUT  ] 2017-09-29T08:35:49.369139862Z: [    1.315318] NetLabel:  protocols = UNLABELED CIPSOv4
[STDOUT  ] 2017-09-29T08:35:49.371747438Z: [    1.317934] NetLabel:  unlabeled traffic allowed by default
[STDOUT  ] 2017-09-29T08:35:49.373016557Z: [    1.319195] HPET: 3 timers in total, 0 timers will be used for per-cpu timer
[STDOUT  ] 2017-09-29T08:35:49.37433434Z: [    1.320196] hpet0: at MMIO 0xfed00000, IRQs 2, 8, 0
[STDOUT  ] 2017-09-29T08:35:49.374584921Z: [    1.320704] hpet0: 3 comparators, 64-bit 100.000000 MHz counter
[STDOUT  ] 2017-09-29T08:35:49.380116483Z: [    1.326312] clocksource: Switched to clocksource hpet
[STDOUT  ] 2017-09-29T08:35:49.64489559Z: [    1.584971] VFS: Disk quotas dquot_6.6.0
[STDOUT  ] 2017-09-29T08:35:49.645746836Z: [    1.585876] VFS: Dquot-cache hash table entries: 512 (order 0, 4096 bytes)
[STDOUT  ] 2017-09-29T08:35:49.649093236Z: [    1.589466] FS-Cache: Loaded
[STDOUT  ] 2017-09-29T08:35:49.656251077Z: [    1.596579] CacheFiles: Loaded
[STDOUT  ] 2017-09-29T08:35:49.658125135Z: [    1.598363] pnp: PnP ACPI init
[STDOUT  ] 2017-09-29T08:35:49.66935615Z: [    1.609456] pnp: PnP ACPI: found 5 devices
[STDOUT  ] 2017-09-29T08:35:49.71679875Z: [    1.656849] clocksource: acpi_pm: mask: 0xffffff max_cycles: 0xffffff, max_idle_ns: 2085701024 ns
[STDOUT  ] 2017-09-29T08:35:49.720626321Z: [    1.660911] NET: Registered protocol family 2
[STDOUT  ] 2017-09-29T08:35:49.728495869Z: [    1.668622] TCP established hash table entries: 8192 (order: 4, 65536 bytes)
[STDOUT  ] 2017-09-29T08:35:49.729373333Z: [    1.669461] TCP bind hash table entries: 8192 (order: 5, 131072 bytes)
[STDOUT  ] 2017-09-29T08:35:49.73181915Z: [    1.670433] TCP: Hash tables configured (established 8192 bind 8192)
[STDOUT  ] 2017-09-29T08:35:49.732808253Z: [    1.672827] UDP hash table entries: 512 (order: 2, 16384 bytes)
[STDOUT  ] 2017-09-29T08:35:49.733247852Z: [    1.673421] UDP-Lite hash table entries: 512 (order: 2, 16384 bytes)
[STDOUT  ] 2017-09-29T08:35:49.736477437Z: [    1.676590] NET: Registered protocol family 1
[STDOUT  ] 2017-09-29T08:35:49.737661822Z: [    1.677758] pci 0000:00:01.0: Video device with shadowed ROM at [mem 0x000c0000-0x000dffff]
[STDOUT  ] 2017-09-29T08:35:49.745085989Z: [    1.685390] Unpacking initramfs...
[STDOUT  ] 2017-09-29T08:35:58.523623792Z: [   10.463657] Freeing initrd memory: 42644K (ffff9df63d62b000 - ffff9df63ffd0000)
[STDOUT  ] 2017-09-29T08:35:58.546612113Z: [   10.486645] PCLMULQDQ-NI instructions are not detected.
[STDOUT  ] 2017-09-29T08:35:58.548170873Z: [   10.488097] AVX or AES-NI instructions are not detected.
[STDOUT  ] 2017-09-29T08:35:58.548524502Z: [   10.488519] CPU feature 'AVX registers' is not supported.
[STDOUT  ] 2017-09-29T08:35:58.548680768Z: [   10.488933] CPU feature 'AVX registers' is not supported.
[STDOUT  ] 2017-09-29T08:35:58.549153229Z: [   10.489351] CPU feature 'AVX registers' is not supported.
[STDOUT  ] 2017-09-29T08:35:58.549529138Z: [   10.489721] CPU feature 'AVX registers' is not supported.
[STDOUT  ] 2017-09-29T08:35:58.550214035Z: [   10.490435] AVX2 or AES-NI instructions are not detected.
[STDOUT  ] 2017-09-29T08:35:58.550661276Z: [   10.490808] AVX2 instructions are not detected.
[STDOUT  ] 2017-09-29T08:35:58.556853503Z: [   10.497000] audit: initializing netlink subsys (disabled)
[STDOUT  ] 2017-09-29T08:35:58.558985525Z: [   10.499146] audit: type=2000 audit(1506674157.490:1): initialized
[STDOUT  ] 2017-09-29T08:35:58.567437281Z: [   10.507643] workingset: timestamp_bits=46 max_order=18 bucket_order=0
[STDOUT  ] 2017-09-29T08:35:58.57585927Z: [   10.515988] FS-Cache: Netfs 'cifs' registered for caching
[STDOUT  ] 2017-09-29T08:35:58.577258286Z: [   10.517539] fuse init (API version 7.26)
[STDOUT  ] 2017-09-29T08:35:58.579995103Z: [   10.519964] SGI XFS with ACLs, security attributes, no debug enabled
[STDOUT  ] 2017-09-29T08:35:58.584166196Z: [   10.524015] 9p: Installing v9fs 9p2000 file system support
[STDOUT  ] 2017-09-29T08:35:58.584516377Z: [   10.524593] FS-Cache: Netfs '9p' registered for caching
[STDOUT  ] 2017-09-29T08:35:58.615387433Z: [   10.555274] NET: Registered protocol family 38
[STDOUT  ] 2017-09-29T08:35:58.615883221Z: [   10.555902] Key type asymmetric registered
[STDOUT  ] 2017-09-29T08:35:58.616153322Z: [   10.556320] Asymmetric key parser 'x509' registered
[STDOUT  ] 2017-09-29T08:35:58.61723753Z: [   10.557308] Block layer SCSI generic (bsg) driver version 0.4 loaded (major 251)
[STDOUT  ] 2017-09-29T08:35:58.619148396Z: [   10.559375] io scheduler noop registered
[STDOUT  ] 2017-09-29T08:35:58.619525172Z: [   10.559683] io scheduler deadline registered (default)
[STDOUT  ] 2017-09-29T08:35:58.621657508Z: [   10.561754] io scheduler cfq registered
[STDOUT  ] 2017-09-29T08:35:58.624461575Z: [   10.564493] pci_hotplug: PCI Hot Plug PCI Core version: 0.5
[STDOUT  ] 2017-09-29T08:35:58.625109833Z: [   10.565187] pciehp: PCI Express Hot Plug Controller Driver version: 0.4
[STDOUT  ] 2017-09-29T08:35:58.625910911Z: [   10.566092] shpchp: Standard Hot Plug PCI Controller Driver version: 0.4
[STDOUT  ] 2017-09-29T08:35:58.626844279Z: [   10.566955] hv_vmbus: registering driver hyperv_fb
[STDOUT  ] 2017-09-29T08:35:58.631531483Z: [   10.571324] input: Power Button as /devices/LNXSYSTM:00/LNXPWRBN:00/input/input0
[STDOUT  ] 2017-09-29T08:35:58.632631199Z: [   10.572767] ACPI: Power Button [PWRF]
[STDOUT  ] 2017-09-29T08:35:58.638898359Z: [   10.579086] GHES: HEST is not enabled!
[STDOUT  ] 2017-09-29T08:35:58.651975985Z: [   10.591911] ACPI: PCI Interrupt Link [GSIG] enabled at IRQ 22
[STDOUT  ] 2017-09-29T08:35:58.666511044Z: [   10.606426] ACPI: PCI Interrupt Link [GSIH] enabled at IRQ 23
[STDOUT  ] 2017-09-29T08:35:58.671657991Z: [   10.611803] xenfs: not registering filesystem on non-xen platform
[STDOUT  ] 2017-09-29T08:35:58.673858632Z: [   10.613856] Serial: 8250/16550 driver, 4 ports, IRQ sharing disabled
[STDOUT  ] 2017-09-29T08:35:58.698640287Z: [   10.638638] 00:04: ttyS0 at I/O 0x3f8 (irq = 4, base_baud = 115200) is a 16550A
[STDOUT  ] 2017-09-29T08:35:58.710899063Z: [   10.651033] Non-volatile memory driver v1.3
[STDOUT  ] 2017-09-29T08:35:58.71872346Z: [   10.658723] Hangcheck: starting hangcheck timer 0.9.1 (tick is 180 seconds, margin is 60 seconds).
[STDOUT  ] 2017-09-29T08:35:58.757129576Z: [   10.697131] loop: module loaded
[STDOUT  ] 2017-09-29T08:35:58.771886025Z: [   10.712041] nbd: registered device at major 43
[STDOUT  ] 2017-09-29T08:35:58.814001166Z: [   10.753928] lpc_ich 0000:00:1f.0: I/O space for GPIO uninitialized
[STDOUT  ] 2017-09-29T08:35:58.815887064Z: [   10.756124] VMware PVSCSI driver - version 1.0.7.0-k
[STDOUT  ] 2017-09-29T08:35:58.816782381Z: [   10.756996] hv_vmbus: registering driver hv_storvsc
[STDOUT  ] 2017-09-29T08:35:58.827774052Z: [   10.767752] ACPI: PCI Interrupt Link [GSIA] enabled at IRQ 16
[STDOUT  ] 2017-09-29T08:35:58.834988578Z: [   10.774938] ahci 0000:00:1f.2: AHCI 0001.0000 32 slots 6 ports 1.5 Gbps 0x3f impl SATA mode
[STDOUT  ] 2017-09-29T08:35:58.835434124Z: [   10.775646] ahci 0000:00:1f.2: flags: 64bit ncq only 
[STDOUT  ] 2017-09-29T08:35:58.855694839Z: [   10.795790] scsi host0: ahci
[STDOUT  ] 2017-09-29T08:35:58.861036735Z: [   10.801251] scsi host1: ahci
[STDOUT  ] 2017-09-29T08:35:58.863437869Z: [   10.803682] scsi host2: ahci
[STDOUT  ] 2017-09-29T08:35:58.865715143Z: [   10.805846] scsi host3: ahci
[STDOUT  ] 2017-09-29T08:35:58.867980906Z: [   10.808140] scsi host4: ahci
[STDOUT  ] 2017-09-29T08:35:58.870578178Z: [   10.810644] scsi host5: ahci
[STDOUT  ] 2017-09-29T08:35:58.872742671Z: [   10.812592] ata1: SATA max UDMA/133 abar m4096@0xfebd2000 port 0xfebd2100 irq 24
[STDOUT  ] 2017-09-29T08:35:58.87314741Z: [   10.813146] ata2: SATA max UDMA/133 abar m4096@0xfebd2000 port 0xfebd2180 irq 24
[STDOUT  ] 2017-09-29T08:35:58.87353668Z: [   10.813635] ata3: SATA max UDMA/133 abar m4096@0xfebd2000 port 0xfebd2200 irq 24
[STDOUT  ] 2017-09-29T08:35:58.874114162Z: [   10.814086] ata4: SATA max UDMA/133 abar m4096@0xfebd2000 port 0xfebd2280 irq 24
[STDOUT  ] 2017-09-29T08:35:58.874591634Z: [   10.814528] ata5: SATA max UDMA/133 abar m4096@0xfebd2000 port 0xfebd2300 irq 24
[STDOUT  ] 2017-09-29T08:35:58.875036228Z: [   10.815003] ata6: SATA max UDMA/133 abar m4096@0xfebd2000 port 0xfebd2380 irq 24
[STDOUT  ] 2017-09-29T08:35:58.887891331Z: [   10.827893] tun: Universal TUN/TAP device driver, 1.6
[STDOUT  ] 2017-09-29T08:35:58.888213731Z: [   10.828230] tun: (C) 1999-2004 Max Krasnyansky <maxk@qualcomm.com>
[STDOUT  ] 2017-09-29T08:35:58.899694141Z: [   10.839784] VMware vmxnet3 virtual NIC driver - version 1.4.a.0-k-NAPI
[STDOUT  ] 2017-09-29T08:35:58.900854633Z: [   10.841120] hv_vmbus: registering driver hv_netvsc
[STDOUT  ] 2017-09-29T08:35:58.901237561Z: [   10.841463] Fusion MPT base driver 3.04.20
[STDOUT  ] 2017-09-29T08:35:58.901720305Z: [   10.841741] Copyright (c) 1999-2008 LSI Corporation
[STDOUT  ] 2017-09-29T08:35:58.902278753Z: [   10.842415] Fusion MPT SPI Host driver 3.04.20
[STDOUT  ] 2017-09-29T08:35:58.90477815Z: [   10.844681] i8042: PNP: PS/2 Controller [PNP0303:KBD,PNP0f13:MOU] at 0x60,0x64 irq 1,12
[STDOUT  ] 2017-09-29T08:35:58.909031837Z: [   10.849042] serio: i8042 KBD port at 0x60,0x64 irq 1
[STDOUT  ] 2017-09-29T08:35:58.909678835Z: [   10.849790] serio: i8042 AUX port at 0x60,0x64 irq 12
[STDOUT  ] 2017-09-29T08:35:58.912702863Z: [   10.852713] hv_vmbus: registering driver hyperv_keyboard
[STDOUT  ] 2017-09-29T08:35:58.915901019Z: [   10.855849] mousedev: PS/2 mouse device common for all mice
[STDOUT  ] 2017-09-29T08:35:58.921533305Z: [   10.861453] input: AT Translated Set 2 keyboard as /devices/platform/i8042/serio0/input/input1
[STDOUT  ] 2017-09-29T08:35:58.924444185Z: [   10.864441] input: PC Speaker as /devices/platform/pcspkr/input/input2
[STDOUT  ] 2017-09-29T08:35:58.928184595Z: [   10.868236] rtc_cmos 00:00: RTC can wake from S4
[STDOUT  ] 2017-09-29T08:35:58.932152302Z: [   10.872115] rtc_cmos 00:00: rtc core: registered rtc_cmos as rtc0
[STDOUT  ] 2017-09-29T08:35:58.933436161Z: [   10.873429] rtc_cmos 00:00: alarms up to one day, y3k, 114 bytes nvram, hpet irqs
[STDOUT  ] 2017-09-29T08:35:58.93417277Z: [   10.874302] i2c /dev entries driver
[STDOUT  ] 2017-09-29T08:35:58.936497542Z: [   10.876331] device-mapper: ioctl: 4.35.0-ioctl (2016-06-23) initialised: dm-devel@redhat.com
[STDOUT  ] 2017-09-29T08:35:58.941681179Z: [   10.881682] usbcore: registered new interface driver usbhid
[STDOUT  ] 2017-09-29T08:35:58.941990841Z: [   10.882144] usbhid: USB HID core driver
[STDOUT  ] 2017-09-29T08:35:58.942609319Z: [   10.882836] hv_utils: Registering HyperV Utility Driver
[STDOUT  ] 2017-09-29T08:35:58.943062279Z: [   10.883148] hv_vmbus: registering driver hv_util
[STDOUT  ] 2017-09-29T08:35:58.943231696Z: [   10.883470] hv_vmbus: registering driver hv_balloon
[STDOUT  ] 2017-09-29T08:35:58.943746274Z: [   10.884046] oprofile: using NMI interrupt.
[STDOUT  ] 2017-09-29T08:35:58.944900424Z: [   10.885148] GACT probability on
[STDOUT  ] 2017-09-29T08:35:58.945392318Z: [   10.885682] Mirror/redirect action on
[STDOUT  ] 2017-09-29T08:35:58.946420223Z: [   10.886634] Simple TC action Loaded
[STDOUT  ] 2017-09-29T08:35:58.947511123Z: [   10.887719] u32 classifier
[STDOUT  ] 2017-09-29T08:35:58.947709624Z: [   10.887914]     Performance counters on
[STDOUT  ] 2017-09-29T08:35:58.948057438Z: [   10.888201]     input device check on
[STDOUT  ] 2017-09-29T08:35:58.948192677Z: [   10.888450]     Actions configured
[STDOUT  ] 2017-09-29T08:35:58.949246342Z: [   10.889373] Netfilter messages via NETLINK v0.30.
[STDOUT  ] 2017-09-29T08:35:58.950173296Z: [   10.890374] nfnl_acct: registering with nfnetlink.
[STDOUT  ] 2017-09-29T08:35:58.951909628Z: [   10.891977] nf_conntrack version 0.5.0 (8192 buckets, 32768 max)
[STDOUT  ] 2017-09-29T08:35:58.954947965Z: [   10.895192] ctnetlink v0.93: registering with nfnetlink.
[STDOUT  ] 2017-09-29T08:35:58.958419148Z: [   10.898423] nf_tables: (c) 2007-2009 Patrick McHardy <kaber@trash.net>
[STDOUT  ] 2017-09-29T08:35:58.959277805Z: [   10.899377] nf_tables_compat: (c) 2012 Pablo Neira Ayuso <pablo@netfilter.org>
[STDOUT  ] 2017-09-29T08:35:58.96206444Z: [   10.902276] xt_time: kernel timezone is -0000
[STDOUT  ] 2017-09-29T08:35:58.962692683Z: [   10.902903] ip_set: protocol 6
[STDOUT  ] 2017-09-29T08:35:58.963616117Z: [   10.903687] IPVS: Registered protocols (TCP, UDP, SCTP, AH, ESP)
[STDOUT  ] 2017-09-29T08:35:58.964379809Z: [   10.904456] IPVS: Connection hash table configured (size=4096, memory=64Kbytes)
[STDOUT  ] 2017-09-29T08:35:58.966010919Z: [   10.906267] IPVS: Creating netns size=2104 id=0
[STDOUT  ] 2017-09-29T08:35:58.967055422Z: [   10.907263] IPVS: ipvs loaded.
[STDOUT  ] 2017-09-29T08:35:58.967413852Z: [   10.907673] IPVS: [rr] scheduler registered.
[STDOUT  ] 2017-09-29T08:35:58.967993314Z: [   10.908059] IPVS: [wrr] scheduler registered.
[STDOUT  ] 2017-09-29T08:35:58.968274008Z: [   10.908373] IPVS: [lc] scheduler registered.
[STDOUT  ] 2017-09-29T08:35:58.968600529Z: [   10.908672] IPVS: [wlc] scheduler registered.
[STDOUT  ] 2017-09-29T08:35:58.968897469Z: [   10.908976] IPVS: [fo] scheduler registered.
[STDOUT  ] 2017-09-29T08:35:58.969144818Z: [   10.909314] IPVS: [ovf] scheduler registered.
[STDOUT  ] 2017-09-29T08:35:58.969693744Z: [   10.909863] IPVS: [lblc] scheduler registered.
[STDOUT  ] 2017-09-29T08:35:58.970334042Z: [   10.910187] IPVS: [lblcr] scheduler registered.
[STDOUT  ] 2017-09-29T08:35:58.971423684Z: [   10.911440] IPVS: [dh] scheduler registered.
[STDOUT  ] 2017-09-29T08:35:58.971514748Z: [   10.911769] IPVS: [sh] scheduler registered.
[STDOUT  ] 2017-09-29T08:35:58.971867407Z: [   10.912112] IPVS: [sed] scheduler registered.
[STDOUT  ] 2017-09-29T08:35:58.972200837Z: [   10.912471] IPVS: [nq] scheduler registered.
[STDOUT  ] 2017-09-29T08:35:58.97303759Z: [   10.913298] IPVS: ftp: loaded support on port[0] = 21
[STDOUT  ] 2017-09-29T08:35:58.974263267Z: [   10.914324] ipip: IPv4 and MPLS over IPv4 tunneling driver
[STDOUT  ] 2017-09-29T08:35:58.978651258Z: [   10.918767] gre: GRE over IPv4 demultiplexor driver
[STDOUT  ] 2017-09-29T08:35:58.981228777Z: [   10.921488] ip_tables: (C) 2000-2006 Netfilter Core Team
[STDOUT  ] 2017-09-29T08:35:58.984470357Z: [   10.924673] ipt_CLUSTERIP: ClusterIP Version 0.8 loaded successfully
[STDOUT  ] 2017-09-29T08:35:58.985301522Z: [   10.925391] arp_tables: arp_tables: (C) 2002 David S. Miller
[STDOUT  ] 2017-09-29T08:35:58.98745535Z: [   10.927597] NET: Registered protocol family 10
[STDOUT  ] 2017-09-29T08:35:58.997528465Z: [   10.937497] ip6_tables: (C) 2000-2006 Netfilter Core Team
[STDOUT  ] 2017-09-29T08:35:59.005833129Z: [   10.946039] NET: Registered protocol family 17
[STDOUT  ] 2017-09-29T08:35:59.007039017Z: [   10.947228] Bridge firewalling registered
[STDOUT  ] 2017-09-29T08:35:59.00753151Z: [   10.947877] Ebtables v2.0 registered
[STDOUT  ] 2017-09-29T08:35:59.009227173Z: [   10.949373] 8021q: 802.1Q VLAN Support v1.8
[STDOUT  ] 2017-09-29T08:35:59.011272994Z: [   10.951423] 9pnet: Installing 9P2000 support
[STDOUT  ] 2017-09-29T08:35:59.012901644Z: [   10.953040] Key type dns_resolver registered
[STDOUT  ] 2017-09-29T08:35:59.013869599Z: [   10.954101] microcode: AMD CPU family 0x6 not supported
[STDOUT  ] 2017-09-29T08:35:59.01739866Z: [   10.957731] registered taskstats version 1
[STDOUT  ] 2017-09-29T08:35:59.214620284Z: [   11.154665] ata5: SATA link down (SStatus 0 SControl 300)
[STDOUT  ] 2017-09-29T08:35:59.217260479Z: [   11.157483] ata4: SATA link down (SStatus 0 SControl 300)
[STDOUT  ] 2017-09-29T08:35:59.218401472Z: [   11.158450] ata3: SATA link up 1.5 Gbps (SStatus 113 SControl 300)
[STDOUT  ] 2017-09-29T08:35:59.221622612Z: [   11.161889] ata6: SATA link down (SStatus 0 SControl 300)
[STDOUT  ] 2017-09-29T08:35:59.22244323Z: [   11.162449] ata2: SATA link down (SStatus 0 SControl 300)
[STDOUT  ] 2017-09-29T08:35:59.222766267Z: [   11.162931] ata1: SATA link down (SStatus 0 SControl 300)
[STDOUT  ] 2017-09-29T08:35:59.232047072Z: [   11.172129] ata3.00: ATAPI: QEMU DVD-ROM, 2.5+, max UDMA/100
[STDOUT  ] 2017-09-29T08:35:59.232604216Z: [   11.172631] ata3.00: applying bridge limits
[STDOUT  ] 2017-09-29T08:35:59.234503679Z: [   11.174645] ata3.00: configured for UDMA/100
[STDOUT  ] 2017-09-29T08:35:59.250820053Z: [   11.190920] scsi 2:0:0:0: CD-ROM            QEMU     QEMU DVD-ROM     2.5+ PQ: 0 ANSI: 5
[STDOUT  ] 2017-09-29T08:35:59.271611703Z: [   11.211656] Key type big_key registered
[STDOUT  ] 2017-09-29T08:35:59.284073245Z: [   11.224261] sr 2:0:0:0: [sr0] scsi3-mmc drive: 4x/4x cd/rw xa/form2 tray
[STDOUT  ] 2017-09-29T08:35:59.284872915Z: [   11.224960] cdrom: Uniform CD-ROM driver Revision: 3.20
[STDOUT  ] 2017-09-29T08:35:59.300923702Z: [   11.240965] sr 2:0:0:0: Attached scsi generic sg0 type 5
[STDOUT  ] 2017-09-29T08:35:59.342193882Z: [   11.282225] Key type encrypted registered
[STDOUT  ] 2017-09-29T08:35:59.348335063Z: [   11.288291] rtc_cmos 00:00: setting system clock to 2017-09-29 08:35:59 UTC (1506674159)
[STDOUT  ] 2017-09-29T08:35:59.505630498Z: [   11.445601] Freeing unused kernel memory: 1372K (ffffffff98d50000 - ffffffff98ea7000)
[STDOUT  ] 2017-09-29T08:35:59.50606707Z: [   11.446156] Write protecting the kernel read-only data: 12288k
[STDOUT  ] 2017-09-29T08:35:59.514895688Z: [   11.454677] Freeing unused kernel memory: 156K (ffff9df6287d9000 - ffff9df628800000)
[STDOUT  ] 2017-09-29T08:35:59.631913656Z: [   11.571934] Freeing unused kernel memory: 1404K (ffff9df628aa1000 - ffff9df628c00000)
[STDOUT  ] 2017-09-29T08:35:59.632781344Z: [   11.572916] tsc: Refined TSC clocksource calibration: 2599.930 MHz
[STDOUT  ] 2017-09-29T08:35:59.633532336Z: [   11.573394] clocksource: tsc: mask: 0xffffffffffffffff max_cycles: 0x2579fa04218, max_idle_ns: 440795256060 ns
[STDOUT  ] 2017-09-29T08:36:00.644633259Z: [   12.584615] clocksource: Switched to clocksource tsc
[STDOUT  ] 2017-09-29T08:36:14.687634867Z: 
[STDOUT  ] 2017-09-29T08:36:14.687805034Z: Welcome to LinuxKit
[STDOUT  ] 2017-09-29T08:36:14.687924248Z: SUCCESS boot
[STDOUT  ] 2017-09-29T08:36:14.688121175Z: 
[STDOUT  ] 2017-09-29T08:36:14.688408863Z:                         ##         .
[STDOUT  ] 2017-09-29T08:36:14.688656903Z:                   ## ## ##        ==
[STDOUT  ] 2017-09-29T08:36:14.689164004Z:                ## ## ## ## ##    ===
[STDOUT  ] 2017-09-29T08:36:14.689510377Z:            /"""""""""""""""""\___/ ===
[STDOUT  ] 2017-09-29T08:36:14.689755756Z:           {                       /  ===-
[STDOUT  ] 2017-09-29T08:36:14.690875245Z:            \______ O           __/
[STDOUT  ] 2017-09-29T08:36:14.691278416Z:              \    \         __/
[STDOUT  ] 2017-09-29T08:36:14.691422246Z:               \____\_______/
[STDOUT  ] 2017-09-29T08:36:14.691592233Z: 
[STDOUT  ] 2017-09-29T08:36:16.756095508Z: [   28.696118] 8021q: adding VLAN 0 to HW filter on device eth0
[STDOUT  ] 2017-09-29T08:36:16.991066032Z: eth0: waiting for carrier
[STDOUT  ] 2017-09-29T08:36:16.991080539Z: eth0: carrier acquired
[STDOUT  ] 2017-09-29T08:36:16.991091215Z: DUID 00:01:00:01:21:60:c2:80:d6:df:e8:2a:5b:09
[STDOUT  ] 2017-09-29T08:36:16.991103194Z: eth0: IAID e8:2a:5b:09
[STDOUT  ] 2017-09-29T08:36:16.99111299Z: [   28.772836] random: dhcpcd: uninitialized urandom read (112 bytes read)
[STDOUT  ] 2017-09-29T08:36:16.991123809Z: eth0: adding address fe80::28d5:7b8a:5ac1:7254
[STDOUT  ] 2017-09-29T08:36:16.991133549Z: eth0: soliciting an IPv6 router
[STDOUT  ] 2017-09-29T08:36:16.991143818Z: eth0: soliciting a DHCP lease
[STDOUT  ] 2017-09-29T08:36:16.991153343Z: eth0: offered 10.0.2.15 from 10.0.2.2
[STDOUT  ] 2017-09-29T08:36:16.99116269Z: eth0: leased 10.0.2.15 for 86400 seconds
[STDOUT  ] 2017-09-29T08:36:16.991183071Z: eth0: adding route to 10.0.2.0/24
[STDOUT  ] 2017-09-29T08:36:16.991192413Z: eth0: adding default route via 10.0.2.2
[STDOUT  ] 2017-09-29T08:36:17.196497844Z: exiting due to oneshot
[STDOUT  ] 2017-09-29T08:36:17.203266342Z: dhcpcd exited
[STDOUT  ] 2017-09-29T08:36:17.851858013Z: [34mINFO[0m[0000] starting containerd                           [34mmodule[0m=containerd [34mrevision[0m=d0457b221369fa22fc2facdf73266b67993b3959 [34mversion[0m=v1.0.0-beta.0
[STDOUT  ] 2017-09-29T08:36:17.861934651Z: [34mINFO[0m[0000] loading plugin "io.containerd.content.v1.content"...  [34mmodule[0m=containerd [34mtype[0m=io.containerd.content.v1
[STDOUT  ] 2017-09-29T08:36:17.86507197Z: [34mINFO[0m[0000] loading plugin "io.containerd.metadata.v1.bolt"...  [34mmodule[0m=containerd [34mtype[0m=io.containerd.metadata.v1
[STDOUT  ] 2017-09-29T08:36:17.87139203Z: [34mINFO[0m[0000] loading plugin "io.containerd.differ.v1.walking"...  [34mmodule[0m=containerd [34mtype[0m=io.containerd.differ.v1
[STDOUT  ] 2017-09-29T08:36:17.873387212Z: [34mINFO[0m[0000] loading plugin "io.containerd.grpc.v1.containers"...  [34mmodule[0m=containerd [34mtype[0m=io.containerd.grpc.v1
[STDOUT  ] 2017-09-29T08:36:17.875291884Z: [34mINFO[0m[0000] loading plugin "io.containerd.grpc.v1.content"...  [34mmodule[0m=containerd [34mtype[0m=io.containerd.grpc.v1
[STDOUT  ] 2017-09-29T08:36:17.876756912Z: [34mINFO[0m[0000] loading plugin "io.containerd.grpc.v1.diff"...  [34mmodule[0m=containerd [34mtype[0m=io.containerd.grpc.v1
[STDOUT  ] 2017-09-29T08:36:17.878645005Z: [34mINFO[0m[0000] loading plugin "io.containerd.grpc.v1.events"...  [34mmodule[0m=containerd [34mtype[0m=io.containerd.grpc.v1
[STDOUT  ] 2017-09-29T08:36:17.880691179Z: [34mINFO[0m[0000] loading plugin "io.containerd.grpc.v1.healthcheck"...  [34mmodule[0m=containerd [34mtype[0m=io.containerd.grpc.v1
[STDOUT  ] 2017-09-29T08:36:17.882025052Z: [34mINFO[0m[0000] loading plugin "io.containerd.grpc.v1.images"...  [34mmodule[0m=containerd [34mtype[0m=io.containerd.grpc.v1
[STDOUT  ] 2017-09-29T08:36:17.884682007Z: [34mINFO[0m[0000] loading plugin "io.containerd.grpc.v1.namespaces"...  [34mmodule[0m=containerd [34mtype[0m=io.containerd.grpc.v1
[STDOUT  ] 2017-09-29T08:36:17.886051513Z: [34mINFO[0m[0000] loading plugin "io.containerd.snapshotter.v1.btrfs"...  [34mmodule[0m=containerd [34mtype[0m=io.containerd.snapshotter.v1
[STDOUT  ] 2017-09-29T08:36:17.905273648Z: [33mWARN[0m[0000] failed to load plugin io.containerd.snapshotter.v1.btrfs  [33merror[0m="path /var/lib/containerd/io.containerd.snapshotter.v1.btrfs must be a btrfs filesystem to be used with the btrfs snapshotter" [33mmodule[0m=containerd
[STDOUT  ] 2017-09-29T08:36:17.906794939Z: [34mINFO[0m[0000] loading plugin "io.containerd.snapshotter.v1.overlayfs"...  [34mmodule[0m=containerd [34mtype[0m=io.containerd.snapshotter.v1
[STDOUT  ] 2017-09-29T08:36:17.913059816Z: [34mINFO[0m[0000] loading plugin "io.containerd.grpc.v1.snapshots"...  [34mmodule[0m=containerd [34mtype[0m=io.containerd.grpc.v1
[STDOUT  ] 2017-09-29T08:36:17.915722104Z: [34mINFO[0m[0000] loading plugin "io.containerd.monitor.v1.cgroups"...  [34mmodule[0m=containerd [34mtype[0m=io.containerd.monitor.v1
[STDOUT  ] 2017-09-29T08:36:17.97062018Z: [34mINFO[0m[0000] loading plugin "io.containerd.runtime.v1.linux"...  [34mmodule[0m=containerd [34mtype[0m=io.containerd.runtime.v1
[STDOUT  ] 2017-09-29T08:36:17.974867252Z: [34mINFO[0m[0000] loading plugin "io.containerd.grpc.v1.tasks"...  [34mmodule[0m=containerd [34mtype[0m=io.containerd.grpc.v1
[STDOUT  ] 2017-09-29T08:36:17.976867437Z: [34mINFO[0m[0000] loading plugin "io.containerd.grpc.v1.version"...  [34mmodule[0m=containerd [34mtype[0m=io.containerd.grpc.v1
[STDOUT  ] 2017-09-29T08:36:17.990400248Z: [34mINFO[0m[0000] serving...                                    [34maddress[0m="/run/containerd/debug.sock" [34mmodule[0m="containerd/debug"
[STDOUT  ] 2017-09-29T08:36:17.994836937Z: [34mINFO[0m[0000] serving...                                    [34maddress[0m="/run/containerd/containerd.sock" [34mmodule[0m="containerd/grpc"
[STDOUT  ] 2017-09-29T08:36:17.997522559Z: [34mINFO[0m[0000] containerd successfully booted in 0.170860s   [34mmodule[0m=containerd
[STDOUT  ] 2017-09-29T08:36:18.39962817Z: [34mINFO[0m[0000] shim containerd-shim started                  [34maddress[0m="/containerd-shim/default/getty/shim.sock" [34mdebug[0m=false [34mmodule[0m="containerd/tasks" [34mpid[0m=328
[STDOUT  ] 2017-09-29T08:36:22.048150074Z: 
[STDOUT  ] 2017-09-29T08:36:22.058212472Z: linuxkit-d6dfe82a5b09 login: ro[   33.998311] random: fast init done
[STDOUT  ] 2017-09-29T08:36:22.058772739Z: ot
[STDOUT  ] 2017-09-29T08:36:22.08525108Z: Password: 
[STDOUT  ] 2017-09-29T08:36:22.121145319Z: Welcome to LinuxKit!
[STDOUT  ] 2017-09-29T08:36:22.121211137Z: 
[STDOUT  ] 2017-09-29T08:36:22.121366437Z: NOTE: This system is namespaced.
[STDOUT  ] 2017-09-29T08:36:22.121672322Z: The namespace you are currently in may not be the root.
[STDOUT  ] 2017-09-29T08:36:22.12592323Z: login[372]: root login on 'ttyS0'
[STDOUT  ] 2017-09-29T08:36:22.173183314Z: (ns: getty) linuxkit-d6dfe82a5b09:~# [6nctr pull docker.io/library/hello-world@sha2
[STDOUT  ] 2017-09-29T08:36:22.184802764Z: 56:f3b3b28a45160805bb16542c9531888519430e9e6d6ffc09d72261b0d26ff74f
[STDOUT  ] 2017-09-29T08:36:22.805695761Z: docker.io/library/hello-world@sha256:f3b3b28a45160805bb16542c9531888519430e9e6d6ffc09d72261b0d26ff74f: resolving      |[32m[0m--------------------------------------| 
[STDOUT  ] 2017-09-29T08:36:22.806799456Z: elapsed: 0.2 s                                                                                         total:   0.0 B (0.0 B/s)                                         
[STDOUT  ] 2017-09-29T08:36:22.889282002Z: [0A[2K[0A[2Kdocker.io/library/hello-world@sha256:f3b3b28a45160805bb16542c9531888519430e9e6d6ffc09d72261b0d26ff74f: resolving      |[32m[0m--------------------------------------| 
[STDOUT  ] 2017-09-29T08:36:22.891009707Z: elapsed: 0.2 s                                                                                         total:   0.0 B (0.0 B/s)                                         
[STDOUT  ] 2017-09-29T08:36:23.003403165Z: [0A[2K[0A[2Kdocker.io/library/hello-world@sha256:f3b3b28a45160805bb16542c9531888519430e9e6d6ffc09d72261b0d26ff74f: resolving      |[32m[0m--------------------------------------| 
[STDOUT  ] 2017-09-29T08:36:23.004518116Z: elapsed: 0.3 s                                                                                         total:   0.0 B (0.0 B/s)                                         
[STDOUT  ] 2017-09-29T08:36:23.091743519Z: [0A[2K[0A[2Kdocker.io/library/hello-world@sha256:f3b3b28a45160805bb16542c9531888519430e9e6d6ffc09d72261b0d26ff74f: resolving      |[32m[0m--------------------------------------| 
[STDOUT  ] 2017-09-29T08:36:23.092896665Z: elapsed: 0.4 s                                                                                         total:   0.0 B (0.0 B/s)                                         
[STDOUT  ] 2017-09-29T08:36:23.195630014Z: [0A[2K[0A[2Kdocker.io/library/hello-world@sha256:f3b3b28a45160805bb16542c9531888519430e9e6d6ffc09d72261b0d26ff74f: resolving      |[32m[0m--------------------------------------| 
[STDOUT  ] 2017-09-29T08:36:23.196674553Z: elapsed: 0.5 s                                                                                         total:   0.0 B (0.0 B/s)                                         
[STDOUT  ] 2017-09-29T08:36:23.296555693Z: [0A[2K[0A[2Kdocker.io/library/hello-world@sha256:f3b3b28a45160805bb16542c9531888519430e9e6d6ffc09d72261b0d26ff74f: resolving      |[32m[0m--------------------------------------| 
[STDOUT  ] 2017-09-29T08:36:23.29744074Z: elapsed: 0.6 s                                                                                         total:   0.0 B (0.0 B/s)                                         
[STDOUT  ] 2017-09-29T08:36:23.386088812Z: [0A[2K[0A[2Kdocker.io/library/hello-world@sha256:f3b3b28a45160805bb16542c9531888519430e9e6d6ffc09d72261b0d26ff74f: resolving      |[32m[0m--------------------------------------| 
[STDOUT  ] 2017-09-29T08:36:23.387328987Z: elapsed: 0.8 s                                                                                         total:   0.0 B (0.0 B/s)                                         
[STDOUT  ] 2017-09-29T08:36:23.489979415Z: [0A[2K[0A[2Kdocker.io/library/hello-world@sha256:f3b3b28a45160805bb16542c9531888519430e9e6d6ffc09d72261b0d26ff74f: resolving      |[32m[0m--------------------------------------| 
[STDOUT  ] 2017-09-29T08:36:23.491056437Z: elapsed: 0.8 s                                                                                         total:   0.0 B (0.0 B/s)                                         
[STDOUT  ] 2017-09-29T08:36:23.587826856Z: [0A[2K[0A[2Kdocker.io/library/hello-world@sha256:f3b3b28a45160805bb16542c9531888519430e9e6d6ffc09d72261b0d26ff74f: resolving      |[32m[0m--------------------------------------| 
[STDOUT  ] 2017-09-29T08:36:23.588723288Z: elapsed: 0.9 s                                                                                         total:   0.0 B (0.0 B/s)                                         
[STDOUT  ] 2017-09-29T08:36:23.69135188Z: [0A[2K[0A[2Kdocker.io/library/hello-world@sha256:f3b3b28a45160805bb16542c9531888519430e9e6d6ffc09d72261b0d26ff74f: resolving      |[32m[0m--------------------------------------| 
[STDOUT  ] 2017-09-29T08:36:23.692500539Z: elapsed: 1.0 s                                                                                         total:   0.0 B (0.0 B/s)                                         
[STDOUT  ] 2017-09-29T08:36:23.794319941Z: [0A[2K[0A[2Kdocker.io/library/hello-world@sha256:f3b3b28a45160805bb16542c9531888519430e9e6d6ffc09d72261b0d26ff74f: resolving      |[32m[0m--------------------------------------| 
[STDOUT  ] 2017-09-29T08:36:23.795533315Z: elapsed: 1.1 s                                                                                         total:   0.0 B (0.0 B/s)                                         
[STDOUT  ] 2017-09-29T08:36:23.902404846Z: [0A[2K[0A[2Kdocker.io/library/hello-world@sha256:f3b3b28a45160805bb16542c9531888519430e9e6d6ffc09d72261b0d26ff74f: resolving      |[32m[0m--------------------------------------| 
[STDOUT  ] 2017-09-29T08:36:23.90334759Z: elapsed: 1.2 s                                                                                         total:   0.0 B (0.0 B/s)                                         
[STDOUT  ] 2017-09-29T08:36:24.006544709Z: [0A[2K[0A[2Kdocker.io/library/hello-world@sha256:f3b3b28a45160805bb16542c9531888519430e9e6d6ffc09d72261b0d26ff74f: resolving      |[32m[0m--------------------------------------| 
[STDOUT  ] 2017-09-29T08:36:24.007637185Z: elapsed: 1.4 s                                                                                         total:   0.0 B (0.0 B/s)                                         
[STDOUT  ] 2017-09-29T08:36:24.089950634Z: [0A[2K[0A[2Kdocker.io/library/hello-world@sha256:f3b3b28a45160805bb16542c9531888519430e9e6d6ffc09d72261b0d26ff74f: resolving      |[32m[0m--------------------------------------| 
[STDOUT  ] 2017-09-29T08:36:24.095505472Z: elapsed: 1.5 s                                                                                         total:   0.0 B (0.0 B/s)                                         
[STDOUT  ] 2017-09-29T08:36:24.182447082Z: [0A[2K[0A[2Kdocker.io/library/hello-world@sha256:f3b3b28a45160805bb16542c9531888519430e9e6d6ffc09d72261b0d26ff74f: resolving      |[32m[0m--------------------------------------| 
[STDOUT  ] 2017-09-29T08:36:24.183748073Z: elapsed: 1.6 s                                                                                         total:   0.0 B (0.0 B/s)                                         
[STDOUT  ] 2017-09-29T08:36:24.285253839Z: [0A[2K[0A[2Kdocker.io/library/hello-world@sha256:f3b3b28a45160805bb16542c9531888519430e9e6d6ffc09d72261b0d26ff74f: resolving      |[32m[0m--------------------------------------| 
[STDOUT  ] 2017-09-29T08:36:24.286806947Z: elapsed: 1.6 s                                                                                         total:   0.0 B (0.0 B/s)                                         
[STDOUT  ] 2017-09-29T08:36:24.383229091Z: [0A[2K[0A[2Kdocker.io/library/hello-world@sha256:f3b3b28a45160805bb16542c9531888519430e9e6d6ffc09d72261b0d26ff74f: resolving      |[32m[0m--------------------------------------| 
[STDOUT  ] 2017-09-29T08:36:24.384823097Z: elapsed: 1.7 s                                                                                         total:   0.0 B (0.0 B/s)                                         
[STDOUT  ] 2017-09-29T08:36:24.482730083Z: [0A[2K[0A[2Kdocker.io/library/hello-world@sha256:f3b3b28a45160805bb16542c9531888519430e9e6d6ffc09d72261b0d26ff74f: resolving      |[32m[0m--------------------------------------| 
[STDOUT  ] 2017-09-29T08:36:24.484387005Z: elapsed: 1.8 s                                                                                         total:   0.0 B (0.0 B/s)                                         
[STDOUT  ] 2017-09-29T08:36:24.582128819Z: [0A[2K[0A[2Kdocker.io/library/hello-world@sha256:f3b3b28a45160805bb16542c9531888519430e9e6d6ffc09d72261b0d26ff74f: resolving      |[32m[0m--------------------------------------| 
[STDOUT  ] 2017-09-29T08:36:24.583704198Z: elapsed: 1.9 s                                                                                         total:   0.0 B (0.0 B/s)                                         
[STDOUT  ] 2017-09-29T08:36:24.682204181Z: [0A[2K[0A[2Kdocker.io/library/hello-world@sha256:f3b3b28a45160805bb16542c9531888519430e9e6d6ffc09d72261b0d26ff74f: resolving      |[32m[0m--------------------------------------| 
[STDOUT  ] 2017-09-29T08:36:24.683686799Z: elapsed: 2.0 s                                                                                         total:   0.0 B (0.0 B/s)                                         
[STDOUT  ] 2017-09-29T08:36:24.795662347Z: [0A[2K[0A[2Kdocker.io/library/hello-world@sha256:f3b3b28a45160805bb16542c9531888519430e9e6d6ffc09d72261b0d26ff74f: resolving      |[32m[0m--------------------------------------| 
[STDOUT  ] 2017-09-29T08:36:24.797369369Z: elapsed: 2.1 s                                                                                         total:   0.0 B (0.0 B/s)                                         
[STDOUT  ] 2017-09-29T08:36:24.891211821Z: [0A[2K[0A[2Kdocker.io/library/hello-world@sha256:f3b3b28a45160805bb16542c9531888519430e9e6d6ffc09d72261b0d26ff74f: resolved       |[32m++++++++++++++++++++++++++++++++++++++[0m| 
[STDOUT  ] 2017-09-29T08:36:24.897647813Z: manifest-sha256:f3b3b28a45160805bb16542c9531888519430e9e6d6ffc09d72261b0d26ff74f:                      waiting        |[32m[0m--------------------------------------| 
[STDOUT  ] 2017-09-29T08:36:24.900027815Z: elapsed: 2.3 s                                                                                         total:   0.0 B (0.0 B/s)                                         
[STDOUT  ] 2017-09-29T08:36:24.993556386Z: [0A[2K[0A[2K[0A[2Kdocker.io/library/hello-world@sha256:f3b3b28a45160805bb16542c9531888519430e9e6d6ffc09d72261b0d26ff74f: resolved       |[32m++++++++++++++++++++++++++++++++++++++[0m| 
[STDOUT  ] 2017-09-29T08:36:24.995969067Z: manifest-sha256:f3b3b28a45160805bb16542c9531888519430e9e6d6ffc09d72261b0d26ff74f:                      downloading    |[32m[0m--------------------------------------|    0.0 B/524.0 B 
[STDOUT  ] 2017-09-29T08:36:24.997643967Z: elapsed: 2.4 s                                                                                         total:   0.0 B (0.0 B/s)                                         
[STDOUT  ] 2017-09-29T08:36:25.087970019Z: [0A[2K[0A[2K[0A[2Kdocker.io/library/hello-world@sha256:f3b3b28a45160805bb16542c9531888519430e9e6d6ffc09d72261b0d26ff74f: resolved       |[32m++++++++++++++++++++++++++++++++++++++[0m| 
[STDOUT  ] 2017-09-29T08:36:25.101139875Z: manifest-sha256:f3b3b28a45160805bb16542c9531888519430e9e6d6ffc09d72261b0d26ff74f:                      downloading    |[32m[0m--------------------------------------|    0.0 B/524.0 B 
[STDOUT  ] 2017-09-29T08:36:25.104182901Z: elapsed: 2.4 s                                                                                         total:   0.0 B (0.0 B/s)                                         
[STDOUT  ] 2017-09-29T08:36:25.188496643Z: [0A[2K[0A[2K[0A[2Kdocker.io/library/hello-world@sha256:f3b3b28a45160805bb16542c9531888519430e9e6d6ffc09d72261b0d26ff74f: resolved       |[32m++++++++++++++++++++++++++++++++++++++[0m| 
[STDOUT  ] 2017-09-29T08:36:25.191602596Z: manifest-sha256:f3b3b28a45160805bb16542c9531888519430e9e6d6ffc09d72261b0d26ff74f:                      downloading    |[32m[0m--------------------------------------|    0.0 B/524.0 B 
[STDOUT  ] 2017-09-29T08:36:25.193248912Z: elapsed: 2.6 s                                                                                         total:   0.0 B (0.0 B/s)                                         
[STDOUT  ] 2017-09-29T08:36:25.283076954Z: [0A[2K[0A[2K[0A[2Kdocker.io/library/hello-world@sha256:f3b3b28a45160805bb16542c9531888519430e9e6d6ffc09d72261b0d26ff74f: resolved       |[32m++++++++++++++++++++++++++++++++++++++[0m| 
[STDOUT  ] 2017-09-29T08:36:25.284910326Z: manifest-sha256:f3b3b28a45160805bb16542c9531888519430e9e6d6ffc09d72261b0d26ff74f:                      downloading    |[32m[0m--------------------------------------|    0.0 B/524.0 B 
[STDOUT  ] 2017-09-29T08:36:25.286575775Z: elapsed: 2.7 s                                                                                         total:   0.0 B (0.0 B/s)                                         
[STDOUT  ] 2017-09-29T08:36:25.382929124Z: [0A[2K[0A[2K[0A[2Kdocker.io/library/hello-world@sha256:f3b3b28a45160805bb16542c9531888519430e9e6d6ffc09d72261b0d26ff74f: resolved       |[32m++++++++++++++++++++++++++++++++++++++[0m| 
[STDOUT  ] 2017-09-29T08:36:25.384774626Z: manifest-sha256:f3b3b28a45160805bb16542c9531888519430e9e6d6ffc09d72261b0d26ff74f:                      downloading    |[32m[0m--------------------------------------|    0.0 B/524.0 B 
[STDOUT  ] 2017-09-29T08:36:25.386253166Z: elapsed: 2.8 s                                                                                         total:   0.0 B (0.0 B/s)                                         
[STDOUT  ] 2017-09-29T08:36:25.485295307Z: [0A[2K[0A[2K[0A[2Kdocker.io/library/hello-world@sha256:f3b3b28a45160805bb16542c9531888519430e9e6d6ffc09d72261b0d26ff74f: resolved       |[32m++++++++++++++++++++++++++++++++++++++[0m| 
[STDOUT  ] 2017-09-29T08:36:25.486960374Z: manifest-sha256:f3b3b28a45160805bb16542c9531888519430e9e6d6ffc09d72261b0d26ff74f:                      downloading    |[32m[0m--------------------------------------|    0.0 B/524.0 B 
[STDOUT  ] 2017-09-29T08:36:25.488319831Z: elapsed: 2.8 s                                                                                         total:   0.0 B (0.0 B/s)                                         
[STDOUT  ] 2017-09-29T08:36:25.58349149Z: [0A[2K[0A[2K[0A[2Kdocker.io/library/hello-world@sha256:f3b3b28a45160805bb16542c9531888519430e9e6d6ffc09d72261b0d26ff74f: resolved       |[32m++++++++++++++++++++++++++++++++++++++[0m| 
[STDOUT  ] 2017-09-29T08:36:25.585411752Z: manifest-sha256:f3b3b28a45160805bb16542c9531888519430e9e6d6ffc09d72261b0d26ff74f:                      downloading    |[32m[0m--------------------------------------|    0.0 B/524.0 B 
[STDOUT  ] 2017-09-29T08:36:25.587184692Z: elapsed: 2.9 s                                                                                         total:   0.0 B (0.0 B/s)                                         
[STDOUT  ] 2017-09-29T08:36:25.686271244Z: [0A[2K[0A[2K[0A[2Kdocker.io/library/hello-world@sha256:f3b3b28a45160805bb16542c9531888519430e9e6d6ffc09d72261b0d26ff74f: resolved       |[32m++++++++++++++++++++++++++++++++++++++[0m| 
[STDOUT  ] 2017-09-29T08:36:25.687955184Z: manifest-sha256:f3b3b28a45160805bb16542c9531888519430e9e6d6ffc09d72261b0d26ff74f:                      downloading    |[32m[0m--------------------------------------|    0.0 B/524.0 B 
[STDOUT  ] 2017-09-29T08:36:25.689535522Z: elapsed: 3.0 s                                                                                         total:   0.0 B (0.0 B/s)                                         
[STDOUT  ] 2017-09-29T08:36:25.786336509Z: [0A[2K[0A[2K[0A[2Kdocker.io/library/hello-world@sha256:f3b3b28a45160805bb16542c9531888519430e9e6d6ffc09d72261b0d26ff74f: resolved       |[32m++++++++++++++++++++++++++++++++++++++[0m| 
[STDOUT  ] 2017-09-29T08:36:25.788074016Z: manifest-sha256:f3b3b28a45160805bb16542c9531888519430e9e6d6ffc09d72261b0d26ff74f:                      downloading    |[32m[0m--------------------------------------|    0.0 B/524.0 B 
[STDOUT  ] 2017-09-29T08:36:25.789557153Z: elapsed: 3.1 s                                                                                         total:   0.0 B (0.0 B/s)                                         
[STDOUT  ] 2017-09-29T08:36:25.883829588Z: [0A[2K[0A[2K[0A[2Kdocker.io/library/hello-world@sha256:f3b3b28a45160805bb16542c9531888519430e9e6d6ffc09d72261b0d26ff74f: resolved       |[32m++++++++++++++++++++++++++++++++++++++[0m| 
[STDOUT  ] 2017-09-29T08:36:25.885466526Z: manifest-sha256:f3b3b28a45160805bb16542c9531888519430e9e6d6ffc09d72261b0d26ff74f:                      downloading    |[32m[0m--------------------------------------|    0.0 B/524.0 B 
[STDOUT  ] 2017-09-29T08:36:25.887284227Z: elapsed: 3.3 s                                                                                         total:   0.0 B (0.0 B/s)                                         
[STDOUT  ] 2017-09-29T08:36:25.983382863Z: [0A[2K[0A[2K[0A[2Kdocker.io/library/hello-world@sha256:f3b3b28a45160805bb16542c9531888519430e9e6d6ffc09d72261b0d26ff74f: resolved       |[32m++++++++++++++++++++++++++++++++++++++[0m| 
[STDOUT  ] 2017-09-29T08:36:25.985235789Z: manifest-sha256:f3b3b28a45160805bb16542c9531888519430e9e6d6ffc09d72261b0d26ff74f:                      downloading    |[32m[0m--------------------------------------|    0.0 B/524.0 B 
[STDOUT  ] 2017-09-29T08:36:25.986834649Z: elapsed: 3.3 s                                                                                         total:   0.0 B (0.0 B/s)                                         
[STDOUT  ] 2017-09-29T08:36:26.086612982Z: [0A[2K[0A[2K[0A[2Kdocker.io/library/hello-world@sha256:f3b3b28a45160805bb16542c9531888519430e9e6d6ffc09d72261b0d26ff74f: resolved       |[32m++++++++++++++++++++++++++++++++++++++[0m| 
[STDOUT  ] 2017-09-29T08:36:26.088303939Z: manifest-sha256:f3b3b28a45160805bb16542c9531888519430e9e6d6ffc09d72261b0d26ff74f:                      downloading    |[32m[0m--------------------------------------|    0.0 B/524.0 B 
[STDOUT  ] 2017-09-29T08:36:26.091248049Z: elapsed: 3.4 s                                                                                         total:   0.0 B (0.0 B/s)                                         
[STDOUT  ] 2017-09-29T08:36:26.187956458Z: [0A[2K[0A[2K[0A[2Kdocker.io/library/hello-world@sha256:f3b3b28a45160805bb16542c9531888519430e9e6d6ffc09d72261b0d26ff74f: resolved       |[32m++++++++++++++++++++++++++++++++++++++[0m| 
[STDOUT  ] 2017-09-29T08:36:26.18943259Z: manifest-sha256:f3b3b28a45160805bb16542c9531888519430e9e6d6ffc09d72261b0d26ff74f:                      downloading    |[32m[0m--------------------------------------|    0.0 B/524.0 B 
[STDOUT  ] 2017-09-29T08:36:26.191457846Z: elapsed: 3.6 s                                                                                         total:   0.0 B (0.0 B/s)                                         
[STDOUT  ] 2017-09-29T08:36:26.292668282Z: [0A[2K[0A[2K[0A[2Kdocker.io/library/hello-world@sha256:f3b3b28a45160805bb16542c9531888519430e9e6d6ffc09d72261b0d26ff74f: resolved       |[32m++++++++++++++++++++++++++++++++++++++[0m| 
[STDOUT  ] 2017-09-29T08:36:26.296361082Z: manifest-sha256:f3b3b28a45160805bb16542c9531888519430e9e6d6ffc09d72261b0d26ff74f:                      downloading    |[32m[0m--------------------------------------|    0.0 B/524.0 B 
[STDOUT  ] 2017-09-29T08:36:26.298094396Z: elapsed: 3.7 s                                                                                         total:   0.0 B (0.0 B/s)                                         
[STDOUT  ] 2017-09-29T08:36:26.392854303Z: [0A[2K[0A[2K[0A[2Kdocker.io/library/hello-world@sha256:f3b3b28a45160805bb16542c9531888519430e9e6d6ffc09d72261b0d26ff74f: resolved       |[32m++++++++++++++++++++++++++++++++++++++[0m| 
[STDOUT  ] 2017-09-29T08:36:26.394411413Z: manifest-sha256:f3b3b28a45160805bb16542c9531888519430e9e6d6ffc09d72261b0d26ff74f:                      downloading    |[32m++++++++++++++++++++++++++++++++++++++[0m|  524.0 B/524.0 B 
[STDOUT  ] 2017-09-29T08:36:26.396184322Z: elapsed: 3.8 s                                                                                         total:  524.0  (138.0 B/s)                                       
[STDOUT  ] 2017-09-29T08:36:26.490391407Z: [0A[2K[0A[2K[0A[2Kdocker.io/library/hello-world@sha256:f3b3b28a45160805bb16542c9531888519430e9e6d6ffc09d72261b0d26ff74f: resolved       |[32m++++++++++++++++++++++++++++++++++++++[0m| 
[STDOUT  ] 2017-09-29T08:36:26.492977607Z: manifest-sha256:f3b3b28a45160805bb16542c9531888519430e9e6d6ffc09d72261b0d26ff74f:                      done           |[32m++++++++++++++++++++++++++++++++++++++[0m| 
[STDOUT  ] 2017-09-29T08:36:26.494553917Z: elapsed: 3.9 s                                                                                         total:  524.0  (135.0 B/s)                                       
[STDOUT  ] 2017-09-29T08:36:26.648236549Z: [0A[2K[0A[2K[0A[2Kdocker.io/library/hello-world@sha256:f3b3b28a45160805bb16542c9531888519430e9e6d6ffc09d72261b0d26ff74f: resolved       |[32m++++++++++++++++++++++++++++++++++++++[0m| 
[STDOUT  ] 2017-09-29T08:36:26.651312741Z: manifest-sha256:f3b3b28a45160805bb16542c9531888519430e9e6d6ffc09d72261b0d26ff74f:                      done           |[32m++++++++++++++++++++++++++++++++++++++[0m| 
[STDOUT  ] 2017-09-29T08:36:26.652392627Z: layer-sha256:b04784fba78d739b526e27edc02a5a8cd07b1052e9283f5fc155828f4b614c28:                         waiting        |[32m[0m--------------------------------------| 
[STDOUT  ] 2017-09-29T08:36:26.65375825Z: config-sha256:1815c82652c03bfd8644afda26fb184f2ed891d921b20a0703b46768f9755c57:                        downloading    |[32m[0m--------------------------------------|    0.0 B/1.5 KiB 
[STDOUT  ] 2017-09-29T08:36:26.654677009Z: elapsed: 4.1 s                                                                                         total:  524.0  (128.0 B/s)                                       
[STDOUT  ] 2017-09-29T08:36:26.683455827Z: [0A[2K[0A[2K[0A[2K[0A[2K[0A[2Kdocker.io/library/hello-world@sha256:f3b3b28a45160805bb16542c9531888519430e9e6d6ffc09d72261b0d26ff74f: resolved       |[32m++++++++++++++++++++++++++++++++++++++[0m| 
[STDOUT  ] 2017-09-29T08:36:26.68456027Z: manifest-sha256:f3b3b28a45160805bb16542c9531888519430e9e6d6ffc09d72261b0d26ff74f:                      done           |[32m++++++++++++++++++++++++++++++++++++++[0m| 
[STDOUT  ] 2017-09-29T08:36:26.685780817Z: layer-sha256:b04784fba78d739b526e27edc02a5a8cd07b1052e9283f5fc155828f4b614c28:                         downloading    |[32m[0m--------------------------------------|    0.0 B/972.0 B 
[STDOUT  ] 2017-09-29T08:36:26.687219502Z: config-sha256:1815c82652c03bfd8644afda26fb184f2ed891d921b20a0703b46768f9755c57:                        downloading    |[32m[0m--------------------------------------|    0.0 B/1.5 KiB 
[STDOUT  ] 2017-09-29T08:36:26.688459073Z: elapsed: 4.1 s                                                                                         total:  524.0  (127.0 B/s)                                       
[STDOUT  ] 2017-09-29T08:36:26.785515826Z: [0A[2K[0A[2K[0A[2K[0A[2K[0A[2Kdocker.io/library/hello-world@sha256:f3b3b28a45160805bb16542c9531888519430e9e6d6ffc09d72261b0d26ff74f: resolved       |[32m++++++++++++++++++++++++++++++++++++++[0m| 
[STDOUT  ] 2017-09-29T08:36:26.787070048Z: manifest-sha256:f3b3b28a45160805bb16542c9531888519430e9e6d6ffc09d72261b0d26ff74f:                      done           |[32m++++++++++++++++++++++++++++++++++++++[0m| 
[STDOUT  ] 2017-09-29T08:36:26.788866995Z: layer-sha256:b04784fba78d739b526e27edc02a5a8cd07b1052e9283f5fc155828f4b614c28:                         downloading    |[32m[0m--------------------------------------|    0.0 B/972.0 B 
[STDOUT  ] 2017-09-29T08:36:26.814689782Z: config-sha256:1815c82652c03bfd8644afda26fb184f2ed891d921b20a0703b46768f9755c57:                        downloading    |[32m[0m--------------------------------------|    0.0 B/1.5 KiB 
[STDOUT  ] 2017-09-29T08:36:26.816987981Z: elapsed: 4.1 s                                                                                         total:  524.0  (126.0 B/s)                                       
[STDOUT  ] 2017-09-29T08:36:26.902741059Z: [0A[2K[0A[2K[0A[2K[0A[2K[0A[2Kdocker.io/library/hello-world@sha256:f3b3b28a45160805bb16542c9531888519430e9e6d6ffc09d72261b0d26ff74f: resolved       |[32m++++++++++++++++++++++++++++++++++++++[0m| 
[STDOUT  ] 2017-09-29T08:36:26.904072718Z: manifest-sha256:f3b3b28a45160805bb16542c9531888519430e9e6d6ffc09d72261b0d26ff74f:                      done           |[32m++++++++++++++++++++++++++++++++++++++[0m| 
[STDOUT  ] 2017-09-29T08:36:26.905729017Z: layer-sha256:b04784fba78d739b526e27edc02a5a8cd07b1052e9283f5fc155828f4b614c28:                         downloading    |[32m[0m--------------------------------------|    0.0 B/972.0 B 
[STDOUT  ] 2017-09-29T08:36:26.90717555Z: config-sha256:1815c82652c03bfd8644afda26fb184f2ed891d921b20a0703b46768f9755c57:                        downloading    |[32m[0m--------------------------------------|    0.0 B/1.5 KiB 
[STDOUT  ] 2017-09-29T08:36:26.908855741Z: elapsed: 4.3 s                                                                                         total:  524.0  (121.0 B/s)                                       
[STDOUT  ] 2017-09-29T08:36:26.983077202Z: [0A[2K[0A[2K[0A[2K[0A[2K[0A[2Kdocker.io/library/hello-world@sha256:f3b3b28a45160805bb16542c9531888519430e9e6d6ffc09d72261b0d26ff74f: resolved       |[32m++++++++++++++++++++++++++++++++++++++[0m| 
[STDOUT  ] 2017-09-29T08:36:26.984501942Z: manifest-sha256:f3b3b28a45160805bb16542c9531888519430e9e6d6ffc09d72261b0d26ff74f:                      done           |[32m++++++++++++++++++++++++++++++++++++++[0m| 
[STDOUT  ] 2017-09-29T08:36:26.986255604Z: layer-sha256:b04784fba78d739b526e27edc02a5a8cd07b1052e9283f5fc155828f4b614c28:                         downloading    |[32m[0m--------------------------------------|    0.0 B/972.0 B 
[STDOUT  ] 2017-09-29T08:36:26.987937808Z: config-sha256:1815c82652c03bfd8644afda26fb184f2ed891d921b20a0703b46768f9755c57:                        downloading    |[32m[0m--------------------------------------|    0.0 B/1.5 KiB 
[STDOUT  ] 2017-09-29T08:36:26.989235866Z: elapsed: 4.4 s                                                                                         total:  524.0  (119.0 B/s)                                       
[STDOUT  ] 2017-09-29T08:36:27.097563419Z: [0A[2K[0A[2K[0A[2K[0A[2K[0A[2Kdocker.io/library/hello-world@sha256:f3b3b28a45160805bb16542c9531888519430e9e6d6ffc09d72261b0d26ff74f: resolved       |[32m++++++++++++++++++++++++++++++++++++++[0m| 
[STDOUT  ] 2017-09-29T08:36:27.099609729Z: manifest-sha256:f3b3b28a45160805bb16542c9531888519430e9e6d6ffc09d72261b0d26ff74f:                      done           |[32m++++++++++++++++++++++++++++++++++++++[0m| 
[STDOUT  ] 2017-09-29T08:36:27.103231497Z: layer-sha256:b04784fba78d739b526e27edc02a5a8cd07b1052e9283f5fc155828f4b614c28:                         downloading    |[32m[0m--------------------------------------|    0.0 B/972.0 B 
[STDOUT  ] 2017-09-29T08:36:27.105518184Z: config-sha256:1815c82652c03bfd8644afda26fb184f2ed891d921b20a0703b46768f9755c57:                        downloading    |[32m[0m--------------------------------------|    0.0 B/1.5 KiB 
[STDOUT  ] 2017-09-29T08:36:27.107194711Z: elapsed: 4.4 s                                                                                         total:  524.0  (117.0 B/s)                                       
[STDOUT  ] 2017-09-29T08:36:27.211849514Z: [0A[2K[0A[2K[0A[2K[0A[2K[0A[2Kdocker.io/library/hello-world@sha256:f3b3b28a45160805bb16542c9531888519430e9e6d6ffc09d72261b0d26ff74f: resolved       |[32m++++++++++++++++++++++++++++++++++++++[0m| 
[STDOUT  ] 2017-09-29T08:36:27.224101446Z: manifest-sha256:f3b3b28a45160805bb16542c9531888519430e9e6d6ffc09d72261b0d26ff74f:                      done           |[32m++++++++++++++++++++++++++++++++++++++[0m| 
[STDOUT  ] 2017-09-29T08:36:27.225706036Z: layer-sha256:b04784fba78d739b526e27edc02a5a8cd07b1052e9283f5fc155828f4b614c28:                         done           |[32m++++++++++++++++++++++++++++++++++++++[0m| 
[STDOUT  ] 2017-09-29T08:36:27.227454857Z: config-sha256:1815c82652c03bfd8644afda26fb184f2ed891d921b20a0703b46768f9755c57:                        downloading    |[32m[0m--------------------------------------|    0.0 B/1.5 KiB 
[STDOUT  ] 2017-09-29T08:36:27.229270416Z: elapsed: 4.6 s                                                                                         total:  1.5 Ki (327.0 B/s)                                       
[STDOUT  ] 2017-09-29T08:36:27.319663675Z: [31mERRO[0m[0004] failed to get content info                    [31merror[0m="context canceled: unknown"
[STDOUT  ] 2017-09-29T08:36:27.323587632Z: [31mERRO[0m[0004] active check failed                           [31merror[0m="context canceled: unknown"
[STDOUT  ] 2017-09-29T08:36:27.403064949Z: [0A[2K[0A[2K[0A[2K[0A[2K[0A[2Kdocker.io/library/hello-world@sha256:f3b3b28a45160805bb16542c9531888519430e9e6d6ffc09d72261b0d26ff74f: resolved       |[32m++++++++++++++++++++++++++++++++++++++[0m| 
[STDOUT  ] 2017-09-29T08:36:27.40477466Z: manifest-sha256:f3b3b28a45160805bb16542c9531888519430e9e6d6ffc09d72261b0d26ff74f:                      done           |[32m++++++++++++++++++++++++++++++++++++++[0m| 
[STDOUT  ] 2017-09-29T08:36:27.40633689Z: layer-sha256:b04784fba78d739b526e27edc02a5a8cd07b1052e9283f5fc155828f4b614c28:                         done           |[32m++++++++++++++++++++++++++++++++++++++[0m| 
[STDOUT  ] 2017-09-29T08:36:27.407774543Z: config-sha256:1815c82652c03bfd8644afda26fb184f2ed891d921b20a0703b46768f9755c57:                        done           |[32m++++++++++++++++++++++++++++++++++++++[0m| 
[STDOUT  ] 2017-09-29T08:36:27.409962511Z: elapsed: 4.8 s                                                                                         total:  1.5 Ki (310.0 B/s)                                       
[STDOUT  ] 2017-09-29T08:36:27.411535279Z: unpacking sha256:f3b3b28a45160805bb16542c9531888519430e9e6d6ffc09d72261b0d26ff74f...
[STDOUT  ] 2017-09-29T08:36:27.82275049Z: done
[STDOUT  ] 2017-09-29T08:36:27.878013381Z: (ns: getty) linuxkit-d6dfe82a5b09:~# [6nSUCCESS ctr pull
[STDOUT  ] 2017-09-29T08:36:27.898397175Z: ctr run -t docker.io/library/hello-world@sh
[STDOUT  ] 2017-09-29T08:36:27.909478392Z: a256:f3b3b28a45160805bb16542c9531888519430e9e6d6ffc09d72261b0d26ff74f test
[STDOUT  ] 2017-09-29T08:36:28.780480699Z: [34mINFO[0m[0011] shim containerd-shim started                  [34maddress[0m="/containerd-shim/default/test/shim.sock" [34mdebug[0m=false [34mmodule[0m="containerd/tasks" [34mpid[0m=388
[STDOUT  ] 2017-09-29T08:36:29.569746533Z: [   41.509833] IPVS: Creating netns size=2104 id=1
[STDOUT  ] 2017-09-29T08:36:29.570710881Z: [   41.510228] IPVS: ftp: loaded support on port[0] = 21
[STDOUT  ] 2017-09-29T08:36:31.643226024Z: 
[STDOUT  ] 2017-09-29T08:36:31.643285855Z: Hello from Docker!SUCCESS ctr run
[STDOUT  ] 2017-09-29T08:36:31.652937185Z: 
[STDOUT  ] 2017-09-29T08:36:31.653587619Z: This message shows that your installation appears to be working correctly.
[STDOUT  ] 2017-09-29T08:36:31.653762881Z: 
[STDOUT  ] 2017-09-29T08:36:31.654269624Z: To generate this message, Docker took the following steps:
[STDOUT  ] 2017-09-29T08:36:31.654741519Z:  1. The Docker client contacted the Docker daemon.
[STDOUT  ] 2017-09-29T08:36:31.655252404Z:  2. The Docker daemon pulled the "hello-world" image from the Docker Hub.
[STDOUT  ] 2017-09-29T08:36:31.655868978Z:  3. The Docker daemon created a new container from that image which runs the
[STDOUT  ] 2017-09-29T08:36:31.6563255Z:     executable that produces the output you are currently reading.
[STDOUT  ] 2017-09-29T08:36:31.656914711Z:  4. The Docker daemon streamed that output to the Docker client, which sent it
[STDOUT  ] 2017-09-29T08:36:31.657058413Z:     to your terminal.
[STDOUT  ] 2017-09-29T08:36:31.657210775Z: 
[STDOUT  ] 2017-09-29T08:36:31.657635271Z: To try something more ambitious, you can run an Ubuntu container with:
[STDOUT  ] 2017-09-29T08:36:31.657930354Z:  $ docker run -it ubuntu bash
[STDOUT  ] 2017-09-29T08:36:31.658093517Z: 
[STDOUT  ] 2017-09-29T08:36:31.658537543Z: Share images, automate workflows, and more with a free Docker ID:
[STDOUT  ] 2017-09-29T08:36:31.65892387Z:  https://cloud.docker.com/
[STDOUT  ] 2017-09-29T08:36:31.658985848Z: 
[STDOUT  ] 2017-09-29T08:36:31.659351222Z: For more examples and ideas, visit:
[STDOUT  ] 2017-09-29T08:36:31.65974546Z:  https://docs.docker.com/engine/userguide/
[STDOUT  ] 2017-09-29T08:36:31.69686699Z: 
[STDOUT  ] 2017-09-29T08:36:33.094145226Z: ^C[31mERRO[0m[0005] resize pty                                    [31merror[0m="cannot resize a stopped container: unknown"
[STDOUT  ] 2017-09-29T08:36:34.31466146Z: (ns: getty) linuxkit-d6dfe82a5b09:~# [6npoweroff -f
[STDOUT  ] 2017-09-29T08:36:34.368859452Z: [   46.307939] ACPI: Preparing to enter system sleep state S5
[STDOUT  ] 2017-09-29T08:36:34.374033762Z: [   46.314121] reboot: Power down
[STDOUT  ] 2017-09-29T08:36:34.374093616Z: SUCCESS poweroff
[STDERR  ] 2017-09-29T08:36:34.785601872Z: + exit 0
[STDERR  ] 2017-09-29T08:36:34.785663478Z: + clean_up
[STDERR  ] 2017-09-29T08:36:34.78578576Z: + rm -rf test-ctr-cmdline test-ctr-initrd.img test-ctr-kernel test-ctr-state
[PASS    ] linuxkit.packages.getty-containerd 75.22s
