[INFO    ] 2017-07-21T16:22:23.478812249Z: Running Test linuxkit.kernel.kmod_4.9.x in /tmp/build/test/cases/020_kernel/010_kmod_4.9.x
[INFO    ] 2017-07-21T16:22:23.478916435Z: Running command: [/bin/sh -x /tmp/build/test/cases/020_kernel/010_kmod_4.9.x/test.sh]
[STDERR  ] 2017-07-21T16:22:23.491246437Z: + set -e
[STDERR  ] 2017-07-21T16:22:23.491336423Z: + . /tmp/build/test/cases/_lib/lib.sh
[STDERR  ] 2017-07-21T16:22:23.491343536Z: + [ -f src/github.com/linuxkit/rtf/lib/lib.sh ]
[STDERR  ] 2017-07-21T16:22:23.491349447Z: + LINUXKIT_TMPDIR=/tmp/build/test/cases/_tmp
[STDERR  ] 2017-07-21T16:22:23.491355292Z: + [ -f /tmp/build/test/cases/_tmp/env.sh ]
[STDERR  ] 2017-07-21T16:22:23.491361014Z: + . /tmp/build/test/cases/_tmp/env.sh
[STDERR  ] 2017-07-21T16:22:23.491372774Z: + export LINUXKIT_EXAMPLES_DIR=/tmp/build/test/cases/../../examples
[STDERR  ] 2017-07-21T16:22:23.491394096Z: + export LINUXKIT_BLUEPRINTS_DIR=/tmp/build/test/cases/../../blueprints
[STDERR  ] 2017-07-21T16:22:23.491406702Z: + RT_CANCEL=253
[STDERR  ] 2017-07-21T16:22:23.491416153Z: + IMAGE_NAME=kmod-test
[STDERR  ] 2017-07-21T16:22:23.491425549Z: + trap clean_up EXIT
[STDERR  ] 2017-07-21T16:22:23.49143467Z: + docker pull linuxkit/kernel:4.9.38
[STDOUT  ] 2017-07-21T16:22:24.616060584Z: 4.9.38: Pulling from linuxkit/kernel
[STDOUT  ] 2017-07-21T16:22:24.616265678Z: Digest: sha256:bac72b069e1e48061fc1342dfc0f8342a63403a7e5adddd84ae50279fdd98057
[STDOUT  ] 2017-07-21T16:22:24.616288225Z: Status: Image is up to date for linuxkit/kernel:4.9.38
[STDERR  ] 2017-07-21T16:22:24.617469583Z: + docker build -t kmod-test .
[STDOUT  ] 2017-07-21T16:22:24.686537628Z: Sending build context to Docker daemon  8.704kB
[STDOUT  ] 2017-07-21T16:22:24.788063806Z: Step 1/11 : FROM linuxkit/kernel:4.9.38 AS ksrc
[STDOUT  ] 2017-07-21T16:22:24.824437126Z:  ---> e6021f9ed490
[STDOUT  ] 2017-07-21T16:22:24.824510863Z: Step 2/11 : FROM linuxkit/kernel-compile:1b396c221af673757703258159ddc8539843b02b@sha256:6b32d205bfc6407568324337b707d195d027328dbfec554428ea93e7b0a8299b AS build
[STDOUT  ] 2017-07-21T16:22:25.95988294Z: 1b396c221af673757703258159ddc8539843b02b: Pulling from linuxkit/kernel-compile
[STDOUT  ] 2017-07-21T16:22:25.960072165Z: 627beaf3eaaf: Already exists
[STDOUT  ] 2017-07-21T16:22:25.96738867Z: 26dc4067def6: Pulling fs layer
[STDOUT  ] 2017-07-21T16:22:29.342591501Z: 26dc4067def6: Verifying Checksum
[STDOUT  ] 2017-07-21T16:22:29.342645271Z: 26dc4067def6: Download complete
[STDOUT  ] 2017-07-21T16:22:35.443440346Z: 26dc4067def6: Pull complete
[STDOUT  ] 2017-07-21T16:22:35.452391093Z: Digest: sha256:6b32d205bfc6407568324337b707d195d027328dbfec554428ea93e7b0a8299b
[STDOUT  ] 2017-07-21T16:22:35.455495475Z: Status: Downloaded newer image for linuxkit/kernel-compile:1b396c221af673757703258159ddc8539843b02b@sha256:6b32d205bfc6407568324337b707d195d027328dbfec554428ea93e7b0a8299b
[STDOUT  ] 2017-07-21T16:22:35.456066186Z:  ---> 261c60c4eb02
[STDOUT  ] 2017-07-21T16:22:35.456147282Z: Step 3/11 : COPY --from=ksrc /kernel-dev.tar /
[STDOUT  ] 2017-07-21T16:22:37.188952553Z:  ---> aef943581901
[STDOUT  ] 2017-07-21T16:22:37.206746018Z: Removing intermediate container 6d65c7477c30
[STDOUT  ] 2017-07-21T16:22:37.206809646Z: Step 4/11 : RUN tar xf kernel-dev.tar
[STDOUT  ] 2017-07-21T16:22:37.277834963Z:  ---> Running in 3156db3fa923
[STDOUT  ] 2017-07-21T16:22:42.991235197Z:  ---> 9300743f0c53
[STDOUT  ] 2017-07-21T16:22:43.645630265Z: Removing intermediate container 3156db3fa923
[STDOUT  ] 2017-07-21T16:22:43.645689092Z: Step 5/11 : WORKDIR /kmod
[STDOUT  ] 2017-07-21T16:22:43.933214028Z:  ---> af390df780bb
[STDOUT  ] 2017-07-21T16:22:43.939624977Z: Removing intermediate container 162c7eee2a36
[STDOUT  ] 2017-07-21T16:22:43.939678444Z: Step 6/11 : COPY ./src/* ./
[STDOUT  ] 2017-07-21T16:22:44.509566312Z:  ---> 1e8a12e629d3
[STDOUT  ] 2017-07-21T16:22:44.515717175Z: Removing intermediate container 94a71fe22bde
[STDOUT  ] 2017-07-21T16:22:44.515768738Z: Step 7/11 : RUN make all
[STDOUT  ] 2017-07-21T16:22:44.586769112Z:  ---> Running in d1a62fc83167
[STDOUT  ] 2017-07-21T16:22:44.880945895Z: make -C /usr/src/linux-headers-4.9.38-linuxkit M=/kmod modules
[STDOUT  ] 2017-07-21T16:22:44.881030497Z: make[1]: Entering directory '/usr/src/linux-headers-4.9.38-linuxkit'
[STDOUT  ] 2017-07-21T16:22:45.655431698Z:   CC [M]  /kmod/hello_world.o
[STDOUT  ] 2017-07-21T16:22:45.84047174Z:   Building modules, stage 2.
[STDOUT  ] 2017-07-21T16:22:45.848513582Z:   MODPOST 1 modules
[STDOUT  ] 2017-07-21T16:22:45.860248833Z:   CC      /kmod/hello_world.mod.o
[STDOUT  ] 2017-07-21T16:22:46.02825702Z:   LD [M]  /kmod/hello_world.ko
[STDOUT  ] 2017-07-21T16:22:46.031498595Z: make[1]: Leaving directory '/usr/src/linux-headers-4.9.38-linuxkit'
[STDOUT  ] 2017-07-21T16:22:46.501388862Z:  ---> 73621936f47c
[STDOUT  ] 2017-07-21T16:22:46.508526011Z: Removing intermediate container d1a62fc83167
[STDOUT  ] 2017-07-21T16:22:46.508588135Z: Step 8/11 : FROM alpine:3.5
[STDOUT  ] 2017-07-21T16:22:47.595573387Z: 3.5: Pulling from library/alpine
[STDOUT  ] 2017-07-21T16:22:47.595632066Z: 019300c8a437: Already exists
[STDOUT  ] 2017-07-21T16:22:48.06283507Z: Digest: sha256:af2a5bd2f8de8fc1ecabf1c76611cdc6a5f1ada1a2bdd7d3816e121b70300308
[STDOUT  ] 2017-07-21T16:22:48.069968369Z: Status: Downloaded newer image for alpine:3.5
[STDOUT  ] 2017-07-21T16:22:48.070427963Z:  ---> 074d602a59d7
[STDOUT  ] 2017-07-21T16:22:48.070520745Z: Step 9/11 : COPY --from=build /kmod/hello_world.ko /
[STDOUT  ] 2017-07-21T16:22:49.832895638Z:  ---> 65f38871cee8
[STDOUT  ] 2017-07-21T16:22:49.838510353Z: Removing intermediate container 75a70df84167
[STDOUT  ] 2017-07-21T16:22:49.838557485Z: Step 10/11 : COPY check.sh /check.sh
[STDOUT  ] 2017-07-21T16:22:50.201039632Z:  ---> 929472624a91
[STDOUT  ] 2017-07-21T16:22:50.210751353Z: Removing intermediate container a13412707d80
[STDOUT  ] 2017-07-21T16:22:50.210816067Z: Step 11/11 : ENTRYPOINT /bin/sh /check.sh
[STDOUT  ] 2017-07-21T16:22:50.277470639Z:  ---> Running in 200ba01e9018
[STDOUT  ] 2017-07-21T16:22:50.401952609Z:  ---> 010f5a550b54
[STDOUT  ] 2017-07-21T16:22:50.40747391Z: Removing intermediate container 200ba01e9018
[STDOUT  ] 2017-07-21T16:22:50.407509409Z: Successfully built 010f5a550b54
[STDOUT  ] 2017-07-21T16:22:50.411049749Z: Successfully tagged kmod-test:latest
[STDERR  ] 2017-07-21T16:22:50.443764534Z: + moby build -output kernel+initrd kmod.yml
[STDERR  ] 2017-07-21T16:22:50.454340485Z: Extract kernel image: linuxkit/kernel:4.9.38
[STDERR  ] 2017-07-21T16:22:52.128819786Z: Add init containers:
[STDERR  ] 2017-07-21T16:22:52.128884514Z: Process init image: linuxkit/init:d049e7b2074da5cd699a27defb47eb101142455d
[STDERR  ] 2017-07-21T16:22:53.331119278Z: Process init image: linuxkit/runc:d5cbeb95bdafedb82ad2cf11cff1a5da7fcae630
[STDERR  ] 2017-07-21T16:22:54.527113933Z: Add onboot containers:
[STDERR  ] 2017-07-21T16:22:54.527190895Z:   Create OCI config for kmod-test
[STDERR  ] 2017-07-21T16:22:54.663313864Z:   Create OCI config for linuxkit/poweroff:bce51402e293da0b653923a43c3c7be6e0effa05
[STDERR  ] 2017-07-21T16:22:55.88540232Z: Create outputs:
[STDERR  ] 2017-07-21T16:22:58.936849389Z:   kmod-kernel kmod-initrd.img kmod-cmdline
[STDERR  ] 2017-07-21T16:22:58.972386143Z: + linuxkit run kmod
[STDERR  ] 2017-07-21T16:22:58.990337222Z: Unable to find qemu-system-x86_64 within the $PATH. Using a container
[STDERR  ] 2017-07-21T16:23:17.936038836Z: + RESULT=[    0.000000] Linux version 4.9.38-linuxkit (root@e1ede117fb1e) (gcc version 6.3.0 (Alpine 6.3.0) ) #1 SMP Thu Jul 20 16:07:02 UTC 2017
[STDERR  ] 2017-07-21T16:23:17.936116569Z: [    0.000000] Command line: console=ttyS0
[STDERR  ] 2017-07-21T16:23:17.936129454Z: [    0.000000] x86/fpu: Legacy x87 FPU detected.
[STDERR  ] 2017-07-21T16:23:17.936140374Z: [    0.000000] x86/fpu: Using 'eager' FPU context switches.
[STDERR  ] 2017-07-21T16:23:17.936151352Z: [    0.000000] e820: BIOS-provided physical RAM map:
[STDERR  ] 2017-07-21T16:23:17.936167327Z: [    0.000000] BIOS-e820: [mem 0x0000000000000000-0x000000000009fbff] usable
[STDERR  ] 2017-07-21T16:23:17.936179415Z: [    0.000000] BIOS-e820: [mem 0x000000000009fc00-0x000000000009ffff] reserved
[STDERR  ] 2017-07-21T16:23:17.936203922Z: [    0.000000] BIOS-e820: [mem 0x00000000000f0000-0x00000000000fffff] reserved
[STDERR  ] 2017-07-21T16:23:17.936215872Z: [    0.000000] BIOS-e820: [mem 0x0000000000100000-0x000000003ffdefff] usable
[STDERR  ] 2017-07-21T16:23:17.936226072Z: [    0.000000] BIOS-e820: [mem 0x000000003ffdf000-0x000000003fffffff] reserved
[STDERR  ] 2017-07-21T16:23:17.936236055Z: [    0.000000] BIOS-e820: [mem 0x00000000b0000000-0x00000000bfffffff] reserved
[STDERR  ] 2017-07-21T16:23:17.936245822Z: [    0.000000] BIOS-e820: [mem 0x00000000fed1c000-0x00000000fed1ffff] reserved
[STDERR  ] 2017-07-21T16:23:17.936255325Z: [    0.000000] BIOS-e820: [mem 0x00000000fffc0000-0x00000000ffffffff] reserved
[STDERR  ] 2017-07-21T16:23:17.936266657Z: [    0.000000] NX (Execute Disable) protection: active
[STDERR  ] 2017-07-21T16:23:17.936277482Z: [    0.000000] SMBIOS 2.8 present.
[STDERR  ] 2017-07-21T16:23:17.936287997Z: [    0.000000] e820: last_pfn = 0x3ffdf max_arch_pfn = 0x400000000
[STDERR  ] 2017-07-21T16:23:17.936297562Z: [    0.000000] x86/PAT: Configuration [0-7]: WB  WC  UC- UC  WB  WC  UC- WT  
[STDERR  ] 2017-07-21T16:23:17.936307412Z: [    0.000000] found SMP MP-table at [mem 0x000f6aa0-0x000f6aaf] mapped at [ffff89c2000f6aa0]
[STDERR  ] 2017-07-21T16:23:17.936325215Z: [    0.000000] RAMDISK: [mem 0x3ee9d000-0x3ffcffff]
[STDERR  ] 2017-07-21T16:23:17.936335735Z: [    0.000000] ACPI: Early table checksum verification disabled
[STDERR  ] 2017-07-21T16:23:17.936345235Z: [    0.000000] ACPI: RSDP 0x00000000000F68C0 000014 (v00 BOCHS )
[STDERR  ] 2017-07-21T16:23:17.936354672Z: [    0.000000] ACPI: RSDT 0x000000003FFE2404 000034 (v01 BOCHS  BXPCRSDT 00000001 BXPC 00000001)
[STDERR  ] 2017-07-21T16:23:17.936372197Z: [    0.000000] ACPI: FACP 0x000000003FFE22A4 000074 (v01 BOCHS  BXPCFACP 00000001 BXPC 00000001)
[STDERR  ] 2017-07-21T16:23:17.936382799Z: [    0.000000] ACPI: DSDT 0x000000003FFE0040 002264 (v01 BOCHS  BXPCDSDT 00000001 BXPC 00000001)
[STDERR  ] 2017-07-21T16:23:17.936391802Z: [    0.000000] ACPI: FACS 0x000000003FFE0000 000040
[STDERR  ] 2017-07-21T16:23:17.936400459Z: [    0.000000] ACPI: APIC 0x000000003FFE2318 000078 (v01 BOCHS  BXPCAPIC 00000001 BXPC 00000001)
[STDERR  ] 2017-07-21T16:23:17.936410452Z: [    0.000000] ACPI: HPET 0x000000003FFE2390 000038 (v01 BOCHS  BXPCHPET 00000001 BXPC 00000001)
[STDERR  ] 2017-07-21T16:23:17.936419684Z: [    0.000000] ACPI: MCFG 0x000000003FFE23C8 00003C (v01 BOCHS  BXPCMCFG 00000001 BXPC 00000001)
[STDERR  ] 2017-07-21T16:23:17.936428544Z: [    0.000000] Zone ranges:
[STDERR  ] 2017-07-21T16:23:17.936440012Z: [    0.000000]   DMA      [mem 0x0000000000001000-0x0000000000ffffff]
[STDERR  ] 2017-07-21T16:23:17.93645141Z: [    0.000000]   DMA32    [mem 0x0000000001000000-0x000000003ffdefff]
[STDERR  ] 2017-07-21T16:23:17.936460212Z: [    0.000000]   Normal   empty
[STDERR  ] 2017-07-21T16:23:17.936469704Z: [    0.000000] Movable zone start for each node
[STDERR  ] 2017-07-21T16:23:17.936478857Z: [    0.000000] Early memory node ranges
[STDERR  ] 2017-07-21T16:23:17.93648787Z: [    0.000000]   node   0: [mem 0x0000000000001000-0x000000000009efff]
[STDERR  ] 2017-07-21T16:23:17.936497164Z: [    0.000000]   node   0: [mem 0x0000000000100000-0x000000003ffdefff]
[STDERR  ] 2017-07-21T16:23:17.936506825Z: [    0.000000] Initmem setup node 0 [mem 0x0000000000001000-0x000000003ffdefff]
[STDERR  ] 2017-07-21T16:23:17.936516344Z: [    0.000000] ACPI: PM-Timer IO Port: 0x608
[STDERR  ] 2017-07-21T16:23:17.936525905Z: [    0.000000] ACPI: LAPIC_NMI (acpi_id[0xff] dfl dfl lint[0x1])
[STDERR  ] 2017-07-21T16:23:17.936537462Z: [    0.000000] IOAPIC[0]: apic_id 0, version 32, address 0xfec00000, GSI 0-23
[STDERR  ] 2017-07-21T16:23:17.936547363Z: [    0.000000] ACPI: INT_SRC_OVR (bus 0 bus_irq 0 global_irq 2 dfl dfl)
[STDERR  ] 2017-07-21T16:23:17.936556938Z: [    0.000000] ACPI: INT_SRC_OVR (bus 0 bus_irq 5 global_irq 5 high level)
[STDERR  ] 2017-07-21T16:23:17.93657063Z: [    0.000000] ACPI: INT_SRC_OVR (bus 0 bus_irq 9 global_irq 9 high level)
[STDERR  ] 2017-07-21T16:23:17.936586906Z: [    0.000000] ACPI: INT_SRC_OVR (bus 0 bus_irq 10 global_irq 10 high level)
[STDERR  ] 2017-07-21T16:23:17.936597353Z: [    0.000000] ACPI: INT_SRC_OVR (bus 0 bus_irq 11 global_irq 11 high level)
[STDERR  ] 2017-07-21T16:23:17.936606596Z: [    0.000000] Using ACPI (MADT) for SMP configuration information
[STDERR  ] 2017-07-21T16:23:17.936616456Z: [    0.000000] ACPI: HPET id: 0x8086a201 base: 0xfed00000
[STDERR  ] 2017-07-21T16:23:17.936627246Z: [    0.000000] smpboot: Allowing 1 CPUs, 0 hotplug CPUs
[STDERR  ] 2017-07-21T16:23:17.936636641Z: [    0.000000] e820: [mem 0x40000000-0xafffffff] available for PCI devices
[STDERR  ] 2017-07-21T16:23:17.93664612Z: [    0.000000] Booting paravirtualized kernel on bare hardware
[STDERR  ] 2017-07-21T16:23:17.936656338Z: [    0.000000] clocksource: refined-jiffies: mask: 0xffffffff max_cycles: 0xffffffff, max_idle_ns: 19112604462750000 ns
[STDERR  ] 2017-07-21T16:23:17.936668625Z: [    0.000000] setup_percpu: NR_CPUS:128 nr_cpumask_bits:128 nr_cpu_ids:1 nr_node_ids:1
[STDERR  ] 2017-07-21T16:23:17.936678075Z: [    0.000000] percpu: Embedded 35 pages/cpu @ffff89c23ec00000 s105176 r8192 d29992 u2097152
[STDERR  ] 2017-07-21T16:23:17.936686623Z: [    0.000000] Built 1 zonelists in Zone order, mobility grouping on.  Total pages: 257896
[STDERR  ] 2017-07-21T16:23:17.936695093Z: [    0.000000] Kernel command line: console=ttyS0
[STDERR  ] 2017-07-21T16:23:17.93670367Z: [    0.000000] PID hash table entries: 4096 (order: 3, 32768 bytes)
[STDERR  ] 2017-07-21T16:23:17.936715805Z: [    0.000000] Dentry cache hash table entries: 131072 (order: 8, 1048576 bytes)
[STDERR  ] 2017-07-21T16:23:17.936726173Z: [    0.000000] Inode-cache hash table entries: 65536 (order: 7, 524288 bytes)
[STDERR  ] 2017-07-21T16:23:17.936742803Z: [    0.000000] Memory: 996560K/1048052K available (8026K kernel code, 1366K rwdata, 2696K rodata, 1380K init, 568K bss, 51492K reserved, 0K cma-reserved)
[STDERR  ] 2017-07-21T16:23:17.93675732Z: [    0.000000] Hierarchical RCU implementation.
[STDERR  ] 2017-07-21T16:23:17.936766626Z: [    0.000000] 	Build-time adjustment of leaf fanout to 64.
[STDERR  ] 2017-07-21T16:23:17.936775883Z: [    0.000000] 	RCU restricting CPUs from NR_CPUS=128 to nr_cpu_ids=1.
[STDERR  ] 2017-07-21T16:23:17.936786113Z: [    0.000000] RCU: Adjusting geometry for rcu_fanout_leaf=64, nr_cpu_ids=1
[STDERR  ] 2017-07-21T16:23:17.93680142Z: [    0.000000] NR_IRQS:8448 nr_irqs:256 16
[STDERR  ] 2017-07-21T16:23:17.936813913Z: [    0.000000] Console: colour VGA+ 80x25
[STDERR  ] 2017-07-21T16:23:17.936823703Z: [    0.000000] console [ttyS0] enabled
[STDERR  ] 2017-07-21T16:23:17.936832858Z: [    0.000000] clocksource: hpet: mask: 0xffffffff max_cycles: 0xffffffff, max_idle_ns: 19112604467 ns
[STDERR  ] 2017-07-21T16:23:17.936842753Z: [    0.000000] tsc: Fast TSC calibration using PIT
[STDERR  ] 2017-07-21T16:23:17.936852186Z: [    0.000000] tsc: Detected 2599.997 MHz processor
[STDERR  ] 2017-07-21T16:23:17.936861346Z: [    0.032416] Calibrating delay loop (skipped), value calculated using timer frequency.. 5199.99 BogoMIPS (lpj=25999970)
[STDERR  ] 2017-07-21T16:23:17.936872838Z: [    0.033681] pid_max: default: 32768 minimum: 301
[STDERR  ] 2017-07-21T16:23:17.936882168Z: [    0.034825] ACPI: Core revision 20160831
[STDERR  ] 2017-07-21T16:23:17.93689096Z: [    0.077653] ACPI: 1 ACPI AML tables successfully acquired and loaded
[STDERR  ] 2017-07-21T16:23:17.936899686Z: [    0.082823] Security Framework initialized
[STDERR  ] 2017-07-21T16:23:17.936908873Z: [    0.083298] Yama: becoming mindful.
[STDERR  ] 2017-07-21T16:23:17.93691799Z: [    0.085878] Mount-cache hash table entries: 2048 (order: 2, 16384 bytes)
[STDERR  ] 2017-07-21T16:23:17.936926488Z: [    0.086469] Mountpoint-cache hash table entries: 2048 (order: 2, 16384 bytes)
[STDERR  ] 2017-07-21T16:23:17.936935903Z: [    0.105730] Last level iTLB entries: 4KB 0, 2MB 0, 4MB 0
[STDERR  ] 2017-07-21T16:23:17.936945711Z: [    0.106244] Last level dTLB entries: 4KB 0, 2MB 0, 4MB 0, 1GB 0
[STDERR  ] 2017-07-21T16:23:17.936954913Z: [    0.406761] Freeing SMP alternatives memory: 20K (ffffffffbbeb0000 - ffffffffbbeb5000)
[STDERR  ] 2017-07-21T16:23:17.936969108Z: [    0.417519] ftrace: allocating 35489 entries in 139 pages
[STDERR  ] 2017-07-21T16:23:17.936978801Z: [    0.579315] smpboot: Max logical packages: 1
[STDERR  ] 2017-07-21T16:23:17.936990065Z: [    0.586553] ..TIMER: vector=0x30 apic1=0 pin1=2 apic2=-1 pin2=-1
[STDERR  ] 2017-07-21T16:23:17.936999968Z: [    0.690000] smpboot: CPU0: AMD QEMU Virtual CPU version 2.5+ (family: 0x6, model: 0x6, stepping: 0x3)
[STDERR  ] 2017-07-21T16:23:17.93701192Z: [    0.690000] Performance Events: PMU not available due to virtualization, using software events only.
[STDERR  ] 2017-07-21T16:23:17.937022653Z: [    0.699442] NMI watchdog: disabled (cpu0): hardware events not enabled
[STDERR  ] 2017-07-21T16:23:17.937031675Z: [    0.700115] NMI watchdog: Shutting down hard lockup detector on all cpus
[STDERR  ] 2017-07-21T16:23:17.937040476Z: [    0.704193] x86: Booted up 1 node, 1 CPUs
[STDERR  ] 2017-07-21T16:23:17.937050177Z: [    0.704684] smpboot: Total of 1 processors activated (5199.99 BogoMIPS)
[STDERR  ] 2017-07-21T16:23:17.937060511Z: [    0.719164] devtmpfs: initialized
[STDERR  ] 2017-07-21T16:23:17.937077879Z: [    0.724924] x86/mm: Memory block size: 128MB
[STDERR  ] 2017-07-21T16:23:17.937087661Z: [    0.785572] clocksource: jiffies: mask: 0xffffffff max_cycles: 0xffffffff, max_idle_ns: 19112604462750000 ns
[STDERR  ] 2017-07-21T16:23:17.937097204Z: [    0.786571] futex hash table entries: 256 (order: 2, 16384 bytes)
[STDERR  ] 2017-07-21T16:23:17.937108339Z: [    0.797270] NET: Registered protocol family 16
[STDERR  ] 2017-07-21T16:23:17.937123509Z: [    0.806921] cpuidle: using governor ladder
[STDERR  ] 2017-07-21T16:23:17.937132954Z: [    0.807438] cpuidle: using governor menu
[STDERR  ] 2017-07-21T16:23:17.937141774Z: [    0.809094] ACPI: bus type PCI registered
[STDERR  ] 2017-07-21T16:23:17.937150441Z: [    0.813084] PCI: MMCONFIG for domain 0000 [bus 00-ff] at [mem 0xb0000000-0xbfffffff] (base 0xb0000000)
[STDERR  ] 2017-07-21T16:23:17.937160714Z: [    0.813957] PCI: MMCONFIG at [mem 0xb0000000-0xbfffffff] reserved in E820
[STDERR  ] 2017-07-21T16:23:17.937172936Z: [    0.815473] PCI: Using configuration type 1 for base access
[STDERR  ] 2017-07-21T16:23:17.937182874Z: [    0.872680] HugeTLB registered 2 MB page size, pre-allocated 0 pages
[STDERR  ] 2017-07-21T16:23:17.937191709Z: [    0.885209] ACPI: Added _OSI(Module Device)
[STDERR  ] 2017-07-21T16:23:17.937201447Z: [    0.885562] ACPI: Added _OSI(Processor Device)
[STDERR  ] 2017-07-21T16:23:17.937210384Z: [    0.885867] ACPI: Added _OSI(3.0 _SCP Extensions)
[STDERR  ] 2017-07-21T16:23:17.937219624Z: [    0.886173] ACPI: Added _OSI(Processor Aggregator Device)
[STDERR  ] 2017-07-21T16:23:17.937228954Z: [    0.959130] ACPI: Interpreter enabled
[STDERR  ] 2017-07-21T16:23:17.937239814Z: [    0.960728] ACPI: (supports S0 S5)
[STDERR  ] 2017-07-21T16:23:17.937249424Z: [    0.961083] ACPI: Using IOAPIC for interrupt routing
[STDERR  ] 2017-07-21T16:23:17.937258361Z: [    0.963874] PCI: Using host bridge windows from ACPI; if necessary, use "pci=nocrs" and report a bug
[STDERR  ] 2017-07-21T16:23:17.937268344Z: [    1.029473] ACPI: PCI Root Bridge [PCI0] (domain 0000 [bus 00-ff])
[STDERR  ] 2017-07-21T16:23:17.937277799Z: [    1.030779] acpi PNP0A08:00: _OSC: OS supports [ExtendedConfig ASPM ClockPM Segments MSI]
[STDERR  ] 2017-07-21T16:23:17.937286706Z: [    1.038039] acpi PNP0A08:00: _OSC: OS now controls [PCIeHotplug PME PCIeCapability]
[STDERR  ] 2017-07-21T16:23:17.937294221Z: [    1.042253] PCI host bridge to bus 0000:00
[STDERR  ] 2017-07-21T16:23:17.937300174Z: [    1.042796] pci_bus 0000:00: root bus resource [io  0x0000-0x0cf7 window]
[STDERR  ] 2017-07-21T16:23:17.937306092Z: [    1.043257] pci_bus 0000:00: root bus resource [io  0x0d00-0xffff window]
[STDERR  ] 2017-07-21T16:23:17.937313831Z: [    1.043706] pci_bus 0000:00: root bus resource [mem 0x000a0000-0x000bffff window]
[STDERR  ] 2017-07-21T16:23:17.937319854Z: [    1.044141] pci_bus 0000:00: root bus resource [mem 0xc0000000-0xfebfffff window]
[STDERR  ] 2017-07-21T16:23:17.937330404Z: [    1.044794] pci_bus 0000:00: root bus resource [bus 00-ff]
[STDERR  ] 2017-07-21T16:23:17.937336439Z: [    1.136267] pci 0000:00:1f.0: quirk: [io  0x0600-0x067f] claimed by ICH6 ACPI/GPIO/TCO
[STDERR  ] 2017-07-21T16:23:17.937342377Z: [    1.195849] ACPI: PCI Interrupt Link [LNKA] (IRQs 5 *10 11)
[STDERR  ] 2017-07-21T16:23:17.937348279Z: [    1.200206] ACPI: PCI Interrupt Link [LNKB] (IRQs 5 *10 11)
[STDERR  ] 2017-07-21T16:23:17.937354087Z: [    1.202239] ACPI: PCI Interrupt Link [LNKC] (IRQs 5 10 *11)
[STDERR  ] 2017-07-21T16:23:17.937361286Z: [    1.204198] ACPI: PCI Interrupt Link [LNKD] (IRQs 5 10 *11)
[STDERR  ] 2017-07-21T16:23:17.937367614Z: [    1.206083] ACPI: PCI Interrupt Link [LNKE] (IRQs 5 *10 11)
[STDERR  ] 2017-07-21T16:23:17.937373524Z: [    1.208034] ACPI: PCI Interrupt Link [LNKF] (IRQs 5 *10 11)
[STDERR  ] 2017-07-21T16:23:17.937378979Z: [    1.210265] ACPI: PCI Interrupt Link [LNKG] (IRQs 5 10 *11)
[STDERR  ] 2017-07-21T16:23:17.937385271Z: [    1.212868] ACPI: PCI Interrupt Link [LNKH] (IRQs 5 10 *11)
[STDERR  ] 2017-07-21T16:23:17.937391381Z: [    1.213887] ACPI: PCI Interrupt Link [GSIA] (IRQs *16)
[STDERR  ] 2017-07-21T16:23:17.937397046Z: [    1.214691] ACPI: PCI Interrupt Link [GSIB] (IRQs *17)
[STDERR  ] 2017-07-21T16:23:17.937402557Z: [    1.215511] ACPI: PCI Interrupt Link [GSIC] (IRQs *18)
[STDERR  ] 2017-07-21T16:23:17.937407921Z: [    1.216320] ACPI: PCI Interrupt Link [GSID] (IRQs *19)
[STDERR  ] 2017-07-21T16:23:17.937413374Z: [    1.217106] ACPI: PCI Interrupt Link [GSIE] (IRQs *20)
[STDERR  ] 2017-07-21T16:23:17.937422674Z: [    1.217908] ACPI: PCI Interrupt Link [GSIF] (IRQs *21)
[STDERR  ] 2017-07-21T16:23:17.937428351Z: [    1.218647] ACPI: PCI Interrupt Link [GSIG] (IRQs *22)
[STDERR  ] 2017-07-21T16:23:17.937433924Z: [    1.219462] ACPI: PCI Interrupt Link [GSIH] (IRQs *23)
[STDERR  ] 2017-07-21T16:23:17.937439572Z: [    1.223446] ACPI: Enabled 2 GPEs in block 00 to 3F
[STDERR  ] 2017-07-21T16:23:17.937445964Z: [    1.227975] SCSI subsystem initialized
[STDERR  ] 2017-07-21T16:23:17.937451826Z: [    1.230386] ACPI: bus type USB registered
[STDERR  ] 2017-07-21T16:23:17.937457589Z: [    1.232222] usbcore: registered new interface driver usbfs
[STDERR  ] 2017-07-21T16:23:17.937463647Z: [    1.233451] usbcore: registered new interface driver hub
[STDERR  ] 2017-07-21T16:23:17.937469154Z: [    1.234574] usbcore: registered new device driver usb
[STDERR  ] 2017-07-21T16:23:17.937475929Z: [    1.235895] pps_core: LinuxPPS API ver. 1 registered
[STDERR  ] 2017-07-21T16:23:17.937481641Z: [    1.236204] pps_core: Software ver. 5.3.6 - Copyright 2005-2007 Rodolfo Giometti <giometti@linux.it>
[STDERR  ] 2017-07-21T16:23:17.937488634Z: [    1.236910] PTP clock support registered
[STDERR  ] 2017-07-21T16:23:17.937494234Z: [    1.238206] wmi: Mapper loaded
[STDERR  ] 2017-07-21T16:23:17.937500161Z: [    1.239426] PCI: Using ACPI for IRQ routing
[STDERR  ] 2017-07-21T16:23:17.937505834Z: [    1.258675] NetLabel: Initializing
[STDERR  ] 2017-07-21T16:23:17.937511894Z: [    1.258908] NetLabel:  domain hash size = 128
[STDERR  ] 2017-07-21T16:23:17.937517284Z: [    1.259322] NetLabel:  protocols = UNLABELED CIPSOv4
[STDERR  ] 2017-07-21T16:23:17.937524341Z: [    1.262338] NetLabel:  unlabeled traffic allowed by default
[STDERR  ] 2017-07-21T16:23:17.937529755Z: [    1.263583] HPET: 3 timers in total, 0 timers will be used for per-cpu timer
[STDERR  ] 2017-07-21T16:23:17.937537152Z: [    1.264416] hpet0: at MMIO 0xfed00000, IRQs 2, 8, 0
[STDERR  ] 2017-07-21T16:23:17.937546198Z: [    1.264952] hpet0: 3 comparators, 64-bit 100.000000 MHz counter
[STDERR  ] 2017-07-21T16:23:17.937555857Z: [    1.271653] clocksource: Switched to clocksource hpet
[STDERR  ] 2017-07-21T16:23:17.937562095Z: [    1.536436] VFS: Disk quotas dquot_6.6.0
[STDERR  ] 2017-07-21T16:23:17.937569535Z: [    1.537282] VFS: Dquot-cache hash table entries: 512 (order 0, 4096 bytes)
[STDERR  ] 2017-07-21T16:23:17.937590085Z: [    1.541594] FS-Cache: Loaded
[STDERR  ] 2017-07-21T16:23:17.937598565Z: [    1.548378] CacheFiles: Loaded
[STDERR  ] 2017-07-21T16:23:17.937604555Z: [    1.550458] pnp: PnP ACPI init
[STDERR  ] 2017-07-21T16:23:17.937610653Z: [    1.562226] pnp: PnP ACPI: found 5 devices
[STDERR  ] 2017-07-21T16:23:17.937616532Z: [    1.613974] clocksource: acpi_pm: mask: 0xffffff max_cycles: 0xffffff, max_idle_ns: 2085701024 ns
[STDERR  ] 2017-07-21T16:23:17.937626772Z: [    1.618477] NET: Registered protocol family 2
[STDERR  ] 2017-07-21T16:23:17.93763296Z: [    1.626050] TCP established hash table entries: 8192 (order: 4, 65536 bytes)
[STDERR  ] 2017-07-21T16:23:17.937640735Z: [    1.626922] TCP bind hash table entries: 8192 (order: 5, 131072 bytes)
[STDERR  ] 2017-07-21T16:23:17.937648228Z: [    1.627679] TCP: Hash tables configured (established 8192 bind 8192)
[STDERR  ] 2017-07-21T16:23:17.937654205Z: [    1.629583] UDP hash table entries: 512 (order: 2, 16384 bytes)
[STDERR  ] 2017-07-21T16:23:17.93766206Z: [    1.630445] UDP-Lite hash table entries: 512 (order: 2, 16384 bytes)
[STDERR  ] 2017-07-21T16:23:17.937667812Z: [    1.632977] NET: Registered protocol family 1
[STDERR  ] 2017-07-21T16:23:17.937673405Z: [    1.633993] pci 0000:00:01.0: Video device with shadowed ROM at [mem 0x000c0000-0x000dffff]
[STDERR  ] 2017-07-21T16:23:17.937678978Z: [    1.642491] Unpacking initramfs...
[STDERR  ] 2017-07-21T16:23:17.937684715Z: [    4.026166] Freeing initrd memory: 17612K (ffff89c23ee9d000 - ffff89c23ffd0000)
[STDERR  ] 2017-07-21T16:23:17.937690093Z: [    4.051919] PCLMULQDQ-NI instructions are not detected.
[STDERR  ] 2017-07-21T16:23:17.937695787Z: [    4.053446] AVX or AES-NI instructions are not detected.
[STDERR  ] 2017-07-21T16:23:17.9377047Z: [    4.053917] CPU feature 'AVX registers' is not supported.
[STDERR  ] 2017-07-21T16:23:17.937710598Z: [    4.054371] CPU feature 'AVX registers' is not supported.
[STDERR  ] 2017-07-21T16:23:17.937716035Z: [    4.054808] CPU feature 'AVX registers' is not supported.
[STDERR  ] 2017-07-21T16:23:17.937721595Z: [    4.055220] CPU feature 'AVX registers' is not supported.
[STDERR  ] 2017-07-21T16:23:17.937727312Z: [    4.055627] AVX2 or AES-NI instructions are not detected.
[STDERR  ] 2017-07-21T16:23:17.937736215Z: [    4.056038] AVX2 instructions are not detected.
[STDERR  ] 2017-07-21T16:23:17.937742375Z: [    4.063014] audit: initializing netlink subsys (disabled)
[STDERR  ] 2017-07-21T16:23:17.937747817Z: [    4.064722] audit: type=2000 audit(1500654184.060:1): initialized
[STDERR  ] 2017-07-21T16:23:17.937753325Z: [    4.072687] workingset: timestamp_bits=46 max_order=18 bucket_order=0
[STDERR  ] 2017-07-21T16:23:17.937758965Z: [    4.079066] FS-Cache: Netfs 'cifs' registered for caching
[STDERR  ] 2017-07-21T16:23:17.93776449Z: [    4.081035] fuse init (API version 7.26)
[STDERR  ] 2017-07-21T16:23:17.937770322Z: [    4.083329] SGI XFS with ACLs, security attributes, no debug enabled
[STDERR  ] 2017-07-21T16:23:17.93777584Z: [    4.087690] 9p: Installing v9fs 9p2000 file system support
[STDERR  ] 2017-07-21T16:23:17.937781203Z: [    4.088266] FS-Cache: Netfs '9p' registered for caching
[STDERR  ] 2017-07-21T16:23:17.937787778Z: [    4.124324] NET: Registered protocol family 38
[STDERR  ] 2017-07-21T16:23:17.937793577Z: [    4.125125] Key type asymmetric registered
[STDERR  ] 2017-07-21T16:23:17.937798847Z: [    4.125625] Asymmetric key parser 'x509' registered
[STDERR  ] 2017-07-21T16:23:17.93780419Z: [    4.126715] Block layer SCSI generic (bsg) driver version 0.4 loaded (major 251)
[STDERR  ] 2017-07-21T16:23:17.937810275Z: [    4.128692] io scheduler noop registered
[STDERR  ] 2017-07-21T16:23:17.937821602Z: [    4.129046] io scheduler deadline registered (default)
[STDERR  ] 2017-07-21T16:23:17.93783034Z: [    4.129813] io scheduler cfq registered
[STDERR  ] 2017-07-21T16:23:17.937839563Z: [    4.134593] pci_hotplug: PCI Hot Plug PCI Core version: 0.5
[STDERR  ] 2017-07-21T16:23:17.93784821Z: [    4.135307] pciehp: PCI Express Hot Plug Controller Driver version: 0.4
[STDERR  ] 2017-07-21T16:23:17.937862932Z: [    4.136222] shpchp: Standard Hot Plug PCI Controller Driver version: 0.4
[STDERR  ] 2017-07-21T16:23:17.937871673Z: [    4.137138] hv_vmbus: registering driver hyperv_fb
[STDERR  ] 2017-07-21T16:23:17.937881337Z: [    4.141032] input: Power Button as /devices/LNXSYSTM:00/LNXPWRBN:00/input/input0
[STDERR  ] 2017-07-21T16:23:17.937890293Z: [    4.142229] ACPI: Power Button [PWRF]
[STDERR  ] 2017-07-21T16:23:17.937899922Z: [    4.147266] GHES: HEST is not enabled!
[STDERR  ] 2017-07-21T16:23:17.937908993Z: [    4.159353] ACPI: PCI Interrupt Link [GSIH] enabled at IRQ 23
[STDERR  ] 2017-07-21T16:23:17.937917983Z: [    4.165843] xenfs: not registering filesystem on non-xen platform
[STDERR  ] 2017-07-21T16:23:17.937926548Z: [    4.167996] Serial: 8250/16550 driver, 4 ports, IRQ sharing disabled
[STDERR  ] 2017-07-21T16:23:17.937936772Z: [    4.193279] 00:04: ttyS0 at I/O 0x3f8 (irq = 4, base_baud = 115200) is a 16550A
[STDERR  ] 2017-07-21T16:23:17.937946563Z: [    4.206298] Non-volatile memory driver v1.3
[STDERR  ] 2017-07-21T16:23:17.93795607Z: [    4.214599] Hangcheck: starting hangcheck timer 0.9.1 (tick is 180 seconds, margin is 60 seconds).
[STDERR  ] 2017-07-21T16:23:17.937966862Z: [    4.255672] loop: module loaded
[STDERR  ] 2017-07-21T16:23:17.937973312Z: [    4.272103] nbd: registered device at major 43
[STDERR  ] 2017-07-21T16:23:17.937980347Z: [    4.317431] lpc_ich 0000:00:1f.0: I/O space for GPIO uninitialized
[STDERR  ] 2017-07-21T16:23:17.93798623Z: [    4.319923] VMware PVSCSI driver - version 1.0.7.0-k
[STDERR  ] 2017-07-21T16:23:17.937992038Z: [    4.321481] hv_vmbus: registering driver hv_storvsc
[STDERR  ] 2017-07-21T16:23:17.938002327Z: [    4.332179] ACPI: PCI Interrupt Link [GSIA] enabled at IRQ 16
[STDERR  ] 2017-07-21T16:23:17.938007908Z: [    4.340390] ahci 0000:00:1f.2: AHCI 0001.0000 32 slots 6 ports 1.5 Gbps 0x3f impl SATA mode
[STDERR  ] 2017-07-21T16:23:17.938013658Z: [    4.341161] ahci 0000:00:1f.2: flags: 64bit ncq only 
[STDERR  ] 2017-07-21T16:23:17.938019042Z: [    4.361946] scsi host0: ahci
[STDERR  ] 2017-07-21T16:23:17.938024676Z: [    4.367701] scsi host1: ahci
[STDERR  ] 2017-07-21T16:23:17.938032354Z: [    4.370445] scsi host2: ahci
[STDERR  ] 2017-07-21T16:23:17.938038226Z: [    4.372900] scsi host3: ahci
[STDERR  ] 2017-07-21T16:23:17.938043914Z: [    4.375285] scsi host4: ahci
[STDERR  ] 2017-07-21T16:23:17.938049616Z: [    4.377618] scsi host5: ahci
[STDERR  ] 2017-07-21T16:23:17.938054984Z: [    4.379480] ata1: SATA max UDMA/133 abar m4096@0xfebf1000 port 0xfebf1100 irq 24
[STDERR  ] 2017-07-21T16:23:17.938060553Z: [    4.380400] ata2: SATA max UDMA/133 abar m4096@0xfebf1000 port 0xfebf1180 irq 24
[STDERR  ] 2017-07-21T16:23:17.938082681Z: [    4.380915] ata3: SATA max UDMA/133 abar m4096@0xfebf1000 port 0xfebf1200 irq 24
[STDERR  ] 2017-07-21T16:23:17.938089056Z: [    4.381413] ata4: SATA max UDMA/133 abar m4096@0xfebf1000 port 0xfebf1280 irq 24
[STDERR  ] 2017-07-21T16:23:17.938094483Z: [    4.381879] ata5: SATA max UDMA/133 abar m4096@0xfebf1000 port 0xfebf1300 irq 24
[STDERR  ] 2017-07-21T16:23:17.938099926Z: [    4.382384] ata6: SATA max UDMA/133 abar m4096@0xfebf1000 port 0xfebf1380 irq 24
[STDERR  ] 2017-07-21T16:23:17.938105291Z: [    4.396258] tun: Universal TUN/TAP device driver, 1.6
[STDERR  ] 2017-07-21T16:23:17.938110826Z: [    4.396686] tun: (C) 1999-2004 Max Krasnyansky <maxk@qualcomm.com>
[STDERR  ] 2017-07-21T16:23:17.938118294Z: [    4.398673] VMware vmxnet3 virtual NIC driver - version 1.4.a.0-k-NAPI
[STDERR  ] 2017-07-21T16:23:17.938123929Z: [    4.399744] hv_vmbus: registering driver hv_netvsc
[STDERR  ] 2017-07-21T16:23:17.938129586Z: [    4.400397] Fusion MPT base driver 3.04.20
[STDERR  ] 2017-07-21T16:23:17.938135434Z: [    4.400698] Copyright (c) 1999-2008 LSI Corporation
[STDERR  ] 2017-07-21T16:23:17.938144481Z: [    4.401456] Fusion MPT SPI Host driver 3.04.20
[STDERR  ] 2017-07-21T16:23:17.938150303Z: [    4.403589] i8042: PNP: PS/2 Controller [PNP0303:KBD,PNP0f13:MOU] at 0x60,0x64 irq 1,12
[STDERR  ] 2017-07-21T16:23:17.938159506Z: [    4.408076] serio: i8042 KBD port at 0x60,0x64 irq 1
[STDERR  ] 2017-07-21T16:23:17.938165351Z: [    4.408815] serio: i8042 AUX port at 0x60,0x64 irq 12
[STDERR  ] 2017-07-21T16:23:17.938170783Z: [    4.412307] hv_vmbus: registering driver hyperv_keyboard
[STDERR  ] 2017-07-21T16:23:17.938176184Z: [    4.414611] mousedev: PS/2 mouse device common for all mice
[STDERR  ] 2017-07-21T16:23:17.938181538Z: [    4.419573] input: AT Translated Set 2 keyboard as /devices/platform/i8042/serio0/input/input1
[STDERR  ] 2017-07-21T16:23:17.938187166Z: [    4.422008] input: PC Speaker as /devices/platform/pcspkr/input/input2
[STDERR  ] 2017-07-21T16:23:17.938192649Z: [    4.426708] rtc_cmos 00:00: RTC can wake from S4
[STDERR  ] 2017-07-21T16:23:17.938201274Z: [    4.430046] rtc_cmos 00:00: rtc core: registered rtc_cmos as rtc0
[STDERR  ] 2017-07-21T16:23:17.938206786Z: [    4.431733] rtc_cmos 00:00: alarms up to one day, y3k, 114 bytes nvram, hpet irqs
[STDERR  ] 2017-07-21T16:23:17.938212138Z: [    4.432508] i2c /dev entries driver
[STDERR  ] 2017-07-21T16:23:17.938217639Z: [    4.434624] device-mapper: ioctl: 4.35.0-ioctl (2016-06-23) initialised: dm-devel@redhat.com
[STDERR  ] 2017-07-21T16:23:17.938223186Z: [    4.439382] usbcore: registered new interface driver usbhid
[STDERR  ] 2017-07-21T16:23:17.938228483Z: [    4.439822] usbhid: USB HID core driver
[STDERR  ] 2017-07-21T16:23:17.938233861Z: [    4.440968] hv_utils: Registering HyperV Utility Driver
[STDERR  ] 2017-07-21T16:23:17.938239319Z: [    4.441306] hv_vmbus: registering driver hv_util
[STDERR  ] 2017-07-21T16:23:17.938244771Z: [    4.441609] hv_vmbus: registering driver hv_balloon
[STDERR  ] 2017-07-21T16:23:17.938253436Z: [    4.442208] oprofile: using NMI interrupt.
[STDERR  ] 2017-07-21T16:23:17.938258909Z: [    4.443411] GACT probability on
[STDERR  ] 2017-07-21T16:23:17.938265603Z: [    4.443896] Mirror/redirect action on
[STDERR  ] 2017-07-21T16:23:17.938271313Z: [    4.444857] Simple TC action Loaded
[STDERR  ] 2017-07-21T16:23:17.938276819Z: [    4.445455] u32 classifier
[STDERR  ] 2017-07-21T16:23:17.938282286Z: [    4.445678]     Performance counters on
[STDERR  ] 2017-07-21T16:23:17.938287926Z: [    4.445938]     input device check on
[STDERR  ] 2017-07-21T16:23:17.938293608Z: [    4.446231]     Actions configured
[STDERR  ] 2017-07-21T16:23:17.938298964Z: [    4.446817] Netfilter messages via NETLINK v0.30.
[STDERR  ] 2017-07-21T16:23:17.938305973Z: [    4.447722] nfnl_acct: registering with nfnetlink.
[STDERR  ] 2017-07-21T16:23:17.938311486Z: [    4.449091] nf_conntrack version 0.5.0 (8192 buckets, 32768 max)
[STDERR  ] 2017-07-21T16:23:17.938316834Z: [    4.452541] ctnetlink v0.93: registering with nfnetlink.
[STDERR  ] 2017-07-21T16:23:17.938322206Z: [    4.455711] nf_tables: (c) 2007-2009 Patrick McHardy <kaber@trash.net>
[STDERR  ] 2017-07-21T16:23:17.938327483Z: [    4.456595] nf_tables_compat: (c) 2012 Pablo Neira Ayuso <pablo@netfilter.org>
[STDERR  ] 2017-07-21T16:23:17.938332836Z: [    4.459006] xt_time: kernel timezone is -0000
[STDERR  ] 2017-07-21T16:23:17.938339814Z: [    4.459596] ip_set: protocol 6
[STDERR  ] 2017-07-21T16:23:17.938347001Z: [    4.460732] IPVS: Registered protocols (TCP, UDP, SCTP, AH, ESP)
[STDERR  ] 2017-07-21T16:23:17.938352536Z: [    4.461426] IPVS: Connection hash table configured (size=4096, memory=64Kbytes)
[STDERR  ] 2017-07-21T16:23:17.938358066Z: [    4.463324] IPVS: Creating netns size=2104 id=0
[STDERR  ] 2017-07-21T16:23:17.938363491Z: [    4.465926] IPVS: ipvs loaded.
[STDERR  ] 2017-07-21T16:23:17.938368954Z: [    4.466342] IPVS: [rr] scheduler registered.
[STDERR  ] 2017-07-21T16:23:17.938374251Z: [    4.466693] IPVS: [wrr] scheduler registered.
[STDERR  ] 2017-07-21T16:23:17.938379988Z: [    4.467002] IPVS: [lc] scheduler registered.
[STDERR  ] 2017-07-21T16:23:17.938385664Z: [    4.467320] IPVS: [wlc] scheduler registered.
[STDERR  ] 2017-07-21T16:23:17.938391014Z: [    4.467617] IPVS: [fo] scheduler registered.
[STDERR  ] 2017-07-21T16:23:17.938396306Z: [    4.467861] IPVS: [ovf] scheduler registered.
[STDERR  ] 2017-07-21T16:23:17.938405786Z: [    4.468365] IPVS: [lblc] scheduler registered.
[STDERR  ] 2017-07-21T16:23:17.938411374Z: [    4.468834] IPVS: [lblcr] scheduler registered.
[STDERR  ] 2017-07-21T16:23:17.938418433Z: [    4.469170] IPVS: [dh] scheduler registered.
[STDERR  ] 2017-07-21T16:23:17.938424076Z: [    4.469506] IPVS: [sh] scheduler registered.
[STDERR  ] 2017-07-21T16:23:17.938429318Z: [    4.469796] IPVS: [sed] scheduler registered.
[STDERR  ] 2017-07-21T16:23:17.938434556Z: [    4.470827] IPVS: [nq] scheduler registered.
[STDERR  ] 2017-07-21T16:23:17.938442636Z: [    4.471566] IPVS: ftp: loaded support on port[0] = 21
[STDERR  ] 2017-07-21T16:23:17.938451259Z: [    4.472547] ipip: IPv4 and MPLS over IPv4 tunneling driver
[STDERR  ] 2017-07-21T16:23:17.938459754Z: [    4.477025] gre: GRE over IPv4 demultiplexor driver
[STDERR  ] 2017-07-21T16:23:17.938468788Z: [    4.479820] ip_tables: (C) 2000-2006 Netfilter Core Team
[STDERR  ] 2017-07-21T16:23:17.938477783Z: [    4.483576] ipt_CLUSTERIP: ClusterIP Version 0.8 loaded successfully
[STDERR  ] 2017-07-21T16:23:17.938487014Z: [    4.484407] arp_tables: arp_tables: (C) 2002 David S. Miller
[STDERR  ] 2017-07-21T16:23:17.938495848Z: [    4.486794] NET: Registered protocol family 10
[STDERR  ] 2017-07-21T16:23:17.938504996Z: [    4.496056] ip6_tables: (C) 2000-2006 Netfilter Core Team
[STDERR  ] 2017-07-21T16:23:17.93852106Z: [    4.504839] NET: Registered protocol family 17
[STDERR  ] 2017-07-21T16:23:17.938530577Z: [    4.506040] Bridge firewalling registered
[STDERR  ] 2017-07-21T16:23:17.938541199Z: [    4.506674] Ebtables v2.0 registered
[STDERR  ] 2017-07-21T16:23:17.938554807Z: [    4.508717] 8021q: 802.1Q VLAN Support v1.8
[STDERR  ] 2017-07-21T16:23:17.938560925Z: [    4.510677] 9pnet: Installing 9P2000 support
[STDERR  ] 2017-07-21T16:23:17.938567649Z: [    4.512349] Key type dns_resolver registered
[STDERR  ] 2017-07-21T16:23:17.93857372Z: [    4.513318] microcode: AMD CPU family 0x6 not supported
[STDERR  ] 2017-07-21T16:23:17.938579284Z: [    4.517147] registered taskstats version 1
[STDERR  ] 2017-07-21T16:23:17.938585179Z: [    4.713728] ata2: SATA link down (SStatus 0 SControl 300)
[STDERR  ] 2017-07-21T16:23:17.938590572Z: [    4.716627] ata1: SATA link down (SStatus 0 SControl 300)
[STDERR  ] 2017-07-21T16:23:17.938598159Z: [    4.723952] ata6: SATA link down (SStatus 0 SControl 300)
[STDERR  ] 2017-07-21T16:23:17.938603669Z: [    4.724686] ata5: SATA link down (SStatus 0 SControl 300)
[STDERR  ] 2017-07-21T16:23:17.938609057Z: [    4.725198] ata4: SATA link down (SStatus 0 SControl 300)
[STDERR  ] 2017-07-21T16:23:17.93861444Z: [    4.726007] ata3: SATA link up 1.5 Gbps (SStatus 113 SControl 300)
[STDERR  ] 2017-07-21T16:23:17.938620132Z: [    4.729472] ata3.00: ATAPI: QEMU DVD-ROM, 2.5+, max UDMA/100
[STDERR  ] 2017-07-21T16:23:17.938625475Z: [    4.730060] ata3.00: applying bridge limits
[STDERR  ] 2017-07-21T16:23:17.93863101Z: [    4.740721] ata3.00: configured for UDMA/100
[STDERR  ] 2017-07-21T16:23:17.938636454Z: [    4.753531] Key type big_key registered
[STDERR  ] 2017-07-21T16:23:17.938642232Z: [    4.761896] scsi 2:0:0:0: CD-ROM            QEMU     QEMU DVD-ROM     2.5+ PQ: 0 ANSI: 5
[STDERR  ] 2017-07-21T16:23:17.938647785Z: [    4.783226] sr 2:0:0:0: [sr0] scsi3-mmc drive: 4x/4x cd/rw xa/form2 tray
[STDERR  ] 2017-07-21T16:23:17.938653275Z: [    4.784006] cdrom: Uniform CD-ROM driver Revision: 3.20
[STDERR  ] 2017-07-21T16:23:17.938658749Z: [    4.802380] sr 2:0:0:0: Attached scsi generic sg0 type 5
[STDERR  ] 2017-07-21T16:23:17.938664144Z: [    4.831971] Key type encrypted registered
[STDERR  ] 2017-07-21T16:23:17.938669482Z: [    4.838127] rtc_cmos 00:00: setting system clock to 2017-07-21 16:23:05 UTC (1500654185)
[STDERR  ] 2017-07-21T16:23:17.938674887Z: [    4.988156] Freeing unused kernel memory: 1380K (ffffffffbbd57000 - ffffffffbbeb0000)
[STDERR  ] 2017-07-21T16:23:17.938680244Z: [    4.988842] Write protecting the kernel read-only data: 12288k
[STDERR  ] 2017-07-21T16:23:17.938690984Z: [    4.996668] Freeing unused kernel memory: 152K (ffff89c2257da000 - ffff89c225800000)
[STDERR  ] 2017-07-21T16:23:17.93869691Z: [    5.116051] Freeing unused kernel memory: 1400K (ffff89c225aa2000 - ffff89c225c00000)
[STDERR  ] 2017-07-21T16:23:17.938702665Z: [    5.117218] tsc: Refined TSC clocksource calibration: 2599.998 MHz
[STDERR  ] 2017-07-21T16:23:17.938708365Z: [    5.117757] clocksource: tsc: mask: 0xffffffffffffffff max_cycles: 0x257a3a7b45f, max_idle_ns: 440795312762 ns
[STDERR  ] 2017-07-21T16:23:17.938716315Z: [    6.130839] clocksource: Switched to clocksource tsc
[STDERR  ] 2017-07-21T16:23:17.938722024Z: [    9.540825] e1000: Intel(R) PRO/1000 Network Driver - version 7.3.21-k8-NAPI
[STDERR  ] 2017-07-21T16:23:17.938727784Z: [    9.541439] e1000: Copyright (c) 1999-2006 Intel Corporation.
[STDERR  ] 2017-07-21T16:23:17.938733614Z: [    9.564491] ACPI: PCI Interrupt Link [GSIG] enabled at IRQ 22
[STDERR  ] 2017-07-21T16:23:17.93873931Z: [    9.925943] e1000 0000:00:02.0 eth0: (PCI:33MHz:32-bit) 52:54:00:12:34:56
[STDERR  ] 2017-07-21T16:23:17.938749007Z: [    9.926878] e1000 0000:00:02.0 eth0: Intel(R) PRO/1000 Network Connection
[STDERR  ] 2017-07-21T16:23:17.938754597Z: 
[STDERR  ] 2017-07-21T16:23:17.938760352Z: Welcome to LinuxKit
[STDERR  ] 2017-07-21T16:23:17.938766144Z: 
[STDERR  ] 2017-07-21T16:23:17.938771737Z:                         ##         .
[STDERR  ] 2017-07-21T16:23:17.93877758Z:                   ## ## ##        ==
[STDERR  ] 2017-07-21T16:23:17.938783604Z:                ## ## ## ## ##    ===
[STDERR  ] 2017-07-21T16:23:17.938789337Z:            /"""""""""""""""""\___/ ===
[STDERR  ] 2017-07-21T16:23:17.938797882Z:           {                       /  ===-
[STDERR  ] 2017-07-21T16:23:17.938803289Z:            \______ O           __/
[STDERR  ] 2017-07-21T16:23:17.938810575Z:              \    \         __/
[STDERR  ] 2017-07-21T16:23:17.938816399Z:               \____\_______/
[STDERR  ] 2017-07-21T16:23:17.938821619Z: 
[STDERR  ] 2017-07-21T16:23:17.93882747Z: Linux linuxkit-525400123456 4.9.38-linuxkit #1 SMP Thu Jul 20 16:07:02 UTC 2017 x86_64 Linux
[STDERR  ] 2017-07-21T16:23:17.938833104Z: filename:       hello_world.ko
[STDERR  ] 2017-07-21T16:23:17.938838774Z: author:         Rolf Neugebauer <rolf.neugebauer@docker.com>
[STDERR  ] 2017-07-21T16:23:17.938844317Z: description:    A simple Hello World kernel module for testing
[STDERR  ] 2017-07-21T16:23:17.938850557Z: license:        GPL
[STDERR  ] 2017-07-21T16:23:17.938856147Z: depends:        
[STDERR  ] 2017-07-21T16:23:17.938862812Z: vermagic:       4.9.38-linuxkit SMP mod_unload 
[STDERR  ] 2017-07-21T16:23:17.938870332Z: [   11.649755] hello_world: loading out-of-tree module taints kernel.
[STDERR  ] 2017-07-21T16:23:17.93887621Z: [   11.654270] Hello LinuxKit
[STDERR  ] 2017-07-21T16:23:17.938881744Z: [   11.747964] Goodbye LinuxKit.
[STDERR  ] 2017-07-21T16:23:17.938887339Z: Kernel module test suite PASSED
[STDERR  ] 2017-07-21T16:23:17.938893047Z:  - 000-check[   11.839340] random: fast init done
[STDERR  ] 2017-07-21T16:23:17.938899107Z: 
[STDERR  ] 2017-07-21T16:23:17.938904695Z: [   15.977353] ACPI: Preparing to enter system sleep state S5
[STDERR  ] 2017-07-21T16:23:17.938910319Z: [   15.979050] reboot: Power down
[STDERR  ] 2017-07-21T16:23:17.938916114Z: + grep -q Hello LinuxKit
[STDERR  ] 2017-07-21T16:23:17.939634384Z: + echo [    0.000000] Linux version 4.9.38-linuxkit (root@e1ede117fb1e) (gcc version 6.3.0 (Alpine 6.3.0) ) #1 SMP Thu Jul 20 16:07:02 UTC 2017
[STDERR  ] 2017-07-21T16:23:17.939669607Z: [    0.000000] Command line: console=ttyS0
[STDERR  ] 2017-07-21T16:23:17.939679947Z: [    0.000000] x86/fpu: Legacy x87 FPU detected.
[STDERR  ] 2017-07-21T16:23:17.939689847Z: [    0.000000] x86/fpu: Using 'eager' FPU context switches.
[STDERR  ] 2017-07-21T16:23:17.939705987Z: [    0.000000] e820: BIOS-provided physical RAM map:
[STDERR  ] 2017-07-21T16:23:17.939716089Z: [    0.000000] BIOS-e820: [mem 0x0000000000000000-0x000000000009fbff] usable
[STDERR  ] 2017-07-21T16:23:17.939725339Z: [    0.000000] BIOS-e820: [mem 0x000000000009fc00-0x000000000009ffff] reserved
[STDERR  ] 2017-07-21T16:23:17.939742179Z: [    0.000000] BIOS-e820: [mem 0x00000000000f0000-0x00000000000fffff] reserved
[STDERR  ] 2017-07-21T16:23:17.939752181Z: [    0.000000] BIOS-e820: [mem 0x0000000000100000-0x000000003ffdefff] usable
[STDERR  ] 2017-07-21T16:23:17.939761509Z: [    0.000000] BIOS-e820: [mem 0x000000003ffdf000-0x000000003fffffff] reserved
[STDERR  ] 2017-07-21T16:23:17.939770859Z: [    0.000000] BIOS-e820: [mem 0x00000000b0000000-0x00000000bfffffff] reserved
[STDERR  ] 2017-07-21T16:23:17.939779699Z: [    0.000000] BIOS-e820: [mem 0x00000000fed1c000-0x00000000fed1ffff] reserved
[STDERR  ] 2017-07-21T16:23:17.939789516Z: [    0.000000] BIOS-e820: [mem 0x00000000fffc0000-0x00000000ffffffff] reserved
[STDERR  ] 2017-07-21T16:23:17.939801434Z: [    0.000000] NX (Execute Disable) protection: active
[STDERR  ] 2017-07-21T16:23:17.939810972Z: [    0.000000] SMBIOS 2.8 present.
[STDERR  ] 2017-07-21T16:23:17.939820031Z: [    0.000000] e820: last_pfn = 0x3ffdf max_arch_pfn = 0x400000000
[STDERR  ] 2017-07-21T16:23:17.939828714Z: [    0.000000] x86/PAT: Configuration [0-7]: WB  WC  UC- UC  WB  WC  UC- WT  
[STDERR  ] 2017-07-21T16:23:17.939837634Z: [    0.000000] found SMP MP-table at [mem 0x000f6aa0-0x000f6aaf] mapped at [ffff89c2000f6aa0]
[STDERR  ] 2017-07-21T16:23:17.939851949Z: [    0.000000] RAMDISK: [mem 0x3ee9d000-0x3ffcffff]
[STDERR  ] 2017-07-21T16:23:17.939862152Z: [    0.000000] ACPI: Early table checksum verification disabled
[STDERR  ] 2017-07-21T16:23:17.939870792Z: [    0.000000] ACPI: RSDP 0x00000000000F68C0 000014 (v00 BOCHS )
[STDERR  ] 2017-07-21T16:23:17.939887332Z: [    0.000000] ACPI: RSDT 0x000000003FFE2404 000034 (v01 BOCHS  BXPCRSDT 00000001 BXPC 00000001)
[STDERR  ] 2017-07-21T16:23:17.939896031Z: [    0.000000] ACPI: FACP 0x000000003FFE22A4 000074 (v01 BOCHS  BXPCFACP 00000001 BXPC 00000001)
[STDERR  ] 2017-07-21T16:23:17.939905221Z: [    0.000000] ACPI: DSDT 0x000000003FFE0040 002264 (v01 BOCHS  BXPCDSDT 00000001 BXPC 00000001)
[STDERR  ] 2017-07-21T16:23:17.939914289Z: [    0.000000] ACPI: FACS 0x000000003FFE0000 000040
[STDERR  ] 2017-07-21T16:23:17.939923501Z: [    0.000000] ACPI: APIC 0x000000003FFE2318 000078 (v01 BOCHS  BXPCAPIC 00000001 BXPC 00000001)
[STDERR  ] 2017-07-21T16:23:17.939933791Z: [    0.000000] ACPI: HPET 0x000000003FFE2390 000038 (v01 BOCHS  BXPCHPET 00000001 BXPC 00000001)
[STDERR  ] 2017-07-21T16:23:17.939942969Z: [    0.000000] ACPI: MCFG 0x000000003FFE23C8 00003C (v01 BOCHS  BXPCMCFG 00000001 BXPC 00000001)
[STDERR  ] 2017-07-21T16:23:17.939951792Z: [    0.000000] Zone ranges:
[STDERR  ] 2017-07-21T16:23:17.939961324Z: [    0.000000]   DMA      [mem 0x0000000000001000-0x0000000000ffffff]
[STDERR  ] 2017-07-21T16:23:17.939970491Z: [    0.000000]   DMA32    [mem 0x0000000001000000-0x000000003ffdefff]
[STDERR  ] 2017-07-21T16:23:17.939979567Z: [    0.000000]   Normal   empty
[STDERR  ] 2017-07-21T16:23:17.939988552Z: [    0.000000] Movable zone start for each node
[STDERR  ] 2017-07-21T16:23:17.93999724Z: [    0.000000] Early memory node ranges
[STDERR  ] 2017-07-21T16:23:17.940003947Z: [    0.000000]   node   0: [mem 0x0000000000001000-0x000000000009efff]
[STDERR  ] 2017-07-21T16:23:17.94000932Z: [    0.000000]   node   0: [mem 0x0000000000100000-0x000000003ffdefff]
[STDERR  ] 2017-07-21T16:23:17.9400147Z: [    0.000000] Initmem setup node 0 [mem 0x0000000000001000-0x000000003ffdefff]
[STDERR  ] 2017-07-21T16:23:17.940025853Z: [    0.000000] ACPI: PM-Timer IO Port: 0x608
[STDERR  ] 2017-07-21T16:23:17.94003331Z: [    0.000000] ACPI: LAPIC_NMI (acpi_id[0xff] dfl dfl lint[0x1])
[STDERR  ] 2017-07-21T16:23:17.940039205Z: [    0.000000] IOAPIC[0]: apic_id 0, version 32, address 0xfec00000, GSI 0-23
[STDERR  ] 2017-07-21T16:23:17.94004445Z: [    0.000000] ACPI: INT_SRC_OVR (bus 0 bus_irq 0 global_irq 2 dfl dfl)
[STDERR  ] 2017-07-21T16:23:17.940049968Z: [    0.000000] ACPI: INT_SRC_OVR (bus 0 bus_irq 5 global_irq 5 high level)
[STDERR  ] 2017-07-21T16:23:17.94005543Z: [    0.000000] ACPI: INT_SRC_OVR (bus 0 bus_irq 9 global_irq 9 high level)
[STDERR  ] 2017-07-21T16:23:17.940065153Z: [    0.000000] ACPI: INT_SRC_OVR (bus 0 bus_irq 10 global_irq 10 high level)
[STDERR  ] 2017-07-21T16:23:17.940070762Z: [    0.000000] ACPI: INT_SRC_OVR (bus 0 bus_irq 11 global_irq 11 high level)
[STDERR  ] 2017-07-21T16:23:17.940076252Z: [    0.000000] Using ACPI (MADT) for SMP configuration information
[STDERR  ] 2017-07-21T16:23:17.940081695Z: [    0.000000] ACPI: HPET id: 0x8086a201 base: 0xfed00000
[STDERR  ] 2017-07-21T16:23:17.940087332Z: [    0.000000] smpboot: Allowing 1 CPUs, 0 hotplug CPUs
[STDERR  ] 2017-07-21T16:23:17.9400927Z: [    0.000000] e820: [mem 0x40000000-0xafffffff] available for PCI devices
[STDERR  ] 2017-07-21T16:23:17.940098513Z: [    0.000000] Booting paravirtualized kernel on bare hardware
[STDERR  ] 2017-07-21T16:23:17.940103965Z: [    0.000000] clocksource: refined-jiffies: mask: 0xffffffff max_cycles: 0xffffffff, max_idle_ns: 19112604462750000 ns
[STDERR  ] 2017-07-21T16:23:17.940110423Z: [    0.000000] setup_percpu: NR_CPUS:128 nr_cpumask_bits:128 nr_cpu_ids:1 nr_node_ids:1
[STDERR  ] 2017-07-21T16:23:17.940116397Z: [    0.000000] percpu: Embedded 35 pages/cpu @ffff89c23ec00000 s105176 r8192 d29992 u2097152
[STDERR  ] 2017-07-21T16:23:17.940121925Z: [    0.000000] Built 1 zonelists in Zone order, mobility grouping on.  Total pages: 257896
[STDERR  ] 2017-07-21T16:23:17.94012736Z: [    0.000000] Kernel command line: console=ttyS0
[STDERR  ] 2017-07-21T16:23:17.940132787Z: [    0.000000] PID hash table entries: 4096 (order: 3, 32768 bytes)
[STDERR  ] 2017-07-21T16:23:17.940139863Z: [    0.000000] Dentry cache hash table entries: 131072 (order: 8, 1048576 bytes)
[STDERR  ] 2017-07-21T16:23:17.9401489Z: [    0.000000] Inode-cache hash table entries: 65536 (order: 7, 524288 bytes)
[STDERR  ] 2017-07-21T16:23:17.940154912Z: [    0.000000] Memory: 996560K/1048052K available (8026K kernel code, 1366K rwdata, 2696K rodata, 1380K init, 568K bss, 51492K reserved, 0K cma-reserved)
[STDERR  ] 2017-07-21T16:23:17.94016277Z: [    0.000000] Hierarchical RCU implementation.
[STDERR  ] 2017-07-21T16:23:17.94016849Z: [    0.000000] 	Build-time adjustment of leaf fanout to 64.
[STDERR  ] 2017-07-21T16:23:17.940173848Z: [    0.000000] 	RCU restricting CPUs from NR_CPUS=128 to nr_cpu_ids=1.
[STDERR  ] 2017-07-21T16:23:17.940179645Z: [    0.000000] RCU: Adjusting geometry for rcu_fanout_leaf=64, nr_cpu_ids=1
[STDERR  ] 2017-07-21T16:23:17.940185123Z: [    0.000000] NR_IRQS:8448 nr_irqs:256 16
[STDERR  ] 2017-07-21T16:23:17.94019574Z: [    0.000000] Console: colour VGA+ 80x25
[STDERR  ] 2017-07-21T16:23:17.94020161Z: [    0.000000] console [ttyS0] enabled
[STDERR  ] 2017-07-21T16:23:17.940207322Z: [    0.000000] clocksource: hpet: mask: 0xffffffff max_cycles: 0xffffffff, max_idle_ns: 19112604467 ns
[STDERR  ] 2017-07-21T16:23:17.94021349Z: [    0.000000] tsc: Fast TSC calibration using PIT
[STDERR  ] 2017-07-21T16:23:17.940218793Z: [    0.000000] tsc: Detected 2599.997 MHz processor
[STDERR  ] 2017-07-21T16:23:17.940224088Z: [    0.032416] Calibrating delay loop (skipped), value calculated using timer frequency.. 5199.99 BogoMIPS (lpj=25999970)
[STDERR  ] 2017-07-21T16:23:17.940229828Z: [    0.033681] pid_max: default: 32768 minimum: 301
[STDERR  ] 2017-07-21T16:23:17.940235042Z: [    0.034825] ACPI: Core revision 20160831
[STDERR  ] 2017-07-21T16:23:17.940240412Z: [    0.077653] ACPI: 1 ACPI AML tables successfully acquired and loaded
[STDERR  ] 2017-07-21T16:23:17.94024586Z: [    0.082823] Security Framework initialized
[STDERR  ] 2017-07-21T16:23:17.940252005Z: [    0.083298] Yama: becoming mindful.
[STDERR  ] 2017-07-21T16:23:17.940257615Z: [    0.085878] Mount-cache hash table entries: 2048 (order: 2, 16384 bytes)
[STDERR  ] 2017-07-21T16:23:17.940263Z: [    0.086469] Mountpoint-cache hash table entries: 2048 (order: 2, 16384 bytes)
[STDERR  ] 2017-07-21T16:23:17.94026844Z: [    0.105730] Last level iTLB entries: 4KB 0, 2MB 0, 4MB 0
[STDERR  ] 2017-07-21T16:23:17.940273865Z: [    0.106244] Last level dTLB entries: 4KB 0, 2MB 0, 4MB 0, 1GB 0
[STDERR  ] 2017-07-21T16:23:17.940282007Z: [    0.406761] Freeing SMP alternatives memory: 20K (ffffffffbbeb0000 - ffffffffbbeb5000)
[STDERR  ] 2017-07-21T16:23:17.940287452Z: [    0.417519] ftrace: allocating 35489 entries in 139 pages
[STDERR  ] 2017-07-21T16:23:17.940292802Z: [    0.579315] smpboot: Max logical packages: 1
[STDERR  ] 2017-07-21T16:23:17.940298062Z: [    0.586553] ..TIMER: vector=0x30 apic1=0 pin1=2 apic2=-1 pin2=-1
[STDERR  ] 2017-07-21T16:23:17.940303373Z: [    0.690000] smpboot: CPU0: AMD QEMU Virtual CPU version 2.5+ (family: 0x6, model: 0x6, stepping: 0x3)
[STDERR  ] 2017-07-21T16:23:17.94030947Z: [    0.690000] Performance Events: PMU not available due to virtualization, using software events only.
[STDERR  ] 2017-07-21T16:23:17.940316562Z: [    0.699442] NMI watchdog: disabled (cpu0): hardware events not enabled
[STDERR  ] 2017-07-21T16:23:17.94032215Z: [    0.700115] NMI watchdog: Shutting down hard lockup detector on all cpus
[STDERR  ] 2017-07-21T16:23:17.94033139Z: [    0.704193] x86: Booted up 1 node, 1 CPUs
[STDERR  ] 2017-07-21T16:23:17.94033709Z: [    0.704684] smpboot: Total of 1 processors activated (5199.99 BogoMIPS)
[STDERR  ] 2017-07-21T16:23:17.940342387Z: [    0.719164] devtmpfs: initialized
[STDERR  ] 2017-07-21T16:23:17.94034987Z: [    0.724924] x86/mm: Memory block size: 128MB
[STDERR  ] 2017-07-21T16:23:17.940355408Z: [    0.785572] clocksource: jiffies: mask: 0xffffffff max_cycles: 0xffffffff, max_idle_ns: 19112604462750000 ns
[STDERR  ] 2017-07-21T16:23:17.94036092Z: [    0.786571] futex hash table entries: 256 (order: 2, 16384 bytes)
[STDERR  ] 2017-07-21T16:23:17.9403667Z: [    0.797270] NET: Registered protocol family 16
[STDERR  ] 2017-07-21T16:23:17.940375623Z: [    0.806921] cpuidle: using governor ladder
[STDERR  ] 2017-07-21T16:23:17.94038115Z: [    0.807438] cpuidle: using governor menu
[STDERR  ] 2017-07-21T16:23:17.940386893Z: [    0.809094] ACPI: bus type PCI registered
[STDERR  ] 2017-07-21T16:23:17.940392283Z: [    0.813084] PCI: MMCONFIG for domain 0000 [bus 00-ff] at [mem 0xb0000000-0xbfffffff] (base 0xb0000000)
[STDERR  ] 2017-07-21T16:23:17.940398115Z: [    0.813957] PCI: MMCONFIG at [mem 0xb0000000-0xbfffffff] reserved in E820
[STDERR  ] 2017-07-21T16:23:17.940413567Z: [    0.815473] PCI: Using configuration type 1 for base access
[STDERR  ] 2017-07-21T16:23:17.94042252Z: [    0.872680] HugeTLB registered 2 MB page size, pre-allocated 0 pages
[STDERR  ] 2017-07-21T16:23:17.940428292Z: [    0.885209] ACPI: Added _OSI(Module Device)
[STDERR  ] 2017-07-21T16:23:17.940433732Z: [    0.885562] ACPI: Added _OSI(Processor Device)
[STDERR  ] 2017-07-21T16:23:17.940440453Z: [    0.885867] ACPI: Added _OSI(3.0 _SCP Extensions)
[STDERR  ] 2017-07-21T16:23:17.94044621Z: [    0.886173] ACPI: Added _OSI(Processor Aggregator Device)
[STDERR  ] 2017-07-21T16:23:17.940451525Z: [    0.959130] ACPI: Interpreter enabled
[STDERR  ] 2017-07-21T16:23:17.940456895Z: [    0.960728] ACPI: (supports S0 S5)
[STDERR  ] 2017-07-21T16:23:17.94046222Z: [    0.961083] ACPI: Using IOAPIC for interrupt routing
[STDERR  ] 2017-07-21T16:23:17.940467562Z: [    0.963874] PCI: Using host bridge windows from ACPI; if necessary, use "pci=nocrs" and report a bug
[STDERR  ] 2017-07-21T16:23:17.940475242Z: [    1.029473] ACPI: PCI Root Bridge [PCI0] (domain 0000 [bus 00-ff])
[STDERR  ] 2017-07-21T16:23:17.940480595Z: [    1.030779] acpi PNP0A08:00: _OSC: OS supports [ExtendedConfig ASPM ClockPM Segments MSI]
[STDERR  ] 2017-07-21T16:23:17.940485982Z: [    1.038039] acpi PNP0A08:00: _OSC: OS now controls [PCIeHotplug PME PCIeCapability]
[STDERR  ] 2017-07-21T16:23:17.940491421Z: [    1.042253] PCI host bridge to bus 0000:00
[STDERR  ] 2017-07-21T16:23:17.940496889Z: [    1.042796] pci_bus 0000:00: root bus resource [io  0x0000-0x0cf7 window]
[STDERR  ] 2017-07-21T16:23:17.940502381Z: [    1.043257] pci_bus 0000:00: root bus resource [io  0x0d00-0xffff window]
[STDERR  ] 2017-07-21T16:23:17.940513278Z: [    1.043706] pci_bus 0000:00: root bus resource [mem 0x000a0000-0x000bffff window]
[STDERR  ] 2017-07-21T16:23:17.940522703Z: [    1.044141] pci_bus 0000:00: root bus resource [mem 0xc0000000-0xfebfffff window]
[STDERR  ] 2017-07-21T16:23:17.940528191Z: [    1.044794] pci_bus 0000:00: root bus resource [bus 00-ff]
[STDERR  ] 2017-07-21T16:23:17.940533653Z: [    1.136267] pci 0000:00:1f.0: quirk: [io  0x0600-0x067f] claimed by ICH6 ACPI/GPIO/TCO
[STDERR  ] 2017-07-21T16:23:17.940539191Z: [    1.195849] ACPI: PCI Interrupt Link [LNKA] (IRQs 5 *10 11)
[STDERR  ] 2017-07-21T16:23:17.940544686Z: [    1.200206] ACPI: PCI Interrupt Link [LNKB] (IRQs 5 *10 11)
[STDERR  ] 2017-07-21T16:23:17.940550091Z: [    1.202239] ACPI: PCI Interrupt Link [LNKC] (IRQs 5 10 *11)
[STDERR  ] 2017-07-21T16:23:17.940555516Z: [    1.204198] ACPI: PCI Interrupt Link [LNKD] (IRQs 5 10 *11)
[STDERR  ] 2017-07-21T16:23:17.940560859Z: [    1.206083] ACPI: PCI Interrupt Link [LNKE] (IRQs 5 *10 11)
[STDERR  ] 2017-07-21T16:23:17.940566173Z: [    1.208034] ACPI: PCI Interrupt Link [LNKF] (IRQs 5 *10 11)
[STDERR  ] 2017-07-21T16:23:17.940577173Z: [    1.210265] ACPI: PCI Interrupt Link [LNKG] (IRQs 5 10 *11)
[STDERR  ] 2017-07-21T16:23:17.940582788Z: [    1.212868] ACPI: PCI Interrupt Link [LNKH] (IRQs 5 10 *11)
[STDERR  ] 2017-07-21T16:23:17.940588138Z: [    1.213887] ACPI: PCI Interrupt Link [GSIA] (IRQs *16)
[STDERR  ] 2017-07-21T16:23:17.940593761Z: [    1.214691] ACPI: PCI Interrupt Link [GSIB] (IRQs *17)
[STDERR  ] 2017-07-21T16:23:17.940599149Z: [    1.215511] ACPI: PCI Interrupt Link [GSIC] (IRQs *18)
[STDERR  ] 2017-07-21T16:23:17.940604378Z: [    1.216320] ACPI: PCI Interrupt Link [GSID] (IRQs *19)
[STDERR  ] 2017-07-21T16:23:17.940609731Z: [    1.217106] ACPI: PCI Interrupt Link [GSIE] (IRQs *20)
[STDERR  ] 2017-07-21T16:23:17.940618928Z: [    1.217908] ACPI: PCI Interrupt Link [GSIF] (IRQs *21)
[STDERR  ] 2017-07-21T16:23:17.940624731Z: [    1.218647] ACPI: PCI Interrupt Link [GSIG] (IRQs *22)
[STDERR  ] 2017-07-21T16:23:17.940633694Z: [    1.219462] ACPI: PCI Interrupt Link [GSIH] (IRQs *23)
[STDERR  ] 2017-07-21T16:23:17.940639466Z: [    1.223446] ACPI: Enabled 2 GPEs in block 00 to 3F
[STDERR  ] 2017-07-21T16:23:17.940644806Z: [    1.227975] SCSI subsystem initialized
[STDERR  ] 2017-07-21T16:23:17.940650464Z: [    1.230386] ACPI: bus type USB registered
[STDERR  ] 2017-07-21T16:23:17.940656353Z: [    1.232222] usbcore: registered new interface driver usbfs
[STDERR  ] 2017-07-21T16:23:17.940661629Z: [    1.233451] usbcore: registered new interface driver hub
[STDERR  ] 2017-07-21T16:23:17.940666923Z: [    1.234574] usbcore: registered new device driver usb
[STDERR  ] 2017-07-21T16:23:17.940672238Z: [    1.235895] pps_core: LinuxPPS API ver. 1 registered
[STDERR  ] 2017-07-21T16:23:17.940677463Z: [    1.236204] pps_core: Software ver. 5.3.6 - Copyright 2005-2007 Rodolfo Giometti <giometti@linux.it>
[STDERR  ] 2017-07-21T16:23:17.940683481Z: [    1.236910] PTP clock support registered
[STDERR  ] 2017-07-21T16:23:17.940688731Z: [    1.238206] wmi: Mapper loaded
[STDERR  ] 2017-07-21T16:23:17.940694386Z: [    1.239426] PCI: Using ACPI for IRQ routing
[STDERR  ] 2017-07-21T16:23:17.940699763Z: [    1.258675] NetLabel: Initializing
[STDERR  ] 2017-07-21T16:23:17.940708898Z: [    1.258908] NetLabel:  domain hash size = 128
[STDERR  ] 2017-07-21T16:23:17.940716234Z: [    1.259322] NetLabel:  protocols = UNLABELED CIPSOv4
[STDERR  ] 2017-07-21T16:23:17.940721721Z: [    1.262338] NetLabel:  unlabeled traffic allowed by default
[STDERR  ] 2017-07-21T16:23:17.940727004Z: [    1.263583] HPET: 3 timers in total, 0 timers will be used for per-cpu timer
[STDERR  ] 2017-07-21T16:23:17.940732461Z: [    1.264416] hpet0: at MMIO 0xfed00000, IRQs 2, 8, 0
[STDERR  ] 2017-07-21T16:23:17.940737871Z: [    1.264952] hpet0: 3 comparators, 64-bit 100.000000 MHz counter
[STDERR  ] 2017-07-21T16:23:17.940743281Z: [    1.271653] clocksource: Switched to clocksource hpet
[STDERR  ] 2017-07-21T16:23:17.940748658Z: [    1.536436] VFS: Disk quotas dquot_6.6.0
[STDERR  ] 2017-07-21T16:23:17.940754044Z: [    1.537282] VFS: Dquot-cache hash table entries: 512 (order 0, 4096 bytes)
[STDERR  ] 2017-07-21T16:23:17.940764666Z: [    1.541594] FS-Cache: Loaded
[STDERR  ] 2017-07-21T16:23:17.940770716Z: [    1.548378] CacheFiles: Loaded
[STDERR  ] 2017-07-21T16:23:17.940776164Z: [    1.550458] pnp: PnP ACPI init
[STDERR  ] 2017-07-21T16:23:17.940781706Z: [    1.562226] pnp: PnP ACPI: found 5 devices
[STDERR  ] 2017-07-21T16:23:17.940787166Z: [    1.613974] clocksource: acpi_pm: mask: 0xffffff max_cycles: 0xffffff, max_idle_ns: 2085701024 ns
[STDERR  ] 2017-07-21T16:23:17.940795969Z: [    1.618477] NET: Registered protocol family 2
[STDERR  ] 2017-07-21T16:23:17.940801663Z: [    1.626050] TCP established hash table entries: 8192 (order: 4, 65536 bytes)
[STDERR  ] 2017-07-21T16:23:17.940806989Z: [    1.626922] TCP bind hash table entries: 8192 (order: 5, 131072 bytes)
[STDERR  ] 2017-07-21T16:23:17.940812351Z: [    1.627679] TCP: Hash tables configured (established 8192 bind 8192)
[STDERR  ] 2017-07-21T16:23:17.940817613Z: [    1.629583] UDP hash table entries: 512 (order: 2, 16384 bytes)
[STDERR  ] 2017-07-21T16:23:17.940826951Z: [    1.630445] UDP-Lite hash table entries: 512 (order: 2, 16384 bytes)
[STDERR  ] 2017-07-21T16:23:17.940832586Z: [    1.632977] NET: Registered protocol family 1
[STDERR  ] 2017-07-21T16:23:17.940837934Z: [    1.633993] pci 0000:00:01.0: Video device with shadowed ROM at [mem 0x000c0000-0x000dffff]
[STDERR  ] 2017-07-21T16:23:17.940843343Z: [    1.642491] Unpacking initramfs...
[STDERR  ] 2017-07-21T16:23:17.940848633Z: [    4.026166] Freeing initrd memory: 17612K (ffff89c23ee9d000 - ffff89c23ffd0000)
[STDERR  ] 2017-07-21T16:23:17.940853989Z: [    4.051919] PCLMULQDQ-NI instructions are not detected.
[STDERR  ] 2017-07-21T16:23:17.940862594Z: [    4.053446] AVX or AES-NI instructions are not detected.
[STDERR  ] 2017-07-21T16:23:17.940868196Z: [    4.053917] CPU feature 'AVX registers' is not supported.
[STDERR  ] 2017-07-21T16:23:17.940873618Z: [    4.054371] CPU feature 'AVX registers' is not supported.
[STDERR  ] 2017-07-21T16:23:17.940878998Z: [    4.054808] CPU feature 'AVX registers' is not supported.
[STDERR  ] 2017-07-21T16:23:17.940885633Z: [    4.055220] CPU feature 'AVX registers' is not supported.
[STDERR  ] 2017-07-21T16:23:17.940894751Z: [    4.055627] AVX2 or AES-NI instructions are not detected.
[STDERR  ] 2017-07-21T16:23:17.940900154Z: [    4.056038] AVX2 instructions are not detected.
[STDERR  ] 2017-07-21T16:23:17.940905658Z: [    4.063014] audit: initializing netlink subsys (disabled)
[STDERR  ] 2017-07-21T16:23:17.940910891Z: [    4.064722] audit: type=2000 audit(1500654184.060:1): initialized
[STDERR  ] 2017-07-21T16:23:17.940917563Z: [    4.072687] workingset: timestamp_bits=46 max_order=18 bucket_order=0
[STDERR  ] 2017-07-21T16:23:17.940926941Z: [    4.079066] FS-Cache: Netfs 'cifs' registered for caching
[STDERR  ] 2017-07-21T16:23:17.940934361Z: [    4.081035] fuse init (API version 7.26)
[STDERR  ] 2017-07-21T16:23:17.940939753Z: [    4.083329] SGI XFS with ACLs, security attributes, no debug enabled
[STDERR  ] 2017-07-21T16:23:17.940945146Z: [    4.087690] 9p: Installing v9fs 9p2000 file system support
[STDERR  ] 2017-07-21T16:23:17.940950671Z: [    4.088266] FS-Cache: Netfs '9p' registered for caching
[STDERR  ] 2017-07-21T16:23:17.940955998Z: [    4.124324] NET: Registered protocol family 38
[STDERR  ] 2017-07-21T16:23:17.940961351Z: [    4.125125] Key type asymmetric registered
[STDERR  ] 2017-07-21T16:23:17.940966681Z: [    4.125625] Asymmetric key parser 'x509' registered
[STDERR  ] 2017-07-21T16:23:17.940971908Z: [    4.126715] Block layer SCSI generic (bsg) driver version 0.4 loaded (major 251)
[STDERR  ] 2017-07-21T16:23:17.940977284Z: [    4.128692] io scheduler noop registered
[STDERR  ] 2017-07-21T16:23:17.94098278Z: [    4.129046] io scheduler deadline registered (default)
[STDERR  ] 2017-07-21T16:23:17.94098817Z: [    4.129813] io scheduler cfq registered
[STDERR  ] 2017-07-21T16:23:17.9409935Z: [    4.134593] pci_hotplug: PCI Hot Plug PCI Core version: 0.5
[STDERR  ] 2017-07-21T16:23:17.940998709Z: [    4.135307] pciehp: PCI Express Hot Plug Controller Driver version: 0.4
[STDERR  ] 2017-07-21T16:23:17.941006975Z: [    4.136222] shpchp: Standard Hot Plug PCI Controller Driver version: 0.4
[STDERR  ] 2017-07-21T16:23:17.94101239Z: [    4.137138] hv_vmbus: registering driver hyperv_fb
[STDERR  ] 2017-07-21T16:23:17.941017675Z: [    4.141032] input: Power Button as /devices/LNXSYSTM:00/LNXPWRBN:00/input/input0
[STDERR  ] 2017-07-21T16:23:17.941022945Z: [    4.142229] ACPI: Power Button [PWRF]
[STDERR  ] 2017-07-21T16:23:17.941028079Z: [    4.147266] GHES: HEST is not enabled!
[STDERR  ] 2017-07-21T16:23:17.941033339Z: [    4.159353] ACPI: PCI Interrupt Link [GSIH] enabled at IRQ 23
[STDERR  ] 2017-07-21T16:23:17.941038619Z: [    4.165843] xenfs: not registering filesystem on non-xen platform
[STDERR  ] 2017-07-21T16:23:17.941043912Z: [    4.167996] Serial: 8250/16550 driver, 4 ports, IRQ sharing disabled
[STDERR  ] 2017-07-21T16:23:17.941049099Z: [    4.193279] 00:04: ttyS0 at I/O 0x3f8 (irq = 4, base_baud = 115200) is a 16550A
[STDERR  ] 2017-07-21T16:23:17.941054405Z: [    4.206298] Non-volatile memory driver v1.3
[STDERR  ] 2017-07-21T16:23:17.94105962Z: [    4.214599] Hangcheck: starting hangcheck timer 0.9.1 (tick is 180 seconds, margin is 60 seconds).
[STDERR  ] 2017-07-21T16:23:17.941065094Z: [    4.255672] loop: module loaded
[STDERR  ] 2017-07-21T16:23:17.941070322Z: [    4.272103] nbd: registered device at major 43
[STDERR  ] 2017-07-21T16:23:17.941075649Z: [    4.317431] lpc_ich 0000:00:1f.0: I/O space for GPIO uninitialized
[STDERR  ] 2017-07-21T16:23:17.941080882Z: [    4.319923] VMware PVSCSI driver - version 1.0.7.0-k
[STDERR  ] 2017-07-21T16:23:17.941089445Z: [    4.321481] hv_vmbus: registering driver hv_storvsc
[STDERR  ] 2017-07-21T16:23:17.941094812Z: [    4.332179] ACPI: PCI Interrupt Link [GSIA] enabled at IRQ 16
[STDERR  ] 2017-07-21T16:23:17.941100122Z: [    4.340390] ahci 0000:00:1f.2: AHCI 0001.0000 32 slots 6 ports 1.5 Gbps 0x3f impl SATA mode
[STDERR  ] 2017-07-21T16:23:17.941105562Z: [    4.341161] ahci 0000:00:1f.2: flags: 64bit ncq only 
[STDERR  ] 2017-07-21T16:23:17.941110835Z: [    4.361946] scsi host0: ahci
[STDERR  ] 2017-07-21T16:23:17.941116225Z: [    4.367701] scsi host1: ahci
[STDERR  ] 2017-07-21T16:23:17.941122812Z: [    4.370445] scsi host2: ahci
[STDERR  ] 2017-07-21T16:23:17.941132217Z: [    4.372900] scsi host3: ahci
[STDERR  ] 2017-07-21T16:23:17.941137942Z: [    4.375285] scsi host4: ahci
[STDERR  ] 2017-07-21T16:23:17.941143147Z: [    4.377618] scsi host5: ahci
[STDERR  ] 2017-07-21T16:23:17.941148415Z: [    4.379480] ata1: SATA max UDMA/133 abar m4096@0xfebf1000 port 0xfebf1100 irq 24
[STDERR  ] 2017-07-21T16:23:17.94115377Z: [    4.380400] ata2: SATA max UDMA/133 abar m4096@0xfebf1000 port 0xfebf1180 irq 24
[STDERR  ] 2017-07-21T16:23:17.941159149Z: [    4.380915] ata3: SATA max UDMA/133 abar m4096@0xfebf1000 port 0xfebf1200 irq 24
[STDERR  ] 2017-07-21T16:23:17.94116457Z: [    4.381413] ata4: SATA max UDMA/133 abar m4096@0xfebf1000 port 0xfebf1280 irq 24
[STDERR  ] 2017-07-21T16:23:17.941169747Z: [    4.381879] ata5: SATA max UDMA/133 abar m4096@0xfebf1000 port 0xfebf1300 irq 24
[STDERR  ] 2017-07-21T16:23:17.941174922Z: [    4.382384] ata6: SATA max UDMA/133 abar m4096@0xfebf1000 port 0xfebf1380 irq 24
[STDERR  ] 2017-07-21T16:23:17.941180094Z: [    4.396258] tun: Universal TUN/TAP device driver, 1.6
[STDERR  ] 2017-07-21T16:23:17.941185702Z: [    4.396686] tun: (C) 1999-2004 Max Krasnyansky <maxk@qualcomm.com>
[STDERR  ] 2017-07-21T16:23:17.94119088Z: [    4.398673] VMware vmxnet3 virtual NIC driver - version 1.4.a.0-k-NAPI
[STDERR  ] 2017-07-21T16:23:17.941200014Z: [    4.399744] hv_vmbus: registering driver hv_netvsc
[STDERR  ] 2017-07-21T16:23:17.941205382Z: [    4.400397] Fusion MPT base driver 3.04.20
[STDERR  ] 2017-07-21T16:23:17.941214022Z: [    4.400698] Copyright (c) 1999-2008 LSI Corporation
[STDERR  ] 2017-07-21T16:23:17.941224242Z: [    4.401456] Fusion MPT SPI Host driver 3.04.20
[STDERR  ] 2017-07-21T16:23:17.94123002Z: [    4.403589] i8042: PNP: PS/2 Controller [PNP0303:KBD,PNP0f13:MOU] at 0x60,0x64 irq 1,12
[STDERR  ] 2017-07-21T16:23:17.941239762Z: [    4.408076] serio: i8042 KBD port at 0x60,0x64 irq 1
[STDERR  ] 2017-07-21T16:23:17.941245465Z: [    4.408815] serio: i8042 AUX port at 0x60,0x64 irq 12
[STDERR  ] 2017-07-21T16:23:17.941250922Z: [    4.412307] hv_vmbus: registering driver hyperv_keyboard
[STDERR  ] 2017-07-21T16:23:17.941256285Z: [    4.414611] mousedev: PS/2 mouse device common for all mice
[STDERR  ] 2017-07-21T16:23:17.941261584Z: [    4.419573] input: AT Translated Set 2 keyboard as /devices/platform/i8042/serio0/input/input1
[STDERR  ] 2017-07-21T16:23:17.941267267Z: [    4.422008] input: PC Speaker as /devices/platform/pcspkr/input/input2
[STDERR  ] 2017-07-21T16:23:17.941272965Z: [    4.426708] rtc_cmos 00:00: RTC can wake from S4
[STDERR  ] 2017-07-21T16:23:17.94127835Z: [    4.430046] rtc_cmos 00:00: rtc core: registered rtc_cmos as rtc0
[STDERR  ] 2017-07-21T16:23:17.94128369Z: [    4.431733] rtc_cmos 00:00: alarms up to one day, y3k, 114 bytes nvram, hpet irqs
[STDERR  ] 2017-07-21T16:23:17.941289132Z: [    4.432508] i2c /dev entries driver
[STDERR  ] 2017-07-21T16:23:17.941295635Z: [    4.434624] device-mapper: ioctl: 4.35.0-ioctl (2016-06-23) initialised: dm-devel@redhat.com
[STDERR  ] 2017-07-21T16:23:17.941301242Z: [    4.439382] usbcore: registered new interface driver usbhid
[STDERR  ] 2017-07-21T16:23:17.941306579Z: [    4.439822] usbhid: USB HID core driver
[STDERR  ] 2017-07-21T16:23:17.941311925Z: [    4.440968] hv_utils: Registering HyperV Utility Driver
[STDERR  ] 2017-07-21T16:23:17.941317242Z: [    4.441306] hv_vmbus: registering driver hv_util
[STDERR  ] 2017-07-21T16:23:17.94132565Z: [    4.441609] hv_vmbus: registering driver hv_balloon
[STDERR  ] 2017-07-21T16:23:17.94133104Z: [    4.442208] oprofile: using NMI interrupt.
[STDERR  ] 2017-07-21T16:23:17.941336362Z: [    4.443411] GACT probability on
[STDERR  ] 2017-07-21T16:23:17.941341649Z: [    4.443896] Mirror/redirect action on
[STDERR  ] 2017-07-21T16:23:17.941346984Z: [    4.444857] Simple TC action Loaded
[STDERR  ] 2017-07-21T16:23:17.941352287Z: [    4.445455] u32 classifier
[STDERR  ] 2017-07-21T16:23:17.941357735Z: [    4.445678]     Performance counters on
[STDERR  ] 2017-07-21T16:23:17.941363089Z: [    4.445938]     input device check on
[STDERR  ] 2017-07-21T16:23:17.94136852Z: [    4.446231]     Actions configured
[STDERR  ] 2017-07-21T16:23:17.941373792Z: [    4.446817] Netfilter messages via NETLINK v0.30.
[STDERR  ] 2017-07-21T16:23:17.941379235Z: [    4.447722] nfnl_acct: registering with nfnetlink.
[STDERR  ] 2017-07-21T16:23:17.941384447Z: [    4.449091] nf_conntrack version 0.5.0 (8192 buckets, 32768 max)
[STDERR  ] 2017-07-21T16:23:17.941389835Z: [    4.452541] ctnetlink v0.93: registering with nfnetlink.
[STDERR  ] 2017-07-21T16:23:17.941394962Z: [    4.455711] nf_tables: (c) 2007-2009 Patrick McHardy <kaber@trash.net>
[STDERR  ] 2017-07-21T16:23:17.941400207Z: [    4.456595] nf_tables_compat: (c) 2012 Pablo Neira Ayuso <pablo@netfilter.org>
[STDERR  ] 2017-07-21T16:23:17.941405555Z: [    4.459006] xt_time: kernel timezone is -0000
[STDERR  ] 2017-07-21T16:23:17.941410844Z: [    4.459596] ip_set: protocol 6
[STDERR  ] 2017-07-21T16:23:17.941418715Z: [    4.460732] IPVS: Registered protocols (TCP, UDP, SCTP, AH, ESP)
[STDERR  ] 2017-07-21T16:23:17.941424029Z: [    4.461426] IPVS: Connection hash table configured (size=4096, memory=64Kbytes)
[STDERR  ] 2017-07-21T16:23:17.941433139Z: [    4.463324] IPVS: Creating netns size=2104 id=0
[STDERR  ] 2017-07-21T16:23:17.941438322Z: [    4.465926] IPVS: ipvs loaded.
[STDERR  ] 2017-07-21T16:23:17.941445687Z: [    4.466342] IPVS: [rr] scheduler registered.
[STDERR  ] 2017-07-21T16:23:17.941451125Z: [    4.466693] IPVS: [wrr] scheduler registered.
[STDERR  ] 2017-07-21T16:23:17.941456445Z: [    4.467002] IPVS: [lc] scheduler registered.
[STDERR  ] 2017-07-21T16:23:17.941462055Z: [    4.467320] IPVS: [wlc] scheduler registered.
[STDERR  ] 2017-07-21T16:23:17.941467422Z: [    4.467617] IPVS: [fo] scheduler registered.
[STDERR  ] 2017-07-21T16:23:17.941475721Z: [    4.467861] IPVS: [ovf] scheduler registered.
[STDERR  ] 2017-07-21T16:23:17.941481143Z: [    4.468365] IPVS: [lblc] scheduler registered.
[STDERR  ] 2017-07-21T16:23:17.941489765Z: [    4.468834] IPVS: [lblcr] scheduler registered.
[STDERR  ] 2017-07-21T16:23:17.941495465Z: [    4.469170] IPVS: [dh] scheduler registered.
[STDERR  ] 2017-07-21T16:23:17.941501108Z: [    4.469506] IPVS: [sh] scheduler registered.
[STDERR  ] 2017-07-21T16:23:17.941506463Z: [    4.469796] IPVS: [sed] scheduler registered.
[STDERR  ] 2017-07-21T16:23:17.941511693Z: [    4.470827] IPVS: [nq] scheduler registered.
[STDERR  ] 2017-07-21T16:23:17.941517008Z: [    4.471566] IPVS: ftp: loaded support on port[0] = 21
[STDERR  ] 2017-07-21T16:23:17.94152245Z: [    4.472547] ipip: IPv4 and MPLS over IPv4 tunneling driver
[STDERR  ] 2017-07-21T16:23:17.941527908Z: [    4.477025] gre: GRE over IPv4 demultiplexor driver
[STDERR  ] 2017-07-21T16:23:17.941533208Z: [    4.479820] ip_tables: (C) 2000-2006 Netfilter Core Team
[STDERR  ] 2017-07-21T16:23:17.941538553Z: [    4.483576] ipt_CLUSTERIP: ClusterIP Version 0.8 loaded successfully
[STDERR  ] 2017-07-21T16:23:17.941543933Z: [    4.484407] arp_tables: arp_tables: (C) 2002 David S. Miller
[STDERR  ] 2017-07-21T16:23:17.941549086Z: [    4.486794] NET: Registered protocol family 10
[STDERR  ] 2017-07-21T16:23:17.941554293Z: [    4.496056] ip6_tables: (C) 2000-2006 Netfilter Core Team
[STDERR  ] 2017-07-21T16:23:17.94156297Z: [    4.504839] NET: Registered protocol family 17
[STDERR  ] 2017-07-21T16:23:17.94156848Z: [    4.506040] Bridge firewalling registered
[STDERR  ] 2017-07-21T16:23:17.941598181Z: [    4.506674] Ebtables v2.0 registered
[STDERR  ] 2017-07-21T16:23:17.941604045Z: [    4.508717] 8021q: 802.1Q VLAN Support v1.8
[STDERR  ] 2017-07-21T16:23:17.941609301Z: [    4.510677] 9pnet: Installing 9P2000 support
[STDERR  ] 2017-07-21T16:23:17.94161565Z: [    4.512349] Key type dns_resolver registered
[STDERR  ] 2017-07-21T16:23:17.941621143Z: [    4.513318] microcode: AMD CPU family 0x6 not supported
[STDERR  ] 2017-07-21T16:23:17.941626493Z: [    4.517147] registered taskstats version 1
[STDERR  ] 2017-07-21T16:23:17.941631611Z: [    4.713728] ata2: SATA link down (SStatus 0 SControl 300)
[STDERR  ] 2017-07-21T16:23:17.941636845Z: [    4.716627] ata1: SATA link down (SStatus 0 SControl 300)
[STDERR  ] 2017-07-21T16:23:17.941642206Z: [    4.723952] ata6: SATA link down (SStatus 0 SControl 300)
[STDERR  ] 2017-07-21T16:23:17.941647525Z: [    4.724686] ata5: SATA link down (SStatus 0 SControl 300)
[STDERR  ] 2017-07-21T16:23:17.94165299Z: [    4.725198] ata4: SATA link down (SStatus 0 SControl 300)
[STDERR  ] 2017-07-21T16:23:17.941658335Z: [    4.726007] ata3: SATA link up 1.5 Gbps (SStatus 113 SControl 300)
[STDERR  ] 2017-07-21T16:23:17.941663826Z: [    4.729472] ata3.00: ATAPI: QEMU DVD-ROM, 2.5+, max UDMA/100
[STDERR  ] 2017-07-21T16:23:17.94166919Z: [    4.730060] ata3.00: applying bridge limits
[STDERR  ] 2017-07-21T16:23:17.941674583Z: [    4.740721] ata3.00: configured for UDMA/100
[STDERR  ] 2017-07-21T16:23:17.941679893Z: [    4.753531] Key type big_key registered
[STDERR  ] 2017-07-21T16:23:17.941685215Z: [    4.761896] scsi 2:0:0:0: CD-ROM            QEMU     QEMU DVD-ROM     2.5+ PQ: 0 ANSI: 5
[STDERR  ] 2017-07-21T16:23:17.941690781Z: [    4.783226] sr 2:0:0:0: [sr0] scsi3-mmc drive: 4x/4x cd/rw xa/form2 tray
[STDERR  ] 2017-07-21T16:23:17.941696113Z: [    4.784006] cdrom: Uniform CD-ROM driver Revision: 3.20
[STDERR  ] 2017-07-21T16:23:17.941701391Z: [    4.802380] sr 2:0:0:0: Attached scsi generic sg0 type 5
[STDERR  ] 2017-07-21T16:23:17.941706743Z: [    4.831971] Key type encrypted registered
[STDERR  ] 2017-07-21T16:23:17.941711966Z: [    4.838127] rtc_cmos 00:00: setting system clock to 2017-07-21 16:23:05 UTC (1500654185)
[STDERR  ] 2017-07-21T16:23:17.941717261Z: [    4.988156] Freeing unused kernel memory: 1380K (ffffffffbbd57000 - ffffffffbbeb0000)
[STDERR  ] 2017-07-21T16:23:17.941722493Z: [    4.988842] Write protecting the kernel read-only data: 12288k
[STDERR  ] 2017-07-21T16:23:17.941731853Z: [    4.996668] Freeing unused kernel memory: 152K (ffff89c2257da000 - ffff89c225800000)
[STDERR  ] 2017-07-21T16:23:17.941737423Z: [    5.116051] Freeing unused kernel memory: 1400K (ffff89c225aa2000 - ffff89c225c00000)
[STDERR  ] 2017-07-21T16:23:17.941742823Z: [    5.117218] tsc: Refined TSC clocksource calibration: 2599.998 MHz
[STDERR  ] 2017-07-21T16:23:17.941752343Z: [    5.117757] clocksource: tsc: mask: 0xffffffffffffffff max_cycles: 0x257a3a7b45f, max_idle_ns: 440795312762 ns
[STDERR  ] 2017-07-21T16:23:17.941758398Z: [    6.130839] clocksource: Switched to clocksource tsc
[STDERR  ] 2017-07-21T16:23:17.941763721Z: [    9.540825] e1000: Intel(R) PRO/1000 Network Driver - version 7.3.21-k8-NAPI
[STDERR  ] 2017-07-21T16:23:17.941769218Z: [    9.541439] e1000: Copyright (c) 1999-2006 Intel Corporation.
[STDERR  ] 2017-07-21T16:23:17.941774653Z: [    9.564491] ACPI: PCI Interrupt Link [GSIG] enabled at IRQ 22
[STDERR  ] 2017-07-21T16:23:17.941780071Z: [    9.925943] e1000 0000:00:02.0 eth0: (PCI:33MHz:32-bit) 52:54:00:12:34:56
[STDERR  ] 2017-07-21T16:23:17.941785651Z: [    9.926878] e1000 0000:00:02.0 eth0: Intel(R) PRO/1000 Network Connection
[STDERR  ] 2017-07-21T16:23:17.941790848Z: 
[STDERR  ] 2017-07-21T16:23:17.941796328Z: Welcome to LinuxKit
[STDERR  ] 2017-07-21T16:23:17.941802873Z: 
[STDERR  ] 2017-07-21T16:23:17.941808551Z:                         ##         .
[STDERR  ] 2017-07-21T16:23:17.9418142Z:                   ## ## ##        ==
[STDERR  ] 2017-07-21T16:23:17.94181947Z:                ## ## ## ## ##    ===
[STDERR  ] 2017-07-21T16:23:17.941824636Z:            /"""""""""""""""""\___/ ===
[STDERR  ] 2017-07-21T16:23:17.941833083Z:           {                       /  ===-
[STDERR  ] 2017-07-21T16:23:17.941838763Z:            \______ O           __/
[STDERR  ] 2017-07-21T16:23:17.941843953Z:              \    \         __/
[STDERR  ] 2017-07-21T16:23:17.941849151Z:               \____\_______/
[STDERR  ] 2017-07-21T16:23:17.941855621Z: 
[STDERR  ] 2017-07-21T16:23:17.941861113Z: Linux linuxkit-525400123456 4.9.38-linuxkit #1 SMP Thu Jul 20 16:07:02 UTC 2017 x86_64 Linux
[STDERR  ] 2017-07-21T16:23:17.941866531Z: filename:       hello_world.ko
[STDERR  ] 2017-07-21T16:23:17.941872173Z: author:         Rolf Neugebauer <rolf.neugebauer@docker.com>
[STDERR  ] 2017-07-21T16:23:17.94187745Z: description:    A simple Hello World kernel module for testing
[STDERR  ] 2017-07-21T16:23:17.941882733Z: license:        GPL
[STDERR  ] 2017-07-21T16:23:17.941888121Z: depends:        
[STDERR  ] 2017-07-21T16:23:17.94189347Z: vermagic:       4.9.38-linuxkit SMP mod_unload 
[STDERR  ] 2017-07-21T16:23:17.941902165Z: [   11.649755] hello_world: loading out-of-tree module taints kernel.
[STDERR  ] 2017-07-21T16:23:17.94190788Z: [   11.654270] Hello LinuxKit
[STDERR  ] 2017-07-21T16:23:17.941913415Z: [   11.747964] Goodbye LinuxKit.
[STDERR  ] 2017-07-21T16:23:17.941918665Z: Kernel module test suite PASSED
[STDERR  ] 2017-07-21T16:23:17.941923853Z:  - 000-check[   11.839340] random: fast init done
[STDERR  ] 2017-07-21T16:23:17.94192905Z: 
[STDERR  ] 2017-07-21T16:23:17.941934433Z: [   15.977353] ACPI: Preparing to enter system sleep state S5
[STDERR  ] 2017-07-21T16:23:17.941939873Z: [   15.979050] reboot: Power down
[STDERR  ] 2017-07-21T16:23:17.942007192Z: + exit 0
[STDERR  ] 2017-07-21T16:23:17.942027779Z: + clean_up
[STDERR  ] 2017-07-21T16:23:17.942036264Z: + docker rmi kmod-test
[STDOUT  ] 2017-07-21T16:23:17.962329535Z: Untagged: kmod-test:latest
[STDOUT  ] 2017-07-21T16:23:17.962383043Z: Deleted: sha256:010f5a550b54af3bff4c36a954f5f198ff87e0d4a2e8e1e3449cb55ca855786f
[STDOUT  ] 2017-07-21T16:23:17.962390325Z: Deleted: sha256:929472624a9188aa2886ee457a7a07b7b53906b1fbc9e61ccfd47dfb9731b4eb
[STDOUT  ] 2017-07-21T16:23:17.96240552Z: Deleted: sha256:b2bebd429f224efec68f10fb116ef639a137e143d80e4a383df39fe4f9c51c23
[STDOUT  ] 2017-07-21T16:23:17.962412022Z: Deleted: sha256:65f38871cee8793bcc946fdc4719d521b60b89fec615ae3ce9aa21d9e2e5be6d
[STDOUT  ] 2017-07-21T16:23:17.962426762Z: Deleted: sha256:44362ce732cbb5e6c5dfd733121de608c84259edf6f35d41de2c34f3a23fc163
[STDERR  ] 2017-07-21T16:23:17.963391052Z: + find . -depth -iname kmod* -not -iname *.yml -exec rm -rf {} ;
[PASS    ] linuxkit.kernel.kmod_4.9.x 54.49s
