[INFO    ] 2017-09-28T08:27:33.326998612Z: Running Test linuxkit.packages.format_mount.xfs in /tmp/build/test/cases/040_packages/006_format_mount/004_xfs
[INFO    ] 2017-09-28T08:27:33.327117986Z: Running command: [/bin/sh -x /tmp/build/test/cases/040_packages/006_format_mount/004_xfs/test.sh]
[STDERR  ] 2017-09-28T08:27:33.356892907Z: + set -e
[STDERR  ] 2017-09-28T08:27:33.357027661Z: + . /tmp/build/test/cases/_lib/lib.sh
[STDERR  ] 2017-09-28T08:27:33.357117816Z: + [ -f src/github.com/linuxkit/rtf/lib/lib.sh ]
[STDERR  ] 2017-09-28T08:27:33.357175217Z: + LINUXKIT_TMPDIR=/tmp/build/test/cases/_tmp
[STDERR  ] 2017-09-28T08:27:33.357264344Z: + [ -f /tmp/build/test/cases/_tmp/env.sh ]
[STDERR  ] 2017-09-28T08:27:33.35728833Z: + . /tmp/build/test/cases/_tmp/env.sh
[STDERR  ] 2017-09-28T08:27:33.357301517Z: + export LINUXKIT_EXAMPLES_DIR=/tmp/build/test/cases/../../examples
[STDERR  ] 2017-09-28T08:27:33.357315614Z: + export LINUXKIT_BLUEPRINTS_DIR=/tmp/build/test/cases/../../blueprints
[STDERR  ] 2017-09-28T08:27:33.357328734Z: + RT_CANCEL=253
[STDERR  ] 2017-09-28T08:27:33.357339479Z: + NAME=test-format
[STDERR  ] 2017-09-28T08:27:33.357349336Z: + DISK=disk.img
[STDERR  ] 2017-09-28T08:27:33.357359586Z: + trap clean_up EXIT
[STDERR  ] 2017-09-28T08:27:33.357368099Z: + moby build -format kernel+initrd -name test-format test.yml
[STDERR  ] 2017-09-28T08:27:33.399885963Z: Extract kernel image: linuxkit/kernel:4.9.51
[STDERR  ] 2017-09-28T08:27:35.184896999Z: Add init containers:
[STDERR  ] 2017-09-28T08:27:35.184961011Z: Process init image: linuxkit/init:7804129bd06218b72c298139a25698a748d253c6
[STDERR  ] 2017-09-28T08:27:36.490871658Z: Process init image: linuxkit/runc:a1b564248a0d0b118c11e61db9f84ecf41dd2d2a
[STDERR  ] 2017-09-28T08:27:37.807565212Z: Add onboot containers:
[STDERR  ] 2017-09-28T08:27:37.80763143Z:   Create OCI config for linuxkit/format:158d992b7bf7ab984100c697d7e72161ea7d7382
[STDERR  ] 2017-09-28T08:27:39.249025659Z:   Create OCI config for linuxkit/mount:4fe245efb01384e42622c36302e13e386bbaeb08
[STDERR  ] 2017-09-28T08:27:40.518222145Z:   Create OCI config for alpine:3.6
[STDERR  ] 2017-09-28T08:27:41.828409319Z:   Create OCI config for linuxkit/poweroff:1e9876c682c74d0602b7647c628bb0875fb13998
[STDERR  ] 2017-09-28T08:27:43.100920989Z: Add files:
[STDERR  ] 2017-09-28T08:27:43.101005725Z:   check.sh
[STDERR  ] 2017-09-28T08:27:43.11117638Z: Create outputs:
[STDERR  ] 2017-09-28T08:27:48.514634469Z:   test-format-kernel test-format-initrd.img test-format-cmdline
[STDERR  ] 2017-09-28T08:27:48.573934545Z: + linuxkit run -disk file=disk.img,size=512M test-format
[STDERR  ] 2017-09-28T08:27:48.592306354Z: Unable to find qemu-system-x86_64 within the $PATH. Using a container
[STDERR  ] 2017-09-28T08:28:25.100639318Z: main-loop: WARNING: I/O thread spun for 1000 iterations
[STDERR  ] 2017-09-28T08:28:38.464058388Z: + RESULT=[    0.000000] Linux version 4.9.51-linuxkit (root@3253c0754a54) (gcc version 6.3.0 (Alpine 6.3.0) ) #1 SMP Wed Sep 20 11:32:07 UTC 2017
[STDERR  ] 2017-09-28T08:28:38.464138735Z: [    0.000000] Command line: console=ttyS0
[STDERR  ] 2017-09-28T08:28:38.464155225Z: [    0.000000] x86/fpu: Legacy x87 FPU detected.
[STDERR  ] 2017-09-28T08:28:38.464169224Z: [    0.000000] x86/fpu: Using 'eager' FPU context switches.
[STDERR  ] 2017-09-28T08:28:38.46418181Z: [    0.000000] e820: BIOS-provided physical RAM map:
[STDERR  ] 2017-09-28T08:28:38.464194627Z: [    0.000000] BIOS-e820: [mem 0x0000000000000000-0x000000000009fbff] usable
[STDERR  ] 2017-09-28T08:28:38.464207809Z: [    0.000000] BIOS-e820: [mem 0x000000000009fc00-0x000000000009ffff] reserved
[STDERR  ] 2017-09-28T08:28:38.464218125Z: [    0.000000] BIOS-e820: [mem 0x00000000000f0000-0x00000000000fffff] reserved
[STDERR  ] 2017-09-28T08:28:38.464228145Z: [    0.000000] BIOS-e820: [mem 0x0000000000100000-0x000000003ffdefff] usable
[STDERR  ] 2017-09-28T08:28:38.464238222Z: [    0.000000] BIOS-e820: [mem 0x000000003ffdf000-0x000000003fffffff] reserved
[STDERR  ] 2017-09-28T08:28:38.464248244Z: [    0.000000] BIOS-e820: [mem 0x00000000b0000000-0x00000000bfffffff] reserved
[STDERR  ] 2017-09-28T08:28:38.464268984Z: [    0.000000] BIOS-e820: [mem 0x00000000fed1c000-0x00000000fed1ffff] reserved
[STDERR  ] 2017-09-28T08:28:38.464278977Z: [    0.000000] BIOS-e820: [mem 0x00000000fffc0000-0x00000000ffffffff] reserved
[STDERR  ] 2017-09-28T08:28:38.46428996Z: [    0.000000] NX (Execute Disable) protection: active
[STDERR  ] 2017-09-28T08:28:38.464299352Z: [    0.000000] SMBIOS 2.8 present.
[STDERR  ] 2017-09-28T08:28:38.464308847Z: [    0.000000] e820: last_pfn = 0x3ffdf max_arch_pfn = 0x400000000
[STDERR  ] 2017-09-28T08:28:38.464318339Z: [    0.000000] x86/PAT: Configuration [0-7]: WB  WC  UC- UC  WB  WC  UC- WT  
[STDERR  ] 2017-09-28T08:28:38.464327925Z: [    0.000000] found SMP MP-table at [mem 0x000f6aa0-0x000f6aaf] mapped at [ffff8a7e400f6aa0]
[STDERR  ] 2017-09-28T08:28:38.464340407Z: [    0.000000] RAMDISK: [mem 0x3e13c000-0x3ffcffff]
[STDERR  ] 2017-09-28T08:28:38.464350689Z: [    0.000000] ACPI: Early table checksum verification disabled
[STDERR  ] 2017-09-28T08:28:38.464359889Z: [    0.000000] ACPI: RSDP 0x00000000000F68C0 000014 (v00 BOCHS )
[STDERR  ] 2017-09-28T08:28:38.464369834Z: [    0.000000] ACPI: RSDT 0x000000003FFE2404 000034 (v01 BOCHS  BXPCRSDT 00000001 BXPC 00000001)
[STDERR  ] 2017-09-28T08:28:38.464381406Z: [    0.000000] ACPI: FACP 0x000000003FFE22A4 000074 (v01 BOCHS  BXPCFACP 00000001 BXPC 00000001)
[STDERR  ] 2017-09-28T08:28:38.464392519Z: [    0.000000] ACPI: DSDT 0x000000003FFE0040 002264 (v01 BOCHS  BXPCDSDT 00000001 BXPC 00000001)
[STDERR  ] 2017-09-28T08:28:38.464402579Z: [    0.000000] ACPI: FACS 0x000000003FFE0000 000040
[STDERR  ] 2017-09-28T08:28:38.464413289Z: [    0.000000] ACPI: APIC 0x000000003FFE2318 000078 (v01 BOCHS  BXPCAPIC 00000001 BXPC 00000001)
[STDERR  ] 2017-09-28T08:28:38.46442576Z: [    0.000000] ACPI: HPET 0x000000003FFE2390 000038 (v01 BOCHS  BXPCHPET 00000001 BXPC 00000001)
[STDERR  ] 2017-09-28T08:28:38.464437372Z: [    0.000000] ACPI: MCFG 0x000000003FFE23C8 00003C (v01 BOCHS  BXPCMCFG 00000001 BXPC 00000001)
[STDERR  ] 2017-09-28T08:28:38.464448336Z: [    0.000000] Zone ranges:
[STDERR  ] 2017-09-28T08:28:38.464459064Z: [    0.000000]   DMA      [mem 0x0000000000001000-0x0000000000ffffff]
[STDERR  ] 2017-09-28T08:28:38.464469367Z: [    0.000000]   DMA32    [mem 0x0000000001000000-0x000000003ffdefff]
[STDERR  ] 2017-09-28T08:28:38.464488746Z: [    0.000000]   Normal   empty
[STDERR  ] 2017-09-28T08:28:38.46449865Z: [    0.000000] Movable zone start for each node
[STDERR  ] 2017-09-28T08:28:38.464508915Z: [    0.000000] Early memory node ranges
[STDERR  ] 2017-09-28T08:28:38.464519192Z: [    0.000000]   node   0: [mem 0x0000000000001000-0x000000000009efff]
[STDERR  ] 2017-09-28T08:28:38.46452987Z: [    0.000000]   node   0: [mem 0x0000000000100000-0x000000003ffdefff]
[STDERR  ] 2017-09-28T08:28:38.464539959Z: [    0.000000] Initmem setup node 0 [mem 0x0000000000001000-0x000000003ffdefff]
[STDERR  ] 2017-09-28T08:28:38.464549576Z: [    0.000000] ACPI: PM-Timer IO Port: 0x608
[STDERR  ] 2017-09-28T08:28:38.464562997Z: [    0.000000] ACPI: LAPIC_NMI (acpi_id[0xff] dfl dfl lint[0x1])
[STDERR  ] 2017-09-28T08:28:38.464575286Z: [    0.000000] IOAPIC[0]: apic_id 0, version 32, address 0xfec00000, GSI 0-23
[STDERR  ] 2017-09-28T08:28:38.464587892Z: [    0.000000] ACPI: INT_SRC_OVR (bus 0 bus_irq 0 global_irq 2 dfl dfl)
[STDERR  ] 2017-09-28T08:28:38.464614912Z: [    0.000000] ACPI: INT_SRC_OVR (bus 0 bus_irq 5 global_irq 5 high level)
[STDERR  ] 2017-09-28T08:28:38.464625559Z: [    0.000000] ACPI: INT_SRC_OVR (bus 0 bus_irq 9 global_irq 9 high level)
[STDERR  ] 2017-09-28T08:28:38.464636516Z: [    0.000000] ACPI: INT_SRC_OVR (bus 0 bus_irq 10 global_irq 10 high level)
[STDERR  ] 2017-09-28T08:28:38.46464643Z: [    0.000000] ACPI: INT_SRC_OVR (bus 0 bus_irq 11 global_irq 11 high level)
[STDERR  ] 2017-09-28T08:28:38.464656234Z: [    0.000000] Using ACPI (MADT) for SMP configuration information
[STDERR  ] 2017-09-28T08:28:38.464666319Z: [    0.000000] ACPI: HPET id: 0x8086a201 base: 0xfed00000
[STDERR  ] 2017-09-28T08:28:38.464676505Z: [    0.000000] smpboot: Allowing 1 CPUs, 0 hotplug CPUs
[STDERR  ] 2017-09-28T08:28:38.464692422Z: [    0.000000] e820: [mem 0x40000000-0xafffffff] available for PCI devices
[STDERR  ] 2017-09-28T08:28:38.46470538Z: [    0.000000] Booting paravirtualized kernel on bare hardware
[STDERR  ] 2017-09-28T08:28:38.464717526Z: [    0.000000] clocksource: refined-jiffies: mask: 0xffffffff max_cycles: 0xffffffff, max_idle_ns: 19112604462750000 ns
[STDERR  ] 2017-09-28T08:28:38.464734097Z: [    0.000000] setup_percpu: NR_CPUS:128 nr_cpumask_bits:128 nr_cpu_ids:1 nr_node_ids:1
[STDERR  ] 2017-09-28T08:28:38.46474413Z: [    0.000000] percpu: Embedded 35 pages/cpu @ffff8a7e7de00000 s105240 r8192 d29928 u2097152
[STDERR  ] 2017-09-28T08:28:38.464761467Z: [    0.000000] Built 1 zonelists in Zone order, mobility grouping on.  Total pages: 257896
[STDERR  ] 2017-09-28T08:28:38.464772376Z: [    0.000000] Kernel command line: console=ttyS0
[STDERR  ] 2017-09-28T08:28:38.464782594Z: [    0.000000] PID hash table entries: 4096 (order: 3, 32768 bytes)
[STDERR  ] 2017-09-28T08:28:38.464791939Z: [    0.000000] Dentry cache hash table entries: 131072 (order: 8, 1048576 bytes)
[STDERR  ] 2017-09-28T08:28:38.464800889Z: [    0.000000] Inode-cache hash table entries: 65536 (order: 7, 524288 bytes)
[STDERR  ] 2017-09-28T08:28:38.464810867Z: [    0.000000] Memory: 982860K/1048052K available (8036K kernel code, 1367K rwdata, 2696K rodata, 1380K init, 568K bss, 65192K reserved, 0K cma-reserved)
[STDERR  ] 2017-09-28T08:28:38.464829277Z: [    0.000000] Hierarchical RCU implementation.
[STDERR  ] 2017-09-28T08:28:38.464838716Z: [    0.000000] 	Build-time adjustment of leaf fanout to 64.
[STDERR  ] 2017-09-28T08:28:38.464848949Z: [    0.000000] 	RCU restricting CPUs from NR_CPUS=128 to nr_cpu_ids=1.
[STDERR  ] 2017-09-28T08:28:38.464858739Z: [    0.000000] RCU: Adjusting geometry for rcu_fanout_leaf=64, nr_cpu_ids=1
[STDERR  ] 2017-09-28T08:28:38.464871152Z: [    0.000000] NR_IRQS:8448 nr_irqs:256 16
[STDERR  ] 2017-09-28T08:28:38.464881599Z: [    0.000000] Console: colour VGA+ 80x25
[STDERR  ] 2017-09-28T08:28:38.464890655Z: [    0.000000] console [ttyS0] enabled
[STDERR  ] 2017-09-28T08:28:38.464900744Z: [    0.000000] clocksource: hpet: mask: 0xffffffff max_cycles: 0xffffffff, max_idle_ns: 19112604467 ns
[STDERR  ] 2017-09-28T08:28:38.464918536Z: [    0.000000] tsc: Unable to calibrate against PIT
[STDERR  ] 2017-09-28T08:28:38.464929369Z: [    0.000000] tsc: using HPET reference calibration
[STDERR  ] 2017-09-28T08:28:38.464939586Z: [    0.000000] tsc: Detected 2600.054 MHz processor
[STDERR  ] 2017-09-28T08:28:38.464951406Z: [    0.042236] Calibrating delay loop (skipped), value calculated using timer frequency.. 5200.10 BogoMIPS (lpj=26000540)
[STDERR  ] 2017-09-28T08:28:38.464961804Z: [    0.043485] pid_max: default: 32768 minimum: 301
[STDERR  ] 2017-09-28T08:28:38.464971612Z: [    0.050686] ACPI: Core revision 20160831
[STDERR  ] 2017-09-28T08:28:38.464980356Z: [    0.093608] ACPI: 1 ACPI AML tables successfully acquired and loaded
[STDERR  ] 2017-09-28T08:28:38.464989564Z: [    0.098554] Security Framework initialized
[STDERR  ] 2017-09-28T08:28:38.465007806Z: [    0.098986] Yama: becoming mindful.
[STDOUT  ] 2017-09-28T08:28:38.464972509Z: [    0.000000] Linux version 4.9.51-linuxkit (root@3253c0754a54) (gcc version 6.3.0 (Alpine 6.3.0) ) #1 SMP Wed Sep 20 11:32:07 UTC 2017
[STDERR  ] 2017-09-28T08:28:38.465017867Z: [    0.101303] Mount-cache hash table entries: 2048 (order: 2, 16384 bytes)
[STDERR  ] 2017-09-28T08:28:38.465031414Z: [    0.101893] Mountpoint-cache hash table entries: 2048 (order: 2, 16384 bytes)
[STDOUT  ] 2017-09-28T08:28:38.465036199Z: [    0.000000] Command line: console=ttyS0
[STDERR  ] 2017-09-28T08:28:38.465043815Z: [    0.120686] Last level iTLB entries: 4KB 0, 2MB 0, 4MB 0
[STDOUT  ] 2017-09-28T08:28:38.465049047Z: [    0.000000] x86/fpu: Legacy x87 FPU detected.
[STDERR  ] 2017-09-28T08:28:38.465055972Z: [    0.121215] Last level dTLB entries: 4KB 0, 2MB 0, 4MB 0, 1GB 0
[STDOUT  ] 2017-09-28T08:28:38.465061549Z: [    0.000000] x86/fpu: Using 'eager' FPU context switches.
[STDERR  ] 2017-09-28T08:28:38.465065271Z: [    0.417963] Freeing SMP alternatives memory: 20K
[STDERR  ] 2017-09-28T08:28:38.465082324Z: [    0.428623] ftrace: allocating 35528 entries in 139 pages
[STDOUT  ] 2017-09-28T08:28:38.465080748Z: [    0.000000] e820: BIOS-provided physical RAM map:
[STDERR  ] 2017-09-28T08:28:38.465091794Z: [    0.590711] smpboot: Max logical packages: 1
[STDOUT  ] 2017-09-28T08:28:38.465095415Z: [    0.000000] BIOS-e820: [mem 0x0000000000000000-0x000000000009fbff] usable
[STDERR  ] 2017-09-28T08:28:38.465101555Z: [    0.597728] ..TIMER: vector=0x30 apic1=0 pin1=2 apic2=-1 pin2=-1
[STDOUT  ] 2017-09-28T08:28:38.465108385Z: [    0.000000] BIOS-e820: [mem 0x000000000009fc00-0x000000000009ffff] reserved
[STDERR  ] 2017-09-28T08:28:38.465111389Z: [    0.700000] smpboot: CPU0: AMD QEMU Virtual CPU version 2.5+ (family: 0x6, model: 0x6, stepping: 0x3)
[STDERR  ] 2017-09-28T08:28:38.465122626Z: [    0.700000] Performance Events: PMU not available due to virtualization, using software events only.
[STDOUT  ] 2017-09-28T08:28:38.465117934Z: [    0.000000] BIOS-e820: [mem 0x00000000000f0000-0x00000000000fffff] reserved
[STDOUT  ] 2017-09-28T08:28:38.465130596Z: [    0.000000] BIOS-e820: [mem 0x0000000000100000-0x000000003ffdefff] usable
[STDERR  ] 2017-09-28T08:28:38.465132594Z: [    0.708657] NMI watchdog: disabled (cpu0): hardware events not enabled
[STDOUT  ] 2017-09-28T08:28:38.465140779Z: [    0.000000] BIOS-e820: [mem 0x000000003ffdf000-0x000000003fffffff] reserved
[STDERR  ] 2017-09-28T08:28:38.465142698Z: [    0.709162] NMI watchdog: Shutting down hard lockup detector on all cpus
[STDOUT  ] 2017-09-28T08:28:38.465150379Z: [    0.000000] BIOS-e820: [mem 0x00000000b0000000-0x00000000bfffffff] reserved
[STDERR  ] 2017-09-28T08:28:38.465152425Z: [    0.713063] x86: Booted up 1 node, 1 CPUs
[STDOUT  ] 2017-09-28T08:28:38.465160008Z: [    0.000000] BIOS-e820: [mem 0x00000000fed1c000-0x00000000fed1ffff] reserved
[STDERR  ] 2017-09-28T08:28:38.465162561Z: [    0.713520] smpboot: Total of 1 processors activated (5200.10 BogoMIPS)
[STDOUT  ] 2017-09-28T08:28:38.465169615Z: [    0.000000] BIOS-e820: [mem 0x00000000fffc0000-0x00000000ffffffff] reserved
[STDERR  ] 2017-09-28T08:28:38.465172354Z: [    0.727285] devtmpfs: initialized
[STDERR  ] 2017-09-28T08:28:38.465181749Z: [    0.734231] x86/mm: Memory block size: 128MB
[STDOUT  ] 2017-09-28T08:28:38.465190641Z: [    0.000000] NX (Execute Disable) protection: active
[STDERR  ] 2017-09-28T08:28:38.465196621Z: [    0.794489] clocksource: jiffies: mask: 0xffffffff max_cycles: 0xffffffff, max_idle_ns: 19112604462750000 ns
[STDOUT  ] 2017-09-28T08:28:38.465201361Z: [    0.000000] SMBIOS 2.8 present.
[STDERR  ] 2017-09-28T08:28:38.465206704Z: [    0.795520] futex hash table entries: 256 (order: 2, 16384 bytes)
[STDOUT  ] 2017-09-28T08:28:38.465211394Z: [    0.000000] e820: last_pfn = 0x3ffdf max_arch_pfn = 0x400000000
[STDOUT  ] 2017-09-28T08:28:38.465221334Z: [    0.000000] x86/PAT: Configuration [0-7]: WB  WC  UC- UC  WB  WC  UC- WT  
[STDERR  ] 2017-09-28T08:28:38.465216515Z: [    0.805969] NET: Registered protocol family 16
[STDERR  ] 2017-09-28T08:28:38.465227974Z: [    0.815378] cpuidle: using governor ladder
[STDOUT  ] 2017-09-28T08:28:38.465231381Z: [    0.000000] found SMP MP-table at [mem 0x000f6aa0-0x000f6aaf] mapped at [ffff8a7e400f6aa0]
[STDERR  ] 2017-09-28T08:28:38.465237683Z: [    0.815888] cpuidle: using governor menu
[STDOUT  ] 2017-09-28T08:28:38.465241144Z: [    0.000000] RAMDISK: [mem 0x3e13c000-0x3ffcffff]
[STDOUT  ] 2017-09-28T08:28:38.465251154Z: [    0.000000] ACPI: Early table checksum verification disabled
[STDERR  ] 2017-09-28T08:28:38.465251719Z: [    0.817481] ACPI: bus type PCI registered
[STDERR  ] 2017-09-28T08:28:38.465264628Z: [    0.820544] PCI: MMCONFIG for domain 0000 [bus 00-ff] at [mem 0xb0000000-0xbfffffff] (base 0xb0000000)
[STDOUT  ] 2017-09-28T08:28:38.465261411Z: [    0.000000] ACPI: RSDP 0x00000000000F68C0 000014 (v00 BOCHS )
[STDOUT  ] 2017-09-28T08:28:38.465271779Z: [    0.000000] ACPI: RSDT 0x000000003FFE2404 000034 (v01 BOCHS  BXPCRSDT 00000001 BXPC 00000001)
[STDERR  ] 2017-09-28T08:28:38.465275113Z: [    0.821371] PCI: MMCONFIG at [mem 0xb0000000-0xbfffffff] reserved in E820
[STDERR  ] 2017-09-28T08:28:38.465289546Z: [    0.822765] PCI: Using configuration type 1 for base access
[STDOUT  ] 2017-09-28T08:28:38.465288185Z: [    0.000000] ACPI: FACP 0x000000003FFE22A4 000074 (v01 BOCHS  BXPCFACP 00000001 BXPC 00000001)
[STDOUT  ] 2017-09-28T08:28:38.465298198Z: [    0.000000] ACPI: DSDT 0x000000003FFE0040 002264 (v01 BOCHS  BXPCDSDT 00000001 BXPC 00000001)
[STDERR  ] 2017-09-28T08:28:38.465299769Z: [    0.878704] HugeTLB registered 2 MB page size, pre-allocated 0 pages
[STDOUT  ] 2017-09-28T08:28:38.465307815Z: [    0.000000] ACPI: FACS 0x000000003FFE0000 000040
[STDERR  ] 2017-09-28T08:28:38.465311951Z: [    0.891039] ACPI: Added _OSI(Module Device)
[STDOUT  ] 2017-09-28T08:28:38.465317645Z: [    0.000000] ACPI: APIC 0x000000003FFE2318 000078 (v01 BOCHS  BXPCAPIC 00000001 BXPC 00000001)
[STDERR  ] 2017-09-28T08:28:38.465323541Z: [    0.891392] ACPI: Added _OSI(Processor Device)
[STDOUT  ] 2017-09-28T08:28:38.465327033Z: [    0.000000] ACPI: HPET 0x000000003FFE2390 000038 (v01 BOCHS  BXPCHPET 00000001 BXPC 00000001)
[STDOUT  ] 2017-09-28T08:28:38.465337004Z: [    0.000000] ACPI: MCFG 0x000000003FFE23C8 00003C (v01 BOCHS  BXPCMCFG 00000001 BXPC 00000001)
[STDERR  ] 2017-09-28T08:28:38.465333346Z: [    0.891718] ACPI: Added _OSI(3.0 _SCP Extensions)
[STDERR  ] 2017-09-28T08:28:38.465343875Z: [    0.891967] ACPI: Added _OSI(Processor Aggregator Device)
[STDOUT  ] 2017-09-28T08:28:38.465346875Z: [    0.000000] Zone ranges:
[STDERR  ] 2017-09-28T08:28:38.465353898Z: [    0.963967] ACPI: Interpreter enabled
[STDOUT  ] 2017-09-28T08:28:38.465356905Z: [    0.000000]   DMA      [mem 0x0000000000001000-0x0000000000ffffff]
[STDERR  ] 2017-09-28T08:28:38.465363336Z: [    0.965120] ACPI: (supports S0 S5)
[STDOUT  ] 2017-09-28T08:28:38.465367024Z: [    0.000000]   DMA32    [mem 0x0000000001000000-0x000000003ffdefff]
[STDOUT  ] 2017-09-28T08:28:38.465377055Z: [    0.000000]   Normal   empty
[STDERR  ] 2017-09-28T08:28:38.465373945Z: [    0.965592] ACPI: Using IOAPIC for interrupt routing
[STDERR  ] 2017-09-28T08:28:38.465383618Z: [    0.968445] PCI: Using host bridge windows from ACPI; if necessary, use "pci=nocrs" and report a bug
[STDOUT  ] 2017-09-28T08:28:38.465390773Z: [    0.000000] Movable zone start for each node
[STDERR  ] 2017-09-28T08:28:38.465396664Z: [    1.033094] ACPI: PCI Root Bridge [PCI0] (domain 0000 [bus 00-ff])
[STDOUT  ] 2017-09-28T08:28:38.465403665Z: [    0.000000] Early memory node ranges
[STDERR  ] 2017-09-28T08:28:38.465406495Z: [    1.034344] acpi PNP0A08:00: _OSC: OS supports [ExtendedConfig ASPM ClockPM Segments MSI]
[STDOUT  ] 2017-09-28T08:28:38.465413369Z: [    0.000000]   node   0: [mem 0x0000000000001000-0x000000000009efff]
[STDERR  ] 2017-09-28T08:28:38.465416001Z: [    1.041446] acpi PNP0A08:00: _OSC: OS now controls [PCIeHotplug PME PCIeCapability]
[STDOUT  ] 2017-09-28T08:28:38.465423099Z: [    0.000000]   node   0: [mem 0x0000000000100000-0x000000003ffdefff]
[STDERR  ] 2017-09-28T08:28:38.465425603Z: [    1.045207] PCI host bridge to bus 0000:00
[STDERR  ] 2017-09-28T08:28:38.465434975Z: [    1.045697] pci_bus 0000:00: root bus resource [io  0x0000-0x0cf7 window]
[STDOUT  ] 2017-09-28T08:28:38.465432966Z: [    0.000000] Initmem setup node 0 [mem 0x0000000000001000-0x000000003ffdefff]
[STDOUT  ] 2017-09-28T08:28:38.465443085Z: [    0.000000] ACPI: PM-Timer IO Port: 0x608
[STDERR  ] 2017-09-28T08:28:38.465446173Z: [    1.046240] pci_bus 0000:00: root bus resource [io  0x0d00-0xffff window]
[STDOUT  ] 2017-09-28T08:28:38.465453221Z: [    0.000000] ACPI: LAPIC_NMI (acpi_id[0xff] dfl dfl lint[0x1])
[STDERR  ] 2017-09-28T08:28:38.465460951Z: [    1.046726] pci_bus 0000:00: root bus resource [mem 0x000a0000-0x000bffff window]
[STDOUT  ] 2017-09-28T08:28:38.465463139Z: [    0.000000] IOAPIC[0]: apic_id 0, version 32, address 0xfec00000, GSI 0-23
[STDERR  ] 2017-09-28T08:28:38.465470968Z: [    1.047212] pci_bus 0000:00: root bus resource [mem 0xc0000000-0xfebfffff window]
[STDOUT  ] 2017-09-28T08:28:38.465476481Z: [    0.000000] ACPI: INT_SRC_OVR (bus 0 bus_irq 0 global_irq 2 dfl dfl)
[STDERR  ] 2017-09-28T08:28:38.465481058Z: [    1.047904] pci_bus 0000:00: root bus resource [bus 00-ff]
[STDERR  ] 2017-09-28T08:28:38.465490776Z: [    1.158595] pci 0000:00:1f.0: quirk: [io  0x0600-0x067f] claimed by ICH6 ACPI/GPIO/TCO
[STDOUT  ] 2017-09-28T08:28:38.465488214Z: [    0.000000] ACPI: INT_SRC_OVR (bus 0 bus_irq 5 global_irq 5 high level)
[STDERR  ] 2017-09-28T08:28:38.465500053Z: [    1.222071] ACPI: PCI Interrupt Link [LNKA] (IRQs 5 *10 11)
[STDOUT  ] 2017-09-28T08:28:38.465504913Z: [    0.000000] ACPI: INT_SRC_OVR (bus 0 bus_irq 9 global_irq 9 high level)
[STDERR  ] 2017-09-28T08:28:38.465511989Z: [    1.224985] ACPI: PCI Interrupt Link [LNKB] (IRQs 5 *10 11)
[STDOUT  ] 2017-09-28T08:28:38.465515593Z: [    0.000000] ACPI: INT_SRC_OVR (bus 0 bus_irq 10 global_irq 10 high level)
[STDERR  ] 2017-09-28T08:28:38.465521723Z: [    1.227321] ACPI: PCI Interrupt Link [LNKC] (IRQs 5 10 *11)
[STDOUT  ] 2017-09-28T08:28:38.465525859Z: [    0.000000] ACPI: INT_SRC_OVR (bus 0 bus_irq 11 global_irq 11 high level)
[STDERR  ] 2017-09-28T08:28:38.465531846Z: [    1.230618] ACPI: PCI Interrupt Link [LNKD] (IRQs 5 10 *11)
[STDOUT  ] 2017-09-28T08:28:38.465535808Z: [    0.000000] Using ACPI (MADT) for SMP configuration information
[STDERR  ] 2017-09-28T08:28:38.465541288Z: [    1.232571] ACPI: PCI Interrupt Link [LNKE] (IRQs 5 *10 11)
[STDOUT  ] 2017-09-28T08:28:38.465545919Z: [    0.000000] ACPI: HPET id: 0x8086a201 base: 0xfed00000
[STDERR  ] 2017-09-28T08:28:38.465550638Z: [    1.234469] ACPI: PCI Interrupt Link [LNKF] (IRQs 5 *10 11)
[STDOUT  ] 2017-09-28T08:28:38.465557746Z: [    0.000000] smpboot: Allowing 1 CPUs, 0 hotplug CPUs
[STDERR  ] 2017-09-28T08:28:38.465560268Z: [    1.236326] ACPI: PCI Interrupt Link [LNKG] (IRQs 5 10 *11)
[STDOUT  ] 2017-09-28T08:28:38.465567961Z: [    0.000000] e820: [mem 0x40000000-0xafffffff] available for PCI devices
[STDERR  ] 2017-09-28T08:28:38.465573436Z: [    1.238755] ACPI: PCI Interrupt Link [LNKH] (IRQs 5 10 *11)
[STDOUT  ] 2017-09-28T08:28:38.465578045Z: [    0.000000] Booting paravirtualized kernel on bare hardware
[STDERR  ] 2017-09-28T08:28:38.465583031Z: [    1.240180] ACPI: PCI Interrupt Link [GSIA] (IRQs *16)
[STDOUT  ] 2017-09-28T08:28:38.465593155Z: [    0.000000] clocksource: refined-jiffies: mask: 0xffffffff max_cycles: 0xffffffff, max_idle_ns: 19112604462750000 ns
[STDERR  ] 2017-09-28T08:28:38.465594518Z: [    1.241075] ACPI: PCI Interrupt Link [GSIB] (IRQs *17)
[STDERR  ] 2017-09-28T08:28:38.465604944Z: [    1.241802] ACPI: PCI Interrupt Link [GSIC] (IRQs *18)
[STDOUT  ] 2017-09-28T08:28:38.465607988Z: [    0.000000] setup_percpu: NR_CPUS:128 nr_cpumask_bits:128 nr_cpu_ids:1 nr_node_ids:1
[STDERR  ] 2017-09-28T08:28:38.465615129Z: [    1.242640] ACPI: PCI Interrupt Link [GSID] (IRQs *19)
[STDOUT  ] 2017-09-28T08:28:38.465617711Z: [    0.000000] percpu: Embedded 35 pages/cpu @ffff8a7e7de00000 s105240 r8192 d29928 u2097152
[STDERR  ] 2017-09-28T08:28:38.465626086Z: [    1.243427] ACPI: PCI Interrupt Link [GSIE] (IRQs *20)
[STDOUT  ] 2017-09-28T08:28:38.465627698Z: [    0.000000] Built 1 zonelists in Zone order, mobility grouping on.  Total pages: 257896
[STDERR  ] 2017-09-28T08:28:38.465636243Z: [    1.244260] ACPI: PCI Interrupt Link [GSIF] (IRQs *21)
[STDOUT  ] 2017-09-28T08:28:38.465637788Z: [    0.000000] Kernel command line: console=ttyS0
[STDERR  ] 2017-09-28T08:28:38.465645995Z: [    1.245031] ACPI: PCI Interrupt Link [GSIG] (IRQs *22)
[STDOUT  ] 2017-09-28T08:28:38.465648041Z: [    0.000000] PID hash table entries: 4096 (order: 3, 32768 bytes)
[STDERR  ] 2017-09-28T08:28:38.465655428Z: [    1.245793] ACPI: PCI Interrupt Link [GSIH] (IRQs *23)
[STDOUT  ] 2017-09-28T08:28:38.465659985Z: [    0.000000] Dentry cache hash table entries: 131072 (order: 8, 1048576 bytes)
[STDERR  ] 2017-09-28T08:28:38.465665065Z: [    1.249607] ACPI: Enabled 2 GPEs in block 00 to 3F
[STDOUT  ] 2017-09-28T08:28:38.465669919Z: [    0.000000] Inode-cache hash table entries: 65536 (order: 7, 524288 bytes)
[STDERR  ] 2017-09-28T08:28:38.465680791Z: [    1.253877] SCSI subsystem initialized
[STDERR  ] 2017-09-28T08:28:38.465690263Z: [    1.255826] ACPI: bus type USB registered
[STDOUT  ] 2017-09-28T08:28:38.465684729Z: [    0.000000] Memory: 982860K/1048052K available (8036K kernel code, 1367K rwdata, 2696K rodata, 1380K init, 568K bss, 65192K reserved, 0K cma-reserved)
[STDERR  ] 2017-09-28T08:28:38.465700898Z: [    1.256981] usbcore: registered new interface driver usbfs
[STDOUT  ] 2017-09-28T08:28:38.465704149Z: [    0.000000] Hierarchical RCU implementation.
[STDOUT  ] 2017-09-28T08:28:38.465714533Z: [    0.000000] 	Build-time adjustment of leaf fanout to 64.
[STDERR  ] 2017-09-28T08:28:38.465712929Z: [    1.258089] usbcore: registered new interface driver hub
[STDERR  ] 2017-09-28T08:28:38.465722499Z: [    1.258970] usbcore: registered new device driver usb
[STDOUT  ] 2017-09-28T08:28:38.465724395Z: [    0.000000] 	RCU restricting CPUs from NR_CPUS=128 to nr_cpu_ids=1.
[STDOUT  ] 2017-09-28T08:28:38.465734228Z: [    0.000000] RCU: Adjusting geometry for rcu_fanout_leaf=64, nr_cpu_ids=1
[STDERR  ] 2017-09-28T08:28:38.465732259Z: [    1.260708] pps_core: LinuxPPS API ver. 1 registered
[STDOUT  ] 2017-09-28T08:28:38.465744869Z: [    0.000000] NR_IRQS:8448 nr_irqs:256 16
[STDERR  ] 2017-09-28T08:28:38.465742069Z: [    1.261070] pps_core: Software ver. 5.3.6 - Copyright 2005-2007 Rodolfo Giometti <giometti@linux.it>
[STDERR  ] 2017-09-28T08:28:38.465752045Z: [    1.261883] PTP clock support registered
[STDOUT  ] 2017-09-28T08:28:38.465754739Z: [    0.000000] Console: colour VGA+ 80x25
[STDERR  ] 2017-09-28T08:28:38.465761513Z: [    1.263158] wmi: Mapper loaded
[STDOUT  ] 2017-09-28T08:28:38.465764668Z: [    0.000000] console [ttyS0] enabled
[STDERR  ] 2017-09-28T08:28:38.465771214Z: [    1.264351] PCI: Using ACPI for IRQ routing
[STDOUT  ] 2017-09-28T08:28:38.465774566Z: [    0.000000] clocksource: hpet: mask: 0xffffffff max_cycles: 0xffffffff, max_idle_ns: 19112604467 ns
[STDERR  ] 2017-09-28T08:28:38.465780591Z: [    1.283797] NetLabel: Initializing
[STDOUT  ] 2017-09-28T08:28:38.465785121Z: [    0.000000] tsc: Unable to calibrate against PIT
[STDERR  ] 2017-09-28T08:28:38.465794614Z: [    1.284081] NetLabel:  domain hash size = 128
[STDOUT  ] 2017-09-28T08:28:38.465796284Z: [    0.000000] tsc: using HPET reference calibration
[STDERR  ] 2017-09-28T08:28:38.465804219Z: [    1.284535] NetLabel:  protocols = UNLABELED CIPSOv4
[STDOUT  ] 2017-09-28T08:28:38.465805858Z: [    0.000000] tsc: Detected 2600.054 MHz processor
[STDERR  ] 2017-09-28T08:28:38.465814101Z: [    1.287328] NetLabel:  unlabeled traffic allowed by default
[STDOUT  ] 2017-09-28T08:28:38.465815689Z: [    0.042236] Calibrating delay loop (skipped), value calculated using timer frequency.. 5200.10 BogoMIPS (lpj=26000540)
[STDERR  ] 2017-09-28T08:28:38.465824053Z: [    1.288663] HPET: 3 timers in total, 0 timers will be used for per-cpu timer
[STDOUT  ] 2017-09-28T08:28:38.465825568Z: [    0.043485] pid_max: default: 32768 minimum: 301
[STDOUT  ] 2017-09-28T08:28:38.465835681Z: [    0.050686] ACPI: Core revision 20160831
[STDERR  ] 2017-09-28T08:28:38.465834106Z: [    1.289527] hpet0: at MMIO 0xfed00000, IRQs 2, 8, 0
[STDOUT  ] 2017-09-28T08:28:38.465846779Z: [    0.093608] ACPI: 1 ACPI AML tables successfully acquired and loaded
[STDERR  ] 2017-09-28T08:28:38.465846724Z: [    1.290415] hpet0: 3 comparators, 64-bit 100.000000 MHz counter
[STDERR  ] 2017-09-28T08:28:38.465857826Z: [    1.297755] clocksource: Switched to clocksource hpet
[STDOUT  ] 2017-09-28T08:28:38.465856486Z: [    0.098554] Security Framework initialized
[STDOUT  ] 2017-09-28T08:28:38.465866448Z: [    0.098986] Yama: becoming mindful.
[STDERR  ] 2017-09-28T08:28:38.465868331Z: [    1.550483] VFS: Disk quotas dquot_6.6.0
[STDOUT  ] 2017-09-28T08:28:38.465876223Z: [    0.101303] Mount-cache hash table entries: 2048 (order: 2, 16384 bytes)
[STDERR  ] 2017-09-28T08:28:38.465878234Z: [    1.551583] VFS: Dquot-cache hash table entries: 512 (order 0, 4096 bytes)
[STDOUT  ] 2017-09-28T08:28:38.465890178Z: [    0.101893] Mountpoint-cache hash table entries: 2048 (order: 2, 16384 bytes)
[STDERR  ] 2017-09-28T08:28:38.465891638Z: [    1.555509] FS-Cache: Loaded
[STDOUT  ] 2017-09-28T08:28:38.465900245Z: [    0.120686] Last level iTLB entries: 4KB 0, 2MB 0, 4MB 0
[STDERR  ] 2017-09-28T08:28:38.465901829Z: [    1.562618] CacheFiles: Loaded
[STDOUT  ] 2017-09-28T08:28:38.465910536Z: [    0.121215] Last level dTLB entries: 4KB 0, 2MB 0, 4MB 0, 1GB 0
[STDERR  ] 2017-09-28T08:28:38.465911955Z: [    1.564366] pnp: PnP ACPI init
[STDERR  ] 2017-09-28T08:28:38.465922154Z: [    1.576509] pnp: PnP ACPI: found 5 devices
[STDOUT  ] 2017-09-28T08:28:38.465920491Z: [    0.417963] Freeing SMP alternatives memory: 20K
[STDOUT  ] 2017-09-28T08:28:38.465930526Z: [    0.428623] ftrace: allocating 35528 entries in 139 pages
[STDERR  ] 2017-09-28T08:28:38.465931814Z: [    1.628557] clocksource: acpi_pm: mask: 0xffffff max_cycles: 0xffffff, max_idle_ns: 2085701024 ns
[STDOUT  ] 2017-09-28T08:28:38.465944948Z: [    0.590711] smpboot: Max logical packages: 1
[STDERR  ] 2017-09-28T08:28:38.465944065Z: [    1.633255] NET: Registered protocol family 2
[STDERR  ] 2017-09-28T08:28:38.465954275Z: [    1.640808] TCP established hash table entries: 8192 (order: 4, 65536 bytes)
[STDOUT  ] 2017-09-28T08:28:38.465955076Z: [    0.597728] ..TIMER: vector=0x30 apic1=0 pin1=2 apic2=-1 pin2=-1
[STDERR  ] 2017-09-28T08:28:38.465963993Z: [    1.641632] TCP bind hash table entries: 8192 (order: 5, 131072 bytes)
[STDOUT  ] 2017-09-28T08:28:38.465967594Z: [    0.700000] smpboot: CPU0: AMD QEMU Virtual CPU version 2.5+ (family: 0x6, model: 0x6, stepping: 0x3)
[STDOUT  ] 2017-09-28T08:28:38.465977738Z: [    0.700000] Performance Events: PMU not available due to virtualization, using software events only.
[STDERR  ] 2017-09-28T08:28:38.465975784Z: [    1.642409] TCP: Hash tables configured (established 8192 bind 8192)
[STDOUT  ] 2017-09-28T08:28:38.465987243Z: [    0.708657] NMI watchdog: disabled (cpu0): hardware events not enabled
[STDOUT  ] 2017-09-28T08:28:38.466002004Z: [    0.709162] NMI watchdog: Shutting down hard lockup detector on all cpus
[STDOUT  ] 2017-09-28T08:28:38.466015322Z: [    0.713063] x86: Booted up 1 node, 1 CPUs
[STDERR  ] 2017-09-28T08:28:38.465988626Z: [    1.644375] UDP hash table entries: 512 (order: 2, 16384 bytes)
[STDOUT  ] 2017-09-28T08:28:38.46602556Z: [    0.713520] smpboot: Total of 1 processors activated (5200.10 BogoMIPS)
[STDERR  ] 2017-09-28T08:28:38.466031212Z: [    1.644957] UDP-Lite hash table entries: 512 (order: 2, 16384 bytes)
[STDOUT  ] 2017-09-28T08:28:38.466036063Z: [    0.727285] devtmpfs: initialized
[STDERR  ] 2017-09-28T08:28:38.466040898Z: [    1.647355] NET: Registered protocol family 1
[STDOUT  ] 2017-09-28T08:28:38.466046015Z: [    0.734231] x86/mm: Memory block size: 128MB
[STDERR  ] 2017-09-28T08:28:38.466050568Z: [    1.648398] pci 0000:00:01.0: Video device with shadowed ROM at [mem 0x000c0000-0x000dffff]
[STDOUT  ] 2017-09-28T08:28:38.466057373Z: [    0.794489] clocksource: jiffies: mask: 0xffffffff max_cycles: 0xffffffff, max_idle_ns: 19112604462750000 ns
[STDERR  ] 2017-09-28T08:28:38.466060322Z: [    1.655568] Unpacking initramfs...
[STDOUT  ] 2017-09-28T08:28:38.466067202Z: [    0.795520] futex hash table entries: 256 (order: 2, 16384 bytes)
[STDERR  ] 2017-09-28T08:28:38.466069884Z: [    6.446927] Freeing initrd memory: 31312K
[STDOUT  ] 2017-09-28T08:28:38.46607742Z: [    0.805969] NET: Registered protocol family 16
[STDERR  ] 2017-09-28T08:28:38.466079498Z: [    6.473423] PCLMULQDQ-NI instructions are not detected.
[STDERR  ] 2017-09-28T08:28:38.466089298Z: [    6.475051] AVX or AES-NI instructions are not detected.
[STDOUT  ] 2017-09-28T08:28:38.46608716Z: [    0.815378] cpuidle: using governor ladder
[STDERR  ] 2017-09-28T08:28:38.466099537Z: [    6.475601] CPU feature 'AVX registers' is not supported.
[STDOUT  ] 2017-09-28T08:28:38.466102033Z: [    0.815888] cpuidle: using governor menu
[STDERR  ] 2017-09-28T08:28:38.466109518Z: [    6.476101] CPU feature 'AVX registers' is not supported.
[STDOUT  ] 2017-09-28T08:28:38.466116648Z: [    0.817481] ACPI: bus type PCI registered
[STDERR  ] 2017-09-28T08:28:38.466119488Z: [    6.476597] CPU feature 'AVX registers' is not supported.
[STDOUT  ] 2017-09-28T08:28:38.466127103Z: [    0.820544] PCI: MMCONFIG for domain 0000 [bus 00-ff] at [mem 0xb0000000-0xbfffffff] (base 0xb0000000)
[STDERR  ] 2017-09-28T08:28:38.466129435Z: [    6.477114] CPU feature 'AVX registers' is not supported.
[STDOUT  ] 2017-09-28T08:28:38.466137018Z: [    0.821371] PCI: MMCONFIG at [mem 0xb0000000-0xbfffffff] reserved in E820
[STDERR  ] 2017-09-28T08:28:38.4661397Z: [    6.477524] AVX2 or AES-NI instructions are not detected.
[STDOUT  ] 2017-09-28T08:28:38.466146814Z: [    0.822765] PCI: Using configuration type 1 for base access
[STDERR  ] 2017-09-28T08:28:38.466152447Z: [    6.477952] AVX2 instructions are not detected.
[STDOUT  ] 2017-09-28T08:28:38.466156533Z: [    0.878704] HugeTLB registered 2 MB page size, pre-allocated 0 pages
[STDERR  ] 2017-09-28T08:28:38.466162427Z: [    6.484660] audit: initializing netlink subsys (disabled)
[STDOUT  ] 2017-09-28T08:28:38.466166655Z: [    0.891039] ACPI: Added _OSI(Module Device)
[STDOUT  ] 2017-09-28T08:28:38.466176158Z: [    0.891392] ACPI: Added _OSI(Processor Device)
[STDERR  ] 2017-09-28T08:28:38.466174568Z: [    6.486287] audit: type=2000 audit(1506587276.480:1): initialized
[STDERR  ] 2017-09-28T08:28:38.466184298Z: [    6.494242] workingset: timestamp_bits=46 max_order=18 bucket_order=0
[STDOUT  ] 2017-09-28T08:28:38.466185794Z: [    0.891718] ACPI: Added _OSI(3.0 _SCP Extensions)
[STDOUT  ] 2017-09-28T08:28:38.466195148Z: [    0.891967] ACPI: Added _OSI(Processor Aggregator Device)
[STDERR  ] 2017-09-28T08:28:38.466194717Z: [    6.503319] FS-Cache: Netfs 'cifs' registered for caching
[STDOUT  ] 2017-09-28T08:28:38.466204904Z: [    0.963967] ACPI: Interpreter enabled
[STDERR  ] 2017-09-28T08:28:38.466204297Z: [    6.504321] fuse init (API version 7.26)
[STDOUT  ] 2017-09-28T08:28:38.466214248Z: [    0.965120] ACPI: (supports S0 S5)
[STDERR  ] 2017-09-28T08:28:38.466214143Z: [    6.506725] SGI XFS with ACLs, security attributes, no debug enabled
[STDOUT  ] 2017-09-28T08:28:38.46622369Z: [    0.965592] ACPI: Using IOAPIC for interrupt routing
[STDERR  ] 2017-09-28T08:28:38.466229565Z: [    6.511453] 9p: Installing v9fs 9p2000 file system support
[STDOUT  ] 2017-09-28T08:28:38.466235017Z: [    0.968445] PCI: Using host bridge windows from ACPI; if necessary, use "pci=nocrs" and report a bug
[STDERR  ] 2017-09-28T08:28:38.466239724Z: [    6.512121] FS-Cache: Netfs '9p' registered for caching
[STDOUT  ] 2017-09-28T08:28:38.466250163Z: [    1.033094] ACPI: PCI Root Bridge [PCI0] (domain 0000 [bus 00-ff])
[STDERR  ] 2017-09-28T08:28:38.466252032Z: [    6.546217] NET: Registered protocol family 38
[STDERR  ] 2017-09-28T08:28:38.4662618Z: [    6.546857] Key type asymmetric registered
[STDOUT  ] 2017-09-28T08:28:38.466260252Z: [    1.034344] acpi PNP0A08:00: _OSC: OS supports [ExtendedConfig ASPM ClockPM Segments MSI]
[STDOUT  ] 2017-09-28T08:28:38.466270163Z: [    1.041446] acpi PNP0A08:00: _OSC: OS now controls [PCIeHotplug PME PCIeCapability]
[STDERR  ] 2017-09-28T08:28:38.466271438Z: [    6.547302] Asymmetric key parser 'x509' registered
[STDOUT  ] 2017-09-28T08:28:38.466279662Z: [    1.045207] PCI host bridge to bus 0000:00
[STDERR  ] 2017-09-28T08:28:38.466281635Z: [    6.548544] Block layer SCSI generic (bsg) driver version 0.4 loaded (major 251)
[STDOUT  ] 2017-09-28T08:28:38.466289398Z: [    1.045697] pci_bus 0000:00: root bus resource [io  0x0000-0x0cf7 window]
[STDERR  ] 2017-09-28T08:28:38.466291658Z: [    6.551808] io scheduler noop registered
[STDOUT  ] 2017-09-28T08:28:38.466299567Z: [    1.046240] pci_bus 0000:00: root bus resource [io  0x0d00-0xffff window]
[STDERR  ] 2017-09-28T08:28:38.466301175Z: [    6.552165] io scheduler deadline registered (default)
[STDERR  ] 2017-09-28T08:28:38.46631108Z: [    6.553067] io scheduler cfq registered
[STDOUT  ] 2017-09-28T08:28:38.466311173Z: [    1.046726] pci_bus 0000:00: root bus resource [mem 0x000a0000-0x000bffff window]
[STDERR  ] 2017-09-28T08:28:38.466325183Z: [    6.555693] pci_hotplug: PCI Hot Plug PCI Core version: 0.5
[STDOUT  ] 2017-09-28T08:28:38.46632672Z: [    1.047212] pci_bus 0000:00: root bus resource [mem 0xc0000000-0xfebfffff window]
[STDOUT  ] 2017-09-28T08:28:38.466336933Z: [    1.047904] pci_bus 0000:00: root bus resource [bus 00-ff]
[STDERR  ] 2017-09-28T08:28:38.466335352Z: [    6.556352] pciehp: PCI Express Hot Plug Controller Driver version: 0.4
[STDERR  ] 2017-09-28T08:28:38.466345845Z: [    6.557238] shpchp: Standard Hot Plug PCI Controller Driver version: 0.4
[STDOUT  ] 2017-09-28T08:28:38.466346713Z: [    1.158595] pci 0000:00:1f.0: quirk: [io  0x0600-0x067f] claimed by ICH6 ACPI/GPIO/TCO
[STDERR  ] 2017-09-28T08:28:38.46635588Z: [    6.558101] hv_vmbus: registering driver hyperv_fb
[STDOUT  ] 2017-09-28T08:28:38.46635738Z: [    1.222071] ACPI: PCI Interrupt Link [LNKA] (IRQs 5 *10 11)
[STDERR  ] 2017-09-28T08:28:38.466365525Z: [    6.562966] input: Power Button as /devices/LNXSYSTM:00/LNXPWRBN:00/input/input0
[STDOUT  ] 2017-09-28T08:28:38.466367157Z: [    1.224985] ACPI: PCI Interrupt Link [LNKB] (IRQs 5 *10 11)
[STDOUT  ] 2017-09-28T08:28:38.466378174Z: [    1.227321] ACPI: PCI Interrupt Link [LNKC] (IRQs 5 10 *11)
[STDERR  ] 2017-09-28T08:28:38.466376834Z: [    6.564075] ACPI: Power Button [PWRF]
[STDERR  ] 2017-09-28T08:28:38.466391385Z: [    6.569479] GHES: HEST is not enabled!
[STDOUT  ] 2017-09-28T08:28:38.466389337Z: [    1.230618] ACPI: PCI Interrupt Link [LNKD] (IRQs 5 10 *11)
[STDOUT  ] 2017-09-28T08:28:38.466402158Z: [    1.232571] ACPI: PCI Interrupt Link [LNKE] (IRQs 5 *10 11)
[STDERR  ] 2017-09-28T08:28:38.4664007Z: [    6.580538] ACPI: PCI Interrupt Link [GSIG] enabled at IRQ 22
[STDOUT  ] 2017-09-28T08:28:38.466411555Z: [    1.234469] ACPI: PCI Interrupt Link [LNKF] (IRQs 5 *10 11)
[STDERR  ] 2017-09-28T08:28:38.466411027Z: [    6.595710] ACPI: PCI Interrupt Link [GSIH] enabled at IRQ 23
[STDOUT  ] 2017-09-28T08:28:38.466424354Z: [    1.236326] ACPI: PCI Interrupt Link [LNKG] (IRQs 5 10 *11)
[STDERR  ] 2017-09-28T08:28:38.466426907Z: [    6.602119] xenfs: not registering filesystem on non-xen platform
[STDOUT  ] 2017-09-28T08:28:38.46643909Z: [    1.238755] ACPI: PCI Interrupt Link [LNKH] (IRQs 5 10 *11)
[STDERR  ] 2017-09-28T08:28:38.466440713Z: [    6.604310] Serial: 8250/16550 driver, 4 ports, IRQ sharing disabled
[STDOUT  ] 2017-09-28T08:28:38.466449347Z: [    1.240180] ACPI: PCI Interrupt Link [GSIA] (IRQs *16)
[STDERR  ] 2017-09-28T08:28:38.466450772Z: [    6.629356] 00:04: ttyS0 at I/O 0x3f8 (irq = 4, base_baud = 115200) is a 16550A
[STDOUT  ] 2017-09-28T08:28:38.466459635Z: [    1.241075] ACPI: PCI Interrupt Link [GSIB] (IRQs *17)
[STDERR  ] 2017-09-28T08:28:38.466461168Z: [    6.641945] Non-volatile memory driver v1.3
[STDOUT  ] 2017-09-28T08:28:38.466469475Z: [    1.241802] ACPI: PCI Interrupt Link [GSIC] (IRQs *18)
[STDERR  ] 2017-09-28T08:28:38.466471073Z: [    6.648021] Hangcheck: starting hangcheck timer 0.9.1 (tick is 180 seconds, margin is 60 seconds).
[STDOUT  ] 2017-09-28T08:28:38.466480492Z: [    1.242640] ACPI: PCI Interrupt Link [GSID] (IRQs *19)
[STDERR  ] 2017-09-28T08:28:38.466485287Z: [    6.687331] loop: module loaded
[STDOUT  ] 2017-09-28T08:28:38.46649161Z: [    1.243427] ACPI: PCI Interrupt Link [GSIE] (IRQs *20)
[STDERR  ] 2017-09-28T08:28:38.466495423Z: [    6.703855] nbd: registered device at major 43
[STDERR  ] 2017-09-28T08:28:38.466504953Z: [    6.747917] lpc_ich 0000:00:1f.0: I/O space for GPIO uninitialized
[STDOUT  ] 2017-09-28T08:28:38.46650933Z: [    1.244260] ACPI: PCI Interrupt Link [GSIF] (IRQs *21)
[STDERR  ] 2017-09-28T08:28:38.466514433Z: [    6.750633] VMware PVSCSI driver - version 1.0.7.0-k
[STDOUT  ] 2017-09-28T08:28:38.466519292Z: [    1.245031] ACPI: PCI Interrupt Link [GSIG] (IRQs *22)
[STDERR  ] 2017-09-28T08:28:38.466524012Z: [    6.751503] hv_vmbus: registering driver hv_storvsc
[STDOUT  ] 2017-09-28T08:28:38.466530527Z: [    1.245793] ACPI: PCI Interrupt Link [GSIH] (IRQs *23)
[STDOUT  ] 2017-09-28T08:28:38.466540814Z: [    1.249607] ACPI: Enabled 2 GPEs in block 00 to 3F
[STDERR  ] 2017-09-28T08:28:38.466537903Z: [    6.762689] ACPI: PCI Interrupt Link [GSIA] enabled at IRQ 16
[STDERR  ] 2017-09-28T08:28:38.466547617Z: [    6.768775] ahci 0000:00:1f.2: AHCI 0001.0000 32 slots 6 ports 1.5 Gbps 0x3f impl SATA mode
[STDOUT  ] 2017-09-28T08:28:38.466550913Z: [    1.253877] SCSI subsystem initialized
[STDERR  ] 2017-09-28T08:28:38.46655723Z: [    6.769610] ahci 0000:00:1f.2: flags: 64bit ncq only 
[STDOUT  ] 2017-09-28T08:28:38.466560418Z: [    1.255826] ACPI: bus type USB registered
[STDERR  ] 2017-09-28T08:28:38.466567193Z: [    6.790770] scsi host0: ahci
[STDOUT  ] 2017-09-28T08:28:38.466570038Z: [    1.256981] usbcore: registered new interface driver usbfs
[STDERR  ] 2017-09-28T08:28:38.466576697Z: [    6.796251] scsi host1: ahci
[STDERR  ] 2017-09-28T08:28:38.466586353Z: [    6.798745] scsi host2: ahci
[STDOUT  ] 2017-09-28T08:28:38.466582464Z: [    1.258089] usbcore: registered new interface driver hub
[STDOUT  ] 2017-09-28T08:28:38.466593153Z: [    1.258970] usbcore: registered new device driver usb
[STDERR  ] 2017-09-28T08:28:38.466596054Z: [    6.801366] scsi host3: ahci
[STDOUT  ] 2017-09-28T08:28:38.466603143Z: [    1.260708] pps_core: LinuxPPS API ver. 1 registered
[STDERR  ] 2017-09-28T08:28:38.46660677Z: [    6.803721] scsi host4: ahci
[STDOUT  ] 2017-09-28T08:28:38.466613713Z: [    1.261070] pps_core: Software ver. 5.3.6 - Copyright 2005-2007 Rodolfo Giometti <giometti@linux.it>
[STDERR  ] 2017-09-28T08:28:38.466616864Z: [    6.806100] scsi host5: ahci
[STDOUT  ] 2017-09-28T08:28:38.466624948Z: [    1.261883] PTP clock support registered
[STDERR  ] 2017-09-28T08:28:38.466626345Z: [    6.808007] ata1: SATA max UDMA/133 abar m4096@0xfebd2000 port 0xfebd2100 irq 24
[STDERR  ] 2017-09-28T08:28:38.466636353Z: [    6.808579] ata2: SATA max UDMA/133 abar m4096@0xfebd2000 port 0xfebd2180 irq 24
[STDOUT  ] 2017-09-28T08:28:38.46663445Z: [    1.263158] wmi: Mapper loaded
[STDOUT  ] 2017-09-28T08:28:38.466644168Z: [    1.264351] PCI: Using ACPI for IRQ routing
[STDERR  ] 2017-09-28T08:28:38.466645865Z: [    6.809083] ata3: SATA max UDMA/133 abar m4096@0xfebd2000 port 0xfebd2200 irq 24
[STDOUT  ] 2017-09-28T08:28:38.466658208Z: [    1.283797] NetLabel: Initializing
[STDOUT  ] 2017-09-28T08:28:38.466667607Z: [    1.284081] NetLabel:  domain hash size = 128
[STDERR  ] 2017-09-28T08:28:38.466662514Z: [    6.809542] ata4: SATA max UDMA/133 abar m4096@0xfebd2000 port 0xfebd2280 irq 24
[STDOUT  ] 2017-09-28T08:28:38.466677383Z: [    1.284535] NetLabel:  protocols = UNLABELED CIPSOv4
[STDERR  ] 2017-09-28T08:28:38.466674022Z: [    6.810096] ata5: SATA max UDMA/133 abar m4096@0xfebd2000 port 0xfebd2300 irq 24
[STDERR  ] 2017-09-28T08:28:38.466685992Z: [    6.810826] ata6: SATA max UDMA/133 abar m4096@0xfebd2000 port 0xfebd2380 irq 24
[STDOUT  ] 2017-09-28T08:28:38.466688485Z: [    1.287328] NetLabel:  unlabeled traffic allowed by default
[STDERR  ] 2017-09-28T08:28:38.466695625Z: [    6.824072] tun: Universal TUN/TAP device driver, 1.6
[STDOUT  ] 2017-09-28T08:28:38.466698533Z: [    1.288663] HPET: 3 timers in total, 0 timers will be used for per-cpu timer
[STDERR  ] 2017-09-28T08:28:38.466705874Z: [    6.824466] tun: (C) 1999-2004 Max Krasnyansky <maxk@qualcomm.com>
[STDOUT  ] 2017-09-28T08:28:38.466708373Z: [    1.289527] hpet0: at MMIO 0xfed00000, IRQs 2, 8, 0
[STDERR  ] 2017-09-28T08:28:38.466715443Z: [    6.835192] VMware vmxnet3 virtual NIC driver - version 1.4.a.0-k-NAPI
[STDOUT  ] 2017-09-28T08:28:38.466718284Z: [    1.290415] hpet0: 3 comparators, 64-bit 100.000000 MHz counter
[STDERR  ] 2017-09-28T08:28:38.466725208Z: [    6.836254] hv_vmbus: registering driver hv_netvsc
[STDOUT  ] 2017-09-28T08:28:38.466727962Z: [    1.297755] clocksource: Switched to clocksource hpet
[STDOUT  ] 2017-09-28T08:28:38.466737612Z: [    1.550483] VFS: Disk quotas dquot_6.6.0
[STDERR  ] 2017-09-28T08:28:38.466734847Z: [    6.836626] Fusion MPT base driver 3.04.20
[STDERR  ] 2017-09-28T08:28:38.466748105Z: [    6.836946] Copyright (c) 1999-2008 LSI Corporation
[STDOUT  ] 2017-09-28T08:28:38.466751148Z: [    1.551583] VFS: Dquot-cache hash table entries: 512 (order 0, 4096 bytes)
[STDERR  ] 2017-09-28T08:28:38.466757384Z: [    6.837626] Fusion MPT SPI Host driver 3.04.20
[STDOUT  ] 2017-09-28T08:28:38.46676158Z: [    1.555509] FS-Cache: Loaded
[STDERR  ] 2017-09-28T08:28:38.466766465Z: [    6.839716] i8042: PNP: PS/2 Controller [PNP0303:KBD,PNP0f13:MOU] at 0x60,0x64 irq 1,12
[STDOUT  ] 2017-09-28T08:28:38.466771612Z: [    1.562618] CacheFiles: Loaded
[STDERR  ] 2017-09-28T08:28:38.466775964Z: [    6.844119] serio: i8042 KBD port at 0x60,0x64 irq 1
[STDOUT  ] 2017-09-28T08:28:38.46678294Z: [    1.564366] pnp: PnP ACPI init
[STDERR  ] 2017-09-28T08:28:38.466786652Z: [    6.844794] serio: i8042 AUX port at 0x60,0x64 irq 12
[STDOUT  ] 2017-09-28T08:28:38.46679279Z: [    1.576509] pnp: PnP ACPI: found 5 devices
[STDERR  ] 2017-09-28T08:28:38.46679641Z: [    6.847877] hv_vmbus: registering driver hyperv_keyboard
[STDERR  ] 2017-09-28T08:28:38.466806022Z: [    6.850514] mousedev: PS/2 mouse device common for all mice
[STDOUT  ] 2017-09-28T08:28:38.466803022Z: [    1.628557] clocksource: acpi_pm: mask: 0xffffff max_cycles: 0xffffff, max_idle_ns: 2085701024 ns
[STDERR  ] 2017-09-28T08:28:38.466816298Z: [    6.855252] input: AT Translated Set 2 keyboard as /devices/platform/i8042/serio0/input/input1
[STDOUT  ] 2017-09-28T08:28:38.466817128Z: [    1.633255] NET: Registered protocol family 2
[STDERR  ] 2017-09-28T08:28:38.466826034Z: [    6.858287] input: PC Speaker as /devices/platform/pcspkr/input/input2
[STDOUT  ] 2017-09-28T08:28:38.466827513Z: [    1.640808] TCP established hash table entries: 8192 (order: 4, 65536 bytes)
[STDOUT  ] 2017-09-28T08:28:38.466837394Z: [    1.641632] TCP bind hash table entries: 8192 (order: 5, 131072 bytes)
[STDERR  ] 2017-09-28T08:28:38.466835745Z: [    6.862300] rtc_cmos 00:00: RTC can wake from S4
[STDERR  ] 2017-09-28T08:28:38.466845108Z: [    6.865520] rtc_cmos 00:00: rtc core: registered rtc_cmos as rtc0
[STDOUT  ] 2017-09-28T08:28:38.466847538Z: [    1.642409] TCP: Hash tables configured (established 8192 bind 8192)
[STDERR  ] 2017-09-28T08:28:38.466854603Z: [    6.867273] rtc_cmos 00:00: alarms up to one day, y3k, 114 bytes nvram, hpet irqs
[STDOUT  ] 2017-09-28T08:28:38.466864014Z: [    1.644375] UDP hash table entries: 512 (order: 2, 16384 bytes)
[STDERR  ] 2017-09-28T08:28:38.466867704Z: [    6.868099] i2c /dev entries driver
[STDOUT  ] 2017-09-28T08:28:38.466873722Z: [    1.644957] UDP-Lite hash table entries: 512 (order: 2, 16384 bytes)
[STDERR  ] 2017-09-28T08:28:38.466877364Z: [    6.870038] device-mapper: ioctl: 4.35.0-ioctl (2016-06-23) initialised: dm-devel@redhat.com
[STDOUT  ] 2017-09-28T08:28:38.466885942Z: [    1.647355] NET: Registered protocol family 1
[STDERR  ] 2017-09-28T08:28:38.466887562Z: [    6.875010] usbcore: registered new interface driver usbhid
[STDERR  ] 2017-09-28T08:28:38.46689735Z: [    6.875302] usbhid: USB HID core driver
[STDOUT  ] 2017-09-28T08:28:38.466895774Z: [    1.648398] pci 0000:00:01.0: Video device with shadowed ROM at [mem 0x000c0000-0x000dffff]
[STDOUT  ] 2017-09-28T08:28:38.466905637Z: [    1.655568] Unpacking initramfs...
[STDERR  ] 2017-09-28T08:28:38.46690691Z: [    6.875918] hv_utils: Registering HyperV Utility Driver
[STDOUT  ] 2017-09-28T08:28:38.466915024Z: [    6.446927] Freeing initrd memory: 31312K
[STDERR  ] 2017-09-28T08:28:38.466919453Z: [    6.876276] hv_vmbus: registering driver hv_util
[STDERR  ] 2017-09-28T08:28:38.466929071Z: [    6.876588] hv_vmbus: registering driver hv_balloon
[STDOUT  ] 2017-09-28T08:28:38.466929272Z: [    6.473423] PCLMULQDQ-NI instructions are not detected.
[STDERR  ] 2017-09-28T08:28:38.466938946Z: [    6.877162] oprofile: using NMI interrupt.
[STDOUT  ] 2017-09-28T08:28:38.466939073Z: [    6.475051] AVX or AES-NI instructions are not detected.
[STDERR  ] 2017-09-28T08:28:38.466948652Z: [    6.878345] GACT probability on
[STDOUT  ] 2017-09-28T08:28:38.466953159Z: [    6.475601] CPU feature 'AVX registers' is not supported.
[STDOUT  ] 2017-09-28T08:28:38.466969397Z: [    6.476101] CPU feature 'AVX registers' is not supported.
[STDERR  ] 2017-09-28T08:28:38.466967802Z: [    6.878865] Mirror/redirect action on
[STDERR  ] 2017-09-28T08:28:38.466977746Z: [    6.879782] Simple TC action Loaded
[STDOUT  ] 2017-09-28T08:28:38.466979287Z: [    6.476597] CPU feature 'AVX registers' is not supported.
[STDERR  ] 2017-09-28T08:28:38.466987129Z: [    6.880665] u32 classifier
[STDOUT  ] 2017-09-28T08:28:38.466989031Z: [    6.477114] CPU feature 'AVX registers' is not supported.
[STDERR  ] 2017-09-28T08:28:38.467003016Z: [    6.880924]     Performance counters on
[STDOUT  ] 2017-09-28T08:28:38.467004156Z: [    6.477524] AVX2 or AES-NI instructions are not detected.
[STDERR  ] 2017-09-28T08:28:38.467013077Z: [    6.881167]     input device check on
[STDOUT  ] 2017-09-28T08:28:38.467013547Z: [    6.477952] AVX2 instructions are not detected.
[STDERR  ] 2017-09-28T08:28:38.467022584Z: [    6.881450]     Actions configured
[STDOUT  ] 2017-09-28T08:28:38.467022873Z: [    6.484660] audit: initializing netlink subsys (disabled)
[STDERR  ] 2017-09-28T08:28:38.467031832Z: [    6.882010] Netfilter messages via NETLINK v0.30.
[STDOUT  ] 2017-09-28T08:28:38.467033633Z: [    6.486287] audit: type=2000 audit(1506587276.480:1): initialized
[STDERR  ] 2017-09-28T08:28:38.467041217Z: [    6.882830] nfnl_acct: registering with nfnetlink.
[STDOUT  ] 2017-09-28T08:28:38.467046261Z: [    6.494242] workingset: timestamp_bits=46 max_order=18 bucket_order=0
[STDERR  ] 2017-09-28T08:28:38.467052663Z: [    6.884246] nf_conntrack version 0.5.0 (8192 buckets, 32768 max)
[STDOUT  ] 2017-09-28T08:28:38.467056444Z: [    6.503319] FS-Cache: Netfs 'cifs' registered for caching
[STDERR  ] 2017-09-28T08:28:38.467063303Z: [    6.887182] ctnetlink v0.93: registering with nfnetlink.
[STDOUT  ] 2017-09-28T08:28:38.467066676Z: [    6.504321] fuse init (API version 7.26)
[STDERR  ] 2017-09-28T08:28:38.467073433Z: [    6.890940] nf_tables: (c) 2007-2009 Patrick McHardy <kaber@trash.net>
[STDOUT  ] 2017-09-28T08:28:38.467076213Z: [    6.506725] SGI XFS with ACLs, security attributes, no debug enabled
[STDERR  ] 2017-09-28T08:28:38.467083104Z: [    6.891800] nf_tables_compat: (c) 2012 Pablo Neira Ayuso <pablo@netfilter.org>
[STDERR  ] 2017-09-28T08:28:38.467094236Z: [    6.894148] xt_time: kernel timezone is -0000
[STDOUT  ] 2017-09-28T08:28:38.467091061Z: [    6.511453] 9p: Installing v9fs 9p2000 file system support
[STDOUT  ] 2017-09-28T08:28:38.467102766Z: [    6.512121] FS-Cache: Netfs '9p' registered for caching
[STDERR  ] 2017-09-28T08:28:38.467103656Z: [    6.894643] ip_set: protocol 6
[STDOUT  ] 2017-09-28T08:28:38.467112506Z: [    6.546217] NET: Registered protocol family 38
[STDERR  ] 2017-09-28T08:28:38.467113972Z: [    6.895284] IPVS: Registered protocols (TCP, UDP, SCTP, AH, ESP)
[STDOUT  ] 2017-09-28T08:28:38.467122052Z: [    6.546857] Key type asymmetric registered
[STDERR  ] 2017-09-28T08:28:38.467124892Z: [    6.895881] IPVS: Connection hash table configured (size=4096, memory=64Kbytes)
[STDOUT  ] 2017-09-28T08:28:38.467131522Z: [    6.547302] Asymmetric key parser 'x509' registered
[STDERR  ] 2017-09-28T08:28:38.467134859Z: [    6.897605] IPVS: Creating netns size=2104 id=0
[STDOUT  ] 2017-09-28T08:28:38.467140741Z: [    6.548544] Block layer SCSI generic (bsg) driver version 0.4 loaded (major 251)
[STDERR  ] 2017-09-28T08:28:38.467149021Z: [    6.900791] IPVS: ipvs loaded.
[STDOUT  ] 2017-09-28T08:28:38.467150766Z: [    6.551808] io scheduler noop registered
[STDOUT  ] 2017-09-28T08:28:38.467160751Z: [    6.552165] io scheduler deadline registered (default)
[STDERR  ] 2017-09-28T08:28:38.467159057Z: [    6.901166] IPVS: [rr] scheduler registered.
[STDOUT  ] 2017-09-28T08:28:38.467170861Z: [    6.553067] io scheduler cfq registered
[STDERR  ] 2017-09-28T08:28:38.467168432Z: [    6.901528] IPVS: [wrr] scheduler registered.
[STDERR  ] 2017-09-28T08:28:38.467177797Z: [    6.901830] IPVS: [lc] scheduler registered.
[STDOUT  ] 2017-09-28T08:28:38.467180337Z: [    6.555693] pci_hotplug: PCI Hot Plug PCI Core version: 0.5
[STDERR  ] 2017-09-28T08:28:38.467191343Z: [    6.902093] IPVS: [wlc] scheduler registered.
[STDOUT  ] 2017-09-28T08:28:38.467192799Z: [    6.556352] pciehp: PCI Express Hot Plug Controller Driver version: 0.4
[STDERR  ] 2017-09-28T08:28:38.467201076Z: [    6.902417] IPVS: [fo] scheduler registered.
[STDOUT  ] 2017-09-28T08:28:38.467202946Z: [    6.557238] shpchp: Standard Hot Plug PCI Controller Driver version: 0.4
[STDERR  ] 2017-09-28T08:28:38.467210661Z: [    6.902704] IPVS: [ovf] scheduler registered.
[STDOUT  ] 2017-09-28T08:28:38.467212719Z: [    6.558101] hv_vmbus: registering driver hyperv_fb
[STDERR  ] 2017-09-28T08:28:38.467220243Z: [    6.903140] IPVS: [lblc] scheduler registered.
[STDOUT  ] 2017-09-28T08:28:38.467222227Z: [    6.562966] input: Power Button as /devices/LNXSYSTM:00/LNXPWRBN:00/input/input0
[STDERR  ] 2017-09-28T08:28:38.467229766Z: [    6.903568] IPVS: [lblcr] scheduler registered.
[STDOUT  ] 2017-09-28T08:28:38.467231654Z: [    6.564075] ACPI: Power Button [PWRF]
[STDERR  ] 2017-09-28T08:28:38.467239446Z: [    6.903940] IPVS: [dh] scheduler registered.
[STDOUT  ] 2017-09-28T08:28:38.467241161Z: [    6.569479] GHES: HEST is not enabled!
[STDERR  ] 2017-09-28T08:28:38.467248999Z: [    6.904209] IPVS: [sh] scheduler registered.
[STDOUT  ] 2017-09-28T08:28:38.467250747Z: [    6.580538] ACPI: PCI Interrupt Link [GSIG] enabled at IRQ 22
[STDERR  ] 2017-09-28T08:28:38.467258474Z: [    6.904486] IPVS: [sed] scheduler registered.
[STDOUT  ] 2017-09-28T08:28:38.467262252Z: [    6.595710] ACPI: PCI Interrupt Link [GSIH] enabled at IRQ 23
[STDERR  ] 2017-09-28T08:28:38.467269003Z: [    6.904791] IPVS: [nq] scheduler registered.
[STDOUT  ] 2017-09-28T08:28:38.467271936Z: [    6.602119] xenfs: not registering filesystem on non-xen platform
[STDOUT  ] 2017-09-28T08:28:38.467281472Z: [    6.604310] Serial: 8250/16550 driver, 4 ports, IRQ sharing disabled
[STDERR  ] 2017-09-28T08:28:38.467278471Z: [    6.905521] IPVS: ftp: loaded support on port[0] = 21
[STDERR  ] 2017-09-28T08:28:38.467288302Z: [    6.906408] ipip: IPv4 and MPLS over IPv4 tunneling driver
[STDOUT  ] 2017-09-28T08:28:38.467291236Z: [    6.629356] 00:04: ttyS0 at I/O 0x3f8 (irq = 4, base_baud = 115200) is a 16550A
[STDERR  ] 2017-09-28T08:28:38.467302032Z: [    6.910938] gre: GRE over IPv4 demultiplexor driver
[STDOUT  ] 2017-09-28T08:28:38.467303476Z: [    6.641945] Non-volatile memory driver v1.3
[STDERR  ] 2017-09-28T08:28:38.467311873Z: [    6.913556] ip_tables: (C) 2000-2006 Netfilter Core Team
[STDOUT  ] 2017-09-28T08:28:38.467313577Z: [    6.648021] Hangcheck: starting hangcheck timer 0.9.1 (tick is 180 seconds, margin is 60 seconds).
[STDERR  ] 2017-09-28T08:28:38.467321519Z: [    6.916782] ipt_CLUSTERIP: ClusterIP Version 0.8 loaded successfully
[STDOUT  ] 2017-09-28T08:28:38.467323599Z: [    6.687331] loop: module loaded
[STDERR  ] 2017-09-28T08:28:38.467331162Z: [    6.917485] arp_tables: arp_tables: (C) 2002 David S. Miller
[STDOUT  ] 2017-09-28T08:28:38.467338223Z: [    6.703855] nbd: registered device at major 43
[STDERR  ] 2017-09-28T08:28:38.467340339Z: [    6.919783] NET: Registered protocol family 10
[STDOUT  ] 2017-09-28T08:28:38.467347887Z: [    6.747917] lpc_ich 0000:00:1f.0: I/O space for GPIO uninitialized
[STDERR  ] 2017-09-28T08:28:38.467349714Z: [    6.929370] ip6_tables: (C) 2000-2006 Netfilter Core Team
[STDERR  ] 2017-09-28T08:28:38.467359791Z: [    6.937732] NET: Registered protocol family 17
[STDOUT  ] 2017-09-28T08:28:38.467357587Z: [    6.750633] VMware PVSCSI driver - version 1.0.7.0-k
[STDOUT  ] 2017-09-28T08:28:38.467367393Z: [    6.751503] hv_vmbus: registering driver hv_storvsc
[STDERR  ] 2017-09-28T08:28:38.467369017Z: [    6.938778] Bridge firewalling registered
[STDERR  ] 2017-09-28T08:28:38.467378716Z: [    6.939355] Ebtables v2.0 registered
[STDOUT  ] 2017-09-28T08:28:38.467377314Z: [    6.762689] ACPI: PCI Interrupt Link [GSIA] enabled at IRQ 16
[STDERR  ] 2017-09-28T08:28:38.467387909Z: [    6.941829] 8021q: 802.1Q VLAN Support v1.8
[STDOUT  ] 2017-09-28T08:28:38.467391949Z: [    6.768775] ahci 0000:00:1f.2: AHCI 0001.0000 32 slots 6 ports 1.5 Gbps 0x3f impl SATA mode
[STDERR  ] 2017-09-28T08:28:38.467397163Z: [    6.943327] 9pnet: Installing 9P2000 support
[STDOUT  ] 2017-09-28T08:28:38.467401797Z: [    6.769610] ahci 0000:00:1f.2: flags: 64bit ncq only 
[STDERR  ] 2017-09-28T08:28:38.467408391Z: [    6.944821] Key type dns_resolver registered
[STDOUT  ] 2017-09-28T08:28:38.467411424Z: [    6.790770] scsi host0: ahci
[STDOUT  ] 2017-09-28T08:28:38.467421289Z: [    6.796251] scsi host1: ahci
[STDERR  ] 2017-09-28T08:28:38.467419527Z: [    6.945789] microcode: AMD CPU family 0x6 not supported
[STDOUT  ] 2017-09-28T08:28:38.467430637Z: [    6.798745] scsi host2: ahci
[STDERR  ] 2017-09-28T08:28:38.467429821Z: [    6.949564] registered taskstats version 1
[STDERR  ] 2017-09-28T08:28:38.467439144Z: [    7.143315] ata2: SATA link down (SStatus 0 SControl 300)
[STDOUT  ] 2017-09-28T08:28:38.467440291Z: [    6.801366] scsi host3: ahci
[STDOUT  ] 2017-09-28T08:28:38.467449519Z: [    6.803721] scsi host4: ahci
[STDERR  ] 2017-09-28T08:28:38.467450769Z: [    7.146589] ata1: SATA link up 1.5 Gbps (SStatus 113 SControl 300)
[STDOUT  ] 2017-09-28T08:28:38.467459166Z: [    6.806100] scsi host5: ahci
[STDERR  ] 2017-09-28T08:28:38.467460756Z: [    7.151200] ata1.00: ATA-7: QEMU HARDDISK, 2.5+, max UDMA/100
[STDOUT  ] 2017-09-28T08:28:38.467468941Z: [    6.808007] ata1: SATA max UDMA/133 abar m4096@0xfebd2000 port 0xfebd2100 irq 24
[STDERR  ] 2017-09-28T08:28:38.467470473Z: [    7.151627] ata1.00: 1048576 sectors, multi 16: LBA48 NCQ (depth 31/32)
[STDERR  ] 2017-09-28T08:28:38.467480429Z: [    7.152254] ata1.00: applying bridge limits
[STDOUT  ] 2017-09-28T08:28:38.467478826Z: [    6.808579] ata2: SATA max UDMA/133 abar m4096@0xfebd2000 port 0xfebd2180 irq 24
[STDERR  ] 2017-09-28T08:28:38.467490103Z: [    7.154942] ata6: SATA link down (SStatus 0 SControl 300)
[STDOUT  ] 2017-09-28T08:28:38.467493826Z: [    6.809083] ata3: SATA max UDMA/133 abar m4096@0xfebd2000 port 0xfebd2200 irq 24
[STDERR  ] 2017-09-28T08:28:38.467502247Z: [    7.155581] ata3: SATA link up 1.5 Gbps (SStatus 113 SControl 300)
[STDOUT  ] 2017-09-28T08:28:38.467510764Z: [    6.809542] ata4: SATA max UDMA/133 abar m4096@0xfebd2000 port 0xfebd2280 irq 24
[STDERR  ] 2017-09-28T08:28:38.467519294Z: [    7.156394] ata3.00: ATAPI: QEMU DVD-ROM, 2.5+, max UDMA/100
[STDOUT  ] 2017-09-28T08:28:38.467520487Z: [    6.810096] ata5: SATA max UDMA/133 abar m4096@0xfebd2000 port 0xfebd2300 irq 24
[STDERR  ] 2017-09-28T08:28:38.467529187Z: [    7.156785] ata3.00: applying bridge limits
[STDOUT  ] 2017-09-28T08:28:38.467530757Z: [    6.810826] ata6: SATA max UDMA/133 abar m4096@0xfebd2000 port 0xfebd2380 irq 24
[STDOUT  ] 2017-09-28T08:28:38.467543221Z: [    6.824072] tun: Universal TUN/TAP device driver, 1.6
[STDERR  ] 2017-09-28T08:28:38.467544354Z: [    7.157809] ata3.00: configured for UDMA/100
[STDERR  ] 2017-09-28T08:28:38.467553464Z: [    7.159559] ata4: SATA link down (SStatus 0 SControl 300)
[STDOUT  ] 2017-09-28T08:28:38.467553999Z: [    6.824466] tun: (C) 1999-2004 Max Krasnyansky <maxk@qualcomm.com>
[STDERR  ] 2017-09-28T08:28:38.467563474Z: [    7.160061] ata5: SATA link down (SStatus 0 SControl 300)
[STDOUT  ] 2017-09-28T08:28:38.467565432Z: [    6.835192] VMware vmxnet3 virtual NIC driver - version 1.4.a.0-k-NAPI
[STDERR  ] 2017-09-28T08:28:38.467573667Z: [    7.161148] ata1.00: configured for UDMA/100
[STDOUT  ] 2017-09-28T08:28:38.467575134Z: [    6.836254] hv_vmbus: registering driver hv_netvsc
[STDERR  ] 2017-09-28T08:28:38.467583179Z: [    7.179217] scsi 0:0:0:0: Direct-Access     ATA      QEMU HARDDISK    2.5+ PQ: 0 ANSI: 5
[STDOUT  ] 2017-09-28T08:28:38.467585891Z: [    6.836626] Fusion MPT base driver 3.04.20
[STDOUT  ] 2017-09-28T08:28:38.467595347Z: [    6.836946] Copyright (c) 1999-2008 LSI Corporation
[STDERR  ] 2017-09-28T08:28:38.467592757Z: [    7.194188] sd 0:0:0:0: [sda] 1048576 512-byte logical blocks: (537 MB/512 MiB)
[STDOUT  ] 2017-09-28T08:28:38.467605013Z: [    6.837626] Fusion MPT SPI Host driver 3.04.20
[STDERR  ] 2017-09-28T08:28:38.467606802Z: [    7.198130] sd 0:0:0:0: [sda] Write Protect is off
[STDOUT  ] 2017-09-28T08:28:38.467614609Z: [    6.839716] i8042: PNP: PS/2 Controller [PNP0303:KBD,PNP0f13:MOU] at 0x60,0x64 irq 1,12
[STDERR  ] 2017-09-28T08:28:38.467616246Z: [    7.199545] Key type big_key registered
[STDERR  ] 2017-09-28T08:28:38.467625773Z: [    7.202733] sd 0:0:0:0: [sda] Write cache: enabled, read cache: enabled, doesn't support DPO or FUA
[STDOUT  ] 2017-09-28T08:28:38.467624274Z: [    6.844119] serio: i8042 KBD port at 0x60,0x64 irq 1
[STDOUT  ] 2017-09-28T08:28:38.467634137Z: [    6.844794] serio: i8042 AUX port at 0x60,0x64 irq 12
[STDERR  ] 2017-09-28T08:28:38.467635249Z: [    7.204382] sd 0:0:0:0: Attached scsi generic sg0 type 0
[STDOUT  ] 2017-09-28T08:28:38.467643929Z: [    6.847877] hv_vmbus: registering driver hyperv_keyboard
[STDERR  ] 2017-09-28T08:28:38.467645423Z: [    7.215746] scsi 2:0:0:0: CD-ROM            QEMU     QEMU DVD-ROM     2.5+ PQ: 0 ANSI: 5
[STDERR  ] 2017-09-28T08:28:38.467655059Z: [    7.233308] sr 2:0:0:0: [sr0] scsi3-mmc drive: 4x/4x cd/rw xa/form2 tray
[STDOUT  ] 2017-09-28T08:28:38.467653394Z: [    6.850514] mousedev: PS/2 mouse device common for all mice
[STDOUT  ] 2017-09-28T08:28:38.467662693Z: [    6.855252] input: AT Translated Set 2 keyboard as /devices/platform/i8042/serio0/input/input1
[STDERR  ] 2017-09-28T08:28:38.467666772Z: [    7.234079] cdrom: Uniform CD-ROM driver Revision: 3.20
[STDOUT  ] 2017-09-28T08:28:38.467672211Z: [    6.858287] input: PC Speaker as /devices/platform/pcspkr/input/input2
[STDERR  ] 2017-09-28T08:28:38.467676472Z: [    7.252187] sr 2:0:0:0: Attached scsi generic sg1 type 5
[STDOUT  ] 2017-09-28T08:28:38.467681404Z: [    6.862300] rtc_cmos 00:00: RTC can wake from S4
[STDERR  ] 2017-09-28T08:28:38.467687389Z: [    7.265197] sd 0:0:0:0: [sda] Attached SCSI disk
[STDERR  ] 2017-09-28T08:28:38.467696959Z: [    7.301454] Key type encrypted registered
[STDOUT  ] 2017-09-28T08:28:38.467693687Z: [    6.865520] rtc_cmos 00:00: rtc core: registered rtc_cmos as rtc0
[STDOUT  ] 2017-09-28T08:28:38.467703634Z: [    6.867273] rtc_cmos 00:00: alarms up to one day, y3k, 114 bytes nvram, hpet irqs
[STDERR  ] 2017-09-28T08:28:38.467706409Z: [    7.307522] rtc_cmos 00:00: setting system clock to 2017-09-28 08:27:58 UTC (1506587278)
[STDERR  ] 2017-09-28T08:28:38.467724354Z: [    7.453804] Freeing unused kernel memory: 1380K
[STDOUT  ] 2017-09-28T08:28:38.467723161Z: [    6.868099] i2c /dev entries driver
[STDERR  ] 2017-09-28T08:28:38.467733721Z: [    7.454265] Write protecting the kernel read-only data: 12288k
[STDOUT  ] 2017-09-28T08:28:38.467734403Z: [    6.870038] device-mapper: ioctl: 4.35.0-ioctl (2016-06-23) initialised: dm-devel@redhat.com
[STDERR  ] 2017-09-28T08:28:38.467743884Z: [    7.462563] Freeing unused kernel memory: 140K
[STDOUT  ] 2017-09-28T08:28:38.467745456Z: [    6.875010] usbcore: registered new interface driver usbhid
[STDERR  ] 2017-09-28T08:28:38.467753511Z: [    7.578704] Freeing unused kernel memory: 1400K
[STDOUT  ] 2017-09-28T08:28:38.467755069Z: [    6.875302] usbhid: USB HID core driver
[STDERR  ] 2017-09-28T08:28:38.467762977Z: [    7.579648] tsc: Refined TSC clocksource calibration: 2600.003 MHz
[STDOUT  ] 2017-09-28T08:28:38.467764597Z: [    6.875918] hv_utils: Registering HyperV Utility Driver
[STDERR  ] 2017-09-28T08:28:38.467772946Z: [    7.580548] clocksource: tsc: mask: 0xffffffffffffffff max_cycles: 0x257a3ef07ae, max_idle_ns: 440795268508 ns
[STDOUT  ] 2017-09-28T08:28:38.467774413Z: [    6.876276] hv_vmbus: registering driver hv_util
[STDERR  ] 2017-09-28T08:28:38.467782629Z: [    8.592170] clocksource: Switched to clocksource tsc
[STDOUT  ] 2017-09-28T08:28:38.467784017Z: [    6.876588] hv_vmbus: registering driver hv_balloon
[STDERR  ] 2017-09-28T08:28:38.467792262Z: 
[STDERR  ] 2017-09-28T08:28:38.467802919Z: Welcome to LinuxKit
[STDOUT  ] 2017-09-28T08:28:38.467798807Z: [    6.877162] oprofile: using NMI interrupt.
[STDERR  ] 2017-09-28T08:28:38.467812336Z: 
[STDOUT  ] 2017-09-28T08:28:38.467813837Z: [    6.878345] GACT probability on
[STDERR  ] 2017-09-28T08:28:38.467822502Z:                         ##         .
[STDOUT  ] 2017-09-28T08:28:38.467823531Z: [    6.878865] Mirror/redirect action on
[STDERR  ] 2017-09-28T08:28:38.467834176Z:                   ## ## ##        ==
[STDOUT  ] 2017-09-28T08:28:38.467837802Z: [    6.879782] Simple TC action Loaded
[STDERR  ] 2017-09-28T08:28:38.467843927Z:                ## ## ## ## ##    ===
[STDOUT  ] 2017-09-28T08:28:38.467847241Z: [    6.880665] u32 classifier
[STDOUT  ] 2017-09-28T08:28:38.467857036Z: [    6.880924]     Performance counters on
[STDERR  ] 2017-09-28T08:28:38.467853321Z:            /"""""""""""""""""\___/ ===
[STDERR  ] 2017-09-28T08:28:38.467863606Z:           {                       /  ===-
[STDOUT  ] 2017-09-28T08:28:38.467866525Z: [    6.881167]     input device check on
[STDERR  ] 2017-09-28T08:28:38.467872943Z:            \______ O           __/
[STDOUT  ] 2017-09-28T08:28:38.467875858Z: [    6.881450]     Actions configured
[STDOUT  ] 2017-09-28T08:28:38.46788523Z: [    6.882010] Netfilter messages via NETLINK v0.30.
[STDERR  ] 2017-09-28T08:28:38.467882478Z:              \    \         __/
[STDERR  ] 2017-09-28T08:28:38.467891952Z:               \____\_______/
[STDOUT  ] 2017-09-28T08:28:38.467894851Z: [    6.882830] nfnl_acct: registering with nfnetlink.
[STDERR  ] 2017-09-28T08:28:38.467902906Z: 
[STDOUT  ] 2017-09-28T08:28:38.467904392Z: [    6.884246] nf_conntrack version 0.5.0 (8192 buckets, 32768 max)
[STDERR  ] 2017-09-28T08:28:38.467912325Z: [   27.923268] IPVS: Creating netns size=2104 id=1
[STDOUT  ] 2017-09-28T08:28:38.46791392Z: [    6.887182] ctnetlink v0.93: registering with nfnetlink.
[STDERR  ] 2017-09-28T08:28:38.46792169Z: [   27.923835] IPVS: ftp: loaded support on port[0] = 21
[STDOUT  ] 2017-09-28T08:28:38.467923406Z: [    6.890940] nf_tables: (c) 2007-2009 Patrick McHardy <kaber@trash.net>
[STDOUT  ] 2017-09-28T08:28:38.467933243Z: [    6.891800] nf_tables_compat: (c) 2012 Pablo Neira Ayuso <pablo@netfilter.org>
[STDERR  ] 2017-09-28T08:28:38.467931701Z: 2017/09/28 08:28:20 Creating partition on /dev/sda
[STDERR  ] 2017-09-28T08:28:38.467941072Z: [   29.534493] random: fdisk: uninitialized urandom read (4 bytes read)
[STDOUT  ] 2017-09-28T08:28:38.4679472Z: [    6.894148] xt_time: kernel timezone is -0000
[STDERR  ] 2017-09-28T08:28:38.467953115Z: [   29.566120]  sda:
[STDOUT  ] 2017-09-28T08:28:38.467962265Z: [    6.894643] ip_set: protocol 6
[STDERR  ] 2017-09-28T08:28:38.46796376Z: [   29.631921]  sda:
[STDOUT  ] 2017-09-28T08:28:38.467972558Z: [    6.895284] IPVS: Registered protocols (TCP, UDP, SCTP, AH, ESP)
[STDERR  ] 2017-09-28T08:28:38.467972932Z: [   29.639100] random: sfdisk: uninitialized urandom read (4 bytes read)
[STDOUT  ] 2017-09-28T08:28:38.467982071Z: [    6.895881] IPVS: Connection hash table configured (size=4096, memory=64Kbytes)
[STDERR  ] 2017-09-28T08:28:38.467983768Z: [   29.663773]  sda: sda1
[STDOUT  ] 2017-09-28T08:28:38.467993076Z: [    6.897605] IPVS: Creating netns size=2104 id=0
[STDERR  ] 2017-09-28T08:28:38.467994098Z: [   29.742210]  sda: sda1
[STDOUT  ] 2017-09-28T08:28:38.468002536Z: [    6.900791] IPVS: ipvs loaded.
[STDERR  ] 2017-09-28T08:28:38.46800926Z: [   31.223399] random: mkfs.xfs: uninitialized urandom read (16 bytes read)
[STDOUT  ] 2017-09-28T08:28:38.46801243Z: [    6.901166] IPVS: [rr] scheduler registered.
[STDERR  ] 2017-09-28T08:28:38.468019066Z: [   31.343030] mkfs.xfs: sending ioctl 1261 to a partition!
[STDOUT  ] 2017-09-28T08:28:38.468021896Z: [    6.901528] IPVS: [wrr] scheduler registered.
[STDERR  ] 2017-09-28T08:28:38.468028901Z: 2017/09/28 08:28:22 Partition /dev/sda1 successfully created!
[STDOUT  ] 2017-09-28T08:28:38.468031301Z: [    6.901830] IPVS: [lc] scheduler registered.
[STDERR  ] 2017-09-28T08:28:38.468043113Z: [   31.830694] IPVS: Creating netns size=2104 id=2
[STDOUT  ] 2017-09-28T08:28:38.468046336Z: [    6.902093] IPVS: [wlc] scheduler registered.
[STDERR  ] 2017-09-28T08:28:38.468053146Z: [   31.830996] IPVS: ftp: loaded support on port[0] = 21
[STDOUT  ] 2017-09-28T08:28:38.468060456Z: [    6.902417] IPVS: [fo] scheduler registered.
[STDERR  ] 2017-09-28T08:28:38.468063362Z: [   33.335956] FAT-fs (sda1): utf8 is not a recommended IO charset for FAT filesystems, filesystem will be case sensitive!
[STDERR  ] 2017-09-28T08:28:38.468073586Z: [   33.342072] FAT-fs (sda1): utf8 is not a recommended IO charset for FAT filesystems, filesystem will be case sensitive!
[STDOUT  ] 2017-09-28T08:28:38.468070906Z: [    6.902704] IPVS: [ovf] scheduler registered.
[STDOUT  ] 2017-09-28T08:28:38.468081098Z: [    6.903140] IPVS: [lblc] scheduler registered.
[STDERR  ] 2017-09-28T08:28:38.468083252Z: [   33.346496] mount: sending ioctl 5310 to a partition!
[STDOUT  ] 2017-09-28T08:28:38.468090528Z: [    6.903568] IPVS: [lblcr] scheduler registered.
[STDERR  ] 2017-09-28T08:28:38.468092835Z: [   33.385930] mount: sending ioctl 5310 to a partition!
[STDOUT  ] 2017-09-28T08:28:38.468100012Z: [    6.903940] IPVS: [dh] scheduler registered.
[STDERR  ] 2017-09-28T08:28:38.468102433Z: [   33.387880] UDF-fs: warning (device sda1): udf_fill_super: No partition found (2)
[STDOUT  ] 2017-09-28T08:28:38.468109143Z: [    6.904209] IPVS: [sh] scheduler registered.
[STDERR  ] 2017-09-28T08:28:38.468113466Z: [   33.406444] XFS (sda1): Mounting V5 Filesystem
[STDOUT  ] 2017-09-28T08:28:38.468118675Z: [    6.904486] IPVS: [sed] scheduler registered.
[STDERR  ] 2017-09-28T08:28:38.468123093Z: [   33.437002] XFS (sda1): Ending clean mount
[STDOUT  ] 2017-09-28T08:28:38.468128068Z: [    6.904791] IPVS: [nq] scheduler registered.
[STDOUT  ] 2017-09-28T08:28:38.468137368Z: [    6.905521] IPVS: ftp: loaded support on port[0] = 21
[STDERR  ] 2017-09-28T08:28:38.468134661Z: format_mount test suite PASSED
[STDERR  ] 2017-09-28T08:28:38.468144376Z: [   46.445808] sd 0:0:0:0: [sda] Synchronizing SCSI cache
[STDOUT  ] 2017-09-28T08:28:38.468146835Z: [    6.906408] ipip: IPv4 and MPLS over IPv4 tunneling driver
[STDOUT  ] 2017-09-28T08:28:38.46815632Z: [    6.910938] gre: GRE over IPv4 demultiplexor driver
[STDERR  ] 2017-09-28T08:28:38.468158072Z: [   46.447066] sd 0:0:0:0: [sda] Stopping disk
[STDERR  ] 2017-09-28T08:28:38.468167471Z: [   46.451261] ACPI: Preparing to enter system sleep state S5
[STDOUT  ] 2017-09-28T08:28:38.468170303Z: [    6.913556] ip_tables: (C) 2000-2006 Netfilter Core Team
[STDERR  ] 2017-09-28T08:28:38.46817906Z: [   46.452493] reboot: Power down
[STDOUT  ] 2017-09-28T08:28:38.468179756Z: [    6.916782] ipt_CLUSTERIP: ClusterIP Version 0.8 loaded successfully
[STDERR  ] 2017-09-28T08:28:38.468189192Z: + echo [    0.000000] Linux version 4.9.51-linuxkit (root@3253c0754a54) (gcc version 6.3.0 (Alpine 6.3.0) ) #1 SMP Wed Sep 20 11:32:07 UTC 2017
[STDOUT  ] 2017-09-28T08:28:38.468190541Z: [    6.917485] arp_tables: arp_tables: (C) 2002 David S. Miller
[STDERR  ] 2017-09-28T08:28:38.468199831Z: [    0.000000] Command line: console=ttyS0
[STDOUT  ] 2017-09-28T08:28:38.468201196Z: [    6.919783] NET: Registered protocol family 10
[STDERR  ] 2017-09-28T08:28:38.468209282Z: [    0.000000] x86/fpu: Legacy x87 FPU detected.
[STDOUT  ] 2017-09-28T08:28:38.468210973Z: [    6.929370] ip6_tables: (C) 2000-2006 Netfilter Core Team
[STDERR  ] 2017-09-28T08:28:38.468218883Z: [    0.000000] x86/fpu: Using 'eager' FPU context switches.
[STDOUT  ] 2017-09-28T08:28:38.468220316Z: [    6.937732] NET: Registered protocol family 17
[STDERR  ] 2017-09-28T08:28:38.468228446Z: [    0.000000] e820: BIOS-provided physical RAM map:
[STDOUT  ] 2017-09-28T08:28:38.468235441Z: [    6.938778] Bridge firewalling registered
[STDERR  ] 2017-09-28T08:28:38.468238243Z: [    0.000000] BIOS-e820: [mem 0x0000000000000000-0x000000000009fbff] usable
[STDOUT  ] 2017-09-28T08:28:38.468244832Z: [    6.939355] Ebtables v2.0 registered
[STDERR  ] 2017-09-28T08:28:38.468248205Z: [    0.000000] BIOS-e820: [mem 0x000000000009fc00-0x000000000009ffff] reserved
[STDERR  ] 2017-09-28T08:28:38.468258072Z: [    0.000000] BIOS-e820: [mem 0x00000000000f0000-0x00000000000fffff] reserved
[STDOUT  ] 2017-09-28T08:28:38.468253843Z: [    6.941829] 8021q: 802.1Q VLAN Support v1.8
[STDOUT  ] 2017-09-28T08:28:38.468269693Z: [    6.943327] 9pnet: Installing 9P2000 support
[STDERR  ] 2017-09-28T08:28:38.468273051Z: [    0.000000] BIOS-e820: [mem 0x0000000000100000-0x000000003ffdefff] usable
[STDOUT  ] 2017-09-28T08:28:38.468278931Z: [    6.944821] Key type dns_resolver registered
[STDERR  ] 2017-09-28T08:28:38.468282835Z: [    0.000000] BIOS-e820: [mem 0x000000003ffdf000-0x000000003fffffff] reserved
[STDOUT  ] 2017-09-28T08:28:38.468288185Z: [    6.945789] microcode: AMD CPU family 0x6 not supported
[STDERR  ] 2017-09-28T08:28:38.468292885Z: [    0.000000] BIOS-e820: [mem 0x00000000b0000000-0x00000000bfffffff] reserved
[STDOUT  ] 2017-09-28T08:28:38.468297491Z: [    6.949564] registered taskstats version 1
[STDERR  ] 2017-09-28T08:28:38.468302483Z: [    0.000000] BIOS-e820: [mem 0x00000000fed1c000-0x00000000fed1ffff] reserved
[STDOUT  ] 2017-09-28T08:28:38.468307921Z: [    7.143315] ata2: SATA link down (SStatus 0 SControl 300)
[STDERR  ] 2017-09-28T08:28:38.468314931Z: [    0.000000] BIOS-e820: [mem 0x00000000fffc0000-0x00000000ffffffff] reserved
[STDOUT  ] 2017-09-28T08:28:38.468317613Z: [    7.146589] ata1: SATA link up 1.5 Gbps (SStatus 113 SControl 300)
[STDERR  ] 2017-09-28T08:28:38.468324302Z: [    0.000000] NX (Execute Disable) protection: active
[STDOUT  ] 2017-09-28T08:28:38.468328688Z: [    7.151200] ata1.00: ATA-7: QEMU HARDDISK, 2.5+, max UDMA/100
[STDERR  ] 2017-09-28T08:28:38.468333922Z: [    0.000000] SMBIOS 2.8 present.
[STDOUT  ] 2017-09-28T08:28:38.468338158Z: [    7.151627] ata1.00: 1048576 sectors, multi 16: LBA48 NCQ (depth 31/32)
[STDERR  ] 2017-09-28T08:28:38.468344621Z: [    0.000000] e820: last_pfn = 0x3ffdf max_arch_pfn = 0x400000000
[STDOUT  ] 2017-09-28T08:28:38.468347698Z: [    7.152254] ata1.00: applying bridge limits
[STDERR  ] 2017-09-28T08:28:38.46835403Z: [    0.000000] x86/PAT: Configuration [0-7]: WB  WC  UC- UC  WB  WC  UC- WT  
[STDOUT  ] 2017-09-28T08:28:38.468357073Z: [    7.154942] ata6: SATA link down (SStatus 0 SControl 300)
[STDERR  ] 2017-09-28T08:28:38.468367136Z: [    0.000000] found SMP MP-table at [mem 0x000f6aa0-0x000f6aaf] mapped at [ffff8a7e400f6aa0]
[STDOUT  ] 2017-09-28T08:28:38.468366578Z: [    7.155581] ata3: SATA link up 1.5 Gbps (SStatus 113 SControl 300)
[STDERR  ] 2017-09-28T08:28:38.468381328Z: [    0.000000] RAMDISK: [mem 0x3e13c000-0x3ffcffff]
[STDOUT  ] 2017-09-28T08:28:38.46838081Z: [    7.156394] ata3.00: ATAPI: QEMU DVD-ROM, 2.5+, max UDMA/100
[STDOUT  ] 2017-09-28T08:28:38.468390545Z: [    7.156785] ata3.00: applying bridge limits
[STDERR  ] 2017-09-28T08:28:38.468390856Z: [    0.000000] ACPI: Early table checksum verification disabled
[STDERR  ] 2017-09-28T08:28:38.4684014Z: [    0.000000] ACPI: RSDP 0x00000000000F68C0 000014 (v00 BOCHS )
[STDOUT  ] 2017-09-28T08:28:38.46839994Z: [    7.157809] ata3.00: configured for UDMA/100
[STDOUT  ] 2017-09-28T08:28:38.468409413Z: [    7.159559] ata4: SATA link down (SStatus 0 SControl 300)
[STDERR  ] 2017-09-28T08:28:38.468410782Z: [    0.000000] ACPI: RSDT 0x000000003FFE2404 000034 (v01 BOCHS  BXPCRSDT 00000001 BXPC 00000001)
[STDERR  ] 2017-09-28T08:28:38.468420318Z: [    0.000000] ACPI: FACP 0x000000003FFE22A4 000074 (v01 BOCHS  BXPCFACP 00000001 BXPC 00000001)
[STDOUT  ] 2017-09-28T08:28:38.468418951Z: [    7.160061] ata5: SATA link down (SStatus 0 SControl 300)
[STDOUT  ] 2017-09-28T08:28:38.468428402Z: [    7.161148] ata1.00: configured for UDMA/100
[STDERR  ] 2017-09-28T08:28:38.468429803Z: [    0.000000] ACPI: DSDT 0x000000003FFE0040 002264 (v01 BOCHS  BXPCDSDT 00000001 BXPC 00000001)
[STDOUT  ] 2017-09-28T08:28:38.468437903Z: [    7.179217] scsi 0:0:0:0: Direct-Access     ATA      QEMU HARDDISK    2.5+ PQ: 0 ANSI: 5
[STDERR  ] 2017-09-28T08:28:38.468439586Z: [    0.000000] ACPI: FACS 0x000000003FFE0000 000040
[STDERR  ] 2017-09-28T08:28:38.468449218Z: [    0.000000] ACPI: APIC 0x000000003FFE2318 000078 (v01 BOCHS  BXPCAPIC 00000001 BXPC 00000001)
[STDOUT  ] 2017-09-28T08:28:38.468447666Z: [    7.194188] sd 0:0:0:0: [sda] 1048576 512-byte logical blocks: (537 MB/512 MiB)
[STDERR  ] 2017-09-28T08:28:38.468462743Z: [    0.000000] ACPI: HPET 0x000000003FFE2390 000038 (v01 BOCHS  BXPCHPET 00000001 BXPC 00000001)
[STDOUT  ] 2017-09-28T08:28:38.468460156Z: [    7.198130] sd 0:0:0:0: [sda] Write Protect is off
[STDERR  ] 2017-09-28T08:28:38.468472556Z: [    0.000000] ACPI: MCFG 0x000000003FFE23C8 00003C (v01 BOCHS  BXPCMCFG 00000001 BXPC 00000001)
[STDOUT  ] 2017-09-28T08:28:38.468474292Z: [    7.199545] Key type big_key registered
[STDOUT  ] 2017-09-28T08:28:38.468483898Z: [    7.202733] sd 0:0:0:0: [sda] Write cache: enabled, read cache: enabled, doesn't support DPO or FUA
[STDERR  ] 2017-09-28T08:28:38.468482278Z: [    0.000000] Zone ranges:
[STDERR  ] 2017-09-28T08:28:38.468495438Z: [    0.000000]   DMA      [mem 0x0000000000001000-0x0000000000ffffff]
[STDOUT  ] 2017-09-28T08:28:38.468501805Z: [    7.204382] sd 0:0:0:0: Attached scsi generic sg0 type 0
[STDERR  ] 2017-09-28T08:28:38.468506978Z: [    0.000000]   DMA32    [mem 0x0000000001000000-0x000000003ffdefff]
[STDOUT  ] 2017-09-28T08:28:38.46851154Z: [    7.215746] scsi 2:0:0:0: CD-ROM            QEMU     QEMU DVD-ROM     2.5+ PQ: 0 ANSI: 5
[STDOUT  ] 2017-09-28T08:28:38.468521402Z: [    7.233308] sr 2:0:0:0: [sr0] scsi3-mmc drive: 4x/4x cd/rw xa/form2 tray
[STDERR  ] 2017-09-28T08:28:38.46851678Z: [    0.000000]   Normal   empty
[STDOUT  ] 2017-09-28T08:28:38.468531036Z: [    7.234079] cdrom: Uniform CD-ROM driver Revision: 3.20
[STDERR  ] 2017-09-28T08:28:38.468527766Z: [    0.000000] Movable zone start for each node
[STDERR  ] 2017-09-28T08:28:38.468537392Z: [    0.000000] Early memory node ranges
[STDOUT  ] 2017-09-28T08:28:38.468540682Z: [    7.252187] sr 2:0:0:0: Attached scsi generic sg1 type 5
[STDERR  ] 2017-09-28T08:28:38.46854668Z: [    0.000000]   node   0: [mem 0x0000000000001000-0x000000000009efff]
[STDOUT  ] 2017-09-28T08:28:38.468550202Z: [    7.265197] sd 0:0:0:0: [sda] Attached SCSI disk
[STDERR  ] 2017-09-28T08:28:38.468556843Z: [    0.000000]   node   0: [mem 0x0000000000100000-0x000000003ffdefff]
[STDOUT  ] 2017-09-28T08:28:38.468559755Z: [    7.301454] Key type encrypted registered
[STDOUT  ] 2017-09-28T08:28:38.468569415Z: [    7.307522] rtc_cmos 00:00: setting system clock to 2017-09-28 08:27:58 UTC (1506587278)
[STDERR  ] 2017-09-28T08:28:38.468571985Z: [    0.000000] Initmem setup node 0 [mem 0x0000000000001000-0x000000003ffdefff]
[STDOUT  ] 2017-09-28T08:28:38.468584278Z: [    7.453804] Freeing unused kernel memory: 1380K
[STDOUT  ] 2017-09-28T08:28:38.468605733Z: [    7.454265] Write protecting the kernel read-only data: 12288k
[STDERR  ] 2017-09-28T08:28:38.468587498Z: [    0.000000] ACPI: PM-Timer IO Port: 0x608
[STDOUT  ] 2017-09-28T08:28:38.468618865Z: [    7.462563] Freeing unused kernel memory: 140K
[STDERR  ] 2017-09-28T08:28:38.468624661Z: [    0.000000] ACPI: LAPIC_NMI (acpi_id[0xff] dfl dfl lint[0x1])
[STDOUT  ] 2017-09-28T08:28:38.468628643Z: [    7.578704] Freeing unused kernel memory: 1400K
[STDOUT  ] 2017-09-28T08:28:38.468638258Z: [    7.579648] tsc: Refined TSC clocksource calibration: 2600.003 MHz
[STDERR  ] 2017-09-28T08:28:38.468634531Z: [    0.000000] IOAPIC[0]: apic_id 0, version 32, address 0xfec00000, GSI 0-23
[STDERR  ] 2017-09-28T08:28:38.468645168Z: [    0.000000] ACPI: INT_SRC_OVR (bus 0 bus_irq 0 global_irq 2 dfl dfl)
[STDOUT  ] 2017-09-28T08:28:38.468650338Z: [    7.580548] clocksource: tsc: mask: 0xffffffffffffffff max_cycles: 0x257a3ef07ae, max_idle_ns: 440795268508 ns
[STDERR  ] 2017-09-28T08:28:38.468654758Z: [    0.000000] ACPI: INT_SRC_OVR (bus 0 bus_irq 5 global_irq 5 high level)
[STDOUT  ] 2017-09-28T08:28:38.468660562Z: [    8.592170] clocksource: Switched to clocksource tsc
[STDERR  ] 2017-09-28T08:28:38.468664451Z: [    0.000000] ACPI: INT_SRC_OVR (bus 0 bus_irq 9 global_irq 9 high level)
[STDOUT  ] 2017-09-28T08:28:38.468669722Z: 
[STDERR  ] 2017-09-28T08:28:38.468674453Z: [    0.000000] ACPI: INT_SRC_OVR (bus 0 bus_irq 10 global_irq 10 high level)
[STDERR  ] 2017-09-28T08:28:38.468704142Z: [    0.000000] ACPI: INT_SRC_OVR (bus 0 bus_irq 11 global_irq 11 high level)
[STDERR  ] 2017-09-28T08:28:38.468713973Z: [    0.000000] Using ACPI (MADT) for SMP configuration information
[STDERR  ] 2017-09-28T08:28:38.468723205Z: [    0.000000] ACPI: HPET id: 0x8086a201 base: 0xfed00000
[STDERR  ] 2017-09-28T08:28:38.468732511Z: [    0.000000] smpboot: Allowing 1 CPUs, 0 hotplug CPUs
[STDERR  ] 2017-09-28T08:28:38.468741813Z: [    0.000000] e820: [mem 0x40000000-0xafffffff] available for PCI devices
[STDERR  ] 2017-09-28T08:28:38.46875155Z: [    0.000000] Booting paravirtualized kernel on bare hardware
[STDERR  ] 2017-09-28T08:28:38.468786255Z: [    0.000000] clocksource: refined-jiffies: mask: 0xffffffff max_cycles: 0xffffffff, max_idle_ns: 19112604462750000 ns
[STDERR  ] 2017-09-28T08:28:38.468797741Z: [    0.000000] setup_percpu: NR_CPUS:128 nr_cpumask_bits:128 nr_cpu_ids:1 nr_node_ids:1
[STDERR  ] 2017-09-28T08:28:38.468807212Z: [    0.000000] percpu: Embedded 35 pages/cpu @ffff8a7e7de00000 s105240 r8192 d29928 u2097152
[STDERR  ] 2017-09-28T08:28:38.468816401Z: [    0.000000] Built 1 zonelists in Zone order, mobility grouping on.  Total pages: 257896
[STDERR  ] 2017-09-28T08:28:38.468825634Z: [    0.000000] Kernel command line: console=ttyS0
[STDERR  ] 2017-09-28T08:28:38.468837524Z: [    0.000000] PID hash table entries: 4096 (order: 3, 32768 bytes)
[STDERR  ] 2017-09-28T08:28:38.468859947Z: [    0.000000] Dentry cache hash table entries: 131072 (order: 8, 1048576 bytes)
[STDERR  ] 2017-09-28T08:28:38.468869729Z: [    0.000000] Inode-cache hash table entries: 65536 (order: 7, 524288 bytes)
[STDERR  ] 2017-09-28T08:28:38.468879389Z: [    0.000000] Memory: 982860K/1048052K available (8036K kernel code, 1367K rwdata, 2696K rodata, 1380K init, 568K bss, 65192K reserved, 0K cma-reserved)
[STDERR  ] 2017-09-28T08:28:38.468891591Z: [    0.000000] Hierarchical RCU implementation.
[STDERR  ] 2017-09-28T08:28:38.468901432Z: [    0.000000] 	Build-time adjustment of leaf fanout to 64.
[STDERR  ] 2017-09-28T08:28:38.468910745Z: [    0.000000] 	RCU restricting CPUs from NR_CPUS=128 to nr_cpu_ids=1.
[STDERR  ] 2017-09-28T08:28:38.468920004Z: [    0.000000] RCU: Adjusting geometry for rcu_fanout_leaf=64, nr_cpu_ids=1
[STDERR  ] 2017-09-28T08:28:38.468947017Z: [    0.000000] NR_IRQS:8448 nr_irqs:256 16
[STDERR  ] 2017-09-28T08:28:38.468956431Z: [    0.000000] Console: colour VGA+ 80x25
[STDERR  ] 2017-09-28T08:28:38.468967502Z: [    0.000000] console [ttyS0] enabled
[STDERR  ] 2017-09-28T08:28:38.468976794Z: [    0.000000] clocksource: hpet: mask: 0xffffffff max_cycles: 0xffffffff, max_idle_ns: 19112604467 ns
[STDERR  ] 2017-09-28T08:28:38.468986122Z: [    0.000000] tsc: Unable to calibrate against PIT
[STDERR  ] 2017-09-28T08:28:38.46899533Z: [    0.000000] tsc: using HPET reference calibration
[STDERR  ] 2017-09-28T08:28:38.469021475Z: [    0.000000] tsc: Detected 2600.054 MHz processor
[STDERR  ] 2017-09-28T08:28:38.469030791Z: [    0.042236] Calibrating delay loop (skipped), value calculated using timer frequency.. 5200.10 BogoMIPS (lpj=26000540)
[STDERR  ] 2017-09-28T08:28:38.469040691Z: [    0.043485] pid_max: default: 32768 minimum: 301
[STDERR  ] 2017-09-28T08:28:38.469049921Z: [    0.050686] ACPI: Core revision 20160831
[STDERR  ] 2017-09-28T08:28:38.46905911Z: [    0.093608] ACPI: 1 ACPI AML tables successfully acquired and loaded
[STDERR  ] 2017-09-28T08:28:38.469068697Z: [    0.098554] Security Framework initialized
[STDERR  ] 2017-09-28T08:28:38.469087761Z: [    0.098986] Yama: becoming mindful.
[STDERR  ] 2017-09-28T08:28:38.469098875Z: [    0.101303] Mount-cache hash table entries: 2048 (order: 2, 16384 bytes)
[STDERR  ] 2017-09-28T08:28:38.469108232Z: [    0.101893] Mountpoint-cache hash table entries: 2048 (order: 2, 16384 bytes)
[STDERR  ] 2017-09-28T08:28:38.469119141Z: [    0.120686] Last level iTLB entries: 4KB 0, 2MB 0, 4MB 0
[STDERR  ] 2017-09-28T08:28:38.469128445Z: [    0.121215] Last level dTLB entries: 4KB 0, 2MB 0, 4MB 0, 1GB 0
[STDERR  ] 2017-09-28T08:28:38.469142761Z: [    0.417963] Freeing SMP alternatives memory: 20K
[STDERR  ] 2017-09-28T08:28:38.469152117Z: [    0.428623] ftrace: allocating 35528 entries in 139 pages
[STDERR  ] 2017-09-28T08:28:38.46917414Z: [    0.590711] smpboot: Max logical packages: 1
[STDERR  ] 2017-09-28T08:28:38.469188371Z: [    0.597728] ..TIMER: vector=0x30 apic1=0 pin1=2 apic2=-1 pin2=-1
[STDERR  ] 2017-09-28T08:28:38.469197822Z: [    0.700000] smpboot: CPU0: AMD QEMU Virtual CPU version 2.5+ (family: 0x6, model: 0x6, stepping: 0x3)
[STDERR  ] 2017-09-28T08:28:38.469211104Z: [    0.700000] Performance Events: PMU not available due to virtualization, using software events only.
[STDERR  ] 2017-09-28T08:28:38.469221857Z: [    0.708657] NMI watchdog: disabled (cpu0): hardware events not enabled
[STDERR  ] 2017-09-28T08:28:38.469231611Z: [    0.709162] NMI watchdog: Shutting down hard lockup detector on all cpus
[STDERR  ] 2017-09-28T08:28:38.469257821Z: [    0.713063] x86: Booted up 1 node, 1 CPUs
[STDERR  ] 2017-09-28T08:28:38.469267311Z: [    0.713520] smpboot: Total of 1 processors activated (5200.10 BogoMIPS)
[STDERR  ] 2017-09-28T08:28:38.469279481Z: [    0.727285] devtmpfs: initialized
[STDERR  ] 2017-09-28T08:28:38.469289199Z: [    0.734231] x86/mm: Memory block size: 128MB
[STDERR  ] 2017-09-28T08:28:38.469298361Z: [    0.794489] clocksource: jiffies: mask: 0xffffffff max_cycles: 0xffffffff, max_idle_ns: 19112604462750000 ns
[STDERR  ] 2017-09-28T08:28:38.469308021Z: [    0.795520] futex hash table entries: 256 (order: 2, 16384 bytes)
[STDERR  ] 2017-09-28T08:28:38.469329075Z: [    0.805969] NET: Registered protocol family 16
[STDERR  ] 2017-09-28T08:28:38.469338681Z: [    0.815378] cpuidle: using governor ladder
[STDERR  ] 2017-09-28T08:28:38.46934779Z: [    0.815888] cpuidle: using governor menu
[STDERR  ] 2017-09-28T08:28:38.469356959Z: [    0.817481] ACPI: bus type PCI registered
[STDERR  ] 2017-09-28T08:28:38.46936618Z: [    0.820544] PCI: MMCONFIG for domain 0000 [bus 00-ff] at [mem 0xb0000000-0xbfffffff] (base 0xb0000000)
[STDERR  ] 2017-09-28T08:28:38.469375609Z: [    0.821371] PCI: MMCONFIG at [mem 0xb0000000-0xbfffffff] reserved in E820
[STDERR  ] 2017-09-28T08:28:38.469386441Z: [    0.822765] PCI: Using configuration type 1 for base access
[STDERR  ] 2017-09-28T08:28:38.469413555Z: [    0.878704] HugeTLB registered 2 MB page size, pre-allocated 0 pages
[STDERR  ] 2017-09-28T08:28:38.46942341Z: [    0.891039] ACPI: Added _OSI(Module Device)
[STDERR  ] 2017-09-28T08:28:38.469432601Z: [    0.891392] ACPI: Added _OSI(Processor Device)
[STDERR  ] 2017-09-28T08:28:38.469441685Z: [    0.891718] ACPI: Added _OSI(3.0 _SCP Extensions)
[STDERR  ] 2017-09-28T08:28:38.469450857Z: [    0.891967] ACPI: Added _OSI(Processor Aggregator Device)
[STDERR  ] 2017-09-28T08:28:38.469459895Z: [    0.963967] ACPI: Interpreter enabled
[STDERR  ] 2017-09-28T08:28:38.469480172Z: [    0.965120] ACPI: (supports S0 S5)
[STDERR  ] 2017-09-28T08:28:38.469490752Z: [    0.965592] ACPI: Using IOAPIC for interrupt routing
[STDERR  ] 2017-09-28T08:28:38.469499935Z: [    0.968445] PCI: Using host bridge windows from ACPI; if necessary, use "pci=nocrs" and report a bug
[STDERR  ] 2017-09-28T08:28:38.469509909Z: [    1.033094] ACPI: PCI Root Bridge [PCI0] (domain 0000 [bus 00-ff])
[STDERR  ] 2017-09-28T08:28:38.469519644Z: [    1.034344] acpi PNP0A08:00: _OSC: OS supports [ExtendedConfig ASPM ClockPM Segments MSI]
[STDERR  ] 2017-09-28T08:28:38.469528917Z: [    1.041446] acpi PNP0A08:00: _OSC: OS now controls [PCIeHotplug PME PCIeCapability]
[STDERR  ] 2017-09-28T08:28:38.469538255Z: [    1.045207] PCI host bridge to bus 0000:00
[STDERR  ] 2017-09-28T08:28:38.469557804Z: [    1.045697] pci_bus 0000:00: root bus resource [io  0x0000-0x0cf7 window]
[STDERR  ] 2017-09-28T08:28:38.469572634Z: [    1.046240] pci_bus 0000:00: root bus resource [io  0x0d00-0xffff window]
[STDERR  ] 2017-09-28T08:28:38.469582577Z: [    1.046726] pci_bus 0000:00: root bus resource [mem 0x000a0000-0x000bffff window]
[STDERR  ] 2017-09-28T08:28:38.469591802Z: [    1.047212] pci_bus 0000:00: root bus resource [mem 0xc0000000-0xfebfffff window]
[STDERR  ] 2017-09-28T08:28:38.469606344Z: [    1.047904] pci_bus 0000:00: root bus resource [bus 00-ff]
[STDERR  ] 2017-09-28T08:28:38.469615879Z: [    1.158595] pci 0000:00:1f.0: quirk: [io  0x0600-0x067f] claimed by ICH6 ACPI/GPIO/TCO
[STDERR  ] 2017-09-28T08:28:38.469636402Z: [    1.222071] ACPI: PCI Interrupt Link [LNKA] (IRQs 5 *10 11)
[STDERR  ] 2017-09-28T08:28:38.469647087Z: [    1.224985] ACPI: PCI Interrupt Link [LNKB] (IRQs 5 *10 11)
[STDERR  ] 2017-09-28T08:28:38.469656335Z: [    1.227321] ACPI: PCI Interrupt Link [LNKC] (IRQs 5 10 *11)
[STDERR  ] 2017-09-28T08:28:38.469665514Z: [    1.230618] ACPI: PCI Interrupt Link [LNKD] (IRQs 5 10 *11)
[STDERR  ] 2017-09-28T08:28:38.469674867Z: [    1.232571] ACPI: PCI Interrupt Link [LNKE] (IRQs 5 *10 11)
[STDERR  ] 2017-09-28T08:28:38.469684079Z: [    1.234469] ACPI: PCI Interrupt Link [LNKF] (IRQs 5 *10 11)
[STDERR  ] 2017-09-28T08:28:38.469693339Z: [    1.236326] ACPI: PCI Interrupt Link [LNKG] (IRQs 5 10 *11)
[STDERR  ] 2017-09-28T08:28:38.46970253Z: [    1.238755] ACPI: PCI Interrupt Link [LNKH] (IRQs 5 10 *11)
[STDERR  ] 2017-09-28T08:28:38.469723024Z: [    1.240180] ACPI: PCI Interrupt Link [GSIA] (IRQs *16)
[STDERR  ] 2017-09-28T08:28:38.469732311Z: [    1.241075] ACPI: PCI Interrupt Link [GSIB] (IRQs *17)
[STDERR  ] 2017-09-28T08:28:38.469741669Z: [    1.241802] ACPI: PCI Interrupt Link [GSIC] (IRQs *18)
[STDERR  ] 2017-09-28T08:28:38.469750889Z: [    1.242640] ACPI: PCI Interrupt Link [GSID] (IRQs *19)
[STDERR  ] 2017-09-28T08:28:38.46976007Z: [    1.243427] ACPI: PCI Interrupt Link [GSIE] (IRQs *20)
[STDERR  ] 2017-09-28T08:28:38.469773736Z: [    1.244260] ACPI: PCI Interrupt Link [GSIF] (IRQs *21)
[STDERR  ] 2017-09-28T08:28:38.469794051Z: [    1.245031] ACPI: PCI Interrupt Link [GSIG] (IRQs *22)
[STDERR  ] 2017-09-28T08:28:38.469804264Z: [    1.245793] ACPI: PCI Interrupt Link [GSIH] (IRQs *23)
[STDERR  ] 2017-09-28T08:28:38.46981351Z: [    1.249607] ACPI: Enabled 2 GPEs in block 00 to 3F
[STDERR  ] 2017-09-28T08:28:38.469822774Z: [    1.253877] SCSI subsystem initialized
[STDERR  ] 2017-09-28T08:28:38.469831998Z: [    1.255826] ACPI: bus type USB registered
[STDERR  ] 2017-09-28T08:28:38.469846561Z: [    1.256981] usbcore: registered new interface driver usbfs
[STDERR  ] 2017-09-28T08:28:38.469873424Z: [    1.258089] usbcore: registered new interface driver hub
[STDERR  ] 2017-09-28T08:28:38.469883763Z: [    1.258970] usbcore: registered new device driver usb
[STDERR  ] 2017-09-28T08:28:38.46989312Z: [    1.260708] pps_core: LinuxPPS API ver. 1 registered
[STDERR  ] 2017-09-28T08:28:38.469902266Z: [    1.261070] pps_core: Software ver. 5.3.6 - Copyright 2005-2007 Rodolfo Giometti <giometti@linux.it>
[STDERR  ] 2017-09-28T08:28:38.469911769Z: [    1.261883] PTP clock support registered
[STDERR  ] 2017-09-28T08:28:38.469920881Z: [    1.263158] wmi: Mapper loaded
[STDERR  ] 2017-09-28T08:28:38.469930649Z: [    1.264351] PCI: Using ACPI for IRQ routing
[STDERR  ] 2017-09-28T08:28:38.469949621Z: [    1.283797] NetLabel: Initializing
[STDERR  ] 2017-09-28T08:28:38.469960201Z: [    1.284081] NetLabel:  domain hash size = 128
[STDERR  ] 2017-09-28T08:28:38.469970844Z: [    1.284535] NetLabel:  protocols = UNLABELED CIPSOv4
[STDERR  ] 2017-09-28T08:28:38.469980053Z: [    1.287328] NetLabel:  unlabeled traffic allowed by default
[STDERR  ] 2017-09-28T08:28:38.46998929Z: [    1.288663] HPET: 3 timers in total, 0 timers will be used for per-cpu timer
[STDERR  ] 2017-09-28T08:28:38.470004206Z: [    1.289527] hpet0: at MMIO 0xfed00000, IRQs 2, 8, 0
[STDERR  ] 2017-09-28T08:28:38.470013454Z: [    1.290415] hpet0: 3 comparators, 64-bit 100.000000 MHz counter
[STDERR  ] 2017-09-28T08:28:38.470033894Z: [    1.297755] clocksource: Switched to clocksource hpet
[STDERR  ] 2017-09-28T08:28:38.470043111Z: [    1.550483] VFS: Disk quotas dquot_6.6.0
[STDERR  ] 2017-09-28T08:28:38.470056556Z: [    1.551583] VFS: Dquot-cache hash table entries: 512 (order 0, 4096 bytes)
[STDERR  ] 2017-09-28T08:28:38.470065963Z: [    1.555509] FS-Cache: Loaded
[STDERR  ] 2017-09-28T08:28:38.470080434Z: [    1.562618] CacheFiles: Loaded
[STDERR  ] 2017-09-28T08:28:38.470090453Z: [    1.564366] pnp: PnP ACPI init
[STDERR  ] 2017-09-28T08:28:38.470113839Z: [    1.576509] pnp: PnP ACPI: found 5 devices
[STDERR  ] 2017-09-28T08:28:38.470123401Z: [    1.628557] clocksource: acpi_pm: mask: 0xffffff max_cycles: 0xffffff, max_idle_ns: 2085701024 ns
[STDERR  ] 2017-09-28T08:28:38.470132854Z: [    1.633255] NET: Registered protocol family 2
[STDERR  ] 2017-09-28T08:28:38.470142238Z: [    1.640808] TCP established hash table entries: 8192 (order: 4, 65536 bytes)
[STDERR  ] 2017-09-28T08:28:38.470151903Z: [    1.641632] TCP bind hash table entries: 8192 (order: 5, 131072 bytes)
[STDERR  ] 2017-09-28T08:28:38.470162356Z: [    1.642409] TCP: Hash tables configured (established 8192 bind 8192)
[STDERR  ] 2017-09-28T08:28:38.470172056Z: [    1.644375] UDP hash table entries: 512 (order: 2, 16384 bytes)
[STDERR  ] 2017-09-28T08:28:38.470193168Z: [    1.644957] UDP-Lite hash table entries: 512 (order: 2, 16384 bytes)
[STDERR  ] 2017-09-28T08:28:38.470202951Z: [    1.647355] NET: Registered protocol family 1
[STDERR  ] 2017-09-28T08:28:38.470211611Z: [    1.648398] pci 0000:00:01.0: Video device with shadowed ROM at [mem 0x000c0000-0x000dffff]
[STDERR  ] 2017-09-28T08:28:38.470226569Z: [    1.655568] Unpacking initramfs...
[STDERR  ] 2017-09-28T08:28:38.470235844Z: [    6.446927] Freeing initrd memory: 31312K
[STDERR  ] 2017-09-28T08:28:38.470245229Z: [    6.473423] PCLMULQDQ-NI instructions are not detected.
[STDERR  ] 2017-09-28T08:28:38.47026614Z: [    6.475051] AVX or AES-NI instructions are not detected.
[STDERR  ] 2017-09-28T08:28:38.470275791Z: [    6.475601] CPU feature 'AVX registers' is not supported.
[STDERR  ] 2017-09-28T08:28:38.470284824Z: [    6.476101] CPU feature 'AVX registers' is not supported.
[STDERR  ] 2017-09-28T08:28:38.470293821Z: [    6.476597] CPU feature 'AVX registers' is not supported.
[STDERR  ] 2017-09-28T08:28:38.470308081Z: [    6.477114] CPU feature 'AVX registers' is not supported.
[STDERR  ] 2017-09-28T08:28:38.470317671Z: [    6.477524] AVX2 or AES-NI instructions are not detected.
[STDERR  ] 2017-09-28T08:28:38.470326658Z: [    6.477952] AVX2 instructions are not detected.
[STDERR  ] 2017-09-28T08:28:38.470354056Z: [    6.484660] audit: initializing netlink subsys (disabled)
[STDERR  ] 2017-09-28T08:28:38.470365421Z: [    6.486287] audit: type=2000 audit(1506587276.480:1): initialized
[STDERR  ] 2017-09-28T08:28:38.47037483Z: [    6.494242] workingset: timestamp_bits=46 max_order=18 bucket_order=0
[STDERR  ] 2017-09-28T08:28:38.470384588Z: [    6.503319] FS-Cache: Netfs 'cifs' registered for caching
[STDERR  ] 2017-09-28T08:28:38.470393914Z: [    6.504321] fuse init (API version 7.26)
[STDERR  ] 2017-09-28T08:28:38.47040311Z: [    6.506725] SGI XFS with ACLs, security attributes, no debug enabled
[STDERR  ] 2017-09-28T08:28:38.470424868Z: [    6.511453] 9p: Installing v9fs 9p2000 file system support
[STDERR  ] 2017-09-28T08:28:38.470434364Z: [    6.512121] FS-Cache: Netfs '9p' registered for caching
[STDERR  ] 2017-09-28T08:28:38.470443758Z: [    6.546217] NET: Registered protocol family 38
[STDERR  ] 2017-09-28T08:28:38.470453123Z: [    6.546857] Key type asymmetric registered
[STDERR  ] 2017-09-28T08:28:38.470462333Z: [    6.547302] Asymmetric key parser 'x509' registered
[STDERR  ] 2017-09-28T08:28:38.470477039Z: [    6.548544] Block layer SCSI generic (bsg) driver version 0.4 loaded (major 251)
[STDERR  ] 2017-09-28T08:28:38.470497438Z: [    6.551808] io scheduler noop registered
[STDERR  ] 2017-09-28T08:28:38.470508209Z: [    6.552165] io scheduler deadline registered (default)
[STDERR  ] 2017-09-28T08:28:38.470517446Z: [    6.553067] io scheduler cfq registered
[STDERR  ] 2017-09-28T08:28:38.470526683Z: [    6.555693] pci_hotplug: PCI Hot Plug PCI Core version: 0.5
[STDERR  ] 2017-09-28T08:28:38.470535686Z: [    6.556352] pciehp: PCI Express Hot Plug Controller Driver version: 0.4
[STDERR  ] 2017-09-28T08:28:38.470545478Z: [    6.557238] shpchp: Standard Hot Plug PCI Controller Driver version: 0.4
[STDERR  ] 2017-09-28T08:28:38.470562399Z: [    6.558101] hv_vmbus: registering driver hyperv_fb
[STDERR  ] 2017-09-28T08:28:38.470584116Z: [    6.562966] input: Power Button as /devices/LNXSYSTM:00/LNXPWRBN:00/input/input0
[STDERR  ] 2017-09-28T08:28:38.470593784Z: [    6.564075] ACPI: Power Button [PWRF]
[STDOUT  ] 2017-09-28T08:28:38.468679272Z: Welcome to LinuxKit
[STDERR  ] 2017-09-28T08:28:38.470608084Z: [    6.569479] GHES: HEST is not enabled!
[STDOUT  ] 2017-09-28T08:28:38.47061539Z: 
[STDERR  ] 2017-09-28T08:28:38.470617448Z: [    6.580538] ACPI: PCI Interrupt Link [GSIG] enabled at IRQ 22
[STDOUT  ] 2017-09-28T08:28:38.470625911Z:                         ##         .
[STDERR  ] 2017-09-28T08:28:38.470629236Z: [    6.595710] ACPI: PCI Interrupt Link [GSIH] enabled at IRQ 23
[STDOUT  ] 2017-09-28T08:28:38.47063562Z:                   ## ## ##        ==
[STDERR  ] 2017-09-28T08:28:38.470639208Z: [    6.602119] xenfs: not registering filesystem on non-xen platform
[STDOUT  ] 2017-09-28T08:28:38.470645206Z:                ## ## ## ## ##    ===
[STDERR  ] 2017-09-28T08:28:38.470663553Z: [    6.604310] Serial: 8250/16550 driver, 4 ports, IRQ sharing disabled
[STDOUT  ] 2017-09-28T08:28:38.470669012Z:            /"""""""""""""""""\___/ ===
[STDERR  ] 2017-09-28T08:28:38.470673429Z: [    6.629356] 00:04: ttyS0 at I/O 0x3f8 (irq = 4, base_baud = 115200) is a 16550A
[STDOUT  ] 2017-09-28T08:28:38.470678557Z:           {                       /  ===-
[STDERR  ] 2017-09-28T08:28:38.470683297Z: [    6.641945] Non-volatile memory driver v1.3
