[INFO    ] 2017-12-04T12:51:28.471862689Z: Running Test linuxkit.kernel.kmod_4.14.x in /tmp/build/test/cases/020_kernel/016_kmod_4.14.x
[INFO    ] 2017-12-04T12:51:28.471968117Z: Running command: [/bin/sh -x /tmp/build/test/cases/020_kernel/016_kmod_4.14.x/test.sh]
[STDERR  ] 2017-12-04T12:51:28.505269773Z: + set -e
[STDERR  ] 2017-12-04T12:51:28.505350581Z: + . /tmp/build/test/cases/_lib/lib.sh
[STDERR  ] 2017-12-04T12:51:28.505364014Z: + [ -f src/github.com/linuxkit/rtf/lib/lib.sh ]
[STDERR  ] 2017-12-04T12:51:28.505373664Z: + LINUXKIT_TMPDIR=/tmp/build/test/cases/_tmp
[STDERR  ] 2017-12-04T12:51:28.505382816Z: + [ -f /tmp/build/test/cases/_tmp/env.sh ]
[STDERR  ] 2017-12-04T12:51:28.505391766Z: + . /tmp/build/test/cases/_tmp/env.sh
[STDERR  ] 2017-12-04T12:51:28.505401157Z: + export LINUXKIT_EXAMPLES_DIR=/tmp/build/test/cases/../../examples
[STDERR  ] 2017-12-04T12:51:28.50541067Z: + export LINUXKIT_BLUEPRINTS_DIR=/tmp/build/test/cases/../../blueprints
[STDERR  ] 2017-12-04T12:51:28.505423211Z: + RT_CANCEL=253
[STDERR  ] 2017-12-04T12:51:28.505432297Z: + NAME=kmod
[STDERR  ] 2017-12-04T12:51:28.505441424Z: + IMAGE_NAME=kmod-test
[STDERR  ] 2017-12-04T12:51:28.505450074Z: + trap clean_up EXIT
[STDERR  ] 2017-12-04T12:51:28.505459367Z: + docker pull linuxkit/kernel:4.9.66
[STDOUT  ] 2017-12-04T12:51:29.624178042Z: 4.9.66: Pulling from linuxkit/kernel
[STDOUT  ] 2017-12-04T12:51:30.026004158Z: Digest: sha256:cb31367e4e4b2d717e13df27a3c4dea155b52e2cf81eb1c1d4ebc845eebc0be4
[STDOUT  ] 2017-12-04T12:51:30.026208269Z: Status: Image is up to date for linuxkit/kernel:4.9.66
[STDERR  ] 2017-12-04T12:51:30.027129314Z: + docker build -t kmod-test .
[STDOUT  ] 2017-12-04T12:51:30.092151171Z: Sending build context to Docker daemon  8.704kB
[STDOUT  ] 2017-12-04T12:51:30.205320314Z: Step 1/12 : FROM linuxkit/kernel:4.14.3 AS ksrc
[STDOUT  ] 2017-12-04T12:51:31.303485471Z: 4.14.3: Pulling from linuxkit/kernel
[STDOUT  ] 2017-12-04T12:51:31.7008633Z: Digest: sha256:0c9877c65a16a7649c8ca457b64901157721ce91d8591ce2d560235e19cf513e
[STDOUT  ] 2017-12-04T12:51:31.707689989Z: Status: Downloaded newer image for linuxkit/kernel:4.14.3
[STDOUT  ] 2017-12-04T12:51:31.718862104Z:  ---> 6b8e682deb50
[STDOUT  ] 2017-12-04T12:51:31.718917073Z: Step 2/12 : FROM linuxkit/alpine:07f7d136e427dc68154cd5edbb2b9576f9ac5213 AS build
[STDOUT  ] 2017-12-04T12:51:31.719601653Z:  ---> 039fd8c1530e
[STDOUT  ] 2017-12-04T12:51:31.719629435Z: Step 3/12 : RUN apk add build-base libelf-dev
[STDOUT  ] 2017-12-04T12:51:31.720023857Z:  ---> Using cache
[STDOUT  ] 2017-12-04T12:51:31.720042973Z:  ---> 5cb12ee2be54
[STDOUT  ] 2017-12-04T12:51:31.720127504Z: Step 4/12 : COPY --from=ksrc /kernel-dev.tar /
[STDOUT  ] 2017-12-04T12:51:33.550457864Z:  ---> 4f8336accb75
[STDOUT  ] 2017-12-04T12:51:33.571103511Z: Removing intermediate container 0ba82f9517bb
[STDOUT  ] 2017-12-04T12:51:33.571158669Z: Step 5/12 : RUN tar xf kernel-dev.tar
[STDOUT  ] 2017-12-04T12:51:33.64437744Z:  ---> Running in 9c43af6b2a0f
[STDOUT  ] 2017-12-04T12:51:39.79534546Z:  ---> 41102efbdb9f
[STDOUT  ] 2017-12-04T12:51:40.202536136Z: Removing intermediate container 9c43af6b2a0f
[STDOUT  ] 2017-12-04T12:51:40.20258503Z: Step 6/12 : WORKDIR /kmod
[STDOUT  ] 2017-12-04T12:51:40.514071016Z:  ---> 7aefe46ea522
[STDOUT  ] 2017-12-04T12:51:40.520689346Z: Removing intermediate container 005e67d96127
[STDOUT  ] 2017-12-04T12:51:40.520732742Z: Step 7/12 : COPY ./src/* ./
[STDOUT  ] 2017-12-04T12:51:41.022896463Z:  ---> e4592f7882b2
[STDOUT  ] 2017-12-04T12:51:41.029619875Z: Removing intermediate container df19bf5259b0
[STDOUT  ] 2017-12-04T12:51:41.029669303Z: Step 8/12 : RUN make all
[STDOUT  ] 2017-12-04T12:51:41.110005722Z:  ---> Running in b38dc7646bd6
[STDOUT  ] 2017-12-04T12:51:41.373428448Z: make -C /usr/src/linux-headers-4.14.3-linuxkit M=/kmod modules
[STDOUT  ] 2017-12-04T12:51:41.374643223Z: make[1]: Entering directory '/usr/src/linux-headers-4.14.3-linuxkit'
[STDOUT  ] 2017-12-04T12:51:41.377249001Z: [91mgetconf: LFS_CFLAGS: unknown variable
[STDOUT  ] 2017-12-04T12:51:41.378243757Z: [0m[91mgetconf: LFS_LDFLAGS: unknown variable
[STDOUT  ] 2017-12-04T12:51:41.378270201Z: [0m[91mgetconf: LFS_LIBS: unknown variable
[STDOUT  ] 2017-12-04T12:51:42.459865469Z: [0m  CC [M]  /kmod/hello_world.o
[STDOUT  ] 2017-12-04T12:51:42.679280153Z:   Building modules, stage 2.
[STDOUT  ] 2017-12-04T12:51:42.688340354Z:   MODPOST 1 modules
[STDOUT  ] 2017-12-04T12:51:42.702458011Z:   CC      /kmod/hello_world.mod.o
[STDOUT  ] 2017-12-04T12:51:42.893650485Z:   LD [M]  /kmod/hello_world.ko
[STDOUT  ] 2017-12-04T12:51:42.896686263Z: make[1]: Leaving directory '/usr/src/linux-headers-4.14.3-linuxkit'
[STDOUT  ] 2017-12-04T12:51:43.566687414Z:  ---> 152a78c5e429
[STDOUT  ] 2017-12-04T12:51:43.57349102Z: Removing intermediate container b38dc7646bd6
[STDOUT  ] 2017-12-04T12:51:43.57353743Z: Step 9/12 : FROM alpine:3.5
[STDOUT  ] 2017-12-04T12:51:43.573844563Z:  ---> f658b09cdc6c
[STDOUT  ] 2017-12-04T12:51:43.573921842Z: Step 10/12 : COPY --from=build /kmod/hello_world.ko /
[STDOUT  ] 2017-12-04T12:51:43.974512866Z:  ---> cd7b6beef76a
[STDOUT  ] 2017-12-04T12:51:43.979909627Z: Removing intermediate container da1d7a36b0f0
[STDOUT  ] 2017-12-04T12:51:43.979963407Z: Step 11/12 : COPY check.sh /check.sh
[STDOUT  ] 2017-12-04T12:51:44.370871119Z:  ---> 8952c92f195b
[STDOUT  ] 2017-12-04T12:51:44.377789054Z: Removing intermediate container 2da2f8a71ca0
[STDOUT  ] 2017-12-04T12:51:44.377848575Z: Step 12/12 : ENTRYPOINT /bin/sh /check.sh
[STDOUT  ] 2017-12-04T12:51:44.454423462Z:  ---> Running in eff2c394ad8c
[STDOUT  ] 2017-12-04T12:51:44.607417534Z:  ---> 8aaf6f6abc49
[STDOUT  ] 2017-12-04T12:51:44.613432215Z: Removing intermediate container eff2c394ad8c
[STDOUT  ] 2017-12-04T12:51:44.613483896Z: Successfully built 8aaf6f6abc49
[STDOUT  ] 2017-12-04T12:51:44.619063387Z: Successfully tagged kmod-test:latest
[STDERR  ] 2017-12-04T12:51:44.681521482Z: + linuxkit build -format kernel+initrd -name kmod test.yml
[STDERR  ] 2017-12-04T12:51:44.709207289Z: Extract kernel image: linuxkit/kernel:4.14.3
[STDERR  ] 2017-12-04T12:51:45.864177139Z: time="2017-12-04T12:51:45Z" level=warning msg="certificate with CN Justin Cormack is near expiry" 
[STDERR  ] 2017-12-04T12:51:45.864233407Z: time="2017-12-04T12:51:45Z" level=warning msg="certificate with CN  is near expiry" 
[STDERR  ] 2017-12-04T12:51:45.90194704Z: time="2017-12-04T12:51:45Z" level=warning msg="certificate with CN Justin Cormack is near expiry" 
[STDERR  ] 2017-12-04T12:51:46.504193717Z: Add init containers:
[STDERR  ] 2017-12-04T12:51:46.504263878Z: Process init image: linuxkit/init:7357177a8be310e40fef7424305a72c198e857c4
[STDERR  ] 2017-12-04T12:51:47.534806116Z: time="2017-12-04T12:51:47Z" level=warning msg="certificate with CN Justin Cormack is near expiry" 
[STDERR  ] 2017-12-04T12:51:47.53493757Z: time="2017-12-04T12:51:47Z" level=warning msg="certificate with CN  is near expiry" 
[STDERR  ] 2017-12-04T12:51:47.538394153Z: time="2017-12-04T12:51:47Z" level=warning msg="certificate with CN Justin Cormack is near expiry" 
[STDERR  ] 2017-12-04T12:51:47.539815402Z: time="2017-12-04T12:51:47Z" level=warning msg="certificate with CN  is near expiry" 
[STDERR  ] 2017-12-04T12:51:47.795155885Z: Process init image: linuxkit/runc:1b0741d07949c0acc444cd6a04ee7f833443579d
[STDERR  ] 2017-12-04T12:51:48.833288858Z: time="2017-12-04T12:51:48Z" level=warning msg="certificate with CN Justin Cormack is near expiry" 
[STDERR  ] 2017-12-04T12:51:48.833407326Z: time="2017-12-04T12:51:48Z" level=warning msg="certificate with CN  is near expiry" 
[STDERR  ] 2017-12-04T12:51:48.835561962Z: time="2017-12-04T12:51:48Z" level=warning msg="certificate with CN Justin Cormack is near expiry" 
[STDERR  ] 2017-12-04T12:51:48.836873674Z: time="2017-12-04T12:51:48Z" level=warning msg="certificate with CN  is near expiry" 
[STDERR  ] 2017-12-04T12:51:49.011370673Z: Add onboot containers:
[STDERR  ] 2017-12-04T12:51:49.011427246Z:   Create OCI config for kmod-test
[STDERR  ] 2017-12-04T12:51:49.149882735Z:   Create OCI config for linuxkit/poweroff:280bd01daa8776fbe1f4d912977f1886b8374834
[STDERR  ] 2017-12-04T12:51:50.188647716Z: time="2017-12-04T12:51:50Z" level=warning msg="certificate with CN Rolf Neugebauer is near expiry" 
[STDERR  ] 2017-12-04T12:51:50.188716041Z: time="2017-12-04T12:51:50Z" level=warning msg="certificate with CN  is near expiry" 
[STDERR  ] 2017-12-04T12:51:50.188953542Z: time="2017-12-04T12:51:50Z" level=warning msg="certificate with CN Justin Cormack is near expiry" 
[STDERR  ] 2017-12-04T12:51:50.190415648Z: time="2017-12-04T12:51:50Z" level=warning msg="certificate with CN Rolf Neugebauer is near expiry" 
[STDERR  ] 2017-12-04T12:51:50.191116684Z: time="2017-12-04T12:51:50Z" level=warning msg="certificate with CN  is near expiry" 
[STDERR  ] 2017-12-04T12:51:50.349107663Z: Create outputs:
[STDERR  ] 2017-12-04T12:51:55.125951076Z:   kmod-kernel kmod-initrd.img kmod-cmdline
[STDERR  ] 2017-12-04T12:51:55.182159742Z: + linuxkit run kmod
[STDERR  ] 2017-12-04T12:51:55.20602743Z: Unable to find qemu-system-x86_64 within the $PATH. Using a container
[STDERR  ] 2017-12-04T12:52:23.626215806Z: + RESULT=[    0.000000] Linux version 4.14.3-linuxkit (root@848876ce7ee1) (gcc version 6.3.0 (Alpine 6.3.0)) #1 SMP Fri Dec 1 11:12:51 UTC 2017
[STDERR  ] 2017-12-04T12:52:23.626283175Z: [    0.000000] Command line: console=ttyS0
[STDERR  ] 2017-12-04T12:52:23.626293182Z: [    0.000000] x86/fpu: x87 FPU will use FXSAVE
[STDERR  ] 2017-12-04T12:52:23.626303651Z: [    0.000000] e820: BIOS-provided physical RAM map:
[STDERR  ] 2017-12-04T12:52:23.626315276Z: [    0.000000] BIOS-e820: [mem 0x0000000000000000-0x000000000009fbff] usable
[STDERR  ] 2017-12-04T12:52:23.626329084Z: [    0.000000] BIOS-e820: [mem 0x000000000009fc00-0x000000000009ffff] reserved
[STDERR  ] 2017-12-04T12:52:23.62634085Z: [    0.000000] BIOS-e820: [mem 0x00000000000f0000-0x00000000000fffff] reserved
[STDERR  ] 2017-12-04T12:52:23.626351426Z: [    0.000000] BIOS-e820: [mem 0x0000000000100000-0x000000003ffdefff] usable
[STDERR  ] 2017-12-04T12:52:23.626365981Z: [    0.000000] BIOS-e820: [mem 0x000000003ffdf000-0x000000003fffffff] reserved
[STDERR  ] 2017-12-04T12:52:23.626376295Z: [    0.000000] BIOS-e820: [mem 0x00000000b0000000-0x00000000bfffffff] reserved
[STDERR  ] 2017-12-04T12:52:23.626386492Z: [    0.000000] BIOS-e820: [mem 0x00000000fed1c000-0x00000000fed1ffff] reserved
[STDERR  ] 2017-12-04T12:52:23.626397747Z: [    0.000000] BIOS-e820: [mem 0x00000000fffc0000-0x00000000ffffffff] reserved
[STDERR  ] 2017-12-04T12:52:23.626407095Z: [    0.000000] NX (Execute Disable) protection: active
[STDERR  ] 2017-12-04T12:52:23.626416852Z: [    0.000000] random: fast init done
[STDERR  ] 2017-12-04T12:52:23.626425968Z: [    0.000000] SMBIOS 2.8 present.
[STDERR  ] 2017-12-04T12:52:23.626434752Z: [    0.000000] DMI: QEMU Standard PC (Q35 + ICH9, 2009), BIOS rel-1.10.2-0-g5f4c7b1-prebuilt.qemu-project.org 04/01/2014
[STDERR  ] 2017-12-04T12:52:23.626446272Z: [    0.000000] tsc: Fast TSC calibration using PIT
[STDERR  ] 2017-12-04T12:52:23.626455935Z: [    0.000000] e820: last_pfn = 0x3ffdf max_arch_pfn = 0x400000000
[STDERR  ] 2017-12-04T12:52:23.626465536Z: [    0.000000] x86/PAT: Configuration [0-7]: WB  WC  UC- UC  WB  WP  UC- WT  
[STDERR  ] 2017-12-04T12:52:23.626475048Z: [    0.000000] found SMP MP-table at [mem 0x000f6aa0-0x000f6aaf] mapped at [ffffffffff200aa0]
[STDERR  ] 2017-12-04T12:52:23.626485083Z: [    0.000000] RAMDISK: [mem 0x3e6f0000-0x3ffcffff]
[STDERR  ] 2017-12-04T12:52:23.626495026Z: [    0.000000] ACPI: Early table checksum verification disabled
[STDERR  ] 2017-12-04T12:52:23.626504268Z: [    0.000000] ACPI: RSDP 0x00000000000F68C0 000014 (v00 BOCHS )
[STDERR  ] 2017-12-04T12:52:23.626513752Z: [    0.000000] ACPI: RSDT 0x000000003FFE2404 000034 (v01 BOCHS  BXPCRSDT 00000001 BXPC 00000001)
[STDERR  ] 2017-12-04T12:52:23.626528055Z: [    0.000000] ACPI: FACP 0x000000003FFE22A4 000074 (v01 BOCHS  BXPCFACP 00000001 BXPC 00000001)
[STDERR  ] 2017-12-04T12:52:23.626540351Z: [    0.000000] ACPI: DSDT 0x000000003FFE0040 002264 (v01 BOCHS  BXPCDSDT 00000001 BXPC 00000001)
[STDERR  ] 2017-12-04T12:52:23.626562298Z: [    0.000000] ACPI: FACS 0x000000003FFE0000 000040
[STDERR  ] 2017-12-04T12:52:23.626577066Z: [    0.000000] ACPI: APIC 0x000000003FFE2318 000078 (v01 BOCHS  BXPCAPIC 00000001 BXPC 00000001)
[STDERR  ] 2017-12-04T12:52:23.62658589Z: [    0.000000] ACPI: HPET 0x000000003FFE2390 000038 (v01 BOCHS  BXPCHPET 00000001 BXPC 00000001)
[STDERR  ] 2017-12-04T12:52:23.626593965Z: [    0.000000] ACPI: MCFG 0x000000003FFE23C8 00003C (v01 BOCHS  BXPCMCFG 00000001 BXPC 00000001)
[STDERR  ] 2017-12-04T12:52:23.626601946Z: [    0.000000] Zone ranges:
[STDERR  ] 2017-12-04T12:52:23.626609708Z: [    0.000000]   DMA      [mem 0x0000000000001000-0x0000000000ffffff]
[STDERR  ] 2017-12-04T12:52:23.626618225Z: [    0.000000]   DMA32    [mem 0x0000000001000000-0x000000003ffdefff]
[STDERR  ] 2017-12-04T12:52:23.626626624Z: [    0.000000]   Normal   empty
[STDERR  ] 2017-12-04T12:52:23.626634644Z: [    0.000000]   Device   empty
[STDERR  ] 2017-12-04T12:52:23.626642547Z: [    0.000000] Movable zone start for each node
[STDERR  ] 2017-12-04T12:52:23.626652326Z: [    0.000000] Early memory node ranges
[STDERR  ] 2017-12-04T12:52:23.626660936Z: [    0.000000]   node   0: [mem 0x0000000000001000-0x000000000009efff]
[STDERR  ] 2017-12-04T12:52:23.626669314Z: [    0.000000]   node   0: [mem 0x0000000000100000-0x000000003ffdefff]
[STDERR  ] 2017-12-04T12:52:23.626677412Z: [    0.000000] Initmem setup node 0 [mem 0x0000000000001000-0x000000003ffdefff]
[STDERR  ] 2017-12-04T12:52:23.626686078Z: [    0.000000] ACPI: PM-Timer IO Port: 0x608
[STDERR  ] 2017-12-04T12:52:23.626694843Z: [    0.000000] ACPI: LAPIC_NMI (acpi_id[0xff] dfl dfl lint[0x1])
[STDERR  ] 2017-12-04T12:52:23.626704238Z: [    0.000000] IOAPIC[0]: apic_id 0, version 32, address 0xfec00000, GSI 0-23
[STDERR  ] 2017-12-04T12:52:23.626712744Z: [    0.000000] ACPI: INT_SRC_OVR (bus 0 bus_irq 0 global_irq 2 dfl dfl)
[STDERR  ] 2017-12-04T12:52:23.626723064Z: [    0.000000] ACPI: INT_SRC_OVR (bus 0 bus_irq 5 global_irq 5 high level)
[STDERR  ] 2017-12-04T12:52:23.626732115Z: [    0.000000] ACPI: INT_SRC_OVR (bus 0 bus_irq 9 global_irq 9 high level)
[STDERR  ] 2017-12-04T12:52:23.62674044Z: [    0.000000] ACPI: INT_SRC_OVR (bus 0 bus_irq 10 global_irq 10 high level)
[STDERR  ] 2017-12-04T12:52:23.626748649Z: [    0.000000] ACPI: INT_SRC_OVR (bus 0 bus_irq 11 global_irq 11 high level)
[STDERR  ] 2017-12-04T12:52:23.626757946Z: [    0.000000] Using ACPI (MADT) for SMP configuration information
[STDERR  ] 2017-12-04T12:52:23.626767078Z: [    0.000000] ACPI: HPET id: 0x8086a201 base: 0xfed00000
[STDERR  ] 2017-12-04T12:52:23.626778031Z: [    0.000000] smpboot: Allowing 1 CPUs, 0 hotplug CPUs
[STDERR  ] 2017-12-04T12:52:23.62678952Z: [    0.000000] e820: [mem 0x40000000-0xafffffff] available for PCI devices
[STDERR  ] 2017-12-04T12:52:23.626799923Z: [    0.000000] Booting paravirtualized kernel on bare hardware
[STDERR  ] 2017-12-04T12:52:23.626808289Z: [    0.000000] clocksource: refined-jiffies: mask: 0xffffffff max_cycles: 0xffffffff, max_idle_ns: 19112604462750000 ns
[STDERR  ] 2017-12-04T12:52:23.626817554Z: [    0.000000] setup_percpu: NR_CPUS:128 nr_cpumask_bits:128 nr_cpu_ids:1 nr_node_ids:1
[STDERR  ] 2017-12-04T12:52:23.62682576Z: [    0.000000] percpu: Embedded 38 pages/cpu @ffffa01dfe400000 s115928 r8192 d31528 u2097152
[STDERR  ] 2017-12-04T12:52:23.626834024Z: [    0.000000] Built 1 zonelists, mobility grouping on.  Total pages: 257896
[STDERR  ] 2017-12-04T12:52:23.626842393Z: [    0.000000] Kernel command line: console=ttyS0
[STDERR  ] 2017-12-04T12:52:23.626851031Z: [    0.000000] PID hash table entries: 4096 (order: 3, 32768 bytes)
[STDERR  ] 2017-12-04T12:52:23.626858628Z: [    0.000000] Dentry cache hash table entries: 131072 (order: 8, 1048576 bytes)
[STDERR  ] 2017-12-04T12:52:23.626867539Z: [    0.000000] Inode-cache hash table entries: 65536 (order: 7, 524288 bytes)
[STDERR  ] 2017-12-04T12:52:23.626878692Z: [    0.000000] Memory: 983628K/1048052K available (8717K kernel code, 1443K rwdata, 2952K rodata, 1456K init, 660K bss, 64424K reserved, 0K cma-reserved)
[STDERR  ] 2017-12-04T12:52:23.626895703Z: [    0.000000] ftrace: allocating 40585 entries in 159 pages
[STDERR  ] 2017-12-04T12:52:23.626908413Z: [    0.000000] Hierarchical RCU implementation.
[STDERR  ] 2017-12-04T12:52:23.626917282Z: [    0.000000] 	RCU restricting CPUs from NR_CPUS=128 to nr_cpu_ids=1.
[STDERR  ] 2017-12-04T12:52:23.626926179Z: [    0.000000] RCU: Adjusting geometry for rcu_fanout_leaf=16, nr_cpu_ids=1
[STDERR  ] 2017-12-04T12:52:23.626934705Z: [    0.000000] NR_IRQS: 8448, nr_irqs: 256, preallocated irqs: 16
[STDERR  ] 2017-12-04T12:52:23.626943297Z: [    0.000000] Console: colour VGA+ 80x25
[STDERR  ] 2017-12-04T12:52:23.626954091Z: [    0.000000] console [ttyS0] enabled
[STDERR  ] 2017-12-04T12:52:23.626962433Z: [    0.000000] clocksource: hpet: mask: 0xffffffff max_cycles: 0xffffffff, max_idle_ns: 19112604467 ns
[STDERR  ] 2017-12-04T12:52:23.626970886Z: [    0.010000] tsc: Fast TSC calibration using PIT
[STDERR  ] 2017-12-04T12:52:23.626979086Z: [    0.010000] tsc: Detected 2599.889 MHz processor
[STDERR  ] 2017-12-04T12:52:23.626987634Z: [    0.020340] Calibrating delay loop (skipped), value calculated using timer frequency.. 5199.77 BogoMIPS (lpj=25998890)
[STDERR  ] 2017-12-04T12:52:23.626996178Z: [    0.020879] pid_max: default: 32768 minimum: 301
[STDERR  ] 2017-12-04T12:52:23.627004567Z: [    0.021684] ACPI: Core revision 20170728
[STDERR  ] 2017-12-04T12:52:23.627012917Z: [    0.059352] ACPI: 1 ACPI AML tables successfully acquired and loaded
[STDERR  ] 2017-12-04T12:52:23.627020813Z: [    0.064688] Security Framework initialized
[STDERR  ] 2017-12-04T12:52:23.627028593Z: [    0.065191] Yama: becoming mindful.
[STDERR  ] 2017-12-04T12:52:23.62703664Z: [    0.067447] Mount-cache hash table entries: 2048 (order: 2, 16384 bytes)
[STDERR  ] 2017-12-04T12:52:23.627044744Z: [    0.068039] Mountpoint-cache hash table entries: 2048 (order: 2, 16384 bytes)
[STDERR  ] 2017-12-04T12:52:23.627053151Z: [    0.086271] Last level iTLB entries: 4KB 0, 2MB 0, 4MB 0
[STDERR  ] 2017-12-04T12:52:23.627060944Z: [    0.086845] Last level dTLB entries: 4KB 0, 2MB 0, 4MB 0, 1GB 0
[STDERR  ] 2017-12-04T12:52:23.627069156Z: [    0.326217] Freeing SMP alternatives memory: 20K
[STDERR  ] 2017-12-04T12:52:23.627077172Z: [    0.347652] smpboot: Max logical packages: 1
[STDERR  ] 2017-12-04T12:52:23.627085951Z: [    0.355019] ..TIMER: vector=0x30 apic1=0 pin1=2 apic2=-1 pin2=-1
[STDERR  ] 2017-12-04T12:52:23.627093868Z: [    0.460000] smpboot: CPU0: AMD QEMU Virtual CPU version 2.5+ (family: 0x6, model: 0x6, stepping: 0x3)
[STDERR  ] 2017-12-04T12:52:23.627102428Z: [    0.460000] Performance Events: PMU not available due to virtualization, using software events only.
[STDERR  ] 2017-12-04T12:52:23.627110188Z: [    0.461809] Hierarchical SRCU implementation.
[STDERR  ] 2017-12-04T12:52:23.627121035Z: [    0.469179] NMI watchdog: Perf event create on CPU 0 failed with -2
[STDERR  ] 2017-12-04T12:52:23.627129331Z: [    0.469694] NMI watchdog: Perf NMI watchdog permanently disabled
[STDERR  ] 2017-12-04T12:52:23.627136888Z: [    0.473584] smp: Bringing up secondary CPUs ...
[STDERR  ] 2017-12-04T12:52:23.627144647Z: [    0.473810] smp: Brought up 1 node, 1 CPU
[STDERR  ] 2017-12-04T12:52:23.627153419Z: [    0.474207] smpboot: Total of 1 processors activated (5199.77 BogoMIPS)
[STDERR  ] 2017-12-04T12:52:23.627161411Z: [    0.490472] devtmpfs: initialized
[STDERR  ] 2017-12-04T12:52:23.627169596Z: [    0.496220] x86/mm: Memory block size: 128MB
[STDERR  ] 2017-12-04T12:52:23.627177455Z: [    0.506923] clocksource: jiffies: mask: 0xffffffff max_cycles: 0xffffffff, max_idle_ns: 19112604462750000 ns
[STDERR  ] 2017-12-04T12:52:23.627186177Z: [    0.507829] futex hash table entries: 256 (order: 2, 16384 bytes)
[STDERR  ] 2017-12-04T12:52:23.627201372Z: [    0.517382] NET: Registered protocol family 16
[STDERR  ] 2017-12-04T12:52:23.627209622Z: [    0.524362] cpuidle: using governor ladder
[STDERR  ] 2017-12-04T12:52:23.627218107Z: [    0.524862] cpuidle: using governor menu
[STDERR  ] 2017-12-04T12:52:23.627231557Z: [    0.526622] ACPI: bus type PCI registered
[STDERR  ] 2017-12-04T12:52:23.627240145Z: [    0.529386] PCI: MMCONFIG for domain 0000 [bus 00-ff] at [mem 0xb0000000-0xbfffffff] (base 0xb0000000)
[STDERR  ] 2017-12-04T12:52:23.627253243Z: [    0.530386] PCI: MMCONFIG at [mem 0xb0000000-0xbfffffff] reserved in E820
[STDERR  ] 2017-12-04T12:52:23.627262659Z: [    0.531496] PCI: Using configuration type 1 for base access
[STDERR  ] 2017-12-04T12:52:23.627270705Z: [    0.585381] HugeTLB registered 2.00 MiB page size, pre-allocated 0 pages
[STDERR  ] 2017-12-04T12:52:23.627278698Z: [    0.596871] ACPI: Added _OSI(Module Device)
[STDERR  ] 2017-12-04T12:52:23.627287373Z: [    0.597221] ACPI: Added _OSI(Processor Device)
[STDERR  ] 2017-12-04T12:52:23.627297555Z: [    0.597520] ACPI: Added _OSI(3.0 _SCP Extensions)
[STDERR  ] 2017-12-04T12:52:23.627306746Z: [    0.597835] ACPI: Added _OSI(Processor Aggregator Device)
[STDERR  ] 2017-12-04T12:52:23.627315004Z: [    0.679705] ACPI: Interpreter enabled
[STDERR  ] 2017-12-04T12:52:23.62732347Z: [    0.680533] ACPI: (supports S0 S5)
[STDERR  ] 2017-12-04T12:52:23.627336674Z: [    0.680944] ACPI: Using IOAPIC for interrupt routing
[STDERR  ] 2017-12-04T12:52:23.627344696Z: [    0.683459] PCI: Using host bridge windows from ACPI; if necessary, use "pci=nocrs" and report a bug
[STDERR  ] 2017-12-04T12:52:23.627353046Z: [    0.688087] ACPI: Enabled 2 GPEs in block 00 to 3F
[STDERR  ] 2017-12-04T12:52:23.62736144Z: [    0.758259] ACPI: PCI Root Bridge [PCI0] (domain 0000 [bus 00-ff])
[STDERR  ] 2017-12-04T12:52:23.627371291Z: [    0.759485] acpi PNP0A08:00: _OSC: OS supports [ExtendedConfig ASPM ClockPM Segments MSI]
[STDERR  ] 2017-12-04T12:52:23.627377521Z: [    0.765128] acpi PNP0A08:00: _OSC: OS now controls [PCIeHotplug PME PCIeCapability]
[STDERR  ] 2017-12-04T12:52:23.62738353Z: [    0.768830] PCI host bridge to bus 0000:00
[STDERR  ] 2017-12-04T12:52:23.627389112Z: [    0.770112] pci_bus 0000:00: root bus resource [io  0x0000-0x0cf7 window]
[STDERR  ] 2017-12-04T12:52:23.627394632Z: [    0.770585] pci_bus 0000:00: root bus resource [io  0x0d00-0xffff window]
[STDERR  ] 2017-12-04T12:52:23.62740045Z: [    0.771021] pci_bus 0000:00: root bus resource [mem 0x000a0000-0x000bffff window]
[STDERR  ] 2017-12-04T12:52:23.627406051Z: [    0.771488] pci_bus 0000:00: root bus resource [mem 0xc0000000-0xfebfffff window]
[STDERR  ] 2017-12-04T12:52:23.627411808Z: [    0.772040] pci_bus 0000:00: root bus resource [bus 00-ff]
[STDERR  ] 2017-12-04T12:52:23.627417512Z: [    0.912359] pci 0000:00:1f.0: quirk: [io  0x0600-0x067f] claimed by ICH6 ACPI/GPIO/TCO
[STDERR  ] 2017-12-04T12:52:23.627423414Z: [    0.998258] ACPI: PCI Interrupt Link [LNKA] (IRQs 5 *10 11)
[STDERR  ] 2017-12-04T12:52:23.627430922Z: [    1.001473] ACPI: PCI Interrupt Link [LNKB] (IRQs 5 *10 11)
[STDERR  ] 2017-12-04T12:52:23.627436571Z: [    1.003598] ACPI: PCI Interrupt Link [LNKC] (IRQs 5 10 *11)
[STDERR  ] 2017-12-04T12:52:23.627442047Z: [    1.005630] ACPI: PCI Interrupt Link [LNKD] (IRQs 5 10 *11)
[STDERR  ] 2017-12-04T12:52:23.627447649Z: [    1.007451] ACPI: PCI Interrupt Link [LNKE] (IRQs 5 *10 11)
[STDERR  ] 2017-12-04T12:52:23.627453147Z: [    1.009392] ACPI: PCI Interrupt Link [LNKF] (IRQs 5 *10 11)
[STDERR  ] 2017-12-04T12:52:23.627458733Z: [    1.011400] ACPI: PCI Interrupt Link [LNKG] (IRQs 5 10 *11)
[STDERR  ] 2017-12-04T12:52:23.627464207Z: [    1.013215] ACPI: PCI Interrupt Link [LNKH] (IRQs 5 10 *11)
[STDERR  ] 2017-12-04T12:52:23.627469619Z: [    1.014195] ACPI: PCI Interrupt Link [GSIA] (IRQs *16)
[STDERR  ] 2017-12-04T12:52:23.627475031Z: [    1.014912] ACPI: PCI Interrupt Link [GSIB] (IRQs *17)
[STDERR  ] 2017-12-04T12:52:23.627480493Z: [    1.015651] ACPI: PCI Interrupt Link [GSIC] (IRQs *18)
[STDERR  ] 2017-12-04T12:52:23.627488111Z: [    1.016363] ACPI: PCI Interrupt Link [GSID] (IRQs *19)
[STDERR  ] 2017-12-04T12:52:23.627493535Z: [    1.017047] ACPI: PCI Interrupt Link [GSIE] (IRQs *20)
[STDERR  ] 2017-12-04T12:52:23.627509058Z: [    1.017751] ACPI: PCI Interrupt Link [GSIF] (IRQs *21)
[STDERR  ] 2017-12-04T12:52:23.627518692Z: [    1.018479] ACPI: PCI Interrupt Link [GSIG] (IRQs *22)
[STDERR  ] 2017-12-04T12:52:23.627526977Z: [    1.019129] ACPI: PCI Interrupt Link [GSIH] (IRQs *23)
[STDERR  ] 2017-12-04T12:52:23.627532543Z: [    1.027449] SCSI subsystem initialized
[STDERR  ] 2017-12-04T12:52:23.627538065Z: [    1.030097] ACPI: bus type USB registered
[STDERR  ] 2017-12-04T12:52:23.627545629Z: [    1.031207] usbcore: registered new interface driver usbfs
[STDERR  ] 2017-12-04T12:52:23.627551193Z: [    1.032074] usbcore: registered new interface driver hub
[STDERR  ] 2017-12-04T12:52:23.627556642Z: [    1.032964] usbcore: registered new device driver usb
[STDERR  ] 2017-12-04T12:52:23.627563922Z: [    1.033959] pps_core: LinuxPPS API ver. 1 registered
[STDERR  ] 2017-12-04T12:52:23.627569402Z: [    1.034293] pps_core: Software ver. 5.3.6 - Copyright 2005-2007 Rodolfo Giometti <giometti@linux.it>
[STDERR  ] 2017-12-04T12:52:23.627632051Z: [    1.034968] PTP clock support registered
[STDERR  ] 2017-12-04T12:52:23.627638639Z: [    1.037651] PCI: Using ACPI for IRQ routing
[STDERR  ] 2017-12-04T12:52:23.627644106Z: [    1.057478] NetLabel: Initializing
[STDERR  ] 2017-12-04T12:52:23.627649526Z: [    1.057731] NetLabel:  domain hash size = 128
[STDERR  ] 2017-12-04T12:52:23.627654964Z: [    1.058116] NetLabel:  protocols = UNLABELED CIPSOv4 CALIPSO
[STDERR  ] 2017-12-04T12:52:23.627663009Z: [    1.061301] NetLabel:  unlabeled traffic allowed by default
[STDERR  ] 2017-12-04T12:52:23.627668599Z: [    1.062514] HPET: 3 timers in total, 0 timers will be used for per-cpu timer
[STDERR  ] 2017-12-04T12:52:23.627674664Z: [    1.063251] hpet0: at MMIO 0xfed00000, IRQs 2, 8, 0
[STDERR  ] 2017-12-04T12:52:23.627681271Z: [    1.063669] hpet0: 3 comparators, 64-bit 100.000000 MHz counter
[STDERR  ] 2017-12-04T12:52:23.627689053Z: [    1.069520] clocksource: Switched to clocksource hpet
[STDERR  ] 2017-12-04T12:52:23.627697414Z: [    1.373283] VFS: Disk quotas dquot_6.6.0
[STDERR  ] 2017-12-04T12:52:23.627706168Z: [    1.374113] VFS: Dquot-cache hash table entries: 512 (order 0, 4096 bytes)
[STDERR  ] 2017-12-04T12:52:23.627715209Z: [    1.377561] FS-Cache: Loaded
[STDERR  ] 2017-12-04T12:52:23.627723987Z: [    1.383606] CacheFiles: Loaded
[STDERR  ] 2017-12-04T12:52:23.627732344Z: [    1.385040] pnp: PnP ACPI init
[STDERR  ] 2017-12-04T12:52:23.627741027Z: [    1.396171] pnp: PnP ACPI: found 5 devices
[STDERR  ] 2017-12-04T12:52:23.627749082Z: [    1.440388] clocksource: acpi_pm: mask: 0xffffff max_cycles: 0xffffff, max_idle_ns: 2085701024 ns
[STDERR  ] 2017-12-04T12:52:23.627757699Z: [    1.444050] NET: Registered protocol family 2
[STDERR  ] 2017-12-04T12:52:23.62776341Z: [    1.452227] TCP established hash table entries: 8192 (order: 4, 65536 bytes)
[STDERR  ] 2017-12-04T12:52:23.62776957Z: [    1.453077] TCP bind hash table entries: 8192 (order: 5, 131072 bytes)
[STDERR  ] 2017-12-04T12:52:23.627775214Z: [    1.453773] TCP: Hash tables configured (established 8192 bind 8192)
[STDERR  ] 2017-12-04T12:52:23.62778075Z: [    1.456391] UDP hash table entries: 512 (order: 2, 16384 bytes)
[STDERR  ] 2017-12-04T12:52:23.627786207Z: [    1.457097] UDP-Lite hash table entries: 512 (order: 2, 16384 bytes)
[STDERR  ] 2017-12-04T12:52:23.627791601Z: [    1.459549] NET: Registered protocol family 1
[STDERR  ] 2017-12-04T12:52:23.627797295Z: [    1.460900] pci 0000:00:01.0: Video device with shadowed ROM at [mem 0x000c0000-0x000dffff]
[STDERR  ] 2017-12-04T12:52:23.627802898Z: [    1.467014] Trying to unpack rootfs image as initramfs...
[STDERR  ] 2017-12-04T12:52:23.627808338Z: [    6.945451] Freeing initrd memory: 25472K
[STDERR  ] 2017-12-04T12:52:23.627816316Z: [    6.976236] PCLMULQDQ-NI instructions are not detected.
[STDERR  ] 2017-12-04T12:52:23.627822025Z: [    6.977807] AVX or AES-NI instructions are not detected.
[STDERR  ] 2017-12-04T12:52:23.627827664Z: [    6.978355] CPU feature 'AVX registers' is not supported.
[STDERR  ] 2017-12-04T12:52:23.627833594Z: [    6.978768] CPU feature 'AVX registers' is not supported.
[STDERR  ] 2017-12-04T12:52:23.627843005Z: [    6.979150] CPU feature 'AVX registers' is not supported.
[STDERR  ] 2017-12-04T12:52:23.62785153Z: [    6.979504] CPU feature 'AVX registers' is not supported.
[STDERR  ] 2017-12-04T12:52:23.627859175Z: [    6.979872] AVX2 or AES-NI instructions are not detected.
[STDERR  ] 2017-12-04T12:52:23.627867008Z: [    6.981425] AVX2 instructions are not detected.
[STDERR  ] 2017-12-04T12:52:23.627874465Z: [    6.986124] audit: initializing netlink subsys (disabled)
[STDERR  ] 2017-12-04T12:52:23.627882629Z: [    6.988982] audit: type=2000 audit(1512391926.980:1): state=initialized audit_enabled=0 res=1
[STDERR  ] 2017-12-04T12:52:23.627888486Z: [    6.995924] workingset: timestamp_bits=46 max_order=18 bucket_order=0
[STDERR  ] 2017-12-04T12:52:23.627893993Z: [    7.001761] squashfs: version 4.0 (2009/01/31) Phillip Lougher
[STDERR  ] 2017-12-04T12:52:23.627899498Z: [    7.004384] FS-Cache: Netfs 'cifs' registered for caching
[STDERR  ] 2017-12-04T12:52:23.62790691Z: [    7.005923] fuse init (API version 7.26)
[STDERR  ] 2017-12-04T12:52:23.627912497Z: [    7.009151] SGI XFS with ACLs, security attributes, no debug enabled
[STDERR  ] 2017-12-04T12:52:23.627919406Z: [    7.014826] 9p: Installing v9fs 9p2000 file system support
[STDERR  ] 2017-12-04T12:52:23.627924869Z: [    7.015318] FS-Cache: Netfs '9p' registered for caching
[STDERR  ] 2017-12-04T12:52:23.627930332Z: [    7.057157] NET: Registered protocol family 38
[STDERR  ] 2017-12-04T12:52:23.627935819Z: [    7.057860] Key type asymmetric registered
[STDERR  ] 2017-12-04T12:52:23.627941194Z: [    7.058370] Asymmetric key parser 'x509' registered
[STDERR  ] 2017-12-04T12:52:23.627946554Z: [    7.059257] Block layer SCSI generic (bsg) driver version 0.4 loaded (major 248)
[STDERR  ] 2017-12-04T12:52:23.627952196Z: [    7.061771] io scheduler noop registered
[STDERR  ] 2017-12-04T12:52:23.6279576Z: [    7.062142] io scheduler deadline registered (default)
[STDERR  ] 2017-12-04T12:52:23.627963069Z: [    7.063042] io scheduler cfq registered
[STDERR  ] 2017-12-04T12:52:23.627968654Z: [    7.063383] io scheduler mq-deadline registered
[STDERR  ] 2017-12-04T12:52:23.627976292Z: [    7.063687] io scheduler kyber registered
[STDERR  ] 2017-12-04T12:52:23.627986305Z: [    7.066977] shpchp: Standard Hot Plug PCI Controller Driver version: 0.4
[STDERR  ] 2017-12-04T12:52:23.627993846Z: [    7.067883] hv_vmbus: registering driver hyperv_fb
[STDERR  ] 2017-12-04T12:52:23.628000339Z: [    7.072578] input: Power Button as /devices/LNXSYSTM:00/LNXPWRBN:00/input/input0
[STDERR  ] 2017-12-04T12:52:23.628006072Z: [    7.075581] ACPI: Power Button [PWRF]
[STDERR  ] 2017-12-04T12:52:23.62801152Z: [    7.094955] ACPI: PCI Interrupt Link [GSIG] enabled at IRQ 22
[STDERR  ] 2017-12-04T12:52:23.628017072Z: [    7.109856] ACPI: PCI Interrupt Link [GSIH] enabled at IRQ 23
[STDERR  ] 2017-12-04T12:52:23.628022632Z: [    7.117645] Serial: 8250/16550 driver, 4 ports, IRQ sharing disabled
[STDERR  ] 2017-12-04T12:52:23.628028275Z: [    7.142773] 00:04: ttyS0 at I/O 0x3f8 (irq = 4, base_baud = 115200) is a 16550A
[STDERR  ] 2017-12-04T12:52:23.628033806Z: [    7.154015] Non-volatile memory driver v1.3
[STDERR  ] 2017-12-04T12:52:23.62803928Z: [    7.162184] Hangcheck: starting hangcheck timer 0.9.1 (tick is 180 seconds, margin is 60 seconds).
[STDERR  ] 2017-12-04T12:52:23.628045073Z: [    7.171485] random: crng init done
[STDERR  ] 2017-12-04T12:52:23.628050474Z: [    7.235736] brd: module loaded
[STDERR  ] 2017-12-04T12:52:23.628055957Z: [    7.269801] loop: module loaded
[STDERR  ] 2017-12-04T12:52:23.628061724Z: [    7.331263] lpc_ich 0000:00:1f.0: I/O space for GPIO uninitialized
[STDERR  ] 2017-12-04T12:52:23.628067197Z: [    7.333962] VMware PVSCSI driver - version 1.0.7.0-k
[STDERR  ] 2017-12-04T12:52:23.628072591Z: [    7.334800] hv_vmbus: registering driver hv_storvsc
[STDERR  ] 2017-12-04T12:52:23.628080057Z: [    7.345874] ACPI: PCI Interrupt Link [GSIA] enabled at IRQ 16
[STDERR  ] 2017-12-04T12:52:23.628088764Z: [    7.352745] ahci 0000:00:1f.2: AHCI 0001.0000 32 slots 6 ports 1.5 Gbps 0x3f impl SATA mode
[STDERR  ] 2017-12-04T12:52:23.628096526Z: [    7.353506] ahci 0000:00:1f.2: flags: 64bit ncq only 
[STDERR  ] 2017-12-04T12:52:23.628104698Z: [    7.370661] scsi host0: ahci
[STDERR  ] 2017-12-04T12:52:23.628110301Z: [    7.375340] scsi host1: ahci
[STDERR  ] 2017-12-04T12:52:23.628117158Z: [    7.377578] scsi host2: ahci
[STDERR  ] 2017-12-04T12:52:23.628122677Z: [    7.379939] scsi host3: ahci
[STDERR  ] 2017-12-04T12:52:23.628128015Z: [    7.382096] scsi host4: ahci
[STDERR  ] 2017-12-04T12:52:23.628133541Z: [    7.383850] scsi host5: ahci
[STDERR  ] 2017-12-04T12:52:23.628139001Z: [    7.385291] ata1: SATA max UDMA/133 abar m4096@0xfebd2000 port 0xfebd2100 irq 24
[STDERR  ] 2017-12-04T12:52:23.628144724Z: [    7.385823] ata2: SATA max UDMA/133 abar m4096@0xfebd2000 port 0xfebd2180 irq 24
[STDERR  ] 2017-12-04T12:52:23.628150578Z: [    7.386306] ata3: SATA max UDMA/133 abar m4096@0xfebd2000 port 0xfebd2200 irq 24
[STDERR  ] 2017-12-04T12:52:23.628156022Z: [    7.386739] ata4: SATA max UDMA/133 abar m4096@0xfebd2000 port 0xfebd2280 irq 24
[STDERR  ] 2017-12-04T12:52:23.62816144Z: [    7.387164] ata5: SATA max UDMA/133 abar m4096@0xfebd2000 port 0xfebd2300 irq 24
[STDERR  ] 2017-12-04T12:52:23.628166879Z: [    7.387602] ata6: SATA max UDMA/133 abar m4096@0xfebd2000 port 0xfebd2380 irq 24
[STDERR  ] 2017-12-04T12:52:23.628172417Z: [    7.400339] tun: Universal TUN/TAP device driver, 1.6
[STDERR  ] 2017-12-04T12:52:23.628178315Z: [    7.413427] VMware vmxnet3 virtual NIC driver - version 1.4.a.0-k-NAPI
[STDERR  ] 2017-12-04T12:52:23.628183854Z: [    7.414393] hv_vmbus: registering driver hv_netvsc
[STDERR  ] 2017-12-04T12:52:23.628189253Z: [    7.414588] Fusion MPT base driver 3.04.20
[STDERR  ] 2017-12-04T12:52:23.628203622Z: [    7.414721] Copyright (c) 1999-2008 LSI Corporation
[STDERR  ] 2017-12-04T12:52:23.628211973Z: [    7.415129] Fusion MPT SPI Host driver 3.04.20
[STDERR  ] 2017-12-04T12:52:23.628220369Z: [    7.417694] i8042: PNP: PS/2 Controller [PNP0303:KBD,PNP0f13:MOU] at 0x60,0x64 irq 1,12
[STDERR  ] 2017-12-04T12:52:23.628228658Z: [    7.423270] serio: i8042 KBD port at 0x60,0x64 irq 1
[STDERR  ] 2017-12-04T12:52:23.628236307Z: [    7.424025] serio: i8042 AUX port at 0x60,0x64 irq 12
[STDERR  ] 2017-12-04T12:52:23.628264392Z: [    7.426509] hv_vmbus: registering driver hyperv_keyboard
[STDERR  ] 2017-12-04T12:52:23.628273661Z: [    7.429041] mousedev: PS/2 mouse device common for all mice
[STDERR  ] 2017-12-04T12:52:23.628284371Z: [    7.435525] input: PC Speaker as /devices/platform/pcspkr/input/input2
[STDERR  ] 2017-12-04T12:52:23.628292599Z: [    7.436939] input: AT Translated Set 2 keyboard as /devices/platform/i8042/serio0/input/input1
[STDERR  ] 2017-12-04T12:52:23.628301156Z: [    7.439136] rtc_cmos 00:00: RTC can wake from S4
[STDERR  ] 2017-12-04T12:52:23.628309225Z: [    7.445524] rtc_cmos 00:00: rtc core: registered rtc_cmos as rtc0
[STDERR  ] 2017-12-04T12:52:23.628317139Z: [    7.446819] rtc_cmos 00:00: alarms up to one day, y3k, 114 bytes nvram, hpet irqs
[STDERR  ] 2017-12-04T12:52:23.628325946Z: [    7.447353] i2c /dev entries driver
[STDERR  ] 2017-12-04T12:52:23.628333825Z: [    7.449406] device-mapper: ioctl: 4.37.0-ioctl (2017-09-20) initialised: dm-devel@redhat.com
[STDERR  ] 2017-12-04T12:52:23.628341512Z: [    7.454256] usbcore: registered new interface driver usbhid
[STDERR  ] 2017-12-04T12:52:23.628349237Z: [    7.454466] usbhid: USB HID core driver
[STDERR  ] 2017-12-04T12:52:23.628357286Z: [    7.455172] hv_utils: Registering HyperV Utility Driver
[STDERR  ] 2017-12-04T12:52:23.628365983Z: [    7.455349] hv_vmbus: registering driver hv_util
[STDERR  ] 2017-12-04T12:52:23.628374539Z: [    7.455502] hv_vmbus: registering driver hv_balloon
[STDERR  ] 2017-12-04T12:52:23.628383208Z: [    7.455907] oprofile: using NMI interrupt.
[STDERR  ] 2017-12-04T12:52:23.628392513Z: [    7.457016] GACT probability on
[STDERR  ] 2017-12-04T12:52:23.628401943Z: [    7.457355] Mirror/redirect action on
[STDERR  ] 2017-12-04T12:52:23.628417817Z: [    7.457872] Simple TC action Loaded
[STDERR  ] 2017-12-04T12:52:23.62842683Z: [    7.458336] u32 classifier
[STDERR  ] 2017-12-04T12:52:23.628474672Z: [    7.458451]     Performance counters on
[STDERR  ] 2017-12-04T12:52:23.628483466Z: [    7.458573]     input device check on
[STDERR  ] 2017-12-04T12:52:23.628491969Z: [    7.458731]     Actions configured
[STDERR  ] 2017-12-04T12:52:23.628500754Z: [    7.459391] Netfilter messages via NETLINK v0.30.
[STDERR  ] 2017-12-04T12:52:23.628509287Z: [    7.459790] nfnl_acct: registering with nfnetlink.
[STDERR  ] 2017-12-04T12:52:23.628517924Z: [    7.461315] nf_conntrack version 0.5.0 (8192 buckets, 32768 max)
[STDERR  ] 2017-12-04T12:52:23.628536631Z: [    7.463612] ctnetlink v0.93: registering with nfnetlink.
[STDERR  ] 2017-12-04T12:52:23.628545083Z: [    7.466498] nf_tables: (c) 2007-2009 Patrick McHardy <kaber@trash.net>
[STDERR  ] 2017-12-04T12:52:23.628553706Z: [    7.467184] nf_tables_compat: (c) 2012 Pablo Neira Ayuso <pablo@netfilter.org>
[STDERR  ] 2017-12-04T12:52:23.628562448Z: [    7.469627] xt_time: kernel timezone is -0000
[STDERR  ] 2017-12-04T12:52:23.628570566Z: [    7.470383] ip_set: protocol 6
[STDERR  ] 2017-12-04T12:52:23.628579168Z: [    7.471186] IPVS: Registered protocols (TCP, UDP, SCTP, AH, ESP)
[STDERR  ] 2017-12-04T12:52:23.628586777Z: [    7.471613] IPVS: Connection hash table configured (size=4096, memory=64Kbytes)
[STDERR  ] 2017-12-04T12:52:23.628595067Z: [    7.475334] IPVS: ipvs loaded.
[STDERR  ] 2017-12-04T12:52:23.628611668Z: [    7.475753] IPVS: [rr] scheduler registered.
[STDERR  ] 2017-12-04T12:52:23.628623018Z: [    7.475924] IPVS: [wrr] scheduler registered.
[STDERR  ] 2017-12-04T12:52:23.628630645Z: [    7.476022] IPVS: [lc] scheduler registered.
[STDERR  ] 2017-12-04T12:52:23.628638357Z: [    7.476107] IPVS: [wlc] scheduler registered.
[STDERR  ] 2017-12-04T12:52:23.628646142Z: [    7.476193] IPVS: [fo] scheduler registered.
[STDERR  ] 2017-12-04T12:52:23.628653862Z: [    7.476292] IPVS: [ovf] scheduler registered.
[STDERR  ] 2017-12-04T12:52:23.628661401Z: [    7.476496] IPVS: [lblc] scheduler registered.
[STDERR  ] 2017-12-04T12:52:23.628671723Z: [    7.476674] IPVS: [lblcr] scheduler registered.
[STDERR  ] 2017-12-04T12:52:23.628688143Z: [    7.476775] IPVS: [dh] scheduler registered.
[STDERR  ] 2017-12-04T12:52:23.628696796Z: [    7.476860] IPVS: [sh] scheduler registered.
[STDERR  ] 2017-12-04T12:52:23.628705978Z: [    7.476946] IPVS: [sed] scheduler registered.
[STDERR  ] 2017-12-04T12:52:23.628714589Z: [    7.477032] IPVS: [nq] scheduler registered.
[STDERR  ] 2017-12-04T12:52:23.628723293Z: [    7.477539] IPVS: ftp: loaded support on port[0] = 21
[STDERR  ] 2017-12-04T12:52:23.628731366Z: [    7.478314] ipip: IPv4 and MPLS over IPv4 tunneling driver
[STDERR  ] 2017-12-04T12:52:23.628739595Z: [    7.482692] gre: GRE over IPv4 demultiplexor driver
[STDERR  ] 2017-12-04T12:52:23.628747521Z: [    7.485501] ip_tables: (C) 2000-2006 Netfilter Core Team
[STDERR  ] 2017-12-04T12:52:23.628765629Z: [    7.489094] ipt_CLUSTERIP: ClusterIP Version 0.8 loaded successfully
[STDERR  ] 2017-12-04T12:52:23.62877436Z: [    7.489736] arp_tables: arp_tables: (C) 2002 David S. Miller
[STDERR  ] 2017-12-04T12:52:23.628782947Z: [    7.492556] NET: Registered protocol family 10
[STDERR  ] 2017-12-04T12:52:23.628790886Z: [    7.503471] Segment Routing with IPv6
[STDERR  ] 2017-12-04T12:52:23.628798243Z: [    7.504410] ip6_tables: (C) 2000-2006 Netfilter Core Team
[STDERR  ] 2017-12-04T12:52:23.62880562Z: [    7.512663] NET: Registered protocol family 17
[STDERR  ] 2017-12-04T12:52:23.62881413Z: [    7.513793] Bridge firewalling registered
[STDERR  ] 2017-12-04T12:52:23.628822454Z: [    7.514352] Ebtables v2.0 registered
[STDERR  ] 2017-12-04T12:52:23.628839997Z: [    7.516396] 8021q: 802.1Q VLAN Support v1.8
[STDERR  ] 2017-12-04T12:52:23.628848888Z: [    7.517913] 9pnet: Installing 9P2000 support
[STDERR  ] 2017-12-04T12:52:23.628857235Z: [    7.519496] Key type dns_resolver registered
[STDERR  ] 2017-12-04T12:52:23.628871374Z: [    7.521358] sched_clock: Marking stable (7520272390, 0)->(7633288195, -113015805)
[STDERR  ] 2017-12-04T12:52:23.628883738Z: [    7.525101] registered taskstats version 1
[STDERR  ] 2017-12-04T12:52:23.628892148Z: [    7.721385] ata4: SATA link down (SStatus 0 SControl 300)
[STDERR  ] 2017-12-04T12:52:23.628900679Z: [    7.724711] ata3: SATA link up 1.5 Gbps (SStatus 113 SControl 300)
[STDERR  ] 2017-12-04T12:52:23.62891836Z: [    7.729238] ata3.00: ATAPI: QEMU DVD-ROM, 2.5+, max UDMA/100
[STDERR  ] 2017-12-04T12:52:23.62892683Z: [    7.730005] ata3.00: applying bridge limits
[STDERR  ] 2017-12-04T12:52:23.628937716Z: [    7.731810] ata5: SATA link down (SStatus 0 SControl 300)
[STDERR  ] 2017-12-04T12:52:23.628945945Z: [    7.732604] ata2: SATA link down (SStatus 0 SControl 300)
[STDERR  ] 2017-12-04T12:52:23.628957145Z: [    7.733123] ata1: SATA link down (SStatus 0 SControl 300)
[STDERR  ] 2017-12-04T12:52:23.628965423Z: [    7.739814] ata3.00: configured for UDMA/100
[STDERR  ] 2017-12-04T12:52:23.628973766Z: [    7.744417] ata6: SATA link down (SStatus 0 SControl 300)
[STDERR  ] 2017-12-04T12:52:23.62898208Z: [    7.765180] scsi 2:0:0:0: CD-ROM            QEMU     QEMU DVD-ROM     2.5+ PQ: 0 ANSI: 5
[STDERR  ] 2017-12-04T12:52:23.629003656Z: [    7.784513] Key type big_key registered
[STDERR  ] 2017-12-04T12:52:23.629012435Z: [    7.796191] sr 2:0:0:0: [sr0] scsi3-mmc drive: 4x/4x cd/rw xa/form2 tray
[STDERR  ] 2017-12-04T12:52:23.629020912Z: [    7.797007] cdrom: Uniform CD-ROM driver Revision: 3.20
[STDERR  ] 2017-12-04T12:52:23.629029182Z: [    7.815958] sr 2:0:0:0: Attached scsi generic sg0 type 5
[STDERR  ] 2017-12-04T12:52:23.62903762Z: [    7.875867] Key type encrypted registered
[STDERR  ] 2017-12-04T12:52:23.629045812Z: [    7.883208] rtc_cmos 00:00: setting system clock to 2017-12-04 12:52:08 UTC (1512391928)
[STDERR  ] 2017-12-04T12:52:23.629054676Z: [    8.065775] Freeing unused kernel memory: 1456K
[STDERR  ] 2017-12-04T12:52:23.629071574Z: [    8.066753] Write protecting the kernel read-only data: 14336k
[STDERR  ] 2017-12-04T12:52:23.629080341Z: [    8.067652] tsc: Refined TSC clocksource calibration: 2599.977 MHz
[STDERR  ] 2017-12-04T12:52:23.629089053Z: [    8.068277] clocksource: tsc: mask: 0xffffffffffffffff max_cycles: 0x257a2697c93, max_idle_ns: 440795274039 ns
[STDERR  ] 2017-12-04T12:52:23.629097793Z: [    8.086738] Freeing unused kernel memory: 1512K
[STDERR  ] 2017-12-04T12:52:23.629106018Z: [    8.203240] Freeing unused kernel memory: 1144K
[STDERR  ] 2017-12-04T12:52:23.629114346Z: [    9.078797] clocksource: Switched to clocksource tsc
[STDERR  ] 2017-12-04T12:52:23.62912276Z: 
[STDERR  ] 2017-12-04T12:52:23.629131357Z: Welcome to LinuxKit
[STDERR  ] 2017-12-04T12:52:23.629148643Z: 
[STDERR  ] 2017-12-04T12:52:23.62915732Z:                         ##         .
[STDERR  ] 2017-12-04T12:52:23.629165854Z:                   ## ## ##        ==
[STDERR  ] 2017-12-04T12:52:23.62917468Z:                ## ## ## ## ##    ===
[STDERR  ] 2017-12-04T12:52:23.629182977Z:            /"""""""""""""""""\___/ ===
[STDERR  ] 2017-12-04T12:52:23.629197051Z:           {                       /  ===-
[STDERR  ] 2017-12-04T12:52:23.629207394Z:            \______ O           __/
[STDERR  ] 2017-12-04T12:52:23.629224816Z:              \    \         __/
[STDERR  ] 2017-12-04T12:52:23.629233549Z:               \____\_______/
[STDERR  ] 2017-12-04T12:52:23.629241927Z: 
[STDERR  ] 2017-12-04T12:52:23.6292497Z: Linux linuxkit-726e484e1d3a 4.14.3-linuxkit #1 SMP Fri Dec 1 11:12:51 UTC 2017 x86_64 Linux
[STDERR  ] 2017-12-04T12:52:23.629258732Z: filename:       hello_world.ko
[STDERR  ] 2017-12-04T12:52:23.629268278Z: author:         Rolf Neugebauer <rolf.neugebauer@docker.com>
[STDERR  ] 2017-12-04T12:52:23.629276759Z: description:    A simple Hello World kernel module for testing
[STDERR  ] 2017-12-04T12:52:23.62928474Z: license:        GPL
[STDERR  ] 2017-12-04T12:52:23.629302354Z: depends:        
[STDERR  ] 2017-12-04T12:52:23.629311142Z: vermagic:       4.14.3-linuxkit SMP mod_unload modversions RANDSTRUCT_PLUGIN_9b93303921ded92ab5445b83d1b2a5ff045931daae09c763223ac6e62889fef2
[STDERR  ] 2017-12-04T12:52:23.629323849Z: [   17.678419] hello_world: loading out-of-tree module taints kernel.
[STDERR  ] 2017-12-04T12:52:23.629338501Z: [   17.687529] Hello LinuxKit
[STDERR  ] 2017-12-04T12:52:23.629346789Z: [   17.797246] Goodbye LinuxKit.
[STDERR  ] 2017-12-04T12:52:23.629354743Z: Kernel module test suite PASSED
[STDERR  ] 2017-12-04T12:52:23.62936349Z: [   22.226537] ACPI: Preparing to enter system sleep state S5
[STDERR  ] 2017-12-04T12:52:23.629381011Z: [   22.228216] reboot: Power down
[STDERR  ] 2017-12-04T12:52:23.629389405Z: + grep -q Hello LinuxKit
[STDERR  ] 2017-12-04T12:52:23.629399052Z: + echo [    0.000000] Linux version 4.14.3-linuxkit (root@848876ce7ee1) (gcc version 6.3.0 (Alpine 6.3.0)) #1 SMP Fri Dec 1 11:12:51 UTC 2017
[STDERR  ] 2017-12-04T12:52:23.629407812Z: [    0.000000] Command line: console=ttyS0
[STDERR  ] 2017-12-04T12:52:23.629416385Z: [    0.000000] x86/fpu: x87 FPU will use FXSAVE
[STDERR  ] 2017-12-04T12:52:23.629424692Z: [    0.000000] e820: BIOS-provided physical RAM map:
[STDERR  ] 2017-12-04T12:52:23.629432469Z: [    0.000000] BIOS-e820: [mem 0x0000000000000000-0x000000000009fbff] usable
[STDERR  ] 2017-12-04T12:52:23.629440652Z: [    0.000000] BIOS-e820: [mem 0x000000000009fc00-0x000000000009ffff] reserved
[STDERR  ] 2017-12-04T12:52:23.629459012Z: [    0.000000] BIOS-e820: [mem 0x00000000000f0000-0x00000000000fffff] reserved
[STDERR  ] 2017-12-04T12:52:23.62946763Z: [    0.000000] BIOS-e820: [mem 0x0000000000100000-0x000000003ffdefff] usable
[STDERR  ] 2017-12-04T12:52:23.629476143Z: [    0.000000] BIOS-e820: [mem 0x000000003ffdf000-0x000000003fffffff] reserved
[STDERR  ] 2017-12-04T12:52:23.629484453Z: [    0.000000] BIOS-e820: [mem 0x00000000b0000000-0x00000000bfffffff] reserved
[STDERR  ] 2017-12-04T12:52:23.629494171Z: [    0.000000] BIOS-e820: [mem 0x00000000fed1c000-0x00000000fed1ffff] reserved
[STDERR  ] 2017-12-04T12:52:23.629502216Z: [    0.000000] BIOS-e820: [mem 0x00000000fffc0000-0x00000000ffffffff] reserved
[STDERR  ] 2017-12-04T12:52:23.62951063Z: [    0.000000] NX (Execute Disable) protection: active
[STDERR  ] 2017-12-04T12:52:23.629519834Z: [    0.000000] random: fast init done
[STDERR  ] 2017-12-04T12:52:23.629537888Z: [    0.000000] SMBIOS 2.8 present.
[STDERR  ] 2017-12-04T12:52:23.629549899Z: [    0.000000] DMI: QEMU Standard PC (Q35 + ICH9, 2009), BIOS rel-1.10.2-0-g5f4c7b1-prebuilt.qemu-project.org 04/01/2014
[STDERR  ] 2017-12-04T12:52:23.629558481Z: [    0.000000] tsc: Fast TSC calibration using PIT
[STDERR  ] 2017-12-04T12:52:23.629566817Z: [    0.000000] e820: last_pfn = 0x3ffdf max_arch_pfn = 0x400000000
[STDERR  ] 2017-12-04T12:52:23.629575964Z: [    0.000000] x86/PAT: Configuration [0-7]: WB  WC  UC- UC  WB  WP  UC- WT  
[STDERR  ] 2017-12-04T12:52:23.629585906Z: [    0.000000] found SMP MP-table at [mem 0x000f6aa0-0x000f6aaf] mapped at [ffffffffff200aa0]
[STDERR  ] 2017-12-04T12:52:23.629594945Z: [    0.000000] RAMDISK: [mem 0x3e6f0000-0x3ffcffff]
[STDERR  ] 2017-12-04T12:52:23.629613294Z: [    0.000000] ACPI: Early table checksum verification disabled
[STDERR  ] 2017-12-04T12:52:23.629621752Z: [    0.000000] ACPI: RSDP 0x00000000000F68C0 000014 (v00 BOCHS )
[STDERR  ] 2017-12-04T12:52:23.629630071Z: [    0.000000] ACPI: RSDT 0x000000003FFE2404 000034 (v01 BOCHS  BXPCRSDT 00000001 BXPC 00000001)
[STDERR  ] 2017-12-04T12:52:23.62963822Z: [    0.000000] ACPI: FACP 0x000000003FFE22A4 000074 (v01 BOCHS  BXPCFACP 00000001 BXPC 00000001)
[STDERR  ] 2017-12-04T12:52:23.629646358Z: [    0.000000] ACPI: DSDT 0x000000003FFE0040 002264 (v01 BOCHS  BXPCDSDT 00000001 BXPC 00000001)
[STDERR  ] 2017-12-04T12:52:23.629654727Z: [    0.000000] ACPI: FACS 0x000000003FFE0000 000040
[STDERR  ] 2017-12-04T12:52:23.62966249Z: [    0.000000] ACPI: APIC 0x000000003FFE2318 000078 (v01 BOCHS  BXPCAPIC 00000001 BXPC 00000001)
[STDERR  ] 2017-12-04T12:52:23.629670992Z: [    0.000000] ACPI: HPET 0x000000003FFE2390 000038 (v01 BOCHS  BXPCHPET 00000001 BXPC 00000001)
[STDERR  ] 2017-12-04T12:52:23.629699244Z: [    0.000000] ACPI: MCFG 0x000000003FFE23C8 00003C (v01 BOCHS  BXPCMCFG 00000001 BXPC 00000001)
[STDERR  ] 2017-12-04T12:52:23.629713042Z: [    0.000000] Zone ranges:
[STDERR  ] 2017-12-04T12:52:23.629724668Z: [    0.000000]   DMA      [mem 0x0000000000001000-0x0000000000ffffff]
[STDERR  ] 2017-12-04T12:52:23.629733585Z: [    0.000000]   DMA32    [mem 0x0000000001000000-0x000000003ffdefff]
[STDERR  ] 2017-12-04T12:52:23.629741982Z: [    0.000000]   Normal   empty
[STDERR  ] 2017-12-04T12:52:23.629750219Z: [    0.000000]   Device   empty
[STDERR  ] 2017-12-04T12:52:23.629758624Z: [    0.000000] Movable zone start for each node
[STDERR  ] 2017-12-04T12:52:23.629766333Z: [    0.000000] Early memory node ranges
[STDERR  ] 2017-12-04T12:52:23.629772158Z: [    0.000000]   node   0: [mem 0x0000000000001000-0x000000000009efff]
[STDERR  ] 2017-12-04T12:52:23.629778379Z: [    0.000000]   node   0: [mem 0x0000000000100000-0x000000003ffdefff]
[STDERR  ] 2017-12-04T12:52:23.629784034Z: [    0.000000] Initmem setup node 0 [mem 0x0000000000001000-0x000000003ffdefff]
[STDERR  ] 2017-12-04T12:52:23.6297902Z: [    0.000000] ACPI: PM-Timer IO Port: 0x608
[STDERR  ] 2017-12-04T12:52:23.629797673Z: [    0.000000] ACPI: LAPIC_NMI (acpi_id[0xff] dfl dfl lint[0x1])
[STDERR  ] 2017-12-04T12:52:23.629803262Z: [    0.000000] IOAPIC[0]: apic_id 0, version 32, address 0xfec00000, GSI 0-23
[STDERR  ] 2017-12-04T12:52:23.629808792Z: [    0.000000] ACPI: INT_SRC_OVR (bus 0 bus_irq 0 global_irq 2 dfl dfl)
[STDERR  ] 2017-12-04T12:52:23.629816136Z: [    0.000000] ACPI: INT_SRC_OVR (bus 0 bus_irq 5 global_irq 5 high level)
[STDERR  ] 2017-12-04T12:52:23.629824673Z: [    0.000000] ACPI: INT_SRC_OVR (bus 0 bus_irq 9 global_irq 9 high level)
[STDERR  ] 2017-12-04T12:52:23.629833Z: [    0.000000] ACPI: INT_SRC_OVR (bus 0 bus_irq 10 global_irq 10 high level)
[STDERR  ] 2017-12-04T12:52:23.629849401Z: [    0.000000] ACPI: INT_SRC_OVR (bus 0 bus_irq 11 global_irq 11 high level)
[STDERR  ] 2017-12-04T12:52:23.629858091Z: [    0.000000] Using ACPI (MADT) for SMP configuration information
[STDERR  ] 2017-12-04T12:52:23.629863803Z: [    0.000000] ACPI: HPET id: 0x8086a201 base: 0xfed00000
[STDERR  ] 2017-12-04T12:52:23.629869699Z: [    0.000000] smpboot: Allowing 1 CPUs, 0 hotplug CPUs
[STDERR  ] 2017-12-04T12:52:23.629875039Z: [    0.000000] e820: [mem 0x40000000-0xafffffff] available for PCI devices
[STDERR  ] 2017-12-04T12:52:23.629880536Z: [    0.000000] Booting paravirtualized kernel on bare hardware
[STDERR  ] 2017-12-04T12:52:23.62988845Z: [    0.000000] clocksource: refined-jiffies: mask: 0xffffffff max_cycles: 0xffffffff, max_idle_ns: 19112604462750000 ns
[STDERR  ] 2017-12-04T12:52:23.629894609Z: [    0.000000] setup_percpu: NR_CPUS:128 nr_cpumask_bits:128 nr_cpu_ids:1 nr_node_ids:1
[STDERR  ] 2017-12-04T12:52:23.62990446Z: [    0.000000] percpu: Embedded 38 pages/cpu @ffffa01dfe400000 s115928 r8192 d31528 u2097152
[STDERR  ] 2017-12-04T12:52:23.629913082Z: [    0.000000] Built 1 zonelists, mobility grouping on.  Total pages: 257896
[STDERR  ] 2017-12-04T12:52:23.62992133Z: [    0.000000] Kernel command line: console=ttyS0
[STDERR  ] 2017-12-04T12:52:23.62993229Z: [    0.000000] PID hash table entries: 4096 (order: 3, 32768 bytes)
[STDERR  ] 2017-12-04T12:52:23.629940304Z: [    0.000000] Dentry cache hash table entries: 131072 (order: 8, 1048576 bytes)
[STDERR  ] 2017-12-04T12:52:23.629948329Z: [    0.000000] Inode-cache hash table entries: 65536 (order: 7, 524288 bytes)
[STDERR  ] 2017-12-04T12:52:23.629957037Z: [    0.000000] Memory: 983628K/1048052K available (8717K kernel code, 1443K rwdata, 2952K rodata, 1456K init, 660K bss, 64424K reserved, 0K cma-reserved)
[STDERR  ] 2017-12-04T12:52:23.629963018Z: [    0.000000] ftrace: allocating 40585 entries in 159 pages
[STDERR  ] 2017-12-04T12:52:23.629968464Z: [    0.000000] Hierarchical RCU implementation.
[STDERR  ] 2017-12-04T12:52:23.629973895Z: [    0.000000] 	RCU restricting CPUs from NR_CPUS=128 to nr_cpu_ids=1.
[STDERR  ] 2017-12-04T12:52:23.62997972Z: [    0.000000] RCU: Adjusting geometry for rcu_fanout_leaf=16, nr_cpu_ids=1
[STDERR  ] 2017-12-04T12:52:23.629992588Z: [    0.000000] NR_IRQS: 8448, nr_irqs: 256, preallocated irqs: 16
[STDERR  ] 2017-12-04T12:52:23.630004342Z: [    0.000000] Console: colour VGA+ 80x25
[STDERR  ] 2017-12-04T12:52:23.630012379Z: [    0.000000] console [ttyS0] enabled
[STDERR  ] 2017-12-04T12:52:23.630020338Z: [    0.000000] clocksource: hpet: mask: 0xffffffff max_cycles: 0xffffffff, max_idle_ns: 19112604467 ns
[STDERR  ] 2017-12-04T12:52:23.630028474Z: [    0.010000] tsc: Fast TSC calibration using PIT
[STDERR  ] 2017-12-04T12:52:23.630036411Z: [    0.010000] tsc: Detected 2599.889 MHz processor
[STDERR  ] 2017-12-04T12:52:23.630044378Z: [    0.020340] Calibrating delay loop (skipped), value calculated using timer frequency.. 5199.77 BogoMIPS (lpj=25998890)
[STDERR  ] 2017-12-04T12:52:23.630052753Z: [    0.020879] pid_max: default: 32768 minimum: 301
[STDERR  ] 2017-12-04T12:52:23.630060643Z: [    0.021684] ACPI: Core revision 20170728
[STDERR  ] 2017-12-04T12:52:23.630069131Z: [    0.059352] ACPI: 1 ACPI AML tables successfully acquired and loaded
[STDERR  ] 2017-12-04T12:52:23.630078185Z: [    0.064688] Security Framework initialized
[STDERR  ] 2017-12-04T12:52:23.630086149Z: [    0.065191] Yama: becoming mindful.
[STDERR  ] 2017-12-04T12:52:23.630094223Z: [    0.067447] Mount-cache hash table entries: 2048 (order: 2, 16384 bytes)
[STDERR  ] 2017-12-04T12:52:23.630102016Z: [    0.068039] Mountpoint-cache hash table entries: 2048 (order: 2, 16384 bytes)
[STDERR  ] 2017-12-04T12:52:23.630109915Z: [    0.086271] Last level iTLB entries: 4KB 0, 2MB 0, 4MB 0
[STDERR  ] 2017-12-04T12:52:23.630117746Z: [    0.086845] Last level dTLB entries: 4KB 0, 2MB 0, 4MB 0, 1GB 0
[STDERR  ] 2017-12-04T12:52:23.630125641Z: [    0.326217] Freeing SMP alternatives memory: 20K
[STDERR  ] 2017-12-04T12:52:23.630133476Z: [    0.347652] smpboot: Max logical packages: 1
[STDERR  ] 2017-12-04T12:52:23.630141226Z: [    0.355019] ..TIMER: vector=0x30 apic1=0 pin1=2 apic2=-1 pin2=-1
[STDERR  ] 2017-12-04T12:52:23.630149595Z: [    0.460000] smpboot: CPU0: AMD QEMU Virtual CPU version 2.5+ (family: 0x6, model: 0x6, stepping: 0x3)
[STDERR  ] 2017-12-04T12:52:23.630157796Z: [    0.460000] Performance Events: PMU not available due to virtualization, using software events only.
[STDERR  ] 2017-12-04T12:52:23.630165747Z: [    0.461809] Hierarchical SRCU implementation.
[STDERR  ] 2017-12-04T12:52:23.630176367Z: [    0.469179] NMI watchdog: Perf event create on CPU 0 failed with -2
[STDERR  ] 2017-12-04T12:52:23.630184323Z: [    0.469694] NMI watchdog: Perf NMI watchdog permanently disabled
[STDERR  ] 2017-12-04T12:52:23.630197987Z: [    0.473584] smp: Bringing up secondary CPUs ...
[STDERR  ] 2017-12-04T12:52:23.63020605Z: [    0.473810] smp: Brought up 1 node, 1 CPU
[STDERR  ] 2017-12-04T12:52:23.630213957Z: [    0.474207] smpboot: Total of 1 processors activated (5199.77 BogoMIPS)
[STDERR  ] 2017-12-04T12:52:23.630222354Z: [    0.490472] devtmpfs: initialized
[STDERR  ] 2017-12-04T12:52:23.630230331Z: [    0.496220] x86/mm: Memory block size: 128MB
[STDERR  ] 2017-12-04T12:52:23.63023819Z: [    0.506923] clocksource: jiffies: mask: 0xffffffff max_cycles: 0xffffffff, max_idle_ns: 19112604462750000 ns
[STDERR  ] 2017-12-04T12:52:23.630246083Z: [    0.507829] futex hash table entries: 256 (order: 2, 16384 bytes)
[STDERR  ] 2017-12-04T12:52:23.630253956Z: [    0.517382] NET: Registered protocol family 16
[STDERR  ] 2017-12-04T12:52:23.63026162Z: [    0.524362] cpuidle: using governor ladder
[STDERR  ] 2017-12-04T12:52:23.630269025Z: [    0.524862] cpuidle: using governor menu
[STDERR  ] 2017-12-04T12:52:23.63027518Z: [    0.526622] ACPI: bus type PCI registered
[STDERR  ] 2017-12-04T12:52:23.630281749Z: [    0.529386] PCI: MMCONFIG for domain 0000 [bus 00-ff] at [mem 0xb0000000-0xbfffffff] (base 0xb0000000)
[STDERR  ] 2017-12-04T12:52:23.63029133Z: [    0.530386] PCI: MMCONFIG at [mem 0xb0000000-0xbfffffff] reserved in E820
[STDERR  ] 2017-12-04T12:52:23.630300038Z: [    0.531496] PCI: Using configuration type 1 for base access
[STDERR  ] 2017-12-04T12:52:23.630312846Z: [    0.585381] HugeTLB registered 2.00 MiB page size, pre-allocated 0 pages
[STDERR  ] 2017-12-04T12:52:23.630325266Z: [    0.596871] ACPI: Added _OSI(Module Device)
[STDERR  ] 2017-12-04T12:52:23.630334636Z: [    0.597221] ACPI: Added _OSI(Processor Device)
[STDERR  ] 2017-12-04T12:52:23.630340349Z: [    0.597520] ACPI: Added _OSI(3.0 _SCP Extensions)
[STDERR  ] 2017-12-04T12:52:23.630345684Z: [    0.597835] ACPI: Added _OSI(Processor Aggregator Device)
[STDERR  ] 2017-12-04T12:52:23.630351383Z: [    0.679705] ACPI: Interpreter enabled
[STDERR  ] 2017-12-04T12:52:23.63035679Z: [    0.680533] ACPI: (supports S0 S5)
[STDERR  ] 2017-12-04T12:52:23.630362298Z: [    0.680944] ACPI: Using IOAPIC for interrupt routing
[STDERR  ] 2017-12-04T12:52:23.630367774Z: [    0.683459] PCI: Using host bridge windows from ACPI; if necessary, use "pci=nocrs" and report a bug
[STDERR  ] 2017-12-04T12:52:23.630373296Z: [    0.688087] ACPI: Enabled 2 GPEs in block 00 to 3F
[STDERR  ] 2017-12-04T12:52:23.630380565Z: [    0.758259] ACPI: PCI Root Bridge [PCI0] (domain 0000 [bus 00-ff])
[STDERR  ] 2017-12-04T12:52:23.630388961Z: [    0.759485] acpi PNP0A08:00: _OSC: OS supports [ExtendedConfig ASPM ClockPM Segments MSI]
[STDERR  ] 2017-12-04T12:52:23.630397289Z: [    0.765128] acpi PNP0A08:00: _OSC: OS now controls [PCIeHotplug PME PCIeCapability]
[STDERR  ] 2017-12-04T12:52:23.630405312Z: [    0.768830] PCI host bridge to bus 0000:00
[STDERR  ] 2017-12-04T12:52:23.63041349Z: [    0.770112] pci_bus 0000:00: root bus resource [io  0x0000-0x0cf7 window]
[STDERR  ] 2017-12-04T12:52:23.630421821Z: [    0.770585] pci_bus 0000:00: root bus resource [io  0x0d00-0xffff window]
[STDERR  ] 2017-12-04T12:52:23.630432414Z: [    0.771021] pci_bus 0000:00: root bus resource [mem 0x000a0000-0x000bffff window]
[STDERR  ] 2017-12-04T12:52:23.63044037Z: [    0.771488] pci_bus 0000:00: root bus resource [mem 0xc0000000-0xfebfffff window]
[STDERR  ] 2017-12-04T12:52:23.630450285Z: [    0.772040] pci_bus 0000:00: root bus resource [bus 00-ff]
[STDERR  ] 2017-12-04T12:52:23.630458401Z: [    0.912359] pci 0000:00:1f.0: quirk: [io  0x0600-0x067f] claimed by ICH6 ACPI/GPIO/TCO
[STDERR  ] 2017-12-04T12:52:23.630466777Z: [    0.998258] ACPI: PCI Interrupt Link [LNKA] (IRQs 5 *10 11)
[STDERR  ] 2017-12-04T12:52:23.63047505Z: [    1.001473] ACPI: PCI Interrupt Link [LNKB] (IRQs 5 *10 11)
[STDERR  ] 2017-12-04T12:52:23.630482998Z: [    1.003598] ACPI: PCI Interrupt Link [LNKC] (IRQs 5 10 *11)
[STDERR  ] 2017-12-04T12:52:23.630490967Z: [    1.005630] ACPI: PCI Interrupt Link [LNKD] (IRQs 5 10 *11)
[STDERR  ] 2017-12-04T12:52:23.630500658Z: [    1.007451] ACPI: PCI Interrupt Link [LNKE] (IRQs 5 *10 11)
[STDERR  ] 2017-12-04T12:52:23.630508592Z: [    1.009392] ACPI: PCI Interrupt Link [LNKF] (IRQs 5 *10 11)
[STDERR  ] 2017-12-04T12:52:23.630516636Z: [    1.011400] ACPI: PCI Interrupt Link [LNKG] (IRQs 5 10 *11)
[STDERR  ] 2017-12-04T12:52:23.630524574Z: [    1.013215] ACPI: PCI Interrupt Link [LNKH] (IRQs 5 10 *11)
[STDERR  ] 2017-12-04T12:52:23.630532499Z: [    1.014195] ACPI: PCI Interrupt Link [GSIA] (IRQs *16)
[STDERR  ] 2017-12-04T12:52:23.630540623Z: [    1.014912] ACPI: PCI Interrupt Link [GSIB] (IRQs *17)
[STDERR  ] 2017-12-04T12:52:23.630549046Z: [    1.015651] ACPI: PCI Interrupt Link [GSIC] (IRQs *18)
[STDERR  ] 2017-12-04T12:52:23.63055698Z: [    1.016363] ACPI: PCI Interrupt Link [GSID] (IRQs *19)
[STDERR  ] 2017-12-04T12:52:23.63056482Z: [    1.017047] ACPI: PCI Interrupt Link [GSIE] (IRQs *20)
[STDERR  ] 2017-12-04T12:52:23.63057286Z: [    1.017751] ACPI: PCI Interrupt Link [GSIF] (IRQs *21)
[STDERR  ] 2017-12-04T12:52:23.630581003Z: [    1.018479] ACPI: PCI Interrupt Link [GSIG] (IRQs *22)
[STDERR  ] 2017-12-04T12:52:23.630588819Z: [    1.019129] ACPI: PCI Interrupt Link [GSIH] (IRQs *23)
[STDERR  ] 2017-12-04T12:52:23.63059676Z: [    1.027449] SCSI subsystem initialized
[STDERR  ] 2017-12-04T12:52:23.630604694Z: [    1.030097] ACPI: bus type USB registered
[STDERR  ] 2017-12-04T12:52:23.630616583Z: [    1.031207] usbcore: registered new interface driver usbfs
[STDERR  ] 2017-12-04T12:52:23.630624938Z: [    1.032074] usbcore: registered new interface driver hub
[STDERR  ] 2017-12-04T12:52:23.630636008Z: [    1.032964] usbcore: registered new device driver usb
[STDERR  ] 2017-12-04T12:52:23.630643997Z: [    1.033959] pps_core: LinuxPPS API ver. 1 registered
[STDERR  ] 2017-12-04T12:52:23.630652198Z: [    1.034293] pps_core: Software ver. 5.3.6 - Copyright 2005-2007 Rodolfo Giometti <giometti@linux.it>
[STDERR  ] 2017-12-04T12:52:23.630660286Z: [    1.034968] PTP clock support registered
[STDERR  ] 2017-12-04T12:52:23.630668194Z: [    1.037651] PCI: Using ACPI for IRQ routing
[STDERR  ] 2017-12-04T12:52:23.630676097Z: [    1.057478] NetLabel: Initializing
[STDERR  ] 2017-12-04T12:52:23.630683999Z: [    1.057731] NetLabel:  domain hash size = 128
[STDERR  ] 2017-12-04T12:52:23.630692018Z: [    1.058116] NetLabel:  protocols = UNLABELED CIPSOv4 CALIPSO
[STDERR  ] 2017-12-04T12:52:23.630703148Z: [    1.061301] NetLabel:  unlabeled traffic allowed by default
[STDERR  ] 2017-12-04T12:52:23.630714171Z: [    1.062514] HPET: 3 timers in total, 0 timers will be used for per-cpu timer
[STDERR  ] 2017-12-04T12:52:23.630722796Z: [    1.063251] hpet0: at MMIO 0xfed00000, IRQs 2, 8, 0
[STDERR  ] 2017-12-04T12:52:23.630731165Z: [    1.063669] hpet0: 3 comparators, 64-bit 100.000000 MHz counter
[STDERR  ] 2017-12-04T12:52:23.630739228Z: [    1.069520] clocksource: Switched to clocksource hpet
[STDERR  ] 2017-12-04T12:52:23.630747183Z: [    1.373283] VFS: Disk quotas dquot_6.6.0
[STDERR  ] 2017-12-04T12:52:23.630757754Z: [    1.374113] VFS: Dquot-cache hash table entries: 512 (order 0, 4096 bytes)
[STDERR  ] 2017-12-04T12:52:23.630765808Z: [    1.377561] FS-Cache: Loaded
[STDERR  ] 2017-12-04T12:52:23.630773882Z: [    1.383606] CacheFiles: Loaded
[STDERR  ] 2017-12-04T12:52:23.630781745Z: [    1.385040] pnp: PnP ACPI init
[STDERR  ] 2017-12-04T12:52:23.630789912Z: [    1.396171] pnp: PnP ACPI: found 5 devices
[STDERR  ] 2017-12-04T12:52:23.630798066Z: [    1.440388] clocksource: acpi_pm: mask: 0xffffff max_cycles: 0xffffff, max_idle_ns: 2085701024 ns
[STDERR  ] 2017-12-04T12:52:23.630806808Z: [    1.444050] NET: Registered protocol family 2
[STDERR  ] 2017-12-04T12:52:23.630814758Z: [    1.452227] TCP established hash table entries: 8192 (order: 4, 65536 bytes)
[STDERR  ] 2017-12-04T12:52:23.630822703Z: [    1.453077] TCP bind hash table entries: 8192 (order: 5, 131072 bytes)
[STDERR  ] 2017-12-04T12:52:23.630830662Z: [    1.453773] TCP: Hash tables configured (established 8192 bind 8192)
[STDERR  ] 2017-12-04T12:52:23.630838673Z: [    1.456391] UDP hash table entries: 512 (order: 2, 16384 bytes)
[STDERR  ] 2017-12-04T12:52:23.630846633Z: [    1.457097] UDP-Lite hash table entries: 512 (order: 2, 16384 bytes)
[STDERR  ] 2017-12-04T12:52:23.630854658Z: [    1.459549] NET: Registered protocol family 1
[STDERR  ] 2017-12-04T12:52:23.630862728Z: [    1.460900] pci 0000:00:01.0: Video device with shadowed ROM at [mem 0x000c0000-0x000dffff]
[STDERR  ] 2017-12-04T12:52:23.630870773Z: [    1.467014] Trying to unpack rootfs image as initramfs...
[STDERR  ] 2017-12-04T12:52:23.630879177Z: [    6.945451] Freeing initrd memory: 25472K
[STDERR  ] 2017-12-04T12:52:23.630887283Z: [    6.976236] PCLMULQDQ-NI instructions are not detected.
[STDERR  ] 2017-12-04T12:52:23.630895173Z: [    6.977807] AVX or AES-NI instructions are not detected.
[STDERR  ] 2017-12-04T12:52:23.630903105Z: [    6.978355] CPU feature 'AVX registers' is not supported.
[STDERR  ] 2017-12-04T12:52:23.63091102Z: [    6.978768] CPU feature 'AVX registers' is not supported.
[STDERR  ] 2017-12-04T12:52:23.630918988Z: [    6.979150] CPU feature 'AVX registers' is not supported.
[STDERR  ] 2017-12-04T12:52:23.630926867Z: [    6.979504] CPU feature 'AVX registers' is not supported.
[STDERR  ] 2017-12-04T12:52:23.630934714Z: [    6.979872] AVX2 or AES-NI instructions are not detected.
[STDERR  ] 2017-12-04T12:52:23.630942511Z: [    6.981425] AVX2 instructions are not detected.
[STDERR  ] 2017-12-04T12:52:23.630954622Z: [    6.986124] audit: initializing netlink subsys (disabled)
[STDERR  ] 2017-12-04T12:52:23.630966957Z: [    6.988982] audit: type=2000 audit(1512391926.980:1): state=initialized audit_enabled=0 res=1
[STDERR  ] 2017-12-04T12:52:23.63097459Z: [    6.995924] workingset: timestamp_bits=46 max_order=18 bucket_order=0
[STDERR  ] 2017-12-04T12:52:23.630982907Z: [    7.001761] squashfs: version 4.0 (2009/01/31) Phillip Lougher
[STDERR  ] 2017-12-04T12:52:23.630992957Z: [    7.004384] FS-Cache: Netfs 'cifs' registered for caching
[STDERR  ] 2017-12-04T12:52:23.631000656Z: [    7.005923] fuse init (API version 7.26)
[STDERR  ] 2017-12-04T12:52:23.631008223Z: [    7.009151] SGI XFS with ACLs, security attributes, no debug enabled
[STDERR  ] 2017-12-04T12:52:23.631016127Z: [    7.014826] 9p: Installing v9fs 9p2000 file system support
[STDERR  ] 2017-12-04T12:52:23.631021753Z: [    7.015318] FS-Cache: Netfs '9p' registered for caching
[STDERR  ] 2017-12-04T12:52:23.631027185Z: [    7.057157] NET: Registered protocol family 38
[STDERR  ] 2017-12-04T12:52:23.631035365Z: [    7.057860] Key type asymmetric registered
[STDERR  ] 2017-12-04T12:52:23.631043651Z: [    7.058370] Asymmetric key parser 'x509' registered
[STDERR  ] 2017-12-04T12:52:23.631056535Z: [    7.059257] Block layer SCSI generic (bsg) driver version 0.4 loaded (major 248)
[STDERR  ] 2017-12-04T12:52:23.63106492Z: [    7.061771] io scheduler noop registered
[STDERR  ] 2017-12-04T12:52:23.631072876Z: [    7.062142] io scheduler deadline registered (default)
[STDERR  ] 2017-12-04T12:52:23.631080834Z: [    7.063042] io scheduler cfq registered
[STDERR  ] 2017-12-04T12:52:23.631088834Z: [    7.063383] io scheduler mq-deadline registered
[STDERR  ] 2017-12-04T12:52:23.631096982Z: [    7.063687] io scheduler kyber registered
[STDERR  ] 2017-12-04T12:52:23.631105045Z: [    7.066977] shpchp: Standard Hot Plug PCI Controller Driver version: 0.4
[STDERR  ] 2017-12-04T12:52:23.631113117Z: [    7.067883] hv_vmbus: registering driver hyperv_fb
[STDERR  ] 2017-12-04T12:52:23.63112146Z: [    7.072578] input: Power Button as /devices/LNXSYSTM:00/LNXPWRBN:00/input/input0
[STDERR  ] 2017-12-04T12:52:23.631130069Z: [    7.075581] ACPI: Power Button [PWRF]
[STDERR  ] 2017-12-04T12:52:23.631138044Z: [    7.094955] ACPI: PCI Interrupt Link [GSIG] enabled at IRQ 22
[STDERR  ] 2017-12-04T12:52:23.631145998Z: [    7.109856] ACPI: PCI Interrupt Link [GSIH] enabled at IRQ 23
[STDERR  ] 2017-12-04T12:52:23.631154167Z: [    7.117645] Serial: 8250/16550 driver, 4 ports, IRQ sharing disabled
[STDERR  ] 2017-12-04T12:52:23.63116214Z: [    7.142773] 00:04: ttyS0 at I/O 0x3f8 (irq = 4, base_baud = 115200) is a 16550A
[STDERR  ] 2017-12-04T12:52:23.631170198Z: [    7.154015] Non-volatile memory driver v1.3
[STDERR  ] 2017-12-04T12:52:23.631178248Z: [    7.162184] Hangcheck: starting hangcheck timer 0.9.1 (tick is 180 seconds, margin is 60 seconds).
[STDERR  ] 2017-12-04T12:52:23.631186668Z: [    7.171485] random: crng init done
[STDERR  ] 2017-12-04T12:52:23.631201077Z: [    7.235736] brd: module loaded
[STDERR  ] 2017-12-04T12:52:23.631209011Z: [    7.269801] loop: module loaded
[STDERR  ] 2017-12-04T12:52:23.631216928Z: [    7.331263] lpc_ich 0000:00:1f.0: I/O space for GPIO uninitialized
[STDERR  ] 2017-12-04T12:52:23.631227191Z: [    7.333962] VMware PVSCSI driver - version 1.0.7.0-k
[STDERR  ] 2017-12-04T12:52:23.63123506Z: [    7.334800] hv_vmbus: registering driver hv_storvsc
[STDERR  ] 2017-12-04T12:52:23.631242948Z: [    7.345874] ACPI: PCI Interrupt Link [GSIA] enabled at IRQ 16
[STDERR  ] 2017-12-04T12:52:23.631253744Z: [    7.352745] ahci 0000:00:1f.2: AHCI 0001.0000 32 slots 6 ports 1.5 Gbps 0x3f impl SATA mode
[STDERR  ] 2017-12-04T12:52:23.631262033Z: [    7.353506] ahci 0000:00:1f.2: flags: 64bit ncq only 
[STDERR  ] 2017-12-04T12:52:23.631269931Z: [    7.370661] scsi host0: ahci
[STDERR  ] 2017-12-04T12:52:23.631278385Z: [    7.375340] scsi host1: ahci
[STDERR  ] 2017-12-04T12:52:23.631286421Z: [    7.377578] scsi host2: ahci
[STDERR  ] 2017-12-04T12:52:23.631301927Z: [    7.379939] scsi host3: ahci
[STDERR  ] 2017-12-04T12:52:23.631309897Z: [    7.382096] scsi host4: ahci
[STDERR  ] 2017-12-04T12:52:23.631320863Z: [    7.383850] scsi host5: ahci
[STDERR  ] 2017-12-04T12:52:23.631328928Z: [    7.385291] ata1: SATA max UDMA/133 abar m4096@0xfebd2000 port 0xfebd2100 irq 24
[STDERR  ] 2017-12-04T12:52:23.631337047Z: [    7.385823] ata2: SATA max UDMA/133 abar m4096@0xfebd2000 port 0xfebd2180 irq 24
[STDERR  ] 2017-12-04T12:52:23.631344957Z: [    7.386306] ata3: SATA max UDMA/133 abar m4096@0xfebd2000 port 0xfebd2200 irq 24
[STDERR  ] 2017-12-04T12:52:23.631353329Z: [    7.386739] ata4: SATA max UDMA/133 abar m4096@0xfebd2000 port 0xfebd2280 irq 24
[STDERR  ] 2017-12-04T12:52:23.631361499Z: [    7.387164] ata5: SATA max UDMA/133 abar m4096@0xfebd2000 port 0xfebd2300 irq 24
[STDERR  ] 2017-12-04T12:52:23.631369288Z: [    7.387602] ata6: SATA max UDMA/133 abar m4096@0xfebd2000 port 0xfebd2380 irq 24
[STDERR  ] 2017-12-04T12:52:23.631377084Z: [    7.400339] tun: Universal TUN/TAP device driver, 1.6
[STDERR  ] 2017-12-04T12:52:23.631384984Z: [    7.413427] VMware vmxnet3 virtual NIC driver - version 1.4.a.0-k-NAPI
[STDERR  ] 2017-12-04T12:52:23.631392819Z: [    7.414393] hv_vmbus: registering driver hv_netvsc
[STDERR  ] 2017-12-04T12:52:23.631400728Z: [    7.414588] Fusion MPT base driver 3.04.20
[STDERR  ] 2017-12-04T12:52:23.63140861Z: [    7.414721] Copyright (c) 1999-2008 LSI Corporation
[STDERR  ] 2017-12-04T12:52:23.631416648Z: [    7.415129] Fusion MPT SPI Host driver 3.04.20
[STDERR  ] 2017-12-04T12:52:23.631424585Z: [    7.417694] i8042: PNP: PS/2 Controller [PNP0303:KBD,PNP0f13:MOU] at 0x60,0x64 irq 1,12
[STDERR  ] 2017-12-04T12:52:23.631432658Z: [    7.423270] serio: i8042 KBD port at 0x60,0x64 irq 1
[STDERR  ] 2017-12-04T12:52:23.631440625Z: [    7.424025] serio: i8042 AUX port at 0x60,0x64 irq 12
[STDERR  ] 2017-12-04T12:52:23.631448384Z: [    7.426509] hv_vmbus: registering driver hyperv_keyboard
[STDERR  ] 2017-12-04T12:52:23.631456194Z: [    7.429041] mousedev: PS/2 mouse device common for all mice
[STDERR  ] 2017-12-04T12:52:23.631464088Z: [    7.435525] input: PC Speaker as /devices/platform/pcspkr/input/input2
[STDERR  ] 2017-12-04T12:52:23.631472006Z: [    7.436939] input: AT Translated Set 2 keyboard as /devices/platform/i8042/serio0/input/input1
[STDERR  ] 2017-12-04T12:52:23.631479932Z: [    7.439136] rtc_cmos 00:00: RTC can wake from S4
[STDERR  ] 2017-12-04T12:52:23.631487842Z: [    7.445524] rtc_cmos 00:00: rtc core: registered rtc_cmos as rtc0
[STDERR  ] 2017-12-04T12:52:23.631495712Z: [    7.446819] rtc_cmos 00:00: alarms up to one day, y3k, 114 bytes nvram, hpet irqs
[STDERR  ] 2017-12-04T12:52:23.631503892Z: [    7.447353] i2c /dev entries driver
[STDERR  ] 2017-12-04T12:52:23.631512286Z: [    7.449406] device-mapper: ioctl: 4.37.0-ioctl (2017-09-20) initialised: dm-devel@redhat.com
[STDERR  ] 2017-12-04T12:52:23.631520343Z: [    7.454256] usbcore: registered new interface driver usbhid
[STDERR  ] 2017-12-04T12:52:23.631530194Z: [    7.454466] usbhid: USB HID core driver
[STDERR  ] 2017-12-04T12:52:23.631538173Z: [    7.455172] hv_utils: Registering HyperV Utility Driver
[STDERR  ] 2017-12-04T12:52:23.631547841Z: [    7.455349] hv_vmbus: registering driver hv_util
[STDERR  ] 2017-12-04T12:52:23.631555704Z: [    7.455502] hv_vmbus: registering driver hv_balloon
[STDERR  ] 2017-12-04T12:52:23.631563613Z: [    7.455907] oprofile: using NMI interrupt.
[STDERR  ] 2017-12-04T12:52:23.6315715Z: [    7.457016] GACT probability on
[STDERR  ] 2017-12-04T12:52:23.631579438Z: [    7.457355] Mirror/redirect action on
[STDERR  ] 2017-12-04T12:52:23.631587819Z: [    7.457872] Simple TC action Loaded
[STDERR  ] 2017-12-04T12:52:23.631595746Z: [    7.458336] u32 classifier
[STDERR  ] 2017-12-04T12:52:23.631603561Z: [    7.458451]     Performance counters on
[STDERR  ] 2017-12-04T12:52:23.631611362Z: [    7.458573]     input device check on
[STDERR  ] 2017-12-04T12:52:23.631618937Z: [    7.458731]     Actions configured
[STDERR  ] 2017-12-04T12:52:23.631630823Z: [    7.459391] Netfilter messages via NETLINK v0.30.
[STDERR  ] 2017-12-04T12:52:23.63163625Z: [    7.459790] nfnl_acct: registering with nfnetlink.
[STDERR  ] 2017-12-04T12:52:23.631644225Z: [    7.461315] nf_conntrack version 0.5.0 (8192 buckets, 32768 max)
[STDERR  ] 2017-12-04T12:52:23.63164979Z: [    7.463612] ctnetlink v0.93: registering with nfnetlink.
[STDERR  ] 2017-12-04T12:52:23.631656801Z: [    7.466498] nf_tables: (c) 2007-2009 Patrick McHardy <kaber@trash.net>
[STDERR  ] 2017-12-04T12:52:23.631665085Z: [    7.467184] nf_tables_compat: (c) 2012 Pablo Neira Ayuso <pablo@netfilter.org>
[STDERR  ] 2017-12-04T12:52:23.631673609Z: [    7.469627] xt_time: kernel timezone is -0000
[STDERR  ] 2017-12-04T12:52:23.631681597Z: [    7.470383] ip_set: protocol 6
[STDERR  ] 2017-12-04T12:52:23.63168958Z: [    7.471186] IPVS: Registered protocols (TCP, UDP, SCTP, AH, ESP)
[STDERR  ] 2017-12-04T12:52:23.63169798Z: [    7.471613] IPVS: Connection hash table configured (size=4096, memory=64Kbytes)
[STDERR  ] 2017-12-04T12:52:23.631706374Z: [    7.475334] IPVS: ipvs loaded.
[STDERR  ] 2017-12-04T12:52:23.631714876Z: [    7.475753] IPVS: [rr] scheduler registered.
[STDERR  ] 2017-12-04T12:52:23.631722887Z: [    7.475924] IPVS: [wrr] scheduler registered.
[STDERR  ] 2017-12-04T12:52:23.631730914Z: [    7.476022] IPVS: [lc] scheduler registered.
[STDERR  ] 2017-12-04T12:52:23.631739028Z: [    7.476107] IPVS: [wlc] scheduler registered.
[STDERR  ] 2017-12-04T12:52:23.631747717Z: [    7.476193] IPVS: [fo] scheduler registered.
[STDERR  ] 2017-12-04T12:52:23.631755709Z: [    7.476292] IPVS: [ovf] scheduler registered.
[STDERR  ] 2017-12-04T12:52:23.631763732Z: [    7.476496] IPVS: [lblc] scheduler registered.
[STDERR  ] 2017-12-04T12:52:23.631771904Z: [    7.476674] IPVS: [lblcr] scheduler registered.
[STDERR  ] 2017-12-04T12:52:23.631779991Z: [    7.476775] IPVS: [dh] scheduler registered.
[STDERR  ] 2017-12-04T12:52:23.631795029Z: [    7.476860] IPVS: [sh] scheduler registered.
[STDERR  ] 2017-12-04T12:52:23.631803006Z: [    7.476946] IPVS: [sed] scheduler registered.
[STDERR  ] 2017-12-04T12:52:23.631810926Z: [    7.477032] IPVS: [nq] scheduler registered.
[STDERR  ] 2017-12-04T12:52:23.631819442Z: [    7.477539] IPVS: ftp: loaded support on port[0] = 21
[STDERR  ] 2017-12-04T12:52:23.631827718Z: [    7.478314] ipip: IPv4 and MPLS over IPv4 tunneling driver
[STDERR  ] 2017-12-04T12:52:23.631838673Z: [    7.482692] gre: GRE over IPv4 demultiplexor driver
[STDERR  ] 2017-12-04T12:52:23.631846713Z: [    7.485501] ip_tables: (C) 2000-2006 Netfilter Core Team
[STDERR  ] 2017-12-04T12:52:23.631854962Z: [    7.489094] ipt_CLUSTERIP: ClusterIP Version 0.8 loaded successfully
[STDERR  ] 2017-12-04T12:52:23.631863103Z: [    7.489736] arp_tables: arp_tables: (C) 2002 David S. Miller
[STDERR  ] 2017-12-04T12:52:23.631871165Z: [    7.492556] NET: Registered protocol family 10
[STDERR  ] 2017-12-04T12:52:23.631879251Z: [    7.503471] Segment Routing with IPv6
[STDERR  ] 2017-12-04T12:52:23.631887098Z: [    7.504410] ip6_tables: (C) 2000-2006 Netfilter Core Team
[STDERR  ] 2017-12-04T12:52:23.631895286Z: [    7.512663] NET: Registered protocol family 17
[STDERR  ] 2017-12-04T12:52:23.631903776Z: [    7.513793] Bridge firewalling registered
[STDERR  ] 2017-12-04T12:52:23.631912022Z: [    7.514352] Ebtables v2.0 registered
[STDERR  ] 2017-12-04T12:52:23.631925125Z: [    7.516396] 8021q: 802.1Q VLAN Support v1.8
[STDERR  ] 2017-12-04T12:52:23.631933393Z: [    7.517913] 9pnet: Installing 9P2000 support
[STDERR  ] 2017-12-04T12:52:23.631941386Z: [    7.519496] Key type dns_resolver registered
[STDERR  ] 2017-12-04T12:52:23.631949338Z: [    7.521358] sched_clock: Marking stable (7520272390, 0)->(7633288195, -113015805)
[STDERR  ] 2017-12-04T12:52:23.631957358Z: [    7.525101] registered taskstats version 1
[STDERR  ] 2017-12-04T12:52:23.631965458Z: [    7.721385] ata4: SATA link down (SStatus 0 SControl 300)
[STDERR  ] 2017-12-04T12:52:23.6319805Z: [    7.724711] ata3: SATA link up 1.5 Gbps (SStatus 113 SControl 300)
[STDERR  ] 2017-12-04T12:52:23.631992644Z: [    7.729238] ata3.00: ATAPI: QEMU DVD-ROM, 2.5+, max UDMA/100
[STDERR  ] 2017-12-04T12:52:23.632000805Z: [    7.730005] ata3.00: applying bridge limits
[STDERR  ] 2017-12-04T12:52:23.632011709Z: [    7.731810] ata5: SATA link down (SStatus 0 SControl 300)
[STDERR  ] 2017-12-04T12:52:23.63201959Z: [    7.732604] ata2: SATA link down (SStatus 0 SControl 300)
[STDERR  ] 2017-12-04T12:52:23.632027587Z: [    7.733123] ata1: SATA link down (SStatus 0 SControl 300)
[STDERR  ] 2017-12-04T12:52:23.632035433Z: [    7.739814] ata3.00: configured for UDMA/100
[STDERR  ] 2017-12-04T12:52:23.632043154Z: [    7.744417] ata6: SATA link down (SStatus 0 SControl 300)
[STDERR  ] 2017-12-04T12:52:23.632051404Z: [    7.765180] scsi 2:0:0:0: CD-ROM            QEMU     QEMU DVD-ROM     2.5+ PQ: 0 ANSI: 5
[STDERR  ] 2017-12-04T12:52:23.632059722Z: [    7.784513] Key type big_key registered
[STDERR  ] 2017-12-04T12:52:23.632067651Z: [    7.796191] sr 2:0:0:0: [sr0] scsi3-mmc drive: 4x/4x cd/rw xa/form2 tray
[STDERR  ] 2017-12-04T12:52:23.632080487Z: [    7.797007] cdrom: Uniform CD-ROM driver Revision: 3.20
[STDERR  ] 2017-12-04T12:52:23.632093967Z: [    7.815958] sr 2:0:0:0: Attached scsi generic sg0 type 5
[STDERR  ] 2017-12-04T12:52:23.63210178Z: [    7.875867] Key type encrypted registered
[STDERR  ] 2017-12-04T12:52:23.632109632Z: [    7.883208] rtc_cmos 00:00: setting system clock to 2017-12-04 12:52:08 UTC (1512391928)
[STDERR  ] 2017-12-04T12:52:23.632117481Z: [    8.065775] Freeing unused kernel memory: 1456K
[STDERR  ] 2017-12-04T12:52:23.632125546Z: [    8.066753] Write protecting the kernel read-only data: 14336k
[STDERR  ] 2017-12-04T12:52:23.632133816Z: [    8.067652] tsc: Refined TSC clocksource calibration: 2599.977 MHz
[STDERR  ] 2017-12-04T12:52:23.632147082Z: [    8.068277] clocksource: tsc: mask: 0xffffffffffffffff max_cycles: 0x257a2697c93, max_idle_ns: 440795274039 ns
[STDERR  ] 2017-12-04T12:52:23.632159415Z: [    8.086738] Freeing unused kernel memory: 1512K
[STDERR  ] 2017-12-04T12:52:23.632167394Z: [    8.203240] Freeing unused kernel memory: 1144K
[STDERR  ] 2017-12-04T12:52:23.632175221Z: [    9.078797] clocksource: Switched to clocksource tsc
[STDERR  ] 2017-12-04T12:52:23.632183054Z: 
[STDERR  ] 2017-12-04T12:52:23.632196588Z: Welcome to LinuxKit
[STDERR  ] 2017-12-04T12:52:23.632204948Z: 
[STDERR  ] 2017-12-04T12:52:23.632213335Z:                         ##         .
[STDERR  ] 2017-12-04T12:52:23.632221326Z:                   ## ## ##        ==
[STDERR  ] 2017-12-04T12:52:23.632229342Z:                ## ## ## ## ##    ===
[STDERR  ] 2017-12-04T12:52:23.632237224Z:            /"""""""""""""""""\___/ ===
[STDERR  ] 2017-12-04T12:52:23.63225729Z:           {                       /  ===-
[STDERR  ] 2017-12-04T12:52:23.632266061Z:            \______ O           __/
[STDERR  ] 2017-12-04T12:52:23.632273575Z:              \    \         __/
[STDERR  ] 2017-12-04T12:52:23.632298165Z:               \____\_______/
[STDERR  ] 2017-12-04T12:52:23.632306735Z: 
[STDERR  ] 2017-12-04T12:52:23.632314396Z: Linux linuxkit-726e484e1d3a 4.14.3-linuxkit #1 SMP Fri Dec 1 11:12:51 UTC 2017 x86_64 Linux
[STDERR  ] 2017-12-04T12:52:23.632328768Z: filename:       hello_world.ko
[STDERR  ] 2017-12-04T12:52:23.632337035Z: author:         Rolf Neugebauer <rolf.neugebauer@docker.com>
[STDERR  ] 2017-12-04T12:52:23.63234518Z: description:    A simple Hello World kernel module for testing
[STDERR  ] 2017-12-04T12:52:23.6323534Z: license:        GPL
[STDERR  ] 2017-12-04T12:52:23.63236133Z: depends:        
[STDERR  ] 2017-12-04T12:52:23.632370403Z: vermagic:       4.14.3-linuxkit SMP mod_unload modversions RANDSTRUCT_PLUGIN_9b93303921ded92ab5445b83d1b2a5ff045931daae09c763223ac6e62889fef2
[STDERR  ] 2017-12-04T12:52:23.632380146Z: [   17.678419] hello_world: loading out-of-tree module taints kernel.
[STDERR  ] 2017-12-04T12:52:23.632389132Z: [   17.687529] Hello LinuxKit
[STDERR  ] 2017-12-04T12:52:23.632396823Z: [   17.797246] Goodbye LinuxKit.
[STDERR  ] 2017-12-04T12:52:23.632405063Z: Kernel module test suite PASSED
[STDERR  ] 2017-12-04T12:52:23.632417177Z: [   22.226537] ACPI: Preparing to enter system sleep state S5
[STDERR  ] 2017-12-04T12:52:23.632428951Z: [   22.228216] reboot: Power down
[STDERR  ] 2017-12-04T12:52:23.632437228Z: + exit 0
[STDERR  ] 2017-12-04T12:52:23.632445489Z: + clean_up
[STDERR  ] 2017-12-04T12:52:23.632453338Z: + docker rmi kmod-test
[STDOUT  ] 2017-12-04T12:52:23.653408941Z: Untagged: kmod-test:latest
[STDOUT  ] 2017-12-04T12:52:23.653460581Z: Deleted: sha256:8aaf6f6abc49ff8fce94599c9ee1a4df168a67a4f81fece6be43d7e3852f9bd5
[STDOUT  ] 2017-12-04T12:52:23.653468267Z: Deleted: sha256:8952c92f195bba31055ac046f27d1589754fb7e498f09ab9ef589134c6ead51c
[STDOUT  ] 2017-12-04T12:52:23.653474387Z: Deleted: sha256:dbcafd2584d6e588f3d766ffb5846d57308323e070ef46d47ebfe2554600784e
[STDOUT  ] 2017-12-04T12:52:23.653480332Z: Deleted: sha256:cd7b6beef76a781c35d89389a22736aeddb1da5cb0b7d55da9359aa964ef7aaf
[STDOUT  ] 2017-12-04T12:52:23.653486045Z: Deleted: sha256:5fcc737b85386a1283056b1af1cff1755c6165c8752a00aca350ab2bfc295300
[STDERR  ] 2017-12-04T12:52:23.654310662Z: + rm -rf kmod-cmdline kmod-initrd.img kmod-kernel kmod-state
[PASS    ] linuxkit.kernel.kmod_4.14.x 55.19s
