[INFO    ] 2017-08-09T14:05:20.224514338Z: Running Test linuxkit.packages.mkimage in /tmp/with_clone1151e658/test/cases/040_packages/013_mkimage
[INFO    ] 2017-08-09T14:05:20.224619858Z: Running command: [/bin/sh -x /tmp/with_clone1151e658/test/cases/040_packages/013_mkimage/test.sh]
[STDERR  ] 2017-08-09T14:05:20.225567916Z: + set -e
[STDERR  ] 2017-08-09T14:05:20.225624069Z: + . /tmp/with_clone1151e658/test/cases/_lib/lib.sh
[STDERR  ] 2017-08-09T14:05:20.225654954Z: + [ -f src/github.com/linuxkit/rtf/lib/lib.sh ]
[STDERR  ] 2017-08-09T14:05:20.225668869Z: + LINUXKIT_TMPDIR=/tmp/with_clone1151e658/test/cases/_tmp
[STDERR  ] 2017-08-09T14:05:20.225682172Z: + [ -f /tmp/with_clone1151e658/test/cases/_tmp/env.sh ]
[STDERR  ] 2017-08-09T14:05:20.225700219Z: + . /tmp/with_clone1151e658/test/cases/_tmp/env.sh
[STDERR  ] 2017-08-09T14:05:20.225713045Z: + export LINUXKIT_EXAMPLES_DIR=/tmp/with_clone1151e658/test/cases/../../examples
[STDERR  ] 2017-08-09T14:05:20.225732036Z: + export LINUXKIT_BLUEPRINTS_DIR=/tmp/with_clone1151e658/test/cases/../../blueprints
[STDERR  ] 2017-08-09T14:05:20.225744694Z: + RT_CANCEL=253
[STDERR  ] 2017-08-09T14:05:20.225759714Z: + trap clean_up EXIT
[STDERR  ] 2017-08-09T14:05:20.225787221Z: + moby build -output kernel+initrd run.yml
[STDERR  ] 2017-08-09T14:05:20.236095246Z: Extract kernel image: linuxkit/kernel:4.9.41
[STDERR  ] 2017-08-09T14:05:26.548224716Z: Add init containers:
[STDERR  ] 2017-08-09T14:05:26.548292885Z: Process init image: linuxkit/init:c7d651da1a5e308c757bc61ce6a41804ea843426
[STDERR  ] 2017-08-09T14:05:28.163520931Z: Process init image: linuxkit/runc:2d645aca4eee8d0d1f121177f1b696244219d250
[STDERR  ] 2017-08-09T14:05:30.07081562Z: Add onboot containers:
[STDERR  ] 2017-08-09T14:05:30.07089392Z:   Create OCI config for linuxkit/poweroff:1e9876c682c74d0602b7647c628bb0875fb13998
[STDERR  ] 2017-08-09T14:05:31.645099137Z: Create outputs:
[STDERR  ] 2017-08-09T14:05:34.752766601Z:   run-kernel run-initrd.img run-cmdline
[STDERR  ] 2017-08-09T14:05:34.92483933Z: + moby build -output kernel+initrd mkimage.yml
[STDERR  ] 2017-08-09T14:05:34.934865884Z: Extract kernel image: linuxkit/kernel:4.9.41
[STDERR  ] 2017-08-09T14:05:46.566563773Z: Add init containers:
[STDERR  ] 2017-08-09T14:05:46.566648042Z: Process init image: linuxkit/init:c7d651da1a5e308c757bc61ce6a41804ea843426
[STDERR  ] 2017-08-09T14:05:48.191997124Z: Process init image: linuxkit/runc:2d645aca4eee8d0d1f121177f1b696244219d250
[STDERR  ] 2017-08-09T14:05:50.24057453Z: Add onboot containers:
[STDERR  ] 2017-08-09T14:05:50.240683974Z:   Create OCI config for linuxkit/mkimage:194193fb42cc999b8abe9c5966ed05dbef2a63c1
[STDERR  ] 2017-08-09T14:05:52.358485689Z:   Create OCI config for linuxkit/poweroff:1e9876c682c74d0602b7647c628bb0875fb13998
[STDERR  ] 2017-08-09T14:05:55.409151365Z: Create outputs:
[STDERR  ] 2017-08-09T14:05:59.012778335Z:   mkimage-kernel mkimage-initrd.img mkimage-cmdline
[STDERR  ] 2017-08-09T14:05:59.222691367Z: + tar cf tarball.img run-kernel run-initrd.img run-cmdline
[STDERR  ] 2017-08-09T14:05:59.248603607Z: + linuxkit run qemu -disk disk.qcow2,size=200M,format=qcow2 -disk tarball.img,format=raw -kernel mkimage
[STDERR  ] 2017-08-09T14:05:59.285206514Z: Using existing disk [tarball.img] format raw
[STDOUT  ] 2017-08-09T14:06:00.947594405Z: [    0.000000] Linux version 4.9.41-linuxkit (root@e1ede117fb1e) (gcc version 6.3.0 (Alpine 6.3.0) ) #1 SMP Tue Aug 8 12:44:06 UTC 2017
[STDOUT  ] 2017-08-09T14:06:00.948071675Z: [    0.000000] Command line: console=ttyS0
[STDOUT  ] 2017-08-09T14:06:00.94843262Z: [    0.000000] x86/fpu: Legacy x87 FPU detected.
[STDOUT  ] 2017-08-09T14:06:00.948855074Z: [    0.000000] x86/fpu: Using 'eager' FPU context switches.
[STDOUT  ] 2017-08-09T14:06:00.949226467Z: [    0.000000] e820: BIOS-provided physical RAM map:
[STDOUT  ] 2017-08-09T14:06:00.949751901Z: [    0.000000] BIOS-e820: [mem 0x0000000000000000-0x000000000009fbff] usable
[STDOUT  ] 2017-08-09T14:06:00.950293849Z: [    0.000000] BIOS-e820: [mem 0x000000000009fc00-0x000000000009ffff] reserved
[STDOUT  ] 2017-08-09T14:06:00.950825385Z: [    0.000000] BIOS-e820: [mem 0x00000000000f0000-0x00000000000fffff] reserved
[STDOUT  ] 2017-08-09T14:06:00.951375525Z: [    0.000000] BIOS-e820: [mem 0x0000000000100000-0x000000003ffddfff] usable
[STDOUT  ] 2017-08-09T14:06:00.951935749Z: [    0.000000] BIOS-e820: [mem 0x000000003ffde000-0x000000003fffffff] reserved
[STDOUT  ] 2017-08-09T14:06:00.952470361Z: [    0.000000] BIOS-e820: [mem 0x00000000b0000000-0x00000000bfffffff] reserved
[STDOUT  ] 2017-08-09T14:06:00.953014036Z: [    0.000000] BIOS-e820: [mem 0x00000000fed1c000-0x00000000fed1ffff] reserved
[STDOUT  ] 2017-08-09T14:06:00.953548009Z: [    0.000000] BIOS-e820: [mem 0x00000000fffc0000-0x00000000ffffffff] reserved
[STDOUT  ] 2017-08-09T14:06:00.95394248Z: [    0.000000] NX (Execute Disable) protection: active
[STDOUT  ] 2017-08-09T14:06:00.954196647Z: [    0.000000] SMBIOS 2.8 present.
[STDOUT  ] 2017-08-09T14:06:00.954656309Z: [    0.000000] e820: last_pfn = 0x3ffde max_arch_pfn = 0x400000000
[STDOUT  ] 2017-08-09T14:06:00.955185728Z: [    0.000000] x86/PAT: Configuration [0-7]: WB  WC  UC- UC  WB  WC  UC- WT  
[STDOUT  ] 2017-08-09T14:06:00.955787193Z: [    0.000000] found SMP MP-table at [mem 0x000f6aa0-0x000f6aaf] mapped at [ffff8a15c00f6aa0]
[STDOUT  ] 2017-08-09T14:06:00.956125147Z: [    0.000000] RAMDISK: [mem 0x3e98b000-0x3ffcffff]
[STDOUT  ] 2017-08-09T14:06:00.9565369Z: [    0.000000] ACPI: Early table checksum verification disabled
[STDOUT  ] 2017-08-09T14:06:00.956945009Z: [    0.000000] ACPI: RSDP 0x00000000000F68C0 000014 (v00 BOCHS )
[STDOUT  ] 2017-08-09T14:06:00.957568466Z: [    0.000000] ACPI: RSDT 0x000000003FFE2404 000034 (v01 BOCHS  BXPCRSDT 00000001 BXPC 00000001)
[STDOUT  ] 2017-08-09T14:06:00.958192591Z: [    0.000000] ACPI: FACP 0x000000003FFE22A4 000074 (v01 BOCHS  BXPCFACP 00000001 BXPC 00000001)
[STDOUT  ] 2017-08-09T14:06:00.958785147Z: [    0.000000] ACPI: DSDT 0x000000003FFE0040 002264 (v01 BOCHS  BXPCDSDT 00000001 BXPC 00000001)
[STDOUT  ] 2017-08-09T14:06:00.959124917Z: [    0.000000] ACPI: FACS 0x000000003FFE0000 000040
[STDOUT  ] 2017-08-09T14:06:00.959714818Z: [    0.000000] ACPI: APIC 0x000000003FFE2318 000078 (v01 BOCHS  BXPCAPIC 00000001 BXPC 00000001)
[STDOUT  ] 2017-08-09T14:06:00.960309156Z: [    0.000000] ACPI: HPET 0x000000003FFE2390 000038 (v01 BOCHS  BXPCHPET 00000001 BXPC 00000001)
[STDOUT  ] 2017-08-09T14:06:00.960916936Z: [    0.000000] ACPI: MCFG 0x000000003FFE23C8 00003C (v01 BOCHS  BXPCMCFG 00000001 BXPC 00000001)
[STDOUT  ] 2017-08-09T14:06:00.961117308Z: [    0.000000] Zone ranges:
[STDOUT  ] 2017-08-09T14:06:00.961553051Z: [    0.000000]   DMA      [mem 0x0000000000001000-0x0000000000ffffff]
[STDOUT  ] 2017-08-09T14:06:00.961988277Z: [    0.000000]   DMA32    [mem 0x0000000001000000-0x000000003ffddfff]
[STDOUT  ] 2017-08-09T14:06:00.962206415Z: [    0.000000]   Normal   empty
[STDOUT  ] 2017-08-09T14:06:00.96251531Z: [    0.000000] Movable zone start for each node
[STDOUT  ] 2017-08-09T14:06:00.962779153Z: [    0.000000] Early memory node ranges
[STDOUT  ] 2017-08-09T14:06:00.963221095Z: [    0.000000]   node   0: [mem 0x0000000000001000-0x000000000009efff]
[STDOUT  ] 2017-08-09T14:06:00.963661727Z: [    0.000000]   node   0: [mem 0x0000000000100000-0x000000003ffddfff]
[STDOUT  ] 2017-08-09T14:06:00.964153826Z: [    0.000000] Initmem setup node 0 [mem 0x0000000000001000-0x000000003ffddfff]
[STDOUT  ] 2017-08-09T14:06:00.964448719Z: [    0.000000] ACPI: PM-Timer IO Port: 0x608
[STDOUT  ] 2017-08-09T14:06:00.964860702Z: [    0.000000] ACPI: LAPIC_NMI (acpi_id[0xff] dfl dfl lint[0x1])
[STDOUT  ] 2017-08-09T14:06:00.965343514Z: [    0.000000] IOAPIC[0]: apic_id 0, version 32, address 0xfec00000, GSI 0-23
[STDOUT  ] 2017-08-09T14:06:00.965796509Z: [    0.000000] ACPI: INT_SRC_OVR (bus 0 bus_irq 0 global_irq 2 dfl dfl)
[STDOUT  ] 2017-08-09T14:06:00.966280111Z: [    0.000000] ACPI: INT_SRC_OVR (bus 0 bus_irq 5 global_irq 5 high level)
[STDOUT  ] 2017-08-09T14:06:00.966744943Z: [    0.000000] ACPI: INT_SRC_OVR (bus 0 bus_irq 9 global_irq 9 high level)
[STDOUT  ] 2017-08-09T14:06:00.967220309Z: [    0.000000] ACPI: INT_SRC_OVR (bus 0 bus_irq 10 global_irq 10 high level)
[STDOUT  ] 2017-08-09T14:06:00.967741042Z: [    0.000000] ACPI: INT_SRC_OVR (bus 0 bus_irq 11 global_irq 11 high level)
[STDOUT  ] 2017-08-09T14:06:00.968178948Z: [    0.000000] Using ACPI (MADT) for SMP configuration information
[STDOUT  ] 2017-08-09T14:06:00.968576714Z: [    0.000000] ACPI: HPET id: 0x8086a201 base: 0xfed00000
[STDOUT  ] 2017-08-09T14:06:00.968972956Z: [    0.000000] smpboot: Allowing 1 CPUs, 0 hotplug CPUs
[STDOUT  ] 2017-08-09T14:06:00.969438558Z: [    0.000000] e820: [mem 0x40000000-0xafffffff] available for PCI devices
[STDOUT  ] 2017-08-09T14:06:00.969829699Z: [    0.000000] Booting paravirtualized kernel on bare hardware
[STDOUT  ] 2017-08-09T14:06:00.970587324Z: [    0.000000] clocksource: refined-jiffies: mask: 0xffffffff max_cycles: 0xffffffff, max_idle_ns: 19112604462750000 ns
[STDOUT  ] 2017-08-09T14:06:00.97113272Z: [    0.000000] setup_percpu: NR_CPUS:128 nr_cpumask_bits:128 nr_cpu_ids:1 nr_node_ids:1
[STDOUT  ] 2017-08-09T14:06:00.971694663Z: [    0.000000] percpu: Embedded 35 pages/cpu @ffff8a15fe600000 s105240 r8192 d29928 u2097152
[STDOUT  ] 2017-08-09T14:06:00.97224493Z: [    0.000000] Built 1 zonelists in Zone order, mobility grouping on.  Total pages: 257895
[STDOUT  ] 2017-08-09T14:06:00.97256211Z: [    0.000000] Kernel command line: console=ttyS0
[STDOUT  ] 2017-08-09T14:06:00.972979786Z: [    0.000000] PID hash table entries: 4096 (order: 3, 32768 bytes)
[STDOUT  ] 2017-08-09T14:06:00.97347667Z: [    0.000000] Dentry cache hash table entries: 131072 (order: 8, 1048576 bytes)
[STDOUT  ] 2017-08-09T14:06:00.973953993Z: [    0.000000] Inode-cache hash table entries: 65536 (order: 7, 524288 bytes)
[STDOUT  ] 2017-08-09T14:06:00.974867554Z: [    0.000000] Memory: 991364K/1048048K available (8028K kernel code, 1366K rwdata, 2696K rodata, 1380K init, 568K bss, 56684K reserved, 0K cma-reserved)
[STDOUT  ] 2017-08-09T14:06:00.975191411Z: [    0.000000] Hierarchical RCU implementation.
[STDOUT  ] 2017-08-09T14:06:00.975565789Z: [    0.000000] 	Build-time adjustment of leaf fanout to 64.
[STDOUT  ] 2017-08-09T14:06:00.976017624Z: [    0.000000] 	RCU restricting CPUs from NR_CPUS=128 to nr_cpu_ids=1.
[STDOUT  ] 2017-08-09T14:06:00.976485127Z: [    0.000000] RCU: Adjusting geometry for rcu_fanout_leaf=64, nr_cpu_ids=1
[STDOUT  ] 2017-08-09T14:06:00.976764288Z: [    0.000000] NR_IRQS:8448 nr_irqs:256 16
[STDOUT  ] 2017-08-09T14:06:00.977036657Z: [    0.000000] Console: colour VGA+ 80x25
[STDOUT  ] 2017-08-09T14:06:00.97744065Z: [    0.000000] console [ttyS0] enabled
[STDOUT  ] 2017-08-09T14:06:00.98157525Z: [    0.000000] clocksource: hpet: mask: 0xffffffff max_cycles: 0xffffffff, max_idle_ns: 19112604467 ns
[STDOUT  ] 2017-08-09T14:06:01.023531246Z: [    0.000000] tsc: Fast TSC calibration using PIT
[STDOUT  ] 2017-08-09T14:06:01.027788168Z: [    0.000000] tsc: Detected 2300.105 MHz processor
[STDOUT  ] 2017-08-09T14:06:01.030492492Z: [    0.011522] Calibrating delay loop (skipped), value calculated using timer frequency.. 4600.21 BogoMIPS (lpj=23001050)
[STDOUT  ] 2017-08-09T14:06:01.031000225Z: [    0.012675] pid_max: default: 32768 minimum: 301
[STDOUT  ] 2017-08-09T14:06:01.031999822Z: [    0.013726] ACPI: Core revision 20160831
[STDOUT  ] 2017-08-09T14:06:01.076769946Z: [    0.063330] ACPI: 1 ACPI AML tables successfully acquired and loaded
[STDOUT  ] 2017-08-09T14:06:01.080369811Z: [    0.067180] Security Framework initialized
[STDOUT  ] 2017-08-09T14:06:01.080750297Z: [    0.067614] Yama: becoming mindful.
[STDOUT  ] 2017-08-09T14:06:01.083324665Z: [    0.069847] Mount-cache hash table entries: 2048 (order: 2, 16384 bytes)
[STDOUT  ] 2017-08-09T14:06:01.084064635Z: [    0.070111] Mountpoint-cache hash table entries: 2048 (order: 2, 16384 bytes)
[STDOUT  ] 2017-08-09T14:06:01.103204858Z: [    0.089769] Last level iTLB entries: 4KB 0, 2MB 0, 4MB 0
[STDOUT  ] 2017-08-09T14:06:01.103850555Z: [    0.090068] Last level dTLB entries: 4KB 0, 2MB 0, 4MB 0, 1GB 0
[STDOUT  ] 2017-08-09T14:06:01.410816629Z: [    0.397427] Freeing SMP alternatives memory: 20K (ffffffff85eb0000 - ffffffff85eb5000)
[STDOUT  ] 2017-08-09T14:06:01.420261807Z: [    0.406998] ftrace: allocating 35484 entries in 139 pages
[STDOUT  ] 2017-08-09T14:06:01.774975761Z: [    0.581474] smpboot: Max logical packages: 1
[STDOUT  ] 2017-08-09T14:06:01.780615949Z: [    0.587266] ..TIMER: vector=0x30 apic1=0 pin1=2 apic2=-1 pin2=-1
[STDOUT  ] 2017-08-09T14:06:01.994429259Z: [    0.690000] smpboot: CPU0: AMD QEMU Virtual CPU version 2.5+ (family: 0x6, model: 0x6, stepping: 0x3)
[STDOUT  ] 2017-08-09T14:06:01.995684476Z: [    0.690000] Performance Events: PMU not available due to virtualization, using software events only.
[STDOUT  ] 2017-08-09T14:06:02.012683365Z: [    0.698451] NMI watchdog: disabled (cpu0): hardware events not enabled
[STDOUT  ] 2017-08-09T14:06:02.013226339Z: [    0.699013] NMI watchdog: Shutting down hard lockup detector on all cpus
[STDOUT  ] 2017-08-09T14:06:02.016107938Z: [    0.702104] x86: Booted up 1 node, 1 CPUs
[STDOUT  ] 2017-08-09T14:06:02.016688836Z: [    0.702522] smpboot: Total of 1 processors activated (4600.21 BogoMIPS)
[STDOUT  ] 2017-08-09T14:06:02.030912287Z: [    0.716603] devtmpfs: initialized
[STDOUT  ] 2017-08-09T14:06:02.036396007Z: [    0.722440] x86/mm: Memory block size: 128MB
[STDOUT  ] 2017-08-09T14:06:02.100024036Z: [    0.785666] clocksource: jiffies: mask: 0xffffffff max_cycles: 0xffffffff, max_idle_ns: 19112604462750000 ns
[STDOUT  ] 2017-08-09T14:06:02.100746046Z: [    0.786697] futex hash table entries: 256 (order: 2, 16384 bytes)
[STDOUT  ] 2017-08-09T14:06:02.110588806Z: [    0.796454] NET: Registered protocol family 16
[STDOUT  ] 2017-08-09T14:06:02.12019328Z: [    0.806245] cpuidle: using governor ladder
[STDOUT  ] 2017-08-09T14:06:02.120621906Z: [    0.806702] cpuidle: using governor menu
[STDOUT  ] 2017-08-09T14:06:02.121703766Z: [    0.807770] ACPI: bus type PCI registered
[STDOUT  ] 2017-08-09T14:06:02.124934817Z: [    0.810692] PCI: MMCONFIG for domain 0000 [bus 00-ff] at [mem 0xb0000000-0xbfffffff] (base 0xb0000000)
[STDOUT  ] 2017-08-09T14:06:02.126016278Z: [    0.811931] PCI: MMCONFIG at [mem 0xb0000000-0xbfffffff] reserved in E820
[STDOUT  ] 2017-08-09T14:06:02.127250459Z: [    0.813233] PCI: Using configuration type 1 for base access
[STDOUT  ] 2017-08-09T14:06:02.184770347Z: [    0.870569] HugeTLB registered 2 MB page size, pre-allocated 0 pages
[STDOUT  ] 2017-08-09T14:06:02.196698492Z: [    0.882609] ACPI: Added _OSI(Module Device)
[STDOUT  ] 2017-08-09T14:06:02.197105136Z: [    0.883055] ACPI: Added _OSI(Processor Device)
[STDOUT  ] 2017-08-09T14:06:02.197555609Z: [    0.883404] ACPI: Added _OSI(3.0 _SCP Extensions)
[STDOUT  ] 2017-08-09T14:06:02.19795631Z: [    0.883844] ACPI: Added _OSI(Processor Aggregator Device)
[STDOUT  ] 2017-08-09T14:06:02.273338766Z: [    0.959240] ACPI: Interpreter enabled
[STDOUT  ] 2017-08-09T14:06:02.27448441Z: [    0.960348] ACPI: (supports S0 S5)
[STDOUT  ] 2017-08-09T14:06:02.27493835Z: [    0.960707] ACPI: Using IOAPIC for interrupt routing
[STDOUT  ] 2017-08-09T14:06:02.277287094Z: [    0.962775] PCI: Using host bridge windows from ACPI; if necessary, use "pci=nocrs" and report a bug
[STDOUT  ] 2017-08-09T14:06:02.341358389Z: [    1.027089] ACPI: PCI Root Bridge [PCI0] (domain 0000 [bus 00-ff])
[STDOUT  ] 2017-08-09T14:06:02.34253464Z: [    1.028220] acpi PNP0A08:00: _OSC: OS supports [ExtendedConfig ASPM ClockPM Segments MSI]
[STDOUT  ] 2017-08-09T14:06:02.349160563Z: [    1.034847] acpi PNP0A08:00: _OSC: OS now controls [PCIeHotplug PME PCIeCapability]
[STDOUT  ] 2017-08-09T14:06:02.352730911Z: [    1.038672] PCI host bridge to bus 0000:00
[STDOUT  ] 2017-08-09T14:06:02.353349338Z: [    1.039123] pci_bus 0000:00: root bus resource [io  0x0000-0x0cf7 window]
[STDOUT  ] 2017-08-09T14:06:02.353916385Z: [    1.039648] pci_bus 0000:00: root bus resource [io  0x0d00-0xffff window]
[STDOUT  ] 2017-08-09T14:06:02.354533157Z: [    1.040062] pci_bus 0000:00: root bus resource [mem 0x000a0000-0x000bffff window]
[STDOUT  ] 2017-08-09T14:06:02.355062446Z: [    1.040605] pci_bus 0000:00: root bus resource [mem 0xc0000000-0xfebfffff window]
[STDOUT  ] 2017-08-09T14:06:02.355590591Z: [    1.041265] pci_bus 0000:00: root bus resource [bus 00-ff]
[STDOUT  ] 2017-08-09T14:06:02.466370614Z: [    1.151281] pci 0000:00:1f.0: quirk: [io  0x0600-0x067f] claimed by ICH6 ACPI/GPIO/TCO
[STDOUT  ] 2017-08-09T14:06:02.527673578Z: [    1.212680] ACPI: PCI Interrupt Link [LNKA] (IRQs 5 *10 11)
[STDOUT  ] 2017-08-09T14:06:02.529753443Z: [    1.214982] ACPI: PCI Interrupt Link [LNKB] (IRQs 5 *10 11)
[STDOUT  ] 2017-08-09T14:06:02.531626253Z: [    1.216875] ACPI: PCI Interrupt Link [LNKC] (IRQs 5 10 *11)
[STDOUT  ] 2017-08-09T14:06:02.533492597Z: [    1.218728] ACPI: PCI Interrupt Link [LNKD] (IRQs 5 10 *11)
[STDOUT  ] 2017-08-09T14:06:02.535525662Z: [    1.221188] ACPI: PCI Interrupt Link [LNKE] (IRQs 5 *10 11)
[STDOUT  ] 2017-08-09T14:06:02.537341975Z: [    1.223024] ACPI: PCI Interrupt Link [LNKF] (IRQs 5 *10 11)
[STDOUT  ] 2017-08-09T14:06:02.539129629Z: [    1.224830] ACPI: PCI Interrupt Link [LNKG] (IRQs 5 10 *11)
[STDOUT  ] 2017-08-09T14:06:02.540847765Z: [    1.226544] ACPI: PCI Interrupt Link [LNKH] (IRQs 5 10 *11)
[STDOUT  ] 2017-08-09T14:06:02.541624866Z: [    1.227380] ACPI: PCI Interrupt Link [GSIA] (IRQs *16)
[STDOUT  ] 2017-08-09T14:06:02.542274238Z: [    1.228023] ACPI: PCI Interrupt Link [GSIB] (IRQs *17)
[STDOUT  ] 2017-08-09T14:06:02.542896502Z: [    1.228656] ACPI: PCI Interrupt Link [GSIC] (IRQs *18)
[STDOUT  ] 2017-08-09T14:06:02.543514602Z: [    1.229276] ACPI: PCI Interrupt Link [GSID] (IRQs *19)
[STDOUT  ] 2017-08-09T14:06:02.544253981Z: [    1.229892] ACPI: PCI Interrupt Link [GSIE] (IRQs *20)
[STDOUT  ] 2017-08-09T14:06:02.544930727Z: [    1.230423] ACPI: PCI Interrupt Link [GSIF] (IRQs *21)
[STDOUT  ] 2017-08-09T14:06:02.545556649Z: [    1.231053] ACPI: PCI Interrupt Link [GSIG] (IRQs *22)
[STDOUT  ] 2017-08-09T14:06:02.546178271Z: [    1.231673] ACPI: PCI Interrupt Link [GSIH] (IRQs *23)
[STDOUT  ] 2017-08-09T14:06:02.549834424Z: [    1.235330] ACPI: Enabled 2 GPEs in block 00 to 3F
[STDOUT  ] 2017-08-09T14:06:02.554269383Z: [    1.240107] SCSI subsystem initialized
[STDOUT  ] 2017-08-09T14:06:02.556130442Z: [    1.241974] ACPI: bus type USB registered
[STDOUT  ] 2017-08-09T14:06:02.55735545Z: [    1.243094] usbcore: registered new interface driver usbfs
[STDOUT  ] 2017-08-09T14:06:02.558350007Z: [    1.244122] usbcore: registered new interface driver hub
[STDOUT  ] 2017-08-09T14:06:02.559154813Z: [    1.244942] usbcore: registered new device driver usb
[STDOUT  ] 2017-08-09T14:06:02.560310942Z: [    1.246105] pps_core: LinuxPPS API ver. 1 registered
[STDOUT  ] 2017-08-09T14:06:02.560915345Z: [    1.246472] pps_core: Software ver. 5.3.6 - Copyright 2005-2007 Rodolfo Giometti <giometti@linux.it>
[STDOUT  ] 2017-08-09T14:06:02.561341348Z: [    1.247202] PTP clock support registered
[STDOUT  ] 2017-08-09T14:06:02.562463012Z: [    1.248369] wmi: Mapper loaded
[STDOUT  ] 2017-08-09T14:06:02.563572548Z: [    1.249408] PCI: Using ACPI for IRQ routing
[STDOUT  ] 2017-08-09T14:06:02.583206667Z: [    1.269027] NetLabel: Initializing
[STDOUT  ] 2017-08-09T14:06:02.583584881Z: [    1.269394] NetLabel:  domain hash size = 128
[STDOUT  ] 2017-08-09T14:06:02.58416444Z: [    1.269745] NetLabel:  protocols = UNLABELED CIPSOv4
[STDOUT  ] 2017-08-09T14:06:02.586401952Z: [    1.271774] NetLabel:  unlabeled traffic allowed by default
[STDOUT  ] 2017-08-09T14:06:02.587553641Z: [    1.272779] HPET: 3 timers in total, 0 timers will be used for per-cpu timer
[STDOUT  ] 2017-08-09T14:06:02.588363309Z: [    1.273662] hpet0: at MMIO 0xfed00000, IRQs 2, 8, 0
[STDOUT  ] 2017-08-09T14:06:02.588830583Z: [    1.274201] hpet0: 3 comparators, 64-bit 100.000000 MHz counter
[STDOUT  ] 2017-08-09T14:06:02.595184807Z: [    1.280943] clocksource: Switched to clocksource hpet
[STDOUT  ] 2017-08-09T14:06:02.87970568Z: [    1.564694] VFS: Disk quotas dquot_6.6.0
[STDOUT  ] 2017-08-09T14:06:02.880650731Z: [    1.565529] VFS: Dquot-cache hash table entries: 512 (order 0, 4096 bytes)
[STDOUT  ] 2017-08-09T14:06:02.883412849Z: [    1.568536] FS-Cache: Loaded
[STDOUT  ] 2017-08-09T14:06:02.889133305Z: [    1.574286] CacheFiles: Loaded
[STDOUT  ] 2017-08-09T14:06:02.890772391Z: [    1.575946] pnp: PnP ACPI init
[STDOUT  ] 2017-08-09T14:06:02.902429772Z: [    1.587537] pnp: PnP ACPI: found 5 devices
[STDOUT  ] 2017-08-09T14:06:02.953446213Z: [    1.638147] clocksource: acpi_pm: mask: 0xffffff max_cycles: 0xffffff, max_idle_ns: 2085701024 ns
[STDOUT  ] 2017-08-09T14:06:02.956501111Z: [    1.641571] NET: Registered protocol family 2
[STDOUT  ] 2017-08-09T14:06:02.964440093Z: [    1.649365] TCP established hash table entries: 8192 (order: 4, 65536 bytes)
[STDOUT  ] 2017-08-09T14:06:02.965373216Z: [    1.650329] TCP bind hash table entries: 8192 (order: 5, 131072 bytes)
[STDOUT  ] 2017-08-09T14:06:02.966053485Z: [    1.651046] TCP: Hash tables configured (established 8192 bind 8192)
[STDOUT  ] 2017-08-09T14:06:02.968045607Z: [    1.653026] UDP hash table entries: 512 (order: 2, 16384 bytes)
[STDOUT  ] 2017-08-09T14:06:02.968633147Z: [    1.653626] UDP-Lite hash table entries: 512 (order: 2, 16384 bytes)
[STDOUT  ] 2017-08-09T14:06:02.970821505Z: [    1.655920] NET: Registered protocol family 1
[STDOUT  ] 2017-08-09T14:06:02.972010606Z: [    1.656875] pci 0000:00:01.0: Video device with shadowed ROM at [mem 0x000c0000-0x000dffff]
[STDOUT  ] 2017-08-09T14:06:02.979055915Z: [    1.664201] Unpacking initramfs...
[STDOUT  ] 2017-08-09T14:06:05.945214614Z: [    4.630038] Freeing initrd memory: 22804K (ffff8a15fe98b000 - ffff8a15fffd0000)
[STDOUT  ] 2017-08-09T14:06:05.969588633Z: [    4.654607] PCLMULQDQ-NI instructions are not detected.
[STDOUT  ] 2017-08-09T14:06:05.970842127Z: [    4.655853] AVX or AES-NI instructions are not detected.
[STDOUT  ] 2017-08-09T14:06:05.971346871Z: [    4.656369] CPU feature 'AVX registers' is not supported.
[STDOUT  ] 2017-08-09T14:06:05.971807239Z: [    4.656832] CPU feature 'AVX registers' is not supported.
[STDOUT  ] 2017-08-09T14:06:05.972254764Z: [    4.657275] CPU feature 'AVX registers' is not supported.
[STDOUT  ] 2017-08-09T14:06:05.972699665Z: [    4.657726] CPU feature 'AVX registers' is not supported.
[STDOUT  ] 2017-08-09T14:06:05.973157916Z: [    4.658183] AVX2 or AES-NI instructions are not detected.
[STDOUT  ] 2017-08-09T14:06:05.973539356Z: [    4.658617] AVX2 instructions are not detected.
[STDOUT  ] 2017-08-09T14:06:05.9805258Z: [    4.665498] audit: initializing netlink subsys (disabled)
[STDOUT  ] 2017-08-09T14:06:05.98215801Z: [    4.667150] audit: type=2000 audit(1502287564.660:1): initialized
[STDOUT  ] 2017-08-09T14:06:05.989984526Z: [    4.674949] workingset: timestamp_bits=46 max_order=18 bucket_order=0
[STDOUT  ] 2017-08-09T14:06:05.996413298Z: [    4.681435] FS-Cache: Netfs 'cifs' registered for caching
[STDOUT  ] 2017-08-09T14:06:05.999719556Z: [    4.684846] fuse init (API version 7.26)
[STDOUT  ] 2017-08-09T14:06:06.002144793Z: [    4.687120] SGI XFS with ACLs, security attributes, no debug enabled
[STDOUT  ] 2017-08-09T14:06:06.007406165Z: [    4.692390] 9p: Installing v9fs 9p2000 file system support
[STDOUT  ] 2017-08-09T14:06:06.007894079Z: [    4.692948] FS-Cache: Netfs '9p' registered for caching
[STDOUT  ] 2017-08-09T14:06:06.042513088Z: [    4.727525] NET: Registered protocol family 38
[STDOUT  ] 2017-08-09T14:06:06.043133209Z: [    4.728221] Key type asymmetric registered
[STDOUT  ] 2017-08-09T14:06:06.043572566Z: [    4.728625] Asymmetric key parser 'x509' registered
[STDOUT  ] 2017-08-09T14:06:06.045074052Z: [    4.729529] Block layer SCSI generic (bsg) driver version 0.4 loaded (major 251)
[STDOUT  ] 2017-08-09T14:06:06.047062722Z: [    4.732163] io scheduler noop registered
[STDOUT  ] 2017-08-09T14:06:06.047560128Z: [    4.732551] io scheduler deadline registered (default)
[STDOUT  ] 2017-08-09T14:06:06.048133752Z: [    4.733257] io scheduler cfq registered
[STDOUT  ] 2017-08-09T14:06:06.051308899Z: [    4.736309] pci_hotplug: PCI Hot Plug PCI Core version: 0.5
[STDOUT  ] 2017-08-09T14:06:06.052074105Z: [    4.736952] pciehp: PCI Express Hot Plug Controller Driver version: 0.4
[STDOUT  ] 2017-08-09T14:06:06.052976645Z: [    4.737927] shpchp: Standard Hot Plug PCI Controller Driver version: 0.4
[STDOUT  ] 2017-08-09T14:06:06.053694718Z: [    4.738771] hv_vmbus: registering driver hyperv_fb
[STDOUT  ] 2017-08-09T14:06:06.059170646Z: [    4.744073] input: Power Button as /devices/LNXSYSTM:00/LNXPWRBN:00/input/input0
[STDOUT  ] 2017-08-09T14:06:06.059999046Z: [    4.745145] ACPI: Power Button [PWRF]
[STDOUT  ] 2017-08-09T14:06:06.065806381Z: [    4.750927] GHES: HEST is not enabled!
[STDOUT  ] 2017-08-09T14:06:06.078781235Z: [    4.763764] ACPI: PCI Interrupt Link [GSIG] enabled at IRQ 22
[STDOUT  ] 2017-08-09T14:06:06.092554579Z: [    4.777542] ACPI: PCI Interrupt Link [GSIH] enabled at IRQ 23
[STDOUT  ] 2017-08-09T14:06:06.097640897Z: [    4.782578] xenfs: not registering filesystem on non-xen platform
[STDOUT  ] 2017-08-09T14:06:06.099815588Z: [    4.784788] Serial: 8250/16550 driver, 4 ports, IRQ sharing disabled
[STDOUT  ] 2017-08-09T14:06:06.126242563Z: [    4.811106] 00:04: ttyS0 at I/O 0x3f8 (irq = 4, base_baud = 115200) is a 16550A
[STDOUT  ] 2017-08-09T14:06:06.138373899Z: [    4.823421] Non-volatile memory driver v1.3
[STDOUT  ] 2017-08-09T14:06:06.145794235Z: [    4.830564] Hangcheck: starting hangcheck timer 0.9.1 (tick is 180 seconds, margin is 60 seconds).
[STDOUT  ] 2017-08-09T14:06:06.151030786Z: [    4.836180] random: fast init done
[STDOUT  ] 2017-08-09T14:06:06.152245939Z: [    4.837398] random: crng init done
[STDOUT  ] 2017-08-09T14:06:06.188619752Z: [    4.873722] loop: module loaded
[STDOUT  ] 2017-08-09T14:06:06.203907415Z: [    4.888941] nbd: registered device at major 43
[STDOUT  ] 2017-08-09T14:06:06.248660779Z: [    4.933550] lpc_ich 0000:00:1f.0: I/O space for GPIO uninitialized
[STDOUT  ] 2017-08-09T14:06:06.250462677Z: [    4.935496] VMware PVSCSI driver - version 1.0.7.0-k
[STDOUT  ] 2017-08-09T14:06:06.251265386Z: [    4.936308] hv_vmbus: registering driver hv_storvsc
[STDOUT  ] 2017-08-09T14:06:06.262289626Z: [    4.947294] ACPI: PCI Interrupt Link [GSIA] enabled at IRQ 16
[STDOUT  ] 2017-08-09T14:06:06.268921291Z: [    4.953774] ahci 0000:00:1f.2: AHCI 0001.0000 32 slots 6 ports 1.5 Gbps 0x3f impl SATA mode
[STDOUT  ] 2017-08-09T14:06:06.269406483Z: [    4.954475] ahci 0000:00:1f.2: flags: 64bit ncq only 
[STDOUT  ] 2017-08-09T14:06:06.290098765Z: [    4.975234] scsi host0: ahci
[STDOUT  ] 2017-08-09T14:06:06.294100865Z: [    4.979257] scsi host1: ahci
[STDOUT  ] 2017-08-09T14:06:06.296836607Z: [    4.981997] scsi host2: ahci
[STDOUT  ] 2017-08-09T14:06:06.299293399Z: [    4.984466] scsi host3: ahci
[STDOUT  ] 2017-08-09T14:06:06.301665386Z: [    4.986848] scsi host4: ahci
[STDOUT  ] 2017-08-09T14:06:06.303842014Z: [    4.989026] scsi host5: ahci
[STDOUT  ] 2017-08-09T14:06:06.306148338Z: [    4.991060] ata1: SATA max UDMA/133 abar m4096@0xfebd2000 port 0xfebd2100 irq 24
[STDOUT  ] 2017-08-09T14:06:06.306707298Z: [    4.991632] ata2: SATA max UDMA/133 abar m4096@0xfebd2000 port 0xfebd2180 irq 24
[STDOUT  ] 2017-08-09T14:06:06.307213133Z: [    4.992135] ata3: SATA max UDMA/133 abar m4096@0xfebd2000 port 0xfebd2200 irq 24
[STDOUT  ] 2017-08-09T14:06:06.307749546Z: [    4.992640] ata4: SATA max UDMA/133 abar m4096@0xfebd2000 port 0xfebd2280 irq 24
[STDOUT  ] 2017-08-09T14:06:06.308248522Z: [    4.993180] ata5: SATA max UDMA/133 abar m4096@0xfebd2000 port 0xfebd2300 irq 24
[STDOUT  ] 2017-08-09T14:06:06.308748386Z: [    4.993680] ata6: SATA max UDMA/133 abar m4096@0xfebd2000 port 0xfebd2380 irq 24
[STDOUT  ] 2017-08-09T14:06:06.322161875Z: [    5.007169] tun: Universal TUN/TAP device driver, 1.6
[STDOUT  ] 2017-08-09T14:06:06.322642356Z: [    5.007618] tun: (C) 1999-2004 Max Krasnyansky <maxk@qualcomm.com>
[STDOUT  ] 2017-08-09T14:06:06.333896798Z: [    5.018845] VMware vmxnet3 virtual NIC driver - version 1.4.a.0-k-NAPI
[STDOUT  ] 2017-08-09T14:06:06.334652512Z: [    5.019722] hv_vmbus: registering driver hv_netvsc
[STDOUT  ] 2017-08-09T14:06:06.335229704Z: [    5.020345] Fusion MPT base driver 3.04.20
[STDOUT  ] 2017-08-09T14:06:06.335579965Z: [    5.020660] Copyright (c) 1999-2008 LSI Corporation
[STDOUT  ] 2017-08-09T14:06:06.336217764Z: [    5.021316] Fusion MPT SPI Host driver 3.04.20
[STDOUT  ] 2017-08-09T14:06:06.33850865Z: [    5.023385] i8042: PNP: PS/2 Controller [PNP0303:KBD,PNP0f13:MOU] at 0x60,0x64 irq 1,12
[STDOUT  ] 2017-08-09T14:06:06.342313663Z: [    5.027369] serio: i8042 KBD port at 0x60,0x64 irq 1
[STDOUT  ] 2017-08-09T14:06:06.342926809Z: [    5.027986] serio: i8042 AUX port at 0x60,0x64 irq 12
[STDOUT  ] 2017-08-09T14:06:06.346280233Z: [    5.031317] hv_vmbus: registering driver hyperv_keyboard
[STDOUT  ] 2017-08-09T14:06:06.348645985Z: [    5.033664] mousedev: PS/2 mouse device common for all mice
[STDOUT  ] 2017-08-09T14:06:06.35361467Z: [    5.038452] input: AT Translated Set 2 keyboard as /devices/platform/i8042/serio0/input/input1
[STDOUT  ] 2017-08-09T14:06:06.356633567Z: [    5.041595] input: PC Speaker as /devices/platform/pcspkr/input/input2
[STDOUT  ] 2017-08-09T14:06:06.359957708Z: [    5.045033] rtc_cmos 00:00: RTC can wake from S4
[STDOUT  ] 2017-08-09T14:06:06.363241441Z: [    5.048230] rtc_cmos 00:00: rtc core: registered rtc_cmos as rtc0
[STDOUT  ] 2017-08-09T14:06:06.364665745Z: [    5.049575] rtc_cmos 00:00: alarms up to one day, y3k, 114 bytes nvram, hpet irqs
[STDOUT  ] 2017-08-09T14:06:06.365453837Z: [    5.050602] i2c /dev entries driver
[STDOUT  ] 2017-08-09T14:06:06.367655554Z: [    5.052476] device-mapper: ioctl: 4.35.0-ioctl (2016-06-23) initialised: dm-devel@redhat.com
[STDOUT  ] 2017-08-09T14:06:06.37207599Z: [    5.057093] usbcore: registered new interface driver usbhid
[STDOUT  ] 2017-08-09T14:06:06.372403237Z: [    5.057521] usbhid: USB HID core driver
[STDOUT  ] 2017-08-09T14:06:06.373084891Z: [    5.058134] hv_utils: Registering HyperV Utility Driver
[STDOUT  ] 2017-08-09T14:06:06.373421515Z: [    5.058516] hv_vmbus: registering driver hv_util
[STDOUT  ] 2017-08-09T14:06:06.373769443Z: [    5.058849] hv_vmbus: registering driver hv_balloon
[STDOUT  ] 2017-08-09T14:06:06.37423732Z: [    5.059360] oprofile: using NMI interrupt.
[STDOUT  ] 2017-08-09T14:06:06.375559848Z: [    5.060727] GACT probability on
[STDOUT  ] 2017-08-09T14:06:06.376057809Z: [    5.061201] Mirror/redirect action on
[STDOUT  ] 2017-08-09T14:06:06.377317508Z: [    5.062471] Simple TC action Loaded
[STDOUT  ] 2017-08-09T14:06:06.377872263Z: [    5.063076] u32 classifier
[STDOUT  ] 2017-08-09T14:06:06.378155949Z: [    5.063302]     Performance counters on
[STDOUT  ] 2017-08-09T14:06:06.378420007Z: [    5.063578]     input device check on
[STDOUT  ] 2017-08-09T14:06:06.378667531Z: [    5.063841]     Actions configured
[STDOUT  ] 2017-08-09T14:06:06.379281678Z: [    5.064372] Netfilter messages via NETLINK v0.30.
[STDOUT  ] 2017-08-09T14:06:06.380120245Z: [    5.065195] nfnl_acct: registering with nfnetlink.
[STDOUT  ] 2017-08-09T14:06:06.381543389Z: [    5.066478] nf_conntrack version 0.5.0 (8192 buckets, 32768 max)
[STDOUT  ] 2017-08-09T14:06:06.38444657Z: [    5.069489] ctnetlink v0.93: registering with nfnetlink.
[STDOUT  ] 2017-08-09T14:06:06.387906095Z: [    5.072870] nf_tables: (c) 2007-2009 Patrick McHardy <kaber@trash.net>
[STDOUT  ] 2017-08-09T14:06:06.388768667Z: [    5.073706] nf_tables_compat: (c) 2012 Pablo Neira Ayuso <pablo@netfilter.org>
[STDOUT  ] 2017-08-09T14:06:06.390957464Z: [    5.076056] xt_time: kernel timezone is -0000
[STDOUT  ] 2017-08-09T14:06:06.391409091Z: [    5.076592] ip_set: protocol 6
[STDOUT  ] 2017-08-09T14:06:06.392187499Z: [    5.077199] IPVS: Registered protocols (TCP, UDP, SCTP, AH, ESP)
[STDOUT  ] 2017-08-09T14:06:06.392948703Z: [    5.077779] IPVS: Connection hash table configured (size=4096, memory=64Kbytes)
[STDOUT  ] 2017-08-09T14:06:06.394519906Z: [    5.079568] IPVS: Creating netns size=2104 id=0
[STDOUT  ] 2017-08-09T14:06:06.397355159Z: [    5.082517] IPVS: ipvs loaded.
[STDOUT  ] 2017-08-09T14:06:06.397819786Z: [    5.082931] IPVS: [rr] scheduler registered.
[STDOUT  ] 2017-08-09T14:06:06.398169483Z: [    5.083282] IPVS: [wrr] scheduler registered.
[STDOUT  ] 2017-08-09T14:06:06.3984772Z: [    5.083598] IPVS: [lc] scheduler registered.
[STDOUT  ] 2017-08-09T14:06:06.398798145Z: [    5.083913] IPVS: [wlc] scheduler registered.
[STDOUT  ] 2017-08-09T14:06:06.399102893Z: [    5.084224] IPVS: [fo] scheduler registered.
[STDOUT  ] 2017-08-09T14:06:06.399422148Z: [    5.084538] IPVS: [ovf] scheduler registered.
[STDOUT  ] 2017-08-09T14:06:06.399854414Z: [    5.084959] IPVS: [lblc] scheduler registered.
[STDOUT  ] 2017-08-09T14:06:06.400281946Z: [    5.085382] IPVS: [lblcr] scheduler registered.
[STDOUT  ] 2017-08-09T14:06:06.400607038Z: [    5.085723] IPVS: [dh] scheduler registered.
[STDOUT  ] 2017-08-09T14:06:06.400915446Z: [    5.086035] IPVS: [sh] scheduler registered.
[STDOUT  ] 2017-08-09T14:06:06.401227531Z: [    5.086343] IPVS: [sed] scheduler registered.
[STDOUT  ] 2017-08-09T14:06:06.401532856Z: [    5.086653] IPVS: [nq] scheduler registered.
[STDOUT  ] 2017-08-09T14:06:06.402244377Z: [    5.087313] IPVS: ftp: loaded support on port[0] = 21
[STDOUT  ] 2017-08-09T14:06:06.403161395Z: [    5.088200] ipip: IPv4 and MPLS over IPv4 tunneling driver
[STDOUT  ] 2017-08-09T14:06:06.407686527Z: [    5.092704] gre: GRE over IPv4 demultiplexor driver
[STDOUT  ] 2017-08-09T14:06:06.410342868Z: [    5.095375] ip_tables: (C) 2000-2006 Netfilter Core Team
[STDOUT  ] 2017-08-09T14:06:06.413587032Z: [    5.098558] ipt_CLUSTERIP: ClusterIP Version 0.8 loaded successfully
[STDOUT  ] 2017-08-09T14:06:06.414248769Z: [    5.099278] arp_tables: arp_tables: (C) 2002 David S. Miller
[STDOUT  ] 2017-08-09T14:06:06.416818685Z: [    5.101902] NET: Registered protocol family 10
[STDOUT  ] 2017-08-09T14:06:06.42668412Z: [    5.111709] ip6_tables: (C) 2000-2006 Netfilter Core Team
[STDOUT  ] 2017-08-09T14:06:06.435699122Z: [    5.120777] NET: Registered protocol family 17
[STDOUT  ] 2017-08-09T14:06:06.436686012Z: [    5.121803] Bridge firewalling registered
[STDOUT  ] 2017-08-09T14:06:06.437177068Z: [    5.122327] Ebtables v2.0 registered
[STDOUT  ] 2017-08-09T14:06:06.439101526Z: [    5.124195] 8021q: 802.1Q VLAN Support v1.8
[STDOUT  ] 2017-08-09T14:06:06.440498703Z: [    5.125602] 9pnet: Installing 9P2000 support
[STDOUT  ] 2017-08-09T14:06:06.4419193Z: [    5.127022] Key type dns_resolver registered
[STDOUT  ] 2017-08-09T14:06:06.442830288Z: [    5.127875] microcode: AMD CPU family 0x6 not supported
[STDOUT  ] 2017-08-09T14:06:06.446770441Z: [    5.131875] registered taskstats version 1
[STDOUT  ] 2017-08-09T14:06:06.618502185Z: [    5.303355] Key type big_key registered
[STDOUT  ] 2017-08-09T14:06:06.640888479Z: [    5.325515] ata1: SATA link up 1.5 Gbps (SStatus 113 SControl 300)
[STDOUT  ] 2017-08-09T14:06:06.646535016Z: [    5.331240] ata2: SATA link up 1.5 Gbps (SStatus 113 SControl 300)
[STDOUT  ] 2017-08-09T14:06:06.649941088Z: [    5.334740] ata2.00: ATA-7: QEMU HARDDISK, 2.5+, max UDMA/100
[STDOUT  ] 2017-08-09T14:06:06.650675765Z: [    5.335431] ata2.00: 46740 sectors, multi 16: LBA48 NCQ (depth 31/32)
[STDOUT  ] 2017-08-09T14:06:06.651559656Z: [    5.336528] ata2.00: applying bridge limits
[STDOUT  ] 2017-08-09T14:06:06.653647789Z: [    5.338499] ata4: SATA link down (SStatus 0 SControl 300)
[STDOUT  ] 2017-08-09T14:06:06.656036829Z: [    5.340825] ata3: SATA link up 1.5 Gbps (SStatus 113 SControl 300)
[STDOUT  ] 2017-08-09T14:06:06.657118999Z: [    5.341965] ata3.00: ATAPI: QEMU DVD-ROM, 2.5+, max UDMA/100
[STDOUT  ] 2017-08-09T14:06:06.657716879Z: [    5.342639] ata3.00: applying bridge limits
[STDOUT  ] 2017-08-09T14:06:06.659273637Z: [    5.344230] ata3.00: configured for UDMA/100
[STDOUT  ] 2017-08-09T14:06:06.662003618Z: [    5.346854] ata5: SATA link down (SStatus 0 SControl 300)
[STDOUT  ] 2017-08-09T14:06:06.662772803Z: [    5.347644] ata6: SATA link down (SStatus 0 SControl 300)
[STDOUT  ] 2017-08-09T14:06:06.676265691Z: [    5.361200] ata2.00: configured for UDMA/100
[STDOUT  ] 2017-08-09T14:06:06.677192246Z: [    5.362027] ata1.00: ATA-7: QEMU HARDDISK, 2.5+, max UDMA/100
[STDOUT  ] 2017-08-09T14:06:06.677949339Z: [    5.362644] ata1.00: 409600 sectors, multi 16: LBA48 NCQ (depth 31/32)
[STDOUT  ] 2017-08-09T14:06:06.678435869Z: [    5.363425] ata1.00: applying bridge limits
[STDOUT  ] 2017-08-09T14:06:06.679281385Z: [    5.364253] ata1.00: configured for UDMA/100
[STDOUT  ] 2017-08-09T14:06:06.706021749Z: [    5.390807] scsi 0:0:0:0: Direct-Access     ATA      QEMU HARDDISK    2.5+ PQ: 0 ANSI: 5
[STDOUT  ] 2017-08-09T14:06:06.721406794Z: [    5.406375] sd 0:0:0:0: Attached scsi generic sg0 type 0
[STDOUT  ] 2017-08-09T14:06:06.7257313Z: [    5.410626] sd 0:0:0:0: [sda] 409600 512-byte logical blocks: (210 MB/200 MiB)
[STDOUT  ] 2017-08-09T14:06:06.730774114Z: [    5.415842] sd 0:0:0:0: [sda] Write Protect is off
[STDOUT  ] 2017-08-09T14:06:06.736161131Z: [    5.420982] sd 0:0:0:0: [sda] Write cache: enabled, read cache: enabled, doesn't support DPO or FUA
[STDOUT  ] 2017-08-09T14:06:06.738079723Z: [    5.422959] scsi 1:0:0:0: Direct-Access     ATA      QEMU HARDDISK    2.5+ PQ: 0 ANSI: 5
[STDOUT  ] 2017-08-09T14:06:06.741703314Z: [    5.426624] sd 1:0:0:0: [sdb] 46740 512-byte logical blocks: (23.9 MB/22.8 MiB)
[STDOUT  ] 2017-08-09T14:06:06.743285975Z: [    5.428359] sd 1:0:0:0: [sdb] Write Protect is off
[STDOUT  ] 2017-08-09T14:06:06.746132404Z: [    5.430954] sd 1:0:0:0: [sdb] Write cache: enabled, read cache: enabled, doesn't support DPO or FUA
[STDOUT  ] 2017-08-09T14:06:06.748649109Z: [    5.433687] sd 1:0:0:0: Attached scsi generic sg1 type 0
[STDOUT  ] 2017-08-09T14:06:06.759639158Z: [    5.444496] scsi 2:0:0:0: CD-ROM            QEMU     QEMU DVD-ROM     2.5+ PQ: 0 ANSI: 5
[STDOUT  ] 2017-08-09T14:06:06.778611084Z: [    5.463499] sr 2:0:0:0: [sr0] scsi3-mmc drive: 4x/4x cd/rw xa/form2 tray
[STDOUT  ] 2017-08-09T14:06:06.779241036Z: [    5.464262] cdrom: Uniform CD-ROM driver Revision: 3.20
[STDOUT  ] 2017-08-09T14:06:06.799304113Z: [    5.484334] sd 0:0:0:0: [sda] Attached SCSI disk
[STDOUT  ] 2017-08-09T14:06:06.800074714Z: [    5.485088] sr 2:0:0:0: Attached scsi generic sg2 type 5
[STDOUT  ] 2017-08-09T14:06:06.811692899Z: [    5.496703] sd 1:0:0:0: [sdb] Attached SCSI disk
[STDOUT  ] 2017-08-09T14:06:06.813202632Z: [    5.498294] Key type encrypted registered
[STDOUT  ] 2017-08-09T14:06:06.818574383Z: [    5.503405] rtc_cmos 00:00: setting system clock to 2017-08-09 14:06:06 UTC (1502287566)
[STDOUT  ] 2017-08-09T14:06:06.97085127Z: [    5.655645] Freeing unused kernel memory: 1380K (ffffffff85d57000 - ffffffff85eb0000)
[STDOUT  ] 2017-08-09T14:06:06.971390608Z: [    5.656385] Write protecting the kernel read-only data: 12288k
[STDOUT  ] 2017-08-09T14:06:06.978366867Z: [    5.663210] Freeing unused kernel memory: 148K (ffff8a15d87db000 - ffff8a15d8800000)
[STDOUT  ] 2017-08-09T14:06:07.099439657Z: [    5.784203] Freeing unused kernel memory: 1400K (ffff8a15d8aa2000 - ffff8a15d8c00000)
[STDOUT  ] 2017-08-09T14:06:07.100361641Z: [    5.785323] tsc: Refined TSC clocksource calibration: 2300.046 MHz
[STDOUT  ] 2017-08-09T14:06:07.101179392Z: [    5.785865] clocksource: tsc: mask: 0xffffffffffffffff max_cycles: 0x2127609b296, max_idle_ns: 440795270637 ns
[STDOUT  ] 2017-08-09T14:06:08.112955438Z: [    6.797660] clocksource: Switched to clocksource tsc
[STDOUT  ] 2017-08-09T14:06:12.817829465Z: 
[STDOUT  ] 2017-08-09T14:06:12.818398984Z: Welcome to LinuxKit
[STDOUT  ] 2017-08-09T14:06:12.818500391Z: 
[STDOUT  ] 2017-08-09T14:06:12.818848805Z:                         ##         .
[STDOUT  ] 2017-08-09T14:06:12.819198261Z:                   ## ## ##        ==
[STDOUT  ] 2017-08-09T14:06:12.819560129Z:                ## ## ## ## ##    ===
[STDOUT  ] 2017-08-09T14:06:12.81991733Z:            /"""""""""""""""""\___/ ===
[STDOUT  ] 2017-08-09T14:06:12.820289304Z:           {                       /  ===-
[STDOUT  ] 2017-08-09T14:06:12.820623121Z:            \______ O           __/
[STDOUT  ] 2017-08-09T14:06:12.820934776Z:              \    \         __/
[STDOUT  ] 2017-08-09T14:06:12.821230219Z:               \____\_______/
[STDOUT  ] 2017-08-09T14:06:12.821312927Z: 
[STDOUT  ] 2017-08-09T14:06:15.544150481Z: [   14.229328]  sda:
[STDOUT  ] 2017-08-09T14:06:15.599373256Z: [   14.284511]  sda:
[STDOUT  ] 2017-08-09T14:06:15.624380573Z: [   14.309516]  sda: sda1
[STDOUT  ] 2017-08-09T14:06:15.684918065Z: [   14.369939]  sda: sda1
[STDERR  ] 2017-08-09T14:06:38.578374209Z: main-loop: WARNING: I/O thread spun for 1000 iterations
[STDOUT  ] 2017-08-09T14:06:38.723143115Z: [   37.407792] EXT4-fs (sda1): couldn't mount as ext3 due to feature incompatibilities
[STDOUT  ] 2017-08-09T14:06:38.730985324Z: [   37.415673] EXT4-fs (sda1): couldn't mount as ext2 due to feature incompatibilities
[STDOUT  ] 2017-08-09T14:06:38.781279827Z: [   37.465935] EXT4-fs (sda1): mounted filesystem with ordered data mode. Opts: (null)
[STDOUT  ] 2017-08-09T14:06:40.024081822Z: /mnt is device /dev/sda1
[STDOUT  ] 2017-08-09T14:06:40.063972057Z: [   38.748753] extlinux: sending ioctl 4c05 to a partition!
[STDOUT  ] 2017-08-09T14:06:40.06449034Z: [   38.749343] extlinux: sending ioctl 4c03 to a partition!
[STDOUT  ] 2017-08-09T14:06:40.676501912Z: [   39.361299] umount: sending ioctl 4c01 to a partition!
[STDOUT  ] 2017-08-09T14:06:40.697121211Z: 1+0 records in
[STDOUT  ] 2017-08-09T14:06:40.697353879Z: 1+0 records out
[STDOUT  ] 2017-08-09T14:06:40.730757875Z: The bootable flag on partition 1 is enabled now.
[STDOUT  ] 2017-08-09T14:06:40.740151426Z: [   39.425184]  sda: sda1
[STDOUT  ] 2017-08-09T14:06:40.759292676Z: 
[STDOUT  ] 2017-08-09T14:06:40.759664506Z: The partition table has been altered.
[STDOUT  ] 2017-08-09T14:06:40.760054374Z: Calling ioctl() to re-read partition table.
[STDOUT  ] 2017-08-09T14:06:40.760232661Z: Syncing disks.
[STDOUT  ] 2017-08-09T14:07:12.158766017Z: [   70.842827] sd 1:0:0:0: [sdb] Synchronizing SCSI cache
[STDOUT  ] 2017-08-09T14:07:12.160004844Z: [   70.844534] sd 1:0:0:0: [sdb] Stopping disk
[STDOUT  ] 2017-08-09T14:07:12.161445105Z: [   70.845871] sd 0:0:0:0: [sda] Synchronizing SCSI cache
[STDOUT  ] 2017-08-09T14:07:12.162362613Z: [   70.846909] sd 0:0:0:0: [sda] Stopping disk
[STDOUT  ] 2017-08-09T14:07:12.167878953Z: [   70.852247] ACPI: Preparing to enter system sleep state S5
[STDOUT  ] 2017-08-09T14:07:12.169677149Z: [   70.854400] reboot: Power down
[STDERR  ] 2017-08-09T14:07:12.31409806Z: + linuxkit run qemu disk.qcow2
[STDERR  ] 2017-08-09T14:07:12.340652994Z: Using existing disk [disk.qcow2] format 
[STDOUT  ] 2017-08-09T14:07:15.851903823Z: [    0.000000] Linux version 4.9.41-linuxkit (root@e1ede117fb1e) (gcc version 6.3.0 (Alpine 6.3.0) ) #1 SMP Tue Aug 8 12:44:06 UTC 2017
[STDOUT  ] 2017-08-09T14:07:15.852471652Z: [    0.000000] Command line: BOOT_IMAGE=/kernel console=ttyS0 initrd=/initrd.img
[STDOUT  ] 2017-08-09T14:07:15.852774293Z: [    0.000000] x86/fpu: Legacy x87 FPU detected.
[STDOUT  ] 2017-08-09T14:07:15.853087696Z: [    0.000000] x86/fpu: Using 'eager' FPU context switches.
[STDOUT  ] 2017-08-09T14:07:15.853443732Z: [    0.000000] e820: BIOS-provided physical RAM map:
[STDOUT  ] 2017-08-09T14:07:15.853991721Z: [    0.000000] BIOS-e820: [mem 0x0000000000000000-0x000000000009fbff] usable
[STDOUT  ] 2017-08-09T14:07:15.854536269Z: [    0.000000] BIOS-e820: [mem 0x000000000009fc00-0x000000000009ffff] reserved
[STDOUT  ] 2017-08-09T14:07:15.855077759Z: [    0.000000] BIOS-e820: [mem 0x00000000000f0000-0x00000000000fffff] reserved
[STDOUT  ] 2017-08-09T14:07:15.855609244Z: [    0.000000] BIOS-e820: [mem 0x0000000000100000-0x000000003ffdefff] usable
[STDOUT  ] 2017-08-09T14:07:15.856153693Z: [    0.000000] BIOS-e820: [mem 0x000000003ffdf000-0x000000003fffffff] reserved
[STDOUT  ] 2017-08-09T14:07:15.856708628Z: [    0.000000] BIOS-e820: [mem 0x00000000b0000000-0x00000000bfffffff] reserved
[STDOUT  ] 2017-08-09T14:07:15.857253885Z: [    0.000000] BIOS-e820: [mem 0x00000000fed1c000-0x00000000fed1ffff] reserved
[STDOUT  ] 2017-08-09T14:07:15.857816659Z: [    0.000000] BIOS-e820: [mem 0x00000000fffc0000-0x00000000ffffffff] reserved
[STDOUT  ] 2017-08-09T14:07:15.85821141Z: [    0.000000] NX (Execute Disable) protection: active
[STDOUT  ] 2017-08-09T14:07:15.858486074Z: [    0.000000] SMBIOS 2.8 present.
[STDOUT  ] 2017-08-09T14:07:15.85896175Z: [    0.000000] e820: last_pfn = 0x3ffdf max_arch_pfn = 0x400000000
[STDOUT  ] 2017-08-09T14:07:15.859509863Z: [    0.000000] x86/PAT: Configuration [0-7]: WB  WC  UC- UC  WB  WC  UC- WT  
[STDOUT  ] 2017-08-09T14:07:15.86017449Z: [    0.000000] found SMP MP-table at [mem 0x000f6aa0-0x000f6aaf] mapped at [ffff90ae400f6aa0]
[STDOUT  ] 2017-08-09T14:07:15.860540426Z: [    0.000000] RAMDISK: [mem 0x3ef4e000-0x3ffdefff]
[STDOUT  ] 2017-08-09T14:07:15.860975427Z: [    0.000000] ACPI: Early table checksum verification disabled
[STDOUT  ] 2017-08-09T14:07:15.861400775Z: [    0.000000] ACPI: RSDP 0x00000000000F68C0 000014 (v00 BOCHS )
[STDOUT  ] 2017-08-09T14:07:15.862024643Z: [    0.000000] ACPI: RSDT 0x000000003FFE2404 000034 (v01 BOCHS  BXPCRSDT 00000001 BXPC 00000001)
[STDOUT  ] 2017-08-09T14:07:15.862638647Z: [    0.000000] ACPI: FACP 0x000000003FFE22A4 000074 (v01 BOCHS  BXPCFACP 00000001 BXPC 00000001)
[STDOUT  ] 2017-08-09T14:07:15.863263555Z: [    0.000000] ACPI: DSDT 0x000000003FFE0040 002264 (v01 BOCHS  BXPCDSDT 00000001 BXPC 00000001)
[STDOUT  ] 2017-08-09T14:07:15.863609184Z: [    0.000000] ACPI: FACS 0x000000003FFE0000 000040
[STDOUT  ] 2017-08-09T14:07:15.864213717Z: [    0.000000] ACPI: APIC 0x000000003FFE2318 000078 (v01 BOCHS  BXPCAPIC 00000001 BXPC 00000001)
[STDOUT  ] 2017-08-09T14:07:15.864819977Z: [    0.000000] ACPI: HPET 0x000000003FFE2390 000038 (v01 BOCHS  BXPCHPET 00000001 BXPC 00000001)
[STDOUT  ] 2017-08-09T14:07:15.86542581Z: [    0.000000] ACPI: MCFG 0x000000003FFE23C8 00003C (v01 BOCHS  BXPCMCFG 00000001 BXPC 00000001)
[STDOUT  ] 2017-08-09T14:07:15.865631868Z: [    0.000000] Zone ranges:
[STDOUT  ] 2017-08-09T14:07:15.866104628Z: [    0.000000]   DMA      [mem 0x0000000000001000-0x0000000000ffffff]
[STDOUT  ] 2017-08-09T14:07:15.866564086Z: [    0.000000]   DMA32    [mem 0x0000000001000000-0x000000003ffdefff]
[STDOUT  ] 2017-08-09T14:07:15.866792449Z: [    0.000000]   Normal   empty
[STDOUT  ] 2017-08-09T14:07:15.867112154Z: [    0.000000] Movable zone start for each node
[STDOUT  ] 2017-08-09T14:07:15.867425794Z: [    0.000000] Early memory node ranges
[STDOUT  ] 2017-08-09T14:07:15.867896525Z: [    0.000000]   node   0: [mem 0x0000000000001000-0x000000000009efff]
[STDOUT  ] 2017-08-09T14:07:15.868388043Z: [    0.000000]   node   0: [mem 0x0000000000100000-0x000000003ffdefff]
[STDOUT  ] 2017-08-09T14:07:15.868899427Z: [    0.000000] Initmem setup node 0 [mem 0x0000000000001000-0x000000003ffdefff]
[STDOUT  ] 2017-08-09T14:07:15.869209354Z: [    0.000000] ACPI: PM-Timer IO Port: 0x608
[STDOUT  ] 2017-08-09T14:07:15.869636854Z: [    0.000000] ACPI: LAPIC_NMI (acpi_id[0xff] dfl dfl lint[0x1])
[STDOUT  ] 2017-08-09T14:07:15.870133333Z: [    0.000000] IOAPIC[0]: apic_id 0, version 32, address 0xfec00000, GSI 0-23
[STDOUT  ] 2017-08-09T14:07:15.870594547Z: [    0.000000] ACPI: INT_SRC_OVR (bus 0 bus_irq 0 global_irq 2 dfl dfl)
[STDOUT  ] 2017-08-09T14:07:15.871091381Z: [    0.000000] ACPI: INT_SRC_OVR (bus 0 bus_irq 5 global_irq 5 high level)
[STDOUT  ] 2017-08-09T14:07:15.871572344Z: [    0.000000] ACPI: INT_SRC_OVR (bus 0 bus_irq 9 global_irq 9 high level)
[STDOUT  ] 2017-08-09T14:07:15.872065865Z: [    0.000000] ACPI: INT_SRC_OVR (bus 0 bus_irq 10 global_irq 10 high level)
[STDOUT  ] 2017-08-09T14:07:15.872554871Z: [    0.000000] ACPI: INT_SRC_OVR (bus 0 bus_irq 11 global_irq 11 high level)
[STDOUT  ] 2017-08-09T14:07:15.872998328Z: [    0.000000] Using ACPI (MADT) for SMP configuration information
[STDOUT  ] 2017-08-09T14:07:15.87337912Z: [    0.000000] ACPI: HPET id: 0x8086a201 base: 0xfed00000
[STDOUT  ] 2017-08-09T14:07:15.873749325Z: [    0.000000] smpboot: Allowing 1 CPUs, 0 hotplug CPUs
[STDOUT  ] 2017-08-09T14:07:15.874228041Z: [    0.000000] e820: [mem 0x40000000-0xafffffff] available for PCI devices
[STDOUT  ] 2017-08-09T14:07:15.874635723Z: [    0.000000] Booting paravirtualized kernel on bare hardware
[STDOUT  ] 2017-08-09T14:07:15.875372621Z: [    0.000000] clocksource: refined-jiffies: mask: 0xffffffff max_cycles: 0xffffffff, max_idle_ns: 19112604462750000 ns
[STDOUT  ] 2017-08-09T14:07:15.875932382Z: [    0.000000] setup_percpu: NR_CPUS:128 nr_cpumask_bits:128 nr_cpu_ids:1 nr_node_ids:1
[STDOUT  ] 2017-08-09T14:07:15.876524497Z: [    0.000000] percpu: Embedded 35 pages/cpu @ffff90ae7ec00000 s105240 r8192 d29928 u2097152
[STDOUT  ] 2017-08-09T14:07:15.877097019Z: [    0.000000] Built 1 zonelists in Zone order, mobility grouping on.  Total pages: 257896
[STDOUT  ] 2017-08-09T14:07:15.877683837Z: [    0.000000] Kernel command line: BOOT_IMAGE=/kernel console=ttyS0 initrd=/initrd.img
[STDOUT  ] 2017-08-09T14:07:15.878129512Z: [    0.000000] PID hash table entries: 4096 (order: 3, 32768 bytes)
[STDOUT  ] 2017-08-09T14:07:15.878645064Z: [    0.000000] Dentry cache hash table entries: 131072 (order: 8, 1048576 bytes)
[STDOUT  ] 2017-08-09T14:07:15.879141215Z: [    0.000000] Inode-cache hash table entries: 65536 (order: 7, 524288 bytes)
[STDOUT  ] 2017-08-09T14:07:15.88008456Z: [    0.000000] Memory: 997208K/1048052K available (8028K kernel code, 1366K rwdata, 2696K rodata, 1380K init, 568K bss, 50844K reserved, 0K cma-reserved)
[STDOUT  ] 2017-08-09T14:07:15.880410584Z: [    0.000000] Hierarchical RCU implementation.
[STDOUT  ] 2017-08-09T14:07:15.880801835Z: [    0.000000] 	Build-time adjustment of leaf fanout to 64.
[STDOUT  ] 2017-08-09T14:07:15.881275818Z: [    0.000000] 	RCU restricting CPUs from NR_CPUS=128 to nr_cpu_ids=1.
[STDOUT  ] 2017-08-09T14:07:15.881767389Z: [    0.000000] RCU: Adjusting geometry for rcu_fanout_leaf=64, nr_cpu_ids=1
[STDOUT  ] 2017-08-09T14:07:15.88206086Z: [    0.000000] NR_IRQS:8448 nr_irqs:256 16
[STDOUT  ] 2017-08-09T14:07:15.882348084Z: [    0.000000] Console: colour VGA+ 80x25
[STDOUT  ] 2017-08-09T14:07:15.882774102Z: [    0.000000] console [ttyS0] enabled
[STDOUT  ] 2017-08-09T14:07:15.88643686Z: [    0.000000] clocksource: hpet: mask: 0xffffffff max_cycles: 0xffffffff, max_idle_ns: 19112604467 ns
[STDOUT  ] 2017-08-09T14:07:15.930741857Z: [    0.000000] tsc: Fast TSC calibration using PIT
[STDOUT  ] 2017-08-09T14:07:15.931448351Z: [    0.000000] tsc: Detected 2300.079 MHz processor
[STDOUT  ] 2017-08-09T14:07:15.934131596Z: [    0.021493] Calibrating delay loop (skipped), value calculated using timer frequency.. 4600.15 BogoMIPS (lpj=23000790)
[STDOUT  ] 2017-08-09T14:07:15.934650826Z: [    0.022675] pid_max: default: 32768 minimum: 301
[STDOUT  ] 2017-08-09T14:07:15.935626313Z: [    0.023696] ACPI: Core revision 20160831
[STDOUT  ] 2017-08-09T14:07:15.980580024Z: [    0.072194] ACPI: 1 ACPI AML tables successfully acquired and loaded
[STDOUT  ] 2017-08-09T14:07:15.983984199Z: [    0.075850] Security Framework initialized
[STDOUT  ] 2017-08-09T14:07:15.984370121Z: [    0.076310] Yama: becoming mindful.
[STDOUT  ] 2017-08-09T14:07:15.986769326Z: [    0.078424] Mount-cache hash table entries: 2048 (order: 2, 16384 bytes)
[STDOUT  ] 2017-08-09T14:07:15.987448098Z: [    0.079067] Mountpoint-cache hash table entries: 2048 (order: 2, 16384 bytes)
[STDOUT  ] 2017-08-09T14:07:16.036325794Z: [    0.117418] Last level iTLB entries: 4KB 0, 2MB 0, 4MB 0
[STDOUT  ] 2017-08-09T14:07:16.037696261Z: [    0.118580] Last level dTLB entries: 4KB 0, 2MB 0, 4MB 0, 1GB 0
[STDOUT  ] 2017-08-09T14:07:16.349695246Z: [    0.431258] Freeing SMP alternatives memory: 20K (ffffffffa3eb0000 - ffffffffa3eb5000)
[STDOUT  ] 2017-08-09T14:07:16.35924773Z: [    0.440941] ftrace: allocating 35484 entries in 139 pages
[STDOUT  ] 2017-08-09T14:07:16.666969774Z: [    0.608755] smpboot: Max logical packages: 1
[STDOUT  ] 2017-08-09T14:07:16.672979506Z: [    0.614884] ..TIMER: vector=0x30 apic1=0 pin1=2 apic2=-1 pin2=-1
[STDOUT  ] 2017-08-09T14:07:16.889419738Z: [    0.720000] smpboot: CPU0: AMD QEMU Virtual CPU version 2.5+ (family: 0x6, model: 0x6, stepping: 0x3)
[STDOUT  ] 2017-08-09T14:07:16.890658279Z: [    0.720000] Performance Events: PMU not available due to virtualization, using software events only.
[STDOUT  ] 2017-08-09T14:07:16.907249965Z: [    0.728165] NMI watchdog: disabled (cpu0): hardware events not enabled
[STDOUT  ] 2017-08-09T14:07:16.90772819Z: [    0.728578] NMI watchdog: Shutting down hard lockup detector on all cpus
[STDOUT  ] 2017-08-09T14:07:16.910894337Z: [    0.730897] x86: Booted up 1 node, 1 CPUs
[STDOUT  ] 2017-08-09T14:07:16.911339509Z: [    0.731248] smpboot: Total of 1 processors activated (4600.15 BogoMIPS)
[STDOUT  ] 2017-08-09T14:07:16.926200536Z: [    0.747432] devtmpfs: initialized
[STDOUT  ] 2017-08-09T14:07:16.931463046Z: [    0.752668] x86/mm: Memory block size: 128MB
[STDOUT  ] 2017-08-09T14:07:16.99556882Z: [    0.816505] clocksource: jiffies: mask: 0xffffffff max_cycles: 0xffffffff, max_idle_ns: 19112604462750000 ns
[STDOUT  ] 2017-08-09T14:07:16.996161551Z: [    0.817284] futex hash table entries: 256 (order: 2, 16384 bytes)
[STDOUT  ] 2017-08-09T14:07:17.00457542Z: [    0.825741] NET: Registered protocol family 16
[STDOUT  ] 2017-08-09T14:07:17.013953748Z: [    0.835157] cpuidle: using governor ladder
[STDOUT  ] 2017-08-09T14:07:17.014336207Z: [    0.835560] cpuidle: using governor menu
[STDOUT  ] 2017-08-09T14:07:17.015444005Z: [    0.836660] ACPI: bus type PCI registered
[STDOUT  ] 2017-08-09T14:07:17.018448528Z: [    0.839405] PCI: MMCONFIG for domain 0000 [bus 00-ff] at [mem 0xb0000000-0xbfffffff] (base 0xb0000000)
[STDOUT  ] 2017-08-09T14:07:17.019139327Z: [    0.840214] PCI: MMCONFIG at [mem 0xb0000000-0xbfffffff] reserved in E820
[STDOUT  ] 2017-08-09T14:07:17.020312579Z: [    0.841455] PCI: Using configuration type 1 for base access
[STDOUT  ] 2017-08-09T14:07:17.077183551Z: [    0.898309] HugeTLB registered 2 MB page size, pre-allocated 0 pages
[STDOUT  ] 2017-08-09T14:07:17.088229479Z: [    0.909434] ACPI: Added _OSI(Module Device)
[STDOUT  ] 2017-08-09T14:07:17.088562951Z: [    0.909738] ACPI: Added _OSI(Processor Device)
[STDOUT  ] 2017-08-09T14:07:17.089023853Z: [    0.910062] ACPI: Added _OSI(3.0 _SCP Extensions)
[STDOUT  ] 2017-08-09T14:07:17.089325936Z: [    0.910363] ACPI: Added _OSI(Processor Aggregator Device)
[STDOUT  ] 2017-08-09T14:07:17.165700898Z: [    0.986920] ACPI: Interpreter enabled
[STDOUT  ] 2017-08-09T14:07:17.166461526Z: [    0.987732] ACPI: (supports S0 S5)
[STDOUT  ] 2017-08-09T14:07:17.166811525Z: [    0.988012] ACPI: Using IOAPIC for interrupt routing
[STDOUT  ] 2017-08-09T14:07:17.169074518Z: [    0.989861] PCI: Using host bridge windows from ACPI; if necessary, use "pci=nocrs" and report a bug
[STDOUT  ] 2017-08-09T14:07:17.234267222Z: [    1.055440] ACPI: PCI Root Bridge [PCI0] (domain 0000 [bus 00-ff])
[STDOUT  ] 2017-08-09T14:07:17.235250284Z: [    1.056349] acpi PNP0A08:00: _OSC: OS supports [ExtendedConfig ASPM ClockPM Segments MSI]
[STDOUT  ] 2017-08-09T14:07:17.241378941Z: [    1.062481] acpi PNP0A08:00: _OSC: OS now controls [PCIeHotplug PME PCIeCapability]
[STDOUT  ] 2017-08-09T14:07:17.244909735Z: [    1.066201] PCI host bridge to bus 0000:00
[STDOUT  ] 2017-08-09T14:07:17.245432005Z: [    1.066584] pci_bus 0000:00: root bus resource [io  0x0000-0x0cf7 window]
[STDOUT  ] 2017-08-09T14:07:17.245852553Z: [    1.067001] pci_bus 0000:00: root bus resource [io  0x0d00-0xffff window]
[STDOUT  ] 2017-08-09T14:07:17.246261641Z: [    1.067397] pci_bus 0000:00: root bus resource [mem 0x000a0000-0x000bffff window]
[STDOUT  ] 2017-08-09T14:07:17.246688301Z: [    1.067809] pci_bus 0000:00: root bus resource [mem 0xc0000000-0xfebfffff window]
[STDOUT  ] 2017-08-09T14:07:17.24712637Z: [    1.068343] pci_bus 0000:00: root bus resource [bus 00-ff]
[STDOUT  ] 2017-08-09T14:07:17.353123101Z: [    1.172390] pci 0000:00:1f.0: quirk: [io  0x0600-0x067f] claimed by ICH6 ACPI/GPIO/TCO
[STDOUT  ] 2017-08-09T14:07:17.413848971Z: [    1.234257] ACPI: PCI Interrupt Link [LNKA] (IRQs 5 *10 11)
[STDOUT  ] 2017-08-09T14:07:17.415807286Z: [    1.236347] ACPI: PCI Interrupt Link [LNKB] (IRQs 5 *10 11)
[STDOUT  ] 2017-08-09T14:07:17.417621884Z: [    1.238123] ACPI: PCI Interrupt Link [LNKC] (IRQs 5 10 *11)
[STDOUT  ] 2017-08-09T14:07:17.419561982Z: [    1.240680] ACPI: PCI Interrupt Link [LNKD] (IRQs 5 10 *11)
[STDOUT  ] 2017-08-09T14:07:17.421330557Z: [    1.242457] ACPI: PCI Interrupt Link [LNKE] (IRQs 5 *10 11)
[STDOUT  ] 2017-08-09T14:07:17.423091098Z: [    1.244221] ACPI: PCI Interrupt Link [LNKF] (IRQs 5 *10 11)
[STDOUT  ] 2017-08-09T14:07:17.424770628Z: [    1.245899] ACPI: PCI Interrupt Link [LNKG] (IRQs 5 10 *11)
[STDOUT  ] 2017-08-09T14:07:17.426970038Z: [    1.248101] ACPI: PCI Interrupt Link [LNKH] (IRQs 5 10 *11)
[STDOUT  ] 2017-08-09T14:07:17.427715286Z: [    1.248904] ACPI: PCI Interrupt Link [GSIA] (IRQs *16)
[STDOUT  ] 2017-08-09T14:07:17.428279729Z: [    1.249485] ACPI: PCI Interrupt Link [GSIB] (IRQs *17)
[STDOUT  ] 2017-08-09T14:07:17.428978499Z: [    1.250200] ACPI: PCI Interrupt Link [GSIC] (IRQs *18)
[STDOUT  ] 2017-08-09T14:07:17.429551385Z: [    1.250771] ACPI: PCI Interrupt Link [GSID] (IRQs *19)
[STDOUT  ] 2017-08-09T14:07:17.430113579Z: [    1.251341] ACPI: PCI Interrupt Link [GSIE] (IRQs *20)
[STDOUT  ] 2017-08-09T14:07:17.430683541Z: [    1.251902] ACPI: PCI Interrupt Link [GSIF] (IRQs *21)
[STDOUT  ] 2017-08-09T14:07:17.4312522Z: [    1.252471] ACPI: PCI Interrupt Link [GSIG] (IRQs *22)
[STDOUT  ] 2017-08-09T14:07:17.431822636Z: [    1.253045] ACPI: PCI Interrupt Link [GSIH] (IRQs *23)
[STDOUT  ] 2017-08-09T14:07:17.4355345Z: [    1.256753] ACPI: Enabled 2 GPEs in block 00 to 3F
[STDOUT  ] 2017-08-09T14:07:17.439925661Z: [    1.261213] SCSI subsystem initialized
[STDOUT  ] 2017-08-09T14:07:17.441704939Z: [    1.263006] ACPI: bus type USB registered
[STDOUT  ] 2017-08-09T14:07:17.442823314Z: [    1.264064] usbcore: registered new interface driver usbfs
[STDOUT  ] 2017-08-09T14:07:17.443646834Z: [    1.264920] usbcore: registered new interface driver hub
[STDOUT  ] 2017-08-09T14:07:17.444368635Z: [    1.265637] usbcore: registered new device driver usb
[STDOUT  ] 2017-08-09T14:07:17.445501634Z: [    1.266814] pps_core: LinuxPPS API ver. 1 registered
[STDOUT  ] 2017-08-09T14:07:17.445924204Z: [    1.267071] pps_core: Software ver. 5.3.6 - Copyright 2005-2007 Rodolfo Giometti <giometti@linux.it>
[STDOUT  ] 2017-08-09T14:07:17.446265347Z: [    1.267622] PTP clock support registered
[STDOUT  ] 2017-08-09T14:07:17.447301228Z: [    1.268687] wmi: Mapper loaded
[STDOUT  ] 2017-08-09T14:07:17.448550085Z: [    1.269788] PCI: Using ACPI for IRQ routing
[STDOUT  ] 2017-08-09T14:07:17.467503218Z: [    1.288854] NetLabel: Initializing
[STDOUT  ] 2017-08-09T14:07:17.467790325Z: [    1.289098] NetLabel:  domain hash size = 128
[STDOUT  ] 2017-08-09T14:07:17.468082922Z: [    1.289362] NetLabel:  protocols = UNLABELED CIPSOv4
[STDOUT  ] 2017-08-09T14:07:17.470173652Z: [    1.291407] NetLabel:  unlabeled traffic allowed by default
[STDOUT  ] 2017-08-09T14:07:17.471210044Z: [    1.292364] HPET: 3 timers in total, 0 timers will be used for per-cpu timer
[STDOUT  ] 2017-08-09T14:07:17.471966472Z: [    1.293052] hpet0: at MMIO 0xfed00000, IRQs 2, 8, 0
[STDOUT  ] 2017-08-09T14:07:17.472306962Z: [    1.293531] hpet0: 3 comparators, 64-bit 100.000000 MHz counter
[STDOUT  ] 2017-08-09T14:07:17.484577459Z: [    1.305626] clocksource: Switched to clocksource hpet
[STDOUT  ] 2017-08-09T14:07:17.766997964Z: [    1.582687] VFS: Disk quotas dquot_6.6.0
[STDOUT  ] 2017-08-09T14:07:17.767792826Z: [    1.583376] VFS: Dquot-cache hash table entries: 512 (order 0, 4096 bytes)
[STDOUT  ] 2017-08-09T14:07:17.770440402Z: [    1.586209] FS-Cache: Loaded
[STDOUT  ] 2017-08-09T14:07:17.775893782Z: [    1.591659] CacheFiles: Loaded
[STDOUT  ] 2017-08-09T14:07:17.777515852Z: [    1.593252] pnp: PnP ACPI init
[STDOUT  ] 2017-08-09T14:07:17.789104631Z: [    1.604797] pnp: PnP ACPI: found 5 devices
[STDOUT  ] 2017-08-09T14:07:17.842230743Z: [    1.657726] clocksource: acpi_pm: mask: 0xffffff max_cycles: 0xffffff, max_idle_ns: 2085701024 ns
[STDOUT  ] 2017-08-09T14:07:17.845144911Z: [    1.660857] NET: Registered protocol family 2
[STDOUT  ] 2017-08-09T14:07:17.85292631Z: [    1.668502] TCP established hash table entries: 8192 (order: 4, 65536 bytes)
[STDOUT  ] 2017-08-09T14:07:17.853560272Z: [    1.669150] TCP bind hash table entries: 8192 (order: 5, 131072 bytes)
[STDOUT  ] 2017-08-09T14:07:17.854209572Z: [    1.669767] TCP: Hash tables configured (established 8192 bind 8192)
[STDOUT  ] 2017-08-09T14:07:17.856196025Z: [    1.671810] UDP hash table entries: 512 (order: 2, 16384 bytes)
[STDOUT  ] 2017-08-09T14:07:17.856716627Z: [    1.672323] UDP-Lite hash table entries: 512 (order: 2, 16384 bytes)
[STDOUT  ] 2017-08-09T14:07:17.858973915Z: [    1.674662] NET: Registered protocol family 1
[STDOUT  ] 2017-08-09T14:07:17.860058638Z: [    1.675555] pci 0000:00:01.0: Video device with shadowed ROM at [mem 0x000c0000-0x000dffff]
[STDOUT  ] 2017-08-09T14:07:17.868233656Z: [    1.683967] Unpacking initramfs...
[STDOUT  ] 2017-08-09T14:07:20.169261657Z: [    3.984804] Freeing initrd memory: 16964K (ffff90ae7ef4e000 - ffff90ae7ffdf000)
[STDOUT  ] 2017-08-09T14:07:20.193753962Z: [    4.009402] PCLMULQDQ-NI instructions are not detected.
[STDOUT  ] 2017-08-09T14:07:20.195268296Z: [    4.010903] AVX or AES-NI instructions are not detected.
[STDOUT  ] 2017-08-09T14:07:20.195650267Z: [    4.011323] CPU feature 'AVX registers' is not supported.
[STDOUT  ] 2017-08-09T14:07:20.196003556Z: [    4.011671] CPU feature 'AVX registers' is not supported.
[STDOUT  ] 2017-08-09T14:07:20.196349727Z: [    4.012021] CPU feature 'AVX registers' is not supported.
[STDOUT  ] 2017-08-09T14:07:20.196691921Z: [    4.012360] CPU feature 'AVX registers' is not supported.
[STDOUT  ] 2017-08-09T14:07:20.197036169Z: [    4.012701] AVX2 or AES-NI instructions are not detected.
[STDOUT  ] 2017-08-09T14:07:20.197342591Z: [    4.013043] AVX2 instructions are not detected.
[STDOUT  ] 2017-08-09T14:07:20.203166004Z: [    4.018787] audit: initializing netlink subsys (disabled)
[STDOUT  ] 2017-08-09T14:07:20.20554118Z: [    4.021152] audit: type=2000 audit(1502287639.010:1): initialized
[STDOUT  ] 2017-08-09T14:07:20.2128607Z: [    4.028441] workingset: timestamp_bits=46 max_order=18 bucket_order=0
[STDOUT  ] 2017-08-09T14:07:20.221756014Z: [    4.037377] FS-Cache: Netfs 'cifs' registered for caching
[STDOUT  ] 2017-08-09T14:07:20.222526981Z: [    4.038249] fuse init (API version 7.26)
[STDOUT  ] 2017-08-09T14:07:20.225283448Z: [    4.040875] SGI XFS with ACLs, security attributes, no debug enabled
[STDOUT  ] 2017-08-09T14:07:20.228874992Z: [    4.044497] 9p: Installing v9fs 9p2000 file system support
[STDOUT  ] 2017-08-09T14:07:20.229301719Z: [    4.044951] FS-Cache: Netfs '9p' registered for caching
[STDOUT  ] 2017-08-09T14:07:20.261763049Z: [    4.077432] NET: Registered protocol family 38
[STDOUT  ] 2017-08-09T14:07:20.262268343Z: [    4.077977] Key type asymmetric registered
[STDOUT  ] 2017-08-09T14:07:20.262613516Z: [    4.078301] Asymmetric key parser 'x509' registered
[STDOUT  ] 2017-08-09T14:07:20.263526164Z: [    4.079064] Block layer SCSI generic (bsg) driver version 0.4 loaded (major 251)
[STDOUT  ] 2017-08-09T14:07:20.265103081Z: [    4.080813] io scheduler noop registered
[STDOUT  ] 2017-08-09T14:07:20.265455791Z: [    4.081120] io scheduler deadline registered (default)
[STDOUT  ] 2017-08-09T14:07:20.265954113Z: [    4.081684] io scheduler cfq registered
[STDOUT  ] 2017-08-09T14:07:20.268840936Z: [    4.084464] pci_hotplug: PCI Hot Plug PCI Core version: 0.5
[STDOUT  ] 2017-08-09T14:07:20.26941374Z: [    4.085030] pciehp: PCI Express Hot Plug Controller Driver version: 0.4
[STDOUT  ] 2017-08-09T14:07:20.270767108Z: [    4.085789] shpchp: Standard Hot Plug PCI Controller Driver version: 0.4
[STDOUT  ] 2017-08-09T14:07:20.270796154Z: [    4.086456] hv_vmbus: registering driver hyperv_fb
[STDOUT  ] 2017-08-09T14:07:20.275189255Z: [    4.089771] input: Power Button as /devices/LNXSYSTM:00/LNXPWRBN:00/input/input0
[STDOUT  ] 2017-08-09T14:07:20.276401567Z: [    4.092074] ACPI: Power Button [PWRF]
[STDOUT  ] 2017-08-09T14:07:20.281624666Z: [    4.097276] GHES: HEST is not enabled!
[STDOUT  ] 2017-08-09T14:07:20.293716744Z: [    4.109266] ACPI: PCI Interrupt Link [GSIG] enabled at IRQ 22
[STDOUT  ] 2017-08-09T14:07:20.30696732Z: [    4.122512] ACPI: PCI Interrupt Link [GSIH] enabled at IRQ 23
[STDOUT  ] 2017-08-09T14:07:20.31089005Z: [    4.126421] xenfs: not registering filesystem on non-xen platform
[STDOUT  ] 2017-08-09T14:07:20.312885737Z: [    4.128407] Serial: 8250/16550 driver, 4 ports, IRQ sharing disabled
[STDOUT  ] 2017-08-09T14:07:20.342721188Z: [    4.158119] 00:04: ttyS0 at I/O 0x3f8 (irq = 4, base_baud = 115200) is a 16550A
[STDOUT  ] 2017-08-09T14:07:20.354299767Z: [    4.169860] Non-volatile memory driver v1.3
[STDOUT  ] 2017-08-09T14:07:20.36140288Z: [    4.176643] Hangcheck: starting hangcheck timer 0.9.1 (tick is 180 seconds, margin is 60 seconds).
[STDOUT  ] 2017-08-09T14:07:20.36489721Z: [    4.180588] random: fast init done
[STDOUT  ] 2017-08-09T14:07:20.36624431Z: [    4.181936] random: crng init done
[STDOUT  ] 2017-08-09T14:07:20.403635294Z: [    4.219157] loop: module loaded
[STDOUT  ] 2017-08-09T14:07:20.423705574Z: [    4.239284] nbd: registered device at major 43
[STDOUT  ] 2017-08-09T14:07:20.469892443Z: [    4.285333] lpc_ich 0000:00:1f.0: I/O space for GPIO uninitialized
[STDOUT  ] 2017-08-09T14:07:20.471730992Z: [    4.287314] VMware PVSCSI driver - version 1.0.7.0-k
[STDOUT  ] 2017-08-09T14:07:20.472526827Z: [    4.288120] hv_vmbus: registering driver hv_storvsc
[STDOUT  ] 2017-08-09T14:07:20.483453121Z: [    4.299006] ACPI: PCI Interrupt Link [GSIA] enabled at IRQ 16
[STDOUT  ] 2017-08-09T14:07:20.490038788Z: [    4.305432] ahci 0000:00:1f.2: AHCI 0001.0000 32 slots 6 ports 1.5 Gbps 0x3f impl SATA mode
[STDOUT  ] 2017-08-09T14:07:20.490543482Z: [    4.306150] ahci 0000:00:1f.2: flags: 64bit ncq only 
[STDOUT  ] 2017-08-09T14:07:20.512063023Z: [    4.327745] scsi host0: ahci
[STDOUT  ] 2017-08-09T14:07:20.516300981Z: [    4.331944] scsi host1: ahci
[STDOUT  ] 2017-08-09T14:07:20.518864504Z: [    4.334582] scsi host2: ahci
[STDOUT  ] 2017-08-09T14:07:20.521391742Z: [    4.337112] scsi host3: ahci
[STDOUT  ] 2017-08-09T14:07:20.5237399Z: [    4.339473] scsi host4: ahci
[STDOUT  ] 2017-08-09T14:07:20.526118807Z: [    4.341856] scsi host5: ahci
[STDOUT  ] 2017-08-09T14:07:20.528267374Z: [    4.343732] ata1: SATA max UDMA/133 abar m4096@0xfebd2000 port 0xfebd2100 irq 24
[STDOUT  ] 2017-08-09T14:07:20.528980743Z: [    4.344313] ata2: SATA max UDMA/133 abar m4096@0xfebd2000 port 0xfebd2180 irq 24
[STDOUT  ] 2017-08-09T14:07:20.529684874Z: [    4.345017] ata3: SATA max UDMA/133 abar m4096@0xfebd2000 port 0xfebd2200 irq 24
[STDOUT  ] 2017-08-09T14:07:20.530200999Z: [    4.345682] ata4: SATA max UDMA/133 abar m4096@0xfebd2000 port 0xfebd2280 irq 24
[STDOUT  ] 2017-08-09T14:07:20.530710778Z: [    4.346191] ata5: SATA max UDMA/133 abar m4096@0xfebd2000 port 0xfebd2300 irq 24
[STDOUT  ] 2017-08-09T14:07:20.53121482Z: [    4.346699] ata6: SATA max UDMA/133 abar m4096@0xfebd2000 port 0xfebd2380 irq 24
[STDOUT  ] 2017-08-09T14:07:20.544478011Z: [    4.359973] tun: Universal TUN/TAP device driver, 1.6
[STDOUT  ] 2017-08-09T14:07:20.54512625Z: [    4.360639] tun: (C) 1999-2004 Max Krasnyansky <maxk@qualcomm.com>
[STDOUT  ] 2017-08-09T14:07:20.556383652Z: [    4.371872] VMware vmxnet3 virtual NIC driver - version 1.4.a.0-k-NAPI
[STDOUT  ] 2017-08-09T14:07:20.557122989Z: [    4.372749] hv_vmbus: registering driver hv_netvsc
[STDOUT  ] 2017-08-09T14:07:20.557525492Z: [    4.373138] Fusion MPT base driver 3.04.20
[STDOUT  ] 2017-08-09T14:07:20.557882993Z: [    4.373515] Copyright (c) 1999-2008 LSI Corporation
[STDOUT  ] 2017-08-09T14:07:20.558429195Z: [    4.374081] Fusion MPT SPI Host driver 3.04.20
[STDOUT  ] 2017-08-09T14:07:20.56072322Z: [    4.376133] i8042: PNP: PS/2 Controller [PNP0303:KBD,PNP0f13:MOU] at 0x60,0x64 irq 1,12
[STDOUT  ] 2017-08-09T14:07:20.564850516Z: [    4.380457] serio: i8042 KBD port at 0x60,0x64 irq 1
[STDOUT  ] 2017-08-09T14:07:20.565480072Z: [    4.381089] serio: i8042 AUX port at 0x60,0x64 irq 12
[STDOUT  ] 2017-08-09T14:07:20.568523607Z: [    4.384107] hv_vmbus: registering driver hyperv_keyboard
[STDOUT  ] 2017-08-09T14:07:20.570613181Z: [    4.386182] mousedev: PS/2 mouse device common for all mice
[STDOUT  ] 2017-08-09T14:07:20.575748621Z: [    4.391127] input: AT Translated Set 2 keyboard as /devices/platform/i8042/serio0/input/input1
[STDOUT  ] 2017-08-09T14:07:20.578482615Z: [    4.393993] input: PC Speaker as /devices/platform/pcspkr/input/input2
[STDOUT  ] 2017-08-09T14:07:20.581828664Z: [    4.397450] rtc_cmos 00:00: RTC can wake from S4
[STDOUT  ] 2017-08-09T14:07:20.585452624Z: [    4.400991] rtc_cmos 00:00: rtc core: registered rtc_cmos as rtc0
[STDOUT  ] 2017-08-09T14:07:20.586751327Z: [    4.402206] rtc_cmos 00:00: alarms up to one day, y3k, 114 bytes nvram, hpet irqs
[STDOUT  ] 2017-08-09T14:07:20.587221864Z: [    4.402933] i2c /dev entries driver
[STDOUT  ] 2017-08-09T14:07:20.589382729Z: [    4.404773] device-mapper: ioctl: 4.35.0-ioctl (2016-06-23) initialised: dm-devel@redhat.com
[STDOUT  ] 2017-08-09T14:07:20.593940485Z: [    4.409502] usbcore: registered new interface driver usbhid
[STDOUT  ] 2017-08-09T14:07:20.59429612Z: [    4.409944] usbhid: USB HID core driver
[STDOUT  ] 2017-08-09T14:07:20.595321405Z: [    4.410839] hv_utils: Registering HyperV Utility Driver
[STDOUT  ] 2017-08-09T14:07:20.595674662Z: [    4.411319] hv_vmbus: registering driver hv_util
[STDOUT  ] 2017-08-09T14:07:20.596035438Z: [    4.411665] hv_vmbus: registering driver hv_balloon
[STDOUT  ] 2017-08-09T14:07:20.596510121Z: [    4.412185] oprofile: using NMI interrupt.
[STDOUT  ] 2017-08-09T14:07:20.597486152Z: [    4.413164] GACT probability on
[STDOUT  ] 2017-08-09T14:07:20.597993198Z: [    4.413688] Mirror/redirect action on
[STDOUT  ] 2017-08-09T14:07:20.598845646Z: [    4.414551] Simple TC action Loaded
[STDOUT  ] 2017-08-09T14:07:20.599346322Z: [    4.415104] u32 classifier
[STDOUT  ] 2017-08-09T14:07:20.599638553Z: [    4.415332]     Performance counters on
[STDOUT  ] 2017-08-09T14:07:20.599915398Z: [    4.415621]     input device check on
[STDOUT  ] 2017-08-09T14:07:20.600175821Z: [    4.415897]     Actions configured
[STDOUT  ] 2017-08-09T14:07:20.600829425Z: [    4.416434] Netfilter messages via NETLINK v0.30.
[STDOUT  ] 2017-08-09T14:07:20.601393384Z: [    4.417022] nfnl_acct: registering with nfnetlink.
[STDOUT  ] 2017-08-09T14:07:20.602986252Z: [    4.418538] nf_conntrack version 0.5.0 (8192 buckets, 32768 max)
[STDOUT  ] 2017-08-09T14:07:20.606250611Z: [    4.421834] ctnetlink v0.93: registering with nfnetlink.
[STDOUT  ] 2017-08-09T14:07:20.609456104Z: [    4.424964] nf_tables: (c) 2007-2009 Patrick McHardy <kaber@trash.net>
[STDOUT  ] 2017-08-09T14:07:20.610331871Z: [    4.425809] nf_tables_compat: (c) 2012 Pablo Neira Ayuso <pablo@netfilter.org>
[STDOUT  ] 2017-08-09T14:07:20.612481453Z: [    4.428127] xt_time: kernel timezone is -0000
[STDOUT  ] 2017-08-09T14:07:20.612947152Z: [    4.428681] ip_set: protocol 6
[STDOUT  ] 2017-08-09T14:07:20.613742294Z: [    4.429295] IPVS: Registered protocols (TCP, UDP, SCTP, AH, ESP)
[STDOUT  ] 2017-08-09T14:07:20.614495792Z: [    4.429893] IPVS: Connection hash table configured (size=4096, memory=64Kbytes)
[STDOUT  ] 2017-08-09T14:07:20.616321542Z: [    4.431955] IPVS: Creating netns size=2104 id=0
[STDOUT  ] 2017-08-09T14:07:20.618945803Z: [    4.434654] IPVS: ipvs loaded.
[STDOUT  ] 2017-08-09T14:07:20.619362225Z: [    4.435025] IPVS: [rr] scheduler registered.
[STDOUT  ] 2017-08-09T14:07:20.619729503Z: [    4.435390] IPVS: [wrr] scheduler registered.
[STDOUT  ] 2017-08-09T14:07:20.620049535Z: [    4.435718] IPVS: [lc] scheduler registered.
[STDOUT  ] 2017-08-09T14:07:20.620372869Z: [    4.436035] IPVS: [wlc] scheduler registered.
[STDOUT  ] 2017-08-09T14:07:20.620690613Z: [    4.436359] IPVS: [fo] scheduler registered.
[STDOUT  ] 2017-08-09T14:07:20.621016426Z: [    4.436676] IPVS: [ovf] scheduler registered.
[STDOUT  ] 2017-08-09T14:07:20.621458912Z: [    4.437109] IPVS: [lblc] scheduler registered.
[STDOUT  ] 2017-08-09T14:07:20.621898246Z: [    4.437546] IPVS: [lblcr] scheduler registered.
[STDOUT  ] 2017-08-09T14:07:20.6222334Z: [    4.437901] IPVS: [dh] scheduler registered.
[STDOUT  ] 2017-08-09T14:07:20.622551609Z: [    4.438223] IPVS: [sh] scheduler registered.
[STDOUT  ] 2017-08-09T14:07:20.622872912Z: [    4.438539] IPVS: [sed] scheduler registered.
[STDOUT  ] 2017-08-09T14:07:20.623186505Z: [    4.438859] IPVS: [nq] scheduler registered.
[STDOUT  ] 2017-08-09T14:07:20.62391579Z: [    4.439535] IPVS: ftp: loaded support on port[0] = 21
[STDOUT  ] 2017-08-09T14:07:20.625211123Z: [    4.440773] ipip: IPv4 and MPLS over IPv4 tunneling driver
[STDOUT  ] 2017-08-09T14:07:20.629449013Z: [    4.445051] gre: GRE over IPv4 demultiplexor driver
[STDOUT  ] 2017-08-09T14:07:20.632103178Z: [    4.447678] ip_tables: (C) 2000-2006 Netfilter Core Team
[STDOUT  ] 2017-08-09T14:07:20.635633728Z: [    4.451146] ipt_CLUSTERIP: ClusterIP Version 0.8 loaded successfully
[STDOUT  ] 2017-08-09T14:07:20.636308996Z: [    4.451875] arp_tables: arp_tables: (C) 2002 David S. Miller
[STDOUT  ] 2017-08-09T14:07:20.638546523Z: [    4.454177] NET: Registered protocol family 10
[STDOUT  ] 2017-08-09T14:07:20.647942856Z: [    4.463516] ip6_tables: (C) 2000-2006 Netfilter Core Team
[STDOUT  ] 2017-08-09T14:07:20.656284533Z: [    4.471910] NET: Registered protocol family 17
[STDOUT  ] 2017-08-09T14:07:20.657260958Z: [    4.472930] Bridge firewalling registered
[STDOUT  ] 2017-08-09T14:07:20.657783062Z: [    4.473484] Ebtables v2.0 registered
[STDOUT  ] 2017-08-09T14:07:20.659722707Z: [    4.475336] 8021q: 802.1Q VLAN Support v1.8
[STDOUT  ] 2017-08-09T14:07:20.661133763Z: [    4.476783] 9pnet: Installing 9P2000 support
[STDOUT  ] 2017-08-09T14:07:20.662659536Z: [    4.478311] Key type dns_resolver registered
[STDOUT  ] 2017-08-09T14:07:20.663646191Z: [    4.479239] microcode: AMD CPU family 0x6 not supported
[STDOUT  ] 2017-08-09T14:07:20.667571061Z: [    4.483170] registered taskstats version 1
[STDOUT  ] 2017-08-09T14:07:20.828778844Z: [    4.644320] Key type big_key registered
[STDOUT  ] 2017-08-09T14:07:20.868263896Z: [    4.683757] ata2: SATA link down (SStatus 0 SControl 300)
[STDOUT  ] 2017-08-09T14:07:20.870352297Z: [    4.685902] ata4: SATA link down (SStatus 0 SControl 300)
[STDOUT  ] 2017-08-09T14:07:20.871245662Z: [    4.686742] ata3: SATA link up 1.5 Gbps (SStatus 113 SControl 300)
[STDOUT  ] 2017-08-09T14:07:20.873964639Z: [    4.689471] ata1: SATA link up 1.5 Gbps (SStatus 113 SControl 300)
[STDOUT  ] 2017-08-09T14:07:20.87640441Z: [    4.691928] ata1.00: ATA-7: QEMU HARDDISK, 2.5+, max UDMA/100
[STDOUT  ] 2017-08-09T14:07:20.876944006Z: [    4.692436] ata1.00: 409600 sectors, multi 16: LBA48 NCQ (depth 31/32)
[STDOUT  ] 2017-08-09T14:07:20.87744243Z: [    4.693075] ata1.00: applying bridge limits
[STDOUT  ] 2017-08-09T14:07:20.879071691Z: [    4.694661] ata5: SATA link down (SStatus 0 SControl 300)
[STDOUT  ] 2017-08-09T14:07:20.87968907Z: [    4.695278] ata6: SATA link down (SStatus 0 SControl 300)
[STDOUT  ] 2017-08-09T14:07:20.880407527Z: [    4.695963] ata3.00: ATAPI: QEMU DVD-ROM, 2.5+, max UDMA/100
[STDOUT  ] 2017-08-09T14:07:20.880774631Z: [    4.696445] ata3.00: applying bridge limits
[STDOUT  ] 2017-08-09T14:07:20.881737241Z: [    4.697352] ata3.00: configured for UDMA/100
[STDOUT  ] 2017-08-09T14:07:20.885051063Z: [    4.700699] ata1.00: configured for UDMA/100
[STDOUT  ] 2017-08-09T14:07:20.904059849Z: [    4.719384] scsi 0:0:0:0: Direct-Access     ATA      QEMU HARDDISK    2.5+ PQ: 0 ANSI: 5
[STDOUT  ] 2017-08-09T14:07:20.919395992Z: [    4.734792] sd 0:0:0:0: [sda] 409600 512-byte logical blocks: (210 MB/200 MiB)
[STDOUT  ] 2017-08-09T14:07:20.923689977Z: [    4.739324] Key type encrypted registered
[STDOUT  ] 2017-08-09T14:07:20.927806353Z: [    4.743396] sd 0:0:0:0: [sda] Write Protect is off
[STDOUT  ] 2017-08-09T14:07:20.931365366Z: [    4.746779] rtc_cmos 00:00: setting system clock to 2017-08-09 14:07:20 UTC (1502287640)
[STDOUT  ] 2017-08-09T14:07:20.93555698Z: [    4.750908] sd 0:0:0:0: [sda] Write cache: enabled, read cache: enabled, doesn't support DPO or FUA
[STDOUT  ] 2017-08-09T14:07:20.936466326Z: [    4.752055] sd 0:0:0:0: Attached scsi generic sg0 type 0
[STDOUT  ] 2017-08-09T14:07:20.943007212Z: [    4.758403] scsi 2:0:0:0: CD-ROM            QEMU     QEMU DVD-ROM     2.5+ PQ: 0 ANSI: 5
[STDOUT  ] 2017-08-09T14:07:20.962816077Z: [    4.778477]  sda: sda1
[STDOUT  ] 2017-08-09T14:07:20.96718Z: [    4.782636] sr 2:0:0:0: [sr0] scsi3-mmc drive: 4x/4x cd/rw xa/form2 tray
[STDOUT  ] 2017-08-09T14:07:20.967810471Z: [    4.783380] cdrom: Uniform CD-ROM driver Revision: 3.20
[STDOUT  ] 2017-08-09T14:07:20.979210413Z: [    4.794781] sr 2:0:0:0: Attached scsi generic sg1 type 5
[STDOUT  ] 2017-08-09T14:07:20.983476176Z: [    4.799097] sd 0:0:0:0: [sda] Attached SCSI disk
[STDOUT  ] 2017-08-09T14:07:21.126346069Z: [    4.941670] Freeing unused kernel memory: 1380K (ffffffffa3d57000 - ffffffffa3eb0000)
[STDOUT  ] 2017-08-09T14:07:21.126901166Z: [    4.942423] Write protecting the kernel read-only data: 12288k
[STDOUT  ] 2017-08-09T14:07:21.133422861Z: [    4.948809] Freeing unused kernel memory: 148K (ffff90ae7a7db000 - ffff90ae7a800000)
[STDOUT  ] 2017-08-09T14:07:21.252723148Z: [    5.068045] Freeing unused kernel memory: 1400K (ffff90ae7aaa2000 - ffff90ae7ac00000)
[STDOUT  ] 2017-08-09T14:07:21.253626937Z: [    5.069125] tsc: Refined TSC clocksource calibration: 2300.040 MHz
[STDOUT  ] 2017-08-09T14:07:21.25449586Z: [    5.069704] clocksource: tsc: mask: 0xffffffffffffffff max_cycles: 0x21275af87f5, max_idle_ns: 440795281647 ns
[STDOUT  ] 2017-08-09T14:07:22.27194348Z: [    6.087429] clocksource: Switched to clocksource tsc
[STDOUT  ] 2017-08-09T14:07:26.084325724Z: 
[STDOUT  ] 2017-08-09T14:07:26.08528695Z: Welcome to LinuxKit
[STDOUT  ] 2017-08-09T14:07:26.085399755Z: 
[STDOUT  ] 2017-08-09T14:07:26.085773124Z:                         ##         .
[STDOUT  ] 2017-08-09T14:07:26.086144269Z:                   ## ## ##        ==
[STDOUT  ] 2017-08-09T14:07:26.086511803Z:                ## ## ## ## ##    ===
[STDOUT  ] 2017-08-09T14:07:26.086894203Z:            /"""""""""""""""""\___/ ===
[STDOUT  ] 2017-08-09T14:07:26.087313054Z:           {                       /  ===-
[STDOUT  ] 2017-08-09T14:07:26.087703965Z:            \______ O           __/
[STDOUT  ] 2017-08-09T14:07:26.088050481Z:              \    \         __/
[STDOUT  ] 2017-08-09T14:07:26.088362117Z:               \____\_______/
[STDOUT  ] 2017-08-09T14:07:26.088444763Z: 
[STDOUT  ] 2017-08-09T14:07:57.678603359Z: [   41.494149] sd 0:0:0:0: [sda] Synchronizing SCSI cache
[STDOUT  ] 2017-08-09T14:07:57.67957323Z: [   41.495204] sd 0:0:0:0: [sda] Stopping disk
[STDOUT  ] 2017-08-09T14:07:57.682395866Z: [   41.497919] ACPI: Preparing to enter system sleep state S5
[STDOUT  ] 2017-08-09T14:07:57.683353368Z: [   41.499042] reboot: Power down
[STDERR  ] 2017-08-09T14:07:57.76767406Z: + exit 0
[STDERR  ] 2017-08-09T14:07:57.76773435Z: + clean_up
[STDERR  ] 2017-08-09T14:07:57.767746635Z: + find . -depth -iname run* -not -iname *.yml -exec rm -rf {} ;
[STDERR  ] 2017-08-09T14:07:57.780504762Z: + find . -depth -iname mkimage* -not -iname *.yml -exec rm -rf {} ;
[STDERR  ] 2017-08-09T14:07:57.79590057Z: + find . -depth -iname disk.qcow2* -not -iname *.yml -exec rm -rf {} ;
[STDERR  ] 2017-08-09T14:07:57.810923903Z: + rm -f tarball.img
[PASS    ] linuxkit.packages.mkimage 157.60s
