[INFO    ] 2017-07-15T15:12:52.889931203Z: Running Test linuxkit.kernel.config_4.11.x in /tmp/build/test/cases/020_kernel/003_config_4.11.x
[INFO    ] 2017-07-15T15:12:52.89002697Z: Running command: [/bin/sh -x /tmp/build/test/cases/020_kernel/003_config_4.11.x/test.sh]
[STDERR  ] 2017-07-15T15:12:52.903892246Z: + set -e
[STDERR  ] 2017-07-15T15:12:52.903979631Z: + . /tmp/build/test/cases/_lib/lib.sh
[STDERR  ] 2017-07-15T15:12:52.903983049Z: + [ -f src/github.com/linuxkit/rtf/lib/lib.sh ]
[STDERR  ] 2017-07-15T15:12:52.903992446Z: + LINUXKIT_TMPDIR=/tmp/build/test/cases/_tmp
[STDERR  ] 2017-07-15T15:12:52.903996049Z: + [ -f /tmp/build/test/cases/_tmp/env.sh ]
[STDERR  ] 2017-07-15T15:12:52.904004804Z: + . /tmp/build/test/cases/_tmp/env.sh
[STDERR  ] 2017-07-15T15:12:52.904017739Z: + export LINUXKIT_EXAMPLES_DIR=/tmp/build/test/cases/../../examples
[STDERR  ] 2017-07-15T15:12:52.904030766Z: + export LINUXKIT_BLUEPRINTS_DIR=/tmp/build/test/cases/../../blueprints
[STDERR  ] 2017-07-15T15:12:52.904040886Z: + RT_CANCEL=253
[STDERR  ] 2017-07-15T15:12:52.904051751Z: + trap clean_up EXIT
[STDERR  ] 2017-07-15T15:12:52.904061626Z: + moby build -output kernel+initrd test-kernel-config.yml
[STDERR  ] 2017-07-15T15:12:52.909697201Z: Extract kernel image: linuxkit/kernel:4.11.9
[STDERR  ] 2017-07-15T15:12:55.1392455Z: Pull image: docker.io/linuxkit/kernel:4.11.9@sha256:0d6227a85b9d9b3a26bf1e57bef8cad7b6970f83be4fbb246eb29fa9d6b3a595
[STDERR  ] 2017-07-15T15:13:01.731263796Z: Add init containers:
[STDERR  ] 2017-07-15T15:13:01.731341773Z: Process init image: linuxkit/init:059b2bb4b6efa5c58cf53fed4d0ea863521959fc
[STDERR  ] 2017-07-15T15:13:02.992463067Z: Process init image: linuxkit/runc:4a35484aa6f90a1f06cdf1fb36f7056926a084b9
[STDERR  ] 2017-07-15T15:13:04.259526007Z: Add onboot containers:
[STDERR  ] 2017-07-15T15:13:04.259549958Z:   Create OCI config for linuxkit/test-kernel-config:7e8bcae3e661f5b48c00cf2f15bbef19b35fac76
[STDERR  ] 2017-07-15T15:13:05.634734409Z:   Create OCI config for linuxkit/poweroff:bce51402e293da0b653923a43c3c7be6e0effa05
[STDERR  ] 2017-07-15T15:13:06.856362164Z: Create outputs:
[STDERR  ] 2017-07-15T15:13:10.082029415Z:   test-kernel-config-kernel test-kernel-config-initrd.img test-kernel-config-cmdline
[STDERR  ] 2017-07-15T15:13:10.120477121Z: + linuxkit run test-kernel-config
[STDERR  ] 2017-07-15T15:13:10.138111172Z: Unable to find qemu-system-x86_64 within the $PATH. Using a container
[STDERR  ] 2017-07-15T15:13:54.192021272Z: + RESULT=[    0.000000] Linux version 4.11.9-linuxkit (root@e1ede117fb1e) (gcc version 6.3.0 (Alpine 6.3.0) ) #1 SMP Wed Jul 12 17:20:08 UTC 2017
[STDERR  ] 2017-07-15T15:13:54.19205619Z: [    0.000000] Command line: console=ttyS0
[STDERR  ] 2017-07-15T15:13:54.192067413Z: [    0.000000] x86/fpu: x87 FPU will use FXSAVE
[STDERR  ] 2017-07-15T15:13:54.192072853Z: [    0.000000] e820: BIOS-provided physical RAM map:
[STDERR  ] 2017-07-15T15:13:54.192105623Z: [    0.000000] BIOS-e820: [mem 0x0000000000000000-0x000000000009fbff] usable
[STDERR  ] 2017-07-15T15:13:54.192124676Z: [    0.000000] BIOS-e820: [mem 0x000000000009fc00-0x000000000009ffff] reserved
[STDERR  ] 2017-07-15T15:13:54.192136029Z: [    0.000000] BIOS-e820: [mem 0x00000000000f0000-0x00000000000fffff] reserved
[STDERR  ] 2017-07-15T15:13:54.192147872Z: [    0.000000] BIOS-e820: [mem 0x0000000000100000-0x000000003ffdefff] usable
[STDERR  ] 2017-07-15T15:13:54.192157689Z: [    0.000000] BIOS-e820: [mem 0x000000003ffdf000-0x000000003fffffff] reserved
[STDERR  ] 2017-07-15T15:13:54.192167159Z: [    0.000000] BIOS-e820: [mem 0x00000000b0000000-0x00000000bfffffff] reserved
[STDERR  ] 2017-07-15T15:13:54.192177069Z: [    0.000000] BIOS-e820: [mem 0x00000000fed1c000-0x00000000fed1ffff] reserved
[STDERR  ] 2017-07-15T15:13:54.192186442Z: [    0.000000] BIOS-e820: [mem 0x00000000fffc0000-0x00000000ffffffff] reserved
[STDERR  ] 2017-07-15T15:13:54.19220143Z: [    0.000000] NX (Execute Disable) protection: active
[STDERR  ] 2017-07-15T15:13:54.19221058Z: [    0.000000] SMBIOS 2.8 present.
[STDERR  ] 2017-07-15T15:13:54.19222309Z: [    0.000000] DMI: QEMU Standard PC (Q35 + ICH9, 2009), BIOS rel-1.10.2-0-g5f4c7b1-prebuilt.qemu-project.org 04/01/2014
[STDERR  ] 2017-07-15T15:13:54.192241877Z: [    0.000000] e820: last_pfn = 0x3ffdf max_arch_pfn = 0x400000000
[STDERR  ] 2017-07-15T15:13:54.192250976Z: [    0.000000] x86/PAT: Configuration [0-7]: WB  WC  UC- UC  WB  WC  UC- WT  
[STDERR  ] 2017-07-15T15:13:54.19226032Z: [    0.000000] found SMP MP-table at [mem 0x000f6aa0-0x000f6aaf] mapped at [ffff96a1000f6aa0]
[STDERR  ] 2017-07-15T15:13:54.192269692Z: [    0.000000] RAMDISK: [mem 0x3eced000-0x3ffcffff]
[STDERR  ] 2017-07-15T15:13:54.192278906Z: [    0.000000] ACPI: Early table checksum verification disabled
[STDERR  ] 2017-07-15T15:13:54.192283522Z: [    0.000000] ACPI: RSDP 0x00000000000F68C0 000014 (v00 BOCHS )
[STDERR  ] 2017-07-15T15:13:54.19229774Z: [    0.000000] ACPI: RSDT 0x000000003FFE2404 000034 (v01 BOCHS  BXPCRSDT 00000001 BXPC 00000001)
[STDERR  ] 2017-07-15T15:13:54.19231362Z: [    0.000000] ACPI: FACP 0x000000003FFE22A4 000074 (v01 BOCHS  BXPCFACP 00000001 BXPC 00000001)
[STDERR  ] 2017-07-15T15:13:54.192322826Z: [    0.000000] ACPI: DSDT 0x000000003FFE0040 002264 (v01 BOCHS  BXPCDSDT 00000001 BXPC 00000001)
[STDERR  ] 2017-07-15T15:13:54.192327116Z: [    0.000000] ACPI: FACS 0x000000003FFE0000 000040
[STDERR  ] 2017-07-15T15:13:54.19234026Z: [    0.000000] ACPI: APIC 0x000000003FFE2318 000078 (v01 BOCHS  BXPCAPIC 00000001 BXPC 00000001)
[STDERR  ] 2017-07-15T15:13:54.192349542Z: [    0.000000] ACPI: HPET 0x000000003FFE2390 000038 (v01 BOCHS  BXPCHPET 00000001 BXPC 00000001)
[STDERR  ] 2017-07-15T15:13:54.192358874Z: [    0.000000] ACPI: MCFG 0x000000003FFE23C8 00003C (v01 BOCHS  BXPCMCFG 00000001 BXPC 00000001)
[STDERR  ] 2017-07-15T15:13:54.192368114Z: [    0.000000] Zone ranges:
[STDERR  ] 2017-07-15T15:13:54.192372966Z: [    0.000000]   DMA      [mem 0x0000000000001000-0x0000000000ffffff]
[STDERR  ] 2017-07-15T15:13:54.192382214Z: [    0.000000]   DMA32    [mem 0x0000000001000000-0x000000003ffdefff]
[STDERR  ] 2017-07-15T15:13:54.192396174Z: [    0.000000]   Normal   empty
[STDERR  ] 2017-07-15T15:13:54.192405447Z: [    0.000000]   Device   empty
[STDERR  ] 2017-07-15T15:13:54.192414477Z: [    0.000000] Movable zone start for each node
[STDERR  ] 2017-07-15T15:13:54.192423092Z: [    0.000000] Early memory node ranges
[STDERR  ] 2017-07-15T15:13:54.192432396Z: [    0.000000]   node   0: [mem 0x0000000000001000-0x000000000009efff]
[STDERR  ] 2017-07-15T15:13:54.192441762Z: [    0.000000]   node   0: [mem 0x0000000000100000-0x000000003ffdefff]
[STDERR  ] 2017-07-15T15:13:54.192458013Z: [    0.000000] Initmem setup node 0 [mem 0x0000000000001000-0x000000003ffdefff]
[STDERR  ] 2017-07-15T15:13:54.192468104Z: [    0.000000] ACPI: PM-Timer IO Port: 0x608
[STDERR  ] 2017-07-15T15:13:54.192477402Z: [    0.000000] ACPI: LAPIC_NMI (acpi_id[0xff] dfl dfl lint[0x1])
[STDERR  ] 2017-07-15T15:13:54.192489582Z: [    0.000000] IOAPIC[0]: apic_id 0, version 32, address 0xfec00000, GSI 0-23
[STDERR  ] 2017-07-15T15:13:54.192505992Z: [    0.000000] ACPI: INT_SRC_OVR (bus 0 bus_irq 0 global_irq 2 dfl dfl)
[STDERR  ] 2017-07-15T15:13:54.192515806Z: [    0.000000] ACPI: INT_SRC_OVR (bus 0 bus_irq 5 global_irq 5 high level)
[STDERR  ] 2017-07-15T15:13:54.192525733Z: [    0.000000] ACPI: INT_SRC_OVR (bus 0 bus_irq 9 global_irq 9 high level)
[STDERR  ] 2017-07-15T15:13:54.192535227Z: [    0.000000] ACPI: INT_SRC_OVR (bus 0 bus_irq 10 global_irq 10 high level)
[STDERR  ] 2017-07-15T15:13:54.192544147Z: [    0.000000] ACPI: INT_SRC_OVR (bus 0 bus_irq 11 global_irq 11 high level)
[STDERR  ] 2017-07-15T15:13:54.192553556Z: [    0.000000] Using ACPI (MADT) for SMP configuration information
[STDERR  ] 2017-07-15T15:13:54.192569976Z: [    0.000000] ACPI: HPET id: 0x8086a201 base: 0xfed00000
[STDERR  ] 2017-07-15T15:13:54.192575074Z: [    0.000000] smpboot: Allowing 1 CPUs, 0 hotplug CPUs
[STDERR  ] 2017-07-15T15:13:54.192584063Z: [    0.000000] e820: [mem 0x40000000-0xafffffff] available for PCI devices
[STDERR  ] 2017-07-15T15:13:54.192598376Z: [    0.000000] Booting paravirtualized kernel on bare hardware
[STDERR  ] 2017-07-15T15:13:54.192615269Z: [    0.000000] clocksource: refined-jiffies: mask: 0xffffffff max_cycles: 0xffffffff, max_idle_ns: 19112604462750000 ns
[STDERR  ] 2017-07-15T15:13:54.192625434Z: [    0.000000] setup_percpu: NR_CPUS:128 nr_cpumask_bits:128 nr_cpu_ids:1 nr_node_ids:1
[STDERR  ] 2017-07-15T15:13:54.192634312Z: [    0.000000] percpu: Embedded 37 pages/cpu @ffff96a13ea00000 s113304 r8192 d30056 u2097152
[STDERR  ] 2017-07-15T15:13:54.192643184Z: [    0.000000] Built 1 zonelists in Zone order, mobility grouping on.  Total pages: 257896
[STDERR  ] 2017-07-15T15:13:54.192651937Z: [    0.000000] Kernel command line: console=ttyS0
[STDERR  ] 2017-07-15T15:13:54.192660746Z: [    0.000000] PID hash table entries: 4096 (order: 3, 32768 bytes)
[STDERR  ] 2017-07-15T15:13:54.192669936Z: [    0.000000] Dentry cache hash table entries: 131072 (order: 8, 1048576 bytes)
[STDERR  ] 2017-07-15T15:13:54.192678659Z: [    0.000000] Inode-cache hash table entries: 65536 (order: 7, 524288 bytes)
[STDERR  ] 2017-07-15T15:13:54.192689157Z: [    0.000000] Memory: 992628K/1048052K available (8409K kernel code, 1392K rwdata, 2804K rodata, 1416K init, 652K bss, 55424K reserved, 0K cma-reserved)
[STDERR  ] 2017-07-15T15:13:54.192701049Z: [    0.000000] Hierarchical RCU implementation.
[STDERR  ] 2017-07-15T15:13:54.19271162Z: [    0.000000] 	Build-time adjustment of leaf fanout to 64.
[STDERR  ] 2017-07-15T15:13:54.1927254Z: [    0.000000] 	RCU restricting CPUs from NR_CPUS=128 to nr_cpu_ids=1.
[STDERR  ] 2017-07-15T15:13:54.192744932Z: [    0.000000] RCU: Adjusting geometry for rcu_fanout_leaf=64, nr_cpu_ids=1
[STDERR  ] 2017-07-15T15:13:54.192749807Z: [    0.000000] NR_IRQS:8448 nr_irqs:256 16
[STDERR  ] 2017-07-15T15:13:54.192763749Z: [    0.000000] Console: colour VGA+ 80x25
[STDERR  ] 2017-07-15T15:13:54.192769787Z: [    0.000000] console [ttyS0] enabled
[STDERR  ] 2017-07-15T15:13:54.19278371Z: [    0.000000] clocksource: hpet: mask: 0xffffffff max_cycles: 0xffffffff, max_idle_ns: 19112604467 ns
[STDERR  ] 2017-07-15T15:13:54.192788869Z: [    0.000000] tsc: Fast TSC calibration using PIT
[STDERR  ] 2017-07-15T15:13:54.192802687Z: [    0.010000] tsc: Detected 2600.006 MHz processor
[STDERR  ] 2017-07-15T15:13:54.192812456Z: [    0.010000] Calibrating delay loop (skipped), value calculated using timer frequency.. 5200.01 BogoMIPS (lpj=26000060)
[STDERR  ] 2017-07-15T15:13:54.192822414Z: [    0.010000] pid_max: default: 32768 minimum: 301
[STDERR  ] 2017-07-15T15:13:54.192832083Z: [    0.020671] ACPI: Core revision 20170119
[STDERR  ] 2017-07-15T15:13:54.192840907Z: [    0.070427] ACPI: 1 ACPI AML tables successfully acquired and loaded
[STDERR  ] 2017-07-15T15:13:54.192861422Z: [    0.075467] Security Framework initialized
[STDERR  ] 2017-07-15T15:13:54.192870189Z: [    0.076118] Yama: becoming mindful.
[STDERR  ] 2017-07-15T15:13:54.192878944Z: [    0.078303] Mount-cache hash table entries: 2048 (order: 2, 16384 bytes)
[STDERR  ] 2017-07-15T15:13:54.192883332Z: [    0.078938] Mountpoint-cache hash table entries: 2048 (order: 2, 16384 bytes)
[STDERR  ] 2017-07-15T15:13:54.192897172Z: [    0.097814] Last level iTLB entries: 4KB 0, 2MB 0, 4MB 0
[STDERR  ] 2017-07-15T15:13:54.192906544Z: [    0.098331] Last level dTLB entries: 4KB 0, 2MB 0, 4MB 0, 1GB 0
[STDERR  ] 2017-07-15T15:13:54.192916014Z: [    0.453735] Freeing SMP alternatives memory: 20K
[STDERR  ] 2017-07-15T15:13:54.192920923Z: [    0.464672] ftrace: allocating 37196 entries in 146 pages
[STDERR  ] 2017-07-15T15:13:54.192929884Z: [    0.627166] smpboot: Max logical packages: 1
[STDERR  ] 2017-07-15T15:13:54.192948984Z: [    0.635395] ..TIMER: vector=0x30 apic1=0 pin1=2 apic2=-1 pin2=-1
[STDERR  ] 2017-07-15T15:13:54.192957663Z: [    0.740000] smpboot: CPU0: AMD QEMU Virtual CPU version 2.5+ (family: 0x6, model: 0x6, stepping: 0x3)
[STDERR  ] 2017-07-15T15:13:54.192967576Z: [    0.740000] Performance Events: PMU not available due to virtualization, using software events only.
[STDERR  ] 2017-07-15T15:13:54.192976942Z: [    0.747980] NMI watchdog: disabled (cpu0): hardware events not enabled
[STDERR  ] 2017-07-15T15:13:54.192990804Z: [    0.748559] NMI watchdog: Shutting down hard lockup detector on all cpus
[STDERR  ] 2017-07-15T15:13:54.19299982Z: [    0.751330] smp: Bringing up secondary CPUs ...
[STDERR  ] 2017-07-15T15:13:54.193009477Z: [    0.751760] smp: Brought up 1 node, 1 CPU
[STDERR  ] 2017-07-15T15:13:54.193018226Z: [    0.752216] smpboot: Total of 1 processors activated (5200.01 BogoMIPS)
[STDERR  ] 2017-07-15T15:13:54.193031357Z: [    0.760695] sched_clock: Marking stable (760000000, 0)->(1034056994, -274056994)
[STDERR  ] 2017-07-15T15:13:54.193041309Z: [    0.771560] devtmpfs: initialized
[STDERR  ] 2017-07-15T15:13:54.19305026Z: [    0.776281] x86/mm: Memory block size: 128MB
[STDERR  ] 2017-07-15T15:13:54.193059746Z: [    0.845358] clocksource: jiffies: mask: 0xffffffff max_cycles: 0xffffffff, max_idle_ns: 19112604462750000 ns
[STDERR  ] 2017-07-15T15:13:54.193069673Z: [    0.846399] futex hash table entries: 256 (order: 2, 16384 bytes)
[STDERR  ] 2017-07-15T15:13:54.193078633Z: [    0.857593] NET: Registered protocol family 16
[STDERR  ] 2017-07-15T15:13:54.193090452Z: [    0.865949] cpuidle: using governor ladder
[STDERR  ] 2017-07-15T15:13:54.193098964Z: [    0.866449] cpuidle: using governor menu
[STDERR  ] 2017-07-15T15:13:54.193107674Z: [    0.866907] PCCT header not found.
[STDERR  ] 2017-07-15T15:13:54.193127163Z: [    0.868039] ACPI: bus type PCI registered
[STDERR  ] 2017-07-15T15:13:54.193136263Z: [    0.871076] PCI: MMCONFIG for domain 0000 [bus 00-ff] at [mem 0xb0000000-0xbfffffff] (base 0xb0000000)
[STDERR  ] 2017-07-15T15:13:54.19314115Z: [    0.871971] PCI: MMCONFIG at [mem 0xb0000000-0xbfffffff] reserved in E820
[STDERR  ] 2017-07-15T15:13:54.193150127Z: [    0.873471] PCI: Using configuration type 1 for base access
[STDERR  ] 2017-07-15T15:13:54.193163816Z: [    0.926827] HugeTLB registered 2 MB page size, pre-allocated 0 pages
[STDERR  ] 2017-07-15T15:13:54.193172564Z: [    0.940450] ACPI: Added _OSI(Module Device)
[STDERR  ] 2017-07-15T15:13:54.193181766Z: [    0.940663] ACPI: Added _OSI(Processor Device)
[STDERR  ] 2017-07-15T15:13:54.193191267Z: [    0.940930] ACPI: Added _OSI(3.0 _SCP Extensions)
[STDERR  ] 2017-07-15T15:13:54.193200529Z: [    0.941250] ACPI: Added _OSI(Processor Aggregator Device)
[STDERR  ] 2017-07-15T15:13:54.193209316Z: [    1.015137] ACPI: Interpreter enabled
[STDERR  ] 2017-07-15T15:13:54.19321553Z: [    1.016264] ACPI: (supports S0 S5)
[STDERR  ] 2017-07-15T15:13:54.193221297Z: [    1.016642] ACPI: Using IOAPIC for interrupt routing
[STDERR  ] 2017-07-15T15:13:54.193234814Z: [    1.019329] PCI: Using host bridge windows from ACPI; if necessary, use "pci=nocrs" and report a bug
[STDERR  ] 2017-07-15T15:13:54.193241077Z: [    1.091632] ACPI: PCI Root Bridge [PCI0] (domain 0000 [bus 00-ff])
[STDERR  ] 2017-07-15T15:13:54.19325279Z: [    1.093009] acpi PNP0A08:00: _OSC: OS supports [ExtendedConfig ASPM ClockPM Segments MSI]
[STDERR  ] 2017-07-15T15:13:54.193255849Z: [    1.099212] acpi PNP0A08:00: _OSC: OS now controls [PCIeHotplug PME PCIeCapability]
[STDERR  ] 2017-07-15T15:13:54.193261387Z: [    1.102935] PCI host bridge to bus 0000:00
[STDERR  ] 2017-07-15T15:13:54.193269793Z: [    1.103482] pci_bus 0000:00: root bus resource [io  0x0000-0x0cf7 window]
[STDERR  ] 2017-07-15T15:13:54.193275472Z: [    1.103971] pci_bus 0000:00: root bus resource [io  0x0d00-0xffff window]
[STDERR  ] 2017-07-15T15:13:54.193280962Z: [    1.104430] pci_bus 0000:00: root bus resource [mem 0x000a0000-0x000bffff window]
[STDERR  ] 2017-07-15T15:13:54.193283807Z: [    1.104932] pci_bus 0000:00: root bus resource [mem 0xc0000000-0xfebfffff window]
[STDERR  ] 2017-07-15T15:13:54.193289364Z: [    1.105626] pci_bus 0000:00: root bus resource [bus 00-ff]
[STDERR  ] 2017-07-15T15:13:54.193297727Z: [    1.195669] pci 0000:00:1f.0: quirk: [io  0x0600-0x067f] claimed by ICH6 ACPI/GPIO/TCO
[STDERR  ] 2017-07-15T15:13:54.193303424Z: [    1.251935] ACPI: PCI Interrupt Link [LNKA] (IRQs 5 *10 11)
[STDERR  ] 2017-07-15T15:13:54.193309024Z: [    1.254892] ACPI: PCI Interrupt Link [LNKB] (IRQs 5 *10 11)
[STDERR  ] 2017-07-15T15:13:54.193315129Z: [    1.257198] ACPI: PCI Interrupt Link [LNKC] (IRQs 5 10 *11)
[STDERR  ] 2017-07-15T15:13:54.193326906Z: [    1.259078] ACPI: PCI Interrupt Link [LNKD] (IRQs 5 10 *11)
[STDERR  ] 2017-07-15T15:13:54.193329739Z: [    1.261103] ACPI: PCI Interrupt Link [LNKE] (IRQs 5 *10 11)
[STDERR  ] 2017-07-15T15:13:54.193337922Z: [    1.262979] ACPI: PCI Interrupt Link [LNKF] (IRQs 5 *10 11)
[STDERR  ] 2017-07-15T15:13:54.193344714Z: [    1.264753] ACPI: PCI Interrupt Link [LNKG] (IRQs 5 10 *11)
[STDERR  ] 2017-07-15T15:13:54.193350282Z: [    1.266525] ACPI: PCI Interrupt Link [LNKH] (IRQs 5 10 *11)
[STDERR  ] 2017-07-15T15:13:54.193355747Z: [    1.267482] ACPI: PCI Interrupt Link [GSIA] (IRQs *16)
[STDERR  ] 2017-07-15T15:13:54.193361333Z: [    1.268052] ACPI: PCI Interrupt Link [GSIB] (IRQs *17)
[STDERR  ] 2017-07-15T15:13:54.193366954Z: [    1.268585] ACPI: PCI Interrupt Link [GSIC] (IRQs *18)
[STDERR  ] 2017-07-15T15:13:54.193372537Z: [    1.269094] ACPI: PCI Interrupt Link [GSID] (IRQs *19)
[STDERR  ] 2017-07-15T15:13:54.193375352Z: [    1.269642] ACPI: PCI Interrupt Link [GSIE] (IRQs *20)
[STDERR  ] 2017-07-15T15:13:54.193383669Z: [    1.270516] ACPI: PCI Interrupt Link [GSIF] (IRQs *21)
[STDERR  ] 2017-07-15T15:13:54.19339191Z: [    1.271252] ACPI: PCI Interrupt Link [GSIG] (IRQs *22)
[STDERR  ] 2017-07-15T15:13:54.193394677Z: [    1.271920] ACPI: PCI Interrupt Link [GSIH] (IRQs *23)
[STDERR  ] 2017-07-15T15:13:54.193399916Z: [    1.275387] ACPI: Enabled 2 GPEs in block 00 to 3F
[STDERR  ] 2017-07-15T15:13:54.193408227Z: [    1.280590] SCSI subsystem initialized
[STDERR  ] 2017-07-15T15:13:54.193413857Z: [    1.282961] ACPI: bus type USB registered
[STDERR  ] 2017-07-15T15:13:54.193419349Z: [    1.283982] usbcore: registered new interface driver usbfs
[STDERR  ] 2017-07-15T15:13:54.193424914Z: [    1.284838] usbcore: registered new interface driver hub
[STDERR  ] 2017-07-15T15:13:54.193430302Z: [    1.285696] usbcore: registered new device driver usb
[STDERR  ] 2017-07-15T15:13:54.193433164Z: [    1.286718] pps_core: LinuxPPS API ver. 1 registered
[STDERR  ] 2017-07-15T15:13:54.193444883Z: [    1.287056] pps_core: Software ver. 5.3.6 - Copyright 2005-2007 Rodolfo Giometti <giometti@linux.it>
[STDERR  ] 2017-07-15T15:13:54.193450599Z: [    1.287793] PTP clock support registered
[STDERR  ] 2017-07-15T15:13:54.193456224Z: [    1.289002] wmi: Mapper loaded
[STDERR  ] 2017-07-15T15:13:54.193461902Z: [    1.290722] PCI: Using ACPI for IRQ routing
[STDERR  ] 2017-07-15T15:13:54.193470672Z: [    1.307822] NetLabel: Initializing
[STDERR  ] 2017-07-15T15:13:54.193473613Z: [    1.308078] NetLabel:  domain hash size = 128
[STDERR  ] 2017-07-15T15:13:54.193482114Z: [    1.308472] NetLabel:  protocols = UNLABELED CIPSOv4 CALIPSO
[STDERR  ] 2017-07-15T15:13:54.193485007Z: [    1.310829] NetLabel:  unlabeled traffic allowed by default
[STDERR  ] 2017-07-15T15:13:54.193490332Z: [    1.311864] HPET: 3 timers in total, 0 timers will be used for per-cpu timer
[STDERR  ] 2017-07-15T15:13:54.193498756Z: [    1.312683] hpet0: at MMIO 0xfed00000, IRQs 2, 8, 0
[STDERR  ] 2017-07-15T15:13:54.193504242Z: [    1.313067] hpet0: 3 comparators, 64-bit 100.000000 MHz counter
[STDERR  ] 2017-07-15T15:13:54.193509823Z: [    1.319287] clocksource: Switched to clocksource hpet
[STDERR  ] 2017-07-15T15:13:54.193518707Z: [    1.600836] VFS: Disk quotas dquot_6.6.0
[STDERR  ] 2017-07-15T15:13:54.19352447Z: [    1.601631] VFS: Dquot-cache hash table entries: 512 (order 0, 4096 bytes)
[STDERR  ] 2017-07-15T15:13:54.193530462Z: [    1.605355] FS-Cache: Loaded
[STDERR  ] 2017-07-15T15:13:54.193536169Z: [    1.612028] CacheFiles: Loaded
[STDERR  ] 2017-07-15T15:13:54.193539074Z: [    1.613592] pnp: PnP ACPI init
[STDERR  ] 2017-07-15T15:13:54.193545349Z: [    1.624451] pnp: PnP ACPI: found 5 devices
[STDERR  ] 2017-07-15T15:13:54.19355558Z: [    1.665011] clocksource: acpi_pm: mask: 0xffffff max_cycles: 0xffffff, max_idle_ns: 2085701024 ns
[STDERR  ] 2017-07-15T15:13:54.193561493Z: [    1.669555] NET: Registered protocol family 2
[STDERR  ] 2017-07-15T15:13:54.193574854Z: [    1.676410] TCP established hash table entries: 8192 (order: 4, 65536 bytes)
[STDERR  ] 2017-07-15T15:13:54.19357775Z: [    1.677242] TCP bind hash table entries: 8192 (order: 5, 131072 bytes)
[STDERR  ] 2017-07-15T15:13:54.193586079Z: [    1.677987] TCP: Hash tables configured (established 8192 bind 8192)
[STDERR  ] 2017-07-15T15:13:54.19359163Z: [    1.680336] UDP hash table entries: 512 (order: 2, 16384 bytes)
[STDERR  ] 2017-07-15T15:13:54.193597209Z: [    1.681029] UDP-Lite hash table entries: 512 (order: 2, 16384 bytes)
[STDERR  ] 2017-07-15T15:13:54.193599973Z: [    1.683306] NET: Registered protocol family 1
[STDERR  ] 2017-07-15T15:13:54.193605473Z: [    1.684309] pci 0000:00:01.0: Video device with shadowed ROM at [mem 0x000c0000-0x000dffff]
[STDERR  ] 2017-07-15T15:13:54.193613893Z: [    1.692577] Trying to unpack rootfs image as initramfs...
[STDERR  ] 2017-07-15T15:13:54.193616727Z: [    4.972070] Freeing initrd memory: 19340K
[STDERR  ] 2017-07-15T15:13:54.193624933Z: [    4.997245] PCLMULQDQ-NI instructions are not detected.
[STDERR  ] 2017-07-15T15:13:54.193630536Z: [    4.998814] AVX or AES-NI instructions are not detected.
[STDERR  ] 2017-07-15T15:13:54.193633319Z: [    4.999768] CPU feature 'AVX registers' is not supported.
[STDERR  ] 2017-07-15T15:13:54.19364143Z: [    5.000222] CPU feature 'AVX registers' is not supported.
[STDERR  ] 2017-07-15T15:13:54.193648704Z: [    5.000663] CPU feature 'AVX registers' is not supported.
[STDERR  ] 2017-07-15T15:13:54.193651532Z: [    5.001128] CPU feature 'AVX registers' is not supported.
[STDERR  ] 2017-07-15T15:13:54.19365954Z: [    5.001617] AVX2 or AES-NI instructions are not detected.
[STDERR  ] 2017-07-15T15:13:54.19366488Z: [    5.002044] AVX2 instructions are not detected.
[STDERR  ] 2017-07-15T15:13:54.193667599Z: [    5.008987] audit: initializing netlink subsys (disabled)
[STDERR  ] 2017-07-15T15:13:54.193675956Z: [    5.015574] audit: type=2000 audit(1500131596.000:1): state=initialized audit_enabled=0 res=1
[STDERR  ] 2017-07-15T15:13:54.193684907Z: [    5.016871] workingset: timestamp_bits=46 max_order=18 bucket_order=0
[STDERR  ] 2017-07-15T15:13:54.193690454Z: [    5.025332] FS-Cache: Netfs 'cifs' registered for caching
[STDERR  ] 2017-07-15T15:13:54.193693337Z: [    5.026354] fuse init (API version 7.26)
[STDERR  ] 2017-07-15T15:13:54.193701572Z: [    5.030257] SGI XFS with ACLs, security attributes, no debug enabled
[STDERR  ] 2017-07-15T15:13:54.193704299Z: [    5.034505] 9p: Installing v9fs 9p2000 file system support
[STDERR  ] 2017-07-15T15:13:54.193720393Z: [    5.035073] FS-Cache: Netfs '9p' registered for caching
[STDERR  ] 2017-07-15T15:13:54.19372609Z: [    5.073375] NET: Registered protocol family 38
[STDERR  ] 2017-07-15T15:13:54.193729046Z: [    5.074154] Key type asymmetric registered
[STDERR  ] 2017-07-15T15:13:54.193737986Z: [    5.074565] Asymmetric key parser 'x509' registered
[STDERR  ] 2017-07-15T15:13:54.193746942Z: [    5.075456] Block layer SCSI generic (bsg) driver version 0.4 loaded (major 248)
[STDERR  ] 2017-07-15T15:13:54.193752607Z: [    5.077322] io scheduler noop registered
[STDERR  ] 2017-07-15T15:13:54.193755289Z: [    5.077688] io scheduler deadline registered (default)
[STDERR  ] 2017-07-15T15:13:54.193763547Z: [    5.078401] io scheduler cfq registered
[STDERR  ] 2017-07-15T15:13:54.19376901Z: [    5.078694] io scheduler mq-deadline registered
[STDERR  ] 2017-07-15T15:13:54.193774627Z: [    5.082697] shpchp: Standard Hot Plug PCI Controller Driver version: 0.4
[STDERR  ] 2017-07-15T15:13:54.193780059Z: [    5.083567] hv_vmbus: registering driver hyperv_fb
[STDERR  ] 2017-07-15T15:13:54.193785527Z: [    5.086320] input: Power Button as /devices/LNXSYSTM:00/LNXPWRBN:00/input/input0
[STDERR  ] 2017-07-15T15:13:54.193788363Z: [    5.087470] ACPI: Power Button [PWRF]
[STDERR  ] 2017-07-15T15:13:54.193796553Z: [    5.093159] GHES: HEST is not enabled!
[STDERR  ] 2017-07-15T15:13:54.193799422Z: [    5.104579] ACPI: PCI Interrupt Link [GSIH] enabled at IRQ 23
[STDERR  ] 2017-07-15T15:13:54.193810943Z: [    5.110725] xenfs: not registering filesystem on non-xen platform
[STDERR  ] 2017-07-15T15:13:54.193813876Z: [    5.112644] Serial: 8250/16550 driver, 4 ports, IRQ sharing disabled
[STDERR  ] 2017-07-15T15:13:54.1938218Z: [    5.137769] 00:04: ttyS0 at I/O 0x3f8 (irq = 4, base_baud = 115200) is a 16550A
[STDERR  ] 2017-07-15T15:13:54.193824693Z: [    5.148621] Non-volatile memory driver v1.3
[STDERR  ] 2017-07-15T15:13:54.193832843Z: [    5.154660] Hangcheck: starting hangcheck timer 0.9.1 (tick is 180 seconds, margin is 60 seconds).
[STDERR  ] 2017-07-15T15:13:54.19383871Z: [    5.217689] brd: module loaded
[STDERR  ] 2017-07-15T15:13:54.193844364Z: [    5.251247] loop: module loaded
[STDERR  ] 2017-07-15T15:13:54.193849782Z: [    5.311919] lpc_ich 0000:00:1f.0: I/O space for GPIO uninitialized
[STDERR  ] 2017-07-15T15:13:54.193855129Z: [    5.314853] VMware PVSCSI driver - version 1.0.7.0-k
[STDERR  ] 2017-07-15T15:13:54.193860523Z: [    5.315677] hv_vmbus: registering driver hv_storvsc
[STDERR  ] 2017-07-15T15:13:54.193865937Z: [    5.325806] ACPI: PCI Interrupt Link [GSIA] enabled at IRQ 16
[STDERR  ] 2017-07-15T15:13:54.193871447Z: [    5.332010] ahci 0000:00:1f.2: AHCI 0001.0000 32 slots 6 ports 1.5 Gbps 0x3f impl SATA mode
[STDERR  ] 2017-07-15T15:13:54.193880507Z: [    5.332706] ahci 0000:00:1f.2: flags: 64bit ncq only 
[STDERR  ] 2017-07-15T15:13:54.193886049Z: [    5.348748] scsi host0: ahci
[STDERR  ] 2017-07-15T15:13:54.193892016Z: [    5.353865] scsi host1: ahci
[STDERR  ] 2017-07-15T15:13:54.193897693Z: [    5.356736] scsi host2: ahci
[STDERR  ] 2017-07-15T15:13:54.193900463Z: [    5.359511] scsi host3: ahci
[STDERR  ] 2017-07-15T15:13:54.193905829Z: [    5.361399] scsi host4: ahci
[STDERR  ] 2017-07-15T15:13:54.193914086Z: [    5.363316] scsi host5: ahci
[STDERR  ] 2017-07-15T15:13:54.193916984Z: [    5.364796] ata1: SATA max UDMA/133 abar m4096@0xfebf1000 port 0xfebf1100 irq 24
[STDERR  ] 2017-07-15T15:13:54.193925079Z: [    5.365299] ata2: SATA max UDMA/133 abar m4096@0xfebf1000 port 0xfebf1180 irq 24
[STDERR  ] 2017-07-15T15:13:54.193927924Z: [    5.365811] ata3: SATA max UDMA/133 abar m4096@0xfebf1000 port 0xfebf1200 irq 24
[STDERR  ] 2017-07-15T15:13:54.19394336Z: [    5.366272] ata4: SATA max UDMA/133 abar m4096@0xfebf1000 port 0xfebf1280 irq 24
[STDERR  ] 2017-07-15T15:13:54.193948733Z: [    5.366780] ata5: SATA max UDMA/133 abar m4096@0xfebf1000 port 0xfebf1300 irq 24
[STDERR  ] 2017-07-15T15:13:54.193952899Z: [    5.367240] ata6: SATA max UDMA/133 abar m4096@0xfebf1000 port 0xfebf1380 irq 24
[STDERR  ] 2017-07-15T15:13:54.19396194Z: [    5.378863] tun: Universal TUN/TAP device driver, 1.6
[STDERR  ] 2017-07-15T15:13:54.193970262Z: [    5.381314] VMware vmxnet3 virtual NIC driver - version 1.4.a.0-k-NAPI
[STDERR  ] 2017-07-15T15:13:54.193975802Z: [    5.382254] hv_vmbus: registering driver hv_netvsc
[STDERR  ] 2017-07-15T15:13:54.193981332Z: [    5.382595] Fusion MPT base driver 3.04.20
[STDERR  ] 2017-07-15T15:13:54.193984324Z: [    5.382902] Copyright (c) 1999-2008 LSI Corporation
[STDERR  ] 2017-07-15T15:13:54.193992392Z: [    5.383507] Fusion MPT SPI Host driver 3.04.20
[STDERR  ] 2017-07-15T15:13:54.193995279Z: [    5.385476] i8042: PNP: PS/2 Controller [PNP0303:KBD,PNP0f13:MOU] at 0x60,0x64 irq 1,12
[STDERR  ] 2017-07-15T15:13:54.19400366Z: [    5.390045] serio: i8042 KBD port at 0x60,0x64 irq 1
[STDERR  ] 2017-07-15T15:13:54.194006627Z: [    5.390721] serio: i8042 AUX port at 0x60,0x64 irq 12
[STDERR  ] 2017-07-15T15:13:54.194012286Z: [    5.393257] hv_vmbus: registering driver hyperv_keyboard
[STDERR  ] 2017-07-15T15:13:54.194020509Z: [    5.395199] mousedev: PS/2 mouse device common for all mice
[STDERR  ] 2017-07-15T15:13:54.194026096Z: [    5.399651] input: AT Translated Set 2 keyboard as /devices/platform/i8042/serio0/input/input1
[STDERR  ] 2017-07-15T15:13:54.19403168Z: [    5.402024] input: PC Speaker as /devices/platform/pcspkr/input/input2
[STDERR  ] 2017-07-15T15:13:54.194034712Z: [    5.405378] rtc_cmos 00:00: RTC can wake from S4
[STDERR  ] 2017-07-15T15:13:54.194045538Z: [    5.408179] rtc_cmos 00:00: rtc core: registered rtc_cmos as rtc0
[STDERR  ] 2017-07-15T15:13:54.194057964Z: [    5.409997] rtc_cmos 00:00: alarms up to one day, y3k, 114 bytes nvram, hpet irqs
[STDERR  ] 2017-07-15T15:13:54.194063517Z: [    5.410732] i2c /dev entries driver
[STDERR  ] 2017-07-15T15:13:54.19406621Z: [    5.412556] device-mapper: ioctl: 4.35.0-ioctl (2016-06-23) initialised: dm-devel@redhat.com
[STDERR  ] 2017-07-15T15:13:54.194074601Z: [    5.416726] usbcore: registered new interface driver usbhid
[STDERR  ] 2017-07-15T15:13:54.1940776Z: [    5.417107] usbhid: USB HID core driver
[STDERR  ] 2017-07-15T15:13:54.194083043Z: [    5.417832] hv_utils: Registering HyperV Utility Driver
[STDERR  ] 2017-07-15T15:13:54.194091267Z: [    5.418172] hv_vmbus: registering driver hv_util
[STDERR  ] 2017-07-15T15:13:54.194098005Z: [    5.418490] hv_vmbus: registering driver hv_balloon
[STDERR  ] 2017-07-15T15:13:54.194103643Z: [    5.419060] oprofile: using NMI interrupt.
[STDERR  ] 2017-07-15T15:13:54.194117954Z: [    5.420560] GACT probability on
[STDERR  ] 2017-07-15T15:13:54.194123727Z: [    5.421026] Mirror/redirect action on
[STDERR  ] 2017-07-15T15:13:54.194129311Z: [    5.421914] Simple TC action Loaded
[STDERR  ] 2017-07-15T15:13:54.194134837Z: [    5.422664] u32 classifier
[STDERR  ] 2017-07-15T15:13:54.194140214Z: [    5.422842]     Performance counters on
[STDERR  ] 2017-07-15T15:13:54.194145758Z: [    5.423065]     input device check on
[STDERR  ] 2017-07-15T15:13:54.194151295Z: [    5.423315]     Actions configured
[STDERR  ] 2017-07-15T15:13:54.194156871Z: [    5.423913] Netfilter messages via NETLINK v0.30.
[STDERR  ] 2017-07-15T15:13:54.19416241Z: [    5.424551] nfnl_acct: registering with nfnetlink.
[STDERR  ] 2017-07-15T15:13:54.194168243Z: [    5.426090] nf_conntrack version 0.5.0 (8192 buckets, 32768 max)
[STDERR  ] 2017-07-15T15:13:54.194177334Z: [    5.428322] ctnetlink v0.93: registering with nfnetlink.
[STDERR  ] 2017-07-15T15:13:54.19418133Z: [    5.431582] nf_tables: (c) 2007-2009 Patrick McHardy <kaber@trash.net>
[STDERR  ] 2017-07-15T15:13:54.194186891Z: [    5.432398] nf_tables_compat: (c) 2012 Pablo Neira Ayuso <pablo@netfilter.org>
[STDERR  ] 2017-07-15T15:13:54.194199284Z: [    5.434910] xt_time: kernel timezone is -0000
[STDERR  ] 2017-07-15T15:13:54.194206105Z: [    5.435493] ip_set: protocol 6
[STDERR  ] 2017-07-15T15:13:54.194214477Z: [    5.436183] IPVS: Registered protocols (TCP, UDP, SCTP, AH, ESP)
[STDERR  ] 2017-07-15T15:13:54.19422599Z: [    5.436812] IPVS: Connection hash table configured (size=4096, memory=64Kbytes)
[STDERR  ] 2017-07-15T15:13:54.194229274Z: [    5.438383] IPVS: Creating netns size=2096 id=0
[STDERR  ] 2017-07-15T15:13:54.194237981Z: [    5.441805] IPVS: ipvs loaded.
[STDERR  ] 2017-07-15T15:13:54.194240894Z: [    5.442275] IPVS: [rr] scheduler registered.
[STDERR  ] 2017-07-15T15:13:54.194248997Z: [    5.442672] IPVS: [wrr] scheduler registered.
[STDERR  ] 2017-07-15T15:13:54.194251855Z: [    5.442994] IPVS: [lc] scheduler registered.
[STDERR  ] 2017-07-15T15:13:54.194260311Z: [    5.443329] IPVS: [wlc] scheduler registered.
[STDERR  ] 2017-07-15T15:13:54.194265767Z: [    5.443653] IPVS: [fo] scheduler registered.
[STDERR  ] 2017-07-15T15:13:54.194271163Z: [    5.443958] IPVS: [ovf] scheduler registered.
[STDERR  ] 2017-07-15T15:13:54.194276604Z: [    5.444467] IPVS: [lblc] scheduler registered.
[STDERR  ] 2017-07-15T15:13:54.194282105Z: [    5.444931] IPVS: [lblcr] scheduler registered.
[STDERR  ] 2017-07-15T15:13:54.19429165Z: [    5.445267] IPVS: [dh] scheduler registered.
[STDERR  ] 2017-07-15T15:13:54.194297204Z: [    5.445581] IPVS: [sh] scheduler registered.
[STDERR  ] 2017-07-15T15:13:54.194300124Z: [    5.445872] IPVS: [sed] scheduler registered.
[STDERR  ] 2017-07-15T15:13:54.194308311Z: [    5.446170] IPVS: [nq] scheduler registered.
[STDERR  ] 2017-07-15T15:13:54.194313888Z: [    5.446970] IPVS: ftp: loaded support on port[0] = 21
[STDERR  ] 2017-07-15T15:13:54.194319647Z: [    5.447840] ipip: IPv4 and MPLS over IPv4 tunneling driver
[STDERR  ] 2017-07-15T15:13:54.194328217Z: [    5.452132] gre: GRE over IPv4 demultiplexor driver
[STDERR  ] 2017-07-15T15:13:54.194331284Z: [    5.455901] ip_tables: (C) 2000-2006 Netfilter Core Team
[STDERR  ] 2017-07-15T15:13:54.194336693Z: [    5.458958] ipt_CLUSTERIP: ClusterIP Version 0.8 loaded successfully
[STDERR  ] 2017-07-15T15:13:54.19434513Z: [    5.460280] arp_tables: arp_tables: (C) 2002 David S. Miller
[STDERR  ] 2017-07-15T15:13:54.194348034Z: [    5.462598] NET: Registered protocol family 10
[STDERR  ] 2017-07-15T15:13:54.194356118Z: [    5.471246] Segment Routing with IPv6
[STDERR  ] 2017-07-15T15:13:54.194361655Z: [    5.472098] ip6_tables: (C) 2000-2006 Netfilter Core Team
[STDERR  ] 2017-07-15T15:13:54.194364463Z: [    5.480152] NET: Registered protocol family 17
[STDERR  ] 2017-07-15T15:13:54.194372723Z: [    5.481270] Bridge firewalling registered
[STDERR  ] 2017-07-15T15:13:54.194378167Z: [    5.481802] Ebtables v2.0 registered
[STDERR  ] 2017-07-15T15:13:54.194383607Z: [    5.483705] 8021q: 802.1Q VLAN Support v1.8
[STDERR  ] 2017-07-15T15:13:54.19438896Z: [    5.485081] 9pnet: Installing 9P2000 support
[STDERR  ] 2017-07-15T15:13:54.194394408Z: [    5.486599] Key type dns_resolver registered
[STDERR  ] 2017-07-15T15:13:54.194399865Z: [    5.490813] registered taskstats version 1
[STDERR  ] 2017-07-15T15:13:54.194406701Z: [    5.704801] ata4: SATA link down (SStatus 0 SControl 300)
[STDERR  ] 2017-07-15T15:13:54.194409611Z: [    5.708253] ata3: SATA link up 1.5 Gbps (SStatus 113 SControl 300)
[STDERR  ] 2017-07-15T15:13:54.194417723Z: [    5.711343] ata2: SATA link down (SStatus 0 SControl 300)
[STDERR  ] 2017-07-15T15:13:54.194420384Z: [    5.711969] ata1: SATA link down (SStatus 0 SControl 300)
[STDERR  ] 2017-07-15T15:13:54.194428464Z: [    5.712588] ata5: SATA link down (SStatus 0 SControl 300)
[STDERR  ] 2017-07-15T15:13:54.194433887Z: [    5.714668] ata3.00: ATAPI: QEMU DVD-ROM, 2.5+, max UDMA/100
[STDERR  ] 2017-07-15T15:13:54.194444Z: [    5.715143] ata3.00: applying bridge limits
[STDERR  ] 2017-07-15T15:13:54.194449545Z: [    5.716933] ata3.00: configured for UDMA/100
[STDERR  ] 2017-07-15T15:13:54.194455038Z: [    5.738263] scsi 2:0:0:0: CD-ROM            QEMU     QEMU DVD-ROM     2.5+ PQ: 0 ANSI: 5
[STDERR  ] 2017-07-15T15:13:54.194460664Z: [    5.762473] sr 2:0:0:0: [sr0] scsi3-mmc drive: 4x/4x cd/rw xa/form2 tray
[STDERR  ] 2017-07-15T15:13:54.194466153Z: [    5.763219] cdrom: Uniform CD-ROM driver Revision: 3.20
[STDERR  ] 2017-07-15T15:13:54.194474423Z: [    5.764192] ata6: SATA link down (SStatus 0 SControl 300)
[STDERR  ] 2017-07-15T15:13:54.194480217Z: [    5.772111] sr 2:0:0:0: Attached scsi generic sg0 type 5
[STDERR  ] 2017-07-15T15:13:54.194485744Z: [    5.773928] Key type big_key registered
[STDERR  ] 2017-07-15T15:13:54.194488688Z: [    5.840010] Key type encrypted registered
[STDERR  ] 2017-07-15T15:13:54.194495077Z: [    5.845828] rtc_cmos 00:00: setting system clock to 2017-07-15 15:13:17 UTC (1500131597)
[STDERR  ] 2017-07-15T15:13:54.194503421Z: [    5.987780] Freeing unused kernel memory: 1416K
[STDERR  ] 2017-07-15T15:13:54.194508945Z: [    5.988194] Write protecting the kernel read-only data: 14336k
[STDERR  ] 2017-07-15T15:13:54.194517787Z: [    6.007324] Freeing unused kernel memory: 1816K
[STDERR  ] 2017-07-15T15:13:54.194523367Z: [    6.146434] Freeing unused kernel memory: 1292K
[STDERR  ] 2017-07-15T15:13:54.194528881Z: [    6.147183] tsc: Refined TSC clocksource calibration: 2600.001 MHz
[STDERR  ] 2017-07-15T15:13:54.194534968Z: [    6.147744] clocksource: tsc: mask: 0xffffffffffffffff max_cycles: 0x257a3ce1c4c, max_idle_ns: 440795206275 ns
[STDERR  ] 2017-07-15T15:13:54.194540887Z: [    7.160296] clocksource: Switched to clocksource tsc
[STDERR  ] 2017-07-15T15:13:54.194546508Z: [   12.711158] e1000: Intel(R) PRO/1000 Network Driver - version 7.3.21-k8-NAPI
[STDERR  ] 2017-07-15T15:13:54.194552023Z: [   12.711417] e1000: Copyright (c) 1999-2006 Intel Corporation.
[STDERR  ] 2017-07-15T15:13:54.194557837Z: [   12.731384] ACPI: PCI Interrupt Link [GSIG] enabled at IRQ 22
[STDERR  ] 2017-07-15T15:13:54.194566157Z: [   13.104533] e1000 0000:00:02.0 eth0: (PCI:33MHz:32-bit) 52:54:00:12:34:56
[STDERR  ] 2017-07-15T15:13:54.194569087Z: [   13.105575] e1000 0000:00:02.0 eth0: Intel(R) PRO/1000 Network Connection
[STDERR  ] 2017-07-15T15:13:54.194577395Z: 
[STDERR  ] 2017-07-15T15:13:54.194585708Z: Welcome to LinuxKit
[STDERR  ] 2017-07-15T15:13:54.19458881Z: 
[STDERR  ] 2017-07-15T15:13:54.194597263Z:                         ##         .
[STDERR  ] 2017-07-15T15:13:54.194600098Z:                   ## ## ##        ==
[STDERR  ] 2017-07-15T15:13:54.194608297Z:                ## ## ## ## ##    ===
[STDERR  ] 2017-07-15T15:13:54.194613877Z:            /"""""""""""""""""\___/ ===
[STDERR  ] 2017-07-15T15:13:54.194624288Z:           {                       /  ===-
[STDERR  ] 2017-07-15T15:13:54.194629941Z:            \______ O           __/
[STDERR  ] 2017-07-15T15:13:54.194635637Z:              \    \         __/
[STDERR  ] 2017-07-15T15:13:54.194641083Z:               \____\_______/
[STDERR  ] 2017-07-15T15:13:54.194644745Z: 
[STDERR  ] 2017-07-15T15:13:54.194653018Z: starting kernel config sanity test with /proc/config.gz
[STDERR  ] 2017-07-15T15:13:54.194658743Z: [   20.532211] RPC: Registered named UNIX socket transport module.
[STDERR  ] 2017-07-15T15:13:54.194661555Z: [   20.532836] RPC: Registered udp transport module.
[STDERR  ] 2017-07-15T15:13:54.19466989Z: [   20.533208] RPC: Registered tcp transport module.
[STDERR  ] 2017-07-15T15:13:54.194675577Z: [   20.533542] RPC: Registered tcp NFSv4.1 backchannel transport module.
[STDERR  ] 2017-07-15T15:13:54.194681274Z: [   20.670178] FS-Cache: Netfs 'nfs' registered for caching
[STDERR  ] 2017-07-15T15:13:54.194686833Z: [   20.804606] Installing knfsd (copyright (C) 1996 okir@monad.swb.de).
[STDERR  ] 2017-07-15T15:13:54.194692313Z: [   20.871666] ntfs: driver 2.1.32 [Flags: R/O MODULE].
[STDERR  ] 2017-07-15T15:13:54.194697901Z: kernel config test succeeded!
[STDERR  ] 2017-07-15T15:13:54.194700835Z: [37minfo: reading kernel config from /proc/config.gz ...[m
[STDERR  ] 2017-07-15T15:13:54.194708871Z: 
[STDERR  ] 2017-07-15T15:13:54.19471157Z: Generally Necessary:
[STDERR  ] 2017-07-15T15:13:54.194719768Z: - [37mcgroup hierarchy[m: [32mproperly mounted[m [/sys/fs/cgroup]
[STDERR  ] 2017-07-15T15:13:54.194725177Z: - [37mCONFIG_NAMESPACES[m: [32menabled[m
[STDERR  ] 2017-07-15T15:13:54.194730503Z: - [37mCONFIG_NET_NS[m: [32menabled[m
[STDERR  ] 2017-07-15T15:13:54.194738701Z: - [37mCONFIG_PID_NS[m: [32menabled[m
[STDERR  ] 2017-07-15T15:13:54.194744328Z: - [37mCONFIG_IPC_NS[m: [32menabled[m
[STDERR  ] 2017-07-15T15:13:54.194749715Z: - [37mCONFIG_UTS_NS[m: [32menabled[m
[STDERR  ] 2017-07-15T15:13:54.194755067Z: - [37mCONFIG_CGROUPS[m: [32menabled[m
[STDERR  ] 2017-07-15T15:13:54.1947604Z: - [37mCONFIG_CGROUP_CPUACCT[m: [32menabled[m
[STDERR  ] 2017-07-15T15:13:54.194765764Z: [   23.264191] random: fast init done
[STDERR  ] 2017-07-15T15:13:54.194768863Z: - [37mCONFIG_CGROUP_DEVICE[m: [32menabled[m
[STDERR  ] 2017-07-15T15:13:54.19477977Z: - [37mCONFIG_CGROUP_FREEZER[m: [32menabled[m
[STDERR  ] 2017-07-15T15:13:54.194782585Z: - [37mCONFIG_CGROUP_SCHED[m: [32menabled[m
[STDERR  ] 2017-07-15T15:13:54.19479077Z: - [37mCONFIG_CPUSETS[m: [32menabled[m
[STDERR  ] 2017-07-15T15:13:54.194796247Z: - [37mCONFIG_MEMCG[m: [32menabled[m
[STDERR  ] 2017-07-15T15:13:54.19480159Z: - [37mCONFIG_KEYS[m: [32menabled[m
[STDERR  ] 2017-07-15T15:13:54.19480706Z: - [37mCONFIG_VETH[m: [32menabled[m
[STDERR  ] 2017-07-15T15:13:54.194809971Z: - [37mCONFIG_BRIDGE[m: [32menabled[m
[STDERR  ] 2017-07-15T15:13:54.194821967Z: - [37mCONFIG_BRIDGE_NETFILTER[m: [32menabled[m
[STDERR  ] 2017-07-15T15:13:54.194827594Z: - [37mCONFIG_NF_NAT_IPV4[m: [32menabled[m
[STDERR  ] 2017-07-15T15:13:54.194836888Z: - [37mCONFIG_IP_NF_FILTER[m: [32menabled[m
[STDERR  ] 2017-07-15T15:13:54.194842278Z: - [37mCONFIG_IP_NF_TARGET_MASQUERADE[m: [32menabled[m
[STDERR  ] 2017-07-15T15:13:54.194850625Z: - [37mCONFIG_NETFILTER_XT_MATCH_ADDRTYPE[m: [32menabled[m
[STDERR  ] 2017-07-15T15:13:54.194853375Z: - [37mCONFIG_NETFILTER_XT_MATCH_CONNTRACK[m: [32menabled[m
[STDERR  ] 2017-07-15T15:13:54.194861424Z: - [37mCONFIG_NETFILTER_XT_MATCH_IPVS[m: [32menabled[m
[STDERR  ] 2017-07-15T15:13:54.194868937Z: - [37mCONFIG_IP_NF_NAT[m: [32menabled[m
[STDERR  ] 2017-07-15T15:13:54.194874458Z: - [37mCONFIG_NF_NAT[m: [32menabled[m
[STDERR  ] 2017-07-15T15:13:54.194879944Z: - [37mCONFIG_NF_NAT_NEEDED[m: [32menabled[m
[STDERR  ] 2017-07-15T15:13:54.194887128Z: - [37mCONFIG_POSIX_MQUEUE[m: [32menabled[m
[STDERR  ] 2017-07-15T15:13:54.1948927Z: 
[STDERR  ] 2017-07-15T15:13:54.194898634Z: Optional Features:
[STDERR  ] 2017-07-15T15:13:54.194904168Z: - [37mCONFIG_USER_NS[m: [32menabled[m
[STDERR  ] 2017-07-15T15:13:54.194909547Z: - [37mCONFIG_SECCOMP[m: [32menabled[m
[STDERR  ] 2017-07-15T15:13:54.19491502Z: - [37mCONFIG_CGROUP_PIDS[m: [32menabled[m
[STDERR  ] 2017-07-15T15:13:54.194920628Z: - [37mCONFIG_MEMCG_SWAP[m: [32menabled[m
[STDERR  ] 2017-07-15T15:13:54.194926087Z: - [37mCONFIG_MEMCG_SWAP_ENABLED[m: [32menabled[m
[STDERR  ] 2017-07-15T15:13:54.194931494Z:     [1;30m(cgroup swap accounting is currently enabled)[m
[STDERR  ] 2017-07-15T15:13:54.194937028Z: - [1mCONFIG_LEGACY_VSYSCALL_NONE[m: [1;31menabled[m
[STDERR  ] 2017-07-15T15:13:54.194942824Z:     [1;30m(containers using eglibc <= 2.13 will not work. Switch to[m
[STDERR  ] 2017-07-15T15:13:54.194948474Z:     [1;30m "CONFIG_VSYSCALL_[NATIVE|EMULATE]" or use "vsyscall=[native|emulate]"[m
[STDERR  ] 2017-07-15T15:13:54.194954025Z:     [1;30m on kernel command line. Note that this will disable ASLR for the,[m
[STDERR  ] 2017-07-15T15:13:54.194959423Z:     [1;30m VDSO which may assist in exploiting security vulnerabilities.)[m
[STDERR  ] 2017-07-15T15:13:54.194964868Z: - [37mCONFIG_BLK_CGROUP[m: [32menabled[m
[STDERR  ] 2017-07-15T15:13:54.194970343Z: - [37mCONFIG_BLK_DEV_THROTTLING[m: [32menabled[m
[STDERR  ] 2017-07-15T15:13:54.194973234Z: - [37mCONFIG_IOSCHED_CFQ[m: [32menabled[m
[STDERR  ] 2017-07-15T15:13:54.194978624Z: - [37mCONFIG_CFQ_GROUP_IOSCHED[m: [32menabled[m
[STDERR  ] 2017-07-15T15:13:54.194986737Z: - [37mCONFIG_CGROUP_PERF[m: [32menabled[m
[STDERR  ] 2017-07-15T15:13:54.194992235Z: - [37mCONFIG_CGROUP_HUGETLB[m: [32menabled[m
[STDERR  ] 2017-07-15T15:13:54.194997577Z: - [37mCONFIG_NET_CLS_CGROUP[m: [32menabled[m
[STDERR  ] 2017-07-15T15:13:54.19500046Z: - [37mCONFIG_CGROUP_NET_PRIO[m: [32menabled[m
[STDERR  ] 2017-07-15T15:13:54.195012317Z: - [37mCONFIG_CFS_BANDWIDTH[m: [32menabled[m
[STDERR  ] 2017-07-15T15:13:54.195015201Z: - [37mCONFIG_FAIR_GROUP_SCHED[m: [32menabled[m
[STDERR  ] 2017-07-15T15:13:54.195023295Z: - [37mCONFIG_RT_GROUP_SCHED[m: [32menabled[m
[STDERR  ] 2017-07-15T15:13:54.195032137Z: - [37mCONFIG_IP_VS[m: [32menabled[m
[STDERR  ] 2017-07-15T15:13:54.195037628Z: - [37mCONFIG_IP_VS_NFCT[m: [32menabled[m
[STDERR  ] 2017-07-15T15:13:54.195043123Z: - [37mCONFIG_IP_VS_RR[m: [32menabled[m
[STDERR  ] 2017-07-15T15:13:54.195048453Z: - [37mCONFIG_EXT4_FS[m: [32menabled[m
[STDERR  ] 2017-07-15T15:13:54.195053884Z: - [37mCONFIG_EXT4_FS_POSIX_ACL[m: [32menabled[m
[STDERR  ] 2017-07-15T15:13:54.19505679Z: - [37mCONFIG_EXT4_FS_SECURITY[m: [32menabled[m
[STDERR  ] 2017-07-15T15:13:54.195064948Z: - Network Drivers:
[STDERR  ] 2017-07-15T15:13:54.19506777Z:   - "[34moverlay[m":
[STDERR  ] 2017-07-15T15:13:54.195076211Z:     - [37mCONFIG_VXLAN[m: [32menabled[m
[STDERR  ] 2017-07-15T15:13:54.195081785Z:       Optional (for encrypted networks):
[STDERR  ] 2017-07-15T15:13:54.195084838Z:       - [37mCONFIG_CRYPTO[m: [32menabled[m
[STDERR  ] 2017-07-15T15:13:54.195092768Z:       - [37mCONFIG_CRYPTO_AEAD[m: [32menabled[m
[STDERR  ] 2017-07-15T15:13:54.195098195Z:       - [37mCONFIG_CRYPTO_GCM[m: [32menabled[m
[STDERR  ] 2017-07-15T15:13:54.195103677Z:       - [37mCONFIG_CRYPTO_SEQIV[m: [32menabled[m
[STDERR  ] 2017-07-15T15:13:54.195113955Z:       - [37mCONFIG_CRYPTO_GHASH[m: [32menabled[m
[STDERR  ] 2017-07-15T15:13:54.195122713Z:       - [37mCONFIG_XFRM[m: [32menabled[m
[STDERR  ] 2017-07-15T15:13:54.195133215Z:       - [37mCONFIG_XFRM_USER[m: [32menabled (as module)[m
[STDERR  ] 2017-07-15T15:13:54.195143157Z:       - [37mCONFIG_XFRM_ALGO[m: [32menabled (as module)[m
[STDERR  ] 2017-07-15T15:13:54.195148555Z:       - [37mCONFIG_INET_ESP[m: [32menabled (as module)[m
[STDERR  ] 2017-07-15T15:13:54.19515154Z:       - [37mCONFIG_INET_XFRM_MODE_TRANSPORT[m: [32menabled (as module)[m
[STDERR  ] 2017-07-15T15:13:54.195156944Z:   - "[34mipvlan[m":
[STDERR  ] 2017-07-15T15:13:54.195165671Z:     - [37mCONFIG_IPVLAN[m: [32menabled[m
[STDERR  ] 2017-07-15T15:13:54.195168457Z:   - "[34mmacvlan[m":
[STDERR  ] 2017-07-15T15:13:54.195177005Z:     - [37mCONFIG_MACVLAN[m: [32menabled[m
[STDERR  ] 2017-07-15T15:13:54.19518262Z:     - [37mCONFIG_DUMMY[m: [32menabled (as module)[m
[STDERR  ] 2017-07-15T15:13:54.195185493Z:   - "[34mftp,tftp client in container[m":
[STDERR  ] 2017-07-15T15:13:54.195193617Z:     - [37mCONFIG_NF_NAT_FTP[m: [32menabled[m
[STDERR  ] 2017-07-15T15:13:54.195196618Z:     - [37mCONFIG_NF_CONNTRACK_FTP[m: [32menabled[m
[STDERR  ] 2017-07-15T15:13:54.195204735Z:     - [37mCONFIG_NF_NAT_TFTP[m: [32menabled[m
[STDERR  ] 2017-07-15T15:13:54.195210345Z:     - [37mCONFIG_NF_CONNTRACK_TFTP[m: [32menabled[m
[STDERR  ] 2017-07-15T15:13:54.195213051Z: - Storage Drivers:
[STDERR  ] 2017-07-15T15:13:54.195221324Z:   - "[34maufs[m":
[STDERR  ] 2017-07-15T15:13:54.195228625Z:     - [1mCONFIG_AUFS_FS[m: [1;31mmissing[m
[STDERR  ] 2017-07-15T15:13:54.19523406Z:   - "[34mbtrfs[m":
[STDERR  ] 2017-07-15T15:13:54.19523949Z:     - [37mCONFIG_BTRFS_FS[m: [32menabled (as module)[m
[STDERR  ] 2017-07-15T15:13:54.195247097Z:     - [37mCONFIG_BTRFS_FS_POSIX_ACL[m: [32menabled[m
[STDERR  ] 2017-07-15T15:13:54.195252761Z:   - "[34mdevicemapper[m":
[STDERR  ] 2017-07-15T15:13:54.195258124Z:     - [37mCONFIG_BLK_DEV_DM[m: [32menabled[m
[STDERR  ] 2017-07-15T15:13:54.195260947Z:     - [37mCONFIG_DM_THIN_PROVISIONING[m: [32menabled[m
[STDERR  ] 2017-07-15T15:13:54.19526621Z:   - "[34moverlay[m":
[STDERR  ] 2017-07-15T15:13:54.195278145Z:     - [37mCONFIG_OVERLAY_FS[m: [32menabled[m
[STDERR  ] 2017-07-15T15:13:54.195283601Z:   - "[34mzfs[m":
[STDERR  ] 2017-07-15T15:13:54.195289004Z:     - [1m/dev/zfs[m: [1;31mmissing[m
[STDERR  ] 2017-07-15T15:13:54.195297431Z:     - [1mzfs command[m: [1;31mmissing[m
[STDERR  ] 2017-07-15T15:13:54.195303111Z:     - [1mzpool command[m: [1;31mmissing[m
[STDERR  ] 2017-07-15T15:13:54.195308827Z: 
[STDERR  ] 2017-07-15T15:13:54.195314583Z: Limits:
[STDERR  ] 2017-07-15T15:13:54.195320261Z: [37m- /proc/sys/kernel/keys/root_maxkeys[m: [32m1000000[m
[STDERR  ] 2017-07-15T15:13:54.195323015Z: 
[STDERR  ] 2017-07-15T15:13:54.19533149Z: Kernel config test suite PASSED
[STDERR  ] 2017-07-15T15:13:54.1953345Z:  - 000-check-kernel-config
[STDERR  ] 2017-07-15T15:13:54.195344465Z: [   41.269862] ACPI: Preparing to enter system sleep state S5
[STDERR  ] 2017-07-15T15:13:54.195347271Z: [   41.271452] reboot: Power down
[STDERR  ] 2017-07-15T15:13:54.195355604Z: + grep -q suite PASSED
[STDERR  ] 2017-07-15T15:13:54.196187151Z: + echo [    0.000000] Linux version 4.11.9-linuxkit (root@e1ede117fb1e) (gcc version 6.3.0 (Alpine 6.3.0) ) #1 SMP Wed Jul 12 17:20:08 UTC 2017
[STDERR  ] 2017-07-15T15:13:54.196196681Z: [    0.000000] Command line: console=ttyS0
[STDERR  ] 2017-07-15T15:13:54.196211214Z: [    0.000000] x86/fpu: x87 FPU will use FXSAVE
[STDERR  ] 2017-07-15T15:13:54.196230117Z: [    0.000000] e820: BIOS-provided physical RAM map:
[STDERR  ] 2017-07-15T15:13:54.196246208Z: [    0.000000] BIOS-e820: [mem 0x0000000000000000-0x000000000009fbff] usable
[STDERR  ] 2017-07-15T15:13:54.1962559Z: [    0.000000] BIOS-e820: [mem 0x000000000009fc00-0x000000000009ffff] reserved
[STDERR  ] 2017-07-15T15:13:54.196273085Z: [    0.000000] BIOS-e820: [mem 0x00000000000f0000-0x00000000000fffff] reserved
[STDERR  ] 2017-07-15T15:13:54.196277497Z: [    0.000000] BIOS-e820: [mem 0x0000000000100000-0x000000003ffdefff] usable
[STDERR  ] 2017-07-15T15:13:54.196286348Z: [    0.000000] BIOS-e820: [mem 0x000000003ffdf000-0x000000003fffffff] reserved
[STDERR  ] 2017-07-15T15:13:54.196299197Z: [    0.000000] BIOS-e820: [mem 0x00000000b0000000-0x00000000bfffffff] reserved
[STDERR  ] 2017-07-15T15:13:54.196308538Z: [    0.000000] BIOS-e820: [mem 0x00000000fed1c000-0x00000000fed1ffff] reserved
[STDERR  ] 2017-07-15T15:13:54.196317715Z: [    0.000000] BIOS-e820: [mem 0x00000000fffc0000-0x00000000ffffffff] reserved
[STDERR  ] 2017-07-15T15:13:54.196327031Z: [    0.000000] NX (Execute Disable) protection: active
[STDERR  ] 2017-07-15T15:13:54.196335725Z: [    0.000000] SMBIOS 2.8 present.
[STDERR  ] 2017-07-15T15:13:54.196355097Z: [    0.000000] DMI: QEMU Standard PC (Q35 + ICH9, 2009), BIOS rel-1.10.2-0-g5f4c7b1-prebuilt.qemu-project.org 04/01/2014
[STDERR  ] 2017-07-15T15:13:54.196364933Z: [    0.000000] e820: last_pfn = 0x3ffdf max_arch_pfn = 0x400000000
[STDERR  ] 2017-07-15T15:13:54.196373888Z: [    0.000000] x86/PAT: Configuration [0-7]: WB  WC  UC- UC  WB  WC  UC- WT  
[STDERR  ] 2017-07-15T15:13:54.196382915Z: [    0.000000] found SMP MP-table at [mem 0x000f6aa0-0x000f6aaf] mapped at [ffff96a1000f6aa0]
[STDERR  ] 2017-07-15T15:13:54.19639212Z: [    0.000000] RAMDISK: [mem 0x3eced000-0x3ffcffff]
[STDERR  ] 2017-07-15T15:13:54.196401085Z: [    0.000000] ACPI: Early table checksum verification disabled
[STDERR  ] 2017-07-15T15:13:54.196410738Z: [    0.000000] ACPI: RSDP 0x00000000000F68C0 000014 (v00 BOCHS )
[STDERR  ] 2017-07-15T15:13:54.196419424Z: [    0.000000] ACPI: RSDT 0x000000003FFE2404 000034 (v01 BOCHS  BXPCRSDT 00000001 BXPC 00000001)
[STDERR  ] 2017-07-15T15:13:54.196428258Z: [    0.000000] ACPI: FACP 0x000000003FFE22A4 000074 (v01 BOCHS  BXPCFACP 00000001 BXPC 00000001)
[STDERR  ] 2017-07-15T15:13:54.196437138Z: [    0.000000] ACPI: DSDT 0x000000003FFE0040 002264 (v01 BOCHS  BXPCDSDT 00000001 BXPC 00000001)
[STDERR  ] 2017-07-15T15:13:54.196445911Z: [    0.000000] ACPI: FACS 0x000000003FFE0000 000040
[STDERR  ] 2017-07-15T15:13:54.19645539Z: [    0.000000] ACPI: APIC 0x000000003FFE2318 000078 (v01 BOCHS  BXPCAPIC 00000001 BXPC 00000001)
[STDERR  ] 2017-07-15T15:13:54.196465025Z: [    0.000000] ACPI: HPET 0x000000003FFE2390 000038 (v01 BOCHS  BXPCHPET 00000001 BXPC 00000001)
[STDERR  ] 2017-07-15T15:13:54.196482395Z: [    0.000000] ACPI: MCFG 0x000000003FFE23C8 00003C (v01 BOCHS  BXPCMCFG 00000001 BXPC 00000001)
[STDERR  ] 2017-07-15T15:13:54.196504774Z: [    0.000000] Zone ranges:
[STDERR  ] 2017-07-15T15:13:54.196514275Z: [    0.000000]   DMA      [mem 0x0000000000001000-0x0000000000ffffff]
[STDERR  ] 2017-07-15T15:13:54.196519203Z: [    0.000000]   DMA32    [mem 0x0000000001000000-0x000000003ffdefff]
[STDERR  ] 2017-07-15T15:13:54.196533111Z: [    0.000000]   Normal   empty
[STDERR  ] 2017-07-15T15:13:54.196537951Z: [    0.000000]   Device   empty
[STDERR  ] 2017-07-15T15:13:54.196548703Z: [    0.000000] Movable zone start for each node
[STDERR  ] 2017-07-15T15:13:54.196551691Z: [    0.000000] Early memory node ranges
[STDERR  ] 2017-07-15T15:13:54.196559848Z: [    0.000000]   node   0: [mem 0x0000000000001000-0x000000000009efff]
[STDERR  ] 2017-07-15T15:13:54.196567957Z: [    0.000000]   node   0: [mem 0x0000000000100000-0x000000003ffdefff]
[STDERR  ] 2017-07-15T15:13:54.196570875Z: [    0.000000] Initmem setup node 0 [mem 0x0000000000001000-0x000000003ffdefff]
[STDERR  ] 2017-07-15T15:13:54.196579293Z: [    0.000000] ACPI: PM-Timer IO Port: 0x608
[STDERR  ] 2017-07-15T15:13:54.19658221Z: [    0.000000] ACPI: LAPIC_NMI (acpi_id[0xff] dfl dfl lint[0x1])
[STDERR  ] 2017-07-15T15:13:54.196592614Z: [    0.000000] IOAPIC[0]: apic_id 0, version 32, address 0xfec00000, GSI 0-23
[STDERR  ] 2017-07-15T15:13:54.196595485Z: [    0.000000] ACPI: INT_SRC_OVR (bus 0 bus_irq 0 global_irq 2 dfl dfl)
[STDERR  ] 2017-07-15T15:13:54.196630384Z: [    0.000000] ACPI: INT_SRC_OVR (bus 0 bus_irq 5 global_irq 5 high level)
[STDERR  ] 2017-07-15T15:13:54.196634993Z: [    0.000000] ACPI: INT_SRC_OVR (bus 0 bus_irq 9 global_irq 9 high level)
[STDERR  ] 2017-07-15T15:13:54.196645331Z: [    0.000000] ACPI: INT_SRC_OVR (bus 0 bus_irq 10 global_irq 10 high level)
[STDERR  ] 2017-07-15T15:13:54.19664811Z: [    0.000000] ACPI: INT_SRC_OVR (bus 0 bus_irq 11 global_irq 11 high level)
[STDERR  ] 2017-07-15T15:13:54.196656587Z: [    0.000000] Using ACPI (MADT) for SMP configuration information
[STDERR  ] 2017-07-15T15:13:54.196659551Z: [    0.000000] ACPI: HPET id: 0x8086a201 base: 0xfed00000
[STDERR  ] 2017-07-15T15:13:54.19667289Z: [    0.000000] smpboot: Allowing 1 CPUs, 0 hotplug CPUs
[STDERR  ] 2017-07-15T15:13:54.196675854Z: [    0.000000] e820: [mem 0x40000000-0xafffffff] available for PCI devices
[STDERR  ] 2017-07-15T15:13:54.196684203Z: [    0.000000] Booting paravirtualized kernel on bare hardware
[STDERR  ] 2017-07-15T15:13:54.196687071Z: [    0.000000] clocksource: refined-jiffies: mask: 0xffffffff max_cycles: 0xffffffff, max_idle_ns: 19112604462750000 ns
[STDERR  ] 2017-07-15T15:13:54.196700124Z: [    0.000000] setup_percpu: NR_CPUS:128 nr_cpumask_bits:128 nr_cpu_ids:1 nr_node_ids:1
[STDERR  ] 2017-07-15T15:13:54.196703073Z: [    0.000000] percpu: Embedded 37 pages/cpu @ffff96a13ea00000 s113304 r8192 d30056 u2097152
[STDERR  ] 2017-07-15T15:13:54.196711417Z: [    0.000000] Built 1 zonelists in Zone order, mobility grouping on.  Total pages: 257896
[STDERR  ] 2017-07-15T15:13:54.196718837Z: [    0.000000] Kernel command line: console=ttyS0
[STDERR  ] 2017-07-15T15:13:54.196724543Z: [    0.000000] PID hash table entries: 4096 (order: 3, 32768 bytes)
[STDERR  ] 2017-07-15T15:13:54.196727485Z: [    0.000000] Dentry cache hash table entries: 131072 (order: 8, 1048576 bytes)
[STDERR  ] 2017-07-15T15:13:54.196732937Z: [    0.000000] Inode-cache hash table entries: 65536 (order: 7, 524288 bytes)
[STDERR  ] 2017-07-15T15:13:54.196742008Z: [    0.000000] Memory: 992628K/1048052K available (8409K kernel code, 1392K rwdata, 2804K rodata, 1416K init, 652K bss, 55424K reserved, 0K cma-reserved)
[STDERR  ] 2017-07-15T15:13:54.196745163Z: [    0.000000] Hierarchical RCU implementation.
[STDERR  ] 2017-07-15T15:13:54.196750883Z: [    0.000000] 	Build-time adjustment of leaf fanout to 64.
[STDERR  ] 2017-07-15T15:13:54.196759374Z: [    0.000000] 	RCU restricting CPUs from NR_CPUS=128 to nr_cpu_ids=1.
[STDERR  ] 2017-07-15T15:13:54.196768994Z: [    0.000000] RCU: Adjusting geometry for rcu_fanout_leaf=64, nr_cpu_ids=1
[STDERR  ] 2017-07-15T15:13:54.196774795Z: [    0.000000] NR_IRQS:8448 nr_irqs:256 16
[STDERR  ] 2017-07-15T15:13:54.196790433Z: [    0.000000] Console: colour VGA+ 80x25
[STDERR  ] 2017-07-15T15:13:54.196796038Z: [    0.000000] console [ttyS0] enabled
[STDERR  ] 2017-07-15T15:13:54.196798873Z: [    0.000000] clocksource: hpet: mask: 0xffffffff max_cycles: 0xffffffff, max_idle_ns: 19112604467 ns
[STDERR  ] 2017-07-15T15:13:54.196805298Z: [    0.000000] tsc: Fast TSC calibration using PIT
[STDERR  ] 2017-07-15T15:13:54.196813604Z: [    0.010000] tsc: Detected 2600.006 MHz processor
[STDERR  ] 2017-07-15T15:13:54.196823764Z: [    0.010000] Calibrating delay loop (skipped), value calculated using timer frequency.. 5200.01 BogoMIPS (lpj=26000060)
[STDERR  ] 2017-07-15T15:13:54.196830113Z: [    0.010000] pid_max: default: 32768 minimum: 301
[STDERR  ] 2017-07-15T15:13:54.196838553Z: [    0.020671] ACPI: Core revision 20170119
[STDERR  ] 2017-07-15T15:13:54.19684128Z: [    0.070427] ACPI: 1 ACPI AML tables successfully acquired and loaded
[STDERR  ] 2017-07-15T15:13:54.196849555Z: [    0.075467] Security Framework initialized
[STDERR  ] 2017-07-15T15:13:54.196855997Z: [    0.076118] Yama: becoming mindful.
[STDERR  ] 2017-07-15T15:13:54.19686229Z: [    0.078303] Mount-cache hash table entries: 2048 (order: 2, 16384 bytes)
[STDERR  ] 2017-07-15T15:13:54.196870637Z: [    0.078938] Mountpoint-cache hash table entries: 2048 (order: 2, 16384 bytes)
[STDERR  ] 2017-07-15T15:13:54.196879755Z: [    0.097814] Last level iTLB entries: 4KB 0, 2MB 0, 4MB 0
[STDERR  ] 2017-07-15T15:13:54.19688549Z: [    0.098331] Last level dTLB entries: 4KB 0, 2MB 0, 4MB 0, 1GB 0
[STDERR  ] 2017-07-15T15:13:54.196891093Z: [    0.453735] Freeing SMP alternatives memory: 20K
[STDERR  ] 2017-07-15T15:13:54.196896777Z: [    0.464672] ftrace: allocating 37196 entries in 146 pages
[STDERR  ] 2017-07-15T15:13:54.196902384Z: [    0.627166] smpboot: Max logical packages: 1
[STDERR  ] 2017-07-15T15:13:54.196907957Z: [    0.635395] ..TIMER: vector=0x30 apic1=0 pin1=2 apic2=-1 pin2=-1
[STDERR  ] 2017-07-15T15:13:54.196913543Z: [    0.740000] smpboot: CPU0: AMD QEMU Virtual CPU version 2.5+ (family: 0x6, model: 0x6, stepping: 0x3)
[STDERR  ] 2017-07-15T15:13:54.196923903Z: [    0.740000] Performance Events: PMU not available due to virtualization, using software events only.
[STDERR  ] 2017-07-15T15:13:54.196929613Z: [    0.747980] NMI watchdog: disabled (cpu0): hardware events not enabled
[STDERR  ] 2017-07-15T15:13:54.196935187Z: [    0.748559] NMI watchdog: Shutting down hard lockup detector on all cpus
[STDERR  ] 2017-07-15T15:13:54.196940781Z: [    0.751330] smp: Bringing up secondary CPUs ...
[STDERR  ] 2017-07-15T15:13:54.196946355Z: [    0.751760] smp: Brought up 1 node, 1 CPU
[STDERR  ] 2017-07-15T15:13:54.196952145Z: [    0.752216] smpboot: Total of 1 processors activated (5200.01 BogoMIPS)
[STDERR  ] 2017-07-15T15:13:54.19695496Z: [    0.760695] sched_clock: Marking stable (760000000, 0)->(1034056994, -274056994)
[STDERR  ] 2017-07-15T15:13:54.196968618Z: [    0.771560] devtmpfs: initialized
[STDERR  ] 2017-07-15T15:13:54.1969717Z: [    0.776281] x86/mm: Memory block size: 128MB
[STDERR  ] 2017-07-15T15:13:54.196980378Z: [    0.845358] clocksource: jiffies: mask: 0xffffffff max_cycles: 0xffffffff, max_idle_ns: 19112604462750000 ns
[STDERR  ] 2017-07-15T15:13:54.196985904Z: [    0.846399] futex hash table entries: 256 (order: 2, 16384 bytes)
[STDERR  ] 2017-07-15T15:13:54.196991508Z: [    0.857593] NET: Registered protocol family 16
[STDERR  ] 2017-07-15T15:13:54.19699715Z: [    0.865949] cpuidle: using governor ladder
[STDERR  ] 2017-07-15T15:13:54.197002798Z: [    0.866449] cpuidle: using governor menu
[STDERR  ] 2017-07-15T15:13:54.197005628Z: [    0.866907] PCCT header not found.
[STDERR  ] 2017-07-15T15:13:54.197013877Z: [    0.868039] ACPI: bus type PCI registered
[STDERR  ] 2017-07-15T15:13:54.197016638Z: [    0.871076] PCI: MMCONFIG for domain 0000 [bus 00-ff] at [mem 0xb0000000-0xbfffffff] (base 0xb0000000)
[STDERR  ] 2017-07-15T15:13:54.197027604Z: [    0.871971] PCI: MMCONFIG at [mem 0xb0000000-0xbfffffff] reserved in E820
[STDERR  ] 2017-07-15T15:13:54.197033367Z: [    0.873471] PCI: Using configuration type 1 for base access
[STDERR  ] 2017-07-15T15:13:54.197039917Z: [    0.926827] HugeTLB registered 2 MB page size, pre-allocated 0 pages
[STDERR  ] 2017-07-15T15:13:54.197045515Z: [    0.940450] ACPI: Added _OSI(Module Device)
[STDERR  ] 2017-07-15T15:13:54.197048351Z: [    0.940663] ACPI: Added _OSI(Processor Device)
[STDERR  ] 2017-07-15T15:13:54.197053901Z: [    0.940930] ACPI: Added _OSI(3.0 _SCP Extensions)
[STDERR  ] 2017-07-15T15:13:54.197062263Z: [    0.941250] ACPI: Added _OSI(Processor Aggregator Device)
[STDERR  ] 2017-07-15T15:13:54.197067793Z: [    1.015137] ACPI: Interpreter enabled
[STDERR  ] 2017-07-15T15:13:54.197075181Z: [    1.016264] ACPI: (supports S0 S5)
[STDERR  ] 2017-07-15T15:13:54.19708405Z: [    1.016642] ACPI: Using IOAPIC for interrupt routing
[STDERR  ] 2017-07-15T15:13:54.197092697Z: [    1.019329] PCI: Using host bridge windows from ACPI; if necessary, use "pci=nocrs" and report a bug
[STDERR  ] 2017-07-15T15:13:54.197110951Z: [    1.091632] ACPI: PCI Root Bridge [PCI0] (domain 0000 [bus 00-ff])
[STDERR  ] 2017-07-15T15:13:54.197122248Z: [    1.093009] acpi PNP0A08:00: _OSC: OS supports [ExtendedConfig ASPM ClockPM Segments MSI]
[STDERR  ] 2017-07-15T15:13:54.197126758Z: [    1.099212] acpi PNP0A08:00: _OSC: OS now controls [PCIeHotplug PME PCIeCapability]
[STDERR  ] 2017-07-15T15:13:54.197155795Z: [    1.102935] PCI host bridge to bus 0000:00
[STDERR  ] 2017-07-15T15:13:54.19716534Z: [    1.103482] pci_bus 0000:00: root bus resource [io  0x0000-0x0cf7 window]
[STDERR  ] 2017-07-15T15:13:54.197170283Z: [    1.103971] pci_bus 0000:00: root bus resource [io  0x0d00-0xffff window]
[STDERR  ] 2017-07-15T15:13:54.19718427Z: [    1.104430] pci_bus 0000:00: root bus resource [mem 0x000a0000-0x000bffff window]
[STDERR  ] 2017-07-15T15:13:54.197193377Z: [    1.104932] pci_bus 0000:00: root bus resource [mem 0xc0000000-0xfebfffff window]
[STDERR  ] 2017-07-15T15:13:54.197202688Z: [    1.105626] pci_bus 0000:00: root bus resource [bus 00-ff]
[STDERR  ] 2017-07-15T15:13:54.197211838Z: [    1.195669] pci 0000:00:1f.0: quirk: [io  0x0600-0x067f] claimed by ICH6 ACPI/GPIO/TCO
[STDERR  ] 2017-07-15T15:13:54.197220517Z: [    1.251935] ACPI: PCI Interrupt Link [LNKA] (IRQs 5 *10 11)
[STDERR  ] 2017-07-15T15:13:54.197226961Z: [    1.254892] ACPI: PCI Interrupt Link [LNKB] (IRQs 5 *10 11)
[STDERR  ] 2017-07-15T15:13:54.197232628Z: [    1.257198] ACPI: PCI Interrupt Link [LNKC] (IRQs 5 10 *11)
[STDERR  ] 2017-07-15T15:13:54.19723812Z: [    1.259078] ACPI: PCI Interrupt Link [LNKD] (IRQs 5 10 *11)
[STDERR  ] 2017-07-15T15:13:54.197251378Z: [    1.261103] ACPI: PCI Interrupt Link [LNKE] (IRQs 5 *10 11)
[STDERR  ] 2017-07-15T15:13:54.197256857Z: [    1.262979] ACPI: PCI Interrupt Link [LNKF] (IRQs 5 *10 11)
[STDERR  ] 2017-07-15T15:13:54.197262404Z: [    1.264753] ACPI: PCI Interrupt Link [LNKG] (IRQs 5 10 *11)
[STDERR  ] 2017-07-15T15:13:54.197267895Z: [    1.266525] ACPI: PCI Interrupt Link [LNKH] (IRQs 5 10 *11)
[STDERR  ] 2017-07-15T15:13:54.197273384Z: [    1.267482] ACPI: PCI Interrupt Link [GSIA] (IRQs *16)
[STDERR  ] 2017-07-15T15:13:54.19727897Z: [    1.268052] ACPI: PCI Interrupt Link [GSIB] (IRQs *17)
[STDERR  ] 2017-07-15T15:13:54.197284545Z: [    1.268585] ACPI: PCI Interrupt Link [GSIC] (IRQs *18)
[STDERR  ] 2017-07-15T15:13:54.197287461Z: [    1.269094] ACPI: PCI Interrupt Link [GSID] (IRQs *19)
[STDERR  ] 2017-07-15T15:13:54.197295598Z: [    1.269642] ACPI: PCI Interrupt Link [GSIE] (IRQs *20)
[STDERR  ] 2017-07-15T15:13:54.197298495Z: [    1.270516] ACPI: PCI Interrupt Link [GSIF] (IRQs *21)
[STDERR  ] 2017-07-15T15:13:54.197306815Z: [    1.271252] ACPI: PCI Interrupt Link [GSIG] (IRQs *22)
[STDERR  ] 2017-07-15T15:13:54.19731226Z: [    1.271920] ACPI: PCI Interrupt Link [GSIH] (IRQs *23)
[STDERR  ] 2017-07-15T15:13:54.197317657Z: [    1.275387] ACPI: Enabled 2 GPEs in block 00 to 3F
[STDERR  ] 2017-07-15T15:13:54.197331183Z: [    1.280590] SCSI subsystem initialized
[STDERR  ] 2017-07-15T15:13:54.197337068Z: [    1.282961] ACPI: bus type USB registered
[STDERR  ] 2017-07-15T15:13:54.19734259Z: [    1.283982] usbcore: registered new interface driver usbfs
[STDERR  ] 2017-07-15T15:13:54.197348011Z: [    1.284838] usbcore: registered new interface driver hub
[STDERR  ] 2017-07-15T15:13:54.197353514Z: [    1.285696] usbcore: registered new device driver usb
[STDERR  ] 2017-07-15T15:13:54.197359998Z: [    1.286718] pps_core: LinuxPPS API ver. 1 registered
[STDERR  ] 2017-07-15T15:13:54.197362818Z: [    1.287056] pps_core: Software ver. 5.3.6 - Copyright 2005-2007 Rodolfo Giometti <giometti@linux.it>
[STDERR  ] 2017-07-15T15:13:54.197371223Z: [    1.287793] PTP clock support registered
[STDERR  ] 2017-07-15T15:13:54.197374155Z: [    1.289002] wmi: Mapper loaded
[STDERR  ] 2017-07-15T15:13:54.197382764Z: [    1.290722] PCI: Using ACPI for IRQ routing
[STDERR  ] 2017-07-15T15:13:54.197391414Z: [    1.307822] NetLabel: Initializing
[STDERR  ] 2017-07-15T15:13:54.197396988Z: [    1.308078] NetLabel:  domain hash size = 128
[STDERR  ] 2017-07-15T15:13:54.197402491Z: [    1.308472] NetLabel:  protocols = UNLABELED CIPSOv4 CALIPSO
[STDERR  ] 2017-07-15T15:13:54.197412217Z: [    1.310829] NetLabel:  unlabeled traffic allowed by default
[STDERR  ] 2017-07-15T15:13:54.197417834Z: [    1.311864] HPET: 3 timers in total, 0 timers will be used for per-cpu timer
[STDERR  ] 2017-07-15T15:13:54.197426441Z: [    1.312683] hpet0: at MMIO 0xfed00000, IRQs 2, 8, 0
[STDERR  ] 2017-07-15T15:13:54.197432135Z: [    1.313067] hpet0: 3 comparators, 64-bit 100.000000 MHz counter
[STDERR  ] 2017-07-15T15:13:54.197437691Z: [    1.319287] clocksource: Switched to clocksource hpet
[STDERR  ] 2017-07-15T15:13:54.197443238Z: [    1.600836] VFS: Disk quotas dquot_6.6.0
[STDERR  ] 2017-07-15T15:13:54.197448843Z: [    1.601631] VFS: Dquot-cache hash table entries: 512 (order 0, 4096 bytes)
[STDERR  ] 2017-07-15T15:13:54.197451814Z: [    1.605355] FS-Cache: Loaded
[STDERR  ] 2017-07-15T15:13:54.197462163Z: [    1.612028] CacheFiles: Loaded
[STDERR  ] 2017-07-15T15:13:54.197465083Z: [    1.613592] pnp: PnP ACPI init
[STDERR  ] 2017-07-15T15:13:54.197477284Z: [    1.624451] pnp: PnP ACPI: found 5 devices
[STDERR  ] 2017-07-15T15:13:54.197482895Z: [    1.665011] clocksource: acpi_pm: mask: 0xffffff max_cycles: 0xffffff, max_idle_ns: 2085701024 ns
[STDERR  ] 2017-07-15T15:13:54.197488333Z: [    1.669555] NET: Registered protocol family 2
[STDERR  ] 2017-07-15T15:13:54.197491191Z: [    1.676410] TCP established hash table entries: 8192 (order: 4, 65536 bytes)
[STDERR  ] 2017-07-15T15:13:54.197502668Z: [    1.677242] TCP bind hash table entries: 8192 (order: 5, 131072 bytes)
[STDERR  ] 2017-07-15T15:13:54.197505494Z: [    1.677987] TCP: Hash tables configured (established 8192 bind 8192)
[STDERR  ] 2017-07-15T15:13:54.19751353Z: [    1.680336] UDP hash table entries: 512 (order: 2, 16384 bytes)
[STDERR  ] 2017-07-15T15:13:54.197518904Z: [    1.681029] UDP-Lite hash table entries: 512 (order: 2, 16384 bytes)
[STDERR  ] 2017-07-15T15:13:54.197521867Z: [    1.683306] NET: Registered protocol family 1
[STDERR  ] 2017-07-15T15:13:54.197532291Z: [    1.684309] pci 0000:00:01.0: Video device with shadowed ROM at [mem 0x000c0000-0x000dffff]
[STDERR  ] 2017-07-15T15:13:54.197540887Z: [    1.692577] Trying to unpack rootfs image as initramfs...
[STDERR  ] 2017-07-15T15:13:54.19754382Z: [    4.972070] Freeing initrd memory: 19340K
[STDERR  ] 2017-07-15T15:13:54.19754935Z: [    4.997245] PCLMULQDQ-NI instructions are not detected.
[STDERR  ] 2017-07-15T15:13:54.197557558Z: [    4.998814] AVX or AES-NI instructions are not detected.
[STDERR  ] 2017-07-15T15:13:54.197563104Z: [    4.999768] CPU feature 'AVX registers' is not supported.
[STDERR  ] 2017-07-15T15:13:54.197568668Z: [    5.000222] CPU feature 'AVX registers' is not supported.
[STDERR  ] 2017-07-15T15:13:54.19757159Z: [    5.000663] CPU feature 'AVX registers' is not supported.
[STDERR  ] 2017-07-15T15:13:54.197577071Z: [    5.001128] CPU feature 'AVX registers' is not supported.
[STDERR  ] 2017-07-15T15:13:54.197588575Z: [    5.001617] AVX2 or AES-NI instructions are not detected.
[STDERR  ] 2017-07-15T15:13:54.197595803Z: [    5.002044] AVX2 instructions are not detected.
[STDERR  ] 2017-07-15T15:13:54.197605535Z: [    5.008987] audit: initializing netlink subsys (disabled)
[STDERR  ] 2017-07-15T15:13:54.197616107Z: [    5.015574] audit: type=2000 audit(1500131596.000:1): state=initialized audit_enabled=0 res=1
[STDERR  ] 2017-07-15T15:13:54.197621823Z: [    5.016871] workingset: timestamp_bits=46 max_order=18 bucket_order=0
[STDERR  ] 2017-07-15T15:13:54.197624934Z: [    5.025332] FS-Cache: Netfs 'cifs' registered for caching
[STDERR  ] 2017-07-15T15:13:54.197630564Z: [    5.026354] fuse init (API version 7.26)
[STDERR  ] 2017-07-15T15:13:54.197638881Z: [    5.030257] SGI XFS with ACLs, security attributes, no debug enabled
[STDERR  ] 2017-07-15T15:13:54.197644508Z: [    5.034505] 9p: Installing v9fs 9p2000 file system support
[STDERR  ] 2017-07-15T15:13:54.197650087Z: [    5.035073] FS-Cache: Netfs '9p' registered for caching
[STDERR  ] 2017-07-15T15:13:54.197652995Z: [    5.073375] NET: Registered protocol family 38
[STDERR  ] 2017-07-15T15:13:54.19766121Z: [    5.074154] Key type asymmetric registered
[STDERR  ] 2017-07-15T15:13:54.197664131Z: [    5.074565] Asymmetric key parser 'x509' registered
[STDERR  ] 2017-07-15T15:13:54.197676015Z: [    5.075456] Block layer SCSI generic (bsg) driver version 0.4 loaded (major 248)
[STDERR  ] 2017-07-15T15:13:54.197689363Z: [    5.077322] io scheduler noop registered
[STDERR  ] 2017-07-15T15:13:54.197695058Z: [    5.077688] io scheduler deadline registered (default)
[STDERR  ] 2017-07-15T15:13:54.197697971Z: [    5.078401] io scheduler cfq registered
[STDERR  ] 2017-07-15T15:13:54.197703404Z: [    5.078694] io scheduler mq-deadline registered
[STDERR  ] 2017-07-15T15:13:54.197711794Z: [    5.082697] shpchp: Standard Hot Plug PCI Controller Driver version: 0.4
[STDERR  ] 2017-07-15T15:13:54.197717441Z: [    5.083567] hv_vmbus: registering driver hyperv_fb
[STDERR  ] 2017-07-15T15:13:54.197722951Z: [    5.086320] input: Power Button as /devices/LNXSYSTM:00/LNXPWRBN:00/input/input0
[STDERR  ] 2017-07-15T15:13:54.197728494Z: [    5.087470] ACPI: Power Button [PWRF]
[STDERR  ] 2017-07-15T15:13:54.197733978Z: [    5.093159] GHES: HEST is not enabled!
[STDERR  ] 2017-07-15T15:13:54.197739511Z: [    5.104579] ACPI: PCI Interrupt Link [GSIH] enabled at IRQ 23
[STDERR  ] 2017-07-15T15:13:54.197745067Z: [    5.110725] xenfs: not registering filesystem on non-xen platform
[STDERR  ] 2017-07-15T15:13:54.197750728Z: [    5.112644] Serial: 8250/16550 driver, 4 ports, IRQ sharing disabled
[STDERR  ] 2017-07-15T15:13:54.197756235Z: [    5.137769] 00:04: ttyS0 at I/O 0x3f8 (irq = 4, base_baud = 115200) is a 16550A
[STDERR  ] 2017-07-15T15:13:54.197765607Z: [    5.148621] Non-volatile memory driver v1.3
[STDERR  ] 2017-07-15T15:13:54.197771327Z: [    5.154660] Hangcheck: starting hangcheck timer 0.9.1 (tick is 180 seconds, margin is 60 seconds).
[STDERR  ] 2017-07-15T15:13:54.197777075Z: [    5.217689] brd: module loaded
[STDERR  ] 2017-07-15T15:13:54.197782755Z: [    5.251247] loop: module loaded
[STDERR  ] 2017-07-15T15:13:54.197788468Z: [    5.311919] lpc_ich 0000:00:1f.0: I/O space for GPIO uninitialized
[STDERR  ] 2017-07-15T15:13:54.197791475Z: [    5.314853] VMware PVSCSI driver - version 1.0.7.0-k
[STDERR  ] 2017-07-15T15:13:54.197796903Z: [    5.315677] hv_vmbus: registering driver hv_storvsc
[STDERR  ] 2017-07-15T15:13:54.1978052Z: [    5.325806] ACPI: PCI Interrupt Link [GSIA] enabled at IRQ 16
[STDERR  ] 2017-07-15T15:13:54.197810798Z: [    5.332010] ahci 0000:00:1f.2: AHCI 0001.0000 32 slots 6 ports 1.5 Gbps 0x3f impl SATA mode
[STDERR  ] 2017-07-15T15:13:54.197816411Z: [    5.332706] ahci 0000:00:1f.2: flags: 64bit ncq only 
[STDERR  ] 2017-07-15T15:13:54.197825347Z: [    5.348748] scsi host0: ahci
[STDERR  ] 2017-07-15T15:13:54.197830995Z: [    5.353865] scsi host1: ahci
[STDERR  ] 2017-07-15T15:13:54.197839723Z: [    5.356736] scsi host2: ahci
[STDERR  ] 2017-07-15T15:13:54.197845321Z: [    5.359511] scsi host3: ahci
[STDERR  ] 2017-07-15T15:13:54.197851928Z: [    5.361399] scsi host4: ahci
[STDERR  ] 2017-07-15T15:13:54.197857677Z: [    5.363316] scsi host5: ahci
[STDERR  ] 2017-07-15T15:13:54.197863391Z: [    5.364796] ata1: SATA max UDMA/133 abar m4096@0xfebf1000 port 0xfebf1100 irq 24
[STDERR  ] 2017-07-15T15:13:54.19786903Z: [    5.365299] ata2: SATA max UDMA/133 abar m4096@0xfebf1000 port 0xfebf1180 irq 24
[STDERR  ] 2017-07-15T15:13:54.197874517Z: [    5.365811] ata3: SATA max UDMA/133 abar m4096@0xfebf1000 port 0xfebf1200 irq 24
[STDERR  ] 2017-07-15T15:13:54.197877427Z: [    5.366272] ata4: SATA max UDMA/133 abar m4096@0xfebf1000 port 0xfebf1280 irq 24
[STDERR  ] 2017-07-15T15:13:54.197885477Z: [    5.366780] ata5: SATA max UDMA/133 abar m4096@0xfebf1000 port 0xfebf1300 irq 24
[STDERR  ] 2017-07-15T15:13:54.197890961Z: [    5.367240] ata6: SATA max UDMA/133 abar m4096@0xfebf1000 port 0xfebf1380 irq 24
[STDERR  ] 2017-07-15T15:13:54.197893895Z: [    5.378863] tun: Universal TUN/TAP device driver, 1.6
[STDERR  ] 2017-07-15T15:13:54.197902307Z: [    5.381314] VMware vmxnet3 virtual NIC driver - version 1.4.a.0-k-NAPI
[STDERR  ] 2017-07-15T15:13:54.1979079Z: [    5.382254] hv_vmbus: registering driver hv_netvsc
[STDERR  ] 2017-07-15T15:13:54.197913547Z: [    5.382595] Fusion MPT base driver 3.04.20
[STDERR  ] 2017-07-15T15:13:54.197919038Z: [    5.382902] Copyright (c) 1999-2008 LSI Corporation
[STDERR  ] 2017-07-15T15:13:54.197927448Z: [    5.383507] Fusion MPT SPI Host driver 3.04.20
[STDERR  ] 2017-07-15T15:13:54.197933011Z: [    5.385476] i8042: PNP: PS/2 Controller [PNP0303:KBD,PNP0f13:MOU] at 0x60,0x64 irq 1,12
[STDERR  ] 2017-07-15T15:13:54.197938765Z: [    5.390045] serio: i8042 KBD port at 0x60,0x64 irq 1
[STDERR  ] 2017-07-15T15:13:54.197944263Z: [    5.390721] serio: i8042 AUX port at 0x60,0x64 irq 12
[STDERR  ] 2017-07-15T15:13:54.197949668Z: [    5.393257] hv_vmbus: registering driver hyperv_keyboard
[STDERR  ] 2017-07-15T15:13:54.197952561Z: [    5.395199] mousedev: PS/2 mouse device common for all mice
[STDERR  ] 2017-07-15T15:13:54.197957968Z: [    5.399651] input: AT Translated Set 2 keyboard as /devices/platform/i8042/serio0/input/input1
[STDERR  ] 2017-07-15T15:13:54.197966258Z: [    5.402024] input: PC Speaker as /devices/platform/pcspkr/input/input2
[STDERR  ] 2017-07-15T15:13:54.197971863Z: [    5.405378] rtc_cmos 00:00: RTC can wake from S4
[STDERR  ] 2017-07-15T15:13:54.197977493Z: [    5.408179] rtc_cmos 00:00: rtc core: registered rtc_cmos as rtc0
[STDERR  ] 2017-07-15T15:13:54.19798306Z: [    5.409997] rtc_cmos 00:00: alarms up to one day, y3k, 114 bytes nvram, hpet irqs
[STDERR  ] 2017-07-15T15:13:54.197988627Z: [    5.410732] i2c /dev entries driver
[STDERR  ] 2017-07-15T15:13:54.197995471Z: [    5.412556] device-mapper: ioctl: 4.35.0-ioctl (2016-06-23) initialised: dm-devel@redhat.com
[STDERR  ] 2017-07-15T15:13:54.198001008Z: [    5.416726] usbcore: registered new interface driver usbhid
[STDERR  ] 2017-07-15T15:13:54.198008171Z: [    5.417107] usbhid: USB HID core driver
[STDERR  ] 2017-07-15T15:13:54.198013743Z: [    5.417832] hv_utils: Registering HyperV Utility Driver
[STDERR  ] 2017-07-15T15:13:54.198019131Z: [    5.418172] hv_vmbus: registering driver hv_util
[STDERR  ] 2017-07-15T15:13:54.198027988Z: [    5.418490] hv_vmbus: registering driver hv_balloon
[STDERR  ] 2017-07-15T15:13:54.198030994Z: [    5.419060] oprofile: using NMI interrupt.
[STDERR  ] 2017-07-15T15:13:54.19803939Z: [    5.420560] GACT probability on
[STDERR  ] 2017-07-15T15:13:54.198045018Z: [    5.421026] Mirror/redirect action on
[STDERR  ] 2017-07-15T15:13:54.198050638Z: [    5.421914] Simple TC action Loaded
[STDERR  ] 2017-07-15T15:13:54.198053428Z: [    5.422664] u32 classifier
[STDERR  ] 2017-07-15T15:13:54.198062033Z: [    5.422842]     Performance counters on
[STDERR  ] 2017-07-15T15:13:54.198067591Z: [    5.423065]     input device check on
[STDERR  ] 2017-07-15T15:13:54.198076151Z: [    5.423315]     Actions configured
[STDERR  ] 2017-07-15T15:13:54.198081983Z: [    5.423913] Netfilter messages via NETLINK v0.30.
[STDERR  ] 2017-07-15T15:13:54.198087555Z: [    5.424551] nfnl_acct: registering with nfnetlink.
[STDERR  ] 2017-07-15T15:13:54.198090444Z: [    5.426090] nf_conntrack version 0.5.0 (8192 buckets, 32768 max)
[STDERR  ] 2017-07-15T15:13:54.198098634Z: [    5.428322] ctnetlink v0.93: registering with nfnetlink.
[STDERR  ] 2017-07-15T15:13:54.198101375Z: [    5.431582] nf_tables: (c) 2007-2009 Patrick McHardy <kaber@trash.net>
[STDERR  ] 2017-07-15T15:13:54.19810974Z: [    5.432398] nf_tables_compat: (c) 2012 Pablo Neira Ayuso <pablo@netfilter.org>
[STDERR  ] 2017-07-15T15:13:54.198118757Z: [    5.434910] xt_time: kernel timezone is -0000
[STDERR  ] 2017-07-15T15:13:54.198124554Z: [    5.435493] ip_set: protocol 6
[STDERR  ] 2017-07-15T15:13:54.198130123Z: [    5.436183] IPVS: Registered protocols (TCP, UDP, SCTP, AH, ESP)
[STDERR  ] 2017-07-15T15:13:54.198139421Z: [    5.436812] IPVS: Connection hash table configured (size=4096, memory=64Kbytes)
[STDERR  ] 2017-07-15T15:13:54.198142317Z: [    5.438383] IPVS: Creating netns size=2096 id=0
[STDERR  ] 2017-07-15T15:13:54.198150855Z: [    5.441805] IPVS: ipvs loaded.
[STDERR  ] 2017-07-15T15:13:54.198156583Z: [    5.442275] IPVS: [rr] scheduler registered.
[STDERR  ] 2017-07-15T15:13:54.198162091Z: [    5.442672] IPVS: [wrr] scheduler registered.
[STDERR  ] 2017-07-15T15:13:54.198170048Z: [    5.442994] IPVS: [lc] scheduler registered.
[STDERR  ] 2017-07-15T15:13:54.198181151Z: [    5.443329] IPVS: [wlc] scheduler registered.
[STDERR  ] 2017-07-15T15:13:54.198184185Z: [    5.443653] IPVS: [fo] scheduler registered.
[STDERR  ] 2017-07-15T15:13:54.198189684Z: [    5.443958] IPVS: [ovf] scheduler registered.
[STDERR  ] 2017-07-15T15:13:54.198197815Z: [    5.444467] IPVS: [lblc] scheduler registered.
[STDERR  ] 2017-07-15T15:13:54.198200724Z: [    5.444931] IPVS: [lblcr] scheduler registered.
[STDERR  ] 2017-07-15T15:13:54.1982089Z: [    5.445267] IPVS: [dh] scheduler registered.
[STDERR  ] 2017-07-15T15:13:54.198214513Z: [    5.445581] IPVS: [sh] scheduler registered.
[STDERR  ] 2017-07-15T15:13:54.198217398Z: [    5.445872] IPVS: [sed] scheduler registered.
[STDERR  ] 2017-07-15T15:13:54.198225678Z: [    5.446170] IPVS: [nq] scheduler registered.
[STDERR  ] 2017-07-15T15:13:54.198231221Z: [    5.446970] IPVS: ftp: loaded support on port[0] = 21
[STDERR  ] 2017-07-15T15:13:54.1982342Z: [    5.447840] ipip: IPv4 and MPLS over IPv4 tunneling driver
[STDERR  ] 2017-07-15T15:13:54.198242418Z: [    5.452132] gre: GRE over IPv4 demultiplexor driver
[STDERR  ] 2017-07-15T15:13:54.19825275Z: [    5.455901] ip_tables: (C) 2000-2006 Netfilter Core Team
[STDERR  ] 2017-07-15T15:13:54.198258513Z: [    5.458958] ipt_CLUSTERIP: ClusterIP Version 0.8 loaded successfully
[STDERR  ] 2017-07-15T15:13:54.198264133Z: [    5.460280] arp_tables: arp_tables: (C) 2002 David S. Miller
[STDERR  ] 2017-07-15T15:13:54.19826692Z: [    5.462598] NET: Registered protocol family 10
[STDERR  ] 2017-07-15T15:13:54.19827535Z: [    5.471246] Segment Routing with IPv6
[STDERR  ] 2017-07-15T15:13:54.198280797Z: [    5.472098] ip6_tables: (C) 2000-2006 Netfilter Core Team
[STDERR  ] 2017-07-15T15:13:54.19828374Z: [    5.480152] NET: Registered protocol family 17
[STDERR  ] 2017-07-15T15:13:54.198289271Z: [    5.481270] Bridge firewalling registered
[STDERR  ] 2017-07-15T15:13:54.198297427Z: [    5.481802] Ebtables v2.0 registered
[STDERR  ] 2017-07-15T15:13:54.198303008Z: [    5.483705] 8021q: 802.1Q VLAN Support v1.8
[STDERR  ] 2017-07-15T15:13:54.198308844Z: [    5.485081] 9pnet: Installing 9P2000 support
[STDERR  ] 2017-07-15T15:13:54.198311878Z: [    5.486599] Key type dns_resolver registered
[STDERR  ] 2017-07-15T15:13:54.198317238Z: [    5.490813] registered taskstats version 1
[STDERR  ] 2017-07-15T15:13:54.198325438Z: [    5.704801] ata4: SATA link down (SStatus 0 SControl 300)
[STDERR  ] 2017-07-15T15:13:54.198331135Z: [    5.708253] ata3: SATA link up 1.5 Gbps (SStatus 113 SControl 300)
[STDERR  ] 2017-07-15T15:13:54.198334087Z: [    5.711343] ata2: SATA link down (SStatus 0 SControl 300)
[STDERR  ] 2017-07-15T15:13:54.198345187Z: [    5.711969] ata1: SATA link down (SStatus 0 SControl 300)
[STDERR  ] 2017-07-15T15:13:54.19835079Z: [    5.712588] ata5: SATA link down (SStatus 0 SControl 300)
[STDERR  ] 2017-07-15T15:13:54.198356263Z: [    5.714668] ata3.00: ATAPI: QEMU DVD-ROM, 2.5+, max UDMA/100
[STDERR  ] 2017-07-15T15:13:54.198359163Z: [    5.715143] ata3.00: applying bridge limits
[STDERR  ] 2017-07-15T15:13:54.19836735Z: [    5.716933] ata3.00: configured for UDMA/100
[STDERR  ] 2017-07-15T15:13:54.198376748Z: [    5.738263] scsi 2:0:0:0: CD-ROM            QEMU     QEMU DVD-ROM     2.5+ PQ: 0 ANSI: 5
[STDERR  ] 2017-07-15T15:13:54.198379861Z: [    5.762473] sr 2:0:0:0: [sr0] scsi3-mmc drive: 4x/4x cd/rw xa/form2 tray
[STDERR  ] 2017-07-15T15:13:54.198385293Z: [    5.763219] cdrom: Uniform CD-ROM driver Revision: 3.20
[STDERR  ] 2017-07-15T15:13:54.19839347Z: [    5.764192] ata6: SATA link down (SStatus 0 SControl 300)
[STDERR  ] 2017-07-15T15:13:54.198399041Z: [    5.772111] sr 2:0:0:0: Attached scsi generic sg0 type 5
[STDERR  ] 2017-07-15T15:13:54.198407974Z: [    5.773928] Key type big_key registered
[STDERR  ] 2017-07-15T15:13:54.198410845Z: [    5.840010] Key type encrypted registered
[STDERR  ] 2017-07-15T15:13:54.198416228Z: [    5.845828] rtc_cmos 00:00: setting system clock to 2017-07-15 15:13:17 UTC (1500131597)
[STDERR  ] 2017-07-15T15:13:54.198431593Z: [    5.987780] Freeing unused kernel memory: 1416K
[STDERR  ] 2017-07-15T15:13:54.198434673Z: [    5.988194] Write protecting the kernel read-only data: 14336k
[STDERR  ] 2017-07-15T15:13:54.198444215Z: [    6.007324] Freeing unused kernel memory: 1816K
[STDERR  ] 2017-07-15T15:13:54.198451054Z: [    6.146434] Freeing unused kernel memory: 1292K
[STDERR  ] 2017-07-15T15:13:54.198457234Z: [    6.147183] tsc: Refined TSC clocksource calibration: 2600.001 MHz
[STDERR  ] 2017-07-15T15:13:54.198465723Z: [    6.147744] clocksource: tsc: mask: 0xffffffffffffffff max_cycles: 0x257a3ce1c4c, max_idle_ns: 440795206275 ns
[STDERR  ] 2017-07-15T15:13:54.198471315Z: [    7.160296] clocksource: Switched to clocksource tsc
[STDERR  ] 2017-07-15T15:13:54.198476915Z: [   12.711158] e1000: Intel(R) PRO/1000 Network Driver - version 7.3.21-k8-NAPI
[STDERR  ] 2017-07-15T15:13:54.198479963Z: [   12.711417] e1000: Copyright (c) 1999-2006 Intel Corporation.
[STDERR  ] 2017-07-15T15:13:54.198485441Z: [   12.731384] ACPI: PCI Interrupt Link [GSIG] enabled at IRQ 22
[STDERR  ] 2017-07-15T15:13:54.198493803Z: [   13.104533] e1000 0000:00:02.0 eth0: (PCI:33MHz:32-bit) 52:54:00:12:34:56
[STDERR  ] 2017-07-15T15:13:54.198499431Z: [   13.105575] e1000 0000:00:02.0 eth0: Intel(R) PRO/1000 Network Connection
[STDERR  ] 2017-07-15T15:13:54.198505255Z: 
[STDERR  ] 2017-07-15T15:13:54.198511121Z: Welcome to LinuxKit
[STDERR  ] 2017-07-15T15:13:54.198516721Z: 
[STDERR  ] 2017-07-15T15:13:54.19852358Z:                         ##         .
[STDERR  ] 2017-07-15T15:13:54.19852929Z:                   ## ## ##        ==
[STDERR  ] 2017-07-15T15:13:54.198534961Z:                ## ## ## ## ##    ===
[STDERR  ] 2017-07-15T15:13:54.198540381Z:            /"""""""""""""""""\___/ ===
[STDERR  ] 2017-07-15T15:13:54.198545791Z:           {                       /  ===-
[STDERR  ] 2017-07-15T15:13:54.198551294Z:            \______ O           __/
[STDERR  ] 2017-07-15T15:13:54.198556807Z:              \    \         __/
[STDERR  ] 2017-07-15T15:13:54.198559677Z:               \____\_______/
[STDERR  ] 2017-07-15T15:13:54.198567791Z: 
[STDERR  ] 2017-07-15T15:13:54.19857338Z: starting kernel config sanity test with /proc/config.gz
[STDERR  ] 2017-07-15T15:13:54.198578895Z: [   20.532211] RPC: Registered named UNIX socket transport module.
[STDERR  ] 2017-07-15T15:13:54.198584398Z: [   20.532836] RPC: Registered udp transport module.
[STDERR  ] 2017-07-15T15:13:54.198592213Z: [   20.533208] RPC: Registered tcp transport module.
[STDERR  ] 2017-07-15T15:13:54.198596441Z: [   20.533542] RPC: Registered tcp NFSv4.1 backchannel transport module.
[STDERR  ] 2017-07-15T15:13:54.198622354Z: [   20.670178] FS-Cache: Netfs 'nfs' registered for caching
[STDERR  ] 2017-07-15T15:13:54.198631825Z: [   20.804606] Installing knfsd (copyright (C) 1996 okir@monad.swb.de).
[STDERR  ] 2017-07-15T15:13:54.198641098Z: [   20.871666] ntfs: driver 2.1.32 [Flags: R/O MODULE].
[STDERR  ] 2017-07-15T15:13:54.198645777Z: kernel config test succeeded!
[STDERR  ] 2017-07-15T15:13:54.198658348Z: [37minfo: reading kernel config from /proc/config.gz ...[m
[STDERR  ] 2017-07-15T15:13:54.198663888Z: 
[STDERR  ] 2017-07-15T15:13:54.198672053Z: Generally Necessary:
[STDERR  ] 2017-07-15T15:13:54.198674861Z: - [37mcgroup hierarchy[m: [32mproperly mounted[m [/sys/fs/cgroup]
[STDERR  ] 2017-07-15T15:13:54.198683004Z: - [37mCONFIG_NAMESPACES[m: [32menabled[m
[STDERR  ] 2017-07-15T15:13:54.19868842Z: - [37mCONFIG_NET_NS[m: [32menabled[m
[STDERR  ] 2017-07-15T15:13:54.198693903Z: - [37mCONFIG_PID_NS[m: [32menabled[m
[STDERR  ] 2017-07-15T15:13:54.198699233Z: - [37mCONFIG_IPC_NS[m: [32menabled[m
[STDERR  ] 2017-07-15T15:13:54.19870457Z: - [37mCONFIG_UTS_NS[m: [32menabled[m
[STDERR  ] 2017-07-15T15:13:54.198709918Z: - [37mCONFIG_CGROUPS[m: [32menabled[m
[STDERR  ] 2017-07-15T15:13:54.19871532Z: - [37mCONFIG_CGROUP_CPUACCT[m: [32menabled[m
[STDERR  ] 2017-07-15T15:13:54.198720683Z: [   23.264191] random: fast init done
[STDERR  ] 2017-07-15T15:13:54.19872606Z: - [37mCONFIG_CGROUP_DEVICE[m: [32menabled[m
[STDERR  ] 2017-07-15T15:13:54.198734847Z: - [37mCONFIG_CGROUP_FREEZER[m: [32menabled[m
[STDERR  ] 2017-07-15T15:13:54.198740315Z: - [37mCONFIG_CGROUP_SCHED[m: [32menabled[m
[STDERR  ] 2017-07-15T15:13:54.198746463Z: - [37mCONFIG_CPUSETS[m: [32menabled[m
[STDERR  ] 2017-07-15T15:13:54.198756405Z: - [37mCONFIG_MEMCG[m: [32menabled[m
[STDERR  ] 2017-07-15T15:13:54.198761704Z: - [37mCONFIG_KEYS[m: [32menabled[m
[STDERR  ] 2017-07-15T15:13:54.198767018Z: - [37mCONFIG_VETH[m: [32menabled[m
[STDERR  ] 2017-07-15T15:13:54.198772428Z: - [37mCONFIG_BRIDGE[m: [32menabled[m
[STDERR  ] 2017-07-15T15:13:54.198777787Z: - [37mCONFIG_BRIDGE_NETFILTER[m: [32menabled[m
[STDERR  ] 2017-07-15T15:13:54.198783221Z: - [37mCONFIG_NF_NAT_IPV4[m: [32menabled[m
[STDERR  ] 2017-07-15T15:13:54.198792117Z: - [37mCONFIG_IP_NF_FILTER[m: [32menabled[m
[STDERR  ] 2017-07-15T15:13:54.198797591Z: - [37mCONFIG_IP_NF_TARGET_MASQUERADE[m: [32menabled[m
[STDERR  ] 2017-07-15T15:13:54.198803075Z: - [37mCONFIG_NETFILTER_XT_MATCH_ADDRTYPE[m: [32menabled[m
[STDERR  ] 2017-07-15T15:13:54.198808538Z: - [37mCONFIG_NETFILTER_XT_MATCH_CONNTRACK[m: [32menabled[m
[STDERR  ] 2017-07-15T15:13:54.198813961Z: - [37mCONFIG_NETFILTER_XT_MATCH_IPVS[m: [32menabled[m
[STDERR  ] 2017-07-15T15:13:54.198819411Z: - [37mCONFIG_IP_NF_NAT[m: [32menabled[m
[STDERR  ] 2017-07-15T15:13:54.19882491Z: - [37mCONFIG_NF_NAT[m: [32menabled[m
[STDERR  ] 2017-07-15T15:13:54.198827813Z: - [37mCONFIG_NF_NAT_NEEDED[m: [32menabled[m
[STDERR  ] 2017-07-15T15:13:54.198835903Z: - [37mCONFIG_POSIX_MQUEUE[m: [32menabled[m
[STDERR  ] 2017-07-15T15:13:54.198838684Z: 
[STDERR  ] 2017-07-15T15:13:54.198847333Z: Optional Features:
[STDERR  ] 2017-07-15T15:13:54.198852718Z: - [37mCONFIG_USER_NS[m: [32menabled[m
[STDERR  ] 2017-07-15T15:13:54.198855584Z: - [37mCONFIG_SECCOMP[m: [32menabled[m
[STDERR  ] 2017-07-15T15:13:54.198863598Z: - [37mCONFIG_CGROUP_PIDS[m: [32menabled[m
[STDERR  ] 2017-07-15T15:13:54.198869047Z: - [37mCONFIG_MEMCG_SWAP[m: [32menabled[m
[STDERR  ] 2017-07-15T15:13:54.198871794Z: - [37mCONFIG_MEMCG_SWAP_ENABLED[m: [32menabled[m
[STDERR  ] 2017-07-15T15:13:54.198879807Z:     [1;30m(cgroup swap accounting is currently enabled)[m
[STDERR  ] 2017-07-15T15:13:54.198885181Z: - [1mCONFIG_LEGACY_VSYSCALL_NONE[m: [1;31menabled[m
[STDERR  ] 2017-07-15T15:13:54.198890641Z:     [1;30m(containers using eglibc <= 2.13 will not work. Switch to[m
[STDERR  ] 2017-07-15T15:13:54.198899134Z:     [1;30m "CONFIG_VSYSCALL_[NATIVE|EMULATE]" or use "vsyscall=[native|emulate]"[m
[STDERR  ] 2017-07-15T15:13:54.198904793Z:     [1;30m on kernel command line. Note that this will disable ASLR for the,[m
[STDERR  ] 2017-07-15T15:13:54.198907637Z:     [1;30m VDSO which may assist in exploiting security vulnerabilities.)[m
[STDERR  ] 2017-07-15T15:13:54.198913061Z: - [37mCONFIG_BLK_CGROUP[m: [32menabled[m
[STDERR  ] 2017-07-15T15:13:54.1989211Z: - [37mCONFIG_BLK_DEV_THROTTLING[m: [32menabled[m
[STDERR  ] 2017-07-15T15:13:54.198926468Z: - [37mCONFIG_IOSCHED_CFQ[m: [32menabled[m
[STDERR  ] 2017-07-15T15:13:54.198931795Z: - [37mCONFIG_CFQ_GROUP_IOSCHED[m: [32menabled[m
[STDERR  ] 2017-07-15T15:13:54.198937325Z: - [37mCONFIG_CGROUP_PERF[m: [32menabled[m
[STDERR  ] 2017-07-15T15:13:54.198946488Z: - [37mCONFIG_CGROUP_HUGETLB[m: [32menabled[m
[STDERR  ] 2017-07-15T15:13:54.198951905Z: - [37mCONFIG_NET_CLS_CGROUP[m: [32menabled[m
[STDERR  ] 2017-07-15T15:13:54.198954705Z: - [37mCONFIG_CGROUP_NET_PRIO[m: [32menabled[m
[STDERR  ] 2017-07-15T15:13:54.198962564Z: - [37mCONFIG_CFS_BANDWIDTH[m: [32menabled[m
[STDERR  ] 2017-07-15T15:13:54.198966877Z: - [37mCONFIG_FAIR_GROUP_SCHED[m: [32menabled[m
[STDERR  ] 2017-07-15T15:13:54.198975194Z: - [37mCONFIG_RT_GROUP_SCHED[m: [32menabled[m
[STDERR  ] 2017-07-15T15:13:54.19898065Z: - [37mCONFIG_IP_VS[m: [32menabled[m
[STDERR  ] 2017-07-15T15:13:54.198986184Z: - [37mCONFIG_IP_VS_NFCT[m: [32menabled[m
[STDERR  ] 2017-07-15T15:13:54.198994365Z: - [37mCONFIG_IP_VS_RR[m: [32menabled[m
[STDERR  ] 2017-07-15T15:13:54.19899975Z: - [37mCONFIG_EXT4_FS[m: [32menabled[m
[STDERR  ] 2017-07-15T15:13:54.19900265Z: - [37mCONFIG_EXT4_FS_POSIX_ACL[m: [32menabled[m
[STDERR  ] 2017-07-15T15:13:54.199008014Z: - [37mCONFIG_EXT4_FS_SECURITY[m: [32menabled[m
[STDERR  ] 2017-07-15T15:13:54.199016318Z: - Network Drivers:
[STDERR  ] 2017-07-15T15:13:54.199025233Z:   - "[34moverlay[m":
[STDERR  ] 2017-07-15T15:13:54.199030747Z:     - [37mCONFIG_VXLAN[m: [32menabled[m
[STDERR  ] 2017-07-15T15:13:54.199036221Z:       Optional (for encrypted networks):
[STDERR  ] 2017-07-15T15:13:54.199041593Z:       - [37mCONFIG_CRYPTO[m: [32menabled[m
[STDERR  ] 2017-07-15T15:13:54.19904694Z:       - [37mCONFIG_CRYPTO_AEAD[m: [32menabled[m
[STDERR  ] 2017-07-15T15:13:54.199049843Z:       - [37mCONFIG_CRYPTO_GCM[m: [32menabled[m
[STDERR  ] 2017-07-15T15:13:54.19905786Z:       - [37mCONFIG_CRYPTO_SEQIV[m: [32menabled[m
[STDERR  ] 2017-07-15T15:13:54.199060688Z:       - [37mCONFIG_CRYPTO_GHASH[m: [32menabled[m
[STDERR  ] 2017-07-15T15:13:54.19906872Z:       - [37mCONFIG_XFRM[m: [32menabled[m
[STDERR  ] 2017-07-15T15:13:54.199074227Z:       - [37mCONFIG_XFRM_USER[m: [32menabled (as module)[m
[STDERR  ] 2017-07-15T15:13:54.199079658Z:       - [37mCONFIG_XFRM_ALGO[m: [32menabled (as module)[m
[STDERR  ] 2017-07-15T15:13:54.199088904Z:       - [37mCONFIG_INET_ESP[m: [32menabled (as module)[m
[STDERR  ] 2017-07-15T15:13:54.19909778Z:       - [37mCONFIG_INET_XFRM_MODE_TRANSPORT[m: [32menabled (as module)[m
[STDERR  ] 2017-07-15T15:13:54.199106961Z:   - "[34mipvlan[m":
[STDERR  ] 2017-07-15T15:13:54.199112883Z:     - [37mCONFIG_IPVLAN[m: [32menabled[m
[STDERR  ] 2017-07-15T15:13:54.199115697Z:   - "[34mmacvlan[m":
[STDERR  ] 2017-07-15T15:13:54.199121351Z:     - [37mCONFIG_MACVLAN[m: [32menabled[m
[STDERR  ] 2017-07-15T15:13:54.199133087Z:     - [37mCONFIG_DUMMY[m: [32menabled (as module)[m
[STDERR  ] 2017-07-15T15:13:54.199138438Z:   - "[34mftp,tftp client in container[m":
[STDERR  ] 2017-07-15T15:13:54.199141597Z:     - [37mCONFIG_NF_NAT_FTP[m: [32menabled[m
[STDERR  ] 2017-07-15T15:13:54.199149613Z:     - [37mCONFIG_NF_CONNTRACK_FTP[m: [32menabled[m
[STDERR  ] 2017-07-15T15:13:54.199152413Z:     - [37mCONFIG_NF_NAT_TFTP[m: [32menabled[m
[STDERR  ] 2017-07-15T15:13:54.199160474Z:     - [37mCONFIG_NF_CONNTRACK_TFTP[m: [32menabled[m
[STDERR  ] 2017-07-15T15:13:54.199163231Z: - Storage Drivers:
[STDERR  ] 2017-07-15T15:13:54.19916868Z:   - "[34maufs[m":
[STDERR  ] 2017-07-15T15:13:54.199179858Z:     - [1mCONFIG_AUFS_FS[m: [1;31mmissing[m
[STDERR  ] 2017-07-15T15:13:54.199182727Z:   - "[34mbtrfs[m":
[STDERR  ] 2017-07-15T15:13:54.199187995Z:     - [37mCONFIG_BTRFS_FS[m: [32menabled (as module)[m
[STDERR  ] 2017-07-15T15:13:54.19919613Z:     - [37mCONFIG_BTRFS_FS_POSIX_ACL[m: [32menabled[m
[STDERR  ] 2017-07-15T15:13:54.199198993Z:   - "[34mdevicemapper[m":
[STDERR  ] 2017-07-15T15:13:54.19920441Z:     - [37mCONFIG_BLK_DEV_DM[m: [32menabled[m
[STDERR  ] 2017-07-15T15:13:54.19921249Z:     - [37mCONFIG_DM_THIN_PROVISIONING[m: [32menabled[m
[STDERR  ] 2017-07-15T15:13:54.199215248Z:   - "[34moverlay[m":
[STDERR  ] 2017-07-15T15:13:54.19922481Z:     - [37mCONFIG_OVERLAY_FS[m: [32menabled[m
[STDERR  ] 2017-07-15T15:13:54.19922757Z:   - "[34mzfs[m":
[STDERR  ] 2017-07-15T15:13:54.199235865Z:     - [1m/dev/zfs[m: [1;31mmissing[m
[STDERR  ] 2017-07-15T15:13:54.199238693Z:     - [1mzfs command[m: [1;31mmissing[m
[STDERR  ] 2017-07-15T15:13:54.199246723Z:     - [1mzpool command[m: [1;31mmissing[m
[STDERR  ] 2017-07-15T15:13:54.19925226Z: 
[STDERR  ] 2017-07-15T15:13:54.19925797Z: Limits:
[STDERR  ] 2017-07-15T15:13:54.199263444Z: [37m- /proc/sys/kernel/keys/root_maxkeys[m: [32m1000000[m
[STDERR  ] 2017-07-15T15:13:54.199266094Z: 
[STDERR  ] 2017-07-15T15:13:54.199274547Z: Kernel config test suite PASSED
[STDERR  ] 2017-07-15T15:13:54.199279995Z:  - 000-check-kernel-config
[STDERR  ] 2017-07-15T15:13:54.199288277Z: [   41.269862] ACPI: Preparing to enter system sleep state S5
[STDERR  ] 2017-07-15T15:13:54.199293757Z: [   41.271452] reboot: Power down
[STDERR  ] 2017-07-15T15:13:54.1993655Z: + exit 0
[STDERR  ] 2017-07-15T15:13:54.199391081Z: + clean_up
[STDERR  ] 2017-07-15T15:13:54.199400638Z: + find . -depth -iname test-kernel-config* -not -iname *.yml -exec rm -rf {} ;
[PASS    ] linuxkit.kernel.config_4.11.x 61.32s
