[INFO    ] 2019-02-04T12:33:57.244255704Z: Running Test linuxkit.packages.format_mount.by_name in /tmp/with_clone36ff0786/test/cases/040_packages/006_format_mount/002_by_name
[STDERR  ] 2019-02-04T12:33:57.244460907Z: [   15.136876] Serial: 8250/16550 driver, 4 ports, IRQ sharing disabled
[INFO    ] 2019-02-04T12:33:57.244582113Z: Running command: [/bin/sh -x /tmp/with_clone36ff0786/test/cases/040_packages/006_format_mount/002_by_name/test.sh]
[STDERR  ] 2019-02-04T12:33:57.244595151Z: [   15.164265] 00:04: ttyS0 at I/O 0x3f8 (irq = 4, base_baud = 115200) is a 16550A
[STDERR  ] 2019-02-04T12:33:57.244635568Z: [   15.177178] Non-volatile memory driver v1.3
[STDERR  ] 2019-02-04T12:33:57.244664870Z: [   15.187806] Hangcheck: starting hangcheck timer 0.9.1 (tick is 180 seconds, margin is 60 seconds).
[STDERR  ] 2019-02-04T12:33:57.244716164Z: [   15.196335] random: crng init done
[STDERR  ] 2019-02-04T12:33:57.244743801Z: [   15.290200] brd: module loaded
[STDERR  ] 2019-02-04T12:33:57.244770673Z: [   15.337615] loop: module loaded
[STDERR  ] 2019-02-04T12:33:57.244804735Z: [   15.427173] lpc_ich 0000:00:1f.0: I/O space for GPIO uninitialized
[STDERR  ] 2019-02-04T12:33:57.244830123Z: [   15.430157] VMware PVSCSI driver - version 1.0.7.0-k
[STDERR  ] 2019-02-04T12:33:57.244862660Z: [   15.431250] hv_vmbus: registering driver hv_storvsc
[STDERR  ] 2019-02-04T12:33:57.244901371Z: [   15.448299] PCI Interrupt Link [GSIA] enabled at IRQ 16
[STDERR  ] 2019-02-04T12:33:57.244930840Z: [   15.457146] ahci 0000:00:1f.2: AHCI 0001.0000 32 slots 6 ports 1.5 Gbps 0x3f impl SATA mode
[STDERR  ] 2019-02-04T12:33:57.244958631Z: [   15.458281] ahci 0000:00:1f.2: flags: 64bit ncq only 
[STDERR  ] 2019-02-04T12:33:57.244978692Z: [   15.479670] scsi host0: ahci
[STDERR  ] 2019-02-04T12:33:57.245003034Z: [   15.484019] scsi host1: ahci
[STDERR  ] 2019-02-04T12:33:57.245023698Z: [   15.486695] scsi host2: ahci
[STDERR  ] 2019-02-04T12:33:57.245050563Z: [   15.489276] scsi host3: ahci
[STDERR  ] 2019-02-04T12:33:57.245070500Z: [   15.492088] scsi host4: ahci
[STDERR  ] 2019-02-04T12:33:57.245094400Z: [   15.494939] scsi host5: ahci
[STDERR  ] 2019-02-04T12:33:57.245120176Z: [   15.496791] ata1: SATA max UDMA/133 abar m4096@0xfebd2000 port 0xfebd2100 irq 24
[STDERR  ] 2019-02-04T12:33:57.245160999Z: [   15.497600] ata2: SATA max UDMA/133 abar m4096@0xfebd2000 port 0xfebd2180 irq 24
[STDERR  ] 2019-02-04T12:33:57.245195875Z: [   15.498156] ata3: SATA max UDMA/133 abar m4096@0xfebd2000 port 0xfebd2200 irq 24
[STDERR  ] 2019-02-04T12:33:57.245222902Z: [   15.499054] ata4: SATA max UDMA/133 abar m4096@0xfebd2000 port 0xfebd2280 irq 24
[STDERR  ] 2019-02-04T12:33:57.245257143Z: [   15.499814] ata5: SATA max UDMA/133 abar m4096@0xfebd2000 port 0xfebd2300 irq 24
[STDERR  ] 2019-02-04T12:33:57.245297034Z: [   15.500932] ata6: SATA max UDMA/133 abar m4096@0xfebd2000 port 0xfebd2380 irq 24
[STDERR  ] 2019-02-04T12:33:57.245330023Z: [   15.518950] tun: Universal TUN/TAP device driver, 1.6
[STDERR  ] 2019-02-04T12:33:57.245355842Z: [   15.535394] VMware vmxnet3 virtual NIC driver - version 1.4.16.0-k-NAPI
[STDERR  ] 2019-02-04T12:33:57.245382158Z: [   15.536800] hv_vmbus: registering driver hv_netvsc
[STDERR  ] 2019-02-04T12:33:57.245410415Z: [   15.537560] Fusion MPT base driver 3.04.20
[STDERR  ] 2019-02-04T12:33:57.245444618Z: [   15.537937] Copyright (c) 1999-2008 LSI Corporation
[STDERR  ] 2019-02-04T12:33:57.245476262Z: [   15.540107] Fusion MPT SPI Host driver 3.04.20
[STDERR  ] 2019-02-04T12:33:57.245505769Z: [   15.543610] i8042: PNP: PS/2 Controller [PNP0303:KBD,PNP0f13:MOU] at 0x60,0x64 irq 1,12
[STDERR  ] 2019-02-04T12:33:57.245538964Z: [   15.549256] serio: i8042 KBD
[STDERR  ] 2019-02-04T12:33:57.245787727Z: + set -e
[STDERR  ] 2019-02-04T12:33:57.245865533Z: + . /tmp/with_clone36ff0786/test/cases/_lib/lib.sh
[STDERR  ] 2019-02-04T12:33:57.245890727Z: + [ -f src/github.com/linuxkit/rtf/lib/lib.sh ]
[STDERR  ] 2019-02-04T12:33:57.245919764Z: + LINUXKIT_TMPDIR=/tmp/with_clone36ff0786/test/cases/_tmp
[STDERR  ] 2019-02-04T12:33:57.245945690Z: + [ -f /tmp/with_clone36ff0786/test/cases/_tmp/env.sh ]
[STDERR  ] 2019-02-04T12:33:57.245982135Z: + . /tmp/with_clone36ff0786/test/cases/_tmp/env.sh
[STDERR  ] 2019-02-04T12:33:57.246017513Z: + export LINUXKIT_EXAMPLES_DIR=/tmp/with_clone36ff0786/test/cases/../../examples
[STDERR  ] 2019-02-04T12:33:57.246051153Z: + RT_CANCEL=253
[STDERR  ] 2019-02-04T12:33:57.246074585Z: + NAME=test-format
[STDERR  ] 2019-02-04T12:33:57.246097321Z: + DISK=disk.img
[STDERR  ] 2019-02-04T12:33:57.246121371Z: + trap clean_up EXIT
[STDERR  ] 2019-02-04T12:33:57.246147493Z: + [ linux = osx ]
[STDERR  ] 2019-02-04T12:33:57.246170270Z: + DEVICE=/dev/sda
[STDERR  ] 2019-02-04T12:33:57.246342468Z: + sed -e s,@DEVICE@,/dev/sda,g test.yml.in
[STDERR  ] 2019-02-04T12:33:57.247917674Z: + linuxkit build -format kernel+initrd -name test-format test.yml
[STDERR  ] 2019-02-04T12:33:57.295768559Z: Extract kernel image: linuxkit/kernel:4.19.19
[STDERR  ] 2019-02-04T12:34:01.613628479Z: Add init containers:
[STDERR  ] 2019-02-04T12:34:01.613744793Z: Process init image: linuxkit/init:e0dced91adbfba34c53cd673760e011f410638ff
[STDERR  ] 2019-02-04T12:34:03.311447650Z: Process init image: linuxkit/runc:b87c49e73eb14ba73d23eabf75423e987a043209
[STDERR  ] 2019-02-04T12:34:04.868911963Z: Add onboot containers:
[STDERR  ] 2019-02-04T12:34:04.869019405Z:   Create OCI config for linuxkit/format:v0.6
[STDERR  ] 2019-02-04T12:34:06.580404551Z:   Create OCI config for linuxkit/mount:v0.6
[STDERR  ] 2019-02-04T12:34:08.219687639Z:   Create OCI config for alpine:3.8
[STDERR  ] 2019-02-04T12:34:09.747846106Z:   Create OCI config for linuxkit/poweroff:afe8f7dd0d47a7991c54519b0f09124cb8c4e300
[STDERR  ] 2019-02-04T12:34:11.299572047Z: Add files:
[STDERR  ] 2019-02-04T12:34:11.299667209Z:   check.sh
[STDERR  ] 2019-02-04T12:34:11.299701781Z: Create outputs:
[STDERR  ] 2019-02-04T12:34:17.948474017Z:   test-format-kernel test-format-initrd.img test-format-cmdline
[STDERR  ] 2019-02-04T12:34:18.026704201Z: + linuxkit run -disk file=disk.img,size=512M test-format
[STDERR  ] 2019-02-04T12:35:34.931163796Z: + RESULT=[    0.000000] Linux version 4.19.19-linuxkit (root@51b31d12d2bf) (gcc version 6.4.0 (Alpine 6.4.0)) #1 SMP Sat Feb 2 00:05:43 UTC 2019
[STDERR  ] 2019-02-04T12:35:34.931474159Z: [    0.000000] Command line: console=ttyS0 console=ttyAMA0
[STDERR  ] 2019-02-04T12:35:34.931521218Z: [    0.000000] x86/fpu: x87 FPU will use FXSAVE
[STDERR  ] 2019-02-04T12:35:34.931573286Z: [    0.000000] BIOS-provided physical RAM map:
[STDERR  ] 2019-02-04T12:35:34.931601306Z: [    0.000000] BIOS-e820: [mem 0x0000000000000000-0x000000000009fbff] usable
[STDERR  ] 2019-02-04T12:35:34.931627908Z: [    0.000000] BIOS-e820: [mem 0x000000000009fc00-0x000000000009ffff] reserved
[STDERR  ] 2019-02-04T12:35:34.931654325Z: [    0.000000] BIOS-e820: [mem 0x00000000000f0000-0x00000000000fffff] reserved
[STDERR  ] 2019-02-04T12:35:34.931680956Z: [    0.000000] BIOS-e820: [mem 0x0000000000100000-0x000000003ffdefff] usable
[STDERR  ] 2019-02-04T12:35:34.931706225Z: [    0.000000] BIOS-e820: [mem 0x000000003ffdf000-0x000000003fffffff] reserved
[STDERR  ] 2019-02-04T12:35:34.931731276Z: [    0.000000] BIOS-e820: [mem 0x00000000b0000000-0x00000000bfffffff] reserved
[STDERR  ] 2019-02-04T12:35:34.931760873Z: [    0.000000] BIOS-e820: [mem 0x00000000fed1c000-0x00000000fed1ffff] reserved
[STDERR  ] 2019-02-04T12:35:34.931785986Z: [    0.000000] BIOS-e820: [mem 0x00000000fffc0000-0x00000000ffffffff] reserved
[STDERR  ] 2019-02-04T12:35:34.931838078Z: [    0.000000] NX (Execute Disable) protection: active
[STDERR  ] 2019-02-04T12:35:34.931863430Z: [    0.000000] SMBIOS 2.8 present.
[STDERR  ] 2019-02-04T12:35:34.931888526Z: [    0.000000] DMI: QEMU Standard PC (Q35 + ICH9, 2009), BIOS rel-1.10.2-0-g5f4c7b1-prebuilt.qemu-project.org 04/01/2014
[STDERR  ] 2019-02-04T12:35:34.931927680Z: [    0.000000] tsc: Fast TSC calibration using PIT
[STDERR  ] 2019-02-04T12:35:34.931952846Z: [    0.000000] tsc: Detected 2599.783 MHz processor
[STDERR  ] 2019-02-04T12:35:34.931977944Z: [    0.082583] last_pfn = 0x3ffdf max_arch_pfn = 0x400000000
[STDERR  ] 2019-02-04T12:35:34.932087317Z: [    0.084216] x86/PAT: Configuration [0-7]: WB  WC  UC- UC  WB  WP  UC- WT  
[STDERR  ] 2019-02-04T12:35:34.932172738Z: [    0.143865] found SMP MP-table at [mem 0x000f6aa0-0x000f6aaf] mapped at [(____ptrval____)]
[STDERR  ] 2019-02-04T12:35:34.932197134Z: [    0.152476] RAMDISK: [mem 0x3db9d000-0x3ffcffff]
[STDERR  ] 2019-02-04T12:35:34.932228439Z: [    0.153424] ACPI: Early table checksum verification disabled
[STDERR  ] 2019-02-04T12:35:34.932252998Z: [    0.155668] ACPI: RSDP 0x00000000000F68C0 000014 (v00 BOCHS )
[STDERR  ] 2019-02-04T12:35:34.932287173Z: [    0.156002] ACPI: RSDT 0x000000003FFE2404 000034 (v01 BOCHS  BXPCRSDT 00000001 BXPC 00000001)
[STDERR  ] 2019-02-04T12:35:34.932311983Z: [    0.156821] ACPI: FACP 0x000000003FFE22A4 000074 (v01 BOCHS  BXPCFACP 00000001 BXPC 00000001)
[STDERR  ] 2019-02-04T12:35:34.932339499Z: [    0.157569] ACPI: DSDT 0x000000003FFE0040 002264 (v01 BOCHS  BXPCDSDT 00000001 BXPC 00000001)
[STDERR  ] 2019-02-04T12:35:34.932374360Z: [    0.157717] ACPI: FACS 0x000000003FFE0000 000040
[STDERR  ] 2019-02-04T12:35:34.932401460Z: [    0.157840] ACPI: APIC 0x000000003FFE2318 000078 (v01 BOCHS  BXPCAPIC 00000001 BXPC 00000001)
[STDERR  ] 2019-02-04T12:35:34.932453952Z: [    0.157926] ACPI: HPET 0x000000003FFE2390 000038 (v01 BOCHS  BXPCHPET 00000001 BXPC 00000001)
[STDERR  ] 2019-02-04T12:35:34.932491720Z: [    0.158043] ACPI: MCFG 0x000000003FFE23C8 00003C (v01 BOCHS  BXPCMCFG 00000001 BXPC 00000001)
[STDERR  ] 2019-02-04T12:35:34.932518673Z: [    0.163902] Zone ranges:
[STDERR  ] 2019-02-04T12:35:34.932545923Z: [    0.164013]   DMA      [mem 0x0000000000001000-0x0000000000ffffff]
[STDERR  ] 2019-02-04T12:35:34.932578875Z: [    0.164094]   DMA32    [mem 0x0000000001000000-0x000000003ffdefff]
[STDERR  ] 2019-02-04T12:35:34.932606433Z: [    0.164135]   Normal   empty
[STDERR  ] 2019-02-04T12:35:34.932635843Z: [    0.164186]   Device   empty
[STDERR  ] 2019-02-04T12:35:34.932675370Z: [    0.164228] Movable zone start for each node
[STDERR  ] 2019-02-04T12:35:34.932709626Z: [    0.164288] Early memory node ranges
[STDERR  ] 2019-02-04T12:35:34.932743546Z: [    0.164352]   node   0: [mem 0x0000000000001000-0x000000000009efff]
[STDERR  ] 2019-02-04T12:35:34.932777369Z: [    0.164405]   node   0: [mem 0x0000000000100000-0x000000003ffdefff]
[STDERR  ] 2019-02-04T12:35:34.932811755Z: [    0.165330] Reserved but unavailable: 98 pages
[STDERR  ] 2019-02-04T12:35:34.932854537Z: [    0.165553] Initmem setup node 0 [mem 0x0000000000001000-0x000000003ffdefff]
[STDERR  ] 2019-02-04T12:35:34.932890478Z: [    0.234164] ACPI: PM-Timer IO Port: 0x608
[STDERR  ] 2019-02-04T12:35:34.932933447Z: [    0.234842] ACPI: LAPIC_NMI (acpi_id[0xff] dfl dfl lint[0x1])
[STDERR  ] 2019-02-04T12:35:34.932970680Z: [    0.235443] IOAPIC[0]: apic_id 0, version 32, address 0xfec00000, GSI 0-23
[STDERR  ] 2019-02-04T12:35:34.933185835Z: [    0.235618] ACPI: INT_SRC_OVR (bus 0 bus_irq 0 global_irq 2 dfl dfl)
[STDERR  ] 2019-02-04T12:35:34.933231205Z: [    0.235978] ACPI: INT_SRC_OVR (bus 0 bus_irq 5 global_irq 5 high level)
[STDERR  ] 2019-02-04T12:35:34.933258376Z: [    0.236058] ACPI: INT_SRC_OVR (bus 0 bus_irq 9 global_irq 9 high level)
[STDERR  ] 2019-02-04T12:35:34.933288517Z: [    0.236196] ACPI: INT_SRC_OVR (bus 0 bus_irq 10 global_irq 10 high level)
[STDERR  ] 2019-02-04T12:35:34.933310653Z: [    0.236230] ACPI: INT_SRC_OVR (bus 0 bus_irq 11 global_irq 11 high level)
[STDERR  ] 2019-02-04T12:35:34.933335622Z: [    0.236621] Using ACPI (MADT) for SMP configuration information
[STDERR  ] 2019-02-04T12:35:34.933356597Z: [    0.236702] ACPI: HPET id: 0x8086a201 base: 0xfed00000
[STDERR  ] 2019-02-04T12:35:34.933377713Z: [    0.237254] smpboot: Allowing 1 CPUs, 0 hotplug CPUs
[STDERR  ] 2019-02-04T12:35:34.933399435Z: [    0.238334] [mem 0x40000000-0xafffffff] available for PCI devices
[STDERR  ] 2019-02-04T12:35:34.933420559Z: [    0.238401] Booting paravirtualized kernel on bare hardware
[STDERR  ] 2019-02-04T12:35:34.933441693Z: [    0.238680] clocksource: refined-jiffies: mask: 0xffffffff max_cycles: 0xffffffff, max_idle_ns: 1910969940391419 ns
[STDERR  ] 2019-02-04T12:35:34.933482159Z: [    3.640239] random: get_random_bytes called from start_kernel+0x92/0x52b with crng_init=0
[STDERR  ] 2019-02-04T12:35:34.933505751Z: [    3.641321] setup_percpu: NR_CPUS:128 nr_cpumask_bits:128 nr_cpu_ids:1 nr_node_ids:1
[STDERR  ] 2019-02-04T12:35:34.933526983Z: [    3.649780] percpu: Embedded 45 pages/cpu @(____ptrval____) s145112 r8192 d31016 u2097152
[STDERR  ] 2019-02-04T12:35:34.933555360Z: [    3.652666] Built 1 zonelists, mobility grouping on.  Total pages: 257896
[STDERR  ] 2019-02-04T12:35:34.933585832Z: [    3.652908] Kernel command line: console=ttyS0 console=ttyAMA0
[STDERR  ] 2019-02-04T12:35:34.933609144Z: [    3.657281] Dentry cache hash table entries: 131072 (order: 8, 1048576 bytes)
[STDERR  ] 2019-02-04T12:35:34.933631837Z: [    3.659040] Inode-cache hash table entries: 65536 (order: 7, 524288 bytes)
[STDERR  ] 2019-02-04T12:35:34.933654479Z: [    3.731090] Memory: 965660K/1048052K available (12300K kernel code, 1579K rwdata, 3052K rodata, 1588K init, 1996K bss, 82392K reserved, 0K cma-reserved)
[STDERR  ] 2019-02-04T12:35:34.933681789Z: [    3.738572] ftrace: allocating 42976 entries in 168 pages
[STDERR  ] 2019-02-04T12:35:34.933703298Z: [    4.207553] rcu: Hierarchical RCU implementation.
[STDERR  ] 2019-02-04T12:35:34.933733102Z: [    4.207741] rcu: 	RCU restricting CPUs from NR_CPUS=128 to nr_cpu_ids=1.
[STDERR  ] 2019-02-04T12:35:34.933760983Z: [    4.207893] rcu: Adjusting geometry for rcu_fanout_leaf=16, nr_cpu_ids=1
[STDERR  ] 2019-02-04T12:35:34.933783030Z: [    4.266505] NR_IRQS: 8448, nr_irqs: 256, preallocated irqs: 16
[STDERR  ] 2019-02-04T12:35:34.933816690Z: [    4.280362] Console: colour VGA+ 80x25
[STDERR  ] 2019-02-04T12:35:34.933839291Z: [    4.321766] console [ttyS0] enabled
[STDERR  ] 2019-02-04T12:35:34.933894058Z: [    4.322571] ACPI: Core revision 20180810
[STDERR  ] 2019-02-04T12:35:34.933920152Z: [    4.330948] clocksource: hpet: mask: 0xffffffff max_cycles: 0xffffffff, max_idle_ns: 19112604467 ns
[STDERR  ] 2019-02-04T12:35:34.933942315Z: [    4.338366] APIC: Switch to symmetric I/O mode setup
[STDERR  ] 2019-02-04T12:35:34.933964514Z: [    4.346253] ..TIMER: vector=0x30 apic1=0 pin1=2 apic2=-1 pin2=-1
[STDERR  ] 2019-02-04T12:35:34.933985682Z: [    4.352273] clocksource: tsc-early: mask: 0xffffffffffffffff max_cycles: 0x25796f27178, max_idle_ns: 440795276799 ns
[STDERR  ] 2019-02-04T12:35:34.934006680Z: [    4.355838] Calibrating delay loop (skipped), value calculated using timer frequency.. 5199.56 BogoMIPS (lpj=2599783)
[STDERR  ] 2019-02-04T12:35:34.934039912Z: [    4.356720] pid_max: default: 32768 minimum: 301
[STDERR  ] 2019-02-04T12:35:34.934065125Z: [    4.361644] Security Framework initialized
[STDERR  ] 2019-02-04T12:35:34.934086210Z: [    4.362189] Yama: becoming mindful.
[STDERR  ] 2019-02-04T12:35:34.934106792Z: [    4.364766] Mount-cache hash table entries: 2048 (order: 2, 16384 bytes)
[STDERR  ] 2019-02-04T12:35:34.934127781Z: [    4.365362] Mountpoint-cache hash table entries: 2048 (order: 2, 16384 bytes)
[STDERR  ] 2019-02-04T12:35:34.934161771Z: [    4.390752] Last level iTLB entries: 4KB 0, 2MB 0, 4MB 0
[STDERR  ] 2019-02-04T12:35:34.934183205Z: [    4.391224] Last level dTLB entries: 4KB 0, 2MB 0, 4MB 0, 1GB 0
[STDERR  ] 2019-02-04T12:35:34.934207145Z: [    4.391768] Spectre V2 : Spectre mitigation: LFENCE not serializing, switching to generic retpoline
[STDERR  ] 2019-02-04T12:35:34.934227823Z: [    4.392649] Spectre V2 : Mitigation: Full generic retpoline
[STDERR  ] 2019-02-04T12:35:34.934291118Z: [    4.393052] Spectre V2 : Spectre v2 / SpectreRSB mitigation: Filling RSB on context switch
[STDERR  ] 2019-02-04T12:35:34.934318122Z: [    4.393733] Speculative Store Bypass: Vulnerable
[STDERR  ] 2019-02-04T12:35:34.934342313Z: [    4.594999] random: fast init done
[STDERR  ] 2019-02-04T12:35:34.934363129Z: [    4.763756] Freeing SMP alternatives memory: 20K
[STDERR  ] 2019-02-04T12:35:34.934386401Z: [    4.788589] smpboot: CPU0: AMD QEMU Virtual CPU version 2.5+ (family: 0x6, model: 0x6, stepping: 0x3)
[STDERR  ] 2019-02-04T12:35:34.934412420Z: [    4.797951] Performance Events: PMU not available due to virtualization, using software events only.
[STDERR  ] 2019-02-04T12:35:34.934436295Z: [    4.801689] rcu: Hierarchical SRCU implementation.
[STDERR  ] 2019-02-04T12:35:34.934457470Z: [    4.808197] NMI watchdog: Perf NMI watchdog permanently disabled
[STDERR  ] 2019-02-04T12:35:34.934477497Z: [    4.813729] smp: Bringing up secondary CPUs ...
[STDERR  ] 2019-02-04T12:35:34.934497776Z: [    4.814350] smp: Brought up 1 node, 1 CPU
[STDERR  ] 2019-02-04T12:35:34.934543133Z: [    4.814709] smpboot: Max logical packages: 1
[STDERR  ] 2019-02-04T12:35:34.934588168Z: [    4.815743] smpboot: Total of 1 processors activated (5199.56 BogoMIPS)
[STDERR  ] 2019-02-04T12:35:34.934614725Z: [    4.833067] devtmpfs: initialized
[STDERR  ] 2019-02-04T12:35:34.934635866Z: [    4.838773] x86/mm: Memory block size: 128MB
[STDERR  ] 2019-02-04T12:35:34.934656535Z: [    4.851866] clocksource: jiffies: mask: 0xffffffff max_cycles: 0xffffffff, max_idle_ns: 1911260446275000 ns
[STDERR  ] 2019-02-04T12:35:34.934682344Z: [    4.852831] futex hash table entries: 256 (order: 2, 16384 bytes)
[STDERR  ] 2019-02-04T12:35:34.934702834Z: [    4.874667] NET: Registered protocol family 16
[STDERR  ] 2019-02-04T12:35:34.934729133Z: [    4.880033] audit: initializing netlink subsys (disabled)
[STDERR  ] 2019-02-04T12:35:34.934750062Z: [    4.886112] audit: type=2000 audit(1549283663.544:1): state=initialized audit_enabled=0 res=1
[STDERR  ] 2019-02-04T12:35:34.934773752Z: [    4.889334] cpuidle: using governor ladder
[STDERR  ] 2019-02-04T12:35:34.934793868Z: [    4.889791] cpuidle: using governor menu
[STDERR  ] 2019-02-04T12:35:34.934814296Z: [    4.892324] ACPI: bus type PCI registered
[STDERR  ] 2019-02-04T12:35:34.934837092Z: [    4.895938] PCI: MMCONFIG for domain 0000 [bus 00-ff] at [mem 0xb0000000-0xbfffffff] (base 0xb0000000)
[STDERR  ] 2019-02-04T12:35:34.934857624Z: [    4.896851] PCI: MMCONFIG at [mem 0xb0000000-0xbfffffff] reserved in E820
[STDERR  ] 2019-02-04T12:35:34.934878376Z: [    4.899145] PCI: Using configuration type 1 for base access
[STDERR  ] 2019-02-04T12:35:34.934897958Z: [    4.973008] HugeTLB registered 2.00 MiB page size, pre-allocated 0 pages
[STDERR  ] 2019-02-04T12:35:34.934920475Z: [    4.979589] cryptd: max_cpu_qlen set to 1000
[STDERR  ] 2019-02-04T12:35:34.934959099Z: [    4.985830] ACPI: Added _OSI(Module Device)
[STDERR  ] 2019-02-04T12:35:34.934979061Z: [    4.986371] ACPI: Added _OSI(Processor Device)
[STDERR  ] 2019-02-04T12:35:34.934999039Z: [    4.986649] ACPI: Added _OSI(3.0 _SCP Extensions)
[STDERR  ] 2019-02-04T12:35:34.935019307Z: [    4.987119] ACPI: Added _OSI(Processor Aggregator Device)
[STDERR  ] 2019-02-04T12:35:34.935050117Z: [    4.987764] ACPI: Added _OSI(Linux-Dell-Video)
[STDERR  ] 2019-02-04T12:35:34.935069958Z: [    4.989840] ACPI: Added _OSI(Linux-Lenovo-NV-HDMI-Audio)
[STDERR  ] 2019-02-04T12:35:34.935089661Z: [    5.048347] ACPI: 1 ACPI AML tables successfully acquired and loaded
[STDERR  ] 2019-02-04T12:35:34.935109631Z: [    5.085061] ACPI: Interpreter enabled
[STDERR  ] 2019-02-04T12:35:34.935133097Z: [    5.086175] ACPI: (supports S0 S5)
[STDERR  ] 2019-02-04T12:35:34.935159502Z: [    5.086697] ACPI: Using IOAPIC for interrupt routing
[STDERR  ] 2019-02-04T12:35:34.935179012Z: [    5.089108] PCI: Using host bridge windows from ACPI; if necessary, use "pci=nocrs" and report a bug
[STDERR  ] 2019-02-04T12:35:34.935199256Z: [    5.093589] ACPI: Enabled 2 GPEs in block 00 to 3F
[STDERR  ] 2019-02-04T12:35:34.935228227Z: [    5.173409] ACPI: PCI Root Bridge [PCI0] (domain 0000 [bus 00-ff])
[STDERR  ] 2019-02-04T12:35:34.935255711Z: [    5.174844] acpi PNP0A08:00: _OSC: OS supports [ExtendedConfig ASPM ClockPM Segments MSI]
[STDERR  ] 2019-02-04T12:35:34.935282653Z: [    5.179807] acpi PNP0A08:00: _OSC: platform does not support [SHPCHotplug LTR]
[STDERR  ] 2019-02-04T12:35:34.935302795Z: [    5.183648] acpi PNP0A08:00: _OSC: OS now controls [PCIeHotplug PME PCIeCapability]
[STDERR  ] 2019-02-04T12:35:34.935327082Z: [    5.188346] PCI host bridge to bus 0000:00
[STDERR  ] 2019-02-04T12:35:34.935346999Z: [    5.188855] pci_bus 0000:00: root bus resource [io  0x0000-0x0cf7 window]
[STDERR  ] 2019-02-04T12:35:34.935366717Z: [    5.189667] pci_bus 0000:00: root bus resource [io  0x0d00-0xffff window]
[STDERR  ] 2019-02-04T12:35:34.935386809Z: [    5.190646] pci_bus 0000:00: root bus resource [mem 0x000a0000-0x000bffff window]
[STDERR  ] 2019-02-04T12:35:34.935406233Z: [    5.191358] pci_bus 0000:00: root bus resource [mem 0xc0000000-0xfebfffff window]
[STDERR  ] 2019-02-04T12:35:34.935425672Z: [    5.192712] pci_bus 0000:00: root bus resource [bus 00-ff]
[STDERR  ] 2019-02-04T12:35:34.935446981Z: [    5.259409] pci 0000:00:1f.0: quirk: [io  0x0600-0x067f] claimed by ICH6 ACPI/GPIO/TCO
[STDERR  ] 2019-02-04T12:35:34.935466614Z: [    5.315023] ACPI: PCI Interrupt Link [LNKA] (IRQs 5 *10 11)
[STDERR  ] 2019-02-04T12:35:34.935486115Z: [    5.317826] ACPI: PCI Interrupt Link [LNKB] (IRQs 5 *10 11)
[STDERR  ] 2019-02-04T12:35:34.935505872Z: [    5.320152] ACPI: PCI Interrupt Link [LNKC] (IRQs 5 10 *11)
[STDERR  ] 2019-02-04T12:35:34.935525459Z: [    5.322633] ACPI: PCI Interrupt Link [LNKD] (IRQs 5 10 *11)
[STDERR  ] 2019-02-04T12:35:34.935547240Z: [    5.324828] ACPI: PCI Interrupt Link [LNKE] (IRQs 5 *10 11)
[STDERR  ] 2019-02-04T12:35:34.935572355Z: [    5.327066] ACPI: PCI Interrupt Link [LNKF] (IRQs 5 *10 11)
[STDERR  ] 2019-02-04T12:35:34.935591736Z: [    5.329253] ACPI: PCI Interrupt Link [LNKG] (IRQs 5 10 *11)
[STDERR  ] 2019-02-04T12:35:34.935611268Z: [    5.331493] ACPI: PCI Interrupt Link [LNKH] (IRQs 5 10 *11)
[STDERR  ] 2019-02-04T12:35:34.935635084Z: [    5.332667] ACPI: PCI Interrupt Link [GSIA] (IRQs *16)
[STDERR  ] 2019-02-04T12:35:34.935654246Z: [    5.333358] ACPI: PCI Interrupt Link [GSIB] (IRQs *17)
[STDERR  ] 2019-02-04T12:35:34.935673950Z: [    5.333937] ACPI: PCI Interrupt Link [GSIC] (IRQs *18)
[STDERR  ] 2019-02-04T12:35:34.935693771Z: [    5.334909] ACPI: PCI Interrupt Link [GSID] (IRQs *19)
[STDERR  ] 2019-02-04T12:35:34.935713499Z: [    5.335850] ACPI: PCI Interrupt Link [GSIE] (IRQs *20)
[STDERR  ] 2019-02-04T12:35:34.935733387Z: [    5.336670] ACPI: PCI Interrupt Link [GSIF] (IRQs *21)
[STDERR  ] 2019-02-04T12:35:34.935753000Z: [    5.337369] ACPI: PCI Interrupt Link [GSIG] (IRQs *22)
[STDERR  ] 2019-02-04T12:35:34.935772310Z: [    5.337943] ACPI: PCI Interrupt Link [GSIH] (IRQs *23)
[STDERR  ] 2019-02-04T12:35:34.935794813Z: [    5.348819] SCSI subsystem initialized
[STDERR  ] 2019-02-04T12:35:34.935814456Z: [    5.352179] ACPI: bus type USB registered
[STDERR  ] 2019-02-04T12:35:34.935834801Z: [    5.353381] usbcore: registered new interface driver usbfs
[STDERR  ] 2019-02-04T12:35:34.935854644Z: [    5.354960] usbcore: registered new interface driver hub
[STDERR  ] 2019-02-04T12:35:34.935874684Z: [    5.356044] usbcore: registered new device driver usb
[STDERR  ] 2019-02-04T12:35:34.935897038Z: [    5.357224] pps_core: LinuxPPS API ver. 1 registered
[STDERR  ] 2019-02-04T12:35:34.935921046Z: [    5.357640] pps_core: Software ver. 5.3.6 - Copyright 2005-2007 Rodolfo Giometti <giometti@linux.it>
[STDERR  ] 2019-02-04T12:35:34.935941096Z: [    5.358780] PTP clock support registered
[STDERR  ] 2019-02-04T12:35:34.935966195Z: [    5.362298] PCI: Using ACPI for IRQ routing
[STDERR  ] 2019-02-04T12:35:34.935986093Z: [    5.386276] NetLabel: Initializing
[STDERR  ] 2019-02-04T12:35:34.936008063Z: [    5.386657] NetLabel:  domain hash size = 128
[STDERR  ] 2019-02-04T12:35:34.936027647Z: [    5.387070] NetLabel:  protocols = UNLABELED CIPSOv4 CALIPSO
[STDERR  ] 2019-02-04T12:35:34.936053148Z: [    5.390322] NetLabel:  unlabeled traffic allowed by default
[STDERR  ] 2019-02-04T12:35:34.936073141Z: [    5.391853] HPET: 3 timers in total, 0 timers will be used for per-cpu timer
[STDERR  ] 2019-02-04T12:35:34.936098636Z: [    5.392779] hpet0: at MMIO 0xfed00000, IRQs 2, 8, 0
[STDERR  ] 2019-02-04T12:35:34.936118221Z: [    5.393265] hpet0: 3 comparators, 64-bit 100.000000 MHz counter
[STDERR  ] 2019-02-04T12:35:34.936143981Z: [    5.400308] clocksource: Switched to clocksource tsc-early
[STDERR  ] 2019-02-04T12:35:34.936163830Z: [    5.877063] VFS: Disk quotas dquot_6.6.0
[STDERR  ] 2019-02-04T12:35:34.936183463Z: [    5.878329] VFS: Dquot-cache hash table entries: 512 (order 0, 4096 bytes)
[STDERR  ] 2019-02-04T12:35:34.936203608Z: [    5.882128] FS-Cache: Loaded
[STDERR  ] 2019-02-04T12:35:34.936224641Z: [    5.889894] CacheFiles: Loaded
[STDERR  ] 2019-02-04T12:35:34.936244130Z: [    5.891316] pnp: PnP ACPI init
[STDERR  ] 2019-02-04T12:35:34.936263683Z: [    5.906163] pnp: PnP ACPI: found 5 devices
[STDERR  ] 2019-02-04T12:35:34.936292954Z: [    5.960909] clocksource: acpi_pm: mask: 0xffffff max_cycles: 0xffffff, max_idle_ns: 2085701024 ns
[STDERR  ] 2019-02-04T12:35:34.936312824Z: [    5.964568] NET: Registered protocol family 2
[STDERR  ] 2019-02-04T12:35:34.936332072Z: [    5.975148] tcp_listen_portaddr_hash hash table entries: 512 (order: 1, 8192 bytes)
[STDERR  ] 2019-02-04T12:35:34.936351540Z: [    5.976612] TCP established hash table entries: 8192 (order: 4, 65536 bytes)
[STDERR  ] 2019-02-04T12:35:34.936371489Z: [    5.977851] TCP bind hash table entries: 8192 (order: 5, 131072 bytes)
[STDERR  ] 2019-02-04T12:35:34.936394327Z: [    5.978851] TCP: Hash tables configured (established 8192 bind 8192)
[STDERR  ] 2019-02-04T12:35:34.936420410Z: [    5.981586] UDP hash table entries: 512 (order: 2, 16384 bytes)
[STDERR  ] 2019-02-04T12:35:34.936440025Z: [    5.983045] UDP-Lite hash table entries: 512 (order: 2, 16384 bytes)
[STDERR  ] 2019-02-04T12:35:34.936460086Z: [    5.986544] NET: Registered protocol family 1
[STDERR  ] 2019-02-04T12:35:34.936479876Z: [    5.987484] NET: Registered protocol family 44
[STDERR  ] 2019-02-04T12:35:34.936499310Z: [    5.988557] pci 0000:00:01.0: Video device with shadowed ROM at [mem 0x000c0000-0x000dffff]
[STDERR  ] 2019-02-04T12:35:34.936519354Z: [    6.001324] Trying to unpack rootfs image as initramfs...
[STDERR  ] 2019-02-04T12:35:34.936539832Z: [   14.843036] Freeing initrd memory: 37068K
[STDERR  ] 2019-02-04T12:35:34.936559484Z: [   14.875209] PCLMULQDQ-NI instructions are not detected.
[STDERR  ] 2019-02-04T12:35:34.936579113Z: [   14.877183] AVX or AES-NI instructions are not detected.
[STDERR  ] 2019-02-04T12:35:34.936605432Z: [   14.878010] CPU feature 'AVX registers' is not supported.
[STDERR  ] 2019-02-04T12:35:34.936626537Z: [   14.878488] CPU feature 'AVX registers' is not supported.
[STDERR  ] 2019-02-04T12:35:34.936646281Z: [   14.879088] CPU feature 'AVX registers' is not supported.
[STDERR  ] 2019-02-04T12:35:34.936669700Z: [   14.879544] CPU feature 'AVX registers' is not supported.
[STDERR  ] 2019-02-04T12:35:34.936692732Z: [   14.880190] AVX2 or AES-NI instructions are not detected.
[STDERR  ] 2019-02-04T12:35:34.936712572Z: [   14.880769] AVX2 instructions are not detected.
[STDERR  ] 2019-02-04T12:35:34.936732240Z: [   14.894444] workingset: timestamp_bits=46 max_order=18 bucket_order=0
[STDERR  ] 2019-02-04T12:35:34.936752498Z: [   14.902227] squashfs: version 4.0 (2009/01/31) Phillip Lougher
[STDERR  ] 2019-02-04T12:35:34.936773052Z: [   14.905991] FS-Cache: Netfs 'cifs' registered for caching
[STDERR  ] 2019-02-04T12:35:34.936793271Z: [   14.907514] fuse init (API version 7.27)
[STDERR  ] 2019-02-04T12:35:34.936812995Z: [   14.910634] SGI XFS with ACLs, security attributes, no debug enabled
[STDERR  ] 2019-02-04T12:35:34.936832478Z: [   14.916436] 9p: Installing v9fs 9p2000 file system support
[STDERR  ] 2019-02-04T12:35:34.936857400Z: [   14.917217] FS-Cache: Netfs '9p' registered for caching
[STDERR  ] 2019-02-04T12:35:34.936877530Z: [   14.918164] pstore: using deflate compression
[STDERR  ] 2019-02-04T12:35:34.936901118Z: [   14.976160] NET: Registered protocol family 38
[STDERR  ] 2019-02-04T12:35:34.936921130Z: [   14.977116] Key type asymmetric registered
[STDERR  ] 2019-02-04T12:35:34.936944624Z: [   14.977550] Asymmetric key parser 'x509' registered
[STDERR  ] 2019-02-04T12:35:34.936964090Z: [   14.978467] Block layer SCSI generic (bsg) driver version 0.4 loaded (major 247)
[STDERR  ] 2019-02-04T12:35:34.936994688Z: [   14.981006] io scheduler noop registered
[STDERR  ] 2019-02-04T12:35:34.937018610Z: [   14.981466] io scheduler deadline registered (default)
[STDERR  ] 2019-02-04T12:35:34.937043419Z: [   14.982494] io scheduler cfq registered
[STDERR  ] 2019-02-04T12:35:34.937063578Z: [   14.983104] io scheduler mq-deadline registered (default)
[STDERR  ] 2019-02-04T12:35:34.937083522Z: [   14.983582] io scheduler kyber registered
[STDERR  ] 2019-02-04T12:35:34.937103172Z: [   14.987382] shpchp: Standard Hot Plug PCI Controller Driver version: 0.4
[STDERR  ] 2019-02-04T12:35:34.937123052Z: [   14.988530] hv_vmbus: registering driver hyperv_fb
[STDERR  ] 2019-02-04T12:35:34.937143197Z: [   14.992855] input: Power Button as /devices/LNXSYSTM:00/LNXPWRBN:00/input/input0
[STDERR  ] 2019-02-04T12:35:34.937166220Z: [   14.996426] ACPI: Power Button [PWRF]
[STDERR  ] 2019-02-04T12:35:34.937185895Z: [   15.019950] PCI Interrupt Link [GSIG] enabled at IRQ 22
[STDERR  ] 2019-02-04T12:35:34.937210929Z: [   15.035665] PCI Interrupt Link [GSIH] enabled at IRQ 23
[STDERR  ] 2019-02-04T12:35:34.937234125Z: [   15.043329] Serial: 8250/16550 driver, 4 ports, IRQ sharing disabled
[STDERR  ] 2019-02-04T12:35:34.937259665Z: [   15.070240] 00:04: ttyS0 at I/O 0x3f8 (irq = 4, base_baud = 115200) is a 16550A
[STDERR  ] 2019-02-04T12:35:34.937287398Z: [   15.082530] Non-volatile memory driver v1.3
[STDERR  ] 2019-02-04T12:35:34.937307495Z: [   15.091115] Hangcheck: starting hangcheck timer 0.9.1 (tick is 180 seconds, margin is 60 seconds).
[STDERR  ] 2019-02-04T12:35:34.937327921Z: [   15.098436] random: crng init done
[STDERR  ] 2019-02-04T12:35:34.937350227Z: [   15.181101] brd: module loaded
[STDERR  ] 2019-02-04T12:35:34.937369775Z: [   15.222564] loop: module loaded
[STDERR  ] 2019-02-04T12:35:34.937389592Z: [   15.303824] lpc_ich 0000:00:1f.0: I/O space for GPIO uninitialized
[STDERR  ] 2019-02-04T12:35:34.937415282Z: [   15.307317] VMware PVSCSI driver - version 1.0.7.0-k
[STDERR  ] 2019-02-04T12:35:34.937434893Z: [   15.308345] hv_vmbus: registering driver hv_storvsc
[STDERR  ] 2019-02-04T12:35:34.937454272Z: [   15.325228] PCI Interrupt Link [GSIA] enabled at IRQ 16
[STDERR  ] 2019-02-04T12:35:34.937476904Z: [   15.333903] ahci 0000:00:1f.2: AHCI 0001.0000 32 slots 6 ports 1.5 Gbps 0x3f impl SATA mode
[STDERR  ] 2019-02-04T12:35:34.937497655Z: [   15.334898] ahci 0000:00:1f.2: flags: 64bit ncq only 
[STDERR  ] 2019-02-04T12:35:34.937517497Z: [   15.356453] scsi host0: ahci
[STDERR  ] 2019-02-04T12:35:34.937539604Z: [   15.361153] scsi host1: ahci
[STDERR  ] 2019-02-04T12:35:34.937559049Z: [   15.363653] scsi host2: ahci
[STDERR  ] 2019-02-04T12:35:34.937578828Z: [   15.366430] scsi host3: ahci
[STDERR  ] 2019-02-04T12:35:34.937601568Z: [   15.369074] scsi host4: ahci
[STDERR  ] 2019-02-04T12:35:34.937621352Z: [   15.371588] scsi host5: ahci
[STDERR  ] 2019-02-04T12:35:34.937645691Z: [   15.374191] ata1: SATA max UDMA/133 abar m4096@0xfebd2000 port 0xfebd2100 irq 24
[STDERR  ] 2019-02-04T12:35:34.937668366Z: [   15.375122] ata2: SATA max UDMA/133 abar m4096@0xfebd2000 port 0xfebd2180 irq 24
[STDERR  ] 2019-02-04T12:35:34.937687932Z: [   15.375917] ata3: SATA max UDMA/133 abar m4096@0xfebd2000 port 0xfebd2200 irq 24
[STDERR  ] 2019-02-04T12:35:34.937707811Z: [   15.376959] ata4: SATA max UDMA/133 abar m4096@0xfebd2000 port 0xfebd2280 irq 24
[STDERR  ] 2019-02-04T12:35:34.937727434Z: [   15.377742] ata5: SATA max UDMA/133 abar m4096@0xfebd2000 port 0xfebd2300 irq 24
[STDERR  ] 2019-02-04T12:35:34.937747801Z: [   15.378416] ata6: SATA max UDMA/133 abar m4096@0xfebd2000 port 0xfebd2380 irq 24
[STDERR  ] 2019-02-04T12:35:34.937767393Z: [   15.397108] tun: Universal TUN/TAP device driver, 1.6
[STDERR  ] 2019-02-04T12:35:34.937787736Z: [   15.412316] VMware vmxnet3 virtual NIC driver - version 1.4.16.0-k-NAPI
[STDERR  ] 2019-02-04T12:35:34.937807500Z: [   15.413774] hv_vmbus: registering driver hv_netvsc
[STDERR  ] 2019-02-04T12:35:34.937835297Z: [   15.414261] Fusion MPT base driver 3.04.20
[STDERR  ] 2019-02-04T12:35:34.937855368Z: [   15.414725] Copyright (c) 1999-2008 LSI Corporation
[STDERR  ] 2019-02-04T12:35:34.937874795Z: [   15.415402] Fusion MPT SPI Host driver 3.04.20
[STDERR  ] 2019-02-04T12:35:34.937894497Z: [   15.418070] i8042: PNP: PS/2 Controller [PNP0303:KBD,PNP0f13:MOU] at 0x60,0x64 irq 1,12
[STDERR  ] 2019-02-04T12:35:34.937916064Z: [   15.423459] serio: i8042 KBD port at 0x60,0x64 irq 1
[STDERR  ] 2019-02-04T12:35:34.937936038Z: [   15.424531] serio: i8042 AUX port at 0x60,0x64 irq 12
[STDERR  ] 2019-02-04T12:35:34.937956404Z: [   15.427903] hv_vmbus: registering driver hyperv_keyboard
[STDERR  ] 2019-02-04T12:35:34.937976386Z: [   15.430551] mousedev: PS/2 mouse device common for all mice
[STDERR  ] 2019-02-04T12:35:34.937996231Z: [   15.437046] input: PC Speaker as /devices/platform/pcspkr/input/input2
[STDERR  ] 2019-02-04T12:35:34.938021363Z: [   15.439311] input: AT Translated Set 2 keyboard as /devices/platform/i8042/serio0/input/input1
[STDERR  ] 2019-02-04T12:35:34.938050242Z: [   15.443581] rtc_cmos 00:00: RTC can wake from S4
[STDERR  ] 2019-02-04T12:35:34.938069827Z: [   15.450436] rtc_cmos 00:00: registered as rtc0
[STDERR  ] 2019-02-04T12:35:34.938089679Z: [   15.451983] rtc_cmos 00:00: alarms up to one day, y3k, 114 bytes nvram, hpet irqs
[STDERR  ] 2019-02-04T12:35:34.938115654Z: [   15.453197] i2c /dev entries driver
[STDERR  ] 2019-02-04T12:35:34.938135639Z: [   15.456356] device-mapper: ioctl: 4.39.0-ioctl (2018-04-03) initialised: dm-devel@redhat.com
[STDERR  ] 2019-02-04T12:35:34.938155505Z: [   15.463439] usbcore: registered new interface driver usbhid
[STDERR  ] 2019-02-04T12:35:34.938178142Z: [   15.464126] usbhid: USB HID core driver
[STDERR  ] 2019-02-04T12:35:34.938198323Z: [   15.465064] hv_utils: Registering HyperV Utility Driver
[STDERR  ] 2019-02-04T12:35:34.938217677Z: [   15.465594] hv_vmbus: registering driver hv_util
[STDERR  ] 2019-02-04T12:35:34.938237789Z: [   15.466175] hv_vmbus: registering driver hv_balloon
[STDERR  ] 2019-02-04T12:35:34.938301578Z: [   15.466917] oprofile: using NMI interrupt.
[STDERR  ] 2019-02-04T12:35:34.938326529Z: [   15.468621] GACT probability on
[STDERR  ] 2019-02-04T12:35:34.938346547Z: [   15.469294] Mirror/redirect action on
[STDERR  ] 2019-02-04T12:35:34.938371046Z: [   15.470993] Simple TC action Loaded
[STDERR  ] 2019-02-04T12:35:34.938390910Z: [   15.471613] u32 classifier
[STDERR  ] 2019-02-04T12:35:34.938411195Z: [   15.471980]     Performance counters on
[STDERR  ] 2019-02-04T12:35:34.938431409Z: [   15.472445]     input device check on
[STDERR  ] 2019-02-04T12:35:34.938451367Z: [   15.472895]     Actions configured
[STDERR  ] 2019-02-04T12:35:34.938471636Z: [   15.487417] xt_time: kernel timezone is -0000
[STDERR  ] 2019-02-04T12:35:34.938491613Z: [   15.488932] IPVS: Registered protocols (TCP, UDP, SCTP, AH, ESP)
[STDERR  ] 2019-02-04T12:35:34.938511367Z: [   15.490007] IPVS: Connection hash table configured (size=4096, memory=64Kbytes)
[STDERR  ] 2019-02-04T12:35:34.938531266Z: [   15.495628] IPVS: ipvs loaded.
[STDERR  ] 2019-02-04T12:35:34.938552520Z: [   15.496452] IPVS: [rr] scheduler registered.
[STDERR  ] 2019-02-04T12:35:34.938572363Z: [   15.497255] IPVS: [wrr] scheduler registered.
[STDERR  ] 2019-02-04T12:35:34.938591851Z: [   15.497934] IPVS: [lc] scheduler registered.
[STDERR  ] 2019-02-04T12:35:34.938611311Z: [   15.498383] IPVS: [wlc] scheduler registered.
[STDERR  ] 2019-02-04T12:35:34.938631285Z: [   15.498934] IPVS: [fo] scheduler registered.
[STDERR  ] 2019-02-04T12:35:34.938650767Z: [   15.499312] IPVS: [ovf] scheduler registered.
[STDERR  ] 2019-02-04T12:35:34.938670103Z: [   15.499984] IPVS: [lblc] scheduler registered.
[STDERR  ] 2019-02-04T12:35:34.938689850Z: [   15.500498] IPVS: [lblcr] scheduler registered.
[STDERR  ] 2019-02-04T12:35:34.938712269Z: [   15.501039] IPVS: [dh] scheduler registered.
[STDERR  ] 2019-02-04T12:35:34.938731511Z: [   15.502059] IPVS: [sh] scheduler registered.
[STDERR  ] 2019-02-04T12:35:34.938750821Z: [   15.502463] IPVS: [mh] scheduler registered.
[STDERR  ] 2019-02-04T12:35:34.938776266Z: [   15.502948] IPVS: [sed] scheduler registered.
[STDERR  ] 2019-02-04T12:35:34.938795836Z: [   15.503296] IPVS: [nq] scheduler registered.
[STDERR  ] 2019-02-04T12:35:34.938815544Z: [   15.504380] IPVS: ftp: loaded support on port[0] = 21
[STDERR  ] 2019-02-04T12:35:34.938835188Z: [   15.505500] ipip: IPv4 and MPLS over IPv4 tunneling driver
[STDERR  ] 2019-02-04T12:35:34.938854927Z: [   15.511065] gre: GRE over IPv4 demultiplexor driver
[STDERR  ] 2019-02-04T12:35:34.938874726Z: [   15.518636] ipt_CLUSTERIP: ClusterIP Version 0.8 loaded successfully
[STDERR  ] 2019-02-04T12:35:34.938898118Z: [   15.523273] NET: Registered protocol family 10
[STDERR  ] 2019-02-04T12:35:34.938917989Z: [   15.536429] Segment Routing with IPv6
[STDERR  ] 2019-02-04T12:35:34.938938037Z: [   15.548666] NET: Registered protocol family 17
[STDERR  ] 2019-02-04T12:35:34.938965384Z: [   15.551028] Bridge firewalling registered
[STDERR  ] 2019-02-04T12:35:34.938985469Z: [   15.554616] 8021q: 802.1Q VLAN Support v1.8
[STDERR  ] 2019-02-04T12:35:34.939010049Z: [   15.557250] 9pnet: Installing 9P2000 support
[STDERR  ] 2019-02-04T12:35:34.939030091Z: [   15.559564] Key type dns_resolver registered
[STDERR  ] 2019-02-04T12:35:34.939061499Z: [   15.562201] sched_clock: Marking stable (15494693769, 67094990)->(15814359708, -252570949)
[STDERR  ] 2019-02-04T12:35:34.939090026Z: [   15.567473] registered taskstats version 1
[STDERR  ] 2019-02-04T12:35:34.939109714Z: [   15.699374] ata4: SATA link down (SStatus 0 SControl 300)
[STDERR  ] 2019-02-04T12:35:34.939129475Z: [   15.702192] ata3: SATA link up 1.5 Gbps (SStatus 113 SControl 300)
[STDERR  ] 2019-02-04T12:35:34.939148897Z: [   15.705327] ata2: SATA link down (SStatus 0 SControl 300)
[STDERR  ] 2019-02-04T12:35:34.939168761Z: [   15.706287] ata1: SATA link up 1.5 Gbps (SStatus 113 SControl 300)
[STDERR  ] 2019-02-04T12:35:34.939192140Z: [   15.708982] ata1.00: ATA-7: QEMU HARDDISK, 2.5+, max UDMA/100
[STDERR  ] 2019-02-04T12:35:34.939212372Z: [   15.709610] ata1.00: 1048576 sectors, multi 16: LBA48 NCQ (depth 32)
[STDERR  ] 2019-02-04T12:35:34.939232109Z: [   15.710566] ata1.00: applying bridge limits
[STDERR  ] 2019-02-04T12:35:34.939254608Z: [   15.712463] ata6: SATA link down (SStatus 0 SControl 300)
[STDERR  ] 2019-02-04T12:35:34.939282360Z: [   15.713243] ata5: SATA link down (SStatus 0 SControl 300)
[STDERR  ] 2019-02-04T12:35:34.939303252Z: [   15.718601] ata3.00: ATAPI: QEMU DVD-ROM, 2.5+, max UDMA/100
[STDERR  ] 2019-02-04T12:35:34.939325776Z: [   15.719437] ata3.00: applying bridge limits
[STDERR  ] 2019-02-04T12:35:34.939345400Z: [   15.721609] ata3.00: configured for UDMA/100
[STDERR  ] 2019-02-04T12:35:34.939365227Z: [   15.727187] ata1.00: configured for UDMA/100
[STDERR  ] 2019-02-04T12:35:34.939384557Z: [   15.751927] scsi 0:0:0:0: Direct-Access     ATA      QEMU HARDDISK    2.5+ PQ: 0 ANSI: 5
[STDERR  ] 2019-02-04T12:35:34.939405216Z: [   15.768505] sd 0:0:0:0: [sda] 1048576 512-byte logical blocks: (537 MB/512 MiB)
[STDERR  ] 2019-02-04T12:35:34.939428885Z: [   15.775146] sd 0:0:0:0: [sda] Write Protect is off
[STDERR  ] 2019-02-04T12:35:34.939448573Z: [   15.776503] sd 0:0:0:0: Attached scsi generic sg0 type 0
[STDERR  ] 2019-02-04T12:35:34.939468284Z: [   15.778673] sd 0:0:0:0: [sda] Write cache: enabled, read cache: enabled, doesn't support DPO or FUA
[STDERR  ] 2019-02-04T12:35:34.939493472Z: [   15.783832] scsi 2:0:0:0: CD-ROM            QEMU     QEMU DVD-ROM     2.5+ PQ: 0 ANSI: 5
[STDERR  ] 2019-02-04T12:35:34.939513301Z: [   15.813918] sr 2:0:0:0: [sr0] scsi3-mmc drive: 4x/4x cd/rw xa/form2 tray
[STDERR  ] 2019-02-04T12:35:34.939537557Z: [   15.815039] cdrom: Uniform CD-ROM driver Revision: 3.20
[STDERR  ] 2019-02-04T12:35:34.939558656Z: [   15.831305] sr 2:0:0:0: Attached scsi generic sg1 type 5
[STDERR  ] 2019-02-04T12:35:34.939578171Z: [   15.834418] sd 0:0:0:0: [sda] Attached SCSI disk
[STDERR  ] 2019-02-04T12:35:34.939598047Z: [   15.891162] tsc: Refined TSC clocksource calibration: 2599.781 MHz
[STDERR  ] 2019-02-04T12:35:34.939623173Z: [   15.892210] clocksource: tsc: mask: 0xffffffffffffffff max_cycles: 0x25796d18783, max_idle_ns: 440795214571 ns
[STDERR  ] 2019-02-04T12:35:34.939642591Z: [   15.893317] clocksource: Switched to clocksource tsc
[STDERR  ] 2019-02-04T12:35:34.939662454Z: [   15.986253] Key type big_key registered
[STDERR  ] 2019-02-04T12:35:34.939681672Z: [   16.101466] Key type trusted registered
[STDERR  ] 2019-02-04T12:35:34.939705987Z: [   16.233567] Key type encrypted registered
[STDERR  ] 2019-02-04T12:35:34.939733254Z: [   16.235041] ima: No TPM chip found, activating TPM-bypass!
[STDERR  ] 2019-02-04T12:35:34.939753181Z: [   16.235816] ima: Allocated hash algorithm: sha256
[STDERR  ] 2019-02-04T12:35:34.939773274Z: [   16.240377] evm: Initialising EVM extended attributes:
[STDERR  ] 2019-02-04T12:35:34.939793571Z: [   16.241085] evm: security.ima
[STDERR  ] 2019-02-04T12:35:34.939814531Z: [   16.241434] evm: security.capability
[STDERR  ] 2019-02-04T12:35:34.939833961Z: [   16.241965] evm: HMAC attrs: 0x1
[STDERR  ] 2019-02-04T12:35:34.939856419Z: [   16.252179] rtc_cmos 00:00: setting system clock to 2019-02-04 12:34:35 UTC (1549283675)
[STDERR  ] 2019-02-04T12:35:34.939876699Z: [   16.471492] Freeing unused kernel image memory: 1588K
[STDERR  ] 2019-02-04T12:35:34.939906526Z: [   16.473277] Write protecting the kernel read-only data: 18432k
[STDERR  ] 2019-02-04T12:35:34.939926832Z: [   16.496028] Freeing unused kernel image memory: 2028K
[STDERR  ] 2019-02-04T12:35:34.939954615Z: [   16.503877] Freeing unused kernel image memory: 1044K
[STDERR  ] 2019-02-04T12:35:34.939978191Z: [   16.505179] Run /init as init process
[STDERR  ] 2019-02-04T12:35:34.939997918Z: 
[STDERR  ] 2019-02-04T12:35:34.940018473Z: Welcome to LinuxKit
[STDERR  ] 2019-02-04T12:35:34.940043008Z: 
[STDERR  ] 2019-02-04T12:35:34.940062723Z:                         ##         .
[STDERR  ] 2019-02-04T12:35:34.940082649Z:                   ## ## ##        ==
[STDERR  ] 2019-02-04T12:35:34.940102470Z:                ## ## ## ## ##    ===
[STDERR  ] 2019-02-04T12:35:34.940122183Z:            /"""""""""""""""""\___/ ===
[STDERR  ] 2019-02-04T12:35:34.940141626Z:           {                       /  ===-
[STDERR  ] 2019-02-04T12:35:34.940161055Z:            \______ O           __/
[STDERR  ] 2019-02-04T12:35:34.940181480Z:              \    \         __/
[STDERR  ] 2019-02-04T12:35:34.940200861Z:               \____\_______/
[STDERR  ] 2019-02-04T12:35:34.940224646Z: 
[STDERR  ] 2019-02-04T12:35:34.940244436Z: [   45.867464] IPVS: ftp: loaded support on port[0] = 21
[STDERR  ] 2019-02-04T12:35:34.940266375Z: [   49.847461]  sda:
[STDERR  ] 2019-02-04T12:35:34.940292961Z: [   49.982339]  sda:
[STDERR  ] 2019-02-04T12:35:34.940315556Z: [   50.365128]  sda: sda1
[STDERR  ] 2019-02-04T12:35:34.940335033Z: [   50.518482]  sda: sda1
[STDERR  ] 2019-02-04T12:35:34.940354731Z: 2019/02/04 12:35:08 Creating partition on /dev/sda
[STDERR  ] 2019-02-04T12:35:34.940376919Z: 2019/02/04 12:35:12 Partition /dev/sda1 successfully created!
[STDERR  ] 2019-02-04T12:35:34.940396749Z: [   54.376119] IPVS: ftp: loaded support on port[0] = 21
[STDERR  ] 2019-02-04T12:35:34.940416176Z: [   56.645298] EXT4-fs (sda1): mounted filesystem with ordered data mode. Opts: (null)
[STDERR  ] 2019-02-04T12:35:34.940435699Z: format_mount test suite PASSED
[STDERR  ] 2019-02-04T12:35:34.940455629Z: [   75.147114] sd 0:0:0:0: [sda] Synchronizing SCSI cache
[STDERR  ] 2019-02-04T12:35:34.940475192Z: [   75.152394] sd 0:0:0:0: [sda] Stopping disk
[STDERR  ] 2019-02-04T12:35:34.940494914Z: [   75.157508] ACPI: Preparing to enter system sleep state S5
[STDERR  ] 2019-02-04T12:35:34.940514293Z: [   75.159401] reboot: Power down
[STDERR  ] 2019-02-04T12:35:34.940534664Z: + echo [    0.000000] Linux version 4.19.19-linuxkit (root@51b31d12d2bf) (gcc version 6.4.0 (Alpine 6.4.0)) #1 SMP Sat Feb 2 00:05:43 UTC 2019
[STDERR  ] 2019-02-04T12:35:34.940561954Z: [    0.000000] Command line: console=ttyS0 console=ttyAMA0
[STDERR  ] 2019-02-04T12:35:34.940595589Z: [    0.000000] x86/fpu: x87 FPU will use FXSAVE
[STDERR  ] 2019-02-04T12:35:34.940615637Z: [    0.000000] BIOS-provided physical RAM map:
[STDERR  ] 2019-02-04T12:35:34.940635644Z: [    0.000000] BIOS-e820: [mem 0x0000000000000000-0x000000000009fbff] usable
[STDERR  ] 2019-02-04T12:35:34.940659089Z: [    0.000000] BIOS-e820: [mem 0x000000000009fc00-0x000000000009ffff] reserved
[STDERR  ] 2019-02-04T12:35:34.940678437Z: [    0.000000] BIOS-e820: [mem 0x00000000000f0000-0x00000000000fffff] reserved
[STDERR  ] 2019-02-04T12:35:34.940697928Z: [    0.000000] BIOS-e820: [mem 0x0000000000100000-0x000000003ffdefff] usable
[STDERR  ] 2019-02-04T12:35:34.940717681Z: [    0.000000] BIOS-e820: [mem 0x000000003ffdf000-0x000000003fffffff] reserved
[STDERR  ] 2019-02-04T12:35:34.940740050Z: [    0.000000] BIOS-e820: [mem 0x00000000b0000000-0x00000000bfffffff] reserved
[STDERR  ] 2019-02-04T12:35:34.940759860Z: [    0.000000] BIOS-e820: [mem 0x00000000fed1c000-0x00000000fed1ffff] reserved
[STDERR  ] 2019-02-04T12:35:34.940779433Z: [    0.000000] BIOS-e820: [mem 0x00000000fffc0000-0x00000000ffffffff] reserved
[STDERR  ] 2019-02-04T12:35:34.940798656Z: [    0.000000] NX (Execute Disable) protection: active
[STDERR  ] 2019-02-04T12:35:34.940817998Z: [    0.000000] SMBIOS 2.8 present.
[STDERR  ] 2019-02-04T12:35:34.940842774Z: [    0.000000] DMI: QEMU Standard PC (Q35 + ICH9, 2009), BIOS rel-1.10.2-0-g5f4c7b1-prebuilt.qemu-project.org 04/01/2014
[STDERR  ] 2019-02-04T12:35:34.940863065Z: [    0.000000] tsc: Fast TSC calibration using PIT
[STDERR  ] 2019-02-04T12:35:34.940882397Z: [    0.000000] tsc: Detected 2599.783 MHz processor
[STDERR  ] 2019-02-04T12:35:34.940901613Z: [    0.082583] last_pfn = 0x3ffdf max_arch_pfn = 0x400000000
[STDERR  ] 2019-02-04T12:35:34.940925748Z: [    0.084216] x86/PAT: Configuration [0-7]: WB  WC  UC- UC  WB  WP  UC- WT  
[STDERR  ] 2019-02-04T12:35:34.940945249Z: [    0.143865] found SMP MP-table at [mem 0x000f6aa0-0x000f6aaf] mapped at [(____ptrval____)]
[STDERR  ] 2019-02-04T12:35:34.940964812Z: [    0.152476] RAMDISK: [mem 0x3db9d000-0x3ffcffff]
[STDERR  ] 2019-02-04T12:35:34.940984226Z: [    0.153424] ACPI: Early table checksum verification disabled
[STDERR  ] 2019-02-04T12:35:34.941004004Z: [    0.155668] ACPI: RSDP 0x00000000000F68C0 000014 (v00 BOCHS )
[STDERR  ] 2019-02-04T12:35:34.941023597Z: [    0.156002] ACPI: RSDT 0x000000003FFE2404 000034 (v01 BOCHS  BXPCRSDT 00000001 BXPC 00000001)
[STDERR  ] 2019-02-04T12:35:34.941048391Z: [    0.156821] ACPI: FACP 0x000000003FFE22A4 000074 (v01 BOCHS  BXPCFACP 00000001 BXPC 00000001)
[STDERR  ] 2019-02-04T12:35:34.941075736Z: [    0.157569] ACPI: DSDT 0x000000003FFE0040 002264 (v01 BOCHS  BXPCDSDT 00000001 BXPC 00000001)
[STDERR  ] 2019-02-04T12:35:34.941095185Z: [    0.157717] ACPI: FACS 0x000000003FFE0000 000040
[STDERR  ] 2019-02-04T12:35:34.941118786Z: [    0.157840] ACPI: APIC 0x000000003FFE2318 000078 (v01 BOCHS  BXPCAPIC 00000001 BXPC 00000001)
[STDERR  ] 2019-02-04T12:35:34.941138334Z: [    0.157926] ACPI: HPET 0x000000003FFE2390 000038 (v01 BOCHS  BXPCHPET 00000001 BXPC 00000001)
[STDERR  ] 2019-02-04T12:35:34.941158048Z: [    0.158043] ACPI: MCFG 0x000000003FFE23C8 00003C (v01 BOCHS  BXPCMCFG 00000001 BXPC 00000001)
[STDERR  ] 2019-02-04T12:35:34.941180519Z: [    0.163902] Zone ranges:
[STDERR  ] 2019-02-04T12:35:34.941204818Z: [    0.164013]   DMA      [mem 0x0000000000001000-0x0000000000ffffff]
[STDERR  ] 2019-02-04T12:35:34.941224383Z: [    0.164094]   DMA32    [mem 0x0000000001000000-0x000000003ffdefff]
[STDERR  ] 2019-02-04T12:35:34.941247830Z: [    0.164135]   Normal   empty
[STDERR  ] 2019-02-04T12:35:34.941267859Z: [    0.164186]   Device   empty
[STDERR  ] 2019-02-04T12:35:34.941293737Z: [    0.164228] Movable zone start for each node
[STDERR  ] 2019-02-04T12:35:34.941313677Z: [    0.164288] Early memory node ranges
[STDERR  ] 2019-02-04T12:35:34.941333502Z: [    0.164352]   node   0: [mem 0x0000000000001000-0x000000000009efff]
[STDERR  ] 2019-02-04T12:35:34.941353624Z: [    0.164405]   node   0: [mem 0x0000000000100000-0x000000003ffdefff]
[STDERR  ] 2019-02-04T12:35:34.941378209Z: [    0.165330] Reserved but unavailable: 98 pages
[STDERR  ] 2019-02-04T12:35:34.941397840Z: [    0.165553] Initmem setup node 0 [mem 0x0000000000001000-0x000000003ffdefff]
[STDERR  ] 2019-02-04T12:35:34.941422158Z: [    0.234164] ACPI: PM-Timer IO Port: 0x608
[STDERR  ] 2019-02-04T12:35:34.941444920Z: [    0.234842] ACPI: LAPIC_NMI (acpi_id[0xff] dfl dfl lint[0x1])
[STDERR  ] 2019-02-04T12:35:34.941468797Z: [    0.235443] IOAPIC[0]: apic_id 0, version 32, address 0xfec00000, GSI 0-23
[STDERR  ] 2019-02-04T12:35:34.941491730Z: [    0.235618] ACPI: INT_SRC_OVR (bus 0 bus_irq 0 global_irq 2 dfl dfl)
[STDERR  ] 2019-02-04T12:35:34.941516163Z: [    0.235978] ACPI: INT_SRC_OVR (bus 0 bus_irq 5 global_irq 5 high level)
[STDERR  ] 2019-02-04T12:35:34.941536750Z: [    0.236058] ACPI: INT_SRC_OVR (bus 0 bus_irq 9 global_irq 9 high level)
[STDERR  ] 2019-02-04T12:35:34.941563180Z: [    0.236196] ACPI: INT_SRC_OVR (bus 0 bus_irq 10 global_irq 10 high level)
[STDERR  ] 2019-02-04T12:35:34.941583520Z: [    0.236230] ACPI: INT_SRC_OVR (bus 0 bus_irq 11 global_irq 11 high level)
[STDERR  ] 2019-02-04T12:35:34.941603188Z: [    0.236621] Using ACPI (MADT) for SMP configuration information
[STDERR  ] 2019-02-04T12:35:34.941623283Z: [    0.236702] ACPI: HPET id: 0x8086a201 base: 0xfed00000
[STDERR  ] 2019-02-04T12:35:34.941654974Z: [    0.237254] smpboot: Allowing 1 CPUs, 0 hotplug CPUs
[STDERR  ] 2019-02-04T12:35:34.941674529Z: [    0.238334] [mem 0x40000000-0xafffffff] available for PCI devices
[STDERR  ] 2019-02-04T12:35:34.941693959Z: [    0.238401] Booting paravirtualized kernel on bare hardware
[STDERR  ] 2019-02-04T12:35:34.941713429Z: [    0.238680] clocksource: refined-jiffies: mask: 0xffffffff max_cycles: 0xffffffff, max_idle_ns: 1910969940391419 ns
[STDERR  ] 2019-02-04T12:35:34.941733674Z: [    3.640239] random: get_random_bytes called from start_kernel+0x92/0x52b with crng_init=0
[STDERR  ] 2019-02-04T12:35:34.941753411Z: [    3.641321] setup_percpu: NR_CPUS:128 nr_cpumask_bits:128 nr_cpu_ids:1 nr_node_ids:1
[STDERR  ] 2019-02-04T12:35:34.941773331Z: [    3.649780] percpu: Embedded 45 pages/cpu @(____ptrval____) s145112 r8192 d31016 u2097152
[STDERR  ] 2019-02-04T12:35:34.941792980Z: [    3.652666] Built 1 zonelists, mobility grouping on.  Total pages: 257896
[STDERR  ] 2019-02-04T12:35:34.941818930Z: [    3.652908] Kernel command line: console=ttyS0 console=ttyAMA0
[STDERR  ] 2019-02-04T12:35:34.941843449Z: [    3.657281] Dentry cache hash table entries: 131072 (order: 8, 1048576 bytes)
[STDERR  ] 2019-02-04T12:35:34.941862993Z: [    3.659040] Inode-cache hash table entries: 65536 (order: 7, 524288 bytes)
[STDERR  ] 2019-02-04T12:35:34.941882937Z: [    3.731090] Memory: 965660K/1048052K available (12300K kernel code, 1579K rwdata, 3052K rodata, 1588K init, 1996K bss, 82392K reserved, 0K cma-reserved)
[STDERR  ] 2019-02-04T12:35:34.941907191Z: [    3.738572] ftrace: allocating 42976 entries in 168 pages
[STDERR  ] 2019-02-04T12:35:34.941926869Z: [    4.207553] rcu: Hierarchical RCU implementation.
[STDERR  ] 2019-02-04T12:35:34.941949203Z: [    4.207741] rcu: 	RCU restricting CPUs from NR_CPUS=128 to nr_cpu_ids=1.
[STDERR  ] 2019-02-04T12:35:34.941969406Z: [    4.207893] rcu: Adjusting geometry for rcu_fanout_leaf=16, nr_cpu_ids=1
[STDERR  ] 2019-02-04T12:35:34.941988885Z: [    4.266505] NR_IRQS: 8448, nr_irqs: 256, preallocated irqs: 16
[STDERR  ] 2019-02-04T12:35:34.942008600Z: [    4.280362] Console: colour VGA+ 80x25
[STDERR  ] 2019-02-04T12:35:34.942028520Z: [    4.321766] console [ttyS0] enabled
[STDERR  ] 2019-02-04T12:35:34.942059027Z: [    4.322571] ACPI: Core revision 20180810
[STDERR  ] 2019-02-04T12:35:34.942078813Z: [    4.330948] clocksource: hpet: mask: 0xffffffff max_cycles: 0xffffffff, max_idle_ns: 19112604467 ns
[STDERR  ] 2019-02-04T12:35:34.942102294Z: [    4.338366] APIC: Switch to symmetric I/O mode setup
[STDERR  ] 2019-02-04T12:35:34.942122481Z: [    4.346253] ..TIMER: vector=0x30 apic1=0 pin1=2 apic2=-1 pin2=-1
[STDERR  ] 2019-02-04T12:35:34.942142518Z: [    4.352273] clocksource: tsc-early: mask: 0xffffffffffffffff max_cycles: 0x25796f27178, max_idle_ns: 440795276799 ns
[STDOUT  ] 2019-02-04T12:35:34.942101757Z: [    0.000000] Linux version 4.19.19-linuxkit (root@51b31d12d2bf) (gcc version 6.4.0 (Alpine 6.4.0)) #1 SMP Sat Feb 2 00:05:43 UTC 2019
[STDOUT  ] 2019-02-04T12:35:34.942216970Z: [    0.000000] Command line: console=ttyS0 console=ttyAMA0
[STDOUT  ] 2019-02-04T12:35:34.942234722Z: [    0.000000] x86/fpu: x87 FPU will use FXSAVE
[STDERR  ] 2019-02-04T12:35:34.942372513Z: [    4.355838] Calibrating delay loop (skipped), value calculated using timer frequency.. 5199.56 BogoMIPS (lpj=2599783)
[STDOUT  ] 2019-02-04T12:35:34.942295059Z: [    0.000000] BIOS-provided physical RAM map:
[STDERR  ] 2019-02-04T12:35:34.942458275Z: [    4.356720] pid_max: default: 32768 minimum: 301
[STDERR  ] 2019-02-04T12:35:34.942484999Z: [    4.361644] Security Framework initialized
[STDERR  ] 2019-02-04T12:35:34.942516041Z: [    4.362189] Yama: becoming mindful.
[STDERR  ] 2019-02-04T12:35:34.942538225Z: [    4.364766] Mount-cache hash table entries: 2048 (order: 2, 16384 bytes)
[STDERR  ] 2019-02-04T12:35:34.942558997Z: [    4.365362] Mountpoint-cache hash table entries: 2048 (order: 2, 16384 bytes)
[STDERR  ] 2019-02-04T12:35:34.942594053Z: [    4.390752] Last level iTLB entries: 4KB 0, 2MB 0, 4MB 0
[STDERR  ] 2019-02-04T12:35:34.942621762Z: [    4.391224] Last level dTLB entries: 4KB 0, 2MB 0, 4MB 0, 1GB 0
[STDERR  ] 2019-02-04T12:35:34.942641744Z: [    4.391768] Spectre V2 : Spectre mitigation: LFENCE not serializing, switching to generic retpoline
[STDERR  ] 2019-02-04T12:35:34.942663373Z: [    4.392649] Spectre V2 : Mitigation: Full generic retpoline
[STDERR  ] 2019-02-04T12:35:34.942683453Z: [    4.393052] Spectre V2 : Spectre v2 / SpectreRSB mitigation: Filling RSB on context switch
[STDOUT  ] 2019-02-04T12:35:34.942471555Z: [    0.000000] BIOS-e820: [mem 0x0000000000000000-0x000000000009fbff] usable
[STDERR  ] 2019-02-04T12:35:34.942705011Z: [    4.393733] Speculative Store Bypass: Vulnerable
[STDERR  ] 2019-02-04T12:35:34.942734511Z: [    4.594999] random: fast init done
[STDERR  ] 2019-02-04T12:35:34.942755074Z: [    4.763756] Freeing SMP alternatives memory: 20K
[STDERR  ] 2019-02-04T12:35:34.942782759Z: [    4.788589] smpboot: CPU0: AMD QEMU Virtual CPU version 2.5+ (family: 0x6, model: 0x6, stepping: 0x3)
[STDERR  ] 2019-02-04T12:35:34.942802320Z: [    4.797951] Performance Events: PMU not available due to virtualization, using software events only.
[STDERR  ] 2019-02-04T12:35:34.942828876Z: [    4.801689] rcu: Hierarchical SRCU implementation.
[STDERR  ] 2019-02-04T12:35:34.942848270Z: [    4.808197] NMI watchdog: Perf NMI watchdog permanently disabled
[STDERR  ] 2019-02-04T12:35:34.942867965Z: [    4.813729] smp: Bringing up secondary CPUs ...
[STDERR  ] 2019-02-04T12:35:34.942887605Z: [    4.814350] smp: Brought up 1 node, 1 CPU
[STDOUT  ] 2019-02-04T12:35:34.942707195Z: [    0.000000] BIOS-e820: [mem 0x000000000009fc00-0x000000000009ffff] reserved
[STDOUT  ] 2019-02-04T12:35:34.942926966Z: [    0.000000] BIOS-e820: [mem 0x00000000000f0000-0x00000000000fffff] reserved
[STDOUT  ] 2019-02-04T12:35:34.942945986Z: [    0.000000] BIOS-e820: [mem 0x0000000000100000-0x000000003ffdefff] usable
[STDOUT  ] 2019-02-04T12:35:34.942964813Z: [    0.000000] BIOS-e820: [mem 0x000000003ffdf000-0x000000003fffffff] reserved
[STDOUT  ] 2019-02-04T12:35:34.942983209Z: [    0.000000] BIOS-e820: [mem 0x00000000b0000000-0x00000000bfffffff] reserved
[STDOUT  ] 2019-02-04T12:35:34.943012348Z: [    0.000000] BIOS-e820: [mem 0x00000000fed1c000-0x00000000fed1ffff] reserved
[STDOUT  ] 2019-02-04T12:35:34.943033655Z: [    0.000000] BIOS-e820: [mem 0x00000000fffc0000-0x00000000ffffffff] reserved
[STDOUT  ] 2019-02-04T12:35:34.943053065Z: [    0.000000] NX (Execute Disable) protection: active
[STDOUT  ] 2019-02-04T12:35:34.943072360Z: [    0.000000] SMBIOS 2.8 present.
[STDERR  ] 2019-02-04T12:35:34.942910590Z: [    4.814709] smpboot: Max logical packages: 1
[STDERR  ] 2019-02-04T12:35:34.943144486Z: [    4.815743] smpboot: Total of 1 processors activated (5199.56 BogoMIPS)
[STDERR  ] 2019-02-04T12:35:34.943176308Z: [    4.833067] devtmpfs: initialized
[STDERR  ] 2019-02-04T12:35:34.943197280Z: [    4.838773] x86/mm: Memory block size: 128MB
[STDERR  ] 2019-02-04T12:35:34.943217669Z: [    4.851866] clocksource: jiffies: mask: 0xffffffff max_cycles: 0xffffffff, max_idle_ns: 1911260446275000 ns
[STDERR  ] 2019-02-04T12:35:34.943243859Z: [    4.852831] futex hash table entries: 256 (order: 2, 16384 bytes)
[STDERR  ] 2019-02-04T12:35:34.943264022Z: [    4.874667] NET: Registered protocol family 16
[STDERR  ] 2019-02-04T12:35:34.943294497Z: [    4.880033] audit: initializing netlink subsys (disabled)
[STDERR  ] 2019-02-04T12:35:34.943314446Z: [    4.886112] audit: type=2000 audit(1549283663.544:1): state=initialized audit_enabled=0 res=1
[STDERR  ] 2019-02-04T12:35:34.943336065Z: [    4.889334] cpuidle: using governor ladder
[STDERR  ] 2019-02-04T12:35:34.943355928Z: [    4.889791] cpuidle: using governor menu
[STDERR  ] 2019-02-04T12:35:34.943379560Z: [    4.892324] ACPI: bus type PCI registered
[STDERR  ] 2019-02-04T12:35:34.943405812Z: [    4.895938] PCI: MMCONFIG for domain 0000 [bus 00-ff] at [mem 0xb0000000-0xbfffffff] (base 0xb0000000)
[STDERR  ] 2019-02-04T12:35:34.943431513Z: [    4.896851] PCI: MMCONFIG at [mem 0xb0000000-0xbfffffff] reserved in E820
[STDERR  ] 2019-02-04T12:35:34.943452050Z: [    4.899145] PCI: Using configuration type 1 for base access
[STDERR  ] 2019-02-04T12:35:34.943471595Z: [    4.973008] HugeTLB registered 2.00 MiB page size, pre-allocated 0 pages
[STDERR  ] 2019-02-04T12:35:34.943493642Z: [    4.979589] cryptd: max_cpu_qlen set to 1000
[STDERR  ] 2019-02-04T12:35:34.943512968Z: [    4.985830] ACPI: Added _OSI(Module Device)
[STDERR  ] 2019-02-04T12:35:34.943532798Z: [    4.986371] ACPI: Added _OSI(Processor Device)
[STDERR  ] 2019-02-04T12:35:34.943552431Z: [    4.986649] ACPI: Added _OSI(3.0 _SCP Extensions)
[STDERR  ] 2019-02-04T12:35:34.943572173Z: [    4.987119] ACPI: Added _OSI(Processor Aggregator Device)
[STDERR  ] 2019-02-04T12:35:34.943615353Z: [    4.987764] ACPI: Added _OSI(Linux-Dell-Video)
[STDERR  ] 2019-02-04T12:35:34.943663863Z: [    4.989840] ACPI: Added _OSI(Linux-Lenovo-NV-HDMI-Audio)
[STDERR  ] 2019-02-04T12:35:34.943707356Z: [    5.048347] ACPI: 1 ACPI AML tables successfully acquired and loaded
[STDERR  ] 2019-02-04T12:35:34.943727876Z: [    5.085061] ACPI: Interpreter enabled
[STDERR  ] 2019-02-04T12:35:34.943763092Z: [    5.086175] ACPI: (supports S0 S5)
[STDERR  ] 2019-02-04T12:35:34.943796732Z: [    5.086697] ACPI: Using IOAPIC for interrupt routing
[STDERR  ] 2019-02-04T12:35:34.943816171Z: [    5.089108] PCI: Using host bridge windows from ACPI; if necessary, use "pci=nocrs" and report a bug
[STDERR  ] 2019-02-04T12:35:34.943835682Z: [    5.093589] ACPI: Enabled 2 GPEs in block 00 to 3F
[STDERR  ] 2019-02-04T12:35:34.943855385Z: [    5.173409] ACPI: PCI Root Bridge [PCI0] (domain 0000 [bus 00-ff])
[STDERR  ] 2019-02-04T12:35:34.943885907Z: [    5.174844] acpi PNP0A08:00: _OSC: OS supports [ExtendedConfig ASPM ClockPM Segments MSI]
[STDERR  ] 2019-02-04T12:35:34.943911697Z: [    5.179807] acpi PNP0A08:00: _OSC: platform does not support [SHPCHotplug LTR]
[STDERR  ] 2019-02-04T12:35:34.943944578Z: [    5.183648] acpi PNP0A08:00: _OSC: OS now controls [PCIeHotplug PME PCIeCapability]
[STDERR  ] 2019-02-04T12:35:34.943976322Z: [    5.188346] PCI host bridge to bus 0000:00
[STDERR  ] 2019-02-04T12:35:34.943996135Z: [    5.188855] pci_bus 0000:00: root bus resource [io  0x0000-0x0cf7 window]
[STDERR  ] 2019-02-04T12:35:34.944030058Z: [    5.189667] pci_bus 0000:00: root bus resource [io  0x0d00-0xffff window]
[STDERR  ] 2019-02-04T12:35:34.944050354Z: [    5.190646] pci_bus 0000:00: root bus resource [mem 0x000a0000-0x000bffff window]
[STDERR  ] 2019-02-04T12:35:34.944070204Z: [    5.191358] pci_bus 0000:00: root bus resource [mem 0xc0000000-0xfebfffff window]
[STDERR  ] 2019-02-04T12:35:34.944096168Z: [    5.192712] pci_bus 0000:00: root bus resource [bus 00-ff]
[STDERR  ] 2019-02-04T12:35:34.944125530Z: [    5.259409] pci 0000:00:1f.0: quirk: [io  0x0600-0x067f] claimed by ICH6 ACPI/GPIO/TCO
[STDERR  ] 2019-02-04T12:35:34.944145930Z: [    5.315023] ACPI: PCI Interrupt Link [LNKA] (IRQs 5 *10 11)
[STDERR  ] 2019-02-04T12:35:34.944165317Z: [    5.317826] ACPI: PCI Interrupt Link [LNKB] (IRQs 5 *10 11)
[STDERR  ] 2019-02-04T12:35:34.944194979Z: [    5.320152] ACPI: PCI Interrupt Link [LNKC] (IRQs 5 10 *11)
[STDERR  ] 2019-02-04T12:35:34.944214562Z: [    5.322633] ACPI: PCI Interrupt Link [LNKD] (IRQs 5 10 *11)
[STDERR  ] 2019-02-04T12:35:34.944234290Z: [    5.324828] ACPI: PCI Interrupt Link [LNKE] (IRQs 5 *10 11)
[STDERR  ] 2019-02-04T12:35:34.944253761Z: [    5.327066] ACPI: PCI Interrupt Link [LNKF] (IRQs 5 *10 11)
[STDERR  ] 2019-02-04T12:35:34.944274310Z: [    5.329253] ACPI: PCI Interrupt Link [LNKG] (IRQs 5 10 *11)
[STDERR  ] 2019-02-04T12:35:34.944303779Z: [    5.331493] ACPI: PCI Interrupt Link [LNKH] (IRQs 5 10 *11)
[STDERR  ] 2019-02-04T12:35:34.944348615Z: [    5.332667] ACPI: PCI Interrupt Link [GSIA] (IRQs *16)
[STDERR  ] 2019-02-04T12:35:34.944368375Z: [    5.333358] ACPI: PCI Interrupt Link [GSIB] (IRQs *17)
[STDERR  ] 2019-02-04T12:35:34.944470696Z: [    5.333937] ACPI: PCI Interrupt Link [GSIC] (IRQs *18)
[STDERR  ] 2019-02-04T12:35:34.944553910Z: [    5.334909] ACPI: PCI Interrupt Link [GSID] (IRQs *19)
[STDERR  ] 2019-02-04T12:35:34.944574215Z: [    5.335850] ACPI: PCI Interrupt Link [GSIE] (IRQs *20)
[STDERR  ] 2019-02-04T12:35:34.944593533Z: [    5.336670] ACPI: PCI Interrupt Link [GSIF] (IRQs *21)
[STDERR  ] 2019-02-04T12:35:34.944613112Z: [    5.337369] ACPI: PCI Interrupt Link [GSIG] (IRQs *22)
[STDERR  ] 2019-02-04T12:35:34.944637323Z: [    5.337943] ACPI: PCI Interrupt Link [GSIH] (IRQs *23)
[STDERR  ] 2019-02-04T12:35:34.944656912Z: [    5.348819] SCSI subsystem initialized
[STDERR  ] 2019-02-04T12:35:34.944676453Z: [    5.352179] ACPI: bus type USB registered
[STDERR  ] 2019-02-04T12:35:34.944697288Z: [    5.353381] usbcore: registered new interface driver usbfs
[STDERR  ] 2019-02-04T12:35:34.944721867Z: [    5.354960] usbcore: registered new interface driver hub
[STDERR  ] 2019-02-04T12:35:34.944741588Z: [    5.356044] usbcore: registered new device driver usb
[STDERR  ] 2019-02-04T12:35:34.944761578Z: [    5.357224] pps_core: LinuxPPS API ver. 1 registered
[STDERR  ] 2019-02-04T12:35:34.944790770Z: [    5.357640] pps_core: Software ver. 5.3.6 - Copyright 2005-2007 Rodolfo Giometti <giometti@linux.it>
[STDERR  ] 2019-02-04T12:35:34.944818447Z: [    5.358780] PTP clock support registered
[STDERR  ] 2019-02-04T12:35:34.944838856Z: [    5.362298] PCI: Using ACPI for IRQ routing
[STDERR  ] 2019-02-04T12:35:34.944863826Z: [    5.386276] NetLabel: Initializing
[STDERR  ] 2019-02-04T12:35:34.944884117Z: [    5.386657] NetLabel:  domain hash size = 128
[STDERR  ] 2019-02-04T12:35:34.944915433Z: [    5.387070] NetLabel:  protocols = UNLABELED CIPSOv4 CALIPSO
[STDERR  ] 2019-02-04T12:35:34.944935452Z: [    5.390322] NetLabel:  unlabeled traffic allowed by default
[STDERR  ] 2019-02-04T12:35:34.944955251Z: [    5.391853] HPET: 3 timers in total, 0 timers will be used for per-cpu timer
[STDERR  ] 2019-02-04T12:35:34.944980907Z: [    5.392779] hpet0: at MMIO 0xfed00000, IRQs 2, 8, 0
[STDERR  ] 2019-02-04T12:35:34.945001437Z: [    5.393265] hpet0: 3 comparators, 64-bit 100.000000 MHz counter
[STDERR  ] 2019-02-04T12:35:34.945021110Z: [    5.400308] clocksource: Switched to clocksource tsc-early
[STDERR  ] 2019-02-04T12:35:34.945049765Z: [    5.877063] VFS: Disk quotas dquot_6.6.0
[STDERR  ] 2019-02-04T12:35:34.945069529Z: [    5.878329] VFS: Dquot-cache hash table entries: 512 (order 0, 4096 bytes)
[STDERR  ] 2019-02-04T12:35:34.945089584Z: [    5.882128] FS-Cache: Loaded
[STDERR  ] 2019-02-04T12:35:34.945109037Z: [    5.889894] CacheFiles: Loaded
[STDERR  ] 2019-02-04T12:35:34.945128692Z: [    5.891316] pnp: PnP ACPI init
[STDERR  ] 2019-02-04T12:35:34.945148831Z: [    5.906163] pnp: PnP ACPI: found 5 devices
[STDERR  ] 2019-02-04T12:35:34.945173867Z: [    5.960909] clocksource: acpi_pm: mask: 0xffffff max_cycles: 0xffffff, max_idle_ns: 2085701024 ns
[STDERR  ] 2019-02-04T12:35:34.945198717Z: [    5.964568] NET: Registered protocol family 2
[STDERR  ] 2019-02-04T12:35:34.945223327Z: [    5.975148] tcp_listen_portaddr_hash hash table entries: 512 (order: 1, 8192 bytes)
[STDERR  ] 2019-02-04T12:35:34.945251532Z: [    5.976612] TCP established hash table entries: 8192 (order: 4, 65536 bytes)
[STDERR  ] 2019-02-04T12:35:34.945271450Z: [    5.977851] TCP bind hash table entries: 8192 (order: 5, 131072 bytes)
[STDERR  ] 2019-02-04T12:35:34.945304407Z: [    5.978851] TCP: Hash tables configured (established 8192 bind 8192)
[STDERR  ] 2019-02-04T12:35:34.945329228Z: [    5.981586] UDP hash table entries: 512 (order: 2, 16384 bytes)
[STDERR  ] 2019-02-04T12:35:34.945378324Z: [    5.983045] UDP-Lite hash table entries: 512 (order: 2, 16384 bytes)
[STDERR  ] 2019-02-04T12:35:34.945410199Z: [    5.986544] NET: Registered protocol family 1
[STDERR  ] 2019-02-04T12:35:34.945430369Z: [    5.987484] NET: Registered protocol family 44
[STDOUT  ] 2019-02-04T12:35:34.943090622Z: [    0.000000] DMI: QEMU Standard PC (Q35 + ICH9, 2009), BIOS rel-1.10.2-0-g5f4c7b1-prebuilt.qemu-project.org 04/01/2014
[STDOUT  ] 2019-02-04T12:35:34.945486632Z: [    0.000000] tsc: Fast TSC calibration using PIT
[STDOUT  ] 2019-02-04T12:35:34.945543034Z: [    0.000000] tsc: Detected 2599.783 MHz processor
[STDOUT  ] 2019-02-04T12:35:34.945561612Z: [    0.082583] last_pfn = 0x3ffdf max_arch_pfn = 0x400000000
[STDOUT  ] 2019-02-04T12:35:34.945580221Z: [    0.084216] x86/PAT: Configuration [0-7]: WB  WC  UC- UC  WB  WP  UC- WT  
[STDOUT  ] 2019-02-04T12:35:34.945598834Z: [    0.143865] found SMP MP-table at [mem 0x000f6aa0-0x000f6aaf] mapped at [(____ptrval____)]
[STDOUT  ] 2019-02-04T12:35:34.945622028Z: [    0.152476] RAMDISK: [mem 0x3db9d000-0x3ffcffff]
[STDOUT  ] 2019-02-04T12:35:34.945640472Z: [    0.153424] ACPI: Early table checksum verification disabled
[STDOUT  ] 2019-02-04T12:35:34.945657837Z: [    0.155668] ACPI: RSDP 0x00000000000F68C0 000014 (v00 BOCHS )
[STDOUT  ] 2019-02-04T12:35:34.945675444Z: [    0.156002] ACPI: RSDT 0x000000003FFE2404 000034 (v01 BOCHS  BXPCRSDT 00000001 BXPC 00000001)
[STDERR  ] 2019-02-04T12:35:34.945459391Z: [    5.988557] pci 0000:00:01.0: Video device with shadowed ROM at [mem 0x000c0000-0x000dffff]
[STDERR  ] 2019-02-04T12:35:34.945733243Z: [    6.001324] Trying to unpack rootfs image as initramfs...
[STDOUT  ] 2019-02-04T12:35:34.945693276Z: [    0.156821] ACPI: FACP 0x000000003FFE22A4 000074 (v01 BOCHS  BXPCFACP 00000001 BXPC 00000001)
[STDERR  ] 2019-02-04T12:35:34.945770872Z: [   14.843036] Freeing initrd memory: 37068K
[STDERR  ] 2019-02-04T12:35:34.945794297Z: [   14.875209] PCLMULQDQ-NI instructions are not detected.
[STDOUT  ] 2019-02-04T12:35:34.945792861Z: [    0.157569] ACPI: DSDT 0x000000003FFE0040 002264 (v01 BOCHS  BXPCDSDT 00000001 BXPC 00000001)
[STDOUT  ] 2019-02-04T12:35:34.945833976Z: [    0.157717] ACPI: FACS 0x000000003FFE0000 000040
[STDOUT  ] 2019-02-04T12:35:34.945850124Z: [    0.157840] ACPI: APIC 0x000000003FFE2318 000078 (v01 BOCHS  BXPCAPIC 00000001 BXPC 00000001)
[STDOUT  ] 2019-02-04T12:35:34.945865730Z: [    0.157926] ACPI: HPET 0x000000003FFE2390 000038 (v01 BOCHS  BXPCHPET 00000001 BXPC 00000001)
[STDOUT  ] 2019-02-04T12:35:34.945880797Z: [    0.158043] ACPI: MCFG 0x000000003FFE23C8 00003C (v01 BOCHS  BXPCMCFG 00000001 BXPC 00000001)
[STDOUT  ] 2019-02-04T12:35:34.945896318Z: [    0.163902] Zone ranges:
[STDOUT  ] 2019-02-04T12:35:34.945912918Z: [    0.164013]   DMA      [mem 0x0000000000001000-0x0000000000ffffff]
[STDOUT  ] 2019-02-04T12:35:34.945928184Z: [    0.164094]   DMA32    [mem 0x0000000001000000-0x000000003ffdefff]
[STDOUT  ] 2019-02-04T12:35:34.945947766Z: [    0.164135]   Normal   empty
[STDOUT  ] 2019-02-04T12:35:34.945962414Z: [    0.164186]   Device   empty
[STDOUT  ] 2019-02-04T12:35:34.945976968Z: [    0.164228] Movable zone start for each node
[STDOUT  ] 2019-02-04T12:35:34.945992575Z: [    0.164288] Early memory node ranges
[STDERR  ] 2019-02-04T12:35:34.946034292Z: [   14.877183] AVX or AES-NI instructions are not detected.
[STDERR  ] 2019-02-04T12:35:34.946097738Z: [   14.878010] CPU feature 'AVX registers' is not supported.
[STDERR  ] 2019-02-04T12:35:34.946118948Z: [   14.878488] CPU feature 'AVX registers' is not supported.
[STDOUT  ] 2019-02-04T12:35:34.946146256Z: [    0.164352]   node   0: [mem 0x0000000000001000-0x000000000009efff]
[STDOUT  ] 2019-02-04T12:35:34.946164349Z: [    0.164405]   node   0: [mem 0x0000000000100000-0x000000003ffdefff]
[STDOUT  ] 2019-02-04T12:35:34.946179286Z: [    0.165330] Reserved but unavailable: 98 pages
[STDOUT  ] 2019-02-04T12:35:34.946196973Z: [    0.165553] Initmem setup node 0 [mem 0x0000000000001000-0x000000003ffdefff]
[STDOUT  ] 2019-02-04T12:35:34.946299208Z: [    0.234164] ACPI: PM-Timer IO Port: 0x608
[STDOUT  ] 2019-02-04T12:35:34.946316942Z: [    0.234842] ACPI: LAPIC_NMI (acpi_id[0xff] dfl dfl lint[0x1])
[STDOUT  ] 2019-02-04T12:35:34.946332049Z: [    0.235443] IOAPIC[0]: apic_id 0, version 32, address 0xfec00000, GSI 0-23
[STDOUT  ] 2019-02-04T12:35:34.946347269Z: [    0.235618] ACPI: INT_SRC_OVR (bus 0 bus_irq 0 global_irq 2 dfl dfl)
[STDOUT  ] 2019-02-04T12:35:34.946361788Z: [    0.235978] ACPI: INT_SRC_OVR (bus 0 bus_irq 5 global_irq 5 high level)
[STDOUT  ] 2019-02-04T12:35:34.946388852Z: [    0.236058] ACPI: INT_SRC_OVR (bus 0 bus_irq 9 global_irq 9 high level)
[STDOUT  ] 2019-02-04T12:35:34.946406438Z: [    0.236196] ACPI: INT_SRC_OVR (bus 0 bus_irq 10 global_irq 10 high level)
[STDOUT  ] 2019-02-04T12:35:34.946420646Z: [    0.236230] ACPI: INT_SRC_OVR (bus 0 bus_irq 11 global_irq 11 high level)
[STDOUT  ] 2019-02-04T12:35:34.946435935Z: [    0.236621] Using ACPI (MADT) for SMP configuration information
[STDOUT  ] 2019-02-04T12:35:34.946453948Z: [    0.236702] ACPI: HPET id: 0x8086a201 base: 0xfed00000
[STDOUT  ] 2019-02-04T12:35:34.946468467Z: [    0.237254] smpboot: Allowing 1 CPUs, 0 hotplug CPUs
[STDOUT  ] 2019-02-04T12:35:34.946482647Z: [    0.238334] [mem 0x40000000-0xafffffff] available for PCI devices
[STDOUT  ] 2019-02-04T12:35:34.946497179Z: [    0.238401] Booting paravirtualized kernel on bare hardware
[STDOUT  ] 2019-02-04T12:35:34.946511454Z: [    0.238680] clocksource: refined-jiffies: mask: 0xffffffff max_cycles: 0xffffffff, max_idle_ns: 1910969940391419 ns
[STDOUT  ] 2019-02-04T12:35:34.946526675Z: [    3.640239] random: get_random_bytes called from start_kernel+0x92/0x52b with crng_init=0
[STDOUT  ] 2019-02-04T12:35:34.946552841Z: [    3.641321] setup_percpu: NR_CPUS:128 nr_cpumask_bits:128 nr_cpu_ids:1 nr_node_ids:1
[STDOUT  ] 2019-02-04T12:35:34.946567439Z: [    3.649780] percpu: Embedded 45 pages/cpu @(____ptrval____) s145112 r8192 d31016 u2097152
[STDOUT  ] 2019-02-04T12:35:34.946582343Z: [    3.652666] Built 1 zonelists, mobility grouping on.  Total pages: 257896
[STDOUT  ] 2019-02-04T12:35:34.946596654Z: [    3.652908] Kernel command line: console=ttyS0 console=ttyAMA0
[STDOUT  ] 2019-02-04T12:35:34.946611069Z: [    3.657281] Dentry cache hash table entries: 131072 (order: 8, 1048576 bytes)
[STDOUT  ] 2019-02-04T12:35:34.946625427Z: [    3.659040] Inode-cache hash table entries: 65536 (order: 7, 524288 bytes)
[STDOUT  ] 2019-02-04T12:35:34.946640431Z: [    3.731090] Memory: 965660K/1048052K available (12300K kernel code, 1579K rwdata, 3052K rodata, 1588K init, 1996K bss, 82392K reserved, 0K cma-reserved)
[STDOUT  ] 2019-02-04T12:35:34.946662919Z: [    3.738572] ftrace: allocating 42976 entries in 168 pages
[STDOUT  ] 2019-02-04T12:35:34.946677084Z: [    4.207553] rcu: Hierarchical RCU implementation.
[STDOUT  ] 2019-02-04T12:35:34.946698142Z: [    4.207741] rcu: 	RCU restricting CPUs from NR_CPUS=128 to nr_cpu_ids=1.
[STDOUT  ] 2019-02-04T12:35:34.946712924Z: [    4.207893] rcu: Adjusting geometry for rcu_fanout_leaf=16, nr_cpu_ids=1
[STDOUT  ] 2019-02-04T12:35:34.946727478Z: [    4.266505] NR_IRQS: 8448, nr_irqs: 256, preallocated irqs: 16
[STDOUT  ] 2019-02-04T12:35:34.946742107Z: [    4.280362] Console: colour VGA+ 80x25
[STDOUT  ] 2019-02-04T12:35:34.946756690Z: [    4.321766] console [ttyS0] enabled
[STDOUT  ] 2019-02-04T12:35:34.946776118Z: [    4.322571] ACPI: Core revision 20180810
[STDOUT  ] 2019-02-04T12:35:34.946791079Z: [    4.330948] clocksource: hpet: mask: 0xffffffff max_cycles: 0xffffffff, max_idle_ns: 19112604467 ns
[STDOUT  ] 2019-02-04T12:35:34.946806482Z: [    4.338366] APIC: Switch to symmetric I/O mode setup
[STDOUT  ] 2019-02-04T12:35:34.946820750Z: [    4.346253] ..TIMER: vector=0x30 apic1=0 pin1=2 apic2=-1 pin2=-1
[STDOUT  ] 2019-02-04T12:35:34.946835045Z: [    4.352273] clocksource: tsc-early: mask: 0xffffffffffffffff max_cycles: 0x25796f27178, max_idle_ns: 440795276799 ns
[STDOUT  ] 2019-02-04T12:35:34.946849259Z: [    4.355838] Calibrating delay loop (skipped), value calculated using timer frequency.. 5199.56 BogoMIPS (lpj=2599783)
[STDOUT  ] 2019-02-04T12:35:34.946864625Z: [    4.356720] pid_max: default: 32768 minimum: 301
[STDOUT  ] 2019-02-04T12:35:34.946878915Z: [    4.361644] Security Framework initialized
[STDOUT  ] 2019-02-04T12:35:34.946893243Z: [    4.362189] Yama: becoming mindful.
[STDOUT  ] 2019-02-04T12:35:34.946907138Z: [    4.364766] Mount-cache hash table entries: 2048 (order: 2, 16384 bytes)
[STDOUT  ] 2019-02-04T12:35:34.946921255Z: [    4.365362] Mountpoint-cache hash table entries: 2048 (order: 2, 16384 bytes)
[STDOUT  ] 2019-02-04T12:35:34.946940011Z: [    4.390752] Last level iTLB entries: 4KB 0, 2MB 0, 4MB 0
[STDOUT  ] 2019-02-04T12:35:34.946954824Z: [    4.391224] Last level dTLB entries: 4KB 0, 2MB 0, 4MB 0, 1GB 0
[STDOUT  ] 2019-02-04T12:35:34.946969373Z: [    4.391768] Spectre V2 : Spectre mitigation: LFENCE not serializing, switching to generic retpoline
[STDOUT  ] 2019-02-04T12:35:34.946983972Z: [    4.392649] Spectre V2 : Mitigation: Full generic retpoline
[STDOUT  ] 2019-02-04T12:35:34.946998107Z: [    4.393052] Spectre V2 : Spectre v2 / SpectreRSB mitigation: Filling RSB on context switch
[STDOUT  ] 2019-02-04T12:35:34.947012564Z: [    4.393733] Speculative Store Bypass: Vulnerable
[STDOUT  ] 2019-02-04T12:35:34.947027078Z: [    4.594999] random: fast init done
[STDOUT  ] 2019-02-04T12:35:34.947044044Z: [    4.763756] Freeing SMP alternatives memory: 20K
[STDOUT  ] 2019-02-04T12:35:34.947058298Z: [    4.788589] smpboot: CPU0: AMD QEMU Virtual CPU version 2.5+ (family: 0x6, model: 0x6, stepping: 0x3)
[STDOUT  ] 2019-02-04T12:35:34.947073229Z: [    4.797951] Performance Events: PMU not available due to virtualization, using software events only.
[STDOUT  ] 2019-02-04T12:35:34.947088497Z: [    4.801689] rcu: Hierarchical SRCU implementation.
[STDOUT  ] 2019-02-04T12:35:34.947102977Z: [    4.808197] NMI watchdog: Perf NMI watchdog permanently disabled
[STDOUT  ] 2019-02-04T12:35:34.947117204Z: [    4.813729] smp: Bringing up secondary CPUs ...
[STDOUT  ] 2019-02-04T12:35:34.947131739Z: [    4.814350] smp: Brought up 1 node, 1 CPU
[STDOUT  ] 2019-02-04T12:35:34.947146558Z: [    4.814709] smpboot: Max logical packages: 1
[STDOUT  ] 2019-02-04T12:35:34.947164545Z: [    4.815743] smpboot: Total of 1 processors activated (5199.56 BogoMIPS)
[STDOUT  ] 2019-02-04T12:35:34.947179104Z: [    4.833067] devtmpfs: initialized
[STDOUT  ] 2019-02-04T12:35:34.947195257Z: [    4.838773] x86/mm: Memory block size: 128MB
[STDOUT  ] 2019-02-04T12:35:34.947209714Z: [    4.851866] clocksource: jiffies: mask: 0xffffffff max_cycles: 0xffffffff, max_idle_ns: 1911260446275000 ns
[STDOUT  ] 2019-02-04T12:35:34.947224385Z: [    4.852831] futex hash table entries: 256 (order: 2, 16384 bytes)
[STDOUT  ] 2019-02-04T12:35:34.947238689Z: [    4.874667] NET: Registered protocol family 16
[STDOUT  ] 2019-02-04T12:35:34.947253322Z: [    4.880033] audit: initializing netlink subsys (disabled)
[STDOUT  ] 2019-02-04T12:35:34.947267721Z: [    4.886112] audit: type=2000 audit(1549283663.544:1): state=initialized audit_enabled=0 res=1
[STDOUT  ] 2019-02-04T12:35:34.947291981Z: [    4.889334] cpuidle: using governor ladder
[STDOUT  ] 2019-02-04T12:35:34.947307244Z: [    4.889791] cpuidle: using governor menu
[STDOUT  ] 2019-02-04T12:35:34.947321893Z: [    4.892324] ACPI: bus type PCI registered
[STDOUT  ] 2019-02-04T12:35:34.947340560Z: [    4.895938] PCI: MMCONFIG for domain 0000 [bus 00-ff] at [mem 0xb0000000-0xbfffffff] (base 0xb0000000)
[STDOUT  ] 2019-02-04T12:35:34.947354770Z: [    4.896851] PCI: MMCONFIG at [mem 0xb0000000-0xbfffffff] reserved in E820
[STDOUT  ] 2019-02-04T12:35:34.947368970Z: [    4.899145] PCI: Using configuration type 1 for base access
[STDOUT  ] 2019-02-04T12:35:34.947386924Z: [    4.973008] HugeTLB registered 2.00 MiB page size, pre-allocated 0 pages
[STDOUT  ] 2019-02-04T12:35:34.947401262Z: [    4.979589] cryptd: max_cpu_qlen set to 1000
[STDOUT  ] 2019-02-04T12:35:34.947415739Z: [    4.985830] ACPI: Added _OSI(Module Device)
[STDOUT  ] 2019-02-04T12:35:34.947429843Z: [    4.986371] ACPI: Added _OSI(Processor Device)
[STDOUT  ] 2019-02-04T12:35:34.947466126Z: [    4.986649] ACPI: Added _OSI(3.0 _SCP Extensions)
[STDOUT  ] 2019-02-04T12:35:34.947481564Z: [    4.987119] ACPI: Added _OSI(Processor Aggregator Device)
[STDOUT  ] 2019-02-04T12:35:34.947496192Z: [    4.987764] ACPI: Added _OSI(Linux-Dell-Video)
[STDOUT  ] 2019-02-04T12:35:34.947510630Z: [    4.989840] ACPI: Added _OSI(Linux-Lenovo-NV-HDMI-Audio)
[STDOUT  ] 2019-02-04T12:35:34.947525078Z: [    5.048347] ACPI: 1 ACPI AML tables successfully acquired and loaded
[STDOUT  ] 2019-02-04T12:35:34.947544635Z: [    5.085061] ACPI: Interpreter enabled
[STDOUT  ] 2019-02-04T12:35:34.947558941Z: [    5.086175] ACPI: (supports S0 S5)
[STDOUT  ] 2019-02-04T12:35:34.947573632Z: [    5.086697] ACPI: Using IOAPIC for interrupt routing
[STDOUT  ] 2019-02-04T12:35:34.947587922Z: [    5.089108] PCI: Using host bridge windows from ACPI; if necessary, use "pci=nocrs" and report a bug
[STDOUT  ] 2019-02-04T12:35:34.947602573Z: [    5.093589] ACPI: Enabled 2 GPEs in block 00 to 3F
[STDOUT  ] 2019-02-04T12:35:34.947616864Z: [    5.173409] ACPI: PCI Root Bridge [PCI0] (domain 0000 [bus 00-ff])
[STDOUT  ] 2019-02-04T12:35:34.947631415Z: [    5.174844] acpi PNP0A08:00: _OSC: OS supports [ExtendedConfig ASPM ClockPM Segments MSI]
[STDOUT  ] 2019-02-04T12:35:34.947645786Z: [    5.179807] acpi PNP0A08:00: _OSC: platform does not support [SHPCHotplug LTR]
[STDOUT  ] 2019-02-04T12:35:34.947664330Z: [    5.183648] acpi PNP0A08:00: _OSC: OS now controls [PCIeHotplug PME PCIeCapability]
[STDOUT  ] 2019-02-04T12:35:34.947678749Z: [    5.188346] PCI host bridge to bus 0000:00
[STDOUT  ] 2019-02-04T12:35:34.947769217Z: [    5.188855] pci_bus 0000:00: root bus resource [io  0x0000-0x0cf7 window]
[STDOUT  ] 2019-02-04T12:35:34.947783891Z: [    5.189667] pci_bus 0000:00: root bus resource [io  0x0d00-0xffff window]
[STDOUT  ] 2019-02-04T12:35:34.947798310Z: [    5.190646] pci_bus 0000:00: root bus resource [mem 0x000a0000-0x000bffff window]
[STDOUT  ] 2019-02-04T12:35:34.947812728Z: [    5.191358] pci_bus 0000:00: root bus resource [mem 0xc0000000-0xfebfffff window]
[STDOUT  ] 2019-02-04T12:35:34.947827147Z: [    5.192712] pci_bus 0000:00: root bus resource [bus 00-ff]
[STDOUT  ] 2019-02-04T12:35:34.947841664Z: [    5.259409] pci 0000:00:1f.0: quirk: [io  0x0600-0x067f] claimed by ICH6 ACPI/GPIO/TCO
[STDOUT  ] 2019-02-04T12:35:34.947856191Z: [    5.315023] ACPI: PCI Interrupt Link [LNKA] (IRQs 5 *10 11)
[STDOUT  ] 2019-02-04T12:35:34.947870656Z: [    5.317826] ACPI: PCI Interrupt Link [LNKB] (IRQs 5 *10 11)
[STDOUT  ] 2019-02-04T12:35:34.947885005Z: [    5.320152] ACPI: PCI Interrupt Link [LNKC] (IRQs 5 10 *11)
[STDOUT  ] 2019-02-04T12:35:34.947899482Z: [    5.322633] ACPI: PCI Interrupt Link [LNKD] (IRQs 5 10 *11)
[STDOUT  ] 2019-02-04T12:35:34.947916646Z: [    5.324828] ACPI: PCI Interrupt Link [LNKE] (IRQs 5 *10 11)
[STDOUT  ] 2019-02-04T12:35:34.947930951Z: [    5.327066] ACPI: PCI Interrupt Link [LNKF] (IRQs 5 *10 11)
[STDOUT  ] 2019-02-04T12:35:34.947945201Z: [    5.329253] ACPI: PCI Interrupt Link [LNKG] (IRQs 5 10 *11)
[STDOUT  ] 2019-02-04T12:35:34.947959523Z: [    5.331493] ACPI: PCI Interrupt Link [LNKH] (IRQs 5 10 *11)
[STDOUT  ] 2019-02-04T12:35:34.947976796Z: [    5.332667] ACPI: PCI Interrupt Link [GSIA] (IRQs *16)
[STDOUT  ] 2019-02-04T12:35:34.947995789Z: [    5.333358] ACPI: PCI Interrupt Link [GSIB] (IRQs *17)
[STDOUT  ] 2019-02-04T12:35:34.948009729Z: [    5.333937] ACPI: PCI Interrupt Link [GSIC] (IRQs *18)
[STDOUT  ] 2019-02-04T12:35:34.948024358Z: [    5.334909] ACPI: PCI Interrupt Link [GSID] (IRQs *19)
[STDOUT  ] 2019-02-04T12:35:34.948038422Z: [    5.335850] ACPI: PCI Interrupt Link [GSIE] (IRQs *20)
[STDOUT  ] 2019-02-04T12:35:34.948063388Z: [    5.336670] ACPI: PCI Interrupt Link [GSIF] (IRQs *21)
[STDOUT  ] 2019-02-04T12:35:34.948077845Z: [    5.337369] ACPI: PCI Interrupt Link [GSIG] (IRQs *22)
[STDOUT  ] 2019-02-04T12:35:34.948091929Z: [    5.337943] ACPI: PCI Interrupt Link [GSIH] (IRQs *23)
[STDOUT  ] 2019-02-04T12:35:34.948106127Z: [    5.348819] SCSI subsystem initialized
[STDOUT  ] 2019-02-04T12:35:34.948120157Z: [    5.352179] ACPI: bus type USB registered
[STDOUT  ] 2019-02-04T12:35:34.948134347Z: [    5.353381] usbcore: registered new interface driver usbfs
[STDOUT  ] 2019-02-04T12:35:34.948148761Z: [    5.354960] usbcore: registered new interface driver hub
[STDOUT  ] 2019-02-04T12:35:34.948163112Z: [    5.356044] usbcore: registered new device driver usb
[STDOUT  ] 2019-02-04T12:35:34.948188201Z: [    5.357224] pps_core: LinuxPPS API ver. 1 registered
[STDOUT  ] 2019-02-04T12:35:34.948203539Z: [    5.357640] pps_core: Software ver. 5.3.6 - Copyright 2005-2007 Rodolfo Giometti <giometti@linux.it>
[STDOUT  ] 2019-02-04T12:35:34.948223327Z: [    5.358780] PTP clock support registered
[STDOUT  ] 2019-02-04T12:35:34.948248958Z: [    5.362298] PCI: Using ACPI for IRQ routing
[STDOUT  ] 2019-02-04T12:35:34.948273021Z: [    5.386276] NetLabel: Initializing
[STDOUT  ] 2019-02-04T12:35:34.948298146Z: [    5.386657] NetLabel:  domain hash size = 128
[STDOUT  ] 2019-02-04T12:35:34.948312585Z: [    5.387070] NetLabel:  protocols = UNLABELED CIPSOv4 CALIPSO
[STDOUT  ] 2019-02-04T12:35:34.948326639Z: [    5.390322] NetLabel:  unlabeled traffic allowed by default
[STDOUT  ] 2019-02-04T12:35:34.948341041Z: [    5.391853] HPET: 3 timers in total, 0 timers will be used for per-cpu timer
[STDOUT  ] 2019-02-04T12:35:34.948355309Z: [    5.392779] hpet0: at MMIO 0xfed00000, IRQs 2, 8, 0
[STDOUT  ] 2019-02-04T12:35:34.948369447Z: [    5.393265] hpet0: 3 comparators, 64-bit 100.000000 MHz counter
[STDOUT  ] 2019-02-04T12:35:34.948383860Z: [    5.400308] clocksource: Switched to clocksource tsc-early
[STDOUT  ] 2019-02-04T12:35:34.948397998Z: [    5.877063] VFS: Disk quotas dquot_6.6.0
[STDOUT  ] 2019-02-04T12:35:34.948417824Z: [    5.878329] VFS: Dquot-cache hash table entries: 512 (order 0, 4096 bytes)
[STDOUT  ] 2019-02-04T12:35:34.948432228Z: [    5.882128] FS-Cache: Loaded
[STDOUT  ] 2019-02-04T12:35:34.948446952Z: [    5.889894] CacheFiles: Loaded
[STDOUT  ] 2019-02-04T12:35:34.948461288Z: [    5.891316] pnp: PnP ACPI init
[STDOUT  ] 2019-02-04T12:35:34.948475631Z: [    5.906163] pnp: PnP ACPI: found 5 devices
[STDOUT  ] 2019-02-04T12:35:34.948489772Z: [    5.960909] clocksource: acpi_pm: mask: 0xffffff max_cycles: 0xffffff, max_idle_ns: 2085701024 ns
[STDOUT  ] 2019-02-04T12:35:34.948504130Z: [    5.964568] NET: Registered protocol family 2
[STDOUT  ] 2019-02-04T12:35:34.948518266Z: [    5.975148] tcp_listen_portaddr_hash hash table entries: 512 (order: 1, 8192 bytes)
[STDOUT  ] 2019-02-04T12:35:34.948532460Z: [    5.976612] TCP established hash table entries: 8192 (order: 4, 65536 bytes)
[STDOUT  ] 2019-02-04T12:35:34.948566150Z: [    5.977851] TCP bind hash table entries: 8192 (order: 5, 131072 bytes)
[STDOUT  ] 2019-02-04T12:35:34.948581323Z: [    5.978851] TCP: Hash tables configured (established 8192 bind 8192)
[STDOUT  ] 2019-02-04T12:35:34.948595545Z: [    5.981586] UDP hash table entries: 512 (order: 2, 16384 bytes)
[STDOUT  ] 2019-02-04T12:35:34.948609479Z: [    5.983045] UDP-Lite hash table entries: 512 (order: 2, 16384 bytes)
[STDOUT  ] 2019-02-04T12:35:34.948624015Z: [    5.986544] NET: Registered protocol family 1
[STDOUT  ] 2019-02-04T12:35:34.948638349Z: [    5.987484] NET: Registered protocol family 44
[STDOUT  ] 2019-02-04T12:35:34.948656374Z: [    5.988557] pci 0000:00:01.0: Video device with shadowed ROM at [mem 0x000c0000-0x000dffff]
[STDOUT  ] 2019-02-04T12:35:34.948670672Z: [    6.001324] Trying to unpack rootfs image as initramfs...
[STDOUT  ] 2019-02-04T12:35:34.948684783Z: [   14.843036] Freeing initrd memory: 37068K
[STDOUT  ] 2019-02-04T12:35:34.948704351Z: [   14.875209] PCLMULQDQ-NI instructions are not detected.
[STDOUT  ] 2019-02-04T12:35:34.948718624Z: [   14.877183] AVX or AES-NI instructions are not detected.
[STDOUT  ] 2019-02-04T12:35:34.948732966Z: [   14.878010] CPU feature 'AVX registers' is not supported.
[STDOUT  ] 2019-02-04T12:35:34.948747229Z: [   14.878488] CPU feature 'AVX registers' is not supported.
[STDOUT  ] 2019-02-04T12:35:34.948771484Z: [   14.879088] CPU feature 'AVX registers' is not supported.
[STDOUT  ] 2019-02-04T12:35:34.948785589Z: [   14.879544] CPU feature 'AVX registers' is not supported.
[STDOUT  ] 2019-02-04T12:35:34.948799656Z: [   14.880190] AVX2 or AES-NI instructions are not detected.
[STDOUT  ] 2019-02-04T12:35:34.948813618Z: [   14.880769] AVX2 instructions are not detected.
[STDOUT  ] 2019-02-04T12:35:34.948827836Z: [   14.894444] workingset: timestamp_bits=46 max_order=18 bucket_order=0
[STDOUT  ] 2019-02-04T12:35:34.948842206Z: [   14.902227] squashfs: version 4.0 (2009/01/31) Phillip Lougher
[STDOUT  ] 2019-02-04T12:35:34.948860927Z: [   14.905991] FS-Cache: Netfs 'cifs' registered for caching
[STDOUT  ] 2019-02-04T12:35:34.948875078Z: [   14.907514] fuse init (API version 7.27)
[STDOUT  ] 2019-02-04T12:35:34.948889707Z: [   14.910634] SGI XFS with ACLs, security attributes, no debug enabled
[STDOUT  ] 2019-02-04T12:35:34.948903947Z: [   14.916436] 9p: Installing v9fs 9p2000 file system support
[STDOUT  ] 2019-02-04T12:35:34.948918013Z: [   14.917217] FS-Cache: Netfs '9p' registered for caching
[STDOUT  ] 2019-02-04T12:35:34.948932298Z: [   14.918164] pstore: using deflate compression
[STDOUT  ] 2019-02-04T12:35:34.948946538Z: [   14.976160] NET: Registered protocol family 38
[STDOUT  ] 2019-02-04T12:35:34.948960651Z: [   14.977116] Key type asymmetric registered
[STDOUT  ] 2019-02-04T12:35:34.948974970Z: [   14.977550] Asymmetric key parser 'x509' registered
[STDOUT  ] 2019-02-04T12:35:34.948989090Z: [   14.978467] Block layer SCSI generic (bsg) driver version 0.4 loaded (major 247)
[STDOUT  ] 2019-02-04T12:35:34.949003398Z: [   14.981006] io scheduler noop registered
[STDOUT  ] 2019-02-04T12:35:34.949017438Z: [   14.981466] io scheduler deadline registered (default)
[STDOUT  ] 2019-02-04T12:35:34.949031399Z: [   14.982494] io scheduler cfq registered
[STDOUT  ] 2019-02-04T12:35:34.949045482Z: [   14.983104] io scheduler mq-deadline registered (default)
[STDOUT  ] 2019-02-04T12:35:34.949059592Z: [   14.983582] io scheduler kyber registered
[STDOUT  ] 2019-02-04T12:35:34.949073992Z: [   14.987382] shpchp: Standard Hot Plug PCI Controller Driver version: 0.4
[STDOUT  ] 2019-02-04T12:35:34.949088410Z: [   14.988530] hv_vmbus: registering driver hyperv_fb
[STDOUT  ] 2019-02-04T12:35:34.949102724Z: [   14.992855] input: Power Button as /devices/LNXSYSTM:00/LNXPWRBN:00/input/input0
[STDOUT  ] 2019-02-04T12:35:34.949117149Z: [   14.996426] ACPI: Power Button [PWRF]
[STDOUT  ] 2019-02-04T12:35:34.949137315Z: [   15.019950] PCI Interrupt Link [GSIG] enabled at IRQ 22
[STDOUT  ] 2019-02-04T12:35:34.949151709Z: [   15.035665] PCI Interrupt Link [GSIH] enabled at IRQ 23
[STDOUT  ] 2019-02-04T12:35:34.949165940Z: [   15.043329] Serial: 8250/16550 driver, 4 ports, IRQ sharing disabled
[STDOUT  ] 2019-02-04T12:35:34.949192823Z: [   15.070240] 00:04: ttyS0 at I/O 0x3f8 (irq = 4, base_baud = 115200) is a 16550A
[STDOUT  ] 2019-02-04T12:35:34.949207628Z: [   15.082530] Non-volatile memory driver v1.3
[STDOUT  ] 2019-02-04T12:35:34.949222187Z: [   15.091115] Hangcheck: starting hangcheck timer 0.9.1 (tick is 180 seconds, margin is 60 seconds).
[STDOUT  ] 2019-02-04T12:35:34.949237092Z: [   15.098436] random: crng init done
[STDOUT  ] 2019-02-04T12:35:34.949261630Z: [   15.181101] brd: module loaded
[STDOUT  ] 2019-02-04T12:35:34.949299525Z: [   15.222564] loop: module loaded
[STDOUT  ] 2019-02-04T12:35:34.949315027Z: [   15.303824] lpc_ich 0000:00:1f.0: I/O space for GPIO uninitialized
[STDOUT  ] 2019-02-04T12:35:34.949329443Z: [   15.307317] VMware PVSCSI driver - version 1.0.7.0-k
[STDOUT  ] 2019-02-04T12:35:34.949344095Z: [   15.308345] hv_vmbus: registering driver hv_storvsc
[STDOUT  ] 2019-02-04T12:35:34.949358467Z: [   15.325228] PCI Interrupt Link [GSIA] enabled at IRQ 16
[STDOUT  ] 2019-02-04T12:35:34.949373181Z: [   15.333903] ahci 0000:00:1f.2: AHCI 0001.0000 32 slots 6 ports 1.5 Gbps 0x3f impl SATA mode
[STDOUT  ] 2019-02-04T12:35:34.949387887Z: [   15.334898] ahci 0000:00:1f.2: flags: 64bit ncq only 
[STDOUT  ] 2019-02-04T12:35:34.949402450Z: [   15.356453] scsi host0: ahci
[STDOUT  ] 2019-02-04T12:35:34.949416973Z: [   15.361153] scsi host1: ahci
[STDOUT  ] 2019-02-04T12:35:34.949435552Z: [   15.363653] scsi host2: ahci
[STDOUT  ] 2019-02-04T12:35:34.949450135Z: [   15.366430] scsi host3: ahci
[STDOUT  ] 2019-02-04T12:35:34.949464321Z: [   15.369074] scsi host4: ahci
[STDOUT  ] 2019-02-04T12:35:34.949478392Z: [   15.371588] scsi host5: ahci
[STDOUT  ] 2019-02-04T12:35:34.949492482Z: [   15.374191] ata1: SATA max UDMA/133 abar m4096@0xfebd2000 port 0xfebd2100 irq 24
[STDOUT  ] 2019-02-04T12:35:34.949511702Z: [   15.375122] ata2: SATA max UDMA/133 abar m4096@0xfebd2000 port 0xfebd2180 irq 24
[STDOUT  ] 2019-02-04T12:35:34.949526433Z: [   15.375917] ata3: SATA max UDMA/133 abar m4096@0xfebd2000 port 0xfebd2200 irq 24
[STDOUT  ] 2019-02-04T12:35:34.949540948Z: [   15.376959] ata4: SATA max UDMA/133 abar m4096@0xfebd2000 port 0xfebd2280 irq 24
[STDOUT  ] 2019-02-04T12:35:34.949555692Z: [   15.377742] ata5: SATA max UDMA/133 abar m4096@0xfebd2000 port 0xfebd2300 irq 24
[STDOUT  ] 2019-02-04T12:35:34.949570396Z: [   15.378416] ata6: SATA max UDMA/133 abar m4096@0xfebd2000 port 0xfebd2380 irq 24
[STDOUT  ] 2019-02-04T12:35:34.949584649Z: [   15.397108] tun: Universal TUN/TAP device driver, 1.6
[STDOUT  ] 2019-02-04T12:35:34.949631996Z: [   15.412316] VMware vmxnet3 virtual NIC driver - version 1.4.16.0-k-NAPI
[STDOUT  ] 2019-02-04T12:35:34.949647700Z: [   15.413774] hv_vmbus: registering driver hv_netvsc
[STDOUT  ] 2019-02-04T12:35:34.949661704Z: [   15.414261] Fusion MPT base driver 3.04.20
[STDOUT  ] 2019-02-04T12:35:34.949676155Z: [   15.414725] Copyright (c) 1999-2008 LSI Corporation
[STDOUT  ] 2019-02-04T12:35:34.949697214Z: [   15.415402] Fusion MPT SPI Host driver 3.04.20
[STDOUT  ] 2019-02-04T12:35:34.949711438Z: [   15.418070] i8042: PNP: PS/2 Controller [PNP0303:KBD,PNP0f13:MOU] at 0x60,0x64 irq 1,12
[STDOUT  ] 2019-02-04T12:35:34.949725752Z: [   15.423459] serio: i8042 KBD port at 0x60,0x64 irq 1
[STDOUT  ] 2019-02-04T12:35:34.949739824Z: [   15.424531] serio: i8042 AUX port at 0x60,0x64 irq 12
[STDOUT  ] 2019-02-04T12:35:34.949754039Z: [   15.427903] hv_vmbus: registering driver hyperv_keyboard
[STDOUT  ] 2019-02-04T12:35:34.949768352Z: [   15.430551] mousedev: PS/2 mouse device common for all mice
[STDOUT  ] 2019-02-04T12:35:34.949783002Z: [   15.437046] input: PC Speaker as /devices/platform/pcspkr/input/input2
[STDOUT  ] 2019-02-04T12:35:34.949797944Z: [   15.439311] input: AT Translated Set 2 keyboard as /devices/platform/i8042/serio0/input/input1
[STDOUT  ] 2019-02-04T12:35:34.949812561Z: [   15.443581] rtc_cmos 00:00: RTC can wake from S4
[STDOUT  ] 2019-02-04T12:35:34.949827238Z: [   15.450436] rtc_cmos 00:00: registered as rtc0
[STDOUT  ] 2019-02-04T12:35:34.949841907Z: [   15.451983] rtc_cmos 00:00: alarms up to one day, y3k, 114 bytes nvram, hpet irqs
[STDOUT  ] 2019-02-04T12:35:34.949856477Z: [   15.453197] i2c /dev entries driver
[STDOUT  ] 2019-02-04T12:35:34.949870886Z: [   15.456356] device-mapper: ioctl: 4.39.0-ioctl (2018-04-03) initialised: dm-devel@redhat.com
[STDOUT  ] 2019-02-04T12:35:34.949895130Z: [   15.463439] usbcore: registered new interface driver usbhid
[STDOUT  ] 2019-02-04T12:35:34.949911142Z: [   15.464126] usbhid: USB HID core driver
[STDOUT  ] 2019-02-04T12:35:34.949930663Z: [   15.465064] hv_utils: Registering HyperV Utility Driver
[STDOUT  ] 2019-02-04T12:35:34.949945356Z: [   15.465594] hv_vmbus: registering driver hv_util
[STDOUT  ] 2019-02-04T12:35:34.949959689Z: [   15.466175] hv_vmbus: registering driver hv_balloon
[STDOUT  ] 2019-02-04T12:35:34.949973992Z: [   15.466917] oprofile: using NMI interrupt.
[PASS    ] linuxkit.packages.format_mount.by_name 97.71s
[STDERR  ] 2019-02-04T12:35:34.946139505Z: [   14.879088] CPU feature 'AVX registers' is not supported.
[STDERR  ] 2019-02-04T12:35:34.950043977Z: [   14.879544] CPU feature 'AVX registers' is not supported.
[STDERR  ] 2019-02-04T12:35:34.950074538Z: [   14.880190] AVX2 or AES-NI instructions are not detected.
[STDOUT  ] 2019-02-04T12:35:34.949988446Z: [   15.468621] GACT probability on
[STDOUT  ] 2019-02-04T12:35:34.950223117Z: [   15.469294] Mirror/redirect action on
[STDOUT  ] 2019-02-04T12:35:34.950270741Z: [   15.470993] Simple TC action Loaded
[STDERR  ] 2019-02-04T12:35:34.950176467Z: [   14.880769] AVX2 instructions are not detected.
[STDERR  ] 2019-02-04T12:35:34.950332601Z: [   14.894444] workingset: timestamp_bits=46 max_order=18 bucket_order=0
[STDERR  ] 2019-02-04T12:35:34.950358915Z: [   14.902227] squashfs: version 4.0 (2009/01/31) Phillip Lougher
[STDERR  ] 2019-02-04T12:35:34.950384284Z: [   14.905991] FS-Cache: Netfs 'cifs' registered for caching
[STDERR  ] 2019-02-04T12:35:34.950417930Z: [   14.907514] fuse init (API version 7.27)
[STDERR  ] 2019-02-04T12:35:34.950444447Z: [   14.910634] SGI XFS with ACLs, security attributes, no debug enabled
[STDERR  ] 2019-02-04T12:35:34.950470784Z: [   14.916436] 9p: Installing v9fs 9p2000 file system support
[STDERR  ] 2019-02-04T12:35:34.950508292Z: [   14.917217] FS-Cache: Netfs '9p' registered for caching
[STDOUT  ] 2019-02-04T12:35:34.950296853Z: [   15.471613] u32 classifier
[STDERR  ] 2019-02-04T12:35:34.950542579Z: [   14.918164] pstore: using deflate compression
