[INFO    ] 2019-02-04T12:17:27.168358390Z: Running Test linuxkit.packages.dm-crypt.key in /tmp/with_clone36ff0786/test/cases/040_packages/004_dm-crypt/002_key
[STDOUT  ] 2019-02-04T12:17:27.168391178Z: [    0.568359] NET: Registered protocol family 16
[STDOUT  ] 2019-02-04T12:17:27.168439513Z: [    0.577382] cpuidle: using governor ladder
[STDOUT  ] 2019-02-04T12:17:27.168454988Z: [    0.577887] cpuidle: using governor menu
[STDOUT  ] 2019-02-04T12:17:27.168470208Z: [    0.579873] ACPI: bus type PCI registered
[STDOUT  ] 2019-02-04T12:17:27.168484889Z: [    0.583243] PCI: MMCONFIG for domain 0000 [bus 00-ff] at [mem 0xb0000000-0xbfffffff] (base 0xb0000000)
[STDOUT  ] 2019-02-04T12:17:27.168501142Z: [    0.585229] PCI: MMCONFIG at [mem 0xb0000000-0xbfffffff] reserved in E820
[STDOUT  ] 2019-02-04T12:17:27.168516016Z: [    0.586744] PCI: Using configuration type 1 for base access
[STDOUT  ] 2019-02-04T12:17:27.168530336Z: [    0.654391] HugeTLB registered 2.00 MiB page size, pre-allocated 0 pages
[STDOUT  ] 2019-02-04T12:17:27.168544592Z: [    0.667842] ACPI: Added _OSI(Module Device)
[STDOUT  ] 2019-02-04T12:17:27.168559693Z: [    0.668090] ACPI: Added _OSI(Processor Device)
[STDOUT  ] 2019-02-04T12:17:27.168574455Z: [    0.668431] ACPI: Added _OSI(3.0 _SCP Extensions)
[STDOUT  ] 2019-02-04T12:17:27.168589456Z: [    0.669035] ACPI: Added _OSI(Processor Aggregator Device)
[STDOUT  ] 2019-02-04T12:17:27.168608438Z: [    0.7
[STDERR  ] 2019-02-04T12:17:27.168614733Z: [    6.854953] squashfs: version 4.0 (2009/01/31) Phillip Lougher
[STDERR  ] 2019-02-04T12:17:27.168673583Z: [    6.858018] FS-Cache: Netfs 
[INFO    ] 2019-02-04T12:17:27.168782280Z: Running command: [/bin/sh -x /tmp/with_clone36ff0786/test/cases/040_packages/004_dm-crypt/002_key/test.sh]
[STDERR  ] 2019-02-04T12:17:27.169762713Z: + set -e
[STDERR  ] 2019-02-04T12:17:27.169852253Z: + . /tmp/with_clone36ff0786/test/cases/_lib/lib.sh
[STDERR  ] 2019-02-04T12:17:27.169880177Z: + [ -f src/github.com/linuxkit/rtf/lib/lib.sh ]
[STDERR  ] 2019-02-04T12:17:27.169967691Z: + LINUXKIT_TMPDIR=/tmp/with_clone36ff0786/test/cases/_tmp
[STDERR  ] 2019-02-04T12:17:27.170015625Z: + [ -f /tmp/with_clone36ff0786/test/cases/_tmp/env.sh ]
[STDERR  ] 2019-02-04T12:17:27.170048294Z: + . /tmp/with_clone36ff0786/test/cases/_tmp/env.sh
[STDERR  ] 2019-02-04T12:17:27.170079501Z: + export LINUXKIT_EXAMPLES_DIR=/tmp/with_clone36ff0786/test/cases/../../examples
[STDERR  ] 2019-02-04T12:17:27.170116247Z: + RT_CANCEL=253
[STDERR  ] 2019-02-04T12:17:27.170171065Z: + NAME=dm-crypt
[STDERR  ] 2019-02-04T12:17:27.170197687Z: + DISK=disk.img
[STDERR  ] 2019-02-04T12:17:27.170236764Z: + trap clean_up EXIT
[STDERR  ] 2019-02-04T12:17:27.170322844Z: + linuxkit build -format kernel+initrd -name dm-crypt test.yml
[STDERR  ] 2019-02-04T12:17:27.217959555Z: Extract kernel image: linuxkit/kernel:4.14.88
[STDERR  ] 2019-02-04T12:17:31.771334601Z: Add init containers:
[STDERR  ] 2019-02-04T12:17:31.771439615Z: Process init image: linuxkit/init:c563953a2277eb73a89d89f70e4b6dcdcfebc2d1
[STDERR  ] 2019-02-04T12:17:33.463442467Z: Process init image: linuxkit/runc:83d0edb4552b1a5df1f0976f05f442829eac38fe
[STDERR  ] 2019-02-04T12:17:35.011404947Z: Add onboot containers:
[STDERR  ] 2019-02-04T12:17:35.011516830Z:   Create OCI config for linuxkit/dm-crypt:9e41a164358b0235f0c242219b1a424c6552d46c
[STDERR  ] 2019-02-04T12:17:36.539819652Z:   Create OCI config for alpine:3.8
[STDERR  ] 2019-02-04T12:17:38.087583852Z:   Create OCI config for linuxkit/poweroff:afe8f7dd0d47a7991c54519b0f09124cb8c4e300
[STDERR  ] 2019-02-04T12:17:39.599577551Z: Add files:
[STDERR  ] 2019-02-04T12:17:39.599677553Z:   check.sh
[STDERR  ] 2019-02-04T12:17:39.599714850Z:   some/other/enc_key
[STDERR  ] 2019-02-04T12:17:39.599852071Z: Create outputs:
[STDERR  ] 2019-02-04T12:17:45.383636887Z:   dm-crypt-kernel dm-crypt-initrd.img dm-crypt-cmdline
[STDERR  ] 2019-02-04T12:17:45.459112527Z: + linuxkit run -disk file=disk.img,size=32M dm-crypt
[STDERR  ] 2019-02-04T12:19:05.302818007Z: + RESULT=[    0.000000] Linux version 4.14.88-linuxkit (root@e9515dce7e93) (gcc version 6.4.0 (Alpine 6.4.0)) #1 SMP Thu Dec 13 23:53:55 UTC 2018
[STDERR  ] 2019-02-04T12:19:05.303107745Z: [    0.000000] Command line: console=ttyS0 console=ttyAMA0
[STDERR  ] 2019-02-04T12:19:05.303138713Z: [    0.000000] x86/fpu: x87 FPU will use FXSAVE
[STDERR  ] 2019-02-04T12:19:05.303166016Z: [    0.000000] e820: BIOS-provided physical RAM map:
[STDERR  ] 2019-02-04T12:19:05.303192063Z: [    0.000000] BIOS-e820: [mem 0x0000000000000000-0x000000000009fbff] usable
[STDERR  ] 2019-02-04T12:19:05.303218533Z: [    0.000000] BIOS-e820: [mem 0x000000000009fc00-0x000000000009ffff] reserved
[STDERR  ] 2019-02-04T12:19:05.303243093Z: [    0.000000] BIOS-e820: [mem 0x00000000000f0000-0x00000000000fffff] reserved
[STDERR  ] 2019-02-04T12:19:05.303278400Z: [    0.000000] BIOS-e820: [mem 0x0000000000100000-0x000000003ffdefff] usable
[STDERR  ] 2019-02-04T12:19:05.303303671Z: [    0.000000] BIOS-e820: [mem 0x000000003ffdf000-0x000000003fffffff] reserved
[STDERR  ] 2019-02-04T12:19:05.303328104Z: [    0.000000] BIOS-e820: [mem 0x00000000b0000000-0x00000000bfffffff] reserved
[STDERR  ] 2019-02-04T12:19:05.303352619Z: [    0.000000] BIOS-e820: [mem 0x00000000fed1c000-0x00000000fed1ffff] reserved
[STDERR  ] 2019-02-04T12:19:05.303376951Z: [    0.000000] BIOS-e820: [mem 0x00000000fffc0000-0x00000000ffffffff] reserved
[STDERR  ] 2019-02-04T12:19:05.303403536Z: [    0.000000] NX (Execute Disable) protection: active
[STDERR  ] 2019-02-04T12:19:05.303431845Z: [    0.000000] SMBIOS 2.8 present.
[STDERR  ] 2019-02-04T12:19:05.303459487Z: [    0.000000] DMI: QEMU Standard PC (Q35 + ICH9, 2009), BIOS rel-1.10.2-0-g5f4c7b1-prebuilt.qemu-project.org 04/01/2014
[STDERR  ] 2019-02-04T12:19:05.303541902Z: [    0.000000] tsc: Fast TSC calibration using PIT
[STDERR  ] 2019-02-04T12:19:05.303566117Z: [    0.000000] e820: last_pfn = 0x3ffdf max_arch_pfn = 0x400000000
[STDERR  ] 2019-02-04T12:19:05.303589752Z: [    0.000000] x86/PAT: Configuration [0-7]: WB  WC  UC- UC  WB  WP  UC- WT  
[STDERR  ] 2019-02-04T12:19:05.303613955Z: [    0.000000] found SMP MP-table at [mem 0x000f6aa0-0x000f6aaf] mapped at [ffffffffff200aa0]
[STDERR  ] 2019-02-04T12:19:05.303639230Z: [    0.000000] RAMDISK: [mem 0x3e0f1000-0x3ffcffff]
[STDERR  ] 2019-02-04T12:19:05.303663259Z: [    0.000000] ACPI: Early table checksum verification disabled
[STDERR  ] 2019-02-04T12:19:05.303695482Z: [    0.000000] ACPI: RSDP 0x00000000000F68C0 000014 (v00 BOCHS )
[STDERR  ] 2019-02-04T12:19:05.303720204Z: [    0.000000] ACPI: RSDT 0x000000003FFE2404 000034 (v01 BOCHS  BXPCRSDT 00000001 BXPC 00000001)
[STDERR  ] 2019-02-04T12:19:05.303747760Z: [    0.000000] ACPI: FACP 0x000000003FFE22A4 000074 (v01 BOCHS  BXPCFACP 00000001 BXPC 00000001)
[STDERR  ] 2019-02-04T12:19:05.303771549Z: [    0.000000] ACPI: DSDT 0x000000003FFE0040 002264 (v01 BOCHS  BXPCDSDT 00000001 BXPC 00000001)
[STDERR  ] 2019-02-04T12:19:05.303795194Z: [    0.000000] ACPI: FACS 0x000000003FFE0000 000040
[STDERR  ] 2019-02-04T12:19:05.303820444Z: [    0.000000] ACPI: APIC 0x000000003FFE2318 000078 (v01 BOCHS  BXPCAPIC 00000001 BXPC 00000001)
[STDERR  ] 2019-02-04T12:19:05.303844368Z: [    0.000000] ACPI: HPET 0x000000003FFE2390 000038 (v01 BOCHS  BXPCHPET 00000001 BXPC 00000001)
[STDERR  ] 2019-02-04T12:19:05.303869047Z: [    0.000000] ACPI: MCFG 0x000000003FFE23C8 00003C (v01 BOCHS  BXPCMCFG 00000001 BXPC 00000001)
[STDERR  ] 2019-02-04T12:19:05.303900299Z: [    0.000000] Zone ranges:
[STDERR  ] 2019-02-04T12:19:05.303951997Z: [    0.000000]   DMA      [mem 0x0000000000001000-0x0000000000ffffff]
[STDERR  ] 2019-02-04T12:19:05.303983779Z: [    0.000000]   DMA32    [mem 0x0000000001000000-0x000000003ffdefff]
[STDERR  ] 2019-02-04T12:19:05.304013192Z: [    0.000000]   Normal   empty
[STDERR  ] 2019-02-04T12:19:05.304040192Z: [    0.000000]   Device   empty
[STDERR  ] 2019-02-04T12:19:05.304069194Z: [    0.000000] Movable zone start for each node
[STDERR  ] 2019-02-04T12:19:05.304099646Z: [    0.000000] Early memory node ranges
[STDERR  ] 2019-02-04T12:19:05.304128790Z: [    0.000000]   node   0: [mem 0x0000000000001000-0x000000000009efff]
[STDERR  ] 2019-02-04T12:19:05.304165632Z: [    0.000000]   node   0: [mem 0x0000000000100000-0x000000003ffdefff]
[STDERR  ] 2019-02-04T12:19:05.304194588Z: [    0.000000] Initmem setup node 0 [mem 0x0000000000001000-0x000000003ffdefff]
[STDERR  ] 2019-02-04T12:19:05.304223924Z: [    0.000000] ACPI: PM-Timer IO Port: 0x608
[STDERR  ] 2019-02-04T12:19:05.304252650Z: [    0.000000] ACPI: LAPIC_NMI (acpi_id[0xff] dfl dfl lint[0x1])
[STDERR  ] 2019-02-04T12:19:05.304299279Z: [    0.000000] IOAPIC[0]: apic_id 0, version 32, address 0xfec00000, GSI 0-23
[STDERR  ] 2019-02-04T12:19:05.304325339Z: [    0.000000] ACPI: INT_SRC_OVR (bus 0 bus_irq 0 global_irq 2 dfl dfl)
[STDERR  ] 2019-02-04T12:19:05.304354512Z: [    0.000000] ACPI: INT_SRC_OVR (bus 0 bus_irq 5 global_irq 5 high level)
[STDERR  ] 2019-02-04T12:19:05.304383967Z: [    0.000000] ACPI: INT_SRC_OVR (bus 0 bus_irq 9 global_irq 9 high level)
[STDERR  ] 2019-02-04T12:19:05.304416042Z: [    0.000000] ACPI: INT_SRC_OVR (bus 0 bus_irq 10 global_irq 10 high level)
[STDERR  ] 2019-02-04T12:19:05.304448359Z: [    0.000000] ACPI: INT_SRC_OVR (bus 0 bus_irq 11 global_irq 11 high level)
[STDERR  ] 2019-02-04T12:19:05.304477536Z: [    0.000000] Using ACPI (MADT) for SMP configuration information
[STDERR  ] 2019-02-04T12:19:05.304505133Z: [    0.000000] ACPI: HPET id: 0x8086a201 base: 0xfed00000
[STDERR  ] 2019-02-04T12:19:05.304533002Z: [    0.000000] smpboot: Allowing 1 CPUs, 0 hotplug CPUs
[STDERR  ] 2019-02-04T12:19:05.304563236Z: [    0.000000] e820: [mem 0x40000000-0xafffffff] available for PCI devices
[STDERR  ] 2019-02-04T12:19:05.304600018Z: [    0.000000] Booting paravirtualized kernel on bare hardware
[STDERR  ] 2019-02-04T12:19:05.304626567Z: [    0.000000] clocksource: refined-jiffies: mask: 0xffffffff max_cycles: 0xffffffff, max_idle_ns: 1910969940391419 ns
[STDERR  ] 2019-02-04T12:19:05.304654230Z: [    0.000000] random: get_random_bytes called from start_kernel+0x92/0x4d1 with crng_init=0
[STDERR  ] 2019-02-04T12:19:05.304681932Z: [    0.000000] setup_percpu: NR_CPUS:128 nr_cpumask_bits:128 nr_cpu_ids:1 nr_node_ids:1
[STDERR  ] 2019-02-04T12:19:05.304715352Z: [    0.000000] percpu: Embedded 45 pages/cpu @ffff963c3de00000 s144216 r8192 d31912 u2097152
[STDERR  ] 2019-02-04T12:19:05.304743258Z: [    0.000000] Built 1 zonelists, mobility grouping on.  Total pages: 257896
[STDERR  ] 2019-02-04T12:19:05.304771044Z: [    0.000000] Kernel command line: console=ttyS0 console=ttyAMA0
[STDERR  ] 2019-02-04T12:19:05.304800771Z: [    0.000000] PID hash table entries: 4096 (order: 3, 32768 bytes)
[STDERR  ] 2019-02-04T12:19:05.304828659Z: [    0.000000] Dentry cache hash table entries: 131072 (order: 8, 1048576 bytes)
[STDERR  ] 2019-02-04T12:19:05.304858726Z: [    0.000000] Inode-cache hash table entries: 65536 (order: 7, 524288 bytes)
[STDERR  ] 2019-02-04T12:19:05.304893375Z: [    0.000000] Memory: 973260K/1048052K available (12300K kernel code, 1445K rwdata, 2964K rodata, 1532K init, 580K bss, 74792K reserved, 0K cma-reserved)
[STDERR  ] 2019-02-04T12:19:05.304926981Z: [    0.000000] ftrace: allocating 40620 entries in 159 pages
[STDERR  ] 2019-02-04T12:19:05.304956859Z: [    0.000000] Hierarchical RCU implementation.
[STDERR  ] 2019-02-04T12:19:05.304983472Z: [    0.000000] 	RCU restricting CPUs from NR_CPUS=128 to nr_cpu_ids=1.
[STDERR  ] 2019-02-04T12:19:05.305015408Z: [    0.000000] RCU: Adjusting geometry for rcu_fanout_leaf=16, nr_cpu_ids=1
[STDERR  ] 2019-02-04T12:19:05.305043972Z: [    0.000000] NR_IRQS: 8448, nr_irqs: 256, preallocated irqs: 16
[STDERR  ] 2019-02-04T12:19:05.305069855Z: [    0.000000] Console: colour VGA+ 80x25
[STDERR  ] 2019-02-04T12:19:05.305107744Z: [    0.000000] console [ttyS0] enabled
[STDERR  ] 2019-02-04T12:19:05.305136252Z: [    0.000000] clocksource: hpet: mask: 0xffffffff max_cycles: 0xffffffff, max_idle_ns: 19112604467 ns
[STDERR  ] 2019-02-04T12:19:05.305161592Z: [    0.003000] tsc: Fast TSC calibration using PIT
[STDERR  ] 2019-02-04T12:19:05.305186741Z: [    0.004000] tsc: Detected 2599.625 MHz processor
[STDERR  ] 2019-02-04T12:19:05.305219289Z: [    0.007304] Calibrating delay loop (skipped), value calculated using timer frequency.. 5199.25 BogoMIPS (lpj=2599625)
[STDERR  ] 2019-02-04T12:19:05.305244590Z: [    0.008134] pid_max: default: 32768 minimum: 301
[STDERR  ] 2019-02-04T12:19:05.305281760Z: [    0.009654] ACPI: Core revision 20170728
[STDERR  ] 2019-02-04T12:19:05.305307702Z: [    0.060305] ACPI: 1 ACPI AML tables successfully acquired and loaded
[STDERR  ] 2019-02-04T12:19:05.305333745Z: [    0.066502] Security Framework initialized
[STDERR  ] 2019-02-04T12:19:05.305361272Z: [    0.067333] Yama: becoming mindful.
[STDERR  ] 2019-02-04T12:19:05.305390839Z: [    0.070521] Mount-cache hash table entries: 2048 (order: 2, 16384 bytes)
[STDERR  ] 2019-02-04T12:19:05.305418663Z: [    0.071101] Mountpoint-cache hash table entries: 2048 (order: 2, 16384 bytes)
[STDERR  ] 2019-02-04T12:19:05.305443203Z: [    0.095477] Last level iTLB entries: 4KB 0, 2MB 0, 4MB 0
[STDERR  ] 2019-02-04T12:19:05.305467885Z: [    0.097106] Last level dTLB entries: 4KB 0, 2MB 0, 4MB 0, 1GB 0
[STDERR  ] 2019-02-04T12:19:05.305493241Z: [    0.098039] Spectre V2 : Spectre mitigation: LFENCE not serializing, switching to generic retpoline
[STDERR  ] 2019-02-04T12:19:05.305520071Z: [    0.098799] Spectre V2 : Mitigation: Full generic retpoline
[STDERR  ] 2019-02-04T12:19:05.305546417Z: [    0.099058] Spectre V2 : Spectre v2 / SpectreRSB mitigation: Filling RSB on context switch
[STDERR  ] 2019-02-04T12:19:05.305572203Z: [    0.100263] Speculative Store Bypass: Vulnerable
[STDERR  ] 2019-02-04T12:19:05.305606856Z: [    0.256402] random: fast init done
[STDERR  ] 2019-02-04T12:19:05.305634686Z: [    0.512000] Freeing SMP alternatives memory: 20K
[STDERR  ] 2019-02-04T12:19:05.305661253Z: [    0.537296] smpboot: Max logical packages: 1
[STDERR  ] 2019-02-04T12:19:05.305688612Z: [    0.547000] ..TIMER: vector=0x30 apic1=0 pin1=2 apic2=-1 pin2=-1
[STDERR  ] 2019-02-04T12:19:05.305716406Z: [    0.558000] smpboot: CPU0: AMD QEMU Virtual CPU version 2.5+ (family: 0x6, model: 0x6, stepping: 0x3)
[STDERR  ] 2019-02-04T12:19:05.305744107Z: [    0.566215] Performance Events: PMU not available due to virtualization, using software events only.
[STDERR  ] 2019-02-04T12:19:05.305782415Z: [    0.571818] Hierarchical SRCU implementation.
[STDERR  ] 2019-02-04T12:19:05.305810237Z: [    0.578169] NMI watchdog: Perf event create on CPU 0 failed with -2
[STDERR  ] 2019-02-04T12:19:05.305843444Z: [    0.579064] NMI watchdog: Perf NMI watchdog permanently disabled
[STDERR  ] 2019-02-04T12:19:05.305871489Z: [    0.584251] smp: Bringing up secondary CPUs ...
[STDERR  ] 2019-02-04T12:19:05.305925536Z: [    0.585175] smp: Brought up 1 node, 1 CPU
[STDERR  ] 2019-02-04T12:19:05.305970589Z: [    0.585596] smpboot: Total of 1 processors activated (5199.25 BogoMIPS)
[STDERR  ] 2019-02-04T12:19:05.306003035Z: [    0.603592] devtmpfs: initialized
[STDERR  ] 2019-02-04T12:19:05.306029049Z: [    0.609057] x86/mm: Memory block size: 128MB
[STDERR  ] 2019-02-04T12:19:05.306053622Z: [    0.616200] evm: security.ima
[STDERR  ] 2019-02-04T12:19:05.306079910Z: [    0.616535] evm: security.capability
[STDERR  ] 2019-02-04T12:19:05.306108039Z: [    0.620440] clocksource: jiffies: mask: 0xffffffff max_cycles: 0xffffffff, max_idle_ns: 1911260446275000 ns
[STDERR  ] 2019-02-04T12:19:05.306134643Z: [    0.621194] futex hash table entries: 256 (order: 2, 16384 bytes)
[STDERR  ] 2019-02-04T12:19:05.306170952Z: [    0.634694] NET: Registered protocol family 16
[STDERR  ] 2019-02-04T12:19:05.306197371Z: [    0.644117] cpuidle: using governor ladder
[STDERR  ] 2019-02-04T12:19:05.306219080Z: [    0.644704] cpuidle: using governor menu
[STDERR  ] 2019-02-04T12:19:05.306240129Z: [    0.646681] ACPI: bus type PCI registered
[STDERR  ] 2019-02-04T12:19:05.306321939Z: [    0.649791] PCI: MMCONFIG for domain 0000 [bus 00-ff] at [mem 0xb0000000-0xbfffffff] (base 0xb0000000)
[STDERR  ] 2019-02-04T12:19:05.306344098Z: [    0.652144] PCI: MMCONFIG at [mem 0xb0000000-0xbfffffff] reserved in E820
[STDERR  ] 2019-02-04T12:19:05.306365671Z: [    0.654358] PCI: Using configuration type 1 for base access
[STDERR  ] 2019-02-04T12:19:05.306400745Z: [    0.727649] HugeTLB registered 2.00 MiB page size, pre-allocated 0 pages
[STDERR  ] 2019-02-04T12:19:05.306426045Z: [    0.741175] ACPI: Added _OSI(Module Device)
[STDERR  ] 2019-02-04T12:19:05.306454580Z: [    0.741653] ACPI: Added _OSI(Processor Device)
[STDERR  ] 2019-02-04T12:19:05.306478402Z: [    0.742039] ACPI: Added _OSI(3.0 _SCP Extensions)
[STDERR  ] 2019-02-04T12:19:05.306511264Z: [    0.742428] ACPI: Added _OSI(Processor Aggregator Device)
[STDERR  ] 2019-02-04T12:19:05.306534522Z: [    0.847704] ACPI: Interpreter enabled
[STDERR  ] 2019-02-04T12:19:05.306557956Z: [    0.848621] ACPI: (supports S0 S5)
[STDERR  ] 2019-02-04T12:19:05.306584044Z: [    0.849096] ACPI: Using IOAPIC for interrupt routing
[STDERR  ] 2019-02-04T12:19:05.306613905Z: [    0.851727] PCI: Using host bridge windows from ACPI; if necessary, use "pci=nocrs" and report a bug
[STDERR  ] 2019-02-04T12:19:05.306637611Z: [    0.857705] ACPI: Enabled 2 GPEs in block 00 to 3F
[STDERR  ] 2019-02-04T12:19:05.306662598Z: [    0.945243] ACPI: PCI Root Bridge [PCI0] (domain 0000 [bus 00-ff])
[STDERR  ] 2019-02-04T12:19:05.306686063Z: [    0.946579] acpi PNP0A08:00: _OSC: OS supports [ExtendedConfig ASPM ClockPM Segments MSI]
[STDERR  ] 2019-02-04T12:19:05.306714136Z: [    0.954272] acpi PNP0A08:00: _OSC: OS now controls [PCIeHotplug PME PCIeCapability]
[STDERR  ] 2019-02-04T12:19:05.306739744Z: [    0.959644] PCI host bridge to bus 0000:00
[STDERR  ] 2019-02-04T12:19:05.306783252Z: [    0.960278] pci_bus 0000:00: root bus resource [io  0x0000-0x0cf7 window]
[STDERR  ] 2019-02-04T12:19:05.306807597Z: [    0.961091] pci_bus 0000:00: root bus resource [io  0x0d00-0xffff window]
[STDERR  ] 2019-02-04T12:19:05.306832402Z: [    0.961702] pci_bus 0000:00: root bus resource [mem 0x000a0000-0x000bffff window]
[STDERR  ] 2019-02-04T12:19:05.306858570Z: [    0.962066] pci_bus 0000:00: root bus resource [mem 0xc0000000-0xfebfffff window]
[STDERR  ] 2019-02-04T12:19:05.306888517Z: [    0.963179] pci_bus 0000:00: root bus resource [bus 00-ff]
[STDERR  ] 2019-02-04T12:19:05.306919188Z: [    1.027000] pci 0000:00:1f.0: quirk: [io  0x0600-0x067f] claimed by ICH6 ACPI/GPIO/TCO
[STDERR  ] 2019-02-04T12:19:05.306952599Z: [    1.077757] ACPI: PCI Interrupt Link [LNKA] (IRQs 5 *10 11)
[STDERR  ] 2019-02-04T12:19:05.306975891Z: [    1.080673] ACPI: PCI Interrupt Link [LNKB] (IRQs 5 *10 11)
[STDERR  ] 2019-02-04T12:19:05.307002017Z: [    1.084427] ACPI: PCI Interrupt Link [LNKC] (IRQs 5 10 *11)
[STDERR  ] 2019-02-04T12:19:05.307030052Z: [    1.087365] ACPI: PCI Interrupt Link [LNKD] (IRQs 5 10 *11)
[STDERR  ] 2019-02-04T12:19:05.307053305Z: [    1.090112] ACPI: PCI Interrupt Link [LNKE] (IRQs 5 *10 11)
[STDERR  ] 2019-02-04T12:19:05.307078425Z: [    1.092341] ACPI: PCI Interrupt Link [LNKF] (IRQs 5 *10 11)
[STDERR  ] 2019-02-04T12:19:05.307103688Z: [    1.094587] ACPI: PCI Interrupt Link [LNKG] (IRQs 5 10 *11)
[STDERR  ] 2019-02-04T12:19:05.307126619Z: [    1.096762] ACPI: PCI Interrupt Link [LNKH] (IRQs 5 10 *11)
[STDERR  ] 2019-02-04T12:19:05.307149591Z: [    1.097878] ACPI: PCI Interrupt Link [GSIA] (IRQs *16)
[STDERR  ] 2019-02-04T12:19:05.307176506Z: [    1.098360] ACPI: PCI Interrupt Link [GSIB] (IRQs *17)
[STDERR  ] 2019-02-04T12:19:05.307199792Z: [    1.099323] ACPI: PCI Interrupt Link [GSIC] (IRQs *18)
[STDERR  ] 2019-02-04T12:19:05.307226179Z: [    1.100326] ACPI: PCI Interrupt Link [GSID] (IRQs *19)
[STDERR  ] 2019-02-04T12:19:05.307257684Z: [    1.101320] ACPI: PCI Interrupt Link [GSIE] (IRQs *20)
[STDERR  ] 2019-02-04T12:19:05.307296329Z: [    1.102192] ACPI: PCI Interrupt Link [GSIF] (IRQs *21)
[STDERR  ] 2019-02-04T12:19:05.307325241Z: [    1.102894] ACPI: PCI Interrupt Link [GSIG] (IRQs *22)
[STDERR  ] 2019-02-04T12:19:05.307353093Z: [    1.103288] ACPI: PCI Interrupt Link [GSIH] (IRQs *23)
[STDERR  ] 2019-02-04T12:19:05.307378789Z: [    1.113270] SCSI subsystem initialized
[STDERR  ] 2019-02-04T12:19:05.307405719Z: [    1.116599] ACPI: bus type USB registered
[STDERR  ] 2019-02-04T12:19:05.307440298Z: [    1.117729] usbcore: registered new interface driver usbfs
[STDERR  ] 2019-02-04T12:19:05.307475287Z: [    1.119208] usbcore: registered new interface driver hub
[STDERR  ] 2019-02-04T12:19:05.307503301Z: [    1.120159] usbcore: registered new device driver usb
[STDERR  ] 2019-02-04T12:19:05.307543049Z: [    1.121433] pps_core: LinuxPPS API ver. 1 registered
[STDERR  ] 2019-02-04T12:19:05.307575703Z: [    1.122046] pps_core: Software ver. 5.3.6 - Copyright 2005-2007 Rodolfo Giometti <giometti@linux.it>
[STDERR  ] 2019-02-04T12:19:05.307609126Z: [    1.123200] PTP clock support registered
[STDERR  ] 2019-02-04T12:19:05.307638074Z: [    1.126247] PCI: Using ACPI for IRQ routing
[STDERR  ] 2019-02-04T12:19:05.307667478Z: [    1.148825] NetLabel: Initializing
[STDERR  ] 2019-02-04T12:19:05.307694116Z: [    1.149049] NetLabel:  domain hash size = 128
[STDERR  ] 2019-02-04T12:19:05.307726215Z: [    1.150032] NetLabel:  protocols = UNLABELED CIPSOv4 CALIPSO
[STDERR  ] 2019-02-04T12:19:05.307756351Z: [    1.152747] NetLabel:  unlabeled traffic allowed by default
[STDERR  ] 2019-02-04T12:19:05.307788830Z: [    1.154187] HPET: 3 timers in total, 0 timers will be used for per-cpu timer
[STDERR  ] 2019-02-04T12:19:05.307820895Z: [    1.155210] hpet0: at MMIO 0xfed00000, IRQs 2, 8, 0
[STDERR  ] 2019-02-04T12:19:05.307855159Z: [    1.155678] hpet0: 3 comparators, 64-bit 100.000000 MHz counter
[STDERR  ] 2019-02-04T12:19:05.307894960Z: [    1.161624] clocksource: Switched to clocksource hpet
[STDERR  ] 2019-02-04T12:19:05.307935543Z: [    1.533852] VFS: Disk quotas dquot_6.6.0
[STDERR  ] 2019-02-04T12:19:05.307967067Z: [    1.534986] VFS: Dquot-cache hash table entries: 512 (order 0, 4096 bytes)
[STDERR  ] 2019-02-04T12:19:05.307995830Z: [    1.538842] FS-Cache: Loaded
[STDERR  ] 2019-02-04T12:19:05.308028272Z: [    1.546405] CacheFiles: Loaded
[STDERR  ] 2019-02-04T12:19:05.308061516Z: [    1.547770] pnp: PnP ACPI init
[STDERR  ] 2019-02-04T12:19:05.308088686Z: [    1.561967] pnp: PnP ACPI: found 5 devices
[STDERR  ] 2019-02-04T12:19:05.308122151Z: [    1.614293] clocksource: acpi_pm: mask: 0xffffff max_cycles: 0xffffff, max_idle_ns: 2085701024 ns
[STDERR  ] 2019-02-04T12:19:05.308149432Z: [    1.617831] NET: Registered protocol family 2
[STDERR  ] 2019-02-04T12:19:05.308176017Z: [    1.629244] TCP established hash table entries: 8192 (order: 4, 65536 bytes)
[STDERR  ] 2019-02-04T12:19:05.308208160Z: [    1.630280] TCP bind hash table entries: 8192 (order: 5, 131072 bytes)
[STDERR  ] 2019-02-04T12:19:05.308240191Z: [    1.632387] TCP: Hash tables configured (established 8192 bind 8192)
[STDERR  ] 2019-02-04T12:19:05.308280086Z: [    1.635938] UDP hash table entries: 512 (order: 2, 16384 bytes)
[STDERR  ] 2019-02-04T12:19:05.308305995Z: [    1.637466] UDP-Lite hash table entries: 512 (order: 2, 16384 bytes)
[STDERR  ] 2019-02-04T12:19:05.308332100Z: [    1.640885] NET: Registered protocol family 1
[STDERR  ] 2019-02-04T12:19:05.308357875Z: [    1.642452] pci 0000:00:01.0: Video device with shadowed ROM at [mem 0x000c0000-0x000dffff]
[STDERR  ] 2019-02-04T12:19:05.308383885Z: [    1.651849] Trying to unpack rootfs image as initramfs...
[STDERR  ] 2019-02-04T12:19:05.308409323Z: [    6.850025] Freeing initrd memory: 31612K
[STDERR  ] 2019-02-04T12:19:05.308434722Z: [    6.886920] PCLMULQDQ-NI instructions are not detected.
[STDERR  ] 2019-02-04T12:19:05.308458382Z: [    6.890006] AVX or AES-NI instructions are not detected.
[STDERR  ] 2019-02-04T12:19:05.308483158Z: [    6.891522] CPU feature 'AVX registers' is not supported.
[STDERR  ] 2019-02-04T12:19:05.308507560Z: [    6.892392] CPU feature 'AVX registers' is not supported.
[STDERR  ] 2019-02-04T12:19:05.308532983Z: [    6.893415] CPU feature 'AVX registers' is not supported.
[STDERR  ] 2019-02-04T12:19:05.308558940Z: [    6.894023] CPU feature 'AVX registers' is not supported.
[STDERR  ] 2019-02-04T12:19:05.308583681Z: [    6.894702] AVX2 or AES-NI instructions are not detected.
[STDERR  ] 2019-02-04T12:19:05.308608314Z: [    6.895344] AVX2 instructions are not detected.
[STDERR  ] 2019-02-04T12:19:05.308639614Z: [    6.902858] audit: initializing netlink subsys (disabled)
[STDERR  ] 2019-02-04T12:19:05.308665405Z: [    6.908580] audit: type=2000 audit(1549282677.904:1): state=initialized audit_enabled=0 res=1
[STDERR  ] 2019-02-04T12:19:05.308690291Z: [    6.912064] workingset: timestamp_bits=46 max_order=18 bucket_order=0
[STDERR  ] 2019-02-04T12:19:05.308715041Z: [    6.919743] squashfs: version 4.0 (2009/01/31) Phillip Lougher
[STDERR  ] 2019-02-04T12:19:05.308739650Z: [    6.922643] FS-Cache: Netfs 'cifs' registered for caching
[STDERR  ] 2019-02-04T12:19:05.308763528Z: [    6.923740] fuse init (API version 7.26)
[STDERR  ] 2019-02-04T12:19:05.308787708Z: [    6.926536] SGI XFS with ACLs, security attributes, no debug enabled
[STDERR  ] 2019-02-04T12:19:05.308812523Z: [    6.931344] 9p: Installing v9fs 9p2000 file system support
[STDERR  ] 2019-02-04T12:19:05.308836568Z: [    6.931921] FS-Cache: Netfs '9p' registered for caching
[STDERR  ] 2019-02-04T12:19:05.308860977Z: [    6.990835] NET: Registered protocol family 38
[STDERR  ] 2019-02-04T12:19:05.308893505Z: [    6.991893] Key type asymmetric registered
[STDERR  ] 2019-02-04T12:19:05.308918577Z: [    6.993754] Asymmetric key parser 'x509' registered
[STDERR  ] 2019-02-04T12:19:05.308943669Z: [    6.995396] Block layer SCSI generic (bsg) driver version 0.4 loaded (major 247)
[STDERR  ] 2019-02-04T12:19:05.308968618Z: [    6.997067] io scheduler noop registered
[STDERR  ] 2019-02-04T12:19:05.308999133Z: [    6.997784] io scheduler deadline registered (default)
[STDERR  ] 2019-02-04T12:19:05.309040888Z: [    6.999490] io scheduler cfq registered
[STDERR  ] 2019-02-04T12:19:05.309070412Z: [    6.999954] io scheduler mq-deadline registered
[STDERR  ] 2019-02-04T12:19:05.309099834Z: [    7.000679] io scheduler kyber registered
[STDERR  ] 2019-02-04T12:19:05.309123921Z: [    7.004879] shpchp: Standard Hot Plug PCI Controller Driver version: 0.4
[STDERR  ] 2019-02-04T12:19:05.309153318Z: [    7.006263] hv_vmbus: registering driver hyperv_fb
[STDERR  ] 2019-02-04T12:19:05.309177642Z: [    7.010508] input: Power Button as /devices/LNXSYSTM:00/LNXPWRBN:00/input/input0
[STDERR  ] 2019-02-04T12:19:05.309202720Z: [    7.014072] ACPI: Power Button [PWRF]
[STDERR  ] 2019-02-04T12:19:05.309231888Z: [    7.036736] ACPI: PCI Interrupt Link [GSIG] enabled at IRQ 22
[STDERR  ] 2019-02-04T12:19:05.309256664Z: [    7.053504] ACPI: PCI Interrupt Link [GSIH] enabled at IRQ 23
[STDERR  ] 2019-02-04T12:19:05.309290714Z: [    7.062947] Serial: 8250/16550 driver, 4 ports, IRQ sharing disabled
[STDERR  ] 2019-02-04T12:19:05.309314927Z: [    7.088504] 00:04: ttyS0 at I/O 0x3f8 (irq = 4, base_baud = 115200) is a 16550A
[STDERR  ] 2019-02-04T12:19:05.309340027Z: [    7.101023] Non-volatile memory driver v1.3
[STDERR  ] 2019-02-04T12:19:05.309368967Z: [    7.110280] Hangcheck: starting hangcheck timer 0.9.1 (tick is 180 seconds, margin is 60 seconds).
[STDERR  ] 2019-02-04T12:19:05.309397514Z: [    7.116656] random: crng init done
[STDERR  ] 2019-02-04T12:19:05.309421387Z: [    7.198975] brd: module loaded
[STDERR  ] 2019-02-04T12:19:05.309446386Z: [    7.242063] loop: module loaded
[STDERR  ] 2019-02-04T12:19:05.309475690Z: [    7.319485] lpc_ich 0000:00:1f.0: I/O space for GPIO uninitialized
[STDERR  ] 2019-02-04T12:19:05.309505340Z: [    7.322439] VMware PVSCSI driver - version 1.0.7.0-k
[STDERR  ] 2019-02-04T12:19:05.309532087Z: [    7.323391] hv_vmbus: registering driver hv_storvsc
[STDERR  ] 2019-02-04T12:19:05.309560286Z: [    7.336349] ACPI: PCI Interrupt Link [GSIA] enabled at IRQ 16
[STDERR  ] 2019-02-04T12:19:05.309590168Z: [    7.344684] ahci 0000:00:1f.2: AHCI 0001.0000 32 slots 6 ports 1.5 Gbps 0x3f impl SATA mode
[STDERR  ] 2019-02-04T12:19:05.309622648Z: [    7.345841] ahci 0000:00:1f.2: flags: 64bit ncq only 
[STDERR  ] 2019-02-04T12:19:05.309651003Z: [    7.365630] scsi host0: ahci
[STDERR  ] 2019-02-04T12:19:05.309674957Z: [    7.369767] scsi host1: ahci
[STDERR  ] 2019-02-04T12:19:05.309718382Z: [    7.372302] scsi host2: ahci
[STDERR  ] 2019-02-04T12:19:05.309749491Z: [    7.374670] scsi host3: ahci
[STDERR  ] 2019-02-04T12:19:05.309788767Z: [    7.377078] scsi host4: ahci
[STDERR  ] 2019-02-04T12:19:05.309818203Z: [    7.379557] scsi host5: ahci
[STDERR  ] 2019-02-04T12:19:05.309846465Z: [    7.381371] ata1: SATA max UDMA/133 abar m4096@0xfebd2000 port 0xfebd2100 irq 24
[STDERR  ] 2019-02-04T12:19:05.309876621Z: [    7.382355] ata2: SATA max UDMA/133 abar m4096@0xfebd2000 port 0xfebd2180 irq 24
[STDERR  ] 2019-02-04T12:19:05.309913685Z: [    7.383045] ata3: SATA max UDMA/133 abar m4096@0xfebd2000 port 0xfebd2200 irq 24
[STDERR  ] 2019-02-04T12:19:05.309943051Z: [    7.383895] ata4: SATA max UDMA/133 abar m4096@0xfebd2000 port 0xfebd2280 irq 24
[STDERR  ] 2019-02-04T12:19:05.309973657Z: [    7.384656] ata5: SATA max UDMA/133 abar m4096@0xfebd2000 port 0xfebd2300 irq 24
[STDERR  ] 2019-02-04T12:19:05.309998339Z: [    7.385439] ata6: SATA max UDMA/133 abar m4096@0xfebd2000 port 0xfebd2380 irq 24
[STDERR  ] 2019-02-04T12:19:05.310021807Z: [    7.402568] tun: Universal TUN/TAP device driver, 1.6
[STDERR  ] 2019-02-04T12:19:05.310051174Z: [    7.415565] VMware vmxnet3 virtual NIC driver - version 1.4.a.0-k-NAPI
[STDERR  ] 2019-02-04T12:19:05.310080996Z: [    7.416898] hv_vmbus: registering driver hv_netvsc
[STDERR  ] 2019-02-04T12:19:05.310113894Z: [    7.417558] Fusion MPT base driver 3.04.20
[STDERR  ] 2019-02-04T12:19:05.310137894Z: [    7.417886] Copyright (c) 1999-2008 LSI Corporation
[STDERR  ] 2019-02-04T12:19:05.310166379Z: [    7.418644] Fusion MPT SPI Host driver 3.04.20
[STDERR  ] 2019-02-04T12:19:05.310201188Z: [    7.421416] i8042: PNP: PS/2 Controller [PNP0303:KBD,PNP0f13:MOU] at 0x60,0x64 irq 1,12
[STDERR  ] 2019-02-04T12:19:05.310230445Z: [    7.427027] serio: i8042 KBD port at 0x60,0x64 irq 1
[STDERR  ] 2019-02-04T12:19:05.310294998Z: [    7.427953] serio: i8042 AUX port at 0x60,0x64 irq 12
[STDERR  ] 2019-02-04T12:19:05.310322846Z: [    7.431834] hv_vmbus: registering driver hyperv_keyboard
[STDERR  ] 2019-02-04T12:19:05.310352056Z: [    7.434935] mousedev: PS/2 mouse device common for all mice
[STDERR  ] 2019-02-04T12:19:05.310381828Z: [    7.442444] input: PC Speaker as /devices/platform/pcspkr/input/input2
[STDERR  ] 2019-02-04T12:19:05.310407690Z: [    7.444951] input: AT Translated Set 2 keyboard as /devices/platform/i8042/serio0/input/input1
[STDERR  ] 2019-02-04T12:19:05.310437510Z: [    7.448429] rtc_cmos 00:00: RTC can wake from S4
[STDERR  ] 2019-02-04T12:19:05.310467956Z: [    7.455072] rtc_cmos 00:00: rtc core: registered rtc_cmos as rtc0
[STDERR  ] 2019-02-04T12:19:05.310492941Z: [    7.457004] rtc_cmos 00:00: alarms up to one day, y3k, 114 bytes nvram, hpet irqs
[STDERR  ] 2019-02-04T12:19:05.310523163Z: [    7.458276] i2c /dev entries driver
[STDERR  ] 2019-02-04T12:19:05.310547209Z: [    7.461013] device-mapper: ioctl: 4.37.0-ioctl (2017-09-20) initialised: dm-devel@redhat.com
[STDERR  ] 2019-02-04T12:19:05.310572541Z: [    7.467578] usbcore: registered new interface driver usbhid
[STDERR  ] 2019-02-04T12:19:05.310603012Z: [    7.468364] usbhid: USB HID core driver
[STDERR  ] 2019-02-04T12:19:05.310632866Z: [    7.469700] hv_utils: Registering HyperV Utility Driver
[STDERR  ] 2019-02-04T12:19:05.310661482Z: [    7.470376] hv_vmbus: registering driver hv_util
[STDERR  ] 2019-02-04T12:19:05.310690648Z: [    7.470812] hv_vmbus: registering driver hv_balloon
[STDERR  ] 2019-02-04T12:19:05.310719900Z: [    7.471707] oprofile: using NMI interrupt.
[STDERR  ] 2019-02-04T12:19:05.310748927Z: [    7.473618] GACT probability on
[STDERR  ] 2019-02-04T12:19:05.310778237Z: [    7.474265] Mirror/redirect action on
[STDERR  ] 2019-02-04T12:19:05.310807318Z: [    7.475007] Simple TC action Loaded
[STDERR  ] 2019-02-04T12:19:05.310831981Z: [    7.475752] u32 classifier
[STDERR  ] 2019-02-04T12:19:05.310861092Z: [    7.476012]     Performance counters on
[STDERR  ] 2019-02-04T12:19:05.310891536Z: [    7.476712]     input device check on
[STDERR  ] 2019-02-04T12:19:05.310924651Z: [    7.477221]     Actions configured
[STDERR  ] 2019-02-04T12:19:05.310958801Z: [    7.478294] Netfilter messages via NETLINK v0.30.
[STDERR  ] 2019-02-04T12:19:05.310987914Z: [    7.479937] nfnl_acct: registering with nfnetlink.
[STDERR  ] 2019-02-04T12:19:05.311018073Z: [    7.483310] nf_conntrack version 0.5.0 (8192 buckets, 32768 max)
[STDERR  ] 2019-02-04T12:19:05.311042198Z: [    7.486465] ctnetlink v0.93: registering with nfnetlink.
[STDERR  ] 2019-02-04T12:19:05.311071083Z: [    7.490777] nf_tables: (c) 2007-2009 Patrick McHardy <kaber@trash.net>
[STDERR  ] 2019-02-04T12:19:05.311099762Z: [    7.492299] nf_tables_compat: (c) 2012 Pablo Neira Ayuso <pablo@netfilter.org>
[STDERR  ] 2019-02-04T12:19:05.311129351Z: [    7.495733] xt_time: kernel timezone is -0000
[STDERR  ] 2019-02-04T12:19:05.311158401Z: [    7.496719] ip_set: protocol 6
[STDERR  ] 2019-02-04T12:19:05.311192067Z: [    7.497951] ipip: IPv4 and MPLS over IPv4 tunneling driver
[STDERR  ] 2019-02-04T12:19:05.311221454Z: [    7.503356] gre: GRE over IPv4 demultiplexor driver
[STDERR  ] 2019-02-04T12:19:05.311246519Z: [    7.507343] ip_tables: (C) 2000-2006 Netfilter Core Team
[STDERR  ] 2019-02-04T12:19:05.311286896Z: [    7.513697] arp_tables: arp_tables: (C) 2002 David S. Miller
[STDERR  ] 2019-02-04T12:19:05.311315861Z: [    7.516929] NET: Registered protocol family 10
[STDERR  ] 2019-02-04T12:19:05.311340501Z: [    7.529280] Segment Routing with IPv6
[STDERR  ] 2019-02-04T12:19:05.311369856Z: [    7.530416] ip6_tables: (C) 2000-2006 Netfilter Core Team
[STDERR  ] 2019-02-04T12:19:05.311398556Z: [    7.542221] NET: Registered protocol family 17
[STDERR  ] 2019-02-04T12:19:05.311433889Z: [    7.543644] Bridge firewalling registered
[STDERR  ] 2019-02-04T12:19:05.311462917Z: [    7.544627] 8021q: 802.1Q VLAN Support v1.8
[STDERR  ] 2019-02-04T12:19:05.311492401Z: [    7.546829] 9pnet: Installing 9P2000 support
[STDERR  ] 2019-02-04T12:19:05.311521355Z: [    7.549418] Key type dns_resolver registered
[STDERR  ] 2019-02-04T12:19:05.311550700Z: [    7.551178] sched_clock: Marking stable (7551101920, 0)->(7841391921, -290289606)
[STDERR  ] 2019-02-04T12:19:05.311579877Z: [    7.556268] registered taskstats version 1
[STDERR  ] 2019-02-04T12:19:05.311603987Z: [    7.709055] ata3: SATA link up 1.5 Gbps (SStatus 113 SControl 300)
[STDERR  ] 2019-02-04T12:19:05.311636582Z: [    7.713374] ata2: SATA link down (SStatus 0 SControl 300)
[STDERR  ] 2019-02-04T12:19:05.311665958Z: [    7.714936] ata1: SATA link up 1.5 Gbps (SStatus 113 SControl 300)
[STDERR  ] 2019-02-04T12:19:05.311695531Z: [    7.715881] ata6: SATA link down (SStatus 0 SControl 300)
[STDERR  ] 2019-02-04T12:19:05.311721227Z: [    7.716619] ata5: SATA link down (SStatus 0 SControl 300)
[STDERR  ] 2019-02-04T12:19:05.311754059Z: [    7.717356] ata4: SATA link down (SStatus 0 SControl 300)
[STDERR  ] 2019-02-04T12:19:05.311783224Z: [    7.720986] ata1.00: ATA-7: QEMU HARDDISK, 2.5+, max UDMA/100
[STDERR  ] 2019-02-04T12:19:05.311815780Z: [    7.721687] ata1.00: 65536 sectors, multi 16: LBA48 NCQ (depth 31/32)
[STDERR  ] 2019-02-04T12:19:05.311841201Z: [    7.722418] ata1.00: applying bridge limits
[STDERR  ] 2019-02-04T12:19:05.311866264Z: [    7.727628] ata3.00: ATAPI: QEMU DVD-ROM, 2.5+, max UDMA/100
[STDERR  ] 2019-02-04T12:19:05.311897158Z: [    7.728562] ata3.00: applying bridge limits
[STDERR  ] 2019-02-04T12:19:05.311921728Z: [    7.730525] ata3.00: configured for UDMA/100
[STDERR  ] 2019-02-04T12:19:05.311949225Z: [    7.732078] ata1.00: configured for UDMA/100
[STDERR  ] 2019-02-04T12:19:05.311973191Z: [    7.760745] scsi 0:0:0:0: Direct-Access     ATA      QEMU HARDDISK    2.5+ PQ: 0 ANSI: 5
[STDERR  ] 2019-02-04T12:19:05.312001250Z: [    7.778992] sd 0:0:0:0: [sda] 65536 512-byte logical blocks: (33.6 MB/32.0 MiB)
[STDERR  ] 2019-02-04T12:19:05.312025759Z: [    7.783435] sd 0:0:0:0: [sda] Write Protect is off
[STDERR  ] 2019-02-04T12:19:05.312055491Z: [    7.784828] sd 0:0:0:0: Attached scsi generic sg0 type 0
[STDERR  ] 2019-02-04T12:19:05.312085133Z: [    7.789661] sd 0:0:0:0: [sda] Write cache: enabled, read cache: enabled, doesn't support DPO or FUA
[STDERR  ] 2019-02-04T12:19:05.312116000Z: [    7.797763] scsi 2:0:0:0: CD-ROM            QEMU     QEMU DVD-ROM     2.5+ PQ: 0 ANSI: 5
[STDERR  ] 2019-02-04T12:19:05.312145608Z: [    7.825760] sr 2:0:0:0: [sr0] scsi3-mmc drive: 4x/4x cd/rw xa/form2 tray
[STDERR  ] 2019-02-04T12:19:05.312171300Z: [    7.826841] cdrom: Uniform CD-ROM driver Revision: 3.20
[STDERR  ] 2019-02-04T12:19:05.312200213Z: [    7.839740] sr 2:0:0:0: Attached scsi generic sg1 type 5
[STDERR  ] 2019-02-04T12:19:05.312229994Z: [    7.851765] sd 0:0:0:0: [sda] Attached SCSI disk
[STDERR  ] 2019-02-04T12:19:05.312272116Z: [    7.905035] tsc: Refined TSC clocksource calibration: 2599.779 MHz
[STDERR  ] 2019-02-04T12:19:05.312296769Z: [    7.906020] clocksource: tsc: mask: 0xffffffffffffffff max_cycles: 0x25796b619e5, max_idle_ns: 440795290627 ns
[STDERR  ] 2019-02-04T12:19:05.312326640Z: [    8.005330] Key type big_key registered
[STDERR  ] 2019-02-04T12:19:05.312350650Z: [    8.135014] Key type trusted registered
[STDERR  ] 2019-02-04T12:19:05.312374242Z: [    8.254778] Key type encrypted registered
[STDERR  ] 2019-02-04T12:19:05.312398760Z: [    8.255754] ima: No TPM chip found, activating TPM-bypass! (rc=-19)
[STDERR  ] 2019-02-04T12:19:05.312422782Z: [    8.256793] ima: Allocated hash algorithm: sha256
[STDERR  ] 2019-02-04T12:19:05.312446769Z: [    8.260953] evm: HMAC attrs: 0x1
[STDERR  ] 2019-02-04T12:19:05.312476440Z: [    8.268105] rtc_cmos 00:00: setting system clock to 2019-02-04 12:17:59 UTC (1549282679)
[STDERR  ] 2019-02-04T12:19:05.312511201Z: [    8.452594] Freeing unused kernel memory: 1532K
[STDERR  ] 2019-02-04T12:19:05.312535128Z: [    8.454340] Write protecting the kernel read-only data: 18432k
[STDERR  ] 2019-02-04T12:19:05.312559991Z: [    8.475774] Freeing unused kernel memory: 2024K
[STDERR  ] 2019-02-04T12:19:05.312583845Z: [    8.599100] Freeing unused kernel memory: 1132K
[STDERR  ] 2019-02-04T12:19:05.312613177Z: [    8.916951] clocksource: Switched to clocksource tsc
[STDERR  ] 2019-02-04T12:19:05.312637150Z: 
[STDERR  ] 2019-02-04T12:19:05.312661932Z: Welcome to LinuxKit
[STDERR  ] 2019-02-04T12:19:05.312691122Z: 
[STDERR  ] 2019-02-04T12:19:05.312715924Z:                         ##         .
[STDERR  ] 2019-02-04T12:19:05.312746063Z:                   ## ## ##        ==
[STDERR  ] 2019-02-04T12:19:05.312776179Z:                ## ## ## ## ##    ===
[STDERR  ] 2019-02-04T12:19:05.312800524Z:            /"""""""""""""""""\___/ ===
[STDERR  ] 2019-02-04T12:19:05.312830157Z:           {                       /  ===-
[STDERR  ] 2019-02-04T12:19:05.312854394Z:            \______ O           __/
[STDERR  ] 2019-02-04T12:19:05.312890941Z:              \    \         __/
[STDERR  ] 2019-02-04T12:19:05.312919942Z:               \____\_______/
[STDERR  ] 2019-02-04T12:19:05.312949761Z: 
[STDERR  ] 2019-02-04T12:19:05.312978709Z: Creating cryptsetup lock directory
[STDERR  ] 2019-02-04T12:19:05.313003715Z: Creating dm-crypt mapping for /dev/sda under /dev/mapper/it_is_encrypted
[STDERR  ] 2019-02-04T12:19:05.313027550Z: Device /dev/mapper/it_is_encrypted doesn't seem to contain a filesystem, creating one.
[STDERR  ] 2019-02-04T12:19:05.313057134Z: Creating filesystem with 32768 1k blocks and 8192 inodes
[STDERR  ] 2019-02-04T12:19:05.313087113Z: Filesystem UUID: 41ff8364-d7ad-4791-adec-d12172a272de
[STDERR  ] 2019-02-04T12:19:05.313111509Z: Superblock backups stored on blocks: 
[STDERR  ] 2019-02-04T12:19:05.313140284Z: 	8193, 24577
[STDERR  ] 2019-02-04T12:19:05.313164599Z: 
[STDERR  ] 2019-02-04T12:19:05.313193359Z: Allocating group tables: 0/4   done                            
[STDERR  ] 2019-02-04T12:19:05.313217950Z: Writing inode tables: 0/4   done                            
[STDERR  ] 2019-02-04T12:19:05.313241854Z: Creating journal (4096 blocks): done
[STDERR  ] 2019-02-04T12:19:05.313278629Z: Writing superblocks and filesystem accounting information: 0/4   done
[STDERR  ] 2019-02-04T12:19:05.313302860Z: 
[STDOUT  ] 2019-02-04T12:19:05.313255190Z: [    0.000000] Linux version 4.14.88-linuxkit (root@e9515dce7e93) (gcc version 6.4.0 (Alpine 6.4.0)) #1 SMP Thu Dec 13 23:53:55 UTC 2018
[STDOUT  ] 2019-02-04T12:19:05.313405820Z: [    0.000000] Command line: console=ttyS0 console=ttyAMA0
[STDOUT  ] 2019-02-04T12:19:05.313430498Z: [    0.000000] x86/fpu: x87 FPU will use FXSAVE
[STDOUT  ] 2019-02-04T12:19:05.313450271Z: [    0.000000] e820: BIOS-provided physical RAM map:
[STDOUT  ] 2019-02-04T12:19:05.313469270Z: [    0.000000] BIOS-e820: [mem 0x0000000000000000-0x000000000009fbff] usable
[STDERR  ] 2019-02-04T12:19:05.313327376Z: dd: writing '/dev/mapper/it_is_encrypted': No space left on device
[STDOUT  ] 2019-02-04T12:19:05.313493227Z: [    0.000000] BIOS-e820: [mem 0x000000000009fc00-0x000000000009ffff] reserved
[STDERR  ] 2019-02-04T12:19:05.313518384Z: 65537+0 records in
[STDERR  ] 2019-02-04T12:19:05.313549996Z: 65536+0 records out
[STDERR  ] 2019-02-04T12:19:05.313577547Z: mke2fs 1.44.2 (14-May-2018)
[STDERR  ] 2019-02-04T12:19:05.313605490Z: dm-crypt test suite PASSED
[STDERR  ] 2019-02-04T12:19:05.313625864Z: [   72.977274] sd 0:0:0:0: [sda] Synchronizing SCSI cache
[STDERR  ] 2019-02-04T12:19:05.313645983Z: [   72.978970] sd 0:0:0:0: [sda] Stopping disk
[STDERR  ] 2019-02-04T12:19:05.313667301Z: [   72.982903] ACPI: Preparing to enter system sleep state S5
[STDERR  ] 2019-02-04T12:19:05.313688556Z: [   72.984821] reboot: Power down
[STDOUT  ] 2019-02-04T12:19:05.313571424Z: [    0.000000] BIOS-e820: [mem 0x00000000000f0000-0x00000000000fffff] reserved
[STDOUT  ] 2019-02-04T12:19:05.313715776Z: [    0.000000] BIOS-e820: [mem 0x0000000000100000-0x000000003ffdefff] usable
[STDERR  ] 2019-02-04T12:19:05.313716107Z: + echo [    0.000000] Linux version 4.14.88-linuxkit (root@e9515dce7e93) (gcc version 6.4.0 (Alpine 6.4.0)) #1 SMP Thu Dec 13 23:53:55 UTC 2018
[STDERR  ] 2019-02-04T12:19:05.313763813Z: [    0.000000] Command line: console=ttyS0 console=ttyAMA0
[STDERR  ] 2019-02-04T12:19:05.313788205Z: [    0.000000] x86/fpu: x87 FPU will use FXSAVE
[STDERR  ] 2019-02-04T12:19:05.313812230Z: [    0.000000] e820: BIOS-provided physical RAM map:
[STDOUT  ] 2019-02-04T12:19:05.313845549Z: [    0.000000] BIOS-e820: [mem 0x000000003ffdf000-0x000000003fffffff] reserved
[STDOUT  ] 2019-02-04T12:19:05.313870649Z: [    0.000000] BIOS-e820: [mem 0x00000000b0000000-0x00000000bfffffff] reserved
[STDOUT  ] 2019-02-04T12:19:05.313891827Z: [    0.000000] BIOS-e820: [mem 0x00000000fed1c000-0x00000000fed1ffff] reserved
[STDOUT  ] 2019-02-04T12:19:05.313910250Z: [    0.000000] BIOS-e820: [mem 0x00000000fffc0000-0x00000000ffffffff] reserved
[STDOUT  ] 2019-02-04T12:19:05.313928791Z: [    0.000000] NX (Execute Disable) protection: active
[STDERR  ] 2019-02-04T12:19:05.313845422Z: [    0.000000] BIOS-e820: [mem 0x0000000000000000-0x000000000009fbff] usable
[STDERR  ] 2019-02-04T12:19:05.313980054Z: [    0.000000] BIOS-e820: [mem 0x000000000009fc00-0x000000000009ffff] reserved
[STDERR  ] 2019-02-04T12:19:05.314010197Z: [    0.000000] BIOS-e820: [mem 0x00000000000f0000-0x00000000000fffff] reserved
[STDERR  ] 2019-02-04T12:19:05.314035335Z: [    0.000000] BIOS-e820: [mem 0x0000000000100000-0x000000003ffdefff] usable
[STDERR  ] 2019-02-04T12:19:05.314059866Z: [    0.000000] BIOS-e820: [mem 0x000000003ffdf000-0x000000003fffffff] reserved
[STDERR  ] 2019-02-04T12:19:05.314092333Z: [    0.000000] BIOS-e820: [mem 0x00000000b0000000-0x00000000bfffffff] reserved
[STDERR  ] 2019-02-04T12:19:05.314133483Z: [    0.000000] BIOS-e820: [mem 0x00000000fed1c000-0x00000000fed1ffff] reserved
[STDERR  ] 2019-02-04T12:19:05.314158381Z: [    0.000000] BIOS-e820: [mem 0x00000000fffc0000-0x00000000ffffffff] reserved
[STDERR  ] 2019-02-04T12:19:05.314188716Z: [    0.000000] NX (Execute Disable) protection: active
[STDERR  ] 2019-02-04T12:19:05.314214473Z: [    0.000000] SMBIOS 2.8 present.
[STDERR  ] 2019-02-04T12:19:05.314240187Z: [    0.000000] DMI: QEMU Standard PC (Q35 + ICH9, 2009), BIOS rel-1.10.2-0-g5f4c7b1-prebuilt.qemu-project.org 04/01/2014
[STDERR  ] 2019-02-04T12:19:05.314310325Z: [    0.000000] tsc: Fast TSC calibration using PIT
[STDERR  ] 2019-02-04T12:19:05.314343525Z: [    0.000000] e820: last_pfn = 0x3ffdf max_arch_pfn = 0x400000000
[STDERR  ] 2019-02-04T12:19:05.314375492Z: [    0.000000] x86/PAT: Configuration [0-7]: WB  WC  UC- UC  WB  WP  UC- WT  
[STDERR  ] 2019-02-04T12:19:05.314406536Z: [    0.000000] found SMP MP-table at [mem 0x000f6aa0-0x000f6aaf] mapped at [ffffffffff200aa0]
[STDERR  ] 2019-02-04T12:19:05.314436628Z: [    0.000000] RAMDISK: [mem 0x3e0f1000-0x3ffcffff]
[STDERR  ] 2019-02-04T12:19:05.314466889Z: [    0.000000] ACPI: Early table checksum verification disabled
[STDERR  ] 2019-02-04T12:19:05.314500014Z: [    0.000000] ACPI: RSDP 0x00000000000F68C0 000014 (v00 BOCHS )
[STDERR  ] 2019-02-04T12:19:05.314524651Z: [    0.000000] ACPI: RSDT 0x000000003FFE2404 000034 (v01 BOCHS  BXPCRSDT 00000001 BXPC 00000001)
[STDERR  ] 2019-02-04T12:19:05.314557696Z: [    0.000000] ACPI: FACP 0x000000003FFE22A4 000074 (v01 BOCHS  BXPCFACP 00000001 BXPC 00000001)
[STDERR  ] 2019-02-04T12:19:05.314581836Z: [    0.000000] ACPI: DSDT 0x000000003FFE0040 002264 (v01 BOCHS  BXPCDSDT 00000001 BXPC 00000001)
[STDERR  ] 2019-02-04T12:19:05.314610685Z: [    0.000000] ACPI: FACS 0x000000003FFE0000 000040
[STDERR  ] 2019-02-04T12:19:05.314646786Z: [    0.000000] ACPI: APIC 0x000000003FFE2318 000078 (v01 BOCHS  BXPCAPIC 00000001 BXPC 00000001)
[STDERR  ] 2019-02-04T12:19:05.314677344Z: [    0.000000] ACPI: HPET 0x000000003FFE2390 000038 (v01 BOCHS  BXPCHPET 00000001 BXPC 00000001)
[STDERR  ] 2019-02-04T12:19:05.314706625Z: [    0.000000] ACPI: MCFG 0x000000003FFE23C8 00003C (v01 BOCHS  BXPCMCFG 00000001 BXPC 00000001)
[STDERR  ] 2019-02-04T12:19:05.314741710Z: [    0.000000] Zone ranges:
[STDERR  ] 2019-02-04T12:19:05.314767791Z: [    0.000000]   DMA      [mem 0x0000000000001000-0x0000000000ffffff]
[STDERR  ] 2019-02-04T12:19:05.314793234Z: [    0.000000]   DMA32    [mem 0x0000000001000000-0x000000003ffdefff]
[STDERR  ] 2019-02-04T12:19:05.314820238Z: [    0.000000]   Normal   empty
[STDERR  ] 2019-02-04T12:19:05.314847239Z: [    0.000000]   Device   empty
[STDERR  ] 2019-02-04T12:19:05.314872261Z: [    0.000000] Movable zone start for each node
[STDERR  ] 2019-02-04T12:19:05.314910601Z: [    0.000000] Early memory node ranges
[STDERR  ] 2019-02-04T12:19:05.314941232Z: [    0.000000]   node   0: [mem 0x0000000000001000-0x000000000009efff]
[STDERR  ] 2019-02-04T12:19:05.314973358Z: [    0.000000]   node   0: [mem 0x0000000000100000-0x000000003ffdefff]
[STDERR  ] 2019-02-04T12:19:05.314998058Z: [    0.000000] Initmem setup node 0 [mem 0x0000000000001000-0x000000003ffdefff]
[STDERR  ] 2019-02-04T12:19:05.315028117Z: [    0.000000] ACPI: PM-Timer IO Port: 0x608
[STDERR  ] 2019-02-04T12:19:05.315057480Z: [    0.000000] ACPI: LAPIC_NMI (acpi_id[0xff] dfl dfl lint[0x1])
[STDERR  ] 2019-02-04T12:19:05.315086826Z: [    0.000000] IOAPIC[0]: apic_id 0, version 32, address 0xfec00000, GSI 0-23
[STDERR  ] 2019-02-04T12:19:05.315115838Z: [    0.000000] ACPI: INT_SRC_OVR (bus 0 bus_irq 0 global_irq 2 dfl dfl)
[STDERR  ] 2019-02-04T12:19:05.315140854Z: [    0.000000] ACPI: INT_SRC_OVR (bus 0 bus_irq 5 global_irq 5 high level)
[STDERR  ] 2019-02-04T12:19:05.315165073Z: [    0.000000] ACPI: INT_SRC_OVR (bus 0 bus_irq 9 global_irq 9 high level)
[STDERR  ] 2019-02-04T12:19:05.315195553Z: [    0.000000] ACPI: INT_SRC_OVR (bus 0 bus_irq 10 global_irq 10 high level)
[STDERR  ] 2019-02-04T12:19:05.315225086Z: [    0.000000] ACPI: INT_SRC_OVR (bus 0 bus_irq 11 global_irq 11 high level)
[STDERR  ] 2019-02-04T12:19:05.315254343Z: [    0.000000] Using ACPI (MADT) for SMP configuration information
[STDERR  ] 2019-02-04T12:19:05.315288703Z: [    0.000000] ACPI: HPET id: 0x8086a201 base: 0xfed00000
[STDERR  ] 2019-02-04T12:19:05.315319613Z: [    0.000000] smpboot: Allowing 1 CPUs, 0 hotplug CPUs
[STDERR  ] 2019-02-04T12:19:05.315350268Z: [    0.000000] e820: [mem 0x40000000-0xafffffff] available for PCI devices
[STDERR  ] 2019-02-04T12:19:05.315380268Z: [    0.000000] Booting paravirtualized kernel on bare hardware
[STDERR  ] 2019-02-04T12:19:05.315410013Z: [    0.000000] clocksource: refined-jiffies: mask: 0xffffffff max_cycles: 0xffffffff, max_idle_ns: 1910969940391419 ns
[STDERR  ] 2019-02-04T12:19:05.315446546Z: [    0.000000] random: get_random_bytes called from start_kernel+0x92/0x4d1 with crng_init=0
[STDERR  ] 2019-02-04T12:19:05.315477810Z: [    0.000000] setup_percpu: NR_CPUS:128 nr_cpumask_bits:128 nr_cpu_ids:1 nr_node_ids:1
[STDERR  ] 2019-02-04T12:19:05.315502714Z: [    0.000000] percpu: Embedded 45 pages/cpu @ffff963c3de00000 s144216 r8192 d31912 u2097152
[STDERR  ] 2019-02-04T12:19:05.315532610Z: [    0.000000] Built 1 zonelists, mobility grouping on.  Total pages: 257896
[STDERR  ] 2019-02-04T12:19:05.315557283Z: [    0.000000] Kernel command line: console=ttyS0 console=ttyAMA0
[STDERR  ] 2019-02-04T12:19:05.315587127Z: [    0.000000] PID hash table entries: 4096 (order: 3, 32768 bytes)
[STDERR  ] 2019-02-04T12:19:05.315611878Z: [    0.000000] Dentry cache hash table entries: 131072 (order: 8, 1048576 bytes)
[STDERR  ] 2019-02-04T12:19:05.315639960Z: [    0.000000] Inode-cache hash table entries: 65536 (order: 7, 524288 bytes)
[STDERR  ] 2019-02-04T12:19:05.315664749Z: [    0.000000] Memory: 973260K/1048052K available (12300K kernel code, 1445K rwdata, 2964K rodata, 1532K init, 580K bss, 74792K reserved, 0K cma-reserved)
[STDERR  ] 2019-02-04T12:19:05.315695627Z: [    0.000000] ftrace: allocating 40620 entries in 159 pages
[STDERR  ] 2019-02-04T12:19:05.315729187Z: [    0.000000] Hierarchical RCU implementation.
[STDERR  ] 2019-02-04T12:19:05.315759629Z: [    0.000000] 	RCU restricting CPUs from NR_CPUS=128 to nr_cpu_ids=1.
[STDERR  ] 2019-02-04T12:19:05.315820362Z: [    0.000000] RCU: Adjusting geometry for rcu_fanout_leaf=16, nr_cpu_ids=1
[STDERR  ] 2019-02-04T12:19:05.315852889Z: [    0.000000] NR_IRQS: 8448, nr_irqs: 256, preallocated irqs: 16
[STDERR  ] 2019-02-04T12:19:05.315885441Z: [    0.000000] Console: colour VGA+ 80x25
[STDERR  ] 2019-02-04T12:19:05.315916527Z: [    0.000000] console [ttyS0] enabled
[STDERR  ] 2019-02-04T12:19:05.315943136Z: [    0.000000] clocksource: hpet: mask: 0xffffffff max_cycles: 0xffffffff, max_idle_ns: 19112604467 ns
[STDERR  ] 2019-02-04T12:19:05.315974370Z: [    0.003000] tsc: Fast TSC calibration using PIT
[STDERR  ] 2019-02-04T12:19:05.316004273Z: [    0.004000] tsc: Detected 2599.625 MHz processor
[STDERR  ] 2019-02-04T12:19:05.316038522Z: [    0.007304] Calibrating delay loop (skipped), value calculated using timer frequency.. 5199.25 BogoMIPS (lpj=2599625)
[STDERR  ] 2019-02-04T12:19:05.316069490Z: [    0.008134] pid_max: default: 32768 minimum: 301
[STDERR  ] 2019-02-04T12:19:05.316099932Z: [    0.009654] ACPI: Core revision 20170728
[STDERR  ] 2019-02-04T12:19:05.316125299Z: [    0.060305] ACPI: 1 ACPI AML tables successfully acquired and loaded
[STDERR  ] 2019-02-04T12:19:05.316155378Z: [    0.066502] Security Framework initialized
[STDERR  ] 2019-02-04T12:19:05.316185059Z: [    0.067333] Yama: becoming mindful.
[STDERR  ] 2019-02-04T12:19:05.316214865Z: [    0.070521] Mount-cache hash table entries: 2048 (order: 2, 16384 bytes)
[STDERR  ] 2019-02-04T12:19:05.316245738Z: [    0.071101] Mountpoint-cache hash table entries: 2048 (order: 2, 16384 bytes)
[STDERR  ] 2019-02-04T12:19:05.316287867Z: [    0.095477] Last level iTLB entries: 4KB 0, 2MB 0, 4MB 0
[STDERR  ] 2019-02-04T12:19:05.316316977Z: [    0.097106] Last level dTLB entries: 4KB 0, 2MB 0, 4MB 0, 1GB 0
[STDERR  ] 2019-02-04T12:19:05.316352967Z: [    0.098039] Spectre V2 : Spectre mitigation: LFENCE not serializing, switching to generic retpoline
[STDERR  ] 2019-02-04T12:19:05.316386350Z: [    0.098799] Spectre V2 : Mitigation: Full generic retpoline
[STDERR  ] 2019-02-04T12:19:05.316419899Z: [    0.099058] Spectre V2 : Spectre v2 / SpectreRSB mitigation: Filling RSB on context switch
[STDERR  ] 2019-02-04T12:19:05.316453918Z: [    0.100263] Speculative Store Bypass: Vulnerable
[STDERR  ] 2019-02-04T12:19:05.316486510Z: [    0.256402] random: fast init done
[STDERR  ] 2019-02-04T12:19:05.316530528Z: [    0.512000] Freeing SMP alternatives memory: 20K
[STDERR  ] 2019-02-04T12:19:05.316566571Z: [    0.537296] smpboot: Max logical packages: 1
[STDERR  ] 2019-02-04T12:19:05.316596662Z: [    0.547000] ..TIMER: vector=0x30 apic1=0 pin1=2 apic2=-1 pin2=-1
[STDERR  ] 2019-02-04T12:19:05.316626436Z: [    0.558000] smpboot: CPU0: AMD QEMU Virtual CPU version 2.5+ (family: 0x6, model: 0x6, stepping: 0x3)
[STDERR  ] 2019-02-04T12:19:05.316657160Z: [    0.566215] Performance Events: PMU not available due to virtualization, using software events only.
[STDERR  ] 2019-02-04T12:19:05.316687889Z: [    0.571818] Hierarchical SRCU implementation.
[STDERR  ] 2019-02-04T12:19:05.316714243Z: [    0.578169] NMI watchdog: Perf event create on CPU 0 failed with -2
[STDERR  ] 2019-02-04T12:19:05.316745264Z: [    0.579064] NMI watchdog: Perf NMI watchdog permanently disabled
[STDERR  ] 2019-02-04T12:19:05.316774452Z: [    0.584251] smp: Bringing up secondary CPUs ...
[STDERR  ] 2019-02-04T12:19:05.316805269Z: [    0.585175] smp: Brought up 1 node, 1 CPU
[STDERR  ] 2019-02-04T12:19:05.316830778Z: [    0.585596] smpboot: Total of 1 processors activated (5199.25 BogoMIPS)
[STDERR  ] 2019-02-04T12:19:05.316855434Z: [    0.603592] devtmpfs: initialized
[STDERR  ] 2019-02-04T12:19:05.316898112Z: [    0.609057] x86/mm: Memory block size: 128MB
[STDERR  ] 2019-02-04T12:19:05.316928926Z: [    0.616200] evm: security.ima
[STDERR  ] 2019-02-04T12:19:05.316957869Z: [    0.616535] evm: security.capability
[STDERR  ] 2019-02-04T12:19:05.316987527Z: [    0.620440] clocksource: jiffies: mask: 0xffffffff max_cycles: 0xffffffff, max_idle_ns: 1911260446275000 ns
[STDERR  ] 2019-02-04T12:19:05.317024780Z: [    0.621194] futex hash table entries: 256 (order: 2, 16384 bytes)
[STDERR  ] 2019-02-04T12:19:05.317055164Z: [    0.634694] NET: Registered protocol family 16
[STDERR  ] 2019-02-04T12:19:05.317082363Z: [    0.644117] cpuidle: using governor ladder
[STDERR  ] 2019-02-04T12:19:05.317111018Z: [    0.644704] cpuidle: using governor menu
[STDERR  ] 2019-02-04T12:19:05.317140645Z: [    0.646681] ACPI: bus type PCI registered
[STDERR  ] 2019-02-04T12:19:05.317169480Z: [    0.649791] PCI: MMCONFIG for domain 0000 [bus 00-ff] at [mem 0xb0000000-0xbfffffff] (base 0xb0000000)
[STDERR  ] 2019-02-04T12:19:05.317203399Z: [    0.652144] PCI: MMCONFIG at [mem 0xb0000000-0xbfffffff] reserved in E820
[STDERR  ] 2019-02-04T12:19:05.317230694Z: [    0.654358] PCI: Using configuration type 1 for base access
[STDERR  ] 2019-02-04T12:19:05.317260364Z: [    0.727649] HugeTLB registered 2.00 MiB page size, pre-allocated 0 pages
[STDERR  ] 2019-02-04T12:19:05.317300272Z: [    0.741175] ACPI: Added _OSI(Module Device)
[STDERR  ] 2019-02-04T12:19:05.317329957Z: [    0.741653] ACPI: Added _OSI(Processor Device)
[STDERR  ] 2019-02-04T12:19:05.317354432Z: [    0.742039] ACPI: Added _OSI(3.0 _SCP Extensions)
[STDERR  ] 2019-02-04T12:19:05.317382976Z: [    0.742428] ACPI: Added _OSI(Processor Aggregator Device)
[STDERR  ] 2019-02-04T12:19:05.317413624Z: [    0.847704] ACPI: Interpreter enabled
[STDERR  ] 2019-02-04T12:19:05.317443151Z: [    0.848621] ACPI: (supports S0 S5)
[STDERR  ] 2019-02-04T12:19:05.317473709Z: [    0.849096] ACPI: Using IOAPIC for interrupt routing
[STDERR  ] 2019-02-04T12:19:05.317504401Z: [    0.851727] PCI: Using host bridge windows from ACPI; if necessary, use "pci=nocrs" and report a bug
[STDERR  ] 2019-02-04T12:19:05.317534558Z: [    0.857705] ACPI: Enabled 2 GPEs in block 00 to 3F
[STDERR  ] 2019-02-04T12:19:05.317559767Z: [    0.945243] ACPI: PCI Root Bridge [PCI0] (domain 0000 [bus 00-ff])
[STDERR  ] 2019-02-04T12:19:05.317589602Z: [    0.946579] acpi PNP0A08:00: _OSC: OS supports [ExtendedConfig ASPM ClockPM Segments MSI]
[STDERR  ] 2019-02-04T12:19:05.317617719Z: [    0.954272] acpi PNP0A08:00: _OSC: OS now controls [PCIeHotplug PME PCIeCapability]
[STDERR  ] 2019-02-04T12:19:05.317648668Z: [    0.959644] PCI host bridge to bus 0000:00
[STDERR  ] 2019-02-04T12:19:05.317674234Z: [    0.960278] pci_bus 0000:00: root bus resource [io  0x0000-0x0cf7 window]
[STDERR  ] 2019-02-04T12:19:05.317703366Z: [    0.961091] pci_bus 0000:00: root bus resource [io  0x0d00-0xffff window]
[STDERR  ] 2019-02-04T12:19:05.317755629Z: [    0.961702] pci_bus 0000:00: root bus resource [mem 0x000a0000-0x000bffff window]
[STDERR  ] 2019-02-04T12:19:05.317786332Z: [    0.962066] pci_bus 0000:00: root bus resource [mem 0xc0000000-0xfebfffff window]
[STDERR  ] 2019-02-04T12:19:05.317811218Z: [    0.963179] pci_bus 0000:00: root bus resource [bus 00-ff]
[STDERR  ] 2019-02-04T12:19:05.317836716Z: [    1.027000] pci 0000:00:1f.0: quirk: [io  0x0600-0x067f] claimed by ICH6 ACPI/GPIO/TCO
[STDERR  ] 2019-02-04T12:19:05.317861267Z: [    1.077757] ACPI: PCI Interrupt Link [LNKA] (IRQs 5 *10 11)
[STDERR  ] 2019-02-04T12:19:05.317891828Z: [    1.080673] ACPI: PCI Interrupt Link [LNKB] (IRQs 5 *10 11)
[STDERR  ] 2019-02-04T12:19:05.317921599Z: [    1.084427] ACPI: PCI Interrupt Link [LNKC] (IRQs 5 10 *11)
[STDERR  ] 2019-02-04T12:19:05.317946635Z: [    1.087365] ACPI: PCI Interrupt Link [LNKD] (IRQs 5 10 *11)
[STDERR  ] 2019-02-04T12:19:05.317973045Z: [    1.090112] ACPI: PCI Interrupt Link [LNKE] (IRQs 5 *10 11)
[STDERR  ] 2019-02-04T12:19:05.318002365Z: [    1.092341] ACPI: PCI Interrupt Link [LNKF] (IRQs 5 *10 11)
[STDERR  ] 2019-02-04T12:19:05.318026671Z: [    1.094587] ACPI: PCI Interrupt Link [LNKG] (IRQs 5 10 *11)
[STDERR  ] 2019-02-04T12:19:05.318051375Z: [    1.096762] ACPI: PCI Interrupt Link [LNKH] (IRQs 5 10 *11)
[STDERR  ] 2019-02-04T12:19:05.318087153Z: [    1.097878] ACPI: PCI Interrupt Link [GSIA] (IRQs *16)
[STDERR  ] 2019-02-04T12:19:05.318112466Z: [    1.098360] ACPI: PCI Interrupt Link [GSIB] (IRQs *17)
[STDERR  ] 2019-02-04T12:19:05.318151047Z: [    1.099323] ACPI: PCI Interrupt Link [GSIC] (IRQs *18)
[STDERR  ] 2019-02-04T12:19:05.318175126Z: [    1.100326] ACPI: PCI Interrupt Link [GSID] (IRQs *19)
[STDERR  ] 2019-02-04T12:19:05.318206955Z: [    1.101320] ACPI: PCI Interrupt Link [GSIE] (IRQs *20)
[STDERR  ] 2019-02-04T12:19:05.318233126Z: [    1.102192] ACPI: PCI Interrupt Link [GSIF] (IRQs *21)
[STDERR  ] 2019-02-04T12:19:05.318291589Z: [    1.102894] ACPI: PCI Interrupt Link [GSIG] (IRQs *22)
[STDERR  ] 2019-02-04T12:19:05.318316809Z: [    1.103288] ACPI: PCI Interrupt Link [GSIH] (IRQs *23)
[STDERR  ] 2019-02-04T12:19:05.318349633Z: [    1.113270] SCSI subsystem initialized
[STDERR  ] 2019-02-04T12:19:05.318383052Z: [    1.116599] ACPI: bus type USB registered
[STDERR  ] 2019-02-04T12:19:05.318414940Z: [    1.117729] usbcore: registered new interface driver usbfs
[STDOUT  ] 2019-02-04T12:19:05.313947328Z: [    0.000000] SMBIOS 2.8 present.
[STDERR  ] 2019-02-04T12:19:05.318446503Z: [    1.119208] usbcore: registered new interface driver hub
[STDERR  ] 2019-02-04T12:19:05.318478781Z: [    1.120159] usbcore: registered new device driver usb
[STDOUT  ] 2019-02-04T12:19:05.318497829Z: [    0.000000] DMI: QEMU Standard PC (Q35 + ICH9, 2009), BIOS rel-1.10.2-0-g5f4c7b1-prebuilt.qemu-project.org 04/01/2014
[STDERR  ] 2019-02-04T12:19:05.318509604Z: [    1.121433] pps_core: LinuxPPS API ver. 1 registered
[STDERR  ] 2019-02-04T12:19:05.318536943Z: [    1.122046] pps_core: Software ver. 5.3.6 - Copyright 2005-2007 Rodolfo Giometti <giometti@linux.it>
[STDERR  ] 2019-02-04T12:19:05.318560591Z: [    1.123200] PTP clock support registered
[STDERR  ] 2019-02-04T12:19:05.318584951Z: [    1.126247] PCI: Using ACPI for IRQ routing
[STDERR  ] 2019-02-04T12:19:05.318612625Z: [    1.148825] NetLabel: Initializing
[STDOUT  ] 2019-02-04T12:19:05.318641676Z: [    0.000000] tsc: Fast TSC calibration using PIT
[STDERR  ] 2019-02-04T12:19:05.318637762Z: [    1.149049] NetLabel:  domain hash size = 128
[STDOUT  ] 2019-02-04T12:19:05.318662568Z: [    0.000000] e820: last_pfn = 0x3ffdf max_arch_pfn = 0x400000000
[STDERR  ] 2019-02-04T12:19:05.318670049Z: [    1.150032] NetLabel:  protocols = UNLABELED CIPSOv4 CALIPSO
[STDOUT  ] 2019-02-04T12:19:05.318680079Z: [    0.000000] x86/PAT: Configuration [0-7]: WB  WC  UC- UC  WB  WP  UC- WT  
[STDERR  ] 2019-02-04T12:19:05.318695963Z: [    1.152747] NetLabel:  unlabeled traffic allowed by default
[STDOUT  ] 2019-02-04T12:19:05.318695474Z: [    0.000000] found SMP MP-table at [mem 0x000f6aa0-0x000f6aaf] mapped at [ffffffffff200aa0]
[STDERR  ] 2019-02-04T12:19:05.318721223Z: [    1.154187] HPET: 3 timers in total, 0 timers will be used for per-cpu timer
[STDERR  ] 2019-02-04T12:19:05.318748322Z: [    1.155210] hpet0: at MMIO 0xfed00000, IRQs 2, 8, 0
[STDERR  ] 2019-02-04T12:19:05.318772317Z: [    1.155678] hpet0: 3 comparators, 64-bit 100.000000 MHz counter
[STDERR  ] 2019-02-04T12:19:05.318797260Z: [    1.161624] clocksource: Switched to clocksource hpet
[STDERR  ] 2019-02-04T12:19:05.318821364Z: [    1.533852] VFS: Disk quotas dquot_6.6.0
[STDERR  ] 2019-02-04T12:19:05.318853277Z: [    1.534986] VFS: Dquot-cache hash table entries: 512 (order 0, 4096 bytes)
[STDOUT  ] 2019-02-04T12:19:05.318740324Z: [    0.000000] RAMDISK: [mem 0x3e0f1000-0x3ffcffff]
[STDERR  ] 2019-02-04T12:19:05.318891871Z: [    1.538842] FS-Cache: Loaded
[STDERR  ] 2019-02-04T12:19:05.318923937Z: [    1.546405] CacheFiles: Loaded
[STDERR  ] 2019-02-04T12:19:05.318954940Z: [    1.547770] pnp: PnP ACPI init
[STDERR  ] 2019-02-04T12:19:05.318985882Z: [    1.561967] pnp: PnP ACPI: found 5 devices
[STDERR  ] 2019-02-04T12:19:05.319016631Z: [    1.614293] clocksource: acpi_pm: mask: 0xffffff max_cycles: 0xffffff, max_idle_ns: 2085701024 ns
[STDERR  ] 2019-02-04T12:19:05.319042419Z: [    1.617831] NET: Registered protocol family 2
[STDERR  ] 2019-02-04T12:19:05.319076837Z: [    1.629244] TCP established hash table entries: 8192 (order: 4, 65536 bytes)
[STDERR  ] 2019-02-04T12:19:05.319107751Z: [    1.630280] TCP bind hash table entries: 8192 (order: 5, 131072 bytes)
[STDOUT  ] 2019-02-04T12:19:05.319159686Z: [    0.000000] ACPI: Early table checksum verification disabled
[STDOUT  ] 2019-02-04T12:19:05.319210123Z: [    0.000000] ACPI: RSDP 0x00000000000F68C0 000014 (v00 BOCHS )
[STDOUT  ] 2019-02-04T12:19:05.319228766Z: [    0.000000] ACPI: RSDT 0x000000003FFE2404 000034 (v01 BOCHS  BXPCRSDT 00000001 BXPC 00000001)
[STDOUT  ] 2019-02-04T12:19:05.319244540Z: [    0.000000] ACPI: FACP 0x000000003FFE22A4 000074 (v01 BOCHS  BXPCFACP 00000001 BXPC 00000001)
[STDOUT  ] 2019-02-04T12:19:05.319259086Z: [    0.000000] ACPI: DSDT 0x000000003FFE0040 002264 (v01 BOCHS  BXPCDSDT 00000001 BXPC 00000001)
[STDOUT  ] 2019-02-04T12:19:05.319282914Z: [    0.000000] ACPI: FACS 0x000000003FFE0000 000040
[STDOUT  ] 2019-02-04T12:19:05.319297522Z: [    0.000000] ACPI: APIC 0x000000003FFE2318 000078 (v01 BOCHS  BXPCAPIC 00000001 BXPC 00000001)
[STDERR  ] 2019-02-04T12:19:05.319132111Z: [    1.632387] TCP: Hash tables configured (established 8192 bind 8192)
[STDERR  ] 2019-02-04T12:19:05.319436000Z: [    1.635938] UDP hash table entries: 512 (order: 2, 16384 bytes)
[STDOUT  ] 2019-02-04T12:19:05.319313131Z: [    0.000000] ACPI: HPET 0x000000003FFE2390 000038 (v01 BOCHS  BXPCHPET 00000001 BXPC 00000001)
[STDERR  ] 2019-02-04T12:19:05.319469337Z: [    1.637466] UDP-Lite hash table entries: 512 (order: 2, 16384 bytes)
[STDOUT  ] 2019-02-04T12:19:05.319488688Z: [    0.000000] ACPI: MCFG 0x000000003FFE23C8 00003C (v01 BOCHS  BXPCMCFG 00000001 BXPC 00000001)
[STDOUT  ] 2019-02-04T12:19:05.319589525Z: [    0.000000] Zone ranges:
[STDOUT  ] 2019-02-04T12:19:05.319605691Z: [    0.000000]   DMA      [mem 0x0000000000001000-0x0000000000ffffff]
[STDOUT  ] 2019-02-04T12:19:05.319626397Z: [    0.000000]   DMA32    [mem 0x0000000001000000-0x000000003ffdefff]
[STDOUT  ] 2019-02-04T12:19:05.319641028Z: [    0.000000]   Normal   empty
[STDOUT  ] 2019-02-04T12:19:05.319655179Z: [    0.000000]   Device   empty
[STDOUT  ] 2019-02-04T12:19:05.319669396Z: [    0.000000] Movable zone start for each node
[STDOUT  ] 2019-02-04T12:19:05.319683671Z: [    0.000000] Early memory node ranges
[STDOUT  ] 2019-02-04T12:19:05.319697954Z: [    0.000000]   node   0: [mem 0x0000000000001000-0x000000000009efff]
[STDERR  ] 2019-02-04T12:19:05.319499032Z: [    1.640885] NET: Registered protocol family 1
[STDOUT  ] 2019-02-04T12:19:05.319712623Z: [    0.000000]   node   0: [mem 0x0000000000100000-0x000000003ffdefff]
[STDOUT  ] 2019-02-04T12:19:05.319731255Z: [    0.000000] Initmem setup node 0 [mem 0x0000000000001000-0x000000003ffdefff]
[STDOUT  ] 2019-02-04T12:19:05.319754711Z: [    0.000000] ACPI: PM-Timer IO Port: 0x608
[STDOUT  ] 2019-02-04T12:19:05.319778916Z: [    0.000000] ACPI: LAPIC_NMI (acpi_id[0xff] dfl dfl lint[0x1])
[STDOUT  ] 2019-02-04T12:19:05.319795853Z: [    0.000000] IOAPIC[0]: apic_id 0, version 32, address 0xfec00000, GSI 0-23
[STDERR  ] 2019-02-04T12:19:05.319717149Z: [    1.642452] pci 0000:00:01.0: Video device with shadowed ROM at [mem 0x000c0000-0x000dffff]
[STDERR  ] 2019-02-04T12:19:05.319846225Z: [    1.651849] Trying to unpack rootfs image as initramfs...
[STDERR  ] 2019-02-04T12:19:05.319871071Z: [    6.850025] Freeing initrd memory: 31612K
[STDERR  ] 2019-02-04T12:19:05.319902240Z: [    6.886920] PCLMULQDQ-NI instructions are not detected.
[STDOUT  ] 2019-02-04T12:19:05.319962017Z: [    0.000000] ACPI: INT_SRC_OVR (bus 0 bus_irq 0 global_irq 2 dfl dfl)
[STDOUT  ] 2019-02-04T12:19:05.320008337Z: [    0.000000] ACPI: INT_SRC_OVR (bus 0 bus_irq 5 global_irq 5 high level)
[STDOUT  ] 2019-02-04T12:19:05.320025054Z: [    0.000000] ACPI: INT_SRC_OVR (bus 0 bus_irq 9 global_irq 9 high level)
[STDOUT  ] 2019-02-04T12:19:05.320040184Z: [    0.000000] ACPI: INT_SRC_OVR (bus 0 bus_irq 10 global_irq 10 high level)
[STDOUT  ] 2019-02-04T12:19:05.320055630Z: [    0.000000] ACPI: INT_SRC_OVR (bus 0 bus_irq 11 global_irq 11 high level)
[STDOUT  ] 2019-02-04T12:19:05.320070861Z: [    0.000000] Using ACPI (MADT) for SMP configuration information
[STDOUT  ] 2019-02-04T12:19:05.320087215Z: [    0.000000] ACPI: HPET id: 0x8086a201 base: 0xfed00000
[STDOUT  ] 2019-02-04T12:19:05.320123028Z: [    0.000000] smpboot: Allowing 1 CPUs, 0 hotplug CPUs
[STDOUT  ] 2019-02-04T12:19:05.320137744Z: [    0.000000] e820: [mem 0x40000000-0xafffffff] available for PCI devices
[STDOUT  ] 2019-02-04T12:19:05.320153239Z: [    0.000000] Booting paravirtualized kernel on bare hardware
[STDOUT  ] 2019-02-04T12:19:05.320172102Z: [    0.000000] clocksource: refined-jiffies: mask: 0xffffffff max_cycles: 0xffffffff, max_idle_ns: 1910969940391419 ns
[STDOUT  ] 2019-02-04T12:19:05.320193368Z: [    0.000000] random: get_random_bytes called from start_kernel+0x92/0x4d1 with crng_init=0
[STDOUT  ] 2019-02-04T12:19:05.320212940Z: [    0.000000] setup_percpu: NR_CPUS:128 nr_cpumask_bits:128 nr_cpu_ids:1 nr_node_ids:1
[STDOUT  ] 2019-02-04T12:19:05.320238039Z: [    0.000000] percpu: Embedded 45 pages/cpu @ffff963c3de00000 s144216 r8192 d31912 u2097152
[STDOUT  ] 2019-02-04T12:19:05.320252930Z: [    0.000000] Built 1 zonelists, mobility grouping on.  Total pages: 257896
[STDOUT  ] 2019-02-04T12:19:05.320279412Z: [    0.000000] Kernel command line: console=ttyS0 console=ttyAMA0
[STDOUT  ] 2019-02-04T12:19:05.320294557Z: [    0.000000] PID hash table entries: 4096 (order: 3, 32768 bytes)
[STDOUT  ] 2019-02-04T12:19:05.320309819Z: [    0.000000] Dentry cache hash table entries: 131072 (order: 8, 1048576 bytes)
[STDOUT  ] 2019-02-04T12:19:05.320324828Z: [    0.000000] Inode-cache hash table entries: 65536 (order: 7, 524288 bytes)
[STDOUT  ] 2019-02-04T12:19:05.320348047Z: [    0.000000] Memory: 973260K/1048052K available (12300K kernel code, 1445K rwdata, 2964K rodata, 1532K init, 580K bss, 74792K reserved, 0K cma-reserved)
[STDOUT  ] 2019-02-04T12:19:05.320368648Z: [    0.000000] ftrace: allocating 40620 entries in 159 pages
[STDOUT  ] 2019-02-04T12:19:05.320384259Z: [    0.000000] Hierarchical RCU implementation.
[STDOUT  ] 2019-02-04T12:19:05.320399782Z: [    0.000000] 	RCU restricting CPUs from NR_CPUS=128 to nr_cpu_ids=1.
[STDOUT  ] 2019-02-04T12:19:05.320414702Z: [    0.000000] RCU: Adjusting geometry for rcu_fanout_leaf=16, nr_cpu_ids=1
[STDOUT  ] 2019-02-04T12:19:05.320429449Z: [    0.000000] NR_IRQS: 8448, nr_irqs: 256, preallocated irqs: 16
[STDOUT  ] 2019-02-04T12:19:05.320444373Z: [    0.000000] Console: colour VGA+ 80x25
[STDOUT  ] 2019-02-04T12:19:05.320459337Z: [    0.000000] console [ttyS0] enabled
[STDOUT  ] 2019-02-04T12:19:05.320473919Z: [    0.000000] clocksource: hpet: mask: 0xffffffff max_cycles: 0xffffffff, max_idle_ns: 19112604467 ns
[STDOUT  ] 2019-02-04T12:19:05.320494372Z: [    0.003000] tsc: Fast TSC calibration using PIT
[STDOUT  ] 2019-02-04T12:19:05.320510108Z: [    0.004000] tsc: Detected 2599.625 MHz processor
[STDOUT  ] 2019-02-04T12:19:05.320524868Z: [    0.007304] Calibrating delay loop (skipped), value calculated using timer frequency.. 5199.25 BogoMIPS (lpj=2599625)
[STDOUT  ] 2019-02-04T12:19:05.320540389Z: [    0.008134] pid_max: default: 32768 minimum: 301
[STDOUT  ] 2019-02-04T12:19:05.320554857Z: [    0.009654] ACPI: Core revision 20170728
[STDOUT  ] 2019-02-04T12:19:05.320569665Z: [    0.060305] ACPI: 1 ACPI AML tables successfully acquired and loaded
[STDOUT  ] 2019-02-04T12:19:05.320584439Z: [    0.066502] Security Framework initialized
[STDOUT  ] 2019-02-04T12:19:05.320599476Z: [    0.067333] Yama: becoming mindful.
[STDOUT  ] 2019-02-04T12:19:05.320614259Z: [    0.070521] Mount-cache hash table entries: 2048 (order: 2, 16384 bytes)
[STDOUT  ] 2019-02-04T12:19:05.320632512Z: [    0.071101] Mountpoint-cache hash table entries: 2048 (order: 2, 16384 bytes)
[STDOUT  ] 2019-02-04T12:19:05.320646951Z: [    0.095477] Last level iTLB entries: 4KB 0, 2MB 0, 4MB 0
[STDOUT  ] 2019-02-04T12:19:05.320735014Z: [    0.097106] Last level dTLB entries: 4KB 0, 2MB 0, 4MB 0, 1GB 0
[STDOUT  ] 2019-02-04T12:19:05.320749809Z: [    0.098039] Spectre V2 : Spectre mitigation: LFENCE not serializing, switching to generic retpoline
[STDOUT  ] 2019-02-04T12:19:05.320764511Z: [    0.098799] Spectre V2 : Mitigation: Full generic retpoline
[STDOUT  ] 2019-02-04T12:19:05.320784409Z: [    0.099058] Spectre V2 : Spectre v2 / SpectreRSB mitigation: Filling RSB on context switch
[STDOUT  ] 2019-02-04T12:19:05.320799363Z: [    0.100263] Speculative Store Bypass: Vulnerable
[STDOUT  ] 2019-02-04T12:19:05.320814318Z: [    0.256402] random: fast init done
[STDOUT  ] 2019-02-04T12:19:05.320828898Z: [    0.512000] Freeing SMP alternatives memory: 20K
[STDOUT  ] 2019-02-04T12:19:05.320843134Z: [    0.537296] smpboot: Max logical packages: 1
[STDOUT  ] 2019-02-04T12:19:05.320857239Z: [    0.547000] ..TIMER: vector=0x30 apic1=0 pin1=2 apic2=-1 pin2=-1
[STDOUT  ] 2019-02-04T12:19:05.320871445Z: [    0.558000] smpboot: CPU0: AMD QEMU Virtual CPU version 2.5+ (family: 0x6, model: 0x6, stepping: 0x3)
[STDOUT  ] 2019-02-04T12:19:05.320888484Z: [    0.566215] Performance Events: PMU not available due to virtualization, using software events only.
[STDOUT  ] 2019-02-04T12:19:05.320903039Z: [    0.571818] Hierarchical SRCU implementation.
[STDOUT  ] 2019-02-04T12:19:05.320917596Z: [    0.578169] NMI watchdog: Perf event create on CPU 0 failed with -2
[STDOUT  ] 2019-02-04T12:19:05.320933217Z: [    0.579064] NMI watchdog: Perf NMI watchdog permanently disabled
[STDOUT  ] 2019-02-04T12:19:05.320947554Z: [    0.584251] smp: Bringing up secondary CPUs ...
[STDOUT  ] 2019-02-04T12:19:05.320961940Z: [    0.585175] smp: Brought up 1 node, 1 CPU
[STDOUT  ] 2019-02-04T12:19:05.320976854Z: [    0.585596] smpboot: Total of 1 processors activated (5199.25 BogoMIPS)
[STDOUT  ] 2019-02-04T12:19:05.320991436Z: [    0.603592] devtmpfs: initialized
[STDOUT  ] 2019-02-04T12:19:05.321006050Z: [    0.609057] x86/mm: Memory block size: 128MB
[STDOUT  ] 2019-02-04T12:19:05.321023643Z: [    0.616200] evm: security.ima
[STDOUT  ] 2019-02-04T12:19:05.321038019Z: [    0.616535] evm: security.capability
[STDOUT  ] 2019-02-04T12:19:05.321052461Z: [    0.620440] clocksource: jiffies: mask: 0xffffffff max_cycles: 0xffffffff, max_idle_ns: 1911260446275000 ns
[STDOUT  ] 2019-02-04T12:19:05.321066871Z: [    0.621194] futex hash table entries: 256 (order: 2, 16384 bytes)
[STDOUT  ] 2019-02-04T12:19:05.321081327Z: [    0.634694] NET: Registered protocol family 16
[STDOUT  ] 2019-02-04T12:19:05.321095945Z: [    0.644117] cpuidle: using governor ladder
[STDOUT  ] 2019-02-04T12:19:05.321114340Z: [    0.644704] cpuidle: using governor menu
[STDOUT  ] 2019-02-04T12:19:05.321128516Z: [    0.646681] ACPI: bus type PCI registered
[STDOUT  ] 2019-02-04T12:19:05.321142907Z: [    0.649791] PCI: MMCONFIG for domain 0000 [bus 00-ff] at [mem 0xb0000000-0xbfffffff] (base 0xb0000000)
[STDOUT  ] 2019-02-04T12:19:05.321163091Z: [    0.652144] PCI: MMCONFIG at [mem 0xb0000000-0xbfffffff] reserved in E820
[STDOUT  ] 2019-02-04T12:19:05.321177478Z: [    0.654358] PCI: Using configuration type 1 for base access
[STDOUT  ] 2019-02-04T12:19:05.321192242Z: [    0.727649] HugeTLB registered 2.00 MiB page size, pre-allocated 0 pages
[STDOUT  ] 2019-02-04T12:19:05.321206411Z: [    0.741175] ACPI: Added _OSI(Module Device)
[STDOUT  ] 2019-02-04T12:19:05.321220874Z: [    0.741653] ACPI: Added _OSI(Processor Device)
[STDOUT  ] 2019-02-04T12:19:05.321235342Z: [    0.742039] ACPI: Added _OSI(3.0 _SCP Extensions)
[STDOUT  ] 2019-02-04T12:19:05.321249761Z: [    0.742428] ACPI: Added _OSI(Processor Aggregator Device)
[STDOUT  ] 2019-02-04T12:19:05.321310924Z: [    0.847704] ACPI: Interpreter enabled
[STDOUT  ] 2019-02-04T12:19:05.321326371Z: [    0.848621] ACPI: (supports S0 S5)
[STDOUT  ] 2019-02-04T12:19:05.321340703Z: [    0.849096] ACPI: Using IOAPIC for interrupt routing
[STDOUT  ] 2019-02-04T12:19:05.321355302Z: [    0.851727] PCI: Using host bridge windows from ACPI; if necessary, use "pci=nocrs" and report a bug
[STDOUT  ] 2019-02-04T12:19:05.321370290Z: [    0.857705] ACPI: Enabled 2 GPEs in block 00 to 3F
[STDOUT  ] 2019-02-04T12:19:05.321384606Z: [    0.945243] ACPI: PCI Root Bridge [PCI0] (domain 0000 [bus 00-ff])
[STDOUT  ] 2019-02-04T12:19:05.321399545Z: [    0.946579] acpi PNP0A08:00: _OSC: OS supports [ExtendedConfig ASPM ClockPM Segments MSI]
[STDOUT  ] 2019-02-04T12:19:05.321418248Z: [    0.954272] acpi PNP0A08:00: _OSC: OS now controls [PCIeHotplug PME PCIeCapability]
[STDOUT  ] 2019-02-04T12:19:05.321432836Z: [    0.959644] PCI host bridge to bus 0000:00
[STDOUT  ] 2019-02-04T12:19:05.321447365Z: [    0.960278] pci_bus 0000:00: root bus resource [io  0x0000-0x0cf7 window]
[STDOUT  ] 2019-02-04T12:19:05.321461645Z: [    0.961091] pci_bus 0000:00: root bus resource [io  0x0d00-0xffff window]
[STDOUT  ] 2019-02-04T12:19:05.321475946Z: [    0.961702] pci_bus 0000:00: root bus resource [mem 0x000a0000-0x000bffff window]
[STDOUT  ] 2019-02-04T12:19:05.321490399Z: [    0.962066] pci_bus 0000:00: root bus resource [mem 0xc0000000-0xfebfffff window]
[STDOUT  ] 2019-02-04T12:19:05.321504835Z: [    0.963179] pci_bus 0000:00: root bus resource [bus 00-ff]
[STDOUT  ] 2019-02-04T12:19:05.321519527Z: [    1.027000] pci 0000:00:1f.0: quirk: [io  0x0600-0x067f] claimed by ICH6 ACPI/GPIO/TCO
[STDOUT  ] 2019-02-04T12:19:05.321534460Z: [    1.077757] ACPI: PCI Interrupt Link [LNKA] (IRQs 5 *10 11)
[STDOUT  ] 2019-02-04T12:19:05.321549177Z: [    1.080673] ACPI: PCI Interrupt Link [LNKB] (IRQs 5 *10 11)
[STDOUT  ] 2019-02-04T12:19:05.321563645Z: [    1.084427] ACPI: PCI Interrupt Link [LNKC] (IRQs 5 10 *11)
[STDOUT  ] 2019-02-04T12:19:05.321577842Z: [    1.087365] ACPI: PCI Interrupt Link [LNKD] (IRQs 5 10 *11)
[STDOUT  ] 2019-02-04T12:19:05.321591753Z: [    1.090112] ACPI: PCI Interrupt Link [LNKE] (IRQs 5 *10 11)
[STDOUT  ] 2019-02-04T12:19:05.321606171Z: [    1.092341] ACPI: PCI Interrupt Link [LNKF] (IRQs 5 *10 11)
[STDOUT  ] 2019-02-04T12:19:05.321620645Z: [    1.094587] ACPI: PCI Interrupt Link [LNKG] (IRQs 5 10 *11)
[STDOUT  ] 2019-02-04T12:19:05.321634821Z: [    1.096762] ACPI: PCI Interrupt Link [LNKH] (IRQs 5 10 *11)
[STDOUT  ] 2019-02-04T12:19:05.321649002Z: [    1.097878] ACPI: PCI Interrupt Link [GSIA] (IRQs *16)
[STDOUT  ] 2019-02-04T12:19:05.321669039Z: [    1.098360] ACPI: PCI Interrupt Link [GSIB] (IRQs *17)
[STDOUT  ] 2019-02-04T12:19:05.321683561Z: [    1.099323] ACPI: PCI Interrupt Link [GSIC] (IRQs *18)
[STDOUT  ] 2019-02-04T12:19:05.321697726Z: [    1.100326] ACPI: PCI Interrupt Link [GSID] (IRQs *19)
[STDOUT  ] 2019-02-04T12:19:05.321712355Z: [    1.101320] ACPI: PCI Interrupt Link [GSIE] (IRQs *20)
[STDOUT  ] 2019-02-04T12:19:05.321726763Z: [    1.102192] ACPI: PCI Interrupt Link [GSIF] (IRQs *21)
[STDOUT  ] 2019-02-04T12:19:05.321740983Z: [    1.102894] ACPI: PCI Interrupt Link [GSIG] (IRQs *22)
[STDOUT  ] 2019-02-04T12:19:05.321762936Z: [    1.103288] ACPI: PCI Interrupt Link [GSIH] (IRQs *23)
[STDOUT  ] 2019-02-04T12:19:05.321777302Z: [    1.113270] SCSI subsystem initialized
[STDOUT  ] 2019-02-04T12:19:05.321791800Z: [    1.116599] ACPI: bus type USB registered
[STDOUT  ] 2019-02-04T12:19:05.321806080Z: [    1.117729] usbcore: registered new interface driver usbfs
[STDOUT  ] 2019-02-04T12:19:05.321820461Z: [    1.119208] usbcore: registered new interface driver hub
[STDOUT  ] 2019-02-04T12:19:05.321834618Z: [    1.120159] usbcore: registered new device driver usb
[STDOUT  ] 2019-02-04T12:19:05.321848925Z: [    1.121433] pps_core: LinuxPPS API ver. 1 registered
[STDOUT  ] 2019-02-04T12:19:05.321863111Z: [    1.122046] pps_core: Software ver. 5.3.6 - Copyright 2005-2007 Rodolfo Giometti <giometti@linux.it>
[STDOUT  ] 2019-02-04T12:19:05.321877697Z: [    1.123200] PTP clock support registered
[STDOUT  ] 2019-02-04T12:19:05.321892194Z: [    1.126247] PCI: Using ACPI for IRQ routing
[STDOUT  ] 2019-02-04T12:19:05.321906623Z: [    1.148825] NetLabel: Initializing
[STDOUT  ] 2019-02-04T12:19:05.321920962Z: [    1.149049] NetLabel:  domain hash size = 128
[STDOUT  ] 2019-02-04T12:19:05.321935491Z: [    1.150032] NetLabel:  protocols = UNLABELED CIPSOv4 CALIPSO
[STDOUT  ] 2019-02-04T12:19:05.321950171Z: [    1.152747] NetLabel:  unlabeled traffic allowed by default
[STDOUT  ] 2019-02-04T12:19:05.321964405Z: [    1.154187] HPET: 3 timers in total, 0 timers will be used for per-cpu timer
[STDOUT  ] 2019-02-04T12:19:05.321978788Z: [    1.155210] hpet0: at MMIO 0xfed00000, IRQs 2, 8, 0
[STDOUT  ] 2019-02-04T12:19:05.321997605Z: [    1.155678] hpet0: 3 comparators, 64-bit 100.000000 MHz counter
[STDOUT  ] 2019-02-04T12:19:05.322015728Z: [    1.161624] clocksource: Switched to clocksource hpet
[STDOUT  ] 2019-02-04T12:19:05.322033218Z: [    1.533852] VFS: Disk quotas dquot_6.6.0
[STDOUT  ] 2019-02-04T12:19:05.322047468Z: [    1.534986] VFS: Dquot-cache hash table entries: 512 (order 0, 4096 bytes)
[STDOUT  ] 2019-02-04T12:19:05.322061948Z: [    1.538842] FS-Cache: Loaded
[STDOUT  ] 2019-02-04T12:19:05.322076677Z: [    1.546405] CacheFiles: Loaded
[STDOUT  ] 2019-02-04T12:19:05.322091016Z: [    1.547770] pnp: PnP ACPI init
[STDOUT  ] 2019-02-04T12:19:05.322105377Z: [    1.561967] pnp: PnP ACPI: found 5 devices
[STDOUT  ] 2019-02-04T12:19:05.322119813Z: [    1.614293] clocksource: acpi_pm: mask: 0xffffff max_cycles: 0xffffff, max_idle_ns: 2085701024 ns
[STDOUT  ] 2019-02-04T12:19:05.322134228Z: [    1.617831] NET: Registered protocol family 2
[STDOUT  ] 2019-02-04T12:19:05.322148531Z: [    1.629244] TCP established hash table entries: 8192 (order: 4, 65536 bytes)
[STDOUT  ] 2019-02-04T12:19:05.322164618Z: [    1.630280] TCP bind hash table entries: 8192 (order: 5, 131072 bytes)
[STDOUT  ] 2019-02-04T12:19:05.322179041Z: [    1.632387] TCP: Hash tables configured (established 8192 bind 8192)
[STDOUT  ] 2019-02-04T12:19:05.322193456Z: [    1.635938] UDP hash table entries: 512 (order: 2, 16384 bytes)
[STDOUT  ] 2019-02-04T12:19:05.322207730Z: [    1.637466] UDP-Lite hash table entries: 512 (order: 2, 16384 bytes)
[STDOUT  ] 2019-02-04T12:19:05.322224064Z: [    1.640885] NET: Registered protocol family 1
[STDOUT  ] 2019-02-04T12:19:05.322238662Z: [    1.642452] pci 0000:00:01.0: Video device with shadowed ROM at [mem 0x000c0000-0x000dffff]
[STDOUT  ] 2019-02-04T12:19:05.322316053Z: [    1.651849] Trying to unpack rootfs image as initramfs...
[STDOUT  ] 2019-02-04T12:19:05.322346578Z: [    6.850025] Freeing initrd memory: 31612K
[STDOUT  ] 2019-02-04T12:19:05.322365687Z: [    6.886920] PCLMULQDQ-NI instructions are not detected.
[STDOUT  ] 2019-02-04T12:19:05.322380531Z: [    6.890006] AVX or AES-NI instructions are not detected.
[STDOUT  ] 2019-02-04T12:19:05.322395178Z: [    6.891522] CPU feature 'AVX registers' is not supported.
[STDOUT  ] 2019-02-04T12:19:05.322410147Z: [    6.892392] CPU feature 'AVX registers' is not supported.
[STDOUT  ] 2019-02-04T12:19:05.322425298Z: [    6.893415] CPU feature 'AVX registers' is not supported.
[STDOUT  ] 2019-02-04T12:19:05.322447504Z: [    6.894023] CPU feature 'AVX registers' is not supported.
[STDERR  ] 2019-02-04T12:19:05.319930112Z: [    6.890006] AVX or AES-NI instructions are not detected.
[STDOUT  ] 2019-02-04T12:19:05.322467785Z: [    6.894702] AVX2 or AES-NI instructions are not detected.
[STDOUT  ] 2019-02-04T12:19:05.322567914Z: [    6.895344] AVX2 instructions are not detected.
[STDOUT  ] 2019-02-04T12:19:05.322584618Z: [    6.902858] audit: initializing netlink subsys (disabled)
[STDOUT  ] 2019-02-04T12:19:05.322599134Z: [    6.908580] audit: type=2000 audit(1549282677.904:1): state=initialized audit_enabled=0 res=1
[STDOUT  ] 2019-02-04T12:19:05.322614372Z: [    6.912064] workingset: timestamp_bits=46 max_order=18 bucket_order=0
[STDOUT  ] 2019-02-04T12:19:05.322628982Z: [    6.919743] squashfs: version 4.0 (2009/01/31) Phillip Lougher
[STDOUT  ] 2019-02-04T12:19:05.322644077Z: [    6.922643] FS-Cache: Netfs 'cifs' registered for caching
[STDOUT  ] 2019-02-04T12:19:05.322666229Z: [    6.923740] fuse init (API version 7.26)
[STDOUT  ] 2019-02-04T12:19:05.322682816Z: [    6.926536] SGI XFS with ACLs, security attributes, no debug enabled
[STDOUT  ] 2019-02-04T12:19:05.322698152Z: [    6.931344] 9p: Installing v9fs 9p2000 file system support
[STDERR  ] 2019-02-04T12:19:05.322494002Z: [    6.891522] CPU feature 'AVX registers' is not supported.
[STDERR  ] 2019-02-04T12:19:05.322742121Z: [    6.892392] CPU feature 'AVX registers' is not supported.
[STDERR  ] 2019-02-04T12:19:05.322792221Z: [    6.893415] CPU feature 'AVX registers' is not supported.
[STDERR  ] 2019-02-04T12:19:05.322814477Z: [    6.894023] CPU feature 'AVX registers' is not supported.
[STDOUT  ] 2019-02-04T12:19:05.322712666Z: [    6.931921] FS-Cache: Netfs '9p' registered for caching
[STDOUT  ] 2019-02-04T12:19:05.322882247Z: [    6.990835] NET: Registered protocol family 38
[STDOUT  ] 2019-02-04T12:19:05.322918050Z: [    6.991893] Key type asymmetric registered
[STDOUT  ] 2019-02-04T12:19:05.322933254Z: [    6.993754] Asymmetric key parser 'x509' registered
[STDOUT  ] 2019-02-04T12:19:05.322949329Z: [    6.995396] Block layer SCSI generic (bsg) driver version 0.4 loaded (major 247)
[STDOUT  ] 2019-02-04T12:19:05.322964944Z: [    6.997067] io scheduler noop registered
[STDOUT  ] 2019-02-04T12:19:05.322980019Z: [    6.997784] io scheduler deadline registered (default)
[STDOUT  ] 2019-02-04T12:19:05.322994907Z: [    6.999490] io scheduler cfq registered
[STDOUT  ] 2019-02-04T12:19:05.323009313Z: [    6.999954] io scheduler mq-deadline registered
[STDERR  ] 2019-02-04T12:19:05.322835184Z: [    6.894702] AVX2 or AES-NI instructions are not detected.
[STDERR  ] 2019-02-04T12:19:05.323049848Z: [    6.895344] AVX2 instructions are not detected.
[STDERR  ] 2019-02-04T12:19:05.323088271Z: [    6.902858] audit: initializing netlink subsys (disabled)
[STDERR  ] 2019-02-04T12:19:05.323109872Z: [    6.908580] audit: type=2000 audit(1549282677.904:1): state=initialized audit_enabled=0 res=1
[STDOUT  ] 2019-02-04T12:19:05.323025610Z: [    7.000679] io scheduler kyber registered
[PASS    ] linuxkit.packages.dm-crypt.key 98.15s
[STDERR  ] 2019-02-04T12:19:05.323131599Z: [    6.912064] workingset: timestamp_bits=46 max_order=18 bucket_order=0
[STDOUT  ] 2019-02-04T12:19:05.323142896Z: [    7.004879] shpchp: Standard Hot Plug PCI Controller Driver version: 0.4
[STDERR  ] 2019-02-04T12:19:05.323181509Z: [    6.91974
