[INFO    ] 2019-03-02T12:25:57.489950453Z: Running Test linuxkit.packages.dm-crypt.luks in /tmp/with_clone38920008/test/cases/040_packages/004_dm-crypt/001_luks
[INFO    ] 2019-03-02T12:25:57.490407627Z: Running command: [/bin/sh -x /tmp/with_clone38920008/test/cases/040_packages/004_dm-crypt/001_luks/test.sh]
[STDERR  ] 2019-03-02T12:25:57.490614972Z: [    0.000000] Dentry cache hash table entries: 131072 (order: 8, 1048576 bytes)
[STDERR  ] 2019-03-02T12:25:57.490689146Z: [    0.000000] Inode-cache hash table entries: 65536 (order: 7, 524288 bytes)
[STDERR  ] 2019-03-02T12:25:57.490729127Z: [    0.000000] Memory: 973260K/1048052K available (12300K kernel code, 1445K rwdata, 2964K rodata, 1532K init, 580K bss, 74792K reserved, 0K cma-reserved)
[STDERR  ] 2019-03-02T12:25:57.490755584Z: [    0.000000] ftrace: allocating 40620 entries in 159 pages
[STDERR  ] 2019-03-02T12:25:57.490777124Z: [    0.000000] Hierarchical RCU implementation.
[STDERR  ] 2019-03-02T12:25:57.490798195Z: [    0.000000] 	RCU restricting CPUs from NR_CPUS=128 to nr_cpu_ids=1.
[STDERR  ] 2019-03-02T12:25:57.490823117Z: [    0.000000] RCU: Adjusting geometry for r
[STDERR  ] 2019-03-02T12:25:57.491897812Z: + set -e
[STDERR  ] 2019-03-02T12:25:57.492008589Z: + . /tmp/with_clone38920008/test/cases/_lib/lib.sh
[STDERR  ] 2019-03-02T12:25:57.492037834Z: + [ -f src/github.com/linuxkit/rtf/lib/lib.sh ]
[STDERR  ] 2019-03-02T12:25:57.492084423Z: + LINUXKIT_TMPDIR=/tmp/with_clone38920008/test/cases/_tmp
[STDERR  ] 2019-03-02T12:25:57.492116149Z: + [ -f /tmp/with_clone38920008/test/cases/_tmp/env.sh ]
[STDERR  ] 2019-03-02T12:25:57.492148578Z: + . /tmp/with_clone38920008/test/cases/_tmp/env.sh
[STDERR  ] 2019-03-02T12:25:57.492179727Z: + export LINUXKIT_EXAMPLES_DIR=/tmp/with_clone38920008/test/cases/../../examples
[STDERR  ] 2019-03-02T12:25:57.492412996Z: + RT_CANCEL=253
[STDERR  ] 2019-03-02T12:25:57.492443943Z: + NAME=dm-crypt
[STDERR  ] 2019-03-02T12:25:57.492469056Z: + DISK=disk.img
[STDERR  ] 2019-03-02T12:25:57.492657280Z: + trap clean_up EXIT
[STDERR  ] 2019-03-02T12:25:57.492678386Z: + linuxkit build -format kernel+initrd -name dm-crypt test.yml
[STDERR  ] 2019-03-02T12:25:57.547768677Z: Extract kernel image: linuxkit/kernel:4.14.88
[STDERR  ] 2019-03-02T12:26:02.783477405Z: Add init containers:
[STDERR  ] 2019-03-02T12:26:02.785950156Z: Process init image: linuxkit/init:c563953a2277eb73a89d89f70e4b6dcdcfebc2d1
[STDERR  ] 2019-03-02T12:26:04.567566830Z: Process init image: linuxkit/runc:83d0edb4552b1a5df1f0976f05f442829eac38fe
[STDERR  ] 2019-03-02T12:26:06.231726204Z: Add onboot containers:
[STDERR  ] 2019-03-02T12:26:06.231976161Z:   Create OCI config for linuxkit/dm-crypt:9e41a164358b0235f0c242219b1a424c6552d46c
[STDERR  ] 2019-03-02T12:26:07.832288579Z:   Create OCI config for alpine:3.8
[STDERR  ] 2019-03-02T12:26:09.415948999Z:   Create OCI config for linuxkit/poweroff:afe8f7dd0d47a7991c54519b0f09124cb8c4e300
[STDERR  ] 2019-03-02T12:26:10.983897254Z: Add files:
[STDERR  ] 2019-03-02T12:26:10.983998975Z:   check.sh
[STDERR  ] 2019-03-02T12:26:10.984020720Z:   etc/dm-crypt/key
[STDERR  ] 2019-03-02T12:26:10.984050606Z: Create outputs:
[STDERR  ] 2019-03-02T12:26:16.692130125Z:   dm-crypt-kernel dm-crypt-initrd.img dm-crypt-cmdline
[STDERR  ] 2019-03-02T12:26:16.760327917Z: + linuxkit run -disk file=disk.img,size=8M dm-crypt
[STDERR  ] 2019-03-02T12:27:23.342881372Z: + RESULT=[    0.000000] Linux version 4.14.88-linuxkit (root@e9515dce7e93) (gcc version 6.4.0 (Alpine 6.4.0)) #1 SMP Thu Dec 13 23:53:55 UTC 2018
[STDERR  ] 2019-03-02T12:27:23.343018852Z: [    0.000000] Command line: console=ttyS0 console=ttyAMA0
[STDERR  ] 2019-03-02T12:27:23.343044254Z: [    0.000000] x86/fpu: x87 FPU will use FXSAVE
[STDERR  ] 2019-03-02T12:27:23.343066431Z: [    0.000000] e820: BIOS-provided physical RAM map:
[STDERR  ] 2019-03-02T12:27:23.343088674Z: [    0.000000] BIOS-e820: [mem 0x0000000000000000-0x000000000009fbff] usable
[STDERR  ] 2019-03-02T12:27:23.343111819Z: [    0.000000] BIOS-e820: [mem 0x000000000009fc00-0x000000000009ffff] reserved
[STDERR  ] 2019-03-02T12:27:23.343138434Z: [    0.000000] BIOS-e820: [mem 0x00000000000f0000-0x00000000000fffff] reserved
[STDERR  ] 2019-03-02T12:27:23.343182572Z: [    0.000000] BIOS-e820: [mem 0x0000000000100000-0x000000003ffdefff] usable
[STDERR  ] 2019-03-02T12:27:23.343203701Z: [    0.000000] BIOS-e820: [mem 0x000000003ffdf000-0x000000003fffffff] reserved
[STDERR  ] 2019-03-02T12:27:23.343225659Z: [    0.000000] BIOS-e820: [mem 0x00000000b0000000-0x00000000bfffffff] reserved
[STDERR  ] 2019-03-02T12:27:23.343250998Z: [    0.000000] BIOS-e820: [mem 0x00000000fed1c000-0x00000000fed1ffff] reserved
[STDERR  ] 2019-03-02T12:27:23.343291193Z: [    0.000000] BIOS-e820: [mem 0x00000000fffc0000-0x00000000ffffffff] reserved
[STDERR  ] 2019-03-02T12:27:23.343319168Z: [    0.000000] NX (Execute Disable) protection: active
[STDERR  ] 2019-03-02T12:27:23.343347804Z: [    0.000000] SMBIOS 2.8 present.
[STDERR  ] 2019-03-02T12:27:23.343369516Z: [    0.000000] DMI: QEMU Standard PC (Q35 + ICH9, 2009), BIOS rel-1.10.2-0-g5f4c7b1-prebuilt.qemu-project.org 04/01/2014
[STDERR  ] 2019-03-02T12:27:23.343392887Z: [    0.000000] tsc: Fast TSC calibration using PIT
[STDERR  ] 2019-03-02T12:27:23.343413651Z: [    0.000000] e820: last_pfn = 0x3ffdf max_arch_pfn = 0x400000000
[STDERR  ] 2019-03-02T12:27:23.343434712Z: [    0.000000] x86/PAT: Configuration [0-7]: WB  WC  UC- UC  WB  WP  UC- WT  
[STDERR  ] 2019-03-02T12:27:23.343455911Z: [    0.000000] found SMP MP-table at [mem 0x000f6aa0-0x000f6aaf] mapped at [ffffffffff200aa0]
[STDERR  ] 2019-03-02T12:27:23.343478269Z: [    0.000000] RAMDISK: [mem 0x3e0f1000-0x3ffcffff]
[STDERR  ] 2019-03-02T12:27:23.343498329Z: [    0.000000] ACPI: Early table checksum verification disabled
[STDERR  ] 2019-03-02T12:27:23.343518341Z: [    0.000000] ACPI: RSDP 0x00000000000F68C0 000014 (v00 BOCHS )
[STDERR  ] 2019-03-02T12:27:23.343538354Z: [    0.000000] ACPI: RSDT 0x000000003FFE2404 000034 (v01 BOCHS  BXPCRSDT 00000001 BXPC 00000001)
[STDERR  ] 2019-03-02T12:27:23.343565864Z: [    0.000000] ACPI: FACP 0x000000003FFE22A4 000074 (v01 BOCHS  BXPCFACP 00000001 BXPC 00000001)
[STDERR  ] 2019-03-02T12:27:23.343585646Z: [    0.000000] ACPI: DSDT 0x000000003FFE0040 002264 (v01 BOCHS  BXPCDSDT 00000001 BXPC 00000001)
[STDERR  ] 2019-03-02T12:27:23.343606156Z: [    0.000000] ACPI: FACS 0x000000003FFE0000 000040
[STDERR  ] 2019-03-02T12:27:23.343626040Z: [    0.000000] ACPI: APIC 0x000000003FFE2318 000078 (v01 BOCHS  BXPCAPIC 00000001 BXPC 00000001)
[STDERR  ] 2019-03-02T12:27:23.343645770Z: [    0.000000] ACPI: HPET 0x000000003FFE2390 000038 (v01 BOCHS  BXPCHPET 00000001 BXPC 00000001)
[STDERR  ] 2019-03-02T12:27:23.343665318Z: [    0.000000] ACPI: MCFG 0x000000003FFE23C8 00003C (v01 BOCHS  BXPCMCFG 00000001 BXPC 00000001)
[STDERR  ] 2019-03-02T12:27:23.343684653Z: [    0.000000] Zone ranges:
[STDERR  ] 2019-03-02T12:27:23.343704569Z: [    0.000000]   DMA      [mem 0x0000000000001000-0x0000000000ffffff]
[STDERR  ] 2019-03-02T12:27:23.343725670Z: [    0.000000]   DMA32    [mem 0x0000000001000000-0x000000003ffdefff]
[STDERR  ] 2019-03-02T12:27:23.343752975Z: [    0.000000]   Normal   empty
[STDERR  ] 2019-03-02T12:27:23.343780656Z: [    0.000000]   Device   empty
[STDERR  ] 2019-03-02T12:27:23.343800479Z: [    0.000000] Movable zone start for each node
[STDERR  ] 2019-03-02T12:27:23.343820488Z: [    0.000000] Early memory node ranges
[STDERR  ] 2019-03-02T12:27:23.343843053Z: [    0.000000]   node   0: [mem 0x0000000000001000-0x000000000009efff]
[STDERR  ] 2019-03-02T12:27:23.343884803Z: [    0.000000]   node   0: [mem 0x0000000000100000-0x000000003ffdefff]
[STDERR  ] 2019-03-02T12:27:23.343904773Z: [    0.000000] Initmem setup node 0 [mem 0x0000000000001000-0x000000003ffdefff]
[STDERR  ] 2019-03-02T12:27:23.343925685Z: [    0.000000] ACPI: PM-Timer IO Port: 0x608
[STDERR  ] 2019-03-02T12:27:23.343946632Z: [    0.000000] ACPI: LAPIC_NMI (acpi_id[0xff] dfl dfl lint[0x1])
[STDERR  ] 2019-03-02T12:27:23.343975937Z: [    0.000000] IOAPIC[0]: apic_id 0, version 32, address 0xfec00000, GSI 0-23
[STDERR  ] 2019-03-02T12:27:23.344012631Z: [    0.000000] ACPI: INT_SRC_OVR (bus 0 bus_irq 0 global_irq 2 dfl dfl)
[STDERR  ] 2019-03-02T12:27:23.344047969Z: [    0.000000] ACPI: INT_SRC_OVR (bus 0 bus_irq 5 global_irq 5 high level)
[STDERR  ] 2019-03-02T12:27:23.344072996Z: [    0.000000] ACPI: INT_SRC_OVR (bus 0 bus_irq 9 global_irq 9 high level)
[STDERR  ] 2019-03-02T12:27:23.344094206Z: [    0.000000] ACPI: INT_SRC_OVR (bus 0 bus_irq 10 global_irq 10 high level)
[STDERR  ] 2019-03-02T12:27:23.344116104Z: [    0.000000] ACPI: INT_SRC_OVR (bus 0 bus_irq 11 global_irq 11 high level)
[STDERR  ] 2019-03-02T12:27:23.344135916Z: [    0.000000] Using ACPI (MADT) for SMP configuration information
[STDERR  ] 2019-03-02T12:27:23.344156783Z: [    0.000000] ACPI: HPET id: 0x8086a201 base: 0xfed00000
[STDERR  ] 2019-03-02T12:27:23.344177658Z: [    0.000000] smpboot: Allowing 1 CPUs, 0 hotplug CPUs
[STDERR  ] 2019-03-02T12:27:23.344196997Z: [    0.000000] e820: [mem 0x40000000-0xafffffff] available for PCI devices
[STDERR  ] 2019-03-02T12:27:23.344219426Z: [    0.000000] Booting paravirtualized kernel on bare hardware
[STDERR  ] 2019-03-02T12:27:23.344240458Z: [    0.000000] clocksource: refined-jiffies: mask: 0xffffffff max_cycles: 0xffffffff, max_idle_ns: 1910969940391419 ns
[STDERR  ] 2019-03-02T12:27:23.344268925Z: [    0.000000] random: get_random_bytes called from start_kernel+0x92/0x4d1 with crng_init=0
[STDERR  ] 2019-03-02T12:27:23.344289430Z: [    0.000000] setup_percpu: NR_CPUS:128 nr_cpumask_bits:128 nr_cpu_ids:1 nr_node_ids:1
[STDERR  ] 2019-03-02T12:27:23.344313359Z: [    0.000000] percpu: Embedded 45 pages/cpu @ffff978f3de00000 s144216 r8192 d31912 u2097152
[STDERR  ] 2019-03-02T12:27:23.344333327Z: [    0.000000] Built 1 zonelists, mobility grouping on.  Total pages: 257896
[STDERR  ] 2019-03-02T12:27:23.344353722Z: [    0.000000] Kernel command line: console=ttyS0 console=ttyAMA0
[STDERR  ] 2019-03-02T12:27:23.344375678Z: [    0.000000] PID hash table entries: 4096 (order: 3, 32768 bytes)
[STDERR  ] 2019-03-02T12:27:23.344400290Z: [    0.000000] Dentry cache hash table entries: 131072 (order: 8, 1048576 bytes)
[STDERR  ] 2019-03-02T12:27:23.344420634Z: [    0.000000] Inode-cache hash table entries: 65536 (order: 7, 524288 bytes)
[STDERR  ] 2019-03-02T12:27:23.344440911Z: [    0.000000] Memory: 973268K/1048052K available (12300K kernel code, 1445K rwdata, 2964K rodata, 1532K init, 580K bss, 74784K reserved, 0K cma-reserved)
[STDERR  ] 2019-03-02T12:27:23.344467052Z: [    0.000000] ftrace: allocating 40620 entries in 159 pages
[STDERR  ] 2019-03-02T12:27:23.344488830Z: [    0.000000] Hierarchical RCU implementation.
[STDERR  ] 2019-03-02T12:27:23.344510233Z: [    0.000000] 	RCU restricting CPUs from NR_CPUS=128 to nr_cpu_ids=1.
[STDERR  ] 2019-03-02T12:27:23.344535354Z: [    0.000000] RCU: Adjusting geometry for rcu_fanout_leaf=16, nr_cpu_ids=1
[STDERR  ] 2019-03-02T12:27:23.344555755Z: [    0.000000] NR_IRQS: 8448, nr_irqs: 256, preallocated irqs: 16
[STDERR  ] 2019-03-02T12:27:23.344576594Z: [    0.000000] Console: colour VGA+ 80x25
[STDERR  ] 2019-03-02T12:27:23.344596311Z: [    0.000000] console [ttyS0] enabled
[STDERR  ] 2019-03-02T12:27:23.344615958Z: [    0.000000] clocksource: hpet: mask: 0xffffffff max_cycles: 0xffffffff, max_idle_ns: 19112604467 ns
[STDERR  ] 2019-03-02T12:27:23.344635410Z: [    0.003000] tsc: Fast TSC calibration using PIT
[STDERR  ] 2019-03-02T12:27:23.344662219Z: [    0.004000] tsc: Detected 2599.818 MHz processor
[STDERR  ] 2019-03-02T12:27:23.344681870Z: [    0.007395] Calibrating delay loop (skipped), value calculated using timer frequency.. 5199.63 BogoMIPS (lpj=2599818)
[STDERR  ] 2019-03-02T12:27:23.344701371Z: [    0.008127] pid_max: default: 32768 minimum: 301
[STDERR  ] 2019-03-02T12:27:23.344721074Z: [    0.009630] ACPI: Core revision 20170728
[STDERR  ] 2019-03-02T12:27:23.344747215Z: [    0.057584] ACPI: 1 ACPI AML tables successfully acquired and loaded
[STDERR  ] 2019-03-02T12:27:23.344767538Z: [    0.062586] Security Framework initialized
[STDERR  ] 2019-03-02T12:27:23.344787893Z: [    0.063164] Yama: becoming mindful.
[STDERR  ] 2019-03-02T12:27:23.344811582Z: [    0.066897] Mount-cache hash table entries: 2048 (order: 2, 16384 bytes)
[STDERR  ] 2019-03-02T12:27:23.344833169Z: [    0.067117] Mountpoint-cache hash table entries: 2048 (order: 2, 16384 bytes)
[STDERR  ] 2019-03-02T12:27:23.344852768Z: [    0.096175] Last level iTLB entries: 4KB 0, 2MB 0, 4MB 0
[STDERR  ] 2019-03-02T12:27:23.344872990Z: [    0.097115] Last level dTLB entries: 4KB 0, 2MB 0, 4MB 0, 1GB 0
[STDERR  ] 2019-03-02T12:27:23.344892476Z: [    0.099130] Spectre V2 : Spectre mitigation: LFENCE not serializing, switching to generic retpoline
[STDERR  ] 2019-03-02T12:27:23.344932565Z: [    0.100000] Spectre V2 : Mitigation: Full generic retpoline
[STDERR  ] 2019-03-02T12:27:23.344954731Z: [    0.100098] Spectre V2 : Spectre v2 / SpectreRSB mitigation: Filling RSB on context switch
[STDERR  ] 2019-03-02T12:27:23.344975226Z: [    0.100883] Speculative Store Bypass: Vulnerable
[STDERR  ] 2019-03-02T12:27:23.344994601Z: [    0.256378] random: fast init done
[STDERR  ] 2019-03-02T12:27:23.345015130Z: [    0.451235] Freeing SMP alternatives memory: 20K
[STDERR  ] 2019-03-02T12:27:23.345035672Z: [    0.472672] smpboot: Max logical packages: 1
[STDERR  ] 2019-03-02T12:27:23.345061887Z: [    0.480000] ..TIMER: vector=0x30 apic1=0 pin1=2 apic2=-1 pin2=-1
[STDERR  ] 2019-03-02T12:27:23.345082393Z: [    0.490000] smpboot: CPU0: AMD QEMU Virtual CPU version 2.5+ (family: 0x6, model: 0x6, stepping: 0x3)
[STDERR  ] 2019-03-02T12:27:23.345102287Z: [    0.497106] Performance Events: PMU not available due to virtualization, using software events only.
[STDERR  ] 2019-03-02T12:27:23.345123839Z: [    0.501250] Hierarchical SRCU implementation.
[STDERR  ] 2019-03-02T12:27:23.345145221Z: [    0.507393] NMI watchdog: Perf event create on CPU 0 failed with -2
[STDERR  ] 2019-03-02T12:27:23.345168177Z: [    0.507962] NMI watchdog: Perf NMI watchdog permanently disabled
[STDERR  ] 2019-03-02T12:27:23.345187991Z: [    0.513263] smp: Bringing up secondary CPUs ...
[STDERR  ] 2019-03-02T12:27:23.345364710Z: [    0.514099] smp: Brought up 1 node, 1 CPU
[STDERR  ] 2019-03-02T12:27:23.345400955Z: [    0.514527] smpboot: Total of 1 processors activated (5199.63 BogoMIPS)
[STDERR  ] 2019-03-02T12:27:23.345421444Z: [    0.533912] devtmpfs: initialized
[STDERR  ] 2019-03-02T12:27:23.345441531Z: [    0.539330] x86/mm: Memory block size: 128MB
[STDERR  ] 2019-03-02T12:27:23.345461525Z: [    0.546532] evm: security.ima
[STDERR  ] 2019-03-02T12:27:23.345481600Z: [    0.547056] evm: security.capability
[STDERR  ] 2019-03-02T12:27:23.345502538Z: [    0.551298] clocksource: jiffies: mask: 0xffffffff max_cycles: 0xffffffff, max_idle_ns: 1911260446275000 ns
[STDERR  ] 2019-03-02T12:27:23.345523323Z: [    0.552198] futex hash table entries: 256 (order: 2, 16384 bytes)
[STDERR  ] 2019-03-02T12:27:23.345543530Z: [    0.565800] NET: Registered protocol family 16
[STDERR  ] 2019-03-02T12:27:23.345564143Z: [    0.574550] cpuidle: using governor ladder
[STDERR  ] 2019-03-02T12:27:23.345583578Z: [    0.575163] cpuidle: using governor menu
[STDERR  ] 2019-03-02T12:27:23.345603353Z: [    0.577214] ACPI: bus type PCI registered
[STDERR  ] 2019-03-02T12:27:23.345623233Z: [    0.580281] PCI: MMCONFIG for domain 0000 [bus 00-ff] at [mem 0xb0000000-0xbfffffff] (base 0xb0000000)
[STDERR  ] 2019-03-02T12:27:23.345653066Z: [    0.581384] PCI: MMCONFIG at [mem 0xb0000000-0xbfffffff] reserved in E820
[STDERR  ] 2019-03-02T12:27:23.345674065Z: [    0.582735] PCI: Using configuration type 1 for base access
[STDERR  ] 2019-03-02T12:27:23.345694850Z: [    0.653085] HugeTLB registered 2.00 MiB page size, pre-allocated 0 pages
[STDERR  ] 2019-03-02T12:27:23.345721035Z: [    0.666334] ACPI: Added _OSI(Module Device)
[STDERR  ] 2019-03-02T12:27:23.345749982Z: [    0.666731] ACPI: Added _OSI(Processor Device)
[STDERR  ] 2019-03-02T12:27:23.345769638Z: [    0.667062] ACPI: Added _OSI(3.0 _SCP Extensions)
[STDERR  ] 2019-03-02T12:27:23.345898378Z: [    0.668039] ACPI: Added _OSI(Processor Aggregator Device)
[STDERR  ] 2019-03-02T12:27:23.345919478Z: [    0.760664] ACPI: Interpreter enabled
[STDERR  ] 2019-03-02T12:27:23.345945352Z: [    0.761598] ACPI: (supports S0 S5)
[STDERR  ] 2019-03-02T12:27:23.345965312Z: [    0.762099] ACPI: Using IOAPIC for interrupt routing
[STDERR  ] 2019-03-02T12:27:23.345987353Z: [    0.764658] PCI: Using host bridge windows from ACPI; if necessary, use "pci=nocrs" and report a bug
[STDERR  ] 2019-03-02T12:27:23.346008417Z: [    0.770000] ACPI: Enabled 2 GPEs in block 00 to 3F
[STDERR  ] 2019-03-02T12:27:23.346028170Z: [    0.851467] ACPI: PCI Root Bridge [PCI0] (domain 0000 [bus 00-ff])
[STDERR  ] 2019-03-02T12:27:23.346047865Z: [    0.852552] acpi PNP0A08:00: _OSC: OS supports [ExtendedConfig ASPM ClockPM Segments MSI]
[STDERR  ] 2019-03-02T12:27:23.346069328Z: [    0.858672] acpi PNP0A08:00: _OSC: OS now controls [PCIeHotplug PME PCIeCapability]
[STDERR  ] 2019-03-02T12:27:23.346088992Z: [    0.863096] PCI host bridge to bus 0000:00
[STDERR  ] 2019-03-02T12:27:23.346108453Z: [    0.863669] pci_bus 0000:00: root bus resource [io  0x0000-0x0cf7 window]
[STDERR  ] 2019-03-02T12:27:23.346128753Z: [    0.864076] pci_bus 0000:00: root bus resource [io  0x0d00-0xffff window]
[STDERR  ] 2019-03-02T12:27:23.346150884Z: [    0.864573] pci_bus 0000:00: root bus resource [mem 0x000a0000-0x000bffff window]
[STDERR  ] 2019-03-02T12:27:23.346179011Z: [    0.865125] pci_bus 0000:00: root bus resource [mem 0xc0000000-0xfebfffff window]
[STDERR  ] 2019-03-02T12:27:23.346199585Z: [    0.867205] pci_bus 0000:00: root bus resource [bus 00-ff]
[STDERR  ] 2019-03-02T12:27:23.346219219Z: [    0.929841] pci 0000:00:1f.0: quirk: [io  0x0600-0x067f] claimed by ICH6 ACPI/GPIO/TCO
[STDERR  ] 2019-03-02T12:27:23.346286411Z: [    0.979830] ACPI: PCI Interrupt Link [LNKA] (IRQs 5 *10 11)
[STDERR  ] 2019-03-02T12:27:23.346316466Z: [    0.983509] ACPI: PCI Interrupt Link [LNKB] (IRQs 5 *10 11)
[STDERR  ] 2019-03-02T12:27:23.346337254Z: [    0.986525] ACPI: PCI Interrupt Link [LNKC] (IRQs 5 10 *11)
[STDERR  ] 2019-03-02T12:27:23.346363181Z: [    0.989071] ACPI: PCI Interrupt Link [LNKD] (IRQs 5 10 *11)
[STDERR  ] 2019-03-02T12:27:23.346383281Z: [    0.991317] ACPI: PCI Interrupt Link [LNKE] (IRQs 5 *10 11)
[STDERR  ] 2019-03-02T12:27:23.346402647Z: [    0.993438] ACPI: PCI Interrupt Link [LNKF] (IRQs 5 *10 11)
[STDERR  ] 2019-03-02T12:27:23.346422314Z: [    0.995685] ACPI: PCI Interrupt Link [LNKG] (IRQs 5 10 *11)
[STDERR  ] 2019-03-02T12:27:23.346441898Z: [    0.997861] ACPI: PCI Interrupt Link [LNKH] (IRQs 5 10 *11)
[STDERR  ] 2019-03-02T12:27:23.346461433Z: [    0.999093] ACPI: PCI Interrupt Link [GSIA] (IRQs *16)
[STDERR  ] 2019-03-02T12:27:23.346482472Z: [    0.999863] ACPI: PCI Interrupt Link [GSIB] (IRQs *17)
[STDERR  ] 2019-03-02T12:27:23.346510514Z: [    1.000341] ACPI: PCI Interrupt Link [GSIC] (IRQs *18)
[STDERR  ] 2019-03-02T12:27:23.346530619Z: [    1.001787] ACPI: PCI Interrupt Link [GSID] (IRQs *19)
[STDERR  ] 2019-03-02T12:27:23.346550293Z: [    1.002336] ACPI: PCI Interrupt Link [GSIE] (IRQs *20)
[STDERR  ] 2019-03-02T12:27:23.346570414Z: [    1.003339] ACPI: PCI Interrupt Link [GSIF] (IRQs *21)
[STDERR  ] 2019-03-02T12:27:23.346590775Z: [    1.004396] ACPI: PCI Interrupt Link [GSIG] (IRQs *22)
[STDERR  ] 2019-03-02T12:27:23.346611433Z: [    1.005495] ACPI: PCI Interrupt Link [GSIH] (IRQs *23)
[STDERR  ] 2019-03-02T12:27:23.346630993Z: [    1.016091] SCSI subsystem initialized
[STDERR  ] 2019-03-02T12:27:23.346655866Z: [    1.020098] ACPI: bus type USB registered
[STDERR  ] 2019-03-02T12:27:23.346676092Z: [    1.022074] usbcore: registered new interface driver usbfs
[STDERR  ] 2019-03-02T12:27:23.346704893Z: [    1.023342] usbcore: registered new interface driver hub
[STDERR  ] 2019-03-02T12:27:23.346724868Z: [    1.024363] usbcore: registered new device driver usb
[STDERR  ] 2019-03-02T12:27:23.346756000Z: [    1.026581] pps_core: LinuxPPS API ver. 1 registered
[STDERR  ] 2019-03-02T12:27:23.346776160Z: [    1.027050] pps_core: Software ver. 5.3.6 - Copyright 2005-2007 Rodolfo Giometti <giometti@linux.it>
[STDERR  ] 2019-03-02T12:27:23.346796362Z: [    1.028227] PTP clock support registered
[STDERR  ] 2019-03-02T12:27:23.346820618Z: [    1.032266] PCI: Using ACPI for IRQ routing
[STDERR  ] 2019-03-02T12:27:23.346840483Z: [    1.054488] NetLabel: Initializing
[STDERR  ] 2019-03-02T12:27:23.346866108Z: [    1.054912] NetLabel:  domain hash size = 128
[STDERR  ] 2019-03-02T12:27:23.346885699Z: [    1.055041] NetLabel:  protocols = UNLABELED CIPSOv4 CALIPSO
[STDERR  ] 2019-03-02T12:27:23.346906037Z: [    1.058168] NetLabel:  unlabeled traffic allowed by default
[STDERR  ] 2019-03-02T12:27:23.346926120Z: [    1.059645] HPET: 3 timers in total, 0 timers will be used for per-cpu timer
[STDERR  ] 2019-03-02T12:27:23.346945664Z: [    1.060325] hpet0: at MMIO 0xfed00000, IRQs 2, 8, 0
[STDERR  ] 2019-03-02T12:27:23.346970721Z: [    1.061447] hpet0: 3 comparators, 64-bit 100.000000 MHz counter
[STDERR  ] 2019-03-02T12:27:23.346997473Z: [    1.066765] clocksource: Switched to clocksource hpet
[STDERR  ] 2019-03-02T12:27:23.347018496Z: [    1.497379] VFS: Disk quotas dquot_6.6.0
[STDERR  ] 2019-03-02T12:27:23.347037861Z: [    1.498563] VFS: Dquot-cache hash table entries: 512 (order 0, 4096 bytes)
[STDERR  ] 2019-03-02T12:27:23.347057814Z: [    1.502701] FS-Cache: Loaded
[STDERR  ] 2019-03-02T12:27:23.347077110Z: [    1.510363] CacheFiles: Loaded
[STDERR  ] 2019-03-02T12:27:23.347107275Z: [    1.512538] pnp: PnP ACPI init
[STDERR  ] 2019-03-02T12:27:23.347127073Z: [    1.527088] pnp: PnP ACPI: found 5 devices
[STDERR  ] 2019-03-02T12:27:23.347147548Z: [    1.578833] clocksource: acpi_pm: mask: 0xffffff max_cycles: 0xffffff, max_idle_ns: 2085701024 ns
[STDERR  ] 2019-03-02T12:27:23.347167310Z: [    1.582880] NET: Registered protocol family 2
[STDERR  ] 2019-03-02T12:27:23.347187183Z: [    1.592983] TCP established hash table entries: 8192 (order: 4, 65536 bytes)
[STDERR  ] 2019-03-02T12:27:23.347212697Z: [    1.594032] TCP bind hash table entries: 8192 (order: 5, 131072 bytes)
[STDERR  ] 2019-03-02T12:27:23.347240558Z: [    1.596291] TCP: Hash tables configured (established 8192 bind 8192)
[STDERR  ] 2019-03-02T12:27:23.347268253Z: [    1.599445] UDP hash table entries: 512 (order: 2, 16384 bytes)
[STDERR  ] 2019-03-02T12:27:23.347288503Z: [    1.600255] UDP-Lite hash table entries: 512 (order: 2, 16384 bytes)
[STDERR  ] 2019-03-02T12:27:23.347308579Z: [    1.603577] NET: Registered protocol family 1
[STDERR  ] 2019-03-02T12:27:23.347334730Z: [    1.604773] pci 0000:00:01.0: Video device with shadowed ROM at [mem 0x000c0000-0x000dffff]
[STDERR  ] 2019-03-02T12:27:23.347359615Z: [    1.613579] Trying to unpack rootfs image as initramfs...
[STDERR  ] 2019-03-02T12:27:23.347379750Z: [    7.188690] Freeing initrd memory: 31612K
[STDERR  ] 2019-03-02T12:27:23.347404618Z: [    7.230679] PCLMULQDQ-NI instructions are not detected.
[STDERR  ] 2019-03-02T12:27:23.347425498Z: [    7.232536] AVX or AES-NI instructions are not detected.
[STDERR  ] 2019-03-02T12:27:23.347445230Z: [    7.233985] CPU feature 'AVX registers' is not supported.
[STDERR  ] 2019-03-02T12:27:23.347465545Z: [    7.235002] CPU feature 'AVX registers' is not supported.
[STDERR  ] 2019-03-02T12:27:23.347490901Z: [    7.235638] CPU feature 'AVX registers' is not supported.
[STDERR  ] 2019-03-02T12:27:23.347512468Z: [    7.236322] CPU feature 'AVX registers' is not supported.
[STDERR  ] 2019-03-02T12:27:23.347538002Z: [    7.236839] AVX2 or AES-NI instructions are not detected.
[STDERR  ] 2019-03-02T12:27:23.347557561Z: [    7.237569] AVX2 instructions are not detected.
[STDERR  ] 2019-03-02T12:27:23.347576975Z: [    7.246270] audit: initializing netlink subsys (disabled)
[STDERR  ] 2019-03-02T12:27:23.347600991Z: [    7.252569] audit: type=2000 audit(1551529589.248:1): state=initialized audit_enabled=0 res=1
[STDERR  ] 2019-03-02T12:27:23.347628521Z: [    7.257356] workingset: timestamp_bits=46 max_order=18 bucket_order=0
[STDERR  ] 2019-03-02T12:27:23.347648470Z: [    7.266668] squashfs: version 4.0 (2009/01/31) Phillip Lougher
[STDERR  ] 2019-03-02T12:27:23.347668698Z: [    7.270792] FS-Cache: Netfs 'cifs' registered for caching
[STDERR  ] 2019-03-02T12:27:23.347694724Z: [    7.272548] fuse init (API version 7.26)
[STDERR  ] 2019-03-02T12:27:23.347720858Z: [    7.276020] SGI XFS with ACLs, security attributes, no debug enabled
[STDERR  ] 2019-03-02T12:27:23.347746282Z: [    7.282868] 9p: Installing v9fs 9p2000 file system support
[STDERR  ] 2019-03-02T12:27:23.347772922Z: [    7.283665] FS-Cache: Netfs '9p' registered for caching
[STDERR  ] 2019-03-02T12:27:23.347792663Z: [    7.354544] NET: Registered protocol family 38
[STDERR  ] 2019-03-02T12:27:23.347812605Z: [    7.356060] Key type asymmetric registered
[STDERR  ] 2019-03-02T12:27:23.347841103Z: [    7.357057] Asymmetric key parser 'x509' registered
[STDERR  ] 2019-03-02T12:27:23.347861011Z: [    7.358894] Block layer SCSI generic (bsg) driver version 0.4 loaded (major 247)
[STDERR  ] 2019-03-02T12:27:23.347881395Z: [    7.361443] io scheduler noop registered
[STDERR  ] 2019-03-02T12:27:23.347901636Z: [    7.362020] io scheduler deadline registered (default)
[STDERR  ] 2019-03-02T12:27:23.347924410Z: [    7.363853] io scheduler cfq registered
[STDERR  ] 2019-03-02T12:27:23.347944054Z: [    7.364838] io scheduler mq-deadline registered
[STDERR  ] 2019-03-02T12:27:23.347963863Z: [    7.365599] io scheduler kyber registered
[STDERR  ] 2019-03-02T12:27:23.347983320Z: [    7.370663] shpchp: Standard Hot Plug PCI Controller Driver version: 0.4
[STDERR  ] 2019-03-02T12:27:23.348003833Z: [    7.372065] hv_vmbus: registering driver hyperv_fb
[STDERR  ] 2019-03-02T12:27:23.348024605Z: [    7.376568] input: Power Button as /devices/LNXSYSTM:00/LNXPWRBN:00/input/input0
[STDERR  ] 2019-03-02T12:27:23.348045290Z: [    7.380597] ACPI: Power Button [PWRF]
[STDERR  ] 2019-03-02T12:27:23.348065290Z: [    7.406806] ACPI: PCI Interrupt Link [GSIG] enabled at IRQ 22
[STDERR  ] 2019-03-02T12:27:23.348085897Z: [    7.424277] ACPI: PCI Interrupt Link [GSIH] enabled at IRQ 23
[STDERR  ] 2019-03-02T12:27:23.348107450Z: [    7.431963] Serial: 8250/16550 driver, 4 ports, IRQ sharing disabled
[STDERR  ] 2019-03-02T12:27:23.348141707Z: [    7.460647] 00:04: ttyS0 at I/O 0x3f8 (irq = 4, base_baud = 115200) is a 16550A
[STDERR  ] 2019-03-02T12:27:23.348162199Z: [    7.475695] Non-volatile memory driver v1.3
[STDERR  ] 2019-03-02T12:27:23.348191000Z: [    7.484835] Hangcheck: starting hangcheck timer 0.9.1 (tick is 180 seconds, margin is 60 seconds).
[STDERR  ] 2019-03-02T12:27:23.348221230Z: [    7.491981] random: crng init done
[STDERR  ] 2019-03-02T12:27:23.348243179Z: [    7.593087] brd: module loaded
[STDERR  ] 2019-03-02T12:27:23.348276367Z: [    7.642043] loop: module loaded
[STDERR  ] 2019-03-02T12:27:23.348297742Z: [    7.724705] lpc_ich 0000:00:1f.0: I/O space for GPIO uninitialized
[STDERR  ] 2019-03-02T12:27:23.348319230Z: [    7.727821] VMware PVSCSI driver - version 1.0.7.0-k
[STDERR  ] 2019-03-02T12:27:23.348343310Z: [    7.728867] hv_vmbus: registering driver hv_storvsc
[STDERR  ] 2019-03-02T12:27:23.348363690Z: [    7.742806] ACPI: PCI Interrupt Link [GSIA] enabled at IRQ 16
[STDERR  ] 2019-03-02T12:27:23.348383859Z: [    7.751485] ahci 0000:00:1f.2: AHCI 0001.0000 32 slots 6 ports 1.5 Gbps 0x3f impl SATA mode
[STDERR  ] 2019-03-02T12:27:23.348407683Z: [    7.753665] ahci 0000:00:1f.2: flags: 64bit ncq only 
[STDERR  ] 2019-03-02T12:27:23.348427927Z: [    7.778495] scsi host0: ahci
[STDERR  ] 2019-03-02T12:27:23.348454002Z: [    7.784204] scsi host1: ahci
[STDERR  ] 2019-03-02T12:27:23.348474218Z: [    7.788046] scsi host2: ahci
[STDERR  ] 2019-03-02T12:27:23.348501110Z: [    7.790909] scsi host3: ahci
[STDERR  ] 2019-03-02T12:27:23.348527942Z: [    7.794679] scsi host4: ahci
[STDERR  ] 2019-03-02T12:27:23.348553174Z: [    7.797800] scsi host5: ahci
[STDERR  ] 2019-03-02T12:27:23.348573102Z: [    7.800111] ata1: SATA max UDMA/133 abar m4096@0xfebd2000 port 0xfebd2100 irq 24
[STDERR  ] 2019-03-02T12:27:23.348592744Z: [    7.801423] ata2: SATA max UDMA/133 abar m4096@0xfebd2000 port 0xfebd2180 irq 24
[STDERR  ] 2019-03-02T12:27:23.348612423Z: [    7.802621] ata3: SATA max UDMA/133 abar m4096@0xfebd2000 port 0xfebd2200 irq 24
[STDERR  ] 2019-03-02T12:27:23.348643927Z: [    7.803366] ata4: SATA max UDMA/133 abar m4096@0xfebd2000 port 0xfebd2280 irq 24
[STDERR  ] 2019-03-02T12:27:23.348671214Z: [    7.804897] ata5: SATA max UDMA/133 abar m4096@0xfebd2000 port 0xfebd2300 irq 24
[STDERR  ] 2019-03-02T12:27:23.348691759Z: [    7.805655] ata6: SATA max UDMA/133 abar m4096@0xfebd2000 port 0xfebd2380 irq 24
[STDERR  ] 2019-03-02T12:27:23.348712304Z: [    7.827449] tun: Universal TUN/TAP device driver, 1.6
[STDERR  ] 2019-03-02T12:27:23.348737293Z: [    7.841625] VMware vmxnet3 virtual NIC driver - version 1.4.a.0-k-NAPI
[STDERR  ] 2019-03-02T12:27:23.348763802Z: [    7.843232] hv_vmbus: registering driver hv_netvsc
[STDERR  ] 2019-03-02T12:27:23.348792723Z: [    7.843674] Fusion MPT base driver 3.04.20
[STDERR  ] 2019-03-02T12:27:23.348812883Z: [    7.844002] Copyright (c) 1999-2008 LSI Corporation
[STDERR  ] 2019-03-02T12:27:23.348832893Z: [    7.844784] Fusion MPT SPI Host driver 3.04.20
[STDERR  ] 2019-03-02T12:27:23.348873826Z: [    7.847728] i8042: PNP: PS/2 Controller [PNP0303:KBD,PNP0f13:MOU] at 0x60,0x64 irq 1,12
[STDERR  ] 2019-03-02T12:27:23.348894303Z: [    7.853661] serio: i8042 KBD port at 0x60,0x64 irq 1
[STDERR  ] 2019-03-02T12:27:23.348914879Z: [    7.854733] serio: i8042 AUX port at 0x60,0x64 irq 12
[STDERR  ] 2019-03-02T12:27:23.348937076Z: [    7.858564] hv_vmbus: registering driver hyperv_keyboard
[STDERR  ] 2019-03-02T12:27:23.348957060Z: [    7.861978] mousedev: PS/2 mouse device common for all mice
[STDERR  ] 2019-03-02T12:27:23.348976890Z: [    7.869690] input: PC Speaker as /devices/platform/pcspkr/input/input2
[STDERR  ] 2019-03-02T12:27:23.348996512Z: [    7.872470] input: AT Translated Set 2 keyboard as /devices/platform/i8042/serio0/input/input1
[STDERR  ] 2019-03-02T12:27:23.349016406Z: [    7.877298] rtc_cmos 00:00: RTC can wake from S4
[STDERR  ] 2019-03-02T12:27:23.349036319Z: [    7.882872] rtc_cmos 00:00: rtc core: registered rtc_cmos as rtc0
[STDERR  ] 2019-03-02T12:27:23.349065811Z: [    7.885584] rtc_cmos 00:00: alarms up to one day, y3k, 114 bytes nvram, hpet irqs
[STDERR  ] 2019-03-02T12:27:23.349086261Z: [    7.886882] i2c /dev entries driver
[STDERR  ] 2019-03-02T12:27:23.349107401Z: [    7.890450] device-mapper: ioctl: 4.37.0-ioctl (2017-09-20) initialised: dm-devel@redhat.com
[STDERR  ] 2019-03-02T12:27:23.349126917Z: [    7.897127] usbcore: registered new interface driver usbhid
[STDERR  ] 2019-03-02T12:27:23.349146894Z: [    7.899141] usbhid: USB HID core driver
[STDERR  ] 2019-03-02T12:27:23.349166781Z: [    7.900852] hv_utils: Registering HyperV Utility Driver
[STDERR  ] 2019-03-02T12:27:23.349187269Z: [    7.901844] hv_vmbus: registering driver hv_util
[STDERR  ] 2019-03-02T12:27:23.349206630Z: [    7.902578] hv_vmbus: registering driver hv_balloon
[STDERR  ] 2019-03-02T12:27:23.349226597Z: [    7.903622] oprofile: using NMI interrupt.
[STDERR  ] 2019-03-02T12:27:23.349247837Z: [    7.905784] GACT probability on
[STDERR  ] 2019-03-02T12:27:23.349283172Z: [    7.906818] Mirror/redirect action on
[STDERR  ] 2019-03-02T12:27:23.349391070Z: [    7.908211] Simple TC action Loaded
[STDERR  ] 2019-03-02T12:27:23.349410849Z: [    7.908751] u32 classifier
[STDERR  ] 2019-03-02T12:27:23.349430896Z: [    7.908979]     Performance counters on
[STDERR  ] 2019-03-02T12:27:23.349450523Z: [    7.909742]     input device check on
[STDERR  ] 2019-03-02T12:27:23.349473936Z: [    7.911072]     Actions configured
[STDERR  ] 2019-03-02T12:27:23.349493964Z: [    7.912798] Netfilter messages via NETLINK v0.30.
[STDERR  ] 2019-03-02T12:27:23.349582118Z: [    7.914427] nfnl_acct: registering with nfnetlink.
[STDERR  ] 2019-03-02T12:27:23.349602895Z: [    7.916410] nf_conntrack version 0.5.0 (8192 buckets, 32768 max)
[STDERR  ] 2019-03-02T12:27:23.349622840Z: [    7.919870] ctnetlink v0.93: registering with nfnetlink.
[STDERR  ] 2019-03-02T12:27:23.349642895Z: [    7.924512] nf_tables: (c) 2007-2009 Patrick McHardy <kaber@trash.net>
[STDERR  ] 2019-03-02T12:27:23.349662588Z: [    7.925855] nf_tables_compat: (c) 2012 Pablo Neira Ayuso <pablo@netfilter.org>
[STDERR  ] 2019-03-02T12:27:23.349688695Z: [    7.929841] xt_time: kernel timezone is -0000
[STDERR  ] 2019-03-02T12:27:23.349708496Z: [    7.931741] ip_set: protocol 6
[STDERR  ] 2019-03-02T12:27:23.349731312Z: [    7.933581] ipip: IPv4 and MPLS over IPv4 tunneling driver
[STDERR  ] 2019-03-02T12:27:23.349756014Z: [    7.939967] gre: GRE over IPv4 demultiplexor driver
[STDERR  ] 2019-03-02T12:27:23.349775790Z: [    7.944518] ip_tables: (C) 2000-2006 Netfilter Core Team
[STDERR  ] 2019-03-02T12:27:23.349797275Z: [    7.953794] arp_tables: arp_tables: (C) 2002 David S. Miller
[STDERR  ] 2019-03-02T12:27:23.349816798Z: [    7.957770] NET: Registered protocol family 10
[STDERR  ] 2019-03-02T12:27:23.349836374Z: [    7.972591] Segment Routing with IPv6
[STDERR  ] 2019-03-02T12:27:23.349856100Z: [    7.973967] ip6_tables: (C) 2000-2006 Netfilter Core Team
[STDERR  ] 2019-03-02T12:27:23.349875811Z: [    7.986031] NET: Registered protocol family 17
[STDERR  ] 2019-03-02T12:27:23.349895583Z: [    7.987938] Bridge firewalling registered
[STDERR  ] 2019-03-02T12:27:23.349915001Z: [    7.988961] 8021q: 802.1Q VLAN Support v1.8
[STDERR  ] 2019-03-02T12:27:23.349934598Z: [    7.990919] 9pnet: Installing 9P2000 support
[STDERR  ] 2019-03-02T12:27:23.349954319Z: [    7.993400] Key type dns_resolver registered
[STDERR  ] 2019-03-02T12:27:23.349973896Z: [    7.995355] sched_clock: Marking stable (7995122910, 0)->(8283394405, -288271495)
[STDERR  ] 2019-03-02T12:27:23.349993520Z: [    8.000876] registered taskstats version 1
[STDERR  ] 2019-03-02T12:27:23.350013234Z: [    8.118997] ata1: SATA link up 1.5 Gbps (SStatus 113 SControl 300)
[STDERR  ] 2019-03-02T12:27:23.350036282Z: [    8.125857] ata1.00: ATA-7: QEMU HARDDISK, 2.5+, max UDMA/100
[STDERR  ] 2019-03-02T12:27:23.350055966Z: [    8.127601] ata1.00: 16384 sectors, multi 16: LBA48 NCQ (depth 31/32)
[STDERR  ] 2019-03-02T12:27:23.350075754Z: [    8.128625] ata1.00: applying bridge limits
[STDERR  ] 2019-03-02T12:27:23.350101078Z: [    8.130940] ata2: SATA link down (SStatus 0 SControl 300)
[STDERR  ] 2019-03-02T12:27:23.350120832Z: [    8.132865] ata3: SATA link up 1.5 Gbps (SStatus 113 SControl 300)
[STDERR  ] 2019-03-02T12:27:23.350141105Z: [    8.134338] ata4: SATA link down (SStatus 0 SControl 300)
[STDERR  ] 2019-03-02T12:27:23.350168508Z: [    8.135422] ata5: SATA link down (SStatus 0 SControl 300)
[STDERR  ] 2019-03-02T12:27:23.350189858Z: [    8.136869] ata3.00: ATAPI: QEMU DVD-ROM, 2.5+, max UDMA/100
[STDERR  ] 2019-03-02T12:27:23.350209775Z: [    8.137828] ata3.00: applying bridge limits
[STDERR  ] 2019-03-02T12:27:23.350229816Z: [    8.139232] ata6: SATA link down (SStatus 0 SControl 300)
[STDERR  ] 2019-03-02T12:27:23.350273698Z: [    8.143311] ata3.00: configured for UDMA/100
[STDERR  ] 2019-03-02T12:27:23.350301718Z: [    8.152725] ata1.00: configured for UDMA/100
[STDERR  ] 2019-03-02T12:27:23.350321953Z: [    8.176803] scsi 0:0:0:0: Direct-Access     ATA      QEMU HARDDISK    2.5+ PQ: 0 ANSI: 5
[STDERR  ] 2019-03-02T12:27:23.350344235Z: [    8.198515] sd 0:0:0:0: Attached scsi generic sg0 type 0
[STDERR  ] 2019-03-02T12:27:23.350364067Z: [    8.205622] sd 0:0:0:0: [sda] 16384 512-byte logical blocks: (8.39 MB/8.00 MiB)
[STDERR  ] 2019-03-02T12:27:23.350383469Z: [    8.211730] scsi 2:0:0:0: CD-ROM            QEMU     QEMU DVD-ROM     2.5+ PQ: 0 ANSI: 5
[STDERR  ] 2019-03-02T12:27:23.350403503Z: [    8.215759] sd 0:0:0:0: [sda] Write Protect is off
[STDERR  ] 2019-03-02T12:27:23.350423409Z: [    8.224506] tsc: Refined TSC clocksource calibration: 2599.779 MHz
[STDERR  ] 2019-03-02T12:27:23.350443214Z: [    8.225866] clocksource: tsc: mask: 0xffffffffffffffff max_cycles: 0x25796b619e5, max_idle_ns: 440795290627 ns
[STDERR  ] 2019-03-02T12:27:23.350463531Z: [    8.227525] sd 0:0:0:0: [sda] Write cache: enabled, read cache: enabled, doesn't support DPO or FUA
[STDERR  ] 2019-03-02T12:27:23.350483409Z: [    8.241456] sr 2:0:0:0: [sr0] scsi3-mmc drive: 4x/4x cd/rw xa/form2 tray
[STDERR  ] 2019-03-02T12:27:23.350502972Z: [    8.242370] cdrom: Uniform CD-ROM driver Revision: 3.20
[STDERR  ] 2019-03-02T12:27:23.350533420Z: [    8.262697] sr 2:0:0:0: Attached scsi generic sg1 type 5
[STDERR  ] 2019-03-02T12:27:23.350552694Z: [    8.280014] sd 0:0:0:0: [sda] Attached SCSI disk
[STDERR  ] 2019-03-02T12:27:23.350572779Z: [    8.475539] Key type big_key registered
[STDERR  ] 2019-03-02T12:27:23.350592463Z: [    8.606671] Key type trusted registered
[STDERR  ] 2019-03-02T12:27:23.350611867Z: [    8.745812] Key type encrypted registered
[STDERR  ] 2019-03-02T12:27:23.350632563Z: [    8.746972] ima: No TPM chip found, activating TPM-bypass! (rc=-19)
[STDERR  ] 2019-03-02T12:27:23.350652212Z: [    8.748517] ima: Allocated hash algorithm: sha256
[STDERR  ] 2019-03-02T12:27:23.350671879Z: [    8.754450] evm: HMAC attrs: 0x1
[STDERR  ] 2019-03-02T12:27:23.350691566Z: [    8.762196] rtc_cmos 00:00: setting system clock to 2019-03-02 12:26:31 UTC (1551529591)
[STDERR  ] 2019-03-02T12:27:23.350711328Z: [    8.974843] Freeing unused kernel memory: 1532K
[STDERR  ] 2019-03-02T12:27:23.350731424Z: [    8.976978] Write protecting the kernel read-only data: 18432k
[STDERR  ] 2019-03-02T12:27:23.350755534Z: [    9.001041] Freeing unused kernel memory: 2024K
[STDERR  ] 2019-03-02T12:27:23.350775163Z: [    9.121858] Freeing unused kernel memory: 1132K
[STDERR  ] 2019-03-02T12:27:23.350794624Z: [    9.238993] clocksource: Switched to clocksource tsc
[STDERR  ] 2019-03-02T12:27:23.350814044Z: 
[STDERR  ] 2019-03-02T12:27:23.350834228Z: Welcome to LinuxKit
[STDERR  ] 2019-03-02T12:27:23.350853458Z: 
[STDERR  ] 2019-03-02T12:27:23.350873763Z:                         ##         .
[STDERR  ] 2019-03-02T12:27:23.350893621Z:                   ## ## ##        ==
[STDERR  ] 2019-03-02T12:27:23.350912990Z:                ## ## ## ## ##    ===
[STDERR  ] 2019-03-02T12:27:23.350932624Z:            /"""""""""""""""""\___/ ===
[STDERR  ] 2019-03-02T12:27:23.350952413Z:           {                       /  ===-
[STDERR  ] 2019-03-02T12:27:23.350977712Z:            \______ O           __/
[STDERR  ] 2019-03-02T12:27:23.350997519Z:              \    \         __/
[STDERR  ] 2019-03-02T12:27:23.351017163Z:               \____\_______/
[STDERR  ] 2019-03-02T12:27:23.351037390Z: 
[STDERR  ] 2019-03-02T12:27:23.351067245Z: Creating cryptsetup lock directory
[STDERR  ] 2019-03-02T12:27:23.351088283Z: Creating dm-crypt LUKS mapping for /dev/sda under /dev/mapper/it_is_encrypted
[STDERR  ] 2019-03-02T12:27:23.351108029Z: Device /dev/sda doesn't seem to have a valid LUKS setup so one will be created.
[STDERR  ] 2019-03-02T12:27:23.351127958Z: Device /dev/mapper/it_is_encrypted doesn't seem to contain a filesystem, creating one.
[STDERR  ] 2019-03-02T12:27:23.351148105Z: Creating filesystem with 6144 1k blocks and 1536 inodes
[STDERR  ] 2019-03-02T12:27:23.351168076Z: 
[STDERR  ] 2019-03-02T12:27:23.351187820Z: Allocating group tables: 0/1   done                            
[STDERR  ] 2019-03-02T12:27:23.351207790Z: Writing inode tables: 0/1   done                            
[STDERR  ] 2019-03-02T12:27:23.351232876Z: Creating journal (1024 blocks): done
[STDERR  ] 2019-03-02T12:27:23.351253344Z: Writing superblocks and filesystem accounting information: 0/1   done
[STDERR  ] 2019-03-02T12:27:23.351280464Z: 
[STDERR  ] 2019-03-02T12:27:23.351302877Z: dd: writing '/dev/mapper/it_is_encrypted': No space left on device
[STDERR  ] 2019-03-02T12:27:23.351322366Z: 12289+0 records in
[STDERR  ] 2019-03-02T12:27:23.351341531Z: 12288+0 records out
[STDERR  ] 2019-03-02T12:27:23.351360710Z: mke2fs 1.44.2 (14-May-2018)
[STDERR  ] 2019-03-02T12:27:23.351379984Z: dm-crypt test suite PASSED
[STDERR  ] 2019-03-02T12:27:23.351399458Z: [   60.029497] sd 0:0:0:0: [sda] Synchronizing SCSI cache
[STDERR  ] 2019-03-02T12:27:23.351418970Z: [   60.031027] sd 0:0:0:0: [sda] Stopping disk
[STDERR  ] 2019-03-02T12:27:23.351438326Z: [   60.034874] ACPI: Preparing to enter system sleep state S5
[STDERR  ] 2019-03-02T12:27:23.351464076Z: [   60.036691] reboot: Power down
[STDERR  ] 2019-03-02T12:27:23.351483920Z: + echo [    0.000000] Linux version 4.14.88-linuxkit (root@e9515dce7e93) (gcc version 6.4.0 (Alpine 6.4.0)) #1 SMP Thu Dec 13 23:53:55 UTC 2018
[STDERR  ] 2019-03-02T12:27:23.351514007Z: [    0.000000] Command line: console=ttyS0 console=ttyAMA0
[STDERR  ] 2019-03-02T12:27:23.351533603Z: [    0.000000] x86/fpu: x87 FPU will use FXSAVE
[STDERR  ] 2019-03-02T12:27:23.351553919Z: [    0.000000] e820: BIOS-provided physical RAM map:
[STDERR  ] 2019-03-02T12:27:23.351577263Z: [    0.000000] BIOS-e820: [mem 0x0000000000000000-0x000000000009fbff] usable
[STDERR  ] 2019-03-02T12:27:23.351599898Z: [    0.000000] BIOS-e820: [mem 0x000000000009fc00-0x000000000009ffff] reserved
[STDERR  ] 2019-03-02T12:27:23.351619395Z: [    0.000000] BIOS-e820: [mem 0x00000000000f0000-0x00000000000fffff] reserved
[STDERR  ] 2019-03-02T12:27:23.351638764Z: [    0.000000] BIOS-e820: [mem 0x0000000000100000-0x000000003ffdefff] usable
[STDERR  ] 2019-03-02T12:27:23.351658261Z: [    0.000000] BIOS-e820: [mem 0x000000003ffdf000-0x000000003fffffff] reserved
[STDERR  ] 2019-03-02T12:27:23.351683056Z: [    0.000000] BIOS-e820: [mem 0x00000000b0000000-0x00000000bfffffff] reserved
[STDERR  ] 2019-03-02T12:27:23.351702973Z: [    0.000000] BIOS-e820: [mem 0x00000000fed1c000-0x00000000fed1ffff] reserved
[STDERR  ] 2019-03-02T12:27:23.351730041Z: [    0.000000] BIOS-e820: [mem 0x00000000fffc0000-0x00000000ffffffff] reserved
[STDERR  ] 2019-03-02T12:27:23.351758911Z: [    0.000000] NX (Execute Disable) protection: active
[STDERR  ] 2019-03-02T12:27:23.351778772Z: [    0.000000] SMBIOS 2.8 present.
[STDERR  ] 2019-03-02T12:27:23.351799603Z: [    0.000000] DMI: QEMU Standard PC (Q35 + ICH9, 2009), BIOS rel-1.10.2-0-g5f4c7b1-prebuilt.qemu-project.org 04/01/2014
[STDERR  ] 2019-03-02T12:27:23.351820287Z: [    0.000000] tsc: Fast TSC calibration using PIT
[STDERR  ] 2019-03-02T12:27:23.351839700Z: [    0.000000] e820: last_pfn = 0x3ffdf max_arch_pfn = 0x400000000
[STDERR  ] 2019-03-02T12:27:23.351865374Z: [    0.000000] x86/PAT: Configuration [0-7]: WB  WC  UC- UC  WB  WP  UC- WT  
[STDERR  ] 2019-03-02T12:27:23.351884982Z: [    0.000000] found SMP MP-table at [mem 0x000f6aa0-0x000f6aaf] mapped at [ffffffffff200aa0]
[STDERR  ] 2019-03-02T12:27:23.351906305Z: [    0.000000] RAMDISK: [mem 0x3e0f1000-0x3ffcffff]
[STDERR  ] 2019-03-02T12:27:23.351926136Z: [    0.000000] ACPI: Early table checksum verification disabled
[STDERR  ] 2019-03-02T12:27:23.351945297Z: [    0.000000] ACPI: RSDP 0x00000000000F68C0 000014 (v00 BOCHS )
[STDERR  ] 2019-03-02T12:27:23.351968822Z: [    0.000000] ACPI: RSDT 0x000000003FFE2404 000034 (v01 BOCHS  BXPCRSDT 00000001 BXPC 00000001)
[STDERR  ] 2019-03-02T12:27:23.351990846Z: [    0.000000] ACPI: FACP 0x000000003FFE22A4 000074 (v01 BOCHS  BXPCFACP 00000001 BXPC 00000001)
[STDERR  ] 2019-03-02T12:27:23.352010375Z: [    0.000000] ACPI: DSDT 0x000000003FFE0040 002264 (v01 BOCHS  BXPCDSDT 00000001 BXPC 00000001)
[STDERR  ] 2019-03-02T12:27:23.352030157Z: [    0.000000] ACPI: FACS 0x000000003FFE0000 000040
[STDERR  ] 2019-03-02T12:27:23.352055107Z: [    0.000000] ACPI: APIC 0x000000003FFE2318 000078 (v01 BOCHS  BXPCAPIC 00000001 BXPC 00000001)
[STDERR  ] 2019-03-02T12:27:23.352075281Z: [    0.000000] ACPI: HPET 0x000000003FFE2390 000038 (v01 BOCHS  BXPCHPET 00000001 BXPC 00000001)
[STDERR  ] 2019-03-02T12:27:23.352105118Z: [    0.000000] ACPI: MCFG 0x000000003FFE23C8 00003C (v01 BOCHS  BXPCMCFG 00000001 BXPC 00000001)
[STDERR  ] 2019-03-02T12:27:23.352125232Z: [    0.000000] Zone ranges:
[STDERR  ] 2019-03-02T12:27:23.352144811Z: [    0.000000]   DMA      [mem 0x0000000000001000-0x0000000000ffffff]
[STDERR  ] 2019-03-02T12:27:23.352164671Z: [    0.000000]   DMA32    [mem 0x0000000001000000-0x000000003ffdefff]
[STDERR  ] 2019-03-02T12:27:23.352186942Z: [    0.000000]   Normal   empty
[STDERR  ] 2019-03-02T12:27:23.352206422Z: [    0.000000]   Device   empty
[STDERR  ] 2019-03-02T12:27:23.352225527Z: [    0.000000] Movable zone start for each node
[STDERR  ] 2019-03-02T12:27:23.352252019Z: [    0.000000] Early memory node ranges
[STDERR  ] 2019-03-02T12:27:23.352286899Z: [    0.000000]   node   0: [mem 0x0000000000001000-0x000000000009efff]
[STDERR  ] 2019-03-02T12:27:23.352307083Z: [    0.000000]   node   0: [mem 0x0000000000100000-0x000000003ffdefff]
[STDERR  ] 2019-03-02T12:27:23.352333713Z: [    0.000000] Initmem setup node 0 [mem 0x0000000000001000-0x000000003ffdefff]
[STDERR  ] 2019-03-02T12:27:23.352353852Z: [    0.000000] ACPI: PM-Timer IO Port: 0x608
[STDERR  ] 2019-03-02T12:27:23.352373145Z: [    0.000000] ACPI: LAPIC_NMI (acpi_id[0xff] dfl dfl lint[0x1])
[STDERR  ] 2019-03-02T12:27:23.352392209Z: [    0.000000] IOAPIC[0]: apic_id 0, version 32, address 0xfec00000, GSI 0-23
[STDERR  ] 2019-03-02T12:27:23.352411965Z: [    0.000000] ACPI: INT_SRC_OVR (bus 0 bus_irq 0 global_irq 2 dfl dfl)
[STDERR  ] 2019-03-02T12:27:23.352431361Z: [    0.000000] ACPI: INT_SRC_OVR (bus 0 bus_irq 5 global_irq 5 high level)
[STDERR  ] 2019-03-02T12:27:23.352450977Z: [    0.000000] ACPI: INT_SRC_OVR (bus 0 bus_irq 9 global_irq 9 high level)
[STDERR  ] 2019-03-02T12:27:23.352470470Z: [    0.000000] ACPI: INT_SRC_OVR (bus 0 bus_irq 10 global_irq 10 high level)
[STDERR  ] 2019-03-02T12:27:23.352489998Z: [    0.000000] ACPI: INT_SRC_OVR (bus 0 bus_irq 11 global_irq 11 high level)
[STDERR  ] 2019-03-02T12:27:23.352509496Z: [    0.000000] Using ACPI (MADT) for SMP configuration information
[STDERR  ] 2019-03-02T12:27:23.352529512Z: [    0.000000] ACPI: HPET id: 0x8086a201 base: 0xfed00000
[STDERR  ] 2019-03-02T12:27:23.352548994Z: [    0.000000] smpboot: Allowing 1 CPUs, 0 hotplug CPUs
[STDERR  ] 2019-03-02T12:27:23.352568120Z: [    0.000000] e820: [mem 0x40000000-0xafffffff] available for PCI devices
[STDERR  ] 2019-03-02T12:27:23.352587783Z: [    0.000000] Booting paravirtualized kernel on bare hardware
[STDERR  ] 2019-03-02T12:27:23.352607563Z: [    0.000000] clocksource: refined-jiffies: mask: 0xffffffff max_cycles: 0xffffffff, max_idle_ns: 1910969940391419 ns
[STDERR  ] 2019-03-02T12:27:23.352638997Z: [    0.000000] random: get_random_bytes called from start_kernel+0x92/0x4d1 with crng_init=0
[STDERR  ] 2019-03-02T12:27:23.352659287Z: [    0.000000] setup_percpu: NR_CPUS:128 nr_cpumask_bits:128 nr_cpu_ids:1 nr_node_ids:1
[STDERR  ] 2019-03-02T12:27:23.352678702Z: [    0.000000] percpu: Embedded 45 pages/cpu @ffff978f3de00000 s144216 r8192 d31912 u2097152
[STDERR  ] 2019-03-02T12:27:23.352698394Z: [    0.000000] Built 1 zonelists, mobility grouping on.  Total pages: 257896
[STDERR  ] 2019-03-02T12:27:23.352736457Z: [    0.000000] Kernel command line: console=ttyS0 console=ttyAMA0
[STDERR  ] 2019-03-02T12:27:23.352763900Z: [    0.000000] PID hash table entries: 4096 (order: 3, 32768 bytes)
[STDERR  ] 2019-03-02T12:27:23.352796380Z: [    0.000000] Dentry cache hash table entries: 131072 (order: 8, 1048576 bytes)
[STDERR  ] 2019-03-02T12:27:23.352822768Z: [    0.000000] Inode-cache hash table entries: 65536 (order: 7, 524288 bytes)
[STDERR  ] 2019-03-02T12:27:23.352852791Z: [    0.000000] Memory: 973268K/1048052K available (12300K kernel code, 1445K rwdata, 2964K rodata, 1532K init, 580K bss, 74784K reserved, 0K cma-reserved)
[STDERR  ] 2019-03-02T12:27:23.352886688Z: [    0.000000] ftrace: allocating 40620 entries in 159 pages
[STDERR  ] 2019-03-02T12:27:23.352906728Z: [    0.000000] Hierarchical RCU implementation.
[STDERR  ] 2019-03-02T12:27:23.352929775Z: [    0.000000] 	RCU restricting CPUs from NR_CPUS=128 to nr_cpu_ids=1.
[STDERR  ] 2019-03-02T12:27:23.352953909Z: [    0.000000] RCU: Adjusting geometry for rcu_fanout_leaf=16, nr_cpu_ids=1
[STDERR  ] 2019-03-02T12:27:23.352980349Z: [    0.000000] NR_IRQS: 8448, nr_irqs: 256, preallocated irqs: 16
[STDERR  ] 2019-03-02T12:27:23.353006495Z: [    0.000000] Console: colour VGA+ 80x25
[STDERR  ] 2019-03-02T12:27:23.353026424Z: [    0.000000] console [ttyS0] enabled
[STDERR  ] 2019-03-02T12:27:23.353048044Z: [    0.000000] clocksource: hpet: mask: 0xffffffff max_cycles: 0xffffffff, max_idle_ns: 19112604467 ns
[STDERR  ] 2019-03-02T12:27:23.353068659Z: [    0.003000] tsc: Fast TSC calibration using PIT
[STDERR  ] 2019-03-02T12:27:23.353093724Z: [    0.004000] tsc: Detected 2599.818 MHz processor
[STDERR  ] 2019-03-02T12:27:23.353120278Z: [    0.007395] Calibrating delay loop (skipped), value calculated using timer frequency.. 5199.63 BogoMIPS (lpj=2599818)
[STDERR  ] 2019-03-02T12:27:23.353140989Z: [    0.008127] pid_max: default: 32768 minimum: 301
[STDERR  ] 2019-03-02T12:27:23.353163171Z: [    0.009630] ACPI: Core revision 20170728
[STDERR  ] 2019-03-02T12:27:23.353183488Z: [    0.057584] ACPI: 1 ACPI AML tables successfully acquired and loaded
[STDERR  ] 2019-03-02T12:27:23.353203841Z: [    0.062586] Security Framework initialized
[STDERR  ] 2019-03-02T12:27:23.353223793Z: [    0.063164] Yama: becoming mindful.
[STDERR  ] 2019-03-02T12:27:23.353244768Z: [    0.066897] Mount-cache hash table entries: 2048 (order: 2, 16384 bytes)
[STDERR  ] 2019-03-02T12:27:23.353275376Z: [    0.067117] Mountpoint-cache hash table entries: 2048 (order: 2, 16384 bytes)
[STDERR  ] 2019-03-02T12:27:23.353295275Z: [    0.096175] Last level iTLB entries: 4KB 0, 2MB 0, 4MB 0
[STDERR  ] 2019-03-02T12:27:23.353315331Z: [    0.097115] Last level dTLB entries: 4KB 0, 2MB 0, 4MB 0, 1GB 0
[STDERR  ] 2019-03-02T12:27:23.353337772Z: [    0.099130] Spectre V2 : Spectre mitigation: LFENCE not serializing, switching to generic retpoline
[STDERR  ] 2019-03-02T12:27:23.353358134Z: [    0.100000] Spectre V2 : Mitigation: Full generic retpoline
[STDERR  ] 2019-03-02T12:27:23.353378209Z: [    0.100098] Spectre V2 : Spectre v2 / SpectreRSB mitigation: Filling RSB on context switch
[STDERR  ] 2019-03-02T12:27:23.353398550Z: [    0.100883] Speculative Store Bypass: Vulnerable
[STDERR  ] 2019-03-02T12:27:23.353423559Z: [    0.256378] random: fast init done
[STDERR  ] 2019-03-02T12:27:23.353443664Z: [    0.451235] Freeing SMP alternatives memory: 20K
[STDERR  ] 2019-03-02T12:27:23.353463829Z: [    0.472672] smpboot: Max logical packages: 1
[STDERR  ] 2019-03-02T12:27:23.353484204Z: [    0.480000] ..TIMER: vector=0x30 apic1=0 pin1=2 apic2=-1 pin2=-1
[STDERR  ] 2019-03-02T12:27:23.353518402Z: [    0.490000] smpboot: CPU0: AMD QEMU Virtual CPU version 2.5+ (family: 0x6, model: 0x6, stepping: 0x3)
[STDERR  ] 2019-03-02T12:27:23.353538156Z: [    0.497106] Performance Events: PMU not available due to virtualization, using software events only.
[STDERR  ] 2019-03-02T12:27:23.353558274Z: [    0.501250] Hierarchical SRCU implementation.
[STDERR  ] 2019-03-02T12:27:23.353577916Z: [    0.507393] NMI watchdog: Perf event create on CPU 0 failed with -2
[STDERR  ] 2019-03-02T12:27:23.353597906Z: [    0.507962] NMI watchdog: Perf NMI watchdog permanently disabled
[STDERR  ] 2019-03-02T12:27:23.353617682Z: [    0.513263] smp: Bringing up secondary CPUs ...
[STDERR  ] 2019-03-02T12:27:23.353638035Z: [    0.514099] smp: Brought up 1 node, 1 CPU
[STDERR  ] 2019-03-02T12:27:23.353657897Z: [    0.514527] smpboot: Total of 1 processors activated (5199.63 BogoMIPS)
[STDERR  ] 2019-03-02T12:27:23.353678314Z: [    0.533912] devtmpfs: initialized
[STDERR  ] 2019-03-02T12:27:23.353703315Z: [    0.539330] x86/mm: Memory block size: 128MB
[STDERR  ] 2019-03-02T12:27:23.353724655Z: [    0.546532] evm: security.ima
[STDERR  ] 2019-03-02T12:27:23.353760095Z: [    0.547056] evm: security.capability
[STDERR  ] 2019-03-02T12:27:23.353781512Z: [    0.551298] clocksource: jiffies: mask: 0xffffffff max_cycles: 0xffffffff, max_idle_ns: 1911260446275000 ns
[STDERR  ] 2019-03-02T12:27:23.353803577Z: [    0.552198] futex hash table entries: 256 (order: 2, 16384 bytes)
[STDERR  ] 2019-03-02T12:27:23.353825407Z: [    0.565800] NET: Registered protocol family 16
[STDERR  ] 2019-03-02T12:27:23.353845968Z: [    0.574550] cpuidle: using governor ladder
[STDERR  ] 2019-03-02T12:27:23.353875535Z: [    0.575163] cpuidle: using governor menu
[STDOUT  ] 2019-03-02T12:27:23.353800968Z: [    0.000000] Linux version 4.14.88-linuxkit (root@e9515dce7e93) (gcc version 6.4.0 (Alpine 6.4.0)) #1 SMP Thu Dec 13 23:53:55 UTC 2018
[STDOUT  ] 2019-03-02T12:27:23.353964879Z: [    0.000000] Command line: console=ttyS0 console=ttyAMA0
[STDOUT  ] 2019-03-02T12:27:23.353990434Z: [    0.000000] x86/fpu: x87 FPU will use FXSAVE
[STDOUT  ] 2019-03-02T12:27:23.354035780Z: [    0.000000] e820: BIOS-provided physical RAM map:
[STDOUT  ] 2019-03-02T12:27:23.354058074Z: [    0.000000] BIOS-e820: [mem 0x0000000000000000-0x000000000009fbff] usable
[STDOUT  ] 2019-03-02T12:27:23.354080545Z: [    0.000000] BIOS-e820: [mem 0x000000000009fc00-0x000000000009ffff] reserved
[STDOUT  ] 2019-03-02T12:27:23.354094873Z: [    0.000000] BIOS-e820: [mem 0x00000000000f0000-0x00000000000fffff] reserved
[STDOUT  ] 2019-03-02T12:27:23.354109315Z: [    0.000000] BIOS-e820: [mem 0x0000000000100000-0x000000003ffdefff] usable
[STDOUT  ] 2019-03-02T12:27:23.354124219Z: [    0.000000] BIOS-e820: [mem 0x000000003ffdf000-0x000000003fffffff] reserved
[STDOUT  ] 2019-03-02T12:27:23.354138676Z: [    0.000000] BIOS-e820: [mem 0x00000000b0000000-0x00000000bfffffff] reserved
[STDOUT  ] 2019-03-02T12:27:23.354152958Z: [    0.000000] BIOS-e820: [mem 0x00000000fed1c000-0x00000000fed1ffff] reserved
[STDOUT  ] 2019-03-02T12:27:23.354167309Z: [    0.000000] BIOS-e820: [mem 0x00000000fffc0000-0x00000000ffffffff] reserved
[STDERR  ] 2019-03-02T12:27:23.354295350Z: [    0.577214] ACPI: bus type PCI registered
[STDERR  ] 2019-03-02T12:27:23.354334192Z: [    0.580281] PCI: MMCONFIG for domain 0000 [bus 00-ff] at [mem 0xb0000000-0xbfffffff] (base 0xb0000000)
[STDERR  ] 2019-03-02T12:27:23.354368510Z: [    0.581384] PCI: MMCONFIG at [mem 0xb0000000-0xbfffffff] reserved in E820
[STDERR  ] 2019-03-02T12:27:23.354399662Z: [    0.582735] PCI: Using configuration type 1 for base access
[STDOUT  ] 2019-03-02T12:27:23.354181684Z: [    0.000000] NX (Execute Disable) protection: active
[STDOUT  ] 2019-03-02T12:27:23.354426091Z: [    0.000000] SMBIOS 2.8 present.
[STDERR  ] 2019-03-02T12:27:23.354425117Z: [    0.653085] HugeTLB registered 2.00 MiB page size, pre-allocated 0 pages
[STDERR  ] 2019-03-02T12:27:23.354454221Z: [    0.666334] ACPI: Added _OSI(Module Device)
[STDOUT  ] 2019-03-02T12:27:23.354448461Z: [    0.000000] DMI: QEMU Standard PC (Q35 + ICH9, 2009), BIOS rel-1.10.2-0-g5f4c7b1-prebuilt.qemu-project.org 04/01/2014
[STDOUT  ] 2019-03-02T12:27:23.354482563Z: [    0.000000] tsc: Fast TSC calibration using PIT
[STDOUT  ] 2019-03-02T12:27:23.354500262Z: [    0.000000] e820: last_pfn = 0x3ffdf max_arch_pfn = 0x400000000
[STDOUT  ] 2019-03-02T12:27:23.354514950Z: [    0.000000] x86/PAT: Configuration [0-7]: WB  WC  UC- UC  WB  WP  UC- WT  
[STDOUT  ] 2019-03-02T12:27:23.354529460Z: [    0.000000] found SMP MP-table at [mem 0x000f6aa0-0x000f6aaf] mapped at [ffffffffff200aa0]
[STDOUT  ] 2019-03-02T12:27:23.354546954Z: [    0.000000] RAMDISK: [mem 0x3e0f1000-0x3ffcffff]
[STDOUT  ] 2019-03-02T12:27:23.354561856Z: [    0.000000] ACPI: Early table checksum verification disabled
[STDOUT  ] 2019-03-02T12:27:23.354576811Z: [    0.000000] ACPI: RSDP 0x00000000000F68C0 000014 (v00 BOCHS )
[STDOUT  ] 2019-03-02T12:27:23.354591453Z: [    0.000000] ACPI: RSDT 0x000000003FFE2404 000034 (v01 BOCHS  BXPCRSDT 00000001 BXPC 00000001)
[STDOUT  ] 2019-03-02T12:27:23.354606356Z: [    0.000000] ACPI: FACP 0x000000003FFE22A4 000074 (v01 BOCHS  BXPCFACP 00000001 BXPC 00000001)
[STDOUT  ] 2019-03-02T12:27:23.354621354Z: [    0.000000] ACPI: DSDT 0x000000003FFE0040 002264 (v01 BOCHS  BXPCDSDT 00000001 BXPC 00000001)
[STDOUT  ] 2019-03-02T12:27:23.354636156Z: [    0.000000] ACPI: FACS 0x000000003FFE0000 000040
[STDOUT  ] 2019-03-02T12:27:23.354650701Z: [    0.000000] ACPI: APIC 0x000000003FFE2318 000078 (v01 BOCHS  BXPCAPIC 00000001 BXPC 00000001)
[STDOUT  ] 2019-03-02T12:27:23.354665309Z: [    0.000000] ACPI: HPET 0x000000003FFE2390 000038 (v01 BOCHS  BXPCHPET 00000001 BXPC 00000001)
[STDOUT  ] 2019-03-02T12:27:23.354680236Z: [    0.000000] ACPI: MCFG 0x000000003FFE23C8 00003C (v01 BOCHS  BXPCMCFG 00000001 BXPC 00000001)
[STDOUT  ] 2019-03-02T12:27:23.354694804Z: [    0.000000] Zone ranges:
[STDOUT  ] 2019-03-02T12:27:23.354709708Z: [    0.000000]   DMA      [mem 0x0000000000001000-0x0000000000ffffff]
[STDOUT  ] 2019-03-02T12:27:23.354735376Z: [    0.000000]   DMA32    [mem 0x0000000001000000-0x000000003ffdefff]
[STDOUT  ] 2019-03-02T12:27:23.354756705Z: [    0.000000]   Normal   empty
[STDOUT  ] 2019-03-02T12:27:23.354771175Z: [    0.000000]   Device   empty
[STDOUT  ] 2019-03-02T12:27:23.354785513Z: [    0.000000] Movable zone start for each node
[STDOUT  ] 2019-03-02T12:27:23.354799737Z: [    0.000000] Early memory node ranges
[STDOUT  ] 2019-03-02T12:27:23.354814162Z: [    0.000000]   node   0: [mem 0x0000000000001000-0x000000000009efff]
[STDOUT  ] 2019-03-02T12:27:23.354828688Z: [    0.000000]   node   0: [mem 0x0000000000100000-0x000000003ffdefff]
[STDOUT  ] 2019-03-02T12:27:23.354843125Z: [    0.000000] Initmem setup node 0 [mem 0x0000000000001000-0x000000003ffdefff]
[STDOUT  ] 2019-03-02T12:27:23.354879435Z: [    0.000000] ACPI: PM-Timer IO Port: 0x608
[STDOUT  ] 2019-03-02T12:27:23.354894094Z: [    0.000000] ACPI: LAPIC_NMI (acpi_id[0xff] dfl dfl lint[0x1])
[STDOUT  ] 2019-03-02T12:27:23.354908640Z: [    0.000000] IOAPIC[0]: apic_id 0, version 32, address 0xfec00000, GSI 0-23
[STDOUT  ] 2019-03-02T12:27:23.354928907Z: [    0.000000] ACPI: INT_SRC_OVR (bus 0 bus_irq 0 global_irq 2 dfl dfl)
[STDOUT  ] 2019-03-02T12:27:23.354943758Z: [    0.000000] ACPI: INT_SRC_OVR (bus 0 bus_irq 5 global_irq 5 high level)
[STDOUT  ] 2019-03-02T12:27:23.354958993Z: [    0.000000] ACPI: INT_SRC_OVR (bus 0 bus_irq 9 global_irq 9 high level)
[STDOUT  ] 2019-03-02T12:27:23.354974094Z: [    0.000000] ACPI: INT_SRC_OVR (bus 0 bus_irq 10 global_irq 10 high level)
[STDOUT  ] 2019-03-02T12:27:23.354988846Z: [    0.000000] ACPI: INT_SRC_OVR (bus 0 bus_irq 11 global_irq 11 high level)
[STDOUT  ] 2019-03-02T12:27:23.355003588Z: [    0.000000] Using ACPI (MADT) for SMP configuration information
[STDOUT  ] 2019-03-02T12:27:23.355018178Z: [    0.000000] ACPI: HPET id: 0x8086a201 base: 0xfed00000
[STDOUT  ] 2019-03-02T12:27:23.355032899Z: [    0.000000] smpboot: Allowing 1 CPUs, 0 hotplug CPUs
[STDOUT  ] 2019-03-02T12:27:23.355047242Z: [    0.000000] e820: [mem 0x40000000-0xafffffff] available for PCI devices
[STDOUT  ] 2019-03-02T12:27:23.355067675Z: [    0.000000] Booting paravirtualized kernel on bare hardware
[STDOUT  ] 2019-03-02T12:27:23.355082262Z: [    0.000000] clocksource: refined-jiffies: mask: 0xffffffff max_cycles: 0xffffffff, max_idle_ns: 1910969940391419 ns
[STDOUT  ] 2019-03-02T12:27:23.355097094Z: [    0.000000] random: get_random_bytes called from start_kernel+0x92/0x4d1 with crng_init=0
[STDOUT  ] 2019-03-02T12:27:23.355111526Z: [    0.000000] setup_percpu: NR_CPUS:128 nr_cpumask_bits:128 nr_cpu_ids:1 nr_node_ids:1
[STDOUT  ] 2019-03-02T12:27:23.355135298Z: [    0.000000] percpu: Embedded 45 pages/cpu @ffff978f3de00000 s144216 r8192 d31912 u2097152
[STDOUT  ] 2019-03-02T12:27:23.355150200Z: [    0.000000] Built 1 zonelists, mobility grouping on.  Total pages: 257896
[STDOUT  ] 2019-03-02T12:27:23.355165849Z: [    0.000000] Kernel command line: console=ttyS0 console=ttyAMA0
[STDOUT  ] 2019-03-02T12:27:23.355180529Z: [    0.000000] PID hash table entries: 4096 (order: 3, 32768 bytes)
[STDOUT  ] 2019-03-02T12:27:23.355195399Z: [    0.000000] Dentry cache hash table entries: 131072 (order: 8, 1048576 bytes)
[STDOUT  ] 2019-03-02T12:27:23.355210187Z: [    0.000000] Inode-cache hash table entries: 65536 (order: 7, 524288 bytes)
[STDOUT  ] 2019-03-02T12:27:23.355233216Z: [    0.000000] Memory: 973268K/1048052K available (12300K kernel code, 1445K rwdata, 2964K rodata, 1532K init, 580K bss, 74784K reserved, 0K cma-reserved)
[STDOUT  ] 2019-03-02T12:27:23.355251674Z: [    0.000000] ftrace: allocating 40620 entries in 159 pages
[STDOUT  ] 2019-03-02T12:27:23.355275901Z: [    0.000000] Hierarchical RCU implementation.
[STDOUT  ] 2019-03-02T12:27:23.355290305Z: [    0.000000] 	RCU restricting CPUs from NR_CPUS=128 to nr_cpu_ids=1.
[STDOUT  ] 2019-03-02T12:27:23.355304706Z: [    0.000000] RCU: Adjusting geometry for rcu_fanout_leaf=16, nr_cpu_ids=1
[STDOUT  ] 2019-03-02T12:27:23.355318987Z: [    0.000000] NR_IRQS: 8448, nr_irqs: 256, preallocated irqs: 16
[STDOUT  ] 2019-03-02T12:27:23.355333250Z: [    0.000000] Console: colour VGA+ 80x25
[STDOUT  ] 2019-03-02T12:27:23.355355832Z: [    0.000000] console [ttyS0] enabled
[STDOUT  ] 2019-03-02T12:27:23.355370730Z: [    0.000000] clocksource: hpet: mask: 0xffffffff max_cycles: 0xffffffff, max_idle_ns: 19112604467 ns
[STDOUT  ] 2019-03-02T12:27:23.355385232Z: [    0.003000] tsc: Fast TSC calibration using PIT
[STDOUT  ] 2019-03-02T12:27:23.355400302Z: [    0.004000] tsc: Detected 2599.818 MHz processor
[STDOUT  ] 2019-03-02T12:27:23.355414979Z: [    0.007395] Calibrating delay loop (skipped), value calculated using timer frequency.. 5199.63 BogoMIPS (lpj=2599818)
[STDOUT  ] 2019-03-02T12:27:23.355429487Z: [    0.008127] pid_max: default: 32768 minimum: 301
[STDOUT  ] 2019-03-02T12:27:23.355444101Z: [    0.009630] ACPI: Core revision 20170728
[STDOUT  ] 2019-03-02T12:27:23.355458392Z: [    0.057584] ACPI: 1 ACPI AML tables successfully acquired and loaded
[STDOUT  ] 2019-03-02T12:27:23.355472875Z: [    0.062586] Security Framework initialized
[STDOUT  ] 2019-03-02T12:27:23.355490175Z: [    0.063164] Yama: becoming mindful.
[STDOUT  ] 2019-03-02T12:27:23.355504774Z: [    0.066897] Mount-cache hash table entries: 2048 (order: 2, 16384 bytes)
[STDOUT  ] 2019-03-02T12:27:23.355519185Z: [    0.067117] Mountpoint-cache hash table entries: 2048 (order: 2, 16384 bytes)
[STDOUT  ] 2019-03-02T12:27:23.355533964Z: [    0.096175] Last level iTLB entries: 4KB 0, 2MB 0, 4MB 0
[STDOUT  ] 2019-03-02T12:27:23.355548334Z: [    0.097115] Last level dTLB entries: 4KB 0, 2MB 0, 4MB 0, 1GB 0
[STDOUT  ] 2019-03-02T12:27:23.355562511Z: [    0.099130] Spectre V2 : Spectre mitigation: LFENCE not serializing, switching to generic retpoline
[STDOUT  ] 2019-03-02T12:27:23.355577053Z: [    0.100000] Spectre V2 : Mitigation: Full generic retpoline
[STDOUT  ] 2019-03-02T12:27:23.355591649Z: [    0.100098] Spectre V2 : Spectre v2 / SpectreRSB mitigation: Filling RSB on context switch
[STDOUT  ] 2019-03-02T12:27:23.355606584Z: [    0.100883] Speculative Store Bypass: Vulnerable
[STDOUT  ] 2019-03-02T12:27:23.355626174Z: [    0.256378] random: fast init done
[STDOUT  ] 2019-03-02T12:27:23.355640558Z: [    0.451235] Freeing SMP alternatives memory: 20K
[STDOUT  ] 2019-03-02T12:27:23.355655079Z: [    0.472672] smpboot: Max logical packages: 1
[STDOUT  ] 2019-03-02T12:27:23.355673911Z: [    0.480000] ..TIMER: vector=0x30 apic1=0 pin1=2 apic2=-1 pin2=-1
[STDOUT  ] 2019-03-02T12:27:23.355688746Z: [    0.490000] smpboot: CPU0: AMD QEMU Virtual CPU version 2.5+ (family: 0x6, model: 0x6, stepping: 0x3)
[STDOUT  ] 2019-03-02T12:27:23.355703377Z: [    0.497106] Performance Events: PMU not available due to virtualization, using software events only.
[STDOUT  ] 2019-03-02T12:27:23.355851919Z: [    0.501250] Hierarchical SRCU implementation.
[STDOUT  ] 2019-03-02T12:27:23.355870992Z: [    0.507393] NMI watchdog: Perf event create on CPU 0 failed with -2
[STDOUT  ] 2019-03-02T12:27:23.355886254Z: [    0.507962] NMI watchdog: Perf NMI watchdog permanently disabled
[STDOUT  ] 2019-03-02T12:27:23.355904268Z: [    0.513263] smp: Bringing up secondary CPUs ...
[STDOUT  ] 2019-03-02T12:27:23.355919054Z: [    0.514099] smp: Brought up 1 node, 1 CPU
[STDOUT  ] 2019-03-02T12:27:23.355933867Z: [    0.514527] smpboot: Total of 1 processors activated (5199.63 BogoMIPS)
[STDOUT  ] 2019-03-02T12:27:23.355948179Z: [    0.533912] devtmpfs: initialized
[STDOUT  ] 2019-03-02T12:27:23.355963554Z: [    0.539330] x86/mm: Memory block size: 128MB
[STDOUT  ] 2019-03-02T12:27:23.355977891Z: [    0.546532] evm: security.ima
[STDOUT  ] 2019-03-02T12:27:23.355992328Z: [    0.547056] evm: security.capability
[STDOUT  ] 2019-03-02T12:27:23.356006950Z: [    0.551298] clocksource: jiffies: mask: 0xffffffff max_cycles: 0xffffffff, max_idle_ns: 1911260446275000 ns
[STDOUT  ] 2019-03-02T12:27:23.356021731Z: [    0.552198] futex hash table entries: 256 (order: 2, 16384 bytes)
[STDOUT  ] 2019-03-02T12:27:23.356036362Z: [    0.565800] NET: Registered protocol family 16
[STDOUT  ] 2019-03-02T12:27:23.356050756Z: [    0.574550] cpuidle: using governor ladder
[STDOUT  ] 2019-03-02T12:27:23.356071389Z: [    0.575163] cpuidle: using governor menu
[STDERR  ] 2019-03-02T12:27:23.356128634Z: [    0.666731] ACPI: Added _OSI(Processor Device)
[STDERR  ] 2019-03-02T12:27:23.356157956Z: [    0.667062] ACPI: Added _OSI(3.0 _SCP Extensions)
[STDERR  ] 2019-03-02T12:27:23.356182539Z: [    0.668039] ACPI: Added _OSI(Processor Aggregator Device)
[STDERR  ] 2019-03-02T12:27:23.356205896Z: [    0.760664] ACPI: Interpreter enabled
[STDERR  ] 2019-03-02T12:27:23.356231016Z: [    0.761598] ACPI: (supports S0 S5)
[STDOUT  ] 2019-03-02T12:27:23.356085798Z: [    0.577214] ACPI: bus type PCI registered
[STDOUT  ] 2019-03-02T12:27:23.356299771Z: [    0.580281] PCI: MMCONFIG for domain 0000 [bus 00-ff] at [mem 0xb0000000-0xbfffffff] (base 0xb0000000)
[STDOUT  ] 2019-03-02T12:27:23.356316871Z: [    0.581384] PCI: MMCONFIG at [mem 0xb0000000-0xbfffffff] reserved in E820
[STDOUT  ] 2019-03-02T12:27:23.356331664Z: [    0.582735] PCI: Using configuration type 1 for base access
[STDOUT  ] 2019-03-02T12:27:23.356346635Z: [    0.653085] HugeTLB registered 2.00 MiB page size, pre-allocated 0 pages
[STDOUT  ] 2019-03-02T12:27:23.356361634Z: [    0.666334] ACPI: Added _OSI(Module Device)
[STDOUT  ] 2019-03-02T12:27:23.356376585Z: [    0.666731] ACPI: Added _OSI(Processor Device)
[STDOUT  ] 2019-03-02T12:27:23.356390991Z: [    0.667062] ACPI: Added _OSI(3.0 _SCP Extensions)
[STDOUT  ] 2019-03-02T12:27:23.356411826Z: [    0.668039] ACPI: Added _OSI(Processor Aggregator Device)
[STDOUT  ] 2019-03-02T12:27:23.356430800Z: [    0.7
[PASS    ] linuxkit.packages.dm-crypt.luks 85.87s
[STDERR  ] 2019-03-02T12:27:23.356278859Z: [    0.762099] ACPI: Using IOAPIC for interrupt routing
