[INFO    ] 2017-09-12T13:45:34.211050763Z: Running Test linuxkit.packages.format_mount.multiple in /tmp/build/test/cases/040_packages/006_format_mount/010_multiple
[INFO    ] 2017-09-12T13:45:34.211158464Z: Running command: [/bin/sh -x /tmp/build/test/cases/040_packages/006_format_mount/010_multiple/test.sh]
[STDERR  ] 2017-09-12T13:45:34.241300938Z: + set -e
[STDERR  ] 2017-09-12T13:45:34.24139826Z: + . /tmp/build/test/cases/_lib/lib.sh
[STDERR  ] 2017-09-12T13:45:34.241414601Z: + [ -f src/github.com/linuxkit/rtf/lib/lib.sh ]
[STDERR  ] 2017-09-12T13:45:34.241426727Z: + LINUXKIT_TMPDIR=/tmp/build/test/cases/_tmp
[STDERR  ] 2017-09-12T13:45:34.241437152Z: + [ -f /tmp/build/test/cases/_tmp/env.sh ]
[STDERR  ] 2017-09-12T13:45:34.241447383Z: + . /tmp/build/test/cases/_tmp/env.sh
[STDERR  ] 2017-09-12T13:45:34.241459203Z: + export LINUXKIT_EXAMPLES_DIR=/tmp/build/test/cases/../../examples
[STDERR  ] 2017-09-12T13:45:34.241477632Z: + export LINUXKIT_BLUEPRINTS_DIR=/tmp/build/test/cases/../../blueprints
[STDERR  ] 2017-09-12T13:45:34.24149048Z: + RT_CANCEL=253
[STDERR  ] 2017-09-12T13:45:34.241500313Z: + NAME=test-format
[STDERR  ] 2017-09-12T13:45:34.241509762Z: + trap clean_up EXIT
[STDERR  ] 2017-09-12T13:45:34.24151962Z: + moby build -name test-format -output kernel+initrd test.yml
[STDERR  ] 2017-09-12T13:45:34.253329126Z: Extract kernel image: linuxkit/kernel:4.9.46
[STDERR  ] 2017-09-12T13:45:35.979555776Z: Add init containers:
[STDERR  ] 2017-09-12T13:45:35.979605777Z: Process init image: linuxkit/init:6d11a1f9d299d3425e78cce80dfba8b236d20412
[STDERR  ] 2017-09-12T13:45:37.277879338Z: Process init image: linuxkit/runc:a1b564248a0d0b118c11e61db9f84ecf41dd2d2a
[STDERR  ] 2017-09-12T13:45:38.552543317Z: Add onboot containers:
[STDERR  ] 2017-09-12T13:45:38.552613154Z:   Create OCI config for linuxkit/format:158d992b7bf7ab984100c697d7e72161ea7d7382
[STDERR  ] 2017-09-12T13:45:39.93928202Z:   Create OCI config for linuxkit/format:158d992b7bf7ab984100c697d7e72161ea7d7382
[STDERR  ] 2017-09-12T13:45:39.941862512Z:   Create OCI config for linuxkit/mount:4fe245efb01384e42622c36302e13e386bbaeb08
[STDERR  ] 2017-09-12T13:45:41.186918474Z:   Create OCI config for linuxkit/mount:4fe245efb01384e42622c36302e13e386bbaeb08
[STDERR  ] 2017-09-12T13:45:41.189978912Z:   Create OCI config for alpine:3.6
[STDERR  ] 2017-09-12T13:45:42.44499369Z:   Create OCI config for linuxkit/poweroff:1e9876c682c74d0602b7647c628bb0875fb13998
[STDERR  ] 2017-09-12T13:45:43.72256641Z: Add files:
[STDERR  ] 2017-09-12T13:45:43.722618424Z:   check.sh
[STDERR  ] 2017-09-12T13:45:43.754983421Z: Create outputs:
[STDERR  ] 2017-09-12T13:45:48.611471198Z:   test-format-kernel test-format-initrd.img test-format-cmdline
[STDERR  ] 2017-09-12T13:45:48.669637278Z: + linuxkit run -disk file=test-format1.img,size=512M -disk file=test-format2.img,size=512M test-format
[STDERR  ] 2017-09-12T13:45:48.687944111Z: Unable to find qemu-system-x86_64 within the $PATH. Using a container
[STDOUT  ] 2017-09-12T13:46:36.124043972Z: [    0.000000] Linux version 4.9.46-linuxkit (root@e1ede117fb1e) (gcc version 6.3.0 (Alpine 6.3.0) ) #1 SMP Wed Aug 30 17:34:07 UTC 2017
[STDOUT  ] 2017-09-12T13:46:36.124142382Z: [    0.000000] Command line: console=ttyS0
[STDOUT  ] 2017-09-12T13:46:36.124158102Z: [    0.000000] x86/fpu: Legacy x87 FPU detected.
[STDOUT  ] 2017-09-12T13:46:36.124172872Z: [    0.000000] x86/fpu: Using 'eager' FPU context switches.
[STDOUT  ] 2017-09-12T13:46:36.124187018Z: [    0.000000] e820: BIOS-provided physical RAM map:
[STDOUT  ] 2017-09-12T13:46:36.124199235Z: [    0.000000] BIOS-e820: [mem 0x0000000000000000-0x000000000009fbff] usable
[STDERR  ] 2017-09-12T13:46:36.124188391Z: + RESULT=[    0.000000] Linux version 4.9.46-linuxkit (root@e1ede117fb1e) (gcc version 6.3.0 (Alpine 6.3.0) ) #1 SMP Wed Aug 30 17:34:07 UTC 2017
[STDOUT  ] 2017-09-12T13:46:36.124213675Z: [    0.000000] BIOS-e820: [mem 0x000000000009fc00-0x000000000009ffff] reserved
[STDOUT  ] 2017-09-12T13:46:36.124224978Z: [    0.000000] BIOS-e820: [mem 0x00000000000f0000-0x00000000000fffff] reserved
[STDERR  ] 2017-09-12T13:46:36.124222975Z: [    0.000000] Command line: console=ttyS0
[STDOUT  ] 2017-09-12T13:46:36.124235757Z: [    0.000000] BIOS-e820: [mem 0x0000000000100000-0x000000003ffddfff] usable
[STDOUT  ] 2017-09-12T13:46:36.12425485Z: [    0.000000] BIOS-e820: [mem 0x000000003ffde000-0x000000003fffffff] reserved
[STDERR  ] 2017-09-12T13:46:36.124253382Z: [    0.000000] x86/fpu: Legacy x87 FPU detected.
[STDOUT  ] 2017-09-12T13:46:36.124265318Z: [    0.000000] BIOS-e820: [mem 0x00000000b0000000-0x00000000bfffffff] reserved
[STDERR  ] 2017-09-12T13:46:36.124265915Z: [    0.000000] x86/fpu: Using 'eager' FPU context switches.
[STDOUT  ] 2017-09-12T13:46:36.124275535Z: [    0.000000] BIOS-e820: [mem 0x00000000fed1c000-0x00000000fed1ffff] reserved
[STDERR  ] 2017-09-12T13:46:36.124277477Z: [    0.000000] e820: BIOS-provided physical RAM map:
[STDERR  ] 2017-09-12T13:46:36.124289031Z: [    0.000000] BIOS-e820: [mem 0x0000000000000000-0x000000000009fbff] usable
[STDOUT  ] 2017-09-12T13:46:36.124287228Z: [    0.000000] BIOS-e820: [mem 0x00000000fffc0000-0x00000000ffffffff] reserved
[STDOUT  ] 2017-09-12T13:46:36.12429749Z: [    0.000000] NX (Execute Disable) protection: active
[STDERR  ] 2017-09-12T13:46:36.124299531Z: [    0.000000] BIOS-e820: [mem 0x000000000009fc00-0x000000000009ffff] reserved
[STDOUT  ] 2017-09-12T13:46:36.124308028Z: [    0.000000] SMBIOS 2.8 present.
[STDERR  ] 2017-09-12T13:46:36.124309625Z: [    0.000000] BIOS-e820: [mem 0x00000000000f0000-0x00000000000fffff] reserved
[STDOUT  ] 2017-09-12T13:46:36.124318368Z: [    0.000000] e820: last_pfn = 0x3ffde max_arch_pfn = 0x400000000
[STDERR  ] 2017-09-12T13:46:36.124320047Z: [    0.000000] BIOS-e820: [mem 0x0000000000100000-0x000000003ffddfff] usable
[STDOUT  ] 2017-09-12T13:46:36.124328721Z: [    0.000000] x86/PAT: Configuration [0-7]: WB  WC  UC- UC  WB  WC  UC- WT  
[STDERR  ] 2017-09-12T13:46:36.124348198Z: [    0.000000] BIOS-e820: [mem 0x000000003ffde000-0x000000003fffffff] reserved
[STDERR  ] 2017-09-12T13:46:36.124365788Z: [    0.000000] BIOS-e820: [mem 0x00000000b0000000-0x00000000bfffffff] reserved
[STDOUT  ] 2017-09-12T13:46:36.124364391Z: [    0.000000] found SMP MP-table at [mem 0x000f6aa0-0x000f6aaf] mapped at [ffff9908c00f6aa0]
[STDERR  ] 2017-09-12T13:46:36.124377751Z: [    0.000000] BIOS-e820: [mem 0x00000000fed1c000-0x00000000fed1ffff] reserved
[STDOUT  ] 2017-09-12T13:46:36.124375645Z: [    0.000000] RAMDISK: [mem 0x3e2d2000-0x3ffcffff]
[STDOUT  ] 2017-09-12T13:46:36.124385961Z: [    0.000000] ACPI: Early table checksum verification disabled
[STDERR  ] 2017-09-12T13:46:36.124387381Z: [    0.000000] BIOS-e820: [mem 0x00000000fffc0000-0x00000000ffffffff] reserved
[STDOUT  ] 2017-09-12T13:46:36.124396318Z: [    0.000000] ACPI: RSDP 0x00000000000F68C0 000014 (v00 BOCHS )
[STDERR  ] 2017-09-12T13:46:36.124397905Z: [    0.000000] NX (Execute Disable) protection: active
[STDOUT  ] 2017-09-12T13:46:36.12440658Z: [    0.000000] ACPI: RSDT 0x000000003FFE2404 000034 (v01 BOCHS  BXPCRSDT 00000001 BXPC 00000001)
[STDERR  ] 2017-09-12T13:46:36.124408228Z: [    0.000000] SMBIOS 2.8 present.
[STDOUT  ] 2017-09-12T13:46:36.124417418Z: [    0.000000] ACPI: FACP 0x000000003FFE22A4 000074 (v01 BOCHS  BXPCFACP 00000001 BXPC 00000001)
[STDERR  ] 2017-09-12T13:46:36.124418937Z: [    0.000000] e820: last_pfn = 0x3ffde max_arch_pfn = 0x400000000
[STDOUT  ] 2017-09-12T13:46:36.124429847Z: [    0.000000] ACPI: DSDT 0x000000003FFE0040 002264 (v01 BOCHS  BXPCDSDT 00000001 BXPC 00000001)
[STDERR  ] 2017-09-12T13:46:36.124431447Z: [    0.000000] x86/PAT: Configuration [0-7]: WB  WC  UC- UC  WB  WC  UC- WT  
[STDOUT  ] 2017-09-12T13:46:36.124440575Z: [    0.000000] ACPI: FACS 0x000000003FFE0000 000040
[STDOUT  ] 2017-09-12T13:46:36.12445083Z: [    0.000000] ACPI: APIC 0x000000003FFE2318 000078 (v01 BOCHS  BXPCAPIC 00000001 BXPC 00000001)
[STDERR  ] 2017-09-12T13:46:36.12444506Z: [    0.000000] found SMP MP-table at [mem 0x000f6aa0-0x000f6aaf] mapped at [ffff9908c00f6aa0]
[STDERR  ] 2017-09-12T13:46:36.124458135Z: [    0.000000] RAMDISK: [mem 0x3e2d2000-0x3ffcffff]
[STDOUT  ] 2017-09-12T13:46:36.124462877Z: [    0.000000] ACPI: HPET 0x000000003FFE2390 000038 (v01 BOCHS  BXPCHPET 00000001 BXPC 00000001)
[STDOUT  ] 2017-09-12T13:46:36.124481198Z: [    0.000000] ACPI: MCFG 0x000000003FFE23C8 00003C (v01 BOCHS  BXPCMCFG 00000001 BXPC 00000001)
[STDERR  ] 2017-09-12T13:46:36.124477655Z: [    0.000000] ACPI: Early table checksum verification disabled
[STDERR  ] 2017-09-12T13:46:36.124489285Z: [    0.000000] ACPI: RSDP 0x00000000000F68C0 000014 (v00 BOCHS )
[STDOUT  ] 2017-09-12T13:46:36.124491802Z: [    0.000000] Zone ranges:
[STDERR  ] 2017-09-12T13:46:36.124499385Z: [    0.000000] ACPI: RSDT 0x000000003FFE2404 000034 (v01 BOCHS  BXPCRSDT 00000001 BXPC 00000001)
[STDOUT  ] 2017-09-12T13:46:36.124502057Z: [    0.000000]   DMA      [mem 0x0000000000001000-0x0000000000ffffff]
[STDERR  ] 2017-09-12T13:46:36.124509835Z: [    0.000000] ACPI: FACP 0x000000003FFE22A4 000074 (v01 BOCHS  BXPCFACP 00000001 BXPC 00000001)
[STDOUT  ] 2017-09-12T13:46:36.1245127Z: [    0.000000]   DMA32    [mem 0x0000000001000000-0x000000003ffddfff]
[STDERR  ] 2017-09-12T13:46:36.124519735Z: [    0.000000] ACPI: DSDT 0x000000003FFE0040 002264 (v01 BOCHS  BXPCDSDT 00000001 BXPC 00000001)
[STDOUT  ] 2017-09-12T13:46:36.124522588Z: [    0.000000]   Normal   empty
[STDERR  ] 2017-09-12T13:46:36.12452974Z: [    0.000000] ACPI: FACS 0x000000003FFE0000 000040
[STDOUT  ] 2017-09-12T13:46:36.124533012Z: [    0.000000] Movable zone start for each node
[STDERR  ] 2017-09-12T13:46:36.124539715Z: [    0.000000] ACPI: APIC 0x000000003FFE2318 000078 (v01 BOCHS  BXPCAPIC 00000001 BXPC 00000001)
[STDOUT  ] 2017-09-12T13:46:36.124543305Z: [    0.000000] Early memory node ranges
[STDERR  ] 2017-09-12T13:46:36.124552045Z: [    0.000000] ACPI: HPET 0x000000003FFE2390 000038 (v01 BOCHS  BXPCHPET 00000001 BXPC 00000001)
[STDOUT  ] 2017-09-12T13:46:36.1245542Z: [    0.000000]   node   0: [mem 0x0000000000001000-0x000000000009efff]
[STDOUT  ] 2017-09-12T13:46:36.124564274Z: [    0.000000]   node   0: [mem 0x0000000000100000-0x000000003ffddfff]
[STDERR  ] 2017-09-12T13:46:36.124562521Z: [    0.000000] ACPI: MCFG 0x000000003FFE23C8 00003C (v01 BOCHS  BXPCMCFG 00000001 BXPC 00000001)
[STDOUT  ] 2017-09-12T13:46:36.124574696Z: [    0.000000] Initmem setup node 0 [mem 0x0000000000001000-0x000000003ffddfff]
[STDERR  ] 2017-09-12T13:46:36.124572621Z: [    0.000000] Zone ranges:
[STDERR  ] 2017-09-12T13:46:36.124582986Z: [    0.000000]   DMA      [mem 0x0000000000001000-0x0000000000ffffff]
[STDOUT  ] 2017-09-12T13:46:36.124584954Z: [    0.000000] ACPI: PM-Timer IO Port: 0x608
[STDERR  ] 2017-09-12T13:46:36.12459329Z: [    0.000000]   DMA32    [mem 0x0000000001000000-0x000000003ffddfff]
[STDOUT  ] 2017-09-12T13:46:36.124595031Z: [    0.000000] ACPI: LAPIC_NMI (acpi_id[0xff] dfl dfl lint[0x1])
[STDERR  ] 2017-09-12T13:46:36.124604094Z: [    0.000000]   Normal   empty
[STDOUT  ] 2017-09-12T13:46:36.124605706Z: [    0.000000] IOAPIC[0]: apic_id 0, version 32, address 0xfec00000, GSI 0-23
[STDOUT  ] 2017-09-12T13:46:36.124615254Z: [    0.000000] ACPI: INT_SRC_OVR (bus 0 bus_irq 0 global_irq 2 dfl dfl)
[STDERR  ] 2017-09-12T13:46:36.124614394Z: [    0.000000] Movable zone start for each node
[STDERR  ] 2017-09-12T13:46:36.12462445Z: [    0.000000] Early memory node ranges
[STDOUT  ] 2017-09-12T13:46:36.124625184Z: [    0.000000] ACPI: INT_SRC_OVR (bus 0 bus_irq 5 global_irq 5 high level)
[STDERR  ] 2017-09-12T13:46:36.124634984Z: [    0.000000]   node   0: [mem 0x0000000000001000-0x000000000009efff]
[STDOUT  ] 2017-09-12T13:46:36.124637191Z: [    0.000000] ACPI: INT_SRC_OVR (bus 0 bus_irq 9 global_irq 9 high level)
[STDERR  ] 2017-09-12T13:46:36.124645151Z: [    0.000000]   node   0: [mem 0x0000000000100000-0x000000003ffddfff]
[STDOUT  ] 2017-09-12T13:46:36.124647004Z: [    0.000000] ACPI: INT_SRC_OVR (bus 0 bus_irq 10 global_irq 10 high level)
[STDERR  ] 2017-09-12T13:46:36.124657671Z: [    0.000000] Initmem setup node 0 [mem 0x0000000000001000-0x000000003ffddfff]
[STDOUT  ] 2017-09-12T13:46:36.124657214Z: [    0.000000] ACPI: INT_SRC_OVR (bus 0 bus_irq 11 global_irq 11 high level)
[STDOUT  ] 2017-09-12T13:46:36.12467276Z: [    0.000000] Using ACPI (MADT) for SMP configuration information
[STDERR  ] 2017-09-12T13:46:36.124672859Z: [    0.000000] ACPI: PM-Timer IO Port: 0x608
[STDOUT  ] 2017-09-12T13:46:36.124685034Z: [    0.000000] ACPI: HPET id: 0x8086a201 base: 0xfed00000
[STDERR  ] 2017-09-12T13:46:36.124687544Z: [    0.000000] ACPI: LAPIC_NMI (acpi_id[0xff] dfl dfl lint[0x1])
[STDERR  ] 2017-09-12T13:46:36.124698117Z: [    0.000000] IOAPIC[0]: apic_id 0, version 32, address 0xfec00000, GSI 0-23
[STDOUT  ] 2017-09-12T13:46:36.12469668Z: [    0.000000] smpboot: Allowing 1 CPUs, 0 hotplug CPUs
[STDOUT  ] 2017-09-12T13:46:36.12470698Z: [    0.000000] e820: [mem 0x40000000-0xafffffff] available for PCI devices
[STDERR  ] 2017-09-12T13:46:36.124710064Z: [    0.000000] ACPI: INT_SRC_OVR (bus 0 bus_irq 0 global_irq 2 dfl dfl)
[STDERR  ] 2017-09-12T13:46:36.124720219Z: [    0.000000] ACPI: INT_SRC_OVR (bus 0 bus_irq 5 global_irq 5 high level)
[STDOUT  ] 2017-09-12T13:46:36.124716454Z: [    0.000000] Booting paravirtualized kernel on bare hardware
[STDERR  ] 2017-09-12T13:46:36.124730099Z: [    0.000000] ACPI: INT_SRC_OVR (bus 0 bus_irq 9 global_irq 9 high level)
[STDOUT  ] 2017-09-12T13:46:36.124727074Z: [    0.000000] clocksource: refined-jiffies: mask: 0xffffffff max_cycles: 0xffffffff, max_idle_ns: 19112604462750000 ns
[STDERR  ] 2017-09-12T13:46:36.124739704Z: [    0.000000] ACPI: INT_SRC_OVR (bus 0 bus_irq 10 global_irq 10 high level)
[STDERR  ] 2017-09-12T13:46:36.124749196Z: [    0.000000] ACPI: INT_SRC_OVR (bus 0 bus_irq 11 global_irq 11 high level)
[STDOUT  ] 2017-09-12T13:46:36.124741604Z: [    0.000000] setup_percpu: NR_CPUS:128 nr_cpumask_bits:128 nr_cpu_ids:1 nr_node_ids:1
[STDOUT  ] 2017-09-12T13:46:36.124756169Z: [    0.000000] percpu: Embedded 35 pages/cpu @ffff9908fe000000 s105240 r8192 d29928 u2097152
[STDERR  ] 2017-09-12T13:46:36.124759337Z: [    0.000000] Using ACPI (MADT) for SMP configuration information
[STDERR  ] 2017-09-12T13:46:36.124769779Z: [    0.000000] ACPI: HPET id: 0x8086a201 base: 0xfed00000
[STDERR  ] 2017-09-12T13:46:36.1247797Z: [    0.000000] smpboot: Allowing 1 CPUs, 0 hotplug CPUs
[STDOUT  ] 2017-09-12T13:46:36.124766536Z: [    0.000000] Built 1 zonelists in Zone order, mobility grouping on.  Total pages: 257895
[STDERR  ] 2017-09-12T13:46:36.124795739Z: [    0.000000] e820: [mem 0x40000000-0xafffffff] available for PCI devices
[STDOUT  ] 2017-09-12T13:46:36.12480493Z: [    0.000000] Kernel command line: console=ttyS0
[STDERR  ] 2017-09-12T13:46:36.124807959Z: [    0.000000] Booting paravirtualized kernel on bare hardware
[STDOUT  ] 2017-09-12T13:46:36.124815304Z: [    0.000000] PID hash table entries: 4096 (order: 3, 32768 bytes)
[STDERR  ] 2017-09-12T13:46:36.124818074Z: [    0.000000] clocksource: refined-jiffies: mask: 0xffffffff max_cycles: 0xffffffff, max_idle_ns: 19112604462750000 ns
[STDOUT  ] 2017-09-12T13:46:36.124827716Z: [    0.000000] Dentry cache hash table entries: 131072 (order: 8, 1048576 bytes)
[STDERR  ] 2017-09-12T13:46:36.124832206Z: [    0.000000] setup_percpu: NR_CPUS:128 nr_cpumask_bits:128 nr_cpu_ids:1 nr_node_ids:1
[STDOUT  ] 2017-09-12T13:46:36.124840731Z: [    0.000000] Inode-cache hash table entries: 65536 (order: 7, 524288 bytes)
[STDERR  ] 2017-09-12T13:46:36.124842571Z: [    0.000000] percpu: Embedded 35 pages/cpu @ffff9908fe000000 s105240 r8192 d29928 u2097152
[STDOUT  ] 2017-09-12T13:46:36.124854247Z: [    0.000000] Memory: 984480K/1048048K available (8030K kernel code, 1366K rwdata, 2696K rodata, 1380K init, 568K bss, 63568K reserved, 0K cma-reserved)
[STDERR  ] 2017-09-12T13:46:36.1248547Z: [    0.000000] Built 1 zonelists in Zone order, mobility grouping on.  Total pages: 257895
[STDERR  ] 2017-09-12T13:46:36.124874184Z: [    0.000000] Kernel command line: console=ttyS0
[STDOUT  ] 2017-09-12T13:46:36.12487429Z: [    0.000000] Hierarchical RCU implementation.
[STDERR  ] 2017-09-12T13:46:36.124884399Z: [    0.000000] PID hash table entries: 4096 (order: 3, 32768 bytes)
[STDOUT  ] 2017-09-12T13:46:36.124885944Z: [    0.000000] 	Build-time adjustment of leaf fanout to 64.
[STDERR  ] 2017-09-12T13:46:36.124894657Z: [    0.000000] Dentry cache hash table entries: 131072 (order: 8, 1048576 bytes)
[STDOUT  ] 2017-09-12T13:46:36.124906437Z: [    0.000000] 	RCU restricting CPUs from NR_CPUS=128 to nr_cpu_ids=1.
[STDERR  ] 2017-09-12T13:46:36.124907904Z: [    0.000000] Inode-cache hash table entries: 65536 (order: 7, 524288 bytes)
[STDOUT  ] 2017-09-12T13:46:36.124917301Z: [    0.000000] RCU: Adjusting geometry for rcu_fanout_leaf=64, nr_cpu_ids=1
[STDERR  ] 2017-09-12T13:46:36.12491935Z: [    0.000000] Memory: 984480K/1048048K available (8030K kernel code, 1366K rwdata, 2696K rodata, 1380K init, 568K bss, 63568K reserved, 0K cma-reserved)
[STDOUT  ] 2017-09-12T13:46:36.12492777Z: [    0.000000] NR_IRQS:8448 nr_irqs:256 16
[STDERR  ] 2017-09-12T13:46:36.124932366Z: [    0.000000] Hierarchical RCU implementation.
[STDOUT  ] 2017-09-12T13:46:36.124937947Z: [    0.000000] Console: colour VGA+ 80x25
[STDERR  ] 2017-09-12T13:46:36.124943511Z: [    0.000000] 	Build-time adjustment of leaf fanout to 64.
[STDOUT  ] 2017-09-12T13:46:36.124948054Z: [    0.000000] console [ttyS0] enabled
[STDOUT  ] 2017-09-12T13:46:36.124959499Z: [    0.000000] clocksource: hpet: mask: 0xffffffff max_cycles: 0xffffffff, max_idle_ns: 19112604467 ns
[STDERR  ] 2017-09-12T13:46:36.12495363Z: [    0.000000] 	RCU restricting CPUs from NR_CPUS=128 to nr_cpu_ids=1.
[STDOUT  ] 2017-09-12T13:46:36.124971151Z: [    0.000000] tsc: Fast TSC calibration using PIT
[STDERR  ] 2017-09-12T13:46:36.1249734Z: [    0.000000] RCU: Adjusting geometry for rcu_fanout_leaf=64, nr_cpu_ids=1
[STDOUT  ] 2017-09-12T13:46:36.124980899Z: [    0.000000] tsc: Detected 2600.008 MHz processor
[STDERR  ] 2017-09-12T13:46:36.124984174Z: [    0.000000] NR_IRQS:8448 nr_irqs:256 16
[STDOUT  ] 2017-09-12T13:46:36.124990729Z: [    0.021597] Calibrating delay loop (skipped), value calculated using timer frequency.. 5200.01 BogoMIPS (lpj=26000080)
[STDERR  ] 2017-09-12T13:46:36.124995107Z: [    0.000000] Console: colour VGA+ 80x25
[STDOUT  ] 2017-09-12T13:46:36.125001224Z: [    0.022520] pid_max: default: 32768 minimum: 301
[STDERR  ] 2017-09-12T13:46:36.12500526Z: [    0.000000] console [ttyS0] enabled
[STDOUT  ] 2017-09-12T13:46:36.12501211Z: [    0.023418] ACPI: Core revision 20160831
[STDERR  ] 2017-09-12T13:46:36.125018334Z: [    0.000000] clocksource: hpet: mask: 0xffffffff max_cycles: 0xffffffff, max_idle_ns: 19112604467 ns
[STDOUT  ] 2017-09-12T13:46:36.125023849Z: [    0.066073] ACPI: 1 ACPI AML tables successfully acquired and loaded
[STDOUT  ] 2017-09-12T13:46:36.12503444Z: [    0.071141] Security Framework initialized
[STDERR  ] 2017-09-12T13:46:36.125030006Z: [    0.000000] tsc: Fast TSC calibration using PIT
[STDERR  ] 2017-09-12T13:46:36.125041574Z: [    0.000000] tsc: Detected 2600.008 MHz processor
[STDOUT  ] 2017-09-12T13:46:36.125044831Z: [    0.071712] Yama: becoming mindful.
[STDERR  ] 2017-09-12T13:46:36.125051979Z: [    0.021597] Calibrating delay loop (skipped), value calculated using timer frequency.. 5200.01 BogoMIPS (lpj=26000080)
[STDOUT  ] 2017-09-12T13:46:36.125055056Z: [    0.073847] Mount-cache hash table entries: 2048 (order: 2, 16384 bytes)
[STDERR  ] 2017-09-12T13:46:36.125062464Z: [    0.022520] pid_max: default: 32768 minimum: 301
[STDOUT  ] 2017-09-12T13:46:36.125065447Z: [    0.074538] Mountpoint-cache hash table entries: 2048 (order: 2, 16384 bytes)
[STDERR  ] 2017-09-12T13:46:36.125072024Z: [    0.023418] ACPI: Core revision 20160831
[STDOUT  ] 2017-09-12T13:46:36.125076726Z: [    0.093851] Last level iTLB entries: 4KB 0, 2MB 0, 4MB 0
[STDERR  ] 2017-09-12T13:46:36.12508248Z: [    0.066073] ACPI: 1 ACPI AML tables successfully acquired and loaded
[STDOUT  ] 2017-09-12T13:46:36.12508714Z: [    0.094384] Last level dTLB entries: 4KB 0, 2MB 0, 4MB 0, 1GB 0
[STDERR  ] 2017-09-12T13:46:36.125092396Z: [    0.071141] Security Framework initialized
[STDOUT  ] 2017-09-12T13:46:36.125097551Z: [    0.392107] Freeing SMP alternatives memory: 20K
[STDERR  ] 2017-09-12T13:46:36.125101869Z: [    0.071712] Yama: becoming mindful.
[STDOUT  ] 2017-09-12T13:46:36.125113049Z: [    0.402705] ftrace: allocating 35505 entries in 139 pages
[STDERR  ] 2017-09-12T13:46:36.125117844Z: [    0.073847] Mount-cache hash table entries: 2048 (order: 2, 16384 bytes)
[STDOUT  ] 2017-09-12T13:46:36.125123376Z: [    0.559117] smpboot: Max logical packages: 1
[STDERR  ] 2017-09-12T13:46:36.125128206Z: [    0.074538] Mountpoint-cache hash table entries: 2048 (order: 2, 16384 bytes)
[STDOUT  ] 2017-09-12T13:46:36.125133184Z: [    0.566470] ..TIMER: vector=0x30 apic1=0 pin1=2 apic2=-1 pin2=-1
[STDERR  ] 2017-09-12T13:46:36.125139921Z: [    0.093851] Last level iTLB entries: 4KB 0, 2MB 0, 4MB 0
[STDOUT  ] 2017-09-12T13:46:36.125145421Z: [    0.670000] smpboot: CPU0: AMD QEMU Virtual CPU version 2.5+ (family: 0x6, model: 0x6, stepping: 0x3)
[STDERR  ] 2017-09-12T13:46:36.12514998Z: [    0.094384] Last level dTLB entries: 4KB 0, 2MB 0, 4MB 0, 1GB 0
[STDOUT  ] 2017-09-12T13:46:36.125155801Z: [    0.670000] Performance Events: PMU not available due to virtualization, using software events only.
[STDOUT  ] 2017-09-12T13:46:36.1251654Z: [    0.678848] NMI watchdog: disabled (cpu0): hardware events not enabled
[STDERR  ] 2017-09-12T13:46:36.125163636Z: [    0.392107] Freeing SMP alternatives memory: 20K
[STDERR  ] 2017-09-12T13:46:36.125176519Z: [    0.402705] ftrace: allocating 35505 entries in 139 pages
[STDOUT  ] 2017-09-12T13:46:36.125175144Z: [    0.679432] NMI watchdog: Shutting down hard lockup detector on all cpus
[STDOUT  ] 2017-09-12T13:46:36.125188041Z: [    0.683454] x86: Booted up 1 node, 1 CPUs
[STDERR  ] 2017-09-12T13:46:36.125189014Z: [    0.559117] smpboot: Max logical packages: 1
[STDOUT  ] 2017-09-12T13:46:36.125198209Z: [    0.683917] smpboot: Total of 1 processors activated (5200.01 BogoMIPS)
[STDERR  ] 2017-09-12T13:46:36.125199831Z: [    0.566470] ..TIMER: vector=0x30 apic1=0 pin1=2 apic2=-1 pin2=-1
[STDOUT  ] 2017-09-12T13:46:36.125208794Z: [    0.697595] devtmpfs: initialized
[STDERR  ] 2017-09-12T13:46:36.125210339Z: [    0.670000] smpboot: CPU0: AMD QEMU Virtual CPU version 2.5+ (family: 0x6, model: 0x6, stepping: 0x3)
[STDERR  ] 2017-09-12T13:46:36.125221694Z: [    0.670000] Performance Events: PMU not available due to virtualization, using software events only.
[STDOUT  ] 2017-09-12T13:46:36.125219876Z: [    0.702708] x86/mm: Memory block size: 128MB
[STDOUT  ] 2017-09-12T13:46:36.125230414Z: [    0.766918] clocksource: jiffies: mask: 0xffffffff max_cycles: 0xffffffff, max_idle_ns: 19112604462750000 ns
[STDERR  ] 2017-09-12T13:46:36.125231527Z: [    0.678848] NMI watchdog: disabled (cpu0): hardware events not enabled
[STDOUT  ] 2017-09-12T13:46:36.125240557Z: [    0.767943] futex hash table entries: 256 (order: 2, 16384 bytes)
[STDERR  ] 2017-09-12T13:46:36.125241334Z: [    0.679432] NMI watchdog: Shutting down hard lockup detector on all cpus
[STDOUT  ] 2017-09-12T13:46:36.125251789Z: [    0.777163] NET: Registered protocol family 16
[STDERR  ] 2017-09-12T13:46:36.125253399Z: [    0.683454] x86: Booted up 1 node, 1 CPUs
[STDOUT  ] 2017-09-12T13:46:36.125262275Z: [    0.786731] cpuidle: using governor ladder
[STDERR  ] 2017-09-12T13:46:36.12526385Z: [    0.683917] smpboot: Total of 1 processors activated (5200.01 BogoMIPS)
[STDOUT  ] 2017-09-12T13:46:36.125272333Z: [    0.787278] cpuidle: using governor menu
[STDERR  ] 2017-09-12T13:46:36.125275493Z: [    0.697595] devtmpfs: initialized
[STDOUT  ] 2017-09-12T13:46:36.125282519Z: [    0.788518] ACPI: bus type PCI registered
[STDERR  ] 2017-09-12T13:46:36.125285613Z: [    0.702708] x86/mm: Memory block size: 128MB
[STDOUT  ] 2017-09-12T13:46:36.12529234Z: [    0.791542] PCI: MMCONFIG for domain 0000 [bus 00-ff] at [mem 0xb0000000-0xbfffffff] (base 0xb0000000)
[STDERR  ] 2017-09-12T13:46:36.125300676Z: [    0.766918] clocksource: jiffies: mask: 0xffffffff max_cycles: 0xffffffff, max_idle_ns: 19112604462750000 ns
[STDOUT  ] 2017-09-12T13:46:36.125303209Z: [    0.792414] PCI: MMCONFIG at [mem 0xb0000000-0xbfffffff] reserved in E820
[STDERR  ] 2017-09-12T13:46:36.12531065Z: [    0.767943] futex hash table entries: 256 (order: 2, 16384 bytes)
[STDOUT  ] 2017-09-12T13:46:36.125313513Z: [    0.793845] PCI: Using configuration type 1 for base access
[STDERR  ] 2017-09-12T13:46:36.125327993Z: [    0.777163] NET: Registered protocol family 16
[STDOUT  ] 2017-09-12T13:46:36.12532835Z: [    0.849487] HugeTLB registered 2 MB page size, pre-allocated 0 pages
[STDERR  ] 2017-09-12T13:46:36.125338023Z: [    0.786731] cpuidle: using governor ladder
[STDOUT  ] 2017-09-12T13:46:36.125339953Z: [    0.861752] ACPI: Added _OSI(Module Device)
[STDERR  ] 2017-09-12T13:46:36.125347948Z: [    0.787278] cpuidle: using governor menu
[STDERR  ] 2017-09-12T13:46:36.125357318Z: [    0.788518] ACPI: bus type PCI registered
[STDOUT  ] 2017-09-12T13:46:36.125352969Z: [    0.862098] ACPI: Added _OSI(Processor Device)
[STDERR  ] 2017-09-12T13:46:36.125367438Z: [    0.791542] PCI: MMCONFIG for domain 0000 [bus 00-ff] at [mem 0xb0000000-0xbfffffff] (base 0xb0000000)
[STDOUT  ] 2017-09-12T13:46:36.125370395Z: [    0.862405] ACPI: Added _OSI(3.0 _SCP Extensions)
[STDERR  ] 2017-09-12T13:46:36.125377806Z: [    0.792414] PCI: MMCONFIG at [mem 0xb0000000-0xbfffffff] reserved in E820
[STDOUT  ] 2017-09-12T13:46:36.125380356Z: [    0.862743] ACPI: Added _OSI(Processor Aggregator Device)
[STDERR  ] 2017-09-12T13:46:36.125388085Z: [    0.793845] PCI: Using configuration type 1 for base access
[STDOUT  ] 2017-09-12T13:46:36.125390356Z: [    0.934528] ACPI: Interpreter enabled
[STDERR  ] 2017-09-12T13:46:36.125398689Z: [    0.849487] HugeTLB registered 2 MB page size, pre-allocated 0 pages
[STDOUT  ] 2017-09-12T13:46:36.125400148Z: [    0.935560] ACPI: (supports S0 S5)
[STDERR  ] 2017-09-12T13:46:36.125408776Z: [    0.861752] ACPI: Added _OSI(Module Device)
[STDOUT  ] 2017-09-12T13:46:36.125410368Z: [    0.935949] ACPI: Using IOAPIC for interrupt routing
[STDOUT  ] 2017-09-12T13:46:36.125420733Z: [    0.938740] PCI: Using host bridge windows from ACPI; if necessary, use "pci=nocrs" and report a bug
[STDERR  ] 2017-09-12T13:46:36.125418733Z: [    0.862098] ACPI: Added _OSI(Processor Device)
[STDOUT  ] 2017-09-12T13:46:36.125431298Z: [    1.002901] ACPI: PCI Root Bridge [PCI0] (domain 0000 [bus 00-ff])
[STDERR  ] 2017-09-12T13:46:36.125428743Z: [    0.862405] ACPI: Added _OSI(3.0 _SCP Extensions)
[STDERR  ] 2017-09-12T13:46:36.125438293Z: [    0.862743] ACPI: Added _OSI(Processor Aggregator Device)
[STDOUT  ] 2017-09-12T13:46:36.125441473Z: [    1.004083] acpi PNP0A08:00: _OSC: OS supports [ExtendedConfig ASPM ClockPM Segments MSI]
[STDERR  ] 2017-09-12T13:46:36.125448675Z: [    0.934528] ACPI: Interpreter enabled
[STDOUT  ] 2017-09-12T13:46:36.125456493Z: [    1.011484] acpi PNP0A08:00: _OSC: OS now controls [PCIeHotplug PME PCIeCapability]
[STDERR  ] 2017-09-12T13:46:36.125458323Z: [    0.935560] ACPI: (supports S0 S5)
[STDERR  ] 2017-09-12T13:46:36.12546798Z: [    0.935949] ACPI: Using IOAPIC for interrupt routing
[STDOUT  ] 2017-09-12T13:46:36.125466443Z: [    1.015205] PCI host bridge to bus 0000:00
[STDOUT  ] 2017-09-12T13:46:36.125476409Z: [    1.015693] pci_bus 0000:00: root bus resource [io  0x0000-0x0cf7 window]
[STDERR  ] 2017-09-12T13:46:36.12547928Z: [    0.938740] PCI: Using host bridge windows from ACPI; if necessary, use "pci=nocrs" and report a bug
[STDOUT  ] 2017-09-12T13:46:36.125486603Z: [    1.016181] pci_bus 0000:00: root bus resource [io  0x0d00-0xffff window]
[STDERR  ] 2017-09-12T13:46:36.12548983Z: [    1.002901] ACPI: PCI Root Bridge [PCI0] (domain 0000 [bus 00-ff])
[STDOUT  ] 2017-09-12T13:46:36.125496636Z: [    1.016629] pci_bus 0000:00: root bus resource [mem 0x000a0000-0x000bffff window]
[STDERR  ] 2017-09-12T13:46:36.125499908Z: [    1.004083] acpi PNP0A08:00: _OSC: OS supports [ExtendedConfig ASPM ClockPM Segments MSI]
[STDOUT  ] 2017-09-12T13:46:36.125509358Z: [    1.017146] pci_bus 0000:00: root bus resource [mem 0xc0000000-0xfebfffff window]
[STDERR  ] 2017-09-12T13:46:36.125511299Z: [    1.011484] acpi PNP0A08:00: _OSC: OS now controls [PCIeHotplug PME PCIeCapability]
[STDOUT  ] 2017-09-12T13:46:36.125519739Z: [    1.017839] pci_bus 0000:00: root bus resource [bus 00-ff]
[STDERR  ] 2017-09-12T13:46:36.125521353Z: [    1.015205] PCI host bridge to bus 0000:00
[STDOUT  ] 2017-09-12T13:46:36.12553882Z: [    1.126549] pci 0000:00:1f.0: quirk: [io  0x0600-0x067f] claimed by ICH6 ACPI/GPIO/TCO
[STDERR  ] 2017-09-12T13:46:36.125540525Z: [    1.015693] pci_bus 0000:00: root bus resource [io  0x0000-0x0cf7 window]
[STDERR  ] 2017-09-12T13:46:36.125550798Z: [    1.016181] pci_bus 0000:00: root bus resource [io  0x0d00-0xffff window]
[STDOUT  ] 2017-09-12T13:46:36.125549203Z: [    1.190771] ACPI: PCI Interrupt Link [LNKA] (IRQs 5 *10 11)
[STDOUT  ] 2017-09-12T13:46:36.125559658Z: [    1.193729] ACPI: PCI Interrupt Link [LNKB] (IRQs 5 *10 11)
[STDERR  ] 2017-09-12T13:46:36.125562835Z: [    1.016629] pci_bus 0000:00: root bus resource [mem 0x000a0000-0x000bffff window]
[STDOUT  ] 2017-09-12T13:46:36.12557201Z: [    1.196017] ACPI: PCI Interrupt Link [LNKC] (IRQs 5 10 *11)
[STDERR  ] 2017-09-12T13:46:36.125573356Z: [    1.017146] pci_bus 0000:00: root bus resource [mem 0xc0000000-0xfebfffff window]
[STDERR  ] 2017-09-12T13:46:36.125584253Z: [    1.017839] pci_bus 0000:00: root bus resource [bus 00-ff]
[STDOUT  ] 2017-09-12T13:46:36.125582565Z: [    1.197865] ACPI: PCI Interrupt Link [LNKD] (IRQs 5 10 *11)
[STDERR  ] 2017-09-12T13:46:36.125594123Z: [    1.126549] pci 0000:00:1f.0: quirk: [io  0x0600-0x067f] claimed by ICH6 ACPI/GPIO/TCO
[STDOUT  ] 2017-09-12T13:46:36.125595899Z: [    1.200471] ACPI: PCI Interrupt Link [LNKE] (IRQs 5 *10 11)
[STDERR  ] 2017-09-12T13:46:36.125604835Z: [    1.190771] ACPI: PCI Interrupt Link [LNKA] (IRQs 5 *10 11)
[STDOUT  ] 2017-09-12T13:46:36.125606368Z: [    1.202289] ACPI: PCI Interrupt Link [LNKF] (IRQs 5 *10 11)
[STDERR  ] 2017-09-12T13:46:36.125615605Z: [    1.193729] ACPI: PCI Interrupt Link [LNKB] (IRQs 5 *10 11)
[STDOUT  ] 2017-09-12T13:46:36.12561707Z: [    1.204152] ACPI: PCI Interrupt Link [LNKG] (IRQs 5 10 *11)
[STDERR  ] 2017-09-12T13:46:36.125625756Z: [    1.196017] ACPI: PCI Interrupt Link [LNKC] (IRQs 5 10 *11)
[STDOUT  ] 2017-09-12T13:46:36.125628963Z: [    1.206061] ACPI: PCI Interrupt Link [LNKH] (IRQs 5 10 *11)
[STDERR  ] 2017-09-12T13:46:36.125635296Z: [    1.197865] ACPI: PCI Interrupt Link [LNKD] (IRQs 5 10 *11)
[STDOUT  ] 2017-09-12T13:46:36.125639123Z: [    1.207057] ACPI: PCI Interrupt Link [GSIA] (IRQs *16)
[STDERR  ] 2017-09-12T13:46:36.125644568Z: [    1.200471] ACPI: PCI Interrupt Link [LNKE] (IRQs 5 *10 11)
[STDOUT  ] 2017-09-12T13:46:36.12565106Z: [    1.207819] ACPI: PCI Interrupt Link [GSIB] (IRQs *17)
[STDERR  ] 2017-09-12T13:46:36.12565729Z: [    1.202289] ACPI: PCI Interrupt Link [LNKF] (IRQs 5 *10 11)
[STDOUT  ] 2017-09-12T13:46:36.12566133Z: [    1.208590] ACPI: PCI Interrupt Link [GSIC] (IRQs *18)
[STDERR  ] 2017-09-12T13:46:36.125667453Z: [    1.204152] ACPI: PCI Interrupt Link [LNKG] (IRQs 5 10 *11)
[STDOUT  ] 2017-09-12T13:46:36.125671636Z: [    1.209334] ACPI: PCI Interrupt Link [GSID] (IRQs *19)
[STDERR  ] 2017-09-12T13:46:36.125677093Z: [    1.206061] ACPI: PCI Interrupt Link [LNKH] (IRQs 5 10 *11)
[STDOUT  ] 2017-09-12T13:46:36.12568144Z: [    1.210245] ACPI: PCI Interrupt Link [GSIE] (IRQs *20)
[STDERR  ] 2017-09-12T13:46:36.125687803Z: [    1.207057] ACPI: PCI Interrupt Link [GSIA] (IRQs *16)
[STDOUT  ] 2017-09-12T13:46:36.125691733Z: [    1.210995] ACPI: PCI Interrupt Link [GSIF] (IRQs *21)
[STDERR  ] 2017-09-12T13:46:36.125697705Z: [    1.207819] ACPI: PCI Interrupt Link [GSIB] (IRQs *17)
[STDOUT  ] 2017-09-12T13:46:36.125702015Z: [    1.211752] ACPI: PCI Interrupt Link [GSIG] (IRQs *22)
[STDERR  ] 2017-09-12T13:46:36.125708746Z: [    1.208590] ACPI: PCI Interrupt Link [GSIC] (IRQs *18)
[STDOUT  ] 2017-09-12T13:46:36.125711963Z: [    1.212490] ACPI: PCI Interrupt Link [GSIH] (IRQs *23)
[STDERR  ] 2017-09-12T13:46:36.125719809Z: [    1.209334] ACPI: PCI Interrupt Link [GSID] (IRQs *19)
[STDOUT  ] 2017-09-12T13:46:36.125721553Z: [    1.216244] ACPI: Enabled 2 GPEs in block 00 to 3F
[STDERR  ] 2017-09-12T13:46:36.12572958Z: [    1.210245] ACPI: PCI Interrupt Link [GSIE] (IRQs *20)
[STDOUT  ] 2017-09-12T13:46:36.125733138Z: [    1.220732] SCSI subsystem initialized
[STDOUT  ] 2017-09-12T13:46:36.125749099Z: [    1.222560] ACPI: bus type USB registered
[STDERR  ] 2017-09-12T13:46:36.12574746Z: [    1.210995] ACPI: PCI Interrupt Link [GSIF] (IRQs *21)
[STDERR  ] 2017-09-12T13:46:36.125757856Z: [    1.211752] ACPI: PCI Interrupt Link [GSIG] (IRQs *22)
[STDOUT  ] 2017-09-12T13:46:36.125759388Z: [    1.224088] usbcore: registered new interface driver usbfs
[STDOUT  ] 2017-09-12T13:46:36.125769233Z: [    1.225135] usbcore: registered new interface driver hub
[STDERR  ] 2017-09-12T13:46:36.125768516Z: [    1.212490] ACPI: PCI Interrupt Link [GSIH] (IRQs *23)
[STDOUT  ] 2017-09-12T13:46:36.125779663Z: [    1.226189] usbcore: registered new device driver usb
[STDERR  ] 2017-09-12T13:46:36.125781369Z: [    1.216244] ACPI: Enabled 2 GPEs in block 00 to 3F
[STDERR  ] 2017-09-12T13:46:36.12579165Z: [    1.220732] SCSI subsystem initialized
[STDOUT  ] 2017-09-12T13:46:36.12578987Z: [    1.227780] pps_core: LinuxPPS API ver. 1 registered
[STDERR  ] 2017-09-12T13:46:36.12580082Z: [    1.222560] ACPI: bus type USB registered
[STDERR  ] 2017-09-12T13:46:36.125810233Z: [    1.224088] usbcore: registered new interface driver usbfs
[STDOUT  ] 2017-09-12T13:46:36.125807026Z: [    1.228186] pps_core: Software ver. 5.3.6 - Copyright 2005-2007 Rodolfo Giometti <giometti@linux.it>
[STDERR  ] 2017-09-12T13:46:36.125820129Z: [    1.225135] usbcore: registered new interface driver hub
[STDOUT  ] 2017-09-12T13:46:36.125817473Z: [    1.229028] PTP clock support registered
[STDOUT  ] 2017-09-12T13:46:36.125827066Z: [    1.230988] wmi: Mapper loaded
[STDERR  ] 2017-09-12T13:46:36.125832043Z: [    1.226189] usbcore: registered new device driver usb
[STDERR  ] 2017-09-12T13:46:36.125842453Z: [    1.227780] pps_core: LinuxPPS API ver. 1 registered
[STDOUT  ] 2017-09-12T13:46:36.125838463Z: [    1.232677] PCI: Using ACPI for IRQ routing
[STDOUT  ] 2017-09-12T13:46:36.125854248Z: [    1.251095] NetLabel: Initializing
[STDERR  ] 2017-09-12T13:46:36.125852693Z: [    1.228186] pps_core: Software ver. 5.3.6 - Copyright 2005-2007 Rodolfo Giometti <giometti@linux.it>
[STDOUT  ] 2017-09-12T13:46:36.125863926Z: [    1.251436] NetLabel:  domain hash size = 128
[STDERR  ] 2017-09-12T13:46:36.12587137Z: [    1.229028] PTP clock support registered
[STDOUT  ] 2017-09-12T13:46:36.125873629Z: [    1.251885] NetLabel:  protocols = UNLABELED CIPSOv4
[STDERR  ] 2017-09-12T13:46:36.125882385Z: [    1.230988] wmi: Mapper loaded
[STDOUT  ] 2017-09-12T13:46:36.125883985Z: [    1.254624] NetLabel:  unlabeled traffic allowed by default
[STDERR  ] 2017-09-12T13:46:36.125892753Z: [    1.232677] PCI: Using ACPI for IRQ routing
[STDOUT  ] 2017-09-12T13:46:36.125894508Z: [    1.255846] HPET: 3 timers in total, 0 timers will be used for per-cpu timer
[STDERR  ] 2017-09-12T13:46:36.12590262Z: [    1.251095] NetLabel: Initializing
[STDOUT  ] 2017-09-12T13:46:36.12590452Z: [    1.256654] hpet0: at MMIO 0xfed00000, IRQs 2, 8, 0
[STDERR  ] 2017-09-12T13:46:36.125914056Z: [    1.251436] NetLabel:  domain hash size = 128
[STDOUT  ] 2017-09-12T13:46:36.125915643Z: [    1.257217] hpet0: 3 comparators, 64-bit 100.000000 MHz counter
[STDERR  ] 2017-09-12T13:46:36.12592392Z: [    1.251885] NetLabel:  protocols = UNLABELED CIPSOv4
[STDOUT  ] 2017-09-12T13:46:36.125927185Z: [    1.264594] clocksource: Switched to clocksource hpet
[STDERR  ] 2017-09-12T13:46:36.125934323Z: [    1.254624] NetLabel:  unlabeled traffic allowed by default
[STDOUT  ] 2017-09-12T13:46:36.125937328Z: [    1.516528] VFS: Disk quotas dquot_6.6.0
[STDERR  ] 2017-09-12T13:46:36.125944313Z: [    1.255846] HPET: 3 timers in total, 0 timers will be used for per-cpu timer
[STDOUT  ] 2017-09-12T13:46:36.125947445Z: [    1.517307] VFS: Dquot-cache hash table entries: 512 (order 0, 4096 bytes)
[STDERR  ] 2017-09-12T13:46:36.125954353Z: [    1.256654] hpet0: at MMIO 0xfed00000, IRQs 2, 8, 0
[STDOUT  ] 2017-09-12T13:46:36.125957809Z: [    1.522016] FS-Cache: Loaded
[STDERR  ] 2017-09-12T13:46:36.125963895Z: [    1.257217] hpet0: 3 comparators, 64-bit 100.000000 MHz counter
[STDOUT  ] 2017-09-12T13:46:36.125973002Z: [    1.526822] CacheFiles: Loaded
[STDOUT  ] 2017-09-12T13:46:36.125984598Z: [    1.529105] pnp: PnP ACPI init
[STDERR  ] 2017-09-12T13:46:36.125979444Z: [    1.264594] clocksource: Switched to clocksource hpet
[STDOUT  ] 2017-09-12T13:46:36.125994768Z: [    1.541793] pnp: PnP ACPI: found 5 devices
[STDERR  ] 2017-09-12T13:46:36.125997685Z: [    1.516528] VFS: Disk quotas dquot_6.6.0
[STDOUT  ] 2017-09-12T13:46:36.126004585Z: [    1.590403] clocksource: acpi_pm: mask: 0xffffff max_cycles: 0xffffff, max_idle_ns: 2085701024 ns
[STDERR  ] 2017-09-12T13:46:36.126007712Z: [    1.517307] VFS: Dquot-cache hash table entries: 512 (order 0, 4096 bytes)
[STDOUT  ] 2017-09-12T13:46:36.126014838Z: [    1.594752] NET: Registered protocol family 2
[STDERR  ] 2017-09-12T13:46:36.126018192Z: [    1.522016] FS-Cache: Loaded
[STDOUT  ] 2017-09-12T13:46:36.126024382Z: [    1.602167] TCP established hash table entries: 8192 (order: 4, 65536 bytes)
[STDERR  ] 2017-09-12T13:46:36.126028949Z: [    1.526822] CacheFiles: Loaded
[STDOUT  ] 2017-09-12T13:46:36.126035405Z: [    1.603102] TCP bind hash table entries: 8192 (order: 5, 131072 bytes)
[STDERR  ] 2017-09-12T13:46:36.126039097Z: [    1.529105] pnp: PnP ACPI init
[STDOUT  ] 2017-09-12T13:46:36.126045142Z: [    1.603904] TCP: Hash tables configured (established 8192 bind 8192)
[STDERR  ] 2017-09-12T13:46:36.126051185Z: [    1.541793] pnp: PnP ACPI: found 5 devices
[STDERR  ] 2017-09-12T13:46:36.126060934Z: [    1.590403] clocksource: acpi_pm: mask: 0xffffff max_cycles: 0xffffff, max_idle_ns: 2085701024 ns
[STDOUT  ] 2017-09-12T13:46:36.126055642Z: [    1.605808] UDP hash table entries: 512 (order: 2, 16384 bytes)
[STDOUT  ] 2017-09-12T13:46:36.126067739Z: [    1.606428] UDP-Lite hash table entries: 512 (order: 2, 16384 bytes)
[STDERR  ] 2017-09-12T13:46:36.126071014Z: [    1.594752] NET: Registered protocol family 2
[STDOUT  ] 2017-09-12T13:46:36.126079465Z: [    1.608794] NET: Registered protocol family 1
[STDERR  ] 2017-09-12T13:46:36.126080695Z: [    1.602167] TCP established hash table entries: 8192 (order: 4, 65536 bytes)
[STDERR  ] 2017-09-12T13:46:36.126090692Z: [    1.603102] TCP bind hash table entries: 8192 (order: 5, 131072 bytes)
[STDOUT  ] 2017-09-12T13:46:36.126089295Z: [    1.609863] pci 0000:00:01.0: Video device with shadowed ROM at [mem 0x000c0000-0x000dffff]
[STDOUT  ] 2017-09-12T13:46:36.126099418Z: [    1.617208] Unpacking initramfs...
[STDERR  ] 2017-09-12T13:46:36.126100394Z: [    1.603904] TCP: Hash tables configured (established 8192 bind 8192)
[STDOUT  ] 2017-09-12T13:46:36.126109555Z: [    8.062031] Freeing initrd memory: 29688K
[STDERR  ] 2017-09-12T13:46:36.126111977Z: [    1.605808] UDP hash table entries: 512 (order: 2, 16384 bytes)
[STDOUT  ] 2017-09-12T13:46:36.126119322Z: [    8.087438] PCLMULQDQ-NI instructions are not detected.
[STDERR  ] 2017-09-12T13:46:36.126122212Z: [    1.606428] UDP-Lite hash table entries: 512 (order: 2, 16384 bytes)
[STDOUT  ] 2017-09-12T13:46:36.126129149Z: [    8.088970] AVX or AES-NI instructions are not detected.
[STDERR  ] 2017-09-12T13:46:36.126134578Z: [    1.608794] NET: Registered protocol family 1
[STDERR  ] 2017-09-12T13:46:36.126144222Z: [    1.609863] pci 0000:00:01.0: Video device with shadowed ROM at [mem 0x000c0000-0x000dffff]
[STDOUT  ] 2017-09-12T13:46:36.126140682Z: [    8.089488] CPU feature 'AVX registers' is not supported.
[STDOUT  ] 2017-09-12T13:46:36.126151237Z: [    8.089945] CPU feature 'AVX registers' is not supported.
[STDERR  ] 2017-09-12T13:46:36.126154597Z: [    1.617208] Unpacking initramfs...
[STDOUT  ] 2017-09-12T13:46:36.126160717Z: [    8.090799] CPU feature 'AVX registers' is not supported.
[STDERR  ] 2017-09-12T13:46:36.126170115Z: [    8.062031] Freeing initrd memory: 29688K
[STDOUT  ] 2017-09-12T13:46:36.126171777Z: [    8.091243] CPU feature 'AVX registers' is not supported.
[STDERR  ] 2017-09-12T13:46:36.126180107Z: [    8.087438] PCLMULQDQ-NI instructions are not detected.
[STDOUT  ] 2017-09-12T13:46:36.126181762Z: [    8.091671] AVX2 or AES-NI instructions are not detected.
[STDERR  ] 2017-09-12T13:46:36.126198915Z: [    8.088970] AVX or AES-NI instructions are not detected.
[STDOUT  ] 2017-09-12T13:46:36.126200297Z: [    8.092108] AVX2 instructions are not detected.
[STDERR  ] 2017-09-12T13:46:36.126209802Z: [    8.089488] CPU feature 'AVX registers' is not supported.
[STDOUT  ] 2017-09-12T13:46:36.126212304Z: [    8.097778] audit: initializing netlink subsys (disabled)
[STDERR  ] 2017-09-12T13:46:36.126219662Z: [    8.089945] CPU feature 'AVX registers' is not supported.
[STDOUT  ] 2017-09-12T13:46:36.126223414Z: [    8.099490] audit: type=2000 audit(1505223959.090:1): initialized
[STDERR  ] 2017-09-12T13:46:36.126230469Z: [    8.090799] CPU feature 'AVX registers' is not supported.
[STDOUT  ] 2017-09-12T13:46:36.126233718Z: [    8.111128] workingset: timestamp_bits=46 max_order=18 bucket_order=0
[STDERR  ] 2017-09-12T13:46:36.126242122Z: [    8.091243] CPU feature 'AVX registers' is not supported.
[STDOUT  ] 2017-09-12T13:46:36.126243862Z: [    8.117317] FS-Cache: Netfs 'cifs' registered for caching
[STDERR  ] 2017-09-12T13:46:36.126252458Z: [    8.091671] AVX2 or AES-NI instructions are not detected.
[STDOUT  ] 2017-09-12T13:46:36.126255779Z: [    8.118663] fuse init (API version 7.26)
[STDOUT  ] 2017-09-12T13:46:36.126265684Z: [    8.122536] SGI XFS with ACLs, security attributes, no debug enabled
[STDERR  ] 2017-09-12T13:46:36.126262779Z: [    8.092108] AVX2 instructions are not detected.
[STDERR  ] 2017-09-12T13:46:36.126272772Z: [    8.097778] audit: initializing netlink subsys (disabled)
[STDOUT  ] 2017-09-12T13:46:36.126276105Z: [    8.126537] 9p: Installing v9fs 9p2000 file system support
[STDERR  ] 2017-09-12T13:46:36.126282995Z: [    8.099490] audit: type=2000 audit(1505223959.090:1): initialized
[STDOUT  ] 2017-09-12T13:46:36.126286422Z: [    8.127098] FS-Cache: Netfs '9p' registered for caching
[STDERR  ] 2017-09-12T13:46:36.126292704Z: [    8.111128] workingset: timestamp_bits=46 max_order=18 bucket_order=0
[STDOUT  ] 2017-09-12T13:46:36.126296744Z: [    8.161962] NET: Registered protocol family 38
[STDERR  ] 2017-09-12T13:46:36.126303167Z: [    8.117317] FS-Cache: Netfs 'cifs' registered for caching
[STDOUT  ] 2017-09-12T13:46:36.126306609Z: [    8.162710] Key type asymmetric registered
[STDERR  ] 2017-09-12T13:46:36.126314585Z: [    8.118663] fuse init (API version 7.26)
[STDOUT  ] 2017-09-12T13:46:36.126316352Z: [    8.163089] Asymmetric key parser 'x509' registered
[STDERR  ] 2017-09-12T13:46:36.126324492Z: [    8.122536] SGI XFS with ACLs, security attributes, no debug enabled
[STDOUT  ] 2017-09-12T13:46:36.126326622Z: [    8.164163] Block layer SCSI generic (bsg) driver version 0.4 loaded (major 251)
[STDERR  ] 2017-09-12T13:46:36.126334584Z: [    8.126537] 9p: Installing v9fs 9p2000 file system support
[STDOUT  ] 2017-09-12T13:46:36.126336887Z: [    8.165956] io scheduler noop registered
[STDOUT  ] 2017-09-12T13:46:36.126346672Z: [    8.166339] io scheduler deadline registered (default)
[STDERR  ] 2017-09-12T13:46:36.126344914Z: [    8.127098] FS-Cache: Netfs '9p' registered for caching
[STDERR  ] 2017-09-12T13:46:36.126355224Z: [    8.161962] NET: Registered protocol family 38
[STDERR  ] 2017-09-12T13:46:36.126364602Z: [    8.162710] Key type asymmetric registered
[STDOUT  ] 2017-09-12T13:46:36.126367847Z: [    8.167035] io scheduler cfq registered
[STDOUT  ] 2017-09-12T13:46:36.126377698Z: [    8.169794] pci_hotplug: PCI Hot Plug PCI Core version: 0.5
[STDERR  ] 2017-09-12T13:46:36.126374495Z: [    8.163089] Asymmetric key parser 'x509' registered
[STDERR  ] 2017-09-12T13:46:36.126384814Z: [    8.164163] Block layer SCSI generic (bsg) driver version 0.4 loaded (major 251)
[STDOUT  ] 2017-09-12T13:46:36.126387972Z: [    8.171627] pciehp: PCI Express Hot Plug Controller Driver version: 0.4
[STDERR  ] 2017-09-12T13:46:36.126399545Z: [    8.165956] io scheduler noop registered
[STDOUT  ] 2017-09-12T13:46:36.126399062Z: [    8.172508] shpchp: Standard Hot Plug PCI Controller Driver version: 0.4
[STDERR  ] 2017-09-12T13:46:36.126409004Z: [    8.166339] io scheduler deadline registered (default)
[STDOUT  ] 2017-09-12T13:46:36.126420338Z: [    8.173457] hv_vmbus: registering driver hyperv_fb
[STDERR  ] 2017-09-12T13:46:36.126423882Z: [    8.167035] io scheduler cfq registered
[STDOUT  ] 2017-09-12T13:46:36.126430887Z: [    8.176582] input: Power Button as /devices/LNXSYSTM:00/LNXPWRBN:00/input/input0
[STDERR  ] 2017-09-12T13:46:36.126433668Z: [    8.169794] pci_hotplug: PCI Hot Plug PCI Core version: 0.5
[STDOUT  ] 2017-09-12T13:46:36.126441189Z: [    8.177761] ACPI: Power Button [PWRF]
[STDERR  ] 2017-09-12T13:46:36.126445432Z: [    8.171627] pciehp: PCI Express Hot Plug Controller Driver version: 0.4
[STDOUT  ] 2017-09-12T13:46:36.126450738Z: [    8.183097] GHES: HEST is not enabled!
[STDERR  ] 2017-09-12T13:46:36.126455835Z: [    8.172508] shpchp: Standard Hot Plug PCI Controller Driver version: 0.4
[STDOUT  ] 2017-09-12T13:46:36.126460632Z: [    8.196084] ACPI: PCI Interrupt Link [GSIG] enabled at IRQ 22
[STDERR  ] 2017-09-12T13:46:36.126465694Z: [    8.173457] hv_vmbus: registering driver hyperv_fb
[STDOUT  ] 2017-09-12T13:46:36.126471027Z: [    8.208841] ACPI: PCI Interrupt Link [GSIH] enabled at IRQ 23
[STDERR  ] 2017-09-12T13:46:36.126475594Z: [    8.176582] input: Power Button as /devices/LNXSYSTM:00/LNXPWRBN:00/input/input0
[STDOUT  ] 2017-09-12T13:46:36.126480984Z: [    8.215138] xenfs: not registering filesystem on non-xen platform
[STDERR  ] 2017-09-12T13:46:36.126485402Z: [    8.177761] ACPI: Power Button [PWRF]
[STDERR  ] 2017-09-12T13:46:36.126495438Z: [    8.183097] GHES: HEST is not enabled!
[STDOUT  ] 2017-09-12T13:46:36.126490672Z: [    8.217271] Serial: 8250/16550 driver, 4 ports, IRQ sharing disabled
[STDERR  ] 2017-09-12T13:46:36.126506284Z: [    8.196084] ACPI: PCI Interrupt Link [GSIG] enabled at IRQ 22
[STDOUT  ] 2017-09-12T13:46:36.126507959Z: [    8.240895] 00:04: ttyS0 at I/O 0x3f8 (irq = 4, base_baud = 115200) is a 16550A
[STDERR  ] 2017-09-12T13:46:36.126516738Z: [    8.208841] ACPI: PCI Interrupt Link [GSIH] enabled at IRQ 23
[STDOUT  ] 2017-09-12T13:46:36.126517772Z: [    8.253325] Non-volatile memory driver v1.3
[STDERR  ] 2017-09-12T13:46:36.126526584Z: [    8.215138] xenfs: not registering filesystem on non-xen platform
[STDOUT  ] 2017-09-12T13:46:36.126528229Z: [    8.259362] Hangcheck: starting hangcheck timer 0.9.1 (tick is 180 seconds, margin is 60 seconds).
[STDERR  ] 2017-09-12T13:46:36.126537597Z: [    8.217271] Serial: 8250/16550 driver, 4 ports, IRQ sharing disabled
[STDOUT  ] 2017-09-12T13:46:36.126542875Z: [    8.297697] loop: module loaded
[STDERR  ] 2017-09-12T13:46:36.126548262Z: [    8.240895] 00:04: ttyS0 at I/O 0x3f8 (irq = 4, base_baud = 115200) is a 16550A
[STDOUT  ] 2017-09-12T13:46:36.126556812Z: [    8.313735] nbd: registered device at major 43
[STDERR  ] 2017-09-12T13:46:36.126559992Z: [    8.253325] Non-volatile memory driver v1.3
[STDERR  ] 2017-09-12T13:46:36.126569788Z: [    8.259362] Hangcheck: starting hangcheck timer 0.9.1 (tick is 180 seconds, margin is 60 seconds).
[STDOUT  ] 2017-09-12T13:46:36.126566688Z: [    8.357091] lpc_ich 0000:00:1f.0: I/O space for GPIO uninitialized
[STDOUT  ] 2017-09-12T13:46:36.126577372Z: [    8.359515] VMware PVSCSI driver - version 1.0.7.0-k
[STDERR  ] 2017-09-12T13:46:36.126580565Z: [    8.297697] loop: module loaded
[STDOUT  ] 2017-09-12T13:46:36.126587518Z: [    8.360862] hv_vmbus: registering driver hv_storvsc
[STDERR  ] 2017-09-12T13:46:36.126590747Z: [    8.313735] nbd: registered device at major 43
[STDOUT  ] 2017-09-12T13:46:36.126597034Z: [    8.371645] ACPI: PCI Interrupt Link [GSIA] enabled at IRQ 16
[STDERR  ] 2017-09-12T13:46:36.126600834Z: [    8.357091] lpc_ich 0000:00:1f.0: I/O space for GPIO uninitialized
[STDOUT  ] 2017-09-12T13:46:36.126607505Z: [    8.377783] ahci 0000:00:1f.2: AHCI 0001.0000 32 slots 6 ports 1.5 Gbps 0x3f impl SATA mode
[STDERR  ] 2017-09-12T13:46:36.126610742Z: [    8.359515] VMware PVSCSI driver - version 1.0.7.0-k
[STDOUT  ] 2017-09-12T13:46:36.126617258Z: [    8.378574] ahci 0000:00:1f.2: flags: 64bit ncq only 
[STDERR  ] 2017-09-12T13:46:36.126626778Z: [    8.360862] hv_vmbus: registering driver hv_storvsc
[STDOUT  ] 2017-09-12T13:46:36.126632315Z: [    8.399123] scsi host0: ahci
[STDERR  ] 2017-09-12T13:46:36.126636579Z: [    8.371645] ACPI: PCI Interrupt Link [GSIA] enabled at IRQ 16
[STDOUT  ] 2017-09-12T13:46:36.126643642Z: [    8.404655] scsi host1: ahci
[STDERR  ] 2017-09-12T13:46:36.126647234Z: [    8.377783] ahci 0000:00:1f.2: AHCI 0001.0000 32 slots 6 ports 1.5 Gbps 0x3f impl SATA mode
[STDOUT  ] 2017-09-12T13:46:36.126653308Z: [    8.406996] scsi host2: ahci
[STDERR  ] 2017-09-12T13:46:36.126657799Z: [    8.378574] ahci 0000:00:1f.2: flags: 64bit ncq only 
[STDOUT  ] 2017-09-12T13:46:36.126664001Z: [    8.409239] scsi host3: ahci
[STDERR  ] 2017-09-12T13:46:36.126667893Z: [    8.399123] scsi host0: ahci
[STDOUT  ] 2017-09-12T13:46:36.126675871Z: [    8.411887] scsi host4: ahci
[STDERR  ] 2017-09-12T13:46:36.126677927Z: [    8.404655] scsi host1: ahci
[STDERR  ] 2017-09-12T13:46:36.126687551Z: [    8.406996] scsi host2: ahci
[STDOUT  ] 2017-09-12T13:46:36.126686016Z: [    8.414171] scsi host5: ahci
[STDOUT  ] 2017-09-12T13:46:36.126695953Z: [    8.416073] ata1: SATA max UDMA/133 abar m4096@0xfebd2000 port 0xfebd2100 irq 24
[STDERR  ] 2017-09-12T13:46:36.126697461Z: [    8.409239] scsi host3: ahci
[STDERR  ] 2017-09-12T13:46:36.126709281Z: [    8.411887] scsi host4: ahci
[STDOUT  ] 2017-09-12T13:46:36.126706441Z: [    8.416633] ata2: SATA max UDMA/133 abar m4096@0xfebd2000 port 0xfebd2180 irq 24
[STDOUT  ] 2017-09-12T13:46:36.126716426Z: [    8.417095] ata3: SATA max UDMA/133 abar m4096@0xfebd2000 port 0xfebd2200 irq 24
[STDERR  ] 2017-09-12T13:46:36.126719356Z: [    8.414171] scsi host5: ahci
[STDERR  ] 2017-09-12T13:46:36.126729081Z: [    8.416073] ata1: SATA max UDMA/133 abar m4096@0xfebd2000 port 0xfebd2100 irq 24
[STDOUT  ] 2017-09-12T13:46:36.126726101Z: [    8.417539] ata4: SATA max UDMA/133 abar m4096@0xfebd2000 port 0xfebd2280 irq 24
[STDOUT  ] 2017-09-12T13:46:36.126736428Z: [    8.418013] ata5: SATA max UDMA/133 abar m4096@0xfebd2000 port 0xfebd2300 irq 24
[STDERR  ] 2017-09-12T13:46:36.126739727Z: [    8.416633] ata2: SATA max UDMA/133 abar m4096@0xfebd2000 port 0xfebd2180 irq 24
[STDERR  ] 2017-09-12T13:46:36.126749628Z: [    8.417095] ata3: SATA max UDMA/133 abar m4096@0xfebd2000 port 0xfebd2200 irq 24
[STDOUT  ] 2017-09-12T13:46:36.126747856Z: [    8.418492] ata6: SATA max UDMA/133 abar m4096@0xfebd2000 port 0xfebd2380 irq 24
[STDOUT  ] 2017-09-12T13:46:36.126757616Z: [    8.432228] tun: Universal TUN/TAP device driver, 1.6
[STDERR  ] 2017-09-12T13:46:36.126760973Z: [    8.417539] ata4: SATA max UDMA/133 abar m4096@0xfebd2000 port 0xfebd2280 irq 24
[STDOUT  ] 2017-09-12T13:46:36.126767677Z: [    8.432673] tun: (C) 1999-2004 Max Krasnyansky <maxk@qualcomm.com>
[STDERR  ] 2017-09-12T13:46:36.126771243Z: [    8.418013] ata5: SATA max UDMA/133 abar m4096@0xfebd2000 port 0xfebd2300 irq 24
[STDOUT  ] 2017-09-12T13:46:36.126778176Z: [    8.443359] VMware vmxnet3 virtual NIC driver - version 1.4.a.0-k-NAPI
[STDERR  ] 2017-09-12T13:46:36.126784863Z: [    8.418492] ata6: SATA max UDMA/133 abar m4096@0xfebd2000 port 0xfebd2380 irq 24
[STDOUT  ] 2017-09-12T13:46:36.126788161Z: [    8.444261] hv_vmbus: registering driver hv_netvsc
[STDERR  ] 2017-09-12T13:46:36.126794986Z: [    8.432228] tun: Universal TUN/TAP device driver, 1.6
[STDOUT  ] 2017-09-12T13:46:36.126798498Z: [    8.444601] Fusion MPT base driver 3.04.20
[STDERR  ] 2017-09-12T13:46:36.126806811Z: [    8.432673] tun: (C) 1999-2004 Max Krasnyansky <maxk@qualcomm.com>
[STDOUT  ] 2017-09-12T13:46:36.126812498Z: [    8.444898] Copyright (c) 1999-2008 LSI Corporation
[STDERR  ] 2017-09-12T13:46:36.126817366Z: [    8.443359] VMware vmxnet3 virtual NIC driver - version 1.4.a.0-k-NAPI
[STDOUT  ] 2017-09-12T13:46:36.126822646Z: [    8.445513] Fusion MPT SPI Host driver 3.04.20
[STDERR  ] 2017-09-12T13:46:36.126827346Z: [    8.444261] hv_vmbus: registering driver hv_netvsc
[STDOUT  ] 2017-09-12T13:46:36.126832141Z: [    8.447603] i8042: PNP: PS/2 Controller [PNP0303:KBD,PNP0f13:MOU] at 0x60,0x64 irq 1,12
[STDOUT  ] 2017-09-12T13:46:36.126848948Z: [    8.451943] serio: i8042 KBD port at 0x60,0x64 irq 1
[STDERR  ] 2017-09-12T13:46:36.126847701Z: [    8.444601] Fusion MPT base driver 3.04.20
[STDOUT  ] 2017-09-12T13:46:36.126859731Z: [    8.452637] serio: i8042 AUX port at 0x60,0x64 irq 12
[STDERR  ] 2017-09-12T13:46:36.126863961Z: [    8.444898] Copyright (c) 1999-2008 LSI Corporation
[STDOUT  ] 2017-09-12T13:46:36.126870318Z: [    8.455810] hv_vmbus: registering driver hyperv_keyboard
[STDERR  ] 2017-09-12T13:46:36.126874346Z: [    8.445513] Fusion MPT SPI Host driver 3.04.20
[STDOUT  ] 2017-09-12T13:46:36.126881101Z: [    8.457964] mousedev: PS/2 mouse device common for all mice
[STDERR  ] 2017-09-12T13:46:36.126884188Z: [    8.447603] i8042: PNP: PS/2 Controller [PNP0303:KBD,PNP0f13:MOU] at 0x60,0x64 irq 1,12
[STDOUT  ] 2017-09-12T13:46:36.126890978Z: [    8.463012] input: AT Translated Set 2 keyboard as /devices/platform/i8042/serio0/input/input1
[STDERR  ] 2017-09-12T13:46:36.126894151Z: [    8.451943] serio: i8042 KBD port at 0x60,0x64 irq 1
[STDOUT  ] 2017-09-12T13:46:36.126900947Z: [    8.465959] input: PC Speaker as /devices/platform/pcspkr/input/input2
[STDOUT  ] 2017-09-12T13:46:36.126910961Z: [    8.469376] rtc_cmos 00:00: RTC can wake from S4
[STDERR  ] 2017-09-12T13:46:36.126906221Z: [    8.452637] serio: i8042 AUX port at 0x60,0x64 irq 12
[STDERR  ] 2017-09-12T13:46:36.126917584Z: [    8.455810] hv_vmbus: registering driver hyperv_keyboard
[STDOUT  ] 2017-09-12T13:46:36.126920781Z: [    8.472885] rtc_cmos 00:00: rtc core: registered rtc_cmos as rtc0
[STDERR  ] 2017-09-12T13:46:36.126927264Z: [    8.457964] mousedev: PS/2 mouse device common for all mice
[STDOUT  ] 2017-09-12T13:46:36.126933526Z: [    8.474230] rtc_cmos 00:00: alarms up to one day, y3k, 114 bytes nvram, hpet irqs
[STDERR  ] 2017-09-12T13:46:36.126937334Z: [    8.463012] input: AT Translated Set 2 keyboard as /devices/platform/i8042/serio0/input/input1
[STDOUT  ] 2017-09-12T13:46:36.126943261Z: [    8.474974] i2c /dev entries driver
[STDOUT  ] 2017-09-12T13:46:36.126953468Z: [    8.476989] device-mapper: ioctl: 4.35.0-ioctl (2016-06-23) initialised: dm-devel@redhat.com
[STDERR  ] 2017-09-12T13:46:36.126951981Z: [    8.465959] input: PC Speaker as /devices/platform/pcspkr/input/input2
[STDOUT  ] 2017-09-12T13:46:36.126965333Z: [    8.482403] usbcore: registered new interface driver usbhid
[STDERR  ] 2017-09-12T13:46:36.126966118Z: [    8.469376] rtc_cmos 00:00: RTC can wake from S4
[STDOUT  ] 2017-09-12T13:46:36.126975671Z: [    8.482822] usbhid: USB HID core driver
[STDERR  ] 2017-09-12T13:46:36.126977246Z: [    8.472885] rtc_cmos 00:00: rtc core: registered rtc_cmos as rtc0
[STDOUT  ] 2017-09-12T13:46:36.126985594Z: [    8.483456] hv_utils: Registering HyperV Utility Driver
[STDERR  ] 2017-09-12T13:46:36.126987418Z: [    8.474230] rtc_cmos 00:00: alarms up to one day, y3k, 114 bytes nvram, hpet irqs
[STDERR  ] 2017-09-12T13:46:36.126997551Z: [    8.474974] i2c /dev entries driver
[STDOUT  ] 2017-09-12T13:46:36.126995661Z: [    8.483830] hv_vmbus: registering driver hv_util
[STDOUT  ] 2017-09-12T13:46:36.127005687Z: [    8.484137] hv_vmbus: registering driver hv_balloon
[STDERR  ] 2017-09-12T13:46:36.127007356Z: [    8.476989] device-mapper: ioctl: 4.35.0-ioctl (2016-06-23) initialised: dm-devel@redhat.com
[STDOUT  ] 2017-09-12T13:46:36.127015674Z: [    8.484687] oprofile: using NMI interrupt.
[STDERR  ] 2017-09-12T13:46:36.127017344Z: [    8.482403] usbcore: registered new interface driver usbhid
[STDOUT  ] 2017-09-12T13:46:36.127025306Z: [    8.485781] GACT probability on
[STDERR  ] 2017-09-12T13:46:36.127027597Z: [    8.482822] usbhid: USB HID core driver
[STDERR  ] 2017-09-12T13:46:36.127037356Z: [    8.483456] hv_utils: Registering HyperV Utility Driver
[STDOUT  ] 2017-09-12T13:46:36.127035444Z: [    8.486322] Mirror/redirect action on
[STDERR  ] 2017-09-12T13:46:36.127048247Z: [    8.483830] hv_vmbus: registering driver hv_util
[STDOUT  ] 2017-09-12T13:46:36.127045194Z: [    8.487232] Simple TC action Loaded
[STDERR  ] 2017-09-12T13:46:36.127067667Z: [    8.484137] hv_vmbus: registering driver hv_balloon
[STDOUT  ] 2017-09-12T13:46:36.127069291Z: [    8.487799] u32 classifier
[STDOUT  ] 2017-09-12T13:46:36.127079588Z: [    8.488012]     Performance counters on
[STDERR  ] 2017-09-12T13:46:36.127078071Z: [    8.484687] oprofile: using NMI interrupt.
[STDOUT  ] 2017-09-12T13:46:36.127089637Z: [    8.488325]     input device check on
[STDERR  ] 2017-09-12T13:46:36.127093383Z: [    8.485781] GACT probability on
[STDOUT  ] 2017-09-12T13:46:36.127099497Z: [    8.488558]     Actions configured
[STDERR  ] 2017-09-12T13:46:36.127103504Z: [    8.486322] Mirror/redirect action on
[STDOUT  ] 2017-09-12T13:46:36.127108966Z: [    8.489169] Netfilter messages via NETLINK v0.30.
[STDERR  ] 2017-09-12T13:46:36.127113314Z: [    8.487232] Simple TC action Loaded
[STDOUT  ] 2017-09-12T13:46:36.127118453Z: [    8.489884] nfnl_acct: registering with nfnetlink.
[STDERR  ] 2017-09-12T13:46:36.127123173Z: [    8.487799] u32 classifier
[STDOUT  ] 2017-09-12T13:46:36.127128353Z: [    8.491567] nf_conntrack version 0.5.0 (8192 buckets, 32768 max)
[STDERR  ] 2017-09-12T13:46:36.127133096Z: [    8.488012]     Performance counters on
[STDOUT  ] 2017-09-12T13:46:36.127138403Z: [    8.494539] ctnetlink v0.93: registering with nfnetlink.
[STDERR  ] 2017-09-12T13:46:36.127143013Z: [    8.488325]     input device check on
[STDOUT  ] 2017-09-12T13:46:36.127147888Z: [    8.497544] nf_tables: (c) 2007-2009 Patrick McHardy <kaber@trash.net>
[STDOUT  ] 2017-09-12T13:46:36.127158008Z: [    8.498366] nf_tables_compat: (c) 2012 Pablo Neira Ayuso <pablo@netfilter.org>
[STDERR  ] 2017-09-12T13:46:36.127155024Z: [    8.488558]     Actions configured
[STDERR  ] 2017-09-12T13:46:36.127165197Z: [    8.489169] Netfilter messages via NETLINK v0.30.
[STDOUT  ] 2017-09-12T13:46:36.127169281Z: [    8.501084] xt_time: kernel timezone is -0000
[STDERR  ] 2017-09-12T13:46:36.127174636Z: [    8.489884] nfnl_acct: registering with nfnetlink.
[STDOUT  ] 2017-09-12T13:46:36.127179851Z: [    8.501604] ip_set: protocol 6
[STDERR  ] 2017-09-12T13:46:36.127185071Z: [    8.491567] nf_conntrack version 0.5.0 (8192 buckets, 32768 max)
[STDOUT  ] 2017-09-12T13:46:36.127190088Z: [    8.502281] IPVS: Registered protocols (TCP, UDP, SCTP, AH, ESP)
[STDERR  ] 2017-09-12T13:46:36.127195763Z: [    8.494539] ctnetlink v0.93: registering with nfnetlink.
[STDOUT  ] 2017-09-12T13:46:36.127200018Z: [    8.502866] IPVS: Connection hash table configured (size=4096, memory=64Kbytes)
[STDERR  ] 2017-09-12T13:46:36.127205207Z: [    8.497544] nf_tables: (c) 2007-2009 Patrick McHardy <kaber@trash.net>
[STDOUT  ] 2017-09-12T13:46:36.127209761Z: [    8.504594] IPVS: Creating netns size=2104 id=0
[STDERR  ] 2017-09-12T13:46:36.127214824Z: [    8.498366] nf_tables_compat: (c) 2012 Pablo Neira Ayuso <pablo@netfilter.org>
[STDOUT  ] 2017-09-12T13:46:36.127222033Z: [    8.507237] IPVS: ipvs loaded.
[STDERR  ] 2017-09-12T13:46:36.127225864Z: [    8.501084] xt_time: kernel timezone is -0000
[STDOUT  ] 2017-09-12T13:46:36.127231971Z: [    8.507631] IPVS: [rr] scheduler registered.
[STDERR  ] 2017-09-12T13:46:36.127235461Z: [    8.501604] ip_set: protocol 6
[STDERR  ] 2017-09-12T13:46:36.127245097Z: [    8.502281] IPVS: Registered protocols (TCP, UDP, SCTP, AH, ESP)
[STDOUT  ] 2017-09-12T13:46:36.127241814Z: [    8.508025] IPVS: [wrr] scheduler registered.
[STDERR  ] 2017-09-12T13:46:36.127254806Z: [    8.502866] IPVS: Connection hash table configured (size=4096, memory=64Kbytes)
[STDOUT  ] 2017-09-12T13:46:36.127251841Z: [    8.508373] IPVS: [lc] scheduler registered.
[STDOUT  ] 2017-09-12T13:46:36.127261643Z: [    8.508653] IPVS: [wlc] scheduler registered.
[STDERR  ] 2017-09-12T13:46:36.127264864Z: [    8.504594] IPVS: Creating netns size=2104 id=0
[STDOUT  ] 2017-09-12T13:46:36.127271177Z: [    8.508979] IPVS: [fo] scheduler registered.
[STDERR  ] 2017-09-12T13:46:36.127274607Z: [    8.507237] IPVS: ipvs loaded.
[STDOUT  ] 2017-09-12T13:46:36.127280697Z: [    8.509279] IPVS: [ovf] scheduler registered.
[STDERR  ] 2017-09-12T13:46:36.127291711Z: [    8.507631] IPVS: [rr] scheduler registered.
[STDOUT  ] 2017-09-12T13:46:36.127301311Z: [    8.509735] IPVS: [lblc] scheduler registered.
[STDERR  ] 2017-09-12T13:46:36.127302797Z: [    8.508025] IPVS: [wrr] scheduler registered.
[STDOUT  ] 2017-09-12T13:46:36.127311507Z: [    8.510696] IPVS: [lblcr] scheduler registered.
[STDERR  ] 2017-09-12T13:46:36.127313014Z: [    8.508373] IPVS: [lc] scheduler registered.
[STDOUT  ] 2017-09-12T13:46:36.127321591Z: [    8.511041] IPVS: [dh] scheduler registered.
[STDERR  ] 2017-09-12T13:46:36.127323118Z: [    8.508653] IPVS: [wlc] scheduler registered.
[STDOUT  ] 2017-09-12T13:46:36.127331891Z: [    8.511370] IPVS: [sh] scheduler registered.
[STDERR  ] 2017-09-12T13:46:36.127332721Z: [    8.508979] IPVS: [fo] scheduler registered.
[STDERR  ] 2017-09-12T13:46:36.127343343Z: [    8.509279] IPVS: [ovf] scheduler registered.
[STDOUT  ] 2017-09-12T13:46:36.127341806Z: [    8.511666] IPVS: [sed] scheduler registered.
[STDERR  ] 2017-09-12T13:46:36.127352831Z: [    8.509735] IPVS: [lblc] scheduler registered.
[STDERR  ] 2017-09-12T13:46:36.127362405Z: [    8.510696] IPVS: [lblcr] scheduler registered.
[STDOUT  ] 2017-09-12T13:46:36.127352911Z: [    8.511988] IPVS: [nq] scheduler registered.
[STDERR  ] 2017-09-12T13:46:36.127372222Z: [    8.511041] IPVS: [dh] scheduler registered.
[STDOUT  ] 2017-09-12T13:46:36.127369425Z: [    8.512751] IPVS: ftp: loaded support on port[0] = 21
[STDOUT  ] 2017-09-12T13:46:36.127380633Z: [    8.513693] ipip: IPv4 and MPLS over IPv4 tunneling driver
[STDERR  ] 2017-09-12T13:46:36.1273817Z: [    8.511370] IPVS: [sh] scheduler registered.
[STDOUT  ] 2017-09-12T13:46:36.12739084Z: [    8.517997] gre: GRE over IPv4 demultiplexor driver
[STDERR  ] 2017-09-12T13:46:36.12739235Z: [    8.511666] IPVS: [sed] scheduler registered.
[STDOUT  ] 2017-09-12T13:46:36.127400797Z: [    8.521380] ip_tables: (C) 2000-2006 Netfilter Core Team
[STDERR  ] 2017-09-12T13:46:36.1274024Z: [    8.511988] IPVS: [nq] scheduler registered.
[STDERR  ] 2017-09-12T13:46:36.12741243Z: [    8.512751] IPVS: ftp: loaded support on port[0] = 21
[STDOUT  ] 2017-09-12T13:46:36.127410803Z: [    8.524488] ipt_CLUSTERIP: ClusterIP Version 0.8 loaded successfully
[STDOUT  ] 2017-09-12T13:46:36.127421202Z: [    8.525281] arp_tables: arp_tables: (C) 2002 David S. Miller
[STDERR  ] 2017-09-12T13:46:36.127421933Z: [    8.513693] ipip: IPv4 and MPLS over IPv4 tunneling driver
[STDOUT  ] 2017-09-12T13:46:36.1274308Z: [    8.527601] NET: Registered protocol family 10
[STDERR  ] 2017-09-12T13:46:36.127431746Z: [    8.517997] gre: GRE over IPv4 demultiplexor driver
[STDOUT  ] 2017-09-12T13:46:36.12744059Z: [    8.537172] ip6_tables: (C) 2000-2006 Netfilter Core Team
[STDERR  ] 2017-09-12T13:46:36.127442243Z: [    8.521380] ip_tables: (C) 2000-2006 Netfilter Core Team
[STDOUT  ] 2017-09-12T13:46:36.127450335Z: [    8.545720] NET: Registered protocol family 17
[STDERR  ] 2017-09-12T13:46:36.127457076Z: [    8.524488] ipt_CLUSTERIP: ClusterIP Version 0.8 loaded successfully
[STDOUT  ] 2017-09-12T13:46:36.127460062Z: [    8.546885] Bridge firewalling registered
[STDERR  ] 2017-09-12T13:46:36.127467292Z: [    8.525281] arp_tables: arp_tables: (C) 2002 David S. Miller
[STDOUT  ] 2017-09-12T13:46:36.12746975Z: [    8.547435] Ebtables v2.0 registered
[STDOUT  ] 2017-09-12T13:46:36.127479372Z: [    8.549332] 8021q: 802.1Q VLAN Support v1.8
[STDERR  ] 2017-09-12T13:46:36.127477107Z: [    8.527601] NET: Registered protocol family 10
[STDOUT  ] 2017-09-12T13:46:36.12748973Z: [    8.551131] 9pnet: Installing 9P2000 support
[STDERR  ] 2017-09-12T13:46:36.127491412Z: [    8.537172] ip6_tables: (C) 2000-2006 Netfilter Core Team
[STDERR  ] 2017-09-12T13:46:36.127501217Z: [    8.545720] NET: Registered protocol family 17
[STDOUT  ] 2017-09-12T13:46:36.127499573Z: [    8.552733] Key type dns_resolver registered
[STDOUT  ] 2017-09-12T13:46:36.12750975Z: [    8.553582] microcode: AMD CPU family 0x6 not supported
[STDERR  ] 2017-09-12T13:46:36.12751548Z: [    8.546885] Bridge firewalling registered
[STDOUT  ] 2017-09-12T13:46:36.127529655Z: [    8.557282] registered taskstats version 1
[STDERR  ] 2017-09-12T13:46:36.127531175Z: [    8.547435] Ebtables v2.0 registered
[STDOUT  ] 2017-09-12T13:46:36.127540037Z: [    8.755583] ata2: SATA link up 1.5 Gbps (SStatus 113 SControl 300)
[STDERR  ] 2017-09-12T13:46:36.127543653Z: [    8.549332] 8021q: 802.1Q VLAN Support v1.8
[STDOUT  ] 2017-09-12T13:46:36.127550665Z: [    8.761869] ata2.00: ATA-7: QEMU HARDDISK, 2.5+, max UDMA/100
[STDERR  ] 2017-09-12T13:46:36.127553627Z: [    8.551131] 9pnet: Installing 9P2000 support
[STDOUT  ] 2017-09-12T13:46:36.127561266Z: [    8.762368] ata2.00: 1048576 sectors, multi 16: LBA48 NCQ (depth 31/32)
[STDERR  ] 2017-09-12T13:46:36.127563325Z: [    8.552733] Key type dns_resolver registered
[STDOUT  ] 2017-09-12T13:46:36.1275715Z: [    8.763018] ata2.00: applying bridge limits
[STDERR  ] 2017-09-12T13:46:36.127572856Z: [    8.553582] microcode: AMD CPU family 0x6 not supported
[STDOUT  ] 2017-09-12T13:46:36.12758143Z: [    8.764440] ata6: SATA link down (SStatus 0 SControl 300)
[STDERR  ] 2017-09-12T13:46:36.127583Z: [    8.557282] registered taskstats version 1
[STDERR  ] 2017-09-12T13:46:36.127593275Z: [    8.755583] ata2: SATA link up 1.5 Gbps (SStatus 113 SControl 300)
[STDOUT  ] 2017-09-12T13:46:36.12759147Z: [    8.765886] ata5: SATA link down (SStatus 0 SControl 300)
[STDERR  ] 2017-09-12T13:46:36.127603632Z: [    8.761869] ata2.00: ATA-7: QEMU HARDDISK, 2.5+, max UDMA/100
[STDERR  ] 2017-09-12T13:46:36.127613623Z: [    8.762368] ata2.00: 1048576 sectors, multi 16: LBA48 NCQ (depth 31/32)
[STDOUT  ] 2017-09-12T13:46:36.127605842Z: [    8.766406] ata4: SATA link down (SStatus 0 SControl 300)
[STDERR  ] 2017-09-12T13:46:36.127623933Z: [    8.763018] ata2.00: applying bridge limits
[STDOUT  ] 2017-09-12T13:46:36.12762077Z: [    8.767016] ata3: SATA link up 1.5 Gbps (SStatus 113 SControl 300)
[STDOUT  ] 2017-09-12T13:46:36.127630706Z: [    8.767833] ata3.00: ATAPI: QEMU DVD-ROM, 2.5+, max UDMA/100
[STDERR  ] 2017-09-12T13:46:36.127633806Z: [    8.764440] ata6: SATA link down (SStatus 0 SControl 300)
[STDOUT  ] 2017-09-12T13:46:36.12764039Z: [    8.768277] ata3.00: applying bridge limits
[STDERR  ] 2017-09-12T13:46:36.127643597Z: [    8.765886] ata5: SATA link down (SStatus 0 SControl 300)
[STDOUT  ] 2017-09-12T13:46:36.12765038Z: [    8.769369] ata3.00: configured for UDMA/100
[STDERR  ] 2017-09-12T13:46:36.127653606Z: [    8.766406] ata4: SATA link down (SStatus 0 SControl 300)
[STDOUT  ] 2017-09-12T13:46:36.127660447Z: [    8.771258] ata1: SATA link up 1.5 Gbps (SStatus 113 SControl 300)
[STDERR  ] 2017-09-12T13:46:36.127663475Z: [    8.767016] ata3: SATA link up 1.5 Gbps (SStatus 113 SControl 300)
[STDOUT  ] 2017-09-12T13:46:36.12767014Z: [    8.771919] ata1.00: ATA-7: QEMU HARDDISK, 2.5+, max UDMA/100
[STDERR  ] 2017-09-12T13:46:36.127673732Z: [    8.767833] ata3.00: ATAPI: QEMU DVD-ROM, 2.5+, max UDMA/100
[STDOUT  ] 2017-09-12T13:46:36.127679747Z: [    8.772304] ata1.00: 1048576 sectors, multi 16: LBA48 NCQ (depth 31/32)
[STDERR  ] 2017-09-12T13:46:36.127683545Z: [    8.768277] ata3.00: applying bridge limits
[STDOUT  ] 2017-09-12T13:46:36.127689452Z: [    8.772773] ata1.00: applying bridge limits
[STDERR  ] 2017-09-12T13:46:36.127693242Z: [    8.769369] ata3.00: configured for UDMA/100
[STDOUT  ] 2017-09-12T13:46:36.127699307Z: [    8.773410] ata1.00: configured for UDMA/100
[STDERR  ] 2017-09-12T13:46:36.127703287Z: [    8.771258] ata1: SATA link up 1.5 Gbps (SStatus 113 SControl 300)
[STDOUT  ] 2017-09-12T13:46:36.12770888Z: [    8.788900] ata2.00: configured for UDMA/100
[STDERR  ] 2017-09-12T13:46:36.127713602Z: [    8.771919] ata1.00: ATA-7: QEMU HARDDISK, 2.5+, max UDMA/100
[STDOUT  ] 2017-09-12T13:46:36.127718545Z: [    8.792596] scsi 0:0:0:0: Direct-Access     ATA      QEMU HARDDISK    2.5+ PQ: 0 ANSI: 5
[STDERR  ] 2017-09-12T13:46:36.127723475Z: [    8.772304] ata1.00: 1048576 sectors, multi 16: LBA48 NCQ (depth 31/32)
[STDOUT  ] 2017-09-12T13:46:36.127728467Z: [    8.801145] Key type big_key registered
[STDERR  ] 2017-09-12T13:46:36.12773793Z: [    8.772773] ata1.00: applying bridge limits
[STDOUT  ] 2017-09-12T13:46:36.127747572Z: [    8.813125] sd 0:0:0:0: Attached scsi generic sg0 type 0
[STDERR  ] 2017-09-12T13:46:36.12774898Z: [    8.773410] ata1.00: configured for UDMA/100
[STDERR  ] 2017-09-12T13:46:36.127759196Z: [    8.788900] ata2.00: configured for UDMA/100
[STDOUT  ] 2017-09-12T13:46:36.127759637Z: [    8.816544] sd 0:0:0:0: [sda] 1048576 512-byte logical blocks: (537 MB/512 MiB)
[STDERR  ] 2017-09-12T13:46:36.127769046Z: [    8.792596] scsi 0:0:0:0: Direct-Access     ATA      QEMU HARDDISK    2.5+ PQ: 0 ANSI: 5
[STDOUT  ] 2017-09-12T13:46:36.127770756Z: [    8.821509] sd 0:0:0:0: [sda] Write Protect is off
[STDERR  ] 2017-09-12T13:46:36.127779053Z: [    8.801145] Key type big_key registered
[STDOUT  ] 2017-09-12T13:46:36.127780597Z: [    8.822798] sd 0:0:0:0: [sda] Write cache: enabled, read cache: enabled, doesn't support DPO or FUA
[STDERR  ] 2017-09-12T13:46:36.12778907Z: [    8.813125] sd 0:0:0:0: Attached scsi generic sg0 type 0
[STDOUT  ] 2017-09-12T13:46:36.127790547Z: [    8.824692] scsi 1:0:0:0: Direct-Access     ATA      QEMU HARDDISK    2.5+ PQ: 0 ANSI: 5
[STDERR  ] 2017-09-12T13:46:36.127798966Z: [    8.816544] sd 0:0:0:0: [sda] 1048576 512-byte logical blocks: (537 MB/512 MiB)
[STDOUT  ] 2017-09-12T13:46:36.127800156Z: [    8.828281] sd 1:0:0:0: [sdb] 1048576 512-byte logical blocks: (537 MB/512 MiB)
[STDOUT  ] 2017-09-12T13:46:36.12781144Z: [    8.831445] sd 1:0:0:0: [sdb] Write Protect is off
[STDERR  ] 2017-09-12T13:46:36.127811392Z: [    8.821509] sd 0:0:0:0: [sda] Write Protect is off
[STDOUT  ] 2017-09-12T13:46:36.127822585Z: [    8.834908] sd 1:0:0:0: [sdb] Write cache: enabled, read cache: enabled, doesn't support DPO or FUA
[STDERR  ] 2017-09-12T13:46:36.127824225Z: [    8.822798] sd 0:0:0:0: [sda] Write cache: enabled, read cache: enabled, doesn't support DPO or FUA
[STDOUT  ] 2017-09-12T13:46:36.127832357Z: [    8.835858] sd 1:0:0:0: Attached scsi generic sg1 type 0
[STDERR  ] 2017-09-12T13:46:36.127834495Z: [    8.824692] scsi 1:0:0:0: Direct-Access     ATA      QEMU HARDDISK    2.5+ PQ: 0 ANSI: 5
[STDOUT  ] 2017-09-12T13:46:36.12784203Z: [    8.847196] scsi 2:0:0:0: CD-ROM            QEMU     QEMU DVD-ROM     2.5+ PQ: 0 ANSI: 5
[STDERR  ] 2017-09-12T13:46:36.127844335Z: [    8.828281] sd 1:0:0:0: [sdb] 1048576 512-byte logical blocks: (537 MB/512 MiB)
[STDOUT  ] 2017-09-12T13:46:36.12785186Z: [    8.877042] sr 2:0:0:0: [sr0] scsi3-mmc drive: 4x/4x cd/rw xa/form2 tray
[STDERR  ] 2017-09-12T13:46:36.127854695Z: [    8.831445] sd 1:0:0:0: [sdb] Write Protect is off
[STDOUT  ] 2017-09-12T13:46:36.12786147Z: [    8.877803] cdrom: Uniform CD-ROM driver Revision: 3.20
[STDERR  ] 2017-09-12T13:46:36.127870156Z: [    8.834908] sd 1:0:0:0: [sdb] Write cache: enabled, read cache: enabled, doesn't support DPO or FUA
[STDOUT  ] 2017-09-12T13:46:36.127871177Z: [    8.901376] sd 0:0:0:0: [sda] Attached SCSI disk
[STDERR  ] 2017-09-12T13:46:36.127880537Z: [    8.835858] sd 1:0:0:0: Attached scsi generic sg1 type 0
[STDOUT  ] 2017-09-12T13:46:36.127880596Z: [    8.902312] sr 2:0:0:0: Attached scsi generic sg2 type 5
[STDERR  ] 2017-09-12T13:46:36.12789027Z: [    8.847196] scsi 2:0:0:0: CD-ROM            QEMU     QEMU DVD-ROM     2.5+ PQ: 0 ANSI: 5
[STDOUT  ] 2017-09-12T13:46:36.127891863Z: [    8.911767] sd 1:0:0:0: [sdb] Attached SCSI disk
[STDERR  ] 2017-09-12T13:46:36.127900315Z: [    8.877042] sr 2:0:0:0: [sr0] scsi3-mmc drive: 4x/4x cd/rw xa/form2 tray
[STDOUT  ] 2017-09-12T13:46:36.127901416Z: [    8.931160] Key type encrypted registered
[STDOUT  ] 2017-09-12T13:46:36.12791067Z: [    8.937148] rtc_cmos 00:00: setting system clock to 2017-09-12 13:46:00 UTC (1505223960)
[STDERR  ] 2017-09-12T13:46:36.127910956Z: [    8.877803] cdrom: Uniform CD-ROM driver Revision: 3.20
[STDERR  ] 2017-09-12T13:46:36.127921953Z: [    8.901376] sd 0:0:0:0: [sda] Attached SCSI disk
[STDOUT  ] 2017-09-12T13:46:36.1279222Z: [    9.086282] Freeing unused kernel memory: 1380K
[STDERR  ] 2017-09-12T13:46:36.12793171Z: [    8.902312] sr 2:0:0:0: Attached scsi generic sg2 type 5
[STDERR  ] 2017-09-12T13:46:36.12794331Z: [    8.911767] sd 1:0:0:0: [sdb] Attached SCSI disk
[STDOUT  ] 2017-09-12T13:46:36.127943592Z: [    9.086719] Write protecting the kernel read-only data: 12288k
[STDERR  ] 2017-09-12T13:46:36.12795423Z: [    8.931160] Key type encrypted registered
[STDOUT  ] 2017-09-12T13:46:36.127953475Z: [    9.095058] Freeing unused kernel memory: 148K
[STDOUT  ] 2017-09-12T13:46:36.12796324Z: [    9.214019] Freeing unused kernel memory: 1400K
[STDERR  ] 2017-09-12T13:46:36.127964026Z: [    8.937148] rtc_cmos 00:00: setting system clock to 2017-09-12 13:46:00 UTC (1505223960)
[STDERR  ] 2017-09-12T13:46:36.127974696Z: [    9.086282] Freeing unused kernel memory: 1380K
[STDOUT  ] 2017-09-12T13:46:36.127973167Z: [    9.214826] tsc: Refined TSC clocksource calibration: 2600.005 MHz
[STDOUT  ] 2017-09-12T13:46:36.12798345Z: [    9.215459] clocksource: tsc: mask: 0xffffffffffffffff max_cycles: 0x257a40ff313, max_idle_ns: 440795330741 ns
[STDERR  ] 2017-09-12T13:46:36.127984222Z: [    9.086719] Write protecting the kernel read-only data: 12288k
[STDOUT  ] 2017-09-12T13:46:36.12799349Z: [   10.230884] clocksource: Switched to clocksource tsc
[STDERR  ] 2017-09-12T13:46:36.127994962Z: [    9.095058] Freeing unused kernel memory: 148K
[STDOUT  ] 2017-09-12T13:46:36.128003255Z: 
[STDERR  ] 2017-09-12T13:46:36.128009173Z: [    9.214019] Freeing unused kernel memory: 1400K
[STDOUT  ] 2017-09-12T13:46:36.128013682Z: Welcome to LinuxKit
[STDERR  ] 2017-09-12T13:46:36.128018873Z: [    9.214826] tsc: Refined TSC clocksource calibration: 2600.005 MHz
[STDOUT  ] 2017-09-12T13:46:36.128025813Z: 
[STDERR  ] 2017-09-12T13:46:36.128029217Z: [    9.215459] clocksource: tsc: mask: 0xffffffffffffffff max_cycles: 0x257a40ff313, max_idle_ns: 440795330741 ns
[STDOUT  ] 2017-09-12T13:46:36.128037143Z:                         ##         .
[STDERR  ] 2017-09-12T13:46:36.12803961Z: [   10.230884] clocksource: Switched to clocksource tsc
[STDERR  ] 2017-09-12T13:46:36.128049227Z: 
[STDOUT  ] 2017-09-12T13:46:36.128047035Z:                   ## ## ##        ==
[STDOUT  ] 2017-09-12T13:46:36.128056719Z:                ## ## ## ## ##    ===
[STDERR  ] 2017-09-12T13:46:36.128063889Z: Welcome to LinuxKit
[STDOUT  ] 2017-09-12T13:46:36.128066652Z:            /"""""""""""""""""\___/ ===
[STDERR  ] 2017-09-12T13:46:36.128073819Z: 
[STDOUT  ] 2017-09-12T13:46:36.128076454Z:           {                       /  ===-
[STDERR  ] 2017-09-12T13:46:36.128083682Z:                         ##         .
[STDOUT  ] 2017-09-12T13:46:36.128086202Z:            \______ O           __/
[STDERR  ] 2017-09-12T13:46:36.128093446Z:                   ## ## ##        ==
[STDOUT  ] 2017-09-12T13:46:36.128096806Z:              \    \         __/
[STDERR  ] 2017-09-12T13:46:36.128102934Z:                ## ## ## ## ##    ===
[STDOUT  ] 2017-09-12T13:46:36.128106746Z:               \____\_______/
[STDERR  ] 2017-09-12T13:46:36.128113581Z:            /"""""""""""""""""\___/ ===
[STDOUT  ] 2017-09-12T13:46:36.128116499Z: 
[STDERR  ] 2017-09-12T13:46:36.128123201Z:           {                       /  ===-
[STDOUT  ] 2017-09-12T13:46:36.128126346Z: [   18.711396] IPVS: Creating netns size=2104 id=1
[STDOUT  ] 2017-09-12T13:46:36.128136171Z: [   18.711962] IPVS: ftp: loaded support on port[0] = 21
[STDERR  ] 2017-09-12T13:46:36.128132752Z:            \______ O           __/
[STDERR  ] 2017-09-12T13:46:36.128142949Z:              \    \         __/
[STDOUT  ] 2017-09-12T13:46:36.128146064Z: 2017/09/12 13:46:11 Creating partition on /dev/sda
[STDERR  ] 2017-09-12T13:46:36.128152521Z:               \____\_______/
[STDERR  ] 2017-09-12T13:46:36.128162421Z: 
[STDOUT  ] 2017-09-12T13:46:36.128160471Z: [   20.104945] random: fdisk: uninitialized urandom read (4 bytes read)
[STDERR  ] 2017-09-12T13:46:36.128171536Z: [   18.711396] IPVS: Creating netns size=2104 id=1
[STDOUT  ] 2017-09-12T13:46:36.128170975Z: [   20.135167]  sda:
[STDOUT  ] 2017-09-12T13:46:36.128185471Z: [   20.203667]  sda:
[STDERR  ] 2017-09-12T13:46:36.128185782Z: [   18.711962] IPVS: ftp: loaded support on port[0] = 21
[STDOUT  ] 2017-09-12T13:46:36.128196886Z: [   20.221294] random: sfdisk: uninitialized urandom read (4 bytes read)
[STDERR  ] 2017-09-12T13:46:36.128201824Z: 2017/09/12 13:46:11 Creating partition on /dev/sda
[STDOUT  ] 2017-09-12T13:46:36.128207125Z: [   20.236631]  sda: sda1
[STDERR  ] 2017-09-12T13:46:36.128212884Z: [   20.104945] random: fdisk: uninitialized urandom read (4 bytes read)
[STDOUT  ] 2017-09-12T13:46:36.128217276Z: [   20.300807]  sda: sda1
[STDERR  ] 2017-09-12T13:46:36.128222842Z: [   20.135167]  sda:
[STDOUT  ] 2017-09-12T13:46:36.128227396Z: [   21.872235] random: mkfs.ext4: uninitialized urandom read (16 bytes read)
[STDERR  ] 2017-09-12T13:46:36.128232584Z: [   20.203667]  sda:
[STDOUT  ] 2017-09-12T13:46:36.128237615Z: [   21.874201] random: mkfs.ext4: uninitialized urandom read (16 bytes read)
[STDERR  ] 2017-09-12T13:46:36.128242401Z: [   20.221294] random: sfdisk: uninitialized urandom read (4 bytes read)
[STDOUT  ] 2017-09-12T13:46:36.128248601Z: 2017/09/12 13:46:13 Partition /dev/sda1 successfully created!
[STDERR  ] 2017-09-12T13:46:36.128252242Z: [   20.236631]  sda: sda1
[STDOUT  ] 2017-09-12T13:46:36.128258205Z: [   22.816256] IPVS: Creating netns size=2104 id=2
[STDERR  ] 2017-09-12T13:46:36.128262511Z: [   20.300807]  sda: sda1
[STDOUT  ] 2017-09-12T13:46:36.128267799Z: [   22.816741] IPVS: ftp: loaded support on port[0] = 21
[STDERR  ] 2017-09-12T13:46:36.128272406Z: [   21.872235] random: mkfs.ext4: uninitialized urandom read (16 bytes read)
[STDOUT  ] 2017-09-12T13:46:36.128277495Z: 2017/09/12 13:46:15 Partition table found on device /dev/sda. Skipping.
[STDERR  ] 2017-09-12T13:46:36.128281996Z: [   21.874201] random: mkfs.ext4: uninitialized urandom read (16 bytes read)
[STDOUT  ] 2017-09-12T13:46:36.128287321Z: 2017/09/12 13:46:15 Creating partition on /dev/sdb
[STDERR  ] 2017-09-12T13:46:36.128294266Z: 2017/09/12 13:46:13 Partition /dev/sda1 successfully created!
[STDOUT  ] 2017-09-12T13:46:36.128297106Z: [   24.214924] random: fdisk: uninitialized urandom read (4 bytes read)
[STDOUT  ] 2017-09-12T13:46:36.128307109Z: [   24.242097]  sdb:
[STDERR  ] 2017-09-12T13:46:36.128306222Z: [   22.816256] IPVS: Creating netns size=2104 id=2
[STDERR  ] 2017-09-12T13:46:36.128316285Z: [   22.816741] IPVS: ftp: loaded support on port[0] = 21
[STDOUT  ] 2017-09-12T13:46:36.128316884Z: [   24.305238]  sdb:
[STDERR  ] 2017-09-12T13:46:36.128325979Z: 2017/09/12 13:46:15 Partition table found on device /dev/sda. Skipping.
[STDOUT  ] 2017-09-12T13:46:36.128327625Z: [   24.337638] random: sfdisk: uninitialized urandom read (4 bytes read)
[STDERR  ] 2017-09-12T13:46:36.128359704Z: 2017/09/12 13:46:15 Creating partition on /dev/sdb
[STDOUT  ] 2017-09-12T13:46:36.128366836Z: [   24.349515]  sdb: sdb1
[STDERR  ] 2017-09-12T13:46:36.128369736Z: [   24.214924] random: fdisk: uninitialized urandom read (4 bytes read)
[STDOUT  ] 2017-09-12T13:46:36.128376936Z: [   24.430816]  sdb: sdb1
[STDERR  ] 2017-09-12T13:46:36.128379746Z: [   24.242097]  sdb:
[STDOUT  ] 2017-09-12T13:46:36.128387095Z: [   26.002801] random: mkfs.ext4: uninitialized urandom read (16 bytes read)
[STDERR  ] 2017-09-12T13:46:36.128389509Z: [   24.305238]  sdb:
[STDOUT  ] 2017-09-12T13:46:36.128397386Z: [   26.004673] random: mkfs.ext4: uninitialized urandom read (16 bytes read)
[STDERR  ] 2017-09-12T13:46:36.128399109Z: [   24.337638] random: sfdisk: uninitialized urandom read (4 bytes read)
[STDOUT  ] 2017-09-12T13:46:36.128407345Z: 2017/09/12 13:46:17 Partition /dev/sdb1 successfully created!
[STDERR  ] 2017-09-12T13:46:36.128408975Z: [   24.349515]  sdb: sdb1
[STDERR  ] 2017-09-12T13:46:36.128418855Z: [   24.430816]  sdb: sdb1
[STDOUT  ] 2017-09-12T13:46:36.128429279Z: [   26.941531] IPVS: Creating netns size=2104 id=3
[STDERR  ] 2017-09-12T13:46:36.128430672Z: [   26.002801] random: mkfs.ext4: uninitialized urandom read (16 bytes read)
[STDOUT  ] 2017-09-12T13:46:36.128440169Z: [   26.942135] IPVS: ftp: loaded support on port[0] = 21
[STDERR  ] 2017-09-12T13:46:36.128441879Z: [   26.004673] random: mkfs.ext4: uninitialized urandom read (16 bytes read)
[STDOUT  ] 2017-09-12T13:46:36.128459521Z: [   28.529868] EXT4-fs (sda1): couldn't mount as ext3 due to feature incompatibilities
[STDERR  ] 2017-09-12T13:46:36.128460934Z: 2017/09/12 13:46:17 Partition /dev/sdb1 successfully created!
[STDERR  ] 2017-09-12T13:46:36.128470715Z: [   26.941531] IPVS: Creating netns size=2104 id=3
[STDOUT  ] 2017-09-12T13:46:36.128469921Z: [   28.538572] EXT4-fs (sda1): couldn't mount as ext2 due to feature incompatibilities
[STDERR  ] 2017-09-12T13:46:36.128480716Z: [   26.942135] IPVS: ftp: loaded support on port[0] = 21
[STDOUT  ] 2017-09-12T13:46:36.128484689Z: [   28.565031] EXT4-fs (sda1): mounted filesystem with ordered data mode. Opts: (null)
[STDERR  ] 2017-09-12T13:46:36.128490111Z: [   28.529868] EXT4-fs (sda1): couldn't mount as ext3 due to feature incompatibilities
[STDERR  ] 2017-09-12T13:46:36.128499786Z: [   28.538572] EXT4-fs (sda1): couldn't mount as ext2 due to feature incompatibilities
[STDOUT  ] 2017-09-12T13:46:36.128494629Z: [   28.997411] IPVS: Creating netns size=2104 id=4
[STDERR  ] 2017-09-12T13:46:36.128510021Z: [   28.565031] EXT4-fs (sda1): mounted filesystem with ordered data mode. Opts: (null)
[STDOUT  ] 2017-09-12T13:46:36.128516829Z: [   28.997738] IPVS: ftp: loaded support on port[0] = 21
[STDERR  ] 2017-09-12T13:46:36.128519849Z: [   28.997411] IPVS: Creating netns size=2104 id=4
[STDOUT  ] 2017-09-12T13:46:36.128526679Z: [   30.545927] EXT4-fs (sdb1): couldn't mount as ext3 due to feature incompatibilities
[STDERR  ] 2017-09-12T13:46:36.128529791Z: [   28.997738] IPVS: ftp: loaded support on port[0] = 21
[STDOUT  ] 2017-09-12T13:46:36.128536425Z: [   30.554325] EXT4-fs (sdb1): couldn't mount as ext2 due to feature incompatibilities
[STDERR  ] 2017-09-12T13:46:36.128539436Z: [   30.545927] EXT4-fs (sdb1): couldn't mount as ext3 due to feature incompatibilities
[STDOUT  ] 2017-09-12T13:46:36.128546096Z: [   30.559963] random: fast init done
[STDERR  ] 2017-09-12T13:46:36.128549321Z: [   30.554325] EXT4-fs (sdb1): couldn't mount as ext2 due to feature incompatibilities
[STDOUT  ] 2017-09-12T13:46:36.128556211Z: [   30.569124] EXT4-fs (sdb1): mounted filesystem with ordered data mode. Opts: (null)
[STDERR  ] 2017-09-12T13:46:36.128559265Z: [   30.559963] random: fast init done
[STDOUT  ] 2017-09-12T13:46:36.128568226Z: [   31.291649] random: crng init done
[STDERR  ] 2017-09-12T13:46:36.128568736Z: [   30.569124] EXT4-fs (sdb1): mounted filesystem with ordered data mode. Opts: (null)
[STDOUT  ] 2017-09-12T13:46:36.128591685Z: format_mount test suite PASSED
[STDOUT  ] 2017-09-12T13:46:36.128602636Z: [   43.395296] sd 1:0:0:0: [sdb] Synchronizing SCSI cache
[STDERR  ] 2017-09-12T13:46:36.128598141Z: [   31.291649] random: crng init done
[STDERR  ] 2017-09-12T13:46:36.128609529Z: format_mount test suite PASSED
[STDERR  ] 2017-09-12T13:46:36.128620922Z: [   43.395296] sd 1:0:0:0: [sdb] Synchronizing SCSI cache
[STDOUT  ] 2017-09-12T13:46:36.128617651Z: [   43.397977] sd 1:0:0:0: [sdb] Stopping disk
[STDOUT  ] 2017-09-12T13:46:36.128632314Z: [   43.398728] sd 0:0:0:0: [sda] Synchronizing SCSI cache
[STDERR  ] 2017-09-12T13:46:36.128630692Z: [   43.397977] sd 1:0:0:0: [sdb] Stopping disk
[STDOUT  ] 2017-09-12T13:46:36.128641829Z: [   43.399942] sd 0:0:0:0: [sda] Stopping disk
[STDERR  ] 2017-09-12T13:46:36.128646452Z: [   43.398728] sd 0:0:0:0: [sda] Synchronizing SCSI cache
[STDERR  ] 2017-09-12T13:46:36.128656261Z: [   43.399942] sd 0:0:0:0: [sda] Stopping disk
[STDERR  ] 2017-09-12T13:46:36.128666071Z: [   43.404034] ACPI: Preparing to enter system sleep state S5
[STDOUT  ] 2017-09-12T13:46:36.128653432Z: [   43.404034] ACPI: Preparing to enter system sleep state S5
[STDERR  ] 2017-09-12T13:46:36.128675744Z: [   43.405340] reboot: Power down
[STDOUT  ] 2017-09-12T13:46:36.128675709Z: [   43.405340] reboot: Power down
[STDERR  ] 2017-09-12T13:46:36.128685569Z: + echo [    0.000000] Linux version 4.9.46-linuxkit (root@e1ede117fb1e) (gcc version 6.3.0 (Alpine 6.3.0) ) #1 SMP Wed Aug 30 17:34:07 UTC 2017
[STDERR  ] 2017-09-12T13:46:36.128706294Z: [    0.000000] Command line: console=ttyS0
[STDERR  ] 2017-09-12T13:46:36.128716006Z: [    0.000000] x86/fpu: Legacy x87 FPU detected.
[STDERR  ] 2017-09-12T13:46:36.128725132Z: [    0.000000] x86/fpu: Using 'eager' FPU context switches.
[STDERR  ] 2017-09-12T13:46:36.128734401Z: [    0.000000] e820: BIOS-provided physical RAM map:
[STDERR  ] 2017-09-12T13:46:36.128743722Z: [    0.000000] BIOS-e820: [mem 0x0000000000000000-0x000000000009fbff] usable
[STDERR  ] 2017-09-12T13:46:36.128756293Z: [    0.000000] BIOS-e820: [mem 0x000000000009fc00-0x000000000009ffff] reserved
[STDERR  ] 2017-09-12T13:46:36.128765911Z: [    0.000000] BIOS-e820: [mem 0x00000000000f0000-0x00000000000fffff] reserved
[STDERR  ] 2017-09-12T13:46:36.128775235Z: [    0.000000] BIOS-e820: [mem 0x0000000000100000-0x000000003ffddfff] usable
[STDERR  ] 2017-09-12T13:46:36.12878446Z: [    0.000000] BIOS-e820: [mem 0x000000003ffde000-0x000000003fffffff] reserved
[STDERR  ] 2017-09-12T13:46:36.12879427Z: [    0.000000] BIOS-e820: [mem 0x00000000b0000000-0x00000000bfffffff] reserved
[STDERR  ] 2017-09-12T13:46:36.128804053Z: [    0.000000] BIOS-e820: [mem 0x00000000fed1c000-0x00000000fed1ffff] reserved
[STDERR  ] 2017-09-12T13:46:36.128812973Z: [    0.000000] BIOS-e820: [mem 0x00000000fffc0000-0x00000000ffffffff] reserved
[STDERR  ] 2017-09-12T13:46:36.128822138Z: [    0.000000] NX (Execute Disable) protection: active
[STDERR  ] 2017-09-12T13:46:36.128831624Z: [    0.000000] SMBIOS 2.8 present.
[STDERR  ] 2017-09-12T13:46:36.128841721Z: [    0.000000] e820: last_pfn = 0x3ffde max_arch_pfn = 0x400000000
[STDERR  ] 2017-09-12T13:46:36.128851143Z: [    0.000000] x86/PAT: Configuration [0-7]: WB  WC  UC- UC  WB  WC  UC- WT  
[STDERR  ] 2017-09-12T13:46:36.128870794Z: [    0.000000] found SMP MP-table at [mem 0x000f6aa0-0x000f6aaf] mapped at [ffff9908c00f6aa0]
[STDERR  ] 2017-09-12T13:46:36.128881001Z: [    0.000000] RAMDISK: [mem 0x3e2d2000-0x3ffcffff]
[STDERR  ] 2017-09-12T13:46:36.128890688Z: [    0.000000] ACPI: Early table checksum verification disabled
[STDERR  ] 2017-09-12T13:46:36.128899968Z: [    0.000000] ACPI: RSDP 0x00000000000F68C0 000014 (v00 BOCHS )
[STDERR  ] 2017-09-12T13:46:36.128909731Z: [    0.000000] ACPI: RSDT 0x000000003FFE2404 000034 (v01 BOCHS  BXPCRSDT 00000001 BXPC 00000001)
[STDERR  ] 2017-09-12T13:46:36.128926321Z: [    0.000000] ACPI: FACP 0x000000003FFE22A4 000074 (v01 BOCHS  BXPCFACP 00000001 BXPC 00000001)
[STDERR  ] 2017-09-12T13:46:36.128936418Z: [    0.000000] ACPI: DSDT 0x000000003FFE0040 002264 (v01 BOCHS  BXPCDSDT 00000001 BXPC 00000001)
[STDERR  ] 2017-09-12T13:46:36.128945983Z: [    0.000000] ACPI: FACS 0x000000003FFE0000 000040
[STDERR  ] 2017-09-12T13:46:36.128955634Z: [    0.000000] ACPI: APIC 0x000000003FFE2318 000078 (v01 BOCHS  BXPCAPIC 00000001 BXPC 00000001)
[STDERR  ] 2017-09-12T13:46:36.128965385Z: [    0.000000] ACPI: HPET 0x000000003FFE2390 000038 (v01 BOCHS  BXPCHPET 00000001 BXPC 00000001)
[STDERR  ] 2017-09-12T13:46:36.128979838Z: [    0.000000] ACPI: MCFG 0x000000003FFE23C8 00003C (v01 BOCHS  BXPCMCFG 00000001 BXPC 00000001)
[STDERR  ] 2017-09-12T13:46:36.128990198Z: [    0.000000] Zone ranges:
[STDERR  ] 2017-09-12T13:46:36.129002468Z: [    0.000000]   DMA      [mem 0x0000000000001000-0x0000000000ffffff]
[STDERR  ] 2017-09-12T13:46:36.129013281Z: [    0.000000]   DMA32    [mem 0x0000000001000000-0x000000003ffddfff]
[STDERR  ] 2017-09-12T13:46:36.129022981Z: [    0.000000]   Normal   empty
[STDERR  ] 2017-09-12T13:46:36.129034444Z: [    0.000000] Movable zone start for each node
[STDERR  ] 2017-09-12T13:46:36.129043585Z: [    0.000000] Early memory node ranges
[STDERR  ] 2017-09-12T13:46:36.129052818Z: [    0.000000]   node   0: [mem 0x0000000000001000-0x000000000009efff]
[STDERR  ] 2017-09-12T13:46:36.12906268Z: [    0.000000]   node   0: [mem 0x0000000000100000-0x000000003ffddfff]
[STDERR  ] 2017-09-12T13:46:36.129072718Z: [    0.000000] Initmem setup node 0 [mem 0x0000000000001000-0x000000003ffddfff]
[STDERR  ] 2017-09-12T13:46:36.129095348Z: [    0.000000] ACPI: PM-Timer IO Port: 0x608
[STDERR  ] 2017-09-12T13:46:36.129108444Z: [    0.000000] ACPI: LAPIC_NMI (acpi_id[0xff] dfl dfl lint[0x1])
[STDERR  ] 2017-09-12T13:46:36.129118438Z: [    0.000000] IOAPIC[0]: apic_id 0, version 32, address 0xfec00000, GSI 0-23
[STDERR  ] 2017-09-12T13:46:36.129128681Z: [    0.000000] ACPI: INT_SRC_OVR (bus 0 bus_irq 0 global_irq 2 dfl dfl)
[STDERR  ] 2017-09-12T13:46:36.129141331Z: [    0.000000] ACPI: INT_SRC_OVR (bus 0 bus_irq 5 global_irq 5 high level)
[STDERR  ] 2017-09-12T13:46:36.129151568Z: [    0.000000] ACPI: INT_SRC_OVR (bus 0 bus_irq 9 global_irq 9 high level)
[STDERR  ] 2017-09-12T13:46:36.129161753Z: [    0.000000] ACPI: INT_SRC_OVR (bus 0 bus_irq 10 global_irq 10 high level)
[STDERR  ] 2017-09-12T13:46:36.129172061Z: [    0.000000] ACPI: INT_SRC_OVR (bus 0 bus_irq 11 global_irq 11 high level)
[STDERR  ] 2017-09-12T13:46:36.129182678Z: [    0.000000] Using ACPI (MADT) for SMP configuration information
[STDERR  ] 2017-09-12T13:46:36.129192164Z: [    0.000000] ACPI: HPET id: 0x8086a201 base: 0xfed00000
[STDERR  ] 2017-09-12T13:46:36.129201394Z: [    0.000000] smpboot: Allowing 1 CPUs, 0 hotplug CPUs
[STDERR  ] 2017-09-12T13:46:36.129217224Z: [    0.000000] e820: [mem 0x40000000-0xafffffff] available for PCI devices
[STDERR  ] 2017-09-12T13:46:36.129227118Z: [    0.000000] Booting paravirtualized kernel on bare hardware
[STDERR  ] 2017-09-12T13:46:36.129241841Z: [    0.000000] clocksource: refined-jiffies: mask: 0xffffffff max_cycles: 0xffffffff, max_idle_ns: 19112604462750000 ns
[STDERR  ] 2017-09-12T13:46:36.129253573Z: [    0.000000] setup_percpu: NR_CPUS:128 nr_cpumask_bits:128 nr_cpu_ids:1 nr_node_ids:1
[STDERR  ] 2017-09-12T13:46:36.129263703Z: [    0.000000] percpu: Embedded 35 pages/cpu @ffff9908fe000000 s105240 r8192 d29928 u2097152
[STDERR  ] 2017-09-12T13:46:36.129273985Z: [    0.000000] Built 1 zonelists in Zone order, mobility grouping on.  Total pages: 257895
[STDERR  ] 2017-09-12T13:46:36.129284465Z: [    0.000000] Kernel command line: console=ttyS0
[STDERR  ] 2017-09-12T13:46:36.129294181Z: [    0.000000] PID hash table entries: 4096 (order: 3, 32768 bytes)
[STDERR  ] 2017-09-12T13:46:36.129303061Z: [    0.000000] Dentry cache hash table entries: 131072 (order: 8, 1048576 bytes)
[STDERR  ] 2017-09-12T13:46:36.129312651Z: [    0.000000] Inode-cache hash table entries: 65536 (order: 7, 524288 bytes)
[STDERR  ] 2017-09-12T13:46:36.129323238Z: [    0.000000] Memory: 984480K/1048048K available (8030K kernel code, 1366K rwdata, 2696K rodata, 1380K init, 568K bss, 63568K reserved, 0K cma-reserved)
[STDERR  ] 2017-09-12T13:46:36.1293336Z: [    0.000000] Hierarchical RCU implementation.
[STDERR  ] 2017-09-12T13:46:36.129343705Z: [    0.000000] 	Build-time adjustment of leaf fanout to 64.
[STDERR  ] 2017-09-12T13:46:36.129353508Z: [    0.000000] 	RCU restricting CPUs from NR_CPUS=128 to nr_cpu_ids=1.
[STDERR  ] 2017-09-12T13:46:36.129363374Z: [    0.000000] RCU: Adjusting geometry for rcu_fanout_leaf=64, nr_cpu_ids=1
[STDERR  ] 2017-09-12T13:46:36.129373033Z: [    0.000000] NR_IRQS:8448 nr_irqs:256 16
[STDERR  ] 2017-09-12T13:46:36.12938267Z: [    0.000000] Console: colour VGA+ 80x25
[STDERR  ] 2017-09-12T13:46:36.129392161Z: [    0.000000] console [ttyS0] enabled
[STDERR  ] 2017-09-12T13:46:36.129401764Z: [    0.000000] clocksource: hpet: mask: 0xffffffff max_cycles: 0xffffffff, max_idle_ns: 19112604467 ns
[STDERR  ] 2017-09-12T13:46:36.129411474Z: [    0.000000] tsc: Fast TSC calibration using PIT
[STDERR  ] 2017-09-12T13:46:36.12942095Z: [    0.000000] tsc: Detected 2600.008 MHz processor
[STDERR  ] 2017-09-12T13:46:36.129431103Z: [    0.021597] Calibrating delay loop (skipped), value calculated using timer frequency.. 5200.01 BogoMIPS (lpj=26000080)
[STDERR  ] 2017-09-12T13:46:36.12944203Z: [    0.022520] pid_max: default: 32768 minimum: 301
[STDERR  ] 2017-09-12T13:46:36.129451114Z: [    0.023418] ACPI: Core revision 20160831
[STDERR  ] 2017-09-12T13:46:36.129460654Z: [    0.066073] ACPI: 1 ACPI AML tables successfully acquired and loaded
[STDERR  ] 2017-09-12T13:46:36.129481439Z: [    0.071141] Security Framework initialized
[STDERR  ] 2017-09-12T13:46:36.129491414Z: [    0.071712] Yama: becoming mindful.
[STDERR  ] 2017-09-12T13:46:36.12950088Z: [    0.073847] Mount-cache hash table entries: 2048 (order: 2, 16384 bytes)
[STDERR  ] 2017-09-12T13:46:36.129511293Z: [    0.074538] Mountpoint-cache hash table entries: 2048 (order: 2, 16384 bytes)
[STDERR  ] 2017-09-12T13:46:36.129521244Z: [    0.093851] Last level iTLB entries: 4KB 0, 2MB 0, 4MB 0
[STDERR  ] 2017-09-12T13:46:36.129530927Z: [    0.094384] Last level dTLB entries: 4KB 0, 2MB 0, 4MB 0, 1GB 0
[STDERR  ] 2017-09-12T13:46:36.129540739Z: [    0.392107] Freeing SMP alternatives memory: 20K
[STDERR  ] 2017-09-12T13:46:36.129550737Z: [    0.402705] ftrace: allocating 35505 entries in 139 pages
[STDERR  ] 2017-09-12T13:46:36.129560273Z: [    0.559117] smpboot: Max logical packages: 1
[STDERR  ] 2017-09-12T13:46:36.129569472Z: [    0.566470] ..TIMER: vector=0x30 apic1=0 pin1=2 apic2=-1 pin2=-1
[STDERR  ] 2017-09-12T13:46:36.129578834Z: [    0.670000] smpboot: CPU0: AMD QEMU Virtual CPU version 2.5+ (family: 0x6, model: 0x6, stepping: 0x3)
[STDERR  ] 2017-09-12T13:46:36.129591084Z: [    0.670000] Performance Events: PMU not available due to virtualization, using software events only.
[STDERR  ] 2017-09-12T13:46:36.129600639Z: [    0.678848] NMI watchdog: disabled (cpu0): hardware events not enabled
[STDERR  ] 2017-09-12T13:46:36.129611097Z: [    0.679432] NMI watchdog: Shutting down hard lockup detector on all cpus
[STDERR  ] 2017-09-12T13:46:36.129623614Z: [    0.683454] x86: Booted up 1 node, 1 CPUs
[STDERR  ] 2017-09-12T13:46:36.129633744Z: [    0.683917] smpboot: Total of 1 processors activated (5200.01 BogoMIPS)
[STDERR  ] 2017-09-12T13:46:36.129646137Z: [    0.697595] devtmpfs: initialized
[STDERR  ] 2017-09-12T13:46:36.129656139Z: [    0.702708] x86/mm: Memory block size: 128MB
[STDERR  ] 2017-09-12T13:46:36.129665982Z: [    0.766918] clocksource: jiffies: mask: 0xffffffff max_cycles: 0xffffffff, max_idle_ns: 19112604462750000 ns
[STDERR  ] 2017-09-12T13:46:36.12967709Z: [    0.767943] futex hash table entries: 256 (order: 2, 16384 bytes)
[STDERR  ] 2017-09-12T13:46:36.129686497Z: [    0.777163] NET: Registered protocol family 16
[STDERR  ] 2017-09-12T13:46:36.129695587Z: [    0.786731] cpuidle: using governor ladder
[STDERR  ] 2017-09-12T13:46:36.129704164Z: [    0.787278] cpuidle: using governor menu
[STDERR  ] 2017-09-12T13:46:36.129718533Z: [    0.788518] ACPI: bus type PCI registered
[STDERR  ] 2017-09-12T13:46:36.129727767Z: [    0.791542] PCI: MMCONFIG for domain 0000 [bus 00-ff] at [mem 0xb0000000-0xbfffffff] (base 0xb0000000)
[STDERR  ] 2017-09-12T13:46:36.129737604Z: [    0.792414] PCI: MMCONFIG at [mem 0xb0000000-0xbfffffff] reserved in E820
[STDERR  ] 2017-09-12T13:46:36.129753587Z: [    0.793845] PCI: Using configuration type 1 for base access
[STDERR  ] 2017-09-12T13:46:36.129762943Z: [    0.849487] HugeTLB registered 2 MB page size, pre-allocated 0 pages
[STDERR  ] 2017-09-12T13:46:36.129774217Z: [    0.861752] ACPI: Added _OSI(Module Device)
[STDERR  ] 2017-09-12T13:46:36.129783663Z: [    0.862098] ACPI: Added _OSI(Processor Device)
[STDERR  ] 2017-09-12T13:46:36.129792594Z: [    0.862405] ACPI: Added _OSI(3.0 _SCP Extensions)
[STDERR  ] 2017-09-12T13:46:36.129801583Z: [    0.862743] ACPI: Added _OSI(Processor Aggregator Device)
[STDERR  ] 2017-09-12T13:46:36.12981101Z: [    0.934528] ACPI: Interpreter enabled
[STDERR  ] 2017-09-12T13:46:36.129820569Z: [    0.935560] ACPI: (supports S0 S5)
[STDERR  ] 2017-09-12T13:46:36.129830304Z: [    0.935949] ACPI: Using IOAPIC for interrupt routing
[STDERR  ] 2017-09-12T13:46:36.129839792Z: [    0.938740] PCI: Using host bridge windows from ACPI; if necessary, use "pci=nocrs" and report a bug
[STDERR  ] 2017-09-12T13:46:36.129850093Z: [    1.002901] ACPI: PCI Root Bridge [PCI0] (domain 0000 [bus 00-ff])
[STDERR  ] 2017-09-12T13:46:36.129868632Z: [    1.004083] acpi PNP0A08:00: _OSC: OS supports [ExtendedConfig ASPM ClockPM Segments MSI]
[STDERR  ] 2017-09-12T13:46:36.129891204Z: [    1.011484] acpi PNP0A08:00: _OSC: OS now controls [PCIeHotplug PME PCIeCapability]
[STDERR  ] 2017-09-12T13:46:36.129901657Z: [    1.015205] PCI host bridge to bus 0000:00
[STDERR  ] 2017-09-12T13:46:36.12991164Z: [    1.015693] pci_bus 0000:00: root bus resource [io  0x0000-0x0cf7 window]
[STDERR  ] 2017-09-12T13:46:36.129922433Z: [    1.016181] pci_bus 0000:00: root bus resource [io  0x0d00-0xffff window]
[STDERR  ] 2017-09-12T13:46:36.12993241Z: [    1.016629] pci_bus 0000:00: root bus resource [mem 0x000a0000-0x000bffff window]
[STDERR  ] 2017-09-12T13:46:36.129941974Z: [    1.017146] pci_bus 0000:00: root bus resource [mem 0xc0000000-0xfebfffff window]
[STDERR  ] 2017-09-12T13:46:36.129953444Z: [    1.017839] pci_bus 0000:00: root bus resource [bus 00-ff]
[STDERR  ] 2017-09-12T13:46:36.129963107Z: [    1.126549] pci 0000:00:1f.0: quirk: [io  0x0600-0x067f] claimed by ICH6 ACPI/GPIO/TCO
[STDERR  ] 2017-09-12T13:46:36.129972387Z: [    1.190771] ACPI: PCI Interrupt Link [LNKA] (IRQs 5 *10 11)
[STDERR  ] 2017-09-12T13:46:36.12998289Z: [    1.193729] ACPI: PCI Interrupt Link [LNKB] (IRQs 5 *10 11)
[STDERR  ] 2017-09-12T13:46:36.129992904Z: [    1.196017] ACPI: PCI Interrupt Link [LNKC] (IRQs 5 10 *11)
[STDERR  ] 2017-09-12T13:46:36.130003072Z: [    1.197865] ACPI: PCI Interrupt Link [LNKD] (IRQs 5 10 *11)
[STDERR  ] 2017-09-12T13:46:36.130013144Z: [    1.200471] ACPI: PCI Interrupt Link [LNKE] (IRQs 5 *10 11)
[STDERR  ] 2017-09-12T13:46:36.130022997Z: [    1.202289] ACPI: PCI Interrupt Link [LNKF] (IRQs 5 *10 11)
