[INFO    ] 2017-11-01T09:17:22.462495308Z: Running Test linuxkit.packages.binfmt in /tmp/with_clone3efcca93/test/cases/040_packages/002_binfmt
[INFO    ] 2017-11-01T09:17:22.462593611Z: Running command: [/bin/sh -x /tmp/with_clone3efcca93/test/cases/040_packages/002_binfmt/test.sh]
[STDERR  ] 2017-11-01T09:17:22.463029771Z: + set -e
[STDERR  ] 2017-11-01T09:17:22.463095432Z: + . /tmp/with_clone3efcca93/test/cases/_lib/lib.sh
[STDERR  ] 2017-11-01T09:17:22.463184071Z: + [ -f src/github.com/linuxkit/rtf/lib/lib.sh ]
[STDERR  ] 2017-11-01T09:17:22.463244487Z: + LINUXKIT_TMPDIR=/tmp/with_clone3efcca93/test/cases/_tmp
[STDERR  ] 2017-11-01T09:17:22.463304821Z: + [ -f /tmp/with_clone3efcca93/test/cases/_tmp/env.sh ]
[STDERR  ] 2017-11-01T09:17:22.463371973Z: + . /tmp/with_clone3efcca93/test/cases/_tmp/env.sh
[STDERR  ] 2017-11-01T09:17:22.463431726Z: + export LINUXKIT_EXAMPLES_DIR=/tmp/with_clone3efcca93/test/cases/../../examples
[STDERR  ] 2017-11-01T09:17:22.46348075Z: + export LINUXKIT_BLUEPRINTS_DIR=/tmp/with_clone3efcca93/test/cases/../../blueprints
[STDERR  ] 2017-11-01T09:17:22.463538945Z: + RT_CANCEL=253
[STDERR  ] 2017-11-01T09:17:22.463581907Z: + NAME=binfmt
[STDERR  ] 2017-11-01T09:17:22.463636735Z: + trap clean_up EXIT
[STDERR  ] 2017-11-01T09:17:22.463740511Z: + moby build -format kernel+initrd -name binfmt test.yml
[STDERR  ] 2017-11-01T09:17:22.47464419Z: Extract kernel image: linuxkit/kernel:4.9.59
[STDERR  ] 2017-11-01T09:17:28.775281371Z: Add init containers:
[STDERR  ] 2017-11-01T09:17:28.775349351Z: Process init image: linuxkit/init:42a92119e1ca10380e0d33e26c0cbcf85b9b3558
[STDERR  ] 2017-11-01T09:17:31.224450137Z: Process init image: linuxkit/runc:817fdc592eac6cb7804fa1721a43a7f6e23fb50f
[STDERR  ] 2017-11-01T09:17:32.97123482Z: Add onboot containers:
[STDERR  ] 2017-11-01T09:17:32.971319399Z:   Create OCI config for linuxkit/binfmt:742781d22fe851e7a1c589fc8d1cf3bd4e264b22
[STDERR  ] 2017-11-01T09:17:34.026430002Z: time="2017-11-01T09:17:34Z" level=warning msg="certificate with CN Rolf Neugebauer is near expiry" 
[STDERR  ] 2017-11-01T09:17:34.027798732Z: time="2017-11-01T09:17:34Z" level=warning msg="certificate with CN Rolf Neugebauer is near expiry" 
[STDERR  ] 2017-11-01T09:17:34.867191658Z:   Create OCI config for alpine:3.6
[STDERR  ] 2017-11-01T09:17:36.573678133Z:   Create OCI config for linuxkit/poweroff:280bd01daa8776fbe1f4d912977f1886b8374834
[STDERR  ] 2017-11-01T09:17:37.635002181Z: time="2017-11-01T09:17:37Z" level=warning msg="certificate with CN Rolf Neugebauer is near expiry" 
[STDERR  ] 2017-11-01T09:17:37.636673775Z: time="2017-11-01T09:17:37Z" level=warning msg="certificate with CN Rolf Neugebauer is near expiry" 
[STDERR  ] 2017-11-01T09:17:38.176214458Z: Add files:
[STDERR  ] 2017-11-01T09:17:38.176267432Z:   check.sh
[STDERR  ] 2017-11-01T09:17:38.176284171Z: Create outputs:
[STDERR  ] 2017-11-01T09:17:42.964712511Z:   binfmt-kernel binfmt-initrd.img binfmt-cmdline
[STDERR  ] 2017-11-01T09:17:43.148654846Z: + linuxkit run binfmt
[STDOUT  ] 2017-11-01T09:18:13.595355323Z: [    0.000000] Linux version 4.9.59-linuxkit (root@01324b49428a) (gcc version 6.3.0 (Alpine 6.3.0) ) #1 SMP Sat Oct 28 17:03:21 UTC 2017
[STDOUT  ] 2017-11-01T09:18:13.595447386Z: [    0.000000] Command line: console=ttyS0 page_poison=1
[STDOUT  ] 2017-11-01T09:18:13.595462984Z: [    0.000000] x86/fpu: Legacy x87 FPU detected.
[STDOUT  ] 2017-11-01T09:18:13.595477328Z: [    0.000000] x86/fpu: Using 'eager' FPU context switches.
[STDOUT  ] 2017-11-01T09:18:13.59550362Z: [    0.000000] e820: BIOS-provided physical RAM map:
[STDOUT  ] 2017-11-01T09:18:13.595518116Z: [    0.000000] BIOS-e820: [mem 0x0000000000000000-0x000000000009fbff] usable
[STDOUT  ] 2017-11-01T09:18:13.595531708Z: [    0.000000] BIOS-e820: [mem 0x000000000009fc00-0x000000000009ffff] reserved
[STDOUT  ] 2017-11-01T09:18:13.595545181Z: [    0.000000] BIOS-e820: [mem 0x00000000000f0000-0x00000000000fffff] reserved
[STDOUT  ] 2017-11-01T09:18:13.595558584Z: [    0.000000] BIOS-e820: [mem 0x0000000000100000-0x000000003ffdefff] usable
[STDOUT  ] 2017-11-01T09:18:13.595571771Z: [    0.000000] BIOS-e820: [mem 0x000000003ffdf000-0x000000003fffffff] reserved
[STDOUT  ] 2017-11-01T09:18:13.595593637Z: [    0.000000] BIOS-e820: [mem 0x00000000b0000000-0x00000000bfffffff] reserved
[STDOUT  ] 2017-11-01T09:18:13.595606481Z: [    0.000000] BIOS-e820: [mem 0x00000000fed1c000-0x00000000fed1ffff] reserved
[STDOUT  ] 2017-11-01T09:18:13.595618737Z: [    0.000000] BIOS-e820: [mem 0x00000000fffc0000-0x00000000ffffffff] reserved
[STDOUT  ] 2017-11-01T09:18:13.595631624Z: [    0.000000] NX (Execute Disable) protection: active
[STDOUT  ] 2017-11-01T09:18:13.595643977Z: [    0.000000] SMBIOS 2.8 present.
[STDOUT  ] 2017-11-01T09:18:13.595656397Z: [    0.000000] e820: last_pfn = 0x3ffdf max_arch_pfn = 0x400000000
[STDOUT  ] 2017-11-01T09:18:13.595668799Z: [    0.000000] x86/PAT: Configuration [0-7]: WB  WC  UC- UC  WB  WC  UC- WT  
[STDOUT  ] 2017-11-01T09:18:13.595681028Z: [    0.000000] found SMP MP-table at [mem 0x000f6aa0-0x000f6aaf] mapped at [ffff93fe800f6aa0]
[STDOUT  ] 2017-11-01T09:18:13.595693596Z: [    0.000000] RAMDISK: [mem 0x3e391000-0x3ffcffff]
[STDOUT  ] 2017-11-01T09:18:13.595712637Z: [    0.000000] ACPI: Early table checksum verification disabled
[STDOUT  ] 2017-11-01T09:18:13.595724607Z: [    0.000000] ACPI: RSDP 0x00000000000F68C0 000014 (v00 BOCHS )
[STDOUT  ] 2017-11-01T09:18:13.595736925Z: [    0.000000] ACPI: RSDT 0x000000003FFE2404 000034 (v01 BOCHS  BXPCRSDT 00000001 BXPC 00000001)
[STDOUT  ] 2017-11-01T09:18:13.595749655Z: [    0.000000] ACPI: FACP 0x000000003FFE22A4 000074 (v01 BOCHS  BXPCFACP 00000001 BXPC 00000001)
[STDOUT  ] 2017-11-01T09:18:13.595766323Z: [    0.000000] ACPI: DSDT 0x000000003FFE0040 002264 (v01 BOCHS  BXPCDSDT 00000001 BXPC 00000001)
[STDOUT  ] 2017-11-01T09:18:13.595778622Z: [    0.000000] ACPI: FACS 0x000000003FFE0000 000040
[STDOUT  ] 2017-11-01T09:18:13.595790645Z: [    0.000000] ACPI: APIC 0x000000003FFE2318 000078 (v01 BOCHS  BXPCAPIC 00000001 BXPC 00000001)
[STDOUT  ] 2017-11-01T09:18:13.59580248Z: [    0.000000] ACPI: HPET 0x000000003FFE2390 000038 (v01 BOCHS  BXPCHPET 00000001 BXPC 00000001)
[STDOUT  ] 2017-11-01T09:18:13.595814493Z: [    0.000000] ACPI: MCFG 0x000000003FFE23C8 00003C (v01 BOCHS  BXPCMCFG 00000001 BXPC 00000001)
[STDOUT  ] 2017-11-01T09:18:13.5958263Z: [    0.000000] Zone ranges:
[STDOUT  ] 2017-11-01T09:18:13.595839249Z: [    0.000000]   DMA      [mem 0x0000000000001000-0x0000000000ffffff]
[STDOUT  ] 2017-11-01T09:18:13.595853997Z: [    0.000000]   DMA32    [mem 0x0000000001000000-0x000000003ffdefff]
[STDOUT  ] 2017-11-01T09:18:13.595866007Z: [    0.000000]   Normal   empty
[STDOUT  ] 2017-11-01T09:18:13.595878007Z: [    0.000000] Movable zone start for each node
[STDOUT  ] 2017-11-01T09:18:13.59588992Z: [    0.000000] Early memory node ranges
[STDOUT  ] 2017-11-01T09:18:13.595901913Z: [    0.000000]   node   0: [mem 0x0000000000001000-0x000000000009efff]
[STDOUT  ] 2017-11-01T09:18:13.59591395Z: [    0.000000]   node   0: [mem 0x0000000000100000-0x000000003ffdefff]
[STDOUT  ] 2017-11-01T09:18:13.595925855Z: [    0.000000] Initmem setup node 0 [mem 0x0000000000001000-0x000000003ffdefff]
[STDOUT  ] 2017-11-01T09:18:13.595937935Z: [    0.000000] ACPI: PM-Timer IO Port: 0x608
[STDOUT  ] 2017-11-01T09:18:13.595949758Z: [    0.000000] ACPI: LAPIC_NMI (acpi_id[0xff] dfl dfl lint[0x1])
[STDOUT  ] 2017-11-01T09:18:13.59596404Z: [    0.000000] IOAPIC[0]: apic_id 0, version 32, address 0xfec00000, GSI 0-23
[STDOUT  ] 2017-11-01T09:18:13.595980756Z: [    0.000000] ACPI: INT_SRC_OVR (bus 0 bus_irq 0 global_irq 2 dfl dfl)
[STDOUT  ] 2017-11-01T09:18:13.595992711Z: [    0.000000] ACPI: INT_SRC_OVR (bus 0 bus_irq 5 global_irq 5 high level)
[STDOUT  ] 2017-11-01T09:18:13.596004547Z: [    0.000000] ACPI: INT_SRC_OVR (bus 0 bus_irq 9 global_irq 9 high level)
[STDOUT  ] 2017-11-01T09:18:13.596016531Z: [    0.000000] ACPI: INT_SRC_OVR (bus 0 bus_irq 10 global_irq 10 high level)
[STDOUT  ] 2017-11-01T09:18:13.596028415Z: [    0.000000] ACPI: INT_SRC_OVR (bus 0 bus_irq 11 global_irq 11 high level)
[STDOUT  ] 2017-11-01T09:18:13.596043177Z: [    0.000000] Using ACPI (MADT) for SMP configuration information
[STDOUT  ] 2017-11-01T09:18:13.59605914Z: [    0.000000] ACPI: HPET id: 0x8086a201 base: 0xfed00000
[STDOUT  ] 2017-11-01T09:18:13.596070654Z: [    0.000000] smpboot: Allowing 1 CPUs, 0 hotplug CPUs
[STDOUT  ] 2017-11-01T09:18:13.596081956Z: [    0.000000] e820: [mem 0x40000000-0xafffffff] available for PCI devices
[STDOUT  ] 2017-11-01T09:18:13.596093055Z: [    0.000000] Booting paravirtualized kernel on bare hardware
[STDOUT  ] 2017-11-01T09:18:13.596104265Z: [    0.000000] clocksource: refined-jiffies: mask: 0xffffffff max_cycles: 0xffffffff, max_idle_ns: 19112604462750000 ns
[STDOUT  ] 2017-11-01T09:18:13.596116502Z: [    0.000000] setup_percpu: NR_CPUS:128 nr_cpumask_bits:128 nr_cpu_ids:1 nr_node_ids:1
[STDOUT  ] 2017-11-01T09:18:13.596127974Z: [    0.000000] percpu: Embedded 35 pages/cpu @ffff93febe000000 s105240 r8192 d29928 u2097152
[STDOUT  ] 2017-11-01T09:18:13.596139531Z: [    0.000000] Built 1 zonelists in Zone order, mobility grouping on.  Total pages: 257896
[STDOUT  ] 2017-11-01T09:18:13.596152343Z: [    0.000000] Kernel command line: console=ttyS0 page_poison=1
[STDOUT  ] 2017-11-01T09:18:13.5961669Z: [    0.000000] PID hash table entries: 4096 (order: 3, 32768 bytes)
[STDOUT  ] 2017-11-01T09:18:13.59617875Z: [    0.000000] Dentry cache hash table entries: 131072 (order: 8, 1048576 bytes)
[STDOUT  ] 2017-11-01T09:18:13.596190148Z: [    0.000000] Inode-cache hash table entries: 65536 (order: 7, 524288 bytes)
[STDOUT  ] 2017-11-01T09:18:13.596202053Z: [    0.000000] Memory: 985248K/1048052K available (8053K kernel code, 1367K rwdata, 2704K rodata, 1380K init, 568K bss, 62804K reserved, 0K cma-reserved)
[STDOUT  ] 2017-11-01T09:18:13.596214262Z: [    0.000000] Hierarchical RCU implementation.
[STDOUT  ] 2017-11-01T09:18:13.59622509Z: [    0.000000] 	Build-time adjustment of leaf fanout to 64.
[STDOUT  ] 2017-11-01T09:18:13.59623635Z: [    0.000000] 	RCU restricting CPUs from NR_CPUS=128 to nr_cpu_ids=1.
[STDOUT  ] 2017-11-01T09:18:13.59624755Z: [    0.000000] RCU: Adjusting geometry for rcu_fanout_leaf=64, nr_cpu_ids=1
[STDOUT  ] 2017-11-01T09:18:13.596258724Z: [    0.000000] NR_IRQS:8448 nr_irqs:256 16
[STDOUT  ] 2017-11-01T09:18:13.596269622Z: [    0.000000] Console: colour VGA+ 80x25
[STDOUT  ] 2017-11-01T09:18:13.596280742Z: [    0.000000] console [ttyS0] enabled
[STDOUT  ] 2017-11-01T09:18:13.596291611Z: [    0.000000] allocated 2097152 bytes of page_ext
[STDOUT  ] 2017-11-01T09:18:13.596303425Z: [    0.000000] clocksource: hpet: mask: 0xffffffff max_cycles: 0xffffffff, max_idle_ns: 19112604467 ns
[STDOUT  ] 2017-11-01T09:18:13.596315132Z: [    0.000000] tsc: Fast TSC calibration using PIT
[STDOUT  ] 2017-11-01T09:18:13.596326382Z: [    0.000000] tsc: Detected 2300.114 MHz processor
[STDOUT  ] 2017-11-01T09:18:13.596337494Z: [    0.021408] Calibrating delay loop (skipped), value calculated using timer frequency.. 4600.22 BogoMIPS (lpj=23001140)
[STDOUT  ] 2017-11-01T09:18:13.596349885Z: [    0.022433] pid_max: default: 32768 minimum: 301
[STDOUT  ] 2017-11-01T09:18:13.596361253Z: [    0.023431] ACPI: Core revision 20160831
[STDOUT  ] 2017-11-01T09:18:13.596372665Z: [    0.070281] ACPI: 1 ACPI AML tables successfully acquired and loaded
[STDOUT  ] 2017-11-01T09:18:13.596388976Z: [    0.073438] Security Framework initialized
[STDOUT  ] 2017-11-01T09:18:13.596400937Z: [    0.073810] Yama: becoming mindful.
[STDOUT  ] 2017-11-01T09:18:13.596418222Z: [    0.075589] Mount-cache hash table entries: 2048 (order: 2, 16384 bytes)
[STDOUT  ] 2017-11-01T09:18:13.596431038Z: [    0.076117] Mountpoint-cache hash table entries: 2048 (order: 2, 16384 bytes)
[STDOUT  ] 2017-11-01T09:18:13.59644284Z: [    0.094711] Last level iTLB entries: 4KB 0, 2MB 0, 4MB 0
[STDOUT  ] 2017-11-01T09:18:13.596454632Z: [    0.095133] Last level dTLB entries: 4KB 0, 2MB 0, 4MB 0, 1GB 0
[STDOUT  ] 2017-11-01T09:18:13.596465973Z: [    0.415675] Freeing SMP alternatives memory: 20K
[STDOUT  ] 2017-11-01T09:18:13.596477575Z: [    0.424052] ftrace: allocating 35584 entries in 140 pages
[STDOUT  ] 2017-11-01T09:18:13.596494411Z: [    0.592284] smpboot: Max logical packages: 1
[STDOUT  ] 2017-11-01T09:18:13.59650649Z: [    0.597438] ..TIMER: vector=0x30 apic1=0 pin1=2 apic2=-1 pin2=-1
[STDOUT  ] 2017-11-01T09:18:13.596518368Z: [    0.700000] smpboot: CPU0: AMD QEMU Virtual CPU version 2.5+ (family: 0x6, model: 0x6, stepping: 0x3)
[STDOUT  ] 2017-11-01T09:18:13.596531315Z: [    0.700000] Performance Events: PMU not available due to virtualization, using software events only.
[STDOUT  ] 2017-11-01T09:18:13.596543928Z: [    0.707217] NMI watchdog: disabled (cpu0): hardware events not enabled
[STDERR  ] 2017-11-01T09:18:13.596539434Z: + RESULT=[    0.000000] Linux version 4.9.59-linuxkit (root@01324b49428a) (gcc version 6.3.0 (Alpine 6.3.0) ) #1 SMP Sat Oct 28 17:03:21 UTC 2017
[STDOUT  ] 2017-11-01T09:18:13.596576333Z: [    0.707651] NMI watchdog: Shutting down hard lockup detector on all cpus
[STDERR  ] 2017-11-01T09:18:13.596581846Z: [    0.000000] Command line: console=ttyS0 page_poison=1
[STDOUT  ] 2017-11-01T09:18:13.596589712Z: [    0.710474] x86: Booted up 1 node, 1 CPUs
[STDERR  ] 2017-11-01T09:18:13.596595386Z: [    0.000000] x86/fpu: Legacy x87 FPU detected.
[STDOUT  ] 2017-11-01T09:18:13.596601136Z: [    0.710825] smpboot: Total of 1 processors activated (4600.22 BogoMIPS)
[STDERR  ] 2017-11-01T09:18:13.596608414Z: [    0.000000] x86/fpu: Using 'eager' FPU context switches.
[STDOUT  ] 2017-11-01T09:18:13.596612448Z: [    0.724727] devtmpfs: initialized
[STDERR  ] 2017-11-01T09:18:13.596620756Z: [    0.000000] e820: BIOS-provided physical RAM map:
[STDOUT  ] 2017-11-01T09:18:13.596624672Z: [    0.729192] x86/mm: Memory block size: 128MB
[STDERR  ] 2017-11-01T09:18:13.596633849Z: [    0.000000] BIOS-e820: [mem 0x0000000000000000-0x000000000009fbff] usable
[STDERR  ] 2017-11-01T09:18:13.596647238Z: [    0.000000] BIOS-e820: [mem 0x000000000009fc00-0x000000000009ffff] reserved
[STDERR  ] 2017-11-01T09:18:13.596659975Z: [    0.000000] BIOS-e820: [mem 0x00000000000f0000-0x00000000000fffff] reserved
[STDERR  ] 2017-11-01T09:18:13.596671974Z: [    0.000000] BIOS-e820: [mem 0x0000000000100000-0x000000003ffdefff] usable
[STDERR  ] 2017-11-01T09:18:13.596684118Z: [    0.000000] BIOS-e820: [mem 0x000000003ffdf000-0x000000003fffffff] reserved
[STDERR  ] 2017-11-01T09:18:13.596700207Z: [    0.000000] BIOS-e820: [mem 0x00000000b0000000-0x00000000bfffffff] reserved
[STDERR  ] 2017-11-01T09:18:13.596710017Z: [    0.000000] BIOS-e820: [mem 0x00000000fed1c000-0x00000000fed1ffff] reserved
[STDERR  ] 2017-11-01T09:18:13.596717473Z: [    0.000000] BIOS-e820: [mem 0x00000000fffc0000-0x00000000ffffffff] reserved
[STDERR  ] 2017-11-01T09:18:13.596724512Z: [    0.000000] NX (Execute Disable) protection: active
[STDERR  ] 2017-11-01T09:18:13.596732056Z: [    0.000000] SMBIOS 2.8 present.
[STDERR  ] 2017-11-01T09:18:13.596739714Z: [    0.000000] e820: last_pfn = 0x3ffdf max_arch_pfn = 0x400000000
[STDERR  ] 2017-11-01T09:18:13.596751247Z: [    0.000000] x86/PAT: Configuration [0-7]: WB  WC  UC- UC  WB  WC  UC- WT  
[STDERR  ] 2017-11-01T09:18:13.596758325Z: [    0.000000] found SMP MP-table at [mem 0x000f6aa0-0x000f6aaf] mapped at [ffff93fe800f6aa0]
[STDERR  ] 2017-11-01T09:18:13.596766746Z: [    0.000000] RAMDISK: [mem 0x3e391000-0x3ffcffff]
[STDERR  ] 2017-11-01T09:18:13.596774391Z: [    0.000000] ACPI: Early table checksum verification disabled
[STDERR  ] 2017-11-01T09:18:13.59678143Z: [    0.000000] ACPI: RSDP 0x00000000000F68C0 000014 (v00 BOCHS )
[STDERR  ] 2017-11-01T09:18:13.596794927Z: [    0.000000] ACPI: RSDT 0x000000003FFE2404 000034 (v01 BOCHS  BXPCRSDT 00000001 BXPC 00000001)
[STDERR  ] 2017-11-01T09:18:13.59680309Z: [    0.000000] ACPI: FACP 0x000000003FFE22A4 000074 (v01 BOCHS  BXPCFACP 00000001 BXPC 00000001)
[STDERR  ] 2017-11-01T09:18:13.596814881Z: [    0.000000] ACPI: DSDT 0x000000003FFE0040 002264 (v01 BOCHS  BXPCDSDT 00000001 BXPC 00000001)
[STDERR  ] 2017-11-01T09:18:13.596827842Z: [    0.000000] ACPI: FACS 0x000000003FFE0000 000040
[STDOUT  ] 2017-11-01T09:18:13.596639543Z: [    0.791916] clocksource: jiffies: mask: 0xffffffff max_cycles: 0xffffffff, max_idle_ns: 19112604462750000 ns
[STDERR  ] 2017-11-01T09:18:13.596840945Z: [    0.000000] ACPI: APIC 0x000000003FFE2318 000078 (v01 BOCHS  BXPCAPIC 00000001 BXPC 00000001)
[STDERR  ] 2017-11-01T09:18:13.597138332Z: [    0.000000] ACPI: HPET 0x000000003FFE2390 000038 (v01 BOCHS  BXPCHPET 00000001 BXPC 00000001)
[STDERR  ] 2017-11-01T09:18:13.597163756Z: [    0.000000] ACPI: MCFG 0x000000003FFE23C8 00003C (v01 BOCHS  BXPCMCFG 00000001 BXPC 00000001)
[STDERR  ] 2017-11-01T09:18:13.59718689Z: [    0.000000] Zone ranges:
[STDERR  ] 2017-11-01T09:18:13.597210377Z: [    0.000000]   DMA      [mem 0x0000000000001000-0x0000000000ffffff]
[STDERR  ] 2017-11-01T09:18:13.597233575Z: [    0.000000]   DMA32    [mem 0x0000000001000000-0x000000003ffdefff]
[STDERR  ] 2017-11-01T09:18:13.597256436Z: [    0.000000]   Normal   empty
[STDERR  ] 2017-11-01T09:18:13.597279331Z: [    0.000000] Movable zone start for each node
[STDERR  ] 2017-11-01T09:18:13.597302228Z: [    0.000000] Early memory node ranges
[STDERR  ] 2017-11-01T09:18:13.597325018Z: [    0.000000]   node   0: [mem 0x0000000000001000-0x000000000009efff]
[STDERR  ] 2017-11-01T09:18:13.597355698Z: [    0.000000]   node   0: [mem 0x0000000000100000-0x000000003ffdefff]
[STDERR  ] 2017-11-01T09:18:13.59741013Z: [    0.000000] Initmem setup node 0 [mem 0x0000000000001000-0x000000003ffdefff]
[STDERR  ] 2017-11-01T09:18:13.597433853Z: [    0.000000] ACPI: PM-Timer IO Port: 0x608
[STDERR  ] 2017-11-01T09:18:13.59745713Z: [    0.000000] ACPI: LAPIC_NMI (acpi_id[0xff] dfl dfl lint[0x1])
[STDERR  ] 2017-11-01T09:18:13.597480279Z: [    0.000000] IOAPIC[0]: apic_id 0, version 32, address 0xfec00000, GSI 0-23
[STDERR  ] 2017-11-01T09:18:13.59750308Z: [    0.000000] ACPI: INT_SRC_OVR (bus 0 bus_irq 0 global_irq 2 dfl dfl)
[STDERR  ] 2017-11-01T09:18:13.597525548Z: [    0.000000] ACPI: INT_SRC_OVR (bus 0 bus_irq 5 global_irq 5 high level)
[STDERR  ] 2017-11-01T09:18:13.597562193Z: [    0.000000] ACPI: INT_SRC_OVR (bus 0 bus_irq 9 global_irq 9 high level)
[STDERR  ] 2017-11-01T09:18:13.597585193Z: [    0.000000] ACPI: INT_SRC_OVR (bus 0 bus_irq 10 global_irq 10 high level)
[STDERR  ] 2017-11-01T09:18:13.597608385Z: [    0.000000] ACPI: INT_SRC_OVR (bus 0 bus_irq 11 global_irq 11 high level)
[STDERR  ] 2017-11-01T09:18:13.597634193Z: [    0.000000] Using ACPI (MADT) for SMP configuration information
[STDERR  ] 2017-11-01T09:18:13.597657161Z: [    0.000000] ACPI: HPET id: 0x8086a201 base: 0xfed00000
[STDERR  ] 2017-11-01T09:18:13.59768071Z: [    0.000000] smpboot: Allowing 1 CPUs, 0 hotplug CPUs
[STDERR  ] 2017-11-01T09:18:13.597703635Z: [    0.000000] e820: [mem 0x40000000-0xafffffff] available for PCI devices
[STDOUT  ] 2017-11-01T09:18:13.597730294Z: [    0.792663] futex hash table entries: 256 (order: 2, 16384 bytes)
[STDERR  ] 2017-11-01T09:18:13.597745577Z: [    0.000000] Booting paravirtualized kernel on bare hardware
[STDOUT  ] 2017-11-01T09:18:13.597755477Z: [    0.801486] NET: Registered protocol family 16
[STDERR  ] 2017-11-01T09:18:13.597770841Z: [    0.000000] clocksource: refined-jiffies: mask: 0xffffffff max_cycles: 0xffffffff, max_idle_ns: 19112604462750000 ns
[STDOUT  ] 2017-11-01T09:18:13.597779819Z: [    0.810630] cpuidle: using governor ladder
[STDERR  ] 2017-11-01T09:18:13.597799253Z: [    0.000000] setup_percpu: NR_CPUS:128 nr_cpumask_bits:128 nr_cpu_ids:1 nr_node_ids:1
[STDOUT  ] 2017-11-01T09:18:13.59780426Z: [    0.811012] cpuidle: using governor menu
[STDOUT  ] 2017-11-01T09:18:13.597828062Z: [    0.812094] ACPI: bus type PCI registered
[STDERR  ] 2017-11-01T09:18:13.597831372Z: [    0.000000] percpu: Embedded 35 pages/cpu @ffff93febe000000 s105240 r8192 d29928 u2097152
[STDERR  ] 2017-11-01T09:18:13.597856335Z: [    0.000000] Built 1 zonelists in Zone order, mobility grouping on.  Total pages: 257896
[STDOUT  ] 2017-11-01T09:18:13.597852887Z: [    0.814782] PCI: MMCONFIG for domain 0000 [bus 00-ff] at [mem 0xb0000000-0xbfffffff] (base 0xb0000000)
[STDERR  ] 2017-11-01T09:18:13.597880744Z: [    0.000000] Kernel command line: console=ttyS0 page_poison=1
[STDOUT  ] 2017-11-01T09:18:13.597877944Z: [    0.815476] PCI: MMCONFIG at [mem 0xb0000000-0xbfffffff] reserved in E820
[STDOUT  ] 2017-11-01T09:18:13.597902698Z: [    0.816667] PCI: Using configuration type 1 for base access
[STDERR  ] 2017-11-01T09:18:13.597909542Z: [    0.000000] PID hash table entries: 4096 (order: 3, 32768 bytes)
[STDERR  ] 2017-11-01T09:18:13.597934149Z: [    0.000000] Dentry cache hash table entries: 131072 (order: 8, 1048576 bytes)
[STDOUT  ] 2017-11-01T09:18:13.597929815Z: [    0.870645] HugeTLB registered 2 MB page size, pre-allocated 0 pages
[STDOUT  ] 2017-11-01T09:18:13.597954252Z: [    0.882890] ACPI: Added _OSI(Module Device)
[STDERR  ] 2017-11-01T09:18:13.597958578Z: [    0.000000] Inode-cache hash table entries: 65536 (order: 7, 524288 bytes)
[STDOUT  ] 2017-11-01T09:18:13.597978499Z: [    0.883179] ACPI: Added _OSI(Processor Device)
[STDERR  ] 2017-11-01T09:18:13.597983237Z: [    0.000000] Memory: 985248K/1048052K available (8053K kernel code, 1367K rwdata, 2704K rodata, 1380K init, 568K bss, 62804K reserved, 0K cma-reserved)
[STDERR  ] 2017-11-01T09:18:13.598033683Z: [    0.000000] Hierarchical RCU implementation.
[STDERR  ] 2017-11-01T09:18:13.598059181Z: [    0.000000] 	Build-time adjustment of leaf fanout to 64.
[STDERR  ] 2017-11-01T09:18:13.59808383Z: [    0.000000] 	RCU restricting CPUs from NR_CPUS=128 to nr_cpu_ids=1.
[STDERR  ] 2017-11-01T09:18:13.598108587Z: [    0.000000] RCU: Adjusting geometry for rcu_fanout_leaf=64, nr_cpu_ids=1
[STDERR  ] 2017-11-01T09:18:13.598133082Z: [    0.000000] NR_IRQS:8448 nr_irqs:256 16
[STDERR  ] 2017-11-01T09:18:13.598157975Z: [    0.000000] Console: colour VGA+ 80x25
[STDERR  ] 2017-11-01T09:18:13.598264222Z: [    0.000000] console [ttyS0] enabled
[STDOUT  ] 2017-11-01T09:18:13.598278383Z: [    0.883434] ACPI: Added _OSI(3.0 _SCP Extensions)
[STDOUT  ] 2017-11-01T09:18:13.598295399Z: [    0.883704] ACPI: Added _OSI(Processor Aggregator Device)
[STDOUT  ] 2017-11-01T09:18:13.598309134Z: [    0.958684] ACPI: Interpreter enabled
[STDOUT  ] 2017-11-01T09:18:13.598321158Z: [    0.959403] ACPI: (supports S0 S5)
[STDOUT  ] 2017-11-01T09:18:13.598332897Z: [    0.959659] ACPI: Using IOAPIC for interrupt routing
[STDOUT  ] 2017-11-01T09:18:13.598344653Z: [    0.961434] PCI: Using host bridge windows from ACPI; if necessary, use "pci=nocrs" and report a bug
[STDOUT  ] 2017-11-01T09:18:13.598357681Z: [    1.023211] ACPI: PCI Root Bridge [PCI0] (domain 0000 [bus 00-ff])
[STDOUT  ] 2017-11-01T09:18:13.598369739Z: [    1.024066] acpi PNP0A08:00: _OSC: OS supports [ExtendedConfig ASPM ClockPM Segments MSI]
[STDOUT  ] 2017-11-01T09:18:13.598382211Z: [    1.029444] acpi PNP0A08:00: _OSC: OS now controls [PCIeHotplug PME PCIeCapability]
[STDOUT  ] 2017-11-01T09:18:13.598394205Z: [    1.033016] PCI host bridge to bus 0000:00
[STDOUT  ] 2017-11-01T09:18:13.598405972Z: [    1.033399] pci_bus 0000:00: root bus resource [io  0x0000-0x0cf7 window]
[STDOUT  ] 2017-11-01T09:18:13.598436918Z: [    1.033798] pci_bus 0000:00: root bus resource [io  0x0d00-0xffff window]
[STDOUT  ] 2017-11-01T09:18:13.598449572Z: [    1.034172] pci_bus 0000:00: root bus resource [mem 0x000a0000-0x000bffff window]
[STDOUT  ] 2017-11-01T09:18:13.598461791Z: [    1.034602] pci_bus 0000:00: root bus resource [mem 0xc0000000-0xfebfffff window]
[STDOUT  ] 2017-11-01T09:18:13.598474Z: [    1.035129] pci_bus 0000:00: root bus resource [bus 00-ff]
[STDOUT  ] 2017-11-01T09:18:13.598493171Z: [    1.140578] pci 0000:00:1f.0: quirk: [io  0x0600-0x067f] claimed by ICH6 ACPI/GPIO/TCO
[STDOUT  ] 2017-11-01T09:18:13.598504435Z: [    1.198230] ACPI: PCI Interrupt Link [LNKA] (IRQs 5 *10 11)
[STDOUT  ] 2017-11-01T09:18:13.598515639Z: [    1.200892] ACPI: PCI Interrupt Link [LNKB] (IRQs 5 *10 11)
[STDOUT  ] 2017-11-01T09:18:13.598527243Z: [    1.202530] ACPI: PCI Interrupt Link [LNKC] (IRQs 5 10 *11)
[STDOUT  ] 2017-11-01T09:18:13.598539316Z: [    1.204152] ACPI: PCI Interrupt Link [LNKD] (IRQs 5 10 *11)
[STDOUT  ] 2017-11-01T09:18:13.59855084Z: [    1.205779] ACPI: PCI Interrupt Link [LNKE] (IRQs 5 *10 11)
[STDOUT  ] 2017-11-01T09:18:13.598567847Z: [    1.207400] ACPI: PCI Interrupt Link [LNKF] (IRQs 5 *10 11)
[STDOUT  ] 2017-11-01T09:18:13.598576657Z: [    1.209023] ACPI: PCI Interrupt Link [LNKG] (IRQs 5 10 *11)
[STDOUT  ] 2017-11-01T09:18:13.598583644Z: [    1.210823] ACPI: PCI Interrupt Link [LNKH] (IRQs 5 10 *11)
[STDOUT  ] 2017-11-01T09:18:13.598590409Z: [    1.211648] ACPI: PCI Interrupt Link [GSIA] (IRQs *16)
[STDOUT  ] 2017-11-01T09:18:13.59859728Z: [    1.212277] ACPI: PCI Interrupt Link [GSIB] (IRQs *17)
[STDOUT  ] 2017-11-01T09:18:13.598604986Z: [    1.212985] ACPI: PCI Interrupt Link [GSIC] (IRQs *18)
[STDOUT  ] 2017-11-01T09:18:13.598612261Z: [    1.213898] ACPI: PCI Interrupt Link [GSID] (IRQs *19)
[STDOUT  ] 2017-11-01T09:18:13.598619107Z: [    1.214805] ACPI: PCI Interrupt Link [GSIE] (IRQs *20)
[STDOUT  ] 2017-11-01T09:18:13.598626019Z: [    1.215766] ACPI: PCI Interrupt Link [GSIF] (IRQs *21)
[STDOUT  ] 2017-11-01T09:18:13.59863286Z: [    1.216806] ACPI: PCI Interrupt Link [GSIG] (IRQs *22)
[STDOUT  ] 2017-11-01T09:18:13.598639782Z: [    1.217748] ACPI: PCI Interrupt Link [GSIH] (IRQs *23)
[STDOUT  ] 2017-11-01T09:18:13.598646905Z: [    1.223589] ACPI: Enabled 2 GPEs in block 00 to 3F
[STDOUT  ] 2017-11-01T09:18:13.598653897Z: [    1.227743] SCSI subsystem initialized
[STDOUT  ] 2017-11-01T09:18:13.598660804Z: [    1.229542] ACPI: bus type USB registered
[STDOUT  ] 2017-11-01T09:18:13.598667811Z: [    1.230808] usbcore: registered new interface driver usbfs
[STDOUT  ] 2017-11-01T09:18:13.598674546Z: [    1.231688] usbcore: registered new interface driver hub
[STDOUT  ] 2017-11-01T09:18:13.598681779Z: [    1.232459] usbcore: registered new device driver usb
[STDOUT  ] 2017-11-01T09:18:13.598689116Z: [    1.233567] pps_core: LinuxPPS API ver. 1 registered
[STDOUT  ] 2017-11-01T09:18:13.598696131Z: [    1.233909] pps_core: Software ver. 5.3.6 - Copyright 2005-2007 Rodolfo Giometti <giometti@linux.it>
[STDOUT  ] 2017-11-01T09:18:13.598707094Z: [    1.234614] PTP clock support registered
[STDERR  ] 2017-11-01T09:18:13.598283145Z: [    0.000000] allocated 2097152 bytes of page_ext
[STDERR  ] 2017-11-01T09:18:13.598754064Z: [    0.000000] clocksource: hpet: mask: 0xffffffff max_cycles: 0xffffffff, max_idle_ns: 19112604467 ns
[STDERR  ] 2017-11-01T09:18:13.598763447Z: [    0.000000] tsc: Fast TSC calibration using PIT
[STDERR  ] 2017-11-01T09:18:13.598770625Z: [    0.000000] tsc: Detected 2300.114 MHz processor
[STDERR  ] 2017-11-01T09:18:13.59877805Z: [    0.021408] Calibrating delay loop (skipped), value calculated using timer frequency.. 4600.22 BogoMIPS (lpj=23001140)
[STDERR  ] 2017-11-01T09:18:13.598785652Z: [    0.022433] pid_max: default: 32768 minimum: 301
[STDERR  ] 2017-11-01T09:18:13.598792749Z: [    0.023431] ACPI: Core revision 20160831
[STDERR  ] 2017-11-01T09:18:13.598800079Z: [    0.070281] ACPI: 1 ACPI AML tables successfully acquired and loaded
[STDERR  ] 2017-11-01T09:18:13.598807664Z: [    0.073438] Security Framework initialized
[STDERR  ] 2017-11-01T09:18:13.598814522Z: [    0.073810] Yama: becoming mindful.
[STDERR  ] 2017-11-01T09:18:13.598821802Z: [    0.075589] Mount-cache hash table entries: 2048 (order: 2, 16384 bytes)
[STDERR  ] 2017-11-01T09:18:13.598828813Z: [    0.076117] Mountpoint-cache hash table entries: 2048 (order: 2, 16384 bytes)
[STDERR  ] 2017-11-01T09:18:13.598835852Z: [    0.094711] Last level iTLB entries: 4KB 0, 2MB 0, 4MB 0
[STDERR  ] 2017-11-01T09:18:13.598848678Z: [    0.095133] Last level dTLB entries: 4KB 0, 2MB 0, 4MB 0, 1GB 0
[STDERR  ] 2017-11-01T09:18:13.598855906Z: [    0.415675] Freeing SMP alternatives memory: 20K
[STDERR  ] 2017-11-01T09:18:13.598862973Z: [    0.424052] ftrace: allocating 35584 entries in 140 pages
[STDERR  ] 2017-11-01T09:18:13.598870562Z: [    0.592284] smpboot: Max logical packages: 1
[STDERR  ] 2017-11-01T09:18:13.598877521Z: [    0.597438] ..TIMER: vector=0x30 apic1=0 pin1=2 apic2=-1 pin2=-1
[STDOUT  ] 2017-11-01T09:18:13.598718774Z: [    1.235726] wmi: Mapper loaded
[STDOUT  ] 2017-11-01T09:18:13.598910902Z: [    1.236737] PCI: Using ACPI for IRQ routing
[STDOUT  ] 2017-11-01T09:18:13.598927719Z: [    1.254407] NetLabel: Initializing
[STDOUT  ] 2017-11-01T09:18:13.598935415Z: [    1.254669] NetLabel:  domain hash size = 128
[STDOUT  ] 2017-11-01T09:18:13.598942438Z: [    1.254959] NetLabel:  protocols = UNLABELED CIPSOv4
[STDOUT  ] 2017-11-01T09:18:13.598950241Z: [    1.256752] NetLabel:  unlabeled traffic allowed by default
[STDOUT  ] 2017-11-01T09:18:13.59895756Z: [    1.257660] HPET: 3 timers in total, 0 timers will be used for per-cpu timer
[STDOUT  ] 2017-11-01T09:18:13.598965124Z: [    1.258376] hpet0: at MMIO 0xfed00000, IRQs 2, 8, 0
[STDOUT  ] 2017-11-01T09:18:13.598972336Z: [    1.258824] hpet0: 3 comparators, 64-bit 100.000000 MHz counter
[STDOUT  ] 2017-11-01T09:18:13.598979875Z: [    1.264578] clocksource: Switched to clocksource hpet
[STDOUT  ] 2017-11-01T09:18:13.598987178Z: [    1.523068] VFS: Disk quotas dquot_6.6.0
[STDOUT  ] 2017-11-01T09:18:13.598994841Z: [    1.523853] VFS: Dquot-cache hash table entries: 512 (order 0, 4096 bytes)
[STDOUT  ] 2017-11-01T09:18:13.599002594Z: [    1.526425] FS-Cache: Loaded
[STDOUT  ] 2017-11-01T09:18:13.599010051Z: [    1.531409] CacheFiles: Loaded
[STDOUT  ] 2017-11-01T09:18:13.599017432Z: [    1.532943] pnp: PnP ACPI init
[STDOUT  ] 2017-11-01T09:18:13.599024522Z: [    1.543958] pnp: PnP ACPI: found 5 devices
[STDOUT  ] 2017-11-01T09:18:13.599031793Z: [    1.593459] clocksource: acpi_pm: mask: 0xffffff max_cycles: 0xffffff, max_idle_ns: 2085701024 ns
[STDOUT  ] 2017-11-01T09:18:13.599038872Z: [    1.596190] NET: Registered protocol family 2
[STDOUT  ] 2017-11-01T09:18:13.599046013Z: [    1.603311] TCP established hash table entries: 8192 (order: 4, 65536 bytes)
[STDOUT  ] 2017-11-01T09:18:13.599053118Z: [    1.604031] TCP bind hash table entries: 8192 (order: 5, 131072 bytes)
[STDOUT  ] 2017-11-01T09:18:13.599064511Z: [    1.604692] TCP: Hash tables configured (established 8192 bind 8192)
[STDOUT  ] 2017-11-01T09:18:13.599077142Z: [    1.606640] UDP hash table entries: 512 (order: 2, 16384 bytes)
[STDOUT  ] 2017-11-01T09:18:13.59908924Z: [    1.607180] UDP-Lite hash table entries: 512 (order: 2, 16384 bytes)
[STDOUT  ] 2017-11-01T09:18:13.599099759Z: [    1.609510] NET: Registered protocol family 1
[STDOUT  ] 2017-11-01T09:18:13.599106831Z: [    1.610614] pci 0000:00:01.0: Video device with shadowed ROM at [mem 0x000c0000-0x000dffff]
[STDOUT  ] 2017-11-01T09:18:13.599114198Z: [    1.617482] Unpacking initramfs...
[STDOUT  ] 2017-11-01T09:18:13.599121451Z: [    5.327095] Freeing initrd memory: 28924K
[STDOUT  ] 2017-11-01T09:18:13.59912829Z: [    5.350410] PCLMULQDQ-NI instructions are not detected.
[STDOUT  ] 2017-11-01T09:18:13.59913619Z: [    5.351508] AVX or AES-NI instructions are not detected.
[STDOUT  ] 2017-11-01T09:18:13.59914357Z: [    5.351890] CPU feature 'AVX registers' is not supported.
[STDOUT  ] 2017-11-01T09:18:13.599150422Z: [    5.352243] CPU feature 'AVX registers' is not supported.
[STDOUT  ] 2017-11-01T09:18:13.599157711Z: [    5.352586] CPU feature 'AVX registers' is not supported.
[STDOUT  ] 2017-11-01T09:18:13.599165143Z: [    5.352926] CPU feature 'AVX registers' is not supported.
[STDOUT  ] 2017-11-01T09:18:13.599172036Z: [    5.353265] AVX2 or AES-NI instructions are not detected.
[STDOUT  ] 2017-11-01T09:18:13.599179033Z: [    5.353597] AVX2 instructions are not detected.
[STDOUT  ] 2017-11-01T09:18:13.599185976Z: [    5.358658] audit: initializing netlink subsys (disabled)
[STDOUT  ] 2017-11-01T09:18:13.599208261Z: [    5.360946] audit: type=2000 audit(1509527869.350:1): initialized
[STDOUT  ] 2017-11-01T09:18:13.59922283Z: [    5.368076] workingset: timestamp_bits=46 max_order=18 bucket_order=0
[STDOUT  ] 2017-11-01T09:18:13.599235834Z: [    5.372948] squashfs: version 4.0 (2009/01/31) Phillip Lougher
[STDOUT  ] 2017-11-01T09:18:13.599248312Z: [    5.375199] FS-Cache: Netfs 'cifs' registered for caching
[STDOUT  ] 2017-11-01T09:18:13.599259551Z: [    5.376013] fuse init (API version 7.26)
[STDOUT  ] 2017-11-01T09:18:13.599266615Z: [    5.378044] SGI XFS with ACLs, security attributes, no debug enabled
[STDOUT  ] 2017-11-01T09:18:13.599278541Z: [    5.382335] 9p: Installing v9fs 9p2000 file system support
[STDOUT  ] 2017-11-01T09:18:13.599286436Z: [    5.382781] FS-Cache: Netfs '9p' registered for caching
[STDOUT  ] 2017-11-01T09:18:13.599294374Z: [    5.418365] NET: Registered protocol family 38
[STDOUT  ] 2017-11-01T09:18:13.599302053Z: [    5.418849] Key type asymmetric registered
[STDOUT  ] 2017-11-01T09:18:13.599309444Z: [    5.419148] Asymmetric key parser 'x509' registered
[STDOUT  ] 2017-11-01T09:18:13.599316383Z: [    5.419832] Block layer SCSI generic (bsg) driver version 0.4 loaded (major 251)
[STDOUT  ] 2017-11-01T09:18:13.599323863Z: [    5.421968] io scheduler noop registered
[STDOUT  ] 2017-11-01T09:18:13.599330881Z: [    5.422288] io scheduler deadline registered (default)
[STDOUT  ] 2017-11-01T09:18:13.599338233Z: [    5.422886] io scheduler cfq registered
[STDOUT  ] 2017-11-01T09:18:13.599345939Z: [    5.425288] pci_hotplug: PCI Hot Plug PCI Core version: 0.5
[STDOUT  ] 2017-11-01T09:18:13.59935364Z: [    5.425814] pciehp: PCI Express Hot Plug Controller Driver version: 0.4
[STDOUT  ] 2017-11-01T09:18:13.599361306Z: [    5.426545] shpchp: Standard Hot Plug PCI Controller Driver version: 0.4
[STDOUT  ] 2017-11-01T09:18:13.599368516Z: [    5.427259] hv_vmbus: registering driver hyperv_fb
[STDOUT  ] 2017-11-01T09:18:13.599375461Z: [    5.431054] input: Power Button as /devices/LNXSYSTM:00/LNXPWRBN:00/input/input0
[STDOUT  ] 2017-11-01T09:18:13.599382382Z: [    5.432032] ACPI: Power Button [PWRF]
[STDOUT  ] 2017-11-01T09:18:13.599389497Z: [    5.436505] GHES: HEST is not enabled!
[STDOUT  ] 2017-11-01T09:18:13.599397187Z: [    5.447682] ACPI: PCI Interrupt Link [GSIG] enabled at IRQ 22
[STDOUT  ] 2017-11-01T09:18:13.599409256Z: [    5.459498] ACPI: PCI Interrupt Link [GSIH] enabled at IRQ 23
[STDOUT  ] 2017-11-01T09:18:13.59942238Z: [    5.463502] xenfs: not registering filesystem on non-xen platform
[STDOUT  ] 2017-11-01T09:18:13.599433518Z: [    5.465329] Serial: 8250/16550 driver, 4 ports, IRQ sharing disabled
[STDOUT  ] 2017-11-01T09:18:13.599440753Z: [    5.490795] 00:04: ttyS0 at I/O 0x3f8 (irq = 4, base_baud = 115200) is a 16550A
[STDOUT  ] 2017-11-01T09:18:13.599447832Z: [    5.500946] Non-volatile memory driver v1.3
[STDOUT  ] 2017-11-01T09:18:13.599455062Z: [    5.506618] Hangcheck: starting hangcheck timer 0.9.1 (tick is 180 seconds, margin is 60 seconds).
[STDOUT  ] 2017-11-01T09:18:13.599462347Z: [    5.510707] random: fast init done
[STDOUT  ] 2017-11-01T09:18:13.599469385Z: [    5.511857] random: crng init done
[STDOUT  ] 2017-11-01T09:18:13.599476545Z: [    5.546670] loop: module loaded
[STDOUT  ] 2017-11-01T09:18:13.599484035Z: [    5.560753] nbd: registered device at major 43
[STDOUT  ] 2017-11-01T09:18:13.599492209Z: [    5.601799] lpc_ich 0000:00:1f.0: I/O space for GPIO uninitialized
[STDOUT  ] 2017-11-01T09:18:13.599499859Z: [    5.603331] VMware PVSCSI driver - version 1.0.7.0-k
[STDOUT  ] 2017-11-01T09:18:13.599507215Z: [    5.603971] hv_vmbus: registering driver hv_storvsc
[STDOUT  ] 2017-11-01T09:18:13.599515003Z: [    5.613597] ACPI: PCI Interrupt Link [GSIA] enabled at IRQ 16
[STDOUT  ] 2017-11-01T09:18:13.599522699Z: [    5.619532] ahci 0000:00:1f.2: AHCI 0001.0000 32 slots 6 ports 1.5 Gbps 0x3f impl SATA mode
[STDOUT  ] 2017-11-01T09:18:13.599530661Z: [    5.620138] ahci 0000:00:1f.2: flags: 64bit ncq only 
[STDOUT  ] 2017-11-01T09:18:13.599541959Z: [    5.640551] scsi host0: ahci
[STDOUT  ] 2017-11-01T09:18:13.59954959Z: [    5.644040] scsi host1: ahci
[STDOUT  ] 2017-11-01T09:18:13.599557217Z: [    5.646222] scsi host2: ahci
[STDOUT  ] 2017-11-01T09:18:13.599564452Z: [    5.648270] scsi host3: ahci
[STDOUT  ] 2017-11-01T09:18:13.599575797Z: [    5.650596] scsi host4: ahci
[STDOUT  ] 2017-11-01T09:18:13.599589037Z: [    5.652688] scsi host5: ahci
[STDOUT  ] 2017-11-01T09:18:13.59960086Z: [    5.654371] ata1: SATA max UDMA/133 abar m4096@0xfebd2000 port 0xfebd2100 irq 24
[STDOUT  ] 2017-11-01T09:18:13.599609148Z: [    5.654869] ata2: SATA max UDMA/133 abar m4096@0xfebd2000 port 0xfebd2180 irq 24
[STDOUT  ] 2017-11-01T09:18:13.599622651Z: [    5.655270] ata3: SATA max UDMA/133 abar m4096@0xfebd2000 port 0xfebd2200 irq 24
[STDOUT  ] 2017-11-01T09:18:13.59963077Z: [    5.655667] ata4: SATA max UDMA/133 abar m4096@0xfebd2000 port 0xfebd2280 irq 24
[STDOUT  ] 2017-11-01T09:18:13.599638274Z: [    5.656062] ata5: SATA max UDMA/133 abar m4096@0xfebd2000 port 0xfebd2300 irq 24
[STDOUT  ] 2017-11-01T09:18:13.599645714Z: [    5.656462] ata6: SATA max UDMA/133 abar m4096@0xfebd2000 port 0xfebd2380 irq 24
[STDOUT  ] 2017-11-01T09:18:13.599653329Z: [    5.668620] tun: Universal TUN/TAP device driver, 1.6
[STDOUT  ] 2017-11-01T09:18:13.599661176Z: [    5.668925] tun: (C) 1999-2004 Max Krasnyansky <maxk@qualcomm.com>
[STDOUT  ] 2017-11-01T09:18:13.599668721Z: [    5.679503] VMware vmxnet3 virtual NIC driver - version 1.4.a.0-k-NAPI
[STDOUT  ] 2017-11-01T09:18:13.599676346Z: [    5.680716] hv_vmbus: registering driver hv_netvsc
[STDOUT  ] 2017-11-01T09:18:13.599683736Z: [    5.681018] Fusion MPT base driver 3.04.20
[STDOUT  ] 2017-11-01T09:18:13.599691219Z: [    5.681257] Copyright (c) 1999-2008 LSI Corporation
[STDOUT  ] 2017-11-01T09:18:13.599698235Z: [    5.681734] Fusion MPT SPI Host driver 3.04.20
[STDOUT  ] 2017-11-01T09:18:13.599705162Z: [    5.683643] i8042: PNP: PS/2 Controller [PNP0303:KBD,PNP0f13:MOU] at 0x60,0x64 irq 1,12
[STDOUT  ] 2017-11-01T09:18:13.599712297Z: [    5.687460] serio: i8042 KBD port at 0x60,0x64 irq 1
[STDOUT  ] 2017-11-01T09:18:13.599719244Z: [    5.687990] serio: i8042 AUX port at 0x60,0x64 irq 12
[STDOUT  ] 2017-11-01T09:18:13.599726177Z: [    5.691162] hv_vmbus: registering driver hyperv_keyboard
[STDOUT  ] 2017-11-01T09:18:13.599733117Z: [    5.693118] mousedev: PS/2 mouse device common for all mice
[STDOUT  ] 2017-11-01T09:18:13.599742927Z: [    5.697699] input: AT Translated Set 2 keyboard as /devices/platform/i8042/serio0/input/input1
[STDOUT  ] 2017-11-01T09:18:13.59975502Z: [    5.700779] input: PC Speaker as /devices/platform/pcspkr/input/input2
[STDOUT  ] 2017-11-01T09:18:13.599776337Z: [    5.704068] rtc_cmos 00:00: RTC can wake from S4
[STDOUT  ] 2017-11-01T09:18:13.599790717Z: [    5.707161] rtc_cmos 00:00: rtc core: registered rtc_cmos as rtc0
[STDOUT  ] 2017-11-01T09:18:13.599798392Z: [    5.708232] rtc_cmos 00:00: alarms up to one day, y3k, 114 bytes nvram, hpet irqs
[STDOUT  ] 2017-11-01T09:18:13.599805874Z: [    5.708829] i2c /dev entries driver
[STDOUT  ] 2017-11-01T09:18:13.599813164Z: [    5.710814] device-mapper: ioctl: 4.35.0-ioctl (2016-06-23) initialised: dm-devel@redhat.com
[STDOUT  ] 2017-11-01T09:18:13.599820727Z: [    5.715190] usbcore: registered new interface driver usbhid
[STDOUT  ] 2017-11-01T09:18:13.599829337Z: [    5.715542] usbhid: USB HID core driver
[STDOUT  ] 2017-11-01T09:18:13.599836593Z: [    5.716038] hv_utils: Registering HyperV Utility Driver
[STDOUT  ] 2017-11-01T09:18:13.59984411Z: [    5.716346] hv_vmbus: registering driver hv_util
[STDOUT  ] 2017-11-01T09:18:13.599851218Z: [    5.716613] hv_vmbus: registering driver hv_balloon
[STDOUT  ] 2017-11-01T09:18:13.599858525Z: [    5.717053] oprofile: using NMI interrupt.
[STDOUT  ] 2017-11-01T09:18:13.599866344Z: [    5.717972] GACT probability on
[STDOUT  ] 2017-11-01T09:18:13.599873804Z: [    5.718360] Mirror/redirect action on
[STDOUT  ] 2017-11-01T09:18:13.599881242Z: [    5.719095] Simple TC action Loaded
[STDOUT  ] 2017-11-01T09:18:13.599892093Z: [    5.719567] u32 classifier
[STDOUT  ] 2017-11-01T09:18:13.599899515Z: [    5.719742]     Performance counters on
[STDOUT  ] 2017-11-01T09:18:13.599906935Z: [    5.719965]     input device check on
[STDOUT  ] 2017-11-01T09:18:13.599919188Z: [    5.720324]     Actions configured
[STDOUT  ] 2017-11-01T09:18:13.59993237Z: [    5.720882] Netfilter messages via NETLINK v0.30.
[STDOUT  ] 2017-11-01T09:18:13.599943226Z: [    5.721381] nfnl_acct: registering with nfnetlink.
[STDOUT  ] 2017-11-01T09:18:13.599950539Z: [    5.722561] nf_conntrack version 0.5.0 (8192 buckets, 32768 max)
[STDOUT  ] 2017-11-01T09:18:13.599960924Z: [    5.725673] ctnetlink v0.93: registering with nfnetlink.
[STDOUT  ] 2017-11-01T09:18:13.599968556Z: [    5.728621] nf_tables: (c) 2007-2009 Patrick McHardy <kaber@trash.net>
[STDOUT  ] 2017-11-01T09:18:13.599976324Z: [    5.729352] nf_tables_compat: (c) 2012 Pablo Neira Ayuso <pablo@netfilter.org>
[STDOUT  ] 2017-11-01T09:18:13.599984457Z: [    5.731766] xt_time: kernel timezone is -0000
[STDOUT  ] 2017-11-01T09:18:13.599991771Z: [    5.732237] ip_set: protocol 6
[STDOUT  ] 2017-11-01T09:18:13.599999267Z: [    5.732791] IPVS: Registered protocols (TCP, UDP, SCTP, AH, ESP)
[STDOUT  ] 2017-11-01T09:18:13.600007216Z: [    5.733286] IPVS: Connection hash table configured (size=4096, memory=64Kbytes)
[STDOUT  ] 2017-11-01T09:18:13.600014701Z: [    5.734873] IPVS: Creating netns size=2104 id=0
[STDOUT  ] 2017-11-01T09:18:13.600022162Z: [    5.737362] IPVS: ipvs loaded.
[STDOUT  ] 2017-11-01T09:18:13.600029751Z: [    5.737666] IPVS: [rr] scheduler registered.
[STDOUT  ] 2017-11-01T09:18:13.600036724Z: [    5.737954] IPVS: [wrr] scheduler registered.
[STDOUT  ] 2017-11-01T09:18:13.600044345Z: [    5.738208] IPVS: [lc] scheduler registered.
[STDOUT  ] 2017-11-01T09:18:13.600051761Z: [    5.738464] IPVS: [wlc] scheduler registered.
[STDOUT  ] 2017-11-01T09:18:13.600059267Z: [    5.738721] IPVS: [fo] scheduler registered.
[STDOUT  ] 2017-11-01T09:18:13.600066672Z: [    5.738970] IPVS: [ovf] scheduler registered.
[STDOUT  ] 2017-11-01T09:18:13.600073872Z: [    5.739386] IPVS: [lblc] scheduler registered.
[STDOUT  ] 2017-11-01T09:18:13.600083336Z: [    5.739749] IPVS: [lblcr] scheduler registered.
[STDOUT  ] 2017-11-01T09:18:13.600095988Z: [    5.740034] IPVS: [dh] scheduler registered.
[STDOUT  ] 2017-11-01T09:18:13.600108631Z: [    5.740627] IPVS: [sh] scheduler registered.
[STDOUT  ] 2017-11-01T09:18:13.60011774Z: [    5.740884] IPVS: [sed] scheduler registered.
[STDOUT  ] 2017-11-01T09:18:13.60012554Z: [    5.741140] IPVS: [nq] scheduler registered.
[STDOUT  ] 2017-11-01T09:18:13.600132858Z: [    5.741747] IPVS: ftp: loaded support on port[0] = 21
[STDOUT  ] 2017-11-01T09:18:13.600140358Z: [    5.742529] ipip: IPv4 and MPLS over IPv4 tunneling driver
[STDOUT  ] 2017-11-01T09:18:13.600147855Z: [    5.746425] gre: GRE over IPv4 demultiplexor driver
[STDOUT  ] 2017-11-01T09:18:13.60015544Z: [    5.748967] ip_tables: (C) 2000-2006 Netfilter Core Team
[STDOUT  ] 2017-11-01T09:18:13.600163144Z: [    5.752396] ipt_CLUSTERIP: ClusterIP Version 0.8 loaded successfully
[STDOUT  ] 2017-11-01T09:18:13.600170353Z: [    5.753015] arp_tables: arp_tables: (C) 2002 David S. Miller
[STDOUT  ] 2017-11-01T09:18:13.600177416Z: [    5.755654] NET: Registered protocol family 10
[STDOUT  ] 2017-11-01T09:18:13.60018479Z: [    5.764827] ip6_tables: (C) 2000-2006 Netfilter Core Team
[STDOUT  ] 2017-11-01T09:18:13.600191786Z: [    5.772902] NET: Registered protocol family 17
[STDOUT  ] 2017-11-01T09:18:13.600198773Z: [    5.773795] Bridge firewalling registered
[STDOUT  ] 2017-11-01T09:18:13.600206699Z: [    5.774204] Ebtables v2.0 registered
[STDOUT  ] 2017-11-01T09:18:13.60021448Z: [    5.775922] 8021q: 802.1Q VLAN Support v1.8
[STDOUT  ] 2017-11-01T09:18:13.600221807Z: [    5.777242] 9pnet: Installing 9P2000 support
[STDOUT  ] 2017-11-01T09:18:13.600228861Z: [    5.778536] Key type dns_resolver registered
[STDOUT  ] 2017-11-01T09:18:13.600236451Z: [    5.779348] microcode: AMD CPU family 0x6 not supported
[STDOUT  ] 2017-11-01T09:18:13.6002473Z: [    5.783167] registered taskstats version 1
[STDOUT  ] 2017-11-01T09:18:13.600258771Z: [    5.942382] Key type big_key registered
[STDOUT  ] 2017-11-01T09:18:13.600271904Z: [    5.995420] ata4: SATA link down (SStatus 0 SControl 300)
[STDOUT  ] 2017-11-01T09:18:13.600283072Z: [    5.997663] ata3: SATA link up 1.5 Gbps (SStatus 113 SControl 300)
[STDOUT  ] 2017-11-01T09:18:13.600290886Z: [    6.001275] ata3.00: ATAPI: QEMU DVD-ROM, 2.5+, max UDMA/100
[STDOUT  ] 2017-11-01T09:18:13.600298394Z: [    6.001703] ata3.00: applying bridge limits
[STDOUT  ] 2017-11-01T09:18:13.600306108Z: [    6.002832] ata2: SATA link down (SStatus 0 SControl 300)
[STDOUT  ] 2017-11-01T09:18:13.600318739Z: [    6.003329] ata1: SATA link down (SStatus 0 SControl 300)
[STDOUT  ] 2017-11-01T09:18:13.600326617Z: [    6.003829] ata5: SATA link down (SStatus 0 SControl 300)
[STDOUT  ] 2017-11-01T09:18:13.600334685Z: [    6.005186] ata3.00: configured for UDMA/100
[STDOUT  ] 2017-11-01T09:18:13.600342376Z: [    6.018378] ata6: SATA link down (SStatus 0 SControl 300)
[STDOUT  ] 2017-11-01T09:18:13.600350071Z: [    6.021635] scsi 2:0:0:0: CD-ROM            QEMU     QEMU DVD-ROM     2.5+ PQ: 0 ANSI: 5
[STDOUT  ] 2017-11-01T09:18:13.600357828Z: [    6.043326] sr 2:0:0:0: [sr0] scsi3-mmc drive: 4x/4x cd/rw xa/form2 tray
[STDOUT  ] 2017-11-01T09:18:13.600365989Z: [    6.043871] cdrom: Uniform CD-ROM driver Revision: 3.20
[STDOUT  ] 2017-11-01T09:18:13.600373061Z: [    6.054406] sr 2:0:0:0: Attached scsi generic sg0 type 5
[STDOUT  ] 2017-11-01T09:18:13.600380376Z: [    6.091291] Key type encrypted registered
[STDOUT  ] 2017-11-01T09:18:13.600396628Z: [    6.095116] rtc_cmos 00:00: setting system clock to 2017-11-01 09:17:50 UTC (1509527870)
[STDOUT  ] 2017-11-01T09:18:13.600412117Z: [    6.245914] Freeing unused kernel memory: 1380K
[STDOUT  ] 2017-11-01T09:18:13.600421204Z: [    6.246262] Write protecting the kernel read-only data: 12288k
[STDOUT  ] 2017-11-01T09:18:13.600433464Z: [    6.252182] Freeing unused kernel memory: 124K
[STDOUT  ] 2017-11-01T09:18:13.600446437Z: [    6.341555] Freeing unused kernel memory: 1392K
[STDOUT  ] 2017-11-01T09:18:13.600456135Z: [    6.400883] tsc: Refined TSC clocksource calibration: 2300.043 MHz
[STDOUT  ] 2017-11-01T09:18:13.600464245Z: [    6.401502] clocksource: tsc: mask: 0xffffffffffffffff max_cycles: 0x21275dec2d7, max_idle_ns: 440795269413 ns
[STDOUT  ] 2017-11-01T09:18:13.600471586Z: [    7.415888] clocksource: Switched to clocksource tsc
[STDOUT  ] 2017-11-01T09:18:13.600479135Z: 
[STDOUT  ] 2017-11-01T09:18:13.600486518Z: Welcome to LinuxKit
[STDOUT  ] 2017-11-01T09:18:13.600493982Z: 
[STDOUT  ] 2017-11-01T09:18:13.600501194Z:                         ##         .
[STDOUT  ] 2017-11-01T09:18:13.600508698Z:                   ## ## ##        ==
[STDOUT  ] 2017-11-01T09:18:13.600516288Z:                ## ## ## ## ##    ===
[STDOUT  ] 2017-11-01T09:18:13.60052393Z:            /"""""""""""""""""\___/ ===
[STDOUT  ] 2017-11-01T09:18:13.600531722Z:           {                       /  ===-
[STDOUT  ] 2017-11-01T09:18:13.600539004Z:            \______ O           __/
[STDOUT  ] 2017-11-01T09:18:13.600546171Z:              \    \         __/
[STDOUT  ] 2017-11-01T09:18:13.600553258Z:               \____\_______/
[STDOUT  ] 2017-11-01T09:18:13.600560168Z: 
[STDOUT  ] 2017-11-01T09:18:13.60056729Z: [   14.267376] IPVS: Creating netns size=2104 id=1
[STDOUT  ] 2017-11-01T09:18:13.600574735Z: [   14.267814] IPVS: ftp: loaded support on port[0] = 21
[STDOUT  ] 2017-11-01T09:18:13.600582655Z: binfmt test suite PASSED
[STDOUT  ] 2017-11-01T09:18:13.600590389Z: [   28.446696] ACPI: Preparing to enter system sleep state S5
[STDOUT  ] 2017-11-01T09:18:13.600603209Z: [   28.447806] reboot: Power down
[STDERR  ] 2017-11-01T09:18:13.598886544Z: [    0.700000] smpboot: CPU0: AMD QEMU Virtual CPU version 2.5+ (family: 0x6, model: 0x6, stepping: 0x3)
[STDERR  ] 2017-11-01T09:18:13.600631284Z: [    0.700000] Performance Events: PMU not available due to virtualization, using software events only.
[STDERR  ] 2017-11-01T09:18:13.600643276Z: [    0.707217] NMI watchdog: disabled (cpu0): hardware events not enabled
[STDERR  ] 2017-11-01T09:18:13.600650601Z: [    0.707651] NMI watchdog: Shutting down hard lockup detector on all cpus
[STDERR  ] 2017-11-01T09:18:13.600657834Z: [    0.710474] x86: Booted up 1 node, 1 CPUs
[STDERR  ] 2017-11-01T09:18:13.600665155Z: [    0.710825] smpboot: Total of 1 processors activated (4600.22 BogoMIPS)
[STDERR  ] 2017-11-01T09:18:13.60067228Z: [    0.724727] devtmpfs: initialized
[STDERR  ] 2017-11-01T09:18:13.600679869Z: [    0.729192] x86/mm: Memory block size: 128MB
[STDERR  ] 2017-11-01T09:18:13.600700702Z: [    0.791916] clocksource: jiffies: mask: 0xffffffff max_cycles: 0xffffffff, max_idle_ns: 19112604462750000 ns
[STDERR  ] 2017-11-01T09:18:13.60071559Z: [    0.792663] futex hash table entries: 256 (order: 2, 16384 bytes)
[STDERR  ] 2017-11-01T09:18:13.600728174Z: [    0.801486] NET: Registered protocol family 16
[STDERR  ] 2017-11-01T09:18:13.600740371Z: [    0.810630] cpuidle: using governor ladder
[STDERR  ] 2017-11-01T09:18:13.600752101Z: [    0.811012] cpuidle: using governor menu
[STDERR  ] 2017-11-01T09:18:13.600764485Z: [    0.812094] ACPI: bus type PCI registered
[STDERR  ] 2017-11-01T09:18:13.600777162Z: [    0.814782] PCI: MMCONFIG for domain 0000 [bus 00-ff] at [mem 0xb0000000-0xbfffffff] (base 0xb0000000)
[STDERR  ] 2017-11-01T09:18:13.600789904Z: [    0.815476] PCI: MMCONFIG at [mem 0xb0000000-0xbfffffff] reserved in E820
[STDERR  ] 2017-11-01T09:18:13.600802568Z: [    0.816667] PCI: Using configuration type 1 for base access
[STDERR  ] 2017-11-01T09:18:13.600815451Z: [    0.870645] HugeTLB registered 2 MB page size, pre-allocated 0 pages
[STDERR  ] 2017-11-01T09:18:13.600828282Z: [    0.882890] ACPI: Added _OSI(Module Device)
[STDERR  ] 2017-11-01T09:18:13.600839741Z: [    0.883179] ACPI: Added _OSI(Processor Device)
[STDERR  ] 2017-11-01T09:18:13.600873185Z: [    0.883434] ACPI: Added _OSI(3.0 _SCP Extensions)
[STDERR  ] 2017-11-01T09:18:13.600884512Z: [    0.883704] ACPI: Added _OSI(Processor Aggregator Device)
[STDERR  ] 2017-11-01T09:18:13.600892592Z: [    0.958684] ACPI: Interpreter enabled
[STDERR  ] 2017-11-01T09:18:13.600899624Z: [    0.959403] ACPI: (supports S0 S5)
[STDERR  ] 2017-11-01T09:18:13.600906897Z: [    0.959659] ACPI: Using IOAPIC for interrupt routing
[STDERR  ] 2017-11-01T09:18:13.600914577Z: [    0.961434] PCI: Using host bridge windows from ACPI; if necessary, use "pci=nocrs" and report a bug
[STDERR  ] 2017-11-01T09:18:13.600922102Z: [    1.023211] ACPI: PCI Root Bridge [PCI0] (domain 0000 [bus 00-ff])
[STDERR  ] 2017-11-01T09:18:13.600933787Z: [    1.024066] acpi PNP0A08:00: _OSC: OS supports [ExtendedConfig ASPM ClockPM Segments MSI]
[STDERR  ] 2017-11-01T09:18:13.600948011Z: [    1.029444] acpi PNP0A08:00: _OSC: OS now controls [PCIeHotplug PME PCIeCapability]
[STDERR  ] 2017-11-01T09:18:13.600963824Z: [    1.033016] PCI host bridge to bus 0000:00
[STDERR  ] 2017-11-01T09:18:13.600971689Z: [    1.033399] pci_bus 0000:00: root bus resource [io  0x0000-0x0cf7 window]
[STDERR  ] 2017-11-01T09:18:13.600979812Z: [    1.033798] pci_bus 0000:00: root bus resource [io  0x0d00-0xffff window]
[STDERR  ] 2017-11-01T09:18:13.600987202Z: [    1.034172] pci_bus 0000:00: root bus resource [mem 0x000a0000-0x000bffff window]
[STDERR  ] 2017-11-01T09:18:13.600994332Z: [    1.034602] pci_bus 0000:00: root bus resource [mem 0xc0000000-0xfebfffff window]
[STDERR  ] 2017-11-01T09:18:13.601001298Z: [    1.035129] pci_bus 0000:00: root bus resource [bus 00-ff]
[STDERR  ] 2017-11-01T09:18:13.601008893Z: [    1.140578] pci 0000:00:1f.0: quirk: [io  0x0600-0x067f] claimed by ICH6 ACPI/GPIO/TCO
[STDERR  ] 2017-11-01T09:18:13.601016919Z: [    1.198230] ACPI: PCI Interrupt Link [LNKA] (IRQs 5 *10 11)
[STDERR  ] 2017-11-01T09:18:13.601024769Z: [    1.200892] ACPI: PCI Interrupt Link [LNKB] (IRQs 5 *10 11)
[STDERR  ] 2017-11-01T09:18:13.601031766Z: [    1.202530] ACPI: PCI Interrupt Link [LNKC] (IRQs 5 10 *11)
[STDERR  ] 2017-11-01T09:18:13.601043806Z: [    1.204152] ACPI: PCI Interrupt Link [LNKD] (IRQs 5 10 *11)
[STDERR  ] 2017-11-01T09:18:13.601050733Z: [    1.205779] ACPI: PCI Interrupt Link [LNKE] (IRQs 5 *10 11)
[STDERR  ] 2017-11-01T09:18:13.601057786Z: [    1.207400] ACPI: PCI Interrupt Link [LNKF] (IRQs 5 *10 11)
[STDERR  ] 2017-11-01T09:18:13.601065218Z: [    1.209023] ACPI: PCI Interrupt Link [LNKG] (IRQs 5 10 *11)
[STDERR  ] 2017-11-01T09:18:13.601072141Z: [    1.210823] ACPI: PCI Interrupt Link [LNKH] (IRQs 5 10 *11)
[STDERR  ] 2017-11-01T09:18:13.601079564Z: [    1.211648] ACPI: PCI Interrupt Link [GSIA] (IRQs *16)
[STDERR  ] 2017-11-01T09:18:13.601087074Z: [    1.212277] ACPI: PCI Interrupt Link [GSIB] (IRQs *17)
[STDERR  ] 2017-11-01T09:18:13.601097186Z: [    1.212985] ACPI: PCI Interrupt Link [GSIC] (IRQs *18)
[STDERR  ] 2017-11-01T09:18:13.601107986Z: [    1.213898] ACPI: PCI Interrupt Link [GSID] (IRQs *19)
[STDERR  ] 2017-11-01T09:18:13.60112022Z: [    1.214805] ACPI: PCI Interrupt Link [GSIE] (IRQs *20)
[STDERR  ] 2017-11-01T09:18:13.601132687Z: [    1.215766] ACPI: PCI Interrupt Link [GSIF] (IRQs *21)
[STDERR  ] 2017-11-01T09:18:13.601140183Z: [    1.216806] ACPI: PCI Interrupt Link [GSIG] (IRQs *22)
[STDERR  ] 2017-11-01T09:18:13.601147137Z: [    1.217748] ACPI: PCI Interrupt Link [GSIH] (IRQs *23)
[STDERR  ] 2017-11-01T09:18:13.601154086Z: [    1.223589] ACPI: Enabled 2 GPEs in block 00 to 3F
[STDERR  ] 2017-11-01T09:18:13.601161042Z: [    1.227743] SCSI subsystem initialized
[STDERR  ] 2017-11-01T09:18:13.601168258Z: [    1.229542] ACPI: bus type USB registered
[STDERR  ] 2017-11-01T09:18:13.601175759Z: [    1.230808] usbcore: registered new interface driver usbfs
[STDERR  ] 2017-11-01T09:18:13.60118265Z: [    1.231688] usbcore: registered new interface driver hub
[STDERR  ] 2017-11-01T09:18:13.601189658Z: [    1.232459] usbcore: registered new device driver usb
[STDERR  ] 2017-11-01T09:18:13.601196532Z: [    1.233567] pps_core: LinuxPPS API ver. 1 registered
[STDERR  ] 2017-11-01T09:18:13.601203339Z: [    1.233909] pps_core: Software ver. 5.3.6 - Copyright 2005-2007 Rodolfo Giometti <giometti@linux.it>
[STDERR  ] 2017-11-01T09:18:13.601211083Z: [    1.234614] PTP clock support registered
[STDERR  ] 2017-11-01T09:18:13.601218126Z: [    1.235726] wmi: Mapper loaded
[STDERR  ] 2017-11-01T09:18:13.601225648Z: [    1.236737] PCI: Using ACPI for IRQ routing
[STDERR  ] 2017-11-01T09:18:13.601232703Z: [    1.254407] NetLabel: Initializing
[STDERR  ] 2017-11-01T09:18:13.601239588Z: [    1.254669] NetLabel:  domain hash size = 128
[STDERR  ] 2017-11-01T09:18:13.601246414Z: [    1.254959] NetLabel:  protocols = UNLABELED CIPSOv4
[STDERR  ] 2017-11-01T09:18:13.601253662Z: [    1.256752] NetLabel:  unlabeled traffic allowed by default
[STDERR  ] 2017-11-01T09:18:13.601260628Z: [    1.257660] HPET: 3 timers in total, 0 timers will be used for per-cpu timer
[STDERR  ] 2017-11-01T09:18:13.601267821Z: [    1.258376] hpet0: at MMIO 0xfed00000, IRQs 2, 8, 0
[STDERR  ] 2017-11-01T09:18:13.601277365Z: [    1.258824] hpet0: 3 comparators, 64-bit 100.000000 MHz counter
[STDERR  ] 2017-11-01T09:18:13.601289759Z: [    1.264578] clocksource: Switched to clocksource hpet
[STDERR  ] 2017-11-01T09:18:13.601301793Z: [    1.523068] VFS: Disk quotas dquot_6.6.0
[STDERR  ] 2017-11-01T09:18:13.601319004Z: [    1.523853] VFS: Dquot-cache hash table entries: 512 (order 0, 4096 bytes)
[STDERR  ] 2017-11-01T09:18:13.601334225Z: [    1.526425] FS-Cache: Loaded
[STDERR  ] 2017-11-01T09:18:13.601346113Z: [    1.531409] CacheFiles: Loaded
[STDERR  ] 2017-11-01T09:18:13.601358182Z: [    1.532943] pnp: PnP ACPI init
[STDERR  ] 2017-11-01T09:18:13.601369784Z: [    1.543958] pnp: PnP ACPI: found 5 devices
[STDERR  ] 2017-11-01T09:18:13.601381734Z: [    1.593459] clocksource: acpi_pm: mask: 0xffffff max_cycles: 0xffffff, max_idle_ns: 2085701024 ns
[STDERR  ] 2017-11-01T09:18:13.601393754Z: [    1.596190] NET: Registered protocol family 2
[STDERR  ] 2017-11-01T09:18:13.601406052Z: [    1.603311] TCP established hash table entries: 8192 (order: 4, 65536 bytes)
[STDERR  ] 2017-11-01T09:18:13.601424689Z: [    1.604031] TCP bind hash table entries: 8192 (order: 5, 131072 bytes)
[STDERR  ] 2017-11-01T09:18:13.601437566Z: [    1.604692] TCP: Hash tables configured (established 8192 bind 8192)
[STDERR  ] 2017-11-01T09:18:13.60144997Z: [    1.606640] UDP hash table entries: 512 (order: 2, 16384 bytes)
[STDERR  ] 2017-11-01T09:18:13.601462575Z: [    1.607180] UDP-Lite hash table entries: 512 (order: 2, 16384 bytes)
[STDERR  ] 2017-11-01T09:18:13.601475046Z: [    1.609510] NET: Registered protocol family 1
[STDERR  ] 2017-11-01T09:18:13.601487043Z: [    1.610614] pci 0000:00:01.0: Video device with shadowed ROM at [mem 0x000c0000-0x000dffff]
[STDERR  ] 2017-11-01T09:18:13.601504639Z: [    1.617482] Unpacking initramfs...
[STDERR  ] 2017-11-01T09:18:13.601517836Z: [    5.327095] Freeing initrd memory: 28924K
[STDERR  ] 2017-11-01T09:18:13.601530111Z: [    5.350410] PCLMULQDQ-NI instructions are not detected.
[STDERR  ] 2017-11-01T09:18:13.60154213Z: [    5.351508] AVX or AES-NI instructions are not detected.
[STDERR  ] 2017-11-01T09:18:13.601553512Z: [    5.351890] CPU feature 'AVX registers' is not supported.
[STDERR  ] 2017-11-01T09:18:13.601567408Z: [    5.352243] CPU feature 'AVX registers' is not supported.
[STDERR  ] 2017-11-01T09:18:13.601584211Z: [    5.352586] CPU feature 'AVX registers' is not supported.
[STDERR  ] 2017-11-01T09:18:13.601599584Z: [    5.352926] CPU feature 'AVX registers' is not supported.
[STDERR  ] 2017-11-01T09:18:13.601611031Z: [    5.353265] AVX2 or AES-NI instructions are not detected.
[STDERR  ] 2017-11-01T09:18:13.601622849Z: [    5.353597] AVX2 instructions are not detected.
[STDERR  ] 2017-11-01T09:18:13.601634449Z: [    5.358658] audit: initializing netlink subsys (disabled)
[STDERR  ] 2017-11-01T09:18:13.601647Z: [    5.360946] audit: type=2000 audit(1509527869.350:1): initialized
[STDERR  ] 2017-11-01T09:18:13.601659568Z: [    5.368076] workingset: timestamp_bits=46 max_order=18 bucket_order=0
[STDERR  ] 2017-11-01T09:18:13.601671659Z: [    5.372948] squashfs: version 4.0 (2009/01/31) Phillip Lougher
[STDERR  ] 2017-11-01T09:18:13.601682649Z: [    5.375199] FS-Cache: Netfs 'cifs' registered for caching
[STDERR  ] 2017-11-01T09:18:13.601694302Z: [    5.376013] fuse init (API version 7.26)
[STDERR  ] 2017-11-01T09:18:13.601706667Z: [    5.378044] SGI XFS with ACLs, security attributes, no debug enabled
[STDERR  ] 2017-11-01T09:18:13.601719336Z: [    5.382335] 9p: Installing v9fs 9p2000 file system support
[STDERR  ] 2017-11-01T09:18:13.601733948Z: [    5.382781] FS-Cache: Netfs '9p' registered for caching
[STDERR  ] 2017-11-01T09:18:13.601745374Z: [    5.418365] NET: Registered protocol family 38
[STDERR  ] 2017-11-01T09:18:13.601757536Z: [    5.418849] Key type asymmetric registered
[STDERR  ] 2017-11-01T09:18:13.601770298Z: [    5.419148] Asymmetric key parser 'x509' registered
[STDERR  ] 2017-11-01T09:18:13.601781869Z: [    5.419832] Block layer SCSI generic (bsg) driver version 0.4 loaded (major 251)
[STDERR  ] 2017-11-01T09:18:13.60179395Z: [    5.421968] io scheduler noop registered
[STDERR  ] 2017-11-01T09:18:13.601805352Z: [    5.422288] io scheduler deadline registered (default)
[STDERR  ] 2017-11-01T09:18:13.601816854Z: [    5.422886] io scheduler cfq registered
[STDERR  ] 2017-11-01T09:18:13.601828167Z: [    5.425288] pci_hotplug: PCI Hot Plug PCI Core version: 0.5
[STDERR  ] 2017-11-01T09:18:13.601840465Z: [    5.425814] pciehp: PCI Express Hot Plug Controller Driver version: 0.4
[STDERR  ] 2017-11-01T09:18:13.6018532Z: [    5.426545] shpchp: Standard Hot Plug PCI Controller Driver version: 0.4
[STDERR  ] 2017-11-01T09:18:13.601866048Z: [    5.427259] hv_vmbus: registering driver hyperv_fb
[STDERR  ] 2017-11-01T09:18:13.60188125Z: [    5.431054] input: Power Button as /devices/LNXSYSTM:00/LNXPWRBN:00/input/input0
[STDERR  ] 2017-11-01T09:18:13.601894018Z: [    5.432032] ACPI: Power Button [PWRF]
[STDERR  ] 2017-11-01T09:18:13.601906345Z: [    5.436505] GHES: HEST is not enabled!
[STDERR  ] 2017-11-01T09:18:13.601918224Z: [    5.447682] ACPI: PCI Interrupt Link [GSIG] enabled at IRQ 22
[STDERR  ] 2017-11-01T09:18:13.601937933Z: [    5.459498] ACPI: PCI Interrupt Link [GSIH] enabled at IRQ 23
[STDERR  ] 2017-11-01T09:18:13.601950382Z: [    5.463502] xenfs: not registering filesystem on non-xen platform
[STDERR  ] 2017-11-01T09:18:13.601962574Z: [    5.465329] Serial: 8250/16550 driver, 4 ports, IRQ sharing disabled
[STDERR  ] 2017-11-01T09:18:13.601975574Z: [    5.490795] 00:04: ttyS0 at I/O 0x3f8 (irq = 4, base_baud = 115200) is a 16550A
[STDERR  ] 2017-11-01T09:18:13.601988092Z: [    5.500946] Non-volatile memory driver v1.3
[STDERR  ] 2017-11-01T09:18:13.602000482Z: [    5.506618] Hangcheck: starting hangcheck timer 0.9.1 (tick is 180 seconds, margin is 60 seconds).
[STDERR  ] 2017-11-01T09:18:13.602018105Z: [    5.510707] random: fast init done
[STDERR  ] 2017-11-01T09:18:13.602030568Z: [    5.511857] random: crng init done
[STDERR  ] 2017-11-01T09:18:13.602042763Z: [    5.546670] loop: module loaded
[STDERR  ] 2017-11-01T09:18:13.602055561Z: [    5.560753] nbd: registered device at major 43
[STDERR  ] 2017-11-01T09:18:13.602067745Z: [    5.601799] lpc_ich 0000:00:1f.0: I/O space for GPIO uninitialized
[STDERR  ] 2017-11-01T09:18:13.602080846Z: [    5.603331] VMware PVSCSI driver - version 1.0.7.0-k
[STDERR  ] 2017-11-01T09:18:13.602093355Z: [    5.603971] hv_vmbus: registering driver hv_storvsc
[STDERR  ] 2017-11-01T09:18:13.602106321Z: [    5.613597] ACPI: PCI Interrupt Link [GSIA] enabled at IRQ 16
[STDERR  ] 2017-11-01T09:18:13.602118516Z: [    5.619532] ahci 0000:00:1f.2: AHCI 0001.0000 32 slots 6 ports 1.5 Gbps 0x3f impl SATA mode
[STDERR  ] 2017-11-01T09:18:13.602131444Z: [    5.620138] ahci 0000:00:1f.2: flags: 64bit ncq only 
[STDERR  ] 2017-11-01T09:18:13.602143489Z: [    5.640551] scsi host0: ahci
[STDERR  ] 2017-11-01T09:18:13.60215605Z: [    5.644040] scsi host1: ahci
[STDERR  ] 2017-11-01T09:18:13.60216831Z: [    5.646222] scsi host2: ahci
[STDERR  ] 2017-11-01T09:18:13.602180567Z: [    5.648270] scsi host3: ahci
[STDERR  ] 2017-11-01T09:18:13.602197096Z: [    5.650596] scsi host4: ahci
[STDERR  ] 2017-11-01T09:18:13.602210013Z: [    5.652688] scsi host5: ahci
[STDERR  ] 2017-11-01T09:18:13.60222236Z: [    5.654371] ata1: SATA max UDMA/133 abar m4096@0xfebd2000 port 0xfebd2100 irq 24
[STDERR  ] 2017-11-01T09:18:13.602235139Z: [    5.654869] ata2: SATA max UDMA/133 abar m4096@0xfebd2000 port 0xfebd2180 irq 24
[STDERR  ] 2017-11-01T09:18:13.602247123Z: [    5.655270] ata3: SATA max UDMA/133 abar m4096@0xfebd2000 port 0xfebd2200 irq 24
[STDERR  ] 2017-11-01T09:18:13.602260248Z: [    5.655667] ata4: SATA max UDMA/133 abar m4096@0xfebd2000 port 0xfebd2280 irq 24
[STDERR  ] 2017-11-01T09:18:13.602272976Z: [    5.656062] ata5: SATA max UDMA/133 abar m4096@0xfebd2000 port 0xfebd2300 irq 24
[STDERR  ] 2017-11-01T09:18:13.602285444Z: [    5.656462] ata6: SATA max UDMA/133 abar m4096@0xfebd2000 port 0xfebd2380 irq 24
[STDERR  ] 2017-11-01T09:18:13.60229749Z: [    5.668620] tun: Universal TUN/TAP device driver, 1.6
[STDERR  ] 2017-11-01T09:18:13.602310007Z: [    5.668925] tun: (C) 1999-2004 Max Krasnyansky <maxk@qualcomm.com>
[STDERR  ] 2017-11-01T09:18:13.602322235Z: [    5.679503] VMware vmxnet3 virtual NIC driver - version 1.4.a.0-k-NAPI
[STDERR  ] 2017-11-01T09:18:13.602334996Z: [    5.680716] hv_vmbus: registering driver hv_netvsc
[STDERR  ] 2017-11-01T09:18:13.60234715Z: [    5.681018] Fusion MPT base driver 3.04.20
[STDERR  ] 2017-11-01T09:18:13.60235936Z: [    5.681257] Copyright (c) 1999-2008 LSI Corporation
[STDERR  ] 2017-11-01T09:18:13.602371532Z: [    5.681734] Fusion MPT SPI Host driver 3.04.20
[STDERR  ] 2017-11-01T09:18:13.602383823Z: [    5.683643] i8042: PNP: PS/2 Controller [PNP0303:KBD,PNP0f13:MOU] at 0x60,0x64 irq 1,12
[STDERR  ] 2017-11-01T09:18:13.60239653Z: [    5.687460] serio: i8042 KBD port at 0x60,0x64 irq 1
[STDERR  ] 2017-11-01T09:18:13.602411874Z: [    5.687990] serio: i8042 AUX port at 0x60,0x64 irq 12
[STDERR  ] 2017-11-01T09:18:13.60242437Z: [    5.691162] hv_vmbus: registering driver hyperv_keyboard
[STDERR  ] 2017-11-01T09:18:13.602443965Z: [    5.693118] mousedev: PS/2 mouse device common for all mice
[STDERR  ] 2017-11-01T09:18:13.602456025Z: [    5.697699] input: AT Translated Set 2 keyboard as /devices/platform/i8042/serio0/input/input1
[STDERR  ] 2017-11-01T09:18:13.60246887Z: [    5.700779] input: PC Speaker as /devices/platform/pcspkr/input/input2
[STDERR  ] 2017-11-01T09:18:13.602481568Z: [    5.704068] rtc_cmos 00:00: RTC can wake from S4
[STDERR  ] 2017-11-01T09:18:13.602493758Z: [    5.707161] rtc_cmos 00:00: rtc core: registered rtc_cmos as rtc0
[STDERR  ] 2017-11-01T09:18:13.602505695Z: [    5.708232] rtc_cmos 00:00: alarms up to one day, y3k, 114 bytes nvram, hpet irqs
[STDERR  ] 2017-11-01T09:18:13.602523962Z: [    5.708829] i2c /dev entries driver
[STDERR  ] 2017-11-01T09:18:13.602536493Z: [    5.710814] device-mapper: ioctl: 4.35.0-ioctl (2016-06-23) initialised: dm-devel@redhat.com
[STDERR  ] 2017-11-01T09:18:13.602549749Z: [    5.715190] usbcore: registered new interface driver usbhid
[STDERR  ] 2017-11-01T09:18:13.602561711Z: [    5.715542] usbhid: USB HID core driver
[STDERR  ] 2017-11-01T09:18:13.602573558Z: [    5.716038] hv_utils: Registering HyperV Utility Driver
[STDERR  ] 2017-11-01T09:18:13.6025852Z: [    5.716346] hv_vmbus: registering driver hv_util
[STDERR  ] 2017-11-01T09:18:13.602597748Z: [    5.716613] hv_vmbus: registering driver hv_balloon
[STDERR  ] 2017-11-01T09:18:13.602609815Z: [    5.717053] oprofile: using NMI interrupt.
[STDERR  ] 2017-11-01T09:18:13.602622212Z: [    5.717972] GACT probability on
[STDERR  ] 2017-11-01T09:18:13.602634702Z: [    5.718360] Mirror/redirect action on
[STDERR  ] 2017-11-01T09:18:13.602646807Z: [    5.719095] Simple TC action Loaded
[STDERR  ] 2017-11-01T09:18:13.602659015Z: [    5.719567] u32 classifier
[STDERR  ] 2017-11-01T09:18:13.602671395Z: [    5.719742]     Performance counters on
[STDERR  ] 2017-11-01T09:18:13.602683468Z: [    5.719965]     input device check on
[STDERR  ] 2017-11-01T09:18:13.602695552Z: [    5.720324]     Actions configured
[STDERR  ] 2017-11-01T09:18:13.602707498Z: [    5.720882] Netfilter messages via NETLINK v0.30.
[STDERR  ] 2017-11-01T09:18:13.602721956Z: [    5.721381] nfnl_acct: registering with nfnetlink.
[STDERR  ] 2017-11-01T09:18:13.602733964Z: [    5.722561] nf_conntrack version 0.5.0 (8192 buckets, 32768 max)
[STDERR  ] 2017-11-01T09:18:13.602746252Z: [    5.725673] ctnetlink v0.93: registering with nfnetlink.
[STDERR  ] 2017-11-01T09:18:13.602759356Z: [    5.728621] nf_tables: (c) 2007-2009 Patrick McHardy <kaber@trash.net>
[STDERR  ] 2017-11-01T09:18:13.602771695Z: [    5.729352] nf_tables_compat: (c) 2012 Pablo Neira Ayuso <pablo@netfilter.org>
[STDERR  ] 2017-11-01T09:18:13.602783964Z: [    5.731766] xt_time: kernel timezone is -0000
[STDERR  ] 2017-11-01T09:18:13.602796172Z: [    5.732237] ip_set: protocol 6
[STDERR  ] 2017-11-01T09:18:13.602808653Z: [    5.732791] IPVS: Registered protocols (TCP, UDP, SCTP, AH, ESP)
[STDERR  ] 2017-11-01T09:18:13.60282118Z: [    5.733286] IPVS: Connection hash table configured (size=4096, memory=64Kbytes)
[STDERR  ] 2017-11-01T09:18:13.602833129Z: [    5.734873] IPVS: Creating netns size=2104 id=0
[STDERR  ] 2017-11-01T09:18:13.602845248Z: [    5.737362] IPVS: ipvs loaded.
[STDERR  ] 2017-11-01T09:18:13.602857926Z: [    5.737666] IPVS: [rr] scheduler registered.
[STDERR  ] 2017-11-01T09:18:13.602870173Z: [    5.737954] IPVS: [wrr] scheduler registered.
[STDERR  ] 2017-11-01T09:18:13.602882256Z: [    5.738208] IPVS: [lc] scheduler registered.
[STDERR  ] 2017-11-01T09:18:13.602894453Z: [    5.738464] IPVS: [wlc] scheduler registered.
[STDERR  ] 2017-11-01T09:18:13.602906136Z: [    5.738721] IPVS: [fo] scheduler registered.
[STDERR  ] 2017-11-01T09:18:13.602918806Z: [    5.738970] IPVS: [ovf] scheduler registered.
[STDERR  ] 2017-11-01T09:18:13.602930748Z: [    5.739386] IPVS: [lblc] scheduler registered.
[STDERR  ] 2017-11-01T09:18:13.602942984Z: [    5.739749] IPVS: [lblcr] scheduler registered.
[STDERR  ] 2017-11-01T09:18:13.602954977Z: [    5.740034] IPVS: [dh] scheduler registered.
[STDERR  ] 2017-11-01T09:18:13.602972047Z: [    5.740627] IPVS: [sh] scheduler registered.
[STDERR  ] 2017-11-01T09:18:13.602983567Z: [    5.740884] IPVS: [sed] scheduler registered.
[STDERR  ] 2017-11-01T09:18:13.6029955Z: [    5.741140] IPVS: [nq] scheduler registered.
[STDERR  ] 2017-11-01T09:18:13.603007222Z: [    5.741747] IPVS: ftp: loaded support on port[0] = 21
[STDERR  ] 2017-11-01T09:18:13.603019608Z: [    5.742529] ipip: IPv4 and MPLS over IPv4 tunneling driver
[STDERR  ] 2017-11-01T09:18:13.603031443Z: [    5.746425] gre: GRE over IPv4 demultiplexor driver
[STDERR  ] 2017-11-01T09:18:13.60304324Z: [    5.748967] ip_tables: (C) 2000-2006 Netfilter Core Team
[STDERR  ] 2017-11-01T09:18:13.60323515Z: [    5.752396] ipt_CLUSTERIP: ClusterIP Version 0.8 loaded successfully
[STDERR  ] 2017-11-01T09:18:13.603263036Z: [    5.753015] arp_tables: arp_tables: (C) 2002 David S. Miller
[STDERR  ] 2017-11-01T09:18:13.603277203Z: [    5.755654] NET: Registered protocol family 10
[STDERR  ] 2017-11-01T09:18:13.603289473Z: [    5.764827] ip6_tables: (C) 2000-2006 Netfilter Core Team
[STDERR  ] 2017-11-01T09:18:13.603301941Z: [    5.772902] NET: Registered protocol family 17
[STDERR  ] 2017-11-01T09:18:13.60331407Z: [    5.773795] Bridge firewalling registered
[STDERR  ] 2017-11-01T09:18:13.603325956Z: [    5.774204] Ebtables v2.0 registered
[STDERR  ] 2017-11-01T09:18:13.603337703Z: [    5.775922] 8021q: 802.1Q VLAN Support v1.8
[STDERR  ] 2017-11-01T09:18:13.603353875Z: [    5.777242] 9pnet: Installing 9P2000 support
[STDERR  ] 2017-11-01T09:18:13.603365524Z: [    5.778536] Key type dns_resolver registered
[STDERR  ] 2017-11-01T09:18:13.603380111Z: [    5.779348] microcode: AMD CPU family 0x6 not supported
[STDERR  ] 2017-11-01T09:18:13.603393236Z: [    5.783167] registered taskstats version 1
[STDERR  ] 2017-11-01T09:18:13.603405264Z: [    5.942382] Key type big_key registered
[STDERR  ] 2017-11-01T09:18:13.603420351Z: [    5.995420] ata4: SATA link down (SStatus 0 SControl 300)
[STDERR  ] 2017-11-01T09:18:13.603432978Z: [    5.997663] ata3: SATA link up 1.5 Gbps (SStatus 113 SControl 300)
[STDERR  ] 2017-11-01T09:18:13.603446097Z: [    6.001275] ata3.00: ATAPI: QEMU DVD-ROM, 2.5+, max UDMA/100
[STDERR  ] 2017-11-01T09:18:13.603460609Z: [    6.001703] ata3.00: applying bridge limits
[STDERR  ] 2017-11-01T09:18:13.603472426Z: [    6.002832] ata2: SATA link down (SStatus 0 SControl 300)
[STDERR  ] 2017-11-01T09:18:13.603483827Z: [    6.003329] ata1: SATA link down (SStatus 0 SControl 300)
[STDERR  ] 2017-11-01T09:18:13.60349584Z: [    6.003829] ata5: SATA link down (SStatus 0 SControl 300)
[STDERR  ] 2017-11-01T09:18:13.603507499Z: [    6.005186] ata3.00: configured for UDMA/100
[STDERR  ] 2017-11-01T09:18:13.603519608Z: [    6.018378] ata6: SATA link down (SStatus 0 SControl 300)
[STDERR  ] 2017-11-01T09:18:13.603531818Z: [    6.021635] scsi 2:0:0:0: CD-ROM            QEMU     QEMU DVD-ROM     2.5+ PQ: 0 ANSI: 5
[STDERR  ] 2017-11-01T09:18:13.603545195Z: [    6.043326] sr 2:0:0:0: [sr0] scsi3-mmc drive: 4x/4x cd/rw xa/form2 tray
[STDERR  ] 2017-11-01T09:18:13.603558124Z: [    6.043871] cdrom: Uniform CD-ROM driver Revision: 3.20
[STDERR  ] 2017-11-01T09:18:13.603570227Z: [    6.054406] sr 2:0:0:0: Attached scsi generic sg0 type 5
[STDERR  ] 2017-11-01T09:18:13.603582113Z: [    6.091291] Key type encrypted registered
[STDERR  ] 2017-11-01T09:18:13.603594581Z: [    6.095116] rtc_cmos 00:00: setting system clock to 2017-11-01 09:17:50 UTC (1509527870)
[STDERR  ] 2017-11-01T09:18:13.603607243Z: [    6.245914] Freeing unused kernel memory: 1380K
[STDERR  ] 2017-11-01T09:18:13.603619283Z: [    6.246262] Write protecting the kernel read-only data: 12288k
[STDERR  ] 2017-11-01T09:18:13.603630788Z: [    6.252182] Freeing unused kernel memory: 124K
[STDERR  ] 2017-11-01T09:18:13.603642495Z: [    6.341555] Freeing unused kernel memory: 1392K
[STDERR  ] 2017-11-01T09:18:13.60365373Z: [    6.400883] tsc: Refined TSC clocksource calibration: 2300.043 MHz
[STDERR  ] 2017-11-01T09:18:13.603665129Z: [    6.401502] clocksource: tsc: mask: 0xffffffffffffffff max_cycles: 0x21275dec2d7, max_idle_ns: 440795269413 ns
[STDERR  ] 2017-11-01T09:18:13.603684175Z: [    7.415888] clocksource: Switched to clocksource tsc
[STDERR  ] 2017-11-01T09:18:13.603695549Z: 
[STDERR  ] 2017-11-01T09:18:13.603707407Z: Welcome to LinuxKit
[STDERR  ] 2017-11-01T09:18:13.603719919Z: 
[STDERR  ] 2017-11-01T09:18:13.603734923Z:                         ##         .
[STDERR  ] 2017-11-01T09:18:13.603747106Z:                   ## ## ##        ==
[STDERR  ] 2017-11-01T09:18:13.603759084Z:                ## ## ## ## ##    ===
[STDERR  ] 2017-11-01T09:18:13.603771544Z:            /"""""""""""""""""\___/ ===
[STDERR  ] 2017-11-01T09:18:13.603791919Z:           {                       /  ===-
[STDERR  ] 2017-11-01T09:18:13.603804287Z:            \______ O           __/
[STDERR  ] 2017-11-01T09:18:13.603819873Z:              \    \         __/
[STDERR  ] 2017-11-01T09:18:13.603831955Z:               \____\_______/
[STDERR  ] 2017-11-01T09:18:13.603844608Z: 
[STDERR  ] 2017-11-01T09:18:13.603857733Z: [   14.267376] IPVS: Creating netns size=2104 id=1
[STDERR  ] 2017-11-01T09:18:13.603869479Z: [   14.267814] IPVS: ftp: loaded support on port[0] = 21
[STDERR  ] 2017-11-01T09:18:13.603884452Z: binfmt test suite PASSED
[STDERR  ] 2017-11-01T09:18:13.603896403Z: [   28.446696] ACPI: Preparing to enter system sleep state S5
[STDERR  ] 2017-11-01T09:18:13.603909953Z: [   28.447806] reboot: Power down
[STDERR  ] 2017-11-01T09:18:13.60392323Z: + echo [    0.000000] Linux version 4.9.59-linuxkit (root@01324b49428a) (gcc version 6.3.0 (Alpine 6.3.0) ) #1 SMP Sat Oct 28 17:03:21 UTC 2017
[STDERR  ] 2017-11-01T09:18:13.603939764Z: [    0.000000] Command line: console=ttyS0 page_poison=1
[STDERR  ] 2017-11-01T09:18:13.603951828Z: [    0.000000] x86/fpu: Legacy x87 FPU detected.
[STDERR  ] 2017-11-01T09:18:13.603966977Z: [    0.000000] x86/fpu: Using 'eager' FPU context switches.
[STDERR  ] 2017-11-01T09:18:13.603978714Z: [    0.000000] e820: BIOS-provided physical RAM map:
[STDERR  ] 2017-11-01T09:18:13.603993745Z: [    0.000000] BIOS-e820: [mem 0x0000000000000000-0x000000000009fbff] usable
[STDERR  ] 2017-11-01T09:18:13.604006166Z: [    0.000000] BIOS-e820: [mem 0x000000000009fc00-0x000000000009ffff] reserved
[STDERR  ] 2017-11-01T09:18:13.604019768Z: [    0.000000] BIOS-e820: [mem 0x00000000000f0000-0x00000000000fffff] reserved
[STDERR  ] 2017-11-01T09:18:13.604034503Z: [    0.000000] BIOS-e820: [mem 0x0000000000100000-0x000000003ffdefff] usable
[STDERR  ] 2017-11-01T09:18:13.604048244Z: [    0.000000] BIOS-e820: [mem 0x000000003ffdf000-0x000000003fffffff] reserved
[STDERR  ] 2017-11-01T09:18:13.604061888Z: [    0.000000] BIOS-e820: [mem 0x00000000b0000000-0x00000000bfffffff] reserved
[STDERR  ] 2017-11-01T09:18:13.604073932Z: [    0.000000] BIOS-e820: [mem 0x00000000fed1c000-0x00000000fed1ffff] reserved
[STDERR  ] 2017-11-01T09:18:13.604086399Z: [    0.000000] BIOS-e820: [mem 0x00000000fffc0000-0x00000000ffffffff] reserved
[STDERR  ] 2017-11-01T09:18:13.604102281Z: [    0.000000] NX (Execute Disable) protection: active
[STDERR  ] 2017-11-01T09:18:13.604114347Z: [    0.000000] SMBIOS 2.8 present.
[STDERR  ] 2017-11-01T09:18:13.604126427Z: [    0.000000] e820: last_pfn = 0x3ffdf max_arch_pfn = 0x400000000
[STDERR  ] 2017-11-01T09:18:13.604141378Z: [    0.000000] x86/PAT: Configuration [0-7]: WB  WC  UC- UC  WB  WC  UC- WT  
[STDERR  ] 2017-11-01T09:18:13.604153712Z: [    0.000000] found SMP MP-table at [mem 0x000f6aa0-0x000f6aaf] mapped at [ffff93fe800f6aa0]
[STDERR  ] 2017-11-01T09:18:13.604168654Z: [    0.000000] RAMDISK: [mem 0x3e391000-0x3ffcffff]
[STDERR  ] 2017-11-01T09:18:13.604181682Z: [    0.000000] ACPI: Early table checksum verification disabled
[STDERR  ] 2017-11-01T09:18:13.604209787Z: [    0.000000] ACPI: RSDP 0x00000000000F68C0 000014 (v00 BOCHS )
[STDERR  ] 2017-11-01T09:18:13.604224899Z: [    0.000000] ACPI: RSDT 0x000000003FFE2404 000034 (v01 BOCHS  BXPCRSDT 00000001 BXPC 00000001)
[STDERR  ] 2017-11-01T09:18:13.604239554Z: [    0.000000] ACPI: FACP 0x000000003FFE22A4 000074 (v01 BOCHS  BXPCFACP 00000001 BXPC 00000001)
[STDERR  ] 2017-11-01T09:18:13.604260385Z: [    0.000000] ACPI: DSDT 0x000000003FFE0040 002264 (v01 BOCHS  BXPCDSDT 00000001 BXPC 00000001)
[STDERR  ] 2017-11-01T09:18:13.604274947Z: [    0.000000] ACPI: FACS 0x000000003FFE0000 000040
[STDERR  ] 2017-11-01T09:18:13.6042872Z: [    0.000000] ACPI: APIC 0x000000003FFE2318 000078 (v01 BOCHS  BXPCAPIC 00000001 BXPC 00000001)
[STDERR  ] 2017-11-01T09:18:13.60430466Z: [    0.000000] ACPI: HPET 0x000000003FFE2390 000038 (v01 BOCHS  BXPCHPET 00000001 BXPC 00000001)
[STDERR  ] 2017-11-01T09:18:13.604318062Z: [    0.000000] ACPI: MCFG 0x000000003FFE23C8 00003C (v01 BOCHS  BXPCMCFG 00000001 BXPC 00000001)
[STDERR  ] 2017-11-01T09:18:13.60433709Z: [    0.000000] Zone ranges:
[STDERR  ] 2017-11-01T09:18:13.604350573Z: [    0.000000]   DMA      [mem 0x0000000000001000-0x0000000000ffffff]
[STDERR  ] 2017-11-01T09:18:13.604364634Z: [    0.000000]   DMA32    [mem 0x0000000001000000-0x000000003ffdefff]
[STDERR  ] 2017-11-01T09:18:13.604378604Z: [    0.000000]   Normal   empty
[STDERR  ] 2017-11-01T09:18:13.604391255Z: [    0.000000] Movable zone start for each node
[STDERR  ] 2017-11-01T09:18:13.604406977Z: [    0.000000] Early memory node ranges
[STDERR  ] 2017-11-01T09:18:13.604419162Z: [    0.000000]   node   0: [mem 0x0000000000001000-0x000000000009efff]
[STDERR  ] 2017-11-01T09:18:13.604432726Z: [    0.000000]   node   0: [mem 0x0000000000100000-0x000000003ffdefff]
[STDERR  ] 2017-11-01T09:18:13.604447668Z: [    0.000000] Initmem setup node 0 [mem 0x0000000000001000-0x000000003ffdefff]
[STDERR  ] 2017-11-01T09:18:13.604460804Z: [    0.000000] ACPI: PM-Timer IO Port: 0x608
[STDERR  ] 2017-11-01T09:18:13.604472623Z: [    0.000000] ACPI: LAPIC_NMI (acpi_id[0xff] dfl dfl lint[0x1])
[STDERR  ] 2017-11-01T09:18:13.604490949Z: [    0.000000] IOAPIC[0]: apic_id 0, version 32, address 0xfec00000, GSI 0-23
[STDERR  ] 2017-11-01T09:18:13.604504136Z: [    0.000000] ACPI: INT_SRC_OVR (bus 0 bus_irq 0 global_irq 2 dfl dfl)
[STDERR  ] 2017-11-01T09:18:13.6045179Z: [    0.000000] ACPI: INT_SRC_OVR (bus 0 bus_irq 5 global_irq 5 high level)
[STDERR  ] 2017-11-01T09:18:13.60453026Z: [    0.000000] ACPI: INT_SRC_OVR (bus 0 bus_irq 9 global_irq 9 high level)
[STDERR  ] 2017-11-01T09:18:13.604544401Z: [    0.000000] ACPI: INT_SRC_OVR (bus 0 bus_irq 10 global_irq 10 high level)
[STDERR  ] 2017-11-01T09:18:13.60455708Z: [    0.000000] ACPI: INT_SRC_OVR (bus 0 bus_irq 11 global_irq 11 high level)
[STDERR  ] 2017-11-01T09:18:13.604572314Z: [    0.000000] Using ACPI (MADT) for SMP configuration information
[STDERR  ] 2017-11-01T09:18:13.604584036Z: [    0.000000] ACPI: HPET id: 0x8086a201 base: 0xfed00000
[STDERR  ] 2017-11-01T09:18:13.604597528Z: [    0.000000] smpboot: Allowing 1 CPUs, 0 hotplug CPUs
[STDERR  ] 2017-11-01T09:18:13.604609979Z: [    0.000000] e820: [mem 0x40000000-0xafffffff] available for PCI devices
[STDERR  ] 2017-11-01T09:18:13.604623479Z: [    0.000000] Booting paravirtualized kernel on bare hardware
[STDERR  ] 2017-11-01T09:18:13.604635878Z: [    0.000000] clocksource: refined-jiffies: mask: 0xffffffff max_cycles: 0xffffffff, max_idle_ns: 19112604462750000 ns
[STDERR  ] 2017-11-01T09:18:13.604654473Z: [    0.000000] setup_percpu: NR_CPUS:128 nr_cpumask_bits:128 nr_cpu_ids:1 nr_node_ids:1
[STDERR  ] 2017-11-01T09:18:13.60466708Z: [    0.000000] percpu: Embedded 35 pages/cpu @ffff93febe000000 s105240 r8192 d29928 u2097152
[STDERR  ] 2017-11-01T09:18:13.604681602Z: [    0.000000] Built 1 zonelists in Zone order, mobility grouping on.  Total pages: 257896
[STDERR  ] 2017-11-01T09:18:13.604694468Z: [    0.000000] Kernel command line: console=ttyS0 page_poison=1
[STDERR  ] 2017-11-01T09:18:13.604708528Z: [    0.000000] PID hash table entries: 4096 (order: 3, 32768 bytes)
[STDERR  ] 2017-11-01T09:18:13.604721352Z: [    0.000000] Dentry cache hash table entries: 131072 (order: 8, 1048576 bytes)
[STDERR  ] 2017-11-01T09:18:13.604736239Z: [    0.000000] Inode-cache hash table entries: 65536 (order: 7, 524288 bytes)
[STDERR  ] 2017-11-01T09:18:13.604750131Z: [    0.000000] Memory: 985248K/1048052K available (8053K kernel code, 1367K rwdata, 2704K rodata, 1380K init, 568K bss, 62804K reserved, 0K cma-reserved)
[STDERR  ] 2017-11-01T09:18:13.60477019Z: [    0.000000] Hierarchical RCU implementation.
[STDERR  ] 2017-11-01T09:18:13.604783733Z: [    0.000000] 	Build-time adjustment of leaf fanout to 64.
[STDERR  ] 2017-11-01T09:18:13.604796095Z: [    0.000000] 	RCU restricting CPUs from NR_CPUS=128 to nr_cpu_ids=1.
[STDERR  ] 2017-11-01T09:18:13.604808614Z: [    0.000000] RCU: Adjusting geometry for rcu_fanout_leaf=64, nr_cpu_ids=1
[STDERR  ] 2017-11-01T09:18:13.604823381Z: [    0.000000] NR_IRQS:8448 nr_irqs:256 16
[STDERR  ] 2017-11-01T09:18:13.604840243Z: [    0.000000] Console: colour VGA+ 80x25
[STDERR  ] 2017-11-01T09:18:13.604855253Z: [    0.000000] console [ttyS0] enabled
[STDERR  ] 2017-11-01T09:18:13.604867392Z: [    0.000000] allocated 2097152 bytes of page_ext
[STDERR  ] 2017-11-01T09:18:13.604882048Z: [    0.000000] clocksource: hpet: mask: 0xffffffff max_cycles: 0xffffffff, max_idle_ns: 19112604467 ns
[STDERR  ] 2017-11-01T09:18:13.604894562Z: [    0.000000] tsc: Fast TSC calibration using PIT
[STDERR  ] 2017-11-01T09:18:13.604909114Z: [    0.000000] tsc: Detected 2300.114 MHz processor
[STDERR  ] 2017-11-01T09:18:13.604921349Z: [    0.021408] Calibrating delay loop (skipped), value calculated using timer frequency.. 4600.22 BogoMIPS (lpj=23001140)
[STDERR  ] 2017-11-01T09:18:13.604934749Z: [    0.022433] pid_max: default: 32768 minimum: 301
[STDERR  ] 2017-11-01T09:18:13.604947026Z: [    0.023431] ACPI: Core revision 20160831
[STDERR  ] 2017-11-01T09:18:13.604959884Z: [    0.070281] ACPI: 1 ACPI AML tables successfully acquired and loaded
[STDERR  ] 2017-11-01T09:18:13.604972804Z: [    0.073438] Security Framework initialized
[STDERR  ] 2017-11-01T09:18:13.604986671Z: [    0.073810] Yama: becoming mindful.
[STDERR  ] 2017-11-01T09:18:13.604999645Z: [    0.075589] Mount-cache hash table entries: 2048 (order: 2, 16384 bytes)
[STDERR  ] 2017-11-01T09:18:13.605025073Z: [    0.076117] Mountpoint-cache hash table entries: 2048 (order: 2, 16384 bytes)
[STDERR  ] 2017-11-01T09:18:13.605038619Z: [    0.094711] Last level iTLB entries: 4KB 0, 2MB 0, 4MB 0
[STDERR  ] 2017-11-01T09:18:13.605052242Z: [    0.095133] Last level dTLB entries: 4KB 0, 2MB 0, 4MB 0, 1GB 0
[STDERR  ] 2017-11-01T09:18:13.605064084Z: [    0.415675] Freeing SMP alternatives memory: 20K
[STDERR  ] 2017-11-01T09:18:13.605082542Z: [    0.424052] ftrace: allocating 35584 entries in 140 pages
[STDERR  ] 2017-11-01T09:18:13.60509439Z: [    0.592284] smpboot: Max logical packages: 1
[STDERR  ] 2017-11-01T09:18:13.605107479Z: [    0.597438] ..TIMER: vector=0x30 apic1=0 pin1=2 apic2=-1 pin2=-1
[STDERR  ] 2017-11-01T09:18:13.605121196Z: [    0.700000] smpboot: CPU0: AMD QEMU Virtual CPU version 2.5+ (family: 0x6, model: 0x6, stepping: 0x3)
[STDERR  ] 2017-11-01T09:18:13.605133889Z: [    0.700000] Performance Events: PMU not available due to virtualization, using software events only.
[STDERR  ] 2017-11-01T09:18:13.605149057Z: [    0.707217] NMI watchdog: disabled (cpu0): hardware events not enabled
[STDERR  ] 2017-11-01T09:18:13.605164476Z: [    0.707651] NMI watchdog: Shutting down hard lockup detector on all cpus
[STDERR  ] 2017-11-01T09:18:13.605176702Z: [    0.710474] x86: Booted up 1 node, 1 CPUs
[STDERR  ] 2017-11-01T09:18:13.605190427Z: [    0.710825] smpboot: Total of 1 processors activated (4600.22 BogoMIPS)
[STDERR  ] 2017-11-01T09:18:13.605207217Z: [    0.724727] devtmpfs: initialized
[STDERR  ] 2017-11-01T09:18:13.605221282Z: [    0.729192] x86/mm: Memory block size: 128MB
[STDERR  ] 2017-11-01T09:18:13.605234692Z: [    0.791916] clocksource: jiffies: mask: 0xffffffff max_cycles: 0xffffffff, max_idle_ns: 19112604462750000 ns
[STDERR  ] 2017-11-01T09:18:13.605248372Z: [    0.792663] futex hash table entries: 256 (order: 2, 16384 bytes)
[STDERR  ] 2017-11-01T09:18:13.60526244Z: [    0.801486] NET: Registered protocol family 16
[STDERR  ] 2017-11-01T09:18:13.605274543Z: [    0.810630] cpuidle: using governor ladder
[STDERR  ] 2017-11-01T09:18:13.605293601Z: [    0.811012] cpuidle: using governor menu
[STDERR  ] 2017-11-01T09:18:13.605306489Z: [    0.812094] ACPI: bus type PCI registered
[STDERR  ] 2017-11-01T09:18:13.605318841Z: [    0.814782] PCI: MMCONFIG for domain 0000 [bus 00-ff] at [mem 0xb0000000-0xbfffffff] (base 0xb0000000)
[STDERR  ] 2017-11-01T09:18:13.605332003Z: [    0.815476] PCI: MMCONFIG at [mem 0xb0000000-0xbfffffff] reserved in E820
[STDERR  ] 2017-11-01T09:18:13.605346076Z: [    0.816667] PCI: Using configuration type 1 for base access
[STDERR  ] 2017-11-01T09:18:13.605359467Z: [    0.870645] HugeTLB registered 2 MB page size, pre-allocated 0 pages
[STDERR  ] 2017-11-01T09:18:13.605378006Z: [    0.882890] ACPI: Added _OSI(Module Device)
[STDERR  ] 2017-11-01T09:18:13.605391175Z: [    0.883179] ACPI: Added _OSI(Processor Device)
[STDERR  ] 2017-11-01T09:18:13.605406777Z: [    0.883434] ACPI: Added _OSI(3.0 _SCP Extensions)
[STDERR  ] 2017-11-01T09:18:13.605420481Z: [    0.883704] ACPI: Added _OSI(Processor Aggregator Device)
[STDERR  ] 2017-11-01T09:18:13.605434818Z: [    0.958684] ACPI: Interpreter enabled
[STDERR  ] 2017-11-01T09:18:13.605446256Z: [    0.959403] ACPI: (supports S0 S5)
[STDERR  ] 2017-11-01T09:18:13.605458844Z: [    0.959659] ACPI: Using IOAPIC for interrupt routing
[STDERR  ] 2017-11-01T09:18:13.60547259Z: [    0.961434] PCI: Using host bridge windows from ACPI; if necessary, use "pci=nocrs" and report a bug
[STDERR  ] 2017-11-01T09:18:13.605484851Z: [    1.023211] ACPI: PCI Root Bridge [PCI0] (domain 0000 [bus 00-ff])
[STDERR  ] 2017-11-01T09:18:13.6054986Z: [    1.024066] acpi PNP0A08:00: _OSC: OS supports [ExtendedConfig ASPM ClockPM Segments MSI]
[STDERR  ] 2017-11-01T09:18:13.605513039Z: [    1.029444] acpi PNP0A08:00: _OSC: OS now controls [PCIeHotplug PME PCIeCapability]
[STDERR  ] 2017-11-01T09:18:13.605525758Z: [    1.033016] PCI host bridge to bus 0000:00
[STDERR  ] 2017-11-01T09:18:13.605541208Z: [    1.033399] pci_bus 0000:00: root bus resource [io  0x0000-0x0cf7 window]
[STDERR  ] 2017-11-01T09:18:13.605553535Z: [    1.033798] pci_bus 0000:00: root bus resource [io  0x0d00-0xffff window]
[STDERR  ] 2017-11-01T09:18:13.60556881Z: [    1.034172] pci_bus 0000:00: root bus resource [mem 0x000a0000-0x000bffff window]
[STDERR  ] 2017-11-01T09:18:13.605581056Z: [    1.034602] pci_bus 0000:00: root bus resource [mem 0xc0000000-0xfebfffff window]
[STDERR  ] 2017-11-01T09:18:13.605594187Z: [    1.035129] pci_bus 0000:00: root bus resource [bus 00-ff]
[STDERR  ] 2017-11-01T09:18:13.605607684Z: [    1.140578] pci 0000:00:1f.0: quirk: [io  0x0600-0x067f] claimed by ICH6 ACPI/GPIO/TCO
[STDERR  ] 2017-11-01T09:18:13.605620129Z: [    1.198230] ACPI: PCI Interrupt Link [LNKA] (IRQs 5 *10 11)
[STDERR  ] 2017-11-01T09:18:13.605636371Z: [    1.200892] ACPI: PCI Interrupt Link [LNKB] (IRQs 5 *10 11)
[STDERR  ] 2017-11-01T09:18:13.605649672Z: [    1.202530] ACPI: PCI Interrupt Link [LNKC] (IRQs 5 10 *11)
[STDERR  ] 2017-11-01T09:18:13.605661863Z: [    1.204152] ACPI: PCI Interrupt Link [LNKD] (IRQs 5 10 *11)
[STDERR  ] 2017-11-01T09:18:13.605675028Z: [    1.205779] ACPI: PCI Interrupt Link [LNKE] (IRQs 5 *10 11)
[STDERR  ] 2017-11-01T09:18:13.605688043Z: [    1.207400] ACPI: PCI Interrupt Link [LNKF] (IRQs 5 *10 11)
[STDERR  ] 2017-11-01T09:18:13.605700349Z: [    1.209023] ACPI: PCI Interrupt Link [LNKG] (IRQs 5 10 *11)
[STDERR  ] 2017-11-01T09:18:13.605714618Z: [    1.210823] ACPI: PCI Interrupt Link [LNKH] (IRQs 5 10 *11)
[STDERR  ] 2017-11-01T09:18:13.605726646Z: [    1.211648] ACPI: PCI Interrupt Link [GSIA] (IRQs *16)
[STDERR  ] 2017-11-01T09:18:13.605740631Z: [    1.212277] ACPI: PCI Interrupt Link [GSIB] (IRQs *17)
[STDERR  ] 2017-11-01T09:18:13.60575315Z: [    1.212985] ACPI: PCI Interrupt Link [GSIC] (IRQs *18)
[STDERR  ] 2017-11-01T09:18:13.605766966Z: [    1.213898] ACPI: PCI Interrupt Link [GSID] (IRQs *19)
[STDERR  ] 2017-11-01T09:18:13.605780623Z: [    1.214805] ACPI: PCI Interrupt Link [GSIE] (IRQs *20)
[STDERR  ] 2017-11-01T09:18:13.605793791Z: [    1.215766] ACPI: PCI Interrupt Link [GSIF] (IRQs *21)
[STDERR  ] 2017-11-01T09:18:13.605815269Z: [    1.216806] ACPI: PCI Interrupt Link [GSIG] (IRQs *22)
[STDERR  ] 2017-11-01T09:18:13.605827439Z: [    1.217748] ACPI: PCI Interrupt Link [GSIH] (IRQs *23)
[STDERR  ] 2017-11-01T09:18:13.605840313Z: [    1.223589] ACPI: Enabled 2 GPEs in block 00 to 3F
[STDERR  ] 2017-11-01T09:18:13.605854495Z: [    1.227743] SCSI subsystem initialized
[STDERR  ] 2017-11-01T09:18:13.605866749Z: [    1.229542] ACPI: bus type USB registered
[STDERR  ] 2017-11-01T09:18:13.605891228Z: [    1.230808] usbcore: registered new interface driver usbfs
[STDERR  ] 2017-11-01T09:18:13.605905094Z: [    1.231688] usbcore: registered new interface driver hub
[STDERR  ] 2017-11-01T09:18:13.605926112Z: [    1.232459] usbcore: registered new device driver usb
[STDERR  ] 2017-11-01T09:18:13.605941279Z: [    1.233567] pps_core: LinuxPPS API ver. 1 registered
[STDERR  ] 2017-11-01T09:18:13.605953305Z: [    1.233909] pps_core: Software ver. 5.3.6 - Copyright 2005-2007 Rodolfo Giometti <giometti@linux.it>
[STDERR  ] 2017-11-01T09:18:13.605966701Z: [    1.234614] PTP clock support registered
[STDERR  ] 2017-11-01T09:18:13.605979609Z: [    1.235726] wmi: Mapper loaded
[STDERR  ] 2017-11-01T09:18:13.605992496Z: [    1.236737] PCI: Using ACPI for IRQ routing
[STDERR  ] 2017-11-01T09:18:13.606004806Z: [    1.254407] NetLabel: Initializing
[STDERR  ] 2017-11-01T09:18:13.606018816Z: [    1.254669] NetLabel:  domain hash size = 128
[STDERR  ] 2017-11-01T09:18:13.60603143Z: [    1.254959] NetLabel:  protocols = UNLABELED CIPSOv4
[STDERR  ] 2017-11-01T09:18:13.606044027Z: [    1.256752] NetLabel:  unlabeled traffic allowed by default
[STDERR  ] 2017-11-01T09:18:13.606057098Z: [    1.257660] HPET: 3 timers in total, 0 timers will be used for per-cpu timer
[STDERR  ] 2017-11-01T09:18:13.606069873Z: [    1.258376] hpet0: at MMIO 0xfed00000, IRQs 2, 8, 0
[STDERR  ] 2017-11-01T09:18:13.606084651Z: [    1.258824] hpet0: 3 comparators, 64-bit 100.000000 MHz counter
[STDERR  ] 2017-11-01T09:18:13.606099069Z: [    1.264578] clocksource: Switched to clocksource hpet
[STDERR  ] 2017-11-01T09:18:13.606113628Z: [    1.523068] VFS: Disk quotas dquot_6.6.0
[STDERR  ] 2017-11-01T09:18:13.606125692Z: [    1.523853] VFS: Dquot-cache hash table entries: 512 (order 0, 4096 bytes)
[STDERR  ] 2017-11-01T09:18:13.606139402Z: [    1.526425] FS-Cache: Loaded
[STDERR  ] 2017-11-01T09:18:13.606153598Z: [    1.531409] CacheFiles: Loaded
[STDERR  ] 2017-11-01T09:18:13.606166322Z: [    1.532943] pnp: PnP ACPI init
[STDERR  ] 2017-11-01T09:18:13.606179218Z: [    1.543958] pnp: PnP ACPI: found 5 devices
[STDERR  ] 2017-11-01T09:18:13.606193387Z: [    1.593459] clocksource: acpi_pm: mask: 0xffffff max_cycles: 0xffffff, max_idle_ns: 2085701024 ns
[STDERR  ] 2017-11-01T09:18:13.606205568Z: [    1.596190] NET: Registered protocol family 2
[STDERR  ] 2017-11-01T09:18:13.606218679Z: [    1.603311] TCP established hash table entries: 8192 (order: 4, 65536 bytes)
[STDERR  ] 2017-11-01T09:18:13.606232361Z: [    1.604031] TCP bind hash table entries: 8192 (order: 5, 131072 bytes)
[STDERR  ] 2017-11-01T09:18:13.606246274Z: [    1.604692] TCP: Hash tables configured (established 8192 bind 8192)
[STDERR  ] 2017-11-01T09:18:13.606260732Z: [    1.606640] UDP hash table entries: 512 (order: 2, 16384 bytes)
[STDERR  ] 2017-11-01T09:18:13.606273215Z: [    1.607180] UDP-Lite hash table entries: 512 (order: 2, 16384 bytes)
[STDERR  ] 2017-11-01T09:18:13.606287659Z: [    1.609510] NET: Registered protocol family 1
[STDERR  ] 2017-11-01T09:18:13.606299776Z: [    1.610614] pci 0000:00:01.0: Video device with shadowed ROM at [mem 0x000c0000-0x000dffff]
[STDERR  ] 2017-11-01T09:18:13.606313933Z: [    1.617482] Unpacking initramfs...
[STDERR  ] 2017-11-01T09:18:13.606327822Z: [    5.327095] Freeing initrd memory: 28924K
[STDERR  ] 2017-11-01T09:18:13.606340326Z: [    5.350410] PCLMULQDQ-NI instructions are not detected.
[STDERR  ] 2017-11-01T09:18:13.606353339Z: [    5.351508] AVX or AES-NI instructions are not detected.
[STDERR  ] 2017-11-01T09:18:13.606367472Z: [    5.351890] CPU feature 'AVX registers' is not supported.
[STDERR  ] 2017-11-01T09:18:13.606386833Z: [    5.352243] CPU feature 'AVX registers' is not supported.
[STDERR  ] 2017-11-01T09:18:13.606399667Z: [    5.352586] CPU feature 'AVX registers' is not supported.
[STDERR  ] 2017-11-01T09:18:13.606412518Z: [    5.352926] CPU feature 'AVX registers' is not supported.
[STDERR  ] 2017-11-01T09:18:13.606426597Z: [    5.353265] AVX2 or AES-NI instructions are not detected.
[STDERR  ] 2017-11-01T09:18:13.606438767Z: [    5.353597] AVX2 instructions are not detected.
[STDERR  ] 2017-11-01T09:18:13.606453507Z: [    5.358658] audit: initializing netlink subsys (disabled)
[STDERR  ] 2017-11-01T09:18:13.606470193Z: [    5.360946] audit: type=2000 audit(1509527869.350:1): initialized
[STDERR  ] 2017-11-01T09:18:13.606483965Z: [    5.368076] workingset: timestamp_bits=46 max_order=18 bucket_order=0
[STDERR  ] 2017-11-01T09:18:13.606498292Z: [    5.372948] squashfs: version 4.0 (2009/01/31) Phillip Lougher
[STDERR  ] 2017-11-01T09:18:13.606513597Z: [    5.375199] FS-Cache: Netfs 'cifs' registered for caching
[STDERR  ] 2017-11-01T09:18:13.606527274Z: [    5.376013] fuse init (API version 7.26)
[STDERR  ] 2017-11-01T09:18:13.606540327Z: [    5.378044] SGI XFS with ACLs, security attributes, no debug enabled
[STDERR  ] 2017-11-01T09:18:13.606553524Z: [    5.382335] 9p: Installing v9fs 9p2000 file system support
[STDERR  ] 2017-11-01T09:18:13.606567302Z: [    5.382781] FS-Cache: Netfs '9p' registered for caching
[STDERR  ] 2017-11-01T09:18:13.606579282Z: [    5.418365] NET: Registered protocol family 38
[STDERR  ] 2017-11-01T09:18:13.606593299Z: [    5.418849] Key type asymmetric registered
[STDERR  ] 2017-11-01T09:18:13.606608174Z: [    5.419148] Asymmetric key parser 'x509' registered
[STDERR  ] 2017-11-01T09:18:13.606623505Z: [    5.419832] Block layer SCSI generic (bsg) driver version 0.4 loaded (major 251)
[STDERR  ] 2017-11-01T09:18:13.60663579Z: [    5.421968] io scheduler noop registered
[STDERR  ] 2017-11-01T09:18:13.606648076Z: [    5.422288] io scheduler deadline registered (default)
[STDERR  ] 2017-11-01T09:18:13.606660542Z: [    5.422886] io scheduler cfq registered
[STDERR  ] 2017-11-01T09:18:13.606673165Z: [    5.425288] pci_hotplug: PCI Hot Plug PCI Core version: 0.5
[STDERR  ] 2017-11-01T09:18:13.606685585Z: [    5.425814] pciehp: PCI Express Hot Plug Controller Driver version: 0.4
[STDERR  ] 2017-11-01T09:18:13.606701274Z: [    5.426545] shpchp: Standard Hot Plug PCI Controller Driver version: 0.4
[STDERR  ] 2017-11-01T09:18:13.606714811Z: [    5.427259] hv_vmbus: registering driver hyperv_fb
[STDERR  ] 2017-11-01T09:18:13.606728515Z: [    5.431054] input: Power Button as /devices/LNXSYSTM:00/LNXPWRBN:00/input/input0
[STDERR  ] 2017-11-01T09:18:13.606742082Z: [    5.432032] ACPI: Power Button [PWRF]
[STDERR  ] 2017-11-01T09:18:13.606754834Z: [    5.436505] GHES: HEST is not enabled!
[STDERR  ] 2017-11-01T09:18:13.606768895Z: [    5.447682] ACPI: PCI Interrupt Link [GSIG] enabled at IRQ 22
[STDERR  ] 2017-11-01T09:18:13.606780785Z: [    5.459498] ACPI: PCI Interrupt Link [GSIH] enabled at IRQ 23
[STDERR  ] 2017-11-01T09:18:13.606795309Z: [    5.463502] xenfs: not registering filesystem on non-xen platform
[STDERR  ] 2017-11-01T09:18:13.606818711Z: [    5.465329] Serial: 8250/16550 driver, 4 ports, IRQ sharing disabled
[STDERR  ] 2017-11-01T09:18:13.606834078Z: [    5.490795] 00:04: ttyS0 at I/O 0x3f8 (irq = 4, base_baud = 115200) is a 16550A
[STDERR  ] 2017-11-01T09:18:13.60684679Z: [    5.500946] Non-volatile memory driver v1.3
[STDERR  ] 2017-11-01T09:18:13.606862563Z: [    5.506618] Hangcheck: starting hangcheck timer 0.9.1 (tick is 180 seconds, margin is 60 seconds).
[STDERR  ] 2017-11-01T09:18:13.606877002Z: [    5.510707] random: fast init done
[STDERR  ] 2017-11-01T09:18:13.606888987Z: [    5.511857] random: crng init done
[STDERR  ] 2017-11-01T09:18:13.606903683Z: [    5.546670] loop: module loaded
[STDERR  ] 2017-11-01T09:18:13.606916511Z: [    5.560753] nbd: registered device at major 43
[STDERR  ] 2017-11-01T09:18:13.60693086Z: [    5.601799] lpc_ich 0000:00:1f.0: I/O space for GPIO uninitialized
[STDERR  ] 2017-11-01T09:18:13.606948952Z: [    5.603331] VMware PVSCSI driver - version 1.0.7.0-k
[STDERR  ] 2017-11-01T09:18:13.606962751Z: [    5.603971] hv_vmbus: registering driver hv_storvsc
[STDERR  ] 2017-11-01T09:18:13.606975183Z: [    5.613597] ACPI: PCI Interrupt Link [GSIA] enabled at IRQ 16
[STDERR  ] 2017-11-01T09:18:13.606990967Z: [    5.619532] ahci 0000:00:1f.2: AHCI 0001.0000 32 slots 6 ports 1.5 Gbps 0x3f impl SATA mode
[STDERR  ] 2017-11-01T09:18:13.607006023Z: [    5.620138] ahci 0000:00:1f.2: flags: 64bit ncq only 
[STDERR  ] 2017-11-01T09:18:13.60701837Z: [    5.640551] scsi host0: ahci
[STDERR  ] 2017-11-01T09:18:13.607036743Z: [    5.644040] scsi host1: ahci
[STDERR  ] 2017-11-01T09:18:13.607051172Z: [    5.646222] scsi host2: ahci
[STDERR  ] 2017-11-01T09:18:13.607063577Z: [    5.648270] scsi host3: ahci
[STDERR  ] 2017-11-01T09:18:13.607078675Z: [    5.650596] scsi host4: ahci
[STDERR  ] 2017-11-01T09:18:13.607090694Z: [    5.652688] scsi host5: ahci
[STDERR  ] 2017-11-01T09:18:13.607105639Z: [    5.654371] ata1: SATA max UDMA/133 abar m4096@0xfebd2000 port 0xfebd2100 irq 24
[STDERR  ] 2017-11-01T09:18:13.607118848Z: [    5.654869] ata2: SATA max UDMA/133 abar m4096@0xfebd2000 port 0xfebd2180 irq 24
[STDERR  ] 2017-11-01T09:18:13.607132485Z: [    5.655270] ata3: SATA max UDMA/133 abar m4096@0xfebd2000 port 0xfebd2200 irq 24
[STDERR  ] 2017-11-01T09:18:13.607146391Z: [    5.655667] ata4: SATA max UDMA/133 abar m4096@0xfebd2000 port 0xfebd2280 irq 24
[STDERR  ] 2017-11-01T09:18:13.607159235Z: [    5.656062] ata5: SATA max UDMA/133 abar m4096@0xfebd2000 port 0xfebd2300 irq 24
[STDERR  ] 2017-11-01T09:18:13.607173793Z: [    5.656462] ata6: SATA max UDMA/133 abar m4096@0xfebd2000 port 0xfebd2380 irq 24
[STDERR  ] 2017-11-01T09:18:13.607187055Z: [    5.668620] tun: Universal TUN/TAP device driver, 1.6
[STDERR  ] 2017-11-01T09:18:13.607199359Z: [    5.668925] tun: (C) 1999-2004 Max Krasnyansky <maxk@qualcomm.com>
[STDERR  ] 2017-11-01T09:18:13.607214313Z: [    5.679503] VMware vmxnet3 virtual NIC driver - version 1.4.a.0-k-NAPI
[STDERR  ] 2017-11-01T09:18:13.607227424Z: [    5.680716] hv_vmbus: registering driver hv_netvsc
