[INFO    ] 2017-10-06T13:00:57.80199832Z: Running Test linuxkit.packages.format_mount.xfs in /tmp/build/test/cases/040_packages/006_format_mount/004_xfs
[INFO    ] 2017-10-06T13:00:57.802095823Z: Running command: [/bin/sh -x /tmp/build/test/cases/040_packages/006_format_mount/004_xfs/test.sh]
[STDERR  ] 2017-10-06T13:00:57.828827193Z: + set -e
[STDERR  ] 2017-10-06T13:00:57.828912985Z: + . /tmp/build/test/cases/_lib/lib.sh
[STDERR  ] 2017-10-06T13:00:57.828924964Z: + [ -f src/github.com/linuxkit/rtf/lib/lib.sh ]
[STDERR  ] 2017-10-06T13:00:57.828934947Z: + LINUXKIT_TMPDIR=/tmp/build/test/cases/_tmp
[STDERR  ] 2017-10-06T13:00:57.828945203Z: + [ -f /tmp/build/test/cases/_tmp/env.sh ]
[STDERR  ] 2017-10-06T13:00:57.828954704Z: + . /tmp/build/test/cases/_tmp/env.sh
[STDERR  ] 2017-10-06T13:00:57.82896803Z: + export LINUXKIT_EXAMPLES_DIR=/tmp/build/test/cases/../../examples
[STDERR  ] 2017-10-06T13:00:57.828981321Z: + export LINUXKIT_BLUEPRINTS_DIR=/tmp/build/test/cases/../../blueprints
[STDERR  ] 2017-10-06T13:00:57.828991391Z: + RT_CANCEL=253
[STDERR  ] 2017-10-06T13:00:57.82900116Z: + NAME=test-format
[STDERR  ] 2017-10-06T13:00:57.829027301Z: + DISK=disk.img
[STDERR  ] 2017-10-06T13:00:57.829046784Z: + trap clean_up EXIT
[STDERR  ] 2017-10-06T13:00:57.829057051Z: + moby build -format kernel+initrd -name test-format test.yml
[STDERR  ] 2017-10-06T13:00:57.840623385Z: Extract kernel image: linuxkit/kernel:4.9.52
[STDERR  ] 2017-10-06T13:00:58.969414512Z: time="2017-10-06T13:00:58Z" level=warning msg="certificate with CN Moby CI is near expiry" 
[STDERR  ] 2017-10-06T13:00:58.969548534Z: time="2017-10-06T13:00:58Z" level=warning msg="certificate with CN Rolf Neugebauer is near expiry" 
[STDERR  ] 2017-10-06T13:00:58.989431999Z: time="2017-10-06T13:00:58Z" level=warning msg="certificate with CN Rolf Neugebauer is near expiry" 
[STDERR  ] 2017-10-06T13:00:59.635235868Z: Add init containers:
[STDERR  ] 2017-10-06T13:00:59.6352993Z: Process init image: linuxkit/init:7804129bd06218b72c298139a25698a748d253c6
[STDERR  ] 2017-10-06T13:01:00.720752591Z: time="2017-10-06T13:01:00Z" level=warning msg="certificate with CN Moby CI is near expiry" 
[STDERR  ] 2017-10-06T13:01:00.72093222Z: time="2017-10-06T13:01:00Z" level=warning msg="certificate with CN Rolf Neugebauer is near expiry" 
[STDERR  ] 2017-10-06T13:01:00.724981528Z: time="2017-10-06T13:01:00Z" level=warning msg="certificate with CN Rolf Neugebauer is near expiry" 
[STDERR  ] 2017-10-06T13:01:00.912055494Z: Process init image: linuxkit/runc:a1b564248a0d0b118c11e61db9f84ecf41dd2d2a
[STDERR  ] 2017-10-06T13:01:02.003237246Z: time="2017-10-06T13:01:02Z" level=warning msg="certificate with CN Moby CI is near expiry" 
[STDERR  ] 2017-10-06T13:01:02.003405859Z: time="2017-10-06T13:01:02Z" level=warning msg="certificate with CN Rolf Neugebauer is near expiry" 
[STDERR  ] 2017-10-06T13:01:02.007026796Z: time="2017-10-06T13:01:02Z" level=warning msg="certificate with CN Rolf Neugebauer is near expiry" 
[STDERR  ] 2017-10-06T13:01:02.196334509Z: Add onboot containers:
[STDERR  ] 2017-10-06T13:01:02.196390401Z:   Create OCI config for linuxkit/format:f180a74d878c8c0c86f6208f9311474c91452a79
[STDERR  ] 2017-10-06T13:01:03.22629589Z: time="2017-10-06T13:01:03Z" level=warning msg="certificate with CN Moby CI is near expiry" 
[STDERR  ] 2017-10-06T13:01:03.226471261Z: time="2017-10-06T13:01:03Z" level=warning msg="certificate with CN Rolf Neugebauer is near expiry" 
[STDERR  ] 2017-10-06T13:01:03.22839546Z: time="2017-10-06T13:01:03Z" level=warning msg="certificate with CN Rolf Neugebauer is near expiry" 
[STDERR  ] 2017-10-06T13:01:03.514081355Z:   Create OCI config for linuxkit/mount:96ac4d32d340ac6e4ddfbf506fa3a497d23649da
[STDERR  ] 2017-10-06T13:01:04.617638341Z: time="2017-10-06T13:01:04Z" level=warning msg="certificate with CN Moby CI is near expiry" 
[STDERR  ] 2017-10-06T13:01:04.617791447Z: time="2017-10-06T13:01:04Z" level=warning msg="certificate with CN Rolf Neugebauer is near expiry" 
[STDERR  ] 2017-10-06T13:01:04.619553653Z: time="2017-10-06T13:01:04Z" level=warning msg="certificate with CN Rolf Neugebauer is near expiry" 
[STDERR  ] 2017-10-06T13:01:04.763535253Z:   Create OCI config for alpine:3.6
[STDERR  ] 2017-10-06T13:01:05.934707704Z:   Create OCI config for linuxkit/poweroff:1e9876c682c74d0602b7647c628bb0875fb13998
[STDERR  ] 2017-10-06T13:01:07.000646622Z: time="2017-10-06T13:01:07Z" level=warning msg="certificate with CN Moby CI is near expiry" 
[STDERR  ] 2017-10-06T13:01:07.000850533Z: time="2017-10-06T13:01:07Z" level=warning msg="certificate with CN Rolf Neugebauer is near expiry" 
[STDERR  ] 2017-10-06T13:01:07.002230874Z: time="2017-10-06T13:01:07Z" level=warning msg="certificate with CN Rolf Neugebauer is near expiry" 
[STDERR  ] 2017-10-06T13:01:07.141085917Z: Add files:
[STDERR  ] 2017-10-06T13:01:07.141136074Z:   check.sh
[STDERR  ] 2017-10-06T13:01:07.160401659Z: Create outputs:
[STDERR  ] 2017-10-06T13:01:12.214153698Z:   test-format-kernel test-format-initrd.img test-format-cmdline
[STDERR  ] 2017-10-06T13:01:12.274534085Z: + linuxkit run -disk file=disk.img,size=512M test-format
[STDERR  ] 2017-10-06T13:01:12.293487013Z: Unable to find qemu-system-x86_64 within the $PATH. Using a container
[STDOUT  ] 2017-10-06T13:01:53.899861271Z: [    0.000000] Linux version 4.9.52-linuxkit (root@8c8ea8e3851f) (gcc version 6.3.0 (Alpine 6.3.0) ) #1 SMP Mon Oct 2 14:33:48 UTC 2017
[STDOUT  ] 2017-10-06T13:01:53.899948251Z: [    0.000000] Command line: console=ttyS0
[STDOUT  ] 2017-10-06T13:01:53.899960163Z: [    0.000000] x86/fpu: Legacy x87 FPU detected.
[STDOUT  ] 2017-10-06T13:01:53.899971385Z: [    0.000000] x86/fpu: Using 'eager' FPU context switches.
[STDOUT  ] 2017-10-06T13:01:53.899983735Z: [    0.000000] e820: BIOS-provided physical RAM map:
[STDOUT  ] 2017-10-06T13:01:53.899994915Z: [    0.000000] BIOS-e820: [mem 0x0000000000000000-0x000000000009fbff] usable
[STDERR  ] 2017-10-06T13:01:53.900003089Z: + RESULT=[    0.000000] Linux version 4.9.52-linuxkit (root@8c8ea8e3851f) (gcc version 6.3.0 (Alpine 6.3.0) ) #1 SMP Mon Oct 2 14:33:48 UTC 2017
[STDOUT  ] 2017-10-06T13:01:53.900017791Z: [    0.000000] BIOS-e820: [mem 0x000000000009fc00-0x000000000009ffff] reserved
[STDERR  ] 2017-10-06T13:01:53.900021109Z: [    0.000000] Command line: console=ttyS0
[STDOUT  ] 2017-10-06T13:01:53.900028423Z: [    0.000000] BIOS-e820: [mem 0x00000000000f0000-0x00000000000fffff] reserved
[STDERR  ] 2017-10-06T13:01:53.900031847Z: [    0.000000] x86/fpu: Legacy x87 FPU detected.
[STDOUT  ] 2017-10-06T13:01:53.900038977Z: [    0.000000] BIOS-e820: [mem 0x0000000000100000-0x000000003ffdefff] usable
[STDERR  ] 2017-10-06T13:01:53.900042382Z: [    0.000000] x86/fpu: Using 'eager' FPU context switches.
[STDOUT  ] 2017-10-06T13:01:53.900049117Z: [    0.000000] BIOS-e820: [mem 0x000000003ffdf000-0x000000003fffffff] reserved
[STDERR  ] 2017-10-06T13:01:53.900061201Z: [    0.000000] e820: BIOS-provided physical RAM map:
[STDOUT  ] 2017-10-06T13:01:53.900067957Z: [    0.000000] BIOS-e820: [mem 0x00000000b0000000-0x00000000bfffffff] reserved
[STDERR  ] 2017-10-06T13:01:53.900072167Z: [    0.000000] BIOS-e820: [mem 0x0000000000000000-0x000000000009fbff] usable
[STDERR  ] 2017-10-06T13:01:53.90008318Z: [    0.000000] BIOS-e820: [mem 0x000000000009fc00-0x000000000009ffff] reserved
[STDOUT  ] 2017-10-06T13:01:53.900079277Z: [    0.000000] BIOS-e820: [mem 0x00000000fed1c000-0x00000000fed1ffff] reserved
[STDOUT  ] 2017-10-06T13:01:53.900090976Z: [    0.000000] BIOS-e820: [mem 0x00000000fffc0000-0x00000000ffffffff] reserved
[STDERR  ] 2017-10-06T13:01:53.900093914Z: [    0.000000] BIOS-e820: [mem 0x00000000000f0000-0x00000000000fffff] reserved
[STDOUT  ] 2017-10-06T13:01:53.900104398Z: [    0.000000] NX (Execute Disable) protection: active
[STDERR  ] 2017-10-06T13:01:53.900104172Z: [    0.000000] BIOS-e820: [mem 0x0000000000100000-0x000000003ffdefff] usable
[STDOUT  ] 2017-10-06T13:01:53.90013195Z: [    0.000000] SMBIOS 2.8 present.
[STDERR  ] 2017-10-06T13:01:53.900140082Z: [    0.000000] BIOS-e820: [mem 0x000000003ffdf000-0x000000003fffffff] reserved
[STDOUT  ] 2017-10-06T13:01:53.90014251Z: [    0.000000] e820: last_pfn = 0x3ffdf max_arch_pfn = 0x400000000
[STDOUT  ] 2017-10-06T13:01:53.900157548Z: [    0.000000] x86/PAT: Configuration [0-7]: WB  WC  UC- UC  WB  WC  UC- WT  
[STDERR  ] 2017-10-06T13:01:53.900150132Z: [    0.000000] BIOS-e820: [mem 0x00000000b0000000-0x00000000bfffffff] reserved
[STDOUT  ] 2017-10-06T13:01:53.900168938Z: [    0.000000] found SMP MP-table at [mem 0x000f6aa0-0x000f6aaf] mapped at [ffff917d000f6aa0]
[STDERR  ] 2017-10-06T13:01:53.900170056Z: [    0.000000] BIOS-e820: [mem 0x00000000fed1c000-0x00000000fed1ffff] reserved
[STDOUT  ] 2017-10-06T13:01:53.900182698Z: [    0.000000] RAMDISK: [mem 0x3e130000-0x3ffcffff]
[STDERR  ] 2017-10-06T13:01:53.900178828Z: [    0.000000] BIOS-e820: [mem 0x00000000fffc0000-0x00000000ffffffff] reserved
[STDERR  ] 2017-10-06T13:01:53.900189636Z: [    0.000000] NX (Execute Disable) protection: active
[STDOUT  ] 2017-10-06T13:01:53.900192538Z: [    0.000000] ACPI: Early table checksum verification disabled
[STDERR  ] 2017-10-06T13:01:53.900199668Z: [    0.000000] SMBIOS 2.8 present.
[STDOUT  ] 2017-10-06T13:01:53.900206576Z: [    0.000000] ACPI: RSDP 0x00000000000F68C0 000014 (v00 BOCHS )
[STDERR  ] 2017-10-06T13:01:53.900210036Z: [    0.000000] e820: last_pfn = 0x3ffdf max_arch_pfn = 0x400000000
[STDERR  ] 2017-10-06T13:01:53.900219602Z: [    0.000000] x86/PAT: Configuration [0-7]: WB  WC  UC- UC  WB  WC  UC- WT  
[STDOUT  ] 2017-10-06T13:01:53.900215808Z: [    0.000000] ACPI: RSDT 0x000000003FFE2404 000034 (v01 BOCHS  BXPCRSDT 00000001 BXPC 00000001)
[STDOUT  ] 2017-10-06T13:01:53.900226723Z: [    0.000000] ACPI: FACP 0x000000003FFE22A4 000074 (v01 BOCHS  BXPCFACP 00000001 BXPC 00000001)
[STDERR  ] 2017-10-06T13:01:53.90022905Z: [    0.000000] found SMP MP-table at [mem 0x000f6aa0-0x000f6aaf] mapped at [ffff917d000f6aa0]
[STDOUT  ] 2017-10-06T13:01:53.900236058Z: [    0.000000] ACPI: DSDT 0x000000003FFE0040 002264 (v01 BOCHS  BXPCDSDT 00000001 BXPC 00000001)
[STDERR  ] 2017-10-06T13:01:53.900239433Z: [    0.000000] RAMDISK: [mem 0x3e130000-0x3ffcffff]
[STDERR  ] 2017-10-06T13:01:53.900250304Z: [    0.000000] ACPI: Early table checksum verification disabled
[STDOUT  ] 2017-10-06T13:01:53.900248786Z: [    0.000000] ACPI: FACS 0x000000003FFE0000 000040
[STDOUT  ] 2017-10-06T13:01:53.900258432Z: [    0.000000] ACPI: APIC 0x000000003FFE2318 000078 (v01 BOCHS  BXPCAPIC 00000001 BXPC 00000001)
[STDERR  ] 2017-10-06T13:01:53.900259408Z: [    0.000000] ACPI: RSDP 0x00000000000F68C0 000014 (v00 BOCHS )
[STDOUT  ] 2017-10-06T13:01:53.900268113Z: [    0.000000] ACPI: HPET 0x000000003FFE2390 000038 (v01 BOCHS  BXPCHPET 00000001 BXPC 00000001)
[STDERR  ] 2017-10-06T13:01:53.900272724Z: [    0.000000] ACPI: RSDT 0x000000003FFE2404 000034 (v01 BOCHS  BXPCRSDT 00000001 BXPC 00000001)
[STDOUT  ] 2017-10-06T13:01:53.900277776Z: [    0.000000] ACPI: MCFG 0x000000003FFE23C8 00003C (v01 BOCHS  BXPCMCFG 00000001 BXPC 00000001)
[STDERR  ] 2017-10-06T13:01:53.90028264Z: [    0.000000] ACPI: FACP 0x000000003FFE22A4 000074 (v01 BOCHS  BXPCFACP 00000001 BXPC 00000001)
[STDOUT  ] 2017-10-06T13:01:53.90028744Z: [    0.000000] Zone ranges:
[STDERR  ] 2017-10-06T13:01:53.900292678Z: [    0.000000] ACPI: DSDT 0x000000003FFE0040 002264 (v01 BOCHS  BXPCDSDT 00000001 BXPC 00000001)
[STDOUT  ] 2017-10-06T13:01:53.900297082Z: [    0.000000]   DMA      [mem 0x0000000000001000-0x0000000000ffffff]
[STDERR  ] 2017-10-06T13:01:53.900302033Z: [    0.000000] ACPI: FACS 0x000000003FFE0000 000040
[STDOUT  ] 2017-10-06T13:01:53.900308482Z: [    0.000000]   DMA32    [mem 0x0000000001000000-0x000000003ffdefff]
[STDOUT  ] 2017-10-06T13:01:53.900319288Z: [    0.000000]   Normal   empty
[STDERR  ] 2017-10-06T13:01:53.900317878Z: [    0.000000] ACPI: APIC 0x000000003FFE2318 000078 (v01 BOCHS  BXPCAPIC 00000001 BXPC 00000001)
[STDOUT  ] 2017-10-06T13:01:53.900333188Z: [    0.000000] Movable zone start for each node
[STDERR  ] 2017-10-06T13:01:53.900336418Z: [    0.000000] ACPI: HPET 0x000000003FFE2390 000038 (v01 BOCHS  BXPCHPET 00000001 BXPC 00000001)
[STDOUT  ] 2017-10-06T13:01:53.900342278Z: [    0.000000] Early memory node ranges
[STDERR  ] 2017-10-06T13:01:53.900346018Z: [    0.000000] ACPI: MCFG 0x000000003FFE23C8 00003C (v01 BOCHS  BXPCMCFG 00000001 BXPC 00000001)
[STDOUT  ] 2017-10-06T13:01:53.900360634Z: [    0.000000]   node   0: [mem 0x0000000000001000-0x000000000009efff]
[STDERR  ] 2017-10-06T13:01:53.900362008Z: [    0.000000] Zone ranges:
[STDOUT  ] 2017-10-06T13:01:53.900371112Z: [    0.000000]   node   0: [mem 0x0000000000100000-0x000000003ffdefff]
[STDERR  ] 2017-10-06T13:01:53.900372528Z: [    0.000000]   DMA      [mem 0x0000000000001000-0x0000000000ffffff]
[STDOUT  ] 2017-10-06T13:01:53.900380678Z: [    0.000000] Initmem setup node 0 [mem 0x0000000000001000-0x000000003ffdefff]
[STDERR  ] 2017-10-06T13:01:53.900390696Z: [    0.000000]   DMA32    [mem 0x0000000001000000-0x000000003ffdefff]
[STDOUT  ] 2017-10-06T13:01:53.900392112Z: [    0.000000] ACPI: PM-Timer IO Port: 0x608
[STDOUT  ] 2017-10-06T13:01:53.90040181Z: [    0.000000] ACPI: LAPIC_NMI (acpi_id[0xff] dfl dfl lint[0x1])
[STDERR  ] 2017-10-06T13:01:53.900400334Z: [    0.000000]   Normal   empty
[STDOUT  ] 2017-10-06T13:01:53.900410708Z: [    0.000000] IOAPIC[0]: apic_id 0, version 32, address 0xfec00000, GSI 0-23
[STDERR  ] 2017-10-06T13:01:53.900410368Z: [    0.000000] Movable zone start for each node
[STDERR  ] 2017-10-06T13:01:53.90041947Z: [    0.000000] Early memory node ranges
[STDOUT  ] 2017-10-06T13:01:53.900420313Z: [    0.000000] ACPI: INT_SRC_OVR (bus 0 bus_irq 0 global_irq 2 dfl dfl)
[STDERR  ] 2017-10-06T13:01:53.900428624Z: [    0.000000]   node   0: [mem 0x0000000000001000-0x000000000009efff]
[STDOUT  ] 2017-10-06T13:01:53.900435116Z: [    0.000000] ACPI: INT_SRC_OVR (bus 0 bus_irq 5 global_irq 5 high level)
[STDERR  ] 2017-10-06T13:01:53.900437984Z: [    0.000000]   node   0: [mem 0x0000000000100000-0x000000003ffdefff]
[STDOUT  ] 2017-10-06T13:01:53.900444204Z: [    0.000000] ACPI: INT_SRC_OVR (bus 0 bus_irq 9 global_irq 9 high level)
[STDERR  ] 2017-10-06T13:01:53.900447144Z: [    0.000000] Initmem setup node 0 [mem 0x0000000000001000-0x000000003ffdefff]
[STDERR  ] 2017-10-06T13:01:53.900456688Z: [    0.000000] ACPI: PM-Timer IO Port: 0x608
[STDOUT  ] 2017-10-06T13:01:53.900453606Z: [    0.000000] ACPI: INT_SRC_OVR (bus 0 bus_irq 10 global_irq 10 high level)
[STDERR  ] 2017-10-06T13:01:53.900466418Z: [    0.000000] ACPI: LAPIC_NMI (acpi_id[0xff] dfl dfl lint[0x1])
[STDOUT  ] 2017-10-06T13:01:53.900467902Z: [    0.000000] ACPI: INT_SRC_OVR (bus 0 bus_irq 11 global_irq 11 high level)
[STDERR  ] 2017-10-06T13:01:53.900476156Z: [    0.000000] IOAPIC[0]: apic_id 0, version 32, address 0xfec00000, GSI 0-23
[STDOUT  ] 2017-10-06T13:01:53.90047766Z: [    0.000000] Using ACPI (MADT) for SMP configuration information
[STDERR  ] 2017-10-06T13:01:53.90048534Z: [    0.000000] ACPI: INT_SRC_OVR (bus 0 bus_irq 0 global_irq 2 dfl dfl)
[STDOUT  ] 2017-10-06T13:01:53.900486884Z: [    0.000000] ACPI: HPET id: 0x8086a201 base: 0xfed00000
[STDERR  ] 2017-10-06T13:01:53.900494578Z: [    0.000000] ACPI: INT_SRC_OVR (bus 0 bus_irq 5 global_irq 5 high level)
[STDOUT  ] 2017-10-06T13:01:53.900496013Z: [    0.000000] smpboot: Allowing 1 CPUs, 0 hotplug CPUs
[STDERR  ] 2017-10-06T13:01:53.900503838Z: [    0.000000] ACPI: INT_SRC_OVR (bus 0 bus_irq 9 global_irq 9 high level)
[STDOUT  ] 2017-10-06T13:01:53.900505154Z: [    0.000000] e820: [mem 0x40000000-0xafffffff] available for PCI devices
[STDERR  ] 2017-10-06T13:01:53.900513218Z: [    0.000000] ACPI: INT_SRC_OVR (bus 0 bus_irq 10 global_irq 10 high level)
[STDOUT  ] 2017-10-06T13:01:53.900514666Z: [    0.000000] Booting paravirtualized kernel on bare hardware
[STDOUT  ] 2017-10-06T13:01:53.900523528Z: [    0.000000] clocksource: refined-jiffies: mask: 0xffffffff max_cycles: 0xffffffff, max_idle_ns: 19112604462750000 ns
[STDERR  ] 2017-10-06T13:01:53.900528193Z: [    0.000000] ACPI: INT_SRC_OVR (bus 0 bus_irq 11 global_irq 11 high level)
[STDOUT  ] 2017-10-06T13:01:53.900542222Z: [    0.000000] setup_percpu: NR_CPUS:128 nr_cpumask_bits:128 nr_cpu_ids:1 nr_node_ids:1
[STDERR  ] 2017-10-06T13:01:53.900543733Z: [    0.000000] Using ACPI (MADT) for SMP configuration information
[STDOUT  ] 2017-10-06T13:01:53.90055154Z: [    0.000000] percpu: Embedded 35 pages/cpu @ffff917d3de00000 s105240 r8192 d29928 u2097152
[STDOUT  ] 2017-10-06T13:01:53.900561044Z: [    0.000000] Built 1 zonelists in Zone order, mobility grouping on.  Total pages: 257896
[STDERR  ] 2017-10-06T13:01:53.90055767Z: [    0.000000] ACPI: HPET id: 0x8086a201 base: 0xfed00000
[STDERR  ] 2017-10-06T13:01:53.900567588Z: [    0.000000] smpboot: Allowing 1 CPUs, 0 hotplug CPUs
[STDOUT  ] 2017-10-06T13:01:53.900570378Z: [    0.000000] Kernel command line: console=ttyS0
[STDERR  ] 2017-10-06T13:01:53.900577116Z: [    0.000000] e820: [mem 0x40000000-0xafffffff] available for PCI devices
[STDOUT  ] 2017-10-06T13:01:53.900579618Z: [    0.000000] PID hash table entries: 4096 (order: 3, 32768 bytes)
[STDOUT  ] 2017-10-06T13:01:53.9005909Z: [    0.000000] Dentry cache hash table entries: 131072 (order: 8, 1048576 bytes)
[STDERR  ] 2017-10-06T13:01:53.900586346Z: [    0.000000] Booting paravirtualized kernel on bare hardware
[STDOUT  ] 2017-10-06T13:01:53.900600183Z: [    0.000000] Inode-cache hash table entries: 65536 (order: 7, 524288 bytes)
[STDERR  ] 2017-10-06T13:01:53.900603846Z: [    0.000000] clocksource: refined-jiffies: mask: 0xffffffff max_cycles: 0xffffffff, max_idle_ns: 19112604462750000 ns
[STDERR  ] 2017-10-06T13:01:53.900616936Z: [    0.000000] setup_percpu: NR_CPUS:128 nr_cpumask_bits:128 nr_cpu_ids:1 nr_node_ids:1
[STDERR  ] 2017-10-06T13:01:53.900625943Z: [    0.000000] percpu: Embedded 35 pages/cpu @ffff917d3de00000 s105240 r8192 d29928 u2097152
[STDERR  ] 2017-10-06T13:01:53.900634792Z: [    0.000000] Built 1 zonelists in Zone order, mobility grouping on.  Total pages: 257896
[STDERR  ] 2017-10-06T13:01:53.900643843Z: [    0.000000] Kernel command line: console=ttyS0
[STDOUT  ] 2017-10-06T13:01:53.900648466Z: [    0.000000] Memory: 982812K/1048052K available (8035K kernel code, 1367K rwdata, 2696K rodata, 1380K init, 568K bss, 65240K reserved, 0K cma-reserved)
[STDERR  ] 2017-10-06T13:01:53.900653Z: [    0.000000] PID hash table entries: 4096 (order: 3, 32768 bytes)
[STDOUT  ] 2017-10-06T13:01:53.900661728Z: [    0.000000] Hierarchical RCU implementation.
[STDERR  ] 2017-10-06T13:01:53.900669472Z: [    0.000000] Dentry cache hash table entries: 131072 (order: 8, 1048576 bytes)
[STDOUT  ] 2017-10-06T13:01:53.90067076Z: [    0.000000] 	Build-time adjustment of leaf fanout to 64.
[STDERR  ] 2017-10-06T13:01:53.900679253Z: [    0.000000] Inode-cache hash table entries: 65536 (order: 7, 524288 bytes)
[STDOUT  ] 2017-10-06T13:01:53.900680604Z: [    0.000000] 	RCU restricting CPUs from NR_CPUS=128 to nr_cpu_ids=1.
[STDOUT  ] 2017-10-06T13:01:53.90068966Z: [    0.000000] RCU: Adjusting geometry for rcu_fanout_leaf=64, nr_cpu_ids=1
[STDERR  ] 2017-10-06T13:01:53.90069008Z: [    0.000000] Memory: 982812K/1048052K available (8035K kernel code, 1367K rwdata, 2696K rodata, 1380K init, 568K bss, 65240K reserved, 0K cma-reserved)
[STDOUT  ] 2017-10-06T13:01:53.900698964Z: [    0.000000] NR_IRQS:8448 nr_irqs:256 16
[STDERR  ] 2017-10-06T13:01:53.900702338Z: [    0.000000] Hierarchical RCU implementation.
[STDERR  ] 2017-10-06T13:01:53.900711676Z: [    0.000000] 	Build-time adjustment of leaf fanout to 64.
[STDOUT  ] 2017-10-06T13:01:53.900708816Z: [    0.000000] Console: colour VGA+ 80x25
[STDOUT  ] 2017-10-06T13:01:53.900718Z: [    0.000000] console [ttyS0] enabled
[STDERR  ] 2017-10-06T13:01:53.90072106Z: [    0.000000] 	RCU restricting CPUs from NR_CPUS=128 to nr_cpu_ids=1.
[STDERR  ] 2017-10-06T13:01:53.900730278Z: [    0.000000] RCU: Adjusting geometry for rcu_fanout_leaf=64, nr_cpu_ids=1
[STDOUT  ] 2017-10-06T13:01:53.9007273Z: [    0.000000] clocksource: hpet: mask: 0xffffffff max_cycles: 0xffffffff, max_idle_ns: 19112604467 ns
[STDERR  ] 2017-10-06T13:01:53.900739702Z: [    0.000000] NR_IRQS:8448 nr_irqs:256 16
[STDOUT  ] 2017-10-06T13:01:53.900742002Z: [    0.000000] tsc: Fast TSC calibration using PIT
[STDERR  ] 2017-10-06T13:01:53.90074896Z: [    0.000000] Console: colour VGA+ 80x25
[STDOUT  ] 2017-10-06T13:01:53.90075121Z: [    0.000000] tsc: Detected 2599.982 MHz processor
[STDOUT  ] 2017-10-06T13:01:53.900763458Z: [    0.022245] Calibrating delay loop (skipped), value calculated using timer frequency.. 5199.96 BogoMIPS (lpj=25999820)
[STDERR  ] 2017-10-06T13:01:53.900762088Z: [    0.000000] console [ttyS0] enabled
[STDERR  ] 2017-10-06T13:01:53.90077136Z: [    0.000000] clocksource: hpet: mask: 0xffffffff max_cycles: 0xffffffff, max_idle_ns: 19112604467 ns
[STDOUT  ] 2017-10-06T13:01:53.900773528Z: [    0.023632] pid_max: default: 32768 minimum: 301
[STDERR  ] 2017-10-06T13:01:53.900781326Z: [    0.000000] tsc: Fast TSC calibration using PIT
[STDOUT  ] 2017-10-06T13:01:53.90078279Z: [    0.030674] ACPI: Core revision 20160831
[STDERR  ] 2017-10-06T13:01:53.900790613Z: [    0.000000] tsc: Detected 2599.982 MHz processor
[STDOUT  ] 2017-10-06T13:01:53.90079214Z: [    0.073780] ACPI: 1 ACPI AML tables successfully acquired and loaded
[STDOUT  ] 2017-10-06T13:01:53.900801646Z: [    0.078664] Security Framework initialized
[STDERR  ] 2017-10-06T13:01:53.900799993Z: [    0.022245] Calibrating delay loop (skipped), value calculated using timer frequency.. 5199.96 BogoMIPS (lpj=25999820)
[STDOUT  ] 2017-10-06T13:01:53.900810724Z: [    0.079113] Yama: becoming mindful.
[STDERR  ] 2017-10-06T13:01:53.900815364Z: [    0.023632] pid_max: default: 32768 minimum: 301
[STDERR  ] 2017-10-06T13:01:53.900825583Z: [    0.030674] ACPI: Core revision 20160831
[STDOUT  ] 2017-10-06T13:01:53.900823812Z: [    0.081420] Mount-cache hash table entries: 2048 (order: 2, 16384 bytes)
[STDOUT  ] 2017-10-06T13:01:53.90083333Z: [    0.082007] Mountpoint-cache hash table entries: 2048 (order: 2, 16384 bytes)
[STDERR  ] 2017-10-06T13:01:53.90083456Z: [    0.073780] ACPI: 1 ACPI AML tables successfully acquired and loaded
[STDOUT  ] 2017-10-06T13:01:53.900842648Z: [    0.100722] Last level iTLB entries: 4KB 0, 2MB 0, 4MB 0
[STDERR  ] 2017-10-06T13:01:53.90084356Z: [    0.078664] Security Framework initialized
[STDOUT  ] 2017-10-06T13:01:53.900852024Z: [    0.101249] Last level dTLB entries: 4KB 0, 2MB 0, 4MB 0, 1GB 0
[STDERR  ] 2017-10-06T13:01:53.90085366Z: [    0.079113] Yama: becoming mindful.
[STDOUT  ] 2017-10-06T13:01:53.900861202Z: [    0.394935] Freeing SMP alternatives memory: 20K
[STDERR  ] 2017-10-06T13:01:53.900862832Z: [    0.081420] Mount-cache hash table entries: 2048 (order: 2, 16384 bytes)
[STDOUT  ] 2017-10-06T13:01:53.900870462Z: [    0.405249] ftrace: allocating 35516 entries in 139 pages
[STDERR  ] 2017-10-06T13:01:53.900875998Z: [    0.082007] Mountpoint-cache hash table entries: 2048 (order: 2, 16384 bytes)
[STDOUT  ] 2017-10-06T13:01:53.900880173Z: [    0.560615] smpboot: Max logical packages: 1
[STDERR  ] 2017-10-06T13:01:53.900885088Z: [    0.100722] Last level iTLB entries: 4KB 0, 2MB 0, 4MB 0
[STDOUT  ] 2017-10-06T13:01:53.900889664Z: [    0.567649] ..TIMER: vector=0x30 apic1=0 pin1=2 apic2=-1 pin2=-1
[STDERR  ] 2017-10-06T13:01:53.900894412Z: [    0.101249] Last level dTLB entries: 4KB 0, 2MB 0, 4MB 0, 1GB 0
[STDERR  ] 2017-10-06T13:01:53.900903466Z: [    0.394935] Freeing SMP alternatives memory: 20K
[STDOUT  ] 2017-10-06T13:01:53.900898768Z: [    0.670000] smpboot: CPU0: AMD QEMU Virtual CPU version 2.5+ (family: 0x6, model: 0x6, stepping: 0x3)
[STDOUT  ] 2017-10-06T13:01:53.900909794Z: [    0.670000] Performance Events: PMU not available due to virtualization, using software events only.
[STDERR  ] 2017-10-06T13:01:53.900912548Z: [    0.405249] ftrace: allocating 35516 entries in 139 pages
[STDERR  ] 2017-10-06T13:01:53.900921918Z: [    0.560615] smpboot: Max logical packages: 1
[STDOUT  ] 2017-10-06T13:01:53.90092351Z: [    0.678985] NMI watchdog: disabled (cpu0): hardware events not enabled
[STDERR  ] 2017-10-06T13:01:53.900931542Z: [    0.567649] ..TIMER: vector=0x30 apic1=0 pin1=2 apic2=-1 pin2=-1
[STDOUT  ] 2017-10-06T13:01:53.900937298Z: [    0.679232] NMI watchdog: Shutting down hard lockup detector on all cpus
[STDOUT  ] 2017-10-06T13:01:53.900946813Z: [    0.683403] x86: Booted up 1 node, 1 CPUs
[STDERR  ] 2017-10-06T13:01:53.900941078Z: [    0.670000] smpboot: CPU0: AMD QEMU Virtual CPU version 2.5+ (family: 0x6, model: 0x6, stepping: 0x3)
[STDOUT  ] 2017-10-06T13:01:53.900960383Z: [    0.683904] smpboot: Total of 1 processors activated (5199.96 BogoMIPS)
[STDERR  ] 2017-10-06T13:01:53.900962294Z: [    0.670000] Performance Events: PMU not available due to virtualization, using software events only.
[STDOUT  ] 2017-10-06T13:01:53.900970216Z: [    0.697575] devtmpfs: initialized
[STDERR  ] 2017-10-06T13:01:53.900971946Z: [    0.678985] NMI watchdog: disabled (cpu0): hardware events not enabled
[STDERR  ] 2017-10-06T13:01:53.900981213Z: [    0.679232] NMI watchdog: Shutting down hard lockup detector on all cpus
[STDOUT  ] 2017-10-06T13:01:53.900979303Z: [    0.704492] x86/mm: Memory block size: 128MB
[STDOUT  ] 2017-10-06T13:01:53.900988602Z: [    0.764546] clocksource: jiffies: mask: 0xffffffff max_cycles: 0xffffffff, max_idle_ns: 19112604462750000 ns
[STDERR  ] 2017-10-06T13:01:53.900990298Z: [    0.683403] x86: Booted up 1 node, 1 CPUs
[STDERR  ] 2017-10-06T13:01:53.900999953Z: [    0.683904] smpboot: Total of 1 processors activated (5199.96 BogoMIPS)
[STDOUT  ] 2017-10-06T13:01:53.900998538Z: [    0.767099] futex hash table entries: 256 (order: 2, 16384 bytes)
[STDOUT  ] 2017-10-06T13:01:53.901007776Z: [    0.775786] NET: Registered protocol family 16
[STDERR  ] 2017-10-06T13:01:53.90100906Z: [    0.697575] devtmpfs: initialized
[STDERR  ] 2017-10-06T13:01:53.901018369Z: [    0.704492] x86/mm: Memory block size: 128MB
[STDOUT  ] 2017-10-06T13:01:53.901017049Z: [    0.785373] cpuidle: using governor ladder
[STDERR  ] 2017-10-06T13:01:53.901027734Z: [    0.764546] clocksource: jiffies: mask: 0xffffffff max_cycles: 0xffffffff, max_idle_ns: 19112604462750000 ns
[STDOUT  ] 2017-10-06T13:01:53.901030444Z: [    0.785860] cpuidle: using governor menu
[STDERR  ] 2017-10-06T13:01:53.901037279Z: [    0.767099] futex hash table entries: 256 (order: 2, 16384 bytes)
[STDOUT  ] 2017-10-06T13:01:53.901039589Z: [    0.787442] ACPI: bus type PCI registered
[STDOUT  ] 2017-10-06T13:01:53.901048659Z: [    0.792323] PCI: MMCONFIG for domain 0000 [bus 00-ff] at [mem 0xb0000000-0xbfffffff] (base 0xb0000000)
[STDERR  ] 2017-10-06T13:01:53.901046397Z: [    0.775786] NET: Registered protocol family 16
[STDOUT  ] 2017-10-06T13:01:53.901058144Z: [    0.793079] PCI: MMCONFIG at [mem 0xb0000000-0xbfffffff] reserved in E820
[STDERR  ] 2017-10-06T13:01:53.901060187Z: [    0.785373] cpuidle: using governor ladder
[STDERR  ] 2017-10-06T13:01:53.901069543Z: [    0.785860] cpuidle: using governor menu
[STDOUT  ] 2017-10-06T13:01:53.901070821Z: [    0.794520] PCI: Using configuration type 1 for base access
[STDERR  ] 2017-10-06T13:01:53.901078605Z: [    0.787442] ACPI: bus type PCI registered
[STDOUT  ] 2017-10-06T13:01:53.901080095Z: [    0.849277] HugeTLB registered 2 MB page size, pre-allocated 0 pages
[STDOUT  ] 2017-10-06T13:01:53.901089193Z: [    0.861405] ACPI: Added _OSI(Module Device)
[STDERR  ] 2017-10-06T13:01:53.901087641Z: [    0.792323] PCI: MMCONFIG for domain 0000 [bus 00-ff] at [mem 0xb0000000-0xbfffffff] (base 0xb0000000)
[STDERR  ] 2017-10-06T13:01:53.901097517Z: [    0.793079] PCI: MMCONFIG at [mem 0xb0000000-0xbfffffff] reserved in E820
[STDOUT  ] 2017-10-06T13:01:53.901097885Z: [    0.861912] ACPI: Added _OSI(Processor Device)
[STDERR  ] 2017-10-06T13:01:53.901114719Z: [    0.794520] PCI: Using configuration type 1 for base access
[STDOUT  ] 2017-10-06T13:01:53.901116129Z: [    0.862290] ACPI: Added _OSI(3.0 _SCP Extensions)
[STDERR  ] 2017-10-06T13:01:53.901124691Z: [    0.849277] HugeTLB registered 2 MB page size, pre-allocated 0 pages
[STDOUT  ] 2017-10-06T13:01:53.901126117Z: [    0.862602] ACPI: Added _OSI(Processor Aggregator Device)
[STDERR  ] 2017-10-06T13:01:53.901137029Z: [    0.861405] ACPI: Added _OSI(Module Device)
[STDOUT  ] 2017-10-06T13:01:53.901139827Z: [    0.932731] ACPI: Interpreter enabled
[STDERR  ] 2017-10-06T13:01:53.901146153Z: [    0.861912] ACPI: Added _OSI(Processor Device)
[STDOUT  ] 2017-10-06T13:01:53.901148917Z: [    0.933685] ACPI: (supports S0 S5)
[STDERR  ] 2017-10-06T13:01:53.901156905Z: [    0.862290] ACPI: Added _OSI(3.0 _SCP Extensions)
[STDOUT  ] 2017-10-06T13:01:53.901161733Z: [    0.934033] ACPI: Using IOAPIC for interrupt routing
[STDERR  ] 2017-10-06T13:01:53.901168397Z: [    0.862602] ACPI: Added _OSI(Processor Aggregator Device)
[STDERR  ] 2017-10-06T13:01:53.901177649Z: [    0.932731] ACPI: Interpreter enabled
[STDOUT  ] 2017-10-06T13:01:53.901175409Z: [    0.936818] PCI: Using host bridge windows from ACPI; if necessary, use "pci=nocrs" and report a bug
[STDOUT  ] 2017-10-06T13:01:53.901189467Z: [    0.997634] ACPI: PCI Root Bridge [PCI0] (domain 0000 [bus 00-ff])
[STDERR  ] 2017-10-06T13:01:53.901187229Z: [    0.933685] ACPI: (supports S0 S5)
[STDERR  ] 2017-10-06T13:01:53.901196557Z: [    0.934033] ACPI: Using IOAPIC for interrupt routing
[STDOUT  ] 2017-10-06T13:01:53.901198559Z: [    0.998880] acpi PNP0A08:00: _OSC: OS supports [ExtendedConfig ASPM ClockPM Segments MSI]
[STDERR  ] 2017-10-06T13:01:53.901205775Z: [    0.936818] PCI: Using host bridge windows from ACPI; if necessary, use "pci=nocrs" and report a bug
[STDOUT  ] 2017-10-06T13:01:53.901207789Z: [    1.005473] acpi PNP0A08:00: _OSC: OS now controls [PCIeHotplug PME PCIeCapability]
[STDERR  ] 2017-10-06T13:01:53.901215649Z: [    0.997634] ACPI: PCI Root Bridge [PCI0] (domain 0000 [bus 00-ff])
[STDOUT  ] 2017-10-06T13:01:53.901216924Z: [    1.009164] PCI host bridge to bus 0000:00
[STDERR  ] 2017-10-06T13:01:53.901224949Z: [    0.998880] acpi PNP0A08:00: _OSC: OS supports [ExtendedConfig ASPM ClockPM Segments MSI]
[STDOUT  ] 2017-10-06T13:01:53.901226359Z: [    1.009695] pci_bus 0000:00: root bus resource [io  0x0000-0x0cf7 window]
[STDERR  ] 2017-10-06T13:01:53.901234379Z: [    1.005473] acpi PNP0A08:00: _OSC: OS now controls [PCIeHotplug PME PCIeCapability]
[STDOUT  ] 2017-10-06T13:01:53.901235835Z: [    1.010606] pci_bus 0000:00: root bus resource [io  0x0d00-0xffff window]
[STDERR  ] 2017-10-06T13:01:53.901243584Z: [    1.009164] PCI host bridge to bus 0000:00
[STDOUT  ] 2017-10-06T13:01:53.901245039Z: [    1.011063] pci_bus 0000:00: root bus resource [mem 0x000a0000-0x000bffff window]
[STDERR  ] 2017-10-06T13:01:53.901253029Z: [    1.009695] pci_bus 0000:00: root bus resource [io  0x0000-0x0cf7 window]
[STDOUT  ] 2017-10-06T13:01:53.901256157Z: [    1.011513] pci_bus 0000:00: root bus resource [mem 0xc0000000-0xfebfffff window]
[STDERR  ] 2017-10-06T13:01:53.901262687Z: [    1.010606] pci_bus 0000:00: root bus resource [io  0x0d00-0xffff window]
[STDOUT  ] 2017-10-06T13:01:53.901265547Z: [    1.012189] pci_bus 0000:00: root bus resource [bus 00-ff]
[STDOUT  ] 2017-10-06T13:01:53.901274764Z: [    1.118991] pci 0000:00:1f.0: quirk: [io  0x0600-0x067f] claimed by ICH6 ACPI/GPIO/TCO
[STDERR  ] 2017-10-06T13:01:53.901271593Z: [    1.011063] pci_bus 0000:00: root bus resource [mem 0x000a0000-0x000bffff window]
[STDOUT  ] 2017-10-06T13:01:53.901284227Z: [    1.181384] ACPI: PCI Interrupt Link [LNKA] (IRQs 5 *10 11)
[STDERR  ] 2017-10-06T13:01:53.901285765Z: [    1.011513] pci_bus 0000:00: root bus resource [mem 0xc0000000-0xfebfffff window]
[STDERR  ] 2017-10-06T13:01:53.901294763Z: [    1.012189] pci_bus 0000:00: root bus resource [bus 00-ff]
[STDOUT  ] 2017-10-06T13:01:53.901293573Z: [    1.184084] ACPI: PCI Interrupt Link [LNKB] (IRQs 5 *10 11)
[STDOUT  ] 2017-10-06T13:01:53.901302679Z: [    1.186446] ACPI: PCI Interrupt Link [LNKC] (IRQs 5 10 *11)
[STDERR  ] 2017-10-06T13:01:53.901303735Z: [    1.118991] pci 0000:00:1f.0: quirk: [io  0x0600-0x067f] claimed by ICH6 ACPI/GPIO/TCO
[STDERR  ] 2017-10-06T13:01:53.901313275Z: [    1.181384] ACPI: PCI Interrupt Link [LNKA] (IRQs 5 *10 11)
[STDOUT  ] 2017-10-06T13:01:53.901312055Z: [    1.188836] ACPI: PCI Interrupt Link [LNKD] (IRQs 5 10 *11)
[STDERR  ] 2017-10-06T13:01:53.901323037Z: [    1.184084] ACPI: PCI Interrupt Link [LNKB] (IRQs 5 *10 11)
[STDOUT  ] 2017-10-06T13:01:53.901325935Z: [    1.191588] ACPI: PCI Interrupt Link [LNKE] (IRQs 5 *10 11)
[STDERR  ] 2017-10-06T13:01:53.901332051Z: [    1.186446] ACPI: PCI Interrupt Link [LNKC] (IRQs 5 10 *11)
[STDOUT  ] 2017-10-06T13:01:53.901335224Z: [    1.193384] ACPI: PCI Interrupt Link [LNKF] (IRQs 5 *10 11)
[STDERR  ] 2017-10-06T13:01:53.901344863Z: [    1.188836] ACPI: PCI Interrupt Link [LNKD] (IRQs 5 10 *11)
[STDOUT  ] 2017-10-06T13:01:53.901346159Z: [    1.195262] ACPI: PCI Interrupt Link [LNKG] (IRQs 5 10 *11)
[STDERR  ] 2017-10-06T13:01:53.901354494Z: [    1.191588] ACPI: PCI Interrupt Link [LNKE] (IRQs 5 *10 11)
[STDOUT  ] 2017-10-06T13:01:53.901356035Z: [    1.198056] ACPI: PCI Interrupt Link [LNKH] (IRQs 5 10 *11)
[STDERR  ] 2017-10-06T13:01:53.901363549Z: [    1.193384] ACPI: PCI Interrupt Link [LNKF] (IRQs 5 *10 11)
[STDOUT  ] 2017-10-06T13:01:53.901365165Z: [    1.199194] ACPI: PCI Interrupt Link [GSIA] (IRQs *16)
[STDOUT  ] 2017-10-06T13:01:53.901374343Z: [    1.200204] ACPI: PCI Interrupt Link [GSIB] (IRQs *17)
[STDERR  ] 2017-10-06T13:01:53.901376719Z: [    1.195262] ACPI: PCI Interrupt Link [LNKG] (IRQs 5 10 *11)
[STDOUT  ] 2017-10-06T13:01:53.901383881Z: [    1.200876] ACPI: PCI Interrupt Link [GSIC] (IRQs *18)
[STDOUT  ] 2017-10-06T13:01:53.901392873Z: [    1.201617] ACPI: PCI Interrupt Link [GSID] (IRQs *19)
[STDERR  ] 2017-10-06T13:01:53.901385823Z: [    1.198056] ACPI: PCI Interrupt Link [LNKH] (IRQs 5 10 *11)
[STDERR  ] 2017-10-06T13:01:53.901399425Z: [    1.199194] ACPI: PCI Interrupt Link [GSIA] (IRQs *16)
[STDOUT  ] 2017-10-06T13:01:53.901402064Z: [    1.202396] ACPI: PCI Interrupt Link [GSIE] (IRQs *20)
[STDERR  ] 2017-10-06T13:01:53.901408661Z: [    1.200204] ACPI: PCI Interrupt Link [GSIB] (IRQs *17)
[STDOUT  ] 2017-10-06T13:01:53.901410941Z: [    1.203109] ACPI: PCI Interrupt Link [GSIF] (IRQs *21)
[STDOUT  ] 2017-10-06T13:01:53.901420033Z: [    1.203759] ACPI: PCI Interrupt Link [GSIG] (IRQs *22)
[STDERR  ] 2017-10-06T13:01:53.901417717Z: [    1.200876] ACPI: PCI Interrupt Link [GSIC] (IRQs *18)
[STDERR  ] 2017-10-06T13:01:53.901426784Z: [    1.201617] ACPI: PCI Interrupt Link [GSID] (IRQs *19)
[STDOUT  ] 2017-10-06T13:01:53.901429161Z: [    1.204501] ACPI: PCI Interrupt Link [GSIH] (IRQs *23)
[STDERR  ] 2017-10-06T13:01:53.901435999Z: [    1.202396] ACPI: PCI Interrupt Link [GSIE] (IRQs *20)
[STDOUT  ] 2017-10-06T13:01:53.901438105Z: [    1.208242] ACPI: Enabled 2 GPEs in block 00 to 3F
[STDOUT  ] 2017-10-06T13:01:53.901447054Z: [    1.212653] SCSI subsystem initialized
[STDERR  ] 2017-10-06T13:01:53.901445099Z: [    1.203109] ACPI: PCI Interrupt Link [GSIF] (IRQs *21)
[STDOUT  ] 2017-10-06T13:01:53.901456199Z: [    1.214594] ACPI: bus type USB registered
[STDERR  ] 2017-10-06T13:01:53.901454279Z: [    1.203759] ACPI: PCI Interrupt Link [GSIG] (IRQs *22)
[STDERR  ] 2017-10-06T13:01:53.901479071Z: [    1.204501] ACPI: PCI Interrupt Link [GSIH] (IRQs *23)
[STDOUT  ] 2017-10-06T13:01:53.901479699Z: [    1.215671] usbcore: registered new interface driver usbfs
[STDERR  ] 2017-10-06T13:01:53.901490393Z: [    1.208242] ACPI: Enabled 2 GPEs in block 00 to 3F
[STDOUT  ] 2017-10-06T13:01:53.901493559Z: [    1.216615] usbcore: registered new interface driver hub
[STDOUT  ] 2017-10-06T13:01:53.901502439Z: [    1.217474] usbcore: registered new device driver usb
[STDERR  ] 2017-10-06T13:01:53.901502329Z: [    1.212653] SCSI subsystem initialized
[STDOUT  ] 2017-10-06T13:01:53.901511493Z: [    1.218659] pps_core: LinuxPPS API ver. 1 registered
[STDERR  ] 2017-10-06T13:01:53.901512867Z: [    1.214594] ACPI: bus type USB registered
[STDERR  ] 2017-10-06T13:01:53.901522021Z: [    1.215671] usbcore: registered new interface driver usbfs
[STDOUT  ] 2017-10-06T13:01:53.901520593Z: [    1.219006] pps_core: Software ver. 5.3.6 - Copyright 2005-2007 Rodolfo Giometti <giometti@linux.it>
[STDOUT  ] 2017-10-06T13:01:53.901530063Z: [    1.219794] PTP clock support registered
[STDERR  ] 2017-10-06T13:01:53.901535779Z: [    1.216615] usbcore: registered new interface driver hub
[STDERR  ] 2017-10-06T13:01:53.901545333Z: [    1.217474] usbcore: registered new device driver usb
[STDOUT  ] 2017-10-06T13:01:53.901541654Z: [    1.221019] wmi: Mapper loaded
[STDOUT  ] 2017-10-06T13:01:53.901555401Z: [    1.222177] PCI: Using ACPI for IRQ routing
[STDERR  ] 2017-10-06T13:01:53.901554467Z: [    1.218659] pps_core: LinuxPPS API ver. 1 registered
[STDERR  ] 2017-10-06T13:01:53.901564044Z: [    1.219006] pps_core: Software ver. 5.3.6 - Copyright 2005-2007 Rodolfo Giometti <giometti@linux.it>
[STDOUT  ] 2017-10-06T13:01:53.901568899Z: [    1.239628] NetLabel: Initializing
[STDERR  ] 2017-10-06T13:01:53.901573429Z: [    1.219794] PTP clock support registered
[STDOUT  ] 2017-10-06T13:01:53.901578014Z: [    1.240091] NetLabel:  domain hash size = 128
[STDERR  ] 2017-10-06T13:01:53.901582409Z: [    1.221019] wmi: Mapper loaded
[STDERR  ] 2017-10-06T13:01:53.901591853Z: [    1.222177] PCI: Using ACPI for IRQ routing
[STDOUT  ] 2017-10-06T13:01:53.901588104Z: [    1.240509] NetLabel:  protocols = UNLABELED CIPSOv4
[STDOUT  ] 2017-10-06T13:01:53.901598097Z: [    1.243332] NetLabel:  unlabeled traffic allowed by default
[STDERR  ] 2017-10-06T13:01:53.901600971Z: [    1.239628] NetLabel: Initializing
[STDOUT  ] 2017-10-06T13:01:53.901612484Z: [    1.244503] HPET: 3 timers in total, 0 timers will be used for per-cpu timer
[STDOUT  ] 2017-10-06T13:01:53.901622084Z: [    1.245324] hpet0: at MMIO 0xfed00000, IRQs 2, 8, 0
[STDERR  ] 2017-10-06T13:01:53.901613959Z: [    1.240091] NetLabel:  domain hash size = 128
[STDERR  ] 2017-10-06T13:01:53.901629329Z: [    1.240509] NetLabel:  protocols = UNLABELED CIPSOv4
[STDOUT  ] 2017-10-06T13:01:53.901631027Z: [    1.245899] hpet0: 3 comparators, 64-bit 100.000000 MHz counter
[STDOUT  ] 2017-10-06T13:01:53.901639854Z: [    1.251627] clocksource: Switched to clocksource hpet
[STDERR  ] 2017-10-06T13:01:53.901638717Z: [    1.243332] NetLabel:  unlabeled traffic allowed by default
[STDOUT  ] 2017-10-06T13:01:53.901648595Z: [    1.499175] VFS: Disk quotas dquot_6.6.0
[STDERR  ] 2017-10-06T13:01:53.901653437Z: [    1.244503] HPET: 3 timers in total, 0 timers will be used for per-cpu timer
[STDOUT  ] 2017-10-06T13:01:53.901657907Z: [    1.500007] VFS: Dquot-cache hash table entries: 512 (order 0, 4096 bytes)
[STDERR  ] 2017-10-06T13:01:53.901662829Z: [    1.245324] hpet0: at MMIO 0xfed00000, IRQs 2, 8, 0
[STDOUT  ] 2017-10-06T13:01:53.901667247Z: [    1.504169] FS-Cache: Loaded
[STDOUT  ] 2017-10-06T13:01:53.901676919Z: [    1.509063] CacheFiles: Loaded
[STDERR  ] 2017-10-06T13:01:53.901675583Z: [    1.245899] hpet0: 3 comparators, 64-bit 100.000000 MHz counter
[STDERR  ] 2017-10-06T13:01:53.901684987Z: [    1.251627] clocksource: Switched to clocksource hpet
[STDOUT  ] 2017-10-06T13:01:53.901685791Z: [    1.511018] pnp: PnP ACPI init
[STDERR  ] 2017-10-06T13:01:53.901694247Z: [    1.499175] VFS: Disk quotas dquot_6.6.0
[STDOUT  ] 2017-10-06T13:01:53.901695743Z: [    1.522161] pnp: PnP ACPI: found 5 devices
[STDERR  ] 2017-10-06T13:01:53.901703453Z: [    1.500007] VFS: Dquot-cache hash table entries: 512 (order 0, 4096 bytes)
[STDOUT  ] 2017-10-06T13:01:53.901704975Z: [    1.571233] clocksource: acpi_pm: mask: 0xffffff max_cycles: 0xffffff, max_idle_ns: 2085701024 ns
[STDERR  ] 2017-10-06T13:01:53.901712719Z: [    1.504169] FS-Cache: Loaded
[STDOUT  ] 2017-10-06T13:01:53.901714211Z: [    1.575115] NET: Registered protocol family 2
[STDOUT  ] 2017-10-06T13:01:53.901723319Z: [    1.582847] TCP established hash table entries: 8192 (order: 4, 65536 bytes)
[STDERR  ] 2017-10-06T13:01:53.901722033Z: [    1.509063] CacheFiles: Loaded
[STDERR  ] 2017-10-06T13:01:53.901731101Z: [    1.511018] pnp: PnP ACPI init
[STDOUT  ] 2017-10-06T13:01:53.901732203Z: [    1.583724] TCP bind hash table entries: 8192 (order: 5, 131072 bytes)
[STDERR  ] 2017-10-06T13:01:53.901740413Z: [    1.522161] pnp: PnP ACPI: found 5 devices
[STDOUT  ] 2017-10-06T13:01:53.901741849Z: [    1.584512] TCP: Hash tables configured (established 8192 bind 8192)
[STDERR  ] 2017-10-06T13:01:53.901752551Z: [    1.571233] clocksource: acpi_pm: mask: 0xffffff max_cycles: 0xffffff, max_idle_ns: 2085701024 ns
[STDOUT  ] 2017-10-06T13:01:53.901755559Z: [    1.586422] UDP hash table entries: 512 (order: 2, 16384 bytes)
[STDERR  ] 2017-10-06T13:01:53.901761781Z: [    1.575115] NET: Registered protocol family 2
[STDOUT  ] 2017-10-06T13:01:53.901768549Z: [    1.587056] UDP-Lite hash table entries: 512 (order: 2, 16384 bytes)
[STDERR  ] 2017-10-06T13:01:53.901771379Z: [    1.582847] TCP established hash table entries: 8192 (order: 4, 65536 bytes)
[STDOUT  ] 2017-10-06T13:01:53.901777471Z: [    1.589438] NET: Registered protocol family 1
[STDERR  ] 2017-10-06T13:01:53.901780664Z: [    1.583724] TCP bind hash table entries: 8192 (order: 5, 131072 bytes)
[STDOUT  ] 2017-10-06T13:01:53.901786517Z: [    1.590776] pci 0000:00:01.0: Video device with shadowed ROM at [mem 0x000c0000-0x000dffff]
[STDERR  ] 2017-10-06T13:01:53.901789877Z: [    1.584512] TCP: Hash tables configured (established 8192 bind 8192)
[STDOUT  ] 2017-10-06T13:01:53.901795529Z: [    1.597592] Unpacking initramfs...
[STDERR  ] 2017-10-06T13:01:53.901799129Z: [    1.586422] UDP hash table entries: 512 (order: 2, 16384 bytes)
[STDOUT  ] 2017-10-06T13:01:53.901805535Z: [    6.275135] Freeing initrd memory: 31360K
[STDERR  ] 2017-10-06T13:01:53.901808534Z: [    1.587056] UDP-Lite hash table entries: 512 (order: 2, 16384 bytes)
[STDOUT  ] 2017-10-06T13:01:53.901814901Z: [    6.300853] PCLMULQDQ-NI instructions are not detected.
[STDERR  ] 2017-10-06T13:01:53.901817764Z: [    1.589438] NET: Registered protocol family 1
[STDOUT  ] 2017-10-06T13:01:53.901824094Z: [    6.302435] AVX or AES-NI instructions are not detected.
[STDOUT  ] 2017-10-06T13:01:53.901833519Z: [    6.302958] CPU feature 'AVX registers' is not supported.
[STDERR  ] 2017-10-06T13:01:53.901833289Z: [    1.590776] pci 0000:00:01.0: Video device with shadowed ROM at [mem 0x000c0000-0x000dffff]
[STDOUT  ] 2017-10-06T13:01:53.901842661Z: [    6.303399] CPU feature 'AVX registers' is not supported.
[STDERR  ] 2017-10-06T13:01:53.901844157Z: [    1.597592] Unpacking initramfs...
[STDOUT  ] 2017-10-06T13:01:53.901851939Z: [    6.303829] CPU feature 'AVX registers' is not supported.
[STDERR  ] 2017-10-06T13:01:53.901853199Z: [    6.275135] Freeing initrd memory: 31360K
[STDOUT  ] 2017-10-06T13:01:53.901860997Z: [    6.304252] CPU feature 'AVX registers' is not supported.
[STDERR  ] 2017-10-06T13:01:53.901862164Z: [    6.300853] PCLMULQDQ-NI instructions are not detected.
[STDERR  ] 2017-10-06T13:01:53.901871574Z: [    6.302435] AVX or AES-NI instructions are not detected.
[STDOUT  ] 2017-10-06T13:01:53.901870077Z: [    6.304677] AVX2 or AES-NI instructions are not detected.
[STDOUT  ] 2017-10-06T13:01:53.901879085Z: [    6.305095] AVX2 instructions are not detected.
[STDERR  ] 2017-10-06T13:01:53.901880673Z: [    6.302958] CPU feature 'AVX registers' is not supported.
[STDOUT  ] 2017-10-06T13:01:53.901888175Z: [    6.312049] audit: initializing netlink subsys (disabled)
[STDERR  ] 2017-10-06T13:01:53.901889617Z: [    6.303399] CPU feature 'AVX registers' is not supported.
[STDOUT  ] 2017-10-06T13:01:53.901901326Z: [    6.313760] audit: type=2000 audit(1507294880.310:1): initialized
[STDERR  ] 2017-10-06T13:01:53.901904305Z: [    6.303829] CPU feature 'AVX registers' is not supported.
[STDOUT  ] 2017-10-06T13:01:53.90191039Z: [    6.321017] workingset: timestamp_bits=46 max_order=18 bucket_order=0
[STDERR  ] 2017-10-06T13:01:53.90191347Z: [    6.304252] CPU feature 'AVX registers' is not supported.
[STDOUT  ] 2017-10-06T13:01:53.901919392Z: [    6.329754] FS-Cache: Netfs 'cifs' registered for caching
[STDERR  ] 2017-10-06T13:01:53.901922722Z: [    6.304677] AVX2 or AES-NI instructions are not detected.
[STDOUT  ] 2017-10-06T13:01:53.90193019Z: [    6.331541] fuse init (API version 7.26)
[STDOUT  ] 2017-10-06T13:01:53.901939844Z: [    6.333899] SGI XFS with ACLs, security attributes, no debug enabled
[STDERR  ] 2017-10-06T13:01:53.90193177Z: [    6.305095] AVX2 instructions are not detected.
[STDOUT  ] 2017-10-06T13:01:53.901949018Z: [    6.338034] 9p: Installing v9fs 9p2000 file system support
[STDERR  ] 2017-10-06T13:01:53.901950136Z: [    6.312049] audit: initializing netlink subsys (disabled)
[STDOUT  ] 2017-10-06T13:01:53.9019634Z: [    6.338684] FS-Cache: Netfs '9p' registered for caching
[STDERR  ] 2017-10-06T13:01:53.90196334Z: [    6.313760] audit: type=2000 audit(1507294880.310:1): initialized
[STDOUT  ] 2017-10-06T13:01:53.901973088Z: [    6.372135] NET: Registered protocol family 38
[STDERR  ] 2017-10-06T13:01:53.90197466Z: [    6.321017] workingset: timestamp_bits=46 max_order=18 bucket_order=0
[STDERR  ] 2017-10-06T13:01:53.901983855Z: [    6.329754] FS-Cache: Netfs 'cifs' registered for caching
[STDOUT  ] 2017-10-06T13:01:53.901982318Z: [    6.372954] Key type asymmetric registered
[STDERR  ] 2017-10-06T13:01:53.90199338Z: [    6.331541] fuse init (API version 7.26)
[STDOUT  ] 2017-10-06T13:01:53.901995265Z: [    6.373375] Asymmetric key parser 'x509' registered
[STDERR  ] 2017-10-06T13:01:53.902002672Z: [    6.333899] SGI XFS with ACLs, security attributes, no debug enabled
[STDOUT  ] 2017-10-06T13:01:53.9020042Z: [    6.374513] Block layer SCSI generic (bsg) driver version 0.4 loaded (major 251)
[STDOUT  ] 2017-10-06T13:01:53.902013406Z: [    6.376208] io scheduler noop registered
[STDERR  ] 2017-10-06T13:01:53.902012086Z: [    6.338034] 9p: Installing v9fs 9p2000 file system support
[STDERR  ] 2017-10-06T13:01:53.902021336Z: [    6.338684] FS-Cache: Netfs '9p' registered for caching
[STDOUT  ] 2017-10-06T13:01:53.902022246Z: [    6.376612] io scheduler deadline registered (default)
[STDOUT  ] 2017-10-06T13:01:53.902032095Z: [    6.377554] io scheduler cfq registered
[STDERR  ] 2017-10-06T13:01:53.90203071Z: [    6.372135] NET: Registered protocol family 38
[STDOUT  ] 2017-10-06T13:01:53.902040846Z: [    6.381829] pci_hotplug: PCI Hot Plug PCI Core version: 0.5
[STDERR  ] 2017-10-06T13:01:53.902045094Z: [    6.372954] Key type asymmetric registered
[STDERR  ] 2017-10-06T13:01:53.90205424Z: [    6.373375] Asymmetric key parser 'x509' registered
[STDOUT  ] 2017-10-06T13:01:53.902051446Z: [    6.382421] pciehp: PCI Express Hot Plug Controller Driver version: 0.4
[STDOUT  ] 2017-10-06T13:01:53.902065386Z: [    6.383336] shpchp: Standard Hot Plug PCI Controller Driver version: 0.4
[STDERR  ] 2017-10-06T13:01:53.902064002Z: [    6.374513] Block layer SCSI generic (bsg) driver version 0.4 loaded (major 251)
[STDERR  ] 2017-10-06T13:01:53.90207323Z: [    6.376208] io scheduler noop registered
[STDOUT  ] 2017-10-06T13:01:53.90207979Z: [    6.384201] hv_vmbus: registering driver hyperv_fb
[STDERR  ] 2017-10-06T13:01:53.902082694Z: [    6.376612] io scheduler deadline registered (default)
[STDOUT  ] 2017-10-06T13:01:53.902088806Z: [    6.387310] input: Power Button as /devices/LNXSYSTM:00/LNXPWRBN:00/input/input0
[STDERR  ] 2017-10-06T13:01:53.902091894Z: [    6.377554] io scheduler cfq registered
[STDOUT  ] 2017-10-06T13:01:53.902099982Z: [    6.388454] ACPI: Power Button [PWRF]
[STDOUT  ] 2017-10-06T13:01:53.902109074Z: [    6.393948] GHES: HEST is not enabled!
[STDERR  ] 2017-10-06T13:01:53.902100844Z: [    6.381829] pci_hotplug: PCI Hot Plug PCI Core version: 0.5
[STDERR  ] 2017-10-06T13:01:53.9021203Z: [    6.382421] pciehp: PCI Express Hot Plug Controller Driver version: 0.4
[STDOUT  ] 2017-10-06T13:01:53.90211844Z: [    6.406122] ACPI: PCI Interrupt Link [GSIG] enabled at IRQ 22
[STDERR  ] 2017-10-06T13:01:53.902129778Z: [    6.383336] shpchp: Standard Hot Plug PCI Controller Driver version: 0.4
[STDOUT  ] 2017-10-06T13:01:53.902127824Z: [    6.418243] ACPI: PCI Interrupt Link [GSIH] enabled at IRQ 23
[STDOUT  ] 2017-10-06T13:01:53.902137042Z: [    6.424195] xenfs: not registering filesystem on non-xen platform
[STDERR  ] 2017-10-06T13:01:53.902138906Z: [    6.384201] hv_vmbus: registering driver hyperv_fb
[STDOUT  ] 2017-10-06T13:01:53.902146165Z: [    6.426258] Serial: 8250/16550 driver, 4 ports, IRQ sharing disabled
[STDERR  ] 2017-10-06T13:01:53.902147938Z: [    6.387310] input: Power Button as /devices/LNXSYSTM:00/LNXPWRBN:00/input/input0
[STDOUT  ] 2017-10-06T13:01:53.902159855Z: [    6.450932] 00:04: ttyS0 at I/O 0x3f8 (irq = 4, base_baud = 115200) is a 16550A
[STDERR  ] 2017-10-06T13:01:53.902161238Z: [    6.388454] ACPI: Power Button [PWRF]
[STDOUT  ] 2017-10-06T13:01:53.90216924Z: [    6.463403] Non-volatile memory driver v1.3
[STDERR  ] 2017-10-06T13:01:53.902174412Z: [    6.393948] GHES: HEST is not enabled!
[STDOUT  ] 2017-10-06T13:01:53.902181206Z: [    6.469619] Hangcheck: starting hangcheck timer 0.9.1 (tick is 180 seconds, margin is 60 seconds).
[STDERR  ] 2017-10-06T13:01:53.902184216Z: [    6.406122] ACPI: PCI Interrupt Link [GSIG] enabled at IRQ 22
[STDOUT  ] 2017-10-06T13:01:53.902190615Z: [    6.506759] loop: module loaded
[STDERR  ] 2017-10-06T13:01:53.90219356Z: [    6.418243] ACPI: PCI Interrupt Link [GSIH] enabled at IRQ 23
[STDOUT  ] 2017-10-06T13:01:53.902199775Z: [    6.522973] nbd: registered device at major 43
[STDERR  ] 2017-10-06T13:01:53.90220277Z: [    6.424195] xenfs: not registering filesystem on non-xen platform
[STDOUT  ] 2017-10-06T13:01:53.902208798Z: [    6.564822] lpc_ich 0000:00:1f.0: I/O space for GPIO uninitialized
[STDERR  ] 2017-10-06T13:01:53.902212014Z: [    6.426258] Serial: 8250/16550 driver, 4 ports, IRQ sharing disabled
[STDOUT  ] 2017-10-06T13:01:53.90221766Z: [    6.567222] VMware PVSCSI driver - version 1.0.7.0-k
[STDERR  ] 2017-10-06T13:01:53.9022262Z: [    6.450932] 00:04: ttyS0 at I/O 0x3f8 (irq = 4, base_baud = 115200) is a 16550A
[STDOUT  ] 2017-10-06T13:01:53.90223128Z: [    6.568121] hv_vmbus: registering driver hv_storvsc
[STDERR  ] 2017-10-06T13:01:53.902237066Z: [    6.463403] Non-volatile memory driver v1.3
[STDOUT  ] 2017-10-06T13:01:53.902240602Z: [    6.578084] ACPI: PCI Interrupt Link [GSIA] enabled at IRQ 16
[STDERR  ] 2017-10-06T13:01:53.90224618Z: [    6.469619] Hangcheck: starting hangcheck timer 0.9.1 (tick is 180 seconds, margin is 60 seconds).
[STDOUT  ] 2017-10-06T13:01:53.90224985Z: [    6.586523] ahci 0000:00:1f.2: AHCI 0001.0000 32 slots 6 ports 1.5 Gbps 0x3f impl SATA mode
[STDERR  ] 2017-10-06T13:01:53.90225532Z: [    6.506759] loop: module loaded
[STDOUT  ] 2017-10-06T13:01:53.902259246Z: [    6.587575] ahci 0000:00:1f.2: flags: 64bit ncq only 
[STDERR  ] 2017-10-06T13:01:53.902265732Z: [    6.522973] nbd: registered device at major 43
[STDOUT  ] 2017-10-06T13:01:53.902268524Z: [    6.608478] scsi host0: ahci
[STDERR  ] 2017-10-06T13:01:53.902274776Z: [    6.564822] lpc_ich 0000:00:1f.0: I/O space for GPIO uninitialized
[STDOUT  ] 2017-10-06T13:01:53.90227769Z: [    6.613994] scsi host1: ahci
[STDOUT  ] 2017-10-06T13:01:53.902287212Z: [    6.616324] scsi host2: ahci
[STDOUT  ] 2017-10-06T13:01:53.902296465Z: [    6.618542] scsi host3: ahci
[STDERR  ] 2017-10-06T13:01:53.90228837Z: [    6.567222] VMware PVSCSI driver - version 1.0.7.0-k
[STDERR  ] 2017-10-06T13:01:53.902302875Z: [    6.568121] hv_vmbus: registering driver hv_storvsc
[STDOUT  ] 2017-10-06T13:01:53.90230581Z: [    6.621010] scsi host4: ahci
[STDERR  ] 2017-10-06T13:01:53.902312276Z: [    6.578084] ACPI: PCI Interrupt Link [GSIA] enabled at IRQ 16
[STDOUT  ] 2017-10-06T13:01:53.90231484Z: [    6.623163] scsi host5: ahci
[STDERR  ] 2017-10-06T13:01:53.902321396Z: [    6.586523] ahci 0000:00:1f.2: AHCI 0001.0000 32 slots 6 ports 1.5 Gbps 0x3f impl SATA mode
[STDOUT  ] 2017-10-06T13:01:53.902323866Z: [    6.625020] ata1: SATA max UDMA/133 abar m4096@0xfebd2000 port 0xfebd2100 irq 24
[STDOUT  ] 2017-10-06T13:01:53.902333038Z: [    6.625543] ata2: SATA max UDMA/133 abar m4096@0xfebd2000 port 0xfebd2180 irq 24
[STDERR  ] 2017-10-06T13:01:53.90233079Z: [    6.587575] ahci 0000:00:1f.2: flags: 64bit ncq only 
[STDERR  ] 2017-10-06T13:01:53.902339882Z: [    6.608478] scsi host0: ahci
[STDOUT  ] 2017-10-06T13:01:53.90234219Z: [    6.625964] ata3: SATA max UDMA/133 abar m4096@0xfebd2000 port 0xfebd2200 irq 24
[STDERR  ] 2017-10-06T13:01:53.9023491Z: [    6.613994] scsi host1: ahci
[STDOUT  ] 2017-10-06T13:01:53.902357298Z: [    6.626440] ata4: SATA max UDMA/133 abar m4096@0xfebd2000 port 0xfebd2280 irq 24
[STDERR  ] 2017-10-06T13:01:53.902358695Z: [    6.616324] scsi host2: ahci
[STDERR  ] 2017-10-06T13:01:53.902368102Z: [    6.618542] scsi host3: ahci
[STDOUT  ] 2017-10-06T13:01:53.902366695Z: [    6.626900] ata5: SATA max UDMA/133 abar m4096@0xfebd2000 port 0xfebd2300 irq 24
[STDOUT  ] 2017-10-06T13:01:53.902379578Z: [    6.627364] ata6: SATA max UDMA/133 abar m4096@0xfebd2000 port 0xfebd2380 irq 24
[STDERR  ] 2017-10-06T13:01:53.902377034Z: [    6.621010] scsi host4: ahci
[STDERR  ] 2017-10-06T13:01:53.902386352Z: [    6.623163] scsi host5: ahci
[STDOUT  ] 2017-10-06T13:01:53.902388834Z: [    6.640776] tun: Universal TUN/TAP device driver, 1.6
[STDOUT  ] 2017-10-06T13:01:53.902398096Z: [    6.641374] tun: (C) 1999-2004 Max Krasnyansky <maxk@qualcomm.com>
[STDERR  ] 2017-10-06T13:01:53.902395442Z: [    6.625020] ata1: SATA max UDMA/133 abar m4096@0xfebd2000 port 0xfebd2100 irq 24
[STDERR  ] 2017-10-06T13:01:53.9024046Z: [    6.625543] ata2: SATA max UDMA/133 abar m4096@0xfebd2000 port 0xfebd2180 irq 24
[STDOUT  ] 2017-10-06T13:01:53.902407202Z: [    6.651677] VMware vmxnet3 virtual NIC driver - version 1.4.a.0-k-NAPI
[STDERR  ] 2017-10-06T13:01:53.902413635Z: [    6.625964] ata3: SATA max UDMA/133 abar m4096@0xfebd2000 port 0xfebd2200 irq 24
[STDOUT  ] 2017-10-06T13:01:53.902416245Z: [    6.652850] hv_vmbus: registering driver hv_netvsc
[STDERR  ] 2017-10-06T13:01:53.902422746Z: [    6.626440] ata4: SATA max UDMA/133 abar m4096@0xfebd2000 port 0xfebd2280 irq 24
[STDOUT  ] 2017-10-06T13:01:53.902425572Z: [    6.653225] Fusion MPT base driver 3.04.20
[STDERR  ] 2017-10-06T13:01:53.902431558Z: [    6.626900] ata5: SATA max UDMA/133 abar m4096@0xfebd2000 port 0xfebd2300 irq 24
[STDOUT  ] 2017-10-06T13:01:53.90243467Z: [    6.653521] Copyright (c) 1999-2008 LSI Corporation
[STDERR  ] 2017-10-06T13:01:53.902440596Z: [    6.627364] ata6: SATA max UDMA/133 abar m4096@0xfebd2000 port 0xfebd2380 irq 24
[STDOUT  ] 2017-10-06T13:01:53.90244381Z: [    6.654129] Fusion MPT SPI Host driver 3.04.20
[STDOUT  ] 2017-10-06T13:01:53.902452948Z: [    6.656134] i8042: PNP: PS/2 Controller [PNP0303:KBD,PNP0f13:MOU] at 0x60,0x64 irq 1,12
[STDERR  ] 2017-10-06T13:01:53.90244971Z: [    6.640776] tun: Universal TUN/TAP device driver, 1.6
[STDOUT  ] 2017-10-06T13:01:53.902467008Z: [    6.660741] serio: i8042 KBD port at 0x60,0x64 irq 1
[STDERR  ] 2017-10-06T13:01:53.902459466Z: [    6.641374] tun: (C) 1999-2004 Max Krasnyansky <maxk@qualcomm.com>
[STDERR  ] 2017-10-06T13:01:53.90247366Z: [    6.651677] VMware vmxnet3 virtual NIC driver - version 1.4.a.0-k-NAPI
[STDERR  ] 2017-10-06T13:01:53.90248329Z: [    6.652850] hv_vmbus: registering driver hv_netvsc
[STDOUT  ] 2017-10-06T13:01:53.902480274Z: [    6.661450] serio: i8042 AUX port at 0x60,0x64 irq 12
[STDERR  ] 2017-10-06T13:01:53.902492525Z: [    6.653225] Fusion MPT base driver 3.04.20
[STDOUT  ] 2017-10-06T13:01:53.90248967Z: [    6.664516] hv_vmbus: registering driver hyperv_keyboard
[STDOUT  ] 2017-10-06T13:01:53.902498904Z: [    6.666722] mousedev: PS/2 mouse device common for all mice
[STDERR  ] 2017-10-06T13:01:53.902501798Z: [    6.653521] Copyright (c) 1999-2008 LSI Corporation
[STDOUT  ] 2017-10-06T13:01:53.902507856Z: [    6.671764] input: AT Translated Set 2 keyboard as /devices/platform/i8042/serio0/input/input1
[STDERR  ] 2017-10-06T13:01:53.902512814Z: [    6.654129] Fusion MPT SPI Host driver 3.04.20
[STDOUT  ] 2017-10-06T13:01:53.902517276Z: [    6.674641] input: PC Speaker as /devices/platform/pcspkr/input/input2
[STDERR  ] 2017-10-06T13:01:53.902523735Z: [    6.656134] i8042: PNP: PS/2 Controller [PNP0303:KBD,PNP0f13:MOU] at 0x60,0x64 irq 1,12
[STDOUT  ] 2017-10-06T13:01:53.902526582Z: [    6.678045] rtc_cmos 00:00: RTC can wake from S4
[STDERR  ] 2017-10-06T13:01:53.902533016Z: [    6.660741] serio: i8042 KBD port at 0x60,0x64 irq 1
[STDOUT  ] 2017-10-06T13:01:53.902535705Z: [    6.681652] rtc_cmos 00:00: rtc core: registered rtc_cmos as rtc0
[STDERR  ] 2017-10-06T13:01:53.902541934Z: [    6.661450] serio: i8042 AUX port at 0x60,0x64 irq 12
[STDOUT  ] 2017-10-06T13:01:53.9025497Z: [    6.682989] rtc_cmos 00:00: alarms up to one day, y3k, 114 bytes nvram, hpet irqs
[STDERR  ] 2017-10-06T13:01:53.90255119Z: [    6.664516] hv_vmbus: registering driver hyperv_keyboard
[STDOUT  ] 2017-10-06T13:01:53.902559088Z: [    6.683735] i2c /dev entries driver
[STDERR  ] 2017-10-06T13:01:53.902564156Z: [    6.666722] mousedev: PS/2 mouse device common for all mice
[STDOUT  ] 2017-10-06T13:01:53.902570812Z: [    6.685753] device-mapper: ioctl: 4.35.0-ioctl (2016-06-23) initialised: dm-devel@redhat.com
[STDERR  ] 2017-10-06T13:01:53.90257378Z: [    6.671764] input: AT Translated Set 2 keyboard as /devices/platform/i8042/serio0/input/input1
[STDERR  ] 2017-10-06T13:01:53.902583304Z: [    6.674641] input: PC Speaker as /devices/platform/pcspkr/input/input2
[STDOUT  ] 2017-10-06T13:01:53.90258143Z: [    6.690695] usbcore: registered new interface driver usbhid
[STDERR  ] 2017-10-06T13:01:53.902592605Z: [    6.678045] rtc_cmos 00:00: RTC can wake from S4
[STDOUT  ] 2017-10-06T13:01:53.902595534Z: [    6.691056] usbhid: USB HID core driver
[STDERR  ] 2017-10-06T13:01:53.902601746Z: [    6.681652] rtc_cmos 00:00: rtc core: registered rtc_cmos as rtc0
[STDERR  ] 2017-10-06T13:01:53.902610388Z: [    6.682989] rtc_cmos 00:00: alarms up to one day, y3k, 114 bytes nvram, hpet irqs
[STDOUT  ] 2017-10-06T13:01:53.902604582Z: [    6.691634] hv_utils: Registering HyperV Utility Driver
[STDOUT  ] 2017-10-06T13:01:53.902621262Z: [    6.691952] hv_vmbus: registering driver hv_util
[STDERR  ] 2017-10-06T13:01:53.902619892Z: [    6.683735] i2c /dev entries driver
[STDOUT  ] 2017-10-06T13:01:53.902630206Z: [    6.692235] hv_vmbus: registering driver hv_balloon
[STDERR  ] 2017-10-06T13:01:53.90262905Z: [    6.685753] device-mapper: ioctl: 4.35.0-ioctl (2016-06-23) initialised: dm-devel@redhat.com
[STDERR  ] 2017-10-06T13:01:53.902638402Z: [    6.690695] usbcore: registered new interface driver usbhid
[STDOUT  ] 2017-10-06T13:01:53.902639126Z: [    6.692817] oprofile: using NMI interrupt.
[STDOUT  ] 2017-10-06T13:01:53.902648866Z: [    6.693948] GACT probability on
[STDERR  ] 2017-10-06T13:01:53.902647518Z: [    6.691056] usbhid: USB HID core driver
[STDOUT  ] 2017-10-06T13:01:53.902657968Z: [    6.694396] Mirror/redirect action on
[STDERR  ] 2017-10-06T13:01:53.902662988Z: [    6.691634] hv_utils: Registering HyperV Utility Driver
[STDOUT  ] 2017-10-06T13:01:53.902669408Z: [    6.695412] Simple TC action Loaded
[STDERR  ] 2017-10-06T13:01:53.902672075Z: [    6.691952] hv_vmbus: registering driver hv_util
[STDOUT  ] 2017-10-06T13:01:53.902678432Z: [    6.696125] u32 classifier
[STDOUT  ] 2017-10-06T13:01:53.90268774Z: [    6.696326]     Performance counters on
[STDERR  ] 2017-10-06T13:01:53.902681168Z: [    6.692235] hv_vmbus: registering driver hv_balloon
[STDERR  ] 2017-10-06T13:01:53.9026956Z: [    6.692817] oprofile: using NMI interrupt.
[STDOUT  ] 2017-10-06T13:01:53.902696724Z: [    6.696598]     input device check on
[STDERR  ] 2017-10-06T13:01:53.902704872Z: [    6.693948] GACT probability on
[STDERR  ] 2017-10-06T13:01:53.902714162Z: [    6.694396] Mirror/redirect action on
[STDOUT  ] 2017-10-06T13:01:53.902711364Z: [    6.696891]     Actions configured
[STDERR  ] 2017-10-06T13:01:53.902723346Z: [    6.695412] Simple TC action Loaded
[STDOUT  ] 2017-10-06T13:01:53.902720444Z: [    6.697499] Netfilter messages via NETLINK v0.30.
[STDOUT  ] 2017-10-06T13:01:53.902729494Z: [    6.698103] nfnl_acct: registering with nfnetlink.
[STDERR  ] 2017-10-06T13:01:53.902732304Z: [    6.696125] u32 classifier
[STDOUT  ] 2017-10-06T13:01:53.902738307Z: [    6.699774] nf_conntrack version 0.5.0 (8192 buckets, 32768 max)
[STDERR  ] 2017-10-06T13:01:53.902741481Z: [    6.696326]     Performance counters on
[STDOUT  ] 2017-10-06T13:01:53.902747693Z: [    6.703239] ctnetlink v0.93: registering with nfnetlink.
[STDERR  ] 2017-10-06T13:01:53.902750576Z: [    6.696598]     input device check on
[STDOUT  ] 2017-10-06T13:01:53.902756556Z: [    6.706373] nf_tables: (c) 2007-2009 Patrick McHardy <kaber@trash.net>
[STDERR  ] 2017-10-06T13:01:53.902764441Z: [    6.696891]     Actions configured
[STDERR  ] 2017-10-06T13:01:53.902773649Z: [    6.697499] Netfilter messages via NETLINK v0.30.
[STDOUT  ] 2017-10-06T13:01:53.902770993Z: [    6.707245] nf_tables_compat: (c) 2012 Pablo Neira Ayuso <pablo@netfilter.org>
[STDERR  ] 2017-10-06T13:01:53.902782627Z: [    6.698103] nfnl_acct: registering with nfnetlink.
[STDOUT  ] 2017-10-06T13:01:53.902783946Z: [    6.709611] xt_time: kernel timezone is -0000
[STDERR  ] 2017-10-06T13:01:53.902792111Z: [    6.699774] nf_conntrack version 0.5.0 (8192 buckets, 32768 max)
[STDOUT  ] 2017-10-06T13:01:53.902793541Z: [    6.710527] ip_set: protocol 6
[STDOUT  ] 2017-10-06T13:01:53.902802581Z: [    6.711218] IPVS: Registered protocols (TCP, UDP, SCTP, AH, ESP)
[STDERR  ] 2017-10-06T13:01:53.902801337Z: [    6.703239] ctnetlink v0.93: registering with nfnetlink.
[STDERR  ] 2017-10-06T13:01:53.902810461Z: [    6.706373] nf_tables: (c) 2007-2009 Patrick McHardy <kaber@trash.net>
[STDOUT  ] 2017-10-06T13:01:53.902811585Z: [    6.711830] IPVS: Connection hash table configured (size=4096, memory=64Kbytes)
[STDERR  ] 2017-10-06T13:01:53.902819589Z: [    6.707245] nf_tables_compat: (c) 2012 Pablo Neira Ayuso <pablo@netfilter.org>
[STDOUT  ] 2017-10-06T13:01:53.902821079Z: [    6.713597] IPVS: Creating netns size=2104 id=0
[STDERR  ] 2017-10-06T13:01:53.902828796Z: [    6.709611] xt_time: kernel timezone is -0000
[STDOUT  ] 2017-10-06T13:01:53.902830276Z: [    6.716337] IPVS: ipvs loaded.
[STDERR  ] 2017-10-06T13:01:53.902838049Z: [    6.710527] ip_set: protocol 6
[STDOUT  ] 2017-10-06T13:01:53.902839476Z: [    6.716757] IPVS: [rr] scheduler registered.
[STDOUT  ] 2017-10-06T13:01:53.902848535Z: [    6.717110] IPVS: [wrr] scheduler registered.
[STDERR  ] 2017-10-06T13:01:53.902847091Z: [    6.711218] IPVS: Registered protocols (TCP, UDP, SCTP, AH, ESP)
[STDERR  ] 2017-10-06T13:01:53.902856226Z: [    6.711830] IPVS: Connection hash table configured (size=4096, memory=64Kbytes)
[STDOUT  ] 2017-10-06T13:01:53.902857571Z: [    6.717445] IPVS: [lc] scheduler registered.
[STDERR  ] 2017-10-06T13:01:53.902865316Z: [    6.713597] IPVS: Creating netns size=2104 id=0
[STDOUT  ] 2017-10-06T13:01:53.902866727Z: [    6.717743] IPVS: [wlc] scheduler registered.
[STDERR  ] 2017-10-06T13:01:53.902874601Z: [    6.716337] IPVS: ipvs loaded.
[STDOUT  ] 2017-10-06T13:01:53.902875967Z: [    6.718010] IPVS: [fo] scheduler registered.
[STDERR  ] 2017-10-06T13:01:53.902883707Z: [    6.716757] IPVS: [rr] scheduler registered.
[STDOUT  ] 2017-10-06T13:01:53.902884841Z: [    6.718287] IPVS: [ovf] scheduler registered.
[STDERR  ] 2017-10-06T13:01:53.902892883Z: [    6.717110] IPVS: [wrr] scheduler registered.
[STDOUT  ] 2017-10-06T13:01:53.902893756Z: [    6.718756] IPVS: [lblc] scheduler registered.
[STDERR  ] 2017-10-06T13:01:53.902901857Z: [    6.717445] IPVS: [lc] scheduler registered.
[STDOUT  ] 2017-10-06T13:01:53.902903297Z: [    6.719189] IPVS: [lblcr] scheduler registered.
[STDOUT  ] 2017-10-06T13:01:53.902912493Z: [    6.719519] IPVS: [dh] scheduler registered.
[STDERR  ] 2017-10-06T13:01:53.902911011Z: [    6.717743] IPVS: [wlc] scheduler registered.
[STDERR  ] 2017-10-06T13:01:53.902920051Z: [    6.718010] IPVS: [fo] scheduler registered.
[STDOUT  ] 2017-10-06T13:01:53.902921379Z: [    6.719835] IPVS: [sh] scheduler registered.
[STDOUT  ] 2017-10-06T13:01:53.902930315Z: [    6.720715] IPVS: [sed] scheduler registered.
[STDERR  ] 2017-10-06T13:01:53.902929193Z: [    6.718287] IPVS: [ovf] scheduler registered.
[STDERR  ] 2017-10-06T13:01:53.902938345Z: [    6.718756] IPVS: [lblc] scheduler registered.
[STDOUT  ] 2017-10-06T13:01:53.902939255Z: [    6.720986] IPVS: [nq] scheduler registered.
[STDERR  ] 2017-10-06T13:01:53.902947546Z: [    6.719189] IPVS: [lblcr] scheduler registered.
[STDOUT  ] 2017-10-06T13:01:53.902948027Z: [    6.721739] IPVS: ftp: loaded support on port[0] = 21
[STDOUT  ] 2017-10-06T13:01:53.902962111Z: [    6.722646] ipip: IPv4 and MPLS over IPv4 tunneling driver
[STDERR  ] 2017-10-06T13:01:53.902956801Z: [    6.719519] IPVS: [dh] scheduler registered.
[STDOUT  ] 2017-10-06T13:01:53.902971631Z: [    6.726782] gre: GRE over IPv4 demultiplexor driver
[STDERR  ] 2017-10-06T13:01:53.902974503Z: [    6.719835] IPVS: [sh] scheduler registered.
[STDOUT  ] 2017-10-06T13:01:53.902980889Z: [    6.729518] ip_tables: (C) 2000-2006 Netfilter Core Team
[STDERR  ] 2017-10-06T13:01:53.902987156Z: [    6.720715] IPVS: [sed] scheduler registered.
[STDOUT  ] 2017-10-06T13:01:53.902990211Z: [    6.733186] ipt_CLUSTERIP: ClusterIP Version 0.8 loaded successfully
[STDERR  ] 2017-10-06T13:01:53.903001405Z: [    6.720986] IPVS: [nq] scheduler registered.
[STDOUT  ] 2017-10-06T13:01:53.902999381Z: [    6.734111] arp_tables: arp_tables: (C) 2002 David S. Miller
[STDOUT  ] 2017-10-06T13:01:53.903008503Z: [    6.736471] NET: Registered protocol family 10
[STDERR  ] 2017-10-06T13:01:53.903010629Z: [    6.721739] IPVS: ftp: loaded support on port[0] = 21
[STDOUT  ] 2017-10-06T13:01:53.903017445Z: [    6.746166] ip6_tables: (C) 2000-2006 Netfilter Core Team
[STDERR  ] 2017-10-06T13:01:53.903019786Z: [    6.722646] ipip: IPv4 and MPLS over IPv4 tunneling driver
[STDERR  ] 2017-10-06T13:01:53.903028811Z: [    6.726782] gre: GRE over IPv4 demultiplexor driver
[STDOUT  ] 2017-10-06T13:01:53.903026611Z: [    6.754291] NET: Registered protocol family 17
[STDOUT  ] 2017-10-06T13:01:53.903035637Z: [    6.755250] Bridge firewalling registered
[STDERR  ] 2017-10-06T13:01:53.903037899Z: [    6.729518] ip_tables: (C) 2000-2006 Netfilter Core Team
[STDERR  ] 2017-10-06T13:01:53.903046941Z: [    6.733186] ipt_CLUSTERIP: ClusterIP Version 0.8 loaded successfully
[STDOUT  ] 2017-10-06T13:01:53.903044701Z: [    6.755856] Ebtables v2.0 registered
[STDOUT  ] 2017-10-06T13:01:53.903059086Z: [    6.757767] 8021q: 802.1Q VLAN Support v1.8
[STDERR  ] 2017-10-06T13:01:53.903056175Z: [    6.734111] arp_tables: arp_tables: (C) 2002 David S. Miller
[STDOUT  ] 2017-10-06T13:01:53.903068231Z: [    6.759290] 9pnet: Installing 9P2000 support
[STDOUT  ] 2017-10-06T13:01:53.903076887Z: [    6.761356] Key type dns_resolver registered
[STDERR  ] 2017-10-06T13:01:53.903072705Z: [    6.736471] NET: Registered protocol family 10
[STDERR  ] 2017-10-06T13:01:53.903083153Z: [    6.746166] ip6_tables: (C) 2000-2006 Netfilter Core Team
[STDOUT  ] 2017-10-06T13:01:53.903085949Z: [    6.762242] microcode: AMD CPU family 0x6 not supported
[STDERR  ] 2017-10-06T13:01:53.903092196Z: [    6.754291] NET: Registered protocol family 17
[STDOUT  ] 2017-10-06T13:01:53.903100273Z: [    6.766030] registered taskstats version 1
[STDERR  ] 2017-10-06T13:01:53.903101577Z: [    6.755250] Bridge firewalling registered
[STDOUT  ] 2017-10-06T13:01:53.903115481Z: [    6.964972] ata4: SATA link down (SStatus 0 SControl 300)
[STDERR  ] 2017-10-06T13:01:53.903119176Z: [    6.755856] Ebtables v2.0 registered
[STDOUT  ] 2017-10-06T13:01:53.903124519Z: [    6.968035] ata3: SATA link up 1.5 Gbps (SStatus 113 SControl 300)
[STDERR  ] 2017-10-06T13:01:53.903128533Z: [    6.757767] 8021q: 802.1Q VLAN Support v1.8
[STDOUT  ] 2017-10-06T13:01:53.903133509Z: [    6.971185] ata2: SATA link down (SStatus 0 SControl 300)
[STDERR  ] 2017-10-06T13:01:53.903137696Z: [    6.759290] 9pnet: Installing 9P2000 support
[STDOUT  ] 2017-10-06T13:01:53.903149163Z: [    6.971755] ata1: SATA link up 1.5 Gbps (SStatus 113 SControl 300)
[STDERR  ] 2017-10-06T13:01:53.903146749Z: [    6.761356] Key type dns_resolver registered
[STDERR  ] 2017-10-06T13:01:53.903155647Z: [    6.762242] microcode: AMD CPU family 0x6 not supported
[STDOUT  ] 2017-10-06T13:01:53.903158449Z: [    6.973719] ata1.00: ATA-7: QEMU HARDDISK, 2.5+, max UDMA/100
[STDERR  ] 2017-10-06T13:01:53.903164953Z: [    6.766030] registered taskstats version 1
[STDOUT  ] 2017-10-06T13:01:53.903167596Z: [    6.974135] ata1.00: 1048576 sectors, multi 16: LBA48 NCQ (depth 31/32)
[STDERR  ] 2017-10-06T13:01:53.903173996Z: [    6.964972] ata4: SATA link down (SStatus 0 SControl 300)
[STDOUT  ] 2017-10-06T13:01:53.903176783Z: [    6.974786] ata1.00: applying bridge limits
[STDOUT  ] 2017-10-06T13:01:53.903189925Z: [    6.976601] ata1.00: configured for UDMA/100
[STDERR  ] 2017-10-06T13:01:53.903187491Z: [    6.968035] ata3: SATA link up 1.5 Gbps (SStatus 113 SControl 300)
[STDOUT  ] 2017-10-06T13:01:53.903199177Z: [    6.979574] ata5: SATA link down (SStatus 0 SControl 300)
[STDERR  ] 2017-10-06T13:01:53.903200811Z: [    6.971185] ata2: SATA link down (SStatus 0 SControl 300)
[STDOUT  ] 2017-10-06T13:01:53.903212015Z: [    6.985123] ata3.00: ATAPI: QEMU DVD-ROM, 2.5+, max UDMA/100
[STDERR  ] 2017-10-06T13:01:53.903213505Z: [    6.971755] ata1: SATA link up 1.5 Gbps (SStatus 113 SControl 300)
[STDOUT  ] 2017-10-06T13:01:53.903221513Z: [    6.985541] ata3.00: applying bridge limits
[STDERR  ] 2017-10-06T13:01:53.903228336Z: [    6.973719] ata1.00: ATA-7: QEMU HARDDISK, 2.5+, max UDMA/100
[STDOUT  ] 2017-10-06T13:01:53.903230817Z: [    6.986254] ata3.00: configured for UDMA/100
[STDOUT  ] 2017-10-06T13:01:53.903239691Z: [    7.002532] scsi 0:0:0:0: Direct-Access     ATA      QEMU HARDDISK    2.5+ PQ: 0 ANSI: 5
[STDERR  ] 2017-10-06T13:01:53.903239525Z: [    6.974135] ata1.00: 1048576 sectors, multi 16: LBA48 NCQ (depth 31/32)
[STDOUT  ] 2017-10-06T13:01:53.903248925Z: [    7.007625] Key type big_key registered
[STDERR  ] 2017-10-06T13:01:53.903249001Z: [    6.974786] ata1.00: applying bridge limits
[STDOUT  ] 2017-10-06T13:01:53.903258081Z: [    7.021573] sd 0:0:0:0: [sda] 1048576 512-byte logical blocks: (537 MB/512 MiB)
[STDERR  ] 2017-10-06T13:01:53.903259533Z: [    6.976601] ata1.00: configured for UDMA/100
[STDOUT  ] 2017-10-06T13:01:53.903267127Z: [    7.022959] ata6: SATA link down (SStatus 0 SControl 300)
[STDERR  ] 2017-10-06T13:01:53.903268579Z: [    6.979574] ata5: SATA link down (SStatus 0 SControl 300)
[STDOUT  ] 2017-10-06T13:01:53.903276171Z: [    7.024073] sd 0:0:0:0: Attached scsi generic sg0 type 0
[STDERR  ] 2017-10-06T13:01:53.903277649Z: [    6.985123] ata3.00: ATAPI: QEMU DVD-ROM, 2.5+, max UDMA/100
[STDERR  ] 2017-10-06T13:01:53.903286639Z: [    6.985541] ata3.00: applying bridge limits
[STDOUT  ] 2017-10-06T13:01:53.903285309Z: [    7.030839] sd 0:0:0:0: [sda] Write Protect is off
[STDOUT  ] 2017-10-06T13:01:53.903294546Z: [    7.034461] sd 0:0:0:0: [sda] Write cache: enabled, read cache: enabled, doesn't support DPO or FUA
[STDERR  ] 2017-10-06T13:01:53.903295546Z: [    6.986254] ata3.00: configured for UDMA/100
[STDOUT  ] 2017-10-06T13:01:53.903305356Z: [    7.036990] scsi 2:0:0:0: CD-ROM            QEMU     QEMU DVD-ROM     2.5+ PQ: 0 ANSI: 5
[STDERR  ] 2017-10-06T13:01:53.903305399Z: [    7.002532] scsi 0:0:0:0: Direct-Access     ATA      QEMU HARDDISK    2.5+ PQ: 0 ANSI: 5
[STDOUT  ] 2017-10-06T13:01:53.903314749Z: [    7.073289] sr 2:0:0:0: [sr0] scsi3-mmc drive: 4x/4x cd/rw xa/form2 tray
[STDOUT  ] 2017-10-06T13:01:53.903323899Z: [    7.074054] cdrom: Uniform CD-ROM driver Revision: 3.20
[STDERR  ] 2017-10-06T13:01:53.903321169Z: [    7.007625] Key type big_key registered
[STDERR  ] 2017-10-06T13:01:53.903330195Z: [    7.021573] sd 0:0:0:0: [sda] 1048576 512-byte logical blocks: (537 MB/512 MiB)
[STDOUT  ] 2017-10-06T13:01:53.903333045Z: [    7.085736] sr 2:0:0:0: Attached scsi generic sg1 type 5
[STDERR  ] 2017-10-06T13:01:53.903339116Z: [    7.022959] ata6: SATA link down (SStatus 0 SControl 300)
[STDOUT  ] 2017-10-06T13:01:53.903342081Z: [    7.090385] sd 0:0:0:0: [sda] Attached SCSI disk
[STDOUT  ] 2017-10-06T13:01:53.903351351Z: [    7.118745] Key type encrypted registered
[STDERR  ] 2017-10-06T13:01:53.903348121Z: [    7.024073] sd 0:0:0:0: Attached scsi generic sg0 type 0
[STDOUT  ] 2017-10-06T13:01:53.903360621Z: [    7.125035] rtc_cmos 00:00: setting system clock to 2017-10-06 13:01:21 UTC (1507294881)
[STDERR  ] 2017-10-06T13:01:53.903362049Z: [    7.030839] sd 0:0:0:0: [sda] Write Protect is off
[STDOUT  ] 2017-10-06T13:01:53.903370021Z: [    7.272444] Freeing unused kernel memory: 1380K
[STDOUT  ] 2017-10-06T13:01:53.903379063Z: [    7.272703] Write protecting the kernel read-only data: 12288k
[STDERR  ] 2017-10-06T13:01:53.903371443Z: [    7.034461] sd 0:0:0:0: [sda] Write cache: enabled, read cache: enabled, doesn't support DPO or FUA
[STDOUT  ] 2017-10-06T13:01:53.903388253Z: [    7.280935] Freeing unused kernel memory: 140K
[STDERR  ] 2017-10-06T13:01:53.903391741Z: [    7.036990] scsi 2:0:0:0: CD-ROM            QEMU     QEMU DVD-ROM     2.5+ PQ: 0 ANSI: 5
[STDOUT  ] 2017-10-06T13:01:53.903397227Z: [    7.281676] tsc: Refined TSC clocksource calibration: 2600.000 MHz
[STDOUT  ] 2017-10-06T13:01:53.903406583Z: [    7.282158] clocksource: tsc: mask: 0xffffffffffffffff max_cycles: 0x257a3c3232d, max_idle_ns: 440795236700 ns
[STDERR  ] 2017-10-06T13:01:53.903405069Z: [    7.073289] sr 2:0:0:0: [sr0] scsi3-mmc drive: 4x/4x cd/rw xa/form2 tray
[STDERR  ] 2017-10-06T13:01:53.903414417Z: [    7.074054] cdrom: Uniform CD-ROM driver Revision: 3.20
[STDOUT  ] 2017-10-06T13:01:53.903415653Z: [    7.397409] Freeing unused kernel memory: 1400K
[STDERR  ] 2017-10-06T13:01:53.903423751Z: [    7.085736] sr 2:0:0:0: Attached scsi generic sg1 type 5
[STDOUT  ] 2017-10-06T13:01:53.903425171Z: [    8.300691] clocksource: Switched to clocksource tsc
[STDOUT  ] 2017-10-06T13:01:53.903434336Z: 
[STDERR  ] 2017-10-06T13:01:53.903432955Z: [    7.090385] sd 0:0:0:0: [sda] Attached SCSI disk
[STDERR  ] 2017-10-06T13:01:53.903442251Z: [    7.118745] Key type encrypted registered
[STDOUT  ] 2017-10-06T13:01:53.903443616Z: Welcome to LinuxKit
[STDERR  ] 2017-10-06T13:01:53.903451375Z: [    7.125035] rtc_cmos 00:00: setting system clock to 2017-10-06 13:01:21 UTC (1507294881)
[STDERR  ] 2017-10-06T13:01:53.903460599Z: [    7.272444] Freeing unused kernel memory: 1380K
[STDOUT  ] 2017-10-06T13:01:53.903452557Z: 
[STDOUT  ] 2017-10-06T13:01:53.903467241Z:                         ##         .
[STDERR  ] 2017-10-06T13:01:53.903469971Z: [    7.272703] Write protecting the kernel read-only data: 12288k
[STDOUT  ] 2017-10-06T13:01:53.903476315Z:                   ## ## ##        ==
[STDERR  ] 2017-10-06T13:01:53.903479091Z: [    7.280935] Freeing unused kernel memory: 140K
[STDOUT  ] 2017-10-06T13:01:53.903485501Z:                ## ## ## ## ##    ===
[STDERR  ] 2017-10-06T13:01:53.903488171Z: [    7.281676] tsc: Refined TSC clocksource calibration: 2600.000 MHz
[STDOUT  ] 2017-10-06T13:01:53.903494335Z:            /"""""""""""""""""\___/ ===
[STDERR  ] 2017-10-06T13:01:53.903497345Z: [    7.282158] clocksource: tsc: mask: 0xffffffffffffffff max_cycles: 0x257a3c3232d, max_idle_ns: 440795236700 ns
[STDOUT  ] 2017-10-06T13:01:53.903503291Z:           {                       /  ===-
[STDERR  ] 2017-10-06T13:01:53.903506805Z: [    7.397409] Freeing unused kernel memory: 1400K
[STDOUT  ] 2017-10-06T13:01:53.903512295Z:            \______ O           __/
[STDERR  ] 2017-10-06T13:01:53.903520993Z: [    8.300691] clocksource: Switched to clocksource tsc
[STDOUT  ] 2017-10-06T13:01:53.903522427Z:              \    \         __/
[STDERR  ] 2017-10-06T13:01:53.903530175Z: 
[STDOUT  ] 2017-10-06T13:01:53.903531667Z:               \____\_______/
[STDOUT  ] 2017-10-06T13:01:53.903540991Z: 
[STDERR  ] 2017-10-06T13:01:53.903539676Z: Welcome to LinuxKit
[STDOUT  ] 2017-10-06T13:01:53.903551236Z: [   19.179726] IPVS: Creating netns size=2104 id=1
[STDERR  ] 2017-10-06T13:01:53.903549357Z: 
[STDOUT  ] 2017-10-06T13:01:53.903560385Z: [   19.180965] IPVS: ftp: loaded support on port[0] = 21
[STDERR  ] 2017-10-06T13:01:53.903564887Z:                         ##         .
[STDOUT  ] 2017-10-06T13:01:53.903569361Z: 2017/10/06 13:01:35 Creating partition on /dev/sda
[STDERR  ] 2017-10-06T13:01:53.903573927Z:                   ## ## ##        ==
[STDOUT  ] 2017-10-06T13:01:53.903578372Z: [   20.836540] random: fast init done
[STDERR  ] 2017-10-06T13:01:53.903583012Z:                ## ## ## ## ##    ===
[STDOUT  ] 2017-10-06T13:01:53.90358924Z: [   20.896962]  sda:
[STDERR  ] 2017-10-06T13:01:53.903592122Z:            /"""""""""""""""""\___/ ===
[STDERR  ] 2017-10-06T13:01:53.903606562Z:           {                       /  ===-
[STDOUT  ] 2017-10-06T13:01:53.903598418Z: [   20.959280]  sda:
[STDERR  ] 2017-10-06T13:01:53.903619272Z:            \______ O           __/
[STDOUT  ] 2017-10-06T13:01:53.903622272Z: [   20.989446]  sda: sda1
[STDERR  ] 2017-10-06T13:01:53.903628362Z:              \    \         __/
[STDOUT  ] 2017-10-06T13:01:53.903631412Z: [   21.050633]  sda: sda1
[STDERR  ] 2017-10-06T13:01:53.903642836Z:               \____\_______/
[STDOUT  ] 2017-10-06T13:01:53.90364457Z: [   22.648205] mkfs.xfs: sending ioctl 1261 to a partition!
[STDERR  ] 2017-10-06T13:01:53.903652268Z: 
[STDOUT  ] 2017-10-06T13:01:53.903653826Z: 2017/10/06 13:01:37 Partition /dev/sda1 successfully created!
[STDERR  ] 2017-10-06T13:01:53.903661686Z: [   19.179726] IPVS: Creating netns size=2104 id=1
[STDOUT  ] 2017-10-06T13:01:53.903663136Z: [   23.127432] IPVS: Creating netns size=2104 id=2
[STDERR  ] 2017-10-06T13:01:53.903670947Z: [   19.180965] IPVS: ftp: loaded support on port[0] = 21
[STDOUT  ] 2017-10-06T13:01:53.903671977Z: [   23.127727] IPVS: ftp: loaded support on port[0] = 21
[STDERR  ] 2017-10-06T13:01:53.903680348Z: 2017/10/06 13:01:35 Creating partition on /dev/sda
[STDOUT  ] 2017-10-06T13:01:53.903681062Z: [   24.551927] FAT-fs (sda1): utf8 is not a recommended IO charset for FAT filesystems, filesystem will be case sensitive!
[STDOUT  ] 2017-10-06T13:01:53.903691308Z: [   24.556993] FAT-fs (sda1): utf8 is not a recommended IO charset for FAT filesystems, filesystem will be case sensitive!
[STDERR  ] 2017-10-06T13:01:53.903689416Z: [   20.836540] random: fast init done
[STDOUT  ] 2017-10-06T13:01:53.903700492Z: [   24.560795] mount: sending ioctl 5310 to a partition!
[STDERR  ] 2017-10-06T13:01:53.903698542Z: [   20.896962]  sda:
[STDERR  ] 2017-10-06T13:01:53.903707747Z: [   20.959280]  sda:
[STDERR  ] 2017-10-06T13:01:53.903716832Z: [   20.989446]  sda: sda1
[STDOUT  ] 2017-10-06T13:01:53.903709384Z: [   24.595612] mount: sending ioctl 5310 to a partition!
[STDERR  ] 2017-10-06T13:01:53.903725646Z: [   21.050633]  sda: sda1
[STDERR  ] 2017-10-06T13:01:53.903735084Z: [   22.648205] mkfs.xfs: sending ioctl 1261 to a partition!
[STDOUT  ] 2017-10-06T13:01:53.903731042Z: [   24.597232] UDF-fs: warning (device sda1): udf_fill_super: No partition found (2)
[STDOUT  ] 2017-10-06T13:01:53.903741402Z: [   24.613950] XFS (sda1): Mounting V5 Filesystem
[STDERR  ] 2017-10-06T13:01:53.903744164Z: 2017/10/06 13:01:37 Partition /dev/sda1 successfully created!
[STDOUT  ] 2017-10-06T13:01:53.90375044Z: [   24.643347] XFS (sda1): Ending clean mount
[STDERR  ] 2017-10-06T13:01:53.903753296Z: [   23.127432] IPVS: Creating netns size=2104 id=2
[STDERR  ] 2017-10-06T13:01:53.903762358Z: [   23.127727] IPVS: ftp: loaded support on port[0] = 21
[STDOUT  ] 2017-10-06T13:01:53.903759612Z: format_mount test suite PASSED
[STDOUT  ] 2017-10-06T13:01:53.903768656Z: [   38.338011] sd 0:0:0:0: [sda] Synchronizing SCSI cache
[STDERR  ] 2017-10-06T13:01:53.90377164Z: [   24.551927] FAT-fs (sda1): utf8 is not a recommended IO charset for FAT filesystems, filesystem will be case sensitive!
[STDERR  ] 2017-10-06T13:01:53.903781068Z: [   24.556993] FAT-fs (sda1): utf8 is not a recommended IO charset for FAT filesystems, filesystem will be case sensitive!
[STDOUT  ] 2017-10-06T13:01:53.903777572Z: [   38.339186] sd 0:0:0:0: [sda] Stopping disk
[STDOUT  ] 2017-10-06T13:01:53.903787412Z: [   38.343352] ACPI: Preparing to enter system sleep state S5
[STDERR  ] 2017-10-06T13:01:53.903790334Z: [   24.560795] mount: sending ioctl 5310 to a partition!
[STDOUT  ] 2017-10-06T13:01:53.90379661Z: [   38.344613] reboot: Power down
[STDERR  ] 2017-10-06T13:01:53.903799482Z: [   24.595612] mount: sending ioctl 5310 to a partition!
[STDERR  ] 2017-10-06T13:01:53.903808274Z: [   24.597232] UDF-fs: warning (device sda1): udf_fill_super: No partition found (2)
[STDERR  ] 2017-10-06T13:01:53.903816328Z: [   24.613950] XFS (sda1): Mounting V5 Filesystem
[STDERR  ] 2017-10-06T13:01:53.903824598Z: [   24.643347] XFS (sda1): Ending clean mount
[STDERR  ] 2017-10-06T13:01:53.903838357Z: format_mount test suite PASSED
[STDERR  ] 2017-10-06T13:01:53.90384713Z: [   38.338011] sd 0:0:0:0: [sda] Synchronizing SCSI cache
[STDERR  ] 2017-10-06T13:01:53.903855642Z: [   38.339186] sd 0:0:0:0: [sda] Stopping disk
[STDERR  ] 2017-10-06T13:01:53.903863682Z: [   38.343352] ACPI: Preparing to enter system sleep state S5
[STDERR  ] 2017-10-06T13:01:53.903871892Z: [   38.344613] reboot: Power down
[STDERR  ] 2017-10-06T13:01:53.903886052Z: + echo [    0.000000] Linux version 4.9.52-linuxkit (root@8c8ea8e3851f) (gcc version 6.3.0 (Alpine 6.3.0) ) #1 SMP Mon Oct 2 14:33:48 UTC 2017
[STDERR  ] 2017-10-06T13:01:53.903895884Z: [    0.000000] Command line: console=ttyS0
[STDERR  ] 2017-10-06T13:01:53.903904757Z: [    0.000000] x86/fpu: Legacy x87 FPU detected.
[STDERR  ] 2017-10-06T13:01:53.904613119Z: [    0.000000] x86/fpu: Using 'eager' FPU context switches.
[STDERR  ] 2017-10-06T13:01:53.904661998Z: [    0.000000] e820: BIOS-provided physical RAM map:
[STDERR  ] 2017-10-06T13:01:53.904673123Z: [    0.000000] BIOS-e820: [mem 0x0000000000000000-0x000000000009fbff] usable
[STDERR  ] 2017-10-06T13:01:53.904686649Z: [    0.000000] BIOS-e820: [mem 0x000000000009fc00-0x000000000009ffff] reserved
[STDERR  ] 2017-10-06T13:01:53.904696228Z: [    0.000000] BIOS-e820: [mem 0x00000000000f0000-0x00000000000fffff] reserved
[STDERR  ] 2017-10-06T13:01:53.904708541Z: [    0.000000] BIOS-e820: [mem 0x0000000000100000-0x000000003ffdefff] usable
[STDERR  ] 2017-10-06T13:01:53.904718841Z: [    0.000000] BIOS-e820: [mem 0x000000003ffdf000-0x000000003fffffff] reserved
[STDERR  ] 2017-10-06T13:01:53.904728749Z: [    0.000000] BIOS-e820: [mem 0x00000000b0000000-0x00000000bfffffff] reserved
[STDERR  ] 2017-10-06T13:01:53.904738485Z: [    0.000000] BIOS-e820: [mem 0x00000000fed1c000-0x00000000fed1ffff] reserved
[STDERR  ] 2017-10-06T13:01:53.904747847Z: [    0.000000] BIOS-e820: [mem 0x00000000fffc0000-0x00000000ffffffff] reserved
[STDERR  ] 2017-10-06T13:01:53.904758399Z: [    0.000000] NX (Execute Disable) protection: active
[STDERR  ] 2017-10-06T13:01:53.904767129Z: [    0.000000] SMBIOS 2.8 present.
[STDERR  ] 2017-10-06T13:01:53.904776818Z: [    0.000000] e820: last_pfn = 0x3ffdf max_arch_pfn = 0x400000000
[STDERR  ] 2017-10-06T13:01:53.904786741Z: [    0.000000] x86/PAT: Configuration [0-7]: WB  WC  UC- UC  WB  WC  UC- WT  
[STDERR  ] 2017-10-06T13:01:53.904796793Z: [    0.000000] found SMP MP-table at [mem 0x000f6aa0-0x000f6aaf] mapped at [ffff917d000f6aa0]
[STDERR  ] 2017-10-06T13:01:53.904808659Z: [    0.000000] RAMDISK: [mem 0x3e130000-0x3ffcffff]
[STDERR  ] 2017-10-06T13:01:53.904818441Z: [    0.000000] ACPI: Early table checksum verification disabled
[STDERR  ] 2017-10-06T13:01:53.904828091Z: [    0.000000] ACPI: RSDP 0x00000000000F68C0 000014 (v00 BOCHS )
[STDERR  ] 2017-10-06T13:01:53.904838149Z: [    0.000000] ACPI: RSDT 0x000000003FFE2404 000034 (v01 BOCHS  BXPCRSDT 00000001 BXPC 00000001)
[STDERR  ] 2017-10-06T13:01:53.904849479Z: [    0.000000] ACPI: FACP 0x000000003FFE22A4 000074 (v01 BOCHS  BXPCFACP 00000001 BXPC 00000001)
[STDERR  ] 2017-10-06T13:01:53.904860188Z: [    0.000000] ACPI: DSDT 0x000000003FFE0040 002264 (v01 BOCHS  BXPCDSDT 00000001 BXPC 00000001)
[STDERR  ] 2017-10-06T13:01:53.904869749Z: [    0.000000] ACPI: FACS 0x000000003FFE0000 000040
[STDERR  ] 2017-10-06T13:01:53.904879555Z: [    0.000000] ACPI: APIC 0x000000003FFE2318 000078 (v01 BOCHS  BXPCAPIC 00000001 BXPC 00000001)
[STDERR  ] 2017-10-06T13:01:53.904889413Z: [    0.000000] ACPI: HPET 0x000000003FFE2390 000038 (v01 BOCHS  BXPCHPET 00000001 BXPC 00000001)
[STDERR  ] 2017-10-06T13:01:53.904899197Z: [    0.000000] ACPI: MCFG 0x000000003FFE23C8 00003C (v01 BOCHS  BXPCMCFG 00000001 BXPC 00000001)
[STDERR  ] 2017-10-06T13:01:53.904908723Z: [    0.000000] Zone ranges:
[STDERR  ] 2017-10-06T13:01:53.904918708Z: [    0.000000]   DMA      [mem 0x0000000000001000-0x0000000000ffffff]
[STDERR  ] 2017-10-06T13:01:53.904928115Z: [    0.000000]   DMA32    [mem 0x0000000001000000-0x000000003ffdefff]
[STDERR  ] 2017-10-06T13:01:53.904937728Z: [    0.000000]   Normal   empty
[STDERR  ] 2017-10-06T13:01:53.904954537Z: [    0.000000] Movable zone start for each node
[STDERR  ] 2017-10-06T13:01:53.904963533Z: [    0.000000] Early memory node ranges
[STDERR  ] 2017-10-06T13:01:53.904973167Z: [    0.000000]   node   0: [mem 0x0000000000001000-0x000000000009efff]
[STDERR  ] 2017-10-06T13:01:53.904981555Z: [    0.000000]   node   0: [mem 0x0000000000100000-0x000000003ffdefff]
[STDERR  ] 2017-10-06T13:01:53.904994863Z: [    0.000000] Initmem setup node 0 [mem 0x0000000000001000-0x000000003ffdefff]
[STDERR  ] 2017-10-06T13:01:53.905003843Z: [    0.000000] ACPI: PM-Timer IO Port: 0x608
[STDERR  ] 2017-10-06T13:01:53.905012613Z: [    0.000000] ACPI: LAPIC_NMI (acpi_id[0xff] dfl dfl lint[0x1])
[STDERR  ] 2017-10-06T13:01:53.905021535Z: [    0.000000] IOAPIC[0]: apic_id 0, version 32, address 0xfec00000, GSI 0-23
[STDERR  ] 2017-10-06T13:01:53.905032833Z: [    0.000000] ACPI: INT_SRC_OVR (bus 0 bus_irq 0 global_irq 2 dfl dfl)
[STDERR  ] 2017-10-06T13:01:53.905042247Z: [    0.000000] ACPI: INT_SRC_OVR (bus 0 bus_irq 5 global_irq 5 high level)
[STDERR  ] 2017-10-06T13:01:53.905051157Z: [    0.000000] ACPI: INT_SRC_OVR (bus 0 bus_irq 9 global_irq 9 high level)
[STDERR  ] 2017-10-06T13:01:53.905061225Z: [    0.000000] ACPI: INT_SRC_OVR (bus 0 bus_irq 10 global_irq 10 high level)
[STDERR  ] 2017-10-06T13:01:53.905069607Z: [    0.000000] ACPI: INT_SRC_OVR (bus 0 bus_irq 11 global_irq 11 high level)
[STDERR  ] 2017-10-06T13:01:53.905077959Z: [    0.000000] Using ACPI (MADT) for SMP configuration information
[STDERR  ] 2017-10-06T13:01:53.905087348Z: [    0.000000] ACPI: HPET id: 0x8086a201 base: 0xfed00000
[STDERR  ] 2017-10-06T13:01:53.905097493Z: [    0.000000] smpboot: Allowing 1 CPUs, 0 hotplug CPUs
[STDERR  ] 2017-10-06T13:01:53.905108067Z: [    0.000000] e820: [mem 0x40000000-0xafffffff] available for PCI devices
[STDERR  ] 2017-10-06T13:01:53.905117335Z: [    0.000000] Booting paravirtualized kernel on bare hardware
[STDERR  ] 2017-10-06T13:01:53.905126129Z: [    0.000000] clocksource: refined-jiffies: mask: 0xffffffff max_cycles: 0xffffffff, max_idle_ns: 19112604462750000 ns
[STDERR  ] 2017-10-06T13:01:53.905137768Z: [    0.000000] setup_percpu: NR_CPUS:128 nr_cpumask_bits:128 nr_cpu_ids:1 nr_node_ids:1
[STDERR  ] 2017-10-06T13:01:53.905146623Z: [    0.000000] percpu: Embedded 35 pages/cpu @ffff917d3de00000 s105240 r8192 d29928 u2097152
[STDERR  ] 2017-10-06T13:01:53.905160211Z: [    0.000000] Built 1 zonelists in Zone order, mobility grouping on.  Total pages: 257896
[STDERR  ] 2017-10-06T13:01:53.905171679Z: [    0.000000] Kernel command line: console=ttyS0
[STDERR  ] 2017-10-06T13:01:53.905180968Z: [    0.000000] PID hash table entries: 4096 (order: 3, 32768 bytes)
[STDERR  ] 2017-10-06T13:01:53.905190028Z: [    0.000000] Dentry cache hash table entries: 131072 (order: 8, 1048576 bytes)
[STDERR  ] 2017-10-06T13:01:53.905200253Z: [    0.000000] Inode-cache hash table entries: 65536 (order: 7, 524288 bytes)
[STDERR  ] 2017-10-06T13:01:53.905211373Z: [    0.000000] Memory: 982812K/1048052K available (8035K kernel code, 1367K rwdata, 2696K rodata, 1380K init, 568K bss, 65240K reserved, 0K cma-reserved)
[STDERR  ] 2017-10-06T13:01:53.905223398Z: [    0.000000] Hierarchical RCU implementation.
[STDERR  ] 2017-10-06T13:01:53.905232609Z: [    0.000000] 	Build-time adjustment of leaf fanout to 64.
[STDERR  ] 2017-10-06T13:01:53.905242413Z: [    0.000000] 	RCU restricting CPUs from NR_CPUS=128 to nr_cpu_ids=1.
[STDERR  ] 2017-10-06T13:01:53.905252269Z: [    0.000000] RCU: Adjusting geometry for rcu_fanout_leaf=64, nr_cpu_ids=1
[STDERR  ] 2017-10-06T13:01:53.905264266Z: [    0.000000] NR_IRQS:8448 nr_irqs:256 16
[STDERR  ] 2017-10-06T13:01:53.905274138Z: [    0.000000] Console: colour VGA+ 80x25
[STDERR  ] 2017-10-06T13:01:53.905283418Z: [    0.000000] console [ttyS0] enabled
[STDERR  ] 2017-10-06T13:01:53.905293699Z: [    0.000000] clocksource: hpet: mask: 0xffffffff max_cycles: 0xffffffff, max_idle_ns: 19112604467 ns
[STDERR  ] 2017-10-06T13:01:53.90530319Z: [    0.000000] tsc: Fast TSC calibration using PIT
[STDERR  ] 2017-10-06T13:01:53.905320962Z: [    0.000000] tsc: Detected 2599.982 MHz processor
[STDERR  ] 2017-10-06T13:01:53.905330316Z: [    0.022245] Calibrating delay loop (skipped), value calculated using timer frequency.. 5199.96 BogoMIPS (lpj=25999820)
[STDERR  ] 2017-10-06T13:01:53.905341552Z: [    0.023632] pid_max: default: 32768 minimum: 301
[STDERR  ] 2017-10-06T13:01:53.905356998Z: [    0.030674] ACPI: Core revision 20160831
[STDERR  ] 2017-10-06T13:01:53.905367532Z: [    0.073780] ACPI: 1 ACPI AML tables successfully acquired and loaded
[STDERR  ] 2017-10-06T13:01:53.90537634Z: [    0.078664] Security Framework initialized
[STDERR  ] 2017-10-06T13:01:53.905384799Z: [    0.079113] Yama: becoming mindful.
[STDERR  ] 2017-10-06T13:01:53.905393122Z: [    0.081420] Mount-cache hash table entries: 2048 (order: 2, 16384 bytes)
[STDERR  ] 2017-10-06T13:01:53.905402088Z: [    0.082007] Mountpoint-cache hash table entries: 2048 (order: 2, 16384 bytes)
[STDERR  ] 2017-10-06T13:01:53.905410606Z: [    0.100722] Last level iTLB entries: 4KB 0, 2MB 0, 4MB 0
[STDERR  ] 2017-10-06T13:01:53.90541993Z: [    0.101249] Last level dTLB entries: 4KB 0, 2MB 0, 4MB 0, 1GB 0
[STDERR  ] 2017-10-06T13:01:53.905428728Z: [    0.394935] Freeing SMP alternatives memory: 20K
[STDERR  ] 2017-10-06T13:01:53.905438944Z: [    0.405249] ftrace: allocating 35516 entries in 139 pages
[STDERR  ] 2017-10-06T13:01:53.905447956Z: [    0.560615] smpboot: Max logical packages: 1
[STDERR  ] 2017-10-06T13:01:53.905458719Z: [    0.567649] ..TIMER: vector=0x30 apic1=0 pin1=2 apic2=-1 pin2=-1
[STDERR  ] 2017-10-06T13:01:53.905487209Z: [    0.670000] smpboot: CPU0: AMD QEMU Virtual CPU version 2.5+ (family: 0x6, model: 0x6, stepping: 0x3)
[STDERR  ] 2017-10-06T13:01:53.905498292Z: [    0.670000] Performance Events: PMU not available due to virtualization, using software events only.
[STDERR  ] 2017-10-06T13:01:53.905506704Z: [    0.678985] NMI watchdog: disabled (cpu0): hardware events not enabled
[STDERR  ] 2017-10-06T13:01:53.905517076Z: [    0.679232] NMI watchdog: Shutting down hard lockup detector on all cpus
[STDERR  ] 2017-10-06T13:01:53.905526334Z: [    0.683403] x86: Booted up 1 node, 1 CPUs
[STDERR  ] 2017-10-06T13:01:53.905536184Z: [    0.683904] smpboot: Total of 1 processors activated (5199.96 BogoMIPS)
[STDERR  ] 2017-10-06T13:01:53.905545469Z: [    0.697575] devtmpfs: initialized
[STDERR  ] 2017-10-06T13:01:53.905554784Z: [    0.704492] x86/mm: Memory block size: 128MB
[STDERR  ] 2017-10-06T13:01:53.905563984Z: [    0.764546] clocksource: jiffies: mask: 0xffffffff max_cycles: 0xffffffff, max_idle_ns: 19112604462750000 ns
[STDERR  ] 2017-10-06T13:01:53.905573254Z: [    0.767099] futex hash table entries: 256 (order: 2, 16384 bytes)
[STDERR  ] 2017-10-06T13:01:53.905582394Z: [    0.775786] NET: Registered protocol family 16
[STDERR  ] 2017-10-06T13:01:53.905591244Z: [    0.785373] cpuidle: using governor ladder
[STDERR  ] 2017-10-06T13:01:53.905600294Z: [    0.785860] cpuidle: using governor menu
[STDERR  ] 2017-10-06T13:01:53.905615922Z: [    0.787442] ACPI: bus type PCI registered
[STDERR  ] 2017-10-06T13:01:53.905627054Z: [    0.792323] PCI: MMCONFIG for domain 0000 [bus 00-ff] at [mem 0xb0000000-0xbfffffff] (base 0xb0000000)
[STDERR  ] 2017-10-06T13:01:53.905637112Z: [    0.793079] PCI: MMCONFIG at [mem 0xb0000000-0xbfffffff] reserved in E820
[STDERR  ] 2017-10-06T13:01:53.905646354Z: [    0.794520] PCI: Using configuration type 1 for base access
[STDERR  ] 2017-10-06T13:01:53.90565583Z: [    0.849277] HugeTLB registered 2 MB page size, pre-allocated 0 pages
[STDERR  ] 2017-10-06T13:01:53.90566492Z: [    0.861405] ACPI: Added _OSI(Module Device)
[STDERR  ] 2017-10-06T13:01:53.905674088Z: [    0.861912] ACPI: Added _OSI(Processor Device)
[STDERR  ] 2017-10-06T13:01:53.905683036Z: [    0.862290] ACPI: Added _OSI(3.0 _SCP Extensions)
[STDERR  ] 2017-10-06T13:01:53.905692926Z: [    0.862602] ACPI: Added _OSI(Processor Aggregator Device)
[STDERR  ] 2017-10-06T13:01:53.905703544Z: [    0.932731] ACPI: Interpreter enabled
[STDERR  ] 2017-10-06T13:01:53.905718908Z: [    0.933685] ACPI: (supports S0 S5)
[STDERR  ] 2017-10-06T13:01:53.905728228Z: [    0.934033] ACPI: Using IOAPIC for interrupt routing
[STDERR  ] 2017-10-06T13:01:53.905737412Z: [    0.936818] PCI: Using host bridge windows from ACPI; if necessary, use "pci=nocrs" and report a bug
[STDERR  ] 2017-10-06T13:01:53.90574718Z: [    0.997634] ACPI: PCI Root Bridge [PCI0] (domain 0000 [bus 00-ff])
[STDERR  ] 2017-10-06T13:01:53.905760362Z: [    0.998880] acpi PNP0A08:00: _OSC: OS supports [ExtendedConfig ASPM ClockPM Segments MSI]
[STDERR  ] 2017-10-06T13:01:53.90577002Z: [    1.005473] acpi PNP0A08:00: _OSC: OS now controls [PCIeHotplug PME PCIeCapability]
[STDERR  ] 2017-10-06T13:01:53.90577896Z: [    1.009164] PCI host bridge to bus 0000:00
[STDERR  ] 2017-10-06T13:01:53.905788388Z: [    1.009695] pci_bus 0000:00: root bus resource [io  0x0000-0x0cf7 window]
[STDERR  ] 2017-10-06T13:01:53.90579742Z: [    1.010606] pci_bus 0000:00: root bus resource [io  0x0d00-0xffff window]
[STDERR  ] 2017-10-06T13:01:53.905806436Z: [    1.011063] pci_bus 0000:00: root bus resource [mem 0x000a0000-0x000bffff window]
[STDERR  ] 2017-10-06T13:01:53.905815404Z: [    1.011513] pci_bus 0000:00: root bus resource [mem 0xc0000000-0xfebfffff window]
[STDERR  ] 2017-10-06T13:01:53.905825874Z: [    1.012189] pci_bus 0000:00: root bus resource [bus 00-ff]
[STDERR  ] 2017-10-06T13:01:53.905834884Z: [    1.118991] pci 0000:00:1f.0: quirk: [io  0x0600-0x067f] claimed by ICH6 ACPI/GPIO/TCO
[STDERR  ] 2017-10-06T13:01:53.905843909Z: [    1.181384] ACPI: PCI Interrupt Link [LNKA] (IRQs 5 *10 11)
[STDERR  ] 2017-10-06T13:01:53.905853084Z: [    1.184084] ACPI: PCI Interrupt Link [LNKB] (IRQs 5 *10 11)
[STDERR  ] 2017-10-06T13:01:53.905862104Z: [    1.186446] ACPI: PCI Interrupt Link [LNKC] (IRQs 5 10 *11)
[STDERR  ] 2017-10-06T13:01:53.905871069Z: [    1.188836] ACPI: PCI Interrupt Link [LNKD] (IRQs 5 10 *11)
[STDERR  ] 2017-10-06T13:01:53.905880874Z: [    1.191588] ACPI: PCI Interrupt Link [LNKE] (IRQs 5 *10 11)
[STDERR  ] 2017-10-06T13:01:53.905893109Z: [    1.193384] ACPI: PCI Interrupt Link [LNKF] (IRQs 5 *10 11)
[STDERR  ] 2017-10-06T13:01:53.905902894Z: [    1.195262] ACPI: PCI Interrupt Link [LNKG] (IRQs 5 10 *11)
[STDERR  ] 2017-10-06T13:01:53.905912082Z: [    1.198056] ACPI: PCI Interrupt Link [LNKH] (IRQs 5 10 *11)
[STDERR  ] 2017-10-06T13:01:53.905920864Z: [    1.199194] ACPI: PCI Interrupt Link [GSIA] (IRQs *16)
[STDERR  ] 2017-10-06T13:01:53.905930434Z: [    1.200204] ACPI: PCI Interrupt Link [GSIB] (IRQs *17)
[STDERR  ] 2017-10-06T13:01:53.905939344Z: [    1.200876] ACPI: PCI Interrupt Link [GSIC] (IRQs *18)
[STDERR  ] 2017-10-06T13:01:53.90595072Z: [    1.201617] ACPI: PCI Interrupt Link [GSID] (IRQs *19)
[STDERR  ] 2017-10-06T13:01:53.905959888Z: [    1.202396] ACPI: PCI Interrupt Link [GSIE] (IRQs *20)
[STDERR  ] 2017-10-06T13:01:53.905970484Z: [    1.203109] ACPI: PCI Interrupt Link [GSIF] (IRQs *21)
[STDERR  ] 2017-10-06T13:01:53.905979616Z: [    1.203759] ACPI: PCI Interrupt Link [GSIG] (IRQs *22)
[STDERR  ] 2017-10-06T13:01:53.905988612Z: [    1.204501] ACPI: PCI Interrupt Link [GSIH] (IRQs *23)
[STDERR  ] 2017-10-06T13:01:53.905997344Z: [    1.208242] ACPI: Enabled 2 GPEs in block 00 to 3F
[STDERR  ] 2017-10-06T13:01:53.9060063Z: [    1.212653] SCSI subsystem initialized
[STDERR  ] 2017-10-06T13:01:53.906015734Z: [    1.214594] ACPI: bus type USB registered
[STDERR  ] 2017-10-06T13:01:53.90602483Z: [    1.215671] usbcore: registered new interface driver usbfs
[STDERR  ] 2017-10-06T13:01:53.906033634Z: [    1.216615] usbcore: registered new interface driver hub
[STDERR  ] 2017-10-06T13:01:53.906042444Z: [    1.217474] usbcore: registered new device driver usb
[STDERR  ] 2017-10-06T13:01:53.906051314Z: [    1.218659] pps_core: LinuxPPS API ver. 1 registered
[STDERR  ] 2017-10-06T13:01:53.906060468Z: [    1.219006] pps_core: Software ver. 5.3.6 - Copyright 2005-2007 Rodolfo Giometti <giometti@linux.it>
[STDERR  ] 2017-10-06T13:01:53.906069929Z: [    1.219794] PTP clock support registered
[STDERR  ] 2017-10-06T13:01:53.906083782Z: [    1.221019] wmi: Mapper loaded
[STDERR  ] 2017-10-06T13:01:53.906092964Z: [    1.222177] PCI: Using ACPI for IRQ routing
[STDERR  ] 2017-10-06T13:01:53.906102158Z: [    1.239628] NetLabel: Initializing
[STDERR  ] 2017-10-06T13:01:53.906111329Z: [    1.240091] NetLabel:  domain hash size = 128
[STDERR  ] 2017-10-06T13:01:53.906122836Z: [    1.240509] NetLabel:  protocols = UNLABELED CIPSOv4
[STDERR  ] 2017-10-06T13:01:53.906137409Z: [    1.243332] NetLabel:  unlabeled traffic allowed by default
[STDERR  ] 2017-10-06T13:01:53.906146928Z: [    1.244503] HPET: 3 timers in total, 0 timers will be used for per-cpu timer
[STDERR  ] 2017-10-06T13:01:53.906156282Z: [    1.245324] hpet0: at MMIO 0xfed00000, IRQs 2, 8, 0
[STDERR  ] 2017-10-06T13:01:53.906165315Z: [    1.245899] hpet0: 3 comparators, 64-bit 100.000000 MHz counter
[STDERR  ] 2017-10-06T13:01:53.90617411Z: [    1.251627] clocksource: Switched to clocksource hpet
[STDERR  ] 2017-10-06T13:01:53.906183149Z: [    1.499175] VFS: Disk quotas dquot_6.6.0
[STDERR  ] 2017-10-06T13:01:53.906193321Z: [    1.500007] VFS: Dquot-cache hash table entries: 512 (order 0, 4096 bytes)
[STDERR  ] 2017-10-06T13:01:53.906203917Z: [    1.504169] FS-Cache: Loaded
[STDERR  ] 2017-10-06T13:01:53.906213063Z: [    1.509063] CacheFiles: Loaded
[STDERR  ] 2017-10-06T13:01:53.906222041Z: [    1.511018] pnp: PnP ACPI init
[STDERR  ] 2017-10-06T13:01:53.906232119Z: [    1.522161] pnp: PnP ACPI: found 5 devices
[STDERR  ] 2017-10-06T13:01:53.906241357Z: [    1.571233] clocksource: acpi_pm: mask: 0xffffff max_cycles: 0xffffff, max_idle_ns: 2085701024 ns
[STDERR  ] 2017-10-06T13:01:53.906250405Z: [    1.575115] NET: Registered protocol family 2
[STDERR  ] 2017-10-06T13:01:53.906259669Z: [    1.582847] TCP established hash table entries: 8192 (order: 4, 65536 bytes)
[STDERR  ] 2017-10-06T13:01:53.906268957Z: [    1.583724] TCP bind hash table entries: 8192 (order: 5, 131072 bytes)
