[INFO    ] 2018-02-14T12:08:21.917548958Z: Running Test linuxkit.packages.extend.btrfs in /tmp/with_clonef191148/test/cases/040_packages/005_extend/001_btrfs
[INFO    ] 2018-02-14T12:08:21.917678479Z: Running command: [/bin/sh -x /tmp/with_clonef191148/test/cases/040_packages/005_extend/001_btrfs/test.sh]
[STDERR  ] 2018-02-14T12:08:21.918203397Z: + set -ex
[STDERR  ] 2018-02-14T12:08:21.9182961Z: + . /tmp/with_clonef191148/test/cases/_lib/lib.sh
[STDERR  ] 2018-02-14T12:08:21.918375689Z: + [ -f src/github.com/linuxkit/rtf/lib/lib.sh ]
[STDERR  ] 2018-02-14T12:08:21.918456739Z: + LINUXKIT_TMPDIR=/tmp/with_clonef191148/test/cases/_tmp
[STDERR  ] 2018-02-14T12:08:21.91852884Z: + [ -f /tmp/with_clonef191148/test/cases/_tmp/env.sh ]
[STDERR  ] 2018-02-14T12:08:21.918599295Z: + . /tmp/with_clonef191148/test/cases/_tmp/env.sh
[STDERR  ] 2018-02-14T12:08:21.918660167Z: + export LINUXKIT_EXAMPLES_DIR=/tmp/with_clonef191148/test/cases/../../examples
[STDERR  ] 2018-02-14T12:08:21.918702583Z: + RT_CANCEL=253
[STDERR  ] 2018-02-14T12:08:21.918753619Z: + NAME_CREATE=extend-btrfs
[STDERR  ] 2018-02-14T12:08:21.918790581Z: + NAME_EXTEND=extend-btrfs
[STDERR  ] 2018-02-14T12:08:21.918829874Z: + DISK=disk.img
[STDERR  ] 2018-02-14T12:08:21.91888323Z: + trap clean_up EXIT
[STDERR  ] 2018-02-14T12:08:21.918977815Z: + linuxkit build -name extend-btrfs -format kernel+initrd test-create.yml
[STDERR  ] 2018-02-14T12:08:21.94951665Z: Extract kernel image: linuxkit/kernel:4.9.81
[STDERR  ] 2018-02-14T12:08:23.050503683Z: time="2018-02-14T12:08:23Z" level=warning msg="certificate with CN Justin Cormack is near expiry"
[STDERR  ] 2018-02-14T12:08:23.050640338Z: time="2018-02-14T12:08:23Z" level=warning msg="certificate with CN  is near expiry"
[STDERR  ] 2018-02-14T12:08:23.050809333Z: time="2018-02-14T12:08:23Z" level=warning msg="certificate with CN  is near expiry"
[STDERR  ] 2018-02-14T12:08:23.051123159Z: time="2018-02-14T12:08:23Z" level=warning msg="certificate with CN avi@atomicinc.com is near expiry"
[STDERR  ] 2018-02-14T12:08:23.051280352Z: time="2018-02-14T12:08:23Z" level=warning msg="certificate with CN Ian Campbell is near expiry"
[STDERR  ] 2018-02-14T12:08:23.101942881Z: time="2018-02-14T12:08:23Z" level=warning msg="certificate with CN Justin Cormack is near expiry"
[STDERR  ] 2018-02-14T12:08:26.028303706Z: Add init containers:
[STDERR  ] 2018-02-14T12:08:26.028368489Z: Process init image: linuxkit/init:6061875ba11fd9c563fda6234b103ed9997ff782
[STDERR  ] 2018-02-14T12:08:26.970957262Z: time="2018-02-14T12:08:26Z" level=warning msg="certificate with CN  is near expiry"
[STDERR  ] 2018-02-14T12:08:26.971006185Z: time="2018-02-14T12:08:26Z" level=warning msg="certificate with CN avi@atomicinc.com is near expiry"
[STDERR  ] 2018-02-14T12:08:26.971054946Z: time="2018-02-14T12:08:26Z" level=warning msg="certificate with CN Ian Campbell is near expiry"
[STDERR  ] 2018-02-14T12:08:26.971069217Z: time="2018-02-14T12:08:26Z" level=warning msg="certificate with CN Justin Cormack is near expiry"
[STDERR  ] 2018-02-14T12:08:26.971084514Z: time="2018-02-14T12:08:26Z" level=warning msg="certificate with CN  is near expiry"
[STDERR  ] 2018-02-14T12:08:26.975574254Z: time="2018-02-14T12:08:26Z" level=warning msg="certificate with CN Justin Cormack is near expiry"
[STDERR  ] 2018-02-14T12:08:26.977171428Z: time="2018-02-14T12:08:26Z" level=warning msg="certificate with CN  is near expiry"
[STDERR  ] 2018-02-14T12:08:26.977267023Z: time="2018-02-14T12:08:26Z" level=warning msg="certificate with CN Ian Campbell is near expiry"
[STDERR  ] 2018-02-14T12:08:27.950356203Z: Process init image: linuxkit/runc:52ecfdef1ae051e7fd5ac5f1d0b7dd859adff015
[STDERR  ] 2018-02-14T12:08:28.919135464Z: time="2018-02-14T12:08:28Z" level=warning msg="certificate with CN Justin Cormack is near expiry"
[STDERR  ] 2018-02-14T12:08:28.919290138Z: time="2018-02-14T12:08:28Z" level=warning msg="certificate with CN  is near expiry"
[STDERR  ] 2018-02-14T12:08:28.919398743Z: time="2018-02-14T12:08:28Z" level=warning msg="certificate with CN  is near expiry"
[STDERR  ] 2018-02-14T12:08:28.919484068Z: time="2018-02-14T12:08:28Z" level=warning msg="certificate with CN avi@atomicinc.com is near expiry"
[STDERR  ] 2018-02-14T12:08:28.919590076Z: time="2018-02-14T12:08:28Z" level=warning msg="certificate with CN Ian Campbell is near expiry"
[STDERR  ] 2018-02-14T12:08:28.921962601Z: time="2018-02-14T12:08:28Z" level=warning msg="certificate with CN Justin Cormack is near expiry"
[STDERR  ] 2018-02-14T12:08:28.923348528Z: time="2018-02-14T12:08:28Z" level=warning msg="certificate with CN  is near expiry"
[STDERR  ] 2018-02-14T12:08:28.923463433Z: time="2018-02-14T12:08:28Z" level=warning msg="certificate with CN Ian Campbell is near expiry"
[STDERR  ] 2018-02-14T12:08:29.614443858Z: Add onboot containers:
[STDERR  ] 2018-02-14T12:08:29.61451156Z:   Create OCI config for linuxkit/modprobe:v0.2
[STDERR  ] 2018-02-14T12:08:30.602373825Z: time="2018-02-14T12:08:30Z" level=warning msg="certificate with CN Rolf Neugebauer is near expiry"
[STDERR  ] 2018-02-14T12:08:30.60245998Z: time="2018-02-14T12:08:30Z" level=warning msg="certificate with CN  is near expiry"
[STDERR  ] 2018-02-14T12:08:30.60258546Z: time="2018-02-14T12:08:30Z" level=warning msg="certificate with CN avi@atomicinc.com is near expiry"
[STDERR  ] 2018-02-14T12:08:30.60268871Z: time="2018-02-14T12:08:30Z" level=warning msg="certificate with CN Moby CI is near expiry"
[STDERR  ] 2018-02-14T12:08:30.602778248Z: time="2018-02-14T12:08:30Z" level=warning msg="certificate with CN  is near expiry"
[STDERR  ] 2018-02-14T12:08:30.60289002Z: time="2018-02-14T12:08:30Z" level=warning msg="certificate with CN Ian Campbell is near expiry"
[STDERR  ] 2018-02-14T12:08:30.603035635Z: time="2018-02-14T12:08:30Z" level=warning msg="certificate with CN Justin Cormack is near expiry"
[STDERR  ] 2018-02-14T12:08:30.604285168Z: time="2018-02-14T12:08:30Z" level=warning msg="certificate with CN  is near expiry"
[STDERR  ] 2018-02-14T12:08:30.604401803Z: time="2018-02-14T12:08:30Z" level=warning msg="certificate with CN Ian Campbell is near expiry"
[STDERR  ] 2018-02-14T12:08:30.605171242Z: time="2018-02-14T12:08:30Z" level=warning msg="certificate with CN Rolf Neugebauer is near expiry"
[STDERR  ] 2018-02-14T12:08:31.135525787Z:   Create OCI config for linuxkit/format:v0.2
[STDERR  ] 2018-02-14T12:08:32.119126971Z: time="2018-02-14T12:08:32Z" level=warning msg="certificate with CN avi@atomicinc.com is near expiry"
[STDERR  ] 2018-02-14T12:08:32.119253557Z: time="2018-02-14T12:08:32Z" level=warning msg="certificate with CN Ian Campbell is near expiry"
[STDERR  ] 2018-02-14T12:08:32.119429029Z: time="2018-02-14T12:08:32Z" level=warning msg="certificate with CN Justin Cormack is near expiry"
[STDERR  ] 2018-02-14T12:08:32.119791043Z: time="2018-02-14T12:08:32Z" level=warning msg="certificate with CN Rolf Neugebauer is near expiry"
[STDERR  ] 2018-02-14T12:08:32.119895155Z: time="2018-02-14T12:08:32Z" level=warning msg="certificate with CN  is near expiry"
[STDERR  ] 2018-02-14T12:08:32.120024906Z: time="2018-02-14T12:08:32Z" level=warning msg="certificate with CN  is near expiry"
[STDERR  ] 2018-02-14T12:08:32.123222835Z: time="2018-02-14T12:08:32Z" level=warning msg="certificate with CN Justin Cormack is near expiry"
[STDERR  ] 2018-02-14T12:08:32.125105723Z: time="2018-02-14T12:08:32Z" level=warning msg="certificate with CN Rolf Neugebauer is near expiry"
[STDERR  ] 2018-02-14T12:08:32.126896976Z: time="2018-02-14T12:08:32Z" level=warning msg="certificate with CN  is near expiry"
[STDERR  ] 2018-02-14T12:08:32.127033664Z: time="2018-02-14T12:08:32Z" level=warning msg="certificate with CN Ian Campbell is near expiry"
[STDERR  ] 2018-02-14T12:08:33.051140235Z:   Create OCI config for linuxkit/mount:v0.2
[STDERR  ] 2018-02-14T12:08:34.048111981Z: time="2018-02-14T12:08:34Z" level=warning msg="certificate with CN  is near expiry"
[STDERR  ] 2018-02-14T12:08:34.048222349Z: time="2018-02-14T12:08:34Z" level=warning msg="certificate with CN avi@atomicinc.com is near expiry"
[STDERR  ] 2018-02-14T12:08:34.048359361Z: time="2018-02-14T12:08:34Z" level=warning msg="certificate with CN Ian Campbell is near expiry"
[STDERR  ] 2018-02-14T12:08:34.048481932Z: time="2018-02-14T12:08:34Z" level=warning msg="certificate with CN Justin Cormack is near expiry"
[STDERR  ] 2018-02-14T12:08:34.04869527Z: time="2018-02-14T12:08:34Z" level=warning msg="certificate with CN Rolf Neugebauer is near expiry"
[STDERR  ] 2018-02-14T12:08:34.048787567Z: time="2018-02-14T12:08:34Z" level=warning msg="certificate with CN  is near expiry"
[STDERR  ] 2018-02-14T12:08:34.054949402Z: time="2018-02-14T12:08:34Z" level=warning msg="certificate with CN Justin Cormack is near expiry"
[STDERR  ] 2018-02-14T12:08:34.059068412Z: time="2018-02-14T12:08:34Z" level=warning msg="certificate with CN Rolf Neugebauer is near expiry"
[STDERR  ] 2018-02-14T12:08:34.059903645Z: time="2018-02-14T12:08:34Z" level=warning msg="certificate with CN  is near expiry"
[STDERR  ] 2018-02-14T12:08:34.060011193Z: time="2018-02-14T12:08:34Z" level=warning msg="certificate with CN Ian Campbell is near expiry"
[STDERR  ] 2018-02-14T12:08:34.840857794Z:   Create OCI config for alpine:3.7
[STDERR  ] 2018-02-14T12:08:36.456486242Z:   Create OCI config for linuxkit/poweroff:f9a0a5e52fd2a97908bda33db2afffafe4a6a67d
[STDERR  ] 2018-02-14T12:08:37.440182787Z: time="2018-02-14T12:08:37Z" level=warning msg="certificate with CN Rolf Neugebauer is near expiry"
[STDERR  ] 2018-02-14T12:08:37.440241031Z: time="2018-02-14T12:08:37Z" level=warning msg="certificate with CN  is near expiry"
[STDERR  ] 2018-02-14T12:08:37.440349376Z: time="2018-02-14T12:08:37Z" level=warning msg="certificate with CN  is near expiry"
[STDERR  ] 2018-02-14T12:08:37.440463482Z: time="2018-02-14T12:08:37Z" level=warning msg="certificate with CN avi@atomicinc.com is near expiry"
[STDERR  ] 2018-02-14T12:08:37.440560003Z: time="2018-02-14T12:08:37Z" level=warning msg="certificate with CN Ian Campbell is near expiry"
[STDERR  ] 2018-02-14T12:08:37.440683959Z: time="2018-02-14T12:08:37Z" level=warning msg="certificate with CN Justin Cormack is near expiry"
[STDERR  ] 2018-02-14T12:08:37.442522289Z: time="2018-02-14T12:08:37Z" level=warning msg="certificate with CN Rolf Neugebauer is near expiry"
[STDERR  ] 2018-02-14T12:08:37.443321673Z: time="2018-02-14T12:08:37Z" level=warning msg="certificate with CN  is near expiry"
[STDERR  ] 2018-02-14T12:08:37.443430441Z: time="2018-02-14T12:08:37Z" level=warning msg="certificate with CN Ian Campbell is near expiry"
[STDERR  ] 2018-02-14T12:08:37.997821179Z: Create outputs:
[STDERR  ] 2018-02-14T12:08:43.590315405Z:   extend-btrfs-kernel extend-btrfs-initrd.img extend-btrfs-cmdline
[STDERR  ] 2018-02-14T12:08:43.739011046Z: + linuxkit run -disk file=disk.img,format=raw,size=256M extend-btrfs
[STDOUT  ] 2018-02-14T12:08:45.452395051Z: [    0.000000] Linux version 4.9.81-linuxkit (root@131493a180c4) (gcc version 6.4.0 (Alpine 6.4.0) ) #1 SMP Tue Feb 13 18:31:25 UTC 2018
[STDOUT  ] 2018-02-14T12:08:45.45280959Z: [    0.000000] Command line: console=ttyS0 console=ttyAMA0
[STDOUT  ] 2018-02-14T12:08:45.453069154Z: [    0.000000] x86/fpu: Legacy x87 FPU detected.
[STDOUT  ] 2018-02-14T12:08:45.453367916Z: [    0.000000] x86/fpu: Using 'eager' FPU context switches.
[STDOUT  ] 2018-02-14T12:08:45.453655206Z: [    0.000000] e820: BIOS-provided physical RAM map:
[STDOUT  ] 2018-02-14T12:08:45.454068375Z: [    0.000000] BIOS-e820: [mem 0x0000000000000000-0x000000000009fbff] usable
[STDOUT  ] 2018-02-14T12:08:45.454491212Z: [    0.000000] BIOS-e820: [mem 0x000000000009fc00-0x000000000009ffff] reserved
[STDOUT  ] 2018-02-14T12:08:45.454915225Z: [    0.000000] BIOS-e820: [mem 0x00000000000f0000-0x00000000000fffff] reserved
[STDOUT  ] 2018-02-14T12:08:45.455316977Z: [    0.000000] BIOS-e820: [mem 0x0000000000100000-0x000000003ffdefff] usable
[STDOUT  ] 2018-02-14T12:08:45.455754505Z: [    0.000000] BIOS-e820: [mem 0x000000003ffdf000-0x000000003fffffff] reserved
[STDOUT  ] 2018-02-14T12:08:45.456184907Z: [    0.000000] BIOS-e820: [mem 0x00000000b0000000-0x00000000bfffffff] reserved
[STDOUT  ] 2018-02-14T12:08:45.456575768Z: [    0.000000] BIOS-e820: [mem 0x00000000fed1c000-0x00000000fed1ffff] reserved
[STDOUT  ] 2018-02-14T12:08:45.45698338Z: [    0.000000] BIOS-e820: [mem 0x00000000fffc0000-0x00000000ffffffff] reserved
[STDOUT  ] 2018-02-14T12:08:45.457257228Z: [    0.000000] NX (Execute Disable) protection: active
[STDOUT  ] 2018-02-14T12:08:45.457538828Z: [    0.000000] SMBIOS 2.8 present.
[STDOUT  ] 2018-02-14T12:08:45.457819824Z: [    0.000000] Kernel/User page tables isolation: disabled
[STDOUT  ] 2018-02-14T12:08:45.458173969Z: [    0.000000] e820: last_pfn = 0x3ffdf max_arch_pfn = 0x400000000
[STDOUT  ] 2018-02-14T12:08:45.458610098Z: [    0.000000] x86/PAT: Configuration [0-7]: WB  WC  UC- UC  WB  WC  UC- WT  
[STDOUT  ] 2018-02-14T12:08:45.45905959Z: [    0.000000] found SMP MP-table at [mem 0x000f6aa0-0x000f6aaf] mapped at [ffff98e1c00f6aa0]
[STDOUT  ] 2018-02-14T12:08:45.459337755Z: [    0.000000] RAMDISK: [mem 0x3df20000-0x3ffcffff]
[STDOUT  ] 2018-02-14T12:08:45.459700857Z: [    0.000000] ACPI: Early table checksum verification disabled
[STDOUT  ] 2018-02-14T12:08:45.460033664Z: [    0.000000] ACPI: RSDP 0x00000000000F68C0 000014 (v00 BOCHS )
[STDOUT  ] 2018-02-14T12:08:45.460550098Z: [    0.000000] ACPI: RSDT 0x000000003FFE2404 000034 (v01 BOCHS  BXPCRSDT 00000001 BXPC 00000001)
[STDOUT  ] 2018-02-14T12:08:45.461042244Z: [    0.000000] ACPI: FACP 0x000000003FFE22A4 000074 (v01 BOCHS  BXPCFACP 00000001 BXPC 00000001)
[STDOUT  ] 2018-02-14T12:08:45.461547529Z: [    0.000000] ACPI: DSDT 0x000000003FFE0040 002264 (v01 BOCHS  BXPCDSDT 00000001 BXPC 00000001)
[STDOUT  ] 2018-02-14T12:08:45.461830784Z: [    0.000000] ACPI: FACS 0x000000003FFE0000 000040
[STDOUT  ] 2018-02-14T12:08:45.4623089Z: [    0.000000] ACPI: APIC 0x000000003FFE2318 000078 (v01 BOCHS  BXPCAPIC 00000001 BXPC 00000001)
[STDOUT  ] 2018-02-14T12:08:45.46278319Z: [    0.000000] ACPI: HPET 0x000000003FFE2390 000038 (v01 BOCHS  BXPCHPET 00000001 BXPC 00000001)
[STDOUT  ] 2018-02-14T12:08:45.46327319Z: [    0.000000] ACPI: MCFG 0x000000003FFE23C8 00003C (v01 BOCHS  BXPCMCFG 00000001 BXPC 00000001)
[STDOUT  ] 2018-02-14T12:08:45.463434473Z: [    0.000000] Zone ranges:
[STDOUT  ] 2018-02-14T12:08:45.463818538Z: [    0.000000]   DMA      [mem 0x0000000000001000-0x0000000000ffffff]
[STDOUT  ] 2018-02-14T12:08:45.464192815Z: [    0.000000]   DMA32    [mem 0x0000000001000000-0x000000003ffdefff]
[STDOUT  ] 2018-02-14T12:08:45.464372976Z: [    0.000000]   Normal   empty
[STDOUT  ] 2018-02-14T12:08:45.464646435Z: [    0.000000] Movable zone start for each node
[STDOUT  ] 2018-02-14T12:08:45.464876714Z: [    0.000000] Early memory node ranges
[STDOUT  ] 2018-02-14T12:08:45.465217919Z: [    0.000000]   node   0: [mem 0x0000000000001000-0x000000000009efff]
[STDOUT  ] 2018-02-14T12:08:45.465583168Z: [    0.000000]   node   0: [mem 0x0000000000100000-0x000000003ffdefff]
[STDOUT  ] 2018-02-14T12:08:45.466017466Z: [    0.000000] Initmem setup node 0 [mem 0x0000000000001000-0x000000003ffdefff]
[STDOUT  ] 2018-02-14T12:08:45.466254534Z: [    0.000000] ACPI: PM-Timer IO Port: 0x608
[STDOUT  ] 2018-02-14T12:08:45.466597171Z: [    0.000000] ACPI: LAPIC_NMI (acpi_id[0xff] dfl dfl lint[0x1])
[STDOUT  ] 2018-02-14T12:08:45.467017554Z: [    0.000000] IOAPIC[0]: apic_id 0, version 32, address 0xfec00000, GSI 0-23
[STDOUT  ] 2018-02-14T12:08:45.467427792Z: [    0.000000] ACPI: INT_SRC_OVR (bus 0 bus_irq 0 global_irq 2 dfl dfl)
[STDOUT  ] 2018-02-14T12:08:45.467823174Z: [    0.000000] ACPI: INT_SRC_OVR (bus 0 bus_irq 5 global_irq 5 high level)
[STDOUT  ] 2018-02-14T12:08:45.468209359Z: [    0.000000] ACPI: INT_SRC_OVR (bus 0 bus_irq 9 global_irq 9 high level)
[STDOUT  ] 2018-02-14T12:08:45.468596264Z: [    0.000000] ACPI: INT_SRC_OVR (bus 0 bus_irq 10 global_irq 10 high level)
[STDOUT  ] 2018-02-14T12:08:45.469004223Z: [    0.000000] ACPI: INT_SRC_OVR (bus 0 bus_irq 11 global_irq 11 high level)
[STDOUT  ] 2018-02-14T12:08:45.469352884Z: [    0.000000] Using ACPI (MADT) for SMP configuration information
[STDOUT  ] 2018-02-14T12:08:45.469676771Z: [    0.000000] ACPI: HPET id: 0x8086a201 base: 0xfed00000
[STDOUT  ] 2018-02-14T12:08:45.469960373Z: [    0.000000] smpboot: Allowing 1 CPUs, 0 hotplug CPUs
[STDOUT  ] 2018-02-14T12:08:45.470364047Z: [    0.000000] e820: [mem 0x40000000-0xafffffff] available for PCI devices
[STDOUT  ] 2018-02-14T12:08:45.470703917Z: [    0.000000] Booting paravirtualized kernel on bare hardware
[STDOUT  ] 2018-02-14T12:08:45.471294011Z: [    0.000000] clocksource: refined-jiffies: mask: 0xffffffff max_cycles: 0xffffffff, max_idle_ns: 19112604462750000 ns
[STDOUT  ] 2018-02-14T12:08:45.471776844Z: [    0.000000] setup_percpu: NR_CPUS:128 nr_cpumask_bits:128 nr_cpu_ids:1 nr_node_ids:1
[STDOUT  ] 2018-02-14T12:08:45.472279169Z: [    0.000000] percpu: Embedded 36 pages/cpu @ffff98e1fdc00000 s106904 r8192 d32360 u2097152
[STDOUT  ] 2018-02-14T12:08:45.472711021Z: [    0.000000] Built 1 zonelists in Zone order, mobility grouping on.  Total pages: 257896
[STDOUT  ] 2018-02-14T12:08:45.473067078Z: [    0.000000] Kernel command line: console=ttyS0 console=ttyAMA0
[STDOUT  ] 2018-02-14T12:08:45.473415845Z: [    0.000000] PID hash table entries: 4096 (order: 3, 32768 bytes)
[STDOUT  ] 2018-02-14T12:08:45.473836665Z: [    0.000000] Dentry cache hash table entries: 131072 (order: 8, 1048576 bytes)
[STDOUT  ] 2018-02-14T12:08:45.474245375Z: [    0.000000] Inode-cache hash table entries: 65536 (order: 7, 524288 bytes)
[STDOUT  ] 2018-02-14T12:08:45.475000453Z: [    0.000000] Memory: 980652K/1048052K available (8054K kernel code, 1391K rwdata, 2700K rodata, 1404K init, 564K bss, 67400K reserved, 0K cma-reserved)
[STDOUT  ] 2018-02-14T12:08:45.475295241Z: [    0.000000] Hierarchical RCU implementation.
[STDOUT  ] 2018-02-14T12:08:45.475587333Z: [    0.000000] 	Build-time adjustment of leaf fanout to 64.
[STDOUT  ] 2018-02-14T12:08:45.475967926Z: [    0.000000] 	RCU restricting CPUs from NR_CPUS=128 to nr_cpu_ids=1.
[STDOUT  ] 2018-02-14T12:08:45.476344427Z: [    0.000000] RCU: Adjusting geometry for rcu_fanout_leaf=64, nr_cpu_ids=1
[STDOUT  ] 2018-02-14T12:08:45.476591969Z: [    0.000000] NR_IRQS:8448 nr_irqs:256 16
[STDOUT  ] 2018-02-14T12:08:45.476814672Z: [    0.000000] Console: colour VGA+ 80x25
[STDOUT  ] 2018-02-14T12:08:45.477116399Z: [    0.000000] console [ttyS0] enabled
[STDOUT  ] 2018-02-14T12:08:45.480711214Z: [    0.000000] clocksource: hpet: mask: 0xffffffff max_cycles: 0xffffffff, max_idle_ns: 19112604467 ns
[STDOUT  ] 2018-02-14T12:08:45.523327381Z: [    0.000000] tsc: Fast TSC calibration using PIT
[STDOUT  ] 2018-02-14T12:08:45.527009645Z: [    0.000000] tsc: Detected 2300.111 MHz processor
[STDOUT  ] 2018-02-14T12:08:45.529377285Z: [    0.011396] Calibrating delay loop (skipped), value calculated using timer frequency.. 4600.22 BogoMIPS (lpj=23001110)
[STDOUT  ] 2018-02-14T12:08:45.529793835Z: [    0.012353] pid_max: default: 32768 minimum: 301
[STDOUT  ] 2018-02-14T12:08:45.53073485Z: [    0.013320] ACPI: Core revision 20160831
[STDOUT  ] 2018-02-14T12:08:45.574045285Z: [    0.061539] ACPI: 1 ACPI AML tables successfully acquired and loaded
[STDOUT  ] 2018-02-14T12:08:45.576971667Z: [    0.064618] Security Framework initialized
[STDOUT  ] 2018-02-14T12:08:45.577266126Z: [    0.064975] Yama: becoming mindful.
[STDOUT  ] 2018-02-14T12:08:45.579418274Z: [    0.066952] Mount-cache hash table entries: 2048 (order: 2, 16384 bytes)
[STDOUT  ] 2018-02-14T12:08:45.579892806Z: [    0.067418] Mountpoint-cache hash table entries: 2048 (order: 2, 16384 bytes)
[STDOUT  ] 2018-02-14T12:08:45.600580442Z: [    0.088130] Last level iTLB entries: 4KB 0, 2MB 0, 4MB 0
[STDOUT  ] 2018-02-14T12:08:45.600980522Z: [    0.088536] Last level dTLB entries: 4KB 0, 2MB 0, 4MB 0, 1GB 0
[STDOUT  ] 2018-02-14T12:08:45.601520183Z: [    0.089003] Spectre V2 : LFENCE not serializing. Switching to generic retpoline
[STDOUT  ] 2018-02-14T12:08:45.601911814Z: [    0.089470] Spectre V2 : Vulnerable: Minimal generic ASM retpoline
[STDOUT  ] 2018-02-14T12:08:45.602425159Z: [    0.089872] Spectre V2 : Filling RSB on context switch
[STDOUT  ] 2018-02-14T12:08:45.936127013Z: [    0.423744] Freeing SMP alternatives memory: 20K
[STDOUT  ] 2018-02-14T12:08:45.94521829Z: [    0.432626] ftrace: allocating 35563 entries in 139 pages
[STDOUT  ] 2018-02-14T12:08:46.267002181Z: [    0.594475] smpboot: Max logical packages: 1
[STDOUT  ] 2018-02-14T12:08:46.272109734Z: [    0.599663] ..TIMER: vector=0x30 apic1=0 pin1=2 apic2=-1 pin2=-1
[STDOUT  ] 2018-02-14T12:08:46.49365581Z: [    0.700000] smpboot: CPU0: AMD QEMU Virtual CPU version 2.5+ (family: 0x6, model: 0x6, stepping: 0x3)
[STDOUT  ] 2018-02-14T12:08:46.494776387Z: [    0.700000] Performance Events: PMU not available due to virtualization, using software events only.
[STDOUT  ] 2018-02-14T12:08:46.510368405Z: [    0.707071] NMI watchdog: disabled (cpu0): hardware events not enabled
[STDOUT  ] 2018-02-14T12:08:46.510697501Z: [    0.707457] NMI watchdog: Shutting down hard lockup detector on all cpus
[STDOUT  ] 2018-02-14T12:08:46.513804312Z: [    0.710339] x86: Booted up 1 node, 1 CPUs
[STDOUT  ] 2018-02-14T12:08:46.514198042Z: [    0.710662] smpboot: Total of 1 processors activated (4600.22 BogoMIPS)
[STDOUT  ] 2018-02-14T12:08:46.527804704Z: [    0.723986] devtmpfs: initialized
[STDOUT  ] 2018-02-14T12:08:46.532505926Z: [    0.728643] x86/mm: Memory block size: 128MB
[STDOUT  ] 2018-02-14T12:08:46.605862289Z: [    0.802535] clocksource: jiffies: mask: 0xffffffff max_cycles: 0xffffffff, max_idle_ns: 19112604462750000 ns
[STDOUT  ] 2018-02-14T12:08:46.606612689Z: [    0.803506] futex hash table entries: 256 (order: 2, 16384 bytes)
[STDOUT  ] 2018-02-14T12:08:46.623735985Z: [    0.820676] NET: Registered protocol family 16
[STDOUT  ] 2018-02-14T12:08:46.633219632Z: [    0.830194] cpuidle: using governor ladder
[STDOUT  ] 2018-02-14T12:08:46.633588148Z: [    0.830561] cpuidle: using governor menu
[STDOUT  ] 2018-02-14T12:08:46.634682816Z: [    0.831625] ACPI: bus type PCI registered
[STDOUT  ] 2018-02-14T12:08:46.637681176Z: [    0.834395] PCI: MMCONFIG for domain 0000 [bus 00-ff] at [mem 0xb0000000-0xbfffffff] (base 0xb0000000)
[STDOUT  ] 2018-02-14T12:08:46.638206142Z: [    0.835063] PCI: MMCONFIG at [mem 0xb0000000-0xbfffffff] reserved in E820
[STDOUT  ] 2018-02-14T12:08:46.639461849Z: [    0.836359] PCI: Using configuration type 1 for base access
[STDOUT  ] 2018-02-14T12:08:46.700572516Z: [    0.897472] HugeTLB registered 2 MB page size, pre-allocated 0 pages
[STDOUT  ] 2018-02-14T12:08:46.710593772Z: [    0.907590] ACPI: Added _OSI(Module Device)
[STDOUT  ] 2018-02-14T12:08:46.710856293Z: [    0.907845] ACPI: Added _OSI(Processor Device)
[STDOUT  ] 2018-02-14T12:08:46.711088955Z: [    0.908076] ACPI: Added _OSI(3.0 _SCP Extensions)
[STDOUT  ] 2018-02-14T12:08:46.711353852Z: [    0.908308] ACPI: Added _OSI(Processor Aggregator Device)
[STDOUT  ] 2018-02-14T12:08:46.785373704Z: [    0.982331] ACPI: Interpreter enabled
[STDOUT  ] 2018-02-14T12:08:46.786094828Z: [    0.983110] ACPI: (supports S0 S5)
[STDOUT  ] 2018-02-14T12:08:46.786411662Z: [    0.983377] ACPI: Using IOAPIC for interrupt routing
[STDOUT  ] 2018-02-14T12:08:46.788308194Z: [    0.985113] PCI: Using host bridge windows from ACPI; if necessary, use "pci=nocrs" and report a bug
[STDOUT  ] 2018-02-14T12:08:46.856934526Z: [    1.053832] ACPI: PCI Root Bridge [PCI0] (domain 0000 [bus 00-ff])
[STDOUT  ] 2018-02-14T12:08:46.857913643Z: [    1.054760] acpi PNP0A08:00: _OSC: OS supports [ExtendedConfig ASPM ClockPM Segments MSI]
[STDOUT  ] 2018-02-14T12:08:46.863505919Z: [    1.060379] acpi PNP0A08:00: _OSC: OS now controls [PCIeHotplug PME PCIeCapability]
[STDOUT  ] 2018-02-14T12:08:46.866795418Z: [    1.063801] PCI host bridge to bus 0000:00
[STDOUT  ] 2018-02-14T12:08:46.867295293Z: [    1.064184] pci_bus 0000:00: root bus resource [io  0x0000-0x0cf7 window]
[STDOUT  ] 2018-02-14T12:08:46.867677832Z: [    1.064567] pci_bus 0000:00: root bus resource [io  0x0d00-0xffff window]
[STDOUT  ] 2018-02-14T12:08:46.868045146Z: [    1.064935] pci_bus 0000:00: root bus resource [mem 0x000a0000-0x000bffff window]
[STDOUT  ] 2018-02-14T12:08:46.868440058Z: [    1.065298] pci_bus 0000:00: root bus resource [mem 0xc0000000-0xfebfffff window]
[STDOUT  ] 2018-02-14T12:08:46.868848366Z: [    1.065818] pci_bus 0000:00: root bus resource [bus 00-ff]
[STDOUT  ] 2018-02-14T12:08:46.974631833Z: [    1.171462] pci 0000:00:1f.0: quirk: [io  0x0600-0x067f] claimed by ICH6 ACPI/GPIO/TCO
[STDOUT  ] 2018-02-14T12:08:47.037689203Z: [    1.234337] ACPI: PCI Interrupt Link [LNKA] (IRQs 5 *10 11)
[STDOUT  ] 2018-02-14T12:08:47.039538994Z: [    1.236362] ACPI: PCI Interrupt Link [LNKB] (IRQs 5 *10 11)
[STDOUT  ] 2018-02-14T12:08:47.041234859Z: [    1.238071] ACPI: PCI Interrupt Link [LNKC] (IRQs 5 10 *11)
[STDOUT  ] 2018-02-14T12:08:47.043301515Z: [    1.239759] ACPI: PCI Interrupt Link [LNKD] (IRQs 5 10 *11)
[STDOUT  ] 2018-02-14T12:08:47.045008429Z: [    1.241534] ACPI: PCI Interrupt Link [LNKE] (IRQs 5 *10 11)
[STDOUT  ] 2018-02-14T12:08:47.046714461Z: [    1.243255] ACPI: PCI Interrupt Link [LNKF] (IRQs 5 *10 11)
[STDOUT  ] 2018-02-14T12:08:47.048479457Z: [    1.245013] ACPI: PCI Interrupt Link [LNKG] (IRQs 5 10 *11)
[STDOUT  ] 2018-02-14T12:08:47.050161513Z: [    1.246704] ACPI: PCI Interrupt Link [LNKH] (IRQs 5 10 *11)
[STDOUT  ] 2018-02-14T12:08:47.050862064Z: [    1.247471] ACPI: PCI Interrupt Link [GSIA] (IRQs *16)
[STDOUT  ] 2018-02-14T12:08:47.051444638Z: [    1.248038] ACPI: PCI Interrupt Link [GSIB] (IRQs *17)
[STDOUT  ] 2018-02-14T12:08:47.05201745Z: [    1.248613] ACPI: PCI Interrupt Link [GSIC] (IRQs *18)
[STDOUT  ] 2018-02-14T12:08:47.052625015Z: [    1.249219] ACPI: PCI Interrupt Link [GSID] (IRQs *19)
[STDOUT  ] 2018-02-14T12:08:47.053310575Z: [    1.250221] ACPI: PCI Interrupt Link [GSIE] (IRQs *20)
[STDOUT  ] 2018-02-14T12:08:47.053879704Z: [    1.250808] ACPI: PCI Interrupt Link [GSIF] (IRQs *21)
[STDOUT  ] 2018-02-14T12:08:47.054449267Z: [    1.251375] ACPI: PCI Interrupt Link [GSIG] (IRQs *22)
[STDOUT  ] 2018-02-14T12:08:47.055019998Z: [    1.251948] ACPI: PCI Interrupt Link [GSIH] (IRQs *23)
[STDOUT  ] 2018-02-14T12:08:47.058529159Z: [    1.255465] ACPI: Enabled 2 GPEs in block 00 to 3F
[STDOUT  ] 2018-02-14T12:08:47.062321672Z: [    1.259343] SCSI subsystem initialized
[STDOUT  ] 2018-02-14T12:08:47.064215041Z: [    1.261220] ACPI: bus type USB registered
[STDOUT  ] 2018-02-14T12:08:47.065362745Z: [    1.262320] usbcore: registered new interface driver usbfs
[STDOUT  ] 2018-02-14T12:08:47.066140221Z: [    1.263106] usbcore: registered new interface driver hub
[STDOUT  ] 2018-02-14T12:08:47.066873474Z: [    1.263848] usbcore: registered new device driver usb
[STDOUT  ] 2018-02-14T12:08:47.068029285Z: [    1.264989] pps_core: LinuxPPS API ver. 1 registered
[STDOUT  ] 2018-02-14T12:08:47.06843657Z: [    1.265251] pps_core: Software ver. 5.3.6 - Copyright 2005-2007 Rodolfo Giometti <giometti@linux.it>
[STDOUT  ] 2018-02-14T12:08:47.068794337Z: [    1.265829] PTP clock support registered
[STDOUT  ] 2018-02-14T12:08:47.070343462Z: [    1.267359] PCI: Using ACPI for IRQ routing
[STDOUT  ] 2018-02-14T12:08:47.099094254Z: [    1.296094] NetLabel: Initializing
[STDOUT  ] 2018-02-14T12:08:47.099334328Z: [    1.296359] NetLabel:  domain hash size = 128
[STDOUT  ] 2018-02-14T12:08:47.099595436Z: [    1.296594] NetLabel:  protocols = UNLABELED CIPSOv4
[STDOUT  ] 2018-02-14T12:08:47.102523286Z: [    1.299484] NetLabel:  unlabeled traffic allowed by default
[STDOUT  ] 2018-02-14T12:08:47.103591305Z: [    1.300634] wmi: Mapper loaded
[STDOUT  ] 2018-02-14T12:08:47.104891491Z: [    1.301772] HPET: 3 timers in total, 0 timers will be used for per-cpu timer
[STDOUT  ] 2018-02-14T12:08:47.105824879Z: [    1.302576] hpet0: at MMIO 0xfed00000, IRQs 2, 8, 0
[STDOUT  ] 2018-02-14T12:08:47.106170383Z: [    1.303087] hpet0: 3 comparators, 64-bit 100.000000 MHz counter
[STDOUT  ] 2018-02-14T12:08:47.113637469Z: [    1.309612] clocksource: Switched to clocksource hpet
[STDOUT  ] 2018-02-14T12:08:47.426077924Z: [    1.612949] VFS: Disk quotas dquot_6.6.0
[STDOUT  ] 2018-02-14T12:08:47.426864117Z: [    1.613687] VFS: Dquot-cache hash table entries: 512 (order 0, 4096 bytes)
[STDOUT  ] 2018-02-14T12:08:47.429295885Z: [    1.616242] FS-Cache: Loaded
[STDOUT  ] 2018-02-14T12:08:47.434321639Z: [    1.621266] CacheFiles: Loaded
[STDOUT  ] 2018-02-14T12:08:47.43586158Z: [    1.622821] pnp: PnP ACPI init
[STDOUT  ] 2018-02-14T12:08:47.447674649Z: [    1.634586] pnp: PnP ACPI: found 5 devices
[STDOUT  ] 2018-02-14T12:08:47.498534289Z: [    1.685235] clocksource: acpi_pm: mask: 0xffffff max_cycles: 0xffffff, max_idle_ns: 2085701024 ns
[STDOUT  ] 2018-02-14T12:08:47.500780607Z: [    1.687675] NET: Registered protocol family 2
[STDOUT  ] 2018-02-14T12:08:47.508395325Z: [    1.695143] TCP established hash table entries: 8192 (order: 4, 65536 bytes)
[STDOUT  ] 2018-02-14T12:08:47.509005898Z: [    1.695821] TCP bind hash table entries: 8192 (order: 5, 131072 bytes)
[STDOUT  ] 2018-02-14T12:08:47.509567415Z: [    1.696402] TCP: Hash tables configured (established 8192 bind 8192)
[STDOUT  ] 2018-02-14T12:08:47.511348801Z: [    1.698200] UDP hash table entries: 512 (order: 2, 16384 bytes)
[STDOUT  ] 2018-02-14T12:08:47.511806186Z: [    1.698655] UDP-Lite hash table entries: 512 (order: 2, 16384 bytes)
[STDOUT  ] 2018-02-14T12:08:47.514162421Z: [    1.701034] NET: Registered protocol family 1
[STDOUT  ] 2018-02-14T12:08:47.515172191Z: [    1.701916] pci 0000:00:01.0: Video device with shadowed ROM at [mem 0x000c0000-0x000dffff]
[STDOUT  ] 2018-02-14T12:08:47.521665379Z: [    1.708596] Unpacking initramfs...
[STDOUT  ] 2018-02-14T12:08:56.124794719Z: [   10.311237] Freeing initrd memory: 33472K
[STDOUT  ] 2018-02-14T12:08:56.149106696Z: [   10.335580] PCLMULQDQ-NI instructions are not detected.
[STDOUT  ] 2018-02-14T12:08:56.15056653Z: [   10.337043] AVX or AES-NI instructions are not detected.
[STDOUT  ] 2018-02-14T12:08:56.151328587Z: [   10.337817] CPU feature 'AVX registers' is not supported.
[STDOUT  ] 2018-02-14T12:08:56.152046264Z: [   10.338524] CPU feature 'AVX registers' is not supported.
[STDOUT  ] 2018-02-14T12:08:56.152819801Z: [   10.339236] CPU feature 'AVX registers' is not supported.
[STDOUT  ] 2018-02-14T12:08:56.153657935Z: [   10.340032] CPU feature 'AVX registers' is not supported.
[STDOUT  ] 2018-02-14T12:08:56.154621282Z: [   10.341037] AVX2 or AES-NI instructions are not detected.
[STDOUT  ] 2018-02-14T12:08:56.155265064Z: [   10.341842] AVX2 instructions are not detected.
[STDOUT  ] 2018-02-14T12:08:56.161099626Z: [   10.347520] audit: initializing netlink subsys (disabled)
[STDOUT  ] 2018-02-14T12:08:56.163060277Z: [   10.349428] audit: type=2000 audit(1518610134.340:1): initialized
[STDOUT  ] 2018-02-14T12:08:56.174379194Z: [   10.360718] workingset: timestamp_bits=46 max_order=18 bucket_order=0
[STDOUT  ] 2018-02-14T12:08:56.179656657Z: [   10.366072] squashfs: version 4.0 (2009/01/31) Phillip Lougher
[STDOUT  ] 2018-02-14T12:08:56.182153289Z: [   10.368616] FS-Cache: Netfs 'cifs' registered for caching
[STDOUT  ] 2018-02-14T12:08:56.183272254Z: [   10.369868] fuse init (API version 7.26)
[STDOUT  ] 2018-02-14T12:08:56.186381373Z: [   10.372730] SGI XFS with ACLs, security attributes, no debug enabled
[STDOUT  ] 2018-02-14T12:08:56.190855236Z: [   10.377304] 9p: Installing v9fs 9p2000 file system support
[STDOUT  ] 2018-02-14T12:08:56.191650626Z: [   10.378144] FS-Cache: Netfs '9p' registered for caching
[STDOUT  ] 2018-02-14T12:08:56.226274593Z: [   10.412841] NET: Registered protocol family 38
[STDOUT  ] 2018-02-14T12:08:56.227044184Z: [   10.413668] Key type asymmetric registered
[STDOUT  ] 2018-02-14T12:08:56.227771209Z: [   10.414269] Asymmetric key parser 'x509' registered
[STDOUT  ] 2018-02-14T12:08:56.229098281Z: [   10.415356] Block layer SCSI generic (bsg) driver version 0.4 loaded (major 251)
[STDOUT  ] 2018-02-14T12:08:56.230501721Z: [   10.417001] io scheduler noop registered
[STDOUT  ] 2018-02-14T12:08:56.231652117Z: [   10.417759] io scheduler deadline registered (default)
[STDOUT  ] 2018-02-14T12:08:56.232511577Z: [   10.419159] io scheduler cfq registered
[STDOUT  ] 2018-02-14T12:08:56.236333556Z: [   10.422775] pci_hotplug: PCI Hot Plug PCI Core version: 0.5
[STDOUT  ] 2018-02-14T12:08:56.237346209Z: [   10.423691] pciehp: PCI Express Hot Plug Controller Driver version: 0.4
[STDOUT  ] 2018-02-14T12:08:56.238560039Z: [   10.424892] shpchp: Standard Hot Plug PCI Controller Driver version: 0.4
[STDOUT  ] 2018-02-14T12:08:56.23954843Z: [   10.426085] hv_vmbus: registering driver hyperv_fb
[STDOUT  ] 2018-02-14T12:08:56.24325344Z: [   10.429458] input: Power Button as /devices/LNXSYSTM:00/LNXPWRBN:00/input/input0
[STDOUT  ] 2018-02-14T12:08:56.244837965Z: [   10.431493] ACPI: Power Button [PWRF]
[STDOUT  ] 2018-02-14T12:08:56.249807877Z: [   10.436438] GHES: HEST is not enabled!
[STDOUT  ] 2018-02-14T12:08:56.261341803Z: [   10.447753] ACPI: PCI Interrupt Link [GSIG] enabled at IRQ 22
[STDOUT  ] 2018-02-14T12:08:56.274518871Z: [   10.460905] ACPI: PCI Interrupt Link [GSIH] enabled at IRQ 23
[STDOUT  ] 2018-02-14T12:08:56.278948533Z: [   10.465327] xenfs: not registering filesystem on non-xen platform
[STDOUT  ] 2018-02-14T12:08:56.281310656Z: [   10.467661] Serial: 8250/16550 driver, 4 ports, IRQ sharing disabled
[STDOUT  ] 2018-02-14T12:08:56.311683009Z: [   10.497937] 00:04: ttyS0 at I/O 0x3f8 (irq = 4, base_baud = 115200) is a 16550A
[STDOUT  ] 2018-02-14T12:08:56.322594545Z: [   10.509145] Non-volatile memory driver v1.3
[STDOUT  ] 2018-02-14T12:08:56.329651173Z: [   10.515719] Hangcheck: starting hangcheck timer 0.9.1 (tick is 180 seconds, margin is 60 seconds).
[STDOUT  ] 2018-02-14T12:08:56.333949979Z: [   10.520595] random: fast init done
[STDOUT  ] 2018-02-14T12:08:56.335289475Z: [   10.521979] random: crng init done
[STDOUT  ] 2018-02-14T12:08:56.370703387Z: [   10.557386] loop: module loaded
[STDOUT  ] 2018-02-14T12:08:56.386163372Z: [   10.572660] nbd: registered device at major 43
[STDOUT  ] 2018-02-14T12:08:56.429567046Z: [   10.615875] lpc_ich 0000:00:1f.0: I/O space for GPIO uninitialized
[STDOUT  ] 2018-02-14T12:08:56.431489373Z: [   10.617999] VMware PVSCSI driver - version 1.0.7.0-k
[STDOUT  ] 2018-02-14T12:08:56.432485697Z: [   10.619018] hv_vmbus: registering driver hv_storvsc
[STDOUT  ] 2018-02-14T12:08:56.442794154Z: [   10.629220] ACPI: PCI Interrupt Link [GSIA] enabled at IRQ 16
[STDOUT  ] 2018-02-14T12:08:56.449852272Z: [   10.635960] ahci 0000:00:1f.2: AHCI 0001.0000 32 slots 6 ports 1.5 Gbps 0x3f impl SATA mode
[STDOUT  ] 2018-02-14T12:08:56.450653133Z: [   10.637175] ahci 0000:00:1f.2: flags: 64bit ncq only 
[STDOUT  ] 2018-02-14T12:08:56.473064637Z: [   10.659764] scsi host0: ahci
[STDOUT  ] 2018-02-14T12:08:56.477022429Z: [   10.663765] scsi host1: ahci
[STDOUT  ] 2018-02-14T12:08:56.479418331Z: [   10.666163] scsi host2: ahci
[STDOUT  ] 2018-02-14T12:08:56.481808853Z: [   10.668557] scsi host3: ahci
[STDOUT  ] 2018-02-14T12:08:56.484470492Z: [   10.671124] scsi host4: ahci
[STDOUT  ] 2018-02-14T12:08:56.486890843Z: [   10.673638] scsi host5: ahci
[STDOUT  ] 2018-02-14T12:08:56.489428678Z: [   10.675675] ata1: SATA max UDMA/133 abar m4096@0xfebd2000 port 0xfebd2100 irq 24
[STDOUT  ] 2018-02-14T12:08:56.490389148Z: [   10.676658] ata2: SATA max UDMA/133 abar m4096@0xfebd2000 port 0xfebd2180 irq 24
[STDOUT  ] 2018-02-14T12:08:56.491287641Z: [   10.677563] ata3: SATA max UDMA/133 abar m4096@0xfebd2000 port 0xfebd2200 irq 24
[STDOUT  ] 2018-02-14T12:08:56.49218109Z: [   10.678458] ata4: SATA max UDMA/133 abar m4096@0xfebd2000 port 0xfebd2280 irq 24
[STDOUT  ] 2018-02-14T12:08:56.49310632Z: [   10.679350] ata5: SATA max UDMA/133 abar m4096@0xfebd2000 port 0xfebd2300 irq 24
[STDOUT  ] 2018-02-14T12:08:56.494163187Z: [   10.680408] ata6: SATA max UDMA/133 abar m4096@0xfebd2000 port 0xfebd2380 irq 24
[STDOUT  ] 2018-02-14T12:08:56.508023602Z: [   10.694343] tun: Universal TUN/TAP device driver, 1.6
[STDOUT  ] 2018-02-14T12:08:56.508892492Z: [   10.695299] tun: (C) 1999-2004 Max Krasnyansky <maxk@qualcomm.com>
[STDOUT  ] 2018-02-14T12:08:56.519501622Z: [   10.705828] VMware vmxnet3 virtual NIC driver - version 1.4.a.0-k-NAPI
[STDOUT  ] 2018-02-14T12:08:56.520534761Z: [   10.707069] hv_vmbus: registering driver hv_netvsc
[STDOUT  ] 2018-02-14T12:08:56.521088861Z: [   10.707714] Fusion MPT base driver 3.04.20
[STDOUT  ] 2018-02-14T12:08:56.521690149Z: [   10.708242] Copyright (c) 1999-2008 LSI Corporation
[STDOUT  ] 2018-02-14T12:08:56.522482725Z: [   10.709076] Fusion MPT SPI Host driver 3.04.20
[STDOUT  ] 2018-02-14T12:08:56.525530238Z: [   10.711611] i8042: PNP: PS/2 Controller [PNP0303:KBD,PNP0f13:MOU] at 0x60,0x64 irq 1,12
[STDOUT  ] 2018-02-14T12:08:56.529609834Z: [   10.716118] serio: i8042 KBD port at 0x60,0x64 irq 1
[STDOUT  ] 2018-02-14T12:08:56.530512738Z: [   10.717028] serio: i8042 AUX port at 0x60,0x64 irq 12
[STDOUT  ] 2018-02-14T12:08:56.53414541Z: [   10.720564] hv_vmbus: registering driver hyperv_keyboard
[STDOUT  ] 2018-02-14T12:08:56.536674546Z: [   10.723118] mousedev: PS/2 mouse device common for all mice
[STDOUT  ] 2018-02-14T12:08:56.542025773Z: [   10.728130] input: AT Translated Set 2 keyboard as /devices/platform/i8042/serio0/input/input1
[STDOUT  ] 2018-02-14T12:08:56.545495385Z: [   10.731760] input: PC Speaker as /devices/platform/pcspkr/input/input2
[STDOUT  ] 2018-02-14T12:08:56.549178914Z: [   10.735735] rtc_cmos 00:00: RTC can wake from S4
[STDOUT  ] 2018-02-14T12:08:56.552758891Z: [   10.739153] rtc_cmos 00:00: rtc core: registered rtc_cmos as rtc0
[STDOUT  ] 2018-02-14T12:08:56.554738662Z: [   10.740984] rtc_cmos 00:00: alarms up to one day, y3k, 114 bytes nvram, hpet irqs
[STDOUT  ] 2018-02-14T12:08:56.555424534Z: [   10.742110] i2c /dev entries driver
[STDOUT  ] 2018-02-14T12:08:56.558098635Z: [   10.744187] device-mapper: ioctl: 4.35.0-ioctl (2016-06-23) initialised: dm-devel@redhat.com
[STDOUT  ] 2018-02-14T12:08:56.562920802Z: [   10.749364] usbcore: registered new interface driver usbhid
[STDOUT  ] 2018-02-14T12:08:56.563667567Z: [   10.750278] usbhid: USB HID core driver
[STDOUT  ] 2018-02-14T12:08:56.564830737Z: [   10.751268] hv_utils: Registering HyperV Utility Driver
[STDOUT  ] 2018-02-14T12:08:56.565483993Z: [   10.751994] hv_vmbus: registering driver hv_util
[STDOUT  ] 2018-02-14T12:08:56.566138719Z: [   10.752644] hv_vmbus: registering driver hv_balloon
[STDOUT  ] 2018-02-14T12:08:56.566862221Z: [   10.753487] oprofile: using NMI interrupt.
[STDOUT  ] 2018-02-14T12:08:56.568077027Z: [   10.754771] GACT probability on
[STDOUT  ] 2018-02-14T12:08:56.56878797Z: [   10.755458] Mirror/redirect action on
[STDOUT  ] 2018-02-14T12:08:56.570035277Z: [   10.756715] Simple TC action Loaded
[STDOUT  ] 2018-02-14T12:08:56.570714757Z: [   10.757494] u32 classifier
[STDOUT  ] 2018-02-14T12:08:56.571222697Z: [   10.757886]     Performance counters on
[STDOUT  ] 2018-02-14T12:08:56.571709024Z: [   10.758380]     input device check on
[STDOUT  ] 2018-02-14T12:08:56.572144056Z: [   10.758859]     Actions configured
[STDOUT  ] 2018-02-14T12:08:56.573060828Z: [   10.759588] Netfilter messages via NETLINK v0.30.
[STDOUT  ] 2018-02-14T12:08:56.574121521Z: [   10.760654] nfnl_acct: registering with nfnetlink.
[STDOUT  ] 2018-02-14T12:08:56.575942632Z: [   10.762352] nf_conntrack version 0.5.0 (8192 buckets, 32768 max)
[STDOUT  ] 2018-02-14T12:08:56.579236473Z: [   10.765708] ctnetlink v0.93: registering with nfnetlink.
[STDOUT  ] 2018-02-14T12:08:56.582602504Z: [   10.768942] nf_tables: (c) 2007-2009 Patrick McHardy <kaber@trash.net>
[STDOUT  ] 2018-02-14T12:08:56.58419945Z: [   10.770400] nf_tables_compat: (c) 2012 Pablo Neira Ayuso <pablo@netfilter.org>
[STDOUT  ] 2018-02-14T12:08:56.586970462Z: [   10.773486] xt_time: kernel timezone is -0000
[STDOUT  ] 2018-02-14T12:08:56.587678543Z: [   10.774368] ip_set: protocol 6
[STDOUT  ] 2018-02-14T12:08:56.588829965Z: [   10.775247] IPVS: Registered protocols (TCP, UDP, SCTP, AH, ESP)
[STDOUT  ] 2018-02-14T12:08:56.590073764Z: [   10.776223] IPVS: Connection hash table configured (size=4096, memory=64Kbytes)
[STDOUT  ] 2018-02-14T12:08:56.591862923Z: [   10.778438] IPVS: Creating netns size=2104 id=0
[STDOUT  ] 2018-02-14T12:08:56.595151716Z: [   10.781870] IPVS: ipvs loaded.
[STDOUT  ] 2018-02-14T12:08:56.595801165Z: [   10.782412] IPVS: [rr] scheduler registered.
[STDOUT  ] 2018-02-14T12:08:56.596395383Z: [   10.783006] IPVS: [wrr] scheduler registered.
[STDOUT  ] 2018-02-14T12:08:56.596975359Z: [   10.783590] IPVS: [lc] scheduler registered.
[STDOUT  ] 2018-02-14T12:08:56.597551779Z: [   10.784144] IPVS: [wlc] scheduler registered.
[STDOUT  ] 2018-02-14T12:08:56.598114105Z: [   10.784732] IPVS: [fo] scheduler registered.
[STDOUT  ] 2018-02-14T12:08:56.598669236Z: [   10.785283] IPVS: [ovf] scheduler registered.
[STDOUT  ] 2018-02-14T12:08:56.599349048Z: [   10.785943] IPVS: [lblc] scheduler registered.
[STDOUT  ] 2018-02-14T12:08:56.60002539Z: [   10.786610] IPVS: [lblcr] scheduler registered.
[STDOUT  ] 2018-02-14T12:08:56.600595389Z: [   10.787212] IPVS: [dh] scheduler registered.
[STDOUT  ] 2018-02-14T12:08:56.601143524Z: [   10.787766] IPVS: [sh] scheduler registered.
[STDOUT  ] 2018-02-14T12:08:56.601702017Z: [   10.788314] IPVS: [sed] scheduler registered.
[STDOUT  ] 2018-02-14T12:08:56.602245291Z: [   10.788870] IPVS: [nq] scheduler registered.
[STDOUT  ] 2018-02-14T12:08:56.603301264Z: [   10.789777] IPVS: ftp: loaded support on port[0] = 21
[STDOUT  ] 2018-02-14T12:08:56.604734945Z: [   10.791194] ipip: IPv4 and MPLS over IPv4 tunneling driver
[STDOUT  ] 2018-02-14T12:08:56.609095065Z: [   10.795605] gre: GRE over IPv4 demultiplexor driver
[STDOUT  ] 2018-02-14T12:08:56.61208573Z: [   10.798532] ip_tables: (C) 2000-2006 Netfilter Core Team
[STDOUT  ] 2018-02-14T12:08:56.616107536Z: [   10.802427] ipt_CLUSTERIP: ClusterIP Version 0.8 loaded successfully
[STDOUT  ] 2018-02-14T12:08:56.617094738Z: [   10.803547] arp_tables: arp_tables: (C) 2002 David S. Miller
[STDOUT  ] 2018-02-14T12:08:56.619666378Z: [   10.806235] NET: Registered protocol family 10
[STDOUT  ] 2018-02-14T12:08:56.62961877Z: [   10.816080] ip6_tables: (C) 2000-2006 Netfilter Core Team
[STDOUT  ] 2018-02-14T12:08:56.638172624Z: [   10.824740] NET: Registered protocol family 17
[STDOUT  ] 2018-02-14T12:08:56.639370842Z: [   10.825994] Bridge firewalling registered
[STDOUT  ] 2018-02-14T12:08:56.640080283Z: [   10.826759] Ebtables v2.0 registered
[STDOUT  ] 2018-02-14T12:08:56.642270473Z: [   10.828866] 8021q: 802.1Q VLAN Support v1.8
[STDOUT  ] 2018-02-14T12:08:56.644309918Z: [   10.830910] 9pnet: Installing 9P2000 support
[STDOUT  ] 2018-02-14T12:08:56.646054214Z: [   10.832651] Key type dns_resolver registered
[STDOUT  ] 2018-02-14T12:08:56.650393715Z: [   10.836998] registered taskstats version 1
[STDOUT  ] 2018-02-14T12:08:56.82807431Z: [   11.014422] ata4: SATA link down (SStatus 0 SControl 300)
[STDOUT  ] 2018-02-14T12:08:56.830641319Z: [   11.017033] ata3: SATA link up 1.5 Gbps (SStatus 113 SControl 300)
[STDOUT  ] 2018-02-14T12:08:56.833398652Z: [   11.019823] ata2: SATA link down (SStatus 0 SControl 300)
[STDOUT  ] 2018-02-14T12:08:56.834489743Z: [   11.020890] ata1: SATA link up 1.5 Gbps (SStatus 113 SControl 300)
[STDOUT  ] 2018-02-14T12:08:56.836893871Z: [   11.023330] ata1.00: ATA-7: QEMU HARDDISK, 2.5+, max UDMA/100
[STDOUT  ] 2018-02-14T12:08:56.837577602Z: [   11.024109] ata1.00: 524288 sectors, multi 16: LBA48 NCQ (depth 31/32)
[STDOUT  ] 2018-02-14T12:08:56.838017993Z: [   11.024852] ata1.00: applying bridge limits
[STDOUT  ] 2018-02-14T12:08:56.839287413Z: [   11.026161] ata5: SATA link down (SStatus 0 SControl 300)
[STDOUT  ] 2018-02-14T12:08:56.839765854Z: [   11.026627] ata6: SATA link down (SStatus 0 SControl 300)
[STDOUT  ] 2018-02-14T12:08:56.84032848Z: [   11.027193] ata3.00: ATAPI: QEMU DVD-ROM, 2.5+, max UDMA/100
[STDOUT  ] 2018-02-14T12:08:56.8405929Z: [   11.027514] ata3.00: applying bridge limits
[STDOUT  ] 2018-02-14T12:08:56.841526218Z: [   11.028426] ata3.00: configured for UDMA/100
[STDOUT  ] 2018-02-14T12:08:56.854264339Z: [   11.041172] ata1.00: configured for UDMA/100
[STDOUT  ] 2018-02-14T12:08:56.867259188Z: [   11.054180] Key type big_key registered
[STDOUT  ] 2018-02-14T12:08:56.87460802Z: [   11.061299] scsi 0:0:0:0: Direct-Access     ATA      QEMU HARDDISK    2.5+ PQ: 0 ANSI: 5
[STDOUT  ] 2018-02-14T12:08:56.886954582Z: [   11.073751] sd 0:0:0:0: [sda] 524288 512-byte logical blocks: (268 MB/256 MiB)
[STDOUT  ] 2018-02-14T12:08:56.889812597Z: [   11.076669] sd 0:0:0:0: Attached scsi generic sg0 type 0
[STDOUT  ] 2018-02-14T12:08:56.891171915Z: [   11.078036] sd 0:0:0:0: [sda] Write Protect is off
[STDOUT  ] 2018-02-14T12:08:56.90414225Z: [   11.090826] sd 0:0:0:0: [sda] Write cache: enabled, read cache: enabled, doesn't support DPO or FUA
[STDOUT  ] 2018-02-14T12:08:56.906320006Z: [   11.093069] scsi 2:0:0:0: CD-ROM            QEMU     QEMU DVD-ROM     2.5+ PQ: 0 ANSI: 5
[STDOUT  ] 2018-02-14T12:08:56.926285118Z: [   11.113054] sr 2:0:0:0: [sr0] scsi3-mmc drive: 4x/4x cd/rw xa/form2 tray
[STDOUT  ] 2018-02-14T12:08:56.926680388Z: [   11.113559] cdrom: Uniform CD-ROM driver Revision: 3.20
[STDOUT  ] 2018-02-14T12:08:56.93713115Z: [   11.123967] sr 2:0:0:0: Attached scsi generic sg1 type 5
[STDOUT  ] 2018-02-14T12:08:56.95214121Z: [   11.138989] sd 0:0:0:0: [sda] Attached SCSI disk
[STDOUT  ] 2018-02-14T12:08:57.050588483Z: [   11.237467] Key type encrypted registered
[STDOUT  ] 2018-02-14T12:08:57.055098606Z: [   11.241842] rtc_cmos 00:00: setting system clock to 2018-02-14 12:08:56 UTC (1518610136)
[STDOUT  ] 2018-02-14T12:08:57.211088571Z: [   11.397945] Freeing unused kernel memory: 1404K
[STDOUT  ] 2018-02-14T12:08:57.211442213Z: [   11.398297] Write protecting the kernel read-only data: 12288k
[STDOUT  ] 2018-02-14T12:08:57.212967236Z: [   11.399772] tsc: Refined TSC clocksource calibration: 2300.044 MHz
[STDOUT  ] 2018-02-14T12:08:57.213820984Z: [   11.400170] clocksource: tsc: mask: 0xffffffffffffffff max_cycles: 0x21275eba45d, max_idle_ns: 440795229041 ns
[STDOUT  ] 2018-02-14T12:08:57.218107954Z: [   11.404957] Freeing unused kernel memory: 124K
[STDOUT  ] 2018-02-14T12:08:57.307834418Z: [   11.494719] Freeing unused kernel memory: 1396K
[STDOUT  ] 2018-02-14T12:08:58.231641811Z: [   12.418447] clocksource: Switched to clocksource tsc
[STDOUT  ] 2018-02-14T12:09:09.374893543Z: 
[STDOUT  ] 2018-02-14T12:09:09.375566797Z: Welcome to LinuxKit
[STDOUT  ] 2018-02-14T12:09:09.375680437Z: 
[STDOUT  ] 2018-02-14T12:09:09.376234984Z:                         ##         .
[STDOUT  ] 2018-02-14T12:09:09.37676854Z:                   ## ## ##        ==
[STDOUT  ] 2018-02-14T12:09:09.377296777Z:                ## ## ## ## ##    ===
[STDOUT  ] 2018-02-14T12:09:09.37787791Z:            /"""""""""""""""""\___/ ===
[STDOUT  ] 2018-02-14T12:09:09.378451377Z:           {                       /  ===-
[STDOUT  ] 2018-02-14T12:09:09.378962062Z:            \______ O           __/
[STDOUT  ] 2018-02-14T12:09:09.37941893Z:              \    \         __/
[STDOUT  ] 2018-02-14T12:09:09.379847508Z:               \____\_______/
[STDOUT  ] 2018-02-14T12:09:09.379929547Z: 
[STDOUT  ] 2018-02-14T12:09:11.744066801Z: [   25.930481] raid6: sse2x1   gen()   332 MB/s
[STDOUT  ] 2018-02-14T12:09:11.91389002Z: [   26.100393] raid6: sse2x1   xor()   162 MB/s
[STDOUT  ] 2018-02-14T12:09:12.083413232Z: [   26.270241] raid6: sse2x2   gen()   237 MB/s
[STDOUT  ] 2018-02-14T12:09:12.253687509Z: [   26.440506] raid6: sse2x2   xor()   129 MB/s
[STDOUT  ] 2018-02-14T12:09:12.423486377Z: [   26.610346] raid6: sse2x4   gen()   308 MB/s
[STDOUT  ] 2018-02-14T12:09:12.593573426Z: [   26.780419] raid6: sse2x4   xor()   178 MB/s
[STDOUT  ] 2018-02-14T12:09:12.593935797Z: [   26.780783] raid6: using algorithm sse2x1 gen() 332 MB/s
[STDOUT  ] 2018-02-14T12:09:12.594192863Z: [   26.781062] raid6: .... xor() 162 MB/s, rmw enabled
[STDOUT  ] 2018-02-14T12:09:12.594585947Z: [   26.781430] raid6: using intx1 recovery algorithm
[STDOUT  ] 2018-02-14T12:09:12.612253724Z: [   26.799059] xor: measuring software checksum speed
[STDOUT  ] 2018-02-14T12:09:12.703520118Z: [   26.890310]    prefetch64-sse:   635.200 MB/sec
[STDOUT  ] 2018-02-14T12:09:12.803483423Z: [   26.990282]    generic_sse:   622.400 MB/sec
[STDOUT  ] 2018-02-14T12:09:12.803886719Z: [   26.990645] xor: using function: prefetch64-sse (635.200 MB/sec)
[STDOUT  ] 2018-02-14T12:09:12.966254817Z: [   27.152701] Btrfs loaded, crc32c=crc32c-generic
[STDOUT  ] 2018-02-14T12:09:13.465722669Z: [   27.652542] IPVS: Creating netns size=2104 id=1
[STDOUT  ] 2018-02-14T12:09:13.466172539Z: [   27.652995] IPVS: ftp: loaded support on port[0] = 21
[STDERR  ] 2018-02-14T12:09:14.498788168Z: main-loop: WARNING: I/O thread spun for 1000 iterations
[STDOUT  ] 2018-02-14T12:09:14.635656056Z: 2018/02/14 12:09:13 Creating partition on /dev/sda
[STDOUT  ] 2018-02-14T12:09:14.749788942Z: [   28.936694]  sda:
[STDOUT  ] 2018-02-14T12:09:14.811377293Z: [   28.998279]  sda:
[STDOUT  ] 2018-02-14T12:09:14.883513424Z: [   29.070384]  sda: sda1
[STDOUT  ] 2018-02-14T12:09:14.955076268Z: [   29.141960]  sda: sda1
[STDOUT  ] 2018-02-14T12:09:16.770329625Z: [   30.956238] BTRFS: device fsid b1f05684-a263-4b1a-81b9-f972d1c192c4 devid 1 transid 5 /dev/sda1
[STDOUT  ] 2018-02-14T12:09:16.778016393Z: 2018/02/14 12:09:15 Partition /dev/sda1 successfully created!
[STDOUT  ] 2018-02-14T12:09:17.808080826Z: [   31.994511] IPVS: Creating netns size=2104 id=2
[STDOUT  ] 2018-02-14T12:09:17.808845312Z: [   31.995283] IPVS: ftp: loaded support on port[0] = 21
[STDOUT  ] 2018-02-14T12:09:18.989811473Z: [   33.175538] FAT-fs (sda1): utf8 is not a recommended IO charset for FAT filesystems, filesystem will be case sensitive!
[STDOUT  ] 2018-02-14T12:09:18.994531616Z: [   33.180136] FAT-fs (sda1): utf8 is not a recommended IO charset for FAT filesystems, filesystem will be case sensitive!
[STDOUT  ] 2018-02-14T12:09:18.998195249Z: [   33.184612] mount: sending ioctl 5310 to a partition!
[STDOUT  ] 2018-02-14T12:09:19.032050703Z: [   33.218421] mount: sending ioctl 5310 to a partition!
[STDOUT  ] 2018-02-14T12:09:19.033996489Z: [   33.220040] UDF-fs: warning (device sda1): udf_fill_super: No partition found (2)
[STDOUT  ] 2018-02-14T12:09:19.066426222Z: [   33.252662] BTRFS info (device sda1): disk space caching is enabled
[STDOUT  ] 2018-02-14T12:09:19.067258246Z: [   33.253659] BTRFS info (device sda1): has skinny extents
[STDOUT  ] 2018-02-14T12:09:19.068197685Z: [   33.254369] BTRFS info (device sda1): flagging fs with big metadata feature
[STDOUT  ] 2018-02-14T12:09:19.110417404Z: [   33.296755] BTRFS info (device sda1): creating UUID tree
[STDOUT  ] 2018-02-14T12:09:32.89223708Z: [   47.078539] sd 0:0:0:0: [sda] Synchronizing SCSI cache
[STDOUT  ] 2018-02-14T12:09:32.894128048Z: [   47.080608] sd 0:0:0:0: [sda] Stopping disk
[STDOUT  ] 2018-02-14T12:09:32.897098541Z: [   47.083432] ACPI: Preparing to enter system sleep state S5
[STDOUT  ] 2018-02-14T12:09:32.898372021Z: [   47.084985] reboot: Power down
[STDERR  ] 2018-02-14T12:09:33.061373401Z: + [ -f disk.img ]
[STDERR  ] 2018-02-14T12:09:33.061435806Z: + dd if=/dev/zero bs=1048576 count=256
[STDERR  ] 2018-02-14T12:09:33.270360815Z: 256+0 records in
[STDERR  ] 2018-02-14T12:09:33.270408444Z: 256+0 records out
[STDERR  ] 2018-02-14T12:09:33.270690204Z: + linuxkit build -format kernel+initrd -name extend-btrfs test.yml
[STDERR  ] 2018-02-14T12:09:33.30479887Z: Extract kernel image: linuxkit/kernel:4.9.81
[STDERR  ] 2018-02-14T12:09:34.435031186Z: time="2018-02-14T12:09:34Z" level=warning msg="certificate with CN  is near expiry"
[STDERR  ] 2018-02-14T12:09:34.435341592Z: time="2018-02-14T12:09:34Z" level=warning msg="certificate with CN avi@atomicinc.com is near expiry"
[STDERR  ] 2018-02-14T12:09:34.43563032Z: time="2018-02-14T12:09:34Z" level=warning msg="certificate with CN Ian Campbell is near expiry"
[STDERR  ] 2018-02-14T12:09:34.436084177Z: time="2018-02-14T12:09:34Z" level=warning msg="certificate with CN Justin Cormack is near expiry"
[STDERR  ] 2018-02-14T12:09:34.436187111Z: time="2018-02-14T12:09:34Z" level=warning msg="certificate with CN  is near expiry"
[STDERR  ] 2018-02-14T12:09:34.487431553Z: time="2018-02-14T12:09:34Z" level=warning msg="certificate with CN Justin Cormack is near expiry"
[STDERR  ] 2018-02-14T12:09:38.125988697Z: Add init containers:
[STDERR  ] 2018-02-14T12:09:38.126090418Z: Process init image: linuxkit/init:6061875ba11fd9c563fda6234b103ed9997ff782
[STDERR  ] 2018-02-14T12:09:39.061710233Z: time="2018-02-14T12:09:39Z" level=warning msg="certificate with CN  is near expiry"
[STDERR  ] 2018-02-14T12:09:39.061805668Z: time="2018-02-14T12:09:39Z" level=warning msg="certificate with CN avi@atomicinc.com is near expiry"
[STDERR  ] 2018-02-14T12:09:39.061905599Z: time="2018-02-14T12:09:39Z" level=warning msg="certificate with CN Ian Campbell is near expiry"
[STDERR  ] 2018-02-14T12:09:39.062070089Z: time="2018-02-14T12:09:39Z" level=warning msg="certificate with CN Justin Cormack is near expiry"
[STDERR  ] 2018-02-14T12:09:39.062227207Z: time="2018-02-14T12:09:39Z" level=warning msg="certificate with CN  is near expiry"
[STDERR  ] 2018-02-14T12:09:39.066859787Z: time="2018-02-14T12:09:39Z" level=warning msg="certificate with CN Justin Cormack is near expiry"
[STDERR  ] 2018-02-14T12:09:39.068544261Z: time="2018-02-14T12:09:39Z" level=warning msg="certificate with CN  is near expiry"
[STDERR  ] 2018-02-14T12:09:39.068657442Z: time="2018-02-14T12:09:39Z" level=warning msg="certificate with CN Ian Campbell is near expiry"
[STDERR  ] 2018-02-14T12:09:39.884285843Z: Process init image: linuxkit/runc:52ecfdef1ae051e7fd5ac5f1d0b7dd859adff015
[STDERR  ] 2018-02-14T12:09:40.861891882Z: time="2018-02-14T12:09:40Z" level=warning msg="certificate with CN Justin Cormack is near expiry"
[STDERR  ] 2018-02-14T12:09:40.862097804Z: time="2018-02-14T12:09:40Z" level=warning msg="certificate with CN  is near expiry"
[STDERR  ] 2018-02-14T12:09:40.862208319Z: time="2018-02-14T12:09:40Z" level=warning msg="certificate with CN  is near expiry"
[STDERR  ] 2018-02-14T12:09:40.862323481Z: time="2018-02-14T12:09:40Z" level=warning msg="certificate with CN avi@atomicinc.com is near expiry"
[STDERR  ] 2018-02-14T12:09:40.862454338Z: time="2018-02-14T12:09:40Z" level=warning msg="certificate with CN Ian Campbell is near expiry"
[STDERR  ] 2018-02-14T12:09:40.864919541Z: time="2018-02-14T12:09:40Z" level=warning msg="certificate with CN Justin Cormack is near expiry"
[STDERR  ] 2018-02-14T12:09:40.866435761Z: time="2018-02-14T12:09:40Z" level=warning msg="certificate with CN  is near expiry"
[STDERR  ] 2018-02-14T12:09:40.866561168Z: time="2018-02-14T12:09:40Z" level=warning msg="certificate with CN Ian Campbell is near expiry"
[STDERR  ] 2018-02-14T12:09:41.514872803Z: Add onboot containers:
[STDERR  ] 2018-02-14T12:09:41.514940141Z:   Create OCI config for linuxkit/modprobe:v0.2
[STDERR  ] 2018-02-14T12:09:42.532622867Z: time="2018-02-14T12:09:42Z" level=warning msg="certificate with CN avi@atomicinc.com is near expiry"
[STDERR  ] 2018-02-14T12:09:42.532682491Z: time="2018-02-14T12:09:42Z" level=warning msg="certificate with CN Moby CI is near expiry"
[STDERR  ] 2018-02-14T12:09:42.532754431Z: time="2018-02-14T12:09:42Z" level=warning msg="certificate with CN  is near expiry"
[STDERR  ] 2018-02-14T12:09:42.532869753Z: time="2018-02-14T12:09:42Z" level=warning msg="certificate with CN Ian Campbell is near expiry"
[STDERR  ] 2018-02-14T12:09:42.533003875Z: time="2018-02-14T12:09:42Z" level=warning msg="certificate with CN Justin Cormack is near expiry"
[STDERR  ] 2018-02-14T12:09:42.533209622Z: time="2018-02-14T12:09:42Z" level=warning msg="certificate with CN Rolf Neugebauer is near expiry"
[STDERR  ] 2018-02-14T12:09:42.533333296Z: time="2018-02-14T12:09:42Z" level=warning msg="certificate with CN  is near expiry"
[STDERR  ] 2018-02-14T12:09:42.534595199Z: time="2018-02-14T12:09:42Z" level=warning msg="certificate with CN Ian Campbell is near expiry"
[STDERR  ] 2018-02-14T12:09:42.53472104Z: time="2018-02-14T12:09:42Z" level=warning msg="certificate with CN  is near expiry"
[STDERR  ] 2018-02-14T12:09:42.535428134Z: time="2018-02-14T12:09:42Z" level=warning msg="certificate with CN Rolf Neugebauer is near expiry"
[STDERR  ] 2018-02-14T12:09:43.079751821Z:   Create OCI config for linuxkit/extend:v0.2
[STDERR  ] 2018-02-14T12:09:44.091091275Z: time="2018-02-14T12:09:44Z" level=warning msg="certificate with CN Moby CI is near expiry"
[STDERR  ] 2018-02-14T12:09:44.091172627Z: time="2018-02-14T12:09:44Z" level=warning msg="certificate with CN  is near expiry"
[STDERR  ] 2018-02-14T12:09:44.091301677Z: time="2018-02-14T12:09:44Z" level=warning msg="certificate with CN Justin Cormack is near expiry"
[STDERR  ] 2018-02-14T12:09:44.091525808Z: time="2018-02-14T12:09:44Z" level=warning msg="certificate with CN Rolf Neugebauer is near expiry"
[STDERR  ] 2018-02-14T12:09:44.091638545Z: time="2018-02-14T12:09:44Z" level=warning msg="certificate with CN Ian Campbell is near expiry"
[STDERR  ] 2018-02-14T12:09:44.091743359Z: time="2018-02-14T12:09:44Z" level=warning msg="certificate with CN  is near expiry"
[STDERR  ] 2018-02-14T12:09:44.092999869Z: time="2018-02-14T12:09:44Z" level=warning msg="certificate with CN  is near expiry"
[STDERR  ] 2018-02-14T12:09:44.093120461Z: time="2018-02-14T12:09:44Z" level=warning msg="certificate with CN Ian Campbell is near expiry"
[STDERR  ] 2018-02-14T12:09:44.094415028Z: time="2018-02-14T12:09:44Z" level=warning msg="certificate with CN Rolf Neugebauer is near expiry"
[STDERR  ] 2018-02-14T12:09:45.013040829Z:   Create OCI config for linuxkit/mount:v0.2
[STDERR  ] 2018-02-14T12:09:46.017551023Z: time="2018-02-14T12:09:46Z" level=warning msg="certificate with CN Justin Cormack is near expiry"
[STDERR  ] 2018-02-14T12:09:46.017821077Z: time="2018-02-14T12:09:46Z" level=warning msg="certificate with CN Rolf Neugebauer is near expiry"
[STDERR  ] 2018-02-14T12:09:46.017909502Z: time="2018-02-14T12:09:46Z" level=warning msg="certificate with CN  is near expiry"
[STDERR  ] 2018-02-14T12:09:46.018033772Z: time="2018-02-14T12:09:46Z" level=warning msg="certificate with CN  is near expiry"
[STDERR  ] 2018-02-14T12:09:46.018146355Z: time="2018-02-14T12:09:46Z" level=warning msg="certificate with CN avi@atomicinc.com is near expiry"
[STDERR  ] 2018-02-14T12:09:46.018294162Z: time="2018-02-14T12:09:46Z" level=warning msg="certificate with CN Ian Campbell is near expiry"
[STDERR  ] 2018-02-14T12:09:46.02401568Z: time="2018-02-14T12:09:46Z" level=warning msg="certificate with CN Justin Cormack is near expiry"
[STDERR  ] 2018-02-14T12:09:46.02530928Z: time="2018-02-14T12:09:46Z" level=warning msg="certificate with CN Rolf Neugebauer is near expiry"
[STDERR  ] 2018-02-14T12:09:46.02622883Z: time="2018-02-14T12:09:46Z" level=warning msg="certificate with CN Ian Campbell is near expiry"
[STDERR  ] 2018-02-14T12:09:46.026330404Z: time="2018-02-14T12:09:46Z" level=warning msg="certificate with CN  is near expiry"
[STDERR  ] 2018-02-14T12:09:46.802729118Z:   Create OCI config for alpine:3.7
[STDERR  ] 2018-02-14T12:09:48.383930922Z:   Create OCI config for linuxkit/poweroff:f9a0a5e52fd2a97908bda33db2afffafe4a6a67d
[STDERR  ] 2018-02-14T12:09:49.357612853Z: time="2018-02-14T12:09:49Z" level=warning msg="certificate with CN Justin Cormack is near expiry"
[STDERR  ] 2018-02-14T12:09:49.35808073Z: time="2018-02-14T12:09:49Z" level=warning msg="certificate with CN Rolf Neugebauer is near expiry"
[STDERR  ] 2018-02-14T12:09:49.358274012Z: time="2018-02-14T12:09:49Z" level=warning msg="certificate with CN  is near expiry"
[STDERR  ] 2018-02-14T12:09:49.358561069Z: time="2018-02-14T12:09:49Z" level=warning msg="certificate with CN  is near expiry"
[STDERR  ] 2018-02-14T12:09:49.358758404Z: time="2018-02-14T12:09:49Z" level=warning msg="certificate with CN avi@atomicinc.com is near expiry"
[STDERR  ] 2018-02-14T12:09:49.358947312Z: time="2018-02-14T12:09:49Z" level=warning msg="certificate with CN Ian Campbell is near expiry"
[STDERR  ] 2018-02-14T12:09:49.360716036Z: time="2018-02-14T12:09:49Z" level=warning msg="certificate with CN Rolf Neugebauer is near expiry"
[STDERR  ] 2018-02-14T12:09:49.361560748Z: time="2018-02-14T12:09:49Z" level=warning msg="certificate with CN  is near expiry"
[STDERR  ] 2018-02-14T12:09:49.361685452Z: time="2018-02-14T12:09:49Z" level=warning msg="certificate with CN Ian Campbell is near expiry"
[STDERR  ] 2018-02-14T12:09:50.061809702Z: Add files:
[STDERR  ] 2018-02-14T12:09:50.061886024Z:   check.sh
[STDERR  ] 2018-02-14T12:09:50.061973842Z: Create outputs:
[STDERR  ] 2018-02-14T12:09:55.917314852Z:   extend-btrfs-kernel extend-btrfs-initrd.img extend-btrfs-cmdline
[STDERR  ] 2018-02-14T12:09:56.272112363Z: + linuxkit run -disk file=disk.img extend-btrfs
[STDERR  ] 2018-02-14T12:09:56.298038426Z: Using existing disk [disk.img] format 
[STDERR  ] 2018-02-14T12:09:56.318005246Z: WARNING: Image format was not specified for 'disk.img' and probing guessed raw.
[STDERR  ] 2018-02-14T12:09:56.318046926Z:          Automatically detecting the format is dangerous for raw images, write operations on block 0 will be restricted.
[STDERR  ] 2018-02-14T12:09:56.318056571Z:          Specify the 'raw' format explicitly to remove the restrictions.
[STDOUT  ] 2018-02-14T12:10:46.465614643Z: [    0.000000] Linux version 4.9.81-linuxkit (root@131493a180c4) (gcc version 6.4.0 (Alpine 6.4.0) ) #1 SMP Tue Feb 13 18:31:25 UTC 2018
[STDOUT  ] 2018-02-14T12:10:46.465687435Z: [    0.000000] Command line: console=ttyS0 console=ttyAMA0
[STDOUT  ] 2018-02-14T12:10:46.465702219Z: [    0.000000] x86/fpu: Legacy x87 FPU detected.
[STDOUT  ] 2018-02-14T12:10:46.465715787Z: [    0.000000] x86/fpu: Using 'eager' FPU context switches.
[STDOUT  ] 2018-02-14T12:10:46.465737268Z: [    0.000000] e820: BIOS-provided physical RAM map:
[STDOUT  ] 2018-02-14T12:10:46.465751198Z: [    0.000000] BIOS-e820: [mem 0x0000000000000000-0x000000000009fbff] usable
[STDOUT  ] 2018-02-14T12:10:46.465765914Z: [    0.000000] BIOS-e820: [mem 0x000000000009fc00-0x000000000009ffff] reserved
[STDOUT  ] 2018-02-14T12:10:46.465779701Z: [    0.000000] BIOS-e820: [mem 0x00000000000f0000-0x00000000000fffff] reserved
[STDOUT  ] 2018-02-14T12:10:46.465794103Z: [    0.000000] BIOS-e820: [mem 0x0000000000100000-0x000000003ffdefff] usable
[STDOUT  ] 2018-02-14T12:10:46.46581048Z: [    0.000000] BIOS-e820: [mem 0x000000003ffdf000-0x000000003fffffff] reserved
[STDOUT  ] 2018-02-14T12:10:46.465823999Z: [    0.000000] BIOS-e820: [mem 0x00000000b0000000-0x00000000bfffffff] reserved
[STDOUT  ] 2018-02-14T12:10:46.465837391Z: [    0.000000] BIOS-e820: [mem 0x00000000fed1c000-0x00000000fed1ffff] reserved
[STDOUT  ] 2018-02-14T12:10:46.465850833Z: [    0.000000] BIOS-e820: [mem 0x00000000fffc0000-0x00000000ffffffff] reserved
[STDOUT  ] 2018-02-14T12:10:46.465864299Z: [    0.000000] NX (Execute Disable) protection: active
[STDOUT  ] 2018-02-14T12:10:46.465877749Z: [    0.000000] SMBIOS 2.8 present.
[STDOUT  ] 2018-02-14T12:10:46.465891245Z: [    0.000000] Kernel/User page tables isolation: disabled
[STDOUT  ] 2018-02-14T12:10:46.465904314Z: [    0.000000] e820: last_pfn = 0x3ffdf max_arch_pfn = 0x400000000
[STDOUT  ] 2018-02-14T12:10:46.465917309Z: [    0.000000] x86/PAT: Configuration [0-7]: WB  WC  UC- UC  WB  WC  UC- WT  
[STDOUT  ] 2018-02-14T12:10:46.465930388Z: [    0.000000] found SMP MP-table at [mem 0x000f6aa0-0x000f6aaf] mapped at [ffff9910400f6aa0]
[STDOUT  ] 2018-02-14T12:10:46.465944077Z: [    0.000000] RAMDISK: [mem 0x3ddd1000-0x3ffcffff]
[STDOUT  ] 2018-02-14T12:10:46.465970893Z: [    0.000000] ACPI: Early table checksum verification disabled
[STDOUT  ] 2018-02-14T12:10:46.465983528Z: [    0.000000] ACPI: RSDP 0x00000000000F68C0 000014 (v00 BOCHS )
[STDOUT  ] 2018-02-14T12:10:46.46599629Z: [    0.000000] ACPI: RSDT 0x000000003FFE2404 000034 (v01 BOCHS  BXPCRSDT 00000001 BXPC 00000001)
[STDOUT  ] 2018-02-14T12:10:46.466010001Z: [    0.000000] ACPI: FACP 0x000000003FFE22A4 000074 (v01 BOCHS  BXPCFACP 00000001 BXPC 00000001)
[STDOUT  ] 2018-02-14T12:10:46.466023011Z: [    0.000000] ACPI: DSDT 0x000000003FFE0040 002264 (v01 BOCHS  BXPCDSDT 00000001 BXPC 00000001)
[STDOUT  ] 2018-02-14T12:10:46.466037266Z: [    0.000000] ACPI: FACS 0x000000003FFE0000 000040
[STDOUT  ] 2018-02-14T12:10:46.466050585Z: [    0.000000] ACPI: APIC 0x000000003FFE2318 000078 (v01 BOCHS  BXPCAPIC 00000001 BXPC 00000001)
[STDOUT  ] 2018-02-14T12:10:46.46606422Z: [    0.000000] ACPI: HPET 0x000000003FFE2390 000038 (v01 BOCHS  BXPCHPET 00000001 BXPC 00000001)
[STDOUT  ] 2018-02-14T12:10:46.466077184Z: [    0.000000] ACPI: MCFG 0x000000003FFE23C8 00003C (v01 BOCHS  BXPCMCFG 00000001 BXPC 00000001)
[STDOUT  ] 2018-02-14T12:10:46.466119964Z: [    0.000000] Zone ranges:
[STDOUT  ] 2018-02-14T12:10:46.466135398Z: [    0.000000]   DMA      [mem 0x0000000000001000-0x0000000000ffffff]
[STDOUT  ] 2018-02-14T12:10:46.466148712Z: [    0.000000]   DMA32    [mem 0x0000000001000000-0x000000003ffdefff]
[STDOUT  ] 2018-02-14T12:10:46.466161325Z: [    0.000000]   Normal   empty
[STDOUT  ] 2018-02-14T12:10:46.466179964Z: [    0.000000] Movable zone start for each node
[STDOUT  ] 2018-02-14T12:10:46.466193014Z: [    0.000000] Early memory node ranges
[STDOUT  ] 2018-02-14T12:10:46.466205791Z: [    0.000000]   node   0: [mem 0x0000000000001000-0x000000000009efff]
[STDOUT  ] 2018-02-14T12:10:46.466217902Z: [    0.000000]   node   0: [mem 0x0000000000100000-0x000000003ffdefff]
[STDOUT  ] 2018-02-14T12:10:46.466230089Z: [    0.000000] Initmem setup node 0 [mem 0x0000000000001000-0x000000003ffdefff]
[STDOUT  ] 2018-02-14T12:10:46.466242382Z: [    0.000000] ACPI: PM-Timer IO Port: 0x608
[STDOUT  ] 2018-02-14T12:10:46.466254841Z: [    0.000000] ACPI: LAPIC_NMI (acpi_id[0xff] dfl dfl lint[0x1])
[STDOUT  ] 2018-02-14T12:10:46.466266658Z: [    0.000000] IOAPIC[0]: apic_id 0, version 32, address 0xfec00000, GSI 0-23
[STDOUT  ] 2018-02-14T12:10:46.466284134Z: [    0.000000] ACPI: INT_SRC_OVR (bus 0 bus_irq 0 global_irq 2 dfl dfl)
[STDOUT  ] 2018-02-14T12:10:46.466296798Z: [    0.000000] ACPI: INT_SRC_OVR (bus 0 bus_irq 5 global_irq 5 high level)
[STDOUT  ] 2018-02-14T12:10:46.466309048Z: [    0.000000] ACPI: INT_SRC_OVR (bus 0 bus_irq 9 global_irq 9 high level)
[STDOUT  ] 2018-02-14T12:10:46.466321257Z: [    0.000000] ACPI: INT_SRC_OVR (bus 0 bus_irq 10 global_irq 10 high level)
[STDOUT  ] 2018-02-14T12:10:46.466333434Z: [    0.000000] ACPI: INT_SRC_OVR (bus 0 bus_irq 11 global_irq 11 high level)
[STDOUT  ] 2018-02-14T12:10:46.466350438Z: [    0.000000] Using ACPI (MADT) for SMP configuration information
[STDOUT  ] 2018-02-14T12:10:46.466362645Z: [    0.000000] ACPI: HPET id: 0x8086a201 base: 0xfed00000
[STDOUT  ] 2018-02-14T12:10:46.466374935Z: [    0.000000] smpboot: Allowing 1 CPUs, 0 hotplug CPUs
[STDOUT  ] 2018-02-14T12:10:46.466387505Z: [    0.000000] e820: [mem 0x40000000-0xafffffff] available for PCI devices
[STDOUT  ] 2018-02-14T12:10:46.46639975Z: [    0.000000] Booting paravirtualized kernel on bare hardware
[STDOUT  ] 2018-02-14T12:10:46.466412028Z: [    0.000000] clocksource: refined-jiffies: mask: 0xffffffff max_cycles: 0xffffffff, max_idle_ns: 19112604462750000 ns
[STDOUT  ] 2018-02-14T12:10:46.46642505Z: [    0.000000] setup_percpu: NR_CPUS:128 nr_cpumask_bits:128 nr_cpu_ids:1 nr_node_ids:1
[STDOUT  ] 2018-02-14T12:10:46.466437906Z: [    0.000000] percpu: Embedded 36 pages/cpu @ffff99107da00000 s106904 r8192 d32360 u2097152
[STDOUT  ] 2018-02-14T12:10:46.466450742Z: [    0.000000] Built 1 zonelists in Zone order, mobility grouping on.  Total pages: 257896
[STDOUT  ] 2018-02-14T12:10:46.466466657Z: [    0.000000] Kernel command line: console=ttyS0 console=ttyAMA0
[STDOUT  ] 2018-02-14T12:10:46.46648401Z: [    0.000000] PID hash table entries: 4096 (order: 3, 32768 bytes)
[STDOUT  ] 2018-02-14T12:10:46.466496222Z: [    0.000000] Dentry cache hash table entries: 131072 (order: 8, 1048576 bytes)
[STDOUT  ] 2018-02-14T12:10:46.466508195Z: [    0.000000] Inode-cache hash table entries: 65536 (order: 7, 524288 bytes)
[STDOUT  ] 2018-02-14T12:10:46.466520592Z: [    0.000000] Memory: 979312K/1048052K available (8054K kernel code, 1391K rwdata, 2700K rodata, 1404K init, 564K bss, 68740K reserved, 0K cma-reserved)
[STDOUT  ] 2018-02-14T12:10:46.466533018Z: [    0.000000] Hierarchical RCU implementation.
[STDOUT  ] 2018-02-14T12:10:46.466544575Z: [    0.000000] 	Build-time adjustment of leaf fanout to 64.
[STDOUT  ] 2018-02-14T12:10:46.466555735Z: [    0.000000] 	RCU restricting CPUs from NR_CPUS=128 to nr_cpu_ids=1.
[STDOUT  ] 2018-02-14T12:10:46.466567438Z: [    0.000000] RCU: Adjusting geometry for rcu_fanout_leaf=64, nr_cpu_ids=1
[STDOUT  ] 2018-02-14T12:10:46.466578616Z: [    0.000000] NR_IRQS:8448 nr_irqs:256 16
[STDOUT  ] 2018-02-14T12:10:46.466589614Z: [    0.000000] Console: colour VGA+ 80x25
[STDOUT  ] 2018-02-14T12:10:46.466602213Z: [    0.000000] console [ttyS0] enabled
[STDOUT  ] 2018-02-14T12:10:46.466614398Z: [    0.000000] clocksource: hpet: mask: 0xffffffff max_cycles: 0xffffffff, max_idle_ns: 19112604467 ns
[STDOUT  ] 2018-02-14T12:10:46.466629282Z: [    0.000000] tsc: Fast TSC calibration using PIT
[STDOUT  ] 2018-02-14T12:10:46.466645559Z: [    0.000000] tsc: Detected 2300.113 MHz processor
[STDOUT  ] 2018-02-14T12:10:46.466657338Z: [    0.021359] Calibrating delay loop (skipped), value calculated using timer frequency.. 4600.22 BogoMIPS (lpj=23001130)
[STDOUT  ] 2018-02-14T12:10:46.466670261Z: [    0.022442] pid_max: default: 32768 minimum: 301
[STDOUT  ] 2018-02-14T12:10:46.466684379Z: [    0.023450] ACPI: Core revision 20160831
[STDOUT  ] 2018-02-14T12:10:46.466695756Z: [    0.070999] ACPI: 1 ACPI AML tables successfully acquired and loaded
[STDOUT  ] 2018-02-14T12:10:46.46670707Z: [    0.074198] Security Framework initialized
[STDOUT  ] 2018-02-14T12:10:46.466718128Z: [    0.074589] Yama: becoming mindful.
[STDOUT  ] 2018-02-14T12:10:46.466729177Z: [    0.076485] Mount-cache hash table entries: 2048 (order: 2, 16384 bytes)
[STDOUT  ] 2018-02-14T12:10:46.466740389Z: [    0.077050] Mountpoint-cache hash table entries: 2048 (order: 2, 16384 bytes)
[STDOUT  ] 2018-02-14T12:10:46.466751443Z: [    0.096666] Last level iTLB entries: 4KB 0, 2MB 0, 4MB 0
[STDOUT  ] 2018-02-14T12:10:46.466763892Z: [    0.097139] Last level dTLB entries: 4KB 0, 2MB 0, 4MB 0, 1GB 0
[STDOUT  ] 2018-02-14T12:10:46.466776485Z: [    0.097665] Spectre V2 : LFENCE not serializing. Switching to generic retpoline
[STDOUT  ] 2018-02-14T12:10:46.46678805Z: [    0.098252] Spectre V2 : Vulnerable: Minimal generic ASM retpoline
[STDOUT  ] 2018-02-14T12:10:46.466799095Z: [    0.098764] Spectre V2 : Filling RSB on context switch
[STDOUT  ] 2018-02-14T12:10:46.46681013Z: [    0.437930] Freeing SMP alternatives memory: 20K
[STDOUT  ] 2018-02-14T12:10:46.466821405Z: [    0.446717] ftrace: allocating 35563 entries in 139 pages
[STDOUT  ] 2018-02-14T12:10:46.46683603Z: [    0.613535] smpboot: Max logical packages: 1
[STDOUT  ] 2018-02-14T12:10:46.466847766Z: [    0.618760] ..TIMER: vector=0x30 apic1=0 pin1=2 apic2=-1 pin2=-1
[STDOUT  ] 2018-02-14T12:10:46.466859343Z: [    0.730000] smpboot: CPU0: AMD QEMU Virtual CPU version 2.5+ (family: 0x6, model: 0x6, stepping: 0x3)
[STDOUT  ] 2018-02-14T12:10:46.46687174Z: [    0.730000] Performance Events: PMU not available due to virtualization, using software events only.
[STDOUT  ] 2018-02-14T12:10:46.466883609Z: [    0.737589] NMI watchdog: disabled (cpu0): hardware events not enabled
[STDOUT  ] 2018-02-14T12:10:46.466895126Z: [    0.738042] NMI watchdog: Shutting down hard lockup detector on all cpus
[STDOUT  ] 2018-02-14T12:10:46.466906517Z: [    0.740801] x86: Booted up 1 node, 1 CPUs
[STDOUT  ] 2018-02-14T12:10:46.466917969Z: [    0.741151] smpboot: Total of 1 processors activated (4600.22 BogoMIPS)
[STDOUT  ] 2018-02-14T12:10:46.467708393Z: [    0.755225] devtmpfs: initialized
[STDOUT  ] 2018-02-14T12:10:46.467737486Z: [    0.760120] x86/mm: Memory block size: 128MB
[STDOUT  ] 2018-02-14T12:10:46.467760216Z: [    0.822749] clocksource: jiffies: mask: 0xffffffff max_cycles: 0xffffffff, max_idle_ns: 19112604462750000 ns
[STDOUT  ] 2018-02-14T12:10:46.467775345Z: [    0.823561] futex hash table entries: 256 (order: 2, 16384 bytes)
[STDOUT  ] 2018-02-14T12:10:46.467789732Z: [    0.832628] NET: Registered protocol family 16
[STDOUT  ] 2018-02-14T12:10:46.467827168Z: [    0.842152] cpuidle: using governor ladder
[STDOUT  ] 2018-02-14T12:10:46.467850489Z: [    0.842575] cpuidle: using governor menu
[STDOUT  ] 2018-02-14T12:10:46.467865232Z: [    0.843633] ACPI: bus type PCI registered
[STDOUT  ] 2018-02-14T12:10:46.467879619Z: [    0.846303] PCI: MMCONFIG for domain 0000 [bus 00-ff] at [mem 0xb0000000-0xbfffffff] (base 0xb0000000)
[STDOUT  ] 2018-02-14T12:10:46.467894582Z: [    0.847049] PCI: MMCONFIG at [mem 0xb0000000-0xbfffffff] reserved in E820
[STDOUT  ] 2018-02-14T12:10:46.467909123Z: [    0.848415] PCI: Using configuration type 1 for base access
[STDOUT  ] 2018-02-14T12:10:46.467923481Z: [    0.904486] HugeTLB registered 2 MB page size, pre-allocated 0 pages
[STDOUT  ] 2018-02-14T12:10:46.467937736Z: [    0.914658] ACPI: Added _OSI(Module Device)
[STDOUT  ] 2018-02-14T12:10:46.467958399Z: [    0.914991] ACPI: Added _OSI(Processor Device)
[STDOUT  ] 2018-02-14T12:10:46.467972837Z: [    0.915278] ACPI: Added _OSI(3.0 _SCP Extensions)
[STDOUT  ] 2018-02-14T12:10:46.46798973Z: [    0.915572] ACPI: Added _OSI(Processor Aggregator Device)
[STDOUT  ] 2018-02-14T12:10:46.468004036Z: [    0.988590] ACPI: Interpreter enabled
[STDOUT  ] 2018-02-14T12:10:46.46801776Z: [    0.989359] ACPI: (supports S0 S5)
[STDOUT  ] 2018-02-14T12:10:46.468031673Z: [    0.989664] ACPI: Using IOAPIC for interrupt routing
[STDOUT  ] 2018-02-14T12:10:46.468045612Z: [    0.991554] PCI: Using host bridge windows from ACPI; if necessary, use "pci=nocrs" and report a bug
[STDOUT  ] 2018-02-14T12:10:46.468060255Z: [    1.056416] ACPI: PCI Root Bridge [PCI0] (domain 0000 [bus 00-ff])
[STDOUT  ] 2018-02-14T12:10:46.468073851Z: [    1.057306] acpi PNP0A08:00: _OSC: OS supports [ExtendedConfig ASPM ClockPM Segments MSI]
[STDOUT  ] 2018-02-14T12:10:46.468088134Z: [    1.062878] acpi PNP0A08:00: _OSC: OS now controls [PCIeHotplug PME PCIeCapability]
[STDOUT  ] 2018-02-14T12:10:46.468102564Z: [    1.066415] PCI host bridge to bus 0000:00
[STDOUT  ] 2018-02-14T12:10:46.468115983Z: [    1.066843] pci_bus 0000:00: root bus resource [io  0x0000-0x0cf7 window]
[STDOUT  ] 2018-02-14T12:10:46.468129388Z: [    1.067261] pci_bus 0000:00: root bus resource [io  0x0d00-0xffff window]
[STDOUT  ] 2018-02-14T12:10:46.468142563Z: [    1.067712] pci_bus 0000:00: root bus resource [mem 0x000a0000-0x000bffff window]
[STDOUT  ] 2018-02-14T12:10:46.468155877Z: [    1.068199] pci_bus 0000:00: root bus resource [mem 0xc0000000-0xfebfffff window]
[STDOUT  ] 2018-02-14T12:10:46.468169209Z: [    1.068812] pci_bus 0000:00: root bus resource [bus 00-ff]
[STDOUT  ] 2018-02-14T12:10:46.468182469Z: [    1.175380] pci 0000:00:1f.0: quirk: [io  0x0600-0x067f] claimed by ICH6 ACPI/GPIO/TCO
[STDOUT  ] 2018-02-14T12:10:46.468196088Z: [    1.234659] ACPI: PCI Interrupt Link [LNKA] (IRQs 5 *10 11)
[STDOUT  ] 2018-02-14T12:10:46.468209482Z: [    1.236681] ACPI: PCI Interrupt Link [LNKB] (IRQs 5 *10 11)
[STDOUT  ] 2018-02-14T12:10:46.468222776Z: [    1.238387] ACPI: PCI Interrupt Link [LNKC] (IRQs 5 10 *11)
[STDOUT  ] 2018-02-14T12:10:46.468236097Z: [    1.240256] ACPI: PCI Interrupt Link [LNKD] (IRQs 5 10 *11)
[STDOUT  ] 2018-02-14T12:10:46.468249282Z: [    1.242021] ACPI: PCI Interrupt Link [LNKE] (IRQs 5 *10 11)
[STDOUT  ] 2018-02-14T12:10:46.468271664Z: [    1.243706] ACPI: PCI Interrupt Link [LNKF] (IRQs 5 *10 11)
[STDOUT  ] 2018-02-14T12:10:46.468285145Z: [    1.245416] ACPI: PCI Interrupt Link [LNKG] (IRQs 5 10 *11)
[STDOUT  ] 2018-02-14T12:10:46.468298198Z: [    1.247099] ACPI: PCI Interrupt Link [LNKH] (IRQs 5 10 *11)
[STDOUT  ] 2018-02-14T12:10:46.468311216Z: [    1.247932] ACPI: PCI Interrupt Link [GSIA] (IRQs *16)
[STDOUT  ] 2018-02-14T12:10:46.46832434Z: [    1.248548] ACPI: PCI Interrupt Link [GSIB] (IRQs *17)
[STDOUT  ] 2018-02-14T12:10:46.468337555Z: [    1.249150] ACPI: PCI Interrupt Link [GSIC] (IRQs *18)
[STDOUT  ] 2018-02-14T12:10:46.468350592Z: [    1.250047] ACPI: PCI Interrupt Link [GSID] (IRQs *19)
[STDOUT  ] 2018-02-14T12:10:46.468363696Z: [    1.250676] ACPI: PCI Interrupt Link [GSIE] (IRQs *20)
[STDOUT  ] 2018-02-14T12:10:46.468376753Z: [    1.251306] ACPI: PCI Interrupt Link [GSIF] (IRQs *21)
[STDOUT  ] 2018-02-14T12:10:46.468389754Z: [    1.251916] ACPI: PCI Interrupt Link [GSIG] (IRQs *22)
[STDOUT  ] 2018-02-14T12:10:46.468402782Z: [    1.252514] ACPI: PCI Interrupt Link [GSIH] (IRQs *23)
[STDOUT  ] 2018-02-14T12:10:46.468415866Z: [    1.255985] ACPI: Enabled 2 GPEs in block 00 to 3F
[STDOUT  ] 2018-02-14T12:10:46.468429271Z: [    1.259902] SCSI subsystem initialized
[STDOUT  ] 2018-02-14T12:10:46.468442713Z: [    1.261571] ACPI: bus type USB registered
[STDOUT  ] 2018-02-14T12:10:46.468458252Z: [    1.262715] usbcore: registered new interface driver usbfs
[STDOUT  ] 2018-02-14T12:10:46.468471944Z: [    1.263565] usbcore: registered new interface driver hub
[STDOUT  ] 2018-02-14T12:10:46.468485087Z: [    1.264348] usbcore: registered new device driver usb
[STDOUT  ] 2018-02-14T12:10:46.468502285Z: [    1.265503] pps_core: LinuxPPS API ver. 1 registered
[STDOUT  ] 2018-02-14T12:10:46.468515384Z: [    1.265839] pps_core: Software ver. 5.3.6 - Copyright 2005-2007 Rodolfo Giometti <giometti@linux.it>
[STDOUT  ] 2018-02-14T12:10:46.468560745Z: [    1.266546] PTP clock support registered
[STDOUT  ] 2018-02-14T12:10:46.468576926Z: [    1.268240] PCI: Using ACPI for IRQ routing
[STDOUT  ] 2018-02-14T12:10:46.468590348Z: [    1.286795] NetLabel: Initializing
[STDOUT  ] 2018-02-14T12:10:46.468603618Z: [    1.287051] NetLabel:  domain hash size = 128
[STDOUT  ] 2018-02-14T12:10:46.468623501Z: [    1.287330] NetLabel:  protocols = UNLABELED CIPSOv4
[STDOUT  ] 2018-02-14T12:10:46.468637129Z: [    1.289121] NetLabel:  unlabeled traffic allowed by default
[STDOUT  ] 2018-02-14T12:10:46.468660438Z: [    1.290060] wmi: Mapper loaded
[STDOUT  ] 2018-02-14T12:10:46.468674536Z: [    1.290822] HPET: 3 timers in total, 0 timers will be used for per-cpu timer
[STDOUT  ] 2018-02-14T12:10:46.468688086Z: [    1.291570] hpet0: at MMIO 0xfed00000, IRQs 2, 8, 0
[STDOUT  ] 2018-02-14T12:10:46.468701441Z: [    1.292052] hpet0: 3 comparators, 64-bit 100.000000 MHz counter
[STDOUT  ] 2018-02-14T12:10:46.468714593Z: [    1.297251] clocksource: Switched to clocksource hpet
[STDOUT  ] 2018-02-14T12:10:46.468727918Z: [    1.563710] VFS: Disk quotas dquot_6.6.0
[STDOUT  ] 2018-02-14T12:10:46.468741363Z: [    1.564494] VFS: Dquot-cache hash table entries: 512 (order 0, 4096 bytes)
[STDOUT  ] 2018-02-14T12:10:46.468759273Z: [    1.567093] FS-Cache: Loaded
[STDOUT  ] 2018-02-14T12:10:46.46877306Z: [    1.572123] CacheFiles: Loaded
[STDOUT  ] 2018-02-14T12:10:46.468786857Z: [    1.573704] pnp: PnP ACPI init
[STDOUT  ] 2018-02-14T12:10:46.468805398Z: [    1.585243] pnp: PnP ACPI: found 5 devices
[STDOUT  ] 2018-02-14T12:10:46.46883008Z: [    1.636364] clocksource: acpi_pm: mask: 0xffffff max_cycles: 0xffffff, max_idle_ns: 2085701024 ns
[STDOUT  ] 2018-02-14T12:10:46.468856772Z: [    1.638955] NET: Registered protocol family 2
[STDOUT  ] 2018-02-14T12:10:46.468870823Z: [    1.646347] TCP established hash table entries: 8192 (order: 4, 65536 bytes)
[STDOUT  ] 2018-02-14T12:10:46.46888408Z: [    1.647070] TCP bind hash table entries: 8192 (order: 5, 131072 bytes)
[STDOUT  ] 2018-02-14T12:10:46.468897509Z: [    1.647725] TCP: Hash tables configured (established 8192 bind 8192)
[STDOUT  ] 2018-02-14T12:10:46.468915495Z: [    1.649627] UDP hash table entries: 512 (order: 2, 16384 bytes)
[STDOUT  ] 2018-02-14T12:10:46.46892916Z: [    1.650362] UDP-Lite hash table entries: 512 (order: 2, 16384 bytes)
[STDOUT  ] 2018-02-14T12:10:46.468942522Z: [    1.652606] NET: Registered protocol family 1
[STDOUT  ] 2018-02-14T12:10:46.468955811Z: [    1.653522] pci 0000:00:01.0: Video device with shadowed ROM at [mem 0x000c0000-0x000dffff]
[STDOUT  ] 2018-02-14T12:10:46.468970045Z: [    1.661888] Unpacking initramfs...
[STDOUT  ] 2018-02-14T12:10:46.468983679Z: [   11.039717] Freeing initrd memory: 34812K
[STDOUT  ] 2018-02-14T12:10:46.468996901Z: [   11.063932] PCLMULQDQ-NI instructions are not detected.
[STDOUT  ] 2018-02-14T12:10:46.469010059Z: [   11.065387] AVX or AES-NI instructions are not detected.
[STDOUT  ] 2018-02-14T12:10:46.469023341Z: [   11.065813] CPU feature 'AVX registers' is not supported.
[STDOUT  ] 2018-02-14T12:10:46.469036687Z: [   11.066198] CPU feature 'AVX registers' is not supported.
[STDOUT  ] 2018-02-14T12:10:46.46904995Z: [   11.066569] CPU feature 'AVX registers' is not supported.
[STDOUT  ] 2018-02-14T12:10:46.469063224Z: [   11.066948] CPU feature 'AVX registers' is not supported.
[STDOUT  ] 2018-02-14T12:10:46.469076308Z: [   11.067318] AVX2 or AES-NI instructions are not detected.
[STDOUT  ] 2018-02-14T12:10:46.469089455Z: [   11.067695] AVX2 instructions are not detected.
[STDOUT  ] 2018-02-14T12:10:46.469102573Z: [   11.074128] audit: initializing netlink subsys (disabled)
[STDOUT  ] 2018-02-14T12:10:46.469115629Z: [   11.075634] audit: type=2000 audit(1518610208.070:1): initialized
[STDOUT  ] 2018-02-14T12:10:46.469134061Z: [   11.083529] workingset: timestamp_bits=46 max_order=18 bucket_order=0
[STDOUT  ] 2018-02-14T12:10:46.469147529Z: [   11.088483] squashfs: version 4.0 (2009/01/31) Phillip Lougher
[STDOUT  ] 2018-02-14T12:10:46.469160809Z: [   11.093708] FS-Cache: Netfs 'cifs' registered for caching
[STDOUT  ] 2018-02-14T12:10:46.469173974Z: [   11.094681] fuse init (API version 7.26)
[STDOUT  ] 2018-02-14T12:10:46.469187255Z: [   11.096896] SGI XFS with ACLs, security attributes, no debug enabled
[STDOUT  ] 2018-02-14T12:10:46.469200468Z: [   11.104674] 9p: Installing v9fs 9p2000 file system support
[STDOUT  ] 2018-02-14T12:10:46.469213658Z: [   11.105176] FS-Cache: Netfs '9p' registered for caching
[STDOUT  ] 2018-02-14T12:10:46.469226767Z: [   11.138480] NET: Registered protocol family 38
[STDOUT  ] 2018-02-14T12:10:46.469240063Z: [   11.139016] Key type asymmetric registered
[STDOUT  ] 2018-02-14T12:10:46.469253303Z: [   11.139343] Asymmetric key parser 'x509' registered
[STDOUT  ] 2018-02-14T12:10:46.469271887Z: [   11.141120] Block layer SCSI generic (bsg) driver version 0.4 loaded (major 251)
[STDOUT  ] 2018-02-14T12:10:46.469285698Z: [   11.142384] io scheduler noop registered
[STDOUT  ] 2018-02-14T12:10:46.469303137Z: [   11.142691] io scheduler deadline registered (default)
[STDOUT  ] 2018-02-14T12:10:46.469316499Z: [   11.143332] io scheduler cfq registered
[STDOUT  ] 2018-02-14T12:10:46.469329553Z: [   11.145899] pci_hotplug: PCI Hot Plug PCI Core version: 0.5
[STDOUT  ] 2018-02-14T12:10:46.469342723Z: [   11.146429] pciehp: PCI Express Hot Plug Controller Driver version: 0.4
[STDOUT  ] 2018-02-14T12:10:46.469356095Z: [   11.147185] shpchp: Standard Hot Plug PCI Controller Driver version: 0.4
[STDOUT  ] 2018-02-14T12:10:46.469373629Z: [   11.147928] hv_vmbus: registering driver hyperv_fb
[STDOUT  ] 2018-02-14T12:10:46.469386999Z: [   11.151858] input: Power Button as /devices/LNXSYSTM:00/LNXPWRBN:00/input/input0
[STDOUT  ] 2018-02-14T12:10:46.469400253Z: [   11.152936] ACPI: Power Button [PWRF]
[STDOUT  ] 2018-02-14T12:10:46.46941319Z: [   11.157968] GHES: HEST is not enabled!
[STDOUT  ] 2018-02-14T12:10:46.469426304Z: [   11.169689] ACPI: PCI Interrupt Link [GSIG] enabled at IRQ 22
[STDOUT  ] 2018-02-14T12:10:46.469439395Z: [   11.182478] ACPI: PCI Interrupt Link [GSIH] enabled at IRQ 23
[STDOUT  ] 2018-02-14T12:10:46.46945258Z: [   11.186610] xenfs: not registering filesystem on non-xen platform
[STDOUT  ] 2018-02-14T12:10:46.469469367Z: [   11.188614] Serial: 8250/16550 driver, 4 ports, IRQ sharing disabled
[STDOUT  ] 2018-02-14T12:10:46.469482768Z: [   11.218453] 00:04: ttyS0 at I/O 0x3f8 (irq = 4, base_baud = 115200) is a 16550A
[STDOUT  ] 2018-02-14T12:10:46.469496032Z: [   11.229146] Non-volatile memory driver v1.3
[STDOUT  ] 2018-02-14T12:10:46.469509204Z: [   11.235268] Hangcheck: starting hangcheck timer 0.9.1 (tick is 180 seconds, margin is 60 seconds).
[STDOUT  ] 2018-02-14T12:10:46.469522492Z: [   11.240439] random: fast init done
[STDOUT  ] 2018-02-14T12:10:46.469535838Z: [   11.241528] random: crng init done
[STDOUT  ] 2018-02-14T12:10:46.469548899Z: [   11.277190] loop: module loaded
[STDOUT  ] 2018-02-14T12:10:46.469561963Z: [   11.292460] nbd: registered device at major 43
[STDOUT  ] 2018-02-14T12:10:46.469579843Z: [   11.335809] lpc_ich 0000:00:1f.0: I/O space for GPIO uninitialized
[STDOUT  ] 2018-02-14T12:10:46.469593021Z: [   11.337480] VMware PVSCSI driver - version 1.0.7.0-k
[STDOUT  ] 2018-02-14T12:10:46.469606232Z: [   11.338153] hv_vmbus: registering driver hv_storvsc
[STDOUT  ] 2018-02-14T12:10:46.469619318Z: [   11.348117] ACPI: PCI Interrupt Link [GSIA] enabled at IRQ 16
[STDOUT  ] 2018-02-14T12:10:46.469632519Z: [   11.354753] ahci 0000:00:1f.2: AHCI 0001.0000 32 slots 6 ports 1.5 Gbps 0x3f impl SATA mode
[STDOUT  ] 2018-02-14T12:10:46.469646275Z: [   11.355418] ahci 0000:00:1f.2: flags: 64bit ncq only 
[STDOUT  ] 2018-02-14T12:10:46.469659435Z: [   11.376580] scsi host0: ahci
[STDOUT  ] 2018-02-14T12:10:46.469672479Z: [   11.380326] scsi host1: ahci
[STDOUT  ] 2018-02-14T12:10:46.469689022Z: [   11.382539] scsi host2: ahci
[STDOUT  ] 2018-02-14T12:10:46.469702281Z: [   11.384934] scsi host3: ahci
[STDOUT  ] 2018-02-14T12:10:46.469715267Z: [   11.387182] scsi host4: ahci
[STDOUT  ] 2018-02-14T12:10:46.469728208Z: [   11.389452] scsi host5: ahci
[STDOUT  ] 2018-02-14T12:10:46.4697413Z: [   11.391433] ata1: SATA max UDMA/133 abar m4096@0xfebd2000 port 0xfebd2100 irq 24
[STDOUT  ] 2018-02-14T12:10:46.469754748Z: [   11.391946] ata2: SATA max UDMA/133 abar m4096@0xfebd2000 port 0xfebd2180 irq 24
[STDOUT  ] 2018-02-14T12:10:46.46977789Z: [   11.392414] ata3: SATA max UDMA/133 abar m4096@0xfebd2000 port 0xfebd2200 irq 24
[STDOUT  ] 2018-02-14T12:10:46.469808605Z: [   11.392880] ata4: SATA max UDMA/133 abar m4096@0xfebd2000 port 0xfebd2280 irq 24
[STDOUT  ] 2018-02-14T12:10:46.469822167Z: [   11.393352] ata5: SATA max UDMA/133 abar m4096@0xfebd2000 port 0xfebd2300 irq 24
[STDOUT  ] 2018-02-14T12:10:46.469835281Z: [   11.393826] ata6: SATA max UDMA/133 abar m4096@0xfebd2000 port 0xfebd2380 irq 24
[STDOUT  ] 2018-02-14T12:10:46.469848369Z: [   11.407175] tun: Universal TUN/TAP device driver, 1.6
[STDOUT  ] 2018-02-14T12:10:46.469861555Z: [   11.407541] tun: (C) 1999-2004 Max Krasnyansky <maxk@qualcomm.com>
[STDOUT  ] 2018-02-14T12:10:46.469874672Z: [   11.418154] VMware vmxnet3 virtual NIC driver - version 1.4.a.0-k-NAPI
[STDOUT  ] 2018-02-14T12:10:46.469887721Z: [   11.418938] hv_vmbus: registering driver hv_netvsc
[STDOUT  ] 2018-02-14T12:10:46.469901038Z: [   11.419278] Fusion MPT base driver 3.04.20
[STDOUT  ] 2018-02-14T12:10:46.46991427Z: [   11.419548] Copyright (c) 1999-2008 LSI Corporation
[STDOUT  ] 2018-02-14T12:10:46.469927399Z: [   11.420282] Fusion MPT SPI Host driver 3.04.20
[STDOUT  ] 2018-02-14T12:10:46.469940538Z: [   11.422325] i8042: PNP: PS/2 Controller [PNP0303:KBD,PNP0f13:MOU] at 0x60,0x64 irq 1,12
[STDOUT  ] 2018-02-14T12:10:46.469954281Z: [   11.426240] serio: i8042 KBD port at 0x60,0x64 irq 1
[STDOUT  ] 2018-02-14T12:10:46.469967335Z: [   11.426801] serio: i8042 AUX port at 0x60,0x64 irq 12
[STDOUT  ] 2018-02-14T12:10:46.469980276Z: [   11.429702] hv_vmbus: registering driver hyperv_keyboard
[STDOUT  ] 2018-02-14T12:10:46.469993493Z: [   11.432055] mousedev: PS/2 mouse device common for all mice
[STDOUT  ] 2018-02-14T12:10:46.470006488Z: [   11.436742] input: AT Translated Set 2 keyboard as /devices/platform/i8042/serio0/input/input1
[STDOUT  ] 2018-02-14T12:10:46.47002437Z: [   11.439469] input: PC Speaker as /devices/platform/pcspkr/input/input2
[STDOUT  ] 2018-02-14T12:10:46.47003761Z: [   11.443103] rtc_cmos 00:00: RTC can wake from S4
[STDOUT  ] 2018-02-14T12:10:46.470050834Z: [   11.446245] rtc_cmos 00:00: rtc core: registered rtc_cmos as rtc0
[STDOUT  ] 2018-02-14T12:10:46.470070953Z: [   11.447357] rtc_cmos 00:00: alarms up to one day, y3k, 114 bytes nvram, hpet irqs
[STDOUT  ] 2018-02-14T12:10:46.470084531Z: [   11.448005] i2c /dev entries driver
[STDOUT  ] 2018-02-14T12:10:46.470097733Z: [   11.449826] device-mapper: ioctl: 4.35.0-ioctl (2016-06-23) initialised: dm-devel@redhat.com
[STDOUT  ] 2018-02-14T12:10:46.470111495Z: [   11.454851] usbcore: registered new interface driver usbhid
[STDOUT  ] 2018-02-14T12:10:46.470124942Z: [   11.455227] usbhid: USB HID core driver
[STDOUT  ] 2018-02-14T12:10:46.4701383Z: [   11.455749] hv_utils: Registering HyperV Utility Driver
[STDOUT  ] 2018-02-14T12:10:46.470151545Z: [   11.456084] hv_vmbus: registering driver hv_util
[STDOUT  ] 2018-02-14T12:10:46.470164721Z: [   11.456381] hv_vmbus: registering driver hv_balloon
[STDOUT  ] 2018-02-14T12:10:46.470177911Z: [   11.456850] oprofile: using NMI interrupt.
[STDOUT  ] 2018-02-14T12:10:46.470191055Z: [   11.457835] GACT probability on
[STDOUT  ] 2018-02-14T12:10:46.470204204Z: [   11.458241] Mirror/redirect action on
[STDOUT  ] 2018-02-14T12:10:46.470217387Z: [   11.459019] Simple TC action Loaded
[STDOUT  ] 2018-02-14T12:10:46.470230584Z: [   11.459515] u32 classifier
[STDOUT  ] 2018-02-14T12:10:46.470243884Z: [   11.459711]     Performance counters on
[STDOUT  ] 2018-02-14T12:10:46.470260385Z: [   11.459964]     input device check on
[STDOUT  ] 2018-02-14T12:10:46.470273655Z: [   11.460407]     Actions configured
[STDOUT  ] 2018-02-14T12:10:46.470291246Z: [   11.460997] Netfilter messages via NETLINK v0.30.
[STDOUT  ] 2018-02-14T12:10:46.470304278Z: [   11.461505] nfnl_acct: registering with nfnetlink.
[STDOUT  ] 2018-02-14T12:10:46.470317266Z: [   11.463001] nf_conntrack version 0.5.0 (8192 buckets, 32768 max)
[STDOUT  ] 2018-02-14T12:10:46.470330434Z: [   11.466104] ctnetlink v0.93: registering with nfnetlink.
[STDOUT  ] 2018-02-14T12:10:46.470343696Z: [   11.469014] nf_tables: (c) 2007-2009 Patrick McHardy <kaber@trash.net>
[STDOUT  ] 2018-02-14T12:10:46.470357017Z: [   11.469878] nf_tables_compat: (c) 2012 Pablo Neira Ayuso <pablo@netfilter.org>
[STDOUT  ] 2018-02-14T12:10:46.470370176Z: [   11.472483] xt_time: kernel timezone is -0000
[STDOUT  ] 2018-02-14T12:10:46.470383319Z: [   11.472978] ip_set: protocol 6
[STDOUT  ] 2018-02-14T12:10:46.470396438Z: [   11.473571] IPVS: Registered protocols (TCP, UDP, SCTP, AH, ESP)
[STDOUT  ] 2018-02-14T12:10:46.470409497Z: [   11.474145] IPVS: Connection hash table configured (size=4096, memory=64Kbytes)
[STDOUT  ] 2018-02-14T12:10:46.470422571Z: [   11.475828] IPVS: Creating netns size=2104 id=0
[STDOUT  ] 2018-02-14T12:10:46.470435691Z: [   11.478583] IPVS: ipvs loaded.
[STDOUT  ] 2018-02-14T12:10:46.470448668Z: [   11.478915] IPVS: [rr] scheduler registered.
[STDOUT  ] 2018-02-14T12:10:46.470461656Z: [   11.479223] IPVS: [wrr] scheduler registered.
[STDOUT  ] 2018-02-14T12:10:46.470479632Z: [   11.479508] IPVS: [lc] scheduler registered.
[STDOUT  ] 2018-02-14T12:10:46.470492849Z: [   11.479784] IPVS: [wlc] scheduler registered.
[STDOUT  ] 2018-02-14T12:10:46.470505903Z: [   11.480313] IPVS: [fo] scheduler registered.
[STDOUT  ] 2018-02-14T12:10:46.47051905Z: [   11.480693] IPVS: [ovf] scheduler registered.
[STDOUT  ] 2018-02-14T12:10:46.470532172Z: [   11.481095] IPVS: [lblc] scheduler registered.
[STDOUT  ] 2018-02-14T12:10:46.470545239Z: [   11.481491] IPVS: [lblcr] scheduler registered.
[STDOUT  ] 2018-02-14T12:10:46.47055832Z: [   11.481810] IPVS: [dh] scheduler registered.
[STDOUT  ] 2018-02-14T12:10:46.470571379Z: [   11.482089] IPVS: [sh] scheduler registered.
[STDOUT  ] 2018-02-14T12:10:46.47058441Z: [   11.482370] IPVS: [sed] scheduler registered.
[STDOUT  ] 2018-02-14T12:10:46.470597546Z: [   11.482660] IPVS: [nq] scheduler registered.
[STDOUT  ] 2018-02-14T12:10:46.470613875Z: [   11.483302] IPVS: ftp: loaded support on port[0] = 21
[STDOUT  ] 2018-02-14T12:10:46.470627152Z: [   11.484158] ipip: IPv4 and MPLS over IPv4 tunneling driver
[STDOUT  ] 2018-02-14T12:10:46.470640282Z: [   11.488173] gre: GRE over IPv4 demultiplexor driver
[STDOUT  ] 2018-02-14T12:10:46.470653306Z: [   11.491183] ip_tables: (C) 2000-2006 Netfilter Core Team
[STDOUT  ] 2018-02-14T12:10:46.470666382Z: [   11.494318] ipt_CLUSTERIP: ClusterIP Version 0.8 loaded successfully
[STDOUT  ] 2018-02-14T12:10:46.470679512Z: [   11.495009] arp_tables: arp_tables: (C) 2002 David S. Miller
[STDOUT  ] 2018-02-14T12:10:46.470692522Z: [   11.497316] NET: Registered protocol family 10
[STDOUT  ] 2018-02-14T12:10:46.470705613Z: [   11.506685] ip6_tables: (C) 2000-2006 Netfilter Core Team
[STDOUT  ] 2018-02-14T12:10:46.470718799Z: [   11.515031] NET: Registered protocol family 17
[STDOUT  ] 2018-02-14T12:10:46.470741187Z: [   11.516016] Bridge firewalling registered
[STDOUT  ] 2018-02-14T12:10:46.470766705Z: [   11.516512] Ebtables v2.0 registered
[STDOUT  ] 2018-02-14T12:10:46.47078051Z: [   11.518325] 8021q: 802.1Q VLAN Support v1.8
[STDOUT  ] 2018-02-14T12:10:46.470799387Z: [   11.519635] 9pnet: Installing 9P2000 support
[STDOUT  ] 2018-02-14T12:10:46.470812732Z: [   11.521377] Key type dns_resolver registered
[STDOUT  ] 2018-02-14T12:10:46.470825756Z: [   11.525445] registered taskstats version 1
[STDOUT  ] 2018-02-14T12:10:46.470838781Z: [   11.720615] Key type big_key registered
[STDOUT  ] 2018-02-14T12:10:46.470851836Z: [   11.724520] ata2: SATA link down (SStatus 0 SControl 300)
[STDOUT  ] 2018-02-14T12:10:46.47086925Z: [   11.726580] ata1: SATA link up 1.5 Gbps (SStatus 113 SControl 300)
[STDOUT  ] 2018-02-14T12:10:46.470882631Z: [   11.730816] ata1.00: ATA-7: QEMU HARDDISK, 2.5+, max UDMA/100
[STDOUT  ] 2018-02-14T12:10:46.470895903Z: [   11.731253] ata1.00: 1048576 sectors, multi 16: LBA48 NCQ (depth 31/32)
[STDOUT  ] 2018-02-14T12:10:46.470909135Z: [   11.731783] ata1.00: applying bridge limits
[STDOUT  ] 2018-02-14T12:10:46.470922258Z: [   11.733588] ata1.00: configured for UDMA/100
[STDOUT  ] 2018-02-14T12:10:46.470935345Z: [   11.735645] ata5: SATA link down (SStatus 0 SControl 300)
[STDOUT  ] 2018-02-14T12:10:46.470948531Z: [   11.736110] ata4: SATA link down (SStatus 0 SControl 300)
[STDOUT  ] 2018-02-14T12:10:46.470966095Z: [   11.736568] ata3: SATA link up 1.5 Gbps (SStatus 113 SControl 300)
[STDOUT  ] 2018-02-14T12:10:46.470979647Z: [   11.737267] ata3.00: ATAPI: QEMU DVD-ROM, 2.5+, max UDMA/100
[STDOUT  ] 2018-02-14T12:10:46.47099287Z: [   11.737664] ata3.00: applying bridge limits
[STDOUT  ] 2018-02-14T12:10:46.471005959Z: [   11.738190] ata3.00: configured for UDMA/100
[STDOUT  ] 2018-02-14T12:10:46.471019079Z: [   11.740899] ata6: SATA link down (SStatus 0 SControl 300)
[STDOUT  ] 2018-02-14T12:10:46.471032249Z: [   11.759420] scsi 0:0:0:0: Direct-Access     ATA      QEMU HARDDISK    2.5+ PQ: 0 ANSI: 5
[STDOUT  ] 2018-02-14T12:10:46.471046362Z: [   11.773846] sd 0:0:0:0: [sda] 1048576 512-byte logical blocks: (537 MB/512 MiB)
[STDOUT  ] 2018-02-14T12:10:46.47105952Z: [   11.777008] sd 0:0:0:0: Attached scsi generic sg0 type 0
[STDOUT  ] 2018-02-14T12:10:46.471072786Z: [   11.778470] sd 0:0:0:0: [sda] Write Protect is off
[STDOUT  ] 2018-02-14T12:10:46.471085852Z: [   11.781444] sd 0:0:0:0: [sda] Write cache: enabled, read cache: enabled, doesn't support DPO or FUA
[STDOUT  ] 2018-02-14T12:10:46.471099249Z: [   11.783767] scsi 2:0:0:0: CD-ROM            QEMU     QEMU DVD-ROM     2.5+ PQ: 0 ANSI: 5
[STDOUT  ] 2018-02-14T12:10:46.471112838Z: [   11.804233] sr 2:0:0:0: [sr0] scsi3-mmc drive: 4x/4x cd/rw xa/form2 tray
[STDOUT  ] 2018-02-14T12:10:46.471132352Z: [   11.804882] cdrom: Uniform CD-ROM driver Revision: 3.20
[STDOUT  ] 2018-02-14T12:10:46.471145519Z: [   11.831048] sr 2:0:0:0: Attached scsi generic sg1 type 5
[STDOUT  ] 2018-02-14T12:10:46.471158633Z: [   11.838196]  sda: sda1
[STDOUT  ] 2018-02-14T12:10:46.471171736Z: [   11.872479] sd 0:0:0:0: [sda] Attached SCSI disk
[STDOUT  ] 2018-02-14T12:10:46.471188179Z: [   12.020447] Key type encrypted registered
[STDOUT  ] 2018-02-14T12:10:46.471201257Z: [   12.024720] rtc_cmos 00:00: setting system clock to 2018-02-14 12:10:09 UTC (1518610209)
[STDOUT  ] 2018-02-14T12:10:46.47121447Z: [   12.179514] Freeing unused kernel memory: 1404K
[STDOUT  ] 2018-02-14T12:10:46.471227547Z: [   12.179914] Write protecting the kernel read-only data: 12288k
[STDOUT  ] 2018-02-14T12:10:46.47124073Z: [   12.181619] tsc: Refined TSC clocksource calibration: 2300.049 MHz
[STDOUT  ] 2018-02-14T12:10:46.471253881Z: [   12.182094] clocksource: tsc: mask: 0xffffffffffffffff max_cycles: 0x2127638ed88, max_idle_ns: 440795258402 ns
[STDOUT  ] 2018-02-14T12:10:46.471267035Z: [   12.187434] Freeing unused kernel memory: 124K
[STDOUT  ] 2018-02-14T12:10:46.47128015Z: [   12.276765] Freeing unused kernel memory: 1396K
[STDOUT  ] 2018-02-14T12:10:46.471293085Z: [   13.200929] clocksource: Switched to clocksource tsc
[STDOUT  ] 2018-02-14T12:10:46.471306116Z: 
[STDOUT  ] 2018-02-14T12:10:46.471319404Z: Welcome to LinuxKit
[STDOUT  ] 2018-02-14T12:10:46.471332611Z: 
[STDOUT  ] 2018-02-14T12:10:46.471345612Z:                         ##         .
[STDOUT  ] 2018-02-14T12:10:46.471358907Z:                   ## ## ##        ==
[STDOUT  ] 2018-02-14T12:10:46.471376682Z:                ## ## ## ## ##    ===
[STDOUT  ] 2018-02-14T12:10:46.471389939Z:            /"""""""""""""""""\___/ ===
[STDOUT  ] 2018-02-14T12:10:46.471403104Z:           {                       /  ===-
[STDOUT  ] 2018-02-14T12:10:46.471416261Z:            \______ O           __/
[STDOUT  ] 2018-02-14T12:10:46.471432923Z:              \    \         __/
[STDOUT  ] 2018-02-14T12:10:46.471446363Z:               \____\_______/
[STDOUT  ] 2018-02-14T12:10:46.471463845Z: 
[STDOUT  ] 2018-02-14T12:10:46.471477161Z: [   25.980280] raid6: sse2x1   gen()   256 MB/s
[STDOUT  ] 2018-02-14T12:10:46.471490389Z: [   26.150335] raid6: sse2x1   xor()   156 MB/s
[STDOUT  ] 2018-02-14T12:10:46.471503589Z: [   26.320639] raid6: sse2x2   gen()   246 MB/s
[STDOUT  ] 2018-02-14T12:10:46.471516704Z: [   26.490372] raid6: sse2x2   xor()   173 MB/s
[STDOUT  ] 2018-02-14T12:10:46.471529719Z: [   26.660351] raid6: sse2x4   gen()   314 MB/s
[STDOUT  ] 2018-02-14T12:10:46.471542745Z: [   26.830489] raid6: sse2x4   xor()   158 MB/s
[STDOUT  ] 2018-02-14T12:10:46.471560354Z: [   26.830971] raid6: using algorithm sse2x4 gen() 314 MB/s
[STDOUT  ] 2018-02-14T12:10:46.47157365Z: [   26.831360] raid6: .... xor() 158 MB/s, rmw enabled
[STDOUT  ] 2018-02-14T12:10:46.471586708Z: [   26.831888] raid6: using intx1 recovery algorithm
[STDOUT  ] 2018-02-14T12:10:46.471599759Z: [   26.864091] xor: measuring software checksum speed
[STDOUT  ] 2018-02-14T12:10:46.471612911Z: [   26.960508]    prefetch64-sse:   328.000 MB/sec
[STDOUT  ] 2018-02-14T12:10:46.47162601Z: [   27.060240]    generic_sse:   625.600 MB/sec
[STDOUT  ] 2018-02-14T12:10:46.471639228Z: [   27.060611] xor: using function: generic_sse (625.600 MB/sec)
[STDOUT  ] 2018-02-14T12:10:46.471652491Z: [   27.222657] Btrfs loaded, crc32c=crc32c-generic
[STDOUT  ] 2018-02-14T12:10:46.471665539Z: [   28.034058] IPVS: Creating netns size=2104 id=1
