[INFO    ] 2017-06-01T16:54:09.54476531Z: Running Test linuxkit.packages.dhcpcd in /tmp/build/test/cases/040_packages/004_dhcpcd
[INFO    ] 2017-06-01T16:54:09.544840529Z: Running command: [/bin/sh -x /tmp/build/test/cases/040_packages/004_dhcpcd/test.sh]
[STDERR  ] 2017-06-01T16:54:09.560040383Z: + set -e
[STDERR  ] 2017-06-01T16:54:09.560072203Z: + set -v
[STDERR  ] 2017-06-01T16:54:09.560089642Z: 
[STDERR  ] 2017-06-01T16:54:09.560101939Z: # Source libraries. Uncomment if needed/defined
[STDERR  ] 2017-06-01T16:54:09.560112133Z: #. "${RT_LIB}"
[STDERR  ] 2017-06-01T16:54:09.560128332Z: . "${RT_PROJECT_ROOT}/_lib/lib.sh"
[STDERR  ] 2017-06-01T16:54:09.560159276Z: + . /tmp/build/test/cases/_lib/lib.sh
[STDERR  ] 2017-06-01T16:54:09.56019121Z: #!/bin/sh
[STDERR  ] 2017-06-01T16:54:09.560208592Z: 
[STDERR  ] 2017-06-01T16:54:09.56022047Z: # Source the main regression test library if present
[STDERR  ] 2017-06-01T16:54:09.560230344Z: [ -f "${RT_LIB}" ] && . "${RT_LIB}"
[STDERR  ] 2017-06-01T16:54:09.560260655Z: + [ -f src/github.com/linuxkit/rtf/lib/lib.sh ]
[STDERR  ] 2017-06-01T16:54:09.560297359Z: 
[STDERR  ] 2017-06-01T16:54:09.560306537Z: # Temporary directory for tests to use.
[STDERR  ] 2017-06-01T16:54:09.56032817Z: LINUXKIT_TMPDIR="${RT_PROJECT_ROOT}/_tmp"
[STDERR  ] 2017-06-01T16:54:09.560343548Z: + LINUXKIT_TMPDIR=/tmp/build/test/cases/_tmp
[STDERR  ] 2017-06-01T16:54:09.560352909Z: 
[STDERR  ] 2017-06-01T16:54:09.560375867Z: # The top-level group.sh of the project creates a env.sh file
[STDERR  ] 2017-06-01T16:54:09.560386736Z: # containing environment variables for tests. Source it if present.
[STDERR  ] 2017-06-01T16:54:09.560395713Z: [ -f "${LINUXKIT_TMPDIR}/env.sh" ] && . "${LINUXKIT_TMPDIR}/env.sh"
[STDERR  ] 2017-06-01T16:54:09.560418066Z: + [ -f /tmp/build/test/cases/_tmp/env.sh ]
[STDERR  ] 2017-06-01T16:54:09.56044903Z: + . /tmp/build/test/cases/_tmp/env.sh
[STDERR  ] 2017-06-01T16:54:09.560471479Z: export LINUXKIT_EXAMPLES_DIR=/tmp/build/test/cases/../../examples
[STDERR  ] 2017-06-01T16:54:09.560490298Z: + export LINUXKIT_EXAMPLES_DIR=/tmp/build/test/cases/../../examples
[STDERR  ] 2017-06-01T16:54:09.5605046Z: 
[STDERR  ] 2017-06-01T16:54:09.560517505Z: # FIXME: Should source the rtf/lib/lib.sh instead
[STDERR  ] 2017-06-01T16:54:09.560529129Z: RT_CANCEL=253
[STDERR  ] 2017-06-01T16:54:09.560545301Z: + RT_CANCEL=253
[STDERR  ] 2017-06-01T16:54:09.560561144Z: 
[STDERR  ] 2017-06-01T16:54:09.560573024Z: clean_up() {
[STDERR  ] 2017-06-01T16:54:09.560586675Z: 	find . -iname "test-dhcpcd*" -not -iname "*.yml" -exec rm -rf {} \;
[STDERR  ] 2017-06-01T16:54:09.560611857Z: }
[STDERR  ] 2017-06-01T16:54:09.560623976Z: trap clean_up EXIT
[STDERR  ] 2017-06-01T16:54:09.560642579Z: + trap clean_up EXIT
[STDERR  ] 2017-06-01T16:54:09.560657174Z: 
[STDERR  ] 2017-06-01T16:54:09.560662824Z: # Test code goes here
[STDERR  ] 2017-06-01T16:54:09.560682288Z: moby build -output kernel+initrd test-dhcpcd
[STDERR  ] 2017-06-01T16:54:09.560705399Z: + moby build -output kernel+initrd test-dhcpcd
[STDERR  ] 2017-06-01T16:54:09.573919818Z: Pull kernel image: linuxkit/kernel:4.9.x
[STDERR  ] 2017-06-01T16:54:13.6357505Z: Extract kernel image: linuxkit/kernel:4.9.x
[STDERR  ] 2017-06-01T16:54:13.635764264Z: Pull image: linuxkit/kernel:4.9.x
[STDERR  ] 2017-06-01T16:54:17.482022289Z: Add init containers:
[STDERR  ] 2017-06-01T16:54:17.48206558Z: Process init image: linuxkit/init:1b8a7e394d2ec2f1fdb4d67645829d1b5bdca037
[STDERR  ] 2017-06-01T16:54:17.482084664Z: Pull image: linuxkit/init:1b8a7e394d2ec2f1fdb4d67645829d1b5bdca037
[STDERR  ] 2017-06-01T16:54:20.487291438Z: Process init image: linuxkit/runc:3a4e6cbf15470f62501b019b55e1caac5ee7689f
[STDERR  ] 2017-06-01T16:54:20.487339535Z: Pull image: linuxkit/runc:3a4e6cbf15470f62501b019b55e1caac5ee7689f
[STDERR  ] 2017-06-01T16:54:23.528563791Z: Process init image: linuxkit/containerd:deaf5bf838bf7f131c2287ecff3ed9835b0497e2
[STDERR  ] 2017-06-01T16:54:23.528617409Z: Pull image: linuxkit/containerd:deaf5bf838bf7f131c2287ecff3ed9835b0497e2
[STDERR  ] 2017-06-01T16:54:26.914718747Z: Add onboot containers:
[STDERR  ] 2017-06-01T16:54:26.914797919Z:   Create OCI config for linuxkit/dhcpcd:7d2b8aaaf20c24ad7d11a5ea2ea5b4a80dc966f1
[STDERR  ] 2017-06-01T16:54:26.918385465Z: Pull image: linuxkit/dhcpcd:7d2b8aaaf20c24ad7d11a5ea2ea5b4a80dc966f1
[STDERR  ] 2017-06-01T16:54:29.846943505Z:   Create OCI config for alpine:3.6
[STDERR  ] 2017-06-01T16:54:29.848779413Z: Pull image: alpine:3.6
[STDERR  ] 2017-06-01T16:54:32.499231432Z:   Create OCI config for linuxkit/poweroff:7404cf2295df89ccfa2dda41997a28307a90cf28
[STDERR  ] 2017-06-01T16:54:32.501916865Z: Pull image: linuxkit/poweroff:7404cf2295df89ccfa2dda41997a28307a90cf28
[STDERR  ] 2017-06-01T16:54:35.437743678Z: Add files:
[STDERR  ] 2017-06-01T16:54:35.437781822Z:   check.sh
[STDERR  ] 2017-06-01T16:54:35.46413757Z: Create outputs:
[STDERR  ] 2017-06-01T16:54:41.575649979Z:   test-dhcpcd-kernel test-dhcpcd-initrd.img test-dhcpcd-cmdline
[STDERR  ] 2017-06-01T16:54:41.633102963Z: RESULT="$(linuxkit run qemu -kernel test-dhcpcd)"
[STDERR  ] 2017-06-01T16:54:41.633273034Z: + linuxkit run qemu -kernel test-dhcpcd
[STDERR  ] 2017-06-01T16:54:41.6503239Z: Unable to find qemu-system-x86_64 within the $PATH. Using a container
[STDOUT  ] 2017-06-01T16:55:15.122877491Z: [    0.000000] Linux version 4.9.30-linuxkit (root@84baa8e89c00) (gcc version 6.2.1 20160822 (Alpine 6.2.1) ) #1 SMP Tue May 30 11:40:28 UTC 2017
[STDOUT  ] 2017-06-01T16:55:15.122894068Z: [    0.000000] Command line: console=ttyS0 page_poison=1
[STDOUT  ] 2017-06-01T16:55:15.122898148Z: [    0.000000] x86/fpu: Legacy x87 FPU detected.
[STDOUT  ] 2017-06-01T16:55:15.122908434Z: [    0.000000] x86/fpu: Using 'eager' FPU context switches.
[STDOUT  ] 2017-06-01T16:55:15.122926975Z: [    0.000000] e820: BIOS-provided physical RAM map:
[STDOUT  ] 2017-06-01T16:55:15.122937951Z: [    0.000000] BIOS-e820: [mem 0x0000000000000000-0x000000000009fbff] usable
[STDOUT  ] 2017-06-01T16:55:15.122944702Z: [    0.000000] BIOS-e820: [mem 0x000000000009fc00-0x000000000009ffff] reserved
[STDOUT  ] 2017-06-01T16:55:15.122951112Z: [    0.000000] BIOS-e820: [mem 0x00000000000f0000-0x00000000000fffff] reserved
[STDOUT  ] 2017-06-01T16:55:15.122957716Z: [    0.000000] BIOS-e820: [mem 0x0000000000100000-0x000000003ffdefff] usable
[STDOUT  ] 2017-06-01T16:55:15.122970025Z: [    0.000000] BIOS-e820: [mem 0x000000003ffdf000-0x000000003fffffff] reserved
[STDOUT  ] 2017-06-01T16:55:15.122975795Z: [    0.000000] BIOS-e820: [mem 0x00000000b0000000-0x00000000bfffffff] reserved
[STDOUT  ] 2017-06-01T16:55:15.122981864Z: [    0.000000] BIOS-e820: [mem 0x00000000fed1c000-0x00000000fed1ffff] reserved
[STDOUT  ] 2017-06-01T16:55:15.122987454Z: [    0.000000] BIOS-e820: [mem 0x00000000fffc0000-0x00000000ffffffff] reserved
[STDOUT  ] 2017-06-01T16:55:15.122993442Z: [    0.000000] NX (Execute Disable) protection: active
[STDOUT  ] 2017-06-01T16:55:15.122998982Z: [    0.000000] SMBIOS 2.8 present.
[STDOUT  ] 2017-06-01T16:55:15.123004428Z: [    0.000000] e820: last_pfn = 0x3ffdf max_arch_pfn = 0x400000000
[STDOUT  ] 2017-06-01T16:55:15.123024385Z: [    0.000000] x86/PAT: Configuration [0-7]: WB  WC  UC- UC  WB  WC  UC- WT  
[STDOUT  ] 2017-06-01T16:55:15.123032471Z: [    0.000000] found SMP MP-table at [mem 0x000f6aa0-0x000f6aaf] mapped at [ffff9d9bc00f6aa0]
[STDOUT  ] 2017-06-01T16:55:15.123038831Z: [    0.000000] RAMDISK: [mem 0x3e094000-0x3ffcffff]
[STDOUT  ] 2017-06-01T16:55:15.123041986Z: [    0.000000] ACPI: Early table checksum verification disabled
[STDOUT  ] 2017-06-01T16:55:15.123047384Z: [    0.000000] ACPI: RSDP 0x00000000000F68C0 000014 (v00 BOCHS )
[STDOUT  ] 2017-06-01T16:55:15.12305526Z: [    0.000000] ACPI: RSDT 0x000000003FFE2404 000034 (v01 BOCHS  BXPCRSDT 00000001 BXPC 00000001)
[STDOUT  ] 2017-06-01T16:55:15.123058184Z: [    0.000000] ACPI: FACP 0x000000003FFE22A4 000074 (v01 BOCHS  BXPCFACP 00000001 BXPC 00000001)
[STDOUT  ] 2017-06-01T16:55:15.123063412Z: [    0.000000] ACPI: DSDT 0x000000003FFE0040 002264 (v01 BOCHS  BXPCDSDT 00000001 BXPC 00000001)
[STDOUT  ] 2017-06-01T16:55:15.123071793Z: [    0.000000] ACPI: FACS 0x000000003FFE0000 000040
[STDOUT  ] 2017-06-01T16:55:15.123081807Z: [    0.000000] ACPI: APIC 0x000000003FFE2318 000078 (v01 BOCHS  BXPCAPIC 00000001 BXPC 00000001)
[STDOUT  ] 2017-06-01T16:55:15.123087972Z: [    0.000000] ACPI: HPET 0x000000003FFE2390 000038 (v01 BOCHS  BXPCHPET 00000001 BXPC 00000001)
[STDOUT  ] 2017-06-01T16:55:15.123094375Z: [    0.000000] ACPI: MCFG 0x000000003FFE23C8 00003C (v01 BOCHS  BXPCMCFG 00000001 BXPC 00000001)
[STDOUT  ] 2017-06-01T16:55:15.123098148Z: [    0.000000] Zone ranges:
[STDOUT  ] 2017-06-01T16:55:15.12310643Z: [    0.000000]   DMA      [mem 0x0000000000001000-0x0000000000ffffff]
[STDOUT  ] 2017-06-01T16:55:15.123120976Z: [    0.000000]   DMA32    [mem 0x0000000001000000-0x000000003ffdefff]
[STDOUT  ] 2017-06-01T16:55:15.123126092Z: [    0.000000]   Normal   empty
[STDOUT  ] 2017-06-01T16:55:15.123128883Z: [    0.000000] Movable zone start for each node
[STDOUT  ] 2017-06-01T16:55:15.123136543Z: [    0.000000] Early memory node ranges
[STDOUT  ] 2017-06-01T16:55:15.123141537Z: [    0.000000]   node   0: [mem 0x0000000000001000-0x000000000009efff]
[STDOUT  ] 2017-06-01T16:55:15.123146584Z: [    0.000000]   node   0: [mem 0x0000000000100000-0x000000003ffdefff]
[STDOUT  ] 2017-06-01T16:55:15.123151585Z: [    0.000000] Initmem setup node 0 [mem 0x0000000000001000-0x000000003ffdefff]
[STDOUT  ] 2017-06-01T16:55:15.123156747Z: [    0.000000] ACPI: PM-Timer IO Port: 0x608
[STDOUT  ] 2017-06-01T16:55:15.123161933Z: [    0.000000] ACPI: LAPIC_NMI (acpi_id[0xff] dfl dfl lint[0x1])
[STDOUT  ] 2017-06-01T16:55:15.123167058Z: [    0.000000] IOAPIC[0]: apic_id 0, version 32, address 0xfec00000, GSI 0-23
[STDOUT  ] 2017-06-01T16:55:15.123172007Z: [    0.000000] ACPI: INT_SRC_OVR (bus 0 bus_irq 0 global_irq 2 dfl dfl)
[STDOUT  ] 2017-06-01T16:55:15.123177154Z: [    0.000000] ACPI: INT_SRC_OVR (bus 0 bus_irq 5 global_irq 5 high level)
[STDOUT  ] 2017-06-01T16:55:15.123179761Z: [    0.000000] ACPI: INT_SRC_OVR (bus 0 bus_irq 9 global_irq 9 high level)
[STDOUT  ] 2017-06-01T16:55:15.123184666Z: [    0.000000] ACPI: INT_SRC_OVR (bus 0 bus_irq 10 global_irq 10 high level)
[STDOUT  ] 2017-06-01T16:55:15.123197275Z: [    0.000000] ACPI: INT_SRC_OVR (bus 0 bus_irq 11 global_irq 11 high level)
[STDOUT  ] 2017-06-01T16:55:15.123199941Z: [    0.000000] Using ACPI (MADT) for SMP configuration information
[STDOUT  ] 2017-06-01T16:55:15.123207673Z: [    0.000000] ACPI: HPET id: 0x8086a201 base: 0xfed00000
[STDOUT  ] 2017-06-01T16:55:15.123215364Z: [    0.000000] smpboot: Allowing 1 CPUs, 0 hotplug CPUs
[STDOUT  ] 2017-06-01T16:55:15.123220438Z: [    0.000000] e820: [mem 0x40000000-0xafffffff] available for PCI devices
[STDOUT  ] 2017-06-01T16:55:15.123230026Z: [    0.000000] Booting paravirtualized kernel on bare hardware
[STDOUT  ] 2017-06-01T16:55:15.123238582Z: [    0.000000] clocksource: refined-jiffies: mask: 0xffffffff max_cycles: 0xffffffff, max_idle_ns: 19112604462750000 ns
[STDOUT  ] 2017-06-01T16:55:15.12324459Z: [    0.000000] setup_percpu: NR_CPUS:128 nr_cpumask_bits:128 nr_cpu_ids:1 nr_node_ids:1
[STDOUT  ] 2017-06-01T16:55:15.123255672Z: [    0.000000] percpu: Embedded 35 pages/cpu @ffff9d9bfde00000 s105240 r8192 d29928 u2097152
[STDOUT  ] 2017-06-01T16:55:15.123258775Z: [    0.000000] Built 1 zonelists in Zone order, mobility grouping on.  Total pages: 257896
[STDOUT  ] 2017-06-01T16:55:15.123266484Z: [    0.000000] Kernel command line: console=ttyS0 page_poison=1
[STDOUT  ] 2017-06-01T16:55:15.123271613Z: [    0.000000] PID hash table entries: 4096 (order: 3, 32768 bytes)
[STDOUT  ] 2017-06-01T16:55:15.123279336Z: [    0.000000] Dentry cache hash table entries: 131072 (order: 8, 1048576 bytes)
[STDOUT  ] 2017-06-01T16:55:15.123284391Z: [    0.000000] Inode-cache hash table entries: 65536 (order: 7, 524288 bytes)
[STDOUT  ] 2017-06-01T16:55:15.123299235Z: [    0.000000] Memory: 979796K/1048052K available (9409K kernel code, 1593K rwdata, 3084K rodata, 1456K init, 604K bss, 68256K reserved, 0K cma-reserved)
[STDOUT  ] 2017-06-01T16:55:15.12330474Z: [    0.000000] Hierarchical RCU implementation.
[STDOUT  ] 2017-06-01T16:55:15.123318114Z: [    0.000000] 	Build-time adjustment of leaf fanout to 64.
[STDOUT  ] 2017-06-01T16:55:15.123323668Z: [    0.000000] 	RCU restricting CPUs from NR_CPUS=128 to nr_cpu_ids=1.
[STDOUT  ] 2017-06-01T16:55:15.123328719Z: [    0.000000] RCU: Adjusting geometry for rcu_fanout_leaf=64, nr_cpu_ids=1
[STDOUT  ] 2017-06-01T16:55:15.123333626Z: [    0.000000] NR_IRQS:8448 nr_irqs:256 16
[STDOUT  ] 2017-06-01T16:55:15.123338563Z: [    0.000000] Console: colour VGA+ 80x25
[STDOUT  ] 2017-06-01T16:55:15.123343466Z: [    0.000000] console [ttyS0] enabled
[STDOUT  ] 2017-06-01T16:55:15.123348605Z: [    0.000000] allocated 2097152 bytes of page_ext
[STDOUT  ] 2017-06-01T16:55:15.123354105Z: [    0.000000] clocksource: hpet: mask: 0xffffffff max_cycles: 0xffffffff, max_idle_ns: 19112604467 ns
[STDOUT  ] 2017-06-01T16:55:15.123363066Z: [    0.000000] tsc: Fast TSC calibration failed
[STDOUT  ] 2017-06-01T16:55:15.123368221Z: [    0.000000] tsc: Unable to calibrate against PIT
[STDOUT  ] 2017-06-01T16:55:15.123373382Z: [    0.000000] tsc: using HPET reference calibration
[STDOUT  ] 2017-06-01T16:55:15.123376179Z: [    0.000000] tsc: Detected 2600.064 MHz processor
[STDOUT  ] 2017-06-01T16:55:15.123381075Z: [    0.051463] Calibrating delay loop (skipped), value calculated using timer frequency.. 5200.12 BogoMIPS (lpj=26000640)
[STDOUT  ] 2017-06-01T16:55:15.123393429Z: [    0.053007] pid_max: default: 32768 minimum: 301
[STDOUT  ] 2017-06-01T16:55:15.123398351Z: [    0.054252] ACPI: Core revision 20160831
[STDOUT  ] 2017-06-01T16:55:15.123403343Z: [    0.103540] ACPI: 1 ACPI AML tables successfully acquired and loaded
[STDOUT  ] 2017-06-01T16:55:15.123406283Z: [    0.107605] Security Framework initialized
[STDOUT  ] 2017-06-01T16:55:15.123411116Z: [    0.108206] Yama: becoming mindful.
[STDOUT  ] 2017-06-01T16:55:15.12341851Z: [    0.110631] Mount-cache hash table entries: 2048 (order: 2, 16384 bytes)
[STDOUT  ] 2017-06-01T16:55:15.123423536Z: [    0.111428] Mountpoint-cache hash table entries: 2048 (order: 2, 16384 bytes)
[STDOUT  ] 2017-06-01T16:55:15.123428444Z: [    0.131790] Last level iTLB entries: 4KB 0, 2MB 0, 4MB 0
[STDOUT  ] 2017-06-01T16:55:15.123431086Z: [    0.132556] Last level dTLB entries: 4KB 0, 2MB 0, 4MB 0, 1GB 0
[STDOUT  ] 2017-06-01T16:55:15.123443322Z: [    0.505746] Freeing SMP alternatives memory: 24K (ffffffffbf0fc000 - ffffffffbf102000)
[STDOUT  ] 2017-06-01T16:55:15.123445903Z: [    0.521588] ftrace: allocating 41532 entries in 163 pages
[STDOUT  ] 2017-06-01T16:55:15.123453332Z: [    0.783800] smpboot: Max logical packages: 1
[STDOUT  ] 2017-06-01T16:55:15.123458367Z: [    0.792005] ..TIMER: vector=0x30 apic1=0 pin1=2 apic2=-1 pin2=-1
[STDOUT  ] 2017-06-01T16:55:15.123463311Z: [    0.900000] smpboot: CPU0: AMD QEMU Virtual CPU version 2.5+ (family: 0x6, model: 0x6, stepping: 0x3)
[STDOUT  ] 2017-06-01T16:55:15.123468252Z: [    0.900000] Performance Events: PMU not available due to virtualization, using software events only.
[STDOUT  ] 2017-06-01T16:55:15.123470914Z: [    0.910548] NMI watchdog: disabled (cpu0): hardware events not enabled
[STDOUT  ] 2017-06-01T16:55:15.123482198Z: [    0.911603] NMI watchdog: Shutting down hard lockup detector on all cpus
[STDOUT  ] 2017-06-01T16:55:15.123484833Z: [    0.914697] x86: Booted up 1 node, 1 CPUs
[STDOUT  ] 2017-06-01T16:55:15.123492478Z: [    0.915287] smpboot: Total of 1 processors activated (5200.12 BogoMIPS)
[STDOUT  ] 2017-06-01T16:55:15.123498222Z: [    0.931748] devtmpfs: initialized
[STDOUT  ] 2017-06-01T16:55:15.123503472Z: [    0.937168] x86/mm: Memory block size: 128MB
[STDOUT  ] 2017-06-01T16:55:15.123508544Z: [    1.001458] clocksource: jiffies: mask: 0xffffffff max_cycles: 0xffffffff, max_idle_ns: 19112604462750000 ns
[STDOUT  ] 2017-06-01T16:55:15.123513561Z: [    1.003160] futex hash table entries: 256 (order: 2, 16384 bytes)
[STDOUT  ] 2017-06-01T16:55:15.123518642Z: [    1.013895] NET: Registered protocol family 16
[STDOUT  ] 2017-06-01T16:55:15.123523591Z: [    1.024361] cpuidle: using governor ladder
[STDOUT  ] 2017-06-01T16:55:15.123528709Z: [    1.025307] cpuidle: using governor menu
[STDOUT  ] 2017-06-01T16:55:15.123536792Z: [    1.026834] ACPI: bus type PCI registered
[STDOUT  ] 2017-06-01T16:55:15.123543159Z: [    1.030330] PCI: MMCONFIG for domain 0000 [bus 00-ff] at [mem 0xb0000000-0xbfffffff] (base 0xb0000000)
[STDOUT  ] 2017-06-01T16:55:15.123548448Z: [    1.031581] PCI: MMCONFIG at [mem 0xb0000000-0xbfffffff] reserved in E820
[STDOUT  ] 2017-06-01T16:55:15.123555978Z: [    1.033256] PCI: Using configuration type 1 for base access
[STDOUT  ] 2017-06-01T16:55:15.123560888Z: [    1.100165] HugeTLB registered 2 MB page size, pre-allocated 0 pages
[STDOUT  ] 2017-06-01T16:55:15.123566096Z: [    1.114503] ACPI: Added _OSI(Module Device)
[STDOUT  ] 2017-06-01T16:55:15.12357099Z: [    1.115169] ACPI: Added _OSI(Processor Device)
[STDOUT  ] 2017-06-01T16:55:15.12358046Z: [    1.115627] ACPI: Added _OSI(3.0 _SCP Extensions)
[STDOUT  ] 2017-06-01T16:55:15.123605187Z: [    1.116067] ACPI: Added _OSI(Processor Aggregator Device)
[STDOUT  ] 2017-06-01T16:55:15.123610591Z: [    1.192941] ACPI: Interpreter enabled
[STDOUT  ] 2017-06-01T16:55:15.123615718Z: [    1.194347] ACPI: (supports S0 S5)
[STDOUT  ] 2017-06-01T16:55:15.123620625Z: [    1.194804] ACPI: Using IOAPIC for interrupt routing
[STDOUT  ] 2017-06-01T16:55:15.123625622Z: [    1.197171] PCI: Using host bridge windows from ACPI; if necessary, use "pci=nocrs" and report a bug
[STDOUT  ] 2017-06-01T16:55:15.123630702Z: [    1.264034] ACPI: PCI Root Bridge [PCI0] (domain 0000 [bus 00-ff])
[STDOUT  ] 2017-06-01T16:55:15.123635765Z: [    1.265648] acpi PNP0A08:00: _OSC: OS supports [ExtendedConfig ASPM ClockPM Segments MSI]
[STDOUT  ] 2017-06-01T16:55:15.12364121Z: [    1.271994] acpi PNP0A08:00: _OSC: OS now controls [PCIeHotplug PME PCIeCapability]
[STDOUT  ] 2017-06-01T16:55:15.123649079Z: [    1.276425] PCI host bridge to bus 0000:00
[STDOUT  ] 2017-06-01T16:55:15.123651672Z: [    1.277288] pci_bus 0000:00: root bus resource [io  0x0000-0x0cf7 window]
[STDOUT  ] 2017-06-01T16:55:15.12365656Z: [    1.277983] pci_bus 0000:00: root bus resource [io  0x0d00-0xffff window]
[STDOUT  ] 2017-06-01T16:55:15.123664057Z: [    1.278635] pci_bus 0000:00: root bus resource [mem 0x000a0000-0x000bffff window]
[STDOUT  ] 2017-06-01T16:55:15.123673112Z: [    1.279351] pci_bus 0000:00: root bus resource [mem 0xc0000000-0xfebfffff window]
[STDOUT  ] 2017-06-01T16:55:15.123678088Z: [    1.280439] pci_bus 0000:00: root bus resource [bus 00-ff]
[STDOUT  ] 2017-06-01T16:55:15.123687273Z: [    1.412800] pci 0000:00:1f.0: quirk: [io  0x0600-0x067f] claimed by ICH6 ACPI/GPIO/TCO
[STDOUT  ] 2017-06-01T16:55:15.123692556Z: [    1.487456] ACPI: PCI Interrupt Link [LNKA] (IRQs 5 *10 11)
[STDOUT  ] 2017-06-01T16:55:15.123697723Z: [    1.491043] ACPI: PCI Interrupt Link [LNKB] (IRQs 5 *10 11)
[STDOUT  ] 2017-06-01T16:55:15.123706194Z: [    1.493183] ACPI: PCI Interrupt Link [LNKC] (IRQs 5 10 *11)
[STDOUT  ] 2017-06-01T16:55:15.123711382Z: [    1.495192] ACPI: PCI Interrupt Link [LNKD] (IRQs 5 10 *11)
[STDOUT  ] 2017-06-01T16:55:15.123714185Z: [    1.497169] ACPI: PCI Interrupt Link [LNKE] (IRQs 5 *10 11)
[STDOUT  ] 2017-06-01T16:55:15.123725085Z: [    1.499139] ACPI: PCI Interrupt Link [LNKF] (IRQs 5 *10 11)
[STDOUT  ] 2017-06-01T16:55:15.12373005Z: [    1.501258] ACPI: PCI Interrupt Link [LNKG] (IRQs 5 10 *11)
[STDOUT  ] 2017-06-01T16:55:15.123732565Z: [    1.503232] ACPI: PCI Interrupt Link [LNKH] (IRQs 5 10 *11)
[STDOUT  ] 2017-06-01T16:55:15.12374Z: [    1.504419] ACPI: PCI Interrupt Link [GSIA] (IRQs *16)
[STDOUT  ] 2017-06-01T16:55:15.123744998Z: [    1.505313] ACPI: PCI Interrupt Link [GSIB] (IRQs *17)
[STDOUT  ] 2017-06-01T16:55:15.123749984Z: [    1.506177] ACPI: PCI Interrupt Link [GSIC] (IRQs *18)
[STDOUT  ] 2017-06-01T16:55:15.123760274Z: [    1.507018] ACPI: PCI Interrupt Link [GSID] (IRQs *19)
[STDOUT  ] 2017-06-01T16:55:15.123762856Z: [    1.507881] ACPI: PCI Interrupt Link [GSIE] (IRQs *20)
[STDOUT  ] 2017-06-01T16:55:15.123767636Z: [    1.508751] ACPI: PCI Interrupt Link [GSIF] (IRQs *21)
[STDOUT  ] 2017-06-01T16:55:15.123783242Z: [    1.509599] ACPI: PCI Interrupt Link [GSIG] (IRQs *22)
[STDOUT  ] 2017-06-01T16:55:15.123788188Z: [    1.510522] ACPI: PCI Interrupt Link [GSIH] (IRQs *23)
[STDOUT  ] 2017-06-01T16:55:15.123793169Z: [    1.514679] ACPI: Enabled 2 GPEs in block 00 to 3F
[STDOUT  ] 2017-06-01T16:55:15.12379829Z: [    1.520089] SCSI subsystem initialized
[STDOUT  ] 2017-06-01T16:55:15.123803289Z: [    1.523003] pps_core: LinuxPPS API ver. 1 registered
[STDOUT  ] 2017-06-01T16:55:15.123808281Z: [    1.523557] pps_core: Software ver. 5.3.6 - Copyright 2005-2007 Rodolfo Giometti <giometti@linux.it>
[STDOUT  ] 2017-06-01T16:55:15.123811316Z: [    1.524676] PTP clock support registered
[STDOUT  ] 2017-06-01T16:55:15.123816245Z: [    1.526066] wmi: Mapper loaded
[STDOUT  ] 2017-06-01T16:55:15.123824242Z: [    1.527520] PCI: Using ACPI for IRQ routing
[STDOUT  ] 2017-06-01T16:55:15.123829323Z: [    1.548082] NetLabel: Initializing
[STDOUT  ] 2017-06-01T16:55:15.123834213Z: [    1.548624] NetLabel:  domain hash size = 128
[STDOUT  ] 2017-06-01T16:55:15.12383918Z: [    1.549046] NetLabel:  protocols = UNLABELED CIPSOv4
[STDOUT  ] 2017-06-01T16:55:15.12384179Z: [    1.551554] NetLabel:  unlabeled traffic allowed by default
[STDOUT  ] 2017-06-01T16:55:15.123855824Z: [    1.553120] HPET: 3 timers in total, 0 timers will be used for per-cpu timer
[STDOUT  ] 2017-06-01T16:55:15.123859658Z: [    1.554241] hpet0: at MMIO 0xfed00000, IRQs 2, 8, 0
[STDOUT  ] 2017-06-01T16:55:15.123869124Z: [    1.554865] hpet0: 3 comparators, 64-bit 100.000000 MHz counter
[STDOUT  ] 2017-06-01T16:55:15.123875805Z: [    1.560699] clocksource: Switched to clocksource hpet
[STDOUT  ] 2017-06-01T16:55:15.123879843Z: [    1.829818] VFS: Disk quotas dquot_6.6.0
[STDOUT  ] 2017-06-01T16:55:15.123886518Z: [    1.831402] VFS: Dquot-cache hash table entries: 512 (order 0, 4096 bytes)
[STDOUT  ] 2017-06-01T16:55:15.12389691Z: [    1.834579] FS-Cache: Loaded
[STDOUT  ] 2017-06-01T16:55:15.123901493Z: [    1.840439] CacheFiles: Loaded
[STDOUT  ] 2017-06-01T16:55:15.123917953Z: [    1.842430] pnp: PnP ACPI init
[STDOUT  ] 2017-06-01T16:55:15.123921663Z: [    1.855603] pnp: PnP ACPI: found 5 devices
[STDOUT  ] 2017-06-01T16:55:15.123933404Z: [    1.902291] clocksource: acpi_pm: mask: 0xffffff max_cycles: 0xffffff, max_idle_ns: 2085701024 ns
[STDOUT  ] 2017-06-01T16:55:15.123939015Z: [    1.906020] NET: Registered protocol family 2
[STDOUT  ] 2017-06-01T16:55:15.123943986Z: [    1.914009] TCP established hash table entries: 8192 (order: 4, 65536 bytes)
[STDOUT  ] 2017-06-01T16:55:15.123949019Z: [    1.915324] TCP bind hash table entries: 8192 (order: 5, 131072 bytes)
[STDOUT  ] 2017-06-01T16:55:15.123953947Z: [    1.916779] TCP: Hash tables configured (established 8192 bind 8192)
[STDOUT  ] 2017-06-01T16:55:15.123958861Z: [    1.918592] UDP hash table entries: 512 (order: 2, 16384 bytes)
[STDOUT  ] 2017-06-01T16:55:15.123961543Z: [    1.919440] UDP-Lite hash table entries: 512 (order: 2, 16384 bytes)
[STDOUT  ] 2017-06-01T16:55:15.123968867Z: [    1.922419] NET: Registered protocol family 1
[STDOUT  ] 2017-06-01T16:55:15.123979079Z: [    1.926372] RPC: Registered named UNIX socket transport module.
[STDOUT  ] 2017-06-01T16:55:15.123981703Z: [    1.927050] RPC: Registered udp transport module.
[STDOUT  ] 2017-06-01T16:55:15.123989165Z: [    1.927511] RPC: Registered tcp transport module.
[STDOUT  ] 2017-06-01T16:55:15.123994118Z: [    1.927955] RPC: Registered tcp NFSv4.1 backchannel transport module.
[STDOUT  ] 2017-06-01T16:55:15.12399903Z: [    1.929127] pci 0000:00:01.0: Video device with shadowed ROM at [mem 0x000c0000-0x000dffff]
[STDOUT  ] 2017-06-01T16:55:15.124004375Z: [    1.938043] Unpacking initramfs...
[STDOUT  ] 2017-06-01T16:55:15.124006953Z: [    5.983583] Freeing initrd memory: 31984K (ffff9d9bfe094000 - ffff9d9bfffd0000)
[STDOUT  ] 2017-06-01T16:55:15.124011793Z: [    6.007213] PCLMULQDQ-NI instructions are not detected.
[STDOUT  ] 2017-06-01T16:55:15.124019255Z: [    6.012608] AVX or AES-NI instructions are not detected.
[STDOUT  ] 2017-06-01T16:55:15.124025069Z: [    6.013553] CPU feature 'AVX registers' is not supported.
[STDOUT  ] 2017-06-01T16:55:15.124032753Z: [    6.014146] CPU feature 'AVX registers' is not supported.
[STDOUT  ] 2017-06-01T16:55:15.124037955Z: [    6.014700] CPU feature 'AVX registers' is not supported.
[STDOUT  ] 2017-06-01T16:55:15.124043Z: [    6.015248] CPU feature 'AVX registers' is not supported.
[STDOUT  ] 2017-06-01T16:55:15.124055329Z: [    6.015794] AVX2 or AES-NI instructions are not detected.
[STDOUT  ] 2017-06-01T16:55:15.124062548Z: [    6.016330] AVX2 instructions are not detected.
[STDOUT  ] 2017-06-01T16:55:15.124066285Z: [    6.023723] audit: initializing netlink subsys (disabled)
[STDOUT  ] 2017-06-01T16:55:15.124076453Z: [    6.025628] audit: type=2000 audit(1496336088.020:1): initialized
[STDOUT  ] 2017-06-01T16:55:15.124088245Z: [    6.033455] workingset: timestamp_bits=46 max_order=18 bucket_order=0
[STDOUT  ] 2017-06-01T16:55:15.124092179Z: [    6.038961] FS-Cache: Netfs 'nfs' registered for caching
[STDOUT  ] 2017-06-01T16:55:15.124106872Z: [    6.041816] NFS: Registering the id_resolver key type
[STDOUT  ] 2017-06-01T16:55:15.124110127Z: [    6.043433] Key type id_resolver registered
[STDOUT  ] 2017-06-01T16:55:15.12412069Z: [    6.043896] Key type id_legacy registered
[STDOUT  ] 2017-06-01T16:55:15.124127854Z: [    6.044512] nfs4filelayout_init: NFSv4 File Layout Driver Registering...
[STDOUT  ] 2017-06-01T16:55:15.124135598Z: [    6.045544] Installing knfsd (copyright (C) 1996 okir@monad.swb.de).
[STDOUT  ] 2017-06-01T16:55:15.124139564Z: [    6.049366] FS-Cache: Netfs 'cifs' registered for caching
[STDOUT  ] 2017-06-01T16:55:15.124154369Z: [    6.051112] ntfs: driver 2.1.32 [Flags: R/O].
[STDOUT  ] 2017-06-01T16:55:15.124158367Z: [    6.051891] fuse init (API version 7.26)
[STDOUT  ] 2017-06-01T16:55:15.124169124Z: [    6.054440] SGI XFS with ACLs, security attributes, no debug enabled
[STDOUT  ] 2017-06-01T16:55:15.124172948Z: [    6.058840] 9p: Installing v9fs 9p2000 file system support
[STDOUT  ] 2017-06-01T16:55:15.12418022Z: [    6.059658] FS-Cache: Netfs '9p' registered for caching
[STDOUT  ] 2017-06-01T16:55:15.124191628Z: [    6.090533] NET: Registered protocol family 38
[STDOUT  ] 2017-06-01T16:55:15.124198235Z: [    6.091588] Key type asymmetric registered
[STDOUT  ] 2017-06-01T16:55:15.124203103Z: [    6.092066] Asymmetric key parser 'x509' registered
[STDOUT  ] 2017-06-01T16:55:15.124207957Z: [    6.093232] Block layer SCSI generic (bsg) driver version 0.4 loaded (major 251)
[STDOUT  ] 2017-06-01T16:55:15.124210572Z: [    6.095638] io scheduler noop registered
[STDOUT  ] 2017-06-01T16:55:15.124215281Z: [    6.096151] io scheduler deadline registered (default)
[STDOUT  ] 2017-06-01T16:55:15.12422292Z: [    6.097128] io scheduler cfq registered
[STDOUT  ] 2017-06-01T16:55:15.124225557Z: [    6.102043] pci_hotplug: PCI Hot Plug PCI Core version: 0.5
[STDOUT  ] 2017-06-01T16:55:15.124230269Z: [    6.103063] pciehp: PCI Express Hot Plug Controller Driver version: 0.4
[STDOUT  ] 2017-06-01T16:55:15.12424764Z: [    6.104241] shpchp: Standard Hot Plug PCI Controller Driver version: 0.4
[STDOUT  ] 2017-06-01T16:55:15.124256872Z: [    6.105402] hv_vmbus: registering driver hyperv_fb
[STDOUT  ] 2017-06-01T16:55:15.124261863Z: [    6.108863] input: Power Button as /devices/LNXSYSTM:00/LNXPWRBN:00/input/input0
[STDOUT  ] 2017-06-01T16:55:15.12426709Z: [    6.110971] ACPI: Power Button [PWRF]
[STDOUT  ] 2017-06-01T16:55:15.124272843Z: [    6.116155] GHES: HEST is not enabled!
[STDOUT  ] 2017-06-01T16:55:15.124277836Z: [    6.128457] ACPI: PCI Interrupt Link [GSIH] enabled at IRQ 23
[STDOUT  ] 2017-06-01T16:55:15.124282815Z: [    6.135992] xenfs: not registering filesystem on non-xen platform
[STDOUT  ] 2017-06-01T16:55:15.124287801Z: [    6.138671] Serial: 8250/16550 driver, 4 ports, IRQ sharing disabled
[STDOUT  ] 2017-06-01T16:55:15.124292752Z: [    6.166279] 00:04: ttyS0 at I/O 0x3f8 (irq = 4, base_baud = 115200) is a 16550A
[STDOUT  ] 2017-06-01T16:55:15.124297885Z: [    6.174230] Initializing Nozomi driver 2.1d
[STDOUT  ] 2017-06-01T16:55:15.124306016Z: [    6.179464] Non-volatile memory driver v1.3
[STDOUT  ] 2017-06-01T16:55:15.124311287Z: [    6.186511] Hangcheck: starting hangcheck timer 0.9.1 (tick is 180 seconds, margin is 60 seconds).
[STDOUT  ] 2017-06-01T16:55:15.124317211Z: [    6.225325] loop: module loaded
[STDOUT  ] 2017-06-01T16:55:15.124322228Z: [    6.239308] nbd: registered device at major 43
[STDOUT  ] 2017-06-01T16:55:15.124327292Z: [    6.279857] lpc_ich 0000:00:1f.0: I/O space for GPIO uninitialized
[STDOUT  ] 2017-06-01T16:55:15.124332223Z: [    6.282506] VMware PVSCSI driver - version 1.0.7.0-k
[STDOUT  ] 2017-06-01T16:55:15.124337368Z: [    6.283554] hv_vmbus: registering driver hv_storvsc
[STDOUT  ] 2017-06-01T16:55:15.124342292Z: [    6.294876] ACPI: PCI Interrupt Link [GSIA] enabled at IRQ 16
[STDOUT  ] 2017-06-01T16:55:15.124347319Z: [    6.302423] ahci 0000:00:1f.2: AHCI 0001.0000 32 slots 6 ports 1.5 Gbps 0x3f impl SATA mode
[STDOUT  ] 2017-06-01T16:55:15.124352586Z: [    6.303685] ahci 0000:00:1f.2: flags: 64bit ncq only 
[STDOUT  ] 2017-06-01T16:55:15.124362119Z: [    6.323915] scsi host0: ahci
[STDOUT  ] 2017-06-01T16:55:15.124367063Z: [    6.328203] scsi host1: ahci
[STDOUT  ] 2017-06-01T16:55:15.124371988Z: [    6.330923] scsi host2: ahci
[STDOUT  ] 2017-06-01T16:55:15.124376936Z: [    6.333175] scsi host3: ahci
[STDOUT  ] 2017-06-01T16:55:15.124381842Z: [    6.335449] scsi host4: ahci
[STDOUT  ] 2017-06-01T16:55:15.124384466Z: [    6.337687] scsi host5: ahci
[STDOUT  ] 2017-06-01T16:55:15.124389279Z: [    6.339578] ata1: SATA max UDMA/133 abar m4096@0xfebf1000 port 0xfebf1100 irq 24
[STDOUT  ] 2017-06-01T16:55:15.124396841Z: [    6.340723] ata2: SATA max UDMA/133 abar m4096@0xfebf1000 port 0xfebf1180 irq 24
[STDOUT  ] 2017-06-01T16:55:15.124401794Z: [    6.341439] ata3: SATA max UDMA/133 abar m4096@0xfebf1000 port 0xfebf1200 irq 24
[STDOUT  ] 2017-06-01T16:55:15.124410243Z: [    6.342143] ata4: SATA max UDMA/133 abar m4096@0xfebf1000 port 0xfebf1280 irq 24
[STDOUT  ] 2017-06-01T16:55:15.124415245Z: [    6.342830] ata5: SATA max UDMA/133 abar m4096@0xfebf1000 port 0xfebf1300 irq 24
[STDOUT  ] 2017-06-01T16:55:15.124420229Z: [    6.343511] ata6: SATA max UDMA/133 abar m4096@0xfebf1000 port 0xfebf1380 irq 24
[STDOUT  ] 2017-06-01T16:55:15.124425197Z: [    6.353521] Ethernet Channel Bonding Driver: v3.7.1 (April 27, 2011)
[STDOUT  ] 2017-06-01T16:55:15.124430185Z: [    6.372880] tun: Universal TUN/TAP device driver, 1.6
[STDOUT  ] 2017-06-01T16:55:15.12443511Z: [    6.373597] tun: (C) 1999-2004 Max Krasnyansky <maxk@qualcomm.com>
[STDOUT  ] 2017-06-01T16:55:15.124440148Z: [    6.375813] ena: Elastic Network Adapter (ENA) v1.0.2
[STDOUT  ] 2017-06-01T16:55:15.124442783Z: [    6.377665] e1000: Intel(R) PRO/1000 Network Driver - version 7.3.21-k8-NAPI
[STDOUT  ] 2017-06-01T16:55:15.124447672Z: [    6.378394] e1000: Copyright (c) 1999-2006 Intel Corporation.
[STDOUT  ] 2017-06-01T16:55:15.124455095Z: [    6.387164] ACPI: PCI Interrupt Link [GSIG] enabled at IRQ 22
[STDOUT  ] 2017-06-01T16:55:15.124463195Z: [    6.673335] ata2: SATA link down (SStatus 0 SControl 300)
[STDOUT  ] 2017-06-01T16:55:15.12447024Z: [    6.675967] ata1: SATA link down (SStatus 0 SControl 300)
[STDOUT  ] 2017-06-01T16:55:15.124472899Z: [    6.684288] ata6: SATA link down (SStatus 0 SControl 300)
[STDOUT  ] 2017-06-01T16:55:15.124477785Z: [    6.685229] ata5: SATA link down (SStatus 0 SControl 300)
[STDOUT  ] 2017-06-01T16:55:15.124485261Z: [    6.685970] ata4: SATA link down (SStatus 0 SControl 300)
[STDOUT  ] 2017-06-01T16:55:15.124487851Z: [    6.686957] ata3: SATA link up 1.5 Gbps (SStatus 113 SControl 300)
[STDOUT  ] 2017-06-01T16:55:15.124492806Z: [    6.690970] ata3.00: ATAPI: QEMU DVD-ROM, 2.5+, max UDMA/100
[STDOUT  ] 2017-06-01T16:55:15.124500187Z: [    6.691799] ata3.00: applying bridge limits
[STDOUT  ] 2017-06-01T16:55:15.124505291Z: [    6.698343] ata3.00: configured for UDMA/100
[STDOUT  ] 2017-06-01T16:55:15.124510403Z: [    6.712397] scsi 2:0:0:0: CD-ROM            QEMU     QEMU DVD-ROM     2.5+ PQ: 0 ANSI: 5
[STDOUT  ] 2017-06-01T16:55:15.124518314Z: [    6.734002] sr 2:0:0:0: [sr0] scsi3-mmc drive: 4x/4x cd/rw xa/form2 tray
[STDOUT  ] 2017-06-01T16:55:15.124523362Z: [    6.735270] cdrom: Uniform CD-ROM driver Revision: 3.20
[STDOUT  ] 2017-06-01T16:55:15.124528316Z: [    6.742672] sr 2:0:0:0: Attached scsi generic sg0 type 5
[STDOUT  ] 2017-06-01T16:55:15.12453325Z: [    6.764081] e1000 0000:00:02.0 eth0: (PCI:33MHz:32-bit) 52:54:00:12:34:56
[STDOUT  ] 2017-06-01T16:55:15.124538228Z: [    6.765275] e1000 0000:00:02.0 eth0: Intel(R) PRO/1000 Network Connection
[STDOUT  ] 2017-06-01T16:55:15.124548452Z: [    6.766566] e1000e: Intel(R) PRO/1000 Network Driver - 3.2.6-k
[STDOUT  ] 2017-06-01T16:55:15.124553424Z: [    6.767167] e1000e: Copyright(c) 1999 - 2015 Intel Corporation.
[STDOUT  ] 2017-06-01T16:55:15.124556022Z: [    6.768223] igb: Intel(R) Gigabit Ethernet Network Driver - version 5.4.0-k
[STDOUT  ] 2017-06-01T16:55:15.124560846Z: [    6.768901] igb: Copyright (c) 2007-2014 Intel Corporation.
[STDOUT  ] 2017-06-01T16:55:15.124568377Z: [    6.769879] igbvf: Intel(R) Gigabit Virtual Function Network Driver - version 2.4.0-k
[STDOUT  ] 2017-06-01T16:55:15.124573394Z: [    6.771112] igbvf: Copyright (c) 2009 - 2012 Intel Corporation.
[STDOUT  ] 2017-06-01T16:55:15.124578338Z: [    6.772265] ixgbe: Intel(R) 10 Gigabit PCI Express Network Driver - version 4.4.0-k
[STDOUT  ] 2017-06-01T16:55:15.124583362Z: [    6.773030] ixgbe: Copyright (c) 1999-2016 Intel Corporation.
[STDOUT  ] 2017-06-01T16:55:15.124588295Z: [    6.774955] ixgbevf: Intel(R) 10 Gigabit PCI Express Virtual Function Network Driver - version 3.2.2-k
[STDOUT  ] 2017-06-01T16:55:15.124596878Z: [    6.775877] ixgbevf: Copyright (c) 2009 - 2015 Intel Corporation.
[STDOUT  ] 2017-06-01T16:55:15.124601883Z: [    6.777548] ixgb: Intel(R) PRO/10GbE Network Driver - version 1.0.135-k2-NAPI
[STDOUT  ] 2017-06-01T16:55:15.124606918Z: [    6.778267] ixgb: Copyright (c) 1999-2008 Intel Corporation.
[STDOUT  ] 2017-06-01T16:55:15.124612104Z: [    6.779489] PPP generic driver version 2.4.2
[STDOUT  ] 2017-06-01T16:55:15.124617112Z: [    6.781530] PPP BSD Compression module registered
[STDOUT  ] 2017-06-01T16:55:15.124622043Z: [    6.782081] PPP Deflate Compression module registered
[STDOUT  ] 2017-06-01T16:55:15.124626935Z: [    6.782872] PPP MPPE Compression module registered
[STDOUT  ] 2017-06-01T16:55:15.124631885Z: [    6.783384] NET: Registered protocol family 24
[STDOUT  ] 2017-06-01T16:55:15.124637002Z: [    6.784180] PPTP driver version 0.8.5
[STDOUT  ] 2017-06-01T16:55:15.124639617Z: [    6.785356] VMware vmxnet3 virtual NIC driver - version 1.4.a.0-k-NAPI
[STDOUT  ] 2017-06-01T16:55:15.124644411Z: [    6.786539] hv_vmbus: registering driver hv_netvsc
[STDOUT  ] 2017-06-01T16:55:15.124651862Z: [    6.787053] Fusion MPT base driver 3.04.20
[STDOUT  ] 2017-06-01T16:55:15.124656796Z: [    6.787448] Copyright (c) 1999-2008 LSI Corporation
[STDOUT  ] 2017-06-01T16:55:15.124669259Z: [    6.788231] Fusion MPT SPI Host driver 3.04.20
[STDOUT  ] 2017-06-01T16:55:15.124674233Z: [    6.794383] aoe: AoE v85 initialised.
[STDOUT  ] 2017-06-01T16:55:15.12468279Z: [    6.797285] i8042: PNP: PS/2 Controller [PNP0303:KBD,PNP0f13:MOU] at 0x60,0x64 irq 1,12
[STDOUT  ] 2017-06-01T16:55:15.124687966Z: [    6.802343] serio: i8042 KBD port at 0x60,0x64 irq 1
[STDOUT  ] 2017-06-01T16:55:15.124696981Z: [    6.803408] serio: i8042 AUX port at 0x60,0x64 irq 12
[STDOUT  ] 2017-06-01T16:55:15.124702603Z: [    6.806827] hv_vmbus: registering driver hyperv_keyboard
[STDOUT  ] 2017-06-01T16:55:15.124707642Z: [    6.809414] mousedev: PS/2 mouse device common for all mice
[STDOUT  ] 2017-06-01T16:55:15.124712644Z: [    6.814973] input: AT Translated Set 2 keyboard as /devices/platform/i8042/serio0/input/input1
[STDOUT  ] 2017-06-01T16:55:15.12471768Z: [    6.818300] input: PC Speaker as /devices/platform/pcspkr/input/input2
[STDOUT  ] 2017-06-01T16:55:15.124722638Z: [    6.822756] rtc_cmos 00:00: RTC can wake from S4
[STDOUT  ] 2017-06-01T16:55:15.124725231Z: [    6.826296] rtc_cmos 00:00: rtc core: registered rtc_cmos as rtc0
[STDOUT  ] 2017-06-01T16:55:15.124732878Z: [    6.827856] rtc_cmos 00:00: alarms up to one day, y3k, 114 bytes nvram, hpet irqs
[STDOUT  ] 2017-06-01T16:55:15.12474038Z: [    6.828926] i2c /dev entries driver
[STDOUT  ] 2017-06-01T16:55:15.124745428Z: [    6.831335] device-mapper: ioctl: 4.35.0-ioctl (2016-06-23) initialised: dm-devel@redhat.com
[STDOUT  ] 2017-06-01T16:55:15.124750365Z: [    6.836305] hv_utils: Registering HyperV Utility Driver
[STDOUT  ] 2017-06-01T16:55:15.124761605Z: [    6.836894] hv_vmbus: registering driver hv_util
[STDOUT  ] 2017-06-01T16:55:15.124766685Z: [    6.837348] hv_vmbus: registering driver hv_balloon
[STDOUT  ] 2017-06-01T16:55:15.124771847Z: [    6.838189] oprofile: using NMI interrupt.
[STDOUT  ] 2017-06-01T16:55:15.124776927Z: [    6.839571] GACT probability on
[STDOUT  ] 2017-06-01T16:55:15.124782025Z: [    6.840591] Mirror/redirect action on
[STDOUT  ] 2017-06-01T16:55:15.124787145Z: [    6.841702] Simple TC action Loaded
[STDOUT  ] 2017-06-01T16:55:15.124789736Z: [    6.845459] netem: version 1.3
[STDOUT  ] 2017-06-01T16:55:15.124797034Z: [    6.845864] u32 classifier
[STDOUT  ] 2017-06-01T16:55:15.12480505Z: [    6.846156]     Performance counters on
[STDOUT  ] 2017-06-01T16:55:15.124810452Z: [    6.846526]     input device check on
[STDOUT  ] 2017-06-01T16:55:15.124815527Z: [    6.846876]     Actions configured
[STDOUT  ] 2017-06-01T16:55:15.124818041Z: [    6.847652] Netfilter messages via NETLINK v0.30.
[STDOUT  ] 2017-06-01T16:55:15.124825403Z: [    6.848518] nfnl_acct: registering with nfnetlink.
[STDOUT  ] 2017-06-01T16:55:15.124830337Z: [    6.850487] nf_conntrack version 0.5.0 (8192 buckets, 32768 max)
[STDOUT  ] 2017-06-01T16:55:15.124835313Z: [    6.853873] ctnetlink v0.93: registering with nfnetlink.
[STDOUT  ] 2017-06-01T16:55:15.124842081Z: [    6.857379] nf_tables: (c) 2007-2009 Patrick McHardy <kaber@trash.net>
[STDOUT  ] 2017-06-01T16:55:15.124847141Z: [    6.858590] nf_tables_compat: (c) 2012 Pablo Neira Ayuso <pablo@netfilter.org>
[STDOUT  ] 2017-06-01T16:55:15.124857319Z: [    6.861875] xt_time: kernel timezone is -0000
[STDOUT  ] 2017-06-01T16:55:15.124862444Z: [    6.862671] ip_set: protocol 6
[STDOUT  ] 2017-06-01T16:55:15.12486742Z: [    6.863496] IPVS: Registered protocols (TCP, UDP, SCTP, AH, ESP)
[STDOUT  ] 2017-06-01T16:55:15.124872728Z: [    6.864449] IPVS: Connection hash table configured (size=4096, memory=64Kbytes)
[STDOUT  ] 2017-06-01T16:55:15.124877876Z: [    6.866480] IPVS: Creating netns size=2104 id=0
[STDOUT  ] 2017-06-01T16:55:15.124884513Z: [    6.869319] IPVS: ipvs loaded.
[STDOUT  ] 2017-06-01T16:55:15.124889836Z: [    6.869810] IPVS: [rr] scheduler registered.
[STDOUT  ] 2017-06-01T16:55:15.124894811Z: [    6.871034] IPVS: [wrr] scheduler registered.
[STDOUT  ] 2017-06-01T16:55:15.124899924Z: [    6.871491] IPVS: [lc] scheduler registered.
[STDOUT  ] 2017-06-01T16:55:15.124902695Z: [    6.871936] IPVS: [wlc] scheduler registered.
[STDOUT  ] 2017-06-01T16:55:15.124907672Z: [    6.872354] IPVS: [fo] scheduler registered.
[STDOUT  ] 2017-06-01T16:55:15.12491962Z: [    6.872776] IPVS: [ovf] scheduler registered.
[STDOUT  ] 2017-06-01T16:55:15.124924789Z: [    6.873466] IPVS: [lblc] scheduler registered.
[STDOUT  ] 2017-06-01T16:55:15.124934937Z: [    6.874074] IPVS: [lblcr] scheduler registered.
[STDOUT  ] 2017-06-01T16:55:15.124939856Z: [    6.874539] IPVS: [dh] scheduler registered.
[STDOUT  ] 2017-06-01T16:55:15.124942596Z: [    6.874965] IPVS: [sh] scheduler registered.
[STDOUT  ] 2017-06-01T16:55:15.124949846Z: [    6.875372] IPVS: [sed] scheduler registered.
[STDOUT  ] 2017-06-01T16:55:15.124952277Z: [    6.875800] IPVS: [nq] scheduler registered.
[STDOUT  ] 2017-06-01T16:55:15.124959777Z: [    6.876693] IPVS: ftp: loaded support on port[0] = 21
[STDOUT  ] 2017-06-01T16:55:15.124969447Z: [    6.877803] ipip: IPv4 and MPLS over IPv4 tunneling driver
[STDOUT  ] 2017-06-01T16:55:15.124972135Z: [    6.882834] gre: GRE over IPv4 demultiplexor driver
[STDOUT  ] 2017-06-01T16:55:15.124979399Z: [    6.883395] ip_gre: GRE over IPv4 tunneling driver
[STDOUT  ] 2017-06-01T16:55:15.124988448Z: [    6.889410] IPv4 over IPsec tunneling driver
[STDOUT  ] 2017-06-01T16:55:15.124993483Z: [    6.895868] ip_tables: (C) 2000-2006 Netfilter Core Team
[STDOUT  ] 2017-06-01T16:55:15.125002547Z: [    6.899628] ipt_CLUSTERIP: ClusterIP Version 0.8 loaded successfully
[STDOUT  ] 2017-06-01T16:55:15.125007498Z: [    6.901350] arp_tables: arp_tables: (C) 2002 David S. Miller
[STDOUT  ] 2017-06-01T16:55:15.125012424Z: [    6.903589] Initializing XFRM netlink socket
[STDOUT  ] 2017-06-01T16:55:15.125017308Z: [    6.904964] NET: Registered protocol family 10
[STDOUT  ] 2017-06-01T16:55:15.125019835Z: [    6.917384] mip6: Mobile IPv6
[STDOUT  ] 2017-06-01T16:55:15.125041565Z: [    6.918840] ip6_tables: (C) 2000-2006 Netfilter Core Team
[STDOUT  ] 2017-06-01T16:55:15.125050528Z: [    6.927344] sit: IPv6, IPv4 and MPLS over IPv4 tunneling driver
[STDOUT  ] 2017-06-01T16:55:15.125055595Z: [    6.935372] ip6_gre: GRE over IPv6 tunneling driver
[STDOUT  ] 2017-06-01T16:55:15.125060554Z: [    6.939359] NET: Registered protocol family 17
[STDOUT  ] 2017-06-01T16:55:15.125063106Z: [    6.940768] NET: Registered protocol family 15
[STDOUT  ] 2017-06-01T16:55:15.125070484Z: [    6.942019] Bridge firewalling registered
[STDOUT  ] 2017-06-01T16:55:15.125075406Z: [    6.942788] Ebtables v2.0 registered
[STDOUT  ] 2017-06-01T16:55:15.125080331Z: [    6.946212] l2tp_core: L2TP core driver, V2.0
[STDOUT  ] 2017-06-01T16:55:15.1250852Z: [    6.946951] l2tp_ppp: PPPoL2TP kernel driver, V2.0
[STDOUT  ] 2017-06-01T16:55:15.125087715Z: [    6.947450] 8021q: 802.1Q VLAN Support v1.8
[STDOUT  ] 2017-06-01T16:55:15.125095207Z: [    6.949128] 9pnet: Installing 9P2000 support
[STDOUT  ] 2017-06-01T16:55:15.12510019Z: [    6.950675] Key type dns_resolver registered
[STDOUT  ] 2017-06-01T16:55:15.125105198Z: [    6.951199] openvswitch: Open vSwitch switching datapath
[STDOUT  ] 2017-06-01T16:55:15.1251102Z: [    6.953549] mpls_gso: MPLS GSO support
[STDOUT  ] 2017-06-01T16:55:15.125115315Z: [    6.954373] microcode: AMD CPU family 0x6 not supported
[STDOUT  ] 2017-06-01T16:55:15.125120254Z: [    6.958289] registered taskstats version 1
[STDOUT  ] 2017-06-01T16:55:15.125122844Z: [    7.041829] tsc: Refined TSC clocksource calibration: 2599.936 MHz
[STDOUT  ] 2017-06-01T16:55:15.125127735Z: [    7.042951] clocksource: tsc: mask: 0xffffffffffffffff max_cycles: 0x2579ffd8669, max_idle_ns: 440795304462 ns
[STDOUT  ] 2017-06-01T16:55:15.125135271Z: [    7.161251] Key type big_key registered
[STDOUT  ] 2017-06-01T16:55:15.125137852Z: [    7.225297] Key type encrypted registered
[STDOUT  ] 2017-06-01T16:55:15.125142652Z: [    7.231160] rtc_cmos 00:00: setting system clock to 2017-06-01 16:54:50 UTC (1496336090)
[STDOUT  ] 2017-06-01T16:55:15.125154637Z: [    7.382698] Freeing unused kernel memory: 1456K (ffffffffbef90000 - ffffffffbf0fc000)
[STDOUT  ] 2017-06-01T16:55:15.125159623Z: [    7.383985] Write protecting the kernel read-only data: 14336k
[STDOUT  ] 2017-06-01T16:55:15.125167426Z: [    7.395164] Freeing unused kernel memory: 816K (ffff9d9bde934000 - ffff9d9bdea00000)
[STDOUT  ] 2017-06-01T16:55:15.125172625Z: [    7.463109] Freeing unused kernel memory: 1012K (ffff9d9bded03000 - ffff9d9bdee00000)
[STDOUT  ] 2017-06-01T16:55:15.125175217Z: [    8.061231] clocksource: Switched to clocksource tsc
[STDOUT  ] 2017-06-01T16:55:15.125182709Z: 
[STDOUT  ] 2017-06-01T16:55:15.125187863Z: Welcome to LinuxKit
[STDOUT  ] 2017-06-01T16:55:15.12519284Z: 
[STDOUT  ] 2017-06-01T16:55:15.125197818Z:                         ##         .
[STDOUT  ] 2017-06-01T16:55:15.125202993Z:                   ## ## ##        ==
[STDOUT  ] 2017-06-01T16:55:15.125207989Z:                ## ## ## ## ##    ===
[STDOUT  ] 2017-06-01T16:55:15.125210437Z:            /"""""""""""""""""\___/ ===
[STDOUT  ] 2017-06-01T16:55:15.125218418Z:       ~~~ {~~ ~~~~ ~~~ ~~~~ ~~~ ~ /  ===- ~~~
[STDOUT  ] 2017-06-01T16:55:15.125223496Z:            \______ o           __/
[STDOUT  ] 2017-06-01T16:55:15.125228455Z:              \    \         __/
[STDOUT  ] 2017-06-01T16:55:15.125234536Z:               \____\_______/
[STDOUT  ] 2017-06-01T16:55:15.125243603Z: 
[STDOUT  ] 2017-06-01T16:55:15.125251732Z: 
[STDOUT  ] 2017-06-01T16:55:15.125256898Z: 
[STDOUT  ] 2017-06-01T16:55:15.125261847Z: Starting containerd
[STDOUT  ] 2017-06-01T16:55:15.125270466Z: / # [6n[34mINFO[0m[0000] starting containerd boot...                   [34mmodule[0m=containerd
[STDOUT  ] 2017-06-01T16:55:15.125276271Z: [34mINFO[0m[0000] starting debug API...                         [34mdebug[0m="/run/containerd/debug.sock" [34mmodule[0m=containerd
[STDOUT  ] 2017-06-01T16:55:15.125281262Z: [34mINFO[0m[0000] loading monitor plugin "cgroups"...           [34mmodule[0m=containerd
[STDOUT  ] 2017-06-01T16:55:15.125283905Z: [34mINFO[0m[0000] loading runtime plugin "linux"...             [34mmodule[0m=containerd
[STDOUT  ] 2017-06-01T16:55:15.125290312Z: [34mINFO[0m[0000] loading snapshot plugin "snapshot-overlay"...  [34mmodule[0m=containerd
[STDOUT  ] 2017-06-01T16:55:15.125301984Z: [34mINFO[0m[0000] loading grpc service plugin "snapshots-grpc"...  [34mmodule[0m=containerd
[STDOUT  ] 2017-06-01T16:55:15.125307258Z: [34mINFO[0m[0000] loading grpc service plugin "version-grpc"...  [34mmodule[0m=containerd
[STDOUT  ] 2017-06-01T16:55:15.125312198Z: [34mINFO[0m[0000] loading grpc service plugin "containers-grpc"...  [34mmodule[0m=containerd
[STDOUT  ] 2017-06-01T16:55:15.125317105Z: [34mINFO[0m[0000] loading grpc service plugin "content-grpc"...  [34mmodule[0m=containerd
[STDOUT  ] 2017-06-01T16:55:15.125322088Z: [34mINFO[0m[0000] loading grpc service plugin "diff-grpc"...    [34mmodule[0m=containerd
[STDOUT  ] 2017-06-01T16:55:15.125327049Z: [34mINFO[0m[0000] loading grpc service plugin "healthcheck-grpc"...  [34mmodule[0m=containerd
[STDOUT  ] 2017-06-01T16:55:15.125329669Z: [34mINFO[0m[0000] loading grpc service plugin "tasks-grpc"...   [34mmodule[0m=containerd
[STDOUT  ] 2017-06-01T16:55:15.125334737Z: [34mINFO[0m[0000] loading grpc service plugin "images-grpc"...  [34mmodule[0m=containerd[   14.010601] random: fast init done
[STDOUT  ] 2017-06-01T16:55:15.125342929Z: 
[STDOUT  ] 2017-06-01T16:55:15.125345492Z: [34mINFO[0m[0000] loading grpc service plugin "metrics-grpc"...  [34mmodule[0m=containerd
[STDOUT  ] 2017-06-01T16:55:15.125350329Z: [34mINFO[0m[0000] starting GRPC API server...                   [34mmodule[0m=containerd
[STDOUT  ] 2017-06-01T16:55:15.125357829Z: [34mINFO[0m[0000] starting metrics API...                       [34mmetrics[0m=":13337" [34mmodule[0m=containerd
[STDOUT  ] 2017-06-01T16:55:15.125360414Z: [34mINFO[0m[0000] containerd successfully booted in 0.384186s   [34mmodule[0m=containerd
[STDOUT  ] 2017-06-01T16:55:15.125371855Z: [   16.802990] IPv6: ADDRCONF(NETDEV_UP): eth0: link is not ready
[STDOUT  ] 2017-06-01T16:55:15.125376868Z: [   16.804389] 8021q: adding VLAN 0 to HW filter on device eth0
[STDOUT  ] 2017-06-01T16:55:15.125381846Z: eth0: waiting for carrier
[STDOUT  ] 2017-06-01T16:55:15.125389644Z: [   16.812622] e1000: eth0 NIC Link is Up 1000 Mbps Full Duplex, Flow Control: RX
[STDOUT  ] 2017-06-01T16:55:15.125392334Z: [   16.816504] IPv6: ADDRCONF(NETDEV_CHANGE): eth0: link becomes ready
[STDOUT  ] 2017-06-01T16:55:15.125403831Z: eth0: carrier acquired
[STDOUT  ] 2017-06-01T16:55:15.125406447Z: DUID 00:01:00:01:20:c3:03:63:52:54:00:12:34:56
[STDOUT  ] 2017-06-01T16:55:15.125411301Z: eth0: IAID 00:12:34:56
[STDOUT  ] 2017-06-01T16:55:15.125418693Z: eth0: adding address fe80::f30c:c195:6da1:6dcd
[STDOUT  ] 2017-06-01T16:55:15.125421303Z: eth0: soliciting an IPv6 router
[STDOUT  ] 2017-06-01T16:55:15.125426171Z: eth0: soliciting a DHCP lease
[STDOUT  ] 2017-06-01T16:55:15.125433594Z: eth0: offered 10.0.2.15 from 10.0.2.2
[STDOUT  ] 2017-06-01T16:55:15.125438556Z: eth0: leased 10.0.2.15 for 86400 seconds
[STDOUT  ] 2017-06-01T16:55:15.125443439Z: eth0: adding route to 10.0.2.0/24
[STDOUT  ] 2017-06-01T16:55:15.125448333Z: eth0: adding default route via 10.0.2.2
[STDOUT  ] 2017-06-01T16:55:15.125456569Z: exiting due to oneshot
[STDOUT  ] 2017-06-01T16:55:15.125461685Z: dhcpcd exited
[STDOUT  ] 2017-06-01T16:55:15.125466677Z:  - 000-dhcpcd
[STDOUT  ] 2017-06-01T16:55:15.125471565Z: dhcpcd test suite PASSED
[STDOUT  ] 2017-06-01T16:55:15.125474161Z:  - 001-test
[STDOUT  ] 2017-06-01T16:55:15.125481479Z: [   31.031593] ACPI: Preparing to enter system sleep state S5
[STDERR  ] 2017-06-01T16:55:15.125494249Z: + RESULT=[    0.000000] Linux version 4.9.30-linuxkit (root@84baa8e89c00) (gcc version 6.2.1 20160822 (Alpine 6.2.1) ) #1 SMP Tue May 30 11:40:28 UTC 2017
[STDERR  ] 2017-06-01T16:55:15.12550183Z: [    0.000000] Command line: console=ttyS0 page_poison=1
[STDERR  ] 2017-06-01T16:55:15.125509541Z: [    0.000000] x86/fpu: Legacy x87 FPU detected.
[STDERR  ] 2017-06-01T16:55:15.125512098Z: [    0.000000] x86/fpu: Using 'eager' FPU context switches.
[STDERR  ] 2017-06-01T16:55:15.125519448Z: [    0.000000] e820: BIOS-provided physical RAM map:
[STDERR  ] 2017-06-01T16:55:15.125521921Z: [    0.000000] BIOS-e820: [mem 0x0000000000000000-0x000000000009fbff] usable
[STDERR  ] 2017-06-01T16:55:15.125529473Z: [    0.000000] BIOS-e820: [mem 0x000000000009fc00-0x000000000009ffff] reserved
[STDERR  ] 2017-06-01T16:55:15.125534402Z: [    0.000000] BIOS-e820: [mem 0x00000000000f0000-0x00000000000fffff] reserved
[STDERR  ] 2017-06-01T16:55:15.125544624Z: [    0.000000] BIOS-e820: [mem 0x0000000000100000-0x000000003ffdefff] usable
[STDERR  ] 2017-06-01T16:55:15.125549616Z: [    0.000000] BIOS-e820: [mem 0x000000003ffdf000-0x000000003fffffff] reserved
[STDERR  ] 2017-06-01T16:55:15.125552236Z: [    0.000000] BIOS-e820: [mem 0x00000000b0000000-0x00000000bfffffff] reserved
[STDERR  ] 2017-06-01T16:55:15.125559605Z: [    0.000000] BIOS-e820: [mem 0x00000000fed1c000-0x00000000fed1ffff] reserved
[STDERR  ] 2017-06-01T16:55:15.125564574Z: [    0.000000] BIOS-e820: [mem 0x00000000fffc0000-0x00000000ffffffff] reserved
[STDERR  ] 2017-06-01T16:55:15.125573338Z: [    0.000000] NX (Execute Disable) protection: active
[STDERR  ] 2017-06-01T16:55:15.125578521Z: [    0.000000] SMBIOS 2.8 present.
[STDERR  ] 2017-06-01T16:55:15.125583532Z: [    0.000000] e820: last_pfn = 0x3ffdf max_arch_pfn = 0x400000000
[STDERR  ] 2017-06-01T16:55:15.125585992Z: [    0.000000] x86/PAT: Configuration [0-7]: WB  WC  UC- UC  WB  WC  UC- WT  
[STDERR  ] 2017-06-01T16:55:15.125598476Z: [    0.000000] found SMP MP-table at [mem 0x000f6aa0-0x000f6aaf] mapped at [ffff9d9bc00f6aa0]
[STDERR  ] 2017-06-01T16:55:15.125601102Z: [    0.000000] RAMDISK: [mem 0x3e094000-0x3ffcffff]
[STDERR  ] 2017-06-01T16:55:15.125608428Z: [    0.000000] ACPI: Early table checksum verification disabled
[STDERR  ] 2017-06-01T16:55:15.125613402Z: [    0.000000] ACPI: RSDP 0x00000000000F68C0 000014 (v00 BOCHS )
[STDERR  ] 2017-06-01T16:55:15.125615898Z: [    0.000000] ACPI: RSDT 0x000000003FFE2404 000034 (v01 BOCHS  BXPCRSDT 00000001 BXPC 00000001)
[STDERR  ] 2017-06-01T16:55:15.125623434Z: [    0.000000] ACPI: FACP 0x000000003FFE22A4 000074 (v01 BOCHS  BXPCFACP 00000001 BXPC 00000001)
[STDERR  ] 2017-06-01T16:55:15.125632741Z: [    0.000000] ACPI: DSDT 0x000000003FFE0040 002264 (v01 BOCHS  BXPCDSDT 00000001 BXPC 00000001)
[STDERR  ] 2017-06-01T16:55:15.125637939Z: [    0.000000] ACPI: FACS 0x000000003FFE0000 000040
[STDERR  ] 2017-06-01T16:55:15.125642979Z: [    0.000000] ACPI: APIC 0x000000003FFE2318 000078 (v01 BOCHS  BXPCAPIC 00000001 BXPC 00000001)
[STDERR  ] 2017-06-01T16:55:15.125647896Z: [    0.000000] ACPI: HPET 0x000000003FFE2390 000038 (v01 BOCHS  BXPCHPET 00000001 BXPC 00000001)
[STDERR  ] 2017-06-01T16:55:15.125652809Z: [    0.000000] ACPI: MCFG 0x000000003FFE23C8 00003C (v01 BOCHS  BXPCMCFG 00000001 BXPC 00000001)
[STDERR  ] 2017-06-01T16:55:15.125657863Z: [    0.000000] Zone ranges:
[STDERR  ] 2017-06-01T16:55:15.125662861Z: [    0.000000]   DMA      [mem 0x0000000000001000-0x0000000000ffffff]
[STDERR  ] 2017-06-01T16:55:15.125667857Z: [    0.000000]   DMA32    [mem 0x0000000001000000-0x000000003ffdefff]
[STDERR  ] 2017-06-01T16:55:15.125670498Z: [    0.000000]   Normal   empty
[STDERR  ] 2017-06-01T16:55:15.125678216Z: [    0.000000] Movable zone start for each node
[STDERR  ] 2017-06-01T16:55:15.125685787Z: [    0.000000] Early memory node ranges
[STDERR  ] 2017-06-01T16:55:15.12569073Z: [    0.000000]   node   0: [mem 0x0000000000001000-0x000000000009efff]
[STDERR  ] 2017-06-01T16:55:15.1256957Z: [    0.000000]   node   0: [mem 0x0000000000100000-0x000000003ffdefff]
[STDERR  ] 2017-06-01T16:55:15.125700753Z: [    0.000000] Initmem setup node 0 [mem 0x0000000000001000-0x000000003ffdefff]
[STDERR  ] 2017-06-01T16:55:15.125705719Z: [    0.000000] ACPI: PM-Timer IO Port: 0x608
[STDERR  ] 2017-06-01T16:55:15.125712048Z: [    0.000000] ACPI: LAPIC_NMI (acpi_id[0xff] dfl dfl lint[0x1])
[STDERR  ] 2017-06-01T16:55:15.125719145Z: [    0.000000] IOAPIC[0]: apic_id 0, version 32, address 0xfec00000, GSI 0-23
[STDERR  ] 2017-06-01T16:55:15.125726066Z: [    0.000000] ACPI: INT_SRC_OVR (bus 0 bus_irq 0 global_irq 2 dfl dfl)
[STDERR  ] 2017-06-01T16:55:15.125734748Z: [    0.000000] ACPI: INT_SRC_OVR (bus 0 bus_irq 5 global_irq 5 high level)
[STDERR  ] 2017-06-01T16:55:15.125738347Z: [    0.000000] ACPI: INT_SRC_OVR (bus 0 bus_irq 9 global_irq 9 high level)
[STDERR  ] 2017-06-01T16:55:15.125745436Z: [    0.000000] ACPI: INT_SRC_OVR (bus 0 bus_irq 10 global_irq 10 high level)
[STDERR  ] 2017-06-01T16:55:15.125756616Z: [    0.000000] ACPI: INT_SRC_OVR (bus 0 bus_irq 11 global_irq 11 high level)
[STDERR  ] 2017-06-01T16:55:15.125768534Z: [    0.000000] Using ACPI (MADT) for SMP configuration information
[STDERR  ] 2017-06-01T16:55:15.125775627Z: [    0.000000] ACPI: HPET id: 0x8086a201 base: 0xfed00000
[STDERR  ] 2017-06-01T16:55:15.125781361Z: [    0.000000] smpboot: Allowing 1 CPUs, 0 hotplug CPUs
[STDERR  ] 2017-06-01T16:55:15.12578398Z: [    0.000000] e820: [mem 0x40000000-0xafffffff] available for PCI devices
[STDERR  ] 2017-06-01T16:55:15.125791383Z: [    0.000000] Booting paravirtualized kernel on bare hardware
[STDERR  ] 2017-06-01T16:55:15.125796573Z: [    0.000000] clocksource: refined-jiffies: mask: 0xffffffff max_cycles: 0xffffffff, max_idle_ns: 19112604462750000 ns
[STDERR  ] 2017-06-01T16:55:15.125803204Z: [    0.000000] setup_percpu: NR_CPUS:128 nr_cpumask_bits:128 nr_cpu_ids:1 nr_node_ids:1
[STDERR  ] 2017-06-01T16:55:15.125805693Z: [    0.000000] percpu: Embedded 35 pages/cpu @ffff9d9bfde00000 s105240 r8192 d29928 u2097152
[STDERR  ] 2017-06-01T16:55:15.125812944Z: [    0.000000] Built 1 zonelists in Zone order, mobility grouping on.  Total pages: 257896
[STDERR  ] 2017-06-01T16:55:15.125817872Z: [    0.000000] Kernel command line: console=ttyS0 page_poison=1
[STDERR  ] 2017-06-01T16:55:15.125820461Z: [    0.000000] PID hash table entries: 4096 (order: 3, 32768 bytes)
[STDERR  ] 2017-06-01T16:55:15.12582767Z: [    0.000000] Dentry cache hash table entries: 131072 (order: 8, 1048576 bytes)
[STDERR  ] 2017-06-01T16:55:15.125832507Z: [    0.000000] Inode-cache hash table entries: 65536 (order: 7, 524288 bytes)
[STDERR  ] 2017-06-01T16:55:15.125842181Z: [    0.000000] Memory: 979796K/1048052K available (9409K kernel code, 1593K rwdata, 3084K rodata, 1456K init, 604K bss, 68256K reserved, 0K cma-reserved)
[STDERR  ] 2017-06-01T16:55:15.125853255Z: [    0.000000] Hierarchical RCU implementation.
[STDERR  ] 2017-06-01T16:55:15.125861167Z: [    0.000000] 	Build-time adjustment of leaf fanout to 64.
[STDERR  ] 2017-06-01T16:55:15.12586891Z: [    0.000000] 	RCU restricting CPUs from NR_CPUS=128 to nr_cpu_ids=1.
[STDERR  ] 2017-06-01T16:55:15.125873874Z: [    0.000000] RCU: Adjusting geometry for rcu_fanout_leaf=64, nr_cpu_ids=1
[STDERR  ] 2017-06-01T16:55:15.125879176Z: [    0.000000] NR_IRQS:8448 nr_irqs:256 16
[STDERR  ] 2017-06-01T16:55:15.125884167Z: [    0.000000] Console: colour VGA+ 80x25
[STDERR  ] 2017-06-01T16:55:15.12588912Z: [    0.000000] console [ttyS0] enabled
[STDERR  ] 2017-06-01T16:55:15.125894083Z: [    0.000000] allocated 2097152 bytes of page_ext
[STDERR  ] 2017-06-01T16:55:15.125899478Z: [    0.000000] clocksource: hpet: mask: 0xffffffff max_cycles: 0xffffffff, max_idle_ns: 19112604467 ns
[STDERR  ] 2017-06-01T16:55:15.125911739Z: [    0.000000] tsc: Fast TSC calibration failed
[STDERR  ] 2017-06-01T16:55:15.125914393Z: [    0.000000] tsc: Unable to calibrate against PIT
[STDERR  ] 2017-06-01T16:55:15.125921895Z: [    0.000000] tsc: using HPET reference calibration
[STDERR  ] 2017-06-01T16:55:15.125926789Z: [    0.000000] tsc: Detected 2600.064 MHz processor
[STDERR  ] 2017-06-01T16:55:15.125931862Z: [    0.051463] Calibrating delay loop (skipped), value calculated using timer frequency.. 5200.12 BogoMIPS (lpj=26000640)
[STDERR  ] 2017-06-01T16:55:15.125937025Z: [    0.053007] pid_max: default: 32768 minimum: 301
[STDERR  ] 2017-06-01T16:55:15.12593949Z: [    0.054252] ACPI: Core revision 20160831
[STDERR  ] 2017-06-01T16:55:15.125947043Z: [    0.103540] ACPI: 1 ACPI AML tables successfully acquired and loaded
[STDERR  ] 2017-06-01T16:55:15.125952026Z: [    0.107605] Security Framework initialized
[STDERR  ] 2017-06-01T16:55:15.125957014Z: [    0.108206] Yama: becoming mindful.
[STDERR  ] 2017-06-01T16:55:15.125962005Z: [    0.110631] Mount-cache hash table entries: 2048 (order: 2, 16384 bytes)
[STDERR  ] 2017-06-01T16:55:15.125967097Z: [    0.111428] Mountpoint-cache hash table entries: 2048 (order: 2, 16384 bytes)
[STDERR  ] 2017-06-01T16:55:15.125969754Z: [    0.131790] Last level iTLB entries: 4KB 0, 2MB 0, 4MB 0
[STDERR  ] 2017-06-01T16:55:15.125977167Z: [    0.132556] Last level dTLB entries: 4KB 0, 2MB 0, 4MB 0, 1GB 0
[STDERR  ] 2017-06-01T16:55:15.125979653Z: [    0.505746] Freeing SMP alternatives memory: 24K (ffffffffbf0fc000 - ffffffffbf102000)
[STDERR  ] 2017-06-01T16:55:15.125987127Z: [    0.521588] ftrace: allocating 41532 entries in 163 pages
[STDERR  ] 2017-06-01T16:55:15.125992081Z: [    0.783800] smpboot: Max logical packages: 1
[STDERR  ] 2017-06-01T16:55:15.125997074Z: [    0.792005] ..TIMER: vector=0x30 apic1=0 pin1=2 apic2=-1 pin2=-1
[STDERR  ] 2017-06-01T16:55:15.126002154Z: [    0.900000] smpboot: CPU0: AMD QEMU Virtual CPU version 2.5+ (family: 0x6, model: 0x6, stepping: 0x3)
[STDERR  ] 2017-06-01T16:55:15.126007107Z: [    0.900000] Performance Events: PMU not available due to virtualization, using software events only.
[STDERR  ] 2017-06-01T16:55:15.126016022Z: [    0.910548] NMI watchdog: disabled (cpu0): hardware events not enabled
[STDERR  ] 2017-06-01T16:55:15.126020935Z: [    0.911603] NMI watchdog: Shutting down hard lockup detector on all cpus
[STDERR  ] 2017-06-01T16:55:15.126026389Z: [    0.914697] x86: Booted up 1 node, 1 CPUs
[STDERR  ] 2017-06-01T16:55:15.126031311Z: [    0.915287] smpboot: Total of 1 processors activated (5200.12 BogoMIPS)
[STDERR  ] 2017-06-01T16:55:15.126036271Z: [    0.931748] devtmpfs: initialized
[STDERR  ] 2017-06-01T16:55:15.126041472Z: [    0.937168] x86/mm: Memory block size: 128MB
[STDERR  ] 2017-06-01T16:55:15.126044092Z: [    1.001458] clocksource: jiffies: mask: 0xffffffff max_cycles: 0xffffffff, max_idle_ns: 19112604462750000 ns
[STDERR  ] 2017-06-01T16:55:15.126051625Z: [    1.003160] futex hash table entries: 256 (order: 2, 16384 bytes)
[STDERR  ] 2017-06-01T16:55:15.126054166Z: [    1.013895] NET: Registered protocol family 16
[STDERR  ] 2017-06-01T16:55:15.126064819Z: [    1.024361] cpuidle: using governor ladder
[STDERR  ] 2017-06-01T16:55:15.126067656Z: [    1.025307] cpuidle: using governor menu
[STDERR  ] 2017-06-01T16:55:15.126072544Z: [    1.026834] ACPI: bus type PCI registered
[STDERR  ] 2017-06-01T16:55:15.126083489Z: [    1.030330] PCI: MMCONFIG for domain 0000 [bus 00-ff] at [mem 0xb0000000-0xbfffffff] (base 0xb0000000)
[STDERR  ] 2017-06-01T16:55:15.126088537Z: [    1.031581] PCI: MMCONFIG at [mem 0xb0000000-0xbfffffff] reserved in E820
[STDERR  ] 2017-06-01T16:55:15.126093534Z: [    1.033256] PCI: Using configuration type 1 for base access
[STDERR  ] 2017-06-01T16:55:15.126098487Z: [    1.100165] HugeTLB registered 2 MB page size, pre-allocated 0 pages
[STDERR  ] 2017-06-01T16:55:15.126103447Z: [    1.114503] ACPI: Added _OSI(Module Device)
[STDERR  ] 2017-06-01T16:55:15.126108357Z: [    1.115169] ACPI: Added _OSI(Processor Device)
[STDERR  ] 2017-06-01T16:55:15.126117589Z: [    1.115627] ACPI: Added _OSI(3.0 _SCP Extensions)
[STDERR  ] 2017-06-01T16:55:15.12612268Z: [    1.116067] ACPI: Added _OSI(Processor Aggregator Device)
[STDERR  ] 2017-06-01T16:55:15.126134323Z: [    1.192941] ACPI: Interpreter enabled
[STDERR  ] 2017-06-01T16:55:15.126139312Z: [    1.194347] ACPI: (supports S0 S5)
[STDERR  ] 2017-06-01T16:55:15.126144291Z: [    1.194804] ACPI: Using IOAPIC for interrupt routing
[STDERR  ] 2017-06-01T16:55:15.126151082Z: [    1.197171] PCI: Using host bridge windows from ACPI; if necessary, use "pci=nocrs" and report a bug
[STDERR  ] 2017-06-01T16:55:15.126156126Z: [    1.264034] ACPI: PCI Root Bridge [PCI0] (domain 0000 [bus 00-ff])
[STDERR  ] 2017-06-01T16:55:15.126161218Z: [    1.265648] acpi PNP0A08:00: _OSC: OS supports [ExtendedConfig ASPM ClockPM Segments MSI]
[STDERR  ] 2017-06-01T16:55:15.126163894Z: [    1.271994] acpi PNP0A08:00: _OSC: OS now controls [PCIeHotplug PME PCIeCapability]
[STDERR  ] 2017-06-01T16:55:15.126171383Z: [    1.276425] PCI host bridge to bus 0000:00
[STDERR  ] 2017-06-01T16:55:15.126173912Z: [    1.277288] pci_bus 0000:00: root bus resource [io  0x0000-0x0cf7 window]
[STDERR  ] 2017-06-01T16:55:15.12618498Z: [    1.277983] pci_bus 0000:00: root bus resource [io  0x0d00-0xffff window]
[STDERR  ] 2017-06-01T16:55:15.126187693Z: [    1.278635] pci_bus 0000:00: root bus resource [mem 0x000a0000-0x000bffff window]
[STDERR  ] 2017-06-01T16:55:15.126192689Z: [    1.279351] pci_bus 0000:00: root bus resource [mem 0xc0000000-0xfebfffff window]
[STDERR  ] 2017-06-01T16:55:15.126203702Z: [    1.280439] pci_bus 0000:00: root bus resource [bus 00-ff]
[STDERR  ] 2017-06-01T16:55:15.126206299Z: [    1.412800] pci 0000:00:1f.0: quirk: [io  0x0600-0x067f] claimed by ICH6 ACPI/GPIO/TCO
[STDERR  ] 2017-06-01T16:55:15.126215Z: [    1.487456] ACPI: PCI Interrupt Link [LNKA] (IRQs 5 *10 11)
[STDERR  ] 2017-06-01T16:55:15.126222655Z: [    1.491043] ACPI: PCI Interrupt Link [LNKB] (IRQs 5 *10 11)
[STDERR  ] 2017-06-01T16:55:15.126227569Z: [    1.493183] ACPI: PCI Interrupt Link [LNKC] (IRQs 5 10 *11)
[STDERR  ] 2017-06-01T16:55:15.12623262Z: [    1.495192] ACPI: PCI Interrupt Link [LNKD] (IRQs 5 10 *11)
[STDERR  ] 2017-06-01T16:55:15.126237686Z: [    1.497169] ACPI: PCI Interrupt Link [LNKE] (IRQs 5 *10 11)
[STDERR  ] 2017-06-01T16:55:15.126242617Z: [    1.499139] ACPI: PCI Interrupt Link [LNKF] (IRQs 5 *10 11)
[STDERR  ] 2017-06-01T16:55:15.12624522Z: [    1.501258] ACPI: PCI Interrupt Link [LNKG] (IRQs 5 10 *11)
[STDERR  ] 2017-06-01T16:55:15.126252614Z: [    1.503232] ACPI: PCI Interrupt Link [LNKH] (IRQs 5 10 *11)
[STDERR  ] 2017-06-01T16:55:15.12625515Z: [    1.504419] ACPI: PCI Interrupt Link [GSIA] (IRQs *16)
[STDERR  ] 2017-06-01T16:55:15.126262632Z: [    1.505313] ACPI: PCI Interrupt Link [GSIB] (IRQs *17)
[STDERR  ] 2017-06-01T16:55:15.126265269Z: [    1.506177] ACPI: PCI Interrupt Link [GSIC] (IRQs *18)
[STDERR  ] 2017-06-01T16:55:15.126272838Z: [    1.507018] ACPI: PCI Interrupt Link [GSID] (IRQs *19)
[STDERR  ] 2017-06-01T16:55:15.126285299Z: [    1.507881] ACPI: PCI Interrupt Link [GSIE] (IRQs *20)
[STDERR  ] 2017-06-01T16:55:15.12628792Z: [    1.508751] ACPI: PCI Interrupt Link [GSIF] (IRQs *21)
[STDERR  ] 2017-06-01T16:55:15.126299354Z: [    1.509599] ACPI: PCI Interrupt Link [GSIG] (IRQs *22)
[STDERR  ] 2017-06-01T16:55:15.126301965Z: [    1.510522] ACPI: PCI Interrupt Link [GSIH] (IRQs *23)
[STDERR  ] 2017-06-01T16:55:15.126309328Z: [    1.514679] ACPI: Enabled 2 GPEs in block 00 to 3F
[STDERR  ] 2017-06-01T16:55:15.126314366Z: [    1.520089] SCSI subsystem initialized
[STDERR  ] 2017-06-01T16:55:15.126321582Z: [    1.523003] pps_core: LinuxPPS API ver. 1 registered
[STDERR  ] 2017-06-01T16:55:15.126329209Z: [    1.523557] pps_core: Software ver. 5.3.6 - Copyright 2005-2007 Rodolfo Giometti <giometti@linux.it>
[STDERR  ] 2017-06-01T16:55:15.126334347Z: [    1.524676] PTP clock support registered
[STDERR  ] 2017-06-01T16:55:15.126343365Z: [    1.526066] wmi: Mapper loaded
[STDERR  ] 2017-06-01T16:55:15.126351843Z: [    1.527520] PCI: Using ACPI for IRQ routing
[STDERR  ] 2017-06-01T16:55:15.126356951Z: [    1.548082] NetLabel: Initializing
[STDERR  ] 2017-06-01T16:55:15.126361911Z: [    1.548624] NetLabel:  domain hash size = 128
[STDERR  ] 2017-06-01T16:55:15.126366885Z: [    1.549046] NetLabel:  protocols = UNLABELED CIPSOv4
[STDERR  ] 2017-06-01T16:55:15.126371837Z: [    1.551554] NetLabel:  unlabeled traffic allowed by default
[STDERR  ] 2017-06-01T16:55:15.126376846Z: [    1.553120] HPET: 3 timers in total, 0 timers will be used for per-cpu timer
[STDERR  ] 2017-06-01T16:55:15.12638185Z: [    1.554241] hpet0: at MMIO 0xfed00000, IRQs 2, 8, 0
[STDERR  ] 2017-06-01T16:55:15.126386914Z: [    1.554865] hpet0: 3 comparators, 64-bit 100.000000 MHz counter
[STDERR  ] 2017-06-01T16:55:15.126391824Z: [    1.560699] clocksource: Switched to clocksource hpet
[STDERR  ] 2017-06-01T16:55:15.126394386Z: [    1.829818] VFS: Disk quotas dquot_6.6.0
[STDERR  ] 2017-06-01T16:55:15.126399285Z: [    1.831402] VFS: Dquot-cache hash table entries: 512 (order 0, 4096 bytes)
[STDERR  ] 2017-06-01T16:55:15.126411382Z: [    1.834579] FS-Cache: Loaded
[STDERR  ] 2017-06-01T16:55:15.126416401Z: [    1.840439] CacheFiles: Loaded
[STDERR  ] 2017-06-01T16:55:15.126421368Z: [    1.842430] pnp: PnP ACPI init
[STDERR  ] 2017-06-01T16:55:15.126426351Z: [    1.855603] pnp: PnP ACPI: found 5 devices
[STDERR  ] 2017-06-01T16:55:15.126431356Z: [    1.902291] clocksource: acpi_pm: mask: 0xffffff max_cycles: 0xffffff, max_idle_ns: 2085701024 ns
[STDERR  ] 2017-06-01T16:55:15.126436362Z: [    1.906020] NET: Registered protocol family 2
[STDERR  ] 2017-06-01T16:55:15.126441296Z: [    1.914009] TCP established hash table entries: 8192 (order: 4, 65536 bytes)
[STDERR  ] 2017-06-01T16:55:15.126446254Z: [    1.915324] TCP bind hash table entries: 8192 (order: 5, 131072 bytes)
[STDERR  ] 2017-06-01T16:55:15.126451225Z: [    1.916779] TCP: Hash tables configured (established 8192 bind 8192)
[STDERR  ] 2017-06-01T16:55:15.12645621Z: [    1.918592] UDP hash table entries: 512 (order: 2, 16384 bytes)
[STDERR  ] 2017-06-01T16:55:15.126458831Z: [    1.919440] UDP-Lite hash table entries: 512 (order: 2, 16384 bytes)
[STDERR  ] 2017-06-01T16:55:15.126466209Z: [    1.922419] NET: Registered protocol family 1
[STDERR  ] 2017-06-01T16:55:15.126471188Z: [    1.926372] RPC: Registered named UNIX socket transport module.
[STDERR  ] 2017-06-01T16:55:15.126473684Z: [    1.927050] RPC: Registered udp transport module.
[STDERR  ] 2017-06-01T16:55:15.12648115Z: [    1.927511] RPC: Registered tcp transport module.
[STDERR  ] 2017-06-01T16:55:15.126483802Z: [    1.927955] RPC: Registered tcp NFSv4.1 backchannel transport module.
[STDERR  ] 2017-06-01T16:55:15.126496199Z: [    1.929127] pci 0000:00:01.0: Video device with shadowed ROM at [mem 0x000c0000-0x000dffff]
[STDERR  ] 2017-06-01T16:55:15.126498736Z: [    1.938043] Unpacking initramfs...
[STDERR  ] 2017-06-01T16:55:15.126506228Z: [    5.983583] Freeing initrd memory: 31984K (ffff9d9bfe094000 - ffff9d9bfffd0000)
[STDERR  ] 2017-06-01T16:55:15.126515724Z: [    6.007213] PCLMULQDQ-NI instructions are not detected.
[STDERR  ] 2017-06-01T16:55:15.126520919Z: [    6.012608] AVX or AES-NI instructions are not detected.
[STDERR  ] 2017-06-01T16:55:15.126525859Z: [    6.013553] CPU feature 'AVX registers' is not supported.
[STDERR  ] 2017-06-01T16:55:15.126530857Z: [    6.014146] CPU feature 'AVX registers' is not supported.
[STDERR  ] 2017-06-01T16:55:15.126533493Z: [    6.014700] CPU feature 'AVX registers' is not supported.
[STDERR  ] 2017-06-01T16:55:15.126538387Z: [    6.015248] CPU feature 'AVX registers' is not supported.
[STDERR  ] 2017-06-01T16:55:15.126545805Z: [    6.015794] AVX2 or AES-NI instructions are not detected.
[STDERR  ] 2017-06-01T16:55:15.126554713Z: [    6.016330] AVX2 instructions are not detected.
[STDERR  ] 2017-06-01T16:55:15.126559588Z: [    6.023723] audit: initializing netlink subsys (disabled)
[STDERR  ] 2017-06-01T16:55:15.126567068Z: [    6.025628] audit: type=2000 audit(1496336088.020:1): initialized
[STDERR  ] 2017-06-01T16:55:15.126572587Z: [    6.033455] workingset: timestamp_bits=46 max_order=18 bucket_order=0
[STDERR  ] 2017-06-01T16:55:15.126577589Z: [    6.038961] FS-Cache: Netfs 'nfs' registered for caching
[STDERR  ] 2017-06-01T16:55:15.126585038Z: [    6.041816] NFS: Registering the id_resolver key type
[STDERR  ] 2017-06-01T16:55:15.12659004Z: [    6.043433] Key type id_resolver registered
[STDERR  ] 2017-06-01T16:55:15.126595038Z: [    6.043896] Key type id_legacy registered
[STDERR  ] 2017-06-01T16:55:15.126599999Z: [    6.044512] nfs4filelayout_init: NFSv4 File Layout Driver Registering...
[STDERR  ] 2017-06-01T16:55:15.126605006Z: [    6.045544] Installing knfsd (copyright (C) 1996 okir@monad.swb.de).
[STDERR  ] 2017-06-01T16:55:15.126610039Z: [    6.049366] FS-Cache: Netfs 'cifs' registered for caching
[STDERR  ] 2017-06-01T16:55:15.126618459Z: [    6.051112] ntfs: driver 2.1.32 [Flags: R/O].
[STDERR  ] 2017-06-01T16:55:15.126623421Z: [    6.051891] fuse init (API version 7.26)
[STDERR  ] 2017-06-01T16:55:15.126628381Z: [    6.054440] SGI XFS with ACLs, security attributes, no debug enabled
[STDERR  ] 2017-06-01T16:55:15.126633351Z: [    6.058840] 9p: Installing v9fs 9p2000 file system support
[STDERR  ] 2017-06-01T16:55:15.126638538Z: [    6.059658] FS-Cache: Netfs '9p' registered for caching
[STDERR  ] 2017-06-01T16:55:15.12664343Z: [    6.090533] NET: Registered protocol family 38
[STDERR  ] 2017-06-01T16:55:15.126646069Z: [    6.091588] Key type asymmetric registered
[STDERR  ] 2017-06-01T16:55:15.126650937Z: [    6.092066] Asymmetric key parser 'x509' registered
[STDERR  ] 2017-06-01T16:55:15.12665839Z: [    6.093232] Block layer SCSI generic (bsg) driver version 0.4 loaded (major 251)
[STDERR  ] 2017-06-01T16:55:15.126661015Z: [    6.095638] io scheduler noop registered
[STDERR  ] 2017-06-01T16:55:15.126665924Z: [    6.096151] io scheduler deadline registered (default)
[STDERR  ] 2017-06-01T16:55:15.126673473Z: [    6.097128] io scheduler cfq registered
[STDERR  ] 2017-06-01T16:55:15.126678398Z: [    6.102043] pci_hotplug: PCI Hot Plug PCI Core version: 0.5
[STDERR  ] 2017-06-01T16:55:15.126681021Z: [    6.103063] pciehp: PCI Express Hot Plug Controller Driver version: 0.4
[STDERR  ] 2017-06-01T16:55:15.126691979Z: [    6.104241] shpchp: Standard Hot Plug PCI Controller Driver version: 0.4
[STDERR  ] 2017-06-01T16:55:15.126696912Z: [    6.105402] hv_vmbus: registering driver hyperv_fb
[STDERR  ] 2017-06-01T16:55:15.12670194Z: [    6.108863] input: Power Button as /devices/LNXSYSTM:00/LNXPWRBN:00/input/input0
[STDERR  ] 2017-06-01T16:55:15.126707052Z: [    6.110971] ACPI: Power Button [PWRF]
[STDERR  ] 2017-06-01T16:55:15.126709557Z: [    6.116155] GHES: HEST is not enabled!
[STDERR  ] 2017-06-01T16:55:15.126717042Z: [    6.128457] ACPI: PCI Interrupt Link [GSIH] enabled at IRQ 23
[STDERR  ] 2017-06-01T16:55:15.126722013Z: [    6.135992] xenfs: not registering filesystem on non-xen platform
[STDERR  ] 2017-06-01T16:55:15.126726992Z: [    6.138671] Serial: 8250/16550 driver, 4 ports, IRQ sharing disabled
[STDERR  ] 2017-06-01T16:55:15.126735194Z: [    6.166279] 00:04: ttyS0 at I/O 0x3f8 (irq = 4, base_baud = 115200) is a 16550A
[STDERR  ] 2017-06-01T16:55:15.126740478Z: [    6.174230] Initializing Nozomi driver 2.1d
[STDERR  ] 2017-06-01T16:55:15.126745502Z: [    6.179464] Non-volatile memory driver v1.3
[STDERR  ] 2017-06-01T16:55:15.126750464Z: [    6.186511] Hangcheck: starting hangcheck timer 0.9.1 (tick is 180 seconds, margin is 60 seconds).
[STDERR  ] 2017-06-01T16:55:15.126755437Z: [    6.225325] loop: module loaded
[STDERR  ] 2017-06-01T16:55:15.126760424Z: [    6.239308] nbd: registered device at major 43
[STDERR  ] 2017-06-01T16:55:15.126765418Z: [    6.279857] lpc_ich 0000:00:1f.0: I/O space for GPIO uninitialized
[STDERR  ] 2017-06-01T16:55:15.126774036Z: [    6.282506] VMware PVSCSI driver - version 1.0.7.0-k
[STDERR  ] 2017-06-01T16:55:15.126779037Z: [    6.283554] hv_vmbus: registering driver hv_storvsc
[STDERR  ] 2017-06-01T16:55:15.126784064Z: [    6.294876] ACPI: PCI Interrupt Link [GSIA] enabled at IRQ 16
[STDERR  ] 2017-06-01T16:55:15.126792455Z: [    6.302423] ahci 0000:00:1f.2: AHCI 0001.0000 32 slots 6 ports 1.5 Gbps 0x3f impl SATA mode
[STDERR  ] 2017-06-01T16:55:15.126797544Z: [    6.303685] ahci 0000:00:1f.2: flags: 64bit ncq only 
[STDERR  ] 2017-06-01T16:55:15.126800141Z: [    6.323915] scsi host0: ahci
[STDERR  ] 2017-06-01T16:55:15.126807545Z: [    6.328203] scsi host1: ahci
[STDERR  ] 2017-06-01T16:55:15.126812555Z: [    6.330923] scsi host2: ahci
[STDERR  ] 2017-06-01T16:55:15.126815026Z: [    6.333175] scsi host3: ahci
[STDERR  ] 2017-06-01T16:55:15.12682253Z: [    6.335449] scsi host4: ahci
[STDERR  ] 2017-06-01T16:55:15.126827664Z: [    6.337687] scsi host5: ahci
[STDERR  ] 2017-06-01T16:55:15.126836157Z: [    6.339578] ata1: SATA max UDMA/133 abar m4096@0xfebf1000 port 0xfebf1100 irq 24
[STDERR  ] 2017-06-01T16:55:15.126841204Z: [    6.340723] ata2: SATA max UDMA/133 abar m4096@0xfebf1000 port 0xfebf1180 irq 24
[STDERR  ] 2017-06-01T16:55:15.126846289Z: [    6.341439] ata3: SATA max UDMA/133 abar m4096@0xfebf1000 port 0xfebf1200 irq 24
[STDERR  ] 2017-06-01T16:55:15.126853188Z: [    6.342143] ata4: SATA max UDMA/133 abar m4096@0xfebf1000 port 0xfebf1280 irq 24
[STDERR  ] 2017-06-01T16:55:15.126860647Z: [    6.342830] ata5: SATA max UDMA/133 abar m4096@0xfebf1000 port 0xfebf1300 irq 24
[STDERR  ] 2017-06-01T16:55:15.126863138Z: [    6.343511] ata6: SATA max UDMA/133 abar m4096@0xfebf1000 port 0xfebf1380 irq 24
[STDERR  ] 2017-06-01T16:55:15.126870606Z: [    6.353521] Ethernet Channel Bonding Driver: v3.7.1 (April 27, 2011)
[STDERR  ] 2017-06-01T16:55:15.126873195Z: [    6.372880] tun: Universal TUN/TAP device driver, 1.6
[STDERR  ] 2017-06-01T16:55:15.126885719Z: [    6.373597] tun: (C) 1999-2004 Max Krasnyansky <maxk@qualcomm.com>
[STDERR  ] 2017-06-01T16:55:15.12688829Z: [    6.375813] ena: Elastic Network Adapter (ENA) v1.0.2
[STDERR  ] 2017-06-01T16:55:15.126895771Z: [    6.377665] e1000: Intel(R) PRO/1000 Network Driver - version 7.3.21-k8-NAPI
[STDERR  ] 2017-06-01T16:55:15.126900781Z: [    6.378394] e1000: Copyright (c) 1999-2006 Intel Corporation.
[STDERR  ] 2017-06-01T16:55:15.126905815Z: [    6.387164] ACPI: PCI Interrupt Link [GSIG] enabled at IRQ 22
[STDERR  ] 2017-06-01T16:55:15.126910843Z: [    6.673335] ata2: SATA link down (SStatus 0 SControl 300)
[STDERR  ] 2017-06-01T16:55:15.126915857Z: [    6.675967] ata1: SATA link down (SStatus 0 SControl 300)
[STDERR  ] 2017-06-01T16:55:15.126920826Z: [    6.684288] ata6: SATA link down (SStatus 0 SControl 300)
[STDERR  ] 2017-06-01T16:55:15.12692582Z: [    6.685229] ata5: SATA link down (SStatus 0 SControl 300)
[STDERR  ] 2017-06-01T16:55:15.126928437Z: [    6.685970] ata4: SATA link down (SStatus 0 SControl 300)
[STDERR  ] 2017-06-01T16:55:15.1269333Z: [    6.686957] ata3: SATA link up 1.5 Gbps (SStatus 113 SControl 300)
[STDERR  ] 2017-06-01T16:55:15.1269409Z: [    6.690970] ata3.00: ATAPI: QEMU DVD-ROM, 2.5+, max UDMA/100
[STDERR  ] 2017-06-01T16:55:15.126943534Z: [    6.691799] ata3.00: applying bridge limits
[STDERR  ] 2017-06-01T16:55:15.126954134Z: [    6.698343] ata3.00: configured for UDMA/100
[STDERR  ] 2017-06-01T16:55:15.126956763Z: [    6.712397] scsi 2:0:0:0: CD-ROM            QEMU     QEMU DVD-ROM     2.5+ PQ: 0 ANSI: 5
[STDERR  ] 2017-06-01T16:55:15.126964368Z: [    6.734002] sr 2:0:0:0: [sr0] scsi3-mmc drive: 4x/4x cd/rw xa/form2 tray
[STDERR  ] 2017-06-01T16:55:15.126966955Z: [    6.735270] cdrom: Uniform CD-ROM driver Revision: 3.20
[STDERR  ] 2017-06-01T16:55:15.126974245Z: [    6.742672] sr 2:0:0:0: Attached scsi generic sg0 type 5
[STDERR  ] 2017-06-01T16:55:15.126982995Z: [    6.764081] e1000 0000:00:02.0 eth0: (PCI:33MHz:32-bit) 52:54:00:12:34:56
[STDERR  ] 2017-06-01T16:55:15.126988118Z: [    6.765275] e1000 0000:00:02.0 eth0: Intel(R) PRO/1000 Network Connection
[STDERR  ] 2017-06-01T16:55:15.126990667Z: [    6.766566] e1000e: Intel(R) PRO/1000 Network Driver - 3.2.6-k
[STDERR  ] 2017-06-01T16:55:15.126998143Z: [    6.767167] e1000e: Copyright(c) 1999 - 2015 Intel Corporation.
[STDERR  ] 2017-06-01T16:55:15.127004138Z: [    6.768223] igb: Intel(R) Gigabit Ethernet Network Driver - version 5.4.0-k
[STDERR  ] 2017-06-01T16:55:15.127011736Z: [    6.768901] igb: Copyright (c) 2007-2014 Intel Corporation.
[STDERR  ] 2017-06-01T16:55:15.127014239Z: [    6.769879] igbvf: Intel(R) Gigabit Virtual Function Network Driver - version 2.4.0-k
[STDERR  ] 2017-06-01T16:55:15.127021959Z: [    6.771112] igbvf: Copyright (c) 2009 - 2012 Intel Corporation.
[STDERR  ] 2017-06-01T16:55:15.127027141Z: [    6.772265] ixgbe: Intel(R) 10 Gigabit PCI Express Network Driver - version 4.4.0-k
[STDERR  ] 2017-06-01T16:55:15.127029852Z: [    6.773030] ixgbe: Copyright (c) 1999-2016 Intel Corporation.
[STDERR  ] 2017-06-01T16:55:15.127037444Z: [    6.774955] ixgbevf: Intel(R) 10 Gigabit PCI Express Virtual Function Network Driver - version 3.2.2-k
[STDERR  ] 2017-06-01T16:55:15.127042485Z: [    6.775877] ixgbevf: Copyright (c) 2009 - 2015 Intel Corporation.
[STDERR  ] 2017-06-01T16:55:15.127049269Z: [    6.777548] ixgb: Intel(R) PRO/10GbE Network Driver - version 1.0.135-k2-NAPI
[STDERR  ] 2017-06-01T16:55:15.127056774Z: [    6.778267] ixgb: Copyright (c) 1999-2008 Intel Corporation.
[STDERR  ] 2017-06-01T16:55:15.127061727Z: [    6.779489] PPP generic driver version 2.4.2
[STDERR  ] 2017-06-01T16:55:15.127069874Z: [    6.781530] PPP BSD Compression module registered
[STDERR  ] 2017-06-01T16:55:15.127074826Z: [    6.782081] PPP Deflate Compression module registered
[STDERR  ] 2017-06-01T16:55:15.127079781Z: [    6.782872] PPP MPPE Compression module registered
[STDERR  ] 2017-06-01T16:55:15.127084697Z: [    6.783384] NET: Registered protocol family 24
[STDERR  ] 2017-06-01T16:55:15.12708968Z: [    6.784180] PPTP driver version 0.8.5
[STDERR  ] 2017-06-01T16:55:15.127092308Z: [    6.785356] VMware vmxnet3 virtual NIC driver - version 1.4.a.0-k-NAPI
[STDERR  ] 2017-06-01T16:55:15.127097266Z: [    6.786539] hv_vmbus: registering driver hv_netvsc
[STDERR  ] 2017-06-01T16:55:15.1271047Z: [    6.787053] Fusion MPT base driver 3.04.20
[STDERR  ] 2017-06-01T16:55:15.127109657Z: [    6.787448] Copyright (c) 1999-2008 LSI Corporation
[STDERR  ] 2017-06-01T16:55:15.127118243Z: [    6.788231] Fusion MPT SPI Host driver 3.04.20
[STDERR  ] 2017-06-01T16:55:15.12712333Z: [    6.794383] aoe: AoE v85 initialised.
[STDERR  ] 2017-06-01T16:55:15.127128404Z: [    6.797285] i8042: PNP: PS/2 Controller [PNP0303:KBD,PNP0f13:MOU] at 0x60,0x64 irq 1,12
[STDERR  ] 2017-06-01T16:55:15.127133506Z: [    6.802343] serio: i8042 KBD port at 0x60,0x64 irq 1
[STDERR  ] 2017-06-01T16:55:15.127138419Z: [    6.803408] serio: i8042 AUX port at 0x60,0x64 irq 12
[STDERR  ] 2017-06-01T16:55:15.127143402Z: [    6.806827] hv_vmbus: registering driver hyperv_keyboard
[STDERR  ] 2017-06-01T16:55:15.1271484Z: [    6.809414] mousedev: PS/2 mouse device common for all mice
[STDERR  ] 2017-06-01T16:55:15.12715344Z: [    6.814973] input: AT Translated Set 2 keyboard as /devices/platform/i8042/serio0/input/input1
[STDERR  ] 2017-06-01T16:55:15.127161889Z: [    6.818300] input: PC Speaker as /devices/platform/pcspkr/input/input2
[STDERR  ] 2017-06-01T16:55:15.127164851Z: [    6.822756] rtc_cmos 00:00: RTC can wake from S4
[STDERR  ] 2017-06-01T16:55:15.127172373Z: [    6.826296] rtc_cmos 00:00: rtc core: registered rtc_cmos as rtc0
[STDERR  ] 2017-06-01T16:55:15.127177396Z: [    6.827856] rtc_cmos 00:00: alarms up to one day, y3k, 114 bytes nvram, hpet irqs
[STDERR  ] 2017-06-01T16:55:15.127182337Z: [    6.828926] i2c /dev entries driver
[STDERR  ] 2017-06-01T16:55:15.127184857Z: [    6.831335] device-mapper: ioctl: 4.35.0-ioctl (2016-06-23) initialised: dm-devel@redhat.com
[STDERR  ] 2017-06-01T16:55:15.127192413Z: [    6.836305] hv_utils: Registering HyperV Utility Driver
[STDERR  ] 2017-06-01T16:55:15.12719735Z: [    6.836894] hv_vmbus: registering driver hv_util
[STDERR  ] 2017-06-01T16:55:15.127202397Z: [    6.837348] hv_vmbus: registering driver hv_balloon
[STDERR  ] 2017-06-01T16:55:15.127207333Z: [    6.838189] oprofile: using NMI interrupt.
[STDERR  ] 2017-06-01T16:55:15.12721257Z: [    6.839571] GACT probability on
[STDERR  ] 2017-06-01T16:55:15.127217652Z: [    6.840591] Mirror/redirect action on
[STDERR  ] 2017-06-01T16:55:15.127225149Z: [    6.841702] Simple TC action Loaded
[STDERR  ] 2017-06-01T16:55:15.12723174Z: [    6.845459] netem: version 1.3
[STDERR  ] 2017-06-01T16:55:15.127236813Z: [    6.845864] u32 classifier
[STDERR  ] 2017-06-01T16:55:15.127241822Z: [    6.846156]     Performance counters on
[STDERR  ] 2017-06-01T16:55:15.127246824Z: [    6.846526]     input device check on
[STDERR  ] 2017-06-01T16:55:15.127251796Z: [    6.846876]     Actions configured
[STDERR  ] 2017-06-01T16:55:15.127256796Z: [    6.847652] Netfilter messages via NETLINK v0.30.
[STDERR  ] 2017-06-01T16:55:15.127261749Z: [    6.848518] nfnl_acct: registering with nfnetlink.
[STDERR  ] 2017-06-01T16:55:15.127266742Z: [    6.850487] nf_conntrack version 0.5.0 (8192 buckets, 32768 max)
[STDERR  ] 2017-06-01T16:55:15.127269425Z: [    6.853873] ctnetlink v0.93: registering with nfnetlink.
[STDERR  ] 2017-06-01T16:55:15.127276796Z: [    6.857379] nf_tables: (c) 2007-2009 Patrick McHardy <kaber@trash.net>
[STDERR  ] 2017-06-01T16:55:15.127279268Z: [    6.858590] nf_tables_compat: (c) 2012 Pablo Neira Ayuso <pablo@netfilter.org>
[STDERR  ] 2017-06-01T16:55:15.127286718Z: [    6.861875] xt_time: kernel timezone is -0000
[STDERR  ] 2017-06-01T16:55:15.127289308Z: [    6.862671] ip_set: protocol 6
[STDERR  ] 2017-06-01T16:55:15.12729413Z: [    6.863496] IPVS: Registered protocols (TCP, UDP, SCTP, AH, ESP)
[STDERR  ] 2017-06-01T16:55:15.127301789Z: [    6.864449] IPVS: Connection hash table configured (size=4096, memory=64Kbytes)
[STDERR  ] 2017-06-01T16:55:15.127306736Z: [    6.866480] IPVS: Creating netns size=2104 id=0
[STDERR  ] 2017-06-01T16:55:15.127309319Z: [    6.869319] IPVS: ipvs loaded.
[STDERR  ] 2017-06-01T16:55:15.127314166Z: [    6.869810] IPVS: [rr] scheduler registered.
[STDERR  ] 2017-06-01T16:55:15.127321573Z: [    6.871034] IPVS: [wrr] scheduler registered.
[STDERR  ] 2017-06-01T16:55:15.127326463Z: [    6.871491] IPVS: [lc] scheduler registered.
[STDERR  ] 2017-06-01T16:55:15.127331462Z: [    6.871936] IPVS: [wlc] scheduler registered.
[STDERR  ] 2017-06-01T16:55:15.127340461Z: [    6.872354] IPVS: [fo] scheduler registered.
[STDERR  ] 2017-06-01T16:55:15.127345373Z: [    6.872776] IPVS: [ovf] scheduler registered.
[STDERR  ] 2017-06-01T16:55:15.127354165Z: [    6.873466] IPVS: [lblc] scheduler registered.
[STDERR  ] 2017-06-01T16:55:15.12735927Z: [    6.874074] IPVS: [lblcr] scheduler registered.
[STDERR  ] 2017-06-01T16:55:15.1273643Z: [    6.874539] IPVS: [dh] scheduler registered.
[STDERR  ] 2017-06-01T16:55:15.127366897Z: [    6.874965] IPVS: [sh] scheduler registered.
[STDERR  ] 2017-06-01T16:55:15.127374252Z: [    6.875372] IPVS: [sed] scheduler registered.
[STDERR  ] 2017-06-01T16:55:15.127379179Z: [    6.875800] IPVS: [nq] scheduler registered.
[STDERR  ] 2017-06-01T16:55:15.127381657Z: [    6.876693] IPVS: ftp: loaded support on port[0] = 21
[STDERR  ] 2017-06-01T16:55:15.127391739Z: [    6.877803] ipip: IPv4 and MPLS over IPv4 tunneling driver
[STDERR  ] 2017-06-01T16:55:15.127400764Z: [    6.882834] gre: GRE over IPv4 demultiplexor driver
[STDERR  ] 2017-06-01T16:55:15.127405828Z: [    6.883395] ip_gre: GRE over IPv4 tunneling driver
[STDERR  ] 2017-06-01T16:55:15.127410754Z: [    6.889410] IPv4 over IPsec tunneling driver
[STDERR  ] 2017-06-01T16:55:15.127415748Z: [    6.895868] ip_tables: (C) 2000-2006 Netfilter Core Team
[STDERR  ] 2017-06-01T16:55:15.127420701Z: [    6.899628] ipt_CLUSTERIP: ClusterIP Version 0.8 loaded successfully
[STDERR  ] 2017-06-01T16:55:15.127425755Z: [    6.901350] arp_tables: arp_tables: (C) 2002 David S. Miller
[STDERR  ] 2017-06-01T16:55:15.127428342Z: [    6.903589] Initializing XFRM netlink socket
[STDERR  ] 2017-06-01T16:55:15.127435606Z: [    6.904964] NET: Registered protocol family 10
[STDERR  ] 2017-06-01T16:55:15.127438136Z: [    6.917384] mip6: Mobile IPv6
[STDERR  ] 2017-06-01T16:55:15.127449002Z: [    6.918840] ip6_tables: (C) 2000-2006 Netfilter Core Team
[STDERR  ] 2017-06-01T16:55:15.127454959Z: [    6.927344] sit: IPv6, IPv4 and MPLS over IPv4 tunneling driver
[STDERR  ] 2017-06-01T16:55:15.127462369Z: [    6.935372] ip6_gre: GRE over IPv6 tunneling driver
[STDERR  ] 2017-06-01T16:55:15.127467377Z: [    6.939359] NET: Registered protocol family 17
[STDERR  ] 2017-06-01T16:55:15.127469847Z: [    6.940768] NET: Registered protocol family 15
[STDERR  ] 2017-06-01T16:55:15.12747733Z: [    6.942019] Bridge firewalling registered
[STDERR  ] 2017-06-01T16:55:15.12748238Z: [    6.942788] Ebtables v2.0 registered
[STDERR  ] 2017-06-01T16:55:15.127487392Z: [    6.946212] l2tp_core: L2TP core driver, V2.0
[STDERR  ] 2017-06-01T16:55:15.127492322Z: [    6.946951] l2tp_ppp: PPPoL2TP kernel driver, V2.0
[STDERR  ] 2017-06-01T16:55:15.127497284Z: [    6.947450] 8021q: 802.1Q VLAN Support v1.8
[STDERR  ] 2017-06-01T16:55:15.127502295Z: [    6.949128] 9pnet: Installing 9P2000 support
[STDERR  ] 2017-06-01T16:55:15.127507298Z: [    6.950675] Key type dns_resolver registered
[STDERR  ] 2017-06-01T16:55:15.127512245Z: [    6.951199] openvswitch: Open vSwitch switching datapath
[STDERR  ] 2017-06-01T16:55:15.127517243Z: [    6.953549] mpls_gso: MPLS GSO support
[STDERR  ] 2017-06-01T16:55:15.127522169Z: [    6.954373] microcode: AMD CPU family 0x6 not supported
[STDERR  ] 2017-06-01T16:55:15.127527168Z: [    6.958289] registered taskstats version 1
[STDERR  ] 2017-06-01T16:55:15.127536165Z: [    7.041829] tsc: Refined TSC clocksource calibration: 2599.936 MHz
[STDERR  ] 2017-06-01T16:55:15.127541361Z: [    7.042951] clocksource: tsc: mask: 0xffffffffffffffff max_cycles: 0x2579ffd8669, max_idle_ns: 440795304462 ns
[STDERR  ] 2017-06-01T16:55:15.127546331Z: [    7.161251] Key type big_key registered
[STDERR  ] 2017-06-01T16:55:15.127551384Z: [    7.225297] Key type encrypted registered
[STDERR  ] 2017-06-01T16:55:15.127556432Z: [    7.231160] rtc_cmos 00:00: setting system clock to 2017-06-01 16:54:50 UTC (1496336090)
[STDERR  ] 2017-06-01T16:55:15.127559145Z: [    7.382698] Freeing unused kernel memory: 1456K (ffffffffbef90000 - ffffffffbf0fc000)
[STDERR  ] 2017-06-01T16:55:15.127566582Z: [    7.383985] Write protecting the kernel read-only data: 14336k
[STDERR  ] 2017-06-01T16:55:15.127573045Z: [    7.395164] Freeing unused kernel memory: 816K (ffff9d9bde934000 - ffff9d9bdea00000)
[STDERR  ] 2017-06-01T16:55:15.127580684Z: [    7.463109] Freeing unused kernel memory: 1012K (ffff9d9bded03000 - ffff9d9bdee00000)
[STDERR  ] 2017-06-01T16:55:15.127887031Z: [    8.061231] clocksource: Switched to clocksource tsc
[STDERR  ] 2017-06-01T16:55:15.127895895Z: 
[STDERR  ] 2017-06-01T16:55:15.127901157Z: Welcome to LinuxKit
[STDERR  ] 2017-06-01T16:55:15.127906437Z: 
[STDERR  ] 2017-06-01T16:55:15.12791203Z:                         ##         .
[STDERR  ] 2017-06-01T16:55:15.12791754Z:                   ## ## ##        ==
[STDERR  ] 2017-06-01T16:55:15.127920948Z:                ## ## ## ## ##    ===
[STDERR  ] 2017-06-01T16:55:15.127945411Z:            /"""""""""""""""""\___/ ===
[STDERR  ] 2017-06-01T16:55:15.127948026Z:       ~~~ {~~ ~~~~ ~~~ ~~~~ ~~~ ~ /  ===- ~~~
[STDERR  ] 2017-06-01T16:55:15.127961427Z:            \______ o           __/
[STDERR  ] 2017-06-01T16:55:15.12796408Z:              \    \         __/
[STDERR  ] 2017-06-01T16:55:15.12796908Z:               \____\_______/
[STDERR  ] 2017-06-01T16:55:15.127976691Z: 
[STDERR  ] 2017-06-01T16:55:15.127981673Z: 
[STDERR  ] 2017-06-01T16:55:15.127986836Z: 
[STDERR  ] 2017-06-01T16:55:15.127992051Z: Starting containerd
[STDERR  ] 2017-06-01T16:55:15.128008075Z: / # [6n[34mINFO[0m[0000] starting containerd boot...                   [34mmodule[0m=containerd
[STDERR  ] 2017-06-01T16:55:15.12801926Z: [34mINFO[0m[0000] starting debug API...                         [34mdebug[0m="/run/containerd/debug.sock" [34mmodule[0m=containerd
[STDERR  ] 2017-06-01T16:55:15.128024554Z: [34mINFO[0m[0000] loading monitor plugin "cgroups"...           [34mmodule[0m=containerd
[STDERR  ] 2017-06-01T16:55:15.128027376Z: [34mINFO[0m[0000] loading runtime plugin "linux"...             [34mmodule[0m=containerd
[STDERR  ] 2017-06-01T16:55:15.128038851Z: [34mINFO[0m[0000] loading snapshot plugin "snapshot-overlay"...  [34mmodule[0m=containerd
[STDERR  ] 2017-06-01T16:55:15.128041459Z: [34mINFO[0m[0000] loading grpc service plugin "snapshots-grpc"...  [34mmodule[0m=containerd
[STDERR  ] 2017-06-01T16:55:15.128049162Z: [34mINFO[0m[0000] loading grpc service plugin "version-grpc"...  [34mmodule[0m=containerd
[STDERR  ] 2017-06-01T16:55:15.128051806Z: [34mINFO[0m[0000] loading grpc service plugin "containers-grpc"...  [34mmodule[0m=containerd
[STDERR  ] 2017-06-01T16:55:15.128056801Z: [34mINFO[0m[0000] loading grpc service plugin "content-grpc"...  [34mmodule[0m=containerd
[STDERR  ] 2017-06-01T16:55:15.128064232Z: [34mINFO[0m[0000] loading grpc service plugin "diff-grpc"...    [34mmodule[0m=containerd
[STDERR  ] 2017-06-01T16:55:15.128069316Z: [34mINFO[0m[0000] loading grpc service plugin "healthcheck-grpc"...  [34mmodule[0m=containerd
[STDERR  ] 2017-06-01T16:55:15.128074428Z: [34mINFO[0m[0000] loading grpc service plugin "tasks-grpc"...   [34mmodule[0m=containerd
[STDERR  ] 2017-06-01T16:55:15.128087727Z: [34mINFO[0m[0000] loading grpc service plugin "images-grpc"...  [34mmodule[0m=containerd[   14.010601] random: fast init done
[STDERR  ] 2017-06-01T16:55:15.128092978Z: 
[STDERR  ] 2017-06-01T16:55:15.128097992Z: [34mINFO[0m[0000] loading grpc service plugin "metrics-grpc"...  [34mmodule[0m=containerd
[STDERR  ] 2017-06-01T16:55:15.128100774Z: [34mINFO[0m[0000] starting GRPC API server...                   [34mmodule[0m=containerd
[STDERR  ] 2017-06-01T16:55:15.12810586Z: [34mINFO[0m[0000] starting metrics API...                       [34mmetrics[0m=":13337" [34mmodule[0m=containerd
[STDERR  ] 2017-06-01T16:55:15.128114383Z: [34mINFO[0m[0000] containerd successfully booted in 0.384186s   [34mmodule[0m=containerd
[STDERR  ] 2017-06-01T16:55:15.12811962Z: [   16.802990] IPv6: ADDRCONF(NETDEV_UP): eth0: link is not ready
[STDERR  ] 2017-06-01T16:55:15.128124931Z: [   16.804389] 8021q: adding VLAN 0 to HW filter on device eth0
[STDERR  ] 2017-06-01T16:55:15.128130465Z: eth0: waiting for carrier
[STDERR  ] 2017-06-01T16:55:15.128135519Z: [   16.812622] e1000: eth0 NIC Link is Up 1000 Mbps Full Duplex, Flow Control: RX
[STDERR  ] 2017-06-01T16:55:15.128140567Z: [   16.816504] IPv6: ADDRCONF(NETDEV_CHANGE): eth0: link becomes ready
[STDERR  ] 2017-06-01T16:55:15.128145648Z: eth0: carrier acquired
[STDERR  ] 2017-06-01T16:55:15.128158856Z: DUID 00:01:00:01:20:c3:03:63:52:54:00:12:34:56
[STDERR  ] 2017-06-01T16:55:15.128166469Z: eth0: IAID 00:12:34:56
[STDERR  ] 2017-06-01T16:55:15.128172996Z: eth0: adding address fe80::f30c:c195:6da1:6dcd
[STDERR  ] 2017-06-01T16:55:15.128180001Z: eth0: soliciting an IPv6 router
[STDERR  ] 2017-06-01T16:55:15.12818708Z: eth0: soliciting a DHCP lease
[STDERR  ] 2017-06-01T16:55:15.128194077Z: eth0: offered 10.0.2.15 from 10.0.2.2
[STDERR  ] 2017-06-01T16:55:15.128206282Z: eth0: leased 10.0.2.15 for 86400 seconds
[STDERR  ] 2017-06-01T16:55:15.128214285Z: eth0: adding route to 10.0.2.0/24
[STDERR  ] 2017-06-01T16:55:15.128222053Z: eth0: adding default route via 10.0.2.2
[STDERR  ] 2017-06-01T16:55:15.128239147Z: exiting due to oneshot
[STDERR  ] 2017-06-01T16:55:15.128244775Z: dhcpcd exited
[STDERR  ] 2017-06-01T16:55:15.128250119Z:  - 000-dhcpcd
[STDERR  ] 2017-06-01T16:55:15.128252649Z: dhcpcd test suite PASSED
[STDERR  ] 2017-06-01T16:55:15.12826002Z:  - 001-test
[STDERR  ] 2017-06-01T16:55:15.128262433Z: [   31.031593] ACPI: Preparing to enter system sleep state S5
[STDERR  ] 2017-06-01T16:55:15.128269819Z: [   31.033384] reboot: Power down
[STDERR  ] 2017-06-01T16:55:15.128274659Z: echo "${RESULT}"
[STDERR  ] 2017-06-01T16:55:15.128280366Z: + echo [    0.000000] Linux version 4.9.30-linuxkit (root@84baa8e89c00) (gcc version 6.2.1 20160822 (Alpine 6.2.1) ) #1 SMP Tue May 30 11:40:28 UTC 2017
[STDERR  ] 2017-06-01T16:55:15.12829505Z: [    0.000000] Command line: console=ttyS0 page_poison=1
[STDERR  ] 2017-06-01T16:55:15.128301172Z: [    0.000000] x86/fpu: Legacy x87 FPU detected.
[STDERR  ] 2017-06-01T16:55:15.12831599Z: [    0.000000] x86/fpu: Using 'eager' FPU context switches.
[STDERR  ] 2017-06-01T16:55:15.128321171Z: [    0.000000] e820: BIOS-provided physical RAM map:
[STDERR  ] 2017-06-01T16:55:15.128326221Z: [    0.000000] BIOS-e820: [mem 0x0000000000000000-0x000000000009fbff] usable
[STDERR  ] 2017-06-01T16:55:15.128331276Z: [    0.000000] BIOS-e820: [mem 0x000000000009fc00-0x000000000009ffff] reserved
[STDERR  ] 2017-06-01T16:55:15.128340223Z: [    0.000000] BIOS-e820: [mem 0x00000000000f0000-0x00000000000fffff] reserved
[STDERR  ] 2017-06-01T16:55:15.12834269Z: [    0.000000] BIOS-e820: [mem 0x0000000000100000-0x000000003ffdefff] usable
[STDERR  ] 2017-06-01T16:55:15.128350123Z: [    0.000000] BIOS-e820: [mem 0x000000003ffdf000-0x000000003fffffff] reserved
[STDERR  ] 2017-06-01T16:55:15.128355065Z: [    0.000000] BIOS-e820: [mem 0x00000000b0000000-0x00000000bfffffff] reserved
[STDERR  ] 2017-06-01T16:55:15.128359995Z: [    0.000000] BIOS-e820: [mem 0x00000000fed1c000-0x00000000fed1ffff] reserved
[STDERR  ] 2017-06-01T16:55:15.128364841Z: [    0.000000] BIOS-e820: [mem 0x00000000fffc0000-0x00000000ffffffff] reserved
[STDERR  ] 2017-06-01T16:55:15.128368004Z: [    0.000000] NX (Execute Disable) protection: active
[STDERR  ] 2017-06-01T16:55:15.128392258Z: [    0.000000] SMBIOS 2.8 present.
[STDERR  ] 2017-06-01T16:55:15.128395615Z: [    0.000000] e820: last_pfn = 0x3ffdf max_arch_pfn = 0x400000000
[STDERR  ] 2017-06-01T16:55:15.128405566Z: [    0.000000] x86/PAT: Configuration [0-7]: WB  WC  UC- UC  WB  WC  UC- WT  
[STDERR  ] 2017-06-01T16:55:15.128409027Z: [    0.000000] found SMP MP-table at [mem 0x000f6aa0-0x000f6aaf] mapped at [ffff9d9bc00f6aa0]
[STDERR  ] 2017-06-01T16:55:15.128420566Z: [    0.000000] RAMDISK: [mem 0x3e094000-0x3ffcffff]
[STDERR  ] 2017-06-01T16:55:15.128431224Z: [    0.000000] ACPI: Early table checksum verification disabled
[STDERR  ] 2017-06-01T16:55:15.128441087Z: [    0.000000] ACPI: RSDP 0x00000000000F68C0 000014 (v00 BOCHS )
[STDERR  ] 2017-06-01T16:55:15.128447746Z: [    0.000000] ACPI: RSDT 0x000000003FFE2404 000034 (v01 BOCHS  BXPCRSDT 00000001 BXPC 00000001)
[STDERR  ] 2017-06-01T16:55:15.128454686Z: [    0.000000] ACPI: FACP 0x000000003FFE22A4 000074 (v01 BOCHS  BXPCFACP 00000001 BXPC 00000001)
[STDERR  ] 2017-06-01T16:55:15.128467263Z: [    0.000000] ACPI: DSDT 0x000000003FFE0040 002264 (v01 BOCHS  BXPCDSDT 00000001 BXPC 00000001)
[STDERR  ] 2017-06-01T16:55:15.128478572Z: [    0.000000] ACPI: FACS 0x000000003FFE0000 000040
[STDERR  ] 2017-06-01T16:55:15.128482204Z: [    0.000000] ACPI: APIC 0x000000003FFE2318 000078 (v01 BOCHS  BXPCAPIC 00000001 BXPC 00000001)
[STDERR  ] 2017-06-01T16:55:15.128493021Z: [    0.000000] ACPI: HPET 0x000000003FFE2390 000038 (v01 BOCHS  BXPCHPET 00000001 BXPC 00000001)
[STDERR  ] 2017-06-01T16:55:15.12850023Z: [    0.000000] ACPI: MCFG 0x000000003FFE23C8 00003C (v01 BOCHS  BXPCMCFG 00000001 BXPC 00000001)
[STDERR  ] 2017-06-01T16:55:15.128513558Z: [    0.000000] Zone ranges:
[STDERR  ] 2017-06-01T16:55:15.128521194Z: [    0.000000]   DMA      [mem 0x0000000000001000-0x0000000000ffffff]
[STDERR  ] 2017-06-01T16:55:15.128529007Z: [    0.000000]   DMA32    [mem 0x0000000001000000-0x000000003ffdefff]
[STDERR  ] 2017-06-01T16:55:15.128553605Z: [    0.000000]   Normal   empty
[STDERR  ] 2017-06-01T16:55:15.128559351Z: [    0.000000] Movable zone start for each node
[STDERR  ] 2017-06-01T16:55:15.128564816Z: [    0.000000] Early memory node ranges
[STDERR  ] 2017-06-01T16:55:15.128569679Z: [    0.000000]   node   0: [mem 0x0000000000001000-0x000000000009efff]
[STDERR  ] 2017-06-01T16:55:15.128574502Z: [    0.000000]   node   0: [mem 0x0000000000100000-0x000000003ffdefff]
[STDERR  ] 2017-06-01T16:55:15.128579383Z: [    0.000000] Initmem setup node 0 [mem 0x0000000000001000-0x000000003ffdefff]
[STDERR  ] 2017-06-01T16:55:15.128584398Z: [    0.000000] ACPI: PM-Timer IO Port: 0x608
[STDERR  ] 2017-06-01T16:55:15.128594319Z: [    0.000000] ACPI: LAPIC_NMI (acpi_id[0xff] dfl dfl lint[0x1])
[STDERR  ] 2017-06-01T16:55:15.128597159Z: [    0.000000] IOAPIC[0]: apic_id 0, version 32, address 0xfec00000, GSI 0-23
[STDERR  ] 2017-06-01T16:55:15.128602033Z: [    0.000000] ACPI: INT_SRC_OVR (bus 0 bus_irq 0 global_irq 2 dfl dfl)
[STDOUT  ] 2017-06-01T16:55:15.128546866Z: [   31.033384] reboot: Power down
[STDERR  ] 2017-06-01T16:55:15.128622113Z: [    0.000000] ACPI: INT_SRC_OVR (bus 0 bus_irq 5 global_irq 5 high level)
[STDERR  ] 2017-06-01T16:55:15.128629697Z: [    0.000000] ACPI: INT_SRC_OVR (bus 0 bus_irq 9 global_irq 9 high level)
[STDERR  ] 2017-06-01T16:55:15.12863893Z: [    0.000000] ACPI: INT_SRC_OVR (bus 0 bus_irq 10 global_irq 10 high level)
[STDERR  ] 2017-06-01T16:55:15.128646477Z: [    0.000000] ACPI: INT_SRC_OVR (bus 0 bus_irq 11 global_irq 11 high level)
[STDERR  ] 2017-06-01T16:55:15.128651635Z: [    0.000000] Using ACPI (MADT) for SMP configuration information
[STDERR  ] 2017-06-01T16:55:15.128656697Z: [    0.000000] ACPI: HPET id: 0x8086a201 base: 0xfed00000
[STDERR  ] 2017-06-01T16:55:15.128661908Z: [    0.000000] smpboot: Allowing 1 CPUs, 0 hotplug CPUs
[STDERR  ] 2017-06-01T16:55:15.128664489Z: [    0.000000] e820: [mem 0x40000000-0xafffffff] available for PCI devices
[STDERR  ] 2017-06-01T16:55:15.128669643Z: [    0.000000] Booting paravirtualized kernel on bare hardware
[STDERR  ] 2017-06-01T16:55:15.128677551Z: [    0.000000] clocksource: refined-jiffies: mask: 0xffffffff max_cycles: 0xffffffff, max_idle_ns: 19112604462750000 ns
