[INFO    ] 2019-01-27T22:34:00.803582729Z: Running Test linuxkit.kernel.config_4.20.x in /tmp/build/test/cases/020_kernel/006_config_4.20.x
[STDERR  ] 2019-01-27T22:34:00.803643844Z: [    1.290957] futex hash table entries: 256 (order: 2, 16384 bytes)
[STDERR  ] 2019-01-27T22:34:00.803661081Z: [    1.293159] NET: Registered protocol family 16
[STDERR  ] 2019-01-27T22:34:00.803673407Z: [    1.294100] audit: initializing netlink subsys (disabled)
[STDERR  ] 2019-01-27T22:34:00.803685854Z: [    1.295017] audit: type=2000 audit(1548628432.335:1): state=initialized audit_enabled=0 res=1
[STDERR  ] 2019-01-27T22:34:00.803698817Z: [    1.296041] cpuidle: using governor ladder
[STDERR  ] 2019-01-27T22:34:00.803711201Z: [    1.296950] cpuidle: using governor menu
[STDERR  ] 2019-01-27T22:34:00.803724026Z: [    1.298080] ACPI: bus type PCI registered
[STDERR  ] 2019-01-27T22:34:00.803741315Z: [    1.299432] PCI: MMCONFIG for domain 0000 [bus 00-ff] at [mem 0xb0000000-0xbfffffff
[INFO    ] 2019-01-27T22:34:00.803762462Z: Running command: [/bin/sh -x /tmp/build/test/cases/020_kernel/006_config_4.20.x/test.sh]
[STDERR  ] 2019-01-27T22:34:00.804438262Z: + set -e
[STDERR  ] 2019-01-27T22:34:00.804500444Z: + . /tmp/build/test/cases/_lib/lib.sh
[STDERR  ] 2019-01-27T22:34:00.804514227Z: + [ -f src/github.com/linuxkit/rtf/lib/lib.sh ]
[STDERR  ] 2019-01-27T22:34:00.804526787Z: + LINUXKIT_TMPDIR=/tmp/build/test/cases/_tmp
[STDERR  ] 2019-01-27T22:34:00.804541087Z: + [ -f /tmp/build/test/cases/_tmp/env.sh ]
[STDERR  ] 2019-01-27T22:34:00.804554012Z: + . /tmp/build/test/cases/_tmp/env.sh
[STDERR  ] 2019-01-27T22:34:00.804567008Z: + export LINUXKIT_EXAMPLES_DIR=/tmp/build/test/cases/../../examples
[STDERR  ] 2019-01-27T22:34:00.804580630Z: + RT_CANCEL=253
[STDERR  ] 2019-01-27T22:34:00.804592883Z: + NAME=kconfig
[STDERR  ] 2019-01-27T22:34:00.804607405Z: + trap clean_up EXIT
[STDERR  ] 2019-01-27T22:34:00.804621161Z: + linuxkit build -format kernel+initrd -name kconfig test.yml
[STDERR  ] 2019-01-27T22:34:00.843982435Z: Extract kernel image: linuxkit/kernel:4.20.4
[STDERR  ] 2019-01-27T22:34:02.137387441Z: Pull image: docker.io/linuxkit/kernel:4.20.4@sha256:d96e1dcc50106d3f43de0cdf27bcab46bd5f3baabd8292a7a2c4aff3a0de00b4
[STDERR  ] 2019-01-27T22:34:09.141632158Z: Add init containers:
[STDERR  ] 2019-01-27T22:34:09.141733924Z: Process init image: linuxkit/init:e0dced91adbfba34c53cd673760e011f410638ff
[STDERR  ] 2019-01-27T22:34:10.338051682Z: Process init image: linuxkit/runc:b87c49e73eb14ba73d23eabf75423e987a043209
[STDERR  ] 2019-01-27T22:34:11.476656126Z: Add onboot containers:
[STDERR  ] 2019-01-27T22:34:11.476739825Z:   Create OCI config for linuxkit/test-kernel-config:1aaef970b5f70791d74d6f980ad38af4035948f8
[STDERR  ] 2019-01-27T22:34:12.798568437Z:   Create OCI config for linuxkit/poweroff:afe8f7dd0d47a7991c54519b0f09124cb8c4e300
[STDERR  ] 2019-01-27T22:34:13.954959151Z: Create outputs:
[STDERR  ] 2019-01-27T22:34:19.350021970Z:   kconfig-kernel kconfig-initrd.img kconfig-cmdline
[STDERR  ] 2019-01-27T22:34:19.418909311Z: + linuxkit run kconfig
[STDERR  ] 2019-01-27T22:34:29.049204594Z: + RESULT=[    0.000000] Linux version 4.20.4-linuxkit (root@e27d8cedc6fd) (gcc version 6.4.0 (Alpine 6.4.0)) #1 SMP Fri Jan 25 20:26:30 UTC 2019
[STDERR  ] 2019-01-27T22:34:29.049293407Z: [    0.000000] Command line: console=ttyS0 console=ttyAMA0
[STDERR  ] 2019-01-27T22:34:29.049310963Z: [    0.000000] x86/fpu: x87 FPU will use FXSAVE
[STDERR  ] 2019-01-27T22:34:29.049324898Z: [    0.000000] BIOS-provided physical RAM map:
[STDERR  ] 2019-01-27T22:34:29.049347967Z: [    0.000000] BIOS-e820: [mem 0x0000000000000000-0x000000000009fbff] usable
[STDERR  ] 2019-01-27T22:34:29.049361262Z: [    0.000000] BIOS-e820: [mem 0x000000000009fc00-0x000000000009ffff] reserved
[STDERR  ] 2019-01-27T22:34:29.049382264Z: [    0.000000] BIOS-e820: [mem 0x00000000000f0000-0x00000000000fffff] reserved
[STDERR  ] 2019-01-27T22:34:29.049396283Z: [    0.000000] BIOS-e820: [mem 0x0000000000100000-0x000000003ffdefff] usable
[STDERR  ] 2019-01-27T22:34:29.049413137Z: [    0.000000] BIOS-e820: [mem 0x000000003ffdf000-0x000000003fffffff] reserved
[STDERR  ] 2019-01-27T22:34:29.049442479Z: [    0.000000] BIOS-e820: [mem 0x00000000b0000000-0x00000000bfffffff] reserved
[STDERR  ] 2019-01-27T22:34:29.049457010Z: [    0.000000] BIOS-e820: [mem 0x00000000fed1c000-0x00000000fed1ffff] reserved
[STDERR  ] 2019-01-27T22:34:29.049471140Z: [    0.000000] BIOS-e820: [mem 0x00000000feffc000-0x00000000feffffff] reserved
[STDERR  ] 2019-01-27T22:34:29.049499299Z: [    0.000000] BIOS-e820: [mem 0x00000000fffc0000-0x00000000ffffffff] reserved
[STDERR  ] 2019-01-27T22:34:29.049512175Z: [    0.000000] NX (Execute Disable) protection: active
[STDERR  ] 2019-01-27T22:34:29.049522400Z: [    0.000000] SMBIOS 2.8 present.
[STDERR  ] 2019-01-27T22:34:29.049531978Z: [    0.000000] DMI: QEMU Standard PC (Q35 + ICH9, 2009), BIOS 1.10.2-1 04/01/2014
[STDERR  ] 2019-01-27T22:34:29.049541278Z: [    0.000000] Hypervisor detected: KVM
[STDERR  ] 2019-01-27T22:34:29.049550021Z: [    0.000000] kvm-clock: Using msrs 4b564d01 and 4b564d00
[STDERR  ] 2019-01-27T22:34:29.049558635Z: [    0.581419] kvm-clock: cpu 0, msr 388d0001, primary cpu clock
[STDERR  ] 2019-01-27T22:34:29.049566510Z: [    0.581420] clocksource: kvm-clock: mask: 0xffffffffffffffff max_cycles: 0x1cd42e4dffb, max_idle_ns: 881590591483 ns
[STDERR  ] 2019-01-27T22:34:29.049577525Z: [    0.581423] tsc: Detected 2299.914 MHz processor
[STDERR  ] 2019-01-27T22:34:29.049585718Z: [    0.584810] last_pfn = 0x3ffdf max_arch_pfn = 0x400000000
[STDERR  ] 2019-01-27T22:34:29.049595959Z: [    0.585492] x86/PAT: PAT not supported by CPU.
[STDERR  ] 2019-01-27T22:34:29.049604138Z: [    0.585546] x86/PAT: Configuration [0-7]: WB  WT  UC- UC  WB  WT  UC- UC  
[STDERR  ] 2019-01-27T22:34:29.049611812Z: [    0.590901] found SMP MP-table at [mem 0x000f6a90-0x000f6a9f] mapped at [(____ptrval____)]
[STDERR  ] 2019-01-27T22:34:29.049620589Z: [    0.591203] RAMDISK: [mem 0x3e399000-0x3ffcffff]
[STDERR  ] 2019-01-27T22:34:29.049628730Z: [    0.591437] ACPI: Early table checksum verification disabled
[STDERR  ] 2019-01-27T22:34:29.049636852Z: [    0.591580] ACPI: RSDP 0x00000000000F68D0 000014 (v00 BOCHS )
[STDERR  ] 2019-01-27T22:34:29.049644917Z: [    0.591588] ACPI: RSDT 0x000000003FFE2404 000034 (v01 BOCHS  BXPCRSDT 00000001 BXPC 00000001)
[STDERR  ] 2019-01-27T22:34:29.049653116Z: [    0.591594] ACPI: FACP 0x000000003FFE22A4 000074 (v01 BOCHS  BXPCFACP 00000001 BXPC 00000001)
[STDERR  ] 2019-01-27T22:34:29.049661509Z: [    0.591599] ACPI: DSDT 0x000000003FFE0040 002264 (v01 BOCHS  BXPCDSDT 00000001 BXPC 00000001)
[STDERR  ] 2019-01-27T22:34:29.049695032Z: [    0.591602] ACPI: FACS 0x000000003FFE0000 000040
[STDERR  ] 2019-01-27T22:34:29.049708180Z: [    0.591605] ACPI: APIC 0x000000003FFE2318 000078 (v01 BOCHS  BXPCAPIC 00000001 BXPC 00000001)
[STDERR  ] 2019-01-27T22:34:29.049720065Z: [    0.591608] ACPI: HPET 0x000000003FFE2390 000038 (v01 BOCHS  BXPCHPET 00000001 BXPC 00000001)
[STDERR  ] 2019-01-27T22:34:29.049728587Z: [    0.591610] ACPI: MCFG 0x000000003FFE23C8 00003C (v01 BOCHS  BXPCMCFG 00000001 BXPC 00000001)
[STDERR  ] 2019-01-27T22:34:29.049739760Z: [    0.591782] Zone ranges:
[STDERR  ] 2019-01-27T22:34:29.049747677Z: [    0.591784]   DMA      [mem 0x0000000000001000-0x0000000000ffffff]
[STDERR  ] 2019-01-27T22:34:29.049755413Z: [    0.591785]   DMA32    [mem 0x0000000001000000-0x000000003ffdefff]
[STDERR  ] 2019-01-27T22:34:29.049763136Z: [    0.591787]   Normal   empty
[STDERR  ] 2019-01-27T22:34:29.049771023Z: [    0.591788]   Device   empty
[STDERR  ] 2019-01-27T22:34:29.049779127Z: [    0.591789] Movable zone start for each node
[STDERR  ] 2019-01-27T22:34:29.049787430Z: [    0.591790] Early memory node ranges
[STDERR  ] 2019-01-27T22:34:29.049794872Z: [    0.591791]   node   0: [mem 0x0000000000001000-0x000000000009efff]
[STDERR  ] 2019-01-27T22:34:29.049805919Z: [    0.591793]   node   0: [mem 0x0000000000100000-0x000000003ffdefff]
[STDERR  ] 2019-01-27T22:34:29.049813523Z: [    0.592372] Zeroed struct page in unavailable ranges: 98 pages
[STDERR  ] 2019-01-27T22:34:29.049821359Z: [    0.592374] Initmem setup node 0 [mem 0x0000000000001000-0x000000003ffdefff]
[STDERR  ] 2019-01-27T22:34:29.049833499Z: [    0.605250] ACPI: PM-Timer IO Port: 0x608
[STDERR  ] 2019-01-27T22:34:29.049845500Z: [    0.605307] ACPI: LAPIC_NMI (acpi_id[0xff] dfl dfl lint[0x1])
[STDERR  ] 2019-01-27T22:34:29.049853421Z: [    0.605557] IOAPIC[0]: apic_id 0, version 17, address 0xfec00000, GSI 0-23
[STDERR  ] 2019-01-27T22:34:29.049860885Z: [    0.605560] ACPI: INT_SRC_OVR (bus 0 bus_irq 0 global_irq 2 dfl dfl)
[STDERR  ] 2019-01-27T22:34:29.049868590Z: [    0.605562] ACPI: INT_SRC_OVR (bus 0 bus_irq 5 global_irq 5 high level)
[STDERR  ] 2019-01-27T22:34:29.049879701Z: [    0.605563] ACPI: INT_SRC_OVR (bus 0 bus_irq 9 global_irq 9 high level)
[STDERR  ] 2019-01-27T22:34:29.049887180Z: [    0.605565] ACPI: INT_SRC_OVR (bus 0 bus_irq 10 global_irq 10 high level)
[STDERR  ] 2019-01-27T22:34:29.049894895Z: [    0.605566] ACPI: INT_SRC_OVR (bus 0 bus_irq 11 global_irq 11 high level)
[STDERR  ] 2019-01-27T22:34:29.049902674Z: [    0.605572] Using ACPI (MADT) for SMP configuration information
[STDERR  ] 2019-01-27T22:34:29.049910713Z: [    0.605574] ACPI: HPET id: 0x8086a201 base: 0xfed00000
[STDERR  ] 2019-01-27T22:34:29.049918425Z: [    0.605612] smpboot: Allowing 1 CPUs, 0 hotplug CPUs
[STDERR  ] 2019-01-27T22:34:29.049928109Z: [    0.605715] [mem 0x40000000-0xafffffff] available for PCI devices
[STDERR  ] 2019-01-27T22:34:29.049938025Z: [    0.605716] Booting paravirtualized kernel on KVM
[STDERR  ] 2019-01-27T22:34:29.049945441Z: [    0.605719] clocksource: refined-jiffies: mask: 0xffffffff max_cycles: 0xffffffff, max_idle_ns: 1910969940391419 ns
[STDERR  ] 2019-01-27T22:34:29.049952999Z: [    0.739394] random: get_random_bytes called from start_kernel+0x92/0x510 with crng_init=0
[STDERR  ] 2019-01-27T22:34:29.049960563Z: [    0.739403] setup_percpu: NR_CPUS:128 nr_cpumask_bits:128 nr_cpu_ids:1 nr_node_ids:1
[STDERR  ] 2019-01-27T22:34:29.049967853Z: [    0.740180] percpu: Embedded 45 pages/cpu @(____ptrval____) s144664 r8192 d31464 u2097152
[STDERR  ] 2019-01-27T22:34:29.049975421Z: [    0.740288] KVM setup async PF for cpu 0
[STDERR  ] 2019-01-27T22:34:29.049983017Z: [    0.740345] kvm-stealtime: cpu 0, msr 3ce15e80
[STDERR  ] 2019-01-27T22:34:29.049990309Z: [    0.740368] Built 1 zonelists, mobility grouping on.  Total pages: 257896
[STDERR  ] 2019-01-27T22:34:29.049997890Z: [    0.740371] Kernel command line: console=ttyS0 console=ttyAMA0
[STDERR  ] 2019-01-27T22:34:29.050007404Z: [    0.741507] Dentry cache hash table entries: 131072 (order: 8, 1048576 bytes)
[STDERR  ] 2019-01-27T22:34:29.050018243Z: [    0.742009] Inode-cache hash table entries: 65536 (order: 7, 524288 bytes)
[STDERR  ] 2019-01-27T22:34:29.050026016Z: [    0.745270] Memory: 973824K/1048052K available (12292K kernel code, 1551K rwdata, 3084K rodata, 1596K init, 1308K bss, 74228K reserved, 0K cma-reserved)
[STDERR  ] 2019-01-27T22:34:29.050036299Z: [    0.746028] Kernel/User page tables isolation: enabled
[STDERR  ] 2019-01-27T22:34:29.050044683Z: [    0.746045] ftrace: allocating 43203 entries in 169 pages
[STDERR  ] 2019-01-27T22:34:29.050052208Z: [    0.763403] rcu: Hierarchical RCU implementation.
[STDERR  ] 2019-01-27T22:34:29.050059621Z: [    0.763406] rcu: 	RCU restricting CPUs from NR_CPUS=128 to nr_cpu_ids=1.
[STDERR  ] 2019-01-27T22:34:29.050067084Z: [    0.763408] rcu: RCU calculated value of scheduler-enlistment delay is 100 jiffies.
[STDERR  ] 2019-01-27T22:34:29.050074528Z: [    0.763409] rcu: Adjusting geometry for rcu_fanout_leaf=16, nr_cpu_ids=1
[STDERR  ] 2019-01-27T22:34:29.050081940Z: [    0.766342] NR_IRQS: 8448, nr_irqs: 256, preallocated irqs: 16
[STDERR  ] 2019-01-27T22:34:29.050089534Z: [    0.793486] Console: colour VGA+ 80x25
[STDERR  ] 2019-01-27T22:34:29.050096917Z: [    1.216510] printk: console [ttyS0] enabled
[STDERR  ] 2019-01-27T22:34:29.050104299Z: [    1.220120] ACPI: Core revision 20181003
[STDERR  ] 2019-01-27T22:34:29.050111798Z: [    1.224432] clocksource: hpet: mask: 0xffffffff max_cycles: 0xffffffff, max_idle_ns: 19112604467 ns
[STDERR  ] 2019-01-27T22:34:29.050122739Z: [    1.232829] APIC: Switch to symmetric I/O mode setup
[STDERR  ] 2019-01-27T22:34:29.050130282Z: [    1.239859] x2apic enabled
[STDERR  ] 2019-01-27T22:34:29.050137824Z: [    1.244856] Switched APIC routing to physical x2apic.
[STDERR  ] 2019-01-27T22:34:29.050145156Z: [    1.260736] ..TIMER: vector=0x30 apic1=0 pin1=2 apic2=-1 pin2=-1
[STDERR  ] 2019-01-27T22:34:29.050152644Z: [    1.266224] clocksource: tsc-early: mask: 0xffffffffffffffff max_cycles: 0x2126e418e51, max_idle_ns: 440795268186 ns
[STDERR  ] 2019-01-27T22:34:29.050160175Z: [    1.275146] Calibrating delay loop (skipped) preset value.. 4599.82 BogoMIPS (lpj=2299914)
[STDERR  ] 2019-01-27T22:34:29.050167844Z: [    1.276126] pid_max: default: 32768 minimum: 301
[STDERR  ] 2019-01-27T22:34:29.050175227Z: [    1.277197] LSM: Security Framework initializing
[STDERR  ] 2019-01-27T22:34:29.050182667Z: [    1.278126] Yama: becoming mindful.
[STDERR  ] 2019-01-27T22:34:29.050189992Z: [    1.279168] Mount-cache hash table entries: 2048 (order: 2, 16384 bytes)
[STDERR  ] 2019-01-27T22:34:29.050197454Z: [    1.280129] Mountpoint-cache hash table entries: 2048 (order: 2, 16384 bytes)
[STDERR  ] 2019-01-27T22:34:29.050206315Z: [    1.283166] Last level iTLB entries: 4KB 0, 2MB 0, 4MB 0
[STDERR  ] 2019-01-27T22:34:29.050213785Z: [    1.284127] Last level dTLB entries: 4KB 0, 2MB 0, 4MB 0, 1GB 0
[STDERR  ] 2019-01-27T22:34:29.050221180Z: [    1.285128] Spectre V2 : Mitigation: Full generic retpoline
[STDERR  ] 2019-01-27T22:34:29.050230113Z: [    1.286126] Spectre V2 : Spectre v2 / SpectreRSB mitigation: Filling RSB on context switch
[STDERR  ] 2019-01-27T22:34:29.050237623Z: [    1.287127] Speculative Store Bypass: Vulnerable
[STDERR  ] 2019-01-27T22:34:29.050245054Z: [    1.294833] Freeing SMP alternatives memory: 20K
[STDERR  ] 2019-01-27T22:34:29.050252478Z: [    1.297119] smpboot: CPU0: Intel QEMU Virtual CPU version 2.5+ (family: 0x6, model: 0x6, stepping: 0x3)
[STDERR  ] 2019-01-27T22:34:29.050262700Z: [    1.297297] Performance Events: PMU not available due to virtualization, using software events only.
[STDERR  ] 2019-01-27T22:34:29.050270555Z: [    1.299412] rcu: Hierarchical SRCU implementation.
[STDERR  ] 2019-01-27T22:34:29.050279611Z: [    1.300243] NMI watchdog: Perf NMI watchdog permanently disabled
[STDERR  ] 2019-01-27T22:34:29.050287028Z: [    1.302162] smp: Bringing up secondary CPUs ...
[STDERR  ] 2019-01-27T22:34:29.050294444Z: [    1.303127] smp: Brought up 1 node, 1 CPU
[STDERR  ] 2019-01-27T22:34:29.050303829Z: [    1.304126] smpboot: Max logical packages: 1
[STDERR  ] 2019-01-27T22:34:29.050314306Z: [    1.305126] smpboot: Total of 1 processors activated (4599.82 BogoMIPS)
[STDERR  ] 2019-01-27T22:34:29.050321750Z: [    1.306948] devtmpfs: initialized
[STDERR  ] 2019-01-27T22:34:29.050329216Z: [    1.307206] x86/mm: Memory block size: 128MB
[STDERR  ] 2019-01-27T22:34:29.050342886Z: [    1.308494] clocksource: jiffies: mask: 0xffffffff max_cycles: 0xffffffff, max_idle_ns: 1911260446275000 ns
[STDERR  ] 2019-01-27T22:34:29.050351467Z: [    1.309133] futex hash table entries: 256 (order: 2, 16384 bytes)
[STDERR  ] 2019-01-27T22:34:29.050358809Z: [    1.311204] NET: Registered protocol family 16
[STDERR  ] 2019-01-27T22:34:29.050366202Z: [    1.312283] audit: initializing netlink subsys (disabled)
[STDERR  ] 2019-01-27T22:34:29.050373562Z: [    1.313264] cpuidle: using governor ladder
[STDERR  ] 2019-01-27T22:34:29.050380905Z: [    1.314126] cpuidle: using governor menu
[STDERR  ] 2019-01-27T22:34:29.050388398Z: [    1.315254] ACPI: bus type PCI registered
[STDERR  ] 2019-01-27T22:34:29.050395910Z: [    1.316134] audit: type=2000 audit(1548628460.350:1): state=initialized audit_enabled=0 res=1
[STDERR  ] 2019-01-27T22:34:29.050403442Z: [    1.317615] PCI: MMCONFIG for domain 0000 [bus 00-ff] at [mem 0xb0000000-0xbfffffff] (base 0xb0000000)
[STDERR  ] 2019-01-27T22:34:29.050411038Z: [    1.318128] PCI: MMCONFIG at [mem 0xb0000000-0xbfffffff] reserved in E820
[STDERR  ] 2019-01-27T22:34:29.050418654Z: [    1.319137] PCI: Using configuration type 1 for base access
[STDERR  ] 2019-01-27T22:34:29.050429080Z: [    1.322534] HugeTLB registered 2.00 MiB page size, pre-allocated 0 pages
[STDERR  ] 2019-01-27T22:34:29.050436631Z: [    1.323284] cryptd: max_cpu_qlen set to 1000
[STDERR  ] 2019-01-27T22:34:29.050444123Z: [    1.324305] ACPI: Added _OSI(Module Device)
[STDERR  ] 2019-01-27T22:34:29.050451536Z: [    1.325136] ACPI: Added _OSI(Processor Device)
[STDERR  ] 2019-01-27T22:34:29.050458895Z: [    1.326124] ACPI: Added _OSI(3.0 _SCP Extensions)
[STDERR  ] 2019-01-27T22:34:29.050467944Z: [    1.327123] ACPI: Added _OSI(Processor Aggregator Device)
[STDERR  ] 2019-01-27T22:34:29.050476996Z: [    1.328141] ACPI: Added _OSI(Linux-Dell-Video)
[STDERR  ] 2019-01-27T22:34:29.050484434Z: [    1.329125] ACPI: Added _OSI(Linux-Lenovo-NV-HDMI-Audio)
[STDERR  ] 2019-01-27T22:34:29.050502066Z: [    1.332075] ACPI: 1 ACPI AML tables successfully acquired and loaded
[STDERR  ] 2019-01-27T22:34:29.050509450Z: [    1.335323] ACPI: Interpreter enabled
[STDERR  ] 2019-01-27T22:34:29.050517052Z: [    1.336134] ACPI: (supports S0 S5)
[STDERR  ] 2019-01-27T22:34:29.050524499Z: [    1.337124] ACPI: Using IOAPIC for interrupt routing
[STDERR  ] 2019-01-27T22:34:29.050531898Z: [    1.338173] PCI: Using host bridge windows from ACPI; if necessary, use "pci=nocrs" and report a bug
[STDERR  ] 2019-01-27T22:34:29.050541658Z: [    1.339361] ACPI: Enabled 2 GPEs in block 00 to 3F
[STDERR  ] 2019-01-27T22:34:29.050549082Z: [    1.344497] ACPI: PCI Root Bridge [PCI0] (domain 0000 [bus 00-ff])
[STDERR  ] 2019-01-27T22:34:29.050558220Z: [    1.345136] acpi PNP0A08:00: _OSC: OS supports [ExtendedConfig ASPM ClockPM Segments MSI]
[STDERR  ] 2019-01-27T22:34:29.050565926Z: [    1.346232] acpi PNP0A08:00: _OSC: platform does not support [SHPCHotplug LTR]
[STDERR  ] 2019-01-27T22:34:29.050573364Z: [    1.347214] acpi PNP0A08:00: _OSC: OS now controls [PCIeHotplug PME PCIeCapability]
[STDERR  ] 2019-01-27T22:34:29.050580892Z: [    1.348191] PCI host bridge to bus 0000:00
[STDERR  ] 2019-01-27T22:34:29.050588413Z: [    1.349127] pci_bus 0000:00: root bus resource [io  0x0000-0x0cf7 window]
[STDERR  ] 2019-01-27T22:34:29.050595863Z: [    1.350126] pci_bus 0000:00: root bus resource [io  0x0d00-0xffff window]
[STDERR  ] 2019-01-27T22:34:29.050603298Z: [    1.351125] pci_bus 0000:00: root bus resource [mem 0x000a0000-0x000bffff window]
[STDERR  ] 2019-01-27T22:34:29.050610667Z: [    1.352127] pci_bus 0000:00: root bus resource [mem 0xc0000000-0xfebfffff window]
[STDERR  ] 2019-01-27T22:34:29.050621115Z: [    1.353129] pci_bus 0000:00: root bus resource [bus 00-ff]
[STDERR  ] 2019-01-27T22:34:29.050628595Z: [    1.425692] pci 0000:00:1f.0: quirk: [io  0x0600-0x067f] claimed by ICH6 ACPI/GPIO/TCO
[STDERR  ] 2019-01-27T22:34:29.050638196Z: [    1.453383] ACPI: PCI Interrupt Link [LNKA] (IRQs 5 *10 11)
[STDERR  ] 2019-01-27T22:34:29.050646464Z: [    1.454434] ACPI: PCI Interrupt Link [LNKB] (IRQs 5 *10 11)
[STDERR  ] 2019-01-27T22:34:29.050653996Z: [    1.455443] ACPI: PCI Interrupt Link [LNKC] (IRQs 5 10 *11)
[STDERR  ] 2019-01-27T22:34:29.050663205Z: [    1.456440] ACPI: PCI Interrupt Link [LNKD] (IRQs 5 10 *11)
[STDERR  ] 2019-01-27T22:34:29.050689199Z: [    1.458386] ACPI: PCI Interrupt Link [LNKE] (IRQs 5 *10 11)
[STDERR  ] 2019-01-27T22:34:29.050696926Z: [    1.460288] ACPI: PCI Interrupt Link [LNKF] (IRQs 5 *10 11)
[STDERR  ] 2019-01-27T22:34:29.050704401Z: [    1.461428] ACPI: PCI Interrupt Link [LNKG] (IRQs 5 10 *11)
[STDERR  ] 2019-01-27T22:34:29.050712065Z: [    1.462431] ACPI: PCI Interrupt Link [LNKH] (IRQs 5 10 *11)
[STDERR  ] 2019-01-27T22:34:29.050721589Z: [    1.464193] ACPI: PCI Interrupt Link [GSIA] (IRQs *16)
[STDERR  ] 2019-01-27T22:34:29.050729398Z: [    1.465145] ACPI: PCI Interrupt Link [GSIB] (IRQs *17)
[STDERR  ] 2019-01-27T22:34:29.050737125Z: [    1.466142] ACPI: PCI Interrupt Link [GSIC] (IRQs *18)
[STDERR  ] 2019-01-27T22:34:29.050744802Z: [    1.467143] ACPI: PCI Interrupt Link [GSID] (IRQs *19)
[STDERR  ] 2019-01-27T22:34:29.050752667Z: [    1.468147] ACPI: PCI Interrupt Link [GSIE] (IRQs *20)
[STDERR  ] 2019-01-27T22:34:29.050763681Z: [    1.469142] ACPI: PCI Interrupt Link [GSIF] (IRQs *21)
[STDERR  ] 2019-01-27T22:34:29.050771174Z: [    1.470144] ACPI: PCI Interrupt Link [GSIG] (IRQs *22)
[STDERR  ] 2019-01-27T22:34:29.050780661Z: [    1.471143] ACPI: PCI Interrupt Link [GSIH] (IRQs *23)
[STDERR  ] 2019-01-27T22:34:29.050788204Z: [    1.473296] SCSI subsystem initialized
[STDERR  ] 2019-01-27T22:34:29.050795856Z: [    1.474222] ACPI: bus type USB registered
[STDERR  ] 2019-01-27T22:34:29.050805958Z: [    1.475156] usbcore: registered new interface driver usbfs
[STDERR  ] 2019-01-27T22:34:29.050813529Z: [    1.476152] usbcore: registered new interface driver hub
[STDERR  ] 2019-01-27T22:34:29.050821060Z: [    1.477156] usbcore: registered new device driver usb
[STDERR  ] 2019-01-27T22:34:29.050828488Z: [    1.478152] pps_core: LinuxPPS API ver. 1 registered
[STDERR  ] 2019-01-27T22:34:29.050837426Z: [    1.479126] pps_core: Software ver. 5.3.6 - Copyright 2005-2007 Rodolfo Giometti <giometti@linux.it>
[STDERR  ] 2019-01-27T22:34:29.050847985Z: [    1.480140] PTP clock support registered
[STDERR  ] 2019-01-27T22:34:29.050858366Z: [    1.481216] PCI: Using ACPI for IRQ routing
[STDERR  ] 2019-01-27T22:34:29.050865821Z: [    1.955848] NetLabel: Initializing
[STDERR  ] 2019-01-27T22:34:29.050873235Z: [    1.956124] NetLabel:  domain hash size = 128
[STDERR  ] 2019-01-27T22:34:29.050880622Z: [    1.957127] NetLabel:  protocols = UNLABELED CIPSOv4 CALIPSO
[STDERR  ] 2019-01-27T22:34:29.050888183Z: [    1.958162] NetLabel:  unlabeled traffic allowed by default
[STDERR  ] 2019-01-27T22:34:29.050895975Z: [    1.959314] HPET: 3 timers in total, 0 timers will be used for per-cpu timer
[STDERR  ] 2019-01-27T22:34:29.050905250Z: [    1.960234] hpet0: at MMIO 0xfed00000, IRQs 2, 8, 0
[STDERR  ] 2019-01-27T22:34:29.050912925Z: [    1.961126] hpet0: 3 comparators, 64-bit 100.000000 MHz counter
[STDERR  ] 2019-01-27T22:34:29.050920323Z: [    1.966163] clocksource: Switched to clocksource kvm-clock
[STDERR  ] 2019-01-27T22:34:29.050927932Z: [    1.994509] VFS: Disk quotas dquot_6.6.0
[STDERR  ] 2019-01-27T22:34:29.050935339Z: [    1.998403] VFS: Dquot-cache hash table entries: 512 (order 0, 4096 bytes)
[STDERR  ] 2019-01-27T22:34:29.050942770Z: [    2.004959] FS-Cache: Loaded
[STDERR  ] 2019-01-27T22:34:29.050950266Z: [    2.007855] CacheFiles: Loaded
[STDERR  ] 2019-01-27T22:34:29.050957547Z: [    2.010880] pnp: PnP ACPI init
[STDERR  ] 2019-01-27T22:34:29.050964986Z: [    2.015006] pnp: PnP ACPI: found 5 devices
[STDERR  ] 2019-01-27T22:34:29.050975274Z: [    2.025351] clocksource: acpi_pm: mask: 0xffffff max_cycles: 0xffffff, max_idle_ns: 2085701024 ns
[STDERR  ] 2019-01-27T22:34:29.050982722Z: [    2.033858] NET: Registered protocol family 2
[STDERR  ] 2019-01-27T22:34:29.050990428Z: [    2.038984] tcp_listen_portaddr_hash hash table entries: 512 (order: 1, 8192 bytes)
[STDERR  ] 2019-01-27T22:34:29.050997971Z: [    2.046303] TCP established hash table entries: 8192 (order: 4, 65536 bytes)
[STDERR  ] 2019-01-27T22:34:29.051005377Z: [    2.053013] TCP bind hash table entries: 8192 (order: 5, 131072 bytes)
[STDERR  ] 2019-01-27T22:34:29.051012969Z: [    2.059349] TCP: Hash tables configured (established 8192 bind 8192)
[STDERR  ] 2019-01-27T22:34:29.051020276Z: [    2.065440] UDP hash table entries: 512 (order: 2, 16384 bytes)
[STDERR  ] 2019-01-27T22:34:29.051027727Z: [    2.071045] UDP-Lite hash table entries: 512 (order: 2, 16384 bytes)
[STDERR  ] 2019-01-27T22:34:29.051035154Z: [    2.077125] NET: Registered protocol family 1
[STDERR  ] 2019-01-27T22:34:29.051042602Z: [    2.081304] NET: Registered protocol family 44
[STDERR  ] 2019-01-27T22:34:29.051049935Z: [    2.085600] pci 0000:00:01.0: Video device with shadowed ROM at [mem 0x000c0000-0x000dffff]
[STDERR  ] 2019-01-27T22:34:29.051057513Z: [    2.093213] Trying to unpack rootfs image as initramfs...
[STDERR  ] 2019-01-27T22:34:29.051066424Z: [    2.675383] Freeing initrd memory: 28892K
[STDERR  ] 2019-01-27T22:34:29.051075458Z: [    2.679455] clocksource: tsc: mask: 0xffffffffffffffff max_cycles: 0x2126e418e51, max_idle_ns: 440795268186 ns
[STDERR  ] 2019-01-27T22:34:29.051084978Z: [    2.733703] PCLMULQDQ-NI instructions are not detected.
[STDERR  ] 2019-01-27T22:34:29.051092585Z: [    2.740794] AVX or AES-NI instructions are not detected.
[STDERR  ] 2019-01-27T22:34:29.051099914Z: [    2.745967] CPU feature 'AVX registers' is not supported.
[STDERR  ] 2019-01-27T22:34:29.051107496Z: [    2.751075] CPU feature 'AVX registers' is not supported.
[STDERR  ] 2019-01-27T22:34:29.051114972Z: [    2.756188] CPU feature 'AVX registers' is not supported.
[STDERR  ] 2019-01-27T22:34:29.051122280Z: [    2.761372] CPU feature 'AVX registers' is not supported.
[STDERR  ] 2019-01-27T22:34:29.051129647Z: [    2.766531] AVX2 or AES-NI instructions are not detected.
[STDERR  ] 2019-01-27T22:34:29.051137047Z: [    2.771662] AVX2 instructions are not detected.
[STDERR  ] 2019-01-27T22:34:29.051146249Z: [    2.776644] workingset: timestamp_bits=46 max_order=18 bucket_order=0
[STDERR  ] 2019-01-27T22:34:29.051153861Z: [    2.783117] squashfs: version 4.0 (2009/01/31) Phillip Lougher
[STDERR  ] 2019-01-27T22:34:29.051161272Z: [    2.788754] FS-Cache: Netfs 'cifs' registered for caching
[STDERR  ] 2019-01-27T22:34:29.051168681Z: [    2.794303] fuse init (API version 7.28)
[STDERR  ] 2019-01-27T22:34:29.051176087Z: [    2.798276] SGI XFS with ACLs, security attributes, no debug enabled
[STDERR  ] 2019-01-27T22:34:29.051183406Z: [    2.804506] 9p: Installing v9fs 9p2000 file system support
[STDERR  ] 2019-01-27T22:34:29.051190899Z: [    2.809757] FS-Cache: Netfs '9p' registered for caching
[STDERR  ] 2019-01-27T22:34:29.051198270Z: [    2.947247] NET: Registered protocol family 38
[STDERR  ] 2019-01-27T22:34:29.051205676Z: [    2.951870] Key type asymmetric registered
[STDERR  ] 2019-01-27T22:34:29.051213096Z: [    2.956373] Asymmetric key parser 'x509' registered
[STDERR  ] 2019-01-27T22:34:29.051222556Z: [    2.961266] Block layer SCSI generic (bsg) driver version 0.4 loaded (major 247)
[STDERR  ] 2019-01-27T22:34:29.051229991Z: [    2.968745] io scheduler noop registered
[STDERR  ] 2019-01-27T22:34:29.051237395Z: [    2.972706] io scheduler deadline registered (default)
[STDERR  ] 2019-01-27T22:34:29.051244766Z: [    2.977664] io scheduler cfq registered
[STDERR  ] 2019-01-27T22:34:29.051252159Z: [    2.981410] io scheduler mq-deadline registered (default)
[STDERR  ] 2019-01-27T22:34:29.051259606Z: [    2.986549] io scheduler kyber registered
[STDERR  ] 2019-01-27T22:34:29.051270021Z: [    2.990558] shpchp: Standard Hot Plug PCI Controller Driver version: 0.4
[STDERR  ] 2019-01-27T22:34:29.051277445Z: [    2.996929] hv_vmbus: registering driver hyperv_fb
[STDERR  ] 2019-01-27T22:34:29.051285858Z: [    3.001649] input: Power Button as /devices/LNXSYSTM:00/LNXPWRBN:00/input/input0
[STDERR  ] 2019-01-27T22:34:29.051294901Z: [    3.008664] ACPI: Power Button [PWRF]
[STDERR  ] 2019-01-27T22:34:29.051302362Z: [    3.012988] PCI Interrupt Link [GSIG] enabled at IRQ 22
[STDERR  ] 2019-01-27T22:34:29.051309795Z: [    3.024260] PCI Interrupt Link [GSIH] enabled at IRQ 23
[STDERR  ] 2019-01-27T22:34:29.051319187Z: [    3.035254] Serial: 8250/16550 driver, 4 ports, IRQ sharing disabled
[STDERR  ] 2019-01-27T22:34:29.051326705Z: [    3.075750] 00:04: ttyS0 at I/O 0x3f8 (irq = 4, base_baud = 115200) is a 16550A
[STDERR  ] 2019-01-27T22:34:29.051338797Z: [    3.083749] Non-volatile memory driver v1.3
[STDERR  ] 2019-01-27T22:34:29.051346549Z: [    3.089484] Hangcheck: starting hangcheck timer 0.9.1 (tick is 180 seconds, margin is 60 seconds).
[STDERR  ] 2019-01-27T22:34:29.051354105Z: [    3.098229] random: fast init done
[STDERR  ] 2019-01-27T22:34:29.051361508Z: [    3.102468] random: crng init done
[STDERR  ] 2019-01-27T22:34:29.051368903Z: [    3.107050] brd: module loaded
[STDERR  ] 2019-01-27T22:34:29.051376390Z: [    3.115090] loop: module loaded
[STDERR  ] 2019-01-27T22:34:29.051383840Z: [    3.122671] lpc_ich 0000:00:1f.0: I/O space for GPIO uninitialized
[STDERR  ] 2019-01-27T22:34:29.051395322Z: [    3.128673] VMware PVSCSI driver - version 1.0.7.0-k
[STDERR  ] 2019-01-27T22:34:29.051404431Z: [    3.133401] hv_vmbus: registering driver hv_storvsc
[STDERR  ] 2019-01-27T22:34:29.051411848Z: [    3.138736] PCI Interrupt Link [GSIA] enabled at IRQ 16
[STDERR  ] 2019-01-27T22:34:29.051419307Z: [    3.147475] ahci 0000:00:1f.2: AHCI 0001.0000 32 slots 6 ports 1.5 Gbps 0x3f impl SATA mode
[STDERR  ] 2019-01-27T22:34:29.051427149Z: [    3.155335] ahci 0000:00:1f.2: flags: 64bit ncq only 
[STDERR  ] 2019-01-27T22:34:29.051436302Z: [    3.164115] scsi host0: ahci
[STDERR  ] 2019-01-27T22:34:29.051444052Z: [    3.167059] scsi host1: ahci
[STDERR  ] 2019-01-27T22:34:29.051451889Z: [    3.169947] scsi host2: ahci
[STDERR  ] 2019-01-27T22:34:29.051459631Z: [    3.172858] scsi host3: ahci
[STDERR  ] 2019-01-27T22:34:29.051467033Z: [    3.175789] scsi host4: ahci
[STDERR  ] 2019-01-27T22:34:29.051474480Z: [    3.178699] scsi host5: ahci
[STDERR  ] 2019-01-27T22:34:29.051481969Z: [    3.181625] ata1: SATA max UDMA/133 abar m4096@0xfebd2000 port 0xfebd2100 irq 24
[STDERR  ] 2019-01-27T22:34:29.051498584Z: [    3.188625] ata2: SATA max UDMA/133 abar m4096@0xfebd2000 port 0xfebd2180 irq 24
[STDERR  ] 2019-01-27T22:34:29.051506134Z: [    3.195664] ata3: SATA max UDMA/133 abar m4096@0xfebd2000 port 0xfebd2200 irq 24
[STDERR  ] 2019-01-27T22:34:29.051513874Z: [    3.202696] ata4: SATA max UDMA/133 abar m4096@0xfebd2000 port 0xfebd2280 irq 24
[STDERR  ] 2019-01-27T22:34:29.051521717Z: [    3.209740] ata5: SATA max UDMA/133 abar m4096@0xfebd2000 port 0xfebd2300 irq 24
[STDERR  ] 2019-01-27T22:34:29.051529502Z: [    3.216798] ata6: SATA max UDMA/133 abar m4096@0xfebd2000 port 0xfebd2380 irq 24
[STDERR  ] 2019-01-27T22:34:29.051537224Z: [    3.226203] tun: Universal TUN/TAP device driver, 1.6
[STDERR  ] 2019-01-27T22:34:29.051544979Z: [    3.236364] VMware vmxnet3 virtual NIC driver - version 1.4.16.0-k-NAPI
[STDERR  ] 2019-01-27T22:34:29.051552742Z: [    3.242877] hv_vmbus: registering driver hv_netvsc
[STDERR  ] 2019-01-27T22:34:29.051560593Z: [    3.247486] Fusion MPT base driver 3.04.20
[STDERR  ] 2019-01-27T22:34:29.051568223Z: [    3.251423] Copyright (c) 1999-2008 LSI Corporation
[STDERR  ] 2019-01-27T22:34:29.051577303Z: [    3.256109] Fusion MPT SPI Host driver 3.04.20
[STDERR  ] 2019-01-27T22:34:29.051586177Z: [    3.260216] i8042: PNP: PS/2 Controller [PNP0303:KBD,PNP0f13:MOU] at 0x60,0x64 irq 1,12
[STDERR  ] 2019-01-27T22:34:29.051593946Z: [    3.271034] serio: i8042 KBD port at 0x60,0x64 irq 1
[STDERR  ] 2019-01-27T22:34:29.051606261Z: [    3.275468] serio: i8042 AUX port at 0x60,0x64 irq 12
[STDERR  ] 2019-01-27T22:34:29.051614531Z: [    3.279910] hv_vmbus: registering driver hyperv_keyboard
[STDERR  ] 2019-01-27T22:34:29.051622417Z: [    3.284583] mousedev: PS/2 mouse device common for all mice
[STDERR  ] 2019-01-27T22:34:29.051629925Z: [    3.290851] input: AT Translated Set 2 keyboard as /devices/platform/i8042/serio0/input/input1
[STDERR  ] 2019-01-27T22:34:29.051637410Z: [    3.298366] input: PC Speaker as /devices/platform/pcspkr/input/input2
[STDERR  ] 2019-01-27T22:34:29.051646558Z: [    3.305192] rtc_cmos 00:00: RTC can wake from S4
[STDERR  ] 2019-01-27T22:34:29.051654053Z: [    3.311885] rtc_cmos 00:00: registered as rtc0
[STDERR  ] 2019-01-27T22:34:29.051661532Z: [    3.315782] rtc_cmos 00:00: alarms up to one day, y3k, 114 bytes nvram, hpet irqs
[STDERR  ] 2019-01-27T22:34:29.051669094Z: [    3.322179] i2c /dev entries driver
[STDERR  ] 2019-01-27T22:34:29.051676507Z: [    3.325329] device-mapper: ioctl: 4.39.0-ioctl (2018-04-03) initialised: dm-devel@redhat.com
[STDERR  ] 2019-01-27T22:34:29.051683977Z: [    3.333401] usbcore: registered new interface driver usbhid
[STDERR  ] 2019-01-27T22:34:29.051691348Z: [    3.338370] usbhid: USB HID core driver
[STDERR  ] 2019-01-27T22:34:29.051698790Z: [    3.341748] hv_utils: Registering HyperV Utility Driver
[STDERR  ] 2019-01-27T22:34:29.051706159Z: [    3.346376] hv_vmbus: registering driver hv_util
[STDERR  ] 2019-01-27T22:34:29.051716398Z: [    3.350389] hv_vmbus: registering driver hv_balloon
[STDERR  ] 2019-01-27T22:34:29.051724067Z: [    3.354514] oprofile: using NMI interrupt.
[STDERR  ] 2019-01-27T22:34:29.051731803Z: [    3.358066] GACT probability on
[STDERR  ] 2019-01-27T22:34:29.051741606Z: [    3.360869] Mirror/redirect action on
[STDERR  ] 2019-01-27T22:34:29.051748960Z: [    3.364115] Simple TC action Loaded
[STDERR  ] 2019-01-27T22:34:29.051756304Z: [    3.367245] u32 classifier
[STDERR  ] 2019-01-27T22:34:29.051763832Z: [    3.369684]     Performance counters on
[STDERR  ] 2019-01-27T22:34:29.051771226Z: [    3.373079]     input device check on
[STDERR  ] 2019-01-27T22:34:29.051778621Z: [    3.376333]     Actions configured
[STDERR  ] 2019-01-27T22:34:29.051786005Z: [    3.379583] xt_time: kernel timezone is -0000
[STDERR  ] 2019-01-27T22:34:29.051793417Z: [    3.383437] IPVS: Registered protocols (TCP, UDP, SCTP, AH, ESP)
[STDERR  ] 2019-01-27T22:34:29.051800819Z: [    3.388639] IPVS: Connection hash table configured (size=4096, memory=64Kbytes)
[STDERR  ] 2019-01-27T22:34:29.051808286Z: [    3.395074] IPVS: ipvs loaded.
[STDERR  ] 2019-01-27T22:34:29.051816432Z: [    3.397887] IPVS: [rr] scheduler registered.
[STDERR  ] 2019-01-27T22:34:29.051825376Z: [    3.401859] IPVS: [wrr] scheduler registered.
[STDERR  ] 2019-01-27T22:34:29.051832762Z: [    3.405800] IPVS: [lc] scheduler registered.
[STDERR  ] 2019-01-27T22:34:29.051842649Z: [    3.409560] IPVS: [wlc] scheduler registered.
[STDERR  ] 2019-01-27T22:34:29.051850108Z: [    3.413366] IPVS: [fo] scheduler registered.
[STDERR  ] 2019-01-27T22:34:29.051857443Z: [    3.417176] IPVS: [ovf] scheduler registered.
[STDERR  ] 2019-01-27T22:34:29.051864814Z: [    3.420892] IPVS: [lblc] scheduler registered.
[STDERR  ] 2019-01-27T22:34:29.051872251Z: [    3.424724] IPVS: [lblcr] scheduler registered.
[STDERR  ] 2019-01-27T22:34:29.051879712Z: [    3.428683] IPVS: [dh] scheduler registered.
[STDERR  ] 2019-01-27T22:34:29.051887114Z: [    3.432715] IPVS: [sh] scheduler registered.
[STDERR  ] 2019-01-27T22:34:29.051896965Z: [    3.436398] IPVS: [mh] scheduler registered.
[STDERR  ] 2019-01-27T22:34:29.051904396Z: [    3.440376] IPVS: [sed] scheduler registered.
[STDERR  ] 2019-01-27T22:34:29.051911864Z: [    3.444150] IPVS: [nq] scheduler registered.
[STDERR  ] 2019-01-27T22:34:29.051919264Z: [    3.448109] IPVS: ftp: loaded support on port[0] = 21
[STDERR  ] 2019-01-27T22:34:29.051926699Z: [    3.452548] ipip: IPv4 and MPLS over IPv4 tunneling driver
[STDERR  ] 2019-01-27T22:34:29.051934119Z: [    3.457607] gre: GRE over IPv4 demultiplexor driver
[STDERR  ] 2019-01-27T22:34:29.051944395Z: [    3.461912] ipt_CLUSTERIP: ClusterIP Version 0.8 loaded successfully
[STDERR  ] 2019-01-27T22:34:29.051952207Z: [    3.467816] NET: Registered protocol family 10
[STDERR  ] 2019-01-27T22:34:29.051959591Z: [    3.472064] Segment Routing with IPv6
[STDERR  ] 2019-01-27T22:34:29.051967063Z: [    3.475915] NET: Registered protocol family 17
[STDERR  ] 2019-01-27T22:34:29.051975932Z: [    3.479857] Bridge firewalling registered
[STDERR  ] 2019-01-27T22:34:29.051983223Z: [    3.483664] 8021q: 802.1Q VLAN Support v1.8
[STDERR  ] 2019-01-27T22:34:29.051990574Z: [    3.487639] 9pnet: Installing 9P2000 support
[STDERR  ] 2019-01-27T22:34:29.051997924Z: [    3.491684] Key type dns_resolver registered
[STDERR  ] 2019-01-27T22:34:29.052005283Z: [    3.495687] registered taskstats version 1
[STDERR  ] 2019-01-27T22:34:29.052012584Z: [    3.512128] Key type big_key registered
[STDERR  ] 2019-01-27T22:34:29.052021663Z: [    3.523034] Key type trusted registered
[STDERR  ] 2019-01-27T22:34:29.052029045Z: [    3.533436] Key type encrypted registered
[STDERR  ] 2019-01-27T22:34:29.052036493Z: [    3.538067] ata4: SATA link down (SStatus 0 SControl 300)
[STDERR  ] 2019-01-27T22:34:29.052046912Z: [    3.544060] ata3: SATA link up 1.5 Gbps (SStatus 113 SControl 300)
[STDERR  ] 2019-01-27T22:34:29.052054266Z: [    3.550994] ata2: SATA link down (SStatus 0 SControl 300)
[STDERR  ] 2019-01-27T22:34:29.052061775Z: [    3.556940] ata1: SATA link down (SStatus 0 SControl 300)
[STDERR  ] 2019-01-27T22:34:29.052073892Z: [    3.562951] ata6: SATA link down (SStatus 0 SControl 300)
[STDERR  ] 2019-01-27T22:34:29.052081420Z: [    3.568930] ata5: SATA link down (SStatus 0 SControl 300)
[STDERR  ] 2019-01-27T22:34:29.052088738Z: [    3.574377] ima: No TPM chip found, activating TPM-bypass!
[STDERR  ] 2019-01-27T22:34:29.052096108Z: [    3.579656] ata3.00: ATAPI: QEMU DVD-ROM, 2.5+, max UDMA/100
[STDERR  ] 2019-01-27T22:34:29.052103628Z: [    3.585096] ata3.00: applying bridge limits
[STDERR  ] 2019-01-27T22:34:29.052110935Z: [    3.589498] ima: Allocated hash algorithm: sha256
[STDERR  ] 2019-01-27T22:34:29.052118440Z: [    3.594274] evm: Initialising EVM extended attributes:
[STDERR  ] 2019-01-27T22:34:29.052125799Z: [    3.599175] evm: security.ima
[STDERR  ] 2019-01-27T22:34:29.052133281Z: [    3.602069] evm: security.capability
[STDERR  ] 2019-01-27T22:34:29.052140684Z: [    3.605506] evm: HMAC attrs: 0x1
[STDERR  ] 2019-01-27T22:34:29.052148045Z: [    3.608942] ata3.00: configured for UDMA/100
[STDERR  ] 2019-01-27T22:34:29.052155435Z: [    3.614256] scsi 2:0:0:0: CD-ROM            QEMU     QEMU DVD-ROM     2.5+ PQ: 0 ANSI: 5
[STDERR  ] 2019-01-27T22:34:29.052162988Z: [    3.624220] rtc_cmos 00:00: setting system clock to 2019-01-27 22:34:23 UTC (1548628463)
[STDERR  ] 2019-01-27T22:34:29.052171924Z: [    3.631932] Unstable clock detected, switching default tracing clock to "global"
[STDERR  ] 2019-01-27T22:34:29.052179500Z: [    3.631932] If you want to keep using the local clock, then add:
[STDERR  ] 2019-01-27T22:34:29.052186850Z: [    3.631932]   "trace_clock=local"
[STDERR  ] 2019-01-27T22:34:29.052194689Z: [    3.631932] on the kernel command line
[STDERR  ] 2019-01-27T22:34:29.052203691Z: [    3.653308] sr 2:0:0:0: [sr0] scsi3-mmc drive: 4x/4x cd/rw xa/form2 tray
[STDERR  ] 2019-01-27T22:34:29.052211154Z: [    3.663926] cdrom: Uniform CD-ROM driver Revision: 3.20
[STDERR  ] 2019-01-27T22:34:29.052218417Z: [    3.669502] sr 2:0:0:0: Attached scsi generic sg0 type 5
[STDERR  ] 2019-01-27T22:34:29.052225792Z: [    3.676562] Freeing unused kernel image memory: 1596K
[STDERR  ] 2019-01-27T22:34:29.052233118Z: [    3.683338] Write protecting the kernel read-only data: 18432k
[STDERR  ] 2019-01-27T22:34:29.052242400Z: [    3.689449] Freeing unused kernel image memory: 2036K
[STDERR  ] 2019-01-27T22:34:29.052249762Z: [    3.694327] Freeing unused kernel image memory: 1012K
[STDERR  ] 2019-01-27T22:34:29.052257040Z: [    3.698727] Run /init as init process
[STDERR  ] 2019-01-27T22:34:29.052267574Z: 
[STDERR  ] 2019-01-27T22:34:29.052275387Z: Welcome to LinuxKit
[STDERR  ] 2019-01-27T22:34:29.052284078Z: 
[STDERR  ] 2019-01-27T22:34:29.052291596Z:                         ##         .
[STDERR  ] 2019-01-27T22:34:29.052299204Z:                   ## ## ##        ==
[STDERR  ] 2019-01-27T22:34:29.052306747Z:                ## ## ## ## ##    ===
[STDERR  ] 2019-01-27T22:34:29.052316208Z:            /"""""""""""""""""\___/ ===
[STDERR  ] 2019-01-27T22:34:29.052323758Z:           {                       /  ===-
[STDERR  ] 2019-01-27T22:34:29.052331134Z:            \______ O           __/
[STDERR  ] 2019-01-27T22:34:29.052344762Z:              \    \         __/
[STDERR  ] 2019-01-27T22:34:29.052352249Z:               \____\_______/
[STDERR  ] 2019-01-27T22:34:29.052359757Z: 
[STDERR  ] 2019-01-27T22:34:29.052367175Z: [    4.621725] RPC: Registered named UNIX socket transport module.
[STDERR  ] 2019-01-27T22:34:29.052374595Z: [    4.627476] RPC: Registered udp transport module.
[STDERR  ] 2019-01-27T22:34:29.052381934Z: [    4.631975] RPC: Registered tcp transport module.
[STDERR  ] 2019-01-27T22:34:29.052389264Z: [    4.636497] RPC: Registered tcp NFSv4.1 backchannel transport module.
[STDERR  ] 2019-01-27T22:34:29.052396722Z: [    4.652376] FS-Cache: Netfs 'nfs' registered for caching
[STDERR  ] 2019-01-27T22:34:29.052404050Z: [    4.668275] Installing knfsd (copyright (C) 1996 okir@monad.swb.de).
[STDERR  ] 2019-01-27T22:34:29.052411479Z: [    4.677719] ntfs: driver 2.1.32 [Flags: R/O MODULE].
[STDERR  ] 2019-01-27T22:34:29.052422893Z: starting kernel config sanity test with /proc/config.gz
[STDERR  ] 2019-01-27T22:34:29.052430435Z: kernel config test succeeded!
[STDERR  ] 2019-01-27T22:34:29.052437944Z: [37minfo: reading kernel config from /proc/config.gz ...[m
[STDERR  ] 2019-01-27T22:34:29.052445367Z: 
[STDERR  ] 2019-01-27T22:34:29.052452880Z: Generally Necessary:
[STDERR  ] 2019-01-27T22:34:29.052460198Z: - [37mcgroup hierarchy[m: [32mproperly mounted[m [/sys/fs/cgroup]
[STDERR  ] 2019-01-27T22:34:29.052467760Z: - [37mCONFIG_NAMESPACES[m: [32menabled[m
[STDERR  ] 2019-01-27T22:34:29.052475164Z: - [37mCONFIG_NET_NS[m: [32menabled[m
[STDERR  ] 2019-01-27T22:34:29.052482430Z: - [37mCONFIG_PID_NS[m: [32menabled[m
[STDERR  ] 2019-01-27T22:34:29.052497132Z: - [37mCONFIG_IPC_NS[m: [32menabled[m
[STDERR  ] 2019-01-27T22:34:29.052504499Z: - [37mCONFIG_UTS_NS[m: [32menabled[m
[STDERR  ] 2019-01-27T22:34:29.052511855Z: - [37mCONFIG_CGROUPS[m: [32menabled[m
[STDERR  ] 2019-01-27T22:34:29.052519203Z: - [37mCONFIG_CGROUP_CPUACCT[m: [32menabled[m
[STDERR  ] 2019-01-27T22:34:29.052526540Z: - [37mCONFIG_CGROUP_DEVICE[m: [32menabled[m
[STDERR  ] 2019-01-27T22:34:29.052533901Z: - [37mCONFIG_CGROUP_FREEZER[m: [32menabled[m
[STDERR  ] 2019-01-27T22:34:29.052545317Z: - [37mCONFIG_CGROUP_SCHED[m: [32menabled[m
[STDERR  ] 2019-01-27T22:34:29.052553806Z: - [37mCONFIG_CPUSETS[m: [32menabled[m
[STDERR  ] 2019-01-27T22:34:29.052561346Z: - [37mCONFIG_MEMCG[m: [32menabled[m
[STDERR  ] 2019-01-27T22:34:29.052568743Z: - [37mCONFIG_KEYS[m: [32menabled[m
[STDERR  ] 2019-01-27T22:34:29.052576082Z: - [37mCONFIG_VETH[m: [32menabled[m
[STDERR  ] 2019-01-27T22:34:29.052583432Z: - [37mCONFIG_BRIDGE[m: [32menabled[m
[STDERR  ] 2019-01-27T22:34:29.052590880Z: - [37mCONFIG_BRIDGE_NETFILTER[m: [32menabled[m
[STDERR  ] 2019-01-27T22:34:29.052598452Z: - [37mCONFIG_NF_NAT_IPV4[m: [32menabled[m
[STDERR  ] 2019-01-27T22:34:29.052606008Z: - [37mCONFIG_IP_NF_FILTER[m: [32menabled[m
[STDERR  ] 2019-01-27T22:34:29.052615088Z: - [37mCONFIG_IP_NF_TARGET_MASQUERADE[m: [32menabled[m
[STDERR  ] 2019-01-27T22:34:29.052622645Z: - [37mCONFIG_NETFILTER_XT_MATCH_ADDRTYPE[m: [32menabled[m
[STDERR  ] 2019-01-27T22:34:29.052630067Z: - [37mCONFIG_NETFILTER_XT_MATCH_CONNTRACK[m: [32menabled[m
[STDERR  ] 2019-01-27T22:34:29.052637644Z: - [37mCONFIG_NETFILTER_XT_MATCH_IPVS[m: [32menabled[m
[STDERR  ] 2019-01-27T22:34:29.052645112Z: - [37mCONFIG_IP_NF_NAT[m: [32menabled[m
[STDERR  ] 2019-01-27T22:34:29.052655478Z: - [37mCONFIG_NF_NAT[m: [32menabled[m
[STDERR  ] 2019-01-27T22:34:29.052663091Z: - [37mCONFIG_NF_NAT_NEEDED[m: [32menabled[m
[STDERR  ] 2019-01-27T22:34:29.052670497Z: - [37mCONFIG_POSIX_MQUEUE[m: [32menabled[m
[STDERR  ] 2019-01-27T22:34:29.052677905Z: 
[STDERR  ] 2019-01-27T22:34:29.052685375Z: Optional Features:
[STDERR  ] 2019-01-27T22:34:29.052693259Z: - [37mCONFIG_USER_NS[m: [32menabled[m
[STDERR  ] 2019-01-27T22:34:29.052700680Z: - [37mCONFIG_SECCOMP[m: [32menabled[m
[STDERR  ] 2019-01-27T22:34:29.052710263Z: - [37mCONFIG_CGROUP_PIDS[m: [32menabled[m
[STDERR  ] 2019-01-27T22:34:29.052717659Z: - [37mCONFIG_MEMCG_SWAP[m: [32menabled[m
[STDERR  ] 2019-01-27T22:34:29.052725178Z: - [37mCONFIG_MEMCG_SWAP_ENABLED[m: [32menabled[m
[STDERR  ] 2019-01-27T22:34:29.052734132Z:     [1;30m(cgroup swap accounting is currently enabled)[m
[STDERR  ] 2019-01-27T22:34:29.052750433Z: - [1mCONFIG_LEGACY_VSYSCALL_NONE[m: [1;31menabled[m
[STDERR  ] 2019-01-27T22:34:29.052757883Z:     [1;30m(containers using eglibc <= 2.13 will not work. Switch to[m
[STDERR  ] 2019-01-27T22:34:29.052767448Z:     [1;30m "CONFIG_VSYSCALL_[NATIVE|EMULATE]" or use "vsyscall=[native|emulate]"[m
[STDERR  ] 2019-01-27T22:34:29.052775006Z:     [1;30m on kernel command line. Note that this will disable ASLR for the,[m
[STDERR  ] 2019-01-27T22:34:29.052782288Z:     [1;30m VDSO which may assist in exploiting security vulnerabilities.)[m
[STDERR  ] 2019-01-27T22:34:29.052792396Z: - [37mCONFIG_BLK_CGROUP[m: [32menabled[m
[STDERR  ] 2019-01-27T22:34:29.052804311Z: - [37mCONFIG_BLK_DEV_THROTTLING[m: [32menabled[m
[STDERR  ] 2019-01-27T22:34:29.052811764Z: - [37mCONFIG_IOSCHED_CFQ[m: [32menabled[m
[STDERR  ] 2019-01-27T22:34:29.052819175Z: - [37mCONFIG_CFQ_GROUP_IOSCHED[m: [32menabled[m
[STDERR  ] 2019-01-27T22:34:29.052826559Z: - [37mCONFIG_CGROUP_PERF[m: [32menabled[m
[STDERR  ] 2019-01-27T22:34:29.052834404Z: - [37mCONFIG_CGROUP_HUGETLB[m: [32menabled[m
[STDERR  ] 2019-01-27T22:34:29.052843710Z: - [37mCONFIG_NET_CLS_CGROUP[m: [32menabled[m
[STDERR  ] 2019-01-27T22:34:29.052851158Z: - [37mCONFIG_CGROUP_NET_PRIO[m: [32menabled[m
[STDERR  ] 2019-01-27T22:34:29.052858487Z: - [37mCONFIG_CFS_BANDWIDTH[m: [32menabled[m
[STDERR  ] 2019-01-27T22:34:29.052865827Z: - [37mCONFIG_FAIR_GROUP_SCHED[m: [32menabled[m
[STDERR  ] 2019-01-27T22:34:29.052873221Z: - [37mCONFIG_RT_GROUP_SCHED[m: [32menabled[m
[STDERR  ] 2019-01-27T22:34:29.052883044Z: - [37mCONFIG_IP_VS[m: [32menabled[m
[STDERR  ] 2019-01-27T22:34:29.052890501Z: - [37mCONFIG_IP_VS_NFCT[m: [32menabled[m
[STDERR  ] 2019-01-27T22:34:29.052897852Z: - [37mCONFIG_IP_VS_RR[m: [32menabled[m
[STDERR  ] 2019-01-27T22:34:29.052905145Z: - [37mCONFIG_EXT4_FS[m: [32menabled[m
[STDERR  ] 2019-01-27T22:34:29.052912588Z: - [37mCONFIG_EXT4_FS_POSIX_ACL[m: [32menabled[m
[STDERR  ] 2019-01-27T22:34:29.052921619Z: - [37mCONFIG_EXT4_FS_SECURITY[m: [32menabled[m
[STDERR  ] 2019-01-27T22:34:29.052929013Z: - Network Drivers:
[STDERR  ] 2019-01-27T22:34:29.052936595Z:   - "[34moverlay[m":
[STDERR  ] 2019-01-27T22:34:29.052944058Z:     - [37mCONFIG_VXLAN[m: [32menabled[m
[STDERR  ] 2019-01-27T22:34:29.052951589Z:       Optional (for encrypted networks):
[STDERR  ] 2019-01-27T22:34:29.052959287Z:       - [37mCONFIG_CRYPTO[m: [32menabled[m
[STDERR  ] 2019-01-27T22:34:29.052966648Z:       - [37mCONFIG_CRYPTO_AEAD[m: [32menabled[m
[STDERR  ] 2019-01-27T22:34:29.052974124Z:       - [37mCONFIG_CRYPTO_GCM[m: [32menabled[m
[STDERR  ] 2019-01-27T22:34:29.052981535Z:       - [37mCONFIG_CRYPTO_SEQIV[m: [32menabled[m
[STDERR  ] 2019-01-27T22:34:29.052989163Z:       - [37mCONFIG_CRYPTO_GHASH[m: [32menabled[m
[STDERR  ] 2019-01-27T22:34:29.052996500Z:       - [37mCONFIG_XFRM[m: [32menabled[m
[STDERR  ] 2019-01-27T22:34:29.053006055Z:       - [37mCONFIG_XFRM_USER[m: [32menabled (as module)[m
[STDERR  ] 2019-01-27T22:34:29.053013424Z:       - [37mCONFIG_XFRM_ALGO[m: [32menabled (as module)[m
[STDERR  ] 2019-01-27T22:34:29.053024572Z:       - [37mCONFIG_INET_ESP[m: [32menabled (as module)[m
[STDERR  ] 2019-01-27T22:34:29.053032140Z:       - [37mCONFIG_INET_XFRM_MODE_TRANSPORT[m: [32menabled (as module)[m
[STDERR  ] 2019-01-27T22:34:29.053039690Z:   - "[34mipvlan[m":
[STDERR  ] 2019-01-27T22:34:29.053047119Z:     - [37mCONFIG_IPVLAN[m: [32menabled[m
[STDERR  ] 2019-01-27T22:34:29.053054623Z:   - "[34mmacvlan[m":
[STDERR  ] 2019-01-27T22:34:29.053062037Z:     - [37mCONFIG_MACVLAN[m: [32menabled[m
[STDERR  ] 2019-01-27T22:34:29.053069671Z:     - [37mCONFIG_DUMMY[m: [32menabled (as module)[m
[STDERR  ] 2019-01-27T22:34:29.053076989Z:   - "[34mftp,tftp client in container[m":
[STDERR  ] 2019-01-27T22:34:29.053084337Z:     - [37mCONFIG_NF_NAT_FTP[m: [32menabled[m
[STDERR  ] 2019-01-27T22:34:29.053091757Z:     - [37mCONFIG_NF_CONNTRACK_FTP[m: [32menabled[m
[STDERR  ] 2019-01-27T22:34:29.053099089Z:     - [37mCONFIG_NF_NAT_TFTP[m: [32menabled[m
[STDERR  ] 2019-01-27T22:34:29.053106528Z:     - [37mCONFIG_NF_CONNTRACK_TFTP[m: [32menabled[m
[STDERR  ] 2019-01-27T22:34:29.053113831Z: - Storage Drivers:
[STDERR  ] 2019-01-27T22:34:29.053121279Z:   - "[34maufs[m":
[STDERR  ] 2019-01-27T22:34:29.053128549Z:     - [1mCONFIG_AUFS_FS[m: [1;31mmissing[m
[STDERR  ] 2019-01-27T22:34:29.053135981Z:   - "[34mbtrfs[m":
[STDERR  ] 2019-01-27T22:34:29.053143427Z:     - [37mCONFIG_BTRFS_FS[m: [32menabled (as module)[m
[STDERR  ] 2019-01-27T22:34:29.053153209Z:     - [37mCONFIG_BTRFS_FS_POSIX_ACL[m: [32menabled[m
[STDERR  ] 2019-01-27T22:34:29.053160723Z:   - "[34mdevicemapper[m":
[STDERR  ] 2019-01-27T22:34:29.053170403Z:     - [37mCONFIG_BLK_DEV_DM[m: [32menabled[m
[STDERR  ] 2019-01-27T22:34:29.053177904Z:     - [37mCONFIG_DM_THIN_PROVISIONING[m: [32menabled[m
[STDERR  ] 2019-01-27T22:34:29.053185230Z:   - "[34moverlay[m":
[STDERR  ] 2019-01-27T22:34:29.053192669Z:     - [37mCONFIG_OVERLAY_FS[m: [32menabled[m
[STDERR  ] 2019-01-27T22:34:29.053200085Z:   - "[34mzfs[m":
[STDERR  ] 2019-01-27T22:34:29.053209480Z:     - [1m/dev/zfs[m: [1;31mmissing[m
[STDERR  ] 2019-01-27T22:34:29.053216930Z:     - [1mzfs command[m: [1;31mmissing[m
[STDERR  ] 2019-01-27T22:34:29.053225638Z:     - [1mzpool command[m: [1;31mmissing[m
[STDERR  ] 2019-01-27T22:34:29.053233071Z: 
[STDERR  ] 2019-01-27T22:34:29.053241086Z: Limits:
[STDERR  ] 2019-01-27T22:34:29.053248762Z: [37m- /proc/sys/kernel/keys/root_maxkeys[m: [32m1000000[m
[STDERR  ] 2019-01-27T22:34:29.053256229Z: 
[STDERR  ] 2019-01-27T22:34:29.053263691Z: Kernel config test suite PASSED
[STDERR  ] 2019-01-27T22:34:29.053271197Z: [    8.991974] ACPI: Preparing to enter system sleep state S5
[STDERR  ] 2019-01-27T22:34:29.053280305Z: [    8.997713] reboot: Power down
[STDERR  ] 2019-01-27T22:34:29.053849282Z: + grep -q suite PASSED
[STDERR  ] 2019-01-27T22:34:29.055321359Z: + echo [    0.000000] Linux version 4.20.4-linuxkit (root@e27d8cedc6fd) (gcc version 6.4.0 (Alpine 6.4.0)) #1 SMP Fri Jan 25 20:26:30 UTC 2019
[STDERR  ] 2019-01-27T22:34:29.055360094Z: [    0.000000] Command line: console=ttyS0 console=ttyAMA0
[STDERR  ] 2019-01-27T22:34:29.055375552Z: [    0.000000] x86/fpu: x87 FPU will use FXSAVE
[STDERR  ] 2019-01-27T22:34:29.055388826Z: [    0.000000] BIOS-provided physical RAM map:
[STDERR  ] 2019-01-27T22:34:29.055401570Z: [    0.000000] BIOS-e820: [mem 0x0000000000000000-0x000000000009fbff] usable
[STDERR  ] 2019-01-27T22:34:29.055413925Z: [    0.000000] BIOS-e820: [mem 0x000000000009fc00-0x000000000009ffff] reserved
[STDERR  ] 2019-01-27T22:34:29.055425448Z: [    0.000000] BIOS-e820: [mem 0x00000000000f0000-0x00000000000fffff] reserved
[STDERR  ] 2019-01-27T22:34:29.055438066Z: [    0.000000] BIOS-e820: [mem 0x0000000000100000-0x000000003ffdefff] usable
[STDERR  ] 2019-01-27T22:34:29.055449426Z: [    0.000000] BIOS-e820: [mem 0x000000003ffdf000-0x000000003fffffff] reserved
[STDERR  ] 2019-01-27T22:34:29.055461568Z: [    0.000000] BIOS-e820: [mem 0x00000000b0000000-0x00000000bfffffff] reserved
[STDERR  ] 2019-01-27T22:34:29.055495785Z: [    0.000000] BIOS-e820: [mem 0x00000000fed1c000-0x00000000fed1ffff] reserved
[STDERR  ] 2019-01-27T22:34:29.055516565Z: [    0.000000] BIOS-e820: [mem 0x00000000feffc000-0x00000000feffffff] reserved
[STDERR  ] 2019-01-27T22:34:29.055527232Z: [    0.000000] BIOS-e820: [mem 0x00000000fffc0000-0x00000000ffffffff] reserved
[STDERR  ] 2019-01-27T22:34:29.055539570Z: [    0.000000] NX (Execute Disable) protection: active
[STDERR  ] 2019-01-27T22:34:29.055551352Z: [    0.000000] SMBIOS 2.8 present.
[STDERR  ] 2019-01-27T22:34:29.055562715Z: [    0.000000] DMI: QEMU Standard PC (Q35 + ICH9, 2009), BIOS 1.10.2-1 04/01/2014
[STDERR  ] 2019-01-27T22:34:29.055575507Z: [    0.000000] Hypervisor detected: KVM
[STDERR  ] 2019-01-27T22:34:29.055590960Z: [    0.000000] kvm-clock: Using msrs 4b564d01 and 4b564d00
[STDERR  ] 2019-01-27T22:34:29.055605616Z: [    0.581419] kvm-clock: cpu 0, msr 388d0001, primary cpu clock
[STDERR  ] 2019-01-27T22:34:29.055617023Z: [    0.581420] clocksource: kvm-clock: mask: 0xffffffffffffffff max_cycles: 0x1cd42e4dffb, max_idle_ns: 881590591483 ns
[STDERR  ] 2019-01-27T22:34:29.055629116Z: [    0.581423] tsc: Detected 2299.914 MHz processor
[STDERR  ] 2019-01-27T22:34:29.055641009Z: [    0.584810] last_pfn = 0x3ffdf max_arch_pfn = 0x400000000
[STDERR  ] 2019-01-27T22:34:29.055652746Z: [    0.585492] x86/PAT: PAT not supported by CPU.
[STDERR  ] 2019-01-27T22:34:29.055664621Z: [    0.585546] x86/PAT: Configuration [0-7]: WB  WT  UC- UC  WB  WT  UC- UC  
[STDERR  ] 2019-01-27T22:34:29.055681970Z: [    0.590901] found SMP MP-table at [mem 0x000f6a90-0x000f6a9f] mapped at [(____ptrval____)]
[STDERR  ] 2019-01-27T22:34:29.055694640Z: [    0.591203] RAMDISK: [mem 0x3e399000-0x3ffcffff]
[STDERR  ] 2019-01-27T22:34:29.055708993Z: [    0.591437] ACPI: Early table checksum verification disabled
[STDERR  ] 2019-01-27T22:34:29.055720989Z: [    0.591580] ACPI: RSDP 0x00000000000F68D0 000014 (v00 BOCHS )
[STDERR  ] 2019-01-27T22:34:29.055732559Z: [    0.591588] ACPI: RSDT 0x000000003FFE2404 000034 (v01 BOCHS  BXPCRSDT 00000001 BXPC 00000001)
[STDERR  ] 2019-01-27T22:34:29.055744286Z: [    0.591594] ACPI: FACP 0x000000003FFE22A4 000074 (v01 BOCHS  BXPCFACP 00000001 BXPC 00000001)
[STDERR  ] 2019-01-27T22:34:29.055756013Z: [    0.591599] ACPI: DSDT 0x000000003FFE0040 002264 (v01 BOCHS  BXPCDSDT 00000001 BXPC 00000001)
[STDERR  ] 2019-01-27T22:34:29.055782328Z: [    0.591602] ACPI: FACS 0x000000003FFE0000 000040
[STDERR  ] 2019-01-27T22:34:29.055793589Z: [    0.591605] ACPI: APIC 0x000000003FFE2318 000078 (v01 BOCHS  BXPCAPIC 00000001 BXPC 00000001)
[STDERR  ] 2019-01-27T22:34:29.055806037Z: [    0.591608] ACPI: HPET 0x000000003FFE2390 000038 (v01 BOCHS  BXPCHPET 00000001 BXPC 00000001)
[STDERR  ] 2019-01-27T22:34:29.055818527Z: [    0.591610] ACPI: MCFG 0x000000003FFE23C8 00003C (v01 BOCHS  BXPCMCFG 00000001 BXPC 00000001)
[STDERR  ] 2019-01-27T22:34:29.055830791Z: [    0.591782] Zone ranges:
[STDERR  ] 2019-01-27T22:34:29.055855888Z: [    0.591784]   DMA      [mem 0x0000000000001000-0x0000000000ffffff]
[STDERR  ] 2019-01-27T22:34:29.055867822Z: [    0.591785]   DMA32    [mem 0x0000000001000000-0x000000003ffdefff]
[STDERR  ] 2019-01-27T22:34:29.055878955Z: [    0.591787]   Normal   empty
[STDERR  ] 2019-01-27T22:34:29.055890351Z: [    0.591788]   Device   empty
[STDERR  ] 2019-01-27T22:34:29.055902148Z: [    0.591789] Movable zone start for each node
[STDERR  ] 2019-01-27T22:34:29.055914913Z: [    0.591790] Early memory node ranges
[STDERR  ] 2019-01-27T22:34:29.055926046Z: [    0.591791]   node   0: [mem 0x0000000000001000-0x000000000009efff]
[STDERR  ] 2019-01-27T22:34:29.055937762Z: [    0.591793]   node   0: [mem 0x0000000000100000-0x000000003ffdefff]
[STDERR  ] 2019-01-27T22:34:29.055948594Z: [    0.592372] Zeroed struct page in unavailable ranges: 98 pages
[STDERR  ] 2019-01-27T22:34:29.055960749Z: [    0.592374] Initmem setup node 0 [mem 0x0000000000001000-0x000000003ffdefff]
[STDERR  ] 2019-01-27T22:34:29.055971907Z: [    0.605250] ACPI: PM-Timer IO Port: 0x608
[STDERR  ] 2019-01-27T22:34:29.055989240Z: [    0.605307] ACPI: LAPIC_NMI (acpi_id[0xff] dfl dfl lint[0x1])
[STDERR  ] 2019-01-27T22:34:29.056000774Z: [    0.605557] IOAPIC[0]: apic_id 0, version 17, address 0xfec00000, GSI 0-23
[STDERR  ] 2019-01-27T22:34:29.056015755Z: [    0.605560] ACPI: INT_SRC_OVR (bus 0 bus_irq 0 global_irq 2 dfl dfl)
[STDERR  ] 2019-01-27T22:34:29.056030478Z: [    0.605562] ACPI: INT_SRC_OVR (bus 0 bus_irq 5 global_irq 5 high level)
[STDERR  ] 2019-01-27T22:34:29.056042529Z: [    0.605563] ACPI: INT_SRC_OVR (bus 0 bus_irq 9 global_irq 9 high level)
[STDERR  ] 2019-01-27T22:34:29.056054145Z: [    0.605565] ACPI: INT_SRC_OVR (bus 0 bus_irq 10 global_irq 10 high level)
[STDERR  ] 2019-01-27T22:34:29.056069903Z: [    0.605566] ACPI: INT_SRC_OVR (bus 0 bus_irq 11 global_irq 11 high level)
[STDERR  ] 2019-01-27T22:34:29.056081552Z: [    0.605572] Using ACPI (MADT) for SMP configuration information
[STDERR  ] 2019-01-27T22:34:29.056093260Z: [    0.605574] ACPI: HPET id: 0x8086a201 base: 0xfed00000
[STDERR  ] 2019-01-27T22:34:29.056104988Z: [    0.605612] smpboot: Allowing 1 CPUs, 0 hotplug CPUs
[STDERR  ] 2019-01-27T22:34:29.056116654Z: [    0.605715] [mem 0x40000000-0xafffffff] available for PCI devices
[STDERR  ] 2019-01-27T22:34:29.056130502Z: [    0.605716] Booting paravirtualized kernel on KVM
[STDERR  ] 2019-01-27T22:34:29.056143396Z: [    0.605719] clocksource: refined-jiffies: mask: 0xffffffff max_cycles: 0xffffffff, max_idle_ns: 1910969940391419 ns
[STDERR  ] 2019-01-27T22:34:29.056162936Z: [    0.739394] random: get_random_bytes called from start_kernel+0x92/0x510 with crng_init=0
[STDERR  ] 2019-01-27T22:34:29.056175234Z: [    0.739403] setup_percpu: NR_CPUS:128 nr_cpumask_bits:128 nr_cpu_ids:1 nr_node_ids:1
[STDERR  ] 2019-01-27T22:34:29.056192470Z: [    0.740180] percpu: Embedded 45 pages/cpu @(____ptrval____) s144664 r8192 d31464 u2097152
[STDERR  ] 2019-01-27T22:34:29.056203942Z: [    0.740288] KVM setup async PF for cpu 0
[STDERR  ] 2019-01-27T22:34:29.056215931Z: [    0.740345] kvm-stealtime: cpu 0, msr 3ce15e80
[STDERR  ] 2019-01-27T22:34:29.056227656Z: [    0.740368] Built 1 zonelists, mobility grouping on.  Total pages: 257896
[STDERR  ] 2019-01-27T22:34:29.056238882Z: [    0.740371] Kernel command line: console=ttyS0 console=ttyAMA0
[STDERR  ] 2019-01-27T22:34:29.056249905Z: [    0.741507] Dentry cache hash table entries: 131072 (order: 8, 1048576 bytes)
[STDERR  ] 2019-01-27T22:34:29.056260946Z: [    0.742009] Inode-cache hash table entries: 65536 (order: 7, 524288 bytes)
[STDERR  ] 2019-01-27T22:34:29.056273560Z: [    0.745270] Memory: 973824K/1048052K available (12292K kernel code, 1551K rwdata, 3084K rodata, 1596K init, 1308K bss, 74228K reserved, 0K cma-reserved)
[STDERR  ] 2019-01-27T22:34:29.056285974Z: [    0.746028] Kernel/User page tables isolation: enabled
[STDERR  ] 2019-01-27T22:34:29.056297365Z: [    0.746045] ftrace: allocating 43203 entries in 169 pages
[STDERR  ] 2019-01-27T22:34:29.056309796Z: [    0.763403] rcu: Hierarchical RCU implementation.
[STDERR  ] 2019-01-27T22:34:29.056321510Z: [    0.763406] rcu: 	RCU restricting CPUs from NR_CPUS=128 to nr_cpu_ids=1.
[STDERR  ] 2019-01-27T22:34:29.056333509Z: [    0.763408] rcu: RCU calculated value of scheduler-enlistment delay is 100 jiffies.
[STDERR  ] 2019-01-27T22:34:29.056345243Z: [    0.763409] rcu: Adjusting geometry for rcu_fanout_leaf=16, nr_cpu_ids=1
[STDERR  ] 2019-01-27T22:34:29.056356852Z: [    0.766342] NR_IRQS: 8448, nr_irqs: 256, preallocated irqs: 16
[STDERR  ] 2019-01-27T22:34:29.056369328Z: [    0.793486] Console: colour VGA+ 80x25
[STDERR  ] 2019-01-27T22:34:29.056384704Z: [    1.216510] printk: console [ttyS0] enabled
[STDERR  ] 2019-01-27T22:34:29.056397671Z: [    1.220120] ACPI: Core revision 20181003
[STDERR  ] 2019-01-27T22:34:29.056409958Z: [    1.224432] clocksource: hpet: mask: 0xffffffff max_cycles: 0xffffffff, max_idle_ns: 19112604467 ns
[STDERR  ] 2019-01-27T22:34:29.056422703Z: [    1.232829] APIC: Switch to symmetric I/O mode setup
[STDERR  ] 2019-01-27T22:34:29.056439160Z: [    1.239859] x2apic enabled
[STDERR  ] 2019-01-27T22:34:29.056450940Z: [    1.244856] Switched APIC routing to physical x2apic.
[STDERR  ] 2019-01-27T22:34:29.056462611Z: [    1.260736] ..TIMER: vector=0x30 apic1=0 pin1=2 apic2=-1 pin2=-1
[STDERR  ] 2019-01-27T22:34:29.056474748Z: [    1.266224] clocksource: tsc-early: mask: 0xffffffffffffffff max_cycles: 0x2126e418e51, max_idle_ns: 440795268186 ns
[STDERR  ] 2019-01-27T22:34:29.056502165Z: [    1.275146] Calibrating delay loop (skipped) preset value.. 4599.82 BogoMIPS (lpj=2299914)
[STDERR  ] 2019-01-27T22:34:29.056513869Z: [    1.276126] pid_max: default: 32768 minimum: 301
[STDERR  ] 2019-01-27T22:34:29.056525910Z: [    1.277197] LSM: Security Framework initializing
[STDERR  ] 2019-01-27T22:34:29.056539010Z: [    1.278126] Yama: becoming mindful.
[STDERR  ] 2019-01-27T22:34:29.056551242Z: [    1.279168] Mount-cache hash table entries: 2048 (order: 2, 16384 bytes)
[STDERR  ] 2019-01-27T22:34:29.056565407Z: [    1.280129] Mountpoint-cache hash table entries: 2048 (order: 2, 16384 bytes)
[STDERR  ] 2019-01-27T22:34:29.056577262Z: [    1.283166] Last level iTLB entries: 4KB 0, 2MB 0, 4MB 0
[STDERR  ] 2019-01-27T22:34:29.056589044Z: [    1.284127] Last level dTLB entries: 4KB 0, 2MB 0, 4MB 0, 1GB 0
[STDERR  ] 2019-01-27T22:34:29.056601156Z: [    1.285128] Spectre V2 : Mitigation: Full generic retpoline
[STDERR  ] 2019-01-27T22:34:29.056616387Z: [    1.286126] Spectre V2 : Spectre v2 / SpectreRSB mitigation: Filling RSB on context switch
[STDERR  ] 2019-01-27T22:34:29.056632455Z: [    1.287127] Speculative Store Bypass: Vulnerable
[STDERR  ] 2019-01-27T22:34:29.056644560Z: [    1.294833] Freeing SMP alternatives memory: 20K
[STDERR  ] 2019-01-27T22:34:29.056656432Z: [    1.297119] smpboot: CPU0: Intel QEMU Virtual CPU version 2.5+ (family: 0x6, model: 0x6, stepping: 0x3)
[STDERR  ] 2019-01-27T22:34:29.056671382Z: [    1.297297] Performance Events: PMU not available due to virtualization, using software events only.
[STDERR  ] 2019-01-27T22:34:29.056683084Z: [    1.299412] rcu: Hierarchical SRCU implementation.
[STDERR  ] 2019-01-27T22:34:29.056696644Z: [    1.300243] NMI watchdog: Perf NMI watchdog permanently disabled
[STDERR  ] 2019-01-27T22:34:29.056707667Z: [    1.302162] smp: Bringing up secondary CPUs ...
[STDERR  ] 2019-01-27T22:34:29.056718144Z: [    1.303127] smp: Brought up 1 node, 1 CPU
[STDERR  ] 2019-01-27T22:34:29.056728917Z: [    1.304126] smpboot: Max logical packages: 1
[STDERR  ] 2019-01-27T22:34:29.056739898Z: [    1.305126] smpboot: Total of 1 processors activated (4599.82 BogoMIPS)
[STDERR  ] 2019-01-27T22:34:29.056751197Z: [    1.306948] devtmpfs: initialized
[STDERR  ] 2019-01-27T22:34:29.056763428Z: [    1.307206] x86/mm: Memory block size: 128MB
[STDERR  ] 2019-01-27T22:34:29.056775205Z: [    1.308494] clocksource: jiffies: mask: 0xffffffff max_cycles: 0xffffffff, max_idle_ns: 1911260446275000 ns
[STDERR  ] 2019-01-27T22:34:29.056788069Z: [    1.309133] futex hash table entries: 256 (order: 2, 16384 bytes)
[STDERR  ] 2019-01-27T22:34:29.056800225Z: [    1.311204] NET: Registered protocol family 16
[STDERR  ] 2019-01-27T22:34:29.056816348Z: [    1.312283] audit: initializing netlink subsys (disabled)
[STDERR  ] 2019-01-27T22:34:29.056827549Z: [    1.313264] cpuidle: using governor ladder
[STDERR  ] 2019-01-27T22:34:29.056848479Z: [    1.314126] cpuidle: using governor menu
[STDERR  ] 2019-01-27T22:34:29.056861634Z: [    1.315254] ACPI: bus type PCI registered
[STDERR  ] 2019-01-27T22:34:29.056874141Z: [    1.316134] audit: type=2000 audit(1548628460.350:1): state=initialized audit_enabled=0 res=1
[STDERR  ] 2019-01-27T22:34:29.056885804Z: [    1.317615] PCI: MMCONFIG for domain 0000 [bus 00-ff] at [mem 0xb0000000-0xbfffffff] (base 0xb0000000)
[STDERR  ] 2019-01-27T22:34:29.056898964Z: [    1.318128] PCI: MMCONFIG at [mem 0xb0000000-0xbfffffff] reserved in E820
[STDERR  ] 2019-01-27T22:34:29.056910856Z: [    1.319137] PCI: Using configuration type 1 for base access
[STDERR  ] 2019-01-27T22:34:29.056922377Z: [    1.322534] HugeTLB registered 2.00 MiB page size, pre-allocated 0 pages
[STDERR  ] 2019-01-27T22:34:29.056939899Z: [    1.323284] cryptd: max_cpu_qlen set to 1000
[STDERR  ] 2019-01-27T22:34:29.056952529Z: [    1.324305] ACPI: Added _OSI(Module Device)
[STDERR  ] 2019-01-27T22:34:29.056964888Z: [    1.325136] ACPI: Added _OSI(Processor Device)
[STDERR  ] 2019-01-27T22:34:29.056977231Z: [    1.326124] ACPI: Added _OSI(3.0 _SCP Extensions)
[STDERR  ] 2019-01-27T22:34:29.056989661Z: [    1.327123] ACPI: Added _OSI(Processor Aggregator Device)
[STDERR  ] 2019-01-27T22:34:29.057001985Z: [    1.328141] ACPI: Added _OSI(Linux-Dell-Video)
[STDERR  ] 2019-01-27T22:34:29.057014691Z: [    1.329125] ACPI: Added _OSI(Linux-Lenovo-NV-HDMI-Audio)
[STDERR  ] 2019-01-27T22:34:29.057029192Z: [    1.332075] ACPI: 1 ACPI AML tables successfully acquired and loaded
[STDERR  ] 2019-01-27T22:34:29.057042169Z: [    1.335323] ACPI: Interpreter enabled
[STDERR  ] 2019-01-27T22:34:29.057054507Z: [    1.336134] ACPI: (supports S0 S5)
[STDERR  ] 2019-01-27T22:34:29.057067123Z: [    1.337124] ACPI: Using IOAPIC for interrupt routing
[STDERR  ] 2019-01-27T22:34:29.057079454Z: [    1.338173] PCI: Using host bridge windows from ACPI; if necessary, use "pci=nocrs" and report a bug
[STDERR  ] 2019-01-27T22:34:29.057094549Z: [    1.339361] ACPI: Enabled 2 GPEs in block 00 to 3F
[STDERR  ] 2019-01-27T22:34:29.057107177Z: [    1.344497] ACPI: PCI Root Bridge [PCI0] (domain 0000 [bus 00-ff])
[STDERR  ] 2019-01-27T22:34:29.057119617Z: [    1.345136] acpi PNP0A08:00: _OSC: OS supports [ExtendedConfig ASPM ClockPM Segments MSI]
[STDERR  ] 2019-01-27T22:34:29.057135868Z: [    1.346232] acpi PNP0A08:00: _OSC: platform does not support [SHPCHotplug LTR]
[STDERR  ] 2019-01-27T22:34:29.057150293Z: [    1.347214] acpi PNP0A08:00: _OSC: OS now controls [PCIeHotplug PME PCIeCapability]
[STDERR  ] 2019-01-27T22:34:29.057162635Z: [    1.348191] PCI host bridge to bus 0000:00
[STDERR  ] 2019-01-27T22:34:29.057175247Z: [    1.349127] pci_bus 0000:00: root bus resource [io  0x0000-0x0cf7 window]
[STDERR  ] 2019-01-27T22:34:29.057187092Z: [    1.350126] pci_bus 0000:00: root bus resource [io  0x0d00-0xffff window]
[STDERR  ] 2019-01-27T22:34:29.057199329Z: [    1.351125] pci_bus 0000:00: root bus resource [mem 0x000a0000-0x000bffff window]
[STDERR  ] 2019-01-27T22:34:29.057211672Z: [    1.352127] pci_bus 0000:00: root bus resource [mem 0xc0000000-0xfebfffff window]
[STDERR  ] 2019-01-27T22:34:29.057226544Z: [    1.353129] pci_bus 0000:00: root bus resource [bus 00-ff]
[STDERR  ] 2019-01-27T22:34:29.057239312Z: [    1.425692] pci 0000:00:1f.0: quirk: [io  0x0600-0x067f] claimed by ICH6 ACPI/GPIO/TCO
[STDERR  ] 2019-01-27T22:34:29.057252015Z: [    1.453383] ACPI: PCI Interrupt Link [LNKA] (IRQs 5 *10 11)
[STDERR  ] 2019-01-27T22:34:29.057264618Z: [    1.454434] ACPI: PCI Interrupt Link [LNKB] (IRQs 5 *10 11)
[STDERR  ] 2019-01-27T22:34:29.057279267Z: [    1.455443] ACPI: PCI Interrupt Link [LNKC] (IRQs 5 10 *11)
[STDERR  ] 2019-01-27T22:34:29.057293860Z: [    1.456440] ACPI: PCI Interrupt Link [LNKD] (IRQs 5 10 *11)
[STDERR  ] 2019-01-27T22:34:29.057306385Z: [    1.458386] ACPI: PCI Interrupt Link [LNKE] (IRQs 5 *10 11)
[STDERR  ] 2019-01-27T22:34:29.057318812Z: [    1.460288] ACPI: PCI Interrupt Link [LNKF] (IRQs 5 *10 11)
[STDERR  ] 2019-01-27T22:34:29.057330909Z: [    1.461428] ACPI: PCI Interrupt Link [LNKG] (IRQs 5 10 *11)
[STDERR  ] 2019-01-27T22:34:29.057342165Z: [    1.462431] ACPI: PCI Interrupt Link [LNKH] (IRQs 5 10 *11)
[STDERR  ] 2019-01-27T22:34:29.057354505Z: [    1.464193] ACPI: PCI Interrupt Link [GSIA] (IRQs *16)
[STDERR  ] 2019-01-27T22:34:29.057367054Z: [    1.465145] ACPI: PCI Interrupt Link [GSIB] (IRQs *17)
[STDERR  ] 2019-01-27T22:34:29.057379208Z: [    1.466142] ACPI: PCI Interrupt Link [GSIC] (IRQs *18)
[STDERR  ] 2019-01-27T22:34:29.057391355Z: [    1.467143] ACPI: PCI Interrupt Link [GSID] (IRQs *19)
[STDERR  ] 2019-01-27T22:34:29.057403702Z: [    1.468147] ACPI: PCI Interrupt Link [GSIE] (IRQs *20)
[STDERR  ] 2019-01-27T22:34:29.057415983Z: [    1.469142] ACPI: PCI Interrupt Link [GSIF] (IRQs *21)
[STDERR  ] 2019-01-27T22:34:29.057431948Z: [    1.470144] ACPI: PCI Interrupt Link [GSIG] (IRQs *22)
[STDERR  ] 2019-01-27T22:34:29.057446549Z: [    1.471143] ACPI: PCI Interrupt Link [GSIH] (IRQs *23)
[STDERR  ] 2019-01-27T22:34:29.057458855Z: [    1.473296] SCSI subsystem initialized
[STDERR  ] 2019-01-27T22:34:29.057471189Z: [    1.474222] ACPI: bus type USB registered
[STDERR  ] 2019-01-27T22:34:29.057483668Z: [    1.475156] usbcore: registered new interface driver usbfs
[STDERR  ] 2019-01-27T22:34:29.057507656Z: [    1.476152] usbcore: registered new interface driver hub
[STDERR  ] 2019-01-27T22:34:29.057519748Z: [    1.477156] usbcore: registered new device driver usb
[STDERR  ] 2019-01-27T22:34:29.057531956Z: [    1.478152] pps_core: LinuxPPS API ver. 1 registered
[STDERR  ] 2019-01-27T22:34:29.057543945Z: [    1.479126] pps_core: Software ver. 5.3.6 - Copyright 2005-2007 Rodolfo Giometti <giometti@linux.it>
[STDERR  ] 2019-01-27T22:34:29.057557048Z: [    1.480140] PTP clock support registered
[STDERR  ] 2019-01-27T22:34:29.057569654Z: [    1.481216] PCI: Using ACPI for IRQ routing
[STDERR  ] 2019-01-27T22:34:29.057584069Z: [    1.955848] NetLabel: Initializing
[STDERR  ] 2019-01-27T22:34:29.057596575Z: [    1.956124] NetLabel:  domain hash size = 128
[STDERR  ] 2019-01-27T22:34:29.057609118Z: [    1.957127] NetLabel:  protocols = UNLABELED CIPSOv4 CALIPSO
[STDERR  ] 2019-01-27T22:34:29.057624607Z: [    1.958162] NetLabel:  unlabeled traffic allowed by default
[STDERR  ] 2019-01-27T22:34:29.057640567Z: [    1.959314] HPET: 3 timers in total, 0 timers will be used for per-cpu timer
[STDERR  ] 2019-01-27T22:34:29.057657226Z: [    1.960234] hpet0: at MMIO 0xfed00000, IRQs 2, 8, 0
[STDERR  ] 2019-01-27T22:34:29.057669604Z: [    1.961126] hpet0: 3 comparators, 64-bit 100.000000 MHz counter
[STDERR  ] 2019-01-27T22:34:29.057730813Z: [    1.966163] clocksource: Switched to clocksource kvm-clock
[STDERR  ] 2019-01-27T22:34:29.057743048Z: [    1.994509] VFS: Disk quotas dquot_6.6.0
[STDERR  ] 2019-01-27T22:34:29.057755458Z: [    1.998403] VFS: Dquot-cache hash table entries: 512 (order 0, 4096 bytes)
[STDERR  ] 2019-01-27T22:34:29.057767838Z: [    2.004959] FS-Cache: Loaded
[STDERR  ] 2019-01-27T22:34:29.057783310Z: [    2.007855] CacheFiles: Loaded
[STDERR  ] 2019-01-27T22:34:29.057795559Z: [    2.010880] pnp: PnP ACPI init
[STDERR  ] 2019-01-27T22:34:29.057808004Z: [    2.015006] pnp: PnP ACPI: found 5 devices
[STDERR  ] 2019-01-27T22:34:29.057820277Z: [    2.025351] clocksource: acpi_pm: mask: 0xffffff max_cycles: 0xffffff, max_idle_ns: 2085701024 ns
[STDERR  ] 2019-01-27T22:34:29.057839385Z: [    2.033858] NET: Registered protocol family 2
[STDERR  ] 2019-01-27T22:34:29.057852121Z: [    2.038984] tcp_listen_portaddr_hash hash table entries: 512 (order: 1, 8192 bytes)
[STDERR  ] 2019-01-27T22:34:29.057868134Z: [    2.046303] TCP established hash table entries: 8192 (order: 4, 65536 bytes)
[STDERR  ] 2019-01-27T22:34:29.057880403Z: [    2.053013] TCP bind hash table entries: 8192 (order: 5, 131072 bytes)
[STDERR  ] 2019-01-27T22:34:29.057892850Z: [    2.059349] TCP: Hash tables configured (established 8192 bind 8192)
[STDERR  ] 2019-01-27T22:34:29.057905149Z: [    2.065440] UDP hash table entries: 512 (order: 2, 16384 bytes)
[STDERR  ] 2019-01-27T22:34:29.057917585Z: [    2.071045] UDP-Lite hash table entries: 512 (order: 2, 16384 bytes)
[STDERR  ] 2019-01-27T22:34:29.057929832Z: [    2.077125] NET: Registered protocol family 1
[STDERR  ] 2019-01-27T22:34:29.057942225Z: [    2.081304] NET: Registered protocol family 44
[STDERR  ] 2019-01-27T22:34:29.057954449Z: [    2.085600] pci 0000:00:01.0: Video device with shadowed ROM at [mem 0x000c0000-0x000dffff]
[STDERR  ] 2019-01-27T22:34:29.057966774Z: [    2.093213] Trying to unpack rootfs image as initramfs...
[STDERR  ] 2019-01-27T22:34:29.057981044Z: [    2.675383] Freeing initrd memory: 28892K
[STDERR  ] 2019-01-27T22:34:29.057993367Z: [    2.679455] clocksource: tsc: mask: 0xffffffffffffffff max_cycles: 0x2126e418e51, max_idle_ns: 440795268186 ns
[STDERR  ] 2019-01-27T22:34:29.058009765Z: [    2.733703] PCLMULQDQ-NI instructions are not detected.
[STDERR  ] 2019-01-27T22:34:29.058022039Z: [    2.740794] AVX or AES-NI instructions are not detected.
[STDERR  ] 2019-01-27T22:34:29.058034228Z: [    2.745967] CPU feature 'AVX registers' is not supported.
[STDERR  ] 2019-01-27T22:34:29.058046399Z: [    2.751075] CPU feature 'AVX registers' is not supported.
[STDERR  ] 2019-01-27T22:34:29.058058655Z: [    2.756188] CPU feature 'AVX registers' is not supported.
[STDERR  ] 2019-01-27T22:34:29.058070895Z: [    2.761372] CPU feature 'AVX registers' is not supported.
[STDERR  ] 2019-01-27T22:34:29.058083209Z: [    2.766531] AVX2 or AES-NI instructions are not detected.
[STDERR  ] 2019-01-27T22:34:29.058095287Z: [    2.771662] AVX2 instructions are not detected.
[STDERR  ] 2019-01-27T22:34:29.058107508Z: [    2.776644] workingset: timestamp_bits=46 max_order=18 bucket_order=0
[STDERR  ] 2019-01-27T22:34:29.058119478Z: [    2.783117] squashfs: version 4.0 (2009/01/31) Phillip Lougher
[STDERR  ] 2019-01-27T22:34:29.058131682Z: [    2.788754] FS-Cache: Netfs 'cifs' registered for caching
[STDERR  ] 2019-01-27T22:34:29.058143907Z: [    2.794303] fuse init (API version 7.28)
[STDERR  ] 2019-01-27T22:34:29.058158077Z: [    2.798276] SGI XFS with ACLs, security attributes, no debug enabled
[STDERR  ] 2019-01-27T22:34:29.058170534Z: [    2.804506] 9p: Installing v9fs 9p2000 file system support
[STDERR  ] 2019-01-27T22:34:29.058182312Z: [    2.809757] FS-Cache: Netfs '9p' registered for caching
[STDERR  ] 2019-01-27T22:34:29.058197931Z: [    2.947247] NET: Registered protocol family 38
[STDERR  ] 2019-01-27T22:34:29.058210086Z: [    2.951870] Key type asymmetric registered
[STDERR  ] 2019-01-27T22:34:29.058222419Z: [    2.956373] Asymmetric key parser 'x509' registered
[STDERR  ] 2019-01-27T22:34:29.058236591Z: [    2.961266] Block layer SCSI generic (bsg) driver version 0.4 loaded (major 247)
[STDERR  ] 2019-01-27T22:34:29.058248977Z: [    2.968745] io scheduler noop registered
[STDERR  ] 2019-01-27T22:34:29.058261170Z: [    2.972706] io scheduler deadline registered (default)
[STDERR  ] 2019-01-27T22:34:29.058273476Z: [    2.977664] io scheduler cfq registered
[STDERR  ] 2019-01-27T22:34:29.058287082Z: [    2.981410] io scheduler mq-deadline registered (default)
[STDERR  ] 2019-01-27T22:34:29.058299263Z: [    2.986549] io scheduler kyber registered
[STDERR  ] 2019-01-27T22:34:29.058311363Z: [    2.990558] shpchp: Standard Hot Plug PCI Controller Driver version: 0.4
[STDERR  ] 2019-01-27T22:34:29.058325128Z: [    2.996929] hv_vmbus: registering driver hyperv_fb
[STDERR  ] 2019-01-27T22:34:29.058337277Z: [    3.001649] input: Power Button as /devices/LNXSYSTM:00/LNXPWRBN:00/input/input0
[STDERR  ] 2019-01-27T22:34:29.058350372Z: [    3.008664] ACPI: Power Button [PWRF]
[STDERR  ] 2019-01-27T22:34:29.058361295Z: [    3.012988] PCI Interrupt Link [GSIG] enabled at IRQ 22
[STDERR  ] 2019-01-27T22:34:29.058373545Z: [    3.024260] PCI Interrupt Link [GSIH] enabled at IRQ 23
[STDERR  ] 2019-01-27T22:34:29.058386064Z: [    3.035254] Serial: 8250/16550 driver, 4 ports, IRQ sharing disabled
[STDERR  ] 2019-01-27T22:34:29.058398132Z: [    3.075750] 00:04: ttyS0 at I/O 0x3f8 (irq = 4, base_baud = 115200) is a 16550A
[STDERR  ] 2019-01-27T22:34:29.058410746Z: [    3.083749] Non-volatile memory driver v1.3
[STDERR  ] 2019-01-27T22:34:29.058423047Z: [    3.089484] Hangcheck: starting hangcheck timer 0.9.1 (tick is 180 seconds, margin is 60 seconds).
[STDERR  ] 2019-01-27T22:34:29.058435355Z: [    3.098229] random: fast init done
[STDERR  ] 2019-01-27T22:34:29.058447642Z: [    3.102468] random: crng init done
[STDERR  ] 2019-01-27T22:34:29.058459809Z: [    3.107050] brd: module loaded
[STDERR  ] 2019-01-27T22:34:29.058472167Z: [    3.115090] loop: module loaded
[STDERR  ] 2019-01-27T22:34:29.058484329Z: [    3.122671] lpc_ich 0000:00:1f.0: I/O space for GPIO uninitialized
[STDERR  ] 2019-01-27T22:34:29.058507205Z: [    3.128673] VMware PVSCSI driver - version 1.0.7.0-k
[STDERR  ] 2019-01-27T22:34:29.058523563Z: [    3.133401] hv_vmbus: registering driver hv_storvsc
[STDERR  ] 2019-01-27T22:34:29.058536080Z: [    3.138736] PCI Interrupt Link [GSIA] enabled at IRQ 16
[STDERR  ] 2019-01-27T22:34:29.058548053Z: [    3.147475] ahci 0000:00:1f.2: AHCI 0001.0000 32 slots 6 ports 1.5 Gbps 0x3f impl SATA mode
[STDERR  ] 2019-01-27T22:34:29.058564572Z: [    3.155335] ahci 0000:00:1f.2: flags: 64bit ncq only 
[STDERR  ] 2019-01-27T22:34:29.058576726Z: [    3.164115] scsi host0: ahci
[STDERR  ] 2019-01-27T22:34:29.058589399Z: [    3.167059] scsi host1: ahci
[STDERR  ] 2019-01-27T22:34:29.058601493Z: [    3.169947] scsi host2: ahci
[STDERR  ] 2019-01-27T22:34:29.058613681Z: [    3.172858] scsi host3: ahci
[STDERR  ] 2019-01-27T22:34:29.058628450Z: [    3.175789] scsi host4: ahci
[STDERR  ] 2019-01-27T22:34:29.058640649Z: [    3.178699] scsi host5: ahci
[STDERR  ] 2019-01-27T22:34:29.058652871Z: [    3.181625] ata1: SATA max UDMA/133 abar m4096@0xfebd2000 port 0xfebd2100 irq 24
[STDERR  ] 2019-01-27T22:34:29.058665273Z: [    3.188625] ata2: SATA max UDMA/133 abar m4096@0xfebd2000 port 0xfebd2180 irq 24
[STDERR  ] 2019-01-27T22:34:29.058677591Z: [    3.195664] ata3: SATA max UDMA/133 abar m4096@0xfebd2000 port 0xfebd2200 irq 24
[STDERR  ] 2019-01-27T22:34:29.058689602Z: [    3.202696] ata4: SATA max UDMA/133 abar m4096@0xfebd2000 port 0xfebd2280 irq 24
[STDERR  ] 2019-01-27T22:34:29.058701931Z: [    3.209740] ata5: SATA max UDMA/133 abar m4096@0xfebd2000 port 0xfebd2300 irq 24
[STDERR  ] 2019-01-27T22:34:29.058717514Z: [    3.216798] ata6: SATA max UDMA/133 abar m4096@0xfebd2000 port 0xfebd2380 irq 24
[STDERR  ] 2019-01-27T22:34:29.058729891Z: [    3.226203] tun: Universal TUN/TAP device driver, 1.6
[STDERR  ] 2019-01-27T22:34:29.058742196Z: [    3.236364] VMware vmxnet3 virtual NIC driver - version 1.4.16.0-k-NAPI
[STDERR  ] 2019-01-27T22:34:29.058758124Z: [    3.242877] hv_vmbus: registering driver hv_netvsc
[STDERR  ] 2019-01-27T22:34:29.058770479Z: [    3.247486] Fusion MPT base driver 3.04.20
[STDERR  ] 2019-01-27T22:34:29.058782984Z: [    3.251423] Copyright (c) 1999-2008 LSI Corporation
[STDERR  ] 2019-01-27T22:34:29.058797815Z: [    3.256109] Fusion MPT SPI Host driver 3.04.20
[STDERR  ] 2019-01-27T22:34:29.058810581Z: [    3.260216] i8042: PNP: PS/2 Controller [PNP0303:KBD,PNP0f13:MOU] at 0x60,0x64 irq 1,12
[STDERR  ] 2019-01-27T22:34:29.058822726Z: [    3.271034] serio: i8042 KBD port at 0x60,0x64 irq 1
[STDERR  ] 2019-01-27T22:34:29.058841798Z: [    3.275468] serio: i8042 AUX port at 0x60,0x64 irq 12
[STDERR  ] 2019-01-27T22:34:29.058854350Z: [    3.279910] hv_vmbus: registering driver hyperv_keyboard
[STDERR  ] 2019-01-27T22:34:29.058869226Z: [    3.284583] mousedev: PS/2 mouse device common for all mice
[STDERR  ] 2019-01-27T22:34:29.058881630Z: [    3.290851] input: AT Translated Set 2 keyboard as /devices/platform/i8042/serio0/input/input1
[STDERR  ] 2019-01-27T22:34:29.058894286Z: [    3.298366] input: PC Speaker as /devices/platform/pcspkr/input/input2
[STDERR  ] 2019-01-27T22:34:29.058906609Z: [    3.305192] rtc_cmos 00:00: RTC can wake from S4
[STDERR  ] 2019-01-27T22:34:29.058919133Z: [    3.311885] rtc_cmos 00:00: registered as rtc0
[STDERR  ] 2019-01-27T22:34:29.058931336Z: [    3.315782] rtc_cmos 00:00: alarms up to one day, y3k, 114 bytes nvram, hpet irqs
[STDERR  ] 2019-01-27T22:34:29.058943611Z: [    3.322179] i2c /dev entries driver
[STDERR  ] 2019-01-27T22:34:29.058955785Z: [    3.325329] device-mapper: ioctl: 4.39.0-ioctl (2018-04-03) initialised: dm-devel@redhat.com
[STDERR  ] 2019-01-27T22:34:29.058968261Z: [    3.333401] usbcore: registered new interface driver usbhid
[STDERR  ] 2019-01-27T22:34:29.058980642Z: [    3.338370] usbhid: USB HID core driver
[STDERR  ] 2019-01-27T22:34:29.058992982Z: [    3.341748] hv_utils: Registering HyperV Utility Driver
[STDERR  ] 2019-01-27T22:34:29.059007769Z: [    3.346376] hv_vmbus: registering driver hv_util
[STDERR  ] 2019-01-27T22:34:29.059022452Z: [    3.350389] hv_vmbus: registering driver hv_balloon
[STDERR  ] 2019-01-27T22:34:29.059034794Z: [    3.354514] oprofile: using NMI interrupt.
[STDERR  ] 2019-01-27T22:34:29.059050844Z: [    3.358066] GACT probability on
[STDERR  ] 2019-01-27T22:34:29.059063170Z: [    3.360869] Mirror/redirect action on
[STDERR  ] 2019-01-27T22:34:29.059075637Z: [    3.364115] Simple TC action Loaded
[STDERR  ] 2019-01-27T22:34:29.059087859Z: [    3.367245] u32 classifier
[STDERR  ] 2019-01-27T22:34:29.059100344Z: [    3.369684]     Performance counters on
[STDERR  ] 2019-01-27T22:34:29.059125767Z: [    3.373079]     input device check on
[STDERR  ] 2019-01-27T22:34:29.059138510Z: [    3.376333]     Actions configured
[STDERR  ] 2019-01-27T22:34:29.059150873Z: [    3.379583] xt_time: kernel timezone is -0000
[STDERR  ] 2019-01-27T22:34:29.059163057Z: [    3.383437] IPVS: Registered protocols (TCP, UDP, SCTP, AH, ESP)
[STDERR  ] 2019-01-27T22:34:29.059175204Z: [    3.388639] IPVS: Connection hash table configured (size=4096, memory=64Kbytes)
[STDERR  ] 2019-01-27T22:34:29.059187604Z: [    3.395074] IPVS: ipvs loaded.
[STDERR  ] 2019-01-27T22:34:29.059207244Z: [    3.397887] IPVS: [rr] scheduler registered.
[STDERR  ] 2019-01-27T22:34:29.059219330Z: [    3.401859] IPVS: [wrr] scheduler registered.
[STDERR  ] 2019-01-27T22:34:29.059231716Z: [    3.405800] IPVS: [lc] scheduler registered.
[STDERR  ] 2019-01-27T22:34:29.059244365Z: [    3.409560] IPVS: [wlc] scheduler registered.
[STDERR  ] 2019-01-27T22:34:29.059256857Z: [    3.413366] IPVS: [fo] scheduler registered.
[STDERR  ] 2019-01-27T22:34:29.059269031Z: [    3.417176] IPVS: [ovf] scheduler registered.
[STDERR  ] 2019-01-27T22:34:29.059284765Z: [    3.420892] IPVS: [lblc] scheduler registered.
[STDERR  ] 2019-01-27T22:34:29.059303410Z: [    3.424724] IPVS: [lblcr] scheduler registered.
[STDERR  ] 2019-01-27T22:34:29.059316095Z: [    3.428683] IPVS: [dh] scheduler registered.
[STDERR  ] 2019-01-27T22:34:29.059328390Z: [    3.432715] IPVS: [sh] scheduler registered.
[STDERR  ] 2019-01-27T22:34:29.059340507Z: [    3.436398] IPVS: [mh] scheduler registered.
[STDERR  ] 2019-01-27T22:34:29.059353088Z: [    3.440376] IPVS: [sed] scheduler registered.
[STDERR  ] 2019-01-27T22:34:29.059365405Z: [    3.444150] IPVS: [nq] scheduler registered.
[STDERR  ] 2019-01-27T22:34:29.059377821Z: [    3.448109] IPVS: ftp: loaded support on port[0] = 21
[STDERR  ] 2019-01-27T22:34:29.059389838Z: [    3.452548] ipip: IPv4 and MPLS over IPv4 tunneling driver
[STDERR  ] 2019-01-27T22:34:29.059402156Z: [    3.457607] gre: GRE over IPv4 demultiplexor driver
[STDERR  ] 2019-01-27T22:34:29.059414278Z: [    3.461912] ipt_CLUSTERIP: ClusterIP Version 0.8 loaded successfully
[STDERR  ] 2019-01-27T22:34:29.059427707Z: [    3.467816] NET: Registered protocol family 10
[STDERR  ] 2019-01-27T22:34:29.059440225Z: [    3.472064] Segment Routing with IPv6
[STDERR  ] 2019-01-27T22:34:29.059452729Z: [    3.475915] NET: Registered protocol family 17
[STDERR  ] 2019-01-27T22:34:29.059465153Z: [    3.479857] Bridge firewalling registered
[STDERR  ] 2019-01-27T22:34:29.059477361Z: [    3.483664] 8021q: 802.1Q VLAN Support v1.8
[STDERR  ] 2019-01-27T22:34:29.059499883Z: [    3.487639] 9pnet: Installing 9P2000 support
[STDERR  ] 2019-01-27T22:34:29.059512050Z: [    3.491684] Key type dns_resolver registered
[STDERR  ] 2019-01-27T22:34:29.059524428Z: [    3.495687] registered taskstats version 1
[STDERR  ] 2019-01-27T22:34:29.059542742Z: [    3.512128] Key type big_key registered
[STDERR  ] 2019-01-27T22:34:29.059554976Z: [    3.523034] Key type trusted registered
[STDERR  ] 2019-01-27T22:34:29.059566684Z: [    3.533436] Key type encrypted registered
[STDERR  ] 2019-01-27T22:34:29.059579285Z: [    3.538067] ata4: SATA link down (SStatus 0 SControl 300)
[STDERR  ] 2019-01-27T22:34:29.059594831Z: [    3.544060] ata3: SATA link up 1.5 Gbps (SStatus 113 SControl 300)
[STDERR  ] 2019-01-27T22:34:29.059610024Z: [    3.550994] ata2: SATA link down (SStatus 0 SControl 300)
[STDERR  ] 2019-01-27T22:34:29.059622455Z: [    3.556940] ata1: SATA link down (SStatus 0 SControl 300)
[STDERR  ] 2019-01-27T22:34:29.059634831Z: [    3.562951] ata6: SATA link down (SStatus 0 SControl 300)
[STDERR  ] 2019-01-27T22:34:29.059651173Z: [    3.568930] ata5: SATA link down (SStatus 0 SControl 300)
[STDERR  ] 2019-01-27T22:34:29.059663550Z: [    3.574377] ima: No TPM chip found, activating TPM-bypass!
[STDERR  ] 2019-01-27T22:34:29.059675988Z: [    3.579656] ata3.00: ATAPI: QEMU DVD-ROM, 2.5+, max UDMA/100
[STDERR  ] 2019-01-27T22:34:29.059688595Z: [    3.585096] ata3.00: applying bridge limits
[STDERR  ] 2019-01-27T22:34:29.059700730Z: [    3.589498] ima: Allocated hash algorithm: sha256
[STDERR  ] 2019-01-27T22:34:29.059713022Z: [    3.594274] evm: Initialising EVM extended attributes:
[STDERR  ] 2019-01-27T22:34:29.059725628Z: [    3.599175] evm: security.ima
[STDERR  ] 2019-01-27T22:34:29.059738330Z: [    3.602069] evm: security.capability
[STDERR  ] 2019-01-27T22:34:29.059750515Z: [    3.605506] evm: HMAC attrs: 0x1
[STDERR  ] 2019-01-27T22:34:29.059762771Z: [    3.608942] ata3.00: configured for UDMA/100
[STDERR  ] 2019-01-27T22:34:29.059775061Z: [    3.614256] scsi 2:0:0:0: CD-ROM            QEMU     QEMU DVD-ROM     2.5+ PQ: 0 ANSI: 5
[STDERR  ] 2019-01-27T22:34:29.059787837Z: [    3.624220] rtc_cmos 00:00: setting system clock to 2019-01-27 22:34:23 UTC (1548628463)
[STDERR  ] 2019-01-27T22:34:29.059800032Z: [    3.631932] Unstable clock detected, switching default tracing clock to "global"
[STDERR  ] 2019-01-27T22:34:29.059812385Z: [    3.631932] If you want to keep using the local clock, then add:
[STDERR  ] 2019-01-27T22:34:29.059824895Z: [    3.631932]   "trace_clock=local"
[STDERR  ] 2019-01-27T22:34:29.059846385Z: [    3.631932] on the kernel command line
[STDERR  ] 2019-01-27T22:34:29.059858515Z: [    3.653308] sr 2:0:0:0: [sr0] scsi3-mmc drive: 4x/4x cd/rw xa/form2 tray
[STDERR  ] 2019-01-27T22:34:29.059871289Z: [    3.663926] cdrom: Uniform CD-ROM driver Revision: 3.20
[STDERR  ] 2019-01-27T22:34:29.059883495Z: [    3.669502] sr 2:0:0:0: Attached scsi generic sg0 type 5
[STDERR  ] 2019-01-27T22:34:29.059895622Z: [    3.676562] Freeing unused kernel image memory: 1596K
[STDERR  ] 2019-01-27T22:34:29.059907984Z: [    3.683338] Write protecting the kernel read-only data: 18432k
[STDERR  ] 2019-01-27T22:34:29.059922761Z: [    3.689449] Freeing unused kernel image memory: 2036K
[STDERR  ] 2019-01-27T22:34:29.059935059Z: [    3.694327] Freeing unused kernel image memory: 1012K
[STDERR  ] 2019-01-27T22:34:29.059947124Z: [    3.698727] Run /init as init process
[STDERR  ] 2019-01-27T22:34:29.059959389Z: 
[STDERR  ] 2019-01-27T22:34:29.059972009Z: Welcome to LinuxKit
[STDERR  ] 2019-01-27T22:34:29.059985059Z: 
[STDERR  ] 2019-01-27T22:34:29.059998945Z:                         ##         .
[STDERR  ] 2019-01-27T22:34:29.060011260Z:                   ## ## ##        ==
[STDERR  ] 2019-01-27T22:34:29.060023319Z:                ## ## ## ## ##    ===
[STDERR  ] 2019-01-27T22:34:29.060035716Z:            /"""""""""""""""""\___/ ===
[STDERR  ] 2019-01-27T22:34:29.060048088Z:           {                       /  ===-
[STDERR  ] 2019-01-27T22:34:29.060060290Z:            \______ O           __/
[STDERR  ] 2019-01-27T22:34:29.060072756Z:              \    \         __/
[STDERR  ] 2019-01-27T22:34:29.060086688Z:               \____\_______/
[STDERR  ] 2019-01-27T22:34:29.060099153Z: 
[STDERR  ] 2019-01-27T22:34:29.060112860Z: [    4.621725] RPC: Registered named UNIX socket transport module.
[STDERR  ] 2019-01-27T22:34:29.060125388Z: [    4.627476] RPC: Registered udp transport module.
[STDERR  ] 2019-01-27T22:34:29.060137493Z: [    4.631975] RPC: Registered tcp transport module.
[STDERR  ] 2019-01-27T22:34:29.060149927Z: [    4.636497] RPC: Registered tcp NFSv4.1 backchannel transport module.
[STDERR  ] 2019-01-27T22:34:29.060162271Z: [    4.652376] FS-Cache: Netfs 'nfs' registered for caching
[STDERR  ] 2019-01-27T22:34:29.060174427Z: [    4.668275] Installing knfsd (copyright (C) 1996 okir@monad.swb.de).
[STDERR  ] 2019-01-27T22:34:29.060186685Z: [    4.677719] ntfs: driver 2.1.32 [Flags: R/O MODULE].
[STDERR  ] 2019-01-27T22:34:29.060198773Z: starting kernel config sanity test with /proc/config.gz
[STDERR  ] 2019-01-27T22:34:29.060214643Z: kernel config test succeeded!
[STDERR  ] 2019-01-27T22:34:29.060227082Z: [37minfo: reading kernel config from /proc/config.gz ...[m
[STDERR  ] 2019-01-27T22:34:29.060239309Z: 
[STDERR  ] 2019-01-27T22:34:29.060251650Z: Generally Necessary:
[STDERR  ] 2019-01-27T22:34:29.060264170Z: - [37mcgroup hierarchy[m: [32mproperly mounted[m [/sys/fs/cgroup]
[STDERR  ] 2019-01-27T22:34:29.060278507Z: - [37mCONFIG_NAMESPACES[m: [32menabled[m
[STDERR  ] 2019-01-27T22:34:29.060292814Z: - [37mCONFIG_NET_NS[m: [32menabled[m
[STDERR  ] 2019-01-27T22:34:29.060304981Z: - [37mCONFIG_PID_NS[m: [32menabled[m
[STDERR  ] 2019-01-27T22:34:29.060317332Z: - [37mCONFIG_IPC_NS[m: [32menabled[m
[STDERR  ] 2019-01-27T22:34:29.060329342Z: - [37mCONFIG_UTS_NS[m: [32menabled[m
[STDERR  ] 2019-01-27T22:34:29.060341166Z: - [37mCONFIG_CGROUPS[m: [32menabled[m
[STDERR  ] 2019-01-27T22:34:29.060353466Z: - [37mCONFIG_CGROUP_CPUACCT[m: [32menabled[m
[STDERR  ] 2019-01-27T22:34:29.060365559Z: - [37mCONFIG_CGROUP_DEVICE[m: [32menabled[m
[STDERR  ] 2019-01-27T22:34:29.060377782Z: - [37mCONFIG_CGROUP_FREEZER[m: [32menabled[m
[STDERR  ] 2019-01-27T22:34:29.060390040Z: - [37mCONFIG_CGROUP_SCHED[m: [32menabled[m
[STDERR  ] 2019-01-27T22:34:29.060402155Z: - [37mCONFIG_CPUSETS[m: [32menabled[m
[STDERR  ] 2019-01-27T22:34:29.060414133Z: - [37mCONFIG_MEMCG[m: [32menabled[m
[STDERR  ] 2019-01-27T22:34:29.060426286Z: - [37mCONFIG_KEYS[m: [32menabled[m
[STDERR  ] 2019-01-27T22:34:29.060442407Z: - [37mCONFIG_VETH[m: [32menabled[m
[STDERR  ] 2019-01-27T22:34:29.060454902Z: - [37mCONFIG_BRIDGE[m: [32menabled[m
[STDERR  ] 2019-01-27T22:34:29.060469233Z: - [37mCONFIG_BRIDGE_NETFILTER[m: [32menabled[m
[STDERR  ] 2019-01-27T22:34:29.060481628Z: - [37mCONFIG_NF_NAT_IPV4[m: [32menabled[m
[STDERR  ] 2019-01-27T22:34:29.060502301Z: - [37mCONFIG_IP_NF_FILTER[m: [32menabled[m
[STDERR  ] 2019-01-27T22:34:29.060514649Z: - [37mCONFIG_IP_NF_TARGET_MASQUERADE[m: [32menabled[m
[STDERR  ] 2019-01-27T22:34:29.060526709Z: - [37mCONFIG_NETFILTER_XT_MATCH_ADDRTYPE[m: [32menabled[m
[STDERR  ] 2019-01-27T22:34:29.060539055Z: - [37mCONFIG_NETFILTER_XT_MATCH_CONNTRACK[m: [32menabled[m
[STDERR  ] 2019-01-27T22:34:29.060551440Z: - [37mCONFIG_NETFILTER_XT_MATCH_IPVS[m: [32menabled[m
[STDERR  ] 2019-01-27T22:34:29.060565413Z: - [37mCONFIG_IP_NF_NAT[m: [32menabled[m
[STDERR  ] 2019-01-27T22:34:29.060577704Z: - [37mCONFIG_NF_NAT[m: [32menabled[m
[STDERR  ] 2019-01-27T22:34:29.060590550Z: - [37mCONFIG_NF_NAT_NEEDED[m: [32menabled[m
[STDERR  ] 2019-01-27T22:34:29.060606653Z: - [37mCONFIG_POSIX_MQUEUE[m: [32menabled[m
[STDERR  ] 2019-01-27T22:34:29.060619202Z: 
[STDERR  ] 2019-01-27T22:34:29.060631737Z: Optional Features:
[STDERR  ] 2019-01-27T22:34:29.060660818Z: - [37mCONFIG_USER_NS[m: [32menabled[m
[STDERR  ] 2019-01-27T22:34:29.060677216Z: - [37mCONFIG_SECCOMP[m: [32menabled[m
[STDERR  ] 2019-01-27T22:34:29.060689656Z: - [37mCONFIG_CGROUP_PIDS[m: [32menabled[m
[STDERR  ] 2019-01-27T22:34:29.060702409Z: - [37mCONFIG_MEMCG_SWAP[m: [32menabled[m
[STDERR  ] 2019-01-27T22:34:29.060717247Z: - [37mCONFIG_MEMCG_SWAP_ENABLED[m: [32menabled[m
[STDERR  ] 2019-01-27T22:34:29.060729667Z:     [1;30m(cgroup swap accounting is currently enabled)[m
[STDERR  ] 2019-01-27T22:34:29.060743993Z: - [1mCONFIG_LEGACY_VSYSCALL_NONE[m: [1;31menabled[m
[STDERR  ] 2019-01-27T22:34:29.060756192Z:     [1;30m(containers using eglibc <= 2.13 will not work. Switch to[m
[STDERR  ] 2019-01-27T22:34:29.060768682Z:     [1;30m "CONFIG_VSYSCALL_[NATIVE|EMULATE]" or use "vsyscall=[native|emulate]"[m
[STDERR  ] 2019-01-27T22:34:29.060781268Z:     [1;30m on kernel command line. Note that this will disable ASLR for the,[m
[STDERR  ] 2019-01-27T22:34:29.060793619Z:     [1;30m VDSO which may assist in exploiting security vulnerabilities.)[m
[STDERR  ] 2019-01-27T22:34:29.060805770Z: - [37mCONFIG_BLK_CGROUP[m: [32menabled[m
[STDERR  ] 2019-01-27T22:34:29.060822219Z: - [37mCONFIG_BLK_DEV_THROTTLING[m: [32menabled[m
[STDERR  ] 2019-01-27T22:34:29.060842405Z: - [37mCONFIG_IOSCHED_CFQ[m: [32menabled[m
[STDERR  ] 2019-01-27T22:34:29.060854645Z: - [37mCONFIG_CFQ_GROUP_IOSCHED[m: [32menabled[m
[STDERR  ] 2019-01-27T22:34:29.060867146Z: - [37mCONFIG_CGROUP_PERF[m: [32menabled[m
[STDERR  ] 2019-01-27T22:34:29.060879239Z: - [37mCONFIG_CGROUP_HUGETLB[m: [32menabled[m
[STDERR  ] 2019-01-27T22:34:29.060891626Z: - [37mCONFIG_NET_CLS_CGROUP[m: [32menabled[m
[STDERR  ] 2019-01-27T22:34:29.060903731Z: - [37mCONFIG_CGROUP_NET_PRIO[m: [32menabled[m
[STDERR  ] 2019-01-27T22:34:29.060915858Z: - [37mCONFIG_CFS_BANDWIDTH[m: [32menabled[m
[STDERR  ] 2019-01-27T22:34:29.060928121Z: - [37mCONFIG_FAIR_GROUP_SCHED[m: [32menabled[m
[STDERR  ] 2019-01-27T22:34:29.060940229Z: - [37mCONFIG_RT_GROUP_SCHED[m: [32menabled[m
[STDERR  ] 2019-01-27T22:34:29.060952552Z: - [37mCONFIG_IP_VS[m: [32menabled[m
[STDERR  ] 2019-01-27T22:34:29.060964949Z: - [37mCONFIG_IP_VS_NFCT[m: [32menabled[m
[STDERR  ] 2019-01-27T22:34:29.060977174Z: - [37mCONFIG_IP_VS_RR[m: [32menabled[m
[STDERR  ] 2019-01-27T22:34:29.060989330Z: - [37mCONFIG_EXT4_FS[m: [32menabled[m
[STDERR  ] 2019-01-27T22:34:29.061001875Z: - [37mCONFIG_EXT4_FS_POSIX_ACL[m: [32menabled[m
[STDERR  ] 2019-01-27T22:34:29.061016503Z: - [37mCONFIG_EXT4_FS_SECURITY[m: [32menabled[m
[STDERR  ] 2019-01-27T22:34:29.061028872Z: - Network Drivers:
[STDERR  ] 2019-01-27T22:34:29.061045079Z:   - "[34moverlay[m":
[STDERR  ] 2019-01-27T22:34:29.061057809Z:     - [37mCONFIG_VXLAN[m: [32menabled[m
[STDERR  ] 2019-01-27T22:34:29.061071658Z:       Optional (for encrypted networks):
[STDERR  ] 2019-01-27T22:34:29.061083897Z:       - [37mCONFIG_CRYPTO[m: [32menabled[m
[STDERR  ] 2019-01-27T22:34:29.061098254Z:       - [37mCONFIG_CRYPTO_AEAD[m: [32menabled[m
[STDERR  ] 2019-01-27T22:34:29.061110432Z:       - [37mCONFIG_CRYPTO_GCM[m: [32menabled[m
[STDERR  ] 2019-01-27T22:34:29.061122439Z:       - [37mCONFIG_CRYPTO_SEQIV[m: [32menabled[m
[STDERR  ] 2019-01-27T22:34:29.061134875Z:       - [37mCONFIG_CRYPTO_GHASH[m: [32menabled[m
[STDERR  ] 2019-01-27T22:34:29.061147023Z:       - [37mCONFIG_XFRM[m: [32menabled[m
[STDERR  ] 2019-01-27T22:34:29.061158989Z:       - [37mCONFIG_XFRM_USER[m: [32menabled (as module)[m
[STDERR  ] 2019-01-27T22:34:29.061171320Z:       - [37mCONFIG_XFRM_ALGO[m: [32menabled (as module)[m
[STDERR  ] 2019-01-27T22:34:29.061184121Z:       - [37mCONFIG_INET_ESP[m: [32menabled (as module)[m
[STDERR  ] 2019-01-27T22:34:29.061196357Z:       - [37mCONFIG_INET_XFRM_MODE_TRANSPORT[m: [32menabled (as module)[m
[STDERR  ] 2019-01-27T22:34:29.061208394Z:   - "[34mipvlan[m":
[STDERR  ] 2019-01-27T22:34:29.061220665Z:     - [37mCONFIG_IPVLAN[m: [32menabled[m
[STDERR  ] 2019-01-27T22:34:29.061232905Z:   - "[34mmacvlan[m":
[STDERR  ] 2019-01-27T22:34:29.061245296Z:     - [37mCONFIG_MACVLAN[m: [32menabled[m
[STDERR  ] 2019-01-27T22:34:29.061257444Z:     - [37mCONFIG_DUMMY[m: [32menabled (as module)[m
[STDERR  ] 2019-01-27T22:34:29.061269996Z:   - "[34mftp,tftp client in container[m":
[STDERR  ] 2019-01-27T22:34:29.061282279Z:     - [37mCONFIG_NF_NAT_FTP[m: [32menabled[m
[STDERR  ] 2019-01-27T22:34:29.061294698Z:     - [37mCONFIG_NF_CONNTRACK_FTP[m: [32menabled[m
[STDERR  ] 2019-01-27T22:34:29.061306962Z:     - [37mCONFIG_NF_NAT_TFTP[m: [32menabled[m
[STDERR  ] 2019-01-27T22:34:29.061321613Z:     - [37mCONFIG_NF_CONNTRACK_TFTP[m: [32menabled[m
[STDERR  ] 2019-01-27T22:34:29.061333883Z: - Storage Drivers:
[STDERR  ] 2019-01-27T22:34:29.061346511Z:   - "[34maufs[m":
[STDERR  ] 2019-01-27T22:34:29.061359024Z:     - [1mCONFIG_AUFS_FS[m: [1;31mmissing[m
[STDERR  ] 2019-01-27T22:34:29.061371104Z:   - "[34mbtrfs[m":
[STDERR  ] 2019-01-27T22:34:29.061383276Z:     - [37mCONFIG_BTRFS_FS[m: [32menabled (as module)[m
[STDERR  ] 2019-01-27T22:34:29.061395246Z:     - [37mCONFIG_BTRFS_FS_POSIX_ACL[m: [32menabled[m
[STDERR  ] 2019-01-27T22:34:29.061411243Z:   - "[34mdevicemapper[m":
[STDERR  ] 2019-01-27T22:34:29.061423535Z:     - [37mCONFIG_BLK_DEV_DM[m: [32menabled[m
[STDERR  ] 2019-01-27T22:34:29.061435911Z:     - [37mCONFIG_DM_THIN_PROVISIONING[m: [32menabled[m
[STDERR  ] 2019-01-27T22:34:29.061447976Z:   - "[34moverlay[m":
[STDERR  ] 2019-01-27T22:34:29.061462211Z:     - [37mCONFIG_OVERLAY_FS[m: [32menabled[m
[STDERR  ] 2019-01-27T22:34:29.061474664Z:   - "[34mzfs[m":
[STDERR  ] 2019-01-27T22:34:29.061497418Z:     - [1m/dev/zfs[m: [1;31mmissing[m
[STDERR  ] 2019-01-27T22:34:29.061509677Z:     - [1mzfs command[m: [1;31mmissing[m
[STDERR  ] 2019-01-27T22:34:29.061521942Z:     - [1mzpool command[m: [1;31mmissing[m
[STDERR  ] 2019-01-27T22:34:29.061534284Z: 
[STDERR  ] 2019-01-27T22:34:29.061548552Z: Limits:
[STDERR  ] 2019-01-27T22:34:29.061561164Z: [37m- /proc/sys/kernel/keys/root_maxkeys[m: [32m1000000[m
[STDERR  ] 2019-01-27T22:34:29.061573770Z: 
[STDERR  ] 2019-01-27T22:34:29.061585912Z: Kernel config test suite PASSED
[STDERR  ] 2019-01-27T22:34:29.061598245Z: [    8.991974] ACPI: Preparing to enter system sleep state S5
[STDERR  ] 2019-01-27T22:34:29.061610614Z: [    8.997713] reboot: Power down
[STDERR  ] 2019-01-27T22:34:29.061622656Z: + exit 0
[STDERR  ] 2019-01-27T22:34:29.061635013Z: + clean_up
[STDERR  ] 2019-01-27T22:34:29.061647627Z: + rm -rf kconfig-cmdline kconfig-initrd.img kconfig-kernel kconfig-state
[PASS    ] linuxkit.kernel.config_4.20.x 28.26s
