[STDERR  ] 2019-01-27T22:45:12.102024584Z: [    1.465360] CPU feature 'AVX registers' is not supported.
[INFO    ] 2019-01-27T22:45:12.102026743Z: Running Test linuxkit.packages.dm-crypt.luks in /tmp/build/test/cases/040_packages/004_dm-crypt/001_luks
[STDERR  ] 2019-01-27T22:45:12.102055293Z: [    1.470615] CPU feature 'AVX registers' is not supported.
[STDERR  ] 2019-01-27T22:45:12.102067356Z: [    1.475850] AVX2 or AES-NI instructions are not detected.
[STDERR  ] 2019-01-27T22:45:12.102079115Z: [    1.481112] AVX2 instructions are not detected.
[STDERR  ] 2019-01-27T22:45:12.102091622Z: [    1.485771] audit: initializing netlink subsys (disabled)
[STDERR  ] 2019-01-27T22:45:12.102102888Z: [    1.491445] audit: type=2000 audit(1548629094.975:1): state=initialized audit_enabled=0 res=1
[STDERR  ] 2019-01-27T22:45:12.102119884Z: [    1.499721] workingset: timestamp_bits=46 max_order=18 bucket_order=0
[STDERR  ] 2019-01-27T22:45:12.102146792Z: [    1.506392] squashfs: version 4.0 (2009/01/31) Phillip Lougher
[STDERR  ] 2019-01-27T22:45:12.102159214Z: [    1.512188] FS-Cache: Netfs 'cifs' registered for caching
[STDERR  ] 2019-01-27T22:45:12.102170400Z: [    1.517475] fuse init (API version 7.26)
[INFO    ] 2019-01-27T22:45:12.102169937Z: Running command: [/bin/sh -x /tmp/build/test/cases/040_packages/004_dm-crypt/001_luks/test.sh]
[STDERR  ] 2019-01-27T22:45:12.102183201Z: [    1.521451] SGI XFS with ACLs, security attributes, no debug enabled
[STDERR  ] 2019-01-27T22:45:12.102195521Z: [    1.527863] 9p: Installing v9fs 9p2000 file system support
[STDERR  ] 2019-01-27T22:45:12.102207252Z: [    1.533217] FS-Cache: Netfs '9p' registered for caching
[STDERR  ] 2019-01-27T22:45:12.102219729Z: [    1.539583] NET: Registered protocol family 38
[STDERR  ] 2019-01-27T22:45:12.102231842Z: [    1.543997] Key type asymmetric registered
[STDERR  ] 2019-01-27T22:45:12.102244040Z: [    1.548161] Asymmetric key parser 'x509' registered
[STDERR  ] 2019-01-27T22:45:12.102255140Z: [    1.552956] Block layer SCSI generic (bsg) driver version 0.4 loaded (major 247)
[STDERR  ] 2019-01-27T22:45:12.102275290Z: [    1.560123] io scheduler noop registered
[STDERR  ] 2019-01-27T22:45:12.102289739Z: [    1.563998] io scheduler deadline registered (default)
[STDERR  ] 2019-01-27T22:45:12.102300792Z: [    1.569070] io scheduler cfq registered
[STDERR  ] 2019-01-27T22:45:12.102312298Z: [    1.572877] io scheduler mq-deadline registered
[STDERR  ] 2019-01-27T22:45:12.102325414Z: [    1.577325] io scheduler kyber registered
[STDERR  ] 2019-01-27T22:45:12.102339150Z: [    1.581400] shpchp: Standard Hot Plug PCI Controller Driver version: 0.4
[STDERR  ] 2019-01-27T22:45:12.102351682Z: [    1.587930] hv_vmbus: registering driver hyperv_fb
[STDERR  ] 2019-01-27T22:45:12.102362668Z: [    1.592842] input: Power Button as /devices/LNXSYSTM:00/LNXPWRBN:00/input/input0
[STDERR  ] 2019-01-27T22:45:12.102374660Z: [    1.599998] ACPI: Power Button [PWRF]
[STDERR  ] 2019-01-27T22:45:12.102387500Z: [    1.604331] ACPI: PCI Interrupt Link [GSIG] enabled at IRQ 22
[STDERR  ] 2019-01-27T22:45:12.102402371Z: [    1.615978] ACPI: PCI Interrupt Link [GSIH] enabled at IRQ 23
[STDERR  ] 2019-01-27T22:45:12.102415842Z: [    1.627548] Serial: 8250/16550 driver, 4 ports, IRQ sharing disabled
[STDERR  ] 2019-01-27T22:45:12.102429780Z: [    1.668614] 00:04: ttyS0 at I/O 0x3f8 (irq = 4, base_baud = 115200) is a 16550A
[STDERR  ] 2019-01-27T22:45:12.102442077Z: [    1.676991] Non-volatile memory driver v1.3
[STDERR  ] 2019-01-27T22:45:12.102453258Z: [    1.682790] Hangcheck: starting hangcheck timer 0.9.1 (tick is 180 seconds, margin is 60 seconds).
[STDERR  ] 2019-01-27T22:45:12.102468800Z: [    1.691638] random: fast init done
[STDERR  ] 2019-01-27T22:45:12.102480450Z: [    1.696144] random: crng init done
[STDERR  ] 2019-01-27T22:45:12.102498498Z: [    1.700564] brd: module loaded
[STDERR  ] 2019-01-27T22:45:12.102510871Z: [    1.706804] loop: module loaded
[STDERR  ] 2019-01-27T22:45:12.102521992Z: [    1.713792] lpc_ich 0000:00:1f.0: I/O space for GPIO uninitialized
[STDERR  ] 2019-01-27T22:45:12.102534680Z: [    1.719988] VMware PVSCSI driver - version 1.0.7.0-k
[STDERR  ] 2019-01-27T22:45:12.102552121Z: [    1.724784] hv_vmbus: registering driver hv_storvsc
[STDERR  ] 2019-01-27T22:45:12.102565427Z: [    1.730147] ACPI: PCI Interrupt Link [GSIA] enabled at IRQ 16
[STDERR  ] 2019-01-27T22:45:12.102577631Z: [    1.739676] ahci 0000:00:1f.2: AHCI 0001.0000 32 slots 6 ports 1.5 Gbps 0x3f impl SATA mode
[STDERR  ] 2019-01-27T22:45:12.102591814Z: [    1.747690] ahci 0000:00:1f.2: flags: 64bit ncq only 
[STDERR  ] 2019-01-27T22:45:12.102606644Z: [    1.756613] scsi host0: ahci
[STDERR  ] 2019-01-27T22:45:12.102618521Z: [    1.759591] scsi host1: ahci
[STDERR  ] 2019-01-27T22:45:12.102631183Z: [    1.762613] scsi host2: ahci
[STDERR  ] 2019-01-27T22:45:12.102643625Z: [    1.765593] scsi host3: ahci
[STDERR  ] 2019-01-27T22:45:12.102654999Z: [    1.768563] scsi host4: ahci
[STDERR  ] 2019-01-27T22:45:12.102666579Z: [    1.771546] scsi host5: ahci
[STDERR  ] 2019-01-27T22:45:12.102679213Z: [    1.774546] ata1: SATA max UDMA/133 abar m4096@0xfebd2000 port 0xfebd2100 irq 24
[STDERR  ] 2019-01-27T22:45:12.102693905Z: [    1.781807] ata2: SATA max UDMA/133 abar m4096@0xfebd2000 port 0xfebd2180 irq 24
[STDERR  ] 2019-01-27T22:45:12.102705424Z: [    1.788931] ata3: SATA max UDMA/133 abar m4096@0xfebd2000 port 0xfebd2200 irq 24
[STDERR  ] 2019-01-27T22:45:12.102719324Z: [    1.796665] ata4: SATA max UDMA/133 abar m4096@0xfebd2000 port 0xfebd2280 irq
[STDERR  ] 2019-01-27T22:45:12.138167014Z: + set -e
[STDERR  ] 2019-01-27T22:45:12.138259693Z: + . /tmp/build/test/cases/_lib/lib.sh
[STDERR  ] 2019-01-27T22:45:12.138353156Z: + [ -f src/github.com/linuxkit/rtf/lib/lib.sh ]
[STDERR  ] 2019-01-27T22:45:12.138366162Z: + LINUXKIT_TMPDIR=/tmp/build/test/cases/_tmp
[STDERR  ] 2019-01-27T22:45:12.138380075Z: + [ -f /tmp/build/test/cases/_tmp/env.sh ]
[STDERR  ] 2019-01-27T22:45:12.138403502Z: + . /tmp/build/test/cases/_tmp/env.sh
[STDERR  ] 2019-01-27T22:45:12.138416763Z: + export LINUXKIT_EXAMPLES_DIR=/tmp/build/test/cases/../../examples
[STDERR  ] 2019-01-27T22:45:12.138430442Z: + RT_CANCEL=253
[STDERR  ] 2019-01-27T22:45:12.138442531Z: + NAME=dm-crypt
[STDERR  ] 2019-01-27T22:45:12.138454910Z: + DISK=disk.img
[STDERR  ] 2019-01-27T22:45:12.138466799Z: + trap clean_up EXIT
[STDERR  ] 2019-01-27T22:45:12.138479690Z: + linuxkit build -format kernel+initrd -name dm-crypt test.yml
[STDERR  ] 2019-01-27T22:45:12.172949294Z: Extract kernel image: linuxkit/kernel:4.14.88
[STDERR  ] 2019-01-27T22:45:14.098466226Z: Add init containers:
[STDERR  ] 2019-01-27T22:45:14.098546296Z: Process init image: linuxkit/init:c563953a2277eb73a89d89f70e4b6dcdcfebc2d1
[STDERR  ] 2019-01-27T22:45:15.292171750Z: Process init image: linuxkit/runc:83d0edb4552b1a5df1f0976f05f442829eac38fe
[STDERR  ] 2019-01-27T22:45:16.433877970Z: Add onboot containers:
[STDERR  ] 2019-01-27T22:45:16.433961740Z:   Create OCI config for linuxkit/dm-crypt:9e41a164358b0235f0c242219b1a424c6552d46c
[STDERR  ] 2019-01-27T22:45:17.596947270Z:   Create OCI config for alpine:3.8
[STDERR  ] 2019-01-27T22:45:18.761932251Z:   Create OCI config for linuxkit/poweroff:afe8f7dd0d47a7991c54519b0f09124cb8c4e300
[STDERR  ] 2019-01-27T22:45:19.904588357Z: Add files:
[STDERR  ] 2019-01-27T22:45:19.904647573Z:   check.sh
[STDERR  ] 2019-01-27T22:45:19.905325646Z:   etc/dm-crypt/key
[STDERR  ] 2019-01-27T22:45:19.905449894Z: Create outputs:
[STDERR  ] 2019-01-27T22:45:25.465647457Z:   dm-crypt-kernel dm-crypt-initrd.img dm-crypt-cmdline
[STDERR  ] 2019-01-27T22:45:25.528732846Z: + linuxkit run -disk file=disk.img,size=8M dm-crypt
[STDERR  ] 2019-01-27T22:45:46.344157466Z: + RESULT=[    0.000000] Linux version 4.14.88-linuxkit (root@e9515dce7e93) (gcc version 6.4.0 (Alpine 6.4.0)) #1 SMP Thu Dec 13 23:53:55 UTC 2018
[STDERR  ] 2019-01-27T22:45:46.344267050Z: [    0.000000] Command line: console=ttyS0 console=ttyAMA0
[STDERR  ] 2019-01-27T22:45:46.344282314Z: [    0.000000] x86/fpu: x87 FPU will use FXSAVE
[STDERR  ] 2019-01-27T22:45:46.344295326Z: [    0.000000] e820: BIOS-provided physical RAM map:
[STDERR  ] 2019-01-27T22:45:46.344314476Z: [    0.000000] BIOS-e820: [mem 0x0000000000000000-0x000000000009fbff] usable
[STDERR  ] 2019-01-27T22:45:46.344327508Z: [    0.000000] BIOS-e820: [mem 0x000000000009fc00-0x000000000009ffff] reserved
[STDERR  ] 2019-01-27T22:45:46.344339278Z: [    0.000000] BIOS-e820: [mem 0x00000000000f0000-0x00000000000fffff] reserved
[STDERR  ] 2019-01-27T22:45:46.344351833Z: [    0.000000] BIOS-e820: [mem 0x0000000000100000-0x000000003ffdefff] usable
[STDERR  ] 2019-01-27T22:45:46.344363557Z: [    0.000000] BIOS-e820: [mem 0x000000003ffdf000-0x000000003fffffff] reserved
[STDERR  ] 2019-01-27T22:45:46.344374974Z: [    0.000000] BIOS-e820: [mem 0x00000000b0000000-0x00000000bfffffff] reserved
[STDERR  ] 2019-01-27T22:45:46.344392447Z: [    0.000000] BIOS-e820: [mem 0x00000000fed1c000-0x00000000fed1ffff] reserved
[STDERR  ] 2019-01-27T22:45:46.344403338Z: [    0.000000] BIOS-e820: [mem 0x00000000feffc000-0x00000000feffffff] reserved
[STDERR  ] 2019-01-27T22:45:46.344414549Z: [    0.000000] BIOS-e820: [mem 0x00000000fffc0000-0x00000000ffffffff] reserved
[STDERR  ] 2019-01-27T22:45:46.344429697Z: [    0.000000] NX (Execute Disable) protection: active
[STDERR  ] 2019-01-27T22:45:46.344441208Z: [    0.000000] SMBIOS 2.8 present.
[STDERR  ] 2019-01-27T22:45:46.344452719Z: [    0.000000] DMI: QEMU Standard PC (Q35 + ICH9, 2009), BIOS 1.10.2-1 04/01/2014
[STDERR  ] 2019-01-27T22:45:46.344468017Z: [    0.000000] Hypervisor detected: KVM
[STDERR  ] 2019-01-27T22:45:46.344480073Z: [    0.000000] tsc: Fast TSC calibration failed
[STDERR  ] 2019-01-27T22:45:46.344492806Z: [    0.000000] tsc: Unable to calibrate against PIT
[STDERR  ] 2019-01-27T22:45:46.344505037Z: [    0.000000] tsc: No reference (HPET/PMTIMER) available
[STDERR  ] 2019-01-27T22:45:46.344517897Z: [    0.000000] e820: last_pfn = 0x3ffdf max_arch_pfn = 0x400000000
[STDERR  ] 2019-01-27T22:45:46.344530173Z: [    0.000000] x86/PAT: PAT not supported by CPU.
[STDERR  ] 2019-01-27T22:45:46.344542615Z: [    0.000000] x86/PAT: Configuration [0-7]: WB  WT  UC- UC  WB  WT  UC- UC  
[STDERR  ] 2019-01-27T22:45:46.344554900Z: [    0.000000] found SMP MP-table at [mem 0x000f6a90-0x000f6a9f] mapped at [ffffffffff200a90]
[STDERR  ] 2019-01-27T22:45:46.344566804Z: [    0.000000] RAMDISK: [mem 0x3e0f1000-0x3ffcffff]
[STDERR  ] 2019-01-27T22:45:46.344578537Z: [    0.000000] ACPI: Early table checksum verification disabled
[STDERR  ] 2019-01-27T22:45:46.344592829Z: [    0.000000] ACPI: RSDP 0x00000000000F68D0 000014 (v00 BOCHS )
[STDERR  ] 2019-01-27T22:45:46.344604498Z: [    0.000000] ACPI: RSDT 0x000000003FFE2404 000034 (v01 BOCHS  BXPCRSDT 00000001 BXPC 00000001)
[STDERR  ] 2019-01-27T22:45:46.344616099Z: [    0.000000] ACPI: FACP 0x000000003FFE22A4 000074 (v01 BOCHS  BXPCFACP 00000001 BXPC 00000001)
[STDERR  ] 2019-01-27T22:45:46.344627639Z: [    0.000000] ACPI: DSDT 0x000000003FFE0040 002264 (v01 BOCHS  BXPCDSDT 00000001 BXPC 00000001)
[STDERR  ] 2019-01-27T22:45:46.344647506Z: [    0.000000] ACPI: FACS 0x000000003FFE0000 000040
[STDERR  ] 2019-01-27T22:45:46.344659087Z: [    0.000000] ACPI: APIC 0x000000003FFE2318 000078 (v01 BOCHS  BXPCAPIC 00000001 BXPC 00000001)
[STDERR  ] 2019-01-27T22:45:46.344671081Z: [    0.000000] ACPI: HPET 0x000000003FFE2390 000038 (v01 BOCHS  BXPCHPET 00000001 BXPC 00000001)
[STDERR  ] 2019-01-27T22:45:46.344682668Z: [    0.000000] ACPI: MCFG 0x000000003FFE23C8 00003C (v01 BOCHS  BXPCMCFG 00000001 BXPC 00000001)
[STDERR  ] 2019-01-27T22:45:46.344694468Z: [    0.000000] kvm-clock: Using msrs 4b564d01 and 4b564d00
[STDERR  ] 2019-01-27T22:45:46.344706012Z: [    0.000000] kvm-clock: cpu 0, msr 0:3ffdd001, primary cpu clock
[STDERR  ] 2019-01-27T22:45:46.344721372Z: [    0.000000] clocksource: kvm-clock: mask: 0xffffffffffffffff max_cycles: 0x1cd42e4dffb, max_idle_ns: 881590591483 ns
[STDERR  ] 2019-01-27T22:45:46.344737043Z: [    0.000000] Zone ranges:
[STDERR  ] 2019-01-27T22:45:46.344748308Z: [    0.000000]   DMA      [mem 0x0000000000001000-0x0000000000ffffff]
[STDERR  ] 2019-01-27T22:45:46.344759980Z: [    0.000000]   DMA32    [mem 0x0000000001000000-0x000000003ffdefff]
[STDERR  ] 2019-01-27T22:45:46.344805092Z: [    0.000000]   Normal   empty
[STDERR  ] 2019-01-27T22:45:46.344816705Z: [    0.000000]   Device   empty
[STDERR  ] 2019-01-27T22:45:46.344827290Z: [    0.000000] Movable zone start for each node
[STDERR  ] 2019-01-27T22:45:46.344843701Z: [    0.000000] Early memory node ranges
[STDERR  ] 2019-01-27T22:45:46.344858081Z: [    0.000000]   node   0: [mem 0x0000000000001000-0x000000000009efff]
[STDERR  ] 2019-01-27T22:45:46.344871536Z: [    0.000000]   node   0: [mem 0x0000000000100000-0x000000003ffdefff]
[STDERR  ] 2019-01-27T22:45:46.344883151Z: [    0.000000] Initmem setup node 0 [mem 0x0000000000001000-0x000000003ffdefff]
[STDERR  ] 2019-01-27T22:45:46.344900219Z: [    0.000000] ACPI: PM-Timer IO Port: 0x608
[STDERR  ] 2019-01-27T22:45:46.344912769Z: [    0.000000] ACPI: LAPIC_NMI (acpi_id[0xff] dfl dfl lint[0x1])
[STDERR  ] 2019-01-27T22:45:46.344925082Z: [    0.000000] IOAPIC[0]: apic_id 0, version 17, address 0xfec00000, GSI 0-23
[STDERR  ] 2019-01-27T22:45:46.344937142Z: [    0.000000] ACPI: INT_SRC_OVR (bus 0 bus_irq 0 global_irq 2 dfl dfl)
[STDERR  ] 2019-01-27T22:45:46.344949756Z: [    0.000000] ACPI: INT_SRC_OVR (bus 0 bus_irq 5 global_irq 5 high level)
[STDERR  ] 2019-01-27T22:45:46.344961148Z: [    0.000000] ACPI: INT_SRC_OVR (bus 0 bus_irq 9 global_irq 9 high level)
[STDERR  ] 2019-01-27T22:45:46.344975300Z: [    0.000000] ACPI: INT_SRC_OVR (bus 0 bus_irq 10 global_irq 10 high level)
[STDERR  ] 2019-01-27T22:45:46.344987893Z: [    0.000000] ACPI: INT_SRC_OVR (bus 0 bus_irq 11 global_irq 11 high level)
[STDERR  ] 2019-01-27T22:45:46.345002344Z: [    0.000000] Using ACPI (MADT) for SMP configuration information
[STDERR  ] 2019-01-27T22:45:46.345015698Z: [    0.000000] ACPI: HPET id: 0x8086a201 base: 0xfed00000
[STDERR  ] 2019-01-27T22:45:46.345030328Z: [    0.000000] smpboot: Allowing 1 CPUs, 0 hotplug CPUs
[STDERR  ] 2019-01-27T22:45:46.345044214Z: [    0.000000] e820: [mem 0x40000000-0xafffffff] available for PCI devices
[STDERR  ] 2019-01-27T22:45:46.345057053Z: [    0.000000] Booting paravirtualized kernel on KVM
[STDERR  ] 2019-01-27T22:45:46.345069634Z: [    0.000000] clocksource: refined-jiffies: mask: 0xffffffff max_cycles: 0xffffffff, max_idle_ns: 1910969940391419 ns
[STDERR  ] 2019-01-27T22:45:46.345082321Z: [    0.000000] random: get_random_bytes called from start_kernel+0x92/0x4d1 with crng_init=0
[STDERR  ] 2019-01-27T22:45:46.345099293Z: [    0.000000] setup_percpu: NR_CPUS:128 nr_cpumask_bits:128 nr_cpu_ids:1 nr_node_ids:1
[STDERR  ] 2019-01-27T22:45:46.345111848Z: [    0.000000] percpu: Embedded 45 pages/cpu @ffff9b547de00000 s144216 r8192 d31912 u2097152
[STDERR  ] 2019-01-27T22:45:46.345124248Z: [    0.000000] KVM setup async PF for cpu 0
[STDERR  ] 2019-01-27T22:45:46.345136563Z: [    0.000000] kvm-stealtime: cpu 0, msr 3de15f40
[STDERR  ] 2019-01-27T22:45:46.345148526Z: [    0.000000] Built 1 zonelists, mobility grouping on.  Total pages: 257896
[STDERR  ] 2019-01-27T22:45:46.345160731Z: [    0.000000] Kernel command line: console=ttyS0 console=ttyAMA0
[STDERR  ] 2019-01-27T22:45:46.345172514Z: [    0.000000] PID hash table entries: 4096 (order: 3, 32768 bytes)
[STDERR  ] 2019-01-27T22:45:46.345184388Z: [    0.000000] Dentry cache hash table entries: 131072 (order: 8, 1048576 bytes)
[STDERR  ] 2019-01-27T22:45:46.345197097Z: [    0.000000] Inode-cache hash table entries: 65536 (order: 7, 524288 bytes)
[STDERR  ] 2019-01-27T22:45:46.345209822Z: [    0.000000] Memory: 973252K/1048052K available (12300K kernel code, 1445K rwdata, 2964K rodata, 1532K init, 580K bss, 74800K reserved, 0K cma-reserved)
[STDERR  ] 2019-01-27T22:45:46.345227892Z: [    0.000000] Kernel/User page tables isolation: enabled
[STDERR  ] 2019-01-27T22:45:46.345247334Z: [    0.000000] ftrace: allocating 40620 entries in 159 pages
[STDERR  ] 2019-01-27T22:45:46.345258861Z: [    0.001000] Hierarchical RCU implementation.
[STDERR  ] 2019-01-27T22:45:46.345270104Z: [    0.001000] 	RCU restricting CPUs from NR_CPUS=128 to nr_cpu_ids=1.
[STDERR  ] 2019-01-27T22:45:46.345290121Z: [    0.001000] RCU: Adjusting geometry for rcu_fanout_leaf=16, nr_cpu_ids=1
[STDERR  ] 2019-01-27T22:45:46.345302420Z: [    0.001000] NR_IRQS: 8448, nr_irqs: 256, preallocated irqs: 16
[STDERR  ] 2019-01-27T22:45:46.345313970Z: [    0.001000] Console: colour VGA+ 80x25
[STDERR  ] 2019-01-27T22:45:46.345325782Z: [    0.001000] console [ttyS0] enabled
[STDERR  ] 2019-01-27T22:45:46.345342636Z: [    0.001000] clocksource: hpet: mask: 0xffffffff max_cycles: 0xffffffff, max_idle_ns: 19112604467 ns
[STDERR  ] 2019-01-27T22:45:46.345356156Z: [    0.001025] tsc: Detected 2299.914 MHz processor
[STDERR  ] 2019-01-27T22:45:46.345367917Z: [    0.002038] Calibrating delay loop (skipped) preset value.. 4599.82 BogoMIPS (lpj=2299914)
[STDERR  ] 2019-01-27T22:45:46.345380467Z: [    0.003025] pid_max: default: 32768 minimum: 301
[STDERR  ] 2019-01-27T22:45:46.345393157Z: [    0.004047] ACPI: Core revision 20170728
[STDERR  ] 2019-01-27T22:45:46.345405714Z: [    0.006693] ACPI: 1 ACPI AML tables successfully acquired and loaded
[STDERR  ] 2019-01-27T22:45:46.345418465Z: [    0.007105] Security Framework initialized
[STDERR  ] 2019-01-27T22:45:46.345430062Z: [    0.008025] Yama: becoming mindful.
[STDERR  ] 2019-01-27T22:45:46.345442093Z: [    0.009064] Mount-cache hash table entries: 2048 (order: 2, 16384 bytes)
[STDERR  ] 2019-01-27T22:45:46.345456186Z: [    0.010028] Mountpoint-cache hash table entries: 2048 (order: 2, 16384 bytes)
[STDERR  ] 2019-01-27T22:45:46.345468847Z: [    0.014070] Last level iTLB entries: 4KB 0, 2MB 0, 4MB 0
[STDERR  ] 2019-01-27T22:45:46.345481450Z: [    0.015032] Last level dTLB entries: 4KB 0, 2MB 0, 4MB 0, 1GB 0
[STDERR  ] 2019-01-27T22:45:46.345493117Z: [    0.016030] Spectre V2 : Mitigation: Full generic retpoline
[STDERR  ] 2019-01-27T22:45:46.345504961Z: [    0.017030] Spectre V2 : Spectre v2 / SpectreRSB mitigation: Filling RSB on context switch
[STDERR  ] 2019-01-27T22:45:46.345518256Z: [    0.018028] Speculative Store Bypass: Vulnerable
[STDERR  ] 2019-01-27T22:45:46.345533284Z: [    0.027783] Freeing SMP alternatives memory: 20K
[STDERR  ] 2019-01-27T22:45:46.345546144Z: [    0.029052] smpboot: Max logical packages: 1
[STDERR  ] 2019-01-27T22:45:46.345561726Z: [    0.033364] x2apic enabled
[STDERR  ] 2019-01-27T22:45:46.345574263Z: [    0.034024] Switched APIC routing to physical x2apic.
[STDERR  ] 2019-01-27T22:45:46.345586696Z: [    0.046916] ..TIMER: vector=0x30 apic1=0 pin1=2 apic2=-1 pin2=-1
[STDERR  ] 2019-01-27T22:45:46.345599577Z: [    0.047000] smpboot: CPU0: Intel QEMU Virtual CPU version 2.5+ (family: 0x6, model: 0x6, stepping: 0x3)
[STDERR  ] 2019-01-27T22:45:46.345621024Z: [    0.047119] Performance Events: PMU not available due to virtualization, using software events only.
[STDERR  ] 2019-01-27T22:45:46.345650840Z: [    0.049392] Hierarchical SRCU implementation.
[STDERR  ] 2019-01-27T22:45:46.345670760Z: [    0.050116] NMI watchdog: Perf event create on CPU 0 failed with -2
[STDERR  ] 2019-01-27T22:45:46.345711589Z: [    0.051006] NMI watchdog: Perf NMI watchdog permanently disabled
[STDERR  ] 2019-01-27T22:45:46.345723497Z: [    0.052068] smp: Bringing up secondary CPUs ...
[STDERR  ] 2019-01-27T22:45:46.345736867Z: [    0.053005] smp: Brought up 1 node, 1 CPU
[STDERR  ] 2019-01-27T22:45:46.345748706Z: [    0.054005] smpboot: Total of 1 processors activated (4599.82 BogoMIPS)
[STDERR  ] 2019-01-27T22:45:46.345760517Z: [    0.057198] devtmpfs: initialized
[STDERR  ] 2019-01-27T22:45:46.345774510Z: [    0.058065] x86/mm: Memory block size: 128MB
[STDERR  ] 2019-01-27T22:45:46.345798087Z: [    0.059226] evm: security.ima
[STDERR  ] 2019-01-27T22:45:46.345809965Z: [    0.060005] evm: security.capability
[STDERR  ] 2019-01-27T22:45:46.345822026Z: [    0.061178] clocksource: jiffies: mask: 0xffffffff max_cycles: 0xffffffff, max_idle_ns: 1911260446275000 ns
[STDERR  ] 2019-01-27T22:45:46.345841286Z: [    0.062014] futex hash table entries: 256 (order: 2, 16384 bytes)
[STDERR  ] 2019-01-27T22:45:46.345853048Z: [    0.063225] NET: Registered protocol family 16
[STDERR  ] 2019-01-27T22:45:46.345874411Z: [    0.064201] cpuidle: using governor ladder
[STDERR  ] 2019-01-27T22:45:46.345887206Z: [    0.065006] cpuidle: using governor menu
[STDERR  ] 2019-01-27T22:45:46.345901145Z: [    0.066116] ACPI: bus type PCI registered
[STDERR  ] 2019-01-27T22:45:46.345913660Z: [    0.067494] PCI: MMCONFIG for domain 0000 [bus 00-ff] at [mem 0xb0000000-0xbfffffff] (base 0xb0000000)
[STDERR  ] 2019-01-27T22:45:46.345925654Z: [    0.069006] PCI: MMCONFIG at [mem 0xb0000000-0xbfffffff] reserved in E820
[STDERR  ] 2019-01-27T22:45:46.345937564Z: [    0.070022] PCI: Using configuration type 1 for base access
[STDERR  ] 2019-01-27T22:45:46.345949766Z: [    0.073498] HugeTLB registered 2.00 MiB page size, pre-allocated 0 pages
[STDERR  ] 2019-01-27T22:45:46.345961339Z: [    0.074291] ACPI: Added _OSI(Module Device)
[STDERR  ] 2019-01-27T22:45:46.345972580Z: [    0.075018] ACPI: Added _OSI(Processor Device)
[STDERR  ] 2019-01-27T22:45:46.345984516Z: [    0.076004] ACPI: Added _OSI(3.0 _SCP Extensions)
[STDERR  ] 2019-01-27T22:45:46.345999859Z: [    0.077007] ACPI: Added _OSI(Processor Aggregator Device)
[STDERR  ] 2019-01-27T22:45:46.346015391Z: [    0.082179] ACPI: Interpreter enabled
[STDERR  ] 2019-01-27T22:45:46.346026344Z: [    0.083013] ACPI: (supports S0 S5)
[STDERR  ] 2019-01-27T22:45:46.346037729Z: [    0.084005] ACPI: Using IOAPIC for interrupt routing
[STDERR  ] 2019-01-27T22:45:46.346049287Z: [    0.085055] PCI: Using host bridge windows from ACPI; if necessary, use "pci=nocrs" and report a bug
[STDERR  ] 2019-01-27T22:45:46.346061327Z: [    0.086406] ACPI: Enabled 2 GPEs in block 00 to 3F
[STDERR  ] 2019-01-27T22:45:46.346073492Z: [    0.092058] ACPI: PCI Root Bridge [PCI0] (domain 0000 [bus 00-ff])
[STDERR  ] 2019-01-27T22:45:46.346085081Z: [    0.093012] acpi PNP0A08:00: _OSC: OS supports [ExtendedConfig ASPM ClockPM Segments MSI]
[STDERR  ] 2019-01-27T22:45:46.346097179Z: [    0.094136] acpi PNP0A08:00: _OSC: OS now controls [PCIeHotplug PME PCIeCapability]
[STDERR  ] 2019-01-27T22:45:46.346108630Z: [    0.095068] PCI host bridge to bus 0000:00
[STDERR  ] 2019-01-27T22:45:46.346121036Z: [    0.096008] pci_bus 0000:00: root bus resource [io  0x0000-0x0cf7 window]
[STDERR  ] 2019-01-27T22:45:46.346135036Z: [    0.097009] pci_bus 0000:00: root bus resource [io  0x0d00-0xffff window]
[STDERR  ] 2019-01-27T22:45:46.346147003Z: [    0.098007] pci_bus 0000:00: root bus resource [mem 0x000a0000-0x000bffff window]
[STDERR  ] 2019-01-27T22:45:46.346158812Z: [    0.099007] pci_bus 0000:00: root bus resource [mem 0xc0000000-0xfebfffff window]
[STDERR  ] 2019-01-27T22:45:46.346170610Z: [    0.100006] pci_bus 0000:00: root bus resource [bus 00-ff]
[STDERR  ] 2019-01-27T22:45:46.346185874Z: [    0.169573] pci 0000:00:1f.0: quirk: [io  0x0600-0x067f] claimed by ICH6 ACPI/GPIO/TCO
[STDERR  ] 2019-01-27T22:45:46.346198994Z: [    0.197942] ACPI: PCI Interrupt Link [LNKA] (IRQs 5 *10 11)
[STDERR  ] 2019-01-27T22:45:46.346210683Z: [    0.198321] ACPI: PCI Interrupt Link [LNKB] (IRQs 5 *10 11)
[STDERR  ] 2019-01-27T22:45:46.346222081Z: [    0.199339] ACPI: PCI Interrupt Link [LNKC] (IRQs 5 10 *11)
[STDERR  ] 2019-01-27T22:45:46.346236138Z: [    0.200326] ACPI: PCI Interrupt Link [LNKD] (IRQs 5 10 *11)
[STDERR  ] 2019-01-27T22:45:46.346248697Z: [    0.202224] ACPI: PCI Interrupt Link [LNKE] (IRQs 5 *10 11)
[STDERR  ] 2019-01-27T22:45:46.346260180Z: [    0.204174] ACPI: PCI Interrupt Link [LNKF] (IRQs 5 *10 11)
[STDERR  ] 2019-01-27T22:45:46.346273104Z: [    0.205352] ACPI: PCI Interrupt Link [LNKG] (IRQs 5 10 *11)
[STDERR  ] 2019-01-27T22:45:46.346285452Z: [    0.207319] ACPI: PCI Interrupt Link [LNKH] (IRQs 5 10 *11)
[STDERR  ] 2019-01-27T22:45:46.346299606Z: [    0.208164] ACPI: PCI Interrupt Link [GSIA] (IRQs *16)
[STDERR  ] 2019-01-27T22:45:46.346320526Z: [    0.209039] ACPI: PCI Interrupt Link [GSIB] (IRQs *17)
[STDERR  ] 2019-01-27T22:45:46.346334256Z: [    0.210037] ACPI: PCI Interrupt Link [GSIC] (IRQs *18)
[STDERR  ] 2019-01-27T22:45:46.346348742Z: [    0.211032] ACPI: PCI Interrupt Link [GSID] (IRQs *19)
[STDERR  ] 2019-01-27T22:45:46.346369309Z: [    0.212023] ACPI: PCI Interrupt Link [GSIE] (IRQs *20)
[STDERR  ] 2019-01-27T22:45:46.346381557Z: [    0.213020] ACPI: PCI Interrupt Link [GSIF] (IRQs *21)
[STDERR  ] 2019-01-27T22:45:46.346393561Z: [    0.214021] ACPI: PCI Interrupt Link [GSIG] (IRQs *22)
[STDERR  ] 2019-01-27T22:45:46.346405545Z: [    0.215022] ACPI: PCI Interrupt Link [GSIH] (IRQs *23)
[STDERR  ] 2019-01-27T22:45:46.346417454Z: [    0.216379] SCSI subsystem initialized
[STDERR  ] 2019-01-27T22:45:46.346429532Z: [    0.217109] ACPI: bus type USB registered
[STDERR  ] 2019-01-27T22:45:46.346441408Z: [    0.218041] usbcore: registered new interface driver usbfs
[STDERR  ] 2019-01-27T22:45:46.346453204Z: [    0.219024] usbcore: registered new interface driver hub
[STDERR  ] 2019-01-27T22:45:46.346464578Z: [    0.220034] usbcore: registered new device driver usb
[STDERR  ] 2019-01-27T22:45:46.346477940Z: [    0.221033] pps_core: LinuxPPS API ver. 1 registered
[STDERR  ] 2019-01-27T22:45:46.346489829Z: [    0.222004] pps_core: Software ver. 5.3.6 - Copyright 2005-2007 Rodolfo Giometti <giometti@linux.it>
[STDERR  ] 2019-01-27T22:45:46.346502730Z: [    0.223016] PTP clock support registered
[STDERR  ] 2019-01-27T22:45:46.346519957Z: [    0.224088] PCI: Using ACPI for IRQ routing
[STDERR  ] 2019-01-27T22:45:46.346532003Z: [    0.707252] NetLabel: Initializing
[STDERR  ] 2019-01-27T22:45:46.346543311Z: [    0.708004] NetLabel:  domain hash size = 128
[STDERR  ] 2019-01-27T22:45:46.346555002Z: [    0.709004] NetLabel:  protocols = UNLABELED CIPSOv4 CALIPSO
[STDERR  ] 2019-01-27T22:45:46.346566341Z: [    0.710042] NetLabel:  unlabeled traffic allowed by default
[STDERR  ] 2019-01-27T22:45:46.346576904Z: [    0.712124] HPET: 3 timers in total, 0 timers will be used for per-cpu timer
[STDERR  ] 2019-01-27T22:45:46.346587754Z: [    0.713108] hpet0: at MMIO 0xfed00000, IRQs 2, 8, 0
[STDERR  ] 2019-01-27T22:45:46.346598404Z: [    0.714006] hpet0: 3 comparators, 64-bit 100.000000 MHz counter
[STDERR  ] 2019-01-27T22:45:46.346611791Z: [    0.718044] clocksource: Switched to clocksource kvm-clock
[STDERR  ] 2019-01-27T22:45:46.346622645Z: [    0.743316] VFS: Disk quotas dquot_6.6.0
[STDERR  ] 2019-01-27T22:45:46.346647633Z: [    0.747330] VFS: Dquot-cache hash table entries: 512 (order 0, 4096 bytes)
[STDERR  ] 2019-01-27T22:45:46.346658346Z: [    0.754134] FS-Cache: Loaded
[STDERR  ] 2019-01-27T22:45:46.346670824Z: [    0.757130] CacheFiles: Loaded
[STDERR  ] 2019-01-27T22:45:46.346682240Z: [    0.760215] pnp: PnP ACPI init
[STDERR  ] 2019-01-27T22:45:46.346694196Z: [    0.764236] pnp: PnP ACPI: found 5 devices
[STDERR  ] 2019-01-27T22:45:46.346706131Z: [    0.774485] clocksource: acpi_pm: mask: 0xffffff max_cycles: 0xffffff, max_idle_ns: 2085701024 ns
[STDERR  ] 2019-01-27T22:45:46.346719446Z: [    0.783188] NET: Registered protocol family 2
[STDERR  ] 2019-01-27T22:45:46.346734241Z: [    0.787678] TCP established hash table entries: 8192 (order: 4, 65536 bytes)
[STDERR  ] 2019-01-27T22:45:46.346747287Z: [    0.794474] TCP bind hash table entries: 8192 (order: 5, 131072 bytes)
[STDERR  ] 2019-01-27T22:45:46.346758855Z: [    0.801519] TCP: Hash tables configured (established 8192 bind 8192)
[STDERR  ] 2019-01-27T22:45:46.346770644Z: [    0.807130] UDP hash table entries: 512 (order: 2, 16384 bytes)
[STDERR  ] 2019-01-27T22:45:46.346794263Z: [    0.812285] UDP-Lite hash table entries: 512 (order: 2, 16384 bytes)
[STDERR  ] 2019-01-27T22:45:46.346806738Z: [    0.817831] NET: Registered protocol family 1
[STDERR  ] 2019-01-27T22:45:46.346820464Z: [    0.821956] pci 0000:00:01.0: Video device with shadowed ROM at [mem 0x000c0000-0x000dffff]
[STDERR  ] 2019-01-27T22:45:46.346835578Z: [    0.829728] Trying to unpack rootfs image as initramfs...
[STDERR  ] 2019-01-27T22:45:46.346851456Z: [    1.413169] Freeing initrd memory: 31612K
[STDERR  ] 2019-01-27T22:45:46.346863166Z: [    1.417312] clocksource: tsc: mask: 0xffffffffffffffff max_cycles: 0x2126e418e51, max_idle_ns: 440795268186 ns
[STDERR  ] 2019-01-27T22:45:46.346875199Z: [    1.427656] PCLMULQDQ-NI instructions are not detected.
[STDERR  ] 2019-01-27T22:45:46.346890128Z: [    1.432849] AVX or AES-NI instructions are not detected.
[STDERR  ] 2019-01-27T22:45:46.346901798Z: [    1.438083] CPU feature 'AVX registers' is not supported.
[STDERR  ] 2019-01-27T22:45:46.346913300Z: [    1.443485] CPU feature 'AVX registers' is not supported.
[STDERR  ] 2019-01-27T22:45:46.346924598Z: [    1.448689] CPU feature 'AVX registers' is not supported.
[STDERR  ] 2019-01-27T22:45:46.346937396Z: [    1.453919] CPU feature 'AVX registers' is not supported.
[STDERR  ] 2019-01-27T22:45:46.346950723Z: [    1.458625] AVX2 or AES-NI instructions are not detected.
[STDERR  ] 2019-01-27T22:45:46.346964240Z: [    1.463871] AVX2 instructions are not detected.
[STDERR  ] 2019-01-27T22:45:46.346975486Z: [    1.468477] audit: initializing netlink subsys (disabled)
[STDERR  ] 2019-01-27T22:45:46.346986414Z: [    1.474162] audit: type=2000 audit(1548629127.878:1): state=initialized audit_enabled=0 res=1
[STDERR  ] 2019-01-27T22:45:46.346997865Z: [    1.482384] workingset: timestamp_bits=46 max_order=18 bucket_order=0
[STDERR  ] 2019-01-27T22:45:46.347013940Z: [    1.488963] squashfs: version 4.0 (2009/01/31) Phillip Lougher
[STDERR  ] 2019-01-27T22:45:46.347028526Z: [    1.494716] FS-Cache: Netfs 'cifs' registered for caching
[STDERR  ] 2019-01-27T22:45:46.347042812Z: [    1.500003] fuse init (API version 7.26)
[STDERR  ] 2019-01-27T22:45:46.347054098Z: [    1.504150] SGI XFS with ACLs, security attributes, no debug enabled
[STDERR  ] 2019-01-27T22:45:46.347068312Z: [    1.510468] 9p: Installing v9fs 9p2000 file system support
[STDERR  ] 2019-01-27T22:45:46.347080206Z: [    1.515838] FS-Cache: Netfs '9p' registered for caching
[STDERR  ] 2019-01-27T22:45:46.347092075Z: [    1.522329] NET: Registered protocol family 38
[STDERR  ] 2019-01-27T22:45:46.347103960Z: [    1.526738] Key type asymmetric registered
[STDERR  ] 2019-01-27T22:45:46.347115535Z: [    1.530882] Asymmetric key parser 'x509' registered
[STDERR  ] 2019-01-27T22:45:46.347126866Z: [    1.535681] Block layer SCSI generic (bsg) driver version 0.4 loaded (major 247)
[STDERR  ] 2019-01-27T22:45:46.347139095Z: [    1.542902] io scheduler noop registered
[STDERR  ] 2019-01-27T22:45:46.347150306Z: [    1.546741] io scheduler deadline registered (default)
[STDERR  ] 2019-01-27T22:45:46.347161847Z: [    1.551799] io scheduler cfq registered
[STDERR  ] 2019-01-27T22:45:46.347173261Z: [    1.555555] io scheduler mq-deadline registered
[STDERR  ] 2019-01-27T22:45:46.347184651Z: [    1.559972] io scheduler kyber registered
[STDERR  ] 2019-01-27T22:45:46.347196576Z: [    1.564113] shpchp: Standard Hot Plug PCI Controller Driver version: 0.4
[STDERR  ] 2019-01-27T22:45:46.347207185Z: [    1.570846] hv_vmbus: registering driver hyperv_fb
[STDERR  ] 2019-01-27T22:45:46.347218045Z: [    1.575619] input: Power Button as /devices/LNXSYSTM:00/LNXPWRBN:00/input/input0
[STDERR  ] 2019-01-27T22:45:46.347229897Z: [    1.582815] ACPI: Power Button [PWRF]
[STDERR  ] 2019-01-27T22:45:46.347242312Z: [    1.587249] ACPI: PCI Interrupt Link [GSIG] enabled at IRQ 22
[STDERR  ] 2019-01-27T22:45:46.347253506Z: [    1.598882] ACPI: PCI Interrupt Link [GSIH] enabled at IRQ 23
[STDERR  ] 2019-01-27T22:45:46.347264427Z: [    1.610650] Serial: 8250/16550 driver, 4 ports, IRQ sharing disabled
[STDERR  ] 2019-01-27T22:45:46.347276462Z: [    1.651729] 00:04: ttyS0 at I/O 0x3f8 (irq = 4, base_baud = 115200) is a 16550A
[STDERR  ] 2019-01-27T22:45:46.347287839Z: [    1.659766] Non-volatile memory driver v1.3
[STDERR  ] 2019-01-27T22:45:46.347300159Z: [    1.665660] Hangcheck: starting hangcheck timer 0.9.1 (tick is 180 seconds, margin is 60 seconds).
[STDERR  ] 2019-01-27T22:45:46.347312075Z: [    1.674591] random: fast init done
[STDERR  ] 2019-01-27T22:45:46.347329099Z: [    1.678998] random: crng init done
[STDERR  ] 2019-01-27T22:45:46.347341848Z: [    1.683433] brd: module loaded
[STDERR  ] 2019-01-27T22:45:46.347357429Z: [    1.689655] loop: module loaded
[STDERR  ] 2019-01-27T22:45:46.347369378Z: [    1.696895] lpc_ich 0000:00:1f.0: I/O space for GPIO uninitialized
[STDERR  ] 2019-01-27T22:45:46.347386130Z: [    1.703010] VMware PVSCSI driver - version 1.0.7.0-k
[STDERR  ] 2019-01-27T22:45:46.347398279Z: [    1.707961] hv_vmbus: registering driver hv_storvsc
[STDERR  ] 2019-01-27T22:45:46.347412281Z: [    1.713269] ACPI: PCI Interrupt Link [GSIA] enabled at IRQ 16
[STDERR  ] 2019-01-27T22:45:46.347423250Z: [    1.722691] ahci 0000:00:1f.2: AHCI 0001.0000 32 slots 6 ports 1.5 Gbps 0x3f impl SATA mode
[STDERR  ] 2019-01-27T22:45:46.347435433Z: [    1.730911] ahci 0000:00:1f.2: flags: 64bit ncq only 
[STDERR  ] 2019-01-27T22:45:46.347450605Z: [    1.739833] scsi host0: ahci
[STDERR  ] 2019-01-27T22:45:46.347463405Z: [    1.742861] scsi host1: ahci
[STDERR  ] 2019-01-27T22:45:46.347474806Z: [    1.745808] scsi host2: ahci
[STDERR  ] 2019-01-27T22:45:46.347488042Z: [    1.748744] scsi host3: ahci
[STDERR  ] 2019-01-27T22:45:46.347500093Z: [    1.751687] scsi host4: ahci
[STDERR  ] 2019-01-27T22:45:46.347512078Z: [    1.754631] scsi host5: ahci
[STDERR  ] 2019-01-27T22:45:46.347525139Z: [    1.757559] ata1: SATA max UDMA/133 abar m4096@0xfebd2000 port 0xfebd2100 irq 24
[STDERR  ] 2019-01-27T22:45:46.347540848Z: [    1.764759] ata2: SATA max UDMA/133 abar m4096@0xfebd2000 port 0xfebd2180 irq 24
[STDERR  ] 2019-01-27T22:45:46.347552753Z: [    1.771894] ata3: SATA max UDMA/133 abar m4096@0xfebd2000 port 0xfebd2200 irq 24
[STDERR  ] 2019-01-27T22:45:46.347564667Z: [    1.779002] ata4: SATA max UDMA/133 abar m4096@0xfebd2000 port 0xfebd2280 irq 24
[STDERR  ] 2019-01-27T22:45:46.347577137Z: [    1.786174] ata5: SATA max UDMA/133 abar m4096@0xfebd2000 port 0xfebd2300 irq 24
[STDERR  ] 2019-01-27T22:45:46.347593465Z: [    1.793450] ata6: SATA max UDMA/133 abar m4096@0xfebd2000 port 0xfebd2380 irq 24
[STDERR  ] 2019-01-27T22:45:46.347605564Z: [    1.802923] tun: Universal TUN/TAP device driver, 1.6
[STDERR  ] 2019-01-27T22:45:46.347616129Z: [    1.812668] VMware vmxnet3 virtual NIC driver - version 1.4.a.0-k-NAPI
[STDERR  ] 2019-01-27T22:45:46.347627645Z: [    1.819076] hv_vmbus: registering driver hv_netvsc
[STDERR  ] 2019-01-27T22:45:46.347650532Z: [    1.823717] Fusion MPT base driver 3.04.20
[STDERR  ] 2019-01-27T22:45:46.347662074Z: [    1.827828] Copyright (c) 1999-2008 LSI Corporation
[STDERR  ] 2019-01-27T22:45:46.347674832Z: [    1.832583] Fusion MPT SPI Host driver 3.04.20
[STDERR  ] 2019-01-27T22:45:46.347687574Z: [    1.836969] i8042: PNP: PS/2 Controller [PNP0303:KBD,PNP0f13:MOU] at 0x60,0x64 irq 1,12
[STDERR  ] 2019-01-27T22:45:46.347700888Z: [    1.848630] serio: i8042 KBD port at 0x60,0x64 irq 1
[STDERR  ] 2019-01-27T22:45:46.347713805Z: [    1.853496] serio: i8042 AUX port at 0x60,0x64 irq 12
[STDERR  ] 2019-01-27T22:45:46.347725571Z: [    1.858720] hv_vmbus: registering driver hyperv_keyboard
[STDERR  ] 2019-01-27T22:45:46.347737851Z: [    1.863982] mousedev: PS/2 mouse device common for all mice
[STDERR  ] 2019-01-27T22:45:46.347749776Z: [    1.870790] input: AT Translated Set 2 keyboard as /devices/platform/i8042/serio0/input/input1
[STDERR  ] 2019-01-27T22:45:46.347761603Z: [    1.878307] input: PC Speaker as /devices/platform/pcspkr/input/input2
[STDERR  ] 2019-01-27T22:45:46.347773396Z: [    1.885066] rtc_cmos 00:00: RTC can wake from S4
[STDERR  ] 2019-01-27T22:45:46.347797991Z: [    1.890822] rtc_cmos 00:00: rtc core: registered rtc_cmos as rtc0
[STDERR  ] 2019-01-27T22:45:46.347813903Z: [    1.896937] rtc_cmos 00:00: alarms up to one day, y3k, 114 bytes nvram, hpet irqs
[STDERR  ] 2019-01-27T22:45:46.347826107Z: [    1.902843] i2c /dev entries driver
[STDERR  ] 2019-01-27T22:45:46.347839045Z: [    1.906126] device-mapper: ioctl: 4.37.0-ioctl (2017-09-20) initialised: dm-devel@redhat.com
[STDERR  ] 2019-01-27T22:45:46.347858379Z: [    1.914126] usbcore: registered new interface driver usbhid
[STDERR  ] 2019-01-27T22:45:46.347870440Z: [    1.918975] usbhid: USB HID core driver
[STDERR  ] 2019-01-27T22:45:46.347882613Z: [    1.922559] hv_utils: Registering HyperV Utility Driver
[STDERR  ] 2019-01-27T22:45:46.347898685Z: [    1.927091] hv_vmbus: registering driver hv_util
[STDERR  ] 2019-01-27T22:45:46.347915333Z: [    1.931193] hv_vmbus: registering driver hv_balloon
[STDERR  ] 2019-01-27T22:45:46.347926699Z: [    1.935499] oprofile: using NMI interrupt.
[STDERR  ] 2019-01-27T22:45:46.347938824Z: [    1.939233] GACT probability on
[STDERR  ] 2019-01-27T22:45:46.347951800Z: [    1.942063] Mirror/redirect action on
[STDERR  ] 2019-01-27T22:45:46.347963818Z: [    1.945400] Simple TC action Loaded
[STDERR  ] 2019-01-27T22:45:46.347975884Z: [    1.948572] u32 classifier
[STDERR  ] 2019-01-27T22:45:46.347987564Z: [    1.951085]     Performance counters on
[STDERR  ] 2019-01-27T22:45:46.347999274Z: [    1.954507]     input device check on
[STDERR  ] 2019-01-27T22:45:46.348011144Z: [    1.957771]     Actions configured
[STDERR  ] 2019-01-27T22:45:46.348022742Z: [    1.960771] Netfilter messages via NETLINK v0.30.
[STDERR  ] 2019-01-27T22:45:46.348036784Z: [    1.964799] nfnl_acct: registering with nfnetlink.
[STDERR  ] 2019-01-27T22:45:46.348051391Z: [    1.969011] nf_conntrack version 0.5.0 (8192 buckets, 32768 max)
[STDERR  ] 2019-01-27T22:45:46.348063479Z: [    1.974385] ctnetlink v0.93: registering with nfnetlink.
[STDERR  ] 2019-01-27T22:45:46.348075073Z: [    1.979119] nf_tables: (c) 2007-2009 Patrick McHardy <kaber@trash.net>
[STDERR  ] 2019-01-27T22:45:46.348087671Z: [    1.984970] nf_tables_compat: (c) 2012 Pablo Neira Ayuso <pablo@netfilter.org>
[STDERR  ] 2019-01-27T22:45:46.348099252Z: [    1.991464] xt_time: kernel timezone is -0000
[STDERR  ] 2019-01-27T22:45:46.348109801Z: [    1.995442] ip_set: protocol 6
[STDERR  ] 2019-01-27T22:45:46.348120718Z: [    1.998337] ipip: IPv4 and MPLS over IPv4 tunneling driver
[STDERR  ] 2019-01-27T22:45:46.348132022Z: [    2.003376] gre: GRE over IPv4 demultiplexor driver
[STDERR  ] 2019-01-27T22:45:46.348143824Z: [    2.007761] ip_tables: (C) 2000-2006 Netfilter Core Team
[STDERR  ] 2019-01-27T22:45:46.348156473Z: [    2.012803] arp_tables: arp_tables: (C) 2002 David S. Miller
[STDERR  ] 2019-01-27T22:45:46.348168217Z: [    2.018197] NET: Registered protocol family 10
[STDERR  ] 2019-01-27T22:45:46.348180147Z: [    2.022613] Segment Routing with IPv6
[STDERR  ] 2019-01-27T22:45:46.348192171Z: [    2.026284] ip6_tables: (C) 2000-2006 Netfilter Core Team
[STDERR  ] 2019-01-27T22:45:46.348204714Z: [    2.031654] NET: Registered protocol family 17
[STDERR  ] 2019-01-27T22:45:46.348217249Z: [    2.035692] Bridge firewalling registered
[STDERR  ] 2019-01-27T22:45:46.348229472Z: [    2.039565] 8021q: 802.1Q VLAN Support v1.8
[STDERR  ] 2019-01-27T22:45:46.348240982Z: [    2.043317] 9pnet: Installing 9P2000 support
[STDERR  ] 2019-01-27T22:45:46.348252620Z: [    2.047385] Key type dns_resolver registered
[STDERR  ] 2019-01-27T22:45:46.348270930Z: [    2.051682] registered taskstats version 1
[STDERR  ] 2019-01-27T22:45:46.348282993Z: [    2.063876] Key type big_key registered
[STDERR  ] 2019-01-27T22:45:46.348295446Z: [    2.071714] Key type trusted registered
[STDERR  ] 2019-01-27T22:45:46.348306554Z: [    2.079609] Key type encrypted registered
[STDERR  ] 2019-01-27T22:45:46.348318834Z: [    2.084014] ima: No TPM chip found, activating TPM-bypass! (rc=-19)
[STDERR  ] 2019-01-27T22:45:46.348332094Z: [    2.090387] ima: Allocated hash algorithm: sha256
[STDERR  ] 2019-01-27T22:45:46.348344366Z: [    2.095003] evm: HMAC attrs: 0x1
[STDERR  ] 2019-01-27T22:45:46.348356901Z: [    2.100493] rtc_cmos 00:00: setting system clock to 2019-01-27 22:45:28 UTC (1548629128)
[STDERR  ] 2019-01-27T22:45:46.348373134Z: [    2.114306] ata4: SATA link down (SStatus 0 SControl 300)
[STDERR  ] 2019-01-27T22:45:46.348383776Z: [    2.120519] ata3: SATA link up 1.5 Gbps (SStatus 113 SControl 300)
[STDERR  ] 2019-01-27T22:45:46.348401077Z: [    2.127479] ata2: SATA link down (SStatus 0 SControl 300)
[STDERR  ] 2019-01-27T22:45:46.348413377Z: [    2.133122] ata1: SATA link up 1.5 Gbps (SStatus 113 SControl 300)
[STDERR  ] 2019-01-27T22:45:46.348425918Z: [    2.139548] ata6: SATA link down (SStatus 0 SControl 300)
[STDERR  ] 2019-01-27T22:45:46.348441753Z: [    2.145504] ata5: SATA link down (SStatus 0 SControl 300)
[STDERR  ] 2019-01-27T22:45:46.348454202Z: [    2.150532] ata1.00: ATA-7: QEMU HARDDISK, 2.5+, max UDMA/100
[STDERR  ] 2019-01-27T22:45:46.348469917Z: [    2.155633] ata1.00: 16384 sectors, multi 16: LBA48 NCQ (depth 31/32)
[STDERR  ] 2019-01-27T22:45:46.348484532Z: [    2.161339] ata1.00: applying bridge limits
[STDERR  ] 2019-01-27T22:45:46.348498561Z: [    2.165331] ata3.00: ATAPI: QEMU DVD-ROM, 2.5+, max UDMA/100
[STDERR  ] 2019-01-27T22:45:46.348510922Z: [    2.170334] ata3.00: applying bridge limits
[STDERR  ] 2019-01-27T22:45:46.348523089Z: [    2.174577] ata3.00: configured for UDMA/100
[STDERR  ] 2019-01-27T22:45:46.348535200Z: [    2.179452] ata1.00: configured for UDMA/100
[STDERR  ] 2019-01-27T22:45:46.348547272Z: [    2.183346] scsi 0:0:0:0: Direct-Access     ATA      QEMU HARDDISK    2.5+ PQ: 0 ANSI: 5
[STDERR  ] 2019-01-27T22:45:46.348559304Z: [    2.190576] sd 0:0:0:0: [sda] 16384 512-byte logical blocks: (8.39 MB/8.00 MiB)
[STDERR  ] 2019-01-27T22:45:46.348571550Z: [    2.197159] sd 0:0:0:0: Attached scsi generic sg0 type 0
[STDERR  ] 2019-01-27T22:45:46.348583966Z: [    2.201878] sd 0:0:0:0: [sda] Write Protect is off
[STDERR  ] 2019-01-27T22:45:46.348595952Z: [    2.206596] scsi 2:0:0:0: CD-ROM            QEMU     QEMU DVD-ROM     2.5+ PQ: 0 ANSI: 5
[STDERR  ] 2019-01-27T22:45:46.348608211Z: [    2.213801] sd 0:0:0:0: [sda] Write cache: enabled, read cache: enabled, doesn't support DPO or FUA
[STDERR  ] 2019-01-27T22:45:46.348620911Z: [    2.223927] sd 0:0:0:0: [sda] Attached SCSI disk
[STDERR  ] 2019-01-27T22:45:46.348641182Z: [    2.237130] sr 2:0:0:0: [sr0] scsi3-mmc drive: 4x/4x cd/rw xa/form2 tray
[STDERR  ] 2019-01-27T22:45:46.348653795Z: [    2.243706] cdrom: Uniform CD-ROM driver Revision: 3.20
[STDERR  ] 2019-01-27T22:45:46.348666191Z: [    2.249350] sr 2:0:0:0: Attached scsi generic sg1 type 5
[STDERR  ] 2019-01-27T22:45:46.348678479Z: [    2.256497] Freeing unused kernel memory: 1532K
[STDERR  ] 2019-01-27T22:45:46.348690765Z: [    2.262253] Write protecting the kernel read-only data: 18432k
[STDERR  ] 2019-01-27T22:45:46.348703715Z: [    2.268809] Freeing unused kernel memory: 2024K
[STDERR  ] 2019-01-27T22:45:46.348716068Z: [    2.276148] Freeing unused kernel memory: 1132K
[STDERR  ] 2019-01-27T22:45:46.348728390Z: 
[STDERR  ] 2019-01-27T22:45:46.348741467Z: Welcome to LinuxKit
[STDERR  ] 2019-01-27T22:45:46.348753956Z: 
[STDERR  ] 2019-01-27T22:45:46.348765978Z:                         ##         .
[STDERR  ] 2019-01-27T22:45:46.348778635Z:                   ## ## ##        ==
[STDERR  ] 2019-01-27T22:45:46.348802253Z:                ## ## ## ## ##    ===
[STDERR  ] 2019-01-27T22:45:46.348814435Z:            /"""""""""""""""""\___/ ===
[STDERR  ] 2019-01-27T22:45:46.348826467Z:           {                       /  ===-
[STDERR  ] 2019-01-27T22:45:46.348838391Z:            \______ O           __/
[STDERR  ] 2019-01-27T22:45:46.348851004Z:              \    \         __/
[STDERR  ] 2019-01-27T22:45:46.348865820Z:               \____\_______/
[STDERR  ] 2019-01-27T22:45:46.348877835Z: 
[STDERR  ] 2019-01-27T22:45:46.348890812Z: Creating cryptsetup lock directory
[STDERR  ] 2019-01-27T22:45:46.348906950Z: Creating dm-crypt LUKS mapping for /dev/sda under /dev/mapper/it_is_encrypted
[STDERR  ] 2019-01-27T22:45:46.348920017Z: Device /dev/sda doesn't seem to have a valid LUKS setup so one will be created.
[STDERR  ] 2019-01-27T22:45:46.348932445Z: Device /dev/mapper/it_is_encrypted doesn't seem to contain a filesystem, creating one.
[STDERR  ] 2019-01-27T22:45:46.348946815Z: Creating filesystem with 6144 1k blocks and 1536 inodes
[STDERR  ] 2019-01-27T22:45:46.348959344Z: 
[STDERR  ] 2019-01-27T22:45:46.348975155Z: Allocating group tables: 0/1   done                            
[STDERR  ] 2019-01-27T22:45:46.348987917Z: Writing inode tables: 0/1   done                            
[STDERR  ] 2019-01-27T22:45:46.349000254Z: Creating journal (1024 blocks): done
[STDERR  ] 2019-01-27T22:45:46.349015746Z: Writing superblocks and filesystem accounting information: 0/1   done
[STDERR  ] 2019-01-27T22:45:46.349028054Z: 
[STDERR  ] 2019-01-27T22:45:46.349040154Z: dd: writing '/dev/mapper/it_is_encrypted': No space left on device
[STDERR  ] 2019-01-27T22:45:46.349052604Z: 12289+0 records in
[STDERR  ] 2019-01-27T22:45:46.349064940Z: 12288+0 records out
[STDERR  ] 2019-01-27T22:45:46.349076854Z: mke2fs 1.44.2 (14-May-2018)
[STDERR  ] 2019-01-27T22:45:46.349089145Z: dm-crypt test suite PASSED
[STDERR  ] 2019-01-27T22:45:46.349101389Z: [   18.915581] sd 0:0:0:0: [sda] Synchronizing SCSI cache
[STDERR  ] 2019-01-27T22:45:46.349113663Z: [   18.921339] sd 0:0:0:0: [sda] Stopping disk
[STDERR  ] 2019-01-27T22:45:46.349126209Z: [   18.926850] ACPI: Preparing to enter system sleep state S5
[STDERR  ] 2019-01-27T22:45:46.349138169Z: [   18.931586] reboot: Power down
[STDERR  ] 2019-01-27T22:45:46.349150002Z: + echo [    0.000000] Linux version 4.14.88-linuxkit (root@e9515dce7e93) (gcc version 6.4.0 (Alpine 6.4.0)) #1 SMP Thu Dec 13 23:53:55 UTC 2018
[STDERR  ] 2019-01-27T22:45:46.349163542Z: [    0.000000] Command line: console=ttyS0 console=ttyAMA0
[STDERR  ] 2019-01-27T22:45:46.349178321Z: [    0.000000] x86/fpu: x87 FPU will use FXSAVE
[STDERR  ] 2019-01-27T22:45:46.349190468Z: [    0.000000] e820: BIOS-provided physical RAM map:
[STDERR  ] 2019-01-27T22:45:46.349202671Z: [    0.000000] BIOS-e820: [mem 0x0000000000000000-0x000000000009fbff] usable
[STDERR  ] 2019-01-27T22:45:46.349214806Z: [    0.000000] BIOS-e820: [mem 0x000000000009fc00-0x000000000009ffff] reserved
[STDERR  ] 2019-01-27T22:45:46.349227327Z: [    0.000000] BIOS-e820: [mem 0x00000000000f0000-0x00000000000fffff] reserved
[STDERR  ] 2019-01-27T22:45:46.349244159Z: [    0.000000] BIOS-e820: [mem 0x0000000000100000-0x000000003ffdefff] usable
[STDERR  ] 2019-01-27T22:45:46.349256579Z: [    0.000000] BIOS-e820: [mem 0x000000003ffdf000-0x000000003fffffff] reserved
[STDERR  ] 2019-01-27T22:45:46.349270486Z: [    0.000000] BIOS-e820: [mem 0x00000000b0000000-0x00000000bfffffff] reserved
[STDERR  ] 2019-01-27T22:45:46.349282782Z: [    0.000000] BIOS-e820: [mem 0x00000000fed1c000-0x00000000fed1ffff] reserved
[STDERR  ] 2019-01-27T22:45:46.349294796Z: [    0.000000] BIOS-e820: [mem 0x00000000feffc000-0x00000000feffffff] reserved
[STDERR  ] 2019-01-27T22:45:46.349307109Z: [    0.000000] BIOS-e820: [mem 0x00000000fffc0000-0x00000000ffffffff] reserved
[STDERR  ] 2019-01-27T22:45:46.349319164Z: [    0.000000] NX (Execute Disable) protection: active
[STDERR  ] 2019-01-27T22:45:46.349331592Z: [    0.000000] SMBIOS 2.8 present.
[STDERR  ] 2019-01-27T22:45:46.349346881Z: [    0.000000] DMI: QEMU Standard PC (Q35 + ICH9, 2009), BIOS 1.10.2-1 04/01/2014
[STDERR  ] 2019-01-27T22:45:46.349359275Z: [    0.000000] Hypervisor detected: KVM
[STDERR  ] 2019-01-27T22:45:46.349371663Z: [    0.000000] tsc: Fast TSC calibration failed
[STDERR  ] 2019-01-27T22:45:46.349386237Z: [    0.000000] tsc: Unable to calibrate against PIT
[STDERR  ] 2019-01-27T22:45:46.349398552Z: [    0.000000] tsc: No reference (HPET/PMTIMER) available
[STDERR  ] 2019-01-27T22:45:46.349411013Z: [    0.000000] e820: last_pfn = 0x3ffdf max_arch_pfn = 0x400000000
[STDERR  ] 2019-01-27T22:45:46.349423650Z: [    0.000000] x86/PAT: PAT not supported by CPU.
[STDERR  ] 2019-01-27T22:45:46.349435807Z: [    0.000000] x86/PAT: Configuration [0-7]: WB  WT  UC- UC  WB  WT  UC- UC  
[STDERR  ] 2019-01-27T22:45:46.349448207Z: [    0.000000] found SMP MP-table at [mem 0x000f6a90-0x000f6a9f] mapped at [ffffffffff200a90]
[STDERR  ] 2019-01-27T22:45:46.349460307Z: [    0.000000] RAMDISK: [mem 0x3e0f1000-0x3ffcffff]
[STDERR  ] 2019-01-27T22:45:46.349472357Z: [    0.000000] ACPI: Early table checksum verification disabled
[STDERR  ] 2019-01-27T22:45:46.349489280Z: [    0.000000] ACPI: RSDP 0x00000000000F68D0 000014 (v00 BOCHS )
[STDERR  ] 2019-01-27T22:45:46.349501495Z: [    0.000000] ACPI: RSDT 0x000000003FFE2404 000034 (v01 BOCHS  BXPCRSDT 00000001 BXPC 00000001)
[STDERR  ] 2019-01-27T22:45:46.349514055Z: [    0.000000] ACPI: FACP 0x000000003FFE22A4 000074 (v01 BOCHS  BXPCFACP 00000001 BXPC 00000001)
[STDERR  ] 2019-01-27T22:45:46.349529847Z: [    0.000000] ACPI: DSDT 0x000000003FFE0040 002264 (v01 BOCHS  BXPCDSDT 00000001 BXPC 00000001)
[STDERR  ] 2019-01-27T22:45:46.349543084Z: [    0.000000] ACPI: FACS 0x000000003FFE0000 000040
[STDERR  ] 2019-01-27T22:45:46.349555237Z: [    0.000000] ACPI: APIC 0x000000003FFE2318 000078 (v01 BOCHS  BXPCAPIC 00000001 BXPC 00000001)
[STDERR  ] 2019-01-27T22:45:46.349567563Z: [    0.000000] ACPI: HPET 0x000000003FFE2390 000038 (v01 BOCHS  BXPCHPET 00000001 BXPC 00000001)
[STDERR  ] 2019-01-27T22:45:46.349580213Z: [    0.000000] ACPI: MCFG 0x000000003FFE23C8 00003C (v01 BOCHS  BXPCMCFG 00000001 BXPC 00000001)
[STDERR  ] 2019-01-27T22:45:46.349592376Z: [    0.000000] kvm-clock: Using msrs 4b564d01 and 4b564d00
[STDERR  ] 2019-01-27T22:45:46.349604684Z: [    0.000000] kvm-clock: cpu 0, msr 0:3ffdd001, primary cpu clock
[STDERR  ] 2019-01-27T22:45:46.349616946Z: [    0.000000] clocksource: kvm-clock: mask: 0xffffffffffffffff max_cycles: 0x1cd42e4dffb, max_idle_ns: 881590591483 ns
[STDERR  ] 2019-01-27T22:45:46.349637641Z: [    0.000000] Zone ranges:
[STDERR  ] 2019-01-27T22:45:46.349650236Z: [    0.000000]   DMA      [mem 0x0000000000001000-0x0000000000ffffff]
[STDERR  ] 2019-01-27T22:45:46.349662333Z: [    0.000000]   DMA32    [mem 0x0000000001000000-0x000000003ffdefff]
[STDERR  ] 2019-01-27T22:45:46.350171437Z: [    0.000000]   Normal   empty
[STDERR  ] 2019-01-27T22:45:46.350236337Z: [    0.000000]   Device   empty
[STDERR  ] 2019-01-27T22:45:46.350272197Z: [    0.000000] Movable zone start for each node
[STDERR  ] 2019-01-27T22:45:46.350324154Z: [    0.000000] Early memory node ranges
[STDERR  ] 2019-01-27T22:45:46.350358485Z: [    0.000000]   node   0: [mem 0x0000000000001000-0x000000000009efff]
[STDERR  ] 2019-01-27T22:45:46.350409251Z: [    0.000000]   node   0: [mem 0x0000000000100000-0x000000003ffdefff]
[STDERR  ] 2019-01-27T22:45:46.350447374Z: [    0.000000] Initmem setup node 0 [mem 0x0000000000001000-0x000000003ffdefff]
[STDERR  ] 2019-01-27T22:45:46.350497709Z: [    0.000000] ACPI: PM-Timer IO Port: 0x608
[STDERR  ] 2019-01-27T22:45:46.350534014Z: [    0.000000] ACPI: LAPIC_NMI (acpi_id[0xff] dfl dfl lint[0x1])
[STDERR  ] 2019-01-27T22:45:46.350585710Z: [    0.000000] IOAPIC[0]: apic_id 0, version 17, address 0xfec00000, GSI 0-23
[STDERR  ] 2019-01-27T22:45:46.350620859Z: [    0.000000] ACPI: INT_SRC_OVR (bus 0 bus_irq 0 global_irq 2 dfl dfl)
[STDERR  ] 2019-01-27T22:45:46.350681686Z: [    0.000000] ACPI: INT_SRC_OVR (bus 0 bus_irq 5 global_irq 5 high level)
[STDERR  ] 2019-01-27T22:45:46.350713948Z: [    0.000000] ACPI: INT_SRC_OVR (bus 0 bus_irq 9 global_irq 9 high level)
[STDERR  ] 2019-01-27T22:45:46.350765687Z: [    0.000000] ACPI: INT_SRC_OVR (bus 0 bus_irq 10 global_irq 10 high level)
[STDERR  ] 2019-01-27T22:45:46.350812762Z: [    0.000000] ACPI: INT_SRC_OVR (bus 0 bus_irq 11 global_irq 11 high level)
[STDERR  ] 2019-01-27T22:45:46.350861350Z: [    0.000000] Using ACPI (MADT) for SMP configuration information
[STDERR  ] 2019-01-27T22:45:46.350896902Z: [    0.000000] ACPI: HPET id: 0x8086a201 base: 0xfed00000
[STDERR  ] 2019-01-27T22:45:46.350945793Z: [    0.000000] smpboot: Allowing 1 CPUs, 0 hotplug CPUs
[STDERR  ] 2019-01-27T22:45:46.350980117Z: [    0.000000] e820: [mem 0x40000000-0xafffffff] available for PCI devices
[STDERR  ] 2019-01-27T22:45:46.351028971Z: [    0.000000] Booting paravirtualized kernel on KVM
[STDERR  ] 2019-01-27T22:45:46.351062678Z: [    0.000000] clocksource: refined-jiffies: mask: 0xffffffff max_cycles: 0xffffffff, max_idle_ns: 1910969940391419 ns
[STDERR  ] 2019-01-27T22:45:46.351112405Z: [    0.000000] random: get_random_bytes called from start_kernel+0x92/0x4d1 with crng_init=0
[STDERR  ] 2019-01-27T22:45:46.351156341Z: [    0.000000] setup_percpu: NR_CPUS:128 nr_cpumask_bits:128 nr_cpu_ids:1 nr_node_ids:1
[STDERR  ] 2019-01-27T22:45:46.351204477Z: [    0.000000] percpu: Embedded 45 pages/cpu @ffff9b547de00000 s144216 r8192 d31912 u2097152
[STDERR  ] 2019-01-27T22:45:46.351255945Z: [    0.000000] KVM setup async PF for cpu 0
[STDERR  ] 2019-01-27T22:45:46.351307151Z: [    0.000000] kvm-stealtime: cpu 0, msr 3de15f40
[STDERR  ] 2019-01-27T22:45:46.351341729Z: [    0.000000] Built 1 zonelists, mobility grouping on.  Total pages: 257896
[STDERR  ] 2019-01-27T22:45:46.351390599Z: [    0.000000] Kernel command line: console=ttyS0 console=ttyAMA0
[STDERR  ] 2019-01-27T22:45:46.351426971Z: [    0.000000] PID hash table entries: 4096 (order: 3, 32768 bytes)
[STDERR  ] 2019-01-27T22:45:46.351476846Z: [    0.000000] Dentry cache hash table entries: 131072 (order: 8, 1048576 bytes)
[STDERR  ] 2019-01-27T22:45:46.351510947Z: [    0.000000] Inode-cache hash table entries: 65536 (order: 7, 524288 bytes)
[STDERR  ] 2019-01-27T22:45:46.351563416Z: [    0.000000] Memory: 973252K/1048052K available (12300K kernel code, 1445K rwdata, 2964K rodata, 1532K init, 580K bss, 74800K reserved, 0K cma-reserved)
[STDERR  ] 2019-01-27T22:45:46.351598569Z: [    0.000000] Kernel/User page tables isolation: enabled
[STDERR  ] 2019-01-27T22:45:46.351657199Z: [    0.000000] ftrace: allocating 40620 entries in 159 pages
[STDERR  ] 2019-01-27T22:45:46.351690993Z: [    0.001000] Hierarchical RCU implementation.
[STDERR  ] 2019-01-27T22:45:46.351740219Z: [    0.001000] 	RCU restricting CPUs from NR_CPUS=128 to nr_cpu_ids=1.
[STDERR  ] 2019-01-27T22:45:46.351774415Z: [    0.001000] RCU: Adjusting geometry for rcu_fanout_leaf=16, nr_cpu_ids=1
[STDERR  ] 2019-01-27T22:45:46.351834368Z: [    0.001000] NR_IRQS: 8448, nr_irqs: 256, preallocated irqs: 16
[STDERR  ] 2019-01-27T22:45:46.351868275Z: [    0.001000] Console: colour VGA+ 80x25
[STDERR  ] 2019-01-27T22:45:46.351919902Z: [    0.001000] console [ttyS0] enabled
[STDERR  ] 2019-01-27T22:45:46.351953745Z: [    0.001000] clocksource: hpet: mask: 0xffffffff max_cycles: 0xffffffff, max_idle_ns: 19112604467 ns
[STDERR  ] 2019-01-27T22:45:46.352006298Z: [    0.001025] tsc: Detected 2299.914 MHz processor
[STDERR  ] 2019-01-27T22:45:46.352040693Z: [    0.002038] Calibrating delay loop (skipped) preset value.. 4599.82 BogoMIPS (lpj=2299914)
[STDERR  ] 2019-01-27T22:45:46.352089621Z: [    0.003025] pid_max: default: 32768 minimum: 301
[STDERR  ] 2019-01-27T22:45:46.352123775Z: [    0.004047] ACPI: Core revision 20170728
[STDERR  ] 2019-01-27T22:45:46.352173966Z: [    0.006693] ACPI: 1 ACPI AML tables successfully acquired and loaded
[STDERR  ] 2019-01-27T22:45:46.352208097Z: [    0.007105] Security Framework initialized
[STDERR  ] 2019-01-27T22:45:46.352266865Z: [    0.008025] Yama: becoming mindful.
[STDERR  ] 2019-01-27T22:45:46.352303502Z: [    0.009064] Mount-cache hash table entries: 2048 (order: 2, 16384 bytes)
[STDERR  ] 2019-01-27T22:45:46.352353812Z: [    0.010028] Mountpoint-cache hash table entries: 2048 (order: 2, 16384 bytes)
[STDERR  ] 2019-01-27T22:45:46.352388442Z: [    0.014070] Last level iTLB entries: 4KB 0, 2MB 0, 4MB 0
[STDERR  ] 2019-01-27T22:45:46.352437473Z: [    0.015032] Last level dTLB entries: 4KB 0, 2MB 0, 4MB 0, 1GB 0
[STDERR  ] 2019-01-27T22:45:46.352471130Z: [    0.016030] Spectre V2 : Mitigation: Full generic retpoline
[STDERR  ] 2019-01-27T22:45:46.352520925Z: [    0.017030] Spectre V2 : Spectre v2 / SpectreRSB mitigation: Filling RSB on context switch
[STDERR  ] 2019-01-27T22:45:46.352555457Z: [    0.018028] Speculative Store Bypass: Vulnerable
[STDERR  ] 2019-01-27T22:45:46.352604853Z: [    0.027783] Freeing SMP alternatives memory: 20K
[STDERR  ] 2019-01-27T22:45:46.352645218Z: [    0.029052] smpboot: Max logical packages: 1
[STDERR  ] 2019-01-27T22:45:46.352772652Z: [    0.033364] x2apic enabled
[STDERR  ] 2019-01-27T22:45:46.352825834Z: [    0.034024] Switched APIC routing to physical x2apic.
[STDERR  ] 2019-01-27T22:45:46.352884880Z: [    0.046916] ..TIMER: vector=0x30 apic1=0 pin1=2 apic2=-1 pin2=-1
[STDERR  ] 2019-01-27T22:45:46.352935620Z: [    0.047000] smpboot: CPU0: Intel QEMU Virtual CPU version 2.5+ (family: 0x6, model: 0x6, stepping: 0x3)
[STDERR  ] 2019-01-27T22:45:46.352971645Z: [    0.047119] Performance Events: PMU not available due to virtualization, using software events only.
[STDERR  ] 2019-01-27T22:45:46.353038343Z: [    0.049392] Hierarchical SRCU implementation.
[STDERR  ] 2019-01-27T22:45:46.353073527Z: [    0.050116] NMI watchdog: Perf event create on CPU 0 failed with -2
[STDERR  ] 2019-01-27T22:45:46.353125612Z: [    0.051006] NMI watchdog: Perf NMI watchdog permanently disabled
[STDERR  ] 2019-01-27T22:45:46.353159668Z: [    0.052068] smp: Bringing up secondary CPUs ...
[STDERR  ] 2019-01-27T22:45:46.353251425Z: [    0.053005] smp: Brought up 1 node, 1 CPU
[STDERR  ] 2019-01-27T22:45:46.353320187Z: [    0.054005] smpboot: Total of 1 processors activated (4599.82 BogoMIPS)
[STDERR  ] 2019-01-27T22:45:46.353364039Z: [    0.057198] devtmpfs: initialized
[STDERR  ] 2019-01-27T22:45:46.353420358Z: [    0.058065] x86/mm: Memory block size: 128MB
[STDERR  ] 2019-01-27T22:45:46.353463324Z: [    0.059226] evm: security.ima
[STDERR  ] 2019-01-27T22:45:46.353521587Z: [    0.060005] evm: security.capability
[STDERR  ] 2019-01-27T22:45:46.353565882Z: [    0.061178] clocksource: jiffies: mask: 0xffffffff max_cycles: 0xffffffff, max_idle_ns: 1911260446275000 ns
[STDERR  ] 2019-01-27T22:45:46.353641738Z: [    0.062014] futex hash table entries: 256 (order: 2, 16384 bytes)
[STDERR  ] 2019-01-27T22:45:46.353715984Z: [    0.063225] NET: Registered protocol family 16
[STDERR  ] 2019-01-27T22:45:46.353768616Z: [    0.064201] cpuidle: using governor ladder
[STDERR  ] 2019-01-27T22:45:46.353836493Z: [    0.065006] cpuidle: using governor menu
[STDERR  ] 2019-01-27T22:45:46.353893419Z: [    0.066116] ACPI: bus type PCI registered
[STDERR  ] 2019-01-27T22:45:46.353989139Z: [    0.067494] PCI: MMCONFIG for domain 0000 [bus 00-ff] at [mem 0xb0000000-0xbfffffff] (base 0xb0000000)
[STDERR  ] 2019-01-27T22:45:46.354032868Z: [    0.069006] PCI: MMCONFIG at [mem 0xb0000000-0xbfffffff] reserved in E820
[STDERR  ] 2019-01-27T22:45:46.354094228Z: [    0.070022] PCI: Using configuration type 1 for base access
[STDERR  ] 2019-01-27T22:45:46.354201117Z: [    0.073498] HugeTLB registered 2.00 MiB page size, pre-allocated 0 pages
[STDOUT  ] 2019-01-27T22:45:46.354205552Z: [    0.000000] Linux version 4.14.88-linuxkit (root@e9515dce7e93) (gcc version 6.4.0 (Alpine 6.4.0)) #1 SMP Thu Dec 13 23:53:55 UTC 2018
[STDERR  ] 2019-01-27T22:45:46.354242638Z: [    0.074291] ACPI: Added _OSI(Module Device)
[STDOUT  ] 2019-01-27T22:45:46.354247437Z: [    0.000000] Command line: console=ttyS0 console=ttyAMA0
[STDOUT  ] 2019-01-27T22:45:46.354258249Z: [    0.000000] x86/fpu: x87 FPU will use FXSAVE
[STDOUT  ] 2019-01-27T22:45:46.354267841Z: [    0.000000] e820: BIOS-provided physical RAM map:
[STDOUT  ] 2019-01-27T22:45:46.354277588Z: [    0.000000] BIOS-e820: [mem 0x0000000000000000-0x000000000009fbff] usable
[STDOUT  ] 2019-01-27T22:45:46.354306263Z: [    0.000000] BIOS-e820: [mem 0x000000000009fc00-0x000000000009ffff] reserved
[STDOUT  ] 2019-01-27T22:45:46.354315511Z: [    0.000000] BIOS-e820: [mem 0x00000000000f0000-0x00000000000fffff] reserved
[STDOUT  ] 2019-01-27T22:45:46.354324240Z: [    0.000000] BIOS-e820: [mem 0x0000000000100000-0x000000003ffdefff] usable
[STDOUT  ] 2019-01-27T22:45:46.354333561Z: [    0.000000] BIOS-e820: [mem 0x000000003ffdf000-0x000000003fffffff] reserved
[STDOUT  ] 2019-01-27T22:45:46.354342918Z: [    0.000000] BIOS-e820: [mem 0x00000000b0000000-0x00000000bfffffff] reserved
[STDOUT  ] 2019-01-27T22:45:46.354351599Z: [    0.000000] BIOS-e820: [mem 0x00000000fed1c000-0x00000000fed1ffff] reserved
[STDOUT  ] 2019-01-27T22:45:46.354360339Z: [    0.000000] BIOS-e820: [mem 0x00000000feffc000-0x00000000feffffff] reserved
[STDERR  ] 2019-01-27T22:45:46.354323250Z: [    0.075018] ACPI: Added _OSI(Processor Device)
[STDOUT  ] 2019-01-27T22:45:46.354368574Z: [    0.000000] BIOS-e820: [mem 0x00000000fffc0000-0x00000000ffffffff] reserved
[STDERR  ] 2019-01-27T22:45:46.354383590Z: [    0.076004] ACPI: Added _OSI(3.0 _SCP Extensions)
[STDOUT  ] 2019-01-27T22:45:46.354384069Z: [    0.000000] NX (Execute Disable) protection: active
[STDERR  ] 2019-01-27T22:45:46.354464653Z: [    0.077007] ACPI: Added _OSI(Processor Aggregator Device)
[STDERR  ] 2019-01-27T22:45:46.354513930Z: [    0.082179] ACPI: Interpreter enabled
[STDOUT  ] 2019-01-27T22:45:46.354497353Z: [    0.000000] SMBIOS 2.8 present.
[STDERR  ] 2019-01-27T22:45:46.354585722Z: [    0.083013] ACPI: (supports S0 S5)
[STDERR  ] 2019-01-27T22:45:46.354652111Z: [    0.084005] ACPI: Using IOAPIC for interrupt routing
[STDOUT  ] 2019-01-27T22:45:46.354586804Z: [    0.000000] DMI: QEMU Standard PC (Q35 + ICH9, 2009), BIOS 1.10.2-1 04/01/2014
[STDOUT  ] 2019-01-27T22:45:46.354672099Z: [    0.000000] Hypervisor detected: KVM
[STDOUT  ] 2019-01-27T22:45:46.354682342Z: [    0.000000] tsc: Fast TSC calibration failed
[STDOUT  ] 2019-01-27T22:45:46.354691561Z: [    0.000000] tsc: Unable to calibrate against PIT
[STDOUT  ] 2019-01-27T22:45:46.354703401Z: [    0.000000] tsc: No reference (HPET/PMTIMER) available
[STDOUT  ] 2019-01-27T22:45:46.354713098Z: [    0.000000] e820: last_pfn = 0x3ffdf max_arch_pfn = 0x400000000
[STDOUT  ] 2019-01-27T22:45:46.354721847Z: [    0.000000] x86/PAT: PAT not supported by CPU.
[STDOUT  ] 2019-01-27T22:45:46.354730485Z: [    0.000000] x86/PAT: Configuration [0-7]: WB  WT  UC- UC  WB  WT  UC- UC  
[STDOUT  ] 2019-01-27T22:45:46.354739337Z: [    0.000000] found SMP MP-table at [mem 0x000f6a90-0x000f6a9f] mapped at [ffffffffff200a90]
[STDOUT  ] 2019-01-27T22:45:46.354749319Z: [    0.000000] RAMDISK: [mem 0x3e0f1000-0x3ffcffff]
[STDERR  ] 2019-01-27T22:45:46.354692862Z: [    0.085055] PCI: Using host bridge windows from ACPI; if necessary, use "pci=nocrs" and report a bug
[STDERR  ] 2019-01-27T22:45:46.354778650Z: [    0.086406] ACPI: Enabled 2 GPEs in block 00 to 3F
[STDERR  ] 2019-01-27T22:45:46.354833269Z: [    0.092058] ACPI: PCI Root Bridge [PCI0] (domain 0000 [bus 00-ff])
[STDOUT  ] 2019-01-27T22:45:46.354758206Z: [    0.000000] ACPI: Early table checksum verification disabled
[STDOUT  ] 2019-01-27T22:45:46.354852566Z: [    0.000000] ACPI: RSDP 0x00000000000F68D0 000014 (v00 BOCHS )
[STDOUT  ] 2019-01-27T22:45:46.354862723Z: [    0.000000] ACPI: RSDT 0x000000003FFE2404 000034 (v01 BOCHS  BXPCRSDT 00000001 BXPC 00000001)
[STDOUT  ] 2019-01-27T22:45:46.354874255Z: [    0.000000] ACPI: FACP 0x000000003FFE22A4 000074 (v01 BOCHS  BXPCFACP 00000001 BXPC 00000001)
[STDOUT  ] 2019-01-27T22:45:46.354883168Z: [    0.000000] ACPI: DSDT 0x000000003FFE0040 002264 (v01 BOCHS  BXPCDSDT 00000001 BXPC 00000001)
[STDOUT  ] 2019-01-27T22:45:46.354892272Z: [    0.000000] ACPI: FACS 0x000000003FFE0000 000040
[STDOUT  ] 2019-01-27T22:45:46.354901662Z: [    0.000000] ACPI: APIC 0x000000003FFE2318 000078 (v01 BOCHS  BXPCAPIC 00000001 BXPC 00000001)
[STDOUT  ] 2019-01-27T22:45:46.354928247Z: [    0.000000] ACPI: HPET 0x000000003FFE2390 000038 (v01 BOCHS  BXPCHPET 00000001 BXPC 00000001)
[STDOUT  ] 2019-01-27T22:45:46.354936614Z: [    0.000000] ACPI: MCFG 0x000000003FFE23C8 00003C (v01 BOCHS  BXPCMCFG 00000001 BXPC 00000001)
[STDERR  ] 2019-01-27T22:45:46.354899668Z: [    0.093012] acpi PNP0A08:00: _OSC: OS supports [ExtendedConfig ASPM ClockPM Segments MSI]
[STDERR  ] 2019-01-27T22:45:46.354960090Z: [    0.094136] acpi PNP0A08:00: _OSC: OS now controls [PCIeHotplug PME PCIeCapability]
[STDOUT  ] 2019-01-27T22:45:46.354944923Z: [    0.000000] kvm-clock: Using msrs 4b564d01 and 4b564d00
[STDOUT  ] 2019-01-27T22:45:46.355033411Z: [    0.000000] kvm-clock: cpu 0, msr 0:3ffdd001, primary cpu clock
[STDOUT  ] 2019-01-27T22:45:46.355045091Z: [    0.000000] clocksource: kvm-clock: mask: 0xffffffffffffffff max_cycles: 0x1cd42e4dffb, max_idle_ns: 881590591483 ns
[STDOUT  ] 2019-01-27T22:45:46.355056919Z: [    0.000000] Zone ranges:
[STDOUT  ] 2019-01-27T22:45:46.355070165Z: [    0.000000]   DMA      [mem 0x0000000000001000-0x0000000000ffffff]
[STDOUT  ] 2019-01-27T22:45:46.355081140Z: [    0.000000]   DMA32    [mem 0x0000000001000000-0x000000003ffdefff]
[STDOUT  ] 2019-01-27T22:45:46.355089475Z: [    0.000000]   Normal   empty
[STDOUT  ] 2019-01-27T22:45:46.355097955Z: [    0.000000]   Device   empty
[STDOUT  ] 2019-01-27T22:45:46.355112030Z: [    0.000000] Movable zone start for each node
[STDERR  ] 2019-01-27T22:45:46.355001885Z: [    0.095068] PCI host bridge to bus 0000:00
[STDOUT  ] 2019-01-27T22:45:46.355120805Z: [    0.000000] Early memory node ranges
[STDERR  ] 2019-01-27T22:45:46.355122399Z: [    0.096008] pci_bus 0000:00: root bus resource [io  0x0000-0x0cf7 window]
[STDOUT  ] 2019-01-27T22:45:46.355143116Z: [    0.000000]   node   0: [mem 0x0000000000001000-0x000000000009efff]
[STDOUT  ] 2019-01-27T22:45:46.355152288Z: [    0.000000]   node   0: [mem 0x0000000000100000-0x000000003ffdefff]
[STDOUT  ] 2019-01-27T22:45:46.355163262Z: [    0.000000] Initmem setup node 0 [mem 0x0000000000001000-0x000000003ffdefff]
[STDOUT  ] 2019-01-27T22:45:46.355171552Z: [    0.000000] ACPI: PM-Timer IO Port: 0x608
[STDOUT  ] 2019-01-27T22:45:46.355180060Z: [    0.000000] ACPI: LAPIC_NMI (acpi_id[0xff] dfl dfl lint[0x1])
[STDOUT  ] 2019-01-27T22:45:46.355188324Z: [    0.000000] IOAPIC[0]: apic_id 0, version 17, address 0xfec00000, GSI 0-23
[STDOUT  ] 2019-01-27T22:45:46.355196468Z: [    0.000000] ACPI: INT_SRC_OVR (bus 0 bus_irq 0 global_irq 2 dfl dfl)
[STDOUT  ] 2019-01-27T22:45:46.355204843Z: [    0.000000] ACPI: INT_SRC_OVR (bus 0 bus_irq 5 global_irq 5 high level)
[STDOUT  ] 2019-01-27T22:45:46.355213319Z: [    0.000000] ACPI: INT_SRC_OVR (bus 0 bus_irq 9 global_irq 9 high level)
[STDOUT  ] 2019-01-27T22:45:46.355222088Z: [    0.000000] ACPI: INT_SRC_OVR (bus 0 bus_irq 10 global_irq 10 high level)
[STDOUT  ] 2019-01-27T22:45:46.355230638Z: [    0.000000] ACPI: INT_SRC_OVR (bus 0 bus_irq 11 global_irq 11 high level)
[STDOUT  ] 2019-01-27T22:45:46.355239047Z: [    0.000000] Using ACPI (MADT) for SMP configuration information
[STDOUT  ] 2019-01-27T22:45:46.355250578Z: [    0.000000] ACPI: HPET id: 0x8086a201 base: 0xfed00000
[STDOUT  ] 2019-01-27T22:45:46.355259171Z: [    0.000000] smpboot: Allowing 1 CPUs, 0 hotplug CPUs
[STDOUT  ] 2019-01-27T22:45:46.355271562Z: [    0.000000] e820: [mem 0x40000000-0xafffffff] available for PCI devices
[STDOUT  ] 2019-01-27T22:45:46.355280224Z: [    0.000000] Booting paravirtualized kernel on KVM
[STDOUT  ] 2019-01-27T22:45:46.355289522Z: [    0.000000] clocksource: refined-jiffies: mask: 0xffffffff max_cycles: 0xffffffff, max_idle_ns: 1910969940391419 ns
[STDOUT  ] 2019-01-27T22:45:46.355298382Z: [    0.000000] random: get_random_bytes called from start_kernel+0x92/0x4d1 with crng_init=0
[STDOUT  ] 2019-01-27T22:45:46.355306770Z: [    0.000000] setup_percpu: NR_CPUS:128 nr_cpumask_bits:128 nr_cpu_ids:1 nr_node_ids:1
[STDOUT  ] 2019-01-27T22:45:46.355314824Z: [    0.000000] percpu: Embedded 45 pages/cpu @ffff9b547de00000 s144216 r8192 d31912 u2097152
[STDOUT  ] 2019-01-27T22:45:46.355322793Z: [    0.000000] KVM setup async PF for cpu 0
[STDOUT  ] 2019-01-27T22:45:46.355330865Z: [    0.000000] kvm-stealtime: cpu 0, msr 3de15f40
[STDOUT  ] 2019-01-27T22:45:46.355338847Z: [    0.000000] Built 1 zonelists, mobility grouping on.  Total pages: 257896
[STDOUT  ] 2019-01-27T22:45:46.355347022Z: [    0.000000] Kernel command line: console=ttyS0 console=ttyAMA0
[STDOUT  ] 2019-01-27T22:45:46.355360295Z: [    0.000000] PID hash table entries: 4096 (order: 3, 32768 bytes)
[STDOUT  ] 2019-01-27T22:45:46.355368963Z: [    0.000000] Dentry cache hash table entries: 131072 (order: 8, 1048576 bytes)
[STDOUT  ] 2019-01-27T22:45:46.355377559Z: [    0.000000] Inode-cache hash table entries: 65536 (order: 7, 524288 bytes)
[STDOUT  ] 2019-01-27T22:45:46.355386111Z: [    0.000000] Memory: 973252K/1048052K available (12300K kernel code, 1445K rwdata, 2964K rodata, 1532K init, 580K bss, 74800K reserved, 0K cma-reserved)
[STDOUT  ] 2019-01-27T22:45:46.355396251Z: [    0.000000] Kernel/User page tables isolation: enabled
[STDOUT  ] 2019-01-27T22:45:46.355408621Z: [    0.000000] ftrace: allocating 40620 entries in 159 pages
[STDOUT  ] 2019-01-27T22:45:46.355416762Z: [    0.001000] Hierarchical RCU implementation.
[STDOUT  ] 2019-01-27T22:45:46.355424922Z: [    0.001000] 	RCU restricting CPUs from NR_CPUS=128 to nr_cpu_ids=1.
[STDOUT  ] 2019-01-27T22:45:46.355443870Z: [    0.001000] RCU: Adjusting geometry for rcu_fanout_leaf=16, nr_cpu_ids=1
[STDOUT  ] 2019-01-27T22:45:46.355452970Z: [    0.001000] NR_IRQS: 8448, nr_irqs: 256, preallocated irqs: 16
[STDOUT  ] 2019-01-27T22:45:46.355461095Z: [    0.001000] Console: colour VGA+ 80x25
[STDOUT  ] 2019-01-27T22:45:46.355469226Z: [    0.001000] console [ttyS0] enabled
[STDOUT  ] 2019-01-27T22:45:46.355477164Z: [    0.001000] clocksource: hpet: mask: 0xffffffff max_cycles: 0xffffffff, max_idle_ns: 19112604467 ns
[STDOUT  ] 2019-01-27T22:45:46.355485446Z: [    0.001025] tsc: Detected 2299.914 MHz processor
[STDOUT  ] 2019-01-27T22:45:46.355494092Z: [    0.002038] Calibrating delay loop (skipped) preset value.. 4599.82 BogoMIPS (lpj=2299914)
[STDERR  ] 2019-01-27T22:45:46.355254636Z: [    0.097009] pci_bus 0000:00: root bus resource [io  0x0d00-0xffff window]
[STDOUT  ] 2019-01-27T22:45:46.355503055Z: [    0.003025] pid_max: default: 32768 minimum: 301
[STDOUT  ] 2019-01-27T22:45:46.355517129Z: [    0.004047] ACPI: Core revision 20170728
[STDOUT  ] 2019-01-27T22:45:46.355525427Z: [    0.006693] ACPI: 1 ACPI AML tables successfully acquired and loaded
[STDOUT  ] 2019-01-27T22:45:46.355533941Z: [    0.007105] Security Framework initialized
[STDOUT  ] 2019-01-27T22:45:46.355542189Z: [    0.008025] Yama: becoming mindful.
[STDOUT  ] 2019-01-27T22:45:46.355550178Z: [    0.009064] Mount-cache hash table entries: 2048 (order: 2, 16384 bytes)
[STDOUT  ] 2019-01-27T22:45:46.355558187Z: [    0.010028] Mountpoint-cache hash table entries: 2048 (order: 2, 16384 bytes)
[STDOUT  ] 2019-01-27T22:45:46.355566266Z: [    0.014070] Last level iTLB entries: 4KB 0, 2MB 0, 4MB 0
[STDOUT  ] 2019-01-27T22:45:46.355574854Z: [    0.015032] Last level dTLB entries: 4KB 0, 2MB 0, 4MB 0, 1GB 0
[STDOUT  ] 2019-01-27T22:45:46.355583371Z: [    0.016030] Spectre V2 : Mitigation: Full generic retpoline
[STDOUT  ] 2019-01-27T22:45:46.355591790Z: [    0.017030] Spectre V2 : Spectre v2 / SpectreRSB mitigation: Filling RSB on context switch
[STDOUT  ] 2019-01-27T22:45:46.355603326Z: [    0.018028] Speculative Store Bypass: Vulnerable
[STDOUT  ] 2019-01-27T22:45:46.355611494Z: [    0.027783] Freeing SMP alternatives memory: 20K
[STDERR  ] 2019-01-27T22:45:46.355580969Z: [    0.098007] pci_bus 0000:00: root bus resource [mem 0x000a0000-0x000bffff window]
[STDERR  ] 2019-01-27T22:45:46.355627026Z: [    0.099007] pci_bus 0000:00: root bus resource [mem 0xc0000000-0xfebfffff window]
[STDOUT  ] 2019-01-27T22:45:46.355619515Z: [    0.029052] smpboot: Max logical packages: 1
[STDOUT  ] 2019-01-27T22:45:46.355699518Z: [    0.033364] x2apic enabled
[STDERR  ] 2019-01-27T22:45:46.355675178Z: [    0.100006] pci_bus 0000:00: root bus resource [bus 00-ff]
[STDERR  ] 2019-01-27T22:45:46.355718267Z: [    0.169573] pci 0000:00:1f.0: quirk: [io  0x0600-0x067f] claimed by ICH6 ACPI/GPIO/TCO
[STDOUT  ] 2019-01-27T22:45:46.355709705Z: [    0.034024] Switched APIC routing to physical x2apic.
[STDOUT  ] 2019-01-27T22:45:46.355799310Z: [    0.046916] ..TIMER: vector=0x30 apic1=0 pin1=2 apic2=-1 pin2=-1
[STDERR  ] 2019-01-27T22:45:46.355759844Z: [    0.197942] ACPI: PCI Interrupt Link [LNKA] (IRQs 5 *10 11)
[STDOUT  ] 2019-01-27T22:45:46.355809493Z: [    0.047000] smpboot: CPU0: Intel QEMU Virtual CPU version 2.5+ (family: 0x6, model: 0x6, stepping: 0x3)
[STDOUT  ] 2019-01-27T22:45:46.355817873Z: [    0.047119] Performance Events: PMU not available due to virtualization, using software events only.
[STDOUT  ] 2019-01-27T22:45:46.355826530Z: [    0.049392] Hierarchical SRCU implementation.
[STDOUT  ] 2019-01-27T22:45:46.355837829Z: [    0.050116] NMI watchdog: Perf event create on CPU 0 failed with -2
[STDERR  ] 2019-01-27T22:45:46.355814357Z: [    0.198321] ACPI: PCI Interrupt Link [LNKB] (IRQs 5 *10 11)
[STDOUT  ] 2019-01-27T22:45:46.355851402Z: [    0.051006] NMI watchdog: Perf NMI watchdog permanently disabled
[STDOUT  ] 2019-01-27T22:45:46.355859539Z: [    0.052068] smp: Bringing up secondary CPUs ...
[STDOUT  ] 2019-01-27T22:45:46.355867468Z: [    0.053005] smp: Brought up 1 node, 1 CPU
[STDOUT  ] 2019-01-27T22:45:46.355879767Z: [    0.054005] smpboot: Total of 1 processors activated (4599.82 BogoMIPS)
[STDOUT  ] 2019-01-27T22:45:46.355888089Z: [    0.057198] devtmpfs: initialized
[STDOUT  ] 2019-01-27T22:45:46.355897397Z: [    0.058065] x86/mm: Memory block size: 128MB
[STDOUT  ] 2019-01-27T22:45:46.355907760Z: [    0.059226] evm: security.ima
[STDOUT  ] 2019-01-27T22:45:46.355915742Z: [    0.060005] evm: security.capability
[STDOUT  ] 2019-01-27T22:45:46.355923794Z: [    0.061178] clocksource: jiffies: mask: 0xffffffff max_cycles: 0xffffffff, max_idle_ns: 1911260446275000 ns
[STDOUT  ] 2019-01-27T22:45:46.355932057Z: [    0.062014] futex hash table entries: 256 (order: 2, 16384 bytes)
[STDOUT  ] 2019-01-27T22:45:46.355940288Z: [    0.063225] NET: Registered protocol family 16
[STDOUT  ] 2019-01-27T22:45:46.355948886Z: [    0.064201] cpuidle: using governor ladder
[STDERR  ] 2019-01-27T22:45:46.355855637Z: [    0.199339] ACPI: PCI Interrupt Link [LNKC] (IRQs 5 10 *11)
[STDERR  ] 2019-01-27T22:45:46.355982400Z: [    0.200326] ACPI: PCI Interrupt Link [LNKD] (IRQs 5 10 *11)
[STDOUT  ] 2019-01-27T22:45:46.355957373Z: [    0.065006] cpuidle: using governor menu
[STDOUT  ] 2019-01-27T22:45:46.356041281Z: [    0.066116] ACPI: bus type PCI registered
[STDOUT  ] 2019-01-27T22:45:46.356058096Z: [    0.067494] PCI: MMCONFIG for domain 0000 [bus 00-ff] at [mem 0xb0000000-0xbfffffff] (base 0xb0000000)
[STDOUT  ] 2019-01-27T22:45:46.356067367Z: [    0.069006] PCI: MMCONFIG at [mem 0xb0000000-0xbfffffff] reserved in E820
[STDOUT  ] 2019-01-27T22:45:46.356076454Z: [    0.070022] PCI: Using configuration type 1 for base access
[STDOUT  ] 2019-01-27T22:45:46.356086019Z: [    0.073498] HugeTLB registered 2.00 MiB page size, pre-allocated 0 pages
[STDOUT  ] 2019-01-27T22:45:46.356094472Z: [    0.074291] ACPI: Added _OSI(Module Device)
[STDOUT  ] 2019-01-27T22:45:46.356103513Z: [    0.075018] ACPI: Added _OSI(Processor Device)
[STDOUT  ] 2019-01-27T22:45:46.356112576Z: [    0.076004] ACPI: Added _OSI(3.0 _SCP Extensions)
[STDOUT  ] 2019-01-27T22:45:46.356121303Z: [    0.077007] ACPI: Added _OSI(Processor Aggregator Device)
[STDOUT  ] 2019-01-27T22:45:46.356129914Z: [    0.082179] ACPI: Interpreter enabled
[STDOUT  ] 2019-01-27T22:45:46.356138221Z: [    0.083013] ACPI: (supports S0 S5)
[STDOUT  ] 2019-01-27T22:45:46.356147168Z: [    0.084005] ACPI: Using IOAPIC for interrupt routing
[STDOUT  ] 2019-01-27T22:45:46.356169229Z: [    0.085055] PCI: Using host bridge windows from ACPI; if necessary, use "pci=nocrs" and report a bug
[STDOUT  ] 2019-01-27T22:45:46.356178355Z: [    0.086406] ACPI: Enabled 2 GPEs in block 00 to 3F
[STDOUT  ] 2019-01-27T22:45:46.356197238Z: [    0.092058] ACPI: PCI Root Bridge [PCI0] (domain 0000 [bus 00-ff])
[STDOUT  ] 2019-01-27T22:45:46.356206401Z: [    0.093012] acpi PNP0A08:00: _OSC: OS supports [ExtendedConfig ASPM ClockPM Segments MSI]
[STDOUT  ] 2019-01-27T22:45:46.356215545Z: [    0.094136] acpi PNP0A08:00: _OSC: OS now controls [PCIeHotplug PME PCIeCapability]
[STDOUT  ] 2019-01-27T22:45:46.356224552Z: [    0.095068] PCI host bridge to bus 0000:00
[STDOUT  ] 2019-01-27T22:45:46.356233437Z: [    0.096008] pci_bus 0000:00: root bus resource [io  0x0000-0x0cf7 window]
[STDOUT  ] 2019-01-27T22:45:46.356242184Z: [    0.097009] pci_bus 0000:00: root bus resource [io  0x0d00-0xffff window]
[STDOUT  ] 2019-01-27T22:45:46.356250537Z: [    0.098007] pci_bus 0000:00: root bus resource [mem 0x000a0000-0x000bffff window]
[STDOUT  ] 2019-01-27T22:45:46.356259215Z: [    0.099007] pci_bus 0000:00: root bus resource [mem 0xc0000000-0xfebfffff window]
[STDOUT  ] 2019-01-27T22:45:46.356268120Z: [    0.100006] pci_bus 0000:00: root bus resource [bus 00-ff]
[STDOUT  ] 2019-01-27T22:45:46.356282080Z: [    0.169573] pci 0000:00:1f.0: quirk: [io  0x0600-0x067f] claimed by ICH6 ACPI/GPIO/TCO
[STDOUT  ] 2019-01-27T22:45:46.356292355Z: [    0.197942] ACPI: PCI Interrupt Link [LNKA] (IRQs 5 *10 11)
[STDOUT  ] 2019-01-27T22:45:46.356301523Z: [    0.198321] ACPI: PCI Interrupt Link [LNKB] (IRQs 5 *10 11)
[STDOUT  ] 2019-01-27T22:45:46.356315123Z: [    0.199339] ACPI: PCI Interrupt Link [LNKC] (IRQs 5 10 *11)
[STDOUT  ] 2019-01-27T22:45:46.356322506Z: [    0.200326] ACPI: PCI Interrupt Link [LNKD] (IRQs 5 10 *11)
[STDOUT  ] 2019-01-27T22:45:46.356331059Z: [    0.202224] ACPI: PCI Interrupt Link [LNKE] (IRQs 5 *10 11)
[STDOUT  ] 2019-01-27T22:45:46.356338050Z: [    0.204174] ACPI: PCI Interrupt Link [LNKF] (IRQs 5 *10 11)
[STDOUT  ] 2019-01-27T22:45:46.356345280Z: [    0.205352] ACPI: PCI Interrupt Link [LNKG] (IRQs 5 10 *11)
[STDOUT  ] 2019-01-27T22:45:46.356352822Z: [    0.207319] ACPI: PCI Interrupt Link [LNKH] (IRQs 5 10 *11)
[STDOUT  ] 2019-01-27T22:45:46.356360435Z: [    0.208164] ACPI: PCI Interrupt Link [GSIA] (IRQs *16)
[STDOUT  ] 2019-01-27T22:45:46.356369199Z: [    0.209039] ACPI: PCI Interrupt Link [GSIB] (IRQs *17)
[STDOUT  ] 2019-01-27T22:45:46.356377927Z: [    0.210037] ACPI: PCI Interrupt Link [GSIC] (IRQs *18)
[STDOUT  ] 2019-01-27T22:45:46.356386669Z: [    0.211032] ACPI: PCI Interrupt Link [GSID] (IRQs *19)
[STDOUT  ] 2019-01-27T22:45:46.356395223Z: [    0.212023] ACPI: PCI Interrupt Link [GSIE] (IRQs *20)
[STDOUT  ] 2019-01-27T22:45:46.356403955Z: [    0.213020] ACPI: PCI Interrupt Link [GSIF] (IRQs *21)
[STDOUT  ] 2019-01-27T22:45:46.356412982Z: [    0.214021] ACPI: PCI Interrupt Link [GSIG] (IRQs *22)
[STDOUT  ] 2019-01-27T22:45:46.356421714Z: [    0.215022] ACPI: PCI Interrupt Link [GSIH] (IRQs *23)
[STDOUT  ] 2019-01-27T22:45:46.356433362Z: [    0.216379] SCSI subsystem initialized
[STDOUT  ] 2019-01-27T22:45:46.356442531Z: [    0.217109] ACPI: bus type USB registered
[STDOUT  ] 2019-01-27T22:45:46.356451502Z: [    0.218041] usbcore: registered new interface driver usbfs
[STDOUT  ] 2019-01-27T22:45:46.356460303Z: [    0.219024] usbcore: registered new interface driver hub
[STDOUT  ] 2019-01-27T22:45:46.356469265Z: [    0.220034] usbcore: registered new device driver usb
[STDOUT  ] 2019-01-27T22:45:46.356478174Z: [    0.221033] pps_core: LinuxPPS API ver. 1 registered
[STDOUT  ] 2019-01-27T22:45:46.356487039Z: [    0.222004] pps_core: Software ver. 5.3.6 - Copyright 2005-2007 Rodolfo Giometti <giometti@linux.it>
[STDOUT  ] 2019-01-27T22:45:46.356498777Z: [    0.223016] PTP clock support registered
[STDOUT  ] 2019-01-27T22:45:46.356507737Z: [    0.224088] PCI: Using ACPI for IRQ routing
[STDOUT  ] 2019-01-27T22:45:46.356516771Z: [    0.707252] NetLabel: Initializing
[STDOUT  ] 2019-01-27T22:45:46.356525494Z: [    0.708004] NetLabel:  domain hash size = 128
[STDOUT  ] 2019-01-27T22:45:46.356536367Z: [    0.709004] NetLabel:  protocols = UNLABELED CIPSOv4 CALIPSO
[STDOUT  ] 2019-01-27T22:45:46.356545277Z: [    0.710042] NetLabel:  unlabeled traffic allowed by default
[STDOUT  ] 2019-01-27T22:45:46.356554154Z: [    0.712124] HPET: 3 timers in total, 0 timers will be used for per-cpu timer
[STDOUT  ] 2019-01-27T22:45:46.356562927Z: [    0.713108] hpet0: at MMIO 0xfed00000, IRQs 2, 8, 0
[STDOUT  ] 2019-01-27T22:45:46.356572115Z: [    0.714006] hpet0: 3 comparators, 64-bit 100.000000 MHz counter
[STDOUT  ] 2019-01-27T22:45:46.356581044Z: [    0.718044] clocksource: Switched to clocksource kvm-clock
[STDOUT  ] 2019-01-27T22:45:46.356591880Z: [    0.743316] VFS: Disk quotas dquot_6.6.0
[STDOUT  ] 2019-01-27T22:45:46.356600463Z: [    0.747330] VFS: Dquot-cache hash table entries: 512 (order 0, 4096 bytes)
[STDOUT  ] 2019-01-27T22:45:46.356609218Z: [    0.754134] FS-Cache: Loaded
[STDOUT  ] 2019-01-27T22:45:46.356618124Z: [    0.757130] CacheFiles: Loaded
[STDOUT  ] 2019-01-27T22:45:46.356627102Z: [    0.760215] pnp: PnP ACPI init
[STDOUT  ] 2019-01-27T22:45:46.356644197Z: [    0.764236] pnp: PnP ACPI: found 5 devices
[STDOUT  ] 2019-01-27T22:45:46.356653037Z: [    0.774485] clocksource: acpi_pm: mask: 0xffffff max_cycles: 0xffffff, max_idle_ns: 2085701024 ns
[STDOUT  ] 2019-01-27T22:45:46.356666647Z: [    0.783188] NET: Registered protocol family 2
[STDOUT  ] 2019-01-27T22:45:46.356679891Z: [    0.787678] TCP established hash table entries: 8192 (order: 4, 65536 bytes)
[STDOUT  ] 2019-01-27T22:45:46.356691356Z: [    0.794474] TCP bind hash table entries: 8192 (order: 5, 131072 bytes)
[STDOUT  ] 2019-01-27T22:45:46.356703587Z: [    0.801519] TCP: Hash tables configured (established 8192 bind 8192)
[STDOUT  ] 2019-01-27T22:45:46.356712430Z: [    0.807130] UDP hash table entries: 512 (order: 2, 16384 bytes)
[STDOUT  ] 2019-01-27T22:45:46.356721199Z: [    0.812285] UDP-Lite hash table entries: 512 (order: 2, 16384 bytes)
[STDOUT  ] 2019-01-27T22:45:46.356730113Z: [    0.817831] NET: Registered protocol family 1
[STDOUT  ] 2019-01-27T22:45:46.356738965Z: [    0.821956] pci 0000:00:01.0: Video device with shadowed ROM at [mem 0x000c0000-0x000dffff]
[STDOUT  ] 2019-01-27T22:45:46.356748074Z: [    0.829728] Trying to unpack rootfs image as initramfs...
[STDOUT  ] 2019-01-27T22:45:46.356756848Z: [    1.413169] Freeing initrd memory: 31612K
[STDOUT  ] 2019-01-27T22:45:46.356765640Z: [    1.417312] clocksource: tsc: mask: 0xffffffffffffffff max_cycles: 0x2126e418e51, max_idle_ns: 440795268186 ns
[STDOUT  ] 2019-01-27T22:45:46.356774569Z: [    1.427656] PCLMULQDQ-NI instructions are not detected.
[STDOUT  ] 2019-01-27T22:45:46.356794273Z: [    1.432849] AVX or AES-NI instructions are not detected.
[STDOUT  ] 2019-01-27T22:45:46.356803087Z: [    1.438083] CPU feature 'AVX registers' is not supported.
[STDOUT  ] 2019-01-27T22:45:46.356811618Z: [    1.443485] CPU feature 'AVX registers' is not supported.
[STDOUT  ] 2019-01-27T22:45:46.356820163Z: [    1.448689] CPU feature 'AVX registers' is not supported.
[STDOUT  ] 2019-01-27T22:45:46.356829066Z: [    1.453919] CPU feature 'AVX registers' is not supported.
[STDOUT  ] 2019-01-27T22:45:46.356837617Z: [    1.458625] AVX2 or AES-NI instructions are not detected.
[STDOUT  ] 2019-01-27T22:45:46.356848819Z: [    1.463871] AVX2 instructions are not detected.
[STDOUT  ] 2019-01-27T22:45:46.356857625Z: [    1.468477] audit: initializing netlink subsys (disabled)
[STDOUT  ] 2019-01-27T22:45:46.356866358Z: [    1.474162] audit: type=2000 audit(1548629127.878:1): state=initialized audit_enabled=0 res=1
[STDOUT  ] 2019-01-27T22:45:46.356875215Z: [    1.482384] workingset: timestamp_bits=46 max_order=18 bucket_order=0
[STDOUT  ] 2019-01-27T22:45:46.356883979Z: [    1.488963] squashfs: version 4.0 (2009/01/31) Phillip Lougher
[STDOUT  ] 2019-01-27T22:45:46.356892664Z: [    1.494716] FS-Cache: Netfs 'cifs' registered for caching
[STDOUT  ] 2019-01-27T22:45:46.356901506Z: [    1.500003] fuse init (API version 7.26)
[STDOUT  ] 2019-01-27T22:45:46.356910228Z: [    1.504150] SGI XFS with ACLs, security attributes, no debug enabled
[STDOUT  ] 2019-01-27T22:45:46.356918921Z: [    1.510468] 9p: Installing v9fs 9p2000 file system support
[STDOUT  ] 2019-01-27T22:45:46.356927629Z: [    1.515838] FS-Cache: Netfs '9p' registered for caching
[STDOUT  ] 2019-01-27T22:45:46.356936239Z: [    1.522329] NET: Registered protocol family 38
[STDOUT  ] 2019-01-27T22:45:46.356945044Z: [    1.526738] Key type asymmetric registered
[STDOUT  ] 2019-01-27T22:45:46.356953835Z: [    1.530882] Asymmetric key parser 'x509' registered
[STDOUT  ] 2019-01-27T22:45:46.356962555Z: [    1.535681] Block layer SCSI generic (bsg) driver version 0.4 loaded (major 247)
[STDOUT  ] 2019-01-27T22:45:46.356971128Z: [    1.542902] io scheduler noop registered
[STDOUT  ] 2019-01-27T22:45:46.356980083Z: [    1.546741] io scheduler deadline registered (default)
[STDOUT  ] 2019-01-27T22:45:46.356988841Z: [    1.551799] io scheduler cfq registered
[STDOUT  ] 2019-01-27T22:45:46.356997668Z: [    1.555555] io scheduler mq-deadline registered
[STDOUT  ] 2019-01-27T22:45:46.357006372Z: [    1.559972] io scheduler kyber registered
[STDOUT  ] 2019-01-27T22:45:46.357015082Z: [    1.564113] shpchp: Standard Hot Plug PCI Controller Driver version: 0.4
[STDOUT  ] 2019-01-27T22:45:46.357028469Z: [    1.570846] hv_vmbus: registering driver hyperv_fb
[STDOUT  ] 2019-01-27T22:45:46.357039029Z: [    1.575619] input: Power Button as /devices/LNXSYSTM:00/LNXPWRBN:00/input/input0
[STDOUT  ] 2019-01-27T22:45:46.357048019Z: [    1.582815] ACPI: Power Button [PWRF]
[STDOUT  ] 2019-01-27T22:45:46.357063823Z: [    1.587249] ACPI: PCI Interrupt Link [GSIG] enabled at IRQ 22
[STDOUT  ] 2019-01-27T22:45:46.357072615Z: [    1.598882] ACPI: PCI Interrupt Link [GSIH] enabled at IRQ 23
[STDOUT  ] 2019-01-27T22:45:46.357081449Z: [    1.610650] Serial: 8250/16550 driver, 4 ports, IRQ sharing disabled
[STDOUT  ] 2019-01-27T22:45:46.357090333Z: [    1.651729] 00:04: ttyS0 at I/O 0x3f8 (irq = 4, base_baud = 115200) is a 16550A
[STDOUT  ] 2019-01-27T22:45:46.357099220Z: [    1.659766] Non-volatile memory driver v1.3
[STDOUT  ] 2019-01-27T22:45:46.357108012Z: [    1.665660] Hangcheck: starting hangcheck timer 0.9.1 (tick is 180 seconds, margin is 60 seconds).
[STDOUT  ] 2019-01-27T22:45:46.357116828Z: [    1.674591] random: fast init done
[STDOUT  ] 2019-01-27T22:45:46.357125482Z: [    1.678998] random: crng init done
[STDOUT  ] 2019-01-27T22:45:46.357134214Z: [    1.683433] brd: module loaded
[STDOUT  ] 2019-01-27T22:45:46.357142846Z: [    1.689655] loop: module loaded
[STDOUT  ] 2019-01-27T22:45:46.357151519Z: [    1.696895] lpc_ich 0000:00:1f.0: I/O space for GPIO uninitialized
[STDOUT  ] 2019-01-27T22:45:46.357160305Z: [    1.703010] VMware PVSCSI driver - version 1.0.7.0-k
[STDOUT  ] 2019-01-27T22:45:46.357169171Z: [    1.707961] hv_vmbus: registering driver hv_storvsc
[STDOUT  ] 2019-01-27T22:45:46.357178038Z: [    1.713269] ACPI: PCI Interrupt Link [GSIA] enabled at IRQ 16
[STDOUT  ] 2019-01-27T22:45:46.357186536Z: [    1.722691] ahci 0000:00:1f.2: AHCI 0001.0000 32 slots 6 ports 1.5 Gbps 0x3f impl SATA mode
[STDOUT  ] 2019-01-27T22:45:46.357197994Z: [    1.730911] ahci 0000:00:1f.2: flags: 64bit ncq only 
[STDOUT  ] 2019-01-27T22:45:46.357209482Z: [    1.739833] scsi host0: ahci
[STDOUT  ] 2019-01-27T22:45:46.357218085Z: [    1.742861] scsi host1: ahci
[STDOUT  ] 2019-01-27T22:45:46.357227010Z: [    1.745808] scsi host2: ahci
[STDOUT  ] 2019-01-27T22:45:46.357235821Z: [    1.748744] scsi host3: ahci
[STDOUT  ] 2019-01-27T22:45:46.357244440Z: [    1.751687] scsi host4: ahci
[STDOUT  ] 2019-01-27T22:45:46.357253186Z: [    1.754631] scsi host5: ahci
[STDOUT  ] 2019-01-27T22:45:46.357264191Z: [    1.757559] ata1: SATA max UDMA/133 abar m4096@0xfebd2000 port 0xfebd2100 irq 24
[STDOUT  ] 2019-01-27T22:45:46.357273142Z: [    1.764759] ata2: SATA max UDMA/133 abar m4096@0xfebd2000 port 0xfebd2180 irq 24
[STDOUT  ] 2019-01-27T22:45:46.357281962Z: [    1.771894] ata3: SATA max UDMA/133 abar m4096@0xfebd2000 port 0xfebd2200 irq 24
[STDOUT  ] 2019-01-27T22:45:46.357293879Z: [    1.779002] ata4: SATA max UDMA/133 abar m4096@0xfebd2000 port 0xfebd2280 irq 24
[STDOUT  ] 2019-01-27T22:45:46.357302711Z: [    1.786174] ata5: SATA max UDMA/133 abar m4096@0xfebd2000 port 0xfebd2300 irq 24
[STDOUT  ] 2019-01-27T22:45:46.357314508Z: [    1.793450] ata6: SATA max UDMA/133 abar m4096@0xfebd2000 port 0xfebd2380 irq 24
[STDOUT  ] 2019-01-27T22:45:46.357323270Z: [    1.802923] tun: Universal TUN/TAP device driver, 1.6
[STDOUT  ] 2019-01-27T22:45:46.357332094Z: [    1.812668] VMware vmxnet3 virtual NIC driver - version 1.4.a.0-k-NAPI
[STDOUT  ] 2019-01-27T22:45:46.357341075Z: [    1.819076] hv_vmbus: registering driver hv_netvsc
[STDOUT  ] 2019-01-27T22:45:46.357349401Z: [    1.823717] Fusion MPT base driver 3.04.20
[STDOUT  ] 2019-01-27T22:45:46.357358127Z: [    1.827828] Copyright (c) 1999-2008 LSI Corporation
[STDOUT  ] 2019-01-27T22:45:46.357367115Z: [    1.832583] Fusion MPT SPI Host driver 3.04.20
[STDOUT  ] 2019-01-27T22:45:46.357377643Z: [    1.836969] i8042: PNP: PS/2 Controller [PNP0303:KBD,PNP0f13:MOU] at 0x60,0x64 irq 1,12
[STDOUT  ] 2019-01-27T22:45:46.357386368Z: [    1.848630] serio: i8042 KBD port at 0x60,0x64 irq 1
[STDOUT  ] 2019-01-27T22:45:46.357397416Z: [    1.853496] serio: i8042 AUX port at 0x60,0x64 irq 12
[STDOUT  ] 2019-01-27T22:45:46.357409894Z: [    1.858720] hv_vmbus: registering driver hyperv_keyboard
[STDOUT  ] 2019-01-27T22:45:46.357418928Z: [    1.863982] mousedev: PS/2 mouse device common for all mice
[STDOUT  ] 2019-01-27T22:45:46.357427771Z: [    1.870790] input: AT Translated Set 2 keyboard as /devices/platform/i8042/serio0/input/input1
[STDOUT  ] 2019-01-27T22:45:46.357439961Z: [    1.878307] input: PC Speaker as /devices/platform/pcspkr/input/input2
[STDOUT  ] 2019-01-27T22:45:46.357448581Z: [    1.885066] rtc_cmos 00:00: RTC can wake from S4
[STDOUT  ] 2019-01-27T22:45:46.357457393Z: [    1.890822] rtc_cmos 00:00: rtc core: registered rtc_cmos as rtc0
[STDOUT  ] 2019-01-27T22:45:46.357466054Z: [    1.896937] rtc_cmos 00:00: alarms up to one day, y3k, 114 bytes nvram, hpet irqs
[STDOUT  ] 2019-01-27T22:45:46.357475009Z: [    1.902843] i2c /dev entries driver
[STDOUT  ] 2019-01-27T22:45:46.357483819Z: [    1.906126] device-mapper: ioctl: 4.37.0-ioctl (2017-09-20) initialised: dm-devel@redhat.com
[STDOUT  ] 2019-01-27T22:45:46.357492599Z: [    1.914126] usbcore: registered new interface driver usbhid
[STDOUT  ] 2019-01-27T22:45:46.357501440Z: [    1.918975] usbhid: USB HID core driver
[STDOUT  ] 2019-01-27T22:45:46.357510320Z: [    1.922559] hv_utils: Registering HyperV Utility Driver
[STDOUT  ] 2019-01-27T22:45:46.357518976Z: [    1.927091] hv_vmbus: registering driver hv_util
[STDOUT  ] 2019-01-27T22:45:46.357528120Z: [    1.931193] hv_vmbus: registering driver hv_balloon
[STDOUT  ] 2019-01-27T22:45:46.357536774Z: [    1.935499] oprofile: using NMI interrupt.
[STDOUT  ] 2019-01-27T22:45:46.357545564Z: [    1.939233] GACT probability on
[STDOUT  ] 2019-01-27T22:45:46.357556453Z: [    1.942063] Mirror/redirect action on
[STDOUT  ] 2019-01-27T22:45:46.357565241Z: [    1.945400] Simple TC action Loaded
[STDOUT  ] 2019-01-27T22:45:46.357574099Z: [    1.948572] u32 classifier
[STDOUT  ] 2019-01-27T22:45:46.357582666Z: [    1.951085]     Performance counters on
[STDOUT  ] 2019-01-27T22:45:46.357591343Z: [    1.954507]     input device check on
[STDOUT  ] 2019-01-27T22:45:46.357600214Z: [    1.957771]     Actions configured
[STDOUT  ] 2019-01-27T22:45:46.357609028Z: [    1.960771] Netfilter messages via NETLINK v0.30.
[STDOUT  ] 2019-01-27T22:45:46.357617840Z: [    1.964799] nfnl_acct: registering with nfnetlink.
[STDOUT  ] 2019-01-27T22:45:46.357626657Z: [    1.969011] nf_conntrack version 0.5.0 (8192 buckets, 32768 max)
[STDOUT  ] 2019-01-27T22:45:46.357642764Z: [    1.974385] ctnetlink v0.93: registering with nfnetlink.
[STDOUT  ] 2019-01-27T22:45:46.357651295Z: [    1.979119] nf_tables: (c) 2007-2009 Patrick McHardy <kaber@trash.net>
[STDOUT  ] 2019-01-27T22:45:46.357660189Z: [    1.984970] nf_tables_compat: (c) 2012 Pablo Neira Ayuso <pablo@netfilter.org>
[STDOUT  ] 2019-01-27T22:45:46.357669049Z: [    1.991464] xt_time: kernel timezone is -0000
[STDOUT  ] 2019-01-27T22:45:46.357819161Z: [    1.995442] ip_set: protocol 6
[STDOUT  ] 2019-01-27T22:45:46.357828224Z: [    1.998337] ipip: IPv4 and MPLS over IPv4 tunneling driver
[STDOUT  ] 2019-01-27T22:45:46.357837167Z: [    2.003376] gre: GRE over IPv4 demultiplexor driver
[STDOUT  ] 2019-01-27T22:45:46.357846051Z: [    2.007761] ip_tables: (C) 2000-2006 Netfilter Core Team
[STDOUT  ] 2019-01-27T22:45:46.357854924Z: [    2.012803] arp_tables: arp_tables: (C) 2002 David S. Miller
[STDOUT  ] 2019-01-27T22:45:46.357863427Z: [    2.018197] NET: Registered protocol family 10
[STDOUT  ] 2019-01-27T22:45:46.357872111Z: [    2.022613] Segment Routing with IPv6
[STDOUT  ] 2019-01-27T22:45:46.357880945Z: [    2.026284] ip6_tables: (C) 2000-2006 Netfilter Core Team
[STDOUT  ] 2019-01-27T22:45:46.357889668Z: [    2.031654] NET: Registered protocol family 17
[STDOUT  ] 2019-01-27T22:45:46.357898258Z: [    2.035692] Bridge firewalling registered
[STDOUT  ] 2019-01-27T22:45:46.357907107Z: [    2.039565] 8021q: 802.1Q VLAN Support v1.8
[STDOUT  ] 2019-01-27T22:45:46.357915992Z: [    2.043317] 9pnet: Installing 9P2000 support
[STDOUT  ] 2019-01-27T22:45:46.357924584Z: [    2.047385] Key type dns_resolver registered
[STDOUT  ] 2019-01-27T22:45:46.357937894Z: [    2.051682] registered taskstats version 1
[STDOUT  ] 2019-01-27T22:45:46.357951815Z: [    2.063876] Key type big_key registered
[STDOUT  ] 2019-01-27T22:45:46.357960666Z: [    2.071714] Key type trusted registered
[STDOUT  ] 2019-01-27T22:45:46.357972599Z: [    2.079609] Key type encrypted registered
[STDOUT  ] 2019-01-27T22:45:46.357981668Z: [    2.084014] ima: No TPM chip found, activating TPM-bypass! (rc=-19)
[STDOUT  ] 2019-01-27T22:45:46.357990864Z: [    2.090387] ima: Allocated hash algorithm: sha256
[STDOUT  ] 2019-01-27T22:45:46.357999584Z: [    2.095003] evm: HMAC attrs: 0x1
[STDOUT  ] 2019-01-27T22:45:46.358008328Z: [    2.100493] rtc_cmos 00:00: setting system clock to 2019-01-27 22:45:28 UTC (1548629128)
[STDOUT  ] 2019-01-27T22:45:46.358017207Z: [    2.114306] ata4: SATA link down (SStatus 0 SControl 300)
[STDOUT  ] 2019-01-27T22:45:46.358025828Z: [    2.120519] ata3: SATA link up 1.5 Gbps (SStatus 113 SControl 300)
[STDOUT  ] 2019-01-27T22:45:46.358033824Z: [    2.127479] ata2: SATA link down (SStatus 0 SControl 300)
[STDOUT  ] 2019-01-27T22:45:46.358041444Z: [    2.133122] ata1: SATA link up 1.5 Gbps (SStatus 113 SControl 300)
[STDOUT  ] 2019-01-27T22:45:46.358048737Z: [    2.139548] ata6: SATA link down (SStatus 0 SControl 300)
[STDOUT  ] 2019-01-27T22:45:46.358058263Z: [    2.145504] ata5: SATA link down (SStatus 0 SControl 300)
[STDOUT  ] 2019-01-27T22:45:46.358065490Z: [    2.150532] ata1.00: ATA-7: QEMU HARDDISK, 2.5+, max UDMA/100
[STDOUT  ] 2019-01-27T22:45:46.358083688Z: [    2.155633] ata1.00: 16384 sectors, multi 16: LBA48 NCQ (depth 31/32)
[STDOUT  ] 2019-01-27T22:45:46.358091539Z: [    2.161339] ata1.00: applying bridge limits
[STDOUT  ] 2019-01-27T22:45:46.358098982Z: [    2.165331] ata3.00: ATAPI: QEMU DVD-ROM, 2.5+, max UDMA/100
[STDOUT  ] 2019-01-27T22:45:46.358106617Z: [    2.170334] ata3.00: applying bridge limits
[STDOUT  ] 2019-01-27T22:45:46.358114603Z: [    2.174577] ata3.00: configured for UDMA/100
[STDOUT  ] 2019-01-27T22:45:46.358122147Z: [    2.179452] ata1.00: configured for UDMA/100
[STDOUT  ] 2019-01-27T22:45:46.358129949Z: [    2.183346] scsi 0:0:0:0: Direct-Access     ATA      QEMU HARDDISK    2.5+ PQ: 0 ANSI: 5
[STDOUT  ] 2019-01-27T22:45:46.358138530Z: [    2.190576] sd 0:0:0:0: [sda] 16384 512-byte logical blocks: (8.39 MB/8.00 MiB)
[STDOUT  ] 2019-01-27T22:45:46.358147194Z: [    2.197159] sd 0:0:0:0: Attached scsi generic sg0 type 0
[STDOUT  ] 2019-01-27T22:45:46.358155409Z: [    2.201878] sd 0:0:0:0: [sda] Write Protect is off
[STDOUT  ] 2019-01-27T22:45:46.358163391Z: [    2.206596] scsi 2:0:0:0: CD-ROM            QEMU     QEMU DVD-ROM     2.5+ PQ: 0 ANSI: 5
[STDOUT  ] 2019-01-27T22:45:46.358170931Z: [    2.213801] sd 0:0:0:0: [sda] Write cache: enabled, read cache: enabled, doesn't support DPO or FUA
[STDOUT  ] 2019-01-27T22:45:46.358178619Z: [    2.223927] sd 0:0:0:0: [sda] Attached SCSI disk
[STDOUT  ] 2019-01-27T22:45:46.358186378Z: [    2.237130] sr 2:0:0:0: [sr0] scsi3-mmc drive: 4x/4x cd/rw xa/form2 tray
[STDOUT  ] 2019-01-27T22:45:46.358194471Z: [    2.243706] cdrom: Uniform CD-ROM driver Revision: 3.20
[STDOUT  ] 2019-01-27T22:45:46.358213557Z: [    2.249350] sr 2:0:0:0: Attached scsi generic sg1 type 5
[STDOUT  ] 2019-01-27T22:45:46.358222603Z: [    2.256497] Freeing unused kernel memory: 1532K
[STDOUT  ] 2019-01-27T22:45:46.358229990Z: [    2.262253] Write protecting the kernel read-only data: 18432k
[STDOUT  ] 2019-01-27T22:45:46.358238872Z: [    2.268809] Freeing unused kernel memory: 2024K
[STDOUT  ] 2019-01-27T22:45:46.358247185Z: [    2.276148] Freeing unused kernel memory: 1132K
[STDOUT  ] 2019-01-27T22:45:46.358254668Z: 
[STDOUT  ] 2019-01-27T22:45:46.358265220Z: Welcome to LinuxKit
[STDOUT  ] 2019-01-27T22:45:46.358274332Z: 
[STDOUT  ] 2019-01-27T22:45:46.358281892Z:                         ##         .
[STDOUT  ] 2019-01-27T22:45:46.358290663Z:                   ## ## ##        ==
[STDOUT  ] 2019-01-27T22:45:46.358299425Z:                ## ## ## ## ##    ===
[STDOUT  ] 2019-01-27T22:45:46.358311860Z:            /"""""""""""""""""\___/ ===
[STDOUT  ] 2019-01-27T22:45:46.358319694Z:           {                       /  ===-
[STDOUT  ] 2019-01-27T22:45:46.358330481Z:            \______ O           __/
[STDOUT  ] 2019-01-27T22:45:46.358338817Z:              \    \         __/
[STDOUT  ] 2019-01-27T22:45:46.358350538Z:               \____\_______/
[STDOUT  ] 2019-01-27T22:45:46.358359582Z: 
[STDOUT  ] 2019-01-27T22:45:46.358367732Z: Creating cryptsetup lock directory
[STDOUT  ] 2019-01-27T22:45:46.358376368Z: Creating dm-crypt LUKS mapping for /dev/sda under /dev/mapper/it_is_encrypted
[STDOUT  ] 2019-01-27T22:45:46.358385116Z: Device /dev/sda doesn't seem to have a valid LUKS setup so one will be created.
[STDOUT  ] 2019-01-27T22:45:46.358393019Z: Device /dev/mapper/it_is_encrypted doesn't seem to contain a filesystem, creating one.
[STDOUT  ] 2019-01-27T22:45:46.358402096Z: Creating filesystem with 6144 1k blocks and 1536 inodes
[STDOUT  ] 2019-01-27T22:45:46.358410554Z: 
[STDOUT  ] 2019-01-27T22:45:46.358419097Z: Allocating group tables: 0/1   done                            
[STDOUT  ] 2019-01-27T22:45:46.358427982Z: Writing inode tables: 0/1   done                            
[STDOUT  ] 2019-01-27T22:45:46.358436684Z: Creating journal (1024 blocks): done
[STDOUT  ] 2019-01-27T22:45:46.358445661Z: Writing superblocks and filesystem accounting information: 0/1   done
[STDOUT  ] 2019-01-27T22:45:46.358457118Z: 
[STDOUT  ] 2019-01-27T22:45:46.358465703Z: dd: writing '/dev/mapper/it_is_encrypted': No space left on device
[STDOUT  ] 2019-01-27T22:45:46.358474322Z: 12289+0 records in
[STDOUT  ] 2019-01-27T22:45:46.358483191Z: 12288+0 records out
[STDOUT  ] 2019-01-27T22:45:46.358491962Z: mke2fs 1.44.2 (14-May-2018)
[STDOUT  ] 2019-01-27T22:45:46.358500806Z: dm-crypt test suite PASSED
[STDOUT  ] 2019-01-27T22:45:46.358509210Z: [   18.915581] sd 0:0:0:0: [sda] Synchronizing SCSI cache
