[INFO    ] 2018-07-11T10:04:03.833250507Z: Running Test linuxkit.security.ports in /tmp/build/test/cases/030_security/010_ports
[INFO    ] 2018-07-11T10:04:03.833388162Z: Running command: [/bin/sh -x /tmp/build/test/cases/030_security/010_ports/test.sh]
[STDERR  ] 2018-07-11T10:04:03.841544425Z: + set -e
[STDERR  ] 2018-07-11T10:04:03.841624265Z: + . /tmp/build/test/cases/_lib/lib.sh
[STDERR  ] 2018-07-11T10:04:03.841637924Z: + [ -f src/github.com/linuxkit/rtf/lib/lib.sh ]
[STDERR  ] 2018-07-11T10:04:03.855711434Z: + LINUXKIT_TMPDIR=/tmp/build/test/cases/_tmp
[STDERR  ] 2018-07-11T10:04:03.855775646Z: + [ -f /tmp/build/test/cases/_tmp/env.sh ]
[STDERR  ] 2018-07-11T10:04:03.855791098Z: + . /tmp/build/test/cases/_tmp/env.sh
[STDERR  ] 2018-07-11T10:04:03.855819114Z: + export LINUXKIT_EXAMPLES_DIR=/tmp/build/test/cases/../../examples
[STDERR  ] 2018-07-11T10:04:03.855832601Z: + RT_CANCEL=253
[STDERR  ] 2018-07-11T10:04:03.855846100Z: + NAME=lsof
[STDERR  ] 2018-07-11T10:04:03.855858727Z: + trap clean_up EXIT
[STDERR  ] 2018-07-11T10:04:03.855875558Z: + linuxkit build -format kernel+initrd -name lsof test.yml
[STDERR  ] 2018-07-11T10:04:03.926348918Z: Extract kernel image: linuxkit/kernel:4.14.54
[STDERR  ] 2018-07-11T10:04:05.642484493Z: Add init containers:
[STDERR  ] 2018-07-11T10:04:05.642548082Z: Process init image: linuxkit/init:v0.5
[STDERR  ] 2018-07-11T10:04:06.863018032Z: Process init image: linuxkit/runc:v0.5
[STDERR  ] 2018-07-11T10:04:08.050947395Z: Add onboot containers:
[STDERR  ] 2018-07-11T10:04:08.051010718Z:   Create OCI config for alpine:3.8
[STDERR  ] 2018-07-11T10:04:08.199144264Z:   Create OCI config for linuxkit/poweroff:2687ed712690766b8156a77ac600005b532d2c7d
[STDERR  ] 2018-07-11T10:04:09.443292038Z: Add files:
[STDERR  ] 2018-07-11T10:04:09.443422779Z:   check.sh
[STDERR  ] 2018-07-11T10:04:09.472579134Z: Create outputs:
[STDERR  ] 2018-07-11T10:04:14.470653116Z:   lsof-kernel lsof-initrd.img lsof-cmdline
[STDERR  ] 2018-07-11T10:04:14.529771647Z: + linuxkit run qemu -kernel lsof
[STDERR  ] 2018-07-11T10:04:14.555953904Z: Unable to find qemu-system-x86_64 within the $PATH. Using a container
[STDOUT  ] 2018-07-11T10:04:15.158518407Z: c[?7l[2J[0mSeaBIOS (version rel-1.11.1-0-g0551a4be2c-prebuilt.qemu-project.org)
[STDOUT  ] 2018-07-11T10:04:15.178541935Z: Machine UUID 6627f310-4267-4d27-803a-7d7784b78c76
[STDOUT  ] 2018-07-11T10:04:15.178608453Z: 
[STDOUT  ] 2018-07-11T10:04:15.178619570Z: 
[STDOUT  ] 2018-07-11T10:04:15.183681459Z: iPXE (http://ipxe.org) 00:03.0 C980 PCI2.10 PnP PMM+3FF91230+3FEF1230 C980
[STDOUT  ] 2018-07-11T10:04:15.189851420Z: Press Ctrl-B to configure iPXE (PCI 00:03.0)...                                                                               
[STDOUT  ] 2018-07-11T10:04:15.189909463Z: 
[STDOUT  ] 2018-07-11T10:04:15.189921047Z: 
[STDOUT  ] 2018-07-11T10:04:19.175759160Z: Booting from ROM..c[?7l[2J[    0.000000] Linux version 4.14.54-linuxkit (root@2233aef63b78) (gcc version 6.4.0 (Alpine 6.4.0)) #1 SMP Tue Jul 10 10:23:45 UTC 2018
[STDOUT  ] 2018-07-11T10:04:19.176143240Z: [    0.000000] Command line: console=ttyS0 page_poison=1
[STDOUT  ] 2018-07-11T10:04:19.176309315Z: [    0.000000] x86/fpu: x87 FPU will use FXSAVE
[STDOUT  ] 2018-07-11T10:04:19.176475998Z: [    0.000000] e820: BIOS-provided physical RAM map:
[STDOUT  ] 2018-07-11T10:04:19.176642721Z: [    0.000000] BIOS-e820: [mem 0x0000000000000000-0x000000000009fbff] usable
[STDOUT  ] 2018-07-11T10:04:19.176798505Z: [    0.000000] BIOS-e820: [mem 0x000000000009fc00-0x000000000009ffff] reserved
[STDOUT  ] 2018-07-11T10:04:19.176962736Z: [    0.000000] BIOS-e820: [mem 0x00000000000f0000-0x00000000000fffff] reserved
[STDOUT  ] 2018-07-11T10:04:19.177288920Z: [    0.000000] BIOS-e820: [mem 0x0000000000100000-0x000000003ffdefff] usable
[STDOUT  ] 2018-07-11T10:04:19.177453225Z: [    0.000000] BIOS-e820: [mem 0x000000003ffdf000-0x000000003fffffff] reserved
[STDOUT  ] 2018-07-11T10:04:19.177619337Z: [    0.000000] BIOS-e820: [mem 0x00000000b0000000-0x00000000bfffffff] reserved
[STDOUT  ] 2018-07-11T10:04:19.177779072Z: [    0.000000] BIOS-e820: [mem 0x00000000fed1c000-0x00000000fed1ffff] reserved
[STDOUT  ] 2018-07-11T10:04:19.177945717Z: [    0.000000] BIOS-e820: [mem 0x00000000fffc0000-0x00000000ffffffff] reserved
[STDOUT  ] 2018-07-11T10:04:19.178109223Z: [    0.000000] NX (Execute Disable) protection: active
[STDOUT  ] 2018-07-11T10:04:19.178275096Z: [    0.000000] SMBIOS 2.8 present.
[STDOUT  ] 2018-07-11T10:04:19.178594971Z: [    0.000000] DMI: QEMU Standard PC (Q35 + ICH9, 2009), BIOS rel-1.11.1-0-g0551a4be2c-prebuilt.qemu-project.org 04/01/2014
[STDOUT  ] 2018-07-11T10:04:19.178609139Z: [    0.000000] tsc: Fast TSC calibration using PIT
[STDOUT  ] 2018-07-11T10:04:19.178914626Z: [    0.000000] e820: last_pfn = 0x3ffdf max_arch_pfn = 0x400000000
[STDOUT  ] 2018-07-11T10:04:19.179079678Z: [    0.000000] x86/PAT: Configuration [0-7]: WB  WC  UC- UC  WB  WP  UC- WT  
[STDOUT  ] 2018-07-11T10:04:19.179272526Z: [    0.000000] found SMP MP-table at [mem 0x000f5b70-0x000f5b7f] mapped at [ffffffffff200b70]
[STDOUT  ] 2018-07-11T10:04:19.179437247Z: [    0.000000] RAMDISK: [mem 0x3e4c7000-0x3ffcffff]
[STDOUT  ] 2018-07-11T10:04:19.179600600Z: [    0.000000] ACPI: Early table checksum verification disabled
[STDOUT  ] 2018-07-11T10:04:19.179757005Z: [    0.000000] ACPI: RSDP 0x00000000000F5980 000014 (v00 BOCHS )
[STDOUT  ] 2018-07-11T10:04:19.179918312Z: [    0.000000] ACPI: RSDT 0x000000003FFE20D6 000034 (v01 BOCHS  BXPCRSDT 00000001 BXPC 00000001)
[STDOUT  ] 2018-07-11T10:04:19.180210078Z: [    0.000000] ACPI: FACP 0x000000003FFE1EF6 0000F4 (v03 BOCHS  BXPCFACP 00000001 BXPC 00000001)
[STDOUT  ] 2018-07-11T10:04:19.180364349Z: [    0.000000] ACPI: DSDT 0x000000003FFE0040 001EB6 (v01 BOCHS  BXPCDSDT 00000001 BXPC 00000001)
[STDOUT  ] 2018-07-11T10:04:19.180523499Z: [    0.000000] ACPI: FACS 0x000000003FFE0000 000040
[STDOUT  ] 2018-07-11T10:04:19.180836429Z: [    0.000000] ACPI: APIC 0x000000003FFE1FEA 000078 (v01 BOCHS  BXPCAPIC 00000001 BXPC 00000001)
[STDOUT  ] 2018-07-11T10:04:19.180983670Z: [    0.000000] ACPI: HPET 0x000000003FFE2062 000038 (v01 BOCHS  BXPCHPET 00000001 BXPC 00000001)
[STDOUT  ] 2018-07-11T10:04:19.181301230Z: [    0.000000] ACPI: MCFG 0x000000003FFE209A 00003C (v01 BOCHS  BXPCMCFG 00000001 BXPC 00000001)
[STDOUT  ] 2018-07-11T10:04:19.181314228Z: [    0.000000] Zone ranges:
[STDOUT  ] 2018-07-11T10:04:19.181456387Z: [    0.000000]   DMA      [mem 0x0000000000001000-0x0000000000ffffff]
[STDOUT  ] 2018-07-11T10:04:19.181760200Z: [    0.000000]   DMA32    [mem 0x0000000001000000-0x000000003ffdefff]
[STDOUT  ] 2018-07-11T10:04:19.181772630Z: [    0.000000]   Normal   empty
[STDOUT  ] 2018-07-11T10:04:19.181927699Z: [    0.000000]   Device   empty
[STDOUT  ] 2018-07-11T10:04:19.182090825Z: [    0.000000] Movable zone start for each node
[STDOUT  ] 2018-07-11T10:04:19.182103173Z: [    0.000000] Early memory node ranges
[STDOUT  ] 2018-07-11T10:04:19.182241703Z: [    0.000000]   node   0: [mem 0x0000000000001000-0x000000000009efff]
[STDOUT  ] 2018-07-11T10:04:19.182545363Z: [    0.000000]   node   0: [mem 0x0000000000100000-0x000000003ffdefff]
[STDOUT  ] 2018-07-11T10:04:19.182702028Z: [    0.000000] Initmem setup node 0 [mem 0x0000000000001000-0x000000003ffdefff]
[STDOUT  ] 2018-07-11T10:04:19.182852267Z: [    0.000000] ACPI: PM-Timer IO Port: 0x608
[STDOUT  ] 2018-07-11T10:04:19.183004342Z: [    0.000000] ACPI: LAPIC_NMI (acpi_id[0xff] dfl dfl lint[0x1])
[STDOUT  ] 2018-07-11T10:04:19.183117998Z: [    0.000000] IOAPIC[0]: apic_id 0, version 32, address 0xfec00000, GSI 0-23
[STDOUT  ] 2018-07-11T10:04:19.183403249Z: [    0.000000] ACPI: INT_SRC_OVR (bus 0 bus_irq 0 global_irq 2 dfl dfl)
[STDOUT  ] 2018-07-11T10:04:19.183543877Z: [    0.000000] ACPI: INT_SRC_OVR (bus 0 bus_irq 5 global_irq 5 high level)
[STDOUT  ] 2018-07-11T10:04:19.183691731Z: [    0.000000] ACPI: INT_SRC_OVR (bus 0 bus_irq 9 global_irq 9 high level)
[STDOUT  ] 2018-07-11T10:04:19.183986174Z: [    0.000000] ACPI: INT_SRC_OVR (bus 0 bus_irq 10 global_irq 10 high level)
[STDOUT  ] 2018-07-11T10:04:19.184135666Z: [    0.000000] ACPI: INT_SRC_OVR (bus 0 bus_irq 11 global_irq 11 high level)
[STDOUT  ] 2018-07-11T10:04:19.184271713Z: [    0.000000] Using ACPI (MADT) for SMP configuration information
[STDOUT  ] 2018-07-11T10:04:19.184415087Z: [    0.000000] ACPI: HPET id: 0x8086a201 base: 0xfed00000
[STDOUT  ] 2018-07-11T10:04:19.184556899Z: [    0.000000] smpboot: Allowing 1 CPUs, 0 hotplug CPUs
[STDOUT  ] 2018-07-11T10:04:19.184837754Z: [    0.000000] e820: [mem 0x40000000-0xafffffff] available for PCI devices
[STDOUT  ] 2018-07-11T10:04:19.184980703Z: [    0.000000] Booting paravirtualized kernel on bare hardware
[STDOUT  ] 2018-07-11T10:04:19.185260218Z: [    0.000000] clocksource: refined-jiffies: mask: 0xffffffff max_cycles: 0xffffffff, max_idle_ns: 19112604462750000 ns
[STDOUT  ] 2018-07-11T10:04:19.185528129Z: [    0.000000] random: get_random_bytes called from start_kernel+0x92/0x4cb with crng_init=0
[STDOUT  ] 2018-07-11T10:04:19.185665556Z: [    0.000000] setup_percpu: NR_CPUS:128 nr_cpumask_bits:128 nr_cpu_ids:1 nr_node_ids:1
[STDOUT  ] 2018-07-11T10:04:19.185942180Z: [    0.000000] percpu: Embedded 44 pages/cpu @ffff8eee7e200000 s143256 r8192 d28776 u2097152
[STDOUT  ] 2018-07-11T10:04:19.186079672Z: [    0.000000] Built 1 zonelists, mobility grouping on.  Total pages: 257896
[STDOUT  ] 2018-07-11T10:04:19.186220809Z: [    0.000000] Kernel command line: console=ttyS0 page_poison=1
[STDOUT  ] 2018-07-11T10:04:19.186503545Z: [    0.000000] PID hash table entries: 4096 (order: 3, 32768 bytes)
[STDOUT  ] 2018-07-11T10:04:19.186640805Z: [    0.000000] Dentry cache hash table entries: 131072 (order: 8, 1048576 bytes)
[STDOUT  ] 2018-07-11T10:04:19.186786769Z: [    0.000000] Inode-cache hash table entries: 65536 (order: 7, 524288 bytes)
[STDOUT  ] 2018-07-11T10:04:19.187180993Z: [    0.000000] Memory: 977108K/1048052K available (12300K kernel code, 1465K rwdata, 2992K rodata, 1512K init, 632K bss, 70944K reserved, 0K cma-reserved)
[STDOUT  ] 2018-07-11T10:04:19.187320435Z: [    0.000000] ftrace: allocating 41045 entries in 161 pages
[STDOUT  ] 2018-07-11T10:04:19.187458637Z: [    0.000000] Hierarchical RCU implementation.
[STDOUT  ] 2018-07-11T10:04:19.187596405Z: [    0.000000] 	RCU restricting CPUs from NR_CPUS=128 to nr_cpu_ids=1.
[STDOUT  ] 2018-07-11T10:04:19.187872667Z: [    0.000000] RCU: Adjusting geometry for rcu_fanout_leaf=16, nr_cpu_ids=1
[STDOUT  ] 2018-07-11T10:04:19.188006677Z: [    0.000000] NR_IRQS: 8448, nr_irqs: 256, preallocated irqs: 16
[STDOUT  ] 2018-07-11T10:04:19.188186270Z: [    0.000000] Console: colour VGA+ 80x25
[STDOUT  ] 2018-07-11T10:04:19.188453517Z: [    0.000000] console [ttyS0] enabled
[STDOUT  ] 2018-07-11T10:04:19.192045946Z: [    0.000000] clocksource: hpet: mask: 0xffffffff max_cycles: 0xffffffff, max_idle_ns: 19112604467 ns
[STDOUT  ] 2018-07-11T10:04:19.198259460Z: [    0.000000] tsc: Fast TSC calibration using PIT
[STDOUT  ] 2018-07-11T10:04:19.198889153Z: [    0.000000] tsc: Detected 2599.895 MHz processor
[STDOUT  ] 2018-07-11T10:04:19.201782505Z: [    0.002017] Calibrating delay loop (skipped), value calculated using timer frequency.. 5199.79 BogoMIPS (lpj=25998950)
[STDOUT  ] 2018-07-11T10:04:19.202090411Z: [    0.002948] pid_max: default: 32768 minimum: 301
[STDOUT  ] 2018-07-11T10:04:19.202855969Z: [    0.003846] ACPI: Core revision 20170728
[STDOUT  ] 2018-07-11T10:04:19.236858489Z: [    0.043128] ACPI: 1 ACPI AML tables successfully acquired and loaded
[STDOUT  ] 2018-07-11T10:04:19.238705118Z: [    0.045191] Security Framework initialized
[STDOUT  ] 2018-07-11T10:04:19.239175984Z: [    0.045586] Yama: becoming mindful.
[STDOUT  ] 2018-07-11T10:04:19.242045968Z: [    0.048489] Mount-cache hash table entries: 2048 (order: 2, 16384 bytes)
[STDOUT  ] 2018-07-11T10:04:19.242430729Z: [    0.048772] Mountpoint-cache hash table entries: 2048 (order: 2, 16384 bytes)
[STDOUT  ] 2018-07-11T10:04:19.265721325Z: [    0.071929] Last level iTLB entries: 4KB 0, 2MB 0, 4MB 0
[STDOUT  ] 2018-07-11T10:04:19.265769163Z: [    0.072128] Last level dTLB entries: 4KB 0, 2MB 0, 4MB 0, 1GB 0
[STDOUT  ] 2018-07-11T10:04:19.266069647Z: [    0.072434] Spectre V2 : Spectre mitigation: LFENCE not serializing, switching to generic retpoline
[STDOUT  ] 2018-07-11T10:04:19.266208970Z: [    0.072678] Spectre V2 : Mitigation: Full generic retpoline
[STDOUT  ] 2018-07-11T10:04:19.266671263Z: [    0.073012] Spectre V2 : Spectre v2 mitigation: Filling RSB on context switch
[STDOUT  ] 2018-07-11T10:04:19.266760254Z: [    0.073307] Speculative Store Bypass: Vulnerable
[STDOUT  ] 2018-07-11T10:04:19.573337550Z: [    0.379610] Freeing SMP alternatives memory: 20K
[STDOUT  ] 2018-07-11T10:04:19.595307580Z: [    0.401711] smpboot: Max logical packages: 1
[STDOUT  ] 2018-07-11T10:04:19.602413711Z: [    0.408649] ..TIMER: vector=0x30 apic1=0 pin1=2 apic2=-1 pin2=-1
[STDOUT  ] 2018-07-11T10:04:19.814974832Z: [    0.510000] smpboot: CPU0: AMD QEMU Virtual CPU version 2.5+ (family: 0x6, model: 0x6, stepping: 0x3)
[STDOUT  ] 2018-07-11T10:04:19.824565334Z: [    0.510000] Performance Events: PMU not available due to virtualization, using software events only.
[STDOUT  ] 2018-07-11T10:04:19.828120304Z: [    0.512999] Hierarchical SRCU implementation.
[STDOUT  ] 2018-07-11T10:04:19.836981006Z: [    0.521544] NMI watchdog: Perf event create on CPU 0 failed with -2
[STDOUT  ] 2018-07-11T10:04:19.837019742Z: [    0.521791] NMI watchdog: Perf NMI watchdog permanently disabled
[STDOUT  ] 2018-07-11T10:04:19.841409163Z: [    0.526275] smp: Bringing up secondary CPUs ...
[STDOUT  ] 2018-07-11T10:04:19.841820610Z: [    0.526538] smp: Brought up 1 node, 1 CPU
[STDOUT  ] 2018-07-11T10:04:19.842084855Z: [    0.526988] smpboot: Total of 1 processors activated (5199.79 BogoMIPS)
[STDOUT  ] 2018-07-11T10:04:19.862211968Z: [    0.547887] devtmpfs: initialized
[STDOUT  ] 2018-07-11T10:04:19.869963912Z: [    0.555713] x86/mm: Memory block size: 128MB
[STDOUT  ] 2018-07-11T10:04:19.875517298Z: [    0.561215] evm: security.ima
[STDOUT  ] 2018-07-11T10:04:19.875790150Z: [    0.561418] evm: security.capability
[STDOUT  ] 2018-07-11T10:04:19.880471633Z: [    0.565816] clocksource: jiffies: mask: 0xffffffff max_cycles: 0xffffffff, max_idle_ns: 19112604462750000 ns
[STDOUT  ] 2018-07-11T10:04:19.881166888Z: [    0.566688] futex hash table entries: 256 (order: 2, 16384 bytes)
[STDOUT  ] 2018-07-11T10:04:19.893890086Z: [    0.579343] NET: Registered protocol family 16
[STDOUT  ] 2018-07-11T10:04:19.902919094Z: [    0.588197] cpuidle: using governor ladder
[STDOUT  ] 2018-07-11T10:04:19.903118903Z: [    0.588646] cpuidle: using governor menu
[STDOUT  ] 2018-07-11T10:04:19.905050284Z: [    0.590804] ACPI: bus type PCI registered
[STDOUT  ] 2018-07-11T10:04:19.908469535Z: [    0.593940] PCI: MMCONFIG for domain 0000 [bus 00-ff] at [mem 0xb0000000-0xbfffffff] (base 0xb0000000)
[STDOUT  ] 2018-07-11T10:04:19.909146282Z: [    0.594830] PCI: MMCONFIG at [mem 0xb0000000-0xbfffffff] reserved in E820
[STDOUT  ] 2018-07-11T10:04:19.910329557Z: [    0.595924] PCI: Using configuration type 1 for base access
[STDOUT  ] 2018-07-11T10:04:19.949877551Z: [    0.635346] HugeTLB registered 2.00 MiB page size, pre-allocated 0 pages
[STDOUT  ] 2018-07-11T10:04:19.961516328Z: [    0.647239] ACPI: Added _OSI(Module Device)
[STDOUT  ] 2018-07-11T10:04:19.961967579Z: [    0.647584] ACPI: Added _OSI(Processor Device)
[STDOUT  ] 2018-07-11T10:04:19.962275708Z: [    0.647950] ACPI: Added _OSI(3.0 _SCP Extensions)
[STDOUT  ] 2018-07-11T10:04:19.962645270Z: [    0.648228] ACPI: Added _OSI(Processor Aggregator Device)
[STDOUT  ] 2018-07-11T10:04:20.016456262Z: [    0.702093] ACPI: Interpreter enabled
[STDOUT  ] 2018-07-11T10:04:20.017604884Z: [    0.703278] ACPI: (supports S0 S5)
[STDOUT  ] 2018-07-11T10:04:20.018120041Z: [    0.703561] ACPI: Using IOAPIC for interrupt routing
[STDOUT  ] 2018-07-11T10:04:20.021460749Z: [    0.706895] PCI: Using host bridge windows from ACPI; if necessary, use "pci=nocrs" and report a bug
[STDOUT  ] 2018-07-11T10:04:20.024759199Z: [    0.710000] ACPI: Enabled 1 GPEs in block 00 to 3F
[STDOUT  ] 2018-07-11T10:04:20.086295707Z: [    0.771826] ACPI: PCI Root Bridge [PCI0] (domain 0000 [bus 00-ff])
[STDOUT  ] 2018-07-11T10:04:20.087658275Z: [    0.772949] acpi PNP0A08:00: _OSC: OS supports [ExtendedConfig ASPM ClockPM Segments MSI]
[STDOUT  ] 2018-07-11T10:04:20.092536447Z: [    0.777772] acpi PNP0A08:00: _OSC: OS now controls [PCIeHotplug PME PCIeCapability]
[STDOUT  ] 2018-07-11T10:04:20.096128806Z: [    0.781842] PCI host bridge to bus 0000:00
[STDOUT  ] 2018-07-11T10:04:20.096673081Z: [    0.782402] pci_bus 0000:00: root bus resource [io  0x0000-0x0cf7 window]
[STDOUT  ] 2018-07-11T10:04:20.097165787Z: [    0.782782] pci_bus 0000:00: root bus resource [io  0x0d00-0xffff window]
[STDOUT  ] 2018-07-11T10:04:20.097666175Z: [    0.783169] pci_bus 0000:00: root bus resource [mem 0x000a0000-0x000bffff window]
[STDOUT  ] 2018-07-11T10:04:20.097904133Z: [    0.783571] pci_bus 0000:00: root bus resource [mem 0xc0000000-0xfebfffff window]
[STDOUT  ] 2018-07-11T10:04:20.098339473Z: [    0.783910] pci_bus 0000:00: root bus resource [mem 0x100000000-0x8ffffffff window]
[STDOUT  ] 2018-07-11T10:04:20.098736140Z: [    0.784456] pci_bus 0000:00: root bus resource [bus 00-ff]
[STDOUT  ] 2018-07-11T10:04:20.203304876Z: [    0.877333] pci 0000:00:1f.0: quirk: [io  0x0600-0x067f] claimed by ICH6 ACPI/GPIO/TCO
[STDOUT  ] 2018-07-11T10:04:20.256890479Z: [    0.932263] ACPI: PCI Interrupt Link [LNKA] (IRQs 5 *10 11)
[STDOUT  ] 2018-07-11T10:04:20.258790891Z: [    0.934334] ACPI: PCI Interrupt Link [LNKB] (IRQs 5 *10 11)
[STDOUT  ] 2018-07-11T10:04:20.260499142Z: [    0.936028] ACPI: PCI Interrupt Link [LNKC] (IRQs 5 10 *11)
[STDOUT  ] 2018-07-11T10:04:20.262091674Z: [    0.937682] ACPI: PCI Interrupt Link [LNKD] (IRQs 5 10 *11)
[STDOUT  ] 2018-07-11T10:04:20.263689775Z: [    0.939297] ACPI: PCI Interrupt Link [LNKE] (IRQs 5 *10 11)
[STDOUT  ] 2018-07-11T10:04:20.265071778Z: [    0.940833] ACPI: PCI Interrupt Link [LNKF] (IRQs 5 *10 11)
[STDOUT  ] 2018-07-11T10:04:20.266230987Z: [    0.942001] ACPI: PCI Interrupt Link [LNKG] (IRQs 5 10 *11)
[STDOUT  ] 2018-07-11T10:04:20.267930597Z: [    0.943556] ACPI: PCI Interrupt Link [LNKH] (IRQs 5 10 *11)
[STDOUT  ] 2018-07-11T10:04:20.268539291Z: [    0.944286] ACPI: PCI Interrupt Link [GSIA] (IRQs *16)
[STDOUT  ] 2018-07-11T10:04:20.269183100Z: [    0.944832] ACPI: PCI Interrupt Link [GSIB] (IRQs *17)
[STDOUT  ] 2018-07-11T10:04:20.269731846Z: [    0.945382] ACPI: PCI Interrupt Link [GSIC] (IRQs *18)
[STDOUT  ] 2018-07-11T10:04:20.270303972Z: [    0.945965] ACPI: PCI Interrupt Link [GSID] (IRQs *19)
[STDOUT  ] 2018-07-11T10:04:20.270864494Z: [    0.946522] ACPI: PCI Interrupt Link [GSIE] (IRQs *20)
[STDOUT  ] 2018-07-11T10:04:20.271372417Z: [    0.947050] ACPI: PCI Interrupt Link [GSIF] (IRQs *21)
[STDOUT  ] 2018-07-11T10:04:20.271970148Z: [    0.947627] ACPI: PCI Interrupt Link [GSIG] (IRQs *22)
[STDOUT  ] 2018-07-11T10:04:20.272482296Z: [    0.948161] ACPI: PCI Interrupt Link [GSIH] (IRQs *23)
[STDOUT  ] 2018-07-11T10:04:20.279671358Z: [    0.955441] SCSI subsystem initialized
[STDOUT  ] 2018-07-11T10:04:20.283019489Z: [    0.958738] ACPI: bus type USB registered
[STDOUT  ] 2018-07-11T10:04:20.284729802Z: [    0.960330] usbcore: registered new interface driver usbfs
[STDOUT  ] 2018-07-11T10:04:20.285531468Z: [    0.961229] usbcore: registered new interface driver hub
[STDOUT  ] 2018-07-11T10:04:20.286204160Z: [    0.962024] usbcore: registered new device driver usb
[STDOUT  ] 2018-07-11T10:04:20.287129278Z: [    0.962922] pps_core: LinuxPPS API ver. 1 registered
[STDOUT  ] 2018-07-11T10:04:20.287738140Z: [    0.963203] pps_core: Software ver. 5.3.6 - Copyright 2005-2007 Rodolfo Giometti <giometti@linux.it>
[STDOUT  ] 2018-07-11T10:04:20.288273743Z: [    0.963926] PTP clock support registered
[STDOUT  ] 2018-07-11T10:04:20.290304140Z: [    0.966134] PCI: Using ACPI for IRQ routing
[STDOUT  ] 2018-07-11T10:04:20.306788155Z: [    0.982134] NetLabel: Initializing
[STDOUT  ] 2018-07-11T10:04:20.306995047Z: [    0.982359] NetLabel:  domain hash size = 128
[STDOUT  ] 2018-07-11T10:04:20.307613203Z: [    0.982735] NetLabel:  protocols = UNLABELED CIPSOv4 CALIPSO
[STDOUT  ] 2018-07-11T10:04:20.310463563Z: [    0.985800] NetLabel:  unlabeled traffic allowed by default
[STDOUT  ] 2018-07-11T10:04:20.312449256Z: [    0.987776] HPET: 3 timers in total, 0 timers will be used for per-cpu timer
[STDOUT  ] 2018-07-11T10:04:20.313345132Z: [    0.988573] hpet0: at MMIO 0xfed00000, IRQs 2, 8, 0
[STDOUT  ] 2018-07-11T10:04:20.313671802Z: [    0.988959] hpet0: 3 comparators, 64-bit 100.000000 MHz counter
[STDOUT  ] 2018-07-11T10:04:20.318819598Z: [    0.993684] clocksource: Switched to clocksource hpet
[STDOUT  ] 2018-07-11T10:04:20.537222042Z: [    1.208430] VFS: Disk quotas dquot_6.6.0
[STDOUT  ] 2018-07-11T10:04:20.537979559Z: [    1.209165] VFS: Dquot-cache hash table entries: 512 (order 0, 4096 bytes)
[STDOUT  ] 2018-07-11T10:04:20.541642722Z: [    1.213054] FS-Cache: Loaded
[STDOUT  ] 2018-07-11T10:04:20.548502565Z: [    1.219902] CacheFiles: Loaded
[STDOUT  ] 2018-07-11T10:04:20.549730394Z: [    1.221175] pnp: PnP ACPI init
[STDOUT  ] 2018-07-11T10:04:20.557878971Z: [    1.229000] pnp: PnP ACPI: found 5 devices
[STDOUT  ] 2018-07-11T10:04:20.598758772Z: [    1.269749] clocksource: acpi_pm: mask: 0xffffff max_cycles: 0xffffff, max_idle_ns: 2085701024 ns
[STDOUT  ] 2018-07-11T10:04:20.602383146Z: [    1.273575] NET: Registered protocol family 2
[STDOUT  ] 2018-07-11T10:04:20.610671432Z: [    1.281699] TCP established hash table entries: 8192 (order: 4, 65536 bytes)
[STDOUT  ] 2018-07-11T10:04:20.611425338Z: [    1.282520] TCP bind hash table entries: 8192 (order: 5, 131072 bytes)
[STDOUT  ] 2018-07-11T10:04:20.611952326Z: [    1.283245] TCP: Hash tables configured (established 8192 bind 8192)
[STDOUT  ] 2018-07-11T10:04:20.614104277Z: [    1.285288] UDP hash table entries: 512 (order: 2, 16384 bytes)
[STDOUT  ] 2018-07-11T10:04:20.614779717Z: [    1.285997] UDP-Lite hash table entries: 512 (order: 2, 16384 bytes)
[STDOUT  ] 2018-07-11T10:04:20.617512787Z: [    1.288921] NET: Registered protocol family 1
[STDOUT  ] 2018-07-11T10:04:20.618848747Z: [    1.289921] pci 0000:00:01.0: Video device with shadowed ROM at [mem 0x000c0000-0x000dffff]
[STDOUT  ] 2018-07-11T10:04:20.625547934Z: [    1.296584] Trying to unpack rootfs image as initramfs...
[STDOUT  ] 2018-07-11T10:04:23.900679151Z: [    4.571819] Freeing initrd memory: 27684K
[STDOUT  ] 2018-07-11T10:04:23.925863304Z: [    4.597161] PCLMULQDQ-NI instructions are not detected.
[STDOUT  ] 2018-07-11T10:04:23.927323131Z: [    4.598492] AVX or AES-NI instructions are not detected.
[STDOUT  ] 2018-07-11T10:04:23.927779784Z: [    4.599025] CPU feature 'AVX registers' is not supported.
[STDOUT  ] 2018-07-11T10:04:23.928294600Z: [    4.599462] CPU feature 'AVX registers' is not supported.
[STDOUT  ] 2018-07-11T10:04:23.928846674Z: [    4.599875] CPU feature 'AVX registers' is not supported.
[STDOUT  ] 2018-07-11T10:04:23.929719378Z: [    4.600829] CPU feature 'AVX registers' is not supported.
[STDOUT  ] 2018-07-11T10:04:23.930034157Z: [    4.601262] AVX2 or AES-NI instructions are not detected.
[STDOUT  ] 2018-07-11T10:04:23.930443909Z: [    4.601671] AVX2 instructions are not detected.
[STDOUT  ] 2018-07-11T10:04:23.934788085Z: [    4.605934] audit: initializing netlink subsys (disabled)
[STDOUT  ] 2018-07-11T10:04:23.938727379Z: [    4.609800] audit: type=2000 audit(1531303463.600:1): state=initialized audit_enabled=0 res=1
[STDOUT  ] 2018-07-11T10:04:23.944397678Z: [    4.615497] workingset: timestamp_bits=46 max_order=18 bucket_order=0
[STDOUT  ] 2018-07-11T10:04:23.950671471Z: [    4.621825] squashfs: version 4.0 (2009/01/31) Phillip Lougher
[STDOUT  ] 2018-07-11T10:04:23.953047623Z: [    4.624141] FS-Cache: Netfs 'cifs' registered for caching
[STDOUT  ] 2018-07-11T10:04:23.953693532Z: [    4.625082] fuse init (API version 7.26)
[STDOUT  ] 2018-07-11T10:04:23.955983086Z: [    4.627154] SGI XFS with ACLs, security attributes, no debug enabled
[STDOUT  ] 2018-07-11T10:04:23.960767460Z: [    4.631961] 9p: Installing v9fs 9p2000 file system support
[STDOUT  ] 2018-07-11T10:04:23.961280210Z: [    4.632458] FS-Cache: Netfs '9p' registered for caching
[STDOUT  ] 2018-07-11T10:04:23.990918488Z: [    4.662246] NET: Registered protocol family 38
[STDOUT  ] 2018-07-11T10:04:23.991724810Z: [    4.662925] Key type asymmetric registered
[STDOUT  ] 2018-07-11T10:04:23.992140247Z: [    4.663347] Asymmetric key parser 'x509' registered
[STDOUT  ] 2018-07-11T10:04:23.992979861Z: [    4.664237] Block layer SCSI generic (bsg) driver version 0.4 loaded (major 247)
[STDOUT  ] 2018-07-11T10:04:23.994719058Z: [    4.665935] io scheduler noop registered
[STDOUT  ] 2018-07-11T10:04:23.995047488Z: [    4.666283] io scheduler deadline registered (default)
[STDOUT  ] 2018-07-11T10:04:23.996001831Z: [    4.667262] io scheduler cfq registered
[STDOUT  ] 2018-07-11T10:04:23.996305139Z: [    4.667572] io scheduler mq-deadline registered
[STDOUT  ] 2018-07-11T10:04:23.996458787Z: [    4.667853] io scheduler kyber registered
[STDOUT  ] 2018-07-11T10:04:24.000618953Z: [    4.671946] shpchp: Standard Hot Plug PCI Controller Driver version: 0.4
[STDOUT  ] 2018-07-11T10:04:24.001388402Z: [    4.672650] hv_vmbus: registering driver hyperv_fb
[STDOUT  ] 2018-07-11T10:04:24.005508967Z: [    4.676761] input: Power Button as /devices/LNXSYSTM:00/LNXPWRBN:00/input/input0
[STDOUT  ] 2018-07-11T10:04:24.008375752Z: [    4.679787] ACPI: Power Button [PWRF]
[STDOUT  ] 2018-07-11T10:04:24.021871702Z: [    4.693161] ACPI: PCI Interrupt Link [GSIG] enabled at IRQ 22
[STDOUT  ] 2018-07-11T10:04:24.029938694Z: [    4.701133] ACPI: PCI Interrupt Link [GSIH] enabled at IRQ 23
[STDOUT  ] 2018-07-11T10:04:24.035285832Z: [    4.706332] Serial: 8250/16550 driver, 4 ports, IRQ sharing disabled
[STDOUT  ] 2018-07-11T10:04:24.059571459Z: [    4.730508] 00:04: ttyS0 at I/O 0x3f8 (irq = 4, base_baud = 115200) is a 16550A
[STDOUT  ] 2018-07-11T10:04:24.069451741Z: [    4.740731] Non-volatile memory driver v1.3
[STDOUT  ] 2018-07-11T10:04:24.076272330Z: [    4.747145] Hangcheck: starting hangcheck timer 0.9.1 (tick is 180 seconds, margin is 60 seconds).
[STDOUT  ] 2018-07-11T10:04:24.089736901Z: [    4.761077] random: fast init done
[STDOUT  ] 2018-07-11T10:04:24.091354707Z: [    4.762610] random: crng init done
[STDOUT  ] 2018-07-11T10:04:24.136815931Z: [    4.808139] brd: module loaded
[STDOUT  ] 2018-07-11T10:04:24.163647405Z: [    4.834971] loop: module loaded
[STDOUT  ] 2018-07-11T10:04:24.211785281Z: [    4.882913] lpc_ich 0000:00:1f.0: I/O space for GPIO uninitialized
[STDOUT  ] 2018-07-11T10:04:24.214255027Z: [    4.885460] VMware PVSCSI driver - version 1.0.7.0-k
[STDOUT  ] 2018-07-11T10:04:24.214779198Z: [    4.886184] hv_vmbus: registering driver hv_storvsc
[STDOUT  ] 2018-07-11T10:04:24.221510306Z: [    4.892621] ACPI: PCI Interrupt Link [GSIA] enabled at IRQ 16
[STDOUT  ] 2018-07-11T10:04:24.229692970Z: [    4.900572] ahci 0000:00:1f.2: AHCI 0001.0000 32 slots 6 ports 1.5 Gbps 0x3f impl SATA mode
[STDOUT  ] 2018-07-11T10:04:24.230078835Z: [    4.901231] ahci 0000:00:1f.2: flags: 64bit ncq only 
[STDOUT  ] 2018-07-11T10:04:24.243047011Z: [    4.914451] scsi host0: ahci
[STDOUT  ] 2018-07-11T10:04:24.245784455Z: [    4.917153] scsi host1: ahci
[STDOUT  ] 2018-07-11T10:04:24.247352571Z: [    4.918669] scsi host2: ahci
[STDOUT  ] 2018-07-11T10:04:24.249199674Z: [    4.920527] scsi host3: ahci
[STDOUT  ] 2018-07-11T10:04:24.250754251Z: [    4.922020] scsi host4: ahci
[STDOUT  ] 2018-07-11T10:04:24.252260876Z: [    4.923523] scsi host5: ahci
[STDOUT  ] 2018-07-11T10:04:24.253570083Z: [    4.924808] ata1: SATA max UDMA/133 abar m4096@0xfebd2000 port 0xfebd2100 irq 24
[STDOUT  ] 2018-07-11T10:04:24.253996937Z: [    4.925261] ata2: SATA max UDMA/133 abar m4096@0xfebd2000 port 0xfebd2180 irq 24
[STDOUT  ] 2018-07-11T10:04:24.254426750Z: [    4.925652] ata3: SATA max UDMA/133 abar m4096@0xfebd2000 port 0xfebd2200 irq 24
[STDOUT  ] 2018-07-11T10:04:24.254758987Z: [    4.926010] ata4: SATA max UDMA/133 abar m4096@0xfebd2000 port 0xfebd2280 irq 24
[STDOUT  ] 2018-07-11T10:04:24.255043829Z: [    4.926327] ata5: SATA max UDMA/133 abar m4096@0xfebd2000 port 0xfebd2300 irq 24
[STDOUT  ] 2018-07-11T10:04:24.255517371Z: [    4.926672] ata6: SATA max UDMA/133 abar m4096@0xfebd2000 port 0xfebd2380 irq 24
[STDOUT  ] 2018-07-11T10:04:24.265903611Z: [    4.937146] tun: Universal TUN/TAP device driver, 1.6
[STDOUT  ] 2018-07-11T10:04:24.278150623Z: [    4.949247] VMware vmxnet3 virtual NIC driver - version 1.4.a.0-k-NAPI
[STDOUT  ] 2018-07-11T10:04:24.279682291Z: [    4.950793] hv_vmbus: registering driver hv_netvsc
[STDOUT  ] 2018-07-11T10:04:24.279858910Z: [    4.951170] Fusion MPT base driver 3.04.20
[STDOUT  ] 2018-07-11T10:04:24.280149854Z: [    4.951455] Copyright (c) 1999-2008 LSI Corporation
[STDOUT  ] 2018-07-11T10:04:24.280781284Z: [    4.952051] Fusion MPT SPI Host driver 3.04.20
[STDOUT  ] 2018-07-11T10:04:24.283438458Z: [    4.954504] i8042: PNP: PS/2 Controller [PNP0303:KBD,PNP0f13:MOU] at 0x60,0x64 irq 1,12
[STDOUT  ] 2018-07-11T10:04:24.287729110Z: [    4.959024] serio: i8042 KBD port at 0x60,0x64 irq 1
[STDOUT  ] 2018-07-11T10:04:24.288665982Z: [    4.959824] serio: i8042 AUX port at 0x60,0x64 irq 12
[STDOUT  ] 2018-07-11T10:04:24.291256443Z: [    4.962386] hv_vmbus: registering driver hyperv_keyboard
[STDOUT  ] 2018-07-11T10:04:24.293164351Z: [    4.964287] mousedev: PS/2 mouse device common for all mice
[STDOUT  ] 2018-07-11T10:04:24.297206988Z: [    4.968331] input: AT Translated Set 2 keyboard as /devices/platform/i8042/serio0/input/input1
[STDOUT  ] 2018-07-11T10:04:24.300426943Z: [    4.971610] input: PC Speaker as /devices/platform/pcspkr/input/input2
[STDOUT  ] 2018-07-11T10:04:24.304038430Z: [    4.975160] rtc_cmos 00:00: RTC can wake from S4
[STDOUT  ] 2018-07-11T10:04:24.307111727Z: [    4.978211] rtc_cmos 00:00: rtc core: registered rtc_cmos as rtc0
[STDOUT  ] 2018-07-11T10:04:24.308383497Z: [    4.979547] rtc_cmos 00:00: alarms up to one day, y3k, 114 bytes nvram, hpet irqs
[STDOUT  ] 2018-07-11T10:04:24.309422510Z: [    4.980722] i2c /dev entries driver
[STDOUT  ] 2018-07-11T10:04:24.311806664Z: [    4.982648] device-mapper: ioctl: 4.37.0-ioctl (2017-09-20) initialised: dm-devel@redhat.com
[STDOUT  ] 2018-07-11T10:04:24.315397215Z: [    4.986597] usbcore: registered new interface driver usbhid
[STDOUT  ] 2018-07-11T10:04:24.315547403Z: [    4.986930] usbhid: USB HID core driver
[STDOUT  ] 2018-07-11T10:04:24.316442510Z: [    4.987659] hv_utils: Registering HyperV Utility Driver
[STDOUT  ] 2018-07-11T10:04:24.316850701Z: [    4.987964] hv_vmbus: registering driver hv_util
[STDOUT  ] 2018-07-11T10:04:24.316987451Z: [    4.988315] hv_vmbus: registering driver hv_balloon
[STDOUT  ] 2018-07-11T10:04:24.317451314Z: [    4.988872] oprofile: using NMI interrupt.
[STDOUT  ] 2018-07-11T10:04:24.319137699Z: [    4.990391] GACT probability on
[STDOUT  ] 2018-07-11T10:04:24.319595760Z: [    4.991002] Mirror/redirect action on
[STDOUT  ] 2018-07-11T10:04:24.320270766Z: [    4.991625] Simple TC action Loaded
[STDOUT  ] 2018-07-11T10:04:24.320631515Z: [    4.992159] u32 classifier
[STDOUT  ] 2018-07-11T10:04:24.320951784Z: [    4.992251]     Performance counters on
[STDOUT  ] 2018-07-11T10:04:24.321248044Z: [    4.992503]     input device check on
[STDOUT  ] 2018-07-11T10:04:24.321386925Z: [    4.992737]     Actions configured
[STDOUT  ] 2018-07-11T10:04:24.322213354Z: [    4.993449] Netfilter messages via NETLINK v0.30.
[STDOUT  ] 2018-07-11T10:04:24.322770351Z: [    4.994004] nfnl_acct: registering with nfnetlink.
[STDOUT  ] 2018-07-11T10:04:24.324573149Z: [    4.995753] nf_conntrack version 0.5.0 (8192 buckets, 32768 max)
[STDOUT  ] 2018-07-11T10:04:24.326760022Z: [    4.997976] ctnetlink v0.93: registering with nfnetlink.
[STDOUT  ] 2018-07-11T10:04:24.330063216Z: [    5.001309] nf_tables: (c) 2007-2009 Patrick McHardy <kaber@trash.net>
[STDOUT  ] 2018-07-11T10:04:24.330896887Z: [    5.002145] nf_tables_compat: (c) 2012 Pablo Neira Ayuso <pablo@netfilter.org>
[STDOUT  ] 2018-07-11T10:04:24.332993079Z: [    5.004408] xt_time: kernel timezone is -0000
[STDOUT  ] 2018-07-11T10:04:24.333493889Z: [    5.004926] ip_set: protocol 6
[STDOUT  ] 2018-07-11T10:04:24.334464117Z: [    5.005701] IPVS: Registered protocols (TCP, UDP, SCTP, AH, ESP)
[STDOUT  ] 2018-07-11T10:04:24.335182879Z: [    5.006291] IPVS: Connection hash table configured (size=4096, memory=64Kbytes)
[STDOUT  ] 2018-07-11T10:04:24.339512063Z: [    5.010873] IPVS: ipvs loaded.
[STDOUT  ] 2018-07-11T10:04:24.340086963Z: [    5.011255] IPVS: [rr] scheduler registered.
[STDOUT  ] 2018-07-11T10:04:24.340388673Z: [    5.011635] IPVS: [wrr] scheduler registered.
[STDOUT  ] 2018-07-11T10:04:24.340602144Z: [    5.011893] IPVS: [lc] scheduler registered.
[STDOUT  ] 2018-07-11T10:04:24.340843185Z: [    5.012150] IPVS: [wlc] scheduler registered.
[STDOUT  ] 2018-07-11T10:04:24.341136120Z: [    5.012462] IPVS: [fo] scheduler registered.
[STDOUT  ] 2018-07-11T10:04:24.341603461Z: [    5.012714] IPVS: [ovf] scheduler registered.
[STDOUT  ] 2018-07-11T10:04:24.341928890Z: [    5.013118] IPVS: [lblc] scheduler registered.
[STDOUT  ] 2018-07-11T10:04:24.342363715Z: [    5.013610] IPVS: [lblcr] scheduler registered.
[STDOUT  ] 2018-07-11T10:04:24.342498184Z: [    5.013902] IPVS: [dh] scheduler registered.
[STDOUT  ] 2018-07-11T10:04:24.342786549Z: [    5.014142] IPVS: [sh] scheduler registered.
[STDOUT  ] 2018-07-11T10:04:24.343229711Z: [    5.014422] IPVS: [sed] scheduler registered.
[STDOUT  ] 2018-07-11T10:04:24.343369204Z: [    5.014731] IPVS: [nq] scheduler registered.
[STDOUT  ] 2018-07-11T10:04:24.344280320Z: [    5.015535] IPVS: ftp: loaded support on port[0] = 21
[STDOUT  ] 2018-07-11T10:04:24.345175630Z: [    5.016370] ipip: IPv4 and MPLS over IPv4 tunneling driver
[STDOUT  ] 2018-07-11T10:04:24.348586120Z: [    5.019801] gre: GRE over IPv4 demultiplexor driver
[STDOUT  ] 2018-07-11T10:04:24.351804456Z: [    5.023051] ip_tables: (C) 2000-2006 Netfilter Core Team
[STDOUT  ] 2018-07-11T10:04:24.355656783Z: [    5.026747] ipt_CLUSTERIP: ClusterIP Version 0.8 loaded successfully
[STDOUT  ] 2018-07-11T10:04:24.356084716Z: [    5.027387] arp_tables: arp_tables: (C) 2002 David S. Miller
[STDOUT  ] 2018-07-11T10:04:24.360761704Z: [    5.031890] NET: Registered protocol family 10
[STDOUT  ] 2018-07-11T10:04:24.370744887Z: [    5.041981] Segment Routing with IPv6
[STDOUT  ] 2018-07-11T10:04:24.371856625Z: [    5.043150] ip6_tables: (C) 2000-2006 Netfilter Core Team
[STDOUT  ] 2018-07-11T10:04:24.379746752Z: [    5.050702] NET: Registered protocol family 17
[STDOUT  ] 2018-07-11T10:04:24.380696942Z: [    5.052042] Bridge firewalling registered
[STDOUT  ] 2018-07-11T10:04:24.381205802Z: [    5.052640] Ebtables v2.0 registered
[STDOUT  ] 2018-07-11T10:04:24.383382405Z: [    5.054590] 8021q: 802.1Q VLAN Support v1.8
[STDOUT  ] 2018-07-11T10:04:24.384661544Z: [    5.056028] 9pnet: Installing 9P2000 support
[STDOUT  ] 2018-07-11T10:04:24.386114677Z: [    5.057492] Key type dns_resolver registered
[STDOUT  ] 2018-07-11T10:04:24.387784817Z: [    5.058786] sched_clock: Marking stable (5050224630, 0)->(5179890363, -129665733)
[STDOUT  ] 2018-07-11T10:04:24.391342389Z: [    5.062493] registered taskstats version 1
[STDOUT  ] 2018-07-11T10:04:24.591416324Z: [    5.262633] ata4: SATA link down (SStatus 0 SControl 300)
[STDOUT  ] 2018-07-11T10:04:24.594775381Z: [    5.265836] ata3: SATA link up 1.5 Gbps (SStatus 113 SControl 300)
[STDOUT  ] 2018-07-11T10:04:24.599388186Z: [    5.270566] ata3.00: ATAPI: QEMU DVD-ROM, 2.5+, max UDMA/100
[STDOUT  ] 2018-07-11T10:04:24.599873818Z: [    5.271110] ata3.00: applying bridge limits
[STDOUT  ] 2018-07-11T10:04:24.601354026Z: [    5.272604] ata2: SATA link down (SStatus 0 SControl 300)
[STDOUT  ] 2018-07-11T10:04:24.601920491Z: [    5.273144] ata1: SATA link down (SStatus 0 SControl 300)
[STDOUT  ] 2018-07-11T10:04:24.608734003Z: [    5.279845] ata3.00: configured for UDMA/100
[STDOUT  ] 2018-07-11T10:04:24.613437392Z: [    5.284444] ata6: SATA link down (SStatus 0 SControl 300)
[STDOUT  ] 2018-07-11T10:04:24.613828274Z: [    5.285074] ata5: SATA link down (SStatus 0 SControl 300)
[STDOUT  ] 2018-07-11T10:04:24.631183352Z: [    5.302069] scsi 2:0:0:0: CD-ROM            QEMU     QEMU DVD-ROM     2.5+ PQ: 0 ANSI: 5
[STDOUT  ] 2018-07-11T10:04:24.652094902Z: [    5.323422] Key type big_key registered
[STDOUT  ] 2018-07-11T10:04:24.672770327Z: [    5.343719] sr 2:0:0:0: [sr0] scsi3-mmc drive: 4x/4x cd/rw xa/form2 tray
[STDOUT  ] 2018-07-11T10:04:24.673256641Z: [    5.344461] cdrom: Uniform CD-ROM driver Revision: 3.20
[STDOUT  ] 2018-07-11T10:04:24.682984585Z: [    5.354292] sr 2:0:0:0: Attached scsi generic sg0 type 5
[STDOUT  ] 2018-07-11T10:04:24.737068540Z: [    5.408369] Key type trusted registered
[STDOUT  ] 2018-07-11T10:04:24.810874055Z: [    5.482167] Key type encrypted registered
[STDOUT  ] 2018-07-11T10:04:24.811686457Z: [    5.482914] ima: No TPM chip found, activating TPM-bypass! (rc=-19)
[STDOUT  ] 2018-07-11T10:04:24.812186830Z: [    5.483464] ima: Allocated hash algorithm: sha256
[STDOUT  ] 2018-07-11T10:04:24.815803783Z: [    5.487219] evm: HMAC attrs: 0x1
[STDOUT  ] 2018-07-11T10:04:24.822218077Z: [    5.493155] rtc_cmos 00:00: setting system clock to 2018-07-11 10:04:24 UTC (1531303464)
[STDOUT  ] 2018-07-11T10:04:24.989897041Z: [    5.661219] Freeing unused kernel memory: 1512K
[STDOUT  ] 2018-07-11T10:04:24.990636474Z: [    5.661934] tsc: Refined TSC clocksource calibration: 2599.933 MHz
[STDOUT  ] 2018-07-11T10:04:24.991369436Z: [    5.662319] clocksource: tsc: mask: 0xffffffffffffffff max_cycles: 0x2579fcc25fe, max_idle_ns: 440795287867 ns
[STDOUT  ] 2018-07-11T10:04:25.009397124Z: [    5.680675] Write protecting the kernel read-only data: 18432k
[STDOUT  ] 2018-07-11T10:04:25.025145951Z: [    5.696366] Freeing unused kernel memory: 2024K
[STDOUT  ] 2018-07-11T10:04:25.083757140Z: [    5.754948] Freeing unused kernel memory: 1104K
[STDOUT  ] 2018-07-11T10:04:26.001070792Z: [    6.672255] clocksource: Switched to clocksource tsc
[STDOUT  ] 2018-07-11T10:04:33.874813411Z: 
[STDOUT  ] 2018-07-11T10:04:33.875671427Z: Welcome to LinuxKit
[STDOUT  ] 2018-07-11T10:04:33.875697163Z: 
[STDOUT  ] 2018-07-11T10:04:33.876031122Z:                         ##         .
[STDOUT  ] 2018-07-11T10:04:33.876182477Z:                   ## ## ##        ==
[STDOUT  ] 2018-07-11T10:04:33.876509949Z:                ## ## ## ## ##    ===
[STDOUT  ] 2018-07-11T10:04:33.876836983Z:            /"""""""""""""""""\___/ ===
[STDOUT  ] 2018-07-11T10:04:33.877159930Z:           {                       /  ===-
[STDOUT  ] 2018-07-11T10:04:33.877313033Z:            \______ O           __/
[STDOUT  ] 2018-07-11T10:04:33.877648060Z:              \    \         __/
[STDOUT  ] 2018-07-11T10:04:33.877803507Z:               \____\_______/
[STDOUT  ] 2018-07-11T10:04:33.877979362Z: 
[STDOUT  ] 2018-07-11T10:04:35.130616405Z: Error creating 000-test: exit status 1
[STDOUT  ] 2018-07-11T10:04:46.399526438Z: [   27.069732] ACPI: Preparing to enter system sleep state S5
[STDOUT  ] 2018-07-11T10:04:46.401813431Z: [   27.073055] reboot: Power down
[STDERR  ] 2018-07-11T10:04:46.775703326Z: + exit 0
[STDERR  ] 2018-07-11T10:04:46.775753740Z: + clean_up
[STDERR  ] 2018-07-11T10:04:46.775765925Z: + rm -rf lsof-cmdline lsof-initrd.img lsof-kernel lsof-state
[PASS    ] linuxkit.security.ports 42.95s
