[INFO    ] 2018-12-20T03:13:14.004920000Z: Running Test linuxkit.packages.format_mount.by_name in /tmp/build/test/cases/040_packages/006_format_mount/002_by_name
[INFO    ] 2018-12-20T03:13:14.005060620Z: Running command: [/bin/sh -x /tmp/build/test/cases/040_packages/006_format_mount/002_by_name/test.sh]
[STDERR  ] 2018-12-20T03:13:14.014474903Z: + set -e
[STDERR  ] 2018-12-20T03:13:14.014551701Z: + . /tmp/build/test/cases/_lib/lib.sh
[STDERR  ] 2018-12-20T03:13:14.014567612Z: + [ -f src/github.com/linuxkit/rtf/lib/lib.sh ]
[STDERR  ] 2018-12-20T03:13:14.014586434Z: + LINUXKIT_TMPDIR=/tmp/build/test/cases/_tmp
[STDERR  ] 2018-12-20T03:13:14.014598886Z: + [ -f /tmp/build/test/cases/_tmp/env.sh ]
[STDERR  ] 2018-12-20T03:13:14.014611408Z: + . /tmp/build/test/cases/_tmp/env.sh
[STDERR  ] 2018-12-20T03:13:14.014626016Z: + export LINUXKIT_EXAMPLES_DIR=/tmp/build/test/cases/../../examples
[STDERR  ] 2018-12-20T03:13:14.014637226Z: + RT_CANCEL=253
[STDERR  ] 2018-12-20T03:13:14.014647982Z: + NAME=test-format
[STDERR  ] 2018-12-20T03:13:14.014659542Z: + DISK=disk.img
[STDERR  ] 2018-12-20T03:13:14.014672471Z: + trap clean_up EXIT
[STDERR  ] 2018-12-20T03:13:14.014684857Z: + [ linux = osx ]
[STDERR  ] 2018-12-20T03:13:14.014696230Z: + DEVICE=/dev/sda
[STDERR  ] 2018-12-20T03:13:14.014710325Z: + sed -e s,@DEVICE@,/dev/sda,g test.yml.in
[STDERR  ] 2018-12-20T03:13:14.076326834Z: + linuxkit build -format kernel+initrd -name test-format test.yml
[STDERR  ] 2018-12-20T03:13:14.105446027Z: Extract kernel image: linuxkit/kernel:4.14.88
[STDERR  ] 2018-12-20T03:13:16.076830277Z: Add init containers:
[STDERR  ] 2018-12-20T03:13:16.076888585Z: Process init image: linuxkit/init:c563953a2277eb73a89d89f70e4b6dcdcfebc2d1
[STDERR  ] 2018-12-20T03:13:17.225588085Z: Process init image: linuxkit/runc:83d0edb4552b1a5df1f0976f05f442829eac38fe
[STDERR  ] 2018-12-20T03:13:18.331482055Z: Add onboot containers:
[STDERR  ] 2018-12-20T03:13:18.331546039Z:   Create OCI config for linuxkit/format:v0.6
[STDERR  ] 2018-12-20T03:13:19.650978854Z:   Create OCI config for linuxkit/mount:v0.6
[STDERR  ] 2018-12-20T03:13:21.035054955Z:   Create OCI config for alpine:3.8
[STDERR  ] 2018-12-20T03:13:22.173561411Z:   Create OCI config for linuxkit/poweroff:afe8f7dd0d47a7991c54519b0f09124cb8c4e300
[STDERR  ] 2018-12-20T03:13:23.314836572Z: Add files:
[STDERR  ] 2018-12-20T03:13:23.314895701Z:   check.sh
[STDERR  ] 2018-12-20T03:13:23.325891119Z: Create outputs:
[STDERR  ] 2018-12-20T03:13:29.717590528Z:   test-format-kernel test-format-initrd.img test-format-cmdline
[STDERR  ] 2018-12-20T03:13:29.786789470Z: + linuxkit run -disk file=disk.img,size=512M test-format
[STDERR  ] 2018-12-20T03:13:46.728921149Z: + RESULT=[    0.000000] Linux version 4.14.88-linuxkit (root@e9515dce7e93) (gcc version 6.4.0 (Alpine 6.4.0)) #1 SMP Thu Dec 13 23:53:55 UTC 2018
[STDERR  ] 2018-12-20T03:13:46.728997214Z: [    0.000000] Command line: console=ttyS0 console=ttyAMA0
[STDERR  ] 2018-12-20T03:13:46.729013167Z: [    0.000000] x86/fpu: x87 FPU will use FXSAVE
[STDERR  ] 2018-12-20T03:13:46.729026555Z: [    0.000000] e820: BIOS-provided physical RAM map:
[STDERR  ] 2018-12-20T03:13:46.729039530Z: [    0.000000] BIOS-e820: [mem 0x0000000000000000-0x000000000009fbff] usable
[STDERR  ] 2018-12-20T03:13:46.729064407Z: [    0.000000] BIOS-e820: [mem 0x000000000009fc00-0x000000000009ffff] reserved
[STDERR  ] 2018-12-20T03:13:46.729076399Z: [    0.000000] BIOS-e820: [mem 0x00000000000f0000-0x00000000000fffff] reserved
[STDERR  ] 2018-12-20T03:13:46.729095720Z: [    0.000000] BIOS-e820: [mem 0x0000000000100000-0x000000003ffdefff] usable
[STDERR  ] 2018-12-20T03:13:46.729107749Z: [    0.000000] BIOS-e820: [mem 0x000000003ffdf000-0x000000003fffffff] reserved
[STDERR  ] 2018-12-20T03:13:46.729120519Z: [    0.000000] BIOS-e820: [mem 0x00000000b0000000-0x00000000bfffffff] reserved
[STDERR  ] 2018-12-20T03:13:46.729131840Z: [    0.000000] BIOS-e820: [mem 0x00000000fed1c000-0x00000000fed1ffff] reserved
[STDERR  ] 2018-12-20T03:13:46.729143007Z: [    0.000000] BIOS-e820: [mem 0x00000000feffc000-0x00000000feffffff] reserved
[STDERR  ] 2018-12-20T03:13:46.729159312Z: [    0.000000] BIOS-e820: [mem 0x00000000fffc0000-0x00000000ffffffff] reserved
[STDERR  ] 2018-12-20T03:13:46.729172612Z: [    0.000000] NX (Execute Disable) protection: active
[STDERR  ] 2018-12-20T03:13:46.729183554Z: [    0.000000] SMBIOS 2.8 present.
[STDERR  ] 2018-12-20T03:13:46.729194783Z: [    0.000000] DMI: QEMU Standard PC (Q35 + ICH9, 2009), BIOS 1.10.2-1 04/01/2014
[STDERR  ] 2018-12-20T03:13:46.729205515Z: [    0.000000] Hypervisor detected: KVM
[STDERR  ] 2018-12-20T03:13:46.729218540Z: [    0.000000] tsc: Fast TSC calibration failed
[STDERR  ] 2018-12-20T03:13:46.729230746Z: [    0.000000] tsc: Unable to calibrate against PIT
[STDERR  ] 2018-12-20T03:13:46.729251036Z: [    0.000000] tsc: No reference (HPET/PMTIMER) available
[STDERR  ] 2018-12-20T03:13:46.729264757Z: [    0.000000] e820: last_pfn = 0x3ffdf max_arch_pfn = 0x400000000
[STDERR  ] 2018-12-20T03:13:46.729278051Z: [    0.000000] x86/PAT: PAT not supported by CPU.
[STDERR  ] 2018-12-20T03:13:46.729289394Z: [    0.000000] x86/PAT: Configuration [0-7]: WB  WT  UC- UC  WB  WT  UC- UC  
[STDERR  ] 2018-12-20T03:13:46.729306205Z: [    0.000000] found SMP MP-table at [mem 0x000f6a90-0x000f6a9f] mapped at [ffffffffff200a90]
[STDERR  ] 2018-12-20T03:13:46.729321461Z: [    0.000000] RAMDISK: [mem 0x3db68000-0x3ffcffff]
[STDERR  ] 2018-12-20T03:13:46.729333326Z: [    0.000000] ACPI: Early table checksum verification disabled
[STDERR  ] 2018-12-20T03:13:46.729344839Z: [    0.000000] ACPI: RSDP 0x00000000000F68D0 000014 (v00 BOCHS )
[STDERR  ] 2018-12-20T03:13:46.729367022Z: [    0.000000] ACPI: RSDT 0x000000003FFE2404 000034 (v01 BOCHS  BXPCRSDT 00000001 BXPC 00000001)
[STDERR  ] 2018-12-20T03:13:46.729378355Z: [    0.000000] ACPI: FACP 0x000000003FFE22A4 000074 (v01 BOCHS  BXPCFACP 00000001 BXPC 00000001)
[STDERR  ] 2018-12-20T03:13:46.729389707Z: [    0.000000] ACPI: DSDT 0x000000003FFE0040 002264 (v01 BOCHS  BXPCDSDT 00000001 BXPC 00000001)
[STDERR  ] 2018-12-20T03:13:46.729401188Z: [    0.000000] ACPI: FACS 0x000000003FFE0000 000040
[STDERR  ] 2018-12-20T03:13:46.729413308Z: [    0.000000] ACPI: APIC 0x000000003FFE2318 000078 (v01 BOCHS  BXPCAPIC 00000001 BXPC 00000001)
[STDERR  ] 2018-12-20T03:13:46.729424982Z: [    0.000000] ACPI: HPET 0x000000003FFE2390 000038 (v01 BOCHS  BXPCHPET 00000001 BXPC 00000001)
[STDERR  ] 2018-12-20T03:13:46.729438781Z: [    0.000000] ACPI: MCFG 0x000000003FFE23C8 00003C (v01 BOCHS  BXPCMCFG 00000001 BXPC 00000001)
[STDERR  ] 2018-12-20T03:13:46.729450470Z: [    0.000000] kvm-clock: Using msrs 4b564d01 and 4b564d00
[STDERR  ] 2018-12-20T03:13:46.729461914Z: [    0.000000] kvm-clock: cpu 0, msr 0:3ffdd001, primary cpu clock
[STDERR  ] 2018-12-20T03:13:46.729474599Z: [    0.000000] clocksource: kvm-clock: mask: 0xffffffffffffffff max_cycles: 0x1cd42e4dffb, max_idle_ns: 881590591483 ns
[STDERR  ] 2018-12-20T03:13:46.729487954Z: [    0.000000] Zone ranges:
[STDERR  ] 2018-12-20T03:13:46.729499762Z: [    0.000000]   DMA      [mem 0x0000000000001000-0x0000000000ffffff]
[STDERR  ] 2018-12-20T03:13:46.729510711Z: [    0.000000]   DMA32    [mem 0x0000000001000000-0x000000003ffdefff]
[STDERR  ] 2018-12-20T03:13:46.729528804Z: [    0.000000]   Normal   empty
[STDERR  ] 2018-12-20T03:13:46.729542797Z: [    0.000000]   Device   empty
[STDERR  ] 2018-12-20T03:13:46.729555552Z: [    0.000000] Movable zone start for each node
[STDERR  ] 2018-12-20T03:13:46.729566917Z: [    0.000000] Early memory node ranges
[STDERR  ] 2018-12-20T03:13:46.729577178Z: [    0.000000]   node   0: [mem 0x0000000000001000-0x000000000009efff]
[STDERR  ] 2018-12-20T03:13:46.729590796Z: [    0.000000]   node   0: [mem 0x0000000000100000-0x000000003ffdefff]
[STDERR  ] 2018-12-20T03:13:46.729602548Z: [    0.000000] Initmem setup node 0 [mem 0x0000000000001000-0x000000003ffdefff]
[STDERR  ] 2018-12-20T03:13:46.729614182Z: [    0.000000] ACPI: PM-Timer IO Port: 0x608
[STDERR  ] 2018-12-20T03:13:46.729625917Z: [    0.000000] ACPI: LAPIC_NMI (acpi_id[0xff] dfl dfl lint[0x1])
[STDERR  ] 2018-12-20T03:13:46.729638085Z: [    0.000000] IOAPIC[0]: apic_id 0, version 17, address 0xfec00000, GSI 0-23
[STDERR  ] 2018-12-20T03:13:46.729656185Z: [    0.000000] ACPI: INT_SRC_OVR (bus 0 bus_irq 0 global_irq 2 dfl dfl)
[STDERR  ] 2018-12-20T03:13:46.729668468Z: [    0.000000] ACPI: INT_SRC_OVR (bus 0 bus_irq 5 global_irq 5 high level)
[STDERR  ] 2018-12-20T03:13:46.729680169Z: [    0.000000] ACPI: INT_SRC_OVR (bus 0 bus_irq 9 global_irq 9 high level)
[STDERR  ] 2018-12-20T03:13:46.729691289Z: [    0.000000] ACPI: INT_SRC_OVR (bus 0 bus_irq 10 global_irq 10 high level)
[STDERR  ] 2018-12-20T03:13:46.729702747Z: [    0.000000] ACPI: INT_SRC_OVR (bus 0 bus_irq 11 global_irq 11 high level)
[STDERR  ] 2018-12-20T03:13:46.729714371Z: [    0.000000] Using ACPI (MADT) for SMP configuration information
[STDERR  ] 2018-12-20T03:13:46.729729625Z: [    0.000000] ACPI: HPET id: 0x8086a201 base: 0xfed00000
[STDERR  ] 2018-12-20T03:13:46.729742391Z: [    0.000000] smpboot: Allowing 1 CPUs, 0 hotplug CPUs
[STDERR  ] 2018-12-20T03:13:46.729754722Z: [    0.000000] e820: [mem 0x40000000-0xafffffff] available for PCI devices
[STDERR  ] 2018-12-20T03:13:46.729768045Z: [    0.000000] Booting paravirtualized kernel on KVM
[STDERR  ] 2018-12-20T03:13:46.729779955Z: [    0.000000] clocksource: refined-jiffies: mask: 0xffffffff max_cycles: 0xffffffff, max_idle_ns: 1910969940391419 ns
[STDERR  ] 2018-12-20T03:13:46.729793207Z: [    0.000000] random: get_random_bytes called from start_kernel+0x92/0x4d1 with crng_init=0
[STDERR  ] 2018-12-20T03:13:46.729806261Z: [    0.000000] setup_percpu: NR_CPUS:128 nr_cpumask_bits:128 nr_cpu_ids:1 nr_node_ids:1
[STDERR  ] 2018-12-20T03:13:46.729817152Z: [    0.000000] percpu: Embedded 45 pages/cpu @ffff94793d800000 s144216 r8192 d31912 u2097152
[STDERR  ] 2018-12-20T03:13:46.729831957Z: [    0.000000] KVM setup async PF for cpu 0
[STDERR  ] 2018-12-20T03:13:46.729843845Z: [    0.000000] kvm-stealtime: cpu 0, msr 3d815f40
[STDERR  ] 2018-12-20T03:13:46.729856528Z: [    0.000000] Built 1 zonelists, mobility grouping on.  Total pages: 257896
[STDERR  ] 2018-12-20T03:13:46.729871896Z: [    0.000000] Kernel command line: console=ttyS0 console=ttyAMA0
[STDERR  ] 2018-12-20T03:13:46.729883901Z: [    0.000000] PID hash table entries: 4096 (order: 3, 32768 bytes)
[STDERR  ] 2018-12-20T03:13:46.729895047Z: [    0.000000] Dentry cache hash table entries: 131072 (order: 8, 1048576 bytes)
[STDERR  ] 2018-12-20T03:13:46.729906202Z: [    0.000000] Inode-cache hash table entries: 65536 (order: 7, 524288 bytes)
[STDERR  ] 2018-12-20T03:13:46.729916528Z: [    0.000000] Memory: 967584K/1048052K available (12300K kernel code, 1445K rwdata, 2964K rodata, 1532K init, 580K bss, 80468K reserved, 0K cma-reserved)
[STDERR  ] 2018-12-20T03:13:46.729928232Z: [    0.000000] Kernel/User page tables isolation: enabled
[STDERR  ] 2018-12-20T03:13:46.729939454Z: [    0.000000] ftrace: allocating 40620 entries in 159 pages
[STDERR  ] 2018-12-20T03:13:46.729952413Z: [    0.001000] Hierarchical RCU implementation.
[STDERR  ] 2018-12-20T03:13:46.729964346Z: [    0.001000] 	RCU restricting CPUs from NR_CPUS=128 to nr_cpu_ids=1.
[STDERR  ] 2018-12-20T03:13:46.729975967Z: [    0.001000] RCU: Adjusting geometry for rcu_fanout_leaf=16, nr_cpu_ids=1
[STDERR  ] 2018-12-20T03:13:46.729993481Z: [    0.001000] NR_IRQS: 8448, nr_irqs: 256, preallocated irqs: 16
[STDERR  ] 2018-12-20T03:13:46.730004411Z: [    0.001000] Console: colour VGA+ 80x25
[STDERR  ] 2018-12-20T03:13:46.730016470Z: [    0.001000] console [ttyS0] enabled
[STDERR  ] 2018-12-20T03:13:46.730028679Z: [    0.001000] clocksource: hpet: mask: 0xffffffff max_cycles: 0xffffffff, max_idle_ns: 19112604467 ns
[STDERR  ] 2018-12-20T03:13:46.730043879Z: [    0.001025] tsc: Detected 2299.932 MHz processor
[STDERR  ] 2018-12-20T03:13:46.730069983Z: [    0.002025] Calibrating delay loop (skipped) preset value.. 4599.86 BogoMIPS (lpj=2299932)
[STDERR  ] 2018-12-20T03:13:46.730081586Z: [    0.003034] pid_max: default: 32768 minimum: 301
[STDERR  ] 2018-12-20T03:13:46.730093651Z: [    0.004057] ACPI: Core revision 20170728
[STDERR  ] 2018-12-20T03:13:46.730105581Z: [    0.006746] ACPI: 1 ACPI AML tables successfully acquired and loaded
[STDERR  ] 2018-12-20T03:13:46.730125118Z: [    0.007111] Security Framework initialized
[STDERR  ] 2018-12-20T03:13:46.730145048Z: [    0.008024] Yama: becoming mindful.
[STDERR  ] 2018-12-20T03:13:46.730159529Z: [    0.009064] Mount-cache hash table entries: 2048 (order: 2, 16384 bytes)
[STDERR  ] 2018-12-20T03:13:46.730172120Z: [    0.010027] Mountpoint-cache hash table entries: 2048 (order: 2, 16384 bytes)
[STDERR  ] 2018-12-20T03:13:46.730185322Z: [    0.013062] Last level iTLB entries: 4KB 0, 2MB 0, 4MB 0
[STDERR  ] 2018-12-20T03:13:46.730197103Z: [    0.015023] Last level dTLB entries: 4KB 0, 2MB 0, 4MB 0, 1GB 0
[STDERR  ] 2018-12-20T03:13:46.730209124Z: [    0.016023] Spectre V2 : Mitigation: Full generic retpoline
[STDERR  ] 2018-12-20T03:13:46.730221064Z: [    0.017022] Spectre V2 : Spectre v2 / SpectreRSB mitigation: Filling RSB on context switch
[STDERR  ] 2018-12-20T03:13:46.730238557Z: [    0.018023] Speculative Store Bypass: Vulnerable
[STDERR  ] 2018-12-20T03:13:46.730261984Z: [    0.025620] Freeing SMP alternatives memory: 20K
[STDERR  ] 2018-12-20T03:13:46.730274191Z: [    0.026543] smpboot: Max logical packages: 1
[STDERR  ] 2018-12-20T03:13:46.730285980Z: [    0.030446] x2apic enabled
[STDERR  ] 2018-12-20T03:13:46.730298921Z: [    0.031023] Switched APIC routing to physical x2apic.
[STDERR  ] 2018-12-20T03:13:46.730312180Z: [    0.043837] ..TIMER: vector=0x30 apic1=0 pin1=2 apic2=-1 pin2=-1
[STDERR  ] 2018-12-20T03:13:46.730331083Z: [    0.044000] smpboot: CPU0: Intel QEMU Virtual CPU version 2.5+ (family: 0x6, model: 0x6, stepping: 0x3)
[STDERR  ] 2018-12-20T03:13:46.730347330Z: [    0.044130] Performance Events: PMU not available due to virtualization, using software events only.
[STDERR  ] 2018-12-20T03:13:46.730369989Z: [    0.046386] Hierarchical SRCU implementation.
[STDERR  ] 2018-12-20T03:13:46.730382077Z: [    0.047122] NMI watchdog: Perf event create on CPU 0 failed with -2
[STDERR  ] 2018-12-20T03:13:46.730394388Z: [    0.048005] NMI watchdog: Perf NMI watchdog permanently disabled
[STDERR  ] 2018-12-20T03:13:46.730408096Z: [    0.049069] smp: Bringing up secondary CPUs ...
[STDERR  ] 2018-12-20T03:13:46.730419796Z: [    0.050006] smp: Brought up 1 node, 1 CPU
[STDERR  ] 2018-12-20T03:13:46.730434254Z: [    0.052004] smpboot: Total of 1 processors activated (4599.86 BogoMIPS)
[STDERR  ] 2018-12-20T03:13:46.730451565Z: [    0.055197] devtmpfs: initialized
[STDERR  ] 2018-12-20T03:13:46.730463478Z: [    0.056071] x86/mm: Memory block size: 128MB
[STDERR  ] 2018-12-20T03:13:46.730475406Z: [    0.057229] evm: security.ima
[STDERR  ] 2018-12-20T03:13:46.730487808Z: [    0.058010] evm: security.capability
[STDERR  ] 2018-12-20T03:13:46.730499683Z: [    0.059177] clocksource: jiffies: mask: 0xffffffff max_cycles: 0xffffffff, max_idle_ns: 1911260446275000 ns
[STDERR  ] 2018-12-20T03:13:46.730511645Z: [    0.060011] futex hash table entries: 256 (order: 2, 16384 bytes)
[STDERR  ] 2018-12-20T03:13:46.730524797Z: [    0.061223] NET: Registered protocol family 16
[STDERR  ] 2018-12-20T03:13:46.730540720Z: [    0.062236] cpuidle: using governor ladder
[STDERR  ] 2018-12-20T03:13:46.730553717Z: [    0.063006] cpuidle: using governor menu
[STDERR  ] 2018-12-20T03:13:46.730569727Z: [    0.064149] ACPI: bus type PCI registered
[STDERR  ] 2018-12-20T03:13:46.730581453Z: [    0.065497] PCI: MMCONFIG for domain 0000 [bus 00-ff] at [mem 0xb0000000-0xbfffffff] (base 0xb0000000)
[STDERR  ] 2018-12-20T03:13:46.730593473Z: [    0.066008] PCI: MMCONFIG at [mem 0xb0000000-0xbfffffff] reserved in E820
[STDERR  ] 2018-12-20T03:13:46.730605091Z: [    0.067024] PCI: Using configuration type 1 for base access
[STDERR  ] 2018-12-20T03:13:46.730621974Z: [    0.070627] HugeTLB registered 2.00 MiB page size, pre-allocated 0 pages
[STDERR  ] 2018-12-20T03:13:46.730635862Z: [    0.071282] ACPI: Added _OSI(Module Device)
[STDERR  ] 2018-12-20T03:13:46.730654781Z: [    0.072018] ACPI: Added _OSI(Processor Device)
[STDERR  ] 2018-12-20T03:13:46.730669534Z: [    0.073005] ACPI: Added _OSI(3.0 _SCP Extensions)
[STDERR  ] 2018-12-20T03:13:46.730690181Z: [    0.074004] ACPI: Added _OSI(Processor Aggregator Device)
[STDERR  ] 2018-12-20T03:13:46.730702121Z: [    0.079933] ACPI: Interpreter enabled
[STDERR  ] 2018-12-20T03:13:46.730714060Z: [    0.080016] ACPI: (supports S0 S5)
[STDERR  ] 2018-12-20T03:13:46.730726024Z: [    0.081004] ACPI: Using IOAPIC for interrupt routing
[STDERR  ] 2018-12-20T03:13:46.730737509Z: [    0.082059] PCI: Using host bridge windows from ACPI; if necessary, use "pci=nocrs" and report a bug
[STDERR  ] 2018-12-20T03:13:46.730749067Z: [    0.083429] ACPI: Enabled 2 GPEs in block 00 to 3F
[STDERR  ] 2018-12-20T03:13:46.730760790Z: [    0.088932] ACPI: PCI Root Bridge [PCI0] (domain 0000 [bus 00-ff])
[STDERR  ] 2018-12-20T03:13:46.730772606Z: [    0.089014] acpi PNP0A08:00: _OSC: OS supports [ExtendedConfig ASPM ClockPM Segments MSI]
[STDERR  ] 2018-12-20T03:13:46.730784687Z: [    0.091036] acpi PNP0A08:00: _OSC: OS now controls [PCIeHotplug PME PCIeCapability]
[STDERR  ] 2018-12-20T03:13:46.730797907Z: [    0.092074] PCI host bridge to bus 0000:00
[STDERR  ] 2018-12-20T03:13:46.730809339Z: [    0.093007] pci_bus 0000:00: root bus resource [io  0x0000-0x0cf7 window]
[STDERR  ] 2018-12-20T03:13:46.730821077Z: [    0.094007] pci_bus 0000:00: root bus resource [io  0x0d00-0xffff window]
[STDERR  ] 2018-12-20T03:13:46.730836401Z: [    0.095007] pci_bus 0000:00: root bus resource [mem 0x000a0000-0x000bffff window]
[STDERR  ] 2018-12-20T03:13:46.730847900Z: [    0.096007] pci_bus 0000:00: root bus resource [mem 0xc0000000-0xfebfffff window]
[STDERR  ] 2018-12-20T03:13:46.730865622Z: [    0.097006] pci_bus 0000:00: root bus resource [bus 00-ff]
[STDERR  ] 2018-12-20T03:13:46.730877477Z: [    0.165821] pci 0000:00:1f.0: quirk: [io  0x0600-0x067f] claimed by ICH6 ACPI/GPIO/TCO
[STDERR  ] 2018-12-20T03:13:46.730889604Z: [    0.193593] ACPI: PCI Interrupt Link [LNKA] (IRQs 5 *10 11)
[STDERR  ] 2018-12-20T03:13:46.730903559Z: [    0.194323] ACPI: PCI Interrupt Link [LNKB] (IRQs 5 *10 11)
[STDERR  ] 2018-12-20T03:13:46.730914898Z: [    0.196241] ACPI: PCI Interrupt Link [LNKC] (IRQs 5 10 *11)
[STDERR  ] 2018-12-20T03:13:46.730930404Z: [    0.197363] ACPI: PCI Interrupt Link [LNKD] (IRQs 5 10 *11)
[STDERR  ] 2018-12-20T03:13:46.730942129Z: [    0.200362] ACPI: PCI Interrupt Link [LNKE] (IRQs 5 *10 11)
[STDERR  ] 2018-12-20T03:13:46.730962102Z: [    0.202232] ACPI: PCI Interrupt Link [LNKF] (IRQs 5 *10 11)
[STDERR  ] 2018-12-20T03:13:46.730973446Z: [    0.203301] ACPI: PCI Interrupt Link [LNKG] (IRQs 5 10 *11)
[STDERR  ] 2018-12-20T03:13:46.730985386Z: [    0.204308] ACPI: PCI Interrupt Link [LNKH] (IRQs 5 10 *11)
[STDERR  ] 2018-12-20T03:13:46.730997593Z: [    0.205149] ACPI: PCI Interrupt Link [GSIA] (IRQs *16)
[STDERR  ] 2018-12-20T03:13:46.731010487Z: [    0.206020] ACPI: PCI Interrupt Link [GSIB] (IRQs *17)
[STDERR  ] 2018-12-20T03:13:46.731021861Z: [    0.207020] ACPI: PCI Interrupt Link [GSIC] (IRQs *18)
[STDERR  ] 2018-12-20T03:13:46.731038352Z: [    0.208022] ACPI: PCI Interrupt Link [GSID] (IRQs *19)
[STDERR  ] 2018-12-20T03:13:46.731054215Z: [    0.209021] ACPI: PCI Interrupt Link [GSIE] (IRQs *20)
[STDERR  ] 2018-12-20T03:13:46.731066041Z: [    0.210019] ACPI: PCI Interrupt Link [GSIF] (IRQs *21)
[STDERR  ] 2018-12-20T03:13:46.731088089Z: [    0.211057] ACPI: PCI Interrupt Link [GSIG] (IRQs *22)
[STDERR  ] 2018-12-20T03:13:46.731099683Z: [    0.212021] ACPI: PCI Interrupt Link [GSIH] (IRQs *23)
[STDERR  ] 2018-12-20T03:13:46.731111610Z: [    0.213377] SCSI subsystem initialized
[STDERR  ] 2018-12-20T03:13:46.731125375Z: [    0.214105] ACPI: bus type USB registered
[STDERR  ] 2018-12-20T03:13:46.731138958Z: [    0.215036] usbcore: registered new interface driver usbfs
[STDERR  ] 2018-12-20T03:13:46.731158378Z: [    0.216026] usbcore: registered new interface driver hub
[STDERR  ] 2018-12-20T03:13:46.731169957Z: [    0.217039] usbcore: registered new device driver usb
[STDERR  ] 2018-12-20T03:13:46.731181914Z: [    0.218036] pps_core: LinuxPPS API ver. 1 registered
[STDERR  ] 2018-12-20T03:13:46.731201040Z: [    0.219004] pps_core: Software ver. 5.3.6 - Copyright 2005-2007 Rodolfo Giometti <giometti@linux.it>
[STDERR  ] 2018-12-20T03:13:46.731214714Z: [    0.220016] PTP clock support registered
[STDERR  ] 2018-12-20T03:13:46.731225754Z: [    0.221089] PCI: Using ACPI for IRQ routing
[STDERR  ] 2018-12-20T03:13:46.731237492Z: [    0.700206] NetLabel: Initializing
[STDERR  ] 2018-12-20T03:13:46.731259042Z: [    0.701004] NetLabel:  domain hash size = 128
[STDERR  ] 2018-12-20T03:13:46.731270834Z: [    0.702003] NetLabel:  protocols = UNLABELED CIPSOv4 CALIPSO
[STDERR  ] 2018-12-20T03:13:46.731282515Z: [    0.703040] NetLabel:  unlabeled traffic allowed by default
[STDERR  ] 2018-12-20T03:13:46.731294547Z: [    0.705116] HPET: 3 timers in total, 0 timers will be used for per-cpu timer
[STDERR  ] 2018-12-20T03:13:46.731306265Z: [    0.707039] hpet0: at MMIO 0xfed00000, IRQs 2, 8, 0
[STDERR  ] 2018-12-20T03:13:46.731318135Z: [    0.708004] hpet0: 3 comparators, 64-bit 100.000000 MHz counter
[STDERR  ] 2018-12-20T03:13:46.731331056Z: [    0.711040] clocksource: Switched to clocksource kvm-clock
[STDERR  ] 2018-12-20T03:13:46.731342352Z: [    0.735926] VFS: Disk quotas dquot_6.6.0
[STDERR  ] 2018-12-20T03:13:46.731364254Z: [    0.739865] VFS: Dquot-cache hash table entries: 512 (order 0, 4096 bytes)
[STDERR  ] 2018-12-20T03:13:46.731376130Z: [    0.746645] FS-Cache: Loaded
[STDERR  ] 2018-12-20T03:13:46.731393349Z: [    0.749563] CacheFiles: Loaded
[STDERR  ] 2018-12-20T03:13:46.731405162Z: [    0.752555] pnp: PnP ACPI init
[STDERR  ] 2018-12-20T03:13:46.731416738Z: [    0.756727] pnp: PnP ACPI: found 5 devices
[STDERR  ] 2018-12-20T03:13:46.731428737Z: [    0.767056] clocksource: acpi_pm: mask: 0xffffff max_cycles: 0xffffff, max_idle_ns: 2085701024 ns
[STDERR  ] 2018-12-20T03:13:46.731443435Z: [    0.775595] NET: Registered protocol family 2
[STDERR  ] 2018-12-20T03:13:46.731457124Z: [    0.779983] TCP established hash table entries: 8192 (order: 4, 65536 bytes)
[STDERR  ] 2018-12-20T03:13:46.731469273Z: [    0.786809] TCP bind hash table entries: 8192 (order: 5, 131072 bytes)
[STDERR  ] 2018-12-20T03:13:46.731486598Z: [    0.793845] TCP: Hash tables configured (established 8192 bind 8192)
[STDERR  ] 2018-12-20T03:13:46.731501298Z: [    0.800086] UDP hash table entries: 512 (order: 2, 16384 bytes)
[STDERR  ] 2018-12-20T03:13:46.731518118Z: [    0.805887] UDP-Lite hash table entries: 512 (order: 2, 16384 bytes)
[STDERR  ] 2018-12-20T03:13:46.731529349Z: [    0.812126] NET: Registered protocol family 1
[STDERR  ] 2018-12-20T03:13:46.731541346Z: [    0.816581] pci 0000:00:01.0: Video device with shadowed ROM at [mem 0x000c0000-0x000dffff]
[STDERR  ] 2018-12-20T03:13:46.731553433Z: [    0.824922] Trying to unpack rootfs image as initramfs...
[STDERR  ] 2018-12-20T03:13:46.731566335Z: [    1.566587] Freeing initrd memory: 37280K
[STDERR  ] 2018-12-20T03:13:46.731578056Z: [    1.570720] clocksource: tsc: mask: 0xffffffffffffffff max_cycles: 0x2126f5006fc, max_idle_ns: 440795235156 ns
[STDERR  ] 2018-12-20T03:13:46.731596132Z: [    1.580855] PCLMULQDQ-NI instructions are not detected.
[STDERR  ] 2018-12-20T03:13:46.731615760Z: [    1.586211] AVX or AES-NI instructions are not detected.
[STDERR  ] 2018-12-20T03:13:46.731629166Z: [    1.591462] CPU feature 'AVX registers' is not supported.
[STDERR  ] 2018-12-20T03:13:46.731640850Z: [    1.596650] CPU feature 'AVX registers' is not supported.
[STDERR  ] 2018-12-20T03:13:46.731654740Z: [    1.601799] CPU feature 'AVX registers' is not supported.
[STDERR  ] 2018-12-20T03:13:46.731666559Z: [    1.606971] CPU feature 'AVX registers' is not supported.
[STDERR  ] 2018-12-20T03:13:46.731681173Z: [    1.612251] AVX2 or AES-NI instructions are not detected.
[STDERR  ] 2018-12-20T03:13:46.731692481Z: [    1.617595] AVX2 instructions are not detected.
[STDERR  ] 2018-12-20T03:13:46.731708292Z: [    1.622266] audit: initializing netlink subsys (disabled)
[STDERR  ] 2018-12-20T03:13:46.731720044Z: [    1.627839] audit: type=2000 audit(1545275612.291:1): state=initialized audit_enabled=0 res=1
[STDERR  ] 2018-12-20T03:13:46.731735816Z: [    1.636095] workingset: timestamp_bits=46 max_order=18 bucket_order=0
[STDERR  ] 2018-12-20T03:13:46.731752211Z: [    1.642618] squashfs: version 4.0 (2009/01/31) Phillip Lougher
[STDERR  ] 2018-12-20T03:13:46.731763615Z: [    1.648301] FS-Cache: Netfs 'cifs' registered for caching
[STDERR  ] 2018-12-20T03:13:46.731777837Z: [    1.653540] fuse init (API version 7.26)
[STDERR  ] 2018-12-20T03:13:46.731789251Z: [    1.657452] SGI XFS with ACLs, security attributes, no debug enabled
[STDERR  ] 2018-12-20T03:13:46.731804717Z: [    1.663714] 9p: Installing v9fs 9p2000 file system support
[STDERR  ] 2018-12-20T03:13:46.731816431Z: [    1.668982] FS-Cache: Netfs '9p' registered for caching
[STDERR  ] 2018-12-20T03:13:46.731828187Z: [    1.675343] NET: Registered protocol family 38
[STDERR  ] 2018-12-20T03:13:46.731840016Z: [    1.679685] Key type asymmetric registered
[STDERR  ] 2018-12-20T03:13:46.731861291Z: [    1.683736] Asymmetric key parser 'x509' registered
[STDERR  ] 2018-12-20T03:13:46.731872712Z: [    1.688465] Block layer SCSI generic (bsg) driver version 0.4 loaded (major 247)
[STDERR  ] 2018-12-20T03:13:46.731884751Z: [    1.695638] io scheduler noop registered
[STDERR  ] 2018-12-20T03:13:46.731896965Z: [    1.699471] io scheduler deadline registered (default)
[STDERR  ] 2018-12-20T03:13:46.731912302Z: [    1.704498] io scheduler cfq registered
[STDERR  ] 2018-12-20T03:13:46.731923563Z: [    1.708195] io scheduler mq-deadline registered
[STDERR  ] 2018-12-20T03:13:46.731935518Z: [    1.712531] io scheduler kyber registered
[STDERR  ] 2018-12-20T03:13:46.731952538Z: [    1.716531] shpchp: Standard Hot Plug PCI Controller Driver version: 0.4
[STDERR  ] 2018-12-20T03:13:46.731964166Z: [    1.722892] hv_vmbus: registering driver hyperv_fb
[STDERR  ] 2018-12-20T03:13:46.731975894Z: [    1.727635] input: Power Button as /devices/LNXSYSTM:00/LNXPWRBN:00/input/input0
[STDERR  ] 2018-12-20T03:13:46.731987979Z: [    1.734632] ACPI: Power Button [PWRF]
[STDERR  ] 2018-12-20T03:13:46.731999977Z: [    1.739573] ACPI: PCI Interrupt Link [GSIG] enabled at IRQ 22
[STDERR  ] 2018-12-20T03:13:46.732012194Z: [    1.751160] ACPI: PCI Interrupt Link [GSIH] enabled at IRQ 23
[STDERR  ] 2018-12-20T03:13:46.732024136Z: [    1.762761] Serial: 8250/16550 driver, 4 ports, IRQ sharing disabled
[STDERR  ] 2018-12-20T03:13:46.732035889Z: [    1.803440] 00:04: ttyS0 at I/O 0x3f8 (irq = 4, base_baud = 115200) is a 16550A
[STDERR  ] 2018-12-20T03:13:46.732047823Z: [    1.811357] Non-volatile memory driver v1.3
[STDERR  ] 2018-12-20T03:13:46.732065672Z: [    1.817125] Hangcheck: starting hangcheck timer 0.9.1 (tick is 180 seconds, margin is 60 seconds).
[STDERR  ] 2018-12-20T03:13:46.732077749Z: [    1.825948] random: fast init done
[STDERR  ] 2018-12-20T03:13:46.732095057Z: [    1.830347] random: crng init done
[STDERR  ] 2018-12-20T03:13:46.732108819Z: [    1.834740] brd: module loaded
[STDERR  ] 2018-12-20T03:13:46.732120807Z: [    1.840421] loop: module loaded
[STDERR  ] 2018-12-20T03:13:46.732141828Z: [    1.847317] lpc_ich 0000:00:1f.0: I/O space for GPIO uninitialized
[STDERR  ] 2018-12-20T03:13:46.732160722Z: [    1.853294] VMware PVSCSI driver - version 1.0.7.0-k
[STDERR  ] 2018-12-20T03:13:46.732172028Z: [    1.858068] hv_vmbus: registering driver hv_storvsc
[STDERR  ] 2018-12-20T03:13:46.732183916Z: [    1.863425] ACPI: PCI Interrupt Link [GSIA] enabled at IRQ 16
[STDERR  ] 2018-12-20T03:13:46.732201321Z: [    1.872580] ahci 0000:00:1f.2: AHCI 0001.0000 32 slots 6 ports 1.5 Gbps 0x3f impl SATA mode
[STDERR  ] 2018-12-20T03:13:46.732215413Z: [    1.880565] ahci 0000:00:1f.2: flags: 64bit ncq only 
[STDERR  ] 2018-12-20T03:13:46.732232323Z: [    1.889344] scsi host0: ahci
[STDERR  ] 2018-12-20T03:13:46.732249370Z: [    1.892287] scsi host1: ahci
[STDERR  ] 2018-12-20T03:13:46.732264894Z: [    1.895264] scsi host2: ahci
[STDERR  ] 2018-12-20T03:13:46.732276390Z: [    1.898191] scsi host3: ahci
[STDERR  ] 2018-12-20T03:13:46.732288179Z: [    1.901170] scsi host4: ahci
[STDERR  ] 2018-12-20T03:13:46.732305257Z: [    1.904231] scsi host5: ahci
[STDERR  ] 2018-12-20T03:13:46.732320793Z: [    1.907142] ata1: SATA max UDMA/133 abar m4096@0xfebd2000 port 0xfebd2100 irq 24
[STDERR  ] 2018-12-20T03:13:46.732332808Z: [    1.914233] ata2: SATA max UDMA/133 abar m4096@0xfebd2000 port 0xfebd2180 irq 24
[STDERR  ] 2018-12-20T03:13:46.732346637Z: [    1.921309] ata3: SATA max UDMA/133 abar m4096@0xfebd2000 port 0xfebd2200 irq 24
[STDERR  ] 2018-12-20T03:13:46.732369630Z: [    1.928492] ata4: SATA max UDMA/133 abar m4096@0xfebd2000 port 0xfebd2280 irq 24
[STDERR  ] 2018-12-20T03:13:46.732381103Z: [    1.935610] ata5: SATA max UDMA/133 abar m4096@0xfebd2000 port 0xfebd2300 irq 24
[STDERR  ] 2018-12-20T03:13:46.732395803Z: [    1.942639] ata6: SATA max UDMA/133 abar m4096@0xfebd2000 port 0xfebd2380 irq 24
[STDERR  ] 2018-12-20T03:13:46.732411856Z: [    1.952083] tun: Universal TUN/TAP device driver, 1.6
[STDERR  ] 2018-12-20T03:13:46.732449917Z: [    1.961734] VMware vmxnet3 virtual NIC driver - version 1.4.a.0-k-NAPI
[STDERR  ] 2018-12-20T03:13:46.732467164Z: [    1.968169] hv_vmbus: registering driver hv_netvsc
[STDERR  ] 2018-12-20T03:13:46.732479076Z: [    1.972805] Fusion MPT base driver 3.04.20
[STDERR  ] 2018-12-20T03:13:46.732491097Z: [    1.976761] Copyright (c) 1999-2008 LSI Corporation
[STDERR  ] 2018-12-20T03:13:46.732506979Z: [    1.981476] Fusion MPT SPI Host driver 3.04.20
[STDERR  ] 2018-12-20T03:13:46.732518897Z: [    1.985923] i8042: PNP: PS/2 Controller [PNP0303:KBD,PNP0f13:MOU] at 0x60,0x64 irq 1,12
[STDERR  ] 2018-12-20T03:13:46.732531127Z: [    1.997557] serio: i8042 KBD port at 0x60,0x64 irq 1
[STDERR  ] 2018-12-20T03:13:46.732543148Z: [    2.002360] serio: i8042 AUX port at 0x60,0x64 irq 12
[STDERR  ] 2018-12-20T03:13:46.732557742Z: [    2.007447] hv_vmbus: registering driver hyperv_keyboard
[STDERR  ] 2018-12-20T03:13:46.732569702Z: [    2.012575] mousedev: PS/2 mouse device common for all mice
[STDERR  ] 2018-12-20T03:13:46.732583820Z: [    2.019434] input: AT Translated Set 2 keyboard as /devices/platform/i8042/serio0/input/input1
[STDERR  ] 2018-12-20T03:13:46.732595294Z: [    2.027793] input: PC Speaker as /devices/platform/pcspkr/input/input2
[STDERR  ] 2018-12-20T03:13:46.732607276Z: [    2.034451] rtc_cmos 00:00: RTC can wake from S4
[STDERR  ] 2018-12-20T03:13:46.732619150Z: [    2.041381] rtc_cmos 00:00: rtc core: registered rtc_cmos as rtc0
[STDERR  ] 2018-12-20T03:13:46.732637159Z: [    2.048133] rtc_cmos 00:00: alarms up to one day, y3k, 114 bytes nvram, hpet irqs
[STDERR  ] 2018-12-20T03:13:46.732648800Z: [    2.055287] i2c /dev entries driver
[STDERR  ] 2018-12-20T03:13:46.732661597Z: [    2.058782] device-mapper: ioctl: 4.37.0-ioctl (2017-09-20) initialised: dm-devel@redhat.com
[STDERR  ] 2018-12-20T03:13:46.732672969Z: [    2.067728] usbcore: registered new interface driver usbhid
[STDERR  ] 2018-12-20T03:13:46.732686649Z: [    2.073098] usbhid: USB HID core driver
[STDERR  ] 2018-12-20T03:13:46.732698619Z: [    2.076888] hv_utils: Registering HyperV Utility Driver
[STDERR  ] 2018-12-20T03:13:46.732714722Z: [    2.081884] hv_vmbus: registering driver hv_util
[STDERR  ] 2018-12-20T03:13:46.732736644Z: [    2.086383] hv_vmbus: registering driver hv_balloon
[STDERR  ] 2018-12-20T03:13:46.732748762Z: [    2.091134] oprofile: using NMI interrupt.
[STDERR  ] 2018-12-20T03:13:46.732760401Z: [    2.095127] GACT probability on
[STDERR  ] 2018-12-20T03:13:46.732774064Z: [    2.098220] Mirror/redirect action on
[STDERR  ] 2018-12-20T03:13:46.732785979Z: [    2.101752] Simple TC action Loaded
[STDERR  ] 2018-12-20T03:13:46.732797861Z: [    2.105131] u32 classifier
[STDERR  ] 2018-12-20T03:13:46.732814633Z: [    2.107790]     Performance counters on
[STDERR  ] 2018-12-20T03:13:46.732826334Z: [    2.111617]     input device check on
[STDERR  ] 2018-12-20T03:13:46.732837774Z: [    2.115152]     Actions configured
[STDERR  ] 2018-12-20T03:13:46.732851969Z: [    2.118460] Netfilter messages via NETLINK v0.30.
[STDERR  ] 2018-12-20T03:13:46.732863645Z: [    2.122976] nfnl_acct: registering with nfnetlink.
[STDERR  ] 2018-12-20T03:13:46.732879236Z: [    2.127613] nf_conntrack version 0.5.0 (8192 buckets, 32768 max)
[STDERR  ] 2018-12-20T03:13:46.732895079Z: [    2.133513] ctnetlink v0.93: registering with nfnetlink.
[STDERR  ] 2018-12-20T03:13:46.732906714Z: [    2.138685] nf_tables: (c) 2007-2009 Patrick McHardy <kaber@trash.net>
[STDERR  ] 2018-12-20T03:13:46.732918290Z: [    2.144766] nf_tables_compat: (c) 2012 Pablo Neira Ayuso <pablo@netfilter.org>
[STDERR  ] 2018-12-20T03:13:46.732930113Z: [    2.151155] xt_time: kernel timezone is -0000
[STDERR  ] 2018-12-20T03:13:46.732941719Z: [    2.154976] ip_set: protocol 6
[STDERR  ] 2018-12-20T03:13:46.732953673Z: [    2.157771] ipip: IPv4 and MPLS over IPv4 tunneling driver
[STDERR  ] 2018-12-20T03:13:46.732965682Z: [    2.163082] gre: GRE over IPv4 demultiplexor driver
[STDERR  ] 2018-12-20T03:13:46.732982017Z: [    2.167397] ip_tables: (C) 2000-2006 Netfilter Core Team
[STDERR  ] 2018-12-20T03:13:46.732996113Z: [    2.172341] arp_tables: arp_tables: (C) 2002 David S. Miller
[STDERR  ] 2018-12-20T03:13:46.733008318Z: [    2.177507] NET: Registered protocol family 10
[STDERR  ] 2018-12-20T03:13:46.733019821Z: [    2.181699] Segment Routing with IPv6
[STDERR  ] 2018-12-20T03:13:46.733031510Z: [    2.185215] ip6_tables: (C) 2000-2006 Netfilter Core Team
[STDERR  ] 2018-12-20T03:13:46.733043687Z: [    2.190465] NET: Registered protocol family 17
[STDERR  ] 2018-12-20T03:13:46.733062970Z: [    2.194455] Bridge firewalling registered
[STDERR  ] 2018-12-20T03:13:46.733074954Z: [    2.198215] 8021q: 802.1Q VLAN Support v1.8
[STDERR  ] 2018-12-20T03:13:46.733086631Z: [    2.201887] 9pnet: Installing 9P2000 support
[STDERR  ] 2018-12-20T03:13:46.733097608Z: [    2.205853] Key type dns_resolver registered
[STDERR  ] 2018-12-20T03:13:46.733109342Z: [    2.209762] registered taskstats version 1
[STDERR  ] 2018-12-20T03:13:46.733121095Z: [    2.221643] Key type big_key registered
[STDERR  ] 2018-12-20T03:13:46.733139096Z: [    2.228872] Key type trusted registered
[STDERR  ] 2018-12-20T03:13:46.733150636Z: [    2.236328] Key type encrypted registered
[STDERR  ] 2018-12-20T03:13:46.733162508Z: [    2.240166] ima: No TPM chip found, activating TPM-bypass! (rc=-19)
[STDERR  ] 2018-12-20T03:13:46.733177958Z: [    2.245807] ima: Allocated hash algorithm: sha256
[STDERR  ] 2018-12-20T03:13:46.733191163Z: [    2.249952] evm: HMAC attrs: 0x1
[STDERR  ] 2018-12-20T03:13:46.733209057Z: [    2.255293] rtc_cmos 00:00: setting system clock to 2018-12-20 03:13:33 UTC (1545275613)
[STDERR  ] 2018-12-20T03:13:46.733220815Z: [    2.268058] ata6: SATA link down (SStatus 0 SControl 300)
[STDERR  ] 2018-12-20T03:13:46.733233004Z: [    2.274272] ata5: SATA link down (SStatus 0 SControl 300)
[STDERR  ] 2018-12-20T03:13:46.733252255Z: [    2.280380] ata4: SATA link down (SStatus 0 SControl 300)
[STDERR  ] 2018-12-20T03:13:46.733263963Z: [    2.286410] ata3: SATA link up 1.5 Gbps (SStatus 113 SControl 300)
[STDERR  ] 2018-12-20T03:13:46.733275661Z: [    2.293356] ata2: SATA link down (SStatus 0 SControl 300)
[STDERR  ] 2018-12-20T03:13:46.733295585Z: [    2.299531] ata1: SATA link up 1.5 Gbps (SStatus 113 SControl 300)
[STDERR  ] 2018-12-20T03:13:46.733307370Z: [    2.305750] ata1.00: ATA-7: QEMU HARDDISK, 2.5+, max UDMA/100
[STDERR  ] 2018-12-20T03:13:46.733319458Z: [    2.311249] ata1.00: 1048576 sectors, multi 16: LBA48 NCQ (depth 31/32)
[STDERR  ] 2018-12-20T03:13:46.733335682Z: [    2.317664] ata1.00: applying bridge limits
[STDERR  ] 2018-12-20T03:13:46.733347584Z: [    2.322036] ata3.00: ATAPI: QEMU DVD-ROM, 2.5+, max UDMA/100
[STDERR  ] 2018-12-20T03:13:46.733370619Z: [    2.327492] ata3.00: applying bridge limits
[STDERR  ] 2018-12-20T03:13:46.733386436Z: [    2.332180] ata3.00: configured for UDMA/100
[STDERR  ] 2018-12-20T03:13:46.733397230Z: [    2.337453] ata1.00: configured for UDMA/100
[STDERR  ] 2018-12-20T03:13:46.733409284Z: [    2.341715] scsi 0:0:0:0: Direct-Access     ATA      QEMU HARDDISK    2.5+ PQ: 0 ANSI: 5
[STDERR  ] 2018-12-20T03:13:46.733425817Z: [    2.349600] sd 0:0:0:0: [sda] 1048576 512-byte logical blocks: (537 MB/512 MiB)
[STDERR  ] 2018-12-20T03:13:46.733437261Z: [    2.356685] sd 0:0:0:0: Attached scsi generic sg0 type 0
[STDERR  ] 2018-12-20T03:13:46.733448912Z: [    2.361958] sd 0:0:0:0: [sda] Write Protect is off
[STDERR  ] 2018-12-20T03:13:46.733465094Z: [    2.367079] scsi 2:0:0:0: CD-ROM            QEMU     QEMU DVD-ROM     2.5+ PQ: 0 ANSI: 5
[STDERR  ] 2018-12-20T03:13:46.733476276Z: [    2.374838] sd 0:0:0:0: [sda] Write cache: enabled, read cache: enabled, doesn't support DPO or FUA
[STDERR  ] 2018-12-20T03:13:46.733490701Z: [    2.385315] sd 0:0:0:0: [sda] Attached SCSI disk
[STDERR  ] 2018-12-20T03:13:46.733502810Z: [    2.399131] sr 2:0:0:0: [sr0] scsi3-mmc drive: 4x/4x cd/rw xa/form2 tray
[STDERR  ] 2018-12-20T03:13:46.733514643Z: [    2.405611] cdrom: Uniform CD-ROM driver Revision: 3.20
[STDERR  ] 2018-12-20T03:13:46.733525950Z: [    2.411259] sr 2:0:0:0: Attached scsi generic sg1 type 5
[STDERR  ] 2018-12-20T03:13:46.733540759Z: [    2.418283] Freeing unused kernel memory: 1532K
[STDERR  ] 2018-12-20T03:13:46.733553128Z: [    2.424123] Write protecting the kernel read-only data: 18432k
[STDERR  ] 2018-12-20T03:13:46.733576135Z: [    2.430632] Freeing unused kernel memory: 2024K
[STDERR  ] 2018-12-20T03:13:46.733588276Z: [    2.437858] Freeing unused kernel memory: 1132K
[STDERR  ] 2018-12-20T03:13:46.733599585Z: 
[STDERR  ] 2018-12-20T03:13:46.733611771Z: Welcome to LinuxKit
[STDERR  ] 2018-12-20T03:13:46.733625030Z: 
[STDERR  ] 2018-12-20T03:13:46.733637168Z:                         ##         .
[STDERR  ] 2018-12-20T03:13:46.733653191Z:                   ## ## ##        ==
[STDERR  ] 2018-12-20T03:13:46.733664688Z:                ## ## ## ## ##    ===
[STDERR  ] 2018-12-20T03:13:46.733676946Z:            /"""""""""""""""""\___/ ===
[STDERR  ] 2018-12-20T03:13:46.733690421Z:           {                       /  ===-
[STDERR  ] 2018-12-20T03:13:46.733702080Z:            \______ O           __/
[STDERR  ] 2018-12-20T03:13:46.733713826Z:              \    \         __/
[STDERR  ] 2018-12-20T03:13:46.733725629Z:               \____\_______/
[STDERR  ] 2018-12-20T03:13:46.733737868Z: 
[STDERR  ] 2018-12-20T03:13:46.733754097Z: [    3.223113]  sda:
[STDERR  ] 2018-12-20T03:13:46.733766004Z: [    3.233221]  sda:
[STDERR  ] 2018-12-20T03:13:46.733777249Z: [    3.500995]  sda: sda1
[STDERR  ] 2018-12-20T03:13:46.733795120Z: [    3.506673]  sda: sda1
[STDERR  ] 2018-12-20T03:13:46.733806995Z: 2018/12/20 03:13:33 Creating partition on /dev/sda
[STDERR  ] 2018-12-20T03:13:46.733818908Z: 2018/12/20 03:13:34 Partition /dev/sda1 successfully created!
[STDERR  ] 2018-12-20T03:13:46.733836716Z: [    4.771071] EXT4-fs (sda1): mounted filesystem with ordered data mode. Opts: (null)
[STDERR  ] 2018-12-20T03:13:46.733848611Z: format_mount test suite PASSED
[STDERR  ] 2018-12-20T03:13:46.733859955Z: [   15.013346] sd 0:0:0:0: [sda] Synchronizing SCSI cache
[STDERR  ] 2018-12-20T03:13:46.733871886Z: [   15.018844] sd 0:0:0:0: [sda] Stopping disk
[STDERR  ] 2018-12-20T03:13:46.733890465Z: [   15.024250] ACPI: Preparing to enter system sleep state S5
[STDERR  ] 2018-12-20T03:13:46.733911865Z: [   15.030098] reboot: Power down
[STDERR  ] 2018-12-20T03:13:46.733923660Z: + echo [    0.000000] Linux version 4.14.88-linuxkit (root@e9515dce7e93) (gcc version 6.4.0 (Alpine 6.4.0)) #1 SMP Thu Dec 13 23:53:55 UTC 2018
[STDERR  ] 2018-12-20T03:13:46.733936078Z: [    0.000000] Command line: console=ttyS0 console=ttyAMA0
[STDERR  ] 2018-12-20T03:13:46.733946434Z: [    0.000000] x86/fpu: x87 FPU will use FXSAVE
[STDERR  ] 2018-12-20T03:13:46.733959016Z: [    0.000000] e820: BIOS-provided physical RAM map:
[STDERR  ] 2018-12-20T03:13:46.733968838Z: [    0.000000] BIOS-e820: [mem 0x0000000000000000-0x000000000009fbff] usable
[STDERR  ] 2018-12-20T03:13:46.733979260Z: [    0.000000] BIOS-e820: [mem 0x000000000009fc00-0x000000000009ffff] reserved
[STDERR  ] 2018-12-20T03:13:46.733990093Z: [    0.000000] BIOS-e820: [mem 0x00000000000f0000-0x00000000000fffff] reserved
[STDERR  ] 2018-12-20T03:13:46.734006145Z: [    0.000000] BIOS-e820: [mem 0x0000000000100000-0x000000003ffdefff] usable
[STDERR  ] 2018-12-20T03:13:46.734018259Z: [    0.000000] BIOS-e820: [mem 0x000000003ffdf000-0x000000003fffffff] reserved
[STDERR  ] 2018-12-20T03:13:46.734030112Z: [    0.000000] BIOS-e820: [mem 0x00000000b0000000-0x00000000bfffffff] reserved
[STDERR  ] 2018-12-20T03:13:46.734047546Z: [    0.000000] BIOS-e820: [mem 0x00000000fed1c000-0x00000000fed1ffff] reserved
[STDERR  ] 2018-12-20T03:13:46.734059491Z: [    0.000000] BIOS-e820: [mem 0x00000000feffc000-0x00000000feffffff] reserved
[STDERR  ] 2018-12-20T03:13:46.734071436Z: [    0.000000] BIOS-e820: [mem 0x00000000fffc0000-0x00000000ffffffff] reserved
[STDERR  ] 2018-12-20T03:13:46.734083756Z: [    0.000000] NX (Execute Disable) protection: active
[STDERR  ] 2018-12-20T03:13:46.734095809Z: [    0.000000] SMBIOS 2.8 present.
[STDERR  ] 2018-12-20T03:13:46.734107356Z: [    0.000000] DMI: QEMU Standard PC (Q35 + ICH9, 2009), BIOS 1.10.2-1 04/01/2014
[STDERR  ] 2018-12-20T03:13:46.734119304Z: [    0.000000] Hypervisor detected: KVM
[STDERR  ] 2018-12-20T03:13:46.734133674Z: [    0.000000] tsc: Fast TSC calibration failed
[STDERR  ] 2018-12-20T03:13:46.734152051Z: [    0.000000] tsc: Unable to calibrate against PIT
[STDERR  ] 2018-12-20T03:13:46.734165921Z: [    0.000000] tsc: No reference (HPET/PMTIMER) available
[STDERR  ] 2018-12-20T03:13:46.734177926Z: [    0.000000] e820: last_pfn = 0x3ffdf max_arch_pfn = 0x400000000
[STDERR  ] 2018-12-20T03:13:46.734189221Z: [    0.000000] x86/PAT: PAT not supported by CPU.
[STDERR  ] 2018-12-20T03:13:46.734201010Z: [    0.000000] x86/PAT: Configuration [0-7]: WB  WT  UC- UC  WB  WT  UC- UC  
[STDERR  ] 2018-12-20T03:13:46.734213145Z: [    0.000000] found SMP MP-table at [mem 0x000f6a90-0x000f6a9f] mapped at [ffffffffff200a90]
[STDERR  ] 2018-12-20T03:13:46.734225405Z: [    0.000000] RAMDISK: [mem 0x3db68000-0x3ffcffff]
[STDERR  ] 2018-12-20T03:13:46.734250663Z: [    0.000000] ACPI: Early table checksum verification disabled
[STDERR  ] 2018-12-20T03:13:46.734262809Z: [    0.000000] ACPI: RSDP 0x00000000000F68D0 000014 (v00 BOCHS )
[STDERR  ] 2018-12-20T03:13:46.734274245Z: [    0.000000] ACPI: RSDT 0x000000003FFE2404 000034 (v01 BOCHS  BXPCRSDT 00000001 BXPC 00000001)
[STDERR  ] 2018-12-20T03:13:46.734288364Z: [    0.000000] ACPI: FACP 0x000000003FFE22A4 000074 (v01 BOCHS  BXPCFACP 00000001 BXPC 00000001)
[STDERR  ] 2018-12-20T03:13:46.734300524Z: [    0.000000] ACPI: DSDT 0x000000003FFE0040 002264 (v01 BOCHS  BXPCDSDT 00000001 BXPC 00000001)
[STDERR  ] 2018-12-20T03:13:46.734318446Z: [    0.000000] ACPI: FACS 0x000000003FFE0000 000040
[STDERR  ] 2018-12-20T03:13:46.734329660Z: [    0.000000] ACPI: APIC 0x000000003FFE2318 000078 (v01 BOCHS  BXPCAPIC 00000001 BXPC 00000001)
[STDERR  ] 2018-12-20T03:13:46.734341498Z: [    0.000000] ACPI: HPET 0x000000003FFE2390 000038 (v01 BOCHS  BXPCHPET 00000001 BXPC 00000001)
[STDERR  ] 2018-12-20T03:13:46.734361838Z: [    0.000000] ACPI: MCFG 0x000000003FFE23C8 00003C (v01 BOCHS  BXPCMCFG 00000001 BXPC 00000001)
[STDERR  ] 2018-12-20T03:13:46.734373728Z: [    0.000000] kvm-clock: Using msrs 4b564d01 and 4b564d00
[STDERR  ] 2018-12-20T03:13:46.734391136Z: [    0.000000] kvm-clock: cpu 0, msr 0:3ffdd001, primary cpu clock
[STDERR  ] 2018-12-20T03:13:46.734409440Z: [    0.000000] clocksource: kvm-clock: mask: 0xffffffffffffffff max_cycles: 0x1cd42e4dffb, max_idle_ns: 881590591483 ns
[STDERR  ] 2018-12-20T03:13:46.734422169Z: [    0.000000] Zone ranges:
[STDERR  ] 2018-12-20T03:13:46.734434168Z: [    0.000000]   DMA      [mem 0x0000000000001000-0x0000000000ffffff]
[STDERR  ] 2018-12-20T03:13:46.734446074Z: [    0.000000]   DMA32    [mem 0x0000000001000000-0x000000003ffdefff]
[STDERR  ] 2018-12-20T03:13:46.734458549Z: [    0.000000]   Normal   empty
[STDERR  ] 2018-12-20T03:13:46.734470580Z: [    0.000000]   Device   empty
[STDERR  ] 2018-12-20T03:13:46.734482997Z: [    0.000000] Movable zone start for each node
[STDERR  ] 2018-12-20T03:13:46.734498356Z: [    0.000000] Early memory node ranges
[STDERR  ] 2018-12-20T03:13:46.734513697Z: [    0.000000]   node   0: [mem 0x0000000000001000-0x000000000009efff]
[STDERR  ] 2018-12-20T03:13:46.734524972Z: [    0.000000]   node   0: [mem 0x0000000000100000-0x000000003ffdefff]
[STDERR  ] 2018-12-20T03:13:46.734536903Z: [    0.000000] Initmem setup node 0 [mem 0x0000000000001000-0x000000003ffdefff]
[STDERR  ] 2018-12-20T03:13:46.734554010Z: [    0.000000] ACPI: PM-Timer IO Port: 0x608
[STDERR  ] 2018-12-20T03:13:46.734565879Z: [    0.000000] ACPI: LAPIC_NMI (acpi_id[0xff] dfl dfl lint[0x1])
[STDERR  ] 2018-12-20T03:13:46.734577865Z: [    0.000000] IOAPIC[0]: apic_id 0, version 17, address 0xfec00000, GSI 0-23
[STDERR  ] 2018-12-20T03:13:46.734592425Z: [    0.000000] ACPI: INT_SRC_OVR (bus 0 bus_irq 0 global_irq 2 dfl dfl)
[STDERR  ] 2018-12-20T03:13:46.734603901Z: [    0.000000] ACPI: INT_SRC_OVR (bus 0 bus_irq 5 global_irq 5 high level)
[STDERR  ] 2018-12-20T03:13:46.734615570Z: [    0.000000] ACPI: INT_SRC_OVR (bus 0 bus_irq 9 global_irq 9 high level)
[STDERR  ] 2018-12-20T03:13:46.734627064Z: [    0.000000] ACPI: INT_SRC_OVR (bus 0 bus_irq 10 global_irq 10 high level)
[STDERR  ] 2018-12-20T03:13:46.734638869Z: [    0.000000] ACPI: INT_SRC_OVR (bus 0 bus_irq 11 global_irq 11 high level)
[STDERR  ] 2018-12-20T03:13:46.734650873Z: [    0.000000] Using ACPI (MADT) for SMP configuration information
[STDERR  ] 2018-12-20T03:13:46.734668652Z: [    0.000000] ACPI: HPET id: 0x8086a201 base: 0xfed00000
[STDERR  ] 2018-12-20T03:13:46.734680491Z: [    0.000000] smpboot: Allowing 1 CPUs, 0 hotplug CPUs
[STDERR  ] 2018-12-20T03:13:46.734691618Z: [    0.000000] e820: [mem 0x40000000-0xafffffff] available for PCI devices
[STDERR  ] 2018-12-20T03:13:46.734703464Z: [    0.000000] Booting paravirtualized kernel on KVM
[STDERR  ] 2018-12-20T03:13:46.734714226Z: [    0.000000] clocksource: refined-jiffies: mask: 0xffffffff max_cycles: 0xffffffff, max_idle_ns: 1910969940391419 ns
[STDERR  ] 2018-12-20T03:13:46.734725515Z: [    0.000000] random: get_random_bytes called from start_kernel+0x92/0x4d1 with crng_init=0
[STDERR  ] 2018-12-20T03:13:46.734737497Z: [    0.000000] setup_percpu: NR_CPUS:128 nr_cpumask_bits:128 nr_cpu_ids:1 nr_node_ids:1
[STDERR  ] 2018-12-20T03:13:46.734749443Z: [    0.000000] percpu: Embedded 45 pages/cpu @ffff94793d800000 s144216 r8192 d31912 u2097152
[STDERR  ] 2018-12-20T03:13:46.734761474Z: [    0.000000] KVM setup async PF for cpu 0
[STDERR  ] 2018-12-20T03:13:46.734772883Z: [    0.000000] kvm-stealtime: cpu 0, msr 3d815f40
[STDERR  ] 2018-12-20T03:13:46.734786896Z: [    0.000000] Built 1 zonelists, mobility grouping on.  Total pages: 257896
[STDERR  ] 2018-12-20T03:13:46.734804064Z: [    0.000000] Kernel command line: console=ttyS0 console=ttyAMA0
[STDERR  ] 2018-12-20T03:13:46.734819485Z: [    0.000000] PID hash table entries: 4096 (order: 3, 32768 bytes)
[STDERR  ] 2018-12-20T03:13:46.734831725Z: [    0.000000] Dentry cache hash table entries: 131072 (order: 8, 1048576 bytes)
[STDERR  ] 2018-12-20T03:13:46.734843783Z: [    0.000000] Inode-cache hash table entries: 65536 (order: 7, 524288 bytes)
[STDERR  ] 2018-12-20T03:13:46.734859408Z: [    0.000000] Memory: 967584K/1048052K available (12300K kernel code, 1445K rwdata, 2964K rodata, 1532K init, 580K bss, 80468K reserved, 0K cma-reserved)
[STDERR  ] 2018-12-20T03:13:46.734872337Z: [    0.000000] Kernel/User page tables isolation: enabled
[STDERR  ] 2018-12-20T03:13:46.734888179Z: [    0.000000] ftrace: allocating 40620 entries in 159 pages
[STDERR  ] 2018-12-20T03:13:46.734900375Z: [    0.001000] Hierarchical RCU implementation.
[STDERR  ] 2018-12-20T03:13:46.734912562Z: [    0.001000] 	RCU restricting CPUs from NR_CPUS=128 to nr_cpu_ids=1.
[STDERR  ] 2018-12-20T03:13:46.734930471Z: [    0.001000] RCU: Adjusting geometry for rcu_fanout_leaf=16, nr_cpu_ids=1
[STDERR  ] 2018-12-20T03:13:46.734941766Z: [    0.001000] NR_IRQS: 8448, nr_irqs: 256, preallocated irqs: 16
[STDERR  ] 2018-12-20T03:13:46.734953556Z: [    0.001000] Console: colour VGA+ 80x25
[STDERR  ] 2018-12-20T03:13:46.734965411Z: [    0.001000] console [ttyS0] enabled
[STDERR  ] 2018-12-20T03:13:46.734984882Z: [    0.001000] clocksource: hpet: mask: 0xffffffff max_cycles: 0xffffffff, max_idle_ns: 19112604467 ns
[STDERR  ] 2018-12-20T03:13:46.734997148Z: [    0.001025] tsc: Detected 2299.932 MHz processor
[STDERR  ] 2018-12-20T03:13:46.735011851Z: [    0.002025] Calibrating delay loop (skipped) preset value.. 4599.86 BogoMIPS (lpj=2299932)
[STDERR  ] 2018-12-20T03:13:46.735027525Z: [    0.003034] pid_max: default: 32768 minimum: 301
[STDERR  ] 2018-12-20T03:13:46.735039363Z: [    0.004057] ACPI: Core revision 20170728
[STDERR  ] 2018-12-20T03:13:46.735050684Z: [    0.006746] ACPI: 1 ACPI AML tables successfully acquired and loaded
[STDERR  ] 2018-12-20T03:13:46.735062660Z: [    0.007111] Security Framework initialized
[STDERR  ] 2018-12-20T03:13:46.735078617Z: [    0.008024] Yama: becoming mindful.
[STDERR  ] 2018-12-20T03:13:46.735089766Z: [    0.009064] Mount-cache hash table entries: 2048 (order: 2, 16384 bytes)
[STDERR  ] 2018-12-20T03:13:46.735101432Z: [    0.010027] Mountpoint-cache hash table entries: 2048 (order: 2, 16384 bytes)
[STDERR  ] 2018-12-20T03:13:46.735113357Z: [    0.013062] Last level iTLB entries: 4KB 0, 2MB 0, 4MB 0
[STDERR  ] 2018-12-20T03:13:46.735128633Z: [    0.015023] Last level dTLB entries: 4KB 0, 2MB 0, 4MB 0, 1GB 0
[STDERR  ] 2018-12-20T03:13:46.735140114Z: [    0.016023] Spectre V2 : Mitigation: Full generic retpoline
[STDERR  ] 2018-12-20T03:13:46.735159797Z: [    0.017022] Spectre V2 : Spectre v2 / SpectreRSB mitigation: Filling RSB on context switch
[STDERR  ] 2018-12-20T03:13:46.735173846Z: [    0.018023] Speculative Store Bypass: Vulnerable
[STDERR  ] 2018-12-20T03:13:46.735185548Z: [    0.025620] Freeing SMP alternatives memory: 20K
[STDERR  ] 2018-12-20T03:13:46.735197145Z: [    0.026543] smpboot: Max logical packages: 1
[STDERR  ] 2018-12-20T03:13:46.735209043Z: [    0.030446] x2apic enabled
[STDERR  ] 2018-12-20T03:13:46.735221592Z: [    0.031023] Switched APIC routing to physical x2apic.
[STDERR  ] 2018-12-20T03:13:46.735238621Z: [    0.043837] ..TIMER: vector=0x30 apic1=0 pin1=2 apic2=-1 pin2=-1
[STDERR  ] 2018-12-20T03:13:46.735260332Z: [    0.044000] smpboot: CPU0: Intel QEMU Virtual CPU version 2.5+ (family: 0x6, model: 0x6, stepping: 0x3)
[STDERR  ] 2018-12-20T03:13:46.735272557Z: [    0.044130] Performance Events: PMU not available due to virtualization, using software events only.
[STDERR  ] 2018-12-20T03:13:46.735289365Z: [    0.046386] Hierarchical SRCU implementation.
[STDERR  ] 2018-12-20T03:13:46.735301361Z: [    0.047122] NMI watchdog: Perf event create on CPU 0 failed with -2
[STDERR  ] 2018-12-20T03:13:46.735313346Z: [    0.048005] NMI watchdog: Perf NMI watchdog permanently disabled
[STDERR  ] 2018-12-20T03:13:46.735328166Z: [    0.049069] smp: Bringing up secondary CPUs ...
[STDERR  ] 2018-12-20T03:13:46.735339883Z: [    0.050006] smp: Brought up 1 node, 1 CPU
[STDERR  ] 2018-12-20T03:13:46.735365452Z: [    0.052004] smpboot: Total of 1 processors activated (4599.86 BogoMIPS)
[STDERR  ] 2018-12-20T03:13:46.735378592Z: [    0.055197] devtmpfs: initialized
[STDERR  ] 2018-12-20T03:13:46.735396709Z: [    0.056071] x86/mm: Memory block size: 128MB
[STDERR  ] 2018-12-20T03:13:46.735409043Z: [    0.057229] evm: security.ima
[STDERR  ] 2018-12-20T03:13:46.735423160Z: [    0.058010] evm: security.capability
[STDERR  ] 2018-12-20T03:13:46.735434964Z: [    0.059177] clocksource: jiffies: mask: 0xffffffff max_cycles: 0xffffffff, max_idle_ns: 1911260446275000 ns
[STDERR  ] 2018-12-20T03:13:46.735447483Z: [    0.060011] futex hash table entries: 256 (order: 2, 16384 bytes)
[STDERR  ] 2018-12-20T03:13:46.735459485Z: [    0.061223] NET: Registered protocol family 16
[STDERR  ] 2018-12-20T03:13:46.735476723Z: [    0.062236] cpuidle: using governor ladder
[STDERR  ] 2018-12-20T03:13:46.735488223Z: [    0.063006] cpuidle: using governor menu
[STDERR  ] 2018-12-20T03:13:46.735500002Z: [    0.064149] ACPI: bus type PCI registered
[STDERR  ] 2018-12-20T03:13:46.735511728Z: [    0.065497] PCI: MMCONFIG for domain 0000 [bus 00-ff] at [mem 0xb0000000-0xbfffffff] (base 0xb0000000)
[STDERR  ] 2018-12-20T03:13:46.735532110Z: [    0.066008] PCI: MMCONFIG at [mem 0xb0000000-0xbfffffff] reserved in E820
[STDERR  ] 2018-12-20T03:13:46.735543837Z: [    0.067024] PCI: Using configuration type 1 for base access
[STDERR  ] 2018-12-20T03:13:46.735555599Z: [    0.070627] HugeTLB registered 2.00 MiB page size, pre-allocated 0 pages
[STDERR  ] 2018-12-20T03:13:46.735566785Z: [    0.071282] ACPI: Added _OSI(Module Device)
[STDERR  ] 2018-12-20T03:13:46.735578291Z: [    0.072018] ACPI: Added _OSI(Processor Device)
[STDERR  ] 2018-12-20T03:13:46.735589876Z: [    0.073005] ACPI: Added _OSI(3.0 _SCP Extensions)
[STDERR  ] 2018-12-20T03:13:46.735601708Z: [    0.074004] ACPI: Added _OSI(Processor Aggregator Device)
[STDERR  ] 2018-12-20T03:13:46.735613666Z: [    0.079933] ACPI: Interpreter enabled
[STDERR  ] 2018-12-20T03:13:46.735625316Z: [    0.080016] ACPI: (supports S0 S5)
[STDERR  ] 2018-12-20T03:13:46.735636876Z: [    0.081004] ACPI: Using IOAPIC for interrupt routing
[STDERR  ] 2018-12-20T03:13:46.735652981Z: [    0.082059] PCI: Using host bridge windows from ACPI; if necessary, use "pci=nocrs" and report a bug
[STDERR  ] 2018-12-20T03:13:46.735665271Z: [    0.083429] ACPI: Enabled 2 GPEs in block 00 to 3F
[STDERR  ] 2018-12-20T03:13:46.735680542Z: [    0.088932] ACPI: PCI Root Bridge [PCI0] (domain 0000 [bus 00-ff])
[STDERR  ] 2018-12-20T03:13:46.735693211Z: [    0.089014] acpi PNP0A08:00: _OSC: OS supports [ExtendedConfig ASPM ClockPM Segments MSI]
[STDERR  ] 2018-12-20T03:13:46.735706132Z: [    0.091036] acpi PNP0A08:00: _OSC: OS now controls [PCIeHotplug PME PCIeCapability]
[STDERR  ] 2018-12-20T03:13:46.735718132Z: [    0.092074] PCI host bridge to bus 0000:00
[STDERR  ] 2018-12-20T03:13:46.735730394Z: [    0.093007] pci_bus 0000:00: root bus resource [io  0x0000-0x0cf7 window]
[STDERR  ] 2018-12-20T03:13:46.735742610Z: [    0.094007] pci_bus 0000:00: root bus resource [io  0x0d00-0xffff window]
[STDERR  ] 2018-12-20T03:13:46.735757576Z: [    0.095007] pci_bus 0000:00: root bus resource [mem 0x000a0000-0x000bffff window]
[STDERR  ] 2018-12-20T03:13:46.735769981Z: [    0.096007] pci_bus 0000:00: root bus resource [mem 0xc0000000-0xfebfffff window]
[STDERR  ] 2018-12-20T03:13:46.735783695Z: [    0.097006] pci_bus 0000:00: root bus resource [bus 00-ff]
[STDERR  ] 2018-12-20T03:13:46.735795832Z: [    0.165821] pci 0000:00:1f.0: quirk: [io  0x0600-0x067f] claimed by ICH6 ACPI/GPIO/TCO
[STDERR  ] 2018-12-20T03:13:46.735806935Z: [    0.193593] ACPI: PCI Interrupt Link [LNKA] (IRQs 5 *10 11)
[STDERR  ] 2018-12-20T03:13:46.735819200Z: [    0.194323] ACPI: PCI Interrupt Link [LNKB] (IRQs 5 *10 11)
[STDERR  ] 2018-12-20T03:13:46.735834106Z: [    0.196241] ACPI: PCI Interrupt Link [LNKC] (IRQs 5 10 *11)
[STDERR  ] 2018-12-20T03:13:46.735846100Z: [    0.197363] ACPI: PCI Interrupt Link [LNKD] (IRQs 5 10 *11)
[STDERR  ] 2018-12-20T03:13:46.735860467Z: [    0.200362] ACPI: PCI Interrupt Link [LNKE] (IRQs 5 *10 11)
[STDERR  ] 2018-12-20T03:13:46.735881473Z: [    0.202232] ACPI: PCI Interrupt Link [LNKF] (IRQs 5 *10 11)
[STDERR  ] 2018-12-20T03:13:46.735903134Z: [    0.203301] ACPI: PCI Interrupt Link [LNKG] (IRQs 5 10 *11)
[STDERR  ] 2018-12-20T03:13:46.735914756Z: [    0.204308] ACPI: PCI Interrupt Link [LNKH] (IRQs 5 10 *11)
[STDERR  ] 2018-12-20T03:13:46.735927154Z: [    0.205149] ACPI: PCI Interrupt Link [GSIA] (IRQs *16)
[STDERR  ] 2018-12-20T03:13:46.735942609Z: [    0.206020] ACPI: PCI Interrupt Link [GSIB] (IRQs *17)
[STDERR  ] 2018-12-20T03:13:46.735954325Z: [    0.207020] ACPI: PCI Interrupt Link [GSIC] (IRQs *18)
[STDERR  ] 2018-12-20T03:13:46.735966299Z: [    0.208022] ACPI: PCI Interrupt Link [GSID] (IRQs *19)
[STDERR  ] 2018-12-20T03:13:46.735977892Z: [    0.209021] ACPI: PCI Interrupt Link [GSIE] (IRQs *20)
[STDERR  ] 2018-12-20T03:13:46.735989976Z: [    0.210019] ACPI: PCI Interrupt Link [GSIF] (IRQs *21)
[STDERR  ] 2018-12-20T03:13:46.736008050Z: [    0.211057] ACPI: PCI Interrupt Link [GSIG] (IRQs *22)
[STDERR  ] 2018-12-20T03:13:46.736019893Z: [    0.212021] ACPI: PCI Interrupt Link [GSIH] (IRQs *23)
[STDERR  ] 2018-12-20T03:13:46.736038022Z: [    0.213377] SCSI subsystem initialized
[STDERR  ] 2018-12-20T03:13:46.736055884Z: [    0.214105] ACPI: bus type USB registered
[STDERR  ] 2018-12-20T03:13:46.736072394Z: [    0.215036] usbcore: registered new interface driver usbfs
[STDERR  ] 2018-12-20T03:13:46.736084035Z: [    0.216026] usbcore: registered new interface driver hub
[STDERR  ] 2018-12-20T03:13:46.736096439Z: [    0.217039] usbcore: registered new device driver usb
[STDERR  ] 2018-12-20T03:13:46.736108322Z: [    0.218036] pps_core: LinuxPPS API ver. 1 registered
[STDERR  ] 2018-12-20T03:13:46.736120724Z: [    0.219004] pps_core: Software ver. 5.3.6 - Copyright 2005-2007 Rodolfo Giometti <giometti@linux.it>
[STDERR  ] 2018-12-20T03:13:46.736132362Z: [    0.220016] PTP clock support registered
[STDERR  ] 2018-12-20T03:13:46.736143893Z: [    0.221089] PCI: Using ACPI for IRQ routing
[STDERR  ] 2018-12-20T03:13:46.736158256Z: [    0.700206] NetLabel: Initializing
[STDERR  ] 2018-12-20T03:13:46.736171856Z: [    0.701004] NetLabel:  domain hash size = 128
[STDERR  ] 2018-12-20T03:13:46.736183200Z: [    0.702003] NetLabel:  protocols = UNLABELED CIPSOv4 CALIPSO
[STDERR  ] 2018-12-20T03:13:46.736195005Z: [    0.703040] NetLabel:  unlabeled traffic allowed by default
[STDERR  ] 2018-12-20T03:13:46.736206345Z: [    0.705116] HPET: 3 timers in total, 0 timers will be used for per-cpu timer
[STDERR  ] 2018-12-20T03:13:46.736218027Z: [    0.707039] hpet0: at MMIO 0xfed00000, IRQs 2, 8, 0
[STDERR  ] 2018-12-20T03:13:46.736229888Z: [    0.708004] hpet0: 3 comparators, 64-bit 100.000000 MHz counter
[STDERR  ] 2018-12-20T03:13:46.736241759Z: [    0.711040] clocksource: Switched to clocksource kvm-clock
[STDERR  ] 2018-12-20T03:13:46.736261501Z: [    0.735926] VFS: Disk quotas dquot_6.6.0
[STDERR  ] 2018-12-20T03:13:46.736272864Z: [    0.739865] VFS: Dquot-cache hash table entries: 512 (order 0, 4096 bytes)
[STDERR  ] 2018-12-20T03:13:46.736284143Z: [    0.746645] FS-Cache: Loaded
[STDERR  ] 2018-12-20T03:13:46.736297189Z: [    0.749563] CacheFiles: Loaded
[STDERR  ] 2018-12-20T03:13:46.736308967Z: [    0.752555] pnp: PnP ACPI init
[STDERR  ] 2018-12-20T03:13:46.736321455Z: [    0.756727] pnp: PnP ACPI: found 5 devices
[STDERR  ] 2018-12-20T03:13:46.736333383Z: [    0.767056] clocksource: acpi_pm: mask: 0xffffff max_cycles: 0xffffff, max_idle_ns: 2085701024 ns
[STDERR  ] 2018-12-20T03:13:46.736345407Z: [    0.775595] NET: Registered protocol family 2
[STDERR  ] 2018-12-20T03:13:46.736368984Z: [    0.779983] TCP established hash table entries: 8192 (order: 4, 65536 bytes)
[STDERR  ] 2018-12-20T03:13:46.736380830Z: [    0.786809] TCP bind hash table entries: 8192 (order: 5, 131072 bytes)
[STDERR  ] 2018-12-20T03:13:46.736392321Z: [    0.793845] TCP: Hash tables configured (established 8192 bind 8192)
[STDERR  ] 2018-12-20T03:13:46.736403521Z: [    0.800086] UDP hash table entries: 512 (order: 2, 16384 bytes)
[STDERR  ] 2018-12-20T03:13:46.736418219Z: [    0.805887] UDP-Lite hash table entries: 512 (order: 2, 16384 bytes)
[STDERR  ] 2018-12-20T03:13:46.736454404Z: [    0.812126] NET: Registered protocol family 1
[STDERR  ] 2018-12-20T03:13:46.736466549Z: [    0.816581] pci 0000:00:01.0: Video device with shadowed ROM at [mem 0x000c0000-0x000dffff]
[STDERR  ] 2018-12-20T03:13:46.736479227Z: [    0.824922] Trying to unpack rootfs image as initramfs...
[STDERR  ] 2018-12-20T03:13:46.736491351Z: [    1.566587] Freeing initrd memory: 37280K
[STDERR  ] 2018-12-20T03:13:46.736504341Z: [    1.570720] clocksource: tsc: mask: 0xffffffffffffffff max_cycles: 0x2126f5006fc, max_idle_ns: 440795235156 ns
[STDERR  ] 2018-12-20T03:13:46.736519019Z: [    1.580855] PCLMULQDQ-NI instructions are not detected.
[STDERR  ] 2018-12-20T03:13:46.736531245Z: [    1.586211] AVX or AES-NI instructions are not detected.
[STDERR  ] 2018-12-20T03:13:46.736548055Z: [    1.591462] CPU feature 'AVX registers' is not supported.
[STDERR  ] 2018-12-20T03:13:46.736565658Z: [    1.596650] CPU feature 'AVX registers' is not supported.
[STDERR  ] 2018-12-20T03:13:46.736581662Z: [    1.601799] CPU feature 'AVX registers' is not supported.
[STDERR  ] 2018-12-20T03:13:46.736597463Z: [    1.606971] CPU feature 'AVX registers' is not supported.
[STDERR  ] 2018-12-20T03:13:46.736609592Z: [    1.612251] AVX2 or AES-NI instructions are not detected.
[STDERR  ] 2018-12-20T03:13:46.736621707Z: [    1.617595] AVX2 instructions are not detected.
[STDERR  ] 2018-12-20T03:13:46.736638741Z: [    1.622266] audit: initializing netlink subsys (disabled)
[STDERR  ] 2018-12-20T03:13:46.736650297Z: [    1.627839] audit: type=2000 audit(1545275612.291:1): state=initialized audit_enabled=0 res=1
[STDERR  ] 2018-12-20T03:13:46.736668004Z: [    1.636095] workingset: timestamp_bits=46 max_order=18 bucket_order=0
[STDERR  ] 2018-12-20T03:13:46.736680106Z: [    1.642618] squashfs: version 4.0 (2009/01/31) Phillip Lougher
[STDERR  ] 2018-12-20T03:13:46.736692212Z: [    1.648301] FS-Cache: Netfs 'cifs' registered for caching
[STDERR  ] 2018-12-20T03:13:46.736704375Z: [    1.653540] fuse init (API version 7.26)
[STDERR  ] 2018-12-20T03:13:46.736720526Z: [    1.657452] SGI XFS with ACLs, security attributes, no debug enabled
[STDERR  ] 2018-12-20T03:13:46.736739347Z: [    1.663714] 9p: Installing v9fs 9p2000 file system support
[STDERR  ] 2018-12-20T03:13:46.736753161Z: [    1.668982] FS-Cache: Netfs '9p' registered for caching
[STDERR  ] 2018-12-20T03:13:46.736764948Z: [    1.675343] NET: Registered protocol family 38
[STDERR  ] 2018-12-20T03:13:46.736776884Z: [    1.679685] Key type asymmetric registered
[STDERR  ] 2018-12-20T03:13:46.736795089Z: [    1.683736] Asymmetric key parser 'x509' registered
[STDERR  ] 2018-12-20T03:13:46.736806292Z: [    1.688465] Block layer SCSI generic (bsg) driver version 0.4 loaded (major 247)
[STDERR  ] 2018-12-20T03:13:46.736822066Z: [    1.695638] io scheduler noop registered
[STDERR  ] 2018-12-20T03:13:46.736833564Z: [    1.699471] io scheduler deadline registered (default)
[STDERR  ] 2018-12-20T03:13:46.736845282Z: [    1.704498] io scheduler cfq registered
[STDERR  ] 2018-12-20T03:13:46.736856923Z: [    1.708195] io scheduler mq-deadline registered
[STDERR  ] 2018-12-20T03:13:46.736871557Z: [    1.712531] io scheduler kyber registered
[STDERR  ] 2018-12-20T03:13:46.736883477Z: [    1.716531] shpchp: Standard Hot Plug PCI Controller Driver version: 0.4
[STDERR  ] 2018-12-20T03:13:46.736894192Z: [    1.722892] hv_vmbus: registering driver hyperv_fb
[STDERR  ] 2018-12-20T03:13:46.736904932Z: [    1.727635] input: Power Button as /devices/LNXSYSTM:00/LNXPWRBN:00/input/input0
[STDERR  ] 2018-12-20T03:13:46.736916477Z: [    1.734632] ACPI: Power Button [PWRF]
[STDERR  ] 2018-12-20T03:13:46.736927621Z: [    1.739573] ACPI: PCI Interrupt Link [GSIG] enabled at IRQ 22
[STDERR  ] 2018-12-20T03:13:46.736939135Z: [    1.751160] ACPI: PCI Interrupt Link [GSIH] enabled at IRQ 23
[STDERR  ] 2018-12-20T03:13:46.736950338Z: [    1.762761] Serial: 8250/16550 driver, 4 ports, IRQ sharing disabled
[STDERR  ] 2018-12-20T03:13:46.736962169Z: [    1.803440] 00:04: ttyS0 at I/O 0x3f8 (irq = 4, base_baud = 115200) is a 16550A
[STDERR  ] 2018-12-20T03:13:46.736978454Z: [    1.811357] Non-volatile memory driver v1.3
[STDERR  ] 2018-12-20T03:13:46.736990860Z: [    1.817125] Hangcheck: starting hangcheck timer 0.9.1 (tick is 180 seconds, margin is 60 seconds).
[STDERR  ] 2018-12-20T03:13:46.737001934Z: [    1.825948] random: fast init done
[STDERR  ] 2018-12-20T03:13:46.737013967Z: [    1.830347] random: crng init done
[STDERR  ] 2018-12-20T03:13:46.737026497Z: [    1.834740] brd: module loaded
[STDERR  ] 2018-12-20T03:13:46.737054482Z: [    1.840421] loop: module loaded
[STDERR  ] 2018-12-20T03:13:46.737066881Z: [    1.847317] lpc_ich 0000:00:1f.0: I/O space for GPIO uninitialized
[STDERR  ] 2018-12-20T03:13:46.737083857Z: [    1.853294] VMware PVSCSI driver - version 1.0.7.0-k
[STDERR  ] 2018-12-20T03:13:46.737096031Z: [    1.858068] hv_vmbus: registering driver hv_storvsc
[STDERR  ] 2018-12-20T03:13:46.737108311Z: [    1.863425] ACPI: PCI Interrupt Link [GSIA] enabled at IRQ 16
[STDERR  ] 2018-12-20T03:13:46.737128272Z: [    1.872580] ahci 0000:00:1f.2: AHCI 0001.0000 32 slots 6 ports 1.5 Gbps 0x3f impl SATA mode
[STDERR  ] 2018-12-20T03:13:46.737147026Z: [    1.880565] ahci 0000:00:1f.2: flags: 64bit ncq only 
[STDERR  ] 2018-12-20T03:13:46.737158717Z: [    1.889344] scsi host0: ahci
[STDERR  ] 2018-12-20T03:13:46.737179606Z: [    1.892287] scsi host1: ahci
[STDERR  ] 2018-12-20T03:13:46.737192398Z: [    1.895264] scsi host2: ahci
[STDERR  ] 2018-12-20T03:13:46.737204203Z: [    1.898191] scsi host3: ahci
[STDERR  ] 2018-12-20T03:13:46.737222129Z: [    1.901170] scsi host4: ahci
[STDERR  ] 2018-12-20T03:13:46.737238774Z: [    1.904231] scsi host5: ahci
[STDERR  ] 2018-12-20T03:13:46.737261843Z: [    1.907142] ata1: SATA max UDMA/133 abar m4096@0xfebd2000 port 0xfebd2100 irq 24
[STDERR  ] 2018-12-20T03:13:46.737273912Z: [    1.914233] ata2: SATA max UDMA/133 abar m4096@0xfebd2000 port 0xfebd2180 irq 24
[STDERR  ] 2018-12-20T03:13:46.737286157Z: [    1.921309] ata3: SATA max UDMA/133 abar m4096@0xfebd2000 port 0xfebd2200 irq 24
[STDERR  ] 2018-12-20T03:13:46.737301321Z: [    1.928492] ata4: SATA max UDMA/133 abar m4096@0xfebd2000 port 0xfebd2280 irq 24
[STDERR  ] 2018-12-20T03:13:46.737313469Z: [    1.935610] ata5: SATA max UDMA/133 abar m4096@0xfebd2000 port 0xfebd2300 irq 24
[STDERR  ] 2018-12-20T03:13:46.737331824Z: [    1.942639] ata6: SATA max UDMA/133 abar m4096@0xfebd2000 port 0xfebd2380 irq 24
[STDERR  ] 2018-12-20T03:13:46.737345800Z: [    1.952083] tun: Universal TUN/TAP device driver, 1.6
[STDERR  ] 2018-12-20T03:13:46.737373755Z: [    1.961734] VMware vmxnet3 virtual NIC driver - version 1.4.a.0-k-NAPI
[STDERR  ] 2018-12-20T03:13:46.737385556Z: [    1.968169] hv_vmbus: registering driver hv_netvsc
[STDERR  ] 2018-12-20T03:13:46.737399320Z: [    1.972805] Fusion MPT base driver 3.04.20
[STDERR  ] 2018-12-20T03:13:46.737411214Z: [    1.976761] Copyright (c) 1999-2008 LSI Corporation
[STDERR  ] 2018-12-20T03:13:46.737426938Z: [    1.981476] Fusion MPT SPI Host driver 3.04.20
[STDERR  ] 2018-12-20T03:13:46.737438799Z: [    1.985923] i8042: PNP: PS/2 Controller [PNP0303:KBD,PNP0f13:MOU] at 0x60,0x64 irq 1,12
[STDERR  ] 2018-12-20T03:13:46.737454808Z: [    1.997557] serio: i8042 KBD port at 0x60,0x64 irq 1
[STDERR  ] 2018-12-20T03:13:46.737466380Z: [    2.002360] serio: i8042 AUX port at 0x60,0x64 irq 12
[STDERR  ] 2018-12-20T03:13:46.737477521Z: [    2.007447] hv_vmbus: registering driver hyperv_keyboard
[STDERR  ] 2018-12-20T03:13:46.737487618Z: [    2.012575] mousedev: PS/2 mouse device common for all mice
[STDERR  ] 2018-12-20T03:13:46.737501759Z: [    2.019434] input: AT Translated Set 2 keyboard as /devices/platform/i8042/serio0/input/input1
[STDERR  ] 2018-12-20T03:13:46.737516035Z: [    2.027793] input: PC Speaker as /devices/platform/pcspkr/input/input2
[STDERR  ] 2018-12-20T03:13:46.737528218Z: [    2.034451] rtc_cmos 00:00: RTC can wake from S4
[STDERR  ] 2018-12-20T03:13:46.737539965Z: [    2.041381] rtc_cmos 00:00: rtc core: registered rtc_cmos as rtc0
[STDERR  ] 2018-12-20T03:13:46.737557611Z: [    2.048133] rtc_cmos 00:00: alarms up to one day, y3k, 114 bytes nvram, hpet irqs
[STDERR  ] 2018-12-20T03:13:46.737574140Z: [    2.055287] i2c /dev entries driver
[STDERR  ] 2018-12-20T03:13:46.737595112Z: [    2.058782] device-mapper: ioctl: 4.37.0-ioctl (2017-09-20) initialised: dm-devel@redhat.com
[STDERR  ] 2018-12-20T03:13:46.737607548Z: [    2.067728] usbcore: registered new interface driver usbhid
[STDERR  ] 2018-12-20T03:13:46.737619352Z: [    2.073098] usbhid: USB HID core driver
[STDERR  ] 2018-12-20T03:13:46.737631104Z: [    2.076888] hv_utils: Registering HyperV Utility Driver
[STDERR  ] 2018-12-20T03:13:46.737643194Z: [    2.081884] hv_vmbus: registering driver hv_util
[STDERR  ] 2018-12-20T03:13:46.737655234Z: [    2.086383] hv_vmbus: registering driver hv_balloon
[STDERR  ] 2018-12-20T03:13:46.737669297Z: [    2.091134] oprofile: using NMI interrupt.
[STDERR  ] 2018-12-20T03:13:46.737681645Z: [    2.095127] GACT probability on
[STDERR  ] 2018-12-20T03:13:46.737700262Z: [    2.098220] Mirror/redirect action on
[STDERR  ] 2018-12-20T03:13:46.737716342Z: [    2.101752] Simple TC action Loaded
[STDERR  ] 2018-12-20T03:13:46.737728096Z: [    2.105131] u32 classifier
[STDERR  ] 2018-12-20T03:13:46.737741982Z: [    2.107790]     Performance counters on
[STDERR  ] 2018-12-20T03:13:46.737753361Z: [    2.111617]     input device check on
[STDERR  ] 2018-12-20T03:13:46.737765708Z: [    2.115152]     Actions configured
[STDERR  ] 2018-12-20T03:13:46.737777690Z: [    2.118460] Netfilter messages via NETLINK v0.30.
[STDERR  ] 2018-12-20T03:13:46.737789104Z: [    2.122976] nfnl_acct: registering with nfnetlink.
[STDERR  ] 2018-12-20T03:13:46.737800946Z: [    2.127613] nf_conntrack version 0.5.0 (8192 buckets, 32768 max)
[STDERR  ] 2018-12-20T03:13:46.737813057Z: [    2.133513] ctnetlink v0.93: registering with nfnetlink.
[STDERR  ] 2018-12-20T03:13:46.737826900Z: [    2.138685] nf_tables: (c) 2007-2009 Patrick McHardy <kaber@trash.net>
[STDERR  ] 2018-12-20T03:13:46.737843423Z: [    2.144766] nf_tables_compat: (c) 2012 Pablo Neira Ayuso <pablo@netfilter.org>
[STDERR  ] 2018-12-20T03:13:46.737854996Z: [    2.151155] xt_time: kernel timezone is -0000
[STDERR  ] 2018-12-20T03:13:46.737866229Z: [    2.154976] ip_set: protocol 6
[STDERR  ] 2018-12-20T03:13:46.737878267Z: [    2.157771] ipip: IPv4 and MPLS over IPv4 tunneling driver
[STDERR  ] 2018-12-20T03:13:46.737890093Z: [    2.163082] gre: GRE over IPv4 demultiplexor driver
[STDERR  ] 2018-12-20T03:13:46.737901897Z: [    2.167397] ip_tables: (C) 2000-2006 Netfilter Core Team
[STDERR  ] 2018-12-20T03:13:46.737918647Z: [    2.172341] arp_tables: arp_tables: (C) 2002 David S. Miller
[STDERR  ] 2018-12-20T03:13:46.737930271Z: [    2.177507] NET: Registered protocol family 10
[STDERR  ] 2018-12-20T03:13:46.737942205Z: [    2.181699] Segment Routing with IPv6
[STDERR  ] 2018-12-20T03:13:46.737954011Z: [    2.185215] ip6_tables: (C) 2000-2006 Netfilter Core Team
[STDERR  ] 2018-12-20T03:13:46.737969986Z: [    2.190465] NET: Registered protocol family 17
[STDERR  ] 2018-12-20T03:13:46.737981731Z: [    2.194455] Bridge firewalling registered
[STDERR  ] 2018-12-20T03:13:46.737999017Z: [    2.198215] 8021q: 802.1Q VLAN Support v1.8
[STDERR  ] 2018-12-20T03:13:46.738010523Z: [    2.201887] 9pnet: Installing 9P2000 support
[STDERR  ] 2018-12-20T03:13:46.738022419Z: [    2.205853] Key type dns_resolver registered
[STDERR  ] 2018-12-20T03:13:46.738034269Z: [    2.209762] registered taskstats version 1
[STDERR  ] 2018-12-20T03:13:46.738050850Z: [    2.221643] Key type big_key registered
[STDERR  ] 2018-12-20T03:13:46.738062598Z: [    2.228872] Key type trusted registered
[STDERR  ] 2018-12-20T03:13:46.738078341Z: [    2.236328] Key type encrypted registered
[STDERR  ] 2018-12-20T03:13:46.738090090Z: [    2.240166] ima: No TPM chip found, activating TPM-bypass! (rc=-19)
[STDERR  ] 2018-12-20T03:13:46.738101813Z: [    2.245807] ima: Allocated hash algorithm: sha256
[STDERR  ] 2018-12-20T03:13:46.738113685Z: [    2.249952] evm: HMAC attrs: 0x1
[STDERR  ] 2018-12-20T03:13:46.738130343Z: [    2.255293] rtc_cmos 00:00: setting system clock to 2018-12-20 03:13:33 UTC (1545275613)
[STDERR  ] 2018-12-20T03:13:46.738151026Z: [    2.268058] ata6: SATA link down (SStatus 0 SControl 300)
[STDERR  ] 2018-12-20T03:13:46.738163069Z: [    2.274272] ata5: SATA link down (SStatus 0 SControl 300)
[STDERR  ] 2018-12-20T03:13:46.738174808Z: [    2.280380] ata4: SATA link down (SStatus 0 SControl 300)
[STDERR  ] 2018-12-20T03:13:46.738193797Z: [    2.286410] ata3: SATA link up 1.5 Gbps (SStatus 113 SControl 300)
[STDERR  ] 2018-12-20T03:13:46.738205853Z: [    2.293356] ata2: SATA link down (SStatus 0 SControl 300)
[STDERR  ] 2018-12-20T03:13:46.738217596Z: [    2.299531] ata1: SATA link up 1.5 Gbps (SStatus 113 SControl 300)
[STDERR  ] 2018-12-20T03:13:46.738234753Z: [    2.305750] ata1.00: ATA-7: QEMU HARDDISK, 2.5+, max UDMA/100
[STDERR  ] 2018-12-20T03:13:46.738309247Z: [    2.311249] ata1.00: 1048576 sectors, multi 16: LBA48 NCQ (depth 31/32)
[STDERR  ] 2018-12-20T03:13:46.738326029Z: [    2.317664] ata1.00: applying bridge limits
[STDERR  ] 2018-12-20T03:13:46.738342617Z: [    2.322036] ata3.00: ATAPI: QEMU DVD-ROM, 2.5+, max UDMA/100
[STDERR  ] 2018-12-20T03:13:46.738365405Z: [    2.327492] ata3.00: applying bridge limits
[STDERR  ] 2018-12-20T03:13:46.738377742Z: [    2.332180] ata3.00: configured for UDMA/100
[STDERR  ] 2018-12-20T03:13:46.738395695Z: [    2.337453] ata1.00: configured for UDMA/100
[STDERR  ] 2018-12-20T03:13:46.738407392Z: [    2.341715] scsi 0:0:0:0: Direct-Access     ATA      QEMU HARDDISK    2.5+ PQ: 0 ANSI: 5
[STDERR  ] 2018-12-20T03:13:46.738423139Z: [    2.349600] sd 0:0:0:0: [sda] 1048576 512-byte logical blocks: (537 MB/512 MiB)
[STDERR  ] 2018-12-20T03:13:46.738437384Z: [    2.356685] sd 0:0:0:0: Attached scsi generic sg0 type 0
[STDERR  ] 2018-12-20T03:13:46.738449615Z: [    2.361958] sd 0:0:0:0: [sda] Write Protect is off
[STDERR  ] 2018-12-20T03:13:46.738467776Z: [    2.367079] scsi 2:0:0:0: CD-ROM            QEMU     QEMU DVD-ROM     2.5+ PQ: 0 ANSI: 5
[STDERR  ] 2018-12-20T03:13:46.738479668Z: [    2.374838] sd 0:0:0:0: [sda] Write cache: enabled, read cache: enabled, doesn't support DPO or FUA
[STDERR  ] 2018-12-20T03:13:46.738491809Z: [    2.385315] sd 0:0:0:0: [sda] Attached SCSI disk
[STDERR  ] 2018-12-20T03:13:46.738511678Z: [    2.399131] sr 2:0:0:0: [sr0] scsi3-mmc drive: 4x/4x cd/rw xa/form2 tray
[STDERR  ] 2018-12-20T03:13:46.738527385Z: [    2.405611] cdrom: Uniform CD-ROM driver Revision: 3.20
[STDERR  ] 2018-12-20T03:13:46.738543306Z: [    2.411259] sr 2:0:0:0: Attached scsi generic sg1 type 5
[STDERR  ] 2018-12-20T03:13:46.738555054Z: [    2.418283] Freeing unused kernel memory: 1532K
[STDERR  ] 2018-12-20T03:13:46.738567314Z: [    2.424123] Write protecting the kernel read-only data: 18432k
[STDERR  ] 2018-12-20T03:13:46.738584913Z: [    2.430632] Freeing unused kernel memory: 2024K
[STDERR  ] 2018-12-20T03:13:46.738599123Z: [    2.437858] Freeing unused kernel memory: 1132K
[STDERR  ] 2018-12-20T03:13:46.738615300Z: 
[STDERR  ] 2018-12-20T03:13:46.738627519Z: Welcome to LinuxKit
[STDERR  ] 2018-12-20T03:13:46.738645119Z: 
[STDERR  ] 2018-12-20T03:13:46.738656860Z:                         ##         .
[STDERR  ] 2018-12-20T03:13:46.738668877Z:                   ## ## ##        ==
[STDERR  ] 2018-12-20T03:13:46.738684464Z:                ## ## ## ## ##    ===
[STDERR  ] 2018-12-20T03:13:46.738695980Z:            /"""""""""""""""""\___/ ===
[STDERR  ] 2018-12-20T03:13:46.738711224Z:           {                       /  ===-
[STDERR  ] 2018-12-20T03:13:46.738722694Z:            \______ O           __/
[STDERR  ] 2018-12-20T03:13:46.738734383Z:              \    \         __/
[STDERR  ] 2018-12-20T03:13:46.738758682Z:               \____\_______/
[STDERR  ] 2018-12-20T03:13:46.738774836Z: 
[STDERR  ] 2018-12-20T03:13:46.738786399Z: [    3.223113]  sda:
[STDERR  ] 2018-12-20T03:13:46.738800466Z: [    3.233221]  sda:
[STDERR  ] 2018-12-20T03:13:46.738816553Z: [    3.500995]  sda: sda1
[STDERR  ] 2018-12-20T03:13:46.738828386Z: [    3.506673]  sda: sda1
[STDERR  ] 2018-12-20T03:13:46.738840433Z: 2018/12/20 03:13:33 Creating partition on /dev/sda
[STDERR  ] 2018-12-20T03:13:46.738860906Z: 2018/12/20 03:13:34 Partition /dev/sda1 successfully created!
[STDERR  ] 2018-12-20T03:13:46.738872902Z: [    4.771071] EXT4-fs (sda1): mounted filesystem with ordered data mode. Opts: (null)
[STDERR  ] 2018-12-20T03:13:46.738888684Z: format_mount test suite PASSED
[STDERR  ] 2018-12-20T03:13:46.738905433Z: [   15.013346] sd 0:0:0:0: [sda] Synchronizing SCSI cache
[STDERR  ] 2018-12-20T03:13:46.738917083Z: [   15.018844] sd 0:0:0:0: [sda] Stopping disk
[STDERR  ] 2018-12-20T03:13:46.738932559Z: [   15.024250] ACPI: Preparing to enter system sleep state S5
[STDERR  ] 2018-12-20T03:13:46.738943998Z: [   15.030098] reboot: Power down
[STDERR  ] 2018-12-20T03:13:46.738955886Z: + grep -q suite PASSED
[STDOUT  ] 2018-12-20T03:13:46.738983052Z: [    0.000000] Linux version 4.14.88-linuxkit (root@e9515dce7e93) (gcc version 6.4.0 (Alpine 6.4.0)) #1 SMP Thu Dec 13 23:53:55 UTC 2018
[STDOUT  ] 2018-12-20T03:13:46.739015151Z: [    0.000000] Command line: console=ttyS0 console=ttyAMA0
[STDOUT  ] 2018-12-20T03:13:46.739023441Z: [    0.000000] x86/fpu: x87 FPU will use FXSAVE
[STDOUT  ] 2018-12-20T03:13:46.739032014Z: [    0.000000] e820: BIOS-provided physical RAM map:
[STDOUT  ] 2018-12-20T03:13:46.739040119Z: [    0.000000] BIOS-e820: [mem 0x0000000000000000-0x000000000009fbff] usable
[STDOUT  ] 2018-12-20T03:13:46.739048114Z: [    0.000000] BIOS-e820: [mem 0x000000000009fc00-0x000000000009ffff] reserved
[STDOUT  ] 2018-12-20T03:13:46.739056043Z: [    0.000000] BIOS-e820: [mem 0x00000000000f0000-0x00000000000fffff] reserved
[STDOUT  ] 2018-12-20T03:13:46.739064013Z: [    0.000000] BIOS-e820: [mem 0x0000000000100000-0x000000003ffdefff] usable
[STDOUT  ] 2018-12-20T03:13:46.739072061Z: [    0.000000] BIOS-e820: [mem 0x000000003ffdf000-0x000000003fffffff] reserved
[STDOUT  ] 2018-12-20T03:13:46.739080428Z: [    0.000000] BIOS-e820: [mem 0x00000000b0000000-0x00000000bfffffff] reserved
[STDOUT  ] 2018-12-20T03:13:46.739088375Z: [    0.000000] BIOS-e820: [mem 0x00000000fed1c000-0x00000000fed1ffff] reserved
[STDOUT  ] 2018-12-20T03:13:46.739096340Z: [    0.000000] BIOS-e820: [mem 0x00000000feffc000-0x00000000feffffff] reserved
[STDOUT  ] 2018-12-20T03:13:46.739104322Z: [    0.000000] BIOS-e820: [mem 0x00000000fffc0000-0x00000000ffffffff] reserved
[STDOUT  ] 2018-12-20T03:13:46.739112359Z: [    0.000000] NX (Execute Disable) protection: active
[STDOUT  ] 2018-12-20T03:13:46.739120402Z: [    0.000000] SMBIOS 2.8 present.
[STDOUT  ] 2018-12-20T03:13:46.739128509Z: [    0.000000] DMI: QEMU Standard PC (Q35 + ICH9, 2009), BIOS 1.10.2-1 04/01/2014
[STDOUT  ] 2018-12-20T03:13:46.739136432Z: [    0.000000] Hypervisor detected: KVM
[STDOUT  ] 2018-12-20T03:13:46.739145477Z: [    0.000000] tsc: Fast TSC calibration failed
[STDOUT  ] 2018-12-20T03:13:46.739153852Z: [    0.000000] tsc: Unable to calibrate against PIT
[STDOUT  ] 2018-12-20T03:13:46.739161674Z: [    0.000000] tsc: No reference (HPET/PMTIMER) available
[STDOUT  ] 2018-12-20T03:13:46.739169143Z: [    0.000000] e820: last_pfn = 0x3ffdf max_arch_pfn = 0x400000000
[STDOUT  ] 2018-12-20T03:13:46.739176738Z: [    0.000000] x86/PAT: PAT not supported by CPU.
[STDOUT  ] 2018-12-20T03:13:46.739184164Z: [    0.000000] x86/PAT: Configuration [0-7]: WB  WT  UC- UC  WB  WT  UC- UC  
[STDOUT  ] 2018-12-20T03:13:46.739191644Z: [    0.000000] found SMP MP-table at [mem 0x000f6a90-0x000f6a9f] mapped at [ffffffffff200a90]
[STDOUT  ] 2018-12-20T03:13:46.739199271Z: [    0.000000] RAMDISK: [mem 0x3db68000-0x3ffcffff]
[STDOUT  ] 2018-12-20T03:13:46.739206751Z: [    0.000000] ACPI: Early table checksum verification disabled
[STDOUT  ] 2018-12-20T03:13:46.739214133Z: [    0.000000] ACPI: RSDP 0x00000000000F68D0 000014 (v00 BOCHS )
[STDOUT  ] 2018-12-20T03:13:46.739221804Z: [    0.000000] ACPI: RSDT 0x000000003FFE2404 000034 (v01 BOCHS  BXPCRSDT 00000001 BXPC 00000001)
[STDOUT  ] 2018-12-20T03:13:46.739229584Z: [    0.000000] ACPI: FACP 0x000000003FFE22A4 000074 (v01 BOCHS  BXPCFACP 00000001 BXPC 00000001)
[STDOUT  ] 2018-12-20T03:13:46.739240862Z: [    0.000000] ACPI: DSDT 0x000000003FFE0040 002264 (v01 BOCHS  BXPCDSDT 00000001 BXPC 00000001)
[STDOUT  ] 2018-12-20T03:13:46.739256399Z: [    0.000000] ACPI: FACS 0x000000003FFE0000 000040
[STDOUT  ] 2018-12-20T03:13:46.739264729Z: [    0.000000] ACPI: APIC 0x000000003FFE2318 000078 (v01 BOCHS  BXPCAPIC 00000001 BXPC 00000001)
[STDOUT  ] 2018-12-20T03:13:46.739273424Z: [    0.000000] ACPI: HPET 0x000000003FFE2390 000038 (v01 BOCHS  BXPCHPET 00000001 BXPC 00000001)
[STDOUT  ] 2018-12-20T03:13:46.739285416Z: [    0.000000] ACPI: MCFG 0x000000003FFE23C8 00003C (v01 BOCHS  BXPCMCFG 00000001 BXPC 00000001)
[STDOUT  ] 2018-12-20T03:13:46.739293982Z: [    0.000000] kvm-clock: Using msrs 4b564d01 and 4b564d00
[STDOUT  ] 2018-12-20T03:13:46.739305449Z: [    0.000000] kvm-clock: cpu 0, msr 0:3ffdd001, primary cpu clock
[STDOUT  ] 2018-12-20T03:13:46.739315904Z: [    0.000000] clocksource: kvm-clock: mask: 0xffffffffffffffff max_cycles: 0x1cd42e4dffb, max_idle_ns: 881590591483 ns
[STDOUT  ] 2018-12-20T03:13:46.739329182Z: [    0.000000] Zone ranges:
[STDOUT  ] 2018-12-20T03:13:46.739338437Z: [    0.000000]   DMA      [mem 0x0000000000001000-0x0000000000ffffff]
[STDOUT  ] 2018-12-20T03:13:46.739346189Z: [    0.000000]   DMA32    [mem 0x0000000001000000-0x000000003ffdefff]
[STDOUT  ] 2018-12-20T03:13:46.739367135Z: [    0.000000]   Normal   empty
[STDOUT  ] 2018-12-20T03:13:46.739375673Z: [    0.000000]   Device   empty
[STDOUT  ] 2018-12-20T03:13:46.739383897Z: [    0.000000] Movable zone start for each node
[STDOUT  ] 2018-12-20T03:13:46.739396258Z: [    0.000000] Early memory node ranges
[STDOUT  ] 2018-12-20T03:13:46.739404449Z: [    0.000000]   node   0: [mem 0x0000000000001000-0x000000000009efff]
[STDOUT  ] 2018-12-20T03:13:46.739412534Z: [    0.000000]   node   0: [mem 0x0000000000100000-0x000000003ffdefff]
[STDOUT  ] 2018-12-20T03:13:46.739420627Z: [    0.000000] Initmem setup node 0 [mem 0x0000000000001000-0x000000003ffdefff]
[STDOUT  ] 2018-12-20T03:13:46.739428966Z: [    0.000000] ACPI: PM-Timer IO Port: 0x608
[STDOUT  ] 2018-12-20T03:13:46.739437331Z: [    0.000000] ACPI: LAPIC_NMI (acpi_id[0xff] dfl dfl lint[0x1])
[STDOUT  ] 2018-12-20T03:13:46.739445426Z: [    0.000000] IOAPIC[0]: apic_id 0, version 17, address 0xfec00000, GSI 0-23
[STDOUT  ] 2018-12-20T03:13:46.739453672Z: [    0.000000] ACPI: INT_SRC_OVR (bus 0 bus_irq 0 global_irq 2 dfl dfl)
[STDOUT  ] 2018-12-20T03:13:46.739461793Z: [    0.000000] ACPI: INT_SRC_OVR (bus 0 bus_irq 5 global_irq 5 high level)
[STDOUT  ] 2018-12-20T03:13:46.739469855Z: [    0.000000] ACPI: INT_SRC_OVR (bus 0 bus_irq 9 global_irq 9 high level)
[STDOUT  ] 2018-12-20T03:13:46.739477884Z: [    0.000000] ACPI: INT_SRC_OVR (bus 0 bus_irq 10 global_irq 10 high level)
[STDOUT  ] 2018-12-20T03:13:46.739485936Z: [    0.000000] ACPI: INT_SRC_OVR (bus 0 bus_irq 11 global_irq 11 high level)
[STDOUT  ] 2018-12-20T03:13:46.739493971Z: [    0.000000] Using ACPI (MADT) for SMP configuration information
[STDOUT  ] 2018-12-20T03:13:46.739501978Z: [    0.000000] ACPI: HPET id: 0x8086a201 base: 0xfed00000
[STDOUT  ] 2018-12-20T03:13:46.739510126Z: [    0.000000] smpboot: Allowing 1 CPUs, 0 hotplug CPUs
[STDOUT  ] 2018-12-20T03:13:46.739520489Z: [    0.000000] e820: [mem 0x40000000-0xafffffff] available for PCI devices
[STDOUT  ] 2018-12-20T03:13:46.739529679Z: [    0.000000] Booting paravirtualized kernel on KVM
[STDOUT  ] 2018-12-20T03:13:46.739538128Z: [    0.000000] clocksource: refined-jiffies: mask: 0xffffffff max_cycles: 0xffffffff, max_idle_ns: 1910969940391419 ns
[STDOUT  ] 2018-12-20T03:13:46.739546854Z: [    0.000000] random: get_random_bytes called from start_kernel+0x92/0x4d1 with crng_init=0
[STDOUT  ] 2018-12-20T03:13:46.739554965Z: [    0.000000] setup_percpu: NR_CPUS:128 nr_cpumask_bits:128 nr_cpu_ids:1 nr_node_ids:1
[STDOUT  ] 2018-12-20T03:13:46.739563103Z: [    0.000000] percpu: Embedded 45 pages/cpu @ffff94793d800000 s144216 r8192 d31912 u2097152
[STDOUT  ] 2018-12-20T03:13:46.739570929Z: [    0.000000] KVM setup async PF for cpu 0
[STDOUT  ] 2018-12-20T03:13:46.739582931Z: [    0.000000] kvm-stealtime: cpu 0, msr 3d815f40
[STDOUT  ] 2018-12-20T03:13:46.739591310Z: [    0.000000] Built 1 zonelists, mobility grouping on.  Total pages: 257896
[STDOUT  ] 2018-12-20T03:13:46.739601465Z: [    0.000000] Kernel command line: console=ttyS0 console=ttyAMA0
[STDOUT  ] 2018-12-20T03:13:46.739609926Z: [    0.000000] PID hash table entries: 4096 (order: 3, 32768 bytes)
[STDOUT  ] 2018-12-20T03:13:46.739618931Z: [    0.000000] Dentry cache hash table entries: 131072 (order: 8, 1048576 bytes)
[STDOUT  ] 2018-12-20T03:13:46.739627841Z: [    0.000000] Inode-cache hash table entries: 65536 (order: 7, 524288 bytes)
[STDOUT  ] 2018-12-20T03:13:46.739635746Z: [    0.000000] Memory: 967584K/1048052K available (12300K kernel code, 1445K rwdata, 2964K rodata, 1532K init, 580K bss, 80468K reserved, 0K cma-reserved)
[STDOUT  ] 2018-12-20T03:13:46.739645412Z: [    0.000000] Kernel/User page tables isolation: enabled
[STDOUT  ] 2018-12-20T03:13:46.739659105Z: [    0.000000] ftrace: allocating 40620 entries in 159 pages
[STDOUT  ] 2018-12-20T03:13:46.739667443Z: [    0.001000] Hierarchical RCU implementation.
[STDOUT  ] 2018-12-20T03:13:46.739675558Z: [    0.001000] 	RCU restricting CPUs from NR_CPUS=128 to nr_cpu_ids=1.
[STDOUT  ] 2018-12-20T03:13:46.739683584Z: [    0.001000] RCU: Adjusting geometry for rcu_fanout_leaf=16, nr_cpu_ids=1
[STDOUT  ] 2018-12-20T03:13:46.739691753Z: [    0.001000] NR_IRQS: 8448, nr_irqs: 256, preallocated irqs: 16
[STDOUT  ] 2018-12-20T03:13:46.739699886Z: [    0.001000] Console: colour VGA+ 80x25
[STDOUT  ] 2018-12-20T03:13:46.739710309Z: [    0.001000] console [ttyS0] enabled
[STDOUT  ] 2018-12-20T03:13:46.739718379Z: [    0.001000] clocksource: hpet: mask: 0xffffffff max_cycles: 0xffffffff, max_idle_ns: 19112604467 ns
[STDOUT  ] 2018-12-20T03:13:46.739726847Z: [    0.001025] tsc: Detected 2299.932 MHz processor
[STDOUT  ] 2018-12-20T03:13:46.739737362Z: [    0.002025] Calibrating delay loop (skipped) preset value.. 4599.86 BogoMIPS (lpj=2299932)
[STDOUT  ] 2018-12-20T03:13:46.739746740Z: [    0.003034] pid_max: default: 32768 minimum: 301
[STDOUT  ] 2018-12-20T03:13:46.739755680Z: [    0.004057] ACPI: Core revision 20170728
[STDOUT  ] 2018-12-20T03:13:46.739763418Z: [    0.006746] ACPI: 1 ACPI AML tables successfully acquired and loaded
[STDOUT  ] 2018-12-20T03:13:46.739772845Z: [    0.007111] Security Framework initialized
[STDOUT  ] 2018-12-20T03:13:46.739780950Z: [    0.008024] Yama: becoming mindful.
[STDOUT  ] 2018-12-20T03:13:46.739788475Z: [    0.009064] Mount-cache hash table entries: 2048 (order: 2, 16384 bytes)
[STDOUT  ] 2018-12-20T03:13:46.739795636Z: [    0.010027] Mountpoint-cache hash table entries: 2048 (order: 2, 16384 bytes)
[STDOUT  ] 2018-12-20T03:13:46.739803057Z: [    0.013062] Last level iTLB entries: 4KB 0, 2MB 0, 4MB 0
[STDOUT  ] 2018-12-20T03:13:46.739811632Z: [    0.015023] Last level dTLB entries: 4KB 0, 2MB 0, 4MB 0, 1GB 0
[STDOUT  ] 2018-12-20T03:13:46.739820269Z: [    0.016023] Spectre V2 : Mitigation: Full generic retpoline
[STDOUT  ] 2018-12-20T03:13:46.739828274Z: [    0.017022] Spectre V2 : Spectre v2 / SpectreRSB mitigation: Filling RSB on context switch
[STDOUT  ] 2018-12-20T03:13:46.739836659Z: [    0.018023] Speculative Store Bypass: Vulnerable
[STDOUT  ] 2018-12-20T03:13:46.739845463Z: [    0.025620] Freeing SMP alternatives memory: 20K
[STDOUT  ] 2018-12-20T03:13:46.739853956Z: [    0.026543] smpboot: Max logical packages: 1
[STDOUT  ] 2018-12-20T03:13:46.739861842Z: [    0.030446] x2apic enabled
[STDOUT  ] 2018-12-20T03:13:46.739870266Z: [    0.031023] Switched APIC routing to physical x2apic.
[STDOUT  ] 2018-12-20T03:13:46.739878341Z: [    0.043837] ..TIMER: vector=0x30 apic1=0 pin1=2 apic2=-1 pin2=-1
[STDOUT  ] 2018-12-20T03:13:46.739886264Z: [    0.044000] smpboot: CPU0: Intel QEMU Virtual CPU version 2.5+ (family: 0x6, model: 0x6, stepping: 0x3)
[STDOUT  ] 2018-12-20T03:13:46.739894526Z: [    0.044130] Performance Events: PMU not available due to virtualization, using software events only.
[STDOUT  ] 2018-12-20T03:13:46.739903110Z: [    0.046386] Hierarchical SRCU implementation.
[STDOUT  ] 2018-12-20T03:13:46.739915785Z: [    0.047122] NMI watchdog: Perf event create on CPU 0 failed with -2
[STDOUT  ] 2018-12-20T03:13:46.739923932Z: [    0.048005] NMI watchdog: Perf NMI watchdog permanently disabled
[STDOUT  ] 2018-12-20T03:13:46.739931786Z: [    0.049069] smp: Bringing up secondary CPUs ...
[STDOUT  ] 2018-12-20T03:13:46.739940100Z: [    0.050006] smp: Brought up 1 node, 1 CPU
[STDOUT  ] 2018-12-20T03:13:46.739951786Z: [    0.052004] smpboot: Total of 1 processors activated (4599.86 BogoMIPS)
[STDOUT  ] 2018-12-20T03:13:46.739959845Z: [    0.055197] devtmpfs: initialized
[STDOUT  ] 2018-12-20T03:13:46.739968391Z: [    0.056071] x86/mm: Memory block size: 128MB
[STDOUT  ] 2018-12-20T03:13:46.739979074Z: [    0.057229] evm: security.ima
[STDOUT  ] 2018-12-20T03:13:46.739987054Z: [    0.058010] evm: security.capability
[STDOUT  ] 2018-12-20T03:13:46.739994977Z: [    0.059177] clocksource: jiffies: mask: 0xffffffff max_cycles: 0xffffffff, max_idle_ns: 1911260446275000 ns
[STDOUT  ] 2018-12-20T03:13:46.740008039Z: [    0.060011] futex hash table entries: 256 (order: 2, 16384 bytes)
[STDOUT  ] 2018-12-20T03:13:46.740016701Z: [    0.061223] NET: Registered protocol family 16
[STDOUT  ] 2018-12-20T03:13:46.740025293Z: [    0.062236] cpuidle: using governor ladder
[STDOUT  ] 2018-12-20T03:13:46.740033991Z: [    0.063006] cpuidle: using governor menu
[STDOUT  ] 2018-12-20T03:13:46.740042449Z: [    0.064149] ACPI: bus type PCI registered
[STDOUT  ] 2018-12-20T03:13:46.740055389Z: [    0.065497] PCI: MMCONFIG for domain 0000 [bus 00-ff] at [mem 0xb0000000-0xbfffffff] (base 0xb0000000)
[STDOUT  ] 2018-12-20T03:13:46.740064383Z: [    0.066008] PCI: MMCONFIG at [mem 0xb0000000-0xbfffffff] reserved in E820
[STDOUT  ] 2018-12-20T03:13:46.740072924Z: [    0.067024] PCI: Using configuration type 1 for base access
[STDOUT  ] 2018-12-20T03:13:46.740084640Z: [    0.070627] HugeTLB registered 2.00 MiB page size, pre-allocated 0 pages
[STDOUT  ] 2018-12-20T03:13:46.740093771Z: [    0.071282] ACPI: Added _OSI(Module Device)
[STDOUT  ] 2018-12-20T03:13:46.740102326Z: [    0.072018] ACPI: Added _OSI(Processor Device)
[STDOUT  ] 2018-12-20T03:13:46.740110761Z: [    0.073005] ACPI: Added _OSI(3.0 _SCP Extensions)
[STDOUT  ] 2018-12-20T03:13:46.740119203Z: [    0.074004] ACPI: Added _OSI(Processor Aggregator Device)
[STDOUT  ] 2018-12-20T03:13:46.740127336Z: [    0.079933] ACPI: Interpreter enabled
[STDOUT  ] 2018-12-20T03:13:46.740135700Z: [    0.080016] ACPI: (supports S0 S5)
[STDOUT  ] 2018-12-20T03:13:46.740144169Z: [    0.081004] ACPI: Using IOAPIC for interrupt routing
[STDOUT  ] 2018-12-20T03:13:46.740152720Z: [    0.082059] PCI: Using host bridge windows from ACPI; if necessary, use "pci=nocrs" and report a bug
[STDOUT  ] 2018-12-20T03:13:46.740161119Z: [    0.083429] ACPI: Enabled 2 GPEs in block 00 to 3F
[STDOUT  ] 2018-12-20T03:13:46.740168898Z: [    0.088932] ACPI: PCI Root Bridge [PCI0] (domain 0000 [bus 00-ff])
[STDOUT  ] 2018-12-20T03:13:46.740177292Z: [    0.089014] acpi PNP0A08:00: _OSC: OS supports [ExtendedConfig ASPM ClockPM Segments MSI]
[STDOUT  ] 2018-12-20T03:13:46.740186276Z: [    0.091036] acpi PNP0A08:00: _OSC: OS now controls [PCIeHotplug PME PCIeCapability]
[STDOUT  ] 2018-12-20T03:13:46.740195321Z: [    0.092074] PCI host bridge to bus 0000:00
[STDOUT  ] 2018-12-20T03:13:46.740203440Z: [    0.093007] pci_bus 0000:00: root bus resource [io  0x0000-0x0cf7 window]
[STDOUT  ] 2018-12-20T03:13:46.740211879Z: [    0.094007] pci_bus 0000:00: root bus resource [io  0x0d00-0xffff window]
[STDOUT  ] 2018-12-20T03:13:46.740220936Z: [    0.095007] pci_bus 0000:00: root bus resource [mem 0x000a0000-0x000bffff window]
[STDOUT  ] 2018-12-20T03:13:46.740230019Z: [    0.096007] pci_bus 0000:00: root bus resource [mem 0xc0000000-0xfebfffff window]
[STDOUT  ] 2018-12-20T03:13:46.740238808Z: [    0.097006] pci_bus 0000:00: root bus resource [bus 00-ff]
[STDOUT  ] 2018-12-20T03:13:46.740258360Z: [    0.165821] pci 0000:00:1f.0: quirk: [io  0x0600-0x067f] claimed by ICH6 ACPI/GPIO/TCO
[STDOUT  ] 2018-12-20T03:13:46.740271722Z: [    0.193593] ACPI: PCI Interrupt Link [LNKA] (IRQs 5 *10 11)
[STDOUT  ] 2018-12-20T03:13:46.740280048Z: [    0.194323] ACPI: PCI Interrupt Link [LNKB] (IRQs 5 *10 11)
[STDOUT  ] 2018-12-20T03:13:46.740289342Z: [    0.196241] ACPI: PCI Interrupt Link [LNKC] (IRQs 5 10 *11)
[STDOUT  ] 2018-12-20T03:13:46.740297905Z: [    0.197363] ACPI: PCI Interrupt Link [LNKD] (IRQs 5 10 *11)
[STDOUT  ] 2018-12-20T03:13:46.740306574Z: [    0.200362] ACPI: PCI Interrupt Link [LNKE] (IRQs 5 *10 11)
[STDOUT  ] 2018-12-20T03:13:46.740315168Z: [    0.202232] ACPI: PCI Interrupt Link [LNKF] (IRQs 5 *10 11)
[STDOUT  ] 2018-12-20T03:13:46.740324054Z: [    0.203301] ACPI: PCI Interrupt Link [LNKG] (IRQs 5 10 *11)
[STDOUT  ] 2018-12-20T03:13:46.740332475Z: [    0.204308] ACPI: PCI Interrupt Link [LNKH] (IRQs 5 10 *11)
[STDOUT  ] 2018-12-20T03:13:46.740341815Z: [    0.205149] ACPI: PCI Interrupt Link [GSIA] (IRQs *16)
[STDOUT  ] 2018-12-20T03:13:46.740366204Z: [    0.206020] ACPI: PCI Interrupt Link [GSIB] (IRQs *17)
[STDOUT  ] 2018-12-20T03:13:46.740375368Z: [    0.207020] ACPI: PCI Interrupt Link [GSIC] (IRQs *18)
[STDOUT  ] 2018-12-20T03:13:46.740383966Z: [    0.208022] ACPI: PCI Interrupt Link [GSID] (IRQs *19)
[STDOUT  ] 2018-12-20T03:13:46.740392814Z: [    0.209021] ACPI: PCI Interrupt Link [GSIE] (IRQs *20)
[STDOUT  ] 2018-12-20T03:13:46.740401124Z: [    0.210019] ACPI: PCI Interrupt Link [GSIF] (IRQs *21)
[STDOUT  ] 2018-12-20T03:13:46.740412365Z: [    0.211057] ACPI: PCI Interrupt Link [GSIG] (IRQs *22)
[STDOUT  ] 2018-12-20T03:13:46.740420250Z: [    0.212021] ACPI: PCI Interrupt Link [GSIH] (IRQs *23)
[STDOUT  ] 2018-12-20T03:13:46.740457291Z: [    0.213377] SCSI subsystem initialized
[STDOUT  ] 2018-12-20T03:13:46.740466490Z: [    0.214105] ACPI: bus type USB registered
[STDOUT  ] 2018-12-20T03:13:46.740474431Z: [    0.215036] usbcore: registered new interface driver usbfs
[STDERR  ] 2018-12-20T03:13:46.740470623Z: + echo [    0.000000] Linux version 4.14.88-linuxkit (root@e9515dce7e93) (gcc version 6.4.0 (Alpine 6.4.0)) #1 SMP Thu Dec 13 23:53:55 UTC 2018
[STDERR  ] 2018-12-20T03:13:46.740508489Z: [    0.000000] Command line: console=ttyS0 console=ttyAMA0
[STDERR  ] 2018-12-20T03:13:46.740521427Z: [    0.000000] x86/fpu: x87 FPU will use FXSAVE
[STDERR  ] 2018-12-20T03:13:46.740533660Z: [    0.000000] e820: BIOS-provided physical RAM map:
[STDERR  ] 2018-12-20T03:13:46.740545763Z: [    0.000000] BIOS-e820: [mem 0x0000000000000000-0x000000000009fbff] usable
[STDOUT  ] 2018-12-20T03:13:46.740568971Z: [    0.216026] usbcore: registered new interface driver hub
[STDOUT  ] 2018-12-20T03:13:46.740577342Z: [    0.217039] usbcore: registered new device driver usb
[STDOUT  ] 2018-12-20T03:13:46.740585727Z: [    0.218036] pps_core: LinuxPPS API ver. 1 registered
[STDOUT  ] 2018-12-20T03:13:46.740594737Z: [    0.219004] pps_core: Software ver. 5.3.6 - Copyright 2005-2007 Rodolfo Giometti <giometti@linux.it>
[STDOUT  ] 2018-12-20T03:13:46.740604379Z: [    0.220016] PTP clock support registered
[STDOUT  ] 2018-12-20T03:13:46.740612763Z: [    0.221089] PCI: Using ACPI for IRQ routing
[STDOUT  ] 2018-12-20T03:13:46.740621523Z: [    0.700206] NetLabel: Initializing
[STDOUT  ] 2018-12-20T03:13:46.740630166Z: [    0.701004] NetLabel:  domain hash size = 128
[STDOUT  ] 2018-12-20T03:13:46.740638251Z: [    0.702003] NetLabel:  protocols = UNLABELED CIPSOv4 CALIPSO
[STDOUT  ] 2018-12-20T03:13:46.740647720Z: [    0.703040] NetLabel:  unlabeled traffic allowed by default
[STDOUT  ] 2018-12-20T03:13:46.740656417Z: [    0.705116] HPET: 3 timers in total, 0 timers will be used for per-cpu timer
[STDOUT  ] 2018-12-20T03:13:46.740668396Z: [    0.707039] hpet0: at MMIO 0xfed00000, IRQs 2, 8, 0
[STDERR  ] 2018-12-20T03:13:46.740559064Z: [    0.000000] BIOS-e820: [mem 0x000000000009fc00-0x000000000009ffff] reserved
[STDERR  ] 2018-12-20T03:13:46.740694976Z: [    0.000000] BIOS-e820: [mem 0x00000000000f0000-0x00000000000fffff] reserved
[STDERR  ] 2018-12-20T03:13:46.740707074Z: [    0.000000] BIOS-e820: [mem 0x0000000000100000-0x000000003ffdefff] usable
[STDERR  ] 2018-12-20T03:13:46.740719131Z: [    0.000000] BIOS-e820: [mem 0x000000003ffdf000-0x000000003fffffff] reserved
[STDERR  ] 2018-12-20T03:13:46.740736129Z: [    0.000000] BIOS-e820: [mem 0x00000000b0000000-0x00000000bfffffff] reserved
[STDOUT  ] 2018-12-20T03:13:46.740755333Z: [    0.708004] hpet0: 3 comparators, 64-bit 100.000000 MHz counter
[STDOUT  ] 2018-12-20T03:13:46.740764340Z: [    0.711040] clocksource: Switched to clocksource kvm-clock
[STDOUT  ] 2018-12-20T03:13:46.740772964Z: [    0.735926] VFS: Disk quotas dquot_6.6.0
[STDERR  ] 2018-12-20T03:13:46.740788544Z: [    0.000000] BIOS-e820: [mem 0x00000000fed1c000-0x00000000fed1ffff] reserved
[STDERR  ] 2018-12-20T03:13:46.740801657Z: [    0.000000] BIOS-e820: [mem 0x00000000feffc000-0x00000000feffffff] reserved
[STDERR  ] 2018-12-20T03:13:46.740813196Z: [    0.000000] BIOS-e820: [mem 0x00000000fffc0000-0x00000000ffffffff] reserved
[STDERR  ] 2018-12-20T03:13:46.740831952Z: [    0.000000] NX (Execute Disable) protection: active
[STDERR  ] 2018-12-20T03:13:46.740844439Z: [    0.000000] SMBIOS 2.8 present.
[STDOUT  ] 2018-12-20T03:13:46.740847091Z: [    0.739865] VFS: Dquot-cache hash table entries: 512 (order 0, 4096 bytes)
[STDOUT  ] 2018-12-20T03:13:46.740856507Z: [    0.746645] FS-Cache: Loaded
[STDERR  ] 2018-12-20T03:13:46.740857233Z: [    0.000000] DMI: QEMU Standard PC (Q35 + ICH9, 2009), BIOS 1.10.2-1 04/01/2014
[STDOUT  ] 2018-12-20T03:13:46.740866390Z: [    0.749563] CacheFiles: Loaded
[STDERR  ] 2018-12-20T03:13:46.740869069Z: [    0.000000] Hypervisor detected: KVM
[STDERR  ] 2018-12-20T03:13:46.740919587Z: [    0.000000] tsc: Fast TSC calibration failed
[STDERR  ] 2018-12-20T03:13:46.740931022Z: [    0.000000] tsc: Unable to calibrate against PIT
[STDOUT  ] 2018-12-20T03:13:46.740941360Z: [    0.752555] pnp: PnP ACPI init
[STDOUT  ] 2018-12-20T03:13:46.740950640Z: [    0.756727] pnp: PnP ACPI: found 5 devices
[STDOUT  ] 2018-12-20T03:13:46.740958844Z: [    0.767056] clocksource: acpi_pm: mask: 0xffffff max_cycles: 0xffffff, max_idle_ns: 2085701024 ns
[STDOUT  ] 2018-12-20T03:13:46.740968107Z: [    0.775595] NET: Registered protocol family 2
[STDERR  ] 2018-12-20T03:13:46.740943273Z: [    0.000000] tsc: No reference (HPET/PMTIMER) available
[STDERR  ] 2018-12-20T03:13:46.740982601Z: [    0.000000] e820: last_pfn = 0x3ffdf max_arch_pfn = 0x400000000
[STDERR  ] 2018-12-20T03:13:46.740996557Z: [    0.000000] x86/PAT: PAT not supported by CPU.
