[INFO    ] 2019-05-07T17:25:49.922921492Z: Running Test linuxkit.packages.extend.ext4 in /tmp/with_clone3fdfafb9/test/cases/040_packages/005_extend/000_ext4
[STDOUT  ] 2019-05-07T17:25:49.922990543Z: [    0.471000] APIC calibration not consistent with PM-Timer: 102ms instead of 100ms
[STDOUT  ] 2019-05-07T17:25:49.923017271Z: [    0.471000] APIC delta adjusted to PM-Timer: 6250020 (6436340)
[STDOUT  ] 2019-05-07T17:25:49.923037866Z: [    0.471678] smpboot: CPU0: AMD QEMU Virtual CPU version 2.5+ (family: 0x6, model: 0x6, stepping: 0x3)
[STDOUT  ] 2019-05-07T17:25:49.923057739Z: [    0.478801] Performance Events: PMU not available due to virtualization, using software events only.
[STDOUT  ] 2019-05-07T17:25:49.923078812Z: [    0.482438] Hierarchical SRCU implementation.
[STDERR  ] 2019-05-07T17:25:49.923076346Z: [    0.000000] Movable zone start for each node
[STDERR  ] 2019-05-07T17:25:49.923124328Z: [    0.000000] Early memory node ranges
[STDERR  ] 2019-05-07T17:25:49.923145552Z: [    0.000000]   node   0: [mem 0x0000000000001000-0x000000000009efff]
[STDERR  ] 2019-05-07T17:25:49.923165868Z: [    0.000000]   node   0: [mem 0x0000000000100000-0x000000003ffdefff]
[STDERR  ] 2019-05-07T17:25:49.923185979Z: [    0.000000] Initmem setup node 0 [mem 0x0000000000001000-0x000000003ffdefff]
[STDERR  ] 2019-05-07T17:25:49.923210408Z: [    0.000000] ACPI: PM-Timer IO Port: 0x608
[INFO    ] 2019-05-07T17:25:49.923229329Z: Running command: [/bin/sh -x /tmp/with_clone3fdfafb9/test/cases/040_packages/005_extend/000_ext4/test.sh]
[STDERR  ] 2019-05-07T17:25:49.923233908Z: [    0.000000] ACPI: LAPIC_NMI (acpi_id[0xff] dfl dfl lint[0x1])
[STDERR  ] 2019-05-07T17:25:49.923255360Z: [    0.000000] IOAPIC[0]: apic_id 0, version 32, address 0xfec00000, GSI 0-23
[STDERR  ] 2019-05-07T17:25:49.923285028Z: [    0.000000] ACPI: INT_SRC_OVR (bus 0 bus_irq 0 global_irq 2 dfl dfl)
[STDERR  ] 2019-05-07T17:25:49.923305217Z: [    0.000000] ACPI: INT_SRC_OVR (bus 0 bus_irq 5 global_irq 5 high level)
[STDERR  ] 2019-05-07T17:25:49.923328858Z: [    0.000000] ACPI: INT_SRC_OVR (bus 0 bus_irq 9 global_irq 9 high level)
[STDERR  ] 2019-05-07T17:25:49.923352994Z: [    0.000000] ACPI: INT_SRC_OVR (bus 0 bus_irq 10 global_irq 10 high level)
[STDERR  ] 2019-05-07T17:25:49.923374633Z: [    0.000000] ACPI: INT_SRC_OVR (bus 0 bus_irq 11 global_irq 11 high level)
[STDERR  ] 2019-05-07T17:25:49.923394878Z: [    0.000000] Using ACPI (MADT) for SMP configuration information
[STDOUT  ] 2019-05-07T17:25:49.923253222Z: [    0.488253] NMI watchdog: Perf event create on CPU 0 failed with -2
[STDOUT  ] 2019-05-07T17:25:49.923478071Z: [    0.488788] NMI watchdog: Perf NMI watchdog permanently disabled
[STDOUT  ] 2019-05-07T17:25:49.923496135Z: [    0.493194] smp: Bringing up secondary CPUs ...
[STDOUT  ] 2019-05-07T17:25:49.923512688Z: [    0.494107] smp: Brought up 1 node, 1 CPU
[STDOUT  ] 2019-05-07T17:25:49.923528077Z: [    0.494527] smpboot: Total of 1 processors activated (5199.03 BogoMIPS)
[STDOUT  ] 2019-05-07T17:25:49.923544034Z: [    0.510253] devtmpfs: initialized
[STDERR  ] 2019-05-07T17:25:49.923415789Z: [    0.000000] ACPI: HPET id: 0x8086a201 base: 0xfed00000
[STDERR  ] 2019-05-07T17:25:49.923574722Z: [    0.000000] smpboot: Allowing 1 CPUs, 0 hotplug CPUs
[STDERR  ] 2019-05-07T17:25:49.923602217Z: [    0.000000] e820: [mem 0x40000000-0xafffffff] available for PCI devices
[STDERR  ] 2019-05-07T17:25:49.923622254Z: [    0.000000] Booting paravirtualized kernel on bare hardware
[STDERR  ] 2019-05-07T17:25:49.923642743Z: [    0.000000] clocksource: refined-jiffies: mask: 0xffffffff max_cycles: 0xffffffff, max_idle_ns: 1910969940391419 ns
[STDERR  ] 2019-05-07T17:25:49.923663475Z: [    0.000000] random: get_random_bytes called from start_kernel+0x92/0x4d1 with crng_init=0
[STDOUT  ] 2019-05-07T17:25:49.923561144Z: [    0.515232] x86/mm: Memory block size: 128MB
[STDOUT  ] 2019-05-07T17:25:49.923688467Z: [    0.522528] evm: security.ima
[STDERR  ] 2019-05-07T17:25:49.923683972Z: [    0.000000] setup_percpu: NR_CPUS:128 nr_cpumask_bits:128 nr_cpu_ids:1 nr_node_ids:1
[STDOUT  ] 2019-05-07T17:25:49.923707100Z: [    0.522857] evm: security.capability
[STDERR  ] 2019-05-07T17:25:49.923718112Z: [    0.000000] percpu: Embedded 45 pages/cpu @ffff98533dc00000 s144216 r8192 d31912 u2097152
[STDERR  ] 2019-05-07T17:25:49.923747167Z: [    0.000000] Built 1 zonelists, mobility grouping on.  Total pages: 257896
[STDERR  ] 2019-05-07T17:25:49.923768095Z: [    0.000000] Kernel command line: console=ttyS0 console=ttyAMA0
[STDERR  ] 2019-05-07T17:25:49.923791467Z: [    0.000000] PID hash table entries: 4096 (order: 3, 32768 bytes)
[STDERR  ] 2019-05-07T17:25:49.923832075Z: [    0.000000] Dentry cache hash table entries: 131072 (order: 8, 1048576 bytes)
[STDERR  ] 2019-05-07T17:25:49.923857437Z: [    0.000000] Inode-cache hash table entries: 65536 (order: 7, 524288 bytes)
[STDERR  ] 2019-05-07T17:25:49.923880536Z: [    0.000000] Memory: 970964K/1048052K available (12300K kernel code, 1445K rwdata, 2964K rodata, 1532K init, 580K bss, 77088K reserved, 0K cma-reserved)
[STDOUT  ] 2019-05-07T17:25:49.923725451Z: [    0.526562] clocksource: jiffies: mask: 0xffffffff max_cycles: 0xffffffff, max_idle_ns: 1911260446275000 ns
[STDOUT  ] 2019-05-07T17:25:49.923939254Z: [    0.527185] futex hash table entries: 256 (order: 2, 16384 bytes)
[STDOUT  ] 2019-05-07T17:25:49.923958046Z: [    0.539770] NET: Registered protocol family 16
[STDOUT  ] 2019-05-07T17:25:49.923973344Z: [    0.548066] cpuidle: using governor ladder
[STDOUT  ] 2019-05-07T17:25:49.923988869Z: [    0.548578] cpuidle: using governor menu
[STDOUT  ] 2019-05-07T17:25:49.924004279Z: [    0.550426] ACPI: bus type PCI registered
[STDOUT  ] 2019-05-07T17:25:49.924019947Z: [    0.553583] PCI: MMCONFIG for domain 0000 [bus 00-ff] at [mem 0xb0000000-0xbfffffff] (base 0xb0000000)
[STDERR  ] 2019-05-07T17:25:49.923902885Z: [    0.000000] ftrace: allocating 40620 entries in 159 pages
[STDERR  ] 2019-05-07T17:25:49.924069301Z: [    0.000000] Hierarchical RCU implementation.
[STDOUT  ] 2019-05-07T17:25:49.924035480Z: [    0.554268] PCI: MMCONFIG at [mem 0xb0000000-0xbfffffff] reserved in E820
[STDERR  ] 2019-05-07T17:25:49.924116794Z: [    0.000000] 	RCU restricting CPUs from NR_CPUS=128 to nr_cpu_ids=1.
[STDOUT  ] 2019-05-07T17:25:49.924139042Z: [    0.556711] PCI: Using configuration type 1 for base access
[STDOUT  ] 2019-05-07T17:25:49.924158283Z: [    0.622858] HugeTLB registered 2.00 MiB page size, pre-
[STDERR  ] 2019-05-07T17:25:49.924148034Z: [    0.000000] RCU: Adjusting geometry for rcu_fanout_leaf=16, nr_cpu_ids=1
[STDERR  ] 2019-05-07T17:25:49.924178606Z: [    0.000000] NR_IRQS: 8448, nr_irqs: 256, preallocated irqs: 16
[STDERR  ] 2019-05-07T17:25:49.924108134Z: + set -ex
[STDERR  ] 2019-05-07T17:25:49.924210492Z: [    0.000000] Console: colour VGA+ 80x25
[STDERR  ] 2019-05-07T17:25:49.924241054Z: [    0.000000] console [ttyS0] enabled
[STDERR  ] 2019-05-07T17:25:49.924235471Z: + . /tmp/with_clone3fdfafb9/test/cases/_lib/lib.sh
[STDERR  ] 2019-05-07T17:25:49.924283498Z: [    0.000000] clocksource: hpet: mask: 0xffffffff max_cycles: 0xffffffff, max_idle_ns: 19112604467 ns
[STDERR  ] 2019-05-07T17:25:49.924333737Z: [    0.003000] tsc: Fast TSC calibration using PIT
[STDERR  ] 2019-05-07T17:25:49.924302105Z: + [ -f src/github.com/linuxkit/rtf/lib/lib.sh ]
[STDERR  ] 2019-05-07T17:25:49.924391022Z: [    0.004000] tsc: Detected 2599.517 MHz processor
[STDERR  ] 2019-05-07T17:25:49.924413856Z: + LINUXKIT_TMPDIR=/tmp/with_clone3fdfafb9/test/cases/_tmp
[STDERR  ] 2019-05-07T17:25:49.924472206Z: + [ -f /tmp/with_clone3fdfafb9/test/cases/_tmp/env.sh ]
[STDERR  ] 2019-05-07T17:25:49.924493321Z: + . /tmp/with_clone3fdfafb9/test/cases/_tmp/env.sh
[STDERR  ] 2019-05-07T17:25:49.924523126Z: + export LINUXKIT_EXAMPLES_DIR=/tmp/with_clone3fdfafb9/test/cases/../../examples
[STDERR  ] 2019-05-07T17:25:49.924424674Z: [    0.007277] Calibrating delay loop (skipped), value calculated using timer frequency.. 5199.03 BogoMIPS (lpj=2599517)
[STDERR  ] 2019-05-07T17:25:49.924597458Z: [    0.008165] pid_max: default: 32768 minimum: 301
[STDERR  ] 2019-05-07T17:25:49.924629599Z: [    0.009642] ACPI: Core revision 20170728
[STDERR  ] 2019-05-07T17:25:49.924667481Z: [    0.053367] ACPI: 1 ACPI AML tables successfully acquired and loaded
[STDERR  ] 2019-05-07T17:25:49.924545600Z: + RT_CANCEL=253
[STDERR  ] 2019-05-07T17:25:49.924696479Z: [    0.058516] Security Framework initialized
[STDERR  ] 2019-05-07T17:25:49.924743625Z: [    0.059161] Yama: becoming mindful.
[STDERR  ] 2019-05-07T17:25:49.924768770Z: [    0.061715] Mount-cache hash table entries: 2048 (order: 2, 16384 bytes)
[STDERR  ] 2019-05-07T17:25:49.924792935Z: [    0.062092] Mountpoint-cache hash table entries: 2048 (order: 2, 16384 bytes)
[STDERR  ] 2019-05-07T17:25:49.924699042Z: + NAME_CREATE=create-ext4
[STDERR  ] 2019-05-07T17:25:49.924827151Z: + NAME_EXTEND=extend-ext4
[STDERR  ] 2019-05-07T17:25:49.924862962Z: + DISK=disk.img
[STDERR  ] 2019-05-07T17:25:49.924885386Z: + trap clean_up EXIT
[STDERR  ] 2019-05-07T17:25:49.924906105Z: + linuxkit build -name create-ext4 -format kernel+initrd test-create.yml
[STDERR  ] 2019-05-07T17:25:49.924907052Z: [    0.085553] Last level iTLB entries: 4KB 0, 2MB 0, 4MB 0
[STDERR  ] 2019-05-07T17:25:49.924937480Z: [    0.086063] Last level dTLB entries: 4KB 0, 2MB 0, 4MB 0, 1GB 0
[STDERR  ] 2019-05-07T17:25:49.924959579Z: [    0.087181] Spectre V2 : Spectre mitigation: LFENCE not serializing, switching to generic retpoline
[STDERR  ] 2019-05-07T17:25:49.924982251Z: [    0.088110] Spectre V2 : Mitigation: Full generic retpoline
[STDERR  ] 2019-05-07T17:25:49.925011388Z: [    0.089086] Spectre V2 : Spectre v2 / SpectreRSB mitigation: Filli
[STDERR  ] 2019-05-07T17:25:49.973532661Z: Extract kernel image: linuxkit/kernel:4.19.39
[STDERR  ] 2019-05-07T17:25:54.591438116Z: Add init containers:
[STDERR  ] 2019-05-07T17:25:54.591572760Z: Process init image: linuxkit/init:v0.7
[STDERR  ] 2019-05-07T17:25:56.380843416Z: Process init image: linuxkit/runc:v0.7
[STDERR  ] 2019-05-07T17:25:57.927274320Z: Add onboot containers:
[STDERR  ] 2019-05-07T17:25:57.927386411Z:   Create OCI config for linuxkit/format:v0.7
[STDERR  ] 2019-05-07T17:25:59.714935897Z:   Create OCI config for linuxkit/mount:v0.7
[STDERR  ] 2019-05-07T17:26:01.395674775Z:   Create OCI config for alpine:3.9
[STDERR  ] 2019-05-07T17:26:02.959779161Z:   Create OCI config for linuxkit/poweroff:b498d30dd9660090565537fceb9e757618737a85
[STDERR  ] 2019-05-07T17:26:04.539739842Z: Create outputs:
[STDERR  ] 2019-05-07T17:26:11.908214002Z:   create-ext4-kernel create-ext4-initrd.img create-ext4-cmdline
[STDERR  ] 2019-05-07T17:26:12.008483944Z: + linuxkit run -disk file=disk.img,format=raw,size=256M create-ext4
[STDOUT  ] 2019-05-07T17:26:17.427668570Z: [    0.000000] Linux version 4.19.39-linuxkit (root@b3625c29a5bd) (gcc version 8.3.0 (Alpine 8.3.0)) #1 SMP Sun May 5 12:58:43 UTC 2019
[STDOUT  ] 2019-05-07T17:26:17.428080254Z: [    0.000000] Command line: console=ttyS0 console=ttyAMA0
[STDOUT  ] 2019-05-07T17:26:17.429676048Z: [    0.000000] x86/fpu: x87 FPU will use FXSAVE
[STDOUT  ] 2019-05-07T17:26:17.429716357Z: [    0.000000] BIOS-provided physical RAM map:
[STDOUT  ] 2019-05-07T17:26:17.429733050Z: [    0.000000] BIOS-e820: [mem 0x0000000000000000-0x000000000009fbff] usable
[STDOUT  ] 2019-05-07T17:26:17.429751099Z: [    0.000000] BIOS-e820: [mem 0x000000000009fc00-0x000000000009ffff] reserved
[STDOUT  ] 2019-05-07T17:26:17.430103840Z: [    0.000000] BIOS-e820: [mem 0x00000000000f0000-0x00000000000fffff] reserved
[STDOUT  ] 2019-05-07T17:26:17.430587523Z: [    0.000000] BIOS-e820: [mem 0x0000000000100000-0x000000003ffdefff] usable
[STDOUT  ] 2019-05-07T17:26:17.431044537Z: [    0.000000] BIOS-e820: [mem 0x000000003ffdf000-0x000000003fffffff] reserved
[STDOUT  ] 2019-05-07T17:26:17.431507646Z: [    0.000000] BIOS-e820: [mem 0x00000000b0000000-0x00000000bfffffff] reserved
[STDOUT  ] 2019-05-07T17:26:17.431967713Z: [    0.000000] BIOS-e820: [mem 0x00000000fed1c000-0x00000000fed1ffff] reserved
[STDOUT  ] 2019-05-07T17:26:17.432428798Z: [    0.000000] BIOS-e820: [mem 0x00000000fffc0000-0x00000000ffffffff] reserved
[STDOUT  ] 2019-05-07T17:26:17.432754503Z: [    0.000000] NX (Execute Disable) protection: active
[STDOUT  ] 2019-05-07T17:26:17.432970072Z: [    0.000000] SMBIOS 2.8 present.
[STDOUT  ] 2019-05-07T17:26:17.433660355Z: [    0.000000] DMI: QEMU Standard PC (Q35 + ICH9, 2009), BIOS rel-1.10.2-0-g5f4c7b1-prebuilt.qemu-project.org 04/01/2014
[STDOUT  ] 2019-05-07T17:26:17.433952780Z: [    0.000000] tsc: Fast TSC calibration failed
[STDOUT  ] 2019-05-07T17:26:17.434325686Z: [    0.000000] last_pfn = 0x3ffdf max_arch_pfn = 0x400000000
[STDOUT  ] 2019-05-07T17:26:17.434782474Z: [    0.000000] x86/PAT: Configuration [0-7]: WB  WC  UC- UC  WB  WP  UC- WT  
[STDOUT  ] 2019-05-07T17:26:17.435165945Z: [    0.000000] found SMP MP-table at [mem 0x000f6aa0-0x000f6aaf]
[STDOUT  ] 2019-05-07T17:26:17.435482099Z: [    0.000000] RAMDISK: [mem 0x3d6ab000-0x3ffcffff]
[STDOUT  ] 2019-05-07T17:26:17.435850747Z: [    0.000000] ACPI: Early table checksum verification disabled
[STDOUT  ] 2019-05-07T17:26:17.436226643Z: [    0.000000] ACPI: RSDP 0x00000000000F68C0 000014 (v00 BOCHS )
[STDOUT  ] 2019-05-07T17:26:17.436789735Z: [    0.000000] ACPI: RSDT 0x000000003FFE2404 000034 (v01 BOCHS  BXPCRSDT 00000001 BXPC 00000001)
[STDOUT  ] 2019-05-07T17:26:17.437347032Z: [    0.000000] ACPI: FACP 0x000000003FFE22A4 000074 (v01 BOCHS  BXPCFACP 00000001 BXPC 00000001)
[STDOUT  ] 2019-05-07T17:26:17.437907462Z: [    0.000000] ACPI: DSDT 0x000000003FFE0040 002264 (v01 BOCHS  BXPCDSDT 00000001 BXPC 00000001)
[STDOUT  ] 2019-05-07T17:26:17.438223099Z: [    0.000000] ACPI: FACS 0x000000003FFE0000 000040
[STDOUT  ] 2019-05-07T17:26:17.438804049Z: [    0.000000] ACPI: APIC 0x000000003FFE2318 000078 (v01 BOCHS  BXPCAPIC 00000001 BXPC 00000001)
[STDOUT  ] 2019-05-07T17:26:17.439361559Z: [    0.000000] ACPI: HPET 0x000000003FFE2390 000038 (v01 BOCHS  BXPCHPET 00000001 BXPC 00000001)
[STDOUT  ] 2019-05-07T17:26:17.439924560Z: [    0.000000] ACPI: MCFG 0x000000003FFE23C8 00003C (v01 BOCHS  BXPCMCFG 00000001 BXPC 00000001)
[STDOUT  ] 2019-05-07T17:26:17.440101202Z: [    0.000000] Zone ranges:
[STDOUT  ] 2019-05-07T17:26:17.440514825Z: [    0.000000]   DMA      [mem 0x0000000000001000-0x0000000000ffffff]
[STDOUT  ] 2019-05-07T17:26:17.440920250Z: [    0.000000]   DMA32    [mem 0x0000000001000000-0x000000003ffdefff]
[STDOUT  ] 2019-05-07T17:26:17.441115702Z: [    0.000000]   Normal   empty
[STDOUT  ] 2019-05-07T17:26:17.441315325Z: [    0.000000]   Device   empty
[STDOUT  ] 2019-05-07T17:26:17.441606024Z: [    0.000000] Movable zone start for each node
[STDOUT  ] 2019-05-07T17:26:17.441845827Z: [    0.000000] Early memory node ranges
[STDOUT  ] 2019-05-07T17:26:17.442269205Z: [    0.000000]   node   0: [mem 0x0000000000001000-0x000000000009efff]
[STDOUT  ] 2019-05-07T17:26:17.442689076Z: [    0.000000]   node   0: [mem 0x0000000000100000-0x000000003ffdefff]
[STDOUT  ] 2019-05-07T17:26:17.442980598Z: [    0.000000] Reserved but unavailable: 98 pages
[STDOUT  ] 2019-05-07T17:26:17.443453041Z: [    0.000000] Initmem setup node 0 [mem 0x0000000000001000-0x000000003ffdefff]
[STDOUT  ] 2019-05-07T17:26:17.443726489Z: [    0.000000] ACPI: PM-Timer IO Port: 0x608
[STDOUT  ] 2019-05-07T17:26:17.444104615Z: [    0.000000] ACPI: LAPIC_NMI (acpi_id[0xff] dfl dfl lint[0x1])
[STDOUT  ] 2019-05-07T17:26:17.444564818Z: [    0.000000] IOAPIC[0]: apic_id 0, version 32, address 0xfec00000, GSI 0-23
[STDOUT  ] 2019-05-07T17:26:17.444974822Z: [    0.000000] ACPI: INT_SRC_OVR (bus 0 bus_irq 0 global_irq 2 dfl dfl)
[STDOUT  ] 2019-05-07T17:26:17.445411627Z: [    0.000000] ACPI: INT_SRC_OVR (bus 0 bus_irq 5 global_irq 5 high level)
[STDOUT  ] 2019-05-07T17:26:17.445858232Z: [    0.000000] ACPI: INT_SRC_OVR (bus 0 bus_irq 9 global_irq 9 high level)
[STDOUT  ] 2019-05-07T17:26:17.446343857Z: [    0.000000] ACPI: INT_SRC_OVR (bus 0 bus_irq 10 global_irq 10 high level)
[STDOUT  ] 2019-05-07T17:26:17.446795937Z: [    0.000000] ACPI: INT_SRC_OVR (bus 0 bus_irq 11 global_irq 11 high level)
[STDOUT  ] 2019-05-07T17:26:17.447183340Z: [    0.000000] Using ACPI (MADT) for SMP configuration information
[STDOUT  ] 2019-05-07T17:26:17.447532448Z: [    0.000000] ACPI: HPET id: 0x8086a201 base: 0xfed00000
[STDOUT  ] 2019-05-07T17:26:17.447860284Z: [    0.000000] smpboot: Allowing 1 CPUs, 0 hotplug CPUs
[STDOUT  ] 2019-05-07T17:26:17.448264746Z: [    0.000000] [mem 0x40000000-0xafffffff] available for PCI devices
[STDOUT  ] 2019-05-07T17:26:17.448640055Z: [    0.000000] Booting paravirtualized kernel on bare hardware
[STDOUT  ] 2019-05-07T17:26:17.449316940Z: [    0.000000] clocksource: refined-jiffies: mask: 0xffffffff max_cycles: 0xffffffff, max_idle_ns: 1910969940391419 ns
[STDOUT  ] 2019-05-07T17:26:17.449863539Z: [    0.000000] random: get_random_bytes called from start_kernel+0x91/0x512 with crng_init=0
[STDOUT  ] 2019-05-07T17:26:17.450386619Z: [    0.000000] setup_percpu: NR_CPUS:128 nr_cpumask_bits:128 nr_cpu_ids:1 nr_node_ids:1
[STDOUT  ] 2019-05-07T17:26:17.450836389Z: [    0.000000] percpu: Embedded 45 pages/cpu s145112 r8192 d31016 u2097152
[STDOUT  ] 2019-05-07T17:26:17.451281371Z: [    0.000000] Built 1 zonelists, mobility grouping on.  Total pages: 257896
[STDOUT  ] 2019-05-07T17:26:17.451675360Z: [    0.000000] Kernel command line: console=ttyS0 console=ttyAMA0
[STDOUT  ] 2019-05-07T17:26:17.452153011Z: [    0.000000] Dentry cache hash table entries: 131072 (order: 8, 1048576 bytes)
[STDOUT  ] 2019-05-07T17:26:17.452617217Z: [    0.000000] Inode-cache hash table entries: 65536 (order: 7, 524288 bytes)
[STDOUT  ] 2019-05-07T17:26:17.453531842Z: [    0.000000] Memory: 959628K/1048052K available (12300K kernel code, 1583K rwdata, 3008K rodata, 1584K init, 2028K bss, 88424K reserved, 0K cma-reserved)
[STDOUT  ] 2019-05-07T17:26:17.453888241Z: [    0.000000] ftrace: allocating 43064 entries in 169 pages
[STDOUT  ] 2019-05-07T17:26:17.454210367Z: [    0.000000] rcu: Hierarchical RCU implementation.
[STDOUT  ] 2019-05-07T17:26:17.454679467Z: [    0.000000] rcu: 	RCU restricting CPUs from NR_CPUS=128 to nr_cpu_ids=1.
[STDOUT  ] 2019-05-07T17:26:17.455124266Z: [    0.000000] rcu: Adjusting geometry for rcu_fanout_leaf=16, nr_cpu_ids=1
[STDOUT  ] 2019-05-07T17:26:17.455514765Z: [    0.000000] NR_IRQS: 8448, nr_irqs: 256, preallocated irqs: 16
[STDOUT  ] 2019-05-07T17:26:17.455761195Z: [    0.000000] Console: colour VGA+ 80x25
[STDOUT  ] 2019-05-07T17:26:17.456133174Z: [    0.000000] console [ttyS0] enabled
[STDOUT  ] 2019-05-07T17:26:17.456807198Z: [    0.000000] ACPI: Core revision 20180810
[STDOUT  ] 2019-05-07T17:26:17.465441772Z: [    0.000000] clocksource: hpet: mask: 0xffffffff max_cycles: 0xffffffff, max_idle_ns: 19112604467 ns
[STDOUT  ] 2019-05-07T17:26:17.472242085Z: [    0.003000] APIC: Switch to symmetric I/O mode setup
[STDOUT  ] 2019-05-07T17:26:17.478010770Z: [    0.007000] ..TIMER: vector=0x30 apic1=0 pin1=2 apic2=-1 pin2=-1
[STDOUT  ] 2019-05-07T17:26:17.554126737Z: [    0.016000] tsc: Unable to calibrate against PIT
[STDOUT  ] 2019-05-07T17:26:17.554508233Z: [    0.016000] tsc: using HPET reference calibration
[STDOUT  ] 2019-05-07T17:26:17.554966295Z: [    0.016000] tsc: Detected 2599.796 MHz processor
[STDOUT  ] 2019-05-07T17:26:17.557766499Z: [    0.001854] clocksource: tsc-early: mask: 0xffffffffffffffff max_cycles: 0x25797b27128, max_idle_ns: 440795204892 ns
[STDOUT  ] 2019-05-07T17:26:17.560185468Z: [    0.004681] Calibrating delay loop (skipped), value calculated using timer frequency.. 5199.59 BogoMIPS (lpj=2599796)
[STDOUT  ] 2019-05-07T17:26:17.560777202Z: [    0.005338] pid_max: default: 32768 minimum: 301
[STDOUT  ] 2019-05-07T17:26:17.565293993Z: [    0.010473] Security Framework initialized
[STDOUT  ] 2019-05-07T17:26:17.565746278Z: [    0.010915] Yama: becoming mindful.
[STDOUT  ] 2019-05-07T17:26:17.568872432Z: [    0.013605] Mount-cache hash table entries: 2048 (order: 2, 16384 bytes)
[STDOUT  ] 2019-05-07T17:26:17.569499795Z: [    0.014300] Mountpoint-cache hash table entries: 2048 (order: 2, 16384 bytes)
[STDOUT  ] 2019-05-07T17:26:17.591483559Z: [    0.036530] Last level iTLB entries: 4KB 0, 2MB 0, 4MB 0
[STDOUT  ] 2019-05-07T17:26:17.591957860Z: [    0.036997] Last level dTLB entries: 4KB 0, 2MB 0, 4MB 0, 1GB 0
[STDOUT  ] 2019-05-07T17:26:17.592848944Z: [    0.037388] Spectre V2 : Spectre mitigation: LFENCE not serializing, switching to generic retpoline
[STDOUT  ] 2019-05-07T17:26:17.593301148Z: [    0.038250] Spectre V2 : Mitigation: Full generic retpoline
[STDOUT  ] 2019-05-07T17:26:17.593907101Z: [    0.038645] Spectre V2 : Spectre v2 / SpectreRSB mitigation: Filling RSB on context switch
[STDOUT  ] 2019-05-07T17:26:17.594395748Z: [    0.039327] Speculative Store Bypass: Vulnerable
[STDOUT  ] 2019-05-07T17:26:17.794502865Z: [    0.239586] random: fast init done
[STDOUT  ] 2019-05-07T17:26:17.928170441Z: [    0.373265] Freeing SMP alternatives memory: 20K
[STDOUT  ] 2019-05-07T17:26:18.055693429Z: [    0.396197] smpboot: CPU0: AMD QEMU Virtual CPU version 2.5+ (family: 0x6, model: 0x6, stepping: 0x3)
[STDOUT  ] 2019-05-07T17:26:18.066220735Z: [    0.405587] Performance Events: PMU not available due to virtualization, using software events only.
[STDOUT  ] 2019-05-07T17:26:18.068981720Z: [    0.409281] rcu: Hierarchical SRCU implementation.
[STDOUT  ] 2019-05-07T17:26:18.076242538Z: [    0.415498] NMI watchdog: Perf NMI watchdog permanently disabled
[STDOUT  ] 2019-05-07T17:26:18.080870624Z: [    0.420271] smp: Bringing up secondary CPUs ...
[STDOUT  ] 2019-05-07T17:26:18.081237907Z: [    0.420710] smp: Brought up 1 node, 1 CPU
[STDOUT  ] 2019-05-07T17:26:18.081674584Z: [    0.421056] smpboot: Max logical packages: 1
[STDOUT  ] 2019-05-07T17:26:18.082281266Z: [    0.421294] smpboot: Total of 1 processors activated (5199.59 BogoMIPS)
[STDOUT  ] 2019-05-07T17:26:18.099677600Z: [    0.439090] devtmpfs: initialized
[STDOUT  ] 2019-05-07T17:26:18.105008451Z: [    0.444461] x86/mm: Memory block size: 128MB
[STDOUT  ] 2019-05-07T17:26:18.118308769Z: [    0.456197] clocksource: jiffies: mask: 0xffffffff max_cycles: 0xffffffff, max_idle_ns: 1911260446275000 ns
[STDOUT  ] 2019-05-07T17:26:18.119075172Z: [    0.457369] futex hash table entries: 256 (order: 2, 16384 bytes)
[STDOUT  ] 2019-05-07T17:26:18.134669190Z: [    0.472895] NET: Registered protocol family 16
[STDOUT  ] 2019-05-07T17:26:18.139302663Z: [    0.477677] audit: initializing netlink subsys (disabled)
[STDOUT  ] 2019-05-07T17:26:18.144705109Z: [    0.482745] audit: type=2000 audit(1557249977.496:1): state=initialized audit_enabled=0 res=1
[STDOUT  ] 2019-05-07T17:26:18.147604054Z: [    0.485908] cpuidle: using governor ladder
[STDOUT  ] 2019-05-07T17:26:18.148098411Z: [    0.486366] cpuidle: using governor menu
[STDOUT  ] 2019-05-07T17:26:18.150063225Z: [    0.488557] ACPI: bus type PCI registered
[STDOUT  ] 2019-05-07T17:26:18.153603623Z: [    0.491678] PCI: MMCONFIG for domain 0000 [bus 00-ff] at [mem 0xb0000000-0xbfffffff] (base 0xb0000000)
[STDOUT  ] 2019-05-07T17:26:18.154364307Z: [    0.492438] PCI: MMCONFIG at [mem 0xb0000000-0xbfffffff] reserved in E820
[STDOUT  ] 2019-05-07T17:26:18.155657698Z: [    0.493887] PCI: Using configuration type 1 for base access
[STDOUT  ] 2019-05-07T17:26:18.221575158Z: [    0.559659] HugeTLB registered 2.00 MiB page size, pre-allocated 0 pages
[STDOUT  ] 2019-05-07T17:26:18.227012617Z: [    0.565345] cryptd: max_cpu_qlen set to 1000
[STDOUT  ] 2019-05-07T17:26:18.233509882Z: [    0.571846] ACPI: Added _OSI(Module Device)
[STDOUT  ] 2019-05-07T17:26:18.233907559Z: [    0.572259] ACPI: Added _OSI(Processor Device)
[STDOUT  ] 2019-05-07T17:26:18.234282192Z: [    0.572617] ACPI: Added _OSI(3.0 _SCP Extensions)
[STDOUT  ] 2019-05-07T17:26:18.234748499Z: [    0.572977] ACPI: Added _OSI(Processor Aggregator Device)
[STDOUT  ] 2019-05-07T17:26:18.235262218Z: [    0.573351] ACPI: Added _OSI(Linux-Dell-Video)
[STDOUT  ] 2019-05-07T17:26:18.235716157Z: [    0.573706] ACPI: Added _OSI(Linux-Lenovo-NV-HDMI-Audio)
[STDOUT  ] 2019-05-07T17:26:18.286204834Z: [    0.624471] ACPI: 1 ACPI AML tables successfully acquired and loaded
[STDOUT  ] 2019-05-07T17:26:18.322801776Z: [    0.659124] ACPI: Interpreter enabled
[STDOUT  ] 2019-05-07T17:26:18.323902199Z: [    0.660413] ACPI: (supports S0 S5)
[STDOUT  ] 2019-05-07T17:26:18.324345369Z: [    0.660764] ACPI: Using IOAPIC for interrupt routing
[STDOUT  ] 2019-05-07T17:26:18.327030393Z: [    0.663086] PCI: Using host bridge windows from ACPI; if necessary, use "pci=nocrs" and report a bug
[STDOUT  ] 2019-05-07T17:26:18.331349958Z: [    0.667666] ACPI: Enabled 2 GPEs in block 00 to 3F
[STDOUT  ] 2019-05-07T17:26:18.402347923Z: [    0.738645] ACPI: PCI Root Bridge [PCI0] (domain 0000 [bus 00-ff])
[STDOUT  ] 2019-05-07T17:26:18.403608962Z: [    0.739769] acpi PNP0A08:00: _OSC: OS supports [ExtendedConfig ASPM ClockPM Segments MSI]
[STDOUT  ] 2019-05-07T17:26:18.407843733Z: [    0.744079] acpi PNP0A08:00: _OSC: platform does not support [SHPCHotplug LTR]
[STDOUT  ] 2019-05-07T17:26:18.411082443Z: [    0.747331] acpi PNP0A08:00: _OSC: OS now controls [PCIeHotplug PME PCIeCapability]
[STDOUT  ] 2019-05-07T17:26:18.414919765Z: [    0.751426] PCI host bridge to bus 0000:00
[STDOUT  ] 2019-05-07T17:26:18.415643454Z: [    0.751947] pci_bus 0000:00: root bus resource [io  0x0000-0x0cf7 window]
[STDOUT  ] 2019-05-07T17:26:18.416175563Z: [    0.752259] pci_bus 0000:00: root bus resource [io  0x0d00-0xffff window]
[STDOUT  ] 2019-05-07T17:26:18.416747924Z: [    0.752728] pci_bus 0000:00: root bus resource [mem 0x000a0000-0x000bffff window]
[STDOUT  ] 2019-05-07T17:26:18.417307252Z: [    0.753244] pci_bus 0000:00: root bus resource [mem 0xc0000000-0xfebfffff window]
[STDOUT  ] 2019-05-07T17:26:18.417980139Z: [    0.754344] pci_bus 0000:00: root bus resource [bus 00-ff]
[STDOUT  ] 2019-05-07T17:26:18.578136514Z: [    0.811285] pci 0000:00:1f.0: quirk: [io  0x0600-0x067f] claimed by ICH6 ACPI/GPIO/TCO
[STDOUT  ] 2019-05-07T17:26:18.669307131Z: [    0.859523] ACPI: PCI Interrupt Link [LNKA] (IRQs 5 *10 11)
[STDOUT  ] 2019-05-07T17:26:18.671535791Z: [    0.861795] ACPI: PCI Interrupt Link [LNKB] (IRQs 5 *10 11)
[STDOUT  ] 2019-05-07T17:26:18.673476471Z: [    0.863747] ACPI: PCI Interrupt Link [LNKC] (IRQs 5 10 *11)
[STDOUT  ] 2019-05-07T17:26:18.675453429Z: [    0.865734] ACPI: PCI Interrupt Link [LNKD] (IRQs 5 10 *11)
[STDOUT  ] 2019-05-07T17:26:18.677308075Z: [    0.867666] ACPI: PCI Interrupt Link [LNKE] (IRQs 5 *10 11)
[STDOUT  ] 2019-05-07T17:26:18.679262908Z: [    0.869617] ACPI: PCI Interrupt Link [LNKF] (IRQs 5 *10 11)
[STDOUT  ] 2019-05-07T17:26:18.681186623Z: [    0.871546] ACPI: PCI Interrupt Link [LNKG] (IRQs 5 10 *11)
[STDOUT  ] 2019-05-07T17:26:18.683163371Z: [    0.873481] ACPI: PCI Interrupt Link [LNKH] (IRQs 5 10 *11)
[STDOUT  ] 2019-05-07T17:26:18.684078612Z: [    0.874478] ACPI: PCI Interrupt Link [GSIA] (IRQs *16)
[STDOUT  ] 2019-05-07T17:26:18.684807837Z: [    0.875120] ACPI: PCI Interrupt Link [GSIB] (IRQs *17)
[STDOUT  ] 2019-05-07T17:26:18.685523636Z: [    0.875864] ACPI: PCI Interrupt Link [GSIC] (IRQs *18)
[STDOUT  ] 2019-05-07T17:26:18.686213131Z: [    0.876463] ACPI: PCI Interrupt Link [GSID] (IRQs *19)
[STDOUT  ] 2019-05-07T17:26:18.686987889Z: [    0.877394] ACPI: PCI Interrupt Link [GSIE] (IRQs *20)
[STDOUT  ] 2019-05-07T17:26:18.687678441Z: [    0.878021] ACPI: PCI Interrupt Link [GSIF] (IRQs *21)
[STDOUT  ] 2019-05-07T17:26:18.688472287Z: [    0.878463] ACPI: PCI Interrupt Link [GSIG] (IRQs *22)
[STDOUT  ] 2019-05-07T17:26:18.689116431Z: [    0.879467] ACPI: PCI Interrupt Link [GSIH] (IRQs *23)
[STDOUT  ] 2019-05-07T17:26:18.698116175Z: [    0.888620] SCSI subsystem initialized
[STDOUT  ] 2019-05-07T17:26:18.701187429Z: [    0.891647] ACPI: bus type USB registered
[STDOUT  ] 2019-05-07T17:26:18.702491809Z: [    0.892786] usbcore: registered new interface driver usbfs
[STDOUT  ] 2019-05-07T17:26:18.703569912Z: [    0.893786] usbcore: registered new interface driver hub
[STDOUT  ] 2019-05-07T17:26:18.704508525Z: [    0.894637] usbcore: registered new device driver usb
[STDOUT  ] 2019-05-07T17:26:18.705608845Z: [    0.895832] pps_core: LinuxPPS API ver. 1 registered
[STDOUT  ] 2019-05-07T17:26:18.706373665Z: [    0.896237] pps_core: Software ver. 5.3.6 - Copyright 2005-2007 Rodolfo Giometti <giometti@linux.it>
[STDOUT  ] 2019-05-07T17:26:18.706855892Z: [    0.897367] PTP clock support registered
[STDOUT  ] 2019-05-07T17:26:18.709578370Z: [    0.899979] PCI: Using ACPI for IRQ routing
[STDOUT  ] 2019-05-07T17:26:18.731561345Z: [    0.921962] NetLabel: Initializing
[STDOUT  ] 2019-05-07T17:26:18.731941605Z: [    0.922243] NetLabel:  domain hash size = 128
[STDOUT  ] 2019-05-07T17:26:18.732479551Z: [    0.922569] NetLabel:  protocols = UNLABELED CIPSOv4 CALIPSO
[STDOUT  ] 2019-05-07T17:26:18.735057924Z: [    0.925440] NetLabel:  unlabeled traffic allowed by default
[STDOUT  ] 2019-05-07T17:26:18.736535819Z: [    0.926719] HPET: 3 timers in total, 0 timers will be used for per-cpu timer
[STDOUT  ] 2019-05-07T17:26:18.737400738Z: [    0.927518] hpet0: at MMIO 0xfed00000, IRQs 2, 8, 0
[STDOUT  ] 2019-05-07T17:26:18.737891290Z: [    0.928259] hpet0: 3 comparators, 64-bit 100.000000 MHz counter
[STDOUT  ] 2019-05-07T17:26:18.744891119Z: [    0.935130] clocksource: Switched to clocksource tsc-early
[STDOUT  ] 2019-05-07T17:26:19.150141636Z: [    1.339778] VFS: Disk quotas dquot_6.6.0
[STDOUT  ] 2019-05-07T17:26:19.151518747Z: [    1.340986] VFS: Dquot-cache hash table entries: 512 (order 0, 4096 bytes)
[STDOUT  ] 2019-05-07T17:26:19.154740164Z: [    1.344507] FS-Cache: Loaded
[STDOUT  ] 2019-05-07T17:26:19.161397767Z: [    1.351116] CacheFiles: Loaded
[STDOUT  ] 2019-05-07T17:26:19.162875050Z: [    1.352644] pnp: PnP ACPI init
[STDOUT  ] 2019-05-07T17:26:19.176158190Z: [    1.365830] pnp: PnP ACPI: found 5 devices
[STDOUT  ] 2019-05-07T17:26:19.225906888Z: [    1.415129] clocksource: acpi_pm: mask: 0xffffff max_cycles: 0xffffff, max_idle_ns: 2085701024 ns
[STDOUT  ] 2019-05-07T17:26:19.229739202Z: [    1.419392] NET: Registered protocol family 2
[STDOUT  ] 2019-05-07T17:26:19.240686910Z: [    1.430016] tcp_listen_portaddr_hash hash table entries: 512 (order: 1, 8192 bytes)
[STDOUT  ] 2019-05-07T17:26:19.241825770Z: [    1.431203] TCP established hash table entries: 8192 (order: 4, 65536 bytes)
[STDOUT  ] 2019-05-07T17:26:19.242780420Z: [    1.432238] TCP bind hash table entries: 8192 (order: 5, 131072 bytes)
[STDOUT  ] 2019-05-07T17:26:19.243962504Z: [    1.433209] TCP: Hash tables configured (established 8192 bind 8192)
[STDOUT  ] 2019-05-07T17:26:19.246613479Z: [    1.436121] UDP hash table entries: 512 (order: 2, 16384 bytes)
[STDOUT  ] 2019-05-07T17:26:19.247482527Z: [    1.437006] UDP-Lite hash table entries: 512 (order: 2, 16384 bytes)
[STDOUT  ] 2019-05-07T17:26:19.250561087Z: [    1.440166] NET: Registered protocol family 1
[STDOUT  ] 2019-05-07T17:26:19.251398676Z: [    1.441063] NET: Registered protocol family 44
[STDOUT  ] 2019-05-07T17:26:19.252577376Z: [    1.441959] pci 0000:00:01.0: Video device with shadowed ROM at [mem 0x000c0000-0x000dffff]
[STDOUT  ] 2019-05-07T17:26:19.264295399Z: [    1.453847] Trying to unpack rootfs image as initramfs...
[STDOUT  ] 2019-05-07T17:26:31.586958605Z: [   13.776434] Freeing initrd memory: 42132K
[STDOUT  ] 2019-05-07T17:26:31.623432985Z: [   13.812773] PCLMULQDQ-NI instructions are not detected.
[STDOUT  ] 2019-05-07T17:26:31.625306948Z: [   13.814749] AVX or AES-NI instructions are not detected.
[STDOUT  ] 2019-05-07T17:26:31.626079473Z: [   13.815542] CPU feature 'AVX registers' is not supported.
[STDOUT  ] 2019-05-07T17:26:31.626605799Z: [   13.815997] CPU feature 'AVX registers' is not supported.
[STDOUT  ] 2019-05-07T17:26:31.627173231Z: [   13.816644] CPU feature 'AVX registers' is not supported.
[STDOUT  ] 2019-05-07T17:26:31.627682254Z: [   13.817091] CPU feature 'AVX registers' is not supported.
[STDOUT  ] 2019-05-07T17:26:31.628227321Z: [   13.817701] AVX2 or AES-NI instructions are not detected.
[STDOUT  ] 2019-05-07T17:26:31.628680031Z: [   13.818134] AVX2 instructions are not detected.
[STDOUT  ] 2019-05-07T17:26:31.643233123Z: [   13.832589] workingset: timestamp_bits=46 max_order=18 bucket_order=0
[STDOUT  ] 2019-05-07T17:26:31.651163998Z: [   13.840560] squashfs: version 4.0 (2009/01/31) Phillip Lougher
[STDOUT  ] 2019-05-07T17:26:31.654774645Z: [   13.844127] FS-Cache: Netfs 'cifs' registered for caching
[STDOUT  ] 2019-05-07T17:26:31.656137229Z: [   13.845692] fuse init (API version 7.27)
[STDOUT  ] 2019-05-07T17:26:31.659610902Z: [   13.848929] SGI XFS with ACLs, security attributes, no debug enabled
[STDOUT  ] 2019-05-07T17:26:31.665296383Z: [   13.854735] 9p: Installing v9fs 9p2000 file system support
[STDOUT  ] 2019-05-07T17:26:31.666017337Z: [   13.855496] FS-Cache: Netfs '9p' registered for caching
[STDOUT  ] 2019-05-07T17:26:31.666625433Z: [   13.856073] pstore: using deflate compression
[STDOUT  ] 2019-05-07T17:26:31.728601948Z: [   13.917975] NET: Registered protocol family 38
[STDOUT  ] 2019-05-07T17:26:31.729483794Z: [   13.918966] Key type asymmetric registered
[STDOUT  ] 2019-05-07T17:26:31.730052287Z: [   13.919547] Asymmetric key parser 'x509' registered
[STDOUT  ] 2019-05-07T17:26:31.731273565Z: [   13.920612] Block layer SCSI generic (bsg) driver version 0.4 loaded (major 247)
[STDOUT  ] 2019-05-07T17:26:31.733511859Z: [   13.922982] io scheduler noop registered
[STDOUT  ] 2019-05-07T17:26:31.734111771Z: [   13.923598] io scheduler deadline registered (default)
[STDOUT  ] 2019-05-07T17:26:31.735221409Z: [   13.924778] io scheduler cfq registered
[STDOUT  ] 2019-05-07T17:26:31.735732920Z: [   13.925126] io scheduler mq-deadline registered (default)
[STDOUT  ] 2019-05-07T17:26:31.736198778Z: [   13.925771] io scheduler kyber registered
[STDOUT  ] 2019-05-07T17:26:31.740056518Z: [   13.929423] shpchp: Standard Hot Plug PCI Controller Driver version: 0.4
[STDOUT  ] 2019-05-07T17:26:31.740945958Z: [   13.930467] hv_vmbus: registering driver hyperv_fb
[STDOUT  ] 2019-05-07T17:26:31.745893240Z: [   13.935154] input: Power Button as /devices/LNXSYSTM:00/LNXPWRBN:00/input/input0
[STDOUT  ] 2019-05-07T17:26:31.753939394Z: [   13.941172] ACPI: Power Button [PWRF]
[STDOUT  ] 2019-05-07T17:26:31.774565769Z: [   13.963935] PCI Interrupt Link [GSIG] enabled at IRQ 22
[STDOUT  ] 2019-05-07T17:26:31.789991660Z: [   13.979425] PCI Interrupt Link [GSIH] enabled at IRQ 23
[STDOUT  ] 2019-05-07T17:26:31.798130854Z: [   13.987496] Serial: 8250/16550 driver, 4 ports, IRQ sharing disabled
[STDOUT  ] 2019-05-07T17:26:31.822799413Z: [   14.012048] 00:04: ttyS0 at I/O 0x3f8 (irq = 4, base_baud = 115200) is a 16550A
[STDOUT  ] 2019-05-07T17:26:31.834061735Z: [   14.023581] Non-volatile memory driver v1.3
[STDOUT  ] 2019-05-07T17:26:31.842864151Z: [   14.031981] Hangcheck: starting hangcheck timer 0.9.1 (tick is 180 seconds, margin is 60 seconds).
[STDOUT  ] 2019-05-07T17:26:31.852033451Z: [   14.041542] random: crng init done
[STDOUT  ] 2019-05-07T17:26:31.931504095Z: [   14.120985] brd: module loaded
[STDOUT  ] 2019-05-07T17:26:31.972380178Z: [   14.161917] loop: module loaded
[STDOUT  ] 2019-05-07T17:26:32.046502925Z: [   14.235791] lpc_ich 0000:00:1f.0: I/O space for GPIO uninitialized
[STDOUT  ] 2019-05-07T17:26:32.049009676Z: [   14.238454] VMware PVSCSI driver - version 1.0.7.0-k
[STDOUT  ] 2019-05-07T17:26:32.049686210Z: [   14.239139] hv_vmbus: registering driver hv_storvsc
[STDOUT  ] 2019-05-07T17:26:32.064689126Z: [   14.254076] PCI Interrupt Link [GSIA] enabled at IRQ 16
[STDOUT  ] 2019-05-07T17:26:32.073060193Z: [   14.262234] ahci 0000:00:1f.2: AHCI 0001.0000 32 slots 6 ports 1.5 Gbps 0x3f impl SATA mode
[STDOUT  ] 2019-05-07T17:26:32.073724887Z: [   14.263171] ahci 0000:00:1f.2: flags: 64bit ncq only 
[STDOUT  ] 2019-05-07T17:26:32.092682771Z: [   14.282209] scsi host0: ahci
[STDOUT  ] 2019-05-07T17:26:32.096991476Z: [   14.286589] scsi host1: ahci
[STDOUT  ] 2019-05-07T17:26:32.099336850Z: [   14.288934] scsi host2: ahci
[STDOUT  ] 2019-05-07T17:26:32.101584375Z: [   14.291130] scsi host3: ahci
[STDOUT  ] 2019-05-07T17:26:32.103903764Z: [   14.293516] scsi host4: ahci
[STDOUT  ] 2019-05-07T17:26:32.106283692Z: [   14.295871] scsi host5: ahci
[STDOUT  ] 2019-05-07T17:26:32.108279524Z: [   14.297603] ata1: SATA max UDMA/133 abar m4096@0xfebd2000 port 0xfebd2100 irq 24
[STDOUT  ] 2019-05-07T17:26:32.108899113Z: [   14.298194] ata2: SATA max UDMA/133 abar m4096@0xfebd2000 port 0xfebd2180 irq 24
[STDOUT  ] 2019-05-07T17:26:32.109615312Z: [   14.298886] ata3: SATA max UDMA/133 abar m4096@0xfebd2000 port 0xfebd2200 irq 24
[STDOUT  ] 2019-05-07T17:26:32.110270291Z: [   14.299592] ata4: SATA max UDMA/133 abar m4096@0xfebd2000 port 0xfebd2280 irq 24
[STDOUT  ] 2019-05-07T17:26:32.110840194Z: [   14.300146] ata5: SATA max UDMA/133 abar m4096@0xfebd2000 port 0xfebd2300 irq 24
[STDOUT  ] 2019-05-07T17:26:32.111508342Z: [   14.300818] ata6: SATA max UDMA/133 abar m4096@0xfebd2000 port 0xfebd2380 irq 24
[STDOUT  ] 2019-05-07T17:26:32.126506823Z: [   14.315887] tun: Universal TUN/TAP device driver, 1.6
[STDOUT  ] 2019-05-07T17:26:32.141910800Z: [   14.331192] VMware vmxnet3 virtual NIC driver - version 1.4.16.0-k-NAPI
[STDOUT  ] 2019-05-07T17:26:32.142955209Z: [   14.332452] hv_vmbus: registering driver hv_netvsc
[STDOUT  ] 2019-05-07T17:26:32.143302542Z: [   14.332855] Fusion MPT base driver 3.04.20
[STDOUT  ] 2019-05-07T17:26:32.143712267Z: [   14.333170] Copyright (c) 1999-2008 LSI Corporation
[STDOUT  ] 2019-05-07T17:26:32.144443940Z: [   14.333953] Fusion MPT SPI Host driver 3.04.20
[STDOUT  ] 2019-05-07T17:26:32.147180732Z: [   14.336454] i8042: PNP: PS/2 Controller [PNP0303:KBD,PNP0f13:MOU] at 0x60,0x64 irq 1,12
[STDOUT  ] 2019-05-07T17:26:32.152032979Z: [   14.341496] serio: i8042 KBD port at 0x60,0x64 irq 1
[STDOUT  ] 2019-05-07T17:26:32.152750220Z: [   14.342203] serio: i8042 AUX port at 0x60,0x64 irq 12
[STDOUT  ] 2019-05-07T17:26:32.155939837Z: [   14.345251] hv_vmbus: registering driver hyperv_keyboard
[STDOUT  ] 2019-05-07T17:26:32.158572029Z: [   14.347916] mousedev: PS/2 mouse device common for all mice
[STDOUT  ] 2019-05-07T17:26:32.165243037Z: [   14.354613] input: PC Speaker as /devices/platform/pcspkr/input/input2
[STDOUT  ] 2019-05-07T17:26:32.166996490Z: [   14.356180] input: AT Translated Set 2 keyboard as /devices/platform/i8042/serio0/input/input1
[STDOUT  ] 2019-05-07T17:26:32.170643673Z: [   14.360068] rtc_cmos 00:00: RTC can wake from S4
[STDOUT  ] 2019-05-07T17:26:32.176919334Z: [   14.366284] rtc_cmos 00:00: registered as rtc0
[STDOUT  ] 2019-05-07T17:26:32.178564029Z: [   14.367824] rtc_cmos 00:00: alarms up to one day, y3k, 114 bytes nvram, hpet irqs
[STDOUT  ] 2019-05-07T17:26:32.179212928Z: [   14.368788] i2c /dev entries driver
[STDOUT  ] 2019-05-07T17:26:32.181969185Z: [   14.371136] device-mapper: ioctl: 4.39.0-ioctl (2018-04-03) initialised: dm-devel@redhat.com
[STDOUT  ] 2019-05-07T17:26:32.187816830Z: [   14.377121] usbcore: registered new interface driver usbhid
[STDOUT  ] 2019-05-07T17:26:32.188485687Z: [   14.378024] usbhid: USB HID core driver
[STDOUT  ] 2019-05-07T17:26:32.189554827Z: [   14.378972] hv_utils: Registering HyperV Utility Driver
[STDOUT  ] 2019-05-07T17:26:32.190043978Z: [   14.379549] hv_vmbus: registering driver hv_util
[STDOUT  ] 2019-05-07T17:26:32.190434478Z: [   14.379911] hv_vmbus: registering driver hv_balloon
[STDOUT  ] 2019-05-07T17:26:32.191050837Z: [   14.380600] oprofile: using NMI interrupt.
[STDOUT  ] 2019-05-07T17:26:32.192539275Z: [   14.382059] GACT probability on
[STDOUT  ] 2019-05-07T17:26:32.193093277Z: [   14.382672] Mirror/redirect action on
[STDOUT  ] 2019-05-07T17:26:32.194020070Z: [   14.383599] Simple TC action Loaded
[STDOUT  ] 2019-05-07T17:26:32.194499223Z: [   14.384054] u32 classifier
[STDOUT  ] 2019-05-07T17:26:32.194927588Z: [   14.384500]     Performance counters on
[STDOUT  ] 2019-05-07T17:26:32.195219157Z: [   14.384803]     input device check on
[STDOUT  ] 2019-05-07T17:26:32.195500774Z: [   14.385081]     Actions configured
[STDOUT  ] 2019-05-07T17:26:32.210135622Z: [   14.399624] xt_time: kernel timezone is -0000
[STDOUT  ] 2019-05-07T17:26:32.211639360Z: [   14.400920] IPVS: Registered protocols (TCP, UDP, SCTP, AH, ESP)
[STDOUT  ] 2019-05-07T17:26:32.212661427Z: [   14.401965] IPVS: Connection hash table configured (size=4096, memory=64Kbytes)
[STDOUT  ] 2019-05-07T17:26:32.218296440Z: [   14.407827] IPVS: ipvs loaded.
[STDOUT  ] 2019-05-07T17:26:32.218917882Z: [   14.408271] IPVS: [rr] scheduler registered.
[STDOUT  ] 2019-05-07T17:26:32.219338581Z: [   14.408892] IPVS: [wrr] scheduler registered.
[STDOUT  ] 2019-05-07T17:26:32.219690641Z: [   14.409214] IPVS: [lc] scheduler registered.
[STDOUT  ] 2019-05-07T17:26:32.220220852Z: [   14.409766] IPVS: [wlc] scheduler registered.
[STDOUT  ] 2019-05-07T17:26:32.220551285Z: [   14.410095] IPVS: [fo] scheduler registered.
[STDOUT  ] 2019-05-07T17:26:32.220947920Z: [   14.410474] IPVS: [ovf] scheduler registered.
[STDOUT  ] 2019-05-07T17:26:32.221412439Z: [   14.410961] IPVS: [lblc] scheduler registered.
[STDOUT  ] 2019-05-07T17:26:32.221962706Z: [   14.411501] IPVS: [lblcr] scheduler registered.
[STDOUT  ] 2019-05-07T17:26:32.222276722Z: [   14.411831] IPVS: [dh] scheduler registered.
[STDOUT  ] 2019-05-07T17:26:32.222653569Z: [   14.412143] IPVS: [sh] scheduler registered.
[STDOUT  ] 2019-05-07T17:26:32.223062219Z: [   14.412629] IPVS: [mh] scheduler registered.
[STDOUT  ] 2019-05-07T17:26:32.223387222Z: [   14.412931] IPVS: [sed] scheduler registered.
[STDOUT  ] 2019-05-07T17:26:32.223769360Z: [   14.413332] IPVS: [nq] scheduler registered.
[STDOUT  ] 2019-05-07T17:26:32.224669505Z: [   14.414080] IPVS: ftp: loaded support on port[0] = 21
[STDOUT  ] 2019-05-07T17:26:32.225736632Z: [   14.415159] ipip: IPv4 and MPLS over IPv4 tunneling driver
[STDOUT  ] 2019-05-07T17:26:32.231420687Z: [   14.420905] gre: GRE over IPv4 demultiplexor driver
[STDOUT  ] 2019-05-07T17:26:32.239470622Z: [   14.428810] ipt_CLUSTERIP: ClusterIP Version 0.8 loaded successfully
[STDOUT  ] 2019-05-07T17:26:32.243317580Z: [   14.432760] NET: Registered protocol family 10
[STDOUT  ] 2019-05-07T17:26:32.256917442Z: [   14.446447] Segment Routing with IPv6
[STDOUT  ] 2019-05-07T17:26:32.268311484Z: [   14.457817] NET: Registered protocol family 17
[STDOUT  ] 2019-05-07T17:26:32.269588586Z: [   14.459095] Bridge firewalling registered
[STDOUT  ] 2019-05-07T17:26:32.272991432Z: [   14.462291] 8021q: 802.1Q VLAN Support v1.8
[STDOUT  ] 2019-05-07T17:26:32.275084831Z: [   14.464629] 9pnet: Installing 9P2000 support
[STDOUT  ] 2019-05-07T17:26:32.277117639Z: [   14.466666] Key type dns_resolver registered
[STDOUT  ] 2019-05-07T17:26:32.279567035Z: [   14.469062] NET: Registered protocol family 40
[STDOUT  ] 2019-05-07T17:26:32.281139820Z: [   14.470267] sched_clock: Marking stable (14486246655, -16802989)->(14724279928, -254836262)
[STDOUT  ] 2019-05-07T17:26:32.285268701Z: [   14.474788] registered taskstats version 1
[STDOUT  ] 2019-05-07T17:26:32.424659654Z: [   14.613920] ata3: SATA link up 1.5 Gbps (SStatus 113 SControl 300)
[STDOUT  ] 2019-05-07T17:26:32.428193804Z: [   14.617640] ata2: SATA link down (SStatus 0 SControl 300)
[STDOUT  ] 2019-05-07T17:26:32.429797730Z: [   14.619153] ata1: SATA link up 1.5 Gbps (SStatus 113 SControl 300)
[STDOUT  ] 2019-05-07T17:26:32.432782770Z: [   14.622152] ata1.00: ATA-7: QEMU HARDDISK, 2.5+, max UDMA/100
[STDOUT  ] 2019-05-07T17:26:32.433482048Z: [   14.622867] ata1.00: 524288 sectors, multi 16: LBA48 NCQ (depth 32)
[STDOUT  ] 2019-05-07T17:26:32.434064603Z: [   14.623606] ata1.00: applying bridge limits
[STDOUT  ] 2019-05-07T17:26:32.435987280Z: [   14.625366] ata5: SATA link down (SStatus 0 SControl 300)
[STDOUT  ] 2019-05-07T17:26:32.436601698Z: [   14.626014] ata4: SATA link down (SStatus 0 SControl 300)
[STDOUT  ] 2019-05-07T17:26:32.440699347Z: [   14.630074] ata3.00: ATAPI: QEMU DVD-ROM, 2.5+, max UDMA/100
[STDOUT  ] 2019-05-07T17:26:32.441201499Z: [   14.630748] ata3.00: applying bridge limits
[STDOUT  ] 2019-05-07T17:26:32.442762933Z: [   14.632205] ata3.00: configured for UDMA/100
[STDOUT  ] 2019-05-07T17:26:32.444276381Z: [   14.633730] ata6: SATA link down (SStatus 0 SControl 300)
[STDOUT  ] 2019-05-07T17:26:32.445157001Z: [   14.634689] ata1.00: configured for UDMA/100
[STDOUT  ] 2019-05-07T17:26:32.473868692Z: [   14.663038] scsi 0:0:0:0: Direct-Access     ATA      QEMU HARDDISK    2.5+ PQ: 0 ANSI: 5
[STDOUT  ] 2019-05-07T17:26:32.493724690Z: [   14.682922] sd 0:0:0:0: [sda] 524288 512-byte logical blocks: (268 MB/256 MiB)
[STDOUT  ] 2019-05-07T17:26:32.495468748Z: [   14.684890] sd 0:0:0:0: Attached scsi generic sg0 type 0
[STDOUT  ] 2019-05-07T17:26:32.501300096Z: [   14.690552] scsi 2:0:0:0: CD-ROM            QEMU     QEMU DVD-ROM     2.5+ PQ: 0 ANSI: 5
[STDOUT  ] 2019-05-07T17:26:32.503281715Z: [   14.692653] sd 0:0:0:0: [sda] Write Protect is off
[STDOUT  ] 2019-05-07T17:26:32.509873387Z: [   14.698999] sd 0:0:0:0: [sda] Write cache: enabled, read cache: enabled, doesn't support DPO or FUA
[STDOUT  ] 2019-05-07T17:26:32.524987233Z: [   14.714211] sr 2:0:0:0: [sr0] scsi3-mmc drive: 4x/4x cd/rw xa/form2 tray
[STDOUT  ] 2019-05-07T17:26:32.525739693Z: [   14.715165] cdrom: Uniform CD-ROM driver Revision: 3.20
[STDOUT  ] 2019-05-07T17:26:32.545223123Z: [   14.734635] sr 2:0:0:0: Attached scsi generic sg1 type 5
[STDOUT  ] 2019-05-07T17:26:32.559291508Z: [   14.748744] sd 0:0:0:0: [sda] Attached SCSI disk
[STDOUT  ] 2019-05-07T17:26:32.610509530Z: [   14.799760] tsc: Refined TSC clocksource calibration: 2599.764 MHz
[STDOUT  ] 2019-05-07T17:26:32.611637551Z: [   14.800727] clocksource: tsc: mask: 0xffffffffffffffff max_cycles: 0x25795d530fd, max_idle_ns: 440795300307 ns
[STDOUT  ] 2019-05-07T17:26:32.612291282Z: [   14.801769] clocksource: Switched to clocksource tsc
[STDOUT  ] 2019-05-07T17:26:32.712569564Z: [   14.902040] Key type big_key registered
[STDOUT  ] 2019-05-07T17:26:32.828056815Z: [   15.017551] Key type trusted registered
[STDOUT  ] 2019-05-07T17:26:32.952286255Z: [   15.141757] Key type encrypted registered
[STDOUT  ] 2019-05-07T17:26:32.953598194Z: [   15.142998] ima: No TPM chip found, activating TPM-bypass!
[STDOUT  ] 2019-05-07T17:26:32.954603894Z: [   15.144013] ima: Allocated hash algorithm: sha256
[STDOUT  ] 2019-05-07T17:26:32.961091554Z: [   15.150537] evm: Initialising EVM extended attributes:
[STDOUT  ] 2019-05-07T17:26:32.961314611Z: [   15.150954] evm: security.ima
[STDOUT  ] 2019-05-07T17:26:32.961693875Z: [   15.151195] evm: security.capability
[STDOUT  ] 2019-05-07T17:26:32.962234943Z: [   15.151810] evm: HMAC attrs: 0x1
[STDOUT  ] 2019-05-07T17:26:32.972373818Z: [   15.161617] rtc_cmos 00:00: setting system clock to 2019-05-07 17:26:32 UTC (1557249992)
[STDOUT  ] 2019-05-07T17:26:33.181899014Z: [   15.371032] Freeing unused kernel image memory: 1584K
[STDOUT  ] 2019-05-07T17:26:33.183804642Z: [   15.372965] Write protecting the kernel read-only data: 18432k
[STDOUT  ] 2019-05-07T17:26:33.204307085Z: [   15.393672] Freeing unused kernel image memory: 2028K
[STDOUT  ] 2019-05-07T17:26:33.211678833Z: [   15.401048] Freeing unused kernel image memory: 1088K
[STDOUT  ] 2019-05-07T17:26:33.212810716Z: [   15.402365] Run /init as init process
[STDOUT  ] 2019-05-07T17:26:57.907899184Z: 
[STDOUT  ] 2019-05-07T17:26:57.908494696Z: Welcome to LinuxKit
[STDOUT  ] 2019-05-07T17:26:57.908543768Z: 
[STDOUT  ] 2019-05-07T17:26:57.908996529Z:                         ##         .
[STDOUT  ] 2019-05-07T17:26:57.909317061Z:                   ## ## ##        ==
[STDOUT  ] 2019-05-07T17:26:57.909812785Z:                ## ## ## ## ##    ===
[STDOUT  ] 2019-05-07T17:26:57.910129636Z:            /"""""""""""""""""\___/ ===
[STDOUT  ] 2019-05-07T17:26:57.910672388Z:           {                       /  ===-
[STDOUT  ] 2019-05-07T17:26:57.910971514Z:            \______ O           __/
[STDOUT  ] 2019-05-07T17:26:57.911256068Z:              \    \         __/
[STDOUT  ] 2019-05-07T17:26:57.911673298Z:               \____\_______/
[STDOUT  ] 2019-05-07T17:26:57.911707532Z: 
[STDOUT  ] 2019-05-07T17:26:59.552287271Z: [   41.741680] IPVS: ftp: loaded support on port[0] = 21
[STDOUT  ] 2019-05-07T17:27:02.207096338Z: [   44.396700]  sda:
[STDOUT  ] 2019-05-07T17:27:02.340402831Z: [   44.529977]  sda:
[STDOUT  ] 2019-05-07T17:27:02.722621496Z: [   44.912061]  sda: sda1
[STDOUT  ] 2019-05-07T17:27:02.857361007Z: [   45.046904]  sda: sda1
[STDOUT  ] 2019-05-07T17:27:05.511465622Z: 2019/05/07 17:27:01 Creating partition on /dev/sda
[STDOUT  ] 2019-05-07T17:27:05.512165578Z: 2019/05/07 17:27:04 Partition /dev/sda1 successfully created!
[STDOUT  ] 2019-05-07T17:27:06.647828936Z: [   48.837203] IPVS: ftp: loaded support on port[0] = 21
[STDOUT  ] 2019-05-07T17:27:09.967770240Z: [   52.156911] EXT4-fs (sda1): mounted filesystem with ordered data mode. Opts: (null)
[STDOUT  ] 2019-05-07T17:27:28.752469088Z: [   70.941824] sd 0:0:0:0: [sda] Synchronizing SCSI cache
[STDOUT  ] 2019-05-07T17:27:28.753559980Z: [   70.942974] sd 0:0:0:0: [sda] Stopping disk
[STDOUT  ] 2019-05-07T17:27:28.757135406Z: [   70.946566] ACPI: Preparing to enter system sleep state S5
[STDOUT  ] 2019-05-07T17:27:28.758359580Z: [   70.947923] reboot: Power down
[STDERR  ] 2019-05-07T17:27:28.777955473Z: + [ -f disk.img ]
[STDERR  ] 2019-05-07T17:27:28.778052108Z: + dd if=/dev/zero bs=1048576 count=256
[STDERR  ] 2019-05-07T17:27:29.031675071Z: 256+0 records in
[STDERR  ] 2019-05-07T17:27:29.031789983Z: 256+0 records out
[STDERR  ] 2019-05-07T17:27:29.031969175Z: + linuxkit build -format kernel+initrd -name extend-ext4 test.yml
[STDERR  ] 2019-05-07T17:27:29.084234409Z: Extract kernel image: linuxkit/kernel:4.19.39
[STDERR  ] 2019-05-07T17:27:33.910962552Z: Add init containers:
[STDERR  ] 2019-05-07T17:27:33.911081684Z: Process init image: linuxkit/init:v0.7
[STDERR  ] 2019-05-07T17:27:35.651158283Z: Process init image: linuxkit/runc:v0.7
[STDERR  ] 2019-05-07T17:27:37.247118118Z: Add onboot containers:
[STDERR  ] 2019-05-07T17:27:37.247225475Z:   Create OCI config for linuxkit/extend:v0.7
[STDERR  ] 2019-05-07T17:27:40.312548495Z:   Create OCI config for linuxkit/mount:v0.7
[STDERR  ] 2019-05-07T17:27:41.995650079Z:   Create OCI config for alpine:3.9
[STDERR  ] 2019-05-07T17:27:43.563507906Z:   Create OCI config for linuxkit/poweroff:b498d30dd9660090565537fceb9e757618737a85
[STDERR  ] 2019-05-07T17:27:45.079692960Z: Add files:
[STDERR  ] 2019-05-07T17:27:45.079798505Z:   check.sh
[STDERR  ] 2019-05-07T17:27:45.079828003Z: Create outputs:
[STDERR  ] 2019-05-07T17:27:55.140378860Z:   extend-ext4-kernel extend-ext4-initrd.img extend-ext4-cmdline
[STDERR  ] 2019-05-07T17:27:55.287801504Z: + linuxkit run -disk file=disk.img extend-ext4
[STDERR  ] 2019-05-07T17:27:55.336187945Z: Using existing disk [disk.img] format 
[STDERR  ] 2019-05-07T17:27:55.362181250Z: WARNING: Image format was not specified for 'disk.img' and probing guessed raw.
[STDERR  ] 2019-05-07T17:27:55.362348979Z:          Automatically detecting the format is dangerous for raw images, write operations on block 0 will be restricted.
[STDERR  ] 2019-05-07T17:27:55.362380882Z:          Specify the 'raw' format explicitly to remove the restrictions.
[STDERR  ] 2019-05-07T17:29:59.177474295Z: + RESULT=[    0.000000] Linux version 4.19.39-linuxkit (root@b3625c29a5bd) (gcc version 8.3.0 (Alpine 8.3.0)) #1 SMP Sun May 5 12:58:43 UTC 2019
[STDERR  ] 2019-05-07T17:29:59.177704489Z: [    0.000000] Command line: console=ttyS0 console=ttyAMA0
[STDERR  ] 2019-05-07T17:29:59.177737496Z: [    0.000000] x86/fpu: x87 FPU will use FXSAVE
[STDERR  ] 2019-05-07T17:29:59.177770762Z: [    0.000000] BIOS-provided physical RAM map:
[STDERR  ] 2019-05-07T17:29:59.177801244Z: [    0.000000] BIOS-e820: [mem 0x0000000000000000-0x000000000009fbff] usable
[STDERR  ] 2019-05-07T17:29:59.177832982Z: [    0.000000] BIOS-e820: [mem 0x000000000009fc00-0x000000000009ffff] reserved
[STDERR  ] 2019-05-07T17:29:59.177864038Z: [    0.000000] BIOS-e820: [mem 0x00000000000f0000-0x00000000000fffff] reserved
[STDERR  ] 2019-05-07T17:29:59.177893013Z: [    0.000000] BIOS-e820: [mem 0x0000000000100000-0x000000003ffdefff] usable
[STDERR  ] 2019-05-07T17:29:59.177924249Z: [    0.000000] BIOS-e820: [mem 0x000000003ffdf000-0x000000003fffffff] reserved
[STDERR  ] 2019-05-07T17:29:59.177953094Z: [    0.000000] BIOS-e820: [mem 0x00000000b0000000-0x00000000bfffffff] reserved
[STDERR  ] 2019-05-07T17:29:59.177982893Z: [    0.000000] BIOS-e820: [mem 0x00000000fed1c000-0x00000000fed1ffff] reserved
[STDERR  ] 2019-05-07T17:29:59.178012724Z: [    0.000000] BIOS-e820: [mem 0x00000000fffc0000-0x00000000ffffffff] reserved
[STDERR  ] 2019-05-07T17:29:59.178041341Z: [    0.000000] NX (Execute Disable) protection: active
[STDERR  ] 2019-05-07T17:29:59.178071000Z: [    0.000000] SMBIOS 2.8 present.
[STDERR  ] 2019-05-07T17:29:59.178100078Z: [    0.000000] DMI: QEMU Standard PC (Q35 + ICH9, 2009), BIOS rel-1.10.2-0-g5f4c7b1-prebuilt.qemu-project.org 04/01/2014
[STDERR  ] 2019-05-07T17:29:59.178150041Z: [    0.000000] tsc: Fast TSC calibration using PIT
[STDERR  ] 2019-05-07T17:29:59.178178272Z: [    0.000000] tsc: Detected 2599.761 MHz processor
[STDERR  ] 2019-05-07T17:29:59.178206312Z: [    0.066667] last_pfn = 0x3ffdf max_arch_pfn = 0x400000000
[STDERR  ] 2019-05-07T17:29:59.178235461Z: [    0.068309] x86/PAT: Configuration [0-7]: WB  WC  UC- UC  WB  WP  UC- WT  
[STDERR  ] 2019-05-07T17:29:59.178293798Z: [    0.117207] found SMP MP-table at [mem 0x000f6aa0-0x000f6aaf]
[STDERR  ] 2019-05-07T17:29:59.178330180Z: [    0.127269] RAMDISK: [mem 0x3c4cb000-0x3ffcffff]
[STDERR  ] 2019-05-07T17:29:59.178363275Z: [    0.128087] ACPI: Early table checksum verification disabled
[STDERR  ] 2019-05-07T17:29:59.178408223Z: [    0.130217] ACPI: RSDP 0x00000000000F68C0 000014 (v00 BOCHS )
[STDERR  ] 2019-05-07T17:29:59.178437496Z: [    0.130515] ACPI: RSDT 0x000000003FFE2404 000034 (v01 BOCHS  BXPCRSDT 00000001 BXPC 00000001)
[STDERR  ] 2019-05-07T17:29:59.178476180Z: [    0.131335] ACPI: FACP 0x000000003FFE22A4 000074 (v01 BOCHS  BXPCFACP 00000001 BXPC 00000001)
[STDERR  ] 2019-05-07T17:29:59.178504941Z: [    0.132126] ACPI: DSDT 0x000000003FFE0040 002264 (v01 BOCHS  BXPCDSDT 00000001 BXPC 00000001)
[STDERR  ] 2019-05-07T17:29:59.178531515Z: [    0.132263] ACPI: FACS 0x000000003FFE0000 000040
[STDERR  ] 2019-05-07T17:29:59.178561284Z: [    0.132380] ACPI: APIC 0x000000003FFE2318 000078 (v01 BOCHS  BXPCAPIC 00000001 BXPC 00000001)
[STDERR  ] 2019-05-07T17:29:59.178592452Z: [    0.132463] ACPI: HPET 0x000000003FFE2390 000038 (v01 BOCHS  BXPCHPET 00000001 BXPC 00000001)
[STDERR  ] 2019-05-07T17:29:59.178619894Z: [    0.132545] ACPI: MCFG 0x000000003FFE23C8 00003C (v01 BOCHS  BXPCMCFG 00000001 BXPC 00000001)
[STDERR  ] 2019-05-07T17:29:59.178654204Z: [    0.138394] Zone ranges:
[STDERR  ] 2019-05-07T17:29:59.178683578Z: [    0.138506]   DMA      [mem 0x0000000000001000-0x0000000000ffffff]
[STDERR  ] 2019-05-07T17:29:59.178715646Z: [    0.138588]   DMA32    [mem 0x0000000001000000-0x000000003ffdefff]
[STDERR  ] 2019-05-07T17:29:59.178745265Z: [    0.138629]   Normal   empty
[STDERR  ] 2019-05-07T17:29:59.178774401Z: [    0.138674]   Device   empty
[STDERR  ] 2019-05-07T17:29:59.178807208Z: [    0.138714] Movable zone start for each node
[STDERR  ] 2019-05-07T17:29:59.178840286Z: [    0.138773] Early memory node ranges
[STDERR  ] 2019-05-07T17:29:59.178871326Z: [    0.138829]   node   0: [mem 0x0000000000001000-0x000000000009efff]
[STDERR  ] 2019-05-07T17:29:59.178900642Z: [    0.138880]   node   0: [mem 0x0000000000100000-0x000000003ffdefff]
[STDERR  ] 2019-05-07T17:29:59.178928417Z: [    0.139931] Reserved but unavailable: 98 pages
[STDERR  ] 2019-05-07T17:29:59.178960934Z: [    0.140145] Initmem setup node 0 [mem 0x0000000000001000-0x000000003ffdefff]
[STDERR  ] 2019-05-07T17:29:59.178991087Z: [    0.204624] ACPI: PM-Timer IO Port: 0x608
[STDERR  ] 2019-05-07T17:29:59.179023827Z: [    0.205320] ACPI: LAPIC_NMI (acpi_id[0xff] dfl dfl lint[0x1])
[STDERR  ] 2019-05-07T17:29:59.179051953Z: [    0.205911] IOAPIC[0]: apic_id 0, version 32, address 0xfec00000, GSI 0-23
[STDERR  ] 2019-05-07T17:29:59.179082477Z: [    0.206096] ACPI: INT_SRC_OVR (bus 0 bus_irq 0 global_irq 2 dfl dfl)
[STDERR  ] 2019-05-07T17:29:59.179111258Z: [    0.206454] ACPI: INT_SRC_OVR (bus 0 bus_irq 5 global_irq 5 high level)
[STDERR  ] 2019-05-07T17:29:59.179149141Z: [    0.206518] ACPI: INT_SRC_OVR (bus 0 bus_irq 9 global_irq 9 high level)
[STDERR  ] 2019-05-07T17:29:59.179180599Z: [    0.206657] ACPI: INT_SRC_OVR (bus 0 bus_irq 10 global_irq 10 high level)
[STDERR  ] 2019-05-07T17:29:59.179210390Z: [    0.206690] ACPI: INT_SRC_OVR (bus 0 bus_irq 11 global_irq 11 high level)
[STDERR  ] 2019-05-07T17:29:59.179245386Z: [    0.207078] Using ACPI (MADT) for SMP configuration information
[STDERR  ] 2019-05-07T17:29:59.179273681Z: [    0.207155] ACPI: HPET id: 0x8086a201 base: 0xfed00000
[STDERR  ] 2019-05-07T17:29:59.179300605Z: [    0.207702] smpboot: Allowing 1 CPUs, 0 hotplug CPUs
[STDERR  ] 2019-05-07T17:29:59.179343845Z: [    0.208738] [mem 0x40000000-0xafffffff] available for PCI devices
[STDERR  ] 2019-05-07T17:29:59.179377995Z: [    0.208805] Booting paravirtualized kernel on bare hardware
[STDERR  ] 2019-05-07T17:29:59.179409434Z: [    0.209105] clocksource: refined-jiffies: mask: 0xffffffff max_cycles: 0xffffffff, max_idle_ns: 1910969940391419 ns
[STDERR  ] 2019-05-07T17:29:59.179440534Z: [    3.495204] random: get_random_bytes called from start_kernel+0x91/0x512 with crng_init=0
[STDERR  ] 2019-05-07T17:29:59.179477851Z: [    3.496291] setup_percpu: NR_CPUS:128 nr_cpumask_bits:128 nr_cpu_ids:1 nr_node_ids:1
[STDERR  ] 2019-05-07T17:29:59.179521876Z: [    3.504610] percpu: Embedded 45 pages/cpu s145112 r8192 d31016 u2097152
[STDERR  ] 2019-05-07T17:29:59.179563500Z: [    3.507440] Built 1 zonelists, mobility grouping on.  Total pages: 257896
[STDERR  ] 2019-05-07T17:29:59.179594058Z: [    3.507705] Kernel command line: console=ttyS0 console=ttyAMA0
[STDERR  ] 2019-05-07T17:29:59.179620869Z: [    3.512041] Dentry cache hash table entries: 131072 (order: 8, 1048576 bytes)
[STDERR  ] 2019-05-07T17:29:59.179649577Z: [    3.513682] Inode-cache hash table entries: 65536 (order: 7, 524288 bytes)
[STDERR  ] 2019-05-07T17:29:59.179682459Z: [    3.581254] Memory: 941452K/1048052K available (12300K kernel code, 1583K rwdata, 3008K rodata, 1584K init, 2028K bss, 106600K reserved, 0K cma-reserved)
[STDERR  ] 2019-05-07T17:29:59.179718154Z: [    3.588442] ftrace: allocating 43064 entries in 169 pages
[STDERR  ] 2019-05-07T17:29:59.179745606Z: [    4.103441] rcu: Hierarchical RCU implementation.
[STDERR  ] 2019-05-07T17:29:59.179773938Z: [    4.103639] rcu: 	RCU restricting CPUs from NR_CPUS=128 to nr_cpu_ids=1.
[STDERR  ] 2019-05-07T17:29:59.179804033Z: [    4.103811] rcu: Adjusting geometry for rcu_fanout_leaf=16, nr_cpu_ids=1
[STDERR  ] 2019-05-07T17:29:59.179830291Z: [    4.160672] NR_IRQS: 8448, nr_irqs: 256, preallocated irqs: 16
[STDERR  ] 2019-05-07T17:29:59.179864113Z: [    4.174602] Console: colour VGA+ 80x25
[STDERR  ] 2019-05-07T17:29:59.179893647Z: [    4.218643] console [ttyS0] enabled
[STDERR  ] 2019-05-07T17:29:59.179923621Z: [    4.219433] ACPI: Core revision 20180810
[STDERR  ] 2019-05-07T17:29:59.179956685Z: [    4.227753] clocksource: hpet: mask: 0xffffffff max_cycles: 0xffffffff, max_idle_ns: 19112604467 ns
[STDERR  ] 2019-05-07T17:29:59.179985557Z: [    4.235511] APIC: Switch to symmetric I/O mode setup
[STDERR  ] 2019-05-07T17:29:59.180021446Z: [    4.242552] ..TIMER: vector=0x30 apic1=0 pin1=2 apic2=-1 pin2=-1
[STDERR  ] 2019-05-07T17:29:59.180050870Z: [    4.248196] clocksource: tsc-early: mask: 0xffffffffffffffff max_cycles: 0x25795a3d23f, max_idle_ns: 440795283713 ns
[STDERR  ] 2019-05-07T17:29:59.180086495Z: [    4.252143] Calibrating delay loop (skipped), value calculated using timer frequency.. 5199.52 BogoMIPS (lpj=2599761)
[STDERR  ] 2019-05-07T17:29:59.180114186Z: [    4.253638] pid_max: default: 32768 minimum: 301
[STDERR  ] 2019-05-07T17:29:59.180151111Z: [    4.258253] Security Framework initialized
[STDERR  ] 2019-05-07T17:29:59.180180559Z: [    4.258753] Yama: becoming mindful.
[STDERR  ] 2019-05-07T17:29:59.180210164Z: [    4.261253] Mount-cache hash table entries: 2048 (order: 2, 16384 bytes)
[STDERR  ] 2019-05-07T17:29:59.180240040Z: [    4.261700] Mountpoint-cache hash table entries: 2048 (order: 2, 16384 bytes)
[STDERR  ] 2019-05-07T17:29:59.180271120Z: [    4.283403] Last level iTLB entries: 4KB 0, 2MB 0, 4MB 0
[STDERR  ] 2019-05-07T17:29:59.180299317Z: [    4.283643] Last level dTLB entries: 4KB 0, 2MB 0, 4MB 0, 1GB 0
[STDERR  ] 2019-05-07T17:29:59.180335149Z: [    4.284782] Spectre V2 : Spectre mitigation: LFENCE not serializing, switching to generic retpoline
[STDERR  ] 2019-05-07T17:29:59.180368100Z: [    4.285644] Spectre V2 : Mitigation: Full generic retpoline
[STDERR  ] 2019-05-07T17:29:59.180397845Z: [    4.286102] Spectre V2 : Spectre v2 / SpectreRSB mitigation: Filling RSB on context switch
[STDERR  ] 2019-05-07T17:29:59.180445085Z: [    4.286729] Speculative Store Bypass: Vulnerable
[STDERR  ] 2019-05-07T17:29:59.180488074Z: [    4.491963] random: fast init done
[STDERR  ] 2019-05-07T17:29:59.180517614Z: [    4.619958] Freeing SMP alternatives memory: 20K
[STDERR  ] 2019-05-07T17:29:59.180547551Z: [    4.644590] smpboot: CPU0: AMD QEMU Virtual CPU version 2.5+ (family: 0x6, model: 0x6, stepping: 0x3)
[STDERR  ] 2019-05-07T17:29:59.180577478Z: [    4.653789] Performance Events: PMU not available due to virtualization, using software events only.
[STDERR  ] 2019-05-07T17:29:59.180607374Z: [    4.657538] rcu: Hierarchical SRCU implementation.
[STDERR  ] 2019-05-07T17:29:59.180635602Z: [    4.664839] NMI watchdog: Perf NMI watchdog permanently disabled
[STDERR  ] 2019-05-07T17:29:59.180672563Z: [    4.669702] smp: Bringing up secondary CPUs ...
[STDERR  ] 2019-05-07T17:29:59.180706362Z: [    4.670303] smp: Brought up 1 node, 1 CPU
[STDERR  ] 2019-05-07T17:29:59.180736757Z: [    4.670671] smpboot: Max logical packages: 1
[STDERR  ] 2019-05-07T17:29:59.180766317Z: [    4.671155] smpboot: Total of 1 processors activated (5199.52 BogoMIPS)
[STDERR  ] 2019-05-07T17:29:59.180795589Z: [    4.687526] devtmpfs: initialized
[STDERR  ] 2019-05-07T17:29:59.180824959Z: [    4.692770] x86/mm: Memory block size: 128MB
[STDERR  ] 2019-05-07T17:29:59.180853440Z: [    4.704069] clocksource: jiffies: mask: 0xffffffff max_cycles: 0xffffffff, max_idle_ns: 1911260446275000 ns
[STDERR  ] 2019-05-07T17:29:59.180886641Z: [    4.704832] futex hash table entries: 256 (order: 2, 16384 bytes)
[STDERR  ] 2019-05-07T17:29:59.180915205Z: [    4.719933] NET: Registered protocol family 16
[STDERR  ] 2019-05-07T17:29:59.180946668Z: [    4.724657] audit: initializing netlink subsys (disabled)
[STDERR  ] 2019-05-07T17:29:59.180975755Z: [    4.730094] audit: type=2000 audit(1557250080.491:1): state=initialized audit_enabled=0 res=1
[STDERR  ] 2019-05-07T17:29:59.181009893Z: [    4.733780] cpuidle: using governor ladder
[STDERR  ] 2019-05-07T17:29:59.181039150Z: [    4.734318] cpuidle: using governor menu
[STDERR  ] 2019-05-07T17:29:59.181068626Z: [    4.736279] ACPI: bus type PCI registered
[STDERR  ] 2019-05-07T17:29:59.181095432Z: [    4.739385] PCI: MMCONFIG for domain 0000 [bus 00-ff] at [mem 0xb0000000-0xbfffffff] (base 0xb0000000)
[STDERR  ] 2019-05-07T17:29:59.181123754Z: [    4.740731] PCI: MMCONFIG at [mem 0xb0000000-0xbfffffff] reserved in E820
[STDERR  ] 2019-05-07T17:29:59.181151677Z: [    4.742155] PCI: Using configuration type 1 for base access
[STDERR  ] 2019-05-07T17:29:59.181186371Z: [    4.807794] HugeTLB registered 2.00 MiB page size, pre-allocated 0 pages
[STDERR  ] 2019-05-07T17:29:59.181215665Z: [    4.813385] cryptd: max_cpu_qlen set to 1000
[STDERR  ] 2019-05-07T17:29:59.181246696Z: [    4.820124] ACPI: Added _OSI(Module Device)
[STDERR  ] 2019-05-07T17:29:59.181276214Z: [    4.820630] ACPI: Added _OSI(Processor Device)
[STDERR  ] 2019-05-07T17:29:59.181305770Z: [    4.821015] ACPI: Added _OSI(3.0 _SCP Extensions)
[STDERR  ] 2019-05-07T17:29:59.181345111Z: [    4.821399] ACPI: Added _OSI(Processor Aggregator Device)
[STDERR  ] 2019-05-07T17:29:59.181399267Z: [    4.821734] ACPI: Added _OSI(Linux-Dell-Video)
[STDERR  ] 2019-05-07T17:29:59.181436448Z: [    4.822150] ACPI: Added _OSI(Linux-Lenovo-NV-HDMI-Audio)
[STDERR  ] 2019-05-07T17:29:59.181474545Z: [    4.873933] ACPI: 1 ACPI AML tables successfully acquired and loaded
[STDERR  ] 2019-05-07T17:29:59.181502410Z: [    4.908369] ACPI: Interpreter enabled
[STDERR  ] 2019-05-07T17:29:59.181529224Z: [    4.909815] ACPI: (supports S0 S5)
[STDERR  ] 2019-05-07T17:29:59.181566288Z: [    4.910238] ACPI: Using IOAPIC for interrupt routing
[STDERR  ] 2019-05-07T17:29:59.181595256Z: [    4.912958] PCI: Using host bridge windows from ACPI; if necessary, use "pci=nocrs" and report a bug
[STDERR  ] 2019-05-07T17:29:59.181624575Z: [    4.917165] ACPI: Enabled 2 GPEs in block 00 to 3F
[STDERR  ] 2019-05-07T17:29:59.181653270Z: [    4.988029] ACPI: PCI Root Bridge [PCI0] (domain 0000 [bus 00-ff])
[STDERR  ] 2019-05-07T17:29:59.181742259Z: [    4.989178] acpi PNP0A08:00: _OSC: OS supports [ExtendedConfig ASPM ClockPM Segments MSI]
[STDERR  ] 2019-05-07T17:29:59.181775560Z: [    4.993791] acpi PNP0A08:00: _OSC: platform does not support [SHPCHotplug LTR]
[STDERR  ] 2019-05-07T17:29:59.181803865Z: [    4.997141] acpi PNP0A08:00: _OSC: OS now controls [PCIeHotplug PME PCIeCapability]
[STDERR  ] 2019-05-07T17:29:59.181838239Z: [    5.001492] PCI host bridge to bus 0000:00
[STDERR  ] 2019-05-07T17:29:59.181867631Z: [    5.001846] pci_bus 0000:00: root bus resource [io  0x0000-0x0cf7 window]
[STDERR  ] 2019-05-07T17:29:59.181900120Z: [    5.002649] pci_bus 0000:00: root bus resource [io  0x0d00-0xffff window]
[STDERR  ] 2019-05-07T17:29:59.181929573Z: [    5.003224] pci_bus 0000:00: root bus resource [mem 0x000a0000-0x000bffff window]
[STDERR  ] 2019-05-07T17:29:59.181977511Z: [    5.003632] pci_bus 0000:00: root bus resource [mem 0xc0000000-0xfebfffff window]
[STDERR  ] 2019-05-07T17:29:59.182006914Z: [    5.004744] pci_bus 0000:00: root bus resource [bus 00-ff]
[STDERR  ] 2019-05-07T17:29:59.182038166Z: [    5.060711] pci 0000:00:1f.0: quirk: [io  0x0600-0x067f] claimed by ICH6 ACPI/GPIO/TCO
[STDERR  ] 2019-05-07T17:29:59.182068579Z: [    5.108429] ACPI: PCI Interrupt Link [LNKA] (IRQs 5 *10 11)
[STDERR  ] 2019-05-07T17:29:59.182097464Z: [    5.110927] ACPI: PCI Interrupt Link [LNKB] (IRQs 5 *10 11)
[STDERR  ] 2019-05-07T17:29:59.182126586Z: [    5.112944] ACPI: PCI Interrupt Link [LNKC] (IRQs 5 10 *11)
[STDERR  ] 2019-05-07T17:29:59.182160161Z: [    5.114990] ACPI: PCI Interrupt Link [LNKD] (IRQs 5 10 *11)
[STDERR  ] 2019-05-07T17:29:59.182188686Z: [    5.117050] ACPI: PCI Interrupt Link [LNKE] (IRQs 5 *10 11)
[STDERR  ] 2019-05-07T17:29:59.182215651Z: [    5.119071] ACPI: PCI Interrupt Link [LNKF] (IRQs 5 *10 11)
[STDERR  ] 2019-05-07T17:29:59.182299288Z: [    5.121041] ACPI: PCI Interrupt Link [LNKG] (IRQs 5 10 *11)
[STDERR  ] 2019-05-07T17:29:59.182342016Z: [    5.123064] ACPI: PCI Interrupt Link [LNKH] (IRQs 5 10 *11)
[STDERR  ] 2019-05-07T17:29:59.182377715Z: [    5.124032] ACPI: PCI Interrupt Link [GSIA] (IRQs *16)
[STDERR  ] 2019-05-07T17:29:59.182407469Z: [    5.124881] ACPI: PCI Interrupt Link [GSIB] (IRQs *17)
[STDERR  ] 2019-05-07T17:29:59.182436946Z: [    5.125745] ACPI: PCI Interrupt Link [GSIC] (IRQs *18)
[STDERR  ] 2019-05-07T17:29:59.182476884Z: [    5.126479] ACPI: PCI Interrupt Link [GSID] (IRQs *19)
[STDERR  ] 2019-05-07T17:29:59.182513711Z: [    5.126861] ACPI: PCI Interrupt Link [GSIE] (IRQs *20)
[STDERR  ] 2019-05-07T17:29:59.182542963Z: [    5.127873] ACPI: PCI Interrupt Link [GSIF] (IRQs *21)
[STDERR  ] 2019-05-07T17:29:59.182575242Z: [    5.128873] ACPI: PCI Interrupt Link [GSIG] (IRQs *22)
[STDERR  ] 2019-05-07T17:29:59.182604424Z: [    5.129880] ACPI: PCI Interrupt Link [GSIH] (IRQs *23)
[STDERR  ] 2019-05-07T17:29:59.182635105Z: [    5.139418] SCSI subsystem initialized
[STDERR  ] 2019-05-07T17:29:59.182664585Z: [    5.142686] ACPI: bus type USB registered
[STDERR  ] 2019-05-07T17:29:59.182697932Z: [    5.143845] usbcore: registered new interface driver usbfs
[STDERR  ] 2019-05-07T17:29:59.182726696Z: [    5.145012] usbcore: registered new interface driver hub
[STDERR  ] 2019-05-07T17:29:59.182756932Z: [    5.146024] usbcore: registered new device driver usb
[STDERR  ] 2019-05-07T17:29:59.182787137Z: [    5.147200] pps_core: LinuxPPS API ver. 1 registered
[STDERR  ] 2019-05-07T17:29:59.182816888Z: [    5.147640] pps_core: Software ver. 5.3.6 - Copyright 2005-2007 Rodolfo Giometti <giometti@linux.it>
[STDERR  ] 2019-05-07T17:29:59.182844250Z: [    5.148763] PTP clock support registered
[STDERR  ] 2019-05-07T17:29:59.182871990Z: [    5.151459] PCI: Using ACPI for IRQ routing
[STDERR  ] 2019-05-07T17:29:59.182902401Z: [    5.174253] NetLabel: Initializing
[STDERR  ] 2019-05-07T17:29:59.182934921Z: [    5.174638] NetLabel:  domain hash size = 128
[STDERR  ] 2019-05-07T17:29:59.182963923Z: [    5.175035] NetLabel:  protocols = UNLABELED CIPSOv4 CALIPSO
[STDERR  ] 2019-05-07T17:29:59.182999676Z: [    5.177901] NetLabel:  unlabeled traffic allowed by default
[STDERR  ] 2019-05-07T17:29:59.183036700Z: [    5.179253] HPET: 3 timers in total, 0 timers will be used for per-cpu timer
[STDERR  ] 2019-05-07T17:29:59.183070934Z: [    5.179908] hpet0: at MMIO 0xfed00000, IRQs 2, 8, 0
[STDERR  ] 2019-05-07T17:29:59.183101500Z: [    5.180648] hpet0: 3 comparators, 64-bit 100.000000 MHz counter
[STDERR  ] 2019-05-07T17:29:59.183136516Z: [    5.191039] clocksource: Switched to clocksource tsc-early
[STDERR  ] 2019-05-07T17:29:59.183164502Z: [    5.612460] VFS: Disk quotas dquot_6.6.0
[STDERR  ] 2019-05-07T17:29:59.183193609Z: [    5.613945] VFS: Dquot-cache hash table entries: 512 (order 0, 4096 bytes)
[STDERR  ] 2019-05-07T17:29:59.183220411Z: [    5.617847] FS-Cache: Loaded
[STDERR  ] 2019-05-07T17:29:59.183257407Z: [    5.626224] CacheFiles: Loaded
[STDERR  ] 2019-05-07T17:29:59.183320874Z: [    5.628030] pnp: PnP ACPI init
[STDERR  ] 2019-05-07T17:29:59.183357235Z: [    5.642282] pnp: PnP ACPI: found 5 devices
[STDERR  ] 2019-05-07T17:29:59.183391185Z: [    5.693569] clocksource: acpi_pm: mask: 0xffffff max_cycles: 0xffffff, max_idle_ns: 2085701024 ns
[STDERR  ] 2019-05-07T17:29:59.183421227Z: [    5.697507] NET: Registered protocol family 2
[STDERR  ] 2019-05-07T17:29:59.183461269Z: [    5.708282] tcp_listen_portaddr_hash hash table entries: 512 (order: 1, 8192 bytes)
[STDERR  ] 2019-05-07T17:29:59.183489736Z: [    5.709993] TCP established hash table entries: 8192 (order: 4, 65536 bytes)
[STDERR  ] 2019-05-07T17:29:59.183518864Z: [    5.711162] TCP bind hash table entries: 8192 (order: 5, 131072 bytes)
[STDERR  ] 2019-05-07T17:29:59.183548964Z: [    5.712222] TCP: Hash tables configured (established 8192 bind 8192)
[STDERR  ] 2019-05-07T17:29:59.183587132Z: [    5.715959] UDP hash table entries: 512 (order: 2, 16384 bytes)
[STDERR  ] 2019-05-07T17:29:59.183621105Z: [    5.717217] UDP-Lite hash table entries: 512 (order: 2, 16384 bytes)
[STDERR  ] 2019-05-07T17:29:59.183651150Z: [    5.720598] NET: Registered protocol family 1
[STDERR  ] 2019-05-07T17:29:59.183682309Z: [    5.721800] NET: Registered protocol family 44
[STDERR  ] 2019-05-07T17:29:59.183711396Z: [    5.722800] pci 0000:00:01.0: Video device with shadowed ROM at [mem 0x000c0000-0x000dffff]
[STDERR  ] 2019-05-07T17:29:59.183740746Z: [    5.734925] Trying to unpack rootfs image as initramfs...
[STDERR  ] 2019-05-07T17:29:59.183767830Z: [   23.527436] Freeing initrd memory: 60436K
[STDERR  ] 2019-05-07T17:29:59.183793989Z: [   23.561328] PCLMULQDQ-NI instructions are not detected.
[STDERR  ] 2019-05-07T17:29:59.183821681Z: [   23.564089] AVX or AES-NI instructions are not detected.
[STDERR  ] 2019-05-07T17:29:59.183848962Z: [   23.565277] CPU feature 'AVX registers' is not supported.
[STDERR  ] 2019-05-07T17:29:59.183877312Z: [   23.566409] CPU feature 'AVX registers' is not supported.
[STDERR  ] 2019-05-07T17:29:59.183902445Z: [   23.567265] CPU feature 'AVX registers' is not supported.
[STDERR  ] 2019-05-07T17:29:59.183927525Z: [   23.568115] CPU feature 'AVX registers' is not supported.
[STDERR  ] 2019-05-07T17:29:59.183954570Z: [   23.569002] AVX2 or AES-NI instructions are not detected.
[STDERR  ] 2019-05-07T17:29:59.183981026Z: [   23.569866] AVX2 instructions are not detected.
[STDERR  ] 2019-05-07T17:29:59.184009479Z: [   23.583914] workingset: timestamp_bits=46 max_order=18 bucket_order=0
[STDERR  ] 2019-05-07T17:29:59.184039331Z: [   23.592242] squashfs: version 4.0 (2009/01/31) Phillip Lougher
[STDERR  ] 2019-05-07T17:29:59.184073694Z: [   23.596151] FS-Cache: Netfs 'cifs' registered for caching
[STDERR  ] 2019-05-07T17:29:59.184104117Z: [   23.597614] fuse init (API version 7.27)
[STDERR  ] 2019-05-07T17:29:59.184140351Z: [   23.601053] SGI XFS with ACLs, security attributes, no debug enabled
[STDERR  ] 2019-05-07T17:29:59.184165983Z: [   23.606519] 9p: Installing v9fs 9p2000 file system support
[STDERR  ] 2019-05-07T17:29:59.184195571Z: [   23.607530] FS-Cache: Netfs '9p' registered for caching
[STDERR  ] 2019-05-07T17:29:59.184225675Z: [   23.608480] pstore: using deflate compression
[STDERR  ] 2019-05-07T17:29:59.184267132Z: [   23.666505] NET: Registered protocol family 38
[STDERR  ] 2019-05-07T17:29:59.184296005Z: [   23.667797] Key type asymmetric registered
[STDERR  ] 2019-05-07T17:29:59.184332896Z: [   23.668403] Asymmetric key parser 'x509' registered
[STDERR  ] 2019-05-07T17:29:59.184360213Z: [   23.669619] Block layer SCSI generic (bsg) driver version 0.4 loaded (major 247)
[STDERR  ] 2019-05-07T17:29:59.184390974Z: [   23.672407] io scheduler noop registered
[STDERR  ] 2019-05-07T17:29:59.184419916Z: [   23.673221] io scheduler deadline registered (default)
[STDERR  ] 2019-05-07T17:29:59.184462813Z: [   23.674620] io scheduler cfq registered
[STDERR  ] 2019-05-07T17:29:59.184492687Z: [   23.675430] io scheduler mq-deadline registered (default)
[STDERR  ] 2019-05-07T17:29:59.184533550Z: [   23.676266] io scheduler kyber registered
[STDERR  ] 2019-05-07T17:29:59.184563299Z: [   23.680157] shpchp: Standard Hot Plug PCI Controller Driver version: 0.4
[STDERR  ] 2019-05-07T17:29:59.184595052Z: [   23.681594] hv_vmbus: registering driver hyperv_fb
[STDERR  ] 2019-05-07T17:29:59.184623961Z: [   23.686262] input: Power Button as /devices/LNXSYSTM:00/LNXPWRBN:00/input/input0
[STDERR  ] 2019-05-07T17:29:59.184659584Z: [   23.690515] ACPI: Power Button [PWRF]
[STDERR  ] 2019-05-07T17:29:59.184689956Z: [   23.713366] PCI Interrupt Link [GSIG] enabled at IRQ 22
[STDERR  ] 2019-05-07T17:29:59.184719078Z: [   23.729391] PCI Interrupt Link [GSIH] enabled at IRQ 23
[STDERR  ] 2019-05-07T17:29:59.184747990Z: [   23.737299] Serial: 8250/16550 driver, 4 ports, IRQ sharing disabled
[STDERR  ] 2019-05-07T17:29:59.184777903Z: [   23.762608] 00:04: ttyS0 at I/O 0x3f8 (irq = 4, base_baud = 115200) is a 16550A
[STDERR  ] 2019-05-07T17:29:59.184807976Z: [   23.775592] Non-volatile memory driver v1.3
[STDERR  ] 2019-05-07T17:29:59.184841517Z: [   23.784325] Hangcheck: starting hangcheck timer 0.9.1 (tick is 180 seconds, margin is 60 seconds).
[STDERR  ] 2019-05-07T17:29:59.184881869Z: [   23.791395] random: crng init done
[STDERR  ] 2019-05-07T17:29:59.184910174Z: [   23.874366] brd: module loaded
[STDERR  ] 2019-05-07T17:29:59.184939830Z: [   23.914390] loop: module loaded
[STDERR  ] 2019-05-07T17:29:59.184969250Z: [   23.990864] lpc_ich 0000:00:1f.0: I/O space for GPIO uninitialized
[STDERR  ] 2019-05-07T17:29:59.185005013Z: [   23.993556] VMware PVSCSI driver - version 1.0.7.0-k
[STDERR  ] 2019-05-07T17:29:59.185034139Z: [   23.994973] hv_vmbus: registering driver hv_storvsc
[STDERR  ] 2019-05-07T17:29:59.185063402Z: [   24.010643] PCI Interrupt Link [GSIA] enabled at IRQ 16
[STDERR  ] 2019-05-07T17:29:59.185092087Z: [   24.019474] ahci 0000:00:1f.2: AHCI 0001.0000 32 slots 6 ports 1.5 Gbps 0x3f impl SATA mode
[STDERR  ] 2019-05-07T17:29:59.185121344Z: [   24.020941] ahci 0000:00:1f.2: flags: 64bit ncq only 
[STDERR  ] 2019-05-07T17:29:59.185158445Z: [   24.039940] scsi host0: ahci
[STDERR  ] 2019-05-07T17:29:59.185198036Z: [   24.044210] scsi host1: ahci
[STDERR  ] 2019-05-07T17:29:59.185231869Z: [   24.046664] scsi host2: ahci
[STDERR  ] 2019-05-07T17:29:59.185261068Z: [   24.049056] scsi host3: ahci
[STDERR  ] 2019-05-07T17:29:59.185290522Z: [   24.051313] scsi host4: ahci
[STDERR  ] 2019-05-07T17:29:59.185319224Z: [   24.053593] scsi host5: ahci
[STDERR  ] 2019-05-07T17:29:59.185359845Z: [   24.056318] ata1: SATA max UDMA/133 abar m4096@0xfebd2000 port 0xfebd2100 irq 24
[STDERR  ] 2019-05-07T17:29:59.185385925Z: [   24.057285] ata2: SATA max UDMA/133 abar m4096@0xfebd2000 port 0xfebd2180 irq 24
[STDERR  ] 2019-05-07T17:29:59.185413262Z: [   24.058095] ata3: SATA max UDMA/133 abar m4096@0xfebd2000 port 0xfebd2200 irq 24
[STDERR  ] 2019-05-07T17:29:59.185443966Z: [   24.058811] ata4: SATA max UDMA/133 abar m4096@0xfebd2000 port 0xfebd2280 irq 24
[STDERR  ] 2019-05-07T17:29:59.185484140Z: [   24.059420] ata5: SATA max UDMA/133 abar m4096@0xfebd2000 port 0xfebd2300 irq 24
[STDERR  ] 2019-05-07T17:29:59.185512047Z: [   24.060178] ata6: SATA max UDMA/133 abar m4096@0xfebd2000 port 0xfebd2380 irq 24
[STDERR  ] 2019-05-07T17:29:59.185547320Z: [   24.076459] tun: Universal TUN/TAP device driver, 1.6
[STDERR  ] 2019-05-07T17:29:59.185580078Z: [   24.091293] VMware vmxnet3 virtual NIC driver - version 1.4.16.0-k-NAPI
[STDERR  ] 2019-05-07T17:29:59.185612300Z: [   24.092374] hv_vmbus: registering driver hv_netvsc
[STDERR  ] 2019-05-07T17:29:59.185640847Z: [   24.093090] Fusion MPT base driver 3.04.20
[STDERR  ] 2019-05-07T17:29:59.185680224Z: [   24.093528] Copyright (c) 1999-2008 LSI Corporation
[STDERR  ] 2019-05-07T17:29:59.185713651Z: [   24.094443] Fusion MPT SPI Host driver 3.04.20
[STDERR  ] 2019-05-07T17:29:59.185739810Z: [   24.097108] i8042: PNP: PS/2 Controller [PNP0303:KBD,PNP0f13:MOU] at 0x60,0x64 irq 1,12
[STDERR  ] 2019-05-07T17:29:59.185780057Z: [   24.102414] serio: i8042 KBD port at 0x60,0x64 irq 1
[STDERR  ] 2019-05-07T17:29:59.185808682Z: [   24.103313] serio: i8042 AUX port at 0x60,0x64 irq 12
[STDERR  ] 2019-05-07T17:29:59.185836556Z: [   24.106500] hv_vmbus: registering driver hyperv_keyboard
[STDERR  ] 2019-05-07T17:29:59.185866217Z: [   24.109217] mousedev: PS/2 mouse device common for all mice
[STDERR  ] 2019-05-07T17:29:59.185900646Z: [   24.115985] input: PC Speaker as /devices/platform/pcspkr/input/input2
[STDERR  ] 2019-05-07T17:29:59.185929350Z: [   24.117601] input: AT Translated Set 2 keyboard as /devices/platform/i8042/serio0/input/input1
[STDERR  ] 2019-05-07T17:29:59.185959550Z: [   24.121984] rtc_cmos 00:00: RTC can wake from S4
[STDERR  ] 2019-05-07T17:29:59.185987144Z: [   24.128295] rtc_cmos 00:00: registered as rtc0
[STDERR  ] 2019-05-07T17:29:59.186015688Z: [   24.129932] rtc_cmos 00:00: alarms up to one day, y3k, 114 bytes nvram, hpet irqs
[STDERR  ] 2019-05-07T17:29:59.186043664Z: [   24.130974] i2c /dev entries driver
[STDERR  ] 2019-05-07T17:29:59.186073280Z: [   24.133366] device-mapper: ioctl: 4.39.0-ioctl (2018-04-03) initialised: dm-devel@redhat.com
[STDERR  ] 2019-05-07T17:29:59.186100079Z: [   24.139431] usbcore: registered new interface driver usbhid
[STDERR  ] 2019-05-07T17:29:59.186127923Z: [   24.140417] usbhid: USB HID core driver
[STDERR  ] 2019-05-07T17:29:59.186160999Z: [   24.141438] hv_utils: Registering HyperV Utility Driver
[STDERR  ] 2019-05-07T17:29:59.186189063Z: [   24.142115] hv_vmbus: registering driver hv_util
[STDERR  ] 2019-05-07T17:29:59.186217479Z: [   24.142513] hv_vmbus: registering driver hv_balloon
[STDERR  ] 2019-05-07T17:29:59.186264660Z: [   24.143262] oprofile: using NMI interrupt.
[STDERR  ] 2019-05-07T17:29:59.186296726Z: [   24.144926] GACT probability on
[STDERR  ] 2019-05-07T17:29:59.186333267Z: [   24.145473] Mirror/redirect action on
[STDERR  ] 2019-05-07T17:29:59.186362797Z: [   24.146563] Simple TC action Loaded
[STDERR  ] 2019-05-07T17:29:59.186396460Z: [   24.147442] u32 classifier
[STDERR  ] 2019-05-07T17:29:59.186425996Z: [   24.147865]     Performance counters on
[STDERR  ] 2019-05-07T17:29:59.186465556Z: [   24.148166]     input device check on
[STDERR  ] 2019-05-07T17:29:59.186504803Z: [   24.148436]     Actions configured
[STDERR  ] 2019-05-07T17:29:59.186533236Z: [   24.162303] xt_time: kernel timezone is -0000
[STDERR  ] 2019-05-07T17:29:59.186565605Z: [   24.163880] IPVS: Registered protocols (TCP, UDP, SCTP, AH, ESP)
[STDERR  ] 2019-05-07T17:29:59.186598064Z: [   24.165107] IPVS: Connection hash table configured (size=4096, memory=64Kbytes)
[STDERR  ] 2019-05-07T17:29:59.186628011Z: [   24.171214] IPVS: ipvs loaded.
[STDERR  ] 2019-05-07T17:29:59.186658882Z: [   24.171913] IPVS: [rr] scheduler registered.
[STDERR  ] 2019-05-07T17:29:59.186690980Z: [   24.172502] IPVS: [wrr] scheduler registered.
[STDERR  ] 2019-05-07T17:29:59.186719337Z: [   24.173260] IPVS: [lc] scheduler registered.
[STDERR  ] 2019-05-07T17:29:59.186749391Z: [   24.173841] IPVS: [wlc] scheduler registered.
[STDERR  ] 2019-05-07T17:29:59.186783222Z: [   24.174350] IPVS: [fo] scheduler registered.
[STDERR  ] 2019-05-07T17:29:59.186811848Z: [   24.174957] IPVS: [ovf] scheduler registered.
[STDERR  ] 2019-05-07T17:29:59.186842135Z: [   24.175587] IPVS: [lblc] scheduler registered.
[STDERR  ] 2019-05-07T17:29:59.186895049Z: [   24.176339] IPVS: [lblcr] scheduler registered.
[STDERR  ] 2019-05-07T17:29:59.186926498Z: [   24.177021] IPVS: [dh] scheduler registered.
[STDERR  ] 2019-05-07T17:29:59.186955874Z: [   24.177494] IPVS: [sh] scheduler registered.
[STDERR  ] 2019-05-07T17:29:59.186985179Z: [   24.178106] IPVS: [mh] scheduler registered.
[STDERR  ] 2019-05-07T17:29:59.187014239Z: [   24.178603] IPVS: [sed] scheduler registered.
[STDERR  ] 2019-05-07T17:29:59.187047053Z: [   24.179229] IPVS: [nq] scheduler registered.
[STDERR  ] 2019-05-07T17:29:59.187076611Z: [   24.180303] IPVS: ftp: loaded support on port[0] = 21
[STDERR  ] 2019-05-07T17:29:59.187115239Z: [   24.181604] ipip: IPv4 and MPLS over IPv4 tunneling driver
[STDERR  ] 2019-05-07T17:29:59.187156679Z: [   24.187384] gre: GRE over IPv4 demultiplexor driver
[STDERR  ] 2019-05-07T17:29:59.187185757Z: [   24.195304] ipt_CLUSTERIP: ClusterIP Version 0.8 loaded successfully
[STDERR  ] 2019-05-07T17:29:59.187213257Z: [   24.199174] NET: Registered protocol family 10
[STDERR  ] 2019-05-07T17:29:59.187240180Z: [   24.211572] Segment Routing with IPv6
[STDERR  ] 2019-05-07T17:29:59.187268039Z: [   24.223891] NET: Registered protocol family 17
[STDERR  ] 2019-05-07T17:29:59.187295445Z: [   24.225258] Bridge firewalling registered
[STDERR  ] 2019-05-07T17:29:59.187331815Z: [   24.228583] 8021q: 802.1Q VLAN Support v1.8
[STDERR  ] 2019-05-07T17:29:59.187365977Z: [   24.231208] 9pnet: Installing 9P2000 support
[STDERR  ] 2019-05-07T17:29:59.187392370Z: [   24.233274] Key type dns_resolver registered
[STDERR  ] 2019-05-07T17:29:59.187421353Z: [   24.235208] NET: Registered protocol family 40
[STDERR  ] 2019-05-07T17:29:59.187465111Z: [   24.236513] sched_clock: Marking stable (24165976701, 69767808)->(24494575320, -258830811)
[STDERR  ] 2019-05-07T17:29:59.187494509Z: [   24.241204] registered taskstats version 1
[STDERR  ] 2019-05-07T17:29:59.187531577Z: [   24.385205] ata3: SATA link up 1.5 Gbps (SStatus 113 SControl 300)
[STDERR  ] 2019-05-07T17:29:59.187560879Z: [   24.388936] ata5: SATA link down (SStatus 0 SControl 300)
[STDERR  ] 2019-05-07T17:29:59.187587221Z: [   24.390538] ata4: SATA link down (SStatus 0 SControl 300)
[STDERR  ] 2019-05-07T17:29:59.187615557Z: [   24.391340] ata2: SATA link down (SStatus 0 SControl 300)
[STDERR  ] 2019-05-07T17:29:59.187644165Z: [   24.392105] ata1: SATA link up 1.5 Gbps (SStatus 113 SControl 300)
[STDERR  ] 2019-05-07T17:29:59.187683550Z: [   24.394852] ata1.00: ATA-7: QEMU HARDDISK, 2.5+, max UDMA/100
[STDERR  ] 2019-05-07T17:29:59.187712284Z: [   24.395404] ata1.00: 1048576 sectors, multi 16: LBA48 NCQ (depth 32)
[STDERR  ] 2019-05-07T17:29:59.187742195Z: [   24.396280] ata1.00: applying bridge limits
[STDERR  ] 2019-05-07T17:29:59.187774022Z: [   24.398011] ata6: SATA link down (SStatus 0 SControl 300)
[STDERR  ] 2019-05-07T17:29:59.187803311Z: [   24.402127] ata3.00: ATAPI: QEMU DVD-ROM, 2.5+, max UDMA/100
[STDERR  ] 2019-05-07T17:29:59.187833103Z: [   24.402923] ata3.00: applying bridge limits
[STDOUT  ] 2019-05-07T17:29:59.187869644Z: [    0.000000] Linux version 4.19.39-linuxkit (root@b3625c29a5bd) (gcc version 8.3.0 (Alpine 8.3.0)) #1 SMP Sun May 5 12:58:43 UTC 2019
[STDOUT  ] 2019-05-07T17:29:59.187892572Z: [    0.000000] Command line: console=ttyS0 console=ttyAMA0
[STDOUT  ] 2019-05-07T17:29:59.187913137Z: [    0.000000] x86/fpu: x87 FPU will use FXSAVE
[STDOUT  ] 2019-05-07T17:29:59.187931396Z: [    0.000000] BIOS-provided physical RAM map:
[STDOUT  ] 2019-05-07T17:29:59.187948208Z: [    0.000000] BIOS-e820: [mem 0x0000000000000000-0x000000000009fbff] usable
[STDERR  ] 2019-05-07T17:29:59.187962972Z: [   24.404207] ata3.00: configured for UDMA/100
[STDOUT  ] 2019-05-07T17:29:59.187970549Z: [    0.000000] BIOS-e820: [mem 0x000000000009fc00-0x000000000009ffff] reserved
[STDOUT  ] 2019-05-07T17:29:59.188074997Z: [    0.000000] BIOS-e820: [mem 0x00000000000f0000-0x00000000000fffff] reserved
[STDOUT  ] 2019-05-07T17:29:59.188095073Z: [    0.000000] BIOS-e820: [mem 0x0000000000100000-0x000000003ffdefff] usable
[STDOUT  ] 2019-05-07T17:29:59.188124057Z: [    0.000000] BIOS-e820: [mem 0x000000003ffdf000-0x000000003fffffff] reserved
[STDOUT  ] 2019-05-07T17:29:59.188144993Z: [    0.000000] BIOS-e820: [mem 0x00000000b0000000-0x00000000bfffffff] reserved
[STDOUT  ] 2019-05-07T17:29:59.188164101Z: [    0.000000] BIOS-e820: [mem 0x00000000fed1c000-0x00000000fed1ffff] reserved
[STDOUT  ] 2019-05-07T17:29:59.188181752Z: [    0.000000] BIOS-e820: [mem 0x00000000fffc0000-0x00000000ffffffff] reserved
[STDOUT  ] 2019-05-07T17:29:59.188202707Z: [    0.000000] NX (Execute Disable) protection: active
[STDOUT  ] 2019-05-07T17:29:59.188221081Z: [    0.000000] SMBIOS 2.8 present.
[STDERR  ] 2019-05-07T17:29:59.188045830Z: [   24.408248] ata1.00: configured for UDMA/100
[STDERR  ] 2019-05-07T17:29:59.188375463Z: [   24.432127] scsi 0:0:0:0: Direct-Access     ATA      QEMU HARDDISK    2.5+ PQ: 0 ANSI: 5
[STDERR  ] 2019-05-07T17:29:59.188432865Z: [   24.448447] sd 0:0:0:0: [sda] 1048576 512-byte logical blocks: (537 MB/512 MiB)
[STDERR  ] 2019-05-07T17:29:59.188469402Z: [   24.452215] sd 0:0:0:0: Attached scsi generic sg0 type 0
[STDOUT  ] 2019-05-07T17:29:59.188240193Z: [    0.000000] DMI: QEMU Standard PC (Q35 + ICH9, 2009), BIOS rel-1.10.2-0-g5f4c7b1-prebuilt.qemu-project.org 04/01/2014
[STDOUT  ] 2019-05-07T17:29:59.188554299Z: [    0.000000] tsc: Fast TSC calibration using PIT
[STDOUT  ] 2019-05-07T17:29:59.188576952Z: [    0.000000] tsc: Detected 2599.761 MHz processor
[STDOUT  ] 2019-05-07T17:29:59.188595596Z: [    0.066667] last_pfn = 0x3ffdf max_arch_pfn = 0x400000000
[STDOUT  ] 2019-05-07T17:29:59.188619613Z: [    0.068309] x86/PAT: Configuration [0-7]: WB  WC  UC- UC  WB  WP  UC- WT  
[STDOUT  ] 2019-05-07T17:29:59.188640570Z: [    0.117207] found SMP MP-table at [mem 0x000f6aa0-0x000f6aaf]
[STDOUT  ] 2019-05-07T17:29:59.188659518Z: [    0.127269] RAMDISK: [mem 0x3c4cb000-0x3ffcffff]
[STDOUT  ] 2019-05-07T17:29:59.188675838Z: [    0.128087] ACPI: Early table checksum verification disabled
[STDOUT  ] 2019-05-07T17:29:59.188691139Z: [    0.130217] ACPI: RSDP 0x00000000000F68C0 000014 (v00 BOCHS )
[STDOUT  ] 2019-05-07T17:29:59.188706213Z: [    0.130515] ACPI: RSDT 0x000000003FFE2404 000034 (v01 BOCHS  BXPCRSDT 00000001 BXPC 00000001)
[STDOUT  ] 2019-05-07T17:29:59.188724563Z: [    0.131335] ACPI: FACP 0x000000003FFE22A4 000074 (v01 BOCHS  BXPCFACP 00000001 BXPC 00000001)
[STDOUT  ] 2019-05-07T17:29:59.188739636Z: [    0.132126] ACPI: DSDT 0x000000003FFE0040 002264 (v01 BOCHS  BXPCDSDT 00000001 BXPC 00000001)
[STDOUT  ] 2019-05-07T17:29:59.188754554Z: [    0.132263] ACPI: FACS 0x000000003FFE0000 000040
[STDOUT  ] 2019-05-07T17:29:59.188769228Z: [    0.132380] ACPI: APIC 0x000000003FFE2318 000078 (v01 BOCHS  BXPCAPIC 00000001 BXPC 00000001)
[STDOUT  ] 2019-05-07T17:29:59.188784404Z: [    0.132463] ACPI: HPET 0x000000003FFE2390 000038 (v01 BOCHS  BXPCHPET 00000001 BXPC 00000001)
[STDOUT  ] 2019-05-07T17:29:59.188799195Z: [    0.132545] ACPI: MCFG 0x000000003FFE23C8 00003C (v01 BOCHS  BXPCMCFG 00000001 BXPC 00000001)
[STDOUT  ] 2019-05-07T17:29:59.188814248Z: [    0.138394] Zone ranges:
[STDOUT  ] 2019-05-07T17:29:59.188831118Z: [    0.138506]   DMA      [mem 0x0000000000001000-0x0000000000ffffff]
[STDOUT  ] 2019-05-07T17:29:59.188846213Z: [    0.138588]   DMA32    [mem 0x0000000001000000-0x000000003ffdefff]
[STDOUT  ] 2019-05-07T17:29:59.188861180Z: [    0.138629]   Normal   empty
[STDOUT  ] 2019-05-07T17:29:59.188876041Z: [    0.138674]   Device   empty
[STDOUT  ] 2019-05-07T17:29:59.188891516Z: [    0.138714] Movable zone start for each node
[STDOUT  ] 2019-05-07T17:29:59.188906812Z: [    0.138773] Early memory node ranges
[STDOUT  ] 2019-05-07T17:29:59.188921867Z: [    0.138829]   node   0: [mem 0x0000000000001000-0x000000000009efff]
[STDOUT  ] 2019-05-07T17:29:59.188936847Z: [    0.138880]   node   0: [mem 0x0000000000100000-0x000000003ffdefff]
[STDOUT  ] 2019-05-07T17:29:59.188951867Z: [    0.139931] Reserved but unavailable: 98 pages
[STDOUT  ] 2019-05-07T17:29:59.188967096Z: [    0.140145] Initmem setup node 0 [mem 0x0000000000001000-0x000000003ffdefff]
[STDOUT  ] 2019-05-07T17:29:59.188991061Z: [    0.204624] ACPI: PM-Timer IO Port: 0x608
[STDOUT  ] 2019-05-07T17:29:59.189006826Z: [    0.205320] ACPI: LAPIC_NMI (acpi_id[0xff] dfl dfl lint[0x1])
[STDOUT  ] 2019-05-07T17:29:59.189022327Z: [    0.205911] IOAPIC[0]: apic_id 0, version 32, address 0xfec00000, GSI 0-23
[STDOUT  ] 2019-05-07T17:29:59.189037876Z: [    0.206096] ACPI: INT_SRC_OVR (bus 0 bus_irq 0 global_irq 2 dfl dfl)
[STDOUT  ] 2019-05-07T17:29:59.189053507Z: [    0.206454] ACPI: INT_SRC_OVR (bus 0 bus_irq 5 global_irq 5 high level)
[STDOUT  ] 2019-05-07T17:29:59.189069663Z: [    0.206518] ACPI: INT_SRC_OVR (bus 0 bus_irq 9 global_irq 9 high level)
[STDOUT  ] 2019-05-07T17:29:59.189090594Z: [    0.206657] ACPI: INT_SRC_OVR (bus 0 bus_irq 10 global_irq 10 high level)
[STDOUT  ] 2019-05-07T17:29:59.189106026Z: [    0.206690] ACPI: INT_SRC_OVR (bus 0 bus_irq 11 global_irq 11 high level)
[STDOUT  ] 2019-05-07T17:29:59.189121112Z: [    0.207078] Using ACPI (MADT) for SMP configuration information
[STDOUT  ] 2019-05-07T17:29:59.189136559Z: [    0.207155] ACPI: HPET id: 0x8086a201 base: 0xfed00000
[STDOUT  ] 2019-05-07T17:29:59.189152172Z: [    0.207702] smpboot: Allowing 1 CPUs, 0 hotplug CPUs
[STDOUT  ] 2019-05-07T17:29:59.189167622Z: [    0.208738] [mem 0x40000000-0xafffffff] available for PCI devices
[STDOUT  ] 2019-05-07T17:29:59.189183102Z: [    0.208805] Booting paravirtualized kernel on bare hardware
[STDOUT  ] 2019-05-07T17:29:59.189198453Z: [    0.209105] clocksource: refined-jiffies: mask: 0xffffffff max_cycles: 0xffffffff, max_idle_ns: 1910969940391419 ns
[STDOUT  ] 2019-05-07T17:29:59.189221326Z: [    3.495204] random: get_random_bytes called from start_kernel+0x91/0x512 with crng_init=0
[STDOUT  ] 2019-05-07T17:29:59.189236810Z: [    3.496291] setup_percpu: NR_CPUS:128 nr_cpumask_bits:128 nr_cpu_ids:1 nr_node_ids:1
[STDOUT  ] 2019-05-07T17:29:59.189251938Z: [    3.504610] percpu: Embedded 45 pages/cpu s145112 r8192 d31016 u2097152
[STDOUT  ] 2019-05-07T17:29:59.189267264Z: [    3.507440] Built 1 zonelists, mobility grouping on.  Total pages: 257896
[STDOUT  ] 2019-05-07T17:29:59.189282433Z: [    3.507705] Kernel command line: console=ttyS0 console=ttyAMA0
[STDOUT  ] 2019-05-07T17:29:59.189298356Z: [    3.512041] Dentry cache hash table entries: 131072 (order: 8, 1048576 bytes)
[STDOUT  ] 2019-05-07T17:29:59.189347784Z: [    3.513682] Inode-cache hash table entries: 65536 (order: 7, 524288 bytes)
[STDOUT  ] 2019-05-07T17:29:59.189369147Z: [    3.581254] Memory: 941452K/1048052K available (12300K kernel code, 1583K rwdata, 3008K rodata, 1584K init, 2028K bss, 106600K reserved, 0K cma-reserved)
[STDOUT  ] 2019-05-07T17:29:59.189390962Z: [    3.588442] ftrace: allocating 43064 entries in 169 pages
[STDOUT  ] 2019-05-07T17:29:59.189406559Z: [    4.103441] rcu: Hierarchical RCU implementation.
[STDOUT  ] 2019-05-07T17:29:59.189421961Z: [    4.103639] rcu: 	RCU restricting CPUs from NR_CPUS=128 to nr_cpu_ids=1.
[STDOUT  ] 2019-05-07T17:29:59.189437890Z: [    4.103811] rcu: Adjusting geometry for rcu_fanout_leaf=16, nr_cpu_ids=1
[STDOUT  ] 2019-05-07T17:29:59.189462834Z: [    4.160672] NR_IRQS: 8448, nr_irqs: 256, preallocated irqs: 16
[STDOUT  ] 2019-05-07T17:29:59.189478050Z: [    4.174602] Console: colour VGA+ 80x25
[STDOUT  ] 2019-05-07T17:29:59.189493263Z: [    4.218643] console [ttyS0] enabled
[STDOUT  ] 2019-05-07T17:29:59.189508129Z: [    4.219433] ACPI: Core revision 20180810
[STDOUT  ] 2019-05-07T17:29:59.189523967Z: [    4.227753] clocksource: hpet: mask: 0xffffffff max_cycles: 0xffffffff, max_idle_ns: 19112604467 ns
[STDOUT  ] 2019-05-07T17:29:59.189539421Z: [    4.235511] APIC: Switch to symmetric I/O mode setup
[STDOUT  ] 2019-05-07T17:29:59.189555101Z: [    4.242552] ..TIMER: vector=0x30 apic1=0 pin1=2 apic2=-1 pin2=-1
[STDOUT  ] 2019-05-07T17:29:59.189570178Z: [    4.248196] clocksource: tsc-early: mask: 0xffffffffffffffff max_cycles: 0x25795a3d23f, max_idle_ns: 440795283713 ns
[STDOUT  ] 2019-05-07T17:29:59.189586044Z: [    4.252143] Calibrating delay loop (skipped), value calculated using timer frequency.. 5199.52 BogoMIPS (lpj=2599761)
[STDOUT  ] 2019-05-07T17:29:59.189609600Z: [    4.253638] pid_max: default: 32768 minimum: 301
[STDOUT  ] 2019-05-07T17:29:59.189624887Z: [    4.258253] Security Framework initialized
[STDOUT  ] 2019-05-07T17:29:59.189639871Z: [    4.258753] Yama: becoming mindful.
[STDOUT  ] 2019-05-07T17:29:59.189655065Z: [    4.261253] Mount-cache hash table entries: 2048 (order: 2, 16384 bytes)
[STDOUT  ] 2019-05-07T17:29:59.189670109Z: [    4.261700] Mountpoint-cache hash table entries: 2048 (order: 2, 16384 bytes)
[STDOUT  ] 2019-05-07T17:29:59.189685435Z: [    4.283403] Last level iTLB entries: 4KB 0, 2MB 0, 4MB 0
[STDOUT  ] 2019-05-07T17:29:59.189705239Z: [    4.283643] Last level dTLB entries: 4KB 0, 2MB 0, 4MB 0, 1GB 0
[STDOUT  ] 2019-05-07T17:29:59.189720496Z: [    4.284782] Spectre V2 : Spectre mitigation: LFENCE not serializing, switching to generic retpoline
[STDOUT  ] 2019-05-07T17:29:59.189735793Z: [    4.285644] Spectre V2 : Mitigation: Full generic retpoline
[STDOUT  ] 2019-05-07T17:29:59.189755045Z: [    4.286102] Spectre V2 : Spectre v2 / SpectreRSB mitigation: Filling RSB on context switch
[STDOUT  ] 2019-05-07T17:29:59.189770514Z: [    4.286729] Speculative Store Bypass: Vulnerable
[STDOUT  ] 2019-05-07T17:29:59.189785782Z: [    4.491963] random: fast init done
[STDOUT  ] 2019-05-07T17:29:59.189803978Z: [    4.619958] Freeing SMP alternatives memory: 20K
[STDOUT  ] 2019-05-07T17:29:59.189820042Z: [    4.644590] smpboot: CPU0: AMD QEMU Virtual CPU version 2.5+ (family: 0x6, model: 0x6, stepping: 0x3)
[STDOUT  ] 2019-05-07T17:29:59.189838292Z: [    4.653789] Performance Events: PMU not available due to virtualization, using software events only.
[STDOUT  ] 2019-05-07T17:29:59.189854343Z: [    4.657538] rcu: Hierarchical SRCU implementation.
[STDOUT  ] 2019-05-07T17:29:59.189869678Z: [    4.664839] NMI watchdog: Perf NMI watchdog permanently disabled
[STDOUT  ] 2019-05-07T17:29:59.189884991Z: [    4.669702] smp: Bringing up secondary CPUs ...
[STDOUT  ] 2019-05-07T17:29:59.189900204Z: [    4.670303] smp: Brought up 1 node, 1 CPU
[STDOUT  ] 2019-05-07T17:29:59.189915554Z: [    4.670671] smpboot: Max logical packages: 1
[STDOUT  ] 2019-05-07T17:29:59.189930814Z: [    4.671155] smpboot: Total of 1 processors activated (5199.52 BogoMIPS)
[STDOUT  ] 2019-05-07T17:29:59.189946260Z: [    4.687526] devtmpfs: initialized
[STDOUT  ] 2019-05-07T17:29:59.189961501Z: [    4.692770] x86/mm: Memory block size: 128MB
[STDOUT  ] 2019-05-07T17:29:59.189976459Z: [    4.704069] clocksource: jiffies: mask: 0xffffffff max_cycles: 0xffffffff, max_idle_ns: 1911260446275000 ns
[STDOUT  ] 2019-05-07T17:29:59.189991636Z: [    4.704832] futex hash table entries: 256 (order: 2, 16384 bytes)
[STDOUT  ] 2019-05-07T17:29:59.190006878Z: [    4.719933] NET: Registered protocol family 16
[STDOUT  ] 2019-05-07T17:29:59.190021855Z: [    4.724657] audit: initializing netlink subsys (disabled)
[STDOUT  ] 2019-05-07T17:29:59.190036997Z: [    4.730094] audit: type=2000 audit(1557250080.491:1): state=initialized audit_enabled=0 res=1
[STDOUT  ] 2019-05-07T17:29:59.190052362Z: [    4.733780] cpuidle: using governor ladder
[STDOUT  ] 2019-05-07T17:29:59.190067251Z: [    4.734318] cpuidle: using governor menu
[STDOUT  ] 2019-05-07T17:29:59.190082409Z: [    4.736279] ACPI: bus type PCI registered
[STDOUT  ] 2019-05-07T17:29:59.190097772Z: [    4.739385] PCI: MMCONFIG for domain 0000 [bus 00-ff] at [mem 0xb0000000-0xbfffffff] (base 0xb0000000)
[STDOUT  ] 2019-05-07T17:29:59.190113558Z: [    4.740731] PCI: MMCONFIG at [mem 0xb0000000-0xbfffffff] reserved in E820
[STDOUT  ] 2019-05-07T17:29:59.190128795Z: [    4.742155] PCI: Using configuration type 1 for base access
[STDOUT  ] 2019-05-07T17:29:59.190143753Z: [    4.807794] HugeTLB registered 2.00 MiB page size, pre-allocated 0 pages
[STDOUT  ] 2019-05-07T17:29:59.190158659Z: [    4.813385] cryptd: max_cpu_qlen set to 1000
[STDOUT  ] 2019-05-07T17:29:59.190173894Z: [    4.820124] ACPI: Added _OSI(Module Device)
[STDOUT  ] 2019-05-07T17:29:59.190199351Z: [    4.820630] ACPI: Added _OSI(Processor Device)
[STDOUT  ] 2019-05-07T17:29:59.190214543Z: [    4.821015] ACPI: Added _OSI(3.0 _SCP Extensions)
[STDOUT  ] 2019-05-07T17:29:59.190229647Z: [    4.821399] ACPI: Added _OSI(Processor Aggregator Device)
[STDERR  ] 2019-05-07T17:29:59.188494186Z: [   24.454261] sd 0:0:0:0: [sda] Write Protect is off
[STDERR  ] 2019-05-07T17:29:59.190357820Z: [   24.458225] sd 0:0:0:0: [sda] Write cache: enabled, read cache: enabled, doesn't support DPO or FUA
[STDERR  ] 2019-05-07T17:29:59.190388976Z: [   24.463092] scsi 2:0:0:0: CD-ROM            QEMU     QEMU DVD-ROM     2.5+ PQ: 0 ANSI: 5
[STDOUT  ] 2019-05-07T17:29:59.190307219Z: [    4.821734] ACPI: Added _OSI(Linux-Dell-Video)
[STDOUT  ] 2019-05-07T17:29:59.190443023Z: [    4.822150] ACPI: Added _OSI(Linux-Lenovo-NV-HDMI-Audio)
[STDOUT  ] 2019-05-07T17:29:59.190475314Z: [    4.873933] ACPI: 1 ACPI AML tables successfully acquired and loaded
[STDOUT  ] 2019-05-07T17:29:59.190494435Z: [    4.908369] ACPI: Interpreter enabled
[STDOUT  ] 2019-05-07T17:29:59.190510194Z: [    4.909815] ACPI: (supports S0 S5)
[STDOUT  ] 2019-05-07T17:29:59.190526027Z: [    4.910238] ACPI: Using IOAPIC for interrupt routing
[STDOUT  ] 2019-05-07T17:29:59.190542405Z: [    4.912958] PCI: Using host bridge windows from ACPI; if necessary, use "pci=nocrs" and report a bug
[STDOUT  ] 2019-05-07T17:29:59.190561454Z: [    4.917165] ACPI: Enabled 2 GPEs in block 00 to 3F
[STDOUT  ] 2019-05-07T17:29:59.190576788Z: [    4.988029] ACPI: PCI Root Bridge [PCI0] (domain 0000 [bus 00-ff])
