[INFO    ] 2019-05-07T16:33:03.618469070Z: Running Test linuxkit.kernel.config_4.19.x in /tmp/with_clone3fdfafb9/test/cases/020_kernel/005_config_4.19.x
[INFO    ] 2019-05-07T16:33:03.618797427Z: Running command: [/bin/sh -x /tmp/with_clone3fdfafb9/test/cases/020_kernel/005_config_4.19.x/test.sh]
[STDERR  ] 2019-05-07T16:33:03.619770308Z: + set -e
[STDERR  ] 2019-05-07T16:33:03.619937225Z: + . /tmp/with_clone3fdfafb9/test/cases/_lib/lib.sh
[STDERR  ] 2019-05-07T16:33:03.619958413Z: + [ -f src/github.com/linuxkit/rtf/lib/lib.sh ]
[STDERR  ] 2019-05-07T16:33:03.619978869Z: + LINUXKIT_TMPDIR=/tmp/with_clone3fdfafb9/test/cases/_tmp
[STDERR  ] 2019-05-07T16:33:03.620020650Z: + [ -f /tmp/with_clone3fdfafb9/test/cases/_tmp/env.sh ]
[STDERR  ] 2019-05-07T16:33:03.620044229Z: + . /tmp/with_clone3fdfafb9/test/cases/_tmp/env.sh
[STDERR  ] 2019-05-07T16:33:03.620065532Z: + export LINUXKIT_EXAMPLES_DIR=/tmp/with_clone3fdfafb9/test/cases/../../examples
[STDERR  ] 2019-05-07T16:33:03.620096421Z: + RT_CANCEL=253
[STDERR  ] 2019-05-07T16:33:03.620117999Z: + NAME=kconfig
[STDERR  ] 2019-05-07T16:33:03.620138174Z: + trap clean_up EXIT
[STDERR  ] 2019-05-07T16:33:03.620167064Z: + linuxkit build -format kernel+initrd -name kconfig test.yml
[STDERR  ] 2019-05-07T16:33:03.673056776Z: Extract kernel image: linuxkit/kernel:4.19.39
[STDERR  ] 2019-05-07T16:33:08.519071391Z: Add init containers:
[STDERR  ] 2019-05-07T16:33:08.519699154Z: Process init image: linuxkit/init:v0.7
[STDERR  ] 2019-05-07T16:33:10.315209671Z: Process init image: linuxkit/runc:v0.7
[STDERR  ] 2019-05-07T16:33:11.911423278Z: Add onboot containers:
[STDERR  ] 2019-05-07T16:33:11.911588066Z:   Create OCI config for linuxkit/test-kernel-config:0e9308f871ac86c680d64836a050547a2feebb36
[STDERR  ] 2019-05-07T16:33:13.541171197Z:   Create OCI config for linuxkit/poweroff:b498d30dd9660090565537fceb9e757618737a85
[STDERR  ] 2019-05-07T16:33:15.063621905Z: Create outputs:
[STDERR  ] 2019-05-07T16:33:21.155553724Z:   kconfig-kernel kconfig-initrd.img kconfig-cmdline
[STDERR  ] 2019-05-07T16:33:21.241741660Z: + linuxkit run kconfig
[STDERR  ] 2019-05-07T16:34:49.214979426Z: + RESULT=[    0.000000] Linux version 4.19.39-linuxkit (root@b3625c29a5bd) (gcc version 8.3.0 (Alpine 8.3.0)) #1 SMP Sun May 5 12:58:43 UTC 2019
[STDERR  ] 2019-05-07T16:34:49.215170501Z: [    0.000000] Command line: console=ttyS0 console=ttyAMA0
[STDERR  ] 2019-05-07T16:34:49.215213061Z: [    0.000000] x86/fpu: x87 FPU will use FXSAVE
[STDERR  ] 2019-05-07T16:34:49.215244872Z: [    0.000000] BIOS-provided physical RAM map:
[STDERR  ] 2019-05-07T16:34:49.215276863Z: [    0.000000] BIOS-e820: [mem 0x0000000000000000-0x000000000009fbff] usable
[STDERR  ] 2019-05-07T16:34:49.215312029Z: [    0.000000] BIOS-e820: [mem 0x000000000009fc00-0x000000000009ffff] reserved
[STDERR  ] 2019-05-07T16:34:49.215343532Z: [    0.000000] BIOS-e820: [mem 0x00000000000f0000-0x00000000000fffff] reserved
[STDERR  ] 2019-05-07T16:34:49.215378650Z: [    0.000000] BIOS-e820: [mem 0x0000000000100000-0x000000003ffdefff] usable
[STDERR  ] 2019-05-07T16:34:49.215407438Z: [    0.000000] BIOS-e820: [mem 0x000000003ffdf000-0x000000003fffffff] reserved
[STDERR  ] 2019-05-07T16:34:49.215455869Z: [    0.000000] BIOS-e820: [mem 0x00000000b0000000-0x00000000bfffffff] reserved
[STDERR  ] 2019-05-07T16:34:49.215485237Z: [    0.000000] BIOS-e820: [mem 0x00000000fed1c000-0x00000000fed1ffff] reserved
[STDERR  ] 2019-05-07T16:34:49.215515241Z: [    0.000000] BIOS-e820: [mem 0x00000000fffc0000-0x00000000ffffffff] reserved
[STDERR  ] 2019-05-07T16:34:49.215544392Z: [    0.000000] NX (Execute Disable) protection: active
[STDERR  ] 2019-05-07T16:34:49.215573386Z: [    0.000000] SMBIOS 2.8 present.
[STDERR  ] 2019-05-07T16:34:49.215605789Z: [    0.000000] DMI: QEMU Standard PC (Q35 + ICH9, 2009), BIOS rel-1.10.2-0-g5f4c7b1-prebuilt.qemu-project.org 04/01/2014
[STDERR  ] 2019-05-07T16:34:49.215650072Z: [    0.000000] tsc: Fast TSC calibration using PIT
[STDERR  ] 2019-05-07T16:34:49.215687659Z: [    0.000000] tsc: Detected 2599.774 MHz processor
[STDERR  ] 2019-05-07T16:34:49.215714542Z: [    0.069202] last_pfn = 0x3ffdf max_arch_pfn = 0x400000000
[STDERR  ] 2019-05-07T16:34:49.215760337Z: [    0.070810] x86/PAT: Configuration [0-7]: WB  WC  UC- UC  WB  WP  UC- WT  
[STDERR  ] 2019-05-07T16:34:49.215798614Z: [    0.121859] found SMP MP-table at [mem 0x000f6aa0-0x000f6aaf]
[STDERR  ] 2019-05-07T16:34:49.215826098Z: [    0.131316] RAMDISK: [mem 0x3e012000-0x3ffcffff]
[STDERR  ] 2019-05-07T16:34:49.215852954Z: [    0.132133] ACPI: Early table checksum verification disabled
[STDERR  ] 2019-05-07T16:34:49.215880784Z: [    0.134405] ACPI: RSDP 0x00000000000F68C0 000014 (v00 BOCHS )
[STDERR  ] 2019-05-07T16:34:49.215919734Z: [    0.134725] ACPI: RSDT 0x000000003FFE2404 000034 (v01 BOCHS  BXPCRSDT 00000001 BXPC 00000001)
[STDERR  ] 2019-05-07T16:34:49.215946555Z: [    0.135545] ACPI: FACP 0x000000003FFE22A4 000074 (v01 BOCHS  BXPCFACP 00000001 BXPC 00000001)
[STDERR  ] 2019-05-07T16:34:49.216020252Z: [    0.136285] ACPI: DSDT 0x000000003FFE0040 002264 (v01 BOCHS  BXPCDSDT 00000001 BXPC 00000001)
[STDERR  ] 2019-05-07T16:34:49.216046731Z: [    0.136424] ACPI: FACS 0x000000003FFE0000 000040
[STDERR  ] 2019-05-07T16:34:49.216099994Z: [    0.136542] ACPI: APIC 0x000000003FFE2318 000078 (v01 BOCHS  BXPCAPIC 00000001 BXPC 00000001)
[STDERR  ] 2019-05-07T16:34:49.216128766Z: [    0.136628] ACPI: HPET 0x000000003FFE2390 000038 (v01 BOCHS  BXPCHPET 00000001 BXPC 00000001)
[STDERR  ] 2019-05-07T16:34:49.216159218Z: [    0.136709] ACPI: MCFG 0x000000003FFE23C8 00003C (v01 BOCHS  BXPCMCFG 00000001 BXPC 00000001)
[STDERR  ] 2019-05-07T16:34:49.216192697Z: [    0.141548] Zone ranges:
[STDERR  ] 2019-05-07T16:34:49.216221455Z: [    0.141653]   DMA      [mem 0x0000000000001000-0x0000000000ffffff]
[STDERR  ] 2019-05-07T16:34:49.216247264Z: [    0.141735]   DMA32    [mem 0x0000000001000000-0x000000003ffdefff]
[STDERR  ] 2019-05-07T16:34:49.216275079Z: [    0.141786]   Normal   empty
[STDERR  ] 2019-05-07T16:34:49.216306662Z: [    0.141836]   Device   empty
[STDERR  ] 2019-05-07T16:34:49.216333361Z: [    0.141878] Movable zone start for each node
[STDERR  ] 2019-05-07T16:34:49.216359614Z: [    0.141938] Early memory node ranges
[STDERR  ] 2019-05-07T16:34:49.216385352Z: [    0.141994]   node   0: [mem 0x0000000000001000-0x000000000009efff]
[STDERR  ] 2019-05-07T16:34:49.216478707Z: [    0.142030]   node   0: [mem 0x0000000000100000-0x000000003ffdefff]
[STDERR  ] 2019-05-07T16:34:49.216505100Z: [    0.143123] Reserved but unavailable: 98 pages
[STDERR  ] 2019-05-07T16:34:49.216534279Z: [    0.143382] Initmem setup node 0 [mem 0x0000000000001000-0x000000003ffdefff]
[STDERR  ] 2019-05-07T16:34:49.216560202Z: [    0.207905] ACPI: PM-Timer IO Port: 0x608
[STDERR  ] 2019-05-07T16:34:49.216586013Z: [    0.208625] ACPI: LAPIC_NMI (acpi_id[0xff] dfl dfl lint[0x1])
[STDERR  ] 2019-05-07T16:34:49.216611683Z: [    0.209275] IOAPIC[0]: apic_id 0, version 32, address 0xfec00000, GSI 0-23
[STDERR  ] 2019-05-07T16:34:49.216639470Z: [    0.209458] ACPI: INT_SRC_OVR (bus 0 bus_irq 0 global_irq 2 dfl dfl)
[STDERR  ] 2019-05-07T16:34:49.216680086Z: [    0.209817] ACPI: INT_SRC_OVR (bus 0 bus_irq 5 global_irq 5 high level)
[STDERR  ] 2019-05-07T16:34:49.216713472Z: [    0.209882] ACPI: INT_SRC_OVR (bus 0 bus_irq 9 global_irq 9 high level)
[STDERR  ] 2019-05-07T16:34:49.216741959Z: [    0.210017] ACPI: INT_SRC_OVR (bus 0 bus_irq 10 global_irq 10 high level)
[STDERR  ] 2019-05-07T16:34:49.216770619Z: [    0.210051] ACPI: INT_SRC_OVR (bus 0 bus_irq 11 global_irq 11 high level)
[STDERR  ] 2019-05-07T16:34:49.216797880Z: [    0.210444] Using ACPI (MADT) for SMP configuration information
[STDERR  ] 2019-05-07T16:34:49.216822112Z: [    0.210524] ACPI: HPET id: 0x8086a201 base: 0xfed00000
[STDERR  ] 2019-05-07T16:34:49.216843081Z: [    0.211057] smpboot: Allowing 1 CPUs, 0 hotplug CPUs
[STDERR  ] 2019-05-07T16:34:49.216864936Z: [    0.212115] [mem 0x40000000-0xafffffff] available for PCI devices
[STDERR  ] 2019-05-07T16:34:49.216895246Z: [    0.212183] Booting paravirtualized kernel on bare hardware
[STDERR  ] 2019-05-07T16:34:49.216923925Z: [    0.212468] clocksource: refined-jiffies: mask: 0xffffffff max_cycles: 0xffffffff, max_idle_ns: 1910969940391419 ns
[STDERR  ] 2019-05-07T16:34:49.216955094Z: [    3.618223] random: get_random_bytes called from start_kernel+0x91/0x512 with crng_init=0
[STDERR  ] 2019-05-07T16:34:49.216977350Z: [    3.619294] setup_percpu: NR_CPUS:128 nr_cpumask_bits:128 nr_cpu_ids:1 nr_node_ids:1
[STDERR  ] 2019-05-07T16:34:49.217004075Z: [    3.627593] percpu: Embedded 45 pages/cpu s145112 r8192 d31016 u2097152
[STDERR  ] 2019-05-07T16:34:49.217025380Z: [    3.630647] Built 1 zonelists, mobility grouping on.  Total pages: 257896
[STDERR  ] 2019-05-07T16:34:49.217046732Z: [    3.630899] Kernel command line: console=ttyS0 console=ttyAMA0
[STDERR  ] 2019-05-07T16:34:49.217068960Z: [    3.635270] Dentry cache hash table entries: 131072 (order: 8, 1048576 bytes)
[STDERR  ] 2019-05-07T16:34:49.217089313Z: [    3.636937] Inode-cache hash table entries: 65536 (order: 7, 524288 bytes)
[STDERR  ] 2019-05-07T16:34:49.217113326Z: [    3.707232] Memory: 968648K/1048052K available (12300K kernel code, 1583K rwdata, 3008K rodata, 1584K init, 2028K bss, 79404K reserved, 0K cma-reserved)
[STDERR  ] 2019-05-07T16:34:49.217143236Z: [    3.714676] ftrace: allocating 43064 entries in 169 pages
[STDERR  ] 2019-05-07T16:34:49.217163747Z: [    4.239478] rcu: Hierarchical RCU implementation.
[STDERR  ] 2019-05-07T16:34:49.217184765Z: [    4.239687] rcu: 	RCU restricting CPUs from NR_CPUS=128 to nr_cpu_ids=1.
[STDERR  ] 2019-05-07T16:34:49.217206697Z: [    4.239840] rcu: Adjusting geometry for rcu_fanout_leaf=16, nr_cpu_ids=1
[STDERR  ] 2019-05-07T16:34:49.217238310Z: [    4.298384] NR_IRQS: 8448, nr_irqs: 256, preallocated irqs: 16
[STDERR  ] 2019-05-07T16:34:49.217271577Z: [    4.312718] Console: colour VGA+ 80x25
[STDERR  ] 2019-05-07T16:34:49.217305269Z: [    4.362714] console [ttyS0] enabled
[STDERR  ] 2019-05-07T16:34:49.217330302Z: [    4.363576] ACPI: Core revision 20180810
[STDERR  ] 2019-05-07T16:34:49.217356978Z: [    4.371896] clocksource: hpet: mask: 0xffffffff max_cycles: 0xffffffff, max_idle_ns: 19112604467 ns
[STDERR  ] 2019-05-07T16:34:49.217383243Z: [    4.379248] APIC: Switch to symmetric I/O mode setup
[STDERR  ] 2019-05-07T16:34:49.217416884Z: [    4.386382] ..TIMER: vector=0x30 apic1=0 pin1=2 apic2=-1 pin2=-1
[STDERR  ] 2019-05-07T16:34:49.217459677Z: [    4.392467] clocksource: tsc-early: mask: 0xffffffffffffffff max_cycles: 0x257966ec9bb, max_idle_ns: 440795334878 ns
[STDERR  ] 2019-05-07T16:34:49.217486170Z: [    4.395258] Calibrating delay loop (skipped), value calculated using timer frequency.. 5199.54 BogoMIPS (lpj=2599774)
[STDERR  ] 2019-05-07T16:34:49.217513141Z: [    4.396421] pid_max: default: 32768 minimum: 301
[STDERR  ] 2019-05-07T16:34:49.217539292Z: [    4.401424] Security Framework initialized
[STDERR  ] 2019-05-07T16:34:49.217564549Z: [    4.401986] Yama: becoming mindful.
[STDERR  ] 2019-05-07T16:34:49.217601010Z: [    4.404708] Mount-cache hash table entries: 2048 (order: 2, 16384 bytes)
[STDERR  ] 2019-05-07T16:34:49.217628442Z: [    4.405378] Mountpoint-cache hash table entries: 2048 (order: 2, 16384 bytes)
[STDERR  ] 2019-05-07T16:34:49.217662145Z: [    4.429930] Last level iTLB entries: 4KB 0, 2MB 0, 4MB 0
[STDERR  ] 2019-05-07T16:34:49.217688365Z: [    4.430314] Last level dTLB entries: 4KB 0, 2MB 0, 4MB 0, 1GB 0
[STDERR  ] 2019-05-07T16:34:49.217714783Z: [    4.431434] Spectre V2 : Spectre mitigation: LFENCE not serializing, switching to generic retpoline
[STDERR  ] 2019-05-07T16:34:49.217740401Z: [    4.432321] Spectre V2 : Mitigation: Full generic retpoline
[STDERR  ] 2019-05-07T16:34:49.217769842Z: [    4.432873] Spectre V2 : Spectre v2 / SpectreRSB mitigation: Filling RSB on context switch
[STDERR  ] 2019-05-07T16:34:49.217802258Z: [    4.434185] Speculative Store Bypass: Vulnerable
[STDERR  ] 2019-05-07T16:34:49.217827931Z: [    4.635630] random: fast init done
[STDERR  ] 2019-05-07T16:34:49.217861438Z: [    4.772341] Freeing SMP alternatives memory: 20K
[STDERR  ] 2019-05-07T16:34:49.217887373Z: [    4.795258] smpboot: CPU0: AMD QEMU Virtual CPU version 2.5+ (family: 0x6, model: 0x6, stepping: 0x3)
[STDERR  ] 2019-05-07T16:34:49.217925033Z: [    4.804654] Performance Events: PMU not available due to virtualization, using software events only.
[STDERR  ] 2019-05-07T16:34:49.217950748Z: [    4.808352] rcu: Hierarchical SRCU implementation.
[STDERR  ] 2019-05-07T16:34:49.217975844Z: [    4.815632] NMI watchdog: Perf NMI watchdog permanently disabled
[STDERR  ] 2019-05-07T16:34:49.218000991Z: [    4.820781] smp: Bringing up secondary CPUs ...
[STDERR  ] 2019-05-07T16:34:49.218027691Z: [    4.821365] smp: Brought up 1 node, 1 CPU
[STDERR  ] 2019-05-07T16:34:49.218053148Z: [    4.821699] smpboot: Max logical packages: 1
[STDERR  ] 2019-05-07T16:34:49.218078733Z: [    4.822310] smpboot: Total of 1 processors activated (5199.54 BogoMIPS)
[STDERR  ] 2019-05-07T16:34:49.218104182Z: [    4.839234] devtmpfs: initialized
[STDERR  ] 2019-05-07T16:34:49.218129163Z: [    4.844434] x86/mm: Memory block size: 128MB
[STDERR  ] 2019-05-07T16:34:49.218155710Z: [    4.856107] clocksource: jiffies: mask: 0xffffffff max_cycles: 0xffffffff, max_idle_ns: 1911260446275000 ns
[STDERR  ] 2019-05-07T16:34:49.218181980Z: [    4.857440] futex hash table entries: 256 (order: 2, 16384 bytes)
[STDERR  ] 2019-05-07T16:34:49.218214693Z: [    4.872092] NET: Registered protocol family 16
[STDERR  ] 2019-05-07T16:34:49.218240941Z: [    4.876911] audit: initializing netlink subsys (disabled)
[STDERR  ] 2019-05-07T16:34:49.218308149Z: [    4.882754] audit: type=2000 audit(1557246806.500:1): state=initialized audit_enabled=0 res=1
[STDERR  ] 2019-05-07T16:34:49.218335546Z: [    4.886466] cpuidle: using governor ladder
[STDERR  ] 2019-05-07T16:34:49.218362663Z: [    4.886995] cpuidle: using governor menu
[STDERR  ] 2019-05-07T16:34:49.218387493Z: [    4.889046] ACPI: bus type PCI registered
[STDERR  ] 2019-05-07T16:34:49.218418464Z: [    4.892258] PCI: MMCONFIG for domain 0000 [bus 00-ff] at [mem 0xb0000000-0xbfffffff] (base 0xb0000000)
[STDERR  ] 2019-05-07T16:34:49.218455361Z: [    4.893515] PCI: MMCONFIG at [mem 0xb0000000-0xbfffffff] reserved in E820
[STDERR  ] 2019-05-07T16:34:49.218481640Z: [    4.894943] PCI: Using configuration type 1 for base access
[STDERR  ] 2019-05-07T16:34:49.218503272Z: [    4.963759] HugeTLB registered 2.00 MiB page size, pre-allocated 0 pages
[STDERR  ] 2019-05-07T16:34:49.218537835Z: [    4.969633] cryptd: max_cpu_qlen set to 1000
[STDERR  ] 2019-05-07T16:34:49.218563889Z: [    4.975597] ACPI: Added _OSI(Module Device)
[STDERR  ] 2019-05-07T16:34:49.218586247Z: [    4.976041] ACPI: Added _OSI(Processor Device)
[STDERR  ] 2019-05-07T16:34:49.218608902Z: [    4.976297] ACPI: Added _OSI(3.0 _SCP Extensions)
[STDERR  ] 2019-05-07T16:34:49.218634741Z: [    4.976672] ACPI: Added _OSI(Processor Aggregator Device)
[STDERR  ] 2019-05-07T16:34:49.218660006Z: [    4.977415] ACPI: Added _OSI(Linux-Dell-Video)
[STDERR  ] 2019-05-07T16:34:49.218690936Z: [    4.977808] ACPI: Added _OSI(Linux-Lenovo-NV-HDMI-Audio)
[STDERR  ] 2019-05-07T16:34:49.218713141Z: [    5.031975] ACPI: 1 ACPI AML tables successfully acquired and loaded
[STDERR  ] 2019-05-07T16:34:49.218740881Z: [    5.068537] ACPI: Interpreter enabled
[STDERR  ] 2019-05-07T16:34:49.218765349Z: [    5.069660] ACPI: (supports S0 S5)
[STDERR  ] 2019-05-07T16:34:49.218790881Z: [    5.070058] ACPI: Using IOAPIC for interrupt routing
[STDERR  ] 2019-05-07T16:34:49.218818048Z: [    5.072698] PCI: Using host bridge windows from ACPI; if necessary, use "pci=nocrs" and report a bug
[STDERR  ] 2019-05-07T16:34:49.218854094Z: [    5.077258] ACPI: Enabled 2 GPEs in block 00 to 3F
[STDERR  ] 2019-05-07T16:34:49.218882144Z: [    5.151144] ACPI: PCI Root Bridge [PCI0] (domain 0000 [bus 00-ff])
[STDERR  ] 2019-05-07T16:34:49.218920903Z: [    5.152432] acpi PNP0A08:00: _OSC: OS supports [ExtendedConfig ASPM ClockPM Segments MSI]
[STDERR  ] 2019-05-07T16:34:49.218950370Z: [    5.156844] acpi PNP0A08:00: _OSC: platform does not support [SHPCHotplug LTR]
[STDERR  ] 2019-05-07T16:34:49.218980046Z: [    5.160165] acpi PNP0A08:00: _OSC: OS now controls [PCIeHotplug PME PCIeCapability]
[STDERR  ] 2019-05-07T16:34:49.219016312Z: [    5.164598] PCI host bridge to bus 0000:00
[STDERR  ] 2019-05-07T16:34:49.219053312Z: [    5.165157] pci_bus 0000:00: root bus resource [io  0x0000-0x0cf7 window]
[STDERR  ] 2019-05-07T16:34:49.219081052Z: [    5.165320] pci_bus 0000:00: root bus resource [io  0x0d00-0xffff window]
[STDERR  ] 2019-05-07T16:34:49.219113824Z: [    5.166301] pci_bus 0000:00: root bus resource [mem 0x000a0000-0x000bffff window]
[STDERR  ] 2019-05-07T16:34:49.219153341Z: [    5.166883] pci_bus 0000:00: root bus resource [mem 0xc0000000-0xfebfffff window]
[STDERR  ] 2019-05-07T16:34:49.219183373Z: [    5.167411] pci_bus 0000:00: root bus resource [bus 00-ff]
[STDERR  ] 2019-05-07T16:34:49.219212742Z: [    5.225823] pci 0000:00:1f.0: quirk: [io  0x0600-0x067f] claimed by ICH6 ACPI/GPIO/TCO
[STDERR  ] 2019-05-07T16:34:49.219242593Z: [    5.271050] ACPI: PCI Interrupt Link [LNKA] (IRQs 5 *10 11)
[STDERR  ] 2019-05-07T16:34:49.219274005Z: [    5.273820] ACPI: PCI Interrupt Link [LNKB] (IRQs 5 *10 11)
[STDERR  ] 2019-05-07T16:34:49.219307636Z: [    5.276177] ACPI: PCI Interrupt Link [LNKC] (IRQs 5 10 *11)
[STDERR  ] 2019-05-07T16:34:49.219336234Z: [    5.278599] ACPI: PCI Interrupt Link [LNKD] (IRQs 5 10 *11)
[STDERR  ] 2019-05-07T16:34:49.219365374Z: [    5.281022] ACPI: PCI Interrupt Link [LNKE] (IRQs 5 *10 11)
[STDERR  ] 2019-05-07T16:34:49.219393843Z: [    5.283520] ACPI: PCI Interrupt Link [LNKF] (IRQs 5 *10 11)
[STDERR  ] 2019-05-07T16:34:49.219446278Z: [    5.285743] ACPI: PCI Interrupt Link [LNKG] (IRQs 5 10 *11)
[STDERR  ] 2019-05-07T16:34:49.219473008Z: [    5.287898] ACPI: PCI Interrupt Link [LNKH] (IRQs 5 10 *11)
[STDERR  ] 2019-05-07T16:34:49.219509392Z: [    5.288699] ACPI: PCI Interrupt Link [GSIA] (IRQs *16)
[STDERR  ] 2019-05-07T16:34:49.219534722Z: [    5.289549] ACPI: PCI Interrupt Link [GSIB] (IRQs *17)
[STDERR  ] 2019-05-07T16:34:49.219559477Z: [    5.290540] ACPI: PCI Interrupt Link [GSIC] (IRQs *18)
[STDERR  ] 2019-05-07T16:34:49.219584588Z: [    5.291553] ACPI: PCI Interrupt Link [GSID] (IRQs *19)
[STDERR  ] 2019-05-07T16:34:49.219610024Z: [    5.292554] ACPI: PCI Interrupt Link [GSIE] (IRQs *20)
[STDERR  ] 2019-05-07T16:34:49.219636772Z: [    5.293552] ACPI: PCI Interrupt Link [GSIF] (IRQs *21)
[STDERR  ] 2019-05-07T16:34:49.219678111Z: [    5.294501] ACPI: PCI Interrupt Link [GSIG] (IRQs *22)
[STDERR  ] 2019-05-07T16:34:49.219703694Z: [    5.295385] ACPI: PCI Interrupt Link [GSIH] (IRQs *23)
[STDERR  ] 2019-05-07T16:34:49.219731237Z: [    5.305315] SCSI subsystem initialized
[STDERR  ] 2019-05-07T16:34:49.219757696Z: [    5.308584] ACPI: bus type USB registered
[STDERR  ] 2019-05-07T16:34:49.219792223Z: [    5.309796] usbcore: registered new interface driver usbfs
[STDERR  ] 2019-05-07T16:34:49.219818391Z: [    5.310850] usbcore: registered new interface driver hub
[STDERR  ] 2019-05-07T16:34:49.219843813Z: [    5.311701] usbcore: registered new device driver usb
[STDERR  ] 2019-05-07T16:34:49.219869123Z: [    5.313542] pps_core: LinuxPPS API ver. 1 registered
[STDERR  ] 2019-05-07T16:34:49.219895414Z: [    5.314056] pps_core: Software ver. 5.3.6 - Copyright 2005-2007 Rodolfo Giometti <giometti@linux.it>
[STDERR  ] 2019-05-07T16:34:49.219927828Z: [    5.315356] PTP clock support registered
[STDERR  ] 2019-05-07T16:34:49.219952819Z: [    5.318097] PCI: Using ACPI for IRQ routing
[STDERR  ] 2019-05-07T16:34:49.219977922Z: [    5.340485] NetLabel: Initializing
[STDERR  ] 2019-05-07T16:34:49.220003119Z: [    5.340913] NetLabel:  domain hash size = 128
[STDERR  ] 2019-05-07T16:34:49.220029710Z: [    5.341300] NetLabel:  protocols = UNLABELED CIPSOv4 CALIPSO
[STDERR  ] 2019-05-07T16:34:49.220054870Z: [    5.344244] NetLabel:  unlabeled traffic allowed by default
[STDERR  ] 2019-05-07T16:34:49.220080657Z: [    5.345713] HPET: 3 timers in total, 0 timers will be used for per-cpu timer
[STDERR  ] 2019-05-07T16:34:49.220114358Z: [    5.346580] hpet0: at MMIO 0xfed00000, IRQs 2, 8, 0
[STDERR  ] 2019-05-07T16:34:49.220139572Z: [    5.347326] hpet0: 3 comparators, 64-bit 100.000000 MHz counter
[STDERR  ] 2019-05-07T16:34:49.220173607Z: [    5.354894] clocksource: Switched to clocksource tsc-early
[STDERR  ] 2019-05-07T16:34:49.220199447Z: [    5.790738] VFS: Disk quotas dquot_6.6.0
[STDERR  ] 2019-05-07T16:34:49.220231963Z: [    5.791957] VFS: Dquot-cache hash table entries: 512 (order 0, 4096 bytes)
[STDERR  ] 2019-05-07T16:34:49.220258353Z: [    5.795710] FS-Cache: Loaded
[STDERR  ] 2019-05-07T16:34:49.220285051Z: [    5.802533] CacheFiles: Loaded
[STDERR  ] 2019-05-07T16:34:49.220310034Z: [    5.803927] pnp: PnP ACPI init
[STDERR  ] 2019-05-07T16:34:49.220334662Z: [    5.817903] pnp: PnP ACPI: found 5 devices
[STDERR  ] 2019-05-07T16:34:49.220359739Z: [    5.867737] clocksource: acpi_pm: mask: 0xffffff max_cycles: 0xffffff, max_idle_ns: 2085701024 ns
[STDERR  ] 2019-05-07T16:34:49.220385843Z: [    5.871696] NET: Registered protocol family 2
[STDERR  ] 2019-05-07T16:34:49.220418140Z: [    5.882129] tcp_listen_portaddr_hash hash table entries: 512 (order: 1, 8192 bytes)
[STDERR  ] 2019-05-07T16:34:49.220453975Z: [    5.883641] TCP established hash table entries: 8192 (order: 4, 65536 bytes)
[STDERR  ] 2019-05-07T16:34:49.220478984Z: [    5.884946] TCP bind hash table entries: 8192 (order: 5, 131072 bytes)
[STDERR  ] 2019-05-07T16:34:49.220504577Z: [    5.886106] TCP: Hash tables configured (established 8192 bind 8192)
[STDERR  ] 2019-05-07T16:34:49.220529740Z: [    5.888867] UDP hash table entries: 512 (order: 2, 16384 bytes)
[STDERR  ] 2019-05-07T16:34:49.220564767Z: [    5.889805] UDP-Lite hash table entries: 512 (order: 2, 16384 bytes)
[STDERR  ] 2019-05-07T16:34:49.220591324Z: [    5.893041] NET: Registered protocol family 1
[STDERR  ] 2019-05-07T16:34:49.220623571Z: [    5.893949] NET: Registered protocol family 44
[STDERR  ] 2019-05-07T16:34:49.220648805Z: [    5.894950] pci 0000:00:01.0: Video device with shadowed ROM at [mem 0x000c0000-0x000dffff]
[STDERR  ] 2019-05-07T16:34:49.220676312Z: [    5.907522] Trying to unpack rootfs image as initramfs...
[STDERR  ] 2019-05-07T16:34:49.220702573Z: [   15.063655] Freeing initrd memory: 32504K
[STDERR  ] 2019-05-07T16:34:49.220728334Z: [   15.097960] PCLMULQDQ-NI instructions are not detected.
[STDERR  ] 2019-05-07T16:34:49.220767610Z: [   15.100595] AVX or AES-NI instructions are not detected.
[STDERR  ] 2019-05-07T16:34:49.220793087Z: [   15.101130] CPU feature 'AVX registers' is not supported.
[STDERR  ] 2019-05-07T16:34:49.220818552Z: [   15.101868] CPU feature 'AVX registers' is not supported.
[STDERR  ] 2019-05-07T16:34:49.220843289Z: [   15.102502] CPU feature 'AVX registers' is not supported.
[STDERR  ] 2019-05-07T16:34:49.220868371Z: [   15.102965] CPU feature 'AVX registers' is not supported.
[STDERR  ] 2019-05-07T16:34:49.220893058Z: [   15.103560] AVX2 or AES-NI instructions are not detected.
[STDERR  ] 2019-05-07T16:34:49.220919294Z: [   15.104016] AVX2 instructions are not detected.
[STDERR  ] 2019-05-07T16:34:49.220949374Z: [   15.118018] workingset: timestamp_bits=46 max_order=18 bucket_order=0
[STDERR  ] 2019-05-07T16:34:49.220976625Z: [   15.126000] squashfs: version 4.0 (2009/01/31) Phillip Lougher
[STDERR  ] 2019-05-07T16:34:49.221011990Z: [   15.129776] FS-Cache: Netfs 'cifs' registered for caching
[STDERR  ] 2019-05-07T16:34:49.221038195Z: [   15.131099] fuse init (API version 7.27)
[STDERR  ] 2019-05-07T16:34:49.221063764Z: [   15.134314] SGI XFS with ACLs, security attributes, no debug enabled
[STDERR  ] 2019-05-07T16:34:49.221089058Z: [   15.140032] 9p: Installing v9fs 9p2000 file system support
[STDERR  ] 2019-05-07T16:34:49.221113699Z: [   15.140894] FS-Cache: Netfs '9p' registered for caching
[STDERR  ] 2019-05-07T16:34:49.221147838Z: [   15.141727] pstore: using deflate compression
[STDERR  ] 2019-05-07T16:34:49.221172991Z: [   15.201304] NET: Registered protocol family 38
[STDERR  ] 2019-05-07T16:34:49.221205387Z: [   15.202862] Key type asymmetric registered
[STDERR  ] 2019-05-07T16:34:49.221230116Z: [   15.203602] Asymmetric key parser 'x509' registered
[STDERR  ] 2019-05-07T16:34:49.221269203Z: [   15.205109] Block layer SCSI generic (bsg) driver version 0.4 loaded (major 247)
[STDERR  ] 2019-05-07T16:34:49.221300412Z: [   15.207741] io scheduler noop registered
[STDERR  ] 2019-05-07T16:34:49.221325485Z: [   15.208260] io scheduler deadline registered (default)
[STDERR  ] 2019-05-07T16:34:49.221357444Z: [   15.209818] io scheduler cfq registered
[STDERR  ] 2019-05-07T16:34:49.221391011Z: [   15.210224] io scheduler mq-deadline registered (default)
[STDERR  ] 2019-05-07T16:34:49.221420450Z: [   15.211083] io scheduler kyber registered
[STDERR  ] 2019-05-07T16:34:49.221464141Z: [   15.214687] shpchp: Standard Hot Plug PCI Controller Driver version: 0.4
[STDERR  ] 2019-05-07T16:34:49.221491612Z: [   15.215932] hv_vmbus: registering driver hyperv_fb
[STDERR  ] 2019-05-07T16:34:49.221523466Z: [   15.220766] input: Power Button as /devices/LNXSYSTM:00/LNXPWRBN:00/input/input0
[STDERR  ] 2019-05-07T16:34:49.221550566Z: [   15.224905] ACPI: Power Button [PWRF]
[STDERR  ] 2019-05-07T16:34:49.221575788Z: [   15.249052] PCI Interrupt Link [GSIG] enabled at IRQ 22
[STDERR  ] 2019-05-07T16:34:49.221606781Z: [   15.265869] PCI Interrupt Link [GSIH] enabled at IRQ 23
[STDERR  ] 2019-05-07T16:34:49.221631681Z: [   15.273601] Serial: 8250/16550 driver, 4 ports, IRQ sharing disabled
[STDERR  ] 2019-05-07T16:34:49.221656638Z: [   15.301504] 00:04: ttyS0 at I/O 0x3f8 (irq = 4, base_baud = 115200) is a 16550A
[STDERR  ] 2019-05-07T16:34:49.221687465Z: [   15.314006] Non-volatile memory driver v1.3
[STDERR  ] 2019-05-07T16:34:49.221712143Z: [   15.322600] Hangcheck: starting hangcheck timer 0.9.1 (tick is 180 seconds, margin is 60 seconds).
[STDERR  ] 2019-05-07T16:34:49.221748262Z: [   15.332660] random: crng init done
[STDERR  ] 2019-05-07T16:34:49.221772795Z: [   15.415077] brd: module loaded
[STDERR  ] 2019-05-07T16:34:49.221797383Z: [   15.456917] loop: module loaded
[STDERR  ] 2019-05-07T16:34:49.221822310Z: [   15.535567] lpc_ich 0000:00:1f.0: I/O space for GPIO uninitialized
[STDERR  ] 2019-05-07T16:34:49.221847763Z: [   15.538212] VMware PVSCSI driver - version 1.0.7.0-k
[STDERR  ] 2019-05-07T16:34:49.221885154Z: [   15.539200] hv_vmbus: registering driver hv_storvsc
[STDERR  ] 2019-05-07T16:34:49.221910238Z: [   15.556021] PCI Interrupt Link [GSIA] enabled at IRQ 16
[STDERR  ] 2019-05-07T16:34:49.221952071Z: [   15.564802] ahci 0000:00:1f.2: AHCI 0001.0000 32 slots 6 ports 1.5 Gbps 0x3f impl SATA mode
[STDERR  ] 2019-05-07T16:34:49.221987445Z: [   15.565828] ahci 0000:00:1f.2: flags: 64bit ncq only 
[STDERR  ] 2019-05-07T16:34:49.222016248Z: [   15.585906] scsi host0: ahci
[STDERR  ] 2019-05-07T16:34:49.222048305Z: [   15.590822] scsi host1: ahci
[STDERR  ] 2019-05-07T16:34:49.222080491Z: [   15.593292] scsi host2: ahci
[STDERR  ] 2019-05-07T16:34:49.222105376Z: [   15.597037] scsi host3: ahci
[STDERR  ] 2019-05-07T16:34:49.222130834Z: [   15.599699] scsi host4: ahci
[STDERR  ] 2019-05-07T16:34:49.222156619Z: [   15.601999] scsi host5: ahci
[STDERR  ] 2019-05-07T16:34:49.222187119Z: [   15.603893] ata1: SATA max UDMA/133 abar m4096@0xfebd2000 port 0xfebd2100 irq 24
[STDERR  ] 2019-05-07T16:34:49.222212716Z: [   15.604890] ata2: SATA max UDMA/133 abar m4096@0xfebd2000 port 0xfebd2180 irq 24
[STDERR  ] 2019-05-07T16:34:49.222238131Z: [   15.605766] ata3: SATA max UDMA/133 abar m4096@0xfebd2000 port 0xfebd2200 irq 24
[STDERR  ] 2019-05-07T16:34:49.222282754Z: [   15.606682] ata4: SATA max UDMA/133 abar m4096@0xfebd2000 port 0xfebd2280 irq 24
[STDERR  ] 2019-05-07T16:34:49.222308950Z: [   15.607485] ata5: SATA max UDMA/133 abar m4096@0xfebd2000 port 0xfebd2300 irq 24
[STDERR  ] 2019-05-07T16:34:49.222333753Z: [   15.608192] ata6: SATA max UDMA/133 abar m4096@0xfebd2000 port 0xfebd2380 irq 24
[STDERR  ] 2019-05-07T16:34:49.222358735Z: [   15.624774] tun: Universal TUN/TAP device driver, 1.6
[STDERR  ] 2019-05-07T16:34:49.222390610Z: [   15.639497] VMware vmxnet3 virtual NIC driver - version 1.4.16.0-k-NAPI
[STDERR  ] 2019-05-07T16:34:49.222421244Z: [   15.640593] hv_vmbus: registering driver hv_netvsc
[STDERR  ] 2019-05-07T16:34:49.222467129Z: [   15.641075] Fusion MPT base driver 3.04.20
[STDERR  ] 2019-05-07T16:34:49.222499831Z: [   15.641556] Copyright (c) 1999-2008 LSI Corporation
[STDERR  ] 2019-05-07T16:34:49.222525550Z: [   15.642207] Fusion MPT SPI Host driver 3.04.20
[STDERR  ] 2019-05-07T16:34:49.222558217Z: [   15.644754] i8042: PNP: PS/2 Controller [PNP0303:KBD,PNP0f13:MOU] at 0x60,0x64 irq 1,12
[STDERR  ] 2019-05-07T16:34:49.222583785Z: [   15.649893] serio: i8042 KBD port at 0x60,0x64 irq 1
[STDERR  ] 2019-05-07T16:34:49.222615182Z: [   15.650918] serio: i8042 AUX port at 0x60,0x64 irq 12
[STDERR  ] 2019-05-07T16:34:49.222640223Z: [   15.653915] hv_vmbus: registering driver hyperv_keyboard
[STDERR  ] 2019-05-07T16:34:49.222664796Z: [   15.656684] mousedev: PS/2 mouse device common for all mice
[STDERR  ] 2019-05-07T16:34:49.222689907Z: [   15.662341] input: AT Translated Set 2 keyboard as /devices/platform/i8042/serio0/input/input1
[STDERR  ] 2019-05-07T16:34:49.222714901Z: [   15.664628] input: PC Speaker as /devices/platform/pcspkr/input/input2
[STDERR  ] 2019-05-07T16:34:49.222741419Z: [   15.670708] rtc_cmos 00:00: RTC can wake from S4
[STDERR  ] 2019-05-07T16:34:49.222766752Z: [   15.675847] rtc_cmos 00:00: registered as rtc0
[STDERR  ] 2019-05-07T16:34:49.222791551Z: [   15.677259] rtc_cmos 00:00: alarms up to one day, y3k, 114 bytes nvram, hpet irqs
[STDERR  ] 2019-05-07T16:34:49.222816414Z: [   15.678540] i2c /dev entries driver
[STDERR  ] 2019-05-07T16:34:49.222841338Z: [   15.680982] device-mapper: ioctl: 4.39.0-ioctl (2018-04-03) initialised: dm-devel@redhat.com
[STDERR  ] 2019-05-07T16:34:49.222865740Z: [   15.687081] usbcore: registered new interface driver usbhid
[STDERR  ] 2019-05-07T16:34:49.222890583Z: [   15.687753] usbhid: USB HID core driver
[STDERR  ] 2019-05-07T16:34:49.222915358Z: [   15.688986] hv_utils: Registering HyperV Utility Driver
[STDERR  ] 2019-05-07T16:34:49.222939542Z: [   15.689663] hv_vmbus: registering driver hv_util
[STDERR  ] 2019-05-07T16:34:49.222964047Z: [   15.690095] hv_vmbus: registering driver hv_balloon
[STDERR  ] 2019-05-07T16:34:49.222988546Z: [   15.690966] oprofile: using NMI interrupt.
[STDERR  ] 2019-05-07T16:34:49.223016897Z: [   15.692680] GACT probability on
[STDERR  ] 2019-05-07T16:34:49.223050927Z: [   15.693152] Mirror/redirect action on
[STDERR  ] 2019-05-07T16:34:49.223075450Z: [   15.694590] Simple TC action Loaded
[STDERR  ] 2019-05-07T16:34:49.223099299Z: [   15.695199] u32 classifier
[STDERR  ] 2019-05-07T16:34:49.223123698Z: [   15.695674]     Performance counters on
[STDERR  ] 2019-05-07T16:34:49.223148032Z: [   15.696005]     input device check on
[STDERR  ] 2019-05-07T16:34:49.223171906Z: [   15.696314]     Actions configured
[STDERR  ] 2019-05-07T16:34:49.223196534Z: [   15.710253] xt_time: kernel timezone is -0000
[STDERR  ] 2019-05-07T16:34:49.223220815Z: [   15.711873] IPVS: Registered protocols (TCP, UDP, SCTP, AH, ESP)
[STDERR  ] 2019-05-07T16:34:49.223248738Z: [   15.712900] IPVS: Connection hash table configured (size=4096, memory=64Kbytes)
[STDERR  ] 2019-05-07T16:34:49.223273182Z: [   15.718666] IPVS: ipvs loaded.
[STDERR  ] 2019-05-07T16:34:49.223299057Z: [   15.719196] IPVS: [rr] scheduler registered.
[STDERR  ] 2019-05-07T16:34:49.223323295Z: [   15.719888] IPVS: [wrr] scheduler registered.
[STDERR  ] 2019-05-07T16:34:49.223347523Z: [   15.720585] IPVS: [lc] scheduler registered.
[STDERR  ] 2019-05-07T16:34:49.223372121Z: [   15.721055] IPVS: [wlc] scheduler registered.
[STDERR  ] 2019-05-07T16:34:49.223396533Z: [   15.721616] IPVS: [fo] scheduler registered.
[STDERR  ] 2019-05-07T16:34:49.223426232Z: [   15.722025] IPVS: [ovf] scheduler registered.
[STDERR  ] 2019-05-07T16:34:49.223459255Z: [   15.722752] IPVS: [lblc] scheduler registered.
[STDERR  ] 2019-05-07T16:34:49.223483527Z: [   15.723256] IPVS: [lblcr] scheduler registered.
[STDERR  ] 2019-05-07T16:34:49.223512382Z: [   15.723847] IPVS: [dh] scheduler registered.
[STDERR  ] 2019-05-07T16:34:49.223536939Z: [   15.724240] IPVS: [sh] scheduler registered.
[STDERR  ] 2019-05-07T16:34:49.223566279Z: [   15.724785] IPVS: [mh] scheduler registered.
[STDERR  ] 2019-05-07T16:34:49.223590644Z: [   15.725194] IPVS: [sed] scheduler registered.
[STDERR  ] 2019-05-07T16:34:49.223614899Z: [   15.725736] IPVS: [nq] scheduler registered.
[STDERR  ] 2019-05-07T16:34:49.223639459Z: [   15.726751] IPVS: ftp: loaded support on port[0] = 21
[STDERR  ] 2019-05-07T16:34:49.223664288Z: [   15.728738] ipip: IPv4 and MPLS over IPv4 tunneling driver
[STDERR  ] 2019-05-07T16:34:49.223688823Z: [   15.734090] gre: GRE over IPv4 demultiplexor driver
[STDERR  ] 2019-05-07T16:34:49.223712974Z: [   15.741756] ipt_CLUSTERIP: ClusterIP Version 0.8 loaded successfully
[STDERR  ] 2019-05-07T16:34:49.223742191Z: [   15.745702] NET: Registered protocol family 10
[STDERR  ] 2019-05-07T16:34:49.223766527Z: [   15.758035] Segment Routing with IPv6
[STDERR  ] 2019-05-07T16:34:49.223790525Z: [   15.769583] NET: Registered protocol family 17
[STDERR  ] 2019-05-07T16:34:49.223814642Z: [   15.770884] Bridge firewalling registered
[STDERR  ] 2019-05-07T16:34:49.223838917Z: [   15.774007] 8021q: 802.1Q VLAN Support v1.8
[STDERR  ] 2019-05-07T16:34:49.223865392Z: [   15.776248] 9pnet: Installing 9P2000 support
[STDERR  ] 2019-05-07T16:34:49.223890072Z: [   15.778671] Key type dns_resolver registered
[STDERR  ] 2019-05-07T16:34:49.223914836Z: [   15.780603] NET: Registered protocol family 40
[STDERR  ] 2019-05-07T16:34:49.223939456Z: [   15.781925] sched_clock: Marking stable (15706091372, 75295992)->(16035761934, -254374570)
[STDERR  ] 2019-05-07T16:34:49.223985148Z: [   15.786777] registered taskstats version 1
[STDERR  ] 2019-05-07T16:34:49.224016434Z: [   15.926770] ata4: SATA link down (SStatus 0 SControl 300)
[STDERR  ] 2019-05-07T16:34:49.224041354Z: [   15.929459] ata3: SATA link up 1.5 Gbps (SStatus 113 SControl 300)
[STDERR  ] 2019-05-07T16:34:49.224069257Z: [   15.932246] ata2: SATA link down (SStatus 0 SControl 300)
[STDERR  ] 2019-05-07T16:34:49.224093183Z: [   15.933141] ata1: SATA link down (SStatus 0 SControl 300)
[STDERR  ] 2019-05-07T16:34:49.224118311Z: [   15.934004] ata6: SATA link down (SStatus 0 SControl 300)
[STDERR  ] 2019-05-07T16:34:49.224142534Z: [   15.936047] ata5: SATA link down (SStatus 0 SControl 300)
[STDERR  ] 2019-05-07T16:34:49.224172497Z: [   15.939124] ata3.00: ATAPI: QEMU DVD-ROM, 2.5+, max UDMA/100
[STDERR  ] 2019-05-07T16:34:49.224196725Z: [   15.939855] ata3.00: applying bridge limits
[STDERR  ] 2019-05-07T16:34:49.224220978Z: [   15.945838] ata3.00: configured for UDMA/100
[STDERR  ] 2019-05-07T16:34:49.224245503Z: [   15.969983] scsi 2:0:0:0: CD-ROM            QEMU     QEMU DVD-ROM     2.5+ PQ: 0 ANSI: 5
[STDERR  ] 2019-05-07T16:34:49.224271365Z: [   16.002078] sr 2:0:0:0: [sr0] scsi3-mmc drive: 4x/4x cd/rw xa/form2 tray
[STDERR  ] 2019-05-07T16:34:49.224296511Z: [   16.003097] cdrom: Uniform CD-ROM driver Revision: 3.20
[STDERR  ] 2019-05-07T16:34:49.224321470Z: [   16.015906] sr 2:0:0:0: Attached scsi generic sg0 type 5
[STDERR  ] 2019-05-07T16:34:49.224346096Z: [   16.124183] tsc: Refined TSC clocksource calibration: 2599.766 MHz
[STDERR  ] 2019-05-07T16:34:49.224370440Z: [   16.125572] clocksource: tsc: mask: 0xffffffffffffffff max_cycles: 0x25795f09e87, max_idle_ns: 440795224251 ns
[STDERR  ] 2019-05-07T16:34:49.224396107Z: [   16.129791] clocksource: Switched to clocksource tsc
[STDERR  ] 2019-05-07T16:34:49.224426522Z: [   16.172661] Key type big_key registered
[STDERR  ] 2019-05-07T16:34:49.224460086Z: [   16.291122] Key type trusted registered
[STDERR  ] 2019-05-07T16:34:49.224485095Z: [   16.406837] Key type encrypted registered
[STDERR  ] 2019-05-07T16:34:49.224509493Z: [   16.408169] ima: No TPM chip found, activating TPM-bypass!
[STDERR  ] 2019-05-07T16:34:49.224537596Z: [   16.409646] ima: Allocated hash algorithm: sha256
[STDERR  ] 2019-05-07T16:34:49.224561949Z: [   16.422292] evm: Initialising EVM extended attributes:
[STDERR  ] 2019-05-07T16:34:49.224587030Z: [   16.423078] evm: security.ima
[STDERR  ] 2019-05-07T16:34:49.224612714Z: [   16.423492] evm: security.capability
[STDERR  ] 2019-05-07T16:34:49.224642693Z: [   16.423839] evm: HMAC attrs: 0x1
[STDERR  ] 2019-05-07T16:34:49.224667610Z: [   16.433960] rtc_cmos 00:00: setting system clock to 2019-05-07 16:33:38 UTC (1557246818)
[STDERR  ] 2019-05-07T16:34:49.224692631Z: [   16.655101] Freeing unused kernel image memory: 1584K
[STDERR  ] 2019-05-07T16:34:49.224717621Z: [   16.656905] Write protecting the kernel read-only data: 18432k
[STDERR  ] 2019-05-07T16:34:49.224741883Z: [   16.678043] Freeing unused kernel image memory: 2028K
[STDERR  ] 2019-05-07T16:34:49.224766364Z: [   16.685822] Freeing unused kernel image memory: 1088K
[STDERR  ] 2019-05-07T16:34:49.224790792Z: [   16.687077] Run /init as init process
[STDERR  ] 2019-05-07T16:34:49.224815716Z: 
[STDERR  ] 2019-05-07T16:34:49.224842251Z: Welcome to LinuxKit
[STDERR  ] 2019-05-07T16:34:49.224866427Z: 
[STDERR  ] 2019-05-07T16:34:49.224890659Z:                         ##         .
[STDERR  ] 2019-05-07T16:34:49.224915524Z:                   ## ## ##        ==
[STDERR  ] 2019-05-07T16:34:49.224943590Z:                ## ## ## ## ##    ===
[STDERR  ] 2019-05-07T16:34:49.224969273Z:            /"""""""""""""""""\___/ ===
[STDERR  ] 2019-05-07T16:34:49.224993154Z:           {                       /  ===-
[STDERR  ] 2019-05-07T16:34:49.225017215Z:            \______ O           __/
[STDERR  ] 2019-05-07T16:34:49.225041802Z:              \    \         __/
[STDERR  ] 2019-05-07T16:34:49.225066261Z:               \____\_______/
[STDERR  ] 2019-05-07T16:34:49.225090714Z: 
[STDERR  ] 2019-05-07T16:34:49.225115463Z: [   53.258589] RPC: Registered named UNIX socket transport module.
[STDERR  ] 2019-05-07T16:34:49.225139901Z: [   53.259245] RPC: Registered udp transport module.
[STDERR  ] 2019-05-07T16:34:49.225165433Z: [   53.259803] RPC: Registered tcp transport module.
[STDERR  ] 2019-05-07T16:34:49.225189419Z: [   53.260212] RPC: Registered tcp NFSv4.1 backchannel transport module.
[STDERR  ] 2019-05-07T16:34:49.225213855Z: [   53.478250] FS-Cache: Netfs 'nfs' registered for caching
[STDERR  ] 2019-05-07T16:34:49.225238530Z: [   53.700101] Installing knfsd (copyright (C) 1996 okir@monad.swb.de).
[STDERR  ] 2019-05-07T16:34:49.225263419Z: [   53.808544] ntfs: driver 2.1.32 [Flags: R/O MODULE].
[STDERR  ] 2019-05-07T16:34:49.225294225Z: starting kernel config sanity test with /proc/config.gz
[STDERR  ] 2019-05-07T16:34:49.225318560Z: kernel config test succeeded!
[STDERR  ] 2019-05-07T16:34:49.225343735Z: [37minfo: reading kernel config from /proc/config.gz ...[m
[STDERR  ] 2019-05-07T16:34:49.225367762Z: 
[STDERR  ] 2019-05-07T16:34:49.225391556Z: Generally Necessary:
[STDERR  ] 2019-05-07T16:34:49.225423128Z: - [37mcgroup hierarchy[m: [32mproperly mounted[m [/sys/fs/cgroup]
[STDERR  ] 2019-05-07T16:34:49.225456896Z: - [37mCONFIG_NAMESPACES[m: [32menabled[m
[STDERR  ] 2019-05-07T16:34:49.225481356Z: - [37mCONFIG_NET_NS[m: [32menabled[m
[STDERR  ] 2019-05-07T16:34:49.225509740Z: - [37mCONFIG_PID_NS[m: [32menabled[m
[STDERR  ] 2019-05-07T16:34:49.225534136Z: - [37mCONFIG_IPC_NS[m: [32menabled[m
[STDERR  ] 2019-05-07T16:34:49.225558445Z: - [37mCONFIG_UTS_NS[m: [32menabled[m
[STDERR  ] 2019-05-07T16:34:49.225582678Z: - [37mCONFIG_CGROUPS[m: [32menabled[m
[STDERR  ] 2019-05-07T16:34:49.225607033Z: - [37mCONFIG_CGROUP_CPUACCT[m: [32menabled[m
[STDERR  ] 2019-05-07T16:34:49.225632075Z: - [37mCONFIG_CGROUP_DEVICE[m: [32menabled[m
[STDERR  ] 2019-05-07T16:34:49.225657147Z: - [37mCONFIG_CGROUP_FREEZER[m: [32menabled[m
[STDERR  ] 2019-05-07T16:34:49.225681737Z: - [37mCONFIG_CGROUP_SCHED[m: [32menabled[m
[STDERR  ] 2019-05-07T16:34:49.225706271Z: - [37mCONFIG_CPUSETS[m: [32menabled[m
[STDERR  ] 2019-05-07T16:34:49.225730205Z: - [37mCONFIG_MEMCG[m: [32menabled[m
[STDERR  ] 2019-05-07T16:34:49.225754443Z: - [37mCONFIG_KEYS[m: [32menabled[m
[STDERR  ] 2019-05-07T16:34:49.225778992Z: - [37mCONFIG_VETH[m: [32menabled[m
[STDERR  ] 2019-05-07T16:34:49.225803655Z: - [37mCONFIG_BRIDGE[m: [32menabled[m
[STDERR  ] 2019-05-07T16:34:49.225828182Z: - [37mCONFIG_BRIDGE_NETFILTER[m: [32menabled[m
[STDERR  ] 2019-05-07T16:34:49.225862263Z: - [37mCONFIG_NF_NAT_IPV4[m: [32menabled[m
[STDERR  ] 2019-05-07T16:34:49.225890279Z: - [37mCONFIG_IP_NF_FILTER[m: [32menabled[m
[STDERR  ] 2019-05-07T16:34:49.225918331Z: - [37mCONFIG_IP_NF_TARGET_MASQUERADE[m: [32menabled[m
[STDERR  ] 2019-05-07T16:34:49.225943700Z: - [37mCONFIG_NETFILTER_XT_MATCH_ADDRTYPE[m: [32menabled[m
[STDERR  ] 2019-05-07T16:34:49.225971547Z: - [37mCONFIG_NETFILTER_XT_MATCH_CONNTRACK[m: [32menabled[m
[STDERR  ] 2019-05-07T16:34:49.225995581Z: - [37mCONFIG_NETFILTER_XT_MATCH_IPVS[m: [32menabled[m
[STDERR  ] 2019-05-07T16:34:49.226020251Z: - [37mCONFIG_IP_NF_NAT[m: [32menabled[m
[STDERR  ] 2019-05-07T16:34:49.226044388Z: - [37mCONFIG_NF_NAT[m: [32menabled[m
[STDERR  ] 2019-05-07T16:34:49.226075944Z: - [37mCONFIG_NF_NAT_NEEDED[m: [32menabled[m
[STDERR  ] 2019-05-07T16:34:49.226100693Z: - [37mCONFIG_POSIX_MQUEUE[m: [32menabled[m
[STDERR  ] 2019-05-07T16:34:49.226124691Z: 
[STDERR  ] 2019-05-07T16:34:49.226149595Z: Optional Features:
[STDERR  ] 2019-05-07T16:34:49.226174088Z: - [37mCONFIG_USER_NS[m: [32menabled[m
[STDERR  ] 2019-05-07T16:34:49.226198775Z: - [37mCONFIG_SECCOMP[m: [32menabled[m
[STDERR  ] 2019-05-07T16:34:49.226223602Z: - [37mCONFIG_CGROUP_PIDS[m: [32menabled[m
[STDERR  ] 2019-05-07T16:34:49.226264338Z: - [37mCONFIG_MEMCG_SWAP[m: [32menabled[m
[STDERR  ] 2019-05-07T16:34:49.226291229Z: - [37mCONFIG_MEMCG_SWAP_ENABLED[m: [32menabled[m
[STDERR  ] 2019-05-07T16:34:49.226315043Z:     [1;30m(cgroup swap accounting is currently enabled)[m
[STDERR  ] 2019-05-07T16:34:49.226339917Z: - [1mCONFIG_LEGACY_VSYSCALL_NONE[m: [1;31menabled[m
[STDERR  ] 2019-05-07T16:34:49.226364551Z:     [1;30m(containers using eglibc <= 2.13 will not work. Switch to[m
[STDERR  ] 2019-05-07T16:34:49.226389862Z:     [1;30m "CONFIG_VSYSCALL_[NATIVE|EMULATE]" or use "vsyscall=[native|emulate]"[m
[STDERR  ] 2019-05-07T16:34:49.226420313Z:     [1;30m on kernel command line. Note that this will disable ASLR for the,[m
[STDERR  ] 2019-05-07T16:34:49.226454440Z:     [1;30m VDSO which may assist in exploiting security vulnerabilities.)[m
[STDERR  ] 2019-05-07T16:34:49.226486986Z: - [37mCONFIG_BLK_CGROUP[m: [32menabled[m
[STDERR  ] 2019-05-07T16:34:49.226516990Z: - [37mCONFIG_BLK_DEV_THROTTLING[m: [32menabled[m
[STDERR  ] 2019-05-07T16:34:49.226543658Z: - [37mCONFIG_IOSCHED_CFQ[m: [32menabled[m
[STDERR  ] 2019-05-07T16:34:49.226572903Z: - [37mCONFIG_CFQ_GROUP_IOSCHED[m: [32menabled[m
[STDERR  ] 2019-05-07T16:34:49.226597678Z: - [37mCONFIG_CGROUP_PERF[m: [32menabled[m
[STDERR  ] 2019-05-07T16:34:49.226622168Z: - [37mCONFIG_CGROUP_HUGETLB[m: [32menabled[m
[STDERR  ] 2019-05-07T16:34:49.226647622Z: - [37mCONFIG_NET_CLS_CGROUP[m: [32menabled[m
[STDERR  ] 2019-05-07T16:34:49.226672241Z: - [37mCONFIG_CGROUP_NET_PRIO[m: [32menabled[m
[STDERR  ] 2019-05-07T16:34:49.226696973Z: - [37mCONFIG_CFS_BANDWIDTH[m: [32menabled[m
[STDERR  ] 2019-05-07T16:34:49.226726183Z: - [37mCONFIG_FAIR_GROUP_SCHED[m: [32menabled[m
[STDERR  ] 2019-05-07T16:34:49.226751230Z: - [37mCONFIG_RT_GROUP_SCHED[m: [32menabled[m
[STDERR  ] 2019-05-07T16:34:49.226776624Z: - [37mCONFIG_IP_NF_TARGET_REDIRECT[m: [32menabled[m
[STDERR  ] 2019-05-07T16:34:49.226808832Z: - [37mCONFIG_IP_VS[m: [32menabled[m
[STDERR  ] 2019-05-07T16:34:49.226833829Z: - [37mCONFIG_IP_VS_NFCT[m: [32menabled[m
[STDERR  ] 2019-05-07T16:34:49.226858407Z: - [37mCONFIG_IP_VS_PROTO_TCP[m: [32menabled[m
[STDERR  ] 2019-05-07T16:34:49.226886839Z: - [37mCONFIG_IP_VS_PROTO_UDP[m: [32menabled[m
[STDERR  ] 2019-05-07T16:34:49.226910980Z: - [37mCONFIG_IP_VS_RR[m: [32menabled[m
[STDERR  ] 2019-05-07T16:34:49.226935559Z: - [37mCONFIG_EXT4_FS[m: [32menabled[m
[STDERR  ] 2019-05-07T16:34:49.226963081Z: - [37mCONFIG_EXT4_FS_POSIX_ACL[m: [32menabled[m
[STDERR  ] 2019-05-07T16:34:49.226988053Z: - [37mCONFIG_EXT4_FS_SECURITY[m: [32menabled[m
[STDERR  ] 2019-05-07T16:34:49.227013169Z: - Network Drivers:
[STDERR  ] 2019-05-07T16:34:49.227042878Z:   - "[34moverlay[m":
[STDERR  ] 2019-05-07T16:34:49.227067347Z:     - [37mCONFIG_VXLAN[m: [32menabled[m
[STDERR  ] 2019-05-07T16:34:49.227092611Z:       Optional (for encrypted networks):
[STDERR  ] 2019-05-07T16:34:49.227117747Z:       - [37mCONFIG_CRYPTO[m: [32menabled[m
[STDERR  ] 2019-05-07T16:34:49.227142293Z:       - [37mCONFIG_CRYPTO_AEAD[m: [32menabled[m
[STDERR  ] 2019-05-07T16:34:49.227167212Z:       - [37mCONFIG_CRYPTO_GCM[m: [32menabled[m
[STDERR  ] 2019-05-07T16:34:49.227191927Z:       - [37mCONFIG_CRYPTO_SEQIV[m: [32menabled[m
[STDERR  ] 2019-05-07T16:34:49.227217029Z:       - [37mCONFIG_CRYPTO_GHASH[m: [32menabled[m
[STDERR  ] 2019-05-07T16:34:49.227242066Z:       - [37mCONFIG_XFRM[m: [32menabled[m
[STDERR  ] 2019-05-07T16:34:49.227267393Z:       - [37mCONFIG_XFRM_USER[m: [32menabled (as module)[m
[STDERR  ] 2019-05-07T16:34:49.227292610Z:       - [37mCONFIG_XFRM_ALGO[m: [32menabled (as module)[m
[STDERR  ] 2019-05-07T16:34:49.227317676Z:       - [37mCONFIG_INET_ESP[m: [32menabled (as module)[m
[STDERR  ] 2019-05-07T16:34:49.227342608Z:       - [37mCONFIG_INET_XFRM_MODE_TRANSPORT[m: [32menabled (as module)[m
[STDERR  ] 2019-05-07T16:34:49.227368240Z:   - "[34mipvlan[m":
[STDERR  ] 2019-05-07T16:34:49.227393582Z:     - [37mCONFIG_IPVLAN[m: [32menabled[m
[STDERR  ] 2019-05-07T16:34:49.227424370Z:   - "[34mmacvlan[m":
[STDERR  ] 2019-05-07T16:34:49.227469264Z:     - [37mCONFIG_MACVLAN[m: [32menabled[m
[STDERR  ] 2019-05-07T16:34:49.227494803Z:     - [37mCONFIG_DUMMY[m: [32menabled (as module)[m
[STDERR  ] 2019-05-07T16:34:49.227528130Z:   - "[34mftp,tftp client in container[m":
[STDERR  ] 2019-05-07T16:34:49.227553383Z:     - [37mCONFIG_NF_NAT_FTP[m: [32menabled[m
[STDERR  ] 2019-05-07T16:34:49.227581903Z:     - [37mCONFIG_NF_CONNTRACK_FTP[m: [32menabled[m
[STDERR  ] 2019-05-07T16:34:49.227613295Z:     - [37mCONFIG_NF_NAT_TFTP[m: [32menabled[m
[STDERR  ] 2019-05-07T16:34:49.227638223Z:     - [37mCONFIG_NF_CONNTRACK_TFTP[m: [32menabled[m
[STDERR  ] 2019-05-07T16:34:49.227669721Z: - Storage Drivers:
[STDERR  ] 2019-05-07T16:34:49.227694915Z:   - "[34maufs[m":
[STDERR  ] 2019-05-07T16:34:49.227801386Z:     - [1mCONFIG_AUFS_FS[m: [1;31mmissing[m
[STDERR  ] 2019-05-07T16:34:49.227826727Z:   - "[34mbtrfs[m":
[STDERR  ] 2019-05-07T16:34:49.227851533Z:     - [37mCONFIG_BTRFS_FS[m: [32menabled (as module)[m
[STDERR  ] 2019-05-07T16:34:49.227880674Z:     - [37mCONFIG_BTRFS_FS_POSIX_ACL[m: [32menabled[m
[STDERR  ] 2019-05-07T16:34:49.227905542Z:   - "[34mdevicemapper[m":
[STDERR  ] 2019-05-07T16:34:49.227931781Z:     - [37mCONFIG_BLK_DEV_DM[m: [32menabled[m
[STDERR  ] 2019-05-07T16:34:49.227961834Z:     - [37mCONFIG_DM_THIN_PROVISIONING[m: [32menabled[m
[STDERR  ] 2019-05-07T16:34:49.227989011Z:   - "[34moverlay[m":
[STDERR  ] 2019-05-07T16:34:49.228023063Z:     - [37mCONFIG_OVERLAY_FS[m: [32menabled[m
[STDERR  ] 2019-05-07T16:34:49.228050190Z:   - "[34mzfs[m":
[STDERR  ] 2019-05-07T16:34:49.228088484Z:     - [1m/dev/zfs[m: [1;31mmissing[m
[STDERR  ] 2019-05-07T16:34:49.228122383Z:     - [1mzfs command[m: [1;31mmissing[m
[STDERR  ] 2019-05-07T16:34:49.228156921Z:     - [1mzpool command[m: [1;31mmissing[m
[STDERR  ] 2019-05-07T16:34:49.228183509Z: 
[STDERR  ] 2019-05-07T16:34:49.228218900Z: Limits:
[STDERR  ] 2019-05-07T16:34:49.228250627Z: [37m- /proc/sys/kernel/keys/root_maxkeys[m: [32m1000000[m
[STDERR  ] 2019-05-07T16:34:49.228277406Z: 
[STDERR  ] 2019-05-07T16:34:49.228309816Z: Kernel config test suite PASSED
[STDERR  ] 2019-05-07T16:34:49.228334017Z: [   86.423396] ACPI: Preparing to enter system sleep state S5
[STDERR  ] 2019-05-07T16:34:49.228358112Z: [   86.428964] reboot: Power down
[STDERR  ] 2019-05-07T16:34:49.228381842Z: + grep -q suite PASSED
[STDERR  ] 2019-05-07T16:34:49.228405895Z: + echo [    0.000000] Linux version 4.19.39-linuxkit (root@b3625c29a5bd) (gcc version 8.3.0 (Alpine 8.3.0)) #1 SMP Sun May 5 12:58:43 UTC 2019
[STDERR  ] 2019-05-07T16:34:49.228448355Z: [    0.000000] Command line: console=ttyS0 console=ttyAMA0
[STDERR  ] 2019-05-07T16:34:49.228475575Z: [    0.000000] x86/fpu: x87 FPU will use FXSAVE
[STDERR  ] 2019-05-07T16:34:49.228496073Z: [    0.000000] BIOS-provided physical RAM map:
[STDERR  ] 2019-05-07T16:34:49.228528456Z: [    0.000000] BIOS-e820: [mem 0x0000000000000000-0x000000000009fbff] usable
[STDERR  ] 2019-05-07T16:34:49.228561446Z: [    0.000000] BIOS-e820: [mem 0x000000000009fc00-0x000000000009ffff] reserved
[STDERR  ] 2019-05-07T16:34:49.228594842Z: [    0.000000] BIOS-e820: [mem 0x00000000000f0000-0x00000000000fffff] reserved
[STDERR  ] 2019-05-07T16:34:49.228633575Z: [    0.000000] BIOS-e820: [mem 0x0000000000100000-0x000000003ffdefff] usable
[STDERR  ] 2019-05-07T16:34:49.228661713Z: [    0.000000] BIOS-e820: [mem 0x000000003ffdf000-0x000000003fffffff] reserved
[STDERR  ] 2019-05-07T16:34:49.228690120Z: [    0.000000] BIOS-e820: [mem 0x00000000b0000000-0x00000000bfffffff] reserved
[STDERR  ] 2019-05-07T16:34:49.228718584Z: [    0.000000] BIOS-e820: [mem 0x00000000fed1c000-0x00000000fed1ffff] reserved
[PASS    ] linuxkit.kernel.config_4.19.x 105.61s
[STDERR  ] 2019-05-07T16:34:49.228754081Z: [    0.000000] BIOS-e820: [mem 0x00000000fffc0000-0x00000000ffffffff] reserved
