[INFO    ] 2017-11-17T15:03:46.790886043Z: Running Test linuxkit.packages.ca-certificates in /tmp/build/test/cases/040_packages/003_ca-certificates
[INFO    ] 2017-11-17T15:03:46.791034634Z: Running command: [/bin/sh -x /tmp/build/test/cases/040_packages/003_ca-certificates/test.sh]
[STDERR  ] 2017-11-17T15:03:46.812495122Z: + set -e
[STDERR  ] 2017-11-17T15:03:46.81257605Z: + . /tmp/build/test/cases/_lib/lib.sh
[STDERR  ] 2017-11-17T15:03:46.812588774Z: + [ -f src/github.com/linuxkit/rtf/lib/lib.sh ]
[STDERR  ] 2017-11-17T15:03:46.812599172Z: + LINUXKIT_TMPDIR=/tmp/build/test/cases/_tmp
[STDERR  ] 2017-11-17T15:03:46.812608557Z: + [ -f /tmp/build/test/cases/_tmp/env.sh ]
[STDERR  ] 2017-11-17T15:03:46.812617055Z: + . /tmp/build/test/cases/_tmp/env.sh
[STDERR  ] 2017-11-17T15:03:46.812626847Z: + export LINUXKIT_EXAMPLES_DIR=/tmp/build/test/cases/../../examples
[STDERR  ] 2017-11-17T15:03:46.812637212Z: + export LINUXKIT_BLUEPRINTS_DIR=/tmp/build/test/cases/../../blueprints
[STDERR  ] 2017-11-17T15:03:46.812646843Z: + RT_CANCEL=253
[STDERR  ] 2017-11-17T15:03:46.812656001Z: + NAME=ca-certificates
[STDERR  ] 2017-11-17T15:03:46.812665924Z: + trap clean_up EXIT
[STDERR  ] 2017-11-17T15:03:46.812674326Z: + moby build -format kernel+initrd -name ca-certificates test.yml
[STDERR  ] 2017-11-17T15:03:46.823533901Z: Extract kernel image: linuxkit/kernel:4.9.62
[STDERR  ] 2017-11-17T15:03:48.662925581Z: Add init containers:
[STDERR  ] 2017-11-17T15:03:48.663012987Z: Process init image: linuxkit/init:42a92119e1ca10380e0d33e26c0cbcf85b9b3558
[STDERR  ] 2017-11-17T15:03:49.984887414Z: Process init image: linuxkit/runc:1b0741d07949c0acc444cd6a04ee7f833443579d
[STDERR  ] 2017-11-17T15:03:51.181240071Z: Process init image: linuxkit/ca-certificates:af4880e78edc28743f7c5e262678c67c6add4c26
[STDERR  ] 2017-11-17T15:03:52.357244397Z: Add onboot containers:
[STDERR  ] 2017-11-17T15:03:52.357288284Z:   Create OCI config for alpine:3.6
[STDERR  ] 2017-11-17T15:03:53.567642897Z:   Create OCI config for linuxkit/poweroff:280bd01daa8776fbe1f4d912977f1886b8374834
[STDERR  ] 2017-11-17T15:03:54.603755919Z: time="2017-11-17T15:03:54Z" level=warning msg="certificate with CN Rolf Neugebauer is near expiry" 
[STDERR  ] 2017-11-17T15:03:54.60607166Z: time="2017-11-17T15:03:54Z" level=warning msg="certificate with CN Rolf Neugebauer is near expiry" 
[STDERR  ] 2017-11-17T15:03:54.775105238Z: Add files:
[STDERR  ] 2017-11-17T15:03:54.775153676Z:   check.sh
[STDERR  ] 2017-11-17T15:03:54.783904819Z: Create outputs:
[STDERR  ] 2017-11-17T15:03:59.398255161Z:   ca-certificates-kernel ca-certificates-initrd.img ca-certificates-cmdline
[STDERR  ] 2017-11-17T15:03:59.44837158Z: + linuxkit run ca-certificates
[STDERR  ] 2017-11-17T15:03:59.470523354Z: Unable to find qemu-system-x86_64 within the $PATH. Using a container
[STDERR  ] 2017-11-17T15:04:37.114773407Z: + RESULT=[    0.000000] Linux version 4.9.62-linuxkit (root@71a3c458523b) (gcc version 6.3.0 (Alpine 6.3.0) ) #1 SMP Thu Nov 16 17:07:55 UTC 2017
[STDERR  ] 2017-11-17T15:04:37.114834993Z: [    0.000000] Command line: console=ttyS0 page_poison=1
[STDERR  ] 2017-11-17T15:04:37.114846049Z: [    0.000000] x86/fpu: Legacy x87 FPU detected.
[STDERR  ] 2017-11-17T15:04:37.114863709Z: [    0.000000] x86/fpu: Using 'eager' FPU context switches.
[STDERR  ] 2017-11-17T15:04:37.114873666Z: [    0.000000] e820: BIOS-provided physical RAM map:
[STDERR  ] 2017-11-17T15:04:37.114883558Z: [    0.000000] BIOS-e820: [mem 0x0000000000000000-0x000000000009fbff] usable
[STDERR  ] 2017-11-17T15:04:37.114893962Z: [    0.000000] BIOS-e820: [mem 0x000000000009fc00-0x000000000009ffff] reserved
[STDERR  ] 2017-11-17T15:04:37.114903521Z: [    0.000000] BIOS-e820: [mem 0x00000000000f0000-0x00000000000fffff] reserved
[STDERR  ] 2017-11-17T15:04:37.114912886Z: [    0.000000] BIOS-e820: [mem 0x0000000000100000-0x000000003ffdefff] usable
[STDERR  ] 2017-11-17T15:04:37.114923886Z: [    0.000000] BIOS-e820: [mem 0x000000003ffdf000-0x000000003fffffff] reserved
[STDERR  ] 2017-11-17T15:04:37.114933786Z: [    0.000000] BIOS-e820: [mem 0x00000000b0000000-0x00000000bfffffff] reserved
[STDERR  ] 2017-11-17T15:04:37.114951383Z: [    0.000000] BIOS-e820: [mem 0x00000000fed1c000-0x00000000fed1ffff] reserved
[STDERR  ] 2017-11-17T15:04:37.114959835Z: [    0.000000] BIOS-e820: [mem 0x00000000fffc0000-0x00000000ffffffff] reserved
[STDERR  ] 2017-11-17T15:04:37.114968759Z: [    0.000000] NX (Execute Disable) protection: active
[STDERR  ] 2017-11-17T15:04:37.114977542Z: [    0.000000] SMBIOS 2.8 present.
[STDERR  ] 2017-11-17T15:04:37.114985755Z: [    0.000000] e820: last_pfn = 0x3ffdf max_arch_pfn = 0x400000000
[STDERR  ] 2017-11-17T15:04:37.114994796Z: [    0.000000] x86/PAT: Configuration [0-7]: WB  WC  UC- UC  WB  WC  UC- WT  
[STDERR  ] 2017-11-17T15:04:37.115003118Z: [    0.000000] found SMP MP-table at [mem 0x000f6aa0-0x000f6aaf] mapped at [ffff9324800f6aa0]
[STDERR  ] 2017-11-17T15:04:37.115012579Z: [    0.000000] RAMDISK: [mem 0x3e7aa000-0x3ffcffff]
[STDERR  ] 2017-11-17T15:04:37.115021267Z: [    0.000000] ACPI: Early table checksum verification disabled
[STDERR  ] 2017-11-17T15:04:37.115030169Z: [    0.000000] ACPI: RSDP 0x00000000000F68C0 000014 (v00 BOCHS )
[STDERR  ] 2017-11-17T15:04:37.115039729Z: [    0.000000] ACPI: RSDT 0x000000003FFE2404 000034 (v01 BOCHS  BXPCRSDT 00000001 BXPC 00000001)
[STDERR  ] 2017-11-17T15:04:37.115049578Z: [    0.000000] ACPI: FACP 0x000000003FFE22A4 000074 (v01 BOCHS  BXPCFACP 00000001 BXPC 00000001)
[STDERR  ] 2017-11-17T15:04:37.115058625Z: [    0.000000] ACPI: DSDT 0x000000003FFE0040 002264 (v01 BOCHS  BXPCDSDT 00000001 BXPC 00000001)
[STDERR  ] 2017-11-17T15:04:37.115075779Z: [    0.000000] ACPI: FACS 0x000000003FFE0000 000040
[STDERR  ] 2017-11-17T15:04:37.115084532Z: [    0.000000] ACPI: APIC 0x000000003FFE2318 000078 (v01 BOCHS  BXPCAPIC 00000001 BXPC 00000001)
[STDERR  ] 2017-11-17T15:04:37.115093732Z: [    0.000000] ACPI: HPET 0x000000003FFE2390 000038 (v01 BOCHS  BXPCHPET 00000001 BXPC 00000001)
[STDERR  ] 2017-11-17T15:04:37.115102823Z: [    0.000000] ACPI: MCFG 0x000000003FFE23C8 00003C (v01 BOCHS  BXPCMCFG 00000001 BXPC 00000001)
[STDERR  ] 2017-11-17T15:04:37.115111678Z: [    0.000000] Zone ranges:
[STDERR  ] 2017-11-17T15:04:37.11512052Z: [    0.000000]   DMA      [mem 0x0000000000001000-0x0000000000ffffff]
[STDERR  ] 2017-11-17T15:04:37.115129297Z: [    0.000000]   DMA32    [mem 0x0000000001000000-0x000000003ffdefff]
[STDERR  ] 2017-11-17T15:04:37.115138305Z: [    0.000000]   Normal   empty
[STDERR  ] 2017-11-17T15:04:37.115152735Z: [    0.000000] Movable zone start for each node
[STDERR  ] 2017-11-17T15:04:37.115161622Z: [    0.000000] Early memory node ranges
[STDERR  ] 2017-11-17T15:04:37.115170383Z: [    0.000000]   node   0: [mem 0x0000000000001000-0x000000000009efff]
[STDERR  ] 2017-11-17T15:04:37.115179173Z: [    0.000000]   node   0: [mem 0x0000000000100000-0x000000003ffdefff]
[STDERR  ] 2017-11-17T15:04:37.115188066Z: [    0.000000] Initmem setup node 0 [mem 0x0000000000001000-0x000000003ffdefff]
[STDERR  ] 2017-11-17T15:04:37.115201333Z: [    0.000000] ACPI: PM-Timer IO Port: 0x608
[STDERR  ] 2017-11-17T15:04:37.115212352Z: [    0.000000] ACPI: LAPIC_NMI (acpi_id[0xff] dfl dfl lint[0x1])
[STDERR  ] 2017-11-17T15:04:37.115221635Z: [    0.000000] IOAPIC[0]: apic_id 0, version 32, address 0xfec00000, GSI 0-23
[STDERR  ] 2017-11-17T15:04:37.11522992Z: [    0.000000] ACPI: INT_SRC_OVR (bus 0 bus_irq 0 global_irq 2 dfl dfl)
[STDERR  ] 2017-11-17T15:04:37.115238377Z: [    0.000000] ACPI: INT_SRC_OVR (bus 0 bus_irq 5 global_irq 5 high level)
[STDERR  ] 2017-11-17T15:04:37.115246518Z: [    0.000000] ACPI: INT_SRC_OVR (bus 0 bus_irq 9 global_irq 9 high level)
[STDERR  ] 2017-11-17T15:04:37.115254831Z: [    0.000000] ACPI: INT_SRC_OVR (bus 0 bus_irq 10 global_irq 10 high level)
[STDERR  ] 2017-11-17T15:04:37.115263828Z: [    0.000000] ACPI: INT_SRC_OVR (bus 0 bus_irq 11 global_irq 11 high level)
[STDERR  ] 2017-11-17T15:04:37.115272847Z: [    0.000000] Using ACPI (MADT) for SMP configuration information
[STDERR  ] 2017-11-17T15:04:37.115281142Z: [    0.000000] ACPI: HPET id: 0x8086a201 base: 0xfed00000
[STDERR  ] 2017-11-17T15:04:37.115289539Z: [    0.000000] smpboot: Allowing 1 CPUs, 0 hotplug CPUs
[STDERR  ] 2017-11-17T15:04:37.115301849Z: [    0.000000] e820: [mem 0x40000000-0xafffffff] available for PCI devices
[STDERR  ] 2017-11-17T15:04:37.115310543Z: [    0.000000] Booting paravirtualized kernel on bare hardware
[STDERR  ] 2017-11-17T15:04:37.11531912Z: [    0.000000] clocksource: refined-jiffies: mask: 0xffffffff max_cycles: 0xffffffff, max_idle_ns: 19112604462750000 ns
[STDERR  ] 2017-11-17T15:04:37.115328934Z: [    0.000000] setup_percpu: NR_CPUS:128 nr_cpumask_bits:128 nr_cpu_ids:1 nr_node_ids:1
[STDERR  ] 2017-11-17T15:04:37.115337594Z: [    0.000000] percpu: Embedded 35 pages/cpu @ffff9324be400000 s105112 r8192 d30056 u2097152
[STDERR  ] 2017-11-17T15:04:37.115348699Z: [    0.000000] Built 1 zonelists in Zone order, mobility grouping on.  Total pages: 257896
[STDERR  ] 2017-11-17T15:04:37.115360222Z: [    0.000000] Kernel command line: console=ttyS0 page_poison=1
[STDERR  ] 2017-11-17T15:04:37.115368985Z: [    0.000000] PID hash table entries: 4096 (order: 3, 32768 bytes)
[STDERR  ] 2017-11-17T15:04:37.115377375Z: [    0.000000] Dentry cache hash table entries: 131072 (order: 8, 1048576 bytes)
[STDERR  ] 2017-11-17T15:04:37.11538618Z: [    0.000000] Inode-cache hash table entries: 65536 (order: 7, 524288 bytes)
[STDERR  ] 2017-11-17T15:04:37.115394517Z: [    0.000000] Memory: 989444K/1048052K available (8049K kernel code, 1367K rwdata, 2700K rodata, 1380K init, 568K bss, 58608K reserved, 0K cma-reserved)
[STDERR  ] 2017-11-17T15:04:37.115408314Z: [    0.000000] Hierarchical RCU implementation.
[STDERR  ] 2017-11-17T15:04:37.115417077Z: [    0.000000] 	Build-time adjustment of leaf fanout to 64.
[STDERR  ] 2017-11-17T15:04:37.115428582Z: [    0.000000] 	RCU restricting CPUs from NR_CPUS=128 to nr_cpu_ids=1.
[STDERR  ] 2017-11-17T15:04:37.115436781Z: [    0.000000] RCU: Adjusting geometry for rcu_fanout_leaf=64, nr_cpu_ids=1
[STDERR  ] 2017-11-17T15:04:37.115445113Z: [    0.000000] NR_IRQS:8448 nr_irqs:256 16
[STDERR  ] 2017-11-17T15:04:37.115453486Z: [    0.000000] Console: colour VGA+ 80x25
[STDERR  ] 2017-11-17T15:04:37.115461861Z: [    0.000000] console [ttyS0] enabled
[STDERR  ] 2017-11-17T15:04:37.115469973Z: [    0.000000] allocated 2097152 bytes of page_ext
[STDERR  ] 2017-11-17T15:04:37.11547852Z: [    0.000000] clocksource: hpet: mask: 0xffffffff max_cycles: 0xffffffff, max_idle_ns: 19112604467 ns
[STDERR  ] 2017-11-17T15:04:37.11548954Z: [    0.000000] tsc: Fast TSC calibration using PIT
[STDERR  ] 2017-11-17T15:04:37.115497742Z: [    0.000000] tsc: Detected 2599.923 MHz processor
[STDERR  ] 2017-11-17T15:04:37.115506164Z: [    0.022037] Calibrating delay loop (skipped), value calculated using timer frequency.. 5199.84 BogoMIPS (lpj=25999230)
[STDERR  ] 2017-11-17T15:04:37.115514687Z: [    0.030446] pid_max: default: 32768 minimum: 301
[STDERR  ] 2017-11-17T15:04:37.115523063Z: [    0.031473] ACPI: Core revision 20160831
[STDERR  ] 2017-11-17T15:04:37.115532783Z: [    0.088161] ACPI: 1 ACPI AML tables successfully acquired and loaded
[STDERR  ] 2017-11-17T15:04:37.11554076Z: [    0.092617] Security Framework initialized
[STDERR  ] 2017-11-17T15:04:37.115548629Z: [    0.092911] Yama: becoming mindful.
[STDERR  ] 2017-11-17T15:04:37.115556343Z: [    0.094807] Mount-cache hash table entries: 2048 (order: 2, 16384 bytes)
[STDERR  ] 2017-11-17T15:04:37.115564177Z: [    0.095020] Mountpoint-cache hash table entries: 2048 (order: 2, 16384 bytes)
[STDERR  ] 2017-11-17T15:04:37.11557182Z: [    0.115378] Last level iTLB entries: 4KB 0, 2MB 0, 4MB 0
[STDERR  ] 2017-11-17T15:04:37.115580127Z: [    0.115649] Last level dTLB entries: 4KB 0, 2MB 0, 4MB 0, 1GB 0
[STDERR  ] 2017-11-17T15:04:37.115588283Z: [    0.518344] Freeing SMP alternatives memory: 20K
[STDERR  ] 2017-11-17T15:04:37.115597881Z: [    0.530000] ftrace: allocating 35542 entries in 139 pages
[STDERR  ] 2017-11-17T15:04:37.115606031Z: [    0.770000] smpboot: Max logical packages: 1
[STDERR  ] 2017-11-17T15:04:37.115616357Z: [    0.776376] ..TIMER: vector=0x30 apic1=0 pin1=2 apic2=-1 pin2=-1
[STDERR  ] 2017-11-17T15:04:37.115628016Z: [    0.880000] smpboot: CPU0: AMD QEMU Virtual CPU version 2.5+ (family: 0x6, model: 0x6, stepping: 0x3)
[STDERR  ] 2017-11-17T15:04:37.115636244Z: [    0.880000] Performance Events: PMU not available due to virtualization, using software events only.
[STDERR  ] 2017-11-17T15:04:37.115644548Z: [    0.893320] NMI watchdog: disabled (cpu0): hardware events not enabled
[STDERR  ] 2017-11-17T15:04:37.115652976Z: [    0.893592] NMI watchdog: Shutting down hard lockup detector on all cpus
[STDERR  ] 2017-11-17T15:04:37.115660652Z: [    0.897172] x86: Booted up 1 node, 1 CPUs
[STDERR  ] 2017-11-17T15:04:37.115669548Z: [    0.897625] smpboot: Total of 1 processors activated (5199.84 BogoMIPS)
[STDERR  ] 2017-11-17T15:04:37.115678793Z: [    0.917748] devtmpfs: initialized
[STDERR  ] 2017-11-17T15:04:37.115687346Z: [    0.926638] x86/mm: Memory block size: 128MB
[STDERR  ] 2017-11-17T15:04:37.11569615Z: [    1.029939] clocksource: jiffies: mask: 0xffffffff max_cycles: 0xffffffff, max_idle_ns: 19112604462750000 ns
[STDERR  ] 2017-11-17T15:04:37.115705381Z: [    1.030362] futex hash table entries: 256 (order: 2, 16384 bytes)
[STDERR  ] 2017-11-17T15:04:37.115713213Z: [    1.041696] NET: Registered protocol family 16
[STDERR  ] 2017-11-17T15:04:37.115722882Z: [    1.055913] cpuidle: using governor ladder
[STDERR  ] 2017-11-17T15:04:37.115730692Z: [    1.056428] cpuidle: using governor menu
[STDERR  ] 2017-11-17T15:04:37.115740017Z: [    1.057819] ACPI: bus type PCI registered
[STDERR  ] 2017-11-17T15:04:37.115753013Z: [    1.061760] PCI: MMCONFIG for domain 0000 [bus 00-ff] at [mem 0xb0000000-0xbfffffff] (base 0xb0000000)
[STDERR  ] 2017-11-17T15:04:37.115761363Z: [    1.062521] PCI: MMCONFIG at [mem 0xb0000000-0xbfffffff] reserved in E820
[STDERR  ] 2017-11-17T15:04:37.115771431Z: [    1.064011] PCI: Using configuration type 1 for base access
[STDERR  ] 2017-11-17T15:04:37.115888691Z: [    1.149232] HugeTLB registered 2 MB page size, pre-allocated 0 pages
[STDERR  ] 2017-11-17T15:04:37.115896782Z: [    1.162471] ACPI: Added _OSI(Module Device)
[STDERR  ] 2017-11-17T15:04:37.115905247Z: [    1.162687] ACPI: Added _OSI(Processor Device)
[STDERR  ] 2017-11-17T15:04:37.115914262Z: [    1.163064] ACPI: Added _OSI(3.0 _SCP Extensions)
[STDERR  ] 2017-11-17T15:04:37.115922859Z: [    1.163361] ACPI: Added _OSI(Processor Aggregator Device)
[STDERR  ] 2017-11-17T15:04:37.115930701Z: [    1.278590] ACPI: Interpreter enabled
[STDERR  ] 2017-11-17T15:04:37.115938693Z: [    1.280859] ACPI: (supports S0 S5)
[STDERR  ] 2017-11-17T15:04:37.115947498Z: [    1.281196] ACPI: Using IOAPIC for interrupt routing
[STDERR  ] 2017-11-17T15:04:37.115955601Z: [    1.283805] PCI: Using host bridge windows from ACPI; if necessary, use "pci=nocrs" and report a bug
[STDERR  ] 2017-11-17T15:04:37.115964487Z: [    1.380160] ACPI: PCI Root Bridge [PCI0] (domain 0000 [bus 00-ff])
[STDERR  ] 2017-11-17T15:04:37.115974692Z: [    1.381335] acpi PNP0A08:00: _OSC: OS supports [ExtendedConfig ASPM ClockPM Segments MSI]
[STDERR  ] 2017-11-17T15:04:37.11598351Z: [    1.390854] acpi PNP0A08:00: _OSC: OS now controls [PCIeHotplug PME PCIeCapability]
[STDERR  ] 2017-11-17T15:04:37.115992126Z: [    1.396610] PCI host bridge to bus 0000:00
[STDERR  ] 2017-11-17T15:04:37.116000873Z: [    1.396985] pci_bus 0000:00: root bus resource [io  0x0000-0x0cf7 window]
[STDERR  ] 2017-11-17T15:04:37.116009653Z: [    1.397456] pci_bus 0000:00: root bus resource [io  0x0d00-0xffff window]
[STDERR  ] 2017-11-17T15:04:37.116018085Z: [    1.397850] pci_bus 0000:00: root bus resource [mem 0x000a0000-0x000bffff window]
[STDERR  ] 2017-11-17T15:04:37.116025927Z: [    1.398262] pci_bus 0000:00: root bus resource [mem 0xc0000000-0xfebfffff window]
[STDERR  ] 2017-11-17T15:04:37.11603371Z: [    1.398903] pci_bus 0000:00: root bus resource [bus 00-ff]
[STDERR  ] 2017-11-17T15:04:37.116042097Z: [    1.556701] pci 0000:00:1f.0: quirk: [io  0x0600-0x067f] claimed by ICH6 ACPI/GPIO/TCO
[STDERR  ] 2017-11-17T15:04:37.116049961Z: [    1.648018] ACPI: PCI Interrupt Link [LNKA] (IRQs 5 *10 11)
[STDERR  ] 2017-11-17T15:04:37.116063039Z: [    1.651439] ACPI: PCI Interrupt Link [LNKB] (IRQs 5 *10 11)
[STDERR  ] 2017-11-17T15:04:37.116071899Z: [    1.653582] ACPI: PCI Interrupt Link [LNKC] (IRQs 5 10 *11)
[STDERR  ] 2017-11-17T15:04:37.116080499Z: [    1.655331] ACPI: PCI Interrupt Link [LNKD] (IRQs 5 10 *11)
[STDERR  ] 2017-11-17T15:04:37.11608928Z: [    1.657029] ACPI: PCI Interrupt Link [LNKE] (IRQs 5 *10 11)
[STDERR  ] 2017-11-17T15:04:37.116097916Z: [    1.658812] ACPI: PCI Interrupt Link [LNKF] (IRQs 5 *10 11)
[STDERR  ] 2017-11-17T15:04:37.116105966Z: [    1.660899] ACPI: PCI Interrupt Link [LNKG] (IRQs 5 10 *11)
[STDERR  ] 2017-11-17T15:04:37.116114602Z: [    1.662704] ACPI: PCI Interrupt Link [LNKH] (IRQs 5 10 *11)
[STDERR  ] 2017-11-17T15:04:37.116127574Z: [    1.663542] ACPI: PCI Interrupt Link [GSIA] (IRQs *16)
[STDERR  ] 2017-11-17T15:04:37.116136292Z: [    1.664279] ACPI: PCI Interrupt Link [GSIB] (IRQs *17)
[STDERR  ] 2017-11-17T15:04:37.116145516Z: [    1.664935] ACPI: PCI Interrupt Link [GSIC] (IRQs *18)
[STDERR  ] 2017-11-17T15:04:37.116154481Z: [    1.665644] ACPI: PCI Interrupt Link [GSID] (IRQs *19)
[STDERR  ] 2017-11-17T15:04:37.116163481Z: [    1.666336] ACPI: PCI Interrupt Link [GSIE] (IRQs *20)
[STDERR  ] 2017-11-17T15:04:37.11617151Z: [    1.667098] ACPI: PCI Interrupt Link [GSIF] (IRQs *21)
[STDERR  ] 2017-11-17T15:04:37.116179665Z: [    1.667807] ACPI: PCI Interrupt Link [GSIG] (IRQs *22)
[STDERR  ] 2017-11-17T15:04:37.11619387Z: [    1.668489] ACPI: PCI Interrupt Link [GSIH] (IRQs *23)
[STDERR  ] 2017-11-17T15:04:37.116202255Z: [    1.673547] ACPI: Enabled 2 GPEs in block 00 to 3F
[STDERR  ] 2017-11-17T15:04:37.11621069Z: [    1.680000] SCSI subsystem initialized
[STDERR  ] 2017-11-17T15:04:37.116220148Z: [    1.680304] ACPI: bus type USB registered
[STDERR  ] 2017-11-17T15:04:37.116228973Z: [    1.681641] usbcore: registered new interface driver usbfs
[STDERR  ] 2017-11-17T15:04:37.11623812Z: [    1.682750] usbcore: registered new interface driver hub
[STDERR  ] 2017-11-17T15:04:37.116262428Z: [    1.683851] usbcore: registered new device driver usb
[STDERR  ] 2017-11-17T15:04:37.11627049Z: [    1.684981] pps_core: LinuxPPS API ver. 1 registered
[STDERR  ] 2017-11-17T15:04:37.116278748Z: [    1.685306] pps_core: Software ver. 5.3.6 - Copyright 2005-2007 Rodolfo Giometti <giometti@linux.it>
[STDERR  ] 2017-11-17T15:04:37.116287533Z: [    1.686050] PTP clock support registered
[STDERR  ] 2017-11-17T15:04:37.116295949Z: [    1.690383] wmi: Mapper loaded
[STDERR  ] 2017-11-17T15:04:37.116308236Z: [    1.691989] PCI: Using ACPI for IRQ routing
[STDERR  ] 2017-11-17T15:04:37.116316466Z: [    1.720940] NetLabel: Initializing
[STDERR  ] 2017-11-17T15:04:37.116325367Z: [    1.721118] NetLabel:  domain hash size = 128
[STDERR  ] 2017-11-17T15:04:37.1163346Z: [    1.721225] NetLabel:  protocols = UNLABELED CIPSOv4
[STDERR  ] 2017-11-17T15:04:37.116343474Z: [    1.723535] NetLabel:  unlabeled traffic allowed by default
[STDERR  ] 2017-11-17T15:04:37.116352Z: [    1.724724] HPET: 3 timers in total, 0 timers will be used for per-cpu timer
[STDERR  ] 2017-11-17T15:04:37.116361588Z: [    1.725439] hpet0: at MMIO 0xfed00000, IRQs 2, 8, 0
[STDERR  ] 2017-11-17T15:04:37.116370055Z: [    1.725807] hpet0: 3 comparators, 64-bit 100.000000 MHz counter
[STDERR  ] 2017-11-17T15:04:37.116379119Z: [    1.734471] clocksource: Switched to clocksource hpet
[STDERR  ] 2017-11-17T15:04:37.116389972Z: [    2.099909] VFS: Disk quotas dquot_6.6.0
[STDERR  ] 2017-11-17T15:04:37.116398535Z: [    2.100925] VFS: Dquot-cache hash table entries: 512 (order 0, 4096 bytes)
[STDERR  ] 2017-11-17T15:04:37.116407587Z: [    2.104775] FS-Cache: Loaded
[STDERR  ] 2017-11-17T15:04:37.116416257Z: [    2.110031] CacheFiles: Loaded
[STDERR  ] 2017-11-17T15:04:37.116424912Z: [    2.112254] pnp: PnP ACPI init
[STDERR  ] 2017-11-17T15:04:37.116432491Z: [    2.123540] pnp: PnP ACPI: found 5 devices
[STDERR  ] 2017-11-17T15:04:37.116446432Z: [    2.170527] clocksource: acpi_pm: mask: 0xffffff max_cycles: 0xffffff, max_idle_ns: 2085701024 ns
[STDERR  ] 2017-11-17T15:04:37.116459552Z: [    2.174402] NET: Registered protocol family 2
[STDERR  ] 2017-11-17T15:04:37.116467909Z: [    2.185162] TCP established hash table entries: 8192 (order: 4, 65536 bytes)
[STDERR  ] 2017-11-17T15:04:37.116476646Z: [    2.185974] TCP bind hash table entries: 8192 (order: 5, 131072 bytes)
[STDERR  ] 2017-11-17T15:04:37.11648861Z: [    2.186641] TCP: Hash tables configured (established 8192 bind 8192)
[STDERR  ] 2017-11-17T15:04:37.116496793Z: [    2.188937] UDP hash table entries: 512 (order: 2, 16384 bytes)
[STDERR  ] 2017-11-17T15:04:37.116504732Z: [    2.189534] UDP-Lite hash table entries: 512 (order: 2, 16384 bytes)
[STDERR  ] 2017-11-17T15:04:37.116512989Z: [    2.192879] NET: Registered protocol family 1
[STDERR  ] 2017-11-17T15:04:37.116521311Z: [    2.193785] pci 0000:00:01.0: Video device with shadowed ROM at [mem 0x000c0000-0x000dffff]
[STDERR  ] 2017-11-17T15:04:37.116529654Z: [    2.206159] Unpacking initramfs...
[STDERR  ] 2017-11-17T15:04:37.116537953Z: [    6.836675] Freeing initrd memory: 24728K
[STDERR  ] 2017-11-17T15:04:37.116546592Z: [    6.860068] PCLMULQDQ-NI instructions are not detected.
[STDERR  ] 2017-11-17T15:04:37.11655432Z: [    6.862151] AVX or AES-NI instructions are not detected.
[STDERR  ] 2017-11-17T15:04:37.116561723Z: [    6.862684] CPU feature 'AVX registers' is not supported.
[STDERR  ] 2017-11-17T15:04:37.116569653Z: [    6.863046] CPU feature 'AVX registers' is not supported.
[STDERR  ] 2017-11-17T15:04:37.116582463Z: [    6.863495] CPU feature 'AVX registers' is not supported.
[STDERR  ] 2017-11-17T15:04:37.116591004Z: [    6.863900] CPU feature 'AVX registers' is not supported.
[STDERR  ] 2017-11-17T15:04:37.116602222Z: [    6.864233] AVX2 or AES-NI instructions are not detected.
[STDERR  ] 2017-11-17T15:04:37.116610297Z: [    6.864620] AVX2 instructions are not detected.
[STDERR  ] 2017-11-17T15:04:37.1166184Z: [    6.870100] audit: initializing netlink subsys (disabled)
[STDERR  ] 2017-11-17T15:04:37.116632329Z: [    6.873634] audit: type=2000 audit(1510931047.870:1): initialized
[STDERR  ] 2017-11-17T15:04:37.116640632Z: [    6.884745] workingset: timestamp_bits=46 max_order=18 bucket_order=0
[STDERR  ] 2017-11-17T15:04:37.116649529Z: [    6.891116] squashfs: version 4.0 (2009/01/31) Phillip Lougher
[STDERR  ] 2017-11-17T15:04:37.116657846Z: [    6.896894] FS-Cache: Netfs 'cifs' registered for caching
[STDERR  ] 2017-11-17T15:04:37.116665629Z: [    6.897917] fuse init (API version 7.26)
[STDERR  ] 2017-11-17T15:04:37.116674136Z: [    6.900818] SGI XFS with ACLs, security attributes, no debug enabled
[STDERR  ] 2017-11-17T15:04:37.116682907Z: [    6.905012] 9p: Installing v9fs 9p2000 file system support
[STDERR  ] 2017-11-17T15:04:37.116691412Z: [    6.905374] FS-Cache: Netfs '9p' registered for caching
[STDERR  ] 2017-11-17T15:04:37.116698617Z: [    6.948135] NET: Registered protocol family 38
[STDERR  ] 2017-11-17T15:04:37.116706089Z: [    6.948645] Key type asymmetric registered
[STDERR  ] 2017-11-17T15:04:37.116713654Z: [    6.949017] Asymmetric key parser 'x509' registered
[STDERR  ] 2017-11-17T15:04:37.116722866Z: [    6.949974] Block layer SCSI generic (bsg) driver version 0.4 loaded (major 251)
[STDERR  ] 2017-11-17T15:04:37.116731266Z: [    6.953401] io scheduler noop registered
[STDERR  ] 2017-11-17T15:04:37.116740095Z: [    6.953761] io scheduler deadline registered (default)
[STDERR  ] 2017-11-17T15:04:37.116748078Z: [    6.954671] io scheduler cfq registered
[STDERR  ] 2017-11-17T15:04:37.116755935Z: [    6.957776] pci_hotplug: PCI Hot Plug PCI Core version: 0.5
[STDERR  ] 2017-11-17T15:04:37.116765002Z: [    6.958404] pciehp: PCI Express Hot Plug Controller Driver version: 0.4
[STDERR  ] 2017-11-17T15:04:37.116773138Z: [    6.959299] shpchp: Standard Hot Plug PCI Controller Driver version: 0.4
[STDERR  ] 2017-11-17T15:04:37.116791532Z: [    6.960676] hv_vmbus: registering driver hyperv_fb
[STDERR  ] 2017-11-17T15:04:37.116801242Z: [    6.965049] input: Power Button as /devices/LNXSYSTM:00/LNXPWRBN:00/input/input0
[STDERR  ] 2017-11-17T15:04:37.116812204Z: [    6.966129] ACPI: Power Button [PWRF]
[STDERR  ] 2017-11-17T15:04:37.116818125Z: [    6.973152] GHES: HEST is not enabled!
[STDERR  ] 2017-11-17T15:04:37.1168237Z: [    6.991519] ACPI: PCI Interrupt Link [GSIG] enabled at IRQ 22
[STDERR  ] 2017-11-17T15:04:37.116829188Z: [    7.009489] ACPI: PCI Interrupt Link [GSIH] enabled at IRQ 23
[STDERR  ] 2017-11-17T15:04:37.116834475Z: [    7.015581] xenfs: not registering filesystem on non-xen platform
[STDERR  ] 2017-11-17T15:04:37.116840332Z: [    7.017944] Serial: 8250/16550 driver, 4 ports, IRQ sharing disabled
[STDERR  ] 2017-11-17T15:04:37.116846096Z: [    7.042809] 00:04: ttyS0 at I/O 0x3f8 (irq = 4, base_baud = 115200) is a 16550A
[STDERR  ] 2017-11-17T15:04:37.116851463Z: [    7.057853] Non-volatile memory driver v1.3
[STDERR  ] 2017-11-17T15:04:37.116856886Z: [    7.065816] Hangcheck: starting hangcheck timer 0.9.1 (tick is 180 seconds, margin is 60 seconds).
[STDERR  ] 2017-11-17T15:04:37.116862863Z: [    7.070860] random: fast init done
[STDERR  ] 2017-11-17T15:04:37.116868249Z: [    7.072144] random: crng init done
[STDERR  ] 2017-11-17T15:04:37.11687426Z: [    7.113800] loop: module loaded
[STDERR  ] 2017-11-17T15:04:37.116879977Z: [    7.129179] nbd: registered device at major 43
[STDERR  ] 2017-11-17T15:04:37.116885226Z: [    7.182741] lpc_ich 0000:00:1f.0: I/O space for GPIO uninitialized
[STDERR  ] 2017-11-17T15:04:37.116890572Z: [    7.184939] VMware PVSCSI driver - version 1.0.7.0-k
[STDERR  ] 2017-11-17T15:04:37.116899687Z: [    7.185750] hv_vmbus: registering driver hv_storvsc
[STDERR  ] 2017-11-17T15:04:37.116905049Z: [    7.201125] ACPI: PCI Interrupt Link [GSIA] enabled at IRQ 16
[STDERR  ] 2017-11-17T15:04:37.116910451Z: [    7.209582] ahci 0000:00:1f.2: AHCI 0001.0000 32 slots 6 ports 1.5 Gbps 0x3f impl SATA mode
[STDERR  ] 2017-11-17T15:04:37.116916289Z: [    7.210579] ahci 0000:00:1f.2: flags: 64bit ncq only 
[STDERR  ] 2017-11-17T15:04:37.116921638Z: [    7.242095] scsi host0: ahci
[STDERR  ] 2017-11-17T15:04:37.116927034Z: [    7.246858] scsi host1: ahci
[STDERR  ] 2017-11-17T15:04:37.116932689Z: [    7.249860] scsi host2: ahci
[STDERR  ] 2017-11-17T15:04:37.116938021Z: [    7.252821] scsi host3: ahci
[STDERR  ] 2017-11-17T15:04:37.116943326Z: [    7.255047] scsi host4: ahci
[STDERR  ] 2017-11-17T15:04:37.116948737Z: [    7.257921] scsi host5: ahci
[STDERR  ] 2017-11-17T15:04:37.116954109Z: [    7.260348] ata1: SATA max UDMA/133 abar m4096@0xfebd2000 port 0xfebd2100 irq 24
[STDERR  ] 2017-11-17T15:04:37.116959558Z: [    7.260894] ata2: SATA max UDMA/133 abar m4096@0xfebd2000 port 0xfebd2180 irq 24
[STDERR  ] 2017-11-17T15:04:37.116967953Z: [    7.261280] ata3: SATA max UDMA/133 abar m4096@0xfebd2000 port 0xfebd2200 irq 24
[STDERR  ] 2017-11-17T15:04:37.116975259Z: [    7.261708] ata4: SATA max UDMA/133 abar m4096@0xfebd2000 port 0xfebd2280 irq 24
[STDERR  ] 2017-11-17T15:04:37.116980607Z: [    7.262092] ata5: SATA max UDMA/133 abar m4096@0xfebd2000 port 0xfebd2300 irq 24
[STDERR  ] 2017-11-17T15:04:37.116985901Z: [    7.262487] ata6: SATA max UDMA/133 abar m4096@0xfebd2000 port 0xfebd2380 irq 24
[STDERR  ] 2017-11-17T15:04:37.11699118Z: [    7.280802] tun: Universal TUN/TAP device driver, 1.6
[STDERR  ] 2017-11-17T15:04:37.116996585Z: [    7.281192] tun: (C) 1999-2004 Max Krasnyansky <maxk@qualcomm.com>
[STDERR  ] 2017-11-17T15:04:37.117001968Z: [    7.294767] VMware vmxnet3 virtual NIC driver - version 1.4.a.0-k-NAPI
[STDERR  ] 2017-11-17T15:04:37.117007303Z: [    7.295720] hv_vmbus: registering driver hv_netvsc
[STDERR  ] 2017-11-17T15:04:37.117012691Z: [    7.296082] Fusion MPT base driver 3.04.20
[STDERR  ] 2017-11-17T15:04:37.117018042Z: [    7.296305] Copyright (c) 1999-2008 LSI Corporation
[STDERR  ] 2017-11-17T15:04:37.117023335Z: [    7.296896] Fusion MPT SPI Host driver 3.04.20
[STDERR  ] 2017-11-17T15:04:37.117031274Z: [    7.299509] i8042: PNP: PS/2 Controller [PNP0303:KBD,PNP0f13:MOU] at 0x60,0x64 irq 1,12
[STDERR  ] 2017-11-17T15:04:37.117037012Z: [    7.305136] serio: i8042 KBD port at 0x60,0x64 irq 1
[STDERR  ] 2017-11-17T15:04:37.117045426Z: [    7.305893] serio: i8042 AUX port at 0x60,0x64 irq 12
[STDERR  ] 2017-11-17T15:04:37.117051166Z: [    7.310022] hv_vmbus: registering driver hyperv_keyboard
[STDERR  ] 2017-11-17T15:04:37.11705649Z: [    7.313185] mousedev: PS/2 mouse device common for all mice
[STDERR  ] 2017-11-17T15:04:37.117062444Z: [    7.319707] input: AT Translated Set 2 keyboard as /devices/platform/i8042/serio0/input/input1
[STDERR  ] 2017-11-17T15:04:37.117067921Z: [    7.322556] input: PC Speaker as /devices/platform/pcspkr/input/input2
[STDERR  ] 2017-11-17T15:04:37.117073248Z: [    7.329235] rtc_cmos 00:00: RTC can wake from S4
[STDERR  ] 2017-11-17T15:04:37.117078606Z: [    7.334041] rtc_cmos 00:00: rtc core: registered rtc_cmos as rtc0
[STDERR  ] 2017-11-17T15:04:37.117084006Z: [    7.335392] rtc_cmos 00:00: alarms up to one day, y3k, 114 bytes nvram, hpet irqs
[STDERR  ] 2017-11-17T15:04:37.117089462Z: [    7.336075] i2c /dev entries driver
[STDERR  ] 2017-11-17T15:04:37.117094859Z: [    7.338393] device-mapper: ioctl: 4.35.0-ioctl (2016-06-23) initialised: dm-devel@redhat.com
[STDERR  ] 2017-11-17T15:04:37.117100288Z: [    7.345171] usbcore: registered new interface driver usbhid
[STDERR  ] 2017-11-17T15:04:37.117105732Z: [    7.345553] usbhid: USB HID core driver
[STDERR  ] 2017-11-17T15:04:37.117111035Z: [    7.346135] hv_utils: Registering HyperV Utility Driver
[STDERR  ] 2017-11-17T15:04:37.117116288Z: [    7.346291] hv_vmbus: registering driver hv_util
[STDERR  ] 2017-11-17T15:04:37.117124579Z: [    7.346551] hv_vmbus: registering driver hv_balloon
[STDERR  ] 2017-11-17T15:04:37.117131946Z: [    7.347043] oprofile: using NMI interrupt.
[STDERR  ] 2017-11-17T15:04:37.117137302Z: [    7.348238] GACT probability on
[STDERR  ] 2017-11-17T15:04:37.117142669Z: [    7.348626] Mirror/redirect action on
[STDERR  ] 2017-11-17T15:04:37.117147957Z: [    7.349544] Simple TC action Loaded
[STDERR  ] 2017-11-17T15:04:37.11715837Z: [    7.350465] u32 classifier
[STDERR  ] 2017-11-17T15:04:37.117163969Z: [    7.350625]     Performance counters on
[STDERR  ] 2017-11-17T15:04:37.117169805Z: [    7.351185]     input device check on
[STDERR  ] 2017-11-17T15:04:37.117175482Z: [    7.351376]     Actions configured
[STDERR  ] 2017-11-17T15:04:37.117180895Z: [    7.351988] Netfilter messages via NETLINK v0.30.
[STDERR  ] 2017-11-17T15:04:37.117186419Z: [    7.352571] nfnl_acct: registering with nfnetlink.
[STDERR  ] 2017-11-17T15:04:37.117191916Z: [    7.353957] nf_conntrack version 0.5.0 (8192 buckets, 32768 max)
[STDERR  ] 2017-11-17T15:04:37.117197397Z: [    7.357581] ctnetlink v0.93: registering with nfnetlink.
[STDERR  ] 2017-11-17T15:04:37.117202876Z: [    7.362655] nf_tables: (c) 2007-2009 Patrick McHardy <kaber@trash.net>
[STDERR  ] 2017-11-17T15:04:37.117209284Z: [    7.363438] nf_tables_compat: (c) 2012 Pablo Neira Ayuso <pablo@netfilter.org>
[STDERR  ] 2017-11-17T15:04:37.117215151Z: [    7.366580] xt_time: kernel timezone is -0000
[STDERR  ] 2017-11-17T15:04:37.117220642Z: [    7.367042] ip_set: protocol 6
[STDERR  ] 2017-11-17T15:04:37.117226649Z: [    7.367771] IPVS: Registered protocols (TCP, UDP, SCTP, AH, ESP)
[STDERR  ] 2017-11-17T15:04:37.117232187Z: [    7.368379] IPVS: Connection hash table configured (size=4096, memory=64Kbytes)
[STDERR  ] 2017-11-17T15:04:37.117237648Z: [    7.370068] IPVS: Creating netns size=2104 id=0
[STDERR  ] 2017-11-17T15:04:37.117243256Z: [    7.374132] IPVS: ipvs loaded.
[STDERR  ] 2017-11-17T15:04:37.11724938Z: [    7.374525] IPVS: [rr] scheduler registered.
[STDERR  ] 2017-11-17T15:04:37.11725484Z: [    7.374864] IPVS: [wrr] scheduler registered.
[STDERR  ] 2017-11-17T15:04:37.117260428Z: [    7.375151] IPVS: [lc] scheduler registered.
[STDERR  ] 2017-11-17T15:04:37.117265951Z: [    7.375427] IPVS: [wlc] scheduler registered.
[STDERR  ] 2017-11-17T15:04:37.117271388Z: [    7.375693] IPVS: [fo] scheduler registered.
[STDERR  ] 2017-11-17T15:04:37.117276981Z: [    7.375945] IPVS: [ovf] scheduler registered.
[STDERR  ] 2017-11-17T15:04:37.117286132Z: [    7.376362] IPVS: [lblc] scheduler registered.
[STDERR  ] 2017-11-17T15:04:37.117291797Z: [    7.376779] IPVS: [lblcr] scheduler registered.
[STDERR  ] 2017-11-17T15:04:37.117298978Z: [    7.377073] IPVS: [dh] scheduler registered.
[STDERR  ] 2017-11-17T15:04:37.117304437Z: [    7.377370] IPVS: [sh] scheduler registered.
[STDERR  ] 2017-11-17T15:04:37.117309893Z: [    7.377643] IPVS: [sed] scheduler registered.
[STDERR  ] 2017-11-17T15:04:37.117315326Z: [    7.377888] IPVS: [nq] scheduler registered.
[STDERR  ] 2017-11-17T15:04:37.117320756Z: [    7.378660] IPVS: ftp: loaded support on port[0] = 21
[STDERR  ] 2017-11-17T15:04:37.117326169Z: [    7.379527] ipip: IPv4 and MPLS over IPv4 tunneling driver
[STDERR  ] 2017-11-17T15:04:37.117331626Z: [    7.386504] gre: GRE over IPv4 demultiplexor driver
[STDERR  ] 2017-11-17T15:04:37.11733711Z: [    7.390199] ip_tables: (C) 2000-2006 Netfilter Core Team
[STDERR  ] 2017-11-17T15:04:37.117342624Z: [    7.395713] ipt_CLUSTERIP: ClusterIP Version 0.8 loaded successfully
[STDERR  ] 2017-11-17T15:04:37.117350309Z: [    7.396378] arp_tables: arp_tables: (C) 2002 David S. Miller
[STDERR  ] 2017-11-17T15:04:37.117355761Z: [    7.399499] NET: Registered protocol family 10
[STDERR  ] 2017-11-17T15:04:37.11736121Z: [    7.413962] ip6_tables: (C) 2000-2006 Netfilter Core Team
[STDERR  ] 2017-11-17T15:04:37.117366642Z: [    7.425909] NET: Registered protocol family 17
[STDERR  ] 2017-11-17T15:04:37.117374008Z: [    7.427204] Bridge firewalling registered
[STDERR  ] 2017-11-17T15:04:37.117382341Z: [    7.427701] Ebtables v2.0 registered
[STDERR  ] 2017-11-17T15:04:37.117388058Z: [    7.429838] 8021q: 802.1Q VLAN Support v1.8
[STDERR  ] 2017-11-17T15:04:37.117393626Z: [    7.431954] 9pnet: Installing 9P2000 support
[STDERR  ] 2017-11-17T15:04:37.117400068Z: [    7.433950] Key type dns_resolver registered
[STDERR  ] 2017-11-17T15:04:37.117418708Z: [    7.434818] microcode: AMD CPU family 0x6 not supported
[STDERR  ] 2017-11-17T15:04:37.117424588Z: [    7.439635] registered taskstats version 1
[STDERR  ] 2017-11-17T15:04:37.117430163Z: [    7.591588] ata1: SATA link down (SStatus 0 SControl 300)
[STDERR  ] 2017-11-17T15:04:37.117439384Z: [    7.594526] ata2: SATA link down (SStatus 0 SControl 300)
[STDERR  ] 2017-11-17T15:04:37.117451129Z: [    7.606005] ata5: SATA link down (SStatus 0 SControl 300)
[STDERR  ] 2017-11-17T15:04:37.117456609Z: [    7.606669] ata4: SATA link down (SStatus 0 SControl 300)
[STDERR  ] 2017-11-17T15:04:37.117467306Z: [    7.607509] ata3: SATA link up 1.5 Gbps (SStatus 113 SControl 300)
[STDERR  ] 2017-11-17T15:04:37.117479252Z: [    7.610619] ata6: SATA link down (SStatus 0 SControl 300)
[STDERR  ] 2017-11-17T15:04:37.117492536Z: [    7.617342] ata3.00: ATAPI: QEMU DVD-ROM, 2.5+, max UDMA/100
[STDERR  ] 2017-11-17T15:04:37.117498337Z: [    7.617941] ata3.00: applying bridge limits
[STDERR  ] 2017-11-17T15:04:37.117503791Z: [    7.620696] ata3.00: configured for UDMA/100
[STDERR  ] 2017-11-17T15:04:37.117515243Z: [    7.652475] scsi 2:0:0:0: CD-ROM            QEMU     QEMU DVD-ROM     2.5+ PQ: 0 ANSI: 5
[STDERR  ] 2017-11-17T15:04:37.117520877Z: [    7.674707] sr 2:0:0:0: [sr0] scsi3-mmc drive: 4x/4x cd/rw xa/form2 tray
[STDERR  ] 2017-11-17T15:04:37.117526447Z: [    7.675416] cdrom: Uniform CD-ROM driver Revision: 3.20
[STDERR  ] 2017-11-17T15:04:37.117542338Z: [    7.693373] sr 2:0:0:0: Attached scsi generic sg0 type 5
[STDERR  ] 2017-11-17T15:04:37.117552506Z: [    7.746614] Key type big_key registered
[STDERR  ] 2017-11-17T15:04:37.117561209Z: [    7.840975] tsc: Refined TSC clocksource calibration: 2599.906 MHz
[STDERR  ] 2017-11-17T15:04:37.117574593Z: [    7.841505] clocksource: tsc: mask: 0xffffffffffffffff max_cycles: 0x2579e362ae1, max_idle_ns: 440795339033 ns
[STDERR  ] 2017-11-17T15:04:37.117580335Z: [    7.909092] Key type encrypted registered
[STDERR  ] 2017-11-17T15:04:37.117589338Z: [    7.915073] rtc_cmos 00:00: setting system clock to 2017-11-17 15:04:09 UTC (1510931049)
[STDERR  ] 2017-11-17T15:04:37.117597623Z: [    8.130959] Freeing unused kernel memory: 1380K
[STDERR  ] 2017-11-17T15:04:37.117611667Z: [    8.131480] Write protecting the kernel read-only data: 12288k
[STDERR  ] 2017-11-17T15:04:37.1176197Z: [    8.140871] Freeing unused kernel memory: 128K
[STDERR  ] 2017-11-17T15:04:37.117628375Z: [    8.282491] Freeing unused kernel memory: 1396K
[STDERR  ] 2017-11-17T15:04:37.117634027Z: [    8.854943] clocksource: Switched to clocksource tsc
[STDERR  ] 2017-11-17T15:04:37.117642304Z: 
[STDERR  ] 2017-11-17T15:04:37.117651173Z: Welcome to LinuxKit
[STDERR  ] 2017-11-17T15:04:37.11765701Z: 
[STDERR  ] 2017-11-17T15:04:37.117665096Z:                         ##         .
[STDERR  ] 2017-11-17T15:04:37.117670711Z:                   ## ## ##        ==
[STDERR  ] 2017-11-17T15:04:37.117681731Z:                ## ## ## ## ##    ===
[STDERR  ] 2017-11-17T15:04:37.117690509Z:            /"""""""""""""""""\___/ ===
[STDERR  ] 2017-11-17T15:04:37.117698527Z:           {                       /  ===-
[STDERR  ] 2017-11-17T15:04:37.117707124Z:            \______ O           __/
[STDERR  ] 2017-11-17T15:04:37.117718482Z:              \    \         __/
[STDERR  ] 2017-11-17T15:04:37.117729058Z:               \____\_______/
[STDERR  ] 2017-11-17T15:04:37.117734549Z: 
[STDERR  ] 2017-11-17T15:04:37.117739978Z: ca-certificates test suite PASSED
[STDERR  ] 2017-11-17T15:04:37.117748185Z: [   34.255493] ACPI: Preparing to enter system sleep state S5
[STDERR  ] 2017-11-17T15:04:37.117758086Z: [   34.256955] reboot: Power down
[STDERR  ] 2017-11-17T15:04:37.117767051Z: + echo [    0.000000] Linux version 4.9.62-linuxkit (root@71a3c458523b) (gcc version 6.3.0 (Alpine 6.3.0) ) #1 SMP Thu Nov 16 17:07:55 UTC 2017
[STDERR  ] 2017-11-17T15:04:37.11777347Z: [    0.000000] Command line: console=ttyS0 page_poison=1
[STDERR  ] 2017-11-17T15:04:37.117786845Z: [    0.000000] x86/fpu: Legacy x87 FPU detected.
[STDERR  ] 2017-11-17T15:04:37.117794581Z: [    0.000000] x86/fpu: Using 'eager' FPU context switches.
[STDERR  ] 2017-11-17T15:04:37.117817808Z: [    0.000000] e820: BIOS-provided physical RAM map:
[STDERR  ] 2017-11-17T15:04:37.117825438Z: [    0.000000] BIOS-e820: [mem 0x0000000000000000-0x000000000009fbff] usable
[STDERR  ] 2017-11-17T15:04:37.117833164Z: [    0.000000] BIOS-e820: [mem 0x000000000009fc00-0x000000000009ffff] reserved
[STDERR  ] 2017-11-17T15:04:37.117841839Z: [    0.000000] BIOS-e820: [mem 0x00000000000f0000-0x00000000000fffff] reserved
[STDERR  ] 2017-11-17T15:04:37.117850407Z: [    0.000000] BIOS-e820: [mem 0x0000000000100000-0x000000003ffdefff] usable
[STDERR  ] 2017-11-17T15:04:37.117865826Z: [    0.000000] BIOS-e820: [mem 0x000000003ffdf000-0x000000003fffffff] reserved
[STDERR  ] 2017-11-17T15:04:37.117874962Z: [    0.000000] BIOS-e820: [mem 0x00000000b0000000-0x00000000bfffffff] reserved
[STDERR  ] 2017-11-17T15:04:37.11788378Z: [    0.000000] BIOS-e820: [mem 0x00000000fed1c000-0x00000000fed1ffff] reserved
[STDERR  ] 2017-11-17T15:04:37.117892531Z: [    0.000000] BIOS-e820: [mem 0x00000000fffc0000-0x00000000ffffffff] reserved
[STDERR  ] 2017-11-17T15:04:37.117901049Z: [    0.000000] NX (Execute Disable) protection: active
[STDERR  ] 2017-11-17T15:04:37.117909076Z: [    0.000000] SMBIOS 2.8 present.
[STDERR  ] 2017-11-17T15:04:37.117918918Z: [    0.000000] e820: last_pfn = 0x3ffdf max_arch_pfn = 0x400000000
[STDERR  ] 2017-11-17T15:04:37.117926391Z: [    0.000000] x86/PAT: Configuration [0-7]: WB  WC  UC- UC  WB  WC  UC- WT  
[STDERR  ] 2017-11-17T15:04:37.117936082Z: [    0.000000] found SMP MP-table at [mem 0x000f6aa0-0x000f6aaf] mapped at [ffff9324800f6aa0]
[STDERR  ] 2017-11-17T15:04:37.11794484Z: [    0.000000] RAMDISK: [mem 0x3e7aa000-0x3ffcffff]
[STDERR  ] 2017-11-17T15:04:37.117950377Z: [    0.000000] ACPI: Early table checksum verification disabled
[STDERR  ] 2017-11-17T15:04:37.117956338Z: [    0.000000] ACPI: RSDP 0x00000000000F68C0 000014 (v00 BOCHS )
[STDERR  ] 2017-11-17T15:04:37.117962172Z: [    0.000000] ACPI: RSDT 0x000000003FFE2404 000034 (v01 BOCHS  BXPCRSDT 00000001 BXPC 00000001)
[STDERR  ] 2017-11-17T15:04:37.117967737Z: [    0.000000] ACPI: FACP 0x000000003FFE22A4 000074 (v01 BOCHS  BXPCFACP 00000001 BXPC 00000001)
[STDERR  ] 2017-11-17T15:04:37.117977187Z: [    0.000000] ACPI: DSDT 0x000000003FFE0040 002264 (v01 BOCHS  BXPCDSDT 00000001 BXPC 00000001)
[STDERR  ] 2017-11-17T15:04:37.117985123Z: [    0.000000] ACPI: FACS 0x000000003FFE0000 000040
[STDERR  ] 2017-11-17T15:04:37.11799074Z: [    0.000000] ACPI: APIC 0x000000003FFE2318 000078 (v01 BOCHS  BXPCAPIC 00000001 BXPC 00000001)
[STDERR  ] 2017-11-17T15:04:37.117996245Z: [    0.000000] ACPI: HPET 0x000000003FFE2390 000038 (v01 BOCHS  BXPCHPET 00000001 BXPC 00000001)
[STDERR  ] 2017-11-17T15:04:37.118001554Z: [    0.000000] ACPI: MCFG 0x000000003FFE23C8 00003C (v01 BOCHS  BXPCMCFG 00000001 BXPC 00000001)
[STDERR  ] 2017-11-17T15:04:37.118006907Z: [    0.000000] Zone ranges:
[STDERR  ] 2017-11-17T15:04:37.118012293Z: [    0.000000]   DMA      [mem 0x0000000000001000-0x0000000000ffffff]
[STDERR  ] 2017-11-17T15:04:37.118018174Z: [    0.000000]   DMA32    [mem 0x0000000001000000-0x000000003ffdefff]
[STDERR  ] 2017-11-17T15:04:37.118023786Z: [    0.000000]   Normal   empty
[STDERR  ] 2017-11-17T15:04:37.118029217Z: [    0.000000] Movable zone start for each node
[STDERR  ] 2017-11-17T15:04:37.118038475Z: [    0.000000] Early memory node ranges
[STDERR  ] 2017-11-17T15:04:37.118044052Z: [    0.000000]   node   0: [mem 0x0000000000001000-0x000000000009efff]
[STDERR  ] 2017-11-17T15:04:37.118049569Z: [    0.000000]   node   0: [mem 0x0000000000100000-0x000000003ffdefff]
[STDERR  ] 2017-11-17T15:04:37.118058921Z: [    0.000000] Initmem setup node 0 [mem 0x0000000000001000-0x000000003ffdefff]
[STDERR  ] 2017-11-17T15:04:37.11806457Z: [    0.000000] ACPI: PM-Timer IO Port: 0x608
[STDERR  ] 2017-11-17T15:04:37.11807093Z: [    0.000000] ACPI: LAPIC_NMI (acpi_id[0xff] dfl dfl lint[0x1])
[STDERR  ] 2017-11-17T15:04:37.118076617Z: [    0.000000] IOAPIC[0]: apic_id 0, version 32, address 0xfec00000, GSI 0-23
[STDERR  ] 2017-11-17T15:04:37.11808214Z: [    0.000000] ACPI: INT_SRC_OVR (bus 0 bus_irq 0 global_irq 2 dfl dfl)
[STDERR  ] 2017-11-17T15:04:37.118087898Z: [    0.000000] ACPI: INT_SRC_OVR (bus 0 bus_irq 5 global_irq 5 high level)
[STDERR  ] 2017-11-17T15:04:37.118111323Z: [    0.000000] ACPI: INT_SRC_OVR (bus 0 bus_irq 9 global_irq 9 high level)
[STDERR  ] 2017-11-17T15:04:37.118121819Z: [    0.000000] ACPI: INT_SRC_OVR (bus 0 bus_irq 10 global_irq 10 high level)
[STDERR  ] 2017-11-17T15:04:37.11813012Z: [    0.000000] ACPI: INT_SRC_OVR (bus 0 bus_irq 11 global_irq 11 high level)
[STDERR  ] 2017-11-17T15:04:37.118137561Z: [    0.000000] Using ACPI (MADT) for SMP configuration information
[STDERR  ] 2017-11-17T15:04:37.118145325Z: [    0.000000] ACPI: HPET id: 0x8086a201 base: 0xfed00000
[STDERR  ] 2017-11-17T15:04:37.118152719Z: [    0.000000] smpboot: Allowing 1 CPUs, 0 hotplug CPUs
[STDERR  ] 2017-11-17T15:04:37.118159911Z: [    0.000000] e820: [mem 0x40000000-0xafffffff] available for PCI devices
[STDERR  ] 2017-11-17T15:04:37.118167499Z: [    0.000000] Booting paravirtualized kernel on bare hardware
[STDERR  ] 2017-11-17T15:04:37.118174741Z: [    0.000000] clocksource: refined-jiffies: mask: 0xffffffff max_cycles: 0xffffffff, max_idle_ns: 19112604462750000 ns
[STDERR  ] 2017-11-17T15:04:37.118183212Z: [    0.000000] setup_percpu: NR_CPUS:128 nr_cpumask_bits:128 nr_cpu_ids:1 nr_node_ids:1
[STDERR  ] 2017-11-17T15:04:37.118189962Z: [    0.000000] percpu: Embedded 35 pages/cpu @ffff9324be400000 s105112 r8192 d30056 u2097152
[STDERR  ] 2017-11-17T15:04:37.118197158Z: [    0.000000] Built 1 zonelists in Zone order, mobility grouping on.  Total pages: 257896
[STDERR  ] 2017-11-17T15:04:37.118204621Z: [    0.000000] Kernel command line: console=ttyS0 page_poison=1
[STDERR  ] 2017-11-17T15:04:37.118213367Z: [    0.000000] PID hash table entries: 4096 (order: 3, 32768 bytes)
[STDERR  ] 2017-11-17T15:04:37.118222241Z: [    0.000000] Dentry cache hash table entries: 131072 (order: 8, 1048576 bytes)
[STDERR  ] 2017-11-17T15:04:37.118231193Z: [    0.000000] Inode-cache hash table entries: 65536 (order: 7, 524288 bytes)
[STDERR  ] 2017-11-17T15:04:37.118244537Z: [    0.000000] Memory: 989444K/1048052K available (8049K kernel code, 1367K rwdata, 2700K rodata, 1380K init, 568K bss, 58608K reserved, 0K cma-reserved)
[STDERR  ] 2017-11-17T15:04:37.118251197Z: [    0.000000] Hierarchical RCU implementation.
[STDERR  ] 2017-11-17T15:04:37.118256711Z: [    0.000000] 	Build-time adjustment of leaf fanout to 64.
[STDERR  ] 2017-11-17T15:04:37.118264929Z: [    0.000000] 	RCU restricting CPUs from NR_CPUS=128 to nr_cpu_ids=1.
[STDERR  ] 2017-11-17T15:04:37.118272095Z: [    0.000000] RCU: Adjusting geometry for rcu_fanout_leaf=64, nr_cpu_ids=1
[STDERR  ] 2017-11-17T15:04:37.11827773Z: [    0.000000] NR_IRQS:8448 nr_irqs:256 16
[STDERR  ] 2017-11-17T15:04:37.118283648Z: [    0.000000] Console: colour VGA+ 80x25
[STDERR  ] 2017-11-17T15:04:37.118289372Z: [    0.000000] console [ttyS0] enabled
[STDERR  ] 2017-11-17T15:04:37.118294847Z: [    0.000000] allocated 2097152 bytes of page_ext
[STDERR  ] 2017-11-17T15:04:37.118300311Z: [    0.000000] clocksource: hpet: mask: 0xffffffff max_cycles: 0xffffffff, max_idle_ns: 19112604467 ns
[STDERR  ] 2017-11-17T15:04:37.118306366Z: [    0.000000] tsc: Fast TSC calibration using PIT
[STDERR  ] 2017-11-17T15:04:37.118312043Z: [    0.000000] tsc: Detected 2599.923 MHz processor
[STDERR  ] 2017-11-17T15:04:37.11831738Z: [    0.022037] Calibrating delay loop (skipped), value calculated using timer frequency.. 5199.84 BogoMIPS (lpj=25999230)
[STDERR  ] 2017-11-17T15:04:37.118329269Z: [    0.030446] pid_max: default: 32768 minimum: 301
[STDERR  ] 2017-11-17T15:04:37.118334847Z: [    0.031473] ACPI: Core revision 20160831
[STDERR  ] 2017-11-17T15:04:37.118340343Z: [    0.088161] ACPI: 1 ACPI AML tables successfully acquired and loaded
[STDERR  ] 2017-11-17T15:04:37.118345725Z: [    0.092617] Security Framework initialized
[STDERR  ] 2017-11-17T15:04:37.1183515Z: [    0.092911] Yama: becoming mindful.
[STDERR  ] 2017-11-17T15:04:37.118357192Z: [    0.094807] Mount-cache hash table entries: 2048 (order: 2, 16384 bytes)
[STDERR  ] 2017-11-17T15:04:37.118362809Z: [    0.095020] Mountpoint-cache hash table entries: 2048 (order: 2, 16384 bytes)
[STDERR  ] 2017-11-17T15:04:37.118368241Z: [    0.115378] Last level iTLB entries: 4KB 0, 2MB 0, 4MB 0
[STDERR  ] 2017-11-17T15:04:37.11837626Z: [    0.115649] Last level dTLB entries: 4KB 0, 2MB 0, 4MB 0, 1GB 0
[STDERR  ] 2017-11-17T15:04:37.118381788Z: [    0.518344] Freeing SMP alternatives memory: 20K
[STDERR  ] 2017-11-17T15:04:37.11838886Z: [    0.530000] ftrace: allocating 35542 entries in 139 pages
[STDERR  ] 2017-11-17T15:04:37.118394509Z: [    0.770000] smpboot: Max logical packages: 1
[STDERR  ] 2017-11-17T15:04:37.118402721Z: [    0.776376] ..TIMER: vector=0x30 apic1=0 pin1=2 apic2=-1 pin2=-1
[STDERR  ] 2017-11-17T15:04:37.118408245Z: [    0.880000] smpboot: CPU0: AMD QEMU Virtual CPU version 2.5+ (family: 0x6, model: 0x6, stepping: 0x3)
[STDERR  ] 2017-11-17T15:04:37.118413922Z: [    0.880000] Performance Events: PMU not available due to virtualization, using software events only.
[STDERR  ] 2017-11-17T15:04:37.118420124Z: [    0.893320] NMI watchdog: disabled (cpu0): hardware events not enabled
[STDERR  ] 2017-11-17T15:04:37.118425594Z: [    0.893592] NMI watchdog: Shutting down hard lockup detector on all cpus
[STDERR  ] 2017-11-17T15:04:37.118430961Z: [    0.897172] x86: Booted up 1 node, 1 CPUs
[STDERR  ] 2017-11-17T15:04:37.118437697Z: [    0.897625] smpboot: Total of 1 processors activated (5199.84 BogoMIPS)
[STDERR  ] 2017-11-17T15:04:37.118443134Z: [    0.917748] devtmpfs: initialized
[STDERR  ] 2017-11-17T15:04:37.118448481Z: [    0.926638] x86/mm: Memory block size: 128MB
[STDERR  ] 2017-11-17T15:04:37.11845391Z: [    1.029939] clocksource: jiffies: mask: 0xffffffff max_cycles: 0xffffffff, max_idle_ns: 19112604462750000 ns
[STDERR  ] 2017-11-17T15:04:37.118459819Z: [    1.030362] futex hash table entries: 256 (order: 2, 16384 bytes)
[STDERR  ] 2017-11-17T15:04:37.118465193Z: [    1.041696] NET: Registered protocol family 16
[STDERR  ] 2017-11-17T15:04:37.118475518Z: [    1.055913] cpuidle: using governor ladder
[STDERR  ] 2017-11-17T15:04:37.11848122Z: [    1.056428] cpuidle: using governor menu
[STDERR  ] 2017-11-17T15:04:37.118486793Z: [    1.057819] ACPI: bus type PCI registered
[STDERR  ] 2017-11-17T15:04:37.118492252Z: [    1.061760] PCI: MMCONFIG for domain 0000 [bus 00-ff] at [mem 0xb0000000-0xbfffffff] (base 0xb0000000)
[STDERR  ] 2017-11-17T15:04:37.118500033Z: [    1.062521] PCI: MMCONFIG at [mem 0xb0000000-0xbfffffff] reserved in E820
[STDERR  ] 2017-11-17T15:04:37.118505547Z: [    1.064011] PCI: Using configuration type 1 for base access
[STDERR  ] 2017-11-17T15:04:37.118511102Z: [    1.149232] HugeTLB registered 2 MB page size, pre-allocated 0 pages
[STDERR  ] 2017-11-17T15:04:37.118516762Z: [    1.162471] ACPI: Added _OSI(Module Device)
[STDERR  ] 2017-11-17T15:04:37.118524294Z: [    1.162687] ACPI: Added _OSI(Processor Device)
[STDERR  ] 2017-11-17T15:04:37.118531783Z: [    1.163064] ACPI: Added _OSI(3.0 _SCP Extensions)
[STDERR  ] 2017-11-17T15:04:37.118539177Z: [    1.163361] ACPI: Added _OSI(Processor Aggregator Device)
[STDERR  ] 2017-11-17T15:04:37.11854756Z: [    1.278590] ACPI: Interpreter enabled
[STDERR  ] 2017-11-17T15:04:37.118555423Z: [    1.280859] ACPI: (supports S0 S5)
[STDERR  ] 2017-11-17T15:04:37.118563376Z: [    1.281196] ACPI: Using IOAPIC for interrupt routing
[STDERR  ] 2017-11-17T15:04:37.118571976Z: [    1.283805] PCI: Using host bridge windows from ACPI; if necessary, use "pci=nocrs" and report a bug
[STDERR  ] 2017-11-17T15:04:37.118583475Z: [    1.380160] ACPI: PCI Root Bridge [PCI0] (domain 0000 [bus 00-ff])
[STDERR  ] 2017-11-17T15:04:37.118591121Z: [    1.381335] acpi PNP0A08:00: _OSC: OS supports [ExtendedConfig ASPM ClockPM Segments MSI]
[STDERR  ] 2017-11-17T15:04:37.118598423Z: [    1.390854] acpi PNP0A08:00: _OSC: OS now controls [PCIeHotplug PME PCIeCapability]
[STDERR  ] 2017-11-17T15:04:37.118604408Z: [    1.396610] PCI host bridge to bus 0000:00
[STDERR  ] 2017-11-17T15:04:37.118609768Z: [    1.396985] pci_bus 0000:00: root bus resource [io  0x0000-0x0cf7 window]
[STDERR  ] 2017-11-17T15:04:37.11861516Z: [    1.397456] pci_bus 0000:00: root bus resource [io  0x0d00-0xffff window]
[STDERR  ] 2017-11-17T15:04:37.118620629Z: [    1.397850] pci_bus 0000:00: root bus resource [mem 0x000a0000-0x000bffff window]
[STDERR  ] 2017-11-17T15:04:37.118626246Z: [    1.398262] pci_bus 0000:00: root bus resource [mem 0xc0000000-0xfebfffff window]
[STDERR  ] 2017-11-17T15:04:37.118632504Z: [    1.398903] pci_bus 0000:00: root bus resource [bus 00-ff]
[STDERR  ] 2017-11-17T15:04:37.118637995Z: [    1.556701] pci 0000:00:1f.0: quirk: [io  0x0600-0x067f] claimed by ICH6 ACPI/GPIO/TCO
[STDERR  ] 2017-11-17T15:04:37.118643451Z: [    1.648018] ACPI: PCI Interrupt Link [LNKA] (IRQs 5 *10 11)
[STDERR  ] 2017-11-17T15:04:37.118649018Z: [    1.651439] ACPI: PCI Interrupt Link [LNKB] (IRQs 5 *10 11)
[STDERR  ] 2017-11-17T15:04:37.118654441Z: [    1.653582] ACPI: PCI Interrupt Link [LNKC] (IRQs 5 10 *11)
[STDERR  ] 2017-11-17T15:04:37.118659812Z: [    1.655331] ACPI: PCI Interrupt Link [LNKD] (IRQs 5 10 *11)
[STDERR  ] 2017-11-17T15:04:37.118665158Z: [    1.657029] ACPI: PCI Interrupt Link [LNKE] (IRQs 5 *10 11)
[STDERR  ] 2017-11-17T15:04:37.118670624Z: [    1.658812] ACPI: PCI Interrupt Link [LNKF] (IRQs 5 *10 11)
[STDERR  ] 2017-11-17T15:04:37.118676052Z: [    1.660899] ACPI: PCI Interrupt Link [LNKG] (IRQs 5 10 *11)
[STDERR  ] 2017-11-17T15:04:37.118681557Z: [    1.662704] ACPI: PCI Interrupt Link [LNKH] (IRQs 5 10 *11)
[STDERR  ] 2017-11-17T15:04:37.118689375Z: [    1.663542] ACPI: PCI Interrupt Link [GSIA] (IRQs *16)
[STDERR  ] 2017-11-17T15:04:37.118694859Z: [    1.664279] ACPI: PCI Interrupt Link [GSIB] (IRQs *17)
[STDERR  ] 2017-11-17T15:04:37.118700313Z: [    1.664935] ACPI: PCI Interrupt Link [GSIC] (IRQs *18)
[STDERR  ] 2017-11-17T15:04:37.118705651Z: [    1.665644] ACPI: PCI Interrupt Link [GSID] (IRQs *19)
[STDERR  ] 2017-11-17T15:04:37.118711018Z: [    1.666336] ACPI: PCI Interrupt Link [GSIE] (IRQs *20)
[STDERR  ] 2017-11-17T15:04:37.118719603Z: [    1.667098] ACPI: PCI Interrupt Link [GSIF] (IRQs *21)
[STDERR  ] 2017-11-17T15:04:37.11872515Z: [    1.667807] ACPI: PCI Interrupt Link [GSIG] (IRQs *22)
[STDERR  ] 2017-11-17T15:04:37.118730595Z: [    1.668489] ACPI: PCI Interrupt Link [GSIH] (IRQs *23)
[STDERR  ] 2017-11-17T15:04:37.118735851Z: [    1.673547] ACPI: Enabled 2 GPEs in block 00 to 3F
[STDERR  ] 2017-11-17T15:04:37.118741305Z: [    1.680000] SCSI subsystem initialized
[STDERR  ] 2017-11-17T15:04:37.118746732Z: [    1.680304] ACPI: bus type USB registered
[STDERR  ] 2017-11-17T15:04:37.118752135Z: [    1.681641] usbcore: registered new interface driver usbfs
[STDERR  ] 2017-11-17T15:04:37.118757448Z: [    1.682750] usbcore: registered new interface driver hub
[STDERR  ] 2017-11-17T15:04:37.118762839Z: [    1.683851] usbcore: registered new device driver usb
[STDERR  ] 2017-11-17T15:04:37.118768177Z: [    1.684981] pps_core: LinuxPPS API ver. 1 registered
[STDERR  ] 2017-11-17T15:04:37.118782146Z: [    1.685306] pps_core: Software ver. 5.3.6 - Copyright 2005-2007 Rodolfo Giometti <giometti@linux.it>
[STDERR  ] 2017-11-17T15:04:37.118788063Z: [    1.686050] PTP clock support registered
[STDERR  ] 2017-11-17T15:04:37.11879597Z: [    1.690383] wmi: Mapper loaded
[STDERR  ] 2017-11-17T15:04:37.118801909Z: [    1.691989] PCI: Using ACPI for IRQ routing
[STDERR  ] 2017-11-17T15:04:37.118807491Z: [    1.720940] NetLabel: Initializing
[STDERR  ] 2017-11-17T15:04:37.118812978Z: [    1.721118] NetLabel:  domain hash size = 128
[STDERR  ] 2017-11-17T15:04:37.118821984Z: [    1.721225] NetLabel:  protocols = UNLABELED CIPSOv4
[STDERR  ] 2017-11-17T15:04:37.118827592Z: [    1.723535] NetLabel:  unlabeled traffic allowed by default
[STDERR  ] 2017-11-17T15:04:37.118833337Z: [    1.724724] HPET: 3 timers in total, 0 timers will be used for per-cpu timer
[STDERR  ] 2017-11-17T15:04:37.118839296Z: [    1.725439] hpet0: at MMIO 0xfed00000, IRQs 2, 8, 0
[STDERR  ] 2017-11-17T15:04:37.118844862Z: [    1.725807] hpet0: 3 comparators, 64-bit 100.000000 MHz counter
[STDERR  ] 2017-11-17T15:04:37.118850445Z: [    1.734471] clocksource: Switched to clocksource hpet
[STDERR  ] 2017-11-17T15:04:37.118858706Z: [    2.099909] VFS: Disk quotas dquot_6.6.0
[STDERR  ] 2017-11-17T15:04:37.118866671Z: [    2.100925] VFS: Dquot-cache hash table entries: 512 (order 0, 4096 bytes)
[STDERR  ] 2017-11-17T15:04:37.118872254Z: [    2.104775] FS-Cache: Loaded
[STDERR  ] 2017-11-17T15:04:37.118877949Z: [    2.110031] CacheFiles: Loaded
[STDERR  ] 2017-11-17T15:04:37.118883666Z: [    2.112254] pnp: PnP ACPI init
[STDERR  ] 2017-11-17T15:04:37.118889133Z: [    2.123540] pnp: PnP ACPI: found 5 devices
[STDERR  ] 2017-11-17T15:04:37.118894667Z: [    2.170527] clocksource: acpi_pm: mask: 0xffffff max_cycles: 0xffffff, max_idle_ns: 2085701024 ns
[STDERR  ] 2017-11-17T15:04:37.118900482Z: [    2.174402] NET: Registered protocol family 2
[STDERR  ] 2017-11-17T15:04:37.11890599Z: [    2.185162] TCP established hash table entries: 8192 (order: 4, 65536 bytes)
[STDERR  ] 2017-11-17T15:04:37.118911487Z: [    2.185974] TCP bind hash table entries: 8192 (order: 5, 131072 bytes)
[STDERR  ] 2017-11-17T15:04:37.118917014Z: [    2.186641] TCP: Hash tables configured (established 8192 bind 8192)
[STDERR  ] 2017-11-17T15:04:37.118922515Z: [    2.188937] UDP hash table entries: 512 (order: 2, 16384 bytes)
[STDERR  ] 2017-11-17T15:04:37.118930651Z: [    2.189534] UDP-Lite hash table entries: 512 (order: 2, 16384 bytes)
[STDERR  ] 2017-11-17T15:04:37.118936454Z: [    2.192879] NET: Registered protocol family 1
[STDERR  ] 2017-11-17T15:04:37.118941985Z: [    2.193785] pci 0000:00:01.0: Video device with shadowed ROM at [mem 0x000c0000-0x000dffff]
[STDERR  ] 2017-11-17T15:04:37.118949467Z: [    2.206159] Unpacking initramfs...
[STDERR  ] 2017-11-17T15:04:37.118954987Z: [    6.836675] Freeing initrd memory: 24728K
[STDERR  ] 2017-11-17T15:04:37.118960452Z: [    6.860068] PCLMULQDQ-NI instructions are not detected.
[STDERR  ] 2017-11-17T15:04:37.118965979Z: [    6.862151] AVX or AES-NI instructions are not detected.
[STDERR  ] 2017-11-17T15:04:37.118978747Z: [    6.862684] CPU feature 'AVX registers' is not supported.
[STDERR  ] 2017-11-17T15:04:37.118984639Z: [    6.863046] CPU feature 'AVX registers' is not supported.
[STDERR  ] 2017-11-17T15:04:37.118990117Z: [    6.863495] CPU feature 'AVX registers' is not supported.
[STDERR  ] 2017-11-17T15:04:37.118995596Z: [    6.863900] CPU feature 'AVX registers' is not supported.
[STDERR  ] 2017-11-17T15:04:37.119001088Z: [    6.864233] AVX2 or AES-NI instructions are not detected.
[STDERR  ] 2017-11-17T15:04:37.119006542Z: [    6.864620] AVX2 instructions are not detected.
[STDERR  ] 2017-11-17T15:04:37.119012001Z: [    6.870100] audit: initializing netlink subsys (disabled)
[STDERR  ] 2017-11-17T15:04:37.119017504Z: [    6.873634] audit: type=2000 audit(1510931047.870:1): initialized
[STDERR  ] 2017-11-17T15:04:37.119023031Z: [    6.884745] workingset: timestamp_bits=46 max_order=18 bucket_order=0
[STDERR  ] 2017-11-17T15:04:37.119028734Z: [    6.891116] squashfs: version 4.0 (2009/01/31) Phillip Lougher
[STDERR  ] 2017-11-17T15:04:37.119034314Z: [    6.896894] FS-Cache: Netfs 'cifs' registered for caching
[STDERR  ] 2017-11-17T15:04:37.119039991Z: [    6.897917] fuse init (API version 7.26)
[STDERR  ] 2017-11-17T15:04:37.119045448Z: [    6.900818] SGI XFS with ACLs, security attributes, no debug enabled
[STDERR  ] 2017-11-17T15:04:37.119051112Z: [    6.905012] 9p: Installing v9fs 9p2000 file system support
[STDERR  ] 2017-11-17T15:04:37.11905971Z: [    6.905374] FS-Cache: Netfs '9p' registered for caching
[STDERR  ] 2017-11-17T15:04:37.119067916Z: [    6.948135] NET: Registered protocol family 38
[STDERR  ] 2017-11-17T15:04:37.1190736Z: [    6.948645] Key type asymmetric registered
[STDERR  ] 2017-11-17T15:04:37.119079174Z: [    6.949017] Asymmetric key parser 'x509' registered
[STDERR  ] 2017-11-17T15:04:37.119084742Z: [    6.949974] Block layer SCSI generic (bsg) driver version 0.4 loaded (major 251)
[STDERR  ] 2017-11-17T15:04:37.119090295Z: [    6.953401] io scheduler noop registered
[STDERR  ] 2017-11-17T15:04:37.119095794Z: [    6.953761] io scheduler deadline registered (default)
[STDERR  ] 2017-11-17T15:04:37.11910121Z: [    6.954671] io scheduler cfq registered
[STDERR  ] 2017-11-17T15:04:37.119106667Z: [    6.957776] pci_hotplug: PCI Hot Plug PCI Core version: 0.5
[STDERR  ] 2017-11-17T15:04:37.119112124Z: [    6.958404] pciehp: PCI Express Hot Plug Controller Driver version: 0.4
[STDERR  ] 2017-11-17T15:04:37.119117688Z: [    6.959299] shpchp: Standard Hot Plug PCI Controller Driver version: 0.4
[STDERR  ] 2017-11-17T15:04:37.119123165Z: [    6.960676] hv_vmbus: registering driver hyperv_fb
[STDERR  ] 2017-11-17T15:04:37.11913088Z: [    6.965049] input: Power Button as /devices/LNXSYSTM:00/LNXPWRBN:00/input/input0
[STDERR  ] 2017-11-17T15:04:37.1191365Z: [    6.966129] ACPI: Power Button [PWRF]
[STDERR  ] 2017-11-17T15:04:37.119142341Z: [    6.973152] GHES: HEST is not enabled!
[STDERR  ] 2017-11-17T15:04:37.119147851Z: [    6.991519] ACPI: PCI Interrupt Link [GSIG] enabled at IRQ 22
[STDERR  ] 2017-11-17T15:04:37.119153383Z: [    7.009489] ACPI: PCI Interrupt Link [GSIH] enabled at IRQ 23
[STDERR  ] 2017-11-17T15:04:37.11915889Z: [    7.015581] xenfs: not registering filesystem on non-xen platform
[STDERR  ] 2017-11-17T15:04:37.11916444Z: [    7.017944] Serial: 8250/16550 driver, 4 ports, IRQ sharing disabled
[STDERR  ] 2017-11-17T15:04:37.11917227Z: [    7.042809] 00:04: ttyS0 at I/O 0x3f8 (irq = 4, base_baud = 115200) is a 16550A
[STDERR  ] 2017-11-17T15:04:37.119180014Z: [    7.057853] Non-volatile memory driver v1.3
[STDERR  ] 2017-11-17T15:04:37.119185607Z: [    7.065816] Hangcheck: starting hangcheck timer 0.9.1 (tick is 180 seconds, margin is 60 seconds).
[STDERR  ] 2017-11-17T15:04:37.119191193Z: [    7.070860] random: fast init done
[STDERR  ] 2017-11-17T15:04:37.119196746Z: [    7.072144] random: crng init done
[STDERR  ] 2017-11-17T15:04:37.119202171Z: [    7.113800] loop: module loaded
[STDERR  ] 2017-11-17T15:04:37.119209586Z: [    7.129179] nbd: registered device at major 43
[STDERR  ] 2017-11-17T15:04:37.119218459Z: [    7.182741] lpc_ich 0000:00:1f.0: I/O space for GPIO uninitialized
[STDERR  ] 2017-11-17T15:04:37.119224251Z: [    7.184939] VMware PVSCSI driver - version 1.0.7.0-k
[STDERR  ] 2017-11-17T15:04:37.119229763Z: [    7.185750] hv_vmbus: registering driver hv_storvsc
[STDERR  ] 2017-11-17T15:04:37.119237159Z: [    7.201125] ACPI: PCI Interrupt Link [GSIA] enabled at IRQ 16
[STDERR  ] 2017-11-17T15:04:37.119242735Z: [    7.209582] ahci 0000:00:1f.2: AHCI 0001.0000 32 slots 6 ports 1.5 Gbps 0x3f impl SATA mode
[STDERR  ] 2017-11-17T15:04:37.119248378Z: [    7.210579] ahci 0000:00:1f.2: flags: 64bit ncq only 
[STDERR  ] 2017-11-17T15:04:37.119253833Z: [    7.242095] scsi host0: ahci
[STDERR  ] 2017-11-17T15:04:37.119259338Z: [    7.246858] scsi host1: ahci
[STDERR  ] 2017-11-17T15:04:37.119264888Z: [    7.249860] scsi host2: ahci
[STDERR  ] 2017-11-17T15:04:37.119270393Z: [    7.252821] scsi host3: ahci
[STDERR  ] 2017-11-17T15:04:37.119275871Z: [    7.255047] scsi host4: ahci
[STDERR  ] 2017-11-17T15:04:37.11928133Z: [    7.257921] scsi host5: ahci
[STDERR  ] 2017-11-17T15:04:37.119286824Z: [    7.260348] ata1: SATA max UDMA/133 abar m4096@0xfebd2000 port 0xfebd2100 irq 24
[STDERR  ] 2017-11-17T15:04:37.119292354Z: [    7.260894] ata2: SATA max UDMA/133 abar m4096@0xfebd2000 port 0xfebd2180 irq 24
[STDERR  ] 2017-11-17T15:04:37.119297851Z: [    7.261280] ata3: SATA max UDMA/133 abar m4096@0xfebd2000 port 0xfebd2200 irq 24
[STDERR  ] 2017-11-17T15:04:37.119306087Z: [    7.261708] ata4: SATA max UDMA/133 abar m4096@0xfebd2000 port 0xfebd2280 irq 24
[STDERR  ] 2017-11-17T15:04:37.119311835Z: [    7.262092] ata5: SATA max UDMA/133 abar m4096@0xfebd2000 port 0xfebd2300 irq 24
[STDERR  ] 2017-11-17T15:04:37.119317505Z: [    7.262487] ata6: SATA max UDMA/133 abar m4096@0xfebd2000 port 0xfebd2380 irq 24
[STDERR  ] 2017-11-17T15:04:37.119322991Z: [    7.280802] tun: Universal TUN/TAP device driver, 1.6
[STDERR  ] 2017-11-17T15:04:37.119328512Z: [    7.281192] tun: (C) 1999-2004 Max Krasnyansky <maxk@qualcomm.com>
[STDERR  ] 2017-11-17T15:04:37.119333985Z: [    7.294767] VMware vmxnet3 virtual NIC driver - version 1.4.a.0-k-NAPI
[STDERR  ] 2017-11-17T15:04:37.119339479Z: [    7.295720] hv_vmbus: registering driver hv_netvsc
[STDERR  ] 2017-11-17T15:04:37.119345423Z: [    7.296082] Fusion MPT base driver 3.04.20
[STDERR  ] 2017-11-17T15:04:37.119351318Z: [    7.296305] Copyright (c) 1999-2008 LSI Corporation
[STDERR  ] 2017-11-17T15:04:37.119356799Z: [    7.296896] Fusion MPT SPI Host driver 3.04.20
[STDERR  ] 2017-11-17T15:04:37.119368181Z: [    7.299509] i8042: PNP: PS/2 Controller [PNP0303:KBD,PNP0f13:MOU] at 0x60,0x64 irq 1,12
[STDERR  ] 2017-11-17T15:04:37.119373701Z: [    7.305136] serio: i8042 KBD port at 0x60,0x64 irq 1
[STDERR  ] 2017-11-17T15:04:37.119379067Z: [    7.305893] serio: i8042 AUX port at 0x60,0x64 irq 12
[STDERR  ] 2017-11-17T15:04:37.119384402Z: [    7.310022] hv_vmbus: registering driver hyperv_keyboard
[STDERR  ] 2017-11-17T15:04:37.119389719Z: [    7.313185] mousedev: PS/2 mouse device common for all mice
[STDERR  ] 2017-11-17T15:04:37.119395077Z: [    7.319707] input: AT Translated Set 2 keyboard as /devices/platform/i8042/serio0/input/input1
[STDERR  ] 2017-11-17T15:04:37.119400607Z: [    7.322556] input: PC Speaker as /devices/platform/pcspkr/input/input2
[STDERR  ] 2017-11-17T15:04:37.119405988Z: [    7.329235] rtc_cmos 00:00: RTC can wake from S4
[STDERR  ] 2017-11-17T15:04:37.119411364Z: [    7.334041] rtc_cmos 00:00: rtc core: registered rtc_cmos as rtc0
[STDERR  ] 2017-11-17T15:04:37.119416774Z: [    7.335392] rtc_cmos 00:00: alarms up to one day, y3k, 114 bytes nvram, hpet irqs
[STDERR  ] 2017-11-17T15:04:37.119422171Z: [    7.336075] i2c /dev entries driver
[STDERR  ] 2017-11-17T15:04:37.119427507Z: [    7.338393] device-mapper: ioctl: 4.35.0-ioctl (2016-06-23) initialised: dm-devel@redhat.com
[STDERR  ] 2017-11-17T15:04:37.119432932Z: [    7.345171] usbcore: registered new interface driver usbhid
[STDERR  ] 2017-11-17T15:04:37.119441238Z: [    7.345553] usbhid: USB HID core driver
[STDERR  ] 2017-11-17T15:04:37.119446873Z: [    7.346135] hv_utils: Registering HyperV Utility Driver
[STDERR  ] 2017-11-17T15:04:37.119452265Z: [    7.346291] hv_vmbus: registering driver hv_util
[STDERR  ] 2017-11-17T15:04:37.119457709Z: [    7.346551] hv_vmbus: registering driver hv_balloon
[STDERR  ] 2017-11-17T15:04:37.119465473Z: [    7.347043] oprofile: using NMI interrupt.
[STDERR  ] 2017-11-17T15:04:37.119470858Z: [    7.348238] GACT probability on
[STDERR  ] 2017-11-17T15:04:37.119476191Z: [    7.348626] Mirror/redirect action on
[STDERR  ] 2017-11-17T15:04:37.11948157Z: [    7.349544] Simple TC action Loaded
[STDERR  ] 2017-11-17T15:04:37.119486913Z: [    7.350465] u32 classifier
[STDERR  ] 2017-11-17T15:04:37.119492301Z: [    7.350625]     Performance counters on
[STDERR  ] 2017-11-17T15:04:37.119497589Z: [    7.351185]     input device check on
[STDERR  ] 2017-11-17T15:04:37.119503686Z: [    7.351376]     Actions configured
[STDERR  ] 2017-11-17T15:04:37.119511378Z: [    7.351988] Netfilter messages via NETLINK v0.30.
[STDERR  ] 2017-11-17T15:04:37.119518958Z: [    7.352571] nfnl_acct: registering with nfnetlink.
[STDERR  ] 2017-11-17T15:04:37.11952674Z: [    7.353957] nf_conntrack version 0.5.0 (8192 buckets, 32768 max)
[STDERR  ] 2017-11-17T15:04:37.119533724Z: [    7.357581] ctnetlink v0.93: registering with nfnetlink.
[STDERR  ] 2017-11-17T15:04:37.11954191Z: [    7.362655] nf_tables: (c) 2007-2009 Patrick McHardy <kaber@trash.net>
[STDERR  ] 2017-11-17T15:04:37.119553981Z: [    7.363438] nf_tables_compat: (c) 2012 Pablo Neira Ayuso <pablo@netfilter.org>
[STDERR  ] 2017-11-17T15:04:37.119562177Z: [    7.366580] xt_time: kernel timezone is -0000
[STDERR  ] 2017-11-17T15:04:37.119572352Z: [    7.367042] ip_set: protocol 6
[STDERR  ] 2017-11-17T15:04:37.11957958Z: [    7.367771] IPVS: Registered protocols (TCP, UDP, SCTP, AH, ESP)
[STDERR  ] 2017-11-17T15:04:37.119589045Z: [    7.368379] IPVS: Connection hash table configured (size=4096, memory=64Kbytes)
[STDERR  ] 2017-11-17T15:04:37.119594778Z: [    7.370068] IPVS: Creating netns size=2104 id=0
[STDERR  ] 2017-11-17T15:04:37.119600268Z: [    7.374132] IPVS: ipvs loaded.
[STDERR  ] 2017-11-17T15:04:37.119605679Z: [    7.374525] IPVS: [rr] scheduler registered.
[STDERR  ] 2017-11-17T15:04:37.119611308Z: [    7.374864] IPVS: [wrr] scheduler registered.
[STDERR  ] 2017-11-17T15:04:37.119616921Z: [    7.375151] IPVS: [lc] scheduler registered.
[STDERR  ] 2017-11-17T15:04:37.119624295Z: [    7.375427] IPVS: [wlc] scheduler registered.
[STDERR  ] 2017-11-17T15:04:37.119632489Z: [    7.375693] IPVS: [fo] scheduler registered.
[STDERR  ] 2017-11-17T15:04:37.119640778Z: [    7.375945] IPVS: [ovf] scheduler registered.
[STDERR  ] 2017-11-17T15:04:37.119648434Z: [    7.376362] IPVS: [lblc] scheduler registered.
[STDERR  ] 2017-11-17T15:04:37.11965762Z: [    7.376779] IPVS: [lblcr] scheduler registered.
[STDERR  ] 2017-11-17T15:04:37.119663224Z: [    7.377073] IPVS: [dh] scheduler registered.
[STDERR  ] 2017-11-17T15:04:37.119668676Z: [    7.377370] IPVS: [sh] scheduler registered.
[STDERR  ] 2017-11-17T15:04:37.119674058Z: [    7.377643] IPVS: [sed] scheduler registered.
[STDERR  ] 2017-11-17T15:04:37.119679598Z: [    7.377888] IPVS: [nq] scheduler registered.
[STDERR  ] 2017-11-17T15:04:37.119685015Z: [    7.378660] IPVS: ftp: loaded support on port[0] = 21
[STDERR  ] 2017-11-17T15:04:37.1196904Z: [    7.379527] ipip: IPv4 and MPLS over IPv4 tunneling driver
[STDERR  ] 2017-11-17T15:04:37.119695849Z: [    7.386504] gre: GRE over IPv4 demultiplexor driver
[STDERR  ] 2017-11-17T15:04:37.119701172Z: [    7.390199] ip_tables: (C) 2000-2006 Netfilter Core Team
[STDERR  ] 2017-11-17T15:04:37.119706537Z: [    7.395713] ipt_CLUSTERIP: ClusterIP Version 0.8 loaded successfully
[STDERR  ] 2017-11-17T15:04:37.119711952Z: [    7.396378] arp_tables: arp_tables: (C) 2002 David S. Miller
[STDERR  ] 2017-11-17T15:04:37.119717324Z: [    7.399499] NET: Registered protocol family 10
[STDERR  ] 2017-11-17T15:04:37.119722703Z: [    7.413962] ip6_tables: (C) 2000-2006 Netfilter Core Team
[STDERR  ] 2017-11-17T15:04:37.119731147Z: [    7.425909] NET: Registered protocol family 17
[STDERR  ] 2017-11-17T15:04:37.119736877Z: [    7.427204] Bridge firewalling registered
[STDERR  ] 2017-11-17T15:04:37.119742306Z: [    7.427701] Ebtables v2.0 registered
[STDERR  ] 2017-11-17T15:04:37.11974778Z: [    7.429838] 8021q: 802.1Q VLAN Support v1.8
[STDERR  ] 2017-11-17T15:04:37.11975325Z: [    7.431954] 9pnet: Installing 9P2000 support
[STDERR  ] 2017-11-17T15:04:37.119758792Z: [    7.433950] Key type dns_resolver registered
[STDERR  ] 2017-11-17T15:04:37.119764145Z: [    7.434818] microcode: AMD CPU family 0x6 not supported
[STDERR  ] 2017-11-17T15:04:37.119769664Z: [    7.439635] registered taskstats version 1
[STDERR  ] 2017-11-17T15:04:37.119775058Z: [    7.591588] ata1: SATA link down (SStatus 0 SControl 300)
[STDERR  ] 2017-11-17T15:04:37.119784922Z: [    7.594526] ata2: SATA link down (SStatus 0 SControl 300)
[STDERR  ] 2017-11-17T15:04:37.119790401Z: [    7.606005] ata5: SATA link down (SStatus 0 SControl 300)
[STDERR  ] 2017-11-17T15:04:37.119795856Z: [    7.606669] ata4: SATA link down (SStatus 0 SControl 300)
[STDERR  ] 2017-11-17T15:04:37.119801456Z: [    7.607509] ata3: SATA link up 1.5 Gbps (SStatus 113 SControl 300)
[STDERR  ] 2017-11-17T15:04:37.119809173Z: [    7.610619] ata6: SATA link down (SStatus 0 SControl 300)
[STDERR  ] 2017-11-17T15:04:37.119814753Z: [    7.617342] ata3.00: ATAPI: QEMU DVD-ROM, 2.5+, max UDMA/100
[STDERR  ] 2017-11-17T15:04:37.119823399Z: [    7.617941] ata3.00: applying bridge limits
[STDERR  ] 2017-11-17T15:04:37.119829241Z: [    7.620696] ata3.00: configured for UDMA/100
[STDERR  ] 2017-11-17T15:04:37.119834867Z: [    7.652475] scsi 2:0:0:0: CD-ROM            QEMU     QEMU DVD-ROM     2.5+ PQ: 0 ANSI: 5
[STDERR  ] 2017-11-17T15:04:37.119840564Z: [    7.674707] sr 2:0:0:0: [sr0] scsi3-mmc drive: 4x/4x cd/rw xa/form2 tray
[STDERR  ] 2017-11-17T15:04:37.119846057Z: [    7.675416] cdrom: Uniform CD-ROM driver Revision: 3.20
[STDERR  ] 2017-11-17T15:04:37.119854224Z: [    7.693373] sr 2:0:0:0: Attached scsi generic sg0 type 5
[STDERR  ] 2017-11-17T15:04:37.119859736Z: [    7.746614] Key type big_key registered
[STDERR  ] 2017-11-17T15:04:37.119865255Z: [    7.840975] tsc: Refined TSC clocksource calibration: 2599.906 MHz
[STDERR  ] 2017-11-17T15:04:37.119870832Z: [    7.841505] clocksource: tsc: mask: 0xffffffffffffffff max_cycles: 0x2579e362ae1, max_idle_ns: 440795339033 ns
[STDERR  ] 2017-11-17T15:04:37.119876597Z: [    7.909092] Key type encrypted registered
[STDERR  ] 2017-11-17T15:04:37.119882128Z: [    7.915073] rtc_cmos 00:00: setting system clock to 2017-11-17 15:04:09 UTC (1510931049)
[STDERR  ] 2017-11-17T15:04:37.119887683Z: [    8.130959] Freeing unused kernel memory: 1380K
[STDERR  ] 2017-11-17T15:04:37.119893193Z: [    8.131480] Write protecting the kernel read-only data: 12288k
[STDERR  ] 2017-11-17T15:04:37.119898617Z: [    8.140871] Freeing unused kernel memory: 128K
[STDERR  ] 2017-11-17T15:04:37.119904073Z: [    8.282491] Freeing unused kernel memory: 1396K
[STDERR  ] 2017-11-17T15:04:37.11991176Z: [    8.854943] clocksource: Switched to clocksource tsc
[STDERR  ] 2017-11-17T15:04:37.11991733Z: 
[STDERR  ] 2017-11-17T15:04:37.119923313Z: Welcome to LinuxKit
[STDERR  ] 2017-11-17T15:04:37.119928826Z: 
[STDERR  ] 2017-11-17T15:04:37.119934243Z:                         ##         .
[STDERR  ] 2017-11-17T15:04:37.119939771Z:                   ## ## ##        ==
[STDERR  ] 2017-11-17T15:04:37.119945255Z:                ## ## ## ## ##    ===
[STDERR  ] 2017-11-17T15:04:37.119950707Z:            /"""""""""""""""""\___/ ===
[STDERR  ] 2017-11-17T15:04:37.119956255Z:           {                       /  ===-
[STDERR  ] 2017-11-17T15:04:37.119961787Z:            \______ O           __/
[STDERR  ] 2017-11-17T15:04:37.119969139Z:              \    \         __/
[STDERR  ] 2017-11-17T15:04:37.119974654Z:               \____\_______/
[STDERR  ] 2017-11-17T15:04:37.119980068Z: 
[STDERR  ] 2017-11-17T15:04:37.119985536Z: ca-certificates test suite PASSED
[STDERR  ] 2017-11-17T15:04:37.11999519Z: [   34.255493] ACPI: Preparing to enter system sleep state S5
[STDERR  ] 2017-11-17T15:04:37.120001057Z: [   34.256955] reboot: Power down
[STDERR  ] 2017-11-17T15:04:37.120006565Z: + grep -q suite PASSED
[STDOUT  ] 2017-11-17T15:04:37.120025055Z: [    0.000000] Linux version 4.9.62-linuxkit (root@71a3c458523b) (gcc version 6.3.0 (Alpine 6.3.0) ) #1 SMP Thu Nov 16 17:07:55 UTC 2017
[STDOUT  ] 2017-11-17T15:04:37.120048783Z: [    0.000000] Command line: console=ttyS0 page_poison=1
[STDOUT  ] 2017-11-17T15:04:37.120054294Z: [    0.000000] x86/fpu: Legacy x87 FPU detected.
[STDOUT  ] 2017-11-17T15:04:37.120059909Z: [    0.000000] x86/fpu: Using 'eager' FPU context switches.
[STDOUT  ] 2017-11-17T15:04:37.120065467Z: [    0.000000] e820: BIOS-provided physical RAM map:
[STDOUT  ] 2017-11-17T15:04:37.120074423Z: [    0.000000] BIOS-e820: [mem 0x0000000000000000-0x000000000009fbff] usable
[STDOUT  ] 2017-11-17T15:04:37.120080195Z: [    0.000000] BIOS-e820: [mem 0x000000000009fc00-0x000000000009ffff] reserved
[STDOUT  ] 2017-11-17T15:04:37.120085771Z: [    0.000000] BIOS-e820: [mem 0x00000000000f0000-0x00000000000fffff] reserved
[STDOUT  ] 2017-11-17T15:04:37.120094036Z: [    0.000000] BIOS-e820: [mem 0x0000000000100000-0x000000003ffdefff] usable
[STDOUT  ] 2017-11-17T15:04:37.120099613Z: [    0.000000] BIOS-e820: [mem 0x000000003ffdf000-0x000000003fffffff] reserved
[STDOUT  ] 2017-11-17T15:04:37.120108706Z: [    0.000000] BIOS-e820: [mem 0x00000000b0000000-0x00000000bfffffff] reserved
[STDOUT  ] 2017-11-17T15:04:37.120114253Z: [    0.000000] BIOS-e820: [mem 0x00000000fed1c000-0x00000000fed1ffff] reserved
[STDOUT  ] 2017-11-17T15:04:37.120119771Z: [    0.000000] BIOS-e820: [mem 0x00000000fffc0000-0x00000000ffffffff] reserved
[STDOUT  ] 2017-11-17T15:04:37.120125264Z: [    0.000000] NX (Execute Disable) protection: active
[STDOUT  ] 2017-11-17T15:04:37.120130931Z: [    0.000000] SMBIOS 2.8 present.
[STDOUT  ] 2017-11-17T15:04:37.120136454Z: [    0.000000] e820: last_pfn = 0x3ffdf max_arch_pfn = 0x400000000
[STDOUT  ] 2017-11-17T15:04:37.120141958Z: [    0.000000] x86/PAT: Configuration [0-7]: WB  WC  UC- UC  WB  WC  UC- WT  
[STDOUT  ] 2017-11-17T15:04:37.120147492Z: [    0.000000] found SMP MP-table at [mem 0x000f6aa0-0x000f6aaf] mapped at [ffff9324800f6aa0]
[STDOUT  ] 2017-11-17T15:04:37.120153243Z: [    0.000000] RAMDISK: [mem 0x3e7aa000-0x3ffcffff]
[STDOUT  ] 2017-11-17T15:04:37.120158725Z: [    0.000000] ACPI: Early table checksum verification disabled
[STDOUT  ] 2017-11-17T15:04:37.120164417Z: [    0.000000] ACPI: RSDP 0x00000000000F68C0 000014 (v00 BOCHS )
[STDOUT  ] 2017-11-17T15:04:37.120169959Z: [    0.000000] ACPI: RSDT 0x000000003FFE2404 000034 (v01 BOCHS  BXPCRSDT 00000001 BXPC 00000001)
[STDOUT  ] 2017-11-17T15:04:37.120175629Z: [    0.000000] ACPI: FACP 0x000000003FFE22A4 000074 (v01 BOCHS  BXPCFACP 00000001 BXPC 00000001)
[STDOUT  ] 2017-11-17T15:04:37.120181241Z: [    0.000000] ACPI: DSDT 0x000000003FFE0040 002264 (v01 BOCHS  BXPCDSDT 00000001 BXPC 00000001)
[STDOUT  ] 2017-11-17T15:04:37.120186879Z: [    0.000000] ACPI: FACS 0x000000003FFE0000 000040
[STDOUT  ] 2017-11-17T15:04:37.120192364Z: [    0.000000] ACPI: APIC 0x000000003FFE2318 000078 (v01 BOCHS  BXPCAPIC 00000001 BXPC 00000001)
[STDOUT  ] 2017-11-17T15:04:37.120197883Z: [    0.000000] ACPI: HPET 0x000000003FFE2390 000038 (v01 BOCHS  BXPCHPET 00000001 BXPC 00000001)
[STDOUT  ] 2017-11-17T15:04:37.12020336Z: [    0.000000] ACPI: MCFG 0x000000003FFE23C8 00003C (v01 BOCHS  BXPCMCFG 00000001 BXPC 00000001)
[STDOUT  ] 2017-11-17T15:04:37.120209022Z: [    0.000000] Zone ranges:
[STDOUT  ] 2017-11-17T15:04:37.120214625Z: [    0.000000]   DMA      [mem 0x0000000000001000-0x0000000000ffffff]
[STDOUT  ] 2017-11-17T15:04:37.120220096Z: [    0.000000]   DMA32    [mem 0x0000000001000000-0x000000003ffdefff]
[STDOUT  ] 2017-11-17T15:04:37.120225574Z: [    0.000000]   Normal   empty
[STDOUT  ] 2017-11-17T15:04:37.120231081Z: [    0.000000] Movable zone start for each node
[STDOUT  ] 2017-11-17T15:04:37.120239383Z: [    0.000000] Early memory node ranges
[STDOUT  ] 2017-11-17T15:04:37.12024508Z: [    0.000000]   node   0: [mem 0x0000000000001000-0x000000000009efff]
[STDOUT  ] 2017-11-17T15:04:37.120250639Z: [    0.000000]   node   0: [mem 0x0000000000100000-0x000000003ffdefff]
[STDOUT  ] 2017-11-17T15:04:37.12025625Z: [    0.000000] Initmem setup node 0 [mem 0x0000000000001000-0x000000003ffdefff]
[STDOUT  ] 2017-11-17T15:04:37.120264387Z: [    0.000000] ACPI: PM-Timer IO Port: 0x608
[STDOUT  ] 2017-11-17T15:04:37.120269926Z: [    0.000000] ACPI: LAPIC_NMI (acpi_id[0xff] dfl dfl lint[0x1])
[STDOUT  ] 2017-11-17T15:04:37.120275547Z: [    0.000000] IOAPIC[0]: apic_id 0, version 32, address 0xfec00000, GSI 0-23
[STDOUT  ] 2017-11-17T15:04:37.120281127Z: [    0.000000] ACPI: INT_SRC_OVR (bus 0 bus_irq 0 global_irq 2 dfl dfl)
[STDOUT  ] 2017-11-17T15:04:37.120286722Z: [    0.000000] ACPI: INT_SRC_OVR (bus 0 bus_irq 5 global_irq 5 high level)
[STDOUT  ] 2017-11-17T15:04:37.120292245Z: [    0.000000] ACPI: INT_SRC_OVR (bus 0 bus_irq 9 global_irq 9 high level)
[STDOUT  ] 2017-11-17T15:04:37.120297687Z: [    0.000000] ACPI: INT_SRC_OVR (bus 0 bus_irq 10 global_irq 10 high level)
[STDOUT  ] 2017-11-17T15:04:37.120303201Z: [    0.000000] ACPI: INT_SRC_OVR (bus 0 bus_irq 11 global_irq 11 high level)
[STDOUT  ] 2017-11-17T15:04:37.120308658Z: [    0.000000] Using ACPI (MADT) for SMP configuration information
[STDOUT  ] 2017-11-17T15:04:37.120314218Z: [    0.000000] ACPI: HPET id: 0x8086a201 base: 0xfed00000
[STDOUT  ] 2017-11-17T15:04:37.12032265Z: [    0.000000] smpboot: Allowing 1 CPUs, 0 hotplug CPUs
[STDOUT  ] 2017-11-17T15:04:37.120328482Z: [    0.000000] e820: [mem 0x40000000-0xafffffff] available for PCI devices
[STDOUT  ] 2017-11-17T15:04:37.120334012Z: [    0.000000] Booting paravirtualized kernel on bare hardware
[STDOUT  ] 2017-11-17T15:04:37.120339566Z: [    0.000000] clocksource: refined-jiffies: mask: 0xffffffff max_cycles: 0xffffffff, max_idle_ns: 19112604462750000 ns
[STDOUT  ] 2017-11-17T15:04:37.120345408Z: [    0.000000] setup_percpu: NR_CPUS:128 nr_cpumask_bits:128 nr_cpu_ids:1 nr_node_ids:1
[STDOUT  ] 2017-11-17T15:04:37.120352603Z: [    0.000000] percpu: Embedded 35 pages/cpu @ffff9324be400000 s105112 r8192 d30056 u2097152
[STDOUT  ] 2017-11-17T15:04:37.120358159Z: [    0.000000] Built 1 zonelists in Zone order, mobility grouping on.  Total pages: 257896
[STDOUT  ] 2017-11-17T15:04:37.12036372Z: [    0.000000] Kernel command line: console=ttyS0 page_poison=1
[STDOUT  ] 2017-11-17T15:04:37.120370681Z: [    0.000000] PID hash table entries: 4096 (order: 3, 32768 bytes)
[STDOUT  ] 2017-11-17T15:04:37.120376273Z: [    0.000000] Dentry cache hash table entries: 131072 (order: 8, 1048576 bytes)
[STDOUT  ] 2017-11-17T15:04:37.120383786Z: [    0.000000] Inode-cache hash table entries: 65536 (order: 7, 524288 bytes)
[STDOUT  ] 2017-11-17T15:04:37.120389504Z: [    0.000000] Memory: 989444K/1048052K available (8049K kernel code, 1367K rwdata, 2700K rodata, 1380K init, 568K bss, 58608K reserved, 0K cma-reserved)
[STDOUT  ] 2017-11-17T15:04:37.120395719Z: [    0.000000] Hierarchical RCU implementation.
[STDOUT  ] 2017-11-17T15:04:37.120401231Z: [    0.000000] 	Build-time adjustment of leaf fanout to 64.
[STDOUT  ] 2017-11-17T15:04:37.120408339Z: [    0.000000] 	RCU restricting CPUs from NR_CPUS=128 to nr_cpu_ids=1.
[STDOUT  ] 2017-11-17T15:04:37.120413871Z: [    0.000000] RCU: Adjusting geometry for rcu_fanout_leaf=64, nr_cpu_ids=1
[STDOUT  ] 2017-11-17T15:04:37.120419419Z: [    0.000000] NR_IRQS:8448 nr_irqs:256 16
[STDOUT  ] 2017-11-17T15:04:37.120424925Z: [    0.000000] Console: colour VGA+ 80x25
[STDOUT  ] 2017-11-17T15:04:37.120430408Z: [    0.000000] console [ttyS0] enabled
[STDOUT  ] 2017-11-17T15:04:37.120435918Z: [    0.000000] allocated 2097152 bytes of page_ext
[STDOUT  ] 2017-11-17T15:04:37.120441543Z: [    0.000000] clocksource: hpet: mask: 0xffffffff max_cycles: 0xffffffff, max_idle_ns: 19112604467 ns
[STDOUT  ] 2017-11-17T15:04:37.120447296Z: [    0.000000] tsc: Fast TSC calibration using PIT
[STDOUT  ] 2017-11-17T15:04:37.120455506Z: [    0.000000] tsc: Detected 2599.923 MHz processor
[STDOUT  ] 2017-11-17T15:04:37.120461223Z: [    0.022037] Calibrating delay loop (skipped), value calculated using timer frequency.. 5199.84 BogoMIPS (lpj=25999230)
[STDOUT  ] 2017-11-17T15:04:37.120466847Z: [    0.030446] pid_max: default: 32768 minimum: 301
[STDOUT  ] 2017-11-17T15:04:37.120472345Z: [    0.031473] ACPI: Core revision 20160831
[STDOUT  ] 2017-11-17T15:04:37.120477959Z: [    0.088161] ACPI: 1 ACPI AML tables successfully acquired and loaded
[STDOUT  ] 2017-11-17T15:04:37.120483568Z: [    0.092617] Security Framework initialized
[STDOUT  ] 2017-11-17T15:04:37.120490884Z: [    0.092911] Yama: becoming mindful.
[STDOUT  ] 2017-11-17T15:04:37.120496401Z: [    0.094807] Mount-cache hash table entries: 2048 (order: 2, 16384 bytes)
[STDOUT  ] 2017-11-17T15:04:37.120501916Z: [    0.095020] Mountpoint-cache hash table entries: 2048 (order: 2, 16384 bytes)
[STDOUT  ] 2017-11-17T15:04:37.120507605Z: [    0.115378] Last level iTLB entries: 4KB 0, 2MB 0, 4MB 0
[STDOUT  ] 2017-11-17T15:04:37.120513163Z: [    0.115649] Last level dTLB entries: 4KB 0, 2MB 0, 4MB 0, 1GB 0
[STDOUT  ] 2017-11-17T15:04:37.120518725Z: [    0.518344] Freeing SMP alternatives memory: 20K
[STDOUT  ] 2017-11-17T15:04:37.120524314Z: [    0.530000] ftrace: allocating 35542 entries in 139 pages
[STDOUT  ] 2017-11-17T15:04:37.120529805Z: [    0.770000] smpboot: Max logical packages: 1
[STDOUT  ] 2017-11-17T15:04:37.120540689Z: [    0.776376] ..TIMER: vector=0x30 apic1=0 pin1=2 apic2=-1 pin2=-1
[STDOUT  ] 2017-11-17T15:04:37.120546512Z: [    0.880000] smpboot: CPU0: AMD QEMU Virtual CPU version 2.5+ (family: 0x6, model: 0x6, stepping: 0x3)
[STDOUT  ] 2017-11-17T15:04:37.120552233Z: [    0.880000] Performance Events: PMU not available due to virtualization, using software events only.
[STDOUT  ] 2017-11-17T15:04:37.120557779Z: [    0.893320] NMI watchdog: disabled (cpu0): hardware events not enabled
[STDOUT  ] 2017-11-17T15:04:37.120565053Z: [    0.893592] NMI watchdog: Shutting down hard lockup detector on all cpus
[STDOUT  ] 2017-11-17T15:04:37.12057056Z: [    0.897172] x86: Booted up 1 node, 1 CPUs
[STDOUT  ] 2017-11-17T15:04:37.120576099Z: [    0.897625] smpboot: Total of 1 processors activated (5199.84 BogoMIPS)
[STDOUT  ] 2017-11-17T15:04:37.120581568Z: [    0.917748] devtmpfs: initialized
[STDOUT  ] 2017-11-17T15:04:37.120587193Z: [    0.926638] x86/mm: Memory block size: 128MB
[STDOUT  ] 2017-11-17T15:04:37.120592714Z: [    1.029939] clocksource: jiffies: mask: 0xffffffff max_cycles: 0xffffffff, max_idle_ns: 19112604462750000 ns
[STDOUT  ] 2017-11-17T15:04:37.120598265Z: [    1.030362] futex hash table entries: 256 (order: 2, 16384 bytes)
[STDOUT  ] 2017-11-17T15:04:37.120603809Z: [    1.041696] NET: Registered protocol family 16
[STDOUT  ] 2017-11-17T15:04:37.120609328Z: [    1.055913] cpuidle: using governor ladder
[STDOUT  ] 2017-11-17T15:04:37.120614875Z: [    1.056428] cpuidle: using governor menu
[STDOUT  ] 2017-11-17T15:04:37.120620335Z: [    1.057819] ACPI: bus type PCI registered
[STDOUT  ] 2017-11-17T15:04:37.120625829Z: [    1.061760] PCI: MMCONFIG for domain 0000 [bus 00-ff] at [mem 0xb0000000-0xbfffffff] (base 0xb0000000)
[STDOUT  ] 2017-11-17T15:04:37.120631415Z: [    1.062521] PCI: MMCONFIG at [mem 0xb0000000-0xbfffffff] reserved in E820
[STDOUT  ] 2017-11-17T15:04:37.120636904Z: [    1.064011] PCI: Using configuration type 1 for base access
[STDOUT  ] 2017-11-17T15:04:37.120642376Z: [    1.149232] HugeTLB registered 2 MB page size, pre-allocated 0 pages
[STDOUT  ] 2017-11-17T15:04:37.120647907Z: [    1.162471] ACPI: Added _OSI(Module Device)
[STDOUT  ] 2017-11-17T15:04:37.120653407Z: [    1.162687] ACPI: Added _OSI(Processor Device)
[STDOUT  ] 2017-11-17T15:04:37.120658917Z: [    1.163064] ACPI: Added _OSI(3.0 _SCP Extensions)
[STDOUT  ] 2017-11-17T15:04:37.120664425Z: [    1.163361] ACPI: Added _OSI(Processor Aggregator Device)
[STDOUT  ] 2017-11-17T15:04:37.120670021Z: [    1.278590] ACPI: Interpreter enabled
[STDOUT  ] 2017-11-17T15:04:37.120678431Z: [    1.280859] ACPI: (supports S0 S5)
[STDOUT  ] 2017-11-17T15:04:37.120684161Z: [    1.281196] ACPI: Using IOAPIC for interrupt routing
[STDOUT  ] 2017-11-17T15:04:37.120689742Z: [    1.283805] PCI: Using host bridge windows from ACPI; if necessary, use "pci=nocrs" and report a bug
[STDOUT  ] 2017-11-17T15:04:37.120695336Z: [    1.380160] ACPI: PCI Root Bridge [PCI0] (domain 0000 [bus 00-ff])
[STDOUT  ] 2017-11-17T15:04:37.120700868Z: [    1.381335] acpi PNP0A08:00: _OSC: OS supports [ExtendedConfig ASPM ClockPM Segments MSI]
[STDOUT  ] 2017-11-17T15:04:37.12070642Z: [    1.390854] acpi PNP0A08:00: _OSC: OS now controls [PCIeHotplug PME PCIeCapability]
[STDOUT  ] 2017-11-17T15:04:37.120712011Z: [    1.396610] PCI host bridge to bus 0000:00
[STDOUT  ] 2017-11-17T15:04:37.120717568Z: [    1.396985] pci_bus 0000:00: root bus resource [io  0x0000-0x0cf7 window]
[STDOUT  ] 2017-11-17T15:04:37.120724662Z: [    1.397456] pci_bus 0000:00: root bus resource [io  0x0d00-0xffff window]
[STDOUT  ] 2017-11-17T15:04:37.120730309Z: [    1.397850] pci_bus 0000:00: root bus resource [mem 0x000a0000-0x000bffff window]
[STDOUT  ] 2017-11-17T15:04:37.120735811Z: [    1.398262] pci_bus 0000:00: root bus resource [mem 0xc0000000-0xfebfffff window]
[STDOUT  ] 2017-11-17T15:04:37.12074129Z: [    1.398903] pci_bus 0000:00: root bus resource [bus 00-ff]
[STDOUT  ] 2017-11-17T15:04:37.12074683Z: [    1.556701] pci 0000:00:1f.0: quirk: [io  0x0600-0x067f] claimed by ICH6 ACPI/GPIO/TCO
[STDOUT  ] 2017-11-17T15:04:37.120755356Z: [    1.648018] ACPI: PCI Interrupt Link [LNKA] (IRQs 5 *10 11)
[STDOUT  ] 2017-11-17T15:04:37.120762744Z: [    1.651439] ACPI: PCI Interrupt Link [LNKB] (IRQs 5 *10 11)
[STDOUT  ] 2017-11-17T15:04:37.120768405Z: [    1.653582] ACPI: PCI Interrupt Link [LNKC] (IRQs 5 10 *11)
[STDOUT  ] 2017-11-17T15:04:37.120786558Z: [    1.655331] ACPI: PCI Interrupt Link [LNKD] (IRQs 5 10 *11)
[STDOUT  ] 2017-11-17T15:04:37.120792039Z: [    1.657029] ACPI: PCI Interrupt Link [LNKE] (IRQs 5 *10 11)
[STDOUT  ] 2017-11-17T15:04:37.120797405Z: [    1.658812] ACPI: PCI Interrupt Link [LNKF] (IRQs 5 *10 11)
[STDOUT  ] 2017-11-17T15:04:37.120802757Z: [    1.660899] ACPI: PCI Interrupt Link [LNKG] (IRQs 5 10 *11)
[STDOUT  ] 2017-11-17T15:04:37.120808079Z: [    1.662704] ACPI: PCI Interrupt Link [LNKH] (IRQs 5 10 *11)
[STDOUT  ] 2017-11-17T15:04:37.12081755Z: [    1.663542] ACPI: PCI Interrupt Link [GSIA] (IRQs *16)
[STDOUT  ] 2017-11-17T15:04:37.120822977Z: [    1.664279] ACPI: PCI Interrupt Link [GSIB] (IRQs *17)
[STDOUT  ] 2017-11-17T15:04:37.120828355Z: [    1.664935] ACPI: PCI Interrupt Link [GSIC] (IRQs *18)
[STDOUT  ] 2017-11-17T15:04:37.120834167Z: [    1.665644] ACPI: PCI Interrupt Link [GSID] (IRQs *19)
[STDOUT  ] 2017-11-17T15:04:37.120839525Z: [    1.666336] ACPI: PCI Interrupt Link [GSIE] (IRQs *20)
[STDOUT  ] 2017-11-17T15:04:37.120845117Z: [    1.667098] ACPI: PCI Interrupt Link [GSIF] (IRQs *21)
[STDOUT  ] 2017-11-17T15:04:37.120850639Z: [    1.667807] ACPI: PCI Interrupt Link [GSIG] (IRQs *22)
[STDOUT  ] 2017-11-17T15:04:37.120856228Z: [    1.668489] ACPI: PCI Interrupt Link [GSIH] (IRQs *23)
[STDOUT  ] 2017-11-17T15:04:37.120861681Z: [    1.673547] ACPI: Enabled 2 GPEs in block 00 to 3F
[STDOUT  ] 2017-11-17T15:04:37.120867888Z: [    1.680000] SCSI subsystem initialized
[STDOUT  ] 2017-11-17T15:04:37.120873371Z: [    1.680304] ACPI: bus type USB registered
[STDOUT  ] 2017-11-17T15:04:37.120878912Z: [    1.681641] usbcore: registered new interface driver usbfs
[STDOUT  ] 2017-11-17T15:04:37.120884265Z: [    1.682750] usbcore: registered new interface driver hub
[STDOUT  ] 2017-11-17T15:04:37.120889629Z: [    1.683851] usbcore: registered new device driver usb
[STDOUT  ] 2017-11-17T15:04:37.120894952Z: [    1.684981] pps_core: LinuxPPS API ver. 1 registered
[STDOUT  ] 2017-11-17T15:04:37.120900296Z: [    1.685306] pps_core: Software ver. 5.3.6 - Copyright 2005-2007 Rodolfo Giometti <giometti@linux.it>
[STDOUT  ] 2017-11-17T15:04:37.120906015Z: [    1.686050] PTP clock support registered
[STDOUT  ] 2017-11-17T15:04:37.12091425Z: [    1.690383] wmi: Mapper loaded
[STDOUT  ] 2017-11-17T15:04:37.120919905Z: [    1.691989] PCI: Using ACPI for IRQ routing
[STDOUT  ] 2017-11-17T15:04:37.120925395Z: [    1.720940] NetLabel: Initializing
[STDOUT  ] 2017-11-17T15:04:37.120932711Z: [    1.721118] NetLabel:  domain hash size = 128
[STDOUT  ] 2017-11-17T15:04:37.120938147Z: [    1.721225] NetLabel:  protocols = UNLABELED CIPSOv4
[STDOUT  ] 2017-11-17T15:04:37.120943505Z: [    1.723535] NetLabel:  unlabeled traffic allowed by default
[STDOUT  ] 2017-11-17T15:04:37.120948904Z: [    1.724724] HPET: 3 timers in total, 0 timers will be used for per-cpu timer
[STDOUT  ] 2017-11-17T15:04:37.120954255Z: [    1.725439] hpet0: at MMIO 0xfed00000, IRQs 2, 8, 0
[STDOUT  ] 2017-11-17T15:04:37.120959714Z: [    1.725807] hpet0: 3 comparators, 64-bit 100.000000 MHz counter
[STDOUT  ] 2017-11-17T15:04:37.120965194Z: [    1.734471] clocksource: Switched to clocksource hpet
[STDOUT  ] 2017-11-17T15:04:37.120972937Z: [    2.099909] VFS: Disk quotas dquot_6.6.0
[STDOUT  ] 2017-11-17T15:04:37.120978352Z: [    2.100925] VFS: Dquot-cache hash table entries: 512 (order 0, 4096 bytes)
[STDOUT  ] 2017-11-17T15:04:37.120983783Z: [    2.104775] FS-Cache: Loaded
[STDOUT  ] 2017-11-17T15:04:37.120989112Z: [    2.110031] CacheFiles: Loaded
[STDOUT  ] 2017-11-17T15:04:37.120994626Z: [    2.112254] pnp: PnP ACPI init
[STDOUT  ] 2017-11-17T15:04:37.120999944Z: [    2.123540] pnp: PnP ACPI: found 5 devices
[STDOUT  ] 2017-11-17T15:04:37.121012748Z: [    2.170527] clocksource: acpi_pm: mask: 0xffffff max_cycles: 0xffffff, max_idle_ns: 2085701024 ns
[STDOUT  ] 2017-11-17T15:04:37.121018391Z: [    2.174402] NET: Registered protocol family 2
[STDOUT  ] 2017-11-17T15:04:37.12102381Z: [    2.185162] TCP established hash table entries: 8192 (order: 4, 65536 bytes)
[STDOUT  ] 2017-11-17T15:04:37.12102929Z: [    2.185974] TCP bind hash table entries: 8192 (order: 5, 131072 bytes)
[STDOUT  ] 2017-11-17T15:04:37.121034661Z: [    2.186641] TCP: Hash tables configured (established 8192 bind 8192)
[STDOUT  ] 2017-11-17T15:04:37.12104007Z: [    2.188937] UDP hash table entries: 512 (order: 2, 16384 bytes)
[STDOUT  ] 2017-11-17T15:04:37.121045519Z: [    2.189534] UDP-Lite hash table entries: 512 (order: 2, 16384 bytes)
[STDOUT  ] 2017-11-17T15:04:37.12105089Z: [    2.192879] NET: Registered protocol family 1
[STDOUT  ] 2017-11-17T15:04:37.12105641Z: [    2.193785] pci 0000:00:01.0: Video device with shadowed ROM at [mem 0x000c0000-0x000dffff]
[STDOUT  ] 2017-11-17T15:04:37.121061891Z: [    2.206159] Unpacking initramfs...
[STDOUT  ] 2017-11-17T15:04:37.121067284Z: [    6.836675] Freeing initrd memory: 24728K
[STDOUT  ] 2017-11-17T15:04:37.121072638Z: [    6.860068] PCLMULQDQ-NI instructions are not detected.
[STDOUT  ] 2017-11-17T15:04:37.121078049Z: [    6.862151] AVX or AES-NI instructions are not detected.
[STDOUT  ] 2017-11-17T15:04:37.121083372Z: [    6.862684] CPU feature 'AVX registers' is not supported.
[STDOUT  ] 2017-11-17T15:04:37.121088732Z: [    6.863046] CPU feature 'AVX registers' is not supported.
[STDOUT  ] 2017-11-17T15:04:37.121094172Z: [    6.863495] CPU feature 'AVX registers' is not supported.
[STDOUT  ] 2017-11-17T15:04:37.121099489Z: [    6.863900] CPU feature 'AVX registers' is not supported.
[STDOUT  ] 2017-11-17T15:04:37.12110483Z: [    6.864233] AVX2 or AES-NI instructions are not detected.
[STDOUT  ] 2017-11-17T15:04:37.121110222Z: [    6.864620] AVX2 instructions are not detected.
[STDOUT  ] 2017-11-17T15:04:37.121115583Z: [    6.870100] audit: initializing netlink subsys (disabled)
[STDOUT  ] 2017-11-17T15:04:37.121122607Z: [    6.873634] audit: type=2000 audit(1510931047.870:1): initialized
[STDOUT  ] 2017-11-17T15:04:37.121128147Z: [    6.884745] workingset: timestamp_bits=46 max_order=18 bucket_order=0
[STDOUT  ] 2017-11-17T15:04:37.121135704Z: [    6.891116] squashfs: version 4.0 (2009/01/31) Phillip Lougher
[STDOUT  ] 2017-11-17T15:04:37.121141259Z: [    6.896894] FS-Cache: Netfs 'cifs' registered for caching
[STDOUT  ] 2017-11-17T15:04:37.121148577Z: [    6.897917] fuse init (API version 7.26)
[STDOUT  ] 2017-11-17T15:04:37.121157692Z: [    6.900818] SGI XFS with ACLs, security attributes, no debug enabled
[STDOUT  ] 2017-11-17T15:04:37.121163144Z: [    6.905012] 9p: Installing v9fs 9p2000 file system support
[STDOUT  ] 2017-11-17T15:04:37.121168514Z: [    6.905374] FS-Cache: Netfs '9p' registered for caching
[STDOUT  ] 2017-11-17T15:04:37.121173815Z: [    6.948135] NET: Registered protocol family 38
[STDOUT  ] 2017-11-17T15:04:37.121179163Z: [    6.948645] Key type asymmetric registered
[STDOUT  ] 2017-11-17T15:04:37.121184515Z: [    6.949017] Asymmetric key parser 'x509' registered
[STDOUT  ] 2017-11-17T15:04:37.121189924Z: [    6.949974] Block layer SCSI generic (bsg) driver version 0.4 loaded (major 251)
[STDOUT  ] 2017-11-17T15:04:37.121195362Z: [    6.953401] io scheduler noop registered
[STDOUT  ] 2017-11-17T15:04:37.12120073Z: [    6.953761] io scheduler deadline registered (default)
[STDOUT  ] 2017-11-17T15:04:37.121206077Z: [    6.954671] io scheduler cfq registered
[STDOUT  ] 2017-11-17T15:04:37.121211741Z: [    6.957776] pci_hotplug: PCI Hot Plug PCI Core version: 0.5
[STDOUT  ] 2017-11-17T15:04:37.121217174Z: [    6.958404] pciehp: PCI Express Hot Plug Controller Driver version: 0.4
[STDOUT  ] 2017-11-17T15:04:37.12122256Z: [    6.959299] shpchp: Standard Hot Plug PCI Controller Driver version: 0.4
[STDOUT  ] 2017-11-17T15:04:37.121228043Z: [    6.960676] hv_vmbus: registering driver hyperv_fb
[STDOUT  ] 2017-11-17T15:04:37.121237951Z: [    6.965049] input: Power Button as /devices/LNXSYSTM:00/LNXPWRBN:00/input/input0
[STDOUT  ] 2017-11-17T15:04:37.12124366Z: [    6.966129] ACPI: Power Button [PWRF]
[STDOUT  ] 2017-11-17T15:04:37.121252525Z: [    6.973152] GHES: HEST is not enabled!
[STDOUT  ] 2017-11-17T15:04:37.121258021Z: [    6.991519] ACPI: PCI Interrupt Link [GSIG] enabled at IRQ 22
[STDOUT  ] 2017-11-17T15:04:37.121265803Z: [    7.009489] ACPI: PCI Interrupt Link [GSIH] enabled at IRQ 23
[STDOUT  ] 2017-11-17T15:04:37.121271367Z: [    7.015581] xenfs: not registering filesystem on non-xen platform
[STDOUT  ] 2017-11-17T15:04:37.121276736Z: [    7.017944] Serial: 8250/16550 driver, 4 ports, IRQ sharing disabled
[STDOUT  ] 2017-11-17T15:04:37.121282086Z: [    7.042809] 00:04: ttyS0 at I/O 0x3f8 (irq = 4, base_baud = 115200) is a 16550A
[STDOUT  ] 2017-11-17T15:04:37.121287486Z: [    7.057853] Non-volatile memory driver v1.3
[STDOUT  ] 2017-11-17T15:04:37.121292995Z: [    7.065816] Hangcheck: starting hangcheck timer 0.9.1 (tick is 180 seconds, margin is 60 seconds).
[STDOUT  ] 2017-11-17T15:04:37.121303344Z: [    7.070860] random: fast init done
[STDOUT  ] 2017-11-17T15:04:37.121308806Z: [    7.072144] random: crng init done
[STDOUT  ] 2017-11-17T15:04:37.12131409Z: [    7.113800] loop: module loaded
[STDOUT  ] 2017-11-17T15:04:37.121319503Z: [    7.129179] nbd: registered device at major 43
[STDOUT  ] 2017-11-17T15:04:37.121324853Z: [    7.182741] lpc_ich 0000:00:1f.0: I/O space for GPIO uninitialized
[STDOUT  ] 2017-11-17T15:04:37.121330228Z: [    7.184939] VMware PVSCSI driver - version 1.0.7.0-k
[STDOUT  ] 2017-11-17T15:04:37.121335548Z: [    7.185750] hv_vmbus: registering driver hv_storvsc
[STDOUT  ] 2017-11-17T15:04:37.121340898Z: [    7.201125] ACPI: PCI Interrupt Link [GSIA] enabled at IRQ 16
[STDOUT  ] 2017-11-17T15:04:37.121346304Z: [    7.209582] ahci 0000:00:1f.2: AHCI 0001.0000 32 slots 6 ports 1.5 Gbps 0x3f impl SATA mode
[STDOUT  ] 2017-11-17T15:04:37.121351735Z: [    7.210579] ahci 0000:00:1f.2: flags: 64bit ncq only 
[STDOUT  ] 2017-11-17T15:04:37.121357081Z: [    7.242095] scsi host0: ahci
[STDOUT  ] 2017-11-17T15:04:37.121362386Z: [    7.246858] scsi host1: ahci
[STDOUT  ] 2017-11-17T15:04:37.12137189Z: [    7.249860] scsi host2: ahci
[STDOUT  ] 2017-11-17T15:04:37.121377364Z: [    7.252821] scsi host3: ahci
[STDOUT  ] 2017-11-17T15:04:37.121382735Z: [    7.255047] scsi host4: ahci
[STDOUT  ] 2017-11-17T15:04:37.121388107Z: [    7.257921] scsi host5: ahci
[STDOUT  ] 2017-11-17T15:04:37.12139346Z: [    7.260348] ata1: SATA max UDMA/133 abar m4096@0xfebd2000 port 0xfebd2100 irq 24
[STDOUT  ] 2017-11-17T15:04:37.12140162Z: [    7.260894] ata2: SATA max UDMA/133 abar m4096@0xfebd2000 port 0xfebd2180 irq 24
[STDOUT  ] 2017-11-17T15:04:37.121412234Z: [    7.261280] ata3: SATA max UDMA/133 abar m4096@0xfebd2000 port 0xfebd2200 irq 24
[STDOUT  ] 2017-11-17T15:04:37.121417866Z: [    7.261708] ata4: SATA max UDMA/133 abar m4096@0xfebd2000 port 0xfebd2280 irq 24
[STDOUT  ] 2017-11-17T15:04:37.121423212Z: [    7.262092] ata5: SATA max UDMA/133 abar m4096@0xfebd2000 port 0xfebd2300 irq 24
[STDOUT  ] 2017-11-17T15:04:37.121428674Z: [    7.262487] ata6: SATA max UDMA/133 abar m4096@0xfebd2000 port 0xfebd2380 irq 24
[STDOUT  ] 2017-11-17T15:04:37.121434089Z: [    7.280802] tun: Universal TUN/TAP device driver, 1.6
[STDOUT  ] 2017-11-17T15:04:37.121439589Z: [    7.281192] tun: (C) 1999-2004 Max Krasnyansky <maxk@qualcomm.com>
[STDOUT  ] 2017-11-17T15:04:37.121444969Z: [    7.294767] VMware vmxnet3 virtual NIC driver - version 1.4.a.0-k-NAPI
[STDOUT  ] 2017-11-17T15:04:37.121454317Z: [    7.295720] hv_vmbus: registering driver hv_netvsc
[STDOUT  ] 2017-11-17T15:04:37.121459805Z: [    7.296082] Fusion MPT base driver 3.04.20
[STDOUT  ] 2017-11-17T15:04:37.121465194Z: [    7.296305] Copyright (c) 1999-2008 LSI Corporation
[STDOUT  ] 2017-11-17T15:04:37.121470496Z: [    7.296896] Fusion MPT SPI Host driver 3.04.20
[STDOUT  ] 2017-11-17T15:04:37.121475764Z: [    7.299509] i8042: PNP: PS/2 Controller [PNP0303:KBD,PNP0f13:MOU] at 0x60,0x64 irq 1,12
[STDOUT  ] 2017-11-17T15:04:37.121484364Z: [    7.305136] serio: i8042 KBD port at 0x60,0x64 irq 1
