[INFO    ] 2017-12-26T00:31:29.267650482Z: Running Test linuxkit.packages.format_mount.btrfs in /tmp/build/test/cases/040_packages/006_format_mount/003_btrfs
[INFO    ] 2017-12-26T00:31:29.267784303Z: Running command: [/bin/sh -x /tmp/build/test/cases/040_packages/006_format_mount/003_btrfs/test.sh]
[STDERR  ] 2017-12-26T00:31:29.290704294Z: + set -e
[STDERR  ] 2017-12-26T00:31:29.290837069Z: + . /tmp/build/test/cases/_lib/lib.sh
[STDERR  ] 2017-12-26T00:31:29.290863417Z: + [ -f src/github.com/linuxkit/rtf/lib/lib.sh ]
[STDERR  ] 2017-12-26T00:31:29.290875139Z: + LINUXKIT_TMPDIR=/tmp/build/test/cases/_tmp
[STDERR  ] 2017-12-26T00:31:29.290884539Z: + [ -f /tmp/build/test/cases/_tmp/env.sh ]
[STDERR  ] 2017-12-26T00:31:29.290893349Z: + . /tmp/build/test/cases/_tmp/env.sh
[STDERR  ] 2017-12-26T00:31:29.290910676Z: + export LINUXKIT_EXAMPLES_DIR=/tmp/build/test/cases/../../examples
[STDERR  ] 2017-12-26T00:31:29.290921431Z: + export LINUXKIT_BLUEPRINTS_DIR=/tmp/build/test/cases/../../blueprints
[STDERR  ] 2017-12-26T00:31:29.29093135Z: + RT_CANCEL=253
[STDERR  ] 2017-12-26T00:31:29.2909417Z: + NAME=test-format
[STDERR  ] 2017-12-26T00:31:29.290951883Z: + DISK=disk.img
[STDERR  ] 2017-12-26T00:31:29.29096382Z: + trap clean_up EXIT
[STDERR  ] 2017-12-26T00:31:29.29097491Z: + linuxkit build -format kernel+initrd -name test-format test.yml
[STDERR  ] 2017-12-26T00:31:29.325947733Z: Extract kernel image: linuxkit/kernel:4.9.70
[STDERR  ] 2017-12-26T00:31:30.468877487Z: time="2017-12-26T00:31:30Z" level=warning msg="certificate with CN Justin Cormack is near expiry" 
[STDERR  ] 2017-12-26T00:31:30.468974806Z: time="2017-12-26T00:31:30Z" level=warning msg="certificate with CN  is near expiry" 
[STDERR  ] 2017-12-26T00:31:30.469085726Z: time="2017-12-26T00:31:30Z" level=warning msg="certificate with CN  is near expiry" 
[STDERR  ] 2017-12-26T00:31:30.509162178Z: time="2017-12-26T00:31:30Z" level=warning msg="certificate with CN Justin Cormack is near expiry" 
[STDERR  ] 2017-12-26T00:31:30.879262681Z: Add init containers:
[STDERR  ] 2017-12-26T00:31:30.879307697Z: Process init image: linuxkit/init:9250948d0de494df8a811edb3242b4584057cfe4
[STDERR  ] 2017-12-26T00:31:31.911123956Z: time="2017-12-26T00:31:31Z" level=warning msg="certificate with CN  is near expiry" 
[STDERR  ] 2017-12-26T00:31:31.911174899Z: time="2017-12-26T00:31:31Z" level=warning msg="certificate with CN  is near expiry" 
[STDERR  ] 2017-12-26T00:31:31.911384765Z: time="2017-12-26T00:31:31Z" level=warning msg="certificate with CN Justin Cormack is near expiry" 
[STDERR  ] 2017-12-26T00:31:31.915302707Z: time="2017-12-26T00:31:31Z" level=warning msg="certificate with CN Justin Cormack is near expiry" 
[STDERR  ] 2017-12-26T00:31:31.916710525Z: time="2017-12-26T00:31:31Z" level=warning msg="certificate with CN  is near expiry" 
[STDERR  ] 2017-12-26T00:31:32.104734277Z: Process init image: linuxkit/runc:abc3f292653e64a2fd488e9675ace19a55ec7023
[STDERR  ] 2017-12-26T00:31:33.133304299Z: time="2017-12-26T00:31:33Z" level=warning msg="certificate with CN Justin Cormack is near expiry" 
[STDERR  ] 2017-12-26T00:31:33.133363842Z: time="2017-12-26T00:31:33Z" level=warning msg="certificate with CN  is near expiry" 
[STDERR  ] 2017-12-26T00:31:33.133428456Z: time="2017-12-26T00:31:33Z" level=warning msg="certificate with CN  is near expiry" 
[STDERR  ] 2017-12-26T00:31:33.135865607Z: time="2017-12-26T00:31:33Z" level=warning msg="certificate with CN Justin Cormack is near expiry" 
[STDERR  ] 2017-12-26T00:31:33.137072512Z: time="2017-12-26T00:31:33Z" level=warning msg="certificate with CN  is near expiry" 
[STDERR  ] 2017-12-26T00:31:33.302229747Z: Add onboot containers:
[STDERR  ] 2017-12-26T00:31:33.302268974Z:   Create OCI config for linuxkit/modprobe:1a192d168adadec47afa860e3fc874fbc2a823ff
[STDERR  ] 2017-12-26T00:31:34.337661718Z: time="2017-12-26T00:31:34Z" level=warning msg="certificate with CN Rolf Neugebauer is near expiry" 
[STDERR  ] 2017-12-26T00:31:34.337706613Z: time="2017-12-26T00:31:34Z" level=warning msg="certificate with CN  is near expiry" 
[STDERR  ] 2017-12-26T00:31:34.337768862Z: time="2017-12-26T00:31:34Z" level=warning msg="certificate with CN Moby CI is near expiry" 
[STDERR  ] 2017-12-26T00:31:34.337808232Z: time="2017-12-26T00:31:34Z" level=warning msg="certificate with CN  is near expiry" 
[STDERR  ] 2017-12-26T00:31:34.337985621Z: time="2017-12-26T00:31:34Z" level=warning msg="certificate with CN Justin Cormack is near expiry" 
[STDERR  ] 2017-12-26T00:31:34.339536602Z: time="2017-12-26T00:31:34Z" level=warning msg="certificate with CN  is near expiry" 
[STDERR  ] 2017-12-26T00:31:34.340493735Z: time="2017-12-26T00:31:34Z" level=warning msg="certificate with CN Rolf Neugebauer is near expiry" 
[STDERR  ] 2017-12-26T00:31:34.48421894Z:   Create OCI config for linuxkit/format:e945016ec780a788a71dcddc81497d54d3b14bc7
[STDERR  ] 2017-12-26T00:31:35.522285643Z: time="2017-12-26T00:31:35Z" level=warning msg="certificate with CN Rolf Neugebauer is near expiry" 
[STDERR  ] 2017-12-26T00:31:35.522338242Z: time="2017-12-26T00:31:35Z" level=warning msg="certificate with CN  is near expiry" 
[STDERR  ] 2017-12-26T00:31:35.522365156Z: time="2017-12-26T00:31:35Z" level=warning msg="certificate with CN  is near expiry" 
[STDERR  ] 2017-12-26T00:31:35.522633125Z: time="2017-12-26T00:31:35Z" level=warning msg="certificate with CN Justin Cormack is near expiry" 
[STDERR  ] 2017-12-26T00:31:35.52402053Z: time="2017-12-26T00:31:35Z" level=warning msg="certificate with CN Justin Cormack is near expiry" 
[STDERR  ] 2017-12-26T00:31:35.525052769Z: time="2017-12-26T00:31:35Z" level=warning msg="certificate with CN Rolf Neugebauer is near expiry" 
[STDERR  ] 2017-12-26T00:31:35.525913844Z: time="2017-12-26T00:31:35Z" level=warning msg="certificate with CN  is near expiry" 
[STDERR  ] 2017-12-26T00:31:35.859937911Z:   Create OCI config for linuxkit/mount:b346ec277b7074e5c9986128a879c10a1d18742b
[STDERR  ] 2017-12-26T00:31:36.89566118Z: time="2017-12-26T00:31:36Z" level=warning msg="certificate with CN  is near expiry" 
[STDERR  ] 2017-12-26T00:31:36.896017586Z: time="2017-12-26T00:31:36Z" level=warning msg="certificate with CN Justin Cormack is near expiry" 
[STDERR  ] 2017-12-26T00:31:36.896258846Z: time="2017-12-26T00:31:36Z" level=warning msg="certificate with CN Rolf Neugebauer is near expiry" 
[STDERR  ] 2017-12-26T00:31:36.896379752Z: time="2017-12-26T00:31:36Z" level=warning msg="certificate with CN  is near expiry" 
[STDERR  ] 2017-12-26T00:31:36.898027912Z: time="2017-12-26T00:31:36Z" level=warning msg="certificate with CN Justin Cormack is near expiry" 
[STDERR  ] 2017-12-26T00:31:36.899122699Z: time="2017-12-26T00:31:36Z" level=warning msg="certificate with CN Rolf Neugebauer is near expiry" 
[STDERR  ] 2017-12-26T00:31:36.8998168Z: time="2017-12-26T00:31:36Z" level=warning msg="certificate with CN  is near expiry" 
[STDERR  ] 2017-12-26T00:31:37.24334382Z:   Create OCI config for alpine:3.7
[STDERR  ] 2017-12-26T00:31:38.429614866Z:   Create OCI config for linuxkit/poweroff:bccfe1cb04fc7bb9f03613d2314f38abd2620f29
[STDERR  ] 2017-12-26T00:31:39.453290473Z: time="2017-12-26T00:31:39Z" level=warning msg="certificate with CN Justin Cormack is near expiry" 
[STDERR  ] 2017-12-26T00:31:39.453489951Z: time="2017-12-26T00:31:39Z" level=warning msg="certificate with CN Rolf Neugebauer is near expiry" 
[STDERR  ] 2017-12-26T00:31:39.453537249Z: time="2017-12-26T00:31:39Z" level=warning msg="certificate with CN  is near expiry" 
[STDERR  ] 2017-12-26T00:31:39.453597078Z: time="2017-12-26T00:31:39Z" level=warning msg="certificate with CN  is near expiry" 
[STDERR  ] 2017-12-26T00:31:39.455268555Z: time="2017-12-26T00:31:39Z" level=warning msg="certificate with CN Rolf Neugebauer is near expiry" 
[STDERR  ] 2017-12-26T00:31:39.456094362Z: time="2017-12-26T00:31:39Z" level=warning msg="certificate with CN  is near expiry" 
[STDERR  ] 2017-12-26T00:31:39.62187333Z: Add files:
[STDERR  ] 2017-12-26T00:31:39.621921059Z:   check.sh
[STDERR  ] 2017-12-26T00:31:39.637117Z: Create outputs:
[STDERR  ] 2017-12-26T00:31:45.494521772Z:   test-format-kernel test-format-initrd.img test-format-cmdline
[STDERR  ] 2017-12-26T00:31:45.556010133Z: + linuxkit run -disk file=disk.img,size=512M test-format
[STDERR  ] 2017-12-26T00:31:45.578908573Z: Unable to find qemu-system-x86_64 within the $PATH. Using a container
[STDERR  ] 2017-12-26T00:32:29.38004367Z: + RESULT=[    0.000000] Linux version 4.9.70-linuxkit (root@76d0ab89f7bc) (gcc version 6.4.0 (Alpine 6.4.0) ) #1 SMP Mon Dec 18 14:18:58 UTC 2017
[STDERR  ] 2017-12-26T00:32:29.38010454Z: [    0.000000] Command line: console=ttyS0 console=ttyAMA0
[STDERR  ] 2017-12-26T00:32:29.38011638Z: [    0.000000] x86/fpu: Legacy x87 FPU detected.
[STDERR  ] 2017-12-26T00:32:29.380127357Z: [    0.000000] x86/fpu: Using 'eager' FPU context switches.
[STDERR  ] 2017-12-26T00:32:29.380137785Z: [    0.000000] e820: BIOS-provided physical RAM map:
[STDERR  ] 2017-12-26T00:32:29.38014804Z: [    0.000000] BIOS-e820: [mem 0x0000000000000000-0x000000000009fbff] usable
[STDERR  ] 2017-12-26T00:32:29.380159264Z: [    0.000000] BIOS-e820: [mem 0x000000000009fc00-0x000000000009ffff] reserved
[STDERR  ] 2017-12-26T00:32:29.380169504Z: [    0.000000] BIOS-e820: [mem 0x00000000000f0000-0x00000000000fffff] reserved
[STDERR  ] 2017-12-26T00:32:29.380179488Z: [    0.000000] BIOS-e820: [mem 0x0000000000100000-0x000000003ffdefff] usable
[STDERR  ] 2017-12-26T00:32:29.380190847Z: [    0.000000] BIOS-e820: [mem 0x000000003ffdf000-0x000000003fffffff] reserved
[STDERR  ] 2017-12-26T00:32:29.38020143Z: [    0.000000] BIOS-e820: [mem 0x00000000b0000000-0x00000000bfffffff] reserved
[STDERR  ] 2017-12-26T00:32:29.380211775Z: [    0.000000] BIOS-e820: [mem 0x00000000fed1c000-0x00000000fed1ffff] reserved
[STDERR  ] 2017-12-26T00:32:29.380222768Z: [    0.000000] BIOS-e820: [mem 0x00000000fffc0000-0x00000000ffffffff] reserved
[STDERR  ] 2017-12-26T00:32:29.380233001Z: [    0.000000] NX (Execute Disable) protection: active
[STDERR  ] 2017-12-26T00:32:29.380243268Z: [    0.000000] SMBIOS 2.8 present.
[STDERR  ] 2017-12-26T00:32:29.380261204Z: [    0.000000] e820: last_pfn = 0x3ffdf max_arch_pfn = 0x400000000
[STDERR  ] 2017-12-26T00:32:29.38027169Z: [    0.000000] x86/PAT: Configuration [0-7]: WB  WC  UC- UC  WB  WC  UC- WT  
[STDERR  ] 2017-12-26T00:32:29.380300331Z: [    0.000000] found SMP MP-table at [mem 0x000f6aa0-0x000f6aaf] mapped at [ffff9534c00f6aa0]
[STDERR  ] 2017-12-26T00:32:29.380311855Z: [    0.000000] RAMDISK: [mem 0x3df34000-0x3ffcffff]
[STDERR  ] 2017-12-26T00:32:29.380322484Z: [    0.000000] ACPI: Early table checksum verification disabled
[STDERR  ] 2017-12-26T00:32:29.380333823Z: [    0.000000] ACPI: RSDP 0x00000000000F68B0 000014 (v00 BOCHS )
[STDERR  ] 2017-12-26T00:32:29.38036365Z: [    0.000000] ACPI: RSDT 0x000000003FFE20A8 000034 (v01 BOCHS  BXPCRSDT 00000001 BXPC 00000001)
[STDERR  ] 2017-12-26T00:32:29.380383613Z: [    0.000000] ACPI: FACP 0x000000003FFE1EC8 0000F4 (v03 BOCHS  BXPCFACP 00000001 BXPC 00000001)
[STDERR  ] 2017-12-26T00:32:29.380395153Z: [    0.000000] ACPI: DSDT 0x000000003FFE0040 001E88 (v01 BOCHS  BXPCDSDT 00000001 BXPC 00000001)
[STDERR  ] 2017-12-26T00:32:29.380406176Z: [    0.000000] ACPI: FACS 0x000000003FFE0000 000040
[STDERR  ] 2017-12-26T00:32:29.38043196Z: [    0.000000] ACPI: APIC 0x000000003FFE1FBC 000078 (v01 BOCHS  BXPCAPIC 00000001 BXPC 00000001)
[STDERR  ] 2017-12-26T00:32:29.38044663Z: [    0.000000] ACPI: HPET 0x000000003FFE2034 000038 (v01 BOCHS  BXPCHPET 00000001 BXPC 00000001)
[STDERR  ] 2017-12-26T00:32:29.380457216Z: [    0.000000] ACPI: MCFG 0x000000003FFE206C 00003C (v01 BOCHS  BXPCMCFG 00000001 BXPC 00000001)
[STDERR  ] 2017-12-26T00:32:29.380467262Z: [    0.000000] Zone ranges:
[STDERR  ] 2017-12-26T00:32:29.380477546Z: [    0.000000]   DMA      [mem 0x0000000000001000-0x0000000000ffffff]
[STDERR  ] 2017-12-26T00:32:29.380488144Z: [    0.000000]   DMA32    [mem 0x0000000001000000-0x000000003ffdefff]
[STDERR  ] 2017-12-26T00:32:29.380498454Z: [    0.000000]   Normal   empty
[STDERR  ] 2017-12-26T00:32:29.380508753Z: [    0.000000] Movable zone start for each node
[STDERR  ] 2017-12-26T00:32:29.380519024Z: [    0.000000] Early memory node ranges
[STDERR  ] 2017-12-26T00:32:29.380529234Z: [    0.000000]   node   0: [mem 0x0000000000001000-0x000000000009efff]
[STDERR  ] 2017-12-26T00:32:29.380544206Z: [    0.000000]   node   0: [mem 0x0000000000100000-0x000000003ffdefff]
[STDERR  ] 2017-12-26T00:32:29.3805559Z: [    0.000000] Initmem setup node 0 [mem 0x0000000000001000-0x000000003ffdefff]
[STDERR  ] 2017-12-26T00:32:29.380565859Z: [    0.000000] ACPI: PM-Timer IO Port: 0x608
[STDERR  ] 2017-12-26T00:32:29.380575597Z: [    0.000000] ACPI: LAPIC_NMI (acpi_id[0xff] dfl dfl lint[0x1])
[STDERR  ] 2017-12-26T00:32:29.3805855Z: [    0.000000] IOAPIC[0]: apic_id 0, version 32, address 0xfec00000, GSI 0-23
[STDERR  ] 2017-12-26T00:32:29.380596102Z: [    0.000000] ACPI: INT_SRC_OVR (bus 0 bus_irq 0 global_irq 2 dfl dfl)
[STDERR  ] 2017-12-26T00:32:29.380606074Z: [    0.000000] ACPI: INT_SRC_OVR (bus 0 bus_irq 5 global_irq 5 high level)
[STDERR  ] 2017-12-26T00:32:29.380615546Z: [    0.000000] ACPI: INT_SRC_OVR (bus 0 bus_irq 9 global_irq 9 high level)
[STDERR  ] 2017-12-26T00:32:29.380629406Z: [    0.000000] ACPI: INT_SRC_OVR (bus 0 bus_irq 10 global_irq 10 high level)
[STDERR  ] 2017-12-26T00:32:29.38064266Z: [    0.000000] ACPI: INT_SRC_OVR (bus 0 bus_irq 11 global_irq 11 high level)
[STDERR  ] 2017-12-26T00:32:29.380652464Z: [    0.000000] Using ACPI (MADT) for SMP configuration information
[STDERR  ] 2017-12-26T00:32:29.380662596Z: [    0.000000] ACPI: HPET id: 0x8086a201 base: 0xfed00000
[STDERR  ] 2017-12-26T00:32:29.380672576Z: [    0.000000] smpboot: Allowing 1 CPUs, 0 hotplug CPUs
[STDERR  ] 2017-12-26T00:32:29.380684803Z: [    0.000000] e820: [mem 0x40000000-0xafffffff] available for PCI devices
[STDERR  ] 2017-12-26T00:32:29.38069451Z: [    0.000000] Booting paravirtualized kernel on bare hardware
[STDERR  ] 2017-12-26T00:32:29.380705229Z: [    0.000000] clocksource: refined-jiffies: mask: 0xffffffff max_cycles: 0xffffffff, max_idle_ns: 19112604462750000 ns
[STDERR  ] 2017-12-26T00:32:29.380715936Z: [    0.000000] setup_percpu: NR_CPUS:128 nr_cpumask_bits:128 nr_cpu_ids:1 nr_node_ids:1
[STDERR  ] 2017-12-26T00:32:29.3807317Z: [    0.000000] percpu: Embedded 35 pages/cpu @ffff9534fdc00000 s105048 r8192 d30120 u2097152
[STDERR  ] 2017-12-26T00:32:29.380740226Z: [    0.000000] Built 1 zonelists in Zone order, mobility grouping on.  Total pages: 257896
[STDERR  ] 2017-12-26T00:32:29.380749744Z: [    0.000000] Kernel command line: console=ttyS0 console=ttyAMA0
[STDERR  ] 2017-12-26T00:32:29.380759587Z: [    0.000000] PID hash table entries: 4096 (order: 3, 32768 bytes)
[STDERR  ] 2017-12-26T00:32:29.380769213Z: [    0.000000] Dentry cache hash table entries: 131072 (order: 8, 1048576 bytes)
[STDERR  ] 2017-12-26T00:32:29.380778853Z: [    0.000000] Inode-cache hash table entries: 65536 (order: 7, 524288 bytes)
[STDERR  ] 2017-12-26T00:32:29.380789009Z: [    0.000000] Memory: 980780K/1048052K available (8048K kernel code, 1367K rwdata, 2700K rodata, 1380K init, 568K bss, 67272K reserved, 0K cma-reserved)
[STDERR  ] 2017-12-26T00:32:29.380800163Z: [    0.000000] Hierarchical RCU implementation.
[STDERR  ] 2017-12-26T00:32:29.380824557Z: [    0.000000] 	Build-time adjustment of leaf fanout to 64.
[STDERR  ] 2017-12-26T00:32:29.380833983Z: [    0.000000] 	RCU restricting CPUs from NR_CPUS=128 to nr_cpu_ids=1.
[STDERR  ] 2017-12-26T00:32:29.380843729Z: [    0.000000] RCU: Adjusting geometry for rcu_fanout_leaf=64, nr_cpu_ids=1
[STDERR  ] 2017-12-26T00:32:29.38085463Z: [    0.000000] NR_IRQS:8448 nr_irqs:256 16
[STDERR  ] 2017-12-26T00:32:29.38086582Z: [    0.000000] Console: colour VGA+ 80x25
[STDERR  ] 2017-12-26T00:32:29.38087575Z: [    0.000000] console [ttyS0] enabled
[STDERR  ] 2017-12-26T00:32:29.380885832Z: [    0.000000] clocksource: hpet: mask: 0xffffffff max_cycles: 0xffffffff, max_idle_ns: 19112604467 ns
[STDERR  ] 2017-12-26T00:32:29.380896597Z: [    0.000000] tsc: Fast TSC calibration using PIT
[STDERR  ] 2017-12-26T00:32:29.380911136Z: [    0.000000] tsc: Detected 2600.002 MHz processor
[STDERR  ] 2017-12-26T00:32:29.380921149Z: [    0.021598] Calibrating delay loop (skipped), value calculated using timer frequency.. 5200.00 BogoMIPS (lpj=26000020)
[STDERR  ] 2017-12-26T00:32:29.380945673Z: [    0.022643] pid_max: default: 32768 minimum: 301
[STDERR  ] 2017-12-26T00:32:29.380955543Z: [    0.023661] ACPI: Core revision 20160831
[STDERR  ] 2017-12-26T00:32:29.380964572Z: [    0.052480] ACPI: 1 ACPI AML tables successfully acquired and loaded
[STDERR  ] 2017-12-26T00:32:29.38097477Z: [    0.057151] Security Framework initialized
[STDERR  ] 2017-12-26T00:32:29.380983637Z: [    0.057591] Yama: becoming mindful.
[STDERR  ] 2017-12-26T00:32:29.380992877Z: [    0.059562] Mount-cache hash table entries: 2048 (order: 2, 16384 bytes)
[STDERR  ] 2017-12-26T00:32:29.381004104Z: [    0.060154] Mountpoint-cache hash table entries: 2048 (order: 2, 16384 bytes)
[STDERR  ] 2017-12-26T00:32:29.38101414Z: [    0.082325] Last level iTLB entries: 4KB 0, 2MB 0, 4MB 0
[STDERR  ] 2017-12-26T00:32:29.381025593Z: [    0.082685] Last level dTLB entries: 4KB 0, 2MB 0, 4MB 0, 1GB 0
[STDERR  ] 2017-12-26T00:32:29.381036043Z: [    0.428009] Freeing SMP alternatives memory: 20K
[STDERR  ] 2017-12-26T00:32:29.381045153Z: [    0.437118] ftrace: allocating 35540 entries in 139 pages
[STDERR  ] 2017-12-26T00:32:29.38105397Z: [    0.504512] smpboot: Max logical packages: 1
[STDERR  ] 2017-12-26T00:32:29.381062909Z: [    0.513194] ..TIMER: vector=0x30 apic1=0 pin1=2 apic2=-1 pin2=-1
[STDERR  ] 2017-12-26T00:32:29.381072002Z: [    0.620000] smpboot: CPU0: AMD QEMU Virtual CPU version 2.5+ (family: 0x6, model: 0x6, stepping: 0x3)
[STDERR  ] 2017-12-26T00:32:29.381081846Z: [    0.620000] Performance Events: PMU not available due to virtualization, using software events only.
[STDERR  ] 2017-12-26T00:32:29.381090863Z: [    0.627704] NMI watchdog: disabled (cpu0): hardware events not enabled
[STDERR  ] 2017-12-26T00:32:29.38110056Z: [    0.628229] NMI watchdog: Shutting down hard lockup detector on all cpus
[STDERR  ] 2017-12-26T00:32:29.381109757Z: [    0.631323] x86: Booted up 1 node, 1 CPUs
[STDERR  ] 2017-12-26T00:32:29.381118983Z: [    0.631609] smpboot: Total of 1 processors activated (5200.00 BogoMIPS)
[STDERR  ] 2017-12-26T00:32:29.381128456Z: [    0.648754] devtmpfs: initialized
[STDERR  ] 2017-12-26T00:32:29.381138207Z: [    0.653269] x86/mm: Memory block size: 128MB
[STDERR  ] 2017-12-26T00:32:29.381148362Z: [    0.682984] clocksource: jiffies: mask: 0xffffffff max_cycles: 0xffffffff, max_idle_ns: 19112604462750000 ns
[STDERR  ] 2017-12-26T00:32:29.381157029Z: [    0.683852] futex hash table entries: 256 (order: 2, 16384 bytes)
[STDERR  ] 2017-12-26T00:32:29.381166004Z: [    0.692616] NET: Registered protocol family 16
[STDERR  ] 2017-12-26T00:32:29.381181297Z: [    0.702954] cpuidle: using governor ladder
[STDERR  ] 2017-12-26T00:32:29.381190262Z: [    0.703418] cpuidle: using governor menu
[STDERR  ] 2017-12-26T00:32:29.381199577Z: [    0.704507] ACPI: bus type PCI registered
[STDERR  ] 2017-12-26T00:32:29.381208576Z: [    0.707613] PCI: MMCONFIG for domain 0000 [bus 00-ff] at [mem 0xb0000000-0xbfffffff] (base 0xb0000000)
[STDERR  ] 2017-12-26T00:32:29.381222994Z: [    0.708340] PCI: MMCONFIG at [mem 0xb0000000-0xbfffffff] reserved in E820
[STDERR  ] 2017-12-26T00:32:29.381232749Z: [    0.709198] PCI: Using configuration type 1 for base access
[STDERR  ] 2017-12-26T00:32:29.381241872Z: [    0.752248] HugeTLB registered 2 MB page size, pre-allocated 0 pages
[STDERR  ] 2017-12-26T00:32:29.381258162Z: [    0.764271] ACPI: Added _OSI(Module Device)
[STDERR  ] 2017-12-26T00:32:29.381271296Z: [    0.764552] ACPI: Added _OSI(Processor Device)
[STDERR  ] 2017-12-26T00:32:29.381280634Z: [    0.764813] ACPI: Added _OSI(3.0 _SCP Extensions)
[STDERR  ] 2017-12-26T00:32:29.381290562Z: [    0.764924] ACPI: Added _OSI(Processor Aggregator Device)
[STDERR  ] 2017-12-26T00:32:29.381299432Z: [    0.813898] ACPI: Interpreter enabled
[STDERR  ] 2017-12-26T00:32:29.381308236Z: [    0.814787] ACPI: (supports S0 S5)
[STDERR  ] 2017-12-26T00:32:29.381320186Z: [    0.815085] ACPI: Using IOAPIC for interrupt routing
[STDERR  ] 2017-12-26T00:32:29.381329312Z: [    0.817769] PCI: Using host bridge windows from ACPI; if necessary, use "pci=nocrs" and report a bug
[STDERR  ] 2017-12-26T00:32:29.381347144Z: [    0.864138] ACPI: PCI Root Bridge [PCI0] (domain 0000 [bus 00-ff])
[STDERR  ] 2017-12-26T00:32:29.381358012Z: [    0.865170] acpi PNP0A08:00: _OSC: OS supports [ExtendedConfig ASPM ClockPM Segments MSI]
[STDERR  ] 2017-12-26T00:32:29.381366793Z: [    0.871078] acpi PNP0A08:00: _OSC: OS now controls [PCIeHotplug PME PCIeCapability]
[STDERR  ] 2017-12-26T00:32:29.381375603Z: [    0.874577] PCI host bridge to bus 0000:00
[STDERR  ] 2017-12-26T00:32:29.381384389Z: [    0.874992] pci_bus 0000:00: root bus resource [io  0x0000-0x0cf7 window]
[STDERR  ] 2017-12-26T00:32:29.381393822Z: [    0.875390] pci_bus 0000:00: root bus resource [io  0x0d00-0xffff window]
[STDERR  ] 2017-12-26T00:32:29.381402872Z: [    0.875743] pci_bus 0000:00: root bus resource [mem 0x000a0000-0x000bffff window]
[STDERR  ] 2017-12-26T00:32:29.381411663Z: [    0.876123] pci_bus 0000:00: root bus resource [mem 0xc0000000-0xfebfffff window]
[STDERR  ] 2017-12-26T00:32:29.381420466Z: [    0.876703] pci_bus 0000:00: root bus resource [bus 00-ff]
[STDERR  ] 2017-12-26T00:32:29.381429858Z: [    1.011371] pci 0000:00:1f.0: quirk: [io  0x0600-0x067f] claimed by ICH6 ACPI/GPIO/TCO
[STDERR  ] 2017-12-26T00:32:29.381439125Z: [    1.088245] ACPI: PCI Interrupt Link [LNKA] (IRQs 5 *10 11)
[STDERR  ] 2017-12-26T00:32:29.381448819Z: [    1.091823] ACPI: PCI Interrupt Link [LNKB] (IRQs 5 *10 11)
[STDERR  ] 2017-12-26T00:32:29.381458552Z: [    1.093762] ACPI: PCI Interrupt Link [LNKC] (IRQs 5 10 *11)
[STDERR  ] 2017-12-26T00:32:29.381471115Z: [    1.095229] ACPI: PCI Interrupt Link [LNKD] (IRQs 5 10 *11)
[STDERR  ] 2017-12-26T00:32:29.381480736Z: [    1.096669] ACPI: PCI Interrupt Link [LNKE] (IRQs 5 *10 11)
[STDERR  ] 2017-12-26T00:32:29.381490666Z: [    1.098370] ACPI: PCI Interrupt Link [LNKF] (IRQs 5 *10 11)
[STDERR  ] 2017-12-26T00:32:29.381501488Z: [    1.099671] ACPI: PCI Interrupt Link [LNKG] (IRQs 5 10 *11)
[STDERR  ] 2017-12-26T00:32:29.381516236Z: [    1.101221] ACPI: PCI Interrupt Link [LNKH] (IRQs 5 10 *11)
[STDERR  ] 2017-12-26T00:32:29.381527042Z: [    1.102149] ACPI: PCI Interrupt Link [GSIA] (IRQs *16)
[STDERR  ] 2017-12-26T00:32:29.381536841Z: [    1.102748] ACPI: PCI Interrupt Link [GSIB] (IRQs *17)
[STDERR  ] 2017-12-26T00:32:29.381546436Z: [    1.103336] ACPI: PCI Interrupt Link [GSIC] (IRQs *18)
[STDERR  ] 2017-12-26T00:32:29.381556295Z: [    1.103903] ACPI: PCI Interrupt Link [GSID] (IRQs *19)
[STDERR  ] 2017-12-26T00:32:29.381566049Z: [    1.104327] ACPI: PCI Interrupt Link [GSIE] (IRQs *20)
[STDERR  ] 2017-12-26T00:32:29.381600681Z: [    1.104729] ACPI: PCI Interrupt Link [GSIF] (IRQs *21)
[STDERR  ] 2017-12-26T00:32:29.381619219Z: [    1.105129] ACPI: PCI Interrupt Link [GSIG] (IRQs *22)
[STDERR  ] 2017-12-26T00:32:29.381653342Z: [    1.105556] ACPI: PCI Interrupt Link [GSIH] (IRQs *23)
[STDERR  ] 2017-12-26T00:32:29.381687236Z: [    1.108714] ACPI: Enabled 1 GPEs in block 00 to 3F
[STDERR  ] 2017-12-26T00:32:29.381708916Z: [    1.112833] SCSI subsystem initialized
[STDERR  ] 2017-12-26T00:32:29.381721982Z: [    1.114678] ACPI: bus type USB registered
[STDERR  ] 2017-12-26T00:32:29.381731841Z: [    1.115745] usbcore: registered new interface driver usbfs
[STDERR  ] 2017-12-26T00:32:29.381742415Z: [    1.116480] usbcore: registered new interface driver hub
[STDERR  ] 2017-12-26T00:32:29.381753015Z: [    1.117315] usbcore: registered new device driver usb
[STDERR  ] 2017-12-26T00:32:29.381762778Z: [    1.118528] pps_core: LinuxPPS API ver. 1 registered
[STDERR  ] 2017-12-26T00:32:29.381775483Z: [    1.118803] pps_core: Software ver. 5.3.6 - Copyright 2005-2007 Rodolfo Giometti <giometti@linux.it>
[STDERR  ] 2017-12-26T00:32:29.381785343Z: [    1.119462] PTP clock support registered
[STDERR  ] 2017-12-26T00:32:29.381794518Z: [    1.120761] wmi: Mapper loaded
[STDERR  ] 2017-12-26T00:32:29.381804388Z: [    1.122092] PCI: Using ACPI for IRQ routing
[STDERR  ] 2017-12-26T00:32:29.381813181Z: [    1.135433] NetLabel: Initializing
[STDERR  ] 2017-12-26T00:32:29.381828436Z: [    1.135631] NetLabel:  domain hash size = 128
[STDERR  ] 2017-12-26T00:32:29.381838289Z: [    1.135917] NetLabel:  protocols = UNLABELED CIPSOv4
[STDERR  ] 2017-12-26T00:32:29.381847333Z: [    1.137658] NetLabel:  unlabeled traffic allowed by default
[STDERR  ] 2017-12-26T00:32:29.381856521Z: [    1.138531] HPET: 3 timers in total, 0 timers will be used for per-cpu timer
[STDERR  ] 2017-12-26T00:32:29.381866655Z: [    1.139102] hpet0: at MMIO 0xfed00000, IRQs 2, 8, 0
[STDERR  ] 2017-12-26T00:32:29.381876149Z: [    1.139532] hpet0: 3 comparators, 64-bit 100.000000 MHz counter
[STDERR  ] 2017-12-26T00:32:29.381885516Z: [    1.145920] clocksource: Switched to clocksource hpet
[STDERR  ] 2017-12-26T00:32:29.381894958Z: [    1.366090] VFS: Disk quotas dquot_6.6.0
[STDERR  ] 2017-12-26T00:32:29.381904696Z: [    1.366695] VFS: Dquot-cache hash table entries: 512 (order 0, 4096 bytes)
[STDERR  ] 2017-12-26T00:32:29.381917805Z: [    1.370735] FS-Cache: Loaded
[STDERR  ] 2017-12-26T00:32:29.381924399Z: [    1.377375] CacheFiles: Loaded
[STDERR  ] 2017-12-26T00:32:29.381930303Z: [    1.379328] pnp: PnP ACPI init
[STDERR  ] 2017-12-26T00:32:29.381935865Z: [    1.388597] pnp: PnP ACPI: found 5 devices
[STDERR  ] 2017-12-26T00:32:29.381941361Z: [    1.432236] clocksource: acpi_pm: mask: 0xffffff max_cycles: 0xffffff, max_idle_ns: 2085701024 ns
[STDERR  ] 2017-12-26T00:32:29.381947118Z: [    1.436211] NET: Registered protocol family 2
[STDERR  ] 2017-12-26T00:32:29.381952703Z: [    1.444279] TCP established hash table entries: 8192 (order: 4, 65536 bytes)
[STDERR  ] 2017-12-26T00:32:29.381958311Z: [    1.445321] TCP bind hash table entries: 8192 (order: 5, 131072 bytes)
[STDERR  ] 2017-12-26T00:32:29.381963841Z: [    1.446170] TCP: Hash tables configured (established 8192 bind 8192)
[STDERR  ] 2017-12-26T00:32:29.381969446Z: [    1.448428] UDP hash table entries: 512 (order: 2, 16384 bytes)
[STDERR  ] 2017-12-26T00:32:29.381975091Z: [    1.449066] UDP-Lite hash table entries: 512 (order: 2, 16384 bytes)
[STDERR  ] 2017-12-26T00:32:29.381982736Z: [    1.451723] NET: Registered protocol family 1
[STDERR  ] 2017-12-26T00:32:29.381988522Z: [    1.452862] pci 0000:00:01.0: Video device with shadowed ROM at [mem 0x000c0000-0x000dffff]
[STDERR  ] 2017-12-26T00:32:29.381994173Z: [    1.462696] Unpacking initramfs...
[STDERR  ] 2017-12-26T00:32:29.381999838Z: [    7.283937] Freeing initrd memory: 33392K
[STDERR  ] 2017-12-26T00:32:29.382007779Z: [    7.307205] PCLMULQDQ-NI instructions are not detected.
[STDERR  ] 2017-12-26T00:32:29.382013566Z: [    7.308652] AVX or AES-NI instructions are not detected.
[STDERR  ] 2017-12-26T00:32:29.382019169Z: [    7.309053] CPU feature 'AVX registers' is not supported.
[STDERR  ] 2017-12-26T00:32:29.382024819Z: [    7.309455] CPU feature 'AVX registers' is not supported.
[STDERR  ] 2017-12-26T00:32:29.382030456Z: [    7.309830] CPU feature 'AVX registers' is not supported.
[STDERR  ] 2017-12-26T00:32:29.382035946Z: [    7.310668] CPU feature 'AVX registers' is not supported.
[STDERR  ] 2017-12-26T00:32:29.382046948Z: [    7.311003] AVX2 or AES-NI instructions are not detected.
[STDERR  ] 2017-12-26T00:32:29.382052571Z: [    7.311313] AVX2 instructions are not detected.
[STDERR  ] 2017-12-26T00:32:29.382058179Z: [    7.318815] audit: initializing netlink subsys (disabled)
[STDERR  ] 2017-12-26T00:32:29.382063746Z: [    7.322325] audit: type=2000 audit(1514248314.320:1): initialized
[STDERR  ] 2017-12-26T00:32:29.382069359Z: [    7.330660] workingset: timestamp_bits=46 max_order=18 bucket_order=0
[STDERR  ] 2017-12-26T00:32:29.382074856Z: [    7.334343] squashfs: version 4.0 (2009/01/31) Phillip Lougher
[STDERR  ] 2017-12-26T00:32:29.382080433Z: [    7.336777] FS-Cache: Netfs 'cifs' registered for caching
[STDERR  ] 2017-12-26T00:32:29.382085996Z: [    7.337789] fuse init (API version 7.26)
[STDERR  ] 2017-12-26T00:32:29.382091753Z: [    7.343568] SGI XFS with ACLs, security attributes, no debug enabled
[STDERR  ] 2017-12-26T00:32:29.382097332Z: [    7.347244] 9p: Installing v9fs 9p2000 file system support
[STDERR  ] 2017-12-26T00:32:29.382108303Z: [    7.347783] FS-Cache: Netfs '9p' registered for caching
[STDERR  ] 2017-12-26T00:32:29.382114139Z: [    7.379663] NET: Registered protocol family 38
[STDERR  ] 2017-12-26T00:32:29.382119759Z: [    7.380655] Key type asymmetric registered
[STDERR  ] 2017-12-26T00:32:29.382125396Z: [    7.381040] Asymmetric key parser 'x509' registered
[STDERR  ] 2017-12-26T00:32:29.382130943Z: [    7.382004] Block layer SCSI generic (bsg) driver version 0.4 loaded (major 251)
[STDERR  ] 2017-12-26T00:32:29.382136576Z: [    7.383767] io scheduler noop registered
[STDERR  ] 2017-12-26T00:32:29.382142163Z: [    7.384112] io scheduler deadline registered (default)
[STDERR  ] 2017-12-26T00:32:29.382147686Z: [    7.385134] io scheduler cfq registered
[STDERR  ] 2017-12-26T00:32:29.382153232Z: [    7.387590] pci_hotplug: PCI Hot Plug PCI Core version: 0.5
[STDERR  ] 2017-12-26T00:32:29.382158866Z: [    7.388251] pciehp: PCI Express Hot Plug Controller Driver version: 0.4
[STDERR  ] 2017-12-26T00:32:29.382166388Z: [    7.389025] shpchp: Standard Hot Plug PCI Controller Driver version: 0.4
[STDERR  ] 2017-12-26T00:32:29.382172068Z: [    7.389770] hv_vmbus: registering driver hyperv_fb
[STDERR  ] 2017-12-26T00:32:29.382177548Z: [    7.395136] input: Power Button as /devices/LNXSYSTM:00/LNXPWRBN:00/input/input0
[STDERR  ] 2017-12-26T00:32:29.382183191Z: [    7.396297] ACPI: Power Button [PWRF]
[STDERR  ] 2017-12-26T00:32:29.382188808Z: [    7.402050] GHES: HEST is not enabled!
[STDERR  ] 2017-12-26T00:32:29.382194445Z: [    7.408706] ACPI: PCI Interrupt Link [GSIG] enabled at IRQ 22
[STDERR  ] 2017-12-26T00:32:29.382200075Z: [    7.419519] ACPI: PCI Interrupt Link [GSIH] enabled at IRQ 23
[STDERR  ] 2017-12-26T00:32:29.382205696Z: [    7.424728] xenfs: not registering filesystem on non-xen platform
[STDERR  ] 2017-12-26T00:32:29.382211235Z: [    7.426912] Serial: 8250/16550 driver, 4 ports, IRQ sharing disabled
[STDERR  ] 2017-12-26T00:32:29.382216809Z: [    7.450746] 00:04: ttyS0 at I/O 0x3f8 (irq = 4, base_baud = 115200) is a 16550A
[STDERR  ] 2017-12-26T00:32:29.382222503Z: [    7.462308] Non-volatile memory driver v1.3
[STDERR  ] 2017-12-26T00:32:29.382229881Z: [    7.468448] Hangcheck: starting hangcheck timer 0.9.1 (tick is 180 seconds, margin is 60 seconds).
[STDERR  ] 2017-12-26T00:32:29.382235539Z: [    7.473589] random: fast init done
[STDERR  ] 2017-12-26T00:32:29.382240969Z: [    7.475190] random: crng init done
[STDERR  ] 2017-12-26T00:32:29.382246498Z: [    7.505519] loop: module loaded
[STDERR  ] 2017-12-26T00:32:29.382258165Z: [    7.520335] nbd: registered device at major 43
[STDERR  ] 2017-12-26T00:32:29.382264188Z: [    7.555118] lpc_ich 0000:00:1f.0: I/O space for GPIO uninitialized
[STDERR  ] 2017-12-26T00:32:29.382269801Z: [    7.557349] VMware PVSCSI driver - version 1.0.7.0-k
[STDERR  ] 2017-12-26T00:32:29.382275321Z: [    7.558199] hv_vmbus: registering driver hv_storvsc
[STDERR  ] 2017-12-26T00:32:29.382284343Z: [    7.566040] ACPI: PCI Interrupt Link [GSIA] enabled at IRQ 16
[STDERR  ] 2017-12-26T00:32:29.382289981Z: [    7.572606] ahci 0000:00:1f.2: AHCI 0001.0000 32 slots 6 ports 1.5 Gbps 0x3f impl SATA mode
[STDERR  ] 2017-12-26T00:32:29.382298265Z: [    7.573325] ahci 0000:00:1f.2: flags: 64bit ncq only 
[STDERR  ] 2017-12-26T00:32:29.382303826Z: [    7.590715] scsi host0: ahci
[STDERR  ] 2017-12-26T00:32:29.382312168Z: [    7.593971] scsi host1: ahci
[STDERR  ] 2017-12-26T00:32:29.382317661Z: [    7.595797] scsi host2: ahci
[STDERR  ] 2017-12-26T00:32:29.382323306Z: [    7.597692] scsi host3: ahci
[STDERR  ] 2017-12-26T00:32:29.382328683Z: [    7.599514] scsi host4: ahci
[STDERR  ] 2017-12-26T00:32:29.382334189Z: [    7.601709] scsi host5: ahci
[STDERR  ] 2017-12-26T00:32:29.382339702Z: [    7.603255] ata1: SATA max UDMA/133 abar m4096@0xfebd2000 port 0xfebd2100 irq 24
[STDERR  ] 2017-12-26T00:32:29.382345409Z: [    7.603673] ata2: SATA max UDMA/133 abar m4096@0xfebd2000 port 0xfebd2180 irq 24
[STDERR  ] 2017-12-26T00:32:29.382354386Z: [    7.604050] ata3: SATA max UDMA/133 abar m4096@0xfebd2000 port 0xfebd2200 irq 24
[STDERR  ] 2017-12-26T00:32:29.382362078Z: [    7.604412] ata4: SATA max UDMA/133 abar m4096@0xfebd2000 port 0xfebd2280 irq 24
[STDERR  ] 2017-12-26T00:32:29.382367719Z: [    7.604810] ata5: SATA max UDMA/133 abar m4096@0xfebd2000 port 0xfebd2300 irq 24
[STDERR  ] 2017-12-26T00:32:29.382373308Z: [    7.605173] ata6: SATA max UDMA/133 abar m4096@0xfebd2000 port 0xfebd2380 irq 24
[STDERR  ] 2017-12-26T00:32:29.382378905Z: [    7.617115] tun: Universal TUN/TAP device driver, 1.6
[STDERR  ] 2017-12-26T00:32:29.382384511Z: [    7.617475] tun: (C) 1999-2004 Max Krasnyansky <maxk@qualcomm.com>
[STDERR  ] 2017-12-26T00:32:29.382391775Z: [    7.629121] VMware vmxnet3 virtual NIC driver - version 1.4.a.0-k-NAPI
[STDERR  ] 2017-12-26T00:32:29.382397516Z: [    7.630582] hv_vmbus: registering driver hv_netvsc
[STDERR  ] 2017-12-26T00:32:29.382404893Z: [    7.630855] Fusion MPT base driver 3.04.20
[STDERR  ] 2017-12-26T00:32:29.382410502Z: [    7.631140] Copyright (c) 1999-2008 LSI Corporation
[STDERR  ] 2017-12-26T00:32:29.382416069Z: [    7.631706] Fusion MPT SPI Host driver 3.04.20
[STDERR  ] 2017-12-26T00:32:29.382421598Z: [    7.633569] i8042: PNP: PS/2 Controller [PNP0303:KBD,PNP0f13:MOU] at 0x60,0x64 irq 1,12
[STDERR  ] 2017-12-26T00:32:29.382427239Z: [    7.637349] serio: i8042 KBD port at 0x60,0x64 irq 1
[STDERR  ] 2017-12-26T00:32:29.382432811Z: [    7.638041] serio: i8042 AUX port at 0x60,0x64 irq 12
[STDERR  ] 2017-12-26T00:32:29.382438419Z: [    7.641053] hv_vmbus: registering driver hyperv_keyboard
[STDERR  ] 2017-12-26T00:32:29.382446193Z: [    7.643142] mousedev: PS/2 mouse device common for all mice
[STDERR  ] 2017-12-26T00:32:29.38245183Z: [    7.647449] input: AT Translated Set 2 keyboard as /devices/platform/i8042/serio0/input/input1
[STDERR  ] 2017-12-26T00:32:29.38245752Z: [    7.651316] input: PC Speaker as /devices/platform/pcspkr/input/input2
[STDERR  ] 2017-12-26T00:32:29.382463192Z: [    7.654176] rtc_cmos 00:00: RTC can wake from S4
[STDERR  ] 2017-12-26T00:32:29.382468778Z: [    7.657423] rtc_cmos 00:00: rtc core: registered rtc_cmos as rtc0
[STDERR  ] 2017-12-26T00:32:29.382476348Z: [    7.658510] rtc_cmos 00:00: alarms up to one day, y3k, 114 bytes nvram, hpet irqs
[STDERR  ] 2017-12-26T00:32:29.382483938Z: [    7.659220] i2c /dev entries driver
[STDERR  ] 2017-12-26T00:32:29.382489544Z: [    7.661475] device-mapper: ioctl: 4.35.0-ioctl (2016-06-23) initialised: dm-devel@redhat.com
[STDERR  ] 2017-12-26T00:32:29.382495178Z: [    7.665705] usbcore: registered new interface driver usbhid
[STDERR  ] 2017-12-26T00:32:29.382500791Z: [    7.666066] usbhid: USB HID core driver
[STDERR  ] 2017-12-26T00:32:29.382506404Z: [    7.666646] hv_utils: Registering HyperV Utility Driver
[STDERR  ] 2017-12-26T00:32:29.382511815Z: [    7.666907] hv_vmbus: registering driver hv_util
[STDERR  ] 2017-12-26T00:32:29.38251739Z: [    7.667156] hv_vmbus: registering driver hv_balloon
[STDERR  ] 2017-12-26T00:32:29.382526527Z: [    7.667672] oprofile: using NMI interrupt.
[STDERR  ] 2017-12-26T00:32:29.382531937Z: [    7.668869] GACT probability on
[STDERR  ] 2017-12-26T00:32:29.38253744Z: [    7.669391] Mirror/redirect action on
[STDERR  ] 2017-12-26T00:32:29.382543081Z: [    7.670697] Simple TC action Loaded
[STDERR  ] 2017-12-26T00:32:29.382548457Z: [    7.671331] u32 classifier
[STDERR  ] 2017-12-26T00:32:29.382553885Z: [    7.671489]     Performance counters on
[STDERR  ] 2017-12-26T00:32:29.382559437Z: [    7.671749]     input device check on
[STDERR  ] 2017-12-26T00:32:29.382564961Z: [    7.671959]     Actions configured
[STDERR  ] 2017-12-26T00:32:29.382570394Z: [    7.672566] Netfilter messages via NETLINK v0.30.
[STDERR  ] 2017-12-26T00:32:29.382575872Z: [    7.673163] nfnl_acct: registering with nfnetlink.
[STDERR  ] 2017-12-26T00:32:29.382581354Z: [    7.675275] nf_conntrack version 0.5.0 (8192 buckets, 32768 max)
[STDERR  ] 2017-12-26T00:32:29.38258694Z: [    7.678163] ctnetlink v0.93: registering with nfnetlink.
[STDERR  ] 2017-12-26T00:32:29.382595328Z: [    7.682984] nf_tables: (c) 2007-2009 Patrick McHardy <kaber@trash.net>
[STDERR  ] 2017-12-26T00:32:29.382601174Z: [    7.683880] nf_tables_compat: (c) 2012 Pablo Neira Ayuso <pablo@netfilter.org>
[STDERR  ] 2017-12-26T00:32:29.382606801Z: [    7.686676] xt_time: kernel timezone is -0000
[STDERR  ] 2017-12-26T00:32:29.382612335Z: [    7.687205] ip_set: protocol 6
[STDERR  ] 2017-12-26T00:32:29.382617804Z: [    7.687846] IPVS: Registered protocols (TCP, UDP, SCTP, AH, ESP)
[STDERR  ] 2017-12-26T00:32:29.382623264Z: [    7.688402] IPVS: Connection hash table configured (size=4096, memory=64Kbytes)
[STDERR  ] 2017-12-26T00:32:29.38262881Z: [    7.690505] IPVS: Creating netns size=2104 id=0
[STDERR  ] 2017-12-26T00:32:29.382634342Z: [    7.693234] IPVS: ipvs loaded.
[STDERR  ] 2017-12-26T00:32:29.382639814Z: [    7.693653] IPVS: [rr] scheduler registered.
[STDERR  ] 2017-12-26T00:32:29.382647607Z: [    7.693982] IPVS: [wrr] scheduler registered.
[STDERR  ] 2017-12-26T00:32:29.382653102Z: [    7.694230] IPVS: [lc] scheduler registered.
[STDERR  ] 2017-12-26T00:32:29.38265863Z: [    7.694461] IPVS: [wlc] scheduler registered.
[STDERR  ] 2017-12-26T00:32:29.382664125Z: [    7.694659] IPVS: [fo] scheduler registered.
[STDERR  ] 2017-12-26T00:32:29.382669554Z: [    7.694887] IPVS: [ovf] scheduler registered.
[STDERR  ] 2017-12-26T00:32:29.382675144Z: [    7.695330] IPVS: [lblc] scheduler registered.
[STDERR  ] 2017-12-26T00:32:29.38268316Z: [    7.695709] IPVS: [lblcr] scheduler registered.
[STDERR  ] 2017-12-26T00:32:29.382688868Z: [    7.695971] IPVS: [dh] scheduler registered.
[STDERR  ] 2017-12-26T00:32:29.382694332Z: [    7.696265] IPVS: [sh] scheduler registered.
[STDERR  ] 2017-12-26T00:32:29.38269984Z: [    7.696472] IPVS: [sed] scheduler registered.
[STDERR  ] 2017-12-26T00:32:29.3827052Z: [    7.696750] IPVS: [nq] scheduler registered.
[STDERR  ] 2017-12-26T00:32:29.382710671Z: [    7.697458] IPVS: ftp: loaded support on port[0] = 21
[STDERR  ] 2017-12-26T00:32:29.382716104Z: [    7.698233] ipip: IPv4 and MPLS over IPv4 tunneling driver
[STDERR  ] 2017-12-26T00:32:29.382721601Z: [    7.702328] gre: GRE over IPv4 demultiplexor driver
[STDERR  ] 2017-12-26T00:32:29.382727084Z: [    7.705040] ip_tables: (C) 2000-2006 Netfilter Core Team
[STDERR  ] 2017-12-26T00:32:29.382732622Z: [    7.708160] ipt_CLUSTERIP: ClusterIP Version 0.8 loaded successfully
[STDERR  ] 2017-12-26T00:32:29.382738084Z: [    7.708941] arp_tables: arp_tables: (C) 2002 David S. Miller
[STDERR  ] 2017-12-26T00:32:29.382743655Z: [    7.711704] NET: Registered protocol family 10
[STDERR  ] 2017-12-26T00:32:29.382749222Z: [    7.721441] ip6_tables: (C) 2000-2006 Netfilter Core Team
[STDERR  ] 2017-12-26T00:32:29.38275534Z: [    7.729001] NET: Registered protocol family 17
[STDERR  ] 2017-12-26T00:32:29.382760942Z: [    7.730415] Bridge firewalling registered
[STDERR  ] 2017-12-26T00:32:29.382766458Z: [    7.731096] Ebtables v2.0 registered
[STDERR  ] 2017-12-26T00:32:29.382771978Z: [    7.732939] 8021q: 802.1Q VLAN Support v1.8
[STDERR  ] 2017-12-26T00:32:29.382784185Z: [    7.734379] 9pnet: Installing 9P2000 support
[STDERR  ] 2017-12-26T00:32:29.382789801Z: [    7.735813] Key type dns_resolver registered
[STDERR  ] 2017-12-26T00:32:29.382795331Z: [    7.736877] microcode: AMD CPU family 0x6 not supported
[STDERR  ] 2017-12-26T00:32:29.38280091Z: [    7.740670] registered taskstats version 1
[STDERR  ] 2017-12-26T00:32:29.38281171Z: [    7.905385] Key type big_key registered
[STDERR  ] 2017-12-26T00:32:29.382817422Z: [    7.945678] ata5: SATA link down (SStatus 0 SControl 300)
[STDERR  ] 2017-12-26T00:32:29.382825Z: [    7.948484] ata4: SATA link down (SStatus 0 SControl 300)
[STDERR  ] 2017-12-26T00:32:29.382833105Z: [    7.949401] ata3: SATA link up 1.5 Gbps (SStatus 113 SControl 300)
[STDERR  ] 2017-12-26T00:32:29.382838872Z: [    7.952221] ata2: SATA link down (SStatus 0 SControl 300)
[STDERR  ] 2017-12-26T00:32:29.382844315Z: [    7.953031] ata1: SATA link up 1.5 Gbps (SStatus 113 SControl 300)
[STDERR  ] 2017-12-26T00:32:29.382853188Z: [    7.954944] ata1.00: ATA-7: QEMU HARDDISK, 2.5+, max UDMA/100
[STDERR  ] 2017-12-26T00:32:29.38285891Z: [    7.955330] ata1.00: 1048576 sectors, multi 16: LBA48 NCQ (depth 31/32)
[STDERR  ] 2017-12-26T00:32:29.382864342Z: [    7.955914] ata1.00: applying bridge limits
[STDERR  ] 2017-12-26T00:32:29.38287197Z: [    7.957598] ata1.00: configured for UDMA/100
[STDERR  ] 2017-12-26T00:32:29.382877717Z: [    7.960009] ata3.00: ATAPI: QEMU DVD-ROM, 2.5+, max UDMA/100
[STDERR  ] 2017-12-26T00:32:29.382883182Z: [    7.960771] ata3.00: applying bridge limits
[STDERR  ] 2017-12-26T00:32:29.382888842Z: [    7.961533] ata3.00: configured for UDMA/100
[STDERR  ] 2017-12-26T00:32:29.382894295Z: [    7.965230] ata6: SATA link down (SStatus 0 SControl 300)
[STDERR  ] 2017-12-26T00:32:29.382899837Z: [    7.982276] scsi 0:0:0:0: Direct-Access     ATA      QEMU HARDDISK    2.5+ PQ: 0 ANSI: 5
[STDERR  ] 2017-12-26T00:32:29.382905585Z: [    7.995131] sd 0:0:0:0: [sda] 1048576 512-byte logical blocks: (537 MB/512 MiB)
[STDERR  ] 2017-12-26T00:32:29.382911147Z: [    7.999418] sd 0:0:0:0: [sda] Write Protect is off
[STDERR  ] 2017-12-26T00:32:29.382916822Z: [    8.000680] sd 0:0:0:0: Attached scsi generic sg0 type 0
[STDERR  ] 2017-12-26T00:32:29.382922432Z: [    8.002406] sd 0:0:0:0: [sda] Write cache: enabled, read cache: enabled, doesn't support DPO or FUA
[STDERR  ] 2017-12-26T00:32:29.382929817Z: [    8.015357] scsi 2:0:0:0: CD-ROM            QEMU     QEMU DVD-ROM     2.5+ PQ: 0 ANSI: 5
[STDERR  ] 2017-12-26T00:32:29.38293547Z: [    8.032960] sr 2:0:0:0: [sr0] scsi3-mmc drive: 4x/4x cd/rw xa/form2 tray
[STDERR  ] 2017-12-26T00:32:29.382942688Z: [    8.033663] cdrom: Uniform CD-ROM driver Revision: 3.20
[STDERR  ] 2017-12-26T00:32:29.382948394Z: [    8.044196] sr 2:0:0:0: Attached scsi generic sg1 type 5
[STDERR  ] 2017-12-26T00:32:29.382953804Z: [    8.062864] sd 0:0:0:0: [sda] Attached SCSI disk
[STDERR  ] 2017-12-26T00:32:29.382959254Z: [    8.107633] Key type encrypted registered
[STDERR  ] 2017-12-26T00:32:29.382964694Z: [    8.113530] rtc_cmos 00:00: setting system clock to 2017-12-26 00:31:55 UTC (1514248315)
[STDERR  ] 2017-12-26T00:32:29.382970155Z: [    8.248422] Freeing unused kernel memory: 1380K
[STDERR  ] 2017-12-26T00:32:29.382975622Z: [    8.248775] Write protecting the kernel read-only data: 12288k
[STDERR  ] 2017-12-26T00:32:29.38298136Z: [    8.254517] Freeing unused kernel memory: 128K
[STDERR  ] 2017-12-26T00:32:29.382986905Z: [    8.317953] Freeing unused kernel memory: 1396K
[STDERR  ] 2017-12-26T00:32:29.382992421Z: [    8.320800] tsc: Refined TSC clocksource calibration: 2600.005 MHz
[STDERR  ] 2017-12-26T00:32:29.38299796Z: [    8.321415] clocksource: tsc: mask: 0xffffffffffffffff max_cycles: 0x257a40ff313, max_idle_ns: 440795330741 ns
[STDERR  ] 2017-12-26T00:32:29.383003601Z: [    9.340999] clocksource: Switched to clocksource tsc
[STDERR  ] 2017-12-26T00:32:29.383009054Z: 
[STDERR  ] 2017-12-26T00:32:29.383014631Z: Welcome to LinuxKit
[STDERR  ] 2017-12-26T00:32:29.383023225Z: 
[STDERR  ] 2017-12-26T00:32:29.383029037Z:                         ##         .
[STDERR  ] 2017-12-26T00:32:29.383036574Z:                   ## ## ##        ==
[STDERR  ] 2017-12-26T00:32:29.383045542Z:                ## ## ## ## ##    ===
[STDERR  ] 2017-12-26T00:32:29.383054042Z:            /"""""""""""""""""\___/ ===
[STDERR  ] 2017-12-26T00:32:29.383063298Z:           {                       /  ===-
[STDERR  ] 2017-12-26T00:32:29.38307242Z:            \______ O           __/
[STDERR  ] 2017-12-26T00:32:29.383081727Z:              \    \         __/
[STDERR  ] 2017-12-26T00:32:29.383090652Z:               \____\_______/
[STDERR  ] 2017-12-26T00:32:29.383099691Z: 
[STDERR  ] 2017-12-26T00:32:29.383109245Z: [   20.420433] raid6: sse2x1   gen()   444 MB/s
[STDERR  ] 2017-12-26T00:32:29.383118155Z: [   20.590394] raid6: sse2x1   xor()   227 MB/s
[STDERR  ] 2017-12-26T00:32:29.383123785Z: [   20.760332] raid6: sse2x2   gen()   411 MB/s
[STDERR  ] 2017-12-26T00:32:29.383129242Z: [   20.930390] raid6: sse2x2   xor()   272 MB/s
[STDERR  ] 2017-12-26T00:32:29.383138894Z: [   21.100414] raid6: sse2x4   gen()   497 MB/s
[STDERR  ] 2017-12-26T00:32:29.383144834Z: [   21.270380] raid6: sse2x4   xor()   294 MB/s
[STDERR  ] 2017-12-26T00:32:29.383150482Z: [   21.270723] raid6: using algorithm sse2x4 gen() 497 MB/s
[STDERR  ] 2017-12-26T00:32:29.38315611Z: [   21.271112] raid6: .... xor() 294 MB/s, rmw enabled
[STDERR  ] 2017-12-26T00:32:29.383161802Z: [   21.271555] raid6: using intx1 recovery algorithm
[STDERR  ] 2017-12-26T00:32:29.383167388Z: [   21.292296] xor: measuring software checksum speed
[STDERR  ] 2017-12-26T00:32:29.383172917Z: [   21.390809]    prefetch64-sse:   731.600 MB/sec
[STDERR  ] 2017-12-26T00:32:29.383178577Z: [   21.490314]    generic_sse:   735.600 MB/sec
[STDERR  ] 2017-12-26T00:32:29.38318428Z: [   21.490650] xor: using function: generic_sse (735.600 MB/sec)
[STDERR  ] 2017-12-26T00:32:29.383189854Z: [   21.622866] Btrfs loaded, crc32c=crc32c-generic
[STDERR  ] 2017-12-26T00:32:29.383198471Z: [   22.083444] IPVS: Creating netns size=2104 id=1
[STDERR  ] 2017-12-26T00:32:29.383204015Z: [   22.083907] IPVS: ftp: loaded support on port[0] = 21
[STDERR  ] 2017-12-26T00:32:29.383211512Z: 2017/12/26 00:32:09 Creating partition on /dev/sda
[STDERR  ] 2017-12-26T00:32:29.383217145Z: [   23.316370]  sda:
[STDERR  ] 2017-12-26T00:32:29.383222851Z: [   23.387749]  sda:
[STDERR  ] 2017-12-26T00:32:29.383228442Z: [   23.449243]  sda: sda1
[STDERR  ] 2017-12-26T00:32:29.383234145Z: [   23.522097]  sda: sda1
[STDERR  ] 2017-12-26T00:32:29.383239768Z: [   25.185016] BTRFS: device fsid e7d8a554-ee68-411e-81a8-ec6d6ca86b64 devid 1 transid 5 /dev/sda1
[STDERR  ] 2017-12-26T00:32:29.38324546Z: 2017/12/26 00:32:11 Partition /dev/sda1 successfully created!
[STDERR  ] 2017-12-26T00:32:29.383251255Z: [   25.785486] IPVS: Creating netns size=2104 id=2
[STDERR  ] 2017-12-26T00:32:29.383262835Z: [   25.785827] IPVS: ftp: loaded support on port[0] = 21
[STDERR  ] 2017-12-26T00:32:29.383268538Z: [   26.924623] FAT-fs (sda1): utf8 is not a recommended IO charset for FAT filesystems, filesystem will be case sensitive!
[STDERR  ] 2017-12-26T00:32:29.38327496Z: [   26.930670] FAT-fs (sda1): utf8 is not a recommended IO charset for FAT filesystems, filesystem will be case sensitive!
[STDERR  ] 2017-12-26T00:32:29.383280607Z: [   26.935821] mount: sending ioctl 5310 to a partition!
[STDERR  ] 2017-12-26T00:32:29.383288315Z: [   26.971482] mount: sending ioctl 5310 to a partition!
[STDERR  ] 2017-12-26T00:32:29.383296134Z: [   26.973490] UDF-fs: warning (device sda1): udf_fill_super: No partition found (2)
[STDERR  ] 2017-12-26T00:32:29.383301857Z: [   27.001878] BTRFS info (device sda1): disk space caching is enabled
[STDERR  ] 2017-12-26T00:32:29.383307484Z: [   27.002359] BTRFS info (device sda1): has skinny extents
[STDERR  ] 2017-12-26T00:32:29.383313102Z: [   27.002668] BTRFS info (device sda1): flagging fs with big metadata feature
[STDERR  ] 2017-12-26T00:32:29.383318644Z: [   27.049410] BTRFS info (device sda1): creating UUID tree
[STDERR  ] 2017-12-26T00:32:29.383328072Z: format_mount test suite PASSED
[STDERR  ] 2017-12-26T00:32:29.383333785Z: [   40.977772] sd 0:0:0:0: [sda] Synchronizing SCSI cache
[STDERR  ] 2017-12-26T00:32:29.383339387Z: [   40.983622] sd 0:0:0:0: [sda] Stopping disk
[STDERR  ] 2017-12-26T00:32:29.383345031Z: [   40.989228] ACPI: Preparing to enter system sleep state S5
[STDERR  ] 2017-12-26T00:32:29.3833507Z: [   40.992783] reboot: Power down
[STDERR  ] 2017-12-26T00:32:29.383356431Z: + echo [    0.000000] Linux version 4.9.70-linuxkit (root@76d0ab89f7bc) (gcc version 6.4.0 (Alpine 6.4.0) ) #1 SMP Mon Dec 18 14:18:58 UTC 2017
[STDERR  ] 2017-12-26T00:32:29.383362787Z: [    0.000000] Command line: console=ttyS0 console=ttyAMA0
[STDERR  ] 2017-12-26T00:32:29.383368487Z: [    0.000000] x86/fpu: Legacy x87 FPU detected.
[STDERR  ] 2017-12-26T00:32:29.383374115Z: [    0.000000] x86/fpu: Using 'eager' FPU context switches.
[STDERR  ] 2017-12-26T00:32:29.383379718Z: [    0.000000] e820: BIOS-provided physical RAM map:
[STDERR  ] 2017-12-26T00:32:29.383388355Z: [    0.000000] BIOS-e820: [mem 0x0000000000000000-0x000000000009fbff] usable
[STDERR  ] 2017-12-26T00:32:29.383394078Z: [    0.000000] BIOS-e820: [mem 0x000000000009fc00-0x000000000009ffff] reserved
[STDERR  ] 2017-12-26T00:32:29.383399577Z: [    0.000000] BIOS-e820: [mem 0x00000000000f0000-0x00000000000fffff] reserved
[STDERR  ] 2017-12-26T00:32:29.383405078Z: [    0.000000] BIOS-e820: [mem 0x0000000000100000-0x000000003ffdefff] usable
[STDERR  ] 2017-12-26T00:32:29.383410657Z: [    0.000000] BIOS-e820: [mem 0x000000003ffdf000-0x000000003fffffff] reserved
[STDERR  ] 2017-12-26T00:32:29.383416165Z: [    0.000000] BIOS-e820: [mem 0x00000000b0000000-0x00000000bfffffff] reserved
[STDERR  ] 2017-12-26T00:32:29.383421681Z: [    0.000000] BIOS-e820: [mem 0x00000000fed1c000-0x00000000fed1ffff] reserved
[STDERR  ] 2017-12-26T00:32:29.383428868Z: [    0.000000] BIOS-e820: [mem 0x00000000fffc0000-0x00000000ffffffff] reserved
[STDERR  ] 2017-12-26T00:32:29.383434684Z: [    0.000000] NX (Execute Disable) protection: active
[STDERR  ] 2017-12-26T00:32:29.383440285Z: [    0.000000] SMBIOS 2.8 present.
[STDERR  ] 2017-12-26T00:32:29.383445848Z: [    0.000000] e820: last_pfn = 0x3ffdf max_arch_pfn = 0x400000000
[STDERR  ] 2017-12-26T00:32:29.383451368Z: [    0.000000] x86/PAT: Configuration [0-7]: WB  WC  UC- UC  WB  WC  UC- WT  
[STDERR  ] 2017-12-26T00:32:29.383457032Z: [    0.000000] found SMP MP-table at [mem 0x000f6aa0-0x000f6aaf] mapped at [ffff9534c00f6aa0]
[STDERR  ] 2017-12-26T00:32:29.383462795Z: [    0.000000] RAMDISK: [mem 0x3df34000-0x3ffcffff]
[STDERR  ] 2017-12-26T00:32:29.383468451Z: [    0.000000] ACPI: Early table checksum verification disabled
[STDERR  ] 2017-12-26T00:32:29.383474102Z: [    0.000000] ACPI: RSDP 0x00000000000F68B0 000014 (v00 BOCHS )
[STDERR  ] 2017-12-26T00:32:29.383479617Z: [    0.000000] ACPI: RSDT 0x000000003FFE20A8 000034 (v01 BOCHS  BXPCRSDT 00000001 BXPC 00000001)
[STDERR  ] 2017-12-26T00:32:29.383485181Z: [    0.000000] ACPI: FACP 0x000000003FFE1EC8 0000F4 (v03 BOCHS  BXPCFACP 00000001 BXPC 00000001)
[STDERR  ] 2017-12-26T00:32:29.383490705Z: [    0.000000] ACPI: DSDT 0x000000003FFE0040 001E88 (v01 BOCHS  BXPCDSDT 00000001 BXPC 00000001)
[STDERR  ] 2017-12-26T00:32:29.383496314Z: [    0.000000] ACPI: FACS 0x000000003FFE0000 000040
[STDERR  ] 2017-12-26T00:32:29.383501969Z: [    0.000000] ACPI: APIC 0x000000003FFE1FBC 000078 (v01 BOCHS  BXPCAPIC 00000001 BXPC 00000001)
[STDERR  ] 2017-12-26T00:32:29.383507517Z: [    0.000000] ACPI: HPET 0x000000003FFE2034 000038 (v01 BOCHS  BXPCHPET 00000001 BXPC 00000001)
[STDERR  ] 2017-12-26T00:32:29.383512997Z: [    0.000000] ACPI: MCFG 0x000000003FFE206C 00003C (v01 BOCHS  BXPCMCFG 00000001 BXPC 00000001)
[STDERR  ] 2017-12-26T00:32:29.383520659Z: [    0.000000] Zone ranges:
[STDERR  ] 2017-12-26T00:32:29.383526287Z: [    0.000000]   DMA      [mem 0x0000000000001000-0x0000000000ffffff]
[STDERR  ] 2017-12-26T00:32:29.383531777Z: [    0.000000]   DMA32    [mem 0x0000000001000000-0x000000003ffdefff]
[STDERR  ] 2017-12-26T00:32:29.383540451Z: [    0.000000]   Normal   empty
[STDERR  ] 2017-12-26T00:32:29.383546284Z: [    0.000000] Movable zone start for each node
[STDERR  ] 2017-12-26T00:32:29.38355192Z: [    0.000000] Early memory node ranges
[STDERR  ] 2017-12-26T00:32:29.383557476Z: [    0.000000]   node   0: [mem 0x0000000000001000-0x000000000009efff]
[STDERR  ] 2017-12-26T00:32:29.383565176Z: [    0.000000]   node   0: [mem 0x0000000000100000-0x000000003ffdefff]
[STDERR  ] 2017-12-26T00:32:29.383570706Z: [    0.000000] Initmem setup node 0 [mem 0x0000000000001000-0x000000003ffdefff]
[STDERR  ] 2017-12-26T00:32:29.383576283Z: [    0.000000] ACPI: PM-Timer IO Port: 0x608
[STDERR  ] 2017-12-26T00:32:29.383582Z: [    0.000000] ACPI: LAPIC_NMI (acpi_id[0xff] dfl dfl lint[0x1])
[STDERR  ] 2017-12-26T00:32:29.383587656Z: [    0.000000] IOAPIC[0]: apic_id 0, version 32, address 0xfec00000, GSI 0-23
[STDERR  ] 2017-12-26T00:32:29.383593231Z: [    0.000000] ACPI: INT_SRC_OVR (bus 0 bus_irq 0 global_irq 2 dfl dfl)
[STDERR  ] 2017-12-26T00:32:29.383603804Z: [    0.000000] ACPI: INT_SRC_OVR (bus 0 bus_irq 5 global_irq 5 high level)
[STDERR  ] 2017-12-26T00:32:29.383609636Z: [    0.000000] ACPI: INT_SRC_OVR (bus 0 bus_irq 9 global_irq 9 high level)
[STDERR  ] 2017-12-26T00:32:29.383615174Z: [    0.000000] ACPI: INT_SRC_OVR (bus 0 bus_irq 10 global_irq 10 high level)
[STDERR  ] 2017-12-26T00:32:29.383620666Z: [    0.000000] ACPI: INT_SRC_OVR (bus 0 bus_irq 11 global_irq 11 high level)
[STDERR  ] 2017-12-26T00:32:29.38362615Z: [    0.000000] Using ACPI (MADT) for SMP configuration information
[STDERR  ] 2017-12-26T00:32:29.383631879Z: [    0.000000] ACPI: HPET id: 0x8086a201 base: 0xfed00000
[STDERR  ] 2017-12-26T00:32:29.383637419Z: [    0.000000] smpboot: Allowing 1 CPUs, 0 hotplug CPUs
[STDERR  ] 2017-12-26T00:32:29.383644763Z: [    0.000000] e820: [mem 0x40000000-0xafffffff] available for PCI devices
[STDERR  ] 2017-12-26T00:32:29.383650404Z: [    0.000000] Booting paravirtualized kernel on bare hardware
[STDERR  ] 2017-12-26T00:32:29.383656089Z: [    0.000000] clocksource: refined-jiffies: mask: 0xffffffff max_cycles: 0xffffffff, max_idle_ns: 19112604462750000 ns
[STDERR  ] 2017-12-26T00:32:29.383661806Z: [    0.000000] setup_percpu: NR_CPUS:128 nr_cpumask_bits:128 nr_cpu_ids:1 nr_node_ids:1
[STDERR  ] 2017-12-26T00:32:29.383667439Z: [    0.000000] percpu: Embedded 35 pages/cpu @ffff9534fdc00000 s105048 r8192 d30120 u2097152
[STDERR  ] 2017-12-26T00:32:29.383672983Z: [    0.000000] Built 1 zonelists in Zone order, mobility grouping on.  Total pages: 257896
[STDERR  ] 2017-12-26T00:32:29.383678604Z: [    0.000000] Kernel command line: console=ttyS0 console=ttyAMA0
[STDERR  ] 2017-12-26T00:32:29.383684161Z: [    0.000000] PID hash table entries: 4096 (order: 3, 32768 bytes)
[STDERR  ] 2017-12-26T00:32:29.383692081Z: [    0.000000] Dentry cache hash table entries: 131072 (order: 8, 1048576 bytes)
[STDERR  ] 2017-12-26T00:32:29.383697727Z: [    0.000000] Inode-cache hash table entries: 65536 (order: 7, 524288 bytes)
[STDERR  ] 2017-12-26T00:32:29.383705811Z: [    0.000000] Memory: 980780K/1048052K available (8048K kernel code, 1367K rwdata, 2700K rodata, 1380K init, 568K bss, 67272K reserved, 0K cma-reserved)
[STDERR  ] 2017-12-26T00:32:29.383712184Z: [    0.000000] Hierarchical RCU implementation.
[STDERR  ] 2017-12-26T00:32:29.383717914Z: [    0.000000] 	Build-time adjustment of leaf fanout to 64.
[STDERR  ] 2017-12-26T00:32:29.383723489Z: [    0.000000] 	RCU restricting CPUs from NR_CPUS=128 to nr_cpu_ids=1.
[STDERR  ] 2017-12-26T00:32:29.38372895Z: [    0.000000] RCU: Adjusting geometry for rcu_fanout_leaf=64, nr_cpu_ids=1
[STDERR  ] 2017-12-26T00:32:29.383734496Z: [    0.000000] NR_IRQS:8448 nr_irqs:256 16
[STDERR  ] 2017-12-26T00:32:29.383740134Z: [    0.000000] Console: colour VGA+ 80x25
[STDERR  ] 2017-12-26T00:32:29.383745763Z: [    0.000000] console [ttyS0] enabled
[STDERR  ] 2017-12-26T00:32:29.383751276Z: [    0.000000] clocksource: hpet: mask: 0xffffffff max_cycles: 0xffffffff, max_idle_ns: 19112604467 ns
[STDERR  ] 2017-12-26T00:32:29.383760194Z: [    0.000000] tsc: Fast TSC calibration using PIT
[STDERR  ] 2017-12-26T00:32:29.383766114Z: [    0.000000] tsc: Detected 2600.002 MHz processor
[STDERR  ] 2017-12-26T00:32:29.383771644Z: [    0.021598] Calibrating delay loop (skipped), value calculated using timer frequency.. 5200.00 BogoMIPS (lpj=26000020)
[STDERR  ] 2017-12-26T00:32:29.38377951Z: [    0.022643] pid_max: default: 32768 minimum: 301
[STDERR  ] 2017-12-26T00:32:29.383785086Z: [    0.023661] ACPI: Core revision 20160831
[STDERR  ] 2017-12-26T00:32:29.383793469Z: [    0.052480] ACPI: 1 ACPI AML tables successfully acquired and loaded
[STDERR  ] 2017-12-26T00:32:29.383799144Z: [    0.057151] Security Framework initialized
[STDERR  ] 2017-12-26T00:32:29.383804703Z: [    0.057591] Yama: becoming mindful.
[STDERR  ] 2017-12-26T00:32:29.383810124Z: [    0.059562] Mount-cache hash table entries: 2048 (order: 2, 16384 bytes)
[STDERR  ] 2017-12-26T00:32:29.3838176Z: [    0.060154] Mountpoint-cache hash table entries: 2048 (order: 2, 16384 bytes)
[STDERR  ] 2017-12-26T00:32:29.38382604Z: [    0.082325] Last level iTLB entries: 4KB 0, 2MB 0, 4MB 0
[STDERR  ] 2017-12-26T00:32:29.383831759Z: [    0.082685] Last level dTLB entries: 4KB 0, 2MB 0, 4MB 0, 1GB 0
[STDERR  ] 2017-12-26T00:32:29.383837357Z: [    0.428009] Freeing SMP alternatives memory: 20K
[STDERR  ] 2017-12-26T00:32:29.383842931Z: [    0.437118] ftrace: allocating 35540 entries in 139 pages
[STDERR  ] 2017-12-26T00:32:29.383848727Z: [    0.504512] smpboot: Max logical packages: 1
[STDERR  ] 2017-12-26T00:32:29.383854239Z: [    0.513194] ..TIMER: vector=0x30 apic1=0 pin1=2 apic2=-1 pin2=-1
[STDERR  ] 2017-12-26T00:32:29.38385976Z: [    0.620000] smpboot: CPU0: AMD QEMU Virtual CPU version 2.5+ (family: 0x6, model: 0x6, stepping: 0x3)
[STDERR  ] 2017-12-26T00:32:29.38386547Z: [    0.620000] Performance Events: PMU not available due to virtualization, using software events only.
[STDERR  ] 2017-12-26T00:32:29.383871104Z: [    0.627704] NMI watchdog: disabled (cpu0): hardware events not enabled
[STDERR  ] 2017-12-26T00:32:29.383876699Z: [    0.628229] NMI watchdog: Shutting down hard lockup detector on all cpus
[STDERR  ] 2017-12-26T00:32:29.383882156Z: [    0.631323] x86: Booted up 1 node, 1 CPUs
[STDERR  ] 2017-12-26T00:32:29.383887653Z: [    0.631609] smpboot: Total of 1 processors activated (5200.00 BogoMIPS)
[STDERR  ] 2017-12-26T00:32:29.383894821Z: [    0.648754] devtmpfs: initialized
[STDERR  ] 2017-12-26T00:32:29.383902879Z: [    0.653269] x86/mm: Memory block size: 128MB
[STDERR  ] 2017-12-26T00:32:29.383908353Z: [    0.682984] clocksource: jiffies: mask: 0xffffffff max_cycles: 0xffffffff, max_idle_ns: 19112604462750000 ns
[STDERR  ] 2017-12-26T00:32:29.383913857Z: [    0.683852] futex hash table entries: 256 (order: 2, 16384 bytes)
[STDERR  ] 2017-12-26T00:32:29.38391942Z: [    0.692616] NET: Registered protocol family 16
[STDERR  ] 2017-12-26T00:32:29.383924907Z: [    0.702954] cpuidle: using governor ladder
[STDERR  ] 2017-12-26T00:32:29.383930354Z: [    0.703418] cpuidle: using governor menu
[STDERR  ] 2017-12-26T00:32:29.383935894Z: [    0.704507] ACPI: bus type PCI registered
[STDERR  ] 2017-12-26T00:32:29.383941426Z: [    0.707613] PCI: MMCONFIG for domain 0000 [bus 00-ff] at [mem 0xb0000000-0xbfffffff] (base 0xb0000000)
[STDERR  ] 2017-12-26T00:32:29.383946951Z: [    0.708340] PCI: MMCONFIG at [mem 0xb0000000-0xbfffffff] reserved in E820
[STDERR  ] 2017-12-26T00:32:29.383952453Z: [    0.709198] PCI: Using configuration type 1 for base access
[STDERR  ] 2017-12-26T00:32:29.38395797Z: [    0.752248] HugeTLB registered 2 MB page size, pre-allocated 0 pages
[STDERR  ] 2017-12-26T00:32:29.383963613Z: [    0.764271] ACPI: Added _OSI(Module Device)
[STDERR  ] 2017-12-26T00:32:29.383969156Z: [    0.764552] ACPI: Added _OSI(Processor Device)
[STDERR  ] 2017-12-26T00:32:29.383975053Z: [    0.764813] ACPI: Added _OSI(3.0 _SCP Extensions)
[STDERR  ] 2017-12-26T00:32:29.383980663Z: [    0.764924] ACPI: Added _OSI(Processor Aggregator Device)
[STDERR  ] 2017-12-26T00:32:29.383992177Z: [    0.813898] ACPI: Interpreter enabled
[STDERR  ] 2017-12-26T00:32:29.383997893Z: [    0.814787] ACPI: (supports S0 S5)
[STDERR  ] 2017-12-26T00:32:29.384010193Z: [    0.815085] ACPI: Using IOAPIC for interrupt routing
[STDERR  ] 2017-12-26T00:32:29.384015934Z: [    0.817769] PCI: Using host bridge windows from ACPI; if necessary, use "pci=nocrs" and report a bug
[STDERR  ] 2017-12-26T00:32:29.38402172Z: [    0.864138] ACPI: PCI Root Bridge [PCI0] (domain 0000 [bus 00-ff])
[STDERR  ] 2017-12-26T00:32:29.384027213Z: [    0.865170] acpi PNP0A08:00: _OSC: OS supports [ExtendedConfig ASPM ClockPM Segments MSI]
[STDERR  ] 2017-12-26T00:32:29.384032746Z: [    0.871078] acpi PNP0A08:00: _OSC: OS now controls [PCIeHotplug PME PCIeCapability]
[STDERR  ] 2017-12-26T00:32:29.384038351Z: [    0.874577] PCI host bridge to bus 0000:00
[STDERR  ] 2017-12-26T00:32:29.384043961Z: [    0.874992] pci_bus 0000:00: root bus resource [io  0x0000-0x0cf7 window]
[STDERR  ] 2017-12-26T00:32:29.384049459Z: [    0.875390] pci_bus 0000:00: root bus resource [io  0x0d00-0xffff window]
[STDERR  ] 2017-12-26T00:32:29.384058247Z: [    0.875743] pci_bus 0000:00: root bus resource [mem 0x000a0000-0x000bffff window]
[STDERR  ] 2017-12-26T00:32:29.384063921Z: [    0.876123] pci_bus 0000:00: root bus resource [mem 0xc0000000-0xfebfffff window]
[STDERR  ] 2017-12-26T00:32:29.384069486Z: [    0.876703] pci_bus 0000:00: root bus resource [bus 00-ff]
[STDERR  ] 2017-12-26T00:32:29.384075043Z: [    1.011371] pci 0000:00:1f.0: quirk: [io  0x0600-0x067f] claimed by ICH6 ACPI/GPIO/TCO
[STDERR  ] 2017-12-26T00:32:29.384080653Z: [    1.088245] ACPI: PCI Interrupt Link [LNKA] (IRQs 5 *10 11)
[STDERR  ] 2017-12-26T00:32:29.384086284Z: [    1.091823] ACPI: PCI Interrupt Link [LNKB] (IRQs 5 *10 11)
[STDERR  ] 2017-12-26T00:32:29.384091931Z: [    1.093762] ACPI: PCI Interrupt Link [LNKC] (IRQs 5 10 *11)
[STDERR  ] 2017-12-26T00:32:29.384097453Z: [    1.095229] ACPI: PCI Interrupt Link [LNKD] (IRQs 5 10 *11)
[STDERR  ] 2017-12-26T00:32:29.384103056Z: [    1.096669] ACPI: PCI Interrupt Link [LNKE] (IRQs 5 *10 11)
[STDERR  ] 2017-12-26T00:32:29.384108651Z: [    1.098370] ACPI: PCI Interrupt Link [LNKF] (IRQs 5 *10 11)
[STDERR  ] 2017-12-26T00:32:29.384116669Z: [    1.099671] ACPI: PCI Interrupt Link [LNKG] (IRQs 5 10 *11)
[STDERR  ] 2017-12-26T00:32:29.38412222Z: [    1.101221] ACPI: PCI Interrupt Link [LNKH] (IRQs 5 10 *11)
[STDERR  ] 2017-12-26T00:32:29.38412791Z: [    1.102149] ACPI: PCI Interrupt Link [GSIA] (IRQs *16)
[STDERR  ] 2017-12-26T00:32:29.384133537Z: [    1.102748] ACPI: PCI Interrupt Link [GSIB] (IRQs *17)
[STDERR  ] 2017-12-26T00:32:29.384139139Z: [    1.103336] ACPI: PCI Interrupt Link [GSIC] (IRQs *18)
[STDERR  ] 2017-12-26T00:32:29.384144607Z: [    1.103903] ACPI: PCI Interrupt Link [GSID] (IRQs *19)
[STDERR  ] 2017-12-26T00:32:29.384150111Z: [    1.104327] ACPI: PCI Interrupt Link [GSIE] (IRQs *20)
[STDERR  ] 2017-12-26T00:32:29.384155591Z: [    1.104729] ACPI: PCI Interrupt Link [GSIF] (IRQs *21)
[STDERR  ] 2017-12-26T00:32:29.384161126Z: [    1.105129] ACPI: PCI Interrupt Link [GSIG] (IRQs *22)
[STDERR  ] 2017-12-26T00:32:29.384166704Z: [    1.105556] ACPI: PCI Interrupt Link [GSIH] (IRQs *23)
[STDERR  ] 2017-12-26T00:32:29.384172346Z: [    1.108714] ACPI: Enabled 1 GPEs in block 00 to 3F
[STDERR  ] 2017-12-26T00:32:29.3841779Z: [    1.112833] SCSI subsystem initialized
[STDERR  ] 2017-12-26T00:32:29.384183724Z: [    1.114678] ACPI: bus type USB registered
[STDERR  ] 2017-12-26T00:32:29.384189217Z: [    1.115745] usbcore: registered new interface driver usbfs
[STDERR  ] 2017-12-26T00:32:29.384194687Z: [    1.116480] usbcore: registered new interface driver hub
[STDERR  ] 2017-12-26T00:32:29.384200141Z: [    1.117315] usbcore: registered new device driver usb
[STDERR  ] 2017-12-26T00:32:29.384205629Z: [    1.118528] pps_core: LinuxPPS API ver. 1 registered
[STDERR  ] 2017-12-26T00:32:29.38421106Z: [    1.118803] pps_core: Software ver. 5.3.6 - Copyright 2005-2007 Rodolfo Giometti <giometti@linux.it>
[STDERR  ] 2017-12-26T00:32:29.384220366Z: [    1.119462] PTP clock support registered
[STDERR  ] 2017-12-26T00:32:29.384229217Z: [    1.120761] wmi: Mapper loaded
[STDERR  ] 2017-12-26T00:32:29.384234971Z: [    1.122092] PCI: Using ACPI for IRQ routing
[STDERR  ] 2017-12-26T00:32:29.384242284Z: [    1.135433] NetLabel: Initializing
[STDERR  ] 2017-12-26T00:32:29.384248233Z: [    1.135631] NetLabel:  domain hash size = 128
[STDERR  ] 2017-12-26T00:32:29.384264471Z: [    1.135917] NetLabel:  protocols = UNLABELED CIPSOv4
[STDERR  ] 2017-12-26T00:32:29.384274209Z: [    1.137658] NetLabel:  unlabeled traffic allowed by default
[STDERR  ] 2017-12-26T00:32:29.384283297Z: [    1.138531] HPET: 3 timers in total, 0 timers will be used for per-cpu timer
[STDERR  ] 2017-12-26T00:32:29.384296397Z: [    1.139102] hpet0: at MMIO 0xfed00000, IRQs 2, 8, 0
[STDERR  ] 2017-12-26T00:32:29.384309503Z: [    1.139532] hpet0: 3 comparators, 64-bit 100.000000 MHz counter
[STDERR  ] 2017-12-26T00:32:29.384319503Z: [    1.145920] clocksource: Switched to clocksource hpet
[STDERR  ] 2017-12-26T00:32:29.384372756Z: [    1.366090] VFS: Disk quotas dquot_6.6.0
[STDERR  ] 2017-12-26T00:32:29.384389493Z: [    1.366695] VFS: Dquot-cache hash table entries: 512 (order 0, 4096 bytes)
[STDERR  ] 2017-12-26T00:32:29.384398757Z: [    1.370735] FS-Cache: Loaded
[STDERR  ] 2017-12-26T00:32:29.384407801Z: [    1.377375] CacheFiles: Loaded
[STDERR  ] 2017-12-26T00:32:29.384416783Z: [    1.379328] pnp: PnP ACPI init
[STDERR  ] 2017-12-26T00:32:29.384425224Z: [    1.388597] pnp: PnP ACPI: found 5 devices
[STDERR  ] 2017-12-26T00:32:29.384433907Z: [    1.432236] clocksource: acpi_pm: mask: 0xffffff max_cycles: 0xffffff, max_idle_ns: 2085701024 ns
[STDERR  ] 2017-12-26T00:32:29.384459513Z: [    1.436211] NET: Registered protocol family 2
[STDERR  ] 2017-12-26T00:32:29.384469226Z: [    1.444279] TCP established hash table entries: 8192 (order: 4, 65536 bytes)
[STDERR  ] 2017-12-26T00:32:29.384477851Z: [    1.445321] TCP bind hash table entries: 8192 (order: 5, 131072 bytes)
[STDERR  ] 2017-12-26T00:32:29.384486213Z: [    1.446170] TCP: Hash tables configured (established 8192 bind 8192)
[STDERR  ] 2017-12-26T00:32:29.384495676Z: [    1.448428] UDP hash table entries: 512 (order: 2, 16384 bytes)
[STDERR  ] 2017-12-26T00:32:29.384504704Z: [    1.449066] UDP-Lite hash table entries: 512 (order: 2, 16384 bytes)
[STDERR  ] 2017-12-26T00:32:29.384517824Z: [    1.451723] NET: Registered protocol family 1
[STDERR  ] 2017-12-26T00:32:29.38454351Z: [    1.452862] pci 0000:00:01.0: Video device with shadowed ROM at [mem 0x000c0000-0x000dffff]
[STDERR  ] 2017-12-26T00:32:29.38455636Z: [    1.462696] Unpacking initramfs...
[STDERR  ] 2017-12-26T00:32:29.384565685Z: [    7.283937] Freeing initrd memory: 33392K
[STDERR  ] 2017-12-26T00:32:29.38457882Z: [    7.307205] PCLMULQDQ-NI instructions are not detected.
[STDERR  ] 2017-12-26T00:32:29.384588352Z: [    7.308652] AVX or AES-NI instructions are not detected.
[STDERR  ] 2017-12-26T00:32:29.384597738Z: [    7.309053] CPU feature 'AVX registers' is not supported.
[STDERR  ] 2017-12-26T00:32:29.384622738Z: [    7.309455] CPU feature 'AVX registers' is not supported.
[STDERR  ] 2017-12-26T00:32:29.384632005Z: [    7.309830] CPU feature 'AVX registers' is not supported.
[STDERR  ] 2017-12-26T00:32:29.384641126Z: [    7.310668] CPU feature 'AVX registers' is not supported.
[STDERR  ] 2017-12-26T00:32:29.384650093Z: [    7.311003] AVX2 or AES-NI instructions are not detected.
[STDERR  ] 2017-12-26T00:32:29.384659279Z: [    7.311313] AVX2 instructions are not detected.
[STDERR  ] 2017-12-26T00:32:29.384667946Z: [    7.318815] audit: initializing netlink subsys (disabled)
[STDERR  ] 2017-12-26T00:32:29.384676616Z: [    7.322325] audit: type=2000 audit(1514248314.320:1): initialized
[STDERR  ] 2017-12-26T00:32:29.384702066Z: [    7.330660] workingset: timestamp_bits=46 max_order=18 bucket_order=0
[STDERR  ] 2017-12-26T00:32:29.384712079Z: [    7.334343] squashfs: version 4.0 (2009/01/31) Phillip Lougher
[STDERR  ] 2017-12-26T00:32:29.384721956Z: [    7.336777] FS-Cache: Netfs 'cifs' registered for caching
[STDERR  ] 2017-12-26T00:32:29.384739859Z: [    7.337789] fuse init (API version 7.26)
[STDERR  ] 2017-12-26T00:32:29.384755423Z: [    7.343568] SGI XFS with ACLs, security attributes, no debug enabled
[STDERR  ] 2017-12-26T00:32:29.384785345Z: [    7.347244] 9p: Installing v9fs 9p2000 file system support
[STDERR  ] 2017-12-26T00:32:29.384795663Z: [    7.347783] FS-Cache: Netfs '9p' registered for caching
[STDERR  ] 2017-12-26T00:32:29.384804969Z: [    7.379663] NET: Registered protocol family 38
[STDERR  ] 2017-12-26T00:32:29.38481461Z: [    7.380655] Key type asymmetric registered
[STDERR  ] 2017-12-26T00:32:29.384824198Z: [    7.381040] Asymmetric key parser 'x509' registered
[STDERR  ] 2017-12-26T00:32:29.384833096Z: [    7.382004] Block layer SCSI generic (bsg) driver version 0.4 loaded (major 251)
[STDERR  ] 2017-12-26T00:32:29.384856403Z: [    7.383767] io scheduler noop registered
[STDERR  ] 2017-12-26T00:32:29.384868092Z: [    7.384112] io scheduler deadline registered (default)
[STDERR  ] 2017-12-26T00:32:29.384887246Z: [    7.385134] io scheduler cfq registered
[STDERR  ] 2017-12-26T00:32:29.384898343Z: [    7.387590] pci_hotplug: PCI Hot Plug PCI Core version: 0.5
[STDERR  ] 2017-12-26T00:32:29.384912715Z: [    7.388251] pciehp: PCI Express Hot Plug Controller Driver version: 0.4
[STDERR  ] 2017-12-26T00:32:29.384921802Z: [    7.389025] shpchp: Standard Hot Plug PCI Controller Driver version: 0.4
[STDERR  ] 2017-12-26T00:32:29.384944859Z: [    7.389770] hv_vmbus: registering driver hyperv_fb
[STDERR  ] 2017-12-26T00:32:29.384954018Z: [    7.395136] input: Power Button as /devices/LNXSYSTM:00/LNXPWRBN:00/input/input0
[STDERR  ] 2017-12-26T00:32:29.384963119Z: [    7.396297] ACPI: Power Button [PWRF]
[STDERR  ] 2017-12-26T00:32:29.384972529Z: [    7.402050] GHES: HEST is not enabled!
[STDERR  ] 2017-12-26T00:32:29.384982008Z: [    7.408706] ACPI: PCI Interrupt Link [GSIG] enabled at IRQ 22
[STDERR  ] 2017-12-26T00:32:29.384991295Z: [    7.419519] ACPI: PCI Interrupt Link [GSIH] enabled at IRQ 23
[STDERR  ] 2017-12-26T00:32:29.385000608Z: [    7.424728] xenfs: not registering filesystem on non-xen platform
[STDERR  ] 2017-12-26T00:32:29.385023448Z: [    7.426912] Serial: 8250/16550 driver, 4 ports, IRQ sharing disabled
[STDERR  ] 2017-12-26T00:32:29.385032523Z: [    7.450746] 00:04: ttyS0 at I/O 0x3f8 (irq = 4, base_baud = 115200) is a 16550A
[STDERR  ] 2017-12-26T00:32:29.385041765Z: [    7.462308] Non-volatile memory driver v1.3
[STDERR  ] 2017-12-26T00:32:29.385051018Z: [    7.468448] Hangcheck: starting hangcheck timer 0.9.1 (tick is 180 seconds, margin is 60 seconds).
[STDERR  ] 2017-12-26T00:32:29.3850607Z: [    7.473589] random: fast init done
[STDERR  ] 2017-12-26T00:32:29.385070075Z: [    7.475190] random: crng init done
[STDERR  ] 2017-12-26T00:32:29.385079726Z: [    7.505519] loop: module loaded
[STDERR  ] 2017-12-26T00:32:29.385102869Z: [    7.520335] nbd: registered device at major 43
[STDERR  ] 2017-12-26T00:32:29.385112429Z: [    7.555118] lpc_ich 0000:00:1f.0: I/O space for GPIO uninitialized
[STDERR  ] 2017-12-26T00:32:29.385121752Z: [    7.557349] VMware PVSCSI driver - version 1.0.7.0-k
[STDERR  ] 2017-12-26T00:32:29.385130472Z: [    7.558199] hv_vmbus: registering driver hv_storvsc
[STDERR  ] 2017-12-26T00:32:29.385139222Z: [    7.566040] ACPI: PCI Interrupt Link [GSIA] enabled at IRQ 16
[STDERR  ] 2017-12-26T00:32:29.38514834Z: [    7.572606] ahci 0000:00:1f.2: AHCI 0001.0000 32 slots 6 ports 1.5 Gbps 0x3f impl SATA mode
[STDERR  ] 2017-12-26T00:32:29.385157702Z: [    7.573325] ahci 0000:00:1f.2: flags: 64bit ncq only 
[STDERR  ] 2017-12-26T00:32:29.385181076Z: [    7.590715] scsi host0: ahci
[STDERR  ] 2017-12-26T00:32:29.385190452Z: [    7.593971] scsi host1: ahci
[STDERR  ] 2017-12-26T00:32:29.385203729Z: [    7.595797] scsi host2: ahci
[STDERR  ] 2017-12-26T00:32:29.385212482Z: [    7.597692] scsi host3: ahci
[STDERR  ] 2017-12-26T00:32:29.385221582Z: [    7.599514] scsi host4: ahci
[STDERR  ] 2017-12-26T00:32:29.385230436Z: [    7.601709] scsi host5: ahci
[STDERR  ] 2017-12-26T00:32:29.385269629Z: [    7.603255] ata1: SATA max UDMA/133 abar m4096@0xfebd2000 port 0xfebd2100 irq 24
[STDERR  ] 2017-12-26T00:32:29.385282085Z: [    7.603673] ata2: SATA max UDMA/133 abar m4096@0xfebd2000 port 0xfebd2180 irq 24
[STDERR  ] 2017-12-26T00:32:29.385290918Z: [    7.604050] ata3: SATA max UDMA/133 abar m4096@0xfebd2000 port 0xfebd2200 irq 24
[STDERR  ] 2017-12-26T00:32:29.385299898Z: [    7.604412] ata4: SATA max UDMA/133 abar m4096@0xfebd2000 port 0xfebd2280 irq 24
[STDERR  ] 2017-12-26T00:32:29.385317188Z: [    7.604810] ata5: SATA max UDMA/133 abar m4096@0xfebd2000 port 0xfebd2300 irq 24
[STDERR  ] 2017-12-26T00:32:29.385327673Z: [    7.605173] ata6: SATA max UDMA/133 abar m4096@0xfebd2000 port 0xfebd2380 irq 24
[STDERR  ] 2017-12-26T00:32:29.385353442Z: [    7.617115] tun: Universal TUN/TAP device driver, 1.6
[STDERR  ] 2017-12-26T00:32:29.38536243Z: [    7.617475] tun: (C) 1999-2004 Max Krasnyansky <maxk@qualcomm.com>
[STDERR  ] 2017-12-26T00:32:29.385374842Z: [    7.629121] VMware vmxnet3 virtual NIC driver - version 1.4.a.0-k-NAPI
[STDERR  ] 2017-12-26T00:32:29.385392522Z: [    7.630582] hv_vmbus: registering driver hv_netvsc
[STDERR  ] 2017-12-26T00:32:29.385401979Z: [    7.630855] Fusion MPT base driver 3.04.20
[STDERR  ] 2017-12-26T00:32:29.385428199Z: [    7.631140] Copyright (c) 1999-2008 LSI Corporation
[STDERR  ] 2017-12-26T00:32:29.385439223Z: [    7.631706] Fusion MPT SPI Host driver 3.04.20
[STDERR  ] 2017-12-26T00:32:29.38545224Z: [    7.633569] i8042: PNP: PS/2 Controller [PNP0303:KBD,PNP0f13:MOU] at 0x60,0x64 irq 1,12
[STDERR  ] 2017-12-26T00:32:29.385462079Z: [    7.637349] serio: i8042 KBD port at 0x60,0x64 irq 1
[STDERR  ] 2017-12-26T00:32:29.385471243Z: [    7.638041] serio: i8042 AUX port at 0x60,0x64 irq 12
[STDERR  ] 2017-12-26T00:32:29.385480403Z: [    7.641053] hv_vmbus: registering driver hyperv_keyboard
[STDERR  ] 2017-12-26T00:32:29.385490262Z: [    7.643142] mousedev: PS/2 mouse device common for all mice
[STDERR  ] 2017-12-26T00:32:29.385515316Z: [    7.647449] input: AT Translated Set 2 keyboard as /devices/platform/i8042/serio0/input/input1
[STDERR  ] 2017-12-26T00:32:29.385525682Z: [    7.651316] input: PC Speaker as /devices/platform/pcspkr/input/input2
[STDERR  ] 2017-12-26T00:32:29.385535412Z: [    7.654176] rtc_cmos 00:00: RTC can wake from S4
[STDERR  ] 2017-12-26T00:32:29.385545208Z: [    7.657423] rtc_cmos 00:00: rtc core: registered rtc_cmos as rtc0
[STDERR  ] 2017-12-26T00:32:29.385558363Z: [    7.658510] rtc_cmos 00:00: alarms up to one day, y3k, 114 bytes nvram, hpet irqs
[STDERR  ] 2017-12-26T00:32:29.385567303Z: [    7.659220] i2c /dev entries driver
[STDERR  ] 2017-12-26T00:32:29.385589498Z: [    7.661475] device-mapper: ioctl: 4.35.0-ioctl (2016-06-23) initialised: dm-devel@redhat.com
[STDERR  ] 2017-12-26T00:32:29.385601992Z: [    7.665705] usbcore: registered new interface driver usbhid
[STDERR  ] 2017-12-26T00:32:29.385611384Z: [    7.666066] usbhid: USB HID core driver
[STDERR  ] 2017-12-26T00:32:29.385619411Z: [    7.666646] hv_utils: Registering HyperV Utility Driver
[STDERR  ] 2017-12-26T00:32:29.385627619Z: [    7.666907] hv_vmbus: registering driver hv_util
[STDERR  ] 2017-12-26T00:32:29.385636229Z: [    7.667156] hv_vmbus: registering driver hv_balloon
[STDERR  ] 2017-12-26T00:32:29.385645339Z: [    7.667672] oprofile: using NMI interrupt.
[STDERR  ] 2017-12-26T00:32:29.385654688Z: [    7.668869] GACT probability on
[STDERR  ] 2017-12-26T00:32:29.385679184Z: [    7.669391] Mirror/redirect action on
[STDERR  ] 2017-12-26T00:32:29.385688372Z: [    7.670697] Simple TC action Loaded
[STDERR  ] 2017-12-26T00:32:29.385697489Z: [    7.671331] u32 classifier
[STDERR  ] 2017-12-26T00:32:29.385707505Z: [    7.671489]     Performance counters on
[STDERR  ] 2017-12-26T00:32:29.385717005Z: [    7.671749]     input device check on
[STDERR  ] 2017-12-26T00:32:29.385726311Z: [    7.671959]     Actions configured
[STDERR  ] 2017-12-26T00:32:29.385747854Z: [    7.672566] Netfilter messages via NETLINK v0.30.
[STDERR  ] 2017-12-26T00:32:29.385768524Z: [    7.673163] nfnl_acct: registering with nfnetlink.
[STDERR  ] 2017-12-26T00:32:29.385778199Z: [    7.675275] nf_conntrack version 0.5.0 (8192 buckets, 32768 max)
[STDERR  ] 2017-12-26T00:32:29.385787575Z: [    7.678163] ctnetlink v0.93: registering with nfnetlink.
[STDERR  ] 2017-12-26T00:32:29.385796638Z: [    7.682984] nf_tables: (c) 2007-2009 Patrick McHardy <kaber@trash.net>
[STDERR  ] 2017-12-26T00:32:29.385806162Z: [    7.683880] nf_tables_compat: (c) 2012 Pablo Neira Ayuso <pablo@netfilter.org>
[STDERR  ] 2017-12-26T00:32:29.385828547Z: [    7.686676] xt_time: kernel timezone is -0000
[STDERR  ] 2017-12-26T00:32:29.385842612Z: [    7.687205] ip_set: protocol 6
[STDERR  ] 2017-12-26T00:32:29.385852648Z: [    7.687846] IPVS: Registered protocols (TCP, UDP, SCTP, AH, ESP)
[STDERR  ] 2017-12-26T00:32:29.385861982Z: [    7.688402] IPVS: Connection hash table configured (size=4096, memory=64Kbytes)
[STDERR  ] 2017-12-26T00:32:29.385871659Z: [    7.690505] IPVS: Creating netns size=2104 id=0
[STDERR  ] 2017-12-26T00:32:29.385887291Z: [    7.693234] IPVS: ipvs loaded.
[STDERR  ] 2017-12-26T00:32:29.385912208Z: [    7.693653] IPVS: [rr] scheduler registered.
[STDERR  ] 2017-12-26T00:32:29.385924048Z: [    7.693982] IPVS: [wrr] scheduler registered.
[STDERR  ] 2017-12-26T00:32:29.385933617Z: [    7.694230] IPVS: [lc] scheduler registered.
[STDERR  ] 2017-12-26T00:32:29.385943524Z: [    7.694461] IPVS: [wlc] scheduler registered.
[STDERR  ] 2017-12-26T00:32:29.385953314Z: [    7.694659] IPVS: [fo] scheduler registered.
[STDERR  ] 2017-12-26T00:32:29.385967521Z: [    7.694887] IPVS: [ovf] scheduler registered.
[STDERR  ] 2017-12-26T00:32:29.385991207Z: [    7.695330] IPVS: [lblc] scheduler registered.
[STDERR  ] 2017-12-26T00:32:29.386003818Z: [    7.695709] IPVS: [lblcr] scheduler registered.
[STDERR  ] 2017-12-26T00:32:29.386013514Z: [    7.695971] IPVS: [dh] scheduler registered.
[STDERR  ] 2017-12-26T00:32:29.386022659Z: [    7.696265] IPVS: [sh] scheduler registered.
[STDERR  ] 2017-12-26T00:32:29.386031912Z: [    7.696472] IPVS: [sed] scheduler registered.
[STDERR  ] 2017-12-26T00:32:29.386041262Z: [    7.696750] IPVS: [nq] scheduler registered.
[STDERR  ] 2017-12-26T00:32:29.386050764Z: [    7.697458] IPVS: ftp: loaded support on port[0] = 21
[STDERR  ] 2017-12-26T00:32:29.386073328Z: [    7.698233] ipip: IPv4 and MPLS over IPv4 tunneling driver
[STDERR  ] 2017-12-26T00:32:29.386084867Z: [    7.702328] gre: GRE over IPv4 demultiplexor driver
[STDERR  ] 2017-12-26T00:32:29.386094087Z: [    7.705040] ip_tables: (C) 2000-2006 Netfilter Core Team
[STDERR  ] 2017-12-26T00:32:29.386103272Z: [    7.708160] ipt_CLUSTERIP: ClusterIP Version 0.8 loaded successfully
[STDERR  ] 2017-12-26T00:32:29.386112691Z: [    7.708941] arp_tables: arp_tables: (C) 2002 David S. Miller
[STDERR  ] 2017-12-26T00:32:29.386122069Z: [    7.711704] NET: Registered protocol family 10
[STDERR  ] 2017-12-26T00:32:29.386131515Z: [    7.721441] ip6_tables: (C) 2000-2006 Netfilter Core Team
[STDERR  ] 2017-12-26T00:32:29.386154445Z: [    7.729001] NET: Registered protocol family 17
[STDERR  ] 2017-12-26T00:32:29.386165408Z: [    7.730415] Bridge firewalling registered
[STDERR  ] 2017-12-26T00:32:29.386178835Z: [    7.731096] Ebtables v2.0 registered
[STDERR  ] 2017-12-26T00:32:29.386188361Z: [    7.732939] 8021q: 802.1Q VLAN Support v1.8
[STDERR  ] 2017-12-26T00:32:29.386197988Z: [    7.734379] 9pnet: Installing 9P2000 support
[STDERR  ] 2017-12-26T00:32:29.386207491Z: [    7.735813] Key type dns_resolver registered
[STDERR  ] 2017-12-26T00:32:29.386216708Z: [    7.736877] microcode: AMD CPU family 0x6 not supported
[STDERR  ] 2017-12-26T00:32:29.386240157Z: [    7.740670] registered taskstats version 1
[STDERR  ] 2017-12-26T00:32:29.386248238Z: [    7.905385] Key type big_key registered
[STDERR  ] 2017-12-26T00:32:29.386264994Z: [    7.945678] ata5: SATA link down (SStatus 0 SControl 300)
[STDERR  ] 2017-12-26T00:32:29.386274454Z: [    7.948484] ata4: SATA link down (SStatus 0 SControl 300)
[STDERR  ] 2017-12-26T00:32:29.386283212Z: [    7.949401] ata3: SATA link up 1.5 Gbps (SStatus 113 SControl 300)
[STDERR  ] 2017-12-26T00:32:29.386313271Z: [    7.952221] ata2: SATA link down (SStatus 0 SControl 300)
[STDERR  ] 2017-12-26T00:32:29.386323921Z: [    7.953031] ata1: SATA link up 1.5 Gbps (SStatus 113 SControl 300)
[STDERR  ] 2017-12-26T00:32:29.386332964Z: [    7.954944] ata1.00: ATA-7: QEMU HARDDISK, 2.5+, max UDMA/100
[STDERR  ] 2017-12-26T00:32:29.386351885Z: [    7.955330] ata1.00: 1048576 sectors, multi 16: LBA48 NCQ (depth 31/32)
[STDERR  ] 2017-12-26T00:32:29.386361174Z: [    7.955914] ata1.00: applying bridge limits
[STDERR  ] 2017-12-26T00:32:29.386370227Z: [    7.957598] ata1.00: configured for UDMA/100
[STDERR  ] 2017-12-26T00:32:29.386390201Z: [    7.960009] ata3.00: ATAPI: QEMU DVD-ROM, 2.5+, max UDMA/100
[STDERR  ] 2017-12-26T00:32:29.386400224Z: [    7.960771] ata3.00: applying bridge limits
[STDERR  ] 2017-12-26T00:32:29.386409461Z: [    7.961533] ata3.00: configured for UDMA/100
[STDERR  ] 2017-12-26T00:32:29.386417697Z: [    7.965230] ata6: SATA link down (SStatus 0 SControl 300)
[STDERR  ] 2017-12-26T00:32:29.386432222Z: [    7.982276] scsi 0:0:0:0: Direct-Access     ATA      QEMU HARDDISK    2.5+ PQ: 0 ANSI: 5
[STDERR  ] 2017-12-26T00:32:29.386441441Z: [    7.995131] sd 0:0:0:0: [sda] 1048576 512-byte logical blocks: (537 MB/512 MiB)
[STDERR  ] 2017-12-26T00:32:29.386450454Z: [    7.999418] sd 0:0:0:0: [sda] Write Protect is off
[STDERR  ] 2017-12-26T00:32:29.386470339Z: [    8.000680] sd 0:0:0:0: Attached scsi generic sg0 type 0
[STDERR  ] 2017-12-26T00:32:29.386479855Z: [    8.002406] sd 0:0:0:0: [sda] Write cache: enabled, read cache: enabled, doesn't support DPO or FUA
[STDERR  ] 2017-12-26T00:32:29.386492891Z: [    8.015357] scsi 2:0:0:0: CD-ROM            QEMU     QEMU DVD-ROM     2.5+ PQ: 0 ANSI: 5
[STDERR  ] 2017-12-26T00:32:29.386504875Z: [    8.032960] sr 2:0:0:0: [sr0] scsi3-mmc drive: 4x/4x cd/rw xa/form2 tray
[STDERR  ] 2017-12-26T00:32:29.386514071Z: [    8.033663] cdrom: Uniform CD-ROM driver Revision: 3.20
[STDERR  ] 2017-12-26T00:32:29.386522928Z: [    8.044196] sr 2:0:0:0: Attached scsi generic sg1 type 5
[STDERR  ] 2017-12-26T00:32:29.386531651Z: [    8.062864] sd 0:0:0:0: [sda] Attached SCSI disk
[STDERR  ] 2017-12-26T00:32:29.386556038Z: [    8.107633] Key type encrypted registered
[STDERR  ] 2017-12-26T00:32:29.386565068Z: [    8.113530] rtc_cmos 00:00: setting system clock to 2017-12-26 00:31:55 UTC (1514248315)
[STDERR  ] 2017-12-26T00:32:29.386574011Z: [    8.248422] Freeing unused kernel memory: 1380K
[STDERR  ] 2017-12-26T00:32:29.386582797Z: [    8.248775] Write protecting the kernel read-only data: 12288k
[STDERR  ] 2017-12-26T00:32:29.386591615Z: [    8.254517] Freeing unused kernel memory: 128K
[STDERR  ] 2017-12-26T00:32:29.386600235Z: [    8.317953] Freeing unused kernel memory: 1396K
[STDERR  ] 2017-12-26T00:32:29.386608612Z: [    8.320800] tsc: Refined TSC clocksource calibration: 2600.005 MHz
[STDERR  ] 2017-12-26T00:32:29.386628755Z: [    8.321415] clocksource: tsc: mask: 0xffffffffffffffff max_cycles: 0x257a40ff313, max_idle_ns: 440795330741 ns
[STDERR  ] 2017-12-26T00:32:29.386638138Z: [    9.340999] clocksource: Switched to clocksource tsc
[STDERR  ] 2017-12-26T00:32:29.386646834Z: 
[STDERR  ] 2017-12-26T00:32:29.386655781Z: Welcome to LinuxKit
[STDERR  ] 2017-12-26T00:32:29.386664638Z: 
[STDERR  ] 2017-12-26T00:32:29.386673478Z:                         ##         .
[STDERR  ] 2017-12-26T00:32:29.386682358Z:                   ## ## ##        ==
[STDERR  ] 2017-12-26T00:32:29.386706757Z:                ## ## ## ## ##    ===
[STDERR  ] 2017-12-26T00:32:29.386715766Z:            /"""""""""""""""""\___/ ===
[STDERR  ] 2017-12-26T00:32:29.38672489Z:           {                       /  ===-
[STDERR  ] 2017-12-26T00:32:29.386733676Z:            \______ O           __/
[STDERR  ] 2017-12-26T00:32:29.386742717Z:              \    \         __/
[STDERR  ] 2017-12-26T00:32:29.38675161Z:               \____\_______/
[STDERR  ] 2017-12-26T00:32:29.386760836Z: 
[STDERR  ] 2017-12-26T00:32:29.386780901Z: [   20.420433] raid6: sse2x1   gen()   444 MB/s
[STDERR  ] 2017-12-26T00:32:29.386796277Z: [   20.590394] raid6: sse2x1   xor()   227 MB/s
[STDERR  ] 2017-12-26T00:32:29.386805408Z: [   20.760332] raid6: sse2x2   gen()   411 MB/s
[STDERR  ] 2017-12-26T00:32:29.38681428Z: [   20.930390] raid6: sse2x2   xor()   272 MB/s
[STDERR  ] 2017-12-26T00:32:29.386823507Z: [   21.100414] raid6: sse2x4   gen()   497 MB/s
[STDERR  ] 2017-12-26T00:32:29.38683257Z: [   21.270380] raid6: sse2x4   xor()   294 MB/s
[STDERR  ] 2017-12-26T00:32:29.386841287Z: [   21.270723] raid6: using algorithm sse2x4 gen() 497 MB/s
[STDERR  ] 2017-12-26T00:32:29.386861783Z: [   21.271112] raid6: .... xor() 294 MB/s, rmw enabled
[STDERR  ] 2017-12-26T00:32:29.386871464Z: [   21.271555] raid6: using intx1 recovery algorithm
[STDERR  ] 2017-12-26T00:32:29.386880736Z: [   21.292296] xor: measuring software checksum speed
[STDERR  ] 2017-12-26T00:32:29.386889498Z: [   21.390809]    prefetch64-sse:   731.600 MB/sec
[STDERR  ] 2017-12-26T00:32:29.386899048Z: [   21.490314]    generic_sse:   735.600 MB/sec
[STDERR  ] 2017-12-26T00:32:29.386912543Z: [   21.490650] xor: using function: generic_sse (735.600 MB/sec)
[STDERR  ] 2017-12-26T00:32:29.386922086Z: [   21.622866] Btrfs loaded, crc32c=crc32c-generic
[STDERR  ] 2017-12-26T00:32:29.386946458Z: [   22.083444] IPVS: Creating netns size=2104 id=1
[STDERR  ] 2017-12-26T00:32:29.386955811Z: [   22.083907] IPVS: ftp: loaded support on port[0] = 21
[STDERR  ] 2017-12-26T00:32:29.386964794Z: 2017/12/26 00:32:09 Creating partition on /dev/sda
[STDERR  ] 2017-12-26T00:32:29.386973784Z: [   23.316370]  sda:
[STDERR  ] 2017-12-26T00:32:29.386982826Z: [   23.387749]  sda:
[STDERR  ] 2017-12-26T00:32:29.386991847Z: [   23.449243]  sda: sda1
[STDERR  ] 2017-12-26T00:32:29.387000946Z: [   23.522097]  sda: sda1
[STDERR  ] 2017-12-26T00:32:29.387021298Z: [   25.185016] BTRFS: device fsid e7d8a554-ee68-411e-81a8-ec6d6ca86b64 devid 1 transid 5 /dev/sda1
[STDERR  ] 2017-12-26T00:32:29.387030364Z: 2017/12/26 00:32:11 Partition /dev/sda1 successfully created!
[STDERR  ] 2017-12-26T00:32:29.387039231Z: [   25.785486] IPVS: Creating netns size=2104 id=2
[STDERR  ] 2017-12-26T00:32:29.387048497Z: [   25.785827] IPVS: ftp: loaded support on port[0] = 21
[STDERR  ] 2017-12-26T00:32:29.387057546Z: [   26.924623] FAT-fs (sda1): utf8 is not a recommended IO charset for FAT filesystems, filesystem will be case sensitive!
[STDERR  ] 2017-12-26T00:32:29.387067667Z: [   26.930670] FAT-fs (sda1): utf8 is not a recommended IO charset for FAT filesystems, filesystem will be case sensitive!
[STDERR  ] 2017-12-26T00:32:29.387077396Z: [   26.935821] mount: sending ioctl 5310 to a partition!
[STDERR  ] 2017-12-26T00:32:29.387097581Z: [   26.971482] mount: sending ioctl 5310 to a partition!
[STDERR  ] 2017-12-26T00:32:29.387106573Z: [   26.973490] UDF-fs: warning (device sda1): udf_fill_super: No partition found (2)
[STDERR  ] 2017-12-26T00:32:29.387115927Z: [   27.001878] BTRFS info (device sda1): disk space caching is enabled
[STDERR  ] 2017-12-26T00:32:29.387124801Z: [   27.002359] BTRFS info (device sda1): has skinny extents
[STDERR  ] 2017-12-26T00:32:29.387136441Z: [   27.002668] BTRFS info (device sda1): flagging fs with big metadata feature
[STDERR  ] 2017-12-26T00:32:29.387148194Z: [   27.049410] BTRFS info (device sda1): creating UUID tree
[STDERR  ] 2017-12-26T00:32:29.387157548Z: format_mount test suite PASSED
[STDERR  ] 2017-12-26T00:32:29.387181541Z: [   40.977772] sd 0:0:0:0: [sda] Synchronizing SCSI cache
[STDERR  ] 2017-12-26T00:32:29.38719126Z: [   40.983622] sd 0:0:0:0: [sda] Stopping disk
[STDERR  ] 2017-12-26T00:32:29.387203431Z: [   40.989228] ACPI: Preparing to enter system sleep state S5
[STDERR  ] 2017-12-26T00:32:29.387212283Z: [   40.992783] reboot: Power down
[STDERR  ] 2017-12-26T00:32:29.387221387Z: + echo [    0.000000] Linux version 4.9.70-linuxkit (root@76d0ab89f7bc) (gcc version 6.4.0 (Alpine 6.4.0) ) #1 SMP Mon Dec 18 14:18:58 UTC 2017
[STDERR  ] 2017-12-26T00:32:29.387231194Z: [    0.000000] Command line: console=ttyS0 console=ttyAMA0
[STDERR  ] 2017-12-26T00:32:29.387263504Z: [    0.000000] x86/fpu: Legacy x87 FPU detected.
[STDERR  ] 2017-12-26T00:32:29.387272557Z: [    0.000000] x86/fpu: Using 'eager' FPU context switches.
[STDERR  ] 2017-12-26T00:32:29.387281331Z: [    0.000000] e820: BIOS-provided physical RAM map:
[STDERR  ] 2017-12-26T00:32:29.387290221Z: [    0.000000] BIOS-e820: [mem 0x0000000000000000-0x000000000009fbff] usable
[STDERR  ] 2017-12-26T00:32:29.387299938Z: [    0.000000] BIOS-e820: [mem 0x000000000009fc00-0x000000000009ffff] reserved
[STDERR  ] 2017-12-26T00:32:29.387309094Z: [    0.000000] BIOS-e820: [mem 0x00000000000f0000-0x00000000000fffff] reserved
[STDERR  ] 2017-12-26T00:32:29.387329617Z: [    0.000000] BIOS-e820: [mem 0x0000000000100000-0x000000003ffdefff] usable
[STDERR  ] 2017-12-26T00:32:29.387339264Z: [    0.000000] BIOS-e820: [mem 0x000000003ffdf000-0x000000003fffffff] reserved
[STDERR  ] 2017-12-26T00:32:29.387348224Z: [    0.000000] BIOS-e820: [mem 0x00000000b0000000-0x00000000bfffffff] reserved
[STDERR  ] 2017-12-26T00:32:29.387361437Z: [    0.000000] BIOS-e820: [mem 0x00000000fed1c000-0x00000000fed1ffff] reserved
[STDERR  ] 2017-12-26T00:32:29.387370527Z: [    0.000000] BIOS-e820: [mem 0x00000000fffc0000-0x00000000ffffffff] reserved
[STDERR  ] 2017-12-26T00:32:29.387379316Z: [    0.000000] NX (Execute Disable) protection: active
[STDERR  ] 2017-12-26T00:32:29.38738852Z: [    0.000000] SMBIOS 2.8 present.
[STDERR  ] 2017-12-26T00:32:29.387416044Z: [    0.000000] e820: last_pfn = 0x3ffdf max_arch_pfn = 0x400000000
[STDERR  ] 2017-12-26T00:32:29.387425737Z: [    0.000000] x86/PAT: Configuration [0-7]: WB  WC  UC- UC  WB  WC  UC- WT  
[STDERR  ] 2017-12-26T00:32:29.387434756Z: [    0.000000] found SMP MP-table at [mem 0x000f6aa0-0x000f6aaf] mapped at [ffff9534c00f6aa0]
[STDERR  ] 2017-12-26T00:32:29.387443878Z: [    0.000000] RAMDISK: [mem 0x3df34000-0x3ffcffff]
[STDERR  ] 2017-12-26T00:32:29.387452844Z: [    0.000000] ACPI: Early table checksum verification disabled
[STDERR  ] 2017-12-26T00:32:29.387464951Z: [    0.000000] ACPI: RSDP 0x00000000000F68B0 000014 (v00 BOCHS )
[STDERR  ] 2017-12-26T00:32:29.387474054Z: [    0.000000] ACPI: RSDT 0x000000003FFE20A8 000034 (v01 BOCHS  BXPCRSDT 00000001 BXPC 00000001)
[STDERR  ] 2017-12-26T00:32:29.387494986Z: [    0.000000] ACPI: FACP 0x000000003FFE1EC8 0000F4 (v03 BOCHS  BXPCFACP 00000001 BXPC 00000001)
[STDERR  ] 2017-12-26T00:32:29.387504054Z: [    0.000000] ACPI: DSDT 0x000000003FFE0040 001E88 (v01 BOCHS  BXPCDSDT 00000001 BXPC 00000001)
[STDERR  ] 2017-12-26T00:32:29.38751304Z: [    0.000000] ACPI: FACS 0x000000003FFE0000 000040
[STDERR  ] 2017-12-26T00:32:29.387522088Z: [    0.000000] ACPI: APIC 0x000000003FFE1FBC 000078 (v01 BOCHS  BXPCAPIC 00000001 BXPC 00000001)
[STDERR  ] 2017-12-26T00:32:29.38753102Z: [    0.000000] ACPI: HPET 0x000000003FFE2034 000038 (v01 BOCHS  BXPCHPET 00000001 BXPC 00000001)
[STDERR  ] 2017-12-26T00:32:29.38754014Z: [    0.000000] ACPI: MCFG 0x000000003FFE206C 00003C (v01 BOCHS  BXPCMCFG 00000001 BXPC 00000001)
[STDERR  ] 2017-12-26T00:32:29.38754907Z: [    0.000000] Zone ranges:
[STDERR  ] 2017-12-26T00:32:29.387569004Z: [    0.000000]   DMA      [mem 0x0000000000001000-0x0000000000ffffff]
[STDERR  ] 2017-12-26T00:32:29.387578004Z: [    0.000000]   DMA32    [mem 0x0000000001000000-0x000000003ffdefff]
[STDERR  ] 2017-12-26T00:32:29.387587154Z: [    0.000000]   Normal   empty
[STDERR  ] 2017-12-26T00:32:29.387596264Z: [    0.000000] Movable zone start for each node
[STDERR  ] 2017-12-26T00:32:29.387605037Z: [    0.000000] Early memory node ranges
[STDERR  ] 2017-12-26T00:32:29.387614121Z: [    0.000000]   node   0: [mem 0x0000000000001000-0x000000000009efff]
[STDERR  ] 2017-12-26T00:32:29.387623088Z: [    0.000000]   node   0: [mem 0x0000000000100000-0x000000003ffdefff]
[STDERR  ] 2017-12-26T00:32:29.38764474Z: [    0.000000] Initmem setup node 0 [mem 0x0000000000001000-0x000000003ffdefff]
[STDERR  ] 2017-12-26T00:32:29.387654931Z: [    0.000000] ACPI: PM-Timer IO Port: 0x608
[STDERR  ] 2017-12-26T00:32:29.387664041Z: [    0.000000] ACPI: LAPIC_NMI (acpi_id[0xff] dfl dfl lint[0x1])
[STDERR  ] 2017-12-26T00:32:29.387681634Z: [    0.000000] IOAPIC[0]: apic_id 0, version 32, address 0xfec00000, GSI 0-23
[STDERR  ] 2017-12-26T00:32:29.387691125Z: [    0.000000] ACPI: INT_SRC_OVR (bus 0 bus_irq 0 global_irq 2 dfl dfl)
[STDERR  ] 2017-12-26T00:32:29.387703086Z: [    0.000000] ACPI: INT_SRC_OVR (bus 0 bus_irq 5 global_irq 5 high level)
[STDERR  ] 2017-12-26T00:32:29.387722416Z: [    0.000000] ACPI: INT_SRC_OVR (bus 0 bus_irq 9 global_irq 9 high level)
[STDERR  ] 2017-12-26T00:32:29.387732372Z: [    0.000000] ACPI: INT_SRC_OVR (bus 0 bus_irq 10 global_irq 10 high level)
[STDERR  ] 2017-12-26T00:32:29.387741385Z: [    0.000000] ACPI: INT_SRC_OVR (bus 0 bus_irq 11 global_irq 11 high level)
[STDERR  ] 2017-12-26T00:32:29.387750165Z: [    0.000000] Using ACPI (MADT) for SMP configuration information
[STDERR  ] 2017-12-26T00:32:29.387762767Z: [    0.000000] ACPI: HPET id: 0x8086a201 base: 0xfed00000
[STDERR  ] 2017-12-26T00:32:29.387771642Z: [    0.000000] smpboot: Allowing 1 CPUs, 0 hotplug CPUs
[STDERR  ] 2017-12-26T00:32:29.387785459Z: [    0.000000] e820: [mem 0x40000000-0xafffffff] available for PCI devices
[STDERR  ] 2017-12-26T00:32:29.387807059Z: [    0.000000] Booting paravirtualized kernel on bare hardware
[STDERR  ] 2017-12-26T00:32:29.387816053Z: [    0.000000] clocksource: refined-jiffies: mask: 0xffffffff max_cycles: 0xffffffff, max_idle_ns: 19112604462750000 ns
[STDERR  ] 2017-12-26T00:32:29.387825873Z: [    0.000000] setup_percpu: NR_CPUS:128 nr_cpumask_bits:128 nr_cpu_ids:1 nr_node_ids:1
[STDERR  ] 2017-12-26T00:32:29.387834643Z: [    0.000000] percpu: Embedded 35 pages/cpu @ffff9534fdc00000 s105048 r8192 d30120 u2097152
[STDERR  ] 2017-12-26T00:32:29.387846342Z: [    0.000000] Built 1 zonelists in Zone order, mobility grouping on.  Total pages: 257896
[STDERR  ] 2017-12-26T00:32:29.387855413Z: [    0.000000] Kernel command line: console=ttyS0 console=ttyAMA0
[STDERR  ] 2017-12-26T00:32:29.387864686Z: [    0.000000] PID hash table entries: 4096 (order: 3, 32768 bytes)
[STDERR  ] 2017-12-26T00:32:29.387885007Z: [    0.000000] Dentry cache hash table entries: 131072 (order: 8, 1048576 bytes)
[STDERR  ] 2017-12-26T00:32:29.38789413Z: [    0.000000] Inode-cache hash table entries: 65536 (order: 7, 524288 bytes)
[STDERR  ] 2017-12-26T00:32:29.38790314Z: [    0.000000] Memory: 980780K/1048052K available (8048K kernel code, 1367K rwdata, 2700K rodata, 1380K init, 568K bss, 67272K reserved, 0K cma-reserved)
[STDERR  ] 2017-12-26T00:32:29.387913163Z: [    0.000000] Hierarchical RCU implementation.
[STDERR  ] 2017-12-26T00:32:29.387922249Z: [    0.000000] 	Build-time adjustment of leaf fanout to 64.
[STDERR  ] 2017-12-26T00:32:29.387931106Z: [    0.000000] 	RCU restricting CPUs from NR_CPUS=128 to nr_cpu_ids=1.
[STDERR  ] 2017-12-26T00:32:29.387940112Z: [    0.000000] RCU: Adjusting geometry for rcu_fanout_leaf=64, nr_cpu_ids=1
[STDERR  ] 2017-12-26T00:32:29.387960187Z: [    0.000000] NR_IRQS:8448 nr_irqs:256 16
[STDERR  ] 2017-12-26T00:32:29.387970217Z: [    0.000000] Console: colour VGA+ 80x25
[STDERR  ] 2017-12-26T00:32:29.387979143Z: [    0.000000] console [ttyS0] enabled
[STDERR  ] 2017-12-26T00:32:29.387987929Z: [    0.000000] clocksource: hpet: mask: 0xffffffff max_cycles: 0xffffffff, max_idle_ns: 19112604467 ns
[STDERR  ] 2017-12-26T00:32:29.387996936Z: [    0.000000] tsc: Fast TSC calibration using PIT
[STDERR  ] 2017-12-26T00:32:29.388005919Z: [    0.000000] tsc: Detected 2600.002 MHz processor
[STDERR  ] 2017-12-26T00:32:29.388015012Z: [    0.021598] Calibrating delay loop (skipped), value calculated using timer frequency.. 5200.00 BogoMIPS (lpj=26000020)
[STDERR  ] 2017-12-26T00:32:29.388035112Z: [    0.022643] pid_max: default: 32768 minimum: 301
[STDERR  ] 2017-12-26T00:32:29.388045847Z: [    0.023661] ACPI: Core revision 20160831
[STDERR  ] 2017-12-26T00:32:29.388054765Z: [    0.052480] ACPI: 1 ACPI AML tables successfully acquired and loaded
[STDERR  ] 2017-12-26T00:32:29.388063333Z: [    0.057151] Security Framework initialized
[STDERR  ] 2017-12-26T00:32:29.388079679Z: [    0.057591] Yama: becoming mindful.
[STDERR  ] 2017-12-26T00:32:29.388088573Z: [    0.059562] Mount-cache hash table entries: 2048 (order: 2, 16384 bytes)
[STDERR  ] 2017-12-26T00:32:29.38809762Z: [    0.060154] Mountpoint-cache hash table entries: 2048 (order: 2, 16384 bytes)
[STDERR  ] 2017-12-26T00:32:29.388118743Z: [    0.082325] Last level iTLB entries: 4KB 0, 2MB 0, 4MB 0
[STDERR  ] 2017-12-26T00:32:29.388131222Z: [    0.082685] Last level dTLB entries: 4KB 0, 2MB 0, 4MB 0, 1GB 0
[STDERR  ] 2017-12-26T00:32:29.388140269Z: [    0.428009] Freeing SMP alternatives memory: 20K
[STDERR  ] 2017-12-26T00:32:29.388149343Z: [    0.437118] ftrace: allocating 35540 entries in 139 pages
[STDERR  ] 2017-12-26T00:32:29.388157967Z: [    0.504512] smpboot: Max logical packages: 1
[STDERR  ] 2017-12-26T00:32:29.388169819Z: [    0.513194] ..TIMER: vector=0x30 apic1=0 pin1=2 apic2=-1 pin2=-1
[STDERR  ] 2017-12-26T00:32:29.38817883Z: [    0.620000] smpboot: CPU0: AMD QEMU Virtual CPU version 2.5+ (family: 0x6, model: 0x6, stepping: 0x3)
[STDERR  ] 2017-12-26T00:32:29.388204473Z: [    0.620000] Performance Events: PMU not available due to virtualization, using software events only.
[STDERR  ] 2017-12-26T00:32:29.388213789Z: [    0.627704] NMI watchdog: disabled (cpu0): hardware events not enabled
[STDERR  ] 2017-12-26T00:32:29.388222733Z: [    0.628229] NMI watchdog: Shutting down hard lockup detector on all cpus
[STDERR  ] 2017-12-26T00:32:29.388231582Z: [    0.631323] x86: Booted up 1 node, 1 CPUs
[STDERR  ] 2017-12-26T00:32:29.38824044Z: [    0.631609] smpboot: Total of 1 processors activated (5200.00 BogoMIPS)
[STDERR  ] 2017-12-26T00:32:29.388249499Z: [    0.648754] devtmpfs: initialized
[STDERR  ] 2017-12-26T00:32:29.388275162Z: [    0.653269] x86/mm: Memory block size: 128MB
[STDERR  ] 2017-12-26T00:32:29.3882843Z: [    0.682984] clocksource: jiffies: mask: 0xffffffff max_cycles: 0xffffffff, max_idle_ns: 19112604462750000 ns
[STDERR  ] 2017-12-26T00:32:29.388293623Z: [    0.683852] futex hash table entries: 256 (order: 2, 16384 bytes)
[STDERR  ] 2017-12-26T00:32:29.388302403Z: [    0.692616] NET: Registered protocol family 16
[STDERR  ] 2017-12-26T00:32:29.388311756Z: [    0.702954] cpuidle: using governor ladder
[STDERR  ] 2017-12-26T00:32:29.388320626Z: [    0.703418] cpuidle: using governor menu
[STDERR  ] 2017-12-26T00:32:29.388329333Z: [    0.704507] ACPI: bus type PCI registered
[STDERR  ] 2017-12-26T00:32:29.388436969Z: [    0.707613] PCI: MMCONFIG for domain 0000 [bus 00-ff] at [mem 0xb0000000-0xbfffffff] (base 0xb0000000)
