[INFO    ] 2017-06-16T21:45:34.440912901Z: Running Test linuxkit.packages.ca-certificates in /tmp/build/test/cases/040_packages/003_ca-certificates
[INFO    ] 2017-06-16T21:45:34.440981896Z: Running command: [/bin/sh -x /tmp/build/test/cases/040_packages/003_ca-certificates/test.sh]
[STDERR  ] 2017-06-16T21:45:34.454977072Z: + set -e
[STDERR  ] 2017-06-16T21:45:34.455022806Z: + . /tmp/build/test/cases/_lib/lib.sh
[STDERR  ] 2017-06-16T21:45:34.45509015Z: + [ -f src/github.com/linuxkit/rtf/lib/lib.sh ]
[STDERR  ] 2017-06-16T21:45:34.455177578Z: + LINUXKIT_TMPDIR=/tmp/build/test/cases/_tmp
[STDERR  ] 2017-06-16T21:45:34.455201822Z: + [ -f /tmp/build/test/cases/_tmp/env.sh ]
[STDERR  ] 2017-06-16T21:45:34.455235559Z: + . /tmp/build/test/cases/_tmp/env.sh
[STDERR  ] 2017-06-16T21:45:34.455272556Z: + export LINUXKIT_EXAMPLES_DIR=/tmp/build/test/cases/../../examples
[STDERR  ] 2017-06-16T21:45:34.455302272Z: + RT_CANCEL=253
[STDERR  ] 2017-06-16T21:45:34.455335824Z: + trap clean_up EXIT
[STDERR  ] 2017-06-16T21:45:34.455360364Z: + moby build -output kernel+initrd test-ca-certificates.yml
[STDERR  ] 2017-06-16T21:45:34.46520186Z: Extract kernel image: linuxkit/kernel:4.9.x
[STDERR  ] 2017-06-16T21:45:36.043180856Z: Add init containers:
[STDERR  ] 2017-06-16T21:45:36.043215335Z: Process init image: linuxkit/init:17693d233dd009b2a3a8d23673cb85969e1dce80
[STDERR  ] 2017-06-16T21:45:37.318141134Z: Process init image: linuxkit/runc:3a4e6cbf15470f62501b019b55e1caac5ee7689f
[STDERR  ] 2017-06-16T21:45:38.589294534Z: Process init image: linuxkit/containerd:be69ded7ed4437e2989da850581b631bac877d3e
[STDERR  ] 2017-06-16T21:45:40.084512127Z: Process init image: linuxkit/ca-certificates:75cf419fb58770884c3464eb687ec8dfc704169d
[STDERR  ] 2017-06-16T21:45:41.312251089Z: Add onboot containers:
[STDERR  ] 2017-06-16T21:45:41.312301349Z:   Create OCI config for alpine:3.6
[STDERR  ] 2017-06-16T21:45:42.517049727Z:   Create OCI config for linuxkit/poweroff:7404cf2295df89ccfa2dda41997a28307a90cf28
[STDERR  ] 2017-06-16T21:45:43.761502898Z: Add files:
[STDERR  ] 2017-06-16T21:45:43.761546395Z:   check.sh
[STDERR  ] 2017-06-16T21:45:43.786138846Z: Create outputs:
[STDERR  ] 2017-06-16T21:45:50.766218607Z:   test-ca-certificates-kernel test-ca-certificates-initrd.img test-ca-certificates-cmdline
[STDERR  ] 2017-06-16T21:45:50.814265085Z: + linuxkit run test-ca-certificates
[STDERR  ] 2017-06-16T21:45:50.830503257Z: Unable to find qemu-system-x86_64 within the $PATH. Using a container
[STDERR  ] 2017-06-16T21:46:23.256034687Z: + RESULT=[    0.000000] Linux version 4.9.32-linuxkit (root@9ac68176ac52) (gcc version 6.3.0 (Alpine 6.3.0) ) #1 SMP Thu Jun 15 20:49:23 UTC 2017
[STDERR  ] 2017-06-16T21:46:23.256043597Z: [    0.000000] Command line: console=ttyS0 page_poison=1
[STDERR  ] 2017-06-16T21:46:23.256054565Z: [    0.000000] x86/fpu: Legacy x87 FPU detected.
[STDERR  ] 2017-06-16T21:46:23.25605791Z: [    0.000000] x86/fpu: Using 'eager' FPU context switches.
[STDERR  ] 2017-06-16T21:46:23.256068955Z: [    0.000000] e820: BIOS-provided physical RAM map:
[STDERR  ] 2017-06-16T21:46:23.256075965Z: [    0.000000] BIOS-e820: [mem 0x0000000000000000-0x000000000009fbff] usable
[STDERR  ] 2017-06-16T21:46:23.256082518Z: [    0.000000] BIOS-e820: [mem 0x000000000009fc00-0x000000000009ffff] reserved
[STDERR  ] 2017-06-16T21:46:23.256085959Z: [    0.000000] BIOS-e820: [mem 0x00000000000f0000-0x00000000000fffff] reserved
[STDERR  ] 2017-06-16T21:46:23.256099036Z: [    0.000000] BIOS-e820: [mem 0x0000000000100000-0x000000003ffdefff] usable
[STDERR  ] 2017-06-16T21:46:23.256102079Z: [    0.000000] BIOS-e820: [mem 0x000000003ffdf000-0x000000003fffffff] reserved
[STDERR  ] 2017-06-16T21:46:23.256111032Z: [    0.000000] BIOS-e820: [mem 0x00000000b0000000-0x00000000bfffffff] reserved
[STDERR  ] 2017-06-16T21:46:23.256117266Z: [    0.000000] BIOS-e820: [mem 0x00000000fed1c000-0x00000000fed1ffff] reserved
[STDERR  ] 2017-06-16T21:46:23.256127598Z: [    0.000000] BIOS-e820: [mem 0x00000000fffc0000-0x00000000ffffffff] reserved
[STDERR  ] 2017-06-16T21:46:23.256137364Z: [    0.000000] NX (Execute Disable) protection: active
[STDERR  ] 2017-06-16T21:46:23.256159309Z: [    0.000000] SMBIOS 2.8 present.
[STDERR  ] 2017-06-16T21:46:23.256163039Z: [    0.000000] e820: last_pfn = 0x3ffdf max_arch_pfn = 0x400000000
[STDERR  ] 2017-06-16T21:46:23.256168381Z: [    0.000000] x86/PAT: Configuration [0-7]: WB  WC  UC- UC  WB  WC  UC- WT  
[STDERR  ] 2017-06-16T21:46:23.256177271Z: [    0.000000] found SMP MP-table at [mem 0x000f6aa0-0x000f6aaf] mapped at [ffff9683400f6aa0]
[STDERR  ] 2017-06-16T21:46:23.256183278Z: [    0.000000] RAMDISK: [mem 0x3dd6c000-0x3ffcffff]
[STDERR  ] 2017-06-16T21:46:23.256188901Z: [    0.000000] ACPI: Early table checksum verification disabled
[STDERR  ] 2017-06-16T21:46:23.256202848Z: [    0.000000] ACPI: RSDP 0x00000000000F68C0 000014 (v00 BOCHS )
[STDERR  ] 2017-06-16T21:46:23.256205606Z: [    0.000000] ACPI: RSDT 0x000000003FFE2404 000034 (v01 BOCHS  BXPCRSDT 00000001 BXPC 00000001)
[STDERR  ] 2017-06-16T21:46:23.256211409Z: [    0.000000] ACPI: FACP 0x000000003FFE22A4 000074 (v01 BOCHS  BXPCFACP 00000001 BXPC 00000001)
[STDERR  ] 2017-06-16T21:46:23.256219749Z: [    0.000000] ACPI: DSDT 0x000000003FFE0040 002264 (v01 BOCHS  BXPCDSDT 00000001 BXPC 00000001)
[STDERR  ] 2017-06-16T21:46:23.256226332Z: [    0.000000] ACPI: FACS 0x000000003FFE0000 000040
[STDERR  ] 2017-06-16T21:46:23.256231729Z: [    0.000000] ACPI: APIC 0x000000003FFE2318 000078 (v01 BOCHS  BXPCAPIC 00000001 BXPC 00000001)
[STDERR  ] 2017-06-16T21:46:23.256237146Z: [    0.000000] ACPI: HPET 0x000000003FFE2390 000038 (v01 BOCHS  BXPCHPET 00000001 BXPC 00000001)
[STDERR  ] 2017-06-16T21:46:23.256239949Z: [    0.000000] ACPI: MCFG 0x000000003FFE23C8 00003C (v01 BOCHS  BXPCMCFG 00000001 BXPC 00000001)
[STDERR  ] 2017-06-16T21:46:23.256248439Z: [    0.000000] Zone ranges:
[STDERR  ] 2017-06-16T21:46:23.256255164Z: [    0.000000]   DMA      [mem 0x0000000000001000-0x0000000000ffffff]
[STDERR  ] 2017-06-16T21:46:23.256262994Z: [    0.000000]   DMA32    [mem 0x0000000001000000-0x000000003ffdefff]
[STDERR  ] 2017-06-16T21:46:23.256268186Z: [    0.000000]   Normal   empty
[STDERR  ] 2017-06-16T21:46:23.256273444Z: [    0.000000] Movable zone start for each node
[STDERR  ] 2017-06-16T21:46:23.256279239Z: [    0.000000] Early memory node ranges
[STDERR  ] 2017-06-16T21:46:23.256284669Z: [    0.000000]   node   0: [mem 0x0000000000001000-0x000000000009efff]
[STDERR  ] 2017-06-16T21:46:23.256289879Z: [    0.000000]   node   0: [mem 0x0000000000100000-0x000000003ffdefff]
[STDERR  ] 2017-06-16T21:46:23.256295016Z: [    0.000000] Initmem setup node 0 [mem 0x0000000000001000-0x000000003ffdefff]
[STDERR  ] 2017-06-16T21:46:23.256300582Z: [    0.000000] ACPI: PM-Timer IO Port: 0x608
[STDERR  ] 2017-06-16T21:46:23.256305784Z: [    0.000000] ACPI: LAPIC_NMI (acpi_id[0xff] dfl dfl lint[0x1])
[STDERR  ] 2017-06-16T21:46:23.256311134Z: [    0.000000] IOAPIC[0]: apic_id 0, version 32, address 0xfec00000, GSI 0-23
[STDERR  ] 2017-06-16T21:46:23.256313892Z: [    0.000000] ACPI: INT_SRC_OVR (bus 0 bus_irq 0 global_irq 2 dfl dfl)
[STDERR  ] 2017-06-16T21:46:23.256324569Z: [    0.000000] ACPI: INT_SRC_OVR (bus 0 bus_irq 5 global_irq 5 high level)
[STDERR  ] 2017-06-16T21:46:23.256329754Z: [    0.000000] ACPI: INT_SRC_OVR (bus 0 bus_irq 9 global_irq 9 high level)
[STDERR  ] 2017-06-16T21:46:23.256334874Z: [    0.000000] ACPI: INT_SRC_OVR (bus 0 bus_irq 10 global_irq 10 high level)
[STDERR  ] 2017-06-16T21:46:23.256337452Z: [    0.000000] ACPI: INT_SRC_OVR (bus 0 bus_irq 11 global_irq 11 high level)
[STDERR  ] 2017-06-16T21:46:23.256345259Z: [    0.000000] Using ACPI (MADT) for SMP configuration information
[STDERR  ] 2017-06-16T21:46:23.256350464Z: [    0.000000] ACPI: HPET id: 0x8086a201 base: 0xfed00000
[STDERR  ] 2017-06-16T21:46:23.256355821Z: [    0.000000] smpboot: Allowing 1 CPUs, 0 hotplug CPUs
[STDERR  ] 2017-06-16T21:46:23.256361034Z: [    0.000000] e820: [mem 0x40000000-0xafffffff] available for PCI devices
[STDERR  ] 2017-06-16T21:46:23.256366316Z: [    0.000000] Booting paravirtualized kernel on bare hardware
[STDERR  ] 2017-06-16T21:46:23.256376832Z: [    0.000000] clocksource: refined-jiffies: mask: 0xffffffff max_cycles: 0xffffffff, max_idle_ns: 19112604462750000 ns
[STDERR  ] 2017-06-16T21:46:23.256386538Z: [    0.000000] setup_percpu: NR_CPUS:128 nr_cpumask_bits:128 nr_cpu_ids:1 nr_node_ids:1
[STDERR  ] 2017-06-16T21:46:23.256389668Z: [    0.000000] percpu: Embedded 35 pages/cpu @ffff96837da00000 s105240 r8192 d29928 u2097152
[STDERR  ] 2017-06-16T21:46:23.256397479Z: [    0.000000] Built 1 zonelists in Zone order, mobility grouping on.  Total pages: 257896
[STDERR  ] 2017-06-16T21:46:23.256403124Z: [    0.000000] Kernel command line: console=ttyS0 page_poison=1
[STDERR  ] 2017-06-16T21:46:23.256405722Z: [    0.000000] PID hash table entries: 4096 (order: 3, 32768 bytes)
[STDERR  ] 2017-06-16T21:46:23.256413566Z: [    0.000000] Dentry cache hash table entries: 131072 (order: 8, 1048576 bytes)
[STDERR  ] 2017-06-16T21:46:23.256431146Z: [    0.000000] Inode-cache hash table entries: 65536 (order: 7, 524288 bytes)
[STDERR  ] 2017-06-16T21:46:23.256439324Z: [    0.000000] Memory: 976564K/1048052K available (9526K kernel code, 1595K rwdata, 3120K rodata, 1456K init, 604K bss, 71488K reserved, 0K cma-reserved)
[STDERR  ] 2017-06-16T21:46:23.256445264Z: [    0.000000] Hierarchical RCU implementation.
[STDERR  ] 2017-06-16T21:46:23.256450676Z: [    0.000000] 	Build-time adjustment of leaf fanout to 64.
[STDERR  ] 2017-06-16T21:46:23.256455881Z: [    0.000000] 	RCU restricting CPUs from NR_CPUS=128 to nr_cpu_ids=1.
[STDERR  ] 2017-06-16T21:46:23.256458608Z: [    0.000000] RCU: Adjusting geometry for rcu_fanout_leaf=64, nr_cpu_ids=1
[STDERR  ] 2017-06-16T21:46:23.256463696Z: [    0.000000] NR_IRQS:8448 nr_irqs:256 16
[STDERR  ] 2017-06-16T21:46:23.256475611Z: [    0.000000] Console: colour VGA+ 80x25
[STDERR  ] 2017-06-16T21:46:23.256478472Z: [    0.000000] console [ttyS0] enabled
[STDERR  ] 2017-06-16T21:46:23.256486114Z: [    0.000000] allocated 2097152 bytes of page_ext
[STDERR  ] 2017-06-16T21:46:23.256488674Z: [    0.000000] clocksource: hpet: mask: 0xffffffff max_cycles: 0xffffffff, max_idle_ns: 19112604467 ns
[STDERR  ] 2017-06-16T21:46:23.256497082Z: [    0.000000] tsc: Fast TSC calibration failed
[STDERR  ] 2017-06-16T21:46:23.256499926Z: [    0.000000] tsc: Unable to calibrate against PIT
[STDERR  ] 2017-06-16T21:46:23.256505028Z: [    0.000000] tsc: using HPET reference calibration
[STDERR  ] 2017-06-16T21:46:23.256516801Z: [    0.000000] tsc: Detected 2600.057 MHz processor
[STDERR  ] 2017-06-16T21:46:23.256519576Z: [    0.051478] Calibrating delay loop (skipped), value calculated using timer frequency.. 5200.11 BogoMIPS (lpj=26000570)
[STDERR  ] 2017-06-16T21:46:23.256525294Z: [    0.060673] pid_max: default: 32768 minimum: 301
[STDERR  ] 2017-06-16T21:46:23.256533061Z: [    0.061961] ACPI: Core revision 20160831
[STDERR  ] 2017-06-16T21:46:23.256538164Z: [    0.108050] ACPI: 1 ACPI AML tables successfully acquired and loaded
[STDERR  ] 2017-06-16T21:46:23.256543412Z: [    0.112411] Security Framework initialized
[STDERR  ] 2017-06-16T21:46:23.256548649Z: [    0.112964] Yama: becoming mindful.
[STDERR  ] 2017-06-16T21:46:23.256553794Z: [    0.115052] Mount-cache hash table entries: 2048 (order: 2, 16384 bytes)
[STDERR  ] 2017-06-16T21:46:23.256558964Z: [    0.115788] Mountpoint-cache hash table entries: 2048 (order: 2, 16384 bytes)
[STDERR  ] 2017-06-16T21:46:23.256564229Z: [    0.135601] Last level iTLB entries: 4KB 0, 2MB 0, 4MB 0
[STDERR  ] 2017-06-16T21:46:23.256569349Z: [    0.136281] Last level dTLB entries: 4KB 0, 2MB 0, 4MB 0, 1GB 0
[STDERR  ] 2017-06-16T21:46:23.256572058Z: [    0.510960] Freeing SMP alternatives memory: 24K (ffffffffa00fc000 - ffffffffa0102000)
[STDERR  ] 2017-06-16T21:46:23.256577244Z: [    0.521192] ftrace: allocating 41868 entries in 164 pages
[STDERR  ] 2017-06-16T21:46:23.256585028Z: [    0.722350] smpboot: Max logical packages: 1
[STDERR  ] 2017-06-16T21:46:23.256590081Z: [    0.728069] ..TIMER: vector=0x30 apic1=0 pin1=2 apic2=-1 pin2=-1
[STDERR  ] 2017-06-16T21:46:23.256599368Z: [    0.840000] smpboot: CPU0: AMD QEMU Virtual CPU version 2.5+ (family: 0x6, model: 0x6, stepping: 0x3)
[STDERR  ] 2017-06-16T21:46:23.256609122Z: [    0.840000] Performance Events: PMU not available due to virtualization, using software events only.
[STDERR  ] 2017-06-16T21:46:23.256614636Z: [    0.850245] NMI watchdog: disabled (cpu0): hardware events not enabled
[STDERR  ] 2017-06-16T21:46:23.256619794Z: [    0.851007] NMI watchdog: Shutting down hard lockup detector on all cpus
[STDERR  ] 2017-06-16T21:46:23.256622704Z: [    0.853907] x86: Booted up 1 node, 1 CPUs
[STDERR  ] 2017-06-16T21:46:23.256627832Z: [    0.854528] smpboot: Total of 1 processors activated (5200.11 BogoMIPS)
[STDERR  ] 2017-06-16T21:46:23.256635478Z: [    0.868285] devtmpfs: initialized
[STDERR  ] 2017-06-16T21:46:23.256640601Z: [    0.873843] x86/mm: Memory block size: 128MB
[STDERR  ] 2017-06-16T21:46:23.256646036Z: [    0.935563] clocksource: jiffies: mask: 0xffffffff max_cycles: 0xffffffff, max_idle_ns: 19112604462750000 ns
[STDERR  ] 2017-06-16T21:46:23.256651388Z: [    0.937004] futex hash table entries: 256 (order: 2, 16384 bytes)
[STDERR  ] 2017-06-16T21:46:23.256656708Z: [    0.946354] NET: Registered protocol family 16
[STDERR  ] 2017-06-16T21:46:23.256659564Z: [    0.956480] cpuidle: using governor ladder
[STDERR  ] 2017-06-16T21:46:23.256664669Z: [    0.957355] cpuidle: using governor menu
[STDERR  ] 2017-06-16T21:46:23.256674009Z: [    0.958860] ACPI: bus type PCI registered
[STDERR  ] 2017-06-16T21:46:23.256680612Z: [    0.962126] PCI: MMCONFIG for domain 0000 [bus 00-ff] at [mem 0xb0000000-0xbfffffff] (base 0xb0000000)
[STDERR  ] 2017-06-16T21:46:23.256686218Z: [    0.963313] PCI: MMCONFIG at [mem 0xb0000000-0xbfffffff] reserved in E820
[STDERR  ] 2017-06-16T21:46:23.256695018Z: [    0.964894] PCI: Using configuration type 1 for base access
[STDERR  ] 2017-06-16T21:46:23.256700452Z: [    1.039771] HugeTLB registered 2 MB page size, pre-allocated 0 pages
[STDERR  ] 2017-06-16T21:46:23.256705674Z: [    1.053875] ACPI: Added _OSI(Module Device)
[STDERR  ] 2017-06-16T21:46:23.256710822Z: [    1.054480] ACPI: Added _OSI(Processor Device)
[STDERR  ] 2017-06-16T21:46:23.256716131Z: [    1.054935] ACPI: Added _OSI(3.0 _SCP Extensions)
[STDERR  ] 2017-06-16T21:46:23.256721339Z: [    1.055360] ACPI: Added _OSI(Processor Aggregator Device)
[STDERR  ] 2017-06-16T21:46:23.256730644Z: [    1.129158] ACPI: Interpreter enabled
[STDERR  ] 2017-06-16T21:46:23.256736051Z: [    1.131351] ACPI: (supports S0 S5)
[STDERR  ] 2017-06-16T21:46:23.256741381Z: [    1.131769] ACPI: Using IOAPIC for interrupt routing
[STDERR  ] 2017-06-16T21:46:23.256747011Z: [    1.134134] PCI: Using host bridge windows from ACPI; if necessary, use "pci=nocrs" and report a bug
[STDERR  ] 2017-06-16T21:46:23.256752918Z: [    1.204625] ACPI: PCI Root Bridge [PCI0] (domain 0000 [bus 00-ff])
[STDERR  ] 2017-06-16T21:46:23.256758172Z: [    1.206054] acpi PNP0A08:00: _OSC: OS supports [ExtendedConfig ASPM ClockPM Segments MSI]
[STDERR  ] 2017-06-16T21:46:23.256763408Z: [    1.212720] acpi PNP0A08:00: _OSC: OS now controls [PCIeHotplug PME PCIeCapability]
[STDERR  ] 2017-06-16T21:46:23.256772636Z: [    1.217170] PCI host bridge to bus 0000:00
[STDERR  ] 2017-06-16T21:46:23.256777974Z: [    1.217939] pci_bus 0000:00: root bus resource [io  0x0000-0x0cf7 window]
[STDERR  ] 2017-06-16T21:46:23.256783266Z: [    1.218610] pci_bus 0000:00: root bus resource [io  0x0d00-0xffff window]
[STDERR  ] 2017-06-16T21:46:23.256786034Z: [    1.219327] pci_bus 0000:00: root bus resource [mem 0x000a0000-0x000bffff window]
[STDERR  ] 2017-06-16T21:46:23.256791161Z: [    1.220134] pci_bus 0000:00: root bus resource [mem 0xc0000000-0xfebfffff window]
[STDERR  ] 2017-06-16T21:46:23.256798928Z: [    1.221085] pci_bus 0000:00: root bus resource [bus 00-ff]
[STDERR  ] 2017-06-16T21:46:23.256804144Z: [    1.314406] pci 0000:00:1f.0: quirk: [io  0x0600-0x067f] claimed by ICH6 ACPI/GPIO/TCO
[STDERR  ] 2017-06-16T21:46:23.256813671Z: [    1.374924] ACPI: PCI Interrupt Link [LNKA] (IRQs 5 *10 11)
[STDERR  ] 2017-06-16T21:46:23.256816664Z: [    1.377877] ACPI: PCI Interrupt Link [LNKB] (IRQs 5 *10 11)
[STDERR  ] 2017-06-16T21:46:23.256828436Z: [    1.380196] ACPI: PCI Interrupt Link [LNKC] (IRQs 5 10 *11)
[STDERR  ] 2017-06-16T21:46:23.256836854Z: [    1.382283] ACPI: PCI Interrupt Link [LNKD] (IRQs 5 10 *11)
[STDERR  ] 2017-06-16T21:46:23.256842148Z: [    1.384776] ACPI: PCI Interrupt Link [LNKE] (IRQs 5 *10 11)
[STDERR  ] 2017-06-16T21:46:23.256847487Z: [    1.387875] ACPI: PCI Interrupt Link [LNKF] (IRQs 5 *10 11)
[STDERR  ] 2017-06-16T21:46:23.256850333Z: [    1.390346] ACPI: PCI Interrupt Link [LNKG] (IRQs 5 10 *11)
[STDERR  ] 2017-06-16T21:46:23.256858133Z: [    1.392417] ACPI: PCI Interrupt Link [LNKH] (IRQs 5 10 *11)
[STDERR  ] 2017-06-16T21:46:23.256860813Z: [    1.393622] ACPI: PCI Interrupt Link [GSIA] (IRQs *16)
[STDERR  ] 2017-06-16T21:46:23.256868661Z: [    1.394520] ACPI: PCI Interrupt Link [GSIB] (IRQs *17)
[STDERR  ] 2017-06-16T21:46:23.256873847Z: [    1.395424] ACPI: PCI Interrupt Link [GSIC] (IRQs *18)
[STDERR  ] 2017-06-16T21:46:23.256879248Z: [    1.396313] ACPI: PCI Interrupt Link [GSID] (IRQs *19)
[STDERR  ] 2017-06-16T21:46:23.256884533Z: [    1.397203] ACPI: PCI Interrupt Link [GSIE] (IRQs *20)
[STDERR  ] 2017-06-16T21:46:23.256887347Z: [    1.398091] ACPI: PCI Interrupt Link [GSIF] (IRQs *21)
[STDERR  ] 2017-06-16T21:46:23.256902255Z: [    1.398981] ACPI: PCI Interrupt Link [GSIG] (IRQs *22)
[STDERR  ] 2017-06-16T21:46:23.25690498Z: [    1.399923] ACPI: PCI Interrupt Link [GSIH] (IRQs *23)
[STDERR  ] 2017-06-16T21:46:23.256912681Z: [    1.404064] ACPI: Enabled 2 GPEs in block 00 to 3F
[STDERR  ] 2017-06-16T21:46:23.256917963Z: [    1.408628] SCSI subsystem initialized
[STDERR  ] 2017-06-16T21:46:23.256923023Z: [    1.412167] pps_core: LinuxPPS API ver. 1 registered
[STDERR  ] 2017-06-16T21:46:23.256928618Z: [    1.412656] pps_core: Software ver. 5.3.6 - Copyright 2005-2007 Rodolfo Giometti <giometti@linux.it>
[STDERR  ] 2017-06-16T21:46:23.256934315Z: [    1.413743] PTP clock support registered
[STDERR  ] 2017-06-16T21:46:23.256939477Z: [    1.415119] wmi: Mapper loaded
[STDERR  ] 2017-06-16T21:46:23.256944533Z: [    1.416427] PCI: Using ACPI for IRQ routing
[STDERR  ] 2017-06-16T21:46:23.256949783Z: [    1.434321] NetLabel: Initializing
[STDERR  ] 2017-06-16T21:46:23.256955861Z: [    1.434806] NetLabel:  domain hash size = 128
[STDERR  ] 2017-06-16T21:46:23.256961138Z: [    1.435216] NetLabel:  protocols = UNLABELED CIPSOv4
[STDERR  ] 2017-06-16T21:46:23.256964103Z: [    1.437424] NetLabel:  unlabeled traffic allowed by default
[STDERR  ] 2017-06-16T21:46:23.256975171Z: [    1.438818] HPET: 3 timers in total, 0 timers will be used for per-cpu timer
[STDERR  ] 2017-06-16T21:46:23.256980673Z: [    1.439826] hpet0: at MMIO 0xfed00000, IRQs 2, 8, 0
[STDERR  ] 2017-06-16T21:46:23.256985837Z: [    1.440440] hpet0: 3 comparators, 64-bit 100.000000 MHz counter
[STDERR  ] 2017-06-16T21:46:23.256988471Z: [    1.446920] clocksource: Switched to clocksource hpet
[STDERR  ] 2017-06-16T21:46:23.256996473Z: [    1.715435] VFS: Disk quotas dquot_6.6.0
[STDERR  ] 2017-06-16T21:46:23.256999243Z: [    1.716525] VFS: Dquot-cache hash table entries: 512 (order 0, 4096 bytes)
[STDERR  ] 2017-06-16T21:46:23.257007023Z: [    1.719476] FS-Cache: Loaded
[STDERR  ] 2017-06-16T21:46:23.257009643Z: [    1.724759] CacheFiles: Loaded
[STDERR  ] 2017-06-16T21:46:23.25701725Z: [    1.726625] pnp: PnP ACPI init
[STDERR  ] 2017-06-16T21:46:23.257022308Z: [    1.738631] pnp: PnP ACPI: found 5 devices
[STDERR  ] 2017-06-16T21:46:23.257027598Z: [    1.787449] clocksource: acpi_pm: mask: 0xffffff max_cycles: 0xffffff, max_idle_ns: 2085701024 ns
[STDERR  ] 2017-06-16T21:46:23.257032923Z: [    1.791033] NET: Registered protocol family 2
[STDERR  ] 2017-06-16T21:46:23.257038068Z: [    1.798066] TCP established hash table entries: 8192 (order: 4, 65536 bytes)
[STDERR  ] 2017-06-16T21:46:23.2570432Z: [    1.799163] TCP bind hash table entries: 8192 (order: 5, 131072 bytes)
[STDERR  ] 2017-06-16T21:46:23.257049863Z: [    1.800718] TCP: Hash tables configured (established 8192 bind 8192)
[STDERR  ] 2017-06-16T21:46:23.25706265Z: [    1.802415] UDP hash table entries: 512 (order: 2, 16384 bytes)
[STDERR  ] 2017-06-16T21:46:23.257065991Z: [    1.803217] UDP-Lite hash table entries: 512 (order: 2, 16384 bytes)
[STDERR  ] 2017-06-16T21:46:23.257071053Z: [    1.805774] NET: Registered protocol family 1
[STDERR  ] 2017-06-16T21:46:23.25707886Z: [    1.809412] RPC: Registered named UNIX socket transport module.
[STDERR  ] 2017-06-16T21:46:23.257084041Z: [    1.810357] RPC: Registered udp transport module.
[STDERR  ] 2017-06-16T21:46:23.257089191Z: [    1.810814] RPC: Registered tcp transport module.
[STDERR  ] 2017-06-16T21:46:23.25709204Z: [    1.811255] RPC: Registered tcp NFSv4.1 backchannel transport module.
[STDERR  ] 2017-06-16T21:46:23.25709713Z: [    1.812304] pci 0000:00:01.0: Video device with shadowed ROM at [mem 0x000c0000-0x000dffff]
[STDERR  ] 2017-06-16T21:46:23.257104785Z: [    1.819888] Unpacking initramfs...
[STDERR  ] 2017-06-16T21:46:23.257107551Z: [    9.378603] Freeing initrd memory: 35216K (ffff96837dd6c000 - ffff96837ffd0000)
[STDERR  ] 2017-06-16T21:46:23.257120083Z: [    9.403175] PCLMULQDQ-NI instructions are not detected.
[STDERR  ] 2017-06-16T21:46:23.257122843Z: [    9.404773] AVX or AES-NI instructions are not detected.
[STDERR  ] 2017-06-16T21:46:23.257130778Z: [    9.405475] CPU feature 'AVX registers' is not supported.
[STDERR  ] 2017-06-16T21:46:23.257136057Z: [    9.406028] CPU feature 'AVX registers' is not supported.
[STDERR  ] 2017-06-16T21:46:23.257141193Z: [    9.406664] CPU feature 'AVX registers' is not supported.
[STDERR  ] 2017-06-16T21:46:23.257146298Z: [    9.407334] CPU feature 'AVX registers' is not supported.
[STDERR  ] 2017-06-16T21:46:23.257151607Z: [    9.408000] AVX2 or AES-NI instructions are not detected.
[STDERR  ] 2017-06-16T21:46:23.257160773Z: [    9.408565] AVX2 instructions are not detected.
[STDERR  ] 2017-06-16T21:46:23.257166043Z: [    9.417656] audit: initializing netlink subsys (disabled)
[STDERR  ] 2017-06-16T21:46:23.257168753Z: [    9.419234] audit: type=2000 audit(1497649561.410:1): initialized
[STDERR  ] 2017-06-16T21:46:23.257176443Z: [    9.427215] workingset: timestamp_bits=46 max_order=18 bucket_order=0
[STDERR  ] 2017-06-16T21:46:23.257181723Z: [    9.432887] FS-Cache: Netfs 'nfs' registered for caching
[STDERR  ] 2017-06-16T21:46:23.257184483Z: [    9.435122] NFS: Registering the id_resolver key type
[STDERR  ] 2017-06-16T21:46:23.257192348Z: [    9.436676] Key type id_resolver registered
[STDERR  ] 2017-06-16T21:46:23.257197543Z: [    9.437133] Key type id_legacy registered
[STDERR  ] 2017-06-16T21:46:23.257200343Z: [    9.437746] nfs4filelayout_init: NFSv4 File Layout Driver Registering...
[STDERR  ] 2017-06-16T21:46:23.257207967Z: [    9.438762] Installing knfsd (copyright (C) 1996 okir@monad.swb.de).
[STDERR  ] 2017-06-16T21:46:23.257213238Z: [    9.442935] FS-Cache: Netfs 'cifs' registered for caching
[STDERR  ] 2017-06-16T21:46:23.257215905Z: [    9.444220] ntfs: driver 2.1.32 [Flags: R/O].
[STDERR  ] 2017-06-16T21:46:23.25722383Z: [    9.444981] fuse init (API version 7.26)
[STDERR  ] 2017-06-16T21:46:23.257226541Z: [    9.447475] SGI XFS with ACLs, security attributes, no debug enabled
[STDERR  ] 2017-06-16T21:46:23.257231757Z: [    9.452212] 9p: Installing v9fs 9p2000 file system support
[STDERR  ] 2017-06-16T21:46:23.257239603Z: [    9.453039] FS-Cache: Netfs '9p' registered for caching
[STDERR  ] 2017-06-16T21:46:23.257249177Z: [    9.488628] NET: Registered protocol family 38
[STDERR  ] 2017-06-16T21:46:23.25725217Z: [    9.489556] Key type asymmetric registered
[STDERR  ] 2017-06-16T21:46:23.257259983Z: [    9.490006] Asymmetric key parser 'x509' registered
[STDERR  ] 2017-06-16T21:46:23.25726269Z: [    9.492029] Block layer SCSI generic (bsg) driver version 0.4 loaded (major 251)
[STDERR  ] 2017-06-16T21:46:23.257270603Z: [    9.493663] io scheduler noop registered
[STDERR  ] 2017-06-16T21:46:23.257275763Z: [    9.494111] io scheduler deadline registered (default)
[STDERR  ] 2017-06-16T21:46:23.257281055Z: [    9.494948] io scheduler cfq registered
[STDERR  ] 2017-06-16T21:46:23.257292247Z: [    9.497853] pci_hotplug: PCI Hot Plug PCI Core version: 0.5
[STDERR  ] 2017-06-16T21:46:23.257298037Z: [    9.498687] pciehp: PCI Express Hot Plug Controller Driver version: 0.4
[STDERR  ] 2017-06-16T21:46:23.257303223Z: [    9.499856] shpchp: Standard Hot Plug PCI Controller Driver version: 0.4
[STDERR  ] 2017-06-16T21:46:23.257308481Z: [    9.501904] hv_vmbus: registering driver hyperv_fb
[STDERR  ] 2017-06-16T21:46:23.257313658Z: [    9.505281] input: Power Button as /devices/LNXSYSTM:00/LNXPWRBN:00/input/input0
[STDERR  ] 2017-06-16T21:46:23.257316467Z: [    9.506662] ACPI: Power Button [PWRF]
[STDERR  ] 2017-06-16T21:46:23.257324017Z: [    9.512058] GHES: HEST is not enabled!
[STDERR  ] 2017-06-16T21:46:23.25733311Z: [    9.523487] ACPI: PCI Interrupt Link [GSIH] enabled at IRQ 23
[STDERR  ] 2017-06-16T21:46:23.257338351Z: [    9.529942] xenfs: not registering filesystem on non-xen platform
[STDERR  ] 2017-06-16T21:46:23.257340948Z: [    9.532910] Serial: 8250/16550 driver, 4 ports, IRQ sharing disabled
[STDERR  ] 2017-06-16T21:46:23.257352408Z: [    9.559873] 00:04: ttyS0 at I/O 0x3f8 (irq = 4, base_baud = 115200) is a 16550A
[STDERR  ] 2017-06-16T21:46:23.25735517Z: [    9.567751] Initializing Nozomi driver 2.1d
[STDERR  ] 2017-06-16T21:46:23.257362761Z: [    9.572567] Non-volatile memory driver v1.3
[STDERR  ] 2017-06-16T21:46:23.257365353Z: [    9.579001] Hangcheck: starting hangcheck timer 0.9.1 (tick is 180 seconds, margin is 60 seconds).
[STDERR  ] 2017-06-16T21:46:23.257374131Z: [    9.619569] loop: module loaded
[STDERR  ] 2017-06-16T21:46:23.257379223Z: [    9.635091] nbd: registered device at major 43
[STDERR  ] 2017-06-16T21:46:23.257381895Z: [    9.679902] lpc_ich 0000:00:1f.0: I/O space for GPIO uninitialized
[STDERR  ] 2017-06-16T21:46:23.257386937Z: [    9.682529] VMware PVSCSI driver - version 1.0.7.0-k
[STDERR  ] 2017-06-16T21:46:23.257394525Z: [    9.683554] hv_vmbus: registering driver hv_storvsc
[STDERR  ] 2017-06-16T21:46:23.257399595Z: [    9.694418] ACPI: PCI Interrupt Link [GSIA] enabled at IRQ 16
[STDERR  ] 2017-06-16T21:46:23.257408291Z: [    9.701364] ahci 0000:00:1f.2: AHCI 0001.0000 32 slots 6 ports 1.5 Gbps 0x3f impl SATA mode
[STDERR  ] 2017-06-16T21:46:23.257413763Z: [    9.702456] ahci 0000:00:1f.2: flags: 64bit ncq only 
[STDERR  ] 2017-06-16T21:46:23.257426517Z: [    9.723798] scsi host0: ahci
[STDERR  ] 2017-06-16T21:46:23.257432068Z: [    9.728047] scsi host1: ahci
[STDERR  ] 2017-06-16T21:46:23.257440838Z: [    9.731519] scsi host2: ahci
[STDERR  ] 2017-06-16T21:46:23.257454313Z: [    9.734880] scsi host3: ahci
[STDERR  ] 2017-06-16T21:46:23.257465883Z: [    9.737436] scsi host4: ahci
[STDERR  ] 2017-06-16T21:46:23.257476093Z: [    9.739880] scsi host5: ahci
[STDERR  ] 2017-06-16T21:46:23.257489338Z: [    9.742088] ata1: SATA max UDMA/133 abar m4096@0xfebf1000 port 0xfebf1100 irq 24
[STDERR  ] 2017-06-16T21:46:23.257493961Z: [    9.742888] ata2: SATA max UDMA/133 abar m4096@0xfebf1000 port 0xfebf1180 irq 24
[STDERR  ] 2017-06-16T21:46:23.257507763Z: [    9.743658] ata3: SATA max UDMA/133 abar m4096@0xfebf1000 port 0xfebf1200 irq 24
[STDERR  ] 2017-06-16T21:46:23.257515023Z: [    9.744325] ata4: SATA max UDMA/133 abar m4096@0xfebf1000 port 0xfebf1280 irq 24
[STDERR  ] 2017-06-16T21:46:23.257520268Z: [    9.745005] ata5: SATA max UDMA/133 abar m4096@0xfebf1000 port 0xfebf1300 irq 24
[STDERR  ] 2017-06-16T21:46:23.257525455Z: [    9.745666] ata6: SATA max UDMA/133 abar m4096@0xfebf1000 port 0xfebf1380 irq 24
[STDERR  ] 2017-06-16T21:46:23.257530637Z: [    9.755955] Ethernet Channel Bonding Driver: v3.7.1 (April 27, 2011)
[STDERR  ] 2017-06-16T21:46:23.25753589Z: [    9.775161] tun: Universal TUN/TAP device driver, 1.6
[STDERR  ] 2017-06-16T21:46:23.257541023Z: [    9.775794] tun: (C) 1999-2004 Max Krasnyansky <maxk@qualcomm.com>
[STDERR  ] 2017-06-16T21:46:23.257549833Z: [    9.777825] ena: Elastic Network Adapter (ENA) v1.0.2
[STDERR  ] 2017-06-16T21:46:23.257555173Z: [    9.779912] e1000: Intel(R) PRO/1000 Network Driver - version 7.3.21-k8-NAPI
[STDERR  ] 2017-06-16T21:46:23.257563187Z: [    9.781046] e1000: Copyright (c) 1999-2006 Intel Corporation.
[STDERR  ] 2017-06-16T21:46:23.257572463Z: [    9.788824] ACPI: PCI Interrupt Link [GSIG] enabled at IRQ 22
[STDERR  ] 2017-06-16T21:46:23.25758103Z: [   10.087418] ata3: SATA link up 1.5 Gbps (SStatus 113 SControl 300)
[STDERR  ] 2017-06-16T21:46:23.257586238Z: [   10.090918] ata2: SATA link down (SStatus 0 SControl 300)
[STDERR  ] 2017-06-16T21:46:23.257591433Z: [   10.092726] ata1: SATA link down (SStatus 0 SControl 300)
[STDERR  ] 2017-06-16T21:46:23.257594198Z: [   10.093455] ata6: SATA link down (SStatus 0 SControl 300)
[STDERR  ] 2017-06-16T21:46:23.257599325Z: [   10.094148] ata5: SATA link down (SStatus 0 SControl 300)
[STDERR  ] 2017-06-16T21:46:23.257607162Z: [   10.094851] ata4: SATA link down (SStatus 0 SControl 300)
[STDERR  ] 2017-06-16T21:46:23.257612379Z: [   10.097406] ata3.00: ATAPI: QEMU DVD-ROM, 2.5+, max UDMA/100
[STDERR  ] 2017-06-16T21:46:23.257617756Z: [   10.098193] ata3.00: applying bridge limits
[STDERR  ] 2017-06-16T21:46:23.257622954Z: [   10.100235] ata3.00: configured for UDMA/100
[STDERR  ] 2017-06-16T21:46:23.257628406Z: [   10.112911] scsi 2:0:0:0: CD-ROM            QEMU     QEMU DVD-ROM     2.5+ PQ: 0 ANSI: 5
[STDERR  ] 2017-06-16T21:46:23.257631166Z: [   10.133540] sr 2:0:0:0: [sr0] scsi3-mmc drive: 4x/4x cd/rw xa/form2 tray
[STDERR  ] 2017-06-16T21:46:23.25763894Z: [   10.134721] cdrom: Uniform CD-ROM driver Revision: 3.20
[STDERR  ] 2017-06-16T21:46:23.257641557Z: [   10.141768] sr 2:0:0:0: Attached scsi generic sg0 type 5
[STDERR  ] 2017-06-16T21:46:23.25764928Z: [   10.164830] e1000 0000:00:02.0 eth0: (PCI:33MHz:32-bit) 52:54:00:12:34:56
[STDERR  ] 2017-06-16T21:46:23.257652059Z: [   10.165861] e1000 0000:00:02.0 eth0: Intel(R) PRO/1000 Network Connection
[STDERR  ] 2017-06-16T21:46:23.257660906Z: [   10.167031] e1000e: Intel(R) PRO/1000 Network Driver - 3.2.6-k
[STDERR  ] 2017-06-16T21:46:23.257668767Z: [   10.167600] e1000e: Copyright(c) 1999 - 2015 Intel Corporation.
[STDERR  ] 2017-06-16T21:46:23.25767146Z: [   10.168612] igb: Intel(R) Gigabit Ethernet Network Driver - version 5.4.0-k
[STDERR  ] 2017-06-16T21:46:23.257680326Z: [   10.169325] igb: Copyright (c) 2007-2014 Intel Corporation.
[STDERR  ] 2017-06-16T21:46:23.25768831Z: [   10.170689] igbvf: Intel(R) Gigabit Virtual Function Network Driver - version 2.4.0-k
[STDERR  ] 2017-06-16T21:46:23.25769353Z: [   10.171424] igbvf: Copyright (c) 2009 - 2012 Intel Corporation.
[STDERR  ] 2017-06-16T21:46:23.257698799Z: [   10.172455] ixgbe: Intel(R) 10 Gigabit PCI Express Network Driver - version 4.4.0-k
[STDERR  ] 2017-06-16T21:46:23.257703996Z: [   10.173165] ixgbe: Copyright (c) 1999-2016 Intel Corporation.
[STDERR  ] 2017-06-16T21:46:23.25770978Z: [   10.175032] ixgbevf: Intel(R) 10 Gigabit PCI Express Virtual Function Network Driver - version 3.2.2-k
[STDERR  ] 2017-06-16T21:46:23.257715299Z: [   10.176002] ixgbevf: Copyright (c) 2009 - 2015 Intel Corporation.
[STDERR  ] 2017-06-16T21:46:23.257720526Z: [   10.177622] ixgb: Intel(R) PRO/10GbE Network Driver - version 1.0.135-k2-NAPI
[STDERR  ] 2017-06-16T21:46:23.257725662Z: [   10.178307] ixgb: Copyright (c) 1999-2008 Intel Corporation.
[STDERR  ] 2017-06-16T21:46:23.257734397Z: [   10.179617] PPP generic driver version 2.4.2
[STDERR  ] 2017-06-16T21:46:23.257739622Z: [   10.182081] PPP BSD Compression module registered
[STDERR  ] 2017-06-16T21:46:23.25774482Z: [   10.182617] PPP Deflate Compression module registered
[STDERR  ] 2017-06-16T21:46:23.257750102Z: [   10.183424] PPP MPPE Compression module registered
[STDERR  ] 2017-06-16T21:46:23.257758617Z: [   10.183952] NET: Registered protocol family 24
[STDERR  ] 2017-06-16T21:46:23.257763896Z: [   10.184795] PPTP driver version 0.8.5
[STDERR  ] 2017-06-16T21:46:23.25776915Z: [   10.186014] VMware vmxnet3 virtual NIC driver - version 1.4.a.0-k-NAPI
[STDERR  ] 2017-06-16T21:46:23.257771977Z: [   10.187112] hv_vmbus: registering driver hv_netvsc
[STDERR  ] 2017-06-16T21:46:23.257777304Z: [   10.187614] Fusion MPT base driver 3.04.20
[STDERR  ] 2017-06-16T21:46:23.257792342Z: [   10.188013] Copyright (c) 1999-2008 LSI Corporation
[STDERR  ] 2017-06-16T21:46:23.257797782Z: [   10.188769] Fusion MPT SPI Host driver 3.04.20
[STDERR  ] 2017-06-16T21:46:23.257803174Z: [   10.194998] aoe: AoE v85 initialised.
[STDERR  ] 2017-06-16T21:46:23.257812227Z: [   10.198469] i8042: PNP: PS/2 Controller [PNP0303:KBD,PNP0f13:MOU] at 0x60,0x64 irq 1,12
[STDERR  ] 2017-06-16T21:46:23.257817484Z: [   10.204487] serio: i8042 KBD port at 0x60,0x64 irq 1
[STDERR  ] 2017-06-16T21:46:23.257820317Z: [   10.205467] serio: i8042 AUX port at 0x60,0x64 irq 12
[STDERR  ] 2017-06-16T21:46:23.257825446Z: [   10.208816] hv_vmbus: registering driver hyperv_keyboard
[STDERR  ] 2017-06-16T21:46:23.257833352Z: [   10.211631] mousedev: PS/2 mouse device common for all mice
[STDERR  ] 2017-06-16T21:46:23.257838612Z: [   10.217223] input: AT Translated Set 2 keyboard as /devices/platform/i8042/serio0/input/input1
[STDERR  ] 2017-06-16T21:46:23.257841506Z: [   10.220998] input: PC Speaker as /devices/platform/pcspkr/input/input2
[STDERR  ] 2017-06-16T21:46:23.257848262Z: [   10.225799] rtc_cmos 00:00: RTC can wake from S4
[STDERR  ] 2017-06-16T21:46:23.257856312Z: [   10.229301] rtc_cmos 00:00: rtc core: registered rtc_cmos as rtc0
[STDERR  ] 2017-06-16T21:46:23.257861542Z: [   10.231422] rtc_cmos 00:00: alarms up to one day, y3k, 114 bytes nvram, hpet irqs
[STDERR  ] 2017-06-16T21:46:23.257866802Z: [   10.233069] i2c /dev entries driver
[STDERR  ] 2017-06-16T21:46:23.257872047Z: [   10.236299] device-mapper: ioctl: 4.35.0-ioctl (2016-06-23) initialised: dm-devel@redhat.com
[STDERR  ] 2017-06-16T21:46:23.257877314Z: [   10.243194] hv_utils: Registering HyperV Utility Driver
[STDERR  ] 2017-06-16T21:46:23.257882534Z: [   10.244156] hv_vmbus: registering driver hv_util
[STDERR  ] 2017-06-16T21:46:23.257887712Z: [   10.244805] hv_vmbus: registering driver hv_balloon
[STDERR  ] 2017-06-16T21:46:23.257892909Z: [   10.245866] oprofile: using NMI interrupt.
[STDERR  ] 2017-06-16T21:46:23.257898212Z: [   10.247887] GACT probability on
[STDERR  ] 2017-06-16T21:46:23.257903736Z: [   10.248851] Mirror/redirect action on
[STDERR  ] 2017-06-16T21:46:23.257909094Z: [   10.250653] Simple TC action Loaded
[STDERR  ] 2017-06-16T21:46:23.257914296Z: [   10.255122] netem: version 1.3
[STDERR  ] 2017-06-16T21:46:23.25791949Z: [   10.255975] u32 classifier
[STDERR  ] 2017-06-16T21:46:23.25792464Z: [   10.256307]     Performance counters on
[STDERR  ] 2017-06-16T21:46:23.257929966Z: [   10.256706]     input device check on
[STDERR  ] 2017-06-16T21:46:23.257935244Z: [   10.257104]     Actions configured
[STDERR  ] 2017-06-16T21:46:23.257940562Z: [   10.257911] Netfilter messages via NETLINK v0.30.
[STDERR  ] 2017-06-16T21:46:23.257945866Z: [   10.258758] nfnl_acct: registering with nfnetlink.
[STDERR  ] 2017-06-16T21:46:23.257951149Z: [   10.261276] nf_conntrack version 0.5.0 (8192 buckets, 32768 max)
[STDERR  ] 2017-06-16T21:46:23.257956392Z: [   10.265192] ctnetlink v0.93: registering with nfnetlink.
[STDERR  ] 2017-06-16T21:46:23.25796161Z: [   10.269768] nf_tables: (c) 2007-2009 Patrick McHardy <kaber@trash.net>
[STDERR  ] 2017-06-16T21:46:23.257966917Z: [   10.272078] nf_tables_compat: (c) 2012 Pablo Neira Ayuso <pablo@netfilter.org>
[STDERR  ] 2017-06-16T21:46:23.257972292Z: [   10.276186] xt_time: kernel timezone is -0000
[STDERR  ] 2017-06-16T21:46:23.257977457Z: [   10.277354] ip_set: protocol 6
[STDERR  ] 2017-06-16T21:46:23.257982652Z: [   10.278531] IPVS: Registered protocols (TCP, UDP, SCTP, AH, ESP)
[STDERR  ] 2017-06-16T21:46:23.25798787Z: [   10.279795] IPVS: Connection hash table configured (size=4096, memory=64Kbytes)
[STDERR  ] 2017-06-16T21:46:23.257993074Z: [   10.283233] IPVS: Creating netns size=2104 id=0
[STDERR  ] 2017-06-16T21:46:23.25799821Z: [   10.287618] IPVS: ipvs loaded.
[STDERR  ] 2017-06-16T21:46:23.25800351Z: [   10.288299] IPVS: [rr] scheduler registered.
[STDERR  ] 2017-06-16T21:46:23.258006412Z: [   10.289094] IPVS: [wrr] scheduler registered.
[STDERR  ] 2017-06-16T21:46:23.258014832Z: [   10.289691] IPVS: [lc] scheduler registered.
[STDERR  ] 2017-06-16T21:46:23.258026094Z: [   10.290883] IPVS: [wlc] scheduler registered.
[STDERR  ] 2017-06-16T21:46:23.258031362Z: [   10.291573] IPVS: [fo] scheduler registered.
[STDERR  ] 2017-06-16T21:46:23.25803654Z: [   10.292035] IPVS: [ovf] scheduler registered.
[STDERR  ] 2017-06-16T21:46:23.258041826Z: [   10.292709] IPVS: [lblc] scheduler registered.
[STDERR  ] 2017-06-16T21:46:23.258051117Z: [   10.293337] IPVS: [lblcr] scheduler registered.
[STDERR  ] 2017-06-16T21:46:23.258058562Z: [   10.293995] IPVS: [dh] scheduler registered.
[STDERR  ] 2017-06-16T21:46:23.25806638Z: [   10.294724] IPVS: [sh] scheduler registered.
[STDERR  ] 2017-06-16T21:46:23.258071606Z: [   10.295146] IPVS: [sed] scheduler registered.
[STDERR  ] 2017-06-16T21:46:23.258074256Z: [   10.295580] IPVS: [nq] scheduler registered.
[STDERR  ] 2017-06-16T21:46:23.258082004Z: [   10.296507] IPVS: ftp: loaded support on port[0] = 21
[STDERR  ] 2017-06-16T21:46:23.258087222Z: [   10.297680] ipip: IPv4 and MPLS over IPv4 tunneling driver
[STDERR  ] 2017-06-16T21:46:23.25822474Z: [   10.303264] gre: GRE over IPv4 demultiplexor driver
[STDERR  ] 2017-06-16T21:46:23.258241742Z: [   10.303860] ip_gre: GRE over IPv4 tunneling driver
[STDERR  ] 2017-06-16T21:46:23.258247257Z: [   10.311048] IPv4 over IPsec tunneling driver
[STDERR  ] 2017-06-16T21:46:23.258249957Z: [   10.317731] ip_tables: (C) 2000-2006 Netfilter Core Team
[STDERR  ] 2017-06-16T21:46:23.258257814Z: [   10.322952] ipt_CLUSTERIP: ClusterIP Version 0.8 loaded successfully
[STDERR  ] 2017-06-16T21:46:23.258263077Z: [   10.324082] arp_tables: arp_tables: (C) 2002 David S. Miller
[STDERR  ] 2017-06-16T21:46:23.258268429Z: [   10.326758] Initializing XFRM netlink socket
[STDERR  ] 2017-06-16T21:46:23.258273606Z: [   10.328830] NET: Registered protocol family 10
[STDERR  ] 2017-06-16T21:46:23.258276412Z: [   10.347067] mip6: Mobile IPv6
[STDERR  ] 2017-06-16T21:46:23.258294122Z: [   10.348412] ip6_tables: (C) 2000-2006 Netfilter Core Team
[STDERR  ] 2017-06-16T21:46:23.258299882Z: [   10.356758] sit: IPv6, IPv4 and MPLS over IPv4 tunneling driver
[STDERR  ] 2017-06-16T21:46:23.258302564Z: [   10.365119] ip6_gre: GRE over IPv6 tunneling driver
[STDERR  ] 2017-06-16T21:46:23.258310554Z: [   10.369875] NET: Registered protocol family 17
[STDERR  ] 2017-06-16T21:46:23.258315732Z: [   10.371642] NET: Registered protocol family 15
[STDERR  ] 2017-06-16T21:46:23.258321109Z: [   10.373343] Bridge firewalling registered
[STDERR  ] 2017-06-16T21:46:23.258326307Z: [   10.374320] Ebtables v2.0 registered
[STDERR  ] 2017-06-16T21:46:23.258331609Z: [   10.377671] l2tp_core: L2TP core driver, V2.0
[STDERR  ] 2017-06-16T21:46:23.25833678Z: [   10.378397] l2tp_ppp: PPPoL2TP kernel driver, V2.0
[STDERR  ] 2017-06-16T21:46:23.258342096Z: [   10.379164] 8021q: 802.1Q VLAN Support v1.8
[STDERR  ] 2017-06-16T21:46:23.258347306Z: [   10.381292] 9pnet: Installing 9P2000 support
[STDERR  ] 2017-06-16T21:46:23.258352544Z: [   10.382338] Key type dns_resolver registered
[STDERR  ] 2017-06-16T21:46:23.258357734Z: [   10.382871] openvswitch: Open vSwitch switching datapath
[STDERR  ] 2017-06-16T21:46:23.258371027Z: [   10.385434] mpls_gso: MPLS GSO support
[STDERR  ] 2017-06-16T21:46:23.258376327Z: [   10.386628] microcode: AMD CPU family 0x6 not supported
[STDERR  ] 2017-06-16T21:46:23.258379209Z: [   10.391843] registered taskstats version 1
[STDERR  ] 2017-06-16T21:46:23.258387069Z: [   10.401143] tsc: Refined TSC clocksource calibration: 2600.004 MHz
[STDERR  ] 2017-06-16T21:46:23.258389792Z: [   10.402296] clocksource: tsc: mask: 0xffffffffffffffff max_cycles: 0x257a3ff7d60, max_idle_ns: 440795222870 ns
[STDERR  ] 2017-06-16T21:46:23.258398715Z: [   10.591523] Key type big_key registered
[STDERR  ] 2017-06-16T21:46:23.258404008Z: [   10.637994] Key type encrypted registered
[STDERR  ] 2017-06-16T21:46:23.258406778Z: [   10.643116] rtc_cmos 00:00: setting system clock to 2017-06-16 21:46:03 UTC (1497649563)
[STDERR  ] 2017-06-16T21:46:23.258432899Z: [   10.797719] Freeing unused kernel memory: 1456K (ffffffff9ff90000 - ffffffffa00fc000)
[STDERR  ] 2017-06-16T21:46:23.258448546Z: [   10.798654] Write protecting the kernel read-only data: 14336k
[STDERR  ] 2017-06-16T21:46:23.258451261Z: [   10.810750] Freeing unused kernel memory: 700K (ffff96835d951000 - ffff96835da00000)
[STDERR  ] 2017-06-16T21:46:23.258459098Z: [   10.886063] Freeing unused kernel memory: 976K (ffff96835dd0c000 - ffff96835de00000)
[STDERR  ] 2017-06-16T21:46:23.258466106Z: [   11.420947] clocksource: Switched to clocksource tsc
[STDERR  ] 2017-06-16T21:46:23.258471531Z: 
[STDERR  ] 2017-06-16T21:46:23.258479595Z: Starting containerd
[STDERR  ] 2017-06-16T21:46:23.258484725Z: 
[STDERR  ] 2017-06-16T21:46:23.258490056Z: Welcome to LinuxKit
[STDERR  ] 2017-06-16T21:46:23.258499298Z: 
[STDERR  ] 2017-06-16T21:46:23.258504625Z:                         ##         .
[STDERR  ] 2017-06-16T21:46:23.258509833Z:                   ## ## ##        ==
[STDERR  ] 2017-06-16T21:46:23.258520351Z:                ## ## ## ## ##    ===
[STDERR  ] 2017-06-16T21:46:23.258525921Z:            /"""""""""""""""""\___/ ===
[STDERR  ] 2017-06-16T21:46:23.258541239Z:       ~~~ {~~ ~~~~ ~~~ ~~~~ ~~~ ~ /  ===- ~~~
[STDERR  ] 2017-06-16T21:46:23.258546651Z:            \______ o           __/
[STDERR  ] 2017-06-16T21:46:23.258555595Z:              \    \         __/
[STDERR  ] 2017-06-16T21:46:23.258563826Z:               \____\_______/
[STDERR  ] 2017-06-16T21:46:23.258572253Z: 
[STDERR  ] 2017-06-16T21:46:23.258581646Z: [34mINFO[0m[0000] starting containerd boot...                   [34mmodule[0m=containerd
[STDERR  ] 2017-06-16T21:46:23.258603699Z: [34mINFO[0m[0000] starting debug API...                         [34mdebug[0m="/run/containerd/debug.sock" [34mmodule[0m=containerd
[STDERR  ] 2017-06-16T21:46:23.258614266Z: [34mINFO[0m[0000] loading plugin "io.containerd.content.v1.content"...  [34mmodule[0m=containerd [34mtype[0m=io.containerd.content.v1
[STDERR  ] 2017-06-16T21:46:23.258619735Z: [34mINFO[0m[0000] skipping plugin "io.containerd.snapshotter.v1.btrfs"...  [34mmodule[0m=containerd [34mtype[0m=io.containerd.snapshotter.v1
[STDERR  ] 2017-06-16T21:46:23.258626329Z: [34mINFO[0m[0000] loading plugin "io.containerd.snapshotter.v1.overlayfs"...  [34mmodule[0m=containerd [34mtype[0m=io.containerd.snapshotter.v1
[STDERR  ] 2017-06-16T21:46:23.258629583Z: [34mINFO[0m[0000] loading plugin "io.containerd.differ.v1.base-diff"...  [34mmodule[0m=containerd [34mtype[0m=io.containerd.differ.v1
[STDERR  ] 2017-06-16T21:46:23.258637216Z: [34mINFO[0m[0000] loading plugin "io.containerd.metadata.v1.bolt"...  [34mmodule[0m=containerd [34mtype[0m=io.containerd.metadata.v1
[STDERR  ] 2017-06-16T21:46:23.258639963Z: [34mINFO[0m[0000] loading plugin "io.containerd.grpc.v1.containers"...  [34mmodule[0m=containerd [34mtype[0m=io.containerd.grpc.v1
[STDERR  ] 2017-06-16T21:46:23.258647871Z: [34mINFO[0m[0000] loading plugin "io.containerd.grpc.v1.content"...  [34mmodule[0m=containerd [34mtype[0m=io.containerd.grpc.v1
[STDERR  ] 2017-06-16T21:46:23.258654413Z: [34mINFO[0m[0000] loading plugin "io.containerd.grpc.v1.diff"...  [34mmodule[0m=containerd [34mtype[0m=io.containerd.grpc.v1
[STDERR  ] 2017-06-16T21:46:23.258660421Z: [34mINFO[0m[0000] loading plugin "io.containerd.monitor.v1.cgroups"...  [34mmodule[0m=containerd [34mtype[0m=io.containerd.monitor.v1
[STDERR  ] 2017-06-16T21:46:23.258736549Z: [34mINFO[0m[0000] loading plugin "io.containerd.runtime.v1.linux"...  [34mmodule[0m=containerd [34mtype[0m=io.containerd.runtime.v1
[STDERR  ] 2017-06-16T21:46:23.258765543Z: [34mINFO[0m[0000] loading plugin "io.containerd.grpc.v1.tasks"...  [34mmodule[0m=containerd [34mtype[0m=io.containerd.grpc.v1
[STDERR  ] 2017-06-16T21:46:23.258771318Z: [34mINFO[0m[0000] loading plugin "io.containerd.grpc.v1.healthcheck"...  [34mmodule[0m=containerd [34mtype[0m=io.containerd.grpc.v1
[STDERR  ] 2017-06-16T21:46:23.258787265Z: [34mINFO[0m[0000] loading plugin "io.containerd.grpc.v1.images"...  [34mmodule[0m=containerd [34mtype[0m=io.containerd.grpc.v1
[STDERR  ] 2017-06-16T21:46:23.258797123Z: [   17.489620] random: fast init done
[STDERR  ] 2017-06-16T21:46:23.258802449Z: [34mINFO[0m[0000] loading plugin "io.containerd.grpc.v1.namespaces"...  [34mmodule[0m=containerd [34mtype[0m=io.containerd.grpc.v1
[STDERR  ] 2017-06-16T21:46:23.258807816Z: [34mINFO[0m[0000] loading plugin "io.containerd.grpc.v1.snapshots"...  [34mmodule[0m=containerd [34mtype[0m=io.containerd.grpc.v1
[STDERR  ] 2017-06-16T21:46:23.258813105Z: [34mINFO[0m[0000] loading plugin "io.containerd.grpc.v1.version"...  [34mmodule[0m=containerd [34mtype[0m=io.containerd.grpc.v1
[STDERR  ] 2017-06-16T21:46:23.258818426Z: [34mINFO[0m[0000] starting GRPC API server...                   [34mmodule[0m=containerd
[STDERR  ] 2017-06-16T21:46:23.258883083Z: [34mINFO[0m[0000] containerd successfully booted in 0.234013s   [34mmodule[0m=containerd
[STDERR  ] 2017-06-16T21:46:23.258889581Z: ca-certificates test suite PASSED
[STDERR  ] 2017-06-16T21:46:23.258894971Z:  - 000-test
[STDERR  ] 2017-06-16T21:46:23.258915238Z: [   29.941302] ACPI: Preparing to enter system sleep state S5
[STDERR  ] 2017-06-16T21:46:23.258921046Z: [   29.942869] reboot: Power down
[STDERR  ] 2017-06-16T21:46:23.258926616Z: + echo [    0.000000] Linux version 4.9.32-linuxkit (root@9ac68176ac52) (gcc version 6.3.0 (Alpine 6.3.0) ) #1 SMP Thu Jun 15 20:49:23 UTC 2017
[STDERR  ] 2017-06-16T21:46:23.258931958Z: [    0.000000] Command line: console=ttyS0 page_poison=1
[STDERR  ] 2017-06-16T21:46:23.258937455Z: [    0.000000] x86/fpu: Legacy x87 FPU detected.
[STDERR  ] 2017-06-16T21:46:23.258940258Z: [    0.000000] x86/fpu: Using 'eager' FPU context switches.
[STDERR  ] 2017-06-16T21:46:23.258947966Z: [    0.000000] e820: BIOS-provided physical RAM map:
[STDERR  ] 2017-06-16T21:46:23.258953255Z: [    0.000000] BIOS-e820: [mem 0x0000000000000000-0x000000000009fbff] usable
[STDERR  ] 2017-06-16T21:46:23.258955929Z: [    0.000000] BIOS-e820: [mem 0x000000000009fc00-0x000000000009ffff] reserved
[STDERR  ] 2017-06-16T21:46:23.258966261Z: [    0.000000] BIOS-e820: [mem 0x00000000000f0000-0x00000000000fffff] reserved
[STDERR  ] 2017-06-16T21:46:23.258969061Z: [    0.000000] BIOS-e820: [mem 0x0000000000100000-0x000000003ffdefff] usable
[STDERR  ] 2017-06-16T21:46:23.258974318Z: [    0.000000] BIOS-e820: [mem 0x000000003ffdf000-0x000000003fffffff] reserved
[STDERR  ] 2017-06-16T21:46:23.258999278Z: [    0.000000] BIOS-e820: [mem 0x00000000b0000000-0x00000000bfffffff] reserved
[STDERR  ] 2017-06-16T21:46:23.259011183Z: [    0.000000] BIOS-e820: [mem 0x00000000fed1c000-0x00000000fed1ffff] reserved
[STDERR  ] 2017-06-16T21:46:23.259016621Z: [    0.000000] BIOS-e820: [mem 0x00000000fffc0000-0x00000000ffffffff] reserved
[STDERR  ] 2017-06-16T21:46:23.259019405Z: [    0.000000] NX (Execute Disable) protection: active
[STDERR  ] 2017-06-16T21:46:23.259027418Z: [    0.000000] SMBIOS 2.8 present.
[STDERR  ] 2017-06-16T21:46:23.259032609Z: [    0.000000] e820: last_pfn = 0x3ffdf max_arch_pfn = 0x400000000
[STDERR  ] 2017-06-16T21:46:23.259037841Z: [    0.000000] x86/PAT: Configuration [0-7]: WB  WC  UC- UC  WB  WC  UC- WT  
[STDERR  ] 2017-06-16T21:46:23.259043221Z: [    0.000000] found SMP MP-table at [mem 0x000f6aa0-0x000f6aaf] mapped at [ffff9683400f6aa0]
[STDERR  ] 2017-06-16T21:46:23.259048413Z: [    0.000000] RAMDISK: [mem 0x3dd6c000-0x3ffcffff]
[STDERR  ] 2017-06-16T21:46:23.259061701Z: [    0.000000] ACPI: Early table checksum verification disabled
[STDERR  ] 2017-06-16T21:46:23.259068171Z: [    0.000000] ACPI: RSDP 0x00000000000F68C0 000014 (v00 BOCHS )
[STDERR  ] 2017-06-16T21:46:23.259070896Z: [    0.000000] ACPI: RSDT 0x000000003FFE2404 000034 (v01 BOCHS  BXPCRSDT 00000001 BXPC 00000001)
[STDERR  ] 2017-06-16T21:46:23.259082781Z: [    0.000000] ACPI: FACP 0x000000003FFE22A4 000074 (v01 BOCHS  BXPCFACP 00000001 BXPC 00000001)
[STDERR  ] 2017-06-16T21:46:23.259093023Z: [    0.000000] ACPI: DSDT 0x000000003FFE0040 002264 (v01 BOCHS  BXPCDSDT 00000001 BXPC 00000001)
[STDERR  ] 2017-06-16T21:46:23.259099489Z: [    0.000000] ACPI: FACS 0x000000003FFE0000 000040
[STDERR  ] 2017-06-16T21:46:23.259105239Z: [    0.000000] ACPI: APIC 0x000000003FFE2318 000078 (v01 BOCHS  BXPCAPIC 00000001 BXPC 00000001)
[STDERR  ] 2017-06-16T21:46:23.259113011Z: [    0.000000] ACPI: HPET 0x000000003FFE2390 000038 (v01 BOCHS  BXPCHPET 00000001 BXPC 00000001)
[STDERR  ] 2017-06-16T21:46:23.259118359Z: [    0.000000] ACPI: MCFG 0x000000003FFE23C8 00003C (v01 BOCHS  BXPCMCFG 00000001 BXPC 00000001)
[STDERR  ] 2017-06-16T21:46:23.259127916Z: [    0.000000] Zone ranges:
[STDERR  ] 2017-06-16T21:46:23.259146573Z: [    0.000000]   DMA      [mem 0x0000000000001000-0x0000000000ffffff]
[STDERR  ] 2017-06-16T21:46:23.259151785Z: [    0.000000]   DMA32    [mem 0x0000000001000000-0x000000003ffdefff]
[STDERR  ] 2017-06-16T21:46:23.259156936Z: [    0.000000]   Normal   empty
[STDERR  ] 2017-06-16T21:46:23.259162231Z: [    0.000000] Movable zone start for each node
[STDERR  ] 2017-06-16T21:46:23.259167391Z: [    0.000000] Early memory node ranges
[STDERR  ] 2017-06-16T21:46:23.259175311Z: [    0.000000]   node   0: [mem 0x0000000000001000-0x000000000009efff]
[STDERR  ] 2017-06-16T21:46:23.259184635Z: [    0.000000]   node   0: [mem 0x0000000000100000-0x000000003ffdefff]
[STDERR  ] 2017-06-16T21:46:23.259193781Z: [    0.000000] Initmem setup node 0 [mem 0x0000000000001000-0x000000003ffdefff]
[STDERR  ] 2017-06-16T21:46:23.259202526Z: [    0.000000] ACPI: PM-Timer IO Port: 0x608
[STDERR  ] 2017-06-16T21:46:23.259218001Z: [    0.000000] ACPI: LAPIC_NMI (acpi_id[0xff] dfl dfl lint[0x1])
[STDERR  ] 2017-06-16T21:46:23.259228203Z: [    0.000000] IOAPIC[0]: apic_id 0, version 32, address 0xfec00000, GSI 0-23
[STDERR  ] 2017-06-16T21:46:23.259233407Z: [    0.000000] ACPI: INT_SRC_OVR (bus 0 bus_irq 0 global_irq 2 dfl dfl)
[STDERR  ] 2017-06-16T21:46:23.25923615Z: [    0.000000] ACPI: INT_SRC_OVR (bus 0 bus_irq 5 global_irq 5 high level)
[STDERR  ] 2017-06-16T21:46:23.25924129Z: [    0.000000] ACPI: INT_SRC_OVR (bus 0 bus_irq 9 global_irq 9 high level)
[STDERR  ] 2017-06-16T21:46:23.259248934Z: [    0.000000] ACPI: INT_SRC_OVR (bus 0 bus_irq 10 global_irq 10 high level)
[STDERR  ] 2017-06-16T21:46:23.259254005Z: [    0.000000] ACPI: INT_SRC_OVR (bus 0 bus_irq 11 global_irq 11 high level)
[STDERR  ] 2017-06-16T21:46:23.25925915Z: [    0.000000] Using ACPI (MADT) for SMP configuration information
[STDERR  ] 2017-06-16T21:46:23.259264395Z: [    0.000000] ACPI: HPET id: 0x8086a201 base: 0xfed00000
[STDERR  ] 2017-06-16T21:46:23.259269512Z: [    0.000000] smpboot: Allowing 1 CPUs, 0 hotplug CPUs
[STDERR  ] 2017-06-16T21:46:23.259274615Z: [    0.000000] e820: [mem 0x40000000-0xafffffff] available for PCI devices
[STDERR  ] 2017-06-16T21:46:23.259279695Z: [    0.000000] Booting paravirtualized kernel on bare hardware
[STDERR  ] 2017-06-16T21:46:23.259289497Z: [    0.000000] clocksource: refined-jiffies: mask: 0xffffffff max_cycles: 0xffffffff, max_idle_ns: 19112604462750000 ns
[STDERR  ] 2017-06-16T21:46:23.259299708Z: [    0.000000] setup_percpu: NR_CPUS:128 nr_cpumask_bits:128 nr_cpu_ids:1 nr_node_ids:1
[STDERR  ] 2017-06-16T21:46:23.25930234Z: [    0.000000] percpu: Embedded 35 pages/cpu @ffff96837da00000 s105240 r8192 d29928 u2097152
[STDERR  ] 2017-06-16T21:46:23.25931017Z: [    0.000000] Built 1 zonelists in Zone order, mobility grouping on.  Total pages: 257896
[STDERR  ] 2017-06-16T21:46:23.259315317Z: [    0.000000] Kernel command line: console=ttyS0 page_poison=1
[STDERR  ] 2017-06-16T21:46:23.259320417Z: [    0.000000] PID hash table entries: 4096 (order: 3, 32768 bytes)
[STDERR  ] 2017-06-16T21:46:23.259325562Z: [    0.000000] Dentry cache hash table entries: 131072 (order: 8, 1048576 bytes)
[STDERR  ] 2017-06-16T21:46:23.259334815Z: [    0.000000] Inode-cache hash table entries: 65536 (order: 7, 524288 bytes)
[STDERR  ] 2017-06-16T21:46:23.25934435Z: [    0.000000] Memory: 976564K/1048052K available (9526K kernel code, 1595K rwdata, 3120K rodata, 1456K init, 604K bss, 71488K reserved, 0K cma-reserved)
[STDERR  ] 2017-06-16T21:46:23.25936556Z: [    0.000000] Hierarchical RCU implementation.
[STDERR  ] 2017-06-16T21:46:23.259372665Z: [    0.000000] 	Build-time adjustment of leaf fanout to 64.
[STDERR  ] 2017-06-16T21:46:23.25937794Z: [    0.000000] 	RCU restricting CPUs from NR_CPUS=128 to nr_cpu_ids=1.
[STDERR  ] 2017-06-16T21:46:23.259385395Z: [    0.000000] RCU: Adjusting geometry for rcu_fanout_leaf=64, nr_cpu_ids=1
[STDERR  ] 2017-06-16T21:46:23.2593907Z: [    0.000000] NR_IRQS:8448 nr_irqs:256 16
[STDERR  ] 2017-06-16T21:46:23.25939601Z: [    0.000000] Console: colour VGA+ 80x25
[STDERR  ] 2017-06-16T21:46:23.259401415Z: [    0.000000] console [ttyS0] enabled
[STDERR  ] 2017-06-16T21:46:23.25940666Z: [    0.000000] allocated 2097152 bytes of page_ext
[STDERR  ] 2017-06-16T21:46:23.259411948Z: [    0.000000] clocksource: hpet: mask: 0xffffffff max_cycles: 0xffffffff, max_idle_ns: 19112604467 ns
[STDERR  ] 2017-06-16T21:46:23.259414837Z: [    0.000000] tsc: Fast TSC calibration failed
[STDERR  ] 2017-06-16T21:46:23.25942937Z: [    0.000000] tsc: Unable to calibrate against PIT
[STDERR  ] 2017-06-16T21:46:23.259432167Z: [    0.000000] tsc: using HPET reference calibration
[STDERR  ] 2017-06-16T21:46:23.25944857Z: [    0.000000] tsc: Detected 2600.057 MHz processor
[STDERR  ] 2017-06-16T21:46:23.259462302Z: [    0.051478] Calibrating delay loop (skipped), value calculated using timer frequency.. 5200.11 BogoMIPS (lpj=26000570)
[STDERR  ] 2017-06-16T21:46:23.259467915Z: [    0.060673] pid_max: default: 32768 minimum: 301
[STDERR  ] 2017-06-16T21:46:23.25947296Z: [    0.061961] ACPI: Core revision 20160831
[STDERR  ] 2017-06-16T21:46:23.259478022Z: [    0.108050] ACPI: 1 ACPI AML tables successfully acquired and loaded
[STDERR  ] 2017-06-16T21:46:23.259483144Z: [    0.112411] Security Framework initialized
[STDERR  ] 2017-06-16T21:46:23.259488438Z: [    0.112964] Yama: becoming mindful.
[STDERR  ] 2017-06-16T21:46:23.25949109Z: [    0.115052] Mount-cache hash table entries: 2048 (order: 2, 16384 bytes)
[STDERR  ] 2017-06-16T21:46:23.259496217Z: [    0.115788] Mountpoint-cache hash table entries: 2048 (order: 2, 16384 bytes)
[STDERR  ] 2017-06-16T21:46:23.259503965Z: [    0.135601] Last level iTLB entries: 4KB 0, 2MB 0, 4MB 0
[STDERR  ] 2017-06-16T21:46:23.259509087Z: [    0.136281] Last level dTLB entries: 4KB 0, 2MB 0, 4MB 0, 1GB 0
[STDERR  ] 2017-06-16T21:46:23.259522507Z: [    0.510960] Freeing SMP alternatives memory: 24K (ffffffffa00fc000 - ffffffffa0102000)
[STDERR  ] 2017-06-16T21:46:23.25952779Z: [    0.521192] ftrace: allocating 41868 entries in 164 pages
[STDERR  ] 2017-06-16T21:46:23.25953065Z: [    0.722350] smpboot: Max logical packages: 1
[STDERR  ] 2017-06-16T21:46:23.25953585Z: [    0.728069] ..TIMER: vector=0x30 apic1=0 pin1=2 apic2=-1 pin2=-1
[STDERR  ] 2017-06-16T21:46:23.259543954Z: [    0.840000] smpboot: CPU0: AMD QEMU Virtual CPU version 2.5+ (family: 0x6, model: 0x6, stepping: 0x3)
[STDERR  ] 2017-06-16T21:46:23.259549237Z: [    0.840000] Performance Events: PMU not available due to virtualization, using software events only.
[STDERR  ] 2017-06-16T21:46:23.259554497Z: [    0.850245] NMI watchdog: disabled (cpu0): hardware events not enabled
[STDERR  ] 2017-06-16T21:46:23.259559697Z: [    0.851007] NMI watchdog: Shutting down hard lockup detector on all cpus
[STDERR  ] 2017-06-16T21:46:23.25956507Z: [    0.853907] x86: Booted up 1 node, 1 CPUs
[STDERR  ] 2017-06-16T21:46:23.259570415Z: [    0.854528] smpboot: Total of 1 processors activated (5200.11 BogoMIPS)
[STDERR  ] 2017-06-16T21:46:23.2595756Z: [    0.868285] devtmpfs: initialized
[STDERR  ] 2017-06-16T21:46:23.259578345Z: [    0.873843] x86/mm: Memory block size: 128MB
[STDERR  ] 2017-06-16T21:46:23.259593087Z: [    0.935563] clocksource: jiffies: mask: 0xffffffff max_cycles: 0xffffffff, max_idle_ns: 19112604462750000 ns
[STDERR  ] 2017-06-16T21:46:23.259599048Z: [    0.937004] futex hash table entries: 256 (order: 2, 16384 bytes)
[STDERR  ] 2017-06-16T21:46:23.259604278Z: [    0.946354] NET: Registered protocol family 16
[STDERR  ] 2017-06-16T21:46:23.259617855Z: [    0.956480] cpuidle: using governor ladder
[STDERR  ] 2017-06-16T21:46:23.259623918Z: [    0.957355] cpuidle: using governor menu
[STDERR  ] 2017-06-16T21:46:23.259626805Z: [    0.958860] ACPI: bus type PCI registered
[STDERR  ] 2017-06-16T21:46:23.259634698Z: [    0.962126] PCI: MMCONFIG for domain 0000 [bus 00-ff] at [mem 0xb0000000-0xbfffffff] (base 0xb0000000)
[STDERR  ] 2017-06-16T21:46:23.25964001Z: [    0.963313] PCI: MMCONFIG at [mem 0xb0000000-0xbfffffff] reserved in E820
[STDERR  ] 2017-06-16T21:46:23.259645364Z: [    0.964894] PCI: Using configuration type 1 for base access
[STDERR  ] 2017-06-16T21:46:23.259648182Z: [    1.039771] HugeTLB registered 2 MB page size, pre-allocated 0 pages
[STDERR  ] 2017-06-16T21:46:23.259657462Z: [    1.053875] ACPI: Added _OSI(Module Device)
[STDERR  ] 2017-06-16T21:46:23.259674074Z: [    1.054480] ACPI: Added _OSI(Processor Device)
[STDERR  ] 2017-06-16T21:46:23.2596794Z: [    1.054935] ACPI: Added _OSI(3.0 _SCP Extensions)
[STDERR  ] 2017-06-16T21:46:23.259682137Z: [    1.055360] ACPI: Added _OSI(Processor Aggregator Device)
[STDERR  ] 2017-06-16T21:46:23.25968733Z: [    1.129158] ACPI: Interpreter enabled
[STDERR  ] 2017-06-16T21:46:23.259695245Z: [    1.131351] ACPI: (supports S0 S5)
[STDERR  ] 2017-06-16T21:46:23.259698175Z: [    1.131769] ACPI: Using IOAPIC for interrupt routing
[STDERR  ] 2017-06-16T21:46:23.25970606Z: [    1.134134] PCI: Using host bridge windows from ACPI; if necessary, use "pci=nocrs" and report a bug
[STDERR  ] 2017-06-16T21:46:23.259711428Z: [    1.204625] ACPI: PCI Root Bridge [PCI0] (domain 0000 [bus 00-ff])
[STDERR  ] 2017-06-16T21:46:23.259716727Z: [    1.206054] acpi PNP0A08:00: _OSC: OS supports [ExtendedConfig ASPM ClockPM Segments MSI]
[STDERR  ] 2017-06-16T21:46:23.259719375Z: [    1.212720] acpi PNP0A08:00: _OSC: OS now controls [PCIeHotplug PME PCIeCapability]
[STDERR  ] 2017-06-16T21:46:23.25972735Z: [    1.217170] PCI host bridge to bus 0000:00
[STDERR  ] 2017-06-16T21:46:23.259732622Z: [    1.217939] pci_bus 0000:00: root bus resource [io  0x0000-0x0cf7 window]
[STDERR  ] 2017-06-16T21:46:23.25974551Z: [    1.218610] pci_bus 0000:00: root bus resource [io  0x0d00-0xffff window]
[STDERR  ] 2017-06-16T21:46:23.259751004Z: [    1.219327] pci_bus 0000:00: root bus resource [mem 0x000a0000-0x000bffff window]
[STDERR  ] 2017-06-16T21:46:23.259756247Z: [    1.220134] pci_bus 0000:00: root bus resource [mem 0xc0000000-0xfebfffff window]
[STDERR  ] 2017-06-16T21:46:23.259765758Z: [    1.221085] pci_bus 0000:00: root bus resource [bus 00-ff]
[STDERR  ] 2017-06-16T21:46:23.259771095Z: [    1.314406] pci 0000:00:1f.0: quirk: [io  0x0600-0x067f] claimed by ICH6 ACPI/GPIO/TCO
[STDERR  ] 2017-06-16T21:46:23.259773854Z: [    1.374924] ACPI: PCI Interrupt Link [LNKA] (IRQs 5 *10 11)
[STDERR  ] 2017-06-16T21:46:23.259787495Z: [    1.377877] ACPI: PCI Interrupt Link [LNKB] (IRQs 5 *10 11)
[STDERR  ] 2017-06-16T21:46:23.259793982Z: [    1.380196] ACPI: PCI Interrupt Link [LNKC] (IRQs 5 10 *11)
[STDERR  ] 2017-06-16T21:46:23.25980185Z: [    1.382283] ACPI: PCI Interrupt Link [LNKD] (IRQs 5 10 *11)
[STDERR  ] 2017-06-16T21:46:23.259807105Z: [    1.384776] ACPI: PCI Interrupt Link [LNKE] (IRQs 5 *10 11)
[STDERR  ] 2017-06-16T21:46:23.25982026Z: [    1.387875] ACPI: PCI Interrupt Link [LNKF] (IRQs 5 *10 11)
[STDERR  ] 2017-06-16T21:46:23.259826018Z: [    1.390346] ACPI: PCI Interrupt Link [LNKG] (IRQs 5 10 *11)
[STDERR  ] 2017-06-16T21:46:23.259831264Z: [    1.392417] ACPI: PCI Interrupt Link [LNKH] (IRQs 5 10 *11)
[STDERR  ] 2017-06-16T21:46:23.259836548Z: [    1.393622] ACPI: PCI Interrupt Link [GSIA] (IRQs *16)
[STDERR  ] 2017-06-16T21:46:23.259839335Z: [    1.394520] ACPI: PCI Interrupt Link [GSIB] (IRQs *17)
[STDERR  ] 2017-06-16T21:46:23.259844422Z: [    1.395424] ACPI: PCI Interrupt Link [GSIC] (IRQs *18)
[STDERR  ] 2017-06-16T21:46:23.259852238Z: [    1.396313] ACPI: PCI Interrupt Link [GSID] (IRQs *19)
[STDERR  ] 2017-06-16T21:46:23.259857437Z: [    1.397203] ACPI: PCI Interrupt Link [GSIE] (IRQs *20)
[STDERR  ] 2017-06-16T21:46:23.259869747Z: [    1.398091] ACPI: PCI Interrupt Link [GSIF] (IRQs *21)
[STDERR  ] 2017-06-16T21:46:23.259873074Z: [    1.398981] ACPI: PCI Interrupt Link [GSIG] (IRQs *22)
[STDERR  ] 2017-06-16T21:46:23.25987847Z: [    1.399923] ACPI: PCI Interrupt Link [GSIH] (IRQs *23)
[STDERR  ] 2017-06-16T21:46:23.259893294Z: [    1.404064] ACPI: Enabled 2 GPEs in block 00 to 3F
[STDERR  ] 2017-06-16T21:46:23.25989971Z: [    1.408628] SCSI subsystem initialized
[STDERR  ] 2017-06-16T21:46:23.259905064Z: [    1.412167] pps_core: LinuxPPS API ver. 1 registered
[STDERR  ] 2017-06-16T21:46:23.259910452Z: [    1.412656] pps_core: Software ver. 5.3.6 - Copyright 2005-2007 Rodolfo Giometti <giometti@linux.it>
[STDERR  ] 2017-06-16T21:46:23.2599159Z: [    1.413743] PTP clock support registered
[STDERR  ] 2017-06-16T21:46:23.25992563Z: [    1.415119] wmi: Mapper loaded
[STDERR  ] 2017-06-16T21:46:23.259931075Z: [    1.416427] PCI: Using ACPI for IRQ routing
[STDERR  ] 2017-06-16T21:46:23.259933887Z: [    1.434321] NetLabel: Initializing
[STDERR  ] 2017-06-16T21:46:23.259939267Z: [    1.434806] NetLabel:  domain hash size = 128
[STDERR  ] 2017-06-16T21:46:23.259947262Z: [    1.435216] NetLabel:  protocols = UNLABELED CIPSOv4
[STDERR  ] 2017-06-16T21:46:23.259957498Z: [    1.437424] NetLabel:  unlabeled traffic allowed by default
[STDERR  ] 2017-06-16T21:46:23.259970105Z: [    1.438818] HPET: 3 timers in total, 0 timers will be used for per-cpu timer
[STDERR  ] 2017-06-16T21:46:23.259975882Z: [    1.439826] hpet0: at MMIO 0xfed00000, IRQs 2, 8, 0
[STDERR  ] 2017-06-16T21:46:23.259980978Z: [    1.440440] hpet0: 3 comparators, 64-bit 100.000000 MHz counter
[STDERR  ] 2017-06-16T21:46:23.25998369Z: [    1.446920] clocksource: Switched to clocksource hpet
[STDERR  ] 2017-06-16T21:46:23.259991395Z: [    1.715435] VFS: Disk quotas dquot_6.6.0
[STDERR  ] 2017-06-16T21:46:23.259996662Z: [    1.716525] VFS: Dquot-cache hash table entries: 512 (order 0, 4096 bytes)
[STDERR  ] 2017-06-16T21:46:23.260001942Z: [    1.719476] FS-Cache: Loaded
[STDERR  ] 2017-06-16T21:46:23.26000466Z: [    1.724759] CacheFiles: Loaded
[STDERR  ] 2017-06-16T21:46:23.260012712Z: [    1.726625] pnp: PnP ACPI init
[STDERR  ] 2017-06-16T21:46:23.260017997Z: [    1.738631] pnp: PnP ACPI: found 5 devices
[STDERR  ] 2017-06-16T21:46:23.260023295Z: [    1.787449] clocksource: acpi_pm: mask: 0xffffff max_cycles: 0xffffff, max_idle_ns: 2085701024 ns
[STDERR  ] 2017-06-16T21:46:23.26002865Z: [    1.791033] NET: Registered protocol family 2
[STDERR  ] 2017-06-16T21:46:23.26003385Z: [    1.798066] TCP established hash table entries: 8192 (order: 4, 65536 bytes)
[STDERR  ] 2017-06-16T21:46:23.260046147Z: [    1.799163] TCP bind hash table entries: 8192 (order: 5, 131072 bytes)
[STDERR  ] 2017-06-16T21:46:23.260051588Z: [    1.800718] TCP: Hash tables configured (established 8192 bind 8192)
[STDERR  ] 2017-06-16T21:46:23.260056888Z: [    1.802415] UDP hash table entries: 512 (order: 2, 16384 bytes)
[STDERR  ] 2017-06-16T21:46:23.260059614Z: [    1.803217] UDP-Lite hash table entries: 512 (order: 2, 16384 bytes)
[STDERR  ] 2017-06-16T21:46:23.26006471Z: [    1.805774] NET: Registered protocol family 1
[STDERR  ] 2017-06-16T21:46:23.260072589Z: [    1.809412] RPC: Registered named UNIX socket transport module.
[STDERR  ] 2017-06-16T21:46:23.260075436Z: [    1.810357] RPC: Registered udp transport module.
[STDERR  ] 2017-06-16T21:46:23.260080526Z: [    1.810814] RPC: Registered tcp transport module.
[STDERR  ] 2017-06-16T21:46:23.260088354Z: [    1.811255] RPC: Registered tcp NFSv4.1 backchannel transport module.
[STDERR  ] 2017-06-16T21:46:23.260091079Z: [    1.812304] pci 0000:00:01.0: Video device with shadowed ROM at [mem 0x000c0000-0x000dffff]
[STDERR  ] 2017-06-16T21:46:23.260098739Z: [    1.819888] Unpacking initramfs...
[STDERR  ] 2017-06-16T21:46:23.260103979Z: [    9.378603] Freeing initrd memory: 35216K (ffff96837dd6c000 - ffff96837ffd0000)
[STDERR  ] 2017-06-16T21:46:23.260106659Z: [    9.403175] PCLMULQDQ-NI instructions are not detected.
[STDERR  ] 2017-06-16T21:46:23.260134719Z: [    9.404773] AVX or AES-NI instructions are not detected.
[STDERR  ] 2017-06-16T21:46:23.260138043Z: [    9.405475] CPU feature 'AVX registers' is not supported.
[STDERR  ] 2017-06-16T21:46:23.260143221Z: [    9.406028] CPU feature 'AVX registers' is not supported.
[STDERR  ] 2017-06-16T21:46:23.260150813Z: [    9.406664] CPU feature 'AVX registers' is not supported.
[STDERR  ] 2017-06-16T21:46:23.260153439Z: [    9.407334] CPU feature 'AVX registers' is not supported.
[STDERR  ] 2017-06-16T21:46:23.260162074Z: [    9.408000] AVX2 or AES-NI instructions are not detected.
[STDERR  ] 2017-06-16T21:46:23.260170411Z: [    9.408565] AVX2 instructions are not detected.
[STDERR  ] 2017-06-16T21:46:23.260173114Z: [    9.417656] audit: initializing netlink subsys (disabled)
[STDERR  ] 2017-06-16T21:46:23.260180737Z: [    9.419234] audit: type=2000 audit(1497649561.410:1): initialized
[STDERR  ] 2017-06-16T21:46:23.260185969Z: [    9.427215] workingset: timestamp_bits=46 max_order=18 bucket_order=0
[STDOUT  ] 2017-06-16T21:46:23.260279391Z: [    0.000000] Linux version 4.9.32-linuxkit (root@9ac68176ac52) (gcc version 6.3.0 (Alpine 6.3.0) ) #1 SMP Thu Jun 15 20:49:23 UTC 2017
[STDOUT  ] 2017-06-16T21:46:23.260314814Z: [    0.000000] Command line: console=ttyS0 page_poison=1
[STDOUT  ] 2017-06-16T21:46:23.260323329Z: [    0.000000] x86/fpu: Legacy x87 FPU detected.
[STDOUT  ] 2017-06-16T21:46:23.260326024Z: [    0.000000] x86/fpu: Using 'eager' FPU context switches.
[STDOUT  ] 2017-06-16T21:46:23.260333551Z: [    0.000000] e820: BIOS-provided physical RAM map:
[STDOUT  ] 2017-06-16T21:46:23.260336221Z: [    0.000000] BIOS-e820: [mem 0x0000000000000000-0x000000000009fbff] usable
[STDOUT  ] 2017-06-16T21:46:23.260350171Z: [    0.000000] BIOS-e820: [mem 0x000000000009fc00-0x000000000009ffff] reserved
[STDOUT  ] 2017-06-16T21:46:23.260354486Z: [    0.000000] BIOS-e820: [mem 0x00000000000f0000-0x00000000000fffff] reserved
[STDOUT  ] 2017-06-16T21:46:23.260359619Z: [    0.000000] BIOS-e820: [mem 0x0000000000100000-0x000000003ffdefff] usable
[STDOUT  ] 2017-06-16T21:46:23.260367461Z: [    0.000000] BIOS-e820: [mem 0x000000003ffdf000-0x000000003fffffff] reserved
[STDOUT  ] 2017-06-16T21:46:23.260372559Z: [    0.000000] BIOS-e820: [mem 0x00000000b0000000-0x00000000bfffffff] reserved
[STDOUT  ] 2017-06-16T21:46:23.260377696Z: [    0.000000] BIOS-e820: [mem 0x00000000fed1c000-0x00000000fed1ffff] reserved
[STDOUT  ] 2017-06-16T21:46:23.260387621Z: [    0.000000] BIOS-e820: [mem 0x00000000fffc0000-0x00000000ffffffff] reserved
[STDOUT  ] 2017-06-16T21:46:23.260390313Z: [    0.000000] NX (Execute Disable) protection: active
[STDOUT  ] 2017-06-16T21:46:23.260401784Z: [    0.000000] SMBIOS 2.8 present.
[STDOUT  ] 2017-06-16T21:46:23.260404444Z: [    0.000000] e820: last_pfn = 0x3ffdf max_arch_pfn = 0x400000000
[STDOUT  ] 2017-06-16T21:46:23.260412306Z: [    0.000000] x86/PAT: Configuration [0-7]: WB  WC  UC- UC  WB  WC  UC- WT  
[STDOUT  ] 2017-06-16T21:46:23.260423521Z: [    0.000000] found SMP MP-table at [mem 0x000f6aa0-0x000f6aaf] mapped at [ffff9683400f6aa0]
[STDOUT  ] 2017-06-16T21:46:23.260429599Z: [    0.000000] RAMDISK: [mem 0x3dd6c000-0x3ffcffff]
[STDOUT  ] 2017-06-16T21:46:23.260434683Z: [    0.000000] ACPI: Early table checksum verification disabled
[STDOUT  ] 2017-06-16T21:46:23.260439781Z: [    0.000000] ACPI: RSDP 0x00000000000F68C0 000014 (v00 BOCHS )
[STDOUT  ] 2017-06-16T21:46:23.260444941Z: [    0.000000] ACPI: RSDT 0x000000003FFE2404 000034 (v01 BOCHS  BXPCRSDT 00000001 BXPC 00000001)
[STDOUT  ] 2017-06-16T21:46:23.260450127Z: [    0.000000] ACPI: FACP 0x000000003FFE22A4 000074 (v01 BOCHS  BXPCFACP 00000001 BXPC 00000001)
[STDOUT  ] 2017-06-16T21:46:23.260455253Z: [    0.000000] ACPI: DSDT 0x000000003FFE0040 002264 (v01 BOCHS  BXPCDSDT 00000001 BXPC 00000001)
[STDOUT  ] 2017-06-16T21:46:23.260460434Z: [    0.000000] ACPI: FACS 0x000000003FFE0000 000040
[STDOUT  ] 2017-06-16T21:46:23.260465484Z: [    0.000000] ACPI: APIC 0x000000003FFE2318 000078 (v01 BOCHS  BXPCAPIC 00000001 BXPC 00000001)
[STDOUT  ] 2017-06-16T21:46:23.260483766Z: [    0.000000] ACPI: HPET 0x000000003FFE2390 000038 (v01 BOCHS  BXPCHPET 00000001 BXPC 00000001)
[STDOUT  ] 2017-06-16T21:46:23.260489559Z: [    0.000000] ACPI: MCFG 0x000000003FFE23C8 00003C (v01 BOCHS  BXPCMCFG 00000001 BXPC 00000001)
[STDOUT  ] 2017-06-16T21:46:23.260494914Z: [    0.000000] Zone ranges:
[STDOUT  ] 2017-06-16T21:46:23.260500233Z: [    0.000000]   DMA      [mem 0x0000000000001000-0x0000000000ffffff]
[STDOUT  ] 2017-06-16T21:46:23.260502999Z: [    0.000000]   DMA32    [mem 0x0000000001000000-0x000000003ffdefff]
[STDOUT  ] 2017-06-16T21:46:23.260508257Z: [    0.000000]   Normal   empty
[STDOUT  ] 2017-06-16T21:46:23.260516389Z: [    0.000000] Movable zone start for each node
[STDOUT  ] 2017-06-16T21:46:23.260521653Z: [    0.000000] Early memory node ranges
[STDOUT  ] 2017-06-16T21:46:23.260527029Z: [    0.000000]   node   0: [mem 0x0000000000001000-0x000000000009efff]
[STDOUT  ] 2017-06-16T21:46:23.260532284Z: [    0.000000]   node   0: [mem 0x0000000000100000-0x000000003ffdefff]
[STDOUT  ] 2017-06-16T21:46:23.260537463Z: [    0.000000] Initmem setup node 0 [mem 0x0000000000001000-0x000000003ffdefff]
[STDOUT  ] 2017-06-16T21:46:23.260542894Z: [    0.000000] ACPI: PM-Timer IO Port: 0x608
[STDOUT  ] 2017-06-16T21:46:23.260548186Z: [    0.000000] ACPI: LAPIC_NMI (acpi_id[0xff] dfl dfl lint[0x1])
[STDOUT  ] 2017-06-16T21:46:23.260553414Z: [    0.000000] IOAPIC[0]: apic_id 0, version 32, address 0xfec00000, GSI 0-23
[STDOUT  ] 2017-06-16T21:46:23.260558671Z: [    0.000000] ACPI: INT_SRC_OVR (bus 0 bus_irq 0 global_irq 2 dfl dfl)
[STDOUT  ] 2017-06-16T21:46:23.260567717Z: [    0.000000] ACPI: INT_SRC_OVR (bus 0 bus_irq 5 global_irq 5 high level)
[STDOUT  ] 2017-06-16T21:46:23.260572931Z: [    0.000000] ACPI: INT_SRC_OVR (bus 0 bus_irq 9 global_irq 9 high level)
[STDOUT  ] 2017-06-16T21:46:23.260578109Z: [    0.000000] ACPI: INT_SRC_OVR (bus 0 bus_irq 10 global_irq 10 high level)
[STDOUT  ] 2017-06-16T21:46:23.260583276Z: [    0.000000] ACPI: INT_SRC_OVR (bus 0 bus_irq 11 global_irq 11 high level)
[STDOUT  ] 2017-06-16T21:46:23.260589433Z: [    0.000000] Using ACPI (MADT) for SMP configuration information
[STDOUT  ] 2017-06-16T21:46:23.260598523Z: [    0.000000] ACPI: HPET id: 0x8086a201 base: 0xfed00000
[STDOUT  ] 2017-06-16T21:46:23.260606517Z: [    0.000000] smpboot: Allowing 1 CPUs, 0 hotplug CPUs
[STDOUT  ] 2017-06-16T21:46:23.260611727Z: [    0.000000] e820: [mem 0x40000000-0xafffffff] available for PCI devices
[STDOUT  ] 2017-06-16T21:46:23.260616849Z: [    0.000000] Booting paravirtualized kernel on bare hardware
[STDOUT  ] 2017-06-16T21:46:23.260622426Z: [    0.000000] clocksource: refined-jiffies: mask: 0xffffffff max_cycles: 0xffffffff, max_idle_ns: 19112604462750000 ns
[STDOUT  ] 2017-06-16T21:46:23.260628241Z: [    0.000000] setup_percpu: NR_CPUS:128 nr_cpumask_bits:128 nr_cpu_ids:1 nr_node_ids:1
[STDOUT  ] 2017-06-16T21:46:23.260633549Z: [    0.000000] percpu: Embedded 35 pages/cpu @ffff96837da00000 s105240 r8192 d29928 u2097152
[STDOUT  ] 2017-06-16T21:46:23.260638793Z: [    0.000000] Built 1 zonelists in Zone order, mobility grouping on.  Total pages: 257896
[STDOUT  ] 2017-06-16T21:46:23.260644099Z: [    0.000000] Kernel command line: console=ttyS0 page_poison=1
[STDOUT  ] 2017-06-16T21:46:23.260651373Z: [    0.000000] PID hash table entries: 4096 (order: 3, 32768 bytes)
[STDOUT  ] 2017-06-16T21:46:23.260654164Z: [    0.000000] Dentry cache hash table entries: 131072 (order: 8, 1048576 bytes)
[STDOUT  ] 2017-06-16T21:46:23.260661984Z: [    0.000000] Inode-cache hash table entries: 65536 (order: 7, 524288 bytes)
[STDOUT  ] 2017-06-16T21:46:23.260668553Z: [    0.000000] Memory: 976564K/1048052K available (9526K kernel code, 1595K rwdata, 3120K rodata, 1456K init, 604K bss, 71488K reserved, 0K cma-reserved)
[STDOUT  ] 2017-06-16T21:46:23.260679961Z: [    0.000000] Hierarchical RCU implementation.
[STDOUT  ] 2017-06-16T21:46:23.260685324Z: [    0.000000] 	Build-time adjustment of leaf fanout to 64.
[STDOUT  ] 2017-06-16T21:46:23.260694041Z: [    0.000000] 	RCU restricting CPUs from NR_CPUS=128 to nr_cpu_ids=1.
[STDOUT  ] 2017-06-16T21:46:23.260702756Z: [    0.000000] RCU: Adjusting geometry for rcu_fanout_leaf=64, nr_cpu_ids=1
[STDOUT  ] 2017-06-16T21:46:23.260708059Z: [    0.000000] NR_IRQS:8448 nr_irqs:256 16
[STDOUT  ] 2017-06-16T21:46:23.260713239Z: [    0.000000] Console: colour VGA+ 80x25
[STDOUT  ] 2017-06-16T21:46:23.260716046Z: [    0.000000] console [ttyS0] enabled
[STDOUT  ] 2017-06-16T21:46:23.260723599Z: [    0.000000] allocated 2097152 bytes of page_ext
[STDOUT  ] 2017-06-16T21:46:23.260726229Z: [    0.000000] clocksource: hpet: mask: 0xffffffff max_cycles: 0xffffffff, max_idle_ns: 19112604467 ns
[STDOUT  ] 2017-06-16T21:46:23.260734149Z: [    0.000000] tsc: Fast TSC calibration failed
[STDOUT  ] 2017-06-16T21:46:23.260736887Z: [    0.000000] tsc: Unable to calibrate against PIT
[STDOUT  ] 2017-06-16T21:46:23.260741976Z: [    0.000000] tsc: using HPET reference calibration
[STDOUT  ] 2017-06-16T21:46:23.260749743Z: [    0.000000] tsc: Detected 2600.057 MHz processor
[STDOUT  ] 2017-06-16T21:46:23.260760543Z: [    0.051478] Calibrating delay loop (skipped), value calculated using timer frequency.. 5200.11 BogoMIPS (lpj=26000570)
[STDOUT  ] 2017-06-16T21:46:23.260766173Z: [    0.060673] pid_max: default: 32768 minimum: 301
[STDOUT  ] 2017-06-16T21:46:23.260772323Z: [    0.061961] ACPI: Core revision 20160831
[STDOUT  ] 2017-06-16T21:46:23.260777573Z: [    0.108050] ACPI: 1 ACPI AML tables successfully acquired and loaded
[STDOUT  ] 2017-06-16T21:46:23.260782811Z: [    0.112411] Security Framework initialized
[STDOUT  ] 2017-06-16T21:46:23.260788197Z: [    0.112964] Yama: becoming mindful.
[STDOUT  ] 2017-06-16T21:46:23.260793456Z: [    0.115052] Mount-cache hash table entries: 2048 (order: 2, 16384 bytes)
[STDOUT  ] 2017-06-16T21:46:23.260798759Z: [    0.115788] Mountpoint-cache hash table entries: 2048 (order: 2, 16384 bytes)
[STDOUT  ] 2017-06-16T21:46:23.260804017Z: [    0.135601] Last level iTLB entries: 4KB 0, 2MB 0, 4MB 0
[STDOUT  ] 2017-06-16T21:46:23.260809309Z: [    0.136281] Last level dTLB entries: 4KB 0, 2MB 0, 4MB 0, 1GB 0
[STDOUT  ] 2017-06-16T21:46:23.260814616Z: [    0.510960] Freeing SMP alternatives memory: 24K (ffffffffa00fc000 - ffffffffa0102000)
[STDOUT  ] 2017-06-16T21:46:23.260819909Z: [    0.521192] ftrace: allocating 41868 entries in 164 pages
[STDOUT  ] 2017-06-16T21:46:23.260822829Z: [    0.722350] smpboot: Max logical packages: 1
[STDOUT  ] 2017-06-16T21:46:23.260830616Z: [    0.728069] ..TIMER: vector=0x30 apic1=0 pin1=2 apic2=-1 pin2=-1
[STDOUT  ] 2017-06-16T21:46:23.260835861Z: [    0.840000] smpboot: CPU0: AMD QEMU Virtual CPU version 2.5+ (family: 0x6, model: 0x6, stepping: 0x3)
[STDOUT  ] 2017-06-16T21:46:23.260841246Z: [    0.840000] Performance Events: PMU not available due to virtualization, using software events only.
[STDOUT  ] 2017-06-16T21:46:23.260846517Z: [    0.850245] NMI watchdog: disabled (cpu0): hardware events not enabled
[STDOUT  ] 2017-06-16T21:46:23.260849214Z: [    0.851007] NMI watchdog: Shutting down hard lockup detector on all cpus
[STDOUT  ] 2017-06-16T21:46:23.260857099Z: [    0.853907] x86: Booted up 1 node, 1 CPUs
[STDOUT  ] 2017-06-16T21:46:23.260859883Z: [    0.854528] smpboot: Total of 1 processors activated (5200.11 BogoMIPS)
[STDOUT  ] 2017-06-16T21:46:23.260865119Z: [    0.868285] devtmpfs: initialized
[STDOUT  ] 2017-06-16T21:46:23.260876923Z: [    0.873843] x86/mm: Memory block size: 128MB
[STDOUT  ] 2017-06-16T21:46:23.260882231Z: [    0.935563] clocksource: jiffies: mask: 0xffffffff max_cycles: 0xffffffff, max_idle_ns: 19112604462750000 ns
[STDOUT  ] 2017-06-16T21:46:23.260887457Z: [    0.937004] futex hash table entries: 256 (order: 2, 16384 bytes)
[STDOUT  ] 2017-06-16T21:46:23.260892677Z: [    0.946354] NET: Registered protocol family 16
[STDOUT  ] 2017-06-16T21:46:23.260895409Z: [    0.956480] cpuidle: using governor ladder
[STDOUT  ] 2017-06-16T21:46:23.260900474Z: [    0.957355] cpuidle: using governor menu
[STDOUT  ] 2017-06-16T21:46:23.260908296Z: [    0.958860] ACPI: bus type PCI registered
[STDOUT  ] 2017-06-16T21:46:23.26092032Z: [    0.962126] PCI: MMCONFIG for domain 0000 [bus 00-ff] at [mem 0xb0000000-0xbfffffff] (base 0xb0000000)
[STDOUT  ] 2017-06-16T21:46:23.260926168Z: [    0.963313] PCI: MMCONFIG at [mem 0xb0000000-0xbfffffff] reserved in E820
[STDOUT  ] 2017-06-16T21:46:23.260933465Z: [    0.964894] PCI: Using configuration type 1 for base access
[STDOUT  ] 2017-06-16T21:46:23.260947848Z: [    1.039771] HugeTLB registered 2 MB page size, pre-allocated 0 pages
[STDOUT  ] 2017-06-16T21:46:23.26095716Z: [    1.053875] ACPI: Added _OSI(Module Device)
[STDOUT  ] 2017-06-16T21:46:23.26096211Z: [    1.054480] ACPI: Added _OSI(Processor Device)
[STDOUT  ] 2017-06-16T21:46:23.260979263Z: [    1.054935] ACPI: Added _OSI(3.0 _SCP Extensions)
[STDOUT  ] 2017-06-16T21:46:23.260984535Z: [    1.055360] ACPI: Added _OSI(Processor Aggregator Device)
[STDOUT  ] 2017-06-16T21:46:23.26098974Z: [    1.129158] ACPI: Interpreter enabled
[STDOUT  ] 2017-06-16T21:46:23.260994938Z: [    1.131351] ACPI: (supports S0 S5)
[STDOUT  ] 2017-06-16T21:46:23.260997562Z: [    1.131769] ACPI: Using IOAPIC for interrupt routing
[STDOUT  ] 2017-06-16T21:46:23.261008728Z: [    1.134134] PCI: Using host bridge windows from ACPI; if necessary, use "pci=nocrs" and report a bug
[STDOUT  ] 2017-06-16T21:46:23.261014116Z: [    1.204625] ACPI: PCI Root Bridge [PCI0] (domain 0000 [bus 00-ff])
[STDOUT  ] 2017-06-16T21:46:23.261019368Z: [    1.206054] acpi PNP0A08:00: _OSC: OS supports [ExtendedConfig ASPM ClockPM Segments MSI]
[STDOUT  ] 2017-06-16T21:46:23.26102465Z: [    1.212720] acpi PNP0A08:00: _OSC: OS now controls [PCIeHotplug PME PCIeCapability]
[STDOUT  ] 2017-06-16T21:46:23.261032033Z: [    1.217170] PCI host bridge to bus 0000:00
[STDOUT  ] 2017-06-16T21:46:23.261037308Z: [    1.217939] pci_bus 0000:00: root bus resource [io  0x0000-0x0cf7 window]
[STDOUT  ] 2017-06-16T21:46:23.261040028Z: [    1.218610] pci_bus 0000:00: root bus resource [io  0x0d00-0xffff window]
[STDOUT  ] 2017-06-16T21:46:23.261047678Z: [    1.219327] pci_bus 0000:00: root bus resource [mem 0x000a0000-0x000bffff window]
[STDOUT  ] 2017-06-16T21:46:23.26105036Z: [    1.220134] pci_bus 0000:00: root bus resource [mem 0xc0000000-0xfebfffff window]
[STDOUT  ] 2017-06-16T21:46:23.261058052Z: [    1.221085] pci_bus 0000:00: root bus resource [bus 00-ff]
[STDOUT  ] 2017-06-16T21:46:23.261063205Z: [    1.314406] pci 0000:00:1f.0: quirk: [io  0x0600-0x067f] claimed by ICH6 ACPI/GPIO/TCO
[STDOUT  ] 2017-06-16T21:46:23.261068418Z: [    1.374924] ACPI: PCI Interrupt Link [LNKA] (IRQs 5 *10 11)
[STDOUT  ] 2017-06-16T21:46:23.261073565Z: [    1.377877] ACPI: PCI Interrupt Link [LNKB] (IRQs 5 *10 11)
[STDOUT  ] 2017-06-16T21:46:23.261078805Z: [    1.380196] ACPI: PCI Interrupt Link [LNKC] (IRQs 5 10 *11)
[STDOUT  ] 2017-06-16T21:46:23.261083786Z: [    1.382283] ACPI: PCI Interrupt Link [LNKD] (IRQs 5 10 *11)
[STDOUT  ] 2017-06-16T21:46:23.261088838Z: [    1.384776] ACPI: PCI Interrupt Link [LNKE] (IRQs 5 *10 11)
[STDOUT  ] 2017-06-16T21:46:23.261093878Z: [    1.387875] ACPI: PCI Interrupt Link [LNKF] (IRQs 5 *10 11)
[STDOUT  ] 2017-06-16T21:46:23.261099066Z: [    1.390346] ACPI: PCI Interrupt Link [LNKG] (IRQs 5 10 *11)
[STDOUT  ] 2017-06-16T21:46:23.26110174Z: [    1.392417] ACPI: PCI Interrupt Link [LNKH] (IRQs 5 10 *11)
[STDOUT  ] 2017-06-16T21:46:23.261106798Z: [    1.393622] ACPI: PCI Interrupt Link [GSIA] (IRQs *16)
[STDOUT  ] 2017-06-16T21:46:23.261114432Z: [    1.394520] ACPI: PCI Interrupt Link [GSIB] (IRQs *17)
[STDOUT  ] 2017-06-16T21:46:23.261120745Z: [    1.395424] ACPI: PCI Interrupt Link [GSIC] (IRQs *18)
[STDOUT  ] 2017-06-16T21:46:23.261129448Z: [    1.396313] ACPI: PCI Interrupt Link [GSID] (IRQs *19)
[STDOUT  ] 2017-06-16T21:46:23.261138403Z: [    1.397203] ACPI: PCI Interrupt Link [GSIE] (IRQs *20)
[STDOUT  ] 2017-06-16T21:46:23.261146662Z: [    1.398091] ACPI: PCI Interrupt Link [GSIF] (IRQs *21)
[STDOUT  ] 2017-06-16T21:46:23.261151886Z: [    1.398981] ACPI: PCI Interrupt Link [GSIG] (IRQs *22)
[STDOUT  ] 2017-06-16T21:46:23.261166586Z: [    1.399923] ACPI: PCI Interrupt Link [GSIH] (IRQs *23)
[STDOUT  ] 2017-06-16T21:46:23.261176003Z: [    1.404064] ACPI: Enabled 2 GPEs in block 00 to 3F
[STDOUT  ] 2017-06-16T21:46:23.261181265Z: [    1.408628] SCSI subsystem initialized
[STDOUT  ] 2017-06-16T21:46:23.261186405Z: [    1.412167] pps_core: LinuxPPS API ver. 1 registered
[STDOUT  ] 2017-06-16T21:46:23.261191788Z: [    1.412656] pps_core: Software ver. 5.3.6 - Copyright 2005-2007 Rodolfo Giometti <giometti@linux.it>
[STDOUT  ] 2017-06-16T21:46:23.261196993Z: [    1.413743] PTP clock support registered
[STDOUT  ] 2017-06-16T21:46:23.261207996Z: [    1.415119] wmi: Mapper loaded
[STDOUT  ] 2017-06-16T21:46:23.26121346Z: [    1.416427] PCI: Using ACPI for IRQ routing
[STDOUT  ] 2017-06-16T21:46:23.26121624Z: [    1.434321] NetLabel: Initializing
[STDOUT  ] 2017-06-16T21:46:23.261224102Z: [    1.434806] NetLabel:  domain hash size = 128
[STDOUT  ] 2017-06-16T21:46:23.261226738Z: [    1.435216] NetLabel:  protocols = UNLABELED CIPSOv4
[STDOUT  ] 2017-06-16T21:46:23.261234533Z: [    1.437424] NetLabel:  unlabeled traffic allowed by default
[STDOUT  ] 2017-06-16T21:46:23.26124379Z: [    1.438818] HPET: 3 timers in total, 0 timers will be used for per-cpu timer
[STDOUT  ] 2017-06-16T21:46:23.261249368Z: [    1.439826] hpet0: at MMIO 0xfed00000, IRQs 2, 8, 0
[STDOUT  ] 2017-06-16T21:46:23.26125458Z: [    1.440440] hpet0: 3 comparators, 64-bit 100.000000 MHz counter
[STDOUT  ] 2017-06-16T21:46:23.261259768Z: [    1.446920] clocksource: Switched to clocksource hpet
[STDOUT  ] 2017-06-16T21:46:23.261262533Z: [    1.715435] VFS: Disk quotas dquot_6.6.0
[STDOUT  ] 2017-06-16T21:46:23.261270318Z: [    1.716525] VFS: Dquot-cache hash table entries: 512 (order 0, 4096 bytes)
[STDOUT  ] 2017-06-16T21:46:23.261275588Z: [    1.719476] FS-Cache: Loaded
[STDOUT  ] 2017-06-16T21:46:23.261281003Z: [    1.724759] CacheFiles: Loaded
[STDOUT  ] 2017-06-16T21:46:23.261283738Z: [    1.726625] pnp: PnP ACPI init
[STDOUT  ] 2017-06-16T21:46:23.261291946Z: [    1.738631] pnp: PnP ACPI: found 5 devices
[STDOUT  ] 2017-06-16T21:46:23.261294765Z: [    1.787449] clocksource: acpi_pm: mask: 0xffffff max_cycles: 0xffffff, max_idle_ns: 2085701024 ns
[STDOUT  ] 2017-06-16T21:46:23.261302525Z: [    1.791033] NET: Registered protocol family 2
[STDOUT  ] 2017-06-16T21:46:23.261307773Z: [    1.798066] TCP established hash table entries: 8192 (order: 4, 65536 bytes)
[STDOUT  ] 2017-06-16T21:46:23.26131316Z: [    1.799163] TCP bind hash table entries: 8192 (order: 5, 131072 bytes)
[STDOUT  ] 2017-06-16T21:46:23.261315858Z: [    1.800718] TCP: Hash tables configured (established 8192 bind 8192)
[STDOUT  ] 2017-06-16T21:46:23.261324012Z: [    1.802415] UDP hash table entries: 512 (order: 2, 16384 bytes)
[STDOUT  ] 2017-06-16T21:46:23.261329246Z: [    1.803217] UDP-Lite hash table entries: 512 (order: 2, 16384 bytes)
[STDOUT  ] 2017-06-16T21:46:23.261334508Z: [    1.805774] NET: Registered protocol family 1
[STDOUT  ] 2017-06-16T21:46:23.261337206Z: [    1.809412] RPC: Registered named UNIX socket transport module.
[STDOUT  ] 2017-06-16T21:46:23.261342476Z: [    1.810357] RPC: Registered udp transport module.
[STDOUT  ] 2017-06-16T21:46:23.261350495Z: [    1.810814] RPC: Registered tcp transport module.
[STDOUT  ] 2017-06-16T21:46:23.26135578Z: [    1.811255] RPC: Registered tcp NFSv4.1 backchannel transport module.
[STDOUT  ] 2017-06-16T21:46:23.261361278Z: [    1.812304] pci 0000:00:01.0: Video device with shadowed ROM at [mem 0x000c0000-0x000dffff]
[STDOUT  ] 2017-06-16T21:46:23.261366606Z: [    1.819888] Unpacking initramfs...
[STDOUT  ] 2017-06-16T21:46:23.261375572Z: [    9.378603] Freeing initrd memory: 35216K (ffff96837dd6c000 - ffff96837ffd0000)
[STDOUT  ] 2017-06-16T21:46:23.26138085Z: [    9.403175] PCLMULQDQ-NI instructions are not detected.
[STDOUT  ] 2017-06-16T21:46:23.261386146Z: [    9.404773] AVX or AES-NI instructions are not detected.
[STDOUT  ] 2017-06-16T21:46:23.261391333Z: [    9.405475] CPU feature 'AVX registers' is not supported.
[STDOUT  ] 2017-06-16T21:46:23.261396526Z: [    9.406028] CPU feature 'AVX registers' is not supported.
[STDOUT  ] 2017-06-16T21:46:23.261407525Z: [    9.406664] CPU feature 'AVX registers' is not supported.
[STDOUT  ] 2017-06-16T21:46:23.261413276Z: [    9.407334] CPU feature 'AVX registers' is not supported.
[STDOUT  ] 2017-06-16T21:46:23.261427075Z: [    9.408000] AVX2 or AES-NI instructions are not detected.
[STDOUT  ] 2017-06-16T21:46:23.26143242Z: [    9.408565] AVX2 instructions are not detected.
[STDOUT  ] 2017-06-16T21:46:23.261437818Z: [    9.417656] audit: initializing netlink subsys (disabled)
[STDOUT  ] 2017-06-16T21:46:23.261446955Z: [    9.419234] audit: type=2000 audit(1497649561.410:1): initialized
[STDOUT  ] 2017-06-16T21:46:23.261452562Z: [    9.427215] workingset: timestamp_bits=46 max_order=18 bucket_order=0
[STDOUT  ] 2017-06-16T21:46:23.261457915Z: [    9.432887] FS-Cache: Netfs 'nfs' registered for caching
[STDOUT  ] 2017-06-16T21:46:23.261460698Z: [    9.435122] NFS: Registering the id_resolver key type
[STDOUT  ] 2017-06-16T21:46:23.261465876Z: [    9.436676] Key type id_resolver registered
[STDOUT  ] 2017-06-16T21:46:23.261473902Z: [    9.437133] Key type id_legacy registered
[STDOUT  ] 2017-06-16T21:46:23.261479398Z: [    9.437746] nfs4filelayout_init: NFSv4 File Layout Driver Registering...
[STDOUT  ] 2017-06-16T21:46:23.261482255Z: [    9.438762] Installing knfsd (copyright (C) 1996 okir@monad.swb.de).
[STDOUT  ] 2017-06-16T21:46:23.261490098Z: [    9.442935] FS-Cache: Netfs 'cifs' registered for caching
[STDOUT  ] 2017-06-16T21:46:23.261499613Z: [    9.444220] ntfs: driver 2.1.32 [Flags: R/O].
[STDOUT  ] 2017-06-16T21:46:23.261502432Z: [    9.444981] fuse init (API version 7.26)
[STDOUT  ] 2017-06-16T21:46:23.261510382Z: [    9.447475] SGI XFS with ACLs, security attributes, no debug enabled
[STDOUT  ] 2017-06-16T21:46:23.261516628Z: [    9.452212] 9p: Installing v9fs 9p2000 file system support
[STDOUT  ] 2017-06-16T21:46:23.261524413Z: [    9.453039] FS-Cache: Netfs '9p' registered for caching
[STDOUT  ] 2017-06-16T21:46:23.261527148Z: [    9.488628] NET: Registered protocol family 38
[STDOUT  ] 2017-06-16T21:46:23.26153511Z: [    9.489556] Key type asymmetric registered
[STDOUT  ] 2017-06-16T21:46:23.261540458Z: [    9.490006] Asymmetric key parser 'x509' registered
[STDOUT  ] 2017-06-16T21:46:23.261543318Z: [    9.492029] Block layer SCSI generic (bsg) driver version 0.4 loaded (major 251)
[STDOUT  ] 2017-06-16T21:46:23.261551252Z: [    9.493663] io scheduler noop registered
[STDOUT  ] 2017-06-16T21:46:23.261556583Z: [    9.494111] io scheduler deadline registered (default)
[STDOUT  ] 2017-06-16T21:46:23.261562053Z: [    9.494948] io scheduler cfq registered
[STDOUT  ] 2017-06-16T21:46:23.261564715Z: [    9.497853] pci_hotplug: PCI Hot Plug PCI Core version: 0.5
[STDOUT  ] 2017-06-16T21:46:23.261572812Z: [    9.498687] pciehp: PCI Express Hot Plug Controller Driver version: 0.4
[STDOUT  ] 2017-06-16T21:46:23.261578076Z: [    9.499856] shpchp: Standard Hot Plug PCI Controller Driver version: 0.4
[STDOUT  ] 2017-06-16T21:46:23.261583473Z: [    9.501904] hv_vmbus: registering driver hyperv_fb
[STDOUT  ] 2017-06-16T21:46:23.261588753Z: [    9.505281] input: Power Button as /devices/LNXSYSTM:00/LNXPWRBN:00/input/input0
[STDOUT  ] 2017-06-16T21:46:23.261591678Z: [    9.506662] ACPI: Power Button [PWRF]
[STDOUT  ] 2017-06-16T21:46:23.261596888Z: [    9.512058] GHES: HEST is not enabled!
[STDOUT  ] 2017-06-16T21:46:23.261604878Z: [    9.523487] ACPI: PCI Interrupt Link [GSIH] enabled at IRQ 23
[STDOUT  ] 2017-06-16T21:46:23.261610302Z: [    9.529942] xenfs: not registering filesystem on non-xen platform
[STDOUT  ] 2017-06-16T21:46:23.261619235Z: [    9.532910] Serial: 8250/16550 driver, 4 ports, IRQ sharing disabled
[STDOUT  ] 2017-06-16T21:46:23.261624882Z: [    9.559873] 00:04: ttyS0 at I/O 0x3f8 (irq = 4, base_baud = 115200) is a 16550A
[STDOUT  ] 2017-06-16T21:46:23.261630502Z: [    9.567751] Initializing Nozomi driver 2.1d
[STDOUT  ] 2017-06-16T21:46:23.261635898Z: [    9.572567] Non-volatile memory driver v1.3
[STDOUT  ] 2017-06-16T21:46:23.261645083Z: [    9.579001] Hangcheck: starting hangcheck timer 0.9.1 (tick is 180 seconds, margin is 60 seconds).
[STDOUT  ] 2017-06-16T21:46:23.2616515Z: [    9.619569] loop: module loaded
[STDOUT  ] 2017-06-16T21:46:23.261656958Z: [    9.635091] nbd: registered device at major 43
[STDOUT  ] 2017-06-16T21:46:23.261664812Z: [    9.679902] lpc_ich 0000:00:1f.0: I/O space for GPIO uninitialized
[STDOUT  ] 2017-06-16T21:46:23.261670012Z: [    9.682529] VMware PVSCSI driver - version 1.0.7.0-k
[STDOUT  ] 2017-06-16T21:46:23.261672793Z: [    9.683554] hv_vmbus: registering driver hv_storvsc
[STDOUT  ] 2017-06-16T21:46:23.261677905Z: [    9.694418] ACPI: PCI Interrupt Link [GSIA] enabled at IRQ 16
[STDOUT  ] 2017-06-16T21:46:23.261685828Z: [    9.701364] ahci 0000:00:1f.2: AHCI 0001.0000 32 slots 6 ports 1.5 Gbps 0x3f impl SATA mode
[STDOUT  ] 2017-06-16T21:46:23.261691108Z: [    9.702456] ahci 0000:00:1f.2: flags: 64bit ncq only 
[STDOUT  ] 2017-06-16T21:46:23.261696408Z: [    9.723798] scsi host0: ahci
[STDOUT  ] 2017-06-16T21:46:23.261701625Z: [    9.728047] scsi host1: ahci
[STDOUT  ] 2017-06-16T21:46:23.261706923Z: [    9.731519] scsi host2: ahci
[STDOUT  ] 2017-06-16T21:46:23.261712122Z: [    9.734880] scsi host3: ahci
[STDOUT  ] 2017-06-16T21:46:23.261717248Z: [    9.737436] scsi host4: ahci
[STDOUT  ] 2017-06-16T21:46:23.261722458Z: [    9.739880] scsi host5: ahci
[STDOUT  ] 2017-06-16T21:46:23.261727696Z: [    9.742088] ata1: SATA max UDMA/133 abar m4096@0xfebf1000 port 0xfebf1100 irq 24
[STDOUT  ] 2017-06-16T21:46:23.261733042Z: [    9.742888] ata2: SATA max UDMA/133 abar m4096@0xfebf1000 port 0xfebf1180 irq 24
[STDOUT  ] 2017-06-16T21:46:23.261738336Z: [    9.743658] ata3: SATA max UDMA/133 abar m4096@0xfebf1000 port 0xfebf1200 irq 24
[STDOUT  ] 2017-06-16T21:46:23.261743636Z: [    9.744325] ata4: SATA max UDMA/133 abar m4096@0xfebf1000 port 0xfebf1280 irq 24
[STDOUT  ] 2017-06-16T21:46:23.261746416Z: [    9.745005] ata5: SATA max UDMA/133 abar m4096@0xfebf1000 port 0xfebf1300 irq 24
[STDOUT  ] 2017-06-16T21:46:23.261754137Z: [    9.745666] ata6: SATA max UDMA/133 abar m4096@0xfebf1000 port 0xfebf1380 irq 24
[STDOUT  ] 2017-06-16T21:46:23.261759389Z: [    9.755955] Ethernet Channel Bonding Driver: v3.7.1 (April 27, 2011)
[STDOUT  ] 2017-06-16T21:46:23.261761991Z: [    9.775161] tun: Universal TUN/TAP device driver, 1.6
[STDOUT  ] 2017-06-16T21:46:23.261770039Z: [    9.775794] tun: (C) 1999-2004 Max Krasnyansky <maxk@qualcomm.com>
[STDOUT  ] 2017-06-16T21:46:23.261775255Z: [    9.777825] ena: Elastic Network Adapter (ENA) v1.0.2
[STDOUT  ] 2017-06-16T21:46:23.261780427Z: [    9.779912] e1000: Intel(R) PRO/1000 Network Driver - version 7.3.21-k8-NAPI
[STDOUT  ] 2017-06-16T21:46:23.261785729Z: [    9.781046] e1000: Copyright (c) 1999-2006 Intel Corporation.
[STDOUT  ] 2017-06-16T21:46:23.261794867Z: [    9.788824] ACPI: PCI Interrupt Link [GSIG] enabled at IRQ 22
[STDOUT  ] 2017-06-16T21:46:23.261802247Z: [   10.087418] ata3: SATA link up 1.5 Gbps (SStatus 113 SControl 300)
[STDOUT  ] 2017-06-16T21:46:23.261811071Z: [   10.090918] ata2: SATA link down (SStatus 0 SControl 300)
[STDOUT  ] 2017-06-16T21:46:23.261816379Z: [   10.092726] ata1: SATA link down (SStatus 0 SControl 300)
[STDOUT  ] 2017-06-16T21:46:23.261821591Z: [   10.093455] ata6: SATA link down (SStatus 0 SControl 300)
[STDOUT  ] 2017-06-16T21:46:23.261824364Z: [   10.094148] ata5: SATA link down (SStatus 0 SControl 300)
[STDOUT  ] 2017-06-16T21:46:23.261829474Z: [   10.094851] ata4: SATA link down (SStatus 0 SControl 300)
[STDOUT  ] 2017-06-16T21:46:23.261837301Z: [   10.097406] ata3.00: ATAPI: QEMU DVD-ROM, 2.5+, max UDMA/100
[STDOUT  ] 2017-06-16T21:46:23.261842751Z: [   10.098193] ata3.00: applying bridge limits
[STDOUT  ] 2017-06-16T21:46:23.261847961Z: [   10.100235] ata3.00: configured for UDMA/100
[STDOUT  ] 2017-06-16T21:46:23.261850759Z: [   10.112911] scsi 2:0:0:0: CD-ROM            QEMU     QEMU DVD-ROM     2.5+ PQ: 0 ANSI: 5
[STDOUT  ] 2017-06-16T21:46:23.261858552Z: [   10.133540] sr 2:0:0:0: [sr0] scsi3-mmc drive: 4x/4x cd/rw xa/form2 tray
[STDOUT  ] 2017-06-16T21:46:23.261864004Z: [   10.134721] cdrom: Uniform CD-ROM driver Revision: 3.20
[STDOUT  ] 2017-06-16T21:46:23.261875671Z: [   10.141768] sr 2:0:0:0: Attached scsi generic sg0 type 5
[STDOUT  ] 2017-06-16T21:46:23.261881027Z: [   10.164830] e1000 0000:00:02.0 eth0: (PCI:33MHz:32-bit) 52:54:00:12:34:56
[STDOUT  ] 2017-06-16T21:46:23.261886335Z: [   10.165861] e1000 0000:00:02.0 eth0: Intel(R) PRO/1000 Network Connection
[STDOUT  ] 2017-06-16T21:46:23.261891547Z: [   10.167031] e1000e: Intel(R) PRO/1000 Network Driver - 3.2.6-k
[STDOUT  ] 2017-06-16T21:46:23.261896787Z: [   10.167600] e1000e: Copyright(c) 1999 - 2015 Intel Corporation.
[STDOUT  ] 2017-06-16T21:46:23.261909031Z: [   10.168612] igb: Intel(R) Gigabit Ethernet Network Driver - version 5.4.0-k
[STDOUT  ] 2017-06-16T21:46:23.261914611Z: [   10.169325] igb: Copyright (c) 2007-2014 Intel Corporation.
[STDOUT  ] 2017-06-16T21:46:23.261919939Z: [   10.170689] igbvf: Intel(R) Gigabit Virtual Function Network Driver - version 2.4.0-k
[STDOUT  ] 2017-06-16T21:46:23.261926612Z: [   10.171424] igbvf: Copyright (c) 2009 - 2012 Intel Corporation.
[STDOUT  ] 2017-06-16T21:46:23.261931997Z: [   10.172455] ixgbe: Intel(R) 10 Gigabit PCI Express Network Driver - version 4.4.0-k
[STDOUT  ] 2017-06-16T21:46:23.261939904Z: [   10.173165] ixgbe: Copyright (c) 1999-2016 Intel Corporation.
[STDOUT  ] 2017-06-16T21:46:23.261945269Z: [   10.175032] ixgbevf: Intel(R) 10 Gigabit PCI Express Virtual Function Network Driver - version 3.2.2-k
[STDOUT  ] 2017-06-16T21:46:23.261948095Z: [   10.176002] ixgbevf: Copyright (c) 2009 - 2015 Intel Corporation.
[STDOUT  ] 2017-06-16T21:46:23.261953271Z: [   10.177622] ixgb: Intel(R) PRO/10GbE Network Driver - version 1.0.135-k2-NAPI
[STDOUT  ] 2017-06-16T21:46:23.261961232Z: [   10.178307] ixgb: Copyright (c) 1999-2008 Intel Corporation.
[STDOUT  ] 2017-06-16T21:46:23.261966625Z: [   10.179617] PPP generic driver version 2.4.2
[STDOUT  ] 2017-06-16T21:46:23.261971894Z: [   10.182081] PPP BSD Compression module registered
[STDOUT  ] 2017-06-16T21:46:23.261974692Z: [   10.182617] PPP Deflate Compression module registered
[STDOUT  ] 2017-06-16T21:46:23.261979832Z: [   10.183424] PPP MPPE Compression module registered
[STDOUT  ] 2017-06-16T21:46:23.261992397Z: [   10.183952] NET: Registered protocol family 24
[STDOUT  ] 2017-06-16T21:46:23.261998267Z: [   10.184795] PPTP driver version 0.8.5
[STDOUT  ] 2017-06-16T21:46:23.262006994Z: [   10.186014] VMware vmxnet3 virtual NIC driver - version 1.4.a.0-k-NAPI
[STDOUT  ] 2017-06-16T21:46:23.262016449Z: [   10.187112] hv_vmbus: registering driver hv_netvsc
[STDOUT  ] 2017-06-16T21:46:23.262025242Z: [   10.187614] Fusion MPT base driver 3.04.20
[STDOUT  ] 2017-06-16T21:46:23.262038231Z: [   10.188013] Copyright (c) 1999-2008 LSI Corporation
[STDOUT  ] 2017-06-16T21:46:23.262043367Z: [   10.188769] Fusion MPT SPI Host driver 3.04.20
[STDOUT  ] 2017-06-16T21:46:23.262048647Z: [   10.194998] aoe: AoE v85 initialised.
[STDOUT  ] 2017-06-16T21:46:23.262053907Z: [   10.198469] i8042: PNP: PS/2 Controller [PNP0303:KBD,PNP0f13:MOU] at 0x60,0x64 irq 1,12
[STDOUT  ] 2017-06-16T21:46:23.262059049Z: [   10.204487] serio: i8042 KBD port at 0x60,0x64 irq 1
[STDOUT  ] 2017-06-16T21:46:23.262064114Z: [   10.205467] serio: i8042 AUX port at 0x60,0x64 irq 12
[STDOUT  ] 2017-06-16T21:46:23.262069127Z: [   10.208816] hv_vmbus: registering driver hyperv_keyboard
[STDOUT  ] 2017-06-16T21:46:23.262074231Z: [   10.211631] mousedev: PS/2 mouse device common for all mice
[STDOUT  ] 2017-06-16T21:46:23.262077014Z: [   10.217223] input: AT Translated Set 2 keyboard as /devices/platform/i8042/serio0/input/input1
[STDOUT  ] 2017-06-16T21:46:23.262084781Z: [   10.220998] input: PC Speaker as /devices/platform/pcspkr/input/input2
[STDOUT  ] 2017-06-16T21:46:23.262087352Z: [   10.225799] rtc_cmos 00:00: RTC can wake from S4
[STDOUT  ] 2017-06-16T21:46:23.262175014Z: [   10.229301] rtc_cmos 00:00: rtc core: registered rtc_cmos as rtc0
[STDOUT  ] 2017-06-16T21:46:23.262183559Z: [   10.231422] rtc_cmos 00:00: alarms up to one day, y3k, 114 bytes nvram, hpet irqs
[STDOUT  ] 2017-06-16T21:46:23.262203987Z: [   10.233069] i2c /dev entries driver
[STDOUT  ] 2017-06-16T21:46:23.262209827Z: [   10.236299] device-mapper: ioctl: 4.35.0-ioctl (2016-06-23) initialised: dm-devel@redhat.com
[STDOUT  ] 2017-06-16T21:46:23.262219095Z: [   10.243194] hv_utils: Registering HyperV Utility Driver
[STDOUT  ] 2017-06-16T21:46:23.262259261Z: [   10.244156] hv_vmbus: registering driver hv_util
[STDOUT  ] 2017-06-16T21:46:23.262271767Z: [   10.244805] hv_vmbus: registering driver hv_balloon
[STDOUT  ] 2017-06-16T21:46:23.262281334Z: [   10.245866] oprofile: using NMI interrupt.
[STDOUT  ] 2017-06-16T21:46:23.262294579Z: [   10.247887] GACT probability on
[STDOUT  ] 2017-06-16T21:46:23.262299917Z: [   10.248851] Mirror/redirect action on
[STDOUT  ] 2017-06-16T21:46:23.262312995Z: [   10.250653] Simple TC action Loaded
[STDOUT  ] 2017-06-16T21:46:23.262332145Z: [   10.255122] netem: version 1.3
[STDOUT  ] 2017-06-16T21:46:23.262340574Z: [   10.255975] u32 classifier
[STDOUT  ] 2017-06-16T21:46:23.262345775Z: [   10.256307]     Performance counters on
[STDOUT  ] 2017-06-16T21:46:23.262351009Z: [   10.256706]     input device check on
[STDOUT  ] 2017-06-16T21:46:23.262356227Z: [   10.257104]     Actions configured
[STDOUT  ] 2017-06-16T21:46:23.262361471Z: [   10.257911] Netfilter messages via NETLINK v0.30.
[STDOUT  ] 2017-06-16T21:46:23.262364177Z: [   10.258758] nfnl_acct: registering with nfnetlink.
[STDOUT  ] 2017-06-16T21:46:23.262371847Z: [   10.261276] nf_conntrack version 0.5.0 (8192 buckets, 32768 max)
