[INFO    ] 2018-07-15T00:06:11.484123987Z: Running Test linuxkit.kernel.kmod_4.14.x in /tmp/build/test/cases/020_kernel/016_kmod_4.14.x
[INFO    ] 2018-07-15T00:06:11.484328178Z: Running command: [/bin/sh -x /tmp/build/test/cases/020_kernel/016_kmod_4.14.x/test.sh]
[STDERR  ] 2018-07-15T00:06:11.485221319Z: + set -e
[STDERR  ] 2018-07-15T00:06:11.485313771Z: + . /tmp/build/test/cases/_lib/lib.sh
[STDERR  ] 2018-07-15T00:06:11.485335897Z: + [ -f src/github.com/linuxkit/rtf/lib/lib.sh ]
[STDERR  ] 2018-07-15T00:06:11.485355404Z: + LINUXKIT_TMPDIR=/tmp/build/test/cases/_tmp
[STDERR  ] 2018-07-15T00:06:11.485378742Z: + [ -f /tmp/build/test/cases/_tmp/env.sh ]
[STDERR  ] 2018-07-15T00:06:11.485398453Z: + . /tmp/build/test/cases/_tmp/env.sh
[STDERR  ] 2018-07-15T00:06:11.485417487Z: + export LINUXKIT_EXAMPLES_DIR=/tmp/build/test/cases/../../examples
[STDERR  ] 2018-07-15T00:06:11.485445977Z: + RT_CANCEL=253
[STDERR  ] 2018-07-15T00:06:11.485474198Z: + NAME=kmod
[STDERR  ] 2018-07-15T00:06:11.485496481Z: + IMAGE_NAME=kmod-test
[STDERR  ] 2018-07-15T00:06:11.485535412Z: + trap clean_up EXIT
[STDERR  ] 2018-07-15T00:06:11.485555005Z: + docker pull linuxkit/kernel:4.14.55
[STDOUT  ] 2018-07-15T00:06:14.270287511Z: 4.14.55: Pulling from linuxkit/kernel
[STDOUT  ] 2018-07-15T00:06:14.693028631Z: Digest: sha256:dc6c67d6a4174b6d657094c68a9bd6ce196c73fa453b34e34725af0a0affa5d4
[STDOUT  ] 2018-07-15T00:06:14.693230422Z: Status: Image is up to date for linuxkit/kernel:4.14.55
[STDERR  ] 2018-07-15T00:06:14.694708104Z: + docker build -t kmod-test .
[STDOUT  ] 2018-07-15T00:06:14.793433406Z: Sending build context to Docker daemon  8.704kB
[STDOUT  ] 2018-07-15T00:06:14.876153779Z: Step 1/12 : FROM linuxkit/kernel:4.14.55 AS ksrc
[STDOUT  ] 2018-07-15T00:06:14.876480238Z:  ---> 3b76154dd712
[STDOUT  ] 2018-07-15T00:06:14.876505907Z: Step 2/12 : FROM linuxkit/alpine:daed76b8f1d28cdeeee215a95b9671c682a405dc AS build
[STDOUT  ] 2018-07-15T00:06:14.877013017Z:  ---> 0c4d621fd8b1
[STDOUT  ] 2018-07-15T00:06:14.877037390Z: Step 3/12 : RUN apk add build-base libelf-dev
[STDOUT  ] 2018-07-15T00:06:14.877404564Z:  ---> Using cache
[STDOUT  ] 2018-07-15T00:06:14.877426956Z:  ---> 840c99d692b4
[STDOUT  ] 2018-07-15T00:06:14.877442762Z: Step 4/12 : COPY --from=ksrc /kernel-dev.tar /
[STDOUT  ] 2018-07-15T00:06:16.707387912Z:  ---> d76988c6233c
[STDOUT  ] 2018-07-15T00:06:16.707442274Z: Step 5/12 : RUN tar xf kernel-dev.tar
[STDOUT  ] 2018-07-15T00:06:16.775672920Z:  ---> Running in 586693444ec0
[STDOUT  ] 2018-07-15T00:06:26.114107242Z: Removing intermediate container 586693444ec0
[STDOUT  ] 2018-07-15T00:06:26.114170175Z:  ---> 5b599c72fad2
[STDOUT  ] 2018-07-15T00:06:26.114185423Z: Step 6/12 : WORKDIR /kmod
[STDOUT  ] 2018-07-15T00:06:26.198678912Z:  ---> Running in 1ef2ac61796d
[STDOUT  ] 2018-07-15T00:06:26.348252551Z: Removing intermediate container 1ef2ac61796d
[STDOUT  ] 2018-07-15T00:06:26.348303334Z:  ---> bfbef978c61b
[STDOUT  ] 2018-07-15T00:06:26.348318677Z: Step 7/12 : COPY ./src/* ./
[STDOUT  ] 2018-07-15T00:06:26.622609209Z:  ---> 363cd98179c8
[STDOUT  ] 2018-07-15T00:06:26.622678628Z: Step 8/12 : RUN make all
[STDOUT  ] 2018-07-15T00:06:26.683590776Z:  ---> Running in 03dc43e919d3
[STDOUT  ] 2018-07-15T00:06:27.000140816Z: make -C /usr/src/linux-headers-4.14.55-linuxkit M=/kmod modules
[STDOUT  ] 2018-07-15T00:06:27.002595713Z: make[1]: Entering directory '/usr/src/linux-headers-4.14.55-linuxkit'
[STDOUT  ] 2018-07-15T00:06:27.004757351Z: [91mgetconf: LFS_CFLAGS: unknown variable
[STDOUT  ] 2018-07-15T00:06:27.004998755Z: [0m[91mgetconf: LFS_LDFLAGS: unknown variable
[STDOUT  ] 2018-07-15T00:06:27.006225991Z: [0m[91mgetconf: LFS_LIBS: unknown variable
[STDOUT  ] 2018-07-15T00:06:28.416156504Z: [0m  CC [M]  /kmod/hello_world.o
[STDOUT  ] 2018-07-15T00:06:28.676447140Z:   Building modules, stage 2.
[STDOUT  ] 2018-07-15T00:06:28.685576617Z:   MODPOST 1 modules
[STDOUT  ] 2018-07-15T00:06:28.701651561Z:   CC      /kmod/hello_world.mod.o
[STDOUT  ] 2018-07-15T00:06:28.929088843Z:   LD [M]  /kmod/hello_world.ko
[STDOUT  ] 2018-07-15T00:06:28.933548205Z: make[1]: Leaving directory '/usr/src/linux-headers-4.14.55-linuxkit'
[STDOUT  ] 2018-07-15T00:06:29.347211324Z: Removing intermediate container 03dc43e919d3
[STDOUT  ] 2018-07-15T00:06:29.347267133Z:  ---> c7add73737cd
[STDOUT  ] 2018-07-15T00:06:29.347294340Z: Step 9/12 : FROM alpine:3.8
[STDOUT  ] 2018-07-15T00:06:29.347626269Z:  ---> 11cd0b38bc3c
[STDOUT  ] 2018-07-15T00:06:29.347650087Z: Step 10/12 : COPY --from=build /kmod/hello_world.ko /
[STDOUT  ] 2018-07-15T00:06:29.575429696Z:  ---> 6424488f4a27
[STDOUT  ] 2018-07-15T00:06:29.575484769Z: Step 11/12 : COPY check.sh /check.sh
[STDOUT  ] 2018-07-15T00:06:29.778364691Z:  ---> 713dbc100fc6
[STDOUT  ] 2018-07-15T00:06:29.778574190Z: Step 12/12 : ENTRYPOINT ["/bin/sh", "/check.sh"]
[STDOUT  ] 2018-07-15T00:06:29.830819181Z:  ---> Running in a5720d7add3f
[STDOUT  ] 2018-07-15T00:06:29.958039178Z: Removing intermediate container a5720d7add3f
[STDOUT  ] 2018-07-15T00:06:29.958111980Z:  ---> cd00c1004a44
[STDOUT  ] 2018-07-15T00:06:29.958444108Z: Successfully built cd00c1004a44
[STDOUT  ] 2018-07-15T00:06:29.970570898Z: Successfully tagged kmod-test:latest
[STDERR  ] 2018-07-15T00:06:29.971954662Z: + linuxkit build -format kernel+initrd -name kmod test.yml
[STDERR  ] 2018-07-15T00:06:30.006791748Z: Extract kernel image: linuxkit/kernel:4.14.55
[STDERR  ] 2018-07-15T00:06:31.895145550Z: Add init containers:
[STDERR  ] 2018-07-15T00:06:31.895213875Z: Process init image: linuxkit/init:3f1e5c32d6ca9e83a7ea7ad9854da2032971a83f
[STDERR  ] 2018-07-15T00:06:33.098127149Z: Process init image: linuxkit/runc:v0.5
[STDERR  ] 2018-07-15T00:06:34.277854641Z: Add onboot containers:
[STDERR  ] 2018-07-15T00:06:34.277968371Z:   Create OCI config for kmod-test
[STDERR  ] 2018-07-15T00:06:34.390985977Z:   Create OCI config for linuxkit/poweroff:2687ed712690766b8156a77ac600005b532d2c7d
[STDERR  ] 2018-07-15T00:06:35.570447880Z: Create outputs:
[STDERR  ] 2018-07-15T00:06:41.240320716Z:   kmod-kernel kmod-initrd.img kmod-cmdline
[STDERR  ] 2018-07-15T00:06:41.298189163Z: + linuxkit run kmod
[STDERR  ] 2018-07-15T00:07:03.804643319Z: + RESULT=[    0.000000] Linux version 4.14.55-linuxkit (root@baf0c275cb44) (gcc version 6.4.0 (Alpine 6.4.0)) #1 SMP Sat Jul 14 12:37:09 UTC 2018
[STDERR  ] 2018-07-15T00:07:03.804724018Z: [    0.000000] Command line: console=ttyS0 console=ttyAMA0
[STDERR  ] 2018-07-15T00:07:03.804746303Z: [    0.000000] x86/fpu: x87 FPU will use FXSAVE
[STDERR  ] 2018-07-15T00:07:03.804769755Z: [    0.000000] e820: BIOS-provided physical RAM map:
[STDERR  ] 2018-07-15T00:07:03.804789626Z: [    0.000000] BIOS-e820: [mem 0x0000000000000000-0x000000000009fbff] usable
[STDERR  ] 2018-07-15T00:07:03.804812147Z: [    0.000000] BIOS-e820: [mem 0x000000000009fc00-0x000000000009ffff] reserved
[STDERR  ] 2018-07-15T00:07:03.804832061Z: [    0.000000] BIOS-e820: [mem 0x00000000000f0000-0x00000000000fffff] reserved
[STDERR  ] 2018-07-15T00:07:03.804851563Z: [    0.000000] BIOS-e820: [mem 0x0000000000100000-0x000000003ffdefff] usable
[STDERR  ] 2018-07-15T00:07:03.804905630Z: [    0.000000] BIOS-e820: [mem 0x000000003ffdf000-0x000000003fffffff] reserved
[STDERR  ] 2018-07-15T00:07:03.804924670Z: [    0.000000] BIOS-e820: [mem 0x00000000b0000000-0x00000000bfffffff] reserved
[STDERR  ] 2018-07-15T00:07:03.804944365Z: [    0.000000] BIOS-e820: [mem 0x00000000fed1c000-0x00000000fed1ffff] reserved
[STDERR  ] 2018-07-15T00:07:03.804964768Z: [    0.000000] BIOS-e820: [mem 0x00000000fffc0000-0x00000000ffffffff] reserved
[STDERR  ] 2018-07-15T00:07:03.804984739Z: [    0.000000] NX (Execute Disable) protection: active
[STDERR  ] 2018-07-15T00:07:03.805003543Z: [    0.000000] SMBIOS 2.8 present.
[STDERR  ] 2018-07-15T00:07:03.805023828Z: [    0.000000] DMI: QEMU Standard PC (Q35 + ICH9, 2009), BIOS 1.10.2-1 04/01/2014
[STDERR  ] 2018-07-15T00:07:03.805043551Z: [    0.000000] tsc: Fast TSC calibration using PIT
[STDERR  ] 2018-07-15T00:07:03.805064371Z: [    0.000000] e820: last_pfn = 0x3ffdf max_arch_pfn = 0x400000000
[STDERR  ] 2018-07-15T00:07:03.805084388Z: [    0.000000] x86/PAT: Configuration [0-7]: WB  WC  UC- UC  WB  WP  UC- WT  
[STDERR  ] 2018-07-15T00:07:03.805115392Z: [    0.000000] found SMP MP-table at [mem 0x000f6a90-0x000f6a9f] mapped at [ffffffffff200a90]
[STDERR  ] 2018-07-15T00:07:03.805137145Z: [    0.000000] RAMDISK: [mem 0x3e4c4000-0x3ffcffff]
[STDERR  ] 2018-07-15T00:07:03.805157567Z: [    0.000000] ACPI: Early table checksum verification disabled
[STDERR  ] 2018-07-15T00:07:03.805177478Z: [    0.000000] ACPI: RSDP 0x00000000000F68D0 000014 (v00 BOCHS )
[STDERR  ] 2018-07-15T00:07:03.805197460Z: [    0.000000] ACPI: RSDT 0x000000003FFE2404 000034 (v01 BOCHS  BXPCRSDT 00000001 BXPC 00000001)
[STDERR  ] 2018-07-15T00:07:03.805218857Z: [    0.000000] ACPI: FACP 0x000000003FFE22A4 000074 (v01 BOCHS  BXPCFACP 00000001 BXPC 00000001)
[STDERR  ] 2018-07-15T00:07:03.805239182Z: [    0.000000] ACPI: DSDT 0x000000003FFE0040 002264 (v01 BOCHS  BXPCDSDT 00000001 BXPC 00000001)
[STDERR  ] 2018-07-15T00:07:03.805260894Z: [    0.000000] ACPI: FACS 0x000000003FFE0000 000040
[STDERR  ] 2018-07-15T00:07:03.805281014Z: [    0.000000] ACPI: APIC 0x000000003FFE2318 000078 (v01 BOCHS  BXPCAPIC 00000001 BXPC 00000001)
[STDERR  ] 2018-07-15T00:07:03.805311730Z: [    0.000000] ACPI: HPET 0x000000003FFE2390 000038 (v01 BOCHS  BXPCHPET 00000001 BXPC 00000001)
[STDERR  ] 2018-07-15T00:07:03.805331886Z: [    0.000000] ACPI: MCFG 0x000000003FFE23C8 00003C (v01 BOCHS  BXPCMCFG 00000001 BXPC 00000001)
[STDERR  ] 2018-07-15T00:07:03.805353209Z: [    0.000000] Zone ranges:
[STDERR  ] 2018-07-15T00:07:03.805372929Z: [    0.000000]   DMA      [mem 0x0000000000001000-0x0000000000ffffff]
[STDERR  ] 2018-07-15T00:07:03.805391201Z: [    0.000000]   DMA32    [mem 0x0000000001000000-0x000000003ffdefff]
[STDERR  ] 2018-07-15T00:07:03.805409016Z: [    0.000000]   Normal   empty
[STDERR  ] 2018-07-15T00:07:03.805428230Z: [    0.000000]   Device   empty
[STDERR  ] 2018-07-15T00:07:03.805447524Z: [    0.000000] Movable zone start for each node
[STDERR  ] 2018-07-15T00:07:03.805466920Z: [    0.000000] Early memory node ranges
[STDERR  ] 2018-07-15T00:07:03.805484707Z: [    0.000000]   node   0: [mem 0x0000000000001000-0x000000000009efff]
[STDERR  ] 2018-07-15T00:07:03.805503425Z: [    0.000000]   node   0: [mem 0x0000000000100000-0x000000003ffdefff]
[STDERR  ] 2018-07-15T00:07:03.805522256Z: [    0.000000] Initmem setup node 0 [mem 0x0000000000001000-0x000000003ffdefff]
[STDERR  ] 2018-07-15T00:07:03.805540827Z: [    0.000000] ACPI: PM-Timer IO Port: 0x608
[STDERR  ] 2018-07-15T00:07:03.805562487Z: [    0.000000] ACPI: LAPIC_NMI (acpi_id[0xff] dfl dfl lint[0x1])
[STDERR  ] 2018-07-15T00:07:03.805581816Z: [    0.000000] IOAPIC[0]: apic_id 0, version 32, address 0xfec00000, GSI 0-23
[STDERR  ] 2018-07-15T00:07:03.805600276Z: [    0.000000] ACPI: INT_SRC_OVR (bus 0 bus_irq 0 global_irq 2 dfl dfl)
[STDERR  ] 2018-07-15T00:07:03.805622640Z: [    0.000000] ACPI: INT_SRC_OVR (bus 0 bus_irq 5 global_irq 5 high level)
[STDERR  ] 2018-07-15T00:07:03.805640294Z: [    0.000000] ACPI: INT_SRC_OVR (bus 0 bus_irq 9 global_irq 9 high level)
[STDERR  ] 2018-07-15T00:07:03.805664135Z: [    0.000000] ACPI: INT_SRC_OVR (bus 0 bus_irq 10 global_irq 10 high level)
[STDERR  ] 2018-07-15T00:07:03.805683471Z: [    0.000000] ACPI: INT_SRC_OVR (bus 0 bus_irq 11 global_irq 11 high level)
[STDERR  ] 2018-07-15T00:07:03.805701651Z: [    0.000000] Using ACPI (MADT) for SMP configuration information
[STDERR  ] 2018-07-15T00:07:03.805719929Z: [    0.000000] ACPI: HPET id: 0x8086a201 base: 0xfed00000
[STDERR  ] 2018-07-15T00:07:03.805740409Z: [    0.000000] smpboot: Allowing 1 CPUs, 0 hotplug CPUs
[STDERR  ] 2018-07-15T00:07:03.805758898Z: [    0.000000] e820: [mem 0x40000000-0xafffffff] available for PCI devices
[STDERR  ] 2018-07-15T00:07:03.805776974Z: [    0.000000] Booting paravirtualized kernel on bare hardware
[STDERR  ] 2018-07-15T00:07:03.805795724Z: [    0.000000] clocksource: refined-jiffies: mask: 0xffffffff max_cycles: 0xffffffff, max_idle_ns: 19112604462750000 ns
[STDERR  ] 2018-07-15T00:07:03.805818019Z: [    0.000000] random: get_random_bytes called from start_kernel+0x92/0x4cb with crng_init=0
[STDERR  ] 2018-07-15T00:07:03.805843735Z: [    0.000000] setup_percpu: NR_CPUS:128 nr_cpumask_bits:128 nr_cpu_ids:1 nr_node_ids:1
[STDERR  ] 2018-07-15T00:07:03.805874971Z: [    0.000000] percpu: Embedded 44 pages/cpu @ffff9d3e3e200000 s143256 r8192 d28776 u2097152
[STDERR  ] 2018-07-15T00:07:03.805894224Z: [    0.000000] Built 1 zonelists, mobility grouping on.  Total pages: 257896
[STDERR  ] 2018-07-15T00:07:03.805913485Z: [    0.000000] Kernel command line: console=ttyS0 console=ttyAMA0
[STDERR  ] 2018-07-15T00:07:03.805932244Z: [    0.000000] PID hash table entries: 4096 (order: 3, 32768 bytes)
[STDERR  ] 2018-07-15T00:07:03.805952661Z: [    0.000000] Dentry cache hash table entries: 131072 (order: 8, 1048576 bytes)
[STDERR  ] 2018-07-15T00:07:03.805972254Z: [    0.000000] Inode-cache hash table entries: 65536 (order: 7, 524288 bytes)
[STDERR  ] 2018-07-15T00:07:03.805993374Z: [    0.000000] Memory: 977096K/1048052K available (12300K kernel code, 1465K rwdata, 2996K rodata, 1512K init, 632K bss, 70956K reserved, 0K cma-reserved)
[STDERR  ] 2018-07-15T00:07:03.806024656Z: [    0.000000] ftrace: allocating 41047 entries in 161 pages
[STDERR  ] 2018-07-15T00:07:03.806043371Z: [    0.000000] Hierarchical RCU implementation.
[STDERR  ] 2018-07-15T00:07:03.806061548Z: [    0.000000] 	RCU restricting CPUs from NR_CPUS=128 to nr_cpu_ids=1.
[STDERR  ] 2018-07-15T00:07:03.806079196Z: [    0.000000] RCU: Adjusting geometry for rcu_fanout_leaf=16, nr_cpu_ids=1
[STDERR  ] 2018-07-15T00:07:03.806099852Z: [    0.000000] NR_IRQS: 8448, nr_irqs: 256, preallocated irqs: 16
[STDERR  ] 2018-07-15T00:07:03.806117434Z: [    0.000000] Console: colour VGA+ 80x25
[STDERR  ] 2018-07-15T00:07:03.806134072Z: [    0.000000] console [ttyS0] enabled
[STDERR  ] 2018-07-15T00:07:03.806151637Z: [    0.000000] clocksource: hpet: mask: 0xffffffff max_cycles: 0xffffffff, max_idle_ns: 19112604467 ns
[STDERR  ] 2018-07-15T00:07:03.806168488Z: [    0.010000] tsc: Fast TSC calibration using PIT
[STDERR  ] 2018-07-15T00:07:03.806185673Z: [    0.010000] tsc: Detected 2599.818 MHz processor
[STDERR  ] 2018-07-15T00:07:03.806204777Z: [    0.010000] Calibrating delay loop (skipped), value calculated using timer frequency.. 5199.63 BogoMIPS (lpj=25998180)
[STDERR  ] 2018-07-15T00:07:03.806223241Z: [    0.010000] pid_max: default: 32768 minimum: 301
[STDERR  ] 2018-07-15T00:07:03.806239165Z: [    0.010000] ACPI: Core revision 20170728
[STDERR  ] 2018-07-15T00:07:03.806255218Z: [    0.047806] ACPI: 1 ACPI AML tables successfully acquired and loaded
[STDERR  ] 2018-07-15T00:07:03.806272402Z: [    0.049381] Security Framework initialized
[STDERR  ] 2018-07-15T00:07:03.806288694Z: [    0.049804] Yama: becoming mindful.
[STDERR  ] 2018-07-15T00:07:03.806304965Z: [    0.051534] Mount-cache hash table entries: 2048 (order: 2, 16384 bytes)
[STDERR  ] 2018-07-15T00:07:03.806322023Z: [    0.051987] Mountpoint-cache hash table entries: 2048 (order: 2, 16384 bytes)
[STDERR  ] 2018-07-15T00:07:03.806339497Z: [    0.066327] Last level iTLB entries: 4KB 0, 2MB 0, 4MB 0
[STDERR  ] 2018-07-15T00:07:03.806358146Z: [    0.066779] Last level dTLB entries: 4KB 0, 2MB 0, 4MB 0, 1GB 0
[STDERR  ] 2018-07-15T00:07:03.806376194Z: [    0.067363] Spectre V2 : Spectre mitigation: LFENCE not serializing, switching to generic retpoline
[STDERR  ] 2018-07-15T00:07:03.806395054Z: [    0.068024] Spectre V2 : Mitigation: Full generic retpoline
[STDERR  ] 2018-07-15T00:07:03.806414192Z: [    0.068483] Spectre V2 : Spectre v2 mitigation: Filling RSB on context switch
[STDERR  ] 2018-07-15T00:07:03.806432534Z: [    0.069047] Speculative Store Bypass: Vulnerable
[STDERR  ] 2018-07-15T00:07:03.806449240Z: [    0.300910] Freeing SMP alternatives memory: 20K
[STDERR  ] 2018-07-15T00:07:03.806466201Z: [    0.317338] smpboot: Max logical packages: 1
[STDERR  ] 2018-07-15T00:07:03.806483118Z: [    0.322352] ..TIMER: vector=0x30 apic1=0 pin1=2 apic2=-1 pin2=-1
[STDERR  ] 2018-07-15T00:07:03.806500350Z: [    0.430000] smpboot: CPU0: AMD QEMU Virtual CPU version 2.5+ (family: 0x6, model: 0x6, stepping: 0x3)
[STDERR  ] 2018-07-15T00:07:03.806523239Z: [    0.430000] Performance Events: PMU not available due to virtualization, using software events only.
[STDERR  ] 2018-07-15T00:07:03.806541015Z: [    0.430000] Hierarchical SRCU implementation.
[STDERR  ] 2018-07-15T00:07:03.806558111Z: [    0.433933] NMI watchdog: Perf event create on CPU 0 failed with -2
[STDERR  ] 2018-07-15T00:07:03.806575558Z: [    0.434367] NMI watchdog: Perf NMI watchdog permanently disabled
[STDERR  ] 2018-07-15T00:07:03.806594675Z: [    0.437592] smp: Bringing up secondary CPUs ...
[STDERR  ] 2018-07-15T00:07:03.806612863Z: [    0.438088] smp: Brought up 1 node, 1 CPU
[STDERR  ] 2018-07-15T00:07:03.806630223Z: [    0.438467] smpboot: Total of 1 processors activated (5199.63 BogoMIPS)
[STDERR  ] 2018-07-15T00:07:03.806649443Z: [    0.453864] devtmpfs: initialized
[STDERR  ] 2018-07-15T00:07:03.806667771Z: [    0.457569] x86/mm: Memory block size: 128MB
[STDERR  ] 2018-07-15T00:07:03.806685900Z: [    0.462974] evm: security.ima
[STDERR  ] 2018-07-15T00:07:03.806709407Z: [    0.463253] evm: security.capability
[STDERR  ] 2018-07-15T00:07:03.806726578Z: [    0.466506] clocksource: jiffies: mask: 0xffffffff max_cycles: 0xffffffff, max_idle_ns: 19112604462750000 ns
[STDERR  ] 2018-07-15T00:07:03.806745303Z: [    0.467345] futex hash table entries: 256 (order: 2, 16384 bytes)
[STDERR  ] 2018-07-15T00:07:03.806770652Z: [    0.476754] NET: Registered protocol family 16
[STDERR  ] 2018-07-15T00:07:03.806790164Z: [    0.482663] cpuidle: using governor ladder
[STDERR  ] 2018-07-15T00:07:03.806810656Z: [    0.483563] cpuidle: using governor menu
[STDERR  ] 2018-07-15T00:07:03.806828860Z: [    0.484909] ACPI: bus type PCI registered
[STDERR  ] 2018-07-15T00:07:03.806847043Z: [    0.487152] PCI: MMCONFIG for domain 0000 [bus 00-ff] at [mem 0xb0000000-0xbfffffff] (base 0xb0000000)
[STDERR  ] 2018-07-15T00:07:03.806875234Z: [    0.487868] PCI: MMCONFIG at [mem 0xb0000000-0xbfffffff] reserved in E820
[STDERR  ] 2018-07-15T00:07:03.806893335Z: [    0.488831] PCI: Using configuration type 1 for base access
[STDERR  ] 2018-07-15T00:07:03.806913230Z: [    0.534050] HugeTLB registered 2.00 MiB page size, pre-allocated 0 pages
[STDERR  ] 2018-07-15T00:07:03.806932438Z: [    0.543499] ACPI: Added _OSI(Module Device)
[STDERR  ] 2018-07-15T00:07:03.806953573Z: [    0.543922] ACPI: Added _OSI(Processor Device)
[STDERR  ] 2018-07-15T00:07:03.806974698Z: [    0.544191] ACPI: Added _OSI(3.0 _SCP Extensions)
[STDERR  ] 2018-07-15T00:07:03.806993587Z: [    0.544456] ACPI: Added _OSI(Processor Aggregator Device)
[STDERR  ] 2018-07-15T00:07:03.807012973Z: [    0.601067] ACPI: Interpreter enabled
[STDERR  ] 2018-07-15T00:07:03.807032758Z: [    0.601775] ACPI: (supports S0 S5)
[STDERR  ] 2018-07-15T00:07:03.807052368Z: [    0.602061] ACPI: Using IOAPIC for interrupt routing
[STDERR  ] 2018-07-15T00:07:03.807072343Z: [    0.603629] PCI: Using host bridge windows from ACPI; if necessary, use "pci=nocrs" and report a bug
[STDERR  ] 2018-07-15T00:07:03.807118825Z: [    0.606150] ACPI: Enabled 2 GPEs in block 00 to 3F
[STDERR  ] 2018-07-15T00:07:03.807139992Z: [    0.658434] ACPI: PCI Root Bridge [PCI0] (domain 0000 [bus 00-ff])
[STDERR  ] 2018-07-15T00:07:03.807158509Z: [    0.659373] acpi PNP0A08:00: _OSC: OS supports [ExtendedConfig ASPM ClockPM Segments MSI]
[STDERR  ] 2018-07-15T00:07:03.807178376Z: [    0.663163] acpi PNP0A08:00: _OSC: OS now controls [PCIeHotplug PME PCIeCapability]
[STDERR  ] 2018-07-15T00:07:03.807196847Z: [    0.666111] PCI host bridge to bus 0000:00
[STDERR  ] 2018-07-15T00:07:03.807217194Z: [    0.666566] pci_bus 0000:00: root bus resource [io  0x0000-0x0cf7 window]
[STDERR  ] 2018-07-15T00:07:03.807236830Z: [    0.666964] pci_bus 0000:00: root bus resource [io  0x0d00-0xffff window]
[STDERR  ] 2018-07-15T00:07:03.807260296Z: [    0.667345] pci_bus 0000:00: root bus resource [mem 0x000a0000-0x000bffff window]
[STDERR  ] 2018-07-15T00:07:03.807278508Z: [    0.667760] pci_bus 0000:00: root bus resource [mem 0xc0000000-0xfebfffff window]
[STDERR  ] 2018-07-15T00:07:03.807304305Z: [    0.668318] pci_bus 0000:00: root bus resource [bus 00-ff]
[STDERR  ] 2018-07-15T00:07:03.807324680Z: [    0.712713] pci 0000:00:1f.0: quirk: [io  0x0600-0x067f] claimed by ICH6 ACPI/GPIO/TCO
[STDERR  ] 2018-07-15T00:07:03.807345454Z: [    0.741012] ACPI: PCI Interrupt Link [LNKA] (IRQs 5 *10 11)
[STDERR  ] 2018-07-15T00:07:03.807364920Z: [    0.742649] ACPI: PCI Interrupt Link [LNKB] (IRQs 5 *10 11)
[STDERR  ] 2018-07-15T00:07:03.807384610Z: [    0.743911] ACPI: PCI Interrupt Link [LNKC] (IRQs 5 10 *11)
[STDERR  ] 2018-07-15T00:07:03.807404775Z: [    0.745161] ACPI: PCI Interrupt Link [LNKD] (IRQs 5 10 *11)
[STDERR  ] 2018-07-15T00:07:03.807424484Z: [    0.746518] ACPI: PCI Interrupt Link [LNKE] (IRQs 5 *10 11)
[STDERR  ] 2018-07-15T00:07:03.807445264Z: [    0.747866] ACPI: PCI Interrupt Link [LNKF] (IRQs 5 *10 11)
[STDERR  ] 2018-07-15T00:07:03.807465347Z: [    0.749068] ACPI: PCI Interrupt Link [LNKG] (IRQs 5 10 *11)
[STDERR  ] 2018-07-15T00:07:03.807485301Z: [    0.750771] ACPI: PCI Interrupt Link [LNKH] (IRQs 5 10 *11)
[STDERR  ] 2018-07-15T00:07:03.807510353Z: [    0.751543] ACPI: PCI Interrupt Link [GSIA] (IRQs *16)
[STDERR  ] 2018-07-15T00:07:03.807530006Z: [    0.752108] ACPI: PCI Interrupt Link [GSIB] (IRQs *17)
[STDERR  ] 2018-07-15T00:07:03.807548224Z: [    0.752631] ACPI: PCI Interrupt Link [GSIC] (IRQs *18)
[STDERR  ] 2018-07-15T00:07:03.807568230Z: [    0.753109] ACPI: PCI Interrupt Link [GSID] (IRQs *19)
[STDERR  ] 2018-07-15T00:07:03.807587629Z: [    0.753660] ACPI: PCI Interrupt Link [GSIE] (IRQs *20)
[STDERR  ] 2018-07-15T00:07:03.807606946Z: [    0.754147] ACPI: PCI Interrupt Link [GSIF] (IRQs *21)
[STDERR  ] 2018-07-15T00:07:03.807627892Z: [    0.754629] ACPI: PCI Interrupt Link [GSIG] (IRQs *22)
[STDERR  ] 2018-07-15T00:07:03.807648350Z: [    0.755094] ACPI: PCI Interrupt Link [GSIH] (IRQs *23)
[STDERR  ] 2018-07-15T00:07:03.807666360Z: [    0.761840] SCSI subsystem initialized
[STDERR  ] 2018-07-15T00:07:03.807686161Z: [    0.763956] ACPI: bus type USB registered
[STDERR  ] 2018-07-15T00:07:03.807708503Z: [    0.764847] usbcore: registered new interface driver usbfs
[STDERR  ] 2018-07-15T00:07:03.807725975Z: [    0.765664] usbcore: registered new interface driver hub
[STDERR  ] 2018-07-15T00:07:03.807744795Z: [    0.766515] usbcore: registered new device driver usb
[STDERR  ] 2018-07-15T00:07:03.807763984Z: [    0.767413] pps_core: LinuxPPS API ver. 1 registered
[STDERR  ] 2018-07-15T00:07:03.807783236Z: [    0.767805] pps_core: Software ver. 5.3.6 - Copyright 2005-2007 Rodolfo Giometti <giometti@linux.it>
[STDERR  ] 2018-07-15T00:07:03.807803155Z: [    0.768631] PTP clock support registered
[STDERR  ] 2018-07-15T00:07:03.807820942Z: [    0.771139] PCI: Using ACPI for IRQ routing
[STDERR  ] 2018-07-15T00:07:03.807838253Z: [    0.784144] NetLabel: Initializing
[STDERR  ] 2018-07-15T00:07:03.807865149Z: [    0.784569] NetLabel:  domain hash size = 128
[STDERR  ] 2018-07-15T00:07:03.807883411Z: [    0.784816] NetLabel:  protocols = UNLABELED CIPSOv4 CALIPSO
[STDERR  ] 2018-07-15T00:07:03.807900676Z: [    0.786781] NetLabel:  unlabeled traffic allowed by default
[STDERR  ] 2018-07-15T00:07:03.807918887Z: [    0.788265] HPET: 3 timers in total, 0 timers will be used for per-cpu timer
[STDERR  ] 2018-07-15T00:07:03.807936065Z: [    0.788997] hpet0: at MMIO 0xfed00000, IRQs 2, 8, 0
[STDERR  ] 2018-07-15T00:07:03.807954299Z: [    0.789356] hpet0: 3 comparators, 64-bit 100.000000 MHz counter
[STDERR  ] 2018-07-15T00:07:03.807972374Z: [    0.795592] clocksource: Switched to clocksource hpet
[STDERR  ] 2018-07-15T00:07:03.807993388Z: [    1.033120] VFS: Disk quotas dquot_6.6.0
[STDERR  ] 2018-07-15T00:07:03.808013741Z: [    1.033783] VFS: Dquot-cache hash table entries: 512 (order 0, 4096 bytes)
[STDERR  ] 2018-07-15T00:07:03.808032035Z: [    1.035959] FS-Cache: Loaded
[STDERR  ] 2018-07-15T00:07:03.808053057Z: [    1.040806] CacheFiles: Loaded
[STDERR  ] 2018-07-15T00:07:03.808071471Z: [    1.041663] pnp: PnP ACPI init
[STDERR  ] 2018-07-15T00:07:03.808091198Z: [    1.049828] pnp: PnP ACPI: found 5 devices
[STDERR  ] 2018-07-15T00:07:03.808124342Z: [    1.084611] clocksource: acpi_pm: mask: 0xffffff max_cycles: 0xffffff, max_idle_ns: 2085701024 ns
[STDERR  ] 2018-07-15T00:07:03.808143398Z: [    1.087066] NET: Registered protocol family 2
[STDERR  ] 2018-07-15T00:07:03.808162032Z: [    1.093336] TCP established hash table entries: 8192 (order: 4, 65536 bytes)
[STDERR  ] 2018-07-15T00:07:03.808181512Z: [    1.093984] TCP bind hash table entries: 8192 (order: 5, 131072 bytes)
[STDERR  ] 2018-07-15T00:07:03.808200625Z: [    1.095144] TCP: Hash tables configured (established 8192 bind 8192)
[STDERR  ] 2018-07-15T00:07:03.808219271Z: [    1.097055] UDP hash table entries: 512 (order: 2, 16384 bytes)
[STDERR  ] 2018-07-15T00:07:03.808238318Z: [    1.097697] UDP-Lite hash table entries: 512 (order: 2, 16384 bytes)
[STDERR  ] 2018-07-15T00:07:03.808256136Z: [    1.100542] NET: Registered protocol family 1
[STDERR  ] 2018-07-15T00:07:03.808274359Z: [    1.101426] pci 0000:00:01.0: Video device with shadowed ROM at [mem 0x000c0000-0x000dffff]
[STDERR  ] 2018-07-15T00:07:03.808297288Z: [    1.106280] Trying to unpack rootfs image as initramfs...
[STDERR  ] 2018-07-15T00:07:03.808315437Z: [    4.532734] Freeing initrd memory: 27696K
[STDERR  ] 2018-07-15T00:07:03.808333828Z: [    4.553200] PCLMULQDQ-NI instructions are not detected.
[STDERR  ] 2018-07-15T00:07:03.808352080Z: [    4.554350] AVX or AES-NI instructions are not detected.
[STDERR  ] 2018-07-15T00:07:03.808371674Z: [    4.554783] CPU feature 'AVX registers' is not supported.
[STDERR  ] 2018-07-15T00:07:03.808389532Z: [    4.555124] CPU feature 'AVX registers' is not supported.
[STDERR  ] 2018-07-15T00:07:03.808407229Z: [    4.555474] CPU feature 'AVX registers' is not supported.
[STDERR  ] 2018-07-15T00:07:03.808428162Z: [    4.555838] CPU feature 'AVX registers' is not supported.
[STDERR  ] 2018-07-15T00:07:03.808444813Z: [    4.556206] AVX2 or AES-NI instructions are not detected.
[STDERR  ] 2018-07-15T00:07:03.808466198Z: [    4.556651] AVX2 instructions are not detected.
[STDERR  ] 2018-07-15T00:07:03.808484722Z: [    4.561116] audit: initializing netlink subsys (disabled)
[STDERR  ] 2018-07-15T00:07:03.808503478Z: [    4.566936] audit: type=2000 audit(1531613208.560:1): state=initialized audit_enabled=0 res=1
[STDERR  ] 2018-07-15T00:07:03.808520891Z: [    4.568149] workingset: timestamp_bits=46 max_order=18 bucket_order=0
[STDERR  ] 2018-07-15T00:07:03.808537889Z: [    4.574277] squashfs: version 4.0 (2009/01/31) Phillip Lougher
[STDERR  ] 2018-07-15T00:07:03.808553948Z: [    4.576968] FS-Cache: Netfs 'cifs' registered for caching
[STDERR  ] 2018-07-15T00:07:03.808570420Z: [    4.577958] fuse init (API version 7.26)
[STDERR  ] 2018-07-15T00:07:03.808593764Z: [    4.580060] SGI XFS with ACLs, security attributes, no debug enabled
[STDERR  ] 2018-07-15T00:07:03.808613713Z: [    4.584612] 9p: Installing v9fs 9p2000 file system support
[STDERR  ] 2018-07-15T00:07:03.808632767Z: [    4.585081] FS-Cache: Netfs '9p' registered for caching
[STDERR  ] 2018-07-15T00:07:03.808652171Z: [    4.618758] NET: Registered protocol family 38
[STDERR  ] 2018-07-15T00:07:03.808671001Z: [    4.619340] Key type asymmetric registered
[STDERR  ] 2018-07-15T00:07:03.808690980Z: [    4.619821] Asymmetric key parser 'x509' registered
[STDERR  ] 2018-07-15T00:07:03.808709753Z: [    4.621350] Block layer SCSI generic (bsg) driver version 0.4 loaded (major 247)
[STDERR  ] 2018-07-15T00:07:03.808727919Z: [    4.622623] io scheduler noop registered
[STDERR  ] 2018-07-15T00:07:03.808743758Z: [    4.622963] io scheduler deadline registered (default)
[STDERR  ] 2018-07-15T00:07:03.808759672Z: [    4.623607] io scheduler cfq registered
[STDERR  ] 2018-07-15T00:07:03.808776224Z: [    4.623862] io scheduler mq-deadline registered
[STDERR  ] 2018-07-15T00:07:03.808791980Z: [    4.624220] io scheduler kyber registered
[STDERR  ] 2018-07-15T00:07:03.808809150Z: [    4.626924] shpchp: Standard Hot Plug PCI Controller Driver version: 0.4
[STDERR  ] 2018-07-15T00:07:03.808825420Z: [    4.627742] hv_vmbus: registering driver hyperv_fb
[STDERR  ] 2018-07-15T00:07:03.808846869Z: [    4.631500] input: Power Button as /devices/LNXSYSTM:00/LNXPWRBN:00/input/input0
[STDERR  ] 2018-07-15T00:07:03.808870454Z: [    4.634696] ACPI: Power Button [PWRF]
[STDERR  ] 2018-07-15T00:07:03.808887071Z: [    4.650637] ACPI: PCI Interrupt Link [GSIG] enabled at IRQ 22
[STDERR  ] 2018-07-15T00:07:03.808904368Z: [    4.660926] ACPI: PCI Interrupt Link [GSIH] enabled at IRQ 23
[STDERR  ] 2018-07-15T00:07:03.808923625Z: [    4.665288] Serial: 8250/16550 driver, 4 ports, IRQ sharing disabled
[STDERR  ] 2018-07-15T00:07:03.808944309Z: [    4.690356] 00:04: ttyS0 at I/O 0x3f8 (irq = 4, base_baud = 115200) is a 16550A
[STDERR  ] 2018-07-15T00:07:03.808964101Z: [    4.698246] Non-volatile memory driver v1.3
[STDERR  ] 2018-07-15T00:07:03.808984689Z: [    4.704428] Hangcheck: starting hangcheck timer 0.9.1 (tick is 180 seconds, margin is 60 seconds).
[STDERR  ] 2018-07-15T00:07:03.809009051Z: [    4.713586] random: fast init done
[STDERR  ] 2018-07-15T00:07:03.809032960Z: [    4.714727] random: crng init done
[STDERR  ] 2018-07-15T00:07:03.809053058Z: [    4.759697] brd: module loaded
[STDERR  ] 2018-07-15T00:07:03.809074564Z: [    4.785470] loop: module loaded
[STDERR  ] 2018-07-15T00:07:03.809093305Z: [    4.837835] lpc_ich 0000:00:1f.0: I/O space for GPIO uninitialized
[STDERR  ] 2018-07-15T00:07:03.809113027Z: [    4.839461] VMware PVSCSI driver - version 1.0.7.0-k
[STDERR  ] 2018-07-15T00:07:03.809134927Z: [    4.840431] hv_vmbus: registering driver hv_storvsc
[STDERR  ] 2018-07-15T00:07:03.809153304Z: [    4.847397] ACPI: PCI Interrupt Link [GSIA] enabled at IRQ 16
[STDERR  ] 2018-07-15T00:07:03.809172477Z: [    4.853283] ahci 0000:00:1f.2: AHCI 0001.0000 32 slots 6 ports 1.5 Gbps 0x3f impl SATA mode
[STDERR  ] 2018-07-15T00:07:03.809191136Z: [    4.853865] ahci 0000:00:1f.2: flags: 64bit ncq only 
[STDERR  ] 2018-07-15T00:07:03.809211478Z: [    4.867274] scsi host0: ahci
[STDERR  ] 2018-07-15T00:07:03.809230267Z: [    4.869805] scsi host1: ahci
[STDERR  ] 2018-07-15T00:07:03.809249741Z: [    4.871554] scsi host2: ahci
[STDERR  ] 2018-07-15T00:07:03.809267573Z: [    4.873003] scsi host3: ahci
[STDERR  ] 2018-07-15T00:07:03.809286068Z: [    4.874437] scsi host4: ahci
[STDERR  ] 2018-07-15T00:07:03.809304345Z: [    4.875821] scsi host5: ahci
[STDERR  ] 2018-07-15T00:07:03.809322005Z: [    4.876895] ata1: SATA max UDMA/133 abar m4096@0xfebd2000 port 0xfebd2100 irq 24
[STDERR  ] 2018-07-15T00:07:03.809342405Z: [    4.877476] ata2: SATA max UDMA/133 abar m4096@0xfebd2000 port 0xfebd2180 irq 24
[STDERR  ] 2018-07-15T00:07:03.809360961Z: [    4.877963] ata3: SATA max UDMA/133 abar m4096@0xfebd2000 port 0xfebd2200 irq 24
[STDERR  ] 2018-07-15T00:07:03.809384658Z: [    4.878489] ata4: SATA max UDMA/133 abar m4096@0xfebd2000 port 0xfebd2280 irq 24
[STDERR  ] 2018-07-15T00:07:03.809404963Z: [    4.878977] ata5: SATA max UDMA/133 abar m4096@0xfebd2000 port 0xfebd2300 irq 24
[STDERR  ] 2018-07-15T00:07:03.809427956Z: [    4.879487] ata6: SATA max UDMA/133 abar m4096@0xfebd2000 port 0xfebd2380 irq 24
[STDERR  ] 2018-07-15T00:07:03.809446281Z: [    4.889745] tun: Universal TUN/TAP device driver, 1.6
[STDERR  ] 2018-07-15T00:07:03.809464383Z: [    4.900000] VMware vmxnet3 virtual NIC driver - version 1.4.a.0-k-NAPI
[STDERR  ] 2018-07-15T00:07:03.809483200Z: [    4.901357] hv_vmbus: registering driver hv_netvsc
[STDERR  ] 2018-07-15T00:07:03.809503388Z: [    4.901684] Fusion MPT base driver 3.04.20
[STDERR  ] 2018-07-15T00:07:03.809524099Z: [    4.901933] Copyright (c) 1999-2008 LSI Corporation
[STDERR  ] 2018-07-15T00:07:03.809542599Z: [    4.902392] Fusion MPT SPI Host driver 3.04.20
[STDERR  ] 2018-07-15T00:07:03.809561988Z: [    4.904279] i8042: PNP: PS/2 Controller [PNP0303:KBD,PNP0f13:MOU] at 0x60,0x64 irq 1,12
[STDERR  ] 2018-07-15T00:07:03.809584882Z: [    4.908221] serio: i8042 KBD port at 0x60,0x64 irq 1
[STDERR  ] 2018-07-15T00:07:03.809603993Z: [    4.908890] serio: i8042 AUX port at 0x60,0x64 irq 12
[STDERR  ] 2018-07-15T00:07:03.809627568Z: [    4.911545] hv_vmbus: registering driver hyperv_keyboard
[STDERR  ] 2018-07-15T00:07:03.809647418Z: [    4.913250] mousedev: PS/2 mouse device common for all mice
[STDERR  ] 2018-07-15T00:07:03.809667810Z: [    4.916841] input: AT Translated Set 2 keyboard as /devices/platform/i8042/serio0/input/input1
[STDERR  ] 2018-07-15T00:07:03.809686801Z: [    4.919084] input: PC Speaker as /devices/platform/pcspkr/input/input2
[STDERR  ] 2018-07-15T00:07:03.809706460Z: [    4.922966] rtc_cmos 00:00: RTC can wake from S4
[STDERR  ] 2018-07-15T00:07:03.809725295Z: [    4.925511] rtc_cmos 00:00: rtc core: registered rtc_cmos as rtc0
[STDERR  ] 2018-07-15T00:07:03.809743406Z: [    4.926608] rtc_cmos 00:00: alarms up to one day, y3k, 114 bytes nvram, hpet irqs
[STDERR  ] 2018-07-15T00:07:03.809762415Z: [    4.927242] i2c /dev entries driver
[STDERR  ] 2018-07-15T00:07:03.809781266Z: [    4.929223] device-mapper: ioctl: 4.37.0-ioctl (2017-09-20) initialised: dm-devel@redhat.com
[STDERR  ] 2018-07-15T00:07:03.809806249Z: [    4.933227] usbcore: registered new interface driver usbhid
[STDERR  ] 2018-07-15T00:07:03.809825309Z: [    4.933594] usbhid: USB HID core driver
[STDERR  ] 2018-07-15T00:07:03.809848368Z: [    4.934244] hv_utils: Registering HyperV Utility Driver
[STDERR  ] 2018-07-15T00:07:03.809878965Z: [    4.934551] hv_vmbus: registering driver hv_util
[STDERR  ] 2018-07-15T00:07:03.809898045Z: [    4.934838] hv_vmbus: registering driver hv_balloon
[STDERR  ] 2018-07-15T00:07:03.809917145Z: [    4.935253] oprofile: using NMI interrupt.
[STDERR  ] 2018-07-15T00:07:03.809936682Z: [    4.936248] GACT probability on
[STDERR  ] 2018-07-15T00:07:03.809955125Z: [    4.936683] Mirror/redirect action on
[STDERR  ] 2018-07-15T00:07:03.809974167Z: [    4.937188] Simple TC action Loaded
[STDERR  ] 2018-07-15T00:07:03.809993124Z: [    4.937626] u32 classifier
[STDERR  ] 2018-07-15T00:07:03.810013418Z: [    4.937816]     Performance counters on
[STDERR  ] 2018-07-15T00:07:03.810032810Z: [    4.938079]     input device check on
[STDERR  ] 2018-07-15T00:07:03.810051631Z: [    4.938439]     Actions configured
[STDERR  ] 2018-07-15T00:07:03.810069851Z: [    4.939043] Netfilter messages via NETLINK v0.30.
[STDERR  ] 2018-07-15T00:07:03.810087110Z: [    4.939566] nfnl_acct: registering with nfnetlink.
[STDERR  ] 2018-07-15T00:07:03.810104063Z: [    4.941144] nf_conntrack version 0.5.0 (8192 buckets, 32768 max)
[STDERR  ] 2018-07-15T00:07:03.810120662Z: [    4.943280] ctnetlink v0.93: registering with nfnetlink.
[STDERR  ] 2018-07-15T00:07:03.810137764Z: [    4.945849] nf_tables: (c) 2007-2009 Patrick McHardy <kaber@trash.net>
[STDERR  ] 2018-07-15T00:07:03.810157355Z: [    4.946664] nf_tables_compat: (c) 2012 Pablo Neira Ayuso <pablo@netfilter.org>
[STDERR  ] 2018-07-15T00:07:03.810175549Z: [    4.948756] xt_time: kernel timezone is -0000
[STDERR  ] 2018-07-15T00:07:03.810194127Z: [    4.949279] ip_set: protocol 6
[STDERR  ] 2018-07-15T00:07:03.810212528Z: [    4.949877] IPVS: Registered protocols (TCP, UDP, SCTP, AH, ESP)
[STDERR  ] 2018-07-15T00:07:03.810231368Z: [    4.950896] IPVS: Connection hash table configured (size=4096, memory=64Kbytes)
[STDERR  ] 2018-07-15T00:07:03.810248951Z: [    4.954662] IPVS: ipvs loaded.
[STDERR  ] 2018-07-15T00:07:03.810268108Z: [    4.955048] IPVS: [rr] scheduler registered.
[STDERR  ] 2018-07-15T00:07:03.810286954Z: [    4.955430] IPVS: [wrr] scheduler registered.
[STDERR  ] 2018-07-15T00:07:03.810307706Z: [    4.955759] IPVS: [lc] scheduler registered.
[STDERR  ] 2018-07-15T00:07:03.810325476Z: [    4.956112] IPVS: [wlc] scheduler registered.
[STDERR  ] 2018-07-15T00:07:03.810344266Z: [    4.956427] IPVS: [fo] scheduler registered.
[STDERR  ] 2018-07-15T00:07:03.810363651Z: [    4.956726] IPVS: [ovf] scheduler registered.
[STDERR  ] 2018-07-15T00:07:03.810384618Z: [    4.957148] IPVS: [lblc] scheduler registered.
[STDERR  ] 2018-07-15T00:07:03.810403745Z: [    4.957622] IPVS: [lblcr] scheduler registered.
[STDERR  ] 2018-07-15T00:07:03.810423024Z: [    4.958007] IPVS: [dh] scheduler registered.
[STDERR  ] 2018-07-15T00:07:03.810446358Z: [    4.958318] IPVS: [sh] scheduler registered.
[STDERR  ] 2018-07-15T00:07:03.810466076Z: [    4.958627] IPVS: [sed] scheduler registered.
[STDERR  ] 2018-07-15T00:07:03.810484682Z: [    4.958976] IPVS: [nq] scheduler registered.
[STDERR  ] 2018-07-15T00:07:03.810503024Z: [    4.959654] IPVS: ftp: loaded support on port[0] = 21
[STDERR  ] 2018-07-15T00:07:03.810522930Z: [    4.960995] ipip: IPv4 and MPLS over IPv4 tunneling driver
[STDERR  ] 2018-07-15T00:07:03.810541476Z: [    4.964007] gre: GRE over IPv4 demultiplexor driver
[STDERR  ] 2018-07-15T00:07:03.810564439Z: [    4.966273] ip_tables: (C) 2000-2006 Netfilter Core Team
[STDERR  ] 2018-07-15T00:07:03.810583316Z: [    4.969743] ipt_CLUSTERIP: ClusterIP Version 0.8 loaded successfully
[STDERR  ] 2018-07-15T00:07:03.810601562Z: [    4.971065] arp_tables: arp_tables: (C) 2002 David S. Miller
[STDERR  ] 2018-07-15T00:07:03.810620203Z: [    4.973247] NET: Registered protocol family 10
[STDERR  ] 2018-07-15T00:07:03.810645817Z: [    4.981447] Segment Routing with IPv6
[STDERR  ] 2018-07-15T00:07:03.810664501Z: [    4.982235] ip6_tables: (C) 2000-2006 Netfilter Core Team
[STDERR  ] 2018-07-15T00:07:03.810683546Z: [    4.988691] NET: Registered protocol family 17
[STDERR  ] 2018-07-15T00:07:03.810702385Z: [    4.989719] Bridge firewalling registered
[STDERR  ] 2018-07-15T00:07:03.810721233Z: [    4.990735] Ebtables v2.0 registered
[STDERR  ] 2018-07-15T00:07:03.810739603Z: [    4.992407] 8021q: 802.1Q VLAN Support v1.8
[STDERR  ] 2018-07-15T00:07:03.810758546Z: [    4.993553] 9pnet: Installing 9P2000 support
[STDERR  ] 2018-07-15T00:07:03.810782993Z: [    4.994887] Key type dns_resolver registered
[STDERR  ] 2018-07-15T00:07:03.810803475Z: [    4.996184] sched_clock: Marking stable (4990276060, 0)->(5100060457, -109784397)
[STDERR  ] 2018-07-15T00:07:03.810822492Z: [    4.999360] registered taskstats version 1
[STDERR  ] 2018-07-15T00:07:03.810840620Z: [    5.212572] ata2: SATA link down (SStatus 0 SControl 300)
[STDERR  ] 2018-07-15T00:07:03.810866560Z: [    5.214434] ata1: SATA link down (SStatus 0 SControl 300)
[STDERR  ] 2018-07-15T00:07:03.810886500Z: [    5.220912] ata3: SATA link up 1.5 Gbps (SStatus 113 SControl 300)
[STDERR  ] 2018-07-15T00:07:03.810905639Z: [    5.223819] ata3.00: ATAPI: QEMU DVD-ROM, 2.5+, max UDMA/100
[STDERR  ] 2018-07-15T00:07:03.810922985Z: [    5.224404] ata3.00: applying bridge limits
[STDERR  ] 2018-07-15T00:07:03.810941094Z: [    5.225960] ata4: SATA link down (SStatus 0 SControl 300)
[STDERR  ] 2018-07-15T00:07:03.810959091Z: [    5.229077] ata3.00: configured for UDMA/100
[STDERR  ] 2018-07-15T00:07:03.810976255Z: [    5.232340] ata5: SATA link down (SStatus 0 SControl 300)
[STDERR  ] 2018-07-15T00:07:03.810994124Z: [    5.232843] ata6: SATA link down (SStatus 0 SControl 300)
[STDERR  ] 2018-07-15T00:07:03.811014525Z: [    5.243281] Key type big_key registered
[STDERR  ] 2018-07-15T00:07:03.811031928Z: [    5.251801] scsi 2:0:0:0: CD-ROM            QEMU     QEMU DVD-ROM     2.5+ PQ: 0 ANSI: 5
[STDERR  ] 2018-07-15T00:07:03.811050932Z: [    5.283279] sr 2:0:0:0: [sr0] scsi3-mmc drive: 4x/4x cd/rw xa/form2 tray
[STDERR  ] 2018-07-15T00:07:03.811073051Z: [    5.283964] cdrom: Uniform CD-ROM driver Revision: 3.20
[STDERR  ] 2018-07-15T00:07:03.811494927Z: [    5.292344] sr 2:0:0:0: Attached scsi generic sg0 type 5
[STDERR  ] 2018-07-15T00:07:03.811572628Z: [    5.335547] Key type trusted registered
[STDERR  ] 2018-07-15T00:07:03.811619120Z: [    5.411076] Key type encrypted registered
[STDERR  ] 2018-07-15T00:07:03.811683603Z: [    5.411785] ima: No TPM chip found, activating TPM-bypass! (rc=-19)
[STDERR  ] 2018-07-15T00:07:03.811748328Z: [    5.412421] ima: Allocated hash algorithm: sha256
[STDERR  ] 2018-07-15T00:07:03.811796359Z: [    5.414805] evm: HMAC attrs: 0x1
[STDERR  ] 2018-07-15T00:07:03.811866508Z: [    5.419221] rtc_cmos 00:00: setting system clock to 2018-07-15 00:06:49 UTC (1531613209)
[STDERR  ] 2018-07-15T00:07:03.811932528Z: [    5.567210] Freeing unused kernel memory: 1512K
[STDERR  ] 2018-07-15T00:07:03.811988013Z: [    5.580865] Write protecting the kernel read-only data: 18432k
[STDERR  ] 2018-07-15T00:07:03.812059129Z: [    5.594859] Freeing unused kernel memory: 2024K
[STDERR  ] 2018-07-15T00:07:03.812122446Z: [    5.647213] Freeing unused kernel memory: 1100K
[STDERR  ] 2018-07-15T00:07:03.812172300Z: [    5.647843] tsc: Refined TSC clocksource calibration: 2599.880 MHz
[STDERR  ] 2018-07-15T00:07:03.812234618Z: [    5.648447] clocksource: tsc: mask: 0xffffffffffffffff max_cycles: 0x2579cab2ac6, max_idle_ns: 440795206274 ns
[STDERR  ] 2018-07-15T00:07:03.812302569Z: [    6.654425] clocksource: Switched to clocksource tsc
[STDERR  ] 2018-07-15T00:07:03.812347923Z: 
[STDERR  ] 2018-07-15T00:07:03.812412861Z: Welcome to LinuxKit
[STDERR  ] 2018-07-15T00:07:03.812465316Z: 
[STDERR  ] 2018-07-15T00:07:03.812531859Z:                         ##         .
[STDERR  ] 2018-07-15T00:07:03.812592101Z:                   ## ## ##        ==
[STDERR  ] 2018-07-15T00:07:03.812638826Z:                ## ## ## ## ##    ===
[STDERR  ] 2018-07-15T00:07:03.812716017Z:            /"""""""""""""""""\___/ ===
[STDERR  ] 2018-07-15T00:07:03.812779199Z:           {                       /  ===-
[STDERR  ] 2018-07-15T00:07:03.812826352Z:            \______ O           __/
[STDERR  ] 2018-07-15T00:07:03.812898391Z:              \    \         __/
[STDERR  ] 2018-07-15T00:07:03.812961051Z:               \____\_______/
[STDERR  ] 2018-07-15T00:07:03.813005683Z: 
[STDERR  ] 2018-07-15T00:07:03.813067697Z: [   14.415862] hello_world: loading out-of-tree module taints kernel.
[STDERR  ] 2018-07-15T00:07:03.813116458Z: [   14.422621] Hello LinuxKit
[STDERR  ] 2018-07-15T00:07:03.813182043Z: [   14.524651] Goodbye LinuxKit.
[STDERR  ] 2018-07-15T00:07:03.813351300Z: Linux linuxkit-9603f92d74ec 4.14.55-linuxkit #1 SMP Sat Jul 14 12:37:09 UTC 2018 x86_64 Linux
[STDERR  ] 2018-07-15T00:07:03.813443559Z: filename:       hello_world.ko
[STDERR  ] 2018-07-15T00:07:03.813500642Z: author:         Rolf Neugebauer <rolf.neugebauer@docker.com>
[STDERR  ] 2018-07-15T00:07:03.813568768Z: description:    A simple Hello World kernel module for testing
[STDERR  ] 2018-07-15T00:07:03.813636075Z: license:        GPL
[STDERR  ] 2018-07-15T00:07:03.813686217Z: depends:        
[STDERR  ] 2018-07-15T00:07:03.813751754Z: vermagic:       4.14.55-linuxkit SMP mod_unload modversions RANDSTRUCT_PLUGIN_8a1380f50657009fcb0d44f04d9a0952ffafdf60d5b7784362b9a7c16fb218f6
[STDERR  ] 2018-07-15T00:07:03.813833413Z: Kernel module test suite PASSED
[STDERR  ] 2018-07-15T00:07:03.813914247Z: [   18.896640] ACPI: Preparing to enter system sleep state S5
[STDERR  ] 2018-07-15T00:07:03.813998495Z: [   18.897799] reboot: Power down
[STDERR  ] 2018-07-15T00:07:03.814093961Z: + grep -q Hello LinuxKit
[STDERR  ] 2018-07-15T00:07:03.814183389Z: + echo [    0.000000] Linux version 4.14.55-linuxkit (root@baf0c275cb44) (gcc version 6.4.0 (Alpine 6.4.0)) #1 SMP Sat Jul 14 12:37:09 UTC 2018
[STDERR  ] 2018-07-15T00:07:03.814294331Z: [    0.000000] Command line: console=ttyS0 console=ttyAMA0
[STDERR  ] 2018-07-15T00:07:03.814379585Z: [    0.000000] x86/fpu: x87 FPU will use FXSAVE
[STDERR  ] 2018-07-15T00:07:03.814456239Z: [    0.000000] e820: BIOS-provided physical RAM map:
[STDERR  ] 2018-07-15T00:07:03.814537545Z: [    0.000000] BIOS-e820: [mem 0x0000000000000000-0x000000000009fbff] usable
[STDERR  ] 2018-07-15T00:07:03.814595341Z: [    0.000000] BIOS-e820: [mem 0x000000000009fc00-0x000000000009ffff] reserved
[STDERR  ] 2018-07-15T00:07:03.814670555Z: [    0.000000] BIOS-e820: [mem 0x00000000000f0000-0x00000000000fffff] reserved
[STDERR  ] 2018-07-15T00:07:03.814768614Z: [    0.000000] BIOS-e820: [mem 0x0000000000100000-0x000000003ffdefff] usable
[STDERR  ] 2018-07-15T00:07:03.814862530Z: [    0.000000] BIOS-e820: [mem 0x000000003ffdf000-0x000000003fffffff] reserved
[STDERR  ] 2018-07-15T00:07:03.814935919Z: [    0.000000] BIOS-e820: [mem 0x00000000b0000000-0x00000000bfffffff] reserved
[STDERR  ] 2018-07-15T00:07:03.815015562Z: [    0.000000] BIOS-e820: [mem 0x00000000fed1c000-0x00000000fed1ffff] reserved
[STDERR  ] 2018-07-15T00:07:03.815200269Z: [    0.000000] BIOS-e820: [mem 0x00000000fffc0000-0x00000000ffffffff] reserved
[STDERR  ] 2018-07-15T00:07:03.815297545Z: [    0.000000] NX (Execute Disable) protection: active
[STDERR  ] 2018-07-15T00:07:03.815371143Z: [    0.000000] SMBIOS 2.8 present.
[STDERR  ] 2018-07-15T00:07:03.815428085Z: [    0.000000] DMI: QEMU Standard PC (Q35 + ICH9, 2009), BIOS 1.10.2-1 04/01/2014
[STDERR  ] 2018-07-15T00:07:03.815516111Z: [    0.000000] tsc: Fast TSC calibration using PIT
[STDERR  ] 2018-07-15T00:07:03.815616794Z: [    0.000000] e820: last_pfn = 0x3ffdf max_arch_pfn = 0x400000000
[STDERR  ] 2018-07-15T00:07:03.815705530Z: [    0.000000] x86/PAT: Configuration [0-7]: WB  WC  UC- UC  WB  WP  UC- WT  
[STDERR  ] 2018-07-15T00:07:03.815783339Z: [    0.000000] found SMP MP-table at [mem 0x000f6a90-0x000f6a9f] mapped at [ffffffffff200a90]
[STDERR  ] 2018-07-15T00:07:03.815874725Z: [    0.000000] RAMDISK: [mem 0x3e4c4000-0x3ffcffff]
[STDERR  ] 2018-07-15T00:07:03.815937802Z: [    0.000000] ACPI: Early table checksum verification disabled
[STDERR  ] 2018-07-15T00:07:03.816040949Z: [    0.000000] ACPI: RSDP 0x00000000000F68D0 000014 (v00 BOCHS )
[STDERR  ] 2018-07-15T00:07:03.816095609Z: [    0.000000] ACPI: RSDT 0x000000003FFE2404 000034 (v01 BOCHS  BXPCRSDT 00000001 BXPC 00000001)
[STDERR  ] 2018-07-15T00:07:03.816162890Z: [    0.000000] ACPI: FACP 0x000000003FFE22A4 000074 (v01 BOCHS  BXPCFACP 00000001 BXPC 00000001)
[STDERR  ] 2018-07-15T00:07:03.816239692Z: [    0.000000] ACPI: DSDT 0x000000003FFE0040 002264 (v01 BOCHS  BXPCDSDT 00000001 BXPC 00000001)
[STDERR  ] 2018-07-15T00:07:03.816296102Z: [    0.000000] ACPI: FACS 0x000000003FFE0000 000040
[STDERR  ] 2018-07-15T00:07:03.816366009Z: [    0.000000] ACPI: APIC 0x000000003FFE2318 000078 (v01 BOCHS  BXPCAPIC 00000001 BXPC 00000001)
[STDERR  ] 2018-07-15T00:07:03.816418081Z: [    0.000000] ACPI: HPET 0x000000003FFE2390 000038 (v01 BOCHS  BXPCHPET 00000001 BXPC 00000001)
[STDERR  ] 2018-07-15T00:07:03.816483210Z: [    0.000000] ACPI: MCFG 0x000000003FFE23C8 00003C (v01 BOCHS  BXPCMCFG 00000001 BXPC 00000001)
[STDERR  ] 2018-07-15T00:07:03.816566284Z: [    0.000000] Zone ranges:
[STDERR  ] 2018-07-15T00:07:03.816620743Z: [    0.000000]   DMA      [mem 0x0000000000001000-0x0000000000ffffff]
[STDERR  ] 2018-07-15T00:07:03.816674284Z: [    0.000000]   DMA32    [mem 0x0000000001000000-0x000000003ffdefff]
[STDERR  ] 2018-07-15T00:07:03.816756195Z: [    0.000000]   Normal   empty
[STDERR  ] 2018-07-15T00:07:03.816808102Z: [    0.000000]   Device   empty
[STDERR  ] 2018-07-15T00:07:03.816884302Z: [    0.000000] Movable zone start for each node
[STDERR  ] 2018-07-15T00:07:03.816949235Z: [    0.000000] Early memory node ranges
[STDERR  ] 2018-07-15T00:07:03.817002376Z: [    0.000000]   node   0: [mem 0x0000000000001000-0x000000000009efff]
[STDERR  ] 2018-07-15T00:07:03.817080014Z: [    0.000000]   node   0: [mem 0x0000000000100000-0x000000003ffdefff]
[STDERR  ] 2018-07-15T00:07:03.817154278Z: [    0.000000] Initmem setup node 0 [mem 0x0000000000001000-0x000000003ffdefff]
[STDERR  ] 2018-07-15T00:07:03.817208401Z: [    0.000000] ACPI: PM-Timer IO Port: 0x608
[STDERR  ] 2018-07-15T00:07:03.817270377Z: [    0.000000] ACPI: LAPIC_NMI (acpi_id[0xff] dfl dfl lint[0x1])
[STDERR  ] 2018-07-15T00:07:03.817333182Z: [    0.000000] IOAPIC[0]: apic_id 0, version 32, address 0xfec00000, GSI 0-23
[STDERR  ] 2018-07-15T00:07:03.817385984Z: [    0.000000] ACPI: INT_SRC_OVR (bus 0 bus_irq 0 global_irq 2 dfl dfl)
[STDERR  ] 2018-07-15T00:07:03.817444195Z: [    0.000000] ACPI: INT_SRC_OVR (bus 0 bus_irq 5 global_irq 5 high level)
[STDERR  ] 2018-07-15T00:07:03.817499536Z: [    0.000000] ACPI: INT_SRC_OVR (bus 0 bus_irq 9 global_irq 9 high level)
[STDERR  ] 2018-07-15T00:07:03.817554532Z: [    0.000000] ACPI: INT_SRC_OVR (bus 0 bus_irq 10 global_irq 10 high level)
[STDERR  ] 2018-07-15T00:07:03.817620008Z: [    0.000000] ACPI: INT_SRC_OVR (bus 0 bus_irq 11 global_irq 11 high level)
[STDERR  ] 2018-07-15T00:07:03.817681983Z: [    0.000000] Using ACPI (MADT) for SMP configuration information
[STDERR  ] 2018-07-15T00:07:03.817744267Z: [    0.000000] ACPI: HPET id: 0x8086a201 base: 0xfed00000
[STDERR  ] 2018-07-15T00:07:03.817794039Z: [    0.000000] smpboot: Allowing 1 CPUs, 0 hotplug CPUs
[STDERR  ] 2018-07-15T00:07:03.817879816Z: [    0.000000] e820: [mem 0x40000000-0xafffffff] available for PCI devices
[STDERR  ] 2018-07-15T00:07:03.817938992Z: [    0.000000] Booting paravirtualized kernel on bare hardware
[STDERR  ] 2018-07-15T00:07:03.817994881Z: [    0.000000] clocksource: refined-jiffies: mask: 0xffffffff max_cycles: 0xffffffff, max_idle_ns: 19112604462750000 ns
[STDERR  ] 2018-07-15T00:07:03.818049013Z: [    0.000000] random: get_random_bytes called from start_kernel+0x92/0x4cb with crng_init=0
[STDERR  ] 2018-07-15T00:07:03.818111342Z: [    0.000000] setup_percpu: NR_CPUS:128 nr_cpumask_bits:128 nr_cpu_ids:1 nr_node_ids:1
[STDERR  ] 2018-07-15T00:07:03.818164040Z: [    0.000000] percpu: Embedded 44 pages/cpu @ffff9d3e3e200000 s143256 r8192 d28776 u2097152
[STDERR  ] 2018-07-15T00:07:03.818230768Z: [    0.000000] Built 1 zonelists, mobility grouping on.  Total pages: 257896
[STDERR  ] 2018-07-15T00:07:03.818284862Z: [    0.000000] Kernel command line: console=ttyS0 console=ttyAMA0
[STDERR  ] 2018-07-15T00:07:03.818339214Z: [    0.000000] PID hash table entries: 4096 (order: 3, 32768 bytes)
[STDERR  ] 2018-07-15T00:07:03.818391515Z: [    0.000000] Dentry cache hash table entries: 131072 (order: 8, 1048576 bytes)
[STDERR  ] 2018-07-15T00:07:03.818453886Z: [    0.000000] Inode-cache hash table entries: 65536 (order: 7, 524288 bytes)
[STDERR  ] 2018-07-15T00:07:03.818515618Z: [    0.000000] Memory: 977096K/1048052K available (12300K kernel code, 1465K rwdata, 2996K rodata, 1512K init, 632K bss, 70956K reserved, 0K cma-reserved)
[STDERR  ] 2018-07-15T00:07:03.818568015Z: [    0.000000] ftrace: allocating 41047 entries in 161 pages
[STDERR  ] 2018-07-15T00:07:03.818627463Z: [    0.000000] Hierarchical RCU implementation.
[STDERR  ] 2018-07-15T00:07:03.818679776Z: [    0.000000] 	RCU restricting CPUs from NR_CPUS=128 to nr_cpu_ids=1.
[STDERR  ] 2018-07-15T00:07:03.818730710Z: [    0.000000] RCU: Adjusting geometry for rcu_fanout_leaf=16, nr_cpu_ids=1
[STDERR  ] 2018-07-15T00:07:03.818783640Z: [    0.000000] NR_IRQS: 8448, nr_irqs: 256, preallocated irqs: 16
[STDERR  ] 2018-07-15T00:07:03.818835476Z: [    0.000000] Console: colour VGA+ 80x25
[STDERR  ] 2018-07-15T00:07:03.818915295Z: [    0.000000] console [ttyS0] enabled
[STDERR  ] 2018-07-15T00:07:03.818967381Z: [    0.000000] clocksource: hpet: mask: 0xffffffff max_cycles: 0xffffffff, max_idle_ns: 19112604467 ns
[STDERR  ] 2018-07-15T00:07:03.819021388Z: [    0.010000] tsc: Fast TSC calibration using PIT
[STDERR  ] 2018-07-15T00:07:03.819112195Z: [    0.010000] tsc: Detected 2599.818 MHz processor
[STDERR  ] 2018-07-15T00:07:03.819233401Z: [    0.010000] Calibrating delay loop (skipped), value calculated using timer frequency.. 5199.63 BogoMIPS (lpj=25998180)
[STDERR  ] 2018-07-15T00:07:03.819304564Z: [    0.010000] pid_max: default: 32768 minimum: 301
[STDERR  ] 2018-07-15T00:07:03.819366528Z: [    0.010000] ACPI: Core revision 20170728
[STDERR  ] 2018-07-15T00:07:03.819423454Z: [    0.047806] ACPI: 1 ACPI AML tables successfully acquired and loaded
[STDERR  ] 2018-07-15T00:07:03.819482169Z: [    0.049381] Security Framework initialized
[STDERR  ] 2018-07-15T00:07:03.819535269Z: [    0.049804] Yama: becoming mindful.
[STDERR  ] 2018-07-15T00:07:03.819598910Z: [    0.051534] Mount-cache hash table entries: 2048 (order: 2, 16384 bytes)
[STDERR  ] 2018-07-15T00:07:03.819664326Z: [    0.051987] Mountpoint-cache hash table entries: 2048 (order: 2, 16384 bytes)
[STDERR  ] 2018-07-15T00:07:03.819719659Z: [    0.066327] Last level iTLB entries: 4KB 0, 2MB 0, 4MB 0
[STDERR  ] 2018-07-15T00:07:03.819785871Z: [    0.066779] Last level dTLB entries: 4KB 0, 2MB 0, 4MB 0, 1GB 0
[STDERR  ] 2018-07-15T00:07:03.819849635Z: [    0.067363] Spectre V2 : Spectre mitigation: LFENCE not serializing, switching to generic retpoline
[STDERR  ] 2018-07-15T00:07:03.819931282Z: [    0.068024] Spectre V2 : Mitigation: Full generic retpoline
[STDERR  ] 2018-07-15T00:07:03.819989125Z: [    0.068483] Spectre V2 : Spectre v2 mitigation: Filling RSB on context switch
[STDERR  ] 2018-07-15T00:07:03.820039865Z: [    0.069047] Speculative Store Bypass: Vulnerable
[STDERR  ] 2018-07-15T00:07:03.820097161Z: [    0.300910] Freeing SMP alternatives memory: 20K
[STDERR  ] 2018-07-15T00:07:03.820148355Z: [    0.317338] smpboot: Max logical packages: 1
[STDERR  ] 2018-07-15T00:07:03.820201934Z: [    0.322352] ..TIMER: vector=0x30 apic1=0 pin1=2 apic2=-1 pin2=-1
[STDERR  ] 2018-07-15T00:07:03.820254837Z: [    0.430000] smpboot: CPU0: AMD QEMU Virtual CPU version 2.5+ (family: 0x6, model: 0x6, stepping: 0x3)
[STDERR  ] 2018-07-15T00:07:03.820306460Z: [    0.430000] Performance Events: PMU not available due to virtualization, using software events only.
[STDERR  ] 2018-07-15T00:07:03.820365133Z: [    0.430000] Hierarchical SRCU implementation.
[STDERR  ] 2018-07-15T00:07:03.820428010Z: [    0.433933] NMI watchdog: Perf event create on CPU 0 failed with -2
[STDERR  ] 2018-07-15T00:07:03.820502870Z: [    0.434367] NMI watchdog: Perf NMI watchdog permanently disabled
[STDERR  ] 2018-07-15T00:07:03.820552376Z: [    0.437592] smp: Bringing up secondary CPUs ...
[STDERR  ] 2018-07-15T00:07:03.820605224Z: [    0.438088] smp: Brought up 1 node, 1 CPU
[STDERR  ] 2018-07-15T00:07:03.820657475Z: [    0.438467] smpboot: Total of 1 processors activated (5199.63 BogoMIPS)
[STDERR  ] 2018-07-15T00:07:03.820710260Z: [    0.453864] devtmpfs: initialized
[STDERR  ] 2018-07-15T00:07:03.820765753Z: [    0.457569] x86/mm: Memory block size: 128MB
[STDERR  ] 2018-07-15T00:07:03.820829846Z: [    0.462974] evm: security.ima
[STDERR  ] 2018-07-15T00:07:03.820889833Z: [    0.463253] evm: security.capability
[STDERR  ] 2018-07-15T00:07:03.820950741Z: [    0.466506] clocksource: jiffies: mask: 0xffffffff max_cycles: 0xffffffff, max_idle_ns: 19112604462750000 ns
[STDERR  ] 2018-07-15T00:07:03.821013071Z: [    0.467345] futex hash table entries: 256 (order: 2, 16384 bytes)
[STDERR  ] 2018-07-15T00:07:03.821068799Z: [    0.476754] NET: Registered protocol family 16
[STDERR  ] 2018-07-15T00:07:03.821122840Z: [    0.482663] cpuidle: using governor ladder
[STDERR  ] 2018-07-15T00:07:03.821185674Z: [    0.483563] cpuidle: using governor menu
[STDERR  ] 2018-07-15T00:07:03.821253876Z: [    0.484909] ACPI: bus type PCI registered
[STDERR  ] 2018-07-15T00:07:03.821308307Z: [    0.487152] PCI: MMCONFIG for domain 0000 [bus 00-ff] at [mem 0xb0000000-0xbfffffff] (base 0xb0000000)
[STDERR  ] 2018-07-15T00:07:03.821361082Z: [    0.487868] PCI: MMCONFIG at [mem 0xb0000000-0xbfffffff] reserved in E820
[STDERR  ] 2018-07-15T00:07:03.821422146Z: [    0.488831] PCI: Using configuration type 1 for base access
[STDERR  ] 2018-07-15T00:07:03.821476692Z: [    0.534050] HugeTLB registered 2.00 MiB page size, pre-allocated 0 pages
[STDERR  ] 2018-07-15T00:07:03.821526067Z: [    0.543499] ACPI: Added _OSI(Module Device)
[STDERR  ] 2018-07-15T00:07:03.821587690Z: [    0.543922] ACPI: Added _OSI(Processor Device)
[STDERR  ] 2018-07-15T00:07:03.821640430Z: [    0.544191] ACPI: Added _OSI(3.0 _SCP Extensions)
[STDERR  ] 2018-07-15T00:07:03.821694968Z: [    0.544456] ACPI: Added _OSI(Processor Aggregator Device)
[STDERR  ] 2018-07-15T00:07:03.821751231Z: [    0.601067] ACPI: Interpreter enabled
[STDERR  ] 2018-07-15T00:07:03.821843735Z: [    0.601775] ACPI: (supports S0 S5)
[STDERR  ] 2018-07-15T00:07:03.821911424Z: [    0.602061] ACPI: Using IOAPIC for interrupt routing
[STDERR  ] 2018-07-15T00:07:03.821961922Z: [    0.603629] PCI: Using host bridge windows from ACPI; if necessary, use "pci=nocrs" and report a bug
[STDERR  ] 2018-07-15T00:07:03.822023227Z: [    0.606150] ACPI: Enabled 2 GPEs in block 00 to 3F
[STDERR  ] 2018-07-15T00:07:03.822074001Z: [    0.658434] ACPI: PCI Root Bridge [PCI0] (domain 0000 [bus 00-ff])
[STDERR  ] 2018-07-15T00:07:03.822123035Z: [    0.659373] acpi PNP0A08:00: _OSC: OS supports [ExtendedConfig ASPM ClockPM Segments MSI]
[STDERR  ] 2018-07-15T00:07:03.822191561Z: [    0.663163] acpi PNP0A08:00: _OSC: OS now controls [PCIeHotplug PME PCIeCapability]
[STDERR  ] 2018-07-15T00:07:03.822242525Z: [    0.666111] PCI host bridge to bus 0000:00
[STDERR  ] 2018-07-15T00:07:03.822291145Z: [    0.666566] pci_bus 0000:00: root bus resource [io  0x0000-0x0cf7 window]
[STDERR  ] 2018-07-15T00:07:03.822348230Z: [    0.666964] pci_bus 0000:00: root bus resource [io  0x0d00-0xffff window]
[STDERR  ] 2018-07-15T00:07:03.822398346Z: [    0.667345] pci_bus 0000:00: root bus resource [mem 0x000a0000-0x000bffff window]
[STDERR  ] 2018-07-15T00:07:03.822450632Z: [    0.667760] pci_bus 0000:00: root bus resource [mem 0xc0000000-0xfebfffff window]
[STDERR  ] 2018-07-15T00:07:03.822509277Z: [    0.668318] pci_bus 0000:00: root bus resource [bus 00-ff]
[STDERR  ] 2018-07-15T00:07:03.822558446Z: [    0.712713] pci 0000:00:1f.0: quirk: [io  0x0600-0x067f] claimed by ICH6 ACPI/GPIO/TCO
[STDERR  ] 2018-07-15T00:07:03.822625637Z: [    0.741012] ACPI: PCI Interrupt Link [LNKA] (IRQs 5 *10 11)
[STDERR  ] 2018-07-15T00:07:03.822674789Z: [    0.742649] ACPI: PCI Interrupt Link [LNKB] (IRQs 5 *10 11)
[STDERR  ] 2018-07-15T00:07:03.822724069Z: [    0.743911] ACPI: PCI Interrupt Link [LNKC] (IRQs 5 10 *11)
[STDERR  ] 2018-07-15T00:07:03.822782884Z: [    0.745161] ACPI: PCI Interrupt Link [LNKD] (IRQs 5 10 *11)
[STDERR  ] 2018-07-15T00:07:03.822831944Z: [    0.746518] ACPI: PCI Interrupt Link [LNKE] (IRQs 5 *10 11)
[STDERR  ] 2018-07-15T00:07:03.822888105Z: [    0.747866] ACPI: PCI Interrupt Link [LNKF] (IRQs 5 *10 11)
[STDERR  ] 2018-07-15T00:07:03.822937996Z: [    0.749068] ACPI: PCI Interrupt Link [LNKG] (IRQs 5 10 *11)
[STDERR  ] 2018-07-15T00:07:03.822999578Z: [    0.750771] ACPI: PCI Interrupt Link [LNKH] (IRQs 5 10 *11)
[STDERR  ] 2018-07-15T00:07:03.823053179Z: [    0.751543] ACPI: PCI Interrupt Link [GSIA] (IRQs *16)
[STDERR  ] 2018-07-15T00:07:03.823140070Z: [    0.752108] ACPI: PCI Interrupt Link [GSIB] (IRQs *17)
[STDERR  ] 2018-07-15T00:07:03.823193701Z: [    0.752631] ACPI: PCI Interrupt Link [GSIC] (IRQs *18)
[STDERR  ] 2018-07-15T00:07:03.823271145Z: [    0.753109] ACPI: PCI Interrupt Link [GSID] (IRQs *19)
[STDERR  ] 2018-07-15T00:07:03.823324148Z: [    0.753660] ACPI: PCI Interrupt Link [GSIE] (IRQs *20)
[STDERR  ] 2018-07-15T00:07:03.823376000Z: [    0.754147] ACPI: PCI Interrupt Link [GSIF] (IRQs *21)
[STDERR  ] 2018-07-15T00:07:03.823432072Z: [    0.754629] ACPI: PCI Interrupt Link [GSIG] (IRQs *22)
[STDERR  ] 2018-07-15T00:07:03.823492874Z: [    0.755094] ACPI: PCI Interrupt Link [GSIH] (IRQs *23)
[STDERR  ] 2018-07-15T00:07:03.823545602Z: [    0.761840] SCSI subsystem initialized
[STDERR  ] 2018-07-15T00:07:03.823597439Z: [    0.763956] ACPI: bus type USB registered
[STDERR  ] 2018-07-15T00:07:03.823665074Z: [    0.764847] usbcore: registered new interface driver usbfs
[STDERR  ] 2018-07-15T00:07:03.823728768Z: [    0.765664] usbcore: registered new interface driver hub
[STDERR  ] 2018-07-15T00:07:03.823782618Z: [    0.766515] usbcore: registered new device driver usb
[STDERR  ] 2018-07-15T00:07:03.823846173Z: [    0.767413] pps_core: LinuxPPS API ver. 1 registered
[STDERR  ] 2018-07-15T00:07:03.823912496Z: [    0.767805] pps_core: Software ver. 5.3.6 - Copyright 2005-2007 Rodolfo Giometti <giometti@linux.it>
[STDERR  ] 2018-07-15T00:07:03.823980382Z: [    0.768631] PTP clock support registered
[STDERR  ] 2018-07-15T00:07:03.824035618Z: [    0.771139] PCI: Using ACPI for IRQ routing
[STDERR  ] 2018-07-15T00:07:03.824090950Z: [    0.784144] NetLabel: Initializing
[STDERR  ] 2018-07-15T00:07:03.824157423Z: [    0.784569] NetLabel:  domain hash size = 128
[STDERR  ] 2018-07-15T00:07:03.824214456Z: [    0.784816] NetLabel:  protocols = UNLABELED CIPSOv4 CALIPSO
[STDERR  ] 2018-07-15T00:07:03.824268504Z: [    0.786781] NetLabel:  unlabeled traffic allowed by default
[STDERR  ] 2018-07-15T00:07:03.824331811Z: [    0.788265] HPET: 3 timers in total, 0 timers will be used for per-cpu timer
[STDERR  ] 2018-07-15T00:07:03.824391638Z: [    0.788997] hpet0: at MMIO 0xfed00000, IRQs 2, 8, 0
[STDERR  ] 2018-07-15T00:07:03.824457888Z: [    0.789356] hpet0: 3 comparators, 64-bit 100.000000 MHz counter
[STDERR  ] 2018-07-15T00:07:03.824513025Z: [    0.795592] clocksource: Switched to clocksource hpet
[STDERR  ] 2018-07-15T00:07:03.824574898Z: [    1.033120] VFS: Disk quotas dquot_6.6.0
[STDERR  ] 2018-07-15T00:07:03.824627004Z: [    1.033783] VFS: Dquot-cache hash table entries: 512 (order 0, 4096 bytes)
[STDERR  ] 2018-07-15T00:07:03.824686567Z: [    1.035959] FS-Cache: Loaded
[STDERR  ] 2018-07-15T00:07:03.824739497Z: [    1.040806] CacheFiles: Loaded
[STDERR  ] 2018-07-15T00:07:03.824802691Z: [    1.041663] pnp: PnP ACPI init
[STDERR  ] 2018-07-15T00:07:03.824864446Z: [    1.049828] pnp: PnP ACPI: found 5 devices
[STDERR  ] 2018-07-15T00:07:03.824918988Z: [    1.084611] clocksource: acpi_pm: mask: 0xffffff max_cycles: 0xffffff, max_idle_ns: 2085701024 ns
[STDERR  ] 2018-07-15T00:07:03.824985056Z: [    1.087066] NET: Registered protocol family 2
[STDERR  ] 2018-07-15T00:07:03.825057303Z: [    1.093336] TCP established hash table entries: 8192 (order: 4, 65536 bytes)
[STDERR  ] 2018-07-15T00:07:03.825110184Z: [    1.093984] TCP bind hash table entries: 8192 (order: 5, 131072 bytes)
[STDERR  ] 2018-07-15T00:07:03.825175776Z: [    1.095144] TCP: Hash tables configured (established 8192 bind 8192)
[STDERR  ] 2018-07-15T00:07:03.825229317Z: [    1.097055] UDP hash table entries: 512 (order: 2, 16384 bytes)
[STDERR  ] 2018-07-15T00:07:03.825292569Z: [    1.097697] UDP-Lite hash table entries: 512 (order: 2, 16384 bytes)
[STDERR  ] 2018-07-15T00:07:03.825347225Z: [    1.100542] NET: Registered protocol family 1
[STDERR  ] 2018-07-15T00:07:03.825401878Z: [    1.101426] pci 0000:00:01.0: Video device with shadowed ROM at [mem 0x000c0000-0x000dffff]
[STDERR  ] 2018-07-15T00:07:03.825453721Z: [    1.106280] Trying to unpack rootfs image as initramfs...
[STDERR  ] 2018-07-15T00:07:03.825519593Z: [    4.532734] Freeing initrd memory: 27696K
[STDERR  ] 2018-07-15T00:07:03.825575073Z: [    4.553200] PCLMULQDQ-NI instructions are not detected.
[STDERR  ] 2018-07-15T00:07:03.825625222Z: [    4.554350] AVX or AES-NI instructions are not detected.
[STDERR  ] 2018-07-15T00:07:03.825711756Z: [    4.554783] CPU feature 'AVX registers' is not supported.
[STDERR  ] 2018-07-15T00:07:03.825797703Z: [    4.555124] CPU feature 'AVX registers' is not supported.
[STDERR  ] 2018-07-15T00:07:03.827552636Z: [    4.555474] CPU feature 'AVX registers' is not supported.
[STDERR  ] 2018-07-15T00:07:03.828143349Z: [    4.555838] CPU feature 'AVX registers' is not supported.
[STDERR  ] 2018-07-15T00:07:03.828244420Z: [    4.556206] AVX2 or AES-NI instructions are not detected.
[STDERR  ] 2018-07-15T00:07:03.828303087Z: [    4.556651] AVX2 instructions are not detected.
[STDERR  ] 2018-07-15T00:07:03.828358126Z: [    4.561116] audit: initializing netlink subsys (disabled)
[STDERR  ] 2018-07-15T00:07:03.828414140Z: [    4.566936] audit: type=2000 audit(1531613208.560:1): state=initialized audit_enabled=0 res=1
[STDERR  ] 2018-07-15T00:07:03.828467470Z: [    4.568149] workingset: timestamp_bits=46 max_order=18 bucket_order=0
[STDERR  ] 2018-07-15T00:07:03.828518302Z: [    4.574277] squashfs: version 4.0 (2009/01/31) Phillip Lougher
[STDERR  ] 2018-07-15T00:07:03.828570859Z: [    4.576968] FS-Cache: Netfs 'cifs' registered for caching
[STDERR  ] 2018-07-15T00:07:03.828623750Z: [    4.577958] fuse init (API version 7.26)
[STDERR  ] 2018-07-15T00:07:03.828689516Z: [    4.580060] SGI XFS with ACLs, security attributes, no debug enabled
[STDERR  ] 2018-07-15T00:07:03.828753455Z: [    4.584612] 9p: Installing v9fs 9p2000 file system support
[STDERR  ] 2018-07-15T00:07:03.828808064Z: [    4.585081] FS-Cache: Netfs '9p' registered for caching
[STDERR  ] 2018-07-15T00:07:03.828875873Z: [    4.618758] NET: Registered protocol family 38
[STDERR  ] 2018-07-15T00:07:03.828941119Z: [    4.619340] Key type asymmetric registered
[STDERR  ] 2018-07-15T00:07:03.828993115Z: [    4.619821] Asymmetric key parser 'x509' registered
[STDERR  ] 2018-07-15T00:07:03.829070595Z: [    4.621350] Block layer SCSI generic (bsg) driver version 0.4 loaded (major 247)
[STDERR  ] 2018-07-15T00:07:03.829125560Z: [    4.622623] io scheduler noop registered
[STDERR  ] 2018-07-15T00:07:03.829180618Z: [    4.622963] io scheduler deadline registered (default)
[STDERR  ] 2018-07-15T00:07:03.829245838Z: [    4.623607] io scheduler cfq registered
[STDERR  ] 2018-07-15T00:07:03.829307600Z: [    4.623862] io scheduler mq-deadline registered
[STDERR  ] 2018-07-15T00:07:03.829361557Z: [    4.624220] io scheduler kyber registered
[STDERR  ] 2018-07-15T00:07:03.829414560Z: [    4.626924] shpchp: Standard Hot Plug PCI Controller Driver version: 0.4
[STDERR  ] 2018-07-15T00:07:03.829484103Z: [    4.627742] hv_vmbus: registering driver hyperv_fb
[STDERR  ] 2018-07-15T00:07:03.829536075Z: [    4.631500] input: Power Button as /devices/LNXSYSTM:00/LNXPWRBN:00/input/input0
[STDERR  ] 2018-07-15T00:07:03.829589936Z: [    4.634696] ACPI: Power Button [PWRF]
[STDERR  ] 2018-07-15T00:07:03.829664017Z: [    4.650637] ACPI: PCI Interrupt Link [GSIG] enabled at IRQ 22
[STDERR  ] 2018-07-15T00:07:03.829717410Z: [    4.660926] ACPI: PCI Interrupt Link [GSIH] enabled at IRQ 23
[STDERR  ] 2018-07-15T00:07:03.829780827Z: [    4.665288] Serial: 8250/16550 driver, 4 ports, IRQ sharing disabled
[STDERR  ] 2018-07-15T00:07:03.829834375Z: [    4.690356] 00:04: ttyS0 at I/O 0x3f8 (irq = 4, base_baud = 115200) is a 16550A
[STDERR  ] 2018-07-15T00:07:03.829894385Z: [    4.698246] Non-volatile memory driver v1.3
[STDERR  ] 2018-07-15T00:07:03.829957107Z: [    4.704428] Hangcheck: starting hangcheck timer 0.9.1 (tick is 180 seconds, margin is 60 seconds).
[STDERR  ] 2018-07-15T00:07:03.830012057Z: [    4.713586] random: fast init done
[STDERR  ] 2018-07-15T00:07:03.830075218Z: [    4.714727] random: crng init done
[STDERR  ] 2018-07-15T00:07:03.830128168Z: [    4.759697] brd: module loaded
[STDERR  ] 2018-07-15T00:07:03.830185807Z: [    4.785470] loop: module loaded
[STDERR  ] 2018-07-15T00:07:03.830250253Z: [    4.837835] lpc_ich 0000:00:1f.0: I/O space for GPIO uninitialized
[STDERR  ] 2018-07-15T00:07:03.830315626Z: [    4.839461] VMware PVSCSI driver - version 1.0.7.0-k
[STDERR  ] 2018-07-15T00:07:03.830370152Z: [    4.840431] hv_vmbus: registering driver hv_storvsc
[STDERR  ] 2018-07-15T00:07:03.830424149Z: [    4.847397] ACPI: PCI Interrupt Link [GSIA] enabled at IRQ 16
[STDERR  ] 2018-07-15T00:07:03.830477666Z: [    4.853283] ahci 0000:00:1f.2: AHCI 0001.0000 32 slots 6 ports 1.5 Gbps 0x3f impl SATA mode
[STDERR  ] 2018-07-15T00:07:03.830534816Z: [    4.853865] ahci 0000:00:1f.2: flags: 64bit ncq only 
[STDERR  ] 2018-07-15T00:07:03.830602120Z: [    4.867274] scsi host0: ahci
[STDERR  ] 2018-07-15T00:07:03.830652648Z: [    4.869805] scsi host1: ahci
[STDERR  ] 2018-07-15T00:07:03.830702034Z: [    4.871554] scsi host2: ahci
[STDERR  ] 2018-07-15T00:07:03.830761824Z: [    4.873003] scsi host3: ahci
[STDERR  ] 2018-07-15T00:07:03.830811255Z: [    4.874437] scsi host4: ahci
[STDERR  ] 2018-07-15T00:07:03.830872212Z: [    4.875821] scsi host5: ahci
[STDERR  ] 2018-07-15T00:07:03.830924564Z: [    4.876895] ata1: SATA max UDMA/133 abar m4096@0xfebd2000 port 0xfebd2100 irq 24
[STDERR  ] 2018-07-15T00:07:03.830988777Z: [    4.877476] ata2: SATA max UDMA/133 abar m4096@0xfebd2000 port 0xfebd2180 irq 24
[STDERR  ] 2018-07-15T00:07:03.831043816Z: [    4.877963] ata3: SATA max UDMA/133 abar m4096@0xfebd2000 port 0xfebd2200 irq 24
[STDERR  ] 2018-07-15T00:07:03.831137743Z: [    4.878489] ata4: SATA max UDMA/133 abar m4096@0xfebd2000 port 0xfebd2280 irq 24
[STDERR  ] 2018-07-15T00:07:03.831207295Z: [    4.878977] ata5: SATA max UDMA/133 abar m4096@0xfebd2000 port 0xfebd2300 irq 24
[STDERR  ] 2018-07-15T00:07:03.831259182Z: [    4.879487] ata6: SATA max UDMA/133 abar m4096@0xfebd2000 port 0xfebd2380 irq 24
[STDERR  ] 2018-07-15T00:07:03.831313305Z: [    4.889745] tun: Universal TUN/TAP device driver, 1.6
[STDERR  ] 2018-07-15T00:07:03.831364196Z: [    4.900000] VMware vmxnet3 virtual NIC driver - version 1.4.a.0-k-NAPI
[STDERR  ] 2018-07-15T00:07:03.831423654Z: [    4.901357] hv_vmbus: registering driver hv_netvsc
[STDERR  ] 2018-07-15T00:07:03.831474835Z: [    4.901684] Fusion MPT base driver 3.04.20
[STDERR  ] 2018-07-15T00:07:03.831528494Z: [    4.901933] Copyright (c) 1999-2008 LSI Corporation
[STDERR  ] 2018-07-15T00:07:03.831602552Z: [    4.902392] Fusion MPT SPI Host driver 3.04.20
[STDERR  ] 2018-07-15T00:07:03.831653553Z: [    4.904279] i8042: PNP: PS/2 Controller [PNP0303:KBD,PNP0f13:MOU] at 0x60,0x64 irq 1,12
[STDERR  ] 2018-07-15T00:07:03.831708102Z: [    4.908221] serio: i8042 KBD port at 0x60,0x64 irq 1
[STDERR  ] 2018-07-15T00:07:03.831770282Z: [    4.908890] serio: i8042 AUX port at 0x60,0x64 irq 12
[STDERR  ] 2018-07-15T00:07:03.831823537Z: [    4.911545] hv_vmbus: registering driver hyperv_keyboard
[STDERR  ] 2018-07-15T00:07:03.831899345Z: [    4.913250] mousedev: PS/2 mouse device common for all mice
[STDERR  ] 2018-07-15T00:07:03.831954324Z: [    4.916841] input: AT Translated Set 2 keyboard as /devices/platform/i8042/serio0/input/input1
[STDERR  ] 2018-07-15T00:07:03.832024357Z: [    4.919084] input: PC Speaker as /devices/platform/pcspkr/input/input2
[STDERR  ] 2018-07-15T00:07:03.832086415Z: [    4.922966] rtc_cmos 00:00: RTC can wake from S4
[STDERR  ] 2018-07-15T00:07:03.832140037Z: [    4.925511] rtc_cmos 00:00: rtc core: registered rtc_cmos as rtc0
[STDERR  ] 2018-07-15T00:07:03.832194338Z: [    4.926608] rtc_cmos 00:00: alarms up to one day, y3k, 114 bytes nvram, hpet irqs
[STDERR  ] 2018-07-15T00:07:03.832257957Z: [    4.927242] i2c /dev entries driver
[STDERR  ] 2018-07-15T00:07:03.832320759Z: [    4.929223] device-mapper: ioctl: 4.37.0-ioctl (2017-09-20) initialised: dm-devel@redhat.com
[STDERR  ] 2018-07-15T00:07:03.832371036Z: [    4.933227] usbcore: registered new interface driver usbhid
[STDERR  ] 2018-07-15T00:07:03.832423278Z: [    4.933594] usbhid: USB HID core driver
[STDERR  ] 2018-07-15T00:07:03.832484283Z: [    4.934244] hv_utils: Registering HyperV Utility Driver
[STDERR  ] 2018-07-15T00:07:03.832535595Z: [    4.934551] hv_vmbus: registering driver hv_util
[STDERR  ] 2018-07-15T00:07:03.832587952Z: [    4.934838] hv_vmbus: registering driver hv_balloon
[STDERR  ] 2018-07-15T00:07:03.832647751Z: [    4.935253] oprofile: using NMI interrupt.
[STDERR  ] 2018-07-15T00:07:03.832702751Z: [    4.936248] GACT probability on
[STDERR  ] 2018-07-15T00:07:03.832757795Z: [    4.936683] Mirror/redirect action on
[STDERR  ] 2018-07-15T00:07:03.832817959Z: [    4.937188] Simple TC action Loaded
[STDERR  ] 2018-07-15T00:07:03.832896175Z: [    4.937626] u32 classifier
[STDERR  ] 2018-07-15T00:07:03.832950754Z: [    4.937816]     Performance counters on
[STDERR  ] 2018-07-15T00:07:03.833003177Z: [    4.938079]     input device check on
[STDERR  ] 2018-07-15T00:07:03.833074465Z: [    4.938439]     Actions configured
[STDERR  ] 2018-07-15T00:07:03.833138985Z: [    4.939043] Netfilter messages via NETLINK v0.30.
[STDERR  ] 2018-07-15T00:07:03.833191986Z: [    4.939566] nfnl_acct: registering with nfnetlink.
[STDERR  ] 2018-07-15T00:07:03.833246441Z: [    4.941144] nf_conntrack version 0.5.0 (8192 buckets, 32768 max)
[STDERR  ] 2018-07-15T00:07:03.833301459Z: [    4.943280] ctnetlink v0.93: registering with nfnetlink.
[STDERR  ] 2018-07-15T00:07:03.833355856Z: [    4.945849] nf_tables: (c) 2007-2009 Patrick McHardy <kaber@trash.net>
[STDERR  ] 2018-07-15T00:07:03.833410782Z: [    4.946664] nf_tables_compat: (c) 2012 Pablo Neira Ayuso <pablo@netfilter.org>
[STDERR  ] 2018-07-15T00:07:03.833462869Z: [    4.948756] xt_time: kernel timezone is -0000
[STDERR  ] 2018-07-15T00:07:03.833530044Z: [    4.949279] ip_set: protocol 6
[STDERR  ] 2018-07-15T00:07:03.833580834Z: [    4.949877] IPVS: Registered protocols (TCP, UDP, SCTP, AH, ESP)
[STDERR  ] 2018-07-15T00:07:03.833634666Z: [    4.950896] IPVS: Connection hash table configured (size=4096, memory=64Kbytes)
[STDERR  ] 2018-07-15T00:07:03.833693162Z: [    4.954662] IPVS: ipvs loaded.
[STDERR  ] 2018-07-15T00:07:03.833746324Z: [    4.955048] IPVS: [rr] scheduler registered.
[STDERR  ] 2018-07-15T00:07:03.833815190Z: [    4.955430] IPVS: [wrr] scheduler registered.
[STDERR  ] 2018-07-15T00:07:03.833876509Z: [    4.955759] IPVS: [lc] scheduler registered.
[STDERR  ] 2018-07-15T00:07:03.833927390Z: [    4.956112] IPVS: [wlc] scheduler registered.
[STDERR  ] 2018-07-15T00:07:03.833981824Z: [    4.956427] IPVS: [fo] scheduler registered.
[STDERR  ] 2018-07-15T00:07:03.834034089Z: [    4.956726] IPVS: [ovf] scheduler registered.
[STDERR  ] 2018-07-15T00:07:03.834098477Z: [    4.957148] IPVS: [lblc] scheduler registered.
[STDERR  ] 2018-07-15T00:07:03.834161126Z: [    4.957622] IPVS: [lblcr] scheduler registered.
[STDERR  ] 2018-07-15T00:07:03.834212442Z: [    4.958007] IPVS: [dh] scheduler registered.
[STDERR  ] 2018-07-15T00:07:03.834270375Z: [    4.958318] IPVS: [sh] scheduler registered.
[STDERR  ] 2018-07-15T00:07:03.834321100Z: [    4.958627] IPVS: [sed] scheduler registered.
[STDERR  ] 2018-07-15T00:07:03.834386783Z: [    4.958976] IPVS: [nq] scheduler registered.
[STDERR  ] 2018-07-15T00:07:03.834457293Z: [    4.959654] IPVS: ftp: loaded support on port[0] = 21
[STDERR  ] 2018-07-15T00:07:03.834511404Z: [    4.960995] ipip: IPv4 and MPLS over IPv4 tunneling driver
[STDERR  ] 2018-07-15T00:07:03.834563114Z: [    4.964007] gre: GRE over IPv4 demultiplexor driver
[STDERR  ] 2018-07-15T00:07:03.834627384Z: [    4.966273] ip_tables: (C) 2000-2006 Netfilter Core Team
[STDERR  ] 2018-07-15T00:07:03.834690648Z: [    4.969743] ipt_CLUSTERIP: ClusterIP Version 0.8 loaded successfully
[STDERR  ] 2018-07-15T00:07:03.834748841Z: [    4.971065] arp_tables: arp_tables: (C) 2002 David S. Miller
[STDERR  ] 2018-07-15T00:07:03.834800075Z: [    4.973247] NET: Registered protocol family 10
[STDERR  ] 2018-07-15T00:07:03.834869572Z: [    4.981447] Segment Routing with IPv6
[STDERR  ] 2018-07-15T00:07:03.834922271Z: [    4.982235] ip6_tables: (C) 2000-2006 Netfilter Core Team
[STDERR  ] 2018-07-15T00:07:03.834982153Z: [    4.988691] NET: Registered protocol family 17
[STDERR  ] 2018-07-15T00:07:03.835032462Z: [    4.989719] Bridge firewalling registered
[STDERR  ] 2018-07-15T00:07:03.835082968Z: [    4.990735] Ebtables v2.0 registered
[STDERR  ] 2018-07-15T00:07:03.835189982Z: [    4.992407] 8021q: 802.1Q VLAN Support v1.8
[STDERR  ] 2018-07-15T00:07:03.835241353Z: [    4.993553] 9pnet: Installing 9P2000 support
[STDERR  ] 2018-07-15T00:07:03.835291916Z: [    4.994887] Key type dns_resolver registered
[STDERR  ] 2018-07-15T00:07:03.835346543Z: [    4.996184] sched_clock: Marking stable (4990276060, 0)->(5100060457, -109784397)
[STDERR  ] 2018-07-15T00:07:03.835399520Z: [    4.999360] registered taskstats version 1
[STDERR  ] 2018-07-15T00:07:03.835453935Z: [    5.212572] ata2: SATA link down (SStatus 0 SControl 300)
[STDERR  ] 2018-07-15T00:07:03.835508097Z: [    5.214434] ata1: SATA link down (SStatus 0 SControl 300)
[STDERR  ] 2018-07-15T00:07:03.835572796Z: [    5.220912] ata3: SATA link up 1.5 Gbps (SStatus 113 SControl 300)
[STDERR  ] 2018-07-15T00:07:03.835627313Z: [    5.223819] ata3.00: ATAPI: QEMU DVD-ROM, 2.5+, max UDMA/100
[STDERR  ] 2018-07-15T00:07:03.835691638Z: [    5.224404] ata3.00: applying bridge limits
[STDERR  ] 2018-07-15T00:07:03.835755128Z: [    5.225960] ata4: SATA link down (SStatus 0 SControl 300)
[STDERR  ] 2018-07-15T00:07:03.835821436Z: [    5.229077] ata3.00: configured for UDMA/100
[STDERR  ] 2018-07-15T00:07:03.835885908Z: [    5.232340] ata5: SATA link down (SStatus 0 SControl 300)
[STDERR  ] 2018-07-15T00:07:03.835939133Z: [    5.232843] ata6: SATA link down (SStatus 0 SControl 300)
[STDERR  ] 2018-07-15T00:07:03.836002035Z: [    5.243281] Key type big_key registered
[STDERR  ] 2018-07-15T00:07:03.836053510Z: [    5.251801] scsi 2:0:0:0: CD-ROM            QEMU     QEMU DVD-ROM     2.5+ PQ: 0 ANSI: 5
[STDERR  ] 2018-07-15T00:07:03.836103731Z: [    5.283279] sr 2:0:0:0: [sr0] scsi3-mmc drive: 4x/4x cd/rw xa/form2 tray
[STDERR  ] 2018-07-15T00:07:03.836154316Z: [    5.283964] cdrom: Uniform CD-ROM driver Revision: 3.20
[STDERR  ] 2018-07-15T00:07:03.836222944Z: [    5.292344] sr 2:0:0:0: Attached scsi generic sg0 type 5
[STDERR  ] 2018-07-15T00:07:03.836285958Z: [    5.335547] Key type trusted registered
[STDERR  ] 2018-07-15T00:07:03.836339871Z: [    5.411076] Key type encrypted registered
[STDERR  ] 2018-07-15T00:07:03.836392085Z: [    5.411785] ima: No TPM chip found, activating TPM-bypass! (rc=-19)
[STDERR  ] 2018-07-15T00:07:03.836459020Z: [    5.412421] ima: Allocated hash algorithm: sha256
[STDERR  ] 2018-07-15T00:07:03.836512368Z: [    5.414805] evm: HMAC attrs: 0x1
[STDERR  ] 2018-07-15T00:07:03.836563875Z: [    5.419221] rtc_cmos 00:00: setting system clock to 2018-07-15 00:06:49 UTC (1531613209)
[STDERR  ] 2018-07-15T00:07:03.836613756Z: [    5.567210] Freeing unused kernel memory: 1512K
[STDERR  ] 2018-07-15T00:07:03.836676094Z: [    5.580865] Write protecting the kernel read-only data: 18432k
[STDERR  ] 2018-07-15T00:07:03.836742447Z: [    5.594859] Freeing unused kernel memory: 2024K
[STDERR  ] 2018-07-15T00:07:03.836807669Z: [    5.647213] Freeing unused kernel memory: 1100K
[STDERR  ] 2018-07-15T00:07:03.836881697Z: [    5.647843] tsc: Refined TSC clocksource calibration: 2599.880 MHz
[STDERR  ] 2018-07-15T00:07:03.836936126Z: [    5.648447] clocksource: tsc: mask: 0xffffffffffffffff max_cycles: 0x2579cab2ac6, max_idle_ns: 440795206274 ns
[STDERR  ] 2018-07-15T00:07:03.837011081Z: [    6.654425] clocksource: Switched to clocksource tsc
[STDERR  ] 2018-07-15T00:07:03.837071128Z: 
[STDERR  ] 2018-07-15T00:07:03.837125653Z: Welcome to LinuxKit
[STDERR  ] 2018-07-15T00:07:03.837186726Z: 
[STDERR  ] 2018-07-15T00:07:03.837243533Z:                         ##         .
[STDERR  ] 2018-07-15T00:07:03.837304984Z:                   ## ## ##        ==
[STDERR  ] 2018-07-15T00:07:03.837360731Z:                ## ## ## ## ##    ===
[STDERR  ] 2018-07-15T00:07:03.837424680Z:            /"""""""""""""""""\___/ ===
[STDERR  ] 2018-07-15T00:07:03.837487349Z:           {                       /  ===-
[STDERR  ] 2018-07-15T00:07:03.837543138Z:            \______ O           __/
[STDERR  ] 2018-07-15T00:07:03.837630778Z:              \    \         __/
[STDERR  ] 2018-07-15T00:07:03.837694706Z:               \____\_______/
[STDERR  ] 2018-07-15T00:07:03.837756668Z: 
[STDERR  ] 2018-07-15T00:07:03.837811105Z: [   14.415862] hello_world: loading out-of-tree module taints kernel.
[STDERR  ] 2018-07-15T00:07:03.837879312Z: [   14.422621] Hello LinuxKit
[STDERR  ] 2018-07-15T00:07:03.837945147Z: [   14.524651] Goodbye LinuxKit.
[STDERR  ] 2018-07-15T00:07:03.838008900Z: Linux linuxkit-9603f92d74ec 4.14.55-linuxkit #1 SMP Sat Jul 14 12:37:09 UTC 2018 x86_64 Linux
[STDERR  ] 2018-07-15T00:07:03.838068307Z: filename:       hello_world.ko
[STDERR  ] 2018-07-15T00:07:03.838119813Z: author:         Rolf Neugebauer <rolf.neugebauer@docker.com>
[STDERR  ] 2018-07-15T00:07:03.838170829Z: description:    A simple Hello World kernel module for testing
[STDERR  ] 2018-07-15T00:07:03.838232606Z: license:        GPL
[STDERR  ] 2018-07-15T00:07:03.838281543Z: depends:        
[STDERR  ] 2018-07-15T00:07:03.838340726Z: vermagic:       4.14.55-linuxkit SMP mod_unload modversions RANDSTRUCT_PLUGIN_8a1380f50657009fcb0d44f04d9a0952ffafdf60d5b7784362b9a7c16fb218f6
[STDERR  ] 2018-07-15T00:07:03.838395303Z: Kernel module test suite PASSED
[STDERR  ] 2018-07-15T00:07:03.838455903Z: [   18.896640] ACPI: Preparing to enter system sleep state S5
[STDERR  ] 2018-07-15T00:07:03.838512262Z: [   18.897799] reboot: Power down
[STDERR  ] 2018-07-15T00:07:03.838562988Z: + exit 0
[STDERR  ] 2018-07-15T00:07:03.838624799Z: + clean_up
[STDERR  ] 2018-07-15T00:07:03.838677240Z: + docker rmi kmod-test
[STDOUT  ] 2018-07-15T00:07:03.890538669Z: Untagged: kmod-test:latest
[STDOUT  ] 2018-07-15T00:07:03.890629418Z: Deleted: sha256:cd00c1004a44488815c1ed574439a4997d98700553c7841990bd94d5ef574e0a
[STDOUT  ] 2018-07-15T00:07:03.890648504Z: Deleted: sha256:713dbc100fc6172e4fcd92cad8234473266b5be1c7e827f6e246c3d8c0ca5f0c
[STDOUT  ] 2018-07-15T00:07:03.890661473Z: Deleted: sha256:f13ed7d22890e0a3dcd7348175fa98e58e2d6228007bd6dd792da6bf7bd02ef4
[STDOUT  ] 2018-07-15T00:07:03.890686477Z: Deleted: sha256:6424488f4a2794394ef966bbc06371bd58dc482bba9b70919a382354f594654e
[STDOUT  ] 2018-07-15T00:07:03.890700635Z: Deleted: sha256:7ddc111aa88ebbceb9d932734271c4f898b4dbfe08a10dbb109d89f2310398a1
[STDERR  ] 2018-07-15T00:07:03.892188595Z: + rm -rf kmod-cmdline kmod-initrd.img kmod-kernel kmod-state
[PASS    ] linuxkit.kernel.kmod_4.14.x 52.42s
