[INFO    ] 2019-01-18T02:51:32.805596527Z: Running Test linuxkit.packages.logwrite in /tmp/with_clone246ee37d/test/cases/040_packages/030_logwrite
[STDERR  ] 2019-01-18T02:51:32.805635437Z:                ## ## ## ## ##    ===
[STDERR  ] 2019-01-18T02:51:32.805717037Z:            /"""""""""""""""""\___/ ===
[STDERR  ] 2019-01-18T02:51:32.805739020Z:           {                       /  ===-
[STDERR  ] 2019-01-18T02:51:32.805763518Z:            \______ O           __/
[STDERR  ] 2019-01-18T02:51:32.805791204Z:              \    \         __/
[STDERR  ] 2019-01-18T02:51:32.805812059Z:               \____\_______/
[STDERR  ] 2019-01-18T02:51:32.805831699Z: 
[STDERR  ] 2019-01-18T02:51:32.805852671Z: [   79.938486] 8021q: adding VLAN 0 to HW filter on device eth0
[INFO    ] 2019-01-18T02:51:32.805857595Z: Running command: [/bin/sh -x /tmp/with_clone246ee37d/test/cases/040_packages/030_logwrite/test.sh]
[STDERR  ] 2019-01-18T02:51:32.805875500Z: eth0: waiting for carrier
[STDERR  ] 2019-01-18T02:51:32.805982276Z: eth0: carrier acquired
[STDERR  ] 2019-01-18T02:51:32.806003848Z: DUID 00:04:19:51:17:ba:83:dd:4e:7c:96:99:b4:a2:a9:6e:ac:1b
[STDERR  ] 2019-01-18T02:51:32.806023511Z: eth0: IAID c8:97:37:41
[STDERR  ] 2019-01-18T02:51:32.806044522Z: eth0: adding address fe80::22c3:366f:7052:c2d2
[STDERR  ] 2019-01-18T02:51:32.806065065Z: eth0: soliciting an IPv6 router
[STDERR  ] 2019-01-18T02:51:32.806088976Z: eth0:
[STDERR  ] 2019-01-18T02:51:32.806863579Z: + set -e
[STDERR  ] 2019-01-18T02:51:32.806940955Z: + . /tmp/with_clone246ee37d/test/cases/_lib/lib.sh
[STDERR  ] 2019-01-18T02:51:32.806971318Z: + [ -f src/github.com/linuxkit/rtf/lib/lib.sh ]
[STDERR  ] 2019-01-18T02:51:32.807004861Z: + LINUXKIT_TMPDIR=/tmp/with_clone246ee37d/test/cases/_tmp
[STDERR  ] 2019-01-18T02:51:32.807034959Z: + [ -f /tmp/with_clone246ee37d/test/cases/_tmp/env.sh ]
[STDERR  ] 2019-01-18T02:51:32.807062739Z: + . /tmp/with_clone246ee37d/test/cases/_tmp/env.sh
[STDERR  ] 2019-01-18T02:51:32.807090601Z: + export LINUXKIT_EXAMPLES_DIR=/tmp/with_clone246ee37d/test/cases/../../examples
[STDERR  ] 2019-01-18T02:51:32.807119186Z: + RT_CANCEL=253
[STDERR  ] 2019-01-18T02:51:32.807163297Z: + NAME=logwrite
[STDERR  ] 2019-01-18T02:51:32.807190834Z: + trap clean_up EXIT
[STDERR  ] 2019-01-18T02:51:32.807222661Z: + linuxkit build -disable-content-trust -format kernel+initrd -name logwrite test.yml
[STDERR  ] 2019-01-18T02:51:32.855276365Z: Extract kernel image: linuxkit/kernel:4.19.15
[STDERR  ] 2019-01-18T02:51:36.019354840Z: Add init containers:
[STDERR  ] 2019-01-18T02:51:36.019460687Z: Process init image: linuxkit/init:e0dced91adbfba34c53cd673760e011f410638ff
[STDERR  ] 2019-01-18T02:51:36.455264994Z: Process init image: linuxkit/runc:b87c49e73eb14ba73d23eabf75423e987a043209
[STDERR  ] 2019-01-18T02:51:36.732256713Z: Process init image: linuxkit/containerd:cf158d5f56c5b4867f29f0fc3ec49ea505e99333
[STDERR  ] 2019-01-18T02:51:37.511430224Z: Process init image: linuxkit/ca-certificates:v0.6
[STDERR  ] 2019-01-18T02:51:37.743468013Z: Process init image: linuxkit/memlogd:v0.6
[STDERR  ] 2019-01-18T02:51:38.019529514Z: Add service containers:
[STDERR  ] 2019-01-18T02:51:38.019635080Z:   Create OCI config for alpine
[STDERR  ] 2019-01-18T02:51:38.291904382Z:   Create OCI config for linuxkit/logwrite:v0.6
[STDERR  ] 2019-01-18T02:51:38.539596644Z:   Create OCI config for alpine:3.8
[STDERR  ] 2019-01-18T02:51:38.799612043Z: Add files:
[STDERR  ] 2019-01-18T02:51:38.799701921Z:   check.sh
[STDERR  ] 2019-01-18T02:51:38.799760549Z: Create outputs:
[STDERR  ] 2019-01-18T02:51:48.293702485Z:   logwrite-kernel logwrite-initrd.img logwrite-cmdline
[STDERR  ] 2019-01-18T02:51:48.378784452Z: + linuxkit run logwrite
[STDERR  ] 2019-01-18T02:52:53.134054703Z: + RESULT=[    0.000000] Linux version 4.19.15-linuxkit (root@3ce652c45b3e) (gcc version 6.4.0 (Alpine 6.4.0)) #1 SMP Wed Jan 16 22:57:54 UTC 2019
[STDERR  ] 2019-01-18T02:52:53.134207949Z: [    0.000000] Command line: console=ttyS0 console=ttyAMA0
[STDERR  ] 2019-01-18T02:52:53.134231041Z: [    0.000000] x86/fpu: x87 FPU will use FXSAVE
[STDERR  ] 2019-01-18T02:52:53.134325358Z: [    0.000000] BIOS-provided physical RAM map:
[STDERR  ] 2019-01-18T02:52:53.134347727Z: [    0.000000] BIOS-e820: [mem 0x0000000000000000-0x000000000009fbff] usable
[STDERR  ] 2019-01-18T02:52:53.134369272Z: [    0.000000] BIOS-e820: [mem 0x000000000009fc00-0x000000000009ffff] reserved
[STDERR  ] 2019-01-18T02:52:53.134403181Z: [    0.000000] BIOS-e820: [mem 0x00000000000f0000-0x00000000000fffff] reserved
[STDERR  ] 2019-01-18T02:52:53.134423965Z: [    0.000000] BIOS-e820: [mem 0x0000000000100000-0x000000003ffdefff] usable
[STDERR  ] 2019-01-18T02:52:53.134499539Z: [    0.000000] BIOS-e820: [mem 0x000000003ffdf000-0x000000003fffffff] reserved
[STDERR  ] 2019-01-18T02:52:53.134520725Z: [    0.000000] BIOS-e820: [mem 0x00000000b0000000-0x00000000bfffffff] reserved
[STDERR  ] 2019-01-18T02:52:53.134553794Z: [    0.000000] BIOS-e820: [mem 0x00000000fed1c000-0x00000000fed1ffff] reserved
[STDERR  ] 2019-01-18T02:52:53.134574641Z: [    0.000000] BIOS-e820: [mem 0x00000000fffc0000-0x00000000ffffffff] reserved
[STDERR  ] 2019-01-18T02:52:53.134594721Z: [    0.000000] NX (Execute Disable) protection: active
[STDERR  ] 2019-01-18T02:52:53.134614152Z: [    0.000000] SMBIOS 2.8 present.
[STDERR  ] 2019-01-18T02:52:53.134633726Z: [    0.000000] DMI: QEMU Standard PC (Q35 + ICH9, 2009), BIOS rel-1.10.2-0-g5f4c7b1-prebuilt.qemu-project.org 04/01/2014
[STDERR  ] 2019-01-18T02:52:53.134656528Z: [    0.000000] tsc: Fast TSC calibration using PIT
[STDERR  ] 2019-01-18T02:52:53.134676033Z: [    0.000000] tsc: Detected 2599.765 MHz processor
[STDERR  ] 2019-01-18T02:52:53.134699789Z: [    0.076561] last_pfn = 0x3ffdf max_arch_pfn = 0x400000000
[STDERR  ] 2019-01-18T02:52:53.134720359Z: [    0.078265] x86/PAT: Configuration [0-7]: WB  WC  UC- UC  WB  WP  UC- WT  
[STDERR  ] 2019-01-18T02:52:53.134759824Z: [    0.138599] found SMP MP-table at [mem 0x000f6aa0-0x000f6aaf] mapped at [(____ptrval____)]
[STDERR  ] 2019-01-18T02:52:53.134780289Z: [    0.154667] RAMDISK: [mem 0x3cf54000-0x3ffcffff]
[STDERR  ] 2019-01-18T02:52:53.134799620Z: [    0.155489] ACPI: Early table checksum verification disabled
[STDERR  ] 2019-01-18T02:52:53.134819089Z: [    0.157789] ACPI: RSDP 0x00000000000F68C0 000014 (v00 BOCHS )
[STDERR  ] 2019-01-18T02:52:53.134838792Z: [    0.158120] ACPI: RSDT 0x000000003FFE2404 000034 (v01 BOCHS  BXPCRSDT 00000001 BXPC 00000001)
[STDERR  ] 2019-01-18T02:52:53.134858352Z: [    0.158956] ACPI: FACP 0x000000003FFE22A4 000074 (v01 BOCHS  BXPCFACP 00000001 BXPC 00000001)
[STDERR  ] 2019-01-18T02:52:53.134878228Z: [    0.159708] ACPI: DSDT 0x000000003FFE0040 002264 (v01 BOCHS  BXPCDSDT 00000001 BXPC 00000001)
[STDERR  ] 2019-01-18T02:52:53.134897890Z: [    0.159875] ACPI: FACS 0x000000003FFE0000 000040
[STDERR  ] 2019-01-18T02:52:53.134917264Z: [    0.160005] ACPI: APIC 0x000000003FFE2318 000078 (v01 BOCHS  BXPCAPIC 00000001 BXPC 00000001)
[STDERR  ] 2019-01-18T02:52:53.134941109Z: [    0.160100] ACPI: HPET 0x000000003FFE2390 000038 (v01 BOCHS  BXPCHPET 00000001 BXPC 00000001)
[STDERR  ] 2019-01-18T02:52:53.134973942Z: [    0.160193] ACPI: MCFG 0x000000003FFE23C8 00003C (v01 BOCHS  BXPCMCFG 00000001 BXPC 00000001)
[STDERR  ] 2019-01-18T02:52:53.135002805Z: [    0.165594] Zone ranges:
[STDERR  ] 2019-01-18T02:52:53.135022940Z: [    0.165705]   DMA      [mem 0x0000000000001000-0x0000000000ffffff]
[STDERR  ] 2019-01-18T02:52:53.135042582Z: [    0.165800]   DMA32    [mem 0x0000000001000000-0x000000003ffdefff]
[STDERR  ] 2019-01-18T02:52:53.135066092Z: [    0.165850]   Normal   empty
[STDERR  ] 2019-01-18T02:52:53.135085415Z: [    0.165902]   Device   empty
[STDERR  ] 2019-01-18T02:52:53.135104679Z: [    0.165948] Movable zone start for each node
[STDERR  ] 2019-01-18T02:52:53.135124294Z: [    0.166012] Early memory node ranges
[STDERR  ] 2019-01-18T02:52:53.135160448Z: [    0.166074]   node   0: [mem 0x0000000000001000-0x000000000009efff]
[STDERR  ] 2019-01-18T02:52:53.135184250Z: [    0.166116]   node   0: [mem 0x0000000000100000-0x000000003ffdefff]
[STDERR  ] 2019-01-18T02:52:53.135207558Z: [    0.166993] Reserved but unavailable: 98 pages
[STDERR  ] 2019-01-18T02:52:53.135232730Z: [    0.167220] Initmem setup node 0 [mem 0x0000000000001000-0x000000003ffdefff]
[STDERR  ] 2019-01-18T02:52:53.135264601Z: [    0.247559] ACPI: PM-Timer IO Port: 0x608
[STDERR  ] 2019-01-18T02:52:53.135298190Z: [    0.248278] ACPI: LAPIC_NMI (acpi_id[0xff] dfl dfl lint[0x1])
[STDERR  ] 2019-01-18T02:52:53.135317914Z: [    0.248906] IOAPIC[0]: apic_id 0, version 32, address 0xfec00000, GSI 0-23
[STDERR  ] 2019-01-18T02:52:53.135337377Z: [    0.249093] ACPI: INT_SRC_OVR (bus 0 bus_irq 0 global_irq 2 dfl dfl)
[STDERR  ] 2019-01-18T02:52:53.135356798Z: [    0.249458] ACPI: INT_SRC_OVR (bus 0 bus_irq 5 global_irq 5 high level)
[STDERR  ] 2019-01-18T02:52:53.135376185Z: [    0.249530] ACPI: INT_SRC_OVR (bus 0 bus_irq 9 global_irq 9 high level)
[STDERR  ] 2019-01-18T02:52:53.135402981Z: [    0.249660] ACPI: INT_SRC_OVR (bus 0 bus_irq 10 global_irq 10 high level)
[STDERR  ] 2019-01-18T02:52:53.135422169Z: [    0.249698] ACPI: INT_SRC_OVR (bus 0 bus_irq 11 global_irq 11 high level)
[STDERR  ] 2019-01-18T02:52:53.135475656Z: [    0.250104] Using ACPI (MADT) for SMP configuration information
[STDERR  ] 2019-01-18T02:52:53.135497969Z: [    0.250188] ACPI: HPET id: 0x8086a201 base: 0xfed00000
[STDERR  ] 2019-01-18T02:52:53.135518280Z: [    0.250740] smpboot: Allowing 1 CPUs, 0 hotplug CPUs
[STDERR  ] 2019-01-18T02:52:53.135538018Z: [    0.251792] [mem 0x40000000-0xafffffff] available for PCI devices
[STDERR  ] 2019-01-18T02:52:53.135573331Z: [    0.251878] Booting paravirtualized kernel on bare hardware
[STDERR  ] 2019-01-18T02:52:53.135592885Z: [    0.252157] clocksource: refined-jiffies: mask: 0xffffffff max_cycles: 0xffffffff, max_idle_ns: 1910969940391419 ns
[STDERR  ] 2019-01-18T02:52:53.135613112Z: [    3.710356] random: get_random_bytes called from start_kernel+0x92/0x531 with crng_init=0
[STDERR  ] 2019-01-18T02:52:53.135653513Z: [    3.711427] setup_percpu: NR_CPUS:128 nr_cpumask_bits:128 nr_cpu_ids:1 nr_node_ids:1
[STDERR  ] 2019-01-18T02:52:53.135678350Z: [    3.720105] percpu: Embedded 45 pages/cpu @(____ptrval____) s145112 r8192 d31016 u2097152
[STDERR  ] 2019-01-18T02:52:53.135697857Z: [    3.723079] Built 1 zonelists, mobility grouping on.  Total pages: 257896
[STDERR  ] 2019-01-18T02:52:53.135726683Z: [    3.723321] Kernel command line: console=ttyS0 console=ttyAMA0
[STDERR  ] 2019-01-18T02:52:53.135746428Z: [    3.727700] Dentry cache hash table entries: 131072 (order: 8, 1048576 bytes)
[STDERR  ] 2019-01-18T02:52:53.135766842Z: [    3.730093] Inode-cache hash table entries: 65536 (order: 7, 524288 bytes)
[STDERR  ] 2019-01-18T02:52:53.135787428Z: [    3.791446] Memory: 952788K/1048052K available (12300K kernel code, 1579K rwdata, 3052K rodata, 1588K init, 1996K bss, 95264K reserved, 0K cma-reserved)
[STDERR  ] 2019-01-18T02:52:53.135824018Z: [    3.799239] ftrace: allocating 42970 entries in 168 pages
[STDERR  ] 2019-01-18T02:52:53.135843516Z: [    4.257550] rcu: Hierarchical RCU implementation.
[STDERR  ] 2019-01-18T02:52:53.135863553Z: [    4.257769] rcu: 	RCU restricting CPUs from NR_CPUS=128 to nr_cpu_ids=1.
[STDERR  ] 2019-01-18T02:52:53.135883086Z: [    4.257929] rcu: Adjusting geometry for rcu_fanout_leaf=16, nr_cpu_ids=1
[STDERR  ] 2019-01-18T02:52:53.135902509Z: [    4.322521] NR_IRQS: 8448, nr_irqs: 256, preallocated irqs: 16
[STDERR  ] 2019-01-18T02:52:53.135921853Z: [    4.337389] Console: colour VGA+ 80x25
[STDERR  ] 2019-01-18T02:52:53.135942021Z: [    4.376065] console [ttyS0] enabled
[STDERR  ] 2019-01-18T02:52:53.135966670Z: [    4.376879] ACPI: Core revision 20180810
[STDERR  ] 2019-01-18T02:52:53.135999550Z: [    4.385281] clocksource: hpet: mask: 0xffffffff max_cycles: 0xffffffff, max_idle_ns: 19112604467 ns
[STDERR  ] 2019-01-18T02:52:53.136019446Z: [    4.392289] APIC: Switch to symmetric I/O mode setup
[STDERR  ] 2019-01-18T02:52:53.136042338Z: [    4.399201] ..TIMER: vector=0x30 apic1=0 pin1=2 apic2=-1 pin2=-1
[STDERR  ] 2019-01-18T02:52:53.136077287Z: [    4.405629] clocksource: tsc-early: mask: 0xffffffffffffffff max_cycles: 0x25795e0299a, max_idle_ns: 440795269884 ns
[STDERR  ] 2019-01-18T02:52:53.136102722Z: [    4.408271] Calibrating delay loop (skipped), value calculated using timer frequency.. 5199.53 BogoMIPS (lpj=2599765)
[STDERR  ] 2019-01-18T02:52:53.136136665Z: [    4.410401] pid_max: default: 32768 minimum: 301
[STDERR  ] 2019-01-18T02:52:53.136156871Z: [    4.415097] Security Framework initialized
[STDERR  ] 2019-01-18T02:52:53.136176081Z: [    4.415427] Yama: becoming mindful.
[STDERR  ] 2019-01-18T02:52:53.136199493Z: [    4.418246] Mount-cache hash table entries: 2048 (order: 2, 16384 bytes)
[STDERR  ] 2019-01-18T02:52:53.136219048Z: [    4.419030] Mountpoint-cache hash table entries: 2048 (order: 2, 16384 bytes)
[STDERR  ] 2019-01-18T02:52:53.136253422Z: [    4.442242] Last level iTLB entries: 4KB 0, 2MB 0, 4MB 0
[STDERR  ] 2019-01-18T02:52:53.136282151Z: [    4.442825] Last level dTLB entries: 4KB 0, 2MB 0, 4MB 0, 1GB 0
[STDERR  ] 2019-01-18T02:52:53.136309590Z: [    4.443450] Spectre V2 : Spectre mitigation: LFENCE not serializing, switching to generic retpoline
[STDERR  ] 2019-01-18T02:52:53.136329224Z: [    4.444332] Spectre V2 : Mitigation: Full generic retpoline
[STDERR  ] 2019-01-18T02:52:53.136348612Z: [    4.444829] Spectre V2 : Spectre v2 / SpectreRSB mitigation: Filling RSB on context switch
[STDERR  ] 2019-01-18T02:52:53.136371977Z: [    4.445412] Speculative Store Bypass: Vulnerable
[STDERR  ] 2019-01-18T02:52:53.136391369Z: [    4.648704] random: fast init done
[STDERR  ] 2019-01-18T02:52:53.136410825Z: [    4.794483] Freeing SMP alternatives memory: 20K
[STDERR  ] 2019-01-18T02:52:53.136430078Z: [    4.820271] smpboot: CPU0: AMD QEMU Virtual CPU version 2.5+ (family: 0x6, model: 0x6, stepping: 0x3)
[STDERR  ] 2019-01-18T02:52:53.136470357Z: [    4.829627] Performance Events: PMU not available due to virtualization, using software events only.
[STDERR  ] 2019-01-18T02:52:53.136503926Z: [    4.833721] rcu: Hierarchical SRCU implementation.
[STDERR  ] 2019-01-18T02:52:53.136523537Z: [    4.840101] NMI watchdog: Perf NMI watchdog permanently disabled
[STDERR  ] 2019-01-18T02:52:53.136556747Z: [    4.845422] smp: Bringing up secondary CPUs ...
[STDERR  ] 2019-01-18T02:52:53.136576066Z: [    4.845859] smp: Brought up 1 node, 1 CPU
[STDERR  ] 2019-01-18T02:52:53.136605745Z: [    4.846325] smpboot: Max logical packages: 1
[STDERR  ] 2019-01-18T02:52:53.136628718Z: [    4.846749] smpboot: Total of 1 processors activated (5199.53 BogoMIPS)
[STDERR  ] 2019-01-18T02:52:53.136654653Z: [    4.862866] devtmpfs: initialized
[STDERR  ] 2019-01-18T02:52:53.136674098Z: [    4.869063] x86/mm: Memory block size: 128MB
[STDERR  ] 2019-01-18T02:52:53.136693246Z: [    4.879900] clocksource: jiffies: mask: 0xffffffff max_cycles: 0xffffffff, max_idle_ns: 1911260446275000 ns
[STDERR  ] 2019-01-18T02:52:53.136716692Z: [    4.881334] futex hash table entries: 256 (order: 2, 16384 bytes)
[STDERR  ] 2019-01-18T02:52:53.136736377Z: [    4.896520] NET: Registered protocol family 16
[STDERR  ] 2019-01-18T02:52:53.136755920Z: [    4.901415] audit: initializing netlink subsys (disabled)
[STDERR  ] 2019-01-18T02:52:53.136775553Z: [    4.906870] audit: type=2000 audit(1547779913.511:1): state=initialized audit_enabled=0 res=1
[STDERR  ] 2019-01-18T02:52:53.136794747Z: [    4.909894] cpuidle: using governor ladder
[STDERR  ] 2019-01-18T02:52:53.136823305Z: [    4.910442] cpuidle: using governor menu
[STDERR  ] 2019-01-18T02:52:53.136843178Z: [    4.912900] ACPI: bus type PCI registered
[STDERR  ] 2019-01-18T02:52:53.136876183Z: [    4.916615] PCI: MMCONFIG for domain 0000 [bus 00-ff] at [mem 0xb0000000-0xbfffffff] (base 0xb0000000)
[STDERR  ] 2019-01-18T02:52:53.136895592Z: [    4.917512] PCI: MMCONFIG at [mem 0xb0000000-0xbfffffff] reserved in E820
[STDERR  ] 2019-01-18T02:52:53.136914937Z: [    4.918979] PCI: Using configuration type 1 for base access
[STDERR  ] 2019-01-18T02:52:53.136934452Z: [    4.988799] HugeTLB registered 2.00 MiB page size, pre-allocated 0 pages
[STDERR  ] 2019-01-18T02:52:53.136977514Z: [    4.994768] cryptd: max_cpu_qlen set to 1000
[STDERR  ] 2019-01-18T02:52:53.137012339Z: [    5.002804] ACPI: Added _OSI(Module Device)
[STDERR  ] 2019-01-18T02:52:53.137040351Z: [    5.003323] ACPI: Added _OSI(Processor Device)
[STDERR  ] 2019-01-18T02:52:53.137059706Z: [    5.003641] ACPI: Added _OSI(3.0 _SCP Extensions)
[STDERR  ] 2019-01-18T02:52:53.137079196Z: [    5.003989] ACPI: Added _OSI(Processor Aggregator Device)
[STDERR  ] 2019-01-18T02:52:53.137098826Z: [    5.004423] ACPI: Added _OSI(Linux-Dell-Video)
[STDERR  ] 2019-01-18T02:52:53.137117945Z: [    5.004790] ACPI: Added _OSI(Linux-Lenovo-NV-HDMI-Audio)
[STDERR  ] 2019-01-18T02:52:53.137136988Z: [    5.057153] ACPI: 1 ACPI AML tables successfully acquired and loaded
[STDERR  ] 2019-01-18T02:52:53.137156264Z: [    5.094053] ACPI: Interpreter enabled
[STDERR  ] 2019-01-18T02:52:53.137183557Z: [    5.095358] ACPI: (supports S0 S5)
[STDERR  ] 2019-01-18T02:52:53.137202982Z: [    5.095806] ACPI: Using IOAPIC for interrupt routing
[STDERR  ] 2019-01-18T02:52:53.137234197Z: [    5.098140] PCI: Using host bridge windows from ACPI; if necessary, use "pci=nocrs" and report a bug
[STDERR  ] 2019-01-18T02:52:53.137254308Z: [    5.102271] ACPI: Enabled 2 GPEs in block 00 to 3F
[STDERR  ] 2019-01-18T02:52:53.137274120Z: [    5.179373] ACPI: PCI Root Bridge [PCI0] (domain 0000 [bus 00-ff])
[STDERR  ] 2019-01-18T02:52:53.137302305Z: [    5.180634] acpi PNP0A08:00: _OSC: OS supports [ExtendedConfig ASPM ClockPM Segments MSI]
[STDERR  ] 2019-01-18T02:52:53.137322541Z: [    5.182271] acpi PNP0A08:00: _OSC: platform does not support [SHPCHotplug LTR]
[STDERR  ] 2019-01-18T02:52:53.137342665Z: [    5.184387] acpi PNP0A08:00: _OSC: OS now controls [PCIeHotplug PME PCIeCapability]
[STDERR  ] 2019-01-18T02:52:53.137361994Z: [    5.188964] PCI host bridge to bus 0000:00
[STDERR  ] 2019-01-18T02:52:53.137381593Z: [    5.189527] pci_bus 0000:00: root bus resource [io  0x0000-0x0cf7 window]
[STDERR  ] 2019-01-18T02:52:53.137400946Z: [    5.190342] pci_bus 0000:00: root bus resource [io  0x0d00-0xffff window]
[STDERR  ] 2019-01-18T02:52:53.137420332Z: [    5.191017] pci_bus 0000:00: root bus resource [mem 0x000a0000-0x000bffff window]
[STDERR  ] 2019-01-18T02:52:53.137444465Z: [    5.191321] pci_bus 0000:00: root bus resource [mem 0xc0000000-0xfebfffff window]
[STDERR  ] 2019-01-18T02:52:53.137464334Z: [    5.192435] pci_bus 0000:00: root bus resource [bus 00-ff]
[STDERR  ] 2019-01-18T02:52:53.137483857Z: [    5.254096] pci 0000:00:1f.0: quirk: [io  0x0600-0x067f] claimed by ICH6 ACPI/GPIO/TCO
[STDERR  ] 2019-01-18T02:52:53.137503815Z: [    5.302624] ACPI: PCI Interrupt Link [LNKA] (IRQs 5 *10 11)
[STDERR  ] 2019-01-18T02:52:53.137522839Z: [    5.305000] ACPI: PCI Interrupt Link [LNKB] (IRQs 5 *10 11)
[STDERR  ] 2019-01-18T02:52:53.137542414Z: [    5.306970] ACPI: PCI Interrupt Link [LNKC] (IRQs 5 10 *11)
[STDERR  ] 2019-01-18T02:52:53.137561722Z: [    5.309049] ACPI: PCI Interrupt Link [LNKD] (IRQs 5 10 *11)
[STDERR  ] 2019-01-18T02:52:53.137590511Z: [    5.311104] ACPI: PCI Interrupt Link [LNKE] (IRQs 5 *10 11)
[STDERR  ] 2019-01-18T02:52:53.137614654Z: [    5.313412] ACPI: PCI Interrupt Link [LNKF] (IRQs 5 *10 11)
[STDERR  ] 2019-01-18T02:52:53.137637676Z: [    5.315427] ACPI: PCI Interrupt Link [LNKG] (IRQs 5 10 *11)
[STDERR  ] 2019-01-18T02:52:53.137656998Z: [    5.317455] ACPI: PCI Interrupt Link [LNKH] (IRQs 5 10 *11)
[STDERR  ] 2019-01-18T02:52:53.137680337Z: [    5.318649] ACPI: PCI Interrupt Link [GSIA] (IRQs *16)
[STDERR  ] 2019-01-18T02:52:53.137699375Z: [    5.319525] ACPI: PCI Interrupt Link [GSIB] (IRQs *17)
[STDERR  ] 2019-01-18T02:52:53.137718764Z: [    5.320438] ACPI: PCI Interrupt Link [GSIC] (IRQs *18)
[STDERR  ] 2019-01-18T02:52:53.137737773Z: [    5.321354] ACPI: PCI Interrupt Link [GSID] (IRQs *19)
[STDERR  ] 2019-01-18T02:52:53.137771561Z: [    5.322116] ACPI: PCI Interrupt Link [GSIE] (IRQs *20)
[STDERR  ] 2019-01-18T02:52:53.137790665Z: [    5.322576] ACPI: PCI Interrupt Link [GSIF] (IRQs *21)
[STDERR  ] 2019-01-18T02:52:53.137813859Z: [    5.324314] ACPI: PCI Interrupt Link [GSIG] (IRQs *22)
[STDERR  ] 2019-01-18T02:52:53.137839622Z: [    5.325086] ACPI: PCI Interrupt Link [GSIH] (IRQs *23)
[STDERR  ] 2019-01-18T02:52:53.137872199Z: [    5.335111] SCSI subsystem initialized
[STDERR  ] 2019-01-18T02:52:53.137891934Z: [    5.338871] ACPI: bus type USB registered
[STDERR  ] 2019-01-18T02:52:53.137911044Z: [    5.339995] usbcore: registered new interface driver usbfs
[STDERR  ] 2019-01-18T02:52:53.137934067Z: [    5.341465] usbcore: registered new interface driver hub
[STDERR  ] 2019-01-18T02:52:53.137954736Z: [    5.342344] usbcore: registered new device driver usb
[STDERR  ] 2019-01-18T02:52:53.137979011Z: [    5.343601] pps_core: LinuxPPS API ver. 1 registered
[STDERR  ] 2019-01-18T02:52:53.137998316Z: [    5.344053] pps_core: Software ver. 5.3.6 - Copyright 2005-2007 Rodolfo Giometti <giometti@linux.it>
[STDERR  ] 2019-01-18T02:52:53.138023214Z: [    5.344445] PTP clock support registered
[STDERR  ] 2019-01-18T02:52:53.138047419Z: [    5.348030] PCI: Using ACPI for IRQ routing
[STDERR  ] 2019-01-18T02:52:53.138086361Z: [    5.370698] NetLabel: Initializing
[STDERR  ] 2019-01-18T02:52:53.138119753Z: [    5.371130] NetLabel:  domain hash size = 128
[STDERR  ] 2019-01-18T02:52:53.138139110Z: [    5.371314] NetLabel:  protocols = UNLABELED CIPSOv4 CALIPSO
[STDERR  ] 2019-01-18T02:52:53.138158256Z: [    5.375465] NetLabel:  unlabeled traffic allowed by default
[STDERR  ] 2019-01-18T02:52:53.138177738Z: [    5.376794] HPET: 3 timers in total, 0 timers will be used for per-cpu timer
[STDERR  ] 2019-01-18T02:52:53.138197360Z: [    5.377595] hpet0: at MMIO 0xfed00000, IRQs 2, 8, 0
[STDERR  ] 2019-01-18T02:52:53.138226616Z: [    5.378338] hpet0: 3 comparators, 64-bit 100.000000 MHz counter
[STDERR  ] 2019-01-18T02:52:53.138262452Z: [    5.384006] clocksource: Switched to clocksource tsc-early
[STDERR  ] 2019-01-18T02:52:53.138283625Z: [    5.829070] VFS: Disk quotas dquot_6.6.0
[STDERR  ] 2019-01-18T02:52:53.138310053Z: [    5.830539] VFS: Dquot-cache hash table entries: 512 (order 0, 4096 bytes)
[STDERR  ] 2019-01-18T02:52:53.138330047Z: [    5.834080] FS-Cache: Loaded
[STDERR  ] 2019-01-18T02:52:53.138349596Z: [    5.841121] CacheFiles: Loaded
[STDERR  ] 2019-01-18T02:52:53.138368844Z: [    5.842692] pnp: PnP ACPI init
[STDERR  ] 2019-01-18T02:52:53.138412305Z: [    5.856730] pnp: PnP ACPI: found 5 devices
[STDERR  ] 2019-01-18T02:52:53.138431833Z: [    5.907185] clocksource: acpi_pm: mask: 0xffffff max_cycles: 0xffffff, max_idle_ns: 2085701024 ns
[STDERR  ] 2019-01-18T02:52:53.138468716Z: [    5.911305] NET: Registered protocol family 2
[STDERR  ] 2019-01-18T02:52:53.138488282Z: [    5.923262] tcp_listen_portaddr_hash hash table entries: 512 (order: 1, 8192 bytes)
[STDERR  ] 2019-01-18T02:52:53.138517811Z: [    5.924800] TCP established hash table entries: 8192 (order: 4, 65536 bytes)
[STDERR  ] 2019-01-18T02:52:53.138551129Z: [    5.926112] TCP bind hash table entries: 8192 (order: 5, 131072 bytes)
[STDERR  ] 2019-01-18T02:52:53.138570868Z: [    5.927116] TCP: Hash tables configured (established 8192 bind 8192)
[STDERR  ] 2019-01-18T02:52:53.138590355Z: [    5.930275] UDP hash table entries: 512 (order: 2, 16384 bytes)
[STDERR  ] 2019-01-18T02:52:53.138614436Z: [    5.931570] UDP-Lite hash table entries: 512 (order: 2, 16384 bytes)
[STDERR  ] 2019-01-18T02:52:53.138633821Z: [    5.935168] NET: Registered protocol family 1
[STDERR  ] 2019-01-18T02:52:53.138657699Z: [    5.936055] NET: Registered protocol family 44
[STDERR  ] 2019-01-18T02:52:53.138686565Z: [    5.937072] pci 0000:00:01.0: Video device with shadowed ROM at [mem 0x000c0000-0x000dffff]
[STDERR  ] 2019-01-18T02:52:53.138710140Z: [    5.948961] Trying to unpack rootfs image as initramfs...
[STDERR  ] 2019-01-18T02:52:53.138729443Z: [   13.566662] Freeing initrd memory: 49648K
[STDERR  ] 2019-01-18T02:52:53.138748994Z: [   13.600055] PCLMULQDQ-NI instructions are not detected.
[STDERR  ] 2019-01-18T02:52:53.138782579Z: [   13.601947] AVX or AES-NI instructions are not detected.
[STDERR  ] 2019-01-18T02:52:53.138801968Z: [   13.602739] CPU feature 'AVX registers' is not supported.
[STDERR  ] 2019-01-18T02:52:53.138832114Z: [   13.603263] CPU feature 'AVX registers' is not supported.
[STDERR  ] 2019-01-18T02:52:53.138851661Z: [   13.603959] CPU feature 'AVX registers' is not supported.
[STDERR  ] 2019-01-18T02:52:53.138874664Z: [   13.604606] CPU feature 'AVX registers' is not supported.
[STDERR  ] 2019-01-18T02:52:53.138894530Z: [   13.605042] AVX2 or AES-NI instructions are not detected.
[STDERR  ] 2019-01-18T02:52:53.138918561Z: [   13.605692] AVX2 instructions are not detected.
[STDERR  ] 2019-01-18T02:52:53.138939520Z: [   13.619941] workingset: timestamp_bits=46 max_order=18 bucket_order=0
[STDERR  ] 2019-01-18T02:52:53.138960011Z: [   13.629034] squashfs: version 4.0 (2009/01/31) Phillip Lougher
[STDERR  ] 2019-01-18T02:52:53.138979828Z: [   13.632801] FS-Cache: Netfs 'cifs' registered for caching
[STDERR  ] 2019-01-18T02:52:53.139005032Z: [   13.634208] fuse init (API version 7.27)
[STDERR  ] 2019-01-18T02:52:53.139028800Z: [   13.637310] SGI XFS with ACLs, security attributes, no debug enabled
[STDERR  ] 2019-01-18T02:52:53.139051576Z: [   13.642870] 9p: Installing v9fs 9p2000 file system support
[STDERR  ] 2019-01-18T02:52:53.139070764Z: [   13.643642] FS-Cache: Netfs '9p' registered for caching
[STDERR  ] 2019-01-18T02:52:53.139094787Z: [   13.644557] pstore: using deflate compression
[STDERR  ] 2019-01-18T02:52:53.139118107Z: [   13.701862] NET: Registered protocol family 38
[STDERR  ] 2019-01-18T02:52:53.139137366Z: [   13.702832] Key type asymmetric registered
[STDERR  ] 2019-01-18T02:52:53.139156840Z: [   13.703359] Asymmetric key parser 'x509' registered
[STDERR  ] 2019-01-18T02:52:53.139176315Z: [   13.704248] Block layer SCSI generic (bsg) driver version 0.4 loaded (major 247)
[STDERR  ] 2019-01-18T02:52:53.139200342Z: [   13.706809] io scheduler noop registered
[STDERR  ] 2019-01-18T02:52:53.139227561Z: [   13.707251] io scheduler deadline registered (default)
[STDERR  ] 2019-01-18T02:52:53.139260993Z: [   13.708724] io scheduler cfq registered
[STDERR  ] 2019-01-18T02:52:53.139284380Z: [   13.709123] io scheduler mq-deadline registered (default)
[STDERR  ] 2019-01-18T02:52:53.139311695Z: [   13.709850] io scheduler kyber registered
[STDERR  ] 2019-01-18T02:52:53.139334857Z: [   13.713147] shpchp: Standard Hot Plug PCI Controller Driver version: 0.4
[STDERR  ] 2019-01-18T02:52:53.139354364Z: [   13.714626] hv_vmbus: registering driver hyperv_fb
[STDERR  ] 2019-01-18T02:52:53.139373751Z: [   13.718835] input: Power Button as /devices/LNXSYSTM:00/LNXPWRBN:00/input/input0
[STDERR  ] 2019-01-18T02:52:53.139393212Z: [   13.722689] ACPI: Power Button [PWRF]
[STDERR  ] 2019-01-18T02:52:53.139412456Z: [   13.746857] PCI Interrupt Link [GSIG] enabled at IRQ 22
[STDERR  ] 2019-01-18T02:52:53.139435792Z: [   13.763631] PCI Interrupt Link [GSIH] enabled at IRQ 23
[STDERR  ] 2019-01-18T02:52:53.139462931Z: [   13.771156] Serial: 8250/16550 driver, 4 ports, IRQ sharing disabled
[STDERR  ] 2019-01-18T02:52:53.139482197Z: [   13.796773] 00:04: ttyS0 at I/O 0x3f8 (irq = 4, base_baud = 115200) is a 16550A
[STDERR  ] 2019-01-18T02:52:53.139509908Z: [   13.808945] Non-volatile memory driver v1.3
[STDERR  ] 2019-01-18T02:52:53.139533214Z: [   13.817977] Hangcheck: starting hangcheck timer 0.9.1 (tick is 180 seconds, margin is 60 seconds).
[STDERR  ] 2019-01-18T02:52:53.139552409Z: [   13.825787] random: crng init done
[STDERR  ] 2019-01-18T02:52:53.139579925Z: [   13.911753] brd: module loaded
[STDERR  ] 2019-01-18T02:52:53.139612036Z: [   13.954666] loop: module loaded
[STDERR  ] 2019-01-18T02:52:53.139631779Z: [   14.035860] lpc_ich 0000:00:1f.0: I/O space for GPIO uninitialized
[STDERR  ] 2019-01-18T02:52:53.139666797Z: [   14.038963] VMware PVSCSI driver - version 1.0.7.0-k
[STDERR  ] 2019-01-18T02:52:53.139707401Z: [   14.039968] hv_vmbus: registering driver hv_storvsc
[STDERR  ] 2019-01-18T02:52:53.139730704Z: [   14.056528] PCI Interrupt Link [GSIA] enabled at IRQ 16
[STDERR  ] 2019-01-18T02:52:53.139750065Z: [   14.065280] ahci 0000:00:1f.2: AHCI 0001.0000 32 slots 6 ports 1.5 Gbps 0x3f impl SATA mode
[STDERR  ] 2019-01-18T02:52:53.139778292Z: [   14.066632] ahci 0000:00:1f.2: flags: 64bit ncq only 
[STDERR  ] 2019-01-18T02:52:53.139801146Z: [   14.087356] scsi host0: ahci
[STDERR  ] 2019-01-18T02:52:53.139820157Z: [   14.091952] scsi host1: ahci
[STDERR  ] 2019-01-18T02:52:53.139839333Z: [   14.094593] scsi host2: ahci
[STDERR  ] 2019-01-18T02:52:53.139858301Z: [   14.097165] scsi host3: ahci
[STDERR  ] 2019-01-18T02:52:53.139877647Z: [   14.099859] scsi host4: ahci
[STDERR  ] 2019-01-18T02:52:53.139896725Z: [   14.102517] scsi host5: ahci
[STDERR  ] 2019-01-18T02:52:53.139919131Z: [   14.104168] ata1: SATA max UDMA/133 abar m4096@0xfebd2000 port 0xfebd2100 irq 24
[STDERR  ] 2019-01-18T02:52:53.139938433Z: [   14.104967] ata2: SATA max UDMA/133 abar m4096@0xfebd2000 port 0xfebd2180 irq 24
[STDERR  ] 2019-01-18T02:52:53.139968761Z: [   14.105655] ata3: SATA max UDMA/133 abar m4096@0xfebd2000 port 0xfebd2200 irq 24
[STDERR  ] 2019-01-18T02:52:53.139988142Z: [   14.106163] ata4: SATA max UDMA/133 abar m4096@0xfebd2000 port 0xfebd2280 irq 24
[STDERR  ] 2019-01-18T02:52:53.140007741Z: [   14.106863] ata5: SATA max UDMA/133 abar m4096@0xfebd2000 port 0xfebd2300 irq 24
[STDERR  ] 2019-01-18T02:52:53.140030595Z: [   14.107571] ata6: SATA max UDMA/133 abar m4096@0xfebd2000 port 0xfebd2380 irq 24
[STDERR  ] 2019-01-18T02:52:53.140050293Z: [   14.124695] tun: Universal TUN/TAP device driver, 1.6
[STDERR  ] 2019-01-18T02:52:53.140069756Z: [   14.139637] VMware vmxnet3 virtual NIC driver - version 1.4.16.0-k-NAPI
[STDERR  ] 2019-01-18T02:52:53.140088839Z: [   14.140834] hv_vmbus: registering driver hv_netvsc
[STDERR  ] 2019-01-18T02:52:53.140108329Z: [   14.141563] Fusion MPT base driver 3.04.20
[STDERR  ] 2019-01-18T02:52:53.140127630Z: [   14.141951] Copyright (c) 1999-2008 LSI Corporation
[STDERR  ] 2019-01-18T02:52:53.140147201Z: [   14.142759] Fusion MPT SPI Host driver 3.04.20
[STDERR  ] 2019-01-18T02:52:53.140176025Z: [   14.145563] i8042: PNP: PS/2 Controller [PNP0303:KBD,PNP0f13:MOU] at 0x60,0x64 irq 1,12
[STDERR  ] 2019-01-18T02:52:53.140200655Z: [   14.151045] serio: i8042 KBD port at 0x60,0x64 irq 1
[STDERR  ] 2019-01-18T02:52:53.140232010Z: [   14.152259] serio: i8042 AUX port at 0x60,0x64 irq 12
[STDERR  ] 2019-01-18T02:52:53.140251470Z: [   14.155961] hv_vmbus: registering driver hyperv_keyboard
[STDERR  ] 2019-01-18T02:52:53.140273778Z: [   14.158810] mousedev: PS/2 mouse device common for all mice
[STDERR  ] 2019-01-18T02:52:53.140301066Z: [   14.165764] input: PC Speaker as /devices/platform/pcspkr/input/input2
[STDERR  ] 2019-01-18T02:52:53.140320641Z: [   14.167847] input: AT Translated Set 2 keyboard as /devices/platform/i8042/serio0/input/input1
[STDERR  ] 2019-01-18T02:52:53.140339665Z: [   14.172126] rtc_cmos 00:00: RTC can wake from S4
[STDERR  ] 2019-01-18T02:52:53.140372318Z: [   14.179591] rtc_cmos 00:00: registered as rtc0
[STDERR  ] 2019-01-18T02:52:53.140395810Z: [   14.180954] rtc_cmos 00:00: alarms up to one day, y3k, 114 bytes nvram, hpet irqs
[STDERR  ] 2019-01-18T02:52:53.140415481Z: [   14.181997] i2c /dev entries driver
[STDERR  ] 2019-01-18T02:52:53.140434512Z: [   14.184823] device-mapper: ioctl: 4.39.0-ioctl (2018-04-03) initialised: dm-devel@redhat.com
[STDERR  ] 2019-01-18T02:52:53.140458363Z: [   14.191230] usbcore: registered new interface driver usbhid
[STDERR  ] 2019-01-18T02:52:53.140480996Z: [   14.191897] usbhid: USB HID core driver
[STDERR  ] 2019-01-18T02:52:53.140499982Z: [   14.192758] hv_utils: Registering HyperV Utility Driver
[STDERR  ] 2019-01-18T02:52:53.140523003Z: [   14.193264] hv_vmbus: registering driver hv_util
[STDERR  ] 2019-01-18T02:52:53.140542525Z: [   14.193889] hv_vmbus: registering driver hv_balloon
[STDERR  ] 2019-01-18T02:52:53.140562355Z: [   14.194670] oprofile: using NMI interrupt.
[STDERR  ] 2019-01-18T02:52:53.140595019Z: [   14.196222] GACT probability on
[STDERR  ] 2019-01-18T02:52:53.140618082Z: [   14.196845] Mirror/redirect action on
[STDERR  ] 2019-01-18T02:52:53.140637375Z: [   14.197787] Simple TC action Loaded
[STDERR  ] 2019-01-18T02:52:53.140665150Z: [   14.198291] u32 classifier
[STDERR  ] 2019-01-18T02:52:53.140684590Z: [   14.198722]     Performance counters on
[STDERR  ] 2019-01-18T02:52:53.140707682Z: [   14.199034]     input device check on
[STDERR  ] 2019-01-18T02:52:53.140726638Z: [   14.199490]     Actions configured
[STDERR  ] 2019-01-18T02:52:53.140746280Z: [   14.214056] xt_time: kernel timezone is -0000
[STDERR  ] 2019-01-18T02:52:53.140769018Z: [   14.215675] IPVS: Registered protocols (TCP, UDP, SCTP, AH, ESP)
[STDERR  ] 2019-01-18T02:52:53.140788204Z: [   14.216718] IPVS: Connection hash table configured (size=4096, memory=64Kbytes)
[STDERR  ] 2019-01-18T02:52:53.140807468Z: [   14.222315] IPVS: ipvs loaded.
[STDERR  ] 2019-01-18T02:52:53.140826907Z: [   14.223103] IPVS: [rr] scheduler registered.
[STDERR  ] 2019-01-18T02:52:53.140854333Z: [   14.223851] IPVS: [wrr] scheduler registered.
[STDERR  ] 2019-01-18T02:52:53.140873796Z: [   14.224229] IPVS: [lc] scheduler registered.
[STDERR  ] 2019-01-18T02:52:53.140892887Z: [   14.224832] IPVS: [wlc] scheduler registered.
[STDERR  ] 2019-01-18T02:52:53.140916779Z: [   14.225216] IPVS: [fo] scheduler registered.
[STDERR  ] 2019-01-18T02:52:53.140935813Z: [   14.225747] IPVS: [ovf] scheduler registered.
[STDERR  ] 2019-01-18T02:52:53.140955954Z: [   14.226223] IPVS: [lblc] scheduler registered.
[STDERR  ] 2019-01-18T02:52:53.140975382Z: [   14.226849] IPVS: [lblcr] scheduler registered.
[STDERR  ] 2019-01-18T02:52:53.141007529Z: [   14.227257] IPVS: [dh] scheduler registered.
[STDERR  ] 2019-01-18T02:52:53.141027073Z: [   14.227758] IPVS: [sh] scheduler registered.
[STDERR  ] 2019-01-18T02:52:53.141046056Z: [   14.228070] IPVS: [mh] scheduler registered.
[STDERR  ] 2019-01-18T02:52:53.141065501Z: [   14.228577] IPVS: [sed] scheduler registered.
[STDERR  ] 2019-01-18T02:52:53.141084727Z: [   14.228904] IPVS: [nq] scheduler registered.
[STDERR  ] 2019-01-18T02:52:53.141103825Z: [   14.229958] IPVS: ftp: loaded support on port[0] = 21
[STDERR  ] 2019-01-18T02:52:53.141123396Z: [   14.231120] ipip: IPv4 and MPLS over IPv4 tunneling driver
[STDERR  ] 2019-01-18T02:52:53.141152496Z: [   14.237613] gre: GRE over IPv4 demultiplexor driver
[STDERR  ] 2019-01-18T02:52:53.141175542Z: [   14.246254] ipt_CLUSTERIP: ClusterIP Version 0.8 loaded successfully
[STDERR  ] 2019-01-18T02:52:53.141208608Z: [   14.250622] NET: Registered protocol family 10
[STDERR  ] 2019-01-18T02:52:53.141231128Z: [   14.264796] Segment Routing with IPv6
[STDERR  ] 2019-01-18T02:52:53.141250206Z: [   14.276860] NET: Registered protocol family 17
[STDERR  ] 2019-01-18T02:52:53.141269424Z: [   14.278310] Bridge firewalling registered
[STDERR  ] 2019-01-18T02:52:53.141315564Z: [   14.281796] 8021q: 802.1Q VLAN Support v1.8
[STDERR  ] 2019-01-18T02:52:53.141339249Z: [   14.283794] 9pnet: Installing 9P2000 support
[STDERR  ] 2019-01-18T02:52:53.141358409Z: [   14.285925] Key type dns_resolver registered
[STDERR  ] 2019-01-18T02:52:53.141381507Z: [   14.287749] sched_clock: Marking stable (14222706182, 64700508)->(14554962629, -267555939)
[STDERR  ] 2019-01-18T02:52:53.141406046Z: [   14.292279] registered taskstats version 1
[STDERR  ] 2019-01-18T02:52:53.141425407Z: [   14.423990] ata2: SATA link down (SStatus 0 SControl 300)
[STDERR  ] 2019-01-18T02:52:53.141450424Z: [   14.426493] ata1: SATA link down (SStatus 0 SControl 300)
[STDERR  ] 2019-01-18T02:52:53.141482679Z: [   14.428090] ata3: SATA link up 1.5 Gbps (SStatus 113 SControl 300)
[STDERR  ] 2019-01-18T02:52:53.141502426Z: [   14.434995] ata3.00: ATAPI: QEMU DVD-ROM, 2.5+, max UDMA/100
[STDERR  ] 2019-01-18T02:52:53.141521940Z: [   14.435725] ata3.00: applying bridge limits
[STDERR  ] 2019-01-18T02:52:53.141550093Z: [   14.438567] ata6: SATA link down (SStatus 0 SControl 300)
[STDERR  ] 2019-01-18T02:52:53.141572819Z: [   14.439140] ata5: SATA link down (SStatus 0 SControl 300)
[STDERR  ] 2019-01-18T02:52:53.141592336Z: [   14.439833] ata4: SATA link down (SStatus 0 SControl 300)
[STDERR  ] 2019-01-18T02:52:53.141616128Z: [   14.448193] ata3.00: configured for UDMA/100
[STDERR  ] 2019-01-18T02:52:53.141643533Z: [   14.473957] scsi 2:0:0:0: CD-ROM            QEMU     QEMU DVD-ROM     2.5+ PQ: 0 ANSI: 5
[STDERR  ] 2019-01-18T02:52:53.141663132Z: [   14.504361] sr 2:0:0:0: [sr0] scsi3-mmc drive: 4x/4x cd/rw xa/form2 tray
[STDERR  ] 2019-01-18T02:52:53.141685884Z: [   14.505577] cdrom: Uniform CD-ROM driver Revision: 3.20
[STDERR  ] 2019-01-18T02:52:53.141705336Z: [   14.520956] sr 2:0:0:0: Attached scsi generic sg0 type 5
[STDERR  ] 2019-01-18T02:52:53.141724493Z: [   14.600994] tsc: Refined TSC clocksource calibration: 2599.779 MHz
[STDERR  ] 2019-01-18T02:52:53.141747109Z: [   14.602039] clocksource: tsc: mask: 0xffffffffffffffff max_cycles: 0x25796b619e5, max_idle_ns: 440795290627 ns
[STDERR  ] 2019-01-18T02:52:53.141767500Z: [   14.603276] clocksource: Switched to clocksource tsc
[STDERR  ] 2019-01-18T02:52:53.141791482Z: [   14.686833] Key type big_key registered
[STDERR  ] 2019-01-18T02:52:53.141810778Z: [   14.806885] Key type trusted registered
[STDERR  ] 2019-01-18T02:52:53.141846173Z: [   14.936008] Key type encrypted registered
[STDERR  ] 2019-01-18T02:52:53.141869032Z: [   14.946224] ima: No TPM chip found, activating TPM-bypass!
[STDERR  ] 2019-01-18T02:52:53.141888321Z: [   14.947342] ima: Allocated hash algorithm: sha256
[STDERR  ] 2019-01-18T02:52:53.141911216Z: [   14.951690] evm: Initialising EVM extended attributes:
[STDERR  ] 2019-01-18T02:52:53.141930354Z: [   14.952257] evm: security.ima
[STDERR  ] 2019-01-18T02:52:53.141950681Z: [   14.952713] evm: security.capability
[STDERR  ] 2019-01-18T02:52:53.141973858Z: [   14.953061] evm: HMAC attrs: 0x1
[STDERR  ] 2019-01-18T02:52:53.141993210Z: [   14.964651] rtc_cmos 00:00: setting system clock to 2019-01-18 02:52:04 UTC (1547779924)
[STDERR  ] 2019-01-18T02:52:53.142025005Z: [   15.175836] Freeing unused kernel image memory: 1588K
[STDERR  ] 2019-01-18T02:52:53.142044446Z: [   15.178018] Write protecting the kernel read-only data: 18432k
[STDERR  ] 2019-01-18T02:52:53.142063797Z: [   15.199103] Freeing unused kernel image memory: 2028K
[STDERR  ] 2019-01-18T02:52:53.142096255Z: [   15.206524] Freeing unused kernel image memory: 1044K
[STDERR  ] 2019-01-18T02:52:53.142130318Z: [   15.207660] Run /init as init process
[STDERR  ] 2019-01-18T02:52:53.142149773Z: 
[STDERR  ] 2019-01-18T02:52:53.142169758Z: Welcome to LinuxKit
[STDERR  ] 2019-01-18T02:52:53.142192547Z: 
[STDERR  ] 2019-01-18T02:52:53.142211781Z:                         ##         .
[STDERR  ] 2019-01-18T02:52:53.142230904Z:                   ## ## ##        ==
[STDERR  ] 2019-01-18T02:52:53.142269482Z:                ## ## ## ## ##    ===
[STDERR  ] 2019-01-18T02:52:53.142307336Z:            /"""""""""""""""""\___/ ===
[STDERR  ] 2019-01-18T02:52:53.142330676Z:           {                       /  ===-
[STDERR  ] 2019-01-18T02:52:53.142349999Z:            \______ O           __/
[STDERR  ] 2019-01-18T02:52:53.142374086Z:              \    \         __/
[STDERR  ] 2019-01-18T02:52:53.142393194Z:               \____\_______/
[STDERR  ] 2019-01-18T02:52:53.142412167Z: 
[STDERR  ] 2019-01-18T02:52:53.142432396Z: [34mINFO[0m[2019-01-18T02:52:24.735028750Z] starting containerd                           [34mrevision[0m=9754871865f7fe2f4e74d43e2fc7ccd237edcbce [34mversion[0m=v1.2.2
[STDERR  ] 2019-01-18T02:52:53.142457410Z: [34mINFO[0m[2019-01-18T02:52:24.760613429Z] loading plugin "io.containerd.content.v1.content"...  [34mtype[0m=io.containerd.content.v1
[STDERR  ] 2019-01-18T02:52:53.142477161Z: [34mINFO[0m[2019-01-18T02:52:24.767066185Z] loading plugin "io.containerd.snapshotter.v1.btrfs"...  [34mtype[0m=io.containerd.snapshotter.v1
[STDERR  ] 2019-01-18T02:52:53.142497610Z: [33mWARN[0m[2019-01-18T02:52:24.779341053Z] failed to load plugin io.containerd.snapshotter.v1.btrfs  [33merror[0m="path /var/lib/containerd/io.containerd.snapshotter.v1.btrfs must be a btrfs filesystem to be used with the btrfs snapshotter"
[STDERR  ] 2019-01-18T02:52:53.142532204Z: [34mINFO[0m[2019-01-18T02:52:24.782505320Z] loading plugin "io.containerd.snapshotter.v1.aufs"...  [34mtype[0m=io.containerd.snapshotter.v1
[STDERR  ] 2019-01-18T02:52:53.142556337Z: [33mWARN[0m[2019-01-18T02:52:24.881947802Z] failed to load plugin io.containerd.snapshotter.v1.aufs  [33merror[0m="modprobe aufs failed: "modprobe: module aufs not found in modules.dep\n": exit status 1"
[STDERR  ] 2019-01-18T02:52:53.142579981Z: [34mINFO[0m[2019-01-18T02:52:24.896819706Z] loading plugin "io.containerd.snapshotter.v1.native"...  [34mtype[0m=io.containerd.snapshotter.v1
[STDERR  ] 2019-01-18T02:52:53.142600122Z: [34mINFO[0m[2019-01-18T02:52:24.915957345Z] loading plugin "io.containerd.snapshotter.v1.overlayfs"...  [34mtype[0m=io.containerd.snapshotter.v1
[STDERR  ] 2019-01-18T02:52:53.142628670Z: [34mINFO[0m[2019-01-18T02:52:24.927693745Z] loading plugin "io.containerd.snapshotter.v1.zfs"...  [34mtype[0m=io.containerd.snapshotter.v1
[STDERR  ] 2019-01-18T02:52:53.142677099Z: [33mWARN[0m[2019-01-18T02:52:24.937921246Z] failed to load plugin io.containerd.snapshotter.v1.zfs  [33merror[0m="path /var/lib/containerd/io.containerd.snapshotter.v1.zfs must be a zfs filesystem to be used with the zfs snapshotter"
[STDERR  ] 2019-01-18T02:52:53.142702296Z: [34mINFO[0m[2019-01-18T02:52:24.941109576Z] loading plugin "io.containerd.metadata.v1.bolt"...  [34mtype[0m=io.containerd.metadata.v1
[STDERR  ] 2019-01-18T02:52:53.142721867Z: [33mWARN[0m[2019-01-18T02:52:24.945087272Z] could not use snapshotter btrfs in metadata plugin  [33merror[0m="path /var/lib/containerd/io.containerd.snapshotter.v1.btrfs must be a btrfs filesystem to be used with the btrfs snapshotter"
[STDERR  ] 2019-01-18T02:52:53.142754652Z: [33mWARN[0m[2019-01-18T02:52:24.948868114Z] could not use snapshotter aufs in metadata plugin  [33merror[0m="modprobe aufs failed: "modprobe: module aufs not found in modules.dep\n": exit status 1"
[STDERR  ] 2019-01-18T02:52:53.142774980Z: [33mWARN[0m[2019-01-18T02:52:24.951569199Z] could not use snapshotter zfs in metadata plugin  [33merror[0m="path /var/lib/containerd/io.containerd.snapshotter.v1.zfs must be a zfs filesystem to be used with the zfs snapshotter"
[STDERR  ] 2019-01-18T02:52:53.142799029Z: [34mINFO[0m[2019-01-18T02:52:24.976000505Z] loading plugin "io.containerd.differ.v1.walking"...  [34mtype[0m=io.containerd.differ.v1
[STDERR  ] 2019-01-18T02:52:53.142827256Z: [34mINFO[0m[2019-01-18T02:52:24.979011376Z] loading plugin "io.containerd.gc.v1.scheduler"...  [34mtype[0m=io.containerd.gc.v1
[STDERR  ] 2019-01-18T02:52:53.142864156Z: [34mINFO[0m[2019-01-18T02:52:24.984531346Z] loading plugin "io.containerd.service.v1.containers-service"...  [34mtype[0m=io.containerd.service.v1
[STDERR  ] 2019-01-18T02:52:53.142883723Z: [34mINFO[0m[2019-01-18T02:52:24.987291795Z] loading plugin "io.containerd.service.v1.content-service"...  [34mtype[0m=io.containerd.service.v1
[STDERR  ] 2019-01-18T02:52:53.142907143Z: [34mINFO[0m[2019-01-18T02:52:24.989721505Z] loading plugin "io.containerd.service.v1.diff-service"...  [34mtype[0m=io.containerd.service.v1
[STDERR  ] 2019-01-18T02:52:53.142926929Z: [34mINFO[0m[2019-01-18T02:52:24.991950771Z] loading plugin "io.containerd.service.v1.images-service"...  [34mtype[0m=io.containerd.service.v1
[STDERR  ] 2019-01-18T02:52:53.142957219Z: [34mINFO[0m[2019-01-18T02:52:24.994479278Z] loading plugin "io.containerd.service.v1.leases-service"...  [34mtype[0m=io.containerd.service.v1
[STDERR  ] 2019-01-18T02:52:53.142989974Z: [34mINFO[0m[2019-01-18T02:52:24.998987811Z] loading plugin "io.containerd.service.v1.namespaces-service"...  [34mtype[0m=io.containerd.service.v1
[STDERR  ] 2019-01-18T02:52:53.143010298Z: [34mINFO[0m[2019-01-18T02:52:25.001772632Z] loading plugin "io.containerd.service.v1.snapshots-service"...  [34mtype[0m=io.containerd.service.v1
[STDERR  ] 2019-01-18T02:52:53.143033500Z: [34mINFO[0m[2019-01-18T02:52:25.004454606Z] loading plugin "io.containerd.runtime.v1.linux"...  [34mtype[0m=io.containerd.runtime.v1
[STDERR  ] 2019-01-18T02:52:53.143052687Z: [34mINFO[0m[2019-01-18T02:52:25.009589195Z] loading plugin "io.containerd.runtime.v2.task"...  [34mtype[0m=io.containerd.runtime.v2
[STDERR  ] 2019-01-18T02:52:53.143076371Z: [34mINFO[0m[2019-01-18T02:52:25.014825901Z] loading plugin "io.containerd.monitor.v1.cgroups"...  [34mtype[0m=io.containerd.monitor.v1
[STDERR  ] 2019-01-18T02:52:53.143099730Z: [34mINFO[0m[2019-01-18T02:52:25.054825764Z] loading plugin "io.containerd.service.v1.tasks-service"...  [34mtype[0m=io.containerd.service.v1
[STDERR  ] 2019-01-18T02:52:53.143119335Z: [34mINFO[0m[2019-01-18T02:52:25.068456638Z] loading plugin "io.containerd.internal.v1.restart"...  [34mtype[0m=io.containerd.internal.v1
[STDERR  ] 2019-01-18T02:52:53.143139609Z: [34mINFO[0m[2019-01-18T02:52:25.095086902Z] loading plugin "io.containerd.grpc.v1.containers"...  [34mtype[0m=io.containerd.grpc.v1
[STDERR  ] 2019-01-18T02:52:53.143175549Z: [34mINFO[0m[2019-01-18T02:52:25.097935611Z] loading plugin "io.containerd.grpc.v1.content"...  [34mtype[0m=io.containerd.grpc.v1
[STDERR  ] 2019-01-18T02:52:53.143198723Z: [34mINFO[0m[2019-01-18T02:52:25.100825188Z] loading plugin "io.containerd.grpc.v1.diff"...  [34mtype[0m=io.containerd.grpc.v1
[STDERR  ] 2019-01-18T02:52:53.143218285Z: [34mINFO[0m[2019-01-18T02:52:25.102960236Z] loading plugin "io.containerd.grpc.v1.events"...  [34mtype[0m=io.containerd.grpc.v1
[STDERR  ] 2019-01-18T02:52:53.143237606Z: [34mINFO[0m[2019-01-18T02:52:25.105153189Z] loading plugin "io.containerd.grpc.v1.healthcheck"...  [34mtype[0m=io.containerd.grpc.v1
[STDERR  ] 2019-01-18T02:52:53.143262064Z: [34mINFO[0m[2019-01-18T02:52:25.107464645Z] loading plugin "io.containerd.grpc.v1.images"...  [34mtype[0m=io.containerd.grpc.v1
[STDERR  ] 2019-01-18T02:52:53.143281955Z: [34mINFO[0m[2019-01-18T02:52:25.109636345Z] loading plugin "io.containerd.grpc.v1.leases"...  [34mtype[0m=io.containerd.grpc.v1
[STDERR  ] 2019-01-18T02:52:53.143327819Z: [34mINFO[0m[2019-01-18T02:52:25.111658439Z] loading plugin "io.containerd.grpc.v1.namespaces"...  [34mtype[0m=io.containerd.grpc.v1
[STDERR  ] 2019-01-18T02:52:53.143351727Z: [34mINFO[0m[2019-01-18T02:52:25.113738622Z] loading plugin "io.containerd.internal.v1.opt"...  [34mtype[0m=io.containerd.internal.v1
[STDERR  ] 2019-01-18T02:52:53.143374972Z: [33mWARN[0m[2019-01-18T02:52:25.117669026Z] failed to load plugin io.containerd.internal.v1.opt  [33merror[0m="mkdir /opt: read-only file system"
[STDERR  ] 2019-01-18T02:52:53.143395036Z: [34mINFO[0m[2019-01-18T02:52:25.120012493Z] loading plugin "io.containerd.grpc.v1.snapshots"...  [34mtype[0m=io.containerd.grpc.v1
[STDERR  ] 2019-01-18T02:52:53.143417916Z: [34mINFO[0m[2019-01-18T02:52:25.122693033Z] loading plugin "io.containerd.grpc.v1.tasks"...  [34mtype[0m=io.containerd.grpc.v1
[STDERR  ] 2019-01-18T02:52:53.143437313Z: [34mINFO[0m[2019-01-18T02:52:25.124801142Z] loading plugin "io.containerd.grpc.v1.version"...  [34mtype[0m=io.containerd.grpc.v1
[STDERR  ] 2019-01-18T02:52:53.143465119Z: [34mINFO[0m[2019-01-18T02:52:25.127084646Z] loading plugin "io.containerd.grpc.v1.introspection"...  [34mtype[0m=io.containerd.grpc.v1
[STDERR  ] 2019-01-18T02:52:53.143484964Z: [34mINFO[0m[2019-01-18T02:52:25.157690412Z] serving...                                    [34maddress[0m="/run/containerd/debug.sock"
[STDERR  ] 2019-01-18T02:52:53.143508266Z: [34mINFO[0m[2019-01-18T02:52:25.162088813Z] serving...                                    [34maddress[0m="/run/containerd/containerd.sock"
[STDERR  ] 2019-01-18T02:52:53.143538163Z: [34mINFO[0m[2019-01-18T02:52:25.166093667Z] containerd successfully booted in 0.478582s  
[STDERR  ] 2019-01-18T02:52:53.143561364Z: [34mINFO[0m[2019-01-18T02:52:26.302120013Z] shim containerd-shim started                  [34maddress[0m="/containerd-shim/services.linuxkit/check-the-logs/shim.sock" [34mdebug[0m=false [34mpid[0m=271
[STDERR  ] 2019-01-18T02:52:53.143612323Z: [34mINFO[0m[2019-01-18T02:52:32.019818322Z] shim containerd-shim started                  [34maddress[0m="/containerd-shim/services.linuxkit/fill-the-logs/shim.sock" [34mdebug[0m=false [34mpid[0m=316
[STDERR  ] 2019-01-18T02:52:53.143642509Z: [34mINFO[0m[2019-01-18T02:52:37.917775774Z] shim containerd-shim started                  [34maddress[0m="/containerd-shim/services.linuxkit/write-and-rotate-logs/shim.sock" [34mdebug[0m=false [34mpid[0m=405
[STDERR  ] 2019-01-18T02:52:53.143662428Z: logwrite test suite PASSED
[STDERR  ] 2019-01-18T02:52:53.143681958Z: [   62.805654] ACPI: Preparing to enter system sleep state S5
[STDERR  ] 2019-01-18T02:52:53.143701650Z: [   62.828018] reboot: Power down
[STDERR  ] 2019-01-18T02:52:53.143721175Z: + echo [    0.000000] Linux version 4.19.15-linuxkit (root@3ce652c45b3e) (gcc version 6.4.0 (Alpine 6.4.0)) #1 SMP Wed Jan 16 22:57:54 UTC 2019
[STDERR  ] 2019-01-18T02:52:53.143740885Z: [    0.000000] Command line: console=ttyS0 console=ttyAMA0
[STDERR  ] 2019-01-18T02:52:53.143770016Z: [    0.000000] x86/fpu: x87 FPU will use FXSAVE
[STDERR  ] 2019-01-18T02:52:53.143789614Z: [    0.000000] BIOS-provided physical RAM map:
[STDERR  ] 2019-01-18T02:52:53.143808915Z: [    0.000000] BIOS-e820: [mem 0x0000000000000000-0x000000000009fbff] usable
[STDERR  ] 2019-01-18T02:52:53.143832874Z: [    0.000000] BIOS-e820: [mem 0x000000000009fc00-0x000000000009ffff] reserved
[STDERR  ] 2019-01-18T02:52:53.143861644Z: [    0.000000] BIOS-e820: [mem 0x00000000000f0000-0x00000000000fffff] reserved
[STDERR  ] 2019-01-18T02:52:53.143884655Z: [    0.000000] BIOS-e820: [mem 0x0000000000100000-0x000000003ffdefff] usable
[STDERR  ] 2019-01-18T02:52:53.143904162Z: [    0.000000] BIOS-e820: [mem 0x000000003ffdf000-0x000000003fffffff] reserved
[STDERR  ] 2019-01-18T02:52:53.143923453Z: [    0.000000] BIOS-e820: [mem 0x00000000b0000000-0x00000000bfffffff] reserved
[STDERR  ] 2019-01-18T02:52:53.143943434Z: [    0.000000] BIOS-e820: [mem 0x00000000fed1c000-0x00000000fed1ffff] reserved
[STDERR  ] 2019-01-18T02:52:53.143971411Z: [    0.000000] BIOS-e820: [mem 0x00000000fffc0000-0x00000000ffffffff] reserved
[STDERR  ] 2019-01-18T02:52:53.143994569Z: [    0.000000] NX (Execute Disable) protection: active
[STDERR  ] 2019-01-18T02:52:53.144013903Z: [    0.000000] SMBIOS 2.8 present.
[STDERR  ] 2019-01-18T02:52:53.144033350Z: [    0.000000] DMI: QEMU Standard PC (Q35 + ICH9, 2009), BIOS rel-1.10.2-0-g5f4c7b1-prebuilt.qemu-project.org 04/01/2014
[STDERR  ] 2019-01-18T02:52:53.144067138Z: [    0.000000] tsc: Fast TSC calibration using PIT
[STDERR  ] 2019-01-18T02:52:53.144086443Z: [    0.000000] tsc: Detected 2599.765 MHz processor
[STDERR  ] 2019-01-18T02:52:53.144115509Z: [    0.076561] last_pfn = 0x3ffdf max_arch_pfn = 0x400000000
[STDERR  ] 2019-01-18T02:52:53.144138696Z: [    0.078265] x86/PAT: Configuration [0-7]: WB  WC  UC- UC  WB  WP  UC- WT  
[STDERR  ] 2019-01-18T02:52:53.144157903Z: [    0.138599] found SMP MP-table at [mem 0x000f6aa0-0x000f6aaf] mapped at [(____ptrval____)]
[STDERR  ] 2019-01-18T02:52:53.144191996Z: [    0.154667] RAMDISK: [mem 0x3cf54000-0x3ffcffff]
[STDERR  ] 2019-01-18T02:52:53.144214910Z: [    0.155489] ACPI: Early table checksum verification disabled
[STDERR  ] 2019-01-18T02:52:53.144234581Z: [    0.157789] ACPI: RSDP 0x00000000000F68C0 000014 (v00 BOCHS )
[STDERR  ] 2019-01-18T02:52:53.144257352Z: [    0.158120] ACPI: RSDT 0x000000003FFE2404 000034 (v01 BOCHS  BXPCRSDT 00000001 BXPC 00000001)
[STDERR  ] 2019-01-18T02:52:53.144276960Z: [    0.158956] ACPI: FACP 0x000000003FFE22A4 000074 (v01 BOCHS  BXPCFACP 00000001 BXPC 00000001)
[STDERR  ] 2019-01-18T02:52:53.144307361Z: [    0.159708] ACPI: DSDT 0x000000003FFE0040 002264 (v01 BOCHS  BXPCDSDT 00000001 BXPC 00000001)
[STDERR  ] 2019-01-18T02:52:53.144335478Z: [    0.159875] ACPI: FACS 0x000000003FFE0000 000040
[STDERR  ] 2019-01-18T02:52:53.144355098Z: [    0.160005] ACPI: APIC 0x000000003FFE2318 000078 (v01 BOCHS  BXPCAPIC 00000001 BXPC 00000001)
[STDERR  ] 2019-01-18T02:52:53.144387080Z: [    0.160100] ACPI: HPET 0x000000003FFE2390 000038 (v01 BOCHS  BXPCHPET 00000001 BXPC 00000001)
[STDOUT  ] 2019-01-18T02:52:53.144452223Z: [    0.000000] Linux version 4.19.15-linuxkit (root@3ce652c45b3e) (gcc version 6.4.0 (Alpine 6.4.0)) #1 SMP Wed Jan 16 22:57:54 UTC 2019
[STDOUT  ] 2019-01-18T02:52:53.144507538Z: [    0.000000] Command line: console=ttyS0 console=ttyAMA0
[STDOUT  ] 2019-01-18T02:52:53.144524003Z: [    0.000000] x86/fpu: x87 FPU will use FXSAVE
[STDOUT  ] 2019-01-18T02:52:53.144539459Z: [    0.000000] BIOS-provided physical RAM map:
[STDOUT  ] 2019-01-18T02:52:53.144555586Z: [    0.000000] BIOS-e820: [mem 0x0000000000000000-0x000000000009fbff] usable
[STDOUT  ] 2019-01-18T02:52:53.144576532Z: [    0.000000] BIOS-e820: [mem 0x000000000009fc00-0x000000000009ffff] reserved
[STDOUT  ] 2019-01-18T02:52:53.144591194Z: [    0.000000] BIOS-e820: [mem 0x00000000000f0000-0x00000000000fffff] reserved
[STDOUT  ] 2019-01-18T02:52:53.144610873Z: [    0.000000] BIOS-e820: [mem 0x0000000000100000-0x000000003ffdefff] usable
[STDOUT  ] 2019-01-18T02:52:53.144625623Z: [    0.000000] BIOS-e820: [mem 0x000000003ffdf000-0x000000003fffffff] reserved
[STDOUT  ] 2019-01-18T02:52:53.144640090Z: [    0.000000] BIOS-e820: [mem 0x00000000b0000000-0x00000000bfffffff] reserved
[STDOUT  ] 2019-01-18T02:52:53.144654655Z: [    0.000000] BIOS-e820: [mem 0x00000000fed1c000-0x00000000fed1ffff] reserved
[STDOUT  ] 2019-01-18T02:52:53.144669044Z: [    0.000000] BIOS-e820: [mem 0x00000000fffc0000-0x00000000ffffffff] reserved
[STDOUT  ] 2019-01-18T02:52:53.144683655Z: [    0.000000] NX (Execute Disable) protection: active
[STDOUT  ] 2019-01-18T02:52:53.144697989Z: [    0.000000] SMBIOS 2.8 present.
[STDOUT  ] 2019-01-18T02:52:53.144712336Z: [    0.000000] DMI: QEMU Standard PC (Q35 + ICH9, 2009), BIOS rel-1.10.2-0-g5f4c7b1-prebuilt.qemu-project.org 04/01/2014
[STDOUT  ] 2019-01-18T02:52:53.144736350Z: [    0.000000] tsc: Fast TSC calibration using PIT
[STDOUT  ] 2019-01-18T02:52:53.144750711Z: [    0.000000] tsc: Detected 2599.765 MHz processor
[STDOUT  ] 2019-01-18T02:52:53.144765067Z: [    0.076561] last_pfn = 0x3ffdf max_arch_pfn = 0x400000000
[STDOUT  ] 2019-01-18T02:52:53.144790581Z: [    0.078265] x86/PAT: Configuration [0-7]: WB  WC  UC- UC  WB  WP  UC- WT  
[STDOUT  ] 2019-01-18T02:52:53.144815418Z: [    0.138599] found SMP MP-table at [mem 0x000f6aa0-0x000f6aaf] mapped at [(____ptrval____)]
[STDOUT  ] 2019-01-18T02:52:53.144830068Z: [    0.154667] RAMDISK: [mem 0x3cf54000-0x3ffcffff]
[STDOUT  ] 2019-01-18T02:52:53.144844225Z: [    0.155489] ACPI: Early table checksum verification disabled
[STDOUT  ] 2019-01-18T02:52:53.144858408Z: [    0.157789] ACPI: RSDP 0x00000000000F68C0 000014 (v00 BOCHS )
[STDOUT  ] 2019-01-18T02:52:53.144872997Z: [    0.158120] ACPI: RSDT 0x000000003FFE2404 000034 (v01 BOCHS  BXPCRSDT 00000001 BXPC 00000001)
[STDOUT  ] 2019-01-18T02:52:53.144887578Z: [    0.158956] ACPI: FACP 0x000000003FFE22A4 000074 (v01 BOCHS  BXPCFACP 00000001 BXPC 00000001)
[STDOUT  ] 2019-01-18T02:52:53.144902320Z: [    0.159708] ACPI: DSDT 0x000000003FFE0040 002264 (v01 BOCHS  BXPCDSDT 00000001 BXPC 00000001)
[STDOUT  ] 2019-01-18T02:52:53.144916703Z: [    0.159875] ACPI: FACS 0x000000003FFE0000 000040
[STDOUT  ] 2019-01-18T02:52:53.144941323Z: [    0.160005] ACPI: APIC 0x000000003FFE2318 000078 (v01 BOCHS  BXPCAPIC 00000001 BXPC 00000001)
[STDOUT  ] 2019-01-18T02:52:53.144956662Z: [    0.160100] ACPI: HPET 0x000000003FFE2390 000038 (v01 BOCHS  BXPCHPET 00000001 BXPC 00000001)
[STDOUT  ] 2019-01-18T02:52:53.144970630Z: [    0.160193] ACPI: MCFG 0x000000003FFE23C8 00003C (v01 BOCHS  BXPCMCFG 00000001 BXPC 00000001)
[STDOUT  ] 2019-01-18T02:52:53.144985335Z: [    0.165594] Zone ranges:
[STDOUT  ] 2019-01-18T02:52:53.144999411Z: [    0.165705]   DMA      [mem 0x0000000000001000-0x0000000000ffffff]
[STDOUT  ] 2019-01-18T02:52:53.145013557Z: [    0.165800]   DMA32    [mem 0x0000000001000000-0x000000003ffdefff]
[STDOUT  ] 2019-01-18T02:52:53.145027438Z: [    0.165850]   Normal   empty
[STDOUT  ] 2019-01-18T02:52:53.145041420Z: [    0.165902]   Device   empty
[STDOUT  ] 2019-01-18T02:52:53.145066635Z: [    0.165948] Movable zone start for each node
[STDOUT  ] 2019-01-18T02:52:53.145080724Z: [    0.166012] Early memory node ranges
[STDOUT  ] 2019-01-18T02:52:53.145100718Z: [    0.166074]   node   0: [mem 0x0000000000001000-0x000000000009efff]
[STDOUT  ] 2019-01-18T02:52:53.145114710Z: [    0.166116]   node   0: [mem 0x0000000000100000-0x000000003ffdefff]
[STDOUT  ] 2019-01-18T02:52:53.145128586Z: [    0.166993] Reserved but unavailable: 98 pages
[STDOUT  ] 2019-01-18T02:52:53.145142666Z: [    0.167220] Initmem setup node 0 [mem 0x0000000000001000-0x000000003ffdefff]
[STDOUT  ] 2019-01-18T02:52:53.145156749Z: [    0.247559] ACPI: PM-Timer IO Port: 0x608
[STDOUT  ] 2019-01-18T02:52:53.145170790Z: [    0.248278] ACPI: LAPIC_NMI (acpi_id[0xff] dfl dfl lint[0x1])
[STDOUT  ] 2019-01-18T02:52:53.145189564Z: [    0.248906] IOAPIC[0]: apic_id 0, version 32, address 0xfec00000, GSI 0-23
[STDOUT  ] 2019-01-18T02:52:53.145213189Z: [    0.249093] ACPI: INT_SRC_OVR (bus 0 bus_irq 0 global_irq 2 dfl dfl)
[STDOUT  ] 2019-01-18T02:52:53.145227451Z: [    0.249458] ACPI: INT_SRC_OVR (bus 0 bus_irq 5 global_irq 5 high level)
[STDOUT  ] 2019-01-18T02:52:53.145241430Z: [    0.249530] ACPI: INT_SRC_OVR (bus 0 bus_irq 9 global_irq 9 high level)
[STDOUT  ] 2019-01-18T02:52:53.145255564Z: [    0.249660] ACPI: INT_SRC_OVR (bus 0 bus_irq 10 global_irq 10 high level)
[STDOUT  ] 2019-01-18T02:52:53.145269815Z: [    0.249698] ACPI: INT_SRC_OVR (bus 0 bus_irq 11 global_irq 11 high level)
[STDOUT  ] 2019-01-18T02:52:53.145283987Z: [    0.250104] Using ACPI (MADT) for SMP configuration information
[STDOUT  ] 2019-01-18T02:52:53.145305903Z: [    0.250188] ACPI: HPET id: 0x8086a201 base: 0xfed00000
[STDOUT  ] 2019-01-18T02:52:53.145320195Z: [    0.250740] smpboot: Allowing 1 CPUs, 0 hotplug CPUs
[STDOUT  ] 2019-01-18T02:52:53.145334481Z: [    0.251792] [mem 0x40000000-0xafffffff] available for PCI devices
[STDOUT  ] 2019-01-18T02:52:53.145348572Z: [    0.251878] Booting paravirtualized kernel on bare hardware
[STDOUT  ] 2019-01-18T02:52:53.145362786Z: [    0.252157] clocksource: refined-jiffies: mask: 0xffffffff max_cycles: 0xffffffff, max_idle_ns: 1910969940391419 ns
[STDOUT  ] 2019-01-18T02:52:53.145377017Z: [    3.710356] random: get_random_bytes called from start_kernel+0x92/0x531 with crng_init=0
[STDOUT  ] 2019-01-18T02:52:53.145397174Z: [    3.711427] setup_percpu: NR_CPUS:128 nr_cpumask_bits:128 nr_cpu_ids:1 nr_node_ids:1
[STDOUT  ] 2019-01-18T02:52:53.145411970Z: [    3.720105] percpu: Embedded 45 pages/cpu @(____ptrval____) s145112 r8192 d31016 u2097152
[STDOUT  ] 2019-01-18T02:52:53.145434474Z: [    3.723079] Built 1 zonelists, mobility grouping on.  Total pages: 257896
[STDOUT  ] 2019-01-18T02:52:53.145463413Z: [    3.723321] Kernel command line: console=ttyS0 console=ttyAMA0
[STDOUT  ] 2019-01-18T02:52:53.145477711Z: [    3.727700] Dentry cache hash table entries: 131072 (order: 8, 1048576 bytes)
[STDOUT  ] 2019-01-18T02:52:53.145491786Z: [    3.730093] Inode-cache hash table entries: 65536 (order: 7, 524288 bytes)
[STDOUT  ] 2019-01-18T02:52:53.145514813Z: [    3.791446] Memory: 952788K/1048052K available (12300K kernel code, 1579K rwdata, 3052K rodata, 1588K init, 1996K bss, 95264K reserved, 0K cma-reserved)
[STDOUT  ] 2019-01-18T02:52:53.145539174Z: [    3.799239] ftrace: allocating 42970 entries in 168 pages
[STDOUT  ] 2019-01-18T02:52:53.145553504Z: [    4.257550] rcu: Hierarchical RCU implementation.
[STDOUT  ] 2019-01-18T02:52:53.145567460Z: [    4.257769] rcu: 	RCU restricting CPUs from NR_CPUS=128 to nr_cpu_ids=1.
[STDOUT  ] 2019-01-18T02:52:53.145581602Z: [    4.257929] rcu: Adjusting geometry for rcu_fanout_leaf=16, nr_cpu_ids=1
[STDOUT  ] 2019-01-18T02:52:53.145603754Z: [    4.322521] NR_IRQS: 8448, nr_irqs: 256, preallocated irqs: 16
[STDOUT  ] 2019-01-18T02:52:53.145618080Z: [    4.337389] Console: colour VGA+ 80x25
[STDOUT  ] 2019-01-18T02:52:53.145632408Z: [    4.376065] console [ttyS0] enabled
[STDOUT  ] 2019-01-18T02:52:53.145646199Z: [    4.376879] ACPI: Core revision 20180810
[STDOUT  ] 2019-01-18T02:52:53.145660649Z: [    4.385281] clocksource: hpet: mask: 0xffffffff max_cycles: 0xffffffff, max_idle_ns: 19112604467 ns
[STDOUT  ] 2019-01-18T02:52:53.145681058Z: [    4.392289] APIC: Switch to symmetric I/O mode setup
[STDOUT  ] 2019-01-18T02:52:53.145695519Z: [    4.399201] ..TIMER: vector=0x30 apic1=0 pin1=2 apic2=-1 pin2=-1
[STDOUT  ] 2019-01-18T02:52:53.145709517Z: [    4.405629] clocksource: tsc-early: mask: 0xffffffffffffffff max_cycles: 0x25795e0299a, max_idle_ns: 440795269884 ns
[STDOUT  ] 2019-01-18T02:52:53.145724065Z: [    4.408271] Calibrating delay loop (skipped), value calculated using timer frequency.. 5199.53 BogoMIPS (lpj=2599765)
[STDOUT  ] 2019-01-18T02:52:53.145738246Z: [    4.410401] pid_max: default: 32768 minimum: 301
[STDOUT  ] 2019-01-18T02:52:53.145752187Z: [    4.415097] Security Framework initialized
[STDOUT  ] 2019-01-18T02:52:53.145770026Z: [    4.415427] Yama: becoming mindful.
[STDOUT  ] 2019-01-18T02:52:53.145783989Z: [    4.418246] Mount-cache hash table entries: 2048 (order: 2, 16384 bytes)
[STDOUT  ] 2019-01-18T02:52:53.145798004Z: [    4.419030] Mountpoint-cache hash table entries: 2048 (order: 2, 16384 bytes)
[STDOUT  ] 2019-01-18T02:52:53.145812015Z: [    4.442242] Last level iTLB entries: 4KB 0, 2MB 0, 4MB 0
[STDOUT  ] 2019-01-18T02:52:53.145826421Z: [    4.442825] Last level dTLB entries: 4KB 0, 2MB 0, 4MB 0, 1GB 0
[STDOUT  ] 2019-01-18T02:52:53.145841308Z: [    4.443450] Spectre V2 : Spectre mitigation: LFENCE not serializing, switching to generic retpoline
[STDOUT  ] 2019-01-18T02:52:53.145857583Z: [    4.444332] Spectre V2 : Mitigation: Full generic retpoline
[STDOUT  ] 2019-01-18T02:52:53.145873154Z: [    4.444829] Spectre V2 : Spectre v2 / SpectreRSB mitigation: Filling RSB on context switch
[STDOUT  ] 2019-01-18T02:52:53.145889277Z: [    4.445412] Speculative Store Bypass: Vulnerable
[STDOUT  ] 2019-01-18T02:52:53.145904432Z: [    4.648704] random: fast init done
[STDOUT  ] 2019-01-18T02:52:53.145919555Z: [    4.794483] Freeing SMP alternatives memory: 20K
[STDOUT  ] 2019-01-18T02:52:53.145934972Z: [    4.820271] smpboot: CPU0: AMD QEMU Virtual CPU version 2.5+ (family: 0x6, model: 0x6, stepping: 0x3)
[STDOUT  ] 2019-01-18T02:52:53.145950432Z: [    4.829627] Performance Events: PMU not available due to virtualization, using software events only.
[STDOUT  ] 2019-01-18T02:52:53.145964880Z: [    4.833721] rcu: Hierarchical SRCU implementation.
[STDOUT  ] 2019-01-18T02:52:53.145978963Z: [    4.840101] NMI watchdog: Perf NMI watchdog permanently disabled
[STDOUT  ] 2019-01-18T02:52:53.146001931Z: [    4.845422] smp: Bringing up secondary CPUs ...
[STDOUT  ] 2019-01-18T02:52:53.146016084Z: [    4.845859] smp: Brought up 1 node, 1 CPU
[STDOUT  ] 2019-01-18T02:52:53.146030658Z: [    4.846325] smpboot: Max logical packages: 1
[STDOUT  ] 2019-01-18T02:52:53.146044891Z: [    4.846749] smpboot: Total of 1 processors activated (5199.53 BogoMIPS)
[STDOUT  ] 2019-01-18T02:52:53.146058790Z: [    4.862866] devtmpfs: initialized
[STDOUT  ] 2019-01-18T02:52:53.146072588Z: [    4.869063] x86/mm: Memory block size: 128MB
[STDOUT  ] 2019-01-18T02:52:53.146086759Z: [    4.879900] clocksource: jiffies: mask: 0xffffffff max_cycles: 0xffffffff, max_idle_ns: 1911260446275000 ns
[STDOUT  ] 2019-01-18T02:52:53.146100680Z: [    4.881334] futex hash table entries: 256 (order: 2, 16384 bytes)
[STDOUT  ] 2019-01-18T02:52:53.146115189Z: [    4.896520] NET: Registered protocol family 16
[STDOUT  ] 2019-01-18T02:52:53.146129195Z: [    4.901415] audit: initializing netlink subsys (disabled)
[STDOUT  ] 2019-01-18T02:52:53.146158228Z: [    4.906870] audit: type=2000 audit(1547779913.511:1): state=initialized audit_enabled=0 res=1
[STDOUT  ] 2019-01-18T02:52:53.146172989Z: [    4.909894] cpuidle: using governor ladder
[STDOUT  ] 2019-01-18T02:52:53.146187091Z: [    4.910442] cpuidle: using governor menu
[STDOUT  ] 2019-01-18T02:52:53.146201039Z: [    4.912900] ACPI: bus type PCI registered
[STDOUT  ] 2019-01-18T02:52:53.146215313Z: [    4.916615] PCI: MMCONFIG for domain 0000 [bus 00-ff] at [mem 0xb0000000-0xbfffffff] (base 0xb0000000)
[STDOUT  ] 2019-01-18T02:52:53.146240259Z: [    4.917512] PCI: MMCONFIG at [mem 0xb0000000-0xbfffffff] reserved in E820
[STDOUT  ] 2019-01-18T02:52:53.146301924Z: [    4.918979] PCI: Using configuration type 1 for base access
[STDOUT  ] 2019-01-18T02:52:53.146316592Z: [    4.988799] HugeTLB registered 2.00 MiB page size, pre-allocated 0 pages
[STDOUT  ] 2019-01-18T02:52:53.146330636Z: [    4.994768] cryptd: max_cpu_qlen set to 1000
[STDOUT  ] 2019-01-18T02:52:53.146345077Z: [    5.002804] ACPI: Added _OSI(Module Device)
[STDOUT  ] 2019-01-18T02:52:53.146359251Z: [    5.003323] ACPI: Added _OSI(Processor Device)
[STDOUT  ] 2019-01-18T02:52:53.146379980Z: [    5.003641] ACPI: Added _OSI(3.0 _SCP Extensions)
[STDOUT  ] 2019-01-18T02:52:53.146395086Z: [    5.003989] ACPI: Added _OSI(Processor Aggregator Device)
[STDOUT  ] 2019-01-18T02:52:53.146413974Z: [    5.004423] ACPI: Added _OSI(Linux-Dell-Video)
[STDOUT  ] 2019-01-18T02:52:53.146428480Z: [    5.004790] ACPI: Added _OSI(Linux-Lenovo-NV-HDMI-Audio)
[STDOUT  ] 2019-01-18T02:52:53.146447329Z: [    5.057153] ACPI: 1 ACPI AML tables successfully acquired and loaded
[STDOUT  ] 2019-01-18T02:52:53.146461858Z: [    5.094053] ACPI: Interpreter enabled
[STDOUT  ] 2019-01-18T02:52:53.146476491Z: [    5.095358] ACPI: (supports S0 S5)
[STDOUT  ] 2019-01-18T02:52:53.146491046Z: [    5.095806] ACPI: Using IOAPIC for interrupt routing
[STDOUT  ] 2019-01-18T02:52:53.146505034Z: [    5.098140] PCI: Using host bridge windows from ACPI; if necessary, use "pci=nocrs" and report a bug
[STDOUT  ] 2019-01-18T02:52:53.146519454Z: [    5.102271] ACPI: Enabled 2 GPEs in block 00 to 3F
[STDOUT  ] 2019-01-18T02:52:53.146533368Z: [    5.179373] ACPI: PCI Root Bridge [PCI0] (domain 0000 [bus 00-ff])
[STDOUT  ] 2019-01-18T02:52:53.146547861Z: [    5.180634] acpi PNP0A08:00: _OSC: OS supports [ExtendedConfig ASPM ClockPM Segments MSI]
[STDOUT  ] 2019-01-18T02:52:53.146562196Z: [    5.182271] acpi PNP0A08:00: _OSC: platform does not support [SHPCHotplug LTR]
[STDOUT  ] 2019-01-18T02:52:53.146576647Z: [    5.184387] acpi PNP0A08:00: _OSC: OS now controls [PCIeHotplug PME PCIeCapability]
[STDOUT  ] 2019-01-18T02:52:53.146590942Z: [    5.188964] PCI host bridge to bus 0000:00
[STDOUT  ] 2019-01-18T02:52:53.146605143Z: [    5.189527] pci_bus 0000:00: root bus resource [io  0x0000-0x0cf7 window]
[STDOUT  ] 2019-01-18T02:52:53.146619273Z: [    5.190342] pci_bus 0000:00: root bus resource [io  0x0d00-0xffff window]
[STDOUT  ] 2019-01-18T02:52:53.146633416Z: [    5.191017] pci_bus 0000:00: root bus resource [mem 0x000a0000-0x000bffff window]
[STDOUT  ] 2019-01-18T02:52:53.146647748Z: [    5.191321] pci_bus 0000:00: root bus resource [mem 0xc0000000-0xfebfffff window]
[STDOUT  ] 2019-01-18T02:52:53.146661825Z: [    5.192435] pci_bus 0000:00: root bus resource [bus 00-ff]
[STDOUT  ] 2019-01-18T02:52:53.146675750Z: [    5.254096] pci 0000:00:1f.0: quirk: [io  0x0600-0x067f] claimed by ICH6 ACPI/GPIO/TCO
[STDOUT  ] 2019-01-18T02:52:53.146690126Z: [    5.302624] ACPI: PCI Interrupt Link [LNKA] (IRQs 5 *10 11)
[STDOUT  ] 2019-01-18T02:52:53.146704388Z: [    5.305000] ACPI: PCI Interrupt Link [LNKB] (IRQs 5 *10 11)
[STDOUT  ] 2019-01-18T02:52:53.146718660Z: [    5.306970] ACPI: PCI Interrupt Link [LNKC] (IRQs 5 10 *11)
[STDOUT  ] 2019-01-18T02:52:53.146732734Z: [    5.309049] ACPI: PCI Interrupt Link [LNKD] (IRQs 5 10 *11)
[STDOUT  ] 2019-01-18T02:52:53.146746734Z: [    5.311104] ACPI: PCI Interrupt Link [LNKE] (IRQs 5 *10 11)
[STDOUT  ] 2019-01-18T02:52:53.146760855Z: [    5.313412] ACPI: PCI Interrupt Link [LNKF] (IRQs 5 *10 11)
[STDOUT  ] 2019-01-18T02:52:53.146774918Z: [    5.315427] ACPI: PCI Interrupt Link [LNKG] (IRQs 5 10 *11)
[STDOUT  ] 2019-01-18T02:52:53.146789261Z: [    5.317455] ACPI: PCI Interrupt Link [LNKH] (IRQs 5 10 *11)
[STDOUT  ] 2019-01-18T02:52:53.146803629Z: [    5.318649] ACPI: PCI Interrupt Link [GSIA] (IRQs *16)
[STDOUT  ] 2019-01-18T02:52:53.146828466Z: [    5.319525] ACPI: PCI Interrupt Link [GSIB] (IRQs *17)
[STDOUT  ] 2019-01-18T02:52:53.146842654Z: [    5.320438] ACPI: PCI Interrupt Link [GSIC] (IRQs *18)
[STDOUT  ] 2019-01-18T02:52:53.146856662Z: [    5.321354] ACPI: PCI Interrupt Link [GSID] (IRQs *19)
[STDOUT  ] 2019-01-18T02:52:53.146875746Z: [    5.322116] ACPI: PCI Interrupt Link [GSIE] (IRQs *20)
[STDOUT  ] 2019-01-18T02:52:53.146889958Z: [    5.322576] ACPI: PCI Interrupt Link [GSIF] (IRQs *21)
[STDOUT  ] 2019-01-18T02:52:53.146904380Z: [    5.324314] ACPI: PCI Interrupt Link [GSIG] (IRQs *22)
[STDOUT  ] 2019-01-18T02:52:53.146918658Z: [    5.325086] ACPI: PCI Interrupt Link [GSIH] (IRQs *23)
[STDOUT  ] 2019-01-18T02:52:53.146933061Z: [    5.335111] SCSI subsystem initialized
[STDOUT  ] 2019-01-18T02:52:53.146948998Z: [    5.338871] ACPI: bus type USB registered
[STDOUT  ] 2019-01-18T02:52:53.146963084Z: [    5.339995] usbcore: registered new interface driver usbfs
[STDOUT  ] 2019-01-18T02:52:53.146982487Z: [    5.341465] usbcore: registered new interface driver hub
[STDOUT  ] 2019-01-18T02:52:53.146996986Z: [    5.342344] usbcore: registered new device driver usb
[STDOUT  ] 2019-01-18T02:52:53.147011098Z: [    5.343601] pps_core: LinuxPPS API ver. 1 registered
[STDOUT  ] 2019-01-18T02:52:53.147025222Z: [    5.344053] pps_core: Software ver. 5.3.6 - Copyright 2005-2007 Rodolfo Giometti <giometti@linux.it>
[STDOUT  ] 2019-01-18T02:52:53.147039454Z: [    5.344445] PTP clock support registered
[STDOUT  ] 2019-01-18T02:52:53.147053455Z: [    5.348030] PCI: Using ACPI for IRQ routing
[STDOUT  ] 2019-01-18T02:52:53.147067963Z: [    5.370698] NetLabel: Initializing
[STDOUT  ] 2019-01-18T02:52:53.147082048Z: [    5.371130] NetLabel:  domain hash size = 128
[STDOUT  ] 2019-01-18T02:52:53.147096057Z: [    5.371314] NetLabel:  protocols = UNLABELED CIPSOv4 CALIPSO
[STDOUT  ] 2019-01-18T02:52:53.147121584Z: [    5.375465] NetLabel:  unlabeled traffic allowed by default
[STDOUT  ] 2019-01-18T02:52:53.147136641Z: [    5.376794] HPET: 3 timers in total, 0 timers will be used for per-cpu timer
[STDOUT  ] 2019-01-18T02:52:53.147150793Z: [    5.377595] hpet0: at MMIO 0xfed00000, IRQs 2, 8, 0
[STDOUT  ] 2019-01-18T02:52:53.147164769Z: [    5.378338] hpet0: 3 comparators, 64-bit 100.000000 MHz counter
[STDOUT  ] 2019-01-18T02:52:53.147179185Z: [    5.384006] clocksource: Switched to clocksource tsc-early
[STDOUT  ] 2019-01-18T02:52:53.147193620Z: [    5.829070] VFS: Disk quotas dquot_6.6.0
[STDOUT  ] 2019-01-18T02:52:53.147207608Z: [    5.830539] VFS: Dquot-cache hash table entries: 512 (order 0, 4096 bytes)
[STDOUT  ] 2019-01-18T02:52:53.147221702Z: [    5.834080] FS-Cache: Loaded
[STDOUT  ] 2019-01-18T02:52:53.147235745Z: [    5.841121] CacheFiles: Loaded
[STDOUT  ] 2019-01-18T02:52:53.147258994Z: [    5.842692] pnp: PnP ACPI init
[STDOUT  ] 2019-01-18T02:52:53.147278072Z: [    5.856730] pnp: PnP ACPI: found 5 devices
[STDOUT  ] 2019-01-18T02:52:53.147301150Z: [    5.907185] clocksource: acpi_pm: mask: 0xffffff max_cycles: 0xffffff, max_idle_ns: 2085701024 ns
[STDOUT  ] 2019-01-18T02:52:53.147315479Z: [    5.911305] NET: Registered protocol family 2
[STDOUT  ] 2019-01-18T02:52:53.147339766Z: [    5.923262] tcp_listen_portaddr_hash hash table entries: 512 (order: 1, 8192 bytes)
[STDOUT  ] 2019-01-18T02:52:53.147354151Z: [    5.924800] TCP established hash table entries: 8192 (order: 4, 65536 bytes)
[STDOUT  ] 2019-01-18T02:52:53.147373885Z: [    5.926112] TCP bind hash table entries: 8192 (order: 5, 131072 bytes)
[STDOUT  ] 2019-01-18T02:52:53.147398662Z: [    5.927116] TCP: Hash tables configured (established 8192 bind 8192)
[STDOUT  ] 2019-01-18T02:52:53.147413198Z: [    5.930275] UDP hash table entries: 512 (order: 2, 16384 bytes)
[STDOUT  ] 2019-01-18T02:52:53.147427359Z: [    5.931570] UDP-Lite hash table entries: 512 (order: 2, 16384 bytes)
[STDOUT  ] 2019-01-18T02:52:53.147445784Z: [    5.935168] NET: Registered protocol family 1
[STDOUT  ] 2019-01-18T02:52:53.147459874Z: [    5.936055] NET: Registered protocol family 44
[STDOUT  ] 2019-01-18T02:52:53.147483923Z: [    5.937072] pci 0000:00:01.0: Video device with shadowed ROM at [mem 0x000c0000-0x000dffff]
[STDOUT  ] 2019-01-18T02:52:53.147497990Z: [    5.948961] Trying to unpack rootfs image as initramfs...
[STDOUT  ] 2019-01-18T02:52:53.147530838Z: [   13.566662] Freeing initrd memory: 49648K
[STDOUT  ] 2019-01-18T02:52:53.147551286Z: [   13.600055] PCLMULQDQ-NI instructions are not detected.
[STDOUT  ] 2019-01-18T02:52:53.147565609Z: [   13.601947] AVX or AES-NI instructions are not detected.
[STDOUT  ] 2019-01-18T02:52:53.147579517Z: [   13.602739] CPU feature 'AVX registers' is not supported.
[STDOUT  ] 2019-01-18T02:52:53.147593824Z: [   13.603263] CPU feature 'AVX registers' is not supported.
[STDOUT  ] 2019-01-18T02:52:53.147607855Z: [   13.603959] CPU feature 'AVX registers' is not supported.
[STDOUT  ] 2019-01-18T02:52:53.147622092Z: [   13.604606] CPU feature 'AVX registers' is not supported.
[STDOUT  ] 2019-01-18T02:52:53.147641072Z: [   13.605042] AVX2 or AES-NI instructions are not detected.
[STDOUT  ] 2019-01-18T02:52:53.147655531Z: [   13.605692] AVX2 instructions are not detected.
[STDOUT  ] 2019-01-18T02:52:53.147669583Z: [   13.619941] workingset: timestamp_bits=46 max_order=18 bucket_order=0
[STDOUT  ] 2019-01-18T02:52:53.147683629Z: [   13.629034] squashfs: version 4.0 (2009/01/31) Phillip Lougher
[STDOUT  ] 2019-01-18T02:52:53.147697537Z: [   13.632801] FS-Cache: Netfs 'cifs' registered for caching
[STDOUT  ] 2019-01-18T02:52:53.147711595Z: [   13.634208] fuse init (API version 7.27)
[STDOUT  ] 2019-01-18T02:52:53.147725622Z: [   13.637310] SGI XFS with ACLs, security attributes, no debug enabled
[STDOUT  ] 2019-01-18T02:52:53.147739711Z: [   13.642870] 9p: Installing v9fs 9p2000 file system support
[STDOUT  ] 2019-01-18T02:52:53.147753683Z: [   13.643642] FS-Cache: Netfs '9p' registered for caching
[STDOUT  ] 2019-01-18T02:52:53.147767783Z: [   13.644557] pstore: using deflate compression
[STDOUT  ] 2019-01-18T02:52:53.147781988Z: [   13.701862] NET: Registered protocol family 38
[STDOUT  ] 2019-01-18T02:52:53.147796350Z: [   13.702832] Key type asymmetric registered
[STDOUT  ] 2019-01-18T02:52:53.147810360Z: [   13.703359] Asymmetric key parser 'x509' registered
[STDOUT  ] 2019-01-18T02:52:53.147824184Z: [   13.704248] Block layer SCSI generic (bsg) driver version 0.4 loaded (major 247)
[STDOUT  ] 2019-01-18T02:52:53.147838289Z: [   13.706809] io scheduler noop registered
[STDOUT  ] 2019-01-18T02:52:53.147852160Z: [   13.707251] io scheduler deadline registered (default)
[STDOUT  ] 2019-01-18T02:52:53.147866311Z: [   13.708724] io scheduler cfq registered
[STDOUT  ] 2019-01-18T02:52:53.147880351Z: [   13.709123] io scheduler mq-deadline registered (default)
[STDOUT  ] 2019-01-18T02:52:53.147894457Z: [   13.709850] io scheduler kyber registered
[STDOUT  ] 2019-01-18T02:52:53.147908747Z: [   13.713147] shpchp: Standard Hot Plug PCI Controller Driver version: 0.4
[STDOUT  ] 2019-01-18T02:52:53.147923000Z: [   13.714626] hv_vmbus: registering driver hyperv_fb
[STDOUT  ] 2019-01-18T02:52:53.147936829Z: [   13.718835] input: Power Button as /devices/LNXSYSTM:00/LNXPWRBN:00/input/input0
[STDOUT  ] 2019-01-18T02:52:53.147952146Z: [   13.722689] ACPI: Power Button [PWRF]
[STDOUT  ] 2019-01-18T02:52:53.147966223Z: [   13.746857] PCI Interrupt Link [GSIG] enabled at IRQ 22
[STDOUT  ] 2019-01-18T02:52:53.147980665Z: [   13.763631] PCI Interrupt Link [GSIH] enabled at IRQ 23
[STDOUT  ] 2019-01-18T02:52:53.147995006Z: [   13.771156] Serial: 8250/16550 driver, 4 ports, IRQ sharing disabled
[STDOUT  ] 2019-01-18T02:52:53.148009682Z: [   13.796773] 00:04: ttyS0 at I/O 0x3f8 (irq = 4, base_baud = 115200) is a 16550A
[STDOUT  ] 2019-01-18T02:52:53.148023705Z: [   13.808945] Non-volatile memory driver v1.3
[STDOUT  ] 2019-01-18T02:52:53.148037959Z: [   13.817977] Hangcheck: starting hangcheck timer 0.9.1 (tick is 180 seconds, margin is 60 seconds).
[STDOUT  ] 2019-01-18T02:52:53.148052105Z: [   13.825787] random: crng init done
[STDOUT  ] 2019-01-18T02:52:53.148066494Z: [   13.911753] brd: module loaded
[STDOUT  ] 2019-01-18T02:52:53.148080517Z: [   13.954666] loop: module loaded
[STDOUT  ] 2019-01-18T02:52:53.148094814Z: [   14.035860] lpc_ich 0000:00:1f.0: I/O space for GPIO uninitialized
[STDOUT  ] 2019-01-18T02:52:53.148108998Z: [   14.038963] VMware PVSCSI driver - version 1.0.7.0-k
[STDOUT  ] 2019-01-18T02:52:53.148137496Z: [   14.039968] hv_vmbus: registering driver hv_storvsc
[STDOUT  ] 2019-01-18T02:52:53.148151444Z: [   14.056528] PCI Interrupt Link [GSIA] enabled at IRQ 16
[STDOUT  ] 2019-01-18T02:52:53.148165757Z: [   14.065280] ahci 0000:00:1f.2: AHCI 0001.0000 32 slots 6 ports 1.5 Gbps 0x3f impl SATA mode
[STDOUT  ] 2019-01-18T02:52:53.148180086Z: [   14.066632] ahci 0000:00:1f.2: flags: 64bit ncq only 
[STDOUT  ] 2019-01-18T02:52:53.148193965Z: [   14.087356] scsi host0: ahci
[STDOUT  ] 2019-01-18T02:52:53.148208110Z: [   14.091952] scsi host1: ahci
[STDOUT  ] 2019-01-18T02:52:53.148222230Z: [   14.094593] scsi host2: ahci
[STDOUT  ] 2019-01-18T02:52:53.148241078Z: [   14.097165] scsi host3: ahci
[STDOUT  ] 2019-01-18T02:52:53.148260691Z: [   14.099859] scsi host4: ahci
[STDOUT  ] 2019-01-18T02:52:53.148284891Z: [   14.102517] scsi host5: ahci
[STDOUT  ] 2019-01-18T02:52:53.148305899Z: [   14.104168] ata1: SATA max UDMA/133 abar m4096@0xfebd2000 port 0xfebd2100 irq 24
[STDOUT  ] 2019-01-18T02:52:53.148320307Z: [   14.104967] ata2: SATA max UDMA/133 abar m4096@0xfebd2000 port 0xfebd2180 irq 24
[STDOUT  ] 2019-01-18T02:52:53.148334695Z: [   14.105655] ata3: SATA max UDMA/133 abar m4096@0xfebd2000 port 0xfebd2200 irq 24
[STDOUT  ] 2019-01-18T02:52:53.148348776Z: [   14.106163] ata4: SATA max UDMA/133 abar m4096@0xfebd2000 port 0xfebd2280 irq 24
[STDOUT  ] 2019-01-18T02:52:53.148363026Z: [   14.106863] ata5: SATA max UDMA/133 abar m4096@0xfebd2000 port 0xfebd2300 irq 24
[STDOUT  ] 2019-01-18T02:52:53.148377065Z: [   14.107571] ata6: SATA max UDMA/133 abar m4096@0xfebd2000 port 0xfebd2380 irq 24
[STDOUT  ] 2019-01-18T02:52:53.148405362Z: [   14.124695] tun: Universal TUN/TAP device driver, 1.6
[STDOUT  ] 2019-01-18T02:52:53.148424932Z: [   14.139637] VMware vmxnet3 virtual NIC driver - version 1.4.16.0-k-NAPI
[STDOUT  ] 2019-01-18T02:52:53.148444617Z: [   14.140834] hv_vmbus: registering driver hv_netvsc
[STDOUT  ] 2019-01-18T02:52:53.148459055Z: [   14.141563] Fusion MPT base driver 3.04.20
[STDOUT  ] 2019-01-18T02:52:53.148473207Z: [   14.141951] Copyright (c) 1999-2008 LSI Corporation
[STDOUT  ] 2019-01-18T02:52:53.148487434Z: [   14.142759] Fusion MPT SPI Host driver 3.04.20
[STDOUT  ] 2019-01-18T02:52:53.148501730Z: [   14.145563] i8042: PNP: PS/2 Controller [PNP0303:KBD,PNP0f13:MOU] at 0x60,0x64 irq 1,12
[STDOUT  ] 2019-01-18T02:52:53.148516386Z: [   14.151045] serio: i8042 KBD port at 0x60,0x64 irq 1
[STDOUT  ] 2019-01-18T02:52:53.148530501Z: [   14.152259] serio: i8042 AUX port at 0x60,0x64 irq 12
[STDOUT  ] 2019-01-18T02:52:53.148544705Z: [   14.155961] hv_vmbus: registering driver hyperv_keyboard
[STDOUT  ] 2019-01-18T02:52:53.148558788Z: [   14.158810] mousedev: PS/2 mouse device common for all mice
[STDOUT  ] 2019-01-18T02:52:53.148572830Z: [   14.165764] input: PC Speaker as /devices/platform/pcspkr/input/input2
[STDOUT  ] 2019-01-18T02:52:53.148587135Z: [   14.167847] input: AT Translated Set 2 keyboard as /devices/platform/i8042/serio0/input/input1
[STDOUT  ] 2019-01-18T02:52:53.148601157Z: [   14.172126] rtc_cmos 00:00: RTC can wake from S4
[STDOUT  ] 2019-01-18T02:52:53.148615246Z: [   14.179591] rtc_cmos 00:00: registered as rtc0
[STDOUT  ] 2019-01-18T02:52:53.148638325Z: [   14.180954] rtc_cmos 00:00: alarms up to one day, y3k, 114 bytes nvram, hpet irqs
[STDOUT  ] 2019-01-18T02:52:53.148652602Z: [   14.181997] i2c /dev entries driver
[STDOUT  ] 2019-01-18T02:52:53.148666465Z: [   14.184823] device-mapper: ioctl: 4.39.0-ioctl (2018-04-03) initialised: dm-devel@redhat.com
[STDOUT  ] 2019-01-18T02:52:53.148680545Z: [   14.191230] usbcore: registered new interface driver usbhid
[STDOUT  ] 2019-01-18T02:52:53.148694815Z: [   14.191897] usbhid: USB HID core driver
[STDOUT  ] 2019-01-18T02:52:53.148708883Z: [   14.192758] hv_utils: Registering HyperV Utility Driver
[STDOUT  ] 2019-01-18T02:52:53.148722954Z: [   14.193264] hv_vmbus: registering driver hv_util
[STDOUT  ] 2019-01-18T02:52:53.148737088Z: [   14.193889] hv_vmbus: registering driver hv_balloon
[STDOUT  ] 2019-01-18T02:52:53.148755490Z: [   14.194670] oprofile: using NMI interrupt.
[STDOUT  ] 2019-01-18T02:52:53.148769834Z: [   14.196222] GACT probability on
[STDOUT  ] 2019-01-18T02:52:53.148794168Z: [   14.196845] Mirror/redirect action on
[STDOUT  ] 2019-01-18T02:52:53.148808198Z: [   14.197787] Simple TC action Loaded
[STDOUT  ] 2019-01-18T02:52:53.148822146Z: [   14.198291] u32 classifier
[STDOUT  ] 2019-01-18T02:52:53.148836617Z: [   14.198722]     Performance counters on
[STDOUT  ] 2019-01-18T02:52:53.148851054Z: [   14.199034]     input device check on
[STDOUT  ] 2019-01-18T02:52:53.148864751Z: [   14.199490]     Actions configured
[STDOUT  ] 2019-01-18T02:52:53.148878725Z: [   14.214056] xt_time: kernel timezone is -0000
[STDOUT  ] 2019-01-18T02:52:53.148899077Z: [   14.215675] IPVS: Registered protocols (TCP, UDP, SCTP, AH, ESP)
[STDOUT  ] 2019-01-18T02:52:53.148913441Z: [   14.216718] IPVS: Connection hash table configured (size=4096, memory=64Kbytes)
[STDOUT  ] 2019-01-18T02:52:53.148927435Z: [   14.222315] IPVS: ipvs loaded.
[STDOUT  ] 2019-01-18T02:52:53.148942033Z: [   14.223103] IPVS: [rr] scheduler registered.
[STDOUT  ] 2019-01-18T02:52:53.148956663Z: [   14.223851] IPVS: [wrr] scheduler registered.
[STDOUT  ] 2019-01-18T02:52:53.148970738Z: [   14.224229] IPVS: [lc] scheduler registered.
[STDOUT  ] 2019-01-18T02:52:53.148984372Z: [   14.224832] IPVS: [wlc] scheduler registered.
[STDOUT  ] 2019-01-18T02:52:53.148998441Z: [   14.225216] IPVS: [fo] scheduler registered.
[STDOUT  ] 2019-01-18T02:52:53.149012669Z: [   14.225747] IPVS: [ovf] scheduler registered.
[STDOUT  ] 2019-01-18T02:52:53.149026672Z: [   14.226223] IPVS: [lblc] scheduler registered.
[STDOUT  ] 2019-01-18T02:52:53.149041136Z: [   14.226849] IPVS: [lblcr] scheduler registered.
[STDOUT  ] 2019-01-18T02:52:53.149055086Z: [   14.227257] IPVS: [dh] scheduler registered.
[STDOUT  ] 2019-01-18T02:52:53.149068888Z: [   14.227758] IPVS: [sh] scheduler registered.
[STDOUT  ] 2019-01-18T02:52:53.149082805Z: [   14.228070] IPVS: [mh] scheduler registered.
[STDOUT  ] 2019-01-18T02:52:53.149106449Z: [   14.228577] IPVS: [sed] scheduler registered.
[STDOUT  ] 2019-01-18T02:52:53.149120662Z: [   14.228904] IPVS: [nq] scheduler registered.
[STDOUT  ] 2019-01-18T02:52:53.149134702Z: [   14.229958] IPVS: ftp: loaded support on port[0] = 21
[STDOUT  ] 2019-01-18T02:52:53.149148691Z: [   14.231120] ipip: IPv4 and MPLS over IPv4 tunneling driver
[STDOUT  ] 2019-01-18T02:52:53.149162603Z: [   14.237613] gre: GRE over IPv4 demultiplexor driver
[STDOUT  ] 2019-01-18T02:52:53.149176777Z: [   14.246254] ipt_CLUSTERIP: ClusterIP Version 0.8 loaded successfully
[STDOUT  ] 2019-01-18T02:52:53.149190773Z: [   14.250622] NET: Registered protocol family 10
[STDOUT  ] 2019-01-18T02:52:53.149204881Z: [   14.264796] Segment Routing with IPv6
[STDOUT  ] 2019-01-18T02:52:53.149218790Z: [   14.276860] NET: Registered protocol family 17
[STDOUT  ] 2019-01-18T02:52:53.149232721Z: [   14.278310] Bridge firewalling registered
[STDOUT  ] 2019-01-18T02:52:53.149246530Z: [   14.281796] 8021q: 802.1Q VLAN Support v1.8
[STDOUT  ] 2019-01-18T02:52:53.149268592Z: [   14.283794] 9pnet: Installing 9P2000 support
[STDOUT  ] 2019-01-18T02:52:53.149282531Z: [   14.285925] Key type dns_resolver registered
[STDOUT  ] 2019-01-18T02:52:53.149303480Z: [   14.287749] sched_clock: Marking stable (14222706182, 64700508)->(14554962629, -267555939)
[STDOUT  ] 2019-01-18T02:52:53.149317513Z: [   14.292279] registered taskstats version 1
[STDOUT  ] 2019-01-18T02:52:53.149331306Z: [   14.423990] ata2: SATA link down (SStatus 0 SControl 300)
[STDOUT  ] 2019-01-18T02:52:53.149353871Z: [   14.426493] ata1: SATA link down (SStatus 0 SControl 300)
[STDOUT  ] 2019-01-18T02:52:53.149367865Z: [   14.428090] ata3: SATA link up 1.5 Gbps (SStatus 113 SControl 300)
[STDOUT  ] 2019-01-18T02:52:53.149382037Z: [   14.434995] ata3.00: ATAPI: QEMU DVD-ROM, 2.5+, max UDMA/100
[STDOUT  ] 2019-01-18T02:52:53.149395963Z: [   14.435725] ata3.00: applying bridge limits
[STDOUT  ] 2019-01-18T02:52:53.149409894Z: [   14.438567] ata6: SATA link down (SStatus 0 SControl 300)
[STDOUT  ] 2019-01-18T02:52:53.149428084Z: [   14.439140] ata5: SATA link down (SStatus 0 SControl 300)
[STDOUT  ] 2019-01-18T02:52:53.149455747Z: [   14.439833] ata4: SATA link down (SStatus 0 SControl 300)
[STDOUT  ] 2019-01-18T02:52:53.149469827Z: [   14.448193] ata3.00: configured for UDMA/100
[STDOUT  ] 2019-01-18T02:52:53.149483640Z: [   14.473957] scsi 2:0:0:0: CD-ROM            QEMU     QEMU DVD-ROM     2.5+ PQ: 0 ANSI: 5
[STDOUT  ] 2019-01-18T02:52:53.149506531Z: [   14.504361] sr 2:0:0:0: [sr0] scsi3-mmc drive: 4x/4x cd/rw xa/form2 tray
[STDOUT  ] 2019-01-18T02:52:53.149526119Z: [   14.505577] cdrom: Uniform CD-ROM driver Revision: 3.20
[STDOUT  ] 2019-01-18T02:52:53.149544654Z: [   14.520956] sr 2:0:0:0: Attached scsi generic sg0 type 5
[STDOUT  ] 2019-01-18T02:52:53.149558903Z: [   14.600994] tsc: Refined TSC clocksource calibration: 2599.779 MHz
[STDOUT  ] 2019-01-18T02:52:53.149572868Z: [   14.602039] clocksource: tsc: mask: 0xffffffffffffffff max_cycles: 0x25796b619e5, max_idle_ns: 440795290627 ns
[STDOUT  ] 2019-01-18T02:52:53.149587214Z: [   14.603276] clocksource: Switched to clocksource tsc
[STDOUT  ] 2019-01-18T02:52:53.149601145Z: [   14.686833] Key type big_key registered
[STDOUT  ] 2019-01-18T02:52:53.149615180Z: [   14.806885] Key type trusted registered
[STDOUT  ] 2019-01-18T02:52:53.149628882Z: [   14.936008] Key type encrypted registered
[STDOUT  ] 2019-01-18T02:52:53.149642897Z: [   14.946224] ima: No TPM chip found, activating TPM-bypass!
[STDOUT  ] 2019-01-18T02:52:53.149656914Z: [   14.947342] ima: Allocated hash algorithm: sha256
[STDOUT  ] 2019-01-18T02:52:53.149670749Z: [   14.951690] evm: Initialising EVM extended attributes:
[STDOUT  ] 2019-01-18T02:52:53.149684822Z: [   14.952257] evm: security.ima
[STDOUT  ] 2019-01-18T02:52:53.149707958Z: [   14.952713] evm: security.capability
[STDOUT  ] 2019-01-18T02:52:53.149722049Z: [   14.953061] evm: HMAC attrs: 0x1
[STDERR  ] 2019-01-18T02:52:53.144411729Z: [    0.160193] ACPI: MCFG 0x000000003FFE23C8 00003C (v01 BOCHS  BXPCMCFG 00000001 BXPC 00000001)
[STDERR  ] 2019-01-18T02:52:53.149793962Z: [    0.165594] Zone ranges:
[STDOUT  ] 2019-01-18T02:52:53.149736291Z: [   14.964651] rtc_cmos 00:00: setting system clock to 2019-01-18 02:52:04 UTC (1547779924)
[STDOUT  ] 2019-01-18T02:52:53.149905907Z: [   15.175836] Freeing unused kernel image memory: 1588K
[STDERR  ] 2019-01-18T02:52:53.149925742Z: [    0.165705]   DMA      [mem 0x0000000000001000-0x0000000000ffffff]
[STDOUT  ] 2019-01-18T02:52:53.149959445Z: [   15.178018] Write protecting the kernel read-only data: 18432k
[STDERR  ] 2019-01-18T02:52:53.149961408Z: [    0.165800]   DMA32    [mem 0x0000000001000000-0x000000003ffdefff]
[STDOUT  ] 2019-01-18T02:52:53.149980052Z: [   15.199103] Freeing unused kernel image memory: 2028K
[STDERR  ] 2019-01-18T02:52:53.149987351Z: [    0.165850]   Normal   empty
[STDERR  ] 2019-01-18T02:52:53.150012840Z: [    0.165902]   Device   empty
[STDERR  ] 2019-01-18T02:52:53.150034859Z: [    0.165948] Movable zone start for each node
[STDERR  ] 2019-01-18T02:52:53.150056096Z: [    0.166012] Early memory node ranges
[STDERR  ] 2019-01-18T02:52:53.150075848Z: [    0.166074]   node   0: [mem 0x0000000000001000-0x000000000009efff]
[STDERR  ] 2019-01-18T02:52:53.150095747Z: [    0.166116]   node   0: [mem 0x0000000000100000-0x000000003ffdefff]
[STDERR  ] 2019-01-18T02:52:53.150115593Z: [    0.166993] Reserved but unavailable: 98 pages
[STDERR  ] 2019-01-18T02:52:53.150139694Z: [    0.167220] Initmem setup node 0 [mem 0x0000000000001000-0x000000003ffdefff]
[STDOUT  ] 2019-01-18T02:52:53.149996771Z: [   15.206524] Freeing unused kernel image memory: 1044K
[STDOUT  ] 2019-01-18T02:52:53.150226403Z: [   15.207660] Run /init as init process
[STDOUT  ] 2019-01-18T02:52:53.150354717Z: 
[STDOUT  ] 2019-01-18T02:52:53.150369648Z: Welcome to LinuxKit
[STDOUT  ] 2019-01-18T02:52:53.150393251Z: 
[STDOUT  ] 2019-01-18T02:52:53.150407445Z:                         ##         .
[STDOUT  ] 2019-01-18T02:52:53.150441125Z:                   ## ## ##        ==
[STDOUT  ] 2019-01-18T02:52:53.150466591Z:                ## ## ## ## ##    ===
[STDOUT  ] 2019-01-18T02:52:53.150481119Z:            /"""""""""""""""""\___/ ===
[STDOUT  ] 2019-01-18T02:52:53.150495606Z:           {                       /  ===-
[STDOUT  ] 2019-01-18T02:52:53.150516253Z:            \______ O           __/
[STDOUT  ] 2019-01-18T02:52:53.150530786Z:              \    \         __/
[STDOUT  ] 2019-01-18T02:52:53.150544905Z:               \____\_______/
[STDOUT  ] 2019-01-18T02:52:53.150558716Z: 
[STDOUT  ] 2019-01-18T02:52:53.150637922Z: [34mINFO[0m[2019-01-18T02:52:24.735028750Z] starting containerd                           [34mrevision[0m=9754871865f7fe2f4e74d43e2fc7ccd237edcbce [34mversion[0m=v1.2.2
[STDOUT  ] 2019-01-18T02:52:53.150693996Z: [34mINFO[0m[2019-01-18T02:52:24.760613429Z] loading plugin "io.containerd.content.v1.content"...  [34mtype[0m=io.containerd.content.v1
[STDOUT  ] 2019-01-18T02:52:53.150727998Z: [34mINFO[0m[2019-01-18T02:52:24.767066185Z] loading plugin "io.containerd.snapshotter.v1.btrfs"...  [34mtype[0m=io.containerd.snapshotter.v1
[STDOUT  ] 2019-01-18T02:52:53.150752000Z: [33mWARN[0m[2019-01-18T02:52:24.779341053Z] failed to load plugin io.containerd.snapshotter.v1.btrfs  [33merror[0m="path /var/lib/containerd/io.containerd.snapshotter.v1.btrfs must be a btrfs filesystem to be used with the btrfs snapshotter"
[STDOUT  ] 2019-01-18T02:52:53.150789576Z: [34mINFO[0m[2019-01-18T02:52:24.782505320Z] loading plugin "io.containerd.snapshotter.v1.aufs"...  [34mtype[0m=io.containerd.snapshotter.v1
[STDOUT  ] 2019-01-18T02:52:53.150814252Z: [33mWARN[0m[2019-01-18T02:52:24.881947802Z] failed to load plugin io.containerd.snapshotter.v1.aufs  [33merror[0m="modprobe aufs failed: "modprobe: module aufs not found in modules.dep\n": exit status 1"
[STDOUT  ] 2019-01-18T02:52:53.150843548Z: [34mINFO[0m[2019-01-18T02:52:24.896819706Z] loading plugin "io.containerd.snapshotter.v1.native"...  [34mtype[0m=io.containerd.snapshotter.v1
[STDOUT  ] 2019-01-18T02:52:53.150858724Z: [34mINFO[0m[2019-01-18T02:52:24.915957345Z] loading plugin "io.containerd.snapshotter.v1.overlayfs"...  [34mtype[0m=io.containerd.snapshotter.v1
[STDOUT  ] 2019-01-18T02:52:53.150873222Z: [34mINFO[0m[2019-01-18T02:52:24.927693745Z] loading plugin "io.containerd.snapshotter.v1.zfs"...  [34mtype[0m=io.containerd.snapshotter.v1
[STDOUT  ] 2019-01-18T02:52:53.150902102Z: [33mWARN[0m[2019-01-18T02:52:24.937921246Z] failed to load plugin io.containerd.snapshotter.v1.zfs  [33merror[0m="path /var/lib/containerd/io.containerd.snapshotter.v1.zfs must be a zfs filesystem to be used with the zfs snapshotter"
[STDOUT  ] 2019-01-18T02:52:53.150927435Z: [34mINFO[0m[2019-01-18T02:52:24.941109576Z] loading plugin "io.containerd.metadata.v1.bolt"...  [34mtype[0m=io.containerd.metadata.v1
[STDOUT  ] 2019-01-18T02:52:53.150942422Z: [33mWARN[0m[2019-01-18T02:52:24.945087272Z] could not use snapshotter btrfs in metadata plugin  [33merror[0m="path /var/lib/containerd/io.containerd.snapshotter.v1.btrfs must be a btrfs filesystem to be used with the btrfs snapshotter"
[STDOUT  ] 2019-01-18T02:52:53.150957119Z: [33mWARN[0m[2019-01-18T02:52:24.948868114Z] could not use snapshotter aufs in metadata plugin  [33merror[0m="modprobe aufs failed: "modprobe: module aufs not found in modules.dep\n": exit status 1"
[STDOUT  ] 2019-01-18T02:52:53.150972016Z: [33mWARN[0m[2019-01-18T02:52:24.951569199Z] could not use snapshotter zfs in metadata plugin  [33merror[0m="path /var/lib/containerd/io.containerd.snapshotter.v1.zfs must be a zfs filesystem to be used with the zfs snapshotter"
[STDOUT  ] 2019-01-18T02:52:53.151018490Z: [34mINFO[0m[2019-01-18T02:52:24.976000505Z] loading plugin "io.containerd.differ.v1.walking"...  [34mtype[0m=io.containerd.differ.v1
[STDOUT  ] 2019-01-18T02:52:53.151034081Z: [34mINFO[0m[2019-01-18T02:52:24.979011376Z] loading plugin "io.containerd.gc.v1.scheduler"...  [34mtype[0m=io.containerd.gc.v1
[STDOUT  ] 2019-01-18T02:52:53.151049614Z: [34mINFO[0m[2019-01-18T02:52:24.984531346Z] loading plugin "io.containerd.service.v1.containers-service"...  [34mtype[0m=io.containerd.service.v1
[STDOUT  ] 2019-01-18T02:52:53.151070845Z: [34mINFO[0m[2019-01-18T02:52:24.987291795Z] loading plugin "io.containerd.service.v1.content-service"...  [34mtype[0m=io.containerd.service.v1
[STDOUT  ] 2019-01-18T02:52:53.151096003Z: [34mINFO[0m[2019-01-18T02:52:24.989721505Z] loading plugin "io.containerd.service.v1.diff-service"...  [34mtype[0m=io.containerd.service.v1
[STDOUT  ] 2019-01-18T02:52:53.151116749Z: [34mINFO[0m[2019-01-18T02:52:24.991950771Z] loading plugin "io.containerd.service.v1.images-service"...  [34mtype[0m=io.containerd.service.v1
[STDOUT  ] 2019-01-18T02:52:53.151147987Z: [34mINFO[0m[2019-01-18T02:52:24.994479278Z] loading plugin "io.containerd.service.v1.leases-service"...  [34mtype[0m=io.containerd.service.v1
[STDOUT  ] 2019-01-18T02:52:53.151175363Z: [34mINFO[0m[2019-01-18T02:52:24.998987811Z] loading plugin "io.containerd.service.v1.namespaces-service"...  [34mtype[0m=io.containerd.service.v1
[STDOUT  ] 2019-01-18T02:52:53.151190585Z: [34mINFO[0m[2019-01-18T02:52:25.001772632Z] loading plugin "io.containerd.service.v1.snapshots-service"...  [34mtype[0m=io.containerd.service.v1
[STDOUT  ] 2019-01-18T02:52:53.151205682Z: [34mINFO[0m[2019-01-18T02:52:25.004454606Z] loading plugin "io.containerd.runtime.v1.linux"...  [34mtype[0m=io.containerd.runtime.v1
[STDOUT  ] 2019-01-18T02:52:53.151220333Z: [34mINFO[0m[2019-01-18T02:52:25.009589195Z] loading plugin "io.containerd.runtime.v2.task"...  [34mtype[0m=io.containerd.runtime.v2
[STDOUT  ] 2019-01-18T02:52:53.151234885Z: [34mINFO[0m[2019-01-18T02:52:25.014825901Z] loading plugin "io.containerd.monitor.v1.cgroups"...  [34mtype[0m=io.containerd.monitor.v1
[STDOUT  ] 2019-01-18T02:52:53.151249361Z: [34mINFO[0m[2019-01-18T02:52:25.054825764Z] loading plugin "io.containerd.service.v1.tasks-service"...  [34mtype[0m=io.containerd.service.v1
[STDOUT  ] 2019-01-18T02:52:53.151268221Z: [34mINFO[0m[2019-01-18T02:52:25.068456638Z] loading plugin "io.containerd.internal.v1.restart"...  [34mtype[0m=io.containerd.internal.v1
[STDOUT  ] 2019-01-18T02:52:53.151282690Z: [34mINFO[0m[2019-01-18T02:52:25.095086902Z] loading plugin "io.containerd.grpc.v1.containers"...  [34mtype[0m=io.containerd.grpc.v1
[STDOUT  ] 2019-01-18T02:52:53.151312714Z: [34mINFO[0m[2019-01-18T02:52:25.097935611Z] loading plugin "io.containerd.grpc.v1.content"...  [34mtype[0m=io.containerd.grpc.v1
[STDOUT  ] 2019-01-18T02:52:53.151331035Z: [34mINFO[0m[2019-01-18T02:52:25.100825188Z] loading plugin "io.containerd.grpc.v1.diff"...  [34mtype[0m=io.containerd.grpc.v1
[STDOUT  ] 2019-01-18T02:52:53.151346278Z: [34mINFO[0m[2019-01-18T02:52:25.102960236Z] loading plugin "io.containerd.grpc.v1.events"...  [34mtype[0m=io.containerd.grpc.v1
[STDOUT  ] 2019-01-18T02:52:53.151360638Z: [34mINFO[0m[2019-01-18T02:52:25.105153189Z] loading plugin "io.containerd.grpc.v1.healthcheck"...  [34mtype[0m=io.containerd.grpc.v1
[STDOUT  ] 2019-01-18T02:52:53.151377854Z: [34mINFO[0m[2019-01-18T02:52:25.107464645Z] loading plugin "io.containerd.grpc.v1.images"...  [34mtype[0m=io.containerd.grpc.v1
[STDOUT  ] 2019-01-18T02:52:53.151392220Z: [34mINFO[0m[2019-01-18T02:52:25.109636345Z] loading plugin "io.containerd.grpc.v1.leases"...  [34mtype[0m=io.containerd.grpc.v1
[STDOUT  ] 2019-01-18T02:52:53.151409664Z: [34mINFO[0m[2019-01-18T02:52:25.111658439Z] loading plugin "io.containerd.grpc.v1.namespaces"...  [34mtype[0m=io.containerd.grpc.v1
[STDOUT  ] 2019-01-18T02:52:53.151424732Z: [34mINFO[0m[2019-01-18T02:52:25.113738622Z] loading plugin "io.containerd.internal.v1.opt"...  [34mtype[0m=io.containerd.internal.v1
[STDOUT  ] 2019-01-18T02:52:53.151462781Z: [33mWARN[0m[2019-01-18T02:52:25.117669026Z] failed to load plugin io.containerd.internal.v1.opt  [33merror[0m="mkdir /opt: read-only file system"
[STDOUT  ] 2019-01-18T02:52:53.151480257Z: [34mINFO[0m[2019-01-18T02:52:25.120012493Z] loading plugin "io.containerd.grpc.v1.snapshots"...  [34mtype[0m=io.containerd.grpc.v1
[STDOUT  ] 2019-01-18T02:52:53.151498861Z: [34mINFO[0m[2019-01-18T02:52:25.122693033Z] loading plugin "io.containerd.grpc.v1.tasks"...  [34mtype[0m=io.containerd.grpc.v1
[STDOUT  ] 2019-01-18T02:52:53.151514278Z: [34mINFO[0m[2019-01-18T02:52:25.124801142Z] loading plugin "io.containerd.grpc.v1.version"...  [34mtype[0m=io.containerd.grpc.v1
[STDOUT  ] 2019-01-18T02:52:53.151532127Z: [34mINFO[0m[2019-01-18T02:52:25.127084646Z] loading plugin "io.containerd.grpc.v1.introspection"...  [34mtype[0m=io.containerd.grpc.v1
[STDOUT  ] 2019-01-18T02:52:53.151549639Z: [34mINFO[0m[2019-01-18T02:52:25.157690412Z] serving...                                    [34maddress[0m="/run/containerd/debug.sock"
[STDOUT  ] 2019-01-18T02:52:53.151609392Z: [34mINFO[0m[2019-01-18T02:52:25.162088813Z] serving...                                    [34maddress[0m="/run/containerd/containerd.sock"
[STDOUT  ] 2019-01-18T02:52:53.151625767Z: [34mINFO[0m[2019-01-18T02:52:25.166093667Z] containerd successfully booted in 0.478582s  
[STDOUT  ] 2019-01-18T02:52:53.151640397Z: [34mINFO[0m[2019-01-18T02:52:26.302120013Z] shim containerd-shim started                  [34maddress[0m="/containerd-shim/services.linuxkit/check-the-logs/shim.sock" [34mdebug[0m=false [34mpid[0m=271
[STDOUT  ] 2019-01-18T02:52:53.151658781Z: [34mINFO[0m[2019-01-18T02:52:32.019818322Z] shim containerd-shim started                  [34maddress[0m="/containerd-shim/services.linuxkit/fill-the-logs/shim.sock" [34mdebug[0m=false [34mpid[0m=316
