[INFO    ] 2019-06-19T05:21:43.560580555Z: Running Test linuxkit.kernel.config_4.19.x in /tmp/build/test/cases/020_kernel/005_config_4.19.x
[STDERR  ] 2019-06-19T05:21:43.560648772Z:       - [37mCONFIG_XFRM_ALGO[m: [32menabled (as module)[m
[STDERR  ] 2019-06-19T05:21:43.560668917Z:       - [37mCONFIG_INET_ESP[m: [32menabled (as module)[m
[STDERR  ] 2019-06-19T05:21:43.560683778Z:       - [37mCONFIG_INET_XFRM_MODE_TRANSPORT[m: [32menabled (as module)[m
[STDERR  ] 2019-06-19T05:21:43.560716214Z:   - "[34mipvlan[m":
[STDERR  ] 2019-06-19T05:21:43.560730459Z:     - [37mCONFIG_IPVLAN[m: [32menabled[m
[INFO    ] 2019-06-19T05:21:43.560742074Z: Running command: [/bin/sh -x /tmp/build/test/cases/020_kernel/005_config_4.19.x/test.sh]
[STDERR  ] 2019-06-19T05:21:43.560748965Z:   - "[34mmacvlan[m":
[STDERR  ] 2019-06-19T05:21:43.560762699Z:     - [37mCONFIG_MACVLAN[m: [32menabled[m
[STDERR  ] 2019-06-19T05:21:43.560775360Z:     - [37mCONFIG_DUMMY[m: [32menabled (as module)[m
[STDERR  ] 2019-06-19T05:21:43.560788827Z:   - "[34mftp,tftp client in container[m":
[STDERR  ] 2019-06-19T05:21:43.560809086Z:     - [37mCONFIG_NF_NAT_FTP[m: [32menabled[m
[STDERR  ] 2019-06-19T05:21:43.560822251Z:     - [37mCONFIG_NF_CONNTRACK_FTP[m: [32menabled[m
[STDERR  ] 2019-06-19T05:21:43.560835374Z:     - [37mCONFIG_NF_NAT_TFTP[m: [32menabled[m
[STDERR  ] 2019-06-19T05:21:43.560847983Z:     - [37mCONFIG_NF_CONNTRACK_TFTP[m: [32menabled[m
[STDERR  ] 2019-06-19T05:21:43.560861120Z: - Storage Drivers:
[STDERR  ] 2019-06-19T05:21:43.560874423Z:   - "[34maufs[m":
[STDERR  ] 2019-06-19T05:21:43.560887370Z:     - [1mCONFIG_AUFS_FS[m: [1;31mmissing[m
[STDERR  ] 2019-06-19T05:21:43.560900392Z:   - "[34mbtrfs[m":
[STDERR  ] 2019-06-19T05:21:43.560913403Z:     - [37mCONFIG_BTRFS_FS[m: [32menabled (as module)[m
[STDERR  ] 2019-06-19T05:21:43.560927200Z:     - [37mCONFIG_BTRFS_FS_POSIX_ACL[m: [32menabled[m
[STDERR  ] 2019-06-19T05:21:43.560948156Z:   - "[34mdevicemapper[m":
[STDERR  ] 2019-06-19T05:21:43.560962305Z:     - [37mCONFIG_BLK_DEV_DM[m: [32menabled[m
[STDERR  ] 2019-06-19T05:21:43.560975201Z:     - [37mCONFIG_DM_THIN_PROVISIONING[m: [32menabled[m
[STDERR  ] 2019-06-19T05:21:43.560987663Z:   - "[34moverlay[m":
[STDERR  ] 2019-06-19T05:21:43.561000667Z:     - [37mCONFIG_OVERLAY_FS[m: [32menabled[m
[STDERR  ] 2019-06-19T05:21:43.561017429Z:   - "[34mzfs[m":
[STDERR  ] 2019-06-19T05:21:43.561037096Z:     - [1m/dev/zfs[m: [1;31mmissing[m
[STDERR  ] 2019-06-19T05:21:43.561057674Z:     - [1mzfs command[m: [1;31mmissing[m
[STDERR  ] 2019-06-19T05:21:43.561070363Z:     - [1mzpool command[m: [1;31mmissing[m
[STDERR  ] 2019-06-19T05:21:43.561082942Z: 
[STDERR  ] 2019-06-19T05:21:43.561120933Z: Limits:
[STDERR  ] 2019-06-19T05:21:43.561133441Z: [37m- /proc/sys/kernel/keys/root_maxkeys[m: [32m1000000[m
[STDERR  ] 2019-06-19T05:21:43.561146324Z: 
[STDERR  ] 2019-06-19T05:21:43.561159193Z: Kernel config test suite PASSED
[STDERR  ] 2019-06-19T05:21:43.561172514Z: [    7.550692] ACPI: Preparing to enter system sleep state S5
[STDERR  ] 2019-06-19T05:21:43.561194137Z: [    7.556356] reboot: Power down
[STDERR  ] 2019-06-19T05:21:43.561223475Z: + grep -q suite PASSED
[STDERR  ] 2019-06-19T05:21:43.561249374Z: + echo [    0.000000] Linux version 4.14.126-linuxkit (root@886a72b655ff) (gcc version 8.3.0 (Alpine 8.3.0)) #1 SMP Mon Jun 17 09:07:35 UTC 2019
[STDERR  ] 2019-06-19T05:21:43.561263172Z: [    0.000000] Command line: console=ttyS0 console=ttyAMA0
[STDERR  ] 2019-06-19T05:21:43.561275469Z: [    0.000000] x86/fpu: x87 FPU will use FXSAVE
[STDERR  ] 2019-06-19T05:21:43.561288207Z: [    0.000000] e820: BIOS-provided physical RAM map:
[STDERR  ] 2019-06-19T05:21:43.561301141Z: [    0.000000] BIOS-e820: [mem 0x0000000000000000-0x000000000009fbff] usable
[STDERR  ] 2019-06-19T05:21:43.561314165Z: [    0.000000] BIOS-e820: [mem 0x000000000009fc00-0x000000000009ffff] reserved
[STDERR  ] 2019-06-19T05:21:43.561351148Z: [   
[STDERR  ] 2019-06-19T05:21:43.582522167Z: + set -e
[STDERR  ] 2019-06-19T05:21:43.582617419Z: + . /tmp/build/test/cases/_lib/lib.sh
[STDERR  ] 2019-06-19T05:21:43.582662306Z: + [ -f src/github.com/linuxkit/rtf/lib/lib.sh ]
[STDERR  ] 2019-06-19T05:21:43.582677764Z: + LINUXKIT_TMPDIR=/tmp/build/test/cases/_tmp
[STDERR  ] 2019-06-19T05:21:43.582690996Z: + [ -f /tmp/build/test/cases/_tmp/env.sh ]
[STDERR  ] 2019-06-19T05:21:43.582703922Z: + . /tmp/build/test/cases/_tmp/env.sh
[STDERR  ] 2019-06-19T05:21:43.582717473Z: + export LINUXKIT_EXAMPLES_DIR=/tmp/build/test/cases/../../examples
[STDERR  ] 2019-06-19T05:21:43.582868170Z: + RT_CANCEL=253
[STDERR  ] 2019-06-19T05:21:43.582894579Z: + NAME=kconfig
[STDERR  ] 2019-06-19T05:21:43.582908288Z: + trap clean_up EXIT
[STDERR  ] 2019-06-19T05:21:43.582921149Z: + linuxkit build -format kernel+initrd -name kconfig test.yml
[STDERR  ] 2019-06-19T05:21:43.616908968Z: Extract kernel image: linuxkit/kernel:4.19.51
[STDERR  ] 2019-06-19T05:21:45.448351873Z: Add init containers:
[STDERR  ] 2019-06-19T05:21:45.448413692Z: Process init image: linuxkit/init:v0.7
[STDERR  ] 2019-06-19T05:21:46.634520842Z: Process init image: linuxkit/runc:c1f0db27e71d948f3134b31ce76276f843849b0a
[STDERR  ] 2019-06-19T05:21:47.756600015Z: Add onboot containers:
[STDERR  ] 2019-06-19T05:21:47.756678647Z:   Create OCI config for linuxkit/test-kernel-config:0e9308f871ac86c680d64836a050547a2feebb36
[STDERR  ] 2019-06-19T05:21:49.101770556Z:   Create OCI config for linuxkit/poweroff:b498d30dd9660090565537fceb9e757618737a85
[STDERR  ] 2019-06-19T05:21:50.251899342Z: Create outputs:
[STDERR  ] 2019-06-19T05:21:56.349041188Z:   kconfig-kernel kconfig-initrd.img kconfig-cmdline
[STDERR  ] 2019-06-19T05:21:56.413432075Z: + linuxkit run kconfig
[STDERR  ] 2019-06-19T05:22:05.916860512Z: + RESULT=[    0.000000] Linux version 4.19.51-linuxkit (root@5e22f1a454b5) (gcc version 8.3.0 (Alpine 8.3.0)) #1 SMP Mon Jun 17 08:07:30 UTC 2019
[STDERR  ] 2019-06-19T05:22:05.916937808Z: [    0.000000] Command line: console=ttyS0 console=ttyAMA0
[STDERR  ] 2019-06-19T05:22:05.916955731Z: [    0.000000] x86/fpu: x87 FPU will use FXSAVE
[STDERR  ] 2019-06-19T05:22:05.916968851Z: [    0.000000] BIOS-provided physical RAM map:
[STDERR  ] 2019-06-19T05:22:05.916983385Z: [    0.000000] BIOS-e820: [mem 0x0000000000000000-0x000000000009fbff] usable
[STDERR  ] 2019-06-19T05:22:05.916998613Z: [    0.000000] BIOS-e820: [mem 0x000000000009fc00-0x000000000009ffff] reserved
[STDERR  ] 2019-06-19T05:22:05.917012136Z: [    0.000000] BIOS-e820: [mem 0x00000000000f0000-0x00000000000fffff] reserved
[STDERR  ] 2019-06-19T05:22:05.917025510Z: [    0.000000] BIOS-e820: [mem 0x0000000000100000-0x000000003ffdefff] usable
[STDERR  ] 2019-06-19T05:22:05.917039184Z: [    0.000000] BIOS-e820: [mem 0x000000003ffdf000-0x000000003fffffff] reserved
[STDERR  ] 2019-06-19T05:22:05.917068011Z: [    0.000000] BIOS-e820: [mem 0x00000000b0000000-0x00000000bfffffff] reserved
[STDERR  ] 2019-06-19T05:22:05.917082462Z: [    0.000000] BIOS-e820: [mem 0x00000000fed1c000-0x00000000fed1ffff] reserved
[STDERR  ] 2019-06-19T05:22:05.917095197Z: [    0.000000] BIOS-e820: [mem 0x00000000feffc000-0x00000000feffffff] reserved
[STDERR  ] 2019-06-19T05:22:05.917110493Z: [    0.000000] BIOS-e820: [mem 0x00000000fffc0000-0x00000000ffffffff] reserved
[STDERR  ] 2019-06-19T05:22:05.917123974Z: [    0.000000] NX (Execute Disable) protection: active
[STDERR  ] 2019-06-19T05:22:05.917136770Z: [    0.000000] SMBIOS 2.8 present.
[STDERR  ] 2019-06-19T05:22:05.917148756Z: [    0.000000] DMI: QEMU Standard PC (Q35 + ICH9, 2009), BIOS 1.10.2-1 04/01/2014
[STDERR  ] 2019-06-19T05:22:05.917161149Z: [    0.000000] Hypervisor detected: KVM
[STDERR  ] 2019-06-19T05:22:05.917173083Z: [    0.000000] kvm-clock: Using msrs 4b564d01 and 4b564d00
[STDERR  ] 2019-06-19T05:22:05.917186371Z: [    0.555219] kvm-clock: cpu 0, msr 1981e001, primary cpu clock
[STDERR  ] 2019-06-19T05:22:05.917198247Z: [    0.555219] clocksource: kvm-clock: mask: 0xffffffffffffffff max_cycles: 0x1cd42e4dffb, max_idle_ns: 881590591483 ns
[STDERR  ] 2019-06-19T05:22:05.917216422Z: [    0.555228] tsc: Detected 2299.804 MHz processor
[STDERR  ] 2019-06-19T05:22:05.917241262Z: [    0.558595] last_pfn = 0x3ffdf max_arch_pfn = 0x400000000
[STDERR  ] 2019-06-19T05:22:05.917254093Z: [    0.559227] x86/PAT: PAT not supported by CPU.
[STDERR  ] 2019-06-19T05:22:05.917267378Z: [    0.559287] x86/PAT: Configuration [0-7]: WB  WT  UC- UC  WB  WT  UC- UC  
[STDERR  ] 2019-06-19T05:22:05.917281143Z: [    0.569812] found SMP MP-table at [mem 0x000f6a90-0x000f6a9f]
[STDERR  ] 2019-06-19T05:22:05.917294792Z: [    0.570200] RAMDISK: [mem 0x3e008000-0x3ffcffff]
[STDERR  ] 2019-06-19T05:22:05.917308815Z: [    0.570430] ACPI: Early table checksum verification disabled
[STDERR  ] 2019-06-19T05:22:05.917321581Z: [    0.570561] ACPI: RSDP 0x00000000000F68D0 000014 (v00 BOCHS )
[STDERR  ] 2019-06-19T05:22:05.917333720Z: [    0.570570] ACPI: RSDT 0x000000003FFE2404 000034 (v01 BOCHS  BXPCRSDT 00000001 BXPC 00000001)
[STDERR  ] 2019-06-19T05:22:05.917348451Z: [    0.570577] ACPI: FACP 0x000000003FFE22A4 000074 (v01 BOCHS  BXPCFACP 00000001 BXPC 00000001)
[STDERR  ] 2019-06-19T05:22:05.917361146Z: [    0.570585] ACPI: DSDT 0x000000003FFE0040 002264 (v01 BOCHS  BXPCDSDT 00000001 BXPC 00000001)
[STDERR  ] 2019-06-19T05:22:05.917377013Z: [    0.570589] ACPI: FACS 0x000000003FFE0000 000040
[STDERR  ] 2019-06-19T05:22:05.917391189Z: [    0.570593] ACPI: APIC 0x000000003FFE2318 000078 (v01 BOCHS  BXPCAPIC 00000001 BXPC 00000001)
[STDERR  ] 2019-06-19T05:22:05.917404845Z: [    0.570597] ACPI: HPET 0x000000003FFE2390 000038 (v01 BOCHS  BXPCHPET 00000001 BXPC 00000001)
[STDERR  ] 2019-06-19T05:22:05.917429481Z: [    0.570600] ACPI: MCFG 0x000000003FFE23C8 00003C (v01 BOCHS  BXPCMCFG 00000001 BXPC 00000001)
[STDERR  ] 2019-06-19T05:22:05.917442818Z: [    0.571335] Zone ranges:
[STDERR  ] 2019-06-19T05:22:05.917456774Z: [    0.571337]   DMA      [mem 0x0000000000001000-0x0000000000ffffff]
[STDERR  ] 2019-06-19T05:22:05.917470359Z: [    0.571339]   DMA32    [mem 0x0000000001000000-0x000000003ffdefff]
[STDERR  ] 2019-06-19T05:22:05.917487486Z: [    0.571341]   Normal   empty
[STDERR  ] 2019-06-19T05:22:05.917499909Z: [    0.571342]   Device   empty
[STDERR  ] 2019-06-19T05:22:05.917512874Z: [    0.571343] Movable zone start for each node
[STDERR  ] 2019-06-19T05:22:05.917530417Z: [    0.571344] Early memory node ranges
[STDERR  ] 2019-06-19T05:22:05.917543211Z: [    0.571346]   node   0: [mem 0x0000000000001000-0x000000000009efff]
[STDERR  ] 2019-06-19T05:22:05.917560303Z: [    0.571347]   node   0: [mem 0x0000000000100000-0x000000003ffdefff]
[STDERR  ] 2019-06-19T05:22:05.917572967Z: [    0.571859] Reserved but unavailable: 98 pages
[STDERR  ] 2019-06-19T05:22:05.917588876Z: [    0.571861] Initmem setup node 0 [mem 0x0000000000001000-0x000000003ffdefff]
[STDERR  ] 2019-06-19T05:22:05.917617659Z: [    0.583711] ACPI: PM-Timer IO Port: 0x608
[STDERR  ] 2019-06-19T05:22:05.917632663Z: [    0.583759] ACPI: LAPIC_NMI (acpi_id[0xff] dfl dfl lint[0x1])
[STDERR  ] 2019-06-19T05:22:05.917650869Z: [    0.584021] IOAPIC[0]: apic_id 0, version 17, address 0xfec00000, GSI 0-23
[STDERR  ] 2019-06-19T05:22:05.917663808Z: [    0.584025] ACPI: INT_SRC_OVR (bus 0 bus_irq 0 global_irq 2 dfl dfl)
[STDERR  ] 2019-06-19T05:22:05.917683379Z: [    0.584028] ACPI: INT_SRC_OVR (bus 0 bus_irq 5 global_irq 5 high level)
[STDERR  ] 2019-06-19T05:22:05.917697247Z: [    0.584029] ACPI: INT_SRC_OVR (bus 0 bus_irq 9 global_irq 9 high level)
[STDERR  ] 2019-06-19T05:22:05.917710119Z: [    0.584031] ACPI: INT_SRC_OVR (bus 0 bus_irq 10 global_irq 10 high level)
[STDERR  ] 2019-06-19T05:22:05.917726314Z: [    0.584032] ACPI: INT_SRC_OVR (bus 0 bus_irq 11 global_irq 11 high level)
[STDERR  ] 2019-06-19T05:22:05.917738707Z: [    0.584039] Using ACPI (MADT) for SMP configuration information
[STDERR  ] 2019-06-19T05:22:05.917762742Z: [    0.584041] ACPI: HPET id: 0x8086a201 base: 0xfed00000
[STDERR  ] 2019-06-19T05:22:05.917777193Z: [    0.584084] smpboot: Allowing 1 CPUs, 0 hotplug CPUs
[STDERR  ] 2019-06-19T05:22:05.917790381Z: [    0.584204] [mem 0x40000000-0xafffffff] available for PCI devices
[STDERR  ] 2019-06-19T05:22:05.917812683Z: [    0.584205] Booting paravirtualized kernel on KVM
[STDERR  ] 2019-06-19T05:22:05.917831214Z: [    0.584208] clocksource: refined-jiffies: mask: 0xffffffff max_cycles: 0xffffffff, max_idle_ns: 1910969940391419 ns
[STDERR  ] 2019-06-19T05:22:05.917844366Z: [    0.686891] random: get_random_bytes called from start_kernel+0x91/0x512 with crng_init=0
[STDERR  ] 2019-06-19T05:22:05.917860780Z: [    0.686906] setup_percpu: NR_CPUS:128 nr_cpumask_bits:128 nr_cpu_ids:1 nr_node_ids:1
[STDERR  ] 2019-06-19T05:22:05.917877606Z: [    0.687668] percpu: Embedded 45 pages/cpu s145112 r8192 d31016 u2097152
[STDERR  ] 2019-06-19T05:22:05.917890828Z: [    0.687771] KVM setup async PF for cpu 0
[STDERR  ] 2019-06-19T05:22:05.917903431Z: [    0.687824] kvm-stealtime: cpu 0, msr 3cc15e80
[STDERR  ] 2019-06-19T05:22:05.917922357Z: [    0.687854] Built 1 zonelists, mobility grouping on.  Total pages: 257896
[STDERR  ] 2019-06-19T05:22:05.917934497Z: [    0.687857] Kernel command line: console=ttyS0 console=ttyAMA0
[STDERR  ] 2019-06-19T05:22:05.917951016Z: [    0.688001] Dentry cache hash table entries: 131072 (order: 8, 1048576 bytes)
[STDERR  ] 2019-06-19T05:22:05.917963223Z: [    0.688026] Inode-cache hash table entries: 65536 (order: 7, 524288 bytes)
[STDERR  ] 2019-06-19T05:22:05.917982030Z: [    0.691707] Memory: 968564K/1048052K available (12300K kernel code, 1583K rwdata, 3012K rodata, 1588K init, 2020K bss, 79488K reserved, 0K cma-reserved)
[STDERR  ] 2019-06-19T05:22:05.918005401Z: [    0.692459] Kernel/User page tables isolation: enabled
[STDERR  ] 2019-06-19T05:22:05.918018029Z: [    0.692561] ftrace: allocating 43130 entries in 169 pages
[STDERR  ] 2019-06-19T05:22:05.918034031Z: [    0.714157] rcu: Hierarchical RCU implementation.
[STDERR  ] 2019-06-19T05:22:05.918047162Z: [    0.714161] rcu: 	RCU restricting CPUs from NR_CPUS=128 to nr_cpu_ids=1.
[STDERR  ] 2019-06-19T05:22:05.918060634Z: [    0.714163] rcu: Adjusting geometry for rcu_fanout_leaf=16, nr_cpu_ids=1
[STDERR  ] 2019-06-19T05:22:05.918078785Z: [    0.717020] NR_IRQS: 8448, nr_irqs: 256, preallocated irqs: 16
[STDERR  ] 2019-06-19T05:22:05.918092038Z: [    0.743525] Console: colour VGA+ 80x25
[STDERR  ] 2019-06-19T05:22:05.918104853Z: [    1.187909] console [ttyS0] enabled
[STDERR  ] 2019-06-19T05:22:05.918120902Z: [    1.191201] ACPI: Core revision 20180810
[STDERR  ] 2019-06-19T05:22:05.918133162Z: [    1.195649] clocksource: hpet: mask: 0xffffffff max_cycles: 0xffffffff, max_idle_ns: 19112604467 ns
[STDERR  ] 2019-06-19T05:22:05.918149247Z: [    1.204446] APIC: Switch to symmetric I/O mode setup
[STDERR  ] 2019-06-19T05:22:05.918161293Z: [    1.211505] x2apic enabled
[STDERR  ] 2019-06-19T05:22:05.918182981Z: [    1.216270] Switched APIC routing to physical x2apic.
[STDERR  ] 2019-06-19T05:22:05.918195436Z: [    1.231494] ..TIMER: vector=0x30 apic1=0 pin1=2 apic2=-1 pin2=-1
[STDERR  ] 2019-06-19T05:22:05.918208486Z: [    1.237130] clocksource: tsc-early: mask: 0xffffffffffffffff max_cycles: 0x21267c42e6c, max_idle_ns: 440795315891 ns
[STDERR  ] 2019-06-19T05:22:05.918224862Z: [    1.246725] Calibrating delay loop (skipped) preset value.. 4599.60 BogoMIPS (lpj=2299804)
[STDERR  ] 2019-06-19T05:22:05.918265395Z: [    1.247701] pid_max: default: 32768 minimum: 301
[STDERR  ] 2019-06-19T05:22:05.918281329Z: [    1.248802] Security Framework initialized
[STDERR  ] 2019-06-19T05:22:05.918293735Z: [    1.249701] Yama: becoming mindful.
[STDERR  ] 2019-06-19T05:22:05.918306303Z: [    1.250746] Mount-cache hash table entries: 2048 (order: 2, 16384 bytes)
[STDERR  ] 2019-06-19T05:22:05.918319312Z: [    1.251703] Mountpoint-cache hash table entries: 2048 (order: 2, 16384 bytes)
[STDERR  ] 2019-06-19T05:22:05.918337352Z: [    1.254749] Last level iTLB entries: 4KB 0, 2MB 0, 4MB 0
[STDERR  ] 2019-06-19T05:22:05.918350907Z: [    1.255701] Last level dTLB entries: 4KB 0, 2MB 0, 4MB 0, 1GB 0
[STDERR  ] 2019-06-19T05:22:05.918364292Z: [    1.256700] Spectre V2 : Mitigation: Full generic retpoline
[STDERR  ] 2019-06-19T05:22:05.918381912Z: [    1.257698] Spectre V2 : Spectre v2 / SpectreRSB mitigation: Filling RSB on context switch
[STDERR  ] 2019-06-19T05:22:05.918400299Z: [    1.258698] Speculative Store Bypass: Vulnerable
[STDERR  ] 2019-06-19T05:22:05.918416421Z: [    1.259717] MDS: Vulnerable: Clear CPU buffers attempted, no microcode
[STDERR  ] 2019-06-19T05:22:05.918429160Z: [    1.269780] Freeing SMP alternatives memory: 20K
[STDERR  ] 2019-06-19T05:22:05.918447484Z: [    1.272692] smpboot: CPU0: Intel QEMU Virtual CPU version 2.5+ (family: 0x6, model: 0x6, stepping: 0x3)
[STDERR  ] 2019-06-19T05:22:05.918460668Z: [    1.273702] Performance Events: PMU not available due to virtualization, using software events only.
[STDERR  ] 2019-06-19T05:22:05.918473463Z: [    1.275993] rcu: Hierarchical SRCU implementation.
[STDERR  ] 2019-06-19T05:22:05.918490220Z: [    1.276848] NMI watchdog: Perf NMI watchdog permanently disabled
[STDERR  ] 2019-06-19T05:22:05.918502761Z: [    1.278786] smp: Bringing up secondary CPUs ...
[STDERR  ] 2019-06-19T05:22:05.918515537Z: [    1.279700] smp: Brought up 1 node, 1 CPU
[STDERR  ] 2019-06-19T05:22:05.918535969Z: [    1.280697] smpboot: Max logical packages: 1
[STDERR  ] 2019-06-19T05:22:05.918548980Z: [    1.281698] smpboot: Total of 1 processors activated (4599.60 BogoMIPS)
[STDERR  ] 2019-06-19T05:22:05.918563529Z: [    1.283754] devtmpfs: initialized
[STDERR  ] 2019-06-19T05:22:05.918580469Z: [    1.284772] x86/mm: Memory block size: 128MB
[STDERR  ] 2019-06-19T05:22:05.918599352Z: [    1.286072] clocksource: jiffies: mask: 0xffffffff max_cycles: 0xffffffff, max_idle_ns: 1911260446275000 ns
[STDERR  ] 2019-06-19T05:22:05.918612394Z: [    1.286707] futex hash table entries: 256 (order: 2, 16384 bytes)
[STDERR  ] 2019-06-19T05:22:05.918625729Z: [    1.288017] NET: Registered protocol family 16
[STDERR  ] 2019-06-19T05:22:05.918638568Z: [    1.288873] audit: initializing netlink subsys (disabled)
[STDERR  ] 2019-06-19T05:22:05.918650955Z: [    1.289875] cpuidle: using governor ladder
[STDERR  ] 2019-06-19T05:22:05.918662934Z: [    1.290700] cpuidle: using governor menu
[STDERR  ] 2019-06-19T05:22:05.918677289Z: [    1.291836] ACPI: bus type PCI registered
[STDERR  ] 2019-06-19T05:22:05.918693420Z: [    1.292700] acpiphp: ACPI Hot Plug PCI Controller Driver version: 0.5
[STDERR  ] 2019-06-19T05:22:05.918706569Z: [    1.293709] audit: type=2000 audit(1560921717.298:1): state=initialized audit_enabled=0 res=1
[STDERR  ] 2019-06-19T05:22:05.918719192Z: [    1.295174] PCI: MMCONFIG for domain 0000 [bus 00-ff] at [mem 0xb0000000-0xbfffffff] (base 0xb0000000)
[STDERR  ] 2019-06-19T05:22:05.918732706Z: [    1.295704] PCI: MMCONFIG at [mem 0xb0000000-0xbfffffff] reserved in E820
[STDERR  ] 2019-06-19T05:22:05.918759481Z: [    1.296718] PCI: Using configuration type 1 for base access
[STDERR  ] 2019-06-19T05:22:05.918771848Z: [    1.299886] HugeTLB registered 2.00 MiB page size, pre-allocated 0 pages
[STDERR  ] 2019-06-19T05:22:05.918784278Z: [    1.300870] cryptd: max_cpu_qlen set to 1000
[STDERR  ] 2019-06-19T05:22:05.918803005Z: [    1.301884] ACPI: Added _OSI(Module Device)
[STDERR  ] 2019-06-19T05:22:05.918819452Z: [    1.302699] ACPI: Added _OSI(Processor Device)
[STDERR  ] 2019-06-19T05:22:05.918832036Z: [    1.303698] ACPI: Added _OSI(3.0 _SCP Extensions)
[STDERR  ] 2019-06-19T05:22:05.918844913Z: [    1.304697] ACPI: Added _OSI(Processor Aggregator Device)
[STDERR  ] 2019-06-19T05:22:05.918860729Z: [    1.305717] ACPI: Added _OSI(Linux-Dell-Video)
[STDERR  ] 2019-06-19T05:22:05.918873509Z: [    1.306699] ACPI: Added _OSI(Linux-Lenovo-NV-HDMI-Audio)
[STDERR  ] 2019-06-19T05:22:05.918885775Z: [    1.309210] ACPI: 1 ACPI AML tables successfully acquired and loaded
[STDERR  ] 2019-06-19T05:22:05.918898916Z: [    1.312766] ACPI: Interpreter enabled
[STDERR  ] 2019-06-19T05:22:05.918911593Z: [    1.313706] ACPI: (supports S0 S5)
[STDERR  ] 2019-06-19T05:22:05.918931904Z: [    1.314697] ACPI: Using IOAPIC for interrupt routing
[STDERR  ] 2019-06-19T05:22:05.918946833Z: [    1.315760] PCI: Using host bridge windows from ACPI; if necessary, use "pci=nocrs" and report a bug
[STDERR  ] 2019-06-19T05:22:05.918964066Z: [    1.317893] ACPI: Enabled 2 GPEs in block 00 to 3F
[STDERR  ] 2019-06-19T05:22:05.918980095Z: [    1.323079] ACPI: PCI Root Bridge [PCI0] (domain 0000 [bus 00-ff])
[STDERR  ] 2019-06-19T05:22:05.918995786Z: [    1.323709] acpi PNP0A08:00: _OSC: OS supports [ExtendedConfig ASPM ClockPM Segments MSI]
[STDERR  ] 2019-06-19T05:22:05.919012622Z: [    1.324820] acpi PNP0A08:00: _OSC: platform does not support [SHPCHotplug LTR]
[STDERR  ] 2019-06-19T05:22:05.919024839Z: [    1.325800] acpi PNP0A08:00: _OSC: OS now controls [PCIeHotplug PME PCIeCapability]
[STDERR  ] 2019-06-19T05:22:05.919036623Z: [    1.327084] PCI host bridge to bus 0000:00
[STDERR  ] 2019-06-19T05:22:05.919048849Z: [    1.327706] pci_bus 0000:00: root bus resource [io  0x0000-0x0cf7 window]
[STDERR  ] 2019-06-19T05:22:05.919062857Z: [    1.328708] pci_bus 0000:00: root bus resource [io  0x0d00-0xffff window]
[STDERR  ] 2019-06-19T05:22:05.919082163Z: [    1.329705] pci_bus 0000:00: root bus resource [mem 0x000a0000-0x000bffff window]
[STDERR  ] 2019-06-19T05:22:05.919093891Z: [    1.330704] pci_bus 0000:00: root bus resource [mem 0xc0000000-0xfebfffff window]
[STDERR  ] 2019-06-19T05:22:05.919106470Z: [    1.331702] pci_bus 0000:00: root bus resource [bus 00-ff]
[STDERR  ] 2019-06-19T05:22:05.919118881Z: [    1.404311] pci 0000:00:1f.0: quirk: [io  0x0600-0x067f] claimed by ICH6 ACPI/GPIO/TCO
[STDERR  ] 2019-06-19T05:22:05.919132043Z: [    1.432378] ACPI: PCI Interrupt Link [LNKA] (IRQs 5 *10 11)
[STDERR  ] 2019-06-19T05:22:05.919145276Z: [    1.433917] ACPI: PCI Interrupt Link [LNKB] (IRQs 5 *10 11)
[STDERR  ] 2019-06-19T05:22:05.919158663Z: [    1.435044] ACPI: PCI Interrupt Link [LNKC] (IRQs 5 10 *11)
[STDERR  ] 2019-06-19T05:22:05.919171952Z: [    1.436008] ACPI: PCI Interrupt Link [LNKD] (IRQs 5 10 *11)
[STDERR  ] 2019-06-19T05:22:05.919185995Z: [    1.437006] ACPI: PCI Interrupt Link [LNKE] (IRQs 5 *10 11)
[STDERR  ] 2019-06-19T05:22:05.919207250Z: [    1.437992] ACPI: PCI Interrupt Link [LNKF] (IRQs 5 *10 11)
[STDERR  ] 2019-06-19T05:22:05.919218453Z: [    1.438994] ACPI: PCI Interrupt Link [LNKG] (IRQs 5 10 *11)
[STDERR  ] 2019-06-19T05:22:05.919232141Z: [    1.439995] ACPI: PCI Interrupt Link [LNKH] (IRQs 5 10 *11)
[STDERR  ] 2019-06-19T05:22:05.919245971Z: [    1.440864] ACPI: PCI Interrupt Link [GSIA] (IRQs *16)
[STDERR  ] 2019-06-19T05:22:05.919258709Z: [    1.441719] ACPI: PCI Interrupt Link [GSIB] (IRQs *17)
[STDERR  ] 2019-06-19T05:22:05.919271659Z: [    1.442716] ACPI: PCI Interrupt Link [GSIC] (IRQs *18)
[STDERR  ] 2019-06-19T05:22:05.919284525Z: [    1.443720] ACPI: PCI Interrupt Link [GSID] (IRQs *19)
[STDERR  ] 2019-06-19T05:22:05.919304258Z: [    1.444715] ACPI: PCI Interrupt Link [GSIE] (IRQs *20)
[STDERR  ] 2019-06-19T05:22:05.919317040Z: [    1.445715] ACPI: PCI Interrupt Link [GSIF] (IRQs *21)
[STDERR  ] 2019-06-19T05:22:05.919330388Z: [    1.446723] ACPI: PCI Interrupt Link [GSIG] (IRQs *22)
[STDERR  ] 2019-06-19T05:22:05.919353338Z: [    1.447713] ACPI: PCI Interrupt Link [GSIH] (IRQs *23)
[STDERR  ] 2019-06-19T05:22:05.919370516Z: [    1.449951] SCSI subsystem initialized
[STDERR  ] 2019-06-19T05:22:05.919383247Z: [    1.450821] ACPI: bus type USB registered
[STDERR  ] 2019-06-19T05:22:05.919396169Z: [    1.451733] usbcore: registered new interface driver usbfs
[STDERR  ] 2019-06-19T05:22:05.919410328Z: [    1.452723] usbcore: registered new interface driver hub
[STDERR  ] 2019-06-19T05:22:05.919426980Z: [    1.453729] usbcore: registered new device driver usb
[STDERR  ] 2019-06-19T05:22:05.919439198Z: [    1.454723] pps_core: LinuxPPS API ver. 1 registered
[STDERR  ] 2019-06-19T05:22:05.919455968Z: [    1.455697] pps_core: Software ver. 5.3.6 - Copyright 2005-2007 Rodolfo Giometti <giometti@linux.it>
[STDERR  ] 2019-06-19T05:22:05.919472439Z: [    1.456707] PTP clock support registered
[STDERR  ] 2019-06-19T05:22:05.919486363Z: [    1.458787] PCI: Using ACPI for IRQ routing
[STDERR  ] 2019-06-19T05:22:05.919498810Z: [    1.917853] NetLabel: Initializing
[STDERR  ] 2019-06-19T05:22:05.919515867Z: [    1.918700] NetLabel:  domain hash size = 128
[STDERR  ] 2019-06-19T05:22:05.919532197Z: [    1.919696] NetLabel:  protocols = UNLABELED CIPSOv4 CALIPSO
[STDERR  ] 2019-06-19T05:22:05.919544294Z: [    1.920736] NetLabel:  unlabeled traffic allowed by default
[STDERR  ] 2019-06-19T05:22:05.919557768Z: [    1.922701] HPET: 3 timers in total, 0 timers will be used for per-cpu timer
[STDERR  ] 2019-06-19T05:22:05.919570537Z: [    1.923809] hpet0: at MMIO 0xfed00000, IRQs 2, 8, 0
[STDERR  ] 2019-06-19T05:22:05.919583018Z: [    1.924699] hpet0: 3 comparators, 64-bit 100.000000 MHz counter
[STDERR  ] 2019-06-19T05:22:05.919596358Z: [    1.927752] clocksource: Switched to clocksource kvm-clock
[STDERR  ] 2019-06-19T05:22:05.919609746Z: [    1.955288] VFS: Disk quotas dquot_6.6.0
[STDERR  ] 2019-06-19T05:22:05.919622667Z: [    1.959049] VFS: Dquot-cache hash table entries: 512 (order 0, 4096 bytes)
[STDERR  ] 2019-06-19T05:22:05.919635439Z: [    1.965387] FS-Cache: Loaded
[STDERR  ] 2019-06-19T05:22:05.919649245Z: [    1.968174] CacheFiles: Loaded
[STDERR  ] 2019-06-19T05:22:05.919662105Z: [    1.971142] pnp: PnP ACPI init
[STDERR  ] 2019-06-19T05:22:05.919675263Z: [    1.975164] pnp: PnP ACPI: found 5 devices
[STDERR  ] 2019-06-19T05:22:05.919688151Z: [    1.985407] clocksource: acpi_pm: mask: 0xffffff max_cycles: 0xffffff, max_idle_ns: 2085701024 ns
[STDERR  ] 2019-06-19T05:22:05.919701728Z: [    1.993653] NET: Registered protocol family 2
[STDERR  ] 2019-06-19T05:22:05.919714742Z: [    1.998551] tcp_listen_portaddr_hash hash table entries: 512 (order: 1, 8192 bytes)
[STDERR  ] 2019-06-19T05:22:05.919727804Z: [    2.005539] TCP established hash table entries: 8192 (order: 4, 65536 bytes)
[STDERR  ] 2019-06-19T05:22:05.919750199Z: [    2.011908] TCP bind hash table entries: 8192 (order: 5, 131072 bytes)
[STDERR  ] 2019-06-19T05:22:05.919767595Z: [    2.017864] TCP: Hash tables configured (established 8192 bind 8192)
[STDERR  ] 2019-06-19T05:22:05.919779552Z: [    2.023782] UDP hash table entries: 512 (order: 2, 16384 bytes)
[STDERR  ] 2019-06-19T05:22:05.919792200Z: [    2.029129] UDP-Lite hash table entries: 512 (order: 2, 16384 bytes)
[STDERR  ] 2019-06-19T05:22:05.919808318Z: [    2.034956] NET: Registered protocol family 1
[STDERR  ] 2019-06-19T05:22:05.919822213Z: [    2.038997] NET: Registered protocol family 44
[STDERR  ] 2019-06-19T05:22:05.919835286Z: [    2.043477] pci 0000:00:01.0: Video device with shadowed ROM at [mem 0x000c0000-0x000dffff]
[STDERR  ] 2019-06-19T05:22:05.919850815Z: [    2.051436] Trying to unpack rootfs image as initramfs...
[STDERR  ] 2019-06-19T05:22:05.919869036Z: [    2.693168] Freeing initrd memory: 32544K
[STDERR  ] 2019-06-19T05:22:05.919886845Z: [    2.697104] clocksource: tsc: mask: 0xffffffffffffffff max_cycles: 0x21267c42e6c, max_idle_ns: 440795315891 ns
[STDERR  ] 2019-06-19T05:22:05.919899228Z: [    2.707546] PCLMULQDQ-NI instructions are not detected.
[STDERR  ] 2019-06-19T05:22:05.919912182Z: [    2.712428] AVX or AES-NI instructions are not detected.
[STDERR  ] 2019-06-19T05:22:05.919925021Z: [    2.717350] CPU feature 'AVX registers' is not supported.
[STDERR  ] 2019-06-19T05:22:05.919937659Z: [    2.722312] CPU feature 'AVX registers' is not supported.
[STDERR  ] 2019-06-19T05:22:05.919950044Z: [    2.727251] CPU feature 'AVX registers' is not supported.
[STDERR  ] 2019-06-19T05:22:05.919963054Z: [    2.732165] CPU feature 'AVX registers' is not supported.
[STDERR  ] 2019-06-19T05:22:05.919975821Z: [    2.737171] AVX2 or AES-NI instructions are not detected.
[STDERR  ] 2019-06-19T05:22:05.919988745Z: [    2.742147] AVX2 instructions are not detected.
[STDERR  ] 2019-06-19T05:22:05.920001255Z: [    2.747150] workingset: timestamp_bits=46 max_order=18 bucket_order=0
[STDERR  ] 2019-06-19T05:22:05.920020596Z: [    2.753389] squashfs: version 4.0 (2009/01/31) Phillip Lougher
[STDERR  ] 2019-06-19T05:22:05.920032728Z: [    2.758946] FS-Cache: Netfs 'cifs' registered for caching
[STDERR  ] 2019-06-19T05:22:05.920045809Z: [    2.763926] fuse init (API version 7.27)
[STDERR  ] 2019-06-19T05:22:05.920067429Z: [    2.767681] SGI XFS with ACLs, security attributes, no debug enabled
[STDERR  ] 2019-06-19T05:22:05.920079628Z: [    2.773680] 9p: Installing v9fs 9p2000 file system support
[STDERR  ] 2019-06-19T05:22:05.920094504Z: [    2.778814] FS-Cache: Netfs '9p' registered for caching
[STDERR  ] 2019-06-19T05:22:05.920111370Z: [    2.785107] NET: Registered protocol family 38
[STDERR  ] 2019-06-19T05:22:05.920124999Z: [    2.789267] Key type asymmetric registered
[STDERR  ] 2019-06-19T05:22:05.920142182Z: [    2.793196] Asymmetric key parser 'x509' registered
[STDERR  ] 2019-06-19T05:22:05.920158084Z: [    2.797836] Block layer SCSI generic (bsg) driver version 0.4 loaded (major 247)
[STDERR  ] 2019-06-19T05:22:05.920170712Z: [    2.804601] io scheduler noop registered
[STDERR  ] 2019-06-19T05:22:05.920188059Z: [    2.808371] io scheduler deadline registered (default)
[STDERR  ] 2019-06-19T05:22:05.920201464Z: [    2.813129] io scheduler cfq registered
[STDERR  ] 2019-06-19T05:22:05.920213596Z: [    2.816691] io scheduler mq-deadline registered (default)
[STDERR  ] 2019-06-19T05:22:05.920227214Z: [    2.821606] io scheduler kyber registered
[STDERR  ] 2019-06-19T05:22:05.920239782Z: [    2.825386] shpchp: Standard Hot Plug PCI Controller Driver version: 0.4
[STDERR  ] 2019-06-19T05:22:05.920253109Z: [    2.831439] hv_vmbus: registering driver hyperv_fb
[STDERR  ] 2019-06-19T05:22:05.920267083Z: [    2.836357] input: Power Button as /devices/LNXSYSTM:00/LNXPWRBN:00/input/input0
[STDERR  ] 2019-06-19T05:22:05.920281520Z: [    2.843094] ACPI: Power Button [PWRF]
[STDERR  ] 2019-06-19T05:22:05.920294462Z: [    2.847235] PCI Interrupt Link [GSIG] enabled at IRQ 22
[STDERR  ] 2019-06-19T05:22:05.920307801Z: [    2.858009] PCI Interrupt Link [GSIH] enabled at IRQ 23
[STDERR  ] 2019-06-19T05:22:05.920320495Z: [    2.868589] Serial: 8250/16550 driver, 4 ports, IRQ sharing disabled
[STDERR  ] 2019-06-19T05:22:05.920333401Z: [    2.908537] 00:04: ttyS0 at I/O 0x3f8 (irq = 4, base_baud = 115200) is a 16550A
[STDERR  ] 2019-06-19T05:22:05.920345856Z: [    2.916310] Non-volatile memory driver v1.3
[STDERR  ] 2019-06-19T05:22:05.920363111Z: [    2.922045] Hangcheck: starting hangcheck timer 0.9.1 (tick is 180 seconds, margin is 60 seconds).
[STDERR  ] 2019-06-19T05:22:05.920379728Z: [    2.930318] random: fast init done
[STDERR  ] 2019-06-19T05:22:05.920395796Z: [    2.934432] random: crng init done
[STDERR  ] 2019-06-19T05:22:05.920408269Z: [    2.939046] brd: module loaded
[STDERR  ] 2019-06-19T05:22:05.920421263Z: [    2.945189] loop: module loaded
[STDERR  ] 2019-06-19T05:22:05.920433739Z: [    2.952240] lpc_ich 0000:00:1f.0: I/O space for GPIO uninitialized
[STDERR  ] 2019-06-19T05:22:05.920456648Z: [    2.958026] VMware PVSCSI driver - version 1.0.7.0-k
[STDERR  ] 2019-06-19T05:22:05.920470027Z: [    2.962640] hv_vmbus: registering driver hv_storvsc
[STDERR  ] 2019-06-19T05:22:05.920482324Z: [    2.967791] PCI Interrupt Link [GSIA] enabled at IRQ 16
[STDERR  ] 2019-06-19T05:22:05.920496602Z: [    2.976193] ahci 0000:00:1f.2: AHCI 0001.0000 32 slots 6 ports 1.5 Gbps 0x3f impl SATA mode
[STDERR  ] 2019-06-19T05:22:05.920510369Z: [    2.983752] ahci 0000:00:1f.2: flags: 64bit ncq only 
[STDERR  ] 2019-06-19T05:22:05.920523156Z: [    2.992101] scsi host0: ahci
[STDERR  ] 2019-06-19T05:22:05.920536605Z: [    2.994959] scsi host1: ahci
[STDERR  ] 2019-06-19T05:22:05.920549337Z: [    2.997849] scsi host2: ahci
[STDERR  ] 2019-06-19T05:22:05.920562041Z: [    3.000859] scsi host3: ahci
[STDERR  ] 2019-06-19T05:22:05.920574366Z: [    3.003801] scsi host4: ahci
[STDERR  ] 2019-06-19T05:22:05.920586348Z: [    3.006642] scsi host5: ahci
[STDERR  ] 2019-06-19T05:22:05.920599788Z: [    3.009428] ata1: SATA max UDMA/133 abar m4096@0xfebd2000 port 0xfebd2100 irq 24
[STDERR  ] 2019-06-19T05:22:05.920611624Z: [    3.016164] ata2: SATA max UDMA/133 abar m4096@0xfebd2000 port 0xfebd2180 irq 24
[STDERR  ] 2019-06-19T05:22:05.920623908Z: [    3.022937] ata3: SATA max UDMA/133 abar m4096@0xfebd2000 port 0xfebd2200 irq 24
[STDERR  ] 2019-06-19T05:22:05.920646493Z: [    3.029629] ata4: SATA max UDMA/133 abar m4096@0xfebd2000 port 0xfebd2280 irq 24
[STDERR  ] 2019-06-19T05:22:05.920659068Z: [    3.036345] ata5: SATA max UDMA/133 abar m4096@0xfebd2000 port 0xfebd2300 irq 24
[STDERR  ] 2019-06-19T05:22:05.920671659Z: [    3.043128] ata6: SATA max UDMA/133 abar m4096@0xfebd2000 port 0xfebd2380 irq 24
[STDERR  ] 2019-06-19T05:22:05.920684715Z: [    3.052281] tun: Universal TUN/TAP device driver, 1.6
[STDERR  ] 2019-06-19T05:22:05.920698541Z: [    3.061803] VMware vmxnet3 virtual NIC driver - version 1.4.16.0-k-NAPI
[STDERR  ] 2019-06-19T05:22:05.920711224Z: [    3.067991] hv_vmbus: registering driver hv_netvsc
[STDERR  ] 2019-06-19T05:22:05.920724214Z: [    3.072375] Fusion MPT base driver 3.04.20
[STDERR  ] 2019-06-19T05:22:05.920737263Z: [    3.076125] Copyright (c) 1999-2008 LSI Corporation
[STDERR  ] 2019-06-19T05:22:05.920762520Z: [    3.080584] Fusion MPT SPI Host driver 3.04.20
[STDERR  ] 2019-06-19T05:22:05.920774716Z: [    3.084763] i8042: PNP: PS/2 Controller [PNP0303:KBD,PNP0f13:MOU] at 0x60,0x64 irq 1,12
[STDERR  ] 2019-06-19T05:22:05.920791831Z: [    3.095802] serio: i8042 KBD port at 0x60,0x64 irq 1
[STDERR  ] 2019-06-19T05:22:05.920804535Z: [    3.100385] serio: i8042 AUX port at 0x60,0x64 irq 12
[STDERR  ] 2019-06-19T05:22:05.920817075Z: [    3.105168] hv_vmbus: registering driver hyperv_keyboard
[STDERR  ] 2019-06-19T05:22:05.920829545Z: [    3.110112] mousedev: PS/2 mouse device common for all mice
[STDERR  ] 2019-06-19T05:22:05.920848229Z: [    3.116575] input: AT Translated Set 2 keyboard as /devices/platform/i8042/serio0/input/input1
[STDERR  ] 2019-06-19T05:22:05.920861000Z: [    3.124459] input: PC Speaker as /devices/platform/pcspkr/input/input2
[STDERR  ] 2019-06-19T05:22:05.920874012Z: [    3.131633] rtc_cmos 00:00: RTC can wake from S4
[STDERR  ] 2019-06-19T05:22:05.920886624Z: [    3.138331] rtc_cmos 00:00: registered as rtc0
[STDERR  ] 2019-06-19T05:22:05.920904152Z: [    3.142524] rtc_cmos 00:00: alarms up to one day, y3k, 114 bytes nvram, hpet irqs
[STDERR  ] 2019-06-19T05:22:05.920917776Z: [    3.149241] i2c /dev entries driver
[STDERR  ] 2019-06-19T05:22:05.920933138Z: [    3.153085] device-mapper: ioctl: 4.39.0-ioctl (2018-04-03) initialised: dm-devel@redhat.com
[STDERR  ] 2019-06-19T05:22:05.920948426Z: [    3.161282] usbcore: registered new interface driver usbhid
[STDERR  ] 2019-06-19T05:22:05.920961587Z: [    3.166495] usbhid: USB HID core driver
[STDERR  ] 2019-06-19T05:22:05.920974370Z: [    3.170088] hv_utils: Registering HyperV Utility Driver
[STDERR  ] 2019-06-19T05:22:05.920987962Z: [    3.174833] hv_vmbus: registering driver hv_util
[STDERR  ] 2019-06-19T05:22:05.921006489Z: [    3.179084] hv_vmbus: registering driver hv_balloon
[STDERR  ] 2019-06-19T05:22:05.921019272Z: [    3.183518] oprofile: using NMI interrupt.
[STDERR  ] 2019-06-19T05:22:05.921031697Z: [    3.187313] GACT probability on
[STDERR  ] 2019-06-19T05:22:05.921045849Z: [    3.190218] Mirror/redirect action on
[STDERR  ] 2019-06-19T05:22:05.921058503Z: [    3.193811] Simple TC action Loaded
[STDERR  ] 2019-06-19T05:22:05.921085711Z: [    3.197049] u32 classifier
[STDERR  ] 2019-06-19T05:22:05.921109892Z: [    3.199659]     Performance counters on
[STDERR  ] 2019-06-19T05:22:05.921122266Z: [    3.203195]     input device check on
[STDERR  ] 2019-06-19T05:22:05.921135040Z: [    3.206561]     Actions configured
[STDERR  ] 2019-06-19T05:22:05.921147882Z: [    3.210000] xt_time: kernel timezone is -0000
[STDERR  ] 2019-06-19T05:22:05.921160651Z: [    3.214025] IPVS: Registered protocols (TCP, UDP, SCTP, AH, ESP)
[STDERR  ] 2019-06-19T05:22:05.921173323Z: [    3.219593] IPVS: Connection hash table configured (size=4096, memory=64Kbytes)
[STDERR  ] 2019-06-19T05:22:05.921186249Z: [    3.226294] IPVS: ipvs loaded.
[STDERR  ] 2019-06-19T05:22:05.921200298Z: [    3.229119] IPVS: [rr] scheduler registered.
[STDERR  ] 2019-06-19T05:22:05.921212802Z: [    3.233036] IPVS: [wrr] scheduler registered.
[STDERR  ] 2019-06-19T05:22:05.921236249Z: [    3.237008] IPVS: [lc] scheduler registered.
[STDERR  ] 2019-06-19T05:22:05.921249230Z: [    3.240937] IPVS: [wlc] scheduler registered.
[STDERR  ] 2019-06-19T05:22:05.921261683Z: [    3.244907] IPVS: [fo] scheduler registered.
[STDERR  ] 2019-06-19T05:22:05.921277730Z: [    3.248799] IPVS: [ovf] scheduler registered.
[STDERR  ] 2019-06-19T05:22:05.921290457Z: [    3.252951] IPVS: [lblc] scheduler registered.
[STDERR  ] 2019-06-19T05:22:05.921303514Z: [    3.257238] IPVS: [lblcr] scheduler registered.
[STDERR  ] 2019-06-19T05:22:05.921316523Z: [    3.261958] IPVS: [dh] scheduler registered.
[STDERR  ] 2019-06-19T05:22:05.921329263Z: [    3.265852] IPVS: [sh] scheduler registered.
[STDERR  ] 2019-06-19T05:22:05.921341833Z: [    3.269976] IPVS: [mh] scheduler registered.
[STDERR  ] 2019-06-19T05:22:05.921354617Z: [    3.273898] IPVS: [sed] scheduler registered.
[STDERR  ] 2019-06-19T05:22:05.921367338Z: [    3.278084] IPVS: [nq] scheduler registered.
[STDERR  ] 2019-06-19T05:22:05.921379593Z: [    3.282026] IPVS: ftp: loaded support on port[0] = 21
[STDERR  ] 2019-06-19T05:22:05.921396556Z: [    3.287016] ipip: IPv4 and MPLS over IPv4 tunneling driver
[STDERR  ] 2019-06-19T05:22:05.921409812Z: [    3.292340] gre: GRE over IPv4 demultiplexor driver
[STDERR  ] 2019-06-19T05:22:05.921422359Z: [    3.296838] ipt_CLUSTERIP: ClusterIP Version 0.8 loaded successfully
[STDERR  ] 2019-06-19T05:22:05.921448075Z: [    3.302919] NET: Registered protocol family 10
[STDERR  ] 2019-06-19T05:22:05.921460440Z: [    3.307433] Segment Routing with IPv6
[STDERR  ] 2019-06-19T05:22:05.921472621Z: [    3.311370] NET: Registered protocol family 17
[STDERR  ] 2019-06-19T05:22:05.921484783Z: [    3.315522] Bridge firewalling registered
[STDERR  ] 2019-06-19T05:22:05.921497364Z: [    3.319767] 8021q: 802.1Q VLAN Support v1.8
[STDERR  ] 2019-06-19T05:22:05.921516173Z: [    3.323660] 9pnet: Installing 9P2000 support
[STDERR  ] 2019-06-19T05:22:05.921528575Z: [    3.327845] Key type dns_resolver registered
[STDERR  ] 2019-06-19T05:22:05.921548923Z: [    3.331853] NET: Registered protocol family 40
[STDERR  ] 2019-06-19T05:22:05.921561259Z: [    3.336324] registered taskstats version 1
[STDERR  ] 2019-06-19T05:22:05.921573477Z: [    3.348684] Key type big_key registered
[STDERR  ] 2019-06-19T05:22:05.921585675Z: [    3.356264] Key type trusted registered
[STDERR  ] 2019-06-19T05:22:05.921598159Z: [    3.360528] ata1: SATA link down (SStatus 0 SControl 300)
[STDERR  ] 2019-06-19T05:22:05.921611076Z: [    3.366254] ata6: SATA link down (SStatus 0 SControl 300)
[STDERR  ] 2019-06-19T05:22:05.921623731Z: [    3.371941] ata5: SATA link down (SStatus 0 SControl 300)
[STDERR  ] 2019-06-19T05:22:05.921641907Z: [    3.377794] ata4: SATA link down (SStatus 0 SControl 300)
[STDERR  ] 2019-06-19T05:22:05.921654923Z: [    3.383702] ata3: SATA link up 1.5 Gbps (SStatus 113 SControl 300)
[STDERR  ] 2019-06-19T05:22:05.921667952Z: [    3.390331] ata2: SATA link down (SStatus 0 SControl 300)
[STDERR  ] 2019-06-19T05:22:05.921680503Z: [    3.397389] ata3.00: ATAPI: QEMU DVD-ROM, 2.5+, max UDMA/100
[STDERR  ] 2019-06-19T05:22:05.921693179Z: [    3.402633] ata3.00: applying bridge limits
[STDERR  ] 2019-06-19T05:22:05.921705529Z: [    3.409012] ata3.00: configured for UDMA/100
[STDERR  ] 2019-06-19T05:22:05.921718340Z: [    3.413073] Key type encrypted registered
[STDERR  ] 2019-06-19T05:22:05.921731124Z: [    3.416529] ima: No TPM chip found, activating TPM-bypass!
[STDERR  ] 2019-06-19T05:22:05.921755263Z: [    3.421983] scsi 2:0:0:0: CD-ROM            QEMU     QEMU DVD-ROM     2.5+ PQ: 0 ANSI: 5
[STDERR  ] 2019-06-19T05:22:05.921769156Z: [    3.428852] ima: Allocated hash algorithm: sha256
[STDERR  ] 2019-06-19T05:22:05.921781728Z: [    3.434239] evm: Initialising EVM extended attributes:
[STDERR  ] 2019-06-19T05:22:05.921795039Z: [    3.438569] evm: security.ima
[STDERR  ] 2019-06-19T05:22:05.921808761Z: [    3.441135] evm: security.capability
[STDERR  ] 2019-06-19T05:22:05.921822217Z: [    3.444191] evm: HMAC attrs: 0x1
[STDERR  ] 2019-06-19T05:22:05.921839329Z: [    3.447962] rtc_cmos 00:00: setting system clock to 2019-06-19 05:21:59 UTC (1560921719)
[STDERR  ] 2019-06-19T05:22:05.921852411Z: [    3.454656] Unstable clock detected, switching default tracing clock to "global"
[STDERR  ] 2019-06-19T05:22:05.921868444Z: [    3.454656] If you want to keep using the local clock, then add:
[STDERR  ] 2019-06-19T05:22:05.921886575Z: [    3.454656]   "trace_clock=local"
[STDERR  ] 2019-06-19T05:22:05.921899213Z: [    3.454656] on the kernel command line
[STDERR  ] 2019-06-19T05:22:05.921911538Z: [    3.472754] sr 2:0:0:0: [sr0] scsi3-mmc drive: 4x/4x cd/rw xa/form2 tray
[STDERR  ] 2019-06-19T05:22:05.921923939Z: [    3.478487] cdrom: Uniform CD-ROM driver Revision: 3.20
[STDERR  ] 2019-06-19T05:22:05.921937308Z: [    3.484285] sr 2:0:0:0: Attached scsi generic sg0 type 5
[STDERR  ] 2019-06-19T05:22:05.921950255Z: [    3.491845] Freeing unused kernel image memory: 1588K
[STDERR  ] 2019-06-19T05:22:05.921965181Z: [    3.497807] Write protecting the kernel read-only data: 18432k
[STDERR  ] 2019-06-19T05:22:05.921977929Z: [    3.505484] Freeing unused kernel image memory: 2028K
[STDERR  ] 2019-06-19T05:22:05.921990672Z: [    3.510488] Freeing unused kernel image memory: 1084K
[STDERR  ] 2019-06-19T05:22:05.922004046Z: [    3.515179] Run /init as init process
[STDERR  ] 2019-06-19T05:22:05.922016663Z: 
[STDERR  ] 2019-06-19T05:22:05.922029603Z: Welcome to LinuxKit
[STDERR  ] 2019-06-19T05:22:05.922042380Z: 
[STDERR  ] 2019-06-19T05:22:05.922055007Z:                         ##         .
[STDERR  ] 2019-06-19T05:22:05.922068843Z:                   ## ## ##        ==
[STDERR  ] 2019-06-19T05:22:05.922081906Z:                ## ## ## ## ##    ===
[STDERR  ] 2019-06-19T05:22:05.922095929Z:            /"""""""""""""""""\___/ ===
[STDERR  ] 2019-06-19T05:22:05.922109115Z:           {                       /  ===-
[STDERR  ] 2019-06-19T05:22:05.922124555Z:            \______ O           __/
[STDERR  ] 2019-06-19T05:22:05.922137563Z:              \    \         __/
[STDERR  ] 2019-06-19T05:22:05.922150290Z:               \____\_______/
[STDERR  ] 2019-06-19T05:22:05.922163266Z: 
[STDERR  ] 2019-06-19T05:22:05.922181106Z: [    4.499373] RPC: Registered named UNIX socket transport module.
[STDERR  ] 2019-06-19T05:22:05.922194742Z: [    4.504862] RPC: Registered udp transport module.
[STDERR  ] 2019-06-19T05:22:05.922207174Z: [    4.509208] RPC: Registered tcp transport module.
[STDERR  ] 2019-06-19T05:22:05.922219098Z: [    4.513573] RPC: Registered tcp NFSv4.1 backchannel transport module.
[STDERR  ] 2019-06-19T05:22:05.922231212Z: [    4.530109] FS-Cache: Netfs 'nfs' registered for caching
[STDERR  ] 2019-06-19T05:22:05.922278850Z: [    4.545087] Installing knfsd (copyright (C) 1996 okir@monad.swb.de).
[STDERR  ] 2019-06-19T05:22:05.922299219Z: [    4.554365] ntfs: driver 2.1.32 [Flags: R/O MODULE].
[STDERR  ] 2019-06-19T05:22:05.922312390Z: starting kernel config sanity test with /proc/config.gz
[STDERR  ] 2019-06-19T05:22:05.922328998Z: kernel config test succeeded!
[STDERR  ] 2019-06-19T05:22:05.922362364Z: [37minfo: reading kernel config from /proc/config.gz ...[m
[STDERR  ] 2019-06-19T05:22:05.922374670Z: 
[STDERR  ] 2019-06-19T05:22:05.922387092Z: Generally Necessary:
[STDERR  ] 2019-06-19T05:22:05.922399390Z: - [37mcgroup hierarchy[m: [32mproperly mounted[m [/sys/fs/cgroup]
[STDERR  ] 2019-06-19T05:22:05.922411578Z: - [37mCONFIG_NAMESPACES[m: [32menabled[m
[STDERR  ] 2019-06-19T05:22:05.922438676Z: - [37mCONFIG_NET_NS[m: [32menabled[m
[STDERR  ] 2019-06-19T05:22:05.922451451Z: - [37mCONFIG_PID_NS[m: [32menabled[m
[STDERR  ] 2019-06-19T05:22:05.922464266Z: - [37mCONFIG_IPC_NS[m: [32menabled[m
[STDERR  ] 2019-06-19T05:22:05.922493067Z: - [37mCONFIG_UTS_NS[m: [32menabled[m
[STDERR  ] 2019-06-19T05:22:05.922522063Z: - [37mCONFIG_CGROUPS[m: [32menabled[m
[STDERR  ] 2019-06-19T05:22:05.922535764Z: - [37mCONFIG_CGROUP_CPUACCT[m: [32menabled[m
[STDERR  ] 2019-06-19T05:22:05.922551412Z: - [37mCONFIG_CGROUP_DEVICE[m: [32menabled[m
[STDERR  ] 2019-06-19T05:22:05.922574610Z: - [37mCONFIG_CGROUP_FREEZER[m: [32menabled[m
[STDERR  ] 2019-06-19T05:22:05.922603421Z: - [37mCONFIG_CGROUP_SCHED[m: [32menabled[m
[STDERR  ] 2019-06-19T05:22:05.922616018Z: - [37mCONFIG_CPUSETS[m: [32menabled[m
[STDERR  ] 2019-06-19T05:22:05.922628979Z: - [37mCONFIG_MEMCG[m: [32menabled[m
[STDERR  ] 2019-06-19T05:22:05.922644488Z: - [37mCONFIG_KEYS[m: [32menabled[m
[STDERR  ] 2019-06-19T05:22:05.922678070Z: - [37mCONFIG_VETH[m: [32menabled[m
[STDERR  ] 2019-06-19T05:22:05.922691104Z: - [37mCONFIG_BRIDGE[m: [32menabled[m
[STDERR  ] 2019-06-19T05:22:05.922703295Z: - [37mCONFIG_BRIDGE_NETFILTER[m: [32menabled[m
[STDERR  ] 2019-06-19T05:22:05.922715488Z: - [37mCONFIG_NF_NAT_IPV4[m: [32menabled[m
[STDERR  ] 2019-06-19T05:22:05.922727503Z: - [37mCONFIG_IP_NF_FILTER[m: [32menabled[m
[STDERR  ] 2019-06-19T05:22:05.922739578Z: - [37mCONFIG_IP_NF_TARGET_MASQUERADE[m: [32menabled[m
[STDERR  ] 2019-06-19T05:22:05.922772865Z: - [37mCONFIG_NETFILTER_XT_MATCH_ADDRTYPE[m: [32menabled[m
[STDERR  ] 2019-06-19T05:22:05.922785948Z: - [37mCONFIG_NETFILTER_XT_MATCH_CONNTRACK[m: [32menabled[m
[STDERR  ] 2019-06-19T05:22:05.922798627Z: - [37mCONFIG_NETFILTER_XT_MATCH_IPVS[m: [32menabled[m
[STDERR  ] 2019-06-19T05:22:05.922811052Z: - [37mCONFIG_IP_NF_NAT[m: [32menabled[m
[STDERR  ] 2019-06-19T05:22:05.922823584Z: - [37mCONFIG_NF_NAT[m: [32menabled[m
[STDERR  ] 2019-06-19T05:22:05.922849872Z: - [37mCONFIG_NF_NAT_NEEDED[m: [32menabled[m
[STDERR  ] 2019-06-19T05:22:05.922862568Z: - [37mCONFIG_POSIX_MQUEUE[m: [32menabled[m
[STDERR  ] 2019-06-19T05:22:05.922874212Z: 
[STDERR  ] 2019-06-19T05:22:05.922889530Z: Optional Features:
[STDERR  ] 2019-06-19T05:22:05.922902184Z: - [37mCONFIG_USER_NS[m: [32menabled[m
[STDERR  ] 2019-06-19T05:22:05.922929785Z: - [37mCONFIG_SECCOMP[m: [32menabled[m
[STDERR  ] 2019-06-19T05:22:05.922942098Z: - [37mCONFIG_CGROUP_PIDS[m: [32menabled[m
[STDERR  ] 2019-06-19T05:22:05.922954643Z: - [37mCONFIG_MEMCG_SWAP[m: [32menabled[m
[STDERR  ] 2019-06-19T05:22:05.922966897Z: - [37mCONFIG_MEMCG_SWAP_ENABLED[m: [32menabled[m
[STDERR  ] 2019-06-19T05:22:05.922982708Z:     [1;30m(cgroup swap accounting is currently enabled)[m
[STDERR  ] 2019-06-19T05:22:05.923009536Z: - [1mCONFIG_LEGACY_VSYSCALL_NONE[m: [1;31menabled[m
[STDERR  ] 2019-06-19T05:22:05.923022279Z:     [1;30m(containers using eglibc <= 2.13 will not work. Switch to[m
[STDERR  ] 2019-06-19T05:22:05.923035104Z:     [1;30m "CONFIG_VSYSCALL_[NATIVE|EMULATE]" or use "vsyscall=[native|emulate]"[m
[STDERR  ] 2019-06-19T05:22:05.923047490Z:     [1;30m on kernel command line. Note that this will disable ASLR for the,[m
[STDERR  ] 2019-06-19T05:22:05.923067499Z:     [1;30m VDSO which may assist in exploiting security vulnerabilities.)[m
[STDERR  ] 2019-06-19T05:22:05.923094504Z: - [37mCONFIG_BLK_CGROUP[m: [32menabled[m
[STDERR  ] 2019-06-19T05:22:05.923106895Z: - [37mCONFIG_BLK_DEV_THROTTLING[m: [32menabled[m
[STDERR  ] 2019-06-19T05:22:05.923120267Z: - [37mCONFIG_IOSCHED_CFQ[m: [32menabled[m
[STDERR  ] 2019-06-19T05:22:05.923132541Z: - [37mCONFIG_CFQ_GROUP_IOSCHED[m: [32menabled[m
[STDERR  ] 2019-06-19T05:22:05.923145241Z: - [37mCONFIG_CGROUP_PERF[m: [32menabled[m
[STDERR  ] 2019-06-19T05:22:05.923173451Z: - [37mCONFIG_CGROUP_HUGETLB[m: [32menabled[m
[STDERR  ] 2019-06-19T05:22:05.923189373Z: - [37mCONFIG_NET_CLS_CGROUP[m: [32menabled[m
[STDERR  ] 2019-06-19T05:22:05.923201793Z: - [37mCONFIG_CGROUP_NET_PRIO[m: [32menabled[m
[STDERR  ] 2019-06-19T05:22:05.923214918Z: - [37mCONFIG_CFS_BANDWIDTH[m: [32menabled[m
[STDERR  ] 2019-06-19T05:22:05.923227975Z: - [37mCONFIG_FAIR_GROUP_SCHED[m: [32menabled[m
[STDERR  ] 2019-06-19T05:22:05.923256042Z: - [37mCONFIG_RT_GROUP_SCHED[m: [32menabled[m
[STDERR  ] 2019-06-19T05:22:05.923268563Z: - [37mCONFIG_IP_NF_TARGET_REDIRECT[m: [32menabled[m
[STDERR  ] 2019-06-19T05:22:05.923281799Z: - [37mCONFIG_IP_VS[m: [32menabled[m
[STDERR  ] 2019-06-19T05:22:05.923294555Z: - [37mCONFIG_IP_VS_NFCT[m: [32menabled[m
[STDERR  ] 2019-06-19T05:22:05.923327342Z: - [37mCONFIG_IP_VS_PROTO_TCP[m: [32menabled[m
[STDERR  ] 2019-06-19T05:22:05.923352758Z: - [37mCONFIG_IP_VS_PROTO_UDP[m: [32menabled[m
[STDERR  ] 2019-06-19T05:22:05.923364914Z: - [37mCONFIG_IP_VS_RR[m: [32menabled[m
[STDERR  ] 2019-06-19T05:22:05.923377029Z: - [37mCONFIG_EXT4_FS[m: [32menabled[m
[STDERR  ] 2019-06-19T05:22:05.923389714Z: - [37mCONFIG_EXT4_FS_POSIX_ACL[m: [32menabled[m
[STDERR  ] 2019-06-19T05:22:05.923417610Z: - [37mCONFIG_EXT4_FS_SECURITY[m: [32menabled[m
[STDERR  ] 2019-06-19T05:22:05.923496589Z: - Network Drivers:
[STDERR  ] 2019-06-19T05:22:05.923548049Z:   - "[34moverlay[m":
[STDERR  ] 2019-06-19T05:22:05.923614127Z:     - [37mCONFIG_VXLAN[m: [32menabled[m
[STDERR  ] 2019-06-19T05:22:05.923672573Z:       Optional (for encrypted networks):
[STDERR  ] 2019-06-19T05:22:05.923718049Z:       - [37mCONFIG_CRYPTO[m: [32menabled[m
[STDERR  ] 2019-06-19T05:22:05.923786534Z:       - [37mCONFIG_CRYPTO_AEAD[m: [32menabled[m
[STDERR  ] 2019-06-19T05:22:05.923834836Z:       - [37mCONFIG_CRYPTO_GCM[m: [32menabled[m
[STDERR  ] 2019-06-19T05:22:05.923893419Z:       - [37mCONFIG_CRYPTO_SEQIV[m: [32menabled[m
[STDERR  ] 2019-06-19T05:22:05.923938046Z:       - [37mCONFIG_CRYPTO_GHASH[m: [32menabled[m
[STDERR  ] 2019-06-19T05:22:05.923995931Z:       - [37mCONFIG_XFRM[m: [32menabled[m
[STDERR  ] 2019-06-19T05:22:05.924039012Z:       - [37mCONFIG_XFRM_USER[m: [32menabled (as module)[m
[STDERR  ] 2019-06-19T05:22:05.924106357Z:       - [37mCONFIG_XFRM_ALGO[m: [32menabled (as module)[m
[STDERR  ] 2019-06-19T05:22:05.924152438Z:       - [37mCONFIG_INET_ESP[m: [32menabled (as module)[m
[STDERR  ] 2019-06-19T05:22:05.924212248Z:       - [37mCONFIG_INET_XFRM_MODE_TRANSPORT[m: [32menabled (as module)[m
[STDERR  ] 2019-06-19T05:22:05.924256985Z:   - "[34mipvlan[m":
[STDERR  ] 2019-06-19T05:22:05.924317282Z:     - [37mCONFIG_IPVLAN[m: [32menabled[m
[STDERR  ] 2019-06-19T05:22:05.924364337Z:   - "[34mmacvlan[m":
[STDERR  ] 2019-06-19T05:22:05.924431654Z:     - [37mCONFIG_MACVLAN[m: [32menabled[m
[STDERR  ] 2019-06-19T05:22:05.924494572Z:     - [37mCONFIG_DUMMY[m: [32menabled (as module)[m
[STDERR  ] 2019-06-19T05:22:05.924543547Z:   - "[34mftp,tftp client in container[m":
[STDERR  ] 2019-06-19T05:22:05.924604680Z:     - [37mCONFIG_NF_NAT_FTP[m: [32menabled[m
[STDERR  ] 2019-06-19T05:22:05.924668397Z:     - [37mCONFIG_NF_CONNTRACK_FTP[m: [32menabled[m
[STDERR  ] 2019-06-19T05:22:05.924721292Z:     - [37mCONFIG_NF_NAT_TFTP[m: [32menabled[m
[STDERR  ] 2019-06-19T05:22:05.924791904Z:     - [37mCONFIG_NF_CONNTRACK_TFTP[m: [32menabled[m
[STDERR  ] 2019-06-19T05:22:05.924863411Z: - Storage Drivers:
[STDERR  ] 2019-06-19T05:22:05.924909891Z:   - "[34maufs[m":
[STDERR  ] 2019-06-19T05:22:05.924976726Z:     - [1mCONFIG_AUFS_FS[m: [1;31mmissing[m
[STDERR  ] 2019-06-19T05:22:05.925040189Z:   - "[34mbtrfs[m":
[STDERR  ] 2019-06-19T05:22:05.925087851Z:     - [37mCONFIG_BTRFS_FS[m: [32menabled (as module)[m
[STDERR  ] 2019-06-19T05:22:05.925154481Z:     - [37mCONFIG_BTRFS_FS_POSIX_ACL[m: [32menabled[m
[STDERR  ] 2019-06-19T05:22:05.925222908Z:   - "[34mdevicemapper[m":
[STDERR  ] 2019-06-19T05:22:05.925273727Z:     - [37mCONFIG_BLK_DEV_DM[m: [32menabled[m
[STDERR  ] 2019-06-19T05:22:05.925336861Z:     - [37mCONFIG_DM_THIN_PROVISIONING[m: [32menabled[m
[STDERR  ] 2019-06-19T05:22:05.925402808Z:   - "[34moverlay[m":
[STDERR  ] 2019-06-19T05:22:05.925449875Z:     - [37mCONFIG_OVERLAY_FS[m: [32menabled[m
[STDERR  ] 2019-06-19T05:22:05.925513412Z:   - "[34mzfs[m":
[STDERR  ] 2019-06-19T05:22:05.925577265Z:     - [1m/dev/zfs[m: [1;31mmissing[m
[STDERR  ] 2019-06-19T05:22:05.925620822Z:     - [1mzfs command[m: [1;31mmissing[m
[STDERR  ] 2019-06-19T05:22:05.925686383Z:     - [1mzpool command[m: [1;31mmissing[m
[STDERR  ] 2019-06-19T05:22:05.925727388Z: 
[STDERR  ] 2019-06-19T05:22:05.925808923Z: Limits:
[STDERR  ] 2019-06-19T05:22:05.925881488Z: [37m- /proc/sys/kernel/keys/root_maxkeys[m: [32m1000000[m
[STDERR  ] 2019-06-19T05:22:05.925931405Z: 
[STDERR  ] 2019-06-19T05:22:05.925992810Z: Kernel config test suite PASSED
[STDERR  ] 2019-06-19T05:22:05.926038503Z: [    8.842874] ACPI: Preparing to enter system sleep state S5
[STDERR  ] 2019-06-19T05:22:05.926100613Z: [    8.848193] reboot: Power down
[STDERR  ] 2019-06-19T05:22:05.926145867Z: + grep -q suite PASSED
[STDERR  ] 2019-06-19T05:22:05.926204152Z: + echo [    0.000000] Linux version 4.19.51-linuxkit (root@5e22f1a454b5) (gcc version 8.3.0 (Alpine 8.3.0)) #1 SMP Mon Jun 17 08:07:30 UTC 2019
[STDERR  ] 2019-06-19T05:22:05.926289878Z: [    0.000000] Command line: console=ttyS0 console=ttyAMA0
[STDERR  ] 2019-06-19T05:22:05.926356746Z: [    0.000000] x86/fpu: x87 FPU will use FXSAVE
[STDERR  ] 2019-06-19T05:22:05.926405776Z: [    0.000000] BIOS-provided physical RAM map:
[STDERR  ] 2019-06-19T05:22:05.926465160Z: [    0.000000] BIOS-e820: [mem 0x0000000000000000-0x000000000009fbff] usable
[STDERR  ] 2019-06-19T05:22:05.926515858Z: [    0.000000] BIOS-e820: [mem 0x000000000009fc00-0x000000000009ffff] reserved
[STDERR  ] 2019-06-19T05:22:05.926583018Z: [    0.000000] BIOS-e820: [mem 0x00000000000f0000-0x00000000000fffff] reserved
[STDERR  ] 2019-06-19T05:22:05.926629092Z: [    0.000000] BIOS-e820: [mem 0x0000000000100000-0x000000003ffdefff] usable
[STDERR  ] 2019-06-19T05:22:05.926690201Z: [    0.000000] BIOS-e820: [mem 0x000000003ffdf000-0x000000003fffffff] reserved
[STDERR  ] 2019-06-19T05:22:05.926736173Z: [    0.000000] BIOS-e820: [mem 0x00000000b0000000-0x00000000bfffffff] reserved
[STDERR  ] 2019-06-19T05:22:05.926804002Z: [    0.000000] BIOS-e820: [mem 0x00000000fed1c000-0x00000000fed1ffff] reserved
[STDERR  ] 2019-06-19T05:22:05.926866129Z: [    0.000000] BIOS-e820: [mem 0x00000000feffc000-0x00000000feffffff] reserved
[STDERR  ] 2019-06-19T05:22:05.926917565Z: [    0.000000] BIOS-e820: [mem 0x00000000fffc0000-0x00000000ffffffff] reserved
[STDERR  ] 2019-06-19T05:22:05.926974502Z: [    0.000000] NX (Execute Disable) protection: active
[STDERR  ] 2019-06-19T05:22:05.927022401Z: [    0.000000] SMBIOS 2.8 present.
[STDERR  ] 2019-06-19T05:22:05.927070314Z: [    0.000000] DMI: QEMU Standard PC (Q35 + ICH9, 2009), BIOS 1.10.2-1 04/01/2014
[STDERR  ] 2019-06-19T05:22:05.927127793Z: [    0.000000] Hypervisor detected: KVM
[STDERR  ] 2019-06-19T05:22:05.927175540Z: [    0.000000] kvm-clock: Using msrs 4b564d01 and 4b564d00
[STDERR  ] 2019-06-19T05:22:05.927222745Z: [    0.555219] kvm-clock: cpu 0, msr 1981e001, primary cpu clock
[STDERR  ] 2019-06-19T05:22:05.927267880Z: [    0.555219] clocksource: kvm-clock: mask: 0xffffffffffffffff max_cycles: 0x1cd42e4dffb, max_idle_ns: 881590591483 ns
[STDERR  ] 2019-06-19T05:22:05.927323575Z: [    0.555228] tsc: Detected 2299.804 MHz processor
[STDERR  ] 2019-06-19T05:22:05.927386347Z: [    0.558595] last_pfn = 0x3ffdf max_arch_pfn = 0x400000000
[STDERR  ] 2019-06-19T05:22:05.927438969Z: [    0.559227] x86/PAT: PAT not supported by CPU.
[STDERR  ] 2019-06-19T05:22:05.927485874Z: [    0.559287] x86/PAT: Configuration [0-7]: WB  WT  UC- UC  WB  WT  UC- UC  
[STDERR  ] 2019-06-19T05:22:05.927528513Z: [    0.569812] found SMP MP-table at [mem 0x000f6a90-0x000f6a9f]
[STDERR  ] 2019-06-19T05:22:05.927577324Z: [    0.570200] RAMDISK: [mem 0x3e008000-0x3ffcffff]
[STDERR  ] 2019-06-19T05:22:05.927622148Z: [    0.570430] ACPI: Early table checksum verification disabled
[STDERR  ] 2019-06-19T05:22:05.927667908Z: [    0.570561] ACPI: RSDP 0x00000000000F68D0 000014 (v00 BOCHS )
[STDERR  ] 2019-06-19T05:22:05.927712436Z: [    0.570570] ACPI: RSDT 0x000000003FFE2404 000034 (v01 BOCHS  BXPCRSDT 00000001 BXPC 00000001)
[STDERR  ] 2019-06-19T05:22:05.927783142Z: [    0.570577] ACPI: FACP 0x000000003FFE22A4 000074 (v01 BOCHS  BXPCFACP 00000001 BXPC 00000001)
[STDERR  ] 2019-06-19T05:22:05.927828468Z: [    0.570585] ACPI: DSDT 0x000000003FFE0040 002264 (v01 BOCHS  BXPCDSDT 00000001 BXPC 00000001)
[STDERR  ] 2019-06-19T05:22:05.927878750Z: [    0.570589] ACPI: FACS 0x000000003FFE0000 000040
[STDERR  ] 2019-06-19T05:22:05.927929595Z: [    0.570593] ACPI: APIC 0x000000003FFE2318 000078 (v01 BOCHS  BXPCAPIC 00000001 BXPC 00000001)
[STDERR  ] 2019-06-19T05:22:05.927974686Z: [    0.570597] ACPI: HPET 0x000000003FFE2390 000038 (v01 BOCHS  BXPCHPET 00000001 BXPC 00000001)
[STDERR  ] 2019-06-19T05:22:05.928019845Z: [    0.570600] ACPI: MCFG 0x000000003FFE23C8 00003C (v01 BOCHS  BXPCMCFG 00000001 BXPC 00000001)
[STDERR  ] 2019-06-19T05:22:05.928066442Z: [    0.571335] Zone ranges:
[STDERR  ] 2019-06-19T05:22:05.928113499Z: [    0.571337]   DMA      [mem 0x0000000000001000-0x0000000000ffffff]
[STDERR  ] 2019-06-19T05:22:05.928161148Z: [    0.571339]   DMA32    [mem 0x0000000001000000-0x000000003ffdefff]
[STDERR  ] 2019-06-19T05:22:05.928209567Z: [    0.571341]   Normal   empty
[STDERR  ] 2019-06-19T05:22:05.928253421Z: [    0.571342]   Device   empty
[STDERR  ] 2019-06-19T05:22:05.928301922Z: [    0.571343] Movable zone start for each node
[STDERR  ] 2019-06-19T05:22:05.928347398Z: [    0.571344] Early memory node ranges
[STDERR  ] 2019-06-19T05:22:05.928392109Z: [    0.571346]   node   0: [mem 0x0000000000001000-0x000000000009efff]
[STDERR  ] 2019-06-19T05:22:05.928458795Z: [    0.571347]   node   0: [mem 0x0000000000100000-0x000000003ffdefff]
[STDERR  ] 2019-06-19T05:22:05.928504460Z: [    0.571859] Reserved but unavailable: 98 pages
[STDERR  ] 2019-06-19T05:22:05.928550075Z: [    0.571861] Initmem setup node 0 [mem 0x0000000000001000-0x000000003ffdefff]
[STDERR  ] 2019-06-19T05:22:05.928596580Z: [    0.583711] ACPI: PM-Timer IO Port: 0x608
[STDERR  ] 2019-06-19T05:22:05.928641882Z: [    0.583759] ACPI: LAPIC_NMI (acpi_id[0xff] dfl dfl lint[0x1])
[STDERR  ] 2019-06-19T05:22:05.928686929Z: [    0.584021] IOAPIC[0]: apic_id 0, version 17, address 0xfec00000, GSI 0-23
[STDERR  ] 2019-06-19T05:22:05.928736618Z: [    0.584025] ACPI: INT_SRC_OVR (bus 0 bus_irq 0 global_irq 2 dfl dfl)
[STDERR  ] 2019-06-19T05:22:05.928789731Z: [    0.584028] ACPI: INT_SRC_OVR (bus 0 bus_irq 5 global_irq 5 high level)
[STDERR  ] 2019-06-19T05:22:05.928833940Z: [    0.584029] ACPI: INT_SRC_OVR (bus 0 bus_irq 9 global_irq 9 high level)
[STDERR  ] 2019-06-19T05:22:05.928878239Z: [    0.584031] ACPI: INT_SRC_OVR (bus 0 bus_irq 10 global_irq 10 high level)
[STDERR  ] 2019-06-19T05:22:05.928923211Z: [    0.584032] ACPI: INT_SRC_OVR (bus 0 bus_irq 11 global_irq 11 high level)
[STDERR  ] 2019-06-19T05:22:05.928971573Z: [    0.584039] Using ACPI (MADT) for SMP configuration information
[STDERR  ] 2019-06-19T05:22:05.929023609Z: [    0.584041] ACPI: HPET id: 0x8086a201 base: 0xfed00000
[STDERR  ] 2019-06-19T05:22:05.929068546Z: [    0.584084] smpboot: Allowing 1 CPUs, 0 hotplug CPUs
[STDERR  ] 2019-06-19T05:22:05.929120658Z: [    0.584204] [mem 0x40000000-0xafffffff] available for PCI devices
[STDERR  ] 2019-06-19T05:22:05.929165356Z: [    0.584205] Booting paravirtualized kernel on KVM
[STDERR  ] 2019-06-19T05:22:05.929208875Z: [    0.584208] clocksource: refined-jiffies: mask: 0xffffffff max_cycles: 0xffffffff, max_idle_ns: 1910969940391419 ns
[STDERR  ] 2019-06-19T05:22:05.929255406Z: [    0.686891] random: get_random_bytes called from start_kernel+0x91/0x512 with crng_init=0
[STDERR  ] 2019-06-19T05:22:05.929301380Z: [    0.686906] setup_percpu: NR_CPUS:128 nr_cpumask_bits:128 nr_cpu_ids:1 nr_node_ids:1
[STDERR  ] 2019-06-19T05:22:05.929350081Z: [    0.687668] percpu: Embedded 45 pages/cpu s145112 r8192 d31016 u2097152
[STDERR  ] 2019-06-19T05:22:05.929399361Z: [    0.687771] KVM setup async PF for cpu 0
[STDERR  ] 2019-06-19T05:22:05.929446636Z: [    0.687824] kvm-stealtime: cpu 0, msr 3cc15e80
[STDERR  ] 2019-06-19T05:22:05.929492264Z: [    0.687854] Built 1 zonelists, mobility grouping on.  Total pages: 257896
[STDERR  ] 2019-06-19T05:22:05.929541006Z: [    0.687857] Kernel command line: console=ttyS0 console=ttyAMA0
[STDERR  ] 2019-06-19T05:22:05.929586221Z: [    0.688001] Dentry cache hash table entries: 131072 (order: 8, 1048576 bytes)
[STDERR  ] 2019-06-19T05:22:05.929633491Z: [    0.688026] Inode-cache hash table entries: 65536 (order: 7, 524288 bytes)
[STDERR  ] 2019-06-19T05:22:05.929687820Z: [    0.691707] Memory: 968564K/1048052K available (12300K kernel code, 1583K rwdata, 3012K rodata, 1588K init, 2020K bss, 79488K reserved, 0K cma-reserved)
[STDERR  ] 2019-06-19T05:22:05.929737287Z: [    0.692459] Kernel/User page tables isolation: enabled
[STDERR  ] 2019-06-19T05:22:05.929811201Z: [    0.692561] ftrace: allocating 43130 entries in 169 pages
[STDERR  ] 2019-06-19T05:22:05.929857431Z: [    0.714157] rcu: Hierarchical RCU implementation.
[STDERR  ] 2019-06-19T05:22:05.929902936Z: [    0.714161] rcu: 	RCU restricting CPUs from NR_CPUS=128 to nr_cpu_ids=1.
[STDERR  ] 2019-06-19T05:22:05.929947320Z: [    0.714163] rcu: Adjusting geometry for rcu_fanout_leaf=16, nr_cpu_ids=1
[STDERR  ] 2019-06-19T05:22:05.929992410Z: [    0.717020] NR_IRQS: 8448, nr_irqs: 256, preallocated irqs: 16
[STDERR  ] 2019-06-19T05:22:05.930038452Z: [    0.743525] Console: colour VGA+ 80x25
[STDERR  ] 2019-06-19T05:22:05.930084965Z: [    1.187909] console [ttyS0] enabled
[STDERR  ] 2019-06-19T05:22:05.930133971Z: [    1.191201] ACPI: Core revision 20180810
[STDERR  ] 2019-06-19T05:22:05.930193824Z: [    1.195649] clocksource: hpet: mask: 0xffffffff max_cycles: 0xffffffff, max_idle_ns: 19112604467 ns
[STDERR  ] 2019-06-19T05:22:05.930357876Z: [    1.204446] APIC: Switch to symmetric I/O mode setup
[STDERR  ] 2019-06-19T05:22:05.930419913Z: [    1.211505] x2apic enabled
[STDERR  ] 2019-06-19T05:22:05.930469264Z: [    1.216270] Switched APIC routing to physical x2apic.
[STDERR  ] 2019-06-19T05:22:05.930513959Z: [    1.231494] ..TIMER: vector=0x30 apic1=0 pin1=2 apic2=-1 pin2=-1
[STDERR  ] 2019-06-19T05:22:05.930560027Z: [    1.237130] clocksource: tsc-early: mask: 0xffffffffffffffff max_cycles: 0x21267c42e6c, max_idle_ns: 440795315891 ns
[STDERR  ] 2019-06-19T05:22:05.930610033Z: [    1.246725] Calibrating delay loop (skipped) preset value.. 4599.60 BogoMIPS (lpj=2299804)
[STDERR  ] 2019-06-19T05:22:05.930653689Z: [    1.247701] pid_max: default: 32768 minimum: 301
[STDERR  ] 2019-06-19T05:22:05.930698926Z: [    1.248802] Security Framework initialized
[STDERR  ] 2019-06-19T05:22:05.930755611Z: [    1.249701] Yama: becoming mindful.
[STDERR  ] 2019-06-19T05:22:05.930803210Z: [    1.250746] Mount-cache hash table entries: 2048 (order: 2, 16384 bytes)
[STDERR  ] 2019-06-19T05:22:05.930853523Z: [    1.251703] Mountpoint-cache hash table entries: 2048 (order: 2, 16384 bytes)
[STDERR  ] 2019-06-19T05:22:05.930898713Z: [    1.254749] Last level iTLB entries: 4KB 0, 2MB 0, 4MB 0
[STDERR  ] 2019-06-19T05:22:05.930943767Z: [    1.255701] Last level dTLB entries: 4KB 0, 2MB 0, 4MB 0, 1GB 0
[STDERR  ] 2019-06-19T05:22:05.930995924Z: [    1.256700] Spectre V2 : Mitigation: Full generic retpoline
[STDERR  ] 2019-06-19T05:22:05.931043507Z: [    1.257698] Spectre V2 : Spectre v2 / SpectreRSB mitigation: Filling RSB on context switch
[STDERR  ] 2019-06-19T05:22:05.931091320Z: [    1.258698] Speculative Store Bypass: Vulnerable
[STDERR  ] 2019-06-19T05:22:05.931138222Z: [    1.259717] MDS: Vulnerable: Clear CPU buffers attempted, no microcode
[STDERR  ] 2019-06-19T05:22:05.931183552Z: [    1.269780] Freeing SMP alternatives memory: 20K
[STDERR  ] 2019-06-19T05:22:05.931230010Z: [    1.272692] smpboot: CPU0: Intel QEMU Virtual CPU version 2.5+ (family: 0x6, model: 0x6, stepping: 0x3)
[STDERR  ] 2019-06-19T05:22:05.931277810Z: [    1.273702] Performance Events: PMU not available due to virtualization, using software events only.
[STDERR  ] 2019-06-19T05:22:05.931323244Z: [    1.275993] rcu: Hierarchical SRCU implementation.
[STDERR  ] 2019-06-19T05:22:05.931369157Z: [    1.276848] NMI watchdog: Perf NMI watchdog permanently disabled
[STDERR  ] 2019-06-19T05:22:05.931415896Z: [    1.278786] smp: Bringing up secondary CPUs ...
[STDERR  ] 2019-06-19T05:22:05.931460394Z: [    1.279700] smp: Brought up 1 node, 1 CPU
[STDERR  ] 2019-06-19T05:22:05.931506061Z: [    1.280697] smpboot: Max logical packages: 1
[STDERR  ] 2019-06-19T05:22:05.931550688Z: [    1.281698] smpboot: Total of 1 processors activated (4599.60 BogoMIPS)
[STDERR  ] 2019-06-19T05:22:05.931601358Z: [    1.283754] devtmpfs: initialized
[STDERR  ] 2019-06-19T05:22:05.931646645Z: [    1.284772] x86/mm: Memory block size: 128MB
[STDERR  ] 2019-06-19T05:22:05.931695220Z: [    1.286072] clocksource: jiffies: mask: 0xffffffff max_cycles: 0xffffffff, max_idle_ns: 1911260446275000 ns
[STDERR  ] 2019-06-19T05:22:05.931748568Z: [    1.286707] futex hash table entries: 256 (order: 2, 16384 bytes)
[STDERR  ] 2019-06-19T05:22:05.931795470Z: [    1.288017] NET: Registered protocol family 16
[STDERR  ] 2019-06-19T05:22:05.931841199Z: [    1.288873] audit: initializing netlink subsys (disabled)
[STDERR  ] 2019-06-19T05:22:05.931886056Z: [    1.289875] cpuidle: using governor ladder
[STDERR  ] 2019-06-19T05:22:05.931929325Z: [    1.290700] cpuidle: using governor menu
[STDERR  ] 2019-06-19T05:22:05.931979489Z: [    1.291836] ACPI: bus type PCI registered
[STDERR  ] 2019-06-19T05:22:05.932032936Z: [    1.292700] acpiphp: ACPI Hot Plug PCI Controller Driver version: 0.5
[STDERR  ] 2019-06-19T05:22:05.932081494Z: [    1.293709] audit: type=2000 audit(1560921717.298:1): state=initialized audit_enabled=0 res=1
[STDERR  ] 2019-06-19T05:22:05.932126229Z: [    1.295174] PCI: MMCONFIG for domain 0000 [bus 00-ff] at [mem 0xb0000000-0xbfffffff] (base 0xb0000000)
[STDERR  ] 2019-06-19T05:22:05.932173364Z: [    1.295704] PCI: MMCONFIG at [mem 0xb0000000-0xbfffffff] reserved in E820
[STDERR  ] 2019-06-19T05:22:05.932219178Z: [    1.296718] PCI: Using configuration type 1 for base access
[STDERR  ] 2019-06-19T05:22:05.932265061Z: [    1.299886] HugeTLB registered 2.00 MiB page size, pre-allocated 0 pages
[STDERR  ] 2019-06-19T05:22:05.932317529Z: [    1.300870] cryptd: max_cpu_qlen set to 1000
[STDERR  ] 2019-06-19T05:22:05.932365205Z: [    1.301884] ACPI: Added _OSI(Module Device)
[STDERR  ] 2019-06-19T05:22:05.932432973Z: [    1.302699] ACPI: Added _OSI(Processor Device)
[STDERR  ] 2019-06-19T05:22:05.932478134Z: [    1.303698] ACPI: Added _OSI(3.0 _SCP Extensions)
[STDERR  ] 2019-06-19T05:22:05.932521429Z: [    1.304697] ACPI: Added _OSI(Processor Aggregator Device)
[STDERR  ] 2019-06-19T05:22:05.932570104Z: [    1.305717] ACPI: Added _OSI(Linux-Dell-Video)
[STDERR  ] 2019-06-19T05:22:05.932614399Z: [    1.306699] ACPI: Added _OSI(Linux-Lenovo-NV-HDMI-Audio)
[STDERR  ] 2019-06-19T05:22:05.932661552Z: [    1.309210] ACPI: 1 ACPI AML tables successfully acquired and loaded
[STDERR  ] 2019-06-19T05:22:05.932706526Z: [    1.312766] ACPI: Interpreter enabled
[STDERR  ] 2019-06-19T05:22:05.932759867Z: [    1.313706] ACPI: (supports S0 S5)
[STDERR  ] 2019-06-19T05:22:05.932805335Z: [    1.314697] ACPI: Using IOAPIC for interrupt routing
[STDERR  ] 2019-06-19T05:22:05.932857515Z: [    1.315760] PCI: Using host bridge windows from ACPI; if necessary, use "pci=nocrs" and report a bug
[STDERR  ] 2019-06-19T05:22:05.932903137Z: [    1.317893] ACPI: Enabled 2 GPEs in block 00 to 3F
[STDERR  ] 2019-06-19T05:22:05.932947813Z: [    1.323079] ACPI: PCI Root Bridge [PCI0] (domain 0000 [bus 00-ff])
[STDERR  ] 2019-06-19T05:22:05.932992706Z: [    1.323709] acpi PNP0A08:00: _OSC: OS supports [ExtendedConfig ASPM ClockPM Segments MSI]
[STDERR  ] 2019-06-19T05:22:05.933039985Z: [    1.324820] acpi PNP0A08:00: _OSC: platform does not support [SHPCHotplug LTR]
[STDERR  ] 2019-06-19T05:22:05.933086787Z: [    1.325800] acpi PNP0A08:00: _OSC: OS now controls [PCIeHotplug PME PCIeCapability]
[STDERR  ] 2019-06-19T05:22:05.933136582Z: [    1.327084] PCI host bridge to bus 0000:00
[STDERR  ] 2019-06-19T05:22:05.933183272Z: [    1.327706] pci_bus 0000:00: root bus resource [io  0x0000-0x0cf7 window]
[STDERR  ] 2019-06-19T05:22:05.933228336Z: [    1.328708] pci_bus 0000:00: root bus resource [io  0x0d00-0xffff window]
[STDERR  ] 2019-06-19T05:22:05.933275115Z: [    1.329705] pci_bus 0000:00: root bus resource [mem 0x000a0000-0x000bffff window]
[STDERR  ] 2019-06-19T05:22:05.933324602Z: [    1.330704] pci_bus 0000:00: root bus resource [mem 0xc0000000-0xfebfffff window]
[STDERR  ] 2019-06-19T05:22:05.933372618Z: [    1.331702] pci_bus 0000:00: root bus resource [bus 00-ff]
[STDERR  ] 2019-06-19T05:22:05.933419941Z: [    1.404311] pci 0000:00:1f.0: quirk: [io  0x0600-0x067f] claimed by ICH6 ACPI/GPIO/TCO
[STDERR  ] 2019-06-19T05:22:05.933465965Z: [    1.432378] ACPI: PCI Interrupt Link [LNKA] (IRQs 5 *10 11)
[STDERR  ] 2019-06-19T05:22:05.933511019Z: [    1.433917] ACPI: PCI Interrupt Link [LNKB] (IRQs 5 *10 11)
[STDERR  ] 2019-06-19T05:22:05.933555151Z: [    1.435044] ACPI: PCI Interrupt Link [LNKC] (IRQs 5 10 *11)
[STDERR  ] 2019-06-19T05:22:05.933600398Z: [    1.436008] ACPI: PCI Interrupt Link [LNKD] (IRQs 5 10 *11)
[STDERR  ] 2019-06-19T05:22:05.933646037Z: [    1.437006] ACPI: PCI Interrupt Link [LNKE] (IRQs 5 *10 11)
[STDERR  ] 2019-06-19T05:22:05.933688910Z: [    1.437992] ACPI: PCI Interrupt Link [LNKF] (IRQs 5 *10 11)
[STDERR  ] 2019-06-19T05:22:05.933736836Z: [    1.438994] ACPI: PCI Interrupt Link [LNKG] (IRQs 5 10 *11)
[STDERR  ] 2019-06-19T05:22:05.933792607Z: [    1.439995] ACPI: PCI Interrupt Link [LNKH] (IRQs 5 10 *11)
[STDERR  ] 2019-06-19T05:22:05.933840453Z: [    1.440864] ACPI: PCI Interrupt Link [GSIA] (IRQs *16)
[STDERR  ] 2019-06-19T05:22:05.933886639Z: [    1.441719] ACPI: PCI Interrupt Link [GSIB] (IRQs *17)
[STDERR  ] 2019-06-19T05:22:05.933931407Z: [    1.442716] ACPI: PCI Interrupt Link [GSIC] (IRQs *18)
[STDERR  ] 2019-06-19T05:22:05.933976268Z: [    1.443720] ACPI: PCI Interrupt Link [GSID] (IRQs *19)
[STDERR  ] 2019-06-19T05:22:05.934021370Z: [    1.444715] ACPI: PCI Interrupt Link [GSIE] (IRQs *20)
[STDERR  ] 2019-06-19T05:22:05.934066520Z: [    1.445715] ACPI: PCI Interrupt Link [GSIF] (IRQs *21)
[STDERR  ] 2019-06-19T05:22:05.934116542Z: [    1.446723] ACPI: PCI Interrupt Link [GSIG] (IRQs *22)
[STDERR  ] 2019-06-19T05:22:05.934158490Z: [    1.447713] ACPI: PCI Interrupt Link [GSIH] (IRQs *23)
[STDERR  ] 2019-06-19T05:22:05.934204899Z: [    1.449951] SCSI subsystem initialized
[STDERR  ] 2019-06-19T05:22:05.934269822Z: [    1.450821] ACPI: bus type USB registered
[STDERR  ] 2019-06-19T05:22:05.934318692Z: [    1.451733] usbcore: registered new interface driver usbfs
[STDERR  ] 2019-06-19T05:22:05.934363350Z: [    1.452723] usbcore: registered new interface driver hub
[STDERR  ] 2019-06-19T05:22:05.934405387Z: [    1.453729] usbcore: registered new device driver usb
[STDERR  ] 2019-06-19T05:22:05.934452134Z: [    1.454723] pps_core: LinuxPPS API ver. 1 registered
[STDERR  ] 2019-06-19T05:22:05.934503342Z: [    1.455697] pps_core: Software ver. 5.3.6 - Copyright 2005-2007 Rodolfo Giometti <giometti@linux.it>
[STDERR  ] 2019-06-19T05:22:05.934549693Z: [    1.456707] PTP clock support registered
[STDERR  ] 2019-06-19T05:22:05.934595376Z: [    1.458787] PCI: Using ACPI for IRQ routing
[STDERR  ] 2019-06-19T05:22:05.934651971Z: [    1.917853] NetLabel: Initializing
[STDERR  ] 2019-06-19T05:22:05.934700604Z: [    1.918700] NetLabel:  domain hash size = 128
[STDERR  ] 2019-06-19T05:22:05.934753668Z: [    1.919696] NetLabel:  protocols = UNLABELED CIPSOv4 CALIPSO
[STDERR  ] 2019-06-19T05:22:05.934802669Z: [    1.920736] NetLabel:  unlabeled traffic allowed by default
[STDERR  ] 2019-06-19T05:22:05.934846122Z: [    1.922701] HPET: 3 timers in total, 0 timers will be used for per-cpu timer
[STDERR  ] 2019-06-19T05:22:05.934890945Z: [    1.923809] hpet0: at MMIO 0xfed00000, IRQs 2, 8, 0
[STDERR  ] 2019-06-19T05:22:05.934933942Z: [    1.924699] hpet0: 3 comparators, 64-bit 100.000000 MHz counter
[STDERR  ] 2019-06-19T05:22:05.935016965Z: [    1.927752] clocksource: Switched to clocksource kvm-clock
[STDERR  ] 2019-06-19T05:22:05.935038579Z: [    1.955288] VFS: Disk quotas dquot_6.6.0
[PASS    ] linuxkit.kernel.config_4.19.x 22.37s
[STDERR  ] 2019-06-19T05:22:05.935051727Z: [    1.959049] VFS: Dquot-cache hash table entries: 512 (order 0, 4096 bytes)
