[INFO    ] 2019-06-19T05:33:28.357224955Z: Running Test linuxkit.packages.extend.ext4 in /tmp/build/test/cases/040_packages/005_extend/000_ext4
[STDERR  ] 2019-06-19T05:33:28.357362058Z: [    2.088392] ata3: SATA link up 1.5 Gbps (SStatus 113 SControl 300)
[INFO    ] 2019-06-19T05:33:28.357371817Z: Running command: [/bin/sh -x /tmp/build/test/cases/040_packages/005_extend/000_ext4/test.sh]
[STDERR  ] 2019-06-19T05:33:28.357382878Z: [    2.095099] ata2: SATA link down (SStatus 0 SControl 300)
[STDERR  ] 2019-06-19T05:33:28.357409377Z: [    2.100852] ata4: SATA link down (SStatus 0 SControl 300)
[STDERR  ] 2019-06-19T05:33:28.357422766Z: [    2.106646] ata1: SATA link up 1.5 Gbps (SStatus 113 SControl 300)
[STDERR  ] 2019-06-19T05:33:28.357435339Z: [    2.113179] ata5: SATA link down (SStatus 0 SControl 300)
[STDERR  ] 2019-06-19T05:33:28.357447170Z: [    2.118918] ata6: SATA link down (SStatus 0 SControl 300)
[STDERR  ] 2019-06-19T05:33:28.357458594Z: [    2.124136] ata1.00: ATA-7: QEMU HARDDISK, 2.5+, max UDMA/100
[STDERR  ] 2019-06-19T05:33:28.357470921Z: [    2.129335] ata1.00: 65536 sectors, multi 16: LBA48 NCQ (depth 31/32)
[STDERR  ] 2019-06-19T05:33:28.357487231Z: [    2.135144] ata1.00: applying bridge limits
[STDERR  ] 2019-06-19T05:33:28.357504033Z: [    2.139367] ata3.00: ATAPI: QEMU DVD-ROM, 2.5+, max UDMA/100
[STDERR  ] 2019-06-19T05:33:28.357516449Z: [    2.144546] ata3.00: applying bridge limits
[STDERR  ] 2019-06-19T05:33:28.357529124Z: [    2.149259] ata3.00: configured for UDMA/100
[STDERR  ] 2019-06-19T05:33:28.357541466Z: [    2.154283] ata1.00: configured for UDMA/100
[STDERR  ] 2019-06-19T05:33:28.357554513Z: [    2.158307] scsi 0:0:0:0: Direct-Access     ATA      QEMU HARDDISK    2.5+ PQ: 0 ANSI: 5
[STDERR  ] 2019-06-19T05:33:28.357571577Z: [    2.165840] sd 0:0:0:0: [sda] 65536 512-byte logical blocks: (33.6 MB/32.0 MiB)
[STDERR  ] 2019-06-19T05:33:28.357585055Z: [    2.172471] sd 0:0:0:0: Attached scsi generic sg0 type 0
[STDERR  ] 2019-06-19T05:33:28.357597916Z: [    2.177321] sd 0:0:0:0: [sda] Write Protect is off
[STDERR  ] 2019-06-19T05:33:28.357610812Z: [    2.182142] scsi 2:0:0:0: CD-ROM            QEMU     QEMU DVD-ROM     2.5+ PQ: 0 ANSI: 5
[STDERR  ] 2019-06-19T05:33:28.357625073Z: [
[STDERR  ] 2019-06-19T05:33:28.419291853Z: + set -ex
[STDERR  ] 2019-06-19T05:33:28.419397321Z: + . /tmp/build/test/cases/_lib/lib.sh
[STDERR  ] 2019-06-19T05:33:28.419416554Z: + [ -f src/github.com/linuxkit/rtf/lib/lib.sh ]
[STDERR  ] 2019-06-19T05:33:28.419430015Z: + LINUXKIT_TMPDIR=/tmp/build/test/cases/_tmp
[STDERR  ] 2019-06-19T05:33:28.419443327Z: + [ -f /tmp/build/test/cases/_tmp/env.sh ]
[STDERR  ] 2019-06-19T05:33:28.419457425Z: + . /tmp/build/test/cases/_tmp/env.sh
[STDERR  ] 2019-06-19T05:33:28.419470034Z: + export LINUXKIT_EXAMPLES_DIR=/tmp/build/test/cases/../../examples
[STDERR  ] 2019-06-19T05:33:28.419483331Z: + RT_CANCEL=253
[STDERR  ] 2019-06-19T05:33:28.419496372Z: + NAME_CREATE=create-ext4
[STDERR  ] 2019-06-19T05:33:28.419511225Z: + NAME_EXTEND=extend-ext4
[STDERR  ] 2019-06-19T05:33:28.419524075Z: + DISK=disk.img
[STDERR  ] 2019-06-19T05:33:28.419536709Z: + trap clean_up EXIT
[STDERR  ] 2019-06-19T05:33:28.419549513Z: + linuxkit build -name create-ext4 -format kernel+initrd test-create.yml
[STDERR  ] 2019-06-19T05:33:28.502114292Z: Extract kernel image: linuxkit/kernel:4.19.51
[STDERR  ] 2019-06-19T05:33:30.596797199Z: Add init containers:
[STDERR  ] 2019-06-19T05:33:30.596879890Z: Process init image: linuxkit/init:v0.7
[STDERR  ] 2019-06-19T05:33:31.809037725Z: Process init image: linuxkit/runc:c1f0db27e71d948f3134b31ce76276f843849b0a
[STDERR  ] 2019-06-19T05:33:33.003556368Z: Add onboot containers:
[STDERR  ] 2019-06-19T05:33:33.003874572Z:   Create OCI config for linuxkit/format:v0.7
[STDERR  ] 2019-06-19T05:33:34.459315378Z:   Create OCI config for linuxkit/mount:v0.7
[STDERR  ] 2019-06-19T05:33:35.866514420Z:   Create OCI config for alpine:3.9
[STDERR  ] 2019-06-19T05:33:37.050814973Z:   Create OCI config for linuxkit/poweroff:b498d30dd9660090565537fceb9e757618737a85
[STDERR  ] 2019-06-19T05:33:38.247388941Z: Create outputs:
[STDERR  ] 2019-06-19T05:33:45.480988626Z:   create-ext4-kernel create-ext4-initrd.img create-ext4-cmdline
[STDERR  ] 2019-06-19T05:33:45.559006643Z: + linuxkit run -disk file=disk.img,format=raw,size=256M create-ext4
[STDOUT  ] 2019-06-19T05:33:46.429318479Z: [    0.000000] Linux version 4.19.51-linuxkit (root@5e22f1a454b5) (gcc version 8.3.0 (Alpine 8.3.0)) #1 SMP Mon Jun 17 08:07:30 UTC 2019
[STDOUT  ] 2019-06-19T05:33:46.434183513Z: [    0.000000] Command line: console=ttyS0 console=ttyAMA0
[STDOUT  ] 2019-06-19T05:33:46.438160947Z: [    0.000000] x86/fpu: x87 FPU will use FXSAVE
[STDOUT  ] 2019-06-19T05:33:46.442034572Z: [    0.000000] BIOS-provided physical RAM map:
[STDOUT  ] 2019-06-19T05:33:46.448319385Z: [    0.000000] BIOS-e820: [mem 0x0000000000000000-0x000000000009fbff] usable
[STDOUT  ] 2019-06-19T05:33:46.454804012Z: [    0.000000] BIOS-e820: [mem 0x000000000009fc00-0x000000000009ffff] reserved
[STDOUT  ] 2019-06-19T05:33:46.461176414Z: [    0.000000] BIOS-e820: [mem 0x00000000000f0000-0x00000000000fffff] reserved
[STDOUT  ] 2019-06-19T05:33:46.467443724Z: [    0.000000] BIOS-e820: [mem 0x0000000000100000-0x000000003ffdefff] usable
[STDOUT  ] 2019-06-19T05:33:46.473919165Z: [    0.000000] BIOS-e820: [mem 0x000000003ffdf000-0x000000003fffffff] reserved
[STDOUT  ] 2019-06-19T05:33:46.480419596Z: [    0.000000] BIOS-e820: [mem 0x00000000b0000000-0x00000000bfffffff] reserved
[STDOUT  ] 2019-06-19T05:33:46.486818220Z: [    0.000000] BIOS-e820: [mem 0x00000000fed1c000-0x00000000fed1ffff] reserved
[STDOUT  ] 2019-06-19T05:33:46.493301635Z: [    0.000000] BIOS-e820: [mem 0x00000000feffc000-0x00000000feffffff] reserved
[STDOUT  ] 2019-06-19T05:33:46.499727260Z: [    0.000000] BIOS-e820: [mem 0x00000000fffc0000-0x00000000ffffffff] reserved
[STDOUT  ] 2019-06-19T05:33:46.504300433Z: [    0.000000] NX (Execute Disable) protection: active
[STDOUT  ] 2019-06-19T05:33:46.507267209Z: [    0.000000] SMBIOS 2.8 present.
[STDOUT  ] 2019-06-19T05:33:46.513732247Z: [    0.000000] DMI: QEMU Standard PC (Q35 + ICH9, 2009), BIOS 1.10.2-1 04/01/2014
[STDOUT  ] 2019-06-19T05:33:46.517080522Z: [    0.000000] Hypervisor detected: KVM
[STDOUT  ] 2019-06-19T05:33:46.521852798Z: [    0.000000] kvm-clock: Using msrs 4b564d01 and 4b564d00
[STDOUT  ] 2019-06-19T05:33:46.527054056Z: [    0.558134] kvm-clock: cpu 0, msr 1081e001, primary cpu clock
[STDOUT  ] 2019-06-19T05:33:46.536517301Z: [    0.558134] clocksource: kvm-clock: mask: 0xffffffffffffffff max_cycles: 0x1cd42e4dffb, max_idle_ns: 881590591483 ns
[STDOUT  ] 2019-06-19T05:33:46.540847557Z: [    0.558145] tsc: Detected 2299.804 MHz processor
[STDOUT  ] 2019-06-19T05:33:46.545824317Z: [    0.561341] last_pfn = 0x3ffdf max_arch_pfn = 0x400000000
[STDOUT  ] 2019-06-19T05:33:46.549877426Z: [    0.561981] x86/PAT: PAT not supported by CPU.
[STDOUT  ] 2019-06-19T05:33:46.556313112Z: [    0.562039] x86/PAT: Configuration [0-7]: WB  WT  UC- UC  WB  WT  UC- UC  
[STDOUT  ] 2019-06-19T05:33:46.561836313Z: [    0.572557] found SMP MP-table at [mem 0x000f6a90-0x000f6a9f]
[STDOUT  ] 2019-06-19T05:33:46.566062690Z: [    0.572950] RAMDISK: [mem 0x3d6a1000-0x3ffcffff]
[STDOUT  ] 2019-06-19T05:33:46.571580392Z: [    0.573164] ACPI: Early table checksum verification disabled
[STDOUT  ] 2019-06-19T05:33:46.577110958Z: [    0.573301] ACPI: RSDP 0x00000000000F68D0 000014 (v00 BOCHS )
[STDOUT  ] 2019-06-19T05:33:46.585210938Z: [    0.573309] ACPI: RSDT 0x000000003FFE2404 000034 (v01 BOCHS  BXPCRSDT 00000001 BXPC 00000001)
[STDOUT  ] 2019-06-19T05:33:46.593099381Z: [    0.573325] ACPI: FACP 0x000000003FFE22A4 000074 (v01 BOCHS  BXPCFACP 00000001 BXPC 00000001)
[STDOUT  ] 2019-06-19T05:33:46.600934975Z: [    0.573332] ACPI: DSDT 0x000000003FFE0040 002264 (v01 BOCHS  BXPCDSDT 00000001 BXPC 00000001)
[STDOUT  ] 2019-06-19T05:33:46.605366772Z: [    0.573336] ACPI: FACS 0x000000003FFE0000 000040
[STDOUT  ] 2019-06-19T05:33:46.613206322Z: [    0.573340] ACPI: APIC 0x000000003FFE2318 000078 (v01 BOCHS  BXPCAPIC 00000001 BXPC 00000001)
[STDOUT  ] 2019-06-19T05:33:46.621013908Z: [    0.573344] ACPI: HPET 0x000000003FFE2390 000038 (v01 BOCHS  BXPCHPET 00000001 BXPC 00000001)
[STDOUT  ] 2019-06-19T05:33:46.628852658Z: [    0.573348] ACPI: MCFG 0x000000003FFE23C8 00003C (v01 BOCHS  BXPCMCFG 00000001 BXPC 00000001)
[STDOUT  ] 2019-06-19T05:33:46.631261419Z: [    0.574158] Zone ranges:
[STDOUT  ] 2019-06-19T05:33:46.637147419Z: [    0.574160]   DMA      [mem 0x0000000000001000-0x0000000000ffffff]
[STDOUT  ] 2019-06-19T05:33:46.642854728Z: [    0.574162]   DMA32    [mem 0x0000000001000000-0x000000003ffdefff]
[STDOUT  ] 2019-06-19T05:33:46.645653679Z: [    0.574164]   Normal   empty
[STDOUT  ] 2019-06-19T05:33:46.648394012Z: [    0.574165]   Device   empty
[STDOUT  ] 2019-06-19T05:33:46.652399916Z: [    0.574166] Movable zone start for each node
[STDOUT  ] 2019-06-19T05:33:46.655801177Z: [    0.574167] Early memory node ranges
[STDOUT  ] 2019-06-19T05:33:46.661567138Z: [    0.574168]   node   0: [mem 0x0000000000001000-0x000000000009efff]
[STDOUT  ] 2019-06-19T05:33:46.667353203Z: [    0.574170]   node   0: [mem 0x0000000000100000-0x000000003ffdefff]
[STDOUT  ] 2019-06-19T05:33:46.671633400Z: [    0.574702] Reserved but unavailable: 98 pages
[STDOUT  ] 2019-06-19T05:33:46.678228973Z: [    0.574704] Initmem setup node 0 [mem 0x0000000000001000-0x000000003ffdefff]
[STDOUT  ] 2019-06-19T05:33:46.681983802Z: [    0.585927] ACPI: PM-Timer IO Port: 0x608
[STDOUT  ] 2019-06-19T05:33:46.687309501Z: [    0.585974] ACPI: LAPIC_NMI (acpi_id[0xff] dfl dfl lint[0x1])
[STDOUT  ] 2019-06-19T05:33:46.693630351Z: [    0.586226] IOAPIC[0]: apic_id 0, version 17, address 0xfec00000, GSI 0-23
[STDOUT  ] 2019-06-19T05:33:46.699505233Z: [    0.586230] ACPI: INT_SRC_OVR (bus 0 bus_irq 0 global_irq 2 dfl dfl)
[STDOUT  ] 2019-06-19T05:33:46.705745539Z: [    0.586232] ACPI: INT_SRC_OVR (bus 0 bus_irq 5 global_irq 5 high level)
[STDOUT  ] 2019-06-19T05:33:46.711839618Z: [    0.586233] ACPI: INT_SRC_OVR (bus 0 bus_irq 9 global_irq 9 high level)
[STDOUT  ] 2019-06-19T05:33:46.718069138Z: [    0.586239] ACPI: INT_SRC_OVR (bus 0 bus_irq 10 global_irq 10 high level)
[STDOUT  ] 2019-06-19T05:33:46.724334904Z: [    0.586240] ACPI: INT_SRC_OVR (bus 0 bus_irq 11 global_irq 11 high level)
[STDOUT  ] 2019-06-19T05:33:46.729787627Z: [    0.586248] Using ACPI (MADT) for SMP configuration information
[STDOUT  ] 2019-06-19T05:33:46.734577481Z: [    0.586250] ACPI: HPET id: 0x8086a201 base: 0xfed00000
[STDOUT  ] 2019-06-19T05:33:46.739183549Z: [    0.586303] smpboot: Allowing 1 CPUs, 0 hotplug CPUs
[STDOUT  ] 2019-06-19T05:33:46.744813341Z: [    0.586427] [mem 0x40000000-0xafffffff] available for PCI devices
[STDOUT  ] 2019-06-19T05:33:46.749139432Z: [    0.586429] Booting paravirtualized kernel on KVM
[STDOUT  ] 2019-06-19T05:33:46.759130699Z: [    0.586431] clocksource: refined-jiffies: mask: 0xffffffff max_cycles: 0xffffffff, max_idle_ns: 1910969940391419 ns
[STDOUT  ] 2019-06-19T05:33:46.766791391Z: [    0.688603] random: get_random_bytes called from start_kernel+0x91/0x512 with crng_init=0
[STDOUT  ] 2019-06-19T05:33:46.774124422Z: [    0.688627] setup_percpu: NR_CPUS:128 nr_cpumask_bits:128 nr_cpu_ids:1 nr_node_ids:1
[STDOUT  ] 2019-06-19T05:33:46.780313758Z: [    0.689386] percpu: Embedded 45 pages/cpu s145112 r8192 d31016 u2097152
[STDOUT  ] 2019-06-19T05:33:46.784020765Z: [    0.689498] KVM setup async PF for cpu 0
[STDOUT  ] 2019-06-19T05:33:46.788184750Z: [    0.689564] kvm-stealtime: cpu 0, msr 3c215e80
[STDOUT  ] 2019-06-19T05:33:46.794415280Z: [    0.689594] Built 1 zonelists, mobility grouping on.  Total pages: 257896
[STDOUT  ] 2019-06-19T05:33:46.800112639Z: [    0.689597] Kernel command line: console=ttyS0 console=ttyAMA0
[STDOUT  ] 2019-06-19T05:33:46.806725831Z: [    0.689735] Dentry cache hash table entries: 131072 (order: 8, 1048576 bytes)
[STDOUT  ] 2019-06-19T05:33:46.813004179Z: [    0.689813] Inode-cache hash table entries: 65536 (order: 7, 524288 bytes)
[STDOUT  ] 2019-06-19T05:33:46.825435983Z: [    0.693564] Memory: 959548K/1048052K available (12300K kernel code, 1583K rwdata, 3012K rodata, 1588K init, 2020K bss, 88504K reserved, 0K cma-reserved)
[STDOUT  ] 2019-06-19T05:33:46.830363965Z: [    0.694281] Kernel/User page tables isolation: enabled
[STDOUT  ] 2019-06-19T05:33:46.835411901Z: [    0.694378] ftrace: allocating 43130 entries in 169 pages
[STDOUT  ] 2019-06-19T05:33:46.839780994Z: [    0.716053] rcu: Hierarchical RCU implementation.
[STDOUT  ] 2019-06-19T05:33:46.845918611Z: [    0.716057] rcu: 	RCU restricting CPUs from NR_CPUS=128 to nr_cpu_ids=1.
[STDOUT  ] 2019-06-19T05:33:46.852109403Z: [    0.716058] rcu: Adjusting geometry for rcu_fanout_leaf=16, nr_cpu_ids=1
[STDOUT  ] 2019-06-19T05:33:46.857470244Z: [    0.718879] NR_IRQS: 8448, nr_irqs: 256, preallocated irqs: 16
[STDOUT  ] 2019-06-19T05:33:46.860977695Z: [    0.745332] Console: colour VGA+ 80x25
[STDOUT  ] 2019-06-19T05:33:46.864256330Z: [    1.188331] console [ttyS0] enabled
[STDOUT  ] 2019-06-19T05:33:46.868009261Z: [    1.191623] ACPI: Core revision 20180810
[STDOUT  ] 2019-06-19T05:33:46.877063323Z: [    1.196139] clocksource: hpet: mask: 0xffffffff max_cycles: 0xffffffff, max_idle_ns: 19112604467 ns
[STDOUT  ] 2019-06-19T05:33:46.882315223Z: [    1.205038] APIC: Switch to symmetric I/O mode setup
[STDOUT  ] 2019-06-19T05:33:46.887703665Z: [    1.212169] x2apic enabled
[STDOUT  ] 2019-06-19T05:33:46.894814057Z: [    1.217222] Switched APIC routing to physical x2apic.
[STDOUT  ] 2019-06-19T05:33:46.910261180Z: [    1.232044] ..TIMER: vector=0x30 apic1=0 pin1=2 apic2=-1 pin2=-1
[STDOUT  ] 2019-06-19T05:33:46.920001373Z: [    1.237802] clocksource: tsc-early: mask: 0xffffffffffffffff max_cycles: 0x21267c42e6c, max_idle_ns: 440795315891 ns
[STDOUT  ] 2019-06-19T05:33:46.927635252Z: [    1.247449] Calibrating delay loop (skipped) preset value.. 4599.60 BogoMIPS (lpj=2299804)
[STDOUT  ] 2019-06-19T05:33:46.931978676Z: [    1.248421] pid_max: default: 32768 minimum: 301
[STDOUT  ] 2019-06-19T05:33:46.935943210Z: [    1.249528] Security Framework initialized
[STDOUT  ] 2019-06-19T05:33:46.939251607Z: [    1.250420] Yama: becoming mindful.
[STDOUT  ] 2019-06-19T05:33:46.945451674Z: [    1.251465] Mount-cache hash table entries: 2048 (order: 2, 16384 bytes)
[STDOUT  ] 2019-06-19T05:33:46.952059844Z: [    1.253422] Mountpoint-cache hash table entries: 2048 (order: 2, 16384 bytes)
[STDOUT  ] 2019-06-19T05:33:46.967051720Z: [    1.257432] Last level iTLB entries: 4KB 0, 2MB 0, 4MB 0
[STDOUT  ] 2019-06-19T05:33:46.972516541Z: [    1.258419] Last level dTLB entries: 4KB 0, 2MB 0, 4MB 0, 1GB 0
[STDOUT  ] 2019-06-19T05:33:46.977731037Z: [    1.260418] Spectre V2 : Mitigation: Full generic retpoline
[STDOUT  ] 2019-06-19T05:33:46.985278540Z: [    1.261416] Spectre V2 : Spectre v2 / SpectreRSB mitigation: Filling RSB on context switch
[STDOUT  ] 2019-06-19T05:33:46.989833777Z: [    1.262418] Speculative Store Bypass: Vulnerable
[STDOUT  ] 2019-06-19T05:33:46.995875195Z: [    1.263436] MDS: Vulnerable: Clear CPU buffers attempted, no microcode
[STDOUT  ] 2019-06-19T05:33:47.009064081Z: [    1.273584] Freeing SMP alternatives memory: 20K
[STDOUT  ] 2019-06-19T05:33:47.120532633Z: [    1.276411] smpboot: CPU0: Intel QEMU Virtual CPU version 2.5+ (family: 0x6, model: 0x6, stepping: 0x3)
[STDOUT  ] 2019-06-19T05:33:47.139133607Z: [    1.276593] Performance Events: PMU not available due to virtualization, using software events only.
[STDOUT  ] 2019-06-19T05:33:47.143881052Z: [    1.278711] rcu: Hierarchical SRCU implementation.
[STDOUT  ] 2019-06-19T05:33:47.149523698Z: [    1.279559] NMI watchdog: Perf NMI watchdog permanently disabled
[STDOUT  ] 2019-06-19T05:33:47.154484404Z: [    1.281494] smp: Bringing up secondary CPUs ...
[STDOUT  ] 2019-06-19T05:33:47.158214941Z: [    1.282418] smp: Brought up 1 node, 1 CPU
[STDOUT  ] 2019-06-19T05:33:47.162181412Z: [    1.283417] smpboot: Max logical packages: 1
[STDOUT  ] 2019-06-19T05:33:47.168267498Z: [    1.284417] smpboot: Total of 1 processors activated (4599.60 BogoMIPS)
[STDOUT  ] 2019-06-19T05:33:47.172317520Z: [    1.286644] devtmpfs: initialized
[STDOUT  ] 2019-06-19T05:33:47.176378200Z: [    1.287500] x86/mm: Memory block size: 128MB
[STDOUT  ] 2019-06-19T05:33:47.185596140Z: [    1.288822] clocksource: jiffies: mask: 0xffffffff max_cycles: 0xffffffff, max_idle_ns: 1911260446275000 ns
[STDOUT  ] 2019-06-19T05:33:47.191251381Z: [    1.289426] futex hash table entries: 256 (order: 2, 16384 bytes)
[STDOUT  ] 2019-06-19T05:33:47.195713198Z: [    1.290726] NET: Registered protocol family 16
[STDOUT  ] 2019-06-19T05:33:47.201006953Z: [    1.292553] audit: initializing netlink subsys (disabled)
[STDOUT  ] 2019-06-19T05:33:47.208886321Z: [    1.293493] audit: type=2000 audit(1560922426.454:1): state=initialized audit_enabled=0 res=1
[STDOUT  ] 2019-06-19T05:33:47.212841609Z: [    1.294524] cpuidle: using governor ladder
[STDOUT  ] 2019-06-19T05:33:47.216538892Z: [    1.296418] cpuidle: using governor menu
[STDOUT  ] 2019-06-19T05:33:47.220480050Z: [    1.297568] ACPI: bus type PCI registered
[STDOUT  ] 2019-06-19T05:33:47.226371485Z: [    1.298417] acpiphp: ACPI Hot Plug PCI Controller Driver version: 0.5
[STDOUT  ] 2019-06-19T05:33:47.235395322Z: [    1.300473] PCI: MMCONFIG for domain 0000 [bus 00-ff] at [mem 0xb0000000-0xbfffffff] (base 0xb0000000)
[STDOUT  ] 2019-06-19T05:33:47.241636062Z: [    1.301422] PCI: MMCONFIG at [mem 0xb0000000-0xbfffffff] reserved in E820
[STDOUT  ] 2019-06-19T05:33:47.246793845Z: [    1.302438] PCI: Using configuration type 1 for base access
[STDOUT  ] 2019-06-19T05:33:47.254884496Z: [    1.306224] HugeTLB registered 2.00 MiB page size, pre-allocated 0 pages
[STDOUT  ] 2019-06-19T05:33:47.259050884Z: [    1.306589] cryptd: max_cpu_qlen set to 1000
[STDOUT  ] 2019-06-19T05:33:47.263110757Z: [    1.307594] ACPI: Added _OSI(Module Device)
[STDOUT  ] 2019-06-19T05:33:47.267280194Z: [    1.308429] ACPI: Added _OSI(Processor Device)
[STDOUT  ] 2019-06-19T05:33:47.271623946Z: [    1.309418] ACPI: Added _OSI(3.0 _SCP Extensions)
[STDOUT  ] 2019-06-19T05:33:47.276644749Z: [    1.310419] ACPI: Added _OSI(Processor Aggregator Device)
[STDOUT  ] 2019-06-19T05:33:47.280839051Z: [    1.311439] ACPI: Added _OSI(Linux-Dell-Video)
[STDOUT  ] 2019-06-19T05:33:47.285765912Z: [    1.312417] ACPI: Added _OSI(Linux-Lenovo-NV-HDMI-Audio)
[STDOUT  ] 2019-06-19T05:33:47.300308396Z: [    1.315667] ACPI: 1 ACPI AML tables successfully acquired and loaded
[STDOUT  ] 2019-06-19T05:33:47.306527348Z: [    1.319591] ACPI: Interpreter enabled
[STDOUT  ] 2019-06-19T05:33:47.309746272Z: [    1.320433] ACPI: (supports S0 S5)
[STDOUT  ] 2019-06-19T05:33:47.314514260Z: [    1.321417] ACPI: Using IOAPIC for interrupt routing
[STDOUT  ] 2019-06-19T05:33:47.322759352Z: [    1.322466] PCI: Using host bridge windows from ACPI; if necessary, use "pci=nocrs" and report a bug
[STDOUT  ] 2019-06-19T05:33:47.327402800Z: [    1.324577] ACPI: Enabled 2 GPEs in block 00 to 3F
[STDOUT  ] 2019-06-19T05:33:47.336440699Z: [    1.329494] ACPI: PCI Root Bridge [PCI0] (domain 0000 [bus 00-ff])
[STDOUT  ] 2019-06-19T05:33:47.343736502Z: [    1.330427] acpi PNP0A08:00: _OSC: OS supports [ExtendedConfig ASPM ClockPM Segments MSI]
[STDOUT  ] 2019-06-19T05:33:47.350404129Z: [    1.332456] acpi PNP0A08:00: _OSC: platform does not support [SHPCHotplug LTR]
[STDOUT  ] 2019-06-19T05:33:47.357379011Z: [    1.333505] acpi PNP0A08:00: _OSC: OS now controls [PCIeHotplug PME PCIeCapability]
[STDOUT  ] 2019-06-19T05:33:47.361555477Z: [    1.334816] PCI host bridge to bus 0000:00
[STDOUT  ] 2019-06-19T05:33:47.367678915Z: [    1.335421] pci_bus 0000:00: root bus resource [io  0x0000-0x0cf7 window]
[STDOUT  ] 2019-06-19T05:33:47.374026352Z: [    1.336421] pci_bus 0000:00: root bus resource [io  0x0d00-0xffff window]
[STDOUT  ] 2019-06-19T05:33:47.380683845Z: [    1.337424] pci_bus 0000:00: root bus resource [mem 0x000a0000-0x000bffff window]
[STDOUT  ] 2019-06-19T05:33:47.387441912Z: [    1.338421] pci_bus 0000:00: root bus resource [mem 0xc0000000-0xfebfffff window]
[STDOUT  ] 2019-06-19T05:33:47.392444083Z: [    1.339424] pci_bus 0000:00: root bus resource [bus 00-ff]
[STDOUT  ] 2019-06-19T05:33:47.473433325Z: [    1.410766] pci 0000:00:1f.0: quirk: [io  0x0600-0x067f] claimed by ICH6 ACPI/GPIO/TCO
[STDOUT  ] 2019-06-19T05:33:47.506287134Z: [    1.438651] ACPI: PCI Interrupt Link [LNKA] (IRQs 5 *10 11)
[STDOUT  ] 2019-06-19T05:33:47.511911049Z: [    1.439743] ACPI: PCI Interrupt Link [LNKB] (IRQs 5 *10 11)
[STDOUT  ] 2019-06-19T05:33:47.517353324Z: [    1.440717] ACPI: PCI Interrupt Link [LNKC] (IRQs 5 10 *11)
[STDOUT  ] 2019-06-19T05:33:47.522823312Z: [    1.441737] ACPI: PCI Interrupt Link [LNKD] (IRQs 5 10 *11)
[STDOUT  ] 2019-06-19T05:33:47.528189590Z: [    1.442710] ACPI: PCI Interrupt Link [LNKE] (IRQs 5 *10 11)
[STDOUT  ] 2019-06-19T05:33:47.533679113Z: [    1.443715] ACPI: PCI Interrupt Link [LNKF] (IRQs 5 *10 11)
[STDOUT  ] 2019-06-19T05:33:47.539217794Z: [    1.445571] ACPI: PCI Interrupt Link [LNKG] (IRQs 5 10 *11)
[STDOUT  ] 2019-06-19T05:33:47.544709019Z: [    1.446720] ACPI: PCI Interrupt Link [LNKH] (IRQs 5 10 *11)
[STDOUT  ] 2019-06-19T05:33:47.549634894Z: [    1.448428] ACPI: PCI Interrupt Link [GSIA] (IRQs *16)
[STDOUT  ] 2019-06-19T05:33:47.554421539Z: [    1.449438] ACPI: PCI Interrupt Link [GSIB] (IRQs *17)
[STDOUT  ] 2019-06-19T05:33:47.559275613Z: [    1.450439] ACPI: PCI Interrupt Link [GSIC] (IRQs *18)
[STDOUT  ] 2019-06-19T05:33:47.564057988Z: [    1.451436] ACPI: PCI Interrupt Link [GSID] (IRQs *19)
[STDOUT  ] 2019-06-19T05:33:47.568940671Z: [    1.452434] ACPI: PCI Interrupt Link [GSIE] (IRQs *20)
[STDOUT  ] 2019-06-19T05:33:47.573866753Z: [    1.453434] ACPI: PCI Interrupt Link [GSIF] (IRQs *21)
[STDOUT  ] 2019-06-19T05:33:47.578751229Z: [    1.454434] ACPI: PCI Interrupt Link [GSIG] (IRQs *22)
[STDOUT  ] 2019-06-19T05:33:47.583866900Z: [    1.455436] ACPI: PCI Interrupt Link [GSIH] (IRQs *23)
[STDOUT  ] 2019-06-19T05:33:47.588222967Z: [    1.456962] SCSI subsystem initialized
[STDOUT  ] 2019-06-19T05:33:47.592195770Z: [    1.457556] ACPI: bus type USB registered
[STDOUT  ] 2019-06-19T05:33:47.597408853Z: [    1.458452] usbcore: registered new interface driver usbfs
[STDOUT  ] 2019-06-19T05:33:47.602450819Z: [    1.459443] usbcore: registered new interface driver hub
[STDOUT  ] 2019-06-19T05:33:47.607203436Z: [    1.460455] usbcore: registered new device driver usb
[STDOUT  ] 2019-06-19T05:33:47.611975110Z: [    1.461448] pps_core: LinuxPPS API ver. 1 registered
[STDOUT  ] 2019-06-19T05:33:47.620359319Z: [    1.462416] pps_core: Software ver. 5.3.6 - Copyright 2005-2007 Rodolfo Giometti <giometti@linux.it>
[STDOUT  ] 2019-06-19T05:33:47.624084515Z: [    1.463429] PTP clock support registered
[STDOUT  ] 2019-06-19T05:33:47.628326407Z: [    1.464536] PCI: Using ACPI for IRQ routing
[STDOUT  ] 2019-06-19T05:33:48.083488756Z: [    1.917910] NetLabel: Initializing
[STDOUT  ] 2019-06-19T05:33:48.087582162Z: [    1.918416] NetLabel:  domain hash size = 128
[STDOUT  ] 2019-06-19T05:33:48.092843232Z: [    1.919416] NetLabel:  protocols = UNLABELED CIPSOv4 CALIPSO
[STDOUT  ] 2019-06-19T05:33:48.098064942Z: [    1.920455] NetLabel:  unlabeled traffic allowed by default
[STDOUT  ] 2019-06-19T05:33:48.104652647Z: [    1.921613] HPET: 3 timers in total, 0 timers will be used for per-cpu timer
[STDOUT  ] 2019-06-19T05:33:48.109296154Z: [    1.923415] hpet0: at MMIO 0xfed00000, IRQs 2, 8, 0
[STDOUT  ] 2019-06-19T05:33:48.114819932Z: [    1.924417] hpet0: 3 comparators, 64-bit 100.000000 MHz counter
[STDOUT  ] 2019-06-19T05:33:48.123460212Z: [    1.928454] clocksource: Switched to clocksource kvm-clock
[STDOUT  ] 2019-06-19T05:33:48.148369680Z: [    1.954667] VFS: Disk quotas dquot_6.6.0
[STDOUT  ] 2019-06-19T05:33:48.154788563Z: [    1.958502] VFS: Dquot-cache hash table entries: 512 (order 0, 4096 bytes)
[STDOUT  ] 2019-06-19T05:33:48.157607838Z: [    1.964942] FS-Cache: Loaded
[STDOUT  ] 2019-06-19T05:33:48.160648378Z: [    1.967784] CacheFiles: Loaded
[STDOUT  ] 2019-06-19T05:33:48.163616612Z: [    1.970769] pnp: PnP ACPI init
[STDOUT  ] 2019-06-19T05:33:48.168642013Z: [    1.974857] pnp: PnP ACPI: found 5 devices
[STDOUT  ] 2019-06-19T05:33:48.182965333Z: [    1.984951] clocksource: acpi_pm: mask: 0xffffff max_cycles: 0xffffff, max_idle_ns: 2085701024 ns
[STDOUT  ] 2019-06-19T05:33:48.187150110Z: [    1.993141] NET: Registered protocol family 2
[STDOUT  ] 2019-06-19T05:33:48.195106905Z: [    1.998150] tcp_listen_portaddr_hash hash table entries: 512 (order: 1, 8192 bytes)
[STDOUT  ] 2019-06-19T05:33:48.201564510Z: [    2.005213] TCP established hash table entries: 8192 (order: 4, 65536 bytes)
[STDOUT  ] 2019-06-19T05:33:48.207609159Z: [    2.011668] TCP bind hash table entries: 8192 (order: 5, 131072 bytes)
[STDOUT  ] 2019-06-19T05:33:48.213514635Z: [    2.017713] TCP: Hash tables configured (established 8192 bind 8192)
[STDOUT  ] 2019-06-19T05:33:48.219017525Z: [    2.023628] UDP hash table entries: 512 (order: 2, 16384 bytes)
[STDOUT  ] 2019-06-19T05:33:48.224841964Z: [    2.029096] UDP-Lite hash table entries: 512 (order: 2, 16384 bytes)
[STDOUT  ] 2019-06-19T05:33:48.229027239Z: [    2.035017] NET: Registered protocol family 1
[STDOUT  ] 2019-06-19T05:33:48.233188195Z: [    2.039111] NET: Registered protocol family 44
[STDOUT  ] 2019-06-19T05:33:48.241122996Z: [    2.043569] pci 0000:00:01.0: Video device with shadowed ROM at [mem 0x000c0000-0x000dffff]
[STDOUT  ] 2019-06-19T05:33:48.246552300Z: [    2.051641] Trying to unpack rootfs image as initramfs...
[STDOUT  ] 2019-06-19T05:33:49.048799984Z: [    2.854983] Freeing initrd memory: 42172K
[STDOUT  ] 2019-06-19T05:33:49.058056517Z: [    2.859008] clocksource: tsc: mask: 0xffffffffffffffff max_cycles: 0x21267c42e6c, max_idle_ns: 440795315891 ns
[STDOUT  ] 2019-06-19T05:33:49.063562335Z: [    2.868803] PCLMULQDQ-NI instructions are not detected.
[STDOUT  ] 2019-06-19T05:33:49.068520912Z: [    2.873690] AVX or AES-NI instructions are not detected.
[STDOUT  ] 2019-06-19T05:33:49.073497900Z: [    2.878599] CPU feature 'AVX registers' is not supported.
[STDOUT  ] 2019-06-19T05:33:49.078515021Z: [    2.883560] CPU feature 'AVX registers' is not supported.
[STDOUT  ] 2019-06-19T05:33:49.083483378Z: [    2.888553] CPU feature 'AVX registers' is not supported.
[STDOUT  ] 2019-06-19T05:33:49.088466484Z: [    2.893543] CPU feature 'AVX registers' is not supported.
[STDOUT  ] 2019-06-19T05:33:49.093434901Z: [    2.898504] AVX2 or AES-NI instructions are not detected.
[STDOUT  ] 2019-06-19T05:33:49.097628674Z: [    2.903470] AVX2 instructions are not detected.
[STDOUT  ] 2019-06-19T05:33:49.104158219Z: [    2.908290] workingset: timestamp_bits=46 max_order=18 bucket_order=0
[STDOUT  ] 2019-06-19T05:33:49.110006473Z: [    2.914696] squashfs: version 4.0 (2009/01/31) Phillip Lougher
[STDOUT  ] 2019-06-19T05:33:49.115101677Z: [    2.920197] FS-Cache: Netfs 'cifs' registered for caching
[STDOUT  ] 2019-06-19T05:33:49.118809602Z: [    2.925216] fuse init (API version 7.27)
[STDOUT  ] 2019-06-19T05:33:49.124745431Z: [    2.928981] SGI XFS with ACLs, security attributes, no debug enabled
[STDOUT  ] 2019-06-19T05:33:49.130052777Z: [    2.934986] 9p: Installing v9fs 9p2000 file system support
[STDOUT  ] 2019-06-19T05:33:49.134912996Z: [    2.940115] FS-Cache: Netfs '9p' registered for caching
[STDOUT  ] 2019-06-19T05:33:49.140418384Z: [    2.946315] NET: Registered protocol family 38
[STDOUT  ] 2019-06-19T05:33:49.144288085Z: [    2.950518] Key type asymmetric registered
[STDOUT  ] 2019-06-19T05:33:49.148980598Z: [    2.954540] Asymmetric key parser 'x509' registered
[STDOUT  ] 2019-06-19T05:33:49.155792949Z: [    2.959084] Block layer SCSI generic (bsg) driver version 0.4 loaded (major 247)
[STDOUT  ] 2019-06-19T05:33:49.159572430Z: [    2.965947] io scheduler noop registered
[STDOUT  ] 2019-06-19T05:33:49.164411014Z: [    2.969642] io scheduler deadline registered (default)
[STDOUT  ] 2019-06-19T05:33:49.168003752Z: [    2.974505] io scheduler cfq registered
[STDOUT  ] 2019-06-19T05:33:49.173279550Z: [    2.978028] io scheduler mq-deadline registered (default)
[STDOUT  ] 2019-06-19T05:33:49.177040636Z: [    2.983344] io scheduler kyber registered
[STDOUT  ] 2019-06-19T05:33:49.183492229Z: [    2.987221] shpchp: Standard Hot Plug PCI Controller Driver version: 0.4
[STDOUT  ] 2019-06-19T05:33:49.188063588Z: [    2.993618] hv_vmbus: registering driver hyperv_fb
[STDOUT  ] 2019-06-19T05:33:49.194950288Z: [    2.998226] input: Power Button as /devices/LNXSYSTM:00/LNXPWRBN:00/input/input0
[STDOUT  ] 2019-06-19T05:33:49.198416994Z: [    3.005038] ACPI: Power Button [PWRF]
[STDOUT  ] 2019-06-19T05:33:49.204023504Z: [    3.009221] PCI Interrupt Link [GSIG] enabled at IRQ 22
[STDOUT  ] 2019-06-19T05:33:49.214706155Z: [    3.019900] PCI Interrupt Link [GSIH] enabled at IRQ 23
[STDOUT  ] 2019-06-19T05:33:49.226285435Z: [    3.030494] Serial: 8250/16550 driver, 4 ports, IRQ sharing disabled
[STDOUT  ] 2019-06-19T05:33:49.267211835Z: [    3.070531] 00:04: ttyS0 at I/O 0x3f8 (irq = 4, base_baud = 115200) is a 16550A
[STDOUT  ] 2019-06-19T05:33:49.272111325Z: [    3.078223] Non-volatile memory driver v1.3
[STDOUT  ] 2019-06-19T05:33:49.282143723Z: [    3.084059] Hangcheck: starting hangcheck timer 0.9.1 (tick is 180 seconds, margin is 60 seconds).
[STDOUT  ] 2019-06-19T05:33:49.285730325Z: [    3.092573] random: fast init done
[STDOUT  ] 2019-06-19T05:33:49.289791317Z: [    3.096725] random: crng init done
[STDOUT  ] 2019-06-19T05:33:49.293982570Z: [    3.101106] brd: module loaded
[STDOUT  ] 2019-06-19T05:33:49.299217784Z: [    3.106325] loop: module loaded
[STDOUT  ] 2019-06-19T05:33:49.308515868Z: [    3.113018] lpc_ich 0000:00:1f.0: I/O space for GPIO uninitialized
[STDOUT  ] 2019-06-19T05:33:49.313131137Z: [    3.118663] VMware PVSCSI driver - version 1.0.7.0-k
[STDOUT  ] 2019-06-19T05:33:49.317521965Z: [    3.123198] hv_vmbus: registering driver hv_storvsc
[STDOUT  ] 2019-06-19T05:33:49.322774302Z: [    3.128132] PCI Interrupt Link [GSIA] enabled at IRQ 16
[STDOUT  ] 2019-06-19T05:33:49.333691039Z: [    3.136332] ahci 0000:00:1f.2: AHCI 0001.0000 32 slots 6 ports 1.5 Gbps 0x3f impl SATA mode
[STDOUT  ] 2019-06-19T05:33:49.338230458Z: [    3.143727] ahci 0000:00:1f.2: flags: 64bit ncq only 
[STDOUT  ] 2019-06-19T05:33:49.344777634Z: [    3.152092] scsi host0: ahci
[STDOUT  ] 2019-06-19T05:33:49.347565453Z: [    3.154944] scsi host1: ahci
[STDOUT  ] 2019-06-19T05:33:49.350351507Z: [    3.157713] scsi host2: ahci
[STDOUT  ] 2019-06-19T05:33:49.353185062Z: [    3.160533] scsi host3: ahci
[STDOUT  ] 2019-06-19T05:33:49.355953024Z: [    3.163293] scsi host4: ahci
[STDOUT  ] 2019-06-19T05:33:49.358708046Z: [    3.166066] scsi host5: ahci
[STDOUT  ] 2019-06-19T05:33:49.365453031Z: [    3.168851] ata1: SATA max UDMA/133 abar m4096@0xfebd2000 port 0xfebd2100 irq 24
[STDOUT  ] 2019-06-19T05:33:49.372109819Z: [    3.175517] ata2: SATA max UDMA/133 abar m4096@0xfebd2000 port 0xfebd2180 irq 24
[STDOUT  ] 2019-06-19T05:33:49.378841593Z: [    3.182174] ata3: SATA max UDMA/133 abar m4096@0xfebd2000 port 0xfebd2200 irq 24
[STDOUT  ] 2019-06-19T05:33:49.385609966Z: [    3.188930] ata4: SATA max UDMA/133 abar m4096@0xfebd2000 port 0xfebd2280 irq 24
[STDOUT  ] 2019-06-19T05:33:49.392338346Z: [    3.195679] ata5: SATA max UDMA/133 abar m4096@0xfebd2000 port 0xfebd2300 irq 24
[STDOUT  ] 2019-06-19T05:33:49.399048186Z: [    3.202406] ata6: SATA max UDMA/133 abar m4096@0xfebd2000 port 0xfebd2380 irq 24
[STDOUT  ] 2019-06-19T05:33:49.405892876Z: [    3.211305] tun: Universal TUN/TAP device driver, 1.6
[STDOUT  ] 2019-06-19T05:33:49.417074934Z: [    3.221153] VMware vmxnet3 virtual NIC driver - version 1.4.16.0-k-NAPI
[STDOUT  ] 2019-06-19T05:33:49.421415574Z: [    3.227138] hv_vmbus: registering driver hv_netvsc
[STDOUT  ] 2019-06-19T05:33:49.425127157Z: [    3.231459] Fusion MPT base driver 3.04.20
[STDOUT  ] 2019-06-19T05:33:49.429164220Z: [    3.235174] Copyright (c) 1999-2008 LSI Corporation
[STDOUT  ] 2019-06-19T05:33:49.433280960Z: [    3.239207] Fusion MPT SPI Host driver 3.04.20
[STDOUT  ] 2019-06-19T05:33:49.440549010Z: [    3.243399] i8042: PNP: PS/2 Controller [PNP0303:KBD,PNP0f13:MOU] at 0x60,0x64 irq 1,12
[STDOUT  ] 2019-06-19T05:33:49.448844539Z: [    3.254307] serio: i8042 KBD port at 0x60,0x64 irq 1
[STDOUT  ] 2019-06-19T05:33:49.453470045Z: [    3.258881] serio: i8042 AUX port at 0x60,0x64 irq 12
[STDOUT  ] 2019-06-19T05:33:49.458529773Z: [    3.263641] hv_vmbus: registering driver hyperv_keyboard
[STDOUT  ] 2019-06-19T05:33:49.463734827Z: [    3.268660] mousedev: PS/2 mouse device common for all mice
[STDOUT  ] 2019-06-19T05:33:49.472829887Z: [    3.275113] input: AT Translated Set 2 keyboard as /devices/platform/i8042/serio0/input/input1
[STDOUT  ] 2019-06-19T05:33:49.478784467Z: [    3.282946] input: PC Speaker as /devices/platform/pcspkr/input/input2
[STDOUT  ] 2019-06-19T05:33:49.483405168Z: [    3.289196] rtc_cmos 00:00: RTC can wake from S4
[STDOUT  ] 2019-06-19T05:33:49.490748846Z: [    3.296736] rtc_cmos 00:00: registered as rtc0
[STDOUT  ] 2019-06-19T05:33:49.497390636Z: [    3.300797] rtc_cmos 00:00: alarms up to one day, y3k, 114 bytes nvram, hpet irqs
[STDOUT  ] 2019-06-19T05:33:49.500628286Z: [    3.307462] i2c /dev entries driver
[STDOUT  ] 2019-06-19T05:33:49.508499180Z: [    3.311025] device-mapper: ioctl: 4.39.0-ioctl (2018-04-03) initialised: dm-devel@redhat.com
[STDOUT  ] 2019-06-19T05:33:49.514107586Z: [    3.319122] usbcore: registered new interface driver usbhid
[STDOUT  ] 2019-06-19T05:33:49.517712672Z: [    3.324216] usbhid: USB HID core driver
[STDOUT  ] 2019-06-19T05:33:49.522453798Z: [    3.327800] hv_utils: Registering HyperV Utility Driver
[STDOUT  ] 2019-06-19T05:33:49.526651324Z: [    3.332502] hv_vmbus: registering driver hv_util
[STDOUT  ] 2019-06-19T05:33:49.531147490Z: [    3.336698] hv_vmbus: registering driver hv_balloon
[STDOUT  ] 2019-06-19T05:33:49.534927283Z: [    3.341180] oprofile: using NMI interrupt.
[STDOUT  ] 2019-06-19T05:33:49.537849271Z: [    3.345030] GACT probability on
[STDOUT  ] 2019-06-19T05:33:49.541186077Z: [    3.347894] Mirror/redirect action on
[STDOUT  ] 2019-06-19T05:33:49.544403975Z: [    3.351235] Simple TC action Loaded
[STDOUT  ] 2019-06-19T05:33:49.547024086Z: [    3.354495] u32 classifier
[STDOUT  ] 2019-06-19T05:33:49.550529292Z: [    3.357049]     Performance counters on
[STDOUT  ] 2019-06-19T05:33:49.553925119Z: [    3.360571]     input device check on
[STDOUT  ] 2019-06-19T05:33:49.557080775Z: [    3.363962]     Actions configured
[STDOUT  ] 2019-06-19T05:33:49.561466791Z: [    3.367374] xt_time: kernel timezone is -0000
[STDOUT  ] 2019-06-19T05:33:49.567241601Z: [    3.371527] IPVS: Registered protocols (TCP, UDP, SCTP, AH, ESP)
[STDOUT  ] 2019-06-19T05:33:49.574174082Z: [    3.377366] IPVS: Connection hash table configured (size=4096, memory=64Kbytes)
[STDOUT  ] 2019-06-19T05:33:49.577233095Z: [    3.384356] IPVS: ipvs loaded.
[STDOUT  ] 2019-06-19T05:33:49.581449394Z: [    3.387281] IPVS: [rr] scheduler registered.
[STDOUT  ] 2019-06-19T05:33:49.585732392Z: [    3.391505] IPVS: [wrr] scheduler registered.
[STDOUT  ] 2019-06-19T05:33:49.589750781Z: [    3.395778] IPVS: [lc] scheduler registered.
[STDOUT  ] 2019-06-19T05:33:49.593869507Z: [    3.399811] IPVS: [wlc] scheduler registered.
[STDOUT  ] 2019-06-19T05:33:49.597892978Z: [    3.403901] IPVS: [fo] scheduler registered.
[STDOUT  ] 2019-06-19T05:33:49.601960298Z: [    3.407944] IPVS: [ovf] scheduler registered.
[STDOUT  ] 2019-06-19T05:33:49.606095858Z: [    3.412022] IPVS: [lblc] scheduler registered.
[STDOUT  ] 2019-06-19T05:33:49.610639593Z: [    3.416475] IPVS: [lblcr] scheduler registered.
[STDOUT  ] 2019-06-19T05:33:49.614663522Z: [    3.420682] IPVS: [dh] scheduler registered.
[STDOUT  ] 2019-06-19T05:33:49.618959467Z: [    3.425031] IPVS: [sh] scheduler registered.
[STDOUT  ] 2019-06-19T05:33:49.622945522Z: [    3.429016] IPVS: [mh] scheduler registered.
[STDOUT  ] 2019-06-19T05:33:49.627282135Z: [    3.433240] IPVS: [sed] scheduler registered.
[STDOUT  ] 2019-06-19T05:33:49.631245312Z: [    3.437316] IPVS: [nq] scheduler registered.
[STDOUT  ] 2019-06-19T05:33:49.636229027Z: [    3.441579] IPVS: ftp: loaded support on port[0] = 21
[STDOUT  ] 2019-06-19T05:33:49.641427691Z: [    3.446377] ipip: IPv4 and MPLS over IPv4 tunneling driver
[STDOUT  ] 2019-06-19T05:33:49.646349455Z: [    3.451874] gre: GRE over IPv4 demultiplexor driver
[STDOUT  ] 2019-06-19T05:33:49.652402524Z: [    3.456568] ipt_CLUSTERIP: ClusterIP Version 0.8 loaded successfully
[STDOUT  ] 2019-06-19T05:33:49.656888137Z: [    3.462773] NET: Registered protocol family 10
[STDOUT  ] 2019-06-19T05:33:49.660749783Z: [    3.467314] Segment Routing with IPv6
[STDOUT  ] 2019-06-19T05:33:49.665396167Z: [    3.471327] NET: Registered protocol family 17
[STDOUT  ] 2019-06-19T05:33:49.669192136Z: [    3.475507] Bridge firewalling registered
[STDOUT  ] 2019-06-19T05:33:49.673406189Z: [    3.479528] 8021q: 802.1Q VLAN Support v1.8
[STDOUT  ] 2019-06-19T05:33:49.677656659Z: [    3.483545] 9pnet: Installing 9P2000 support
[STDOUT  ] 2019-06-19T05:33:49.681882027Z: [    3.487946] Key type dns_resolver registered
[STDOUT  ] 2019-06-19T05:33:49.686127019Z: [    3.492034] NET: Registered protocol family 40
[STDOUT  ] 2019-06-19T05:33:49.690407155Z: [    3.496647] registered taskstats version 1
[STDOUT  ] 2019-06-19T05:33:49.702171778Z: [    3.508568] Key type big_key registered
[STDOUT  ] 2019-06-19T05:33:49.709617478Z: [    3.515983] Key type trusted registered
[STDOUT  ] 2019-06-19T05:33:49.716003278Z: [    3.520350] ata3: SATA link up 1.5 Gbps (SStatus 113 SControl 300)
[STDOUT  ] 2019-06-19T05:33:49.722006352Z: [    3.527059] ata2: SATA link down (SStatus 0 SControl 300)
[STDOUT  ] 2019-06-19T05:33:49.728533939Z: [    3.532933] ata1: SATA link up 1.5 Gbps (SStatus 113 SControl 300)
[STDOUT  ] 2019-06-19T05:33:49.734469059Z: [    3.539535] ata6: SATA link down (SStatus 0 SControl 300)
[STDOUT  ] 2019-06-19T05:33:49.740179070Z: [    3.545272] ata5: SATA link down (SStatus 0 SControl 300)
[STDOUT  ] 2019-06-19T05:33:49.746009691Z: [    3.551055] ata4: SATA link down (SStatus 0 SControl 300)
[STDOUT  ] 2019-06-19T05:33:49.753459487Z: [    3.558202] ata1.00: ATA-7: QEMU HARDDISK, 2.5+, max UDMA/100
[STDOUT  ] 2019-06-19T05:33:49.759208728Z: [    3.563507] ata1.00: 524288 sectors, multi 16: LBA48 NCQ (depth 32)
[STDOUT  ] 2019-06-19T05:33:49.763122946Z: [    3.569246] ata1.00: applying bridge limits
[STDOUT  ] 2019-06-19T05:33:49.768642401Z: [    3.573515] ata3.00: ATAPI: QEMU DVD-ROM, 2.5+, max UDMA/100
[STDOUT  ] 2019-06-19T05:33:49.772580336Z: [    3.578714] ata3.00: applying bridge limits
[STDOUT  ] 2019-06-19T05:33:49.779726906Z: [    3.585715] ata3.00: configured for UDMA/100
[STDOUT  ] 2019-06-19T05:33:49.783868926Z: [    3.590152] Key type encrypted registered
[STDOUT  ] 2019-06-19T05:33:49.788966068Z: [    3.593964] ima: No TPM chip found, activating TPM-bypass!
[STDOUT  ] 2019-06-19T05:33:49.793736231Z: [    3.599785] ata1.00: configured for UDMA/100
[STDOUT  ] 2019-06-19T05:33:49.801240153Z: [    3.603917] scsi 0:0:0:0: Direct-Access     ATA      QEMU HARDDISK    2.5+ PQ: 0 ANSI: 5
[STDOUT  ] 2019-06-19T05:33:49.805641314Z: [    3.611303] ima: Allocated hash algorithm: sha256
[STDOUT  ] 2019-06-19T05:33:49.810480170Z: [    3.615754] evm: Initialising EVM extended attributes:
[STDOUT  ] 2019-06-19T05:33:49.813314186Z: [    3.620515] evm: security.ima
[STDOUT  ] 2019-06-19T05:33:49.816675160Z: [    3.623348] evm: security.capability
[STDOUT  ] 2019-06-19T05:33:49.819723001Z: [    3.626734] evm: HMAC attrs: 0x1
[STDOUT  ] 2019-06-19T05:33:49.826596103Z: [    3.630016] sd 0:0:0:0: [sda] 524288 512-byte logical blocks: (268 MB/256 MiB)
[STDOUT  ] 2019-06-19T05:33:49.831580250Z: [    3.636734] sd 0:0:0:0: Attached scsi generic sg0 type 0
[STDOUT  ] 2019-06-19T05:33:49.836063736Z: [    3.641698] sd 0:0:0:0: [sda] Write Protect is off
[STDOUT  ] 2019-06-19T05:33:49.843978753Z: [    3.646645] scsi 2:0:0:0: CD-ROM            QEMU     QEMU DVD-ROM     2.5+ PQ: 0 ANSI: 5
[STDOUT  ] 2019-06-19T05:33:49.852276321Z: [    3.654060] sd 0:0:0:0: [sda] Write cache: enabled, read cache: enabled, doesn't support DPO or FUA
[STDOUT  ] 2019-06-19T05:33:49.862019115Z: [    3.664662] rtc_cmos 00:00: setting system clock to 2019-06-19 05:33:49 UTC (1560922429)
[STDOUT  ] 2019-06-19T05:33:49.867132186Z: [    3.672932] sd 0:0:0:0: [sda] Attached SCSI disk
[STDOUT  ] 2019-06-19T05:33:49.873869871Z: [    3.677289] Unstable clock detected, switching default tracing clock to "global"
[STDOUT  ] 2019-06-19T05:33:49.879120352Z: [    3.677289] If you want to keep using the local clock, then add:
[STDOUT  ] 2019-06-19T05:33:49.881991877Z: [    3.677289]   "trace_clock=local"
[STDOUT  ] 2019-06-19T05:33:49.885236866Z: [    3.677289] on the kernel command line
[STDOUT  ] 2019-06-19T05:33:49.892738941Z: [    3.696726] sr 2:0:0:0: [sr0] scsi3-mmc drive: 4x/4x cd/rw xa/form2 tray
[STDOUT  ] 2019-06-19T05:33:49.897488729Z: [    3.702774] cdrom: Uniform CD-ROM driver Revision: 3.20
[STDOUT  ] 2019-06-19T05:33:49.903794416Z: [    3.708979] sr 2:0:0:0: Attached scsi generic sg1 type 5
[STDOUT  ] 2019-06-19T05:33:49.911494982Z: [    3.716895] Freeing unused kernel image memory: 1588K
[STDOUT  ] 2019-06-19T05:33:49.918968686Z: [    3.723509] Write protecting the kernel read-only data: 18432k
[STDOUT  ] 2019-06-19T05:33:49.924562438Z: [    3.729865] Freeing unused kernel image memory: 2028K
[STDOUT  ] 2019-06-19T05:33:49.929596095Z: [    3.734941] Freeing unused kernel image memory: 1084K
[STDOUT  ] 2019-06-19T05:33:49.933130904Z: [    3.739692] Run /init as init process
[STDOUT  ] 2019-06-19T05:33:50.574197598Z: 
[STDOUT  ] 2019-06-19T05:33:50.575870132Z: Welcome to LinuxKit
[STDOUT  ] 2019-06-19T05:33:50.576386502Z: 
[STDOUT  ] 2019-06-19T05:33:50.578919346Z:                         ##         .
[STDOUT  ] 2019-06-19T05:33:50.581579768Z:                   ## ## ##        ==
[STDOUT  ] 2019-06-19T05:33:50.584062698Z:                ## ## ## ## ##    ===
[STDOUT  ] 2019-06-19T05:33:50.586796856Z:            /"""""""""""""""""\___/ ===
[STDOUT  ] 2019-06-19T05:33:50.589375139Z:           {                       /  ===-
[STDOUT  ] 2019-06-19T05:33:50.591816582Z:            \______ O           __/
[STDOUT  ] 2019-06-19T05:33:50.593844048Z:              \    \         __/
[STDOUT  ] 2019-06-19T05:33:50.595795519Z:               \____\_______/
[STDOUT  ] 2019-06-19T05:33:50.596310236Z: 
[STDOUT  ] 2019-06-19T05:33:50.676220570Z: [    4.481510] IPVS: ftp: loaded support on port[0] = 21
[STDOUT  ] 2019-06-19T05:33:50.789879477Z: [    4.597971]  sda:
[STDOUT  ] 2019-06-19T05:33:50.799098746Z: [    4.607040]  sda:
[STDOUT  ] 2019-06-19T05:33:51.070531971Z: [    4.878106]  sda: sda1
[STDOUT  ] 2019-06-19T05:33:51.077027274Z: [    4.884770]  sda: sda1
[STDOUT  ] 2019-06-19T05:33:52.192254950Z: 2019/06/19 05:33:49 Creating partition on /dev/sda
[STDOUT  ] 2019-06-19T05:33:52.196636816Z: 2019/06/19 05:33:50 Partition /dev/sda1 successfully created!
[STDOUT  ] 2019-06-19T05:33:52.251267207Z: [    6.056575] IPVS: ftp: loaded support on port[0] = 21
[STDOUT  ] 2019-06-19T05:33:52.338581049Z: [    6.141634] EXT4-fs (sda1): mounted filesystem with ordered data mode. Opts: (null)
[STDOUT  ] 2019-06-19T05:34:02.643618228Z: [   16.448603] sd 0:0:0:0: [sda] Synchronizing SCSI cache
[STDOUT  ] 2019-06-19T05:34:02.648125870Z: [   16.454180] sd 0:0:0:0: [sda] Stopping disk
[STDOUT  ] 2019-06-19T05:34:02.654654648Z: [   16.459528] ACPI: Preparing to enter system sleep state S5
[STDOUT  ] 2019-06-19T05:34:02.657921588Z: [   16.465084] reboot: Power down
[STDERR  ] 2019-06-19T05:34:02.679232528Z: + [ -f disk.img ]
[STDERR  ] 2019-06-19T05:34:02.679299722Z: + dd if=/dev/zero bs=1048576 count=256
[STDERR  ] 2019-06-19T05:34:02.900170541Z: 256+0 records in
[STDERR  ] 2019-06-19T05:34:02.900232200Z: 256+0 records out
[STDERR  ] 2019-06-19T05:34:02.900246709Z: 268435456 bytes (268 MB, 256 MiB) copied, 0.178287 s, 1.5 GB/s
[STDERR  ] 2019-06-19T05:34:02.900491680Z: + linuxkit build -format kernel+initrd -name extend-ext4 test.yml
[STDERR  ] 2019-06-19T05:34:02.966138715Z: Extract kernel image: linuxkit/kernel:4.19.51
[STDERR  ] 2019-06-19T05:34:04.796516883Z: Add init containers:
[STDERR  ] 2019-06-19T05:34:04.796580476Z: Process init image: linuxkit/init:v0.7
[STDERR  ] 2019-06-19T05:34:06.041780206Z: Process init image: linuxkit/runc:c1f0db27e71d948f3134b31ce76276f843849b0a
[STDERR  ] 2019-06-19T05:34:07.188048063Z: Add onboot containers:
[STDERR  ] 2019-06-19T05:34:07.188126123Z:   Create OCI config for linuxkit/extend:v0.7
[STDERR  ] 2019-06-19T05:34:09.222902462Z: Pull image: docker.io/linuxkit/extend:v0.7@sha256:b4819758fc64c32456df236db6176de92fec78c117f1e89d9a6156c1642d6427
[STDERR  ] 2019-06-19T05:34:14.520804494Z:   Create OCI config for linuxkit/mount:v0.7
[STDERR  ] 2019-06-19T05:34:15.909408347Z:   Create OCI config for alpine:3.9
[STDERR  ] 2019-06-19T05:34:17.087177270Z:   Create OCI config for linuxkit/poweroff:b498d30dd9660090565537fceb9e757618737a85
[STDERR  ] 2019-06-19T05:34:18.345457621Z: Add files:
[STDERR  ] 2019-06-19T05:34:18.345526061Z:   check.sh
[STDERR  ] 2019-06-19T05:34:18.362293322Z: Create outputs:
[STDERR  ] 2019-06-19T05:34:28.400440832Z:   extend-ext4-kernel extend-ext4-initrd.img extend-ext4-cmdline
[STDERR  ] 2019-06-19T05:34:28.485810977Z: + linuxkit run -disk file=disk.img extend-ext4
[STDERR  ] 2019-06-19T05:34:28.515177586Z: Using existing disk [disk.img] format 
[STDERR  ] 2019-06-19T05:34:28.534805233Z: WARNING: Image format was not specified for 'disk.img' and probing guessed raw.
[STDERR  ] 2019-06-19T05:34:28.534865240Z:          Automatically detecting the format is dangerous for raw images, write operations on block 0 will be restricted.
[STDERR  ] 2019-06-19T05:34:28.534889480Z:          Specify the 'raw' format explicitly to remove the restrictions.
[STDERR  ] 2019-06-19T05:34:46.650617183Z: + RESULT=[    0.000000] Linux version 4.19.51-linuxkit (root@5e22f1a454b5) (gcc version 8.3.0 (Alpine 8.3.0)) #1 SMP Mon Jun 17 08:07:30 UTC 2019
[STDERR  ] 2019-06-19T05:34:46.650701747Z: [    0.000000] Command line: console=ttyS0 console=ttyAMA0
[STDERR  ] 2019-06-19T05:34:46.650718552Z: [    0.000000] x86/fpu: x87 FPU will use FXSAVE
[STDERR  ] 2019-06-19T05:34:46.650733616Z: [    0.000000] BIOS-provided physical RAM map:
[STDERR  ] 2019-06-19T05:34:46.650747686Z: [    0.000000] BIOS-e820: [mem 0x0000000000000000-0x000000000009fbff] usable
[STDERR  ] 2019-06-19T05:34:46.650767287Z: [    0.000000] BIOS-e820: [mem 0x000000000009fc00-0x000000000009ffff] reserved
[STDERR  ] 2019-06-19T05:34:46.650785584Z: [    0.000000] BIOS-e820: [mem 0x00000000000f0000-0x00000000000fffff] reserved
[STDERR  ] 2019-06-19T05:34:46.650798773Z: [    0.000000] BIOS-e820: [mem 0x0000000000100000-0x000000003ffdefff] usable
[STDERR  ] 2019-06-19T05:34:46.650816424Z: [    0.000000] BIOS-e820: [mem 0x000000003ffdf000-0x000000003fffffff] reserved
[STDERR  ] 2019-06-19T05:34:46.650829673Z: [    0.000000] BIOS-e820: [mem 0x00000000b0000000-0x00000000bfffffff] reserved
[STDERR  ] 2019-06-19T05:34:46.650855334Z: [    0.000000] BIOS-e820: [mem 0x00000000fed1c000-0x00000000fed1ffff] reserved
[STDERR  ] 2019-06-19T05:34:46.650867614Z: [    0.000000] BIOS-e820: [mem 0x00000000feffc000-0x00000000feffffff] reserved
[STDERR  ] 2019-06-19T05:34:46.650879687Z: [    0.000000] BIOS-e820: [mem 0x00000000fffc0000-0x00000000ffffffff] reserved
[STDERR  ] 2019-06-19T05:34:46.650892143Z: [    0.000000] NX (Execute Disable) protection: active
[STDERR  ] 2019-06-19T05:34:46.650904460Z: [    0.000000] SMBIOS 2.8 present.
[STDERR  ] 2019-06-19T05:34:46.650916782Z: [    0.000000] DMI: QEMU Standard PC (Q35 + ICH9, 2009), BIOS 1.10.2-1 04/01/2014
[STDERR  ] 2019-06-19T05:34:46.650928557Z: [    0.000000] Hypervisor detected: KVM
[STDERR  ] 2019-06-19T05:34:46.650940647Z: [    0.000000] kvm-clock: Using msrs 4b564d01 and 4b564d00
[STDERR  ] 2019-06-19T05:34:46.650953510Z: [    0.567136] kvm-clock: cpu 0, msr d81e001, primary cpu clock
[STDERR  ] 2019-06-19T05:34:46.650968514Z: [    0.567137] clocksource: kvm-clock: mask: 0xffffffffffffffff max_cycles: 0x1cd42e4dffb, max_idle_ns: 881590591483 ns
[STDERR  ] 2019-06-19T05:34:46.650982071Z: [    0.567150] tsc: Detected 2299.804 MHz processor
[STDERR  ] 2019-06-19T05:34:46.650995361Z: [    0.570369] last_pfn = 0x3ffdf max_arch_pfn = 0x400000000
[STDERR  ] 2019-06-19T05:34:46.651007964Z: [    0.570991] x86/PAT: PAT not supported by CPU.
[STDERR  ] 2019-06-19T05:34:46.651022251Z: [    0.571050] x86/PAT: Configuration [0-7]: WB  WT  UC- UC  WB  WT  UC- UC  
[STDERR  ] 2019-06-19T05:34:46.651035697Z: [    0.581668] found SMP MP-table at [mem 0x000f6a90-0x000f6a9f]
[STDERR  ] 2019-06-19T05:34:46.651048388Z: [    0.582000] RAMDISK: [mem 0x3c4c0000-0x3ffcffff]
[STDERR  ] 2019-06-19T05:34:46.651065333Z: [    0.582219] ACPI: Early table checksum verification disabled
[STDERR  ] 2019-06-19T05:34:46.651077688Z: [    0.582360] ACPI: RSDP 0x00000000000F68D0 000014 (v00 BOCHS )
[STDERR  ] 2019-06-19T05:34:46.651090405Z: [    0.582368] ACPI: RSDT 0x000000003FFE2404 000034 (v01 BOCHS  BXPCRSDT 00000001 BXPC 00000001)
[STDERR  ] 2019-06-19T05:34:46.651104069Z: [    0.582384] ACPI: FACP 0x000000003FFE22A4 000074 (v01 BOCHS  BXPCFACP 00000001 BXPC 00000001)
[STDERR  ] 2019-06-19T05:34:46.651118059Z: [    0.582391] ACPI: DSDT 0x000000003FFE0040 002264 (v01 BOCHS  BXPCDSDT 00000001 BXPC 00000001)
[STDERR  ] 2019-06-19T05:34:46.651131098Z: [    0.582395] ACPI: FACS 0x000000003FFE0000 000040
[STDERR  ] 2019-06-19T05:34:46.651143534Z: [    0.582399] ACPI: APIC 0x000000003FFE2318 000078 (v01 BOCHS  BXPCAPIC 00000001 BXPC 00000001)
[STDERR  ] 2019-06-19T05:34:46.651157985Z: [    0.582403] ACPI: HPET 0x000000003FFE2390 000038 (v01 BOCHS  BXPCHPET 00000001 BXPC 00000001)
[STDERR  ] 2019-06-19T05:34:46.651171037Z: [    0.582407] ACPI: MCFG 0x000000003FFE23C8 00003C (v01 BOCHS  BXPCMCFG 00000001 BXPC 00000001)
[STDERR  ] 2019-06-19T05:34:46.651184546Z: [    0.583150] Zone ranges:
[STDERR  ] 2019-06-19T05:34:46.651198617Z: [    0.583152]   DMA      [mem 0x0000000000001000-0x0000000000ffffff]
[STDERR  ] 2019-06-19T05:34:46.651210792Z: [    0.583154]   DMA32    [mem 0x0000000001000000-0x000000003ffdefff]
[STDERR  ] 2019-06-19T05:34:46.651222648Z: [    0.583155]   Normal   empty
[STDERR  ] 2019-06-19T05:34:46.651234195Z: [    0.583157]   Device   empty
[STDERR  ] 2019-06-19T05:34:46.651247712Z: [    0.583158] Movable zone start for each node
[STDERR  ] 2019-06-19T05:34:46.651260285Z: [    0.583159] Early memory node ranges
[STDERR  ] 2019-06-19T05:34:46.651272581Z: [    0.583160]   node   0: [mem 0x0000000000001000-0x000000000009efff]
[STDERR  ] 2019-06-19T05:34:46.651289506Z: [    0.583161]   node   0: [mem 0x0000000000100000-0x000000003ffdefff]
[STDERR  ] 2019-06-19T05:34:46.651304413Z: [    0.583748] Reserved but unavailable: 98 pages
[STDERR  ] 2019-06-19T05:34:46.651316036Z: [    0.583751] Initmem setup node 0 [mem 0x0000000000001000-0x000000003ffdefff]
[STDERR  ] 2019-06-19T05:34:46.651327633Z: [    0.598370] ACPI: PM-Timer IO Port: 0x608
[STDERR  ] 2019-06-19T05:34:46.651345659Z: [    0.598419] ACPI: LAPIC_NMI (acpi_id[0xff] dfl dfl lint[0x1])
[STDERR  ] 2019-06-19T05:34:46.651358107Z: [    0.598676] IOAPIC[0]: apic_id 0, version 17, address 0xfec00000, GSI 0-23
[STDERR  ] 2019-06-19T05:34:46.651370301Z: [    0.598680] ACPI: INT_SRC_OVR (bus 0 bus_irq 0 global_irq 2 dfl dfl)
[STDERR  ] 2019-06-19T05:34:46.651382287Z: [    0.598682] ACPI: INT_SRC_OVR (bus 0 bus_irq 5 global_irq 5 high level)
[STDERR  ] 2019-06-19T05:34:46.651393718Z: [    0.598683] ACPI: INT_SRC_OVR (bus 0 bus_irq 9 global_irq 9 high level)
[STDERR  ] 2019-06-19T05:34:46.651405607Z: [    0.598688] ACPI: INT_SRC_OVR (bus 0 bus_irq 10 global_irq 10 high level)
[STDERR  ] 2019-06-19T05:34:46.651417937Z: [    0.598690] ACPI: INT_SRC_OVR (bus 0 bus_irq 11 global_irq 11 high level)
[STDERR  ] 2019-06-19T05:34:46.651429872Z: [    0.598697] Using ACPI (MADT) for SMP configuration information
[STDERR  ] 2019-06-19T05:34:46.651441690Z: [    0.598699] ACPI: HPET id: 0x8086a201 base: 0xfed00000
[STDERR  ] 2019-06-19T05:34:46.651454370Z: [    0.598739] smpboot: Allowing 1 CPUs, 0 hotplug CPUs
[STDERR  ] 2019-06-19T05:34:46.651468304Z: [    0.598857] [mem 0x40000000-0xafffffff] available for PCI devices
[STDERR  ] 2019-06-19T05:34:46.651485483Z: [    0.598858] Booting paravirtualized kernel on KVM
[STDERR  ] 2019-06-19T05:34:46.651498747Z: [    0.598861] clocksource: refined-jiffies: mask: 0xffffffff max_cycles: 0xffffffff, max_idle_ns: 1910969940391419 ns
[STDERR  ] 2019-06-19T05:34:46.651512679Z: [    0.703066] random: get_random_bytes called from start_kernel+0x91/0x512 with crng_init=0
[STDERR  ] 2019-06-19T05:34:46.651526808Z: [    0.703085] setup_percpu: NR_CPUS:128 nr_cpumask_bits:128 nr_cpu_ids:1 nr_node_ids:1
[STDERR  ] 2019-06-19T05:34:46.651546029Z: [    0.703922] percpu: Embedded 45 pages/cpu s145112 r8192 d31016 u2097152
[STDERR  ] 2019-06-19T05:34:46.651558777Z: [    0.704032] KVM setup async PF for cpu 0
[STDERR  ] 2019-06-19T05:34:46.651571842Z: [    0.704084] kvm-stealtime: cpu 0, msr 3b015e80
[STDERR  ] 2019-06-19T05:34:46.651584788Z: [    0.704115] Built 1 zonelists, mobility grouping on.  Total pages: 257896
[STDERR  ] 2019-06-19T05:34:46.651596391Z: [    0.704118] Kernel command line: console=ttyS0 console=ttyAMA0
[STDERR  ] 2019-06-19T05:34:46.651610659Z: [    0.704263] Dentry cache hash table entries: 131072 (order: 8, 1048576 bytes)
[STDERR  ] 2019-06-19T05:34:46.651627494Z: [    0.704343] Inode-cache hash table entries: 65536 (order: 7, 524288 bytes)
[STDERR  ] 2019-06-19T05:34:46.651640845Z: [    0.708130] Memory: 941364K/1048052K available (12300K kernel code, 1583K rwdata, 3012K rodata, 1588K init, 2020K bss, 106688K reserved, 0K cma-reserved)
[STDERR  ] 2019-06-19T05:34:46.651657796Z: [    0.708833] Kernel/User page tables isolation: enabled
[STDERR  ] 2019-06-19T05:34:46.651669431Z: [    0.708931] ftrace: allocating 43130 entries in 169 pages
[STDERR  ] 2019-06-19T05:34:46.651682317Z: [    0.731253] rcu: Hierarchical RCU implementation.
[STDERR  ] 2019-06-19T05:34:46.651693966Z: [    0.731256] rcu: 	RCU restricting CPUs from NR_CPUS=128 to nr_cpu_ids=1.
[STDERR  ] 2019-06-19T05:34:46.651705534Z: [    0.731258] rcu: Adjusting geometry for rcu_fanout_leaf=16, nr_cpu_ids=1
[STDERR  ] 2019-06-19T05:34:46.651716462Z: [    0.734019] NR_IRQS: 8448, nr_irqs: 256, preallocated irqs: 16
[STDERR  ] 2019-06-19T05:34:46.651729967Z: [    0.760968] Console: colour VGA+ 80x25
[STDERR  ] 2019-06-19T05:34:46.651743499Z: [    1.175126] console [ttyS0] enabled
[STDERR  ] 2019-06-19T05:34:46.651756629Z: [    1.178268] ACPI: Core revision 20180810
[STDERR  ] 2019-06-19T05:34:46.651781394Z: [    1.182576] clocksource: hpet: mask: 0xffffffff max_cycles: 0xffffffff, max_idle_ns: 19112604467 ns
[STDERR  ] 2019-06-19T05:34:46.651795334Z: [    1.191154] APIC: Switch to symmetric I/O mode setup
[STDERR  ] 2019-06-19T05:34:46.651820426Z: [    1.197902] x2apic enabled
[STDERR  ] 2019-06-19T05:34:46.651833808Z: [    1.202532] Switched APIC routing to physical x2apic.
[STDERR  ] 2019-06-19T05:34:46.651861375Z: [    1.216992] ..TIMER: vector=0x30 apic1=0 pin1=2 apic2=-1 pin2=-1
[STDERR  ] 2019-06-19T05:34:46.651874424Z: [    1.222510] clocksource: tsc-early: mask: 0xffffffffffffffff max_cycles: 0x21267c42e6c, max_idle_ns: 440795315891 ns
[STDERR  ] 2019-06-19T05:34:46.651888425Z: [    1.232142] Calibrating delay loop (skipped) preset value.. 4599.60 BogoMIPS (lpj=2299804)
[STDERR  ] 2019-06-19T05:34:46.651901973Z: [    1.233125] pid_max: default: 32768 minimum: 301
[STDERR  ] 2019-06-19T05:34:46.651915053Z: [    1.234252] Security Framework initialized
[STDERR  ] 2019-06-19T05:34:46.651928770Z: [    1.235120] Yama: becoming mindful.
[STDERR  ] 2019-06-19T05:34:46.651943080Z: [    1.236161] Mount-cache hash table entries: 2048 (order: 2, 16384 bytes)
[STDERR  ] 2019-06-19T05:34:46.651955159Z: [    1.237122] Mountpoint-cache hash table entries: 2048 (order: 2, 16384 bytes)
[STDERR  ] 2019-06-19T05:34:46.651968063Z: [    1.240167] Last level iTLB entries: 4KB 0, 2MB 0, 4MB 0
[STDERR  ] 2019-06-19T05:34:46.651984246Z: [    1.241120] Last level dTLB entries: 4KB 0, 2MB 0, 4MB 0, 1GB 0
[STDERR  ] 2019-06-19T05:34:46.651997643Z: [    1.242118] Spectre V2 : Mitigation: Full generic retpoline
[STDERR  ] 2019-06-19T05:34:46.652011800Z: [    1.243116] Spectre V2 : Spectre v2 / SpectreRSB mitigation: Filling RSB on context switch
[STDERR  ] 2019-06-19T05:34:46.652026345Z: [    1.244116] Speculative Store Bypass: Vulnerable
[STDERR  ] 2019-06-19T05:34:46.652038900Z: [    1.245135] MDS: Vulnerable: Clear CPU buffers attempted, no microcode
[STDERR  ] 2019-06-19T05:34:46.652055463Z: [    1.254689] Freeing SMP alternatives memory: 20K
[STDERR  ] 2019-06-19T05:34:46.652067897Z: [    1.257111] smpboot: CPU0: Intel QEMU Virtual CPU version 2.5+ (family: 0x6, model: 0x6, stepping: 0x3)
[STDERR  ] 2019-06-19T05:34:46.652085280Z: [    1.257298] Performance Events: PMU not available due to virtualization, using software events only.
[STDERR  ] 2019-06-19T05:34:46.652102695Z: [    1.260176] rcu: Hierarchical SRCU implementation.
[STDERR  ] 2019-06-19T05:34:46.652114933Z: [    1.261272] NMI watchdog: Perf NMI watchdog permanently disabled
[STDERR  ] 2019-06-19T05:34:46.652127806Z: [    1.263199] smp: Bringing up secondary CPUs ...
[STDERR  ] 2019-06-19T05:34:46.652140576Z: [    1.264117] smp: Brought up 1 node, 1 CPU
[STDERR  ] 2019-06-19T05:34:46.652153615Z: [    1.265116] smpboot: Max logical packages: 1
[STDERR  ] 2019-06-19T05:34:46.652169892Z: [    1.266118] smpboot: Total of 1 processors activated (4599.60 BogoMIPS)
[STDERR  ] 2019-06-19T05:34:46.652181924Z: [    1.268349] devtmpfs: initialized
[STDERR  ] 2019-06-19T05:34:46.652194629Z: [    1.269177] x86/mm: Memory block size: 128MB
[STDERR  ] 2019-06-19T05:34:46.652207235Z: [    1.270514] clocksource: jiffies: mask: 0xffffffff max_cycles: 0xffffffff, max_idle_ns: 1911260446275000 ns
[STDERR  ] 2019-06-19T05:34:46.652225677Z: [    1.271127] futex hash table entries: 256 (order: 2, 16384 bytes)
[STDERR  ] 2019-06-19T05:34:46.652238478Z: [    1.273237] NET: Registered protocol family 16
[STDERR  ] 2019-06-19T05:34:46.652250989Z: [    1.274296] audit: initializing netlink subsys (disabled)
[STDERR  ] 2019-06-19T05:34:46.652263892Z: [    1.275196] audit: type=2000 audit(1560922469.396:1): state=initialized audit_enabled=0 res=1
[STDERR  ] 2019-06-19T05:34:46.652277302Z: [    1.276219] cpuidle: using governor ladder
[STDERR  ] 2019-06-19T05:34:46.652289941Z: [    1.277117] cpuidle: using governor menu
[STDERR  ] 2019-06-19T05:34:46.652306585Z: [    1.278243] ACPI: bus type PCI registered
[STDERR  ] 2019-06-19T05:34:46.652323247Z: [    1.279117] acpiphp: ACPI Hot Plug PCI Controller Driver version: 0.5
[STDERR  ] 2019-06-19T05:34:46.652346353Z: [    1.281574] PCI: MMCONFIG for domain 0000 [bus 00-ff] at [mem 0xb0000000-0xbfffffff] (base 0xb0000000)
[STDERR  ] 2019-06-19T05:34:46.652362086Z: [    1.282127] PCI: MMCONFIG at [mem 0xb0000000-0xbfffffff] reserved in E820
[STDERR  ] 2019-06-19T05:34:46.652378917Z: [    1.283139] PCI: Using configuration type 1 for base access
[STDERR  ] 2019-06-19T05:34:46.652397128Z: [    1.286896] HugeTLB registered 2.00 MiB page size, pre-allocated 0 pages
[STDERR  ] 2019-06-19T05:34:46.652409872Z: [    1.288210] cryptd: max_cpu_qlen set to 1000
[STDERR  ] 2019-06-19T05:34:46.652422660Z: [    1.290259] ACPI: Added _OSI(Module Device)
[STDERR  ] 2019-06-19T05:34:46.652435329Z: [    1.292118] ACPI: Added _OSI(Processor Device)
[STDERR  ] 2019-06-19T05:34:46.652450423Z: [    1.293117] ACPI: Added _OSI(3.0 _SCP Extensions)
[STDERR  ] 2019-06-19T05:34:46.652462405Z: [    1.294115] ACPI: Added _OSI(Processor Aggregator Device)
[STDERR  ] 2019-06-19T05:34:46.652474597Z: [    1.295136] ACPI: Added _OSI(Linux-Dell-Video)
[STDERR  ] 2019-06-19T05:34:46.652490857Z: [    1.296117] ACPI: Added _OSI(Linux-Lenovo-NV-HDMI-Audio)
[STDERR  ] 2019-06-19T05:34:46.652503178Z: [    1.299237] ACPI: 1 ACPI AML tables successfully acquired and loaded
[STDERR  ] 2019-06-19T05:34:46.652518282Z: [    1.303299] ACPI: Interpreter enabled
[STDERR  ] 2019-06-19T05:34:46.652530666Z: [    1.304129] ACPI: (supports S0 S5)
[STDERR  ] 2019-06-19T05:34:46.652542846Z: [    1.305119] ACPI: Using IOAPIC for interrupt routing
[STDERR  ] 2019-06-19T05:34:46.652556806Z: [    1.306183] PCI: Using host bridge windows from ACPI; if necessary, use "pci=nocrs" and report a bug
[STDERR  ] 2019-06-19T05:34:46.652569089Z: [    1.307362] ACPI: Enabled 2 GPEs in block 00 to 3F
[STDERR  ] 2019-06-19T05:34:46.652583122Z: [    1.312193] ACPI: PCI Root Bridge [PCI0] (domain 0000 [bus 00-ff])
[STDERR  ] 2019-06-19T05:34:46.652601239Z: [    1.313128] acpi PNP0A08:00: _OSC: OS supports [ExtendedConfig ASPM ClockPM Segments MSI]
[STDERR  ] 2019-06-19T05:34:46.652613560Z: [    1.315144] acpi PNP0A08:00: _OSC: platform does not support [SHPCHotplug LTR]
[STDERR  ] 2019-06-19T05:34:46.652625787Z: [    1.316211] acpi PNP0A08:00: _OSC: OS now controls [PCIeHotplug PME PCIeCapability]
[STDERR  ] 2019-06-19T05:34:46.652642515Z: [    1.317507] PCI host bridge to bus 0000:00
[STDERR  ] 2019-06-19T05:34:46.652659878Z: [    1.318120] pci_bus 0000:00: root bus resource [io  0x0000-0x0cf7 window]
[STDERR  ] 2019-06-19T05:34:46.652672004Z: [    1.319120] pci_bus 0000:00: root bus resource [io  0x0d00-0xffff window]
[STDERR  ] 2019-06-19T05:34:46.652688090Z: [    1.320120] pci_bus 0000:00: root bus resource [mem 0x000a0000-0x000bffff window]
[STDERR  ] 2019-06-19T05:34:46.652700119Z: [    1.321123] pci_bus 0000:00: root bus resource [mem 0xc0000000-0xfebfffff window]
[STDERR  ] 2019-06-19T05:34:46.652712481Z: [    1.322125] pci_bus 0000:00: root bus resource [bus 00-ff]
[STDERR  ] 2019-06-19T05:34:46.652731472Z: [    1.391850] pci 0000:00:1f.0: quirk: [io  0x0600-0x067f] claimed by ICH6 ACPI/GPIO/TCO
[STDERR  ] 2019-06-19T05:34:46.652743979Z: [    1.419478] ACPI: PCI Interrupt Link [LNKA] (IRQs 5 *10 11)
[STDERR  ] 2019-06-19T05:34:46.652756626Z: [    1.420411] ACPI: PCI Interrupt Link [LNKB] (IRQs 5 *10 11)
[STDERR  ] 2019-06-19T05:34:46.652963648Z: [    1.421400] ACPI: PCI Interrupt Link [LNKC] (IRQs 5 10 *11)
[STDERR  ] 2019-06-19T05:34:46.652977521Z: [    1.423332] ACPI: PCI Interrupt Link [LNKD] (IRQs 5 10 *11)
[STDERR  ] 2019-06-19T05:34:46.652991130Z: [    1.424407] ACPI: PCI Interrupt Link [LNKE] (IRQs 5 *10 11)
[STDERR  ] 2019-06-19T05:34:46.653011327Z: [    1.425452] ACPI: PCI Interrupt Link [LNKF] (IRQs 5 *10 11)
[STDERR  ] 2019-06-19T05:34:46.653024380Z: [    1.427202] ACPI: PCI Interrupt Link [LNKG] (IRQs 5 10 *11)
[STDERR  ] 2019-06-19T05:34:46.653042804Z: [    1.428388] ACPI: PCI Interrupt Link [LNKH] (IRQs 5 10 *11)
[STDERR  ] 2019-06-19T05:34:46.653055110Z: [    1.429258] ACPI: PCI Interrupt Link [GSIA] (IRQs *16)
[STDERR  ] 2019-06-19T05:34:46.653077107Z: [    1.430135] ACPI: PCI Interrupt Link [GSIB] (IRQs *17)
[STDERR  ] 2019-06-19T05:34:46.653091760Z: [    1.431134] ACPI: PCI Interrupt Link [GSIC] (IRQs *18)
[STDERR  ] 2019-06-19T05:34:46.653108183Z: [    1.432132] ACPI: PCI Interrupt Link [GSID] (IRQs *19)
[STDERR  ] 2019-06-19T05:34:46.653121190Z: [    1.433144] ACPI: PCI Interrupt Link [GSIE] (IRQs *20)
[STDERR  ] 2019-06-19T05:34:46.653141512Z: [    1.434136] ACPI: PCI Interrupt Link [GSIF] (IRQs *21)
[STDERR  ] 2019-06-19T05:34:46.653155008Z: [    1.435135] ACPI: PCI Interrupt Link [GSIG] (IRQs *22)
[STDERR  ] 2019-06-19T05:34:46.653168381Z: [    1.436134] ACPI: PCI Interrupt Link [GSIH] (IRQs *23)
[STDERR  ] 2019-06-19T05:34:46.653184426Z: [    1.438463] SCSI subsystem initialized
[STDERR  ] 2019-06-19T05:34:46.653197296Z: [    1.439217] ACPI: bus type USB registered
[STDERR  ] 2019-06-19T05:34:46.653209907Z: [    1.440141] usbcore: registered new interface driver usbfs
[STDERR  ] 2019-06-19T05:34:46.653228084Z: [    1.441139] usbcore: registered new interface driver hub
[STDERR  ] 2019-06-19T05:34:46.653240155Z: [    1.442148] usbcore: registered new device driver usb
[STDERR  ] 2019-06-19T05:34:46.653252532Z: [    1.443148] pps_core: LinuxPPS API ver. 1 registered
[STDERR  ] 2019-06-19T05:34:46.653264958Z: [    1.444115] pps_core: Software ver. 5.3.6 - Copyright 2005-2007 Rodolfo Giometti <giometti@linux.it>
[STDERR  ] 2019-06-19T05:34:46.653277881Z: [    1.445127] PTP clock support registered
[STDERR  ] 2019-06-19T05:34:46.653290313Z: [    1.446214] PCI: Using ACPI for IRQ routing
[STDERR  ] 2019-06-19T05:34:46.653308892Z: [    1.895537] NetLabel: Initializing
[STDERR  ] 2019-06-19T05:34:46.653321313Z: [    1.896116] NetLabel:  domain hash size = 128
[STDERR  ] 2019-06-19T05:34:46.653333882Z: [    1.897115] NetLabel:  protocols = UNLABELED CIPSOv4 CALIPSO
[STDERR  ] 2019-06-19T05:34:46.653346654Z: [    1.898152] NetLabel:  unlabeled traffic allowed by default
[STDERR  ] 2019-06-19T05:34:46.653429337Z: [    1.899285] HPET: 3 timers in total, 0 timers will be used for per-cpu timer
[STDERR  ] 2019-06-19T05:34:46.653449154Z: [    1.900231] hpet0: at MMIO 0xfed00000, IRQs 2, 8, 0
[STDERR  ] 2019-06-19T05:34:46.653467417Z: [    1.901117] hpet0: 3 comparators, 64-bit 100.000000 MHz counter
[STDERR  ] 2019-06-19T05:34:46.653484092Z: [    1.904156] clocksource: Switched to clocksource kvm-clock
[STDERR  ] 2019-06-19T05:34:46.653498162Z: [    1.929839] VFS: Disk quotas dquot_6.6.0
[STDERR  ] 2019-06-19T05:34:46.653510814Z: [    1.933498] VFS: Dquot-cache hash table entries: 512 (order 0, 4096 bytes)
[STDERR  ] 2019-06-19T05:34:46.653557874Z: [    1.939798] FS-Cache: Loaded
[STDERR  ] 2019-06-19T05:34:46.653583276Z: [    1.942491] CacheFiles: Loaded
[STDERR  ] 2019-06-19T05:34:46.653597576Z: [    1.945312] pnp: PnP ACPI init
[STDERR  ] 2019-06-19T05:34:46.653610751Z: [    1.949307] pnp: PnP ACPI: found 5 devices
[STDERR  ] 2019-06-19T05:34:46.653624106Z: [    1.959343] clocksource: acpi_pm: mask: 0xffffff max_cycles: 0xffffff, max_idle_ns: 2085701024 ns
[STDERR  ] 2019-06-19T05:34:46.653638093Z: [    1.967262] NET: Registered protocol family 2
[STDERR  ] 2019-06-19T05:34:46.653651203Z: [    1.972345] tcp_listen_portaddr_hash hash table entries: 512 (order: 1, 8192 bytes)
[STDERR  ] 2019-06-19T05:34:46.653664071Z: [    1.979102] TCP established hash table entries: 8192 (order: 4, 65536 bytes)
[STDERR  ] 2019-06-19T05:34:46.653677259Z: [    1.985332] TCP bind hash table entries: 8192 (order: 5, 131072 bytes)
[STDERR  ] 2019-06-19T05:34:46.653698620Z: [    1.991175] TCP: Hash tables configured (established 8192 bind 8192)
[STDERR  ] 2019-06-19T05:34:46.653711738Z: [    1.996865] UDP hash table entries: 512 (order: 2, 16384 bytes)
[STDERR  ] 2019-06-19T05:34:46.653724856Z: [    2.002253] UDP-Lite hash table entries: 512 (order: 2, 16384 bytes)
[STDERR  ] 2019-06-19T05:34:46.653741207Z: [    2.007979] NET: Registered protocol family 1
[STDERR  ] 2019-06-19T05:34:46.653753640Z: [    2.011924] NET: Registered protocol family 44
[STDERR  ] 2019-06-19T05:34:46.653773922Z: [    2.016186] pci 0000:00:01.0: Video device with shadowed ROM at [mem 0x000c0000-0x000dffff]
[STDERR  ] 2019-06-19T05:34:46.653790483Z: [    2.023928] Trying to unpack rootfs image as initramfs...
[STDERR  ] 2019-06-19T05:34:46.653802956Z: [    3.182625] Freeing initrd memory: 60480K
[STDERR  ] 2019-06-19T05:34:46.653815648Z: [    3.186499] clocksource: tsc: mask: 0xffffffffffffffff max_cycles: 0x21267c42e6c, max_idle_ns: 440795315891 ns
[STDERR  ] 2019-06-19T05:34:46.653855079Z: [    3.196877] PCLMULQDQ-NI instructions are not detected.
[STDERR  ] 2019-06-19T05:34:46.653875291Z: [    3.201388] AVX or AES-NI instructions are not detected.
[STDERR  ] 2019-06-19T05:34:46.653888678Z: [    3.205818] CPU feature 'AVX registers' is not supported.
[STDERR  ] 2019-06-19T05:34:46.653905807Z: [    3.210361] CPU feature 'AVX registers' is not supported.
[STDERR  ] 2019-06-19T05:34:46.653930435Z: [    3.214899] CPU feature 'AVX registers' is not supported.
[STDERR  ] 2019-06-19T05:34:46.653948165Z: [    3.219589] CPU feature 'AVX registers' is not supported.
[STDERR  ] 2019-06-19T05:34:46.653960467Z: [    3.224058] AVX2 or AES-NI instructions are not detected.
[STDERR  ] 2019-06-19T05:34:46.653974518Z: [    3.228407] AVX2 instructions are not detected.
[STDERR  ] 2019-06-19T05:34:46.653987183Z: [    3.232691] workingset: timestamp_bits=46 max_order=18 bucket_order=0
[STDERR  ] 2019-06-19T05:34:46.654009860Z: [    3.238467] squashfs: version 4.0 (2009/01/31) Phillip Lougher
[STDERR  ] 2019-06-19T05:34:46.654024269Z: [    3.243411] FS-Cache: Netfs 'cifs' registered for caching
[STDERR  ] 2019-06-19T05:34:46.654037375Z: [    3.247948] fuse init (API version 7.27)
[STDERR  ] 2019-06-19T05:34:46.654052655Z: [    3.251338] SGI XFS with ACLs, security attributes, no debug enabled
[STDERR  ] 2019-06-19T05:34:46.654075477Z: [    3.256808] 9p: Installing v9fs 9p2000 file system support
[STDERR  ] 2019-06-19T05:34:46.654088351Z: [    3.261377] FS-Cache: Netfs '9p' registered for caching
[STDERR  ] 2019-06-19T05:34:46.654100995Z: [    3.267065] NET: Registered protocol family 38
[STDERR  ] 2019-06-19T05:34:46.654124431Z: [    3.270848] Key type asymmetric registered
[STDERR  ] 2019-06-19T05:34:46.654143041Z: [    3.274403] Asymmetric key parser 'x509' registered
[STDERR  ] 2019-06-19T05:34:46.654155824Z: [    3.278389] Block layer SCSI generic (bsg) driver version 0.4 loaded (major 247)
[STDERR  ] 2019-06-19T05:34:46.654168447Z: [    3.284629] io scheduler noop registered
[STDERR  ] 2019-06-19T05:34:46.654180795Z: [    3.287889] io scheduler deadline registered (default)
[STDERR  ] 2019-06-19T05:34:46.654194076Z: [    3.292192] io scheduler cfq registered
[STDERR  ] 2019-06-19T05:34:46.654217436Z: [    3.295373] io scheduler mq-deadline registered (default)
[STDERR  ] 2019-06-19T05:34:46.654230678Z: [    3.299777] io scheduler kyber registered
[STDERR  ] 2019-06-19T05:34:46.654272481Z: [    3.303309] shpchp: Standard Hot Plug PCI Controller Driver version: 0.4
[STDERR  ] 2019-06-19T05:34:46.654286008Z: [    3.308762] hv_vmbus: registering driver hyperv_fb
[STDERR  ] 2019-06-19T05:34:46.654299441Z: [    3.312855] input: Power Button as /devices/LNXSYSTM:00/LNXPWRBN:00/input/input0
[STDERR  ] 2019-06-19T05:34:46.654312082Z: [    3.318856] ACPI: Power Button [PWRF]
[STDERR  ] 2019-06-19T05:34:46.654329339Z: [    3.322654] PCI Interrupt Link [GSIG] enabled at IRQ 22
[STDERR  ] 2019-06-19T05:34:46.654341782Z: [    3.332662] PCI Interrupt Link [GSIH] enabled at IRQ 23
[STDERR  ] 2019-06-19T05:34:46.654355039Z: [    3.342717] Serial: 8250/16550 driver, 4 ports, IRQ sharing disabled
[STDERR  ] 2019-06-19T05:34:46.654367375Z: [    3.388696] 00:04: ttyS0 at I/O 0x3f8 (irq = 4, base_baud = 115200) is a 16550A
[STDERR  ] 2019-06-19T05:34:46.654380099Z: [    3.396211] Non-volatile memory driver v1.3
[STDERR  ] 2019-06-19T05:34:46.654392972Z: [    3.401653] Hangcheck: starting hangcheck timer 0.9.1 (tick is 180 seconds, margin is 60 seconds).
[STDERR  ] 2019-06-19T05:34:46.654406163Z: [    3.410066] random: fast init done
[STDERR  ] 2019-06-19T05:34:46.654418999Z: [    3.414032] random: crng init done
[STDERR  ] 2019-06-19T05:34:46.654431202Z: [    3.418427] brd: module loaded
[STDERR  ] 2019-06-19T05:34:46.654444166Z: [    3.423698] loop: module loaded
[STDERR  ] 2019-06-19T05:34:46.654461291Z: [    3.431367] lpc_ich 0000:00:1f.0: I/O space for GPIO uninitialized
[STDERR  ] 2019-06-19T05:34:46.654473668Z: [    3.437030] VMware PVSCSI driver - version 1.0.7.0-k
[STDERR  ] 2019-06-19T05:34:46.654517717Z: [    3.441513] hv_vmbus: registering driver hv_storvsc
[STDERR  ] 2019-06-19T05:34:46.654533412Z: [    3.446510] PCI Interrupt Link [GSIA] enabled at IRQ 16
[STDERR  ] 2019-06-19T05:34:46.654545715Z: [    3.454723] ahci 0000:00:1f.2: AHCI 0001.0000 32 slots 6 ports 1.5 Gbps 0x3f impl SATA mode
[STDERR  ] 2019-06-19T05:34:46.654558460Z: [    3.462196] ahci 0000:00:1f.2: flags: 64bit ncq only 
[STDERR  ] 2019-06-19T05:34:46.654570972Z: [    3.470503] scsi host0: ahci
[STDERR  ] 2019-06-19T05:34:46.654582689Z: [    3.473539] scsi host1: ahci
[STDERR  ] 2019-06-19T05:34:46.654595224Z: [    3.476311] scsi host2: ahci
[STDERR  ] 2019-06-19T05:34:46.654608679Z: [    3.479084] scsi host3: ahci
[STDERR  ] 2019-06-19T05:34:46.654621120Z: [    3.481903] scsi host4: ahci
[STDERR  ] 2019-06-19T05:34:46.654633714Z: [    3.484833] scsi host5: ahci
[STDERR  ] 2019-06-19T05:34:46.654646969Z: [    3.487572] ata1: SATA max UDMA/133 abar m4096@0xfebd2000 port 0xfebd2100 irq 24
[STDERR  ] 2019-06-19T05:34:46.654667850Z: [    3.494271] ata2: SATA max UDMA/133 abar m4096@0xfebd2000 port 0xfebd2180 irq 24
[STDERR  ] 2019-06-19T05:34:46.654680937Z: [    3.500906] ata3: SATA max UDMA/133 abar m4096@0xfebd2000 port 0xfebd2200 irq 24
[STDERR  ] 2019-06-19T05:34:46.654706938Z: [    3.507555] ata4: SATA max UDMA/133 abar m4096@0xfebd2000 port 0xfebd2280 irq 24
[STDERR  ] 2019-06-19T05:34:46.654721732Z: [    3.514170] ata5: SATA max UDMA/133 abar m4096@0xfebd2000 port 0xfebd2300 irq 24
[STDERR  ] 2019-06-19T05:34:46.654733815Z: [    3.520773] ata6: SATA max UDMA/133 abar m4096@0xfebd2000 port 0xfebd2380 irq 24
[STDERR  ] 2019-06-19T05:34:46.654755359Z: [    3.529783] tun: Universal TUN/TAP device driver, 1.6
[STDERR  ] 2019-06-19T05:34:46.654781451Z: [    3.539461] VMware vmxnet3 virtual NIC driver - version 1.4.16.0-k-NAPI
[STDERR  ] 2019-06-19T05:34:46.654794629Z: [    3.545445] hv_vmbus: registering driver hv_netvsc
[STDERR  ] 2019-06-19T05:34:46.654806825Z: [    3.549802] Fusion MPT base driver 3.04.20
[STDERR  ] 2019-06-19T05:34:46.654826245Z: [    3.553551] Copyright (c) 1999-2008 LSI Corporation
[STDERR  ] 2019-06-19T05:34:46.654838686Z: [    3.557985] Fusion MPT SPI Host driver 3.04.20
[STDERR  ] 2019-06-19T05:34:46.654851642Z: [    3.562072] i8042: PNP: PS/2 Controller [PNP0303:KBD,PNP0f13:MOU] at 0x60,0x64 irq 1,12
[STDERR  ] 2019-06-19T05:34:46.654868580Z: [    3.572937] serio: i8042 KBD port at 0x60,0x64 irq 1
[STDERR  ] 2019-06-19T05:34:46.654884685Z: [    3.577403] serio: i8042 AUX port at 0x60,0x64 irq 12
[STDERR  ] 2019-06-19T05:34:46.654897065Z: [    3.582046] hv_vmbus: registering driver hyperv_keyboard
[STDERR  ] 2019-06-19T05:34:46.654909114Z: [    3.586873] mousedev: PS/2 mouse device common for all mice
[STDERR  ] 2019-06-19T05:34:46.654921757Z: [    3.593262] input: AT Translated Set 2 keyboard as /devices/platform/i8042/serio0/input/input1
[STDERR  ] 2019-06-19T05:34:46.654943743Z: [    3.601118] input: PC Speaker as /devices/platform/pcspkr/input/input2
[STDERR  ] 2019-06-19T05:34:46.654956484Z: [    3.607302] rtc_cmos 00:00: RTC can wake from S4
[STDERR  ] 2019-06-19T05:34:46.654972165Z: [    3.614636] rtc_cmos 00:00: registered as rtc0
[STDERR  ] 2019-06-19T05:34:46.654983960Z: [    3.618699] rtc_cmos 00:00: alarms up to one day, y3k, 114 bytes nvram, hpet irqs
[STDERR  ] 2019-06-19T05:34:46.654997162Z: [    3.625370] i2c /dev entries driver
[STDERR  ] 2019-06-19T05:34:46.655019139Z: [    3.628881] device-mapper: ioctl: 4.39.0-ioctl (2018-04-03) initialised: dm-devel@redhat.com
[STDERR  ] 2019-06-19T05:34:46.655032498Z: [    3.636898] usbcore: registered new interface driver usbhid
[STDERR  ] 2019-06-19T05:34:46.655045219Z: [    3.641919] usbhid: USB HID core driver
[STDERR  ] 2019-06-19T05:34:46.655057924Z: [    3.645486] hv_utils: Registering HyperV Utility Driver
[STDERR  ] 2019-06-19T05:34:46.655070499Z: [    3.650212] hv_vmbus: registering driver hv_util
[STDERR  ] 2019-06-19T05:34:46.655082492Z: [    3.654406] hv_vmbus: registering driver hv_balloon
[STDERR  ] 2019-06-19T05:34:46.655112865Z: [    3.658796] oprofile: using NMI interrupt.
[STDERR  ] 2019-06-19T05:34:46.655126029Z: [    3.662560] GACT probability on
[STDERR  ] 2019-06-19T05:34:46.655141058Z: [    3.665620] Mirror/redirect action on
[STDERR  ] 2019-06-19T05:34:46.655153627Z: [    3.668970] Simple TC action Loaded
[STDERR  ] 2019-06-19T05:34:46.655165393Z: [    3.672170] u32 classifier
[STDERR  ] 2019-06-19T05:34:46.655177932Z: [    3.674654]     Performance counters on
[STDERR  ] 2019-06-19T05:34:46.655190384Z: [    3.678163]     input device check on
[STDERR  ] 2019-06-19T05:34:46.655205821Z: [    3.681487]     Actions configured
[STDERR  ] 2019-06-19T05:34:46.655224949Z: [    3.684873] xt_time: kernel timezone is -0000
[STDERR  ] 2019-06-19T05:34:46.655237187Z: [    3.688853] IPVS: Registered protocols (TCP, UDP, SCTP, AH, ESP)
[STDERR  ] 2019-06-19T05:34:46.655249305Z: [    3.694284] IPVS: Connection hash table configured (size=4096, memory=64Kbytes)
[STDERR  ] 2019-06-19T05:34:46.655261548Z: [    3.701268] IPVS: ipvs loaded.
[STDERR  ] 2019-06-19T05:34:46.655274457Z: [    3.704122] IPVS: [rr] scheduler registered.
[STDERR  ] 2019-06-19T05:34:46.655295689Z: [    3.707997] IPVS: [wrr] scheduler registered.
[STDERR  ] 2019-06-19T05:34:46.655308271Z: [    3.711960] IPVS: [lc] scheduler registered.
[STDERR  ] 2019-06-19T05:34:46.655323857Z: [    3.715803] IPVS: [wlc] scheduler registered.
[STDERR  ] 2019-06-19T05:34:46.655336316Z: [    3.719738] IPVS: [fo] scheduler registered.
[STDERR  ] 2019-06-19T05:34:46.655348811Z: [    3.723612] IPVS: [ovf] scheduler registered.
[STDERR  ] 2019-06-19T05:34:46.655361432Z: [    3.727731] IPVS: [lblc] scheduler registered.
[STDERR  ] 2019-06-19T05:34:46.655384111Z: [    3.731747] IPVS: [lblcr] scheduler registered.
[STDERR  ] 2019-06-19T05:34:46.655401330Z: [    3.736187] IPVS: [dh] scheduler registered.
[STDERR  ] 2019-06-19T05:34:46.655413280Z: [    3.740062] IPVS: [sh] scheduler registered.
[STDERR  ] 2019-06-19T05:34:46.655437437Z: [    3.744268] IPVS: [mh] scheduler registered.
[STDERR  ] 2019-06-19T05:34:46.655450640Z: [    3.748144] IPVS: [sed] scheduler registered.
[STDERR  ] 2019-06-19T05:34:46.655462945Z: [    3.752403] IPVS: [nq] scheduler registered.
[STDERR  ] 2019-06-19T05:34:46.655476200Z: [    3.756249] IPVS: ftp: loaded support on port[0] = 21
[STDERR  ] 2019-06-19T05:34:46.655488714Z: [    3.761189] ipip: IPv4 and MPLS over IPv4 tunneling driver
[STDERR  ] 2019-06-19T05:34:46.655507165Z: [    3.766503] gre: GRE over IPv4 demultiplexor driver
[STDERR  ] 2019-06-19T05:34:46.655520063Z: [    3.771023] ipt_CLUSTERIP: ClusterIP Version 0.8 loaded successfully
[STDERR  ] 2019-06-19T05:34:46.655532992Z: [    3.777000] NET: Registered protocol family 10
[STDERR  ] 2019-06-19T05:34:46.655545225Z: [    3.781489] Segment Routing with IPv6
[STDERR  ] 2019-06-19T05:34:46.655557913Z: [    3.785410] NET: Registered protocol family 17
[STDERR  ] 2019-06-19T05:34:46.655569998Z: [    3.789481] Bridge firewalling registered
[STDERR  ] 2019-06-19T05:34:46.655585166Z: [    3.793564] 8021q: 802.1Q VLAN Support v1.8
[STDERR  ] 2019-06-19T05:34:46.655597418Z: [    3.797376] 9pnet: Installing 9P2000 support
[STDERR  ] 2019-06-19T05:34:46.655610519Z: [    3.801476] Key type dns_resolver registered
[STDERR  ] 2019-06-19T05:34:46.655629885Z: [    3.805438] NET: Registered protocol family 40
[STDERR  ] 2019-06-19T05:34:46.655643058Z: [    3.809862] registered taskstats version 1
[STDERR  ] 2019-06-19T05:34:46.655674099Z: [    3.821910] Key type big_key registered
[STDERR  ] 2019-06-19T05:34:46.655686779Z: [    3.829105] Key type trusted registered
[STDERR  ] 2019-06-19T05:34:46.655702385Z: [    3.836431] Key type encrypted registered
[STDERR  ] 2019-06-19T05:34:46.655715308Z: [    3.840750] ata4: SATA link down (SStatus 0 SControl 300)
[STDERR  ] 2019-06-19T05:34:46.655727498Z: [    3.846443] ata3: SATA link up 1.5 Gbps (SStatus 113 SControl 300)
[STDERR  ] 2019-06-19T05:34:46.655742361Z: [    3.853003] ata2: SATA link down (SStatus 0 SControl 300)
[STDERR  ] 2019-06-19T05:34:46.655779907Z: [    3.858876] ata1: SATA link up 1.5 Gbps (SStatus 113 SControl 300)
[STDERR  ] 2019-06-19T05:34:46.655800686Z: [    3.865327] ata6: SATA link down (SStatus 0 SControl 300)
[STDERR  ] 2019-06-19T05:34:46.655812903Z: [    3.870954] ata5: SATA link down (SStatus 0 SControl 300)
[STDERR  ] 2019-06-19T05:34:46.655824952Z: [    3.876058] ima: No TPM chip found, activating TPM-bypass!
[STDERR  ] 2019-06-19T05:34:46.655837023Z: [    3.880973] ata1.00: ATA-7: QEMU HARDDISK, 2.5+, max UDMA/100
[STDERR  ] 2019-06-19T05:34:46.655849777Z: [    3.886102] ata1.00: 1048576 sectors, multi 16: LBA48 NCQ (depth 32)
[STDERR  ] 2019-06-19T05:34:46.655862631Z: [    3.891811] ata1.00: applying bridge limits
[STDERR  ] 2019-06-19T05:34:46.655885880Z: [    3.895929] ata3.00: ATAPI: QEMU DVD-ROM, 2.5+, max UDMA/100
[STDERR  ] 2019-06-19T05:34:46.655898702Z: [    3.901005] ata3.00: applying bridge limits
[STDERR  ] 2019-06-19T05:34:46.655911538Z: [    3.905077] ima: Allocated hash algorithm: sha256
[STDERR  ] 2019-06-19T05:34:46.655944409Z: [    3.909417] evm: Initialising EVM extended attributes:
[STDERR  ] 2019-06-19T05:34:46.655962651Z: [    3.914063] evm: security.ima
[STDERR  ] 2019-06-19T05:34:46.655988079Z: [    3.916795] evm: security.capability
[STDERR  ] 2019-06-19T05:34:46.656000236Z: [    3.920204] evm: HMAC attrs: 0x1
[STDERR  ] 2019-06-19T05:34:46.656026505Z: [    3.923430] ata3.00: configured for UDMA/100
[STDERR  ] 2019-06-19T05:34:46.656039487Z: [    3.928282] ata1.00: configured for UDMA/100
[STDERR  ] 2019-06-19T05:34:46.656056100Z: [    3.932262] scsi 0:0:0:0: Direct-Access     ATA      QEMU HARDDISK    2.5+ PQ: 0 ANSI: 5
[STDERR  ] 2019-06-19T05:34:46.656069927Z: [    3.940306] rtc_cmos 00:00: setting system clock to 2019-06-19 05:34:32 UTC (1560922472)
[STDERR  ] 2019-06-19T05:34:46.656087172Z: [    3.947709] sd 0:0:0:0: [sda] 1048576 512-byte logical blocks: (537 MB/512 MiB)
[STDERR  ] 2019-06-19T05:34:46.656108189Z: [    3.954498] sd 0:0:0:0: Attached scsi generic sg0 type 0
[STDERR  ] 2019-06-19T05:34:46.656121451Z: [    3.959322] sd 0:0:0:0: [sda] Write Protect is off
[STDERR  ] 2019-06-19T05:34:46.656134304Z: [    3.964045] scsi 2:0:0:0: CD-ROM            QEMU     QEMU DVD-ROM     2.5+ PQ: 0 ANSI: 5
[STDERR  ] 2019-06-19T05:34:46.656147274Z: [    3.971331] Unstable clock detected, switching default tracing clock to "global"
[STDERR  ] 2019-06-19T05:34:46.656159784Z: [    3.971331] If you want to keep using the local clock, then add:
[STDERR  ] 2019-06-19T05:34:46.656171730Z: [    3.971331]   "trace_clock=local"
[STDERR  ] 2019-06-19T05:34:46.656184601Z: [    3.971331] on the kernel command line
[STDERR  ] 2019-06-19T05:34:46.656197219Z: [    3.989432] sd 0:0:0:0: [sda] Write cache: enabled, read cache: enabled, doesn't support DPO or FUA
[STDERR  ] 2019-06-19T05:34:46.656210677Z: [    3.999434]  sda: sda1
[STDERR  ] 2019-06-19T05:34:46.656223553Z: [    4.001847] sd 0:0:0:0: [sda] Attached SCSI disk
[STDERR  ] 2019-06-19T05:34:46.656236039Z: [    4.012989] sr 2:0:0:0: [sr0] scsi3-mmc drive: 4x/4x cd/rw xa/form2 tray
[STDERR  ] 2019-06-19T05:34:46.656258739Z: [    4.019237] cdrom: Uniform CD-ROM driver Revision: 3.20
[STDERR  ] 2019-06-19T05:34:46.656270956Z: [    4.024634] sr 2:0:0:0: Attached scsi generic sg1 type 5
[STDERR  ] 2019-06-19T05:34:46.656283560Z: [    4.032505] Freeing unused kernel image memory: 1588K
[STDERR  ] 2019-06-19T05:34:46.656296326Z: [    4.039194] Write protecting the kernel read-only data: 18432k
[STDERR  ] 2019-06-19T05:34:46.656308936Z: [    4.047016] Freeing unused kernel image memory: 2028K
[STDERR  ] 2019-06-19T05:34:46.656320998Z: [    4.051906] Freeing unused kernel image memory: 1084K
[STDERR  ] 2019-06-19T05:34:46.656333295Z: [    4.056545] Run /init as init process
[STDERR  ] 2019-06-19T05:34:46.656352132Z: 
[STDERR  ] 2019-06-19T05:34:46.656365720Z: Welcome to LinuxKit
[STDERR  ] 2019-06-19T05:34:46.656379846Z: 
[STDERR  ] 2019-06-19T05:34:46.656392625Z:                         ##         .
[STDERR  ] 2019-06-19T05:34:46.656405640Z:                   ## ## ##        ==
[STDERR  ] 2019-06-19T05:34:46.656423949Z:                ## ## ## ## ##    ===
[STDERR  ] 2019-06-19T05:34:46.656436295Z:            /"""""""""""""""""\___/ ===
[STDERR  ] 2019-06-19T05:34:46.656448650Z:           {                       /  ===-
[STDERR  ] 2019-06-19T05:34:46.656461158Z:            \______ O           __/
[STDERR  ] 2019-06-19T05:34:46.656473968Z:              \    \         __/
[STDERR  ] 2019-06-19T05:34:46.656498193Z:               \____\_______/
[STDERR  ] 2019-06-19T05:34:46.656510974Z: 
[STDERR  ] 2019-06-19T05:34:46.656523781Z: [    5.045687] IPVS: ftp: loaded support on port[0] = 21
[STDERR  ] 2019-06-19T05:34:46.656536155Z: [    5.426872]  sda:
[STDERR  ] 2019-06-19T05:34:46.656551815Z: [    5.433550]  sda:
[STDERR  ] 2019-06-19T05:34:46.656564858Z: [    5.698960]  sda: sda1
[STDERR  ] 2019-06-19T05:34:46.656577494Z: [    5.957395]  sda: sda1
[STDERR  ] 2019-06-19T05:34:46.656589784Z: [    5.963988]  sda: sda1
[STDERR  ] 2019-06-19T05:34:46.656612119Z: 2019/06/19 05:34:35 Successfully resized /dev/sda
[STDERR  ] 2019-06-19T05:34:46.656624883Z: [    7.134793] IPVS: ftp: loaded support on port[0] = 21
[STDERR  ] 2019-06-19T05:34:46.656637439Z: [    7.209829] EXT4-fs (sda1): mounted filesystem with ordered data mode. Opts: (null)
[STDERR  ] 2019-06-19T05:34:46.656650393Z: extend test suite PASSED
[STDERR  ] 2019-06-19T05:34:46.656663562Z: + '[' -f /var/lib/docker/bar ]
[STDERR  ] 2019-06-19T05:34:46.656675897Z: + touch /var/lib/docker/foo
[STDERR  ] 2019-06-19T05:34:46.656687875Z: + grep -qE '[4-5][0-9]{2}\.[0-9]{1,}M'
[STDERR  ] 2019-06-19T05:34:46.656700293Z: + df -h
[STDERR  ] 2019-06-19T05:34:46.656720011Z: + printf 'extend test suite PASSED\n'
[STDERR  ] 2019-06-19T05:34:46.656732876Z: [   17.512591] sd 0:0:0:0: [sda] Synchronizing SCSI cache
[STDERR  ] 2019-06-19T05:34:46.656753659Z: [   17.517945] sd 0:0:0:0: [sda] Stopping disk
[STDERR  ] 2019-06-19T05:34:46.656774880Z: [   17.523361] ACPI: Preparing to enter system sleep state S5
[STDERR  ] 2019-06-19T05:34:46.656787380Z: [   17.528786] reboot: Power down
[STDERR  ] 2019-06-19T05:34:46.656801020Z: + echo [    0.000000] Linux version 4.19.51-linuxkit (root@5e22f1a454b5) (gcc version 8.3.0 (Alpine 8.3.0)) #1 SMP Mon Jun 17 08:07:30 UTC 2019
[STDERR  ] 2019-06-19T05:34:46.656824505Z: [    0.000000] Command line: console=ttyS0 console=ttyAMA0
[STDERR  ] 2019-06-19T05:34:46.656838008Z: [    0.000000] x86/fpu: x87 FPU will use FXSAVE
[STDERR  ] 2019-06-19T05:34:46.656850616Z: [    0.000000] BIOS-provided physical RAM map:
[STDERR  ] 2019-06-19T05:34:46.656862656Z: [    0.000000] BIOS-e820: [mem 0x0000000000000000-0x000000000009fbff] usable
[STDERR  ] 2019-06-19T05:34:46.656874913Z: [    0.000000] BIOS-e820: [mem 0x000000000009fc00-0x000000000009ffff] reserved
[STDERR  ] 2019-06-19T05:34:46.656887729Z: [    0.000000] BIOS-e820: [mem 0x00000000000f0000-0x00000000000fffff] reserved
[STDERR  ] 2019-06-19T05:34:46.656910187Z: [    0.000000] BIOS-e820: [mem 0x0000000000100000-0x000000003ffdefff] usable
[STDERR  ] 2019-06-19T05:34:46.656922702Z: [    0.000000] BIOS-e820: [mem 0x000000003ffdf000-0x000000003fffffff] reserved
[STDERR  ] 2019-06-19T05:34:46.656941851Z: [    0.000000] BIOS-e820: [mem 0x00000000b0000000-0x00000000bfffffff] reserved
[STDERR  ] 2019-06-19T05:34:46.656954917Z: [    0.000000] BIOS-e820: [mem 0x00000000fed1c000-0x00000000fed1ffff] reserved
[STDERR  ] 2019-06-19T05:34:46.656976577Z: [    0.000000] BIOS-e820: [mem 0x00000000feffc000-0x00000000feffffff] reserved
[STDERR  ] 2019-06-19T05:34:46.656989872Z: [    0.000000] BIOS-e820: [mem 0x00000000fffc0000-0x00000000ffffffff] reserved
[STDERR  ] 2019-06-19T05:34:46.657002813Z: [    0.000000] NX (Execute Disable) protection: active
[STDERR  ] 2019-06-19T05:34:46.657015533Z: [    0.000000] SMBIOS 2.8 present.
[STDERR  ] 2019-06-19T05:34:46.657027900Z: [    0.000000] DMI: QEMU Standard PC (Q35 + ICH9, 2009), BIOS 1.10.2-1 04/01/2014
[STDERR  ] 2019-06-19T05:34:46.657040632Z: [    0.000000] Hypervisor detected: KVM
[STDERR  ] 2019-06-19T05:34:46.657053028Z: [    0.000000] kvm-clock: Using msrs 4b564d01 and 4b564d00
[STDERR  ] 2019-06-19T05:34:46.657070894Z: [    0.567136] kvm-clock: cpu 0, msr d81e001, primary cpu clock
[STDERR  ] 2019-06-19T05:34:46.657083708Z: [    0.567137] clocksource: kvm-clock: mask: 0xffffffffffffffff max_cycles: 0x1cd42e4dffb, max_idle_ns: 881590591483 ns
[STDERR  ] 2019-06-19T05:34:46.657101365Z: [    0.567150] tsc: Detected 2299.804 MHz processor
[STDERR  ] 2019-06-19T05:34:46.657123547Z: [    0.570369] last_pfn = 0x3ffdf max_arch_pfn = 0x400000000
[STDERR  ] 2019-06-19T05:34:46.657136407Z: [    0.570991] x86/PAT: PAT not supported by CPU.
[STDERR  ] 2019-06-19T05:34:46.657148849Z: [    0.571050] x86/PAT: Configuration [0-7]: WB  WT  UC- UC  WB  WT  UC- UC  
[STDERR  ] 2019-06-19T05:34:46.657161638Z: [    0.581668] found SMP MP-table at [mem 0x000f6a90-0x000f6a9f]
[STDERR  ] 2019-06-19T05:34:46.657174388Z: [    0.582000] RAMDISK: [mem 0x3c4c0000-0x3ffcffff]
[STDERR  ] 2019-06-19T05:34:46.657187039Z: [    0.582219] ACPI: Early table checksum verification disabled
[STDERR  ] 2019-06-19T05:34:46.657208561Z: [    0.582360] ACPI: RSDP 0x00000000000F68D0 000014 (v00 BOCHS )
[STDERR  ] 2019-06-19T05:34:46.657220728Z: [    0.582368] ACPI: RSDT 0x000000003FFE2404 000034 (v01 BOCHS  BXPCRSDT 00000001 BXPC 00000001)
[STDERR  ] 2019-06-19T05:34:46.657233468Z: [    0.582384] ACPI: FACP 0x000000003FFE22A4 000074 (v01 BOCHS  BXPCFACP 00000001 BXPC 00000001)
[STDERR  ] 2019-06-19T05:34:46.657246242Z: [    0.582391] ACPI: DSDT 0x000000003FFE0040 002264 (v01 BOCHS  BXPCDSDT 00000001 BXPC 00000001)
[STDERR  ] 2019-06-19T05:34:46.657259130Z: [    0.582395] ACPI: FACS 0x000000003FFE0000 000040
[STDERR  ] 2019-06-19T05:34:46.657271861Z: [    0.582399] ACPI: APIC 0x000000003FFE2318 000078 (v01 BOCHS  BXPCAPIC 00000001 BXPC 00000001)
[STDERR  ] 2019-06-19T05:34:46.657292471Z: [    0.582403] ACPI: HPET 0x000000003FFE2390 000038 (v01 BOCHS  BXPCHPET 00000001 BXPC 00000001)
[STDERR  ] 2019-06-19T05:34:46.657305592Z: [    0.582407] ACPI: MCFG 0x000000003FFE23C8 00003C (v01 BOCHS  BXPCMCFG 00000001 BXPC 00000001)
[STDERR  ] 2019-06-19T05:34:46.657326303Z: [    0.583150] Zone ranges:
[STDERR  ] 2019-06-19T05:34:46.657338907Z: [    0.583152]   DMA      [mem 0x0000000000001000-0x0000000000ffffff]
[STDERR  ] 2019-06-19T05:34:46.657351261Z: [    0.583154]   DMA32    [mem 0x0000000001000000-0x000000003ffdefff]
[STDERR  ] 2019-06-19T05:34:46.657363156Z: [    0.583155]   Normal   empty
[STDERR  ] 2019-06-19T05:34:46.657376197Z: [    0.583157]   Device   empty
[STDERR  ] 2019-06-19T05:34:46.657389292Z: [    0.583158] Movable zone start for each node
[STDERR  ] 2019-06-19T05:34:46.657401942Z: [    0.583159] Early memory node ranges
[STDERR  ] 2019-06-19T05:34:46.657420515Z: [    0.583160]   node   0: [mem 0x0000000000001000-0x000000000009efff]
[STDERR  ] 2019-06-19T05:34:46.657433496Z: [    0.583161]   node   0: [mem 0x0000000000100000-0x000000003ffdefff]
[STDERR  ] 2019-06-19T05:34:46.657446170Z: [    0.583748] Reserved but unavailable: 98 pages
[STDERR  ] 2019-06-19T05:34:46.657458835Z: [    0.583751] Initmem setup node 0 [mem 0x0000000000001000-0x000000003ffdefff]
[STDERR  ] 2019-06-19T05:34:46.657474283Z: [    0.598370] ACPI: PM-Timer IO Port: 0x608
[STDERR  ] 2019-06-19T05:34:46.657487213Z: [    0.598419] ACPI: LAPIC_NMI (acpi_id[0xff] dfl dfl lint[0x1])
[STDERR  ] 2019-06-19T05:34:46.657506852Z: [    0.598676] IOAPIC[0]: apic_id 0, version 17, address 0xfec00000, GSI 0-23
[STDERR  ] 2019-06-19T05:34:46.657519489Z: [    0.598680] ACPI: INT_SRC_OVR (bus 0 bus_irq 0 global_irq 2 dfl dfl)
[STDERR  ] 2019-06-19T05:34:46.657532108Z: [    0.598682] ACPI: INT_SRC_OVR (bus 0 bus_irq 5 global_irq 5 high level)
[STDERR  ] 2019-06-19T05:34:46.657544758Z: [    0.598683] ACPI: INT_SRC_OVR (bus 0 bus_irq 9 global_irq 9 high level)
[STDERR  ] 2019-06-19T05:34:46.657563422Z: [    0.598688] ACPI: INT_SRC_OVR (bus 0 bus_irq 10 global_irq 10 high level)
[STDERR  ] 2019-06-19T05:34:46.657575569Z: [    0.598690] ACPI: INT_SRC_OVR (bus 0 bus_irq 11 global_irq 11 high level)
[STDERR  ] 2019-06-19T05:34:46.657587730Z: [    0.598697] Using ACPI (MADT) for SMP configuration information
[STDERR  ] 2019-06-19T05:34:46.657603980Z: [    0.598699] ACPI: HPET id: 0x8086a201 base: 0xfed00000
[STDERR  ] 2019-06-19T05:34:46.657620197Z: [    0.598739] smpboot: Allowing 1 CPUs, 0 hotplug CPUs
[STDERR  ] 2019-06-19T05:34:46.657635256Z: [    0.598857] [mem 0x40000000-0xafffffff] available for PCI devices
[STDERR  ] 2019-06-19T05:34:46.657656534Z: [    0.598858] Booting paravirtualized kernel on KVM
[STDERR  ] 2019-06-19T05:34:46.657669651Z: [    0.598861] clocksource: refined-jiffies: mask: 0xffffffff max_cycles: 0xffffffff, max_idle_ns: 1910969940391419 ns
[STDERR  ] 2019-06-19T05:34:46.657685692Z: [    0.703066] random: get_random_bytes called from start_kernel+0x91/0x512 with crng_init=0
[STDERR  ] 2019-06-19T05:34:46.657698416Z: [    0.703085] setup_percpu: NR_CPUS:128 nr_cpumask_bits:128 nr_cpu_ids:1 nr_node_ids:1
[STDERR  ] 2019-06-19T05:34:46.657724990Z: [    0.703922] percpu: Embedded 45 pages/cpu s145112 r8192 d31016 u2097152
[STDERR  ] 2019-06-19T05:34:46.657736406Z: [    0.704032] KVM setup async PF for cpu 0
[STDERR  ] 2019-06-19T05:34:46.657748699Z: [    0.704084] kvm-stealtime: cpu 0, msr 3b015e80
[STDERR  ] 2019-06-19T05:34:46.657760166Z: [    0.704115] Built 1 zonelists, mobility grouping on.  Total pages: 257896
[STDERR  ] 2019-06-19T05:34:46.657779767Z: [    0.704118] Kernel command line: console=ttyS0 console=ttyAMA0
[STDERR  ] 2019-06-19T05:34:46.657807931Z: [    0.704263] Dentry cache hash table entries: 131072 (order: 8, 1048576 bytes)
[STDERR  ] 2019-06-19T05:34:46.657820708Z: [    0.704343] Inode-cache hash table entries: 65536 (order: 7, 524288 bytes)
[STDERR  ] 2019-06-19T05:34:46.657837086Z: [    0.708130] Memory: 941364K/1048052K available (12300K kernel code, 1583K rwdata, 3012K rodata, 1588K init, 2020K bss, 106688K reserved, 0K cma-reserved)
[STDERR  ] 2019-06-19T05:34:46.657857497Z: [    0.708833] Kernel/User page tables isolation: enabled
[STDERR  ] 2019-06-19T05:34:46.657870383Z: [    0.708931] ftrace: allocating 43130 entries in 169 pages
[STDERR  ] 2019-06-19T05:34:46.657882585Z: [    0.731253] rcu: Hierarchical RCU implementation.
[STDERR  ] 2019-06-19T05:34:46.657895288Z: [    0.731256] rcu: 	RCU restricting CPUs from NR_CPUS=128 to nr_cpu_ids=1.
[STDERR  ] 2019-06-19T05:34:46.657919932Z: [    0.731258] rcu: Adjusting geometry for rcu_fanout_leaf=16, nr_cpu_ids=1
[STDERR  ] 2019-06-19T05:34:46.657932768Z: [    0.734019] NR_IRQS: 8448, nr_irqs: 256, preallocated irqs: 16
[STDERR  ] 2019-06-19T05:34:46.657945244Z: [    0.760968] Console: colour VGA+ 80x25
[STDERR  ] 2019-06-19T05:34:46.657957771Z: [    1.175126] console [ttyS0] enabled
[STDERR  ] 2019-06-19T05:34:46.657973775Z: [    1.178268] ACPI: Core revision 20180810
[STDERR  ] 2019-06-19T05:34:46.657996497Z: [    1.182576] clocksource: hpet: mask: 0xffffffff max_cycles: 0xffffffff, max_idle_ns: 19112604467 ns
[STDERR  ] 2019-06-19T05:34:46.658009887Z: [    1.191154] APIC: Switch to symmetric I/O mode setup
[STDERR  ] 2019-06-19T05:34:46.658022336Z: [    1.197902] x2apic enabled
[STDERR  ] 2019-06-19T05:34:46.658036073Z: [    1.202532] Switched APIC routing to physical x2apic.
[STDERR  ] 2019-06-19T05:34:46.658049067Z: [    1.216992] ..TIMER: vector=0x30 apic1=0 pin1=2 apic2=-1 pin2=-1
[STDERR  ] 2019-06-19T05:34:46.658068655Z: [    1.222510] clocksource: tsc-early: mask: 0xffffffffffffffff max_cycles: 0x21267c42e6c, max_idle_ns: 440795315891 ns
[STDERR  ] 2019-06-19T05:34:46.658082746Z: [    1.232142] Calibrating delay loop (skipped) preset value.. 4599.60 BogoMIPS (lpj=2299804)
[STDERR  ] 2019-06-19T05:34:46.658095894Z: [    1.233125] pid_max: default: 32768 minimum: 301
[STDERR  ] 2019-06-19T05:34:46.658108779Z: [    1.234252] Security Framework initialized
[STDERR  ] 2019-06-19T05:34:46.658122079Z: [    1.235120] Yama: becoming mindful.
[STDERR  ] 2019-06-19T05:34:46.658134333Z: [    1.236161] Mount-cache hash table entries: 2048 (order: 2, 16384 bytes)
[STDERR  ] 2019-06-19T05:34:46.658147315Z: [    1.237122] Mountpoint-cache hash table entries: 2048 (order: 2, 16384 bytes)
[STDERR  ] 2019-06-19T05:34:46.658165891Z: [    1.240167] Last level iTLB entries: 4KB 0, 2MB 0, 4MB 0
[STDERR  ] 2019-06-19T05:34:46.658178544Z: [    1.241120] Last level dTLB entries: 4KB 0, 2MB 0, 4MB 0, 1GB 0
[STDERR  ] 2019-06-19T05:34:46.658194413Z: [    1.242118] Spectre V2 : Mitigation: Full generic retpoline
[STDERR  ] 2019-06-19T05:34:46.658210487Z: [    1.243116] Spectre V2 : Spectre v2 / SpectreRSB mitigation: Filling RSB on context switch
[STDERR  ] 2019-06-19T05:34:46.658223156Z: [    1.244116] Speculative Store Bypass: Vulnerable
[STDERR  ] 2019-06-19T05:34:46.658254938Z: [    1.245135] MDS: Vulnerable: Clear CPU buffers attempted, no microcode
[STDERR  ] 2019-06-19T05:34:46.658271288Z: [    1.254689] Freeing SMP alternatives memory: 20K
[STDERR  ] 2019-06-19T05:34:46.658284868Z: [    1.257111] smpboot: CPU0: Intel QEMU Virtual CPU version 2.5+ (family: 0x6, model: 0x6, stepping: 0x3)
[STDERR  ] 2019-06-19T05:34:46.658298156Z: [    1.257298] Performance Events: PMU not available due to virtualization, using software events only.
[STDERR  ] 2019-06-19T05:34:46.658315722Z: [    1.260176] rcu: Hierarchical SRCU implementation.
[STDERR  ] 2019-06-19T05:34:46.658328883Z: [    1.261272] NMI watchdog: Perf NMI watchdog permanently disabled
[STDERR  ] 2019-06-19T05:34:46.658342007Z: [    1.263199] smp: Bringing up secondary CPUs ...
[STDERR  ] 2019-06-19T05:34:46.658356312Z: [    1.264117] smp: Brought up 1 node, 1 CPU
[STDERR  ] 2019-06-19T05:34:46.658369097Z: [    1.265116] smpboot: Max logical packages: 1
[STDERR  ] 2019-06-19T05:34:46.658381941Z: [    1.266118] smpboot: Total of 1 processors activated (4599.60 BogoMIPS)
[STDERR  ] 2019-06-19T05:34:46.658394632Z: [    1.268349] devtmpfs: initialized
[STDERR  ] 2019-06-19T05:34:46.658416509Z: [    1.269177] x86/mm: Memory block size: 128MB
[STDERR  ] 2019-06-19T05:34:46.658437842Z: [    1.270514] clocksource: jiffies: mask: 0xffffffff max_cycles: 0xffffffff, max_idle_ns: 1911260446275000 ns
[STDERR  ] 2019-06-19T05:34:46.658450398Z: [    1.271127] futex hash table entries: 256 (order: 2, 16384 bytes)
[STDERR  ] 2019-06-19T05:34:46.658463912Z: [    1.273237] NET: Registered protocol family 16
[STDERR  ] 2019-06-19T05:34:46.658477292Z: [    1.274296] audit: initializing netlink subsys (disabled)
[STDERR  ] 2019-06-19T05:34:46.658506334Z: [    1.275196] audit: type=2000 audit(1560922469.396:1): state=initialized audit_enabled=0 res=1
[STDERR  ] 2019-06-19T05:34:46.658519043Z: [    1.276219] cpuidle: using governor ladder
[STDERR  ] 2019-06-19T05:34:46.658531572Z: [    1.277117] cpuidle: using governor menu
[STDERR  ] 2019-06-19T05:34:46.658543811Z: [    1.278243] ACPI: bus type PCI registered
[STDERR  ] 2019-06-19T05:34:46.658559911Z: [    1.279117] acpiphp: ACPI Hot Plug PCI Controller Driver version: 0.5
[STDERR  ] 2019-06-19T05:34:46.658582741Z: [    1.281574] PCI: MMCONFIG for domain 0000 [bus 00-ff] at [mem 0xb0000000-0xbfffffff] (base 0xb0000000)
[STDERR  ] 2019-06-19T05:34:46.658596109Z: [    1.282127] PCI: MMCONFIG at [mem 0xb0000000-0xbfffffff] reserved in E820
[STDERR  ] 2019-06-19T05:34:46.658608968Z: [    1.283139] PCI: Using configuration type 1 for base access
[STDERR  ] 2019-06-19T05:34:46.658621670Z: [    1.286896] HugeTLB registered 2.00 MiB page size, pre-allocated 0 pages
[STDERR  ] 2019-06-19T05:34:46.658634444Z: [    1.288210] cryptd: max_cpu_qlen set to 1000
