[INFO    ] 2017-10-11T02:27:49.805601239Z: Running Test linuxkit.packages.containerd in /tmp/build/test/cases/040_packages/003_containerd
[INFO    ] 2017-10-11T02:27:49.805707594Z: Running command: [/bin/sh -x /tmp/build/test/cases/040_packages/003_containerd/test.sh]
[STDERR  ] 2017-10-11T02:27:49.818922203Z: + set -e
[STDERR  ] 2017-10-11T02:27:49.818993648Z: + . /tmp/build/test/cases/_lib/lib.sh
[STDERR  ] 2017-10-11T02:27:49.819004049Z: + [ -f src/github.com/linuxkit/rtf/lib/lib.sh ]
[STDERR  ] 2017-10-11T02:27:49.819010494Z: + LINUXKIT_TMPDIR=/tmp/build/test/cases/_tmp
[STDERR  ] 2017-10-11T02:27:49.819016084Z: + [ -f /tmp/build/test/cases/_tmp/env.sh ]
[STDERR  ] 2017-10-11T02:27:49.8190217Z: + . /tmp/build/test/cases/_tmp/env.sh
[STDERR  ] 2017-10-11T02:27:49.819031373Z: + export LINUXKIT_EXAMPLES_DIR=/tmp/build/test/cases/../../examples
[STDERR  ] 2017-10-11T02:27:49.819051943Z: + export LINUXKIT_BLUEPRINTS_DIR=/tmp/build/test/cases/../../blueprints
[STDERR  ] 2017-10-11T02:27:49.819063389Z: + RT_CANCEL=253
[STDERR  ] 2017-10-11T02:27:49.81907304Z: + NAME=containerd
[STDERR  ] 2017-10-11T02:27:49.819082569Z: + trap clean_up EXIT
[STDERR  ] 2017-10-11T02:27:49.819092049Z: + moby build -format kernel+initrd -name containerd test.yml
[STDERR  ] 2017-10-11T02:27:49.868718313Z: Extract kernel image: linuxkit/kernel:4.9.53
[STDERR  ] 2017-10-11T02:27:50.939609338Z: time="2017-10-11T02:27:50Z" level=warning msg="certificate with CN Moby CI is near expiry" 
[STDERR  ] 2017-10-11T02:27:50.939752683Z: time="2017-10-11T02:27:50Z" level=warning msg="certificate with CN Rolf Neugebauer is near expiry" 
[STDERR  ] 2017-10-11T02:27:50.959242081Z: time="2017-10-11T02:27:50Z" level=warning msg="certificate with CN Rolf Neugebauer is near expiry" 
[STDERR  ] 2017-10-11T02:27:51.578458389Z: Add init containers:
[STDERR  ] 2017-10-11T02:27:52.632782679Z: time="2017-10-11T02:27:52Z" level=warning msg="certificate with CN Moby CI is near expiry" 
[STDERR  ] 2017-10-11T02:27:52.632949444Z: time="2017-10-11T02:27:52Z" level=warning msg="certificate with CN Rolf Neugebauer is near expiry" 
[STDERR  ] 2017-10-11T02:27:52.636878351Z: time="2017-10-11T02:27:52Z" level=warning msg="certificate with CN Rolf Neugebauer is near expiry" 
[STDERR  ] 2017-10-11T02:27:53.906990943Z: time="2017-10-11T02:27:53Z" level=warning msg="certificate with CN Moby CI is near expiry" 
[STDERR  ] 2017-10-11T02:27:53.907168737Z: time="2017-10-11T02:27:53Z" level=warning msg="certificate with CN Rolf Neugebauer is near expiry" 
[STDERR  ] 2017-10-11T02:27:53.910065997Z: time="2017-10-11T02:27:53Z" level=warning msg="certificate with CN Rolf Neugebauer is near expiry" 
[STDERR  ] 2017-10-11T02:27:55.145217878Z: time="2017-10-11T02:27:55Z" level=warning msg="certificate with CN Moby CI is near expiry" 
[STDERR  ] 2017-10-11T02:27:55.145555962Z: time="2017-10-11T02:27:55Z" level=warning msg="certificate with CN Rolf Neugebauer is near expiry" 
[STDERR  ] 2017-10-11T02:27:55.149346694Z: time="2017-10-11T02:27:55Z" level=warning msg="certificate with CN Rolf Neugebauer is near expiry" 
[STDERR  ] 2017-10-11T02:27:56.606726747Z: time="2017-10-11T02:27:56Z" level=warning msg="certificate with CN Moby CI is near expiry" 
[STDERR  ] 2017-10-11T02:27:56.606912117Z: time="2017-10-11T02:27:56Z" level=warning msg="certificate with CN Rolf Neugebauer is near expiry" 
[STDERR  ] 2017-10-11T02:27:56.608693809Z: time="2017-10-11T02:27:56Z" level=warning msg="certificate with CN Rolf Neugebauer is near expiry" 
[STDERR  ] 2017-10-11T02:27:56.72089198Z: Add onboot containers:
[STDERR  ] 2017-10-11T02:27:56.720929289Z:   Create OCI config for linuxkit/dhcpcd:aa685261ceb2557990dcfe9dd8824c6b9ec416e2
[STDERR  ] 2017-10-11T02:27:57.789285492Z: time="2017-10-11T02:27:57Z" level=warning msg="certificate with CN Rolf Neugebauer is near expiry" 
[STDERR  ] 2017-10-11T02:27:57.789530305Z: time="2017-10-11T02:27:57Z" level=warning msg="certificate with CN Moby CI is near expiry" 
[STDERR  ] 2017-10-11T02:27:57.791041244Z: time="2017-10-11T02:27:57Z" level=warning msg="certificate with CN Rolf Neugebauer is near expiry" 
[STDERR  ] 2017-10-11T02:27:57.935446545Z:   Create OCI config for linuxkit/sysctl:53f0c724919e8f76ea06c44ee703330290b22669
[STDERR  ] 2017-10-11T02:27:59.054835958Z: time="2017-10-11T02:27:59Z" level=warning msg="certificate with CN Moby CI is near expiry" 
[STDERR  ] 2017-10-11T02:27:59.05503158Z: time="2017-10-11T02:27:59Z" level=warning msg="certificate with CN Rolf Neugebauer is near expiry" 
[STDERR  ] 2017-10-11T02:27:59.056533338Z: time="2017-10-11T02:27:59Z" level=warning msg="certificate with CN Rolf Neugebauer is near expiry" 
[STDERR  ] 2017-10-11T02:27:59.185388939Z:   Create OCI config for linuxkit/format:e7f06bd9bb96b663f8aab7d648a5dfc3ed7785fc
[STDERR  ] 2017-10-11T02:28:00.299933264Z: time="2017-10-11T02:28:00Z" level=warning msg="certificate with CN Moby CI is near expiry" 
[STDERR  ] 2017-10-11T02:28:00.300087219Z: time="2017-10-11T02:28:00Z" level=warning msg="certificate with CN Rolf Neugebauer is near expiry" 
[STDERR  ] 2017-10-11T02:28:00.302124208Z: time="2017-10-11T02:28:00Z" level=warning msg="certificate with CN Rolf Neugebauer is near expiry" 
[STDERR  ] 2017-10-11T02:28:00.582441822Z:   Create OCI config for linuxkit/mount:80c6aeef04260eaa7c74a93594ea7c5a4ab2808e
[STDERR  ] 2017-10-11T02:28:01.671910006Z: time="2017-10-11T02:28:01Z" level=warning msg="certificate with CN Rolf Neugebauer is near expiry" 
[STDERR  ] 2017-10-11T02:28:01.672125233Z: time="2017-10-11T02:28:01Z" level=warning msg="certificate with CN Moby CI is near expiry" 
[STDERR  ] 2017-10-11T02:28:01.674017428Z: time="2017-10-11T02:28:01Z" level=warning msg="certificate with CN Rolf Neugebauer is near expiry" 
[STDERR  ] 2017-10-11T02:28:01.840873606Z:   Create OCI config for linuxkit/test-containerd:f6b01d5513313524e307dffef786f605075b78a7
[STDERR  ] 2017-10-11T02:28:03.66467991Z: time="2017-10-11T02:28:03Z" level=warning msg="certificate with CN Rolf Neugebauer is near expiry" 
[STDERR  ] 2017-10-11T02:28:03.664818347Z: time="2017-10-11T02:28:03Z" level=warning msg="certificate with CN Moby CI is near expiry" 
[STDERR  ] 2017-10-11T02:28:04.04606272Z: time="2017-10-11T02:28:04Z" level=warning msg="certificate with CN Rolf Neugebauer is near expiry" 
[STDERR  ] 2017-10-11T02:28:04.060620764Z: Pull image: docker.io/linuxkit/test-containerd:f6b01d5513313524e307dffef786f605075b78a7@sha256:7622625b411574f0ed20ad5e512949ec804a95011cc70df03c73f2cf8ebf2d56
[STDERR  ] 2017-10-11T02:28:21.64134992Z:   Create OCI config for linuxkit/poweroff:ffd3f539a6f4e67d4cd4ff36503636de35edd7b2
[STDERR  ] 2017-10-11T02:28:22.935081039Z: time="2017-10-11T02:28:22Z" level=warning msg="certificate with CN Moby CI is near expiry" 
[STDERR  ] 2017-10-11T02:28:22.935483519Z: time="2017-10-11T02:28:22Z" level=warning msg="certificate with CN Rolf Neugebauer is near expiry" 
[STDERR  ] 2017-10-11T02:28:22.937694138Z: time="2017-10-11T02:28:22Z" level=warning msg="certificate with CN Rolf Neugebauer is near expiry" 
[STDERR  ] 2017-10-11T02:28:24.327349084Z: Create outputs:
[STDERR  ] 2017-10-11T02:28:57.213588852Z:   containerd-kernel containerd-initrd.img containerd-cmdline
[STDERR  ] 2017-10-11T02:28:57.529491512Z: + linuxkit run -mem 2048 -disk size=2G containerd
[STDERR  ] 2017-10-11T02:28:58.734136613Z: Unable to find qemu-system-x86_64 within the $PATH. Using a container
[STDERR  ] 2017-10-11T02:39:28.878493169Z: + RESULT=[    0.000000] Linux version 4.9.53-linuxkit (root@78cdab8b710d) (gcc version 6.3.0 (Alpine 6.3.0) ) #1 SMP Thu Oct 5 11:28:51 UTC 2017
[STDERR  ] 2017-10-11T02:39:28.878559502Z: [    0.000000] Command line: console=ttyS0 page_poison=1
[STDERR  ] 2017-10-11T02:39:28.878570089Z: [    0.000000] x86/fpu: Legacy x87 FPU detected.
[STDERR  ] 2017-10-11T02:39:28.878578112Z: [    0.000000] x86/fpu: Using 'eager' FPU context switches.
[STDERR  ] 2017-10-11T02:39:28.87858505Z: [    0.000000] e820: BIOS-provided physical RAM map:
[STDERR  ] 2017-10-11T02:39:28.87859296Z: [    0.000000] BIOS-e820: [mem 0x0000000000000000-0x000000000009fbff] usable
[STDERR  ] 2017-10-11T02:39:28.878601279Z: [    0.000000] BIOS-e820: [mem 0x000000000009fc00-0x000000000009ffff] reserved
[STDERR  ] 2017-10-11T02:39:28.878616187Z: [    0.000000] BIOS-e820: [mem 0x00000000000f0000-0x00000000000fffff] reserved
[STDERR  ] 2017-10-11T02:39:28.87862311Z: [    0.000000] BIOS-e820: [mem 0x0000000000100000-0x000000007ffdefff] usable
[STDERR  ] 2017-10-11T02:39:28.878629219Z: [    0.000000] BIOS-e820: [mem 0x000000007ffdf000-0x000000007fffffff] reserved
[STDERR  ] 2017-10-11T02:39:28.878635467Z: [    0.000000] BIOS-e820: [mem 0x00000000b0000000-0x00000000bfffffff] reserved
[STDERR  ] 2017-10-11T02:39:28.878642336Z: [    0.000000] BIOS-e820: [mem 0x00000000fed1c000-0x00000000fed1ffff] reserved
[STDERR  ] 2017-10-11T02:39:28.878648642Z: [    0.000000] BIOS-e820: [mem 0x00000000fffc0000-0x00000000ffffffff] reserved
[STDERR  ] 2017-10-11T02:39:28.878654722Z: [    0.000000] NX (Execute Disable) protection: active
[STDERR  ] 2017-10-11T02:39:28.892355299Z: [    0.000000] SMBIOS 2.8 present.
[STDERR  ] 2017-10-11T02:39:28.892381299Z: [    0.000000] e820: last_pfn = 0x7ffdf max_arch_pfn = 0x400000000
[STDERR  ] 2017-10-11T02:39:28.892388396Z: [    0.000000] x86/PAT: Configuration [0-7]: WB  WC  UC- UC  WB  WC  UC- WT  
[STDERR  ] 2017-10-11T02:39:28.89239499Z: [    0.000000] found SMP MP-table at [mem 0x000f6aa0-0x000f6aaf] mapped at [ffff8b2c000f6aa0]
[STDERR  ] 2017-10-11T02:39:28.892402264Z: [    0.000000] RAMDISK: [mem 0x7237d000-0x7ffcffff]
[STDERR  ] 2017-10-11T02:39:28.892409023Z: [    0.000000] ACPI: Early table checksum verification disabled
[STDERR  ] 2017-10-11T02:39:28.89241776Z: [    0.000000] ACPI: RSDP 0x00000000000F68C0 000014 (v00 BOCHS )
[STDERR  ] 2017-10-11T02:39:28.892424103Z: [    0.000000] ACPI: RSDT 0x000000007FFE2404 000034 (v01 BOCHS  BXPCRSDT 00000001 BXPC 00000001)
[STDERR  ] 2017-10-11T02:39:28.892431032Z: [    0.000000] ACPI: FACP 0x000000007FFE22A4 000074 (v01 BOCHS  BXPCFACP 00000001 BXPC 00000001)
[STDERR  ] 2017-10-11T02:39:28.892437329Z: [    0.000000] ACPI: DSDT 0x000000007FFE0040 002264 (v01 BOCHS  BXPCDSDT 00000001 BXPC 00000001)
[STDERR  ] 2017-10-11T02:39:28.892443289Z: [    0.000000] ACPI: FACS 0x000000007FFE0000 000040
[STDERR  ] 2017-10-11T02:39:28.892449773Z: [    0.000000] ACPI: APIC 0x000000007FFE2318 000078 (v01 BOCHS  BXPCAPIC 00000001 BXPC 00000001)
[STDERR  ] 2017-10-11T02:39:28.892455714Z: [    0.000000] ACPI: HPET 0x000000007FFE2390 000038 (v01 BOCHS  BXPCHPET 00000001 BXPC 00000001)
[STDERR  ] 2017-10-11T02:39:28.89246145Z: [    0.000000] ACPI: MCFG 0x000000007FFE23C8 00003C (v01 BOCHS  BXPCMCFG 00000001 BXPC 00000001)
[STDERR  ] 2017-10-11T02:39:28.892467012Z: [    0.000000] Zone ranges:
[STDERR  ] 2017-10-11T02:39:28.892473167Z: [    0.000000]   DMA      [mem 0x0000000000001000-0x0000000000ffffff]
[STDERR  ] 2017-10-11T02:39:28.892479003Z: [    0.000000]   DMA32    [mem 0x0000000001000000-0x000000007ffdefff]
[STDERR  ] 2017-10-11T02:39:28.892484967Z: [    0.000000]   Normal   empty
[STDERR  ] 2017-10-11T02:39:28.8924905Z: [    0.000000] Movable zone start for each node
[STDERR  ] 2017-10-11T02:39:28.892496207Z: [    0.000000] Early memory node ranges
[STDERR  ] 2017-10-11T02:39:28.892502086Z: [    0.000000]   node   0: [mem 0x0000000000001000-0x000000000009efff]
[STDERR  ] 2017-10-11T02:39:28.89250826Z: [    0.000000]   node   0: [mem 0x0000000000100000-0x000000007ffdefff]
[STDERR  ] 2017-10-11T02:39:28.892513683Z: [    0.000000] Initmem setup node 0 [mem 0x0000000000001000-0x000000007ffdefff]
[STDERR  ] 2017-10-11T02:39:28.892522333Z: [    0.000000] ACPI: PM-Timer IO Port: 0x608
[STDERR  ] 2017-10-11T02:39:28.892530226Z: [    0.000000] ACPI: LAPIC_NMI (acpi_id[0xff] dfl dfl lint[0x1])
[STDERR  ] 2017-10-11T02:39:28.892536219Z: [    0.000000] IOAPIC[0]: apic_id 0, version 32, address 0xfec00000, GSI 0-23
[STDERR  ] 2017-10-11T02:39:28.892542117Z: [    0.000000] ACPI: INT_SRC_OVR (bus 0 bus_irq 0 global_irq 2 dfl dfl)
[STDERR  ] 2017-10-11T02:39:28.892549457Z: [    0.000000] ACPI: INT_SRC_OVR (bus 0 bus_irq 5 global_irq 5 high level)
[STDERR  ] 2017-10-11T02:39:28.89255501Z: [    0.000000] ACPI: INT_SRC_OVR (bus 0 bus_irq 9 global_irq 9 high level)
[STDERR  ] 2017-10-11T02:39:28.892567124Z: [    0.000000] ACPI: INT_SRC_OVR (bus 0 bus_irq 10 global_irq 10 high level)
[STDERR  ] 2017-10-11T02:39:28.892572626Z: [    0.000000] ACPI: INT_SRC_OVR (bus 0 bus_irq 11 global_irq 11 high level)
[STDERR  ] 2017-10-11T02:39:28.89257948Z: [    0.000000] Using ACPI (MADT) for SMP configuration information
[STDERR  ] 2017-10-11T02:39:28.892585756Z: [    0.000000] ACPI: HPET id: 0x8086a201 base: 0xfed00000
[STDERR  ] 2017-10-11T02:39:28.892591644Z: [    0.000000] smpboot: Allowing 1 CPUs, 0 hotplug CPUs
[STDERR  ] 2017-10-11T02:39:28.892597216Z: [    0.000000] e820: [mem 0xc0000000-0xfed1bfff] available for PCI devices
[STDERR  ] 2017-10-11T02:39:28.892603044Z: [    0.000000] Booting paravirtualized kernel on bare hardware
[STDERR  ] 2017-10-11T02:39:28.892616656Z: [    0.000000] clocksource: refined-jiffies: mask: 0xffffffff max_cycles: 0xffffffff, max_idle_ns: 19112604462750000 ns
[STDERR  ] 2017-10-11T02:39:28.892628599Z: [    0.000000] setup_percpu: NR_CPUS:128 nr_cpumask_bits:128 nr_cpu_ids:1 nr_node_ids:1
[STDERR  ] 2017-10-11T02:39:28.892634722Z: [    0.000000] percpu: Embedded 35 pages/cpu @ffff8b2c72000000 s105240 r8192 d29928 u2097152
[STDERR  ] 2017-10-11T02:39:28.892647962Z: [    0.000000] Built 1 zonelists in Zone order, mobility grouping on.  Total pages: 515944
[STDERR  ] 2017-10-11T02:39:28.892653737Z: [    0.000000] Kernel command line: console=ttyS0 page_poison=1
[STDERR  ] 2017-10-11T02:39:28.892659179Z: [    0.000000] PID hash table entries: 4096 (order: 3, 32768 bytes)
[STDERR  ] 2017-10-11T02:39:28.892666466Z: [    0.000000] Dentry cache hash table entries: 262144 (order: 9, 2097152 bytes)
[STDERR  ] 2017-10-11T02:39:28.892672347Z: [    0.000000] Inode-cache hash table entries: 131072 (order: 8, 1048576 bytes)
[STDERR  ] 2017-10-11T02:39:28.892679522Z: [    0.000000] Memory: 1819216K/2096628K available (8052K kernel code, 1367K rwdata, 2704K rodata, 1380K init, 568K bss, 277412K reserved, 0K cma-reserved)
[STDERR  ] 2017-10-11T02:39:28.892691544Z: [    0.000000] Hierarchical RCU implementation.
[STDERR  ] 2017-10-11T02:39:28.892697673Z: [    0.000000] 	Build-time adjustment of leaf fanout to 64.
[STDERR  ] 2017-10-11T02:39:28.89270352Z: [    0.000000] 	RCU restricting CPUs from NR_CPUS=128 to nr_cpu_ids=1.
[STDERR  ] 2017-10-11T02:39:28.892709153Z: [    0.000000] RCU: Adjusting geometry for rcu_fanout_leaf=64, nr_cpu_ids=1
[STDERR  ] 2017-10-11T02:39:28.89271539Z: [    0.000000] NR_IRQS:8448 nr_irqs:256 16
[STDERR  ] 2017-10-11T02:39:28.892721085Z: [    0.000000] Console: colour VGA+ 80x25
[STDERR  ] 2017-10-11T02:39:28.892727847Z: [    0.000000] console [ttyS0] enabled
[STDERR  ] 2017-10-11T02:39:28.892733471Z: [    0.000000] allocated 4194304 bytes of page_ext
[STDERR  ] 2017-10-11T02:39:28.892738813Z: [    0.000000] clocksource: hpet: mask: 0xffffffff max_cycles: 0xffffffff, max_idle_ns: 19112604467 ns
[STDERR  ] 2017-10-11T02:39:28.892744811Z: [    0.000000] tsc: Fast TSC calibration using PIT
[STDERR  ] 2017-10-11T02:39:28.892751791Z: [    0.000000] tsc: Detected 2599.971 MHz processor
[STDERR  ] 2017-10-11T02:39:28.892758291Z: [    0.022262] Calibrating delay loop (skipped), value calculated using timer frequency.. 5199.94 BogoMIPS (lpj=25999710)
[STDERR  ] 2017-10-11T02:39:28.892765607Z: [    0.023231] pid_max: default: 32768 minimum: 301
[STDERR  ] 2017-10-11T02:39:28.892771347Z: [    0.030748] ACPI: Core revision 20160831
[STDERR  ] 2017-10-11T02:39:28.892776857Z: [    0.073243] ACPI: 1 ACPI AML tables successfully acquired and loaded
[STDERR  ] 2017-10-11T02:39:28.892782543Z: [    0.078056] Security Framework initialized
[STDERR  ] 2017-10-11T02:39:28.892787977Z: [    0.078468] Yama: becoming mindful.
[STDERR  ] 2017-10-11T02:39:28.89279343Z: [    0.080584] Mount-cache hash table entries: 4096 (order: 3, 32768 bytes)
[STDERR  ] 2017-10-11T02:39:28.892800715Z: [    0.081130] Mountpoint-cache hash table entries: 4096 (order: 3, 32768 bytes)
[STDERR  ] 2017-10-11T02:39:28.892806428Z: [    0.099754] Last level iTLB entries: 4KB 0, 2MB 0, 4MB 0
[STDERR  ] 2017-10-11T02:39:28.89281517Z: [    0.100138] Last level dTLB entries: 4KB 0, 2MB 0, 4MB 0, 1GB 0
[STDERR  ] 2017-10-11T02:39:28.892821448Z: [    0.394973] Freeing SMP alternatives memory: 20K
[STDERR  ] 2017-10-11T02:39:28.892826743Z: [    0.405098] ftrace: allocating 35582 entries in 139 pages
[STDERR  ] 2017-10-11T02:39:28.892832571Z: [    0.567546] smpboot: Max logical packages: 1
[STDERR  ] 2017-10-11T02:39:28.892838035Z: [    0.575146] ..TIMER: vector=0x30 apic1=0 pin1=2 apic2=-1 pin2=-1
[STDERR  ] 2017-10-11T02:39:28.892843343Z: [    0.680000] smpboot: CPU0: AMD QEMU Virtual CPU version 2.5+ (family: 0x6, model: 0x6, stepping: 0x3)
[STDERR  ] 2017-10-11T02:39:28.892849965Z: [    0.680000] Performance Events: PMU not available due to virtualization, using software events only.
[STDERR  ] 2017-10-11T02:39:28.8928587Z: [    0.688248] NMI watchdog: disabled (cpu0): hardware events not enabled
[STDERR  ] 2017-10-11T02:39:28.892864297Z: [    0.688619] NMI watchdog: Shutting down hard lockup detector on all cpus
[STDERR  ] 2017-10-11T02:39:28.892870085Z: [    0.691282] x86: Booted up 1 node, 1 CPUs
[STDERR  ] 2017-10-11T02:39:28.892875611Z: [    0.691649] smpboot: Total of 1 processors activated (5199.94 BogoMIPS)
[STDERR  ] 2017-10-11T02:39:28.892881073Z: [    0.707796] devtmpfs: initialized
[STDERR  ] 2017-10-11T02:39:28.892888917Z: [    0.712575] x86/mm: Memory block size: 128MB
[STDERR  ] 2017-10-11T02:39:28.892894625Z: [    0.775630] clocksource: jiffies: mask: 0xffffffff max_cycles: 0xffffffff, max_idle_ns: 19112604462750000 ns
[STDERR  ] 2017-10-11T02:39:28.892900188Z: [    0.776578] futex hash table entries: 256 (order: 2, 16384 bytes)
[STDERR  ] 2017-10-11T02:39:28.892905571Z: [    0.785469] NET: Registered protocol family 16
[STDERR  ] 2017-10-11T02:39:28.892913335Z: [    0.794840] cpuidle: using governor ladder
[STDERR  ] 2017-10-11T02:39:28.892919085Z: [    0.795348] cpuidle: using governor menu
[STDERR  ] 2017-10-11T02:39:28.892924551Z: [    0.796861] ACPI: bus type PCI registered
[STDERR  ] 2017-10-11T02:39:28.89292987Z: [    0.800695] PCI: MMCONFIG for domain 0000 [bus 00-ff] at [mem 0xb0000000-0xbfffffff] (base 0xb0000000)
[STDERR  ] 2017-10-11T02:39:28.892935765Z: [    0.801579] PCI: MMCONFIG at [mem 0xb0000000-0xbfffffff] reserved in E820
[STDERR  ] 2017-10-11T02:39:28.892941198Z: [    0.803043] PCI: Using configuration type 1 for base access
[STDERR  ] 2017-10-11T02:39:28.892947961Z: [    0.855900] HugeTLB registered 2 MB page size, pre-allocated 0 pages
[STDERR  ] 2017-10-11T02:39:28.892955571Z: [    0.870471] ACPI: Added _OSI(Module Device)
[STDERR  ] 2017-10-11T02:39:28.892961091Z: [    0.870793] ACPI: Added _OSI(Processor Device)
[STDERR  ] 2017-10-11T02:39:28.892966465Z: [    0.871103] ACPI: Added _OSI(3.0 _SCP Extensions)
[STDERR  ] 2017-10-11T02:39:28.892972125Z: [    0.871382] ACPI: Added _OSI(Processor Aggregator Device)
[STDERR  ] 2017-10-11T02:39:28.892977977Z: [    0.940607] ACPI: Interpreter enabled
[STDERR  ] 2017-10-11T02:39:28.892983387Z: [    0.941615] ACPI: (supports S0 S5)
[STDERR  ] 2017-10-11T02:39:28.89298962Z: [    0.941933] ACPI: Using IOAPIC for interrupt routing
[STDERR  ] 2017-10-11T02:39:28.892997188Z: [    0.944600] PCI: Using host bridge windows from ACPI; if necessary, use "pci=nocrs" and report a bug
[STDERR  ] 2017-10-11T02:39:28.89300283Z: [    1.005253] ACPI: PCI Root Bridge [PCI0] (domain 0000 [bus 00-ff])
[STDERR  ] 2017-10-11T02:39:28.893008663Z: [    1.006402] acpi PNP0A08:00: _OSC: OS supports [ExtendedConfig ASPM ClockPM Segments MSI]
[STDERR  ] 2017-10-11T02:39:28.89301424Z: [    1.013268] acpi PNP0A08:00: _OSC: OS now controls [PCIeHotplug PME PCIeCapability]
[STDERR  ] 2017-10-11T02:39:28.893019611Z: [    1.016866] PCI host bridge to bus 0000:00
[STDERR  ] 2017-10-11T02:39:28.893040128Z: [    1.017332] pci_bus 0000:00: root bus resource [io  0x0000-0x0cf7 window]
[STDERR  ] 2017-10-11T02:39:28.893047848Z: [    1.017751] pci_bus 0000:00: root bus resource [io  0x0d00-0xffff window]
[STDERR  ] 2017-10-11T02:39:28.893053683Z: [    1.018198] pci_bus 0000:00: root bus resource [mem 0x000a0000-0x000bffff window]
[STDERR  ] 2017-10-11T02:39:28.89306292Z: [    1.018657] pci_bus 0000:00: root bus resource [mem 0xc0000000-0xfebfffff window]
[STDERR  ] 2017-10-11T02:39:28.893068828Z: [    1.019313] pci_bus 0000:00: root bus resource [bus 00-ff]
[STDERR  ] 2017-10-11T02:39:28.893075075Z: [    1.125351] pci 0000:00:1f.0: quirk: [io  0x0600-0x067f] claimed by ICH6 ACPI/GPIO/TCO
[STDERR  ] 2017-10-11T02:39:28.893080678Z: [    1.185720] ACPI: PCI Interrupt Link [LNKA] (IRQs 5 *10 11)
[STDERR  ] 2017-10-11T02:39:28.893088813Z: [    1.189122] ACPI: PCI Interrupt Link [LNKB] (IRQs 5 *10 11)
[STDERR  ] 2017-10-11T02:39:28.893094283Z: [    1.191926] ACPI: PCI Interrupt Link [LNKC] (IRQs 5 10 *11)
[STDERR  ] 2017-10-11T02:39:28.893117095Z: [    1.194011] ACPI: PCI Interrupt Link [LNKD] (IRQs 5 10 *11)
[STDERR  ] 2017-10-11T02:39:28.893131795Z: [    1.196042] ACPI: PCI Interrupt Link [LNKE] (IRQs 5 *10 11)
[STDERR  ] 2017-10-11T02:39:28.893137373Z: [    1.198071] ACPI: PCI Interrupt Link [LNKF] (IRQs 5 *10 11)
[STDERR  ] 2017-10-11T02:39:28.893143058Z: [    1.200578] ACPI: PCI Interrupt Link [LNKG] (IRQs 5 10 *11)
[STDERR  ] 2017-10-11T02:39:28.893151048Z: [    1.202647] ACPI: PCI Interrupt Link [LNKH] (IRQs 5 10 *11)
[STDERR  ] 2017-10-11T02:39:28.893159005Z: [    1.203627] ACPI: PCI Interrupt Link [GSIA] (IRQs *16)
[STDERR  ] 2017-10-11T02:39:28.893164803Z: [    1.204458] ACPI: PCI Interrupt Link [GSIB] (IRQs *17)
[STDERR  ] 2017-10-11T02:39:28.893170353Z: [    1.205253] ACPI: PCI Interrupt Link [GSIC] (IRQs *18)
[STDERR  ] 2017-10-11T02:39:28.893175895Z: [    1.206053] ACPI: PCI Interrupt Link [GSID] (IRQs *19)
[STDERR  ] 2017-10-11T02:39:28.893181275Z: [    1.206782] ACPI: PCI Interrupt Link [GSIE] (IRQs *20)
[STDERR  ] 2017-10-11T02:39:28.893186736Z: [    1.207522] ACPI: PCI Interrupt Link [GSIF] (IRQs *21)
[STDERR  ] 2017-10-11T02:39:28.893215207Z: [    1.208241] ACPI: PCI Interrupt Link [GSIG] (IRQs *22)
[STDERR  ] 2017-10-11T02:39:28.893220553Z: [    1.209034] ACPI: PCI Interrupt Link [GSIH] (IRQs *23)
[STDERR  ] 2017-10-11T02:39:28.893226006Z: [    1.213469] ACPI: Enabled 2 GPEs in block 00 to 3F
[STDERR  ] 2017-10-11T02:39:28.893233866Z: [    1.217848] SCSI subsystem initialized
[STDERR  ] 2017-10-11T02:39:28.893239746Z: [    1.219743] ACPI: bus type USB registered
[STDERR  ] 2017-10-11T02:39:28.893245133Z: [    1.220934] usbcore: registered new interface driver usbfs
[STDERR  ] 2017-10-11T02:39:28.893251175Z: [    1.221800] usbcore: registered new interface driver hub
[STDERR  ] 2017-10-11T02:39:28.893256716Z: [    1.222727] usbcore: registered new device driver usb
[STDERR  ] 2017-10-11T02:39:28.89326228Z: [    1.224003] pps_core: LinuxPPS API ver. 1 registered
[STDERR  ] 2017-10-11T02:39:28.893268788Z: [    1.224356] pps_core: Software ver. 5.3.6 - Copyright 2005-2007 Rodolfo Giometti <giometti@linux.it>
[STDERR  ] 2017-10-11T02:39:28.893274696Z: [    1.225211] PTP clock support registered
[STDERR  ] 2017-10-11T02:39:28.893280176Z: [    1.226450] wmi: Mapper loaded
[STDERR  ] 2017-10-11T02:39:28.893285928Z: [    1.227995] PCI: Using ACPI for IRQ routing
[STDERR  ] 2017-10-11T02:39:28.893291411Z: [    1.246220] NetLabel: Initializing
[STDERR  ] 2017-10-11T02:39:28.893296725Z: [    1.246553] NetLabel:  domain hash size = 128
[STDERR  ] 2017-10-11T02:39:28.893302003Z: [    1.246875] NetLabel:  protocols = UNLABELED CIPSOv4
[STDERR  ] 2017-10-11T02:39:28.893307836Z: [    1.249677] NetLabel:  unlabeled traffic allowed by default
[STDERR  ] 2017-10-11T02:39:28.893313121Z: [    1.250890] HPET: 3 timers in total, 0 timers will be used for per-cpu timer
[STDERR  ] 2017-10-11T02:39:28.893318977Z: [    1.251747] hpet0: at MMIO 0xfed00000, IRQs 2, 8, 0
[STDERR  ] 2017-10-11T02:39:28.893326657Z: [    1.252380] hpet0: 3 comparators, 64-bit 100.000000 MHz counter
[STDERR  ] 2017-10-11T02:39:28.893332173Z: [    1.259278] clocksource: Switched to clocksource hpet
[STDERR  ] 2017-10-11T02:39:28.893339175Z: [    1.523397] VFS: Disk quotas dquot_6.6.0
[STDERR  ] 2017-10-11T02:39:28.893344557Z: [    1.524233] VFS: Dquot-cache hash table entries: 512 (order 0, 4096 bytes)
[STDERR  ] 2017-10-11T02:39:28.893354271Z: [    1.528094] FS-Cache: Loaded
[STDERR  ] 2017-10-11T02:39:28.893360347Z: [    1.533196] CacheFiles: Loaded
[STDERR  ] 2017-10-11T02:39:28.893365911Z: [    1.535580] pnp: PnP ACPI init
[STDERR  ] 2017-10-11T02:39:28.893371268Z: [    1.546624] pnp: PnP ACPI: found 5 devices
[STDERR  ] 2017-10-11T02:39:28.893376587Z: [    1.594517] clocksource: acpi_pm: mask: 0xffffff max_cycles: 0xffffff, max_idle_ns: 2085701024 ns
[STDERR  ] 2017-10-11T02:39:28.893382126Z: [    1.598551] NET: Registered protocol family 2
[STDERR  ] 2017-10-11T02:39:28.893388271Z: [    1.605855] TCP established hash table entries: 16384 (order: 5, 131072 bytes)
[STDERR  ] 2017-10-11T02:39:28.893394003Z: [    1.606730] TCP bind hash table entries: 16384 (order: 6, 262144 bytes)
[STDERR  ] 2017-10-11T02:39:28.893405091Z: [    1.607920] TCP: Hash tables configured (established 16384 bind 16384)
[STDERR  ] 2017-10-11T02:39:28.893411003Z: [    1.609393] UDP hash table entries: 1024 (order: 3, 32768 bytes)
[STDERR  ] 2017-10-11T02:39:28.893416736Z: [    1.610013] UDP-Lite hash table entries: 1024 (order: 3, 32768 bytes)
[STDERR  ] 2017-10-11T02:39:28.893422201Z: [    1.612610] NET: Registered protocol family 1
[STDERR  ] 2017-10-11T02:39:28.893427863Z: [    1.613636] pci 0000:00:01.0: Video device with shadowed ROM at [mem 0x000c0000-0x000dffff]
[STDERR  ] 2017-10-11T02:39:28.893433433Z: [    1.621887] Unpacking initramfs...
[STDERR  ] 2017-10-11T02:39:28.893439106Z: [   28.938199] Freeing initrd memory: 225612K
[STDERR  ] 2017-10-11T02:39:28.893444736Z: [   28.963011] PCLMULQDQ-NI instructions are not detected.
[STDERR  ] 2017-10-11T02:39:28.893452607Z: [   28.964563] AVX or AES-NI instructions are not detected.
[STDERR  ] 2017-10-11T02:39:28.893458243Z: [   28.965045] CPU feature 'AVX registers' is not supported.
[STDERR  ] 2017-10-11T02:39:28.893463901Z: [   28.965462] CPU feature 'AVX registers' is not supported.
[STDERR  ] 2017-10-11T02:39:28.893470415Z: [   28.965855] CPU feature 'AVX registers' is not supported.
[STDERR  ] 2017-10-11T02:39:28.893475814Z: [   28.966273] CPU feature 'AVX registers' is not supported.
[STDERR  ] 2017-10-11T02:39:28.893481192Z: [   28.966624] AVX2 or AES-NI instructions are not detected.
[STDERR  ] 2017-10-11T02:39:28.893488122Z: [   28.967007] AVX2 instructions are not detected.
[STDERR  ] 2017-10-11T02:39:28.893493687Z: [   28.973582] audit: initializing netlink subsys (disabled)
[STDERR  ] 2017-10-11T02:39:28.893499524Z: [   28.975152] audit: type=2000 audit(1507688971.970:1): initialized
[STDERR  ] 2017-10-11T02:39:28.893505449Z: [   28.982842] workingset: timestamp_bits=46 max_order=19 bucket_order=0
[STDERR  ] 2017-10-11T02:39:28.893510939Z: [   28.989390] squashfs: version 4.0 (2009/01/31) Phillip Lougher
[STDERR  ] 2017-10-11T02:39:28.893516572Z: [   28.992203] FS-Cache: Netfs 'cifs' registered for caching
[STDERR  ] 2017-10-11T02:39:28.893522942Z: [   28.993115] fuse init (API version 7.26)
[STDERR  ] 2017-10-11T02:39:28.893528429Z: [   28.995213] SGI XFS with ACLs, security attributes, no debug enabled
[STDERR  ] 2017-10-11T02:39:28.893533919Z: [   28.998965] 9p: Installing v9fs 9p2000 file system support
[STDERR  ] 2017-10-11T02:39:28.893541549Z: [   28.999446] FS-Cache: Netfs '9p' registered for caching
[STDERR  ] 2017-10-11T02:39:28.893547484Z: [   29.033198] NET: Registered protocol family 38
[STDERR  ] 2017-10-11T02:39:28.893552992Z: [   29.033813] Key type asymmetric registered
[STDERR  ] 2017-10-11T02:39:28.893558577Z: [   29.034234] Asymmetric key parser 'x509' registered
[STDERR  ] 2017-10-11T02:39:28.893564242Z: [   29.035259] Block layer SCSI generic (bsg) driver version 0.4 loaded (major 251)
[STDERR  ] 2017-10-11T02:39:28.893569664Z: [   29.037036] io scheduler noop registered
[STDERR  ] 2017-10-11T02:39:28.893575266Z: [   29.037420] io scheduler deadline registered (default)
[STDERR  ] 2017-10-11T02:39:28.893582347Z: [   29.038169] io scheduler cfq registered
[STDERR  ] 2017-10-11T02:39:28.893590544Z: [   29.042508] pci_hotplug: PCI Hot Plug PCI Core version: 0.5
[STDERR  ] 2017-10-11T02:39:28.893596784Z: [   29.043130] pciehp: PCI Express Hot Plug Controller Driver version: 0.4
[STDERR  ] 2017-10-11T02:39:28.893602669Z: [   29.044023] shpchp: Standard Hot Plug PCI Controller Driver version: 0.4
[STDERR  ] 2017-10-11T02:39:28.893608512Z: [   29.044815] hv_vmbus: registering driver hyperv_fb
[STDERR  ] 2017-10-11T02:39:28.893614369Z: [   29.047836] input: Power Button as /devices/LNXSYSTM:00/LNXPWRBN:00/input/input0
[STDERR  ] 2017-10-11T02:39:28.893620804Z: [   29.048974] ACPI: Power Button [PWRF]
[STDERR  ] 2017-10-11T02:39:28.893626789Z: [   29.054494] GHES: HEST is not enabled!
[STDERR  ] 2017-10-11T02:39:28.893632349Z: [   29.065964] ACPI: PCI Interrupt Link [GSIG] enabled at IRQ 22
[STDERR  ] 2017-10-11T02:39:28.893643427Z: [   29.077822] ACPI: PCI Interrupt Link [GSIH] enabled at IRQ 23
[STDERR  ] 2017-10-11T02:39:28.893649519Z: [   29.083511] xenfs: not registering filesystem on non-xen platform
[STDERR  ] 2017-10-11T02:39:28.893655232Z: [   29.085529] Serial: 8250/16550 driver, 4 ports, IRQ sharing disabled
[STDERR  ] 2017-10-11T02:39:28.893661093Z: [   29.110552] 00:04: ttyS0 at I/O 0x3f8 (irq = 4, base_baud = 115200) is a 16550A
[STDERR  ] 2017-10-11T02:39:28.893666859Z: [   29.123250] Non-volatile memory driver v1.3
[STDERR  ] 2017-10-11T02:39:28.893672193Z: [   29.131110] Hangcheck: starting hangcheck timer 0.9.1 (tick is 180 seconds, margin is 60 seconds).
[STDERR  ] 2017-10-11T02:39:28.893678992Z: [   29.168527] loop: module loaded
[STDERR  ] 2017-10-11T02:39:28.893684854Z: [   29.184138] nbd: registered device at major 43
[STDERR  ] 2017-10-11T02:39:28.893690276Z: [   29.225589] lpc_ich 0000:00:1f.0: I/O space for GPIO uninitialized
[STDERR  ] 2017-10-11T02:39:28.893695699Z: [   29.227930] VMware PVSCSI driver - version 1.0.7.0-k
[STDERR  ] 2017-10-11T02:39:28.893702623Z: [   29.228813] hv_vmbus: registering driver hv_storvsc
[STDERR  ] 2017-10-11T02:39:28.893708409Z: [   29.239975] ACPI: PCI Interrupt Link [GSIA] enabled at IRQ 16
[STDERR  ] 2017-10-11T02:39:28.893713692Z: [   29.246381] ahci 0000:00:1f.2: AHCI 0001.0000 32 slots 6 ports 1.5 Gbps 0x3f impl SATA mode
[STDERR  ] 2017-10-11T02:39:28.893719369Z: [   29.247090] ahci 0000:00:1f.2: flags: 64bit ncq only 
[STDERR  ] 2017-10-11T02:39:28.893724547Z: [   29.267385] scsi host0: ahci
[STDERR  ] 2017-10-11T02:39:28.893730186Z: [   29.272736] scsi host1: ahci
[STDERR  ] 2017-10-11T02:39:28.893735824Z: [   29.275042] scsi host2: ahci
[STDERR  ] 2017-10-11T02:39:28.893743139Z: [   29.277155] scsi host3: ahci
[STDERR  ] 2017-10-11T02:39:28.893748406Z: [   29.279359] scsi host4: ahci
[STDERR  ] 2017-10-11T02:39:28.893753702Z: [   29.281691] scsi host5: ahci
[STDERR  ] 2017-10-11T02:39:28.893759074Z: [   29.283474] ata1: SATA max UDMA/133 abar m4096@0xfebd2000 port 0xfebd2100 irq 24
[STDERR  ] 2017-10-11T02:39:28.893764676Z: [   29.283985] ata2: SATA max UDMA/133 abar m4096@0xfebd2000 port 0xfebd2180 irq 24
[STDERR  ] 2017-10-11T02:39:28.893770026Z: [   29.284424] ata3: SATA max UDMA/133 abar m4096@0xfebd2000 port 0xfebd2200 irq 24
[STDERR  ] 2017-10-11T02:39:28.893775307Z: [   29.284872] ata4: SATA max UDMA/133 abar m4096@0xfebd2000 port 0xfebd2280 irq 24
[STDERR  ] 2017-10-11T02:39:28.893782069Z: [   29.285311] ata5: SATA max UDMA/133 abar m4096@0xfebd2000 port 0xfebd2300 irq 24
[STDERR  ] 2017-10-11T02:39:28.893787927Z: [   29.285726] ata6: SATA max UDMA/133 abar m4096@0xfebd2000 port 0xfebd2380 irq 24
[STDERR  ] 2017-10-11T02:39:28.893794317Z: [   29.298500] tun: Universal TUN/TAP device driver, 1.6
[STDERR  ] 2017-10-11T02:39:28.893799672Z: [   29.298856] tun: (C) 1999-2004 Max Krasnyansky <maxk@qualcomm.com>
[STDERR  ] 2017-10-11T02:39:28.893805072Z: [   29.309331] VMware vmxnet3 virtual NIC driver - version 1.4.a.0-k-NAPI
[STDERR  ] 2017-10-11T02:39:28.893810504Z: [   29.310559] hv_vmbus: registering driver hv_netvsc
[STDERR  ] 2017-10-11T02:39:28.893816026Z: [   29.310877] Fusion MPT base driver 3.04.20
[STDERR  ] 2017-10-11T02:39:28.893824426Z: [   29.311163] Copyright (c) 1999-2008 LSI Corporation
[STDERR  ] 2017-10-11T02:39:28.893829947Z: [   29.311808] Fusion MPT SPI Host driver 3.04.20
[STDERR  ] 2017-10-11T02:39:28.893835333Z: [   29.313839] i8042: PNP: PS/2 Controller [PNP0303:KBD,PNP0f13:MOU] at 0x60,0x64 irq 1,12
[STDERR  ] 2017-10-11T02:39:28.893842213Z: [   29.317729] serio: i8042 KBD port at 0x60,0x64 irq 1
[STDERR  ] 2017-10-11T02:39:28.893847999Z: [   29.318366] serio: i8042 AUX port at 0x60,0x64 irq 12
[STDERR  ] 2017-10-11T02:39:28.893854946Z: [   29.321595] hv_vmbus: registering driver hyperv_keyboard
[STDERR  ] 2017-10-11T02:39:28.893861652Z: [   29.323666] mousedev: PS/2 mouse device common for all mice
[STDERR  ] 2017-10-11T02:39:28.893867166Z: [   29.328129] input: AT Translated Set 2 keyboard as /devices/platform/i8042/serio0/input/input1
[STDERR  ] 2017-10-11T02:39:28.893875849Z: [   29.331192] input: PC Speaker as /devices/platform/pcspkr/input/input2
[STDERR  ] 2017-10-11T02:39:28.893881513Z: [   29.334698] rtc_cmos 00:00: RTC can wake from S4
[STDERR  ] 2017-10-11T02:39:28.893886883Z: [   29.337879] rtc_cmos 00:00: rtc core: registered rtc_cmos as rtc0
[STDERR  ] 2017-10-11T02:39:28.893892326Z: [   29.339162] rtc_cmos 00:00: alarms up to one day, y3k, 114 bytes nvram, hpet irqs
[STDERR  ] 2017-10-11T02:39:28.893897929Z: [   29.339826] i2c /dev entries driver
[STDERR  ] 2017-10-11T02:39:28.893907974Z: [   29.341944] device-mapper: ioctl: 4.35.0-ioctl (2016-06-23) initialised: dm-devel@redhat.com
[STDERR  ] 2017-10-11T02:39:28.893913717Z: [   29.346606] usbcore: registered new interface driver usbhid
[STDERR  ] 2017-10-11T02:39:28.893919779Z: [   29.346998] usbhid: USB HID core driver
[STDERR  ] 2017-10-11T02:39:28.893925147Z: [   29.347626] hv_utils: Registering HyperV Utility Driver
[STDERR  ] 2017-10-11T02:39:28.893932677Z: [   29.347935] hv_vmbus: registering driver hv_util
[STDERR  ] 2017-10-11T02:39:28.893938177Z: [   29.348233] hv_vmbus: registering driver hv_balloon
[STDERR  ] 2017-10-11T02:39:28.893944039Z: [   29.348823] oprofile: using NMI interrupt.
[STDERR  ] 2017-10-11T02:39:28.893950967Z: [   29.350344] GACT probability on
[STDERR  ] 2017-10-11T02:39:28.893957196Z: [   29.350869] Mirror/redirect action on
[STDERR  ] 2017-10-11T02:39:28.893962907Z: [   29.351725] Simple TC action Loaded
[STDERR  ] 2017-10-11T02:39:28.89396953Z: [   29.352274] u32 classifier
[STDERR  ] 2017-10-11T02:39:28.893975322Z: [   29.352463]     Performance counters on
[STDERR  ] 2017-10-11T02:39:28.893980653Z: [   29.352726]     input device check on
[STDERR  ] 2017-10-11T02:39:28.89398624Z: [   29.352951]     Actions configured
[STDERR  ] 2017-10-11T02:39:28.893992717Z: [   29.353589] Netfilter messages via NETLINK v0.30.
[STDERR  ] 2017-10-11T02:39:28.893998177Z: [   29.354164] nfnl_acct: registering with nfnetlink.
[STDERR  ] 2017-10-11T02:39:28.894003379Z: [   29.355762] nf_conntrack version 0.5.0 (16384 buckets, 65536 max)
[STDERR  ] 2017-10-11T02:39:28.894008882Z: [   29.358705] ctnetlink v0.93: registering with nfnetlink.
[STDERR  ] 2017-10-11T02:39:28.894014326Z: [   29.363539] nf_tables: (c) 2007-2009 Patrick McHardy <kaber@trash.net>
[STDERR  ] 2017-10-11T02:39:28.894020669Z: [   29.364324] nf_tables_compat: (c) 2012 Pablo Neira Ayuso <pablo@netfilter.org>
[STDERR  ] 2017-10-11T02:39:28.89402644Z: [   29.366662] xt_time: kernel timezone is -0000
[STDERR  ] 2017-10-11T02:39:28.894031906Z: [   29.367228] ip_set: protocol 6
[STDERR  ] 2017-10-11T02:39:28.894037506Z: [   29.367874] IPVS: Registered protocols (TCP, UDP, SCTP, AH, ESP)
[STDERR  ] 2017-10-11T02:39:28.894042824Z: [   29.368466] IPVS: Connection hash table configured (size=4096, memory=64Kbytes)
[STDERR  ] 2017-10-11T02:39:28.894048139Z: [   29.370593] IPVS: Creating netns size=2104 id=0
[STDERR  ] 2017-10-11T02:39:28.894053383Z: [   29.373293] IPVS: ipvs loaded.
[STDERR  ] 2017-10-11T02:39:28.894058827Z: [   29.373663] IPVS: [rr] scheduler registered.
[STDERR  ] 2017-10-11T02:39:28.894064752Z: [   29.374009] IPVS: [wrr] scheduler registered.
[STDERR  ] 2017-10-11T02:39:28.894074252Z: [   29.374316] IPVS: [lc] scheduler registered.
[STDERR  ] 2017-10-11T02:39:28.894079863Z: [   29.374598] IPVS: [wlc] scheduler registered.
[STDERR  ] 2017-10-11T02:39:28.894085355Z: [   29.374856] IPVS: [fo] scheduler registered.
[STDERR  ] 2017-10-11T02:39:28.894090889Z: [   29.375121] IPVS: [ovf] scheduler registered.
[STDERR  ] 2017-10-11T02:39:28.894096237Z: [   29.375565] IPVS: [lblc] scheduler registered.
[STDERR  ] 2017-10-11T02:39:28.894101597Z: [   29.376027] IPVS: [lblcr] scheduler registered.
[STDERR  ] 2017-10-11T02:39:28.894106957Z: [   29.376346] IPVS: [dh] scheduler registered.
[STDERR  ] 2017-10-11T02:39:28.894112347Z: [   29.376620] IPVS: [sh] scheduler registered.
[STDERR  ] 2017-10-11T02:39:28.894117682Z: [   29.376882] IPVS: [sed] scheduler registered.
[STDERR  ] 2017-10-11T02:39:28.894130473Z: [   29.377146] IPVS: [nq] scheduler registered.
[STDERR  ] 2017-10-11T02:39:28.894135855Z: [   29.377891] IPVS: ftp: loaded support on port[0] = 21
[STDERR  ] 2017-10-11T02:39:28.894141247Z: [   29.378778] ipip: IPv4 and MPLS over IPv4 tunneling driver
[STDERR  ] 2017-10-11T02:39:28.894148059Z: [   29.383316] gre: GRE over IPv4 demultiplexor driver
[STDERR  ] 2017-10-11T02:39:28.894153932Z: [   29.385930] ip_tables: (C) 2000-2006 Netfilter Core Team
[STDERR  ] 2017-10-11T02:39:28.894159322Z: [   29.388989] ipt_CLUSTERIP: ClusterIP Version 0.8 loaded successfully
[STDERR  ] 2017-10-11T02:39:28.894164827Z: [   29.389713] arp_tables: arp_tables: (C) 2002 David S. Miller
[STDERR  ] 2017-10-11T02:39:28.894170185Z: [   29.392373] NET: Registered protocol family 10
[STDERR  ] 2017-10-11T02:39:28.894175682Z: [   29.401879] ip6_tables: (C) 2000-2006 Netfilter Core Team
[STDERR  ] 2017-10-11T02:39:28.894181219Z: [   29.409644] NET: Registered protocol family 17
[STDERR  ] 2017-10-11T02:39:28.89418672Z: [   29.411095] Bridge firewalling registered
[STDERR  ] 2017-10-11T02:39:28.894197897Z: [   29.411602] Ebtables v2.0 registered
[STDERR  ] 2017-10-11T02:39:28.894203372Z: [   29.413454] 8021q: 802.1Q VLAN Support v1.8
[STDERR  ] 2017-10-11T02:39:28.894209597Z: [   29.414915] 9pnet: Installing 9P2000 support
[STDERR  ] 2017-10-11T02:39:28.894215077Z: [   29.416375] Key type dns_resolver registered
[STDERR  ] 2017-10-11T02:39:28.894220546Z: [   29.417388] microcode: AMD CPU family 0x6 not supported
[STDERR  ] 2017-10-11T02:39:28.894226045Z: [   29.421363] registered taskstats version 1
[STDERR  ] 2017-10-11T02:39:28.894232373Z: [   29.579411] Key type big_key registered
[STDERR  ] 2017-10-11T02:39:28.894237791Z: [   29.621933] ata5: SATA link down (SStatus 0 SControl 300)
[STDERR  ] 2017-10-11T02:39:28.894243264Z: [   29.624809] ata4: SATA link down (SStatus 0 SControl 300)
[STDERR  ] 2017-10-11T02:39:28.894249004Z: [   29.625779] ata3: SATA link up 1.5 Gbps (SStatus 113 SControl 300)
[STDERR  ] 2017-10-11T02:39:28.894254884Z: [   29.629304] ata3.00: ATAPI: QEMU DVD-ROM, 2.5+, max UDMA/100
[STDERR  ] 2017-10-11T02:39:28.894260854Z: [   29.629777] ata3.00: applying bridge limits
[STDERR  ] 2017-10-11T02:39:28.894266428Z: [   29.631534] ata6: SATA link down (SStatus 0 SControl 300)
[STDERR  ] 2017-10-11T02:39:28.894274236Z: [   29.632337] ata2: SATA link down (SStatus 0 SControl 300)
[STDERR  ] 2017-10-11T02:39:28.894281171Z: [   29.632836] ata1: SATA link up 1.5 Gbps (SStatus 113 SControl 300)
[STDERR  ] 2017-10-11T02:39:28.894287801Z: [   29.633910] ata1.00: ATA-7: QEMU HARDDISK, 2.5+, max UDMA/100
[STDERR  ] 2017-10-11T02:39:28.894293623Z: [   29.634345] ata1.00: 4194304 sectors, multi 16: LBA48 NCQ (depth 31/32)
[STDERR  ] 2017-10-11T02:39:28.89429954Z: [   29.634877] ata1.00: applying bridge limits
[STDERR  ] 2017-10-11T02:39:28.89430514Z: [   29.635968] ata1.00: configured for UDMA/100
[STDERR  ] 2017-10-11T02:39:28.894310628Z: [   29.650671] ata3.00: configured for UDMA/100
[STDERR  ] 2017-10-11T02:39:28.894315913Z: [   29.660955] scsi 0:0:0:0: Direct-Access     ATA      QEMU HARDDISK    2.5+ PQ: 0 ANSI: 5
[STDERR  ] 2017-10-11T02:39:28.894321513Z: [   29.671765] sd 0:0:0:0: Attached scsi generic sg0 type 0
[STDERR  ] 2017-10-11T02:39:28.89432986Z: [   29.675160] sd 0:0:0:0: [sda] 4194304 512-byte logical blocks: (2.15 GB/2.00 GiB)
[STDERR  ] 2017-10-11T02:39:28.894337027Z: [   29.679533] sd 0:0:0:0: [sda] Write Protect is off
[STDERR  ] 2017-10-11T02:39:28.894343584Z: [   29.688525] scsi 2:0:0:0: CD-ROM            QEMU     QEMU DVD-ROM     2.5+ PQ: 0 ANSI: 5
[STDERR  ] 2017-10-11T02:39:28.894349257Z: [   29.690596] sd 0:0:0:0: [sda] Write cache: enabled, read cache: enabled, doesn't support DPO or FUA
[STDERR  ] 2017-10-11T02:39:28.894355367Z: [   29.713141] sr 2:0:0:0: [sr0] scsi3-mmc drive: 4x/4x cd/rw xa/form2 tray
[STDERR  ] 2017-10-11T02:39:28.89436136Z: [   29.713910] cdrom: Uniform CD-ROM driver Revision: 3.20
[STDERR  ] 2017-10-11T02:39:28.894367606Z: [   29.732021] sr 2:0:0:0: Attached scsi generic sg1 type 5
[STDERR  ] 2017-10-11T02:39:28.894376224Z: [   29.745105] sd 0:0:0:0: [sda] Attached SCSI disk
[STDERR  ] 2017-10-11T02:39:28.89438172Z: [   29.780905] Key type encrypted registered
[STDERR  ] 2017-10-11T02:39:28.894388351Z: [   29.786705] rtc_cmos 00:00: setting system clock to 2017-10-11 02:29:34 UTC (1507688974)
[STDERR  ] 2017-10-11T02:39:28.894394277Z: [   29.934851] Freeing unused kernel memory: 1380K
[STDERR  ] 2017-10-11T02:39:28.89439977Z: [   29.935279] Write protecting the kernel read-only data: 12288k
[STDERR  ] 2017-10-11T02:39:28.89440565Z: [   29.943435] Freeing unused kernel memory: 124K
[STDERR  ] 2017-10-11T02:39:28.894411133Z: [   30.030777] Freeing unused kernel memory: 1392K
[STDERR  ] 2017-10-11T02:39:28.894416583Z: [   30.031580] tsc: Refined TSC clocksource calibration: 2599.985 MHz
[STDERR  ] 2017-10-11T02:39:28.89442216Z: [   30.032091] clocksource: tsc: mask: 0xffffffffffffffff max_cycles: 0x257a2dcb3ef, max_idle_ns: 440795261592 ns
[STDERR  ] 2017-10-11T02:39:28.894428281Z: [   31.046455] clocksource: Switched to clocksource tsc
[STDERR  ] 2017-10-11T02:39:28.894434097Z: 
[STDERR  ] 2017-10-11T02:39:28.894439838Z: Welcome to LinuxKit
[STDERR  ] 2017-10-11T02:39:28.894445496Z: 
[STDERR  ] 2017-10-11T02:39:28.894451234Z:                         ##         .
[STDERR  ] 2017-10-11T02:39:28.894456874Z:                   ## ## ##        ==[   83.325004] random: fast init done
[STDERR  ] 2017-10-11T02:39:28.894462681Z: 
[STDERR  ] 2017-10-11T02:39:28.894468123Z:                ## ## ## ## ##    ===
[STDERR  ] 2017-10-11T02:39:28.894474484Z:            /"""""""""""""""""\___/ ===
[STDERR  ] 2017-10-11T02:39:28.894484898Z:           {                       /  ===-
[STDERR  ] 2017-10-11T02:39:28.894490081Z:            \______ O           __/
[STDERR  ] 2017-10-11T02:39:28.894495863Z:              \    \         __/
[STDERR  ] 2017-10-11T02:39:28.894501734Z:               \____\_______/
[STDERR  ] 2017-10-11T02:39:28.894506938Z: 
[STDERR  ] 2017-10-11T02:39:28.89451232Z: [   85.462400] 8021q: adding VLAN 0 to HW filter on device eth0
[STDERR  ] 2017-10-11T02:39:28.894519256Z: eth0: waiting for carrier
[STDERR  ] 2017-10-11T02:39:28.894524981Z: eth0: carrier acquired
[STDERR  ] 2017-10-11T02:39:28.894530433Z: DUID 00:01:00:01:21:70:3e:c5:96:ed:ab:08:68:27
[STDERR  ] 2017-10-11T02:39:28.894535853Z: eth0: IAID ab:08:68:27
[STDERR  ] 2017-10-11T02:39:28.894541966Z: eth0: adding address fe80::2121:315f:3ced:6718
[STDERR  ] 2017-10-11T02:39:28.894547963Z: eth0: soliciting an IPv6 router
[STDERR  ] 2017-10-11T02:39:28.894553403Z: eth0: soliciting a DHCP lease
[STDERR  ] 2017-10-11T02:39:28.894560011Z: eth0: offered 10.0.2.15 from 10.0.2.2
[STDERR  ] 2017-10-11T02:39:28.894565853Z: eth0: leased 10.0.2.15 for 86400 seconds
[STDERR  ] 2017-10-11T02:39:28.894571467Z: eth0: adding route to 10.0.2.0/24
[STDERR  ] 2017-10-11T02:39:28.89457712Z: eth0: adding default route via 10.0.2.2
[STDERR  ] 2017-10-11T02:39:28.894582487Z: exiting due to oneshot
[STDERR  ] 2017-10-11T02:39:28.894587864Z: dhcpcd exited
[STDERR  ] 2017-10-11T02:39:28.894593461Z: [   87.596488] IPVS: Creating netns size=2104 id=1
[STDERR  ] 2017-10-11T02:39:28.894598728Z: [   87.597052] IPVS: ftp: loaded support on port[0] = 21
[STDERR  ] 2017-10-11T02:39:28.894607207Z: 2017/10/11 02:30:32 Creating partition on /dev/sda
[STDERR  ] 2017-10-11T02:39:28.894612763Z: [   89.065360]  sda:
[STDERR  ] 2017-10-11T02:39:28.894618234Z: [   89.132463]  sda:
[STDERR  ] 2017-10-11T02:39:28.894623417Z: [   89.162128]  sda: sda1
[STDERR  ] 2017-10-11T02:39:28.894628913Z: [   89.230693]  sda: sda1
[STDERR  ] 2017-10-11T02:39:28.894634384Z: 2017/10/11 02:30:36 Partition /dev/sda1 successfully created!
[STDERR  ] 2017-10-11T02:39:28.894640243Z: [   92.657826] IPVS: Creating netns size=2104 id=2
[STDERR  ] 2017-10-11T02:39:28.894645584Z: [   92.658130] IPVS: ftp: loaded support on port[0] = 21
[STDERR  ] 2017-10-11T02:39:28.894651167Z: [   94.076105] EXT4-fs (sda1): couldn't mount as ext3 due to feature incompatibilities
[STDERR  ] 2017-10-11T02:39:28.894664478Z: [   94.087505] EXT4-fs (sda1): couldn't mount as ext2 due to feature incompatibilities
[STDERR  ] 2017-10-11T02:39:28.894670388Z: [   94.109840] EXT4-fs (sda1): mounted filesystem with ordered data mode. Opts: (null)
[STDERR  ] 2017-10-11T02:39:28.894675877Z: v1.0.0-beta.1
[STDERR  ] 2017-10-11T02:39:28.894682344Z: 20c621178a5f45938e71afad24df281002aac329
[STDERR  ] 2017-10-11T02:39:28.894687854Z: [   99.711669] random: crng init done
[STDERR  ] 2017-10-11T02:39:28.894697614Z: ðŸ‡© root-test
[STDERR  ] 2017-10-11T02:39:28.894702884Z: [  200.867905] XFS (loop0): Mounting V4 Filesystem
[STDERR  ] 2017-10-11T02:39:28.894708203Z: [  200.915328] XFS (loop0): Ending clean mount
[STDERR  ] 2017-10-11T02:39:28.894713493Z: [  200.975156] XFS (loop0): Unmounting Filesystem
[STDERR  ] 2017-10-11T02:39:28.894718946Z: [  201.642530] XFS (loop0): Mounting V4 Filesystem
[STDERR  ] 2017-10-11T02:39:28.89472444Z: [  201.678340] XFS (loop0): Ending clean mount
[STDERR  ] 2017-10-11T02:39:28.894730526Z: [  201.699272] XFS (loop0): Unmounting Filesystem
[STDERR  ] 2017-10-11T02:39:28.894735751Z: ok  	github.com/containerd/containerd/fs	2.235s
[STDERR  ] 2017-10-11T02:39:28.894741107Z: ok  	github.com/containerd/containerd/metadata	5.871s
[STDERR  ] 2017-10-11T02:39:28.894746794Z: [  452.425176] XFS (loop2): Mounting V5 Filesystem
[STDERR  ] 2017-10-11T02:39:28.894752126Z: [  452.470784] XFS (loop2): Ending clean mount
[STDERR  ] 2017-10-11T02:39:28.894762494Z: [  452.519898] XFS (loop2): Unmounting Filesystem
[STDERR  ] 2017-10-11T02:39:28.894811104Z: ok  	github.com/containerd/containerd/mount/lookup_test	1.261s
[STDERR  ] 2017-10-11T02:39:28.894818369Z: [  495.580371] raid6: sse2x1   gen()   351 MB/s
[STDERR  ] 2017-10-11T02:39:28.894823739Z: [  495.750330] raid6: sse2x1   xor()   167 MB/s
[STDERR  ] 2017-10-11T02:39:28.894831071Z: [  495.920509] raid6: sse2x2   gen()   267 MB/s
[STDERR  ] 2017-10-11T02:39:28.894836581Z: [  496.090493] raid6: sse2x2   xor()   179 MB/s
[STDERR  ] 2017-10-11T02:39:28.894841964Z: [  496.260357] raid6: sse2x4   gen()   328 MB/s
[STDERR  ] 2017-10-11T02:39:28.894847307Z: [  496.430314] raid6: sse2x4   xor()   190 MB/s
[STDERR  ] 2017-10-11T02:39:28.894852783Z: [  496.430781] raid6: using algorithm sse2x1 gen() 351 MB/s
[STDERR  ] 2017-10-11T02:39:28.894858467Z: [  496.431178] raid6: .... xor() 167 MB/s, rmw enabled
[STDERR  ] 2017-10-11T02:39:28.894864321Z: [  496.431694] raid6: using intx1 recovery algorithm
[STDERR  ] 2017-10-11T02:39:28.894869661Z: [  496.454256] xor: measuring software checksum speed
[STDERR  ] 2017-10-11T02:39:28.89487493Z: [  496.550296]    prefetch64-sse:   659.600 MB/sec
[STDERR  ] 2017-10-11T02:39:28.894880231Z: [  496.650211]    generic_sse:   665.600 MB/sec
[STDERR  ] 2017-10-11T02:39:28.894885649Z: [  496.650636] xor: using function: generic_sse (665.600 MB/sec)
[STDERR  ] 2017-10-11T02:39:28.894890943Z: [  496.814894] Btrfs loaded, crc32c=crc32c-generic
[STDERR  ] 2017-10-11T02:39:28.894896314Z: [  496.823533] BTRFS: device fsid c3174e2a-ef09-418f-b27b-738c05109675 devid 1 transid 5 /dev/loop2
[STDERR  ] 2017-10-11T02:39:28.89490185Z: [  496.862034] BTRFS info (device loop2): disk space caching is enabled
[STDERR  ] 2017-10-11T02:39:28.894907391Z: [  496.862816] BTRFS info (device loop2): has skinny extents
[STDERR  ] 2017-10-11T02:39:28.894916049Z: [  496.863223] BTRFS info (device loop2): flagging fs with big metadata feature
[STDERR  ] 2017-10-11T02:39:28.894921934Z: [  496.912722] BTRFS info (device loop2): creating UUID tree
[STDERR  ] 2017-10-11T02:39:28.8949273Z: [  498.845156] BTRFS: device fsid 03e41cfe-a462-497f-8d10-f0cfde879250 devid 1 transid 5 /dev/loop2
[STDERR  ] 2017-10-11T02:39:28.894933023Z: [  499.043756] BTRFS info (device loop2): disk space caching is enabled
[STDERR  ] 2017-10-11T02:39:28.894938887Z: [  499.044311] BTRFS info (device loop2): has skinny extents
[STDERR  ] 2017-10-11T02:39:28.894944151Z: [  499.044630] BTRFS info (device loop2): flagging fs with big metadata feature
[STDERR  ] 2017-10-11T02:39:28.894950521Z: [  499.078198] BTRFS info (device loop2): creating UUID tree
[STDERR  ] 2017-10-11T02:39:28.894961034Z: [  500.334473] BTRFS: device fsid da9f9f11-6e82-438c-a839-0c708a0e6227 devid 1 transid 5 /dev/loop2
[STDERR  ] 2017-10-11T02:39:28.894966874Z: [  500.533528] BTRFS info (device loop2): disk space caching is enabled
[STDERR  ] 2017-10-11T02:39:28.894972763Z: [  500.534005] BTRFS info (device loop2): has skinny extents
[STDERR  ] 2017-10-11T02:39:28.894978596Z: [  500.534353] BTRFS info (device loop2): flagging fs with big metadata feature
[STDERR  ] 2017-10-11T02:39:28.8949843Z: [  500.568370] BTRFS info (device loop2): creating UUID tree
[STDERR  ] 2017-10-11T02:39:28.89498961Z: [  502.428380] BTRFS: device fsid fe7bc73c-b212-4ba3-a692-34a6a02eb3ba devid 1 transid 5 /dev/loop2
[STDERR  ] 2017-10-11T02:39:28.894995007Z: [  502.623715] BTRFS info (device loop2): disk space caching is enabled
[STDERR  ] 2017-10-11T02:39:28.895000402Z: [  502.624187] BTRFS info (device loop2): has skinny extents
[STDERR  ] 2017-10-11T02:39:28.895007128Z: [  502.624350] BTRFS info (device loop2): flagging fs with big metadata feature
[STDERR  ] 2017-10-11T02:39:28.895012702Z: [  502.658409] BTRFS info (device loop2): creating UUID tree
[STDERR  ] 2017-10-11T02:39:28.895018328Z: [  504.724891] BTRFS: device fsid 283d8d2d-2283-4beb-99be-71f83a8a2754 devid 1 transid 5 /dev/loop2
[STDERR  ] 2017-10-11T02:39:28.895023851Z: [  504.923732] BTRFS info (device loop2): disk space caching is enabled
[STDERR  ] 2017-10-11T02:39:28.8950292Z: [  504.924230] BTRFS info (device loop2): has skinny extents
[STDERR  ] 2017-10-11T02:39:28.895034732Z: [  504.924620] BTRFS info (device loop2): flagging fs with big metadata feature
[STDERR  ] 2017-10-11T02:39:28.89504451Z: [  504.959419] BTRFS info (device loop2): creating UUID tree
[STDERR  ] 2017-10-11T02:39:28.895050018Z: [  506.479767] BTRFS: device fsid 1eb0c66c-4c54-4cd2-81fb-31461ff13493 devid 1 transid 5 /dev/loop2
[STDERR  ] 2017-10-11T02:39:28.895055545Z: [  506.663747] BTRFS info (device loop2): disk space caching is enabled
[STDERR  ] 2017-10-11T02:39:28.895062532Z: [  506.664238] BTRFS info (device loop2): has skinny extents
[STDERR  ] 2017-10-11T02:39:28.895068311Z: [  506.664604] BTRFS info (device loop2): flagging fs with big metadata feature
[STDERR  ] 2017-10-11T02:39:28.895074311Z: [  506.698615] BTRFS info (device loop2): creating UUID tree
[STDERR  ] 2017-10-11T02:39:28.895080612Z: [  508.848050] BTRFS: device fsid 78c48256-7371-49b5-ae08-8c00631a2af9 devid 1 transid 5 /dev/loop2
[STDERR  ] 2017-10-11T02:39:28.895086138Z: [  509.043712] BTRFS info (device loop2): disk space caching is enabled
[STDERR  ] 2017-10-11T02:39:28.89509148Z: [  509.044196] BTRFS info (device loop2): has skinny extents
[STDERR  ] 2017-10-11T02:39:28.895097545Z: [  509.044562] BTRFS info (device loop2): flagging fs with big metadata feature
[STDERR  ] 2017-10-11T02:39:28.895102857Z: [  509.078874] BTRFS info (device loop2): creating UUID tree
[STDERR  ] 2017-10-11T02:39:28.895108138Z: [  510.766868] BTRFS: device fsid 5209ae66-fe69-425c-89a3-bb637fbdb019 devid 1 transid 5 /dev/loop2
[STDERR  ] 2017-10-11T02:39:28.895113801Z: [  510.963528] BTRFS info (device loop2): disk space caching is enabled
[STDERR  ] 2017-10-11T02:39:28.89511918Z: [  510.964137] BTRFS info (device loop2): has skinny extents
[STDERR  ] 2017-10-11T02:39:28.895127478Z: [  510.964553] BTRFS info (device loop2): flagging fs with big metadata feature
[STDERR  ] 2017-10-11T02:39:28.895134115Z: [  510.998105] BTRFS info (device loop2): creating UUID tree
[STDERR  ] 2017-10-11T02:39:28.895139574Z: [  513.050621] BTRFS: device fsid c29fa019-5ba0-464d-af3b-3f52c02a519d devid 1 transid 5 /dev/loop2
[STDERR  ] 2017-10-11T02:39:28.895145017Z: [  513.243658] BTRFS info (device loop2): disk space caching is enabled
[STDERR  ] 2017-10-11T02:39:28.895150428Z: [  513.244258] BTRFS info (device loop2): has skinny extents
[STDERR  ] 2017-10-11T02:39:28.895155991Z: [  513.244614] BTRFS info (device loop2): flagging fs with big metadata feature
[STDERR  ] 2017-10-11T02:39:28.89516551Z: [  513.279421] BTRFS info (device loop2): creating UUID tree
[STDERR  ] 2017-10-11T02:39:28.895172851Z: [  519.034787] BTRFS: device fsid 1f3fea60-aa80-4e88-a294-01b9a836b6c6 devid 1 transid 5 /dev/loop2
[STDERR  ] 2017-10-11T02:39:28.895178495Z: [  519.233877] BTRFS info (device loop2): disk space caching is enabled
[STDERR  ] 2017-10-11T02:39:28.895185124Z: [  519.234397] BTRFS info (device loop2): has skinny extents
[STDERR  ] 2017-10-11T02:39:28.895196224Z: [  519.234864] BTRFS info (device loop2): flagging fs with big metadata feature
[STDERR  ] 2017-10-11T02:39:28.895202168Z: [  519.270667] BTRFS info (device loop2): creating UUID tree
[STDERR  ] 2017-10-11T02:39:28.895208622Z: [  520.737763] BTRFS: device fsid 8dd6c166-1c67-4a5c-9b61-105a5cd59df7 devid 1 transid 5 /dev/loop2
[STDERR  ] 2017-10-11T02:39:28.89521409Z: [  520.934310] BTRFS info (device loop2): disk space caching is enabled
[STDERR  ] 2017-10-11T02:39:28.895219517Z: [  520.934854] BTRFS info (device loop2): has skinny extents
[STDERR  ] 2017-10-11T02:39:28.895225Z: [  520.935232] BTRFS info (device loop2): flagging fs with big metadata feature
[STDERR  ] 2017-10-11T02:39:28.895230498Z: [  520.969717] BTRFS info (device loop2): creating UUID tree
[STDERR  ] 2017-10-11T02:39:28.895235787Z: [  522.882690] BTRFS: device fsid 5a67d1a3-a428-4d4e-8656-2edf0d0610a5 devid 1 transid 5 /dev/loop2
[STDERR  ] 2017-10-11T02:39:28.895246277Z: [  523.063797] BTRFS info (device loop2): disk space caching is enabled
[STDERR  ] 2017-10-11T02:39:28.895251875Z: [  523.064324] BTRFS info (device loop2): has skinny extents
[STDERR  ] 2017-10-11T02:39:28.895257211Z: [  523.064685] BTRFS info (device loop2): flagging fs with big metadata feature
[STDERR  ] 2017-10-11T02:39:28.895262727Z: [  523.098940] BTRFS info (device loop2): creating UUID tree
[STDERR  ] 2017-10-11T02:39:28.895268281Z: [  524.405957] BTRFS: device fsid 53436bc4-d439-4bd9-b068-4960cb945b8b devid 1 transid 5 /dev/loop2
[STDERR  ] 2017-10-11T02:39:28.895273687Z: [  524.603714] BTRFS info (device loop2): disk space caching is enabled
[STDERR  ] 2017-10-11T02:39:28.895279084Z: [  524.604186] BTRFS info (device loop2): has skinny extents
[STDERR  ] 2017-10-11T02:39:28.895284688Z: [  524.604540] BTRFS info (device loop2): flagging fs with big metadata feature
[STDERR  ] 2017-10-11T02:39:28.895292418Z: [  524.638195] BTRFS info (device loop2): creating UUID tree
[STDERR  ] 2017-10-11T02:39:28.895298461Z: [  526.075694] BTRFS: device fsid afca4b23-51ae-4038-9116-2f3ddd5cdf87 devid 1 transid 5 /dev/loop2
[STDERR  ] 2017-10-11T02:39:28.895303898Z: [  526.263505] BTRFS info (device loop2): disk space caching is enabled
[STDERR  ] 2017-10-11T02:39:28.895309672Z: [  526.264058] BTRFS info (device loop2): has skinny extents
[STDERR  ] 2017-10-11T02:39:28.895315988Z: [  526.264487] BTRFS info (device loop2): flagging fs with big metadata feature
[STDERR  ] 2017-10-11T02:39:28.895321302Z: [  526.297977] BTRFS info (device loop2): creating UUID tree
[STDERR  ] 2017-10-11T02:39:28.895327251Z: [  527.532859] BTRFS: device fsid 22163896-09ce-4546-9ffe-c3e71aa3551b devid 1 transid 5 /dev/loop2
[STDERR  ] 2017-10-11T02:39:28.895332718Z: [  527.733614] BTRFS info (device loop2): disk space caching is enabled
[STDERR  ] 2017-10-11T02:39:28.89534085Z: [  527.734099] BTRFS info (device loop2): has skinny extents
[STDERR  ] 2017-10-11T02:39:28.895346692Z: [  527.734428] BTRFS info (device loop2): flagging fs with big metadata feature
[STDERR  ] 2017-10-11T02:39:28.895352031Z: [  527.769137] BTRFS info (device loop2): creating UUID tree
[STDERR  ] 2017-10-11T02:39:28.895361744Z: [  528.881708] BTRFS: device fsid ff07adf8-fc84-4ed8-8a51-0c428a9994a6 devid 1 transid 5 /dev/loop2
[STDERR  ] 2017-10-11T02:39:28.895367394Z: [  529.073717] BTRFS info (device loop2): disk space caching is enabled
[STDERR  ] 2017-10-11T02:39:28.895372584Z: [  529.074206] BTRFS info (device loop2): has skinny extents
[STDERR  ] 2017-10-11T02:39:28.895378318Z: [  529.074597] BTRFS info (device loop2): flagging fs with big metadata feature
[STDERR  ] 2017-10-11T02:39:28.895386396Z: [  529.109574] BTRFS info (device loop2): creating UUID tree
[STDERR  ] 2017-10-11T02:39:28.895392268Z: ok  	github.com/containerd/containerd/snapshot/btrfs	35.539s
[STDERR  ] 2017-10-11T02:39:28.895398998Z: ok  	github.com/containerd/containerd/snapshot/naive	5.131s
[STDERR  ] 2017-10-11T02:39:28.895404856Z: ok  	github.com/containerd/containerd/snapshot/overlay	4.994s
[STDERR  ] 2017-10-11T02:39:28.895410217Z: containerd test suite PASSED
[STDERR  ] 2017-10-11T02:39:28.895415801Z: [  623.171567] sd 0:0:0:0: [sda] Synchronizing SCSI cache
[STDERR  ] 2017-10-11T02:39:28.895426417Z: [  623.173139] sd 0:0:0:0: [sda] Stopping disk
[STDERR  ] 2017-10-11T02:39:28.895432072Z: [  623.177302] ACPI: Preparing to enter system sleep state S5
[STDERR  ] 2017-10-11T02:39:28.895437312Z: [  623.180500] reboot: Power down
[STDERR  ] 2017-10-11T02:39:28.895443028Z: + grep -q suite PASSED
[STDERR  ] 2017-10-11T02:39:28.895449756Z: + echo [    0.000000] Linux version 4.9.53-linuxkit (root@78cdab8b710d) (gcc version 6.3.0 (Alpine 6.3.0) ) #1 SMP Thu Oct 5 11:28:51 UTC 2017
[STDERR  ] 2017-10-11T02:39:28.895456682Z: [    0.000000] Command line: console=ttyS0 page_poison=1
[STDERR  ] 2017-10-11T02:39:28.895462096Z: [    0.000000] x86/fpu: Legacy x87 FPU detected.
[STDERR  ] 2017-10-11T02:39:28.895467471Z: [    0.000000] x86/fpu: Using 'eager' FPU context switches.
[STDERR  ] 2017-10-11T02:39:28.895472856Z: [    0.000000] e820: BIOS-provided physical RAM map:
[STDERR  ] 2017-10-11T02:39:28.895478106Z: [    0.000000] BIOS-e820: [mem 0x0000000000000000-0x000000000009fbff] usable
[STDERR  ] 2017-10-11T02:39:28.895484841Z: [    0.000000] BIOS-e820: [mem 0x000000000009fc00-0x000000000009ffff] reserved
[STDERR  ] 2017-10-11T02:39:28.895490397Z: [    0.000000] BIOS-e820: [mem 0x00000000000f0000-0x00000000000fffff] reserved
[STDERR  ] 2017-10-11T02:39:28.895495664Z: [    0.000000] BIOS-e820: [mem 0x0000000000100000-0x000000007ffdefff] usable
[STDERR  ] 2017-10-11T02:39:28.895500818Z: [    0.000000] BIOS-e820: [mem 0x000000007ffdf000-0x000000007fffffff] reserved
[STDERR  ] 2017-10-11T02:39:28.895506118Z: [    0.000000] BIOS-e820: [mem 0x00000000b0000000-0x00000000bfffffff] reserved
[STDERR  ] 2017-10-11T02:39:28.895511301Z: [    0.000000] BIOS-e820: [mem 0x00000000fed1c000-0x00000000fed1ffff] reserved
[STDERR  ] 2017-10-11T02:39:28.895517918Z: [    0.000000] BIOS-e820: [mem 0x00000000fffc0000-0x00000000ffffffff] reserved
[STDERR  ] 2017-10-11T02:39:28.89552321Z: [    0.000000] NX (Execute Disable) protection: active
[STDERR  ] 2017-10-11T02:39:28.89552856Z: [    0.000000] SMBIOS 2.8 present.
[STDERR  ] 2017-10-11T02:39:28.89553392Z: [    0.000000] e820: last_pfn = 0x7ffdf max_arch_pfn = 0x400000000
[STDERR  ] 2017-10-11T02:39:28.895539446Z: [    0.000000] x86/PAT: Configuration [0-7]: WB  WC  UC- UC  WB  WC  UC- WT  
[STDERR  ] 2017-10-11T02:39:28.895546528Z: [    0.000000] found SMP MP-table at [mem 0x000f6aa0-0x000f6aaf] mapped at [ffff8b2c000f6aa0]
[STDERR  ] 2017-10-11T02:39:28.895552858Z: [    0.000000] RAMDISK: [mem 0x7237d000-0x7ffcffff]
[STDERR  ] 2017-10-11T02:39:28.895558277Z: [    0.000000] ACPI: Early table checksum verification disabled
[STDERR  ] 2017-10-11T02:39:28.895563721Z: [    0.000000] ACPI: RSDP 0x00000000000F68C0 000014 (v00 BOCHS )
[STDERR  ] 2017-10-11T02:39:28.895571742Z: [    0.000000] ACPI: RSDT 0x000000007FFE2404 000034 (v01 BOCHS  BXPCRSDT 00000001 BXPC 00000001)
[STDERR  ] 2017-10-11T02:39:28.895577418Z: [    0.000000] ACPI: FACP 0x000000007FFE22A4 000074 (v01 BOCHS  BXPCFACP 00000001 BXPC 00000001)
[STDERR  ] 2017-10-11T02:39:28.895582857Z: [    0.000000] ACPI: DSDT 0x000000007FFE0040 002264 (v01 BOCHS  BXPCDSDT 00000001 BXPC 00000001)
[STDERR  ] 2017-10-11T02:39:28.895588207Z: [    0.000000] ACPI: FACS 0x000000007FFE0000 000040
[STDERR  ] 2017-10-11T02:39:28.895593554Z: [    0.000000] ACPI: APIC 0x000000007FFE2318 000078 (v01 BOCHS  BXPCAPIC 00000001 BXPC 00000001)
[STDERR  ] 2017-10-11T02:39:28.895598908Z: [    0.000000] ACPI: HPET 0x000000007FFE2390 000038 (v01 BOCHS  BXPCHPET 00000001 BXPC 00000001)
[STDERR  ] 2017-10-11T02:39:28.895607453Z: [    0.000000] ACPI: MCFG 0x000000007FFE23C8 00003C (v01 BOCHS  BXPCMCFG 00000001 BXPC 00000001)
[STDERR  ] 2017-10-11T02:39:28.89561276Z: [    0.000000] Zone ranges:
[STDERR  ] 2017-10-11T02:39:28.895618937Z: [    0.000000]   DMA      [mem 0x0000000000001000-0x0000000000ffffff]
[STDERR  ] 2017-10-11T02:39:28.895624697Z: [    0.000000]   DMA32    [mem 0x0000000001000000-0x000000007ffdefff]
[STDERR  ] 2017-10-11T02:39:28.895630224Z: [    0.000000]   Normal   empty
[STDERR  ] 2017-10-11T02:39:28.895635701Z: [    0.000000] Movable zone start for each node
[STDERR  ] 2017-10-11T02:39:28.895641103Z: [    0.000000] Early memory node ranges
[STDERR  ] 2017-10-11T02:39:28.895646277Z: [    0.000000]   node   0: [mem 0x0000000000001000-0x000000000009efff]
[STDERR  ] 2017-10-11T02:39:28.895651501Z: [    0.000000]   node   0: [mem 0x0000000000100000-0x000000007ffdefff]
[STDERR  ] 2017-10-11T02:39:28.895656653Z: [    0.000000] Initmem setup node 0 [mem 0x0000000000001000-0x000000007ffdefff]
[STDERR  ] 2017-10-11T02:39:28.895667847Z: [    0.000000] ACPI: PM-Timer IO Port: 0x608
[STDERR  ] 2017-10-11T02:39:28.895673268Z: [    0.000000] ACPI: LAPIC_NMI (acpi_id[0xff] dfl dfl lint[0x1])
[STDERR  ] 2017-10-11T02:39:28.895678571Z: [    0.000000] IOAPIC[0]: apic_id 0, version 32, address 0xfec00000, GSI 0-23
[STDERR  ] 2017-10-11T02:39:28.895684846Z: [    0.000000] ACPI: INT_SRC_OVR (bus 0 bus_irq 0 global_irq 2 dfl dfl)
[STDERR  ] 2017-10-11T02:39:28.895691561Z: [    0.000000] ACPI: INT_SRC_OVR (bus 0 bus_irq 5 global_irq 5 high level)
[STDERR  ] 2017-10-11T02:39:28.895696908Z: [    0.000000] ACPI: INT_SRC_OVR (bus 0 bus_irq 9 global_irq 9 high level)
[STDERR  ] 2017-10-11T02:39:28.895702234Z: [    0.000000] ACPI: INT_SRC_OVR (bus 0 bus_irq 10 global_irq 10 high level)
[STDERR  ] 2017-10-11T02:39:28.895707546Z: [    0.000000] ACPI: INT_SRC_OVR (bus 0 bus_irq 11 global_irq 11 high level)
[STDERR  ] 2017-10-11T02:39:28.895712878Z: [    0.000000] Using ACPI (MADT) for SMP configuration information
[STDERR  ] 2017-10-11T02:39:28.895718231Z: [    0.000000] ACPI: HPET id: 0x8086a201 base: 0xfed00000
[STDERR  ] 2017-10-11T02:39:28.89572359Z: [    0.000000] smpboot: Allowing 1 CPUs, 0 hotplug CPUs
[STDERR  ] 2017-10-11T02:39:28.895729247Z: [    0.000000] e820: [mem 0xc0000000-0xfed1bfff] available for PCI devices
[STDERR  ] 2017-10-11T02:39:28.895734498Z: [    0.000000] Booting paravirtualized kernel on bare hardware
[STDERR  ] 2017-10-11T02:39:28.895739788Z: [    0.000000] clocksource: refined-jiffies: mask: 0xffffffff max_cycles: 0xffffffff, max_idle_ns: 19112604462750000 ns
[STDERR  ] 2017-10-11T02:39:28.895745858Z: [    0.000000] setup_percpu: NR_CPUS:128 nr_cpumask_bits:128 nr_cpu_ids:1 nr_node_ids:1
[STDERR  ] 2017-10-11T02:39:28.895755106Z: [    0.000000] percpu: Embedded 35 pages/cpu @ffff8b2c72000000 s105240 r8192 d29928 u2097152
[STDERR  ] 2017-10-11T02:39:28.895760817Z: [    0.000000] Built 1 zonelists in Zone order, mobility grouping on.  Total pages: 515944
[STDERR  ] 2017-10-11T02:39:28.895772099Z: [    0.000000] Kernel command line: console=ttyS0 page_poison=1
[STDERR  ] 2017-10-11T02:39:28.895777444Z: [    0.000000] PID hash table entries: 4096 (order: 3, 32768 bytes)
[STDERR  ] 2017-10-11T02:39:28.895785914Z: [    0.000000] Dentry cache hash table entries: 262144 (order: 9, 2097152 bytes)
[STDERR  ] 2017-10-11T02:39:28.895792781Z: [    0.000000] Inode-cache hash table entries: 131072 (order: 8, 1048576 bytes)
[STDERR  ] 2017-10-11T02:39:28.895798759Z: [    0.000000] Memory: 1819216K/2096628K available (8052K kernel code, 1367K rwdata, 2704K rodata, 1380K init, 568K bss, 277412K reserved, 0K cma-reserved)
[STDERR  ] 2017-10-11T02:39:28.895804917Z: [    0.000000] Hierarchical RCU implementation.
[STDERR  ] 2017-10-11T02:39:28.895810227Z: [    0.000000] 	Build-time adjustment of leaf fanout to 64.
[STDERR  ] 2017-10-11T02:39:28.895815614Z: [    0.000000] 	RCU restricting CPUs from NR_CPUS=128 to nr_cpu_ids=1.
[STDERR  ] 2017-10-11T02:39:28.895821089Z: [    0.000000] RCU: Adjusting geometry for rcu_fanout_leaf=64, nr_cpu_ids=1
[STDERR  ] 2017-10-11T02:39:28.895829787Z: [    0.000000] NR_IRQS:8448 nr_irqs:256 16
[STDERR  ] 2017-10-11T02:39:28.895835365Z: [    0.000000] Console: colour VGA+ 80x25
[STDERR  ] 2017-10-11T02:39:28.895840712Z: [    0.000000] console [ttyS0] enabled
[STDERR  ] 2017-10-11T02:39:28.895846139Z: [    0.000000] allocated 4194304 bytes of page_ext
[STDERR  ] 2017-10-11T02:39:28.895851369Z: [    0.000000] clocksource: hpet: mask: 0xffffffff max_cycles: 0xffffffff, max_idle_ns: 19112604467 ns
[STDERR  ] 2017-10-11T02:39:28.895859022Z: [    0.000000] tsc: Fast TSC calibration using PIT
[STDERR  ] 2017-10-11T02:39:28.895864605Z: [    0.000000] tsc: Detected 2599.971 MHz processor
[STDERR  ] 2017-10-11T02:39:28.895869872Z: [    0.022262] Calibrating delay loop (skipped), value calculated using timer frequency.. 5199.94 BogoMIPS (lpj=25999710)
[STDERR  ] 2017-10-11T02:39:28.895875531Z: [    0.023231] pid_max: default: 32768 minimum: 301
[STDERR  ] 2017-10-11T02:39:28.895881027Z: [    0.030748] ACPI: Core revision 20160831
[STDERR  ] 2017-10-11T02:39:28.895886344Z: [    0.073243] ACPI: 1 ACPI AML tables successfully acquired and loaded
[STDERR  ] 2017-10-11T02:39:28.895891829Z: [    0.078056] Security Framework initialized
[STDERR  ] 2017-10-11T02:39:28.895897061Z: [    0.078468] Yama: becoming mindful.
[STDERR  ] 2017-10-11T02:39:28.895902399Z: [    0.080584] Mount-cache hash table entries: 4096 (order: 3, 32768 bytes)
[STDERR  ] 2017-10-11T02:39:28.895907757Z: [    0.081130] Mountpoint-cache hash table entries: 4096 (order: 3, 32768 bytes)
[STDERR  ] 2017-10-11T02:39:28.895914454Z: [    0.099754] Last level iTLB entries: 4KB 0, 2MB 0, 4MB 0
[STDERR  ] 2017-10-11T02:39:28.895919845Z: [    0.100138] Last level dTLB entries: 4KB 0, 2MB 0, 4MB 0, 1GB 0
[STDERR  ] 2017-10-11T02:39:28.895925229Z: [    0.394973] Freeing SMP alternatives memory: 20K
[STDERR  ] 2017-10-11T02:39:28.895930584Z: [    0.405098] ftrace: allocating 35582 entries in 139 pages
[STDERR  ] 2017-10-11T02:39:28.895940607Z: [    0.567546] smpboot: Max logical packages: 1
[STDERR  ] 2017-10-11T02:39:28.895946079Z: [    0.575146] ..TIMER: vector=0x30 apic1=0 pin1=2 apic2=-1 pin2=-1
[STDERR  ] 2017-10-11T02:39:28.895951635Z: [    0.680000] smpboot: CPU0: AMD QEMU Virtual CPU version 2.5+ (family: 0x6, model: 0x6, stepping: 0x3)
[STDERR  ] 2017-10-11T02:39:28.895957304Z: [    0.680000] Performance Events: PMU not available due to virtualization, using software events only.
[STDERR  ] 2017-10-11T02:39:28.895963005Z: [    0.688248] NMI watchdog: disabled (cpu0): hardware events not enabled
[STDERR  ] 2017-10-11T02:39:28.895969439Z: [    0.688619] NMI watchdog: Shutting down hard lockup detector on all cpus
[STDERR  ] 2017-10-11T02:39:28.895979549Z: [    0.691282] x86: Booted up 1 node, 1 CPUs
[STDERR  ] 2017-10-11T02:39:28.895985025Z: [    0.691649] smpboot: Total of 1 processors activated (5199.94 BogoMIPS)
[STDERR  ] 2017-10-11T02:39:28.895990482Z: [    0.707796] devtmpfs: initialized
[STDERR  ] 2017-10-11T02:39:28.895996202Z: [    0.712575] x86/mm: Memory block size: 128MB
[STDERR  ] 2017-10-11T02:39:28.896001534Z: [    0.775630] clocksource: jiffies: mask: 0xffffffff max_cycles: 0xffffffff, max_idle_ns: 19112604462750000 ns
[STDERR  ] 2017-10-11T02:39:28.896011359Z: [    0.776578] futex hash table entries: 256 (order: 2, 16384 bytes)
[STDERR  ] 2017-10-11T02:39:28.896016822Z: [    0.785469] NET: Registered protocol family 16
[STDERR  ] 2017-10-11T02:39:28.896022261Z: [    0.794840] cpuidle: using governor ladder
[STDERR  ] 2017-10-11T02:39:28.896027737Z: [    0.795348] cpuidle: using governor menu
[STDERR  ] 2017-10-11T02:39:28.896033117Z: [    0.796861] ACPI: bus type PCI registered
[STDERR  ] 2017-10-11T02:39:28.896038379Z: [    0.800695] PCI: MMCONFIG for domain 0000 [bus 00-ff] at [mem 0xb0000000-0xbfffffff] (base 0xb0000000)
[STDERR  ] 2017-10-11T02:39:28.896044524Z: [    0.801579] PCI: MMCONFIG at [mem 0xb0000000-0xbfffffff] reserved in E820
[STDERR  ] 2017-10-11T02:39:28.896050369Z: [    0.803043] PCI: Using configuration type 1 for base access
[STDERR  ] 2017-10-11T02:39:28.896058951Z: [    0.855900] HugeTLB registered 2 MB page size, pre-allocated 0 pages
[STDERR  ] 2017-10-11T02:39:28.896064694Z: [    0.870471] ACPI: Added _OSI(Module Device)
[STDERR  ] 2017-10-11T02:39:28.896069939Z: [    0.870793] ACPI: Added _OSI(Processor Device)
[STDERR  ] 2017-10-11T02:39:28.896079669Z: [    0.871103] ACPI: Added _OSI(3.0 _SCP Extensions)
[STDERR  ] 2017-10-11T02:39:28.896085235Z: [    0.871382] ACPI: Added _OSI(Processor Aggregator Device)
[STDERR  ] 2017-10-11T02:39:28.896090532Z: [    0.940607] ACPI: Interpreter enabled
[STDERR  ] 2017-10-11T02:39:28.896096052Z: [    0.941615] ACPI: (supports S0 S5)
[STDERR  ] 2017-10-11T02:39:28.896101609Z: [    0.941933] ACPI: Using IOAPIC for interrupt routing
[STDERR  ] 2017-10-11T02:39:28.896106889Z: [    0.944600] PCI: Using host bridge windows from ACPI; if necessary, use "pci=nocrs" and report a bug
[STDERR  ] 2017-10-11T02:39:28.896112875Z: [    1.005253] ACPI: PCI Root Bridge [PCI0] (domain 0000 [bus 00-ff])
[STDERR  ] 2017-10-11T02:39:28.896118142Z: [    1.006402] acpi PNP0A08:00: _OSC: OS supports [ExtendedConfig ASPM ClockPM Segments MSI]
[STDERR  ] 2017-10-11T02:39:28.896123607Z: [    1.013268] acpi PNP0A08:00: _OSC: OS now controls [PCIeHotplug PME PCIeCapability]
[STDERR  ] 2017-10-11T02:39:28.89612903Z: [    1.016866] PCI host bridge to bus 0000:00
[STDERR  ] 2017-10-11T02:39:28.896134502Z: [    1.017332] pci_bus 0000:00: root bus resource [io  0x0000-0x0cf7 window]
[STDERR  ] 2017-10-11T02:39:28.896139957Z: [    1.017751] pci_bus 0000:00: root bus resource [io  0x0d00-0xffff window]
[STDERR  ] 2017-10-11T02:39:28.89614683Z: [    1.018198] pci_bus 0000:00: root bus resource [mem 0x000a0000-0x000bffff window]
[STDERR  ] 2017-10-11T02:39:28.896152465Z: [    1.018657] pci_bus 0000:00: root bus resource [mem 0xc0000000-0xfebfffff window]
[STDERR  ] 2017-10-11T02:39:28.896157921Z: [    1.019313] pci_bus 0000:00: root bus resource [bus 00-ff]
[STDERR  ] 2017-10-11T02:39:28.896163285Z: [    1.125351] pci 0000:00:1f.0: quirk: [io  0x0600-0x067f] claimed by ICH6 ACPI/GPIO/TCO
[STDERR  ] 2017-10-11T02:39:28.896168691Z: [    1.185720] ACPI: PCI Interrupt Link [LNKA] (IRQs 5 *10 11)
[STDERR  ] 2017-10-11T02:39:28.896174074Z: [    1.189122] ACPI: PCI Interrupt Link [LNKB] (IRQs 5 *10 11)
[STDERR  ] 2017-10-11T02:39:28.896179455Z: [    1.191926] ACPI: PCI Interrupt Link [LNKC] (IRQs 5 10 *11)
[STDERR  ] 2017-10-11T02:39:28.896184804Z: [    1.194011] ACPI: PCI Interrupt Link [LNKD] (IRQs 5 10 *11)
[STDERR  ] 2017-10-11T02:39:28.896195061Z: [    1.196042] ACPI: PCI Interrupt Link [LNKE] (IRQs 5 *10 11)
[STDERR  ] 2017-10-11T02:39:28.896200434Z: [    1.198071] ACPI: PCI Interrupt Link [LNKF] (IRQs 5 *10 11)
[STDERR  ] 2017-10-11T02:39:28.896205835Z: [    1.200578] ACPI: PCI Interrupt Link [LNKG] (IRQs 5 10 *11)
[STDERR  ] 2017-10-11T02:39:28.896211174Z: [    1.202647] ACPI: PCI Interrupt Link [LNKH] (IRQs 5 10 *11)
[STDERR  ] 2017-10-11T02:39:28.896216494Z: [    1.203627] ACPI: PCI Interrupt Link [GSIA] (IRQs *16)
[STDERR  ] 2017-10-11T02:39:28.896223335Z: [    1.204458] ACPI: PCI Interrupt Link [GSIB] (IRQs *17)
[STDERR  ] 2017-10-11T02:39:28.896228929Z: [    1.205253] ACPI: PCI Interrupt Link [GSIC] (IRQs *18)
[STDERR  ] 2017-10-11T02:39:28.896289625Z: [    1.206053] ACPI: PCI Interrupt Link [GSID] (IRQs *19)
[STDERR  ] 2017-10-11T02:39:28.896296814Z: [    1.206782] ACPI: PCI Interrupt Link [GSIE] (IRQs *20)
[STDERR  ] 2017-10-11T02:39:28.896302364Z: [    1.207522] ACPI: PCI Interrupt Link [GSIF] (IRQs *21)
[STDERR  ] 2017-10-11T02:39:28.896307677Z: [    1.208241] ACPI: PCI Interrupt Link [GSIG] (IRQs *22)
[STDERR  ] 2017-10-11T02:39:28.896313015Z: [    1.209034] ACPI: PCI Interrupt Link [GSIH] (IRQs *23)
[STDERR  ] 2017-10-11T02:39:28.896318357Z: [    1.213469] ACPI: Enabled 2 GPEs in block 00 to 3F
[STDERR  ] 2017-10-11T02:39:28.896323652Z: [    1.217848] SCSI subsystem initialized
[STDERR  ] 2017-10-11T02:39:28.896330005Z: [    1.219743] ACPI: bus type USB registered
[STDERR  ] 2017-10-11T02:39:28.896343527Z: [    1.220934] usbcore: registered new interface driver usbfs
[STDERR  ] 2017-10-11T02:39:28.896349209Z: [    1.221800] usbcore: registered new interface driver hub
[STDERR  ] 2017-10-11T02:39:28.896354559Z: [    1.222727] usbcore: registered new device driver usb
[STDERR  ] 2017-10-11T02:39:28.896360014Z: [    1.224003] pps_core: LinuxPPS API ver. 1 registered
[STDERR  ] 2017-10-11T02:39:28.896365237Z: [    1.224356] pps_core: Software ver. 5.3.6 - Copyright 2005-2007 Rodolfo Giometti <giometti@linux.it>
[STDERR  ] 2017-10-11T02:39:28.896371201Z: [    1.225211] PTP clock support registered
[STDERR  ] 2017-10-11T02:39:28.896376581Z: [    1.226450] wmi: Mapper loaded
[STDERR  ] 2017-10-11T02:39:28.896383725Z: [    1.227995] PCI: Using ACPI for IRQ routing
[STDERR  ] 2017-10-11T02:39:28.896389054Z: [    1.246220] NetLabel: Initializing
[STDERR  ] 2017-10-11T02:39:28.896394367Z: [    1.246553] NetLabel:  domain hash size = 128
[STDERR  ] 2017-10-11T02:39:28.896400697Z: [    1.246875] NetLabel:  protocols = UNLABELED CIPSOv4
[STDERR  ] 2017-10-11T02:39:28.896406047Z: [    1.249677] NetLabel:  unlabeled traffic allowed by default
[STDERR  ] 2017-10-11T02:39:28.896411342Z: [    1.250890] HPET: 3 timers in total, 0 timers will be used for per-cpu timer
[STDERR  ] 2017-10-11T02:39:28.896416697Z: [    1.251747] hpet0: at MMIO 0xfed00000, IRQs 2, 8, 0
[STDERR  ] 2017-10-11T02:39:28.896421974Z: [    1.252380] hpet0: 3 comparators, 64-bit 100.000000 MHz counter
[STDERR  ] 2017-10-11T02:39:28.896427262Z: [    1.259278] clocksource: Switched to clocksource hpet
[STDERR  ] 2017-10-11T02:39:28.896432621Z: [    1.523397] VFS: Disk quotas dquot_6.6.0
[STDERR  ] 2017-10-11T02:39:28.896438031Z: [    1.524233] VFS: Dquot-cache hash table entries: 512 (order 0, 4096 bytes)
[STDERR  ] 2017-10-11T02:39:28.896443522Z: [    1.528094] FS-Cache: Loaded
[STDERR  ] 2017-10-11T02:39:28.89644896Z: [    1.533196] CacheFiles: Loaded
[STDERR  ] 2017-10-11T02:39:28.896454482Z: [    1.535580] pnp: PnP ACPI init
[STDERR  ] 2017-10-11T02:39:28.896459852Z: [    1.546624] pnp: PnP ACPI: found 5 devices
[STDERR  ] 2017-10-11T02:39:28.89646519Z: [    1.594517] clocksource: acpi_pm: mask: 0xffffff max_cycles: 0xffffff, max_idle_ns: 2085701024 ns
[STDERR  ] 2017-10-11T02:39:28.896470724Z: [    1.598551] NET: Registered protocol family 2
[STDERR  ] 2017-10-11T02:39:28.896475977Z: [    1.605855] TCP established hash table entries: 16384 (order: 5, 131072 bytes)
[STDERR  ] 2017-10-11T02:39:28.896481232Z: [    1.606730] TCP bind hash table entries: 16384 (order: 6, 262144 bytes)
[STDERR  ] 2017-10-11T02:39:28.896486642Z: [    1.607920] TCP: Hash tables configured (established 16384 bind 16384)
[STDERR  ] 2017-10-11T02:39:28.896491785Z: [    1.609393] UDP hash table entries: 1024 (order: 3, 32768 bytes)
[STDERR  ] 2017-10-11T02:39:28.896496957Z: [    1.610013] UDP-Lite hash table entries: 1024 (order: 3, 32768 bytes)
[STDERR  ] 2017-10-11T02:39:28.896503187Z: [    1.612610] NET: Registered protocol family 1
[STDERR  ] 2017-10-11T02:39:28.89650849Z: [    1.613636] pci 0000:00:01.0: Video device with shadowed ROM at [mem 0x000c0000-0x000dffff]
[STDERR  ] 2017-10-11T02:39:28.89651386Z: [    1.621887] Unpacking initramfs...
[STDERR  ] 2017-10-11T02:39:28.89651922Z: [   28.938199] Freeing initrd memory: 225612K
[STDERR  ] 2017-10-11T02:39:28.896527233Z: [   28.963011] PCLMULQDQ-NI instructions are not detected.
[STDERR  ] 2017-10-11T02:39:28.896532596Z: [   28.964563] AVX or AES-NI instructions are not detected.
[STDERR  ] 2017-10-11T02:39:28.896542273Z: [   28.965045] CPU feature 'AVX registers' is not supported.
[STDERR  ] 2017-10-11T02:39:28.896547543Z: [   28.965462] CPU feature 'AVX registers' is not supported.
[STDERR  ] 2017-10-11T02:39:28.896552803Z: [   28.965855] CPU feature 'AVX registers' is not supported.
[STDERR  ] 2017-10-11T02:39:28.896558038Z: [   28.966273] CPU feature 'AVX registers' is not supported.
[STDERR  ] 2017-10-11T02:39:28.896563338Z: [   28.966624] AVX2 or AES-NI instructions are not detected.
[STDERR  ] 2017-10-11T02:39:28.896571705Z: [   28.967007] AVX2 instructions are not detected.
[STDERR  ] 2017-10-11T02:39:28.896577163Z: [   28.973582] audit: initializing netlink subsys (disabled)
[STDERR  ] 2017-10-11T02:39:28.896582663Z: [   28.975152] audit: type=2000 audit(1507688971.970:1): initialized
[STDERR  ] 2017-10-11T02:39:28.896587936Z: [   28.982842] workingset: timestamp_bits=46 max_order=19 bucket_order=0
[STDERR  ] 2017-10-11T02:39:28.8965937Z: [   28.989390] squashfs: version 4.0 (2009/01/31) Phillip Lougher
[STDERR  ] 2017-10-11T02:39:28.896599123Z: [   28.992203] FS-Cache: Netfs 'cifs' registered for caching
[STDERR  ] 2017-10-11T02:39:28.89660442Z: [   28.993115] fuse init (API version 7.26)
[STDERR  ] 2017-10-11T02:39:28.89660971Z: [   28.995213] SGI XFS with ACLs, security attributes, no debug enabled
[STDERR  ] 2017-10-11T02:39:28.896615163Z: [   28.998965] 9p: Installing v9fs 9p2000 file system support
[STDERR  ] 2017-10-11T02:39:28.896620516Z: [   28.999446] FS-Cache: Netfs '9p' registered for caching
[STDERR  ] 2017-10-11T02:39:28.896625843Z: [   29.033198] NET: Registered protocol family 38
[STDERR  ] 2017-10-11T02:39:28.896631245Z: [   29.033813] Key type asymmetric registered
[STDERR  ] 2017-10-11T02:39:28.896641105Z: [   29.034234] Asymmetric key parser 'x509' registered
[STDERR  ] 2017-10-11T02:39:28.896646283Z: [   29.035259] Block layer SCSI generic (bsg) driver version 0.4 loaded (major 251)
[STDERR  ] 2017-10-11T02:39:28.89665155Z: [   29.037036] io scheduler noop registered
[STDERR  ] 2017-10-11T02:39:28.896661137Z: [   29.037420] io scheduler deadline registered (default)
[STDERR  ] 2017-10-11T02:39:28.896666373Z: [   29.038169] io scheduler cfq registered
[STDERR  ] 2017-10-11T02:39:28.896671663Z: [   29.042508] pci_hotplug: PCI Hot Plug PCI Core version: 0.5
[STDERR  ] 2017-10-11T02:39:28.896678548Z: [   29.043130] pciehp: PCI Express Hot Plug Controller Driver version: 0.4
[STDERR  ] 2017-10-11T02:39:28.896684245Z: [   29.044023] shpchp: Standard Hot Plug PCI Controller Driver version: 0.4
[STDERR  ] 2017-10-11T02:39:28.89668997Z: [   29.044815] hv_vmbus: registering driver hyperv_fb
[STDERR  ] 2017-10-11T02:39:28.896695315Z: [   29.047836] input: Power Button as /devices/LNXSYSTM:00/LNXPWRBN:00/input/input0
[STDERR  ] 2017-10-11T02:39:28.896700748Z: [   29.048974] ACPI: Power Button [PWRF]
[STDERR  ] 2017-10-11T02:39:28.896706581Z: [   29.054494] GHES: HEST is not enabled!
[STDERR  ] 2017-10-11T02:39:28.896712015Z: [   29.065964] ACPI: PCI Interrupt Link [GSIG] enabled at IRQ 22
[STDERR  ] 2017-10-11T02:39:28.896717733Z: [   29.077822] ACPI: PCI Interrupt Link [GSIH] enabled at IRQ 23
[STDERR  ] 2017-10-11T02:39:28.896723165Z: [   29.083511] xenfs: not registering filesystem on non-xen platform
[STDERR  ] 2017-10-11T02:39:28.89672837Z: [   29.085529] Serial: 8250/16550 driver, 4 ports, IRQ sharing disabled
[STDERR  ] 2017-10-11T02:39:28.896735091Z: [   29.110552] 00:04: ttyS0 at I/O 0x3f8 (irq = 4, base_baud = 115200) is a 16550A
[STDERR  ] 2017-10-11T02:39:28.896740708Z: [   29.123250] Non-volatile memory driver v1.3
[STDERR  ] 2017-10-11T02:39:28.896746003Z: [   29.131110] Hangcheck: starting hangcheck timer 0.9.1 (tick is 180 seconds, margin is 60 seconds).
[STDERR  ] 2017-10-11T02:39:28.896752007Z: [   29.168527] loop: module loaded
[STDERR  ] 2017-10-11T02:39:28.896760795Z: [   29.184138] nbd: registered device at major 43
[STDERR  ] 2017-10-11T02:39:28.896766105Z: [   29.225589] lpc_ich 0000:00:1f.0: I/O space for GPIO uninitialized
[STDERR  ] 2017-10-11T02:39:28.896771371Z: [   29.227930] VMware PVSCSI driver - version 1.0.7.0-k
[STDERR  ] 2017-10-11T02:39:28.89678201Z: [   29.228813] hv_vmbus: registering driver hv_storvsc
[STDERR  ] 2017-10-11T02:39:28.8967875Z: [   29.239975] ACPI: PCI Interrupt Link [GSIA] enabled at IRQ 16
[STDERR  ] 2017-10-11T02:39:28.896792898Z: [   29.246381] ahci 0000:00:1f.2: AHCI 0001.0000 32 slots 6 ports 1.5 Gbps 0x3f impl SATA mode
[STDERR  ] 2017-10-11T02:39:28.89679835Z: [   29.247090] ahci 0000:00:1f.2: flags: 64bit ncq only 
[STDERR  ] 2017-10-11T02:39:28.89680371Z: [   29.267385] scsi host0: ahci
[STDERR  ] 2017-10-11T02:39:28.89681415Z: [   29.272736] scsi host1: ahci
[STDERR  ] 2017-10-11T02:39:28.896819805Z: [   29.275042] scsi host2: ahci
[STDERR  ] 2017-10-11T02:39:28.896825355Z: [   29.277155] scsi host3: ahci
[STDERR  ] 2017-10-11T02:39:28.896831063Z: [   29.279359] scsi host4: ahci
[STDERR  ] 2017-10-11T02:39:28.896836421Z: [   29.281691] scsi host5: ahci
[STDERR  ] 2017-10-11T02:39:28.896843105Z: [   29.283474] ata1: SATA max UDMA/133 abar m4096@0xfebd2000 port 0xfebd2100 irq 24
[STDERR  ] 2017-10-11T02:39:28.896848721Z: [   29.283985] ata2: SATA max UDMA/133 abar m4096@0xfebd2000 port 0xfebd2180 irq 24
[STDERR  ] 2017-10-11T02:39:28.896853951Z: [   29.284424] ata3: SATA max UDMA/133 abar m4096@0xfebd2000 port 0xfebd2200 irq 24
[STDERR  ] 2017-10-11T02:39:28.89685972Z: [   29.284872] ata4: SATA max UDMA/133 abar m4096@0xfebd2000 port 0xfebd2280 irq 24
[STDERR  ] 2017-10-11T02:39:28.896865331Z: [   29.285311] ata5: SATA max UDMA/133 abar m4096@0xfebd2000 port 0xfebd2300 irq 24
[STDERR  ] 2017-10-11T02:39:28.896870497Z: [   29.285726] ata6: SATA max UDMA/133 abar m4096@0xfebd2000 port 0xfebd2380 irq 24
[STDERR  ] 2017-10-11T02:39:28.896877187Z: [   29.298500] tun: Universal TUN/TAP device driver, 1.6
[STDERR  ] 2017-10-11T02:39:28.89688249Z: [   29.298856] tun: (C) 1999-2004 Max Krasnyansky <maxk@qualcomm.com>
[STDERR  ] 2017-10-11T02:39:28.896887791Z: [   29.309331] VMware vmxnet3 virtual NIC driver - version 1.4.a.0-k-NAPI
[STDERR  ] 2017-10-11T02:39:28.896893377Z: [   29.310559] hv_vmbus: registering driver hv_netvsc
[STDERR  ] 2017-10-11T02:39:28.896898553Z: [   29.310877] Fusion MPT base driver 3.04.20
[STDERR  ] 2017-10-11T02:39:28.896903903Z: [   29.311163] Copyright (c) 1999-2008 LSI Corporation
[STDERR  ] 2017-10-11T02:39:28.896909094Z: [   29.311808] Fusion MPT SPI Host driver 3.04.20
[STDERR  ] 2017-10-11T02:39:28.896914267Z: [   29.313839] i8042: PNP: PS/2 Controller [PNP0303:KBD,PNP0f13:MOU] at 0x60,0x64 irq 1,12
[STDERR  ] 2017-10-11T02:39:28.896919774Z: [   29.317729] serio: i8042 KBD port at 0x60,0x64 irq 1
[STDERR  ] 2017-10-11T02:39:28.896925025Z: [   29.318366] serio: i8042 AUX port at 0x60,0x64 irq 12
[STDERR  ] 2017-10-11T02:39:28.896930285Z: [   29.321595] hv_vmbus: registering driver hyperv_keyboard
[STDERR  ] 2017-10-11T02:39:28.896935495Z: [   29.323666] mousedev: PS/2 mouse device common for all mice
[STDERR  ] 2017-10-11T02:39:28.896945523Z: [   29.328129] input: AT Translated Set 2 keyboard as /devices/platform/i8042/serio0/input/input1
[STDERR  ] 2017-10-11T02:39:28.896950954Z: [   29.331192] input: PC Speaker as /devices/platform/pcspkr/input/input2
[STDERR  ] 2017-10-11T02:39:28.89695616Z: [   29.334698] rtc_cmos 00:00: RTC can wake from S4
[STDERR  ] 2017-10-11T02:39:28.89696157Z: [   29.337879] rtc_cmos 00:00: rtc core: registered rtc_cmos as rtc0
[STDERR  ] 2017-10-11T02:39:28.896966788Z: [   29.339162] rtc_cmos 00:00: alarms up to one day, y3k, 114 bytes nvram, hpet irqs
[STDERR  ] 2017-10-11T02:39:28.89697235Z: [   29.339826] i2c /dev entries driver
[STDERR  ] 2017-10-11T02:39:28.896977665Z: [   29.341944] device-mapper: ioctl: 4.35.0-ioctl (2016-06-23) initialised: dm-devel@redhat.com
[STDERR  ] 2017-10-11T02:39:28.89698315Z: [   29.346606] usbcore: registered new interface driver usbhid
[STDERR  ] 2017-10-11T02:39:28.896991434Z: [   29.346998] usbhid: USB HID core driver
[STDERR  ] 2017-10-11T02:39:28.89699696Z: [   29.347626] hv_utils: Registering HyperV Utility Driver
[STDERR  ] 2017-10-11T02:39:28.897002324Z: [   29.347935] hv_vmbus: registering driver hv_util
[STDERR  ] 2017-10-11T02:39:28.897007601Z: [   29.348233] hv_vmbus: registering driver hv_balloon
[STDERR  ] 2017-10-11T02:39:28.897013028Z: [   29.348823] oprofile: using NMI interrupt.
[STDERR  ] 2017-10-11T02:39:28.897018364Z: [   29.350344] GACT probability on
[STDERR  ] 2017-10-11T02:39:28.897024063Z: [   29.350869] Mirror/redirect action on
[STDERR  ] 2017-10-11T02:39:28.897029464Z: [   29.351725] Simple TC action Loaded
[STDERR  ] 2017-10-11T02:39:28.897035704Z: [   29.352274] u32 classifier
[STDERR  ] 2017-10-11T02:39:28.897043983Z: [   29.352463]     Performance counters on
[STDERR  ] 2017-10-11T02:39:28.897049581Z: [   29.352726]     input device check on
[STDERR  ] 2017-10-11T02:39:28.89705586Z: [   29.352951]     Actions configured
[STDERR  ] 2017-10-11T02:39:28.897061234Z: [   29.353589] Netfilter messages via NETLINK v0.30.
[STDERR  ] 2017-10-11T02:39:28.897070555Z: [   29.354164] nfnl_acct: registering with nfnetlink.
[STDERR  ] 2017-10-11T02:39:28.897077224Z: [   29.355762] nf_conntrack version 0.5.0 (16384 buckets, 65536 max)
[STDERR  ] 2017-10-11T02:39:28.897082685Z: [   29.358705] ctnetlink v0.93: registering with nfnetlink.
[STDERR  ] 2017-10-11T02:39:28.897092324Z: [   29.363539] nf_tables: (c) 2007-2009 Patrick McHardy <kaber@trash.net>
[STDERR  ] 2017-10-11T02:39:28.897098141Z: [   29.364324] nf_tables_compat: (c) 2012 Pablo Neira Ayuso <pablo@netfilter.org>
[STDERR  ] 2017-10-11T02:39:28.897117767Z: [   29.366662] xt_time: kernel timezone is -0000
[STDERR  ] 2017-10-11T02:39:28.897123173Z: [   29.367228] ip_set: protocol 6
[STDERR  ] 2017-10-11T02:39:28.897130437Z: [   29.367874] IPVS: Registered protocols (TCP, UDP, SCTP, AH, ESP)
[STDERR  ] 2017-10-11T02:39:28.897135943Z: [   29.368466] IPVS: Connection hash table configured (size=4096, memory=64Kbytes)
[STDERR  ] 2017-10-11T02:39:28.897141703Z: [   29.370593] IPVS: Creating netns size=2104 id=0
[STDERR  ] 2017-10-11T02:39:28.897147191Z: [   29.373293] IPVS: ipvs loaded.
[STDERR  ] 2017-10-11T02:39:28.897152805Z: [   29.373663] IPVS: [rr] scheduler registered.
[STDERR  ] 2017-10-11T02:39:28.897158249Z: [   29.374009] IPVS: [wrr] scheduler registered.
[STDERR  ] 2017-10-11T02:39:28.897163453Z: [   29.374316] IPVS: [lc] scheduler registered.
[STDERR  ] 2017-10-11T02:39:28.89716879Z: [   29.374598] IPVS: [wlc] scheduler registered.
[STDERR  ] 2017-10-11T02:39:28.897174157Z: [   29.374856] IPVS: [fo] scheduler registered.
[STDERR  ] 2017-10-11T02:39:28.897179519Z: [   29.375121] IPVS: [ovf] scheduler registered.
[STDERR  ] 2017-10-11T02:39:28.897185329Z: [   29.375565] IPVS: [lblc] scheduler registered.
[STDERR  ] 2017-10-11T02:39:28.897195523Z: [   29.376027] IPVS: [lblcr] scheduler registered.
[STDERR  ] 2017-10-11T02:39:28.897200854Z: [   29.376346] IPVS: [dh] scheduler registered.
[STDERR  ] 2017-10-11T02:39:28.897206104Z: [   29.376620] IPVS: [sh] scheduler registered.
[STDERR  ] 2017-10-11T02:39:28.897211295Z: [   29.376882] IPVS: [sed] scheduler registered.
[STDERR  ] 2017-10-11T02:39:28.897216563Z: [   29.377146] IPVS: [nq] scheduler registered.
[STDERR  ] 2017-10-11T02:39:28.89722175Z: [   29.377891] IPVS: ftp: loaded support on port[0] = 21
[STDERR  ] 2017-10-11T02:39:28.897227235Z: [   29.378778] ipip: IPv4 and MPLS over IPv4 tunneling driver
[STDERR  ] 2017-10-11T02:39:28.897232621Z: [   29.383316] gre: GRE over IPv4 demultiplexor driver
[STDERR  ] 2017-10-11T02:39:28.897238047Z: [   29.385930] ip_tables: (C) 2000-2006 Netfilter Core Team
[STDERR  ] 2017-10-11T02:39:28.897243397Z: [   29.388989] ipt_CLUSTERIP: ClusterIP Version 0.8 loaded successfully
[STDERR  ] 2017-10-11T02:39:28.897251299Z: [   29.389713] arp_tables: arp_tables: (C) 2002 David S. Miller
[STDERR  ] 2017-10-11T02:39:28.89725662Z: [   29.392373] NET: Registered protocol family 10
[STDERR  ] 2017-10-11T02:39:28.897270174Z: [   29.401879] ip6_tables: (C) 2000-2006 Netfilter Core Team
[STDERR  ] 2017-10-11T02:39:28.897275733Z: [   29.409644] NET: Registered protocol family 17
[STDERR  ] 2017-10-11T02:39:28.89728099Z: [   29.411095] Bridge firewalling registered
[STDERR  ] 2017-10-11T02:39:28.897286304Z: [   29.411602] Ebtables v2.0 registered
[STDERR  ] 2017-10-11T02:39:28.897291668Z: [   29.413454] 8021q: 802.1Q VLAN Support v1.8
[STDERR  ] 2017-10-11T02:39:28.897297017Z: [   29.414915] 9pnet: Installing 9P2000 support
[STDERR  ] 2017-10-11T02:39:28.897302267Z: [   29.416375] Key type dns_resolver registered
[STDERR  ] 2017-10-11T02:39:28.897313304Z: [   29.417388] microcode: AMD CPU family 0x6 not supported
[STDERR  ] 2017-10-11T02:39:28.897318598Z: [   29.421363] registered taskstats version 1
[STDERR  ] 2017-10-11T02:39:28.897327282Z: [   29.579411] Key type big_key registered
[STDERR  ] 2017-10-11T02:39:28.897332698Z: [   29.621933] ata5: SATA link down (SStatus 0 SControl 300)
[STDERR  ] 2017-10-11T02:39:28.897338112Z: [   29.624809] ata4: SATA link down (SStatus 0 SControl 300)
[STDERR  ] 2017-10-11T02:39:28.897343684Z: [   29.625779] ata3: SATA link up 1.5 Gbps (SStatus 113 SControl 300)
[STDERR  ] 2017-10-11T02:39:28.897349524Z: [   29.629304] ata3.00: ATAPI: QEMU DVD-ROM, 2.5+, max UDMA/100
[STDERR  ] 2017-10-11T02:39:28.897354935Z: [   29.629777] ata3.00: applying bridge limits
[STDERR  ] 2017-10-11T02:39:28.897360222Z: [   29.631534] ata6: SATA link down (SStatus 0 SControl 300)
[STDERR  ] 2017-10-11T02:39:28.897368202Z: [   29.632337] ata2: SATA link down (SStatus 0 SControl 300)
[STDERR  ] 2017-10-11T02:39:28.897377764Z: [   29.632836] ata1: SATA link up 1.5 Gbps (SStatus 113 SControl 300)
[STDERR  ] 2017-10-11T02:39:28.89738375Z: [   29.633910] ata1.00: ATA-7: QEMU HARDDISK, 2.5+, max UDMA/100
[STDERR  ] 2017-10-11T02:39:28.89738918Z: [   29.634345] ata1.00: 4194304 sectors, multi 16: LBA48 NCQ (depth 31/32)
[STDERR  ] 2017-10-11T02:39:28.897394705Z: [   29.634877] ata1.00: applying bridge limits
[STDERR  ] 2017-10-11T02:39:28.897400055Z: [   29.635968] ata1.00: configured for UDMA/100
[STDERR  ] 2017-10-11T02:39:28.897405412Z: [   29.650671] ata3.00: configured for UDMA/100
[STDERR  ] 2017-10-11T02:39:28.897410655Z: [   29.660955] scsi 0:0:0:0: Direct-Access     ATA      QEMU HARDDISK    2.5+ PQ: 0 ANSI: 5
[STDERR  ] 2017-10-11T02:39:28.897416181Z: [   29.671765] sd 0:0:0:0: Attached scsi generic sg0 type 0
[STDERR  ] 2017-10-11T02:39:28.89742157Z: [   29.675160] sd 0:0:0:0: [sda] 4194304 512-byte logical blocks: (2.15 GB/2.00 GiB)
[STDERR  ] 2017-10-11T02:39:28.897427147Z: [   29.679533] sd 0:0:0:0: [sda] Write Protect is off
[STDERR  ] 2017-10-11T02:39:28.897432488Z: [   29.688525] scsi 2:0:0:0: CD-ROM            QEMU     QEMU DVD-ROM     2.5+ PQ: 0 ANSI: 5
[STDERR  ] 2017-10-11T02:39:28.897440047Z: [   29.690596] sd 0:0:0:0: [sda] Write cache: enabled, read cache: enabled, doesn't support DPO or FUA
[STDERR  ] 2017-10-11T02:39:28.897445838Z: [   29.713141] sr 2:0:0:0: [sr0] scsi3-mmc drive: 4x/4x cd/rw xa/form2 tray
[STDERR  ] 2017-10-11T02:39:28.897451394Z: [   29.713910] cdrom: Uniform CD-ROM driver Revision: 3.20
[STDERR  ] 2017-10-11T02:39:28.897456708Z: [   29.732021] sr 2:0:0:0: Attached scsi generic sg1 type 5
[STDERR  ] 2017-10-11T02:39:28.897466774Z: [   29.745105] sd 0:0:0:0: [sda] Attached SCSI disk
[STDERR  ] 2017-10-11T02:39:28.897472131Z: [   29.780905] Key type encrypted registered
[STDERR  ] 2017-10-11T02:39:28.897477402Z: [   29.786705] rtc_cmos 00:00: setting system clock to 2017-10-11 02:29:34 UTC (1507688974)
[STDERR  ] 2017-10-11T02:39:28.897483012Z: [   29.934851] Freeing unused kernel memory: 1380K
[STDERR  ] 2017-10-11T02:39:28.89748837Z: [   29.935279] Write protecting the kernel read-only data: 12288k
[STDERR  ] 2017-10-11T02:39:28.897493794Z: [   29.943435] Freeing unused kernel memory: 124K
[STDERR  ] 2017-10-11T02:39:28.897499157Z: [   30.030777] Freeing unused kernel memory: 1392K
[STDERR  ] 2017-10-11T02:39:28.897506472Z: [   30.031580] tsc: Refined TSC clocksource calibration: 2599.985 MHz
[STDERR  ] 2017-10-11T02:39:28.897515604Z: [   30.032091] clocksource: tsc: mask: 0xffffffffffffffff max_cycles: 0x257a2dcb3ef, max_idle_ns: 440795261592 ns
[STDERR  ] 2017-10-11T02:39:28.897526388Z: [   31.046455] clocksource: Switched to clocksource tsc
[STDERR  ] 2017-10-11T02:39:28.897531877Z: 
[STDERR  ] 2017-10-11T02:39:28.897537652Z: Welcome to LinuxKit
[STDERR  ] 2017-10-11T02:39:28.897543092Z: 
[STDERR  ] 2017-10-11T02:39:28.897548742Z:                         ##         .
[STDERR  ] 2017-10-11T02:39:28.897554292Z:                   ## ## ##        ==[   83.325004] random: fast init done
[STDERR  ] 2017-10-11T02:39:28.897560828Z: 
[STDERR  ] 2017-10-11T02:39:28.89756613Z:                ## ## ## ## ##    ===
[STDERR  ] 2017-10-11T02:39:28.8975751Z:            /"""""""""""""""""\___/ ===
[STDERR  ] 2017-10-11T02:39:28.897580684Z:           {                       /  ===-
[STDERR  ] 2017-10-11T02:39:28.897590248Z:            \______ O           __/
[STDERR  ] 2017-10-11T02:39:28.897596167Z:              \    \         __/
[STDERR  ] 2017-10-11T02:39:28.897601801Z:               \____\_______/
[STDERR  ] 2017-10-11T02:39:28.89760853Z: 
[STDERR  ] 2017-10-11T02:39:28.897614108Z: [   85.462400] 8021q: adding VLAN 0 to HW filter on device eth0
[STDERR  ] 2017-10-11T02:39:28.897619544Z: eth0: waiting for carrier
[STDERR  ] 2017-10-11T02:39:28.897624988Z: eth0: carrier acquired
[STDERR  ] 2017-10-11T02:39:28.897630585Z: DUID 00:01:00:01:21:70:3e:c5:96:ed:ab:08:68:27
[STDERR  ] 2017-10-11T02:39:28.89763578Z: eth0: IAID ab:08:68:27
[STDERR  ] 2017-10-11T02:39:28.897640985Z: eth0: adding address fe80::2121:315f:3ced:6718
[STDERR  ] 2017-10-11T02:39:28.897646218Z: eth0: soliciting an IPv6 router
[STDERR  ] 2017-10-11T02:39:28.897651315Z: eth0: soliciting a DHCP lease
[STDERR  ] 2017-10-11T02:39:28.89765796Z: eth0: offered 10.0.2.15 from 10.0.2.2
[STDERR  ] 2017-10-11T02:39:28.897663448Z: eth0: leased 10.0.2.15 for 86400 seconds
[STDERR  ] 2017-10-11T02:39:28.89766863Z: eth0: adding route to 10.0.2.0/24
[STDERR  ] 2017-10-11T02:39:28.89767395Z: eth0: adding default route via 10.0.2.2
[STDERR  ] 2017-10-11T02:39:28.8976791Z: exiting due to oneshot
[STDERR  ] 2017-10-11T02:39:28.897684757Z: dhcpcd exited
[STDERR  ] 2017-10-11T02:39:28.89769011Z: [   87.596488] IPVS: Creating netns size=2104 id=1
[STDERR  ] 2017-10-11T02:39:28.897695402Z: [   87.597052] IPVS: ftp: loaded support on port[0] = 21
[STDERR  ] 2017-10-11T02:39:28.897700992Z: 2017/10/11 02:30:32 Creating partition on /dev/sda
[STDERR  ] 2017-10-11T02:39:28.89770623Z: [   89.065360]  sda:
[STDERR  ] 2017-10-11T02:39:28.897711625Z: [   89.132463]  sda:
[STDERR  ] 2017-10-11T02:39:28.89771688Z: [   89.162128]  sda: sda1
[STDERR  ] 2017-10-11T02:39:28.897722534Z: [   89.230693]  sda: sda1
[STDERR  ] 2017-10-11T02:39:28.897727702Z: 2017/10/11 02:30:36 Partition /dev/sda1 successfully created!
[STDERR  ] 2017-10-11T02:39:28.897732875Z: [   92.657826] IPVS: Creating netns size=2104 id=2
[STDERR  ] 2017-10-11T02:39:28.897738098Z: [   92.658130] IPVS: ftp: loaded support on port[0] = 21
[STDERR  ] 2017-10-11T02:39:28.89774322Z: [   94.076105] EXT4-fs (sda1): couldn't mount as ext3 due to feature incompatibilities
[STDERR  ] 2017-10-11T02:39:28.897753017Z: [   94.087505] EXT4-fs (sda1): couldn't mount as ext2 due to feature incompatibilities
[STDERR  ] 2017-10-11T02:39:28.897762535Z: [   94.109840] EXT4-fs (sda1): mounted filesystem with ordered data mode. Opts: (null)
[STDERR  ] 2017-10-11T02:39:28.897768747Z: v1.0.0-beta.1
[STDERR  ] 2017-10-11T02:39:28.89777412Z: 20c621178a5f45938e71afad24df281002aac329
[STDERR  ] 2017-10-11T02:39:28.897779525Z: [   99.711669] random: crng init done
[STDERR  ] 2017-10-11T02:39:28.897784837Z: ðŸ‡© root-test
[STDERR  ] 2017-10-11T02:39:28.897790274Z: [  200.867905] XFS (loop0): Mounting V4 Filesystem
[STDERR  ] 2017-10-11T02:39:28.897795592Z: [  200.915328] XFS (loop0): Ending clean mount
[STDERR  ] 2017-10-11T02:39:28.897800772Z: [  200.975156] XFS (loop0): Unmounting Filesystem
[STDERR  ] 2017-10-11T02:39:28.897809632Z: [  201.642530] XFS (loop0): Mounting V4 Filesystem
[STDERR  ] 2017-10-11T02:39:28.897815143Z: [  201.678340] XFS (loop0): Ending clean mount
[STDERR  ] 2017-10-11T02:39:28.897820494Z: [  201.699272] XFS (loop0): Unmounting Filesystem
[STDERR  ] 2017-10-11T02:39:28.897825728Z: ok  	github.com/containerd/containerd/fs	2.235s
[STDERR  ] 2017-10-11T02:39:28.897831074Z: ok  	github.com/containerd/containerd/metadata	5.871s
[STDERR  ] 2017-10-11T02:39:28.897836365Z: [  452.425176] XFS (loop2): Mounting V5 Filesystem
[STDERR  ] 2017-10-11T02:39:28.897841687Z: [  452.470784] XFS (loop2): Ending clean mount
[STDERR  ] 2017-10-11T02:39:28.897846983Z: [  452.519898] XFS (loop2): Unmounting Filesystem
[STDERR  ] 2017-10-11T02:39:28.8978524Z: ok  	github.com/containerd/containerd/mount/lookup_test	1.261s
[STDERR  ] 2017-10-11T02:39:28.89786078Z: [  495.580371] raid6: sse2x1   gen()   351 MB/s
[STDERR  ] 2017-10-11T02:39:28.897866114Z: [  495.750330] raid6: sse2x1   xor()   167 MB/s
[STDERR  ] 2017-10-11T02:39:28.897872688Z: [  495.920509] raid6: sse2x2   gen()   267 MB/s
[STDERR  ] 2017-10-11T02:39:28.897877954Z: [  496.090493] raid6: sse2x2   xor()   179 MB/s
[STDERR  ] 2017-10-11T02:39:28.897888308Z: [  496.260357] raid6: sse2x4   gen()   328 MB/s
[STDERR  ] 2017-10-11T02:39:28.897893693Z: [  496.430314] raid6: sse2x4   xor()   190 MB/s
[STDERR  ] 2017-10-11T02:39:28.897899277Z: [  496.430781] raid6: using algorithm sse2x1 gen() 351 MB/s
[STDERR  ] 2017-10-11T02:39:28.897904683Z: [  496.431178] raid6: .... xor() 167 MB/s, rmw enabled
