[INFO    ] 2019-05-25T18:24:42.641212236Z: Running Test linuxkit.packages.dhcpcd in /tmp/with_clone10a62716/test/cases/040_packages/004_dhcpcd
[INFO    ] 2019-05-25T18:24:42.641602076Z: Running command: [/bin/sh -x /tmp/with_clone10a62716/test/cases/040_packages/004_dhcpcd/test.sh]
[STDERR  ] 2019-05-25T18:24:42.642778084Z: + set -e
[STDERR  ] 2019-05-25T18:24:42.642936004Z: + . /tmp/with_clone10a62716/test/cases/_lib/lib.sh
[STDERR  ] 2019-05-25T18:24:42.642957590Z: + [ -f src/github.com/linuxkit/rtf/lib/lib.sh ]
[STDERR  ] 2019-05-25T18:24:42.642978116Z: + LINUXKIT_TMPDIR=/tmp/with_clone10a62716/test/cases/_tmp
[STDERR  ] 2019-05-25T18:24:42.643021831Z: + [ -f /tmp/with_clone10a62716/test/cases/_tmp/env.sh ]
[STDERR  ] 2019-05-25T18:24:42.643046058Z: + . /tmp/with_clone10a62716/test/cases/_tmp/env.sh
[STDERR  ] 2019-05-25T18:24:42.643072828Z: + export LINUXKIT_EXAMPLES_DIR=/tmp/with_clone10a62716/test/cases/../../examples
[STDERR  ] 2019-05-25T18:24:42.643104574Z: + RT_CANCEL=253
[STDERR  ] 2019-05-25T18:24:42.643125146Z: + NAME=dhcpcd
[STDERR  ] 2019-05-25T18:24:42.643145027Z: + trap clean_up EXIT
[STDERR  ] 2019-05-25T18:24:42.643168737Z: + linuxkit build -format kernel+initrd -name dhcpcd test.yml
[STDERR  ] 2019-05-25T18:24:42.700619817Z: Extract kernel image: linuxkit/kernel:4.19.42
[STDERR  ] 2019-05-25T18:24:48.059477816Z: Add init containers:
[STDERR  ] 2019-05-25T18:24:48.059588037Z: Process init image: linuxkit/init:v0.7
[STDERR  ] 2019-05-25T18:24:49.859334323Z: Process init image: linuxkit/runc:v0.7
[STDERR  ] 2019-05-25T18:24:51.527417718Z: Add onboot containers:
[STDERR  ] 2019-05-25T18:24:51.527530922Z:   Create OCI config for linuxkit/dhcpcd:v0.7
[STDERR  ] 2019-05-25T18:24:53.083892021Z:   Create OCI config for alpine:3.9
[STDERR  ] 2019-05-25T18:24:54.659619770Z:   Create OCI config for linuxkit/poweroff:b498d30dd9660090565537fceb9e757618737a85
[STDERR  ] 2019-05-25T18:24:56.195662353Z: Add files:
[STDERR  ] 2019-05-25T18:24:56.195756098Z:   check.sh
[STDERR  ] 2019-05-25T18:24:56.195795995Z: Create outputs:
[STDERR  ] 2019-05-25T18:25:02.377671222Z:   dhcpcd-kernel dhcpcd-initrd.img dhcpcd-cmdline
[STDERR  ] 2019-05-25T18:25:02.475790863Z: + linuxkit run dhcpcd
[STDERR  ] 2019-05-25T18:26:00.026530388Z: + RESULT=[    0.000000] Linux version 4.19.42-linuxkit (root@a702d60636c0) (gcc version 8.3.0 (Alpine 8.3.0)) #1 SMP Sun May 12 18:11:23 UTC 2019
[STDERR  ] 2019-05-25T18:26:00.027003204Z: [    0.000000] Command line: console=ttyS0 console=ttyAMA0
[STDERR  ] 2019-05-25T18:26:00.027043627Z: [    0.000000] x86/fpu: x87 FPU will use FXSAVE
[STDERR  ] 2019-05-25T18:26:00.027079411Z: [    0.000000] BIOS-provided physical RAM map:
[STDERR  ] 2019-05-25T18:26:00.027108328Z: [    0.000000] BIOS-e820: [mem 0x0000000000000000-0x000000000009fbff] usable
[STDERR  ] 2019-05-25T18:26:00.027144141Z: [    0.000000] BIOS-e820: [mem 0x000000000009fc00-0x000000000009ffff] reserved
[STDERR  ] 2019-05-25T18:26:00.027194479Z: [    0.000000] BIOS-e820: [mem 0x00000000000f0000-0x00000000000fffff] reserved
[STDERR  ] 2019-05-25T18:26:00.027312956Z: [    0.000000] BIOS-e820: [mem 0x0000000000100000-0x000000003ffdefff] usable
[STDERR  ] 2019-05-25T18:26:00.027360911Z: [    0.000000] BIOS-e820: [mem 0x000000003ffdf000-0x000000003fffffff] reserved
[STDERR  ] 2019-05-25T18:26:00.027422253Z: [    0.000000] BIOS-e820: [mem 0x00000000b0000000-0x00000000bfffffff] reserved
[STDERR  ] 2019-05-25T18:26:00.027472940Z: [    0.000000] BIOS-e820: [mem 0x00000000fed1c000-0x00000000fed1ffff] reserved
[STDERR  ] 2019-05-25T18:26:00.027540763Z: [    0.000000] BIOS-e820: [mem 0x00000000fffc0000-0x00000000ffffffff] reserved
[STDERR  ] 2019-05-25T18:26:00.027588008Z: [    0.000000] NX (Execute Disable) protection: active
[STDERR  ] 2019-05-25T18:26:00.027640231Z: [    0.000000] SMBIOS 2.8 present.
[STDERR  ] 2019-05-25T18:26:00.027687977Z: [    0.000000] DMI: QEMU Standard PC (Q35 + ICH9, 2009), BIOS rel-1.10.2-0-g5f4c7b1-prebuilt.qemu-project.org 04/01/2014
[STDERR  ] 2019-05-25T18:26:00.027754300Z: [    0.000000] tsc: Fast TSC calibration using PIT
[STDERR  ] 2019-05-25T18:26:00.027815559Z: [    0.000000] tsc: Detected 2599.756 MHz processor
[STDERR  ] 2019-05-25T18:26:00.027866990Z: [    0.062041] last_pfn = 0x3ffdf max_arch_pfn = 0x400000000
[STDERR  ] 2019-05-25T18:26:00.027912610Z: [    0.063809] x86/PAT: Configuration [0-7]: WB  WC  UC- UC  WB  WP  UC- WT  
[STDERR  ] 2019-05-25T18:26:00.027963889Z: [    0.121380] found SMP MP-table at [mem 0x000f6aa0-0x000f6aaf]
[STDERR  ] 2019-05-25T18:26:00.028010455Z: [    0.130172] RAMDISK: [mem 0x3de66000-0x3ffcffff]
[STDERR  ] 2019-05-25T18:26:00.028055395Z: [    0.131012] ACPI: Early table checksum verification disabled
[STDERR  ] 2019-05-25T18:26:00.028102741Z: [    0.133238] ACPI: RSDP 0x00000000000F68C0 000014 (v00 BOCHS )
[STDOUT  ] 2019-05-25T18:26:00.028078487Z: [    0.000000] Linux version 4.19.42-linuxkit (root@a702d60636c0) (gcc version 8.3.0 (Alpine 8.3.0)) #1 SMP Sun May 12 18:11:23 UTC 2019
[STDOUT  ] 2019-05-25T18:26:00.028197487Z: [    0.000000] Command line: console=ttyS0 console=ttyAMA0
[STDOUT  ] 2019-05-25T18:26:00.028232073Z: [    0.000000] x86/fpu: x87 FPU will use FXSAVE
[STDOUT  ] 2019-05-25T18:26:00.028471728Z: [    0.000000] BIOS-provided physical RAM map:
[STDOUT  ] 2019-05-25T18:26:00.028498030Z: [    0.000000] BIOS-e820: [mem 0x0000000000000000-0x000000000009fbff] usable
[STDOUT  ] 2019-05-25T18:26:00.028522704Z: [    0.000000] BIOS-e820: [mem 0x000000000009fc00-0x000000000009ffff] reserved
[STDOUT  ] 2019-05-25T18:26:00.028545195Z: [    0.000000] BIOS-e820: [mem 0x00000000000f0000-0x00000000000fffff] reserved
[STDOUT  ] 2019-05-25T18:26:00.028567734Z: [    0.000000] BIOS-e820: [mem 0x0000000000100000-0x000000003ffdefff] usable
[STDOUT  ] 2019-05-25T18:26:00.028589970Z: [    0.000000] BIOS-e820: [mem 0x000000003ffdf000-0x000000003fffffff] reserved
[STDOUT  ] 2019-05-25T18:26:00.028609224Z: [    0.000000] BIOS-e820: [mem 0x00000000b0000000-0x00000000bfffffff] reserved
[STDOUT  ] 2019-05-25T18:26:00.028629962Z: [    0.000000] BIOS-e820: [mem 0x00000000fed1c000-0x00000000fed1ffff] reserved
[STDOUT  ] 2019-05-25T18:26:00.028649862Z: [    0.000000] BIOS-e820: [mem 0x00000000fffc0000-0x00000000ffffffff] reserved
[STDOUT  ] 2019-05-25T18:26:00.028671783Z: [    0.000000] NX (Execute Disable) protection: active
[STDOUT  ] 2019-05-25T18:26:00.028694135Z: [    0.000000] SMBIOS 2.8 present.
[STDOUT  ] 2019-05-25T18:26:00.028723135Z: [    0.000000] DMI: QEMU Standard PC (Q35 + ICH9, 2009), BIOS rel-1.10.2-0-g5f4c7b1-prebuilt.qemu-project.org 04/01/2014
[STDOUT  ] 2019-05-25T18:26:00.028746558Z: [    0.000000] tsc: Fast TSC calibration using PIT
[STDOUT  ] 2019-05-25T18:26:00.028765562Z: [    0.000000] tsc: Detected 2599.756 MHz processor
[STDOUT  ] 2019-05-25T18:26:00.028784778Z: [    0.062041] last_pfn = 0x3ffdf max_arch_pfn = 0x400000000
[STDOUT  ] 2019-05-25T18:26:00.028805818Z: [    0.063809] x86/PAT: Configuration [0-7]: WB  WC  UC- UC  WB  WP  UC- WT  
[STDOUT  ] 2019-05-25T18:26:00.028826013Z: [    0.121380] found SMP MP-table at [mem 0x000f6aa0-0x000f6aaf]
[STDOUT  ] 2019-05-25T18:26:00.028847197Z: [    0.130172] RAMDISK: [mem 0x3de66000-0x3ffcffff]
[STDOUT  ] 2019-05-25T18:26:00.028867947Z: [    0.131012] ACPI: Early table checksum verification disabled
[STDOUT  ] 2019-05-25T18:26:00.028886366Z: [    0.133238] ACPI: RSDP 0x00000000000F68C0 000014 (v00 BOCHS )
[STDOUT  ] 2019-05-25T18:26:00.028904977Z: [    0.133612] ACPI: RSDT 0x000000003FFE2404 000034 (v01 BOCHS  BXPCRSDT 00000001 BXPC 00000001)
[STDOUT  ] 2019-05-25T18:26:00.028933595Z: [    0.134467] ACPI: FACP 0x000000003FFE22A4 000074 (v01 BOCHS  BXPCFACP 00000001 BXPC 00000001)
[STDOUT  ] 2019-05-25T18:26:00.028953944Z: [    0.135238] ACPI: DSDT 0x000000003FFE0040 002264 (v01 BOCHS  BXPCDSDT 00000001 BXPC 00000001)
[STDOUT  ] 2019-05-25T18:26:00.028975452Z: [    0.135392] ACPI: FACS 0x000000003FFE0000 000040
[STDOUT  ] 2019-05-25T18:26:00.028996770Z: [    0.135533] ACPI: APIC 0x000000003FFE2318 000078 (v01 BOCHS  BXPCAPIC 00000001 BXPC 00000001)
[STDOUT  ] 2019-05-25T18:26:00.029017567Z: [    0.135624] ACPI: HPET 0x000000003FFE2390 000038 (v01 BOCHS  BXPCHPET 00000001 BXPC 00000001)
[STDOUT  ] 2019-05-25T18:26:00.029044182Z: [    0.135711] ACPI: MCFG 0x000000003FFE23C8 00003C (v01 BOCHS  BXPCMCFG 00000001 BXPC 00000001)
[STDOUT  ] 2019-05-25T18:26:00.029064767Z: [    0.141898] Zone ranges:
[STDOUT  ] 2019-05-25T18:26:00.029084079Z: [    0.142042]   DMA      [mem 0x0000000000001000-0x0000000000ffffff]
[STDOUT  ] 2019-05-25T18:26:00.029104425Z: [    0.142131]   DMA32    [mem 0x0000000001000000-0x000000003ffdefff]
[STDOUT  ] 2019-05-25T18:26:00.029123647Z: [    0.142176]   Normal   empty
[STDOUT  ] 2019-05-25T18:26:00.029142349Z: [    0.142227]   Device   empty
[STDOUT  ] 2019-05-25T18:26:00.029162645Z: [    0.142273] Movable zone start for each node
[STDOUT  ] 2019-05-25T18:26:00.029183460Z: [    0.142343] Early memory node ranges
[STDOUT  ] 2019-05-25T18:26:00.029202964Z: [    0.142404]   node   0: [mem 0x0000000000001000-0x000000000009efff]
[STDOUT  ] 2019-05-25T18:26:00.029221389Z: [    0.142444]   node   0: [mem 0x0000000000100000-0x000000003ffdefff]
[STDOUT  ] 2019-05-25T18:26:00.029240280Z: [    0.143258] Reserved but unavailable: 98 pages
[STDOUT  ] 2019-05-25T18:26:00.029261127Z: [    0.143491] Initmem setup node 0 [mem 0x0000000000001000-0x000000003ffdefff]
[STDOUT  ] 2019-05-25T18:26:00.029281088Z: [    0.210107] ACPI: PM-Timer IO Port: 0x608
[STDOUT  ] 2019-05-25T18:26:00.029299345Z: [    0.210836] ACPI: LAPIC_NMI (acpi_id[0xff] dfl dfl lint[0x1])
[STDOUT  ] 2019-05-25T18:26:00.029318916Z: [    0.211425] IOAPIC[0]: apic_id 0, version 32, address 0xfec00000, GSI 0-23
[STDOUT  ] 2019-05-25T18:26:00.029340304Z: [    0.211624] ACPI: INT_SRC_OVR (bus 0 bus_irq 0 global_irq 2 dfl dfl)
[STDOUT  ] 2019-05-25T18:26:00.029360567Z: [    0.211985] ACPI: INT_SRC_OVR (bus 0 bus_irq 5 global_irq 5 high level)
[STDOUT  ] 2019-05-25T18:26:00.029382718Z: [    0.212054] ACPI: INT_SRC_OVR (bus 0 bus_irq 9 global_irq 9 high level)
[STDOUT  ] 2019-05-25T18:26:00.029402992Z: [    0.212191] ACPI: INT_SRC_OVR (bus 0 bus_irq 10 global_irq 10 high level)
[STDOUT  ] 2019-05-25T18:26:00.029436900Z: [    0.212229] ACPI: INT_SRC_OVR (bus 0 bus_irq 11 global_irq 11 high level)
[STDERR  ] 2019-05-25T18:26:00.028146055Z: [    0.133612] ACPI: RSDT 0x000000003FFE2404 000034 (v01 BOCHS  BXPCRSDT 00000001 BXPC 00000001)
[STDOUT  ] 2019-05-25T18:26:00.029458174Z: [    0.212635] Using ACPI (MADT) for SMP configuration information
[STDOUT  ] 2019-05-25T18:26:00.029480423Z: [    0.212720] ACPI: HPET id: 0x8086a201 base: 0xfed00000
[STDOUT  ] 2019-05-25T18:26:00.029502288Z: [    0.213279] smpboot: Allowing 1 CPUs, 0 hotplug CPUs
[STDERR  ] 2019-05-25T18:26:00.029485046Z: [    0.134467] ACPI: FACP 0x000000003FFE22A4 000074 (v01 BOCHS  BXPCFACP 00000001 BXPC 00000001)
[STDOUT  ] 2019-05-25T18:26:00.029523267Z: [    0.214393] [mem 0x40000000-0xafffffff] available for PCI devices
[STDOUT  ] 2019-05-25T18:26:00.029545478Z: [    0.214471] Booting paravirtualized kernel on bare hardware
[STDERR  ] 2019-05-25T18:26:00.029533084Z: [    0.135238] ACPI: DSDT 0x000000003FFE0040 002264 (v01 BOCHS  BXPCDSDT 00000001 BXPC 00000001)
[STDOUT  ] 2019-05-25T18:26:00.029566787Z: [    0.214755] clocksource: refined-jiffies: mask: 0xffffffff max_cycles: 0xffffffff, max_idle_ns: 1910969940391419 ns
[STDERR  ] 2019-05-25T18:26:00.029566407Z: [    0.135392] ACPI: FACS 0x000000003FFE0000 000040
[STDOUT  ] 2019-05-25T18:26:00.029589539Z: [    3.726050] random: get_random_bytes called from start_kernel+0x91/0x512 with crng_init=0
[STDOUT  ] 2019-05-25T18:26:00.029620629Z: [    3.727165] setup_percpu: NR_CPUS:128 nr_cpumask_bits:128 nr_cpu_ids:1 nr_node_ids:1
[STDERR  ] 2019-05-25T18:26:00.029599264Z: [    0.135533] ACPI: APIC 0x000000003FFE2318 000078 (v01 BOCHS  BXPCAPIC 00000001 BXPC 00000001)
[STDERR  ] 2019-05-25T18:26:00.029673150Z: [    0.135624] ACPI: HPET 0x000000003FFE2390 000038 (v01 BOCHS  BXPCHPET 00000001 BXPC 00000001)
[STDERR  ] 2019-05-25T18:26:00.029716860Z: [    0.135711] ACPI: MCFG 0x000000003FFE23C8 00003C (v01 BOCHS  BXPCMCFG 00000001 BXPC 00000001)
[STDERR  ] 2019-05-25T18:26:00.029743737Z: [    0.141898] Zone ranges:
[STDERR  ] 2019-05-25T18:26:00.029781666Z: [    0.142042]   DMA      [mem 0x0000000000001000-0x0000000000ffffff]
[STDERR  ] 2019-05-25T18:26:00.029811121Z: [    0.142131]   DMA32    [mem 0x0000000001000000-0x000000003ffdefff]
[STDERR  ] 2019-05-25T18:26:00.029840219Z: [    0.142176]   Normal   empty
[STDERR  ] 2019-05-25T18:26:00.029870256Z: [    0.142227]   Device   empty
[STDERR  ] 2019-05-25T18:26:00.029903523Z: [    0.142273] Movable zone start for each node
[STDERR  ] 2019-05-25T18:26:00.029935092Z: [    0.142343] Early memory node ranges
[STDERR  ] 2019-05-25T18:26:00.029965665Z: [    0.142404]   node   0: [mem 0x0000000000001000-0x000000000009efff]
[STDERR  ] 2019-05-25T18:26:00.030001657Z: [    0.142444]   node   0: [mem 0x0000000000100000-0x000000003ffdefff]
[STDERR  ] 2019-05-25T18:26:00.030030340Z: [    0.143258] Reserved but unavailable: 98 pages
[STDERR  ] 2019-05-25T18:26:00.030064203Z: [    0.143491] Initmem setup node 0 [mem 0x0000000000001000-0x000000003ffdefff]
[STDERR  ] 2019-05-25T18:26:00.030094424Z: [    0.210107] ACPI: PM-Timer IO Port: 0x608
[STDERR  ] 2019-05-25T18:26:00.030125073Z: [    0.210836] ACPI: LAPIC_NMI (acpi_id[0xff] dfl dfl lint[0x1])
[STDERR  ] 2019-05-25T18:26:00.030156266Z: [    0.211425] IOAPIC[0]: apic_id 0, version 32, address 0xfec00000, GSI 0-23
[STDERR  ] 2019-05-25T18:26:00.030184638Z: [    0.211624] ACPI: INT_SRC_OVR (bus 0 bus_irq 0 global_irq 2 dfl dfl)
[STDERR  ] 2019-05-25T18:26:00.030241844Z: [    0.211985] ACPI: INT_SRC_OVR (bus 0 bus_irq 5 global_irq 5 high level)
[STDERR  ] 2019-05-25T18:26:00.030306562Z: [    0.212054] ACPI: INT_SRC_OVR (bus 0 bus_irq 9 global_irq 9 high level)
[STDERR  ] 2019-05-25T18:26:00.030335924Z: [    0.212191] ACPI: INT_SRC_OVR (bus 0 bus_irq 10 global_irq 10 high level)
[STDERR  ] 2019-05-25T18:26:00.030366556Z: [    0.212229] ACPI: INT_SRC_OVR (bus 0 bus_irq 11 global_irq 11 high level)
[STDERR  ] 2019-05-25T18:26:00.030397648Z: [    0.212635] Using ACPI (MADT) for SMP configuration information
[STDERR  ] 2019-05-25T18:26:00.030442314Z: [    0.212720] ACPI: HPET id: 0x8086a201 base: 0xfed00000
[STDERR  ] 2019-05-25T18:26:00.030473092Z: [    0.213279] smpboot: Allowing 1 CPUs, 0 hotplug CPUs
[STDERR  ] 2019-05-25T18:26:00.030504665Z: [    0.214393] [mem 0x40000000-0xafffffff] available for PCI devices
[STDERR  ] 2019-05-25T18:26:00.030536212Z: [    0.214471] Booting paravirtualized kernel on bare hardware
[STDERR  ] 2019-05-25T18:26:00.030564553Z: [    0.214755] clocksource: refined-jiffies: mask: 0xffffffff max_cycles: 0xffffffff, max_idle_ns: 1910969940391419 ns
[STDERR  ] 2019-05-25T18:26:00.030603181Z: [    3.726050] random: get_random_bytes called from start_kernel+0x91/0x512 with crng_init=0
[STDERR  ] 2019-05-25T18:26:00.030632064Z: [    3.727165] setup_percpu: NR_CPUS:128 nr_cpumask_bits:128 nr_cpu_ids:1 nr_node_ids:1
[STDERR  ] 2019-05-25T18:26:00.030659197Z: [    3.736343] percpu: Embedded 45 pages/cpu s145112 r8192 d31016 u2097152
[STDERR  ] 2019-05-25T18:26:00.030690084Z: [    3.739545] Built 1 zonelists, mobility grouping on.  Total pages: 257896
[STDERR  ] 2019-05-25T18:26:00.030719208Z: [    3.739811] Kernel command line: console=ttyS0 console=ttyAMA0
[STDERR  ] 2019-05-25T18:26:00.030746444Z: [    3.744392] Dentry cache hash table entries: 131072 (order: 8, 1048576 bytes)
[STDERR  ] 2019-05-25T18:26:00.030786462Z: [    3.746180] Inode-cache hash table entries: 65536 (order: 7, 524288 bytes)
[STDERR  ] 2019-05-25T18:26:00.030812627Z: [    3.818723] Memory: 967268K/1048052K available (12300K kernel code, 1577K rwdata, 3012K rodata, 1588K init, 2028K bss, 80784K reserved, 0K cma-reserved)
[STDERR  ] 2019-05-25T18:26:00.030845371Z: [    3.826334] ftrace: allocating 43068 entries in 169 pages
[STDERR  ] 2019-05-25T18:26:00.030872915Z: [    4.297540] rcu: Hierarchical RCU implementation.
[STDERR  ] 2019-05-25T18:26:00.030902008Z: [    4.297795] rcu: 	RCU restricting CPUs from NR_CPUS=128 to nr_cpu_ids=1.
[STDERR  ] 2019-05-25T18:26:00.030928455Z: [    4.297945] rcu: Adjusting geometry for rcu_fanout_leaf=16, nr_cpu_ids=1
[STDERR  ] 2019-05-25T18:26:00.030962601Z: [    4.360320] NR_IRQS: 8448, nr_irqs: 256, preallocated irqs: 16
[STDERR  ] 2019-05-25T18:26:00.030988292Z: [    4.374776] Console: colour VGA+ 80x25
[STDERR  ] 2019-05-25T18:26:00.031013131Z: [    4.422369] console [ttyS0] enabled
[STDERR  ] 2019-05-25T18:26:00.031040022Z: [    4.423213] ACPI: Core revision 20180810
[STDERR  ] 2019-05-25T18:26:00.031065668Z: [    4.432352] clocksource: hpet: mask: 0xffffffff max_cycles: 0xffffffff, max_idle_ns: 19112604467 ns
[STDERR  ] 2019-05-25T18:26:00.031091696Z: [    4.440179] APIC: Switch to symmetric I/O mode setup
[STDERR  ] 2019-05-25T18:26:00.031123203Z: [    4.447573] ..TIMER: vector=0x30 apic1=0 pin1=2 apic2=-1 pin2=-1
[STDERR  ] 2019-05-25T18:26:00.031149808Z: [    4.453957] clocksource: tsc-early: mask: 0xffffffffffffffff max_cycles: 0x257955c8256, max_idle_ns: 440795327963 ns
[STDERR  ] 2019-05-25T18:26:00.031175721Z: [    4.458615] Calibrating delay loop (skipped), value calculated using timer frequency.. 5199.51 BogoMIPS (lpj=2599756)
[STDERR  ] 2019-05-25T18:26:00.031200686Z: [    4.459257] pid_max: default: 32768 minimum: 301
[STDERR  ] 2019-05-25T18:26:00.031234879Z: [    4.464264] Security Framework initialized
[STDERR  ] 2019-05-25T18:26:00.031264521Z: [    4.464872] Yama: becoming mindful.
[STDERR  ] 2019-05-25T18:26:00.031293504Z: [    4.467519] Mount-cache hash table entries: 2048 (order: 2, 16384 bytes)
[STDERR  ] 2019-05-25T18:26:00.031321801Z: [    4.468227] Mountpoint-cache hash table entries: 2048 (order: 2, 16384 bytes)
[STDERR  ] 2019-05-25T18:26:00.031352560Z: [    4.493941] Last level iTLB entries: 4KB 0, 2MB 0, 4MB 0
[STDERR  ] 2019-05-25T18:26:00.031382952Z: [    4.494206] Last level dTLB entries: 4KB 0, 2MB 0, 4MB 0, 1GB 0
[STDERR  ] 2019-05-25T18:26:00.031430950Z: [    4.496323] Spectre V2 : Spectre mitigation: LFENCE not serializing, switching to generic retpoline
[STDERR  ] 2019-05-25T18:26:00.031461222Z: [    4.497199] Spectre V2 : Mitigation: Full generic retpoline
[STDERR  ] 2019-05-25T18:26:00.031489636Z: [    4.498176] Spectre V2 : Spectre v2 / SpectreRSB mitigation: Filling RSB on context switch
[STDERR  ] 2019-05-25T18:26:00.031520927Z: [    4.499348] Speculative Store Bypass: Vulnerable
[STDERR  ] 2019-05-25T18:26:00.031550610Z: [    4.697460] random: fast init done
[STDERR  ] 2019-05-25T18:26:00.031581408Z: [    4.902194] Freeing SMP alternatives memory: 20K
[STDERR  ] 2019-05-25T18:26:00.031614708Z: [    4.928104] smpboot: CPU0: AMD QEMU Virtual CPU version 2.5+ (family: 0x6, model: 0x6, stepping: 0x3)
[STDERR  ] 2019-05-25T18:26:00.031644160Z: [    4.937840] Performance Events: PMU not available due to virtualization, using software events only.
[STDERR  ] 2019-05-25T18:26:00.031673574Z: [    4.941887] rcu: Hierarchical SRCU implementation.
[STDERR  ] 2019-05-25T18:26:00.031704927Z: [    4.948631] NMI watchdog: Perf NMI watchdog permanently disabled
[STDERR  ] 2019-05-25T18:26:00.031733924Z: [    4.953599] smp: Bringing up secondary CPUs ...
[STDERR  ] 2019-05-25T18:26:00.031762904Z: [    4.954215] smp: Brought up 1 node, 1 CPU
[STDERR  ] 2019-05-25T18:26:00.031793069Z: [    4.954699] smpboot: Max logical packages: 1
[STDERR  ] 2019-05-25T18:26:00.031823638Z: [    4.955223] smpboot: Total of 1 processors activated (5199.51 BogoMIPS)
[STDERR  ] 2019-05-25T18:26:00.031863080Z: [    4.974726] devtmpfs: initialized
[STDERR  ] 2019-05-25T18:26:00.031902104Z: [    4.981703] x86/mm: Memory block size: 128MB
[STDERR  ] 2019-05-25T18:26:00.031931927Z: [    4.992783] clocksource: jiffies: mask: 0xffffffff max_cycles: 0xffffffff, max_idle_ns: 1911260446275000 ns
[STDERR  ] 2019-05-25T18:26:00.031961047Z: [    4.993339] futex hash table entries: 256 (order: 2, 16384 bytes)
[STDERR  ] 2019-05-25T18:26:00.032011129Z: [    5.010368] NET: Registered protocol family 16
[STDERR  ] 2019-05-25T18:26:00.032048939Z: [    5.015585] audit: initializing netlink subsys (disabled)
[STDERR  ] 2019-05-25T18:26:00.032083426Z: [    5.021597] audit: type=2000 audit(1558808707.577:1): state=initialized audit_enabled=0 res=1
[STDERR  ] 2019-05-25T18:26:00.032122694Z: [    5.024954] cpuidle: using governor ladder
[STDERR  ] 2019-05-25T18:26:00.032163567Z: [    5.025299] cpuidle: using governor menu
[STDERR  ] 2019-05-25T18:26:00.032194850Z: [    5.028168] ACPI: bus type PCI registered
[STDERR  ] 2019-05-25T18:26:00.032240251Z: [    5.032464] PCI: MMCONFIG for domain 0000 [bus 00-ff] at [mem 0xb0000000-0xbfffffff] (base 0xb0000000)
[STDERR  ] 2019-05-25T18:26:00.032268042Z: [    5.033359] PCI: MMCONFIG at [mem 0xb0000000-0xbfffffff] reserved in E820
[STDERR  ] 2019-05-25T18:26:00.032296111Z: [    5.035297] PCI: Using configuration type 1 for base access
[STDERR  ] 2019-05-25T18:26:00.032321250Z: [    5.112317] HugeTLB registered 2.00 MiB page size, pre-allocated 0 pages
[STDERR  ] 2019-05-25T18:26:00.032347091Z: [    5.118296] cryptd: max_cpu_qlen set to 1000
[STDERR  ] 2019-05-25T18:26:00.032372283Z: [    5.124614] ACPI: Added _OSI(Module Device)
[STDERR  ] 2019-05-25T18:26:00.032397256Z: [    5.125176] ACPI: Added _OSI(Processor Device)
[STDERR  ] 2019-05-25T18:26:00.032436132Z: [    5.125650] ACPI: Added _OSI(3.0 _SCP Extensions)
[STDERR  ] 2019-05-25T18:26:00.032462274Z: [    5.126161] ACPI: Added _OSI(Processor Aggregator Device)
[STDERR  ] 2019-05-25T18:26:00.032487683Z: [    5.127201] ACPI: Added _OSI(Linux-Dell-Video)
[STDERR  ] 2019-05-25T18:26:00.032512963Z: [    5.127668] ACPI: Added _OSI(Linux-Lenovo-NV-HDMI-Audio)
[STDERR  ] 2019-05-25T18:26:00.032538736Z: [    5.182698] ACPI: 1 ACPI AML tables successfully acquired and loaded
[STDERR  ] 2019-05-25T18:26:00.032563615Z: [    5.223679] ACPI: Interpreter enabled
[STDERR  ] 2019-05-25T18:26:00.032589416Z: [    5.224752] ACPI: (supports S0 S5)
[STDERR  ] 2019-05-25T18:26:00.032614860Z: [    5.225201] ACPI: Using IOAPIC for interrupt routing
[STDERR  ] 2019-05-25T18:26:00.032640101Z: [    5.227864] PCI: Using host bridge windows from ACPI; if necessary, use "pci=nocrs" and report a bug
[STDERR  ] 2019-05-25T18:26:00.032666172Z: [    5.232104] ACPI: Enabled 2 GPEs in block 00 to 3F
[STDERR  ] 2019-05-25T18:26:00.032692547Z: [    5.314104] ACPI: PCI Root Bridge [PCI0] (domain 0000 [bus 00-ff])
[STDERR  ] 2019-05-25T18:26:00.032718387Z: [    5.315947] acpi PNP0A08:00: _OSC: OS supports [ExtendedConfig ASPM ClockPM Segments MSI]
[STDERR  ] 2019-05-25T18:26:00.032747848Z: [    5.323386] acpi PNP0A08:00: _OSC: platform does not support [SHPCHotplug LTR]
[STDERR  ] 2019-05-25T18:26:00.032781786Z: [    5.328220] acpi PNP0A08:00: _OSC: OS now controls [PCIeHotplug PME PCIeCapability]
[STDERR  ] 2019-05-25T18:26:00.032808669Z: [    5.333819] PCI host bridge to bus 0000:00
[STDERR  ] 2019-05-25T18:26:00.032834734Z: [    5.334376] pci_bus 0000:00: root bus resource [io  0x0000-0x0cf7 window]
[STDERR  ] 2019-05-25T18:26:00.032860160Z: [    5.335182] pci_bus 0000:00: root bus resource [io  0x0d00-0xffff window]
[STDERR  ] 2019-05-25T18:26:00.032884923Z: [    5.336165] pci_bus 0000:00: root bus resource [mem 0x000a0000-0x000bffff window]
[STDERR  ] 2019-05-25T18:26:00.032912076Z: [    5.336913] pci_bus 0000:00: root bus resource [mem 0xc0000000-0xfebfffff window]
[STDERR  ] 2019-05-25T18:26:00.032941044Z: [    5.338220] pci_bus 0000:00: root bus resource [bus 00-ff]
[STDERR  ] 2019-05-25T18:26:00.032970594Z: [    5.408960] pci 0000:00:1f.0: quirk: [io  0x0600-0x067f] claimed by ICH6 ACPI/GPIO/TCO
[STDERR  ] 2019-05-25T18:26:00.033001626Z: [    5.467227] ACPI: PCI Interrupt Link [LNKA] (IRQs 5 *10 11)
[STDERR  ] 2019-05-25T18:26:00.033027592Z: [    5.470992] ACPI: PCI Interrupt Link [LNKB] (IRQs 5 *10 11)
[STDERR  ] 2019-05-25T18:26:00.033055024Z: [    5.474389] ACPI: PCI Interrupt Link [LNKC] (IRQs 5 10 *11)
[STDERR  ] 2019-05-25T18:26:00.033079703Z: [    5.477612] ACPI: PCI Interrupt Link [LNKD] (IRQs 5 10 *11)
[STDERR  ] 2019-05-25T18:26:00.033114395Z: [    5.480913] ACPI: PCI Interrupt Link [LNKE] (IRQs 5 *10 11)
[STDERR  ] 2019-05-25T18:26:00.033140217Z: [    5.483841] ACPI: PCI Interrupt Link [LNKF] (IRQs 5 *10 11)
[STDERR  ] 2019-05-25T18:26:00.033166507Z: [    5.486353] ACPI: PCI Interrupt Link [LNKG] (IRQs 5 10 *11)
[STDERR  ] 2019-05-25T18:26:00.033206515Z: [    5.488563] ACPI: PCI Interrupt Link [LNKH] (IRQs 5 10 *11)
[STDERR  ] 2019-05-25T18:26:00.033237131Z: [    5.489576] ACPI: PCI Interrupt Link [GSIA] (IRQs *16)
[STDERR  ] 2019-05-25T18:26:00.033261457Z: [    5.490413] ACPI: PCI Interrupt Link [GSIB] (IRQs *17)
[STDERR  ] 2019-05-25T18:26:00.033283262Z: [    5.491404] ACPI: PCI Interrupt Link [GSIC] (IRQs *18)
[STDERR  ] 2019-05-25T18:26:00.033304214Z: [    5.492395] ACPI: PCI Interrupt Link [GSID] (IRQs *19)
[STDERR  ] 2019-05-25T18:26:00.033324916Z: [    5.493404] ACPI: PCI Interrupt Link [GSIE] (IRQs *20)
[STDERR  ] 2019-05-25T18:26:00.033352372Z: [    5.494457] ACPI: PCI Interrupt Link [GSIF] (IRQs *21)
[STDERR  ] 2019-05-25T18:26:00.033380355Z: [    5.495409] ACPI: PCI Interrupt Link [GSIG] (IRQs *22)
[STDERR  ] 2019-05-25T18:26:00.033419807Z: [    5.496394] ACPI: PCI Interrupt Link [GSIH] (IRQs *23)
[STDERR  ] 2019-05-25T18:26:00.033445079Z: [    5.506424] SCSI subsystem initialized
[STDERR  ] 2019-05-25T18:26:00.033472935Z: [    5.509743] ACPI: bus type USB registered
[STDERR  ] 2019-05-25T18:26:00.033499691Z: [    5.511413] usbcore: registered new interface driver usbfs
[STDERR  ] 2019-05-25T18:26:00.033528467Z: [    5.512526] usbcore: registered new interface driver hub
[STDERR  ] 2019-05-25T18:26:00.033555644Z: [    5.513595] usbcore: registered new device driver usb
[STDERR  ] 2019-05-25T18:26:00.033580686Z: [    5.514837] pps_core: LinuxPPS API ver. 1 registered
[STDERR  ] 2019-05-25T18:26:00.033607831Z: [    5.515153] pps_core: Software ver. 5.3.6 - Copyright 2005-2007 Rodolfo Giometti <giometti@linux.it>
[STDERR  ] 2019-05-25T18:26:00.033634043Z: [    5.516308] PTP clock support registered
[STDERR  ] 2019-05-25T18:26:00.033659655Z: [    5.519673] PCI: Using ACPI for IRQ routing
[STDERR  ] 2019-05-25T18:26:00.033686999Z: [    5.542693] NetLabel: Initializing
[STDERR  ] 2019-05-25T18:26:00.033713938Z: [    5.543163] NetLabel:  domain hash size = 128
[STDERR  ] 2019-05-25T18:26:00.033739608Z: [    5.543752] NetLabel:  protocols = UNLABELED CIPSOv4 CALIPSO
[STDERR  ] 2019-05-25T18:26:00.033766273Z: [    5.547011] NetLabel:  unlabeled traffic allowed by default
[STDERR  ] 2019-05-25T18:26:00.033803230Z: [    5.548745] HPET: 3 timers in total, 0 timers will be used for per-cpu timer
[STDERR  ] 2019-05-25T18:26:00.033838411Z: [    5.550183] hpet0: at MMIO 0xfed00000, IRQs 2, 8, 0
[STDERR  ] 2019-05-25T18:26:00.033864521Z: [    5.550965] hpet0: 3 comparators, 64-bit 100.000000 MHz counter
[STDERR  ] 2019-05-25T18:26:00.033889880Z: [    5.555906] clocksource: Switched to clocksource tsc-early
[STDERR  ] 2019-05-25T18:26:00.033915255Z: [    6.016511] VFS: Disk quotas dquot_6.6.0
[STDERR  ] 2019-05-25T18:26:00.033940885Z: [    6.017910] VFS: Dquot-cache hash table entries: 512 (order 0, 4096 bytes)
[STDERR  ] 2019-05-25T18:26:00.033966059Z: [    6.022013] FS-Cache: Loaded
[STDERR  ] 2019-05-25T18:26:00.033996404Z: [    6.029484] CacheFiles: Loaded
[STDERR  ] 2019-05-25T18:26:00.034021651Z: [    6.031105] pnp: PnP ACPI init
[STDERR  ] 2019-05-25T18:26:00.034047709Z: [    6.045708] pnp: PnP ACPI: found 5 devices
[STDERR  ] 2019-05-25T18:26:00.034072471Z: [    6.108493] clocksource: acpi_pm: mask: 0xffffff max_cycles: 0xffffff, max_idle_ns: 2085701024 ns
[STDERR  ] 2019-05-25T18:26:00.034106620Z: [    6.113634] NET: Registered protocol family 2
[STDERR  ] 2019-05-25T18:26:00.034138104Z: [    6.127400] tcp_listen_portaddr_hash hash table entries: 512 (order: 1, 8192 bytes)
[STDERR  ] 2019-05-25T18:26:00.034163406Z: [    6.128944] TCP established hash table entries: 8192 (order: 4, 65536 bytes)
[STDERR  ] 2019-05-25T18:26:00.034189451Z: [    6.130533] TCP bind hash table entries: 8192 (order: 5, 131072 bytes)
[STDERR  ] 2019-05-25T18:26:00.034222232Z: [    6.131708] TCP: Hash tables configured (established 8192 bind 8192)
[STDOUT  ] 2019-05-25T18:26:00.029648540Z: [    3.736343] percpu: Embedded 45 pages/cpu s145112 r8192 d31016 u2097152
[STDERR  ] 2019-05-25T18:26:00.034338221Z: [    6.134761] UDP hash table entries: 512 (order: 2, 16384 bytes)
[STDERR  ] 2019-05-25T18:26:00.034489078Z: [    6.135959] UDP-Lite hash table entries: 512 (order: 2, 16384 bytes)
[STDERR  ] 2019-05-25T18:26:00.034516438Z: [    6.139859] NET: Registered protocol family 1
[STDOUT  ] 2019-05-25T18:26:00.034386952Z: [    3.739545] Built 1 zonelists, mobility grouping on.  Total pages: 257896
[STDOUT  ] 2019-05-25T18:26:00.034577183Z: [    3.739811] Kernel command line: console=ttyS0 console=ttyAMA0
[STDOUT  ] 2019-05-25T18:26:00.034624591Z: [    3.744392] Dentry cache hash table entries: 131072 (order: 8, 1048576 bytes)
[STDOUT  ] 2019-05-25T18:26:00.034644902Z: [    3.746180] Inode-cache hash table entries: 65536 (order: 7, 524288 bytes)
[STDOUT  ] 2019-05-25T18:26:00.034667771Z: [    3.818723] Memory: 967268K/1048052K available (12300K kernel code, 1577K rwdata, 3012K rodata, 1588K init, 2028K bss, 80784K reserved, 0K cma-reserved)
[STDOUT  ] 2019-05-25T18:26:00.034705690Z: [    3.826334] ftrace: allocating 43068 entries in 169 pages
[STDOUT  ] 2019-05-25T18:26:00.034724943Z: [    4.297540] rcu: Hierarchical RCU implementation.
[STDOUT  ] 2019-05-25T18:26:00.034749967Z: [    4.297795] rcu: 	RCU restricting CPUs from NR_CPUS=128 to nr_cpu_ids=1.
[STDOUT  ] 2019-05-25T18:26:00.034768825Z: [    4.297945] rcu: Adjusting geometry for rcu_fanout_leaf=16, nr_cpu_ids=1
[STDOUT  ] 2019-05-25T18:26:00.034787676Z: [    4.360320] NR_IRQS: 8448, nr_irqs: 256, preallocated irqs: 16
[STDOUT  ] 2019-05-25T18:26:00.034806374Z: [    4.374776] Console: colour VGA+ 80x25
[STDERR  ] 2019-05-25T18:26:00.034573691Z: [    6.141074] NET: Registered protocol family 44
[STDOUT  ] 2019-05-25T18:26:00.034825120Z: [    4.422369] console [ttyS0] enabled
[STDERR  ] 2019-05-25T18:26:00.034830163Z: [    6.142450] pci 0000:00:01.0: Video device with shadowed ROM at [mem 0x000c0000-0x000dffff]
[STDERR  ] 2019-05-25T18:26:00.034866093Z: [    6.155414] Trying to unpack rootfs image as initramfs...
[STDERR  ] 2019-05-25T18:26:00.034912791Z: [   11.938895] Freeing initrd memory: 34216K
[STDOUT  ] 2019-05-25T18:26:00.034844808Z: [    4.423213] ACPI: Core revision 20180810
[STDOUT  ] 2019-05-25T18:26:00.034956621Z: [    4.432352] clocksource: hpet: mask: 0xffffffff max_cycles: 0xffffffff, max_idle_ns: 19112604467 ns
[STDERR  ] 2019-05-25T18:26:00.034939175Z: [   11.973090] PCLMULQDQ-NI instructions are not detected.
[STDOUT  ] 2019-05-25T18:26:00.034976670Z: [    4.440179] APIC: Switch to symmetric I/O mode setup
[STDOUT  ] 2019-05-25T18:26:00.034996689Z: [    4.447573] ..TIMER: vector=0x30 apic1=0 pin1=2 apic2=-1 pin2=-1
[STDOUT  ] 2019-05-25T18:26:00.035022302Z: [    4.453957] clocksource: tsc-early: mask: 0xffffffffffffffff max_cycles: 0x257955c8256, max_idle_ns: 440795327963 ns
[STDOUT  ] 2019-05-25T18:26:00.035043799Z: [    4.458615] Calibrating delay loop (skipped), value calculated using timer frequency.. 5199.51 BogoMIPS (lpj=2599756)
[STDOUT  ] 2019-05-25T18:26:00.035061958Z: [    4.459257] pid_max: default: 32768 minimum: 301
[STDERR  ] 2019-05-25T18:26:00.034994875Z: [   11.975127] AVX or AES-NI instructions are not detected.
[STDERR  ] 2019-05-25T18:26:00.035093893Z: [   11.975964] CPU feature 'AVX registers' is not supported.
[STDERR  ] 2019-05-25T18:26:00.035119886Z: [   11.976658] CPU feature 'AVX registers' is not supported.
[STDOUT  ] 2019-05-25T18:26:00.035081525Z: [    4.464264] Security Framework initialized
[STDERR  ] 2019-05-25T18:26:00.035166843Z: [   11.977315] CPU feature 'AVX registers' is not supported.
[STDERR  ] 2019-05-25T18:26:00.035255993Z: [   11.977783] CPU feature 'AVX registers' is not supported.
[STDOUT  ] 2019-05-25T18:26:00.035189955Z: [    4.464872] Yama: becoming mindful.
[STDERR  ] 2019-05-25T18:26:00.035287843Z: [   11.978375] AVX2 or AES-NI instructions are not detected.
[STDERR  ] 2019-05-25T18:26:00.035354913Z: [   11.978855] AVX2 instructions are not detected.
[STDOUT  ] 2019-05-25T18:26:00.035334469Z: [    4.467519] Mount-cache hash table entries: 2048 (order: 2, 16384 bytes)
[STDERR  ] 2019-05-25T18:26:00.035440177Z: [   11.992199] workingset: timestamp_bits=46 max_order=18 bucket_order=0
[STDERR  ] 2019-05-25T18:26:00.035484514Z: [   11.999938] squashfs: version 4.0 (2009/01/31) Phillip Lougher
[STDOUT  ] 2019-05-25T18:26:00.035530398Z: [    4.468227] Mountpoint-cache hash table entries: 2048 (order: 2, 16384 bytes)
[STDOUT  ] 2019-05-25T18:26:00.035558286Z: [    4.493941] Last level iTLB entries: 4KB 0, 2MB 0, 4MB 0
[STDOUT  ] 2019-05-25T18:26:00.035576921Z: [    4.494206] Last level dTLB entries: 4KB 0, 2MB 0, 4MB 0, 1GB 0
[STDOUT  ] 2019-05-25T18:26:00.035595728Z: [    4.496323] Spectre V2 : Spectre mitigation: LFENCE not serializing, switching to generic retpoline
[STDOUT  ] 2019-05-25T18:26:00.035614081Z: [    4.497199] Spectre V2 : Mitigation: Full generic retpoline
[STDOUT  ] 2019-05-25T18:26:00.035639282Z: [    4.498176] Spectre V2 : Spectre v2 / SpectreRSB mitigation: Filling RSB on context switch
[STDOUT  ] 2019-05-25T18:26:00.035658815Z: [    4.499348] Speculative Store Bypass: Vulnerable
[STDOUT  ] 2019-05-25T18:26:00.035677557Z: [    4.697460] random: fast init done
[STDERR  ] 2019-05-25T18:26:00.035545005Z: [   12.004006] FS-Cache: Netfs 'cifs' registered for caching
[STDOUT  ] 2019-05-25T18:26:00.035697638Z: [    4.902194] Freeing SMP alternatives memory: 20K
[STDERR  ] 2019-05-25T18:26:00.035702409Z: [   12.005735] fuse init (API version 7.27)
[STDERR  ] 2019-05-25T18:26:00.035762736Z: [   12.008806] SGI XFS with ACLs, security attributes, no debug enabled
[STDOUT  ] 2019-05-25T18:26:00.035718907Z: [    4.928104] smpboot: CPU0: AMD QEMU Virtual CPU version 2.5+ (family: 0x6, model: 0x6, stepping: 0x3)
[STDOUT  ] 2019-05-25T18:26:00.035826876Z: [    4.937840] Performance Events: PMU not available due to virtualization, using software events only.
[STDERR  ] 2019-05-25T18:26:00.035794492Z: [   12.014292] 9p: Installing v9fs 9p2000 file system support
[STDOUT  ] 2019-05-25T18:26:00.035845328Z: [    4.941887] rcu: Hierarchical SRCU implementation.
[STDOUT  ] 2019-05-25T18:26:00.035870873Z: [    4.948631] NMI watchdog: Perf NMI watchdog permanently disabled
[STDOUT  ] 2019-05-25T18:26:00.035889356Z: [    4.953599] smp: Bringing up secondary CPUs ...
[STDOUT  ] 2019-05-25T18:26:00.035914425Z: [    4.954215] smp: Brought up 1 node, 1 CPU
[STDERR  ] 2019-05-25T18:26:00.035856596Z: [   12.015073] FS-Cache: Netfs '9p' registered for caching
[STDERR  ] 2019-05-25T18:26:00.035987149Z: [   12.016051] pstore: using deflate compression
[STDERR  ] 2019-05-25T18:26:00.036037112Z: [   12.074362] NET: Registered protocol family 38
[STDOUT  ] 2019-05-25T18:26:00.035934172Z: [    4.954699] smpboot: Max logical packages: 1
[STDOUT  ] 2019-05-25T18:26:00.036118880Z: [    4.955223] smpboot: Total of 1 processors activated (5199.51 BogoMIPS)
[STDOUT  ] 2019-05-25T18:26:00.036181833Z: [    4.974726] devtmpfs: initialized
[STDOUT  ] 2019-05-25T18:26:00.036207195Z: [    4.981703] x86/mm: Memory block size: 128MB
[STDOUT  ] 2019-05-25T18:26:00.036226383Z: [    4.992783] clocksource: jiffies: mask: 0xffffffff max_cycles: 0xffffffff, max_idle_ns: 1911260446275000 ns
[STDOUT  ] 2019-05-25T18:26:00.036249238Z: [    4.993339] futex hash table entries: 256 (order: 2, 16384 bytes)
[STDOUT  ] 2019-05-25T18:26:00.036270570Z: [    5.010368] NET: Registered protocol family 16
[STDOUT  ] 2019-05-25T18:26:00.036293296Z: [    5.015585] audit: initializing netlink subsys (disabled)
[STDOUT  ] 2019-05-25T18:26:00.036312189Z: [    5.021597] audit: type=2000 audit(1558808707.577:1): state=initialized audit_enabled=0 res=1
[STDOUT  ] 2019-05-25T18:26:00.036357554Z: [    5.024954] cpuidle: using governor ladder
[STDOUT  ] 2019-05-25T18:26:00.036376030Z: [    5.025299] cpuidle: using governor menu
[STDOUT  ] 2019-05-25T18:26:00.036394743Z: [    5.028168] ACPI: bus type PCI registered
[STDOUT  ] 2019-05-25T18:26:00.036426615Z: [    5.032464] PCI: MMCONFIG for domain 0000 [bus 00-ff] at [mem 0xb0000000-0xbfffffff] (base 0xb0000000)
[STDOUT  ] 2019-05-25T18:26:00.036446343Z: [    5.033359] PCI: MMCONFIG at [mem 0xb0000000-0xbfffffff] reserved in E820
[STDOUT  ] 2019-05-25T18:26:00.036465744Z: [    5.035297] PCI: Using configuration type 1 for base access
[STDOUT  ] 2019-05-25T18:26:00.036491862Z: [    5.112317] HugeTLB registered 2.00 MiB page size, pre-allocated 0 pages
[STDOUT  ] 2019-05-25T18:26:00.036511569Z: [    5.118296] cryptd: max_cpu_qlen set to 1000
[STDOUT  ] 2019-05-25T18:26:00.036530305Z: [    5.124614] ACPI: Added _OSI(Module Device)
[STDOUT  ] 2019-05-25T18:26:00.036548317Z: [    5.125176] ACPI: Added _OSI(Processor Device)
[STDOUT  ] 2019-05-25T18:26:00.036566651Z: [    5.125650] ACPI: Added _OSI(3.0 _SCP Extensions)
[STDOUT  ] 2019-05-25T18:26:00.036585441Z: [    5.126161] ACPI: Added _OSI(Processor Aggregator Device)
[STDOUT  ] 2019-05-25T18:26:00.036622149Z: [    5.127201] ACPI: Added _OSI(Linux-Dell-Video)
[STDOUT  ] 2019-05-25T18:26:00.036641590Z: [    5.127668] ACPI: Added _OSI(Linux-Lenovo-NV-HDMI-Audio)
[STDOUT  ] 2019-05-25T18:26:00.036661048Z: [    5.182698] ACPI: 1 ACPI AML tables successfully acquired and loaded
[STDOUT  ] 2019-05-25T18:26:00.036680298Z: [    5.223679] ACPI: Interpreter enabled
[STDOUT  ] 2019-05-25T18:26:00.036699632Z: [    5.224752] ACPI: (supports S0 S5)
[STDOUT  ] 2019-05-25T18:26:00.036719329Z: [    5.225201] ACPI: Using IOAPIC for interrupt routing
[STDOUT  ] 2019-05-25T18:26:00.036737854Z: [    5.227864] PCI: Using host bridge windows from ACPI; if necessary, use "pci=nocrs" and report a bug
[STDOUT  ] 2019-05-25T18:26:00.036755724Z: [    5.232104] ACPI: Enabled 2 GPEs in block 00 to 3F
[STDOUT  ] 2019-05-25T18:26:00.036778607Z: [    5.314104] ACPI: PCI Root Bridge [PCI0] (domain 0000 [bus 00-ff])
[STDOUT  ] 2019-05-25T18:26:00.036799005Z: [    5.315947] acpi PNP0A08:00: _OSC: OS supports [ExtendedConfig ASPM ClockPM Segments MSI]
[STDOUT  ] 2019-05-25T18:26:00.036819097Z: [    5.323386] acpi PNP0A08:00: _OSC: platform does not support [SHPCHotplug LTR]
[STDOUT  ] 2019-05-25T18:26:00.036838020Z: [    5.328220] acpi PNP0A08:00: _OSC: OS now controls [PCIeHotplug PME PCIeCapability]
[STDOUT  ] 2019-05-25T18:26:00.036857996Z: [    5.333819] PCI host bridge to bus 0000:00
[STDOUT  ] 2019-05-25T18:26:00.036876145Z: [    5.334376] pci_bus 0000:00: root bus resource [io  0x0000-0x0cf7 window]
[STDOUT  ] 2019-05-25T18:26:00.036894493Z: [    5.335182] pci_bus 0000:00: root bus resource [io  0x0d00-0xffff window]
[STDOUT  ] 2019-05-25T18:26:00.036915733Z: [    5.336165] pci_bus 0000:00: root bus resource [mem 0x000a0000-0x000bffff window]
[STDOUT  ] 2019-05-25T18:26:00.036935296Z: [    5.336913] pci_bus 0000:00: root bus resource [mem 0xc0000000-0xfebfffff window]
[STDOUT  ] 2019-05-25T18:26:00.036954124Z: [    5.338220] pci_bus 0000:00: root bus resource [bus 00-ff]
[STDOUT  ] 2019-05-25T18:26:00.036973307Z: [    5.408960] pci 0000:00:1f.0: quirk: [io  0x0600-0x067f] claimed by ICH6 ACPI/GPIO/TCO
[STDOUT  ] 2019-05-25T18:26:00.036992333Z: [    5.467227] ACPI: PCI Interrupt Link [LNKA] (IRQs 5 *10 11)
[STDOUT  ] 2019-05-25T18:26:00.037012337Z: [    5.470992] ACPI: PCI Interrupt Link [LNKB] (IRQs 5 *10 11)
[STDOUT  ] 2019-05-25T18:26:00.037031093Z: [    5.474389] ACPI: PCI Interrupt Link [LNKC] (IRQs 5 10 *11)
[STDOUT  ] 2019-05-25T18:26:00.037052999Z: [    5.477612] ACPI: PCI Interrupt Link [LNKD] (IRQs 5 10 *11)
[STDOUT  ] 2019-05-25T18:26:00.037070839Z: [    5.480913] ACPI: PCI Interrupt Link [LNKE] (IRQs 5 *10 11)
[STDOUT  ] 2019-05-25T18:26:00.037089282Z: [    5.483841] ACPI: PCI Interrupt Link [LNKF] (IRQs 5 *10 11)
[STDOUT  ] 2019-05-25T18:26:00.037108643Z: [    5.486353] ACPI: PCI Interrupt Link [LNKG] (IRQs 5 10 *11)
[STDOUT  ] 2019-05-25T18:26:00.037134786Z: [    5.488563] ACPI: PCI Interrupt Link [LNKH] (IRQs 5 10 *11)
[STDOUT  ] 2019-05-25T18:26:00.037154277Z: [    5.489576] ACPI: PCI Interrupt Link [GSIA] (IRQs *16)
[STDOUT  ] 2019-05-25T18:26:00.037172526Z: [    5.490413] ACPI: PCI Interrupt Link [GSIB] (IRQs *17)
[STDOUT  ] 2019-05-25T18:26:00.037192357Z: [    5.491404] ACPI: PCI Interrupt Link [GSIC] (IRQs *18)
[STDOUT  ] 2019-05-25T18:26:00.037218694Z: [    5.492395] ACPI: PCI Interrupt Link [GSID] (IRQs *19)
[STDOUT  ] 2019-05-25T18:26:00.037237052Z: [    5.493404] ACPI: PCI Interrupt Link [GSIE] (IRQs *20)
[STDOUT  ] 2019-05-25T18:26:00.037261701Z: [    5.494457] ACPI: PCI Interrupt Link [GSIF] (IRQs *21)
[STDOUT  ] 2019-05-25T18:26:00.037279845Z: [    5.495409] ACPI: PCI Interrupt Link [GSIG] (IRQs *22)
[STDOUT  ] 2019-05-25T18:26:00.037298585Z: [    5.496394] ACPI: PCI Interrupt Link [GSIH] (IRQs *23)
[STDOUT  ] 2019-05-25T18:26:00.037316772Z: [    5.506424] SCSI subsystem initialized
[STDOUT  ] 2019-05-25T18:26:00.037335800Z: [    5.509743] ACPI: bus type USB registered
[STDOUT  ] 2019-05-25T18:26:00.037354342Z: [    5.511413] usbcore: registered new interface driver usbfs
[STDOUT  ] 2019-05-25T18:26:00.037373411Z: [    5.512526] usbcore: registered new interface driver hub
[STDOUT  ] 2019-05-25T18:26:00.037392913Z: [    5.513595] usbcore: registered new device driver usb
[STDOUT  ] 2019-05-25T18:26:00.037426139Z: [    5.514837] pps_core: LinuxPPS API ver. 1 registered
[STDOUT  ] 2019-05-25T18:26:00.037444538Z: [    5.515153] pps_core: Software ver. 5.3.6 - Copyright 2005-2007 Rodolfo Giometti <giometti@linux.it>
[STDOUT  ] 2019-05-25T18:26:00.037464188Z: [    5.516308] PTP clock support registered
[STDOUT  ] 2019-05-25T18:26:00.037483582Z: [    5.519673] PCI: Using ACPI for IRQ routing
[STDOUT  ] 2019-05-25T18:26:00.037503060Z: [    5.542693] NetLabel: Initializing
[STDOUT  ] 2019-05-25T18:26:00.037522146Z: [    5.543163] NetLabel:  domain hash size = 128
[STDOUT  ] 2019-05-25T18:26:00.037541703Z: [    5.543752] NetLabel:  protocols = UNLABELED CIPSOv4 CALIPSO
[STDOUT  ] 2019-05-25T18:26:00.037565190Z: [    5.547011] NetLabel:  unlabeled traffic allowed by default
[STDOUT  ] 2019-05-25T18:26:00.037584456Z: [    5.548745] HPET: 3 timers in total, 0 timers will be used for per-cpu timer
[STDOUT  ] 2019-05-25T18:26:00.037606334Z: [    5.550183] hpet0: at MMIO 0xfed00000, IRQs 2, 8, 0
[STDOUT  ] 2019-05-25T18:26:00.037625061Z: [    5.550965] hpet0: 3 comparators, 64-bit 100.000000 MHz counter
[STDOUT  ] 2019-05-25T18:26:00.037644088Z: [    5.555906] clocksource: Switched to clocksource tsc-early
[STDOUT  ] 2019-05-25T18:26:00.037663427Z: [    6.016511] VFS: Disk quotas dquot_6.6.0
[STDOUT  ] 2019-05-25T18:26:00.037683266Z: [    6.017910] VFS: Dquot-cache hash table entries: 512 (order 0, 4096 bytes)
[STDOUT  ] 2019-05-25T18:26:00.037702565Z: [    6.022013] FS-Cache: Loaded
[STDOUT  ] 2019-05-25T18:26:00.037722225Z: [    6.029484] CacheFiles: Loaded
[STDOUT  ] 2019-05-25T18:26:00.037741137Z: [    6.031105] pnp: PnP ACPI init
[STDOUT  ] 2019-05-25T18:26:00.037759073Z: [    6.045708] pnp: PnP ACPI: found 5 devices
[STDOUT  ] 2019-05-25T18:26:00.037778665Z: [    6.108493] clocksource: acpi_pm: mask: 0xffffff max_cycles: 0xffffff, max_idle_ns: 2085701024 ns
[STDOUT  ] 2019-05-25T18:26:00.037797821Z: [    6.113634] NET: Registered protocol family 2
[STDOUT  ] 2019-05-25T18:26:00.037820446Z: [    6.127400] tcp_listen_portaddr_hash hash table entries: 512 (order: 1, 8192 bytes)
[STDOUT  ] 2019-05-25T18:26:00.037842489Z: [    6.128944] TCP established hash table entries: 8192 (order: 4, 65536 bytes)
[STDOUT  ] 2019-05-25T18:26:00.037861796Z: [    6.130533] TCP bind hash table entries: 8192 (order: 5, 131072 bytes)
[STDOUT  ] 2019-05-25T18:26:00.037881226Z: [    6.131708] TCP: Hash tables configured (established 8192 bind 8192)
[STDOUT  ] 2019-05-25T18:26:00.037914813Z: [    6.134761] UDP hash table entries: 512 (order: 2, 16384 bytes)
[STDOUT  ] 2019-05-25T18:26:00.037941284Z: [    6.135959] UDP-Lite hash table entries: 512 (order: 2, 16384 bytes)
[STDOUT  ] 2019-05-25T18:26:00.037959984Z: [    6.139859] NET: Registered protocol family 1
[STDOUT  ] 2019-05-25T18:26:00.037979090Z: [    6.141074] NET: Registered protocol family 44
[STDOUT  ] 2019-05-25T18:26:00.037998275Z: [    6.142450] pci 0000:00:01.0: Video device with shadowed ROM at [mem 0x000c0000-0x000dffff]
[STDOUT  ] 2019-05-25T18:26:00.038017988Z: [    6.155414] Trying to unpack rootfs image as initramfs...
[STDOUT  ] 2019-05-25T18:26:00.038036914Z: [   11.938895] Freeing initrd memory: 34216K
[STDOUT  ] 2019-05-25T18:26:00.038063664Z: [   11.973090] PCLMULQDQ-NI instructions are not detected.
[STDOUT  ] 2019-05-25T18:26:00.038087231Z: [   11.975127] AVX or AES-NI instructions are not detected.
[STDOUT  ] 2019-05-25T18:26:00.038105629Z: [   11.975964] CPU feature 'AVX registers' is not supported.
[STDOUT  ] 2019-05-25T18:26:00.038123441Z: [   11.976658] CPU feature 'AVX registers' is not supported.
[STDOUT  ] 2019-05-25T18:26:00.038141541Z: [   11.977315] CPU feature 'AVX registers' is not supported.
[STDOUT  ] 2019-05-25T18:26:00.038159708Z: [   11.977783] CPU feature 'AVX registers' is not supported.
[STDOUT  ] 2019-05-25T18:26:00.038179265Z: [   11.978375] AVX2 or AES-NI instructions are not detected.
[STDOUT  ] 2019-05-25T18:26:00.038197692Z: [   11.978855] AVX2 instructions are not detected.
[STDOUT  ] 2019-05-25T18:26:00.038222351Z: [   11.992199] workingset: timestamp_bits=46 max_order=18 bucket_order=0
[STDOUT  ] 2019-05-25T18:26:00.038240931Z: [   11.999938] squashfs: version 4.0 (2009/01/31) Phillip Lougher
[STDOUT  ] 2019-05-25T18:26:00.038290394Z: [   12.004006] FS-Cache: Netfs 'cifs' registered for caching
[STDOUT  ] 2019-05-25T18:26:00.038310489Z: [   12.005735] fuse init (API version 7.27)
[STDOUT  ] 2019-05-25T18:26:00.038329031Z: [   12.008806] SGI XFS with ACLs, security attributes, no debug enabled
[STDOUT  ] 2019-05-25T18:26:00.038347302Z: [   12.014292] 9p: Installing v9fs 9p2000 file system support
[STDOUT  ] 2019-05-25T18:26:00.038365369Z: [   12.015073] FS-Cache: Netfs '9p' registered for caching
[STDOUT  ] 2019-05-25T18:26:00.038390579Z: [   12.016051] pstore: using deflate compression
[STDOUT  ] 2019-05-25T18:26:00.038420887Z: [   12.074362] NET: Registered protocol family 38
[STDOUT  ] 2019-05-25T18:26:00.038440146Z: [   12.075128] Key type asymmetric registered
[STDOUT  ] 2019-05-25T18:26:00.038458558Z: [   12.075759] Asymmetric key parser 'x509' registered
[STDOUT  ] 2019-05-25T18:26:00.038481042Z: [   12.076800] Block layer SCSI generic (bsg) driver version 0.4 loaded (major 247)
[STDOUT  ] 2019-05-25T18:26:00.038499456Z: [   12.079495] io scheduler noop registered
[STDERR  ] 2019-05-25T18:26:00.036155610Z: [   12.075128] Key type asymmetric registered
[STDERR  ] 2019-05-25T18:26:00.038587602Z: [   12.075759] Asymmetric key parser 'x509' registered
[STDERR  ] 2019-05-25T18:26:00.038613777Z: [   12.076800] Block layer SCSI generic (bsg) driver version 0.4 loaded (major 247)
[STDERR  ] 2019-05-25T18:26:00.038645086Z: [   12.079495] io scheduler noop registered
[STDERR  ] 2019-05-25T18:26:00.038669223Z: [   12.079950] io scheduler deadline registered (default)
[STDERR  ] 2019-05-25T18:26:00.038694442Z: [   12.080990] io scheduler cfq registered
[STDERR  ] 2019-05-25T18:26:00.038719219Z: [   12.081647] io scheduler mq-deadline registered (default)
[STDERR  ] 2019-05-25T18:26:00.038743322Z: [   12.082137] io scheduler kyber registered
[STDERR  ] 2019-05-25T18:26:00.038773377Z: [   12.085855] shpchp: Standard Hot Plug PCI Controller Driver version: 0.4
[STDERR  ] 2019-05-25T18:26:00.038803166Z: [   12.087010] hv_vmbus: registering driver hyperv_fb
[STDERR  ] 2019-05-25T18:26:00.038830279Z: [   12.091466] input: Power Button as /devices/LNXSYSTM:00/LNXPWRBN:00/input/input0
[STDERR  ] 2019-05-25T18:26:00.038857172Z: [   12.095114] ACPI: Power Button [PWRF]
[STDERR  ] 2019-05-25T18:26:00.038883321Z: [   12.117772] PCI Interrupt Link [GSIG] enabled at IRQ 22
[STDOUT  ] 2019-05-25T18:26:00.038895029Z: [   12.079950] io scheduler deadline registered (default)
[STDOUT  ] 2019-05-25T18:26:00.038917877Z: [   12.080990] io scheduler cfq registered
[STDOUT  ] 2019-05-25T18:26:00.038949750Z: [   12.081647] io scheduler mq-deadline registered (default)
[STDOUT  ] 2019-05-25T18:26:00.038969147Z: [   12.082137] io scheduler kyber registered
[STDOUT  ] 2019-05-25T18:26:00.038988239Z: [   12.085855] shpchp: Standard Hot Plug PCI Controller Driver version: 0.4
[STDOUT  ] 2019-05-25T18:26:00.039006489Z: [   12.087010] hv_vmbus: registering driver hyperv_fb
[STDOUT  ] 2019-05-25T18:26:00.039024520Z: [   12.091466] input: Power Button as /devices/LNXSYSTM:00/LNXPWRBN:00/input/input0
[STDOUT  ] 2019-05-25T18:26:00.039048148Z: [   12.095114] ACPI: Power Button [PWRF]
[STDOUT  ] 2019-05-25T18:26:00.039067172Z: [   12.117772] PCI Interrupt Link [GSIG] enabled at IRQ 22
[STDOUT  ] 2019-05-25T18:26:00.039086267Z: [   12.134117] PCI Interrupt Link [GSIH] enabled at IRQ 23
[STDOUT  ] 2019-05-25T18:26:00.039106681Z: [   12.141787] Serial: 8250/16550 driver, 4 ports, IRQ sharing disabled
[STDOUT  ] 2019-05-25T18:26:00.039125306Z: [   12.168636] 00:04: ttyS0 at I/O 0x3f8 (irq = 4, base_baud = 115200) is a 16550A
[STDOUT  ] 2019-05-25T18:26:00.039145270Z: [   12.181135] Non-volatile memory driver v1.3
[STDOUT  ] 2019-05-25T18:26:00.039164160Z: [   12.189604] Hangcheck: starting hangcheck timer 0.9.1 (tick is 180 seconds, margin is 60 seconds).
[STDOUT  ] 2019-05-25T18:26:00.039184462Z: [   12.199061] random: crng init done
[STDOUT  ] 2019-05-25T18:26:00.039209451Z: [   12.283721] brd: module loaded
[STDOUT  ] 2019-05-25T18:26:00.039228795Z: [   12.324856] loop: module loaded
[STDOUT  ] 2019-05-25T18:26:00.039246897Z: [   12.403160] lpc_ich 0000:00:1f.0: I/O space for GPIO uninitialized
[STDOUT  ] 2019-05-25T18:26:00.039265371Z: [   12.406001] VMware PVSCSI driver - version 1.0.7.0-k
[STDOUT  ] 2019-05-25T18:26:00.039284340Z: [   12.407033] hv_vmbus: registering driver hv_storvsc
[STDOUT  ] 2019-05-25T18:26:00.039302742Z: [   12.422630] PCI Interrupt Link [GSIA] enabled at IRQ 16
[STDOUT  ] 2019-05-25T18:26:00.039321181Z: [   12.430961] ahci 0000:00:1f.2: AHCI 0001.0000 32 slots 6 ports 1.5 Gbps 0x3f impl SATA mode
[STDOUT  ] 2019-05-25T18:26:00.039339745Z: [   12.432133] ahci 0000:00:1f.2: flags: 64bit ncq only 
[STDOUT  ] 2019-05-25T18:26:00.039358637Z: [   12.451597] scsi host0: ahci
[STDOUT  ] 2019-05-25T18:26:00.039377829Z: [   12.456012] scsi host1: ahci
[STDOUT  ] 2019-05-25T18:26:00.039396569Z: [   12.458761] scsi host2: ahci
[STDOUT  ] 2019-05-25T18:26:00.039428288Z: [   12.461855] scsi host3: ahci
[STDOUT  ] 2019-05-25T18:26:00.039447136Z: [   12.464604] scsi host4: ahci
[STDOUT  ] 2019-05-25T18:26:00.039467022Z: [   12.467130] scsi host5: ahci
[STDOUT  ] 2019-05-25T18:26:00.039485998Z: [   12.469035] ata1: SATA max UDMA/133 abar m4096@0xfebd2000 port 0xfebd2100 irq 24
[STDOUT  ] 2019-05-25T18:26:00.039504740Z: [   12.470142] ata2: SATA max UDMA/133 abar m4096@0xfebd2000 port 0xfebd2180 irq 24
[STDOUT  ] 2019-05-25T18:26:00.039523281Z: [   12.470978] ata3: SATA max UDMA/133 abar m4096@0xfebd2000 port 0xfebd2200 irq 24
[STDOUT  ] 2019-05-25T18:26:00.039545533Z: [   12.471908] ata4: SATA max UDMA/133 abar m4096@0xfebd2000 port 0xfebd2280 irq 24
[STDOUT  ] 2019-05-25T18:26:00.039564090Z: [   12.472815] ata5: SATA max UDMA/133 abar m4096@0xfebd2000 port 0xfebd2300 irq 24
[STDOUT  ] 2019-05-25T18:26:00.039582483Z: [   12.473675] ata6: SATA max UDMA/133 abar m4096@0xfebd2000 port 0xfebd2380 irq 24
[STDOUT  ] 2019-05-25T18:26:00.039600892Z: [   12.490467] tun: Universal TUN/TAP device driver, 1.6
[STDOUT  ] 2019-05-25T18:26:00.039619966Z: [   12.505375] VMware vmxnet3 virtual NIC driver - version 1.4.16.0-k-NAPI
[STDOUT  ] 2019-05-25T18:26:00.039638341Z: [   12.506593] hv_vmbus: registering driver hv_netvsc
[STDOUT  ] 2019-05-25T18:26:00.039656568Z: [   12.507119] Fusion MPT base driver 3.04.20
[STDOUT  ] 2019-05-25T18:26:00.039693533Z: [   12.507666] Copyright (c) 1999-2008 LSI Corporation
[STDOUT  ] 2019-05-25T18:26:00.039715271Z: [   12.508569] Fusion MPT SPI Host driver 3.04.20
[STDOUT  ] 2019-05-25T18:26:00.039733878Z: [   12.511137] i8042: PNP: PS/2 Controller [PNP0303:KBD,PNP0f13:MOU] at 0x60,0x64 irq 1,12
[STDOUT  ] 2019-05-25T18:26:00.039758465Z: [   12.517154] serio: i8042 KBD port at 0x60,0x64 irq 1
[STDOUT  ] 2019-05-25T18:26:00.039777196Z: [   12.518138] serio: i8042 AUX port at 0x60,0x64 irq 12
[STDOUT  ] 2019-05-25T18:26:00.039799792Z: [   12.521948] hv_vmbus: registering driver hyperv_keyboard
[STDOUT  ] 2019-05-25T18:26:00.039818379Z: [   12.524907] mousedev: PS/2 mouse device common for all mice
[STDOUT  ] 2019-05-25T18:26:00.039836539Z: [   12.531507] input: PC Speaker as /devices/platform/pcspkr/input/input2
[STDOUT  ] 2019-05-25T18:26:00.039864150Z: [   12.533665] input: AT Translated Set 2 keyboard as /devices/platform/i8042/serio0/input/input1
[STDOUT  ] 2019-05-25T18:26:00.039883250Z: [   12.537882] rtc_cmos 00:00: RTC can wake from S4
[STDOUT  ] 2019-05-25T18:26:00.039901111Z: [   12.544311] rtc_cmos 00:00: registered as rtc0
[STDOUT  ] 2019-05-25T18:26:00.039923454Z: [   12.545853] rtc_cmos 00:00: alarms up to one day, y3k, 114 bytes nvram, hpet irqs
[STDOUT  ] 2019-05-25T18:26:00.039941684Z: [   12.547277] i2c /dev entries driver
[STDOUT  ] 2019-05-25T18:26:00.039959721Z: [   12.549937] device-mapper: ioctl: 4.39.0-ioctl (2018-04-03) initialised: dm-devel@redhat.com
[STDOUT  ] 2019-05-25T18:26:00.039977905Z: [   12.556648] usbcore: registered new interface driver usbhid
[STDOUT  ] 2019-05-25T18:26:00.039996319Z: [   12.557628] usbhid: USB HID core driver
[STDOUT  ] 2019-05-25T18:26:00.040014305Z: [   12.558765] hv_utils: Registering HyperV Utility Driver
[STDOUT  ] 2019-05-25T18:26:00.040036635Z: [   12.559624] hv_vmbus: registering driver hv_util
[STDOUT  ] 2019-05-25T18:26:00.040054899Z: [   12.560364] hv_vmbus: registering driver hv_balloon
[STDOUT  ] 2019-05-25T18:26:00.040073926Z: [   12.561415] oprofile: using NMI interrupt.
[STDOUT  ] 2019-05-25T18:26:00.040092111Z: [   12.563293] GACT probability on
[STDOUT  ] 2019-05-25T18:26:00.040111273Z: [   12.563884] Mirror/redirect action on
[STDOUT  ] 2019-05-25T18:26:00.040130152Z: [   12.564954] Simple TC action Loaded
[STDOUT  ] 2019-05-25T18:26:00.040148223Z: [   12.565810] u32 classifier
[STDOUT  ] 2019-05-25T18:26:00.040166969Z: [   12.566118]     Performance counters on
[STDOUT  ] 2019-05-25T18:26:00.040184779Z: [   12.566728]     input device check on
[STDOUT  ] 2019-05-25T18:26:00.040209183Z: [   12.567128]     Actions configured
[STDOUT  ] 2019-05-25T18:26:00.040228002Z: [   12.583063] xt_time: kernel timezone is -0000
[STDOUT  ] 2019-05-25T18:26:00.040246605Z: [   12.584867] IPVS: Registered protocols (TCP, UDP, SCTP, AH, ESP)
[STDOUT  ] 2019-05-25T18:26:00.040264714Z: [   12.585931] IPVS: Connection hash table configured (size=4096, memory=64Kbytes)
[STDOUT  ] 2019-05-25T18:26:00.040282869Z: [   12.591794] IPVS: ipvs loaded.
[STDOUT  ] 2019-05-25T18:26:00.040301540Z: [   12.592540] IPVS: [rr] scheduler registered.
[STDOUT  ] 2019-05-25T18:26:00.040319821Z: [   12.593038] IPVS: [wrr] scheduler registered.
[STDOUT  ] 2019-05-25T18:26:00.040338707Z: [   12.593641] IPVS: [lc] scheduler registered.
[STDOUT  ] 2019-05-25T18:26:00.040358118Z: [   12.593998] IPVS: [wlc] scheduler registered.
[STDOUT  ] 2019-05-25T18:26:00.040376438Z: [   12.594485] IPVS: [fo] scheduler registered.
[STDOUT  ] 2019-05-25T18:26:00.040394696Z: [   12.594830] IPVS: [ovf] scheduler registered.
[STDOUT  ] 2019-05-25T18:26:00.040423349Z: [   12.595446] IPVS: [lblc] scheduler registered.
[STDOUT  ] 2019-05-25T18:26:00.040441453Z: [   12.595912] IPVS: [lblcr] scheduler registered.
[STDOUT  ] 2019-05-25T18:26:00.040459747Z: [   12.596429] IPVS: [dh] scheduler registered.
[STDOUT  ] 2019-05-25T18:26:00.040477733Z: [   12.596809] IPVS: [sh] scheduler registered.
[STDOUT  ] 2019-05-25T18:26:00.040498454Z: [   12.597286] IPVS: [mh] scheduler registered.
[STDOUT  ] 2019-05-25T18:26:00.040516590Z: [   12.597618] IPVS: [sed] scheduler registered.
[STDOUT  ] 2019-05-25T18:26:00.040533983Z: [   12.597967] IPVS: [nq] scheduler registered.
[STDOUT  ] 2019-05-25T18:26:00.040552620Z: [   12.598894] IPVS: ftp: loaded support on port[0] = 21
[STDOUT  ] 2019-05-25T18:26:00.040577140Z: [   12.599995] ipip: IPv4 and MPLS over IPv4 tunneling driver
[STDOUT  ] 2019-05-25T18:26:00.040595360Z: [   12.605836] gre: GRE over IPv4 demultiplexor driver
[STDOUT  ] 2019-05-25T18:26:00.040613405Z: [   12.614115] ipt_CLUSTERIP: ClusterIP Version 0.8 loaded successfully
[STDOUT  ] 2019-05-25T18:26:00.040632310Z: [   12.618533] NET: Registered protocol family 10
[STDOUT  ] 2019-05-25T18:26:00.040650354Z: [   12.632033] Segment Routing with IPv6
[STDOUT  ] 2019-05-25T18:26:00.040673564Z: [   12.644357] NET: Registered protocol family 17
[STDOUT  ] 2019-05-25T18:26:00.040691810Z: [   12.645762] Bridge firewalling registered
[STDOUT  ] 2019-05-25T18:26:00.040710934Z: [   12.649129] 8021q: 802.1Q VLAN Support v1.8
[STDOUT  ] 2019-05-25T18:26:00.040729872Z: [   12.651873] 9pnet: Installing 9P2000 support
[STDOUT  ] 2019-05-25T18:26:00.040747979Z: [   12.654057] Key type dns_resolver registered
[STDOUT  ] 2019-05-25T18:26:00.040765982Z: [   12.656368] NET: Registered protocol family 40
[STDOUT  ] 2019-05-25T18:26:00.040784086Z: [   12.658351] sched_clock: Marking stable (12582604061, 75604387)->(12934887181, -276678733)
[STDOUT  ] 2019-05-25T18:26:00.040802596Z: [   12.663387] registered taskstats version 1
[STDOUT  ] 2019-05-25T18:26:00.040820763Z: [   12.791128] ata4: SATA link down (SStatus 0 SControl 300)
[STDOUT  ] 2019-05-25T18:26:00.040838685Z: [   12.796023] ata3: SATA link up 1.5 Gbps (SStatus 113 SControl 300)
[STDOUT  ] 2019-05-25T18:26:00.040857537Z: [   12.799449] ata2: SATA link down (SStatus 0 SControl 300)
[STDOUT  ] 2019-05-25T18:26:00.040875749Z: [   12.800113] ata1: SATA link down (SStatus 0 SControl 300)
[STDOUT  ] 2019-05-25T18:26:00.040894050Z: [   12.809412] ata3.00: ATAPI: QEMU DVD-ROM, 2.5+, max UDMA/100
[STDOUT  ] 2019-05-25T18:26:00.040912059Z: [   12.810030] ata3.00: applying bridge limits
[STDOUT  ] 2019-05-25T18:26:00.040929944Z: [   12.812039] ata6: SATA link down (SStatus 0 SControl 300)
[STDOUT  ] 2019-05-25T18:26:00.040948349Z: [   12.813016] ata5: SATA link down (SStatus 0 SControl 300)
[STDOUT  ] 2019-05-25T18:26:00.040966124Z: [   12.817648] ata3.00: configured for UDMA/100
[STDOUT  ] 2019-05-25T18:26:00.040984042Z: [   12.845967] scsi 2:0:0:0: CD-ROM            QEMU     QEMU DVD-ROM     2.5+ PQ: 0 ANSI: 5
[STDOUT  ] 2019-05-25T18:26:00.041002473Z: [   12.881513] sr 2:0:0:0: [sr0] scsi3-mmc drive: 4x/4x cd/rw xa/form2 tray
[STDOUT  ] 2019-05-25T18:26:00.041024365Z: [   12.882455] cdrom: Uniform CD-ROM driver Revision: 3.20
[STDOUT  ] 2019-05-25T18:26:00.041042808Z: [   12.895770] sr 2:0:0:0: Attached scsi generic sg0 type 5
[STDOUT  ] 2019-05-25T18:26:00.041076547Z: [   12.985580] tsc: Refined TSC clocksource calibration: 2599.766 MHz
[STDOUT  ] 2019-05-25T18:26:00.041096039Z: [   12.986515] clocksource: tsc: mask: 0xffffffffffffffff max_cycles: 0x25795f09e87, max_idle_ns: 440795224251 ns
[STDOUT  ] 2019-05-25T18:26:00.041115059Z: [   12.987636] clocksource: Switched to clocksource tsc
[STDOUT  ] 2019-05-25T18:26:00.041133716Z: [   13.055035] Key type big_key registered
[STDOUT  ] 2019-05-25T18:26:00.041151835Z: [   13.177044] Key type trusted registered
[STDOUT  ] 2019-05-25T18:26:00.041170739Z: [   13.299100] Key type encrypted registered
[STDOUT  ] 2019-05-25T18:26:00.041189280Z: [   13.300502] ima: No TPM chip found, activating TPM-bypass!
[STDOUT  ] 2019-05-25T18:26:00.041213441Z: [   13.301319] ima: Allocated hash algorithm: sha256
[STDOUT  ] 2019-05-25T18:26:00.041232065Z: [   13.313963] evm: Initialising EVM extended attributes:
[STDOUT  ] 2019-05-25T18:26:00.041250672Z: [   13.314766] evm: security.ima
[STDOUT  ] 2019-05-25T18:26:00.041269548Z: [   13.315102] evm: security.capability
[STDOUT  ] 2019-05-25T18:26:00.041288092Z: [   13.315631] evm: HMAC attrs: 0x1
[STDOUT  ] 2019-05-25T18:26:00.041305722Z: [   13.326425] rtc_cmos 00:00: setting system clock to 2019-05-25 18:25:16 UTC (1558808716)
[STDOUT  ] 2019-05-25T18:26:00.041324123Z: [   13.541900] Freeing unused kernel image memory: 1588K
[STDOUT  ] 2019-05-25T18:26:00.041349078Z: [   13.543647] Write protecting the kernel read-only data: 18432k
[STDOUT  ] 2019-05-25T18:26:00.041370900Z: [   13.566049] Freeing unused kernel image memory: 2028K
[STDOUT  ] 2019-05-25T18:26:00.041389526Z: [   13.574334] Freeing unused kernel image memory: 1084K
[STDOUT  ] 2019-05-25T18:26:00.041419459Z: [   13.575760] Run /init as init process
[STDOUT  ] 2019-05-25T18:26:00.041437710Z: 
[STDOUT  ] 2019-05-25T18:26:00.041456840Z: Welcome to LinuxKit
[STDOUT  ] 2019-05-25T18:26:00.041475405Z: 
[STDOUT  ] 2019-05-25T18:26:00.041499098Z:                         ##         .
[STDOUT  ] 2019-05-25T18:26:00.041517217Z:                   ## ## ##        ==
[STDOUT  ] 2019-05-25T18:26:00.041535249Z:                ## ## ## ## ##    ===
[STDOUT  ] 2019-05-25T18:26:00.041553989Z:            /"""""""""""""""""\___/ ===
[STDOUT  ] 2019-05-25T18:26:00.041575744Z:           {                       /  ===-
[STDOUT  ] 2019-05-25T18:26:00.041593950Z:            \______ O           __/
[STDOUT  ] 2019-05-25T18:26:00.041613053Z:              \    \         __/
[STDOUT  ] 2019-05-25T18:26:00.041631804Z:               \____\_______/
[STDOUT  ] 2019-05-25T18:26:00.041649756Z: 
[STDOUT  ] 2019-05-25T18:26:00.041668635Z: [   37.716565] 8021q: adding VLAN 0 to HW filter on device eth0
[STDOUT  ] 2019-05-25T18:26:00.041686584Z: eth0: waiting for carrier
[STDOUT  ] 2019-05-25T18:26:00.041705022Z: eth0: carrier acquired
[STDOUT  ] 2019-05-25T18:26:00.041723352Z: DUID 00:04:f3:5e:f8:7d:dc:21:43:18:a8:c4:8e:01:a6:37:78:dd
[STDOUT  ] 2019-05-25T18:26:00.041742506Z: eth0: IAID ad:d4:b7:8a
[STDOUT  ] 2019-05-25T18:26:00.041760416Z: eth0: adding address fe80::77f3:831a:4128:27b2
[STDOUT  ] 2019-05-25T18:26:00.041780366Z: eth0: soliciting an IPv6 router
[STDOUT  ] 2019-05-25T18:26:00.041803791Z: eth0: soliciting a DHCP lease
[STDOUT  ] 2019-05-25T18:26:00.041824510Z: eth0: offered 10.0.2.15 from 10.0.2.2
[STDOUT  ] 2019-05-25T18:26:00.041845605Z: eth0: leased 10.0.2.15 for 86400 seconds
[STDOUT  ] 2019-05-25T18:26:00.041864299Z: eth0: adding route to 10.0.2.0/24
[STDOUT  ] 2019-05-25T18:26:00.041884137Z: eth0: adding default route via 10.0.2.2
[STDOUT  ] 2019-05-25T18:26:00.041902351Z: exiting due to oneshot
[STDOUT  ] 2019-05-25T18:26:00.041922110Z: dhcpcd exited
[STDOUT  ] 2019-05-25T18:26:00.041941473Z: dhcpcd test suite PASSED
[STDOUT  ] 2019-05-25T18:26:00.041961066Z: [   55.789101] ACPI: Preparing to enter system sleep state S5
[STDOUT  ] 2019-05-25T18:26:00.041978996Z: [   55.790960] reboot: Power down
[STDERR  ] 2019-05-25T18:26:00.042010320Z: [   12.134117] PCI Interrupt Link [GSIH] enabled at IRQ 23
[STDERR  ] 2019-05-25T18:26:00.042040088Z: [   12.141787] Serial: 8250/16550 driver, 4 ports, IRQ sharing disabled
[STDERR  ] 2019-05-25T18:26:00.042066337Z: [   12.168636] 00:04: ttyS0 at I/O 0x3f8 (irq = 4, base_baud = 115200) is a 16550A
[STDERR  ] 2019-05-25T18:26:00.042092088Z: [   12.181135] Non-volatile memory driver v1.3
[STDERR  ] 2019-05-25T18:26:00.042118152Z: [   12.189604] Hangcheck: starting hangcheck timer 0.9.1 (tick is 180 seconds, margin is 60 seconds).
[STDERR  ] 2019-05-25T18:26:00.042145095Z: [   12.199061] random: crng init done
[STDERR  ] 2019-05-25T18:26:00.042171390Z: [   12.283721] brd: module loaded
[STDERR  ] 2019-05-25T18:26:00.042198039Z: [   12.324856] loop: module loaded
[STDERR  ] 2019-05-25T18:26:00.042236716Z: [   12.403160] lpc_ich 0000:00:1f.0: I/O space for GPIO uninitialized
[STDERR  ] 2019-05-25T18:26:00.042296789Z: [   12.406001] VMware PVSCSI driver - version 1.0.7.0-k
[STDERR  ] 2019-05-25T18:26:00.042323479Z: [   12.407033] hv_vmbus: registering driver hv_storvsc
[STDERR  ] 2019-05-25T18:26:00.042349522Z: [   12.422630] PCI Interrupt Link [GSIA] enabled at IRQ 16
[STDERR  ] 2019-05-25T18:26:00.042374988Z: [   12.430961] ahci 0000:00:1f.2: AHCI 0001.0000 32 slots 6 ports 1.5 Gbps 0x3f impl SATA mode
[STDERR  ] 2019-05-25T18:26:00.042400029Z: [   12.432133] ahci 0000:00:1f.2: flags: 64bit ncq only 
[STDERR  ] 2019-05-25T18:26:00.042446411Z: [   12.451597] scsi host0: ahci
[STDERR  ] 2019-05-25T18:26:00.042497789Z: [   12.456012] scsi host1: ahci
[STDERR  ] 2019-05-25T18:26:00.042523746Z: [   12.458761] scsi host2: ahci
[STDERR  ] 2019-05-25T18:26:00.042549131Z: [   12.461855] scsi host3: ahci
[STDERR  ] 2019-05-25T18:26:00.042574149Z: [   12.464604] scsi host4: ahci
[STDERR  ] 2019-05-25T18:26:00.042600042Z: [   12.467130] scsi host5: ahci
[STDERR  ] 2019-05-25T18:26:00.042625394Z: [   12.469035] ata1: SATA max UDMA/133 abar m4096@0xfebd2000 port 0xfebd2100 irq 24
[STDERR  ] 2019-05-25T18:26:00.042653591Z: [   12.470142] ata2: SATA max UDMA/133 abar m4096@0xfebd2000 port 0xfebd2180 irq 24
[STDERR  ] 2019-05-25T18:26:00.042688166Z: [   12.470978] ata3: SATA max UDMA/133 abar m4096@0xfebd2000 port 0xfebd2200 irq 24
[STDERR  ] 2019-05-25T18:26:00.042713667Z: [   12.471908] ata4: SATA max UDMA/133 abar m4096@0xfebd2000 port 0xfebd2280 irq 24
[STDERR  ] 2019-05-25T18:26:00.042738045Z: [   12.472815] ata5: SATA max UDMA/133 abar m4096@0xfebd2000 port 0xfebd2300 irq 24
[STDERR  ] 2019-05-25T18:26:00.042763622Z: [   12.473675] ata6: SATA max UDMA/133 abar m4096@0xfebd2000 port 0xfebd2380 irq 24
[STDERR  ] 2019-05-25T18:26:00.042789317Z: [   12.490467] tun: Universal TUN/TAP device driver, 1.6
[STDERR  ] 2019-05-25T18:26:00.042815754Z: [   12.505375] VMware vmxnet3 virtual NIC driver - version 1.4.16.0-k-NAPI
[STDERR  ] 2019-05-25T18:26:00.042840994Z: [   12.506593] hv_vmbus: registering driver hv_netvsc
[STDERR  ] 2019-05-25T18:26:00.042866280Z: [   12.507119] Fusion MPT base driver 3.04.20
[STDERR  ] 2019-05-25T18:26:00.042892447Z: [   12.507666] Copyright (c) 1999-2008 LSI Corporation
[STDERR  ] 2019-05-25T18:26:00.042919078Z: [   12.508569] Fusion MPT SPI Host driver 3.04.20
[STDERR  ] 2019-05-25T18:26:00.042945470Z: [   12.511137] i8042: PNP: PS/2 Controller [PNP0303:KBD,PNP0f13:MOU] at 0x60,0x64 irq 1,12
[STDERR  ] 2019-05-25T18:26:00.042972339Z: [   12.517154] serio: i8042 KBD port at 0x60,0x64 irq 1
[STDERR  ] 2019-05-25T18:26:00.043001456Z: [   12.518138] serio: i8042 AUX port at 0x60,0x64 irq 12
[STDERR  ] 2019-05-25T18:26:00.043027124Z: [   12.521948] hv_vmbus: registering driver hyperv_keyboard
[STDERR  ] 2019-05-25T18:26:00.043052020Z: [   12.524907] mousedev: PS/2 mouse device common for all mice
[STDERR  ] 2019-05-25T18:26:00.043078308Z: [   12.531507] input: PC Speaker as /devices/platform/pcspkr/input/input2
[STDERR  ] 2019-05-25T18:26:00.043103993Z: [   12.533665] input: AT Translated Set 2 keyboard as /devices/platform/i8042/serio0/input/input1
[STDERR  ] 2019-05-25T18:26:00.043130648Z: [   12.537882] rtc_cmos 00:00: RTC can wake from S4
[STDERR  ] 2019-05-25T18:26:00.043156334Z: [   12.544311] rtc_cmos 00:00: registered as rtc0
[STDERR  ] 2019-05-25T18:26:00.043181924Z: [   12.545853] rtc_cmos 00:00: alarms up to one day, y3k, 114 bytes nvram, hpet irqs
[STDERR  ] 2019-05-25T18:26:00.043213993Z: [   12.547277] i2c /dev entries driver
[STDERR  ] 2019-05-25T18:26:00.043240588Z: [   12.549937] device-mapper: ioctl: 4.39.0-ioctl (2018-04-03) initialised: dm-devel@redhat.com
[STDERR  ] 2019-05-25T18:26:00.043270136Z: [   12.556648] usbcore: registered new interface driver usbhid
[STDERR  ] 2019-05-25T18:26:00.043295860Z: [   12.557628] usbhid: USB HID core driver
[STDERR  ] 2019-05-25T18:26:00.043324393Z: [   12.558765] hv_utils: Registering HyperV Utility Driver
[STDERR  ] 2019-05-25T18:26:00.043349727Z: [   12.559624] hv_vmbus: registering driver hv_util
[STDERR  ] 2019-05-25T18:26:00.043379005Z: [   12.560364] hv_vmbus: registering driver hv_balloon
[STDERR  ] 2019-05-25T18:26:00.043404165Z: [   12.561415] oprofile: using NMI interrupt.
[STDERR  ] 2019-05-25T18:26:00.043441818Z: [   12.563293] GACT probability on
[STDERR  ] 2019-05-25T18:26:00.043468057Z: [   12.563884] Mirror/redirect action on
[STDERR  ] 2019-05-25T18:26:00.043494862Z: [   12.564954] Simple TC action Loaded
[STDERR  ] 2019-05-25T18:26:00.043523800Z: [   12.565810] u32 classifier
[STDERR  ] 2019-05-25T18:26:00.043552822Z: [   12.566118]     Performance counters on
[STDERR  ] 2019-05-25T18:26:00.043588430Z: [   12.566728]     input device check on
[STDERR  ] 2019-05-25T18:26:00.043616141Z: [   12.567128]     Actions configured
[STDERR  ] 2019-05-25T18:26:00.043645977Z: [   12.583063] xt_time: kernel timezone is -0000
[STDERR  ] 2019-05-25T18:26:00.043674843Z: [   12.584867] IPVS: Registered protocols (TCP, UDP, SCTP, AH, ESP)
[STDERR  ] 2019-05-25T18:26:00.043702834Z: [   12.585931] IPVS: Connection hash table configured (size=4096, memory=64Kbytes)
[STDERR  ] 2019-05-25T18:26:00.043730834Z: [   12.591794] IPVS: ipvs loaded.
[STDERR  ] 2019-05-25T18:26:00.043764593Z: [   12.592540] IPVS: [rr] scheduler registered.
[STDERR  ] 2019-05-25T18:26:00.043789463Z: [   12.593038] IPVS: [wrr] scheduler registered.
[STDERR  ] 2019-05-25T18:26:00.043818535Z: [   12.593641] IPVS: [lc] scheduler registered.
[STDERR  ] 2019-05-25T18:26:00.043847359Z: [   12.593998] IPVS: [wlc] scheduler registered.
[STDERR  ] 2019-05-25T18:26:00.043873719Z: [   12.594485] IPVS: [fo] scheduler registered.
[STDERR  ] 2019-05-25T18:26:00.043897382Z: [   12.594830] IPVS: [ovf] scheduler registered.
[STDERR  ] 2019-05-25T18:26:00.043918261Z: [   12.595446] IPVS: [lblc] scheduler registered.
[STDERR  ] 2019-05-25T18:26:00.043944859Z: [   12.595912] IPVS: [lblcr] scheduler registered.
[STDERR  ] 2019-05-25T18:26:00.043966020Z: [   12.596429] IPVS: [dh] scheduler registered.
[STDERR  ] 2019-05-25T18:26:00.043986831Z: [   12.596809] IPVS: [sh] scheduler registered.
[STDERR  ] 2019-05-25T18:26:00.044007613Z: [   12.597286] IPVS: [mh] scheduler registered.
[STDERR  ] 2019-05-25T18:26:00.044029267Z: [   12.597618] IPVS: [sed] scheduler registered.
[STDERR  ] 2019-05-25T18:26:00.044057753Z: [   12.597967] IPVS: [nq] scheduler registered.
[STDERR  ] 2019-05-25T18:26:00.044085611Z: [   12.598894] IPVS: ftp: loaded support on port[0] = 21
[STDERR  ] 2019-05-25T18:26:00.044110981Z: [   12.599995] ipip: IPv4 and MPLS over IPv4 tunneling driver
[STDERR  ] 2019-05-25T18:26:00.044131618Z: [   12.605836] gre: GRE over IPv4 demultiplexor driver
[STDERR  ] 2019-05-25T18:26:00.044152233Z: [   12.614115] ipt_CLUSTERIP: ClusterIP Version 0.8 loaded successfully
[PASS    ] linuxkit.packages.dhcpcd 77.40s
[STDERR  ] 2019-05-25T18:26:00.044176155Z: [   12.618533] NET: Registered protocol family 10
