[INFO    ] 2017-07-09T17:16:52.628887902Z: Running Test linuxkit.security.ports in /tmp/with_clone11ea429e/test/cases/030_security/010_ports
[INFO    ] 2017-07-09T17:16:52.62898661Z: Running command: [/bin/sh -x /tmp/with_clone11ea429e/test/cases/030_security/010_ports/test.sh]
[STDERR  ] 2017-07-09T17:16:52.629831086Z: + set -e
[STDERR  ] 2017-07-09T17:16:52.629902741Z: + . /tmp/with_clone11ea429e/test/cases/_lib/lib.sh
[STDERR  ] 2017-07-09T17:16:52.629962433Z: + [ -f src/github.com/linuxkit/rtf/lib/lib.sh ]
[STDERR  ] 2017-07-09T17:16:52.630022906Z: + LINUXKIT_TMPDIR=/tmp/with_clone11ea429e/test/cases/_tmp
[STDERR  ] 2017-07-09T17:16:52.630063803Z: + [ -f /tmp/with_clone11ea429e/test/cases/_tmp/env.sh ]
[STDERR  ] 2017-07-09T17:16:52.630097351Z: + . /tmp/with_clone11ea429e/test/cases/_tmp/env.sh
[STDERR  ] 2017-07-09T17:16:52.630138436Z: + export LINUXKIT_EXAMPLES_DIR=/tmp/with_clone11ea429e/test/cases/../../examples
[STDERR  ] 2017-07-09T17:16:52.630184312Z: + export LINUXKIT_BLUEPRINTS_DIR=/tmp/with_clone11ea429e/test/cases/../../blueprints
[STDERR  ] 2017-07-09T17:16:52.630214306Z: + RT_CANCEL=253
[STDERR  ] 2017-07-09T17:16:52.630239123Z: + NAME=lsof
[STDERR  ] 2017-07-09T17:16:52.630270181Z: + trap clean_up EXIT
[STDERR  ] 2017-07-09T17:16:52.630337667Z: + moby build -output kernel+initrd -name lsof test.yml
[STDERR  ] 2017-07-09T17:16:52.640393822Z: Extract kernel image: linuxkit/kernel:4.9.36
[STDERR  ] 2017-07-09T17:16:58.665744186Z: Add init containers:
[STDERR  ] 2017-07-09T17:16:58.665840593Z: Process init image: linuxkit/init:14a38303ee9dcb4541c00e2b87404befc1ba2083
[STDERR  ] 2017-07-09T17:17:00.152924671Z: Process init image: linuxkit/runc:2310ad9d266cf5d9c4d07613bd2135ed7eb8a21f
[STDERR  ] 2017-07-09T17:17:01.961239824Z: Process init image: linuxkit/containerd:c977f27c234d55b85172813b8451f67ea86be4a3
[STDERR  ] 2017-07-09T17:17:08.870114772Z: Add onboot containers:
[STDERR  ] 2017-07-09T17:17:08.870143576Z:   Create OCI config for alpine:3.6
[STDERR  ] 2017-07-09T17:17:09.506481603Z:   Create OCI config for linuxkit/poweroff:bce51402e293da0b653923a43c3c7be6e0effa05
[STDERR  ] 2017-07-09T17:17:11.020095994Z: Add files:
[STDERR  ] 2017-07-09T17:17:11.020109657Z:   check.sh
[STDERR  ] 2017-07-09T17:17:11.020159951Z: Create outputs:
[STDERR  ] 2017-07-09T17:17:18.779863736Z:   lsof-kernel lsof-initrd.img lsof-cmdline
[STDERR  ] 2017-07-09T17:17:19.028217997Z: + linuxkit run qemu -kernel lsof
[STDOUT  ] 2017-07-09T17:17:20.604133006Z: [    0.000000] Linux version 4.9.36-linuxkit (root@e1ede117fb1e) (gcc version 6.3.0 (Alpine 6.3.0) ) #1 SMP Fri Jul 7 17:27:59 UTC 2017
[STDOUT  ] 2017-07-09T17:17:20.604646072Z: [    0.000000] Command line: console=ttyS0 page_poison=1
[STDOUT  ] 2017-07-09T17:17:20.605006099Z: [    0.000000] x86/fpu: Legacy x87 FPU detected.
[STDOUT  ] 2017-07-09T17:17:20.605455514Z: [    0.000000] x86/fpu: Using 'eager' FPU context switches.
[STDOUT  ] 2017-07-09T17:17:20.60583931Z: [    0.000000] e820: BIOS-provided physical RAM map:
[STDOUT  ] 2017-07-09T17:17:20.606371245Z: [    0.000000] BIOS-e820: [mem 0x0000000000000000-0x000000000009fbff] usable
[STDOUT  ] 2017-07-09T17:17:20.606923205Z: [    0.000000] BIOS-e820: [mem 0x000000000009fc00-0x000000000009ffff] reserved
[STDOUT  ] 2017-07-09T17:17:20.607497435Z: [    0.000000] BIOS-e820: [mem 0x00000000000f0000-0x00000000000fffff] reserved
[STDOUT  ] 2017-07-09T17:17:20.608040587Z: [    0.000000] BIOS-e820: [mem 0x0000000000100000-0x000000003ffdefff] usable
[STDOUT  ] 2017-07-09T17:17:20.608583416Z: [    0.000000] BIOS-e820: [mem 0x000000003ffdf000-0x000000003fffffff] reserved
[STDOUT  ] 2017-07-09T17:17:20.60911951Z: [    0.000000] BIOS-e820: [mem 0x00000000b0000000-0x00000000bfffffff] reserved
[STDOUT  ] 2017-07-09T17:17:20.609671764Z: [    0.000000] BIOS-e820: [mem 0x00000000fed1c000-0x00000000fed1ffff] reserved
[STDOUT  ] 2017-07-09T17:17:20.61021648Z: [    0.000000] BIOS-e820: [mem 0x00000000fffc0000-0x00000000ffffffff] reserved
[STDOUT  ] 2017-07-09T17:17:20.610604619Z: [    0.000000] NX (Execute Disable) protection: active
[STDOUT  ] 2017-07-09T17:17:20.610876176Z: [    0.000000] SMBIOS 2.8 present.
[STDOUT  ] 2017-07-09T17:17:20.611362852Z: [    0.000000] e820: last_pfn = 0x3ffdf max_arch_pfn = 0x400000000
[STDOUT  ] 2017-07-09T17:17:20.611910437Z: [    0.000000] x86/PAT: Configuration [0-7]: WB  WC  UC- UC  WB  WC  UC- WT  
[STDOUT  ] 2017-07-09T17:17:20.612538431Z: [    0.000000] found SMP MP-table at [mem 0x000f6aa0-0x000f6aaf] mapped at [ffff8a6d400f6aa0]
[STDOUT  ] 2017-07-09T17:17:20.61290971Z: [    0.000000] RAMDISK: [mem 0x3d817000-0x3ffcffff]
[STDOUT  ] 2017-07-09T17:17:20.613334006Z: [    0.000000] ACPI: Early table checksum verification disabled
[STDOUT  ] 2017-07-09T17:17:20.613767432Z: [    0.000000] ACPI: RSDP 0x00000000000F68C0 000014 (v00 BOCHS )
[STDOUT  ] 2017-07-09T17:17:20.61436589Z: [    0.000000] ACPI: RSDT 0x000000003FFE2404 000034 (v01 BOCHS  BXPCRSDT 00000001 BXPC 00000001)
[STDOUT  ] 2017-07-09T17:17:20.614979372Z: [    0.000000] ACPI: FACP 0x000000003FFE22A4 000074 (v01 BOCHS  BXPCFACP 00000001 BXPC 00000001)
[STDOUT  ] 2017-07-09T17:17:20.615669112Z: [    0.000000] ACPI: DSDT 0x000000003FFE0040 002264 (v01 BOCHS  BXPCDSDT 00000001 BXPC 00000001)
[STDOUT  ] 2017-07-09T17:17:20.616030213Z: [    0.000000] ACPI: FACS 0x000000003FFE0000 000040
[STDOUT  ] 2017-07-09T17:17:20.616634143Z: [    0.000000] ACPI: APIC 0x000000003FFE2318 000078 (v01 BOCHS  BXPCAPIC 00000001 BXPC 00000001)
[STDOUT  ] 2017-07-09T17:17:20.617245155Z: [    0.000000] ACPI: HPET 0x000000003FFE2390 000038 (v01 BOCHS  BXPCHPET 00000001 BXPC 00000001)
[STDOUT  ] 2017-07-09T17:17:20.617906203Z: [    0.000000] ACPI: MCFG 0x000000003FFE23C8 00003C (v01 BOCHS  BXPCMCFG 00000001 BXPC 00000001)
[STDOUT  ] 2017-07-09T17:17:20.618114204Z: [    0.000000] Zone ranges:
[STDOUT  ] 2017-07-09T17:17:20.618555831Z: [    0.000000]   DMA      [mem 0x0000000000001000-0x0000000000ffffff]
[STDOUT  ] 2017-07-09T17:17:20.619011904Z: [    0.000000]   DMA32    [mem 0x0000000001000000-0x000000003ffdefff]
[STDOUT  ] 2017-07-09T17:17:20.619230885Z: [    0.000000]   Normal   empty
[STDOUT  ] 2017-07-09T17:17:20.619559205Z: [    0.000000] Movable zone start for each node
[STDOUT  ] 2017-07-09T17:17:20.619831716Z: [    0.000000] Early memory node ranges
[STDOUT  ] 2017-07-09T17:17:20.620284945Z: [    0.000000]   node   0: [mem 0x0000000000001000-0x000000000009efff]
[STDOUT  ] 2017-07-09T17:17:20.620738349Z: [    0.000000]   node   0: [mem 0x0000000000100000-0x000000003ffdefff]
[STDOUT  ] 2017-07-09T17:17:20.621236974Z: [    0.000000] Initmem setup node 0 [mem 0x0000000000001000-0x000000003ffdefff]
[STDOUT  ] 2017-07-09T17:17:20.62159467Z: [    0.000000] ACPI: PM-Timer IO Port: 0x608
[STDOUT  ] 2017-07-09T17:17:20.622060044Z: [    0.000000] ACPI: LAPIC_NMI (acpi_id[0xff] dfl dfl lint[0x1])
[STDOUT  ] 2017-07-09T17:17:20.622552632Z: [    0.000000] IOAPIC[0]: apic_id 0, version 32, address 0xfec00000, GSI 0-23
[STDOUT  ] 2017-07-09T17:17:20.623030798Z: [    0.000000] ACPI: INT_SRC_OVR (bus 0 bus_irq 0 global_irq 2 dfl dfl)
[STDOUT  ] 2017-07-09T17:17:20.623521861Z: [    0.000000] ACPI: INT_SRC_OVR (bus 0 bus_irq 5 global_irq 5 high level)
[STDOUT  ] 2017-07-09T17:17:20.624007994Z: [    0.000000] ACPI: INT_SRC_OVR (bus 0 bus_irq 9 global_irq 9 high level)
[STDOUT  ] 2017-07-09T17:17:20.624498773Z: [    0.000000] ACPI: INT_SRC_OVR (bus 0 bus_irq 10 global_irq 10 high level)
[STDOUT  ] 2017-07-09T17:17:20.624986832Z: [    0.000000] ACPI: INT_SRC_OVR (bus 0 bus_irq 11 global_irq 11 high level)
[STDOUT  ] 2017-07-09T17:17:20.625415655Z: [    0.000000] Using ACPI (MADT) for SMP configuration information
[STDOUT  ] 2017-07-09T17:17:20.625802857Z: [    0.000000] ACPI: HPET id: 0x8086a201 base: 0xfed00000
[STDOUT  ] 2017-07-09T17:17:20.626160357Z: [    0.000000] smpboot: Allowing 1 CPUs, 0 hotplug CPUs
[STDOUT  ] 2017-07-09T17:17:20.626644058Z: [    0.000000] e820: [mem 0x40000000-0xafffffff] available for PCI devices
[STDOUT  ] 2017-07-09T17:17:20.627050332Z: [    0.000000] Booting paravirtualized kernel on bare hardware
[STDOUT  ] 2017-07-09T17:17:20.627830937Z: [    0.000000] clocksource: refined-jiffies: mask: 0xffffffff max_cycles: 0xffffffff, max_idle_ns: 19112604462750000 ns
[STDOUT  ] 2017-07-09T17:17:20.628440799Z: [    0.000000] setup_percpu: NR_CPUS:128 nr_cpumask_bits:128 nr_cpu_ids:1 nr_node_ids:1
[STDOUT  ] 2017-07-09T17:17:20.629069713Z: [    0.000000] percpu: Embedded 35 pages/cpu @ffff8a6d7d600000 s105112 r8192 d30056 u2097152
[STDOUT  ] 2017-07-09T17:17:20.629646556Z: [    0.000000] Built 1 zonelists in Zone order, mobility grouping on.  Total pages: 257896
[STDOUT  ] 2017-07-09T17:17:20.63006164Z: [    0.000000] Kernel command line: console=ttyS0 page_poison=1
[STDOUT  ] 2017-07-09T17:17:20.63049984Z: [    0.000000] PID hash table entries: 4096 (order: 3, 32768 bytes)
[STDOUT  ] 2017-07-09T17:17:20.63101479Z: [    0.000000] Dentry cache hash table entries: 131072 (order: 8, 1048576 bytes)
[STDOUT  ] 2017-07-09T17:17:20.631511358Z: [    0.000000] Inode-cache hash table entries: 65536 (order: 7, 524288 bytes)
[STDOUT  ] 2017-07-09T17:17:20.632452741Z: [    0.000000] Memory: 973504K/1048052K available (8019K kernel code, 1366K rwdata, 2692K rodata, 1372K init, 568K bss, 74548K reserved, 0K cma-reserved)
[STDOUT  ] 2017-07-09T17:17:20.632844419Z: [    0.000000] Hierarchical RCU implementation.
[STDOUT  ] 2017-07-09T17:17:20.63325357Z: [    0.000000] 	Build-time adjustment of leaf fanout to 64.
[STDOUT  ] 2017-07-09T17:17:20.633712695Z: [    0.000000] 	RCU restricting CPUs from NR_CPUS=128 to nr_cpu_ids=1.
[STDOUT  ] 2017-07-09T17:17:20.634213684Z: [    0.000000] RCU: Adjusting geometry for rcu_fanout_leaf=64, nr_cpu_ids=1
[STDOUT  ] 2017-07-09T17:17:20.634498911Z: [    0.000000] NR_IRQS:8448 nr_irqs:256 16
[STDOUT  ] 2017-07-09T17:17:20.6347931Z: [    0.000000] Console: colour VGA+ 80x25
[STDOUT  ] 2017-07-09T17:17:20.635154023Z: [    0.000000] console [ttyS0] enabled
[STDOUT  ] 2017-07-09T17:17:20.63729431Z: [    0.000000] allocated 2097152 bytes of page_ext
[STDOUT  ] 2017-07-09T17:17:20.640915485Z: [    0.000000] clocksource: hpet: mask: 0xffffffff max_cycles: 0xffffffff, max_idle_ns: 19112604467 ns
[STDOUT  ] 2017-07-09T17:17:20.68488359Z: [    0.000000] tsc: Fast TSC calibration using PIT
[STDOUT  ] 2017-07-09T17:17:20.685528781Z: [    0.000000] tsc: Detected 2300.102 MHz processor
[STDOUT  ] 2017-07-09T17:17:20.688250382Z: [    0.021471] Calibrating delay loop (skipped), value calculated using timer frequency.. 4600.20 BogoMIPS (lpj=23001020)
[STDOUT  ] 2017-07-09T17:17:20.68876148Z: [    0.022698] pid_max: default: 32768 minimum: 301
[STDOUT  ] 2017-07-09T17:17:20.689679744Z: [    0.023663] ACPI: Core revision 20160831
[STDOUT  ] 2017-07-09T17:17:20.734275303Z: [    0.071504] ACPI: 1 ACPI AML tables successfully acquired and loaded
[STDOUT  ] 2017-07-09T17:17:20.737607652Z: [    0.075048] Security Framework initialized
[STDOUT  ] 2017-07-09T17:17:20.737988865Z: [    0.075520] Yama: becoming mindful.
[STDOUT  ] 2017-07-09T17:17:20.740251348Z: [    0.077546] Mount-cache hash table entries: 2048 (order: 2, 16384 bytes)
[STDOUT  ] 2017-07-09T17:17:20.740909468Z: [    0.078166] Mountpoint-cache hash table entries: 2048 (order: 2, 16384 bytes)
[STDOUT  ] 2017-07-09T17:17:20.760121867Z: [    0.097455] Last level iTLB entries: 4KB 0, 2MB 0, 4MB 0
[STDOUT  ] 2017-07-09T17:17:20.76067828Z: [    0.097977] Last level dTLB entries: 4KB 0, 2MB 0, 4MB 0, 1GB 0
[STDOUT  ] 2017-07-09T17:17:21.111104657Z: [    0.448264] Freeing SMP alternatives memory: 20K (ffffffffa7eae000 - ffffffffa7eb3000)
[STDOUT  ] 2017-07-09T17:17:21.120327975Z: [    0.457718] ftrace: allocating 35428 entries in 139 pages
[STDOUT  ] 2017-07-09T17:17:21.420262249Z: [    0.617619] smpboot: Max logical packages: 1
[STDOUT  ] 2017-07-09T17:17:21.427098884Z: [    0.624520] ..TIMER: vector=0x30 apic1=0 pin1=2 apic2=-1 pin2=-1
[STDOUT  ] 2017-07-09T17:17:21.644737166Z: [    0.730000] smpboot: CPU0: AMD QEMU Virtual CPU version 2.5+ (family: 0x6, model: 0x6, stepping: 0x3)
[STDOUT  ] 2017-07-09T17:17:21.646669517Z: [    0.730000] Performance Events: PMU not available due to virtualization, using software events only.
[STDOUT  ] 2017-07-09T17:17:21.672628163Z: [    0.748565] NMI watchdog: disabled (cpu0): hardware events not enabled
[STDOUT  ] 2017-07-09T17:17:21.673509559Z: [    0.749437] NMI watchdog: Shutting down hard lockup detector on all cpus
[STDOUT  ] 2017-07-09T17:17:21.677266341Z: [    0.753249] x86: Booted up 1 node, 1 CPUs
[STDOUT  ] 2017-07-09T17:17:21.678155353Z: [    0.753872] smpboot: Total of 1 processors activated (4600.20 BogoMIPS)
[STDOUT  ] 2017-07-09T17:17:21.7000119Z: [    0.776199] devtmpfs: initialized
[STDOUT  ] 2017-07-09T17:17:21.705570673Z: [    0.781954] x86/mm: Memory block size: 128MB
[STDOUT  ] 2017-07-09T17:17:21.770660697Z: [    0.846401] clocksource: jiffies: mask: 0xffffffff max_cycles: 0xffffffff, max_idle_ns: 19112604462750000 ns
[STDOUT  ] 2017-07-09T17:17:21.771365055Z: [    0.847369] futex hash table entries: 256 (order: 2, 16384 bytes)
[STDOUT  ] 2017-07-09T17:17:21.779969806Z: [    0.856271] NET: Registered protocol family 16
[STDOUT  ] 2017-07-09T17:17:21.789394468Z: [    0.865808] cpuidle: using governor ladder
[STDOUT  ] 2017-07-09T17:17:21.789947924Z: [    0.866356] cpuidle: using governor menu
[STDOUT  ] 2017-07-09T17:17:21.791082775Z: [    0.867511] ACPI: bus type PCI registered
[STDOUT  ] 2017-07-09T17:17:21.794474387Z: [    0.870598] PCI: MMCONFIG for domain 0000 [bus 00-ff] at [mem 0xb0000000-0xbfffffff] (base 0xb0000000)
[STDOUT  ] 2017-07-09T17:17:21.795123916Z: [    0.871390] PCI: MMCONFIG at [mem 0xb0000000-0xbfffffff] reserved in E820
[STDOUT  ] 2017-07-09T17:17:21.796365898Z: [    0.872707] PCI: Using configuration type 1 for base access
[STDOUT  ] 2017-07-09T17:17:21.852029446Z: [    0.928292] HugeTLB registered 2 MB page size, pre-allocated 0 pages
[STDOUT  ] 2017-07-09T17:17:21.865601597Z: [    0.941971] ACPI: Added _OSI(Module Device)
[STDOUT  ] 2017-07-09T17:17:21.865998718Z: [    0.942384] ACPI: Added _OSI(Processor Device)
[STDOUT  ] 2017-07-09T17:17:21.866360399Z: [    0.942735] ACPI: Added _OSI(3.0 _SCP Extensions)
[STDOUT  ] 2017-07-09T17:17:21.866765372Z: [    0.943096] ACPI: Added _OSI(Processor Aggregator Device)
[STDOUT  ] 2017-07-09T17:17:21.941028358Z: [    1.017397] ACPI: Interpreter enabled
[STDOUT  ] 2017-07-09T17:17:21.941881173Z: [    1.018301] ACPI: (supports S0 S5)
[STDOUT  ] 2017-07-09T17:17:21.942393052Z: [    1.018700] ACPI: Using IOAPIC for interrupt routing
[STDOUT  ] 2017-07-09T17:17:21.944903038Z: [    1.020812] PCI: Using host bridge windows from ACPI; if necessary, use "pci=nocrs" and report a bug
[STDOUT  ] 2017-07-09T17:17:22.008383585Z: [    1.084585] ACPI: PCI Root Bridge [PCI0] (domain 0000 [bus 00-ff])
[STDOUT  ] 2017-07-09T17:17:22.009536966Z: [    1.085639] acpi PNP0A08:00: _OSC: OS supports [ExtendedConfig ASPM ClockPM Segments MSI]
[STDOUT  ] 2017-07-09T17:17:22.016141142Z: [    1.092172] acpi PNP0A08:00: _OSC: OS now controls [PCIeHotplug PME PCIeCapability]
[STDOUT  ] 2017-07-09T17:17:22.019659407Z: [    1.095988] PCI host bridge to bus 0000:00
[STDOUT  ] 2017-07-09T17:17:22.020271328Z: [    1.096440] pci_bus 0000:00: root bus resource [io  0x0000-0x0cf7 window]
[STDOUT  ] 2017-07-09T17:17:22.020760905Z: [    1.096936] pci_bus 0000:00: root bus resource [io  0x0d00-0xffff window]
[STDOUT  ] 2017-07-09T17:17:22.021268043Z: [    1.097406] pci_bus 0000:00: root bus resource [mem 0x000a0000-0x000bffff window]
[STDOUT  ] 2017-07-09T17:17:22.02177672Z: [    1.097912] pci_bus 0000:00: root bus resource [mem 0xc0000000-0xfebfffff window]
[STDOUT  ] 2017-07-09T17:17:22.022316327Z: [    1.098539] pci_bus 0000:00: root bus resource [bus 00-ff]
[STDOUT  ] 2017-07-09T17:17:22.111190522Z: [    1.185841] pci 0000:00:1f.0: quirk: [io  0x0600-0x067f] claimed by ICH6 ACPI/GPIO/TCO
[STDOUT  ] 2017-07-09T17:17:22.16575906Z: [    1.241724] ACPI: PCI Interrupt Link [LNKA] (IRQs 5 *10 11)
[STDOUT  ] 2017-07-09T17:17:22.1679981Z: [    1.244093] ACPI: PCI Interrupt Link [LNKB] (IRQs 5 *10 11)
[STDOUT  ] 2017-07-09T17:17:22.170124196Z: [    1.246119] ACPI: PCI Interrupt Link [LNKC] (IRQs 5 10 *11)
[STDOUT  ] 2017-07-09T17:17:22.172117814Z: [    1.248244] ACPI: PCI Interrupt Link [LNKD] (IRQs 5 10 *11)
[STDOUT  ] 2017-07-09T17:17:22.174249964Z: [    1.250401] ACPI: PCI Interrupt Link [LNKE] (IRQs 5 *10 11)
[STDOUT  ] 2017-07-09T17:17:22.176077238Z: [    1.252260] ACPI: PCI Interrupt Link [LNKF] (IRQs 5 *10 11)
[STDOUT  ] 2017-07-09T17:17:22.177873891Z: [    1.254055] ACPI: PCI Interrupt Link [LNKG] (IRQs 5 10 *11)
[STDOUT  ] 2017-07-09T17:17:22.179620687Z: [    1.255785] ACPI: PCI Interrupt Link [LNKH] (IRQs 5 10 *11)
[STDOUT  ] 2017-07-09T17:17:22.180406877Z: [    1.256648] ACPI: PCI Interrupt Link [GSIA] (IRQs *16)
[STDOUT  ] 2017-07-09T17:17:22.181050646Z: [    1.257297] ACPI: PCI Interrupt Link [GSIB] (IRQs *17)
[STDOUT  ] 2017-07-09T17:17:22.18168708Z: [    1.257935] ACPI: PCI Interrupt Link [GSIC] (IRQs *18)
[STDOUT  ] 2017-07-09T17:17:22.182325782Z: [    1.258572] ACPI: PCI Interrupt Link [GSID] (IRQs *19)
[STDOUT  ] 2017-07-09T17:17:22.182960915Z: [    1.259208] ACPI: PCI Interrupt Link [GSIE] (IRQs *20)
[STDOUT  ] 2017-07-09T17:17:22.183709773Z: [    1.259845] ACPI: PCI Interrupt Link [GSIF] (IRQs *21)
[STDOUT  ] 2017-07-09T17:17:22.184365246Z: [    1.260393] ACPI: PCI Interrupt Link [GSIG] (IRQs *22)
[STDOUT  ] 2017-07-09T17:17:22.185047958Z: [    1.261080] ACPI: PCI Interrupt Link [GSIH] (IRQs *23)
[STDOUT  ] 2017-07-09T17:17:22.188683636Z: [    1.264720] ACPI: Enabled 2 GPEs in block 00 to 3F
[STDOUT  ] 2017-07-09T17:17:22.193157552Z: [    1.269131] SCSI subsystem initialized
[STDOUT  ] 2017-07-09T17:17:22.195524903Z: [    1.271859] ACPI: bus type USB registered
[STDOUT  ] 2017-07-09T17:17:22.196688123Z: [    1.272960] usbcore: registered new interface driver usbfs
[STDOUT  ] 2017-07-09T17:17:22.197649948Z: [    1.273902] usbcore: registered new interface driver hub
[STDOUT  ] 2017-07-09T17:17:22.19845098Z: [    1.274738] usbcore: registered new device driver usb
[STDOUT  ] 2017-07-09T17:17:22.1995801Z: [    1.275871] pps_core: LinuxPPS API ver. 1 registered
[STDOUT  ] 2017-07-09T17:17:22.20018192Z: [    1.276238] pps_core: Software ver. 5.3.6 - Copyright 2005-2007 Rodolfo Giometti <giometti@linux.it>
[STDOUT  ] 2017-07-09T17:17:22.20060254Z: [    1.276962] PTP clock support registered
[STDOUT  ] 2017-07-09T17:17:22.201670407Z: [    1.278087] wmi: Mapper loaded
[STDOUT  ] 2017-07-09T17:17:22.20276127Z: [    1.279109] PCI: Using ACPI for IRQ routing
[STDOUT  ] 2017-07-09T17:17:22.220994061Z: [    1.297310] NetLabel: Initializing
[STDOUT  ] 2017-07-09T17:17:22.221347433Z: [    1.297635] NetLabel:  domain hash size = 128
[STDOUT  ] 2017-07-09T17:17:22.221735269Z: [    1.297979] NetLabel:  protocols = UNLABELED CIPSOv4
[STDOUT  ] 2017-07-09T17:17:22.224078894Z: [    1.300138] NetLabel:  unlabeled traffic allowed by default
[STDOUT  ] 2017-07-09T17:17:22.225257219Z: [    1.301283] HPET: 3 timers in total, 0 timers will be used for per-cpu timer
[STDOUT  ] 2017-07-09T17:17:22.226090363Z: [    1.302105] hpet0: at MMIO 0xfed00000, IRQs 2, 8, 0
[STDOUT  ] 2017-07-09T17:17:22.226553805Z: [    1.302672] hpet0: 3 comparators, 64-bit 100.000000 MHz counter
[STDOUT  ] 2017-07-09T17:17:22.234613408Z: [    1.309459] clocksource: Switched to clocksource hpet
[STDOUT  ] 2017-07-09T17:17:22.559840034Z: [    1.626003] VFS: Disk quotas dquot_6.6.0
[STDOUT  ] 2017-07-09T17:17:22.560799543Z: [    1.626849] VFS: Dquot-cache hash table entries: 512 (order 0, 4096 bytes)
[STDOUT  ] 2017-07-09T17:17:22.563540778Z: [    1.629848] FS-Cache: Loaded
[STDOUT  ] 2017-07-09T17:17:22.569105246Z: [    1.635427] CacheFiles: Loaded
[STDOUT  ] 2017-07-09T17:17:22.570707824Z: [    1.637017] pnp: PnP ACPI init
[STDOUT  ] 2017-07-09T17:17:22.582298312Z: [    1.648539] pnp: PnP ACPI: found 5 devices
[STDOUT  ] 2017-07-09T17:17:22.63261814Z: [    1.698526] clocksource: acpi_pm: mask: 0xffffff max_cycles: 0xffffff, max_idle_ns: 2085701024 ns
[STDOUT  ] 2017-07-09T17:17:22.635628592Z: [    1.701849] NET: Registered protocol family 2
[STDOUT  ] 2017-07-09T17:17:22.643485332Z: [    1.709504] TCP established hash table entries: 8192 (order: 4, 65536 bytes)
[STDOUT  ] 2017-07-09T17:17:22.644381417Z: [    1.710492] TCP bind hash table entries: 8192 (order: 5, 131072 bytes)
[STDOUT  ] 2017-07-09T17:17:22.645074374Z: [    1.711202] TCP: Hash tables configured (established 8192 bind 8192)
[STDOUT  ] 2017-07-09T17:17:22.646983911Z: [    1.713129] UDP hash table entries: 512 (order: 2, 16384 bytes)
[STDOUT  ] 2017-07-09T17:17:22.647599227Z: [    1.713696] UDP-Lite hash table entries: 512 (order: 2, 16384 bytes)
[STDOUT  ] 2017-07-09T17:17:22.649757202Z: [    1.715988] NET: Registered protocol family 1
[STDOUT  ] 2017-07-09T17:17:22.65089807Z: [    1.716915] pci 0000:00:01.0: Video device with shadowed ROM at [mem 0x000c0000-0x000dffff]
[STDOUT  ] 2017-07-09T17:17:22.658194548Z: [    1.724476] Unpacking initramfs...
[STDOUT  ] 2017-07-09T17:17:27.835176766Z: [    6.901162] Freeing initrd memory: 40676K (ffff8a6d7d817000 - ffff8a6d7ffd0000)
[STDOUT  ] 2017-07-09T17:17:27.86905868Z: [    6.935295] PCLMULQDQ-NI instructions are not detected.
[STDOUT  ] 2017-07-09T17:17:27.87020685Z: [    6.936411] AVX or AES-NI instructions are not detected.
[STDOUT  ] 2017-07-09T17:17:27.870596561Z: [    6.936821] CPU feature 'AVX registers' is not supported.
[STDOUT  ] 2017-07-09T17:17:27.870955312Z: [    6.937190] CPU feature 'AVX registers' is not supported.
[STDOUT  ] 2017-07-09T17:17:27.871295423Z: [    6.937542] CPU feature 'AVX registers' is not supported.
[STDOUT  ] 2017-07-09T17:17:27.871657926Z: [    6.937884] CPU feature 'AVX registers' is not supported.
[STDOUT  ] 2017-07-09T17:17:27.872003456Z: [    6.938236] AVX2 or AES-NI instructions are not detected.
[STDOUT  ] 2017-07-09T17:17:27.872322433Z: [    6.938598] AVX2 instructions are not detected.
[STDOUT  ] 2017-07-09T17:17:27.879134805Z: [    6.945362] audit: initializing netlink subsys (disabled)
[STDOUT  ] 2017-07-09T17:17:27.880899242Z: [    6.947091] audit: type=2000 audit(1499620646.940:1): initialized
[STDOUT  ] 2017-07-09T17:17:27.888448805Z: [    6.954596] workingset: timestamp_bits=46 max_order=18 bucket_order=0
[STDOUT  ] 2017-07-09T17:17:27.896784982Z: [    6.962979] FS-Cache: Netfs 'cifs' registered for caching
[STDOUT  ] 2017-07-09T17:17:27.897589424Z: [    6.963865] fuse init (API version 7.26)
[STDOUT  ] 2017-07-09T17:17:27.899810191Z: [    6.966003] SGI XFS with ACLs, security attributes, no debug enabled
[STDOUT  ] 2017-07-09T17:17:27.903303573Z: [    6.969516] 9p: Installing v9fs 9p2000 file system support
[STDOUT  ] 2017-07-09T17:17:27.903764879Z: [    6.969951] FS-Cache: Netfs '9p' registered for caching
[STDOUT  ] 2017-07-09T17:17:27.935657794Z: [    7.001928] NET: Registered protocol family 38
[STDOUT  ] 2017-07-09T17:17:27.936116937Z: [    7.002434] Key type asymmetric registered
[STDOUT  ] 2017-07-09T17:17:27.936498079Z: [    7.002749] Asymmetric key parser 'x509' registered
[STDOUT  ] 2017-07-09T17:17:27.937299078Z: [    7.003449] Block layer SCSI generic (bsg) driver version 0.4 loaded (major 251)
[STDOUT  ] 2017-07-09T17:17:27.93838468Z: [    7.004689] io scheduler noop registered
[STDOUT  ] 2017-07-09T17:17:27.938747101Z: [    7.004982] io scheduler deadline registered (default)
[STDOUT  ] 2017-07-09T17:17:27.939217977Z: [    7.005540] io scheduler cfq registered
[STDOUT  ] 2017-07-09T17:17:27.942003021Z: [    7.008206] pci_hotplug: PCI Hot Plug PCI Core version: 0.5
[STDOUT  ] 2017-07-09T17:17:27.942543845Z: [    7.008736] pciehp: PCI Express Hot Plug Controller Driver version: 0.4
[STDOUT  ] 2017-07-09T17:17:27.94332464Z: [    7.009502] shpchp: Standard Hot Plug PCI Controller Driver version: 0.4
[STDOUT  ] 2017-07-09T17:17:27.945383577Z: [    7.011652] hv_vmbus: registering driver hyperv_fb
[STDOUT  ] 2017-07-09T17:17:27.948564595Z: [    7.014694] input: Power Button as /devices/LNXSYSTM:00/LNXPWRBN:00/input/input0
[STDOUT  ] 2017-07-09T17:17:27.949323363Z: [    7.015644] ACPI: Power Button [PWRF]
[STDOUT  ] 2017-07-09T17:17:27.954128434Z: [    7.020400] GHES: HEST is not enabled!
[STDOUT  ] 2017-07-09T17:17:27.966652858Z: [    7.032853] ACPI: PCI Interrupt Link [GSIH] enabled at IRQ 23
[STDOUT  ] 2017-07-09T17:17:27.972839837Z: [    7.039044] xenfs: not registering filesystem on non-xen platform
[STDOUT  ] 2017-07-09T17:17:27.974990725Z: [    7.041167] Serial: 8250/16550 driver, 4 ports, IRQ sharing disabled
[STDOUT  ] 2017-07-09T17:17:28.004530063Z: [    7.070641] 00:04: ttyS0 at I/O 0x3f8 (irq = 4, base_baud = 115200) is a 16550A
[STDOUT  ] 2017-07-09T17:17:28.015510705Z: [    7.081783] Non-volatile memory driver v1.3
[STDOUT  ] 2017-07-09T17:17:28.02267341Z: [    7.088725] Hangcheck: starting hangcheck timer 0.9.1 (tick is 180 seconds, margin is 60 seconds).
[STDOUT  ] 2017-07-09T17:17:28.027716086Z: [    7.094048] random: fast init done
[STDOUT  ] 2017-07-09T17:17:28.028871045Z: [    7.095178] random: crng init done
[STDOUT  ] 2017-07-09T17:17:28.06366984Z: [    7.129929] loop: module loaded
[STDOUT  ] 2017-07-09T17:17:28.078247162Z: [    7.144540] nbd: registered device at major 43
[STDOUT  ] 2017-07-09T17:17:28.121908196Z: [    7.188077] lpc_ich 0000:00:1f.0: I/O space for GPIO uninitialized
[STDOUT  ] 2017-07-09T17:17:28.123536939Z: [    7.189789] VMware PVSCSI driver - version 1.0.7.0-k
[STDOUT  ] 2017-07-09T17:17:28.124386664Z: [    7.190655] hv_vmbus: registering driver hv_storvsc
[STDOUT  ] 2017-07-09T17:17:28.135294809Z: [    7.201481] ACPI: PCI Interrupt Link [GSIA] enabled at IRQ 16
[STDOUT  ] 2017-07-09T17:17:28.14138948Z: [    7.207432] ahci 0000:00:1f.2: AHCI 0001.0000 32 slots 6 ports 1.5 Gbps 0x3f impl SATA mode
[STDOUT  ] 2017-07-09T17:17:28.141762669Z: [    7.208042] ahci 0000:00:1f.2: flags: 64bit ncq only 
[STDOUT  ] 2017-07-09T17:17:28.161988559Z: [    7.228328] scsi host0: ahci
[STDOUT  ] 2017-07-09T17:17:28.166090248Z: [    7.232437] scsi host1: ahci
[STDOUT  ] 2017-07-09T17:17:28.168475035Z: [    7.234795] scsi host2: ahci
[STDOUT  ] 2017-07-09T17:17:28.170979658Z: [    7.237343] scsi host3: ahci
[STDOUT  ] 2017-07-09T17:17:28.17318505Z: [    7.239519] scsi host4: ahci
[STDOUT  ] 2017-07-09T17:17:28.175471195Z: [    7.241800] scsi host5: ahci
[STDOUT  ] 2017-07-09T17:17:28.177457126Z: [    7.243555] ata1: SATA max UDMA/133 abar m4096@0xfebf1000 port 0xfebf1100 irq 24
[STDOUT  ] 2017-07-09T17:17:28.177957384Z: [    7.244082] ata2: SATA max UDMA/133 abar m4096@0xfebf1000 port 0xfebf1180 irq 24
[STDOUT  ] 2017-07-09T17:17:28.178387176Z: [    7.244518] ata3: SATA max UDMA/133 abar m4096@0xfebf1000 port 0xfebf1200 irq 24
[STDOUT  ] 2017-07-09T17:17:28.178818066Z: [    7.244944] ata4: SATA max UDMA/133 abar m4096@0xfebf1000 port 0xfebf1280 irq 24
[STDOUT  ] 2017-07-09T17:17:28.179224227Z: [    7.245373] ata5: SATA max UDMA/133 abar m4096@0xfebf1000 port 0xfebf1300 irq 24
[STDOUT  ] 2017-07-09T17:17:28.179678135Z: [    7.245792] ata6: SATA max UDMA/133 abar m4096@0xfebf1000 port 0xfebf1380 irq 24
[STDOUT  ] 2017-07-09T17:17:28.1918184Z: [    7.258045] tun: Universal TUN/TAP device driver, 1.6
[STDOUT  ] 2017-07-09T17:17:28.192190451Z: [    7.258388] tun: (C) 1999-2004 Max Krasnyansky <maxk@qualcomm.com>
[STDOUT  ] 2017-07-09T17:17:28.194614854Z: [    7.260766] VMware vmxnet3 virtual NIC driver - version 1.4.a.0-k-NAPI
[STDOUT  ] 2017-07-09T17:17:28.195278194Z: [    7.261534] hv_vmbus: registering driver hv_netvsc
[STDOUT  ] 2017-07-09T17:17:28.195547563Z: [    7.261850] Fusion MPT base driver 3.04.20
[STDOUT  ] 2017-07-09T17:17:28.195842372Z: [    7.262093] Copyright (c) 1999-2008 LSI Corporation
[STDOUT  ] 2017-07-09T17:17:28.19633156Z: [    7.262611] Fusion MPT SPI Host driver 3.04.20
[STDOUT  ] 2017-07-09T17:17:28.198503122Z: [    7.264588] i8042: PNP: PS/2 Controller [PNP0303:KBD,PNP0f13:MOU] at 0x60,0x64 irq 1,12
[STDOUT  ] 2017-07-09T17:17:28.202213955Z: [    7.268456] serio: i8042 KBD port at 0x60,0x64 irq 1
[STDOUT  ] 2017-07-09T17:17:28.20276144Z: [    7.269004] serio: i8042 AUX port at 0x60,0x64 irq 12
[STDOUT  ] 2017-07-09T17:17:28.206362165Z: [    7.272606] hv_vmbus: registering driver hyperv_keyboard
[STDOUT  ] 2017-07-09T17:17:28.208386419Z: [    7.274594] mousedev: PS/2 mouse device common for all mice
[STDOUT  ] 2017-07-09T17:17:28.213244905Z: [    7.279306] input: AT Translated Set 2 keyboard as /devices/platform/i8042/serio0/input/input1
[STDOUT  ] 2017-07-09T17:17:28.215476891Z: [    7.281642] input: PC Speaker as /devices/platform/pcspkr/input/input2
[STDOUT  ] 2017-07-09T17:17:28.219405383Z: [    7.285671] rtc_cmos 00:00: RTC can wake from S4
[STDOUT  ] 2017-07-09T17:17:28.222551644Z: [    7.288738] rtc_cmos 00:00: rtc core: registered rtc_cmos as rtc0
[STDOUT  ] 2017-07-09T17:17:28.223821612Z: [    7.289892] rtc_cmos 00:00: alarms up to one day, y3k, 114 bytes nvram, hpet irqs
[STDOUT  ] 2017-07-09T17:17:28.22448601Z: [    7.290822] i2c /dev entries driver
[STDOUT  ] 2017-07-09T17:17:28.22650646Z: [    7.292570] device-mapper: ioctl: 4.35.0-ioctl (2016-06-23) initialised: dm-devel@redhat.com
[STDOUT  ] 2017-07-09T17:17:28.239341096Z: [    7.296921] usbcore: registered new interface driver usbhid
[STDOUT  ] 2017-07-09T17:17:28.239378756Z: [    7.297326] usbhid: USB HID core driver
[STDOUT  ] 2017-07-09T17:17:28.239391803Z: [    7.298142] hv_utils: Registering HyperV Utility Driver
[STDOUT  ] 2017-07-09T17:17:28.239397601Z: [    7.298417] hv_vmbus: registering driver hv_util
[STDOUT  ] 2017-07-09T17:17:28.239415651Z: [    7.298645] hv_vmbus: registering driver hv_balloon
[STDOUT  ] 2017-07-09T17:17:28.239428126Z: [    7.299228] oprofile: using NMI interrupt.
[STDOUT  ] 2017-07-09T17:17:28.239435018Z: [    7.301287] GACT probability on
[STDOUT  ] 2017-07-09T17:17:28.239454329Z: [    7.301837] Mirror/redirect action on
[STDOUT  ] 2017-07-09T17:17:28.239460073Z: [    7.303234] Simple TC action Loaded
[STDOUT  ] 2017-07-09T17:17:28.2394903Z: [    7.304108] u32 classifier
[STDOUT  ] 2017-07-09T17:17:28.239497743Z: [    7.304298]     Performance counters on
[STDOUT  ] 2017-07-09T17:17:28.239509717Z: [    7.304519]     input device check on
[STDOUT  ] 2017-07-09T17:17:28.239528822Z: [    7.304752]     Actions configured
[STDOUT  ] 2017-07-09T17:17:28.239568445Z: [    7.305875] Netfilter messages via NETLINK v0.30.
[STDOUT  ] 2017-07-09T17:17:28.240002854Z: [    7.306314] nfnl_acct: registering with nfnetlink.
[STDOUT  ] 2017-07-09T17:17:28.241222016Z: [    7.307469] nf_conntrack version 0.5.0 (8192 buckets, 32768 max)
[STDOUT  ] 2017-07-09T17:17:28.244240437Z: [    7.310527] ctnetlink v0.93: registering with nfnetlink.
[STDOUT  ] 2017-07-09T17:17:28.247286543Z: [    7.313509] nf_tables: (c) 2007-2009 Patrick McHardy <kaber@trash.net>
[STDOUT  ] 2017-07-09T17:17:28.24808757Z: [    7.314210] nf_tables_compat: (c) 2012 Pablo Neira Ayuso <pablo@netfilter.org>
[STDOUT  ] 2017-07-09T17:17:28.250214275Z: [    7.316495] xt_time: kernel timezone is -0000
[STDOUT  ] 2017-07-09T17:17:28.250574817Z: [    7.316945] ip_set: protocol 6
[STDOUT  ] 2017-07-09T17:17:28.251286527Z: [    7.317500] IPVS: Registered protocols (TCP, UDP, SCTP, AH, ESP)
[STDOUT  ] 2017-07-09T17:17:28.251878932Z: [    7.318027] IPVS: Connection hash table configured (size=4096, memory=64Kbytes)
[STDOUT  ] 2017-07-09T17:17:28.253276342Z: [    7.319559] IPVS: Creating netns size=2104 id=0
[STDOUT  ] 2017-07-09T17:17:28.256111832Z: [    7.322444] IPVS: ipvs loaded.
[STDOUT  ] 2017-07-09T17:17:28.256477865Z: [    7.322763] IPVS: [rr] scheduler registered.
[STDOUT  ] 2017-07-09T17:17:28.256763725Z: [    7.323066] IPVS: [wrr] scheduler registered.
[STDOUT  ] 2017-07-09T17:17:28.257020319Z: [    7.323319] IPVS: [lc] scheduler registered.
[STDOUT  ] 2017-07-09T17:17:28.257343169Z: [    7.323569] IPVS: [wlc] scheduler registered.
[STDOUT  ] 2017-07-09T17:17:28.25755537Z: [    7.323835] IPVS: [fo] scheduler registered.
[STDOUT  ] 2017-07-09T17:17:28.257825596Z: [    7.324111] IPVS: [ovf] scheduler registered.
[STDOUT  ] 2017-07-09T17:17:28.258206796Z: [    7.324485] IPVS: [lblc] scheduler registered.
[STDOUT  ] 2017-07-09T17:17:28.258596454Z: [    7.324855] IPVS: [lblcr] scheduler registered.
[STDOUT  ] 2017-07-09T17:17:28.258866957Z: [    7.325162] IPVS: [dh] scheduler registered.
[STDOUT  ] 2017-07-09T17:17:28.259135187Z: [    7.325432] IPVS: [sh] scheduler registered.
[STDOUT  ] 2017-07-09T17:17:28.259419196Z: [    7.325703] IPVS: [sed] scheduler registered.
[STDOUT  ] 2017-07-09T17:17:28.259682404Z: [    7.325971] IPVS: [nq] scheduler registered.
[STDOUT  ] 2017-07-09T17:17:28.260365512Z: [    7.326609] IPVS: ftp: loaded support on port[0] = 21
[STDOUT  ] 2017-07-09T17:17:28.261148679Z: [    7.327384] ipip: IPv4 and MPLS over IPv4 tunneling driver
[STDOUT  ] 2017-07-09T17:17:28.265700505Z: [    7.331909] gre: GRE over IPv4 demultiplexor driver
[STDOUT  ] 2017-07-09T17:17:28.268311185Z: [    7.334527] ip_tables: (C) 2000-2006 Netfilter Core Team
[STDOUT  ] 2017-07-09T17:17:28.271403694Z: [    7.337553] ipt_CLUSTERIP: ClusterIP Version 0.8 loaded successfully
[STDOUT  ] 2017-07-09T17:17:28.272015Z: [    7.338222] arp_tables: arp_tables: (C) 2002 David S. Miller
[STDOUT  ] 2017-07-09T17:17:28.274938789Z: [    7.341210] NET: Registered protocol family 10
[STDOUT  ] 2017-07-09T17:17:28.283274874Z: [    7.349480] ip6_tables: (C) 2000-2006 Netfilter Core Team
[STDOUT  ] 2017-07-09T17:17:28.291477513Z: [    7.357719] NET: Registered protocol family 17
[STDOUT  ] 2017-07-09T17:17:28.292403994Z: [    7.358699] Bridge firewalling registered
[STDOUT  ] 2017-07-09T17:17:28.29284147Z: [    7.359159] Ebtables v2.0 registered
[STDOUT  ] 2017-07-09T17:17:28.295051101Z: [    7.361312] 8021q: 802.1Q VLAN Support v1.8
[STDOUT  ] 2017-07-09T17:17:28.296361458Z: [    7.362647] 9pnet: Installing 9P2000 support
[STDOUT  ] 2017-07-09T17:17:28.297748959Z: [    7.364022] Key type dns_resolver registered
[STDOUT  ] 2017-07-09T17:17:28.298580446Z: [    7.364827] microcode: AMD CPU family 0x6 not supported
[STDOUT  ] 2017-07-09T17:17:28.302026799Z: [    7.368301] registered taskstats version 1
[STDOUT  ] 2017-07-09T17:17:28.455056296Z: [    7.521284] Key type big_key registered
[STDOUT  ] 2017-07-09T17:17:28.509218652Z: [    7.575464] Key type encrypted registered
[STDOUT  ] 2017-07-09T17:17:28.514609544Z: [    7.580711] rtc_cmos 00:00: setting system clock to 2017-07-09 17:17:28 UTC (1499620648)
[STDOUT  ] 2017-07-09T17:17:28.517696667Z: [    7.583942] ata4: SATA link down (SStatus 0 SControl 300)
[STDOUT  ] 2017-07-09T17:17:28.519839292Z: [    7.586033] ata3: SATA link up 1.5 Gbps (SStatus 113 SControl 300)
[STDOUT  ] 2017-07-09T17:17:28.522255992Z: [    7.588473] ata2: SATA link down (SStatus 0 SControl 300)
[STDOUT  ] 2017-07-09T17:17:28.522675045Z: [    7.588916] ata1: SATA link down (SStatus 0 SControl 300)
[STDOUT  ] 2017-07-09T17:17:28.524796775Z: [    7.591000] ata3.00: ATAPI: QEMU DVD-ROM, 2.5+, max UDMA/100
[STDOUT  ] 2017-07-09T17:17:28.525141432Z: [    7.591444] ata3.00: applying bridge limits
[STDOUT  ] 2017-07-09T17:17:28.526892967Z: [    7.593166] ata3.00: configured for UDMA/100
[STDOUT  ] 2017-07-09T17:17:28.528501623Z: [    7.594733] ata5: SATA link down (SStatus 0 SControl 300)
[STDOUT  ] 2017-07-09T17:17:28.544080265Z: [    7.610325] ata6: SATA link down (SStatus 0 SControl 300)
[STDOUT  ] 2017-07-09T17:17:28.548065808Z: [    7.614195] scsi 2:0:0:0: CD-ROM            QEMU     QEMU DVD-ROM     2.5+ PQ: 0 ANSI: 5
[STDOUT  ] 2017-07-09T17:17:28.566832546Z: [    7.632950] sr 2:0:0:0: [sr0] scsi3-mmc drive: 4x/4x cd/rw xa/form2 tray
[STDOUT  ] 2017-07-09T17:17:28.567297843Z: [    7.633541] cdrom: Uniform CD-ROM driver Revision: 3.20
[STDOUT  ] 2017-07-09T17:17:28.574147886Z: [    7.640394] sr 2:0:0:0: Attached scsi generic sg0 type 5
[STDOUT  ] 2017-07-09T17:17:28.709337961Z: [    7.775415] Freeing unused kernel memory: 1372K (ffffffffa7d57000 - ffffffffa7eae000)
[STDOUT  ] 2017-07-09T17:17:28.709711129Z: [    7.775920] Write protecting the kernel read-only data: 12288k
[STDOUT  ] 2017-07-09T17:17:28.715650498Z: [    7.781747] Freeing unused kernel memory: 156K (ffff8a6d457d9000 - ffff8a6d45800000)
[STDOUT  ] 2017-07-09T17:17:28.824989824Z: [    7.891077] Freeing unused kernel memory: 1404K (ffff8a6d45aa1000 - ffff8a6d45c00000)
[STDOUT  ] 2017-07-09T17:17:28.854614825Z: [    7.920795] tsc: Refined TSC clocksource calibration: 2300.035 MHz
[STDOUT  ] 2017-07-09T17:17:28.855221707Z: [    7.921243] clocksource: tsc: mask: 0xffffffffffffffff max_cycles: 0x21275623ef1, max_idle_ns: 440795252285 ns
[STDOUT  ] 2017-07-09T17:17:29.874484013Z: [    8.940651] clocksource: Switched to clocksource tsc
[STDOUT  ] 2017-07-09T17:17:34.792508846Z: [   13.858397] e1000: Intel(R) PRO/1000 Network Driver - version 7.3.21-k8-NAPI
[STDOUT  ] 2017-07-09T17:17:34.793015278Z: [   13.859118] e1000: Copyright (c) 1999-2006 Intel Corporation.
[STDOUT  ] 2017-07-09T17:17:34.811516372Z: [   13.877615] ACPI: PCI Interrupt Link [GSIG] enabled at IRQ 22
[STDOUT  ] 2017-07-09T17:17:35.169827425Z: [   14.235767] e1000 0000:00:02.0 eth0: (PCI:33MHz:32-bit) 52:54:00:12:34:56
[STDOUT  ] 2017-07-09T17:17:35.170608336Z: [   14.236635] e1000 0000:00:02.0 eth0: Intel(R) PRO/1000 Network Connection
[STDOUT  ] 2017-07-09T17:17:35.578924956Z: 
[STDOUT  ] 2017-07-09T17:17:35.579848257Z: Starting containerd
[STDOUT  ] 2017-07-09T17:17:35.653382085Z: 
[STDOUT  ] 2017-07-09T17:17:35.663987976Z: Welcome to LinuxKit
[STDOUT  ] 2017-07-09T17:17:35.664087453Z: 
[STDOUT  ] 2017-07-09T17:17:35.664405036Z:                         ##         .
[STDOUT  ] 2017-07-09T17:17:35.664741988Z:                   ## ## ##        ==
[STDOUT  ] 2017-07-09T17:17:35.665050214Z:                ## ## ## ## ##    ===
[STDOUT  ] 2017-07-09T17:17:35.665399672Z:            /"""""""""""""""""\___/ ===
[STDOUT  ] 2017-07-09T17:17:35.665740254Z:           {                       /  ===-
[STDOUT  ] 2017-07-09T17:17:35.666039006Z:            \______ O           __/
[STDOUT  ] 2017-07-09T17:17:35.666324237Z:              \    \         __/
[STDOUT  ] 2017-07-09T17:17:35.666583506Z:               \____\_______/
[STDOUT  ] 2017-07-09T17:17:35.666654848Z: 
[STDOUT  ] 2017-07-09T17:17:36.004825599Z: [34mINFO[0m[0000] starting containerd boot...                   [34mmodule[0m=containerd
[STDOUT  ] 2017-07-09T17:17:36.031694456Z: [34mINFO[0m[0000] starting debug API...                         [34mdebug[0m="/run/containerd/debug.sock" [34mmodule[0m=containerd
[STDOUT  ] 2017-07-09T17:17:36.034696791Z: [34mINFO[0m[0000] loading plugin "io.containerd.content.v1.content"...  [34mmodule[0m=containerd [34mtype[0m=io.containerd.content.v1
[STDOUT  ] 2017-07-09T17:17:36.037938978Z: [34mINFO[0m[0000] loading plugin "io.containerd.snapshotter.v1.btrfs"...  [34mmodule[0m=containerd [34mtype[0m=io.containerd.snapshotter.v1
[STDOUT  ] 2017-07-09T17:17:36.039493597Z: [34mINFO[0m[0000] loading plugin "io.containerd.snapshotter.v1.overlayfs"...  [34mmodule[0m=containerd [34mtype[0m=io.containerd.snapshotter.v1
[STDOUT  ] 2017-07-09T17:17:36.046745016Z: [34mINFO[0m[0000] loading plugin "io.containerd.differ.v1.base-diff"...  [34mmodule[0m=containerd [34mtype[0m=io.containerd.differ.v1
[STDOUT  ] 2017-07-09T17:17:36.048438299Z: [34mINFO[0m[0000] loading plugin "io.containerd.metadata.v1.bolt"...  [34mmodule[0m=containerd [34mtype[0m=io.containerd.metadata.v1
[STDOUT  ] 2017-07-09T17:17:36.055639681Z: [34mINFO[0m[0000] loading plugin "io.containerd.grpc.v1.containers"...  [34mmodule[0m=containerd [34mtype[0m=io.containerd.grpc.v1
[STDOUT  ] 2017-07-09T17:17:36.057100919Z: [34mINFO[0m[0000] loading plugin "io.containerd.grpc.v1.content"...  [34mmodule[0m=containerd [34mtype[0m=io.containerd.grpc.v1
[STDOUT  ] 2017-07-09T17:17:36.058677172Z: [34mINFO[0m[0000] loading plugin "io.containerd.grpc.v1.diff"...  [34mmodule[0m=containerd [34mtype[0m=io.containerd.grpc.v1
[STDOUT  ] 2017-07-09T17:17:36.060209782Z: [34mINFO[0m[0000] loading plugin "io.containerd.monitor.v1.cgroups"...  [34mmodule[0m=containerd [34mtype[0m=io.containerd.monitor.v1
[STDOUT  ] 2017-07-09T17:17:36.079341568Z: [34mINFO[0m[0000] loading plugin "io.containerd.runtime.v1.linux"...  [34mmodule[0m=containerd [34mtype[0m=io.containerd.runtime.v1
[STDOUT  ] 2017-07-09T17:17:36.082474496Z: [34mINFO[0m[0000] loading plugin "io.containerd.grpc.v1.tasks"...  [34mmodule[0m=containerd [34mtype[0m=io.containerd.grpc.v1
[STDOUT  ] 2017-07-09T17:17:36.085112653Z: [34mINFO[0m[0000] loading plugin "io.containerd.grpc.v1.healthcheck"...  [34mmodule[0m=containerd [34mtype[0m=io.containerd.grpc.v1
[STDOUT  ] 2017-07-09T17:17:36.086596767Z: [34mINFO[0m[0000] loading plugin "io.containerd.grpc.v1.images"...  [34mmodule[0m=containerd [34mtype[0m=io.containerd.grpc.v1
[STDOUT  ] 2017-07-09T17:17:36.088223764Z: [34mINFO[0m[0000] loading plugin "io.containerd.grpc.v1.namespaces"...  [34mmodule[0m=containerd [34mtype[0m=io.containerd.grpc.v1
[STDOUT  ] 2017-07-09T17:17:36.089612587Z: [34mINFO[0m[0000] loading plugin "io.containerd.grpc.v1.snapshots"...  [34mmodule[0m=containerd [34mtype[0m=io.containerd.grpc.v1
[STDOUT  ] 2017-07-09T17:17:36.091000431Z: [34mINFO[0m[0000] loading plugin "io.containerd.grpc.v1.version"...  [34mmodule[0m=containerd [34mtype[0m=io.containerd.grpc.v1
[STDOUT  ] 2017-07-09T17:17:36.202169143Z: [34mINFO[0m[0000] starting GRPC API server...                   [34mmodule[0m=containerd
[STDOUT  ] 2017-07-09T17:17:36.207515608Z: [34mINFO[0m[0000] containerd successfully booted in 0.207022s   [34mmodule[0m=containerd
[STDOUT  ] 2017-07-09T17:17:37.819949376Z: Ports test case PASSED
[STDOUT  ] 2017-07-09T17:17:37.877384069Z:  - 000-test
[STDOUT  ] 2017-07-09T17:17:49.236194868Z: [   28.301656] ACPI: Preparing to enter system sleep state S5
[STDOUT  ] 2017-07-09T17:17:49.237310894Z: [   28.303471] reboot: Power down
[STDERR  ] 2017-07-09T17:17:49.384694606Z: + exit 0
[STDERR  ] 2017-07-09T17:17:49.384715788Z: + clean_up
[STDERR  ] 2017-07-09T17:17:49.384745588Z: + rm -rf lsof-cmdline lsof-initrd.img lsof-kernel
[PASS    ] linuxkit.security.ports 56.78s
