[INFO    ] 2018-01-24T17:42:43.827731623Z: Running Test linuxkit.packages.wireguard in /tmp/build/test/cases/040_packages/023_wireguard
[STDERR  ] 2018-01-24T17:42:43.827800918Z: [    2.445174] ata5: SATA max UDMA/133 abar m4096@0xfebd2000 port 0xfebd2300 irq 24
[STDERR  ] 2018-01-24T17:42:43.827825123Z: [    2.452945] ata6: SATA max UDMA/133 abar m4096@0xfebd2000 port 0xfebd2380 irq 24
[STDERR  ] 2018-01-24T17:42:43.827836719Z: [    2.461209] tun: Universal TUN/TAP device driver, 1.6
[STDERR  ] 2018-01-24T17:42:43.827847386Z: [    2.466377] tun: (C) 1999-2004 Max Krasnyansky <maxk@qualcomm.com>
[INFO    ] 2018-01-24T17:42:43.827875586Z: Running command: [/bin/sh -x /tmp/build/test/cases/040_packages/023_wireguard/test.sh]
[STDERR  ] 2018-01-24T17:42:43.827889862Z: [    2.479195] VMware vmxnet3 virtual NIC driver - version 1.4.a.0-k-NAPI
[STDERR  ] 2018-01-24T17:42:43.827908209Z: [    2.486383] hv_vmbus: registering driver hv_netvsc
[STDERR  ] 2018-01-24T17:42:43.827919508Z: [    2.491731] Fusion MPT base driver 3.04.20
[STDERR  ] 2018-01-24T17:42:43.82793544Z: [    2.496109] Copyright (c) 1999-2008 LSI Corporation
[STDERR  ] 2018-01-24T17:42:43.827946634Z: [    2.501171] Fusion MPT SPI Host driver 3.04.20
[STDERR  ] 2018-01-24T17:42:43.827970129Z: [    2.5
[STDERR  ] 2018-01-24T17:42:43.877684135Z: + set -e
[STDERR  ] 2018-01-24T17:42:43.877786309Z: + . /tmp/build/test/cases/_lib/lib.sh
[STDERR  ] 2018-01-24T17:42:43.877801785Z: + [ -f src/github.com/linuxkit/rtf/lib/lib.sh ]
[STDERR  ] 2018-01-24T17:42:43.877812539Z: + LINUXKIT_TMPDIR=/tmp/build/test/cases/_tmp
[STDERR  ] 2018-01-24T17:42:43.877851725Z: + [ -f /tmp/build/test/cases/_tmp/env.sh ]
[STDERR  ] 2018-01-24T17:42:43.877898634Z: + . /tmp/build/test/cases/_tmp/env.sh
[STDERR  ] 2018-01-24T17:42:43.877927572Z: + export LINUXKIT_EXAMPLES_DIR=/tmp/build/test/cases/../../examples
[STDERR  ] 2018-01-24T17:42:43.877944707Z: + RT_CANCEL=253
[STDERR  ] 2018-01-24T17:42:43.877955237Z: + NAME=wireguard
[STDERR  ] 2018-01-24T17:42:43.87796568Z: + trap clean_up EXIT
[STDERR  ] 2018-01-24T17:42:43.877976403Z: + linuxkit build -format kernel+initrd -name wireguard test.yml
[STDERR  ] 2018-01-24T17:42:43.919965482Z: Extract kernel image: linuxkit/kernel:4.9.78
[STDERR  ] 2018-01-24T17:42:45.072233748Z: time="2018-01-24T17:42:45Z" level=warning msg="certificate with CN Justin Cormack is near expiry"
[STDERR  ] 2018-01-24T17:42:45.072305868Z: time="2018-01-24T17:42:45Z" level=warning msg="certificate with CN  is near expiry"
[STDERR  ] 2018-01-24T17:42:45.07234725Z: time="2018-01-24T17:42:45Z" level=warning msg="certificate with CN  is near expiry"
[STDERR  ] 2018-01-24T17:42:45.128571466Z: time="2018-01-24T17:42:45Z" level=warning msg="certificate with CN Justin Cormack is near expiry"
[STDERR  ] 2018-01-24T17:42:45.522307208Z: Add init containers:
[STDERR  ] 2018-01-24T17:42:45.522370753Z: Process init image: linuxkit/init:be8756f0a6005279d2409a8790b4dd8b2ac11df9
[STDERR  ] 2018-01-24T17:42:46.557405686Z: time="2018-01-24T17:42:46Z" level=warning msg="certificate with CN Justin Cormack is near expiry"
[STDERR  ] 2018-01-24T17:42:46.557471324Z: time="2018-01-24T17:42:46Z" level=warning msg="certificate with CN  is near expiry"
[STDERR  ] 2018-01-24T17:42:46.557504747Z: time="2018-01-24T17:42:46Z" level=warning msg="certificate with CN  is near expiry"
[STDERR  ] 2018-01-24T17:42:46.562545852Z: time="2018-01-24T17:42:46Z" level=warning msg="certificate with CN Justin Cormack is near expiry"
[STDERR  ] 2018-01-24T17:42:46.564385291Z: time="2018-01-24T17:42:46Z" level=warning msg="certificate with CN  is near expiry"
[STDERR  ] 2018-01-24T17:42:46.759130791Z: Process init image: linuxkit/runc:7b15b00b4e3507d62e3ed8d44dfe650561cd35ff
[STDERR  ] 2018-01-24T17:42:47.804760339Z: time="2018-01-24T17:42:47Z" level=warning msg="certificate with CN Justin Cormack is near expiry"
[STDERR  ] 2018-01-24T17:42:47.804894359Z: time="2018-01-24T17:42:47Z" level=warning msg="certificate with CN  is near expiry"
[STDERR  ] 2018-01-24T17:42:47.80502916Z: time="2018-01-24T17:42:47Z" level=warning msg="certificate with CN  is near expiry"
[STDERR  ] 2018-01-24T17:42:47.808744001Z: time="2018-01-24T17:42:47Z" level=warning msg="certificate with CN Justin Cormack is near expiry"
[STDERR  ] 2018-01-24T17:42:47.810424434Z: time="2018-01-24T17:42:47Z" level=warning msg="certificate with CN  is near expiry"
[STDERR  ] 2018-01-24T17:42:47.979973861Z: Process init image: linuxkit/containerd:78706a05d00a7385ff2b6b7db280041338e4b34a
[STDERR  ] 2018-01-24T17:42:49.037885035Z: time="2018-01-24T17:42:49Z" level=warning msg="certificate with CN  is near expiry"
[STDERR  ] 2018-01-24T17:42:49.037952282Z: time="2018-01-24T17:42:49Z" level=warning msg="certificate with CN  is near expiry"
[STDERR  ] 2018-01-24T17:42:49.03798504Z: time="2018-01-24T17:42:49Z" level=warning msg="certificate with CN  is near expiry"
[STDERR  ] 2018-01-24T17:42:49.038401375Z: time="2018-01-24T17:42:49Z" level=warning msg="certificate with CN Justin Cormack is near expiry"
[STDERR  ] 2018-01-24T17:42:49.043030864Z: time="2018-01-24T17:42:49Z" level=warning msg="certificate with CN Justin Cormack is near expiry"
[STDERR  ] 2018-01-24T17:42:49.045423233Z: time="2018-01-24T17:42:49Z" level=warning msg="certificate with CN  is near expiry"
[STDERR  ] 2018-01-24T17:42:49.255490789Z: Process init image: linuxkit/ca-certificates:de21b84d9b055ad9dcecc57965b654a7a24ef8e0
[STDERR  ] 2018-01-24T17:42:50.290068522Z: time="2018-01-24T17:42:50Z" level=warning msg="certificate with CN Justin Cormack is near expiry"
[STDERR  ] 2018-01-24T17:42:50.290350287Z: time="2018-01-24T17:42:50Z" level=warning msg="certificate with CN  is near expiry"
[STDERR  ] 2018-01-24T17:42:50.292026184Z: time="2018-01-24T17:42:50Z" level=warning msg="certificate with CN Justin Cormack is near expiry"
[STDERR  ] 2018-01-24T17:42:50.293780007Z: time="2018-01-24T17:42:50Z" level=warning msg="certificate with CN  is near expiry"
[STDERR  ] 2018-01-24T17:42:50.434163926Z: Add onboot containers:
[STDERR  ] 2018-01-24T17:42:50.434212551Z:   Create OCI config for linuxkit/dhcpcd:0d59a6cc03412289ef4313f2491ec666c1715cc9
[STDERR  ] 2018-01-24T17:42:51.493020841Z: time="2018-01-24T17:42:51Z" level=warning msg="certificate with CN Justin Cormack is near expiry"
[STDERR  ] 2018-01-24T17:42:51.493194078Z: time="2018-01-24T17:42:51Z" level=warning msg="certificate with CN  is near expiry"
[STDERR  ] 2018-01-24T17:42:51.493292701Z: time="2018-01-24T17:42:51Z" level=warning msg="certificate with CN  is near expiry"
[STDERR  ] 2018-01-24T17:42:51.495015162Z: time="2018-01-24T17:42:51Z" level=warning msg="certificate with CN Justin Cormack is near expiry"
[STDERR  ] 2018-01-24T17:42:51.49578062Z: time="2018-01-24T17:42:51Z" level=warning msg="certificate with CN  is near expiry"
[STDERR  ] 2018-01-24T17:42:51.697933958Z:   Create OCI config for linuxkit/ip:9671740f8880ee85b0aaf49f88c922fa63efd1d0
[STDERR  ] 2018-01-24T17:42:52.889572211Z: time="2018-01-24T17:42:52Z" level=warning msg="certificate with CN  is near expiry"
[STDERR  ] 2018-01-24T17:42:52.889640734Z: time="2018-01-24T17:42:52Z" level=warning msg="certificate with CN Justin Cormack is near expiry"
[STDERR  ] 2018-01-24T17:42:52.889731602Z: time="2018-01-24T17:42:52Z" level=warning msg="certificate with CN  is near expiry"
[STDERR  ] 2018-01-24T17:42:52.891459309Z: time="2018-01-24T17:42:52Z" level=warning msg="certificate with CN  is near expiry"
[STDERR  ] 2018-01-24T17:42:52.892164463Z: time="2018-01-24T17:42:52Z" level=warning msg="certificate with CN Justin Cormack is near expiry"
[STDERR  ] 2018-01-24T17:42:52.892870145Z: time="2018-01-24T17:42:52Z" level=warning msg="certificate with CN  is near expiry"
[STDERR  ] 2018-01-24T17:42:53.275305543Z:   Create OCI config for linuxkit/ip:9671740f8880ee85b0aaf49f88c922fa63efd1d0
[STDERR  ] 2018-01-24T17:42:54.315472315Z: time="2018-01-24T17:42:54Z" level=warning msg="certificate with CN  is near expiry"
[STDERR  ] 2018-01-24T17:42:54.31555661Z: time="2018-01-24T17:42:54Z" level=warning msg="certificate with CN Justin Cormack is near expiry"
[STDERR  ] 2018-01-24T17:42:54.315669444Z: time="2018-01-24T17:42:54Z" level=warning msg="certificate with CN  is near expiry"
[STDERR  ] 2018-01-24T17:42:54.31935085Z: time="2018-01-24T17:42:54Z" level=warning msg="certificate with CN  is near expiry"
[STDERR  ] 2018-01-24T17:42:54.320908599Z: time="2018-01-24T17:42:54Z" level=warning msg="certificate with CN Justin Cormack is near expiry"
[STDERR  ] 2018-01-24T17:42:54.321701027Z: time="2018-01-24T17:42:54Z" level=warning msg="certificate with CN  is near expiry"
[STDERR  ] 2018-01-24T17:42:54.741629803Z: Add onshutdown containers:
[STDERR  ] 2018-01-24T17:42:54.741669994Z:   Create OCI config for alpine:3.7
[STDERR  ] 2018-01-24T17:42:55.95438113Z: Add service containers:
[STDERR  ] 2018-01-24T17:42:55.954433163Z:   Create OCI config for nginx:1.13.7
[STDERR  ] 2018-01-24T17:42:57.054130849Z: Pull image: docker.io/library/nginx:1.13.7@sha256:edc8182581fdaa985a39b3021836aa09a69f9b966d1a0ff2f338be6f2fbfe238
[STDERR  ] 2018-01-24T17:43:03.267968666Z:   Create OCI config for alpine:3.7
[STDERR  ] 2018-01-24T17:43:04.487897127Z: Add files:
[STDERR  ] 2018-01-24T17:43:04.487949263Z:   etc/wireguard/wg0.conf
[STDERR  ] 2018-01-24T17:43:04.48796441Z:   etc/wireguard/wg1.conf
[STDERR  ] 2018-01-24T17:43:04.487976532Z:   check.sh
[STDERR  ] 2018-01-24T17:43:04.498082899Z: Create outputs:
[STDERR  ] 2018-01-24T17:43:21.216321508Z:   wireguard-kernel wireguard-initrd.img wireguard-cmdline
[STDERR  ] 2018-01-24T17:43:21.370429024Z: + linuxkit run wireguard
[STDERR  ] 2018-01-24T17:43:21.400626746Z: Unable to find qemu-system-x86_64 within the $PATH. Using a container
[STDERR  ] 2018-01-24T17:43:36.256840981Z: + RESULT=[    0.000000] Linux version 4.9.78-linuxkit (root@9ac57ca26f22) (gcc version 6.4.0 (Alpine 6.4.0) ) #1 SMP Wed Jan 24 12:49:16 UTC 2018
[STDERR  ] 2018-01-24T17:43:36.256898186Z: [    0.000000] Command line: console=ttyS0 console=ttyAMA0
[STDERR  ] 2018-01-24T17:43:36.25691297Z: [    0.000000] x86/fpu: Legacy x87 FPU detected.
[STDERR  ] 2018-01-24T17:43:36.256925658Z: [    0.000000] x86/fpu: Using 'eager' FPU context switches.
[STDERR  ] 2018-01-24T17:43:36.256938053Z: [    0.000000] e820: BIOS-provided physical RAM map:
[STDERR  ] 2018-01-24T17:43:36.256950226Z: [    0.000000] BIOS-e820: [mem 0x0000000000000000-0x000000000009fbff] usable
[STDERR  ] 2018-01-24T17:43:36.25696285Z: [    0.000000] BIOS-e820: [mem 0x000000000009fc00-0x000000000009ffff] reserved
[STDERR  ] 2018-01-24T17:43:36.256974765Z: [    0.000000] BIOS-e820: [mem 0x00000000000f0000-0x00000000000fffff] reserved
[STDERR  ] 2018-01-24T17:43:36.256986378Z: [    0.000000] BIOS-e820: [mem 0x0000000000100000-0x000000003ffdefff] usable
[STDERR  ] 2018-01-24T17:43:36.256997798Z: [    0.000000] BIOS-e820: [mem 0x000000003ffdf000-0x000000003fffffff] reserved
[STDERR  ] 2018-01-24T17:43:36.257009678Z: [    0.000000] BIOS-e820: [mem 0x00000000b0000000-0x00000000bfffffff] reserved
[STDERR  ] 2018-01-24T17:43:36.25702167Z: [    0.000000] BIOS-e820: [mem 0x00000000fed1c000-0x00000000fed1ffff] reserved
[STDERR  ] 2018-01-24T17:43:36.257033273Z: [    0.000000] BIOS-e820: [mem 0x00000000feffc000-0x00000000feffffff] reserved
[STDERR  ] 2018-01-24T17:43:36.257060404Z: [    0.000000] BIOS-e820: [mem 0x00000000fffc0000-0x00000000ffffffff] reserved
[STDERR  ] 2018-01-24T17:43:36.257072015Z: [    0.000000] NX (Execute Disable) protection: active
[STDERR  ] 2018-01-24T17:43:36.257083653Z: [    0.000000] SMBIOS 2.8 present.
[STDERR  ] 2018-01-24T17:43:36.257094578Z: [    0.000000] Hypervisor detected: KVM
[STDERR  ] 2018-01-24T17:43:36.257105485Z: [    0.000000] e820: last_pfn = 0x3ffdf max_arch_pfn = 0x400000000
[STDERR  ] 2018-01-24T17:43:36.257116673Z: [    0.000000] x86/PAT: PAT not supported by CPU.
[STDERR  ] 2018-01-24T17:43:36.257127761Z: [    0.000000] x86/PAT: Configuration [0-7]: WB  WT  UC- UC  WB  WT  UC- UC  
[STDERR  ] 2018-01-24T17:43:36.257139051Z: [    0.000000] found SMP MP-table at [mem 0x000f6aa0-0x000f6aaf] mapped at [ffff9f4c400f6aa0]
[STDERR  ] 2018-01-24T17:43:36.257153216Z: [    0.000000] RAMDISK: [mem 0x3aa5e000-0x3ffcffff]
[STDERR  ] 2018-01-24T17:43:36.257165629Z: [    0.000000] ACPI: Early table checksum verification disabled
[STDERR  ] 2018-01-24T17:43:36.257182847Z: [    0.000000] ACPI: RSDP 0x00000000000F68B0 000014 (v00 BOCHS )
[STDERR  ] 2018-01-24T17:43:36.25719448Z: [    0.000000] ACPI: RSDT 0x000000003FFE20A8 000034 (v01 BOCHS  BXPCRSDT 00000001 BXPC 00000001)
[STDERR  ] 2018-01-24T17:43:36.257207144Z: [    0.000000] ACPI: FACP 0x000000003FFE1EC8 0000F4 (v03 BOCHS  BXPCFACP 00000001 BXPC 00000001)
[STDERR  ] 2018-01-24T17:43:36.257219816Z: [    0.000000] ACPI: DSDT 0x000000003FFE0040 001E88 (v01 BOCHS  BXPCDSDT 00000001 BXPC 00000001)
[STDERR  ] 2018-01-24T17:43:36.257232911Z: [    0.000000] ACPI: FACS 0x000000003FFE0000 000040
[STDERR  ] 2018-01-24T17:43:36.257244438Z: [    0.000000] ACPI: APIC 0x000000003FFE1FBC 000078 (v01 BOCHS  BXPCAPIC 00000001 BXPC 00000001)
[STDERR  ] 2018-01-24T17:43:36.25725625Z: [    0.000000] ACPI: HPET 0x000000003FFE2034 000038 (v01 BOCHS  BXPCHPET 00000001 BXPC 00000001)
[STDERR  ] 2018-01-24T17:43:36.257267578Z: [    0.000000] ACPI: MCFG 0x000000003FFE206C 00003C (v01 BOCHS  BXPCMCFG 00000001 BXPC 00000001)
[STDERR  ] 2018-01-24T17:43:36.257278658Z: [    0.000000] kvm-clock: Using msrs 4b564d01 and 4b564d00
[STDERR  ] 2018-01-24T17:43:36.257289791Z: [    0.000000] kvm-clock: cpu 0, msr 0:3ffdd001, primary cpu clock
[STDERR  ] 2018-01-24T17:43:36.257301811Z: [    0.000000] clocksource: kvm-clock: mask: 0xffffffffffffffff max_cycles: 0x1cd42e4dffb, max_idle_ns: 881590591483 ns
[STDERR  ] 2018-01-24T17:43:36.257324358Z: [    0.000000] Zone ranges:
[STDERR  ] 2018-01-24T17:43:36.25733654Z: [    0.000000]   DMA      [mem 0x0000000000001000-0x0000000000ffffff]
[STDERR  ] 2018-01-24T17:43:36.257349318Z: [    0.000000]   DMA32    [mem 0x0000000001000000-0x000000003ffdefff]
[STDERR  ] 2018-01-24T17:43:36.257360395Z: [    0.000000]   Normal   empty
[STDERR  ] 2018-01-24T17:43:36.257372055Z: [    0.000000] Movable zone start for each node
[STDERR  ] 2018-01-24T17:43:36.25738323Z: [    0.000000] Early memory node ranges
[STDERR  ] 2018-01-24T17:43:36.257394269Z: [    0.000000]   node   0: [mem 0x0000000000001000-0x000000000009efff]
[STDERR  ] 2018-01-24T17:43:36.257405561Z: [    0.000000]   node   0: [mem 0x0000000000100000-0x000000003ffdefff]
[STDERR  ] 2018-01-24T17:43:36.257419734Z: [    0.000000] Initmem setup node 0 [mem 0x0000000000001000-0x000000003ffdefff]
[STDERR  ] 2018-01-24T17:43:36.257432415Z: [    0.000000] ACPI: PM-Timer IO Port: 0x608
[STDERR  ] 2018-01-24T17:43:36.257443526Z: [    0.000000] ACPI: LAPIC_NMI (acpi_id[0xff] dfl dfl lint[0x1])
[STDERR  ] 2018-01-24T17:43:36.257454966Z: [    0.000000] IOAPIC[0]: apic_id 0, version 17, address 0xfec00000, GSI 0-23
[STDERR  ] 2018-01-24T17:43:36.257466243Z: [    0.000000] ACPI: INT_SRC_OVR (bus 0 bus_irq 0 global_irq 2 dfl dfl)
[STDERR  ] 2018-01-24T17:43:36.257477129Z: [    0.000000] ACPI: INT_SRC_OVR (bus 0 bus_irq 5 global_irq 5 high level)
[STDERR  ] 2018-01-24T17:43:36.25748813Z: [    0.000000] ACPI: INT_SRC_OVR (bus 0 bus_irq 9 global_irq 9 high level)
[STDERR  ] 2018-01-24T17:43:36.257499345Z: [    0.000000] ACPI: INT_SRC_OVR (bus 0 bus_irq 10 global_irq 10 high level)
[STDERR  ] 2018-01-24T17:43:36.257517988Z: [    0.000000] ACPI: INT_SRC_OVR (bus 0 bus_irq 11 global_irq 11 high level)
[STDERR  ] 2018-01-24T17:43:36.257532268Z: [    0.000000] Using ACPI (MADT) for SMP configuration information
[STDERR  ] 2018-01-24T17:43:36.257544163Z: [    0.000000] ACPI: HPET id: 0x8086a201 base: 0xfed00000
[STDERR  ] 2018-01-24T17:43:36.257555526Z: [    0.000000] smpboot: Allowing 1 CPUs, 0 hotplug CPUs
[STDERR  ] 2018-01-24T17:43:36.257566708Z: [    0.000000] e820: [mem 0x40000000-0xafffffff] available for PCI devices
[STDERR  ] 2018-01-24T17:43:36.257577928Z: [    0.000000] Booting paravirtualized kernel on KVM
[STDERR  ] 2018-01-24T17:43:36.257588866Z: [    0.000000] clocksource: refined-jiffies: mask: 0xffffffff max_cycles: 0xffffffff, max_idle_ns: 19112604462750000 ns
[STDERR  ] 2018-01-24T17:43:36.257600672Z: [    0.000000] setup_percpu: NR_CPUS:128 nr_cpumask_bits:128 nr_cpu_ids:1 nr_node_ids:1
[STDERR  ] 2018-01-24T17:43:36.25761761Z: [    0.000000] percpu: Embedded 36 pages/cpu @ffff9f4c7a800000 s106904 r8192 d32360 u2097152
[STDERR  ] 2018-01-24T17:43:36.257632917Z: [    0.000000] KVM setup async PF for cpu 0
[STDERR  ] 2018-01-24T17:43:36.257643906Z: [    0.000000] kvm-stealtime: cpu 0, msr 3a80fd80
[STDERR  ] 2018-01-24T17:43:36.257654909Z: [    0.000000] Built 1 zonelists in Zone order, mobility grouping on.  Total pages: 257896
[STDERR  ] 2018-01-24T17:43:36.257665948Z: [    0.000000] Kernel command line: console=ttyS0 console=ttyAMA0
[STDERR  ] 2018-01-24T17:43:36.257677744Z: [    0.000000] PID hash table entries: 4096 (order: 3, 32768 bytes)
[STDERR  ] 2018-01-24T17:43:36.257688365Z: [    0.000000] Dentry cache hash table entries: 131072 (order: 8, 1048576 bytes)
[STDERR  ] 2018-01-24T17:43:36.25769921Z: [    0.000000] Inode-cache hash table entries: 65536 (order: 7, 524288 bytes)
[STDERR  ] 2018-01-24T17:43:36.257710772Z: [    0.000000] Memory: 926624K/1048052K available (8055K kernel code, 1391K rwdata, 2704K rodata, 1400K init, 564K bss, 121428K reserved, 0K cma-reserved)
[STDERR  ] 2018-01-24T17:43:36.257730699Z: [    0.000000] Kernel/User page tables isolation: enabled
[STDERR  ] 2018-01-24T17:43:36.257742855Z: [    0.000000] Hierarchical RCU implementation.
[STDERR  ] 2018-01-24T17:43:36.25775387Z: [    0.000000] 	Build-time adjustment of leaf fanout to 64.
[STDERR  ] 2018-01-24T17:43:36.25776577Z: [    0.000000] 	RCU restricting CPUs from NR_CPUS=128 to nr_cpu_ids=1.
[STDERR  ] 2018-01-24T17:43:36.25777717Z: [    0.000000] RCU: Adjusting geometry for rcu_fanout_leaf=64, nr_cpu_ids=1
[STDERR  ] 2018-01-24T17:43:36.257814328Z: [    0.000000] NR_IRQS:8448 nr_irqs:256 16
[STDERR  ] 2018-01-24T17:43:36.257825788Z: [    0.000000] Console: colour VGA+ 80x25
[STDERR  ] 2018-01-24T17:43:36.257835909Z: [    0.000000] console [ttyS0] enabled
[STDERR  ] 2018-01-24T17:43:36.257847366Z: [    0.000000] clocksource: hpet: mask: 0xffffffff max_cycles: 0xffffffff, max_idle_ns: 19112604467 ns
[STDERR  ] 2018-01-24T17:43:36.257857789Z: [    0.000000] tsc: Detected 2299.994 MHz processor
[STDERR  ] 2018-01-24T17:43:36.257867966Z: [    0.020000] Calibrating delay loop (skipped) preset value.. 4599.98 BogoMIPS (lpj=22999940)
[STDERR  ] 2018-01-24T17:43:36.257878146Z: [    0.023334] pid_max: default: 32768 minimum: 301
[STDERR  ] 2018-01-24T17:43:36.257888184Z: [    0.028602] ACPI: Core revision 20160831
[STDERR  ] 2018-01-24T17:43:36.257900326Z: [    0.030683] ACPI: 1 ACPI AML tables successfully acquired and loaded
[STDERR  ] 2018-01-24T17:43:36.257910997Z: [    0.040101] Security Framework initialized
[STDERR  ] 2018-01-24T17:43:36.257921145Z: [    0.044594] Yama: becoming mindful.
[STDERR  ] 2018-01-24T17:43:36.257936054Z: [    0.050091] Mount-cache hash table entries: 2048 (order: 2, 16384 bytes)
[STDERR  ] 2018-01-24T17:43:36.257947135Z: [    0.057006] Mountpoint-cache hash table entries: 2048 (order: 2, 16384 bytes)
[STDERR  ] 2018-01-24T17:43:36.257957355Z: [    0.060928] CPU: Physical Processor ID: 0
[STDERR  ] 2018-01-24T17:43:36.257968294Z: [    0.070225] Last level iTLB entries: 4KB 0, 2MB 0, 4MB 0
[STDERR  ] 2018-01-24T17:43:36.257985383Z: [    0.076116] Last level dTLB entries: 4KB 0, 2MB 0, 4MB 0, 1GB 0
[STDERR  ] 2018-01-24T17:43:36.257997424Z: [    0.080038] Spectre V2 mitigation: Vulnerable: Minimal generic ASM retpoline
[STDERR  ] 2018-01-24T17:43:36.258012385Z: [    0.217847] Freeing SMP alternatives memory: 20K
[STDERR  ] 2018-01-24T17:43:36.258024917Z: [    0.257336] ftrace: allocating 35561 entries in 139 pages
[STDERR  ] 2018-01-24T17:43:36.258036017Z: [    0.270144] smpboot: Max logical packages: 1
[STDERR  ] 2018-01-24T17:43:36.258047292Z: [    0.283226] x2apic enabled
[STDERR  ] 2018-01-24T17:43:36.258058905Z: [    0.290028] Switched APIC routing to physical x2apic.
[STDERR  ] 2018-01-24T17:43:36.258069525Z: [    0.307734] ..TIMER: vector=0x30 apic1=0 pin1=2 apic2=-1 pin2=-1
[STDERR  ] 2018-01-24T17:43:36.258080317Z: [    0.310000] smpboot: CPU0: Intel QEMU Virtual CPU version 2.5+ (family: 0x6, model: 0x6, stepping: 0x3)
[STDERR  ] 2018-01-24T17:43:36.258099883Z: [    0.310011] Performance Events: PMU not available due to virtualization, using software events only.
[STDERR  ] 2018-01-24T17:43:36.258119209Z: [    0.330043] x86: Booted up 1 node, 1 CPUs
[STDERR  ] 2018-01-24T17:43:36.258132677Z: [    0.334497] smpboot: Total of 1 processors activated (4599.98 BogoMIPS)
[STDERR  ] 2018-01-24T17:43:36.258145519Z: [    0.343244] devtmpfs: initialized
[STDERR  ] 2018-01-24T17:43:36.258156305Z: [    0.347013] x86/mm: Memory block size: 128MB
[STDERR  ] 2018-01-24T17:43:36.258170426Z: [    0.354173] clocksource: jiffies: mask: 0xffffffff max_cycles: 0xffffffff, max_idle_ns: 19112604462750000 ns
[STDERR  ] 2018-01-24T17:43:36.258182175Z: [    0.360030] futex hash table entries: 256 (order: 2, 16384 bytes)
[STDERR  ] 2018-01-24T17:43:36.25819331Z: [    0.370226] NET: Registered protocol family 16
[STDERR  ] 2018-01-24T17:43:36.258204746Z: [    0.380276] cpuidle: using governor ladder
[STDERR  ] 2018-01-24T17:43:36.258216564Z: [    0.384628] cpuidle: using governor menu
[STDERR  ] 2018-01-24T17:43:36.258229217Z: [    0.390356] ACPI: bus type PCI registered
[STDERR  ] 2018-01-24T17:43:36.258241666Z: [    0.395211] PCI: MMCONFIG for domain 0000 [bus 00-ff] at [mem 0xb0000000-0xbfffffff] (base 0xb0000000)
[STDERR  ] 2018-01-24T17:43:36.258252445Z: [    0.400014] PCI: MMCONFIG at [mem 0xb0000000-0xbfffffff] reserved in E820
[STDERR  ] 2018-01-24T17:43:36.258263725Z: [    0.410031] PCI: Using configuration type 1 for base access
[STDERR  ] 2018-01-24T17:43:36.258275369Z: [    0.420090] HugeTLB registered 2 MB page size, pre-allocated 0 pages
[STDERR  ] 2018-01-24T17:43:36.258287505Z: [    0.427610] ACPI: Added _OSI(Module Device)
[STDERR  ] 2018-01-24T17:43:36.258298754Z: [    0.430012] ACPI: Added _OSI(Processor Device)
[STDERR  ] 2018-01-24T17:43:36.258310899Z: [    0.434667] ACPI: Added _OSI(3.0 _SCP Extensions)
[STDERR  ] 2018-01-24T17:43:36.258322266Z: [    0.440012] ACPI: Added _OSI(Processor Aggregator Device)
[STDERR  ] 2018-01-24T17:43:36.258335389Z: [    0.454523] ACPI: Interpreter enabled
[STDERR  ] 2018-01-24T17:43:36.258351239Z: [    0.458694] ACPI: (supports S0 S5)
[STDERR  ] 2018-01-24T17:43:36.258361908Z: [    0.460011] ACPI: Using IOAPIC for interrupt routing
[STDERR  ] 2018-01-24T17:43:36.258372627Z: [    0.465466] PCI: Using host bridge windows from ACPI; if necessary, use "pci=nocrs" and report a bug
[STDERR  ] 2018-01-24T17:43:36.258382887Z: [    0.481240] ACPI: PCI Root Bridge [PCI0] (domain 0000 [bus 00-ff])
[STDERR  ] 2018-01-24T17:43:36.258394538Z: [    0.488073] acpi PNP0A08:00: _OSC: OS supports [ExtendedConfig ASPM ClockPM Segments MSI]
[STDERR  ] 2018-01-24T17:43:36.258405828Z: [    0.490169] acpi PNP0A08:00: _OSC: OS now controls [PCIeHotplug PME PCIeCapability]
[STDERR  ] 2018-01-24T17:43:36.258416576Z: [    0.500102] PCI host bridge to bus 0000:00
[STDERR  ] 2018-01-24T17:43:36.258427834Z: [    0.510014] pci_bus 0000:00: root bus resource [io  0x0000-0x0cf7 window]
[STDERR  ] 2018-01-24T17:43:36.258439074Z: [    0.516995] pci_bus 0000:00: root bus resource [io  0x0d00-0xffff window]
[STDERR  ] 2018-01-24T17:43:36.258457434Z: [    0.520017] pci_bus 0000:00: root bus resource [mem 0x000a0000-0x000bffff window]
[STDERR  ] 2018-01-24T17:43:36.258471705Z: [    0.530017] pci_bus 0000:00: root bus resource [mem 0xc0000000-0xfebfffff window]
[STDERR  ] 2018-01-24T17:43:36.258485318Z: [    0.540017] pci_bus 0000:00: root bus resource [bus 00-ff]
[STDERR  ] 2018-01-24T17:43:36.258497816Z: [    0.707577] pci 0000:00:1f.0: quirk: [io  0x0600-0x067f] claimed by ICH6 ACPI/GPIO/TCO
[STDERR  ] 2018-01-24T17:43:36.258508854Z: [    0.781444] ACPI: PCI Interrupt Link [LNKA] (IRQs 5 *10 11)
[STDERR  ] 2018-01-24T17:43:36.258520228Z: [    0.790415] ACPI: PCI Interrupt Link [LNKB] (IRQs 5 *10 11)
[STDERR  ] 2018-01-24T17:43:36.258531582Z: [    0.798761] ACPI: PCI Interrupt Link [LNKC] (IRQs 5 10 *11)
[STDERR  ] 2018-01-24T17:43:36.258543628Z: [    0.802602] ACPI: PCI Interrupt Link [LNKD] (IRQs 5 10 *11)
[STDERR  ] 2018-01-24T17:43:36.258584343Z: [    0.812533] ACPI: PCI Interrupt Link [LNKE] (IRQs 5 *10 11)
[STDERR  ] 2018-01-24T17:43:36.258597531Z: [    0.822920] ACPI: PCI Interrupt Link [LNKF] (IRQs 5 *10 11)
[STDERR  ] 2018-01-24T17:43:36.258608009Z: [    0.832455] ACPI: PCI Interrupt Link [LNKG] (IRQs 5 10 *11)
[STDERR  ] 2018-01-24T17:43:36.258618943Z: [    0.842403] ACPI: PCI Interrupt Link [LNKH] (IRQs 5 10 *11)
[STDERR  ] 2018-01-24T17:43:36.258630107Z: [    0.852294] ACPI: PCI Interrupt Link [GSIA] (IRQs *16)
[STDERR  ] 2018-01-24T17:43:36.258641124Z: [    0.860413] ACPI: PCI Interrupt Link [GSIB] (IRQs *17)
[STDERR  ] 2018-01-24T17:43:36.258651725Z: [    0.867192] ACPI: PCI Interrupt Link [GSIC] (IRQs *18)
[STDERR  ] 2018-01-24T17:43:36.258662114Z: [    0.871223] ACPI: PCI Interrupt Link [GSID] (IRQs *19)
[STDERR  ] 2018-01-24T17:43:36.258672682Z: [    0.880651] ACPI: PCI Interrupt Link [GSIE] (IRQs *20)
[STDERR  ] 2018-01-24T17:43:36.258682962Z: [    0.887195] ACPI: PCI Interrupt Link [GSIF] (IRQs *21)
[STDERR  ] 2018-01-24T17:43:36.258693433Z: [    0.891127] ACPI: PCI Interrupt Link [GSIG] (IRQs *22)
[STDERR  ] 2018-01-24T17:43:36.258703996Z: [    0.897128] ACPI: PCI Interrupt Link [GSIH] (IRQs *23)
[STDERR  ] 2018-01-24T17:43:36.258714814Z: [    0.901467] ACPI: Enabled 1 GPEs in block 00 to 3F
[STDERR  ] 2018-01-24T17:43:36.258726487Z: [    0.910627] SCSI subsystem initialized
[STDERR  ] 2018-01-24T17:43:36.258737196Z: [    0.915396] ACPI: bus type USB registered
[STDERR  ] 2018-01-24T17:43:36.258747814Z: [    0.920075] usbcore: registered new interface driver usbfs
[STDERR  ] 2018-01-24T17:43:36.258758471Z: [    0.926055] usbcore: registered new interface driver hub
[STDERR  ] 2018-01-24T17:43:36.258769349Z: [    0.930048] usbcore: registered new device driver usb
[STDERR  ] 2018-01-24T17:43:36.258779796Z: [    0.935483] pps_core: LinuxPPS API ver. 1 registered
[STDERR  ] 2018-01-24T17:43:36.258802371Z: [    0.940010] pps_core: Software ver. 5.3.6 - Copyright 2005-2007 Rodolfo Giometti <giometti@linux.it>
[STDERR  ] 2018-01-24T17:43:36.258813582Z: [    0.950030] PTP clock support registered
[STDERR  ] 2018-01-24T17:43:36.258824402Z: [    0.954395] PCI: Using ACPI for IRQ routing
[STDERR  ] 2018-01-24T17:43:36.258835365Z: [    1.428992] NetLabel: Initializing
[STDERR  ] 2018-01-24T17:43:36.258846245Z: [    1.430017] NetLabel:  domain hash size = 128
[STDERR  ] 2018-01-24T17:43:36.258857111Z: [    1.435169] NetLabel:  protocols = UNLABELED CIPSOv4
[STDERR  ] 2018-01-24T17:43:36.258868209Z: [    1.440050] NetLabel:  unlabeled traffic allowed by default
[STDERR  ] 2018-01-24T17:43:36.258879002Z: [    1.445932] wmi: Mapper loaded
[STDERR  ] 2018-01-24T17:43:36.258889784Z: [    1.450165] HPET: 3 timers in total, 0 timers will be used for per-cpu timer
[STDERR  ] 2018-01-24T17:43:36.258900969Z: [    1.460130] hpet0: at MMIO 0xfed00000, IRQs 2, 8, 0
[STDERR  ] 2018-01-24T17:43:36.258912411Z: [    1.466275] hpet0: 3 comparators, 64-bit 100.000000 MHz counter
[STDERR  ] 2018-01-24T17:43:36.258927296Z: [    1.474753] clocksource: Switched to clocksource kvm-clock
[STDERR  ] 2018-01-24T17:43:36.258944504Z: [    1.488834] VFS: Disk quotas dquot_6.6.0
[STDERR  ] 2018-01-24T17:43:36.258959407Z: [    1.493415] VFS: Dquot-cache hash table entries: 512 (order 0, 4096 bytes)
[STDERR  ] 2018-01-24T17:43:36.258970847Z: [    1.501263] FS-Cache: Loaded
[STDERR  ] 2018-01-24T17:43:36.258981887Z: [    1.504718] CacheFiles: Loaded
[STDERR  ] 2018-01-24T17:43:36.258992849Z: [    1.508194] pnp: PnP ACPI init
[STDERR  ] 2018-01-24T17:43:36.259003319Z: [    1.512884] pnp: PnP ACPI: found 5 devices
[STDERR  ] 2018-01-24T17:43:36.259014129Z: [    1.523640] clocksource: acpi_pm: mask: 0xffffff max_cycles: 0xffffff, max_idle_ns: 2085701024 ns
[STDERR  ] 2018-01-24T17:43:36.259024959Z: [    1.533813] NET: Registered protocol family 2
[STDERR  ] 2018-01-24T17:43:36.259035668Z: [    1.538813] TCP established hash table entries: 8192 (order: 4, 65536 bytes)
[STDERR  ] 2018-01-24T17:43:36.259046887Z: [    1.546346] TCP bind hash table entries: 8192 (order: 5, 131072 bytes)
[STDERR  ] 2018-01-24T17:43:36.259062536Z: [    1.553156] TCP: Hash tables configured (established 8192 bind 8192)
[STDERR  ] 2018-01-24T17:43:36.259074409Z: [    1.559799] UDP hash table entries: 512 (order: 2, 16384 bytes)
[STDERR  ] 2018-01-24T17:43:36.259086158Z: [    1.565965] UDP-Lite hash table entries: 512 (order: 2, 16384 bytes)
[STDERR  ] 2018-01-24T17:43:36.259100159Z: [    1.572568] NET: Registered protocol family 1
[STDERR  ] 2018-01-24T17:43:36.259111136Z: [    1.577317] pci 0000:00:01.0: Video device with shadowed ROM at [mem 0x000c0000-0x000dffff]
[STDERR  ] 2018-01-24T17:43:36.259122422Z: [    1.586847] Unpacking initramfs...
[STDERR  ] 2018-01-24T17:43:36.259133203Z: [    3.103817] Freeing initrd memory: 87496K
[STDERR  ] 2018-01-24T17:43:36.259143716Z: [    3.109313] PCLMULQDQ-NI instructions are not detected.
[STDERR  ] 2018-01-24T17:43:36.259154599Z: [    3.115298] AVX or AES-NI instructions are not detected.
[STDERR  ] 2018-01-24T17:43:36.259165376Z: [    3.121572] CPU feature 'AVX registers' is not supported.
[STDERR  ] 2018-01-24T17:43:36.259176211Z: [    3.127755] CPU feature 'AVX registers' is not supported.
[STDERR  ] 2018-01-24T17:43:36.259187002Z: [    3.134484] CPU feature 'AVX registers' is not supported.
[STDERR  ] 2018-01-24T17:43:36.259197425Z: [    3.140318] CPU feature 'AVX registers' is not supported.
[STDERR  ] 2018-01-24T17:43:36.259208325Z: [    3.146049] AVX2 or AES-NI instructions are not detected.
[STDERR  ] 2018-01-24T17:43:36.259218764Z: [    3.151914] AVX2 instructions are not detected.
[STDERR  ] 2018-01-24T17:43:36.259229508Z: [    3.157040] audit: initializing netlink subsys (disabled)
[STDERR  ] 2018-01-24T17:43:36.259240043Z: [    3.163003] audit: type=2000 audit(1516815806.317:1): initialized
[STDERR  ] 2018-01-24T17:43:36.259250293Z: [    3.170009] workingset: timestamp_bits=46 max_order=18 bucket_order=0
[STDERR  ] 2018-01-24T17:43:36.259261236Z: [    3.177194] squashfs: version 4.0 (2009/01/31) Phillip Lougher
[STDERR  ] 2018-01-24T17:43:36.259272476Z: [    3.183617] FS-Cache: Netfs 'cifs' registered for caching
[STDERR  ] 2018-01-24T17:43:36.259282955Z: [    3.189017] fuse init (API version 7.26)
[STDERR  ] 2018-01-24T17:43:36.259294273Z: [    3.193356] SGI XFS with ACLs, security attributes, no debug enabled
[STDERR  ] 2018-01-24T17:43:36.259305101Z: [    3.200128] 9p: Installing v9fs 9p2000 file system support
[STDERR  ] 2018-01-24T17:43:36.259315413Z: [    3.205749] FS-Cache: Netfs '9p' registered for caching
[STDERR  ] 2018-01-24T17:43:36.259326041Z: [    3.212364] NET: Registered protocol family 38
[STDERR  ] 2018-01-24T17:43:36.259337581Z: [    3.217352] Key type asymmetric registered
[STDERR  ] 2018-01-24T17:43:36.259348246Z: [    3.221764] Asymmetric key parser 'x509' registered
[STDERR  ] 2018-01-24T17:43:36.259359112Z: [    3.226812] Block layer SCSI generic (bsg) driver version 0.4 loaded (major 251)
[STDERR  ] 2018-01-24T17:43:36.259369895Z: [    3.234446] io scheduler noop registered
[STDERR  ] 2018-01-24T17:43:36.259380768Z: [    3.238507] io scheduler deadline registered (default)
[STDERR  ] 2018-01-24T17:43:36.259397177Z: [    3.244096] io scheduler cfq registered
[STDERR  ] 2018-01-24T17:43:36.259407978Z: [    3.248166] pci_hotplug: PCI Hot Plug PCI Core version: 0.5
[STDERR  ] 2018-01-24T17:43:36.259418868Z: [    3.254093] pciehp: PCI Express Hot Plug Controller Driver version: 0.4
[STDERR  ] 2018-01-24T17:43:36.259430727Z: [    3.261018] shpchp: Standard Hot Plug PCI Controller Driver version: 0.4
[STDERR  ] 2018-01-24T17:43:36.259441333Z: [    3.267872] hv_vmbus: registering driver hyperv_fb
[STDERR  ] 2018-01-24T17:43:36.259452058Z: [    3.273049] input: Power Button as /devices/LNXSYSTM:00/LNXPWRBN:00/input/input0
[STDERR  ] 2018-01-24T17:43:36.259462613Z: [    3.280758] ACPI: Power Button [PWRF]
[STDERR  ] 2018-01-24T17:43:36.259473627Z: [    3.284898] GHES: HEST is not enabled!
[STDERR  ] 2018-01-24T17:43:36.259484312Z: [    3.289227] ACPI: PCI Interrupt Link [GSIG] enabled at IRQ 22
[STDERR  ] 2018-01-24T17:43:36.259495762Z: [    3.301569] ACPI: PCI Interrupt Link [GSIH] enabled at IRQ 23
[STDERR  ] 2018-01-24T17:43:36.259511058Z: [    3.313893] xenfs: not registering filesystem on non-xen platform
[STDERR  ] 2018-01-24T17:43:36.259522261Z: [    3.320654] Serial: 8250/16550 driver, 4 ports, IRQ sharing disabled
[STDERR  ] 2018-01-24T17:43:36.259533233Z: [    3.362674] 00:04: ttyS0 at I/O 0x3f8 (irq = 4, base_baud = 115200) is a 16550A
[STDERR  ] 2018-01-24T17:43:36.25954383Z: [    3.371451] Non-volatile memory driver v1.3
[STDERR  ] 2018-01-24T17:43:36.259554663Z: [    3.378132] Hangcheck: starting hangcheck timer 0.9.1 (tick is 180 seconds, margin is 60 seconds).
[STDERR  ] 2018-01-24T17:43:36.259565535Z: [    3.387986] random: fast init done
[STDERR  ] 2018-01-24T17:43:36.259576375Z: [    3.392498] random: crng init done
[STDERR  ] 2018-01-24T17:43:36.25958697Z: [    3.398242] loop: module loaded
[STDERR  ] 2018-01-24T17:43:36.259597692Z: [    3.402538] nbd: registered device at major 43
[STDERR  ] 2018-01-24T17:43:36.259608215Z: [    3.410171] lpc_ich 0000:00:1f.0: I/O space for GPIO uninitialized
[STDERR  ] 2018-01-24T17:43:36.259618753Z: [    3.416718] VMware PVSCSI driver - version 1.0.7.0-k
[STDERR  ] 2018-01-24T17:43:36.25962989Z: [    3.422263] hv_vmbus: registering driver hv_storvsc
[STDERR  ] 2018-01-24T17:43:36.25964381Z: [    3.428674] ACPI: PCI Interrupt Link [GSIA] enabled at IRQ 16
[STDERR  ] 2018-01-24T17:43:36.259658782Z: [    3.438254] ahci 0000:00:1f.2: AHCI 0001.0000 32 slots 6 ports 1.5 Gbps 0x3f impl SATA mode
[STDERR  ] 2018-01-24T17:43:36.259669641Z: [    3.447127] ahci 0000:00:1f.2: flags: 64bit ncq only 
[STDERR  ] 2018-01-24T17:43:36.259680535Z: [    3.456773] scsi host0: ahci
[STDERR  ] 2018-01-24T17:43:36.259691442Z: [    3.460486] scsi host1: ahci
[STDERR  ] 2018-01-24T17:43:36.259702202Z: [    3.463771] scsi host2: ahci
[STDERR  ] 2018-01-24T17:43:36.259712804Z: [    3.467234] scsi host3: ahci
[STDERR  ] 2018-01-24T17:43:36.259726493Z: [    3.470736] scsi host4: ahci
[STDERR  ] 2018-01-24T17:43:36.259737803Z: [    3.474081] scsi host5: ahci
[STDERR  ] 2018-01-24T17:43:36.25974883Z: [    3.477525] ata1: SATA max UDMA/133 abar m4096@0xfebd2000 port 0xfebd2100 irq 24
[STDERR  ] 2018-01-24T17:43:36.259759868Z: [    3.486374] ata2: SATA max UDMA/133 abar m4096@0xfebd2000 port 0xfebd2180 irq 24
[STDERR  ] 2018-01-24T17:43:36.259770582Z: [    3.494797] ata3: SATA max UDMA/133 abar m4096@0xfebd2000 port 0xfebd2200 irq 24
[STDERR  ] 2018-01-24T17:43:36.259780915Z: [    3.503175] ata4: SATA max UDMA/133 abar m4096@0xfebd2000 port 0xfebd2280 irq 24
[STDERR  ] 2018-01-24T17:43:36.259798202Z: [    3.511200] ata5: SATA max UDMA/133 abar m4096@0xfebd2000 port 0xfebd2300 irq 24
[STDERR  ] 2018-01-24T17:43:36.259809407Z: [    3.519063] ata6: SATA max UDMA/133 abar m4096@0xfebd2000 port 0xfebd2380 irq 24
[STDERR  ] 2018-01-24T17:43:36.259820464Z: [    3.529166] tun: Universal TUN/TAP device driver, 1.6
[STDERR  ] 2018-01-24T17:43:36.259831397Z: [    3.534630] tun: (C) 1999-2004 Max Krasnyansky <maxk@qualcomm.com>
[STDERR  ] 2018-01-24T17:43:36.259841957Z: [    3.545248] VMware vmxnet3 virtual NIC driver - version 1.4.a.0-k-NAPI
[STDERR  ] 2018-01-24T17:43:36.259857821Z: [    3.552465] hv_vmbus: registering driver hv_netvsc
[STDERR  ] 2018-01-24T17:43:36.259868877Z: [    3.557638] Fusion MPT base driver 3.04.20
[STDERR  ] 2018-01-24T17:43:36.259880352Z: [    3.562389] Copyright (c) 1999-2008 LSI Corporation
[STDERR  ] 2018-01-24T17:43:36.259891373Z: [    3.567679] Fusion MPT SPI Host driver 3.04.20
[STDERR  ] 2018-01-24T17:43:36.259902061Z: [    3.572578] i8042: PNP: PS/2 Controller [PNP0303:KBD,PNP0f13:MOU] at 0x60,0x64 irq 1,12
[STDERR  ] 2018-01-24T17:43:36.259913263Z: [    3.584639] serio: i8042 KBD port at 0x60,0x64 irq 1
[STDERR  ] 2018-01-24T17:43:36.259924057Z: [    3.590192] serio: i8042 AUX port at 0x60,0x64 irq 12
[STDERR  ] 2018-01-24T17:43:36.259935452Z: [    3.595589] hv_vmbus: registering driver hyperv_keyboard
[STDERR  ] 2018-01-24T17:43:36.25994575Z: [    3.601322] mousedev: PS/2 mouse device common for all mice
[STDERR  ] 2018-01-24T17:43:36.259961415Z: [    3.608369] input: AT Translated Set 2 keyboard as /devices/platform/i8042/serio0/input/input1
[STDERR  ] 2018-01-24T17:43:36.259978766Z: [    3.617397] input: PC Speaker as /devices/platform/pcspkr/input/input2
[STDERR  ] 2018-01-24T17:43:36.259989421Z: [    3.624494] rtc_cmos 00:00: RTC can wake from S4
[STDERR  ] 2018-01-24T17:43:36.259999981Z: [    3.631461] rtc_cmos 00:00: rtc core: registered rtc_cmos as rtc0
[STDERR  ] 2018-01-24T17:43:36.260010808Z: [    3.638688] rtc_cmos 00:00: alarms up to one day, y3k, 114 bytes nvram, hpet irqs
[STDERR  ] 2018-01-24T17:43:36.260021348Z: [    3.646407] i2c /dev entries driver
[STDERR  ] 2018-01-24T17:43:36.260032335Z: [    3.650285] device-mapper: ioctl: 4.35.0-ioctl (2016-06-23) initialised: dm-devel@redhat.com
[STDERR  ] 2018-01-24T17:43:36.260043472Z: [    3.659749] usbcore: registered new interface driver usbhid
[STDERR  ] 2018-01-24T17:43:36.260054066Z: [    3.666121] usbhid: USB HID core driver
[STDERR  ] 2018-01-24T17:43:36.260064857Z: [    3.670584] hv_utils: Registering HyperV Utility Driver
[STDERR  ] 2018-01-24T17:43:36.260075127Z: [    3.676445] hv_vmbus: registering driver hv_util
[STDERR  ] 2018-01-24T17:43:36.260085758Z: [    3.681555] hv_vmbus: registering driver hv_balloon
[STDERR  ] 2018-01-24T17:43:36.260096537Z: [    3.686808] oprofile: using NMI interrupt.
[STDERR  ] 2018-01-24T17:43:36.260107103Z: [    3.691372] GACT probability on
[STDERR  ] 2018-01-24T17:43:36.260117704Z: [    3.694710] Mirror/redirect action on
[STDERR  ] 2018-01-24T17:43:36.260128015Z: [    3.698487] Simple TC action Loaded
[STDERR  ] 2018-01-24T17:43:36.260138408Z: [    3.702228] u32 classifier
[STDERR  ] 2018-01-24T17:43:36.260148958Z: [    3.705046]     Performance counters on
[STDERR  ] 2018-01-24T17:43:36.260165448Z: [    3.709023]     input device check on
[STDERR  ] 2018-01-24T17:43:36.260176103Z: [    3.712876]     Actions configured
[STDERR  ] 2018-01-24T17:43:36.260186997Z: [    3.716788] Netfilter messages via NETLINK v0.30.
[STDERR  ] 2018-01-24T17:43:36.26019735Z: [    3.722394] nfnl_acct: registering with nfnetlink.
[STDERR  ] 2018-01-24T17:43:36.260207944Z: [    3.727519] nf_conntrack version 0.5.0 (8192 buckets, 32768 max)
[STDERR  ] 2018-01-24T17:43:36.260218874Z: [    3.733850] ctnetlink v0.93: registering with nfnetlink.
[STDERR  ] 2018-01-24T17:43:36.260229981Z: [    3.739508] nf_tables: (c) 2007-2009 Patrick McHardy <kaber@trash.net>
[STDERR  ] 2018-01-24T17:43:36.260240576Z: [    3.747238] nf_tables_compat: (c) 2012 Pablo Neira Ayuso <pablo@netfilter.org>
[STDERR  ] 2018-01-24T17:43:36.260251822Z: [    3.755119] xt_time: kernel timezone is -0000
[STDERR  ] 2018-01-24T17:43:36.260262276Z: [    3.759648] ip_set: protocol 6
[STDERR  ] 2018-01-24T17:43:36.260273154Z: [    3.763304] IPVS: Registered protocols (TCP, UDP, SCTP, AH, ESP)
[STDERR  ] 2018-01-24T17:43:36.260283831Z: [    3.769736] IPVS: Connection hash table configured (size=4096, memory=64Kbytes)
[STDERR  ] 2018-01-24T17:43:36.260295834Z: [    3.777524] IPVS: Creating netns size=2104 id=0
[STDERR  ] 2018-01-24T17:43:36.260313223Z: [    3.783729] IPVS: ipvs loaded.
[STDERR  ] 2018-01-24T17:43:36.260324209Z: [    3.786920] IPVS: [rr] scheduler registered.
[STDERR  ] 2018-01-24T17:43:36.260334863Z: [    3.791734] IPVS: [wrr] scheduler registered.
[STDERR  ] 2018-01-24T17:43:36.260345569Z: [    3.796428] IPVS: [lc] scheduler registered.
[STDERR  ] 2018-01-24T17:43:36.260355826Z: [    3.801854] IPVS: [wlc] scheduler registered.
[STDERR  ] 2018-01-24T17:43:36.260367466Z: [    3.806385] IPVS: [fo] scheduler registered.
[STDERR  ] 2018-01-24T17:43:36.26037844Z: [    3.812259] IPVS: [ovf] scheduler registered.
[STDERR  ] 2018-01-24T17:43:36.260392316Z: [    3.818064] IPVS: [lblc] scheduler registered.
[STDERR  ] 2018-01-24T17:43:36.26040304Z: [    3.822769] IPVS: [lblcr] scheduler registered.
[STDERR  ] 2018-01-24T17:43:36.260413869Z: [    3.827974] IPVS: [dh] scheduler registered.
[STDERR  ] 2018-01-24T17:43:36.26042434Z: [    3.832581] IPVS: [sh] scheduler registered.
[STDERR  ] 2018-01-24T17:43:36.260439234Z: [    3.837323] IPVS: [sed] scheduler registered.
[STDERR  ] 2018-01-24T17:43:36.260449882Z: [    3.842186] IPVS: [nq] scheduler registered.
[STDERR  ] 2018-01-24T17:43:36.260460437Z: [    3.846868] IPVS: ftp: loaded support on port[0] = 21
[STDERR  ] 2018-01-24T17:43:36.260470925Z: [    3.852813] ata4: SATA link down (SStatus 0 SControl 300)
[STDERR  ] 2018-01-24T17:43:36.260482451Z: [    3.859274] ata3: SATA link up 1.5 Gbps (SStatus 113 SControl 300)
[STDERR  ] 2018-01-24T17:43:36.260493341Z: [    3.866688] ata2: SATA link down (SStatus 0 SControl 300)
[STDERR  ] 2018-01-24T17:43:36.260503727Z: [    3.873126] ata1: SATA link down (SStatus 0 SControl 300)
[STDERR  ] 2018-01-24T17:43:36.260517591Z: [    3.879422] ata6: SATA link down (SStatus 0 SControl 300)
[STDERR  ] 2018-01-24T17:43:36.260528622Z: [    3.886216] ata5: SATA link down (SStatus 0 SControl 300)
[STDERR  ] 2018-01-24T17:43:36.260539085Z: [    3.892236] ipip: IPv4 and MPLS over IPv4 tunneling driver
[STDERR  ] 2018-01-24T17:43:36.260549956Z: [    3.898199] gre: GRE over IPv4 demultiplexor driver
[STDERR  ] 2018-01-24T17:43:36.260560794Z: [    3.903429] ata3.00: ATAPI: QEMU DVD-ROM, 2.5+, max UDMA/100
[STDERR  ] 2018-01-24T17:43:36.260571347Z: [    3.909286] ata3.00: applying bridge limits
[STDERR  ] 2018-01-24T17:43:36.260581477Z: [    3.914513] ip_tables: (C) 2000-2006 Netfilter Core Team
[STDERR  ] 2018-01-24T17:43:36.260591796Z: [    3.920142] ipt_CLUSTERIP: ClusterIP Version 0.8 loaded successfully
[STDERR  ] 2018-01-24T17:43:36.260602752Z: [    3.927504] ata3.00: configured for UDMA/100
[STDERR  ] 2018-01-24T17:43:36.260613712Z: [    3.932596] arp_tables: arp_tables: (C) 2002 David S. Miller
[STDERR  ] 2018-01-24T17:43:36.260624777Z: [    3.939024] NET: Registered protocol family 10
[STDERR  ] 2018-01-24T17:43:36.260635421Z: [    3.945205] scsi 2:0:0:0: CD-ROM            QEMU     QEMU DVD-ROM     2.5+ PQ: 0 ANSI: 5
[STDERR  ] 2018-01-24T17:43:36.260646374Z: [    3.956178] ip6_tables: (C) 2000-2006 Netfilter Core Team
[STDERR  ] 2018-01-24T17:43:36.26065656Z: [    3.962876] NET: Registered protocol family 17
[STDERR  ] 2018-01-24T17:43:36.260666677Z: [    3.967853] Bridge firewalling registered
[STDERR  ] 2018-01-24T17:43:36.260676869Z: [    3.973133] sr 2:0:0:0: [sr0] scsi3-mmc drive: 4x/4x cd/rw xa/form2 tray
[STDERR  ] 2018-01-24T17:43:36.260686969Z: [    3.980719] cdrom: Uniform CD-ROM driver Revision: 3.20
[STDERR  ] 2018-01-24T17:43:36.260697667Z: [    3.986478] Ebtables v2.0 registered
[STDERR  ] 2018-01-24T17:43:36.260708583Z: [    3.990751] 8021q: 802.1Q VLAN Support v1.8
[STDERR  ] 2018-01-24T17:43:36.260718892Z: [    3.995313] 9pnet: Installing 9P2000 support
[STDERR  ] 2018-01-24T17:43:36.260730194Z: [    4.000824] sr 2:0:0:0: Attached scsi generic sg0 type 5
[STDERR  ] 2018-01-24T17:43:36.260741087Z: [    4.006991] Key type dns_resolver registered
[STDERR  ] 2018-01-24T17:43:36.260751832Z: [    4.011995] microcode: sig=0x663, pf=0x1, revision=0x1
[STDERR  ] 2018-01-24T17:43:36.260762276Z: [    4.017915] microcode: Microcode Update Driver: v2.01 <tigran@aivazian.fsnet.co.uk>, Peter Oruba
[STDERR  ] 2018-01-24T17:43:36.2607802Z: [    4.027943] registered taskstats version 1
[STDERR  ] 2018-01-24T17:43:36.260802745Z: [    4.039831] Key type big_key registered
[STDERR  ] 2018-01-24T17:43:36.260817331Z: [    4.051006] Key type encrypted registered
[STDERR  ] 2018-01-24T17:43:36.260828102Z: [    4.057749] rtc_cmos 00:00: setting system clock to 2018-01-24 17:43:27 UTC (1516815807)
[STDERR  ] 2018-01-24T17:43:36.260841371Z: [    4.070132] Freeing unused kernel memory: 1400K
[STDERR  ] 2018-01-24T17:43:36.260854152Z: [    4.075271] Write protecting the kernel read-only data: 12288k
[STDERR  ] 2018-01-24T17:43:36.260865792Z: [    4.082016] Freeing unused kernel memory: 124K
[STDERR  ] 2018-01-24T17:43:36.260876662Z: [    4.091772] Freeing unused kernel memory: 1392K
[STDERR  ] 2018-01-24T17:43:36.260886691Z: 
[STDERR  ] 2018-01-24T17:43:36.260897407Z: Welcome to LinuxKit
[STDERR  ] 2018-01-24T17:43:36.260908409Z: 
[STDERR  ] 2018-01-24T17:43:36.2609244Z:                         ##         .
[STDERR  ] 2018-01-24T17:43:36.260935167Z:                   ## ## ##        ==
[STDERR  ] 2018-01-24T17:43:36.260946471Z:                ## ## ## ## ##    ===
[STDERR  ] 2018-01-24T17:43:36.260956351Z:            /"""""""""""""""""\___/ ===
[STDERR  ] 2018-01-24T17:43:36.260967325Z:           {                       /  ===-
[STDERR  ] 2018-01-24T17:43:36.260977712Z:            \______ O           __/
[STDERR  ] 2018-01-24T17:43:36.260988276Z:              \    \         __/
[STDERR  ] 2018-01-24T17:43:36.260998856Z:               \____\_______/
[STDERR  ] 2018-01-24T17:43:36.261009746Z: 
[STDERR  ] 2018-01-24T17:43:36.261020777Z: [    5.293606] 8021q: adding VLAN 0 to HW filter on device eth0
[STDERR  ] 2018-01-24T17:43:36.26103294Z: eth0: waiting for carrier
[STDERR  ] 2018-01-24T17:43:36.261040427Z: eth0: carrier acquired
[STDERR  ] 2018-01-24T17:43:36.261047331Z: DUID 00:01:00:01:21:fb:82:40:72:c3:93:77:59:f4
[STDERR  ] 2018-01-24T17:43:36.26105408Z: eth0: IAID 93:77:59:f4
[STDERR  ] 2018-01-24T17:43:36.261060805Z: eth0: adding address fe80::d762:21f:f868:a607
[STDERR  ] 2018-01-24T17:43:36.261067527Z: eth0: soliciting an IPv6 router
[STDERR  ] 2018-01-24T17:43:36.261074285Z: eth0: soliciting a DHCP lease
[STDERR  ] 2018-01-24T17:43:36.261080971Z: eth0: offered 10.0.2.15 from 10.0.2.2
[STDERR  ] 2018-01-24T17:43:36.261090791Z: eth0: leased 10.0.2.15 for 86400 seconds
[STDERR  ] 2018-01-24T17:43:36.26109764Z: eth0: adding route to 10.0.2.0/24
[STDERR  ] 2018-01-24T17:43:36.261104714Z: eth0: adding default route via 10.0.2.2
[STDERR  ] 2018-01-24T17:43:36.261111434Z: exiting due to oneshot
[STDERR  ] 2018-01-24T17:43:36.261118663Z: dhcpcd exited
[STDERR  ] 2018-01-24T17:43:36.261125925Z: [    5.398118] IPVS: Creating netns size=2104 id=1
[STDERR  ] 2018-01-24T17:43:36.261132706Z: [    5.403676] IPVS: ftp: loaded support on port[0] = 21
[STDERR  ] 2018-01-24T17:43:36.26113988Z: [    5.438096] wireguard: loading out-of-tree module taints kernel.
[STDERR  ] 2018-01-24T17:43:36.261146942Z: [    5.450505] wireguard: WireGuard 0.0.20180118 loaded. See www.wireguard.com for information.
[STDERR  ] 2018-01-24T17:43:36.261153906Z: [    5.459655] wireguard: Copyright (C) 2015-2018 Jason A. Donenfeld <Jason@zx2c4.com>. All Rights Reserved.
[STDERR  ] 2018-01-24T17:43:36.261161601Z: Created interface wg0 type wireguard
[STDERR  ] 2018-01-24T17:43:36.261168313Z: Moved interface wg0 to pid 336
[STDERR  ] 2018-01-24T17:43:36.261175008Z: [#] wg setconf wg0 /dev/fd/63
[STDERR  ] 2018-01-24T17:43:36.261182061Z: [#] ip address add 192.168.2.1/24 dev wg0
[STDERR  ] 2018-01-24T17:43:36.261192433Z: [#] ip link set mtu 65456 dev wg0
[STDERR  ] 2018-01-24T17:43:36.261202833Z: [#] ip link set wg0 up
[STDERR  ] 2018-01-24T17:43:36.261215205Z: [#] ip route add 0.0.0.0/0 dev wg0
[STDERR  ] 2018-01-24T17:43:36.261226433Z: [    5.586295] IPVS: Creating netns size=2104 id=2
[STDERR  ] 2018-01-24T17:43:36.261233455Z: [    5.591760] IPVS: ftp: loaded support on port[0] = 21
[STDERR  ] 2018-01-24T17:43:36.261240475Z: Created interface wg1 type wireguard
[STDERR  ] 2018-01-24T17:43:36.261253499Z: Moved interface wg1 to pid 393
[STDERR  ] 2018-01-24T17:43:36.261260835Z: [#] wg setconf wg1 /dev/fd/63
[STDERR  ] 2018-01-24T17:43:36.261267841Z: [#] ip address add 192.168.2.2/24 dev wg1
[STDERR  ] 2018-01-24T17:43:36.261274819Z: [#] ip link set mtu 65456 dev wg1
[STDERR  ] 2018-01-24T17:43:36.26128161Z: [#] ip link set wg1 up
[STDERR  ] 2018-01-24T17:43:36.26128878Z: [#] ip route add 0.0.0.0/0 dev wg1
[STDERR  ] 2018-01-24T17:43:36.261296113Z: [34mINFO[0m[0000] starting containerd                           [34mmodule[0m=containerd [34mrevision[0m=9b55aab90508bd389d7654c4baf173a981477d55 [34mversion[0m=v1.0.1
[STDERR  ] 2018-01-24T17:43:36.26130449Z: [34mINFO[0m[0000] loading plugin "io.containerd.content.v1.content"...  [34mmodule[0m=containerd [34mtype[0m=io.containerd.content.v1
[STDERR  ] 2018-01-24T17:43:36.2613156Z: [34mINFO[0m[0000] loading plugin "io.containerd.snapshotter.v1.btrfs"...  [34mmodule[0m=containerd [34mtype[0m=io.containerd.snapshotter.v1
[STDERR  ] 2018-01-24T17:43:36.261327788Z: [33mWARN[0m[0000] failed to load plugin io.containerd.snapshotter.v1.btrfs  [33merror[0m="path /var/lib/containerd/io.containerd.snapshotter.v1.btrfs must be a btrfs filesystem to be used with the btrfs snapshotter" [33mmodule[0m=containerd
[STDERR  ] 2018-01-24T17:43:36.261337895Z: [34mINFO[0m[0000] loading plugin "io.containerd.snapshotter.v1.overlayfs"...  [34mmodule[0m=containerd [34mtype[0m=io.containerd.snapshotter.v1
[STDERR  ] 2018-01-24T17:43:36.261345576Z: [34mINFO[0m[0000] loading plugin "io.containerd.metadata.v1.bolt"...  [34mmodule[0m=containerd [34mtype[0m=io.containerd.metadata.v1
[STDERR  ] 2018-01-24T17:43:36.26135539Z: [33mWARN[0m[0000] could not use snapshotter btrfs in metadata plugin  [33merror[0m="path /var/lib/containerd/io.containerd.snapshotter.v1.btrfs must be a btrfs filesystem to be used with the btrfs snapshotter" [33mmodule[0m="containerd/io.containerd.metadata.v1.bolt"
[STDERR  ] 2018-01-24T17:43:36.261362666Z: [34mINFO[0m[0000] loading plugin "io.containerd.differ.v1.walking"...  [34mmodule[0m=containerd [34mtype[0m=io.containerd.differ.v1
[STDERR  ] 2018-01-24T17:43:36.26137008Z: [34mINFO[0m[0000] loading plugin "io.containerd.gc.v1.scheduler"...  [34mmodule[0m=containerd [34mtype[0m=io.containerd.gc.v1
[STDERR  ] 2018-01-24T17:43:36.261377539Z: [34mINFO[0m[0000] loading plugin "io.containerd.grpc.v1.containers"...  [34mmodule[0m=containerd [34mtype[0m=io.containerd.grpc.v1
[STDERR  ] 2018-01-24T17:43:36.261384893Z: [34mINFO[0m[0000] loading plugin "io.containerd.grpc.v1.content"...  [34mmodule[0m=containerd [34mtype[0m=io.containerd.grpc.v1
[STDERR  ] 2018-01-24T17:43:36.261392693Z: [34mINFO[0m[0000] loading plugin "io.containerd.grpc.v1.diff"...  [34mmodule[0m=containerd [34mtype[0m=io.containerd.grpc.v1
[STDERR  ] 2018-01-24T17:43:36.261403293Z: [34mINFO[0m[0000] loading plugin "io.containerd.grpc.v1.events"...  [34mmodule[0m=containerd [34mtype[0m=io.containerd.grpc.v1
[STDERR  ] 2018-01-24T17:43:36.261410785Z: [34mINFO[0m[0000] loading plugin "io.containerd.grpc.v1.healthcheck"...  [34mmodule[0m=containerd [34mtype[0m=io.containerd.grpc.v1
[STDERR  ] 2018-01-24T17:43:36.261417701Z: [34mINFO[0m[0000] loading plugin "io.containerd.grpc.v1.images"...  [34mmodule[0m=containerd [34mtype[0m=io.containerd.grpc.v1
[STDERR  ] 2018-01-24T17:43:36.261425122Z: [34mINFO[0m[0000] loading plugin "io.containerd.grpc.v1.leases"...  [34mmodule[0m=containerd [34mtype[0m=io.containerd.grpc.v1
[STDERR  ] 2018-01-24T17:43:36.261432345Z: [34mINFO[0m[0000] loading plugin "io.containerd.grpc.v1.namespaces"...  [34mmodule[0m=containerd [34mtype[0m=io.containerd.grpc.v1
[STDERR  ] 2018-01-24T17:43:36.261439113Z: [34mINFO[0m[0000] loading plugin "io.containerd.grpc.v1.snapshots"...  [34mmodule[0m=containerd [34mtype[0m=io.containerd.grpc.v1
[STDERR  ] 2018-01-24T17:43:36.261445871Z: [34mINFO[0m[0000] loading plugin "io.containerd.monitor.v1.cgroups"...  [34mmodule[0m=containerd [34mtype[0m=io.containerd.monitor.v1
[STDERR  ] 2018-01-24T17:43:36.261458505Z: [34mINFO[0m[0000] loading plugin "io.containerd.runtime.v1.linux"...  [34mmodule[0m=containerd [34mtype[0m=io.containerd.runtime.v1
[STDERR  ] 2018-01-24T17:43:36.261465533Z: [34mINFO[0m[0000] loading plugin "io.containerd.grpc.v1.tasks"...  [34mmodule[0m=containerd [34mtype[0m=io.containerd.grpc.v1
[STDERR  ] 2018-01-24T17:43:36.261472833Z: [34mINFO[0m[0000] loading plugin "io.containerd.grpc.v1.version"...  [34mmodule[0m=containerd [34mtype[0m=io.containerd.grpc.v1
[STDERR  ] 2018-01-24T17:43:36.261479582Z: [34mINFO[0m[0000] loading plugin "io.containerd.grpc.v1.introspection"...  [34mmodule[0m=containerd [34mtype[0m=io.containerd.grpc.v1
[STDERR  ] 2018-01-24T17:43:36.261486544Z: [34mINFO[0m[0000] serving...                                    [34maddress[0m="/run/containerd/debug.sock" [34mmodule[0m="containerd/debug"
[STDERR  ] 2018-01-24T17:43:36.261497024Z: [34mINFO[0m[0000] serving...                                    [34maddress[0m="/run/containerd/containerd.sock" [34mmodule[0m="containerd/grpc"
[STDERR  ] 2018-01-24T17:43:36.261504536Z: [34mINFO[0m[0000] containerd successfully booted in 0.256928s   [34mmodule[0m=containerd
[STDERR  ] 2018-01-24T17:43:36.261511433Z: [34mINFO[0m[0000] shim containerd-shim started                  [34maddress[0m="/containerd-shim/services.linuxkit/nginx/shim.sock" [34mdebug[0m=false [34mmodule[0m="containerd/tasks" [34mpid[0m=444
[STDERR  ] 2018-01-24T17:43:36.26151878Z: [34mINFO[0m[0000] shim containerd-shim started                  [34maddress[0m="/containerd-shim/services.linuxkit/test/shim.sock" [34mdebug[0m=false [34mmodule[0m="containerd/tasks" [34mpid[0m=482
[STDERR  ] 2018-01-24T17:43:36.261526139Z: wireguard test suite PASSED
[STDERR  ] 2018-01-24T17:43:36.261532928Z: [   11.318911] ACPI: Preparing to enter system sleep state S5
[STDERR  ] 2018-01-24T17:43:36.261540304Z: [   11.327370] reboot: Power down
[STDERR  ] 2018-01-24T17:43:36.261549084Z: + echo [    0.000000] Linux version 4.9.78-linuxkit (root@9ac57ca26f22) (gcc version 6.4.0 (Alpine 6.4.0) ) #1 SMP Wed Jan 24 12:49:16 UTC 2018
[STDERR  ] 2018-01-24T17:43:36.26155611Z: [    0.000000] Command line: console=ttyS0 console=ttyAMA0
[STDERR  ] 2018-01-24T17:43:36.26156338Z: [    0.000000] x86/fpu: Legacy x87 FPU detected.
[STDERR  ] 2018-01-24T17:43:36.26157005Z: [    0.000000] x86/fpu: Using 'eager' FPU context switches.
[STDERR  ] 2018-01-24T17:43:36.261577279Z: [    0.000000] e820: BIOS-provided physical RAM map:
[STDERR  ] 2018-01-24T17:43:36.261583953Z: [    0.000000] BIOS-e820: [mem 0x0000000000000000-0x000000000009fbff] usable
[STDERR  ] 2018-01-24T17:43:36.261591282Z: [    0.000000] BIOS-e820: [mem 0x000000000009fc00-0x000000000009ffff] reserved
[STDERR  ] 2018-01-24T17:43:36.261600919Z: [    0.000000] BIOS-e820: [mem 0x00000000000f0000-0x00000000000fffff] reserved
[STDERR  ] 2018-01-24T17:43:36.26160866Z: [    0.000000] BIOS-e820: [mem 0x0000000000100000-0x000000003ffdefff] usable
[STDERR  ] 2018-01-24T17:43:36.26161601Z: [    0.000000] BIOS-e820: [mem 0x000000003ffdf000-0x000000003fffffff] reserved
[STDERR  ] 2018-01-24T17:43:36.261627435Z: [    0.000000] BIOS-e820: [mem 0x00000000b0000000-0x00000000bfffffff] reserved
[STDERR  ] 2018-01-24T17:43:36.261634493Z: [    0.000000] BIOS-e820: [mem 0x00000000fed1c000-0x00000000fed1ffff] reserved
[STDERR  ] 2018-01-24T17:43:36.261641751Z: [    0.000000] BIOS-e820: [mem 0x00000000feffc000-0x00000000feffffff] reserved
[STDERR  ] 2018-01-24T17:43:36.261648482Z: [    0.000000] BIOS-e820: [mem 0x00000000fffc0000-0x00000000ffffffff] reserved
[STDERR  ] 2018-01-24T17:43:36.26165515Z: [    0.000000] NX (Execute Disable) protection: active
[STDERR  ] 2018-01-24T17:43:36.261662533Z: [    0.000000] SMBIOS 2.8 present.
[STDERR  ] 2018-01-24T17:43:36.261669764Z: [    0.000000] Hypervisor detected: KVM
[STDERR  ] 2018-01-24T17:43:36.261676419Z: [    0.000000] e820: last_pfn = 0x3ffdf max_arch_pfn = 0x400000000
[STDERR  ] 2018-01-24T17:43:36.261687206Z: [    0.000000] x86/PAT: PAT not supported by CPU.
[STDERR  ] 2018-01-24T17:43:36.261694031Z: [    0.000000] x86/PAT: Configuration [0-7]: WB  WT  UC- UC  WB  WT  UC- UC  
[STDERR  ] 2018-01-24T17:43:36.261701033Z: [    0.000000] found SMP MP-table at [mem 0x000f6aa0-0x000f6aaf] mapped at [ffff9f4c400f6aa0]
[STDERR  ] 2018-01-24T17:43:36.261707921Z: [    0.000000] RAMDISK: [mem 0x3aa5e000-0x3ffcffff]
[STDERR  ] 2018-01-24T17:43:36.2617146Z: [    0.000000] ACPI: Early table checksum verification disabled
[STDERR  ] 2018-01-24T17:43:36.26172294Z: [    0.000000] ACPI: RSDP 0x00000000000F68B0 000014 (v00 BOCHS )
[STDERR  ] 2018-01-24T17:43:36.261730199Z: [    0.000000] ACPI: RSDT 0x000000003FFE20A8 000034 (v01 BOCHS  BXPCRSDT 00000001 BXPC 00000001)
[STDERR  ] 2018-01-24T17:43:36.26173721Z: [    0.000000] ACPI: FACP 0x000000003FFE1EC8 0000F4 (v03 BOCHS  BXPCFACP 00000001 BXPC 00000001)
[STDERR  ] 2018-01-24T17:43:36.26174695Z: [    0.000000] ACPI: DSDT 0x000000003FFE0040 001E88 (v01 BOCHS  BXPCDSDT 00000001 BXPC 00000001)
[STDERR  ] 2018-01-24T17:43:36.261753905Z: [    0.000000] ACPI: FACS 0x000000003FFE0000 000040
[STDERR  ] 2018-01-24T17:43:36.26176347Z: [    0.000000] ACPI: APIC 0x000000003FFE1FBC 000078 (v01 BOCHS  BXPCAPIC 00000001 BXPC 00000001)
[STDERR  ] 2018-01-24T17:43:36.261770245Z: [    0.000000] ACPI: HPET 0x000000003FFE2034 000038 (v01 BOCHS  BXPCHPET 00000001 BXPC 00000001)
[STDERR  ] 2018-01-24T17:43:36.26177704Z: [    0.000000] ACPI: MCFG 0x000000003FFE206C 00003C (v01 BOCHS  BXPCMCFG 00000001 BXPC 00000001)
[STDERR  ] 2018-01-24T17:43:36.261805541Z: [    0.000000] kvm-clock: Using msrs 4b564d01 and 4b564d00
[STDERR  ] 2018-01-24T17:43:36.26181336Z: [    0.000000] kvm-clock: cpu 0, msr 0:3ffdd001, primary cpu clock
[STDERR  ] 2018-01-24T17:43:36.261820526Z: [    0.000000] clocksource: kvm-clock: mask: 0xffffffffffffffff max_cycles: 0x1cd42e4dffb, max_idle_ns: 881590591483 ns
[STDERR  ] 2018-01-24T17:43:36.26182812Z: [    0.000000] Zone ranges:
[STDERR  ] 2018-01-24T17:43:36.261834904Z: [    0.000000]   DMA      [mem 0x0000000000001000-0x0000000000ffffff]
[STDERR  ] 2018-01-24T17:43:36.261844639Z: [    0.000000]   DMA32    [mem 0x0000000001000000-0x000000003ffdefff]
[STDERR  ] 2018-01-24T17:43:36.261851356Z: [    0.000000]   Normal   empty
[STDERR  ] 2018-01-24T17:43:36.261858668Z: [    0.000000] Movable zone start for each node
[STDERR  ] 2018-01-24T17:43:36.261865485Z: [    0.000000] Early memory node ranges
[STDERR  ] 2018-01-24T17:43:36.261872261Z: [    0.000000]   node   0: [mem 0x0000000000001000-0x000000000009efff]
[STDERR  ] 2018-01-24T17:43:36.261878945Z: [    0.000000]   node   0: [mem 0x0000000000100000-0x000000003ffdefff]
[STDERR  ] 2018-01-24T17:43:36.26188618Z: [    0.000000] Initmem setup node 0 [mem 0x0000000000001000-0x000000003ffdefff]
[STDERR  ] 2018-01-24T17:43:36.261893351Z: [    0.000000] ACPI: PM-Timer IO Port: 0x608
[STDERR  ] 2018-01-24T17:43:36.261900161Z: [    0.000000] ACPI: LAPIC_NMI (acpi_id[0xff] dfl dfl lint[0x1])
[STDERR  ] 2018-01-24T17:43:36.261906833Z: [    0.000000] IOAPIC[0]: apic_id 0, version 17, address 0xfec00000, GSI 0-23
[STDERR  ] 2018-01-24T17:43:36.261913542Z: [    0.000000] ACPI: INT_SRC_OVR (bus 0 bus_irq 0 global_irq 2 dfl dfl)
[STDERR  ] 2018-01-24T17:43:36.261920902Z: [    0.000000] ACPI: INT_SRC_OVR (bus 0 bus_irq 5 global_irq 5 high level)
[STDERR  ] 2018-01-24T17:43:36.261928165Z: [    0.000000] ACPI: INT_SRC_OVR (bus 0 bus_irq 9 global_irq 9 high level)
[STDERR  ] 2018-01-24T17:43:36.261934959Z: [    0.000000] ACPI: INT_SRC_OVR (bus 0 bus_irq 10 global_irq 10 high level)
[STDERR  ] 2018-01-24T17:43:36.261941582Z: [    0.000000] ACPI: INT_SRC_OVR (bus 0 bus_irq 11 global_irq 11 high level)
[STDERR  ] 2018-01-24T17:43:36.261959864Z: [    0.000000] Using ACPI (MADT) for SMP configuration information
[STDERR  ] 2018-01-24T17:43:36.261967122Z: [    0.000000] ACPI: HPET id: 0x8086a201 base: 0xfed00000
[STDERR  ] 2018-01-24T17:43:36.26197431Z: [    0.000000] smpboot: Allowing 1 CPUs, 0 hotplug CPUs
[STDERR  ] 2018-01-24T17:43:36.261984999Z: [    0.000000] e820: [mem 0x40000000-0xafffffff] available for PCI devices
[STDERR  ] 2018-01-24T17:43:36.261992156Z: [    0.000000] Booting paravirtualized kernel on KVM
[STDERR  ] 2018-01-24T17:43:36.262001031Z: [    0.000000] clocksource: refined-jiffies: mask: 0xffffffff max_cycles: 0xffffffff, max_idle_ns: 19112604462750000 ns
[STDERR  ] 2018-01-24T17:43:36.262008571Z: [    0.000000] setup_percpu: NR_CPUS:128 nr_cpumask_bits:128 nr_cpu_ids:1 nr_node_ids:1
[STDERR  ] 2018-01-24T17:43:36.26201796Z: [    0.000000] percpu: Embedded 36 pages/cpu @ffff9f4c7a800000 s106904 r8192 d32360 u2097152
[STDERR  ] 2018-01-24T17:43:36.262024793Z: [    0.000000] KVM setup async PF for cpu 0
[STDERR  ] 2018-01-24T17:43:36.262031521Z: [    0.000000] kvm-stealtime: cpu 0, msr 3a80fd80
[STDERR  ] 2018-01-24T17:43:36.262038156Z: [    0.000000] Built 1 zonelists in Zone order, mobility grouping on.  Total pages: 257896
[STDERR  ] 2018-01-24T17:43:36.26204823Z: [    0.000000] Kernel command line: console=ttyS0 console=ttyAMA0
[STDERR  ] 2018-01-24T17:43:36.26205504Z: [    0.000000] PID hash table entries: 4096 (order: 3, 32768 bytes)
[STDERR  ] 2018-01-24T17:43:36.262061796Z: [    0.000000] Dentry cache hash table entries: 131072 (order: 8, 1048576 bytes)
[STDERR  ] 2018-01-24T17:43:36.262068944Z: [    0.000000] Inode-cache hash table entries: 65536 (order: 7, 524288 bytes)
[STDERR  ] 2018-01-24T17:43:36.262076642Z: [    0.000000] Memory: 926624K/1048052K available (8055K kernel code, 1391K rwdata, 2704K rodata, 1400K init, 564K bss, 121428K reserved, 0K cma-reserved)
[STDERR  ] 2018-01-24T17:43:36.262084081Z: [    0.000000] Kernel/User page tables isolation: enabled
[STDERR  ] 2018-01-24T17:43:36.262091392Z: [    0.000000] Hierarchical RCU implementation.
[STDERR  ] 2018-01-24T17:43:36.26209803Z: [    0.000000] 	Build-time adjustment of leaf fanout to 64.
[STDERR  ] 2018-01-24T17:43:36.262104852Z: [    0.000000] 	RCU restricting CPUs from NR_CPUS=128 to nr_cpu_ids=1.
[STDERR  ] 2018-01-24T17:43:36.26211444Z: [    0.000000] RCU: Adjusting geometry for rcu_fanout_leaf=64, nr_cpu_ids=1
[STDERR  ] 2018-01-24T17:43:36.262121614Z: [    0.000000] NR_IRQS:8448 nr_irqs:256 16
[STDERR  ] 2018-01-24T17:43:36.26212826Z: [    0.000000] Console: colour VGA+ 80x25
[STDERR  ] 2018-01-24T17:43:36.262135039Z: [    0.000000] console [ttyS0] enabled
[STDERR  ] 2018-01-24T17:43:36.262141681Z: [    0.000000] clocksource: hpet: mask: 0xffffffff max_cycles: 0xffffffff, max_idle_ns: 19112604467 ns
[STDERR  ] 2018-01-24T17:43:36.262149063Z: [    0.000000] tsc: Detected 2299.994 MHz processor
[STDERR  ] 2018-01-24T17:43:36.262155641Z: [    0.020000] Calibrating delay loop (skipped) preset value.. 4599.98 BogoMIPS (lpj=22999940)
[STDERR  ] 2018-01-24T17:43:36.262162487Z: [    0.023334] pid_max: default: 32768 minimum: 301
[STDERR  ] 2018-01-24T17:43:36.262169159Z: [    0.028602] ACPI: Core revision 20160831
[STDERR  ] 2018-01-24T17:43:36.262178105Z: [    0.030683] ACPI: 1 ACPI AML tables successfully acquired and loaded
[STDERR  ] 2018-01-24T17:43:36.262185745Z: [    0.040101] Security Framework initialized
[STDERR  ] 2018-01-24T17:43:36.262192472Z: [    0.044594] Yama: becoming mindful.
[STDERR  ] 2018-01-24T17:43:36.26219908Z: [    0.050091] Mount-cache hash table entries: 2048 (order: 2, 16384 bytes)
[STDERR  ] 2018-01-24T17:43:36.262206047Z: [    0.057006] Mountpoint-cache hash table entries: 2048 (order: 2, 16384 bytes)
[STDERR  ] 2018-01-24T17:43:36.262212704Z: [    0.060928] CPU: Physical Processor ID: 0
[STDERR  ] 2018-01-24T17:43:36.262224829Z: [    0.070225] Last level iTLB entries: 4KB 0, 2MB 0, 4MB 0
[STDERR  ] 2018-01-24T17:43:36.262231785Z: [    0.076116] Last level dTLB entries: 4KB 0, 2MB 0, 4MB 0, 1GB 0
[STDERR  ] 2018-01-24T17:43:36.262238752Z: [    0.080038] Spectre V2 mitigation: Vulnerable: Minimal generic ASM retpoline
[STDERR  ] 2018-01-24T17:43:36.262245532Z: [    0.217847] Freeing SMP alternatives memory: 20K
[STDERR  ] 2018-01-24T17:43:36.26225223Z: [    0.257336] ftrace: allocating 35561 entries in 139 pages
[STDERR  ] 2018-01-24T17:43:36.262262467Z: [    0.270144] smpboot: Max logical packages: 1
[STDERR  ] 2018-01-24T17:43:36.262270423Z: [    0.283226] x2apic enabled
[STDERR  ] 2018-01-24T17:43:36.262277469Z: [    0.290028] Switched APIC routing to physical x2apic.
[STDERR  ] 2018-01-24T17:43:36.262284299Z: [    0.307734] ..TIMER: vector=0x30 apic1=0 pin1=2 apic2=-1 pin2=-1
[STDERR  ] 2018-01-24T17:43:36.262291438Z: [    0.310000] smpboot: CPU0: Intel QEMU Virtual CPU version 2.5+ (family: 0x6, model: 0x6, stepping: 0x3)
[STDERR  ] 2018-01-24T17:43:36.262300832Z: [    0.310011] Performance Events: PMU not available due to virtualization, using software events only.
[STDERR  ] 2018-01-24T17:43:36.26231027Z: [    0.330043] x86: Booted up 1 node, 1 CPUs
[STDERR  ] 2018-01-24T17:43:36.262319132Z: [    0.334497] smpboot: Total of 1 processors activated (4599.98 BogoMIPS)
[STDERR  ] 2018-01-24T17:43:36.262326161Z: [    0.343244] devtmpfs: initialized
[STDERR  ] 2018-01-24T17:43:36.262337119Z: [    0.347013] x86/mm: Memory block size: 128MB
[STDERR  ] 2018-01-24T17:43:36.262348334Z: [    0.354173] clocksource: jiffies: mask: 0xffffffff max_cycles: 0xffffffff, max_idle_ns: 19112604462750000 ns
[STDERR  ] 2018-01-24T17:43:36.262355239Z: [    0.360030] futex hash table entries: 256 (order: 2, 16384 bytes)
[STDERR  ] 2018-01-24T17:43:36.262364985Z: [    0.370226] NET: Registered protocol family 16
[STDERR  ] 2018-01-24T17:43:36.262371803Z: [    0.380276] cpuidle: using governor ladder
[STDERR  ] 2018-01-24T17:43:36.262379152Z: [    0.384628] cpuidle: using governor menu
[STDERR  ] 2018-01-24T17:43:36.262385874Z: [    0.390356] ACPI: bus type PCI registered
[STDERR  ] 2018-01-24T17:43:36.262392545Z: [    0.395211] PCI: MMCONFIG for domain 0000 [bus 00-ff] at [mem 0xb0000000-0xbfffffff] (base 0xb0000000)
[STDERR  ] 2018-01-24T17:43:36.262399405Z: [    0.400014] PCI: MMCONFIG at [mem 0xb0000000-0xbfffffff] reserved in E820
[STDERR  ] 2018-01-24T17:43:36.262406764Z: [    0.410031] PCI: Using configuration type 1 for base access
[STDERR  ] 2018-01-24T17:43:36.262413512Z: [    0.420090] HugeTLB registered 2 MB page size, pre-allocated 0 pages
[STDERR  ] 2018-01-24T17:43:36.262420201Z: [    0.427610] ACPI: Added _OSI(Module Device)
[STDERR  ] 2018-01-24T17:43:36.262426859Z: [    0.430012] ACPI: Added _OSI(Processor Device)
[STDERR  ] 2018-01-24T17:43:36.262433474Z: [    0.434667] ACPI: Added _OSI(3.0 _SCP Extensions)
[STDERR  ] 2018-01-24T17:43:36.262440085Z: [    0.440012] ACPI: Added _OSI(Processor Aggregator Device)
[STDERR  ] 2018-01-24T17:43:36.26244677Z: [    0.454523] ACPI: Interpreter enabled
[STDERR  ] 2018-01-24T17:43:36.262453469Z: [    0.458694] ACPI: (supports S0 S5)
[STDERR  ] 2018-01-24T17:43:36.262462154Z: [    0.460011] ACPI: Using IOAPIC for interrupt routing
[STDERR  ] 2018-01-24T17:43:36.262468838Z: [    0.465466] PCI: Using host bridge windows from ACPI; if necessary, use "pci=nocrs" and report a bug
[STDERR  ] 2018-01-24T17:43:36.262475518Z: [    0.481240] ACPI: PCI Root Bridge [PCI0] (domain 0000 [bus 00-ff])
[STDERR  ] 2018-01-24T17:43:36.262482175Z: [    0.488073] acpi PNP0A08:00: _OSC: OS supports [ExtendedConfig ASPM ClockPM Segments MSI]
[STDERR  ] 2018-01-24T17:43:36.262488984Z: [    0.490169] acpi PNP0A08:00: _OSC: OS now controls [PCIeHotplug PME PCIeCapability]
[STDERR  ] 2018-01-24T17:43:36.262495735Z: [    0.500102] PCI host bridge to bus 0000:00
[STDERR  ] 2018-01-24T17:43:36.262502455Z: [    0.510014] pci_bus 0000:00: root bus resource [io  0x0000-0x0cf7 window]
[STDERR  ] 2018-01-24T17:43:36.262509127Z: [    0.516995] pci_bus 0000:00: root bus resource [io  0x0d00-0xffff window]
[STDERR  ] 2018-01-24T17:43:36.262516309Z: [    0.520017] pci_bus 0000:00: root bus resource [mem 0x000a0000-0x000bffff window]
[STDERR  ] 2018-01-24T17:43:36.262523235Z: [    0.530017] pci_bus 0000:00: root bus resource [mem 0xc0000000-0xfebfffff window]
[STDERR  ] 2018-01-24T17:43:36.262529915Z: [    0.540017] pci_bus 0000:00: root bus resource [bus 00-ff]
[STDERR  ] 2018-01-24T17:43:36.262536614Z: [    0.707577] pci 0000:00:1f.0: quirk: [io  0x0600-0x067f] claimed by ICH6 ACPI/GPIO/TCO
[STDERR  ] 2018-01-24T17:43:36.262548421Z: [    0.781444] ACPI: PCI Interrupt Link [LNKA] (IRQs 5 *10 11)
[STDERR  ] 2018-01-24T17:43:36.262663187Z: [    0.790415] ACPI: PCI Interrupt Link [LNKB] (IRQs 5 *10 11)
[STDERR  ] 2018-01-24T17:43:36.262676298Z: [    0.798761] ACPI: PCI Interrupt Link [LNKC] (IRQs 5 10 *11)
[STDERR  ] 2018-01-24T17:43:36.262687963Z: [    0.802602] ACPI: PCI Interrupt Link [LNKD] (IRQs 5 10 *11)
[STDERR  ] 2018-01-24T17:43:36.262699104Z: [    0.812533] ACPI: PCI Interrupt Link [LNKE] (IRQs 5 *10 11)
[STDERR  ] 2018-01-24T17:43:36.262710804Z: [    0.822920] ACPI: PCI Interrupt Link [LNKF] (IRQs 5 *10 11)
[STDERR  ] 2018-01-24T17:43:36.262749304Z: [    0.832455] ACPI: PCI Interrupt Link [LNKG] (IRQs 5 10 *11)
[STDERR  ] 2018-01-24T17:43:36.262760132Z: [    0.842403] ACPI: PCI Interrupt Link [LNKH] (IRQs 5 10 *11)
[STDERR  ] 2018-01-24T17:43:36.262770421Z: [    0.852294] ACPI: PCI Interrupt Link [GSIA] (IRQs *16)
[STDERR  ] 2018-01-24T17:43:36.262796887Z: [    0.860413] ACPI: PCI Interrupt Link [GSIB] (IRQs *17)
[STDERR  ] 2018-01-24T17:43:36.262829999Z: [    0.867192] ACPI: PCI Interrupt Link [GSIC] (IRQs *18)
[STDERR  ] 2018-01-24T17:43:36.262840539Z: [    0.871223] ACPI: PCI Interrupt Link [GSID] (IRQs *19)
[STDERR  ] 2018-01-24T17:43:36.262851512Z: [    0.880651] ACPI: PCI Interrupt Link [GSIE] (IRQs *20)
[STDERR  ] 2018-01-24T17:43:36.262862624Z: [    0.887195] ACPI: PCI Interrupt Link [GSIF] (IRQs *21)
[STDERR  ] 2018-01-24T17:43:36.262885658Z: [    0.891127] ACPI: PCI Interrupt Link [GSIG] (IRQs *22)
[STDERR  ] 2018-01-24T17:43:36.262911232Z: [    0.897128] ACPI: PCI Interrupt Link [GSIH] (IRQs *23)
[STDERR  ] 2018-01-24T17:43:36.262921852Z: [    0.901467] ACPI: Enabled 1 GPEs in block 00 to 3F
[STDERR  ] 2018-01-24T17:43:36.262932652Z: [    0.910627] SCSI subsystem initialized
[STDERR  ] 2018-01-24T17:43:36.262942975Z: [    0.915396] ACPI: bus type USB registered
[STDERR  ] 2018-01-24T17:43:36.262953669Z: [    0.920075] usbcore: registered new interface driver usbfs
[STDERR  ] 2018-01-24T17:43:36.262964239Z: [    0.926055] usbcore: registered new interface driver hub
[STDERR  ] 2018-01-24T17:43:36.262989414Z: [    0.930048] usbcore: registered new device driver usb
[STDERR  ] 2018-01-24T17:43:36.263000312Z: [    0.935483] pps_core: LinuxPPS API ver. 1 registered
[STDERR  ] 2018-01-24T17:43:36.263011351Z: [    0.940010] pps_core: Software ver. 5.3.6 - Copyright 2005-2007 Rodolfo Giometti <giometti@linux.it>
[STDERR  ] 2018-01-24T17:43:36.263021989Z: [    0.950030] PTP clock support registered
[STDERR  ] 2018-01-24T17:43:36.263032014Z: [    0.954395] PCI: Using ACPI for IRQ routing
[STDERR  ] 2018-01-24T17:43:36.263042346Z: [    1.428992] NetLabel: Initializing
[STDERR  ] 2018-01-24T17:43:36.263065437Z: [    1.430017] NetLabel:  domain hash size = 128
[STDERR  ] 2018-01-24T17:43:36.263076086Z: [    1.435169] NetLabel:  protocols = UNLABELED CIPSOv4
[STDERR  ] 2018-01-24T17:43:36.263086162Z: [    1.440050] NetLabel:  unlabeled traffic allowed by default
[STDERR  ] 2018-01-24T17:43:36.263096422Z: [    1.445932] wmi: Mapper loaded
[STDERR  ] 2018-01-24T17:43:36.263107077Z: [    1.450165] HPET: 3 timers in total, 0 timers will be used for per-cpu timer
[STDERR  ] 2018-01-24T17:43:36.263117859Z: [    1.460130] hpet0: at MMIO 0xfed00000, IRQs 2, 8, 0
[STDERR  ] 2018-01-24T17:43:36.263128254Z: [    1.466275] hpet0: 3 comparators, 64-bit 100.000000 MHz counter
[STDERR  ] 2018-01-24T17:43:36.263156951Z: [    1.474753] clocksource: Switched to clocksource kvm-clock
[STDERR  ] 2018-01-24T17:43:36.263168098Z: [    1.488834] VFS: Disk quotas dquot_6.6.0
[STDERR  ] 2018-01-24T17:43:36.263178973Z: [    1.493415] VFS: Dquot-cache hash table entries: 512 (order 0, 4096 bytes)
[STDERR  ] 2018-01-24T17:43:36.263190758Z: [    1.501263] FS-Cache: Loaded
[STDERR  ] 2018-01-24T17:43:36.263202014Z: [    1.504718] CacheFiles: Loaded
[STDERR  ] 2018-01-24T17:43:36.263231884Z: [    1.508194] pnp: PnP ACPI init
[STDERR  ] 2018-01-24T17:43:36.263243031Z: [    1.512884] pnp: PnP ACPI: found 5 devices
[STDERR  ] 2018-01-24T17:43:36.263258558Z: [    1.523640] clocksource: acpi_pm: mask: 0xffffff max_cycles: 0xffffff, max_idle_ns: 2085701024 ns
[STDERR  ] 2018-01-24T17:43:36.263270128Z: [    1.533813] NET: Registered protocol family 2
[STDERR  ] 2018-01-24T17:43:36.263281099Z: [    1.538813] TCP established hash table entries: 8192 (order: 4, 65536 bytes)
[STDERR  ] 2018-01-24T17:43:36.263331551Z: [    1.546346] TCP bind hash table entries: 8192 (order: 5, 131072 bytes)
[STDERR  ] 2018-01-24T17:43:36.263383724Z: [    1.553156] TCP: Hash tables configured (established 8192 bind 8192)
[STDERR  ] 2018-01-24T17:43:36.263443554Z: [    1.559799] UDP hash table entries: 512 (order: 2, 16384 bytes)
[STDERR  ] 2018-01-24T17:43:36.263484137Z: [    1.565965] UDP-Lite hash table entries: 512 (order: 2, 16384 bytes)
[STDERR  ] 2018-01-24T17:43:36.263495939Z: [    1.572568] NET: Registered protocol family 1
[STDERR  ] 2018-01-24T17:43:36.263517491Z: [    1.577317] pci 0000:00:01.0: Video device with shadowed ROM at [mem 0x000c0000-0x000dffff]
[STDERR  ] 2018-01-24T17:43:36.263529273Z: [    1.586847] Unpacking initramfs...
[STDERR  ] 2018-01-24T17:43:36.26353936Z: [    3.103817] Freeing initrd memory: 87496K
[STDERR  ] 2018-01-24T17:43:36.263571178Z: [    3.109313] PCLMULQDQ-NI instructions are not detected.
[STDERR  ] 2018-01-24T17:43:36.263583617Z: [    3.115298] AVX or AES-NI instructions are not detected.
[STDERR  ] 2018-01-24T17:43:36.26359492Z: [    3.121572] CPU feature 'AVX registers' is not supported.
[STDERR  ] 2018-01-24T17:43:36.263606558Z: [    3.127755] CPU feature 'AVX registers' is not supported.
[STDERR  ] 2018-01-24T17:43:36.263617229Z: [    3.134484] CPU feature 'AVX registers' is not supported.
[STDERR  ] 2018-01-24T17:43:36.263647886Z: [    3.140318] CPU feature 'AVX registers' is not supported.
[STDERR  ] 2018-01-24T17:43:36.263658188Z: [    3.146049] AVX2 or AES-NI instructions are not detected.
[STDERR  ] 2018-01-24T17:43:36.263691624Z: [    3.151914] AVX2 instructions are not detected.
[STDERR  ] 2018-01-24T17:43:36.263701917Z: [    3.157040] audit: initializing netlink subsys (disabled)
[STDERR  ] 2018-01-24T17:43:36.263728609Z: [    3.163003] audit: type=2000 audit(1516815806.317:1): initialized
[STDERR  ] 2018-01-24T17:43:36.26374096Z: [    3.170009] workingset: timestamp_bits=46 max_order=18 bucket_order=0
[STDERR  ] 2018-01-24T17:43:36.263752111Z: [    3.177194] squashfs: version 4.0 (2009/01/31) Phillip Lougher
[STDERR  ] 2018-01-24T17:43:36.263761948Z: [    3.183617] FS-Cache: Netfs 'cifs' registered for caching
[STDERR  ] 2018-01-24T17:43:36.263771603Z: [    3.189017] fuse init (API version 7.26)
[STDERR  ] 2018-01-24T17:43:36.263789449Z: [    3.193356] SGI XFS with ACLs, security attributes, no debug enabled
[STDERR  ] 2018-01-24T17:43:36.263817782Z: [    3.200128] 9p: Installing v9fs 9p2000 file system support
[STDERR  ] 2018-01-24T17:43:36.263828794Z: [    3.205749] FS-Cache: Netfs '9p' registered for caching
[STDERR  ] 2018-01-24T17:43:36.263839314Z: [    3.212364] NET: Registered protocol family 38
[STDERR  ] 2018-01-24T17:43:36.263854324Z: [    3.217352] Key type asymmetric registered
[STDERR  ] 2018-01-24T17:43:36.263864629Z: [    3.221764] Asymmetric key parser 'x509' registered
[STDERR  ] 2018-01-24T17:43:36.263890126Z: [    3.226812] Block layer SCSI generic (bsg) driver version 0.4 loaded (major 251)
[STDERR  ] 2018-01-24T17:43:36.263901997Z: [    3.234446] io scheduler noop registered
[STDERR  ] 2018-01-24T17:43:36.263912342Z: [    3.238507] io scheduler deadline registered (default)
[STDERR  ] 2018-01-24T17:43:36.263922738Z: [    3.244096] io scheduler cfq registered
[STDERR  ] 2018-01-24T17:43:36.263933238Z: [    3.248166] pci_hotplug: PCI Hot Plug PCI Core version: 0.5
[STDERR  ] 2018-01-24T17:43:36.263942938Z: [    3.254093] pciehp: PCI Express Hot Plug Controller Driver version: 0.4
[STDERR  ] 2018-01-24T17:43:36.263969652Z: [    3.261018] shpchp: Standard Hot Plug PCI Controller Driver version: 0.4
[STDERR  ] 2018-01-24T17:43:36.263983662Z: [    3.267872] hv_vmbus: registering driver hyperv_fb
[STDERR  ] 2018-01-24T17:43:36.264001797Z: [    3.273049] input: Power Button as /devices/LNXSYSTM:00/LNXPWRBN:00/input/input0
[STDERR  ] 2018-01-24T17:43:36.264012688Z: [    3.280758] ACPI: Power Button [PWRF]
[STDERR  ] 2018-01-24T17:43:36.264023782Z: [    3.284898] GHES: HEST is not enabled!
[STDERR  ] 2018-01-24T17:43:36.264034872Z: [    3.289227] ACPI: PCI Interrupt Link [GSIG] enabled at IRQ 22
[STDERR  ] 2018-01-24T17:43:36.264064817Z: [    3.301569] ACPI: PCI Interrupt Link [GSIH] enabled at IRQ 23
[STDERR  ] 2018-01-24T17:43:36.264075732Z: [    3.313893] xenfs: not registering filesystem on non-xen platform
[STDERR  ] 2018-01-24T17:43:36.264086473Z: [    3.320654] Serial: 8250/16550 driver, 4 ports, IRQ sharing disabled
[STDERR  ] 2018-01-24T17:43:36.264097348Z: [    3.362674] 00:04: ttyS0 at I/O 0x3f8 (irq = 4, base_baud = 115200) is a 16550A
[STDERR  ] 2018-01-24T17:43:36.26410869Z: [    3.371451] Non-volatile memory driver v1.3
[STDERR  ] 2018-01-24T17:43:36.264137067Z: [    3.378132] Hangcheck: starting hangcheck timer 0.9.1 (tick is 180 seconds, margin is 60 seconds).
[STDERR  ] 2018-01-24T17:43:36.264149147Z: [    3.387986] random: fast init done
[STDERR  ] 2018-01-24T17:43:36.264159928Z: [    3.392498] random: crng init done
[STDERR  ] 2018-01-24T17:43:36.264170385Z: [    3.398242] loop: module loaded
[STDERR  ] 2018-01-24T17:43:36.264181592Z: [    3.402538] nbd: registered device at major 43
[STDERR  ] 2018-01-24T17:43:36.264192185Z: [    3.410171] lpc_ich 0000:00:1f.0: I/O space for GPIO uninitialized
[STDERR  ] 2018-01-24T17:43:36.26420321Z: [    3.416718] VMware PVSCSI driver - version 1.0.7.0-k
[STDERR  ] 2018-01-24T17:43:36.264214453Z: [    3.422263] hv_vmbus: registering driver hv_storvsc
[STDERR  ] 2018-01-24T17:43:36.264225881Z: [    3.428674] ACPI: PCI Interrupt Link [GSIA] enabled at IRQ 16
[STDERR  ] 2018-01-24T17:43:36.264241765Z: [    3.438254] ahci 0000:00:1f.2: AHCI 0001.0000 32 slots 6 ports 1.5 Gbps 0x3f impl SATA mode
[STDERR  ] 2018-01-24T17:43:36.264254359Z: [    3.447127] ahci 0000:00:1f.2: flags: 64bit ncq only 
[STDERR  ] 2018-01-24T17:43:36.264266161Z: [    3.456773] scsi host0: ahci
[STDERR  ] 2018-01-24T17:43:36.264274747Z: [    3.460486] scsi host1: ahci
[STDERR  ] 2018-01-24T17:43:36.264281872Z: [    3.463771] scsi host2: ahci
[STDERR  ] 2018-01-24T17:43:36.264288517Z: [    3.467234] scsi host3: ahci
[STDERR  ] 2018-01-24T17:43:36.264295296Z: [    3.470736] scsi host4: ahci
[STDERR  ] 2018-01-24T17:43:36.264304722Z: [    3.474081] scsi host5: ahci
[STDERR  ] 2018-01-24T17:43:36.26431695Z: [    3.477525] ata1: SATA max UDMA/133 abar m4096@0xfebd2000 port 0xfebd2100 irq 24
[STDERR  ] 2018-01-24T17:43:36.264329167Z: [    3.486374] ata2: SATA max UDMA/133 abar m4096@0xfebd2000 port 0xfebd2180 irq 24
[STDERR  ] 2018-01-24T17:43:36.264340405Z: [    3.494797] ata3: SATA max UDMA/133 abar m4096@0xfebd2000 port 0xfebd2200 irq 24
[STDERR  ] 2018-01-24T17:43:36.264351613Z: [    3.503175] ata4: SATA max UDMA/133 abar m4096@0xfebd2000 port 0xfebd2280 irq 24
[STDERR  ] 2018-01-24T17:43:36.264363633Z: [    3.511200] ata5: SATA max UDMA/133 abar m4096@0xfebd2000 port 0xfebd2300 irq 24
[STDERR  ] 2018-01-24T17:43:36.26437489Z: [    3.519063] ata6: SATA max UDMA/133 abar m4096@0xfebd2000 port 0xfebd2380 irq 24
[STDERR  ] 2018-01-24T17:43:36.264386022Z: [    3.529166] tun: Universal TUN/TAP device driver, 1.6
[STDERR  ] 2018-01-24T17:43:36.264397216Z: [    3.534630] tun: (C) 1999-2004 Max Krasnyansky <maxk@qualcomm.com>
[STDERR  ] 2018-01-24T17:43:36.264408873Z: [    3.545248] VMware vmxnet3 virtual NIC driver - version 1.4.a.0-k-NAPI
[STDERR  ] 2018-01-24T17:43:36.264420859Z: [    3.552465] hv_vmbus: registering driver hv_netvsc
[STDERR  ] 2018-01-24T17:43:36.264432405Z: [    3.557638] Fusion MPT base driver 3.04.20
[STDERR  ] 2018-01-24T17:43:36.264443387Z: [    3.562389] Copyright (c) 1999-2008 LSI Corporation
[STDERR  ] 2018-01-24T17:43:36.26445469Z: [    3.567679] Fusion MPT SPI Host driver 3.04.20
[STDERR  ] 2018-01-24T17:43:36.264477413Z: [    3.572578] i8042: PNP: PS/2 Controller [PNP0303:KBD,PNP0f13:MOU] at 0x60,0x64 irq 1,12
[STDERR  ] 2018-01-24T17:43:36.264489048Z: [    3.584639] serio: i8042 KBD port at 0x60,0x64 irq 1
[STDERR  ] 2018-01-24T17:43:36.264503656Z: [    3.590192] serio: i8042 AUX port at 0x60,0x64 irq 12
[STDERR  ] 2018-01-24T17:43:36.264510828Z: [    3.595589] hv_vmbus: registering driver hyperv_keyboard
[STDERR  ] 2018-01-24T17:43:36.264517808Z: [    3.601322] mousedev: PS/2 mouse device common for all mice
[STDERR  ] 2018-01-24T17:43:36.264528736Z: [    3.608369] input: AT Translated Set 2 keyboard as /devices/platform/i8042/serio0/input/input1
[STDERR  ] 2018-01-24T17:43:36.264540385Z: [    3.617397] input: PC Speaker as /devices/platform/pcspkr/input/input2
[STDERR  ] 2018-01-24T17:43:36.264552536Z: [    3.624494] rtc_cmos 00:00: RTC can wake from S4
[STDERR  ] 2018-01-24T17:43:36.264563242Z: [    3.631461] rtc_cmos 00:00: rtc core: registered rtc_cmos as rtc0
[STDERR  ] 2018-01-24T17:43:36.264579481Z: [    3.638688] rtc_cmos 00:00: alarms up to one day, y3k, 114 bytes nvram, hpet irqs
[STDERR  ] 2018-01-24T17:43:36.264591025Z: [    3.646407] i2c /dev entries driver
[STDERR  ] 2018-01-24T17:43:36.264605738Z: [    3.650285] device-mapper: ioctl: 4.35.0-ioctl (2016-06-23) initialised: dm-devel@redhat.com
[STDERR  ] 2018-01-24T17:43:36.264617058Z: [    3.659749] usbcore: registered new interface driver usbhid
[STDERR  ] 2018-01-24T17:43:36.264628523Z: [    3.666121] usbhid: USB HID core driver
[STDERR  ] 2018-01-24T17:43:36.264639042Z: [    3.670584] hv_utils: Registering HyperV Utility Driver
[STDERR  ] 2018-01-24T17:43:36.264652245Z: [    3.676445] hv_vmbus: registering driver hv_util
[STDERR  ] 2018-01-24T17:43:36.264662859Z: [    3.681555] hv_vmbus: registering driver hv_balloon
[STDERR  ] 2018-01-24T17:43:36.26467369Z: [    3.686808] oprofile: using NMI interrupt.
[STDERR  ] 2018-01-24T17:43:36.264684301Z: [    3.691372] GACT probability on
[STDERR  ] 2018-01-24T17:43:36.264695888Z: [    3.694710] Mirror/redirect action on
[STDERR  ] 2018-01-24T17:43:36.264707218Z: [    3.698487] Simple TC action Loaded
[STDERR  ] 2018-01-24T17:43:36.264717827Z: [    3.702228] u32 classifier
[STDERR  ] 2018-01-24T17:43:36.264728801Z: [    3.705046]     Performance counters on
[STDERR  ] 2018-01-24T17:43:36.26473965Z: [    3.709023]     input device check on
[STDERR  ] 2018-01-24T17:43:36.264750237Z: [    3.712876]     Actions configured
[STDERR  ] 2018-01-24T17:43:36.26476081Z: [    3.716788] Netfilter messages via NETLINK v0.30.
[STDERR  ] 2018-01-24T17:43:36.264771403Z: [    3.722394] nfnl_acct: registering with nfnetlink.
[STDERR  ] 2018-01-24T17:43:36.264797672Z: [    3.727519] nf_conntrack version 0.5.0 (8192 buckets, 32768 max)
[STDERR  ] 2018-01-24T17:43:36.264808936Z: [    3.733850] ctnetlink v0.93: registering with nfnetlink.
[STDERR  ] 2018-01-24T17:43:36.264819898Z: [    3.739508] nf_tables: (c) 2007-2009 Patrick McHardy <kaber@trash.net>
[STDERR  ] 2018-01-24T17:43:36.264831136Z: [    3.747238] nf_tables_compat: (c) 2012 Pablo Neira Ayuso <pablo@netfilter.org>
[STDERR  ] 2018-01-24T17:43:36.264842392Z: [    3.755119] xt_time: kernel timezone is -0000
[STDERR  ] 2018-01-24T17:43:36.264853337Z: [    3.759648] ip_set: protocol 6
[STDERR  ] 2018-01-24T17:43:36.264865412Z: [    3.763304] IPVS: Registered protocols (TCP, UDP, SCTP, AH, ESP)
[STDERR  ] 2018-01-24T17:43:36.264876184Z: [    3.769736] IPVS: Connection hash table configured (size=4096, memory=64Kbytes)
[STDERR  ] 2018-01-24T17:43:36.264887282Z: [    3.777524] IPVS: Creating netns size=2104 id=0
[STDERR  ] 2018-01-24T17:43:36.264897817Z: [    3.783729] IPVS: ipvs loaded.
[STDERR  ] 2018-01-24T17:43:36.264909302Z: [    3.786920] IPVS: [rr] scheduler registered.
[STDERR  ] 2018-01-24T17:43:36.264919877Z: [    3.791734] IPVS: [wrr] scheduler registered.
[STDERR  ] 2018-01-24T17:43:36.264937004Z: [    3.796428] IPVS: [lc] scheduler registered.
[STDERR  ] 2018-01-24T17:43:36.264948109Z: [    3.801854] IPVS: [wlc] scheduler registered.
[STDERR  ] 2018-01-24T17:43:36.264958784Z: [    3.806385] IPVS: [fo] scheduler registered.
[STDERR  ] 2018-01-24T17:43:36.264974916Z: [    3.812259] IPVS: [ovf] scheduler registered.
[STDERR  ] 2018-01-24T17:43:36.264986067Z: [    3.818064] IPVS: [lblc] scheduler registered.
[STDERR  ] 2018-01-24T17:43:36.264996722Z: [    3.822769] IPVS: [lblcr] scheduler registered.
[STDERR  ] 2018-01-24T17:43:36.265007377Z: [    3.827974] IPVS: [dh] scheduler registered.
[STDERR  ] 2018-01-24T17:43:36.265021089Z: [    3.832581] IPVS: [sh] scheduler registered.
[STDERR  ] 2018-01-24T17:43:36.265032289Z: [    3.837323] IPVS: [sed] scheduler registered.
[STDERR  ] 2018-01-24T17:43:36.265042841Z: [    3.842186] IPVS: [nq] scheduler registered.
[STDERR  ] 2018-01-24T17:43:36.265053457Z: [    3.846868] IPVS: ftp: loaded support on port[0] = 21
[STDERR  ] 2018-01-24T17:43:36.265063944Z: [    3.852813] ata4: SATA link down (SStatus 0 SControl 300)
[STDERR  ] 2018-01-24T17:43:36.265077387Z: [    3.859274] ata3: SATA link up 1.5 Gbps (SStatus 113 SControl 300)
[STDERR  ] 2018-01-24T17:43:36.265093984Z: [    3.866688] ata2: SATA link down (SStatus 0 SControl 300)
[STDERR  ] 2018-01-24T17:43:36.265105797Z: [    3.873126] ata1: SATA link down (SStatus 0 SControl 300)
[STDERR  ] 2018-01-24T17:43:36.265116336Z: [    3.879422] ata6: SATA link down (SStatus 0 SControl 300)
[STDERR  ] 2018-01-24T17:43:36.265127098Z: [    3.886216] ata5: SATA link down (SStatus 0 SControl 300)
[STDERR  ] 2018-01-24T17:43:36.265137847Z: [    3.892236] ipip: IPv4 and MPLS over IPv4 tunneling driver
[STDERR  ] 2018-01-24T17:43:36.265149471Z: [    3.898199] gre: GRE over IPv4 demultiplexor driver
[STDERR  ] 2018-01-24T17:43:36.265160156Z: [    3.903429] ata3.00: ATAPI: QEMU DVD-ROM, 2.5+, max UDMA/100
[STDERR  ] 2018-01-24T17:43:36.265171375Z: [    3.909286] ata3.00: applying bridge limits
[STDERR  ] 2018-01-24T17:43:36.265182591Z: [    3.914513] ip_tables: (C) 2000-2006 Netfilter Core Team
[STDERR  ] 2018-01-24T17:43:36.265193555Z: [    3.920142] ipt_CLUSTERIP: ClusterIP Version 0.8 loaded successfully
[STDERR  ] 2018-01-24T17:43:36.265204711Z: [    3.927504] ata3.00: configured for UDMA/100
[STDERR  ] 2018-01-24T17:43:36.265215518Z: [    3.932596] arp_tables: arp_tables: (C) 2002 David S. Miller
[STDERR  ] 2018-01-24T17:43:36.265226171Z: [    3.939024] NET: Registered protocol family 10
[STDERR  ] 2018-01-24T17:43:36.265237031Z: [    3.945205] scsi 2:0:0:0: CD-ROM            QEMU     QEMU DVD-ROM     2.5+ PQ: 0 ANSI: 5
[STDERR  ] 2018-01-24T17:43:36.265248341Z: [    3.956178] ip6_tables: (C) 2000-2006 Netfilter Core Team
[STDERR  ] 2018-01-24T17:43:36.265259909Z: [    3.962876] NET: Registered protocol family 17
[STDERR  ] 2018-01-24T17:43:36.265270369Z: [    3.967853] Bridge firewalling registered
[STDERR  ] 2018-01-24T17:43:36.265281127Z: [    3.973133] sr 2:0:0:0: [sr0] scsi3-mmc drive: 4x/4x cd/rw xa/form2 tray
[STDERR  ] 2018-01-24T17:43:36.26529548Z: [    3.980719] cdrom: Uniform CD-ROM driver Revision: 3.20
[STDERR  ] 2018-01-24T17:43:36.265308117Z: [    3.986478] Ebtables v2.0 registered
[STDERR  ] 2018-01-24T17:43:36.265319016Z: [    3.990751] 8021q: 802.1Q VLAN Support v1.8
[STDERR  ] 2018-01-24T17:43:36.265329818Z: [    3.995313] 9pnet: Installing 9P2000 support
[STDERR  ] 2018-01-24T17:43:36.265340909Z: [    4.000824] sr 2:0:0:0: Attached scsi generic sg0 type 5
[STDERR  ] 2018-01-24T17:43:36.265352341Z: [    4.006991] Key type dns_resolver registered
[STDERR  ] 2018-01-24T17:43:36.26536298Z: [    4.011995] microcode: sig=0x663, pf=0x1, revision=0x1
[STDERR  ] 2018-01-24T17:43:36.265373722Z: [    4.017915] microcode: Microcode Update Driver: v2.01 <tigran@aivazian.fsnet.co.uk>, Peter Oruba
[STDERR  ] 2018-01-24T17:43:36.265387692Z: [    4.027943] registered taskstats version 1
[STDERR  ] 2018-01-24T17:43:36.265401189Z: [    4.039831] Key type big_key registered
[STDERR  ] 2018-01-24T17:43:36.265411941Z: [    4.051006] Key type encrypted registered
[STDERR  ] 2018-01-24T17:43:36.265423278Z: [    4.057749] rtc_cmos 00:00: setting system clock to 2018-01-24 17:43:27 UTC (1516815807)
[STDERR  ] 2018-01-24T17:43:36.265440538Z: [    4.070132] Freeing unused kernel memory: 1400K
[STDERR  ] 2018-01-24T17:43:36.265451556Z: [    4.075271] Write protecting the kernel read-only data: 12288k
[STDERR  ] 2018-01-24T17:43:36.265462249Z: [    4.082016] Freeing unused kernel memory: 124K
[STDERR  ] 2018-01-24T17:43:36.265472957Z: [    4.091772] Freeing unused kernel memory: 1392K
[STDERR  ] 2018-01-24T17:43:36.265483684Z: 
[STDERR  ] 2018-01-24T17:43:36.265494589Z: Welcome to LinuxKit
[STDERR  ] 2018-01-24T17:43:36.265515771Z: 
[STDERR  ] 2018-01-24T17:43:36.26552686Z:                         ##         .
[STDERR  ] 2018-01-24T17:43:36.265537869Z:                   ## ## ##        ==
[STDERR  ] 2018-01-24T17:43:36.265549109Z:                ## ## ## ## ##    ===
[STDERR  ] 2018-01-24T17:43:36.265559649Z:            /"""""""""""""""""\___/ ===
[STDERR  ] 2018-01-24T17:43:36.265570318Z:           {                       /  ===-
[STDERR  ] 2018-01-24T17:43:36.265581509Z:            \______ O           __/
[STDERR  ] 2018-01-24T17:43:36.265597664Z:              \    \         __/
[STDERR  ] 2018-01-24T17:43:36.265608878Z:               \____\_______/
[STDERR  ] 2018-01-24T17:43:36.265619944Z: 
[STDERR  ] 2018-01-24T17:43:36.265630741Z: [    5.293606] 8021q: adding VLAN 0 to HW filter on device eth0
[STDERR  ] 2018-01-24T17:43:36.265642678Z: eth0: waiting for carrier
[STDERR  ] 2018-01-24T17:43:36.265653749Z: eth0: carrier acquired
[STDERR  ] 2018-01-24T17:43:36.265665392Z: DUID 00:01:00:01:21:fb:82:40:72:c3:93:77:59:f4
[STDERR  ] 2018-01-24T17:43:36.265678431Z: eth0: IAID 93:77:59:f4
[STDERR  ] 2018-01-24T17:43:36.265689562Z: eth0: adding address fe80::d762:21f:f868:a607
[STDERR  ] 2018-01-24T17:43:36.265700229Z: eth0: soliciting an IPv6 router
[STDERR  ] 2018-01-24T17:43:36.265711177Z: eth0: soliciting a DHCP lease
[STDERR  ] 2018-01-24T17:43:36.265721884Z: eth0: offered 10.0.2.15 from 10.0.2.2
[STDERR  ] 2018-01-24T17:43:36.265732582Z: eth0: leased 10.0.2.15 for 86400 seconds
[STDERR  ] 2018-01-24T17:43:36.265744121Z: eth0: adding route to 10.0.2.0/24
[STDERR  ] 2018-01-24T17:43:36.265754778Z: eth0: adding default route via 10.0.2.2
[STDERR  ] 2018-01-24T17:43:36.265765206Z: exiting due to oneshot
[STDERR  ] 2018-01-24T17:43:36.265775971Z: dhcpcd exited
[STDERR  ] 2018-01-24T17:43:36.265794246Z: [    5.398118] IPVS: Creating netns size=2104 id=1
[STDERR  ] 2018-01-24T17:43:36.265805017Z: [    5.403676] IPVS: ftp: loaded support on port[0] = 21
[STDERR  ] 2018-01-24T17:43:36.265816137Z: [    5.438096] wireguard: loading out-of-tree module taints kernel.
[STDERR  ] 2018-01-24T17:43:36.265827525Z: [    5.450505] wireguard: WireGuard 0.0.20180118 loaded. See www.wireguard.com for information.
[STDERR  ] 2018-01-24T17:43:36.265838659Z: [    5.459655] wireguard: Copyright (C) 2015-2018 Jason A. Donenfeld <Jason@zx2c4.com>. All Rights Reserved.
[STDERR  ] 2018-01-24T17:43:36.265849983Z: Created interface wg0 type wireguard
[STDERR  ] 2018-01-24T17:43:36.265860954Z: Moved interface wg0 to pid 336
[STDERR  ] 2018-01-24T17:43:36.265871808Z: [#] wg setconf wg0 /dev/fd/63
[STDERR  ] 2018-01-24T17:43:36.265882696Z: [#] ip address add 192.168.2.1/24 dev wg0
[STDERR  ] 2018-01-24T17:43:36.265893821Z: [#] ip link set mtu 65456 dev wg0
[STDERR  ] 2018-01-24T17:43:36.265905168Z: [#] ip link set wg0 up
[STDERR  ] 2018-01-24T17:43:36.265919994Z: [#] ip route add 0.0.0.0/0 dev wg0
[STDERR  ] 2018-01-24T17:43:36.265930783Z: [    5.586295] IPVS: Creating netns size=2104 id=2
[STDERR  ] 2018-01-24T17:43:36.265941426Z: [    5.591760] IPVS: ftp: loaded support on port[0] = 21
[STDERR  ] 2018-01-24T17:43:36.265953816Z: Created interface wg1 type wireguard
[STDERR  ] 2018-01-24T17:43:36.265964359Z: Moved interface wg1 to pid 393
[STDERR  ] 2018-01-24T17:43:36.265975765Z: [#] wg setconf wg1 /dev/fd/63
[STDERR  ] 2018-01-24T17:43:36.265987195Z: [#] ip address add 192.168.2.2/24 dev wg1
[STDERR  ] 2018-01-24T17:43:36.265997799Z: [#] ip link set mtu 65456 dev wg1
[STDERR  ] 2018-01-24T17:43:36.26600838Z: [#] ip link set wg1 up
[STDERR  ] 2018-01-24T17:43:36.266018915Z: [#] ip route add 0.0.0.0/0 dev wg1
[STDERR  ] 2018-01-24T17:43:36.266037139Z: [34mINFO[0m[0000] starting containerd                           [34mmodule[0m=containerd [34mrevision[0m=9b55aab90508bd389d7654c4baf173a981477d55 [34mversion[0m=v1.0.1
[STDERR  ] 2018-01-24T17:43:36.266049734Z: [34mINFO[0m[0000] loading plugin "io.containerd.content.v1.content"...  [34mmodule[0m=containerd [34mtype[0m=io.containerd.content.v1
[STDERR  ] 2018-01-24T17:43:36.266062281Z: [34mINFO[0m[0000] loading plugin "io.containerd.snapshotter.v1.btrfs"...  [34mmodule[0m=containerd [34mtype[0m=io.containerd.snapshotter.v1
[STDERR  ] 2018-01-24T17:43:36.266074288Z: [33mWARN[0m[0000] failed to load plugin io.containerd.snapshotter.v1.btrfs  [33merror[0m="path /var/lib/containerd/io.containerd.snapshotter.v1.btrfs must be a btrfs filesystem to be used with the btrfs snapshotter" [33mmodule[0m=containerd
[STDERR  ] 2018-01-24T17:43:36.266086257Z: [34mINFO[0m[0000] loading plugin "io.containerd.snapshotter.v1.overlayfs"...  [34mmodule[0m=containerd [34mtype[0m=io.containerd.snapshotter.v1
[STDERR  ] 2018-01-24T17:43:36.26610225Z: [34mINFO[0m[0000] loading plugin "io.containerd.metadata.v1.bolt"...  [34mmodule[0m=containerd [34mtype[0m=io.containerd.metadata.v1
[STDERR  ] 2018-01-24T17:43:36.266114731Z: [33mWARN[0m[0000] could not use snapshotter btrfs in metadata plugin  [33merror[0m="path /var/lib/containerd/io.containerd.snapshotter.v1.btrfs must be a btrfs filesystem to be used with the btrfs snapshotter" [33mmodule[0m="containerd/io.containerd.metadata.v1.bolt"
[STDERR  ] 2018-01-24T17:43:36.266130251Z: [34mINFO[0m[0000] loading plugin "io.containerd.differ.v1.walking"...  [34mmodule[0m=containerd [34mtype[0m=io.containerd.differ.v1
[STDERR  ] 2018-01-24T17:43:36.266142988Z: [34mINFO[0m[0000] loading plugin "io.containerd.gc.v1.scheduler"...  [34mmodule[0m=containerd [34mtype[0m=io.containerd.gc.v1
[STDERR  ] 2018-01-24T17:43:36.266154694Z: [34mINFO[0m[0000] loading plugin "io.containerd.grpc.v1.containers"...  [34mmodule[0m=containerd [34mtype[0m=io.containerd.grpc.v1
[STDERR  ] 2018-01-24T17:43:36.266169151Z: [34mINFO[0m[0000] loading plugin "io.containerd.grpc.v1.content"...  [34mmodule[0m=containerd [34mtype[0m=io.containerd.grpc.v1
[STDERR  ] 2018-01-24T17:43:36.266182355Z: [34mINFO[0m[0000] loading plugin "io.containerd.grpc.v1.diff"...  [34mmodule[0m=containerd [34mtype[0m=io.containerd.grpc.v1
[STDERR  ] 2018-01-24T17:43:36.2661959Z: [34mINFO[0m[0000] loading plugin "io.containerd.grpc.v1.events"...  [34mmodule[0m=containerd [34mtype[0m=io.containerd.grpc.v1
[STDERR  ] 2018-01-24T17:43:36.266209574Z: [34mINFO[0m[0000] loading plugin "io.containerd.grpc.v1.healthcheck"...  [34mmodule[0m=containerd [34mtype[0m=io.containerd.grpc.v1
[STDERR  ] 2018-01-24T17:43:36.266221357Z: [34mINFO[0m[0000] loading plugin "io.containerd.grpc.v1.images"...  [34mmodule[0m=containerd [34mtype[0m=io.containerd.grpc.v1
[STDERR  ] 2018-01-24T17:43:36.266232019Z: [34mINFO[0m[0000] loading plugin "io.containerd.grpc.v1.leases"...  [34mmodule[0m=containerd [34mtype[0m=io.containerd.grpc.v1
[STDERR  ] 2018-01-24T17:43:36.266242797Z: [34mINFO[0m[0000] loading plugin "io.containerd.grpc.v1.namespaces"...  [34mmodule[0m=containerd [34mtype[0m=io.containerd.grpc.v1
[STDERR  ] 2018-01-24T17:43:36.266253408Z: [34mINFO[0m[0000] loading plugin "io.containerd.grpc.v1.snapshots"...  [34mmodule[0m=containerd [34mtype[0m=io.containerd.grpc.v1
[STDERR  ] 2018-01-24T17:43:36.266264194Z: [34mINFO[0m[0000] loading plugin "io.containerd.monitor.v1.cgroups"...  [34mmodule[0m=containerd [34mtype[0m=io.containerd.monitor.v1
[STDERR  ] 2018-01-24T17:43:36.266274871Z: [34mINFO[0m[0000] loading plugin "io.containerd.runtime.v1.linux"...  [34mmodule[0m=containerd [34mtype[0m=io.containerd.runtime.v1
[STDERR  ] 2018-01-24T17:43:36.266285534Z: [34mINFO[0m[0000] loading plugin "io.containerd.grpc.v1.tasks"...  [34mmodule[0m=containerd [34mtype[0m=io.containerd.grpc.v1
[STDERR  ] 2018-01-24T17:43:36.266302871Z: [34mINFO[0m[0000] loading plugin "io.containerd.grpc.v1.version"...  [34mmodule[0m=containerd [34mtype[0m=io.containerd.grpc.v1
[STDERR  ] 2018-01-24T17:43:36.266313857Z: [34mINFO[0m[0000] loading plugin "io.containerd.grpc.v1.introspection"...  [34mmodule[0m=containerd [34mtype[0m=io.containerd.grpc.v1
[STDERR  ] 2018-01-24T17:43:36.266324617Z: [34mINFO[0m[0000] serving...                                    [34maddress[0m="/run/containerd/debug.sock" [34mmodule[0m="containerd/debug"
[STDERR  ] 2018-01-24T17:43:36.266335371Z: [34mINFO[0m[0000] serving...                                    [34maddress[0m="/run/containerd/containerd.sock" [34mmodule[0m="containerd/grpc"
[STDERR  ] 2018-01-24T17:43:36.266346796Z: [34mINFO[0m[0000] containerd successfully booted in 0.256928s   [34mmodule[0m=containerd
[STDERR  ] 2018-01-24T17:43:36.266360236Z: [34mINFO[0m[0000] shim containerd-shim started                  [34maddress[0m="/containerd-shim/services.linuxkit/nginx/shim.sock" [34mdebug[0m=false [34mmodule[0m="containerd/tasks" [34mpid[0m=444
[STDERR  ] 2018-01-24T17:43:36.26638341Z: [34mINFO[0m[0000] shim containerd-shim started                  [34maddress[0m="/containerd-shim/services.linuxkit/test/shim.sock" [34mdebug[0m=false [34mmodule[0m="containerd/tasks" [34mpid[0m=482
[STDERR  ] 2018-01-24T17:43:36.266420255Z: wireguard test suite PASSED
[STDERR  ] 2018-01-24T17:43:36.26643366Z: [   11.318911] ACPI: Preparing to enter system sleep state S5
[STDERR  ] 2018-01-24T17:43:36.266444481Z: [   11.327370] reboot: Power down
[STDERR  ] 2018-01-24T17:43:36.266455357Z: + grep -q suite PASSED
[STDERR  ] 2018-01-24T17:43:36.266466823Z: + echo [    0.000000] Linux version 4.9.78-linuxkit (root@9ac57ca26f22) (gcc version 6.4.0 (Alpine 6.4.0) ) #1 SMP Wed Jan 24 12:49:16 UTC 2018
[STDERR  ] 2018-01-24T17:43:36.266477716Z: [    0.000000] Command line: console=ttyS0 console=ttyAMA0
[STDERR  ] 2018-01-24T17:43:36.266488334Z: [    0.000000] x86/fpu: Legacy x87 FPU detected.
[STDERR  ] 2018-01-24T17:43:36.266505797Z: [    0.000000] x86/fpu: Using 'eager' FPU context switches.
[STDERR  ] 2018-01-24T17:43:36.26651664Z: [    0.000000] e820: BIOS-provided physical RAM map:
[STDERR  ] 2018-01-24T17:43:36.266527355Z: [    0.000000] BIOS-e820: [mem 0x0000000000000000-0x000000000009fbff] usable
[STDERR  ] 2018-01-24T17:43:36.266539768Z: [    0.000000] BIOS-e820: [mem 0x000000000009fc00-0x000000000009ffff] reserved
