[INFO    ] 2018-03-06T09:18:39.271572141Z: Running Test linuxkit.kernel.kmod_4.15.x in /tmp/build/test/cases/020_kernel/017_kmod_4.15.x
[INFO    ] 2018-03-06T09:18:39.271708765Z: Running command: [/bin/sh -x /tmp/build/test/cases/020_kernel/017_kmod_4.15.x/test.sh]
[STDERR  ] 2018-03-06T09:18:39.272555150Z: + set -e
[STDERR  ] 2018-03-06T09:18:39.272624470Z: + . /tmp/build/test/cases/_lib/lib.sh
[STDERR  ] 2018-03-06T09:18:39.272641597Z: + [ -f src/github.com/linuxkit/rtf/lib/lib.sh ]
[STDERR  ] 2018-03-06T09:18:39.272653251Z: + LINUXKIT_TMPDIR=/tmp/build/test/cases/_tmp
[STDERR  ] 2018-03-06T09:18:39.272667031Z: + [ -f /tmp/build/test/cases/_tmp/env.sh ]
[STDERR  ] 2018-03-06T09:18:39.272679140Z: + . /tmp/build/test/cases/_tmp/env.sh
[STDERR  ] 2018-03-06T09:18:39.272694069Z: + export LINUXKIT_EXAMPLES_DIR=/tmp/build/test/cases/../../examples
[STDERR  ] 2018-03-06T09:18:39.272709084Z: + RT_CANCEL=253
[STDERR  ] 2018-03-06T09:18:39.272721261Z: + NAME=kmod
[STDERR  ] 2018-03-06T09:18:39.272732955Z: + IMAGE_NAME=kmod-test
[STDERR  ] 2018-03-06T09:18:39.272745558Z: + trap clean_up EXIT
[STDERR  ] 2018-03-06T09:18:39.272757604Z: + docker pull linuxkit/kernel:4.15.7
[STDOUT  ] 2018-03-06T09:18:40.617282021Z: 4.15.7: Pulling from linuxkit/kernel
[STDOUT  ] 2018-03-06T09:18:41.059535439Z: Digest: sha256:39f66c9d2e127560d7931c1545cebeed3fb8a4b5a7422b4258b852d105f70fca
[STDOUT  ] 2018-03-06T09:18:41.063451436Z: Status: Downloaded newer image for linuxkit/kernel:4.15.7
[STDERR  ] 2018-03-06T09:18:41.064544569Z: + docker build -t kmod-test .
[STDOUT  ] 2018-03-06T09:18:41.149226136Z: Sending build context to Docker daemon  8.704kB
[STDOUT  ] 2018-03-06T09:18:41.284700957Z: Step 1/12 : FROM linuxkit/kernel:4.15.7 AS ksrc
[STDOUT  ] 2018-03-06T09:18:41.285148569Z:  ---> 7c8d7104b5a3
[STDOUT  ] 2018-03-06T09:18:41.285175782Z: Step 2/12 : FROM linuxkit/alpine:d307c8a386fa3f32cddda9409b9687e191cdd6f1 AS build
[STDOUT  ] 2018-03-06T09:18:41.285186904Z:  ---> 4d01d9a77113
[STDOUT  ] 2018-03-06T09:18:41.285196405Z: Step 3/12 : RUN apk add build-base libelf-dev
[STDOUT  ] 2018-03-06T09:18:41.285205684Z:  ---> Using cache
[STDOUT  ] 2018-03-06T09:18:41.285216491Z:  ---> 431d232f0263
[STDOUT  ] 2018-03-06T09:18:41.285229735Z: Step 4/12 : COPY --from=ksrc /kernel-dev.tar /
[STDOUT  ] 2018-03-06T09:18:42.655580233Z:  ---> 6bc15adce236
[STDOUT  ] 2018-03-06T09:18:42.677314709Z: Removing intermediate container a6a3cac43b0d
[STDOUT  ] 2018-03-06T09:18:42.677360468Z: Step 5/12 : RUN tar xf kernel-dev.tar
[STDOUT  ] 2018-03-06T09:18:42.750382702Z:  ---> Running in c5dbe2920864
[STDOUT  ] 2018-03-06T09:18:48.848097649Z:  ---> e890de40ff9f
[STDOUT  ] 2018-03-06T09:18:49.257055158Z: Removing intermediate container c5dbe2920864
[STDOUT  ] 2018-03-06T09:18:49.257126704Z: Step 6/12 : WORKDIR /kmod
[STDOUT  ] 2018-03-06T09:18:49.535927906Z:  ---> 1f2d0110073d
[STDOUT  ] 2018-03-06T09:18:49.542212690Z: Removing intermediate container 93e990452afd
[STDOUT  ] 2018-03-06T09:18:49.542269955Z: Step 7/12 : COPY ./src/* ./
[STDOUT  ] 2018-03-06T09:18:50.023585149Z:  ---> f608f096fe1f
[STDOUT  ] 2018-03-06T09:18:50.029770488Z: Removing intermediate container fd30ec8fd4bb
[STDOUT  ] 2018-03-06T09:18:50.029826664Z: Step 8/12 : RUN make all
[STDOUT  ] 2018-03-06T09:18:50.106011112Z:  ---> Running in 44550945a1bd
[STDOUT  ] 2018-03-06T09:18:50.417255096Z: make -C /usr/src/linux-headers-4.15.7-linuxkit M=/kmod modules
[STDOUT  ] 2018-03-06T09:18:50.418847890Z: make[1]: Entering directory '/usr/src/linux-headers-4.15.7-linuxkit'
[STDOUT  ] 2018-03-06T09:18:50.443996952Z: [91mgetconf: LFS_CFLAGS: unknown variable
[STDOUT  ] 2018-03-06T09:18:50.444447183Z: [0m[91mgetconf: LFS_LDFLAGS: unknown variable
[STDOUT  ] 2018-03-06T09:18:50.444917755Z: [0m[91mgetconf: LFS_LIBS: unknown variable
[STDOUT  ] 2018-03-06T09:18:51.625928805Z: [0m  CC [M]  /kmod/hello_world.o
[STDOUT  ] 2018-03-06T09:18:51.856262415Z:   Building modules, stage 2.
[STDOUT  ] 2018-03-06T09:18:51.869520961Z:   MODPOST 1 modules
[STDOUT  ] 2018-03-06T09:18:51.884636094Z:   CC      /kmod/hello_world.mod.o
[STDOUT  ] 2018-03-06T09:18:52.081884765Z:   LD [M]  /kmod/hello_world.ko
[STDOUT  ] 2018-03-06T09:18:52.085341771Z: make[1]: Leaving directory '/usr/src/linux-headers-4.15.7-linuxkit'
[STDOUT  ] 2018-03-06T09:18:52.539722158Z:  ---> 05dbd9b888a9
[STDOUT  ] 2018-03-06T09:18:52.547737236Z: Removing intermediate container 44550945a1bd
[STDOUT  ] 2018-03-06T09:18:52.547798649Z: Step 9/12 : FROM alpine:3.7
[STDOUT  ] 2018-03-06T09:18:52.548003653Z:  ---> 3fd9065eaf02
[STDOUT  ] 2018-03-06T09:18:52.548053303Z: Step 10/12 : COPY --from=build /kmod/hello_world.ko /
[STDOUT  ] 2018-03-06T09:18:52.927745375Z:  ---> 3e59999b175d
[STDOUT  ] 2018-03-06T09:18:52.934447085Z: Removing intermediate container 7402725af2d3
[STDOUT  ] 2018-03-06T09:18:52.934502740Z: Step 11/12 : COPY check.sh /check.sh
[STDOUT  ] 2018-03-06T09:18:53.315489863Z:  ---> 1667f4d13670
[STDOUT  ] 2018-03-06T09:18:53.321794677Z: Removing intermediate container dc279529156a
[STDOUT  ] 2018-03-06T09:18:53.321851758Z: Step 12/12 : ENTRYPOINT /bin/sh /check.sh
[STDOUT  ] 2018-03-06T09:18:53.398212021Z:  ---> Running in 75e748b9c875
[STDOUT  ] 2018-03-06T09:18:53.581300300Z:  ---> 3a8357f8668f
[STDOUT  ] 2018-03-06T09:18:53.588199836Z: Removing intermediate container 75e748b9c875
[STDOUT  ] 2018-03-06T09:18:53.588259570Z: Successfully built 3a8357f8668f
[STDOUT  ] 2018-03-06T09:18:53.592682717Z: Successfully tagged kmod-test:latest
[STDERR  ] 2018-03-06T09:18:53.625878458Z: + linuxkit build -format kernel+initrd -name kmod test.yml
[STDERR  ] 2018-03-06T09:18:53.654683162Z: Extract kernel image: linuxkit/kernel:4.15.7
[STDERR  ] 2018-03-06T09:18:55.025114787Z: time="2018-03-06T09:18:55Z" level=warning msg="certificate with CN avi@atomicinc.com is near expiry"
[STDERR  ] 2018-03-06T09:18:55.025310021Z: time="2018-03-06T09:18:55Z" level=warning msg="certificate with CN Ian Campbell is near expiry"
[STDERR  ] 2018-03-06T09:18:55.025548915Z: time="2018-03-06T09:18:55Z" level=warning msg="certificate with CN Justin Cormack is near expiry"
[STDERR  ] 2018-03-06T09:18:55.025616794Z: time="2018-03-06T09:18:55Z" level=warning msg="certificate with CN  is near expiry"
[STDERR  ] 2018-03-06T09:18:55.025700875Z: time="2018-03-06T09:18:55Z" level=warning msg="certificate with CN  is near expiry"
[STDERR  ] 2018-03-06T09:18:55.086404278Z: time="2018-03-06T09:18:55Z" level=warning msg="certificate with CN Justin Cormack is near expiry"
[STDERR  ] 2018-03-06T09:18:55.687623361Z: Add init containers:
[STDERR  ] 2018-03-06T09:18:55.687692653Z: Process init image: linuxkit/init:b212cfeb4bb6330e0a7547d8010fe2e8489b677a
[STDERR  ] 2018-03-06T09:18:56.909235331Z: time="2018-03-06T09:18:56Z" level=warning msg="certificate with CN  is near expiry"
[STDERR  ] 2018-03-06T09:18:56.909316843Z: time="2018-03-06T09:18:56Z" level=warning msg="certificate with CN avi@atomicinc.com is near expiry"
[STDERR  ] 2018-03-06T09:18:56.909495368Z: time="2018-03-06T09:18:56Z" level=warning msg="certificate with CN Ian Campbell is near expiry"
[STDERR  ] 2018-03-06T09:18:56.909545822Z: time="2018-03-06T09:18:56Z" level=warning msg="certificate with CN Justin Cormack is near expiry"
[STDERR  ] 2018-03-06T09:18:56.909698237Z: time="2018-03-06T09:18:56Z" level=warning msg="certificate with CN  is near expiry"
[STDERR  ] 2018-03-06T09:18:56.914393747Z: time="2018-03-06T09:18:56Z" level=warning msg="certificate with CN Justin Cormack is near expiry"
[STDERR  ] 2018-03-06T09:18:56.916148862Z: time="2018-03-06T09:18:56Z" level=warning msg="certificate with CN  is near expiry"
[STDERR  ] 2018-03-06T09:18:56.916197886Z: time="2018-03-06T09:18:56Z" level=warning msg="certificate with CN Ian Campbell is near expiry"
[STDERR  ] 2018-03-06T09:18:56.917979571Z: time="2018-03-06T09:18:56Z" level=warning msg="certificate with CN  is near expiry"
[STDERR  ] 2018-03-06T09:18:56.918097598Z: time="2018-03-06T09:18:56Z" level=warning msg="certificate with CN avi@atomicinc.com is near expiry"
[STDERR  ] 2018-03-06T09:18:57.092614917Z: Process init image: linuxkit/runc:7c39a68490a12cde830e1922f171c451fb08e731
[STDERR  ] 2018-03-06T09:18:58.317114820Z: time="2018-03-06T09:18:58Z" level=warning msg="certificate with CN  is near expiry"
[STDERR  ] 2018-03-06T09:18:58.317213538Z: time="2018-03-06T09:18:58Z" level=warning msg="certificate with CN  is near expiry"
[STDERR  ] 2018-03-06T09:18:58.317229674Z: time="2018-03-06T09:18:58Z" level=warning msg="certificate with CN avi@atomicinc.com is near expiry"
[STDERR  ] 2018-03-06T09:18:58.317383963Z: time="2018-03-06T09:18:58Z" level=warning msg="certificate with CN Ian Campbell is near expiry"
[STDERR  ] 2018-03-06T09:18:58.317466495Z: time="2018-03-06T09:18:58Z" level=warning msg="certificate with CN Justin Cormack is near expiry"
[STDERR  ] 2018-03-06T09:18:58.320266070Z: time="2018-03-06T09:18:58Z" level=warning msg="certificate with CN Justin Cormack is near expiry"
[STDERR  ] 2018-03-06T09:18:58.321684157Z: time="2018-03-06T09:18:58Z" level=warning msg="certificate with CN  is near expiry"
[STDERR  ] 2018-03-06T09:18:58.321813601Z: time="2018-03-06T09:18:58Z" level=warning msg="certificate with CN Ian Campbell is near expiry"
[STDERR  ] 2018-03-06T09:18:58.528920077Z: Add onboot containers:
[STDERR  ] 2018-03-06T09:18:58.528986860Z:   Create OCI config for kmod-test
[STDERR  ] 2018-03-06T09:18:58.668619641Z:   Create OCI config for linuxkit/poweroff:f9a0a5e52fd2a97908bda33db2afffafe4a6a67d
[STDERR  ] 2018-03-06T09:18:59.928978865Z: time="2018-03-06T09:18:59Z" level=warning msg="certificate with CN avi@atomicinc.com is near expiry"
[STDERR  ] 2018-03-06T09:18:59.929055886Z: time="2018-03-06T09:18:59Z" level=warning msg="certificate with CN Ian Campbell is near expiry"
[STDERR  ] 2018-03-06T09:18:59.929228869Z: time="2018-03-06T09:18:59Z" level=warning msg="certificate with CN Justin Cormack is near expiry"
[STDERR  ] 2018-03-06T09:18:59.929340962Z: time="2018-03-06T09:18:59Z" level=warning msg="certificate with CN Rolf Neugebauer is near expiry"
[STDERR  ] 2018-03-06T09:18:59.929405580Z: time="2018-03-06T09:18:59Z" level=warning msg="certificate with CN  is near expiry"
[STDERR  ] 2018-03-06T09:18:59.929499017Z: time="2018-03-06T09:18:59Z" level=warning msg="certificate with CN  is near expiry"
[STDERR  ] 2018-03-06T09:18:59.931597746Z: time="2018-03-06T09:18:59Z" level=warning msg="certificate with CN Rolf Neugebauer is near expiry"
[STDERR  ] 2018-03-06T09:18:59.932331258Z: time="2018-03-06T09:18:59Z" level=warning msg="certificate with CN Ian Campbell is near expiry"
[STDERR  ] 2018-03-06T09:18:59.932366225Z: time="2018-03-06T09:18:59Z" level=warning msg="certificate with CN  is near expiry"
[STDERR  ] 2018-03-06T09:19:00.085349250Z: Create outputs:
[STDERR  ] 2018-03-06T09:19:04.875249939Z:   kmod-kernel kmod-initrd.img kmod-cmdline
[STDERR  ] 2018-03-06T09:19:04.929970698Z: + linuxkit run kmod
[STDERR  ] 2018-03-06T09:19:04.954999593Z: Unable to find qemu-system-x86_64 within the $PATH. Using a container
[STDERR  ] 2018-03-06T09:19:13.811833739Z: + RESULT=[    0.000000] Linux version 4.15.7-linuxkit (root@850659def6ee) (gcc version 6.4.0 (Alpine 6.4.0)) #1 SMP Wed Feb 28 11:06:14 UTC 2018
[STDERR  ] 2018-03-06T09:19:13.811913967Z: [    0.000000] Command line: console=ttyS0 console=ttyAMA0
[STDERR  ] 2018-03-06T09:19:13.811929693Z: [    0.000000] x86/fpu: x87 FPU will use FXSAVE
[STDERR  ] 2018-03-06T09:19:13.811945542Z: [    0.000000] e820: BIOS-provided physical RAM map:
[STDERR  ] 2018-03-06T09:19:13.811959722Z: [    0.000000] BIOS-e820: [mem 0x0000000000000000-0x000000000009fbff] usable
[STDERR  ] 2018-03-06T09:19:13.811974605Z: [    0.000000] BIOS-e820: [mem 0x000000000009fc00-0x000000000009ffff] reserved
[STDERR  ] 2018-03-06T09:19:13.811988842Z: [    0.000000] BIOS-e820: [mem 0x00000000000f0000-0x00000000000fffff] reserved
[STDERR  ] 2018-03-06T09:19:13.812004265Z: [    0.000000] BIOS-e820: [mem 0x0000000000100000-0x000000003ffdefff] usable
[STDERR  ] 2018-03-06T09:19:13.812019084Z: [    0.000000] BIOS-e820: [mem 0x000000003ffdf000-0x000000003fffffff] reserved
[STDERR  ] 2018-03-06T09:19:13.812034486Z: [    0.000000] BIOS-e820: [mem 0x00000000b0000000-0x00000000bfffffff] reserved
[STDERR  ] 2018-03-06T09:19:13.812052901Z: [    0.000000] BIOS-e820: [mem 0x00000000fed1c000-0x00000000fed1ffff] reserved
[STDERR  ] 2018-03-06T09:19:13.812078908Z: [    0.000000] BIOS-e820: [mem 0x00000000feffc000-0x00000000feffffff] reserved
[STDERR  ] 2018-03-06T09:19:13.812091728Z: [    0.000000] BIOS-e820: [mem 0x00000000fffc0000-0x00000000ffffffff] reserved
[STDERR  ] 2018-03-06T09:19:13.812103904Z: [    0.000000] NX (Execute Disable) protection: active
[STDERR  ] 2018-03-06T09:19:13.812116585Z: [    0.000000] random: fast init done
[STDERR  ] 2018-03-06T09:19:13.812129783Z: [    0.000000] SMBIOS 2.8 present.
[STDERR  ] 2018-03-06T09:19:13.812142948Z: [    0.000000] DMI: QEMU Standard PC (Q35 + ICH9, 2009), BIOS rel-1.10.2-0-g5f4c7b1-prebuilt.qemu-project.org 04/01/2014
[STDERR  ] 2018-03-06T09:19:13.812157194Z: [    0.000000] Hypervisor detected: KVM
[STDERR  ] 2018-03-06T09:19:13.812170639Z: [    0.000000] e820: last_pfn = 0x3ffdf max_arch_pfn = 0x400000000
[STDERR  ] 2018-03-06T09:19:13.812190153Z: [    0.000000] x86/PAT: PAT not supported by CPU.
[STDERR  ] 2018-03-06T09:19:13.812202437Z: [    0.000000] x86/PAT: Configuration [0-7]: WB  WT  UC- UC  WB  WT  UC- UC  
[STDERR  ] 2018-03-06T09:19:13.812215563Z: [    0.000000] found SMP MP-table at [mem 0x000f6aa0-0x000f6aaf] mapped at [        (ptrval)]
[STDERR  ] 2018-03-06T09:19:13.812229715Z: [    0.000000] RAMDISK: [mem 0x3e69b000-0x3ffcffff]
[STDERR  ] 2018-03-06T09:19:13.812242063Z: [    0.000000] ACPI: Early table checksum verification disabled
[STDERR  ] 2018-03-06T09:19:13.812294618Z: [    0.000000] ACPI: RSDP 0x00000000000F68B0 000014 (v00 BOCHS )
[STDERR  ] 2018-03-06T09:19:13.812307622Z: [    0.000000] ACPI: RSDT 0x000000003FFE20A8 000034 (v01 BOCHS  BXPCRSDT 00000001 BXPC 00000001)
[STDERR  ] 2018-03-06T09:19:13.812320632Z: [    0.000000] ACPI: FACP 0x000000003FFE1EC8 0000F4 (v03 BOCHS  BXPCFACP 00000001 BXPC 00000001)
[STDERR  ] 2018-03-06T09:19:13.812337565Z: [    0.000000] ACPI: DSDT 0x000000003FFE0040 001E88 (v01 BOCHS  BXPCDSDT 00000001 BXPC 00000001)
[STDERR  ] 2018-03-06T09:19:13.812351113Z: [    0.000000] ACPI: FACS 0x000000003FFE0000 000040
[STDERR  ] 2018-03-06T09:19:13.812368064Z: [    0.000000] ACPI: APIC 0x000000003FFE1FBC 000078 (v01 BOCHS  BXPCAPIC 00000001 BXPC 00000001)
[STDERR  ] 2018-03-06T09:19:13.812379810Z: [    0.000000] ACPI: HPET 0x000000003FFE2034 000038 (v01 BOCHS  BXPCHPET 00000001 BXPC 00000001)
[STDERR  ] 2018-03-06T09:19:13.812393280Z: [    0.000000] ACPI: MCFG 0x000000003FFE206C 00003C (v01 BOCHS  BXPCMCFG 00000001 BXPC 00000001)
[STDERR  ] 2018-03-06T09:19:13.812416281Z: [    0.000000] kvm-clock: cpu 0, msr 0:3ffdc001, primary cpu clock
[STDERR  ] 2018-03-06T09:19:13.812429578Z: [    0.000000] kvm-clock: Using msrs 4b564d01 and 4b564d00
[STDERR  ] 2018-03-06T09:19:13.812444625Z: [    0.000000] clocksource: kvm-clock: mask: 0xffffffffffffffff max_cycles: 0x1cd42e4dffb, max_idle_ns: 881590591483 ns
[STDERR  ] 2018-03-06T09:19:13.812460935Z: [    0.000000] Zone ranges:
[STDERR  ] 2018-03-06T09:19:13.812474359Z: [    0.000000]   DMA      [mem 0x0000000000001000-0x0000000000ffffff]
[STDERR  ] 2018-03-06T09:19:13.812486809Z: [    0.000000]   DMA32    [mem 0x0000000001000000-0x000000003ffdefff]
[STDERR  ] 2018-03-06T09:19:13.812499205Z: [    0.000000]   Normal   empty
[STDERR  ] 2018-03-06T09:19:13.812511949Z: [    0.000000]   Device   empty
[STDERR  ] 2018-03-06T09:19:13.812523720Z: [    0.000000] Movable zone start for each node
[STDERR  ] 2018-03-06T09:19:13.812535191Z: [    0.000000] Early memory node ranges
[STDERR  ] 2018-03-06T09:19:13.812546406Z: [    0.000000]   node   0: [mem 0x0000000000001000-0x000000000009efff]
[STDERR  ] 2018-03-06T09:19:13.812557741Z: [    0.000000]   node   0: [mem 0x0000000000100000-0x000000003ffdefff]
[STDERR  ] 2018-03-06T09:19:13.812569339Z: [    0.000000] Initmem setup node 0 [mem 0x0000000000001000-0x000000003ffdefff]
[STDERR  ] 2018-03-06T09:19:13.812582450Z: [    0.000000] Reserved but unavailable: 98 pages
[STDERR  ] 2018-03-06T09:19:13.812594560Z: [    0.000000] ACPI: PM-Timer IO Port: 0x608
[STDERR  ] 2018-03-06T09:19:13.812607139Z: [    0.000000] ACPI: LAPIC_NMI (acpi_id[0xff] dfl dfl lint[0x1])
[STDERR  ] 2018-03-06T09:19:13.812624217Z: [    0.000000] IOAPIC[0]: apic_id 0, version 17, address 0xfec00000, GSI 0-23
[STDERR  ] 2018-03-06T09:19:13.812636520Z: [    0.000000] ACPI: INT_SRC_OVR (bus 0 bus_irq 0 global_irq 2 dfl dfl)
[STDERR  ] 2018-03-06T09:19:13.812650027Z: [    0.000000] ACPI: INT_SRC_OVR (bus 0 bus_irq 5 global_irq 5 high level)
[STDERR  ] 2018-03-06T09:19:13.812661821Z: [    0.000000] ACPI: INT_SRC_OVR (bus 0 bus_irq 9 global_irq 9 high level)
[STDERR  ] 2018-03-06T09:19:13.812674265Z: [    0.000000] ACPI: INT_SRC_OVR (bus 0 bus_irq 10 global_irq 10 high level)
[STDERR  ] 2018-03-06T09:19:13.812686275Z: [    0.000000] ACPI: INT_SRC_OVR (bus 0 bus_irq 11 global_irq 11 high level)
[STDERR  ] 2018-03-06T09:19:13.812697955Z: [    0.000000] Using ACPI (MADT) for SMP configuration information
[STDERR  ] 2018-03-06T09:19:13.812709655Z: [    0.000000] ACPI: HPET id: 0x8086a201 base: 0xfed00000
[STDERR  ] 2018-03-06T09:19:13.812724191Z: [    0.000000] smpboot: Allowing 1 CPUs, 0 hotplug CPUs
[STDERR  ] 2018-03-06T09:19:13.812735460Z: [    0.000000] e820: [mem 0x40000000-0xafffffff] available for PCI devices
[STDERR  ] 2018-03-06T09:19:13.812746884Z: [    0.000000] Booting paravirtualized kernel on KVM
[STDERR  ] 2018-03-06T09:19:13.812758504Z: [    0.000000] clocksource: refined-jiffies: mask: 0xffffffff max_cycles: 0xffffffff, max_idle_ns: 19112604462750000 ns
[STDERR  ] 2018-03-06T09:19:13.812770921Z: [    0.000000] setup_percpu: NR_CPUS:128 nr_cpumask_bits:128 nr_cpu_ids:1 nr_node_ids:1
[STDERR  ] 2018-03-06T09:19:13.812783753Z: [    0.000000] percpu: Embedded 44 pages/cpu @        (ptrval) s142872 r8192 d29160 u2097152
[STDERR  ] 2018-03-06T09:19:13.812796515Z: [    0.000000] KVM setup async PF for cpu 0
[STDERR  ] 2018-03-06T09:19:13.812811854Z: [    0.000000] kvm-stealtime: cpu 0, msr 3e415f00
[STDERR  ] 2018-03-06T09:19:13.812824000Z: [    0.000000] Built 1 zonelists, mobility grouping on.  Total pages: 257896
[STDERR  ] 2018-03-06T09:19:13.812836374Z: [    0.000000] Kernel command line: console=ttyS0 console=ttyAMA0
[STDERR  ] 2018-03-06T09:19:13.812847481Z: [    0.000000] Dentry cache hash table entries: 131072 (order: 8, 1048576 bytes)
[STDERR  ] 2018-03-06T09:19:13.812862055Z: [    0.000000] Inode-cache hash table entries: 65536 (order: 7, 524288 bytes)
[STDERR  ] 2018-03-06T09:19:13.812873932Z: [    0.000000] Memory: 978996K/1048052K available (12300K kernel code, 1477K rwdata, 2984K rodata, 1508K init, 628K bss, 69056K reserved, 0K cma-reserved)
[STDERR  ] 2018-03-06T09:19:13.812893493Z: [    0.000000] Kernel/User page tables isolation: enabled
[STDERR  ] 2018-03-06T09:19:13.812905556Z: [    0.000000] ftrace: allocating 40996 entries in 161 pages
[STDERR  ] 2018-03-06T09:19:13.812916863Z: [    0.010000] Hierarchical RCU implementation.
[STDERR  ] 2018-03-06T09:19:13.812928015Z: [    0.010000] 	RCU restricting CPUs from NR_CPUS=128 to nr_cpu_ids=1.
[STDERR  ] 2018-03-06T09:19:13.812939193Z: [    0.010000] RCU: Adjusting geometry for rcu_fanout_leaf=16, nr_cpu_ids=1
[STDERR  ] 2018-03-06T09:19:13.812950953Z: [    0.010000] NR_IRQS: 8448, nr_irqs: 256, preallocated irqs: 16
[STDERR  ] 2018-03-06T09:19:13.812961779Z: [    0.010000] Console: colour VGA+ 80x25
[STDERR  ] 2018-03-06T09:19:13.812972915Z: [    0.010000] console [ttyS0] enabled
[STDERR  ] 2018-03-06T09:19:13.812984689Z: [    0.010000] ACPI: Core revision 20170831
[STDERR  ] 2018-03-06T09:19:13.812995630Z: [    0.010000] ACPI: 1 ACPI AML tables successfully acquired and loaded
[STDERR  ] 2018-03-06T09:19:13.813007871Z: [    0.010000] clocksource: hpet: mask: 0xffffffff max_cycles: 0xffffffff, max_idle_ns: 19112604467 ns
[STDERR  ] 2018-03-06T09:19:13.813023631Z: [    0.010058] APIC: Switch to symmetric I/O mode setup
[STDERR  ] 2018-03-06T09:19:13.813035194Z: [    0.016288] x2apic enabled
[STDERR  ] 2018-03-06T09:19:13.813048024Z: [    0.020026] Switched APIC routing to physical x2apic.
[STDERR  ] 2018-03-06T09:19:13.813059742Z: [    0.033930] ..TIMER: vector=0x30 apic1=0 pin1=2 apic2=-1 pin2=-1
[STDERR  ] 2018-03-06T09:19:13.813095232Z: [    0.039265] tsc: Detected 2299.836 MHz processor
[STDERR  ] 2018-03-06T09:19:13.813106345Z: [    0.040035] Calibrating delay loop (skipped) preset value.. 4599.67 BogoMIPS (lpj=22998360)
[STDERR  ] 2018-03-06T09:19:13.813117380Z: [    0.050010] pid_max: default: 32768 minimum: 301
[STDERR  ] 2018-03-06T09:19:13.813128688Z: [    0.054087] Security Framework initialized
[STDERR  ] 2018-03-06T09:19:13.813139684Z: [    0.057568] Yama: becoming mindful.
[STDERR  ] 2018-03-06T09:19:13.813156557Z: [    0.060065] Mount-cache hash table entries: 2048 (order: 2, 16384 bytes)
[STDERR  ] 2018-03-06T09:19:13.813172490Z: [    0.065998] Mountpoint-cache hash table entries: 2048 (order: 2, 16384 bytes)
[STDERR  ] 2018-03-06T09:19:13.813185103Z: [    0.070931] CPU: Physical Processor ID: 0
[STDERR  ] 2018-03-06T09:19:13.813201065Z: [    0.080059] Last level iTLB entries: 4KB 0, 2MB 0, 4MB 0
[STDERR  ] 2018-03-06T09:19:13.813215383Z: [    0.084820] Last level dTLB entries: 4KB 0, 2MB 0, 4MB 0, 1GB 0
[STDERR  ] 2018-03-06T09:19:13.813227761Z: [    0.090011] Spectre V2 : Vulnerable: Minimal generic ASM retpoline
[STDERR  ] 2018-03-06T09:19:13.813240459Z: [    0.104732] Freeing SMP alternatives memory: 20K
[STDERR  ] 2018-03-06T09:19:13.813258919Z: [    0.110000] smpboot: CPU0: Intel QEMU Virtual CPU version 2.5+ (family: 0x6, model: 0x6, stepping: 0x3)
[STDERR  ] 2018-03-06T09:19:13.813271826Z: [    0.110000] Performance Events: PMU not available due to virtualization, using software events only.
[STDERR  ] 2018-03-06T09:19:13.813280805Z: [    0.120395] Hierarchical SRCU implementation.
[STDERR  ] 2018-03-06T09:19:13.813289749Z: [    0.124295] NMI watchdog: Perf event create on CPU 0 failed with -2
[STDERR  ] 2018-03-06T09:19:13.813299209Z: [    0.130008] NMI watchdog: Perf NMI watchdog permanently disabled
[STDERR  ] 2018-03-06T09:19:13.813307198Z: [    0.135336] smp: Bringing up secondary CPUs ...
[STDERR  ] 2018-03-06T09:19:13.813314947Z: [    0.140009] smp: Brought up 1 node, 1 CPU
[STDERR  ] 2018-03-06T09:19:13.813325879Z: [    0.143482] smpboot: Max logical packages: 1
[STDERR  ] 2018-03-06T09:19:13.813333673Z: [    0.147170] smpboot: Total of 1 processors activated (4599.67 BogoMIPS)
[STDERR  ] 2018-03-06T09:19:13.813341808Z: [    0.150902] devtmpfs: initialized
[STDERR  ] 2018-03-06T09:19:13.813349554Z: [    0.153992] x86/mm: Memory block size: 128MB
[STDERR  ] 2018-03-06T09:19:13.813357053Z: [    0.160414] clocksource: jiffies: mask: 0xffffffff max_cycles: 0xffffffff, max_idle_ns: 19112604462750000 ns
[STDERR  ] 2018-03-06T09:19:13.813372462Z: [    0.170028] futex hash table entries: 256 (order: 2, 16384 bytes)
[STDERR  ] 2018-03-06T09:19:13.813380986Z: [    0.175406] NET: Registered protocol family 16
[STDERR  ] 2018-03-06T09:19:13.813388835Z: [    0.180175] audit: initializing netlink subsys (disabled)
[STDERR  ] 2018-03-06T09:19:13.813396685Z: [    0.184886] cpuidle: using governor ladder
[STDERR  ] 2018-03-06T09:19:13.813404533Z: [    0.188384] cpuidle: using governor menu
[STDERR  ] 2018-03-06T09:19:13.813412454Z: [    0.190022] audit: type=2000 audit(1520327947.020:1): state=initialized audit_enabled=0 res=1
[STDERR  ] 2018-03-06T09:19:13.813421001Z: [    0.200133] ACPI: bus type PCI registered
[STDERR  ] 2018-03-06T09:19:13.813428729Z: [    0.204094] PCI: MMCONFIG for domain 0000 [bus 00-ff] at [mem 0xb0000000-0xbfffffff] (base 0xb0000000)
[STDERR  ] 2018-03-06T09:19:13.813436795Z: [    0.210019] PCI: MMCONFIG at [mem 0xb0000000-0xbfffffff] reserved in E820
[STDERR  ] 2018-03-06T09:19:13.813444529Z: [    0.215736] PCI: Using configuration type 1 for base access
[STDERR  ] 2018-03-06T09:19:13.813452210Z: [    0.221776] HugeTLB registered 2.00 MiB page size, pre-allocated 0 pages
[STDERR  ] 2018-03-06T09:19:13.813460721Z: [    0.230262] ACPI: Added _OSI(Module Device)
[STDERR  ] 2018-03-06T09:19:13.813468653Z: [    0.233962] ACPI: Added _OSI(Processor Device)
[STDERR  ] 2018-03-06T09:19:13.813476368Z: [    0.237747] ACPI: Added _OSI(3.0 _SCP Extensions)
[STDERR  ] 2018-03-06T09:19:13.813487403Z: [    0.240020] ACPI: Added _OSI(Processor Aggregator Device)
[STDERR  ] 2018-03-06T09:19:13.813495475Z: [    0.250212] ACPI: Interpreter enabled
[STDERR  ] 2018-03-06T09:19:13.813503382Z: [    0.253405] ACPI: (supports S0 S5)
[STDERR  ] 2018-03-06T09:19:13.813511098Z: [    0.256342] ACPI: Using IOAPIC for interrupt routing
[STDERR  ] 2018-03-06T09:19:13.813518602Z: [    0.260078] PCI: Using host bridge windows from ACPI; if necessary, use "pci=nocrs" and report a bug
[STDERR  ] 2018-03-06T09:19:13.813526459Z: [    0.270307] ACPI: Enabled 1 GPEs in block 00 to 3F
[STDERR  ] 2018-03-06T09:19:13.813534074Z: [    0.278036] ACPI: PCI Root Bridge [PCI0] (domain 0000 [bus 00-ff])
[STDERR  ] 2018-03-06T09:19:13.813544117Z: [    0.280023] acpi PNP0A08:00: _OSC: OS supports [ExtendedConfig ASPM ClockPM Segments MSI]
[STDERR  ] 2018-03-06T09:19:13.813553973Z: [    0.290171] acpi PNP0A08:00: _OSC: OS now controls [PCIeHotplug PME PCIeCapability]
[STDERR  ] 2018-03-06T09:19:13.813561644Z: [    0.296833] PCI host bridge to bus 0000:00
[STDERR  ] 2018-03-06T09:19:13.813569333Z: [    0.300014] pci_bus 0000:00: root bus resource [io  0x0000-0x0cf7 window]
[STDERR  ] 2018-03-06T09:19:13.813577035Z: [    0.305985] pci_bus 0000:00: root bus resource [io  0x0d00-0xffff window]
[STDERR  ] 2018-03-06T09:19:13.813584572Z: [    0.310014] pci_bus 0000:00: root bus resource [mem 0x000a0000-0x000bffff window]
[STDERR  ] 2018-03-06T09:19:13.813592130Z: [    0.316321] pci_bus 0000:00: root bus resource [mem 0xc0000000-0xfebfffff window]
[STDERR  ] 2018-03-06T09:19:13.813599798Z: [    0.320015] pci_bus 0000:00: root bus resource [bus 00-ff]
[STDERR  ] 2018-03-06T09:19:13.813607395Z: [    0.490957] pci 0000:00:1f.0: quirk: [io  0x0600-0x067f] claimed by ICH6 ACPI/GPIO/TCO
[STDERR  ] 2018-03-06T09:19:13.813615216Z: [    0.569635] ACPI: PCI Interrupt Link [LNKA] (IRQs 5 *10 11)
[STDERR  ] 2018-03-06T09:19:13.813622893Z: [    0.570390] ACPI: PCI Interrupt Link [LNKB] (IRQs 5 *10 11)
[STDERR  ] 2018-03-06T09:19:13.813632706Z: [    0.580350] ACPI: PCI Interrupt Link [LNKC] (IRQs 5 10 *11)
[STDERR  ] 2018-03-06T09:19:13.813640356Z: [    0.585504] ACPI: PCI Interrupt Link [LNKD] (IRQs 5 10 *11)
[STDERR  ] 2018-03-06T09:19:13.813647961Z: [    0.590352] ACPI: PCI Interrupt Link [LNKE] (IRQs 5 *10 11)
[STDERR  ] 2018-03-06T09:19:13.813655405Z: [    0.595446] ACPI: PCI Interrupt Link [LNKF] (IRQs 5 *10 11)
[STDERR  ] 2018-03-06T09:19:13.813663044Z: [    0.600351] ACPI: PCI Interrupt Link [LNKG] (IRQs 5 10 *11)
[STDERR  ] 2018-03-06T09:19:13.813673882Z: [    0.605472] ACPI: PCI Interrupt Link [LNKH] (IRQs 5 10 *11)
[STDERR  ] 2018-03-06T09:19:13.813682178Z: [    0.610179] ACPI: PCI Interrupt Link [GSIA] (IRQs *16)
[STDERR  ] 2018-03-06T09:19:13.813689892Z: [    0.614613] ACPI: PCI Interrupt Link [GSIB] (IRQs *17)
[STDERR  ] 2018-03-06T09:19:13.813697455Z: [    0.620040] ACPI: PCI Interrupt Link [GSIC] (IRQs *18)
[STDERR  ] 2018-03-06T09:19:13.813705060Z: [    0.624435] ACPI: PCI Interrupt Link [GSID] (IRQs *19)
[STDERR  ] 2018-03-06T09:19:13.813715703Z: [    0.628928] ACPI: PCI Interrupt Link [GSIE] (IRQs *20)
[STDERR  ] 2018-03-06T09:19:13.813723739Z: [    0.630035] ACPI: PCI Interrupt Link [GSIF] (IRQs *21)
[STDERR  ] 2018-03-06T09:19:13.813733399Z: [    0.634456] ACPI: PCI Interrupt Link [GSIG] (IRQs *22)
[STDERR  ] 2018-03-06T09:19:13.813743456Z: [    0.640034] ACPI: PCI Interrupt Link [GSIH] (IRQs *23)
[STDERR  ] 2018-03-06T09:19:13.813751478Z: [    0.644774] SCSI subsystem initialized
[STDERR  ] 2018-03-06T09:19:13.813765275Z: [    0.650127] ACPI: bus type USB registered
[STDERR  ] 2018-03-06T09:19:13.813778793Z: [    0.653598] usbcore: registered new interface driver usbfs
[STDERR  ] 2018-03-06T09:19:13.813790428Z: [    0.658336] usbcore: registered new interface driver hub
[STDERR  ] 2018-03-06T09:19:13.813801763Z: [    0.660057] usbcore: registered new device driver usb
[STDERR  ] 2018-03-06T09:19:13.813811996Z: [    0.664459] pps_core: LinuxPPS API ver. 1 registered
[STDERR  ] 2018-03-06T09:19:13.813822940Z: [    0.670009] pps_core: Software ver. 5.3.6 - Copyright 2005-2007 Rodolfo Giometti <giometti@linux.it>
[STDERR  ] 2018-03-06T09:19:13.813838740Z: [    0.680035] PTP clock support registered
[STDERR  ] 2018-03-06T09:19:13.813849831Z: [    0.683480] PCI: Using ACPI for IRQ routing
[STDERR  ] 2018-03-06T09:19:13.813861988Z: [    1.072992] NetLabel: Initializing
[STDERR  ] 2018-03-06T09:19:13.813874375Z: [    1.075950] NetLabel:  domain hash size = 128
[STDERR  ] 2018-03-06T09:19:13.813887860Z: [    1.079643] NetLabel:  protocols = UNLABELED CIPSOv4 CALIPSO
[STDERR  ] 2018-03-06T09:19:13.813897434Z: [    1.080052] NetLabel:  unlabeled traffic allowed by default
[STDERR  ] 2018-03-06T09:19:13.813905318Z: [    1.084956] HPET: 3 timers in total, 0 timers will be used for per-cpu timer
[STDERR  ] 2018-03-06T09:19:13.813914232Z: [    1.090127] hpet0: at MMIO 0xfed00000, IRQs 2, 8, 0
[STDERR  ] 2018-03-06T09:19:13.813922134Z: [    1.094258] hpet0: 3 comparators, 64-bit 100.000000 MHz counter
[STDERR  ] 2018-03-06T09:19:13.813930243Z: [    1.103568] clocksource: Switched to clocksource kvm-clock
[STDERR  ] 2018-03-06T09:19:13.813938114Z: [    1.127345] VFS: Disk quotas dquot_6.6.0
[STDERR  ] 2018-03-06T09:19:13.813946037Z: [    1.131100] VFS: Dquot-cache hash table entries: 512 (order 0, 4096 bytes)
[STDERR  ] 2018-03-06T09:19:13.813953943Z: [    1.137139] FS-Cache: Loaded
[STDERR  ] 2018-03-06T09:19:13.813961972Z: [    1.139773] CacheFiles: Loaded
[STDERR  ] 2018-03-06T09:19:13.813969858Z: [    1.142507] pnp: PnP ACPI init
[STDERR  ] 2018-03-06T09:19:13.813977722Z: [    1.146460] pnp: PnP ACPI: found 5 devices
[STDERR  ] 2018-03-06T09:19:13.813985425Z: [    1.156231] clocksource: acpi_pm: mask: 0xffffff max_cycles: 0xffffff, max_idle_ns: 2085701024 ns
[STDERR  ] 2018-03-06T09:19:13.813993451Z: [    1.163954] NET: Registered protocol family 2
[STDERR  ] 2018-03-06T09:19:13.814001196Z: [    1.167938] TCP established hash table entries: 8192 (order: 4, 65536 bytes)
[STDERR  ] 2018-03-06T09:19:13.814009001Z: [    1.174014] TCP bind hash table entries: 8192 (order: 5, 131072 bytes)
[STDERR  ] 2018-03-06T09:19:13.814016628Z: [    1.179514] TCP: Hash tables configured (established 8192 bind 8192)
[STDERR  ] 2018-03-06T09:19:13.814024555Z: [    1.186451] UDP hash table entries: 512 (order: 2, 16384 bytes)
[STDERR  ] 2018-03-06T09:19:13.814035310Z: [    1.191579] UDP-Lite hash table entries: 512 (order: 2, 16384 bytes)
[STDERR  ] 2018-03-06T09:19:13.814043143Z: [    1.197044] NET: Registered protocol family 1
[STDERR  ] 2018-03-06T09:19:13.814054931Z: [    1.201274] pci 0000:00:01.0: Video device with shadowed ROM at [mem 0x000c0000-0x000dffff]
[STDERR  ] 2018-03-06T09:19:13.814062929Z: [    1.208726] Trying to unpack rootfs image as initramfs...
[STDERR  ] 2018-03-06T09:19:13.814070841Z: [    1.731207] Freeing initrd memory: 25812K
[STDERR  ] 2018-03-06T09:19:13.814078616Z: [    1.735967] PCLMULQDQ-NI instructions are not detected.
[STDERR  ] 2018-03-06T09:19:13.814086210Z: [    1.740770] AVX or AES-NI instructions are not detected.
[STDERR  ] 2018-03-06T09:19:13.814093644Z: [    1.745344] CPU feature 'AVX registers' is not supported.
[STDERR  ] 2018-03-06T09:19:13.814101428Z: [    1.749919] CPU feature 'AVX registers' is not supported.
[STDERR  ] 2018-03-06T09:19:13.814108982Z: [    1.754594] CPU feature 'AVX registers' is not supported.
[STDERR  ] 2018-03-06T09:19:13.814116543Z: [    1.759398] CPU feature 'AVX registers' is not supported.
[STDERR  ] 2018-03-06T09:19:13.814124131Z: [    1.764260] AVX2 or AES-NI instructions are not detected.
[STDERR  ] 2018-03-06T09:19:13.814131646Z: [    1.768864] AVX2 instructions are not detected.
[STDERR  ] 2018-03-06T09:19:13.814139247Z: [    1.773445] workingset: timestamp_bits=46 max_order=18 bucket_order=0
[STDERR  ] 2018-03-06T09:19:13.814146963Z: [    1.779245] squashfs: version 4.0 (2009/01/31) Phillip Lougher
[STDERR  ] 2018-03-06T09:19:13.814154459Z: [    1.784426] FS-Cache: Netfs 'cifs' registered for caching
[STDERR  ] 2018-03-06T09:19:13.814162188Z: [    1.791609] fuse init (API version 7.26)
[STDERR  ] 2018-03-06T09:19:13.814173346Z: [    1.795172] SGI XFS with ACLs, security attributes, no debug enabled
[STDERR  ] 2018-03-06T09:19:13.814181423Z: [    1.800752] 9p: Installing v9fs 9p2000 file system support
[STDERR  ] 2018-03-06T09:19:13.814191223Z: [    1.805348] FS-Cache: Netfs '9p' registered for caching
[STDERR  ] 2018-03-06T09:19:13.814198730Z: [    1.810921] NET: Registered protocol family 38
[STDERR  ] 2018-03-06T09:19:13.814206714Z: [    1.814783] Key type asymmetric registered
[STDERR  ] 2018-03-06T09:19:13.814216458Z: [    1.818254] Asymmetric key parser 'x509' registered
[STDERR  ] 2018-03-06T09:19:13.814226389Z: [    1.822561] Block layer SCSI generic (bsg) driver version 0.4 loaded (major 248)
[STDERR  ] 2018-03-06T09:19:13.814234080Z: [    1.828814] io scheduler noop registered
[STDERR  ] 2018-03-06T09:19:13.814241693Z: [    1.832283] io scheduler deadline registered (default)
[STDERR  ] 2018-03-06T09:19:13.814249332Z: [    1.836793] io scheduler cfq registered
[STDERR  ] 2018-03-06T09:19:13.814262506Z: [    1.840140] io scheduler mq-deadline registered (default)
[STDERR  ] 2018-03-06T09:19:13.814270235Z: [    1.844837] io scheduler kyber registered
[STDERR  ] 2018-03-06T09:19:13.814277996Z: [    1.848366] shpchp: Standard Hot Plug PCI Controller Driver version: 0.4
[STDERR  ] 2018-03-06T09:19:13.814286825Z: [    1.854091] hv_vmbus: registering driver hyperv_fb
[STDERR  ] 2018-03-06T09:19:13.814294496Z: [    1.858212] input: Power Button as /devices/LNXSYSTM:00/LNXPWRBN:00/input/input0
[STDERR  ] 2018-03-06T09:19:13.814302333Z: [    1.864459] ACPI: Power Button [PWRF]
[STDERR  ] 2018-03-06T09:19:13.814310011Z: [    1.868365] ACPI: PCI Interrupt Link [GSIG] enabled at IRQ 22
[STDERR  ] 2018-03-06T09:19:13.814320493Z: [    1.879687] ACPI: PCI Interrupt Link [GSIH] enabled at IRQ 23
[STDERR  ] 2018-03-06T09:19:13.814328473Z: [    1.891224] Serial: 8250/16550 driver, 4 ports, IRQ sharing disabled
[STDERR  ] 2018-03-06T09:19:13.814336209Z: [    1.929415] 00:04: ttyS0 at I/O 0x3f8 (irq = 4, base_baud = 115200) is a 16550A
[STDERR  ] 2018-03-06T09:19:13.814343877Z: [    1.936982] Non-volatile memory driver v1.3
[STDERR  ] 2018-03-06T09:19:13.814351657Z: [    1.942647] Hangcheck: starting hangcheck timer 0.9.1 (tick is 180 seconds, margin is 60 seconds).
[STDERR  ] 2018-03-06T09:19:13.814359808Z: [    1.950815] random: crng init done
[STDERR  ] 2018-03-06T09:19:13.814367526Z: [    1.956184] brd: module loaded
[STDERR  ] 2018-03-06T09:19:13.814376499Z: [    1.962742] loop: module loaded
[STDERR  ] 2018-03-06T09:19:13.814387948Z: [    1.969051] lpc_ich 0000:00:1f.0: I/O space for GPIO uninitialized
[STDERR  ] 2018-03-06T09:19:13.814395805Z: [    1.974741] VMware PVSCSI driver - version 1.0.7.0-k
[STDERR  ] 2018-03-06T09:19:13.814403395Z: [    1.979105] hv_vmbus: registering driver hv_storvsc
[STDERR  ] 2018-03-06T09:19:13.814411052Z: [    1.983953] ACPI: PCI Interrupt Link [GSIA] enabled at IRQ 16
[STDERR  ] 2018-03-06T09:19:13.814418771Z: [    1.991812] ahci 0000:00:1f.2: AHCI 0001.0000 32 slots 6 ports 1.5 Gbps 0x3f impl SATA mode
[STDERR  ] 2018-03-06T09:19:13.814426821Z: [    1.998876] ahci 0000:00:1f.2: flags: 64bit ncq only 
[STDERR  ] 2018-03-06T09:19:13.814434439Z: [    2.007601] scsi host0: ahci
[STDERR  ] 2018-03-06T09:19:13.814442351Z: [    2.010503] scsi host1: ahci
[STDERR  ] 2018-03-06T09:19:13.814450420Z: [    2.013180] scsi host2: ahci
[STDERR  ] 2018-03-06T09:19:13.814458055Z: [    2.015799] scsi host3: ahci
[STDERR  ] 2018-03-06T09:19:13.814467735Z: [    2.018413] scsi host4: ahci
[STDERR  ] 2018-03-06T09:19:13.814477702Z: [    2.021138] scsi host5: ahci
[STDERR  ] 2018-03-06T09:19:13.814485405Z: [    2.023776] ata1: SATA max UDMA/133 abar m4096@0xfebd2000 port 0xfebd2100 irq 24
[STDERR  ] 2018-03-06T09:19:13.814495881Z: [    2.030206] ata2: SATA max UDMA/133 abar m4096@0xfebd2000 port 0xfebd2180 irq 24
[STDERR  ] 2018-03-06T09:19:13.814503585Z: [    2.036466] ata3: SATA max UDMA/133 abar m4096@0xfebd2000 port 0xfebd2200 irq 24
[STDERR  ] 2018-03-06T09:19:13.814511207Z: [    2.042872] ata4: SATA max UDMA/133 abar m4096@0xfebd2000 port 0xfebd2280 irq 24
[STDERR  ] 2018-03-06T09:19:13.814522372Z: [    2.049112] ata5: SATA max UDMA/133 abar m4096@0xfebd2000 port 0xfebd2300 irq 24
[STDERR  ] 2018-03-06T09:19:13.814531177Z: [    2.055460] ata6: SATA max UDMA/133 abar m4096@0xfebd2000 port 0xfebd2380 irq 24
[STDERR  ] 2018-03-06T09:19:13.814538844Z: [    2.063799] tun: Universal TUN/TAP device driver, 1.6
[STDERR  ] 2018-03-06T09:19:13.814546613Z: [    2.072647] VMware vmxnet3 virtual NIC driver - version 1.4.a.0-k-NAPI
[STDERR  ] 2018-03-06T09:19:13.814554260Z: [    2.078320] hv_vmbus: registering driver hv_netvsc
[STDERR  ] 2018-03-06T09:19:13.814562065Z: [    2.082671] Fusion MPT base driver 3.04.20
[STDERR  ] 2018-03-06T09:19:13.814569757Z: [    2.086148] Copyright (c) 1999-2008 LSI Corporation
[STDERR  ] 2018-03-06T09:19:13.814579126Z: [    2.090419] Fusion MPT SPI Host driver 3.04.20
[STDERR  ] 2018-03-06T09:19:13.814586744Z: [    2.094528] i8042: PNP: PS/2 Controller [PNP0303:KBD,PNP0f13:MOU] at 0x60,0x64 irq 1,12
[STDERR  ] 2018-03-06T09:19:13.814594452Z: [    2.104650] serio: i8042 KBD port at 0x60,0x64 irq 1
[STDERR  ] 2018-03-06T09:19:13.814601993Z: [    2.108944] serio: i8042 AUX port at 0x60,0x64 irq 12
[STDERR  ] 2018-03-06T09:19:13.814609550Z: [    2.113464] hv_vmbus: registering driver hyperv_keyboard
[STDERR  ] 2018-03-06T09:19:13.814617074Z: [    2.118084] mousedev: PS/2 mouse device common for all mice
[STDERR  ] 2018-03-06T09:19:13.814624715Z: [    2.124268] input: AT Translated Set 2 keyboard as /devices/platform/i8042/serio0/input/input1
[STDERR  ] 2018-03-06T09:19:13.814632343Z: [    2.131701] input: PC Speaker as /devices/platform/pcspkr/input/input2
[STDERR  ] 2018-03-06T09:19:13.814640181Z: [    2.138147] rtc_cmos 00:00: RTC can wake from S4
[STDERR  ] 2018-03-06T09:19:13.814647886Z: [    2.143779] rtc_cmos 00:00: rtc core: registered rtc_cmos as rtc0
[STDERR  ] 2018-03-06T09:19:13.814655488Z: [    2.149855] rtc_cmos 00:00: alarms up to one day, y3k, 114 bytes nvram, hpet irqs
[STDERR  ] 2018-03-06T09:19:13.814663419Z: [    2.156444] i2c /dev entries driver
[STDERR  ] 2018-03-06T09:19:13.814671075Z: [    2.159529] device-mapper: ioctl: 4.37.0-ioctl (2017-09-20) initialised: dm-devel@redhat.com
[STDERR  ] 2018-03-06T09:19:13.814678682Z: [    2.167475] usbcore: registered new interface driver usbhid
[STDERR  ] 2018-03-06T09:19:13.814686539Z: [    2.172420] usbhid: USB HID core driver
[STDERR  ] 2018-03-06T09:19:13.814694216Z: [    2.175960] hv_utils: Registering HyperV Utility Driver
[STDERR  ] 2018-03-06T09:19:13.814707095Z: [    2.180509] hv_vmbus: registering driver hv_util
[STDERR  ] 2018-03-06T09:19:13.814721102Z: [    2.184432] hv_vmbus: registering driver hv_balloon
[STDERR  ] 2018-03-06T09:19:13.814731854Z: [    2.188595] oprofile: using NMI interrupt.
[STDERR  ] 2018-03-06T09:19:13.814743138Z: [    2.192313] GACT probability on
[STDERR  ] 2018-03-06T09:19:13.814757668Z: [    2.195058] Mirror/redirect action on
[STDERR  ] 2018-03-06T09:19:13.814768648Z: [    2.198322] Simple TC action Loaded
[STDERR  ] 2018-03-06T09:19:13.814779553Z: [    2.201400] u32 classifier
[STDERR  ] 2018-03-06T09:19:13.814790612Z: [    2.203859]     Performance counters on
[STDERR  ] 2018-03-06T09:19:13.814801295Z: [    2.207135]     input device check on
[STDERR  ] 2018-03-06T09:19:13.814812327Z: [    2.210341]     Actions configured
[STDERR  ] 2018-03-06T09:19:13.814823094Z: [    2.213222] Netfilter messages via NETLINK v0.30.
[STDERR  ] 2018-03-06T09:19:13.814837148Z: [    2.217231] nfnl_acct: registering with nfnetlink.
[STDERR  ] 2018-03-06T09:19:13.814849064Z: [    2.221489] nf_conntrack version 0.5.0 (8192 buckets, 32768 max)
[STDERR  ] 2018-03-06T09:19:13.814861214Z: [    2.226552] ctnetlink v0.93: registering with nfnetlink.
[STDERR  ] 2018-03-06T09:19:13.814872050Z: [    2.231198] nf_tables: (c) 2007-2009 Patrick McHardy <kaber@trash.net>
[STDERR  ] 2018-03-06T09:19:13.814883916Z: [    2.236692] nf_tables_compat: (c) 2012 Pablo Neira Ayuso <pablo@netfilter.org>
[STDERR  ] 2018-03-06T09:19:13.814902577Z: [    2.242911] xt_time: kernel timezone is -0000
[STDERR  ] 2018-03-06T09:19:13.814914023Z: [    2.246608] ip_set: protocol 6
[STDERR  ] 2018-03-06T09:19:13.814925691Z: [    2.249217] IPVS: Registered protocols (TCP, UDP, SCTP, AH, ESP)
[STDERR  ] 2018-03-06T09:19:13.814948326Z: [    2.254407] IPVS: Connection hash table configured (size=4096, memory=64Kbytes)
[STDERR  ] 2018-03-06T09:19:13.814960260Z: [    2.260724] IPVS: ipvs loaded.
[STDERR  ] 2018-03-06T09:19:13.814975621Z: [    2.263361] IPVS: [rr] scheduler registered.
[STDERR  ] 2018-03-06T09:19:13.814984520Z: [    2.266951] IPVS: [wrr] scheduler registered.
[STDERR  ] 2018-03-06T09:19:13.814992944Z: [    2.270703] IPVS: [lc] scheduler registered.
[STDERR  ] 2018-03-06T09:19:13.815001728Z: [    2.274287] IPVS: [wlc] scheduler registered.
[STDERR  ] 2018-03-06T09:19:13.815014354Z: [    2.277936] IPVS: [fo] scheduler registered.
[STDERR  ] 2018-03-06T09:19:13.815025994Z: [    2.282039] IPVS: [ovf] scheduler registered.
[STDERR  ] 2018-03-06T09:19:13.815038477Z: [    2.285844] IPVS: [lblc] scheduler registered.
[STDERR  ] 2018-03-06T09:19:13.815050407Z: [    2.289900] IPVS: [lblcr] scheduler registered.
[STDERR  ] 2018-03-06T09:19:13.815062614Z: [    2.293813] IPVS: [dh] scheduler registered.
[STDERR  ] 2018-03-06T09:19:13.815073248Z: [    2.297741] IPVS: [sh] scheduler registered.
[STDERR  ] 2018-03-06T09:19:13.815084575Z: [    2.301398] IPVS: [sed] scheduler registered.
[STDERR  ] 2018-03-06T09:19:13.815097091Z: [    2.305411] IPVS: [nq] scheduler registered.
[STDERR  ] 2018-03-06T09:19:13.815109047Z: [    2.309073] IPVS: ftp: loaded support on port[0] = 21
[STDERR  ] 2018-03-06T09:19:13.815120291Z: [    2.313799] ipip: IPv4 and MPLS over IPv4 tunneling driver
[STDERR  ] 2018-03-06T09:19:13.815131525Z: [    2.318570] gre: GRE over IPv4 demultiplexor driver
[STDERR  ] 2018-03-06T09:19:13.815142189Z: [    2.323078] ip_tables: (C) 2000-2006 Netfilter Core Team
[STDERR  ] 2018-03-06T09:19:13.815152803Z: [    2.327582] ipt_CLUSTERIP: ClusterIP Version 0.8 loaded successfully
[STDERR  ] 2018-03-06T09:19:13.815163722Z: [    2.333312] arp_tables: arp_tables: (C) 2002 David S. Miller
[STDERR  ] 2018-03-06T09:19:13.815174541Z: [    2.338102] NET: Registered protocol family 10
[STDERR  ] 2018-03-06T09:19:13.815186550Z: [    2.342574] Segment Routing with IPv6
[STDERR  ] 2018-03-06T09:19:13.815199797Z: [    2.345737] ip6_tables: (C) 2000-2006 Netfilter Core Team
[STDERR  ] 2018-03-06T09:19:13.815211935Z: [    2.351141] NET: Registered protocol family 17
[STDERR  ] 2018-03-06T09:19:13.815232789Z: [    2.354924] Bridge firewalling registered
[STDERR  ] 2018-03-06T09:19:13.815244850Z: [    2.358640] Ebtables v2.0 registered
[STDERR  ] 2018-03-06T09:19:13.815263934Z: [    2.361805] 8021q: 802.1Q VLAN Support v1.8
[STDERR  ] 2018-03-06T09:19:13.815275606Z: [    2.365626] 9pnet: Installing 9P2000 support
[STDERR  ] 2018-03-06T09:19:13.815287459Z: [    2.369246] Key type dns_resolver registered
[STDERR  ] 2018-03-06T09:19:13.815303782Z: [    2.373399] registered taskstats version 1
[STDERR  ] 2018-03-06T09:19:13.815315429Z: [    2.383770] Key type big_key registered
[STDERR  ] 2018-03-06T09:19:13.815326597Z: [    2.390633] Key type encrypted registered
[STDERR  ] 2018-03-06T09:19:13.815338346Z: [    2.394802] ata6: SATA link down (SStatus 0 SControl 300)
[STDERR  ] 2018-03-06T09:19:13.815350028Z: [    2.400276] ata5: SATA link down (SStatus 0 SControl 300)
[STDERR  ] 2018-03-06T09:19:13.815361636Z: [    2.405642] ata4: SATA link down (SStatus 0 SControl 300)
[STDERR  ] 2018-03-06T09:19:13.815373454Z: [    2.411200] ata3: SATA link up 1.5 Gbps (SStatus 113 SControl 300)
[STDERR  ] 2018-03-06T09:19:13.815386365Z: [    2.416897] ata3.00: ATAPI: QEMU DVD-ROM, 2.5+, max UDMA/100
[STDERR  ] 2018-03-06T09:19:13.815400617Z: [    2.421750] ata3.00: applying bridge limits
[STDERR  ] 2018-03-06T09:19:13.815412058Z: [    2.426071] ata2: SATA link down (SStatus 0 SControl 300)
[STDERR  ] 2018-03-06T09:19:13.815422860Z: [    2.431422] ata1: SATA link down (SStatus 0 SControl 300)
[STDERR  ] 2018-03-06T09:19:13.815440409Z: [    2.438009] rtc_cmos 00:00: setting system clock to 2018-03-06 09:19:08 UTC (1520327948)
[STDERR  ] 2018-03-06T09:19:13.815453999Z: [    2.446788] ata3.00: configured for UDMA/100
[STDERR  ] 2018-03-06T09:19:13.815464736Z: [    2.451406] scsi 2:0:0:0: CD-ROM            QEMU     QEMU DVD-ROM     2.5+ PQ: 0 ANSI: 5
[STDERR  ] 2018-03-06T09:19:13.815475684Z: [    2.501064] sr 2:0:0:0: [sr0] scsi3-mmc drive: 4x/4x cd/rw xa/form2 tray
[STDERR  ] 2018-03-06T09:19:13.815486325Z: [    2.506871] cdrom: Uniform CD-ROM driver Revision: 3.20
[STDERR  ] 2018-03-06T09:19:13.815496903Z: [    2.511976] sr 2:0:0:0: Attached scsi generic sg0 type 5
[STDERR  ] 2018-03-06T09:19:13.815507533Z: [    2.519824] Freeing unused kernel memory: 1508K
[STDERR  ] 2018-03-06T09:19:13.815518067Z: [    2.523946] Write protecting the kernel read-only data: 18432k
[STDERR  ] 2018-03-06T09:19:13.815528943Z: [    2.529699] Freeing unused kernel memory: 2024K
[STDERR  ] 2018-03-06T09:19:13.815540216Z: [    2.536684] Freeing unused kernel memory: 1112K
[STDERR  ] 2018-03-06T09:19:13.815551993Z: 
[STDERR  ] 2018-03-06T09:19:13.815563745Z: Welcome to LinuxKit
[STDERR  ] 2018-03-06T09:19:13.815576066Z: 
[STDERR  ] 2018-03-06T09:19:13.815587377Z:                         ##         .
[STDERR  ] 2018-03-06T09:19:13.815598684Z:                   ## ## ##        ==
[STDERR  ] 2018-03-06T09:19:13.815609370Z:                ## ## ## ## ##    ===
[STDERR  ] 2018-03-06T09:19:13.815620355Z:            /"""""""""""""""""\___/ ===
[STDERR  ] 2018-03-06T09:19:13.815632058Z:           {                       /  ===-
[STDERR  ] 2018-03-06T09:19:13.815643697Z:            \______ O           __/
[STDERR  ] 2018-03-06T09:19:13.815655355Z:              \    \         __/
[STDERR  ] 2018-03-06T09:19:13.815667012Z:               \____\_______/
[STDERR  ] 2018-03-06T09:19:13.815678536Z: 
[STDERR  ] 2018-03-06T09:19:13.815690002Z: [    2.905883] hello_world: loading out-of-tree module taints kernel.
[STDERR  ] 2018-03-06T09:19:13.815701681Z: [    2.912074] Hello LinuxKit
[STDERR  ] 2018-03-06T09:19:13.815713318Z: [    2.918853] Goodbye LinuxKit.
[STDERR  ] 2018-03-06T09:19:13.815725048Z: Linux linuxkit-8a8908b10011 4.15.7-linuxkit #1 SMP Wed Feb 28 11:06:14 UTC 2018 x86_64 Linux
[STDERR  ] 2018-03-06T09:19:13.815739585Z: filename:       hello_world.ko
[STDERR  ] 2018-03-06T09:19:13.815751124Z: author:         Rolf Neugebauer <rolf.neugebauer@docker.com>
[STDERR  ] 2018-03-06T09:19:13.815763469Z: description:    A simple Hello World kernel module for testing
[STDERR  ] 2018-03-06T09:19:13.815779946Z: license:        GPL
[STDERR  ] 2018-03-06T09:19:13.815792188Z: depends:        
[STDERR  ] 2018-03-06T09:19:13.815804668Z: vermagic:       4.15.7-linuxkit SMP mod_unload modversions RANDSTRUCT_PLUGIN_4fdebada85ecc9f5c81af1ea7a7554d317d3161e056c0f7f1e39e20cf263146d
[STDERR  ] 2018-03-06T09:19:13.815817449Z: Kernel module test suite PASSED
[STDERR  ] 2018-03-06T09:19:13.815829049Z: [    5.997387] ACPI: Preparing to enter system sleep state S5
[STDERR  ] 2018-03-06T09:19:13.815840639Z: [    6.003436] reboot: Power down
[STDERR  ] 2018-03-06T09:19:13.815852611Z: + grep -q Hello LinuxKit
[STDERR  ] 2018-03-06T09:19:13.816296532Z: + echo [    0.000000] Linux version 4.15.7-linuxkit (root@850659def6ee) (gcc version 6.4.0 (Alpine 6.4.0)) #1 SMP Wed Feb 28 11:06:14 UTC 2018
[STDERR  ] 2018-03-06T09:19:13.816344271Z: [    0.000000] Command line: console=ttyS0 console=ttyAMA0
[STDERR  ] 2018-03-06T09:19:13.816384145Z: [    0.000000] x86/fpu: x87 FPU will use FXSAVE
[STDERR  ] 2018-03-06T09:19:13.816409322Z: [    0.000000] e820: BIOS-provided physical RAM map:
[STDERR  ] 2018-03-06T09:19:13.816446128Z: [    0.000000] BIOS-e820: [mem 0x0000000000000000-0x000000000009fbff] usable
[STDERR  ] 2018-03-06T09:19:13.816478474Z: [    0.000000] BIOS-e820: [mem 0x000000000009fc00-0x000000000009ffff] reserved
[STDERR  ] 2018-03-06T09:19:13.816502783Z: [    0.000000] BIOS-e820: [mem 0x00000000000f0000-0x00000000000fffff] reserved
[STDERR  ] 2018-03-06T09:19:13.816536838Z: [    0.000000] BIOS-e820: [mem 0x0000000000100000-0x000000003ffdefff] usable
[STDERR  ] 2018-03-06T09:19:13.816570061Z: [    0.000000] BIOS-e820: [mem 0x000000003ffdf000-0x000000003fffffff] reserved
[STDERR  ] 2018-03-06T09:19:13.816594976Z: [    0.000000] BIOS-e820: [mem 0x00000000b0000000-0x00000000bfffffff] reserved
[STDERR  ] 2018-03-06T09:19:13.816634941Z: [    0.000000] BIOS-e820: [mem 0x00000000fed1c000-0x00000000fed1ffff] reserved
[STDERR  ] 2018-03-06T09:19:13.816660846Z: [    0.000000] BIOS-e820: [mem 0x00000000feffc000-0x00000000feffffff] reserved
[STDERR  ] 2018-03-06T09:19:13.816695385Z: [    0.000000] BIOS-e820: [mem 0x00000000fffc0000-0x00000000ffffffff] reserved
[STDERR  ] 2018-03-06T09:19:13.816720195Z: [    0.000000] NX (Execute Disable) protection: active
[STDERR  ] 2018-03-06T09:19:13.816747515Z: [    0.000000] random: fast init done
[STDERR  ] 2018-03-06T09:19:13.816784756Z: [    0.000000] SMBIOS 2.8 present.
[STDERR  ] 2018-03-06T09:19:13.816810119Z: [    0.000000] DMI: QEMU Standard PC (Q35 + ICH9, 2009), BIOS rel-1.10.2-0-g5f4c7b1-prebuilt.qemu-project.org 04/01/2014
[STDERR  ] 2018-03-06T09:19:13.816847990Z: [    0.000000] Hypervisor detected: KVM
[STDERR  ] 2018-03-06T09:19:13.816876990Z: [    0.000000] e820: last_pfn = 0x3ffdf max_arch_pfn = 0x400000000
[STDERR  ] 2018-03-06T09:19:13.816902119Z: [    0.000000] x86/PAT: PAT not supported by CPU.
[STDERR  ] 2018-03-06T09:19:13.816935805Z: [    0.000000] x86/PAT: Configuration [0-7]: WB  WT  UC- UC  WB  WT  UC- UC  
[STDERR  ] 2018-03-06T09:19:13.816961310Z: [    0.000000] found SMP MP-table at [mem 0x000f6aa0-0x000f6aaf] mapped at [        (ptrval)]
[STDERR  ] 2018-03-06T09:19:13.816987433Z: [    0.000000] RAMDISK: [mem 0x3e69b000-0x3ffcffff]
[STDERR  ] 2018-03-06T09:19:13.817019788Z: [    0.000000] ACPI: Early table checksum verification disabled
[STDERR  ] 2018-03-06T09:19:13.817042567Z: [    0.000000] ACPI: RSDP 0x00000000000F68B0 000014 (v00 BOCHS )
[STDERR  ] 2018-03-06T09:19:13.817125765Z: [    0.000000] ACPI: RSDT 0x000000003FFE20A8 000034 (v01 BOCHS  BXPCRSDT 00000001 BXPC 00000001)
[STDERR  ] 2018-03-06T09:19:13.817167788Z: [    0.000000] ACPI: FACP 0x000000003FFE1EC8 0000F4 (v03 BOCHS  BXPCFACP 00000001 BXPC 00000001)
[STDERR  ] 2018-03-06T09:19:13.817192133Z: [    0.000000] ACPI: DSDT 0x000000003FFE0040 001E88 (v01 BOCHS  BXPCDSDT 00000001 BXPC 00000001)
[STDERR  ] 2018-03-06T09:19:13.817214945Z: [    0.000000] ACPI: FACS 0x000000003FFE0000 000040
[STDERR  ] 2018-03-06T09:19:13.817247305Z: [    0.000000] ACPI: APIC 0x000000003FFE1FBC 000078 (v01 BOCHS  BXPCAPIC 00000001 BXPC 00000001)
[STDERR  ] 2018-03-06T09:19:13.817285484Z: [    0.000000] ACPI: HPET 0x000000003FFE2034 000038 (v01 BOCHS  BXPCHPET 00000001 BXPC 00000001)
[STDERR  ] 2018-03-06T09:19:13.817311168Z: [    0.000000] ACPI: MCFG 0x000000003FFE206C 00003C (v01 BOCHS  BXPCMCFG 00000001 BXPC 00000001)
[STDERR  ] 2018-03-06T09:19:13.817350854Z: [    0.000000] kvm-clock: cpu 0, msr 0:3ffdc001, primary cpu clock
[STDERR  ] 2018-03-06T09:19:13.817377575Z: [    0.000000] kvm-clock: Using msrs 4b564d01 and 4b564d00
[STDERR  ] 2018-03-06T09:19:13.817413523Z: [    0.000000] clocksource: kvm-clock: mask: 0xffffffffffffffff max_cycles: 0x1cd42e4dffb, max_idle_ns: 881590591483 ns
[STDERR  ] 2018-03-06T09:19:13.817438882Z: [    0.000000] Zone ranges:
[STDERR  ] 2018-03-06T09:19:13.817462627Z: [    0.000000]   DMA      [mem 0x0000000000001000-0x0000000000ffffff]
[STDERR  ] 2018-03-06T09:19:13.817495531Z: [    0.000000]   DMA32    [mem 0x0000000001000000-0x000000003ffdefff]
[STDERR  ] 2018-03-06T09:19:13.817518497Z: [    0.000000]   Normal   empty
[STDERR  ] 2018-03-06T09:19:13.817540469Z: [    0.000000]   Device   empty
[STDERR  ] 2018-03-06T09:19:13.817571351Z: [    0.000000] Movable zone start for each node
[STDERR  ] 2018-03-06T09:19:13.817596053Z: [    0.000000] Early memory node ranges
[STDERR  ] 2018-03-06T09:19:13.817621606Z: [    0.000000]   node   0: [mem 0x0000000000001000-0x000000000009efff]
[STDERR  ] 2018-03-06T09:19:13.817653915Z: [    0.000000]   node   0: [mem 0x0000000000100000-0x000000003ffdefff]
[STDERR  ] 2018-03-06T09:19:13.817684020Z: [    0.000000] Initmem setup node 0 [mem 0x0000000000001000-0x000000003ffdefff]
[STDERR  ] 2018-03-06T09:19:13.817705998Z: [    0.000000] Reserved but unavailable: 98 pages
[STDERR  ] 2018-03-06T09:19:13.817740985Z: [    0.000000] ACPI: PM-Timer IO Port: 0x608
[STDERR  ] 2018-03-06T09:19:13.817763708Z: [    0.000000] ACPI: LAPIC_NMI (acpi_id[0xff] dfl dfl lint[0x1])
[STDERR  ] 2018-03-06T09:19:13.817785564Z: [    0.000000] IOAPIC[0]: apic_id 0, version 17, address 0xfec00000, GSI 0-23
[STDERR  ] 2018-03-06T09:19:13.817820190Z: [    0.000000] ACPI: INT_SRC_OVR (bus 0 bus_irq 0 global_irq 2 dfl dfl)
[STDERR  ] 2018-03-06T09:19:13.817848993Z: [    0.000000] ACPI: INT_SRC_OVR (bus 0 bus_irq 5 global_irq 5 high level)
[STDERR  ] 2018-03-06T09:19:13.817874300Z: [    0.000000] ACPI: INT_SRC_OVR (bus 0 bus_irq 9 global_irq 9 high level)
[STDERR  ] 2018-03-06T09:19:13.817909424Z: [    0.000000] ACPI: INT_SRC_OVR (bus 0 bus_irq 10 global_irq 10 high level)
[STDERR  ] 2018-03-06T09:19:13.817934859Z: [    0.000000] ACPI: INT_SRC_OVR (bus 0 bus_irq 11 global_irq 11 high level)
[STDERR  ] 2018-03-06T09:19:13.817959345Z: [    0.000000] Using ACPI (MADT) for SMP configuration information
[STDERR  ] 2018-03-06T09:19:13.817995046Z: [    0.000000] ACPI: HPET id: 0x8086a201 base: 0xfed00000
[STDERR  ] 2018-03-06T09:19:13.818017340Z: [    0.000000] smpboot: Allowing 1 CPUs, 0 hotplug CPUs
[STDERR  ] 2018-03-06T09:19:13.818056805Z: [    0.000000] e820: [mem 0x40000000-0xafffffff] available for PCI devices
[STDERR  ] 2018-03-06T09:19:13.818081654Z: [    0.000000] Booting paravirtualized kernel on KVM
[STDERR  ] 2018-03-06T09:19:13.818105684Z: [    0.000000] clocksource: refined-jiffies: mask: 0xffffffff max_cycles: 0xffffffff, max_idle_ns: 19112604462750000 ns
[STDERR  ] 2018-03-06T09:19:13.818139845Z: [    0.000000] setup_percpu: NR_CPUS:128 nr_cpumask_bits:128 nr_cpu_ids:1 nr_node_ids:1
[STDERR  ] 2018-03-06T09:19:13.818164023Z: [    0.000000] percpu: Embedded 44 pages/cpu @        (ptrval) s142872 r8192 d29160 u2097152
[STDERR  ] 2018-03-06T09:19:13.818187323Z: [    0.000000] KVM setup async PF for cpu 0
[STDERR  ] 2018-03-06T09:19:13.818224068Z: [    0.000000] kvm-stealtime: cpu 0, msr 3e415f00
[STDERR  ] 2018-03-06T09:19:13.818246734Z: [    0.000000] Built 1 zonelists, mobility grouping on.  Total pages: 257896
[STDERR  ] 2018-03-06T09:19:13.818277437Z: [    0.000000] Kernel command line: console=ttyS0 console=ttyAMA0
[STDERR  ] 2018-03-06T09:19:13.818310298Z: [    0.000000] Dentry cache hash table entries: 131072 (order: 8, 1048576 bytes)
[STDERR  ] 2018-03-06T09:19:13.818340179Z: [    0.000000] Inode-cache hash table entries: 65536 (order: 7, 524288 bytes)
[STDERR  ] 2018-03-06T09:19:13.818377231Z: [    0.000000] Memory: 978996K/1048052K available (12300K kernel code, 1477K rwdata, 2984K rodata, 1508K init, 628K bss, 69056K reserved, 0K cma-reserved)
[STDERR  ] 2018-03-06T09:19:13.818404229Z: [    0.000000] Kernel/User page tables isolation: enabled
[STDERR  ] 2018-03-06T09:19:13.818426615Z: [    0.000000] ftrace: allocating 40996 entries in 161 pages
[STDERR  ] 2018-03-06T09:19:13.818459116Z: [    0.010000] Hierarchical RCU implementation.
[STDERR  ] 2018-03-06T09:19:13.818485075Z: [    0.010000] 	RCU restricting CPUs from NR_CPUS=128 to nr_cpu_ids=1.
[STDERR  ] 2018-03-06T09:19:13.818510590Z: [    0.010000] RCU: Adjusting geometry for rcu_fanout_leaf=16, nr_cpu_ids=1
[STDERR  ] 2018-03-06T09:19:13.818548069Z: [    0.010000] NR_IRQS: 8448, nr_irqs: 256, preallocated irqs: 16
[STDERR  ] 2018-03-06T09:19:13.818574881Z: [    0.010000] Console: colour VGA+ 80x25
[STDERR  ] 2018-03-06T09:19:13.818602718Z: [    0.010000] console [ttyS0] enabled
[STDERR  ] 2018-03-06T09:19:13.818640633Z: [    0.010000] ACPI: Core revision 20170831
[STDERR  ] 2018-03-06T09:19:13.818664594Z: [    0.010000] ACPI: 1 ACPI AML tables successfully acquired and loaded
[STDERR  ] 2018-03-06T09:19:13.818701738Z: [    0.010000] clocksource: hpet: mask: 0xffffffff max_cycles: 0xffffffff, max_idle_ns: 19112604467 ns
[STDERR  ] 2018-03-06T09:19:13.818740592Z: [    0.010058] APIC: Switch to symmetric I/O mode setup
[STDERR  ] 2018-03-06T09:19:13.818777208Z: [    0.016288] x2apic enabled
[STDERR  ] 2018-03-06T09:19:13.818803782Z: [    0.020026] Switched APIC routing to physical x2apic.
[STDERR  ] 2018-03-06T09:19:13.818826744Z: [    0.033930] ..TIMER: vector=0x30 apic1=0 pin1=2 apic2=-1 pin2=-1
[STDERR  ] 2018-03-06T09:19:13.818865456Z: [    0.039265] tsc: Detected 2299.836 MHz processor
[STDERR  ] 2018-03-06T09:19:13.818891637Z: [    0.040035] Calibrating delay loop (skipped) preset value.. 4599.67 BogoMIPS (lpj=22998360)
[STDERR  ] 2018-03-06T09:19:13.818917147Z: [    0.050010] pid_max: default: 32768 minimum: 301
[STDERR  ] 2018-03-06T09:19:13.818953450Z: [    0.054087] Security Framework initialized
[STDERR  ] 2018-03-06T09:19:13.818978307Z: [    0.057568] Yama: becoming mindful.
[STDERR  ] 2018-03-06T09:19:13.819001627Z: [    0.060065] Mount-cache hash table entries: 2048 (order: 2, 16384 bytes)
[STDERR  ] 2018-03-06T09:19:13.819037751Z: [    0.065998] Mountpoint-cache hash table entries: 2048 (order: 2, 16384 bytes)
[STDERR  ] 2018-03-06T09:19:13.819061963Z: [    0.070931] CPU: Physical Processor ID: 0
[STDERR  ] 2018-03-06T09:19:13.819085284Z: [    0.080059] Last level iTLB entries: 4KB 0, 2MB 0, 4MB 0
[STDERR  ] 2018-03-06T09:19:13.819118107Z: [    0.084820] Last level dTLB entries: 4KB 0, 2MB 0, 4MB 0, 1GB 0
[STDERR  ] 2018-03-06T09:19:13.819141604Z: [    0.090011] Spectre V2 : Vulnerable: Minimal generic ASM retpoline
[STDERR  ] 2018-03-06T09:19:13.819167050Z: [    0.104732] Freeing SMP alternatives memory: 20K
[STDERR  ] 2018-03-06T09:19:13.819199058Z: [    0.110000] smpboot: CPU0: Intel QEMU Virtual CPU version 2.5+ (family: 0x6, model: 0x6, stepping: 0x3)
[STDERR  ] 2018-03-06T09:19:13.819224806Z: [    0.110000] Performance Events: PMU not available due to virtualization, using software events only.
[STDERR  ] 2018-03-06T09:19:13.819248949Z: [    0.120395] Hierarchical SRCU implementation.
[STDERR  ] 2018-03-06T09:19:13.819289162Z: [    0.124295] NMI watchdog: Perf event create on CPU 0 failed with -2
[STDERR  ] 2018-03-06T09:19:13.819320271Z: [    0.130008] NMI watchdog: Perf NMI watchdog permanently disabled
[STDERR  ] 2018-03-06T09:19:13.819353912Z: [    0.135336] smp: Bringing up secondary CPUs ...
[STDERR  ] 2018-03-06T09:19:13.819376991Z: [    0.140009] smp: Brought up 1 node, 1 CPU
[STDERR  ] 2018-03-06T09:19:13.819398778Z: [    0.143482] smpboot: Max logical packages: 1
[STDERR  ] 2018-03-06T09:19:13.819439644Z: [    0.147170] smpboot: Total of 1 processors activated (4599.67 BogoMIPS)
[STDERR  ] 2018-03-06T09:19:13.819463710Z: [    0.150902] devtmpfs: initialized
[STDERR  ] 2018-03-06T09:19:13.819487641Z: [    0.153992] x86/mm: Memory block size: 128MB
[STDERR  ] 2018-03-06T09:19:13.819519415Z: [    0.160414] clocksource: jiffies: mask: 0xffffffff max_cycles: 0xffffffff, max_idle_ns: 19112604462750000 ns
[STDERR  ] 2018-03-06T09:19:13.819545142Z: [    0.170028] futex hash table entries: 256 (order: 2, 16384 bytes)
[STDERR  ] 2018-03-06T09:19:13.819569779Z: [    0.175406] NET: Registered protocol family 16
[STDERR  ] 2018-03-06T09:19:13.819608371Z: [    0.180175] audit: initializing netlink subsys (disabled)
[STDERR  ] 2018-03-06T09:19:13.819633274Z: [    0.184886] cpuidle: using governor ladder
[STDERR  ] 2018-03-06T09:19:13.819659176Z: [    0.188384] cpuidle: using governor menu
[STDERR  ] 2018-03-06T09:19:13.819697008Z: [    0.190022] audit: type=2000 audit(1520327947.020:1): state=initialized audit_enabled=0 res=1
[STDERR  ] 2018-03-06T09:19:13.819722831Z: [    0.200133] ACPI: bus type PCI registered
[STDERR  ] 2018-03-06T09:19:13.819757491Z: [    0.204094] PCI: MMCONFIG for domain 0000 [bus 00-ff] at [mem 0xb0000000-0xbfffffff] (base 0xb0000000)
[STDERR  ] 2018-03-06T09:19:13.819786013Z: [    0.210019] PCI: MMCONFIG at [mem 0xb0000000-0xbfffffff] reserved in E820
[STDERR  ] 2018-03-06T09:19:13.819817634Z: [    0.215736] PCI: Using configuration type 1 for base access
[STDERR  ] 2018-03-06T09:19:13.819862157Z: [    0.221776] HugeTLB registered 2.00 MiB page size, pre-allocated 0 pages
[STDERR  ] 2018-03-06T09:19:13.819891813Z: [    0.230262] ACPI: Added _OSI(Module Device)
[STDERR  ] 2018-03-06T09:19:13.819927482Z: [    0.233962] ACPI: Added _OSI(Processor Device)
[STDERR  ] 2018-03-06T09:19:13.819952326Z: [    0.237747] ACPI: Added _OSI(3.0 _SCP Extensions)
[STDERR  ] 2018-03-06T09:19:13.819976974Z: [    0.240020] ACPI: Added _OSI(Processor Aggregator Device)
[STDERR  ] 2018-03-06T09:19:13.820012350Z: [    0.250212] ACPI: Interpreter enabled
[STDERR  ] 2018-03-06T09:19:13.820036789Z: [    0.253405] ACPI: (supports S0 S5)
[STDERR  ] 2018-03-06T09:19:13.820059896Z: [    0.256342] ACPI: Using IOAPIC for interrupt routing
[STDERR  ] 2018-03-06T09:19:13.820095139Z: [    0.260078] PCI: Using host bridge windows from ACPI; if necessary, use "pci=nocrs" and report a bug
[STDERR  ] 2018-03-06T09:19:13.820124072Z: [    0.270307] ACPI: Enabled 1 GPEs in block 00 to 3F
[STDERR  ] 2018-03-06T09:19:13.820147433Z: [    0.278036] ACPI: PCI Root Bridge [PCI0] (domain 0000 [bus 00-ff])
[STDERR  ] 2018-03-06T09:19:13.820195750Z: [    0.280023] acpi PNP0A08:00: _OSC: OS supports [ExtendedConfig ASPM ClockPM Segments MSI]
[STDERR  ] 2018-03-06T09:19:13.820222111Z: [    0.290171] acpi PNP0A08:00: _OSC: OS now controls [PCIeHotplug PME PCIeCapability]
[STDERR  ] 2018-03-06T09:19:13.820266069Z: [    0.296833] PCI host bridge to bus 0000:00
[STDERR  ] 2018-03-06T09:19:13.820290785Z: [    0.300014] pci_bus 0000:00: root bus resource [io  0x0000-0x0cf7 window]
[STDERR  ] 2018-03-06T09:19:13.820317044Z: [    0.305985] pci_bus 0000:00: root bus resource [io  0x0d00-0xffff window]
[STDERR  ] 2018-03-06T09:19:13.820354105Z: [    0.310014] pci_bus 0000:00: root bus resource [mem 0x000a0000-0x000bffff window]
[STDERR  ] 2018-03-06T09:19:13.820379644Z: [    0.316321] pci_bus 0000:00: root bus resource [mem 0xc0000000-0xfebfffff window]
[STDERR  ] 2018-03-06T09:19:13.820407772Z: [    0.320015] pci_bus 0000:00: root bus resource [bus 00-ff]
[STDERR  ] 2018-03-06T09:19:13.820443428Z: [    0.490957] pci 0000:00:1f.0: quirk: [io  0x0600-0x067f] claimed by ICH6 ACPI/GPIO/TCO
[STDERR  ] 2018-03-06T09:19:13.820470309Z: [    0.569635] ACPI: PCI Interrupt Link [LNKA] (IRQs 5 *10 11)
[STDERR  ] 2018-03-06T09:19:13.820496571Z: [    0.570390] ACPI: PCI Interrupt Link [LNKB] (IRQs 5 *10 11)
[STDERR  ] 2018-03-06T09:19:13.820520739Z: [    0.580350] ACPI: PCI Interrupt Link [LNKC] (IRQs 5 10 *11)
[STDERR  ] 2018-03-06T09:19:13.820545386Z: [    0.585504] ACPI: PCI Interrupt Link [LNKD] (IRQs 5 10 *11)
[STDERR  ] 2018-03-06T09:19:13.820591952Z: [    0.590352] ACPI: PCI Interrupt Link [LNKE] (IRQs 5 *10 11)
[STDERR  ] 2018-03-06T09:19:13.820618717Z: [    0.595446] ACPI: PCI Interrupt Link [LNKF] (IRQs 5 *10 11)
[STDERR  ] 2018-03-06T09:19:13.820645785Z: [    0.600351] ACPI: PCI Interrupt Link [LNKG] (IRQs 5 10 *11)
[STDERR  ] 2018-03-06T09:19:13.820669910Z: [    0.605472] ACPI: PCI Interrupt Link [LNKH] (IRQs 5 10 *11)
[STDERR  ] 2018-03-06T09:19:13.820695830Z: [    0.610179] ACPI: PCI Interrupt Link [GSIA] (IRQs *16)
[STDERR  ] 2018-03-06T09:19:13.820722131Z: [    0.614613] ACPI: PCI Interrupt Link [GSIB] (IRQs *17)
[STDERR  ] 2018-03-06T09:19:13.820748724Z: [    0.620040] ACPI: PCI Interrupt Link [GSIC] (IRQs *18)
[STDERR  ] 2018-03-06T09:19:13.820774030Z: [    0.624435] ACPI: PCI Interrupt Link [GSID] (IRQs *19)
[STDERR  ] 2018-03-06T09:19:13.820811866Z: [    0.628928] ACPI: PCI Interrupt Link [GSIE] (IRQs *20)
[STDERR  ] 2018-03-06T09:19:13.820842077Z: [    0.630035] ACPI: PCI Interrupt Link [GSIF] (IRQs *21)
[STDERR  ] 2018-03-06T09:19:13.820868095Z: [    0.634456] ACPI: PCI Interrupt Link [GSIG] (IRQs *22)
[STDERR  ] 2018-03-06T09:19:13.820915871Z: [    0.640034] ACPI: PCI Interrupt Link [GSIH] (IRQs *23)
[STDERR  ] 2018-03-06T09:19:13.820941403Z: [    0.644774] SCSI subsystem initialized
[STDERR  ] 2018-03-06T09:19:13.820964993Z: [    0.650127] ACPI: bus type USB registered
[STDERR  ] 2018-03-06T09:19:13.820986433Z: [    0.653598] usbcore: registered new interface driver usbfs
[STDERR  ] 2018-03-06T09:19:13.821017223Z: [    0.658336] usbcore: registered new interface driver hub
[STDERR  ] 2018-03-06T09:19:13.821042353Z: [    0.660057] usbcore: registered new device driver usb
[STDERR  ] 2018-03-06T09:19:13.821079381Z: [    0.664459] pps_core: LinuxPPS API ver. 1 registered
[STDERR  ] 2018-03-06T09:19:13.821111086Z: [    0.670009] pps_core: Software ver. 5.3.6 - Copyright 2005-2007 Rodolfo Giometti <giometti@linux.it>
[STDERR  ] 2018-03-06T09:19:13.821137342Z: [    0.680035] PTP clock support registered
[STDERR  ] 2018-03-06T09:19:13.821173703Z: [    0.683480] PCI: Using ACPI for IRQ routing
[STDERR  ] 2018-03-06T09:19:13.821205381Z: [    1.072992] NetLabel: Initializing
[STDERR  ] 2018-03-06T09:19:13.821229784Z: [    1.075950] NetLabel:  domain hash size = 128
[STDERR  ] 2018-03-06T09:19:13.821261364Z: [    1.079643] NetLabel:  protocols = UNLABELED CIPSOv4 CALIPSO
[STDERR  ] 2018-03-06T09:19:13.821285703Z: [    1.080052] NetLabel:  unlabeled traffic allowed by default
[STDERR  ] 2018-03-06T09:19:13.821311950Z: [    1.084956] HPET: 3 timers in total, 0 timers will be used for per-cpu timer
[STDERR  ] 2018-03-06T09:19:13.821338975Z: [    1.090127] hpet0: at MMIO 0xfed00000, IRQs 2, 8, 0
[STDERR  ] 2018-03-06T09:19:13.821366451Z: [    1.094258] hpet0: 3 comparators, 64-bit 100.000000 MHz counter
[STDERR  ] 2018-03-06T09:19:13.821393489Z: [    1.103568] clocksource: Switched to clocksource kvm-clock
[STDERR  ] 2018-03-06T09:19:13.821423256Z: [    1.127345] VFS: Disk quotas dquot_6.6.0
[STDERR  ] 2018-03-06T09:19:13.821447575Z: [    1.131100] VFS: Dquot-cache hash table entries: 512 (order 0, 4096 bytes)
[STDERR  ] 2018-03-06T09:19:13.821474854Z: [    1.137139] FS-Cache: Loaded
[STDERR  ] 2018-03-06T09:19:13.821498766Z: [    1.139773] CacheFiles: Loaded
[STDERR  ] 2018-03-06T09:19:13.821522395Z: [    1.142507] pnp: PnP ACPI init
[STDERR  ] 2018-03-06T09:19:13.821547639Z: [    1.146460] pnp: PnP ACPI: found 5 devices
[STDERR  ] 2018-03-06T09:19:13.821573648Z: [    1.156231] clocksource: acpi_pm: mask: 0xffffff max_cycles: 0xffffff, max_idle_ns: 2085701024 ns
[STDERR  ] 2018-03-06T09:19:13.821599894Z: [    1.163954] NET: Registered protocol family 2
[STDERR  ] 2018-03-06T09:19:13.821624743Z: [    1.167938] TCP established hash table entries: 8192 (order: 4, 65536 bytes)
[STDERR  ] 2018-03-06T09:19:13.821650612Z: [    1.174014] TCP bind hash table entries: 8192 (order: 5, 131072 bytes)
[STDERR  ] 2018-03-06T09:19:13.821681166Z: [    1.179514] TCP: Hash tables configured (established 8192 bind 8192)
[STDERR  ] 2018-03-06T09:19:13.821721168Z: [    1.186451] UDP hash table entries: 512 (order: 2, 16384 bytes)
[STDERR  ] 2018-03-06T09:19:13.821746328Z: [    1.191579] UDP-Lite hash table entries: 512 (order: 2, 16384 bytes)
[STDERR  ] 2018-03-06T09:19:13.821772654Z: [    1.197044] NET: Registered protocol family 1
[STDERR  ] 2018-03-06T09:19:13.821798203Z: [    1.201274] pci 0000:00:01.0: Video device with shadowed ROM at [mem 0x000c0000-0x000dffff]
[STDERR  ] 2018-03-06T09:19:13.821825206Z: [    1.208726] Trying to unpack rootfs image as initramfs...
[STDERR  ] 2018-03-06T09:19:13.821851134Z: [    1.731207] Freeing initrd memory: 25812K
[STDERR  ] 2018-03-06T09:19:13.821892631Z: [    1.735967] PCLMULQDQ-NI instructions are not detected.
[STDERR  ] 2018-03-06T09:19:13.821918128Z: [    1.740770] AVX or AES-NI instructions are not detected.
[STDERR  ] 2018-03-06T09:19:13.821943571Z: [    1.745344] CPU feature 'AVX registers' is not supported.
[STDERR  ] 2018-03-06T09:19:13.821969385Z: [    1.749919] CPU feature 'AVX registers' is not supported.
[STDERR  ] 2018-03-06T09:19:13.821995003Z: [    1.754594] CPU feature 'AVX registers' is not supported.
[STDERR  ] 2018-03-06T09:19:13.822020496Z: [    1.759398] CPU feature 'AVX registers' is not supported.
[STDERR  ] 2018-03-06T09:19:13.822045620Z: [    1.764260] AVX2 or AES-NI instructions are not detected.
[STDERR  ] 2018-03-06T09:19:13.822070056Z: [    1.768864] AVX2 instructions are not detected.
[STDERR  ] 2018-03-06T09:19:13.822097517Z: [    1.773445] workingset: timestamp_bits=46 max_order=18 bucket_order=0
[STDERR  ] 2018-03-06T09:19:13.822133022Z: [    1.779245] squashfs: version 4.0 (2009/01/31) Phillip Lougher
[STDERR  ] 2018-03-06T09:19:13.822158209Z: [    1.784426] FS-Cache: Netfs 'cifs' registered for caching
[STDERR  ] 2018-03-06T09:19:13.822184191Z: [    1.791609] fuse init (API version 7.26)
[STDERR  ] 2018-03-06T09:19:13.822209918Z: [    1.795172] SGI XFS with ACLs, security attributes, no debug enabled
[STDERR  ] 2018-03-06T09:19:13.822236381Z: [    1.800752] 9p: Installing v9fs 9p2000 file system support
[STDERR  ] 2018-03-06T09:19:13.822276069Z: [    1.805348] FS-Cache: Netfs '9p' registered for caching
[STDERR  ] 2018-03-06T09:19:13.822301526Z: [    1.810921] NET: Registered protocol family 38
[STDERR  ] 2018-03-06T09:19:13.822328324Z: [    1.814783] Key type asymmetric registered
[STDERR  ] 2018-03-06T09:19:13.822354584Z: [    1.818254] Asymmetric key parser 'x509' registered
[STDERR  ] 2018-03-06T09:19:13.822380908Z: [    1.822561] Block layer SCSI generic (bsg) driver version 0.4 loaded (major 248)
[STDERR  ] 2018-03-06T09:19:13.822406247Z: [    1.828814] io scheduler noop registered
[STDERR  ] 2018-03-06T09:19:13.822433561Z: [    1.832283] io scheduler deadline registered (default)
[STDERR  ] 2018-03-06T09:19:13.822463341Z: [    1.836793] io scheduler cfq registered
[STDERR  ] 2018-03-06T09:19:13.822489048Z: [    1.840140] io scheduler mq-deadline registered (default)
[STDERR  ] 2018-03-06T09:19:13.822515398Z: [    1.844837] io scheduler kyber registered
[STDERR  ] 2018-03-06T09:19:13.822546452Z: [    1.848366] shpchp: Standard Hot Plug PCI Controller Driver version: 0.4
[STDERR  ] 2018-03-06T09:19:13.822573467Z: [    1.854091] hv_vmbus: registering driver hyperv_fb
[STDERR  ] 2018-03-06T09:19:13.822599837Z: [    1.858212] input: Power Button as /devices/LNXSYSTM:00/LNXPWRBN:00/input/input0
[STDERR  ] 2018-03-06T09:19:13.822626011Z: [    1.864459] ACPI: Power Button [PWRF]
[STDERR  ] 2018-03-06T09:19:13.822651866Z: [    1.868365] ACPI: PCI Interrupt Link [GSIG] enabled at IRQ 22
[STDERR  ] 2018-03-06T09:19:13.822677493Z: [    1.879687] ACPI: PCI Interrupt Link [GSIH] enabled at IRQ 23
[STDERR  ] 2018-03-06T09:19:13.822703451Z: [    1.891224] Serial: 8250/16550 driver, 4 ports, IRQ sharing disabled
[STDERR  ] 2018-03-06T09:19:13.822730091Z: [    1.929415] 00:04: ttyS0 at I/O 0x3f8 (irq = 4, base_baud = 115200) is a 16550A
[STDERR  ] 2018-03-06T09:19:13.822756049Z: [    1.936982] Non-volatile memory driver v1.3
[STDERR  ] 2018-03-06T09:19:13.822788534Z: [    1.942647] Hangcheck: starting hangcheck timer 0.9.1 (tick is 180 seconds, margin is 60 seconds).
[STDERR  ] 2018-03-06T09:19:13.822814606Z: [    1.950815] random: crng init done
[STDERR  ] 2018-03-06T09:19:13.822842479Z: [    1.956184] brd: module loaded
[STDERR  ] 2018-03-06T09:19:13.822867469Z: [    1.962742] loop: module loaded
[STDERR  ] 2018-03-06T09:19:13.822892003Z: [    1.969051] lpc_ich 0000:00:1f.0: I/O space for GPIO uninitialized
[STDERR  ] 2018-03-06T09:19:13.822919126Z: [    1.974741] VMware PVSCSI driver - version 1.0.7.0-k
[STDERR  ] 2018-03-06T09:19:13.822946235Z: [    1.979105] hv_vmbus: registering driver hv_storvsc
[STDERR  ] 2018-03-06T09:19:13.822972196Z: [    1.983953] ACPI: PCI Interrupt Link [GSIA] enabled at IRQ 16
[STDERR  ] 2018-03-06T09:19:13.822999040Z: [    1.991812] ahci 0000:00:1f.2: AHCI 0001.0000 32 slots 6 ports 1.5 Gbps 0x3f impl SATA mode
[STDERR  ] 2018-03-06T09:19:13.823027746Z: [    1.998876] ahci 0000:00:1f.2: flags: 64bit ncq only 
[STDERR  ] 2018-03-06T09:19:13.823053617Z: [    2.007601] scsi host0: ahci
[STDERR  ] 2018-03-06T09:19:13.823078303Z: [    2.010503] scsi host1: ahci
[STDERR  ] 2018-03-06T09:19:13.823103404Z: [    2.013180] scsi host2: ahci
[STDERR  ] 2018-03-06T09:19:13.823128373Z: [    2.015799] scsi host3: ahci
[STDERR  ] 2018-03-06T09:19:13.823152331Z: [    2.018413] scsi host4: ahci
[STDERR  ] 2018-03-06T09:19:13.823178239Z: [    2.021138] scsi host5: ahci
[STDERR  ] 2018-03-06T09:19:13.823219474Z: [    2.023776] ata1: SATA max UDMA/133 abar m4096@0xfebd2000 port 0xfebd2100 irq 24
[STDERR  ] 2018-03-06T09:19:13.823258530Z: [    2.030206] ata2: SATA max UDMA/133 abar m4096@0xfebd2000 port 0xfebd2180 irq 24
[STDERR  ] 2018-03-06T09:19:13.823289814Z: [    2.036466] ata3: SATA max UDMA/133 abar m4096@0xfebd2000 port 0xfebd2200 irq 24
[STDERR  ] 2018-03-06T09:19:13.823315825Z: [    2.042872] ata4: SATA max UDMA/133 abar m4096@0xfebd2000 port 0xfebd2280 irq 24
[STDERR  ] 2018-03-06T09:19:13.823343108Z: [    2.049112] ata5: SATA max UDMA/133 abar m4096@0xfebd2000 port 0xfebd2300 irq 24
[STDERR  ] 2018-03-06T09:19:13.823369317Z: [    2.055460] ata6: SATA max UDMA/133 abar m4096@0xfebd2000 port 0xfebd2380 irq 24
[STDERR  ] 2018-03-06T09:19:13.823393823Z: [    2.063799] tun: Universal TUN/TAP device driver, 1.6
[STDERR  ] 2018-03-06T09:19:13.823423126Z: [    2.072647] VMware vmxnet3 virtual NIC driver - version 1.4.a.0-k-NAPI
[STDERR  ] 2018-03-06T09:19:13.823450331Z: [    2.078320] hv_vmbus: registering driver hv_netvsc
[STDERR  ] 2018-03-06T09:19:13.823477616Z: [    2.082671] Fusion MPT base driver 3.04.20
[STDERR  ] 2018-03-06T09:19:13.823503740Z: [    2.086148] Copyright (c) 1999-2008 LSI Corporation
[STDERR  ] 2018-03-06T09:19:13.823530231Z: [    2.090419] Fusion MPT SPI Host driver 3.04.20
[STDERR  ] 2018-03-06T09:19:13.823560170Z: [    2.094528] i8042: PNP: PS/2 Controller [PNP0303:KBD,PNP0f13:MOU] at 0x60,0x64 irq 1,12
[STDERR  ] 2018-03-06T09:19:13.823585975Z: [    2.104650] serio: i8042 KBD port at 0x60,0x64 irq 1
[STDERR  ] 2018-03-06T09:19:13.823610790Z: [    2.108944] serio: i8042 AUX port at 0x60,0x64 irq 12
[STDERR  ] 2018-03-06T09:19:13.823636704Z: [    2.113464] hv_vmbus: registering driver hyperv_keyboard
[STDERR  ] 2018-03-06T09:19:13.823663020Z: [    2.118084] mousedev: PS/2 mouse device common for all mice
[STDERR  ] 2018-03-06T09:19:13.823688876Z: [    2.124268] input: AT Translated Set 2 keyboard as /devices/platform/i8042/serio0/input/input1
[STDERR  ] 2018-03-06T09:19:13.823716477Z: [    2.131701] input: PC Speaker as /devices/platform/pcspkr/input/input2
[STDERR  ] 2018-03-06T09:19:13.823741807Z: [    2.138147] rtc_cmos 00:00: RTC can wake from S4
[STDERR  ] 2018-03-06T09:19:13.823768564Z: [    2.143779] rtc_cmos 00:00: rtc core: registered rtc_cmos as rtc0
[STDERR  ] 2018-03-06T09:19:13.823794828Z: [    2.149855] rtc_cmos 00:00: alarms up to one day, y3k, 114 bytes nvram, hpet irqs
[STDERR  ] 2018-03-06T09:19:13.823824837Z: [    2.156444] i2c /dev entries driver
[STDERR  ] 2018-03-06T09:19:13.823850713Z: [    2.159529] device-mapper: ioctl: 4.37.0-ioctl (2017-09-20) initialised: dm-devel@redhat.com
[STDERR  ] 2018-03-06T09:19:13.823886478Z: [    2.167475] usbcore: registered new interface driver usbhid
[STDERR  ] 2018-03-06T09:19:13.823912428Z: [    2.172420] usbhid: USB HID core driver
[STDERR  ] 2018-03-06T09:19:13.823937950Z: [    2.175960] hv_utils: Registering HyperV Utility Driver
[STDERR  ] 2018-03-06T09:19:13.823963737Z: [    2.180509] hv_vmbus: registering driver hv_util
[STDERR  ] 2018-03-06T09:19:13.823989663Z: [    2.184432] hv_vmbus: registering driver hv_balloon
[STDERR  ] 2018-03-06T09:19:13.824015100Z: [    2.188595] oprofile: using NMI interrupt.
[STDERR  ] 2018-03-06T09:19:13.824041428Z: [    2.192313] GACT probability on
[STDERR  ] 2018-03-06T09:19:13.824067069Z: [    2.195058] Mirror/redirect action on
[STDERR  ] 2018-03-06T09:19:13.824090560Z: [    2.198322] Simple TC action Loaded
[STDERR  ] 2018-03-06T09:19:13.824119960Z: [    2.201400] u32 classifier
[STDERR  ] 2018-03-06T09:19:13.824146444Z: [    2.203859]     Performance counters on
[STDERR  ] 2018-03-06T09:19:13.824171299Z: [    2.207135]     input device check on
[STDERR  ] 2018-03-06T09:19:13.824196785Z: [    2.210341]     Actions configured
[STDERR  ] 2018-03-06T09:19:13.824221376Z: [    2.213222] Netfilter messages via NETLINK v0.30.
[STDERR  ] 2018-03-06T09:19:13.824246983Z: [    2.217231] nfnl_acct: registering with nfnetlink.
[STDERR  ] 2018-03-06T09:19:13.824282278Z: [    2.221489] nf_conntrack version 0.5.0 (8192 buckets, 32768 max)
[STDERR  ] 2018-03-06T09:19:13.824315931Z: [    2.226552] ctnetlink v0.93: registering with nfnetlink.
[STDERR  ] 2018-03-06T09:19:13.824343204Z: [    2.231198] nf_tables: (c) 2007-2009 Patrick McHardy <kaber@trash.net>
[STDERR  ] 2018-03-06T09:19:13.824367579Z: [    2.236692] nf_tables_compat: (c) 2012 Pablo Neira Ayuso <pablo@netfilter.org>
[STDERR  ] 2018-03-06T09:19:13.824395766Z: [    2.242911] xt_time: kernel timezone is -0000
[STDERR  ] 2018-03-06T09:19:13.824420124Z: [    2.246608] ip_set: protocol 6
[STDERR  ] 2018-03-06T09:19:13.824449396Z: [    2.249217] IPVS: Registered protocols (TCP, UDP, SCTP, AH, ESP)
[STDERR  ] 2018-03-06T09:19:13.824474198Z: [    2.254407] IPVS: Connection hash table configured (size=4096, memory=64Kbytes)
[STDERR  ] 2018-03-06T09:19:13.824500286Z: [    2.260724] IPVS: ipvs loaded.
[STDERR  ] 2018-03-06T09:19:13.824526269Z: [    2.263361] IPVS: [rr] scheduler registered.
[STDERR  ] 2018-03-06T09:19:13.824552366Z: [    2.266951] IPVS: [wrr] scheduler registered.
[STDERR  ] 2018-03-06T09:19:13.824577832Z: [    2.270703] IPVS: [lc] scheduler registered.
[STDERR  ] 2018-03-06T09:19:13.824602649Z: [    2.274287] IPVS: [wlc] scheduler registered.
[STDERR  ] 2018-03-06T09:19:13.824632627Z: [    2.277936] IPVS: [fo] scheduler registered.
[STDERR  ] 2018-03-06T09:19:13.824656281Z: [    2.282039] IPVS: [ovf] scheduler registered.
[STDERR  ] 2018-03-06T09:19:13.824679685Z: [    2.285844] IPVS: [lblc] scheduler registered.
[STDERR  ] 2018-03-06T09:19:13.824705371Z: [    2.289900] IPVS: [lblcr] scheduler registered.
[STDERR  ] 2018-03-06T09:19:13.824730572Z: [    2.293813] IPVS: [dh] scheduler registered.
[STDERR  ] 2018-03-06T09:19:13.824758277Z: [    2.297741] IPVS: [sh] scheduler registered.
[STDERR  ] 2018-03-06T09:19:13.824787715Z: [    2.301398] IPVS: [sed] scheduler registered.
[STDERR  ] 2018-03-06T09:19:13.824813035Z: [    2.305411] IPVS: [nq] scheduler registered.
[STDERR  ] 2018-03-06T09:19:13.824836836Z: [    2.309073] IPVS: ftp: loaded support on port[0] = 21
[STDERR  ] 2018-03-06T09:19:13.824862640Z: [    2.313799] ipip: IPv4 and MPLS over IPv4 tunneling driver
[STDERR  ] 2018-03-06T09:19:13.824890028Z: [    2.318570] gre: GRE over IPv4 demultiplexor driver
[STDERR  ] 2018-03-06T09:19:13.824914149Z: [    2.323078] ip_tables: (C) 2000-2006 Netfilter Core Team
[STDERR  ] 2018-03-06T09:19:13.824940231Z: [    2.327582] ipt_CLUSTERIP: ClusterIP Version 0.8 loaded successfully
[STDERR  ] 2018-03-06T09:19:13.824968738Z: [    2.333312] arp_tables: arp_tables: (C) 2002 David S. Miller
[STDERR  ] 2018-03-06T09:19:13.824997396Z: [    2.338102] NET: Registered protocol family 10
[STDERR  ] 2018-03-06T09:19:13.825022250Z: [    2.342574] Segment Routing with IPv6
[STDERR  ] 2018-03-06T09:19:13.825044539Z: [    2.345737] ip6_tables: (C) 2000-2006 Netfilter Core Team
[STDERR  ] 2018-03-06T09:19:13.825090660Z: [    2.351141] NET: Registered protocol family 17
[STDERR  ] 2018-03-06T09:19:13.825118656Z: [    2.354924] Bridge firewalling registered
[STDERR  ] 2018-03-06T09:19:13.825141884Z: [    2.358640] Ebtables v2.0 registered
[STDERR  ] 2018-03-06T09:19:13.825166760Z: [    2.361805] 8021q: 802.1Q VLAN Support v1.8
[STDERR  ] 2018-03-06T09:19:13.825190284Z: [    2.365626] 9pnet: Installing 9P2000 support
[STDERR  ] 2018-03-06T09:19:13.825214156Z: [    2.369246] Key type dns_resolver registered
[STDERR  ] 2018-03-06T09:19:13.825237756Z: [    2.373399] registered taskstats version 1
[STDERR  ] 2018-03-06T09:19:13.825267215Z: [    2.383770] Key type big_key registered
[STDERR  ] 2018-03-06T09:19:13.825290486Z: [    2.390633] Key type encrypted registered
[STDERR  ] 2018-03-06T09:19:13.825317140Z: [    2.394802] ata6: SATA link down (SStatus 0 SControl 300)
[STDERR  ] 2018-03-06T09:19:13.825341561Z: [    2.400276] ata5: SATA link down (SStatus 0 SControl 300)
[STDERR  ] 2018-03-06T09:19:13.825365141Z: [    2.405642] ata4: SATA link down (SStatus 0 SControl 300)
[STDERR  ] 2018-03-06T09:19:13.825389067Z: [    2.411200] ata3: SATA link up 1.5 Gbps (SStatus 113 SControl 300)
[STDERR  ] 2018-03-06T09:19:13.825416096Z: [    2.416897] ata3.00: ATAPI: QEMU DVD-ROM, 2.5+, max UDMA/100
[STDERR  ] 2018-03-06T09:19:13.825443767Z: [    2.421750] ata3.00: applying bridge limits
[STDERR  ] 2018-03-06T09:19:13.825474454Z: [    2.426071] ata2: SATA link down (SStatus 0 SControl 300)
[STDERR  ] 2018-03-06T09:19:13.825500139Z: [    2.431422] ata1: SATA link down (SStatus 0 SControl 300)
[STDERR  ] 2018-03-06T09:19:13.825524157Z: [    2.438009] rtc_cmos 00:00: setting system clock to 2018-03-06 09:19:08 UTC (1520327948)
[STDERR  ] 2018-03-06T09:19:13.825548739Z: [    2.446788] ata3.00: configured for UDMA/100
[STDERR  ] 2018-03-06T09:19:13.825571641Z: [    2.451406] scsi 2:0:0:0: CD-ROM            QEMU     QEMU DVD-ROM     2.5+ PQ: 0 ANSI: 5
[STDERR  ] 2018-03-06T09:19:13.825595087Z: [    2.501064] sr 2:0:0:0: [sr0] scsi3-mmc drive: 4x/4x cd/rw xa/form2 tray
[STDERR  ] 2018-03-06T09:19:13.825618550Z: [    2.506871] cdrom: Uniform CD-ROM driver Revision: 3.20
[STDERR  ] 2018-03-06T09:19:13.825641696Z: [    2.511976] sr 2:0:0:0: Attached scsi generic sg0 type 5
[STDERR  ] 2018-03-06T09:19:13.825664616Z: [    2.519824] Freeing unused kernel memory: 1508K
[STDERR  ] 2018-03-06T09:19:13.825687420Z: [    2.523946] Write protecting the kernel read-only data: 18432k
[STDERR  ] 2018-03-06T09:19:13.825710384Z: [    2.529699] Freeing unused kernel memory: 2024K
[STDERR  ] 2018-03-06T09:19:13.825732314Z: [    2.536684] Freeing unused kernel memory: 1112K
[STDERR  ] 2018-03-06T09:19:13.825756173Z: 
[STDERR  ] 2018-03-06T09:19:13.825779588Z: Welcome to LinuxKit
[STDERR  ] 2018-03-06T09:19:13.825803517Z: 
[STDERR  ] 2018-03-06T09:19:13.825842864Z:                         ##         .
[STDERR  ] 2018-03-06T09:19:13.825869164Z:                   ## ## ##        ==
[STDERR  ] 2018-03-06T09:19:13.825897347Z:                ## ## ## ## ##    ===
[STDERR  ] 2018-03-06T09:19:13.825918792Z:            /"""""""""""""""""\___/ ===
[STDERR  ] 2018-03-06T09:19:13.825941014Z:           {                       /  ===-
[STDERR  ] 2018-03-06T09:19:13.825965951Z:            \______ O           __/
[STDERR  ] 2018-03-06T09:19:13.825990249Z:              \    \         __/
[STDERR  ] 2018-03-06T09:19:13.826011002Z:               \____\_______/
[STDERR  ] 2018-03-06T09:19:13.826036710Z: 
[STDERR  ] 2018-03-06T09:19:13.826060308Z: [    2.905883] hello_world: loading out-of-tree module taints kernel.
[STDERR  ] 2018-03-06T09:19:13.826083802Z: [    2.912074] Hello LinuxKit
[STDERR  ] 2018-03-06T09:19:13.826105975Z: [    2.918853] Goodbye LinuxKit.
[STDERR  ] 2018-03-06T09:19:13.826134328Z: Linux linuxkit-8a8908b10011 4.15.7-linuxkit #1 SMP Wed Feb 28 11:06:14 UTC 2018 x86_64 Linux
[STDERR  ] 2018-03-06T09:19:13.826160823Z: filename:       hello_world.ko
[STDERR  ] 2018-03-06T09:19:13.826182812Z: author:         Rolf Neugebauer <rolf.neugebauer@docker.com>
[STDERR  ] 2018-03-06T09:19:13.826206249Z: description:    A simple Hello World kernel module for testing
[STDERR  ] 2018-03-06T09:19:13.826230349Z: license:        GPL
[STDERR  ] 2018-03-06T09:19:13.826262778Z: depends:        
[STDERR  ] 2018-03-06T09:19:13.826287317Z: vermagic:       4.15.7-linuxkit SMP mod_unload modversions RANDSTRUCT_PLUGIN_4fdebada85ecc9f5c81af1ea7a7554d317d3161e056c0f7f1e39e20cf263146d
[STDERR  ] 2018-03-06T09:19:13.826313463Z: Kernel module test suite PASSED
[STDERR  ] 2018-03-06T09:19:13.826345179Z: [    5.997387] ACPI: Preparing to enter system sleep state S5
[STDERR  ] 2018-03-06T09:19:13.826372555Z: [    6.003436] reboot: Power down
[STDERR  ] 2018-03-06T09:19:13.826396773Z: + exit 0
[STDERR  ] 2018-03-06T09:19:13.826422904Z: + clean_up
[STDERR  ] 2018-03-06T09:19:13.826444183Z: + docker rmi kmod-test
[STDOUT  ] 2018-03-06T09:19:13.901158465Z: Untagged: kmod-test:latest
[STDOUT  ] 2018-03-06T09:19:13.901206103Z: Deleted: sha256:3a8357f8668fdf58e4723b2d44fe448e4c024387512ddbc210e9213d772a4e0c
[STDOUT  ] 2018-03-06T09:19:13.901214111Z: Deleted: sha256:1667f4d13670a8397658b62aa2cf99a31ff2ad1b01122231e0b4bb775daeb27e
[STDOUT  ] 2018-03-06T09:19:13.901220502Z: Deleted: sha256:414aa51f11bcc225451a061b672f35d1dd9c341d1cb03aee85c4d01e284ff4ad
[STDOUT  ] 2018-03-06T09:19:13.901239445Z: Deleted: sha256:3e59999b175dc0890e28fc5bed71bc2654863759d19c67b830ae887c5835ad4a
[STDOUT  ] 2018-03-06T09:19:13.901249856Z: Deleted: sha256:76735b1932bba88a5cef9922aa3a3d6ed69093554bd7afcaf811762429c3759f
[STDERR  ] 2018-03-06T09:19:13.902161669Z: + rm -rf kmod-cmdline kmod-initrd.img kmod-kernel kmod-state
[PASS    ] linuxkit.kernel.kmod_4.15.x 34.64s
