[INFO    ] 2018-03-06T08:15:10.255109060Z: Running Test linuxkit.packages.format_mount.multiple in /tmp/build/test/cases/040_packages/006_format_mount/010_multiple
[INFO    ] 2018-03-06T08:15:10.255292032Z: Running command: [/bin/sh -x /tmp/build/test/cases/040_packages/006_format_mount/010_multiple/test.sh]
[STDERR  ] 2018-03-06T08:15:10.297685015Z: + set -e
[STDERR  ] 2018-03-06T08:15:10.297789398Z: + . /tmp/build/test/cases/_lib/lib.sh
[STDERR  ] 2018-03-06T08:15:10.297808051Z: + [ -f src/github.com/linuxkit/rtf/lib/lib.sh ]
[STDERR  ] 2018-03-06T08:15:10.297822667Z: + LINUXKIT_TMPDIR=/tmp/build/test/cases/_tmp
[STDERR  ] 2018-03-06T08:15:10.297837371Z: + [ -f /tmp/build/test/cases/_tmp/env.sh ]
[STDERR  ] 2018-03-06T08:15:10.297851954Z: + . /tmp/build/test/cases/_tmp/env.sh
[STDERR  ] 2018-03-06T08:15:10.297878535Z: + export LINUXKIT_EXAMPLES_DIR=/tmp/build/test/cases/../../examples
[STDERR  ] 2018-03-06T08:15:10.297892520Z: + RT_CANCEL=253
[STDERR  ] 2018-03-06T08:15:10.297904433Z: + NAME=test-format
[STDERR  ] 2018-03-06T08:15:10.297917128Z: + DISK1=disk1.img
[STDERR  ] 2018-03-06T08:15:10.297930590Z: + DISK2=disk2.img
[STDERR  ] 2018-03-06T08:15:10.297944351Z: + trap clean_up EXIT
[STDERR  ] 2018-03-06T08:15:10.297960115Z: + linuxkit build -format kernel+initrd -name test-format test.yml
[STDERR  ] 2018-03-06T08:15:10.332622238Z: Extract kernel image: linuxkit/kernel:4.14.23
[STDERR  ] 2018-03-06T08:15:11.610116899Z: time="2018-03-06T08:15:11Z" level=warning msg="certificate with CN Ian Campbell is near expiry"
[STDERR  ] 2018-03-06T08:15:11.610376760Z: time="2018-03-06T08:15:11Z" level=warning msg="certificate with CN Justin Cormack is near expiry"
[STDERR  ] 2018-03-06T08:15:11.610397108Z: time="2018-03-06T08:15:11Z" level=warning msg="certificate with CN  is near expiry"
[STDERR  ] 2018-03-06T08:15:11.610411050Z: time="2018-03-06T08:15:11Z" level=warning msg="certificate with CN  is near expiry"
[STDERR  ] 2018-03-06T08:15:11.610459866Z: time="2018-03-06T08:15:11Z" level=warning msg="certificate with CN avi@atomicinc.com is near expiry"
[STDERR  ] 2018-03-06T08:15:11.672927389Z: time="2018-03-06T08:15:11Z" level=warning msg="certificate with CN Justin Cormack is near expiry"
[STDERR  ] 2018-03-06T08:15:12.114481850Z: Add init containers:
[STDERR  ] 2018-03-06T08:15:12.114552857Z: Process init image: linuxkit/init:b212cfeb4bb6330e0a7547d8010fe2e8489b677a
[STDERR  ] 2018-03-06T08:15:13.166693235Z: time="2018-03-06T08:15:13Z" level=warning msg="certificate with CN  is near expiry"
[STDERR  ] 2018-03-06T08:15:13.166780138Z: time="2018-03-06T08:15:13Z" level=warning msg="certificate with CN avi@atomicinc.com is near expiry"
[STDERR  ] 2018-03-06T08:15:13.166813028Z: time="2018-03-06T08:15:13Z" level=warning msg="certificate with CN Ian Campbell is near expiry"
[STDERR  ] 2018-03-06T08:15:13.166972733Z: time="2018-03-06T08:15:13Z" level=warning msg="certificate with CN Justin Cormack is near expiry"
[STDERR  ] 2018-03-06T08:15:13.167051909Z: time="2018-03-06T08:15:13Z" level=warning msg="certificate with CN  is near expiry"
[STDERR  ] 2018-03-06T08:15:13.172550004Z: time="2018-03-06T08:15:13Z" level=warning msg="certificate with CN Justin Cormack is near expiry"
[STDERR  ] 2018-03-06T08:15:13.175300978Z: time="2018-03-06T08:15:13Z" level=warning msg="certificate with CN  is near expiry"
[STDERR  ] 2018-03-06T08:15:13.175384714Z: time="2018-03-06T08:15:13Z" level=warning msg="certificate with CN Ian Campbell is near expiry"
[STDERR  ] 2018-03-06T08:15:13.177399338Z: time="2018-03-06T08:15:13Z" level=warning msg="certificate with CN  is near expiry"
[STDERR  ] 2018-03-06T08:15:13.177465337Z: time="2018-03-06T08:15:13Z" level=warning msg="certificate with CN avi@atomicinc.com is near expiry"
[STDERR  ] 2018-03-06T08:15:13.381802958Z: Process init image: linuxkit/runc:7c39a68490a12cde830e1922f171c451fb08e731
[STDERR  ] 2018-03-06T08:15:14.410788585Z: time="2018-03-06T08:15:14Z" level=warning msg="certificate with CN Justin Cormack is near expiry"
[STDERR  ] 2018-03-06T08:15:14.410909901Z: time="2018-03-06T08:15:14Z" level=warning msg="certificate with CN  is near expiry"
[STDERR  ] 2018-03-06T08:15:14.411115084Z: time="2018-03-06T08:15:14Z" level=warning msg="certificate with CN  is near expiry"
[STDERR  ] 2018-03-06T08:15:14.411260152Z: time="2018-03-06T08:15:14Z" level=warning msg="certificate with CN avi@atomicinc.com is near expiry"
[STDERR  ] 2018-03-06T08:15:14.411424174Z: time="2018-03-06T08:15:14Z" level=warning msg="certificate with CN Ian Campbell is near expiry"
[STDERR  ] 2018-03-06T08:15:14.414321739Z: time="2018-03-06T08:15:14Z" level=warning msg="certificate with CN Justin Cormack is near expiry"
[STDERR  ] 2018-03-06T08:15:14.415723938Z: time="2018-03-06T08:15:14Z" level=warning msg="certificate with CN Ian Campbell is near expiry"
[STDERR  ] 2018-03-06T08:15:14.415773468Z: time="2018-03-06T08:15:14Z" level=warning msg="certificate with CN  is near expiry"
[STDERR  ] 2018-03-06T08:15:14.610679783Z: Add onboot containers:
[STDERR  ] 2018-03-06T08:15:14.610740097Z:   Create OCI config for linuxkit/format:v0.2
[STDERR  ] 2018-03-06T08:15:15.672877513Z: time="2018-03-06T08:15:15Z" level=warning msg="certificate with CN Justin Cormack is near expiry"
[STDERR  ] 2018-03-06T08:15:15.673129321Z: time="2018-03-06T08:15:15Z" level=warning msg="certificate with CN Rolf Neugebauer is near expiry"
[STDERR  ] 2018-03-06T08:15:15.673220089Z: time="2018-03-06T08:15:15Z" level=warning msg="certificate with CN  is near expiry"
[STDERR  ] 2018-03-06T08:15:15.673324285Z: time="2018-03-06T08:15:15Z" level=warning msg="certificate with CN  is near expiry"
[STDERR  ] 2018-03-06T08:15:15.673451498Z: time="2018-03-06T08:15:15Z" level=warning msg="certificate with CN avi@atomicinc.com is near expiry"
[STDERR  ] 2018-03-06T08:15:15.673530289Z: time="2018-03-06T08:15:15Z" level=warning msg="certificate with CN Ian Campbell is near expiry"
[STDERR  ] 2018-03-06T08:15:15.675158460Z: time="2018-03-06T08:15:15Z" level=warning msg="certificate with CN Justin Cormack is near expiry"
[STDERR  ] 2018-03-06T08:15:15.676336718Z: time="2018-03-06T08:15:15Z" level=warning msg="certificate with CN Rolf Neugebauer is near expiry"
[STDERR  ] 2018-03-06T08:15:15.677504202Z: time="2018-03-06T08:15:15Z" level=warning msg="certificate with CN Ian Campbell is near expiry"
[STDERR  ] 2018-03-06T08:15:15.677550278Z: time="2018-03-06T08:15:15Z" level=warning msg="certificate with CN  is near expiry"
[STDERR  ] 2018-03-06T08:15:16.055374560Z:   Create OCI config for linuxkit/format:v0.2
[STDERR  ] 2018-03-06T08:15:17.093967571Z: time="2018-03-06T08:15:17Z" level=warning msg="certificate with CN Ian Campbell is near expiry"
[STDERR  ] 2018-03-06T08:15:17.094289903Z: time="2018-03-06T08:15:17Z" level=warning msg="certificate with CN Justin Cormack is near expiry"
[STDERR  ] 2018-03-06T08:15:17.094322657Z: time="2018-03-06T08:15:17Z" level=warning msg="certificate with CN Rolf Neugebauer is near expiry"
[STDERR  ] 2018-03-06T08:15:17.094375008Z: time="2018-03-06T08:15:17Z" level=warning msg="certificate with CN  is near expiry"
[STDERR  ] 2018-03-06T08:15:17.094525668Z: time="2018-03-06T08:15:17Z" level=warning msg="certificate with CN  is near expiry"
[STDERR  ] 2018-03-06T08:15:17.094674260Z: time="2018-03-06T08:15:17Z" level=warning msg="certificate with CN avi@atomicinc.com is near expiry"
[STDERR  ] 2018-03-06T08:15:17.097688001Z: time="2018-03-06T08:15:17Z" level=warning msg="certificate with CN Justin Cormack is near expiry"
[STDERR  ] 2018-03-06T08:15:17.100150245Z: time="2018-03-06T08:15:17Z" level=warning msg="certificate with CN Rolf Neugebauer is near expiry"
[STDERR  ] 2018-03-06T08:15:17.103354567Z: time="2018-03-06T08:15:17Z" level=warning msg="certificate with CN  is near expiry"
[STDERR  ] 2018-03-06T08:15:17.103564348Z: time="2018-03-06T08:15:17Z" level=warning msg="certificate with CN Ian Campbell is near expiry"
[STDERR  ] 2018-03-06T08:15:17.507063155Z:   Create OCI config for linuxkit/mount:v0.2
[STDERR  ] 2018-03-06T08:15:18.551386873Z: time="2018-03-06T08:15:18Z" level=warning msg="certificate with CN Rolf Neugebauer is near expiry"
[STDERR  ] 2018-03-06T08:15:18.551713332Z: time="2018-03-06T08:15:18Z" level=warning msg="certificate with CN  is near expiry"
[STDERR  ] 2018-03-06T08:15:18.551886278Z: time="2018-03-06T08:15:18Z" level=warning msg="certificate with CN  is near expiry"
[STDERR  ] 2018-03-06T08:15:18.552040844Z: time="2018-03-06T08:15:18Z" level=warning msg="certificate with CN avi@atomicinc.com is near expiry"
[STDERR  ] 2018-03-06T08:15:18.552202399Z: time="2018-03-06T08:15:18Z" level=warning msg="certificate with CN Ian Campbell is near expiry"
[STDERR  ] 2018-03-06T08:15:18.552364739Z: time="2018-03-06T08:15:18Z" level=warning msg="certificate with CN Justin Cormack is near expiry"
[STDERR  ] 2018-03-06T08:15:18.555722773Z: time="2018-03-06T08:15:18Z" level=warning msg="certificate with CN Justin Cormack is near expiry"
[STDERR  ] 2018-03-06T08:15:18.557074598Z: time="2018-03-06T08:15:18Z" level=warning msg="certificate with CN Rolf Neugebauer is near expiry"
[STDERR  ] 2018-03-06T08:15:18.557924930Z: time="2018-03-06T08:15:18Z" level=warning msg="certificate with CN  is near expiry"
[STDERR  ] 2018-03-06T08:15:18.557976519Z: time="2018-03-06T08:15:18Z" level=warning msg="certificate with CN Ian Campbell is near expiry"
[STDERR  ] 2018-03-06T08:15:18.936186053Z:   Create OCI config for linuxkit/mount:v0.2
[STDERR  ] 2018-03-06T08:15:19.978871470Z: time="2018-03-06T08:15:19Z" level=warning msg="certificate with CN  is near expiry"
[STDERR  ] 2018-03-06T08:15:19.978939800Z: time="2018-03-06T08:15:19Z" level=warning msg="certificate with CN avi@atomicinc.com is near expiry"
[STDERR  ] 2018-03-06T08:15:19.979257285Z: time="2018-03-06T08:15:19Z" level=warning msg="certificate with CN Ian Campbell is near expiry"
[STDERR  ] 2018-03-06T08:15:19.980047157Z: time="2018-03-06T08:15:19Z" level=warning msg="certificate with CN Justin Cormack is near expiry"
[STDERR  ] 2018-03-06T08:15:19.980220643Z: time="2018-03-06T08:15:19Z" level=warning msg="certificate with CN Rolf Neugebauer is near expiry"
[STDERR  ] 2018-03-06T08:15:19.980272476Z: time="2018-03-06T08:15:19Z" level=warning msg="certificate with CN  is near expiry"
[STDERR  ] 2018-03-06T08:15:19.981930047Z: time="2018-03-06T08:15:19Z" level=warning msg="certificate with CN Justin Cormack is near expiry"
[STDERR  ] 2018-03-06T08:15:19.982950172Z: time="2018-03-06T08:15:19Z" level=warning msg="certificate with CN Rolf Neugebauer is near expiry"
[STDERR  ] 2018-03-06T08:15:19.983720765Z: time="2018-03-06T08:15:19Z" level=warning msg="certificate with CN  is near expiry"
[STDERR  ] 2018-03-06T08:15:19.983801925Z: time="2018-03-06T08:15:19Z" level=warning msg="certificate with CN Ian Campbell is near expiry"
[STDERR  ] 2018-03-06T08:15:20.362510371Z:   Create OCI config for alpine:3.7
[STDERR  ] 2018-03-06T08:15:21.662006378Z:   Create OCI config for linuxkit/poweroff:f9a0a5e52fd2a97908bda33db2afffafe4a6a67d
[STDERR  ] 2018-03-06T08:15:22.700356874Z: time="2018-03-06T08:15:22Z" level=warning msg="certificate with CN Justin Cormack is near expiry"
[STDERR  ] 2018-03-06T08:15:22.700563276Z: time="2018-03-06T08:15:22Z" level=warning msg="certificate with CN Rolf Neugebauer is near expiry"
[STDERR  ] 2018-03-06T08:15:22.700577776Z: time="2018-03-06T08:15:22Z" level=warning msg="certificate with CN  is near expiry"
[STDERR  ] 2018-03-06T08:15:22.700630727Z: time="2018-03-06T08:15:22Z" level=warning msg="certificate with CN  is near expiry"
[STDERR  ] 2018-03-06T08:15:22.700732569Z: time="2018-03-06T08:15:22Z" level=warning msg="certificate with CN avi@atomicinc.com is near expiry"
[STDERR  ] 2018-03-06T08:15:22.701128562Z: time="2018-03-06T08:15:22Z" level=warning msg="certificate with CN Ian Campbell is near expiry"
[STDERR  ] 2018-03-06T08:15:22.704168048Z: time="2018-03-06T08:15:22Z" level=warning msg="certificate with CN Rolf Neugebauer is near expiry"
[STDERR  ] 2018-03-06T08:15:22.705495749Z: time="2018-03-06T08:15:22Z" level=warning msg="certificate with CN  is near expiry"
[STDERR  ] 2018-03-06T08:15:22.705614979Z: time="2018-03-06T08:15:22Z" level=warning msg="certificate with CN Ian Campbell is near expiry"
[STDERR  ] 2018-03-06T08:15:22.892369085Z: Add files:
[STDERR  ] 2018-03-06T08:15:22.892441829Z:   check.sh
[STDERR  ] 2018-03-06T08:15:22.923905869Z: Create outputs:
[STDERR  ] 2018-03-06T08:15:31.305710387Z:   test-format-kernel test-format-initrd.img test-format-cmdline
[STDERR  ] 2018-03-06T08:15:31.397817505Z: + linuxkit run -disk file=disk1.img,size=512M -disk file=disk2.img,size=512M test-format
[STDERR  ] 2018-03-06T08:15:31.427569236Z: Unable to find qemu-system-x86_64 within the $PATH. Using a container
[STDERR  ] 2018-03-06T08:15:53.733221350Z: + RESULT=[    0.000000] Linux version 4.14.23-linuxkit (root@e0a6c0f2f7a4) (gcc version 6.4.0 (Alpine 6.4.0)) #1 SMP Wed Feb 28 11:15:17 UTC 2018
[STDERR  ] 2018-03-06T08:15:53.733295997Z: [    0.000000] Command line: console=ttyS0 console=ttyAMA0
[STDERR  ] 2018-03-06T08:15:53.733307278Z: [    0.000000] x86/fpu: x87 FPU will use FXSAVE
[STDERR  ] 2018-03-06T08:15:53.733317416Z: [    0.000000] e820: BIOS-provided physical RAM map:
[STDERR  ] 2018-03-06T08:15:53.733327811Z: [    0.000000] BIOS-e820: [mem 0x0000000000000000-0x000000000009fbff] usable
[STDERR  ] 2018-03-06T08:15:53.733338410Z: [    0.000000] BIOS-e820: [mem 0x000000000009fc00-0x000000000009ffff] reserved
[STDERR  ] 2018-03-06T08:15:53.733348336Z: [    0.000000] BIOS-e820: [mem 0x00000000000f0000-0x00000000000fffff] reserved
[STDERR  ] 2018-03-06T08:15:53.733357199Z: [    0.000000] BIOS-e820: [mem 0x0000000000100000-0x000000003ffddfff] usable
[STDERR  ] 2018-03-06T08:15:53.733366242Z: [    0.000000] BIOS-e820: [mem 0x000000003ffde000-0x000000003fffffff] reserved
[STDERR  ] 2018-03-06T08:15:53.733375069Z: [    0.000000] BIOS-e820: [mem 0x00000000b0000000-0x00000000bfffffff] reserved
[STDERR  ] 2018-03-06T08:15:53.733383603Z: [    0.000000] BIOS-e820: [mem 0x00000000fed1c000-0x00000000fed1ffff] reserved
[STDERR  ] 2018-03-06T08:15:53.733391868Z: [    0.000000] BIOS-e820: [mem 0x00000000feffc000-0x00000000feffffff] reserved
[STDERR  ] 2018-03-06T08:15:53.733400057Z: [    0.000000] BIOS-e820: [mem 0x00000000fffc0000-0x00000000ffffffff] reserved
[STDERR  ] 2018-03-06T08:15:53.733410857Z: [    0.000000] NX (Execute Disable) protection: active
[STDERR  ] 2018-03-06T08:15:53.733419796Z: [    0.000000] random: fast init done
[STDERR  ] 2018-03-06T08:15:53.733427790Z: [    0.000000] SMBIOS 2.8 present.
[STDERR  ] 2018-03-06T08:15:53.733452847Z: [    0.000000] DMI: QEMU Standard PC (Q35 + ICH9, 2009), BIOS rel-1.10.2-0-g5f4c7b1-prebuilt.qemu-project.org 04/01/2014
[STDERR  ] 2018-03-06T08:15:53.733464052Z: [    0.000000] Hypervisor detected: KVM
[STDERR  ] 2018-03-06T08:15:53.733473747Z: [    0.000000] tsc: Fast TSC calibration failed
[STDERR  ] 2018-03-06T08:15:53.733482423Z: [    0.000000] tsc: Unable to calibrate against PIT
[STDERR  ] 2018-03-06T08:15:53.733490342Z: [    0.000000] tsc: No reference (HPET/PMTIMER) available
[STDERR  ] 2018-03-06T08:15:53.733499067Z: [    0.000000] e820: last_pfn = 0x3ffde max_arch_pfn = 0x400000000
[STDERR  ] 2018-03-06T08:15:53.733507287Z: [    0.000000] x86/PAT: PAT not supported by CPU.
[STDERR  ] 2018-03-06T08:15:53.733515494Z: [    0.000000] x86/PAT: Configuration [0-7]: WB  WT  UC- UC  WB  WT  UC- UC  
[STDERR  ] 2018-03-06T08:15:53.733524485Z: [    0.000000] found SMP MP-table at [mem 0x000f6aa0-0x000f6aaf] mapped at [ffffffffff200aa0]
[STDERR  ] 2018-03-06T08:15:53.733533622Z: [    0.000000] RAMDISK: [mem 0x3d6b8000-0x3ffcffff]
[STDERR  ] 2018-03-06T08:15:53.733542086Z: [    0.000000] ACPI: Early table checksum verification disabled
[STDERR  ] 2018-03-06T08:15:53.733550611Z: [    0.000000] ACPI: RSDP 0x00000000000F68B0 000014 (v00 BOCHS )
[STDERR  ] 2018-03-06T08:15:53.733574891Z: [    0.000000] ACPI: RSDT 0x000000003FFE20A8 000034 (v01 BOCHS  BXPCRSDT 00000001 BXPC 00000001)
[STDERR  ] 2018-03-06T08:15:53.733585217Z: [    0.000000] ACPI: FACP 0x000000003FFE1EC8 0000F4 (v03 BOCHS  BXPCFACP 00000001 BXPC 00000001)
[STDERR  ] 2018-03-06T08:15:53.733596013Z: [    0.000000] ACPI: DSDT 0x000000003FFE0040 001E88 (v01 BOCHS  BXPCDSDT 00000001 BXPC 00000001)
[STDERR  ] 2018-03-06T08:15:53.733604677Z: [    0.000000] ACPI: FACS 0x000000003FFE0000 000040
[STDERR  ] 2018-03-06T08:15:53.733623345Z: [    0.000000] ACPI: APIC 0x000000003FFE1FBC 000078 (v01 BOCHS  BXPCAPIC 00000001 BXPC 00000001)
[STDERR  ] 2018-03-06T08:15:53.733631717Z: [    0.000000] ACPI: HPET 0x000000003FFE2034 000038 (v01 BOCHS  BXPCHPET 00000001 BXPC 00000001)
[STDERR  ] 2018-03-06T08:15:53.733639682Z: [    0.000000] ACPI: MCFG 0x000000003FFE206C 00003C (v01 BOCHS  BXPCMCFG 00000001 BXPC 00000001)
[STDERR  ] 2018-03-06T08:15:53.733648734Z: [    0.000000] kvm-clock: Using msrs 4b564d01 and 4b564d00
[STDERR  ] 2018-03-06T08:15:53.733657928Z: [    0.000000] kvm-clock: cpu 0, msr 0:3ffdc001, primary cpu clock
[STDERR  ] 2018-03-06T08:15:53.733666045Z: [    0.000000] clocksource: kvm-clock: mask: 0xffffffffffffffff max_cycles: 0x1cd42e4dffb, max_idle_ns: 881590591483 ns
[STDERR  ] 2018-03-06T08:15:53.733673905Z: [    0.000000] Zone ranges:
[STDERR  ] 2018-03-06T08:15:53.733682962Z: [    0.000000]   DMA      [mem 0x0000000000001000-0x0000000000ffffff]
[STDERR  ] 2018-03-06T08:15:53.733694854Z: [    0.000000]   DMA32    [mem 0x0000000001000000-0x000000003ffddfff]
[STDERR  ] 2018-03-06T08:15:53.733706131Z: [    0.000000]   Normal   empty
[STDERR  ] 2018-03-06T08:15:53.733718246Z: [    0.000000]   Device   empty
[STDERR  ] 2018-03-06T08:15:53.733730882Z: [    0.000000] Movable zone start for each node
[STDERR  ] 2018-03-06T08:15:53.733743925Z: [    0.000000] Early memory node ranges
[STDERR  ] 2018-03-06T08:15:53.733756002Z: [    0.000000]   node   0: [mem 0x0000000000001000-0x000000000009efff]
[STDERR  ] 2018-03-06T08:15:53.733766941Z: [    0.000000]   node   0: [mem 0x0000000000100000-0x000000003ffddfff]
[STDERR  ] 2018-03-06T08:15:53.733775399Z: [    0.000000] Initmem setup node 0 [mem 0x0000000000001000-0x000000003ffddfff]
[STDERR  ] 2018-03-06T08:15:53.733783726Z: [    0.000000] ACPI: PM-Timer IO Port: 0x608
[STDERR  ] 2018-03-06T08:15:53.733792364Z: [    0.000000] ACPI: LAPIC_NMI (acpi_id[0xff] dfl dfl lint[0x1])
[STDERR  ] 2018-03-06T08:15:53.733801144Z: [    0.000000] IOAPIC[0]: apic_id 0, version 17, address 0xfec00000, GSI 0-23
[STDERR  ] 2018-03-06T08:15:53.733809100Z: [    0.000000] ACPI: INT_SRC_OVR (bus 0 bus_irq 0 global_irq 2 dfl dfl)
[STDERR  ] 2018-03-06T08:15:53.733817555Z: [    0.000000] ACPI: INT_SRC_OVR (bus 0 bus_irq 5 global_irq 5 high level)
[STDERR  ] 2018-03-06T08:15:53.733830527Z: [    0.000000] ACPI: INT_SRC_OVR (bus 0 bus_irq 9 global_irq 9 high level)
[STDERR  ] 2018-03-06T08:15:53.733838316Z: [    0.000000] ACPI: INT_SRC_OVR (bus 0 bus_irq 10 global_irq 10 high level)
[STDERR  ] 2018-03-06T08:15:53.733845729Z: [    0.000000] ACPI: INT_SRC_OVR (bus 0 bus_irq 11 global_irq 11 high level)
[STDERR  ] 2018-03-06T08:15:53.733854034Z: [    0.000000] Using ACPI (MADT) for SMP configuration information
[STDERR  ] 2018-03-06T08:15:53.733881844Z: [    0.000000] ACPI: HPET id: 0x8086a201 base: 0xfed00000
[STDERR  ] 2018-03-06T08:15:53.733894930Z: [    0.000000] smpboot: Allowing 1 CPUs, 0 hotplug CPUs
[STDERR  ] 2018-03-06T08:15:53.733907383Z: [    0.000000] e820: [mem 0x40000000-0xafffffff] available for PCI devices
[STDERR  ] 2018-03-06T08:15:53.733919029Z: [    0.000000] Booting paravirtualized kernel on KVM
[STDERR  ] 2018-03-06T08:15:53.733930587Z: [    0.000000] clocksource: refined-jiffies: mask: 0xffffffff max_cycles: 0xffffffff, max_idle_ns: 19112604462750000 ns
[STDERR  ] 2018-03-06T08:15:53.733942740Z: [    0.000000] setup_percpu: NR_CPUS:128 nr_cpumask_bits:128 nr_cpu_ids:1 nr_node_ids:1
[STDERR  ] 2018-03-06T08:15:53.733954505Z: [    0.000000] percpu: Embedded 44 pages/cpu @ffff967dfd400000 s143128 r8192 d28904 u2097152
[STDERR  ] 2018-03-06T08:15:53.733963554Z: [    0.000000] KVM setup async PF for cpu 0
[STDERR  ] 2018-03-06T08:15:53.733972465Z: [    0.000000] kvm-stealtime: cpu 0, msr 3d415f00
[STDERR  ] 2018-03-06T08:15:53.733982870Z: [    0.000000] Built 1 zonelists, mobility grouping on.  Total pages: 257895
[STDERR  ] 2018-03-06T08:15:53.733994036Z: [    0.000000] Kernel command line: console=ttyS0 console=ttyAMA0
[STDERR  ] 2018-03-06T08:15:53.734011600Z: [    0.000000] PID hash table entries: 4096 (order: 3, 32768 bytes)
[STDERR  ] 2018-03-06T08:15:53.734031806Z: [    0.000000] Dentry cache hash table entries: 131072 (order: 8, 1048576 bytes)
[STDERR  ] 2018-03-06T08:15:53.734044235Z: [    0.000000] Inode-cache hash table entries: 65536 (order: 7, 524288 bytes)
[STDERR  ] 2018-03-06T08:15:53.734057136Z: [    0.000000] Memory: 962744K/1048048K available (12300K kernel code, 1460K rwdata, 2956K rodata, 1504K init, 628K bss, 85304K reserved, 0K cma-reserved)
[STDERR  ] 2018-03-06T08:15:53.734074815Z: [    0.000000] Kernel/User page tables isolation: enabled
[STDERR  ] 2018-03-06T08:15:53.734085098Z: [    0.000000] ftrace: allocating 40632 entries in 159 pages
[STDERR  ] 2018-03-06T08:15:53.734093454Z: [    0.010000] Hierarchical RCU implementation.
[STDERR  ] 2018-03-06T08:15:53.734102179Z: [    0.010000] 	RCU restricting CPUs from NR_CPUS=128 to nr_cpu_ids=1.
[STDERR  ] 2018-03-06T08:15:53.734110677Z: [    0.010000] RCU: Adjusting geometry for rcu_fanout_leaf=16, nr_cpu_ids=1
[STDERR  ] 2018-03-06T08:15:53.734118735Z: [    0.010000] NR_IRQS: 8448, nr_irqs: 256, preallocated irqs: 16
[STDERR  ] 2018-03-06T08:15:53.734127185Z: [    0.010000] Console: colour VGA+ 80x25
[STDERR  ] 2018-03-06T08:15:53.734134827Z: [    0.010000] console [ttyS0] enabled
[STDERR  ] 2018-03-06T08:15:53.734142491Z: [    0.010000] clocksource: hpet: mask: 0xffffffff max_cycles: 0xffffffff, max_idle_ns: 19112604467 ns
[STDERR  ] 2018-03-06T08:15:53.734151130Z: [    0.010039] tsc: Detected 2299.928 MHz processor
[STDERR  ] 2018-03-06T08:15:53.734158658Z: [    0.014103] Calibrating delay loop (skipped) preset value.. 4599.85 BogoMIPS (lpj=22999280)
[STDERR  ] 2018-03-06T08:15:53.734166599Z: [    0.020027] pid_max: default: 32768 minimum: 301
[STDERR  ] 2018-03-06T08:15:53.734174803Z: [    0.025116] ACPI: Core revision 20170728
[STDERR  ] 2018-03-06T08:15:53.734183184Z: [    0.030652] ACPI: 1 ACPI AML tables successfully acquired and loaded
[STDERR  ] 2018-03-06T08:15:53.734191773Z: [    0.035332] Security Framework initialized
[STDERR  ] 2018-03-06T08:15:53.734199110Z: [    0.039114] Yama: becoming mindful.
[STDERR  ] 2018-03-06T08:15:53.734206648Z: [    0.040099] Mount-cache hash table entries: 2048 (order: 2, 16384 bytes)
[STDERR  ] 2018-03-06T08:15:53.734218667Z: [    0.046195] Mountpoint-cache hash table entries: 2048 (order: 2, 16384 bytes)
[STDERR  ] 2018-03-06T08:15:53.734229751Z: [    0.050937] CPU: Physical Processor ID: 0
[STDERR  ] 2018-03-06T08:15:53.734237416Z: [    0.065838] Last level iTLB entries: 4KB 0, 2MB 0, 4MB 0
[STDERR  ] 2018-03-06T08:15:53.734245682Z: [    0.070035] Last level dTLB entries: 4KB 0, 2MB 0, 4MB 0, 1GB 0
[STDERR  ] 2018-03-06T08:15:53.734253279Z: [    0.075871] Spectre V2 : Vulnerable: Minimal generic ASM retpoline
[STDERR  ] 2018-03-06T08:15:53.734260605Z: [    0.092714] Freeing SMP alternatives memory: 20K
[STDERR  ] 2018-03-06T08:15:53.734268017Z: [    0.098123] smpboot: Max logical packages: 1
[STDERR  ] 2018-03-06T08:15:53.734275620Z: [    0.102021] x2apic enabled
[STDERR  ] 2018-03-06T08:15:53.734283697Z: [    0.106851] Switched APIC routing to physical x2apic.
[STDERR  ] 2018-03-06T08:15:53.734291354Z: [    0.123403] ..TIMER: vector=0x30 apic1=0 pin1=2 apic2=-1 pin2=-1
[STDERR  ] 2018-03-06T08:15:53.734298808Z: [    0.130000] smpboot: CPU0: Intel QEMU Virtual CPU version 2.5+ (family: 0x6, model: 0x6, stepping: 0x3)
[STDERR  ] 2018-03-06T08:15:53.734307032Z: [    0.130000] Performance Events: PMU not available due to virtualization, using software events only.
[STDERR  ] 2018-03-06T08:15:53.734314799Z: [    0.140445] Hierarchical SRCU implementation.
[STDERR  ] 2018-03-06T08:15:53.734323855Z: [    0.150178] NMI watchdog: Perf event create on CPU 0 failed with -2
[STDERR  ] 2018-03-06T08:15:53.734332914Z: [    0.156589] NMI watchdog: Perf NMI watchdog permanently disabled
[STDERR  ] 2018-03-06T08:15:53.734341762Z: [    0.160090] smp: Bringing up secondary CPUs ...
[STDERR  ] 2018-03-06T08:15:53.734350503Z: [    0.164439] smp: Brought up 1 node, 1 CPU
[STDERR  ] 2018-03-06T08:15:53.734363450Z: [    0.170013] smpboot: Total of 1 processors activated (4599.85 BogoMIPS)
[STDERR  ] 2018-03-06T08:15:53.734373965Z: [    0.182260] devtmpfs: initialized
[STDERR  ] 2018-03-06T08:15:53.734383029Z: [    0.185799] x86/mm: Memory block size: 128MB
[STDERR  ] 2018-03-06T08:15:53.734390479Z: [    0.190427] clocksource: jiffies: mask: 0xffffffff max_cycles: 0xffffffff, max_idle_ns: 19112604462750000 ns
[STDERR  ] 2018-03-06T08:15:53.734399346Z: [    0.200032] futex hash table entries: 256 (order: 2, 16384 bytes)
[STDERR  ] 2018-03-06T08:15:53.734407453Z: [    0.207040] NET: Registered protocol family 16
[STDERR  ] 2018-03-06T08:15:53.734415474Z: [    0.210306] cpuidle: using governor ladder
[STDERR  ] 2018-03-06T08:15:53.734423402Z: [    0.214292] cpuidle: using governor menu
[STDERR  ] 2018-03-06T08:15:53.734432755Z: [    0.220149] ACPI: bus type PCI registered
[STDERR  ] 2018-03-06T08:15:53.734440863Z: [    0.224516] PCI: MMCONFIG for domain 0000 [bus 00-ff] at [mem 0xb0000000-0xbfffffff] (base 0xb0000000)
[STDERR  ] 2018-03-06T08:15:53.734449304Z: [    0.230019] PCI: MMCONFIG at [mem 0xb0000000-0xbfffffff] reserved in E820
[STDERR  ] 2018-03-06T08:15:53.734457907Z: [    0.240031] PCI: Using configuration type 1 for base access
[STDERR  ] 2018-03-06T08:15:53.734465523Z: [    0.247089] HugeTLB registered 2.00 MiB page size, pre-allocated 0 pages
[STDERR  ] 2018-03-06T08:15:53.734472946Z: [    0.250332] ACPI: Added _OSI(Module Device)
[STDERR  ] 2018-03-06T08:15:53.734480308Z: [    0.254380] ACPI: Added _OSI(Processor Device)
[STDERR  ] 2018-03-06T08:15:53.734488504Z: [    0.260019] ACPI: Added _OSI(3.0 _SCP Extensions)
[STDERR  ] 2018-03-06T08:15:53.734496250Z: [    0.264433] ACPI: Added _OSI(Processor Aggregator Device)
[STDERR  ] 2018-03-06T08:15:53.734503849Z: [    0.276686] ACPI: Interpreter enabled
[STDERR  ] 2018-03-06T08:15:53.734511824Z: [    0.280059] ACPI: (supports S0 S5)
[STDERR  ] 2018-03-06T08:15:53.734519532Z: [    0.283266] ACPI: Using IOAPIC for interrupt routing
[STDERR  ] 2018-03-06T08:15:53.734527410Z: [    0.290078] PCI: Using host bridge windows from ACPI; if necessary, use "pci=nocrs" and report a bug
[STDERR  ] 2018-03-06T08:15:53.734535230Z: [    0.300297] ACPI: Enabled 1 GPEs in block 00 to 3F
[STDERR  ] 2018-03-06T08:15:53.734546478Z: [    0.308829] ACPI: PCI Root Bridge [PCI0] (domain 0000 [bus 00-ff])
[STDERR  ] 2018-03-06T08:15:53.734554406Z: [    0.310023] acpi PNP0A08:00: _OSC: OS supports [ExtendedConfig ASPM ClockPM Segments MSI]
[STDERR  ] 2018-03-06T08:15:53.734561982Z: [    0.320164] acpi PNP0A08:00: _OSC: OS now controls [PCIeHotplug PME PCIeCapability]
[STDERR  ] 2018-03-06T08:15:53.734572048Z: [    0.330104] PCI host bridge to bus 0000:00
[STDERR  ] 2018-03-06T08:15:53.734580313Z: [    0.333950] pci_bus 0000:00: root bus resource [io  0x0000-0x0cf7 window]
[STDERR  ] 2018-03-06T08:15:53.734587785Z: [    0.340018] pci_bus 0000:00: root bus resource [io  0x0d00-0xffff window]
[STDERR  ] 2018-03-06T08:15:53.734595402Z: [    0.346196] pci_bus 0000:00: root bus resource [mem 0x000a0000-0x000bffff window]
[STDERR  ] 2018-03-06T08:15:53.734604190Z: [    0.350018] pci_bus 0000:00: root bus resource [mem 0xc0000000-0xfebfffff window]
[STDERR  ] 2018-03-06T08:15:53.734611931Z: [    0.360020] pci_bus 0000:00: root bus resource [bus 00-ff]
[STDERR  ] 2018-03-06T08:15:53.734620896Z: [    0.535532] pci 0000:00:1f.0: quirk: [io  0x0600-0x067f] claimed by ICH6 ACPI/GPIO/TCO
[STDERR  ] 2018-03-06T08:15:53.734628813Z: [    0.627690] ACPI: PCI Interrupt Link [LNKA] (IRQs 5 *10 11)
[STDERR  ] 2018-03-06T08:15:53.734636746Z: [    0.630392] ACPI: PCI Interrupt Link [LNKB] (IRQs 5 *10 11)
[STDERR  ] 2018-03-06T08:15:53.734644705Z: [    0.636245] ACPI: PCI Interrupt Link [LNKC] (IRQs 5 10 *11)
[STDERR  ] 2018-03-06T08:15:53.734652765Z: [    0.640373] ACPI: PCI Interrupt Link [LNKD] (IRQs 5 10 *11)
[STDERR  ] 2018-03-06T08:15:53.734661432Z: [    0.645575] ACPI: PCI Interrupt Link [LNKE] (IRQs 5 *10 11)
[STDERR  ] 2018-03-06T08:15:53.734669772Z: [    0.650329] ACPI: PCI Interrupt Link [LNKF] (IRQs 5 *10 11)
[STDERR  ] 2018-03-06T08:15:53.734683043Z: [    0.660418] ACPI: PCI Interrupt Link [LNKG] (IRQs 5 10 *11)
[STDERR  ] 2018-03-06T08:15:53.734691101Z: [    0.666143] ACPI: PCI Interrupt Link [LNKH] (IRQs 5 10 *11)
[STDERR  ] 2018-03-06T08:15:53.734698429Z: [    0.670204] ACPI: PCI Interrupt Link [GSIA] (IRQs *16)
[STDERR  ] 2018-03-06T08:15:53.734708087Z: [    0.674659] ACPI: PCI Interrupt Link [GSIB] (IRQs *17)
[STDERR  ] 2018-03-06T08:15:53.734715957Z: [    0.680045] ACPI: PCI Interrupt Link [GSIC] (IRQs *18)
[STDERR  ] 2018-03-06T08:15:53.734723817Z: [    0.684490] ACPI: PCI Interrupt Link [GSID] (IRQs *19)
[STDERR  ] 2018-03-06T08:15:53.734731360Z: [    0.688889] ACPI: PCI Interrupt Link [GSIE] (IRQs *20)
[STDERR  ] 2018-03-06T08:15:53.734740261Z: [    0.690046] ACPI: PCI Interrupt Link [GSIF] (IRQs *21)
[STDERR  ] 2018-03-06T08:15:53.734747938Z: [    0.700060] ACPI: PCI Interrupt Link [GSIG] (IRQs *22)
[STDERR  ] 2018-03-06T08:15:53.734758395Z: [    0.704950] ACPI: PCI Interrupt Link [GSIH] (IRQs *23)
[STDERR  ] 2018-03-06T08:15:53.734766059Z: [    0.710455] SCSI subsystem initialized
[STDERR  ] 2018-03-06T08:15:53.734773761Z: [    0.713830] ACPI: bus type USB registered
[STDERR  ] 2018-03-06T08:15:53.734781550Z: [    0.717475] usbcore: registered new interface driver usbfs
[STDERR  ] 2018-03-06T08:15:53.734789276Z: [    0.720058] usbcore: registered new interface driver hub
[STDERR  ] 2018-03-06T08:15:53.734796951Z: [    0.724726] usbcore: registered new device driver usb
[STDERR  ] 2018-03-06T08:15:53.734804403Z: [    0.730045] pps_core: LinuxPPS API ver. 1 registered
[STDERR  ] 2018-03-06T08:15:53.734811702Z: [    0.734369] pps_core: Software ver. 5.3.6 - Copyright 2005-2007 Rodolfo Giometti <giometti@linux.it>
[STDERR  ] 2018-03-06T08:15:53.734819434Z: [    0.740027] PTP clock support registered
[STDERR  ] 2018-03-06T08:15:53.734826883Z: [    0.743612] PCI: Using ACPI for IRQ routing
[STDERR  ] 2018-03-06T08:15:53.734834710Z: [    1.183908] NetLabel: Initializing
[STDERR  ] 2018-03-06T08:15:53.734841942Z: [    1.186927] NetLabel:  domain hash size = 128
[STDERR  ] 2018-03-06T08:15:53.734849629Z: [    1.190010] NetLabel:  protocols = UNLABELED CIPSOv4 CALIPSO
[STDERR  ] 2018-03-06T08:15:53.734856857Z: [    1.194831] NetLabel:  unlabeled traffic allowed by default
[STDERR  ] 2018-03-06T08:15:53.734868944Z: [    1.200266] HPET: 3 timers in total, 0 timers will be used for per-cpu timer
[STDERR  ] 2018-03-06T08:15:53.734876519Z: [    1.206394] hpet0: at MMIO 0xfed00000, IRQs 2, 8, 0
[STDERR  ] 2018-03-06T08:15:53.734884140Z: [    1.210013] hpet0: 3 comparators, 64-bit 100.000000 MHz counter
[STDERR  ] 2018-03-06T08:15:53.734892462Z: [    1.220053] clocksource: Switched to clocksource kvm-clock
[STDERR  ] 2018-03-06T08:15:53.734900198Z: [    1.245160] VFS: Disk quotas dquot_6.6.0
[STDERR  ] 2018-03-06T08:15:53.734907719Z: [    1.248857] VFS: Dquot-cache hash table entries: 512 (order 0, 4096 bytes)
[STDERR  ] 2018-03-06T08:15:53.734916087Z: [    1.254966] FS-Cache: Loaded
[STDERR  ] 2018-03-06T08:15:53.734924697Z: [    1.257749] CacheFiles: Loaded
[STDERR  ] 2018-03-06T08:15:53.734935650Z: [    1.260641] pnp: PnP ACPI init
[STDERR  ] 2018-03-06T08:15:53.734947228Z: [    1.264449] pnp: PnP ACPI: found 5 devices
[STDERR  ] 2018-03-06T08:15:53.734958165Z: [    1.274177] clocksource: acpi_pm: mask: 0xffffff max_cycles: 0xffffff, max_idle_ns: 2085701024 ns
[STDERR  ] 2018-03-06T08:15:53.734969439Z: [    1.281862] NET: Registered protocol family 2
[STDERR  ] 2018-03-06T08:15:53.734980248Z: [    1.285913] TCP established hash table entries: 8192 (order: 4, 65536 bytes)
[STDERR  ] 2018-03-06T08:15:53.734995520Z: [    1.292026] TCP bind hash table entries: 8192 (order: 5, 131072 bytes)
[STDERR  ] 2018-03-06T08:15:53.735007939Z: [    1.298391] TCP: Hash tables configured (established 8192 bind 8192)
[STDERR  ] 2018-03-06T08:15:53.735110524Z: [    1.303996] UDP hash table entries: 512 (order: 2, 16384 bytes)
[STDERR  ] 2018-03-06T08:15:53.735119892Z: [    1.308997] UDP-Lite hash table entries: 512 (order: 2, 16384 bytes)
[STDERR  ] 2018-03-06T08:15:53.735135804Z: [    1.314559] NET: Registered protocol family 1
[STDERR  ] 2018-03-06T08:15:53.735145277Z: [    1.318560] pci 0000:00:01.0: Video device with shadowed ROM at [mem 0x000c0000-0x000dffff]
[STDERR  ] 2018-03-06T08:15:53.735154410Z: [    1.326178] Trying to unpack rootfs image as initramfs...
[STDERR  ] 2018-03-06T08:15:53.735162924Z: [    2.224096] Freeing initrd memory: 42080K
[STDERR  ] 2018-03-06T08:15:53.735174084Z: [    2.229030] PCLMULQDQ-NI instructions are not detected.
[STDERR  ] 2018-03-06T08:15:53.735186496Z: [    2.233775] AVX or AES-NI instructions are not detected.
[STDERR  ] 2018-03-06T08:15:53.735199446Z: [    2.238291] CPU feature 'AVX registers' is not supported.
[STDERR  ] 2018-03-06T08:15:53.735208260Z: [    2.242950] CPU feature 'AVX registers' is not supported.
[STDERR  ] 2018-03-06T08:15:53.735216213Z: [    2.247598] CPU feature 'AVX registers' is not supported.
[STDERR  ] 2018-03-06T08:15:53.735224305Z: [    2.252417] CPU feature 'AVX registers' is not supported.
[STDERR  ] 2018-03-06T08:15:53.735232179Z: [    2.256984] AVX2 or AES-NI instructions are not detected.
[STDERR  ] 2018-03-06T08:15:53.735240017Z: [    2.261633] AVX2 instructions are not detected.
[STDERR  ] 2018-03-06T08:15:53.735248024Z: [    2.265742] audit: initializing netlink subsys (disabled)
[STDERR  ] 2018-03-06T08:15:53.735256946Z: [    2.270782] audit: type=2000 audit(1520324136.743:1): state=initialized audit_enabled=0 res=1
[STDERR  ] 2018-03-06T08:15:53.735264513Z: [    2.278041] workingset: timestamp_bits=46 max_order=18 bucket_order=0
[STDERR  ] 2018-03-06T08:15:53.735273665Z: [    2.283796] squashfs: version 4.0 (2009/01/31) Phillip Lougher
[STDERR  ] 2018-03-06T08:15:53.735281280Z: [    2.288820] FS-Cache: Netfs 'cifs' registered for caching
[STDERR  ] 2018-03-06T08:15:53.735288627Z: [    2.293492] fuse init (API version 7.26)
[STDERR  ] 2018-03-06T08:15:53.735296384Z: [    2.296933] SGI XFS with ACLs, security attributes, no debug enabled
[STDERR  ] 2018-03-06T08:15:53.735304577Z: [    2.302766] 9p: Installing v9fs 9p2000 file system support
[STDERR  ] 2018-03-06T08:15:53.735312327Z: [    2.307404] FS-Cache: Netfs '9p' registered for caching
[STDERR  ] 2018-03-06T08:15:53.735320535Z: [    2.312970] NET: Registered protocol family 38
[STDERR  ] 2018-03-06T08:15:53.735338718Z: [    2.316907] Key type asymmetric registered
[STDERR  ] 2018-03-06T08:15:53.735347689Z: [    2.320549] Asymmetric key parser 'x509' registered
[STDERR  ] 2018-03-06T08:15:53.735355433Z: [    2.325108] Block layer SCSI generic (bsg) driver version 0.4 loaded (major 248)
[STDERR  ] 2018-03-06T08:15:53.735363409Z: [    2.332087] io scheduler noop registered
[STDERR  ] 2018-03-06T08:15:53.735371361Z: [    2.335549] io scheduler deadline registered (default)
[STDERR  ] 2018-03-06T08:15:53.735379472Z: [    2.339918] io scheduler cfq registered
[STDERR  ] 2018-03-06T08:15:53.735387173Z: [    2.343402] io scheduler mq-deadline registered
[STDERR  ] 2018-03-06T08:15:53.735394595Z: [    2.347696] io scheduler kyber registered
[STDERR  ] 2018-03-06T08:15:53.735402440Z: [    2.351841] shpchp: Standard Hot Plug PCI Controller Driver version: 0.4
[STDERR  ] 2018-03-06T08:15:53.735411123Z: [    2.357945] hv_vmbus: registering driver hyperv_fb
[STDERR  ] 2018-03-06T08:15:53.735418694Z: [    2.362340] input: Power Button as /devices/LNXSYSTM:00/LNXPWRBN:00/input/input0
[STDERR  ] 2018-03-06T08:15:53.735429093Z: [    2.368791] ACPI: Power Button [PWRF]
[STDERR  ] 2018-03-06T08:15:53.735438548Z: [    2.373137] ACPI: PCI Interrupt Link [GSIG] enabled at IRQ 22
[STDERR  ] 2018-03-06T08:15:53.735448909Z: [    2.385235] ACPI: PCI Interrupt Link [GSIH] enabled at IRQ 23
[STDERR  ] 2018-03-06T08:15:53.735464955Z: [    2.397116] Serial: 8250/16550 driver, 4 ports, IRQ sharing disabled
[STDERR  ] 2018-03-06T08:15:53.735476576Z: [    2.436360] 00:04: ttyS0 at I/O 0x3f8 (irq = 4, base_baud = 115200) is a 16550A
[STDERR  ] 2018-03-06T08:15:53.735487254Z: [    2.444116] Non-volatile memory driver v1.3
[STDERR  ] 2018-03-06T08:15:53.735503312Z: [    2.450094] Hangcheck: starting hangcheck timer 0.9.1 (tick is 180 seconds, margin is 60 seconds).
[STDERR  ] 2018-03-06T08:15:53.735515234Z: [    2.458778] random: crng init done
[STDERR  ] 2018-03-06T08:15:53.735523048Z: [    2.466596] brd: module loaded
[STDERR  ] 2018-03-06T08:15:53.735531719Z: [    2.471475] loop: module loaded
[STDERR  ] 2018-03-06T08:15:53.735539720Z: [    2.478488] lpc_ich 0000:00:1f.0: I/O space for GPIO uninitialized
[STDERR  ] 2018-03-06T08:15:53.735548818Z: [    2.484155] VMware PVSCSI driver - version 1.0.7.0-k
[STDERR  ] 2018-03-06T08:15:53.735557661Z: [    2.488503] hv_vmbus: registering driver hv_storvsc
[STDERR  ] 2018-03-06T08:15:53.735566590Z: [    2.493421] ACPI: PCI Interrupt Link [GSIA] enabled at IRQ 16
[STDERR  ] 2018-03-06T08:15:53.735574788Z: [    2.502521] ahci 0000:00:1f.2: AHCI 0001.0000 32 slots 6 ports 1.5 Gbps 0x3f impl SATA mode
[STDERR  ] 2018-03-06T08:15:53.735583677Z: [    2.510246] ahci 0000:00:1f.2: flags: 64bit ncq only 
[STDERR  ] 2018-03-06T08:15:53.735590980Z: [    2.518338] scsi host0: ahci
[STDERR  ] 2018-03-06T08:15:53.735598413Z: [    2.521293] scsi host1: ahci
[STDERR  ] 2018-03-06T08:15:53.735606123Z: [    2.524011] scsi host2: ahci
[STDERR  ] 2018-03-06T08:15:53.735613503Z: [    2.526822] scsi host3: ahci
[STDERR  ] 2018-03-06T08:15:53.735620996Z: [    2.529561] scsi host4: ahci
[STDERR  ] 2018-03-06T08:15:53.735628923Z: [    2.532274] scsi host5: ahci
[STDERR  ] 2018-03-06T08:15:53.735636886Z: [    2.534952] ata1: SATA max UDMA/133 abar m4096@0xfebd2000 port 0xfebd2100 irq 24
[STDERR  ] 2018-03-06T08:15:53.735644820Z: [    2.541371] ata2: SATA max UDMA/133 abar m4096@0xfebd2000 port 0xfebd2180 irq 24
[STDERR  ] 2018-03-06T08:15:53.735652070Z: [    2.547597] ata3: SATA max UDMA/133 abar m4096@0xfebd2000 port 0xfebd2200 irq 24
[STDERR  ] 2018-03-06T08:15:53.735659327Z: [    2.554145] ata4: SATA max UDMA/133 abar m4096@0xfebd2000 port 0xfebd2280 irq 24
[STDERR  ] 2018-03-06T08:15:53.735667147Z: [    2.560531] ata5: SATA max UDMA/133 abar m4096@0xfebd2000 port 0xfebd2300 irq 24
[STDERR  ] 2018-03-06T08:15:53.735674532Z: [    2.566875] ata6: SATA max UDMA/133 abar m4096@0xfebd2000 port 0xfebd2380 irq 24
[STDERR  ] 2018-03-06T08:15:53.735681911Z: [    2.576457] tun: Universal TUN/TAP device driver, 1.6
[STDERR  ] 2018-03-06T08:15:53.735694058Z: [    2.586316] VMware vmxnet3 virtual NIC driver - version 1.4.a.0-k-NAPI
[STDERR  ] 2018-03-06T08:15:53.735701571Z: [    2.592099] hv_vmbus: registering driver hv_netvsc
[STDERR  ] 2018-03-06T08:15:53.735708989Z: [    2.596352] Fusion MPT base driver 3.04.20
[STDERR  ] 2018-03-06T08:15:53.735716320Z: [    2.600273] Copyright (c) 1999-2008 LSI Corporation
[STDERR  ] 2018-03-06T08:15:53.735723647Z: [    2.604904] Fusion MPT SPI Host driver 3.04.20
[STDERR  ] 2018-03-06T08:15:53.735730927Z: [    2.608986] i8042: PNP: PS/2 Controller [PNP0303:KBD,PNP0f13:MOU] at 0x60,0x64 irq 1,12
[STDERR  ] 2018-03-06T08:15:53.735738687Z: [    2.619173] serio: i8042 KBD port at 0x60,0x64 irq 1
[STDERR  ] 2018-03-06T08:15:53.735748161Z: [    2.623539] serio: i8042 AUX port at 0x60,0x64 irq 12
[STDERR  ] 2018-03-06T08:15:53.735755384Z: [    2.627914] hv_vmbus: registering driver hyperv_keyboard
[STDERR  ] 2018-03-06T08:15:53.735763064Z: [    2.632697] mousedev: PS/2 mouse device common for all mice
[STDERR  ] 2018-03-06T08:15:53.735770567Z: [    2.639582] input: AT Translated Set 2 keyboard as /devices/platform/i8042/serio0/input/input1
[STDERR  ] 2018-03-06T08:15:53.735777908Z: [    2.647320] input: PC Speaker as /devices/platform/pcspkr/input/input2
[STDERR  ] 2018-03-06T08:15:53.735786136Z: [    2.653390] rtc_cmos 00:00: RTC can wake from S4
[STDERR  ] 2018-03-06T08:15:53.735793562Z: [    2.659931] rtc_cmos 00:00: rtc core: registered rtc_cmos as rtc0
[STDERR  ] 2018-03-06T08:15:53.735800919Z: [    2.666429] rtc_cmos 00:00: alarms up to one day, y3k, 114 bytes nvram, hpet irqs
[STDERR  ] 2018-03-06T08:15:53.735808222Z: [    2.672826] i2c /dev entries driver
[STDERR  ] 2018-03-06T08:15:53.735822111Z: [    2.676110] device-mapper: ioctl: 4.37.0-ioctl (2017-09-20) initialised: dm-devel@redhat.com
[STDERR  ] 2018-03-06T08:15:53.735830438Z: [    2.684577] usbcore: registered new interface driver usbhid
[STDERR  ] 2018-03-06T08:15:53.735837785Z: [    2.689913] usbhid: USB HID core driver
[STDERR  ] 2018-03-06T08:15:53.735845251Z: [    2.693509] hv_utils: Registering HyperV Utility Driver
[STDERR  ] 2018-03-06T08:15:53.735854188Z: [    2.697964] hv_vmbus: registering driver hv_util
[STDERR  ] 2018-03-06T08:15:53.735861532Z: [    2.702144] hv_vmbus: registering driver hv_balloon
[STDERR  ] 2018-03-06T08:15:53.735868761Z: [    2.706535] oprofile: using NMI interrupt.
[STDERR  ] 2018-03-06T08:15:53.735876339Z: [    2.710343] GACT probability on
[STDERR  ] 2018-03-06T08:15:53.735884059Z: [    2.713077] Mirror/redirect action on
[STDERR  ] 2018-03-06T08:15:53.735891310Z: [    2.716185] Simple TC action Loaded
[STDERR  ] 2018-03-06T08:15:53.735898721Z: [    2.719236] u32 classifier
[STDERR  ] 2018-03-06T08:15:53.735906127Z: [    2.721745]     Performance counters on
[STDERR  ] 2018-03-06T08:15:53.735913334Z: [    2.724985]     input device check on
[STDERR  ] 2018-03-06T08:15:53.735920935Z: [    2.728093]     Actions configured
[STDERR  ] 2018-03-06T08:15:53.735928923Z: [    2.731139] Netfilter messages via NETLINK v0.30.
[STDERR  ] 2018-03-06T08:15:53.735936118Z: [    2.735452] nfnl_acct: registering with nfnetlink.
[STDERR  ] 2018-03-06T08:15:53.735943832Z: [    2.739904] nf_conntrack version 0.5.0 (8192 buckets, 32768 max)
[STDERR  ] 2018-03-06T08:15:53.735951193Z: [    2.745350] ctnetlink v0.93: registering with nfnetlink.
[STDERR  ] 2018-03-06T08:15:53.735958656Z: [    2.749760] nf_tables: (c) 2007-2009 Patrick McHardy <kaber@trash.net>
[STDERR  ] 2018-03-06T08:15:53.735966057Z: [    2.755378] nf_tables_compat: (c) 2012 Pablo Neira Ayuso <pablo@netfilter.org>
[STDERR  ] 2018-03-06T08:15:53.735974237Z: [    2.761655] xt_time: kernel timezone is -0000
[STDERR  ] 2018-03-06T08:15:53.735981659Z: [    2.765772] ip_set: protocol 6
[STDERR  ] 2018-03-06T08:15:53.735989424Z: [    2.768641] IPVS: Registered protocols (TCP, UDP, SCTP, AH, ESP)
[STDERR  ] 2018-03-06T08:15:53.735997417Z: [    2.774105] IPVS: Connection hash table configured (size=4096, memory=64Kbytes)
[STDERR  ] 2018-03-06T08:15:53.736010606Z: [    2.780485] IPVS: ipvs loaded.
[STDERR  ] 2018-03-06T08:15:53.736025403Z: [    2.783113] IPVS: [rr] scheduler registered.
[STDERR  ] 2018-03-06T08:15:53.736032774Z: [    2.786728] IPVS: [wrr] scheduler registered.
[STDERR  ] 2018-03-06T08:15:53.736042458Z: [    2.790951] IPVS: [lc] scheduler registered.
[STDERR  ] 2018-03-06T08:15:53.736054419Z: [    2.794577] IPVS: [wlc] scheduler registered.
[STDERR  ] 2018-03-06T08:15:53.736062044Z: [    2.798493] IPVS: [fo] scheduler registered.
[STDERR  ] 2018-03-06T08:15:53.736069264Z: [    2.802422] IPVS: [ovf] scheduler registered.
[STDERR  ] 2018-03-06T08:15:53.736076541Z: [    2.806474] IPVS: [lblc] scheduler registered.
[STDERR  ] 2018-03-06T08:15:53.736083894Z: [    2.810553] IPVS: [lblcr] scheduler registered.
[STDERR  ] 2018-03-06T08:15:53.736091835Z: [    2.814817] IPVS: [dh] scheduler registered.
[STDERR  ] 2018-03-06T08:15:53.736099679Z: [    2.818571] IPVS: [sh] scheduler registered.
[STDERR  ] 2018-03-06T08:15:53.736107058Z: [    2.822440] IPVS: [sed] scheduler registered.
[STDERR  ] 2018-03-06T08:15:53.736115042Z: [    2.826318] IPVS: [nq] scheduler registered.
[STDERR  ] 2018-03-06T08:15:53.736122685Z: [    2.830272] IPVS: ftp: loaded support on port[0] = 21
[STDERR  ] 2018-03-06T08:15:53.736130821Z: [    2.835001] ipip: IPv4 and MPLS over IPv4 tunneling driver
[STDERR  ] 2018-03-06T08:15:53.736138367Z: [    2.840416] gre: GRE over IPv4 demultiplexor driver
[STDERR  ] 2018-03-06T08:15:53.736146009Z: [    2.844650] ip_tables: (C) 2000-2006 Netfilter Core Team
[STDERR  ] 2018-03-06T08:15:53.736153747Z: [    2.849788] ipt_CLUSTERIP: ClusterIP Version 0.8 loaded successfully
[STDERR  ] 2018-03-06T08:15:53.736162204Z: [    2.855938] arp_tables: arp_tables: (C) 2002 David S. Miller
[STDERR  ] 2018-03-06T08:15:53.736173452Z: [    2.861288] NET: Registered protocol family 10
[STDERR  ] 2018-03-06T08:15:53.736181179Z: [    2.865468] Segment Routing with IPv6
[STDERR  ] 2018-03-06T08:15:53.736188875Z: [    2.869117] ip6_tables: (C) 2000-2006 Netfilter Core Team
[STDERR  ] 2018-03-06T08:15:53.736196594Z: [    2.874746] NET: Registered protocol family 17
[STDERR  ] 2018-03-06T08:15:53.736203959Z: [    2.878829] Bridge firewalling registered
[STDERR  ] 2018-03-06T08:15:53.736211234Z: [    2.882682] Ebtables v2.0 registered
[STDERR  ] 2018-03-06T08:15:53.736218565Z: [    2.885761] 8021q: 802.1Q VLAN Support v1.8
[STDERR  ] 2018-03-06T08:15:53.736228639Z: [    2.889658] 9pnet: Installing 9P2000 support
[STDERR  ] 2018-03-06T08:15:53.736236120Z: [    2.897917] Key type dns_resolver registered
[STDERR  ] 2018-03-06T08:15:53.736243323Z: [    2.901973] registered taskstats version 1
[STDERR  ] 2018-03-06T08:15:53.736253233Z: [    2.906208] ata4: SATA link down (SStatus 0 SControl 300)
[STDERR  ] 2018-03-06T08:15:53.736266252Z: [    2.911587] ata3: SATA link up 1.5 Gbps (SStatus 113 SControl 300)
[STDERR  ] 2018-03-06T08:15:53.736277501Z: [    2.917296] ata3.00: ATAPI: QEMU DVD-ROM, 2.5+, max UDMA/100
[STDERR  ] 2018-03-06T08:15:53.736288609Z: [    2.921109] ata3.00: applying bridge limits
[STDERR  ] 2018-03-06T08:15:53.736300489Z: [    2.925657] ata2: SATA link up 1.5 Gbps (SStatus 113 SControl 300)
[STDERR  ] 2018-03-06T08:15:53.736312200Z: [    2.931978] ata1: SATA link up 1.5 Gbps (SStatus 113 SControl 300)
[STDERR  ] 2018-03-06T08:15:53.736322884Z: [    2.937701] ata1.00: ATA-7: QEMU HARDDISK, 2.5+, max UDMA/100
[STDERR  ] 2018-03-06T08:15:53.736330591Z: [    2.942732] ata1.00: 1048576 sectors, multi 16: LBA48 NCQ (depth 31/32)
[STDERR  ] 2018-03-06T08:15:53.736339195Z: [    2.948421] ata1.00: applying bridge limits
[STDERR  ] 2018-03-06T08:15:53.736346766Z: [    2.953697] ata6: SATA link down (SStatus 0 SControl 300)
[STDERR  ] 2018-03-06T08:15:53.736354726Z: [    2.960283] ata5: SATA link down (SStatus 0 SControl 300)
[STDERR  ] 2018-03-06T08:15:53.736362599Z: [    2.967124] ata2.00: ATA-7: QEMU HARDDISK, 2.5+, max UDMA/100
[STDERR  ] 2018-03-06T08:15:53.736373417Z: [    2.972371] ata2.00: 1048576 sectors, multi 16: LBA48 NCQ (depth 31/32)
[STDERR  ] 2018-03-06T08:15:53.736386827Z: [    2.978497] ata2.00: applying bridge limits
[STDERR  ] 2018-03-06T08:15:53.736394535Z: [    2.989803] ata3.00: configured for UDMA/100
[STDERR  ] 2018-03-06T08:15:53.736402502Z: [    2.994430] Key type big_key registered
[STDERR  ] 2018-03-06T08:15:53.736410204Z: [    3.002118] ata2.00: configured for UDMA/100
[STDERR  ] 2018-03-06T08:15:53.736418238Z: [    3.006339] ata1.00: configured for UDMA/100
[STDERR  ] 2018-03-06T08:15:53.736425737Z: [    3.010432] scsi 0:0:0:0: Direct-Access     ATA      QEMU HARDDISK    2.5+ PQ: 0 ANSI: 5
[STDERR  ] 2018-03-06T08:15:53.736436129Z: [    3.018019] Key type encrypted registered
[STDERR  ] 2018-03-06T08:15:53.736443647Z: [    3.024289] rtc_cmos 00:00: setting system clock to 2018-03-06 08:15:37 UTC (1520324137)
[STDERR  ] 2018-03-06T08:15:53.736451374Z: [    3.032225] sd 0:0:0:0: [sda] 1048576 512-byte logical blocks: (537 MB/512 MiB)
[STDERR  ] 2018-03-06T08:15:53.736459000Z: [    3.038679] sd 0:0:0:0: Attached scsi generic sg0 type 0
[STDERR  ] 2018-03-06T08:15:53.736466537Z: [    3.043687] sd 0:0:0:0: [sda] Write Protect is off
[STDERR  ] 2018-03-06T08:15:53.736474251Z: [    3.048562] scsi 1:0:0:0: Direct-Access     ATA      QEMU HARDDISK    2.5+ PQ: 0 ANSI: 5
[STDERR  ] 2018-03-06T08:15:53.736481662Z: [    3.057597] sd 0:0:0:0: [sda] Write cache: enabled, read cache: enabled, doesn't support DPO or FUA
[STDERR  ] 2018-03-06T08:15:53.736491765Z: [    3.066866] sd 1:0:0:0: [sdb] 1048576 512-byte logical blocks: (537 MB/512 MiB)
[STDERR  ] 2018-03-06T08:15:53.736499146Z: [    3.073584] sd 1:0:0:0: Attached scsi generic sg1 type 0
[STDERR  ] 2018-03-06T08:15:53.736506552Z: [    3.078289] sd 1:0:0:0: [sdb] Write Protect is off
[STDERR  ] 2018-03-06T08:15:53.736514919Z: [    3.082968] scsi 2:0:0:0: CD-ROM            QEMU     QEMU DVD-ROM     2.5+ PQ: 0 ANSI: 5
[STDERR  ] 2018-03-06T08:15:53.736526013Z: [    3.091272] sd 1:0:0:0: [sdb] Write cache: enabled, read cache: enabled, doesn't support DPO or FUA
[STDERR  ] 2018-03-06T08:15:53.736534052Z: [    3.099444] sd 0:0:0:0: [sda] Attached SCSI disk
[STDERR  ] 2018-03-06T08:15:53.736541505Z: [    3.105807] sd 1:0:0:0: [sdb] Attached SCSI disk
[STDERR  ] 2018-03-06T08:15:53.736551421Z: [    3.151487] sr 2:0:0:0: [sr0] scsi3-mmc drive: 4x/4x cd/rw xa/form2 tray
[STDERR  ] 2018-03-06T08:15:53.736559102Z: [    3.158072] cdrom: Uniform CD-ROM driver Revision: 3.20
[STDERR  ] 2018-03-06T08:15:53.736566700Z: [    3.163430] sr 2:0:0:0: Attached scsi generic sg2 type 5
[STDERR  ] 2018-03-06T08:15:53.736574101Z: [    3.171102] Freeing unused kernel memory: 1504K
[STDERR  ] 2018-03-06T08:15:53.736581507Z: [    3.175086] Write protecting the kernel read-only data: 18432k
[STDERR  ] 2018-03-06T08:15:53.736590969Z: [    3.180972] Freeing unused kernel memory: 2024K
[STDERR  ] 2018-03-06T08:15:53.736598406Z: [    3.188132] Freeing unused kernel memory: 1140K
[STDERR  ] 2018-03-06T08:15:53.736605789Z: 
[STDERR  ] 2018-03-06T08:15:53.736613419Z: Welcome to LinuxKit
[STDERR  ] 2018-03-06T08:15:53.736620776Z: 
[STDERR  ] 2018-03-06T08:15:53.736627990Z:                         ##         .
[STDERR  ] 2018-03-06T08:15:53.736638875Z:                   ## ## ##        ==
[STDERR  ] 2018-03-06T08:15:53.736646326Z:                ## ## ## ## ##    ===
[STDERR  ] 2018-03-06T08:15:53.736653860Z:            /"""""""""""""""""\___/ ===
[STDERR  ] 2018-03-06T08:15:53.736661443Z:           {                       /  ===-
[STDERR  ] 2018-03-06T08:15:53.736668785Z:            \______ O           __/
[STDERR  ] 2018-03-06T08:15:53.736678269Z:              \    \         __/
[STDERR  ] 2018-03-06T08:15:53.736688927Z:               \____\_______/
[STDERR  ] 2018-03-06T08:15:53.736696547Z: 
[STDERR  ] 2018-03-06T08:15:53.736703974Z: [    4.248642] IPVS: ftp: loaded support on port[0] = 21
[STDERR  ] 2018-03-06T08:15:53.736713597Z: [    4.368518]  sda:
[STDERR  ] 2018-03-06T08:15:53.736724731Z: [    4.384371]  sda:
[STDERR  ] 2018-03-06T08:15:53.736736564Z: [    4.402502]  sda: sda1
[STDERR  ] 2018-03-06T08:15:53.736747819Z: [    4.410971]  sda: sda1
[STDERR  ] 2018-03-06T08:15:53.736760568Z: 2018/03/06 08:15:38 Creating partition on /dev/sda
[STDERR  ] 2018-03-06T08:15:53.736768873Z: 2018/03/06 08:15:39 Partition /dev/sda1 successfully created!
[STDERR  ] 2018-03-06T08:15:53.736776512Z: [    5.661498] IPVS: ftp: loaded support on port[0] = 21
[STDERR  ] 2018-03-06T08:15:53.736783947Z: [    5.779623]  sdb:
[STDERR  ] 2018-03-06T08:15:53.736791491Z: [    5.793366]  sdb:
[STDERR  ] 2018-03-06T08:15:53.736798771Z: [    5.809729]  sdb: sdb1
[STDERR  ] 2018-03-06T08:15:53.736806344Z: [    5.818159]  sdb: sdb1
[STDERR  ] 2018-03-06T08:15:53.736813720Z: 2018/03/06 08:15:39 /dev/sda has content. blkid returned: /dev/sda: PTUUID="7d015db2" PTTYPE="dos"
[STDERR  ] 2018-03-06T08:15:53.736821452Z: 2018/03/06 08:15:39 Creating partition on /dev/sdb
[STDERR  ] 2018-03-06T08:15:53.736828987Z: 2018/03/06 08:15:40 Partition /dev/sdb1 successfully created!
[STDERR  ] 2018-03-06T08:15:53.736836557Z: [    7.061614] IPVS: ftp: loaded support on port[0] = 21
[STDERR  ] 2018-03-06T08:15:53.736843825Z: [    7.299184] EXT4-fs (sda1): couldn't mount as ext3 due to feature incompatibilities
[STDERR  ] 2018-03-06T08:15:53.736851257Z: [    7.307220] EXT4-fs (sda1): couldn't mount as ext2 due to feature incompatibilities
[STDERR  ] 2018-03-06T08:15:53.736858807Z: [    7.319457] EXT4-fs (sda1): mounted filesystem with ordered data mode. Opts: (null)
[STDERR  ] 2018-03-06T08:15:53.736866141Z: [    7.601277] IPVS: ftp: loaded support on port[0] = 21
[STDERR  ] 2018-03-06T08:15:53.736873637Z: [    7.778054] EXT4-fs (sdb1): couldn't mount as ext3 due to feature incompatibilities
[STDERR  ] 2018-03-06T08:15:53.736881861Z: [    7.786081] EXT4-fs (sdb1): couldn't mount as ext2 due to feature incompatibilities
[STDERR  ] 2018-03-06T08:15:53.736895091Z: [    7.798467] EXT4-fs (sdb1): mounted filesystem with ordered data mode. Opts: (null)
[STDERR  ] 2018-03-06T08:15:53.736909032Z: 2018/03/06 08:15:41 Failed to create "/dev/disk/by-uuid/8fdfa0d8-d312-4b84-80d2-d0fbd0e688dd": symlink ../../sda1 /dev/disk/by-uuid/8fdfa0d8-d312-4b84-80d2-d0fbd0e688dd: file exists
[STDERR  ] 2018-03-06T08:15:53.736925274Z: 2018/03/06 08:15:41 Failed to create "/dev/disk/by-uuid/e5da24b2-1c23-474f-ad0b-d3148c91d6bb": symlink ../../sdb1 /dev/disk/by-uuid/e5da24b2-1c23-474f-ad0b-d3148c91d6bb: file exists
[STDERR  ] 2018-03-06T08:15:53.736936541Z: format_mount test suite PASSED
[STDERR  ] 2018-03-06T08:15:53.736949388Z: [   18.302871] sd 1:0:0:0: [sdb] Synchronizing SCSI cache
[STDERR  ] 2018-03-06T08:15:53.736960457Z: [   18.311228] sd 1:0:0:0: [sdb] Stopping disk
[STDERR  ] 2018-03-06T08:15:53.736970351Z: [   18.315611] sd 0:0:0:0: [sda] Synchronizing SCSI cache
[STDERR  ] 2018-03-06T08:15:53.736978311Z: [   18.321940] sd 0:0:0:0: [sda] Stopping disk
[STDERR  ] 2018-03-06T08:15:53.736985749Z: [   18.326781] ACPI: Preparing to enter system sleep state S5
[STDERR  ] 2018-03-06T08:15:53.736993602Z: [   18.332366] reboot: Power down
[STDERR  ] 2018-03-06T08:15:53.737001828Z: + echo [    0.000000] Linux version 4.14.23-linuxkit (root@e0a6c0f2f7a4) (gcc version 6.4.0 (Alpine 6.4.0)) #1 SMP Wed Feb 28 11:15:17 UTC 2018
[STDERR  ] 2018-03-06T08:15:53.737018384Z: [    0.000000] Command line: console=ttyS0 console=ttyAMA0
[STDERR  ] 2018-03-06T08:15:53.737026226Z: [    0.000000] x86/fpu: x87 FPU will use FXSAVE
[STDERR  ] 2018-03-06T08:15:53.737034190Z: [    0.000000] e820: BIOS-provided physical RAM map:
[STDERR  ] 2018-03-06T08:15:53.737042388Z: [    0.000000] BIOS-e820: [mem 0x0000000000000000-0x000000000009fbff] usable
[STDERR  ] 2018-03-06T08:15:53.737051682Z: [    0.000000] BIOS-e820: [mem 0x000000000009fc00-0x000000000009ffff] reserved
[STDERR  ] 2018-03-06T08:15:53.737059442Z: [    0.000000] BIOS-e820: [mem 0x00000000000f0000-0x00000000000fffff] reserved
[STDERR  ] 2018-03-06T08:15:53.737067294Z: [    0.000000] BIOS-e820: [mem 0x0000000000100000-0x000000003ffddfff] usable
[STDERR  ] 2018-03-06T08:15:53.737075072Z: [    0.000000] BIOS-e820: [mem 0x000000003ffde000-0x000000003fffffff] reserved
[STDERR  ] 2018-03-06T08:15:53.737087874Z: [    0.000000] BIOS-e820: [mem 0x00000000b0000000-0x00000000bfffffff] reserved
[STDERR  ] 2018-03-06T08:15:53.737095940Z: [    0.000000] BIOS-e820: [mem 0x00000000fed1c000-0x00000000fed1ffff] reserved
[STDERR  ] 2018-03-06T08:15:53.737103350Z: [    0.000000] BIOS-e820: [mem 0x00000000feffc000-0x00000000feffffff] reserved
[STDERR  ] 2018-03-06T08:15:53.737110548Z: [    0.000000] BIOS-e820: [mem 0x00000000fffc0000-0x00000000ffffffff] reserved
[STDERR  ] 2018-03-06T08:15:53.737118411Z: [    0.000000] NX (Execute Disable) protection: active
[STDERR  ] 2018-03-06T08:15:53.737125964Z: [    0.000000] random: fast init done
[STDERR  ] 2018-03-06T08:15:53.737133518Z: [    0.000000] SMBIOS 2.8 present.
[STDERR  ] 2018-03-06T08:15:53.737141233Z: [    0.000000] DMI: QEMU Standard PC (Q35 + ICH9, 2009), BIOS rel-1.10.2-0-g5f4c7b1-prebuilt.qemu-project.org 04/01/2014
[STDERR  ] 2018-03-06T08:15:53.737150108Z: [    0.000000] Hypervisor detected: KVM
[STDERR  ] 2018-03-06T08:15:53.737159453Z: [    0.000000] tsc: Fast TSC calibration failed
[STDERR  ] 2018-03-06T08:15:53.737167553Z: [    0.000000] tsc: Unable to calibrate against PIT
[STDERR  ] 2018-03-06T08:15:53.737174959Z: [    0.000000] tsc: No reference (HPET/PMTIMER) available
[STDERR  ] 2018-03-06T08:15:53.737185836Z: [    0.000000] e820: last_pfn = 0x3ffde max_arch_pfn = 0x400000000
[STDERR  ] 2018-03-06T08:15:53.737193336Z: [    0.000000] x86/PAT: PAT not supported by CPU.
[STDERR  ] 2018-03-06T08:15:53.737200697Z: [    0.000000] x86/PAT: Configuration [0-7]: WB  WT  UC- UC  WB  WT  UC- UC  
[STDERR  ] 2018-03-06T08:15:53.737209966Z: [    0.000000] found SMP MP-table at [mem 0x000f6aa0-0x000f6aaf] mapped at [ffffffffff200aa0]
[STDERR  ] 2018-03-06T08:15:53.737218321Z: [    0.000000] RAMDISK: [mem 0x3d6b8000-0x3ffcffff]
[STDERR  ] 2018-03-06T08:15:53.737232693Z: [    0.000000] ACPI: Early table checksum verification disabled
[STDERR  ] 2018-03-06T08:15:53.737240609Z: [    0.000000] ACPI: RSDP 0x00000000000F68B0 000014 (v00 BOCHS )
[STDERR  ] 2018-03-06T08:15:53.737248264Z: [    0.000000] ACPI: RSDT 0x000000003FFE20A8 000034 (v01 BOCHS  BXPCRSDT 00000001 BXPC 00000001)
[STDERR  ] 2018-03-06T08:15:53.737255936Z: [    0.000000] ACPI: FACP 0x000000003FFE1EC8 0000F4 (v03 BOCHS  BXPCFACP 00000001 BXPC 00000001)
[STDERR  ] 2018-03-06T08:15:53.737263345Z: [    0.000000] ACPI: DSDT 0x000000003FFE0040 001E88 (v01 BOCHS  BXPCDSDT 00000001 BXPC 00000001)
[STDERR  ] 2018-03-06T08:15:53.737270730Z: [    0.000000] ACPI: FACS 0x000000003FFE0000 000040
[STDERR  ] 2018-03-06T08:15:53.737280308Z: [    0.000000] ACPI: APIC 0x000000003FFE1FBC 000078 (v01 BOCHS  BXPCAPIC 00000001 BXPC 00000001)
[STDERR  ] 2018-03-06T08:15:53.737290904Z: [    0.000000] ACPI: HPET 0x000000003FFE2034 000038 (v01 BOCHS  BXPCHPET 00000001 BXPC 00000001)
[STDERR  ] 2018-03-06T08:15:53.737302116Z: [    0.000000] ACPI: MCFG 0x000000003FFE206C 00003C (v01 BOCHS  BXPCMCFG 00000001 BXPC 00000001)
[STDERR  ] 2018-03-06T08:15:53.737313277Z: [    0.000000] kvm-clock: Using msrs 4b564d01 and 4b564d00
[STDERR  ] 2018-03-06T08:15:53.737324377Z: [    0.000000] kvm-clock: cpu 0, msr 0:3ffdc001, primary cpu clock
[STDERR  ] 2018-03-06T08:15:53.737827376Z: [    0.000000] clocksource: kvm-clock: mask: 0xffffffffffffffff max_cycles: 0x1cd42e4dffb, max_idle_ns: 881590591483 ns
[STDERR  ] 2018-03-06T08:15:53.737857922Z: [    0.000000] Zone ranges:
[STDERR  ] 2018-03-06T08:15:53.737877344Z: [    0.000000]   DMA      [mem 0x0000000000001000-0x0000000000ffffff]
[STDERR  ] 2018-03-06T08:15:53.737905857Z: [    0.000000]   DMA32    [mem 0x0000000001000000-0x000000003ffddfff]
[STDERR  ] 2018-03-06T08:15:53.737923493Z: [    0.000000]   Normal   empty
[STDERR  ] 2018-03-06T08:15:53.737941511Z: [    0.000000]   Device   empty
[STDERR  ] 2018-03-06T08:15:53.737966534Z: [    0.000000] Movable zone start for each node
[STDERR  ] 2018-03-06T08:15:53.737984596Z: [    0.000000] Early memory node ranges
[STDERR  ] 2018-03-06T08:15:53.738001458Z: [    0.000000]   node   0: [mem 0x0000000000001000-0x000000000009efff]
[STDERR  ] 2018-03-06T08:15:53.738041149Z: [    0.000000]   node   0: [mem 0x0000000000100000-0x000000003ffddfff]
[STDERR  ] 2018-03-06T08:15:53.738068832Z: [    0.000000] Initmem setup node 0 [mem 0x0000000000001000-0x000000003ffddfff]
[STDERR  ] 2018-03-06T08:15:53.738096982Z: [    0.000000] ACPI: PM-Timer IO Port: 0x608
[STDERR  ] 2018-03-06T08:15:53.738125868Z: [    0.000000] ACPI: LAPIC_NMI (acpi_id[0xff] dfl dfl lint[0x1])
[STDERR  ] 2018-03-06T08:15:53.738145038Z: [    0.000000] IOAPIC[0]: apic_id 0, version 17, address 0xfec00000, GSI 0-23
[STDERR  ] 2018-03-06T08:15:53.738161625Z: [    0.000000] ACPI: INT_SRC_OVR (bus 0 bus_irq 0 global_irq 2 dfl dfl)
[STDERR  ] 2018-03-06T08:15:53.738179450Z: [    0.000000] ACPI: INT_SRC_OVR (bus 0 bus_irq 5 global_irq 5 high level)
[STDERR  ] 2018-03-06T08:15:53.738205037Z: [    0.000000] ACPI: INT_SRC_OVR (bus 0 bus_irq 9 global_irq 9 high level)
[STDERR  ] 2018-03-06T08:15:53.738222751Z: [    0.000000] ACPI: INT_SRC_OVR (bus 0 bus_irq 10 global_irq 10 high level)
[STDERR  ] 2018-03-06T08:15:53.738239758Z: [    0.000000] ACPI: INT_SRC_OVR (bus 0 bus_irq 11 global_irq 11 high level)
[STDERR  ] 2018-03-06T08:15:53.738258124Z: [    0.000000] Using ACPI (MADT) for SMP configuration information
[STDERR  ] 2018-03-06T08:15:53.738283542Z: [    0.000000] ACPI: HPET id: 0x8086a201 base: 0xfed00000
[STDERR  ] 2018-03-06T08:15:53.738300433Z: [    0.000000] smpboot: Allowing 1 CPUs, 0 hotplug CPUs
[STDERR  ] 2018-03-06T08:15:53.738317260Z: [    0.000000] e820: [mem 0x40000000-0xafffffff] available for PCI devices
[STDERR  ] 2018-03-06T08:15:53.738337825Z: [    0.000000] Booting paravirtualized kernel on KVM
[STDERR  ] 2018-03-06T08:15:53.738373919Z: [    0.000000] clocksource: refined-jiffies: mask: 0xffffffff max_cycles: 0xffffffff, max_idle_ns: 19112604462750000 ns
[STDERR  ] 2018-03-06T08:15:53.738406847Z: [    0.000000] setup_percpu: NR_CPUS:128 nr_cpumask_bits:128 nr_cpu_ids:1 nr_node_ids:1
[STDERR  ] 2018-03-06T08:15:53.738430058Z: [    0.000000] percpu: Embedded 44 pages/cpu @ffff967dfd400000 s143128 r8192 d28904 u2097152
[STDERR  ] 2018-03-06T08:15:53.738463991Z: [    0.000000] KVM setup async PF for cpu 0
[STDERR  ] 2018-03-06T08:15:53.738488153Z: [    0.000000] kvm-stealtime: cpu 0, msr 3d415f00
[STDERR  ] 2018-03-06T08:15:53.738526086Z: [    0.000000] Built 1 zonelists, mobility grouping on.  Total pages: 257895
[STDERR  ] 2018-03-06T08:15:53.738547210Z: [    0.000000] Kernel command line: console=ttyS0 console=ttyAMA0
[STDERR  ] 2018-03-06T08:15:53.738568047Z: [    0.000000] PID hash table entries: 4096 (order: 3, 32768 bytes)
[STDERR  ] 2018-03-06T08:15:53.738586226Z: [    0.000000] Dentry cache hash table entries: 131072 (order: 8, 1048576 bytes)
[STDERR  ] 2018-03-06T08:15:53.738614079Z: [    0.000000] Inode-cache hash table entries: 65536 (order: 7, 524288 bytes)
[STDERR  ] 2018-03-06T08:15:53.738631380Z: [    0.000000] Memory: 962744K/1048048K available (12300K kernel code, 1460K rwdata, 2956K rodata, 1504K init, 628K bss, 85304K reserved, 0K cma-reserved)
[STDERR  ] 2018-03-06T08:15:53.738649744Z: [    0.000000] Kernel/User page tables isolation: enabled
[STDERR  ] 2018-03-06T08:15:53.738676746Z: [    0.000000] ftrace: allocating 40632 entries in 159 pages
[STDERR  ] 2018-03-06T08:15:53.738695101Z: [    0.010000] Hierarchical RCU implementation.
[STDERR  ] 2018-03-06T08:15:53.738714681Z: [    0.010000] 	RCU restricting CPUs from NR_CPUS=128 to nr_cpu_ids=1.
[STDERR  ] 2018-03-06T08:15:53.738731795Z: [    0.010000] RCU: Adjusting geometry for rcu_fanout_leaf=16, nr_cpu_ids=1
[STDERR  ] 2018-03-06T08:15:53.738755451Z: [    0.010000] NR_IRQS: 8448, nr_irqs: 256, preallocated irqs: 16
[STDERR  ] 2018-03-06T08:15:53.738779655Z: [    0.010000] Console: colour VGA+ 80x25
[STDERR  ] 2018-03-06T08:15:53.738807991Z: [    0.010000] console [ttyS0] enabled
[STDERR  ] 2018-03-06T08:15:53.738843062Z: [    0.010000] clocksource: hpet: mask: 0xffffffff max_cycles: 0xffffffff, max_idle_ns: 19112604467 ns
[STDERR  ] 2018-03-06T08:15:53.738864720Z: [    0.010039] tsc: Detected 2299.928 MHz processor
[STDERR  ] 2018-03-06T08:15:53.738895685Z: [    0.014103] Calibrating delay loop (skipped) preset value.. 4599.85 BogoMIPS (lpj=22999280)
[STDERR  ] 2018-03-06T08:15:53.738922561Z: [    0.020027] pid_max: default: 32768 minimum: 301
[STDERR  ] 2018-03-06T08:15:53.738939929Z: [    0.025116] ACPI: Core revision 20170728
[STDERR  ] 2018-03-06T08:15:53.738957338Z: [    0.030652] ACPI: 1 ACPI AML tables successfully acquired and loaded
[STDERR  ] 2018-03-06T08:15:53.738974162Z: [    0.035332] Security Framework initialized
[STDERR  ] 2018-03-06T08:15:53.739000874Z: [    0.039114] Yama: becoming mindful.
[STDERR  ] 2018-03-06T08:15:53.739023955Z: [    0.040099] Mount-cache hash table entries: 2048 (order: 2, 16384 bytes)
[STDERR  ] 2018-03-06T08:15:53.739041919Z: [    0.046195] Mountpoint-cache hash table entries: 2048 (order: 2, 16384 bytes)
[STDERR  ] 2018-03-06T08:15:53.739059100Z: [    0.050937] CPU: Physical Processor ID: 0
[STDERR  ] 2018-03-06T08:15:53.739084497Z: [    0.065838] Last level iTLB entries: 4KB 0, 2MB 0, 4MB 0
[STDERR  ] 2018-03-06T08:15:53.739109270Z: [    0.070035] Last level dTLB entries: 4KB 0, 2MB 0, 4MB 0, 1GB 0
[STDERR  ] 2018-03-06T08:15:53.739133648Z: [    0.075871] Spectre V2 : Vulnerable: Minimal generic ASM retpoline
[STDERR  ] 2018-03-06T08:15:53.739164572Z: [    0.092714] Freeing SMP alternatives memory: 20K
[STDERR  ] 2018-03-06T08:15:53.739182441Z: [    0.098123] smpboot: Max logical packages: 1
[STDERR  ] 2018-03-06T08:15:53.739206315Z: [    0.102021] x2apic enabled
[STDERR  ] 2018-03-06T08:15:53.739239690Z: [    0.106851] Switched APIC routing to physical x2apic.
[STDERR  ] 2018-03-06T08:15:53.739258003Z: [    0.123403] ..TIMER: vector=0x30 apic1=0 pin1=2 apic2=-1 pin2=-1
[STDERR  ] 2018-03-06T08:15:53.739276190Z: [    0.130000] smpboot: CPU0: Intel QEMU Virtual CPU version 2.5+ (family: 0x6, model: 0x6, stepping: 0x3)
[STDERR  ] 2018-03-06T08:15:53.739300713Z: [    0.130000] Performance Events: PMU not available due to virtualization, using software events only.
[STDERR  ] 2018-03-06T08:15:53.739327812Z: [    0.140445] Hierarchical SRCU implementation.
[STDERR  ] 2018-03-06T08:15:53.739345494Z: [    0.150178] NMI watchdog: Perf event create on CPU 0 failed with -2
[STDERR  ] 2018-03-06T08:15:53.739363336Z: [    0.156589] NMI watchdog: Perf NMI watchdog permanently disabled
[STDERR  ] 2018-03-06T08:15:53.739392744Z: [    0.160090] smp: Bringing up secondary CPUs ...
[STDERR  ] 2018-03-06T08:15:53.739411579Z: [    0.164439] smp: Brought up 1 node, 1 CPU
[STDERR  ] 2018-03-06T08:15:53.739428869Z: [    0.170013] smpboot: Total of 1 processors activated (4599.85 BogoMIPS)
[STDERR  ] 2018-03-06T08:15:53.739446303Z: [    0.182260] devtmpfs: initialized
[STDERR  ] 2018-03-06T08:15:53.739472449Z: [    0.185799] x86/mm: Memory block size: 128MB
[STDERR  ] 2018-03-06T08:15:53.739489601Z: [    0.190427] clocksource: jiffies: mask: 0xffffffff max_cycles: 0xffffffff, max_idle_ns: 19112604462750000 ns
[STDERR  ] 2018-03-06T08:15:53.739506917Z: [    0.200032] futex hash table entries: 256 (order: 2, 16384 bytes)
[STDERR  ] 2018-03-06T08:15:53.739526224Z: [    0.207040] NET: Registered protocol family 16
[STDERR  ] 2018-03-06T08:15:53.739560385Z: [    0.210306] cpuidle: using governor ladder
[STDERR  ] 2018-03-06T08:15:53.739585862Z: [    0.214292] cpuidle: using governor menu
[STDERR  ] 2018-03-06T08:15:53.739608603Z: [    0.220149] ACPI: bus type PCI registered
[STDERR  ] 2018-03-06T08:15:53.739640600Z: [    0.224516] PCI: MMCONFIG for domain 0000 [bus 00-ff] at [mem 0xb0000000-0xbfffffff] (base 0xb0000000)
[STDERR  ] 2018-03-06T08:15:53.739660657Z: [    0.230019] PCI: MMCONFIG at [mem 0xb0000000-0xbfffffff] reserved in E820
[STDERR  ] 2018-03-06T08:15:53.739678757Z: [    0.240031] PCI: Using configuration type 1 for base access
[STDERR  ] 2018-03-06T08:15:53.739695084Z: [    0.247089] HugeTLB registered 2.00 MiB page size, pre-allocated 0 pages
[STDERR  ] 2018-03-06T08:15:53.739721424Z: [    0.250332] ACPI: Added _OSI(Module Device)
[STDERR  ] 2018-03-06T08:15:53.739740073Z: [    0.254380] ACPI: Added _OSI(Processor Device)
[STDERR  ] 2018-03-06T08:15:53.739763207Z: [    0.260019] ACPI: Added _OSI(3.0 _SCP Extensions)
[STDERR  ] 2018-03-06T08:15:53.739780207Z: [    0.264433] ACPI: Added _OSI(Processor Aggregator Device)
[STDERR  ] 2018-03-06T08:15:53.739810288Z: [    0.276686] ACPI: Interpreter enabled
[STDERR  ] 2018-03-06T08:15:53.739829016Z: [    0.280059] ACPI: (supports S0 S5)
[STDERR  ] 2018-03-06T08:15:53.739846320Z: [    0.283266] ACPI: Using IOAPIC for interrupt routing
[STDERR  ] 2018-03-06T08:15:53.739866021Z: [    0.290078] PCI: Using host bridge windows from ACPI; if necessary, use "pci=nocrs" and report a bug
[STDERR  ] 2018-03-06T08:15:53.739891978Z: [    0.300297] ACPI: Enabled 1 GPEs in block 00 to 3F
[STDERR  ] 2018-03-06T08:15:53.739909686Z: [    0.308829] ACPI: PCI Root Bridge [PCI0] (domain 0000 [bus 00-ff])
[STDERR  ] 2018-03-06T08:15:53.739929202Z: [    0.310023] acpi PNP0A08:00: _OSC: OS supports [ExtendedConfig ASPM ClockPM Segments MSI]
[STDERR  ] 2018-03-06T08:15:53.739956015Z: [    0.320164] acpi PNP0A08:00: _OSC: OS now controls [PCIeHotplug PME PCIeCapability]
[STDERR  ] 2018-03-06T08:15:53.739975809Z: [    0.330104] PCI host bridge to bus 0000:00
[STDERR  ] 2018-03-06T08:15:53.739999258Z: [    0.333950] pci_bus 0000:00: root bus resource [io  0x0000-0x0cf7 window]
[STDERR  ] 2018-03-06T08:15:53.740036666Z: [    0.340018] pci_bus 0000:00: root bus resource [io  0x0d00-0xffff window]
[STDERR  ] 2018-03-06T08:15:53.740055077Z: [    0.346196] pci_bus 0000:00: root bus resource [mem 0x000a0000-0x000bffff window]
[STDERR  ] 2018-03-06T08:15:53.740076731Z: [    0.350018] pci_bus 0000:00: root bus resource [mem 0xc0000000-0xfebfffff window]
[STDERR  ] 2018-03-06T08:15:53.740112206Z: [    0.360020] pci_bus 0000:00: root bus resource [bus 00-ff]
[STDERR  ] 2018-03-06T08:15:53.740145577Z: [    0.535532] pci 0000:00:1f.0: quirk: [io  0x0600-0x067f] claimed by ICH6 ACPI/GPIO/TCO
[STDERR  ] 2018-03-06T08:15:53.740171847Z: [    0.627690] ACPI: PCI Interrupt Link [LNKA] (IRQs 5 *10 11)
[STDERR  ] 2018-03-06T08:15:53.740204866Z: [    0.630392] ACPI: PCI Interrupt Link [LNKB] (IRQs 5 *10 11)
[STDERR  ] 2018-03-06T08:15:53.740221391Z: [    0.636245] ACPI: PCI Interrupt Link [LNKC] (IRQs 5 10 *11)
[STDERR  ] 2018-03-06T08:15:53.740239000Z: [    0.640373] ACPI: PCI Interrupt Link [LNKD] (IRQs 5 10 *11)
[STDERR  ] 2018-03-06T08:15:53.740266873Z: [    0.645575] ACPI: PCI Interrupt Link [LNKE] (IRQs 5 *10 11)
[STDERR  ] 2018-03-06T08:15:53.740284804Z: [    0.650329] ACPI: PCI Interrupt Link [LNKF] (IRQs 5 *10 11)
[STDERR  ] 2018-03-06T08:15:53.740305288Z: [    0.660418] ACPI: PCI Interrupt Link [LNKG] (IRQs 5 10 *11)
[STDERR  ] 2018-03-06T08:15:53.740322179Z: [    0.666143] ACPI: PCI Interrupt Link [LNKH] (IRQs 5 10 *11)
[STDERR  ] 2018-03-06T08:15:53.740346855Z: [    0.670204] ACPI: PCI Interrupt Link [GSIA] (IRQs *16)
[STDERR  ] 2018-03-06T08:15:53.740364759Z: [    0.674659] ACPI: PCI Interrupt Link [GSIB] (IRQs *17)
[STDERR  ] 2018-03-06T08:15:53.740386346Z: [    0.680045] ACPI: PCI Interrupt Link [GSIC] (IRQs *18)
[STDERR  ] 2018-03-06T08:15:53.740404696Z: [    0.684490] ACPI: PCI Interrupt Link [GSID] (IRQs *19)
[STDERR  ] 2018-03-06T08:15:53.740430171Z: [    0.688889] ACPI: PCI Interrupt Link [GSIE] (IRQs *20)
[STDERR  ] 2018-03-06T08:15:53.740447376Z: [    0.690046] ACPI: PCI Interrupt Link [GSIF] (IRQs *21)
[STDERR  ] 2018-03-06T08:15:53.740464237Z: [    0.700060] ACPI: PCI Interrupt Link [GSIG] (IRQs *22)
[STDERR  ] 2018-03-06T08:15:53.740479893Z: [    0.704950] ACPI: PCI Interrupt Link [GSIH] (IRQs *23)
[STDERR  ] 2018-03-06T08:15:53.740505542Z: [    0.710455] SCSI subsystem initialized
[STDERR  ] 2018-03-06T08:15:53.740522844Z: [    0.713830] ACPI: bus type USB registered
[STDERR  ] 2018-03-06T08:15:53.740538983Z: [    0.717475] usbcore: registered new interface driver usbfs
[STDERR  ] 2018-03-06T08:15:53.740557141Z: [    0.720058] usbcore: registered new interface driver hub
[STDERR  ] 2018-03-06T08:15:53.740582450Z: [    0.724726] usbcore: registered new device driver usb
[STDERR  ] 2018-03-06T08:15:53.740607987Z: [    0.730045] pps_core: LinuxPPS API ver. 1 registered
[STDERR  ] 2018-03-06T08:15:53.740624788Z: [    0.734369] pps_core: Software ver. 5.3.6 - Copyright 2005-2007 Rodolfo Giometti <giometti@linux.it>
[STDERR  ] 2018-03-06T08:15:53.740643777Z: [    0.740027] PTP clock support registered
[STDERR  ] 2018-03-06T08:15:53.740670645Z: [    0.743612] PCI: Using ACPI for IRQ routing
[STDERR  ] 2018-03-06T08:15:53.740690014Z: [    1.183908] NetLabel: Initializing
[STDERR  ] 2018-03-06T08:15:53.740707406Z: [    1.186927] NetLabel:  domain hash size = 128
[STDERR  ] 2018-03-06T08:15:53.740732748Z: [    1.190010] NetLabel:  protocols = UNLABELED CIPSOv4 CALIPSO
[STDERR  ] 2018-03-06T08:15:53.740750077Z: [    1.194831] NetLabel:  unlabeled traffic allowed by default
[STDERR  ] 2018-03-06T08:15:53.740769537Z: [    1.200266] HPET: 3 timers in total, 0 timers will be used for per-cpu timer
[STDERR  ] 2018-03-06T08:15:53.740787510Z: [    1.206394] hpet0: at MMIO 0xfed00000, IRQs 2, 8, 0
[STDERR  ] 2018-03-06T08:15:53.740812803Z: [    1.210013] hpet0: 3 comparators, 64-bit 100.000000 MHz counter
[STDERR  ] 2018-03-06T08:15:53.740830406Z: [    1.220053] clocksource: Switched to clocksource kvm-clock
[STDERR  ] 2018-03-06T08:15:53.740847084Z: [    1.245160] VFS: Disk quotas dquot_6.6.0
[STDERR  ] 2018-03-06T08:15:53.740864362Z: [    1.248857] VFS: Dquot-cache hash table entries: 512 (order 0, 4096 bytes)
[STDERR  ] 2018-03-06T08:15:53.740889116Z: [    1.254966] FS-Cache: Loaded
[STDERR  ] 2018-03-06T08:15:53.740908027Z: [    1.257749] CacheFiles: Loaded
[STDERR  ] 2018-03-06T08:15:53.740925682Z: [    1.260641] pnp: PnP ACPI init
[STDERR  ] 2018-03-06T08:15:53.740943078Z: [    1.264449] pnp: PnP ACPI: found 5 devices
[STDERR  ] 2018-03-06T08:15:53.740969322Z: [    1.274177] clocksource: acpi_pm: mask: 0xffffff max_cycles: 0xffffff, max_idle_ns: 2085701024 ns
[STDERR  ] 2018-03-06T08:15:53.740994041Z: [    1.281862] NET: Registered protocol family 2
[STDERR  ] 2018-03-06T08:15:53.741016568Z: [    1.285913] TCP established hash table entries: 8192 (order: 4, 65536 bytes)
[STDERR  ] 2018-03-06T08:15:53.741042930Z: [    1.292026] TCP bind hash table entries: 8192 (order: 5, 131072 bytes)
[STDERR  ] 2018-03-06T08:15:53.741061240Z: [    1.298391] TCP: Hash tables configured (established 8192 bind 8192)
[STDERR  ] 2018-03-06T08:15:53.741081748Z: [    1.303996] UDP hash table entries: 512 (order: 2, 16384 bytes)
[STDERR  ] 2018-03-06T08:15:53.741098969Z: [    1.308997] UDP-Lite hash table entries: 512 (order: 2, 16384 bytes)
[STDERR  ] 2018-03-06T08:15:53.741128110Z: [    1.314559] NET: Registered protocol family 1
[STDERR  ] 2018-03-06T08:15:53.741144310Z: [    1.318560] pci 0000:00:01.0: Video device with shadowed ROM at [mem 0x000c0000-0x000dffff]
[STDERR  ] 2018-03-06T08:15:53.741162561Z: [    1.326178] Trying to unpack rootfs image as initramfs...
[STDERR  ] 2018-03-06T08:15:53.741180038Z: [    2.224096] Freeing initrd memory: 42080K
[STDERR  ] 2018-03-06T08:15:53.741205340Z: [    2.229030] PCLMULQDQ-NI instructions are not detected.
[STDERR  ] 2018-03-06T08:15:53.741222839Z: [    2.233775] AVX or AES-NI instructions are not detected.
[STDERR  ] 2018-03-06T08:15:53.741239782Z: [    2.238291] CPU feature 'AVX registers' is not supported.
[STDERR  ] 2018-03-06T08:15:53.741256509Z: [    2.242950] CPU feature 'AVX registers' is not supported.
[STDERR  ] 2018-03-06T08:15:53.741282630Z: [    2.247598] CPU feature 'AVX registers' is not supported.
[STDERR  ] 2018-03-06T08:15:53.741298892Z: [    2.252417] CPU feature 'AVX registers' is not supported.
[STDERR  ] 2018-03-06T08:15:53.741319025Z: [    2.256984] AVX2 or AES-NI instructions are not detected.
[STDERR  ] 2018-03-06T08:15:53.741357681Z: [    2.261633] AVX2 instructions are not detected.
[STDERR  ] 2018-03-06T08:15:53.741384661Z: [    2.265742] audit: initializing netlink subsys (disabled)
[STDERR  ] 2018-03-06T08:15:53.741406802Z: [    2.270782] audit: type=2000 audit(1520324136.743:1): state=initialized audit_enabled=0 res=1
[STDERR  ] 2018-03-06T08:15:53.741435630Z: [    2.278041] workingset: timestamp_bits=46 max_order=18 bucket_order=0
[STDERR  ] 2018-03-06T08:15:53.741461821Z: [    2.283796] squashfs: version 4.0 (2009/01/31) Phillip Lougher
[STDERR  ] 2018-03-06T08:15:53.741479385Z: [    2.288820] FS-Cache: Netfs 'cifs' registered for caching
[STDERR  ] 2018-03-06T08:15:53.741511453Z: [    2.293492] fuse init (API version 7.26)
[STDERR  ] 2018-03-06T08:15:53.741538026Z: [    2.296933] SGI XFS with ACLs, security attributes, no debug enabled
[STDERR  ] 2018-03-06T08:15:53.741588687Z: [    2.302766] 9p: Installing v9fs 9p2000 file system support
[STDERR  ] 2018-03-06T08:15:53.741620551Z: [    2.307404] FS-Cache: Netfs '9p' registered for caching
[STDERR  ] 2018-03-06T08:15:53.741641479Z: [    2.312970] NET: Registered protocol family 38
[STDERR  ] 2018-03-06T08:15:53.741668117Z: [    2.316907] Key type asymmetric registered
[STDERR  ] 2018-03-06T08:15:53.741687867Z: [    2.320549] Asymmetric key parser 'x509' registered
[STDERR  ] 2018-03-06T08:15:53.741712598Z: [    2.325108] Block layer SCSI generic (bsg) driver version 0.4 loaded (major 248)
[STDERR  ] 2018-03-06T08:15:53.741750851Z: [    2.332087] io scheduler noop registered
[STDERR  ] 2018-03-06T08:15:53.741773170Z: [    2.335549] io scheduler deadline registered (default)
[STDERR  ] 2018-03-06T08:15:53.741795686Z: [    2.339918] io scheduler cfq registered
[STDERR  ] 2018-03-06T08:15:53.741813819Z: [    2.343402] io scheduler mq-deadline registered
[STDERR  ] 2018-03-06T08:15:53.741843665Z: [    2.347696] io scheduler kyber registered
[STDERR  ] 2018-03-06T08:15:53.741860313Z: [    2.351841] shpchp: Standard Hot Plug PCI Controller Driver version: 0.4
[STDERR  ] 2018-03-06T08:15:53.741879207Z: [    2.357945] hv_vmbus: registering driver hyperv_fb
[STDERR  ] 2018-03-06T08:15:53.741903030Z: [    2.362340] input: Power Button as /devices/LNXSYSTM:00/LNXPWRBN:00/input/input0
[STDERR  ] 2018-03-06T08:15:53.741921213Z: [    2.368791] ACPI: Power Button [PWRF]
[STDERR  ] 2018-03-06T08:15:53.741941051Z: [    2.373137] ACPI: PCI Interrupt Link [GSIG] enabled at IRQ 22
[STDERR  ] 2018-03-06T08:15:53.741957884Z: [    2.385235] ACPI: PCI Interrupt Link [GSIH] enabled at IRQ 23
[STDERR  ] 2018-03-06T08:15:53.741987226Z: [    2.397116] Serial: 8250/16550 driver, 4 ports, IRQ sharing disabled
[STDERR  ] 2018-03-06T08:15:53.742006862Z: [    2.436360] 00:04: ttyS0 at I/O 0x3f8 (irq = 4, base_baud = 115200) is a 16550A
[STDERR  ] 2018-03-06T08:15:53.742036952Z: [    2.444116] Non-volatile memory driver v1.3
[STDERR  ] 2018-03-06T08:15:53.742054462Z: [    2.450094] Hangcheck: starting hangcheck timer 0.9.1 (tick is 180 seconds, margin is 60 seconds).
[STDERR  ] 2018-03-06T08:15:53.742072495Z: [    2.458778] random: crng init done
[STDERR  ] 2018-03-06T08:15:53.742090346Z: [    2.466596] brd: module loaded
[STDERR  ] 2018-03-06T08:15:53.742114169Z: [    2.471475] loop: module loaded
[STDERR  ] 2018-03-06T08:15:53.742135484Z: [    2.478488] lpc_ich 0000:00:1f.0: I/O space for GPIO uninitialized
[STDERR  ] 2018-03-06T08:15:53.742159498Z: [    2.484155] VMware PVSCSI driver - version 1.0.7.0-k
[STDERR  ] 2018-03-06T08:15:53.742182874Z: [    2.488503] hv_vmbus: registering driver hv_storvsc
[STDERR  ] 2018-03-06T08:15:53.742215598Z: [    2.493421] ACPI: PCI Interrupt Link [GSIA] enabled at IRQ 16
[STDERR  ] 2018-03-06T08:15:53.742233130Z: [    2.502521] ahci 0000:00:1f.2: AHCI 0001.0000 32 slots 6 ports 1.5 Gbps 0x3f impl SATA mode
[STDERR  ] 2018-03-06T08:15:53.742250716Z: [    2.510246] ahci 0000:00:1f.2: flags: 64bit ncq only 
[STDERR  ] 2018-03-06T08:15:53.742267612Z: [    2.518338] scsi host0: ahci
[STDERR  ] 2018-03-06T08:15:53.742285077Z: [    2.521293] scsi host1: ahci
[STDERR  ] 2018-03-06T08:15:53.742302147Z: [    2.524011] scsi host2: ahci
[STDERR  ] 2018-03-06T08:15:53.742320280Z: [    2.526822] scsi host3: ahci
[STDERR  ] 2018-03-06T08:15:53.742337533Z: [    2.529561] scsi host4: ahci
[STDERR  ] 2018-03-06T08:15:53.742354230Z: [    2.532274] scsi host5: ahci
[STDERR  ] 2018-03-06T08:15:53.742370988Z: [    2.534952] ata1: SATA max UDMA/133 abar m4096@0xfebd2000 port 0xfebd2100 irq 24
[STDERR  ] 2018-03-06T08:15:53.742394876Z: [    2.541371] ata2: SATA max UDMA/133 abar m4096@0xfebd2000 port 0xfebd2180 irq 24
[STDERR  ] 2018-03-06T08:15:53.742412312Z: [    2.547597] ata3: SATA max UDMA/133 abar m4096@0xfebd2000 port 0xfebd2200 irq 24
[STDERR  ] 2018-03-06T08:15:53.742430831Z: [    2.554145] ata4: SATA max UDMA/133 abar m4096@0xfebd2000 port 0xfebd2280 irq 24
[STDERR  ] 2018-03-06T08:15:53.742448185Z: [    2.560531] ata5: SATA max UDMA/133 abar m4096@0xfebd2000 port 0xfebd2300 irq 24
[STDERR  ] 2018-03-06T08:15:53.742465316Z: [    2.566875] ata6: SATA max UDMA/133 abar m4096@0xfebd2000 port 0xfebd2380 irq 24
[STDERR  ] 2018-03-06T08:15:53.742482703Z: [    2.576457] tun: Universal TUN/TAP device driver, 1.6
[STDERR  ] 2018-03-06T08:15:53.742499727Z: [    2.586316] VMware vmxnet3 virtual NIC driver - version 1.4.a.0-k-NAPI
[STDERR  ] 2018-03-06T08:15:53.742517215Z: [    2.592099] hv_vmbus: registering driver hv_netvsc
[STDERR  ] 2018-03-06T08:15:53.742534200Z: [    2.596352] Fusion MPT base driver 3.04.20
[STDERR  ] 2018-03-06T08:15:53.742550762Z: [    2.600273] Copyright (c) 1999-2008 LSI Corporation
[STDERR  ] 2018-03-06T08:15:53.742567671Z: [    2.604904] Fusion MPT SPI Host driver 3.04.20
[STDERR  ] 2018-03-06T08:15:53.742594432Z: [    2.608986] i8042: PNP: PS/2 Controller [PNP0303:KBD,PNP0f13:MOU] at 0x60,0x64 irq 1,12
[STDERR  ] 2018-03-06T08:15:53.742614801Z: [    2.619173] serio: i8042 KBD port at 0x60,0x64 irq 1
[STDERR  ] 2018-03-06T08:15:53.742631952Z: [    2.623539] serio: i8042 AUX port at 0x60,0x64 irq 12
[STDERR  ] 2018-03-06T08:15:53.742649202Z: [    2.627914] hv_vmbus: registering driver hyperv_keyboard
[STDERR  ] 2018-03-06T08:15:53.742682234Z: [    2.632697] mousedev: PS/2 mouse device common for all mice
[STDERR  ] 2018-03-06T08:15:53.742712189Z: [    2.639582] input: AT Translated Set 2 keyboard as /devices/platform/i8042/serio0/input/input1
[STDERR  ] 2018-03-06T08:15:53.742737225Z: [    2.647320] input: PC Speaker as /devices/platform/pcspkr/input/input2
[STDERR  ] 2018-03-06T08:15:53.742754500Z: [    2.653390] rtc_cmos 00:00: RTC can wake from S4
[STDERR  ] 2018-03-06T08:15:53.742774246Z: [    2.659931] rtc_cmos 00:00: rtc core: registered rtc_cmos as rtc0
[STDERR  ] 2018-03-06T08:15:53.742791663Z: [    2.666429] rtc_cmos 00:00: alarms up to one day, y3k, 114 bytes nvram, hpet irqs
[STDERR  ] 2018-03-06T08:15:53.742809370Z: [    2.672826] i2c /dev entries driver
[STDERR  ] 2018-03-06T08:15:53.742826425Z: [    2.676110] device-mapper: ioctl: 4.37.0-ioctl (2017-09-20) initialised: dm-devel@redhat.com
[STDERR  ] 2018-03-06T08:15:53.742843880Z: [    2.684577] usbcore: registered new interface driver usbhid
[STDERR  ] 2018-03-06T08:15:53.742860595Z: [    2.689913] usbhid: USB HID core driver
[STDERR  ] 2018-03-06T08:15:53.742876015Z: [    2.693509] hv_utils: Registering HyperV Utility Driver
[STDERR  ] 2018-03-06T08:15:53.742896638Z: [    2.697964] hv_vmbus: registering driver hv_util
[STDERR  ] 2018-03-06T08:15:53.742913834Z: [    2.702144] hv_vmbus: registering driver hv_balloon
[STDERR  ] 2018-03-06T08:15:53.742930783Z: [    2.706535] oprofile: using NMI interrupt.
[STDERR  ] 2018-03-06T08:15:53.742947486Z: [    2.710343] GACT probability on
[STDERR  ] 2018-03-06T08:15:53.742963655Z: [    2.713077] Mirror/redirect action on
[STDERR  ] 2018-03-06T08:15:53.742983200Z: [    2.716185] Simple TC action Loaded
[STDERR  ] 2018-03-06T08:15:53.742999696Z: [    2.719236] u32 classifier
[STDERR  ] 2018-03-06T08:15:53.743021545Z: [    2.721745]     Performance counters on
[STDERR  ] 2018-03-06T08:15:53.743037406Z: [    2.724985]     input device check on
[STDERR  ] 2018-03-06T08:15:53.743054980Z: [    2.728093]     Actions configured
[STDERR  ] 2018-03-06T08:15:53.743071461Z: [    2.731139] Netfilter messages via NETLINK v0.30.
[STDERR  ] 2018-03-06T08:15:53.743088131Z: [    2.735452] nfnl_acct: registering with nfnetlink.
[STDERR  ] 2018-03-06T08:15:53.743108191Z: [    2.739904] nf_conntrack version 0.5.0 (8192 buckets, 32768 max)
[STDERR  ] 2018-03-06T08:15:53.743138388Z: [    2.745350] ctnetlink v0.93: registering with nfnetlink.
[STDERR  ] 2018-03-06T08:15:53.743160760Z: [    2.749760] nf_tables: (c) 2007-2009 Patrick McHardy <kaber@trash.net>
[STDERR  ] 2018-03-06T08:15:53.743178349Z: [    2.755378] nf_tables_compat: (c) 2012 Pablo Neira Ayuso <pablo@netfilter.org>
[STDERR  ] 2018-03-06T08:15:53.743194723Z: [    2.761655] xt_time: kernel timezone is -0000
[STDERR  ] 2018-03-06T08:15:53.743212643Z: [    2.765772] ip_set: protocol 6
[STDERR  ] 2018-03-06T08:15:53.743234559Z: [    2.768641] IPVS: Registered protocols (TCP, UDP, SCTP, AH, ESP)
[STDERR  ] 2018-03-06T08:15:53.743258598Z: [    2.774105] IPVS: Connection hash table configured (size=4096, memory=64Kbytes)
[STDERR  ] 2018-03-06T08:15:53.743307891Z: [    2.780485] IPVS: ipvs loaded.
[STDERR  ] 2018-03-06T08:15:53.743326358Z: [    2.783113] IPVS: [rr] scheduler registered.
[STDERR  ] 2018-03-06T08:15:53.743344615Z: [    2.786728] IPVS: [wrr] scheduler registered.
[STDERR  ] 2018-03-06T08:15:53.743361779Z: [    2.790951] IPVS: [lc] scheduler registered.
[STDERR  ] 2018-03-06T08:15:53.743379156Z: [    2.794577] IPVS: [wlc] scheduler registered.
[STDOUT  ] 2018-03-06T08:15:53.743341941Z: [    0.000000] Linux version 4.14.23-linuxkit (root@e0a6c0f2f7a4) (gcc version 6.4.0 (Alpine 6.4.0)) #1 SMP Wed Feb 28 11:15:17 UTC 2018
[STDOUT  ] 2018-03-06T08:15:53.743428071Z: [    0.000000] Command line: console=ttyS0 console=ttyAMA0
[STDOUT  ] 2018-03-06T08:15:53.743440058Z: [    0.000000] x86/fpu: x87 FPU will use FXSAVE
[STDOUT  ] 2018-03-06T08:15:53.743451353Z: [    0.000000] e820: BIOS-provided physical RAM map:
[STDOUT  ] 2018-03-06T08:15:53.743462476Z: [    0.000000] BIOS-e820: [mem 0x0000000000000000-0x000000000009fbff] usable
[STDOUT  ] 2018-03-06T08:15:53.743483455Z: [    0.000000] BIOS-e820: [mem 0x000000000009fc00-0x000000000009ffff] reserved
[STDOUT  ] 2018-03-06T08:15:53.743492961Z: [    0.000000] BIOS-e820: [mem 0x00000000000f0000-0x00000000000fffff] reserved
[STDOUT  ] 2018-03-06T08:15:53.743501964Z: [    0.000000] BIOS-e820: [mem 0x0000000000100000-0x000000003ffddfff] usable
[STDOUT  ] 2018-03-06T08:15:53.743510705Z: [    0.000000] BIOS-e820: [mem 0x000000003ffde000-0x000000003fffffff] reserved
[STDOUT  ] 2018-03-06T08:15:53.743518593Z: [    0.000000] BIOS-e820: [mem 0x00000000b0000000-0x00000000bfffffff] reserved
[STDOUT  ] 2018-03-06T08:15:53.743526881Z: [    0.000000] BIOS-e820: [mem 0x00000000fed1c000-0x00000000fed1ffff] reserved
[STDOUT  ] 2018-03-06T08:15:53.743536093Z: [    0.000000] BIOS-e820: [mem 0x00000000feffc000-0x00000000feffffff] reserved
[STDOUT  ] 2018-03-06T08:15:53.743545684Z: [    0.000000] BIOS-e820: [mem 0x00000000fffc0000-0x00000000ffffffff] reserved
[STDOUT  ] 2018-03-06T08:15:53.743554721Z: [    0.000000] NX (Execute Disable) protection: active
[STDOUT  ] 2018-03-06T08:15:53.743564318Z: [    0.000000] random: fast init done
[STDOUT  ] 2018-03-06T08:15:53.743573208Z: [    0.000000] SMBIOS 2.8 present.
[STDOUT  ] 2018-03-06T08:15:53.743586594Z: [    0.000000] DMI: QEMU Standard PC (Q35 + ICH9, 2009), BIOS rel-1.10.2-0-g5f4c7b1-prebuilt.qemu-project.org 04/01/2014
[STDOUT  ] 2018-03-06T08:15:53.743598833Z: [    0.000000] Hypervisor detected: KVM
[STDOUT  ] 2018-03-06T08:15:53.743608169Z: [    0.000000] tsc: Fast TSC calibration failed
[STDOUT  ] 2018-03-06T08:15:53.743617478Z: [    0.000000] tsc: Unable to calibrate against PIT
[STDOUT  ] 2018-03-06T08:15:53.743626101Z: [    0.000000] tsc: No reference (HPET/PMTIMER) available
[STDOUT  ] 2018-03-06T08:15:53.743634404Z: [    0.000000] e820: last_pfn = 0x3ffde max_arch_pfn = 0x400000000
[STDOUT  ] 2018-03-06T08:15:53.743642334Z: [    0.000000] x86/PAT: PAT not supported by CPU.
[STDOUT  ] 2018-03-06T08:15:53.743651286Z: [    0.000000] x86/PAT: Configuration [0-7]: WB  WT  UC- UC  WB  WT  UC- UC  
[STDERR  ] 2018-03-06T08:15:53.743396693Z: [    2.798493] IPVS: [fo] scheduler registered.
[STDOUT  ] 2018-03-06T08:15:53.743659770Z: [    0.000000] found SMP MP-table at [mem 0x000f6aa0-0x000f6aaf] mapped at [ffffffffff200aa0]
[STDOUT  ] 2018-03-06T08:15:53.743680312Z: [    0.000000] RAMDISK: [mem 0x3d6b8000-0x3ffcffff]
[STDOUT  ] 2018-03-06T08:15:53.743689212Z: [    0.000000] ACPI: Early table checksum verification disabled
[STDOUT  ] 2018-03-06T08:15:53.743697423Z: [    0.000000] ACPI: RSDP 0x00000000000F68B0 000014 (v00 BOCHS )
[STDOUT  ] 2018-03-06T08:15:53.743705812Z: [    0.000000] ACPI: RSDT 0x000000003FFE20A8 000034 (v01 BOCHS  BXPCRSDT 00000001 BXPC 00000001)
[STDOUT  ] 2018-03-06T08:15:53.743714664Z: [    0.000000] ACPI: FACP 0x000000003FFE1EC8 0000F4 (v03 BOCHS  BXPCFACP 00000001 BXPC 00000001)
[STDOUT  ] 2018-03-06T08:15:53.743723771Z: [    0.000000] ACPI: DSDT 0x000000003FFE0040 001E88 (v01 BOCHS  BXPCDSDT 00000001 BXPC 00000001)
[STDOUT  ] 2018-03-06T08:15:53.743732821Z: [    0.000000] ACPI: FACS 0x000000003FFE0000 000040
[STDOUT  ] 2018-03-06T08:15:53.743743315Z: [    0.000000] ACPI: APIC 0x000000003FFE1FBC 000078 (v01 BOCHS  BXPCAPIC 00000001 BXPC 00000001)
[STDERR  ] 2018-03-06T08:15:53.743669373Z: [    2.802422] IPVS: [ovf] scheduler registered.
[STDOUT  ] 2018-03-06T08:15:53.743751915Z: [    0.000000] ACPI: HPET 0x000000003FFE2034 000038 (v01 BOCHS  BXPCHPET 00000001 BXPC 00000001)
[STDOUT  ] 2018-03-06T08:15:53.743762075Z: [    0.000000] ACPI: MCFG 0x000000003FFE206C 00003C (v01 BOCHS  BXPCMCFG 00000001 BXPC 00000001)
[STDOUT  ] 2018-03-06T08:15:53.743782225Z: [    0.000000] kvm-clock: Using msrs 4b564d01 and 4b564d00
[STDOUT  ] 2018-03-06T08:15:53.743790347Z: [    0.000000] kvm-clock: cpu 0, msr 0:3ffdc001, primary cpu clock
[STDOUT  ] 2018-03-06T08:15:53.743799740Z: [    0.000000] clocksource: kvm-clock: mask: 0xffffffffffffffff max_cycles: 0x1cd42e4dffb, max_idle_ns: 881590591483 ns
[STDOUT  ] 2018-03-06T08:15:53.743808354Z: [    0.000000] Zone ranges:
[STDOUT  ] 2018-03-06T08:15:53.743821275Z: [    0.000000]   DMA      [mem 0x0000000000001000-0x0000000000ffffff]
[STDOUT  ] 2018-03-06T08:15:53.743830280Z: [    0.000000]   DMA32    [mem 0x0000000001000000-0x000000003ffddfff]
[STDOUT  ] 2018-03-06T08:15:53.743839963Z: [    0.000000]   Normal   empty
[STDOUT  ] 2018-03-06T08:15:53.743849082Z: [    0.000000]   Device   empty
[STDOUT  ] 2018-03-06T08:15:53.743862323Z: [    0.000000] Movable zone start for each node
[STDOUT  ] 2018-03-06T08:15:53.743871747Z: [    0.000000] Early memory node ranges
[STDOUT  ] 2018-03-06T08:15:53.743880154Z: [    0.000000]   node   0: [mem 0x0000000000001000-0x000000000009efff]
[STDOUT  ] 2018-03-06T08:15:53.743889056Z: [    0.000000]   node   0: [mem 0x0000000000100000-0x000000003ffddfff]
[STDOUT  ] 2018-03-06T08:15:53.743899272Z: [    0.000000] Initmem setup node 0 [mem 0x0000000000001000-0x000000003ffddfff]
[STDOUT  ] 2018-03-06T08:15:53.743906898Z: [    0.000000] ACPI: PM-Timer IO Port: 0x608
[STDOUT  ] 2018-03-06T08:15:53.743915439Z: [    0.000000] ACPI: LAPIC_NMI (acpi_id[0xff] dfl dfl lint[0x1])
[STDOUT  ] 2018-03-06T08:15:53.743923690Z: [    0.000000] IOAPIC[0]: apic_id 0, version 17, address 0xfec00000, GSI 0-23
[STDOUT  ] 2018-03-06T08:15:53.743938476Z: [    0.000000] ACPI: INT_SRC_OVR (bus 0 bus_irq 0 global_irq 2 dfl dfl)
[STDOUT  ] 2018-03-06T08:15:53.743948800Z: [    0.000000] ACPI: INT_SRC_OVR (bus 0 bus_irq 5 global_irq 5 high level)
[STDOUT  ] 2018-03-06T08:15:53.743958085Z: [    0.000000] ACPI: INT_SRC_OVR (bus 0 bus_irq 9 global_irq 9 high level)
[STDOUT  ] 2018-03-06T08:15:53.743966563Z: [    0.000000] ACPI: INT_SRC_OVR (bus 0 bus_irq 10 global_irq 10 high level)
[STDOUT  ] 2018-03-06T08:15:53.743982030Z: [    0.000000] ACPI: INT_SRC_OVR (bus 0 bus_irq 11 global_irq 11 high level)
[STDOUT  ] 2018-03-06T08:15:53.743991860Z: [    0.000000] Using ACPI (MADT) for SMP configuration information
[STDERR  ] 2018-03-06T08:15:53.743763881Z: [    2.806474] IPVS: [lblc] scheduler registered.
[STDOUT  ] 2018-03-06T08:15:53.744000986Z: [    0.000000] ACPI: HPET id: 0x8086a201 base: 0xfed00000
[STDERR  ] 2018-03-06T08:15:53.744003810Z: [    2.810553] IPVS: [lblcr] scheduler registered.
[STDERR  ] 2018-03-06T08:15:53.744038621Z: [    2.814817] IPVS: [dh] scheduler registered.
[STDERR  ] 2018-03-06T08:15:53.744047062Z: [    2.818571] IPVS: [sh] scheduler registered.
[STDERR  ] 2018-03-06T08:15:53.744062487Z: [    2.822440] IPVS: [sed] scheduler registered.
[STDERR  ] 2018-03-06T08:15:53.744070533Z: [    2.826318] IPVS: [nq] scheduler registered.
[STDERR  ] 2018-03-06T08:15:53.744079004Z: [    2.830272] IPVS: ftp: loaded support on port[0] = 21
[STDERR  ] 2018-03-06T08:15:53.744087417Z: [    2.835001] ipip: IPv4 and MPLS over IPv4 tunneling driver
[STDERR  ] 2018-03-06T08:15:53.744097455Z: [    2.840416] gre: GRE over IPv4 demultiplexor driver
[STDERR  ] 2018-03-06T08:15:53.744105811Z: [    2.844650] ip_tables: (C) 2000-2006 Netfilter Core Team
[STDERR  ] 2018-03-06T08:15:53.744113657Z: [    2.849788] ipt_CLUSTERIP: ClusterIP Version 0.8 loaded successfully
[STDERR  ] 2018-03-06T08:15:53.744123157Z: [    2.855938] arp_tables: arp_tables: (C) 2002 David S. Miller
[STDERR  ] 2018-03-06T08:15:53.744131284Z: [    2.861288] NET: Registered protocol family 10
[STDERR  ] 2018-03-06T08:15:53.744139421Z: [    2.865468] Segment Routing with IPv6
[STDERR  ] 2018-03-06T08:15:53.744146928Z: [    2.869117] ip6_tables: (C) 2000-2006 Netfilter Core Team
[STDERR  ] 2018-03-06T08:15:53.744155522Z: [    2.874746] NET: Registered protocol family 17
[STDERR  ] 2018-03-06T08:15:53.744165786Z: [    2.878829] Bridge firewalling registered
[STDERR  ] 2018-03-06T08:15:53.744180964Z: [    2.882682] Ebtables v2.0 registered
[STDERR  ] 2018-03-06T08:15:53.744191782Z: [    2.885761] 8021q: 802.1Q VLAN Support v1.8
[STDERR  ] 2018-03-06T08:15:53.744203103Z: [    2.889658] 9pnet: Installing 9P2000 support
[STDERR  ] 2018-03-06T08:15:53.744211770Z: [    2.897917] Key type dns_resolver registered
[STDERR  ] 2018-03-06T08:15:53.744219631Z: [    2.901973] registered taskstats version 1
[STDERR  ] 2018-03-06T08:15:53.744233478Z: [    2.906208] ata4: SATA link down (SStatus 0 SControl 300)
[STDERR  ] 2018-03-06T08:15:53.744241686Z: [    2.911587] ata3: SATA link up 1.5 Gbps (SStatus 113 SControl 300)
[STDERR  ] 2018-03-06T08:15:53.744250647Z: [    2.917296] ata3.00: ATAPI: QEMU DVD-ROM, 2.5+, max UDMA/100
[STDERR  ] 2018-03-06T08:15:53.744262017Z: [    2.921109] ata3.00: applying bridge limits
[STDERR  ] 2018-03-06T08:15:53.744273308Z: [    2.925657] ata2: SATA link up 1.5 Gbps (SStatus 113 SControl 300)
[STDERR  ] 2018-03-06T08:15:53.744281456Z: [    2.931978] ata1: SATA link up 1.5 Gbps (SStatus 113 SControl 300)
[STDERR  ] 2018-03-06T08:15:53.744290190Z: [    2.937701] ata1.00: ATA-7: QEMU HARDDISK, 2.5+, max UDMA/100
[STDERR  ] 2018-03-06T08:15:53.744297962Z: [    2.942732] ata1.00: 1048576 sectors, multi 16: LBA48 NCQ (depth 31/32)
[STDERR  ] 2018-03-06T08:15:53.744308035Z: [    2.948421] ata1.00: applying bridge limits
[STDERR  ] 2018-03-06T08:15:53.744319354Z: [    2.953697] ata6: SATA link down (SStatus 0 SControl 300)
[STDERR  ] 2018-03-06T08:15:53.744331970Z: [    2.960283] ata5: SATA link down (SStatus 0 SControl 300)
[STDERR  ] 2018-03-06T08:15:53.744342492Z: [    2.967124] ata2.00: ATA-7: QEMU HARDDISK, 2.5+, max UDMA/100
[STDERR  ] 2018-03-06T08:15:53.744353886Z: [    2.972371] ata2.00: 1048576 sectors, multi 16: LBA48 NCQ (depth 31/32)
[STDERR  ] 2018-03-06T08:15:53.744364800Z: [    2.978497] ata2.00: applying bridge limits
[STDERR  ] 2018-03-06T08:15:53.744375388Z: [    2.989803] ata3.00: configured for UDMA/100
[STDERR  ] 2018-03-06T08:15:53.744393224Z: [    2.994430] Key type big_key registered
[STDERR  ] 2018-03-06T08:15:53.744404372Z: [    3.002118] ata2.00: configured for UDMA/100
[STDERR  ] 2018-03-06T08:15:53.744412136Z: [    3.006339] ata1.00: configured for UDMA/100
[STDERR  ] 2018-03-06T08:15:53.744419806Z: [    3.010432] scsi 0:0:0:0: Direct-Access     ATA      QEMU HARDDISK    2.5+ PQ: 0 ANSI: 5
[STDERR  ] 2018-03-06T08:15:53.744428401Z: [    3.018019] Key type encrypted registered
[STDERR  ] 2018-03-06T08:15:53.744436390Z: [    3.024289] rtc_cmos 00:00: setting system clock to 2018-03-06 08:15:37 UTC (1520324137)
[STDERR  ] 2018-03-06T08:15:53.744444651Z: [    3.032225] sd 0:0:0:0: [sda] 1048576 512-byte logical blocks: (537 MB/512 MiB)
[STDERR  ] 2018-03-06T08:15:53.744461429Z: [    3.038679] sd 0:0:0:0: Attached scsi generic sg0 type 0
[STDERR  ] 2018-03-06T08:15:53.744470241Z: [    3.043687] sd 0:0:0:0: [sda] Write Protect is off
[STDERR  ] 2018-03-06T08:15:53.744478433Z: [    3.048562] scsi 1:0:0:0: Direct-Access     ATA      QEMU HARDDISK    2.5+ PQ: 0 ANSI: 5
[STDERR  ] 2018-03-06T08:15:53.744487413Z: [    3.057597] sd 0:0:0:0: [sda] Write cache: enabled, read cache: enabled, doesn't support DPO or FUA
[STDERR  ] 2018-03-06T08:15:53.744496287Z: [    3.066866] sd 1:0:0:0: [sdb] 1048576 512-byte logical blocks: (537 MB/512 MiB)
[STDERR  ] 2018-03-06T08:15:53.744505226Z: [    3.073584] sd 1:0:0:0: Attached scsi generic sg1 type 0
[STDERR  ] 2018-03-06T08:15:53.744513182Z: [    3.078289] sd 1:0:0:0: [sdb] Write Protect is off
[STDERR  ] 2018-03-06T08:15:53.744525577Z: [    3.082968] scsi 2:0:0:0: CD-ROM            QEMU     QEMU DVD-ROM     2.5+ PQ: 0 ANSI: 5
[STDERR  ] 2018-03-06T08:15:53.744538547Z: [    3.091272] sd 1:0:0:0: [sdb] Write cache: enabled, read cache: enabled, doesn't support DPO or FUA
[STDERR  ] 2018-03-06T08:15:53.744551738Z: [    3.099444] sd 0:0:0:0: [sda] Attached SCSI disk
[STDERR  ] 2018-03-06T08:15:53.744572959Z: [    3.105807] sd 1:0:0:0: [sdb] Attached SCSI disk
[STDERR  ] 2018-03-06T08:15:53.744585870Z: [    3.151487] sr 2:0:0:0: [sr0] scsi3-mmc drive: 4x/4x cd/rw xa/form2 tray
[STDERR  ] 2018-03-06T08:15:53.744595539Z: [    3.158072] cdrom: Uniform CD-ROM driver Revision: 3.20
[STDERR  ] 2018-03-06T08:15:53.744604458Z: [    3.163430] sr 2:0:0:0: Attached scsi generic sg2 type 5
[STDERR  ] 2018-03-06T08:15:53.744612914Z: [    3.171102] Freeing unused kernel memory: 1504K
[STDERR  ] 2018-03-06T08:15:53.744620991Z: [    3.175086] Write protecting the kernel read-only data: 18432k
[STDERR  ] 2018-03-06T08:15:53.744646185Z: [    3.180972] Freeing unused kernel memory: 2024K
[STDERR  ] 2018-03-06T08:15:53.744656150Z: [    3.188132] Freeing unused kernel memory: 1140K
[STDERR  ] 2018-03-06T08:15:53.744668676Z: 
[STDERR  ] 2018-03-06T08:15:53.744680986Z: Welcome to LinuxKit
[STDERR  ] 2018-03-06T08:15:53.744693510Z: 
[STDERR  ] 2018-03-06T08:15:53.744707179Z:                         ##         .
[STDERR  ] 2018-03-06T08:15:53.744716060Z:                   ## ## ##        ==
[STDERR  ] 2018-03-06T08:15:53.744724658Z:                ## ## ## ## ##    ===
[STDERR  ] 2018-03-06T08:15:53.744732296Z:            /"""""""""""""""""\___/ ===
[STDERR  ] 2018-03-06T08:15:53.744743219Z:           {                       /  ===-
[STDERR  ] 2018-03-06T08:15:53.744751395Z:            \______ O           __/
[STDERR  ] 2018-03-06T08:15:53.744759550Z:              \    \         __/
[STDERR  ] 2018-03-06T08:15:53.744767592Z:               \____\_______/
[STDERR  ] 2018-03-06T08:15:53.744775558Z: 
[STDERR  ] 2018-03-06T08:15:53.744783852Z: [    4.248642] IPVS: ftp: loaded support on port[0] = 21
[STDERR  ] 2018-03-06T08:15:53.744794048Z: [    4.368518]  sda:
[STDERR  ] 2018-03-06T08:15:53.744801832Z: [    4.384371]  sda:
[STDERR  ] 2018-03-06T08:15:53.744809245Z: [    4.402502]  sda: sda1
[STDERR  ] 2018-03-06T08:15:53.744817782Z: [    4.410971]  sda: sda1
[STDERR  ] 2018-03-06T08:15:53.744826061Z: 2018/03/06 08:15:38 Creating partition on /dev/sda
[STDERR  ] 2018-03-06T08:15:53.744834067Z: 2018/03/06 08:15:39 Partition /dev/sda1 successfully created!
