[INFO    ] 2018-11-27T20:54:36.042429531Z: Running Test linuxkit.packages.dhcpcd in /tmp/build/test/cases/040_packages/004_dhcpcd
[INFO    ] 2018-11-27T20:54:36.042587078Z: Running command: [/bin/sh -x /tmp/build/test/cases/040_packages/004_dhcpcd/test.sh]
[STDERR  ] 2018-11-27T20:54:36.065339122Z: + set -e
[STDERR  ] 2018-11-27T20:54:36.065441599Z: + . /tmp/build/test/cases/_lib/lib.sh
[STDERR  ] 2018-11-27T20:54:36.065456778Z: + [ -f src/github.com/linuxkit/rtf/lib/lib.sh ]
[STDERR  ] 2018-11-27T20:54:36.065474139Z: + LINUXKIT_TMPDIR=/tmp/build/test/cases/_tmp
[STDERR  ] 2018-11-27T20:54:36.065483135Z: + [ -f /tmp/build/test/cases/_tmp/env.sh ]
[STDERR  ] 2018-11-27T20:54:36.065491160Z: + . /tmp/build/test/cases/_tmp/env.sh
[STDERR  ] 2018-11-27T20:54:36.065499966Z: + export LINUXKIT_EXAMPLES_DIR=/tmp/build/test/cases/../../examples
[STDERR  ] 2018-11-27T20:54:36.065508979Z: + RT_CANCEL=253
[STDERR  ] 2018-11-27T20:54:36.065523766Z: + NAME=dhcpcd
[STDERR  ] 2018-11-27T20:54:36.065534780Z: + trap clean_up EXIT
[STDERR  ] 2018-11-27T20:54:36.065543138Z: + linuxkit build -format kernel+initrd -name dhcpcd test.yml
[STDERR  ] 2018-11-27T20:54:36.097874070Z: Extract kernel image: linuxkit/kernel:4.14.81
[STDERR  ] 2018-11-27T20:54:38.035148837Z: Add init containers:
[STDERR  ] 2018-11-27T20:54:38.035270998Z: Process init image: linuxkit/init:c563953a2277eb73a89d89f70e4b6dcdcfebc2d1
[STDERR  ] 2018-11-27T20:54:39.261940828Z: Process init image: linuxkit/runc:83d0edb4552b1a5df1f0976f05f442829eac38fe
[STDERR  ] 2018-11-27T20:54:40.452107615Z: Add onboot containers:
[STDERR  ] 2018-11-27T20:54:40.452187654Z:   Create OCI config for linuxkit/dhcpcd:v0.6
[STDERR  ] 2018-11-27T20:54:41.653322593Z:   Create OCI config for alpine:3.8
[STDERR  ] 2018-11-27T20:54:42.886383106Z:   Create OCI config for linuxkit/poweroff:afe8f7dd0d47a7991c54519b0f09124cb8c4e300
[STDERR  ] 2018-11-27T20:54:44.060569710Z: Add files:
[STDERR  ] 2018-11-27T20:54:44.060626894Z:   check.sh
[STDERR  ] 2018-11-27T20:54:44.061254261Z: Create outputs:
[STDERR  ] 2018-11-27T20:54:49.478388771Z:   dhcpcd-kernel dhcpcd-initrd.img dhcpcd-cmdline
[STDERR  ] 2018-11-27T20:54:49.539272765Z: + linuxkit run dhcpcd
[STDERR  ] 2018-11-27T20:55:04.522512433Z: + RESULT=[    0.000000] Linux version 4.14.81-linuxkit (root@12495f1ac1df) (gcc version 6.4.0 (Alpine 6.4.0)) #1 SMP Fri Nov 16 00:06:53 UTC 2018
[STDERR  ] 2018-11-27T20:55:04.522595986Z: [    0.000000] Command line: console=ttyS0 console=ttyAMA0
[STDERR  ] 2018-11-27T20:55:04.522609334Z: [    0.000000] x86/fpu: x87 FPU will use FXSAVE
[STDERR  ] 2018-11-27T20:55:04.522620858Z: [    0.000000] e820: BIOS-provided physical RAM map:
[STDERR  ] 2018-11-27T20:55:04.522634657Z: [    0.000000] BIOS-e820: [mem 0x0000000000000000-0x000000000009fbff] usable
[STDERR  ] 2018-11-27T20:55:04.522654427Z: [    0.000000] BIOS-e820: [mem 0x000000000009fc00-0x000000000009ffff] reserved
[STDERR  ] 2018-11-27T20:55:04.522665686Z: [    0.000000] BIOS-e820: [mem 0x00000000000f0000-0x00000000000fffff] reserved
[STDERR  ] 2018-11-27T20:55:04.522676871Z: [    0.000000] BIOS-e820: [mem 0x0000000000100000-0x000000003ffdefff] usable
[STDERR  ] 2018-11-27T20:55:04.522689498Z: [    0.000000] BIOS-e820: [mem 0x000000003ffdf000-0x000000003fffffff] reserved
[STDERR  ] 2018-11-27T20:55:04.522702447Z: [    0.000000] BIOS-e820: [mem 0x00000000b0000000-0x00000000bfffffff] reserved
[STDERR  ] 2018-11-27T20:55:04.522714825Z: [    0.000000] BIOS-e820: [mem 0x00000000fed1c000-0x00000000fed1ffff] reserved
[STDERR  ] 2018-11-27T20:55:04.522728282Z: [    0.000000] BIOS-e820: [mem 0x00000000feffc000-0x00000000feffffff] reserved
[STDERR  ] 2018-11-27T20:55:04.522740619Z: [    0.000000] BIOS-e820: [mem 0x00000000fffc0000-0x00000000ffffffff] reserved
[STDERR  ] 2018-11-27T20:55:04.522763780Z: [    0.000000] NX (Execute Disable) protection: active
[STDERR  ] 2018-11-27T20:55:04.522785890Z: [    0.000000] SMBIOS 2.8 present.
[STDERR  ] 2018-11-27T20:55:04.522798451Z: [    0.000000] DMI: QEMU Standard PC (Q35 + ICH9, 2009), BIOS 1.10.2-1 04/01/2014
[STDERR  ] 2018-11-27T20:55:04.522810665Z: [    0.000000] Hypervisor detected: KVM
[STDERR  ] 2018-11-27T20:55:04.522843794Z: [    0.000000] tsc: Fast TSC calibration failed
[STDERR  ] 2018-11-27T20:55:04.522861379Z: [    0.000000] tsc: Unable to calibrate against PIT
[STDERR  ] 2018-11-27T20:55:04.522877881Z: [    0.000000] tsc: No reference (HPET/PMTIMER) available
[STDERR  ] 2018-11-27T20:55:04.522903466Z: [    0.000000] e820: last_pfn = 0x3ffdf max_arch_pfn = 0x400000000
[STDERR  ] 2018-11-27T20:55:04.522921527Z: [    0.000000] x86/PAT: PAT not supported by CPU.
[STDERR  ] 2018-11-27T20:55:04.522933675Z: [    0.000000] x86/PAT: Configuration [0-7]: WB  WT  UC- UC  WB  WT  UC- UC  
[STDERR  ] 2018-11-27T20:55:04.522945829Z: [    0.000000] found SMP MP-table at [mem 0x000f6a90-0x000f6a9f] mapped at [ffffffffff200a90]
[STDERR  ] 2018-11-27T20:55:04.522962667Z: [    0.000000] RAMDISK: [mem 0x3e299000-0x3ffcffff]
[STDERR  ] 2018-11-27T20:55:04.522974524Z: [    0.000000] ACPI: Early table checksum verification disabled
[STDERR  ] 2018-11-27T20:55:04.522986625Z: [    0.000000] ACPI: RSDP 0x00000000000F68D0 000014 (v00 BOCHS )
[STDERR  ] 2018-11-27T20:55:04.523003320Z: [    0.000000] ACPI: RSDT 0x000000003FFE2404 000034 (v01 BOCHS  BXPCRSDT 00000001 BXPC 00000001)
[STDERR  ] 2018-11-27T20:55:04.523015682Z: [    0.000000] ACPI: FACP 0x000000003FFE22A4 000074 (v01 BOCHS  BXPCFACP 00000001 BXPC 00000001)
[STDERR  ] 2018-11-27T20:55:04.523031729Z: [    0.000000] ACPI: DSDT 0x000000003FFE0040 002264 (v01 BOCHS  BXPCDSDT 00000001 BXPC 00000001)
[STDERR  ] 2018-11-27T20:55:04.523043300Z: [    0.000000] ACPI: FACS 0x000000003FFE0000 000040
[STDERR  ] 2018-11-27T20:55:04.523063331Z: [    0.000000] ACPI: APIC 0x000000003FFE2318 000078 (v01 BOCHS  BXPCAPIC 00000001 BXPC 00000001)
[STDERR  ] 2018-11-27T20:55:04.523078303Z: [    0.000000] ACPI: HPET 0x000000003FFE2390 000038 (v01 BOCHS  BXPCHPET 00000001 BXPC 00000001)
[STDERR  ] 2018-11-27T20:55:04.523089662Z: [    0.000000] ACPI: MCFG 0x000000003FFE23C8 00003C (v01 BOCHS  BXPCMCFG 00000001 BXPC 00000001)
[STDERR  ] 2018-11-27T20:55:04.523104051Z: [    0.000000] kvm-clock: Using msrs 4b564d01 and 4b564d00
[STDERR  ] 2018-11-27T20:55:04.523115381Z: [    0.000000] kvm-clock: cpu 0, msr 0:3ffdd001, primary cpu clock
[STDERR  ] 2018-11-27T20:55:04.523126834Z: [    0.000000] clocksource: kvm-clock: mask: 0xffffffffffffffff max_cycles: 0x1cd42e4dffb, max_idle_ns: 881590591483 ns
[STDERR  ] 2018-11-27T20:55:04.523139093Z: [    0.000000] Zone ranges:
[STDERR  ] 2018-11-27T20:55:04.523150578Z: [    0.000000]   DMA      [mem 0x0000000000001000-0x0000000000ffffff]
[STDERR  ] 2018-11-27T20:55:04.523224444Z: [    0.000000]   DMA32    [mem 0x0000000001000000-0x000000003ffdefff]
[STDERR  ] 2018-11-27T20:55:04.523241638Z: [    0.000000]   Normal   empty
[STDERR  ] 2018-11-27T20:55:04.523252352Z: [    0.000000]   Device   empty
[STDERR  ] 2018-11-27T20:55:04.523276961Z: [    0.000000] Movable zone start for each node
[STDERR  ] 2018-11-27T20:55:04.523288461Z: [    0.000000] Early memory node ranges
[STDERR  ] 2018-11-27T20:55:04.523300586Z: [    0.000000]   node   0: [mem 0x0000000000001000-0x000000000009efff]
[STDERR  ] 2018-11-27T20:55:04.523316331Z: [    0.000000]   node   0: [mem 0x0000000000100000-0x000000003ffdefff]
[STDERR  ] 2018-11-27T20:55:04.523337678Z: [    0.000000] Initmem setup node 0 [mem 0x0000000000001000-0x000000003ffdefff]
[STDERR  ] 2018-11-27T20:55:04.523349830Z: [    0.000000] ACPI: PM-Timer IO Port: 0x608
[STDERR  ] 2018-11-27T20:55:04.523361788Z: [    0.000000] ACPI: LAPIC_NMI (acpi_id[0xff] dfl dfl lint[0x1])
[STDERR  ] 2018-11-27T20:55:04.523373426Z: [    0.000000] IOAPIC[0]: apic_id 0, version 17, address 0xfec00000, GSI 0-23
[STDERR  ] 2018-11-27T20:55:04.523387220Z: [    0.000000] ACPI: INT_SRC_OVR (bus 0 bus_irq 0 global_irq 2 dfl dfl)
[STDERR  ] 2018-11-27T20:55:04.523399132Z: [    0.000000] ACPI: INT_SRC_OVR (bus 0 bus_irq 5 global_irq 5 high level)
[STDERR  ] 2018-11-27T20:55:04.523411124Z: [    0.000000] ACPI: INT_SRC_OVR (bus 0 bus_irq 9 global_irq 9 high level)
[STDERR  ] 2018-11-27T20:55:04.523425479Z: [    0.000000] ACPI: INT_SRC_OVR (bus 0 bus_irq 10 global_irq 10 high level)
[STDERR  ] 2018-11-27T20:55:04.523442220Z: [    0.000000] ACPI: INT_SRC_OVR (bus 0 bus_irq 11 global_irq 11 high level)
[STDERR  ] 2018-11-27T20:55:04.523454210Z: [    0.000000] Using ACPI (MADT) for SMP configuration information
[STDERR  ] 2018-11-27T20:55:04.523471062Z: [    0.000000] ACPI: HPET id: 0x8086a201 base: 0xfed00000
[STDERR  ] 2018-11-27T20:55:04.523483013Z: [    0.000000] smpboot: Allowing 1 CPUs, 0 hotplug CPUs
[STDERR  ] 2018-11-27T20:55:04.523497529Z: [    0.000000] e820: [mem 0x40000000-0xafffffff] available for PCI devices
[STDERR  ] 2018-11-27T20:55:04.523509098Z: [    0.000000] Booting paravirtualized kernel on KVM
[STDERR  ] 2018-11-27T20:55:04.523520668Z: [    0.000000] clocksource: refined-jiffies: mask: 0xffffffff max_cycles: 0xffffffff, max_idle_ns: 1910969940391419 ns
[STDERR  ] 2018-11-27T20:55:04.523532987Z: [    0.000000] random: get_random_bytes called from start_kernel+0x92/0x4cb with crng_init=0
[STDERR  ] 2018-11-27T20:55:04.523544741Z: [    0.000000] setup_percpu: NR_CPUS:128 nr_cpumask_bits:128 nr_cpu_ids:1 nr_node_ids:1
[STDERR  ] 2018-11-27T20:55:04.523556565Z: [    0.000000] percpu: Embedded 45 pages/cpu @ffff8ccefe000000 s144280 r8192 d31848 u2097152
[STDERR  ] 2018-11-27T20:55:04.523568406Z: [    0.000000] KVM setup async PF for cpu 0
[STDERR  ] 2018-11-27T20:55:04.523579394Z: [    0.000000] kvm-stealtime: cpu 0, msr 3e015f40
[STDERR  ] 2018-11-27T20:55:04.523590271Z: [    0.000000] Built 1 zonelists, mobility grouping on.  Total pages: 257896
[STDERR  ] 2018-11-27T20:55:04.523601000Z: [    0.000000] Kernel command line: console=ttyS0 console=ttyAMA0
[STDERR  ] 2018-11-27T20:55:04.523615833Z: [    0.000000] PID hash table entries: 4096 (order: 3, 32768 bytes)
[STDERR  ] 2018-11-27T20:55:04.523627152Z: [    0.000000] Dentry cache hash table entries: 131072 (order: 8, 1048576 bytes)
[STDERR  ] 2018-11-27T20:55:04.523637343Z: [    0.000000] Inode-cache hash table entries: 65536 (order: 7, 524288 bytes)
[STDERR  ] 2018-11-27T20:55:04.523648347Z: [    0.000000] Memory: 974952K/1048052K available (12300K kernel code, 1451K rwdata, 2968K rodata, 1524K init, 580K bss, 73100K reserved, 0K cma-reserved)
[STDERR  ] 2018-11-27T20:55:04.523660114Z: [    0.000000] Kernel/User page tables isolation: enabled
[STDERR  ] 2018-11-27T20:55:04.523671369Z: [    0.000000] ftrace: allocating 40648 entries in 159 pages
[STDERR  ] 2018-11-27T20:55:04.523683019Z: [    0.001000] Hierarchical RCU implementation.
[STDERR  ] 2018-11-27T20:55:04.523694467Z: [    0.001000] 	RCU restricting CPUs from NR_CPUS=128 to nr_cpu_ids=1.
[STDERR  ] 2018-11-27T20:55:04.523706954Z: [    0.001000] RCU: Adjusting geometry for rcu_fanout_leaf=16, nr_cpu_ids=1
[STDERR  ] 2018-11-27T20:55:04.523718285Z: [    0.001000] NR_IRQS: 8448, nr_irqs: 256, preallocated irqs: 16
[STDERR  ] 2018-11-27T20:55:04.523733129Z: [    0.001000] Console: colour VGA+ 80x25
[STDERR  ] 2018-11-27T20:55:04.523744897Z: [    0.001000] console [ttyS0] enabled
[STDERR  ] 2018-11-27T20:55:04.523756364Z: [    0.001000] clocksource: hpet: mask: 0xffffffff max_cycles: 0xffffffff, max_idle_ns: 19112604467 ns
[STDERR  ] 2018-11-27T20:55:04.523768758Z: [    0.001027] tsc: Detected 2299.796 MHz processor
[STDERR  ] 2018-11-27T20:55:04.523780660Z: [    0.002034] Calibrating delay loop (skipped) preset value.. 4599.59 BogoMIPS (lpj=2299796)
[STDERR  ] 2018-11-27T20:55:04.523793322Z: [    0.003028] pid_max: default: 32768 minimum: 301
[STDERR  ] 2018-11-27T20:55:04.523806551Z: [    0.004052] ACPI: Core revision 20170728
[STDERR  ] 2018-11-27T20:55:04.523818588Z: [    0.006609] ACPI: 1 ACPI AML tables successfully acquired and loaded
[STDERR  ] 2018-11-27T20:55:04.523831073Z: [    0.007117] Security Framework initialized
[STDERR  ] 2018-11-27T20:55:04.523854937Z: [    0.008026] Yama: becoming mindful.
[STDERR  ] 2018-11-27T20:55:04.523866442Z: [    0.009071] Mount-cache hash table entries: 2048 (order: 2, 16384 bytes)
[STDERR  ] 2018-11-27T20:55:04.523884977Z: [    0.010030] Mountpoint-cache hash table entries: 2048 (order: 2, 16384 bytes)
[STDERR  ] 2018-11-27T20:55:04.523901067Z: [    0.015022] Last level iTLB entries: 4KB 0, 2MB 0, 4MB 0
[STDERR  ] 2018-11-27T20:55:04.523913790Z: [    0.016036] Last level dTLB entries: 4KB 0, 2MB 0, 4MB 0, 1GB 0
[STDERR  ] 2018-11-27T20:55:04.523931130Z: [    0.017025] Spectre V2 : Mitigation: Full generic retpoline
[STDERR  ] 2018-11-27T20:55:04.523942664Z: [    0.018026] Spectre V2 : Spectre v2 / SpectreRSB mitigation: Filling RSB on context switch
[STDERR  ] 2018-11-27T20:55:04.523956306Z: [    0.019026] Speculative Store Bypass: Vulnerable
[STDERR  ] 2018-11-27T20:55:04.523968752Z: [    0.028635] Freeing SMP alternatives memory: 20K
[STDERR  ] 2018-11-27T20:55:04.523979983Z: [    0.029605] smpboot: Max logical packages: 1
[STDERR  ] 2018-11-27T20:55:04.523992163Z: [    0.032626] x2apic enabled
[STDERR  ] 2018-11-27T20:55:04.524007309Z: [    0.033026] Switched APIC routing to physical x2apic.
[STDERR  ] 2018-11-27T20:55:04.524020343Z: [    0.045714] ..TIMER: vector=0x30 apic1=0 pin1=2 apic2=-1 pin2=-1
[STDERR  ] 2018-11-27T20:55:04.524031183Z: [    0.046000] smpboot: CPU0: Intel QEMU Virtual CPU version 2.5+ (family: 0x6, model: 0x6, stepping: 0x3)
[STDERR  ] 2018-11-27T20:55:04.524043799Z: [    0.046145] Performance Events: PMU not available due to virtualization, using software events only.
[STDERR  ] 2018-11-27T20:55:04.524056000Z: [    0.048400] Hierarchical SRCU implementation.
[STDERR  ] 2018-11-27T20:55:04.524071683Z: [    0.049129] NMI watchdog: Perf event create on CPU 0 failed with -2
[STDERR  ] 2018-11-27T20:55:04.524082282Z: [    0.050007] NMI watchdog: Perf NMI watchdog permanently disabled
[STDERR  ] 2018-11-27T20:55:04.524094290Z: [    0.052073] smp: Bringing up secondary CPUs ...
[STDERR  ] 2018-11-27T20:55:04.524106857Z: [    0.053010] smp: Brought up 1 node, 1 CPU
[STDERR  ] 2018-11-27T20:55:04.524119132Z: [    0.054008] smpboot: Total of 1 processors activated (4599.59 BogoMIPS)
[STDERR  ] 2018-11-27T20:55:04.524131410Z: [    0.057808] devtmpfs: initialized
[STDERR  ] 2018-11-27T20:55:04.524142844Z: [    0.058079] x86/mm: Memory block size: 128MB
[STDERR  ] 2018-11-27T20:55:04.524154536Z: [    0.059233] evm: security.ima
[STDERR  ] 2018-11-27T20:55:04.524166404Z: [    0.060005] evm: security.capability
[STDERR  ] 2018-11-27T20:55:04.524181580Z: [    0.061206] clocksource: jiffies: mask: 0xffffffff max_cycles: 0xffffffff, max_idle_ns: 1911260446275000 ns
[STDERR  ] 2018-11-27T20:55:04.524193738Z: [    0.062016] futex hash table entries: 256 (order: 2, 16384 bytes)
[STDERR  ] 2018-11-27T20:55:04.524206646Z: [    0.064195] NET: Registered protocol family 16
[STDERR  ] 2018-11-27T20:55:04.524222276Z: [    0.065229] cpuidle: using governor ladder
[STDERR  ] 2018-11-27T20:55:04.524234244Z: [    0.066009] cpuidle: using governor menu
[STDERR  ] 2018-11-27T20:55:04.524245673Z: [    0.067125] ACPI: bus type PCI registered
[STDERR  ] 2018-11-27T20:55:04.524257912Z: [    0.069306] PCI: MMCONFIG for domain 0000 [bus 00-ff] at [mem 0xb0000000-0xbfffffff] (base 0xb0000000)
[STDERR  ] 2018-11-27T20:55:04.524273290Z: [    0.070013] PCI: MMCONFIG at [mem 0xb0000000-0xbfffffff] reserved in E820
[STDERR  ] 2018-11-27T20:55:04.524286077Z: [    0.071027] PCI: Using configuration type 1 for base access
[STDERR  ] 2018-11-27T20:55:04.524298576Z: [    0.074522] HugeTLB registered 2.00 MiB page size, pre-allocated 0 pages
[STDERR  ] 2018-11-27T20:55:04.524310757Z: [    0.075296] ACPI: Added _OSI(Module Device)
[STDERR  ] 2018-11-27T20:55:04.524341300Z: [    0.076020] ACPI: Added _OSI(Processor Device)
[STDERR  ] 2018-11-27T20:55:04.524354552Z: [    0.077006] ACPI: Added _OSI(3.0 _SCP Extensions)
[STDERR  ] 2018-11-27T20:55:04.524366953Z: [    0.078005] ACPI: Added _OSI(Processor Aggregator Device)
[STDERR  ] 2018-11-27T20:55:04.524379377Z: [    0.084037] ACPI: Interpreter enabled
[STDERR  ] 2018-11-27T20:55:04.524390850Z: [    0.085016] ACPI: (supports S0 S5)
[STDERR  ] 2018-11-27T20:55:04.524404190Z: [    0.086005] ACPI: Using IOAPIC for interrupt routing
[STDERR  ] 2018-11-27T20:55:04.524416007Z: [    0.087067] PCI: Using host bridge windows from ACPI; if necessary, use "pci=nocrs" and report a bug
[STDERR  ] 2018-11-27T20:55:04.524432390Z: [    0.088421] ACPI: Enabled 2 GPEs in block 00 to 3F
[STDERR  ] 2018-11-27T20:55:04.524443833Z: [    0.093286] ACPI: PCI Root Bridge [PCI0] (domain 0000 [bus 00-ff])
[STDERR  ] 2018-11-27T20:55:04.524460658Z: [    0.094018] acpi PNP0A08:00: _OSC: OS supports [ExtendedConfig ASPM ClockPM Segments MSI]
[STDERR  ] 2018-11-27T20:55:04.524473079Z: [    0.095139] acpi PNP0A08:00: _OSC: OS now controls [PCIeHotplug PME PCIeCapability]
[STDERR  ] 2018-11-27T20:55:04.524486611Z: [    0.096081] PCI host bridge to bus 0000:00
[STDERR  ] 2018-11-27T20:55:04.524498625Z: [    0.097010] pci_bus 0000:00: root bus resource [io  0x0000-0x0cf7 window]
[STDERR  ] 2018-11-27T20:55:04.524511000Z: [    0.098013] pci_bus 0000:00: root bus resource [io  0x0d00-0xffff window]
[STDERR  ] 2018-11-27T20:55:04.524523168Z: [    0.099010] pci_bus 0000:00: root bus resource [mem 0x000a0000-0x000bffff window]
[STDERR  ] 2018-11-27T20:55:04.524534608Z: [    0.100011] pci_bus 0000:00: root bus resource [mem 0xc0000000-0xfebfffff window]
[STDERR  ] 2018-11-27T20:55:04.524546465Z: [    0.101012] pci_bus 0000:00: root bus resource [bus 00-ff]
[STDERR  ] 2018-11-27T20:55:04.524558743Z: [    0.172845] pci 0000:00:1f.0: quirk: [io  0x0600-0x067f] claimed by ICH6 ACPI/GPIO/TCO
[STDERR  ] 2018-11-27T20:55:04.524571474Z: [    0.200756] ACPI: PCI Interrupt Link [LNKA] (IRQs 5 *10 11)
[STDERR  ] 2018-11-27T20:55:04.524583186Z: [    0.201330] ACPI: PCI Interrupt Link [LNKB] (IRQs 5 *10 11)
[STDERR  ] 2018-11-27T20:55:04.524594595Z: [    0.202328] ACPI: PCI Interrupt Link [LNKC] (IRQs 5 10 *11)
[STDERR  ] 2018-11-27T20:55:04.524606425Z: [    0.203327] ACPI: PCI Interrupt Link [LNKD] (IRQs 5 10 *11)
[STDERR  ] 2018-11-27T20:55:04.524618603Z: [    0.204315] ACPI: PCI Interrupt Link [LNKE] (IRQs 5 *10 11)
[STDERR  ] 2018-11-27T20:55:04.524631094Z: [    0.205343] ACPI: PCI Interrupt Link [LNKF] (IRQs 5 *10 11)
[STDERR  ] 2018-11-27T20:55:04.524645911Z: [    0.206315] ACPI: PCI Interrupt Link [LNKG] (IRQs 5 10 *11)
[STDERR  ] 2018-11-27T20:55:04.524657719Z: [    0.208025] ACPI: PCI Interrupt Link [LNKH] (IRQs 5 10 *11)
[STDERR  ] 2018-11-27T20:55:04.524668558Z: [    0.209233] ACPI: PCI Interrupt Link [GSIA] (IRQs *16)
[STDERR  ] 2018-11-27T20:55:04.524680165Z: [    0.210031] ACPI: PCI Interrupt Link [GSIB] (IRQs *17)
[STDERR  ] 2018-11-27T20:55:04.524695234Z: [    0.211053] ACPI: PCI Interrupt Link [GSIC] (IRQs *18)
[STDERR  ] 2018-11-27T20:55:04.524706455Z: [    0.213026] ACPI: PCI Interrupt Link [GSID] (IRQs *19)
[STDERR  ] 2018-11-27T20:55:04.524717828Z: [    0.214041] ACPI: PCI Interrupt Link [GSIE] (IRQs *20)
[STDERR  ] 2018-11-27T20:55:04.524729569Z: [    0.215028] ACPI: PCI Interrupt Link [GSIF] (IRQs *21)
[STDERR  ] 2018-11-27T20:55:04.524741266Z: [    0.216038] ACPI: PCI Interrupt Link [GSIG] (IRQs *22)
[STDERR  ] 2018-11-27T20:55:04.524752952Z: [    0.217054] ACPI: PCI Interrupt Link [GSIH] (IRQs *23)
[STDERR  ] 2018-11-27T20:55:04.524764370Z: [    0.219203] SCSI subsystem initialized
[STDERR  ] 2018-11-27T20:55:04.524776453Z: [    0.220128] ACPI: bus type USB registered
[STDERR  ] 2018-11-27T20:55:04.524787649Z: [    0.221054] usbcore: registered new interface driver usbfs
[STDERR  ] 2018-11-27T20:55:04.524799174Z: [    0.222037] usbcore: registered new interface driver hub
[STDERR  ] 2018-11-27T20:55:04.524814118Z: [    0.224023] usbcore: registered new device driver usb
[STDERR  ] 2018-11-27T20:55:04.524825601Z: [    0.225044] pps_core: LinuxPPS API ver. 1 registered
[STDERR  ] 2018-11-27T20:55:04.524846726Z: [    0.226006] pps_core: Software ver. 5.3.6 - Copyright 2005-2007 Rodolfo Giometti <giometti@linux.it>
[STDERR  ] 2018-11-27T20:55:04.524858779Z: [    0.227024] PTP clock support registered
[STDERR  ] 2018-11-27T20:55:04.524870973Z: [    0.228123] PCI: Using ACPI for IRQ routing
[STDERR  ] 2018-11-27T20:55:04.524883282Z: [    0.720549] NetLabel: Initializing
[STDERR  ] 2018-11-27T20:55:04.524894151Z: [    0.721006] NetLabel:  domain hash size = 128
[STDERR  ] 2018-11-27T20:55:04.524922360Z: [    0.722005] NetLabel:  protocols = UNLABELED CIPSOv4 CALIPSO
[STDERR  ] 2018-11-27T20:55:04.524935888Z: [    0.723045] NetLabel:  unlabeled traffic allowed by default
[STDERR  ] 2018-11-27T20:55:04.524951925Z: [    0.724220] HPET: 3 timers in total, 0 timers will be used for per-cpu timer
[STDERR  ] 2018-11-27T20:55:04.524968767Z: [    0.725119] hpet0: at MMIO 0xfed00000, IRQs 2, 8, 0
[STDERR  ] 2018-11-27T20:55:04.524981748Z: [    0.726006] hpet0: 3 comparators, 64-bit 100.000000 MHz counter
[STDERR  ] 2018-11-27T20:55:04.524994486Z: [    0.730057] clocksource: Switched to clocksource kvm-clock
[STDERR  ] 2018-11-27T20:55:04.525007107Z: [    0.758657] VFS: Disk quotas dquot_6.6.0
[STDERR  ] 2018-11-27T20:55:04.525020888Z: [    0.762889] VFS: Dquot-cache hash table entries: 512 (order 0, 4096 bytes)
[STDERR  ] 2018-11-27T20:55:04.525034050Z: [    0.769644] FS-Cache: Loaded
[STDERR  ] 2018-11-27T20:55:04.525047480Z: [    0.772626] CacheFiles: Loaded
[STDERR  ] 2018-11-27T20:55:04.525059370Z: [    0.775697] pnp: PnP ACPI init
[STDERR  ] 2018-11-27T20:55:04.525071463Z: [    0.779926] pnp: PnP ACPI: found 5 devices
[STDERR  ] 2018-11-27T20:55:04.525085761Z: [    0.790320] clocksource: acpi_pm: mask: 0xffffff max_cycles: 0xffffff, max_idle_ns: 2085701024 ns
[STDERR  ] 2018-11-27T20:55:04.525101428Z: [    0.799121] NET: Registered protocol family 2
[STDERR  ] 2018-11-27T20:55:04.525113539Z: [    0.803672] TCP established hash table entries: 8192 (order: 4, 65536 bytes)
[STDERR  ] 2018-11-27T20:55:04.525128914Z: [    0.810540] TCP bind hash table entries: 8192 (order: 5, 131072 bytes)
[STDERR  ] 2018-11-27T20:55:04.525140602Z: [    0.817680] TCP: Hash tables configured (established 8192 bind 8192)
[STDERR  ] 2018-11-27T20:55:04.525151723Z: [    0.823954] UDP hash table entries: 512 (order: 2, 16384 bytes)
[STDERR  ] 2018-11-27T20:55:04.525163375Z: [    0.829789] UDP-Lite hash table entries: 512 (order: 2, 16384 bytes)
[STDERR  ] 2018-11-27T20:55:04.525174789Z: [    0.836001] NET: Registered protocol family 1
[STDERR  ] 2018-11-27T20:55:04.525190203Z: [    0.840502] pci 0000:00:01.0: Video device with shadowed ROM at [mem 0x000c0000-0x000dffff]
[STDERR  ] 2018-11-27T20:55:04.525201649Z: [    0.849185] Trying to unpack rootfs image as initramfs...
[STDERR  ] 2018-11-27T20:55:04.525213939Z: [    1.426555] Freeing initrd memory: 29916K
[STDERR  ] 2018-11-27T20:55:04.525225192Z: [    1.430840] clocksource: tsc: mask: 0xffffffffffffffff max_cycles: 0x2126747b124, max_idle_ns: 440795298764 ns
[STDERR  ] 2018-11-27T20:55:04.525237893Z: [    1.441362] PCLMULQDQ-NI instructions are not detected.
[STDERR  ] 2018-11-27T20:55:04.525248436Z: [    1.447395] AVX or AES-NI instructions are not detected.
[STDERR  ] 2018-11-27T20:55:04.525258967Z: [    1.452693] CPU feature 'AVX registers' is not supported.
[STDERR  ] 2018-11-27T20:55:04.525272103Z: [    1.457925] CPU feature 'AVX registers' is not supported.
[STDERR  ] 2018-11-27T20:55:04.525285341Z: [    1.463226] CPU feature 'AVX registers' is not supported.
[STDERR  ] 2018-11-27T20:55:04.525295937Z: [    1.468648] CPU feature 'AVX registers' is not supported.
[STDERR  ] 2018-11-27T20:55:04.525306368Z: [    1.473930] AVX2 or AES-NI instructions are not detected.
[STDERR  ] 2018-11-27T20:55:04.525316692Z: [    1.479223] AVX2 instructions are not detected.
[STDERR  ] 2018-11-27T20:55:04.525342133Z: [    1.483894] audit: initializing netlink subsys (disabled)
[STDERR  ] 2018-11-27T20:55:04.525353047Z: [    1.489540] audit: type=2000 audit(1543352091.891:1): state=initialized audit_enabled=0 res=1
[STDERR  ] 2018-11-27T20:55:04.525364544Z: [    1.497850] workingset: timestamp_bits=46 max_order=18 bucket_order=0
[STDERR  ] 2018-11-27T20:55:04.525376098Z: [    1.504481] squashfs: version 4.0 (2009/01/31) Phillip Lougher
[STDERR  ] 2018-11-27T20:55:04.525387946Z: [    1.510271] FS-Cache: Netfs 'cifs' registered for caching
[STDERR  ] 2018-11-27T20:55:04.525399659Z: [    1.515738] fuse init (API version 7.26)
[STDERR  ] 2018-11-27T20:55:04.525418130Z: [    1.519965] SGI XFS with ACLs, security attributes, no debug enabled
[STDERR  ] 2018-11-27T20:55:04.525429691Z: [    1.526330] 9p: Installing v9fs 9p2000 file system support
[STDERR  ] 2018-11-27T20:55:04.525441754Z: [    1.531854] FS-Cache: Netfs '9p' registered for caching
[STDERR  ] 2018-11-27T20:55:04.525457535Z: [    1.538364] NET: Registered protocol family 38
[STDERR  ] 2018-11-27T20:55:04.525469723Z: [    1.542842] Key type asymmetric registered
[STDERR  ] 2018-11-27T20:55:04.525481415Z: [    1.546991] Asymmetric key parser 'x509' registered
[STDERR  ] 2018-11-27T20:55:04.525493176Z: [    1.551827] Block layer SCSI generic (bsg) driver version 0.4 loaded (major 247)
[STDERR  ] 2018-11-27T20:55:04.525504835Z: [    1.559100] io scheduler noop registered
[STDERR  ] 2018-11-27T20:55:04.525516522Z: [    1.562997] io scheduler deadline registered (default)
[STDERR  ] 2018-11-27T20:55:04.525528033Z: [    1.568144] io scheduler cfq registered
[STDERR  ] 2018-11-27T20:55:04.525539624Z: [    1.571926] io scheduler mq-deadline registered
[STDERR  ] 2018-11-27T20:55:04.525551247Z: [    1.576377] io scheduler kyber registered
[STDERR  ] 2018-11-27T20:55:04.525562708Z: [    1.580439] shpchp: Standard Hot Plug PCI Controller Driver version: 0.4
[STDERR  ] 2018-11-27T20:55:04.525574336Z: [    1.586987] hv_vmbus: registering driver hyperv_fb
[STDERR  ] 2018-11-27T20:55:04.525588950Z: [    1.591813] input: Power Button as /devices/LNXSYSTM:00/LNXPWRBN:00/input/input0
[STDERR  ] 2018-11-27T20:55:04.525603075Z: [    1.599134] ACPI: Power Button [PWRF]
[STDERR  ] 2018-11-27T20:55:04.525615147Z: [    1.603742] ACPI: PCI Interrupt Link [GSIG] enabled at IRQ 22
[STDERR  ] 2018-11-27T20:55:04.525763107Z: [    1.615520] ACPI: PCI Interrupt Link [GSIH] enabled at IRQ 23
[STDERR  ] 2018-11-27T20:55:04.525777817Z: [    1.627177] Serial: 8250/16550 driver, 4 ports, IRQ sharing disabled
[STDERR  ] 2018-11-27T20:55:04.525793782Z: [    1.669508] 00:04: ttyS0 at I/O 0x3f8 (irq = 4, base_baud = 115200) is a 16550A
[STDERR  ] 2018-11-27T20:55:04.525805262Z: [    1.677674] Non-volatile memory driver v1.3
[STDERR  ] 2018-11-27T20:55:04.525821249Z: [    1.683554] Hangcheck: starting hangcheck timer 0.9.1 (tick is 180 seconds, margin is 60 seconds).
[STDERR  ] 2018-11-27T20:55:04.525842915Z: [    1.692553] random: fast init done
[STDERR  ] 2018-11-27T20:55:04.525854705Z: [    1.697104] random: crng init done
[STDERR  ] 2018-11-27T20:55:04.525865290Z: [    1.701707] brd: module loaded
[STDERR  ] 2018-11-27T20:55:04.525877102Z: [    1.708383] loop: module loaded
[STDERR  ] 2018-11-27T20:55:04.525889104Z: [    1.715473] lpc_ich 0000:00:1f.0: I/O space for GPIO uninitialized
[STDERR  ] 2018-11-27T20:55:04.525904453Z: [    1.721686] VMware PVSCSI driver - version 1.0.7.0-k
[STDERR  ] 2018-11-27T20:55:04.525916186Z: [    1.726570] hv_vmbus: registering driver hv_storvsc
[STDERR  ] 2018-11-27T20:55:04.525957827Z: [    1.731868] ACPI: PCI Interrupt Link [GSIA] enabled at IRQ 16
[STDERR  ] 2018-11-27T20:55:04.525969981Z: [    1.741418] ahci 0000:00:1f.2: AHCI 0001.0000 32 slots 6 ports 1.5 Gbps 0x3f impl SATA mode
[STDERR  ] 2018-11-27T20:55:04.525982017Z: [    1.749839] ahci 0000:00:1f.2: flags: 64bit ncq only 
[STDERR  ] 2018-11-27T20:55:04.525993684Z: [    1.758855] scsi host0: ahci
[STDERR  ] 2018-11-27T20:55:04.526005429Z: [    1.761844] scsi host1: ahci
[STDERR  ] 2018-11-27T20:55:04.526017400Z: [    1.764823] scsi host2: ahci
[STDERR  ] 2018-11-27T20:55:04.526028863Z: [    1.767775] scsi host3: ahci
[STDERR  ] 2018-11-27T20:55:04.526041015Z: [    1.770735] scsi host4: ahci
[STDERR  ] 2018-11-27T20:55:04.526052161Z: [    1.773732] scsi host5: ahci
[STDERR  ] 2018-11-27T20:55:04.526063582Z: [    1.776722] ata1: SATA max UDMA/133 abar m4096@0xfebd2000 port 0xfebd2100 irq 24
[STDERR  ] 2018-11-27T20:55:04.526076552Z: [    1.783896] ata2: SATA max UDMA/133 abar m4096@0xfebd2000 port 0xfebd2180 irq 24
[STDERR  ] 2018-11-27T20:55:04.526089403Z: [    1.791174] ata3: SATA max UDMA/133 abar m4096@0xfebd2000 port 0xfebd2200 irq 24
[STDERR  ] 2018-11-27T20:55:04.526108137Z: [    1.798309] ata4: SATA max UDMA/133 abar m4096@0xfebd2000 port 0xfebd2280 irq 24
[STDERR  ] 2018-11-27T20:55:04.526120783Z: [    1.805433] ata5: SATA max UDMA/133 abar m4096@0xfebd2000 port 0xfebd2300 irq 24
[STDERR  ] 2018-11-27T20:55:04.526139007Z: [    1.812594] ata6: SATA max UDMA/133 abar m4096@0xfebd2000 port 0xfebd2380 irq 24
[STDERR  ] 2018-11-27T20:55:04.526150939Z: [    1.822180] tun: Universal TUN/TAP device driver, 1.6
[STDERR  ] 2018-11-27T20:55:04.526161493Z: [    1.831880] VMware vmxnet3 virtual NIC driver - version 1.4.a.0-k-NAPI
[STDERR  ] 2018-11-27T20:55:04.526179509Z: [    1.838245] hv_vmbus: registering driver hv_netvsc
[STDERR  ] 2018-11-27T20:55:04.526191942Z: [    1.842949] Fusion MPT base driver 3.04.20
[STDERR  ] 2018-11-27T20:55:04.526204558Z: [    1.847005] Copyright (c) 1999-2008 LSI Corporation
[STDERR  ] 2018-11-27T20:55:04.526217020Z: [    1.851877] Fusion MPT SPI Host driver 3.04.20
[STDERR  ] 2018-11-27T20:55:04.526229452Z: [    1.856367] i8042: PNP: PS/2 Controller [PNP0303:KBD,PNP0f13:MOU] at 0x60,0x64 irq 1,12
[STDERR  ] 2018-11-27T20:55:04.526242366Z: [    1.868138] serio: i8042 KBD port at 0x60,0x64 irq 1
[STDERR  ] 2018-11-27T20:55:04.526255103Z: [    1.873005] serio: i8042 AUX port at 0x60,0x64 irq 12
[STDERR  ] 2018-11-27T20:55:04.526287550Z: [    1.878101] hv_vmbus: registering driver hyperv_keyboard
[STDERR  ] 2018-11-27T20:55:04.526304444Z: [    1.883375] mousedev: PS/2 mouse device common for all mice
[STDERR  ] 2018-11-27T20:55:04.526318999Z: [    1.890272] input: AT Translated Set 2 keyboard as /devices/platform/i8042/serio0/input/input1
[STDERR  ] 2018-11-27T20:55:04.526342432Z: [    1.898698] input: PC Speaker as /devices/platform/pcspkr/input/input2
[STDERR  ] 2018-11-27T20:55:04.526359054Z: [    1.906486] rtc_cmos 00:00: RTC can wake from S4
[STDERR  ] 2018-11-27T20:55:04.526371035Z: [    1.912893] rtc_cmos 00:00: rtc core: registered rtc_cmos as rtc0
[STDERR  ] 2018-11-27T20:55:04.526383454Z: [    1.919728] rtc_cmos 00:00: alarms up to one day, y3k, 114 bytes nvram, hpet irqs
[STDERR  ] 2018-11-27T20:55:04.526397958Z: [    1.926938] i2c /dev entries driver
[STDERR  ] 2018-11-27T20:55:04.526411131Z: [    1.930501] device-mapper: ioctl: 4.37.0-ioctl (2017-09-20) initialised: dm-devel@redhat.com
[STDERR  ] 2018-11-27T20:55:04.526423513Z: [    1.939451] usbcore: registered new interface driver usbhid
[STDERR  ] 2018-11-27T20:55:04.526435650Z: [    1.944933] usbhid: USB HID core driver
[STDERR  ] 2018-11-27T20:55:04.526448110Z: [    1.948767] hv_utils: Registering HyperV Utility Driver
[STDERR  ] 2018-11-27T20:55:04.526460257Z: [    1.953859] hv_vmbus: registering driver hv_util
[STDERR  ] 2018-11-27T20:55:04.526474634Z: [    1.958364] hv_vmbus: registering driver hv_balloon
[STDERR  ] 2018-11-27T20:55:04.526486255Z: [    1.963140] oprofile: using NMI interrupt.
[STDERR  ] 2018-11-27T20:55:04.526498125Z: [    1.967245] GACT probability on
[STDERR  ] 2018-11-27T20:55:04.526509882Z: [    1.970378] Mirror/redirect action on
[STDERR  ] 2018-11-27T20:55:04.526522280Z: [    1.973973] Simple TC action Loaded
[STDERR  ] 2018-11-27T20:55:04.526534128Z: [    1.977542] u32 classifier
[STDERR  ] 2018-11-27T20:55:04.526546477Z: [    1.980317]     Performance counters on
[STDERR  ] 2018-11-27T20:55:04.526558438Z: [    1.984090]     input device check on
[STDERR  ] 2018-11-27T20:55:04.526573908Z: [    1.987700]     Actions configured
[STDERR  ] 2018-11-27T20:55:04.526585543Z: [    1.991138] Netfilter messages via NETLINK v0.30.
[STDERR  ] 2018-11-27T20:55:04.526596993Z: [    1.995725] nfnl_acct: registering with nfnetlink.
[STDERR  ] 2018-11-27T20:55:04.526608743Z: [    2.000449] nf_conntrack version 0.5.0 (8192 buckets, 32768 max)
[STDERR  ] 2018-11-27T20:55:04.526620769Z: [    2.006366] ctnetlink v0.93: registering with nfnetlink.
[STDERR  ] 2018-11-27T20:55:04.526632344Z: [    2.011662] nf_tables: (c) 2007-2009 Patrick McHardy <kaber@trash.net>
[STDERR  ] 2018-11-27T20:55:04.526643805Z: [    2.017972] nf_tables_compat: (c) 2012 Pablo Neira Ayuso <pablo@netfilter.org>
[STDERR  ] 2018-11-27T20:55:04.526660651Z: [    2.025900] xt_time: kernel timezone is -0000
[STDERR  ] 2018-11-27T20:55:04.526672817Z: [    2.030923] ip_set: protocol 6
[STDERR  ] 2018-11-27T20:55:04.526717330Z: [    2.034271] ipip: IPv4 and MPLS over IPv4 tunneling driver
[STDERR  ] 2018-11-27T20:55:04.526757077Z: [    2.040292] gre: GRE over IPv4 demultiplexor driver
[STDERR  ] 2018-11-27T20:55:04.526790212Z: [    2.045425] ip_tables: (C) 2000-2006 Netfilter Core Team
[STDERR  ] 2018-11-27T20:55:04.526824109Z: [    2.050990] arp_tables: arp_tables: (C) 2002 David S. Miller
[STDERR  ] 2018-11-27T20:55:04.526873295Z: [    2.056778] NET: Registered protocol family 10
[STDERR  ] 2018-11-27T20:55:04.526906609Z: [    2.062168] Segment Routing with IPv6
[STDERR  ] 2018-11-27T20:55:04.526940644Z: [    2.065857] ip6_tables: (C) 2000-2006 Netfilter Core Team
[STDERR  ] 2018-11-27T20:55:04.526972456Z: [    2.071653] NET: Registered protocol family 17
[STDERR  ] 2018-11-27T20:55:04.527007128Z: [    2.076622] Bridge firewalling registered
[STDERR  ] 2018-11-27T20:55:04.527043887Z: [    2.080599] 8021q: 802.1Q VLAN Support v1.8
[STDERR  ] 2018-11-27T20:55:04.527077312Z: [    2.084980] 9pnet: Installing 9P2000 support
[STDERR  ] 2018-11-27T20:55:04.527203691Z: [    2.089214] Key type dns_resolver registered
[STDERR  ] 2018-11-27T20:55:04.527257929Z: [    2.093875] registered taskstats version 1
[STDERR  ] 2018-11-27T20:55:04.527301822Z: [    2.106541] Key type big_key registered
[STDERR  ] 2018-11-27T20:55:04.527354858Z: [    2.114526] Key type trusted registered
[STDERR  ] 2018-11-27T20:55:04.527399482Z: [    2.123965] Key type encrypted registered
[STDERR  ] 2018-11-27T20:55:04.527442535Z: [    2.128110] ima: No TPM chip found, activating TPM-bypass! (rc=-19)
[STDERR  ] 2018-11-27T20:55:04.527501178Z: [    2.134820] ata4: SATA link down (SStatus 0 SControl 300)
[STDERR  ] 2018-11-27T20:55:04.527542698Z: [    2.140937] ata3: SATA link up 1.5 Gbps (SStatus 113 SControl 300)
[STDERR  ] 2018-11-27T20:55:04.527583044Z: [    2.147939] ata2: SATA link down (SStatus 0 SControl 300)
[STDERR  ] 2018-11-27T20:55:04.527622283Z: [    2.154070] ata1: SATA link down (SStatus 0 SControl 300)
[STDERR  ] 2018-11-27T20:55:04.527661416Z: [    2.160246] ata6: SATA link down (SStatus 0 SControl 300)
[STDERR  ] 2018-11-27T20:55:04.527702138Z: [    2.166393] ata5: SATA link down (SStatus 0 SControl 300)
[STDERR  ] 2018-11-27T20:55:04.527758158Z: [    2.172108] ata3.00: ATAPI: QEMU DVD-ROM, 2.5+, max UDMA/100
[STDERR  ] 2018-11-27T20:55:04.527799107Z: [    2.177720] ata3.00: applying bridge limits
[STDERR  ] 2018-11-27T20:55:04.527856824Z: [    2.182176] ima: Allocated hash algorithm: sha256
[STDERR  ] 2018-11-27T20:55:04.527900837Z: [    2.187154] evm: HMAC attrs: 0x1
[STDERR  ] 2018-11-27T20:55:04.527949348Z: [    2.191577] ata3.00: configured for UDMA/100
[STDERR  ] 2018-11-27T20:55:04.527988478Z: [    2.197805] rtc_cmos 00:00: setting system clock to 2018-11-27 20:54:53 UTC (1543352093)
[STDERR  ] 2018-11-27T20:55:04.528042738Z: [    2.206555] scsi 2:0:0:0: CD-ROM            QEMU     QEMU DVD-ROM     2.5+ PQ: 0 ANSI: 5
[STDERR  ] 2018-11-27T20:55:04.528084266Z: [    2.232026] sr 2:0:0:0: [sr0] scsi3-mmc drive: 4x/4x cd/rw xa/form2 tray
[STDERR  ] 2018-11-27T20:55:04.528124489Z: [    2.238584] cdrom: Uniform CD-ROM driver Revision: 3.20
[STDERR  ] 2018-11-27T20:55:04.528164593Z: [    2.244302] sr 2:0:0:0: Attached scsi generic sg0 type 5
[STDERR  ] 2018-11-27T20:55:04.528203626Z: [    2.251462] Freeing unused kernel memory: 1524K
[STDERR  ] 2018-11-27T20:55:04.528243072Z: [    2.257213] Write protecting the kernel read-only data: 18432k
[STDERR  ] 2018-11-27T20:55:04.528288866Z: [    2.263812] Freeing unused kernel memory: 2024K
[STDERR  ] 2018-11-27T20:55:04.528338873Z: [    2.271550] Freeing unused kernel memory: 1128K
[STDERR  ] 2018-11-27T20:55:04.528388089Z: 
[STDERR  ] 2018-11-27T20:55:04.528428507Z: Welcome to LinuxKit
[STDERR  ] 2018-11-27T20:55:04.528466607Z: 
[STDERR  ] 2018-11-27T20:55:04.528505634Z:                         ##         .
[STDERR  ] 2018-11-27T20:55:04.528551451Z:                   ## ## ##        ==
[STDERR  ] 2018-11-27T20:55:04.528591885Z:                ## ## ## ## ##    ===
[STDERR  ] 2018-11-27T20:55:04.528632501Z:            /"""""""""""""""""\___/ ===
[STDERR  ] 2018-11-27T20:55:04.528700047Z:           {                       /  ===-
[STDERR  ] 2018-11-27T20:55:04.528739596Z:            \______ O           __/
[STDERR  ] 2018-11-27T20:55:04.528783139Z:              \    \         __/
[STDERR  ] 2018-11-27T20:55:04.528822304Z:               \____\_______/
[STDERR  ] 2018-11-27T20:55:04.528877912Z: 
[STDERR  ] 2018-11-27T20:55:04.528917198Z: [    2.776335] IPv6: ADDRCONF(NETDEV_UP): eth0: link is not ready
[STDERR  ] 2018-11-27T20:55:04.528955913Z: [    2.782092] 8021q: adding VLAN 0 to HW filter on device eth0
[STDERR  ] 2018-11-27T20:55:04.528994595Z: [    2.848364] IPv6: ADDRCONF(NETDEV_CHANGE): eth0: link becomes ready
[STDERR  ] 2018-11-27T20:55:04.529033623Z: eth0: waiting for carrier
[STDERR  ] 2018-11-27T20:55:04.529073432Z: eth0: carrier acquired
[STDERR  ] 2018-11-27T20:55:04.529111319Z: DUID 00:04:91:ad:37:6c:15:7e:47:37:95:37:72:8d:e9:ee:86:19
[STDERR  ] 2018-11-27T20:55:04.529153584Z: eth0: IAID 45:3d:f5:84
[STDERR  ] 2018-11-27T20:55:04.529189609Z: eth0: adding address fe80::cc51:8263:b4f3:2c78
[STDERR  ] 2018-11-27T20:55:04.529230586Z: eth0: soliciting an IPv6 router
[STDERR  ] 2018-11-27T20:55:04.529268777Z: eth0: soliciting a DHCP lease
[STDERR  ] 2018-11-27T20:55:04.529309831Z: eth0: offered 10.0.2.15 from 10.0.2.2
[STDERR  ] 2018-11-27T20:55:04.529360710Z: eth0: leased 10.0.2.15 for 86400 seconds
[STDERR  ] 2018-11-27T20:55:04.529399936Z: eth0: adding route to 10.0.2.0/24
[STDERR  ] 2018-11-27T20:55:04.529437870Z: eth0: adding default route via 10.0.2.2
[STDERR  ] 2018-11-27T20:55:04.529477439Z: exiting due to oneshot
[STDERR  ] 2018-11-27T20:55:04.529516162Z: dhcpcd exited
[STDERR  ] 2018-11-27T20:55:04.529555802Z: dhcpcd test suite PASSED
[STDERR  ] 2018-11-27T20:55:04.529604214Z: [   13.026770] ACPI: Preparing to enter system sleep state S5
[STDERR  ] 2018-11-27T20:55:04.529643642Z: [   13.032780] reboot: Power down
[STDERR  ] 2018-11-27T20:55:04.529682470Z: + echo [    0.000000] Linux version 4.14.81-linuxkit (root@12495f1ac1df) (gcc version 6.4.0 (Alpine 6.4.0)) #1 SMP Fri Nov 16 00:06:53 UTC 2018
[STDERR  ] 2018-11-27T20:55:04.529724398Z: [    0.000000] Command line: console=ttyS0 console=ttyAMA0
[STDERR  ] 2018-11-27T20:55:04.529763246Z: [    0.000000] x86/fpu: x87 FPU will use FXSAVE
[STDERR  ] 2018-11-27T20:55:04.529802220Z: [    0.000000] e820: BIOS-provided physical RAM map:
[STDERR  ] 2018-11-27T20:55:04.529852623Z: [    0.000000] BIOS-e820: [mem 0x0000000000000000-0x000000000009fbff] usable
[STDERR  ] 2018-11-27T20:55:04.529893528Z: [    0.000000] BIOS-e820: [mem 0x000000000009fc00-0x000000000009ffff] reserved
[STDERR  ] 2018-11-27T20:55:04.529950324Z: [    0.000000] BIOS-e820: [mem 0x00000000000f0000-0x00000000000fffff] reserved
[STDERR  ] 2018-11-27T20:55:04.529990445Z: [    0.000000] BIOS-e820: [mem 0x0000000000100000-0x000000003ffdefff] usable
[STDERR  ] 2018-11-27T20:55:04.530032934Z: [    0.000000] BIOS-e820: [mem 0x000000003ffdf000-0x000000003fffffff] reserved
[STDERR  ] 2018-11-27T20:55:04.530073599Z: [    0.000000] BIOS-e820: [mem 0x00000000b0000000-0x00000000bfffffff] reserved
[STDERR  ] 2018-11-27T20:55:04.530110977Z: [    0.000000] BIOS-e820: [mem 0x00000000fed1c000-0x00000000fed1ffff] reserved
[STDERR  ] 2018-11-27T20:55:04.530151923Z: [    0.000000] BIOS-e820: [mem 0x00000000feffc000-0x00000000feffffff] reserved
[STDERR  ] 2018-11-27T20:55:04.530191326Z: [    0.000000] BIOS-e820: [mem 0x00000000fffc0000-0x00000000ffffffff] reserved
[STDERR  ] 2018-11-27T20:55:04.530238444Z: [    0.000000] NX (Execute Disable) protection: active
[STDERR  ] 2018-11-27T20:55:04.530281286Z: [    0.000000] SMBIOS 2.8 present.
[STDERR  ] 2018-11-27T20:55:04.530320499Z: [    0.000000] DMI: QEMU Standard PC (Q35 + ICH9, 2009), BIOS 1.10.2-1 04/01/2014
[STDERR  ] 2018-11-27T20:55:04.530379232Z: [    0.000000] Hypervisor detected: KVM
[STDERR  ] 2018-11-27T20:55:04.530419373Z: [    0.000000] tsc: Fast TSC calibration failed
[STDERR  ] 2018-11-27T20:55:04.530458095Z: [    0.000000] tsc: Unable to calibrate against PIT
[STDERR  ] 2018-11-27T20:55:04.530503863Z: [    0.000000] tsc: No reference (HPET/PMTIMER) available
[STDERR  ] 2018-11-27T20:55:04.530542862Z: [    0.000000] e820: last_pfn = 0x3ffdf max_arch_pfn = 0x400000000
[STDERR  ] 2018-11-27T20:55:04.530593586Z: [    0.000000] x86/PAT: PAT not supported by CPU.
[STDERR  ] 2018-11-27T20:55:04.530633516Z: [    0.000000] x86/PAT: Configuration [0-7]: WB  WT  UC- UC  WB  WT  UC- UC  
[STDERR  ] 2018-11-27T20:55:04.530679736Z: [    0.000000] found SMP MP-table at [mem 0x000f6a90-0x000f6a9f] mapped at [ffffffffff200a90]
[STDERR  ] 2018-11-27T20:55:04.530719653Z: [    0.000000] RAMDISK: [mem 0x3e299000-0x3ffcffff]
[STDERR  ] 2018-11-27T20:55:04.530783448Z: [    0.000000] ACPI: Early table checksum verification disabled
[STDERR  ] 2018-11-27T20:55:04.530825355Z: [    0.000000] ACPI: RSDP 0x00000000000F68D0 000014 (v00 BOCHS )
[STDERR  ] 2018-11-27T20:55:04.530873128Z: [    0.000000] ACPI: RSDT 0x000000003FFE2404 000034 (v01 BOCHS  BXPCRSDT 00000001 BXPC 00000001)
[STDERR  ] 2018-11-27T20:55:04.530916119Z: [    0.000000] ACPI: FACP 0x000000003FFE22A4 000074 (v01 BOCHS  BXPCFACP 00000001 BXPC 00000001)
[STDERR  ] 2018-11-27T20:55:04.530952431Z: [    0.000000] ACPI: DSDT 0x000000003FFE0040 002264 (v01 BOCHS  BXPCDSDT 00000001 BXPC 00000001)
[STDERR  ] 2018-11-27T20:55:04.530993315Z: [    0.000000] ACPI: FACS 0x000000003FFE0000 000040
[STDERR  ] 2018-11-27T20:55:04.531033692Z: [    0.000000] ACPI: APIC 0x000000003FFE2318 000078 (v01 BOCHS  BXPCAPIC 00000001 BXPC 00000001)
[STDERR  ] 2018-11-27T20:55:04.531072095Z: [    0.000000] ACPI: HPET 0x000000003FFE2390 000038 (v01 BOCHS  BXPCHPET 00000001 BXPC 00000001)
[STDERR  ] 2018-11-27T20:55:04.531110985Z: [    0.000000] ACPI: MCFG 0x000000003FFE23C8 00003C (v01 BOCHS  BXPCMCFG 00000001 BXPC 00000001)
[STDERR  ] 2018-11-27T20:55:04.531149604Z: [    0.000000] kvm-clock: Using msrs 4b564d01 and 4b564d00
[STDERR  ] 2018-11-27T20:55:04.531211532Z: [    0.000000] kvm-clock: cpu 0, msr 0:3ffdd001, primary cpu clock
[STDERR  ] 2018-11-27T20:55:04.531254094Z: [    0.000000] clocksource: kvm-clock: mask: 0xffffffffffffffff max_cycles: 0x1cd42e4dffb, max_idle_ns: 881590591483 ns
[STDERR  ] 2018-11-27T20:55:04.531294350Z: [    0.000000] Zone ranges:
[STDERR  ] 2018-11-27T20:55:04.531344614Z: [    0.000000]   DMA      [mem 0x0000000000001000-0x0000000000ffffff]
[STDERR  ] 2018-11-27T20:55:04.531385731Z: [    0.000000]   DMA32    [mem 0x0000000001000000-0x000000003ffdefff]
[STDERR  ] 2018-11-27T20:55:04.531437898Z: [    0.000000]   Normal   empty
[STDERR  ] 2018-11-27T20:55:04.531480257Z: [    0.000000]   Device   empty
[STDERR  ] 2018-11-27T20:55:04.531518302Z: [    0.000000] Movable zone start for each node
[STDERR  ] 2018-11-27T20:55:04.531567279Z: [    0.000000] Early memory node ranges
[STDERR  ] 2018-11-27T20:55:04.531607186Z: [    0.000000]   node   0: [mem 0x0000000000001000-0x000000000009efff]
[STDERR  ] 2018-11-27T20:55:04.531648618Z: [    0.000000]   node   0: [mem 0x0000000000100000-0x000000003ffdefff]
[STDERR  ] 2018-11-27T20:55:04.531685595Z: [    0.000000] Initmem setup node 0 [mem 0x0000000000001000-0x000000003ffdefff]
[STDERR  ] 2018-11-27T20:55:04.531724290Z: [    0.000000] ACPI: PM-Timer IO Port: 0x608
[STDERR  ] 2018-11-27T20:55:04.531764276Z: [    0.000000] ACPI: LAPIC_NMI (acpi_id[0xff] dfl dfl lint[0x1])
[STDERR  ] 2018-11-27T20:55:04.531802894Z: [    0.000000] IOAPIC[0]: apic_id 0, version 17, address 0xfec00000, GSI 0-23
[STDERR  ] 2018-11-27T20:55:04.531849779Z: [    0.000000] ACPI: INT_SRC_OVR (bus 0 bus_irq 0 global_irq 2 dfl dfl)
[STDERR  ] 2018-11-27T20:55:04.531892159Z: [    0.000000] ACPI: INT_SRC_OVR (bus 0 bus_irq 5 global_irq 5 high level)
[STDERR  ] 2018-11-27T20:55:04.531930922Z: [    0.000000] ACPI: INT_SRC_OVR (bus 0 bus_irq 9 global_irq 9 high level)
[STDERR  ] 2018-11-27T20:55:04.531975088Z: [    0.000000] ACPI: INT_SRC_OVR (bus 0 bus_irq 10 global_irq 10 high level)
[STDERR  ] 2018-11-27T20:55:04.532011850Z: [    0.000000] ACPI: INT_SRC_OVR (bus 0 bus_irq 11 global_irq 11 high level)
[STDERR  ] 2018-11-27T20:55:04.532052425Z: [    0.000000] Using ACPI (MADT) for SMP configuration information
[STDERR  ] 2018-11-27T20:55:04.532096194Z: [    0.000000] ACPI: HPET id: 0x8086a201 base: 0xfed00000
[STDERR  ] 2018-11-27T20:55:04.532152824Z: [    0.000000] smpboot: Allowing 1 CPUs, 0 hotplug CPUs
[STDERR  ] 2018-11-27T20:55:04.532191164Z: [    0.000000] e820: [mem 0x40000000-0xafffffff] available for PCI devices
[STDERR  ] 2018-11-27T20:55:04.532231190Z: [    0.000000] Booting paravirtualized kernel on KVM
[STDERR  ] 2018-11-27T20:55:04.532270365Z: [    0.000000] clocksource: refined-jiffies: mask: 0xffffffff max_cycles: 0xffffffff, max_idle_ns: 1910969940391419 ns
[STDERR  ] 2018-11-27T20:55:04.532312773Z: [    0.000000] random: get_random_bytes called from start_kernel+0x92/0x4cb with crng_init=0
[STDERR  ] 2018-11-27T20:55:04.532365172Z: [    0.000000] setup_percpu: NR_CPUS:128 nr_cpumask_bits:128 nr_cpu_ids:1 nr_node_ids:1
[STDERR  ] 2018-11-27T20:55:04.532411937Z: [    0.000000] percpu: Embedded 45 pages/cpu @ffff8ccefe000000 s144280 r8192 d31848 u2097152
[STDERR  ] 2018-11-27T20:55:04.532451004Z: [    0.000000] KVM setup async PF for cpu 0
[STDERR  ] 2018-11-27T20:55:04.532491731Z: [    0.000000] kvm-stealtime: cpu 0, msr 3e015f40
[STDERR  ] 2018-11-27T20:55:04.532533561Z: [    0.000000] Built 1 zonelists, mobility grouping on.  Total pages: 257896
[STDERR  ] 2018-11-27T20:55:04.532572352Z: [    0.000000] Kernel command line: console=ttyS0 console=ttyAMA0
[STDERR  ] 2018-11-27T20:55:04.532610944Z: [    0.000000] PID hash table entries: 4096 (order: 3, 32768 bytes)
[STDERR  ] 2018-11-27T20:55:04.532649606Z: [    0.000000] Dentry cache hash table entries: 131072 (order: 8, 1048576 bytes)
[STDERR  ] 2018-11-27T20:55:04.532692904Z: [    0.000000] Inode-cache hash table entries: 65536 (order: 7, 524288 bytes)
[STDERR  ] 2018-11-27T20:55:04.532729574Z: [    0.000000] Memory: 974952K/1048052K available (12300K kernel code, 1451K rwdata, 2968K rodata, 1524K init, 580K bss, 73100K reserved, 0K cma-reserved)
[STDERR  ] 2018-11-27T20:55:04.532771031Z: [    0.000000] Kernel/User page tables isolation: enabled
[STDERR  ] 2018-11-27T20:55:04.532809584Z: [    0.000000] ftrace: allocating 40648 entries in 159 pages
[STDERR  ] 2018-11-27T20:55:04.532857462Z: [    0.001000] Hierarchical RCU implementation.
[STDERR  ] 2018-11-27T20:55:04.532898052Z: [    0.001000] 	RCU restricting CPUs from NR_CPUS=128 to nr_cpu_ids=1.
[STDERR  ] 2018-11-27T20:55:04.532941901Z: [    0.001000] RCU: Adjusting geometry for rcu_fanout_leaf=16, nr_cpu_ids=1
[STDERR  ] 2018-11-27T20:55:04.532990308Z: [    0.001000] NR_IRQS: 8448, nr_irqs: 256, preallocated irqs: 16
[STDERR  ] 2018-11-27T20:55:04.533029041Z: [    0.001000] Console: colour VGA+ 80x25
[STDERR  ] 2018-11-27T20:55:04.533072794Z: [    0.001000] console [ttyS0] enabled
[STDERR  ] 2018-11-27T20:55:04.533110858Z: [    0.001000] clocksource: hpet: mask: 0xffffffff max_cycles: 0xffffffff, max_idle_ns: 19112604467 ns
[STDERR  ] 2018-11-27T20:55:04.533149930Z: [    0.001027] tsc: Detected 2299.796 MHz processor
[STDERR  ] 2018-11-27T20:55:04.533198935Z: [    0.002034] Calibrating delay loop (skipped) preset value.. 4599.59 BogoMIPS (lpj=2299796)
[STDERR  ] 2018-11-27T20:55:04.533241353Z: [    0.003028] pid_max: default: 32768 minimum: 301
[STDERR  ] 2018-11-27T20:55:04.533279928Z: [    0.004052] ACPI: Core revision 20170728
[STDERR  ] 2018-11-27T20:55:04.533318474Z: [    0.006609] ACPI: 1 ACPI AML tables successfully acquired and loaded
[STDERR  ] 2018-11-27T20:55:04.533369015Z: [    0.007117] Security Framework initialized
[STDERR  ] 2018-11-27T20:55:04.533410371Z: [    0.008026] Yama: becoming mindful.
[STDERR  ] 2018-11-27T20:55:04.533449956Z: [    0.009071] Mount-cache hash table entries: 2048 (order: 2, 16384 bytes)
[STDERR  ] 2018-11-27T20:55:04.533488170Z: [    0.010030] Mountpoint-cache hash table entries: 2048 (order: 2, 16384 bytes)
[STDERR  ] 2018-11-27T20:55:04.533531272Z: [    0.015022] Last level iTLB entries: 4KB 0, 2MB 0, 4MB 0
[STDERR  ] 2018-11-27T20:55:04.533581888Z: [    0.016036] Last level dTLB entries: 4KB 0, 2MB 0, 4MB 0, 1GB 0
[STDERR  ] 2018-11-27T20:55:04.533623644Z: [    0.017025] Spectre V2 : Mitigation: Full generic retpoline
[STDOUT  ] 2018-11-27T20:55:04.533665224Z: [    0.000000] Linux version 4.14.81-linuxkit (root@12495f1ac1df) (gcc version 6.4.0 (Alpine 6.4.0)) #1 SMP Fri Nov 16 00:06:53 UTC 2018
[STDOUT  ] 2018-11-27T20:55:04.533719246Z: [    0.000000] Command line: console=ttyS0 console=ttyAMA0
[STDOUT  ] 2018-11-27T20:55:04.533730292Z: [    0.000000] x86/fpu: x87 FPU will use FXSAVE
[STDOUT  ] 2018-11-27T20:55:04.533741435Z: [    0.000000] e820: BIOS-provided physical RAM map:
[STDOUT  ] 2018-11-27T20:55:04.533752560Z: [    0.000000] BIOS-e820: [mem 0x0000000000000000-0x000000000009fbff] usable
[STDOUT  ] 2018-11-27T20:55:04.533763589Z: [    0.000000] BIOS-e820: [mem 0x000000000009fc00-0x000000000009ffff] reserved
[STDOUT  ] 2018-11-27T20:55:04.533771812Z: [    0.000000] BIOS-e820: [mem 0x00000000000f0000-0x00000000000fffff] reserved
[STDOUT  ] 2018-11-27T20:55:04.533780256Z: [    0.000000] BIOS-e820: [mem 0x0000000000100000-0x000000003ffdefff] usable
[STDOUT  ] 2018-11-27T20:55:04.533788896Z: [    0.000000] BIOS-e820: [mem 0x000000003ffdf000-0x000000003fffffff] reserved
[STDOUT  ] 2018-11-27T20:55:04.533797353Z: [    0.000000] BIOS-e820: [mem 0x00000000b0000000-0x00000000bfffffff] reserved
[STDOUT  ] 2018-11-27T20:55:04.533805731Z: [    0.000000] BIOS-e820: [mem 0x00000000fed1c000-0x00000000fed1ffff] reserved
[STDOUT  ] 2018-11-27T20:55:04.533814342Z: [    0.000000] BIOS-e820: [mem 0x00000000feffc000-0x00000000feffffff] reserved
[STDOUT  ] 2018-11-27T20:55:04.533822859Z: [    0.000000] BIOS-e820: [mem 0x00000000fffc0000-0x00000000ffffffff] reserved
[STDOUT  ] 2018-11-27T20:55:04.533831358Z: [    0.000000] NX (Execute Disable) protection: active
[STDOUT  ] 2018-11-27T20:55:04.533848459Z: [    0.000000] SMBIOS 2.8 present.
[STDOUT  ] 2018-11-27T20:55:04.533857048Z: [    0.000000] DMI: QEMU Standard PC (Q35 + ICH9, 2009), BIOS 1.10.2-1 04/01/2014
[STDOUT  ] 2018-11-27T20:55:04.533865962Z: [    0.000000] Hypervisor detected: KVM
[STDOUT  ] 2018-11-27T20:55:04.533874800Z: [    0.000000] tsc: Fast TSC calibration failed
[STDOUT  ] 2018-11-27T20:55:04.533883013Z: [    0.000000] tsc: Unable to calibrate against PIT
[STDOUT  ] 2018-11-27T20:55:04.533891183Z: [    0.000000] tsc: No reference (HPET/PMTIMER) available
[STDOUT  ] 2018-11-27T20:55:04.533899581Z: [    0.000000] e820: last_pfn = 0x3ffdf max_arch_pfn = 0x400000000
[STDOUT  ] 2018-11-27T20:55:04.533908196Z: [    0.000000] x86/PAT: PAT not supported by CPU.
[STDOUT  ] 2018-11-27T20:55:04.533916721Z: [    0.000000] x86/PAT: Configuration [0-7]: WB  WT  UC- UC  WB  WT  UC- UC  
[STDOUT  ] 2018-11-27T20:55:04.533925304Z: [    0.000000] found SMP MP-table at [mem 0x000f6a90-0x000f6a9f] mapped at [ffffffffff200a90]
[STDOUT  ] 2018-11-27T20:55:04.533934472Z: [    0.000000] RAMDISK: [mem 0x3e299000-0x3ffcffff]
[STDOUT  ] 2018-11-27T20:55:04.533942819Z: [    0.000000] ACPI: Early table checksum verification disabled
[STDOUT  ] 2018-11-27T20:55:04.533951295Z: [    0.000000] ACPI: RSDP 0x00000000000F68D0 000014 (v00 BOCHS )
[STDOUT  ] 2018-11-27T20:55:04.533959895Z: [    0.000000] ACPI: RSDT 0x000000003FFE2404 000034 (v01 BOCHS  BXPCRSDT 00000001 BXPC 00000001)
[STDOUT  ] 2018-11-27T20:55:04.533968514Z: [    0.000000] ACPI: FACP 0x000000003FFE22A4 000074 (v01 BOCHS  BXPCFACP 00000001 BXPC 00000001)
[STDOUT  ] 2018-11-27T20:55:04.533977045Z: [    0.000000] ACPI: DSDT 0x000000003FFE0040 002264 (v01 BOCHS  BXPCDSDT 00000001 BXPC 00000001)
[STDOUT  ] 2018-11-27T20:55:04.533986092Z: [    0.000000] ACPI: FACS 0x000000003FFE0000 000040
[STDOUT  ] 2018-11-27T20:55:04.533994583Z: [    0.000000] ACPI: APIC 0x000000003FFE2318 000078 (v01 BOCHS  BXPCAPIC 00000001 BXPC 00000001)
[STDOUT  ] 2018-11-27T20:55:04.534003392Z: [    0.000000] ACPI: HPET 0x000000003FFE2390 000038 (v01 BOCHS  BXPCHPET 00000001 BXPC 00000001)
[STDOUT  ] 2018-11-27T20:55:04.534017110Z: [    0.000000] ACPI: MCFG 0x000000003FFE23C8 00003C (v01 BOCHS  BXPCMCFG 00000001 BXPC 00000001)
[STDOUT  ] 2018-11-27T20:55:04.534025823Z: [    0.000000] kvm-clock: Using msrs 4b564d01 and 4b564d00
[STDOUT  ] 2018-11-27T20:55:04.534040394Z: [    0.000000] kvm-clock: cpu 0, msr 0:3ffdd001, primary cpu clock
[STDOUT  ] 2018-11-27T20:55:04.534049315Z: [    0.000000] clocksource: kvm-clock: mask: 0xffffffffffffffff max_cycles: 0x1cd42e4dffb, max_idle_ns: 881590591483 ns
[STDOUT  ] 2018-11-27T20:55:04.534060268Z: [    0.000000] Zone ranges:
[STDOUT  ] 2018-11-27T20:55:04.534068702Z: [    0.000000]   DMA      [mem 0x0000000000001000-0x0000000000ffffff]
[STDOUT  ] 2018-11-27T20:55:04.534077266Z: [    0.000000]   DMA32    [mem 0x0000000001000000-0x000000003ffdefff]
[STDOUT  ] 2018-11-27T20:55:04.534086033Z: [    0.000000]   Normal   empty
[STDOUT  ] 2018-11-27T20:55:04.534095220Z: [    0.000000]   Device   empty
[STDOUT  ] 2018-11-27T20:55:04.534115697Z: [    0.000000] Movable zone start for each node
[STDOUT  ] 2018-11-27T20:55:04.534124407Z: [    0.000000] Early memory node ranges
[STDOUT  ] 2018-11-27T20:55:04.534133079Z: [    0.000000]   node   0: [mem 0x0000000000001000-0x000000000009efff]
[STDOUT  ] 2018-11-27T20:55:04.534141759Z: [    0.000000]   node   0: [mem 0x0000000000100000-0x000000003ffdefff]
[STDOUT  ] 2018-11-27T20:55:04.534150264Z: [    0.000000] Initmem setup node 0 [mem 0x0000000000001000-0x000000003ffdefff]
[STDOUT  ] 2018-11-27T20:55:04.534161921Z: [    0.000000] ACPI: PM-Timer IO Port: 0x608
[STDOUT  ] 2018-11-27T20:55:04.534170587Z: [    0.000000] ACPI: LAPIC_NMI (acpi_id[0xff] dfl dfl lint[0x1])
[STDOUT  ] 2018-11-27T20:55:04.534179070Z: [    0.000000] IOAPIC[0]: apic_id 0, version 17, address 0xfec00000, GSI 0-23
[STDOUT  ] 2018-11-27T20:55:04.534187612Z: [    0.000000] ACPI: INT_SRC_OVR (bus 0 bus_irq 0 global_irq 2 dfl dfl)
[STDOUT  ] 2018-11-27T20:55:04.534196289Z: [    0.000000] ACPI: INT_SRC_OVR (bus 0 bus_irq 5 global_irq 5 high level)
[STDOUT  ] 2018-11-27T20:55:04.534205079Z: [    0.000000] ACPI: INT_SRC_OVR (bus 0 bus_irq 9 global_irq 9 high level)
[STDOUT  ] 2018-11-27T20:55:04.534213496Z: [    0.000000] ACPI: INT_SRC_OVR (bus 0 bus_irq 10 global_irq 10 high level)
[STDOUT  ] 2018-11-27T20:55:04.534222093Z: [    0.000000] ACPI: INT_SRC_OVR (bus 0 bus_irq 11 global_irq 11 high level)
[STDOUT  ] 2018-11-27T20:55:04.534230834Z: [    0.000000] Using ACPI (MADT) for SMP configuration information
[STDOUT  ] 2018-11-27T20:55:04.534239409Z: [    0.000000] ACPI: HPET id: 0x8086a201 base: 0xfed00000
[STDOUT  ] 2018-11-27T20:55:04.534248202Z: [    0.000000] smpboot: Allowing 1 CPUs, 0 hotplug CPUs
[STDOUT  ] 2018-11-27T20:55:04.534260064Z: [    0.000000] e820: [mem 0x40000000-0xafffffff] available for PCI devices
[STDOUT  ] 2018-11-27T20:55:04.534292761Z: [    0.000000] Booting paravirtualized kernel on KVM
[STDOUT  ] 2018-11-27T20:55:04.534301676Z: [    0.000000] clocksource: refined-jiffies: mask: 0xffffffff max_cycles: 0xffffffff, max_idle_ns: 1910969940391419 ns
[STDOUT  ] 2018-11-27T20:55:04.534310263Z: [    0.000000] random: get_random_bytes called from start_kernel+0x92/0x4cb with crng_init=0
[STDOUT  ] 2018-11-27T20:55:04.534319533Z: [    0.000000] setup_percpu: NR_CPUS:128 nr_cpumask_bits:128 nr_cpu_ids:1 nr_node_ids:1
[STDOUT  ] 2018-11-27T20:55:04.534339099Z: [    0.000000] percpu: Embedded 45 pages/cpu @ffff8ccefe000000 s144280 r8192 d31848 u2097152
[STDOUT  ] 2018-11-27T20:55:04.534348289Z: [    0.000000] KVM setup async PF for cpu 0
[STDOUT  ] 2018-11-27T20:55:04.534359630Z: [    0.000000] kvm-stealtime: cpu 0, msr 3e015f40
[STDOUT  ] 2018-11-27T20:55:04.534368471Z: [    0.000000] Built 1 zonelists, mobility grouping on.  Total pages: 257896
[STDOUT  ] 2018-11-27T20:55:04.534377068Z: [    0.000000] Kernel command line: console=ttyS0 console=ttyAMA0
[STDOUT  ] 2018-11-27T20:55:04.534385615Z: [    0.000000] PID hash table entries: 4096 (order: 3, 32768 bytes)
[STDOUT  ] 2018-11-27T20:55:04.534398265Z: [    0.000000] Dentry cache hash table entries: 131072 (order: 8, 1048576 bytes)
[STDOUT  ] 2018-11-27T20:55:04.534406747Z: [    0.000000] Inode-cache hash table entries: 65536 (order: 7, 524288 bytes)
[STDOUT  ] 2018-11-27T20:55:04.534421933Z: [    0.000000] Memory: 974952K/1048052K available (12300K kernel code, 1451K rwdata, 2968K rodata, 1524K init, 580K bss, 73100K reserved, 0K cma-reserved)
[STDOUT  ] 2018-11-27T20:55:04.534435926Z: [    0.000000] Kernel/User page tables isolation: enabled
[STDOUT  ] 2018-11-27T20:55:04.534444630Z: [    0.000000] ftrace: allocating 40648 entries in 159 pages
[STDOUT  ] 2018-11-27T20:55:04.534453451Z: [    0.001000] Hierarchical RCU implementation.
[STDOUT  ] 2018-11-27T20:55:04.534462325Z: [    0.001000] 	RCU restricting CPUs from NR_CPUS=128 to nr_cpu_ids=1.
[STDOUT  ] 2018-11-27T20:55:04.534471254Z: [    0.001000] RCU: Adjusting geometry for rcu_fanout_leaf=16, nr_cpu_ids=1
[STDOUT  ] 2018-11-27T20:55:04.534480067Z: [    0.001000] NR_IRQS: 8448, nr_irqs: 256, preallocated irqs: 16
[STDOUT  ] 2018-11-27T20:55:04.534488874Z: [    0.001000] Console: colour VGA+ 80x25
[STDOUT  ] 2018-11-27T20:55:04.534497463Z: [    0.001000] console [ttyS0] enabled
[STDOUT  ] 2018-11-27T20:55:04.534506060Z: [    0.001000] clocksource: hpet: mask: 0xffffffff max_cycles: 0xffffffff, max_idle_ns: 19112604467 ns
[STDOUT  ] 2018-11-27T20:55:04.534514883Z: [    0.001027] tsc: Detected 2299.796 MHz processor
[STDOUT  ] 2018-11-27T20:55:04.534523251Z: [    0.002034] Calibrating delay loop (skipped) preset value.. 4599.59 BogoMIPS (lpj=2299796)
[STDOUT  ] 2018-11-27T20:55:04.534532099Z: [    0.003028] pid_max: default: 32768 minimum: 301
[STDOUT  ] 2018-11-27T20:55:04.534543011Z: [    0.004052] ACPI: Core revision 20170728
[STDOUT  ] 2018-11-27T20:55:04.534551485Z: [    0.006609] ACPI: 1 ACPI AML tables successfully acquired and loaded
[STDOUT  ] 2018-11-27T20:55:04.534560199Z: [    0.007117] Security Framework initialized
[STDOUT  ] 2018-11-27T20:55:04.534568537Z: [    0.008026] Yama: becoming mindful.
[STDOUT  ] 2018-11-27T20:55:04.534577365Z: [    0.009071] Mount-cache hash table entries: 2048 (order: 2, 16384 bytes)
[STDOUT  ] 2018-11-27T20:55:04.534586311Z: [    0.010030] Mountpoint-cache hash table entries: 2048 (order: 2, 16384 bytes)
[STDOUT  ] 2018-11-27T20:55:04.534594894Z: [    0.015022] Last level iTLB entries: 4KB 0, 2MB 0, 4MB 0
[STDOUT  ] 2018-11-27T20:55:04.534603522Z: [    0.016036] Last level dTLB entries: 4KB 0, 2MB 0, 4MB 0, 1GB 0
[STDOUT  ] 2018-11-27T20:55:04.534614310Z: [    0.017025] Spectre V2 : Mitigation: Full generic retpoline
[STDOUT  ] 2018-11-27T20:55:04.534623010Z: [    0.018026] Spectre V2 : Spectre v2 / SpectreRSB mitigation: Filling RSB on context switch
[STDOUT  ] 2018-11-27T20:55:04.534631827Z: [    0.019026] Speculative Store Bypass: Vulnerable
[STDOUT  ] 2018-11-27T20:55:04.534640681Z: [    0.028635] Freeing SMP alternatives memory: 20K
[STDOUT  ] 2018-11-27T20:55:04.534649633Z: [    0.029605] smpboot: Max logical packages: 1
[STDOUT  ] 2018-11-27T20:55:04.534657866Z: [    0.032626] x2apic enabled
[STDOUT  ] 2018-11-27T20:55:04.534666284Z: [    0.033026] Switched APIC routing to physical x2apic.
[STDOUT  ] 2018-11-27T20:55:04.534675093Z: [    0.045714] ..TIMER: vector=0x30 apic1=0 pin1=2 apic2=-1 pin2=-1
[STDOUT  ] 2018-11-27T20:55:04.534683840Z: [    0.046000] smpboot: CPU0: Intel QEMU Virtual CPU version 2.5+ (family: 0x6, model: 0x6, stepping: 0x3)
[STDOUT  ] 2018-11-27T20:55:04.534692627Z: [    0.046145] Performance Events: PMU not available due to virtualization, using software events only.
[STDOUT  ] 2018-11-27T20:55:04.534701389Z: [    0.048400] Hierarchical SRCU implementation.
[STDOUT  ] 2018-11-27T20:55:04.534709803Z: [    0.049129] NMI watchdog: Perf event create on CPU 0 failed with -2
[STDOUT  ] 2018-11-27T20:55:04.534720893Z: [    0.050007] NMI watchdog: Perf NMI watchdog permanently disabled
[STDOUT  ] 2018-11-27T20:55:04.534729345Z: [    0.052073] smp: Bringing up secondary CPUs ...
[STDOUT  ] 2018-11-27T20:55:04.534737868Z: [    0.053010] smp: Brought up 1 node, 1 CPU
[STDOUT  ] 2018-11-27T20:55:04.534750253Z: [    0.054008] smpboot: Total of 1 processors activated (4599.59 BogoMIPS)
[STDOUT  ] 2018-11-27T20:55:04.534759000Z: [    0.057808] devtmpfs: initialized
[STDOUT  ] 2018-11-27T20:55:04.534772080Z: [    0.058079] x86/mm: Memory block size: 128MB
[STDOUT  ] 2018-11-27T20:55:04.534780791Z: [    0.059233] evm: security.ima
[STDOUT  ] 2018-11-27T20:55:04.534789556Z: [    0.060005] evm: security.capability
[STDOUT  ] 2018-11-27T20:55:04.534798284Z: [    0.061206] clocksource: jiffies: mask: 0xffffffff max_cycles: 0xffffffff, max_idle_ns: 1911260446275000 ns
[STDOUT  ] 2018-11-27T20:55:04.534807073Z: [    0.062016] futex hash table entries: 256 (order: 2, 16384 bytes)
[STDOUT  ] 2018-11-27T20:55:04.534815371Z: [    0.064195] NET: Registered protocol family 16
[STDOUT  ] 2018-11-27T20:55:04.534823863Z: [    0.065229] cpuidle: using governor ladder
[STDOUT  ] 2018-11-27T20:55:04.534832445Z: [    0.066009] cpuidle: using governor menu
[STDOUT  ] 2018-11-27T20:55:04.534847603Z: [    0.067125] ACPI: bus type PCI registered
[STDOUT  ] 2018-11-27T20:55:04.534860192Z: [    0.069306] PCI: MMCONFIG for domain 0000 [bus 00-ff] at [mem 0xb0000000-0xbfffffff] (base 0xb0000000)
[STDOUT  ] 2018-11-27T20:55:04.534869269Z: [    0.070013] PCI: MMCONFIG at [mem 0xb0000000-0xbfffffff] reserved in E820
[STDOUT  ] 2018-11-27T20:55:04.534878043Z: [    0.071027] PCI: Using configuration type 1 for base access
[STDOUT  ] 2018-11-27T20:55:04.534886519Z: [    0.074522] HugeTLB registered 2.00 MiB page size, pre-allocated 0 pages
[STDOUT  ] 2018-11-27T20:55:04.534895490Z: [    0.075296] ACPI: Added _OSI(Module Device)
[STDOUT  ] 2018-11-27T20:55:04.534903617Z: [    0.076020] ACPI: Added _OSI(Processor Device)
[STDOUT  ] 2018-11-27T20:55:04.534912238Z: [    0.077006] ACPI: Added _OSI(3.0 _SCP Extensions)
[STDOUT  ] 2018-11-27T20:55:04.534920964Z: [    0.078005] ACPI: Added _OSI(Processor Aggregator Device)
[STDOUT  ] 2018-11-27T20:55:04.534933011Z: [    0.084037] ACPI: Interpreter enabled
[STDOUT  ] 2018-11-27T20:55:04.534941631Z: [    0.085016] ACPI: (supports S0 S5)
[STDOUT  ] 2018-11-27T20:55:04.534950223Z: [    0.086005] ACPI: Using IOAPIC for interrupt routing
[STDOUT  ] 2018-11-27T20:55:04.534962246Z: [    0.087067] PCI: Using host bridge windows from ACPI; if necessary, use "pci=nocrs" and report a bug
[STDOUT  ] 2018-11-27T20:55:04.534971430Z: [    0.088421] ACPI: Enabled 2 GPEs in block 00 to 3F
[STDOUT  ] 2018-11-27T20:55:04.534980204Z: [    0.093286] ACPI: PCI Root Bridge [PCI0] (domain 0000 [bus 00-ff])
[STDOUT  ] 2018-11-27T20:55:04.534988943Z: [    0.094018] acpi PNP0A08:00: _OSC: OS supports [ExtendedConfig ASPM ClockPM Segments MSI]
[STDOUT  ] 2018-11-27T20:55:04.535000372Z: [    0.095139] acpi PNP0A08:00: _OSC: OS now controls [PCIeHotplug PME PCIeCapability]
[STDOUT  ] 2018-11-27T20:55:04.535012015Z: [    0.096081] PCI host bridge to bus 0000:00
[STDOUT  ] 2018-11-27T20:55:04.535020846Z: [    0.097010] pci_bus 0000:00: root bus resource [io  0x0000-0x0cf7 window]
[STDOUT  ] 2018-11-27T20:55:04.535029486Z: [    0.098013] pci_bus 0000:00: root bus resource [io  0x0d00-0xffff window]
[STDOUT  ] 2018-11-27T20:55:04.535038069Z: [    0.099010] pci_bus 0000:00: root bus resource [mem 0x000a0000-0x000bffff window]
[STDOUT  ] 2018-11-27T20:55:04.535046605Z: [    0.100011] pci_bus 0000:00: root bus resource [mem 0xc0000000-0xfebfffff window]
[STDOUT  ] 2018-11-27T20:55:04.535055210Z: [    0.101012] pci_bus 0000:00: root bus resource [bus 00-ff]
[STDOUT  ] 2018-11-27T20:55:04.535063378Z: [    0.172845] pci 0000:00:1f.0: quirk: [io  0x0600-0x067f] claimed by ICH6 ACPI/GPIO/TCO
[STDOUT  ] 2018-11-27T20:55:04.535071918Z: [    0.200756] ACPI: PCI Interrupt Link [LNKA] (IRQs 5 *10 11)
[STDOUT  ] 2018-11-27T20:55:04.535079685Z: [    0.201330] ACPI: PCI Interrupt Link [LNKB] (IRQs 5 *10 11)
[STDOUT  ] 2018-11-27T20:55:04.535087583Z: [    0.202328] ACPI: PCI Interrupt Link [LNKC] (IRQs 5 10 *11)
[STDOUT  ] 2018-11-27T20:55:04.535096546Z: [    0.203327] ACPI: PCI Interrupt Link [LNKD] (IRQs 5 10 *11)
[STDOUT  ] 2018-11-27T20:55:04.535106393Z: [    0.204315] ACPI: PCI Interrupt Link [LNKE] (IRQs 5 *10 11)
[STDOUT  ] 2018-11-27T20:55:04.535113594Z: [    0.205343] ACPI: PCI Interrupt Link [LNKF] (IRQs 5 *10 11)
[STDOUT  ] 2018-11-27T20:55:04.535124260Z: [    0.206315] ACPI: PCI Interrupt Link [LNKG] (IRQs 5 10 *11)
[STDOUT  ] 2018-11-27T20:55:04.535135748Z: [    0.208025] ACPI: PCI Interrupt Link [LNKH] (IRQs 5 10 *11)
[STDOUT  ] 2018-11-27T20:55:04.535144215Z: [    0.209233] ACPI: PCI Interrupt Link [GSIA] (IRQs *16)
[STDOUT  ] 2018-11-27T20:55:04.535152724Z: [    0.210031] ACPI: PCI Interrupt Link [GSIB] (IRQs *17)
[STDOUT  ] 2018-11-27T20:55:04.535206447Z: [    0.211053] ACPI: PCI Interrupt Link [GSIC] (IRQs *18)
[STDOUT  ] 2018-11-27T20:55:04.535224185Z: [    0.213026] ACPI: PCI Interrupt Link [GSID] (IRQs *19)
[STDOUT  ] 2018-11-27T20:55:04.535231727Z: [    0.214041] ACPI: PCI Interrupt Link [GSIE] (IRQs *20)
[STDOUT  ] 2018-11-27T20:55:04.535238852Z: [    0.215028] ACPI: PCI Interrupt Link [GSIF] (IRQs *21)
[STDOUT  ] 2018-11-27T20:55:04.535246358Z: [    0.216038] ACPI: PCI Interrupt Link [GSIG] (IRQs *22)
[STDOUT  ] 2018-11-27T20:55:04.535254127Z: [    0.217054] ACPI: PCI Interrupt Link [GSIH] (IRQs *23)
[STDOUT  ] 2018-11-27T20:55:04.535261636Z: [    0.219203] SCSI subsystem initialized
[STDOUT  ] 2018-11-27T20:55:04.535269367Z: [    0.220128] ACPI: bus type USB registered
[STDOUT  ] 2018-11-27T20:55:04.535278227Z: [    0.221054] usbcore: registered new interface driver usbfs
[STDOUT  ] 2018-11-27T20:55:04.535286734Z: [    0.222037] usbcore: registered new interface driver hub
[STDOUT  ] 2018-11-27T20:55:04.535295231Z: [    0.224023] usbcore: registered new device driver usb
[STDOUT  ] 2018-11-27T20:55:04.535304285Z: [    0.225044] pps_core: LinuxPPS API ver. 1 registered
[STDOUT  ] 2018-11-27T20:55:04.535312571Z: [    0.226006] pps_core: Software ver. 5.3.6 - Copyright 2005-2007 Rodolfo Giometti <giometti@linux.it>
[STDOUT  ] 2018-11-27T20:55:04.535321166Z: [    0.227024] PTP clock support registered
[STDOUT  ] 2018-11-27T20:55:04.535341005Z: [    0.228123] PCI: Using ACPI for IRQ routing
[STDOUT  ] 2018-11-27T20:55:04.535349602Z: [    0.720549] NetLabel: Initializing
[STDOUT  ] 2018-11-27T20:55:04.535358312Z: [    0.721006] NetLabel:  domain hash size = 128
[STDOUT  ] 2018-11-27T20:55:04.535367146Z: [    0.722005] NetLabel:  protocols = UNLABELED CIPSOv4 CALIPSO
[STDOUT  ] 2018-11-27T20:55:04.535375972Z: [    0.723045] NetLabel:  unlabeled traffic allowed by default
[STDOUT  ] 2018-11-27T20:55:04.535384530Z: [    0.724220] HPET: 3 timers in total, 0 timers will be used for per-cpu timer
[STDOUT  ] 2018-11-27T20:55:04.535393593Z: [    0.725119] hpet0: at MMIO 0xfed00000, IRQs 2, 8, 0
[STDOUT  ] 2018-11-27T20:55:04.535401890Z: [    0.726006] hpet0: 3 comparators, 64-bit 100.000000 MHz counter
[STDOUT  ] 2018-11-27T20:55:04.535410748Z: [    0.730057] clocksource: Switched to clocksource kvm-clock
[STDOUT  ] 2018-11-27T20:55:04.535422638Z: [    0.758657] VFS: Disk quotas dquot_6.6.0
[STDOUT  ] 2018-11-27T20:55:04.535431076Z: [    0.762889] VFS: Dquot-cache hash table entries: 512 (order 0, 4096 bytes)
[STDOUT  ] 2018-11-27T20:55:04.535440279Z: [    0.769644] FS-Cache: Loaded
[STDOUT  ] 2018-11-27T20:55:04.535448974Z: [    0.772626] CacheFiles: Loaded
[STDOUT  ] 2018-11-27T20:55:04.535457977Z: [    0.775697] pnp: PnP ACPI init
[STDOUT  ] 2018-11-27T20:55:04.535466874Z: [    0.779926] pnp: PnP ACPI: found 5 devices
[STDOUT  ] 2018-11-27T20:55:04.535475765Z: [    0.790320] clocksource: acpi_pm: mask: 0xffffff max_cycles: 0xffffff, max_idle_ns: 2085701024 ns
[STDOUT  ] 2018-11-27T20:55:04.535484706Z: [    0.799121] NET: Registered protocol family 2
[STDOUT  ] 2018-11-27T20:55:04.535498529Z: [    0.803672] TCP established hash table entries: 8192 (order: 4, 65536 bytes)
[STDOUT  ] 2018-11-27T20:55:04.535507818Z: [    0.810540] TCP bind hash table entries: 8192 (order: 5, 131072 bytes)
[STDOUT  ] 2018-11-27T20:55:04.535516702Z: [    0.817680] TCP: Hash tables configured (established 8192 bind 8192)
[STDOUT  ] 2018-11-27T20:55:04.535529364Z: [    0.823954] UDP hash table entries: 512 (order: 2, 16384 bytes)
[STDOUT  ] 2018-11-27T20:55:04.535538397Z: [    0.829789] UDP-Lite hash table entries: 512 (order: 2, 16384 bytes)
[STDOUT  ] 2018-11-27T20:55:04.535550840Z: [    0.836001] NET: Registered protocol family 1
[STDOUT  ] 2018-11-27T20:55:04.535559942Z: [    0.840502] pci 0000:00:01.0: Video device with shadowed ROM at [mem 0x000c0000-0x000dffff]
[STDOUT  ] 2018-11-27T20:55:04.535569522Z: [    0.849185] Trying to unpack rootfs image as initramfs...
[STDOUT  ] 2018-11-27T20:55:04.535578090Z: [    1.426555] Freeing initrd memory: 29916K
[STDOUT  ] 2018-11-27T20:55:04.535586983Z: [    1.430840] clocksource: tsc: mask: 0xffffffffffffffff max_cycles: 0x2126747b124, max_idle_ns: 440795298764 ns
[STDOUT  ] 2018-11-27T20:55:04.535596203Z: [    1.441362] PCLMULQDQ-NI instructions are not detected.
[STDOUT  ] 2018-11-27T20:55:04.535607313Z: [    1.447395] AVX or AES-NI instructions are not detected.
[STDOUT  ] 2018-11-27T20:55:04.535616118Z: [    1.452693] CPU feature 'AVX registers' is not supported.
[STDOUT  ] 2018-11-27T20:55:04.535624855Z: [    1.457925] CPU feature 'AVX registers' is not supported.
[STDOUT  ] 2018-11-27T20:55:04.535633565Z: [    1.463226] CPU feature 'AVX registers' is not supported.
[STDOUT  ] 2018-11-27T20:55:04.535642154Z: [    1.468648] CPU feature 'AVX registers' is not supported.
[STDOUT  ] 2018-11-27T20:55:04.535651004Z: [    1.473930] AVX2 or AES-NI instructions are not detected.
[STDOUT  ] 2018-11-27T20:55:04.535659299Z: [    1.479223] AVX2 instructions are not detected.
[STDOUT  ] 2018-11-27T20:55:04.535667876Z: [    1.483894] audit: initializing netlink subsys (disabled)
[STDOUT  ] 2018-11-27T20:55:04.535676337Z: [    1.489540] audit: type=2000 audit(1543352091.891:1): state=initialized audit_enabled=0 res=1
[STDOUT  ] 2018-11-27T20:55:04.535685301Z: [    1.497850] workingset: timestamp_bits=46 max_order=18 bucket_order=0
[STDOUT  ] 2018-11-27T20:55:04.535694075Z: [    1.504481] squashfs: version 4.0 (2009/01/31) Phillip Lougher
[STDOUT  ] 2018-11-27T20:55:04.535703006Z: [    1.510271] FS-Cache: Netfs 'cifs' registered for caching
[STDOUT  ] 2018-11-27T20:55:04.535711599Z: [    1.515738] fuse init (API version 7.26)
[STDOUT  ] 2018-11-27T20:55:04.535720500Z: [    1.519965] SGI XFS with ACLs, security attributes, no debug enabled
[STDOUT  ] 2018-11-27T20:55:04.535731669Z: [    1.526330] 9p: Installing v9fs 9p2000 file system support
[STDOUT  ] 2018-11-27T20:55:04.535740744Z: [    1.531854] FS-Cache: Netfs '9p' registered for caching
[STDOUT  ] 2018-11-27T20:55:04.535749683Z: [    1.538364] NET: Registered protocol family 38
[STDOUT  ] 2018-11-27T20:55:04.535758730Z: [    1.542842] Key type asymmetric registered
[STDOUT  ] 2018-11-27T20:55:04.535767361Z: [    1.546991] Asymmetric key parser 'x509' registered
[STDOUT  ] 2018-11-27T20:55:04.535776177Z: [    1.551827] Block layer SCSI generic (bsg) driver version 0.4 loaded (major 247)
[STDOUT  ] 2018-11-27T20:55:04.535784923Z: [    1.559100] io scheduler noop registered
[STDOUT  ] 2018-11-27T20:55:04.535793548Z: [    1.562997] io scheduler deadline registered (default)
[STDOUT  ] 2018-11-27T20:55:04.535802393Z: [    1.568144] io scheduler cfq registered
[STDOUT  ] 2018-11-27T20:55:04.535810754Z: [    1.571926] io scheduler mq-deadline registered
[STDOUT  ] 2018-11-27T20:55:04.535819436Z: [    1.576377] io scheduler kyber registered
[STDOUT  ] 2018-11-27T20:55:04.535830027Z: [    1.580439] shpchp: Standard Hot Plug PCI Controller Driver version: 0.4
[STDOUT  ] 2018-11-27T20:55:04.535846126Z: [    1.586987] hv_vmbus: registering driver hyperv_fb
[STDOUT  ] 2018-11-27T20:55:04.535854870Z: [    1.591813] input: Power Button as /devices/LNXSYSTM:00/LNXPWRBN:00/input/input0
[STDOUT  ] 2018-11-27T20:55:04.535863497Z: [    1.599134] ACPI: Power Button [PWRF]
[STDOUT  ] 2018-11-27T20:55:04.535872434Z: [    1.603742] ACPI: PCI Interrupt Link [GSIG] enabled at IRQ 22
[STDOUT  ] 2018-11-27T20:55:04.535883947Z: [    1.615520] ACPI: PCI Interrupt Link [GSIH] enabled at IRQ 23
[STDOUT  ] 2018-11-27T20:55:04.535896348Z: [    1.627177] Serial: 8250/16550 driver, 4 ports, IRQ sharing disabled
[STDOUT  ] 2018-11-27T20:55:04.535905301Z: [    1.669508] 00:04: ttyS0 at I/O 0x3f8 (irq = 4, base_baud = 115200) is a 16550A
[STDOUT  ] 2018-11-27T20:55:04.535916659Z: [    1.677674] Non-volatile memory driver v1.3
[STDOUT  ] 2018-11-27T20:55:04.535925445Z: [    1.683554] Hangcheck: starting hangcheck timer 0.9.1 (tick is 180 seconds, margin is 60 seconds).
[STDOUT  ] 2018-11-27T20:55:04.535934281Z: [    1.692553] random: fast init done
[STDOUT  ] 2018-11-27T20:55:04.535943091Z: [    1.697104] random: crng init done
[STDOUT  ] 2018-11-27T20:55:04.535951772Z: [    1.701707] brd: module loaded
[STDOUT  ] 2018-11-27T20:55:04.535963460Z: [    1.708383] loop: module loaded
[STDOUT  ] 2018-11-27T20:55:04.535972072Z: [    1.715473] lpc_ich 0000:00:1f.0: I/O space for GPIO uninitialized
[STDOUT  ] 2018-11-27T20:55:04.535980616Z: [    1.721686] VMware PVSCSI driver - version 1.0.7.0-k
[STDOUT  ] 2018-11-27T20:55:04.535989080Z: [    1.726570] hv_vmbus: registering driver hv_storvsc
[STDOUT  ] 2018-11-27T20:55:04.535997743Z: [    1.731868] ACPI: PCI Interrupt Link [GSIA] enabled at IRQ 16
[STDOUT  ] 2018-11-27T20:55:04.536006509Z: [    1.741418] ahci 0000:00:1f.2: AHCI 0001.0000 32 slots 6 ports 1.5 Gbps 0x3f impl SATA mode
[STDOUT  ] 2018-11-27T20:55:04.536015749Z: [    1.749839] ahci 0000:00:1f.2: flags: 64bit ncq only 
[STDOUT  ] 2018-11-27T20:55:04.536024217Z: [    1.758855] scsi host0: ahci
[STDOUT  ] 2018-11-27T20:55:04.536032755Z: [    1.761844] scsi host1: ahci
[STDOUT  ] 2018-11-27T20:55:04.536041337Z: [    1.764823] scsi host2: ahci
[STDOUT  ] 2018-11-27T20:55:04.536049945Z: [    1.767775] scsi host3: ahci
[STDOUT  ] 2018-11-27T20:55:04.536058768Z: [    1.770735] scsi host4: ahci
[STDOUT  ] 2018-11-27T20:55:04.536067330Z: [    1.773732] scsi host5: ahci
[STDOUT  ] 2018-11-27T20:55:04.536075814Z: [    1.776722] ata1: SATA max UDMA/133 abar m4096@0xfebd2000 port 0xfebd2100 irq 24
[STDOUT  ] 2018-11-27T20:55:04.536084325Z: [    1.783896] ata2: SATA max UDMA/133 abar m4096@0xfebd2000 port 0xfebd2180 irq 24
[STDOUT  ] 2018-11-27T20:55:04.536093242Z: [    1.791174] ata3: SATA max UDMA/133 abar m4096@0xfebd2000 port 0xfebd2200 irq 24
[STDOUT  ] 2018-11-27T20:55:04.536104856Z: [    1.798309] ata4: SATA max UDMA/133 abar m4096@0xfebd2000 port 0xfebd2280 irq 24
[STDOUT  ] 2018-11-27T20:55:04.536113710Z: [    1.805433] ata5: SATA max UDMA/133 abar m4096@0xfebd2000 port 0xfebd2300 irq 24
[STDOUT  ] 2018-11-27T20:55:04.536122312Z: [    1.812594] ata6: SATA max UDMA/133 abar m4096@0xfebd2000 port 0xfebd2380 irq 24
[STDOUT  ] 2018-11-27T20:55:04.536132518Z: [    1.822180] tun: Universal TUN/TAP device driver, 1.6
[STDOUT  ] 2018-11-27T20:55:04.536141206Z: [    1.831880] VMware vmxnet3 virtual NIC driver - version 1.4.a.0-k-NAPI
[STDOUT  ] 2018-11-27T20:55:04.536149892Z: [    1.838245] hv_vmbus: registering driver hv_netvsc
[STDOUT  ] 2018-11-27T20:55:04.536158479Z: [    1.842949] Fusion MPT base driver 3.04.20
[STDOUT  ] 2018-11-27T20:55:04.536167311Z: [    1.847005] Copyright (c) 1999-2008 LSI Corporation
[STDOUT  ] 2018-11-27T20:55:04.536175930Z: [    1.851877] Fusion MPT SPI Host driver 3.04.20
[STDOUT  ] 2018-11-27T20:55:04.536186915Z: [    1.856367] i8042: PNP: PS/2 Controller [PNP0303:KBD,PNP0f13:MOU] at 0x60,0x64 irq 1,12
[STDOUT  ] 2018-11-27T20:55:04.536197800Z: [    1.868138] serio: i8042 KBD port at 0x60,0x64 irq 1
[STDOUT  ] 2018-11-27T20:55:04.536206533Z: [    1.873005] serio: i8042 AUX port at 0x60,0x64 irq 12
[STDOUT  ] 2018-11-27T20:55:04.536215376Z: [    1.878101] hv_vmbus: registering driver hyperv_keyboard
[STDOUT  ] 2018-11-27T20:55:04.536224105Z: [    1.883375] mousedev: PS/2 mouse device common for all mice
[STDOUT  ] 2018-11-27T20:55:04.536232648Z: [    1.890272] input: AT Translated Set 2 keyboard as /devices/platform/i8042/serio0/input/input1
[STDOUT  ] 2018-11-27T20:55:04.536241687Z: [    1.898698] input: PC Speaker as /devices/platform/pcspkr/input/input2
[STDOUT  ] 2018-11-27T20:55:04.536253799Z: [    1.906486] rtc_cmos 00:00: RTC can wake from S4
[STDOUT  ] 2018-11-27T20:55:04.536262591Z: [    1.912893] rtc_cmos 00:00: rtc core: registered rtc_cmos as rtc0
[STDOUT  ] 2018-11-27T20:55:04.536271192Z: [    1.919728] rtc_cmos 00:00: alarms up to one day, y3k, 114 bytes nvram, hpet irqs
[STDOUT  ] 2018-11-27T20:55:04.536282181Z: [    1.926938] i2c /dev entries driver
[STDOUT  ] 2018-11-27T20:55:04.536305216Z: [    1.930501] device-mapper: ioctl: 4.37.0-ioctl (2017-09-20) initialised: dm-devel@redhat.com
[STDOUT  ] 2018-11-27T20:55:04.536314291Z: [    1.939451] usbcore: registered new interface driver usbhid
[STDOUT  ] 2018-11-27T20:55:04.536322638Z: [    1.944933] usbhid: USB HID core driver
[STDOUT  ] 2018-11-27T20:55:04.536342674Z: [    1.948767] hv_utils: Registering HyperV Utility Driver
[STDOUT  ] 2018-11-27T20:55:04.536351555Z: [    1.953859] hv_vmbus: registering driver hv_util
[STDOUT  ] 2018-11-27T20:55:04.536360352Z: [    1.958364] hv_vmbus: registering driver hv_balloon
[STDOUT  ] 2018-11-27T20:55:04.536368601Z: [    1.963140] oprofile: using NMI interrupt.
[STDOUT  ] 2018-11-27T20:55:04.536376923Z: [    1.967245] GACT probability on
[STDOUT  ] 2018-11-27T20:55:04.536385254Z: [    1.970378] Mirror/redirect action on
[STDOUT  ] 2018-11-27T20:55:04.536393850Z: [    1.973973] Simple TC action Loaded
[STDOUT  ] 2018-11-27T20:55:04.536402583Z: [    1.977542] u32 classifier
[STDOUT  ] 2018-11-27T20:55:04.536410704Z: [    1.980317]     Performance counters on
[STDOUT  ] 2018-11-27T20:55:04.536419191Z: [    1.984090]     input device check on
[STDOUT  ] 2018-11-27T20:55:04.536427810Z: [    1.987700]     Actions configured
[STDOUT  ] 2018-11-27T20:55:04.536436507Z: [    1.991138] Netfilter messages via NETLINK v0.30.
[STDOUT  ] 2018-11-27T20:55:04.536445114Z: [    1.995725] nfnl_acct: registering with nfnetlink.
[STDOUT  ] 2018-11-27T20:55:04.536456263Z: [    2.000449] nf_conntrack version 0.5.0 (8192 buckets, 32768 max)
[STDOUT  ] 2018-11-27T20:55:04.536465098Z: [    2.006366] ctnetlink v0.93: registering with nfnetlink.
[STDOUT  ] 2018-11-27T20:55:04.536473736Z: [    2.011662] nf_tables: (c) 2007-2009 Patrick McHardy <kaber@trash.net>
[STDOUT  ] 2018-11-27T20:55:04.536484692Z: [    2.017972] nf_tables_compat: (c) 2012 Pablo Neira Ayuso <pablo@netfilter.org>
[STDOUT  ] 2018-11-27T20:55:04.536493527Z: [    2.025900] xt_time: kernel timezone is -0000
[STDOUT  ] 2018-11-27T20:55:04.536504229Z: [    2.030923] ip_set: protocol 6
[STDOUT  ] 2018-11-27T20:55:04.536513001Z: [    2.034271] ipip: IPv4 and MPLS over IPv4 tunneling driver
[STDOUT  ] 2018-11-27T20:55:04.536522160Z: [    2.040292] gre: GRE over IPv4 demultiplexor driver
[STDOUT  ] 2018-11-27T20:55:04.536530692Z: [    2.045425] ip_tables: (C) 2000-2006 Netfilter Core Team
[STDOUT  ] 2018-11-27T20:55:04.536539195Z: [    2.050990] arp_tables: arp_tables: (C) 2002 David S. Miller
[STDOUT  ] 2018-11-27T20:55:04.536547511Z: [    2.056778] NET: Registered protocol family 10
[STDOUT  ] 2018-11-27T20:55:04.536556133Z: [    2.062168] Segment Routing with IPv6
[STDOUT  ] 2018-11-27T20:55:04.536565179Z: [    2.065857] ip6_tables: (C) 2000-2006 Netfilter Core Team
[STDOUT  ] 2018-11-27T20:55:04.536574053Z: [    2.071653] NET: Registered protocol family 17
[STDOUT  ] 2018-11-27T20:55:04.536583268Z: [    2.076622] Bridge firewalling registered
[STDOUT  ] 2018-11-27T20:55:04.536592224Z: [    2.080599] 8021q: 802.1Q VLAN Support v1.8
[STDOUT  ] 2018-11-27T20:55:04.536600714Z: [    2.084980] 9pnet: Installing 9P2000 support
[STDOUT  ] 2018-11-27T20:55:04.536609349Z: [    2.089214] Key type dns_resolver registered
[STDOUT  ] 2018-11-27T20:55:04.536617635Z: [    2.093875] registered taskstats version 1
[STDOUT  ] 2018-11-27T20:55:04.536625943Z: [    2.106541] Key type big_key registered
[STDOUT  ] 2018-11-27T20:55:04.536634372Z: [    2.114526] Key type trusted registered
[STDOUT  ] 2018-11-27T20:55:04.536642990Z: [    2.123965] Key type encrypted registered
[STDOUT  ] 2018-11-27T20:55:04.536651737Z: [    2.128110] ima: No TPM chip found, activating TPM-bypass! (rc=-19)
[STDOUT  ] 2018-11-27T20:55:04.536664209Z: [    2.134820] ata4: SATA link down (SStatus 0 SControl 300)
[STDOUT  ] 2018-11-27T20:55:04.536672766Z: [    2.140937] ata3: SATA link up 1.5 Gbps (SStatus 113 SControl 300)
[STDOUT  ] 2018-11-27T20:55:04.536687313Z: [    2.147939] ata2: SATA link down (SStatus 0 SControl 300)
[STDOUT  ] 2018-11-27T20:55:04.536695763Z: [    2.154070] ata1: SATA link down (SStatus 0 SControl 300)
[STDOUT  ] 2018-11-27T20:55:04.536703974Z: [    2.160246] ata6: SATA link down (SStatus 0 SControl 300)
[STDOUT  ] 2018-11-27T20:55:04.536712155Z: [    2.166393] ata5: SATA link down (SStatus 0 SControl 300)
[STDOUT  ] 2018-11-27T20:55:04.536720970Z: [    2.172108] ata3.00: ATAPI: QEMU DVD-ROM, 2.5+, max UDMA/100
[STDOUT  ] 2018-11-27T20:55:04.536730357Z: [    2.177720] ata3.00: applying bridge limits
[STDOUT  ] 2018-11-27T20:55:04.536738855Z: [    2.182176] ima: Allocated hash algorithm: sha256
[STDOUT  ] 2018-11-27T20:55:04.536747390Z: [    2.187154] evm: HMAC attrs: 0x1
[STDOUT  ] 2018-11-27T20:55:04.536756200Z: [    2.191577] ata3.00: configured for UDMA/100
[STDOUT  ] 2018-11-27T20:55:04.536841738Z: [    2.197805] rtc_cmos 00:00: setting system clock to 2018-11-27 20:54:53 UTC (1543352093)
[STDOUT  ] 2018-11-27T20:55:04.536855693Z: [    2.206555] scsi 2:0:0:0: CD-ROM            QEMU     QEMU DVD-ROM     2.5+ PQ: 0 ANSI: 5
[STDOUT  ] 2018-11-27T20:55:04.536864701Z: [    2.232026] sr 2:0:0:0: [sr0] scsi3-mmc drive: 4x/4x cd/rw xa/form2 tray
[STDOUT  ] 2018-11-27T20:55:04.536873626Z: [    2.238584] cdrom: Uniform CD-ROM driver Revision: 3.20
[STDOUT  ] 2018-11-27T20:55:04.536886706Z: [    2.244302] sr 2:0:0:0: Attached scsi generic sg0 type 5
[STDOUT  ] 2018-11-27T20:55:04.536894986Z: [    2.251462] Freeing unused kernel memory: 1524K
[STDOUT  ] 2018-11-27T20:55:04.536904241Z: [    2.257213] Write protecting the kernel read-only data: 18432k
[STDOUT  ] 2018-11-27T20:55:04.536913165Z: [    2.263812] Freeing unused kernel memory: 2024K
[STDOUT  ] 2018-11-27T20:55:04.536921998Z: [    2.271550] Freeing unused kernel memory: 1128K
[STDOUT  ] 2018-11-27T20:55:04.536929913Z: 
[STDOUT  ] 2018-11-27T20:55:04.536942807Z: Welcome to LinuxKit
[STDOUT  ] 2018-11-27T20:55:04.536952089Z: 
[STDOUT  ] 2018-11-27T20:55:04.536961247Z:                         ##         .
[STDOUT  ] 2018-11-27T20:55:04.536969453Z:                   ## ## ##        ==
[STDOUT  ] 2018-11-27T20:55:04.536977638Z:                ## ## ## ## ##    ===
[STDOUT  ] 2018-11-27T20:55:04.536986259Z:            /"""""""""""""""""\___/ ===
[STDOUT  ] 2018-11-27T20:55:04.536995124Z:           {                       /  ===-
[STDOUT  ] 2018-11-27T20:55:04.537003550Z:            \______ O           __/
[STDOUT  ] 2018-11-27T20:55:04.537012269Z:              \    \         __/
[STDOUT  ] 2018-11-27T20:55:04.537020866Z:               \____\_______/
[STDOUT  ] 2018-11-27T20:55:04.537029306Z: 
[STDOUT  ] 2018-11-27T20:55:04.537038227Z: [    2.776335] IPv6: ADDRCONF(NETDEV_UP): eth0: link is not ready
[STDOUT  ] 2018-11-27T20:55:04.537046672Z: [    2.782092] 8021q: adding VLAN 0 to HW filter on device eth0
[STDOUT  ] 2018-11-27T20:55:04.537055100Z: [    2.848364] IPv6: ADDRCONF(NETDEV_CHANGE): eth0: link becomes ready
[STDOUT  ] 2018-11-27T20:55:04.537063929Z: eth0: waiting for carrier
[STDOUT  ] 2018-11-27T20:55:04.537072457Z: eth0: carrier acquired
[STDOUT  ] 2018-11-27T20:55:04.537080843Z: DUID 00:04:91:ad:37:6c:15:7e:47:37:95:37:72:8d:e9:ee:86:19
[STDOUT  ] 2018-11-27T20:55:04.537093284Z: eth0: IAID 45:3d:f5:84
[STDOUT  ] 2018-11-27T20:55:04.537101862Z: eth0: adding address fe80::cc51:8263:b4f3:2c78
[STDOUT  ] 2018-11-27T20:55:04.537109852Z: eth0: soliciting an IPv6 router
[STDOUT  ] 2018-11-27T20:55:04.537117233Z: eth0: soliciting a DHCP lease
[STDOUT  ] 2018-11-27T20:55:04.537125022Z: eth0: offered 10.0.2.15 from 10.0.2.2
[STDOUT  ] 2018-11-27T20:55:04.537136824Z: eth0: leased 10.0.2.15 for 86400 seconds
[STDOUT  ] 2018-11-27T20:55:04.537144382Z: eth0: adding route to 10.0.2.0/24
[STDOUT  ] 2018-11-27T20:55:04.537153976Z: eth0: adding default route via 10.0.2.2
[STDOUT  ] 2018-11-27T20:55:04.537165884Z: exiting due to oneshot
[STDOUT  ] 2018-11-27T20:55:04.537173670Z: dhcpcd exited
[STDOUT  ] 2018-11-27T20:55:04.537181539Z: dhcpcd test suite PASSED
[STDOUT  ] 2018-11-27T20:55:04.537189086Z: [   13.026770] ACPI: Preparing to enter system sleep state S5
[STDOUT  ] 2018-11-27T20:55:04.537201530Z: [   13.032780] reboot: Power down
[STDERR  ] 2018-11-27T20:55:04.537229671Z: [    0.018026] Spectre V2 : Spectre v2 / SpectreRSB mitigation: Filling RSB on context switch
[STDERR  ] 2018-11-27T20:55:04.537286162Z: [    0.019026] Speculative Store Bypass: Vulnerable
[STDERR  ] 2018-11-27T20:55:04.537337793Z: [    0.028635] Freeing SMP alternatives memory: 20K
[STDERR  ] 2018-11-27T20:55:04.537375820Z: [    0.029605] smpboot: Max logical packages: 1
[STDERR  ] 2018-11-27T20:55:04.537415813Z: [    0.032626] x2apic enabled
[STDERR  ] 2018-11-27T20:55:04.537454826Z: [    0.033026] Switched APIC routing to physical x2apic.
[STDERR  ] 2018-11-27T20:55:04.537493079Z: [    0.045714] ..TIMER: vector=0x30 apic1=0 pin1=2 apic2=-1 pin2=-1
[STDERR  ] 2018-11-27T20:55:04.537549000Z: [    0.046000] smpboot: CPU0: Intel QEMU Virtual CPU version 2.5+ (family: 0x6, model: 0x6, stepping: 0x3)
[STDERR  ] 2018-11-27T20:55:04.537588921Z: [    0.046145] Performance Events: PMU not available due to virtualization, using software events only.
[STDERR  ] 2018-11-27T20:55:04.537627180Z: [    0.048400] Hierarchical SRCU implementation.
[STDERR  ] 2018-11-27T20:55:04.537670746Z: [    0.049129] NMI watchdog: Perf event create on CPU 0 failed with -2
[STDERR  ] 2018-11-27T20:55:04.537710473Z: [    0.050007] NMI watchdog: Perf NMI watchdog permanently disabled
[STDERR  ] 2018-11-27T20:55:04.537749655Z: [    0.052073] smp: Bringing up secondary CPUs ...
[PASS    ] linuxkit.packages.dhcpcd 28.50s
[STDERR  ] 2018-11-27T20:55:04.537793892Z: [    0.053010] smp: Brought up 1 node, 1 CPU
