[INFO    ] 2018-01-19T14:02:51.858951903Z: Running Test linuxkit.kernel.config_4.4.x in /tmp/build/test/cases/020_kernel/000_config_4.4.x
[INFO    ] 2018-01-19T14:02:51.859030754Z: Running command: [/bin/sh -x /tmp/build/test/cases/020_kernel/000_config_4.4.x/test.sh]
[STDERR  ] 2018-01-19T14:02:51.859816877Z: + set -e
[STDERR  ] 2018-01-19T14:02:51.859919193Z: + . /tmp/build/test/cases/_lib/lib.sh
[STDERR  ] 2018-01-19T14:02:51.860030573Z: + [ -f src/github.com/linuxkit/rtf/lib/lib.sh ]
[STDERR  ] 2018-01-19T14:02:51.860089975Z: + LINUXKIT_TMPDIR=/tmp/build/test/cases/_tmp
[STDERR  ] 2018-01-19T14:02:51.860157278Z: + [ -f /tmp/build/test/cases/_tmp/env.sh ]
[STDERR  ] 2018-01-19T14:02:51.860215695Z: + . /tmp/build/test/cases/_tmp/env.sh
[STDERR  ] 2018-01-19T14:02:51.860278418Z: + export LINUXKIT_EXAMPLES_DIR=/tmp/build/test/cases/../../examples
[STDERR  ] 2018-01-19T14:02:51.860328166Z: + RT_CANCEL=253
[STDERR  ] 2018-01-19T14:02:51.860373501Z: + NAME=kconfig
[STDERR  ] 2018-01-19T14:02:51.860431335Z: + trap clean_up EXIT
[STDERR  ] 2018-01-19T14:02:51.860517656Z: + linuxkit build -format kernel+initrd -name kconfig test.yml
[STDERR  ] 2018-01-19T14:02:51.919759822Z: Extract kernel image: linuxkit/kernel:4.4.112
[STDERR  ] 2018-01-19T14:02:53.09333185Z: time="2018-01-19T14:02:53Z" level=warning msg="certificate with CN Justin Cormack is near expiry"
[STDERR  ] 2018-01-19T14:02:53.093383164Z: time="2018-01-19T14:02:53Z" level=warning msg="certificate with CN  is near expiry"
[STDERR  ] 2018-01-19T14:02:53.093469913Z: time="2018-01-19T14:02:53Z" level=warning msg="certificate with CN  is near expiry"
[STDERR  ] 2018-01-19T14:02:53.139517776Z: time="2018-01-19T14:02:53Z" level=warning msg="certificate with CN Justin Cormack is near expiry"
[STDERR  ] 2018-01-19T14:02:53.168940221Z: Pull image: docker.io/linuxkit/kernel:4.4.112@sha256:fa421d07bf2f37809f62f09a23d2243c9a46ffa99ed3e89c9bcc1d9c480705ed
[STDERR  ] 2018-01-19T14:02:58.399236858Z: Add init containers:
[STDERR  ] 2018-01-19T14:02:58.399283089Z: Process init image: linuxkit/init:be8756f0a6005279d2409a8790b4dd8b2ac11df9
[STDERR  ] 2018-01-19T14:02:59.429942639Z: time="2018-01-19T14:02:59Z" level=warning msg="certificate with CN  is near expiry"
[STDERR  ] 2018-01-19T14:02:59.43008105Z: time="2018-01-19T14:02:59Z" level=warning msg="certificate with CN  is near expiry"
[STDERR  ] 2018-01-19T14:02:59.430384089Z: time="2018-01-19T14:02:59Z" level=warning msg="certificate with CN Justin Cormack is near expiry"
[STDERR  ] 2018-01-19T14:02:59.43466876Z: time="2018-01-19T14:02:59Z" level=warning msg="certificate with CN Justin Cormack is near expiry"
[STDERR  ] 2018-01-19T14:02:59.436271387Z: time="2018-01-19T14:02:59Z" level=warning msg="certificate with CN  is near expiry"
[STDERR  ] 2018-01-19T14:02:59.620046859Z: Process init image: linuxkit/runc:7b15b00b4e3507d62e3ed8d44dfe650561cd35ff
[STDERR  ] 2018-01-19T14:03:00.646425218Z: time="2018-01-19T14:03:00Z" level=warning msg="certificate with CN Justin Cormack is near expiry"
[STDERR  ] 2018-01-19T14:03:00.646562777Z: time="2018-01-19T14:03:00Z" level=warning msg="certificate with CN  is near expiry"
[STDERR  ] 2018-01-19T14:03:00.646664888Z: time="2018-01-19T14:03:00Z" level=warning msg="certificate with CN  is near expiry"
[STDERR  ] 2018-01-19T14:03:00.649078669Z: time="2018-01-19T14:03:00Z" level=warning msg="certificate with CN Justin Cormack is near expiry"
[STDERR  ] 2018-01-19T14:03:00.650482249Z: time="2018-01-19T14:03:00Z" level=warning msg="certificate with CN  is near expiry"
[STDERR  ] 2018-01-19T14:03:00.792323827Z: Add onboot containers:
[STDERR  ] 2018-01-19T14:03:00.792384911Z:   Create OCI config for linuxkit/test-kernel-config:9c3668b834540d2e776d0bf4aff661b3bcc35616
[STDERR  ] 2018-01-19T14:03:02.511155826Z: time="2018-01-19T14:03:02Z" level=warning msg="certificate with CN Justin Cormack is near expiry"
[STDERR  ] 2018-01-19T14:03:02.511367259Z: time="2018-01-19T14:03:02Z" level=warning msg="certificate with CN Rolf Neugebauer is near expiry"
[STDERR  ] 2018-01-19T14:03:02.511447292Z: time="2018-01-19T14:03:02Z" level=warning msg="certificate with CN  is near expiry"
[STDERR  ] 2018-01-19T14:03:02.511564989Z: time="2018-01-19T14:03:02Z" level=warning msg="certificate with CN  is near expiry"
[STDERR  ] 2018-01-19T14:03:02.599970328Z: time="2018-01-19T14:03:02Z" level=warning msg="certificate with CN Justin Cormack is near expiry"
[STDERR  ] 2018-01-19T14:03:02.774445637Z: time="2018-01-19T14:03:02Z" level=warning msg="certificate with CN Rolf Neugebauer is near expiry"
[STDERR  ] 2018-01-19T14:03:02.861507531Z: time="2018-01-19T14:03:02Z" level=warning msg="certificate with CN  is near expiry"
[STDERR  ] 2018-01-19T14:03:03.376918285Z:   Create OCI config for linuxkit/poweroff:bccfe1cb04fc7bb9f03613d2314f38abd2620f29
[STDERR  ] 2018-01-19T14:03:04.405336786Z: time="2018-01-19T14:03:04Z" level=warning msg="certificate with CN Rolf Neugebauer is near expiry"
[STDERR  ] 2018-01-19T14:03:04.40539434Z: time="2018-01-19T14:03:04Z" level=warning msg="certificate with CN  is near expiry"
[STDERR  ] 2018-01-19T14:03:04.405507562Z: time="2018-01-19T14:03:04Z" level=warning msg="certificate with CN  is near expiry"
[STDERR  ] 2018-01-19T14:03:04.405838205Z: time="2018-01-19T14:03:04Z" level=warning msg="certificate with CN Justin Cormack is near expiry"
[STDERR  ] 2018-01-19T14:03:04.408283328Z: time="2018-01-19T14:03:04Z" level=warning msg="certificate with CN Rolf Neugebauer is near expiry"
[STDERR  ] 2018-01-19T14:03:04.40939902Z: time="2018-01-19T14:03:04Z" level=warning msg="certificate with CN  is near expiry"
[STDERR  ] 2018-01-19T14:03:04.63110457Z: Create outputs:
[STDERR  ] 2018-01-19T14:03:08.944136545Z:   kconfig-kernel kconfig-initrd.img kconfig-cmdline
[STDERR  ] 2018-01-19T14:03:08.988430331Z: + linuxkit run kconfig
[STDERR  ] 2018-01-19T14:03:09.012824277Z: Unable to find qemu-system-x86_64 within the $PATH. Using a container
[STDERR  ] 2018-01-19T14:03:20.249688339Z: + RESULT=[    0.000000] Initializing cgroup subsys cpuset
[STDERR  ] 2018-01-19T14:03:20.249770495Z: [    0.000000] Initializing cgroup subsys cpu
[STDERR  ] 2018-01-19T14:03:20.249783445Z: [    0.000000] Initializing cgroup subsys cpuacct
[STDERR  ] 2018-01-19T14:03:20.249794962Z: [    0.000000] Linux version 4.4.112-linuxkit (root@d6f9ac1fe1a9) (gcc version 6.4.0 (Alpine 6.4.0) ) #1 SMP Wed Jan 17 15:08:13 UTC 2018
[STDERR  ] 2018-01-19T14:03:20.24980767Z: [    0.000000] Command line: console=ttyS0 console=ttyAMA0
[STDERR  ] 2018-01-19T14:03:20.249819026Z: [    0.000000] x86/fpu: Legacy x87 FPU detected.
[STDERR  ] 2018-01-19T14:03:20.249830325Z: [    0.000000] x86/fpu: Using 'lazy' FPU context switches.
[STDERR  ] 2018-01-19T14:03:20.249841878Z: [    0.000000] e820: BIOS-provided physical RAM map:
[STDERR  ] 2018-01-19T14:03:20.249853445Z: [    0.000000] BIOS-e820: [mem 0x0000000000000000-0x000000000009fbff] usable
[STDERR  ] 2018-01-19T14:03:20.24986495Z: [    0.000000] BIOS-e820: [mem 0x000000000009fc00-0x000000000009ffff] reserved
[STDERR  ] 2018-01-19T14:03:20.249876031Z: [    0.000000] BIOS-e820: [mem 0x00000000000f0000-0x00000000000fffff] reserved
[STDERR  ] 2018-01-19T14:03:20.249903839Z: [    0.000000] BIOS-e820: [mem 0x0000000000100000-0x000000003ffdefff] usable
[STDERR  ] 2018-01-19T14:03:20.249914468Z: [    0.000000] BIOS-e820: [mem 0x000000003ffdf000-0x000000003fffffff] reserved
[STDERR  ] 2018-01-19T14:03:20.249924635Z: [    0.000000] BIOS-e820: [mem 0x00000000b0000000-0x00000000bfffffff] reserved
[STDERR  ] 2018-01-19T14:03:20.249934848Z: [    0.000000] BIOS-e820: [mem 0x00000000fed1c000-0x00000000fed1ffff] reserved
[STDERR  ] 2018-01-19T14:03:20.249945875Z: [    0.000000] BIOS-e820: [mem 0x00000000feffc000-0x00000000feffffff] reserved
[STDERR  ] 2018-01-19T14:03:20.249956352Z: [    0.000000] BIOS-e820: [mem 0x00000000fffc0000-0x00000000ffffffff] reserved
[STDERR  ] 2018-01-19T14:03:20.249976241Z: [    0.000000] NX (Execute Disable) protection: active
[STDERR  ] 2018-01-19T14:03:20.249986575Z: [    0.000000] SMBIOS 2.8 present.
[STDERR  ] 2018-01-19T14:03:20.249996608Z: [    0.000000] Hypervisor detected: KVM
[STDERR  ] 2018-01-19T14:03:20.250007037Z: [    0.000000] e820: last_pfn = 0x3ffdf max_arch_pfn = 0x400000000
[STDERR  ] 2018-01-19T14:03:20.250023473Z: [    0.000000] x86/PAT: PAT not supported by CPU.
[STDERR  ] 2018-01-19T14:03:20.250033172Z: [    0.000000] x86/PAT: Configuration [0-7]: WB  WT  UC- UC  WB  WT  UC- UC  
[STDERR  ] 2018-01-19T14:03:20.250044052Z: [    0.000000] found SMP MP-table at [mem 0x000f6aa0-0x000f6aaf] mapped at [ffff8800000f6aa0]
[STDERR  ] 2018-01-19T14:03:20.250056842Z: [    0.000000] RAMDISK: [mem 0x3ea2e000-0x3ffcffff]
[STDERR  ] 2018-01-19T14:03:20.250066378Z: [    0.000000] ACPI: Early table checksum verification disabled
[STDERR  ] 2018-01-19T14:03:20.250076126Z: [    0.000000] ACPI: RSDP 0x00000000000F68B0 000014 (v00 BOCHS )
[STDERR  ] 2018-01-19T14:03:20.250086206Z: [    0.000000] ACPI: RSDT 0x000000003FFE20A8 000034 (v01 BOCHS  BXPCRSDT 00000001 BXPC 00000001)
[STDERR  ] 2018-01-19T14:03:20.25009657Z: [    0.000000] ACPI: FACP 0x000000003FFE1EC8 0000F4 (v03 BOCHS  BXPCFACP 00000001 BXPC 00000001)
[STDERR  ] 2018-01-19T14:03:20.250106904Z: [    0.000000] ACPI: DSDT 0x000000003FFE0040 001E88 (v01 BOCHS  BXPCDSDT 00000001 BXPC 00000001)
[STDERR  ] 2018-01-19T14:03:20.250117339Z: [    0.000000] ACPI: FACS 0x000000003FFE0000 000040
[STDERR  ] 2018-01-19T14:03:20.250127886Z: [    0.000000] ACPI: APIC 0x000000003FFE1FBC 000078 (v01 BOCHS  BXPCAPIC 00000001 BXPC 00000001)
[STDERR  ] 2018-01-19T14:03:20.250138348Z: [    0.000000] ACPI: HPET 0x000000003FFE2034 000038 (v01 BOCHS  BXPCHPET 00000001 BXPC 00000001)
[STDERR  ] 2018-01-19T14:03:20.250148952Z: [    0.000000] ACPI: MCFG 0x000000003FFE206C 00003C (v01 BOCHS  BXPCMCFG 00000001 BXPC 00000001)
[STDERR  ] 2018-01-19T14:03:20.250169553Z: [    0.000000] kvm-clock: Using msrs 4b564d01 and 4b564d00
[STDERR  ] 2018-01-19T14:03:20.250189135Z: [    0.000000] kvm-clock: cpu 0, msr 0:3ffdd001, primary cpu clock
[STDERR  ] 2018-01-19T14:03:20.250207164Z: [    0.000000] clocksource: kvm-clock: mask: 0xffffffffffffffff max_cycles: 0x1cd42e4dffb, max_idle_ns: 881590591483 ns
[STDERR  ] 2018-01-19T14:03:20.250218764Z: [    0.000000] Zone ranges:
[STDERR  ] 2018-01-19T14:03:20.250228677Z: [    0.000000]   DMA      [mem 0x0000000000001000-0x0000000000ffffff]
[STDERR  ] 2018-01-19T14:03:20.250240642Z: [    0.000000]   DMA32    [mem 0x0000000001000000-0x000000003ffdefff]
[STDERR  ] 2018-01-19T14:03:20.250251657Z: [    0.000000]   Normal   empty
[STDERR  ] 2018-01-19T14:03:20.250262833Z: [    0.000000] Movable zone start for each node
[STDERR  ] 2018-01-19T14:03:20.250273073Z: [    0.000000] Early memory node ranges
[STDERR  ] 2018-01-19T14:03:20.250282604Z: [    0.000000]   node   0: [mem 0x0000000000001000-0x000000000009efff]
[STDERR  ] 2018-01-19T14:03:20.250293604Z: [    0.000000]   node   0: [mem 0x0000000000100000-0x000000003ffdefff]
[STDERR  ] 2018-01-19T14:03:20.250305166Z: [    0.000000] Initmem setup node 0 [mem 0x0000000000001000-0x000000003ffdefff]
[STDERR  ] 2018-01-19T14:03:20.250315842Z: [    0.000000] ACPI: PM-Timer IO Port: 0x608
[STDERR  ] 2018-01-19T14:03:20.250334082Z: [    0.000000] ACPI: LAPIC_NMI (acpi_id[0xff] dfl dfl lint[0x1])
[STDERR  ] 2018-01-19T14:03:20.250347434Z: [    0.000000] IOAPIC[0]: apic_id 0, version 17, address 0xfec00000, GSI 0-23
[STDERR  ] 2018-01-19T14:03:20.250357592Z: [    0.000000] ACPI: INT_SRC_OVR (bus 0 bus_irq 0 global_irq 2 dfl dfl)
[STDERR  ] 2018-01-19T14:03:20.2503673Z: [    0.000000] ACPI: INT_SRC_OVR (bus 0 bus_irq 5 global_irq 5 high level)
[STDERR  ] 2018-01-19T14:03:20.250377862Z: [    0.000000] ACPI: INT_SRC_OVR (bus 0 bus_irq 9 global_irq 9 high level)
[STDERR  ] 2018-01-19T14:03:20.25038792Z: [    0.000000] ACPI: INT_SRC_OVR (bus 0 bus_irq 10 global_irq 10 high level)
[STDERR  ] 2018-01-19T14:03:20.250398227Z: [    0.000000] ACPI: INT_SRC_OVR (bus 0 bus_irq 11 global_irq 11 high level)
[STDERR  ] 2018-01-19T14:03:20.250408258Z: [    0.000000] Using ACPI (MADT) for SMP configuration information
[STDERR  ] 2018-01-19T14:03:20.25041842Z: [    0.000000] ACPI: HPET id: 0x8086a201 base: 0xfed00000
[STDERR  ] 2018-01-19T14:03:20.250428758Z: [    0.000000] smpboot: Allowing 1 CPUs, 0 hotplug CPUs
[STDERR  ] 2018-01-19T14:03:20.250443931Z: [    0.000000] e820: [mem 0x40000000-0xafffffff] available for PCI devices
[STDERR  ] 2018-01-19T14:03:20.250454466Z: [    0.000000] Booting paravirtualized kernel on KVM
[STDERR  ] 2018-01-19T14:03:20.250465202Z: [    0.000000] clocksource: refined-jiffies: mask: 0xffffffff max_cycles: 0xffffffff, max_idle_ns: 19112604462750000 ns
[STDERR  ] 2018-01-19T14:03:20.250476276Z: [    0.000000] setup_percpu: NR_CPUS:128 nr_cpumask_bits:128 nr_cpu_ids:1 nr_node_ids:1
[STDERR  ] 2018-01-19T14:03:20.250487109Z: [    0.000000] PERCPU: Embedded 33 pages/cpu @ffff88003e600000 s97048 r8192 d29928 u2097152
[STDERR  ] 2018-01-19T14:03:20.250497525Z: [    0.000000] KVM setup async PF for cpu 0
[STDERR  ] 2018-01-19T14:03:20.250507682Z: [    0.000000] kvm-stealtime: cpu 0, msr 3e60fdc0
[STDERR  ] 2018-01-19T14:03:20.250517663Z: [    0.000000] Built 1 zonelists in Zone order, mobility grouping on.  Total pages: 257895
[STDERR  ] 2018-01-19T14:03:20.25052828Z: [    0.000000] Kernel command line: console=ttyS0 console=ttyAMA0
[STDERR  ] 2018-01-19T14:03:20.250538856Z: [    0.000000] PID hash table entries: 4096 (order: 3, 32768 bytes)
[STDERR  ] 2018-01-19T14:03:20.250548919Z: [    0.000000] Dentry cache hash table entries: 131072 (order: 8, 1048576 bytes)
[STDERR  ] 2018-01-19T14:03:20.250559511Z: [    0.000000] Inode-cache hash table entries: 65536 (order: 7, 524288 bytes)
[STDERR  ] 2018-01-19T14:03:20.25057024Z: [    0.000000] Memory: 991880K/1048052K available (7636K kernel code, 1278K rwdata, 2704K rodata, 1316K init, 688K bss, 56172K reserved, 0K cma-reserved)
[STDERR  ] 2018-01-19T14:03:20.250586447Z: [    0.000000] Kernel/User page tables isolation: enabled
[STDERR  ] 2018-01-19T14:03:20.250600907Z: [    0.000000] Hierarchical RCU implementation.
[STDERR  ] 2018-01-19T14:03:20.250610725Z: [    0.000000] 	Build-time adjustment of leaf fanout to 64.
[STDERR  ] 2018-01-19T14:03:20.250621112Z: [    0.000000] 	RCU restricting CPUs from NR_CPUS=128 to nr_cpu_ids=1.
[STDERR  ] 2018-01-19T14:03:20.250631282Z: [    0.000000] RCU: Adjusting geometry for rcu_fanout_leaf=64, nr_cpu_ids=1
[STDERR  ] 2018-01-19T14:03:20.250641256Z: [    0.000000] NR_IRQS:8448 nr_irqs:256 16
[STDERR  ] 2018-01-19T14:03:20.250651676Z: [    0.000000] Console: colour VGA+ 80x25
[STDERR  ] 2018-01-19T14:03:20.250661306Z: [    0.000000] console [ttyS0] enabled
[STDERR  ] 2018-01-19T14:03:20.250670952Z: [    0.000000] clocksource: hpet: mask: 0xffffffff max_cycles: 0xffffffff, max_idle_ns: 19112604467 ns
[STDERR  ] 2018-01-19T14:03:20.250680605Z: [    0.000000] tsc: Detected 2299.998 MHz processor
[STDERR  ] 2018-01-19T14:03:20.250690312Z: [    0.020000] Calibrating delay loop (skipped) preset value.. 4599.99 BogoMIPS (lpj=22999980)
[STDERR  ] 2018-01-19T14:03:20.250700378Z: [    0.022958] pid_max: default: 32768 minimum: 301
[STDERR  ] 2018-01-19T14:03:20.250709866Z: [    0.027640] ACPI: Core revision 20150930
[STDERR  ] 2018-01-19T14:03:20.250736729Z: [    0.030762] ACPI: 1 ACPI AML tables successfully acquired and loaded
[STDERR  ] 2018-01-19T14:03:20.250745766Z: [    0.037640] Security Framework initialized
[STDERR  ] 2018-01-19T14:03:20.250764203Z: [    0.040032] Yama: becoming mindful.
[STDERR  ] 2018-01-19T14:03:20.250773306Z: [    0.043759] Mount-cache hash table entries: 2048 (order: 2, 16384 bytes)
[STDERR  ] 2018-01-19T14:03:20.250783943Z: [    0.050040] Mountpoint-cache hash table entries: 2048 (order: 2, 16384 bytes)
[STDERR  ] 2018-01-19T14:03:20.25079418Z: [    0.060254] Initializing cgroup subsys io
[STDERR  ] 2018-01-19T14:03:20.250803578Z: [    0.064367] Initializing cgroup subsys memory
[STDERR  ] 2018-01-19T14:03:20.250812652Z: [    0.070053] Initializing cgroup subsys devices
[STDERR  ] 2018-01-19T14:03:20.250821605Z: [    0.074974] Initializing cgroup subsys freezer
[STDERR  ] 2018-01-19T14:03:20.250831485Z: [    0.080043] Initializing cgroup subsys net_cls
[STDERR  ] 2018-01-19T14:03:20.250842183Z: [    0.085024] Initializing cgroup subsys perf_event
[STDERR  ] 2018-01-19T14:03:20.250856716Z: [    0.090030] Initializing cgroup subsys net_prio
[STDERR  ] 2018-01-19T14:03:20.250866779Z: [    0.094986] Initializing cgroup subsys hugetlb
[STDERR  ] 2018-01-19T14:03:20.25087632Z: [    0.100041] Initializing cgroup subsys pids
[STDERR  ] 2018-01-19T14:03:20.250885878Z: [    0.105864] CPU: Physical Processor ID: 0
[STDERR  ] 2018-01-19T14:03:20.250898503Z: [    0.110225] Last level iTLB entries: 4KB 0, 2MB 0, 4MB 0
[STDERR  ] 2018-01-19T14:03:20.250909639Z: [    0.120028] Last level dTLB entries: 4KB 0, 2MB 0, 4MB 0, 1GB 0
[STDERR  ] 2018-01-19T14:03:20.250926922Z: [    0.233861] Freeing SMP alternatives memory: 20K
[STDERR  ] 2018-01-19T14:03:20.25093728Z: [    0.270024] ftrace: allocating 33453 entries in 131 pages
[STDERR  ] 2018-01-19T14:03:20.250947853Z: [    0.303755] ..TIMER: vector=0x30 apic1=0 pin1=2 apic2=-1 pin2=-1
[STDERR  ] 2018-01-19T14:03:20.25095752Z: [    0.310000] smpboot: CPU0: Intel QEMU Virtual CPU version 2.5+ (family: 0x6, model: 0x6, stepping: 0x3)
[STDERR  ] 2018-01-19T14:03:20.250969553Z: [    0.310051] Performance Events: Broken PMU hardware detected, using software events only.
[STDERR  ] 2018-01-19T14:03:20.250979806Z: [    0.326347] Failed to access perfctr msr (MSR c2 is 0)
[STDERR  ] 2018-01-19T14:03:20.250988514Z: [    0.330322] x86: Booted up 1 node, 1 CPUs
[STDERR  ] 2018-01-19T14:03:20.250994338Z: [    0.334487] smpboot: Total of 1 processors activated (4599.99 BogoMIPS)
[STDERR  ] 2018-01-19T14:03:20.251000291Z: [    0.342027] devtmpfs: initialized
[STDERR  ] 2018-01-19T14:03:20.251006334Z: [    0.353417] clocksource: jiffies: mask: 0xffffffff max_cycles: 0xffffffff, max_idle_ns: 19112604462750000 ns
[STDERR  ] 2018-01-19T14:03:20.251012639Z: [    0.360046] futex hash table entries: 256 (order: 2, 16384 bytes)
[STDERR  ] 2018-01-19T14:03:20.251018709Z: [    0.370250] NET: Registered protocol family 16
[STDERR  ] 2018-01-19T14:03:20.251024411Z: [    0.375117] cpuidle: using governor ladder
[STDERR  ] 2018-01-19T14:03:20.251030047Z: [    0.379384] cpuidle: using governor menu
[STDERR  ] 2018-01-19T14:03:20.251035554Z: [    0.380265] ACPI: bus type PCI registered
[STDERR  ] 2018-01-19T14:03:20.251041291Z: [    0.384842] PCI: MMCONFIG for domain 0000 [bus 00-ff] at [mem 0xb0000000-0xbfffffff] (base 0xb0000000)
[STDERR  ] 2018-01-19T14:03:20.251047316Z: [    0.390012] PCI: MMCONFIG at [mem 0xb0000000-0xbfffffff] reserved in E820
[STDERR  ] 2018-01-19T14:03:20.251053273Z: [    0.400032] PCI: Using configuration type 1 for base access
[STDERR  ] 2018-01-19T14:03:20.251059887Z: [    0.411744] ACPI: Added _OSI(Module Device)
[STDERR  ] 2018-01-19T14:03:20.251065751Z: [    0.416928] ACPI: Added _OSI(Processor Device)
[STDERR  ] 2018-01-19T14:03:20.251071247Z: [    0.420008] ACPI: Added _OSI(3.0 _SCP Extensions)
[STDERR  ] 2018-01-19T14:03:20.251076736Z: [    0.424882] ACPI: Added _OSI(Processor Aggregator Device)
[STDERR  ] 2018-01-19T14:03:20.251082489Z: [    0.434946] ACPI: Interpreter enabled
[STDERR  ] 2018-01-19T14:03:20.25109879Z: [    0.440018] ACPI: (supports S0 S5)
[STDERR  ] 2018-01-19T14:03:20.251104907Z: [    0.443497] ACPI: Using IOAPIC for interrupt routing
[STDERR  ] 2018-01-19T14:03:20.251110448Z: [    0.450083] PCI: Using host bridge windows from ACPI; if necessary, use "pci=nocrs" and report a bug
[STDERR  ] 2018-01-19T14:03:20.25111602Z: [    0.463115] ACPI: PCI Root Bridge [PCI0] (domain 0000 [bus 00-ff])
[STDERR  ] 2018-01-19T14:03:20.251122234Z: [    0.470020] acpi PNP0A08:00: _OSC: OS supports [ExtendedConfig ASPM ClockPM Segments MSI]
[STDERR  ] 2018-01-19T14:03:20.251132897Z: [    0.478871] acpi PNP0A08:00: _OSC: OS now controls [PCIeHotplug PME PCIeCapability]
[STDERR  ] 2018-01-19T14:03:20.251138619Z: [    0.480103] PCI host bridge to bus 0000:00
[STDERR  ] 2018-01-19T14:03:20.251144281Z: [    0.490016] pci_bus 0000:00: root bus resource [io  0x0000-0x0cf7 window]
[STDERR  ] 2018-01-19T14:03:20.251150793Z: [    0.496922] pci_bus 0000:00: root bus resource [io  0x0d00-0xffff window]
[STDERR  ] 2018-01-19T14:03:20.25115706Z: [    0.500016] pci_bus 0000:00: root bus resource [mem 0x000a0000-0x000bffff window]
[STDERR  ] 2018-01-19T14:03:20.251165835Z: [    0.510015] pci_bus 0000:00: root bus resource [mem 0xc0000000-0xfebfffff window]
[STDERR  ] 2018-01-19T14:03:20.251171757Z: [    0.520016] pci_bus 0000:00: root bus resource [bus 00-ff]
[STDERR  ] 2018-01-19T14:03:20.25117816Z: [    0.656716] pci 0000:00:1f.0: quirk: [io  0x0600-0x067f] claimed by ICH6 ACPI/GPIO/TCO
[STDERR  ] 2018-01-19T14:03:20.251183826Z: [    0.728048] ACPI: PCI Interrupt Link [LNKA] (IRQs 5 *10 11)
[STDERR  ] 2018-01-19T14:03:20.251190266Z: [    0.732711] ACPI: PCI Interrupt Link [LNKB] (IRQs 5 *10 11)
[STDERR  ] 2018-01-19T14:03:20.25119639Z: [    0.742412] ACPI: PCI Interrupt Link [LNKC] (IRQs 5 10 *11)
[STDERR  ] 2018-01-19T14:03:20.25120258Z: [    0.749457] ACPI: PCI Interrupt Link [LNKD] (IRQs 5 10 *11)
[STDERR  ] 2018-01-19T14:03:20.251208323Z: [    0.752179] ACPI: PCI Interrupt Link [LNKE] (IRQs 5 *10 11)
[STDERR  ] 2018-01-19T14:03:20.251214055Z: [    0.762137] ACPI: PCI Interrupt Link [LNKF] (IRQs 5 *10 11)
[STDERR  ] 2018-01-19T14:03:20.251219746Z: [    0.771324] ACPI: PCI Interrupt Link [LNKG] (IRQs 5 10 *11)
[STDERR  ] 2018-01-19T14:03:20.251225537Z: [    0.778387] ACPI: PCI Interrupt Link [LNKH] (IRQs 5 10 *11)
[STDERR  ] 2018-01-19T14:03:20.251241363Z: [    0.782005] ACPI: PCI Interrupt Link [GSIA] (IRQs *16)
[STDERR  ] 2018-01-19T14:03:20.251248179Z: [    0.791068] ACPI: PCI Interrupt Link [GSIB] (IRQs *17)
[STDERR  ] 2018-01-19T14:03:20.25125402Z: [    0.797236] ACPI: PCI Interrupt Link [GSIC] (IRQs *18)
[STDERR  ] 2018-01-19T14:03:20.251259624Z: [    0.801086] ACPI: PCI Interrupt Link [GSID] (IRQs *19)
[STDERR  ] 2018-01-19T14:03:20.251265368Z: [    0.807345] ACPI: PCI Interrupt Link [GSIE] (IRQs *20)
[STDERR  ] 2018-01-19T14:03:20.25127166Z: [    0.811077] ACPI: PCI Interrupt Link [GSIF] (IRQs *21)
[STDERR  ] 2018-01-19T14:03:20.251278053Z: [    0.821109] ACPI: PCI Interrupt Link [GSIG] (IRQs *22)
[STDERR  ] 2018-01-19T14:03:20.251283917Z: [    0.827174] ACPI: PCI Interrupt Link [GSIH] (IRQs *23)
[STDERR  ] 2018-01-19T14:03:20.251289547Z: [    0.831440] ACPI: Enabled 1 GPEs in block 00 to 3F
[STDERR  ] 2018-01-19T14:03:20.251295204Z: [    0.840139] SCSI subsystem initialized
[STDERR  ] 2018-01-19T14:03:20.251300864Z: [    0.844199] ACPI: bus type USB registered
[STDERR  ] 2018-01-19T14:03:20.251306626Z: [    0.848456] usbcore: registered new interface driver usbfs
[STDERR  ] 2018-01-19T14:03:20.251312395Z: [    0.850056] usbcore: registered new interface driver hub
[STDERR  ] 2018-01-19T14:03:20.251318067Z: [    0.860053] usbcore: registered new device driver usb
[STDERR  ] 2018-01-19T14:03:20.251323528Z: [    0.865322] pps_core: LinuxPPS API ver. 1 registered
[STDERR  ] 2018-01-19T14:03:20.251329672Z: [    0.870009] pps_core: Software ver. 5.3.6 - Copyright 2005-2007 Rodolfo Giometti <giometti@linux.it>
[STDERR  ] 2018-01-19T14:03:20.251338743Z: [    0.879126] PTP clock support registered
[STDERR  ] 2018-01-19T14:03:20.251358754Z: [    0.880077] wmi: Mapper loaded
[STDERR  ] 2018-01-19T14:03:20.251365192Z: [    0.883357] PCI: Using ACPI for IRQ routing
[STDERR  ] 2018-01-19T14:03:20.251385673Z: [    1.306074] NetLabel: Initializing
[STDERR  ] 2018-01-19T14:03:20.251402617Z: [    1.309655] NetLabel:  domain hash size = 128
[STDERR  ] 2018-01-19T14:03:20.25141248Z: [    1.310009] NetLabel:  protocols = UNLABELED CIPSOv4
[STDERR  ] 2018-01-19T14:03:20.251422194Z: [    1.315151] NetLabel:  unlabeled traffic allowed by default
[STDERR  ] 2018-01-19T14:03:20.251428583Z: [    1.320182] HPET: 3 timers in total, 0 timers will be used for per-cpu timer
[STDERR  ] 2018-01-19T14:03:20.251434713Z: [    1.330145] hpet0: at MMIO 0xfed00000, IRQs 2, 8, 0
[STDERR  ] 2018-01-19T14:03:20.251440457Z: [    1.335718] hpet0: 3 comparators, 64-bit 100.000000 MHz counter
[STDERR  ] 2018-01-19T14:03:20.251446428Z: [    1.350042] amd_nb: Cannot enumerate AMD northbridges
[STDERR  ] 2018-01-19T14:03:20.251452779Z: [    1.355660] clocksource: Switched to clocksource kvm-clock
[STDERR  ] 2018-01-19T14:03:20.251462907Z: [    1.367510] FS-Cache: Loaded
[STDERR  ] 2018-01-19T14:03:20.251469648Z: [    1.370956] CacheFiles: Loaded
[STDERR  ] 2018-01-19T14:03:20.251475704Z: [    1.374490] pnp: PnP ACPI init
[STDERR  ] 2018-01-19T14:03:20.251481332Z: [    1.379106] pnp: PnP ACPI: found 5 devices
[STDERR  ] 2018-01-19T14:03:20.251486939Z: [    1.390156] clocksource: acpi_pm: mask: 0xffffff max_cycles: 0xffffff, max_idle_ns: 2085701024 ns
[STDERR  ] 2018-01-19T14:03:20.251492732Z: [    1.399806] NET: Registered protocol family 2
[STDERR  ] 2018-01-19T14:03:20.25149827Z: [    1.404954] TCP established hash table entries: 8192 (order: 4, 65536 bytes)
[STDERR  ] 2018-01-19T14:03:20.251504466Z: [    1.412810] TCP bind hash table entries: 8192 (order: 5, 131072 bytes)
[STDERR  ] 2018-01-19T14:03:20.251510375Z: [    1.419831] TCP: Hash tables configured (established 8192 bind 8192)
[STDERR  ] 2018-01-19T14:03:20.251515983Z: [    1.427101] UDP hash table entries: 512 (order: 2, 16384 bytes)
[STDERR  ] 2018-01-19T14:03:20.251521788Z: [    1.433172] UDP-Lite hash table entries: 512 (order: 2, 16384 bytes)
[STDERR  ] 2018-01-19T14:03:20.251528159Z: [    1.439641] NET: Registered protocol family 1
[STDERR  ] 2018-01-19T14:03:20.251533759Z: [    1.444778] Unpacking initramfs...
[STDERR  ] 2018-01-19T14:03:20.25153931Z: [    1.835650] Freeing initrd memory: 22152K
[STDERR  ] 2018-01-19T14:03:20.251544783Z: [    1.841152] PCLMULQDQ-NI instructions are not detected.
[STDERR  ] 2018-01-19T14:03:20.251550966Z: [    1.846590] AVX or AES-NI instructions are not detected.
[STDERR  ] 2018-01-19T14:03:20.251556837Z: [    1.852246] CPU feature 'AVX registers' is not supported.
[STDERR  ] 2018-01-19T14:03:20.251562599Z: [    1.857819] CPU feature 'AVX registers' is not supported.
[STDERR  ] 2018-01-19T14:03:20.251568184Z: [    1.863516] CPU feature 'AVX registers' is not supported.
[STDERR  ] 2018-01-19T14:03:20.251573773Z: [    1.869038] CPU feature 'AVX registers' is not supported.
[STDERR  ] 2018-01-19T14:03:20.251579395Z: [    1.874734] AVX2 or AES-NI instructions are not detected.
[STDERR  ] 2018-01-19T14:03:20.251584995Z: [    1.880469] AVX2 instructions are not detected.
[STDERR  ] 2018-01-19T14:03:20.251590617Z: [    1.885335] audit: initializing netlink subsys (disabled)
[STDERR  ] 2018-01-19T14:03:20.251596975Z: [    1.891328] audit: type=2000 audit(1516370592.473:1): initialized
[STDERR  ] 2018-01-19T14:03:20.251602827Z: [    1.898138] HugeTLB registered 2 MB page size, pre-allocated 0 pages
[STDERR  ] 2018-01-19T14:03:20.251609057Z: [    1.905430] VFS: Disk quotas dquot_6.6.0
[STDERR  ] 2018-01-19T14:03:20.251614648Z: [    1.909555] VFS: Dquot-cache hash table entries: 512 (order 0, 4096 bytes)
[STDERR  ] 2018-01-19T14:03:20.251621168Z: [    1.916812] squashfs: version 4.0 (2009/01/31) Phillip Lougher
[STDERR  ] 2018-01-19T14:03:20.251626767Z: [    1.923020] FS-Cache: Netfs 'cifs' registered for caching
[STDERR  ] 2018-01-19T14:03:20.251635257Z: [    1.928843] fuse init (API version 7.23)
[STDERR  ] 2018-01-19T14:03:20.251640993Z: [    1.933257] SGI XFS with ACLs, security attributes, no debug enabled
[STDERR  ] 2018-01-19T14:03:20.251646792Z: [    1.939971] 9p: Installing v9fs 9p2000 file system support
[STDERR  ] 2018-01-19T14:03:20.251652694Z: [    1.945817] FS-Cache: Netfs '9p' registered for caching
[STDERR  ] 2018-01-19T14:03:20.25165838Z: [    1.951477] Key type big_key registered
[STDERR  ] 2018-01-19T14:03:20.251664027Z: [    1.956509] NET: Registered protocol family 38
[STDERR  ] 2018-01-19T14:03:20.251669687Z: [    1.961386] Key type asymmetric registered
[STDERR  ] 2018-01-19T14:03:20.251675274Z: [    1.965721] Asymmetric key parser 'x509' registered
[STDERR  ] 2018-01-19T14:03:20.251680984Z: [    1.971016] Block layer SCSI generic (bsg) driver version 0.4 loaded (major 251)
[STDERR  ] 2018-01-19T14:03:20.251686995Z: [    1.978735] io scheduler noop registered
[STDERR  ] 2018-01-19T14:03:20.25169263Z: [    1.983177] io scheduler deadline registered (default)
[STDERR  ] 2018-01-19T14:03:20.251698913Z: [    1.988613] io scheduler cfq registered
[STDERR  ] 2018-01-19T14:03:20.251712621Z: [    1.993164] pci_hotplug: PCI Hot Plug PCI Core version: 0.5
[STDERR  ] 2018-01-19T14:03:20.251725797Z: [    1.998967] pciehp: PCI Express Hot Plug Controller Driver version: 0.4
[STDERR  ] 2018-01-19T14:03:20.251732174Z: [    2.006037] shpchp: Standard Hot Plug PCI Controller Driver version: 0.4
[STDERR  ] 2018-01-19T14:03:20.251738433Z: [    2.013041] hv_vmbus: registering driver hyperv_fb
[STDERR  ] 2018-01-19T14:03:20.251745197Z: [    2.018182] input: Power Button as /devices/LNXSYSTM:00/LNXPWRBN:00/input/input0
[STDERR  ] 2018-01-19T14:03:20.25175087Z: [    2.025983] ACPI: Power Button [PWRF]
[STDERR  ] 2018-01-19T14:03:20.251756633Z: [    2.030464] GHES: HEST is not enabled!
[STDERR  ] 2018-01-19T14:03:20.2517624Z: [    2.034883] ACPI: PCI Interrupt Link [GSIG] enabled at IRQ 22
[STDERR  ] 2018-01-19T14:03:20.251768784Z: [    2.048801] ACPI: PCI Interrupt Link [GSIH] enabled at IRQ 23
[STDERR  ] 2018-01-19T14:03:20.251774417Z: [    2.063289] xenfs: not registering filesystem on non-xen platform
[STDERR  ] 2018-01-19T14:03:20.251780197Z: [    2.070030] Serial: 8250/16550 driver, 4 ports, IRQ sharing disabled
[STDERR  ] 2018-01-19T14:03:20.251786895Z: [    2.111218] 00:04: ttyS0 at I/O 0x3f8 (irq = 4, base_baud = 115200) is a 16550A
[STDERR  ] 2018-01-19T14:03:20.251792768Z: [    2.120190] Non-volatile memory driver v1.3
[STDERR  ] 2018-01-19T14:03:20.251798388Z: [    2.126612] Hangcheck: starting hangcheck timer 0.9.1 (tick is 180 seconds, margin is 60 seconds).
[STDERR  ] 2018-01-19T14:03:20.251804879Z: [    2.136698] random: nonblocking pool is initialized
[STDERR  ] 2018-01-19T14:03:20.251817012Z: [    2.144664] loop: module loaded
[STDERR  ] 2018-01-19T14:03:20.251823363Z: [    2.148445] nbd: registered device at major 43
[STDERR  ] 2018-01-19T14:03:20.251829043Z: [    2.155443] lpc_ich 0000:00:1f.0: I/O space for GPIO uninitialized
[STDERR  ] 2018-01-19T14:03:20.251834939Z: [    2.162373] VMware PVSCSI driver - version 1.0.5.0-k
[STDERR  ] 2018-01-19T14:03:20.251840619Z: [    2.168173] hv_vmbus: registering driver hv_storvsc
[STDERR  ] 2018-01-19T14:03:20.251846443Z: [    2.174515] ACPI: PCI Interrupt Link [GSIA] enabled at IRQ 16
[STDERR  ] 2018-01-19T14:03:20.251852292Z: [    2.185677] ahci 0000:00:1f.2: AHCI 0001.0000 32 slots 6 ports 1.5 Gbps 0x3f impl SATA mode
[STDERR  ] 2018-01-19T14:03:20.25185822Z: [    2.194811] ahci 0000:00:1f.2: flags: 64bit ncq only 
[STDERR  ] 2018-01-19T14:03:20.251864061Z: [    2.204104] scsi host0: ahci
[STDERR  ] 2018-01-19T14:03:20.251870015Z: [    2.207440] scsi host1: ahci
[STDERR  ] 2018-01-19T14:03:20.251875576Z: [    2.211003] scsi host2: ahci
[STDERR  ] 2018-01-19T14:03:20.251881131Z: [    2.214375] scsi host3: ahci
[STDERR  ] 2018-01-19T14:03:20.251886547Z: [    2.217706] scsi host4: ahci
[STDERR  ] 2018-01-19T14:03:20.251892056Z: [    2.220965] scsi host5: ahci
[STDERR  ] 2018-01-19T14:03:20.251901701Z: [    2.224128] ata1: SATA max UDMA/133 abar m4096@0xfebd2000 port 0xfebd2100 irq 24
[STDERR  ] 2018-01-19T14:03:20.2519082Z: [    2.232138] ata2: SATA max UDMA/133 abar m4096@0xfebd2000 port 0xfebd2180 irq 24
[STDERR  ] 2018-01-19T14:03:20.251914338Z: [    2.240801] ata3: SATA max UDMA/133 abar m4096@0xfebd2000 port 0xfebd2200 irq 24
[STDERR  ] 2018-01-19T14:03:20.251919949Z: [    2.248488] ata4: SATA max UDMA/133 abar m4096@0xfebd2000 port 0xfebd2280 irq 24
[STDERR  ] 2018-01-19T14:03:20.251925774Z: [    2.256232] ata5: SATA max UDMA/133 abar m4096@0xfebd2000 port 0xfebd2300 irq 24
[STDERR  ] 2018-01-19T14:03:20.251932265Z: [    2.263836] ata6: SATA max UDMA/133 abar m4096@0xfebd2000 port 0xfebd2380 irq 24
[STDERR  ] 2018-01-19T14:03:20.251937913Z: [    2.273175] tun: Universal TUN/TAP device driver, 1.6
[STDERR  ] 2018-01-19T14:03:20.251943998Z: [    2.278259] tun: (C) 1999-2004 Max Krasnyansky <maxk@qualcomm.com>
[STDERR  ] 2018-01-19T14:03:20.251949578Z: [    2.289250] VMware vmxnet3 virtual NIC driver - version 1.4.5.0-k-NAPI
[STDERR  ] 2018-01-19T14:03:20.251955198Z: [    2.296705] hv_vmbus: registering driver hv_netvsc
[STDERR  ] 2018-01-19T14:03:20.251964191Z: [    2.301697] Fusion MPT base driver 3.04.20
[STDERR  ] 2018-01-19T14:03:20.251970178Z: [    2.305875] Copyright (c) 1999-2008 LSI Corporation
[STDERR  ] 2018-01-19T14:03:20.251975742Z: [    2.310927] Fusion MPT SPI Host driver 3.04.20
[STDERR  ] 2018-01-19T14:03:20.25198136Z: [    2.315554] i8042: PNP: PS/2 Controller [PNP0303:KBD,PNP0f13:MOU] at 0x60,0x64 irq 1,12
[STDERR  ] 2018-01-19T14:03:20.251987107Z: [    2.327185] serio: i8042 KBD port at 0x60,0x64 irq 1
[STDERR  ] 2018-01-19T14:03:20.251992853Z: [    2.332317] serio: i8042 AUX port at 0x60,0x64 irq 12
[STDERR  ] 2018-01-19T14:03:20.251998398Z: [    2.337741] hv_vmbus: registering driver hyperv_keyboard
[STDERR  ] 2018-01-19T14:03:20.252003976Z: [    2.343359] mousedev: PS/2 mouse device common for all mice
[STDERR  ] 2018-01-19T14:03:20.252009867Z: [    2.350963] input: AT Translated Set 2 keyboard as /devices/platform/i8042/serio0/input/input1
[STDERR  ] 2018-01-19T14:03:20.252015487Z: [    2.359791] input: PC Speaker as /devices/platform/pcspkr/input/input2
[STDERR  ] 2018-01-19T14:03:20.252021038Z: [    2.367450] rtc_cmos 00:00: RTC can wake from S4
[STDERR  ] 2018-01-19T14:03:20.252026475Z: [    2.373833] rtc_cmos 00:00: rtc core: registered rtc_cmos as rtc0
[STDERR  ] 2018-01-19T14:03:20.252032005Z: [    2.380940] rtc_cmos 00:00: alarms up to one day, y3k, 114 bytes nvram, hpet irqs
[STDERR  ] 2018-01-19T14:03:20.252037568Z: [    2.389019] i2c /dev entries driver
[STDERR  ] 2018-01-19T14:03:20.252043208Z: [    2.393149] device-mapper: ioctl: 4.34.0-ioctl (2015-10-28) initialised: dm-devel@redhat.com
[STDERR  ] 2018-01-19T14:03:20.252048871Z: [    2.402743] usbcore: registered new interface driver usbhid
[STDERR  ] 2018-01-19T14:03:20.25205942Z: [    2.408638] usbhid: USB HID core driver
[STDERR  ] 2018-01-19T14:03:20.252065078Z: [    2.412896] hv_utils: Registering HyperV Utility Driver
[STDERR  ] 2018-01-19T14:03:20.252070627Z: [    2.418576] hv_vmbus: registering driver hv_util
[STDERR  ] 2018-01-19T14:03:20.252076213Z: [    2.423743] hv_vmbus: registering driver hv_balloon
[STDERR  ] 2018-01-19T14:03:20.252081841Z: [    2.429201] oprofile: using NMI interrupt.
[STDERR  ] 2018-01-19T14:03:20.252087508Z: [    2.433976] GACT probability on
[STDERR  ] 2018-01-19T14:03:20.252093413Z: [    2.437394] Mirror/redirect action on
[STDERR  ] 2018-01-19T14:03:20.25209906Z: [    2.441299] Simple TC action Loaded
[STDERR  ] 2018-01-19T14:03:20.252104609Z: [    2.445173] u32 classifier
[STDERR  ] 2018-01-19T14:03:20.252110594Z: [    2.448176]     Performance counters on
[STDERR  ] 2018-01-19T14:03:20.252116111Z: [    2.452218]     input device check on
[STDERR  ] 2018-01-19T14:03:20.252122244Z: [    2.455968]     Actions configured
[STDERR  ] 2018-01-19T14:03:20.252127884Z: [    2.459439] Netfilter messages via NETLINK v0.30.
[STDERR  ] 2018-01-19T14:03:20.252133518Z: [    2.464375] nfnl_acct: registering with nfnetlink.
[STDERR  ] 2018-01-19T14:03:20.252141908Z: [    2.469250] nf_conntrack version 0.5.0 (7922 buckets, 31688 max)
[STDERR  ] 2018-01-19T14:03:20.252147798Z: [    2.476143] ctnetlink v0.93: registering with nfnetlink.
[STDERR  ] 2018-01-19T14:03:20.252153488Z: [    2.482351] nf_tables: (c) 2007-2009 Patrick McHardy <kaber@trash.net>
[STDERR  ] 2018-01-19T14:03:20.252163424Z: [    2.488998] nf_tables_compat: (c) 2012 Pablo Neira Ayuso <pablo@netfilter.org>
[STDERR  ] 2018-01-19T14:03:20.252170404Z: [    2.497090] xt_time: kernel timezone is -0000
[STDERR  ] 2018-01-19T14:03:20.252180818Z: [    2.502220] ip_set: protocol 6
[STDERR  ] 2018-01-19T14:03:20.252186875Z: [    2.505490] IPVS: Registered protocols (TCP, UDP, SCTP, AH, ESP)
[STDERR  ] 2018-01-19T14:03:20.252192565Z: [    2.511869] IPVS: Connection hash table configured (size=4096, memory=64Kbytes)
[STDERR  ] 2018-01-19T14:03:20.252199087Z: [    2.520864] IPVS: Creating netns size=2096 id=0
[STDERR  ] 2018-01-19T14:03:20.25220476Z: [    2.526473] IPVS: ipvs loaded.
[STDERR  ] 2018-01-19T14:03:20.252214527Z: [    2.529852] IPVS: [rr] scheduler registered.
[STDERR  ] 2018-01-19T14:03:20.252223035Z: [    2.534692] IPVS: [wrr] scheduler registered.
[STDERR  ] 2018-01-19T14:03:20.252228894Z: [    2.539570] IPVS: [lc] scheduler registered.
[STDERR  ] 2018-01-19T14:03:20.252234513Z: [    2.544803] IPVS: [wlc] scheduler registered.
[STDERR  ] 2018-01-19T14:03:20.252240133Z: [    2.549190] IPVS: [fo] scheduler registered.
[STDERR  ] 2018-01-19T14:03:20.252245585Z: [    2.553624] IPVS: [ovf] scheduler registered.
[STDERR  ] 2018-01-19T14:03:20.252252668Z: [    2.558387] IPVS: [lblc] scheduler registered.
[STDERR  ] 2018-01-19T14:03:20.252258354Z: [    2.563362] IPVS: [lblcr] scheduler registered.
[STDERR  ] 2018-01-19T14:03:20.252264091Z: [    2.567938] IPVS: [dh] scheduler registered.
[STDERR  ] 2018-01-19T14:03:20.252269649Z: [    2.572550] IPVS: [sh] scheduler registered.
[STDERR  ] 2018-01-19T14:03:20.252275364Z: [    2.576873] IPVS: [sed] scheduler registered.
[STDERR  ] 2018-01-19T14:03:20.252280829Z: [    2.581697] IPVS: [nq] scheduler registered.
[STDERR  ] 2018-01-19T14:03:20.252286321Z: [    2.586135] IPVS: ftp: loaded support on port[0] = 21
[STDERR  ] 2018-01-19T14:03:20.252292001Z: [    2.591395] ipip: IPv4 over IPv4 tunneling driver
[STDERR  ] 2018-01-19T14:03:20.25229768Z: [    2.596372] gre: GRE over IPv4 demultiplexor driver
[STDERR  ] 2018-01-19T14:03:20.252303364Z: [    2.602058] ip_tables: (C) 2000-2006 Netfilter Core Team
[STDERR  ] 2018-01-19T14:03:20.252309028Z: [    2.607668] ipt_CLUSTERIP: ClusterIP Version 0.8 loaded successfully
[STDERR  ] 2018-01-19T14:03:20.252315718Z: [    2.614220] arp_tables: (C) 2002 David S. Miller
[STDERR  ] 2018-01-19T14:03:20.252321389Z: [    2.619709] NET: Registered protocol family 10
[STDERR  ] 2018-01-19T14:03:20.252326949Z: [    2.624800] ata1: SATA link down (SStatus 0 SControl 300)
[STDERR  ] 2018-01-19T14:03:20.252332618Z: [    2.631009] ata2: SATA link down (SStatus 0 SControl 300)
[STDERR  ] 2018-01-19T14:03:20.252338067Z: [    2.637203] ata3: SATA link up 1.5 Gbps (SStatus 113 SControl 300)
[STDERR  ] 2018-01-19T14:03:20.252344271Z: [    2.644526] ata4: SATA link down (SStatus 0 SControl 300)
[STDERR  ] 2018-01-19T14:03:20.25234982Z: [    2.651048] ata5: SATA link down (SStatus 0 SControl 300)
[STDERR  ] 2018-01-19T14:03:20.252355609Z: [    2.657417] ata6: SATA link down (SStatus 0 SControl 300)
[STDERR  ] 2018-01-19T14:03:20.252361673Z: [    2.663716] ip6_tables: (C) 2000-2006 Netfilter Core Team
[STDERR  ] 2018-01-19T14:03:20.252367364Z: [    2.669869] ata3.00: ATAPI: QEMU DVD-ROM, 2.5+, max UDMA/100
[STDERR  ] 2018-01-19T14:03:20.252372988Z: [    2.675735] ata3.00: applying bridge limits
[STDERR  ] 2018-01-19T14:03:20.252378553Z: [    2.680737] NET: Registered protocol family 17
[STDERR  ] 2018-01-19T14:03:20.25238416Z: [    2.685502] bridge: automatic filtering via arp/ip/ip6tables has been deprecated. Update your scripts to load br_netfilter if you need this.
[STDERR  ] 2018-01-19T14:03:20.252394394Z: [    2.699827] ata3.00: configured for UDMA/100
[STDERR  ] 2018-01-19T14:03:20.252400368Z: [    2.705479] scsi 2:0:0:0: CD-ROM            QEMU     QEMU DVD-ROM     2.5+ PQ: 0 ANSI: 5
[STDERR  ] 2018-01-19T14:03:20.252406393Z: [    2.714257] Bridge firewalling registered
[STDERR  ] 2018-01-19T14:03:20.252416947Z: [    2.718555] Ebtables v2.0 registered
[STDERR  ] 2018-01-19T14:03:20.252422691Z: [    2.723789] 8021q: 802.1Q VLAN Support v1.8
[STDERR  ] 2018-01-19T14:03:20.25242828Z: [    2.728396] 9pnet: Installing 9P2000 support
[STDERR  ] 2018-01-19T14:03:20.252433953Z: [    2.733947] sr 2:0:0:0: [sr0] scsi3-mmc drive: 4x/4x cd/rw xa/form2 tray
[STDERR  ] 2018-01-19T14:03:20.252439671Z: [    2.741518] cdrom: Uniform CD-ROM driver Revision: 3.20
[STDERR  ] 2018-01-19T14:03:20.252445384Z: [    2.747490] Key type dns_resolver registered
[STDERR  ] 2018-01-19T14:03:20.252451013Z: [    2.752955] microcode: CPU0 sig=0x663, pf=0x1, revision=0x1
[STDERR  ] 2018-01-19T14:03:20.252460934Z: [    2.759452] sr 2:0:0:0: Attached scsi generic sg0 type 5
[STDERR  ] 2018-01-19T14:03:20.252466794Z: [    2.765415] microcode: Microcode Update Driver: v2.01 <tigran@aivazian.fsnet.co.uk>, Peter Oruba
[STDERR  ] 2018-01-19T14:03:20.252475738Z: [    2.774533] registered taskstats version 1
[STDERR  ] 2018-01-19T14:03:20.252481555Z: [    2.784043] Key type encrypted registered
[STDERR  ] 2018-01-19T14:03:20.252487242Z: [    2.790567] rtc_cmos 00:00: setting system clock to 2018-01-19 14:03:14 UTC (1516370594)
[STDERR  ] 2018-01-19T14:03:20.252492911Z: [    2.802440] Freeing unused kernel memory: 1316K
[STDERR  ] 2018-01-19T14:03:20.252498614Z: [    2.807485] Write protecting the kernel read-only data: 12288k
[STDERR  ] 2018-01-19T14:03:20.252504253Z: [    2.814056] Freeing unused kernel memory: 544K
[STDERR  ] 2018-01-19T14:03:20.252509993Z: [    2.823173] Freeing unused kernel memory: 1392K
[STDERR  ] 2018-01-19T14:03:20.252515576Z: 
[STDERR  ] 2018-01-19T14:03:20.252521581Z: Welcome to LinuxKit
[STDERR  ] 2018-01-19T14:03:20.252527555Z: 
[STDERR  ] 2018-01-19T14:03:20.252533444Z:                         ##         .
[STDERR  ] 2018-01-19T14:03:20.252539455Z:                   ## ## ##        ==
[STDERR  ] 2018-01-19T14:03:20.252545391Z:                ## ## ## ## ##    ===
[STDERR  ] 2018-01-19T14:03:20.252551113Z:            /"""""""""""""""""\___/ ===
[STDERR  ] 2018-01-19T14:03:20.252556873Z:           {                       /  ===-
[STDERR  ] 2018-01-19T14:03:20.252562634Z:            \______ O           __/
[STDERR  ] 2018-01-19T14:03:20.252594838Z:              \    \         __/
[STDERR  ] 2018-01-19T14:03:20.252604604Z:               \____\_______/
[STDERR  ] 2018-01-19T14:03:20.252615493Z: 
[STDERR  ] 2018-01-19T14:03:20.252625476Z: starting kernel config sanity test with /proc/config.gz
[STDERR  ] 2018-01-19T14:03:20.252634715Z: [    3.550395] RPC: Registered named UNIX socket transport module.
[STDERR  ] 2018-01-19T14:03:20.252643622Z: [    3.556807] RPC: Registered udp transport module.
[STDERR  ] 2018-01-19T14:03:20.252652992Z: [    3.562309] RPC: Registered tcp transport module.
[STDERR  ] 2018-01-19T14:03:20.252669312Z: [    3.567403] RPC: Registered tcp NFSv4.1 backchannel transport module.
[STDERR  ] 2018-01-19T14:03:20.252681163Z: [    3.591843] FS-Cache: Netfs 'nfs' registered for caching
[STDERR  ] 2018-01-19T14:03:20.252691422Z: [    3.616593] Installing knfsd (copyright (C) 1996 okir@monad.swb.de).
[STDERR  ] 2018-01-19T14:03:20.252702442Z: [    3.627704] ntfs: driver 2.1.32 [Flags: R/O MODULE].
[STDERR  ] 2018-01-19T14:03:20.252713117Z: kernel config test succeeded!
[STDERR  ] 2018-01-19T14:03:20.252731517Z: [37minfo: reading kernel config from /proc/config.gz ...[m
[STDERR  ] 2018-01-19T14:03:20.252740834Z: 
[STDERR  ] 2018-01-19T14:03:20.252750057Z: Generally Necessary:
[STDERR  ] 2018-01-19T14:03:20.252759856Z: - [37mcgroup hierarchy[m: [32mproperly mounted[m [/sys/fs/cgroup]
[STDERR  ] 2018-01-19T14:03:20.252769943Z: - [37mCONFIG_NAMESPACES[m: [32menabled[m
[STDERR  ] 2018-01-19T14:03:20.252784714Z: - [37mCONFIG_NET_NS[m: [32menabled[m
[STDERR  ] 2018-01-19T14:03:20.25279437Z: - [37mCONFIG_PID_NS[m: [32menabled[m
[STDERR  ] 2018-01-19T14:03:20.252804156Z: - [37mCONFIG_IPC_NS[m: [32menabled[m
[STDERR  ] 2018-01-19T14:03:20.252813261Z: - [37mCONFIG_UTS_NS[m: [32menabled[m
[STDERR  ] 2018-01-19T14:03:20.252822397Z: - [37mCONFIG_CGROUPS[m: [32menabled[m
[STDERR  ] 2018-01-19T14:03:20.252832009Z: - [37mCONFIG_CGROUP_CPUACCT[m: [32menabled[m
[STDERR  ] 2018-01-19T14:03:20.252841988Z: - [37mCONFIG_CGROUP_DEVICE[m: [32menabled[m
[STDERR  ] 2018-01-19T14:03:20.252855929Z: - [37mCONFIG_CGROUP_FREEZER[m: [32menabled[m
[STDERR  ] 2018-01-19T14:03:20.252865212Z: - [37mCONFIG_CGROUP_SCHED[m: [32menabled[m
[STDERR  ] 2018-01-19T14:03:20.252878049Z: - [37mCONFIG_CPUSETS[m: [32menabled[m
[STDERR  ] 2018-01-19T14:03:20.252887677Z: - [37mCONFIG_MEMCG[m: [32menabled[m
[STDERR  ] 2018-01-19T14:03:20.252896752Z: - [37mCONFIG_KEYS[m: [32menabled[m
[STDERR  ] 2018-01-19T14:03:20.252906041Z: - [37mCONFIG_VETH[m: [32menabled[m
[STDERR  ] 2018-01-19T14:03:20.252915154Z: - [37mCONFIG_BRIDGE[m: [32menabled[m
[STDERR  ] 2018-01-19T14:03:20.252928992Z: - [37mCONFIG_BRIDGE_NETFILTER[m: [32menabled[m
[STDERR  ] 2018-01-19T14:03:20.252938352Z: - [37mCONFIG_NF_NAT_IPV4[m: [32menabled[m
[STDERR  ] 2018-01-19T14:03:20.252947709Z: - [37mCONFIG_IP_NF_FILTER[m: [32menabled[m
[STDERR  ] 2018-01-19T14:03:20.252957865Z: - [37mCONFIG_IP_NF_TARGET_MASQUERADE[m: [32menabled[m
[STDERR  ] 2018-01-19T14:03:20.252966939Z: - [37mCONFIG_NETFILTER_XT_MATCH_ADDRTYPE[m: [32menabled[m
[STDERR  ] 2018-01-19T14:03:20.252976042Z: - [37mCONFIG_NETFILTER_XT_MATCH_CONNTRACK[m: [32menabled[m
[STDERR  ] 2018-01-19T14:03:20.252985025Z: - [37mCONFIG_NETFILTER_XT_MATCH_IPVS[m: [32menabled[m
[STDERR  ] 2018-01-19T14:03:20.252993996Z: - [37mCONFIG_IP_NF_NAT[m: [32menabled[m
[STDERR  ] 2018-01-19T14:03:20.253003161Z: - [37mCONFIG_NF_NAT[m: [32menabled[m
[STDERR  ] 2018-01-19T14:03:20.253012389Z: - [37mCONFIG_NF_NAT_NEEDED[m: [32menabled[m
[STDERR  ] 2018-01-19T14:03:20.253021001Z: - [37mCONFIG_POSIX_MQUEUE[m: [32menabled[m
[STDERR  ] 2018-01-19T14:03:20.253030161Z: - [37mCONFIG_DEVPTS_MULTIPLE_INSTANCES[m: [32menabled[m
[STDERR  ] 2018-01-19T14:03:20.253038649Z: 
[STDERR  ] 2018-01-19T14:03:20.253047676Z: Optional Features:
[STDERR  ] 2018-01-19T14:03:20.253056979Z: - [37mCONFIG_USER_NS[m: [32menabled[m
[STDERR  ] 2018-01-19T14:03:20.253065986Z: - [37mCONFIG_SECCOMP[m: [32menabled[m
[STDERR  ] 2018-01-19T14:03:20.253075014Z: - [37mCONFIG_CGROUP_PIDS[m: [32menabled[m
[STDERR  ] 2018-01-19T14:03:20.253084009Z: - [37mCONFIG_MEMCG_SWAP[m: [32menabled[m
[STDERR  ] 2018-01-19T14:03:20.253093449Z: - [37mCONFIG_MEMCG_SWAP_ENABLED[m: [32menabled[m
[STDERR  ] 2018-01-19T14:03:20.253103002Z:     [1;30m(cgroup swap accounting is currently enabled)[m
[STDERR  ] 2018-01-19T14:03:20.253112425Z: - [1mCONFIG_LEGACY_VSYSCALL_NONE[m: [1;31menabled[m
[STDERR  ] 2018-01-19T14:03:20.253122022Z:     [1;30m(containers using eglibc <= 2.13 will not work. Switch to[m
[STDERR  ] 2018-01-19T14:03:20.253132628Z:     [1;30m "CONFIG_VSYSCALL_[NATIVE|EMULATE]" or use "vsyscall=[native|emulate]"[m
[STDERR  ] 2018-01-19T14:03:20.253142656Z:     [1;30m on kernel command line. Note that this will disable ASLR for the,[m
[STDERR  ] 2018-01-19T14:03:20.253152635Z:     [1;30m VDSO which may assist in exploiting security vulnerabilities.)[m
[STDERR  ] 2018-01-19T14:03:20.253163556Z: - [37mCONFIG_MEMCG_KMEM[m: [32menabled[m
[STDERR  ] 2018-01-19T14:03:20.253173802Z: - [37mCONFIG_BLK_CGROUP[m: [32menabled[m
[STDERR  ] 2018-01-19T14:03:20.253189786Z: - [37mCONFIG_BLK_DEV_THROTTLING[m: [32menabled[m
[STDERR  ] 2018-01-19T14:03:20.253199974Z: - [37mCONFIG_IOSCHED_CFQ[m: [32menabled[m
[STDERR  ] 2018-01-19T14:03:20.253215096Z: - [37mCONFIG_CFQ_GROUP_IOSCHED[m: [32menabled[m
[STDERR  ] 2018-01-19T14:03:20.253224796Z: - [37mCONFIG_CGROUP_PERF[m: [32menabled[m
[STDERR  ] 2018-01-19T14:03:20.25324135Z: - [37mCONFIG_CGROUP_HUGETLB[m: [32menabled[m
[STDERR  ] 2018-01-19T14:03:20.253251603Z: - [37mCONFIG_NET_CLS_CGROUP[m: [32menabled[m
[STDERR  ] 2018-01-19T14:03:20.253261157Z: - [37mCONFIG_CGROUP_NET_PRIO[m: [32menabled[m
[STDERR  ] 2018-01-19T14:03:20.25327069Z: - [37mCONFIG_CFS_BANDWIDTH[m: [32menabled[m
[STDERR  ] 2018-01-19T14:03:20.253280095Z: - [37mCONFIG_FAIR_GROUP_SCHED[m: [32menabled[m
[STDERR  ] 2018-01-19T14:03:20.253289616Z: - [37mCONFIG_RT_GROUP_SCHED[m: [32menabled[m
[STDERR  ] 2018-01-19T14:03:20.253298963Z: - [37mCONFIG_IP_VS[m: [32menabled[m
[STDERR  ] 2018-01-19T14:03:20.25330847Z: - [37mCONFIG_IP_VS_NFCT[m: [32menabled[m
[STDERR  ] 2018-01-19T14:03:20.253318063Z: - [37mCONFIG_IP_VS_RR[m: [32menabled[m
[STDERR  ] 2018-01-19T14:03:20.253327597Z: - [37mCONFIG_EXT4_FS[m: [32menabled[m
[STDERR  ] 2018-01-19T14:03:20.253343239Z: - [37mCONFIG_EXT4_FS_POSIX_ACL[m: [32menabled[m
[STDERR  ] 2018-01-19T14:03:20.253352795Z: - [37mCONFIG_EXT4_FS_SECURITY[m: [32menabled[m
[STDERR  ] 2018-01-19T14:03:20.253362175Z: - Network Drivers:
[STDERR  ] 2018-01-19T14:03:20.253375722Z:   - "[34moverlay[m":
[STDERR  ] 2018-01-19T14:03:20.253385809Z:     - [37mCONFIG_VXLAN[m: [32menabled[m
[STDERR  ] 2018-01-19T14:03:20.253395415Z:       Optional (for encrypted networks):
[STDERR  ] 2018-01-19T14:03:20.253404864Z:       - [37mCONFIG_CRYPTO[m: [32menabled[m
[STDERR  ] 2018-01-19T14:03:20.253414816Z:       - [37mCONFIG_CRYPTO_AEAD[m: [32menabled[m
[STDERR  ] 2018-01-19T14:03:20.253424289Z:       - [37mCONFIG_CRYPTO_GCM[m: [32menabled[m
[STDERR  ] 2018-01-19T14:03:20.253433777Z:       - [37mCONFIG_CRYPTO_SEQIV[m: [32menabled[m
[STDERR  ] 2018-01-19T14:03:20.253448656Z:       - [37mCONFIG_CRYPTO_GHASH[m: [32menabled[m
[STDERR  ] 2018-01-19T14:03:20.253458266Z:       - [37mCONFIG_XFRM[m: [32menabled[m
[STDERR  ] 2018-01-19T14:03:20.253468082Z:       - [37mCONFIG_XFRM_USER[m: [32menabled (as module)[m
[STDERR  ] 2018-01-19T14:03:20.253478029Z:       - [37mCONFIG_XFRM_ALGO[m: [32menabled (as module)[m
[STDERR  ] 2018-01-19T14:03:20.25348777Z:       - [37mCONFIG_INET_ESP[m: [32menabled (as module)[m
[STDERR  ] 2018-01-19T14:03:20.253499435Z:       - [37mCONFIG_INET_XFRM_MODE_TRANSPORT[m: [32menabled (as module)[m
[STDERR  ] 2018-01-19T14:03:20.253510323Z:   - "[34mipvlan[m":
[STDERR  ] 2018-01-19T14:03:20.253519863Z:     - [37mCONFIG_IPVLAN[m: [32menabled[m
[STDERR  ] 2018-01-19T14:03:20.253529423Z:   - "[34mmacvlan[m":
[STDERR  ] 2018-01-19T14:03:20.253538863Z:     - [37mCONFIG_MACVLAN[m: [32menabled[m
[STDERR  ] 2018-01-19T14:03:20.253548153Z:     - [37mCONFIG_DUMMY[m: [32menabled (as module)[m
[STDERR  ] 2018-01-19T14:03:20.253563433Z:   - "[34mftp,tftp client in container[m":
[STDERR  ] 2018-01-19T14:03:20.253573704Z:     - [37mCONFIG_NF_NAT_FTP[m: [32menabled[m
[STDERR  ] 2018-01-19T14:03:20.253584306Z:     - [37mCONFIG_NF_CONNTRACK_FTP[m: [32menabled[m
[STDERR  ] 2018-01-19T14:03:20.253595251Z:     - [37mCONFIG_NF_NAT_TFTP[m: [32menabled[m
[STDERR  ] 2018-01-19T14:03:20.253604976Z:     - [37mCONFIG_NF_CONNTRACK_TFTP[m: [32menabled[m
[STDERR  ] 2018-01-19T14:03:20.253614089Z: - Storage Drivers:
[STDERR  ] 2018-01-19T14:03:20.253623484Z:   - "[34maufs[m":
[STDERR  ] 2018-01-19T14:03:20.253633553Z:     - [1mCONFIG_AUFS_FS[m: [1;31mmissing[m
[STDERR  ] 2018-01-19T14:03:20.253643263Z:   - "[34mbtrfs[m":
[STDERR  ] 2018-01-19T14:03:20.253653256Z:     - [37mCONFIG_BTRFS_FS[m: [32menabled (as module)[m
[STDERR  ] 2018-01-19T14:03:20.253663053Z:     - [37mCONFIG_BTRFS_FS_POSIX_ACL[m: [32menabled[m
[STDERR  ] 2018-01-19T14:03:20.253672498Z:   - "[34mdevicemapper[m":
[STDERR  ] 2018-01-19T14:03:20.253682422Z:     - [37mCONFIG_BLK_DEV_DM[m: [32menabled[m
[STDERR  ] 2018-01-19T14:03:20.253692063Z:     - [37mCONFIG_DM_THIN_PROVISIONING[m: [32menabled[m
[STDERR  ] 2018-01-19T14:03:20.253701707Z:   - "[34moverlay[m":
[STDERR  ] 2018-01-19T14:03:20.253725753Z:     - [37mCONFIG_OVERLAY_FS[m: [32menabled[m
[STDERR  ] 2018-01-19T14:03:20.253736666Z:   - "[34mzfs[m":
[STDERR  ] 2018-01-19T14:03:20.253746973Z:     - [1m/dev/zfs[m: [1;31mmissing[m
[STDERR  ] 2018-01-19T14:03:20.253759547Z:     - [1mzfs command[m: [1;31mmissing[m
[STDERR  ] 2018-01-19T14:03:20.253769069Z:     - [1mzpool command[m: [1;31mmissing[m
[STDERR  ] 2018-01-19T14:03:20.253778398Z: 
[STDERR  ] 2018-01-19T14:03:20.253789527Z: Limits:
[STDERR  ] 2018-01-19T14:03:20.253799349Z: [37m- /proc/sys/kernel/keys/root_maxkeys[m: [32m1000000[m
[STDERR  ] 2018-01-19T14:03:20.253808718Z: 
[STDERR  ] 2018-01-19T14:03:20.253818238Z: Kernel config test suite PASSED
[STDERR  ] 2018-01-19T14:03:20.253828656Z: [    8.000839] ACPI: Preparing to enter system sleep state S5
[STDERR  ] 2018-01-19T14:03:20.253837927Z: [    8.008502] reboot: Power down
[STDERR  ] 2018-01-19T14:03:20.253847144Z: + grep -q suite PASSED
[STDERR  ] 2018-01-19T14:03:20.253856223Z: + echo [    0.000000] Initializing cgroup subsys cpuset
[STDERR  ] 2018-01-19T14:03:20.253865615Z: [    0.000000] Initializing cgroup subsys cpu
[STDERR  ] 2018-01-19T14:03:20.253881404Z: [    0.000000] Initializing cgroup subsys cpuacct
[STDERR  ] 2018-01-19T14:03:20.253891169Z: [    0.000000] Linux version 4.4.112-linuxkit (root@d6f9ac1fe1a9) (gcc version 6.4.0 (Alpine 6.4.0) ) #1 SMP Wed Jan 17 15:08:13 UTC 2018
[STDERR  ] 2018-01-19T14:03:20.253901817Z: [    0.000000] Command line: console=ttyS0 console=ttyAMA0
[STDERR  ] 2018-01-19T14:03:20.253912423Z: [    0.000000] x86/fpu: Legacy x87 FPU detected.
[STDERR  ] 2018-01-19T14:03:20.25392219Z: [    0.000000] x86/fpu: Using 'lazy' FPU context switches.
[STDERR  ] 2018-01-19T14:03:20.253931982Z: [    0.000000] e820: BIOS-provided physical RAM map:
[STDERR  ] 2018-01-19T14:03:20.253942009Z: [    0.000000] BIOS-e820: [mem 0x0000000000000000-0x000000000009fbff] usable
[STDERR  ] 2018-01-19T14:03:20.253952878Z: [    0.000000] BIOS-e820: [mem 0x000000000009fc00-0x000000000009ffff] reserved
[STDERR  ] 2018-01-19T14:03:20.25396464Z: [    0.000000] BIOS-e820: [mem 0x00000000000f0000-0x00000000000fffff] reserved
[STDERR  ] 2018-01-19T14:03:20.253974769Z: [    0.000000] BIOS-e820: [mem 0x0000000000100000-0x000000003ffdefff] usable
[STDERR  ] 2018-01-19T14:03:20.25398463Z: [    0.000000] BIOS-e820: [mem 0x000000003ffdf000-0x000000003fffffff] reserved
[STDERR  ] 2018-01-19T14:03:20.253994496Z: [    0.000000] BIOS-e820: [mem 0x00000000b0000000-0x00000000bfffffff] reserved
[STDERR  ] 2018-01-19T14:03:20.254004678Z: [    0.000000] BIOS-e820: [mem 0x00000000fed1c000-0x00000000fed1ffff] reserved
[STDERR  ] 2018-01-19T14:03:20.25402315Z: [    0.000000] BIOS-e820: [mem 0x00000000feffc000-0x00000000feffffff] reserved
[STDERR  ] 2018-01-19T14:03:20.254033895Z: [    0.000000] BIOS-e820: [mem 0x00000000fffc0000-0x00000000ffffffff] reserved
[STDERR  ] 2018-01-19T14:03:20.254044404Z: [    0.000000] NX (Execute Disable) protection: active
[STDERR  ] 2018-01-19T14:03:20.25405398Z: [    0.000000] SMBIOS 2.8 present.
[STDERR  ] 2018-01-19T14:03:20.254060633Z: [    0.000000] Hypervisor detected: KVM
[STDERR  ] 2018-01-19T14:03:20.25406635Z: [    0.000000] e820: last_pfn = 0x3ffdf max_arch_pfn = 0x400000000
[STDERR  ] 2018-01-19T14:03:20.254072177Z: [    0.000000] x86/PAT: PAT not supported by CPU.
[STDERR  ] 2018-01-19T14:03:20.254077778Z: [    0.000000] x86/PAT: Configuration [0-7]: WB  WT  UC- UC  WB  WT  UC- UC  
[STDERR  ] 2018-01-19T14:03:20.254084224Z: [    0.000000] found SMP MP-table at [mem 0x000f6aa0-0x000f6aaf] mapped at [ffff8800000f6aa0]
[STDERR  ] 2018-01-19T14:03:20.254090064Z: [    0.000000] RAMDISK: [mem 0x3ea2e000-0x3ffcffff]
[STDERR  ] 2018-01-19T14:03:20.25409602Z: [    0.000000] ACPI: Early table checksum verification disabled
[STDERR  ] 2018-01-19T14:03:20.254101857Z: [    0.000000] ACPI: RSDP 0x00000000000F68B0 000014 (v00 BOCHS )
[STDERR  ] 2018-01-19T14:03:20.254112395Z: [    0.000000] ACPI: RSDT 0x000000003FFE20A8 000034 (v01 BOCHS  BXPCRSDT 00000001 BXPC 00000001)
[STDERR  ] 2018-01-19T14:03:20.254118953Z: [    0.000000] ACPI: FACP 0x000000003FFE1EC8 0000F4 (v03 BOCHS  BXPCFACP 00000001 BXPC 00000001)
[STDERR  ] 2018-01-19T14:03:20.254134626Z: [    0.000000] ACPI: DSDT 0x000000003FFE0040 001E88 (v01 BOCHS  BXPCDSDT 00000001 BXPC 00000001)
[STDERR  ] 2018-01-19T14:03:20.254140553Z: [    0.000000] ACPI: FACS 0x000000003FFE0000 000040
[STDERR  ] 2018-01-19T14:03:20.254146334Z: [    0.000000] ACPI: APIC 0x000000003FFE1FBC 000078 (v01 BOCHS  BXPCAPIC 00000001 BXPC 00000001)
[STDERR  ] 2018-01-19T14:03:20.254152056Z: [    0.000000] ACPI: HPET 0x000000003FFE2034 000038 (v01 BOCHS  BXPCHPET 00000001 BXPC 00000001)
[STDERR  ] 2018-01-19T14:03:20.254157584Z: [    0.000000] ACPI: MCFG 0x000000003FFE206C 00003C (v01 BOCHS  BXPCMCFG 00000001 BXPC 00000001)
[STDERR  ] 2018-01-19T14:03:20.254163397Z: [    0.000000] kvm-clock: Using msrs 4b564d01 and 4b564d00
[STDERR  ] 2018-01-19T14:03:20.254169196Z: [    0.000000] kvm-clock: cpu 0, msr 0:3ffdd001, primary cpu clock
[STDERR  ] 2018-01-19T14:03:20.254175127Z: [    0.000000] clocksource: kvm-clock: mask: 0xffffffffffffffff max_cycles: 0x1cd42e4dffb, max_idle_ns: 881590591483 ns
[STDERR  ] 2018-01-19T14:03:20.254184738Z: [    0.000000] Zone ranges:
[STDERR  ] 2018-01-19T14:03:20.254191491Z: [    0.000000]   DMA      [mem 0x0000000000001000-0x0000000000ffffff]
[STDERR  ] 2018-01-19T14:03:20.254197771Z: [    0.000000]   DMA32    [mem 0x0000000001000000-0x000000003ffdefff]
[STDERR  ] 2018-01-19T14:03:20.25420387Z: [    0.000000]   Normal   empty
[STDERR  ] 2018-01-19T14:03:20.254209772Z: [    0.000000] Movable zone start for each node
[STDERR  ] 2018-01-19T14:03:20.25421563Z: [    0.000000] Early memory node ranges
[STDERR  ] 2018-01-19T14:03:20.254221192Z: [    0.000000]   node   0: [mem 0x0000000000001000-0x000000000009efff]
[STDERR  ] 2018-01-19T14:03:20.254226944Z: [    0.000000]   node   0: [mem 0x0000000000100000-0x000000003ffdefff]
[STDERR  ] 2018-01-19T14:03:20.254232428Z: [    0.000000] Initmem setup node 0 [mem 0x0000000000001000-0x000000003ffdefff]
[STDERR  ] 2018-01-19T14:03:20.254238183Z: [    0.000000] ACPI: PM-Timer IO Port: 0x608
[STDERR  ] 2018-01-19T14:03:20.25424389Z: [    0.000000] ACPI: LAPIC_NMI (acpi_id[0xff] dfl dfl lint[0x1])
[STDERR  ] 2018-01-19T14:03:20.254249597Z: [    0.000000] IOAPIC[0]: apic_id 0, version 17, address 0xfec00000, GSI 0-23
[STDERR  ] 2018-01-19T14:03:20.254259751Z: [    0.000000] ACPI: INT_SRC_OVR (bus 0 bus_irq 0 global_irq 2 dfl dfl)
[STDERR  ] 2018-01-19T14:03:20.254266548Z: [    0.000000] ACPI: INT_SRC_OVR (bus 0 bus_irq 5 global_irq 5 high level)
[STDERR  ] 2018-01-19T14:03:20.254272772Z: [    0.000000] ACPI: INT_SRC_OVR (bus 0 bus_irq 9 global_irq 9 high level)
[STDERR  ] 2018-01-19T14:03:20.254278254Z: [    0.000000] ACPI: INT_SRC_OVR (bus 0 bus_irq 10 global_irq 10 high level)
[STDERR  ] 2018-01-19T14:03:20.254286371Z: [    0.000000] ACPI: INT_SRC_OVR (bus 0 bus_irq 11 global_irq 11 high level)
[STDERR  ] 2018-01-19T14:03:20.254292148Z: [    0.000000] Using ACPI (MADT) for SMP configuration information
[STDERR  ] 2018-01-19T14:03:20.254302405Z: [    0.000000] ACPI: HPET id: 0x8086a201 base: 0xfed00000
[STDERR  ] 2018-01-19T14:03:20.254308198Z: [    0.000000] smpboot: Allowing 1 CPUs, 0 hotplug CPUs
[STDERR  ] 2018-01-19T14:03:20.254314385Z: [    0.000000] e820: [mem 0x40000000-0xafffffff] available for PCI devices
[STDERR  ] 2018-01-19T14:03:20.254320114Z: [    0.000000] Booting paravirtualized kernel on KVM
[STDERR  ] 2018-01-19T14:03:20.254325979Z: [    0.000000] clocksource: refined-jiffies: mask: 0xffffffff max_cycles: 0xffffffff, max_idle_ns: 19112604462750000 ns
[STDERR  ] 2018-01-19T14:03:20.254336844Z: [    0.000000] setup_percpu: NR_CPUS:128 nr_cpumask_bits:128 nr_cpu_ids:1 nr_node_ids:1
[STDERR  ] 2018-01-19T14:03:20.254342657Z: [    0.000000] PERCPU: Embedded 33 pages/cpu @ffff88003e600000 s97048 r8192 d29928 u2097152
[STDERR  ] 2018-01-19T14:03:20.254348536Z: [    0.000000] KVM setup async PF for cpu 0
[STDERR  ] 2018-01-19T14:03:20.254354376Z: [    0.000000] kvm-stealtime: cpu 0, msr 3e60fdc0
[STDERR  ] 2018-01-19T14:03:20.254363432Z: [    0.000000] Built 1 zonelists in Zone order, mobility grouping on.  Total pages: 257895
[STDERR  ] 2018-01-19T14:03:20.254369338Z: [    0.000000] Kernel command line: console=ttyS0 console=ttyAMA0
[STDERR  ] 2018-01-19T14:03:20.254375074Z: [    0.000000] PID hash table entries: 4096 (order: 3, 32768 bytes)
[STDERR  ] 2018-01-19T14:03:20.254380664Z: [    0.000000] Dentry cache hash table entries: 131072 (order: 8, 1048576 bytes)
[STDERR  ] 2018-01-19T14:03:20.254386823Z: [    0.000000] Inode-cache hash table entries: 65536 (order: 7, 524288 bytes)
[STDERR  ] 2018-01-19T14:03:20.254393144Z: [    0.000000] Memory: 991880K/1048052K available (7636K kernel code, 1278K rwdata, 2704K rodata, 1316K init, 688K bss, 56172K reserved, 0K cma-reserved)
[STDERR  ] 2018-01-19T14:03:20.254399563Z: [    0.000000] Kernel/User page tables isolation: enabled
[STDERR  ] 2018-01-19T14:03:20.254405239Z: [    0.000000] Hierarchical RCU implementation.
[STDERR  ] 2018-01-19T14:03:20.254411059Z: [    0.000000] 	Build-time adjustment of leaf fanout to 64.
[STDERR  ] 2018-01-19T14:03:20.254416619Z: [    0.000000] 	RCU restricting CPUs from NR_CPUS=128 to nr_cpu_ids=1.
[STDERR  ] 2018-01-19T14:03:20.254425291Z: [    0.000000] RCU: Adjusting geometry for rcu_fanout_leaf=64, nr_cpu_ids=1
[STDERR  ] 2018-01-19T14:03:20.25443101Z: [    0.000000] NR_IRQS:8448 nr_irqs:256 16
[STDERR  ] 2018-01-19T14:03:20.254436934Z: [    0.000000] Console: colour VGA+ 80x25
[STDERR  ] 2018-01-19T14:03:20.254442694Z: [    0.000000] console [ttyS0] enabled
[STDERR  ] 2018-01-19T14:03:20.254448317Z: [    0.000000] clocksource: hpet: mask: 0xffffffff max_cycles: 0xffffffff, max_idle_ns: 19112604467 ns
[STDERR  ] 2018-01-19T14:03:20.254459352Z: [    0.000000] tsc: Detected 2299.998 MHz processor
[STDERR  ] 2018-01-19T14:03:20.254465001Z: [    0.020000] Calibrating delay loop (skipped) preset value.. 4599.99 BogoMIPS (lpj=22999980)
[STDERR  ] 2018-01-19T14:03:20.25447077Z: [    0.022958] pid_max: default: 32768 minimum: 301
[STDERR  ] 2018-01-19T14:03:20.254476428Z: [    0.027640] ACPI: Core revision 20150930
[STDERR  ] 2018-01-19T14:03:20.254482059Z: [    0.030762] ACPI: 1 ACPI AML tables successfully acquired and loaded
[STDERR  ] 2018-01-19T14:03:20.25448809Z: [    0.037640] Security Framework initialized
[STDERR  ] 2018-01-19T14:03:20.254494045Z: [    0.040032] Yama: becoming mindful.
[STDERR  ] 2018-01-19T14:03:20.254499557Z: [    0.043759] Mount-cache hash table entries: 2048 (order: 2, 16384 bytes)
[STDERR  ] 2018-01-19T14:03:20.254505843Z: [    0.050040] Mountpoint-cache hash table entries: 2048 (order: 2, 16384 bytes)
[STDERR  ] 2018-01-19T14:03:20.254511479Z: [    0.060254] Initializing cgroup subsys io
[STDERR  ] 2018-01-19T14:03:20.254517197Z: [    0.064367] Initializing cgroup subsys memory
[STDERR  ] 2018-01-19T14:03:20.254522794Z: [    0.070053] Initializing cgroup subsys devices
[STDERR  ] 2018-01-19T14:03:20.25453347Z: [    0.074974] Initializing cgroup subsys freezer
[STDERR  ] 2018-01-19T14:03:20.254539314Z: [    0.080043] Initializing cgroup subsys net_cls
[STDERR  ] 2018-01-19T14:03:20.254545008Z: [    0.085024] Initializing cgroup subsys perf_event
[STDERR  ] 2018-01-19T14:03:20.254550734Z: [    0.090030] Initializing cgroup subsys net_prio
[STDERR  ] 2018-01-19T14:03:20.254556374Z: [    0.094986] Initializing cgroup subsys hugetlb
[STDERR  ] 2018-01-19T14:03:20.25456213Z: [    0.100041] Initializing cgroup subsys pids
[STDERR  ] 2018-01-19T14:03:20.25456785Z: [    0.105864] CPU: Physical Processor ID: 0
[STDERR  ] 2018-01-19T14:03:20.254574127Z: [    0.110225] Last level iTLB entries: 4KB 0, 2MB 0, 4MB 0
[STDERR  ] 2018-01-19T14:03:20.254579867Z: [    0.120028] Last level dTLB entries: 4KB 0, 2MB 0, 4MB 0, 1GB 0
[STDERR  ] 2018-01-19T14:03:20.254585664Z: [    0.233861] Freeing SMP alternatives memory: 20K
[STDERR  ] 2018-01-19T14:03:20.254591223Z: [    0.270024] ftrace: allocating 33453 entries in 131 pages
[STDERR  ] 2018-01-19T14:03:20.254596905Z: [    0.303755] ..TIMER: vector=0x30 apic1=0 pin1=2 apic2=-1 pin2=-1
[STDERR  ] 2018-01-19T14:03:20.254605571Z: [    0.310000] smpboot: CPU0: Intel QEMU Virtual CPU version 2.5+ (family: 0x6, model: 0x6, stepping: 0x3)
[STDERR  ] 2018-01-19T14:03:20.254612497Z: [    0.310051] Performance Events: Broken PMU hardware detected, using software events only.
[STDERR  ] 2018-01-19T14:03:20.254618267Z: [    0.326347] Failed to access perfctr msr (MSR c2 is 0)
[STDERR  ] 2018-01-19T14:03:20.254623944Z: [    0.330322] x86: Booted up 1 node, 1 CPUs
[STDERR  ] 2018-01-19T14:03:20.254629541Z: [    0.334487] smpboot: Total of 1 processors activated (4599.99 BogoMIPS)
[STDERR  ] 2018-01-19T14:03:20.25463527Z: [    0.342027] devtmpfs: initialized
[STDERR  ] 2018-01-19T14:03:20.254640918Z: [    0.353417] clocksource: jiffies: mask: 0xffffffff max_cycles: 0xffffffff, max_idle_ns: 19112604462750000 ns
[STDERR  ] 2018-01-19T14:03:20.254646983Z: [    0.360046] futex hash table entries: 256 (order: 2, 16384 bytes)
[STDERR  ] 2018-01-19T14:03:20.254652777Z: [    0.370250] NET: Registered protocol family 16
[STDERR  ] 2018-01-19T14:03:20.254658574Z: [    0.375117] cpuidle: using governor ladder
[STDERR  ] 2018-01-19T14:03:20.254666956Z: [    0.379384] cpuidle: using governor menu
[STDERR  ] 2018-01-19T14:03:20.254672704Z: [    0.380265] ACPI: bus type PCI registered
[STDERR  ] 2018-01-19T14:03:20.254679597Z: [    0.384842] PCI: MMCONFIG for domain 0000 [bus 00-ff] at [mem 0xb0000000-0xbfffffff] (base 0xb0000000)
[STDERR  ] 2018-01-19T14:03:20.254685483Z: [    0.390012] PCI: MMCONFIG at [mem 0xb0000000-0xbfffffff] reserved in E820
[STDERR  ] 2018-01-19T14:03:20.254692251Z: [    0.400032] PCI: Using configuration type 1 for base access
[STDERR  ] 2018-01-19T14:03:20.254698101Z: [    0.411744] ACPI: Added _OSI(Module Device)
[STDERR  ] 2018-01-19T14:03:20.254703919Z: [    0.416928] ACPI: Added _OSI(Processor Device)
[STDERR  ] 2018-01-19T14:03:20.254709699Z: [    0.420008] ACPI: Added _OSI(3.0 _SCP Extensions)
[STDERR  ] 2018-01-19T14:03:20.254722705Z: [    0.424882] ACPI: Added _OSI(Processor Aggregator Device)
[STDERR  ] 2018-01-19T14:03:20.254729283Z: [    0.434946] ACPI: Interpreter enabled
[STDERR  ] 2018-01-19T14:03:20.254735001Z: [    0.440018] ACPI: (supports S0 S5)
[STDERR  ] 2018-01-19T14:03:20.254740754Z: [    0.443497] ACPI: Using IOAPIC for interrupt routing
[STDERR  ] 2018-01-19T14:03:20.254746484Z: [    0.450083] PCI: Using host bridge windows from ACPI; if necessary, use "pci=nocrs" and report a bug
[STDERR  ] 2018-01-19T14:03:20.25475747Z: [    0.463115] ACPI: PCI Root Bridge [PCI0] (domain 0000 [bus 00-ff])
[STDERR  ] 2018-01-19T14:03:20.254763257Z: [    0.470020] acpi PNP0A08:00: _OSC: OS supports [ExtendedConfig ASPM ClockPM Segments MSI]
[STDERR  ] 2018-01-19T14:03:20.254769194Z: [    0.478871] acpi PNP0A08:00: _OSC: OS now controls [PCIeHotplug PME PCIeCapability]
[STDERR  ] 2018-01-19T14:03:20.254774854Z: [    0.480103] PCI host bridge to bus 0000:00
[STDERR  ] 2018-01-19T14:03:20.254780618Z: [    0.490016] pci_bus 0000:00: root bus resource [io  0x0000-0x0cf7 window]
[STDERR  ] 2018-01-19T14:03:20.254786767Z: [    0.496922] pci_bus 0000:00: root bus resource [io  0x0d00-0xffff window]
[STDERR  ] 2018-01-19T14:03:20.254792688Z: [    0.500016] pci_bus 0000:00: root bus resource [mem 0x000a0000-0x000bffff window]
[STDERR  ] 2018-01-19T14:03:20.25479819Z: [    0.510015] pci_bus 0000:00: root bus resource [mem 0xc0000000-0xfebfffff window]
[STDERR  ] 2018-01-19T14:03:20.254803934Z: [    0.520016] pci_bus 0000:00: root bus resource [bus 00-ff]
[STDERR  ] 2018-01-19T14:03:20.254813619Z: [    0.656716] pci 0000:00:1f.0: quirk: [io  0x0600-0x067f] claimed by ICH6 ACPI/GPIO/TCO
[STDERR  ] 2018-01-19T14:03:20.254819607Z: [    0.728048] ACPI: PCI Interrupt Link [LNKA] (IRQs 5 *10 11)
[STDERR  ] 2018-01-19T14:03:20.254825239Z: [    0.732711] ACPI: PCI Interrupt Link [LNKB] (IRQs 5 *10 11)
[STDERR  ] 2018-01-19T14:03:20.254830964Z: [    0.742412] ACPI: PCI Interrupt Link [LNKC] (IRQs 5 10 *11)
[STDERR  ] 2018-01-19T14:03:20.254836654Z: [    0.749457] ACPI: PCI Interrupt Link [LNKD] (IRQs 5 10 *11)
[STDERR  ] 2018-01-19T14:03:20.254845334Z: [    0.752179] ACPI: PCI Interrupt Link [LNKE] (IRQs 5 *10 11)
[STDERR  ] 2018-01-19T14:03:20.254851052Z: [    0.762137] ACPI: PCI Interrupt Link [LNKF] (IRQs 5 *10 11)
[STDERR  ] 2018-01-19T14:03:20.254856684Z: [    0.771324] ACPI: PCI Interrupt Link [LNKG] (IRQs 5 10 *11)
[STDERR  ] 2018-01-19T14:03:20.254867017Z: [    0.778387] ACPI: PCI Interrupt Link [LNKH] (IRQs 5 10 *11)
[STDERR  ] 2018-01-19T14:03:20.25487277Z: [    0.782005] ACPI: PCI Interrupt Link [GSIA] (IRQs *16)
[STDERR  ] 2018-01-19T14:03:20.254878657Z: [    0.791068] ACPI: PCI Interrupt Link [GSIB] (IRQs *17)
[STDERR  ] 2018-01-19T14:03:20.254884314Z: [    0.797236] ACPI: PCI Interrupt Link [GSIC] (IRQs *18)
[STDERR  ] 2018-01-19T14:03:20.25489003Z: [    0.801086] ACPI: PCI Interrupt Link [GSID] (IRQs *19)
[STDERR  ] 2018-01-19T14:03:20.25489565Z: [    0.807345] ACPI: PCI Interrupt Link [GSIE] (IRQs *20)
[STDERR  ] 2018-01-19T14:03:20.254901384Z: [    0.811077] ACPI: PCI Interrupt Link [GSIF] (IRQs *21)
[STDERR  ] 2018-01-19T14:03:20.254906964Z: [    0.821109] ACPI: PCI Interrupt Link [GSIG] (IRQs *22)
[STDERR  ] 2018-01-19T14:03:20.254915399Z: [    0.827174] ACPI: PCI Interrupt Link [GSIH] (IRQs *23)
[STDERR  ] 2018-01-19T14:03:20.25492136Z: [    0.831440] ACPI: Enabled 1 GPEs in block 00 to 3F
[STDERR  ] 2018-01-19T14:03:20.254931145Z: [    0.840139] SCSI subsystem initialized
[STDERR  ] 2018-01-19T14:03:20.254936957Z: [    0.844199] ACPI: bus type USB registered
[STDERR  ] 2018-01-19T14:03:20.254942628Z: [    0.848456] usbcore: registered new interface driver usbfs
[STDERR  ] 2018-01-19T14:03:20.25494826Z: [    0.850056] usbcore: registered new interface driver hub
[STDERR  ] 2018-01-19T14:03:20.25495404Z: [    0.860053] usbcore: registered new device driver usb
[STDERR  ] 2018-01-19T14:03:20.254964744Z: [    0.865322] pps_core: LinuxPPS API ver. 1 registered
[STDERR  ] 2018-01-19T14:03:20.254970539Z: [    0.870009] pps_core: Software ver. 5.3.6 - Copyright 2005-2007 Rodolfo Giometti <giometti@linux.it>
[STDERR  ] 2018-01-19T14:03:20.254976412Z: [    0.879126] PTP clock support registered
[STDERR  ] 2018-01-19T14:03:20.254982015Z: [    0.880077] wmi: Mapper loaded
[STDERR  ] 2018-01-19T14:03:20.254987845Z: [    0.883357] PCI: Using ACPI for IRQ routing
[STDERR  ] 2018-01-19T14:03:20.254993452Z: [    1.306074] NetLabel: Initializing
[STDERR  ] 2018-01-19T14:03:20.254999145Z: [    1.309655] NetLabel:  domain hash size = 128
[STDERR  ] 2018-01-19T14:03:20.255004646Z: [    1.310009] NetLabel:  protocols = UNLABELED CIPSOv4
[STDERR  ] 2018-01-19T14:03:20.255010357Z: [    1.315151] NetLabel:  unlabeled traffic allowed by default
[STDERR  ] 2018-01-19T14:03:20.255015973Z: [    1.320182] HPET: 3 timers in total, 0 timers will be used for per-cpu timer
[STDERR  ] 2018-01-19T14:03:20.255021793Z: [    1.330145] hpet0: at MMIO 0xfed00000, IRQs 2, 8, 0
[STDERR  ] 2018-01-19T14:03:20.255027366Z: [    1.335718] hpet0: 3 comparators, 64-bit 100.000000 MHz counter
[STDERR  ] 2018-01-19T14:03:20.255033011Z: [    1.350042] amd_nb: Cannot enumerate AMD northbridges
[STDERR  ] 2018-01-19T14:03:20.255039008Z: [    1.355660] clocksource: Switched to clocksource kvm-clock
[STDERR  ] 2018-01-19T14:03:20.255044558Z: [    1.367510] FS-Cache: Loaded
[STDERR  ] 2018-01-19T14:03:20.255050277Z: [    1.370956] CacheFiles: Loaded
[STDERR  ] 2018-01-19T14:03:20.255055889Z: [    1.374490] pnp: PnP ACPI init
[STDERR  ] 2018-01-19T14:03:20.255061584Z: [    1.379106] pnp: PnP ACPI: found 5 devices
[STDERR  ] 2018-01-19T14:03:20.255067048Z: [    1.390156] clocksource: acpi_pm: mask: 0xffffff max_cycles: 0xffffff, max_idle_ns: 2085701024 ns
[STDERR  ] 2018-01-19T14:03:20.255072753Z: [    1.399806] NET: Registered protocol family 2
[STDERR  ] 2018-01-19T14:03:20.255078259Z: [    1.404954] TCP established hash table entries: 8192 (order: 4, 65536 bytes)
[STDERR  ] 2018-01-19T14:03:20.255083984Z: [    1.412810] TCP bind hash table entries: 8192 (order: 5, 131072 bytes)
[STDERR  ] 2018-01-19T14:03:20.255091668Z: [    1.419831] TCP: Hash tables configured (established 8192 bind 8192)
[STDERR  ] 2018-01-19T14:03:20.255101157Z: [    1.427101] UDP hash table entries: 512 (order: 2, 16384 bytes)
[STDERR  ] 2018-01-19T14:03:20.255106982Z: [    1.433172] UDP-Lite hash table entries: 512 (order: 2, 16384 bytes)
[STDERR  ] 2018-01-19T14:03:20.255113231Z: [    1.439641] NET: Registered protocol family 1
[STDERR  ] 2018-01-19T14:03:20.255118866Z: [    1.444778] Unpacking initramfs...
[STDERR  ] 2018-01-19T14:03:20.255124417Z: [    1.835650] Freeing initrd memory: 22152K
[STDERR  ] 2018-01-19T14:03:20.255129995Z: [    1.841152] PCLMULQDQ-NI instructions are not detected.
[STDERR  ] 2018-01-19T14:03:20.255140886Z: [    1.846590] AVX or AES-NI instructions are not detected.
[STDERR  ] 2018-01-19T14:03:20.255146604Z: [    1.852246] CPU feature 'AVX registers' is not supported.
[STDERR  ] 2018-01-19T14:03:20.255152325Z: [    1.857819] CPU feature 'AVX registers' is not supported.
[STDERR  ] 2018-01-19T14:03:20.255157866Z: [    1.863516] CPU feature 'AVX registers' is not supported.
[STDERR  ] 2018-01-19T14:03:20.255163624Z: [    1.869038] CPU feature 'AVX registers' is not supported.
[STDERR  ] 2018-01-19T14:03:20.255171885Z: [    1.874734] AVX2 or AES-NI instructions are not detected.
[STDERR  ] 2018-01-19T14:03:20.255177722Z: [    1.880469] AVX2 instructions are not detected.
[STDERR  ] 2018-01-19T14:03:20.255183368Z: [    1.885335] audit: initializing netlink subsys (disabled)
[STDERR  ] 2018-01-19T14:03:20.255188904Z: [    1.891328] audit: type=2000 audit(1516370592.473:1): initialized
[STDERR  ] 2018-01-19T14:03:20.255199051Z: [    1.898138] HugeTLB registered 2 MB page size, pre-allocated 0 pages
[STDERR  ] 2018-01-19T14:03:20.255205353Z: [    1.905430] VFS: Disk quotas dquot_6.6.0
[STDERR  ] 2018-01-19T14:03:20.255211079Z: [    1.909555] VFS: Dquot-cache hash table entries: 512 (order 0, 4096 bytes)
[STDERR  ] 2018-01-19T14:03:20.255216993Z: [    1.916812] squashfs: version 4.0 (2009/01/31) Phillip Lougher
[STDERR  ] 2018-01-19T14:03:20.255222808Z: [    1.923020] FS-Cache: Netfs 'cifs' registered for caching
[STDERR  ] 2018-01-19T14:03:20.255228549Z: [    1.928843] fuse init (API version 7.23)
[STDERR  ] 2018-01-19T14:03:20.255234195Z: [    1.933257] SGI XFS with ACLs, security attributes, no debug enabled
[STDERR  ] 2018-01-19T14:03:20.255239825Z: [    1.939971] 9p: Installing v9fs 9p2000 file system support
[STDERR  ] 2018-01-19T14:03:20.255245524Z: [    1.945817] FS-Cache: Netfs '9p' registered for caching
[STDERR  ] 2018-01-19T14:03:20.255251112Z: [    1.951477] Key type big_key registered
[STDERR  ] 2018-01-19T14:03:20.255256679Z: [    1.956509] NET: Registered protocol family 38
[STDERR  ] 2018-01-19T14:03:20.255266259Z: [    1.961386] Key type asymmetric registered
[STDERR  ] 2018-01-19T14:03:20.255272211Z: [    1.965721] Asymmetric key parser 'x509' registered
[STDERR  ] 2018-01-19T14:03:20.255277935Z: [    1.971016] Block layer SCSI generic (bsg) driver version 0.4 loaded (major 251)
[STDERR  ] 2018-01-19T14:03:20.25528342Z: [    1.978735] io scheduler noop registered
[STDERR  ] 2018-01-19T14:03:20.2552891Z: [    1.983177] io scheduler deadline registered (default)
[STDERR  ] 2018-01-19T14:03:20.255294799Z: [    1.988613] io scheduler cfq registered
[STDERR  ] 2018-01-19T14:03:20.255300335Z: [    1.993164] pci_hotplug: PCI Hot Plug PCI Core version: 0.5
[STDERR  ] 2018-01-19T14:03:20.255305972Z: [    1.998967] pciehp: PCI Express Hot Plug Controller Driver version: 0.4
[STDERR  ] 2018-01-19T14:03:20.255311809Z: [    2.006037] shpchp: Standard Hot Plug PCI Controller Driver version: 0.4
[STDERR  ] 2018-01-19T14:03:20.255318838Z: [    2.013041] hv_vmbus: registering driver hyperv_fb
[STDERR  ] 2018-01-19T14:03:20.255324426Z: [    2.018182] input: Power Button as /devices/LNXSYSTM:00/LNXPWRBN:00/input/input0
[STDERR  ] 2018-01-19T14:03:20.255330379Z: [    2.025983] ACPI: Power Button [PWRF]
[STDERR  ] 2018-01-19T14:03:20.255336099Z: [    2.030464] GHES: HEST is not enabled!
[STDERR  ] 2018-01-19T14:03:20.255346417Z: [    2.034883] ACPI: PCI Interrupt Link [GSIG] enabled at IRQ 22
[STDERR  ] 2018-01-19T14:03:20.255355037Z: [    2.048801] ACPI: PCI Interrupt Link [GSIH] enabled at IRQ 23
[STDERR  ] 2018-01-19T14:03:20.255360877Z: [    2.063289] xenfs: not registering filesystem on non-xen platform
[STDERR  ] 2018-01-19T14:03:20.255366593Z: [    2.070030] Serial: 8250/16550 driver, 4 ports, IRQ sharing disabled
[STDERR  ] 2018-01-19T14:03:20.255372264Z: [    2.111218] 00:04: ttyS0 at I/O 0x3f8 (irq = 4, base_baud = 115200) is a 16550A
[STDERR  ] 2018-01-19T14:03:20.255378586Z: [    2.120190] Non-volatile memory driver v1.3
[STDERR  ] 2018-01-19T14:03:20.255384308Z: [    2.126612] Hangcheck: starting hangcheck timer 0.9.1 (tick is 180 seconds, margin is 60 seconds).
[STDERR  ] 2018-01-19T14:03:20.255389902Z: [    2.136698] random: nonblocking pool is initialized
[STDERR  ] 2018-01-19T14:03:20.255395491Z: [    2.144664] loop: module loaded
[STDERR  ] 2018-01-19T14:03:20.255401217Z: [    2.148445] nbd: registered device at major 43
[STDERR  ] 2018-01-19T14:03:20.255406795Z: [    2.155443] lpc_ich 0000:00:1f.0: I/O space for GPIO uninitialized
[STDERR  ] 2018-01-19T14:03:20.255413028Z: [    2.162373] VMware PVSCSI driver - version 1.0.5.0-k
[STDERR  ] 2018-01-19T14:03:20.255421451Z: [    2.168173] hv_vmbus: registering driver hv_storvsc
[STDERR  ] 2018-01-19T14:03:20.2554271Z: [    2.174515] ACPI: PCI Interrupt Link [GSIA] enabled at IRQ 16
[STDERR  ] 2018-01-19T14:03:20.255432752Z: [    2.185677] ahci 0000:00:1f.2: AHCI 0001.0000 32 slots 6 ports 1.5 Gbps 0x3f impl SATA mode
[STDERR  ] 2018-01-19T14:03:20.255443258Z: [    2.194811] ahci 0000:00:1f.2: flags: 64bit ncq only 
[STDERR  ] 2018-01-19T14:03:20.255449091Z: [    2.204104] scsi host0: ahci
[STDERR  ] 2018-01-19T14:03:20.255454648Z: [    2.207440] scsi host1: ahci
[STDERR  ] 2018-01-19T14:03:20.255460319Z: [    2.211003] scsi host2: ahci
[STDERR  ] 2018-01-19T14:03:20.255465939Z: [    2.214375] scsi host3: ahci
[STDERR  ] 2018-01-19T14:03:20.255471475Z: [    2.217706] scsi host4: ahci
[STDERR  ] 2018-01-19T14:03:20.255476938Z: [    2.220965] scsi host5: ahci
[STDERR  ] 2018-01-19T14:03:20.25548252Z: [    2.224128] ata1: SATA max UDMA/133 abar m4096@0xfebd2000 port 0xfebd2100 irq 24
[STDERR  ] 2018-01-19T14:03:20.255488465Z: [    2.232138] ata2: SATA max UDMA/133 abar m4096@0xfebd2000 port 0xfebd2180 irq 24
[STDERR  ] 2018-01-19T14:03:20.255494709Z: [    2.240801] ata3: SATA max UDMA/133 abar m4096@0xfebd2000 port 0xfebd2200 irq 24
[STDERR  ] 2018-01-19T14:03:20.255500779Z: [    2.248488] ata4: SATA max UDMA/133 abar m4096@0xfebd2000 port 0xfebd2280 irq 24
[STDERR  ] 2018-01-19T14:03:20.255506811Z: [    2.256232] ata5: SATA max UDMA/133 abar m4096@0xfebd2000 port 0xfebd2300 irq 24
[STDERR  ] 2018-01-19T14:03:20.255513913Z: [    2.263836] ata6: SATA max UDMA/133 abar m4096@0xfebd2000 port 0xfebd2380 irq 24
[STDERR  ] 2018-01-19T14:03:20.255519852Z: [    2.273175] tun: Universal TUN/TAP device driver, 1.6
[STDERR  ] 2018-01-19T14:03:20.255525532Z: [    2.278259] tun: (C) 1999-2004 Max Krasnyansky <maxk@qualcomm.com>
[STDERR  ] 2018-01-19T14:03:20.255531238Z: [    2.289250] VMware vmxnet3 virtual NIC driver - version 1.4.5.0-k-NAPI
[STDERR  ] 2018-01-19T14:03:20.255536785Z: [    2.296705] hv_vmbus: registering driver hv_netvsc
[STDERR  ] 2018-01-19T14:03:20.255552046Z: [    2.301697] Fusion MPT base driver 3.04.20
[STDERR  ] 2018-01-19T14:03:20.255558609Z: [    2.305875] Copyright (c) 1999-2008 LSI Corporation
[STDERR  ] 2018-01-19T14:03:20.255564379Z: [    2.310927] Fusion MPT SPI Host driver 3.04.20
[STDERR  ] 2018-01-19T14:03:20.255570068Z: [    2.315554] i8042: PNP: PS/2 Controller [PNP0303:KBD,PNP0f13:MOU] at 0x60,0x64 irq 1,12
[STDERR  ] 2018-01-19T14:03:20.255576312Z: [    2.327185] serio: i8042 KBD port at 0x60,0x64 irq 1
[STDERR  ] 2018-01-19T14:03:20.255581855Z: [    2.332317] serio: i8042 AUX port at 0x60,0x64 irq 12
[STDERR  ] 2018-01-19T14:03:20.255587479Z: [    2.337741] hv_vmbus: registering driver hyperv_keyboard
[STDERR  ] 2018-01-19T14:03:20.255592919Z: [    2.343359] mousedev: PS/2 mouse device common for all mice
[STDERR  ] 2018-01-19T14:03:20.25560202Z: [    2.350963] input: AT Translated Set 2 keyboard as /devices/platform/i8042/serio0/input/input1
[STDERR  ] 2018-01-19T14:03:20.255607902Z: [    2.359791] input: PC Speaker as /devices/platform/pcspkr/input/input2
[STDERR  ] 2018-01-19T14:03:20.255613738Z: [    2.367450] rtc_cmos 00:00: RTC can wake from S4
[STDERR  ] 2018-01-19T14:03:20.255619339Z: [    2.373833] rtc_cmos 00:00: rtc core: registered rtc_cmos as rtc0
[STDERR  ] 2018-01-19T14:03:20.25562506Z: [    2.380940] rtc_cmos 00:00: alarms up to one day, y3k, 114 bytes nvram, hpet irqs
[STDERR  ] 2018-01-19T14:03:20.255631517Z: [    2.389019] i2c /dev entries driver
[STDERR  ] 2018-01-19T14:03:20.255637304Z: [    2.393149] device-mapper: ioctl: 4.34.0-ioctl (2015-10-28) initialised: dm-devel@redhat.com
[STDERR  ] 2018-01-19T14:03:20.255642957Z: [    2.402743] usbcore: registered new interface driver usbhid
[STDERR  ] 2018-01-19T14:03:20.255648715Z: [    2.408638] usbhid: USB HID core driver
[STDERR  ] 2018-01-19T14:03:20.255654235Z: [    2.412896] hv_utils: Registering HyperV Utility Driver
[STDERR  ] 2018-01-19T14:03:20.255660026Z: [    2.418576] hv_vmbus: registering driver hv_util
[STDERR  ] 2018-01-19T14:03:20.255673272Z: [    2.423743] hv_vmbus: registering driver hv_balloon
[STDERR  ] 2018-01-19T14:03:20.255679365Z: [    2.429201] oprofile: using NMI interrupt.
[STDERR  ] 2018-01-19T14:03:20.25568507Z: [    2.433976] GACT probability on
[STDERR  ] 2018-01-19T14:03:20.255690796Z: [    2.437394] Mirror/redirect action on
[STDERR  ] 2018-01-19T14:03:20.255696261Z: [    2.441299] Simple TC action Loaded
[STDERR  ] 2018-01-19T14:03:20.255701947Z: [    2.445173] u32 classifier
[STDERR  ] 2018-01-19T14:03:20.255707589Z: [    2.448176]     Performance counters on
[STDERR  ] 2018-01-19T14:03:20.255713145Z: [    2.452218]     input device check on
[STDERR  ] 2018-01-19T14:03:20.255724006Z: [    2.455968]     Actions configured
[STDERR  ] 2018-01-19T14:03:20.255729685Z: [    2.459439] Netfilter messages via NETLINK v0.30.
[STDERR  ] 2018-01-19T14:03:20.255735267Z: [    2.464375] nfnl_acct: registering with nfnetlink.
[STDERR  ] 2018-01-19T14:03:20.2557411Z: [    2.469250] nf_conntrack version 0.5.0 (7922 buckets, 31688 max)
[STDERR  ] 2018-01-19T14:03:20.255746946Z: [    2.476143] ctnetlink v0.93: registering with nfnetlink.
[STDERR  ] 2018-01-19T14:03:20.255757087Z: [    2.482351] nf_tables: (c) 2007-2009 Patrick McHardy <kaber@trash.net>
[STDERR  ] 2018-01-19T14:03:20.255763743Z: [    2.488998] nf_tables_compat: (c) 2012 Pablo Neira Ayuso <pablo@netfilter.org>
[STDERR  ] 2018-01-19T14:03:20.255769796Z: [    2.497090] xt_time: kernel timezone is -0000
[STDERR  ] 2018-01-19T14:03:20.255775494Z: [    2.502220] ip_set: protocol 6
[STDERR  ] 2018-01-19T14:03:20.255781209Z: [    2.505490] IPVS: Registered protocols (TCP, UDP, SCTP, AH, ESP)
[STDERR  ] 2018-01-19T14:03:20.255786847Z: [    2.511869] IPVS: Connection hash table configured (size=4096, memory=64Kbytes)
[STDERR  ] 2018-01-19T14:03:20.255792787Z: [    2.520864] IPVS: Creating netns size=2096 id=0
[STDERR  ] 2018-01-19T14:03:20.255798447Z: [    2.526473] IPVS: ipvs loaded.
[STDERR  ] 2018-01-19T14:03:20.255804269Z: [    2.529852] IPVS: [rr] scheduler registered.
[STDERR  ] 2018-01-19T14:03:20.25581414Z: [    2.534692] IPVS: [wrr] scheduler registered.
[STDERR  ] 2018-01-19T14:03:20.255819863Z: [    2.539570] IPVS: [lc] scheduler registered.
[STDERR  ] 2018-01-19T14:03:20.255825538Z: [    2.544803] IPVS: [wlc] scheduler registered.
[STDERR  ] 2018-01-19T14:03:20.255831301Z: [    2.549190] IPVS: [fo] scheduler registered.
[STDERR  ] 2018-01-19T14:03:20.255836766Z: [    2.553624] IPVS: [ovf] scheduler registered.
[STDERR  ] 2018-01-19T14:03:20.255842443Z: [    2.558387] IPVS: [lblc] scheduler registered.
[STDERR  ] 2018-01-19T14:03:20.255849807Z: [    2.563362] IPVS: [lblcr] scheduler registered.
[STDERR  ] 2018-01-19T14:03:20.255855853Z: [    2.567938] IPVS: [dh] scheduler registered.
[STDERR  ] 2018-01-19T14:03:20.255861654Z: [    2.572550] IPVS: [sh] scheduler registered.
[STDERR  ] 2018-01-19T14:03:20.25587054Z: [    2.576873] IPVS: [sed] scheduler registered.
[STDERR  ] 2018-01-19T14:03:20.255876307Z: [    2.581697] IPVS: [nq] scheduler registered.
[STDERR  ] 2018-01-19T14:03:20.255882166Z: [    2.586135] IPVS: ftp: loaded support on port[0] = 21
[STDERR  ] 2018-01-19T14:03:20.255887812Z: [    2.591395] ipip: IPv4 over IPv4 tunneling driver
[STDERR  ] 2018-01-19T14:03:20.255893629Z: [    2.596372] gre: GRE over IPv4 demultiplexor driver
[STDERR  ] 2018-01-19T14:03:20.255899293Z: [    2.602058] ip_tables: (C) 2000-2006 Netfilter Core Team
[STDERR  ] 2018-01-19T14:03:20.255905026Z: [    2.607668] ipt_CLUSTERIP: ClusterIP Version 0.8 loaded successfully
[STDERR  ] 2018-01-19T14:03:20.255910663Z: [    2.614220] arp_tables: (C) 2002 David S. Miller
[STDERR  ] 2018-01-19T14:03:20.255916403Z: [    2.619709] NET: Registered protocol family 10
[STDERR  ] 2018-01-19T14:03:20.255922023Z: [    2.624800] ata1: SATA link down (SStatus 0 SControl 300)
[STDERR  ] 2018-01-19T14:03:20.255930234Z: [    2.631009] ata2: SATA link down (SStatus 0 SControl 300)
[STDERR  ] 2018-01-19T14:03:20.255937927Z: [    2.637203] ata3: SATA link up 1.5 Gbps (SStatus 113 SControl 300)
[STDERR  ] 2018-01-19T14:03:20.255946412Z: [    2.644526] ata4: SATA link down (SStatus 0 SControl 300)
[STDERR  ] 2018-01-19T14:03:20.255952292Z: [    2.651048] ata5: SATA link down (SStatus 0 SControl 300)
[STDERR  ] 2018-01-19T14:03:20.255957998Z: [    2.657417] ata6: SATA link down (SStatus 0 SControl 300)
[STDERR  ] 2018-01-19T14:03:20.255965296Z: [    2.663716] ip6_tables: (C) 2000-2006 Netfilter Core Team
[STDERR  ] 2018-01-19T14:03:20.255971253Z: [    2.669869] ata3.00: ATAPI: QEMU DVD-ROM, 2.5+, max UDMA/100
[STDERR  ] 2018-01-19T14:03:20.255976967Z: [    2.675735] ata3.00: applying bridge limits
[STDERR  ] 2018-01-19T14:03:20.255982779Z: [    2.680737] NET: Registered protocol family 17
[STDERR  ] 2018-01-19T14:03:20.25598842Z: [    2.685502] bridge: automatic filtering via arp/ip/ip6tables has been deprecated. Update your scripts to load br_netfilter if you need this.
[STDERR  ] 2018-01-19T14:03:20.255994973Z: [    2.699827] ata3.00: configured for UDMA/100
[STDERR  ] 2018-01-19T14:03:20.256000698Z: [    2.705479] scsi 2:0:0:0: CD-ROM            QEMU     QEMU DVD-ROM     2.5+ PQ: 0 ANSI: 5
[STDERR  ] 2018-01-19T14:03:20.256006543Z: [    2.714257] Bridge firewalling registered
[STDERR  ] 2018-01-19T14:03:20.25601201Z: [    2.718555] Ebtables v2.0 registered
[STDERR  ] 2018-01-19T14:03:20.256017733Z: [    2.723789] 8021q: 802.1Q VLAN Support v1.8
[STDERR  ] 2018-01-19T14:03:20.256023326Z: [    2.728396] 9pnet: Installing 9P2000 support
[STDERR  ] 2018-01-19T14:03:20.256031278Z: [    2.733947] sr 2:0:0:0: [sr0] scsi3-mmc drive: 4x/4x cd/rw xa/form2 tray
[STDERR  ] 2018-01-19T14:03:20.256037626Z: [    2.741518] cdrom: Uniform CD-ROM driver Revision: 3.20
[STDERR  ] 2018-01-19T14:03:20.256043378Z: [    2.747490] Key type dns_resolver registered
[STDERR  ] 2018-01-19T14:03:20.256048994Z: [    2.752955] microcode: CPU0 sig=0x663, pf=0x1, revision=0x1
[STDERR  ] 2018-01-19T14:03:20.256054763Z: [    2.759452] sr 2:0:0:0: Attached scsi generic sg0 type 5
[STDERR  ] 2018-01-19T14:03:20.256060326Z: [    2.765415] microcode: Microcode Update Driver: v2.01 <tigran@aivazian.fsnet.co.uk>, Peter Oruba
[STDERR  ] 2018-01-19T14:03:20.25606612Z: [    2.774533] registered taskstats version 1
[STDERR  ] 2018-01-19T14:03:20.256073693Z: [    2.784043] Key type encrypted registered
[STDERR  ] 2018-01-19T14:03:20.256079473Z: [    2.790567] rtc_cmos 00:00: setting system clock to 2018-01-19 14:03:14 UTC (1516370594)
[STDERR  ] 2018-01-19T14:03:20.256085146Z: [    2.802440] Freeing unused kernel memory: 1316K
[STDERR  ] 2018-01-19T14:03:20.256090681Z: [    2.807485] Write protecting the kernel read-only data: 12288k
[STDERR  ] 2018-01-19T14:03:20.256096306Z: [    2.814056] Freeing unused kernel memory: 544K
[STDERR  ] 2018-01-19T14:03:20.256101894Z: [    2.823173] Freeing unused kernel memory: 1392K
[STDERR  ] 2018-01-19T14:03:20.256107414Z: 
[STDERR  ] 2018-01-19T14:03:20.256112919Z: Welcome to LinuxKit
[STDERR  ] 2018-01-19T14:03:20.256122087Z: 
[STDERR  ] 2018-01-19T14:03:20.256127812Z:                         ##         .
[STDERR  ] 2018-01-19T14:03:20.256133421Z:                   ## ## ##        ==
[STDERR  ] 2018-01-19T14:03:20.256138972Z:                ## ## ## ## ##    ===
[STDERR  ] 2018-01-19T14:03:20.256144373Z:            /"""""""""""""""""\___/ ===
[STDERR  ] 2018-01-19T14:03:20.256149858Z:           {                       /  ===-
[STDERR  ] 2018-01-19T14:03:20.256155314Z:            \______ O           __/
[STDERR  ] 2018-01-19T14:03:20.25616079Z:              \    \         __/
[STDERR  ] 2018-01-19T14:03:20.256166486Z:               \____\_______/
[STDERR  ] 2018-01-19T14:03:20.256171986Z: 
[STDERR  ] 2018-01-19T14:03:20.25617752Z: starting kernel config sanity test with /proc/config.gz
[STDERR  ] 2018-01-19T14:03:20.256183076Z: [    3.550395] RPC: Registered named UNIX socket transport module.
[STDERR  ] 2018-01-19T14:03:20.256188632Z: [    3.556807] RPC: Registered udp transport module.
[STDERR  ] 2018-01-19T14:03:20.256194105Z: [    3.562309] RPC: Registered tcp transport module.
[STDERR  ] 2018-01-19T14:03:20.256202269Z: [    3.567403] RPC: Registered tcp NFSv4.1 backchannel transport module.
[STDERR  ] 2018-01-19T14:03:20.256208601Z: [    3.591843] FS-Cache: Netfs 'nfs' registered for caching
[STDERR  ] 2018-01-19T14:03:20.256214165Z: [    3.616593] Installing knfsd (copyright (C) 1996 okir@monad.swb.de).
[STDERR  ] 2018-01-19T14:03:20.25622009Z: [    3.627704] ntfs: driver 2.1.32 [Flags: R/O MODULE].
[STDERR  ] 2018-01-19T14:03:20.25622571Z: kernel config test succeeded!
[STDERR  ] 2018-01-19T14:03:20.256231306Z: [37minfo: reading kernel config from /proc/config.gz ...[m
[STDERR  ] 2018-01-19T14:03:20.256236803Z: 
[STDERR  ] 2018-01-19T14:03:20.256242373Z: Generally Necessary:
[STDERR  ] 2018-01-19T14:03:20.256247907Z: - [37mcgroup hierarchy[m: [32mproperly mounted[m [/sys/fs/cgroup]
[STDERR  ] 2018-01-19T14:03:20.256253434Z: - [37mCONFIG_NAMESPACES[m: [32menabled[m
[STDERR  ] 2018-01-19T14:03:20.25625895Z: - [37mCONFIG_NET_NS[m: [32menabled[m
[STDERR  ] 2018-01-19T14:03:20.256264476Z: - [37mCONFIG_PID_NS[m: [32menabled[m
[STDERR  ] 2018-01-19T14:03:20.256269876Z: - [37mCONFIG_IPC_NS[m: [32menabled[m
[STDERR  ] 2018-01-19T14:03:20.256275387Z: - [37mCONFIG_UTS_NS[m: [32menabled[m
[STDERR  ] 2018-01-19T14:03:20.256280823Z: - [37mCONFIG_CGROUPS[m: [32menabled[m
[STDERR  ] 2018-01-19T14:03:20.256286298Z: - [37mCONFIG_CGROUP_CPUACCT[m: [32menabled[m
[STDERR  ] 2018-01-19T14:03:20.256291806Z: - [37mCONFIG_CGROUP_DEVICE[m: [32menabled[m
[STDERR  ] 2018-01-19T14:03:20.256297232Z: - [37mCONFIG_CGROUP_FREEZER[m: [32menabled[m
[STDERR  ] 2018-01-19T14:03:20.256302787Z: - [37mCONFIG_CGROUP_SCHED[m: [32menabled[m
[STDERR  ] 2018-01-19T14:03:20.25630827Z: - [37mCONFIG_CPUSETS[m: [32menabled[m
[STDERR  ] 2018-01-19T14:03:20.256319053Z: - [37mCONFIG_MEMCG[m: [32menabled[m
[STDERR  ] 2018-01-19T14:03:20.256324559Z: - [37mCONFIG_KEYS[m: [32menabled[m
[STDERR  ] 2018-01-19T14:03:20.256330081Z: - [37mCONFIG_VETH[m: [32menabled[m
[STDERR  ] 2018-01-19T14:03:20.256335546Z: - [37mCONFIG_BRIDGE[m: [32menabled[m
[STDERR  ] 2018-01-19T14:03:20.256341434Z: - [37mCONFIG_BRIDGE_NETFILTER[m: [32menabled[m
[STDERR  ] 2018-01-19T14:03:20.256346899Z: - [37mCONFIG_NF_NAT_IPV4[m: [32menabled[m
[STDERR  ] 2018-01-19T14:03:20.256352432Z: - [37mCONFIG_IP_NF_FILTER[m: [32menabled[m
[STDERR  ] 2018-01-19T14:03:20.256358169Z: - [37mCONFIG_IP_NF_TARGET_MASQUERADE[m: [32menabled[m
[STDERR  ] 2018-01-19T14:03:20.256363758Z: - [37mCONFIG_NETFILTER_XT_MATCH_ADDRTYPE[m: [32menabled[m
[STDERR  ] 2018-01-19T14:03:20.256376032Z: - [37mCONFIG_NETFILTER_XT_MATCH_CONNTRACK[m: [32menabled[m
[STDERR  ] 2018-01-19T14:03:20.25638175Z: - [37mCONFIG_NETFILTER_XT_MATCH_IPVS[m: [32menabled[m
[STDERR  ] 2018-01-19T14:03:20.25639207Z: - [37mCONFIG_IP_NF_NAT[m: [32menabled[m
[STDERR  ] 2018-01-19T14:03:20.256397865Z: - [37mCONFIG_NF_NAT[m: [32menabled[m
[STDERR  ] 2018-01-19T14:03:20.25640697Z: - [37mCONFIG_NF_NAT_NEEDED[m: [32menabled[m
[STDERR  ] 2018-01-19T14:03:20.256412653Z: - [37mCONFIG_POSIX_MQUEUE[m: [32menabled[m
[STDERR  ] 2018-01-19T14:03:20.256418458Z: - [37mCONFIG_DEVPTS_MULTIPLE_INSTANCES[m: [32menabled[m
[STDERR  ] 2018-01-19T14:03:20.256424098Z: 
[STDERR  ] 2018-01-19T14:03:20.256429641Z: Optional Features:
[STDERR  ] 2018-01-19T14:03:20.256435501Z: - [37mCONFIG_USER_NS[m: [32menabled[m
[STDERR  ] 2018-01-19T14:03:20.25644116Z: - [37mCONFIG_SECCOMP[m: [32menabled[m
[STDERR  ] 2018-01-19T14:03:20.256446722Z: - [37mCONFIG_CGROUP_PIDS[m: [32menabled[m
[STDERR  ] 2018-01-19T14:03:20.256452175Z: - [37mCONFIG_MEMCG_SWAP[m: [32menabled[m
[STDERR  ] 2018-01-19T14:03:20.256458179Z: - [37mCONFIG_MEMCG_SWAP_ENABLED[m: [32menabled[m
[STDERR  ] 2018-01-19T14:03:20.256472686Z:     [1;30m(cgroup swap accounting is currently enabled)[m
[STDERR  ] 2018-01-19T14:03:20.256478886Z: - [1mCONFIG_LEGACY_VSYSCALL_NONE[m: [1;31menabled[m
[STDERR  ] 2018-01-19T14:03:20.256484541Z:     [1;30m(containers using eglibc <= 2.13 will not work. Switch to[m
[STDERR  ] 2018-01-19T14:03:20.256493024Z:     [1;30m "CONFIG_VSYSCALL_[NATIVE|EMULATE]" or use "vsyscall=[native|emulate]"[m
[STDERR  ] 2018-01-19T14:03:20.256498753Z:     [1;30m on kernel command line. Note that this will disable ASLR for the,[m
[STDERR  ] 2018-01-19T14:03:20.256504382Z:     [1;30m VDSO which may assist in exploiting security vulnerabilities.)[m
[STDERR  ] 2018-01-19T14:03:20.256509877Z: - [37mCONFIG_MEMCG_KMEM[m: [32menabled[m
[STDERR  ] 2018-01-19T14:03:20.25651545Z: - [37mCONFIG_BLK_CGROUP[m: [32menabled[m
[STDERR  ] 2018-01-19T14:03:20.256521214Z: - [37mCONFIG_BLK_DEV_THROTTLING[m: [32menabled[m
[STDERR  ] 2018-01-19T14:03:20.256526844Z: - [37mCONFIG_IOSCHED_CFQ[m: [32menabled[m
[STDERR  ] 2018-01-19T14:03:20.256532411Z: - [37mCONFIG_CFQ_GROUP_IOSCHED[m: [32menabled[m
[STDERR  ] 2018-01-19T14:03:20.256542493Z: - [37mCONFIG_CGROUP_PERF[m: [32menabled[m
[STDERR  ] 2018-01-19T14:03:20.256548193Z: - [37mCONFIG_CGROUP_HUGETLB[m: [32menabled[m
[STDERR  ] 2018-01-19T14:03:20.256554307Z: - [37mCONFIG_NET_CLS_CGROUP[m: [32menabled[m
[STDERR  ] 2018-01-19T14:03:20.256559826Z: - [37mCONFIG_CGROUP_NET_PRIO[m: [32menabled[m
[STDERR  ] 2018-01-19T14:03:20.260610435Z: - [37mCONFIG_CFS_BANDWIDTH[m: [32menabled[m
[STDERR  ] 2018-01-19T14:03:20.260648791Z: - [37mCONFIG_FAIR_GROUP_SCHED[m: [32menabled[m
[STDERR  ] 2018-01-19T14:03:20.260659065Z: - [37mCONFIG_RT_GROUP_SCHED[m: [32menabled[m
[STDERR  ] 2018-01-19T14:03:20.260669376Z: - [37mCONFIG_IP_VS[m: [32menabled[m
[STDERR  ] 2018-01-19T14:03:20.260695559Z: - [37mCONFIG_IP_VS_NFCT[m: [32menabled[m
[STDERR  ] 2018-01-19T14:03:20.260706166Z: - [37mCONFIG_IP_VS_RR[m: [32menabled[m
[STDERR  ] 2018-01-19T14:03:20.260716838Z: - [37mCONFIG_EXT4_FS[m: [32menabled[m
[STDERR  ] 2018-01-19T14:03:20.260727519Z: - [37mCONFIG_EXT4_FS_POSIX_ACL[m: [32menabled[m
[STDERR  ] 2018-01-19T14:03:20.260737655Z: - [37mCONFIG_EXT4_FS_SECURITY[m: [32menabled[m
[STDERR  ] 2018-01-19T14:03:20.260747529Z: - Network Drivers:
[STDERR  ] 2018-01-19T14:03:20.260757335Z:   - "[34moverlay[m":
[STDERR  ] 2018-01-19T14:03:20.260767631Z:     - [37mCONFIG_VXLAN[m: [32menabled[m
[STDERR  ] 2018-01-19T14:03:20.260777866Z:       Optional (for encrypted networks):
[STDERR  ] 2018-01-19T14:03:20.260787622Z:       - [37mCONFIG_CRYPTO[m: [32menabled[m
[STDERR  ] 2018-01-19T14:03:20.260798071Z:       - [37mCONFIG_CRYPTO_AEAD[m: [32menabled[m
[STDERR  ] 2018-01-19T14:03:20.260808205Z:       - [37mCONFIG_CRYPTO_GCM[m: [32menabled[m
[STDERR  ] 2018-01-19T14:03:20.260831042Z:       - [37mCONFIG_CRYPTO_SEQIV[m: [32menabled[m
[STDERR  ] 2018-01-19T14:03:20.260842382Z:       - [37mCONFIG_CRYPTO_GHASH[m: [32menabled[m
[STDERR  ] 2018-01-19T14:03:20.260852522Z:       - [37mCONFIG_XFRM[m: [32menabled[m
[STDERR  ] 2018-01-19T14:03:20.260877129Z:       - [37mCONFIG_XFRM_USER[m: [32menabled (as module)[m
[STDERR  ] 2018-01-19T14:03:20.260900036Z:       - [37mCONFIG_XFRM_ALGO[m: [32menabled (as module)[m
[STDERR  ] 2018-01-19T14:03:20.260919471Z:       - [37mCONFIG_INET_ESP[m: [32menabled (as module)[m
[STDERR  ] 2018-01-19T14:03:20.260930109Z:       - [37mCONFIG_INET_XFRM_MODE_TRANSPORT[m: [32menabled (as module)[m
[STDERR  ] 2018-01-19T14:03:20.260941926Z:   - "[34mipvlan[m":
[STDERR  ] 2018-01-19T14:03:20.260952251Z:     - [37mCONFIG_IPVLAN[m: [32menabled[m
[STDERR  ] 2018-01-19T14:03:20.260961927Z:   - "[34mmacvlan[m":
[STDERR  ] 2018-01-19T14:03:20.260972229Z:     - [37mCONFIG_MACVLAN[m: [32menabled[m
[STDERR  ] 2018-01-19T14:03:20.260982116Z:     - [37mCONFIG_DUMMY[m: [32menabled (as module)[m
[STDERR  ] 2018-01-19T14:03:20.260992438Z:   - "[34mftp,tftp client in container[m":
[STDERR  ] 2018-01-19T14:03:20.261001833Z:     - [37mCONFIG_NF_NAT_FTP[m: [32menabled[m
[STDERR  ] 2018-01-19T14:03:20.261011485Z:     - [37mCONFIG_NF_CONNTRACK_FTP[m: [32menabled[m
[STDERR  ] 2018-01-19T14:03:20.261021924Z:     - [37mCONFIG_NF_NAT_TFTP[m: [32menabled[m
[STDERR  ] 2018-01-19T14:03:20.261036282Z:     - [37mCONFIG_NF_CONNTRACK_TFTP[m: [32menabled[m
[STDERR  ] 2018-01-19T14:03:20.261062455Z: - Storage Drivers:
[STDERR  ] 2018-01-19T14:03:20.261072598Z:   - "[34maufs[m":
[STDERR  ] 2018-01-19T14:03:20.261082747Z:     - [1mCONFIG_AUFS_FS[m: [1;31mmissing[m
[STDERR  ] 2018-01-19T14:03:20.261092079Z:   - "[34mbtrfs[m":
[STDERR  ] 2018-01-19T14:03:20.261102069Z:     - [37mCONFIG_BTRFS_FS[m: [32menabled (as module)[m
[STDERR  ] 2018-01-19T14:03:20.261112405Z:     - [37mCONFIG_BTRFS_FS_POSIX_ACL[m: [32menabled[m
[STDERR  ] 2018-01-19T14:03:20.261122512Z:   - "[34mdevicemapper[m":
[STDERR  ] 2018-01-19T14:03:20.261132842Z:     - [37mCONFIG_BLK_DEV_DM[m: [32menabled[m
[STDERR  ] 2018-01-19T14:03:20.261142425Z:     - [37mCONFIG_DM_THIN_PROVISIONING[m: [32menabled[m
[STDERR  ] 2018-01-19T14:03:20.261152542Z:   - "[34moverlay[m":
[STDERR  ] 2018-01-19T14:03:20.261162752Z:     - [37mCONFIG_OVERLAY_FS[m: [32menabled[m
[STDERR  ] 2018-01-19T14:03:20.261172439Z:   - "[34mzfs[m":
[STDERR  ] 2018-01-19T14:03:20.261182535Z:     - [1m/dev/zfs[m: [1;31mmissing[m
[STDERR  ] 2018-01-19T14:03:20.261191885Z:     - [1mzfs command[m: [1;31mmissing[m
[STDERR  ] 2018-01-19T14:03:20.261202526Z:     - [1mzpool command[m: [1;31mmissing[m
[STDERR  ] 2018-01-19T14:03:20.261212071Z: 
[STDERR  ] 2018-01-19T14:03:20.261249393Z: Limits:
[STDERR  ] 2018-01-19T14:03:20.261266322Z: [37m- /proc/sys/kernel/keys/root_maxkeys[m: [32m1000000[m
[STDERR  ] 2018-01-19T14:03:20.261276109Z: 
[STDERR  ] 2018-01-19T14:03:20.261285351Z: Kernel config test suite PASSED
