[INFO    ] 2018-01-19T14:07:51.18035261Z: Running Test linuxkit.packages.containerd in /tmp/build/test/cases/040_packages/003_containerd
[INFO    ] 2018-01-19T14:07:51.180450338Z: Running command: [/bin/sh -x /tmp/build/test/cases/040_packages/003_containerd/test.sh]
[STDERR  ] 2018-01-19T14:07:51.181056825Z: + set -e
[STDERR  ] 2018-01-19T14:07:51.181212732Z: + . /tmp/build/test/cases/_lib/lib.sh
[STDERR  ] 2018-01-19T14:07:51.181259457Z: + [ -f src/github.com/linuxkit/rtf/lib/lib.sh ]
[STDERR  ] 2018-01-19T14:07:51.181270963Z: + LINUXKIT_TMPDIR=/tmp/build/test/cases/_tmp
[STDERR  ] 2018-01-19T14:07:51.181280668Z: + [ -f /tmp/build/test/cases/_tmp/env.sh ]
[STDERR  ] 2018-01-19T14:07:51.181309353Z: + . /tmp/build/test/cases/_tmp/env.sh
[STDERR  ] 2018-01-19T14:07:51.181346546Z: + export LINUXKIT_EXAMPLES_DIR=/tmp/build/test/cases/../../examples
[STDERR  ] 2018-01-19T14:07:51.181361464Z: + RT_CANCEL=253
[STDERR  ] 2018-01-19T14:07:51.18142272Z: + NAME=containerd
[STDERR  ] 2018-01-19T14:07:51.181440157Z: + trap clean_up EXIT
[STDERR  ] 2018-01-19T14:07:51.181451724Z: + linuxkit build -format kernel+initrd -name containerd test.yml
[STDERR  ] 2018-01-19T14:07:51.229612149Z: Extract kernel image: linuxkit/kernel:4.9.77
[STDERR  ] 2018-01-19T14:07:52.360639521Z: time="2018-01-19T14:07:52Z" level=warning msg="certificate with CN Justin Cormack is near expiry"
[STDERR  ] 2018-01-19T14:07:52.360718443Z: time="2018-01-19T14:07:52Z" level=warning msg="certificate with CN  is near expiry"
[STDERR  ] 2018-01-19T14:07:52.360732616Z: time="2018-01-19T14:07:52Z" level=warning msg="certificate with CN  is near expiry"
[STDERR  ] 2018-01-19T14:07:52.400103602Z: time="2018-01-19T14:07:52Z" level=warning msg="certificate with CN Justin Cormack is near expiry"
[STDERR  ] 2018-01-19T14:07:52.736538574Z: Add init containers:
[STDERR  ] 2018-01-19T14:07:52.736600974Z: Process init image: linuxkit/init:be8756f0a6005279d2409a8790b4dd8b2ac11df9
[STDERR  ] 2018-01-19T14:07:53.757003219Z: time="2018-01-19T14:07:53Z" level=warning msg="certificate with CN Justin Cormack is near expiry"
[STDERR  ] 2018-01-19T14:07:53.757090281Z: time="2018-01-19T14:07:53Z" level=warning msg="certificate with CN  is near expiry"
[STDERR  ] 2018-01-19T14:07:53.757147497Z: time="2018-01-19T14:07:53Z" level=warning msg="certificate with CN  is near expiry"
[STDERR  ] 2018-01-19T14:07:53.76112199Z: time="2018-01-19T14:07:53Z" level=warning msg="certificate with CN Justin Cormack is near expiry"
[STDERR  ] 2018-01-19T14:07:53.762621924Z: time="2018-01-19T14:07:53Z" level=warning msg="certificate with CN  is near expiry"
[STDERR  ] 2018-01-19T14:07:53.920559779Z: Process init image: linuxkit/runc:7b15b00b4e3507d62e3ed8d44dfe650561cd35ff
[STDERR  ] 2018-01-19T14:07:54.946421702Z: time="2018-01-19T14:07:54Z" level=warning msg="certificate with CN Justin Cormack is near expiry"
[STDERR  ] 2018-01-19T14:07:54.94653923Z: time="2018-01-19T14:07:54Z" level=warning msg="certificate with CN  is near expiry"
[STDERR  ] 2018-01-19T14:07:54.946598359Z: time="2018-01-19T14:07:54Z" level=warning msg="certificate with CN  is near expiry"
[STDERR  ] 2018-01-19T14:07:54.948598978Z: time="2018-01-19T14:07:54Z" level=warning msg="certificate with CN Justin Cormack is near expiry"
[STDERR  ] 2018-01-19T14:07:54.949778602Z: time="2018-01-19T14:07:54Z" level=warning msg="certificate with CN  is near expiry"
[STDERR  ] 2018-01-19T14:07:55.106745745Z: Process init image: linuxkit/containerd:78706a05d00a7385ff2b6b7db280041338e4b34a
[STDERR  ] 2018-01-19T14:07:56.131098163Z: time="2018-01-19T14:07:56Z" level=warning msg="certificate with CN Justin Cormack is near expiry"
[STDERR  ] 2018-01-19T14:07:56.131187225Z: time="2018-01-19T14:07:56Z" level=warning msg="certificate with CN  is near expiry"
[STDERR  ] 2018-01-19T14:07:56.131248938Z: time="2018-01-19T14:07:56Z" level=warning msg="certificate with CN  is near expiry"
[STDERR  ] 2018-01-19T14:07:56.131313382Z: time="2018-01-19T14:07:56Z" level=warning msg="certificate with CN  is near expiry"
[STDERR  ] 2018-01-19T14:07:56.134926967Z: time="2018-01-19T14:07:56Z" level=warning msg="certificate with CN Justin Cormack is near expiry"
[STDERR  ] 2018-01-19T14:07:56.137884786Z: time="2018-01-19T14:07:56Z" level=warning msg="certificate with CN  is near expiry"
[STDERR  ] 2018-01-19T14:07:56.311630556Z: Process init image: linuxkit/ca-certificates:de21b84d9b055ad9dcecc57965b654a7a24ef8e0
[STDERR  ] 2018-01-19T14:07:57.333549137Z: time="2018-01-19T14:07:57Z" level=warning msg="certificate with CN Justin Cormack is near expiry"
[STDERR  ] 2018-01-19T14:07:57.333683872Z: time="2018-01-19T14:07:57Z" level=warning msg="certificate with CN  is near expiry"
[STDERR  ] 2018-01-19T14:07:57.335584212Z: time="2018-01-19T14:07:57Z" level=warning msg="certificate with CN Justin Cormack is near expiry"
[STDERR  ] 2018-01-19T14:07:57.336661954Z: time="2018-01-19T14:07:57Z" level=warning msg="certificate with CN  is near expiry"
[STDERR  ] 2018-01-19T14:07:57.467529787Z: Add onboot containers:
[STDERR  ] 2018-01-19T14:07:57.467574054Z:   Create OCI config for linuxkit/dhcpcd:0d59a6cc03412289ef4313f2491ec666c1715cc9
[STDERR  ] 2018-01-19T14:07:58.498471724Z: time="2018-01-19T14:07:58Z" level=warning msg="certificate with CN Justin Cormack is near expiry"
[STDERR  ] 2018-01-19T14:07:58.49860205Z: time="2018-01-19T14:07:58Z" level=warning msg="certificate with CN  is near expiry"
[STDERR  ] 2018-01-19T14:07:58.498727366Z: time="2018-01-19T14:07:58Z" level=warning msg="certificate with CN  is near expiry"
[STDERR  ] 2018-01-19T14:07:58.500853904Z: time="2018-01-19T14:07:58Z" level=warning msg="certificate with CN Justin Cormack is near expiry"
[STDERR  ] 2018-01-19T14:07:58.502401816Z: time="2018-01-19T14:07:58Z" level=warning msg="certificate with CN  is near expiry"
[STDERR  ] 2018-01-19T14:07:58.641247991Z:   Create OCI config for linuxkit/sysctl:4d6cdb119b1e6b0606b35a2f6b28edf5088beb12
[STDERR  ] 2018-01-19T14:07:59.670060361Z: time="2018-01-19T14:07:59Z" level=warning msg="certificate with CN Justin Cormack is near expiry"
[STDERR  ] 2018-01-19T14:07:59.670237485Z: time="2018-01-19T14:07:59Z" level=warning msg="certificate with CN  is near expiry"
[STDERR  ] 2018-01-19T14:07:59.670343036Z: time="2018-01-19T14:07:59Z" level=warning msg="certificate with CN  is near expiry"
[STDERR  ] 2018-01-19T14:07:59.673140301Z: time="2018-01-19T14:07:59Z" level=warning msg="certificate with CN Justin Cormack is near expiry"
[STDERR  ] 2018-01-19T14:07:59.673822983Z: time="2018-01-19T14:07:59Z" level=warning msg="certificate with CN  is near expiry"
[STDERR  ] 2018-01-19T14:07:59.808859986Z:   Create OCI config for linuxkit/format:5a1140cb65e733f26de727fa684fef1326e9d5ab
[STDERR  ] 2018-01-19T14:08:00.837117868Z: time="2018-01-19T14:08:00Z" level=warning msg="certificate with CN Justin Cormack is near expiry"
[STDERR  ] 2018-01-19T14:08:00.837252195Z: time="2018-01-19T14:08:00Z" level=warning msg="certificate with CN Rolf Neugebauer is near expiry"
[STDERR  ] 2018-01-19T14:08:00.837301288Z: time="2018-01-19T14:08:00Z" level=warning msg="certificate with CN  is near expiry"
[STDERR  ] 2018-01-19T14:08:00.837362442Z: time="2018-01-19T14:08:00Z" level=warning msg="certificate with CN  is near expiry"
[STDERR  ] 2018-01-19T14:08:00.840358045Z: time="2018-01-19T14:08:00Z" level=warning msg="certificate with CN Justin Cormack is near expiry"
[STDERR  ] 2018-01-19T14:08:00.841825717Z: time="2018-01-19T14:08:00Z" level=warning msg="certificate with CN Rolf Neugebauer is near expiry"
[STDERR  ] 2018-01-19T14:08:00.842817087Z: time="2018-01-19T14:08:00Z" level=warning msg="certificate with CN  is near expiry"
[STDERR  ] 2018-01-19T14:08:01.173298567Z:   Create OCI config for linuxkit/mount:3c37d46558c794e8535daa805e7037cb8e82c141
[STDERR  ] 2018-01-19T14:08:02.215480955Z: time="2018-01-19T14:08:02Z" level=warning msg="certificate with CN Justin Cormack is near expiry"
[STDERR  ] 2018-01-19T14:08:02.215705874Z: time="2018-01-19T14:08:02Z" level=warning msg="certificate with CN Rolf Neugebauer is near expiry"
[STDERR  ] 2018-01-19T14:08:02.215788689Z: time="2018-01-19T14:08:02Z" level=warning msg="certificate with CN  is near expiry"
[STDERR  ] 2018-01-19T14:08:02.215888829Z: time="2018-01-19T14:08:02Z" level=warning msg="certificate with CN  is near expiry"
[STDERR  ] 2018-01-19T14:08:02.218054332Z: time="2018-01-19T14:08:02Z" level=warning msg="certificate with CN Justin Cormack is near expiry"
[STDERR  ] 2018-01-19T14:08:02.219603645Z: time="2018-01-19T14:08:02Z" level=warning msg="certificate with CN Rolf Neugebauer is near expiry"
[STDERR  ] 2018-01-19T14:08:02.22072907Z: time="2018-01-19T14:08:02Z" level=warning msg="certificate with CN  is near expiry"
[STDERR  ] 2018-01-19T14:08:02.559950685Z:   Create OCI config for linuxkit/test-containerd:fe3e24a5beb5934ddc7ca9fff7130143a760995e
[STDERR  ] 2018-01-19T14:08:04.327390926Z: time="2018-01-19T14:08:04Z" level=warning msg="certificate with CN  is near expiry"
[STDERR  ] 2018-01-19T14:08:04.327446174Z: time="2018-01-19T14:08:04Z" level=warning msg="certificate with CN Justin Cormack is near expiry"
[STDERR  ] 2018-01-19T14:08:04.32791059Z: time="2018-01-19T14:08:04Z" level=warning msg="certificate with CN Rolf Neugebauer is near expiry"
[STDERR  ] 2018-01-19T14:08:04.328055217Z: time="2018-01-19T14:08:04Z" level=warning msg="certificate with CN  is near expiry"
[STDERR  ] 2018-01-19T14:08:04.421845588Z: time="2018-01-19T14:08:04Z" level=warning msg="certificate with CN  is near expiry"
[STDERR  ] 2018-01-19T14:08:04.512194335Z: time="2018-01-19T14:08:04Z" level=warning msg="certificate with CN Justin Cormack is near expiry"
[STDERR  ] 2018-01-19T14:08:04.689173612Z: time="2018-01-19T14:08:04Z" level=warning msg="certificate with CN Rolf Neugebauer is near expiry"
[STDERR  ] 2018-01-19T14:08:04.724678681Z: Pull image: docker.io/linuxkit/test-containerd:fe3e24a5beb5934ddc7ca9fff7130143a760995e@sha256:fb69c22b57b202a4b9702c419c1320e45579ccfabbdf399234dda480fbce9ee5
[STDERR  ] 2018-01-19T14:08:21.861590501Z:   Create OCI config for linuxkit/poweroff:bccfe1cb04fc7bb9f03613d2314f38abd2620f29
[STDERR  ] 2018-01-19T14:08:22.903696284Z: time="2018-01-19T14:08:22Z" level=warning msg="certificate with CN  is near expiry"
[STDERR  ] 2018-01-19T14:08:22.903995129Z: time="2018-01-19T14:08:22Z" level=warning msg="certificate with CN Justin Cormack is near expiry"
[STDERR  ] 2018-01-19T14:08:22.904225188Z: time="2018-01-19T14:08:22Z" level=warning msg="certificate with CN Rolf Neugebauer is near expiry"
[STDERR  ] 2018-01-19T14:08:22.904306206Z: time="2018-01-19T14:08:22Z" level=warning msg="certificate with CN  is near expiry"
[STDERR  ] 2018-01-19T14:08:22.908424981Z: time="2018-01-19T14:08:22Z" level=warning msg="certificate with CN Rolf Neugebauer is near expiry"
[STDERR  ] 2018-01-19T14:08:22.910448072Z: time="2018-01-19T14:08:22Z" level=warning msg="certificate with CN  is near expiry"
[STDERR  ] 2018-01-19T14:08:23.175163798Z: Create outputs:
[STDERR  ] 2018-01-19T14:08:56.526747007Z:   containerd-kernel containerd-initrd.img containerd-cmdline
[STDERR  ] 2018-01-19T14:08:56.836546521Z: + linuxkit run -mem 2048 -disk size=2G containerd
[STDERR  ] 2018-01-19T14:08:56.861518487Z: Unable to find qemu-system-x86_64 within the $PATH. Using a container
[STDERR  ] 2018-01-19T14:10:37.478698448Z: + RESULT=[    0.000000] Linux version 4.9.77-linuxkit (root@8aa31b9489e8) (gcc version 6.4.0 (Alpine 6.4.0) ) #1 SMP Wed Jan 17 14:57:17 UTC 2018
[STDERR  ] 2018-01-19T14:10:37.47878868Z: [    0.000000] Command line: console=ttyS0 console=ttyAMA0
[STDERR  ] 2018-01-19T14:10:37.478798095Z: [    0.000000] x86/fpu: Legacy x87 FPU detected.
[STDERR  ] 2018-01-19T14:10:37.478805911Z: [    0.000000] x86/fpu: Using 'eager' FPU context switches.
[STDERR  ] 2018-01-19T14:10:37.478812998Z: [    0.000000] e820: BIOS-provided physical RAM map:
[STDERR  ] 2018-01-19T14:10:37.478820516Z: [    0.000000] BIOS-e820: [mem 0x0000000000000000-0x000000000009fbff] usable
[STDERR  ] 2018-01-19T14:10:37.478828931Z: [    0.000000] BIOS-e820: [mem 0x000000000009fc00-0x000000000009ffff] reserved
[STDERR  ] 2018-01-19T14:10:37.478835892Z: [    0.000000] BIOS-e820: [mem 0x00000000000f0000-0x00000000000fffff] reserved
[STDERR  ] 2018-01-19T14:10:37.478842607Z: [    0.000000] BIOS-e820: [mem 0x0000000000100000-0x000000007ffdefff] usable
[STDERR  ] 2018-01-19T14:10:37.478852636Z: [    0.000000] BIOS-e820: [mem 0x000000007ffdf000-0x000000007fffffff] reserved
[STDERR  ] 2018-01-19T14:10:37.478858871Z: [    0.000000] BIOS-e820: [mem 0x00000000b0000000-0x00000000bfffffff] reserved
[STDERR  ] 2018-01-19T14:10:37.478864842Z: [    0.000000] BIOS-e820: [mem 0x00000000fed1c000-0x00000000fed1ffff] reserved
[STDERR  ] 2018-01-19T14:10:37.478871471Z: [    0.000000] BIOS-e820: [mem 0x00000000feffc000-0x00000000feffffff] reserved
[STDERR  ] 2018-01-19T14:10:37.478878073Z: [    0.000000] BIOS-e820: [mem 0x00000000fffc0000-0x00000000ffffffff] reserved
[STDERR  ] 2018-01-19T14:10:37.478884948Z: [    0.000000] NX (Execute Disable) protection: active
[STDERR  ] 2018-01-19T14:10:37.47889135Z: [    0.000000] SMBIOS 2.8 present.
[STDERR  ] 2018-01-19T14:10:37.478897693Z: [    0.000000] Hypervisor detected: KVM
[STDERR  ] 2018-01-19T14:10:37.478903895Z: [    0.000000] e820: last_pfn = 0x7ffdf max_arch_pfn = 0x400000000
[STDERR  ] 2018-01-19T14:10:37.478910353Z: [    0.000000] x86/PAT: PAT not supported by CPU.
[STDERR  ] 2018-01-19T14:10:37.478916631Z: [    0.000000] x86/PAT: Configuration [0-7]: WB  WT  UC- UC  WB  WT  UC- UC  
[STDERR  ] 2018-01-19T14:10:37.478922607Z: [    0.000000] found SMP MP-table at [mem 0x000f6aa0-0x000f6aaf] mapped at [ffff9091800f6aa0]
[STDERR  ] 2018-01-19T14:10:37.478929611Z: [    0.000000] RAMDISK: [mem 0x734f1000-0x7ffcffff]
[STDERR  ] 2018-01-19T14:10:37.4789358Z: [    0.000000] ACPI: Early table checksum verification disabled
[STDERR  ] 2018-01-19T14:10:37.478941708Z: [    0.000000] ACPI: RSDP 0x00000000000F68B0 000014 (v00 BOCHS )
[STDERR  ] 2018-01-19T14:10:37.47894779Z: [    0.000000] ACPI: RSDT 0x000000007FFE20A8 000034 (v01 BOCHS  BXPCRSDT 00000001 BXPC 00000001)
[STDERR  ] 2018-01-19T14:10:37.478953959Z: [    0.000000] ACPI: FACP 0x000000007FFE1EC8 0000F4 (v03 BOCHS  BXPCFACP 00000001 BXPC 00000001)
[STDERR  ] 2018-01-19T14:10:37.478960501Z: [    0.000000] ACPI: DSDT 0x000000007FFE0040 001E88 (v01 BOCHS  BXPCDSDT 00000001 BXPC 00000001)
[STDERR  ] 2018-01-19T14:10:37.478966344Z: [    0.000000] ACPI: FACS 0x000000007FFE0000 000040
[STDERR  ] 2018-01-19T14:10:37.478972207Z: [    0.000000] ACPI: APIC 0x000000007FFE1FBC 000078 (v01 BOCHS  BXPCAPIC 00000001 BXPC 00000001)
[STDERR  ] 2018-01-19T14:10:37.478977988Z: [    0.000000] ACPI: HPET 0x000000007FFE2034 000038 (v01 BOCHS  BXPCHPET 00000001 BXPC 00000001)
[STDERR  ] 2018-01-19T14:10:37.478983764Z: [    0.000000] ACPI: MCFG 0x000000007FFE206C 00003C (v01 BOCHS  BXPCMCFG 00000001 BXPC 00000001)
[STDERR  ] 2018-01-19T14:10:37.478989622Z: [    0.000000] kvm-clock: Using msrs 4b564d01 and 4b564d00
[STDERR  ] 2018-01-19T14:10:37.478996124Z: [    0.000000] kvm-clock: cpu 0, msr 0:7ffdd001, primary cpu clock
[STDERR  ] 2018-01-19T14:10:37.479001937Z: [    0.000000] clocksource: kvm-clock: mask: 0xffffffffffffffff max_cycles: 0x1cd42e4dffb, max_idle_ns: 881590591483 ns
[STDERR  ] 2018-01-19T14:10:37.479010827Z: [    0.000000] Zone ranges:
[STDERR  ] 2018-01-19T14:10:37.479016687Z: [    0.000000]   DMA      [mem 0x0000000000001000-0x0000000000ffffff]
[STDERR  ] 2018-01-19T14:10:37.479026567Z: [    0.000000]   DMA32    [mem 0x0000000001000000-0x000000007ffdefff]
[STDERR  ] 2018-01-19T14:10:37.479033114Z: [    0.000000]   Normal   empty
[STDERR  ] 2018-01-19T14:10:37.479039486Z: [    0.000000] Movable zone start for each node
[STDERR  ] 2018-01-19T14:10:37.479045494Z: [    0.000000] Early memory node ranges
[STDERR  ] 2018-01-19T14:10:37.479051411Z: [    0.000000]   node   0: [mem 0x0000000000001000-0x000000000009efff]
[STDERR  ] 2018-01-19T14:10:37.479057807Z: [    0.000000]   node   0: [mem 0x0000000000100000-0x000000007ffdefff]
[STDERR  ] 2018-01-19T14:10:37.479063908Z: [    0.000000] Initmem setup node 0 [mem 0x0000000000001000-0x000000007ffdefff]
[STDERR  ] 2018-01-19T14:10:37.479070627Z: [    0.000000] ACPI: PM-Timer IO Port: 0x608
[STDERR  ] 2018-01-19T14:10:37.479077377Z: [    0.000000] ACPI: LAPIC_NMI (acpi_id[0xff] dfl dfl lint[0x1])
[STDERR  ] 2018-01-19T14:10:37.479088979Z: [    0.000000] IOAPIC[0]: apic_id 0, version 17, address 0xfec00000, GSI 0-23
[STDERR  ] 2018-01-19T14:10:37.479096455Z: [    0.000000] ACPI: INT_SRC_OVR (bus 0 bus_irq 0 global_irq 2 dfl dfl)
[STDERR  ] 2018-01-19T14:10:37.479102397Z: [    0.000000] ACPI: INT_SRC_OVR (bus 0 bus_irq 5 global_irq 5 high level)
[STDERR  ] 2018-01-19T14:10:37.479108324Z: [    0.000000] ACPI: INT_SRC_OVR (bus 0 bus_irq 9 global_irq 9 high level)
[STDERR  ] 2018-01-19T14:10:37.479114133Z: [    0.000000] ACPI: INT_SRC_OVR (bus 0 bus_irq 10 global_irq 10 high level)
[STDERR  ] 2018-01-19T14:10:37.47912023Z: [    0.000000] ACPI: INT_SRC_OVR (bus 0 bus_irq 11 global_irq 11 high level)
[STDERR  ] 2018-01-19T14:10:37.479126724Z: [    0.000000] Using ACPI (MADT) for SMP configuration information
[STDERR  ] 2018-01-19T14:10:37.479132951Z: [    0.000000] ACPI: HPET id: 0x8086a201 base: 0xfed00000
[STDERR  ] 2018-01-19T14:10:37.479139264Z: [    0.000000] smpboot: Allowing 1 CPUs, 0 hotplug CPUs
[STDERR  ] 2018-01-19T14:10:37.479145371Z: [    0.000000] e820: [mem 0xc0000000-0xfed1bfff] available for PCI devices
[STDERR  ] 2018-01-19T14:10:37.479151524Z: [    0.000000] Booting paravirtualized kernel on KVM
[STDERR  ] 2018-01-19T14:10:37.47915808Z: [    0.000000] clocksource: refined-jiffies: mask: 0xffffffff max_cycles: 0xffffffff, max_idle_ns: 19112604462750000 ns
[STDERR  ] 2018-01-19T14:10:37.479164335Z: [    0.000000] setup_percpu: NR_CPUS:128 nr_cpumask_bits:128 nr_cpu_ids:1 nr_node_ids:1
[STDERR  ] 2018-01-19T14:10:37.479170568Z: [    0.000000] percpu: Embedded 36 pages/cpu @ffff9091f3200000 s106904 r8192 d32360 u2097152
[STDERR  ] 2018-01-19T14:10:37.479178955Z: [    0.000000] KVM setup async PF for cpu 0
[STDERR  ] 2018-01-19T14:10:37.479185591Z: [    0.000000] kvm-stealtime: cpu 0, msr 7320fd80
[STDERR  ] 2018-01-19T14:10:37.479192015Z: [    0.000000] Built 1 zonelists in Zone order, mobility grouping on.  Total pages: 515944
[STDERR  ] 2018-01-19T14:10:37.479198061Z: [    0.000000] Kernel command line: console=ttyS0 console=ttyAMA0
[STDERR  ] 2018-01-19T14:10:37.479204041Z: [    0.000000] PID hash table entries: 4096 (order: 3, 32768 bytes)
[STDERR  ] 2018-01-19T14:10:37.47921119Z: [    0.000000] Dentry cache hash table entries: 262144 (order: 9, 2097152 bytes)
[STDERR  ] 2018-01-19T14:10:37.479218301Z: [    0.000000] Inode-cache hash table entries: 131072 (order: 8, 1048576 bytes)
[STDERR  ] 2018-01-19T14:10:37.479224897Z: [    0.000000] Memory: 1837040K/2096628K available (8054K kernel code, 1391K rwdata, 2700K rodata, 1396K init, 564K bss, 259588K reserved, 0K cma-reserved)
[STDERR  ] 2018-01-19T14:10:37.479236641Z: [    0.000000] Kernel/User page tables isolation: enabled
[STDERR  ] 2018-01-19T14:10:37.479242753Z: [    0.000000] Hierarchical RCU implementation.
[STDERR  ] 2018-01-19T14:10:37.47924879Z: [    0.000000] 	Build-time adjustment of leaf fanout to 64.
[STDERR  ] 2018-01-19T14:10:37.47925539Z: [    0.000000] 	RCU restricting CPUs from NR_CPUS=128 to nr_cpu_ids=1.
[STDERR  ] 2018-01-19T14:10:37.479262106Z: [    0.000000] RCU: Adjusting geometry for rcu_fanout_leaf=64, nr_cpu_ids=1
[STDERR  ] 2018-01-19T14:10:37.479272411Z: [    0.000000] NR_IRQS:8448 nr_irqs:256 16
[STDERR  ] 2018-01-19T14:10:37.479278947Z: [    0.000000] Console: colour VGA+ 80x25
[STDERR  ] 2018-01-19T14:10:37.479291144Z: [    0.000000] console [ttyS0] enabled
[STDERR  ] 2018-01-19T14:10:37.479298081Z: [    0.000000] clocksource: hpet: mask: 0xffffffff max_cycles: 0xffffffff, max_idle_ns: 19112604467 ns
[STDERR  ] 2018-01-19T14:10:37.479304506Z: [    0.000000] tsc: Detected 2299.998 MHz processor
[STDERR  ] 2018-01-19T14:10:37.479311207Z: [    0.020000] Calibrating delay loop (skipped) preset value.. 4599.99 BogoMIPS (lpj=22999980)
[STDERR  ] 2018-01-19T14:10:37.479317414Z: [    0.023121] pid_max: default: 32768 minimum: 301
[STDERR  ] 2018-01-19T14:10:37.479324301Z: [    0.028051] ACPI: Core revision 20160831
[STDERR  ] 2018-01-19T14:10:37.479330844Z: [    0.030708] ACPI: 1 ACPI AML tables successfully acquired and loaded
[STDERR  ] 2018-01-19T14:10:37.479340421Z: [    0.040078] Security Framework initialized
[STDERR  ] 2018-01-19T14:10:37.479347293Z: [    0.044730] Yama: becoming mindful.
[STDERR  ] 2018-01-19T14:10:37.479353362Z: [    0.050087] Mount-cache hash table entries: 4096 (order: 3, 32768 bytes)
[STDERR  ] 2018-01-19T14:10:37.479359853Z: [    0.057777] Mountpoint-cache hash table entries: 4096 (order: 3, 32768 bytes)
[STDERR  ] 2018-01-19T14:10:37.479366051Z: [    0.060913] CPU: Physical Processor ID: 0
[STDERR  ] 2018-01-19T14:10:37.479372457Z: [    0.070221] Last level iTLB entries: 4KB 0, 2MB 0, 4MB 0
[STDERR  ] 2018-01-19T14:10:37.479378375Z: [    0.076370] Last level dTLB entries: 4KB 0, 2MB 0, 4MB 0, 1GB 0
[STDERR  ] 2018-01-19T14:10:37.479385175Z: [    0.080036] Spectre V2 mitigation: Vulnerable: Minimal generic ASM retpoline
[STDERR  ] 2018-01-19T14:10:37.479391167Z: [    0.214730] Freeing SMP alternatives memory: 20K
[STDERR  ] 2018-01-19T14:10:37.479397139Z: [    0.254526] ftrace: allocating 35560 entries in 139 pages
[STDERR  ] 2018-01-19T14:10:37.47940333Z: [    0.270157] smpboot: Max logical packages: 1
[STDERR  ] 2018-01-19T14:10:37.479409442Z: [    0.283034] x2apic enabled
[STDERR  ] 2018-01-19T14:10:37.47941609Z: [    0.290026] Switched APIC routing to physical x2apic.
[STDERR  ] 2018-01-19T14:10:37.479422442Z: [    0.305439] ..TIMER: vector=0x30 apic1=0 pin1=2 apic2=-1 pin2=-1
[STDERR  ] 2018-01-19T14:10:37.479428422Z: [    0.310000] smpboot: CPU0: Intel QEMU Virtual CPU version 2.5+ (family: 0x6, model: 0x6, stepping: 0x3)
[STDERR  ] 2018-01-19T14:10:37.479434551Z: [    0.310011] Performance Events: PMU not available due to virtualization, using software events only.
[STDERR  ] 2018-01-19T14:10:37.479440395Z: [    0.327662] x86: Booted up 1 node, 1 CPUs
[STDERR  ] 2018-01-19T14:10:37.479446162Z: [    0.330011] smpboot: Total of 1 processors activated (4599.99 BogoMIPS)
[STDERR  ] 2018-01-19T14:10:37.479452642Z: [    0.342217] devtmpfs: initialized
[STDERR  ] 2018-01-19T14:10:37.47945832Z: [    0.346045] x86/mm: Memory block size: 128MB
[STDERR  ] 2018-01-19T14:10:37.479464014Z: [    0.353040] clocksource: jiffies: mask: 0xffffffff max_cycles: 0xffffffff, max_idle_ns: 19112604462750000 ns
[STDERR  ] 2018-01-19T14:10:37.479469833Z: [    0.360032] futex hash table entries: 256 (order: 2, 16384 bytes)
[STDERR  ] 2018-01-19T14:10:37.479476381Z: [    0.370220] NET: Registered protocol family 16
[STDERR  ] 2018-01-19T14:10:37.479484827Z: [    0.375110] cpuidle: using governor ladder
[STDERR  ] 2018-01-19T14:10:37.479491554Z: [    0.380012] cpuidle: using governor menu
[STDERR  ] 2018-01-19T14:10:37.479497777Z: [    0.384490] ACPI: bus type PCI registered
[STDERR  ] 2018-01-19T14:10:37.479503888Z: [    0.389310] PCI: MMCONFIG for domain 0000 [bus 00-ff] at [mem 0xb0000000-0xbfffffff] (base 0xb0000000)
[STDERR  ] 2018-01-19T14:10:37.479509687Z: [    0.390013] PCI: MMCONFIG at [mem 0xb0000000-0xbfffffff] reserved in E820
[STDERR  ] 2018-01-19T14:10:37.479515857Z: [    0.400029] PCI: Using configuration type 1 for base access
[STDERR  ] 2018-01-19T14:10:37.47952168Z: [    0.411713] HugeTLB registered 2 MB page size, pre-allocated 0 pages
[STDERR  ] 2018-01-19T14:10:37.479531508Z: [    0.420301] ACPI: Added _OSI(Module Device)
[STDERR  ] 2018-01-19T14:10:37.479537954Z: [    0.424820] ACPI: Added _OSI(Processor Device)
[STDERR  ] 2018-01-19T14:10:37.479544208Z: [    0.430013] ACPI: Added _OSI(3.0 _SCP Extensions)
[STDERR  ] 2018-01-19T14:10:37.479550188Z: [    0.435171] ACPI: Added _OSI(Processor Aggregator Device)
[STDERR  ] 2018-01-19T14:10:37.47955637Z: [    0.445015] ACPI: Interpreter enabled
[STDERR  ] 2018-01-19T14:10:37.47956226Z: [    0.450021] ACPI: (supports S0 S5)
[STDERR  ] 2018-01-19T14:10:37.479568173Z: [    0.453887] ACPI: Using IOAPIC for interrupt routing
[STDERR  ] 2018-01-19T14:10:37.479574674Z: [    0.458529] PCI: Using host bridge windows from ACPI; if necessary, use "pci=nocrs" and report a bug
[STDERR  ] 2018-01-19T14:10:37.479580874Z: [    0.465945] ACPI: PCI Root Bridge [PCI0] (domain 0000 [bus 00-ff])
[STDERR  ] 2018-01-19T14:10:37.479589868Z: [    0.470023] acpi PNP0A08:00: _OSC: OS supports [ExtendedConfig ASPM ClockPM Segments MSI]
[STDERR  ] 2018-01-19T14:10:37.479596042Z: [    0.480272] acpi PNP0A08:00: _OSC: OS now controls [PCIeHotplug PME PCIeCapability]
[STDERR  ] 2018-01-19T14:10:37.479602046Z: [    0.490109] PCI host bridge to bus 0000:00
[STDERR  ] 2018-01-19T14:10:37.479608773Z: [    0.500014] pci_bus 0000:00: root bus resource [io  0x0000-0x0cf7 window]
[STDERR  ] 2018-01-19T14:10:37.479615271Z: [    0.510016] pci_bus 0000:00: root bus resource [io  0x0d00-0xffff window]
[STDERR  ] 2018-01-19T14:10:37.479621307Z: [    0.517334] pci_bus 0000:00: root bus resource [mem 0x000a0000-0x000bffff window]
[STDERR  ] 2018-01-19T14:10:37.479627227Z: [    0.520016] pci_bus 0000:00: root bus resource [mem 0xc0000000-0xfebfffff window]
[STDERR  ] 2018-01-19T14:10:37.479633628Z: [    0.530017] pci_bus 0000:00: root bus resource [bus 00-ff]
[STDERR  ] 2018-01-19T14:10:37.479640268Z: [    0.676844] pci 0000:00:1f.0: quirk: [io  0x0600-0x067f] claimed by ICH6 ACPI/GPIO/TCO
[STDERR  ] 2018-01-19T14:10:37.479646233Z: [    0.743806] ACPI: PCI Interrupt Link [LNKA] (IRQs 5 *10 11)
[STDERR  ] 2018-01-19T14:10:37.479652819Z: [    0.752041] ACPI: PCI Interrupt Link [LNKB] (IRQs 5 *10 11)
[STDERR  ] 2018-01-19T14:10:37.47965881Z: [    0.759052] ACPI: PCI Interrupt Link [LNKC] (IRQs 5 10 *11)
[STDERR  ] 2018-01-19T14:10:37.479664953Z: [    0.762310] ACPI: PCI Interrupt Link [LNKD] (IRQs 5 10 *11)
[STDERR  ] 2018-01-19T14:10:37.479670877Z: [    0.772313] ACPI: PCI Interrupt Link [LNKE] (IRQs 5 *10 11)
[STDERR  ] 2018-01-19T14:10:37.479676819Z: [    0.781454] ACPI: PCI Interrupt Link [LNKF] (IRQs 5 *10 11)
[STDERR  ] 2018-01-19T14:10:37.479682894Z: [    0.788872] ACPI: PCI Interrupt Link [LNKG] (IRQs 5 10 *11)
[STDERR  ] 2018-01-19T14:10:37.479688766Z: [    0.792296] ACPI: PCI Interrupt Link [LNKH] (IRQs 5 10 *11)
[STDERR  ] 2018-01-19T14:10:37.479694484Z: [    0.802078] ACPI: PCI Interrupt Link [GSIA] (IRQs *16)
[STDERR  ] 2018-01-19T14:10:37.479701086Z: [    0.810043] ACPI: PCI Interrupt Link [GSIB] (IRQs *17)
[STDERR  ] 2018-01-19T14:10:37.47971392Z: [    0.816776] ACPI: PCI Interrupt Link [GSIC] (IRQs *18)
[STDERR  ] 2018-01-19T14:10:37.479720345Z: [    0.821132] ACPI: PCI Interrupt Link [GSID] (IRQs *19)
[STDERR  ] 2018-01-19T14:10:37.479726314Z: [    0.827196] ACPI: PCI Interrupt Link [GSIE] (IRQs *20)
[STDERR  ] 2018-01-19T14:10:37.479732098Z: [    0.831217] ACPI: PCI Interrupt Link [GSIF] (IRQs *21)
[STDERR  ] 2018-01-19T14:10:37.479737847Z: [    0.841226] ACPI: PCI Interrupt Link [GSIG] (IRQs *22)
[STDERR  ] 2018-01-19T14:10:37.479743996Z: [    0.847838] ACPI: PCI Interrupt Link [GSIH] (IRQs *23)
[STDERR  ] 2018-01-19T14:10:37.479750887Z: [    0.851613] ACPI: Enabled 1 GPEs in block 00 to 3F
[STDERR  ] 2018-01-19T14:10:37.479756943Z: [    0.860414] SCSI subsystem initialized
[STDERR  ] 2018-01-19T14:10:37.47976336Z: [    0.864640] ACPI: bus type USB registered
[STDERR  ] 2018-01-19T14:10:37.479769873Z: [    0.870066] usbcore: registered new interface driver usbfs
[STDERR  ] 2018-01-19T14:10:37.479775741Z: [    0.876557] usbcore: registered new interface driver hub
[STDERR  ] 2018-01-19T14:10:37.479785221Z: [    0.880052] usbcore: registered new device driver usb
[STDERR  ] 2018-01-19T14:10:37.47979126Z: [    0.885480] pps_core: LinuxPPS API ver. 1 registered
[STDERR  ] 2018-01-19T14:10:37.479797503Z: [    0.890010] pps_core: Software ver. 5.3.6 - Copyright 2005-2007 Rodolfo Giometti <giometti@linux.it>
[STDERR  ] 2018-01-19T14:10:37.479803529Z: [    0.900032] PTP clock support registered
[STDERR  ] 2018-01-19T14:10:37.479809623Z: [    0.904450] PCI: Using ACPI for IRQ routing
[STDERR  ] 2018-01-19T14:10:37.479815785Z: [    1.345865] NetLabel: Initializing
[STDERR  ] 2018-01-19T14:10:37.479821783Z: [    1.349646] NetLabel:  domain hash size = 128
[STDERR  ] 2018-01-19T14:10:37.479827746Z: [    1.350010] NetLabel:  protocols = UNLABELED CIPSOv4
[STDERR  ] 2018-01-19T14:10:37.47983421Z: [    1.355272] NetLabel:  unlabeled traffic allowed by default
[STDERR  ] 2018-01-19T14:10:37.479843074Z: [    1.360057] wmi: Mapper loaded
[STDERR  ] 2018-01-19T14:10:37.479849361Z: [    1.363847] HPET: 3 timers in total, 0 timers will be used for per-cpu timer
[STDERR  ] 2018-01-19T14:10:37.479855794Z: [    1.370168] hpet0: at MMIO 0xfed00000, IRQs 2, 8, 0
[STDERR  ] 2018-01-19T14:10:37.47986267Z: [    1.381494] hpet0: 3 comparators, 64-bit 100.000000 MHz counter
[STDERR  ] 2018-01-19T14:10:37.479868861Z: [    1.392492] clocksource: Switched to clocksource kvm-clock
[STDERR  ] 2018-01-19T14:10:37.479874863Z: [    1.412137] VFS: Disk quotas dquot_6.6.0
[STDERR  ] 2018-01-19T14:10:37.479880526Z: [    1.416887] VFS: Dquot-cache hash table entries: 512 (order 0, 4096 bytes)
[STDERR  ] 2018-01-19T14:10:37.479887226Z: [    1.424450] FS-Cache: Loaded
[STDERR  ] 2018-01-19T14:10:37.479896147Z: [    1.427690] CacheFiles: Loaded
[STDERR  ] 2018-01-19T14:10:37.479902579Z: [    1.431293] pnp: PnP ACPI init
[STDERR  ] 2018-01-19T14:10:37.47990877Z: [    1.435681] pnp: PnP ACPI: found 5 devices
[STDERR  ] 2018-01-19T14:10:37.479917336Z: [    1.446561] clocksource: acpi_pm: mask: 0xffffff max_cycles: 0xffffff, max_idle_ns: 2085701024 ns
[STDERR  ] 2018-01-19T14:10:37.479923789Z: [    1.456335] NET: Registered protocol family 2
[STDERR  ] 2018-01-19T14:10:37.479930069Z: [    1.461183] TCP established hash table entries: 16384 (order: 5, 131072 bytes)
[STDERR  ] 2018-01-19T14:10:37.479936552Z: [    1.468714] TCP bind hash table entries: 16384 (order: 6, 262144 bytes)
[STDERR  ] 2018-01-19T14:10:37.479942734Z: [    1.476239] TCP: Hash tables configured (established 16384 bind 16384)
[STDERR  ] 2018-01-19T14:10:37.479948616Z: [    1.483114] UDP hash table entries: 1024 (order: 3, 32768 bytes)
[STDERR  ] 2018-01-19T14:10:37.479954589Z: [    1.489482] UDP-Lite hash table entries: 1024 (order: 3, 32768 bytes)
[STDERR  ] 2018-01-19T14:10:37.479960407Z: [    1.496225] NET: Registered protocol family 1
[STDERR  ] 2018-01-19T14:10:37.47996672Z: [    1.501230] pci 0000:00:01.0: Video device with shadowed ROM at [mem 0x000c0000-0x000dffff]
[STDERR  ] 2018-01-19T14:10:37.479972776Z: [    1.510245] Unpacking initramfs...
[STDERR  ] 2018-01-19T14:10:37.479978599Z: [    4.870294] Freeing initrd memory: 207740K
[STDERR  ] 2018-01-19T14:10:37.479984447Z: [    4.875724] PCLMULQDQ-NI instructions are not detected.
[STDERR  ] 2018-01-19T14:10:37.479990681Z: [    4.881668] AVX or AES-NI instructions are not detected.
[STDERR  ] 2018-01-19T14:10:37.479996863Z: [    4.887123] CPU feature 'AVX registers' is not supported.
[STDERR  ] 2018-01-19T14:10:37.480002586Z: [    4.892754] CPU feature 'AVX registers' is not supported.
[STDERR  ] 2018-01-19T14:10:37.4800089Z: [    4.898264] CPU feature 'AVX registers' is not supported.
[STDERR  ] 2018-01-19T14:10:37.480014853Z: [    4.903870] CPU feature 'AVX registers' is not supported.
[STDERR  ] 2018-01-19T14:10:37.480020712Z: [    4.910010] AVX2 or AES-NI instructions are not detected.
[STDERR  ] 2018-01-19T14:10:37.480026447Z: [    4.916729] AVX2 instructions are not detected.
[STDERR  ] 2018-01-19T14:10:37.480032334Z: [    4.921956] audit: initializing netlink subsys (disabled)
[STDERR  ] 2018-01-19T14:10:37.480041486Z: [    4.928220] audit: type=2000 audit(1516370944.933:1): initialized
[STDERR  ] 2018-01-19T14:10:37.480047465Z: [    4.935174] workingset: timestamp_bits=46 max_order=19 bucket_order=0
[STDERR  ] 2018-01-19T14:10:37.480054067Z: [    4.942097] squashfs: version 4.0 (2009/01/31) Phillip Lougher
[STDERR  ] 2018-01-19T14:10:37.48005972Z: [    4.948199] FS-Cache: Netfs 'cifs' registered for caching
[STDERR  ] 2018-01-19T14:10:37.480065556Z: [    4.954370] fuse init (API version 7.26)
[STDERR  ] 2018-01-19T14:10:37.480071176Z: [    4.958595] SGI XFS with ACLs, security attributes, no debug enabled
[STDERR  ] 2018-01-19T14:10:37.480077105Z: [    4.965341] 9p: Installing v9fs 9p2000 file system support
[STDERR  ] 2018-01-19T14:10:37.480083523Z: [    4.971132] FS-Cache: Netfs '9p' registered for caching
[STDERR  ] 2018-01-19T14:10:37.480093061Z: [    4.977474] NET: Registered protocol family 38
[STDERR  ] 2018-01-19T14:10:37.480098901Z: [    4.982319] Key type asymmetric registered
[STDERR  ] 2018-01-19T14:10:37.480104538Z: [    4.986527] Asymmetric key parser 'x509' registered
[STDERR  ] 2018-01-19T14:10:37.48011032Z: [    4.991958] Block layer SCSI generic (bsg) driver version 0.4 loaded (major 251)
[STDERR  ] 2018-01-19T14:10:37.480116649Z: [    4.999495] io scheduler noop registered
[STDERR  ] 2018-01-19T14:10:37.480122912Z: [    5.003663] io scheduler deadline registered (default)
[STDERR  ] 2018-01-19T14:10:37.480128865Z: [    5.009083] io scheduler cfq registered
[STDERR  ] 2018-01-19T14:10:37.480135199Z: [    5.013264] pci_hotplug: PCI Hot Plug PCI Core version: 0.5
[STDERR  ] 2018-01-19T14:10:37.480141581Z: [    5.019020] pciehp: PCI Express Hot Plug Controller Driver version: 0.4
[STDERR  ] 2018-01-19T14:10:37.48014779Z: [    5.026001] shpchp: Standard Hot Plug PCI Controller Driver version: 0.4
[STDERR  ] 2018-01-19T14:10:37.48015361Z: [    5.033035] hv_vmbus: registering driver hyperv_fb
[STDERR  ] 2018-01-19T14:10:37.480159581Z: [    5.038412] input: Power Button as /devices/LNXSYSTM:00/LNXPWRBN:00/input/input0
[STDERR  ] 2018-01-19T14:10:37.480165373Z: [    5.046117] ACPI: Power Button [PWRF]
[STDERR  ] 2018-01-19T14:10:37.480171206Z: [    5.050458] GHES: HEST is not enabled!
[STDERR  ] 2018-01-19T14:10:37.480177058Z: [    5.054927] ACPI: PCI Interrupt Link [GSIG] enabled at IRQ 22
[STDERR  ] 2018-01-19T14:10:37.480183961Z: [    5.068067] ACPI: PCI Interrupt Link [GSIH] enabled at IRQ 23
[STDERR  ] 2018-01-19T14:10:37.480190301Z: [    5.080565] xenfs: not registering filesystem on non-xen platform
[STDERR  ] 2018-01-19T14:10:37.480196825Z: [    5.088129] Serial: 8250/16550 driver, 4 ports, IRQ sharing disabled
[STDERR  ] 2018-01-19T14:10:37.48020288Z: [    5.129237] 00:04: ttyS0 at I/O 0x3f8 (irq = 4, base_baud = 115200) is a 16550A
[STDERR  ] 2018-01-19T14:10:37.480208976Z: [    5.138501] Non-volatile memory driver v1.3
[STDERR  ] 2018-01-19T14:10:37.480214746Z: [    5.145200] Hangcheck: starting hangcheck timer 0.9.1 (tick is 180 seconds, margin is 60 seconds).
[STDERR  ] 2018-01-19T14:10:37.480220527Z: [    5.155598] random: fast init done
[STDERR  ] 2018-01-19T14:10:37.480226233Z: [    5.159877] random: crng init done
[STDERR  ] 2018-01-19T14:10:37.480235166Z: [    5.165755] loop: module loaded
[STDERR  ] 2018-01-19T14:10:37.480241166Z: [    5.170373] nbd: registered device at major 43
[STDERR  ] 2018-01-19T14:10:37.480247512Z: [    5.177198] lpc_ich 0000:00:1f.0: I/O space for GPIO uninitialized
[STDERR  ] 2018-01-19T14:10:37.480253838Z: [    5.184336] VMware PVSCSI driver - version 1.0.7.0-k
[STDERR  ] 2018-01-19T14:10:37.480260601Z: [    5.189905] hv_vmbus: registering driver hv_storvsc
[STDERR  ] 2018-01-19T14:10:37.48026694Z: [    5.195923] ACPI: PCI Interrupt Link [GSIA] enabled at IRQ 16
[STDERR  ] 2018-01-19T14:10:37.480272989Z: [    5.205332] ahci 0000:00:1f.2: AHCI 0001.0000 32 slots 6 ports 1.5 Gbps 0x3f impl SATA mode
[STDERR  ] 2018-01-19T14:10:37.480279918Z: [    5.214916] ahci 0000:00:1f.2: flags: 64bit ncq only 
[STDERR  ] 2018-01-19T14:10:37.480292586Z: [    5.223962] scsi host0: ahci
[STDERR  ] 2018-01-19T14:10:37.480298512Z: [    5.227417] scsi host1: ahci
[STDERR  ] 2018-01-19T14:10:37.480307396Z: [    5.230869] scsi host2: ahci
[STDERR  ] 2018-01-19T14:10:37.480313723Z: [    5.234384] scsi host3: ahci
[STDERR  ] 2018-01-19T14:10:37.480320033Z: [    5.237878] scsi host4: ahci
[STDERR  ] 2018-01-19T14:10:37.480326166Z: [    5.241425] scsi host5: ahci
[STDERR  ] 2018-01-19T14:10:37.480332143Z: [    5.244860] ata1: SATA max UDMA/133 abar m4096@0xfebd2000 port 0xfebd2100 irq 24
[STDERR  ] 2018-01-19T14:10:37.480338752Z: [    5.253502] ata2: SATA max UDMA/133 abar m4096@0xfebd2000 port 0xfebd2180 irq 24
[STDERR  ] 2018-01-19T14:10:37.480347636Z: [    5.261970] ata3: SATA max UDMA/133 abar m4096@0xfebd2000 port 0xfebd2200 irq 24
[STDERR  ] 2018-01-19T14:10:37.480354079Z: [    5.270453] ata4: SATA max UDMA/133 abar m4096@0xfebd2000 port 0xfebd2280 irq 24
[STDERR  ] 2018-01-19T14:10:37.480363318Z: [    5.278227] ata5: SATA max UDMA/133 abar m4096@0xfebd2000 port 0xfebd2300 irq 24
[STDERR  ] 2018-01-19T14:10:37.480371416Z: [    5.286234] ata6: SATA max UDMA/133 abar m4096@0xfebd2000 port 0xfebd2380 irq 24
[STDERR  ] 2018-01-19T14:10:37.4803778Z: [    5.296807] tun: Universal TUN/TAP device driver, 1.6
[STDERR  ] 2018-01-19T14:10:37.48038462Z: [    5.302685] tun: (C) 1999-2004 Max Krasnyansky <maxk@qualcomm.com>
[STDERR  ] 2018-01-19T14:10:37.480390981Z: [    5.313929] VMware vmxnet3 virtual NIC driver - version 1.4.a.0-k-NAPI
[STDERR  ] 2018-01-19T14:10:37.480397819Z: [    5.321208] hv_vmbus: registering driver hv_netvsc
[STDERR  ] 2018-01-19T14:10:37.480403966Z: [    5.326196] Fusion MPT base driver 3.04.20
[STDERR  ] 2018-01-19T14:10:37.480409916Z: [    5.330629] Copyright (c) 1999-2008 LSI Corporation
[STDERR  ] 2018-01-19T14:10:37.480415858Z: [    5.335687] Fusion MPT SPI Host driver 3.04.20
[STDERR  ] 2018-01-19T14:10:37.480421713Z: [    5.340451] i8042: PNP: PS/2 Controller [PNP0303:KBD,PNP0f13:MOU] at 0x60,0x64 irq 1,12
[STDERR  ] 2018-01-19T14:10:37.480427958Z: [    5.352233] serio: i8042 KBD port at 0x60,0x64 irq 1
[STDERR  ] 2018-01-19T14:10:37.48043375Z: [    5.357467] serio: i8042 AUX port at 0x60,0x64 irq 12
[STDERR  ] 2018-01-19T14:10:37.480439809Z: [    5.362906] hv_vmbus: registering driver hyperv_keyboard
[STDERR  ] 2018-01-19T14:10:37.480445598Z: [    5.368561] mousedev: PS/2 mouse device common for all mice
[STDERR  ] 2018-01-19T14:10:37.480451447Z: [    5.375813] input: AT Translated Set 2 keyboard as /devices/platform/i8042/serio0/input/input1
[STDERR  ] 2018-01-19T14:10:37.480457247Z: [    5.384854] input: PC Speaker as /devices/platform/pcspkr/input/input2
[STDERR  ] 2018-01-19T14:10:37.480464198Z: [    5.392130] rtc_cmos 00:00: RTC can wake from S4
[STDERR  ] 2018-01-19T14:10:37.480470512Z: [    5.399027] rtc_cmos 00:00: rtc core: registered rtc_cmos as rtc0
[STDERR  ] 2018-01-19T14:10:37.480479634Z: [    5.406547] rtc_cmos 00:00: alarms up to one day, y3k, 114 bytes nvram, hpet irqs
[STDERR  ] 2018-01-19T14:10:37.480488643Z: [    5.414499] i2c /dev entries driver
[STDERR  ] 2018-01-19T14:10:37.480497866Z: [    5.418513] device-mapper: ioctl: 4.35.0-ioctl (2016-06-23) initialised: dm-devel@redhat.com
[STDERR  ] 2018-01-19T14:10:37.480503946Z: [    5.428632] usbcore: registered new interface driver usbhid
[STDERR  ] 2018-01-19T14:10:37.480510583Z: [    5.434839] usbhid: USB HID core driver
[STDERR  ] 2018-01-19T14:10:37.480516473Z: [    5.439229] hv_utils: Registering HyperV Utility Driver
[STDERR  ] 2018-01-19T14:10:37.480522983Z: [    5.445254] hv_vmbus: registering driver hv_util
[STDERR  ] 2018-01-19T14:10:37.480528765Z: [    5.450444] hv_vmbus: registering driver hv_balloon
[STDERR  ] 2018-01-19T14:10:37.480534493Z: [    5.455743] oprofile: using NMI interrupt.
[STDERR  ] 2018-01-19T14:10:37.480540104Z: [    5.460164] GACT probability on
[STDERR  ] 2018-01-19T14:10:37.480545984Z: [    5.463429] Mirror/redirect action on
[STDERR  ] 2018-01-19T14:10:37.480551731Z: [    5.467268] Simple TC action Loaded
[STDERR  ] 2018-01-19T14:10:37.480562431Z: [    5.471093] u32 classifier
[STDERR  ] 2018-01-19T14:10:37.480583655Z: [    5.473926]     Performance counters on
[STDERR  ] 2018-01-19T14:10:37.480590649Z: [    5.477961]     input device check on
[STDERR  ] 2018-01-19T14:10:37.480597415Z: [    5.481883]     Actions configured
[STDERR  ] 2018-01-19T14:10:37.480603379Z: [    5.485430] Netfilter messages via NETLINK v0.30.
[STDERR  ] 2018-01-19T14:10:37.480609319Z: [    5.490726] nfnl_acct: registering with nfnetlink.
[STDERR  ] 2018-01-19T14:10:37.480615193Z: [    5.495991] nf_conntrack version 0.5.0 (16384 buckets, 65536 max)
[STDERR  ] 2018-01-19T14:10:37.480621328Z: [    5.502664] ctnetlink v0.93: registering with nfnetlink.
[STDERR  ] 2018-01-19T14:10:37.480627151Z: [    5.508403] nf_tables: (c) 2007-2009 Patrick McHardy <kaber@trash.net>
[STDERR  ] 2018-01-19T14:10:37.480633691Z: [    5.515771] nf_tables_compat: (c) 2012 Pablo Neira Ayuso <pablo@netfilter.org>
[STDERR  ] 2018-01-19T14:10:37.480643465Z: [    5.524525] xt_time: kernel timezone is -0000
[STDERR  ] 2018-01-19T14:10:37.480649545Z: [    5.529063] ip_set: protocol 6
[STDERR  ] 2018-01-19T14:10:37.480655888Z: [    5.532737] IPVS: Registered protocols (TCP, UDP, SCTP, AH, ESP)
[STDERR  ] 2018-01-19T14:10:37.480661989Z: [    5.539340] IPVS: Connection hash table configured (size=4096, memory=64Kbytes)
[STDERR  ] 2018-01-19T14:10:37.480668212Z: [    5.547113] IPVS: Creating netns size=2104 id=0
[STDERR  ] 2018-01-19T14:10:37.480674091Z: [    5.553257] IPVS: ipvs loaded.
[STDERR  ] 2018-01-19T14:10:37.480680179Z: [    5.556549] IPVS: [rr] scheduler registered.
[STDERR  ] 2018-01-19T14:10:37.480686082Z: [    5.561463] IPVS: [wrr] scheduler registered.
[STDERR  ] 2018-01-19T14:10:37.480691993Z: [    5.566033] IPVS: [lc] scheduler registered.
[STDERR  ] 2018-01-19T14:10:37.480697715Z: [    5.570891] IPVS: [wlc] scheduler registered.
[STDERR  ] 2018-01-19T14:10:37.480708565Z: [    5.575426] IPVS: [fo] scheduler registered.
[STDERR  ] 2018-01-19T14:10:37.480717057Z: [    5.580463] IPVS: [ovf] scheduler registered.
[STDERR  ] 2018-01-19T14:10:37.480722986Z: [    5.585229] IPVS: [lblc] scheduler registered.
[STDERR  ] 2018-01-19T14:10:37.480728897Z: [    5.590428] IPVS: [lblcr] scheduler registered.
[STDERR  ] 2018-01-19T14:10:37.480734622Z: [    5.595182] IPVS: [dh] scheduler registered.
[STDERR  ] 2018-01-19T14:10:37.480740506Z: [    5.600165] IPVS: [sh] scheduler registered.
[STDERR  ] 2018-01-19T14:10:37.480748799Z: [    5.604607] IPVS: [sed] scheduler registered.
[STDERR  ] 2018-01-19T14:10:37.480754645Z: [    5.609466] IPVS: [nq] scheduler registered.
[STDERR  ] 2018-01-19T14:10:37.480760213Z: [    5.614172] IPVS: ftp: loaded support on port[0] = 21
[STDERR  ] 2018-01-19T14:10:37.480766729Z: [    5.619815] ipip: IPv4 and MPLS over IPv4 tunneling driver
[STDERR  ] 2018-01-19T14:10:37.480772764Z: [    5.626179] ata4: SATA link down (SStatus 0 SControl 300)
[STDERR  ] 2018-01-19T14:10:37.480778653Z: [    5.632541] ata3: SATA link up 1.5 Gbps (SStatus 113 SControl 300)
[STDERR  ] 2018-01-19T14:10:37.480785231Z: [    5.639433] ata3.00: ATAPI: QEMU DVD-ROM, 2.5+, max UDMA/100
[STDERR  ] 2018-01-19T14:10:37.48079128Z: [    5.645653] ata3.00: applying bridge limits
[STDERR  ] 2018-01-19T14:10:37.480797059Z: [    5.651135] ata2: SATA link down (SStatus 0 SControl 300)
[STDERR  ] 2018-01-19T14:10:37.480802959Z: [    5.657532] ata1: SATA link up 1.5 Gbps (SStatus 113 SControl 300)
[STDERR  ] 2018-01-19T14:10:37.480809417Z: [    5.665091] ata6: SATA link down (SStatus 0 SControl 300)
[STDERR  ] 2018-01-19T14:10:37.480818768Z: [    5.671709] ata5: SATA link down (SStatus 0 SControl 300)
[STDERR  ] 2018-01-19T14:10:37.48082518Z: [    5.677838] gre: GRE over IPv4 demultiplexor driver
[STDERR  ] 2018-01-19T14:10:37.480831145Z: [    5.683217] ata1.00: ATA-7: QEMU HARDDISK, 2.5+, max UDMA/100
[STDERR  ] 2018-01-19T14:10:37.480836817Z: [    5.689180] ata1.00: 4194304 sectors, multi 16: LBA48 NCQ (depth 31/32)
[STDERR  ] 2018-01-19T14:10:37.480843379Z: [    5.696453] ata1.00: applying bridge limits
[STDERR  ] 2018-01-19T14:10:37.480853431Z: [    5.701565] ip_tables: (C) 2000-2006 Netfilter Core Team
[STDERR  ] 2018-01-19T14:10:37.480859505Z: [    5.707540] ipt_CLUSTERIP: ClusterIP Version 0.8 loaded successfully
[STDERR  ] 2018-01-19T14:10:37.48086588Z: [    5.714538] ata3.00: configured for UDMA/100
[STDERR  ] 2018-01-19T14:10:37.480871837Z: [    5.719899] arp_tables: arp_tables: (C) 2002 David S. Miller
[STDERR  ] 2018-01-19T14:10:37.480877824Z: [    5.726715] ata1.00: configured for UDMA/100
[STDERR  ] 2018-01-19T14:10:37.480884142Z: [    5.731899] NET: Registered protocol family 10
[STDERR  ] 2018-01-19T14:10:37.480889986Z: [    5.737161] scsi 0:0:0:0: Direct-Access     ATA      QEMU HARDDISK    2.5+ PQ: 0 ANSI: 5
[STDERR  ] 2018-01-19T14:10:37.480896335Z: [    5.746508] ip6_tables: (C) 2000-2006 Netfilter Core Team
[STDERR  ] 2018-01-19T14:10:37.480902624Z: [    5.752535] sd 0:0:0:0: Attached scsi generic sg0 type 0
[STDERR  ] 2018-01-19T14:10:37.480911675Z: [    5.758101] sd 0:0:0:0: [sda] 4194304 512-byte logical blocks: (2.15 GB/2.00 GiB)
[STDERR  ] 2018-01-19T14:10:37.480917844Z: [    5.766519] NET: Registered protocol family 17
[STDERR  ] 2018-01-19T14:10:37.480923712Z: [    5.771333] sd 0:0:0:0: [sda] Write Protect is off
[STDERR  ] 2018-01-19T14:10:37.48092996Z: [    5.776630] scsi 2:0:0:0: CD-ROM            QEMU     QEMU DVD-ROM     2.5+ PQ: 0 ANSI: 5
[STDERR  ] 2018-01-19T14:10:37.480936022Z: [    5.785058] Bridge firewalling registered
[STDERR  ] 2018-01-19T14:10:37.480941618Z: [    5.789275] Ebtables v2.0 registered
[STDERR  ] 2018-01-19T14:10:37.480947589Z: [    5.793118] sd 0:0:0:0: [sda] Write cache: enabled, read cache: enabled, doesn't support DPO or FUA
[STDERR  ] 2018-01-19T14:10:37.480953578Z: [    5.804416] 8021q: 802.1Q VLAN Support v1.8
[STDERR  ] 2018-01-19T14:10:37.480959557Z: [    5.809147] 9pnet: Installing 9P2000 support
[STDERR  ] 2018-01-19T14:10:37.480965378Z: [    5.815119] sd 0:0:0:0: [sda] Attached SCSI disk
[STDERR  ] 2018-01-19T14:10:37.480971375Z: [    5.821313] sr 2:0:0:0: [sr0] scsi3-mmc drive: 4x/4x cd/rw xa/form2 tray
[STDERR  ] 2018-01-19T14:10:37.480977685Z: [    5.829027] cdrom: Uniform CD-ROM driver Revision: 3.20
[STDERR  ] 2018-01-19T14:10:37.480984351Z: [    5.835095] Key type dns_resolver registered
[STDERR  ] 2018-01-19T14:10:37.480992724Z: [    5.840469] microcode: sig=0x663, pf=0x1, revision=0x1
[STDERR  ] 2018-01-19T14:10:37.480998945Z: [    5.847209] sr 2:0:0:0: Attached scsi generic sg1 type 5
[STDERR  ] 2018-01-19T14:10:37.481005018Z: [    5.853419] microcode: Microcode Update Driver: v2.01 <tigran@aivazian.fsnet.co.uk>, Peter Oruba
[STDERR  ] 2018-01-19T14:10:37.481013175Z: [    5.863459] registered taskstats version 1
[STDERR  ] 2018-01-19T14:10:37.481022298Z: [    5.873982] Key type big_key registered
[STDERR  ] 2018-01-19T14:10:37.481030852Z: [    5.883857] Key type encrypted registered
[STDERR  ] 2018-01-19T14:10:37.481036562Z: [    5.890403] rtc_cmos 00:00: setting system clock to 2018-01-19 14:09:06 UTC (1516370946)
[STDERR  ] 2018-01-19T14:10:37.481042358Z: [    5.902498] Freeing unused kernel memory: 1396K
[STDERR  ] 2018-01-19T14:10:37.481048297Z: [    5.907695] Write protecting the kernel read-only data: 12288k
[STDERR  ] 2018-01-19T14:10:37.481054172Z: [    5.914647] Freeing unused kernel memory: 124K
[STDERR  ] 2018-01-19T14:10:37.481060009Z: [    5.923673] Freeing unused kernel memory: 1396K
[STDERR  ] 2018-01-19T14:10:37.481065682Z: 
[STDERR  ] 2018-01-19T14:10:37.481071646Z: Welcome to LinuxKit
[STDERR  ] 2018-01-19T14:10:37.481077844Z: 
[STDERR  ] 2018-01-19T14:10:37.481083684Z:                         ##         .
[STDERR  ] 2018-01-19T14:10:37.481089533Z:                   ## ## ##        ==
[STDERR  ] 2018-01-19T14:10:37.481095437Z:                ## ## ## ## ##    ===
[STDERR  ] 2018-01-19T14:10:37.481101002Z:            /"""""""""""""""""\___/ ===
[STDERR  ] 2018-01-19T14:10:37.481106877Z:           {                       /  ===-
[STDERR  ] 2018-01-19T14:10:37.481112452Z:            \______ O           __/
[STDERR  ] 2018-01-19T14:10:37.481118193Z:              \    \         __/
[STDERR  ] 2018-01-19T14:10:37.481127889Z:               \____\_______/
[STDERR  ] 2018-01-19T14:10:37.481134039Z: 
[STDERR  ] 2018-01-19T14:10:37.481139826Z: [    7.554723] 8021q: adding VLAN 0 to HW filter on device eth0
[STDERR  ] 2018-01-19T14:10:37.481146025Z: eth0: waiting for carrier
[STDERR  ] 2018-01-19T14:10:37.481152129Z: eth0: carrier acquired
[STDERR  ] 2018-01-19T14:10:37.481160102Z: DUID 00:01:00:01:21:f4:b8:84:2e:4d:50:e0:37:bd
[STDERR  ] 2018-01-19T14:10:37.481165932Z: eth0: IAID 50:e0:37:bd
[STDERR  ] 2018-01-19T14:10:37.481171704Z: eth0: adding address fe80::ef7d:ada2:7438:3267
[STDERR  ] 2018-01-19T14:10:37.481177402Z: eth0: soliciting an IPv6 router
[STDERR  ] 2018-01-19T14:10:37.48118314Z: eth0: soliciting a DHCP lease
[STDERR  ] 2018-01-19T14:10:37.481189357Z: eth0: offered 10.0.2.15 from 10.0.2.2
[STDERR  ] 2018-01-19T14:10:37.481197673Z: eth0: leased 10.0.2.15 for 86400 seconds
[STDERR  ] 2018-01-19T14:10:37.481203842Z: eth0: adding route to 10.0.2.0/24
[STDERR  ] 2018-01-19T14:10:37.481209998Z: eth0: adding default route via 10.0.2.2
[STDERR  ] 2018-01-19T14:10:37.481215617Z: exiting due to oneshot
[STDERR  ] 2018-01-19T14:10:37.481221179Z: dhcpcd exited
[STDERR  ] 2018-01-19T14:10:37.481227132Z: [    7.682944] IPVS: Creating netns size=2104 id=1
[STDERR  ] 2018-01-19T14:10:37.481233048Z: [    7.687987] IPVS: ftp: loaded support on port[0] = 21
[STDERR  ] 2018-01-19T14:10:37.481239371Z: 2018/01/19 14:09:08 Creating partition on /dev/sda
[STDERR  ] 2018-01-19T14:10:37.481245135Z: [    7.786280]  sda:
[STDERR  ] 2018-01-19T14:10:37.481251013Z: [    7.800505]  sda:
[STDERR  ] 2018-01-19T14:10:37.481256824Z: [    7.819115]  sda: sda1
[STDERR  ] 2018-01-19T14:10:37.481262635Z: [    7.828669]  sda: sda1
[STDERR  ] 2018-01-19T14:10:37.481268617Z: 2018/01/19 14:09:09 Partition /dev/sda1 successfully created!
[STDERR  ] 2018-01-19T14:10:37.481274815Z: [    9.371357] IPVS: Creating netns size=2104 id=2
[STDERR  ] 2018-01-19T14:10:37.481280595Z: [    9.377532] IPVS: ftp: loaded support on port[0] = 21
[STDERR  ] 2018-01-19T14:10:37.481286429Z: [    9.428226] EXT4-fs (sda1): couldn't mount as ext3 due to feature incompatibilities
[STDERR  ] 2018-01-19T14:10:37.48129216Z: [    9.439185] EXT4-fs (sda1): couldn't mount as ext2 due to feature incompatibilities
[STDERR  ] 2018-01-19T14:10:37.481298086Z: [    9.456838] EXT4-fs (sda1): mounted filesystem with ordered data mode. Opts: (null)
[STDERR  ] 2018-01-19T14:10:37.481303878Z: v1.0.1
[STDERR  ] 2018-01-19T14:10:37.481309897Z: 9b55aab90508bd389d7654c4baf173a981477d55
[STDERR  ] 2018-01-19T14:10:37.481315658Z:  root-test
[STDERR  ] 2018-01-19T14:10:37.481321483Z: ok  	github.com/containerd/containerd/archive	0.120s
[STDERR  ] 2018-01-19T14:10:37.48132717Z: [   18.271011] XFS (loop0): Mounting V4 Filesystem
[STDERR  ] 2018-01-19T14:10:37.48133307Z: [   18.279712] XFS (loop0): Ending clean mount
[STDERR  ] 2018-01-19T14:10:37.481345172Z: [   18.286296] XFS (loop0): Unmounting Filesystem
[STDERR  ] 2018-01-19T14:10:37.481351543Z: [   18.580978] XFS (loop0): Mounting V4 Filesystem
[STDERR  ] 2018-01-19T14:10:37.481359399Z: [   18.589739] XFS (loop0): Ending clean mount
[STDERR  ] 2018-01-19T14:10:37.481365199Z: [   18.596236] XFS (loop0): Unmounting Filesystem
[STDERR  ] 2018-01-19T14:10:37.481370988Z: ok  	github.com/containerd/containerd/fs	0.686s
[STDERR  ] 2018-01-19T14:10:37.481376583Z: ok  	github.com/containerd/containerd/metadata	3.693s
[STDERR  ] 2018-01-19T14:10:37.48138607Z: [   37.490789] XFS (loop2): Mounting V5 Filesystem
[STDERR  ] 2018-01-19T14:10:37.481395731Z: [   37.498533] XFS (loop2): Ending clean mount
[STDERR  ] 2018-01-19T14:10:37.481401565Z: [   37.507041] XFS (loop2): Unmounting Filesystem
[STDERR  ] 2018-01-19T14:10:37.481407241Z: ok  	github.com/containerd/containerd/mount/lookup_test	0.381s
[STDERR  ] 2018-01-19T14:10:37.481413738Z: [   40.410090] raid6: sse2x1   gen()  8287 MB/s
[STDERR  ] 2018-01-19T14:10:37.481419418Z: [   40.580115] raid6: sse2x1   xor()  6182 MB/s
[STDERR  ] 2018-01-19T14:10:37.481429139Z: [   40.750081] raid6: sse2x2   gen() 10225 MB/s
[STDERR  ] 2018-01-19T14:10:37.481435078Z: [   40.920100] raid6: sse2x2   xor()  6598 MB/s
[STDERR  ] 2018-01-19T14:10:37.481440885Z: [   41.090068] raid6: sse2x4   gen() 12364 MB/s
[STDERR  ] 2018-01-19T14:10:37.481446404Z: [   41.260116] raid6: sse2x4   xor()  8079 MB/s
[STDERR  ] 2018-01-19T14:10:37.48145219Z: [   41.263371] raid6: using algorithm sse2x4 gen() 12364 MB/s
[STDERR  ] 2018-01-19T14:10:37.481458351Z: [   41.267023] raid6: .... xor() 8079 MB/s, rmw enabled
[STDERR  ] 2018-01-19T14:10:37.481464708Z: [   41.270601] raid6: using intx1 recovery algorithm
[STDERR  ] 2018-01-19T14:10:37.481470457Z: [   41.274950] xor: measuring software checksum speed
[STDERR  ] 2018-01-19T14:10:37.481476347Z: [   41.370095]    prefetch64-sse: 17200.800 MB/sec
[STDERR  ] 2018-01-19T14:10:37.481482014Z: [   41.470156]    generic_sse: 15735.600 MB/sec
[STDERR  ] 2018-01-19T14:10:37.481490898Z: [   41.474576] xor: using function: prefetch64-sse (17200.800 MB/sec)
[STDERR  ] 2018-01-19T14:10:37.481497445Z: [   41.532667] Btrfs loaded, crc32c=crc32c-generic
[STDERR  ] 2018-01-19T14:10:37.48150329Z: [   41.536017] BTRFS: device fsid c36573d8-f2ce-41a3-a22a-080692209037 devid 1 transid 5 /dev/loop2
[STDERR  ] 2018-01-19T14:10:37.481509179Z: [   41.570743] BTRFS info (device loop2): disk space caching is enabled
[STDERR  ] 2018-01-19T14:10:37.481515347Z: [   41.575572] BTRFS info (device loop2): has skinny extents
[STDERR  ] 2018-01-19T14:10:37.481521084Z: [   41.578975] BTRFS info (device loop2): flagging fs with big metadata feature
[STDERR  ] 2018-01-19T14:10:37.481527863Z: [   41.584943] BTRFS info (device loop2): creating UUID tree
[STDERR  ] 2018-01-19T14:10:37.481533603Z: [   42.060439] BTRFS: device fsid be1c3278-1dd6-421e-9fe4-4f5219bd8fbb devid 1 transid 5 /dev/loop2
[STDERR  ] 2018-01-19T14:10:37.481539545Z: [   42.150454] BTRFS info (device loop2): disk space caching is enabled
[STDERR  ] 2018-01-19T14:10:37.481545741Z: [   42.154989] BTRFS info (device loop2): has skinny extents
[STDERR  ] 2018-01-19T14:10:37.481551599Z: [   42.158531] BTRFS info (device loop2): flagging fs with big metadata feature
[STDERR  ] 2018-01-19T14:10:37.481557384Z: [   42.164412] BTRFS info (device loop2): creating UUID tree
[STDERR  ] 2018-01-19T14:10:37.481565948Z: [   42.530377] BTRFS: device fsid a89625c4-d3fb-44bc-baa7-8acf464b5f3e devid 1 transid 5 /dev/loop2
[STDERR  ] 2018-01-19T14:10:37.481571903Z: [   42.620540] BTRFS info (device loop2): disk space caching is enabled
[STDERR  ] 2018-01-19T14:10:37.481577641Z: [   42.627621] BTRFS info (device loop2): has skinny extents
[STDERR  ] 2018-01-19T14:10:37.481584092Z: [   42.633602] BTRFS info (device loop2): flagging fs with big metadata feature
[STDERR  ] 2018-01-19T14:10:37.481590207Z: [   42.642930] BTRFS info (device loop2): creating UUID tree
[STDERR  ] 2018-01-19T14:10:37.481596058Z: [   43.020330] BTRFS: device fsid e55afa65-de45-412a-9c22-f23b0175c6f2 devid 1 transid 5 /dev/loop2
[STDERR  ] 2018-01-19T14:10:37.48160229Z: [   43.120462] BTRFS info (device loop2): disk space caching is enabled
[STDERR  ] 2018-01-19T14:10:37.481608796Z: [   43.127574] BTRFS info (device loop2): has skinny extents
[STDERR  ] 2018-01-19T14:10:37.481615521Z: [   43.133417] BTRFS info (device loop2): flagging fs with big metadata feature
[STDERR  ] 2018-01-19T14:10:37.481621265Z: [   43.142669] BTRFS info (device loop2): creating UUID tree
[STDERR  ] 2018-01-19T14:10:37.481633467Z: [   43.560454] BTRFS: device fsid 7523e8d9-1dab-4b44-b94a-90c1a8f65b49 devid 1 transid 5 /dev/loop2
[STDERR  ] 2018-01-19T14:10:37.481639221Z: [   43.660549] BTRFS info (device loop2): disk space caching is enabled
[STDERR  ] 2018-01-19T14:10:37.481645474Z: [   43.667820] BTRFS info (device loop2): has skinny extents
[STDERR  ] 2018-01-19T14:10:37.481651487Z: [   43.673829] BTRFS info (device loop2): flagging fs with big metadata feature
[STDERR  ] 2018-01-19T14:10:37.48165783Z: [   43.683018] BTRFS info (device loop2): creating UUID tree
[STDERR  ] 2018-01-19T14:10:37.481666817Z: [   44.050399] BTRFS: device fsid e3030087-aea4-4c5e-bc65-3e88be4f0e08 devid 1 transid 5 /dev/loop2
[STDERR  ] 2018-01-19T14:10:37.481673187Z: [   44.150450] BTRFS info (device loop2): disk space caching is enabled
[STDERR  ] 2018-01-19T14:10:37.481679284Z: [   44.158895] BTRFS info (device loop2): has skinny extents
[STDERR  ] 2018-01-19T14:10:37.48168555Z: [   44.166112] BTRFS info (device loop2): flagging fs with big metadata feature
[STDERR  ] 2018-01-19T14:10:37.48169181Z: [   44.177628] BTRFS info (device loop2): creating UUID tree
[STDERR  ] 2018-01-19T14:10:37.481698197Z: [   44.680383] BTRFS: device fsid ceb55944-aced-4405-80a4-aca9d1c2c5ce devid 1 transid 5 /dev/loop2
[STDERR  ] 2018-01-19T14:10:37.481709101Z: [   44.780458] BTRFS info (device loop2): disk space caching is enabled
[STDERR  ] 2018-01-19T14:10:37.481715611Z: [   44.789589] BTRFS info (device loop2): has skinny extents
[STDERR  ] 2018-01-19T14:10:37.481724883Z: [   44.795749] BTRFS info (device loop2): flagging fs with big metadata feature
[STDERR  ] 2018-01-19T14:10:37.481731641Z: [   44.804957] BTRFS info (device loop2): creating UUID tree
[STDERR  ] 2018-01-19T14:10:37.481738011Z: [   45.360448] BTRFS: device fsid a32a0d30-36f7-4840-9e35-d314443384b3 devid 1 transid 5 /dev/loop2
[STDERR  ] 2018-01-19T14:10:37.48174387Z: [   45.450627] BTRFS info (device loop2): disk space caching is enabled
[STDERR  ] 2018-01-19T14:10:37.481752411Z: [   45.458859] BTRFS info (device loop2): has skinny extents
[STDERR  ] 2018-01-19T14:10:37.481759396Z: [   45.464885] BTRFS info (device loop2): flagging fs with big metadata feature
[STDERR  ] 2018-01-19T14:10:37.481766305Z: [   45.474127] BTRFS info (device loop2): creating UUID tree
[STDERR  ] 2018-01-19T14:10:37.481773616Z: [   45.880458] BTRFS: device fsid 3dc3f65d-975f-46a4-a3ab-007630b67c9a devid 1 transid 5 /dev/loop2
[STDERR  ] 2018-01-19T14:10:37.481782114Z: [   45.980569] BTRFS info (device loop2): disk space caching is enabled
[STDERR  ] 2018-01-19T14:10:37.481788917Z: [   45.987918] BTRFS info (device loop2): has skinny extents
[STDERR  ] 2018-01-19T14:10:37.481795203Z: [   45.994004] BTRFS info (device loop2): flagging fs with big metadata feature
[STDERR  ] 2018-01-19T14:10:37.481801731Z: [   46.003117] BTRFS info (device loop2): creating UUID tree
[STDERR  ] 2018-01-19T14:10:37.481807744Z: [   46.590464] BTRFS: device fsid f893e6b4-60d7-425c-9df5-5ae711cc59b2 devid 1 transid 5 /dev/loop2
[STDERR  ] 2018-01-19T14:10:37.481816084Z: [   46.690541] BTRFS info (device loop2): disk space caching is enabled
[STDERR  ] 2018-01-19T14:10:37.481822292Z: [   46.697638] BTRFS info (device loop2): has skinny extents
[STDERR  ] 2018-01-19T14:10:37.481828072Z: [   46.703549] BTRFS info (device loop2): flagging fs with big metadata feature
[STDERR  ] 2018-01-19T14:10:37.481834521Z: [   46.712612] BTRFS info (device loop2): creating UUID tree
[STDERR  ] 2018-01-19T14:10:37.481840858Z: [   47.200427] BTRFS: device fsid ffef25e5-2164-4948-a842-452ee91853a5 devid 1 transid 5 /dev/loop2
[STDERR  ] 2018-01-19T14:10:37.481846736Z: [   47.300569] BTRFS info (device loop2): disk space caching is enabled
[STDERR  ] 2018-01-19T14:10:37.481852545Z: [   47.307475] BTRFS info (device loop2): has skinny extents
[STDERR  ] 2018-01-19T14:10:37.481858448Z: [   47.313483] BTRFS info (device loop2): flagging fs with big metadata feature
[STDERR  ] 2018-01-19T14:10:37.48186427Z: [   47.322725] BTRFS info (device loop2): creating UUID tree
[STDERR  ] 2018-01-19T14:10:37.48187641Z: [   47.880435] BTRFS: device fsid 37a3effc-e6bf-4106-925b-f550337fe751 devid 1 transid 5 /dev/loop2
[STDERR  ] 2018-01-19T14:10:37.481882464Z: [   47.980547] BTRFS info (device loop2): disk space caching is enabled
[STDERR  ] 2018-01-19T14:10:37.481888539Z: [   47.989346] BTRFS info (device loop2): has skinny extents
[STDERR  ] 2018-01-19T14:10:37.481894447Z: [   47.996800] BTRFS info (device loop2): flagging fs with big metadata feature
[STDERR  ] 2018-01-19T14:10:37.481900799Z: [   48.008079] BTRFS info (device loop2): creating UUID tree
[STDERR  ] 2018-01-19T14:10:37.481910192Z: [   51.930366] BTRFS: device fsid 6b5fc7d2-f71c-4358-a2c3-b3ad591bfb58 devid 1 transid 5 /dev/loop2
[STDERR  ] 2018-01-19T14:10:37.481916299Z: [   52.030619] BTRFS info (device loop2): disk space caching is enabled
[STDERR  ] 2018-01-19T14:10:37.481922312Z: [   52.038367] BTRFS info (device loop2): has skinny extents
[STDERR  ] 2018-01-19T14:10:37.481928548Z: [   52.044964] BTRFS info (device loop2): flagging fs with big metadata feature
[STDERR  ] 2018-01-19T14:10:37.481934807Z: [   52.055319] BTRFS info (device loop2): creating UUID tree
[STDERR  ] 2018-01-19T14:10:37.481940687Z: [   52.430410] BTRFS: device fsid 69ee6df5-3b49-4c1a-bc76-315c2b1a686a devid 1 transid 5 /dev/loop2
[STDERR  ] 2018-01-19T14:10:37.481946643Z: [   52.520469] BTRFS info (device loop2): disk space caching is enabled
[STDERR  ] 2018-01-19T14:10:37.481952565Z: [   52.525306] BTRFS info (device loop2): has skinny extents
[STDERR  ] 2018-01-19T14:10:37.48196091Z: [   52.529501] BTRFS info (device loop2): flagging fs with big metadata feature
[STDERR  ] 2018-01-19T14:10:37.481966804Z: [   52.535712] BTRFS info (device loop2): creating UUID tree
[STDERR  ] 2018-01-19T14:10:37.481972764Z: [   52.940378] BTRFS: device fsid c9419684-18bd-4dcd-a547-a05ebe9def42 devid 1 transid 5 /dev/loop2
[STDERR  ] 2018-01-19T14:10:37.481978571Z: [   53.030587] BTRFS info (device loop2): disk space caching is enabled
[STDERR  ] 2018-01-19T14:10:37.481984379Z: [   53.035575] BTRFS info (device loop2): has skinny extents
[STDERR  ] 2018-01-19T14:10:37.481990251Z: [   53.042102] BTRFS info (device loop2): flagging fs with big metadata feature
[STDERR  ] 2018-01-19T14:10:37.481998247Z: [   53.048883] BTRFS info (device loop2): creating UUID tree
[STDERR  ] 2018-01-19T14:10:37.482004417Z: [   53.450338] BTRFS: device fsid 6c7f638f-fdf5-4246-8496-031a2270283f devid 1 transid 5 /dev/loop2
[STDERR  ] 2018-01-19T14:10:37.482010345Z: [   53.540656] BTRFS info (device loop2): disk space caching is enabled
[STDERR  ] 2018-01-19T14:10:37.482017227Z: [   53.545715] BTRFS info (device loop2): has skinny extents
[STDERR  ] 2018-01-19T14:10:37.482023447Z: [   53.551664] BTRFS info (device loop2): flagging fs with big metadata feature
[STDERR  ] 2018-01-19T14:10:37.482029607Z: [   53.559729] BTRFS info (device loop2): creating UUID tree
[STDERR  ] 2018-01-19T14:10:37.482037224Z: [   53.980352] BTRFS: device fsid e6855d39-fe0b-4161-9965-ca0fddad2766 devid 1 transid 5 /dev/loop2
[STDERR  ] 2018-01-19T14:10:37.482043074Z: [   54.070509] BTRFS info (device loop2): disk space caching is enabled
[STDERR  ] 2018-01-19T14:10:37.482048959Z: [   54.076404] BTRFS info (device loop2): has skinny extents
[STDERR  ] 2018-01-19T14:10:37.482054717Z: [   54.080703] BTRFS info (device loop2): flagging fs with big metadata feature
[STDERR  ] 2018-01-19T14:10:37.482060474Z: [   54.087030] BTRFS info (device loop2): creating UUID tree
[STDERR  ] 2018-01-19T14:10:37.482066066Z: [   54.490346] BTRFS: device fsid b4307798-e0eb-4190-b443-41b8522bea5a devid 1 transid 5 /dev/loop2
[STDERR  ] 2018-01-19T14:10:37.482071973Z: [   54.580482] BTRFS info (device loop2): disk space caching is enabled
[STDERR  ] 2018-01-19T14:10:37.482077669Z: [   54.586716] BTRFS info (device loop2): has skinny extents
[STDERR  ] 2018-01-19T14:10:37.482083518Z: [   54.591300] BTRFS info (device loop2): flagging fs with big metadata feature
[STDERR  ] 2018-01-19T14:10:37.482089253Z: [   54.599274] BTRFS info (device loop2): creating UUID tree
[STDERR  ] 2018-01-19T14:10:37.482095002Z: [   54.990383] BTRFS: device fsid aa14b58c-364b-455c-a384-664fae561364 devid 1 transid 5 /dev/loop2
[STDERR  ] 2018-01-19T14:10:37.48210262Z: [   55.080623] BTRFS info (device loop2): disk space caching is enabled
[STDERR  ] 2018-01-19T14:10:37.482109595Z: [   55.087063] BTRFS info (device loop2): has skinny extents
[STDERR  ] 2018-01-19T14:10:37.482115369Z: [   55.092289] BTRFS info (device loop2): flagging fs with big metadata feature
[STDERR  ] 2018-01-19T14:10:37.482121898Z: [   55.101109] BTRFS info (device loop2): creating UUID tree
[STDERR  ] 2018-01-19T14:10:37.482130691Z: ok  	github.com/containerd/containerd/snapshots/btrfs	15.320s
[STDERR  ] 2018-01-19T14:10:37.48213663Z: ok  	github.com/containerd/containerd/snapshots/naive	3.700s
[STDERR  ] 2018-01-19T14:10:37.482142377Z: ok  	github.com/containerd/containerd/snapshots/overlay	3.501s
[STDERR  ] 2018-01-19T14:10:37.482148178Z: containerd test suite PASSED
[STDERR  ] 2018-01-19T14:10:37.48215481Z: [   95.631230] sd 0:0:0:0: [sda] Synchronizing SCSI cache
[STDERR  ] 2018-01-19T14:10:37.48216069Z: [   95.635443] sd 0:0:0:0: [sda] Stopping disk
[STDERR  ] 2018-01-19T14:10:37.482167117Z: [   95.640556] ACPI: Preparing to enter system sleep state S5
[STDERR  ] 2018-01-19T14:10:37.482172991Z: [   95.646416] reboot: Power down
[STDERR  ] 2018-01-19T14:10:37.482179269Z: + grep -q suite PASSED
[STDERR  ] 2018-01-19T14:10:37.48218533Z: + echo [    0.000000] Linux version 4.9.77-linuxkit (root@8aa31b9489e8) (gcc version 6.4.0 (Alpine 6.4.0) ) #1 SMP Wed Jan 17 14:57:17 UTC 2018
[STDERR  ] 2018-01-19T14:10:37.482194178Z: [    0.000000] Command line: console=ttyS0 console=ttyAMA0
[STDERR  ] 2018-01-19T14:10:37.48220028Z: [    0.000000] x86/fpu: Legacy x87 FPU detected.
[STDERR  ] 2018-01-19T14:10:37.482205942Z: [    0.000000] x86/fpu: Using 'eager' FPU context switches.
[STDERR  ] 2018-01-19T14:10:37.48221175Z: [    0.000000] e820: BIOS-provided physical RAM map:
[STDERR  ] 2018-01-19T14:10:37.482217377Z: [    0.000000] BIOS-e820: [mem 0x0000000000000000-0x000000000009fbff] usable
[STDERR  ] 2018-01-19T14:10:37.482223729Z: [    0.000000] BIOS-e820: [mem 0x000000000009fc00-0x000000000009ffff] reserved
[STDERR  ] 2018-01-19T14:10:37.482229683Z: [    0.000000] BIOS-e820: [mem 0x00000000000f0000-0x00000000000fffff] reserved
[STDERR  ] 2018-01-19T14:10:37.482235427Z: [    0.000000] BIOS-e820: [mem 0x0000000000100000-0x000000007ffdefff] usable
[STDERR  ] 2018-01-19T14:10:37.48224114Z: [    0.000000] BIOS-e820: [mem 0x000000007ffdf000-0x000000007fffffff] reserved
[STDERR  ] 2018-01-19T14:10:37.482247051Z: [    0.000000] BIOS-e820: [mem 0x00000000b0000000-0x00000000bfffffff] reserved
[STDERR  ] 2018-01-19T14:10:37.482252798Z: [    0.000000] BIOS-e820: [mem 0x00000000fed1c000-0x00000000fed1ffff] reserved
[STDERR  ] 2018-01-19T14:10:37.482259509Z: [    0.000000] BIOS-e820: [mem 0x00000000feffc000-0x00000000feffffff] reserved
[STDERR  ] 2018-01-19T14:10:37.48226572Z: [    0.000000] BIOS-e820: [mem 0x00000000fffc0000-0x00000000ffffffff] reserved
[STDERR  ] 2018-01-19T14:10:37.482271606Z: [    0.000000] NX (Execute Disable) protection: active
[STDERR  ] 2018-01-19T14:10:37.48227725Z: [    0.000000] SMBIOS 2.8 present.
[STDERR  ] 2018-01-19T14:10:37.482283237Z: [    0.000000] Hypervisor detected: KVM
[STDERR  ] 2018-01-19T14:10:37.482288876Z: [    0.000000] e820: last_pfn = 0x7ffdf max_arch_pfn = 0x400000000
[STDERR  ] 2018-01-19T14:10:37.48229477Z: [    0.000000] x86/PAT: PAT not supported by CPU.
[STDERR  ] 2018-01-19T14:10:37.482302556Z: [    0.000000] x86/PAT: Configuration [0-7]: WB  WT  UC- UC  WB  WT  UC- UC  
[STDERR  ] 2018-01-19T14:10:37.482308613Z: [    0.000000] found SMP MP-table at [mem 0x000f6aa0-0x000f6aaf] mapped at [ffff9091800f6aa0]
[STDERR  ] 2018-01-19T14:10:37.482314484Z: [    0.000000] RAMDISK: [mem 0x734f1000-0x7ffcffff]
[STDERR  ] 2018-01-19T14:10:37.482320216Z: [    0.000000] ACPI: Early table checksum verification disabled
[STDERR  ] 2018-01-19T14:10:37.482325857Z: [    0.000000] ACPI: RSDP 0x00000000000F68B0 000014 (v00 BOCHS )
[STDERR  ] 2018-01-19T14:10:37.4823316Z: [    0.000000] ACPI: RSDT 0x000000007FFE20A8 000034 (v01 BOCHS  BXPCRSDT 00000001 BXPC 00000001)
[STDERR  ] 2018-01-19T14:10:37.482337389Z: [    0.000000] ACPI: FACP 0x000000007FFE1EC8 0000F4 (v03 BOCHS  BXPCFACP 00000001 BXPC 00000001)
[STDERR  ] 2018-01-19T14:10:37.48234328Z: [    0.000000] ACPI: DSDT 0x000000007FFE0040 001E88 (v01 BOCHS  BXPCDSDT 00000001 BXPC 00000001)
[STDERR  ] 2018-01-19T14:10:37.482349126Z: [    0.000000] ACPI: FACS 0x000000007FFE0000 000040
[STDERR  ] 2018-01-19T14:10:37.482354903Z: [    0.000000] ACPI: APIC 0x000000007FFE1FBC 000078 (v01 BOCHS  BXPCAPIC 00000001 BXPC 00000001)
[STDERR  ] 2018-01-19T14:10:37.482366989Z: [    0.000000] ACPI: HPET 0x000000007FFE2034 000038 (v01 BOCHS  BXPCHPET 00000001 BXPC 00000001)
[STDERR  ] 2018-01-19T14:10:37.48237331Z: [    0.000000] ACPI: MCFG 0x000000007FFE206C 00003C (v01 BOCHS  BXPCMCFG 00000001 BXPC 00000001)
[STDERR  ] 2018-01-19T14:10:37.482378943Z: [    0.000000] kvm-clock: Using msrs 4b564d01 and 4b564d00
[STDERR  ] 2018-01-19T14:10:37.482386589Z: [    0.000000] kvm-clock: cpu 0, msr 0:7ffdd001, primary cpu clock
[STDERR  ] 2018-01-19T14:10:37.482392664Z: [    0.000000] clocksource: kvm-clock: mask: 0xffffffffffffffff max_cycles: 0x1cd42e4dffb, max_idle_ns: 881590591483 ns
[STDERR  ] 2018-01-19T14:10:37.482400633Z: [    0.000000] Zone ranges:
[STDERR  ] 2018-01-19T14:10:37.482407151Z: [    0.000000]   DMA      [mem 0x0000000000001000-0x0000000000ffffff]
[STDERR  ] 2018-01-19T14:10:37.482416422Z: [    0.000000]   DMA32    [mem 0x0000000001000000-0x000000007ffdefff]
[STDERR  ] 2018-01-19T14:10:37.482422415Z: [    0.000000]   Normal   empty
[STDERR  ] 2018-01-19T14:10:37.482428509Z: [    0.000000] Movable zone start for each node
[STDERR  ] 2018-01-19T14:10:37.482434157Z: [    0.000000] Early memory node ranges
[STDERR  ] 2018-01-19T14:10:37.482439806Z: [    0.000000]   node   0: [mem 0x0000000000001000-0x000000000009efff]
[STDERR  ] 2018-01-19T14:10:37.482445487Z: [    0.000000]   node   0: [mem 0x0000000000100000-0x000000007ffdefff]
[STDERR  ] 2018-01-19T14:10:37.482451538Z: [    0.000000] Initmem setup node 0 [mem 0x0000000000001000-0x000000007ffdefff]
[STDERR  ] 2018-01-19T14:10:37.482457291Z: [    0.000000] ACPI: PM-Timer IO Port: 0x608
[STDERR  ] 2018-01-19T14:10:37.482463038Z: [    0.000000] ACPI: LAPIC_NMI (acpi_id[0xff] dfl dfl lint[0x1])
[STDERR  ] 2018-01-19T14:10:37.482468857Z: [    0.000000] IOAPIC[0]: apic_id 0, version 17, address 0xfec00000, GSI 0-23
[STDERR  ] 2018-01-19T14:10:37.482474771Z: [    0.000000] ACPI: INT_SRC_OVR (bus 0 bus_irq 0 global_irq 2 dfl dfl)
[STDERR  ] 2018-01-19T14:10:37.482482349Z: [    0.000000] ACPI: INT_SRC_OVR (bus 0 bus_irq 5 global_irq 5 high level)
[STDERR  ] 2018-01-19T14:10:37.482488529Z: [    0.000000] ACPI: INT_SRC_OVR (bus 0 bus_irq 9 global_irq 9 high level)
[STDERR  ] 2018-01-19T14:10:37.482494289Z: [    0.000000] ACPI: INT_SRC_OVR (bus 0 bus_irq 10 global_irq 10 high level)
[STDERR  ] 2018-01-19T14:10:37.482500538Z: [    0.000000] ACPI: INT_SRC_OVR (bus 0 bus_irq 11 global_irq 11 high level)
[STDERR  ] 2018-01-19T14:10:37.482507429Z: [    0.000000] Using ACPI (MADT) for SMP configuration information
[STDERR  ] 2018-01-19T14:10:37.482513269Z: [    0.000000] ACPI: HPET id: 0x8086a201 base: 0xfed00000
[STDERR  ] 2018-01-19T14:10:37.482518943Z: [    0.000000] smpboot: Allowing 1 CPUs, 0 hotplug CPUs
[STDERR  ] 2018-01-19T14:10:37.482524798Z: [    0.000000] e820: [mem 0xc0000000-0xfed1bfff] available for PCI devices
[STDERR  ] 2018-01-19T14:10:37.482531202Z: [    0.000000] Booting paravirtualized kernel on KVM
[STDERR  ] 2018-01-19T14:10:37.482536883Z: [    0.000000] clocksource: refined-jiffies: mask: 0xffffffff max_cycles: 0xffffffff, max_idle_ns: 19112604462750000 ns
[STDERR  ] 2018-01-19T14:10:37.482542606Z: [    0.000000] setup_percpu: NR_CPUS:128 nr_cpumask_bits:128 nr_cpu_ids:1 nr_node_ids:1
[STDERR  ] 2018-01-19T14:10:37.48254837Z: [    0.000000] percpu: Embedded 36 pages/cpu @ffff9091f3200000 s106904 r8192 d32360 u2097152
[STDERR  ] 2018-01-19T14:10:37.482554117Z: [    0.000000] KVM setup async PF for cpu 0
[STDERR  ] 2018-01-19T14:10:37.482560296Z: [    0.000000] kvm-stealtime: cpu 0, msr 7320fd80
[STDERR  ] 2018-01-19T14:10:37.48256592Z: [    0.000000] Built 1 zonelists in Zone order, mobility grouping on.  Total pages: 515944
[STDERR  ] 2018-01-19T14:10:37.482571966Z: [    0.000000] Kernel command line: console=ttyS0 console=ttyAMA0
[STDERR  ] 2018-01-19T14:10:37.482579607Z: [    0.000000] PID hash table entries: 4096 (order: 3, 32768 bytes)
[STDERR  ] 2018-01-19T14:10:37.482585451Z: [    0.000000] Dentry cache hash table entries: 262144 (order: 9, 2097152 bytes)
[STDERR  ] 2018-01-19T14:10:37.482594586Z: [    0.000000] Inode-cache hash table entries: 131072 (order: 8, 1048576 bytes)
[STDERR  ] 2018-01-19T14:10:37.482601473Z: [    0.000000] Memory: 1837040K/2096628K available (8054K kernel code, 1391K rwdata, 2700K rodata, 1396K init, 564K bss, 259588K reserved, 0K cma-reserved)
[STDERR  ] 2018-01-19T14:10:37.482607644Z: [    0.000000] Kernel/User page tables isolation: enabled
[STDERR  ] 2018-01-19T14:10:37.48261333Z: [    0.000000] Hierarchical RCU implementation.
[STDERR  ] 2018-01-19T14:10:37.482619164Z: [    0.000000] 	Build-time adjustment of leaf fanout to 64.
[STDERR  ] 2018-01-19T14:10:37.48262488Z: [    0.000000] 	RCU restricting CPUs from NR_CPUS=128 to nr_cpu_ids=1.
[STDERR  ] 2018-01-19T14:10:37.482631523Z: [    0.000000] RCU: Adjusting geometry for rcu_fanout_leaf=64, nr_cpu_ids=1
[STDERR  ] 2018-01-19T14:10:37.482640003Z: [    0.000000] NR_IRQS:8448 nr_irqs:256 16
[STDERR  ] 2018-01-19T14:10:37.482645731Z: [    0.000000] Console: colour VGA+ 80x25
[STDERR  ] 2018-01-19T14:10:37.482651467Z: [    0.000000] console [ttyS0] enabled
[STDERR  ] 2018-01-19T14:10:37.482657156Z: [    0.000000] clocksource: hpet: mask: 0xffffffff max_cycles: 0xffffffff, max_idle_ns: 19112604467 ns
[STDERR  ] 2018-01-19T14:10:37.4826631Z: [    0.000000] tsc: Detected 2299.998 MHz processor
[STDERR  ] 2018-01-19T14:10:37.482668856Z: [    0.020000] Calibrating delay loop (skipped) preset value.. 4599.99 BogoMIPS (lpj=22999980)
[STDERR  ] 2018-01-19T14:10:37.482674726Z: [    0.023121] pid_max: default: 32768 minimum: 301
[STDERR  ] 2018-01-19T14:10:37.482680609Z: [    0.028051] ACPI: Core revision 20160831
[STDERR  ] 2018-01-19T14:10:37.482686357Z: [    0.030708] ACPI: 1 ACPI AML tables successfully acquired and loaded
[STDERR  ] 2018-01-19T14:10:37.482692153Z: [    0.040078] Security Framework initialized
[STDERR  ] 2018-01-19T14:10:37.482697798Z: [    0.044730] Yama: becoming mindful.
[STDERR  ] 2018-01-19T14:10:37.48270886Z: [    0.050087] Mount-cache hash table entries: 4096 (order: 3, 32768 bytes)
[STDERR  ] 2018-01-19T14:10:37.48271559Z: [    0.057777] Mountpoint-cache hash table entries: 4096 (order: 3, 32768 bytes)
[STDERR  ] 2018-01-19T14:10:37.482721977Z: [    0.060913] CPU: Physical Processor ID: 0
[STDERR  ] 2018-01-19T14:10:37.482727635Z: [    0.070221] Last level iTLB entries: 4KB 0, 2MB 0, 4MB 0
[STDERR  ] 2018-01-19T14:10:37.482733498Z: [    0.076370] Last level dTLB entries: 4KB 0, 2MB 0, 4MB 0, 1GB 0
[STDERR  ] 2018-01-19T14:10:37.482739322Z: [    0.080036] Spectre V2 mitigation: Vulnerable: Minimal generic ASM retpoline
[STDERR  ] 2018-01-19T14:10:37.482745237Z: [    0.214730] Freeing SMP alternatives memory: 20K
[STDERR  ] 2018-01-19T14:10:37.482753156Z: [    0.254526] ftrace: allocating 35560 entries in 139 pages
[STDERR  ] 2018-01-19T14:10:37.482759117Z: [    0.270157] smpboot: Max logical packages: 1
[STDERR  ] 2018-01-19T14:10:37.482764763Z: [    0.283034] x2apic enabled
[STDERR  ] 2018-01-19T14:10:37.48277101Z: [    0.290026] Switched APIC routing to physical x2apic.
[STDERR  ] 2018-01-19T14:10:37.482776798Z: [    0.305439] ..TIMER: vector=0x30 apic1=0 pin1=2 apic2=-1 pin2=-1
[STDERR  ] 2018-01-19T14:10:37.482782723Z: [    0.310000] smpboot: CPU0: Intel QEMU Virtual CPU version 2.5+ (family: 0x6, model: 0x6, stepping: 0x3)
[STDERR  ] 2018-01-19T14:10:37.482788891Z: [    0.310011] Performance Events: PMU not available due to virtualization, using software events only.
[STDERR  ] 2018-01-19T14:10:37.4827948Z: [    0.327662] x86: Booted up 1 node, 1 CPUs
[STDERR  ] 2018-01-19T14:10:37.482802607Z: [    0.330011] smpboot: Total of 1 processors activated (4599.99 BogoMIPS)
[STDERR  ] 2018-01-19T14:10:37.482808455Z: [    0.342217] devtmpfs: initialized
[STDERR  ] 2018-01-19T14:10:37.482814777Z: [    0.346045] x86/mm: Memory block size: 128MB
[STDERR  ] 2018-01-19T14:10:37.48282048Z: [    0.353040] clocksource: jiffies: mask: 0xffffffff max_cycles: 0xffffffff, max_idle_ns: 19112604462750000 ns
[STDERR  ] 2018-01-19T14:10:37.48283219Z: [    0.360032] futex hash table entries: 256 (order: 2, 16384 bytes)
[STDERR  ] 2018-01-19T14:10:37.482838254Z: [    0.370220] NET: Registered protocol family 16
[STDERR  ] 2018-01-19T14:10:37.482844015Z: [    0.375110] cpuidle: using governor ladder
[STDERR  ] 2018-01-19T14:10:37.482849705Z: [    0.380012] cpuidle: using governor menu
[STDERR  ] 2018-01-19T14:10:37.482855399Z: [    0.384490] ACPI: bus type PCI registered
[STDERR  ] 2018-01-19T14:10:37.482863139Z: [    0.389310] PCI: MMCONFIG for domain 0000 [bus 00-ff] at [mem 0xb0000000-0xbfffffff] (base 0xb0000000)
[STDERR  ] 2018-01-19T14:10:37.482869389Z: [    0.390013] PCI: MMCONFIG at [mem 0xb0000000-0xbfffffff] reserved in E820
[STDERR  ] 2018-01-19T14:10:37.482875657Z: [    0.400029] PCI: Using configuration type 1 for base access
[STDERR  ] 2018-01-19T14:10:37.482881468Z: [    0.411713] HugeTLB registered 2 MB page size, pre-allocated 0 pages
[STDERR  ] 2018-01-19T14:10:37.482890425Z: [    0.420301] ACPI: Added _OSI(Module Device)
[STDERR  ] 2018-01-19T14:10:37.482896197Z: [    0.424820] ACPI: Added _OSI(Processor Device)
[STDERR  ] 2018-01-19T14:10:37.482902041Z: [    0.430013] ACPI: Added _OSI(3.0 _SCP Extensions)
[STDERR  ] 2018-01-19T14:10:37.482907746Z: [    0.435171] ACPI: Added _OSI(Processor Aggregator Device)
[STDERR  ] 2018-01-19T14:10:37.482916215Z: [    0.445015] ACPI: Interpreter enabled
[STDERR  ] 2018-01-19T14:10:37.482926521Z: [    0.450021] ACPI: (supports S0 S5)
[STDERR  ] 2018-01-19T14:10:37.48293237Z: [    0.453887] ACPI: Using IOAPIC for interrupt routing
[STDERR  ] 2018-01-19T14:10:37.48293807Z: [    0.458529] PCI: Using host bridge windows from ACPI; if necessary, use "pci=nocrs" and report a bug
[STDERR  ] 2018-01-19T14:10:37.482944026Z: [    0.465945] ACPI: PCI Root Bridge [PCI0] (domain 0000 [bus 00-ff])
[STDERR  ] 2018-01-19T14:10:37.482949775Z: [    0.470023] acpi PNP0A08:00: _OSC: OS supports [ExtendedConfig ASPM ClockPM Segments MSI]
[STDERR  ] 2018-01-19T14:10:37.482955835Z: [    0.480272] acpi PNP0A08:00: _OSC: OS now controls [PCIeHotplug PME PCIeCapability]
[STDERR  ] 2018-01-19T14:10:37.482961836Z: [    0.490109] PCI host bridge to bus 0000:00
[STDERR  ] 2018-01-19T14:10:37.482967714Z: [    0.500014] pci_bus 0000:00: root bus resource [io  0x0000-0x0cf7 window]
[STDERR  ] 2018-01-19T14:10:37.482974266Z: [    0.510016] pci_bus 0000:00: root bus resource [io  0x0d00-0xffff window]
[STDERR  ] 2018-01-19T14:10:37.482980675Z: [    0.517334] pci_bus 0000:00: root bus resource [mem 0x000a0000-0x000bffff window]
[STDERR  ] 2018-01-19T14:10:37.482986406Z: [    0.520016] pci_bus 0000:00: root bus resource [mem 0xc0000000-0xfebfffff window]
[STDERR  ] 2018-01-19T14:10:37.482992215Z: [    0.530017] pci_bus 0000:00: root bus resource [bus 00-ff]
[STDERR  ] 2018-01-19T14:10:37.483000261Z: [    0.676844] pci 0000:00:1f.0: quirk: [io  0x0600-0x067f] claimed by ICH6 ACPI/GPIO/TCO
[STDERR  ] 2018-01-19T14:10:37.483006197Z: [    0.743806] ACPI: PCI Interrupt Link [LNKA] (IRQs 5 *10 11)
[STDERR  ] 2018-01-19T14:10:37.483011963Z: [    0.752041] ACPI: PCI Interrupt Link [LNKB] (IRQs 5 *10 11)
[STDERR  ] 2018-01-19T14:10:37.483017806Z: [    0.759052] ACPI: PCI Interrupt Link [LNKC] (IRQs 5 10 *11)
[STDERR  ] 2018-01-19T14:10:37.483023506Z: [    0.762310] ACPI: PCI Interrupt Link [LNKD] (IRQs 5 10 *11)
[STDERR  ] 2018-01-19T14:10:37.483029299Z: [    0.772313] ACPI: PCI Interrupt Link [LNKE] (IRQs 5 *10 11)
[STDERR  ] 2018-01-19T14:10:37.483035016Z: [    0.781454] ACPI: PCI Interrupt Link [LNKF] (IRQs 5 *10 11)
[STDERR  ] 2018-01-19T14:10:37.483040886Z: [    0.788872] ACPI: PCI Interrupt Link [LNKG] (IRQs 5 10 *11)
[STDERR  ] 2018-01-19T14:10:37.483046832Z: [    0.792296] ACPI: PCI Interrupt Link [LNKH] (IRQs 5 10 *11)
[STDERR  ] 2018-01-19T14:10:37.48305269Z: [    0.802078] ACPI: PCI Interrupt Link [GSIA] (IRQs *16)
[STDERR  ] 2018-01-19T14:10:37.483058563Z: [    0.810043] ACPI: PCI Interrupt Link [GSIB] (IRQs *17)
[STDERR  ] 2018-01-19T14:10:37.483064599Z: [    0.816776] ACPI: PCI Interrupt Link [GSIC] (IRQs *18)
[STDERR  ] 2018-01-19T14:10:37.483073434Z: [    0.821132] ACPI: PCI Interrupt Link [GSID] (IRQs *19)
[STDERR  ] 2018-01-19T14:10:37.483079472Z: [    0.827196] ACPI: PCI Interrupt Link [GSIE] (IRQs *20)
[STDERR  ] 2018-01-19T14:10:37.483085212Z: [    0.831217] ACPI: PCI Interrupt Link [GSIF] (IRQs *21)
[STDERR  ] 2018-01-19T14:10:37.483091089Z: [    0.841226] ACPI: PCI Interrupt Link [GSIG] (IRQs *22)
[STDERR  ] 2018-01-19T14:10:37.483096701Z: [    0.847838] ACPI: PCI Interrupt Link [GSIH] (IRQs *23)
[STDERR  ] 2018-01-19T14:10:37.483105677Z: [    0.851613] ACPI: Enabled 1 GPEs in block 00 to 3F
[STDERR  ] 2018-01-19T14:10:37.483111482Z: [    0.860414] SCSI subsystem initialized
[STDERR  ] 2018-01-19T14:10:37.483117285Z: [    0.864640] ACPI: bus type USB registered
[STDERR  ] 2018-01-19T14:10:37.483122934Z: [    0.870066] usbcore: registered new interface driver usbfs
[STDERR  ] 2018-01-19T14:10:37.483131525Z: [    0.876557] usbcore: registered new interface driver hub
[STDERR  ] 2018-01-19T14:10:37.483137148Z: [    0.880052] usbcore: registered new device driver usb
[STDERR  ] 2018-01-19T14:10:37.483142981Z: [    0.885480] pps_core: LinuxPPS API ver. 1 registered
[STDERR  ] 2018-01-19T14:10:37.483148672Z: [    0.890010] pps_core: Software ver. 5.3.6 - Copyright 2005-2007 Rodolfo Giometti <giometti@linux.it>
[STDERR  ] 2018-01-19T14:10:37.483154482Z: [    0.900032] PTP clock support registered
[STDERR  ] 2018-01-19T14:10:37.483160277Z: [    0.904450] PCI: Using ACPI for IRQ routing
[STDERR  ] 2018-01-19T14:10:37.483166017Z: [    1.345865] NetLabel: Initializing
[STDERR  ] 2018-01-19T14:10:37.483171882Z: [    1.349646] NetLabel:  domain hash size = 128
[STDERR  ] 2018-01-19T14:10:37.483177546Z: [    1.350010] NetLabel:  protocols = UNLABELED CIPSOv4
[STDERR  ] 2018-01-19T14:10:37.483183485Z: [    1.355272] NetLabel:  unlabeled traffic allowed by default
[STDERR  ] 2018-01-19T14:10:37.483189435Z: [    1.360057] wmi: Mapper loaded
[STDERR  ] 2018-01-19T14:10:37.483196176Z: [    1.363847] HPET: 3 timers in total, 0 timers will be used for per-cpu timer
[STDERR  ] 2018-01-19T14:10:37.483201868Z: [    1.370168] hpet0: at MMIO 0xfed00000, IRQs 2, 8, 0
[STDERR  ] 2018-01-19T14:10:37.483209526Z: [    1.381494] hpet0: 3 comparators, 64-bit 100.000000 MHz counter
[STDERR  ] 2018-01-19T14:10:37.483215329Z: [    1.392492] clocksource: Switched to clocksource kvm-clock
[STDERR  ] 2018-01-19T14:10:37.483224672Z: [    1.412137] VFS: Disk quotas dquot_6.6.0
[STDERR  ] 2018-01-19T14:10:37.483232609Z: [    1.416887] VFS: Dquot-cache hash table entries: 512 (order 0, 4096 bytes)
[STDERR  ] 2018-01-19T14:10:37.483238441Z: [    1.424450] FS-Cache: Loaded
[STDERR  ] 2018-01-19T14:10:37.483244425Z: [    1.427690] CacheFiles: Loaded
[STDERR  ] 2018-01-19T14:10:37.483250579Z: [    1.431293] pnp: PnP ACPI init
[STDERR  ] 2018-01-19T14:10:37.483256423Z: [    1.435681] pnp: PnP ACPI: found 5 devices
[STDERR  ] 2018-01-19T14:10:37.483262103Z: [    1.446561] clocksource: acpi_pm: mask: 0xffffff max_cycles: 0xffffff, max_idle_ns: 2085701024 ns
[STDERR  ] 2018-01-19T14:10:37.483268056Z: [    1.456335] NET: Registered protocol family 2
[STDERR  ] 2018-01-19T14:10:37.483275768Z: [    1.461183] TCP established hash table entries: 16384 (order: 5, 131072 bytes)
[STDERR  ] 2018-01-19T14:10:37.483282679Z: [    1.468714] TCP bind hash table entries: 16384 (order: 6, 262144 bytes)
[STDERR  ] 2018-01-19T14:10:37.483289183Z: [    1.476239] TCP: Hash tables configured (established 16384 bind 16384)
[STDERR  ] 2018-01-19T14:10:37.483296059Z: [    1.483114] UDP hash table entries: 1024 (order: 3, 32768 bytes)
[STDERR  ] 2018-01-19T14:10:37.48330179Z: [    1.489482] UDP-Lite hash table entries: 1024 (order: 3, 32768 bytes)
[STDERR  ] 2018-01-19T14:10:37.483307774Z: [    1.496225] NET: Registered protocol family 1
[STDERR  ] 2018-01-19T14:10:37.483313502Z: [    1.501230] pci 0000:00:01.0: Video device with shadowed ROM at [mem 0x000c0000-0x000dffff]
[STDERR  ] 2018-01-19T14:10:37.483319326Z: [    1.510245] Unpacking initramfs...
[STDERR  ] 2018-01-19T14:10:37.483325003Z: [    4.870294] Freeing initrd memory: 207740K
[STDERR  ] 2018-01-19T14:10:37.483334129Z: [    4.875724] PCLMULQDQ-NI instructions are not detected.
[STDERR  ] 2018-01-19T14:10:37.483339877Z: [    4.881668] AVX or AES-NI instructions are not detected.
[STDERR  ] 2018-01-19T14:10:37.48334571Z: [    4.887123] CPU feature 'AVX registers' is not supported.
[STDERR  ] 2018-01-19T14:10:37.483351363Z: [    4.892754] CPU feature 'AVX registers' is not supported.
[STDERR  ] 2018-01-19T14:10:37.483357801Z: [    4.898264] CPU feature 'AVX registers' is not supported.
[STDERR  ] 2018-01-19T14:10:37.483363602Z: [    4.903870] CPU feature 'AVX registers' is not supported.
[STDERR  ] 2018-01-19T14:10:37.483369475Z: [    4.910010] AVX2 or AES-NI instructions are not detected.
[STDERR  ] 2018-01-19T14:10:37.483376899Z: [    4.916729] AVX2 instructions are not detected.
[STDERR  ] 2018-01-19T14:10:37.483385359Z: [    4.921956] audit: initializing netlink subsys (disabled)
[STDERR  ] 2018-01-19T14:10:37.483393588Z: [    4.928220] audit: type=2000 audit(1516370944.933:1): initialized
[STDERR  ] 2018-01-19T14:10:37.483399522Z: [    4.935174] workingset: timestamp_bits=46 max_order=19 bucket_order=0
[STDERR  ] 2018-01-19T14:10:37.483405256Z: [    4.942097] squashfs: version 4.0 (2009/01/31) Phillip Lougher
[STDERR  ] 2018-01-19T14:10:37.483411203Z: [    4.948199] FS-Cache: Netfs 'cifs' registered for caching
[STDERR  ] 2018-01-19T14:10:37.483416956Z: [    4.954370] fuse init (API version 7.26)
[STDERR  ] 2018-01-19T14:10:37.483422826Z: [    4.958595] SGI XFS with ACLs, security attributes, no debug enabled
[STDERR  ] 2018-01-19T14:10:37.48342929Z: [    4.965341] 9p: Installing v9fs 9p2000 file system support
[STDERR  ] 2018-01-19T14:10:37.483435212Z: [    4.971132] FS-Cache: Netfs '9p' registered for caching
[STDERR  ] 2018-01-19T14:10:37.483441219Z: [    4.977474] NET: Registered protocol family 38
[STDERR  ] 2018-01-19T14:10:37.483447061Z: [    4.982319] Key type asymmetric registered
[STDERR  ] 2018-01-19T14:10:37.483452717Z: [    4.986527] Asymmetric key parser 'x509' registered
[STDERR  ] 2018-01-19T14:10:37.483458422Z: [    4.991958] Block layer SCSI generic (bsg) driver version 0.4 loaded (major 251)
[STDERR  ] 2018-01-19T14:10:37.483464075Z: [    4.999495] io scheduler noop registered
[STDERR  ] 2018-01-19T14:10:37.483469961Z: [    5.003663] io scheduler deadline registered (default)
[STDERR  ] 2018-01-19T14:10:37.483475636Z: [    5.009083] io scheduler cfq registered
[STDERR  ] 2018-01-19T14:10:37.483481192Z: [    5.013264] pci_hotplug: PCI Hot Plug PCI Core version: 0.5
[STDERR  ] 2018-01-19T14:10:37.483486925Z: [    5.019020] pciehp: PCI Express Hot Plug Controller Driver version: 0.4
[STDERR  ] 2018-01-19T14:10:37.483492588Z: [    5.026001] shpchp: Standard Hot Plug PCI Controller Driver version: 0.4
[STDERR  ] 2018-01-19T14:10:37.483498148Z: [    5.033035] hv_vmbus: registering driver hyperv_fb
[STDERR  ] 2018-01-19T14:10:37.483503805Z: [    5.038412] input: Power Button as /devices/LNXSYSTM:00/LNXPWRBN:00/input/input0
[STDERR  ] 2018-01-19T14:10:37.483510189Z: [    5.046117] ACPI: Power Button [PWRF]
[STDERR  ] 2018-01-19T14:10:37.483515852Z: [    5.050458] GHES: HEST is not enabled!
[STDERR  ] 2018-01-19T14:10:37.483521445Z: [    5.054927] ACPI: PCI Interrupt Link [GSIG] enabled at IRQ 22
[STDERR  ] 2018-01-19T14:10:37.483527034Z: [    5.068067] ACPI: PCI Interrupt Link [GSIH] enabled at IRQ 23
[STDERR  ] 2018-01-19T14:10:37.483532732Z: [    5.080565] xenfs: not registering filesystem on non-xen platform
[STDERR  ] 2018-01-19T14:10:37.483538457Z: [    5.088129] Serial: 8250/16550 driver, 4 ports, IRQ sharing disabled
[STDERR  ] 2018-01-19T14:10:37.483544195Z: [    5.129237] 00:04: ttyS0 at I/O 0x3f8 (irq = 4, base_baud = 115200) is a 16550A
[STDERR  ] 2018-01-19T14:10:37.483549839Z: [    5.138501] Non-volatile memory driver v1.3
[STDERR  ] 2018-01-19T14:10:37.483555499Z: [    5.145200] Hangcheck: starting hangcheck timer 0.9.1 (tick is 180 seconds, margin is 60 seconds).
[STDERR  ] 2018-01-19T14:10:37.483561265Z: [    5.155598] random: fast init done
[STDERR  ] 2018-01-19T14:10:37.483570183Z: [    5.159877] random: crng init done
[STDERR  ] 2018-01-19T14:10:37.483575859Z: [    5.165755] loop: module loaded
[STDERR  ] 2018-01-19T14:10:37.483582005Z: [    5.170373] nbd: registered device at major 43
[STDERR  ] 2018-01-19T14:10:37.483587721Z: [    5.177198] lpc_ich 0000:00:1f.0: I/O space for GPIO uninitialized
[STDERR  ] 2018-01-19T14:10:37.483593294Z: [    5.184336] VMware PVSCSI driver - version 1.0.7.0-k
[STDERR  ] 2018-01-19T14:10:37.483598844Z: [    5.189905] hv_vmbus: registering driver hv_storvsc
[STDERR  ] 2018-01-19T14:10:37.48360622Z: [    5.195923] ACPI: PCI Interrupt Link [GSIA] enabled at IRQ 16
[STDERR  ] 2018-01-19T14:10:37.483611995Z: [    5.205332] ahci 0000:00:1f.2: AHCI 0001.0000 32 slots 6 ports 1.5 Gbps 0x3f impl SATA mode
[STDERR  ] 2018-01-19T14:10:37.483617749Z: [    5.214916] ahci 0000:00:1f.2: flags: 64bit ncq only 
[STDERR  ] 2018-01-19T14:10:37.483626149Z: [    5.223962] scsi host0: ahci
[STDERR  ] 2018-01-19T14:10:37.483632375Z: [    5.227417] scsi host1: ahci
[STDERR  ] 2018-01-19T14:10:37.483638251Z: [    5.230869] scsi host2: ahci
[STDERR  ] 2018-01-19T14:10:37.483643889Z: [    5.234384] scsi host3: ahci
[STDERR  ] 2018-01-19T14:10:37.483649455Z: [    5.237878] scsi host4: ahci
[STDERR  ] 2018-01-19T14:10:37.483655048Z: [    5.241425] scsi host5: ahci
[STDERR  ] 2018-01-19T14:10:37.483661278Z: [    5.244860] ata1: SATA max UDMA/133 abar m4096@0xfebd2000 port 0xfebd2100 irq 24
[STDERR  ] 2018-01-19T14:10:37.483666955Z: [    5.253502] ata2: SATA max UDMA/133 abar m4096@0xfebd2000 port 0xfebd2180 irq 24
[STDERR  ] 2018-01-19T14:10:37.483672853Z: [    5.261970] ata3: SATA max UDMA/133 abar m4096@0xfebd2000 port 0xfebd2200 irq 24
[STDERR  ] 2018-01-19T14:10:37.483680782Z: [    5.270453] ata4: SATA max UDMA/133 abar m4096@0xfebd2000 port 0xfebd2280 irq 24
[STDERR  ] 2018-01-19T14:10:37.483687234Z: [    5.278227] ata5: SATA max UDMA/133 abar m4096@0xfebd2000 port 0xfebd2300 irq 24
[STDERR  ] 2018-01-19T14:10:37.483693456Z: [    5.286234] ata6: SATA max UDMA/133 abar m4096@0xfebd2000 port 0xfebd2380 irq 24
[STDERR  ] 2018-01-19T14:10:37.483699011Z: [    5.296807] tun: Universal TUN/TAP device driver, 1.6
[STDERR  ] 2018-01-19T14:10:37.483719167Z: [    5.302685] tun: (C) 1999-2004 Max Krasnyansky <maxk@qualcomm.com>
[STDERR  ] 2018-01-19T14:10:37.48372504Z: [    5.313929] VMware vmxnet3 virtual NIC driver - version 1.4.a.0-k-NAPI
[STDERR  ] 2018-01-19T14:10:37.483731155Z: [    5.321208] hv_vmbus: registering driver hv_netvsc
[STDERR  ] 2018-01-19T14:10:37.483736749Z: [    5.326196] Fusion MPT base driver 3.04.20
[STDERR  ] 2018-01-19T14:10:37.483744471Z: [    5.330629] Copyright (c) 1999-2008 LSI Corporation
[STDERR  ] 2018-01-19T14:10:37.483750298Z: [    5.335687] Fusion MPT SPI Host driver 3.04.20
[STDERR  ] 2018-01-19T14:10:37.483756085Z: [    5.340451] i8042: PNP: PS/2 Controller [PNP0303:KBD,PNP0f13:MOU] at 0x60,0x64 irq 1,12
[STDERR  ] 2018-01-19T14:10:37.483761991Z: [    5.352233] serio: i8042 KBD port at 0x60,0x64 irq 1
[STDERR  ] 2018-01-19T14:10:37.483767808Z: [    5.357467] serio: i8042 AUX port at 0x60,0x64 irq 12
[STDERR  ] 2018-01-19T14:10:37.483773524Z: [    5.362906] hv_vmbus: registering driver hyperv_keyboard
[STDERR  ] 2018-01-19T14:10:37.483779231Z: [    5.368561] mousedev: PS/2 mouse device common for all mice
[STDERR  ] 2018-01-19T14:10:37.483785018Z: [    5.375813] input: AT Translated Set 2 keyboard as /devices/platform/i8042/serio0/input/input1
[STDERR  ] 2018-01-19T14:10:37.483793369Z: [    5.384854] input: PC Speaker as /devices/platform/pcspkr/input/input2
[STDERR  ] 2018-01-19T14:10:37.483799958Z: [    5.392130] rtc_cmos 00:00: RTC can wake from S4
[STDERR  ] 2018-01-19T14:10:37.483805689Z: [    5.399027] rtc_cmos 00:00: rtc core: registered rtc_cmos as rtc0
[STDERR  ] 2018-01-19T14:10:37.483811433Z: [    5.406547] rtc_cmos 00:00: alarms up to one day, y3k, 114 bytes nvram, hpet irqs
[STDERR  ] 2018-01-19T14:10:37.483817535Z: [    5.414499] i2c /dev entries driver
[STDERR  ] 2018-01-19T14:10:37.483823445Z: [    5.418513] device-mapper: ioctl: 4.35.0-ioctl (2016-06-23) initialised: dm-devel@redhat.com
[STDERR  ] 2018-01-19T14:10:37.483833514Z: [    5.428632] usbcore: registered new interface driver usbhid
[STDERR  ] 2018-01-19T14:10:37.483839311Z: [    5.434839] usbhid: USB HID core driver
[STDERR  ] 2018-01-19T14:10:37.483845182Z: [    5.439229] hv_utils: Registering HyperV Utility Driver
[STDERR  ] 2018-01-19T14:10:37.483850908Z: [    5.445254] hv_vmbus: registering driver hv_util
[STDERR  ] 2018-01-19T14:10:37.483856647Z: [    5.450444] hv_vmbus: registering driver hv_balloon
[STDERR  ] 2018-01-19T14:10:37.483862274Z: [    5.455743] oprofile: using NMI interrupt.
[STDERR  ] 2018-01-19T14:10:37.483868062Z: [    5.460164] GACT probability on
[STDERR  ] 2018-01-19T14:10:37.483874161Z: [    5.463429] Mirror/redirect action on
[STDERR  ] 2018-01-19T14:10:37.483879896Z: [    5.467268] Simple TC action Loaded
[STDERR  ] 2018-01-19T14:10:37.483888407Z: [    5.471093] u32 classifier
[STDERR  ] 2018-01-19T14:10:37.483894596Z: [    5.473926]     Performance counters on
[STDERR  ] 2018-01-19T14:10:37.483900313Z: [    5.477961]     input device check on
[STDERR  ] 2018-01-19T14:10:37.483906154Z: [    5.481883]     Actions configured
[STDERR  ] 2018-01-19T14:10:37.483911922Z: [    5.485430] Netfilter messages via NETLINK v0.30.
[STDERR  ] 2018-01-19T14:10:37.483917676Z: [    5.490726] nfnl_acct: registering with nfnetlink.
[STDERR  ] 2018-01-19T14:10:37.483923458Z: [    5.495991] nf_conntrack version 0.5.0 (16384 buckets, 65536 max)
[STDERR  ] 2018-01-19T14:10:37.483929107Z: [    5.502664] ctnetlink v0.93: registering with nfnetlink.
[STDERR  ] 2018-01-19T14:10:37.483934855Z: [    5.508403] nf_tables: (c) 2007-2009 Patrick McHardy <kaber@trash.net>
[STDERR  ] 2018-01-19T14:10:37.483940633Z: [    5.515771] nf_tables_compat: (c) 2012 Pablo Neira Ayuso <pablo@netfilter.org>
[STDERR  ] 2018-01-19T14:10:37.483947516Z: [    5.524525] xt_time: kernel timezone is -0000
[STDERR  ] 2018-01-19T14:10:37.483953114Z: [    5.529063] ip_set: protocol 6
[STDERR  ] 2018-01-19T14:10:37.483958994Z: [    5.532737] IPVS: Registered protocols (TCP, UDP, SCTP, AH, ESP)
[STDERR  ] 2018-01-19T14:10:37.483964713Z: [    5.539340] IPVS: Connection hash table configured (size=4096, memory=64Kbytes)
[STDERR  ] 2018-01-19T14:10:37.483970768Z: [    5.547113] IPVS: Creating netns size=2104 id=0
[STDERR  ] 2018-01-19T14:10:37.483976402Z: [    5.553257] IPVS: ipvs loaded.
[STDERR  ] 2018-01-19T14:10:37.483982321Z: [    5.556549] IPVS: [rr] scheduler registered.
[STDERR  ] 2018-01-19T14:10:37.483988129Z: [    5.561463] IPVS: [wrr] scheduler registered.
[STDERR  ] 2018-01-19T14:10:37.483993756Z: [    5.566033] IPVS: [lc] scheduler registered.
[STDERR  ] 2018-01-19T14:10:37.483999595Z: [    5.570891] IPVS: [wlc] scheduler registered.
[STDERR  ] 2018-01-19T14:10:37.484005196Z: [    5.575426] IPVS: [fo] scheduler registered.
[STDERR  ] 2018-01-19T14:10:37.484013107Z: [    5.580463] IPVS: [ovf] scheduler registered.
[STDERR  ] 2018-01-19T14:10:37.484021253Z: [    5.585229] IPVS: [lblc] scheduler registered.
[STDERR  ] 2018-01-19T14:10:37.484027013Z: [    5.590428] IPVS: [lblcr] scheduler registered.
[STDERR  ] 2018-01-19T14:10:37.484032715Z: [    5.595182] IPVS: [dh] scheduler registered.
[STDERR  ] 2018-01-19T14:10:37.484038376Z: [    5.600165] IPVS: [sh] scheduler registered.
[STDERR  ] 2018-01-19T14:10:37.484044001Z: [    5.604607] IPVS: [sed] scheduler registered.
[STDERR  ] 2018-01-19T14:10:37.484049758Z: [    5.609466] IPVS: [nq] scheduler registered.
[STDERR  ] 2018-01-19T14:10:37.484055413Z: [    5.614172] IPVS: ftp: loaded support on port[0] = 21
[STDERR  ] 2018-01-19T14:10:37.484061134Z: [    5.619815] ipip: IPv4 and MPLS over IPv4 tunneling driver
[STDERR  ] 2018-01-19T14:10:37.484066784Z: [    5.626179] ata4: SATA link down (SStatus 0 SControl 300)
[STDERR  ] 2018-01-19T14:10:37.484072648Z: [    5.632541] ata3: SATA link up 1.5 Gbps (SStatus 113 SControl 300)
[STDERR  ] 2018-01-19T14:10:37.484078502Z: [    5.639433] ata3.00: ATAPI: QEMU DVD-ROM, 2.5+, max UDMA/100
[STDERR  ] 2018-01-19T14:10:37.48409006Z: [    5.645653] ata3.00: applying bridge limits
[STDERR  ] 2018-01-19T14:10:37.484095887Z: [    5.651135] ata2: SATA link down (SStatus 0 SControl 300)
[STDERR  ] 2018-01-19T14:10:37.484101616Z: [    5.657532] ata1: SATA link up 1.5 Gbps (SStatus 113 SControl 300)
[STDERR  ] 2018-01-19T14:10:37.484107664Z: [    5.665091] ata6: SATA link down (SStatus 0 SControl 300)
[STDERR  ] 2018-01-19T14:10:37.484113373Z: [    5.671709] ata5: SATA link down (SStatus 0 SControl 300)
[STDERR  ] 2018-01-19T14:10:37.484121015Z: [    5.677838] gre: GRE over IPv4 demultiplexor driver
[STDERR  ] 2018-01-19T14:10:37.484127084Z: [    5.683217] ata1.00: ATA-7: QEMU HARDDISK, 2.5+, max UDMA/100
[STDERR  ] 2018-01-19T14:10:37.484132751Z: [    5.689180] ata1.00: 4194304 sectors, multi 16: LBA48 NCQ (depth 31/32)
[STDERR  ] 2018-01-19T14:10:37.484139147Z: [    5.696453] ata1.00: applying bridge limits
[STDERR  ] 2018-01-19T14:10:37.484147533Z: [    5.701565] ip_tables: (C) 2000-2006 Netfilter Core Team
[STDERR  ] 2018-01-19T14:10:37.484153411Z: [    5.707540] ipt_CLUSTERIP: ClusterIP Version 0.8 loaded successfully
[STDERR  ] 2018-01-19T14:10:37.484159594Z: [    5.714538] ata3.00: configured for UDMA/100
[STDERR  ] 2018-01-19T14:10:37.484165275Z: [    5.719899] arp_tables: arp_tables: (C) 2002 David S. Miller
[STDERR  ] 2018-01-19T14:10:37.484173095Z: [    5.726715] ata1.00: configured for UDMA/100
[STDERR  ] 2018-01-19T14:10:37.484178864Z: [    5.731899] NET: Registered protocol family 10
[STDERR  ] 2018-01-19T14:10:37.484184505Z: [    5.737161] scsi 0:0:0:0: Direct-Access     ATA      QEMU HARDDISK    2.5+ PQ: 0 ANSI: 5
[STDERR  ] 2018-01-19T14:10:37.484190381Z: [    5.746508] ip6_tables: (C) 2000-2006 Netfilter Core Team
[STDERR  ] 2018-01-19T14:10:37.484196064Z: [    5.752535] sd 0:0:0:0: Attached scsi generic sg0 type 0
[STDERR  ] 2018-01-19T14:10:37.484201845Z: [    5.758101] sd 0:0:0:0: [sda] 4194304 512-byte logical blocks: (2.15 GB/2.00 GiB)
[STDERR  ] 2018-01-19T14:10:37.484207605Z: [    5.766519] NET: Registered protocol family 17
[STDERR  ] 2018-01-19T14:10:37.484213418Z: [    5.771333] sd 0:0:0:0: [sda] Write Protect is off
[STDERR  ] 2018-01-19T14:10:37.484219115Z: [    5.776630] scsi 2:0:0:0: CD-ROM            QEMU     QEMU DVD-ROM     2.5+ PQ: 0 ANSI: 5
[STDERR  ] 2018-01-19T14:10:37.484224958Z: [    5.785058] Bridge firewalling registered
[STDERR  ] 2018-01-19T14:10:37.484230554Z: [    5.789275] Ebtables v2.0 registered
