[INFO    ] 2017-09-08T15:50:20.35571441Z: Running Test linuxkit.packages.format_mount.multiple in /tmp/build/test/cases/040_packages/006_format_mount/010_multiple
[INFO    ] 2017-09-08T15:50:20.355783929Z: Running command: [/bin/sh -x /tmp/build/test/cases/040_packages/006_format_mount/010_multiple/test.sh]
[STDERR  ] 2017-09-08T15:50:20.415722692Z: + set -e
[STDERR  ] 2017-09-08T15:50:20.415839546Z: + . /tmp/build/test/cases/_lib/lib.sh
[STDERR  ] 2017-09-08T15:50:20.415917063Z: + [ -f src/github.com/linuxkit/rtf/lib/lib.sh ]
[STDERR  ] 2017-09-08T15:50:20.415942326Z: + LINUXKIT_TMPDIR=/tmp/build/test/cases/_tmp
[STDERR  ] 2017-09-08T15:50:20.415948763Z: + [ -f /tmp/build/test/cases/_tmp/env.sh ]
[STDERR  ] 2017-09-08T15:50:20.415955347Z: + . /tmp/build/test/cases/_tmp/env.sh
[STDERR  ] 2017-09-08T15:50:20.415968826Z: + export LINUXKIT_EXAMPLES_DIR=/tmp/build/test/cases/../../examples
[STDERR  ] 2017-09-08T15:50:20.415976441Z: + export LINUXKIT_BLUEPRINTS_DIR=/tmp/build/test/cases/../../blueprints
[STDERR  ] 2017-09-08T15:50:20.415984101Z: + RT_CANCEL=253
[STDERR  ] 2017-09-08T15:50:20.415990796Z: + NAME=test-format
[STDERR  ] 2017-09-08T15:50:20.415996701Z: + trap clean_up EXIT
[STDERR  ] 2017-09-08T15:50:20.416002529Z: + moby build -name test-format -format kernel+initrd test.yml
[STDERR  ] 2017-09-08T15:50:20.425525545Z: Extract kernel image: linuxkit/kernel:4.9.48
[STDERR  ] 2017-09-08T15:50:22.013240971Z: Add init containers:
[STDERR  ] 2017-09-08T15:50:22.013289403Z: Process init image: linuxkit/init:79973d34faf7d4654462f3408c5eb00befaf03b8
[STDERR  ] 2017-09-08T15:50:23.258309237Z: Process init image: linuxkit/runc:a1b564248a0d0b118c11e61db9f84ecf41dd2d2a
[STDERR  ] 2017-09-08T15:50:24.560944035Z: Add onboot containers:
[STDERR  ] 2017-09-08T15:50:24.561010683Z:   Create OCI config for linuxkit/format:158d992b7bf7ab984100c697d7e72161ea7d7382
[STDERR  ] 2017-09-08T15:50:25.963263278Z:   Create OCI config for linuxkit/format:158d992b7bf7ab984100c697d7e72161ea7d7382
[STDERR  ] 2017-09-08T15:50:25.965923543Z:   Create OCI config for linuxkit/mount:4fe245efb01384e42622c36302e13e386bbaeb08
[STDERR  ] 2017-09-08T15:50:27.201505883Z:   Create OCI config for linuxkit/mount:4fe245efb01384e42622c36302e13e386bbaeb08
[STDERR  ] 2017-09-08T15:50:27.20453693Z:   Create OCI config for alpine:3.6
[STDERR  ] 2017-09-08T15:50:28.430425443Z:   Create OCI config for linuxkit/poweroff:1e9876c682c74d0602b7647c628bb0875fb13998
[STDERR  ] 2017-09-08T15:50:29.675806341Z: Add files:
[STDERR  ] 2017-09-08T15:50:29.675850336Z:   check.sh
[STDERR  ] 2017-09-08T15:50:29.715467169Z: Create outputs:
[STDERR  ] 2017-09-08T15:50:34.610899913Z:   test-format-kernel test-format-initrd.img test-format-cmdline
[STDERR  ] 2017-09-08T15:50:34.669035945Z: + linuxkit run -disk file=test-format1.img,size=512M -disk file=test-format2.img,size=512M test-format
[STDERR  ] 2017-09-08T15:50:34.687609309Z: Unable to find qemu-system-x86_64 within the $PATH. Using a container
[STDERR  ] 2017-09-08T15:51:25.144114777Z: + RESULT=[    0.000000] Linux version 4.9.48-linuxkit (root@e1ede117fb1e) (gcc version 6.3.0 (Alpine 6.3.0) ) #1 SMP Fri Sep 8 14:00:27 UTC 2017
[STDERR  ] 2017-09-08T15:51:25.144184709Z: [    0.000000] Command line: console=ttyS0
[STDERR  ] 2017-09-08T15:51:25.144209902Z: [    0.000000] x86/fpu: Legacy x87 FPU detected.
[STDERR  ] 2017-09-08T15:51:25.144222895Z: [    0.000000] x86/fpu: Using 'eager' FPU context switches.
[STDERR  ] 2017-09-08T15:51:25.144233377Z: [    0.000000] e820: BIOS-provided physical RAM map:
[STDERR  ] 2017-09-08T15:51:25.144243531Z: [    0.000000] BIOS-e820: [mem 0x0000000000000000-0x000000000009fbff] usable
[STDERR  ] 2017-09-08T15:51:25.144319945Z: [    0.000000] BIOS-e820: [mem 0x000000000009fc00-0x000000000009ffff] reserved
[STDERR  ] 2017-09-08T15:51:25.144335095Z: [    0.000000] BIOS-e820: [mem 0x00000000000f0000-0x00000000000fffff] reserved
[STDERR  ] 2017-09-08T15:51:25.144344979Z: [    0.000000] BIOS-e820: [mem 0x0000000000100000-0x000000003ffddfff] usable
[STDERR  ] 2017-09-08T15:51:25.144354502Z: [    0.000000] BIOS-e820: [mem 0x000000003ffde000-0x000000003fffffff] reserved
[STDERR  ] 2017-09-08T15:51:25.144370593Z: [    0.000000] BIOS-e820: [mem 0x00000000b0000000-0x00000000bfffffff] reserved
[STDERR  ] 2017-09-08T15:51:25.144384793Z: [    0.000000] BIOS-e820: [mem 0x00000000fed1c000-0x00000000fed1ffff] reserved
[STDERR  ] 2017-09-08T15:51:25.144393653Z: [    0.000000] BIOS-e820: [mem 0x00000000fffc0000-0x00000000ffffffff] reserved
[STDERR  ] 2017-09-08T15:51:25.144402573Z: [    0.000000] NX (Execute Disable) protection: active
[STDERR  ] 2017-09-08T15:51:25.144413673Z: [    0.000000] SMBIOS 2.8 present.
[STDERR  ] 2017-09-08T15:51:25.144423326Z: [    0.000000] e820: last_pfn = 0x3ffde max_arch_pfn = 0x400000000
[STDERR  ] 2017-09-08T15:51:25.144433181Z: [    0.000000] x86/PAT: Configuration [0-7]: WB  WC  UC- UC  WB  WC  UC- WT  
[STDERR  ] 2017-09-08T15:51:25.144442739Z: [    0.000000] found SMP MP-table at [mem 0x000f6aa0-0x000f6aaf] mapped at [ffff91e1000f6aa0]
[STDERR  ] 2017-09-08T15:51:25.144452929Z: [    0.000000] RAMDISK: [mem 0x3e288000-0x3ffcffff]
[STDERR  ] 2017-09-08T15:51:25.144464872Z: [    0.000000] ACPI: Early table checksum verification disabled
[STDERR  ] 2017-09-08T15:51:25.144476329Z: [    0.000000] ACPI: RSDP 0x00000000000F68C0 000014 (v00 BOCHS )
[STDERR  ] 2017-09-08T15:51:25.144488265Z: [    0.000000] ACPI: RSDT 0x000000003FFE2404 000034 (v01 BOCHS  BXPCRSDT 00000001 BXPC 00000001)
[STDERR  ] 2017-09-08T15:51:25.144498556Z: [    0.000000] ACPI: FACP 0x000000003FFE22A4 000074 (v01 BOCHS  BXPCFACP 00000001 BXPC 00000001)
[STDERR  ] 2017-09-08T15:51:25.144514559Z: [    0.000000] ACPI: DSDT 0x000000003FFE0040 002264 (v01 BOCHS  BXPCDSDT 00000001 BXPC 00000001)
[STDERR  ] 2017-09-08T15:51:25.144526242Z: [    0.000000] ACPI: FACS 0x000000003FFE0000 000040
[STDERR  ] 2017-09-08T15:51:25.144535915Z: [    0.000000] ACPI: APIC 0x000000003FFE2318 000078 (v01 BOCHS  BXPCAPIC 00000001 BXPC 00000001)
[STDERR  ] 2017-09-08T15:51:25.144546002Z: [    0.000000] ACPI: HPET 0x000000003FFE2390 000038 (v01 BOCHS  BXPCHPET 00000001 BXPC 00000001)
[STDERR  ] 2017-09-08T15:51:25.144557439Z: [    0.000000] ACPI: MCFG 0x000000003FFE23C8 00003C (v01 BOCHS  BXPCMCFG 00000001 BXPC 00000001)
[STDERR  ] 2017-09-08T15:51:25.144567321Z: [    0.000000] Zone ranges:
[STDERR  ] 2017-09-08T15:51:25.144577052Z: [    0.000000]   DMA      [mem 0x0000000000001000-0x0000000000ffffff]
[STDERR  ] 2017-09-08T15:51:25.144586926Z: [    0.000000]   DMA32    [mem 0x0000000001000000-0x000000003ffddfff]
[STDERR  ] 2017-09-08T15:51:25.144599792Z: [    0.000000]   Normal   empty
[STDERR  ] 2017-09-08T15:51:25.144609681Z: [    0.000000] Movable zone start for each node
[STDERR  ] 2017-09-08T15:51:25.144620101Z: [    0.000000] Early memory node ranges
[STDERR  ] 2017-09-08T15:51:25.144629572Z: [    0.000000]   node   0: [mem 0x0000000000001000-0x000000000009efff]
[STDERR  ] 2017-09-08T15:51:25.144639923Z: [    0.000000]   node   0: [mem 0x0000000000100000-0x000000003ffddfff]
[STDERR  ] 2017-09-08T15:51:25.144652005Z: [    0.000000] Initmem setup node 0 [mem 0x0000000000001000-0x000000003ffddfff]
[STDERR  ] 2017-09-08T15:51:25.144662085Z: [    0.000000] ACPI: PM-Timer IO Port: 0x608
[STDERR  ] 2017-09-08T15:51:25.144677835Z: [    0.000000] ACPI: LAPIC_NMI (acpi_id[0xff] dfl dfl lint[0x1])
[STDERR  ] 2017-09-08T15:51:25.144688679Z: [    0.000000] IOAPIC[0]: apic_id 0, version 32, address 0xfec00000, GSI 0-23
[STDERR  ] 2017-09-08T15:51:25.144698373Z: [    0.000000] ACPI: INT_SRC_OVR (bus 0 bus_irq 0 global_irq 2 dfl dfl)
[STDERR  ] 2017-09-08T15:51:25.144708043Z: [    0.000000] ACPI: INT_SRC_OVR (bus 0 bus_irq 5 global_irq 5 high level)
[STDERR  ] 2017-09-08T15:51:25.144717253Z: [    0.000000] ACPI: INT_SRC_OVR (bus 0 bus_irq 9 global_irq 9 high level)
[STDERR  ] 2017-09-08T15:51:25.144726636Z: [    0.000000] ACPI: INT_SRC_OVR (bus 0 bus_irq 10 global_irq 10 high level)
[STDERR  ] 2017-09-08T15:51:25.144740713Z: [    0.000000] ACPI: INT_SRC_OVR (bus 0 bus_irq 11 global_irq 11 high level)
[STDERR  ] 2017-09-08T15:51:25.144750197Z: [    0.000000] Using ACPI (MADT) for SMP configuration information
[STDERR  ] 2017-09-08T15:51:25.144765646Z: [    0.000000] ACPI: HPET id: 0x8086a201 base: 0xfed00000
[STDERR  ] 2017-09-08T15:51:25.144776053Z: [    0.000000] smpboot: Allowing 1 CPUs, 0 hotplug CPUs
[STDERR  ] 2017-09-08T15:51:25.144786112Z: [    0.000000] e820: [mem 0x40000000-0xafffffff] available for PCI devices
[STDERR  ] 2017-09-08T15:51:25.144797129Z: [    0.000000] Booting paravirtualized kernel on bare hardware
[STDERR  ] 2017-09-08T15:51:25.144806379Z: [    0.000000] clocksource: refined-jiffies: mask: 0xffffffff max_cycles: 0xffffffff, max_idle_ns: 19112604462750000 ns
[STDERR  ] 2017-09-08T15:51:25.144820505Z: [    0.000000] setup_percpu: NR_CPUS:128 nr_cpumask_bits:128 nr_cpu_ids:1 nr_node_ids:1
[STDERR  ] 2017-09-08T15:51:25.144830207Z: [    0.000000] percpu: Embedded 35 pages/cpu @ffff91e13e000000 s105240 r8192 d29928 u2097152
[STDERR  ] 2017-09-08T15:51:25.144839653Z: [    0.000000] Built 1 zonelists in Zone order, mobility grouping on.  Total pages: 257895
[STDERR  ] 2017-09-08T15:51:25.144848895Z: [    0.000000] Kernel command line: console=ttyS0
[STDERR  ] 2017-09-08T15:51:25.144858847Z: [    0.000000] PID hash table entries: 4096 (order: 3, 32768 bytes)
[STDERR  ] 2017-09-08T15:51:25.144870667Z: [    0.000000] Dentry cache hash table entries: 131072 (order: 8, 1048576 bytes)
[STDERR  ] 2017-09-08T15:51:25.144880583Z: [    0.000000] Inode-cache hash table entries: 65536 (order: 7, 524288 bytes)
[STDERR  ] 2017-09-08T15:51:25.144890263Z: [    0.000000] Memory: 984184K/1048048K available (8032K kernel code, 1366K rwdata, 2696K rodata, 1380K init, 568K bss, 63864K reserved, 0K cma-reserved)
[STDERR  ] 2017-09-08T15:51:25.144918995Z: [    0.000000] Hierarchical RCU implementation.
[STDERR  ] 2017-09-08T15:51:25.144928133Z: [    0.000000] 	Build-time adjustment of leaf fanout to 64.
[STDERR  ] 2017-09-08T15:51:25.144937461Z: [    0.000000] 	RCU restricting CPUs from NR_CPUS=128 to nr_cpu_ids=1.
[STDERR  ] 2017-09-08T15:51:25.144947376Z: [    0.000000] RCU: Adjusting geometry for rcu_fanout_leaf=64, nr_cpu_ids=1
[STDERR  ] 2017-09-08T15:51:25.144956556Z: [    0.000000] NR_IRQS:8448 nr_irqs:256 16
[STDERR  ] 2017-09-08T15:51:25.144973311Z: [    0.000000] Console: colour VGA+ 80x25
[STDERR  ] 2017-09-08T15:51:25.144991122Z: [    0.000000] console [ttyS0] enabled
[STDERR  ] 2017-09-08T15:51:25.145001076Z: [    0.000000] clocksource: hpet: mask: 0xffffffff max_cycles: 0xffffffff, max_idle_ns: 19112604467 ns
[STDERR  ] 2017-09-08T15:51:25.145012005Z: [    0.000000] tsc: Fast TSC calibration using PIT
[STDERR  ] 2017-09-08T15:51:25.145021901Z: [    0.000000] tsc: Detected 2600.003 MHz processor
[STDERR  ] 2017-09-08T15:51:25.145033433Z: [    0.022237] Calibrating delay loop (skipped), value calculated using timer frequency.. 5200.00 BogoMIPS (lpj=26000030)
[STDERR  ] 2017-09-08T15:51:25.145045815Z: [    0.030584] pid_max: default: 32768 minimum: 301
[STDERR  ] 2017-09-08T15:51:25.145055941Z: [    0.031947] ACPI: Core revision 20160831
[STDERR  ] 2017-09-08T15:51:25.145065517Z: [    0.076329] ACPI: 1 ACPI AML tables successfully acquired and loaded
[STDERR  ] 2017-09-08T15:51:25.145074991Z: [    0.081314] Security Framework initialized
[STDERR  ] 2017-09-08T15:51:25.145090483Z: [    0.081799] Yama: becoming mindful.
[STDERR  ] 2017-09-08T15:51:25.145099565Z: [    0.083868] Mount-cache hash table entries: 2048 (order: 2, 16384 bytes)
[STDERR  ] 2017-09-08T15:51:25.145108469Z: [    0.084436] Mountpoint-cache hash table entries: 2048 (order: 2, 16384 bytes)
[STDERR  ] 2017-09-08T15:51:25.145117825Z: [    0.103618] Last level iTLB entries: 4KB 0, 2MB 0, 4MB 0
[STDOUT  ] 2017-09-08T15:51:25.145078163Z: [    0.000000] Linux version 4.9.48-linuxkit (root@e1ede117fb1e) (gcc version 6.3.0 (Alpine 6.3.0) ) #1 SMP Fri Sep 8 14:00:27 UTC 2017
[STDERR  ] 2017-09-08T15:51:25.145129277Z: [    0.104154] Last level dTLB entries: 4KB 0, 2MB 0, 4MB 0, 1GB 0
[STDOUT  ] 2017-09-08T15:51:25.145132253Z: [    0.000000] Command line: console=ttyS0
[STDERR  ] 2017-09-08T15:51:25.145138616Z: [    0.402022] Freeing SMP alternatives memory: 20K
[STDOUT  ] 2017-09-08T15:51:25.145144802Z: [    0.000000] x86/fpu: Legacy x87 FPU detected.
[STDERR  ] 2017-09-08T15:51:25.145153175Z: [    0.412792] ftrace: allocating 35509 entries in 139 pages
[STDOUT  ] 2017-09-08T15:51:25.145157287Z: [    0.000000] x86/fpu: Using 'eager' FPU context switches.
[STDERR  ] 2017-09-08T15:51:25.145162702Z: [    0.574428] smpboot: Max logical packages: 1
[STDOUT  ] 2017-09-08T15:51:25.145170253Z: [    0.000000] e820: BIOS-provided physical RAM map:
[STDERR  ] 2017-09-08T15:51:25.145176911Z: [    0.582542] ..TIMER: vector=0x30 apic1=0 pin1=2 apic2=-1 pin2=-1
[STDOUT  ] 2017-09-08T15:51:25.145182646Z: [    0.000000] BIOS-e820: [mem 0x0000000000000000-0x000000000009fbff] usable
[STDERR  ] 2017-09-08T15:51:25.145187912Z: [    0.690000] smpboot: CPU0: AMD QEMU Virtual CPU version 2.5+ (family: 0x6, model: 0x6, stepping: 0x3)
[STDOUT  ] 2017-09-08T15:51:25.145194419Z: [    0.000000] BIOS-e820: [mem 0x000000000009fc00-0x000000000009ffff] reserved
[STDERR  ] 2017-09-08T15:51:25.145198091Z: [    0.690000] Performance Events: PMU not available due to virtualization, using software events only.
[STDOUT  ] 2017-09-08T15:51:25.145203715Z: [    0.000000] BIOS-e820: [mem 0x00000000000f0000-0x00000000000fffff] reserved
[STDERR  ] 2017-09-08T15:51:25.145207805Z: [    0.698998] NMI watchdog: disabled (cpu0): hardware events not enabled
[STDOUT  ] 2017-09-08T15:51:25.145217931Z: [    0.000000] BIOS-e820: [mem 0x0000000000100000-0x000000003ffddfff] usable
[STDERR  ] 2017-09-08T15:51:25.145219172Z: [    0.699464] NMI watchdog: Shutting down hard lockup detector on all cpus
[STDOUT  ] 2017-09-08T15:51:25.145227636Z: [    0.000000] BIOS-e820: [mem 0x000000003ffde000-0x000000003fffffff] reserved
[STDERR  ] 2017-09-08T15:51:25.145229329Z: [    0.703502] x86: Booted up 1 node, 1 CPUs
[STDOUT  ] 2017-09-08T15:51:25.145237246Z: [    0.000000] BIOS-e820: [mem 0x00000000b0000000-0x00000000bfffffff] reserved
[STDERR  ] 2017-09-08T15:51:25.145238649Z: [    0.703927] smpboot: Total of 1 processors activated (5200.00 BogoMIPS)
[STDOUT  ] 2017-09-08T15:51:25.145247136Z: [    0.000000] BIOS-e820: [mem 0x00000000fed1c000-0x00000000fed1ffff] reserved
[STDERR  ] 2017-09-08T15:51:25.145248543Z: [    0.718950] devtmpfs: initialized
[STDOUT  ] 2017-09-08T15:51:25.145256479Z: [    0.000000] BIOS-e820: [mem 0x00000000fffc0000-0x00000000ffffffff] reserved
[STDERR  ] 2017-09-08T15:51:25.145266432Z: [    0.725916] x86/mm: Memory block size: 128MB
[STDOUT  ] 2017-09-08T15:51:25.145267565Z: [    0.000000] NX (Execute Disable) protection: active
[STDERR  ] 2017-09-08T15:51:25.145276607Z: [    0.788926] clocksource: jiffies: mask: 0xffffffff max_cycles: 0xffffffff, max_idle_ns: 19112604462750000 ns
[STDOUT  ] 2017-09-08T15:51:25.145277973Z: [    0.000000] SMBIOS 2.8 present.
[STDERR  ] 2017-09-08T15:51:25.145286146Z: [    0.790130] futex hash table entries: 256 (order: 2, 16384 bytes)
[STDOUT  ] 2017-09-08T15:51:25.145288057Z: [    0.000000] e820: last_pfn = 0x3ffde max_arch_pfn = 0x400000000
[STDOUT  ] 2017-09-08T15:51:25.145297236Z: [    0.000000] x86/PAT: Configuration [0-7]: WB  WC  UC- UC  WB  WC  UC- WT  
[STDERR  ] 2017-09-08T15:51:25.145299262Z: [    0.799573] NET: Registered protocol family 16
[STDERR  ] 2017-09-08T15:51:25.145308895Z: [    0.810931] cpuidle: using governor ladder
[STDOUT  ] 2017-09-08T15:51:25.145316053Z: [    0.000000] found SMP MP-table at [mem 0x000f6aa0-0x000f6aaf] mapped at [ffff91e1000f6aa0]
[STDERR  ] 2017-09-08T15:51:25.145322383Z: [    0.811404] cpuidle: using governor menu
[STDOUT  ] 2017-09-08T15:51:25.145326421Z: [    0.000000] RAMDISK: [mem 0x3e288000-0x3ffcffff]
[STDERR  ] 2017-09-08T15:51:25.145331919Z: [    0.812507] ACPI: bus type PCI registered
[STDOUT  ] 2017-09-08T15:51:25.145337722Z: [    0.000000] ACPI: Early table checksum verification disabled
[STDERR  ] 2017-09-08T15:51:25.145341503Z: [    0.815280] PCI: MMCONFIG for domain 0000 [bus 00-ff] at [mem 0xb0000000-0xbfffffff] (base 0xb0000000)
[STDOUT  ] 2017-09-08T15:51:25.145348187Z: [    0.000000] ACPI: RSDP 0x00000000000F68C0 000014 (v00 BOCHS )
[STDERR  ] 2017-09-08T15:51:25.145351303Z: [    0.816118] PCI: MMCONFIG at [mem 0xb0000000-0xbfffffff] reserved in E820
[STDOUT  ] 2017-09-08T15:51:25.145362469Z: [    0.000000] ACPI: RSDT 0x000000003FFE2404 000034 (v01 BOCHS  BXPCRSDT 00000001 BXPC 00000001)
[STDERR  ] 2017-09-08T15:51:25.145363987Z: [    0.817601] PCI: Using configuration type 1 for base access
[STDERR  ] 2017-09-08T15:51:25.145373777Z: [    0.873615] HugeTLB registered 2 MB page size, pre-allocated 0 pages
[STDOUT  ] 2017-09-08T15:51:25.145374517Z: [    0.000000] ACPI: FACP 0x000000003FFE22A4 000074 (v01 BOCHS  BXPCFACP 00000001 BXPC 00000001)
[STDERR  ] 2017-09-08T15:51:25.145383699Z: [    0.885576] ACPI: Added _OSI(Module Device)
[STDOUT  ] 2017-09-08T15:51:25.145385315Z: [    0.000000] ACPI: DSDT 0x000000003FFE0040 002264 (v01 BOCHS  BXPCDSDT 00000001 BXPC 00000001)
[STDOUT  ] 2017-09-08T15:51:25.145394733Z: [    0.000000] ACPI: FACS 0x000000003FFE0000 000040
[STDERR  ] 2017-09-08T15:51:25.145393722Z: [    0.885935] ACPI: Added _OSI(Processor Device)
[STDOUT  ] 2017-09-08T15:51:25.145404457Z: [    0.000000] ACPI: APIC 0x000000003FFE2318 000078 (v01 BOCHS  BXPCAPIC 00000001 BXPC 00000001)
[STDERR  ] 2017-09-08T15:51:25.145406023Z: [    0.886237] ACPI: Added _OSI(3.0 _SCP Extensions)
[STDERR  ] 2017-09-08T15:51:25.145415303Z: [    0.886492] ACPI: Added _OSI(Processor Aggregator Device)
[STDOUT  ] 2017-09-08T15:51:25.145417816Z: [    0.000000] ACPI: HPET 0x000000003FFE2390 000038 (v01 BOCHS  BXPCHPET 00000001 BXPC 00000001)
[STDERR  ] 2017-09-08T15:51:25.145424587Z: [    0.956699] ACPI: Interpreter enabled
[STDOUT  ] 2017-09-08T15:51:25.145429265Z: [    0.000000] ACPI: MCFG 0x000000003FFE23C8 00003C (v01 BOCHS  BXPCMCFG 00000001 BXPC 00000001)
[STDERR  ] 2017-09-08T15:51:25.145434341Z: [    0.957739] ACPI: (supports S0 S5)
[STDOUT  ] 2017-09-08T15:51:25.145438829Z: [    0.000000] Zone ranges:
[STDERR  ] 2017-09-08T15:51:25.145444017Z: [    0.958084] ACPI: Using IOAPIC for interrupt routing
[STDOUT  ] 2017-09-08T15:51:25.145449232Z: [    0.000000]   DMA      [mem 0x0000000000001000-0x0000000000ffffff]
[STDOUT  ] 2017-09-08T15:51:25.145459427Z: [    0.000000]   DMA32    [mem 0x0000000001000000-0x000000003ffddfff]
[STDERR  ] 2017-09-08T15:51:25.145453483Z: [    0.961106] PCI: Using host bridge windows from ACPI; if necessary, use "pci=nocrs" and report a bug
[STDERR  ] 2017-09-08T15:51:25.145466227Z: [    1.023858] ACPI: PCI Root Bridge [PCI0] (domain 0000 [bus 00-ff])
[STDOUT  ] 2017-09-08T15:51:25.145469191Z: [    0.000000]   Normal   empty
[STDOUT  ] 2017-09-08T15:51:25.145479109Z: [    0.000000] Movable zone start for each node
[STDERR  ] 2017-09-08T15:51:25.145475586Z: [    1.025112] acpi PNP0A08:00: _OSC: OS supports [ExtendedConfig ASPM ClockPM Segments MSI]
[STDOUT  ] 2017-09-08T15:51:25.145488672Z: [    0.000000] Early memory node ranges
[STDERR  ] 2017-09-08T15:51:25.145486966Z: [    1.031903] acpi PNP0A08:00: _OSC: OS now controls [PCIeHotplug PME PCIeCapability]
[STDOUT  ] 2017-09-08T15:51:25.145498157Z: [    0.000000]   node   0: [mem 0x0000000000001000-0x000000000009efff]
[STDERR  ] 2017-09-08T15:51:25.145498261Z: [    1.035596] PCI host bridge to bus 0000:00
[STDOUT  ] 2017-09-08T15:51:25.145507565Z: [    0.000000]   node   0: [mem 0x0000000000100000-0x000000003ffddfff]
[STDERR  ] 2017-09-08T15:51:25.145513856Z: [    1.036109] pci_bus 0000:00: root bus resource [io  0x0000-0x0cf7 window]
[STDOUT  ] 2017-09-08T15:51:25.145517536Z: [    0.000000] Initmem setup node 0 [mem 0x0000000000001000-0x000000003ffddfff]
[STDERR  ] 2017-09-08T15:51:25.145524381Z: [    1.036594] pci_bus 0000:00: root bus resource [io  0x0d00-0xffff window]
[STDOUT  ] 2017-09-08T15:51:25.145527231Z: [    0.000000] ACPI: PM-Timer IO Port: 0x608
[STDOUT  ] 2017-09-08T15:51:25.145536551Z: [    0.000000] ACPI: LAPIC_NMI (acpi_id[0xff] dfl dfl lint[0x1])
[STDERR  ] 2017-09-08T15:51:25.145537569Z: [    1.037049] pci_bus 0000:00: root bus resource [mem 0x000a0000-0x000bffff window]
[STDERR  ] 2017-09-08T15:51:25.145550552Z: [    1.037487] pci_bus 0000:00: root bus resource [mem 0xc0000000-0xfebfffff window]
[STDOUT  ] 2017-09-08T15:51:25.145545789Z: [    0.000000] IOAPIC[0]: apic_id 0, version 32, address 0xfec00000, GSI 0-23
[STDOUT  ] 2017-09-08T15:51:25.145561037Z: [    0.000000] ACPI: INT_SRC_OVR (bus 0 bus_irq 0 global_irq 2 dfl dfl)
[STDERR  ] 2017-09-08T15:51:25.145564092Z: [    1.038146] pci_bus 0000:00: root bus resource [bus 00-ff]
[STDOUT  ] 2017-09-08T15:51:25.145570695Z: [    0.000000] ACPI: INT_SRC_OVR (bus 0 bus_irq 5 global_irq 5 high level)
[STDERR  ] 2017-09-08T15:51:25.145573931Z: [    1.147018] pci 0000:00:1f.0: quirk: [io  0x0600-0x067f] claimed by ICH6 ACPI/GPIO/TCO
[STDOUT  ] 2017-09-08T15:51:25.145579972Z: [    0.000000] ACPI: INT_SRC_OVR (bus 0 bus_irq 9 global_irq 9 high level)
[STDERR  ] 2017-09-08T15:51:25.145584051Z: [    1.211053] ACPI: PCI Interrupt Link [LNKA] (IRQs 5 *10 11)
[STDOUT  ] 2017-09-08T15:51:25.145589112Z: [    0.000000] ACPI: INT_SRC_OVR (bus 0 bus_irq 10 global_irq 10 high level)
[STDOUT  ] 2017-09-08T15:51:25.145598691Z: [    0.000000] ACPI: INT_SRC_OVR (bus 0 bus_irq 11 global_irq 11 high level)
[STDERR  ] 2017-09-08T15:51:25.145594546Z: [    1.214178] ACPI: PCI Interrupt Link [LNKB] (IRQs 5 *10 11)
[STDERR  ] 2017-09-08T15:51:25.145605085Z: [    1.216448] ACPI: PCI Interrupt Link [LNKC] (IRQs 5 10 *11)
[STDOUT  ] 2017-09-08T15:51:25.145608423Z: [    0.000000] Using ACPI (MADT) for SMP configuration information
[STDERR  ] 2017-09-08T15:51:25.145617235Z: [    1.218410] ACPI: PCI Interrupt Link [LNKD] (IRQs 5 10 *11)
[STDOUT  ] 2017-09-08T15:51:25.145618701Z: [    0.000000] ACPI: HPET id: 0x8086a201 base: 0xfed00000
[STDERR  ] 2017-09-08T15:51:25.145627091Z: [    1.221022] ACPI: PCI Interrupt Link [LNKE] (IRQs 5 *10 11)
[STDOUT  ] 2017-09-08T15:51:25.145629955Z: [    0.000000] smpboot: Allowing 1 CPUs, 0 hotplug CPUs
[STDERR  ] 2017-09-08T15:51:25.145636607Z: [    1.222896] ACPI: PCI Interrupt Link [LNKF] (IRQs 5 *10 11)
[STDOUT  ] 2017-09-08T15:51:25.145639613Z: [    0.000000] e820: [mem 0x40000000-0xafffffff] available for PCI devices
[STDERR  ] 2017-09-08T15:51:25.145646222Z: [    1.224756] ACPI: PCI Interrupt Link [LNKG] (IRQs 5 10 *11)
[STDOUT  ] 2017-09-08T15:51:25.145649706Z: [    0.000000] Booting paravirtualized kernel on bare hardware
[STDERR  ] 2017-09-08T15:51:25.145654972Z: [    1.226640] ACPI: PCI Interrupt Link [LNKH] (IRQs 5 10 *11)
[STDOUT  ] 2017-09-08T15:51:25.145661523Z: [    0.000000] clocksource: refined-jiffies: mask: 0xffffffff max_cycles: 0xffffffff, max_idle_ns: 19112604462750000 ns
[STDERR  ] 2017-09-08T15:51:25.145664532Z: [    1.227643] ACPI: PCI Interrupt Link [GSIA] (IRQs *16)
[STDERR  ] 2017-09-08T15:51:25.145674816Z: [    1.228501] ACPI: PCI Interrupt Link [GSIB] (IRQs *17)
[STDOUT  ] 2017-09-08T15:51:25.145674925Z: [    0.000000] setup_percpu: NR_CPUS:128 nr_cpumask_bits:128 nr_cpu_ids:1 nr_node_ids:1
[STDERR  ] 2017-09-08T15:51:25.145683993Z: [    1.229318] ACPI: PCI Interrupt Link [GSIC] (IRQs *18)
[STDOUT  ] 2017-09-08T15:51:25.145685511Z: [    0.000000] percpu: Embedded 35 pages/cpu @ffff91e13e000000 s105240 r8192 d29928 u2097152
[STDERR  ] 2017-09-08T15:51:25.145693276Z: [    1.230277] ACPI: PCI Interrupt Link [GSID] (IRQs *19)
[STDOUT  ] 2017-09-08T15:51:25.145695049Z: [    0.000000] Built 1 zonelists in Zone order, mobility grouping on.  Total pages: 257895
[STDERR  ] 2017-09-08T15:51:25.145707036Z: [    1.231063] ACPI: PCI Interrupt Link [GSIE] (IRQs *20)
[STDOUT  ] 2017-09-08T15:51:25.145708512Z: [    0.000000] Kernel command line: console=ttyS0
[STDOUT  ] 2017-09-08T15:51:25.145718873Z: [    0.000000] PID hash table entries: 4096 (order: 3, 32768 bytes)
[STDERR  ] 2017-09-08T15:51:25.145717056Z: [    1.231845] ACPI: PCI Interrupt Link [GSIF] (IRQs *21)
[STDERR  ] 2017-09-08T15:51:25.145729553Z: [    1.232633] ACPI: PCI Interrupt Link [GSIG] (IRQs *22)
[STDOUT  ] 2017-09-08T15:51:25.145730167Z: [    0.000000] Dentry cache hash table entries: 131072 (order: 8, 1048576 bytes)
[STDERR  ] 2017-09-08T15:51:25.145739686Z: [    1.233473] ACPI: PCI Interrupt Link [GSIH] (IRQs *23)
[STDOUT  ] 2017-09-08T15:51:25.145740927Z: [    0.000000] Inode-cache hash table entries: 65536 (order: 7, 524288 bytes)
[STDERR  ] 2017-09-08T15:51:25.145754055Z: [    1.237195] ACPI: Enabled 2 GPEs in block 00 to 3F
[STDERR  ] 2017-09-08T15:51:25.145763559Z: [    1.241732] SCSI subsystem initialized
[STDOUT  ] 2017-09-08T15:51:25.145759732Z: [    0.000000] Memory: 984184K/1048048K available (8032K kernel code, 1366K rwdata, 2696K rodata, 1380K init, 568K bss, 63864K reserved, 0K cma-reserved)
[STDERR  ] 2017-09-08T15:51:25.145774131Z: [    1.243657] ACPI: bus type USB registered
[STDERR  ] 2017-09-08T15:51:25.145783891Z: [    1.244761] usbcore: registered new interface driver usbfs
[STDOUT  ] 2017-09-08T15:51:25.145780899Z: [    0.000000] Hierarchical RCU implementation.
[STDOUT  ] 2017-09-08T15:51:25.145790717Z: [    0.000000] 	Build-time adjustment of leaf fanout to 64.
[STDERR  ] 2017-09-08T15:51:25.145796981Z: [    1.245766] usbcore: registered new interface driver hub
[STDOUT  ] 2017-09-08T15:51:25.145800159Z: [    0.000000] 	RCU restricting CPUs from NR_CPUS=128 to nr_cpu_ids=1.
[STDOUT  ] 2017-09-08T15:51:25.145810215Z: [    0.000000] RCU: Adjusting geometry for rcu_fanout_leaf=64, nr_cpu_ids=1
[STDERR  ] 2017-09-08T15:51:25.145807123Z: [    1.246645] usbcore: registered new device driver usb
[STDERR  ] 2017-09-08T15:51:25.145817575Z: [    1.247817] pps_core: LinuxPPS API ver. 1 registered
[STDOUT  ] 2017-09-08T15:51:25.145819889Z: [    0.000000] NR_IRQS:8448 nr_irqs:256 16
[STDOUT  ] 2017-09-08T15:51:25.145829929Z: [    0.000000] Console: colour VGA+ 80x25
[STDERR  ] 2017-09-08T15:51:25.145828479Z: [    1.248279] pps_core: Software ver. 5.3.6 - Copyright 2005-2007 Rodolfo Giometti <giometti@linux.it>
[STDERR  ] 2017-09-08T15:51:25.145839475Z: [    1.249092] PTP clock support registered
[STDOUT  ] 2017-09-08T15:51:25.145839353Z: [    0.000000] console [ttyS0] enabled
[STDERR  ] 2017-09-08T15:51:25.145848959Z: [    1.250598] wmi: Mapper loaded
[STDOUT  ] 2017-09-08T15:51:25.145850437Z: [    0.000000] clocksource: hpet: mask: 0xffffffff max_cycles: 0xffffffff, max_idle_ns: 19112604467 ns
[STDERR  ] 2017-09-08T15:51:25.145858511Z: [    1.251746] PCI: Using ACPI for IRQ routing
[STDOUT  ] 2017-09-08T15:51:25.145860247Z: [    0.000000] tsc: Fast TSC calibration using PIT
[STDERR  ] 2017-09-08T15:51:25.145867909Z: [    1.269247] NetLabel: Initializing
[STDOUT  ] 2017-09-08T15:51:25.145869286Z: [    0.000000] tsc: Detected 2600.003 MHz processor
[STDOUT  ] 2017-09-08T15:51:25.145879245Z: [    0.022237] Calibrating delay loop (skipped), value calculated using timer frequency.. 5200.00 BogoMIPS (lpj=26000030)
[STDERR  ] 2017-09-08T15:51:25.145878623Z: [    1.269580] NetLabel:  domain hash size = 128
[STDOUT  ] 2017-09-08T15:51:25.145891217Z: [    0.030584] pid_max: default: 32768 minimum: 301
[STDERR  ] 2017-09-08T15:51:25.145893813Z: [    1.269885] NetLabel:  protocols = UNLABELED CIPSOv4
[STDOUT  ] 2017-09-08T15:51:25.145900595Z: [    0.031947] ACPI: Core revision 20160831
[STDERR  ] 2017-09-08T15:51:25.145903562Z: [    1.272522] NetLabel:  unlabeled traffic allowed by default
[STDOUT  ] 2017-09-08T15:51:25.145909689Z: [    0.076329] ACPI: 1 ACPI AML tables successfully acquired and loaded
[STDERR  ] 2017-09-08T15:51:25.145913227Z: [    1.273678] HPET: 3 timers in total, 0 timers will be used for per-cpu timer
[STDERR  ] 2017-09-08T15:51:25.145927819Z: [    1.274497] hpet0: at MMIO 0xfed00000, IRQs 2, 8, 0
[STDOUT  ] 2017-09-08T15:51:25.145926375Z: [    0.081314] Security Framework initialized
[STDOUT  ] 2017-09-08T15:51:25.145936019Z: [    0.081799] Yama: becoming mindful.
[STDERR  ] 2017-09-08T15:51:25.145937041Z: [    1.275078] hpet0: 3 comparators, 64-bit 100.000000 MHz counter
[STDOUT  ] 2017-09-08T15:51:25.145945763Z: [    0.083868] Mount-cache hash table entries: 2048 (order: 2, 16384 bytes)
[STDERR  ] 2017-09-08T15:51:25.145946701Z: [    1.280992] clocksource: Switched to clocksource hpet
[STDOUT  ] 2017-09-08T15:51:25.145955612Z: [    0.084436] Mountpoint-cache hash table entries: 2048 (order: 2, 16384 bytes)
[STDERR  ] 2017-09-08T15:51:25.145957023Z: [    1.540719] VFS: Disk quotas dquot_6.6.0
[STDERR  ] 2017-09-08T15:51:25.145966439Z: [    1.541509] VFS: Dquot-cache hash table entries: 512 (order 0, 4096 bytes)
[STDOUT  ] 2017-09-08T15:51:25.145969215Z: [    0.103618] Last level iTLB entries: 4KB 0, 2MB 0, 4MB 0
[STDERR  ] 2017-09-08T15:51:25.145977105Z: [    1.545476] FS-Cache: Loaded
[STDOUT  ] 2017-09-08T15:51:25.145981403Z: [    0.104154] Last level dTLB entries: 4KB 0, 2MB 0, 4MB 0, 1GB 0
[STDERR  ] 2017-09-08T15:51:25.145988406Z: [    1.550612] CacheFiles: Loaded
[STDOUT  ] 2017-09-08T15:51:25.145991229Z: [    0.402022] Freeing SMP alternatives memory: 20K
[STDERR  ] 2017-09-08T15:51:25.145997809Z: [    1.552132] pnp: PnP ACPI init
[STDOUT  ] 2017-09-08T15:51:25.146000999Z: [    0.412792] ftrace: allocating 35509 entries in 139 pages
[STDERR  ] 2017-09-08T15:51:25.146008965Z: [    1.565363] pnp: PnP ACPI: found 5 devices
[STDOUT  ] 2017-09-08T15:51:25.146010597Z: [    0.574428] smpboot: Max logical packages: 1
[STDERR  ] 2017-09-08T15:51:25.146018825Z: [    1.614888] clocksource: acpi_pm: mask: 0xffffff max_cycles: 0xffffff, max_idle_ns: 2085701024 ns
[STDOUT  ] 2017-09-08T15:51:25.146020283Z: [    0.582542] ..TIMER: vector=0x30 apic1=0 pin1=2 apic2=-1 pin2=-1
[STDERR  ] 2017-09-08T15:51:25.146028757Z: [    1.619123] NET: Registered protocol family 2
[STDOUT  ] 2017-09-08T15:51:25.146030177Z: [    0.690000] smpboot: CPU0: AMD QEMU Virtual CPU version 2.5+ (family: 0x6, model: 0x6, stepping: 0x3)
[STDERR  ] 2017-09-08T15:51:25.146041632Z: [    1.627462] TCP established hash table entries: 8192 (order: 4, 65536 bytes)
[STDOUT  ] 2017-09-08T15:51:25.146043136Z: [    0.690000] Performance Events: PMU not available due to virtualization, using software events only.
[STDERR  ] 2017-09-08T15:51:25.146051765Z: [    1.628335] TCP bind hash table entries: 8192 (order: 5, 131072 bytes)
[STDOUT  ] 2017-09-08T15:51:25.146053117Z: [    0.698998] NMI watchdog: disabled (cpu0): hardware events not enabled
[STDERR  ] 2017-09-08T15:51:25.146061766Z: [    1.629134] TCP: Hash tables configured (established 8192 bind 8192)
[STDOUT  ] 2017-09-08T15:51:25.146064571Z: [    0.699464] NMI watchdog: Shutting down hard lockup detector on all cpus
[STDERR  ] 2017-09-08T15:51:25.146070955Z: [    1.631842] UDP hash table entries: 512 (order: 2, 16384 bytes)
[STDOUT  ] 2017-09-08T15:51:25.146074431Z: [    0.703502] x86: Booted up 1 node, 1 CPUs
[STDERR  ] 2017-09-08T15:51:25.146083285Z: [    1.632515] UDP-Lite hash table entries: 512 (order: 2, 16384 bytes)
[STDOUT  ] 2017-09-08T15:51:25.146083987Z: [    0.703927] smpboot: Total of 1 processors activated (5200.00 BogoMIPS)
[STDERR  ] 2017-09-08T15:51:25.146093453Z: [    1.634991] NET: Registered protocol family 1
[STDOUT  ] 2017-09-08T15:51:25.146095001Z: [    0.718950] devtmpfs: initialized
[STDERR  ] 2017-09-08T15:51:25.146103055Z: [    1.636027] pci 0000:00:01.0: Video device with shadowed ROM at [mem 0x000c0000-0x000dffff]
[STDOUT  ] 2017-09-08T15:51:25.146104546Z: [    0.725916] x86/mm: Memory block size: 128MB
[STDOUT  ] 2017-09-08T15:51:25.146115057Z: [    0.788926] clocksource: jiffies: mask: 0xffffffff max_cycles: 0xffffffff, max_idle_ns: 19112604462750000 ns
[STDERR  ] 2017-09-08T15:51:25.146114622Z: [    1.644644] Unpacking initramfs...
[STDOUT  ] 2017-09-08T15:51:25.146131901Z: [    0.790130] futex hash table entries: 256 (order: 2, 16384 bytes)
[STDERR  ] 2017-09-08T15:51:25.146133392Z: [    6.485725] Freeing initrd memory: 29984K
[STDOUT  ] 2017-09-08T15:51:25.146141652Z: [    0.799573] NET: Registered protocol family 16
[STDERR  ] 2017-09-08T15:51:25.146143315Z: [    6.511350] PCLMULQDQ-NI instructions are not detected.
[STDOUT  ] 2017-09-08T15:51:25.146151192Z: [    0.810931] cpuidle: using governor ladder
[STDERR  ] 2017-09-08T15:51:25.146152711Z: [    6.512971] AVX or AES-NI instructions are not detected.
[STDOUT  ] 2017-09-08T15:51:25.146164146Z: [    0.811404] cpuidle: using governor menu
[STDERR  ] 2017-09-08T15:51:25.146165777Z: [    6.513513] CPU feature 'AVX registers' is not supported.
[STDOUT  ] 2017-09-08T15:51:25.146173627Z: [    0.812507] ACPI: bus type PCI registered
[STDERR  ] 2017-09-08T15:51:25.146179181Z: [    6.513953] CPU feature 'AVX registers' is not supported.
[STDOUT  ] 2017-09-08T15:51:25.146187842Z: [    0.815280] PCI: MMCONFIG for domain 0000 [bus 00-ff] at [mem 0xb0000000-0xbfffffff] (base 0xb0000000)
[STDERR  ] 2017-09-08T15:51:25.146188933Z: [    6.514378] CPU feature 'AVX registers' is not supported.
[STDOUT  ] 2017-09-08T15:51:25.146198432Z: [    0.816118] PCI: MMCONFIG at [mem 0xb0000000-0xbfffffff] reserved in E820
[STDERR  ] 2017-09-08T15:51:25.146199997Z: [    6.514796] CPU feature 'AVX registers' is not supported.
[STDOUT  ] 2017-09-08T15:51:25.146208387Z: [    0.817601] PCI: Using configuration type 1 for base access
[STDERR  ] 2017-09-08T15:51:25.146209912Z: [    6.515186] AVX2 or AES-NI instructions are not detected.
[STDOUT  ] 2017-09-08T15:51:25.146218263Z: [    0.873615] HugeTLB registered 2 MB page size, pre-allocated 0 pages
[STDERR  ] 2017-09-08T15:51:25.146219726Z: [    6.515679] AVX2 instructions are not detected.
[STDOUT  ] 2017-09-08T15:51:25.146228342Z: [    0.885576] ACPI: Added _OSI(Module Device)
[STDERR  ] 2017-09-08T15:51:25.146229127Z: [    6.522776] audit: initializing netlink subsys (disabled)
[STDOUT  ] 2017-09-08T15:51:25.146237995Z: [    0.885935] ACPI: Added _OSI(Processor Device)
[STDERR  ] 2017-09-08T15:51:25.146239521Z: [    6.524445] audit: type=2000 audit(1504885843.520:1): initialized
[STDOUT  ] 2017-09-08T15:51:25.146247679Z: [    0.886237] ACPI: Added _OSI(3.0 _SCP Extensions)
[STDOUT  ] 2017-09-08T15:51:25.146257079Z: [    0.886492] ACPI: Added _OSI(Processor Aggregator Device)
[STDERR  ] 2017-09-08T15:51:25.146248841Z: [    6.532107] workingset: timestamp_bits=46 max_order=18 bucket_order=0
[STDOUT  ] 2017-09-08T15:51:25.146267337Z: [    0.956699] ACPI: Interpreter enabled
[STDERR  ] 2017-09-08T15:51:25.146264529Z: [    6.541152] FS-Cache: Netfs 'cifs' registered for caching
[STDERR  ] 2017-09-08T15:51:25.146276907Z: [    6.542279] fuse init (API version 7.26)
[STDOUT  ] 2017-09-08T15:51:25.146276447Z: [    0.957739] ACPI: (supports S0 S5)
[STDERR  ] 2017-09-08T15:51:25.146286505Z: [    6.545674] SGI XFS with ACLs, security attributes, no debug enabled
[STDOUT  ] 2017-09-08T15:51:25.146286405Z: [    0.958084] ACPI: Using IOAPIC for interrupt routing
[STDERR  ] 2017-09-08T15:51:25.146296673Z: [    6.549715] 9p: Installing v9fs 9p2000 file system support
[STDOUT  ] 2017-09-08T15:51:25.146298052Z: [    0.961106] PCI: Using host bridge windows from ACPI; if necessary, use "pci=nocrs" and report a bug
[STDERR  ] 2017-09-08T15:51:25.146306597Z: [    6.550672] FS-Cache: Netfs '9p' registered for caching
[STDOUT  ] 2017-09-08T15:51:25.146308053Z: [    1.023858] ACPI: PCI Root Bridge [PCI0] (domain 0000 [bus 00-ff])
[STDOUT  ] 2017-09-08T15:51:25.146317772Z: [    1.025112] acpi PNP0A08:00: _OSC: OS supports [ExtendedConfig ASPM ClockPM Segments MSI]
[STDERR  ] 2017-09-08T15:51:25.146316379Z: [    6.583952] NET: Registered protocol family 38
[STDERR  ] 2017-09-08T15:51:25.146326285Z: [    6.584662] Key type asymmetric registered
[STDOUT  ] 2017-09-08T15:51:25.146327101Z: [    1.031903] acpi PNP0A08:00: _OSC: OS now controls [PCIeHotplug PME PCIeCapability]
[STDERR  ] 2017-09-08T15:51:25.146341879Z: [    6.584998] Asymmetric key parser 'x509' registered
[STDOUT  ] 2017-09-08T15:51:25.146345956Z: [    1.035596] PCI host bridge to bus 0000:00
[STDERR  ] 2017-09-08T15:51:25.146352826Z: [    6.585990] Block layer SCSI generic (bsg) driver version 0.4 loaded (major 251)
[STDOUT  ] 2017-09-08T15:51:25.146355807Z: [    1.036109] pci_bus 0000:00: root bus resource [io  0x0000-0x0cf7 window]
[STDERR  ] 2017-09-08T15:51:25.146364297Z: [    6.587567] io scheduler noop registered
[STDOUT  ] 2017-09-08T15:51:25.146365757Z: [    1.036594] pci_bus 0000:00: root bus resource [io  0x0d00-0xffff window]
[STDERR  ] 2017-09-08T15:51:25.146376636Z: [    6.588020] io scheduler deadline registered (default)
[STDOUT  ] 2017-09-08T15:51:25.146377896Z: [    1.037049] pci_bus 0000:00: root bus resource [mem 0x000a0000-0x000bffff window]
[STDERR  ] 2017-09-08T15:51:25.146386806Z: [    6.588799] io scheduler cfq registered
[STDOUT  ] 2017-09-08T15:51:25.146394546Z: [    1.037487] pci_bus 0000:00: root bus resource [mem 0xc0000000-0xfebfffff window]
[STDERR  ] 2017-09-08T15:51:25.146396443Z: [    6.594053] pci_hotplug: PCI Hot Plug PCI Core version: 0.5
[STDOUT  ] 2017-09-08T15:51:25.146404407Z: [    1.038146] pci_bus 0000:00: root bus resource [bus 00-ff]
[STDERR  ] 2017-09-08T15:51:25.146408761Z: [    6.594738] pciehp: PCI Express Hot Plug Controller Driver version: 0.4
[STDOUT  ] 2017-09-08T15:51:25.146413771Z: [    1.147018] pci 0000:00:1f.0: quirk: [io  0x0600-0x067f] claimed by ICH6 ACPI/GPIO/TCO
[STDERR  ] 2017-09-08T15:51:25.146419566Z: [    6.595677] shpchp: Standard Hot Plug PCI Controller Driver version: 0.4
[STDERR  ] 2017-09-08T15:51:25.146429012Z: [    6.596605] hv_vmbus: registering driver hyperv_fb
[STDOUT  ] 2017-09-08T15:51:25.146423313Z: [    1.211053] ACPI: PCI Interrupt Link [LNKA] (IRQs 5 *10 11)
[STDOUT  ] 2017-09-08T15:51:25.146435627Z: [    1.214178] ACPI: PCI Interrupt Link [LNKB] (IRQs 5 *10 11)
[STDERR  ] 2017-09-08T15:51:25.146438629Z: [    6.599787] input: Power Button as /devices/LNXSYSTM:00/LNXPWRBN:00/input/input0
[STDOUT  ] 2017-09-08T15:51:25.146445107Z: [    1.216448] ACPI: PCI Interrupt Link [LNKC] (IRQs 5 10 *11)
[STDERR  ] 2017-09-08T15:51:25.146448157Z: [    6.601667] ACPI: Power Button [PWRF]
[STDOUT  ] 2017-09-08T15:51:25.146459467Z: [    1.218410] ACPI: PCI Interrupt Link [LNKD] (IRQs 5 10 *11)
[STDERR  ] 2017-09-08T15:51:25.146462547Z: [    6.606839] GHES: HEST is not enabled!
[STDERR  ] 2017-09-08T15:51:25.146472503Z: [    6.617860] ACPI: PCI Interrupt Link [GSIG] enabled at IRQ 22
[STDOUT  ] 2017-09-08T15:51:25.146470865Z: [    1.221022] ACPI: PCI Interrupt Link [LNKE] (IRQs 5 *10 11)
[STDERR  ] 2017-09-08T15:51:25.146481935Z: [    6.632845] ACPI: PCI Interrupt Link [GSIH] enabled at IRQ 23
[STDOUT  ] 2017-09-08T15:51:25.146483367Z: [    1.222896] ACPI: PCI Interrupt Link [LNKF] (IRQs 5 *10 11)
[STDOUT  ] 2017-09-08T15:51:25.146493222Z: [    1.224756] ACPI: PCI Interrupt Link [LNKG] (IRQs 5 10 *11)
[STDERR  ] 2017-09-08T15:51:25.146491801Z: [    6.638471] xenfs: not registering filesystem on non-xen platform
[STDERR  ] 2017-09-08T15:51:25.146504029Z: [    6.641082] Serial: 8250/16550 driver, 4 ports, IRQ sharing disabled
[STDOUT  ] 2017-09-08T15:51:25.146502446Z: [    1.226640] ACPI: PCI Interrupt Link [LNKH] (IRQs 5 10 *11)
[STDERR  ] 2017-09-08T15:51:25.146513212Z: [    6.666309] 00:04: ttyS0 at I/O 0x3f8 (irq = 4, base_baud = 115200) is a 16550A
[STDOUT  ] 2017-09-08T15:51:25.146514682Z: [    1.227643] ACPI: PCI Interrupt Link [GSIA] (IRQs *16)
[STDOUT  ] 2017-09-08T15:51:25.146524347Z: [    1.228501] ACPI: PCI Interrupt Link [GSIB] (IRQs *17)
[STDERR  ] 2017-09-08T15:51:25.146522767Z: [    6.678580] Non-volatile memory driver v1.3
[STDERR  ] 2017-09-08T15:51:25.146531993Z: [    6.684794] Hangcheck: starting hangcheck timer 0.9.1 (tick is 180 seconds, margin is 60 seconds).
[STDOUT  ] 2017-09-08T15:51:25.146533909Z: [    1.229318] ACPI: PCI Interrupt Link [GSIC] (IRQs *18)
[STDERR  ] 2017-09-08T15:51:25.146542112Z: [    6.722578] loop: module loaded
[STDOUT  ] 2017-09-08T15:51:25.146547293Z: [    1.230277] ACPI: PCI Interrupt Link [GSID] (IRQs *19)
[STDOUT  ] 2017-09-08T15:51:25.146556863Z: [    1.231063] ACPI: PCI Interrupt Link [GSIE] (IRQs *20)
[STDERR  ] 2017-09-08T15:51:25.146553843Z: [    6.738484] nbd: registered device at major 43
[STDOUT  ] 2017-09-08T15:51:25.146566347Z: [    1.231845] ACPI: PCI Interrupt Link [GSIF] (IRQs *21)
[STDERR  ] 2017-09-08T15:51:25.146570775Z: [    6.782751] lpc_ich 0000:00:1f.0: I/O space for GPIO uninitialized
[STDOUT  ] 2017-09-08T15:51:25.146576776Z: [    1.232633] ACPI: PCI Interrupt Link [GSIG] (IRQs *22)
[STDERR  ] 2017-09-08T15:51:25.146580856Z: [    6.784999] VMware PVSCSI driver - version 1.0.7.0-k
[STDOUT  ] 2017-09-08T15:51:25.146586076Z: [    1.233473] ACPI: PCI Interrupt Link [GSIH] (IRQs *23)
[STDERR  ] 2017-09-08T15:51:25.146592849Z: [    6.785988] hv_vmbus: registering driver hv_storvsc
[STDERR  ] 2017-09-08T15:51:25.146602417Z: [    6.797374] ACPI: PCI Interrupt Link [GSIA] enabled at IRQ 16
[STDOUT  ] 2017-09-08T15:51:25.146599833Z: [    1.237195] ACPI: Enabled 2 GPEs in block 00 to 3F
[STDERR  ] 2017-09-08T15:51:25.146612036Z: [    6.804540] ahci 0000:00:1f.2: AHCI 0001.0000 32 slots 6 ports 1.5 Gbps 0x3f impl SATA mode
[STDOUT  ] 2017-09-08T15:51:25.146609859Z: [    1.241732] SCSI subsystem initialized
[STDERR  ] 2017-09-08T15:51:25.146623223Z: [    6.805307] ahci 0000:00:1f.2: flags: 64bit ncq only 
[STDOUT  ] 2017-09-08T15:51:25.146629572Z: [    1.243657] ACPI: bus type USB registered
[STDERR  ] 2017-09-08T15:51:25.146635546Z: [    6.825395] scsi host0: ahci
[STDOUT  ] 2017-09-08T15:51:25.146639483Z: [    1.244761] usbcore: registered new interface driver usbfs
[STDERR  ] 2017-09-08T15:51:25.146646936Z: [    6.830880] scsi host1: ahci
[STDOUT  ] 2017-09-08T15:51:25.146649209Z: [    1.245766] usbcore: registered new interface driver hub
[STDERR  ] 2017-09-08T15:51:25.146657443Z: [    6.833905] scsi host2: ahci
[STDOUT  ] 2017-09-08T15:51:25.146658897Z: [    1.246645] usbcore: registered new device driver usb
[STDERR  ] 2017-09-08T15:51:25.146667346Z: [    6.836677] scsi host3: ahci
[STDOUT  ] 2017-09-08T15:51:25.146668769Z: [    1.247817] pps_core: LinuxPPS API ver. 1 registered
[STDERR  ] 2017-09-08T15:51:25.146676821Z: [    6.838945] scsi host4: ahci
[STDOUT  ] 2017-09-08T15:51:25.146678321Z: [    1.248279] pps_core: Software ver. 5.3.6 - Copyright 2005-2007 Rodolfo Giometti <giometti@linux.it>
[STDERR  ] 2017-09-08T15:51:25.146686326Z: [    6.841489] scsi host5: ahci
[STDOUT  ] 2017-09-08T15:51:25.146688019Z: [    1.249092] PTP clock support registered
[STDOUT  ] 2017-09-08T15:51:25.146697219Z: [    1.250598] wmi: Mapper loaded
[STDERR  ] 2017-09-08T15:51:25.146695767Z: [    6.843360] ata1: SATA max UDMA/133 abar m4096@0xfebd2000 port 0xfebd2100 irq 24
[STDOUT  ] 2017-09-08T15:51:25.146706337Z: [    1.251746] PCI: Using ACPI for IRQ routing
[STDERR  ] 2017-09-08T15:51:25.146707672Z: [    6.843943] ata2: SATA max UDMA/133 abar m4096@0xfebd2000 port 0xfebd2180 irq 24
[STDOUT  ] 2017-09-08T15:51:25.146715793Z: [    1.269247] NetLabel: Initializing
[STDERR  ] 2017-09-08T15:51:25.146717336Z: [    6.844450] ata3: SATA max UDMA/133 abar m4096@0xfebd2000 port 0xfebd2200 irq 24
[STDOUT  ] 2017-09-08T15:51:25.146725272Z: [    1.269580] NetLabel:  domain hash size = 128
[STDERR  ] 2017-09-08T15:51:25.146728439Z: [    6.844879] ata4: SATA max UDMA/133 abar m4096@0xfebd2000 port 0xfebd2280 irq 24
[STDOUT  ] 2017-09-08T15:51:25.146734755Z: [    1.269885] NetLabel:  protocols = UNLABELED CIPSOv4
[STDERR  ] 2017-09-08T15:51:25.146737725Z: [    6.845372] ata5: SATA max UDMA/133 abar m4096@0xfebd2000 port 0xfebd2300 irq 24
[STDERR  ] 2017-09-08T15:51:25.146748209Z: [    6.845851] ata6: SATA max UDMA/133 abar m4096@0xfebd2000 port 0xfebd2380 irq 24
[STDOUT  ] 2017-09-08T15:51:25.146746795Z: [    1.272522] NetLabel:  unlabeled traffic allowed by default
[STDOUT  ] 2017-09-08T15:51:25.146762322Z: [    1.273678] HPET: 3 timers in total, 0 timers will be used for per-cpu timer
[STDERR  ] 2017-09-08T15:51:25.146759077Z: [    6.859076] tun: Universal TUN/TAP device driver, 1.6
[STDOUT  ] 2017-09-08T15:51:25.146772357Z: [    1.274497] hpet0: at MMIO 0xfed00000, IRQs 2, 8, 0
[STDERR  ] 2017-09-08T15:51:25.146775079Z: [    6.859533] tun: (C) 1999-2004 Max Krasnyansky <maxk@qualcomm.com>
[STDOUT  ] 2017-09-08T15:51:25.146781883Z: [    1.275078] hpet0: 3 comparators, 64-bit 100.000000 MHz counter
[STDOUT  ] 2017-09-08T15:51:25.146791295Z: [    1.280992] clocksource: Switched to clocksource hpet
[STDERR  ] 2017-09-08T15:51:25.146784985Z: [    6.870606] VMware vmxnet3 virtual NIC driver - version 1.4.a.0-k-NAPI
[STDOUT  ] 2017-09-08T15:51:25.146800855Z: [    1.540719] VFS: Disk quotas dquot_6.6.0
[STDERR  ] 2017-09-08T15:51:25.146797789Z: [    6.871524] hv_vmbus: registering driver hv_netvsc
[STDERR  ] 2017-09-08T15:51:25.146807751Z: [    6.871950] Fusion MPT base driver 3.04.20
[STDOUT  ] 2017-09-08T15:51:25.146810785Z: [    1.541509] VFS: Dquot-cache hash table entries: 512 (order 0, 4096 bytes)
[STDERR  ] 2017-09-08T15:51:25.146820961Z: [    6.872280] Copyright (c) 1999-2008 LSI Corporation
[STDOUT  ] 2017-09-08T15:51:25.146822585Z: [    1.545476] FS-Cache: Loaded
[STDOUT  ] 2017-09-08T15:51:25.146832325Z: [    1.550612] CacheFiles: Loaded
[STDERR  ] 2017-09-08T15:51:25.146830953Z: [    6.872980] Fusion MPT SPI Host driver 3.04.20
[STDERR  ] 2017-09-08T15:51:25.146840499Z: [    6.875077] i8042: PNP: PS/2 Controller [PNP0303:KBD,PNP0f13:MOU] at 0x60,0x64 irq 1,12
[STDOUT  ] 2017-09-08T15:51:25.146842717Z: [    1.552132] pnp: PnP ACPI init
[STDERR  ] 2017-09-08T15:51:25.146850543Z: [    6.879084] serio: i8042 KBD port at 0x60,0x64 irq 1
[STDOUT  ] 2017-09-08T15:51:25.146852019Z: [    1.565363] pnp: PnP ACPI: found 5 devices
[STDOUT  ] 2017-09-08T15:51:25.146860987Z: [    1.614888] clocksource: acpi_pm: mask: 0xffffff max_cycles: 0xffffff, max_idle_ns: 2085701024 ns
[STDERR  ] 2017-09-08T15:51:25.146860723Z: [    6.879779] serio: i8042 AUX port at 0x60,0x64 irq 12
[STDERR  ] 2017-09-08T15:51:25.146870566Z: [    6.883166] hv_vmbus: registering driver hyperv_keyboard
[STDOUT  ] 2017-09-08T15:51:25.146870615Z: [    1.619123] NET: Registered protocol family 2
[STDERR  ] 2017-09-08T15:51:25.146879907Z: [    6.885366] mousedev: PS/2 mouse device common for all mice
[STDOUT  ] 2017-09-08T15:51:25.146881429Z: [    1.627462] TCP established hash table entries: 8192 (order: 4, 65536 bytes)
[STDERR  ] 2017-09-08T15:51:25.146890813Z: [    6.890015] input: AT Translated Set 2 keyboard as /devices/platform/i8042/serio0/input/input1
[STDOUT  ] 2017-09-08T15:51:25.146892065Z: [    1.628335] TCP bind hash table entries: 8192 (order: 5, 131072 bytes)
[STDERR  ] 2017-09-08T15:51:25.146904955Z: [    6.892474] input: PC Speaker as /devices/platform/pcspkr/input/input2
[STDOUT  ] 2017-09-08T15:51:25.146901313Z: [    1.629134] TCP: Hash tables configured (established 8192 bind 8192)
[STDOUT  ] 2017-09-08T15:51:25.146913645Z: [    1.631842] UDP hash table entries: 512 (order: 2, 16384 bytes)
[STDERR  ] 2017-09-08T15:51:25.146914505Z: [    6.896968] rtc_cmos 00:00: RTC can wake from S4
[STDOUT  ] 2017-09-08T15:51:25.146923637Z: [    1.632515] UDP-Lite hash table entries: 512 (order: 2, 16384 bytes)
[STDERR  ] 2017-09-08T15:51:25.146925145Z: [    6.900628] rtc_cmos 00:00: rtc core: registered rtc_cmos as rtc0
[STDOUT  ] 2017-09-08T15:51:25.146933687Z: [    1.634991] NET: Registered protocol family 1
[STDERR  ] 2017-09-08T15:51:25.146934196Z: [    6.901944] rtc_cmos 00:00: alarms up to one day, y3k, 114 bytes nvram, hpet irqs
[STDERR  ] 2017-09-08T15:51:25.146943559Z: [    6.902707] i2c /dev entries driver
[STDOUT  ] 2017-09-08T15:51:25.146943592Z: [    1.636027] pci 0000:00:01.0: Video device with shadowed ROM at [mem 0x000c0000-0x000dffff]
[STDOUT  ] 2017-09-08T15:51:25.146954462Z: [    1.644644] Unpacking initramfs...
[STDERR  ] 2017-09-08T15:51:25.146953035Z: [    6.904627] device-mapper: ioctl: 4.35.0-ioctl (2016-06-23) initialised: dm-devel@redhat.com
[STDERR  ] 2017-09-08T15:51:25.146962401Z: [    6.909221] usbcore: registered new interface driver usbhid
[STDOUT  ] 2017-09-08T15:51:25.146973979Z: [    6.485725] Freeing initrd memory: 29984K
[STDERR  ] 2017-09-08T15:51:25.146977461Z: [    6.909601] usbhid: USB HID core driver
[STDOUT  ] 2017-09-08T15:51:25.146983121Z: [    6.511350] PCLMULQDQ-NI instructions are not detected.
[STDERR  ] 2017-09-08T15:51:25.146987153Z: [    6.910540] hv_utils: Registering HyperV Utility Driver
[STDOUT  ] 2017-09-08T15:51:25.146993779Z: [    6.512971] AVX or AES-NI instructions are not detected.
[STDERR  ] 2017-09-08T15:51:25.146997147Z: [    6.910875] hv_vmbus: registering driver hv_util
[STDOUT  ] 2017-09-08T15:51:25.147002765Z: [    6.513513] CPU feature 'AVX registers' is not supported.
[STDERR  ] 2017-09-08T15:51:25.147006736Z: [    6.911217] hv_vmbus: registering driver hv_balloon
[STDOUT  ] 2017-09-08T15:51:25.147014905Z: [    6.513953] CPU feature 'AVX registers' is not supported.
[STDERR  ] 2017-09-08T15:51:25.147016585Z: [    6.911805] oprofile: using NMI interrupt.
[STDERR  ] 2017-09-08T15:51:25.147030001Z: [    6.912896] GACT probability on
[STDOUT  ] 2017-09-08T15:51:25.147028362Z: [    6.514378] CPU feature 'AVX registers' is not supported.
[STDERR  ] 2017-09-08T15:51:25.147039479Z: [    6.913418] Mirror/redirect action on
[STDOUT  ] 2017-09-08T15:51:25.147037925Z: [    6.514796] CPU feature 'AVX registers' is not supported.
[STDOUT  ] 2017-09-08T15:51:25.147047841Z: [    6.515186] AVX2 or AES-NI instructions are not detected.
[STDERR  ] 2017-09-08T15:51:25.147048393Z: [    6.914288] Simple TC action Loaded
[STDOUT  ] 2017-09-08T15:51:25.147057757Z: [    6.515679] AVX2 instructions are not detected.
[STDERR  ] 2017-09-08T15:51:25.147057626Z: [    6.914875] u32 classifier
[STDOUT  ] 2017-09-08T15:51:25.147066849Z: [    6.522776] audit: initializing netlink subsys (disabled)
[STDERR  ] 2017-09-08T15:51:25.147070297Z: [    6.915074]     Performance counters on
[STDOUT  ] 2017-09-08T15:51:25.147076405Z: [    6.524445] audit: type=2000 audit(1504885843.520:1): initialized
[STDERR  ] 2017-09-08T15:51:25.147080085Z: [    6.915324]     input device check on
[STDOUT  ] 2017-09-08T15:51:25.147085986Z: [    6.532107] workingset: timestamp_bits=46 max_order=18 bucket_order=0
[STDERR  ] 2017-09-08T15:51:25.147089342Z: [    6.915586]     Actions configured
[STDOUT  ] 2017-09-08T15:51:25.147095615Z: [    6.541152] FS-Cache: Netfs 'cifs' registered for caching
[STDERR  ] 2017-09-08T15:51:25.147103942Z: [    6.916303] Netfilter messages via NETLINK v0.30.
[STDOUT  ] 2017-09-08T15:51:25.147109186Z: [    6.542279] fuse init (API version 7.26)
[STDOUT  ] 2017-09-08T15:51:25.147118333Z: [    6.545674] SGI XFS with ACLs, security attributes, no debug enabled
[STDERR  ] 2017-09-08T15:51:25.147113126Z: [    6.916929] nfnl_acct: registering with nfnetlink.
[STDERR  ] 2017-09-08T15:51:25.147124891Z: [    6.918651] nf_conntrack version 0.5.0 (8192 buckets, 32768 max)
[STDOUT  ] 2017-09-08T15:51:25.147128056Z: [    6.549715] 9p: Installing v9fs 9p2000 file system support
[STDOUT  ] 2017-09-08T15:51:25.147140153Z: [    6.550672] FS-Cache: Netfs '9p' registered for caching
[STDERR  ] 2017-09-08T15:51:25.147133881Z: [    6.922422] ctnetlink v0.93: registering with nfnetlink.
[STDERR  ] 2017-09-08T15:51:25.147146397Z: [    6.925526] nf_tables: (c) 2007-2009 Patrick McHardy <kaber@trash.net>
[STDOUT  ] 2017-09-08T15:51:25.147150415Z: [    6.583952] NET: Registered protocol family 38
[STDOUT  ] 2017-09-08T15:51:25.147159786Z: [    6.584662] Key type asymmetric registered
[STDERR  ] 2017-09-08T15:51:25.147156965Z: [    6.926412] nf_tables_compat: (c) 2012 Pablo Neira Ayuso <pablo@netfilter.org>
[STDERR  ] 2017-09-08T15:51:25.147166605Z: [    6.928714] xt_time: kernel timezone is -0000
[STDOUT  ] 2017-09-08T15:51:25.147170156Z: [    6.584998] Asymmetric key parser 'x509' registered
[STDOUT  ] 2017-09-08T15:51:25.147179617Z: [    6.585990] Block layer SCSI generic (bsg) driver version 0.4 loaded (major 251)
[STDOUT  ] 2017-09-08T15:51:25.147188859Z: [    6.587567] io scheduler noop registered
[STDERR  ] 2017-09-08T15:51:25.147176891Z: [    6.929304] ip_set: protocol 6
[STDOUT  ] 2017-09-08T15:51:25.147198001Z: [    6.588020] io scheduler deadline registered (default)
[STDERR  ] 2017-09-08T15:51:25.147199447Z: [    6.929963] IPVS: Registered protocols (TCP, UDP, SCTP, AH, ESP)
[STDERR  ] 2017-09-08T15:51:25.147209351Z: [    6.930932] IPVS: Connection hash table configured (size=4096, memory=64Kbytes)
[STDOUT  ] 2017-09-08T15:51:25.147207649Z: [    6.588799] io scheduler cfq registered
[STDOUT  ] 2017-09-08T15:51:25.147217127Z: [    6.594053] pci_hotplug: PCI Hot Plug PCI Core version: 0.5
[STDERR  ] 2017-09-08T15:51:25.147218511Z: [    6.932705] IPVS: Creating netns size=2104 id=0
[STDERR  ] 2017-09-08T15:51:25.147228337Z: [    6.935403] IPVS: ipvs loaded.
[STDOUT  ] 2017-09-08T15:51:25.147226972Z: [    6.594738] pciehp: PCI Express Hot Plug Controller Driver version: 0.4
[STDERR  ] 2017-09-08T15:51:25.147237703Z: [    6.935785] IPVS: [rr] scheduler registered.
[STDOUT  ] 2017-09-08T15:51:25.147241579Z: [    6.595677] shpchp: Standard Hot Plug PCI Controller Driver version: 0.4
[STDERR  ] 2017-09-08T15:51:25.147248146Z: [    6.936152] IPVS: [wrr] scheduler registered.
[STDOUT  ] 2017-09-08T15:51:25.147251639Z: [    6.596605] hv_vmbus: registering driver hyperv_fb
[STDERR  ] 2017-09-08T15:51:25.147277246Z: [    6.936456] IPVS: [lc] scheduler registered.
[STDOUT  ] 2017-09-08T15:51:25.147278519Z: [    6.599787] input: Power Button as /devices/LNXSYSTM:00/LNXPWRBN:00/input/input0
[STDERR  ] 2017-09-08T15:51:25.147287022Z: [    6.936741] IPVS: [wlc] scheduler registered.
[STDOUT  ] 2017-09-08T15:51:25.147288039Z: [    6.601667] ACPI: Power Button [PWRF]
[STDERR  ] 2017-09-08T15:51:25.147296442Z: [    6.937072] IPVS: [fo] scheduler registered.
[STDOUT  ] 2017-09-08T15:51:25.147298709Z: [    6.606839] GHES: HEST is not enabled!
[STDERR  ] 2017-09-08T15:51:25.147305901Z: [    6.937366] IPVS: [ovf] scheduler registered.
[STDOUT  ] 2017-09-08T15:51:25.147307819Z: [    6.617860] ACPI: PCI Interrupt Link [GSIG] enabled at IRQ 22
[STDERR  ] 2017-09-08T15:51:25.147315427Z: [    6.937852] IPVS: [lblc] scheduler registered.
[STDOUT  ] 2017-09-08T15:51:25.147317506Z: [    6.632845] ACPI: PCI Interrupt Link [GSIH] enabled at IRQ 23
[STDOUT  ] 2017-09-08T15:51:25.147326751Z: [    6.638471] xenfs: not registering filesystem on non-xen platform
[STDERR  ] 2017-09-08T15:51:25.147329433Z: [    6.938325] IPVS: [lblcr] scheduler registered.
[STDOUT  ] 2017-09-08T15:51:25.147336595Z: [    6.641082] Serial: 8250/16550 driver, 4 ports, IRQ sharing disabled
[STDERR  ] 2017-09-08T15:51:25.147339056Z: [    6.938646] IPVS: [dh] scheduler registered.
[STDERR  ] 2017-09-08T15:51:25.147348025Z: [    6.938956] IPVS: [sh] scheduler registered.
[STDOUT  ] 2017-09-08T15:51:25.147347821Z: [    6.666309] 00:04: ttyS0 at I/O 0x3f8 (irq = 4, base_baud = 115200) is a 16550A
[STDOUT  ] 2017-09-08T15:51:25.147358839Z: [    6.678580] Non-volatile memory driver v1.3
[STDERR  ] 2017-09-08T15:51:25.147357182Z: [    6.939259] IPVS: [sed] scheduler registered.
[STDERR  ] 2017-09-08T15:51:25.147366516Z: [    6.939544] IPVS: [nq] scheduler registered.
[STDOUT  ] 2017-09-08T15:51:25.147367965Z: [    6.684794] Hangcheck: starting hangcheck timer 0.9.1 (tick is 180 seconds, margin is 60 seconds).
[STDOUT  ] 2017-09-08T15:51:25.147377375Z: [    6.722578] loop: module loaded
[STDERR  ] 2017-09-08T15:51:25.147376031Z: [    6.940813] IPVS: ftp: loaded support on port[0] = 21
[STDERR  ] 2017-09-08T15:51:25.147385742Z: [    6.941870] ipip: IPv4 and MPLS over IPv4 tunneling driver
[STDOUT  ] 2017-09-08T15:51:25.147386573Z: [    6.738484] nbd: registered device at major 43
[STDOUT  ] 2017-09-08T15:51:25.147395581Z: [    6.782751] lpc_ich 0000:00:1f.0: I/O space for GPIO uninitialized
[STDERR  ] 2017-09-08T15:51:25.147395465Z: [    6.946102] gre: GRE over IPv4 demultiplexor driver
[STDOUT  ] 2017-09-08T15:51:25.147404835Z: [    6.784999] VMware PVSCSI driver - version 1.0.7.0-k
[STDERR  ] 2017-09-08T15:51:25.147404657Z: [    6.948911] ip_tables: (C) 2000-2006 Netfilter Core Team
[STDERR  ] 2017-09-08T15:51:25.147413965Z: [    6.952784] ipt_CLUSTERIP: ClusterIP Version 0.8 loaded successfully
[STDOUT  ] 2017-09-08T15:51:25.147423523Z: [    6.785988] hv_vmbus: registering driver hv_storvsc
[STDERR  ] 2017-09-08T15:51:25.147425179Z: [    6.953529] arp_tables: arp_tables: (C) 2002 David S. Miller
[STDOUT  ] 2017-09-08T15:51:25.147433833Z: [    6.797374] ACPI: PCI Interrupt Link [GSIA] enabled at IRQ 16
[STDERR  ] 2017-09-08T15:51:25.147435331Z: [    6.955837] NET: Registered protocol family 10
[STDOUT  ] 2017-09-08T15:51:25.147443825Z: [    6.804540] ahci 0000:00:1f.2: AHCI 0001.0000 32 slots 6 ports 1.5 Gbps 0x3f impl SATA mode
[STDERR  ] 2017-09-08T15:51:25.147447532Z: [    6.965372] ip6_tables: (C) 2000-2006 Netfilter Core Team
[STDOUT  ] 2017-09-08T15:51:25.147453107Z: [    6.805307] ahci 0000:00:1f.2: flags: 64bit ncq only 
[STDERR  ] 2017-09-08T15:51:25.147457361Z: [    6.973958] NET: Registered protocol family 17
[STDOUT  ] 2017-09-08T15:51:25.147463899Z: [    6.825395] scsi host0: ahci
[STDERR  ] 2017-09-08T15:51:25.147470931Z: [    6.975087] Bridge firewalling registered
[STDOUT  ] 2017-09-08T15:51:25.147476833Z: [    6.830880] scsi host1: ahci
[STDERR  ] 2017-09-08T15:51:25.147480373Z: [    6.975749] Ebtables v2.0 registered
[STDOUT  ] 2017-09-08T15:51:25.147486587Z: [    6.833905] scsi host2: ahci
[STDOUT  ] 2017-09-08T15:51:25.147496361Z: [    6.836677] scsi host3: ahci
[STDERR  ] 2017-09-08T15:51:25.147492172Z: [    6.977657] 8021q: 802.1Q VLAN Support v1.8
[STDERR  ] 2017-09-08T15:51:25.147506601Z: [    6.979071] 9pnet: Installing 9P2000 support
[STDOUT  ] 2017-09-08T15:51:25.147506283Z: [    6.838945] scsi host4: ahci
[STDOUT  ] 2017-09-08T15:51:25.147517925Z: [    6.841489] scsi host5: ahci
[STDERR  ] 2017-09-08T15:51:25.147515992Z: [    6.980984] Key type dns_resolver registered
[STDERR  ] 2017-09-08T15:51:25.147525327Z: [    6.981999] microcode: AMD CPU family 0x6 not supported
[STDOUT  ] 2017-09-08T15:51:25.147527713Z: [    6.843360] ata1: SATA max UDMA/133 abar m4096@0xfebd2000 port 0xfebd2100 irq 24
[STDERR  ] 2017-09-08T15:51:25.147534157Z: [    6.985729] registered taskstats version 1
[STDOUT  ] 2017-09-08T15:51:25.147542023Z: [    6.843943] ata2: SATA max UDMA/133 abar m4096@0xfebd2000 port 0xfebd2180 irq 24
[STDERR  ] 2017-09-08T15:51:25.147543651Z: [    7.182882] ata4: SATA link down (SStatus 0 SControl 300)
[STDOUT  ] 2017-09-08T15:51:25.147551599Z: [    6.844450] ata3: SATA max UDMA/133 abar m4096@0xfebd2000 port 0xfebd2200 irq 24
[STDERR  ] 2017-09-08T15:51:25.147554016Z: [    7.185840] ata3: SATA link up 1.5 Gbps (SStatus 113 SControl 300)
[STDOUT  ] 2017-09-08T15:51:25.147560957Z: [    6.844879] ata4: SATA max UDMA/133 abar m4096@0xfebd2000 port 0xfebd2280 irq 24
[STDERR  ] 2017-09-08T15:51:25.147565157Z: [    7.188886] ata2: SATA link up 1.5 Gbps (SStatus 113 SControl 300)
[STDOUT  ] 2017-09-08T15:51:25.147572547Z: [    6.845372] ata5: SATA max UDMA/133 abar m4096@0xfebd2000 port 0xfebd2300 irq 24
[STDERR  ] 2017-09-08T15:51:25.147574883Z: [    7.191287] ata2.00: ATA-7: QEMU HARDDISK, 2.5+, max UDMA/100
[STDERR  ] 2017-09-08T15:51:25.147584536Z: [    7.191691] ata2.00: 1048576 sectors, multi 16: LBA48 NCQ (depth 31/32)
[STDOUT  ] 2017-09-08T15:51:25.147582121Z: [    6.845851] ata6: SATA max UDMA/133 abar m4096@0xfebd2000 port 0xfebd2380 irq 24
[STDOUT  ] 2017-09-08T15:51:25.147591393Z: [    6.859076] tun: Universal TUN/TAP device driver, 1.6
[STDERR  ] 2017-09-08T15:51:25.147594236Z: [    7.192394] ata2.00: applying bridge limits
[STDOUT  ] 2017-09-08T15:51:25.147600679Z: [    6.859533] tun: (C) 1999-2004 Max Krasnyansky <maxk@qualcomm.com>
[STDERR  ] 2017-09-08T15:51:25.147603713Z: [    7.193850] ata1: SATA link up 1.5 Gbps (SStatus 113 SControl 300)
[STDOUT  ] 2017-09-08T15:51:25.147609843Z: [    6.870606] VMware vmxnet3 virtual NIC driver - version 1.4.a.0-k-NAPI
[STDERR  ] 2017-09-08T15:51:25.147613661Z: [    7.194711] ata6: SATA link down (SStatus 0 SControl 300)
[STDOUT  ] 2017-09-08T15:51:25.147619235Z: [    6.871524] hv_vmbus: registering driver hv_netvsc
[STDERR  ] 2017-09-08T15:51:25.147623653Z: [    7.195289] ata5: SATA link down (SStatus 0 SControl 300)
[STDOUT  ] 2017-09-08T15:51:25.147634499Z: [    6.871950] Fusion MPT base driver 3.04.20
[STDERR  ] 2017-09-08T15:51:25.147638089Z: [    7.196489] ata2.00: configured for UDMA/100
[STDOUT  ] 2017-09-08T15:51:25.147643497Z: [    6.872280] Copyright (c) 1999-2008 LSI Corporation
[STDERR  ] 2017-09-08T15:51:25.147649793Z: [    7.197256] ata3.00: ATAPI: QEMU DVD-ROM, 2.5+, max UDMA/100
[STDOUT  ] 2017-09-08T15:51:25.147653652Z: [    6.872980] Fusion MPT SPI Host driver 3.04.20
[STDERR  ] 2017-09-08T15:51:25.147659317Z: [    7.197653] ata3.00: applying bridge limits
[STDOUT  ] 2017-09-08T15:51:25.147662882Z: [    6.875077] i8042: PNP: PS/2 Controller [PNP0303:KBD,PNP0f13:MOU] at 0x60,0x64 irq 1,12
[STDERR  ] 2017-09-08T15:51:25.147669425Z: [    7.198311] ata3.00: configured for UDMA/100
[STDOUT  ] 2017-09-08T15:51:25.147672321Z: [    6.879084] serio: i8042 KBD port at 0x60,0x64 irq 1
[STDOUT  ] 2017-09-08T15:51:25.147683931Z: [    6.879779] serio: i8042 AUX port at 0x60,0x64 irq 12
[STDERR  ] 2017-09-08T15:51:25.147682357Z: [    7.208671] ata1.00: ATA-7: QEMU HARDDISK, 2.5+, max UDMA/100
[STDERR  ] 2017-09-08T15:51:25.147692483Z: [    7.209129] ata1.00: 1048576 sectors, multi 16: LBA48 NCQ (depth 31/32)
[STDOUT  ] 2017-09-08T15:51:25.147693333Z: [    6.883166] hv_vmbus: registering driver hyperv_keyboard
[STDOUT  ] 2017-09-08T15:51:25.147703541Z: [    6.885366] mousedev: PS/2 mouse device common for all mice
[STDERR  ] 2017-09-08T15:51:25.147702072Z: [    7.209576] ata1.00: applying bridge limits
[STDOUT  ] 2017-09-08T15:51:25.147713035Z: [    6.890015] input: AT Translated Set 2 keyboard as /devices/platform/i8042/serio0/input/input1
[STDERR  ] 2017-09-08T15:51:25.147714351Z: [    7.210678] ata1.00: configured for UDMA/100
[STDOUT  ] 2017-09-08T15:51:25.147723059Z: [    6.892474] input: PC Speaker as /devices/platform/pcspkr/input/input2
[STDERR  ] 2017-09-08T15:51:25.147724399Z: [    7.221587] Key type big_key registered
[STDOUT  ] 2017-09-08T15:51:25.147732627Z: [    6.896968] rtc_cmos 00:00: RTC can wake from S4
[STDERR  ] 2017-09-08T15:51:25.147734136Z: [    7.232119] scsi 0:0:0:0: Direct-Access     ATA      QEMU HARDDISK    2.5+ PQ: 0 ANSI: 5
[STDOUT  ] 2017-09-08T15:51:25.147742032Z: [    6.900628] rtc_cmos 00:00: rtc core: registered rtc_cmos as rtc0
[STDERR  ] 2017-09-08T15:51:25.147743526Z: [    7.241859] sd 0:0:0:0: Attached scsi generic sg0 type 0
[STDERR  ] 2017-09-08T15:51:25.147752683Z: [    7.245109] sd 0:0:0:0: [sda] 1048576 512-byte logical blocks: (537 MB/512 MiB)
[STDOUT  ] 2017-09-08T15:51:25.147751315Z: [    6.901944] rtc_cmos 00:00: alarms up to one day, y3k, 114 bytes nvram, hpet irqs
[STDERR  ] 2017-09-08T15:51:25.147762537Z: [    7.250735] sd 0:0:0:0: [sda] Write Protect is off
[STDOUT  ] 2017-09-08T15:51:25.147767173Z: [    6.902707] i2c /dev entries driver
[STDERR  ] 2017-09-08T15:51:25.147772162Z: [    7.262599] scsi 1:0:0:0: Direct-Access     ATA      QEMU HARDDISK    2.5+ PQ: 0 ANSI: 5
[STDOUT  ] 2017-09-08T15:51:25.147778901Z: [    6.904627] device-mapper: ioctl: 4.35.0-ioctl (2016-06-23) initialised: dm-devel@redhat.com
[STDERR  ] 2017-09-08T15:51:25.147781097Z: [    7.266247] sd 1:0:0:0: [sdb] 1048576 512-byte logical blocks: (537 MB/512 MiB)
[STDERR  ] 2017-09-08T15:51:25.147790507Z: [    7.267264] sd 0:0:0:0: [sda] Write cache: enabled, read cache: enabled, doesn't support DPO or FUA
[STDOUT  ] 2017-09-08T15:51:25.147790149Z: [    6.909221] usbcore: registered new interface driver usbhid
[STDOUT  ] 2017-09-08T15:51:25.147800047Z: [    6.909601] usbhid: USB HID core driver
[STDERR  ] 2017-09-08T15:51:25.147800545Z: [    7.269410] sd 1:0:0:0: [sdb] Write Protect is off
[STDERR  ] 2017-09-08T15:51:25.147810919Z: [    7.272088] sd 1:0:0:0: [sdb] Write cache: enabled, read cache: enabled, doesn't support DPO or FUA
[STDOUT  ] 2017-09-08T15:51:25.147809472Z: [    6.910540] hv_utils: Registering HyperV Utility Driver
[STDOUT  ] 2017-09-08T15:51:25.147819079Z: [    6.910875] hv_vmbus: registering driver hv_util
[STDERR  ] 2017-09-08T15:51:25.147820377Z: [    7.275315] sd 1:0:0:0: Attached scsi generic sg1 type 0
[STDERR  ] 2017-09-08T15:51:25.147837409Z: [    7.283746] scsi 2:0:0:0: CD-ROM            QEMU     QEMU DVD-ROM     2.5+ PQ: 0 ANSI: 5
[STDOUT  ] 2017-09-08T15:51:25.147834567Z: [    6.911217] hv_vmbus: registering driver hv_balloon
[STDERR  ] 2017-09-08T15:51:25.147847401Z: [    7.307415] sr 2:0:0:0: [sr0] scsi3-mmc drive: 4x/4x cd/rw xa/form2 tray
[STDOUT  ] 2017-09-08T15:51:25.147844415Z: [    6.911805] oprofile: using NMI interrupt.
[STDERR  ] 2017-09-08T15:51:25.147856949Z: [    7.308173] cdrom: Uniform CD-ROM driver Revision: 3.20
[STDOUT  ] 2017-09-08T15:51:25.147858333Z: [    6.912896] GACT probability on
[STDERR  ] 2017-09-08T15:51:25.147866775Z: [    7.333552] sd 0:0:0:0: [sda] Attached SCSI disk
[STDOUT  ] 2017-09-08T15:51:25.147868149Z: [    6.913418] Mirror/redirect action on
[STDERR  ] 2017-09-08T15:51:25.147876397Z: [    7.336429] sr 2:0:0:0: Attached scsi generic sg2 type 5
[STDOUT  ] 2017-09-08T15:51:25.147883413Z: [    6.914288] Simple TC action Loaded
[STDERR  ] 2017-09-08T15:51:25.147886145Z: [    7.351337] sd 1:0:0:0: [sdb] Attached SCSI disk
[STDOUT  ] 2017-09-08T15:51:25.147892701Z: [    6.914875] u32 classifier
[STDERR  ] 2017-09-08T15:51:25.147895395Z: [    7.361419] Key type encrypted registered
[STDOUT  ] 2017-09-08T15:51:25.147902413Z: [    6.915074]     Performance counters on
[STDERR  ] 2017-09-08T15:51:25.147904529Z: [    7.365470] rtc_cmos 00:00: setting system clock to 2017-09-08 15:50:45 UTC (1504885845)
[STDOUT  ] 2017-09-08T15:51:25.147911497Z: [    6.915324]     input device check on
[STDERR  ] 2017-09-08T15:51:25.147913827Z: [    7.512276] Freeing unused kernel memory: 1380K
[STDOUT  ] 2017-09-08T15:51:25.147920563Z: [    6.915586]     Actions configured
[STDERR  ] 2017-09-08T15:51:25.147923181Z: [    7.512708] Write protecting the kernel read-only data: 12288k
[STDOUT  ] 2017-09-08T15:51:25.147929757Z: [    6.916303] Netfilter messages via NETLINK v0.30.
[STDOUT  ] 2017-09-08T15:51:25.147938739Z: [    6.916929] nfnl_acct: registering with nfnetlink.
[STDERR  ] 2017-09-08T15:51:25.147932895Z: [    7.520999] Freeing unused kernel memory: 144K
[STDOUT  ] 2017-09-08T15:51:25.147948447Z: [    6.918651] nf_conntrack version 0.5.0 (8192 buckets, 32768 max)
[STDERR  ] 2017-09-08T15:51:25.147948349Z: [    7.521727] tsc: Refined TSC clocksource calibration: 2600.002 MHz
[STDOUT  ] 2017-09-08T15:51:25.147957956Z: [    6.922422] ctnetlink v0.93: registering with nfnetlink.
[STDERR  ] 2017-09-08T15:51:25.147959739Z: [    7.522233] clocksource: tsc: mask: 0xffffffffffffffff max_cycles: 0x257a3e40e8d, max_idle_ns: 440795298933 ns
[STDOUT  ] 2017-09-08T15:51:25.147969017Z: [    6.925526] nf_tables: (c) 2007-2009 Patrick McHardy <kaber@trash.net>
[STDERR  ] 2017-09-08T15:51:25.147970571Z: [    7.642205] Freeing unused kernel memory: 1400K
[STDOUT  ] 2017-09-08T15:51:25.147980739Z: [    6.926412] nf_tables_compat: (c) 2012 Pablo Neira Ayuso <pablo@netfilter.org>
[STDERR  ] 2017-09-08T15:51:25.147984446Z: [    8.540991] clocksource: Switched to clocksource tsc
[STDOUT  ] 2017-09-08T15:51:25.147990936Z: [    6.928714] xt_time: kernel timezone is -0000
[STDERR  ] 2017-09-08T15:51:25.147993989Z: 
[STDOUT  ] 2017-09-08T15:51:25.148000213Z: [    6.929304] ip_set: protocol 6
[STDERR  ] 2017-09-08T15:51:25.148003309Z: Welcome to LinuxKit
[STDOUT  ] 2017-09-08T15:51:25.148009775Z: [    6.929963] IPVS: Registered protocols (TCP, UDP, SCTP, AH, ESP)
[STDERR  ] 2017-09-08T15:51:25.148012515Z: 
[STDOUT  ] 2017-09-08T15:51:25.148019282Z: [    6.930932] IPVS: Connection hash table configured (size=4096, memory=64Kbytes)
[STDERR  ] 2017-09-08T15:51:25.148021507Z:                         ##         .
[STDERR  ] 2017-09-08T15:51:25.148030719Z:                   ## ## ##        ==
[STDOUT  ] 2017-09-08T15:51:25.148028551Z: [    6.932705] IPVS: Creating netns size=2104 id=0
[STDERR  ] 2017-09-08T15:51:25.148039791Z:                ## ## ## ## ##    ===
[STDOUT  ] 2017-09-08T15:51:25.148038621Z: [    6.935403] IPVS: ipvs loaded.
[STDERR  ] 2017-09-08T15:51:25.148048662Z:            /"""""""""""""""""\___/ ===
[STDOUT  ] 2017-09-08T15:51:25.148055287Z: [    6.935785] IPVS: [rr] scheduler registered.
[STDERR  ] 2017-09-08T15:51:25.148059929Z:           {                       /  ===-
[STDOUT  ] 2017-09-08T15:51:25.148064346Z: [    6.936152] IPVS: [wrr] scheduler registered.
[STDERR  ] 2017-09-08T15:51:25.148069229Z:            \______ O           __/
[STDOUT  ] 2017-09-08T15:51:25.148078311Z: [    6.936456] IPVS: [lc] scheduler registered.
[STDERR  ] 2017-09-08T15:51:25.148079803Z:              \    \         __/
[STDOUT  ] 2017-09-08T15:51:25.148087409Z: [    6.936741] IPVS: [wlc] scheduler registered.
[STDERR  ] 2017-09-08T15:51:25.148089535Z:               \____\_______/
[STDERR  ] 2017-09-08T15:51:25.148098913Z: 
[STDOUT  ] 2017-09-08T15:51:25.148096435Z: [    6.937072] IPVS: [fo] scheduler registered.
[STDERR  ] 2017-09-08T15:51:25.148108486Z: [   20.837330] IPVS: Creating netns size=2104 id=1
[STDOUT  ] 2017-09-08T15:51:25.148109359Z: [    6.937366] IPVS: [ovf] scheduler registered.
[STDERR  ] 2017-09-08T15:51:25.148117895Z: [   20.837931] IPVS: ftp: loaded support on port[0] = 21
[STDOUT  ] 2017-09-08T15:51:25.148119496Z: [    6.937852] IPVS: [lblc] scheduler registered.
[STDERR  ] 2017-09-08T15:51:25.148127443Z: 2017/09/08 15:50:59 Creating partition on /dev/sda
[STDOUT  ] 2017-09-08T15:51:25.148128922Z: [    6.938325] IPVS: [lblcr] scheduler registered.
[STDOUT  ] 2017-09-08T15:51:25.148138182Z: [    6.938646] IPVS: [dh] scheduler registered.
[STDERR  ] 2017-09-08T15:51:25.148142502Z: [   22.451080] random: fdisk: uninitialized urandom read (4 bytes read)
[STDOUT  ] 2017-09-08T15:51:25.148148417Z: [    6.938956] IPVS: [sh] scheduler registered.
[STDERR  ] 2017-09-08T15:51:25.148152155Z: [   22.483989]  sda:
[STDOUT  ] 2017-09-08T15:51:25.148157383Z: [    6.939259] IPVS: [sed] scheduler registered.
[STDERR  ] 2017-09-08T15:51:25.148161942Z: [   22.549871]  sda:
[STDOUT  ] 2017-09-08T15:51:25.148166705Z: [    6.939544] IPVS: [nq] scheduler registered.
[STDERR  ] 2017-09-08T15:51:25.148171225Z: [   22.557329] random: sfdisk: uninitialized urandom read (4 bytes read)
[STDOUT  ] 2017-09-08T15:51:25.148175981Z: [    6.940813] IPVS: ftp: loaded support on port[0] = 21
[STDERR  ] 2017-09-08T15:51:25.148180375Z: [   22.582269]  sda: sda1
[STDERR  ] 2017-09-08T15:51:25.148189856Z: [   22.661167]  sda: sda1
[STDOUT  ] 2017-09-08T15:51:25.148186196Z: [    6.941870] ipip: IPv4 and MPLS over IPv4 tunneling driver
[STDOUT  ] 2017-09-08T15:51:25.148196491Z: [    6.946102] gre: GRE over IPv4 demultiplexor driver
[STDERR  ] 2017-09-08T15:51:25.148199303Z: [   24.242500] random: mkfs.ext4: uninitialized urandom read (16 bytes read)
[STDERR  ] 2017-09-08T15:51:25.148208537Z: [   24.244421] random: mkfs.ext4: uninitialized urandom read (16 bytes read)
[STDOUT  ] 2017-09-08T15:51:25.148205649Z: [    6.948911] ip_tables: (C) 2000-2006 Netfilter Core Team
[STDOUT  ] 2017-09-08T15:51:25.148215017Z: [    6.952784] ipt_CLUSTERIP: ClusterIP Version 0.8 loaded successfully
[STDERR  ] 2017-09-08T15:51:25.148217736Z: 2017/09/08 15:51:01 Partition /dev/sda1 successfully created!
[STDOUT  ] 2017-09-08T15:51:25.148224747Z: [    6.953529] arp_tables: arp_tables: (C) 2002 David S. Miller
[STDERR  ] 2017-09-08T15:51:25.148234223Z: [   25.230860] IPVS: Creating netns size=2104 id=2
[STDOUT  ] 2017-09-08T15:51:25.148234132Z: [    6.955837] NET: Registered protocol family 10
[STDERR  ] 2017-09-08T15:51:25.148243942Z: [   25.231399] IPVS: ftp: loaded support on port[0] = 21
[STDOUT  ] 2017-09-08T15:51:25.148248599Z: [    6.965372] ip6_tables: (C) 2000-2006 Netfilter Core Team
[STDERR  ] 2017-09-08T15:51:25.148259829Z: 2017/09/08 15:51:03 Partition table found on device /dev/sda. Skipping.
[STDOUT  ] 2017-09-08T15:51:25.148261029Z: [    6.973958] NET: Registered protocol family 17
[STDERR  ] 2017-09-08T15:51:25.148269391Z: 2017/09/08 15:51:03 Creating partition on /dev/sdb
[STDOUT  ] 2017-09-08T15:51:25.148271121Z: [    6.975087] Bridge firewalling registered
[STDERR  ] 2017-09-08T15:51:25.148283549Z: [   26.730027] random: fdisk: uninitialized urandom read (4 bytes read)
[STDOUT  ] 2017-09-08T15:51:25.148280092Z: [    6.975749] Ebtables v2.0 registered
[STDOUT  ] 2017-09-08T15:51:25.148290066Z: [    6.977657] 8021q: 802.1Q VLAN Support v1.8
[STDERR  ] 2017-09-08T15:51:25.148293027Z: [   26.755654]  sdb:
[STDOUT  ] 2017-09-08T15:51:25.148331976Z: [    6.979071] 9pnet: Installing 9P2000 support
[STDERR  ] 2017-09-08T15:51:25.148333215Z: [   26.824021]  sdb:
[STDOUT  ] 2017-09-08T15:51:25.148344915Z: [    6.980984] Key type dns_resolver registered
[STDERR  ] 2017-09-08T15:51:25.148344197Z: [   26.841627] random: sfdisk: uninitialized urandom read (4 bytes read)
[STDOUT  ] 2017-09-08T15:51:25.148354041Z: [    6.981999] microcode: AMD CPU family 0x6 not supported
[STDERR  ] 2017-09-08T15:51:25.148355615Z: [   26.877357]  sdb: sdb1
[STDOUT  ] 2017-09-08T15:51:25.148363479Z: [    6.985729] registered taskstats version 1
[STDERR  ] 2017-09-08T15:51:25.148372172Z: [   26.953024]  sdb: sdb1
[STDOUT  ] 2017-09-08T15:51:25.148373741Z: [    7.182882] ata4: SATA link down (SStatus 0 SControl 300)
[STDERR  ] 2017-09-08T15:51:25.148382009Z: [   28.519294] random: mkfs.ext4: uninitialized urandom read (16 bytes read)
[STDOUT  ] 2017-09-08T15:51:25.148383655Z: [    7.185840] ata3: SATA link up 1.5 Gbps (SStatus 113 SControl 300)
[STDERR  ] 2017-09-08T15:51:25.148409866Z: [   28.521681] random: mkfs.ext4: uninitialized urandom read (16 bytes read)
[STDERR  ] 2017-09-08T15:51:25.148420551Z: 2017/09/08 15:51:06 Partition /dev/sdb1 successfully created!
[STDOUT  ] 2017-09-08T15:51:25.148418133Z: [    7.188886] ata2: SATA link up 1.5 Gbps (SStatus 113 SControl 300)
[STDERR  ] 2017-09-08T15:51:25.148429593Z: [   29.452547] IPVS: Creating netns size=2104 id=3
[STDOUT  ] 2017-09-08T15:51:25.148429201Z: [    7.191287] ata2.00: ATA-7: QEMU HARDDISK, 2.5+, max UDMA/100
[STDERR  ] 2017-09-08T15:51:25.148438856Z: [   29.453067] IPVS: ftp: loaded support on port[0] = 21
[STDOUT  ] 2017-09-08T15:51:25.148439089Z: [    7.191691] ata2.00: 1048576 sectors, multi 16: LBA48 NCQ (depth 31/32)
[STDERR  ] 2017-09-08T15:51:25.148448005Z: [   31.117718] EXT4-fs (sda1): couldn't mount as ext3 due to feature incompatibilities
[STDOUT  ] 2017-09-08T15:51:25.148449729Z: [    7.192394] ata2.00: applying bridge limits
[STDERR  ] 2017-09-08T15:51:25.148457456Z: [   31.126348] EXT4-fs (sda1): couldn't mount as ext2 due to feature incompatibilities
[STDOUT  ] 2017-09-08T15:51:25.148459031Z: [    7.193850] ata1: SATA link up 1.5 Gbps (SStatus 113 SControl 300)
[STDOUT  ] 2017-09-08T15:51:25.148471636Z: [    7.194711] ata6: SATA link down (SStatus 0 SControl 300)
[STDOUT  ] 2017-09-08T15:51:25.148480993Z: [    7.195289] ata5: SATA link down (SStatus 0 SControl 300)
[STDERR  ] 2017-09-08T15:51:25.148466809Z: [   31.153535] EXT4-fs (sda1): mounted filesystem with ordered data mode. Opts: (null)
[STDOUT  ] 2017-09-08T15:51:25.148492316Z: [    7.196489] ata2.00: configured for UDMA/100
[STDERR  ] 2017-09-08T15:51:25.148489655Z: [   31.570008] IPVS: Creating netns size=2104 id=4
[STDERR  ] 2017-09-08T15:51:25.148499046Z: [   31.571216] IPVS: ftp: loaded support on port[0] = 21
[STDOUT  ] 2017-09-08T15:51:25.148501772Z: [    7.197256] ata3.00: ATAPI: QEMU DVD-ROM, 2.5+, max UDMA/100
[STDERR  ] 2017-09-08T15:51:25.148508063Z: [   33.206194] EXT4-fs (sdb1): couldn't mount as ext3 due to feature incompatibilities
[STDOUT  ] 2017-09-08T15:51:25.148511249Z: [    7.197653] ata3.00: applying bridge limits
[STDERR  ] 2017-09-08T15:51:25.148517111Z: [   33.214459] EXT4-fs (sdb1): couldn't mount as ext2 due to feature incompatibilities
[STDOUT  ] 2017-09-08T15:51:25.148520759Z: [    7.198311] ata3.00: configured for UDMA/100
[STDERR  ] 2017-09-08T15:51:25.148527231Z: [   33.221616] random: fast init done
[STDOUT  ] 2017-09-08T15:51:25.148530296Z: [    7.208671] ata1.00: ATA-7: QEMU HARDDISK, 2.5+, max UDMA/100
[STDERR  ] 2017-09-08T15:51:25.148536382Z: [   33.233197] EXT4-fs (sdb1): mounted filesystem with ordered data mode. Opts: (null)
[STDOUT  ] 2017-09-08T15:51:25.148539843Z: [    7.209129] ata1.00: 1048576 sectors, multi 16: LBA48 NCQ (depth 31/32)
[STDOUT  ] 2017-09-08T15:51:25.148560189Z: [    7.209576] ata1.00: applying bridge limits
[STDERR  ] 2017-09-08T15:51:25.148564376Z: [   34.144835] random: crng init done
[STDOUT  ] 2017-09-08T15:51:25.148569961Z: [    7.210678] ata1.00: configured for UDMA/100
[STDERR  ] 2017-09-08T15:51:25.148574153Z: format_mount test suite PASSED
[STDOUT  ] 2017-09-08T15:51:25.148580117Z: [    7.221587] Key type big_key registered
[STDERR  ] 2017-09-08T15:51:25.148589387Z: [   46.248826] sd 1:0:0:0: [sdb] Synchronizing SCSI cache
[STDOUT  ] 2017-09-08T15:51:25.148590651Z: [    7.232119] scsi 0:0:0:0: Direct-Access     ATA      QEMU HARDDISK    2.5+ PQ: 0 ANSI: 5
[STDERR  ] 2017-09-08T15:51:25.148598807Z: [   46.249794] sd 1:0:0:0: [sdb] Stopping disk
[STDOUT  ] 2017-09-08T15:51:25.148600277Z: [    7.241859] sd 0:0:0:0: Attached scsi generic sg0 type 0
[STDERR  ] 2017-09-08T15:51:25.148610106Z: [   46.251118] sd 0:0:0:0: [sda] Synchronizing SCSI cache
[STDERR  ] 2017-09-08T15:51:25.148619419Z: [   46.255166] sd 0:0:0:0: [sda] Stopping disk
[STDOUT  ] 2017-09-08T15:51:25.148616516Z: [    7.245109] sd 0:0:0:0: [sda] 1048576 512-byte logical blocks: (537 MB/512 MiB)
[STDOUT  ] 2017-09-08T15:51:25.148626351Z: [    7.250735] sd 0:0:0:0: [sda] Write Protect is off
[STDOUT  ] 2017-09-08T15:51:25.148640707Z: [    7.262599] scsi 1:0:0:0: Direct-Access     ATA      QEMU HARDDISK    2.5+ PQ: 0 ANSI: 5
[STDERR  ] 2017-09-08T15:51:25.148628621Z: [   46.257675] ACPI: Preparing to enter system sleep state S5
[STDOUT  ] 2017-09-08T15:51:25.148650555Z: [    7.266247] sd 1:0:0:0: [sdb] 1048576 512-byte logical blocks: (537 MB/512 MiB)
[STDERR  ] 2017-09-08T15:51:25.148651681Z: [   46.258748] reboot: Power down
[STDOUT  ] 2017-09-08T15:51:25.148660493Z: [    7.267264] sd 0:0:0:0: [sda] Write cache: enabled, read cache: enabled, doesn't support DPO or FUA
[STDERR  ] 2017-09-08T15:51:25.148661317Z: + echo [    0.000000] Linux version 4.9.48-linuxkit (root@e1ede117fb1e) (gcc version 6.3.0 (Alpine 6.3.0) ) #1 SMP Fri Sep 8 14:00:27 UTC 2017
[STDOUT  ] 2017-09-08T15:51:25.148670009Z: [    7.269410] sd 1:0:0:0: [sdb] Write Protect is off
[STDERR  ] 2017-09-08T15:51:25.148671525Z: [    0.000000] Command line: console=ttyS0
[STDOUT  ] 2017-09-08T15:51:25.148683647Z: [    7.272088] sd 1:0:0:0: [sdb] Write cache: enabled, read cache: enabled, doesn't support DPO or FUA
[STDERR  ] 2017-09-08T15:51:25.148681122Z: [    0.000000] x86/fpu: Legacy x87 FPU detected.
[STDERR  ] 2017-09-08T15:51:25.148690187Z: [    0.000000] x86/fpu: Using 'eager' FPU context switches.
[STDOUT  ] 2017-09-08T15:51:25.148697173Z: [    7.275315] sd 1:0:0:0: Attached scsi generic sg1 type 0
[STDERR  ] 2017-09-08T15:51:25.148699812Z: [    0.000000] e820: BIOS-provided physical RAM map:
[STDOUT  ] 2017-09-08T15:51:25.148706405Z: [    7.283746] scsi 2:0:0:0: CD-ROM            QEMU     QEMU DVD-ROM     2.5+ PQ: 0 ANSI: 5
[STDOUT  ] 2017-09-08T15:51:25.148715579Z: [    7.307415] sr 2:0:0:0: [sr0] scsi3-mmc drive: 4x/4x cd/rw xa/form2 tray
[STDERR  ] 2017-09-08T15:51:25.148720497Z: [    0.000000] BIOS-e820: [mem 0x0000000000000000-0x000000000009fbff] usable
[STDOUT  ] 2017-09-08T15:51:25.148725536Z: [    7.308173] cdrom: Uniform CD-ROM driver Revision: 3.20
[STDERR  ] 2017-09-08T15:51:25.148731646Z: [    0.000000] BIOS-e820: [mem 0x000000000009fc00-0x000000000009ffff] reserved
[STDOUT  ] 2017-09-08T15:51:25.148734749Z: [    7.333552] sd 0:0:0:0: [sda] Attached SCSI disk
[STDERR  ] 2017-09-08T15:51:25.148741211Z: [    0.000000] BIOS-e820: [mem 0x00000000000f0000-0x00000000000fffff] reserved
[STDOUT  ] 2017-09-08T15:51:25.148744071Z: [    7.336429] sr 2:0:0:0: Attached scsi generic sg2 type 5
[STDERR  ] 2017-09-08T15:51:25.148750461Z: [    0.000000] BIOS-e820: [mem 0x0000000000100000-0x000000003ffddfff] usable
[STDOUT  ] 2017-09-08T15:51:25.148760253Z: [    7.351337] sd 1:0:0:0: [sdb] Attached SCSI disk
[STDERR  ] 2017-09-08T15:51:25.148761689Z: [    0.000000] BIOS-e820: [mem 0x000000003ffde000-0x000000003fffffff] reserved
[STDERR  ] 2017-09-08T15:51:25.148772899Z: [    0.000000] BIOS-e820: [mem 0x00000000b0000000-0x00000000bfffffff] reserved
[STDOUT  ] 2017-09-08T15:51:25.148775155Z: [    7.361419] Key type encrypted registered
[STDERR  ] 2017-09-08T15:51:25.148783037Z: [    0.000000] BIOS-e820: [mem 0x00000000fed1c000-0x00000000fed1ffff] reserved
[STDOUT  ] 2017-09-08T15:51:25.148784466Z: [    7.365470] rtc_cmos 00:00: setting system clock to 2017-09-08 15:50:45 UTC (1504885845)
[STDOUT  ] 2017-09-08T15:51:25.148794029Z: [    7.512276] Freeing unused kernel memory: 1380K
[STDOUT  ] 2017-09-08T15:51:25.148804303Z: [    7.512708] Write protecting the kernel read-only data: 12288k
[STDERR  ] 2017-09-08T15:51:25.148804691Z: [    0.000000] BIOS-e820: [mem 0x00000000fffc0000-0x00000000ffffffff] reserved
[STDERR  ] 2017-09-08T15:51:25.148815453Z: [    0.000000] NX (Execute Disable) protection: active
[STDOUT  ] 2017-09-08T15:51:25.148813822Z: [    7.520999] Freeing unused kernel memory: 144K
[STDOUT  ] 2017-09-08T15:51:25.148827015Z: [    7.521727] tsc: Refined TSC clocksource calibration: 2600.002 MHz
[STDERR  ] 2017-09-08T15:51:25.148829882Z: [    0.000000] SMBIOS 2.8 present.
[STDOUT  ] 2017-09-08T15:51:25.148836489Z: [    7.522233] clocksource: tsc: mask: 0xffffffffffffffff max_cycles: 0x257a3e40e8d, max_idle_ns: 440795298933 ns
[STDERR  ] 2017-09-08T15:51:25.148840761Z: [    0.000000] e820: last_pfn = 0x3ffde max_arch_pfn = 0x400000000
[STDOUT  ] 2017-09-08T15:51:25.148845382Z: [    7.642205] Freeing unused kernel memory: 1400K
[STDERR  ] 2017-09-08T15:51:25.148852387Z: [    0.000000] x86/PAT: Configuration [0-7]: WB  WC  UC- UC  WB  WC  UC- WT  
[STDOUT  ] 2017-09-08T15:51:25.148859162Z: [    8.540991] clocksource: Switched to clocksource tsc
[STDOUT  ] 2017-09-08T15:51:25.148868413Z: 
[STDOUT  ] 2017-09-08T15:51:25.148878735Z: Welcome to LinuxKit
[STDERR  ] 2017-09-08T15:51:25.148865227Z: [    0.000000] found SMP MP-table at [mem 0x000f6aa0-0x000f6aaf] mapped at [ffff91e1000f6aa0]
[STDERR  ] 2017-09-08T15:51:25.148885506Z: [    0.000000] RAMDISK: [mem 0x3e288000-0x3ffcffff]
[STDOUT  ] 2017-09-08T15:51:25.148888489Z: 
[STDERR  ] 2017-09-08T15:51:25.148894711Z: [    0.000000] ACPI: Early table checksum verification disabled
[STDOUT  ] 2017-09-08T15:51:25.148897606Z:                         ##         .
[STDERR  ] 2017-09-08T15:51:25.148903767Z: [    0.000000] ACPI: RSDP 0x00000000000F68C0 000014 (v00 BOCHS )
[STDOUT  ] 2017-09-08T15:51:25.148907135Z:                   ## ## ##        ==
[STDERR  ] 2017-09-08T15:51:25.148912937Z: [    0.000000] ACPI: RSDT 0x000000003FFE2404 000034 (v01 BOCHS  BXPCRSDT 00000001 BXPC 00000001)
[STDOUT  ] 2017-09-08T15:51:25.148916625Z:                ## ## ## ## ##    ===
[STDOUT  ] 2017-09-08T15:51:25.148925979Z:            /"""""""""""""""""\___/ ===
[STDERR  ] 2017-09-08T15:51:25.148922077Z: [    0.000000] ACPI: FACP 0x000000003FFE22A4 000074 (v01 BOCHS  BXPCFACP 00000001 BXPC 00000001)
[STDERR  ] 2017-09-08T15:51:25.148937121Z: [    0.000000] ACPI: DSDT 0x000000003FFE0040 002264 (v01 BOCHS  BXPCDSDT 00000001 BXPC 00000001)
[STDOUT  ] 2017-09-08T15:51:25.148935779Z:           {                       /  ===-
[STDERR  ] 2017-09-08T15:51:25.148959511Z: [    0.000000] ACPI: FACS 0x000000003FFE0000 000040
[STDOUT  ] 2017-09-08T15:51:25.148945252Z:            \______ O           __/
[STDERR  ] 2017-09-08T15:51:25.148970499Z: [    0.000000] ACPI: APIC 0x000000003FFE2318 000078 (v01 BOCHS  BXPCAPIC 00000001 BXPC 00000001)
[STDERR  ] 2017-09-08T15:51:25.148979496Z: [    0.000000] ACPI: HPET 0x000000003FFE2390 000038 (v01 BOCHS  BXPCHPET 00000001 BXPC 00000001)
[STDOUT  ] 2017-09-08T15:51:25.148974621Z:              \    \         __/
[STDOUT  ] 2017-09-08T15:51:25.148985865Z:               \____\_______/
[STDERR  ] 2017-09-08T15:51:25.148988565Z: [    0.000000] ACPI: MCFG 0x000000003FFE23C8 00003C (v01 BOCHS  BXPCMCFG 00000001 BXPC 00000001)
[STDOUT  ] 2017-09-08T15:51:25.148995205Z: 
[STDERR  ] 2017-09-08T15:51:25.148997849Z: [    0.000000] Zone ranges:
[STDOUT  ] 2017-09-08T15:51:25.149004243Z: [   20.837330] IPVS: Creating netns size=2104 id=1
[STDOUT  ] 2017-09-08T15:51:25.149014799Z: [   20.837931] IPVS: ftp: loaded support on port[0] = 21
[STDOUT  ] 2017-09-08T15:51:25.149025171Z: 2017/09/08 15:50:59 Creating partition on /dev/sda
[STDERR  ] 2017-09-08T15:51:25.149015815Z: [    0.000000]   DMA      [mem 0x0000000000001000-0x0000000000ffffff]
[STDOUT  ] 2017-09-08T15:51:25.149035246Z: [   22.451080] random: fdisk: uninitialized urandom read (4 bytes read)
[STDERR  ] 2017-09-08T15:51:25.149038391Z: [    0.000000]   DMA32    [mem 0x0000000001000000-0x000000003ffddfff]
[STDERR  ] 2017-09-08T15:51:25.149048297Z: [    0.000000]   Normal   empty
[STDOUT  ] 2017-09-08T15:51:25.149046916Z: [   22.483989]  sda:
[STDERR  ] 2017-09-08T15:51:25.149057925Z: [    0.000000] Movable zone start for each node
[STDOUT  ] 2017-09-08T15:51:25.149056212Z: [   22.549871]  sda:
[STDERR  ] 2017-09-08T15:51:25.149066976Z: [    0.000000] Early memory node ranges
[STDOUT  ] 2017-09-08T15:51:25.149070583Z: [   22.557329] random: sfdisk: uninitialized urandom read (4 bytes read)
[STDOUT  ] 2017-09-08T15:51:25.149081896Z: [   22.582269]  sda: sda1
[STDERR  ] 2017-09-08T15:51:25.149075962Z: [    0.000000]   node   0: [mem 0x0000000000001000-0x000000000009efff]
[STDERR  ] 2017-09-08T15:51:25.149088753Z: [    0.000000]   node   0: [mem 0x0000000000100000-0x000000003ffddfff]
[STDOUT  ] 2017-09-08T15:51:25.149091769Z: [   22.661167]  sda: sda1
[STDOUT  ] 2017-09-08T15:51:25.149101611Z: [   24.242500] random: mkfs.ext4: uninitialized urandom read (16 bytes read)
[STDERR  ] 2017-09-08T15:51:25.149097967Z: [    0.000000] Initmem setup node 0 [mem 0x0000000000001000-0x000000003ffddfff]
[STDERR  ] 2017-09-08T15:51:25.149117835Z: [    0.000000] ACPI: PM-Timer IO Port: 0x608
[STDOUT  ] 2017-09-08T15:51:25.149111373Z: [   24.244421] random: mkfs.ext4: uninitialized urandom read (16 bytes read)
[STDERR  ] 2017-09-08T15:51:25.149127212Z: [    0.000000] ACPI: LAPIC_NMI (acpi_id[0xff] dfl dfl lint[0x1])
[STDOUT  ] 2017-09-08T15:51:25.149124339Z: 2017/09/08 15:51:01 Partition /dev/sda1 successfully created!
[STDOUT  ] 2017-09-08T15:51:25.149133932Z: [   25.230860] IPVS: Creating netns size=2104 id=2
[STDERR  ] 2017-09-08T15:51:25.149136752Z: [    0.000000] IOAPIC[0]: apic_id 0, version 32, address 0xfec00000, GSI 0-23
[STDOUT  ] 2017-09-08T15:51:25.149143049Z: [   25.231399] IPVS: ftp: loaded support on port[0] = 21
[STDERR  ] 2017-09-08T15:51:25.149146537Z: [    0.000000] ACPI: INT_SRC_OVR (bus 0 bus_irq 0 global_irq 2 dfl dfl)
[STDOUT  ] 2017-09-08T15:51:25.149152071Z: 2017/09/08 15:51:03 Partition table found on device /dev/sda. Skipping.
[STDERR  ] 2017-09-08T15:51:25.149156493Z: [    0.000000] ACPI: INT_SRC_OVR (bus 0 bus_irq 5 global_irq 5 high level)
[STDOUT  ] 2017-09-08T15:51:25.149161706Z: 2017/09/08 15:51:03 Creating partition on /dev/sdb
[STDERR  ] 2017-09-08T15:51:25.149166015Z: [    0.000000] ACPI: INT_SRC_OVR (bus 0 bus_irq 9 global_irq 9 high level)
[STDOUT  ] 2017-09-08T15:51:25.149172025Z: [   26.730027] random: fdisk: uninitialized urandom read (4 bytes read)
[STDOUT  ] 2017-09-08T15:51:25.149181639Z: [   26.755654]  sdb:
[STDERR  ] 2017-09-08T15:51:25.149175273Z: [    0.000000] ACPI: INT_SRC_OVR (bus 0 bus_irq 10 global_irq 10 high level)
[STDOUT  ] 2017-09-08T15:51:25.149191271Z: [   26.824021]  sdb:
[STDOUT  ] 2017-09-08T15:51:25.149200577Z: [   26.841627] random: sfdisk: uninitialized urandom read (4 bytes read)
[STDERR  ] 2017-09-08T15:51:25.149197215Z: [    0.000000] ACPI: INT_SRC_OVR (bus 0 bus_irq 11 global_irq 11 high level)
[STDOUT  ] 2017-09-08T15:51:25.149210731Z: [   26.877357]  sdb: sdb1
[STDERR  ] 2017-09-08T15:51:25.149211901Z: [    0.000000] Using ACPI (MADT) for SMP configuration information
[STDERR  ] 2017-09-08T15:51:25.149221419Z: [    0.000000] ACPI: HPET id: 0x8086a201 base: 0xfed00000
[STDOUT  ] 2017-09-08T15:51:25.149220395Z: [   26.953024]  sdb: sdb1
[STDERR  ] 2017-09-08T15:51:25.149231249Z: [    0.000000] smpboot: Allowing 1 CPUs, 0 hotplug CPUs
[STDERR  ] 2017-09-08T15:51:25.149240675Z: [    0.000000] e820: [mem 0x40000000-0xafffffff] available for PCI devices
[STDOUT  ] 2017-09-08T15:51:25.149236253Z: [   28.519294] random: mkfs.ext4: uninitialized urandom read (16 bytes read)
[STDOUT  ] 2017-09-08T15:51:25.149250933Z: [   28.521681] random: mkfs.ext4: uninitialized urandom read (16 bytes read)
[STDOUT  ] 2017-09-08T15:51:25.149262537Z: 2017/09/08 15:51:06 Partition /dev/sdb1 successfully created!
[STDERR  ] 2017-09-08T15:51:25.149250703Z: [    0.000000] Booting paravirtualized kernel on bare hardware
[STDOUT  ] 2017-09-08T15:51:25.149272585Z: [   29.452547] IPVS: Creating netns size=2104 id=3
[STDERR  ] 2017-09-08T15:51:25.149279281Z: [    0.000000] clocksource: refined-jiffies: mask: 0xffffffff max_cycles: 0xffffffff, max_idle_ns: 19112604462750000 ns
[STDOUT  ] 2017-09-08T15:51:25.149281937Z: [   29.453067] IPVS: ftp: loaded support on port[0] = 21
[STDERR  ] 2017-09-08T15:51:25.149289597Z: [    0.000000] setup_percpu: NR_CPUS:128 nr_cpumask_bits:128 nr_cpu_ids:1 nr_node_ids:1
[STDOUT  ] 2017-09-08T15:51:25.149295365Z: [   31.117718] EXT4-fs (sda1): couldn't mount as ext3 due to feature incompatibilities
[STDERR  ] 2017-09-08T15:51:25.149301973Z: [    0.000000] percpu: Embedded 35 pages/cpu @ffff91e13e000000 s105240 r8192 d29928 u2097152
[STDOUT  ] 2017-09-08T15:51:25.149305242Z: [   31.126348] EXT4-fs (sda1): couldn't mount as ext2 due to feature incompatibilities
[STDERR  ] 2017-09-08T15:51:25.149311552Z: [    0.000000] Built 1 zonelists in Zone order, mobility grouping on.  Total pages: 257895
[STDERR  ] 2017-09-08T15:51:25.149320839Z: [    0.000000] Kernel command line: console=ttyS0
[STDOUT  ] 2017-09-08T15:51:25.149314492Z: [   31.153535] EXT4-fs (sda1): mounted filesystem with ordered data mode. Opts: (null)
[STDOUT  ] 2017-09-08T15:51:25.149328362Z: [   31.570008] IPVS: Creating netns size=2104 id=4
[STDOUT  ] 2017-09-08T15:51:25.149338127Z: [   31.571216] IPVS: ftp: loaded support on port[0] = 21
[STDERR  ] 2017-09-08T15:51:25.149336713Z: [    0.000000] PID hash table entries: 4096 (order: 3, 32768 bytes)
[STDOUT  ] 2017-09-08T15:51:25.149347427Z: [   33.206194] EXT4-fs (sdb1): couldn't mount as ext3 due to feature incompatibilities
[STDOUT  ] 2017-09-08T15:51:25.149357189Z: [   33.214459] EXT4-fs (sdb1): couldn't mount as ext2 due to feature incompatibilities
[STDERR  ] 2017-09-08T15:51:25.149363921Z: [    0.000000] Dentry cache hash table entries: 131072 (order: 8, 1048576 bytes)
[STDOUT  ] 2017-09-08T15:51:25.149366723Z: [   33.221616] random: fast init done
[STDERR  ] 2017-09-08T15:51:25.149373639Z: [    0.000000] Inode-cache hash table entries: 65536 (order: 7, 524288 bytes)
[STDOUT  ] 2017-09-08T15:51:25.149375766Z: [   33.233197] EXT4-fs (sdb1): mounted filesystem with ordered data mode. Opts: (null)
[STDERR  ] 2017-09-08T15:51:25.149383443Z: [    0.000000] Memory: 984184K/1048048K available (8032K kernel code, 1366K rwdata, 2696K rodata, 1380K init, 568K bss, 63864K reserved, 0K cma-reserved)
[STDOUT  ] 2017-09-08T15:51:25.149386635Z: [   34.144835] random: crng init done
[STDOUT  ] 2017-09-08T15:51:25.149395799Z: format_mount test suite PASSED
[STDERR  ] 2017-09-08T15:51:25.149394412Z: [    0.000000] Hierarchical RCU implementation.
[STDERR  ] 2017-09-08T15:51:25.149403722Z: [    0.000000] 	Build-time adjustment of leaf fanout to 64.
[STDOUT  ] 2017-09-08T15:51:25.149405557Z: [   46.248826] sd 1:0:0:0: [sdb] Synchronizing SCSI cache
[STDOUT  ] 2017-09-08T15:51:25.149414522Z: [   46.249794] sd 1:0:0:0: [sdb] Stopping disk
[STDOUT  ] 2017-09-08T15:51:25.149424089Z: [   46.251118] sd 0:0:0:0: [sda] Synchronizing SCSI cache
[STDERR  ] 2017-09-08T15:51:25.149414543Z: [    0.000000] 	RCU restricting CPUs from NR_CPUS=128 to nr_cpu_ids=1.
[STDOUT  ] 2017-09-08T15:51:25.149434221Z: [   46.255166] sd 0:0:0:0: [sda] Stopping disk
[STDERR  ] 2017-09-08T15:51:25.149435223Z: [    0.000000] RCU: Adjusting geometry for rcu_fanout_leaf=64, nr_cpu_ids=1
[STDERR  ] 2017-09-08T15:51:25.149445099Z: [    0.000000] NR_IRQS:8448 nr_irqs:256 16
[STDOUT  ] 2017-09-08T15:51:25.149443371Z: [   46.257675] ACPI: Preparing to enter system sleep state S5
[STDOUT  ] 2017-09-08T15:51:25.149452722Z: [   46.258748] reboot: Power down
[STDERR  ] 2017-09-08T15:51:25.149459413Z: [    0.000000] Console: colour VGA+ 80x25
[STDERR  ] 2017-09-08T15:51:25.149468721Z: [    0.000000] console [ttyS0] enabled
[STDERR  ] 2017-09-08T15:51:25.149477521Z: [    0.000000] clocksource: hpet: mask: 0xffffffff max_cycles: 0xffffffff, max_idle_ns: 19112604467 ns
[STDERR  ] 2017-09-08T15:51:25.149487897Z: [    0.000000] tsc: Fast TSC calibration using PIT
[STDERR  ] 2017-09-08T15:51:25.149507131Z: [    0.000000] tsc: Detected 2600.003 MHz processor
[STDERR  ] 2017-09-08T15:51:25.149517617Z: [    0.022237] Calibrating delay loop (skipped), value calculated using timer frequency.. 5200.00 BogoMIPS (lpj=26000030)
[STDERR  ] 2017-09-08T15:51:25.149526069Z: [    0.030584] pid_max: default: 32768 minimum: 301
[STDERR  ] 2017-09-08T15:51:25.149539745Z: [    0.031947] ACPI: Core revision 20160831
[STDERR  ] 2017-09-08T15:51:25.149549015Z: [    0.076329] ACPI: 1 ACPI AML tables successfully acquired and loaded
[STDERR  ] 2017-09-08T15:51:25.149560071Z: [    0.081314] Security Framework initialized
[STDERR  ] 2017-09-08T15:51:25.149568927Z: [    0.081799] Yama: becoming mindful.
[STDERR  ] 2017-09-08T15:51:25.149602876Z: [    0.083868] Mount-cache hash table entries: 2048 (order: 2, 16384 bytes)
[STDERR  ] 2017-09-08T15:51:25.149614065Z: [    0.084436] Mountpoint-cache hash table entries: 2048 (order: 2, 16384 bytes)
[STDERR  ] 2017-09-08T15:51:25.149625757Z: [    0.103618] Last level iTLB entries: 4KB 0, 2MB 0, 4MB 0
[STDERR  ] 2017-09-08T15:51:25.149634781Z: [    0.104154] Last level dTLB entries: 4KB 0, 2MB 0, 4MB 0, 1GB 0
[STDERR  ] 2017-09-08T15:51:25.149642803Z: [    0.402022] Freeing SMP alternatives memory: 20K
[STDERR  ] 2017-09-08T15:51:25.149651461Z: [    0.412792] ftrace: allocating 35509 entries in 139 pages
[STDERR  ] 2017-09-08T15:51:25.149673787Z: [    0.574428] smpboot: Max logical packages: 1
[STDERR  ] 2017-09-08T15:51:25.149683846Z: [    0.582542] ..TIMER: vector=0x30 apic1=0 pin1=2 apic2=-1 pin2=-1
[STDERR  ] 2017-09-08T15:51:25.149693266Z: [    0.690000] smpboot: CPU0: AMD QEMU Virtual CPU version 2.5+ (family: 0x6, model: 0x6, stepping: 0x3)
[STDERR  ] 2017-09-08T15:51:25.149703207Z: [    0.690000] Performance Events: PMU not available due to virtualization, using software events only.
[STDERR  ] 2017-09-08T15:51:25.149713485Z: [    0.698998] NMI watchdog: disabled (cpu0): hardware events not enabled
[STDERR  ] 2017-09-08T15:51:25.149722482Z: [    0.699464] NMI watchdog: Shutting down hard lockup detector on all cpus
[STDERR  ] 2017-09-08T15:51:25.149734236Z: [    0.703502] x86: Booted up 1 node, 1 CPUs
[STDERR  ] 2017-09-08T15:51:25.149759302Z: [    0.703927] smpboot: Total of 1 processors activated (5200.00 BogoMIPS)
[STDERR  ] 2017-09-08T15:51:25.149768605Z: [    0.718950] devtmpfs: initialized
[STDERR  ] 2017-09-08T15:51:25.149777527Z: [    0.725916] x86/mm: Memory block size: 128MB
[STDERR  ] 2017-09-08T15:51:25.149786253Z: [    0.788926] clocksource: jiffies: mask: 0xffffffff max_cycles: 0xffffffff, max_idle_ns: 19112604462750000 ns
[STDERR  ] 2017-09-08T15:51:25.149795643Z: [    0.790130] futex hash table entries: 256 (order: 2, 16384 bytes)
[STDERR  ] 2017-09-08T15:51:25.149804543Z: [    0.799573] NET: Registered protocol family 16
[STDERR  ] 2017-09-08T15:51:25.149813437Z: [    0.810931] cpuidle: using governor ladder
[STDERR  ] 2017-09-08T15:51:25.149838649Z: [    0.811404] cpuidle: using governor menu
[STDERR  ] 2017-09-08T15:51:25.149855836Z: [    0.812507] ACPI: bus type PCI registered
[STDERR  ] 2017-09-08T15:51:25.149865603Z: [    0.815280] PCI: MMCONFIG for domain 0000 [bus 00-ff] at [mem 0xb0000000-0xbfffffff] (base 0xb0000000)
[STDERR  ] 2017-09-08T15:51:25.149875495Z: [    0.816118] PCI: MMCONFIG at [mem 0xb0000000-0xbfffffff] reserved in E820
[STDERR  ] 2017-09-08T15:51:25.149884791Z: [    0.817601] PCI: Using configuration type 1 for base access
[STDERR  ] 2017-09-08T15:51:25.149894903Z: [    0.873615] HugeTLB registered 2 MB page size, pre-allocated 0 pages
[STDERR  ] 2017-09-08T15:51:25.149928345Z: [    0.885576] ACPI: Added _OSI(Module Device)
[STDERR  ] 2017-09-08T15:51:25.149939461Z: [    0.885935] ACPI: Added _OSI(Processor Device)
[STDERR  ] 2017-09-08T15:51:25.149948685Z: [    0.886237] ACPI: Added _OSI(3.0 _SCP Extensions)
[STDERR  ] 2017-09-08T15:51:25.149958319Z: [    0.886492] ACPI: Added _OSI(Processor Aggregator Device)
[STDERR  ] 2017-09-08T15:51:25.149968381Z: [    0.956699] ACPI: Interpreter enabled
[STDERR  ] 2017-09-08T15:51:25.150003467Z: [    0.957739] ACPI: (supports S0 S5)
[STDERR  ] 2017-09-08T15:51:25.150012561Z: [    0.958084] ACPI: Using IOAPIC for interrupt routing
[STDERR  ] 2017-09-08T15:51:25.150021192Z: [    0.961106] PCI: Using host bridge windows from ACPI; if necessary, use "pci=nocrs" and report a bug
[STDERR  ] 2017-09-08T15:51:25.150030873Z: [    1.023858] ACPI: PCI Root Bridge [PCI0] (domain 0000 [bus 00-ff])
[STDERR  ] 2017-09-08T15:51:25.150049073Z: [    1.025112] acpi PNP0A08:00: _OSC: OS supports [ExtendedConfig ASPM ClockPM Segments MSI]
[STDERR  ] 2017-09-08T15:51:25.150059071Z: [    1.031903] acpi PNP0A08:00: _OSC: OS now controls [PCIeHotplug PME PCIeCapability]
[STDERR  ] 2017-09-08T15:51:25.150082451Z: [    1.035596] PCI host bridge to bus 0000:00
[STDERR  ] 2017-09-08T15:51:25.150092282Z: [    1.036109] pci_bus 0000:00: root bus resource [io  0x0000-0x0cf7 window]
[STDERR  ] 2017-09-08T15:51:25.150102117Z: [    1.036594] pci_bus 0000:00: root bus resource [io  0x0d00-0xffff window]
[STDERR  ] 2017-09-08T15:51:25.150111473Z: [    1.037049] pci_bus 0000:00: root bus resource [mem 0x000a0000-0x000bffff window]
[STDERR  ] 2017-09-08T15:51:25.150120581Z: [    1.037487] pci_bus 0000:00: root bus resource [mem 0xc0000000-0xfebfffff window]
[STDERR  ] 2017-09-08T15:51:25.150129865Z: [    1.038146] pci_bus 0000:00: root bus resource [bus 00-ff]
[STDERR  ] 2017-09-08T15:51:25.150138916Z: [    1.147018] pci 0000:00:1f.0: quirk: [io  0x0600-0x067f] claimed by ICH6 ACPI/GPIO/TCO
[STDERR  ] 2017-09-08T15:51:25.150160211Z: [    1.211053] ACPI: PCI Interrupt Link [LNKA] (IRQs 5 *10 11)
[STDERR  ] 2017-09-08T15:51:25.150169873Z: [    1.214178] ACPI: PCI Interrupt Link [LNKB] (IRQs 5 *10 11)
[STDERR  ] 2017-09-08T15:51:25.150178506Z: [    1.216448] ACPI: PCI Interrupt Link [LNKC] (IRQs 5 10 *11)
[STDERR  ] 2017-09-08T15:51:25.150187449Z: [    1.218410] ACPI: PCI Interrupt Link [LNKD] (IRQs 5 10 *11)
[STDERR  ] 2017-09-08T15:51:25.150196725Z: [    1.221022] ACPI: PCI Interrupt Link [LNKE] (IRQs 5 *10 11)
