[INFO    ] 2018-02-25T10:06:36.125925271Z: Running Test linuxkit.packages.format_mount.multiple in /tmp/with_clone29c2304a/test/cases/040_packages/006_format_mount/010_multiple
[INFO    ] 2018-02-25T10:06:36.126073151Z: Running command: [/bin/sh -x /tmp/with_clone29c2304a/test/cases/040_packages/006_format_mount/010_multiple/test.sh]
[STDERR  ] 2018-02-25T10:06:36.126560958Z: + set -e
[STDERR  ] 2018-02-25T10:06:36.126622674Z: + . /tmp/with_clone29c2304a/test/cases/_lib/lib.sh
[STDERR  ] 2018-02-25T10:06:36.126647097Z: + [ -f src/github.com/linuxkit/rtf/lib/lib.sh ]
[STDERR  ] 2018-02-25T10:06:36.126682071Z: + LINUXKIT_TMPDIR=/tmp/with_clone29c2304a/test/cases/_tmp
[STDERR  ] 2018-02-25T10:06:36.126702007Z: + [ -f /tmp/with_clone29c2304a/test/cases/_tmp/env.sh ]
[STDERR  ] 2018-02-25T10:06:36.126721546Z: + . /tmp/with_clone29c2304a/test/cases/_tmp/env.sh
[STDERR  ] 2018-02-25T10:06:36.126740826Z: + export LINUXKIT_EXAMPLES_DIR=/tmp/with_clone29c2304a/test/cases/../../examples
[STDERR  ] 2018-02-25T10:06:36.126759545Z: + RT_CANCEL=253
[STDERR  ] 2018-02-25T10:06:36.126777755Z: + NAME=test-format
[STDERR  ] 2018-02-25T10:06:36.126795719Z: + DISK1=disk1.img
[STDERR  ] 2018-02-25T10:06:36.126813487Z: + DISK2=disk2.img
[STDERR  ] 2018-02-25T10:06:36.126833268Z: + trap clean_up EXIT
[STDERR  ] 2018-02-25T10:06:36.126850272Z: + linuxkit build -format kernel+initrd -name test-format test.yml
[STDERR  ] 2018-02-25T10:06:36.154131419Z: Extract kernel image: linuxkit/kernel:4.14.21
[STDERR  ] 2018-02-25T10:06:37.229590539Z: time="2018-02-25T10:06:37Z" level=warning msg="certificate with CN avi@atomicinc.com is near expiry"
[STDERR  ] 2018-02-25T10:06:37.230253601Z: time="2018-02-25T10:06:37Z" level=warning msg="certificate with CN Ian Campbell is near expiry"
[STDERR  ] 2018-02-25T10:06:37.230916962Z: time="2018-02-25T10:06:37Z" level=warning msg="certificate with CN Justin Cormack is near expiry"
[STDERR  ] 2018-02-25T10:06:37.231168956Z: time="2018-02-25T10:06:37Z" level=warning msg="certificate with CN  is near expiry"
[STDERR  ] 2018-02-25T10:06:37.231500900Z: time="2018-02-25T10:06:37Z" level=warning msg="certificate with CN  is near expiry"
[STDERR  ] 2018-02-25T10:06:37.288827509Z: time="2018-02-25T10:06:37Z" level=warning msg="certificate with CN Justin Cormack is near expiry"
[STDERR  ] 2018-02-25T10:06:40.561608123Z: Add init containers:
[STDERR  ] 2018-02-25T10:06:40.561721962Z: Process init image: linuxkit/init:d899eee3560a40aa3b4bdd67b3bb82703714b2b9
[STDERR  ] 2018-02-25T10:06:41.499253310Z: time="2018-02-25T10:06:41Z" level=warning msg="certificate with CN  is near expiry"
[STDERR  ] 2018-02-25T10:06:41.499455401Z: time="2018-02-25T10:06:41Z" level=warning msg="certificate with CN  is near expiry"
[STDERR  ] 2018-02-25T10:06:41.499614798Z: time="2018-02-25T10:06:41Z" level=warning msg="certificate with CN avi@atomicinc.com is near expiry"
[STDERR  ] 2018-02-25T10:06:41.499770377Z: time="2018-02-25T10:06:41Z" level=warning msg="certificate with CN Ian Campbell is near expiry"
[STDERR  ] 2018-02-25T10:06:41.499983441Z: time="2018-02-25T10:06:41Z" level=warning msg="certificate with CN Justin Cormack is near expiry"
[STDERR  ] 2018-02-25T10:06:41.504882022Z: time="2018-02-25T10:06:41Z" level=warning msg="certificate with CN Justin Cormack is near expiry"
[STDERR  ] 2018-02-25T10:06:41.506674016Z: time="2018-02-25T10:06:41Z" level=warning msg="certificate with CN Ian Campbell is near expiry"
[STDERR  ] 2018-02-25T10:06:41.506823323Z: time="2018-02-25T10:06:41Z" level=warning msg="certificate with CN  is near expiry"
[STDERR  ] 2018-02-25T10:06:42.395926091Z: Process init image: linuxkit/runc:7c39a68490a12cde830e1922f171c451fb08e731
[STDERR  ] 2018-02-25T10:06:43.330521942Z: time="2018-02-25T10:06:43Z" level=warning msg="certificate with CN  is near expiry"
[STDERR  ] 2018-02-25T10:06:43.330726645Z: time="2018-02-25T10:06:43Z" level=warning msg="certificate with CN  is near expiry"
[STDERR  ] 2018-02-25T10:06:43.330884156Z: time="2018-02-25T10:06:43Z" level=warning msg="certificate with CN avi@atomicinc.com is near expiry"
[STDERR  ] 2018-02-25T10:06:43.331052011Z: time="2018-02-25T10:06:43Z" level=warning msg="certificate with CN Ian Campbell is near expiry"
[STDERR  ] 2018-02-25T10:06:43.331261075Z: time="2018-02-25T10:06:43Z" level=warning msg="certificate with CN Justin Cormack is near expiry"
[STDERR  ] 2018-02-25T10:06:43.333741530Z: time="2018-02-25T10:06:43Z" level=warning msg="certificate with CN Justin Cormack is near expiry"
[STDERR  ] 2018-02-25T10:06:43.335158553Z: time="2018-02-25T10:06:43Z" level=warning msg="certificate with CN  is near expiry"
[STDERR  ] 2018-02-25T10:06:43.335316444Z: time="2018-02-25T10:06:43Z" level=warning msg="certificate with CN Ian Campbell is near expiry"
[STDERR  ] 2018-02-25T10:06:44.027837133Z: Add onboot containers:
[STDERR  ] 2018-02-25T10:06:44.027927529Z:   Create OCI config for linuxkit/format:v0.2
[STDERR  ] 2018-02-25T10:06:45.003898005Z: time="2018-02-25T10:06:45Z" level=warning msg="certificate with CN  is near expiry"
[STDERR  ] 2018-02-25T10:06:45.004140001Z: time="2018-02-25T10:06:45Z" level=warning msg="certificate with CN avi@atomicinc.com is near expiry"
[STDERR  ] 2018-02-25T10:06:45.004305351Z: time="2018-02-25T10:06:45Z" level=warning msg="certificate with CN Ian Campbell is near expiry"
[STDERR  ] 2018-02-25T10:06:45.004481266Z: time="2018-02-25T10:06:45Z" level=warning msg="certificate with CN Justin Cormack is near expiry"
[STDERR  ] 2018-02-25T10:06:45.004740331Z: time="2018-02-25T10:06:45Z" level=warning msg="certificate with CN Rolf Neugebauer is near expiry"
[STDERR  ] 2018-02-25T10:06:45.004879385Z: time="2018-02-25T10:06:45Z" level=warning msg="certificate with CN  is near expiry"
[STDERR  ] 2018-02-25T10:06:45.006562617Z: time="2018-02-25T10:06:45Z" level=warning msg="certificate with CN Justin Cormack is near expiry"
[STDERR  ] 2018-02-25T10:06:45.007856427Z: time="2018-02-25T10:06:45Z" level=warning msg="certificate with CN Rolf Neugebauer is near expiry"
[STDERR  ] 2018-02-25T10:06:45.008997843Z: time="2018-02-25T10:06:45Z" level=warning msg="certificate with CN  is near expiry"
[STDERR  ] 2018-02-25T10:06:45.009171960Z: time="2018-02-25T10:06:45Z" level=warning msg="certificate with CN Ian Campbell is near expiry"
[STDERR  ] 2018-02-25T10:06:45.888033657Z:   Create OCI config for linuxkit/format:v0.2
[STDERR  ] 2018-02-25T10:06:46.863824763Z: time="2018-02-25T10:06:46Z" level=warning msg="certificate with CN Rolf Neugebauer is near expiry"
[STDERR  ] 2018-02-25T10:06:46.864053339Z: time="2018-02-25T10:06:46Z" level=warning msg="certificate with CN  is near expiry"
[STDERR  ] 2018-02-25T10:06:46.864211858Z: time="2018-02-25T10:06:46Z" level=warning msg="certificate with CN  is near expiry"
[STDERR  ] 2018-02-25T10:06:46.864379054Z: time="2018-02-25T10:06:46Z" level=warning msg="certificate with CN avi@atomicinc.com is near expiry"
[STDERR  ] 2018-02-25T10:06:46.864543731Z: time="2018-02-25T10:06:46Z" level=warning msg="certificate with CN Ian Campbell is near expiry"
[STDERR  ] 2018-02-25T10:06:46.864713827Z: time="2018-02-25T10:06:46Z" level=warning msg="certificate with CN Justin Cormack is near expiry"
[STDERR  ] 2018-02-25T10:06:46.870005913Z: time="2018-02-25T10:06:46Z" level=warning msg="certificate with CN Justin Cormack is near expiry"
[STDERR  ] 2018-02-25T10:06:46.871961018Z: time="2018-02-25T10:06:46Z" level=warning msg="certificate with CN Rolf Neugebauer is near expiry"
[STDERR  ] 2018-02-25T10:06:46.873033523Z: time="2018-02-25T10:06:46Z" level=warning msg="certificate with CN  is near expiry"
[STDERR  ] 2018-02-25T10:06:46.873195571Z: time="2018-02-25T10:06:46Z" level=warning msg="certificate with CN Ian Campbell is near expiry"
[STDERR  ] 2018-02-25T10:06:47.787049858Z:   Create OCI config for linuxkit/mount:v0.2
[STDERR  ] 2018-02-25T10:06:48.762861222Z: time="2018-02-25T10:06:48Z" level=warning msg="certificate with CN  is near expiry"
[STDERR  ] 2018-02-25T10:06:48.763124443Z: time="2018-02-25T10:06:48Z" level=warning msg="certificate with CN  is near expiry"
[STDERR  ] 2018-02-25T10:06:48.763289298Z: time="2018-02-25T10:06:48Z" level=warning msg="certificate with CN avi@atomicinc.com is near expiry"
[STDERR  ] 2018-02-25T10:06:48.763476028Z: time="2018-02-25T10:06:48Z" level=warning msg="certificate with CN Ian Campbell is near expiry"
[STDERR  ] 2018-02-25T10:06:48.763650513Z: time="2018-02-25T10:06:48Z" level=warning msg="certificate with CN Justin Cormack is near expiry"
[STDERR  ] 2018-02-25T10:06:48.763886533Z: time="2018-02-25T10:06:48Z" level=warning msg="certificate with CN Rolf Neugebauer is near expiry"
[STDERR  ] 2018-02-25T10:06:48.765557243Z: time="2018-02-25T10:06:48Z" level=warning msg="certificate with CN Justin Cormack is near expiry"
[STDERR  ] 2018-02-25T10:06:48.768374364Z: time="2018-02-25T10:06:48Z" level=warning msg="certificate with CN Rolf Neugebauer is near expiry"
[STDERR  ] 2018-02-25T10:06:48.771153997Z: time="2018-02-25T10:06:48Z" level=warning msg="certificate with CN  is near expiry"
[STDERR  ] 2018-02-25T10:06:48.771277124Z: time="2018-02-25T10:06:48Z" level=warning msg="certificate with CN Ian Campbell is near expiry"
[STDERR  ] 2018-02-25T10:06:49.562862783Z:   Create OCI config for linuxkit/mount:v0.2
[STDERR  ] 2018-02-25T10:06:50.608080167Z: time="2018-02-25T10:06:50Z" level=warning msg="certificate with CN Justin Cormack is near expiry"
[STDERR  ] 2018-02-25T10:06:50.608442509Z: time="2018-02-25T10:06:50Z" level=warning msg="certificate with CN Rolf Neugebauer is near expiry"
[STDERR  ] 2018-02-25T10:06:50.608675913Z: time="2018-02-25T10:06:50Z" level=warning msg="certificate with CN  is near expiry"
[STDERR  ] 2018-02-25T10:06:50.608850342Z: time="2018-02-25T10:06:50Z" level=warning msg="certificate with CN  is near expiry"
[STDERR  ] 2018-02-25T10:06:50.609030520Z: time="2018-02-25T10:06:50Z" level=warning msg="certificate with CN avi@atomicinc.com is near expiry"
[STDERR  ] 2018-02-25T10:06:50.609219479Z: time="2018-02-25T10:06:50Z" level=warning msg="certificate with CN Ian Campbell is near expiry"
[STDERR  ] 2018-02-25T10:06:50.612204854Z: time="2018-02-25T10:06:50Z" level=warning msg="certificate with CN Justin Cormack is near expiry"
[STDERR  ] 2018-02-25T10:06:50.615240032Z: time="2018-02-25T10:06:50Z" level=warning msg="certificate with CN Rolf Neugebauer is near expiry"
[STDERR  ] 2018-02-25T10:06:50.616313471Z: time="2018-02-25T10:06:50Z" level=warning msg="certificate with CN  is near expiry"
[STDERR  ] 2018-02-25T10:06:50.616422441Z: time="2018-02-25T10:06:50Z" level=warning msg="certificate with CN Ian Campbell is near expiry"
[STDERR  ] 2018-02-25T10:06:51.402962807Z:   Create OCI config for alpine:3.7
[STDERR  ] 2018-02-25T10:06:53.057315938Z:   Create OCI config for linuxkit/poweroff:f9a0a5e52fd2a97908bda33db2afffafe4a6a67d
[STDERR  ] 2018-02-25T10:06:54.031596806Z: time="2018-02-25T10:06:54Z" level=warning msg="certificate with CN  is near expiry"
[STDERR  ] 2018-02-25T10:06:54.031685874Z: time="2018-02-25T10:06:54Z" level=warning msg="certificate with CN avi@atomicinc.com is near expiry"
[STDERR  ] 2018-02-25T10:06:54.031909717Z: time="2018-02-25T10:06:54Z" level=warning msg="certificate with CN Ian Campbell is near expiry"
[STDERR  ] 2018-02-25T10:06:54.032054997Z: time="2018-02-25T10:06:54Z" level=warning msg="certificate with CN Justin Cormack is near expiry"
[STDERR  ] 2018-02-25T10:06:54.032293355Z: time="2018-02-25T10:06:54Z" level=warning msg="certificate with CN Rolf Neugebauer is near expiry"
[STDERR  ] 2018-02-25T10:06:54.032411542Z: time="2018-02-25T10:06:54Z" level=warning msg="certificate with CN  is near expiry"
[STDERR  ] 2018-02-25T10:06:54.035597194Z: time="2018-02-25T10:06:54Z" level=warning msg="certificate with CN Rolf Neugebauer is near expiry"
[STDERR  ] 2018-02-25T10:06:54.037817073Z: time="2018-02-25T10:06:54Z" level=warning msg="certificate with CN Ian Campbell is near expiry"
[STDERR  ] 2018-02-25T10:06:54.038080723Z: time="2018-02-25T10:06:54Z" level=warning msg="certificate with CN  is near expiry"
[STDERR  ] 2018-02-25T10:06:54.648222355Z: Add files:
[STDERR  ] 2018-02-25T10:06:54.648283259Z:   check.sh
[STDERR  ] 2018-02-25T10:06:54.648304615Z: Create outputs:
[STDERR  ] 2018-02-25T10:07:01.803208034Z:   test-format-kernel test-format-initrd.img test-format-cmdline
[STDERR  ] 2018-02-25T10:07:01.993975201Z: + linuxkit run -disk file=disk1.img,size=512M -disk file=disk2.img,size=512M test-format
[STDERR  ] 2018-02-25T10:07:38.862646282Z: main-loop: WARNING: I/O thread spun for 1000 iterations
[STDERR  ] 2018-02-25T10:08:05.486324192Z: + RESULT=[    0.000000] Linux version 4.14.21-linuxkit (root@d1d936103058) (gcc version 6.4.0 (Alpine 6.4.0)) #1 SMP Fri Feb 23 18:45:12 UTC 2018
[STDERR  ] 2018-02-25T10:08:05.486404026Z: [    0.000000] Command line: console=ttyS0 console=ttyAMA0
[STDERR  ] 2018-02-25T10:08:05.486432160Z: [    0.000000] x86/fpu: x87 FPU will use FXSAVE
[STDERR  ] 2018-02-25T10:08:05.486453136Z: [    0.000000] e820: BIOS-provided physical RAM map:
[STDERR  ] 2018-02-25T10:08:05.486471421Z: [    0.000000] BIOS-e820: [mem 0x0000000000000000-0x000000000009fbff] usable
[STDERR  ] 2018-02-25T10:08:05.486490441Z: [    0.000000] BIOS-e820: [mem 0x000000000009fc00-0x000000000009ffff] reserved
[STDERR  ] 2018-02-25T10:08:05.486508518Z: [    0.000000] BIOS-e820: [mem 0x00000000000f0000-0x00000000000fffff] reserved
[STDERR  ] 2018-02-25T10:08:05.486526493Z: [    0.000000] BIOS-e820: [mem 0x0000000000100000-0x000000003ffddfff] usable
[STDERR  ] 2018-02-25T10:08:05.486544579Z: [    0.000000] BIOS-e820: [mem 0x000000003ffde000-0x000000003fffffff] reserved
[STDERR  ] 2018-02-25T10:08:05.486563413Z: [    0.000000] BIOS-e820: [mem 0x00000000b0000000-0x00000000bfffffff] reserved
[STDERR  ] 2018-02-25T10:08:05.486581055Z: [    0.000000] BIOS-e820: [mem 0x00000000fed1c000-0x00000000fed1ffff] reserved
[STDERR  ] 2018-02-25T10:08:05.486598683Z: [    0.000000] BIOS-e820: [mem 0x00000000fffc0000-0x00000000ffffffff] reserved
[STDERR  ] 2018-02-25T10:08:05.486616261Z: [    0.000000] NX (Execute Disable) protection: active
[STDERR  ] 2018-02-25T10:08:05.486634397Z: [    0.000000] random: fast init done
[STDERR  ] 2018-02-25T10:08:05.486652191Z: [    0.000000] SMBIOS 2.8 present.
[STDERR  ] 2018-02-25T10:08:05.486669876Z: [    0.000000] DMI: QEMU Standard PC (Q35 + ICH9, 2009), BIOS rel-1.10.2-0-g5f4c7b1-prebuilt.qemu-project.org 04/01/2014
[STDERR  ] 2018-02-25T10:08:05.486700443Z: [    0.000000] tsc: Fast TSC calibration using PIT
[STDERR  ] 2018-02-25T10:08:05.486718155Z: [    0.000000] e820: last_pfn = 0x3ffde max_arch_pfn = 0x400000000
[STDERR  ] 2018-02-25T10:08:05.486735931Z: [    0.000000] x86/PAT: Configuration [0-7]: WB  WC  UC- UC  WB  WP  UC- WT  
[STDERR  ] 2018-02-25T10:08:05.486753287Z: [    0.000000] found SMP MP-table at [mem 0x000f6aa0-0x000f6aaf] mapped at [ffffffffff200aa0]
[STDERR  ] 2018-02-25T10:08:05.486771246Z: [    0.000000] RAMDISK: [mem 0x3d6b8000-0x3ffcffff]
[STDERR  ] 2018-02-25T10:08:05.486788766Z: [    0.000000] ACPI: Early table checksum verification disabled
[STDERR  ] 2018-02-25T10:08:05.486808518Z: [    0.000000] ACPI: RSDP 0x00000000000F68C0 000014 (v00 BOCHS )
[STDERR  ] 2018-02-25T10:08:05.486826050Z: [    0.000000] ACPI: RSDT 0x000000003FFE2404 000034 (v01 BOCHS  BXPCRSDT 00000001 BXPC 00000001)
[STDERR  ] 2018-02-25T10:08:05.486844163Z: [    0.000000] ACPI: FACP 0x000000003FFE22A4 000074 (v01 BOCHS  BXPCFACP 00000001 BXPC 00000001)
[STDERR  ] 2018-02-25T10:08:05.486861921Z: [    0.000000] ACPI: DSDT 0x000000003FFE0040 002264 (v01 BOCHS  BXPCDSDT 00000001 BXPC 00000001)
[STDERR  ] 2018-02-25T10:08:05.486880083Z: [    0.000000] ACPI: FACS 0x000000003FFE0000 000040
[STDERR  ] 2018-02-25T10:08:05.486897942Z: [    0.000000] ACPI: APIC 0x000000003FFE2318 000078 (v01 BOCHS  BXPCAPIC 00000001 BXPC 00000001)
[STDERR  ] 2018-02-25T10:08:05.486915613Z: [    0.000000] ACPI: HPET 0x000000003FFE2390 000038 (v01 BOCHS  BXPCHPET 00000001 BXPC 00000001)
[STDERR  ] 2018-02-25T10:08:05.486932763Z: [    0.000000] ACPI: MCFG 0x000000003FFE23C8 00003C (v01 BOCHS  BXPCMCFG 00000001 BXPC 00000001)
[STDERR  ] 2018-02-25T10:08:05.486950038Z: [    0.000000] Zone ranges:
[STDERR  ] 2018-02-25T10:08:05.486972234Z: [    0.000000]   DMA      [mem 0x0000000000001000-0x0000000000ffffff]
[STDERR  ] 2018-02-25T10:08:05.486992749Z: [    0.000000]   DMA32    [mem 0x0000000001000000-0x000000003ffddfff]
[STDERR  ] 2018-02-25T10:08:05.487014426Z: [    0.000000]   Normal   empty
[STDERR  ] 2018-02-25T10:08:05.487031421Z: [    0.000000]   Device   empty
[STDERR  ] 2018-02-25T10:08:05.487048519Z: [    0.000000] Movable zone start for each node
[STDERR  ] 2018-02-25T10:08:05.487065776Z: [    0.000000] Early memory node ranges
[STDERR  ] 2018-02-25T10:08:05.487082604Z: [    0.000000]   node   0: [mem 0x0000000000001000-0x000000000009efff]
[STDERR  ] 2018-02-25T10:08:05.487099500Z: [    0.000000]   node   0: [mem 0x0000000000100000-0x000000003ffddfff]
[STDERR  ] 2018-02-25T10:08:05.487118099Z: [    0.000000] Initmem setup node 0 [mem 0x0000000000001000-0x000000003ffddfff]
[STDERR  ] 2018-02-25T10:08:05.487134647Z: [    0.000000] ACPI: PM-Timer IO Port: 0x608
[STDERR  ] 2018-02-25T10:08:05.487151414Z: [    0.000000] ACPI: LAPIC_NMI (acpi_id[0xff] dfl dfl lint[0x1])
[STDERR  ] 2018-02-25T10:08:05.487168100Z: [    0.000000] IOAPIC[0]: apic_id 0, version 32, address 0xfec00000, GSI 0-23
[STDERR  ] 2018-02-25T10:08:05.487184751Z: [    0.000000] ACPI: INT_SRC_OVR (bus 0 bus_irq 0 global_irq 2 dfl dfl)
[STDERR  ] 2018-02-25T10:08:05.487201450Z: [    0.000000] ACPI: INT_SRC_OVR (bus 0 bus_irq 5 global_irq 5 high level)
[STDERR  ] 2018-02-25T10:08:05.487217841Z: [    0.000000] ACPI: INT_SRC_OVR (bus 0 bus_irq 9 global_irq 9 high level)
[STDERR  ] 2018-02-25T10:08:05.487234335Z: [    0.000000] ACPI: INT_SRC_OVR (bus 0 bus_irq 10 global_irq 10 high level)
[STDERR  ] 2018-02-25T10:08:05.487250699Z: [    0.000000] ACPI: INT_SRC_OVR (bus 0 bus_irq 11 global_irq 11 high level)
[STDERR  ] 2018-02-25T10:08:05.487270142Z: [    0.000000] Using ACPI (MADT) for SMP configuration information
[STDERR  ] 2018-02-25T10:08:05.487285319Z: [    0.000000] ACPI: HPET id: 0x8086a201 base: 0xfed00000
[STDERR  ] 2018-02-25T10:08:05.487300626Z: [    0.000000] smpboot: Allowing 1 CPUs, 0 hotplug CPUs
[STDERR  ] 2018-02-25T10:08:05.487316119Z: [    0.000000] e820: [mem 0x40000000-0xafffffff] available for PCI devices
[STDERR  ] 2018-02-25T10:08:05.487336181Z: [    0.000000] Booting paravirtualized kernel on bare hardware
[STDERR  ] 2018-02-25T10:08:05.487351622Z: [    0.000000] clocksource: refined-jiffies: mask: 0xffffffff max_cycles: 0xffffffff, max_idle_ns: 19112604462750000 ns
[STDERR  ] 2018-02-25T10:08:05.487416767Z: [    0.000000] setup_percpu: NR_CPUS:128 nr_cpumask_bits:128 nr_cpu_ids:1 nr_node_ids:1
[STDERR  ] 2018-02-25T10:08:05.487434276Z: [    0.000000] percpu: Embedded 44 pages/cpu @ffff94787d400000 s143128 r8192 d28904 u2097152
[STDERR  ] 2018-02-25T10:08:05.487452420Z: [    0.000000] Built 1 zonelists, mobility grouping on.  Total pages: 257895
[STDERR  ] 2018-02-25T10:08:05.487468114Z: [    0.000000] Kernel command line: console=ttyS0 console=ttyAMA0
[STDERR  ] 2018-02-25T10:08:05.487483731Z: [    0.000000] PID hash table entries: 4096 (order: 3, 32768 bytes)
[STDERR  ] 2018-02-25T10:08:05.487498869Z: [    0.000000] Dentry cache hash table entries: 131072 (order: 8, 1048576 bytes)
[STDERR  ] 2018-02-25T10:08:05.487514227Z: [    0.000000] Inode-cache hash table entries: 65536 (order: 7, 524288 bytes)
[STDERR  ] 2018-02-25T10:08:05.487529683Z: [    0.000000] Memory: 962748K/1048048K available (12300K kernel code, 1460K rwdata, 2960K rodata, 1504K init, 628K bss, 85300K reserved, 0K cma-reserved)
[STDERR  ] 2018-02-25T10:08:05.487545869Z: [    0.000000] ftrace: allocating 40632 entries in 159 pages
[STDERR  ] 2018-02-25T10:08:05.487561960Z: [    0.000000] Hierarchical RCU implementation.
[STDERR  ] 2018-02-25T10:08:05.487578069Z: [    0.000000] 	RCU restricting CPUs from NR_CPUS=128 to nr_cpu_ids=1.
[STDERR  ] 2018-02-25T10:08:05.487594129Z: [    0.000000] RCU: Adjusting geometry for rcu_fanout_leaf=16, nr_cpu_ids=1
[STDERR  ] 2018-02-25T10:08:05.487610058Z: [    0.000000] NR_IRQS: 8448, nr_irqs: 256, preallocated irqs: 16
[STDERR  ] 2018-02-25T10:08:05.487625925Z: [    0.000000] Console: colour VGA+ 80x25
[STDERR  ] 2018-02-25T10:08:05.487642302Z: [    0.000000] console [ttyS0] enabled
[STDERR  ] 2018-02-25T10:08:05.487664684Z: [    0.000000] clocksource: hpet: mask: 0xffffffff max_cycles: 0xffffffff, max_idle_ns: 19112604467 ns
[STDERR  ] 2018-02-25T10:08:05.487684642Z: [    0.010000] tsc: Fast TSC calibration using PIT
[STDERR  ] 2018-02-25T10:08:05.487702837Z: [    0.020000] tsc: Detected 2300.088 MHz processor
[STDERR  ] 2018-02-25T10:08:05.487718474Z: [    0.020000] Calibrating delay loop (skipped), value calculated using timer frequency.. 4600.17 BogoMIPS (lpj=23000880)
[STDERR  ] 2018-02-25T10:08:05.487736376Z: [    0.020000] pid_max: default: 32768 minimum: 301
[STDERR  ] 2018-02-25T10:08:05.487751820Z: [    0.020000] ACPI: Core revision 20170728
[STDERR  ] 2018-02-25T10:08:05.487770027Z: [    0.064496] ACPI: 1 ACPI AML tables successfully acquired and loaded
[STDERR  ] 2018-02-25T10:08:05.487785553Z: [    0.066060] Security Framework initialized
[STDERR  ] 2018-02-25T10:08:05.487801194Z: [    0.066448] Yama: becoming mindful.
[STDERR  ] 2018-02-25T10:08:05.487816363Z: [    0.068439] Mount-cache hash table entries: 2048 (order: 2, 16384 bytes)
[STDERR  ] 2018-02-25T10:08:05.487832591Z: [    0.068929] Mountpoint-cache hash table entries: 2048 (order: 2, 16384 bytes)
[STDERR  ] 2018-02-25T10:08:05.487849528Z: [    0.086190] Last level iTLB entries: 4KB 0, 2MB 0, 4MB 0
[STDERR  ] 2018-02-25T10:08:05.487866112Z: [    0.086601] Last level dTLB entries: 4KB 0, 2MB 0, 4MB 0, 1GB 0
[STDERR  ] 2018-02-25T10:08:05.487886175Z: [    0.087075] Spectre V2 : Spectre mitigation: LFENCE not serializing, switching to generic retpoline
[STDERR  ] 2018-02-25T10:08:05.487904994Z: [    0.087666] Spectre V2 : Vulnerable: Minimal generic ASM retpoline
[STDERR  ] 2018-02-25T10:08:05.487921892Z: [    0.088116] Spectre V2 : Spectre v2 mitigation: Filling RSB on context switch
[STDERR  ] 2018-02-25T10:08:05.487942396Z: [    0.383671] Freeing SMP alternatives memory: 20K
[STDERR  ] 2018-02-25T10:08:05.487959134Z: [    0.402958] smpboot: Max logical packages: 1
[STDERR  ] 2018-02-25T10:08:05.487977643Z: [    0.407883] ..TIMER: vector=0x30 apic1=0 pin1=2 apic2=-1 pin2=-1
[STDERR  ] 2018-02-25T10:08:05.487999533Z: [    0.510000] smpboot: CPU0: AMD QEMU Virtual CPU version 2.5+ (family: 0x6, model: 0x6, stepping: 0x3)
[STDERR  ] 2018-02-25T10:08:05.488019705Z: [    0.510000] Performance Events: PMU not available due to virtualization, using software events only.
[STDERR  ] 2018-02-25T10:08:05.488037413Z: [    0.510000] Hierarchical SRCU implementation.
[STDERR  ] 2018-02-25T10:08:05.488054243Z: [    0.515240] NMI watchdog: Perf event create on CPU 0 failed with -2
[STDERR  ] 2018-02-25T10:08:05.488069823Z: [    0.515638] NMI watchdog: Perf NMI watchdog permanently disabled
[STDERR  ] 2018-02-25T10:08:05.488085507Z: [    0.519023] smp: Bringing up secondary CPUs ...
[STDERR  ] 2018-02-25T10:08:05.488101494Z: [    0.519370] smp: Brought up 1 node, 1 CPU
[STDERR  ] 2018-02-25T10:08:05.488120741Z: [    0.519699] smpboot: Total of 1 processors activated (4600.17 BogoMIPS)
[STDERR  ] 2018-02-25T10:08:05.488136999Z: [    0.535110] devtmpfs: initialized
[STDERR  ] 2018-02-25T10:08:05.488155248Z: [    0.539237] x86/mm: Memory block size: 128MB
[STDERR  ] 2018-02-25T10:08:05.488172611Z: [    0.548030] clocksource: jiffies: mask: 0xffffffff max_cycles: 0xffffffff, max_idle_ns: 19112604462750000 ns
[STDERR  ] 2018-02-25T10:08:05.488189981Z: [    0.548752] futex hash table entries: 256 (order: 2, 16384 bytes)
[STDERR  ] 2018-02-25T10:08:05.488204782Z: [    0.559033] NET: Registered protocol family 16
[STDERR  ] 2018-02-25T10:08:05.488219532Z: [    0.565722] cpuidle: using governor ladder
[STDERR  ] 2018-02-25T10:08:05.488235562Z: [    0.566121] cpuidle: using governor menu
[STDERR  ] 2018-02-25T10:08:05.488250517Z: [    0.567606] ACPI: bus type PCI registered
[STDERR  ] 2018-02-25T10:08:05.488265749Z: [    0.570711] PCI: MMCONFIG for domain 0000 [bus 00-ff] at [mem 0xb0000000-0xbfffffff] (base 0xb0000000)
[STDERR  ] 2018-02-25T10:08:05.488282495Z: [    0.571437] PCI: MMCONFIG at [mem 0xb0000000-0xbfffffff] reserved in E820
[STDERR  ] 2018-02-25T10:08:05.488305673Z: [    0.572363] PCI: Using configuration type 1 for base access
[STDERR  ] 2018-02-25T10:08:05.488322738Z: [    0.628093] HugeTLB registered 2.00 MiB page size, pre-allocated 0 pages
[STDERR  ] 2018-02-25T10:08:05.488340352Z: [    0.638260] ACPI: Added _OSI(Module Device)
[STDERR  ] 2018-02-25T10:08:05.488356652Z: [    0.638558] ACPI: Added _OSI(Processor Device)
[STDERR  ] 2018-02-25T10:08:05.488371427Z: [    0.638830] ACPI: Added _OSI(3.0 _SCP Extensions)
[STDERR  ] 2018-02-25T10:08:05.488387434Z: [    0.639106] ACPI: Added _OSI(Processor Aggregator Device)
[STDERR  ] 2018-02-25T10:08:05.488407505Z: [    0.712549] ACPI: Interpreter enabled
[STDERR  ] 2018-02-25T10:08:05.488423904Z: [    0.713306] ACPI: (supports S0 S5)
[STDERR  ] 2018-02-25T10:08:05.488440360Z: [    0.713583] ACPI: Using IOAPIC for interrupt routing
[STDERR  ] 2018-02-25T10:08:05.488455639Z: [    0.715198] PCI: Using host bridge windows from ACPI; if necessary, use "pci=nocrs" and report a bug
[STDERR  ] 2018-02-25T10:08:05.488471827Z: [    0.718568] ACPI: Enabled 2 GPEs in block 00 to 3F
[STDERR  ] 2018-02-25T10:08:05.488488476Z: [    0.784637] ACPI: PCI Root Bridge [PCI0] (domain 0000 [bus 00-ff])
[STDERR  ] 2018-02-25T10:08:05.488505146Z: [    0.785479] acpi PNP0A08:00: _OSC: OS supports [ExtendedConfig ASPM ClockPM Segments MSI]
[STDERR  ] 2018-02-25T10:08:05.488521580Z: [    0.790222] acpi PNP0A08:00: _OSC: OS now controls [PCIeHotplug PME PCIeCapability]
[STDERR  ] 2018-02-25T10:08:05.488537597Z: [    0.793521] PCI host bridge to bus 0000:00
[STDERR  ] 2018-02-25T10:08:05.488553615Z: [    0.793977] pci_bus 0000:00: root bus resource [io  0x0000-0x0cf7 window]
[STDERR  ] 2018-02-25T10:08:05.488569719Z: [    0.794404] pci_bus 0000:00: root bus resource [io  0x0d00-0xffff window]
[STDERR  ] 2018-02-25T10:08:05.488585921Z: [    0.794817] pci_bus 0000:00: root bus resource [mem 0x000a0000-0x000bffff window]
[STDERR  ] 2018-02-25T10:08:05.488602010Z: [    0.795257] pci_bus 0000:00: root bus resource [mem 0xc0000000-0xfebfffff window]
[STDERR  ] 2018-02-25T10:08:05.488625160Z: [    0.795807] pci_bus 0000:00: root bus resource [bus 00-ff]
[STDERR  ] 2018-02-25T10:08:05.488642065Z: [    0.901986] pci 0000:00:1f.0: quirk: [io  0x0600-0x067f] claimed by ICH6 ACPI/GPIO/TCO
[STDERR  ] 2018-02-25T10:08:05.488658769Z: [    0.958204] ACPI: PCI Interrupt Link [LNKA] (IRQs 5 *10 11)
[STDERR  ] 2018-02-25T10:08:05.488678570Z: [    0.960944] ACPI: PCI Interrupt Link [LNKB] (IRQs 5 *10 11)
[STDERR  ] 2018-02-25T10:08:05.488695294Z: [    0.962556] ACPI: PCI Interrupt Link [LNKC] (IRQs 5 10 *11)
[STDERR  ] 2018-02-25T10:08:05.488714191Z: [    0.964159] ACPI: PCI Interrupt Link [LNKD] (IRQs 5 10 *11)
[STDERR  ] 2018-02-25T10:08:05.488730742Z: [    0.965749] ACPI: PCI Interrupt Link [LNKE] (IRQs 5 *10 11)
[STDERR  ] 2018-02-25T10:08:05.488747128Z: [    0.967343] ACPI: PCI Interrupt Link [LNKF] (IRQs 5 *10 11)
[STDERR  ] 2018-02-25T10:08:05.488764016Z: [    0.969019] ACPI: PCI Interrupt Link [LNKG] (IRQs 5 10 *11)
[STDERR  ] 2018-02-25T10:08:05.488780544Z: [    0.970820] ACPI: PCI Interrupt Link [LNKH] (IRQs 5 10 *11)
[STDERR  ] 2018-02-25T10:08:05.488797164Z: [    0.971554] ACPI: PCI Interrupt Link [GSIA] (IRQs *16)
[STDERR  ] 2018-02-25T10:08:05.488813629Z: [    0.972116] ACPI: PCI Interrupt Link [GSIB] (IRQs *17)
[STDERR  ] 2018-02-25T10:08:05.488830165Z: [    0.972672] ACPI: PCI Interrupt Link [GSIC] (IRQs *18)
[STDERR  ] 2018-02-25T10:08:05.488846627Z: [    0.973224] ACPI: PCI Interrupt Link [GSID] (IRQs *19)
[STDERR  ] 2018-02-25T10:08:05.488863191Z: [    0.973773] ACPI: PCI Interrupt Link [GSIE] (IRQs *20)
[STDERR  ] 2018-02-25T10:08:05.488879757Z: [    0.974329] ACPI: PCI Interrupt Link [GSIF] (IRQs *21)
[STDERR  ] 2018-02-25T10:08:05.488896213Z: [    0.974884] ACPI: PCI Interrupt Link [GSIG] (IRQs *22)
[STDERR  ] 2018-02-25T10:08:05.488914987Z: [    0.975442] ACPI: PCI Interrupt Link [GSIH] (IRQs *23)
[STDERR  ] 2018-02-25T10:08:05.488931585Z: [    0.983076] SCSI subsystem initialized
[STDERR  ] 2018-02-25T10:08:05.488948085Z: [    0.985439] ACPI: bus type USB registered
[STDERR  ] 2018-02-25T10:08:05.488968912Z: [    0.986336] usbcore: registered new interface driver usbfs
[STDERR  ] 2018-02-25T10:08:05.488986378Z: [    0.987088] usbcore: registered new interface driver hub
[STDERR  ] 2018-02-25T10:08:05.489002765Z: [    0.987805] usbcore: registered new device driver usb
[STDERR  ] 2018-02-25T10:08:05.489019482Z: [    0.988711] pps_core: LinuxPPS API ver. 1 registered
[STDERR  ] 2018-02-25T10:08:05.489038368Z: [    0.989030] pps_core: Software ver. 5.3.6 - Copyright 2005-2007 Rodolfo Giometti <giometti@linux.it>
[STDERR  ] 2018-02-25T10:08:05.489055079Z: [    0.989700] PTP clock support registered
[STDERR  ] 2018-02-25T10:08:05.489073460Z: [    0.991779] PCI: Using ACPI for IRQ routing
[STDERR  ] 2018-02-25T10:08:05.489094457Z: [    1.010420] NetLabel: Initializing
[STDERR  ] 2018-02-25T10:08:05.489111316Z: [    1.010665] NetLabel:  domain hash size = 128
[STDERR  ] 2018-02-25T10:08:05.489127926Z: [    1.010963] NetLabel:  protocols = UNLABELED CIPSOv4 CALIPSO
[STDERR  ] 2018-02-25T10:08:05.489144474Z: [    1.012996] NetLabel:  unlabeled traffic allowed by default
[STDERR  ] 2018-02-25T10:08:05.489160922Z: [    1.014420] HPET: 3 timers in total, 0 timers will be used for per-cpu timer
[STDERR  ] 2018-02-25T10:08:05.489179773Z: [    1.015088] hpet0: at MMIO 0xfed00000, IRQs 2, 8, 0
[STDERR  ] 2018-02-25T10:08:05.489196357Z: [    1.015477] hpet0: 3 comparators, 64-bit 100.000000 MHz counter
[STDERR  ] 2018-02-25T10:08:05.489213078Z: [    1.021470] clocksource: Switched to clocksource hpet
[STDERR  ] 2018-02-25T10:08:05.489229643Z: [    1.331419] VFS: Disk quotas dquot_6.6.0
[STDERR  ] 2018-02-25T10:08:05.489246224Z: [    1.332100] VFS: Dquot-cache hash table entries: 512 (order 0, 4096 bytes)
[STDERR  ] 2018-02-25T10:08:05.489262704Z: [    1.334447] FS-Cache: Loaded
[STDERR  ] 2018-02-25T10:08:05.489279228Z: [    1.339102] CacheFiles: Loaded
[STDERR  ] 2018-02-25T10:08:05.489295897Z: [    1.340065] pnp: PnP ACPI init
[STDERR  ] 2018-02-25T10:08:05.489312339Z: [    1.350796] pnp: PnP ACPI: found 5 devices
[STDERR  ] 2018-02-25T10:08:05.489333179Z: [    1.392005] clocksource: acpi_pm: mask: 0xffffff max_cycles: 0xffffff, max_idle_ns: 2085701024 ns
[STDERR  ] 2018-02-25T10:08:05.489349902Z: [    1.394673] NET: Registered protocol family 2
[STDERR  ] 2018-02-25T10:08:05.489366327Z: [    1.401509] TCP established hash table entries: 8192 (order: 4, 65536 bytes)
[STDERR  ] 2018-02-25T10:08:05.489382820Z: [    1.402191] TCP bind hash table entries: 8192 (order: 5, 131072 bytes)
[STDERR  ] 2018-02-25T10:08:05.489399161Z: [    1.403248] TCP: Hash tables configured (established 8192 bind 8192)
[STDERR  ] 2018-02-25T10:08:05.489415680Z: [    1.405138] UDP hash table entries: 512 (order: 2, 16384 bytes)
[STDERR  ] 2018-02-25T10:08:05.489434384Z: [    1.405726] UDP-Lite hash table entries: 512 (order: 2, 16384 bytes)
[STDERR  ] 2018-02-25T10:08:05.489450862Z: [    1.407927] NET: Registered protocol family 1
[STDERR  ] 2018-02-25T10:08:05.489467202Z: [    1.408784] pci 0000:00:01.0: Video device with shadowed ROM at [mem 0x000c0000-0x000dffff]
[STDERR  ] 2018-02-25T10:08:05.489483992Z: [    1.414379] Trying to unpack rootfs image as initramfs...
[STDERR  ] 2018-02-25T10:08:05.489503154Z: [   10.367225] Freeing initrd memory: 42080K
[STDERR  ] 2018-02-25T10:08:05.489519048Z: [   10.391572] PCLMULQDQ-NI instructions are not detected.
[STDERR  ] 2018-02-25T10:08:05.489534543Z: [   10.392700] AVX or AES-NI instructions are not detected.
[STDERR  ] 2018-02-25T10:08:05.489549585Z: [   10.393102] CPU feature 'AVX registers' is not supported.
[STDERR  ] 2018-02-25T10:08:05.489564790Z: [   10.393473] CPU feature 'AVX registers' is not supported.
[STDERR  ] 2018-02-25T10:08:05.489580128Z: [   10.393826] CPU feature 'AVX registers' is not supported.
[STDERR  ] 2018-02-25T10:08:05.489595261Z: [   10.394191] CPU feature 'AVX registers' is not supported.
[STDERR  ] 2018-02-25T10:08:05.489610627Z: [   10.394550] AVX2 or AES-NI instructions are not detected.
[STDERR  ] 2018-02-25T10:08:05.489630221Z: [   10.394918] AVX2 instructions are not detected.
[STDERR  ] 2018-02-25T10:08:05.489648871Z: [   10.399118] audit: initializing netlink subsys (disabled)
[STDERR  ] 2018-02-25T10:08:05.489664630Z: [   10.402830] audit: type=2000 audit(1519553236.400:1): state=initialized audit_enabled=0 res=1
[STDERR  ] 2018-02-25T10:08:05.489680370Z: [   10.407769] workingset: timestamp_bits=46 max_order=18 bucket_order=0
[STDERR  ] 2018-02-25T10:08:05.489696157Z: [   10.413661] squashfs: version 4.0 (2009/01/31) Phillip Lougher
[STDERR  ] 2018-02-25T10:08:05.489711542Z: [   10.415815] FS-Cache: Netfs 'cifs' registered for caching
[STDERR  ] 2018-02-25T10:08:05.489726950Z: [   10.416635] fuse init (API version 7.26)
[STDERR  ] 2018-02-25T10:08:05.489742251Z: [   10.418587] SGI XFS with ACLs, security attributes, no debug enabled
[STDERR  ] 2018-02-25T10:08:05.489757597Z: [   10.422592] 9p: Installing v9fs 9p2000 file system support
[STDERR  ] 2018-02-25T10:08:05.489773015Z: [   10.423045] FS-Cache: Netfs '9p' registered for caching
[STDERR  ] 2018-02-25T10:08:05.489790904Z: [   10.462076] NET: Registered protocol family 38
[STDERR  ] 2018-02-25T10:08:05.489807061Z: [   10.462619] Key type asymmetric registered
[STDERR  ] 2018-02-25T10:08:05.489823366Z: [   10.462941] Asymmetric key parser 'x509' registered
[STDERR  ] 2018-02-25T10:08:05.489839457Z: [   10.463541] Block layer SCSI generic (bsg) driver version 0.4 loaded (major 248)
[STDERR  ] 2018-02-25T10:08:05.489855501Z: [   10.464802] io scheduler noop registered
[STDERR  ] 2018-02-25T10:08:05.489873894Z: [   10.465104] io scheduler deadline registered (default)
[STDERR  ] 2018-02-25T10:08:05.489889919Z: [   10.465769] io scheduler cfq registered
[STDERR  ] 2018-02-25T10:08:05.489908141Z: [   10.466042] io scheduler mq-deadline registered
[STDERR  ] 2018-02-25T10:08:05.489924628Z: [   10.466334] io scheduler kyber registered
[STDERR  ] 2018-02-25T10:08:05.489940659Z: [   10.469052] shpchp: Standard Hot Plug PCI Controller Driver version: 0.4
[STDERR  ] 2018-02-25T10:08:05.489955395Z: [   10.469749] hv_vmbus: registering driver hyperv_fb
[STDERR  ] 2018-02-25T10:08:05.489976567Z: [   10.473481] input: Power Button as /devices/LNXSYSTM:00/LNXPWRBN:00/input/input0
[STDERR  ] 2018-02-25T10:08:05.489992244Z: [   10.475979] ACPI: Power Button [PWRF]
[STDERR  ] 2018-02-25T10:08:05.490008516Z: [   10.492714] ACPI: PCI Interrupt Link [GSIG] enabled at IRQ 22
[STDERR  ] 2018-02-25T10:08:05.490024882Z: [   10.504643] ACPI: PCI Interrupt Link [GSIH] enabled at IRQ 23
[STDERR  ] 2018-02-25T10:08:05.490040420Z: [   10.509493] Serial: 8250/16550 driver, 4 ports, IRQ sharing disabled
[STDERR  ] 2018-02-25T10:08:05.490058588Z: [   10.535769] 00:04: ttyS0 at I/O 0x3f8 (irq = 4, base_baud = 115200) is a 16550A
[STDERR  ] 2018-02-25T10:08:05.490072825Z: [   10.544859] Non-volatile memory driver v1.3
[STDERR  ] 2018-02-25T10:08:05.490089085Z: [   10.550850] Hangcheck: starting hangcheck timer 0.9.1 (tick is 180 seconds, margin is 60 seconds).
[STDERR  ] 2018-02-25T10:08:05.490108566Z: [   10.561273] random: crng init done
[STDERR  ] 2018-02-25T10:08:05.490125125Z: [   10.611969] brd: module loaded
[STDERR  ] 2018-02-25T10:08:05.490141867Z: [   10.641769] loop: module loaded
[STDERR  ] 2018-02-25T10:08:05.490158338Z: [   10.697468] lpc_ich 0000:00:1f.0: I/O space for GPIO uninitialized
[STDERR  ] 2018-02-25T10:08:05.490174976Z: [   10.699542] VMware PVSCSI driver - version 1.0.7.0-k
[STDERR  ] 2018-02-25T10:08:05.490194354Z: [   10.700333] hv_vmbus: registering driver hv_storvsc
[STDERR  ] 2018-02-25T10:08:05.490218438Z: [   10.710425] ACPI: PCI Interrupt Link [GSIA] enabled at IRQ 16
[STDERR  ] 2018-02-25T10:08:05.490235224Z: [   10.716214] ahci 0000:00:1f.2: AHCI 0001.0000 32 slots 6 ports 1.5 Gbps 0x3f impl SATA mode
[STDERR  ] 2018-02-25T10:08:05.490251499Z: [   10.716850] ahci 0000:00:1f.2: flags: 64bit ncq only 
[STDERR  ] 2018-02-25T10:08:05.490270314Z: [   10.732730] scsi host0: ahci
[STDERR  ] 2018-02-25T10:08:05.490286424Z: [   10.736164] scsi host1: ahci
[STDERR  ] 2018-02-25T10:08:05.490308210Z: [   10.738138] scsi host2: ahci
[STDERR  ] 2018-02-25T10:08:05.490339667Z: [   10.740011] scsi host3: ahci
[STDERR  ] 2018-02-25T10:08:05.490354104Z: [   10.741972] scsi host4: ahci
[STDERR  ] 2018-02-25T10:08:05.490368821Z: [   10.743635] scsi host5: ahci
[STDERR  ] 2018-02-25T10:08:05.490384566Z: [   10.744899] ata1: SATA max UDMA/133 abar m4096@0xfebd2000 port 0xfebd2100 irq 24
[STDERR  ] 2018-02-25T10:08:05.490400664Z: [   10.745397] ata2: SATA max UDMA/133 abar m4096@0xfebd2000 port 0xfebd2180 irq 24
[STDERR  ] 2018-02-25T10:08:05.490416900Z: [   10.745832] ata3: SATA max UDMA/133 abar m4096@0xfebd2000 port 0xfebd2200 irq 24
[STDERR  ] 2018-02-25T10:08:05.490433807Z: [   10.746268] ata4: SATA max UDMA/133 abar m4096@0xfebd2000 port 0xfebd2280 irq 24
[STDERR  ] 2018-02-25T10:08:05.490450414Z: [   10.746704] ata5: SATA max UDMA/133 abar m4096@0xfebd2000 port 0xfebd2300 irq 24
[STDERR  ] 2018-02-25T10:08:05.490468009Z: [   10.747149] ata6: SATA max UDMA/133 abar m4096@0xfebd2000 port 0xfebd2380 irq 24
[STDERR  ] 2018-02-25T10:08:05.490486052Z: [   10.758875] tun: Universal TUN/TAP device driver, 1.6
[STDERR  ] 2018-02-25T10:08:05.490504024Z: [   10.769286] VMware vmxnet3 virtual NIC driver - version 1.4.a.0-k-NAPI
[STDERR  ] 2018-02-25T10:08:05.490521957Z: [   10.770028] hv_vmbus: registering driver hv_netvsc
[STDERR  ] 2018-02-25T10:08:05.490540102Z: [   10.770521] Fusion MPT base driver 3.04.20
[STDERR  ] 2018-02-25T10:08:05.490558389Z: [   10.770735] Copyright (c) 1999-2008 LSI Corporation
[STDERR  ] 2018-02-25T10:08:05.490579642Z: [   10.771266] Fusion MPT SPI Host driver 3.04.20
[STDERR  ] 2018-02-25T10:08:05.490603396Z: [   10.773093] i8042: PNP: PS/2 Controller [PNP0303:KBD,PNP0f13:MOU] at 0x60,0x64 irq 1,12
[STDERR  ] 2018-02-25T10:08:05.490620813Z: [   10.777038] serio: i8042 KBD port at 0x60,0x64 irq 1
[STDERR  ] 2018-02-25T10:08:05.490637809Z: [   10.777551] serio: i8042 AUX port at 0x60,0x64 irq 12
[STDERR  ] 2018-02-25T10:08:05.490654574Z: [   10.779870] hv_vmbus: registering driver hyperv_keyboard
[STDERR  ] 2018-02-25T10:08:05.490677842Z: [   10.781960] mousedev: PS/2 mouse device common for all mice
[STDERR  ] 2018-02-25T10:08:05.490695661Z: [   10.786035] input: AT Translated Set 2 keyboard as /devices/platform/i8042/serio0/input/input1
[STDERR  ] 2018-02-25T10:08:05.490714928Z: [   10.788307] input: PC Speaker as /devices/platform/pcspkr/input/input2
[STDERR  ] 2018-02-25T10:08:05.490731683Z: [   10.792177] rtc_cmos 00:00: RTC can wake from S4
[STDERR  ] 2018-02-25T10:08:05.490748125Z: [   10.794912] rtc_cmos 00:00: rtc core: registered rtc_cmos as rtc0
[STDERR  ] 2018-02-25T10:08:05.490764547Z: [   10.796061] rtc_cmos 00:00: alarms up to one day, y3k, 114 bytes nvram, hpet irqs
[STDERR  ] 2018-02-25T10:08:05.490785027Z: [   10.796723] i2c /dev entries driver
[STDERR  ] 2018-02-25T10:08:05.490801596Z: [   10.798458] device-mapper: ioctl: 4.37.0-ioctl (2017-09-20) initialised: dm-devel@redhat.com
[STDERR  ] 2018-02-25T10:08:05.490818645Z: [   10.802744] usbcore: registered new interface driver usbhid
[STDERR  ] 2018-02-25T10:08:05.490835051Z: [   10.803104] usbhid: USB HID core driver
[STDERR  ] 2018-02-25T10:08:05.490851608Z: [   10.803794] hv_utils: Registering HyperV Utility Driver
[STDERR  ] 2018-02-25T10:08:05.490870801Z: [   10.804121] hv_vmbus: registering driver hv_util
[STDERR  ] 2018-02-25T10:08:05.490889610Z: [   10.804393] hv_vmbus: registering driver hv_balloon
[STDERR  ] 2018-02-25T10:08:05.490906124Z: [   10.804819] oprofile: using NMI interrupt.
[STDERR  ] 2018-02-25T10:08:05.490928119Z: [   10.805874] GACT probability on
[STDERR  ] 2018-02-25T10:08:05.490946749Z: [   10.806222] Mirror/redirect action on
[STDERR  ] 2018-02-25T10:08:05.490962775Z: [   10.806761] Simple TC action Loaded
[STDERR  ] 2018-02-25T10:08:05.490978897Z: [   10.807256] u32 classifier
[STDERR  ] 2018-02-25T10:08:05.490994814Z: [   10.807453]     Performance counters on
[STDERR  ] 2018-02-25T10:08:05.491011126Z: [   10.807690]     input device check on
[STDERR  ] 2018-02-25T10:08:05.491034236Z: [   10.807931]     Actions configured
[STDERR  ] 2018-02-25T10:08:05.491049517Z: [   10.808522] Netfilter messages via NETLINK v0.30.
[STDERR  ] 2018-02-25T10:08:05.491065586Z: [   10.808980] nfnl_acct: registering with nfnetlink.
[STDERR  ] 2018-02-25T10:08:05.491081914Z: [   10.810383] nf_conntrack version 0.5.0 (8192 buckets, 32768 max)
[STDERR  ] 2018-02-25T10:08:05.491098774Z: [   10.812684] ctnetlink v0.93: registering with nfnetlink.
[STDERR  ] 2018-02-25T10:08:05.491115674Z: [   10.815528] nf_tables: (c) 2007-2009 Patrick McHardy <kaber@trash.net>
[STDERR  ] 2018-02-25T10:08:05.491132895Z: [   10.816283] nf_tables_compat: (c) 2012 Pablo Neira Ayuso <pablo@netfilter.org>
[STDERR  ] 2018-02-25T10:08:05.491150211Z: [   10.818449] xt_time: kernel timezone is -0000
[STDERR  ] 2018-02-25T10:08:05.491167824Z: [   10.818935] ip_set: protocol 6
[STDERR  ] 2018-02-25T10:08:05.491184285Z: [   10.819620] IPVS: Registered protocols (TCP, UDP, SCTP, AH, ESP)
[STDERR  ] 2018-02-25T10:08:05.491203535Z: [   10.820435] IPVS: Connection hash table configured (size=4096, memory=64Kbytes)
[STDERR  ] 2018-02-25T10:08:05.491220217Z: [   10.824240] IPVS: ipvs loaded.
[STDERR  ] 2018-02-25T10:08:05.491236727Z: [   10.824567] IPVS: [rr] scheduler registered.
[STDERR  ] 2018-02-25T10:08:05.491253353Z: [   10.824877] IPVS: [wrr] scheduler registered.
[STDERR  ] 2018-02-25T10:08:05.491269674Z: [   10.825154] IPVS: [lc] scheduler registered.
[STDERR  ] 2018-02-25T10:08:05.491285821Z: [   10.825436] IPVS: [wlc] scheduler registered.
[STDERR  ] 2018-02-25T10:08:05.491302023Z: [   10.825729] IPVS: [fo] scheduler registered.
[STDERR  ] 2018-02-25T10:08:05.491318229Z: [   10.826003] IPVS: [ovf] scheduler registered.
[STDERR  ] 2018-02-25T10:08:05.491336291Z: [   10.826386] IPVS: [lblc] scheduler registered.
[STDERR  ] 2018-02-25T10:08:05.491352500Z: [   10.826772] IPVS: [lblcr] scheduler registered.
[STDERR  ] 2018-02-25T10:08:05.491368841Z: [   10.827129] IPVS: [dh] scheduler registered.
[STDERR  ] 2018-02-25T10:08:05.491388485Z: [   10.827409] IPVS: [sh] scheduler registered.
[STDERR  ] 2018-02-25T10:08:05.491409562Z: [   10.827687] IPVS: [sed] scheduler registered.
[STDERR  ] 2018-02-25T10:08:05.491423725Z: [   10.827968] IPVS: [nq] scheduler registered.
[STDERR  ] 2018-02-25T10:08:05.491439706Z: [   10.828639] IPVS: ftp: loaded support on port[0] = 21
[STDERR  ] 2018-02-25T10:08:05.491460002Z: [   10.829496] ipip: IPv4 and MPLS over IPv4 tunneling driver
[STDERR  ] 2018-02-25T10:08:05.491477476Z: [   10.833321] gre: GRE over IPv4 demultiplexor driver
[STDERR  ] 2018-02-25T10:08:05.491494352Z: [   10.835798] ip_tables: (C) 2000-2006 Netfilter Core Team
[STDERR  ] 2018-02-25T10:08:05.491511412Z: [   10.839194] ipt_CLUSTERIP: ClusterIP Version 0.8 loaded successfully
[STDERR  ] 2018-02-25T10:08:05.491527599Z: [   10.839781] arp_tables: arp_tables: (C) 2002 David S. Miller
[STDERR  ] 2018-02-25T10:08:05.491544469Z: [   10.842268] NET: Registered protocol family 10
[STDERR  ] 2018-02-25T10:08:05.491565388Z: [   10.851315] Segment Routing with IPv6
[STDERR  ] 2018-02-25T10:08:05.491581625Z: [   10.852069] ip6_tables: (C) 2000-2006 Netfilter Core Team
[STDERR  ] 2018-02-25T10:08:05.491598146Z: [   10.859167] NET: Registered protocol family 17
[STDERR  ] 2018-02-25T10:08:05.491614669Z: [   10.860420] Bridge firewalling registered
[STDERR  ] 2018-02-25T10:08:05.491631337Z: [   10.860953] Ebtables v2.0 registered
[STDERR  ] 2018-02-25T10:08:05.491647478Z: [   10.862726] 8021q: 802.1Q VLAN Support v1.8
[STDERR  ] 2018-02-25T10:08:05.491663751Z: [   10.864000] 9pnet: Installing 9P2000 support
[STDERR  ] 2018-02-25T10:08:05.491679964Z: [   10.865287] Key type dns_resolver registered
[STDERR  ] 2018-02-25T10:08:05.491698000Z: [   10.866408] sched_clock: Marking stable (10860200350, 0)->(10956848381, -96648031)
[STDERR  ] 2018-02-25T10:08:05.491714693Z: [   10.869675] registered taskstats version 1
[STDERR  ] 2018-02-25T10:08:05.491730684Z: [   11.082918] Key type big_key registered
[STDERR  ] 2018-02-25T10:08:05.491747060Z: [   11.085853] ata4: SATA link down (SStatus 0 SControl 300)
[STDERR  ] 2018-02-25T10:08:05.491768032Z: [   11.088369] ata3: SATA link up 1.5 Gbps (SStatus 113 SControl 300)
[STDERR  ] 2018-02-25T10:08:05.491784879Z: [   11.091094] ata2: SATA link up 1.5 Gbps (SStatus 113 SControl 300)
[STDERR  ] 2018-02-25T10:08:05.491800700Z: [   11.093114] ata2.00: ATA-7: QEMU HARDDISK, 2.5+, max UDMA/100
[STDERR  ] 2018-02-25T10:08:05.491814883Z: [   11.093719] ata2.00: 1048576 sectors, multi 16: LBA48 NCQ (depth 31/32)
[STDERR  ] 2018-02-25T10:08:05.491831315Z: [   11.094244] ata2.00: applying bridge limits
[STDERR  ] 2018-02-25T10:08:05.491847833Z: [   11.095497] ata1: SATA link up 1.5 Gbps (SStatus 113 SControl 300)
[STDERR  ] 2018-02-25T10:08:05.491864655Z: [   11.096044] ata1.00: ATA-7: QEMU HARDDISK, 2.5+, max UDMA/100
[STDERR  ] 2018-02-25T10:08:05.491881771Z: [   11.096408] ata1.00: 1048576 sectors, multi 16: LBA48 NCQ (depth 31/32)
[STDERR  ] 2018-02-25T10:08:05.491898655Z: [   11.096819] ata1.00: applying bridge limits
[STDERR  ] 2018-02-25T10:08:05.491915350Z: [   11.097760] ata1.00: configured for UDMA/100
[STDERR  ] 2018-02-25T10:08:05.491931729Z: [   11.100429] ata5: SATA link down (SStatus 0 SControl 300)
[STDERR  ] 2018-02-25T10:08:05.491949334Z: [   11.107690] ata6: SATA link down (SStatus 0 SControl 300)
[STDERR  ] 2018-02-25T10:08:05.491966182Z: [   11.108402] ata2.00: configured for UDMA/100
[STDERR  ] 2018-02-25T10:08:05.491982886Z: [   11.108956] ata3.00: ATAPI: QEMU DVD-ROM, 2.5+, max UDMA/100
[STDERR  ] 2018-02-25T10:08:05.492001986Z: [   11.109442] ata3.00: applying bridge limits
[STDERR  ] 2018-02-25T10:08:05.492018616Z: [   11.110053] ata3.00: configured for UDMA/100
[STDERR  ] 2018-02-25T10:08:05.492035106Z: [   11.123363] scsi 0:0:0:0: Direct-Access     ATA      QEMU HARDDISK    2.5+ PQ: 0 ANSI: 5
[STDERR  ] 2018-02-25T10:08:05.492051736Z: [   11.130684] sd 0:0:0:0: Attached scsi generic sg0 type 0
[STDERR  ] 2018-02-25T10:08:05.492067862Z: [   11.144131] sd 0:0:0:0: [sda] 1048576 512-byte logical blocks: (537 MB/512 MiB)
[STDERR  ] 2018-02-25T10:08:05.492086619Z: [   11.147129] scsi 1:0:0:0: Direct-Access     ATA      QEMU HARDDISK    2.5+ PQ: 0 ANSI: 5
[STDERR  ] 2018-02-25T10:08:05.492107615Z: [   11.151046] sd 0:0:0:0: [sda] Write Protect is off
[STDERR  ] 2018-02-25T10:08:05.492124252Z: [   11.153375] sd 1:0:0:0: Attached scsi generic sg1 type 0
[STDERR  ] 2018-02-25T10:08:05.492140049Z: [   11.154175] sd 1:0:0:0: [sdb] 1048576 512-byte logical blocks: (537 MB/512 MiB)
[STDERR  ] 2018-02-25T10:08:05.492156207Z: [   11.155260] sd 0:0:0:0: [sda] Write cache: enabled, read cache: enabled, doesn't support DPO or FUA
[STDERR  ] 2018-02-25T10:08:05.492175127Z: [   11.156251] sd 1:0:0:0: [sdb] Write Protect is off
[STDERR  ] 2018-02-25T10:08:05.492191414Z: [   11.158670] scsi 2:0:0:0: CD-ROM            QEMU     QEMU DVD-ROM     2.5+ PQ: 0 ANSI: 5
[STDERR  ] 2018-02-25T10:08:05.492205928Z: [   11.160828] sd 1:0:0:0: [sdb] Write cache: enabled, read cache: enabled, doesn't support DPO or FUA
[STDERR  ] 2018-02-25T10:08:05.492221876Z: [   11.191804] sd 0:0:0:0: [sda] Attached SCSI disk
[STDERR  ] 2018-02-25T10:08:05.492238121Z: [   11.194893] sd 1:0:0:0: [sdb] Attached SCSI disk
[STDERR  ] 2018-02-25T10:08:05.492254729Z: [   11.212529] sr 2:0:0:0: [sr0] scsi3-mmc drive: 4x/4x cd/rw xa/form2 tray
[STDERR  ] 2018-02-25T10:08:05.492271648Z: [   11.213110] cdrom: Uniform CD-ROM driver Revision: 3.20
[STDERR  ] 2018-02-25T10:08:05.492288495Z: [   11.221656] sr 2:0:0:0: Attached scsi generic sg2 type 5
[STDERR  ] 2018-02-25T10:08:05.492305573Z: [   11.245960] Key type encrypted registered
[STDERR  ] 2018-02-25T10:08:05.492324768Z: [   11.250392] rtc_cmos 00:00: setting system clock to 2018-02-25 10:07:18 UTC (1519553238)
[STDERR  ] 2018-02-25T10:08:05.492342332Z: [   11.407253] Freeing unused kernel memory: 1504K
[STDERR  ] 2018-02-25T10:08:05.492358993Z: [   11.407629] Write protecting the kernel read-only data: 18432k
[STDERR  ] 2018-02-25T10:08:05.492375871Z: [   11.424524] Freeing unused kernel memory: 2024K
[STDERR  ] 2018-02-25T10:08:05.492396514Z: [   11.509484] Freeing unused kernel memory: 1136K
[STDERR  ] 2018-02-25T10:08:05.492416270Z: [   11.510042] tsc: Refined TSC clocksource calibration: 2300.047 MHz
[STDERR  ] 2018-02-25T10:08:05.492433203Z: [   11.510781] clocksource: tsc: mask: 0xffffffffffffffff max_cycles: 0x2127616941d, max_idle_ns: 440795230264 ns
[STDERR  ] 2018-02-25T10:08:05.492449543Z: [   12.526171] clocksource: Switched to clocksource tsc
[STDERR  ] 2018-02-25T10:08:05.492465862Z: 
[STDERR  ] 2018-02-25T10:08:05.492482375Z: Welcome to LinuxKit
[STDERR  ] 2018-02-25T10:08:05.492498292Z: 
[STDERR  ] 2018-02-25T10:08:05.492514579Z:                         ##         .
[STDERR  ] 2018-02-25T10:08:05.492530610Z:                   ## ## ##        ==
[STDERR  ] 2018-02-25T10:08:05.492546661Z:                ## ## ## ## ##    ===
[STDERR  ] 2018-02-25T10:08:05.492562525Z:            /"""""""""""""""""\___/ ===
[STDERR  ] 2018-02-25T10:08:05.492578448Z:           {                       /  ===-
[STDERR  ] 2018-02-25T10:08:05.492594779Z:            \______ O           __/
[STDERR  ] 2018-02-25T10:08:05.492609369Z:              \    \         __/
[STDERR  ] 2018-02-25T10:08:05.492625201Z:               \____\_______/
[STDERR  ] 2018-02-25T10:08:05.492641494Z: 
[STDERR  ] 2018-02-25T10:08:05.492662833Z: [   30.316337] IPVS: ftp: loaded support on port[0] = 21
[STDERR  ] 2018-02-25T10:08:05.492680177Z: 2018/02/25 10:07:38 Creating partition on /dev/sda
[STDERR  ] 2018-02-25T10:08:05.492696474Z: [   31.684931]  sda:
[STDERR  ] 2018-02-25T10:08:05.492712691Z: [   31.751917]  sda:
[STDERR  ] 2018-02-25T10:08:05.492729594Z: [   31.821339]  sda: sda1
[STDERR  ] 2018-02-25T10:08:05.492746509Z: [   31.902033]  sda: sda1
[STDERR  ] 2018-02-25T10:08:05.492763834Z: 2018/02/25 10:07:40 Partition /dev/sda1 successfully created!
[STDERR  ] 2018-02-25T10:08:05.492780315Z: [   34.774866] IPVS: ftp: loaded support on port[0] = 21
[STDERR  ] 2018-02-25T10:08:05.492796821Z: 2018/02/25 10:07:42 /dev/sda has content. blkid returned: /dev/sda: PTUUID="481aa476" PTTYPE="dos"
[STDERR  ] 2018-02-25T10:08:05.492821892Z: 2018/02/25 10:07:42 Creating partition on /dev/sdb
[STDERR  ] 2018-02-25T10:08:05.492838615Z: [   36.173155]  sdb:
[STDERR  ] 2018-02-25T10:08:05.492854904Z: [   36.236947]  sdb:
[STDERR  ] 2018-02-25T10:08:05.492871196Z: [   36.306000]  sdb: sdb1
[STDERR  ] 2018-02-25T10:08:05.492887487Z: [   36.370710]  sdb: sdb1
[STDERR  ] 2018-02-25T10:08:05.492903275Z: 2018/02/25 10:07:45 Partition /dev/sdb1 successfully created!
[STDERR  ] 2018-02-25T10:08:05.492921743Z: [   39.367133] IPVS: ftp: loaded support on port[0] = 21
[STDERR  ] 2018-02-25T10:08:05.492938090Z: [   40.776705] EXT4-fs (sda1): couldn't mount as ext3 due to feature incompatibilities
[STDERR  ] 2018-02-25T10:08:05.492954350Z: [   40.782778] EXT4-fs (sda1): couldn't mount as ext2 due to feature incompatibilities
[STDERR  ] 2018-02-25T10:08:05.492970688Z: [   40.806475] EXT4-fs (sda1): mounted filesystem with ordered data mode. Opts: (null)
[STDERR  ] 2018-02-25T10:08:05.492989839Z: [   42.481546] IPVS: ftp: loaded support on port[0] = 21
[STDERR  ] 2018-02-25T10:08:05.493005156Z: [   43.815259] EXT4-fs (sdb1): couldn't mount as ext3 due to feature incompatibilities
[STDERR  ] 2018-02-25T10:08:05.493020389Z: [   43.820769] EXT4-fs (sdb1): couldn't mount as ext2 due to feature incompatibilities
[STDERR  ] 2018-02-25T10:08:05.493036581Z: [   43.833657] EXT4-fs (sdb1): mounted filesystem with ordered data mode. Opts: (null)
[STDERR  ] 2018-02-25T10:08:05.493053244Z: 2018/02/25 10:07:51 Failed to create "/dev/disk/by-uuid/590460ef-bb44-4530-a879-abf20c50db77": symlink ../../sda1 /dev/disk/by-uuid/590460ef-bb44-4530-a879-abf20c50db77: file exists
[STDERR  ] 2018-02-25T10:08:05.493075506Z: 2018/02/25 10:07:51 Failed to create "/dev/disk/by-uuid/33963b5e-8bc9-479f-b199-4dd97557e599": symlink ../../sdb1 /dev/disk/by-uuid/33963b5e-8bc9-479f-b199-4dd97557e599: file exists
[STDERR  ] 2018-02-25T10:08:05.493092094Z: format_mount test suite PASSED
[STDERR  ] 2018-02-25T10:08:05.493108219Z: [   58.102617] sd 1:0:0:0: [sdb] Synchronizing SCSI cache
[STDERR  ] 2018-02-25T10:08:05.493129776Z: [   58.105177] sd 1:0:0:0: [sdb] Stopping disk
[STDERR  ] 2018-02-25T10:08:05.493147256Z: [   58.105942] sd 0:0:0:0: [sda] Synchronizing SCSI cache
[STDERR  ] 2018-02-25T10:08:05.493163966Z: [   58.106592] sd 0:0:0:0: [sda] Stopping disk
[STDERR  ] 2018-02-25T10:08:05.493180413Z: [   58.110665] ACPI: Preparing to enter system sleep state S5
[STDERR  ] 2018-02-25T10:08:05.493196949Z: [   58.113790] reboot: Power down
[STDERR  ] 2018-02-25T10:08:05.493216676Z: + echo [    0.000000] Linux version 4.14.21-linuxkit (root@d1d936103058) (gcc version 6.4.0 (Alpine 6.4.0)) #1 SMP Fri Feb 23 18:45:12 UTC 2018
[STDERR  ] 2018-02-25T10:08:05.493233910Z: [    0.000000] Command line: console=ttyS0 console=ttyAMA0
[STDERR  ] 2018-02-25T10:08:05.493250832Z: [    0.000000] x86/fpu: x87 FPU will use FXSAVE
[STDERR  ] 2018-02-25T10:08:05.493267227Z: [    0.000000] e820: BIOS-provided physical RAM map:
[STDERR  ] 2018-02-25T10:08:05.493283530Z: [    0.000000] BIOS-e820: [mem 0x0000000000000000-0x000000000009fbff] usable
[STDERR  ] 2018-02-25T10:08:05.493299912Z: [    0.000000] BIOS-e820: [mem 0x000000000009fc00-0x000000000009ffff] reserved
[STDERR  ] 2018-02-25T10:08:05.493315991Z: [    0.000000] BIOS-e820: [mem 0x00000000000f0000-0x00000000000fffff] reserved
[STDERR  ] 2018-02-25T10:08:05.493332026Z: [    0.000000] BIOS-e820: [mem 0x0000000000100000-0x000000003ffddfff] usable
[STDERR  ] 2018-02-25T10:08:05.493348082Z: [    0.000000] BIOS-e820: [mem 0x000000003ffde000-0x000000003fffffff] reserved
[STDERR  ] 2018-02-25T10:08:05.493364026Z: [    0.000000] BIOS-e820: [mem 0x00000000b0000000-0x00000000bfffffff] reserved
[STDERR  ] 2018-02-25T10:08:05.493380306Z: [    0.000000] BIOS-e820: [mem 0x00000000fed1c000-0x00000000fed1ffff] reserved
[STDERR  ] 2018-02-25T10:08:05.493396344Z: [    0.000000] BIOS-e820: [mem 0x00000000fffc0000-0x00000000ffffffff] reserved
[STDERR  ] 2018-02-25T10:08:05.493413951Z: [    0.000000] NX (Execute Disable) protection: active
[STDERR  ] 2018-02-25T10:08:05.493434020Z: [    0.000000] random: fast init done
[STDERR  ] 2018-02-25T10:08:05.493455462Z: [    0.000000] SMBIOS 2.8 present.
[STDERR  ] 2018-02-25T10:08:05.493479361Z: [    0.000000] DMI: QEMU Standard PC (Q35 + ICH9, 2009), BIOS rel-1.10.2-0-g5f4c7b1-prebuilt.qemu-project.org 04/01/2014
[STDERR  ] 2018-02-25T10:08:05.493498431Z: [    0.000000] tsc: Fast TSC calibration using PIT
[STDERR  ] 2018-02-25T10:08:05.493515389Z: [    0.000000] e820: last_pfn = 0x3ffde max_arch_pfn = 0x400000000
[STDERR  ] 2018-02-25T10:08:05.493532517Z: [    0.000000] x86/PAT: Configuration [0-7]: WB  WC  UC- UC  WB  WP  UC- WT  
[STDERR  ] 2018-02-25T10:08:05.493550990Z: [    0.000000] found SMP MP-table at [mem 0x000f6aa0-0x000f6aaf] mapped at [ffffffffff200aa0]
[STDERR  ] 2018-02-25T10:08:05.493568011Z: [    0.000000] RAMDISK: [mem 0x3d6b8000-0x3ffcffff]
[STDERR  ] 2018-02-25T10:08:05.493584111Z: [    0.000000] ACPI: Early table checksum verification disabled
[STDERR  ] 2018-02-25T10:08:05.493600663Z: [    0.000000] ACPI: RSDP 0x00000000000F68C0 000014 (v00 BOCHS )
[STDERR  ] 2018-02-25T10:08:05.493617139Z: [    0.000000] ACPI: RSDT 0x000000003FFE2404 000034 (v01 BOCHS  BXPCRSDT 00000001 BXPC 00000001)
[STDERR  ] 2018-02-25T10:08:05.493633855Z: [    0.000000] ACPI: FACP 0x000000003FFE22A4 000074 (v01 BOCHS  BXPCFACP 00000001 BXPC 00000001)
[STDERR  ] 2018-02-25T10:08:05.493650334Z: [    0.000000] ACPI: DSDT 0x000000003FFE0040 002264 (v01 BOCHS  BXPCDSDT 00000001 BXPC 00000001)
[STDERR  ] 2018-02-25T10:08:05.493666774Z: [    0.000000] ACPI: FACS 0x000000003FFE0000 000040
[STDERR  ] 2018-02-25T10:08:05.493690009Z: [    0.000000] ACPI: APIC 0x000000003FFE2318 000078 (v01 BOCHS  BXPCAPIC 00000001 BXPC 00000001)
[STDERR  ] 2018-02-25T10:08:05.493706625Z: [    0.000000] ACPI: HPET 0x000000003FFE2390 000038 (v01 BOCHS  BXPCHPET 00000001 BXPC 00000001)
[STDERR  ] 2018-02-25T10:08:05.493725611Z: [    0.000000] ACPI: MCFG 0x000000003FFE23C8 00003C (v01 BOCHS  BXPCMCFG 00000001 BXPC 00000001)
[STDERR  ] 2018-02-25T10:08:05.493748778Z: [    0.000000] Zone ranges:
[STDERR  ] 2018-02-25T10:08:05.493764774Z: [    0.000000]   DMA      [mem 0x0000000000001000-0x0000000000ffffff]
[STDERR  ] 2018-02-25T10:08:05.493780804Z: [    0.000000]   DMA32    [mem 0x0000000001000000-0x000000003ffddfff]
[STDERR  ] 2018-02-25T10:08:05.493796717Z: [    0.000000]   Normal   empty
[STDERR  ] 2018-02-25T10:08:05.493810821Z: [    0.000000]   Device   empty
[STDERR  ] 2018-02-25T10:08:05.493826947Z: [    0.000000] Movable zone start for each node
[STDERR  ] 2018-02-25T10:08:05.493844098Z: [    0.000000] Early memory node ranges
[STDERR  ] 2018-02-25T10:08:05.493860477Z: [    0.000000]   node   0: [mem 0x0000000000001000-0x000000000009efff]
[STDERR  ] 2018-02-25T10:08:05.493876821Z: [    0.000000]   node   0: [mem 0x0000000000100000-0x000000003ffddfff]
[STDERR  ] 2018-02-25T10:08:05.493893146Z: [    0.000000] Initmem setup node 0 [mem 0x0000000000001000-0x000000003ffddfff]
[STDERR  ] 2018-02-25T10:08:05.493909487Z: [    0.000000] ACPI: PM-Timer IO Port: 0x608
[STDERR  ] 2018-02-25T10:08:05.493926458Z: [    0.000000] ACPI: LAPIC_NMI (acpi_id[0xff] dfl dfl lint[0x1])
[STDERR  ] 2018-02-25T10:08:05.493943462Z: [    0.000000] IOAPIC[0]: apic_id 0, version 32, address 0xfec00000, GSI 0-23
[STDERR  ] 2018-02-25T10:08:05.493960485Z: [    0.000000] ACPI: INT_SRC_OVR (bus 0 bus_irq 0 global_irq 2 dfl dfl)
[STDERR  ] 2018-02-25T10:08:05.493976817Z: [    0.000000] ACPI: INT_SRC_OVR (bus 0 bus_irq 5 global_irq 5 high level)
[STDERR  ] 2018-02-25T10:08:05.493993533Z: [    0.000000] ACPI: INT_SRC_OVR (bus 0 bus_irq 9 global_irq 9 high level)
[STDERR  ] 2018-02-25T10:08:05.494014485Z: [    0.000000] ACPI: INT_SRC_OVR (bus 0 bus_irq 10 global_irq 10 high level)
[STDERR  ] 2018-02-25T10:08:05.494031309Z: [    0.000000] ACPI: INT_SRC_OVR (bus 0 bus_irq 11 global_irq 11 high level)
[STDERR  ] 2018-02-25T10:08:05.494047654Z: [    0.000000] Using ACPI (MADT) for SMP configuration information
[STDERR  ] 2018-02-25T10:08:05.494066430Z: [    0.000000] ACPI: HPET id: 0x8086a201 base: 0xfed00000
[STDERR  ] 2018-02-25T10:08:05.494090810Z: [    0.000000] smpboot: Allowing 1 CPUs, 0 hotplug CPUs
[STDERR  ] 2018-02-25T10:08:05.494106211Z: [    0.000000] e820: [mem 0x40000000-0xafffffff] available for PCI devices
[STDERR  ] 2018-02-25T10:08:05.494120397Z: [    0.000000] Booting paravirtualized kernel on bare hardware
[STDERR  ] 2018-02-25T10:08:05.494135964Z: [    0.000000] clocksource: refined-jiffies: mask: 0xffffffff max_cycles: 0xffffffff, max_idle_ns: 19112604462750000 ns
[STDERR  ] 2018-02-25T10:08:05.494155409Z: [    0.000000] setup_percpu: NR_CPUS:128 nr_cpumask_bits:128 nr_cpu_ids:1 nr_node_ids:1
[STDERR  ] 2018-02-25T10:08:05.494171555Z: [    0.000000] percpu: Embedded 44 pages/cpu @ffff94787d400000 s143128 r8192 d28904 u2097152
[STDERR  ] 2018-02-25T10:08:05.494187641Z: [    0.000000] Built 1 zonelists, mobility grouping on.  Total pages: 257895
[STDERR  ] 2018-02-25T10:08:05.494203955Z: [    0.000000] Kernel command line: console=ttyS0 console=ttyAMA0
[STDERR  ] 2018-02-25T10:08:05.494220223Z: [    0.000000] PID hash table entries: 4096 (order: 3, 32768 bytes)
[STDERR  ] 2018-02-25T10:08:05.494236274Z: [    0.000000] Dentry cache hash table entries: 131072 (order: 8, 1048576 bytes)
[STDERR  ] 2018-02-25T10:08:05.494252438Z: [    0.000000] Inode-cache hash table entries: 65536 (order: 7, 524288 bytes)
[STDERR  ] 2018-02-25T10:08:05.494267054Z: [    0.000000] Memory: 962748K/1048048K available (12300K kernel code, 1460K rwdata, 2960K rodata, 1504K init, 628K bss, 85300K reserved, 0K cma-reserved)
[STDERR  ] 2018-02-25T10:08:05.494283798Z: [    0.000000] ftrace: allocating 40632 entries in 159 pages
[STDERR  ] 2018-02-25T10:08:05.494300216Z: [    0.000000] Hierarchical RCU implementation.
[STDERR  ] 2018-02-25T10:08:05.494316668Z: [    0.000000] 	RCU restricting CPUs from NR_CPUS=128 to nr_cpu_ids=1.
[STDERR  ] 2018-02-25T10:08:05.494332615Z: [    0.000000] RCU: Adjusting geometry for rcu_fanout_leaf=16, nr_cpu_ids=1
[STDERR  ] 2018-02-25T10:08:05.494349018Z: [    0.000000] NR_IRQS: 8448, nr_irqs: 256, preallocated irqs: 16
[STDERR  ] 2018-02-25T10:08:05.494370539Z: [    0.000000] Console: colour VGA+ 80x25
[STDERR  ] 2018-02-25T10:08:05.494388067Z: [    0.000000] console [ttyS0] enabled
[STDERR  ] 2018-02-25T10:08:05.494405018Z: [    0.000000] clocksource: hpet: mask: 0xffffffff max_cycles: 0xffffffff, max_idle_ns: 19112604467 ns
[STDERR  ] 2018-02-25T10:08:05.494422833Z: [    0.010000] tsc: Fast TSC calibration using PIT
[STDERR  ] 2018-02-25T10:08:05.494439462Z: [    0.020000] tsc: Detected 2300.088 MHz processor
[STDERR  ] 2018-02-25T10:08:05.494455862Z: [    0.020000] Calibrating delay loop (skipped), value calculated using timer frequency.. 4600.17 BogoMIPS (lpj=23000880)
[STDERR  ] 2018-02-25T10:08:05.494472675Z: [    0.020000] pid_max: default: 32768 minimum: 301
[STDERR  ] 2018-02-25T10:08:05.494489550Z: [    0.020000] ACPI: Core revision 20170728
[STDERR  ] 2018-02-25T10:08:05.494505891Z: [    0.064496] ACPI: 1 ACPI AML tables successfully acquired and loaded
[STDERR  ] 2018-02-25T10:08:05.494522153Z: [    0.066060] Security Framework initialized
[STDERR  ] 2018-02-25T10:08:05.494538182Z: [    0.066448] Yama: becoming mindful.
[STDERR  ] 2018-02-25T10:08:05.494554344Z: [    0.068439] Mount-cache hash table entries: 2048 (order: 2, 16384 bytes)
[STDERR  ] 2018-02-25T10:08:05.494570460Z: [    0.068929] Mountpoint-cache hash table entries: 2048 (order: 2, 16384 bytes)
[STDERR  ] 2018-02-25T10:08:05.494589641Z: [    0.086190] Last level iTLB entries: 4KB 0, 2MB 0, 4MB 0
[STDERR  ] 2018-02-25T10:08:05.494605720Z: [    0.086601] Last level dTLB entries: 4KB 0, 2MB 0, 4MB 0, 1GB 0
[STDERR  ] 2018-02-25T10:08:05.494621888Z: [    0.087075] Spectre V2 : Spectre mitigation: LFENCE not serializing, switching to generic retpoline
[STDERR  ] 2018-02-25T10:08:05.494638270Z: [    0.087666] Spectre V2 : Vulnerable: Minimal generic ASM retpoline
[STDERR  ] 2018-02-25T10:08:05.494657661Z: [    0.088116] Spectre V2 : Spectre v2 mitigation: Filling RSB on context switch
[STDERR  ] 2018-02-25T10:08:05.494672625Z: [    0.383671] Freeing SMP alternatives memory: 20K
[STDERR  ] 2018-02-25T10:08:05.494698817Z: [    0.402958] smpboot: Max logical packages: 1
[STDERR  ] 2018-02-25T10:08:05.494715661Z: [    0.407883] ..TIMER: vector=0x30 apic1=0 pin1=2 apic2=-1 pin2=-1
[STDERR  ] 2018-02-25T10:08:05.494732980Z: [    0.510000] smpboot: CPU0: AMD QEMU Virtual CPU version 2.5+ (family: 0x6, model: 0x6, stepping: 0x3)
[STDERR  ] 2018-02-25T10:08:05.494750165Z: [    0.510000] Performance Events: PMU not available due to virtualization, using software events only.
[STDERR  ] 2018-02-25T10:08:05.494767035Z: [    0.510000] Hierarchical SRCU implementation.
[STDERR  ] 2018-02-25T10:08:05.494783557Z: [    0.515240] NMI watchdog: Perf event create on CPU 0 failed with -2
[STDERR  ] 2018-02-25T10:08:05.494800978Z: [    0.515638] NMI watchdog: Perf NMI watchdog permanently disabled
[STDERR  ] 2018-02-25T10:08:05.494817334Z: [    0.519023] smp: Bringing up secondary CPUs ...
[STDERR  ] 2018-02-25T10:08:05.494833564Z: [    0.519370] smp: Brought up 1 node, 1 CPU
[STDERR  ] 2018-02-25T10:08:05.494849477Z: [    0.519699] smpboot: Total of 1 processors activated (4600.17 BogoMIPS)
[STDERR  ] 2018-02-25T10:08:05.494866087Z: [    0.535110] devtmpfs: initialized
[STDERR  ] 2018-02-25T10:08:05.494882606Z: [    0.539237] x86/mm: Memory block size: 128MB
[STDERR  ] 2018-02-25T10:08:05.494901444Z: [    0.548030] clocksource: jiffies: mask: 0xffffffff max_cycles: 0xffffffff, max_idle_ns: 19112604462750000 ns
[STDERR  ] 2018-02-25T10:08:05.494918186Z: [    0.548752] futex hash table entries: 256 (order: 2, 16384 bytes)
[STDERR  ] 2018-02-25T10:08:05.494934270Z: [    0.559033] NET: Registered protocol family 16
[STDERR  ] 2018-02-25T10:08:05.494950320Z: [    0.565722] cpuidle: using governor ladder
[STDERR  ] 2018-02-25T10:08:05.494966283Z: [    0.566121] cpuidle: using governor menu
[STDERR  ] 2018-02-25T10:08:05.494982331Z: [    0.567606] ACPI: bus type PCI registered
[STDERR  ] 2018-02-25T10:08:05.494998744Z: [    0.570711] PCI: MMCONFIG for domain 0000 [bus 00-ff] at [mem 0xb0000000-0xbfffffff] (base 0xb0000000)
[STDERR  ] 2018-02-25T10:08:05.495022163Z: [    0.571437] PCI: MMCONFIG at [mem 0xb0000000-0xbfffffff] reserved in E820
[STDERR  ] 2018-02-25T10:08:05.495038488Z: [    0.572363] PCI: Using configuration type 1 for base access
[STDERR  ] 2018-02-25T10:08:05.495053130Z: [    0.628093] HugeTLB registered 2.00 MiB page size, pre-allocated 0 pages
[STDERR  ] 2018-02-25T10:08:05.495069339Z: [    0.638260] ACPI: Added _OSI(Module Device)
[STDERR  ] 2018-02-25T10:08:05.495085864Z: [    0.638558] ACPI: Added _OSI(Processor Device)
[STDERR  ] 2018-02-25T10:08:05.495102989Z: [    0.638830] ACPI: Added _OSI(3.0 _SCP Extensions)
[STDERR  ] 2018-02-25T10:08:05.495120077Z: [    0.639106] ACPI: Added _OSI(Processor Aggregator Device)
[STDERR  ] 2018-02-25T10:08:05.495137083Z: [    0.712549] ACPI: Interpreter enabled
[STDERR  ] 2018-02-25T10:08:05.495153771Z: [    0.713306] ACPI: (supports S0 S5)
[STDERR  ] 2018-02-25T10:08:05.495174271Z: [    0.713583] ACPI: Using IOAPIC for interrupt routing
[STDERR  ] 2018-02-25T10:08:05.495190877Z: [    0.715198] PCI: Using host bridge windows from ACPI; if necessary, use "pci=nocrs" and report a bug
[STDERR  ] 2018-02-25T10:08:05.495207107Z: [    0.718568] ACPI: Enabled 2 GPEs in block 00 to 3F
[STDERR  ] 2018-02-25T10:08:05.495223312Z: [    0.784637] ACPI: PCI Root Bridge [PCI0] (domain 0000 [bus 00-ff])
[STDERR  ] 2018-02-25T10:08:05.495242495Z: [    0.785479] acpi PNP0A08:00: _OSC: OS supports [ExtendedConfig ASPM ClockPM Segments MSI]
[STDERR  ] 2018-02-25T10:08:05.495259429Z: [    0.790222] acpi PNP0A08:00: _OSC: OS now controls [PCIeHotplug PME PCIeCapability]
[STDERR  ] 2018-02-25T10:08:05.495278629Z: [    0.793521] PCI host bridge to bus 0000:00
[STDERR  ] 2018-02-25T10:08:05.495294793Z: [    0.793977] pci_bus 0000:00: root bus resource [io  0x0000-0x0cf7 window]
[STDERR  ] 2018-02-25T10:08:05.495311285Z: [    0.794404] pci_bus 0000:00: root bus resource [io  0x0d00-0xffff window]
[STDERR  ] 2018-02-25T10:08:05.495329495Z: [    0.794817] pci_bus 0000:00: root bus resource [mem 0x000a0000-0x000bffff window]
[STDERR  ] 2018-02-25T10:08:05.495352538Z: [    0.795257] pci_bus 0000:00: root bus resource [mem 0xc0000000-0xfebfffff window]
[STDERR  ] 2018-02-25T10:08:05.495369028Z: [    0.795807] pci_bus 0000:00: root bus resource [bus 00-ff]
[STDERR  ] 2018-02-25T10:08:05.495385306Z: [    0.901986] pci 0000:00:1f.0: quirk: [io  0x0600-0x067f] claimed by ICH6 ACPI/GPIO/TCO
[STDERR  ] 2018-02-25T10:08:05.495401462Z: [    0.958204] ACPI: PCI Interrupt Link [LNKA] (IRQs 5 *10 11)
[STDERR  ] 2018-02-25T10:08:05.495417428Z: [    0.960944] ACPI: PCI Interrupt Link [LNKB] (IRQs 5 *10 11)
[STDERR  ] 2018-02-25T10:08:05.495432029Z: [    0.962556] ACPI: PCI Interrupt Link [LNKC] (IRQs 5 10 *11)
[STDERR  ] 2018-02-25T10:08:05.495447922Z: [    0.964159] ACPI: PCI Interrupt Link [LNKD] (IRQs 5 10 *11)
[STDERR  ] 2018-02-25T10:08:05.495464495Z: [    0.965749] ACPI: PCI Interrupt Link [LNKE] (IRQs 5 *10 11)
[STDERR  ] 2018-02-25T10:08:05.495480696Z: [    0.967343] ACPI: PCI Interrupt Link [LNKF] (IRQs 5 *10 11)
[STDERR  ] 2018-02-25T10:08:05.495500325Z: [    0.969019] ACPI: PCI Interrupt Link [LNKG] (IRQs 5 10 *11)
[STDERR  ] 2018-02-25T10:08:05.495517313Z: [    0.970820] ACPI: PCI Interrupt Link [LNKH] (IRQs 5 10 *11)
[STDERR  ] 2018-02-25T10:08:05.495533875Z: [    0.971554] ACPI: PCI Interrupt Link [GSIA] (IRQs *16)
[STDERR  ] 2018-02-25T10:08:05.495549843Z: [    0.972116] ACPI: PCI Interrupt Link [GSIB] (IRQs *17)
[STDERR  ] 2018-02-25T10:08:05.495566703Z: [    0.972672] ACPI: PCI Interrupt Link [GSIC] (IRQs *18)
[STDERR  ] 2018-02-25T10:08:05.495582996Z: [    0.973224] ACPI: PCI Interrupt Link [GSID] (IRQs *19)
[STDERR  ] 2018-02-25T10:08:05.495599353Z: [    0.973773] ACPI: PCI Interrupt Link [GSIE] (IRQs *20)
[STDERR  ] 2018-02-25T10:08:05.495618447Z: [    0.974329] ACPI: PCI Interrupt Link [GSIF] (IRQs *21)
[STDERR  ] 2018-02-25T10:08:05.495635093Z: [    0.974884] ACPI: PCI Interrupt Link [GSIG] (IRQs *22)
[STDERR  ] 2018-02-25T10:08:05.495657710Z: [    0.975442] ACPI: PCI Interrupt Link [GSIH] (IRQs *23)
[STDERR  ] 2018-02-25T10:08:05.495673963Z: [    0.983076] SCSI subsystem initialized
[STDERR  ] 2018-02-25T10:08:05.495690011Z: [    0.985439] ACPI: bus type USB registered
[STDERR  ] 2018-02-25T10:08:05.495706148Z: [    0.986336] usbcore: registered new interface driver usbfs
[STDERR  ] 2018-02-25T10:08:05.495725413Z: [    0.987088] usbcore: registered new interface driver hub
[STDERR  ] 2018-02-25T10:08:05.495744400Z: [    0.987805] usbcore: registered new device driver usb
[STDERR  ] 2018-02-25T10:08:05.495760280Z: [    0.988711] pps_core: LinuxPPS API ver. 1 registered
[STDERR  ] 2018-02-25T10:08:05.495774895Z: [    0.989030] pps_core: Software ver. 5.3.6 - Copyright 2005-2007 Rodolfo Giometti <giometti@linux.it>
[STDERR  ] 2018-02-25T10:08:05.495791484Z: [    0.989700] PTP clock support registered
[STDERR  ] 2018-02-25T10:08:05.495807518Z: [    0.991779] PCI: Using ACPI for IRQ routing
[STDERR  ] 2018-02-25T10:08:05.495823699Z: [    1.010420] NetLabel: Initializing
[STDERR  ] 2018-02-25T10:08:05.495840367Z: [    1.010665] NetLabel:  domain hash size = 128
[STDERR  ] 2018-02-25T10:08:05.495856718Z: [    1.010963] NetLabel:  protocols = UNLABELED CIPSOv4 CALIPSO
[STDERR  ] 2018-02-25T10:08:05.495873480Z: [    1.012996] NetLabel:  unlabeled traffic allowed by default
[STDERR  ] 2018-02-25T10:08:05.495889751Z: [    1.014420] HPET: 3 timers in total, 0 timers will be used for per-cpu timer
[STDERR  ] 2018-02-25T10:08:05.495906056Z: [    1.015088] hpet0: at MMIO 0xfed00000, IRQs 2, 8, 0
[STDERR  ] 2018-02-25T10:08:05.495921784Z: [    1.015477] hpet0: 3 comparators, 64-bit 100.000000 MHz counter
[STDERR  ] 2018-02-25T10:08:05.495940389Z: [    1.021470] clocksource: Switched to clocksource hpet
[STDERR  ] 2018-02-25T10:08:05.495956621Z: [    1.331419] VFS: Disk quotas dquot_6.6.0
[STDERR  ] 2018-02-25T10:08:05.495972662Z: [    1.332100] VFS: Dquot-cache hash table entries: 512 (order 0, 4096 bytes)
[STDERR  ] 2018-02-25T10:08:05.495988411Z: [    1.334447] FS-Cache: Loaded
[STDERR  ] 2018-02-25T10:08:05.496008561Z: [    1.339102] CacheFiles: Loaded
[STDOUT  ] 2018-02-25T10:08:05.496332244Z: [    0.000000] Linux version 4.14.21-linuxkit (root@d1d936103058) (gcc version 6.4.0 (Alpine 6.4.0)) #1 SMP Fri Feb 23 18:45:12 UTC 2018
[STDOUT  ] 2018-02-25T10:08:05.496420995Z: [    0.000000] Command line: console=ttyS0 console=ttyAMA0
[STDOUT  ] 2018-02-25T10:08:05.496447320Z: [    0.000000] x86/fpu: x87 FPU will use FXSAVE
[STDOUT  ] 2018-02-25T10:08:05.496472714Z: [    0.000000] e820: BIOS-provided physical RAM map:
[STDOUT  ] 2018-02-25T10:08:05.496497338Z: [    0.000000] BIOS-e820: [mem 0x0000000000000000-0x000000000009fbff] usable
[STDOUT  ] 2018-02-25T10:08:05.496530517Z: [    0.000000] BIOS-e820: [mem 0x000000000009fc00-0x000000000009ffff] reserved
[STDOUT  ] 2018-02-25T10:08:05.496555437Z: [    0.000000] BIOS-e820: [mem 0x00000000000f0000-0x00000000000fffff] reserved
[STDOUT  ] 2018-02-25T10:08:05.496581013Z: [    0.000000] BIOS-e820: [mem 0x0000000000100000-0x000000003ffddfff] usable
[STDOUT  ] 2018-02-25T10:08:05.496605372Z: [    0.000000] BIOS-e820: [mem 0x000000003ffde000-0x000000003fffffff] reserved
[STDOUT  ] 2018-02-25T10:08:05.496636067Z: [    0.000000] BIOS-e820: [mem 0x00000000b0000000-0x00000000bfffffff] reserved
[STDOUT  ] 2018-02-25T10:08:05.496660549Z: [    0.000000] BIOS-e820: [mem 0x00000000fed1c000-0x00000000fed1ffff] reserved
[STDOUT  ] 2018-02-25T10:08:05.496685631Z: [    0.000000] BIOS-e820: [mem 0x00000000fffc0000-0x00000000ffffffff] reserved
[STDOUT  ] 2018-02-25T10:08:05.496709829Z: [    0.000000] NX (Execute Disable) protection: active
[STDOUT  ] 2018-02-25T10:08:05.496734857Z: [    0.000000] random: fast init done
[STDOUT  ] 2018-02-25T10:08:05.496759415Z: [    0.000000] SMBIOS 2.8 present.
[STDOUT  ] 2018-02-25T10:08:05.496784092Z: [    0.000000] DMI: QEMU Standard PC (Q35 + ICH9, 2009), BIOS rel-1.10.2-0-g5f4c7b1-prebuilt.qemu-project.org 04/01/2014
[STDOUT  ] 2018-02-25T10:08:05.496809917Z: [    0.000000] tsc: Fast TSC calibration using PIT
[STDOUT  ] 2018-02-25T10:08:05.496841833Z: [    0.000000] e820: last_pfn = 0x3ffde max_arch_pfn = 0x400000000
[STDOUT  ] 2018-02-25T10:08:05.496868110Z: [    0.000000] x86/PAT: Configuration [0-7]: WB  WC  UC- UC  WB  WP  UC- WT  
[STDOUT  ] 2018-02-25T10:08:05.496893090Z: [    0.000000] found SMP MP-table at [mem 0x000f6aa0-0x000f6aaf] mapped at [ffffffffff200aa0]
[STDOUT  ] 2018-02-25T10:08:05.496918450Z: [    0.000000] RAMDISK: [mem 0x3d6b8000-0x3ffcffff]
[STDOUT  ] 2018-02-25T10:08:05.496943103Z: [    0.000000] ACPI: Early table checksum verification disabled
[STDOUT  ] 2018-02-25T10:08:05.496967936Z: [    0.000000] ACPI: RSDP 0x00000000000F68C0 000014 (v00 BOCHS )
[STDOUT  ] 2018-02-25T10:08:05.497098360Z: [    0.000000] ACPI: RSDT 0x000000003FFE2404 000034 (v01 BOCHS  BXPCRSDT 00000001 BXPC 00000001)
[STDOUT  ] 2018-02-25T10:08:05.497126408Z: [    0.000000] ACPI: FACP 0x000000003FFE22A4 000074 (v01 BOCHS  BXPCFACP 00000001 BXPC 00000001)
[STDOUT  ] 2018-02-25T10:08:05.497150976Z: [    0.000000] ACPI: DSDT 0x000000003FFE0040 002264 (v01 BOCHS  BXPCDSDT 00000001 BXPC 00000001)
[STDOUT  ] 2018-02-25T10:08:05.497176743Z: [    0.000000] ACPI: FACS 0x000000003FFE0000 000040
[STDOUT  ] 2018-02-25T10:08:05.497201665Z: [    0.000000] ACPI: APIC 0x000000003FFE2318 000078 (v01 BOCHS  BXPCAPIC 00000001 BXPC 00000001)
[STDOUT  ] 2018-02-25T10:08:05.497226273Z: [    0.000000] ACPI: HPET 0x000000003FFE2390 000038 (v01 BOCHS  BXPCHPET 00000001 BXPC 00000001)
[STDOUT  ] 2018-02-25T10:08:05.497251122Z: [    0.000000] ACPI: MCFG 0x000000003FFE23C8 00003C (v01 BOCHS  BXPCMCFG 00000001 BXPC 00000001)
[STDOUT  ] 2018-02-25T10:08:05.497275921Z: [    0.000000] Zone ranges:
[STDOUT  ] 2018-02-25T10:08:05.497300683Z: [    0.000000]   DMA      [mem 0x0000000000001000-0x0000000000ffffff]
[STDOUT  ] 2018-02-25T10:08:05.497326456Z: [    0.000000]   DMA32    [mem 0x0000000001000000-0x000000003ffddfff]
[STDOUT  ] 2018-02-25T10:08:05.497352903Z: [    0.000000]   Normal   empty
[STDOUT  ] 2018-02-25T10:08:05.497405387Z: [    0.000000]   Device   empty
[STDOUT  ] 2018-02-25T10:08:05.497431276Z: [    0.000000] Movable zone start for each node
[STDOUT  ] 2018-02-25T10:08:05.497455971Z: [    0.000000] Early memory node ranges
[STDOUT  ] 2018-02-25T10:08:05.497480198Z: [    0.000000]   node   0: [mem 0x0000000000001000-0x000000000009efff]
[STDOUT  ] 2018-02-25T10:08:05.497504028Z: [    0.000000]   node   0: [mem 0x0000000000100000-0x000000003ffddfff]
[STDOUT  ] 2018-02-25T10:08:05.497529386Z: [    0.000000] Initmem setup node 0 [mem 0x0000000000001000-0x000000003ffddfff]
[STDOUT  ] 2018-02-25T10:08:05.497553550Z: [    0.000000] ACPI: PM-Timer IO Port: 0x608
[STDOUT  ] 2018-02-25T10:08:05.497577279Z: [    0.000000] ACPI: LAPIC_NMI (acpi_id[0xff] dfl dfl lint[0x1])
[STDOUT  ] 2018-02-25T10:08:05.497610749Z: [    0.000000] IOAPIC[0]: apic_id 0, version 32, address 0xfec00000, GSI 0-23
[STDOUT  ] 2018-02-25T10:08:05.497636459Z: [    0.000000] ACPI: INT_SRC_OVR (bus 0 bus_irq 0 global_irq 2 dfl dfl)
[STDOUT  ] 2018-02-25T10:08:05.497660635Z: [    0.000000] ACPI: INT_SRC_OVR (bus 0 bus_irq 5 global_irq 5 high level)
[STDOUT  ] 2018-02-25T10:08:05.497684699Z: [    0.000000] ACPI: INT_SRC_OVR (bus 0 bus_irq 9 global_irq 9 high level)
[STDOUT  ] 2018-02-25T10:08:05.497708752Z: [    0.000000] ACPI: INT_SRC_OVR (bus 0 bus_irq 10 global_irq 10 high level)
[STDOUT  ] 2018-02-25T10:08:05.497732583Z: [    0.000000] ACPI: INT_SRC_OVR (bus 0 bus_irq 11 global_irq 11 high level)
[STDOUT  ] 2018-02-25T10:08:05.497757990Z: [    0.000000] Using ACPI (MADT) for SMP configuration information
[STDOUT  ] 2018-02-25T10:08:05.497783472Z: [    0.000000] ACPI: HPET id: 0x8086a201 base: 0xfed00000
[STDOUT  ] 2018-02-25T10:08:05.497816201Z: [    0.000000] smpboot: Allowing 1 CPUs, 0 hotplug CPUs
[STDOUT  ] 2018-02-25T10:08:05.497840608Z: [    0.000000] e820: [mem 0x40000000-0xafffffff] available for PCI devices
[STDOUT  ] 2018-02-25T10:08:05.497873150Z: [    0.000000] Booting paravirtualized kernel on bare hardware
[STDOUT  ] 2018-02-25T10:08:05.497899250Z: [    0.000000] clocksource: refined-jiffies: mask: 0xffffffff max_cycles: 0xffffffff, max_idle_ns: 19112604462750000 ns
[STDOUT  ] 2018-02-25T10:08:05.497930887Z: [    0.000000] setup_percpu: NR_CPUS:128 nr_cpumask_bits:128 nr_cpu_ids:1 nr_node_ids:1
[STDOUT  ] 2018-02-25T10:08:05.497957037Z: [    0.000000] percpu: Embedded 44 pages/cpu @ffff94787d400000 s143128 r8192 d28904 u2097152
[STDOUT  ] 2018-02-25T10:08:05.497987143Z: [    0.000000] Built 1 zonelists, mobility grouping on.  Total pages: 257895
[STDOUT  ] 2018-02-25T10:08:05.498011498Z: [    0.000000] Kernel command line: console=ttyS0 console=ttyAMA0
[STDOUT  ] 2018-02-25T10:08:05.498035971Z: [    0.000000] PID hash table entries: 4096 (order: 3, 32768 bytes)
[STDOUT  ] 2018-02-25T10:08:05.498060742Z: [    0.000000] Dentry cache hash table entries: 131072 (order: 8, 1048576 bytes)
[STDOUT  ] 2018-02-25T10:08:05.498085534Z: [    0.000000] Inode-cache hash table entries: 65536 (order: 7, 524288 bytes)
[STDOUT  ] 2018-02-25T10:08:05.498110324Z: [    0.000000] Memory: 962748K/1048048K available (12300K kernel code, 1460K rwdata, 2960K rodata, 1504K init, 628K bss, 85300K reserved, 0K cma-reserved)
[STDOUT  ] 2018-02-25T10:08:05.498138108Z: [    0.000000] ftrace: allocating 40632 entries in 159 pages
[STDOUT  ] 2018-02-25T10:08:05.498163963Z: [    0.000000] Hierarchical RCU implementation.
[STDOUT  ] 2018-02-25T10:08:05.498189923Z: [    0.000000] 	RCU restricting CPUs from NR_CPUS=128 to nr_cpu_ids=1.
[STDOUT  ] 2018-02-25T10:08:05.498214478Z: [    0.000000] RCU: Adjusting geometry for rcu_fanout_leaf=16, nr_cpu_ids=1
[STDOUT  ] 2018-02-25T10:08:05.498238367Z: [    0.000000] NR_IRQS: 8448, nr_irqs: 256, preallocated irqs: 16
[STDOUT  ] 2018-02-25T10:08:05.498263187Z: [    0.000000] Console: colour VGA+ 80x25
[STDOUT  ] 2018-02-25T10:08:05.498288322Z: [    0.000000] console [ttyS0] enabled
[STDOUT  ] 2018-02-25T10:08:05.498313280Z: [    0.000000] clocksource: hpet: mask: 0xffffffff max_cycles: 0xffffffff, max_idle_ns: 19112604467 ns
[STDOUT  ] 2018-02-25T10:08:05.498345848Z: [    0.010000] tsc: Fast TSC calibration using PIT
[STDOUT  ] 2018-02-25T10:08:05.498371262Z: [    0.020000] tsc: Detected 2300.088 MHz processor
[STDOUT  ] 2018-02-25T10:08:05.498395859Z: [    0.020000] Calibrating delay loop (skipped), value calculated using timer frequency.. 4600.17 BogoMIPS (lpj=23000880)
[STDOUT  ] 2018-02-25T10:08:05.498419457Z: [    0.020000] pid_max: default: 32768 minimum: 301
[STDOUT  ] 2018-02-25T10:08:05.498442763Z: [    0.020000] ACPI: Core revision 20170728
[STDOUT  ] 2018-02-25T10:08:05.498474275Z: [    0.064496] ACPI: 1 ACPI AML tables successfully acquired and loaded
[STDOUT  ] 2018-02-25T10:08:05.498498541Z: [    0.066060] Security Framework initialized
[STDOUT  ] 2018-02-25T10:08:05.498521761Z: [    0.066448] Yama: becoming mindful.
[STDOUT  ] 2018-02-25T10:08:05.498546597Z: [    0.068439] Mount-cache hash table entries: 2048 (order: 2, 16384 bytes)
[STDOUT  ] 2018-02-25T10:08:05.498571860Z: [    0.068929] Mountpoint-cache hash table entries: 2048 (order: 2, 16384 bytes)
[STDOUT  ] 2018-02-25T10:08:05.498596003Z: [    0.086190] Last level iTLB entries: 4KB 0, 2MB 0, 4MB 0
[STDOUT  ] 2018-02-25T10:08:05.498619943Z: [    0.086601] Last level dTLB entries: 4KB 0, 2MB 0, 4MB 0, 1GB 0
[STDOUT  ] 2018-02-25T10:08:05.498645217Z: [    0.087075] Spectre V2 : Spectre mitigation: LFENCE not serializing, switching to generic retpoline
[STDOUT  ] 2018-02-25T10:08:05.498669400Z: [    0.087666] Spectre V2 : Vulnerable: Minimal generic ASM retpoline
[STDOUT  ] 2018-02-25T10:08:05.498694950Z: [    0.088116] Spectre V2 : Spectre v2 mitigation: Filling RSB on context switch
[STDOUT  ] 2018-02-25T10:08:05.498719649Z: [    0.383671] Freeing SMP alternatives memory: 20K
[STDOUT  ] 2018-02-25T10:08:05.498742810Z: [    0.402958] smpboot: Max logical packages: 1
[STDOUT  ] 2018-02-25T10:08:05.498774744Z: [    0.407883] ..TIMER: vector=0x30 apic1=0 pin1=2 apic2=-1 pin2=-1
[STDOUT  ] 2018-02-25T10:08:05.498804707Z: [    0.510000] smpboot: CPU0: AMD QEMU Virtual CPU version 2.5+ (family: 0x6, model: 0x6, stepping: 0x3)
[STDOUT  ] 2018-02-25T10:08:05.498836043Z: [    0.510000] Performance Events: PMU not available due to virtualization, using software events only.
[STDOUT  ] 2018-02-25T10:08:05.498860841Z: [    0.510000] Hierarchical SRCU implementation.
[STDOUT  ] 2018-02-25T10:08:05.498886000Z: [    0.515240] NMI watchdog: Perf event create on CPU 0 failed with -2
[STDOUT  ] 2018-02-25T10:08:05.498908657Z: [    0.515638] NMI watchdog: Perf NMI watchdog permanently disabled
[STDOUT  ] 2018-02-25T10:08:05.498933088Z: [    0.519023] smp: Bringing up secondary CPUs ...
[STDOUT  ] 2018-02-25T10:08:05.498957071Z: [    0.519370] smp: Brought up 1 node, 1 CPU
[STDOUT  ] 2018-02-25T10:08:05.498988413Z: [    0.519699] smpboot: Total of 1 processors activated (4600.17 BogoMIPS)
[STDOUT  ] 2018-02-25T10:08:05.499012054Z: [    0.535110] devtmpfs: initialized
[STDOUT  ] 2018-02-25T10:08:05.499040045Z: [    0.539237] x86/mm: Memory block size: 128MB
[STDOUT  ] 2018-02-25T10:08:05.499064907Z: [    0.548030] clocksource: jiffies: mask: 0xffffffff max_cycles: 0xffffffff, max_idle_ns: 19112604462750000 ns
[STDOUT  ] 2018-02-25T10:08:05.499279910Z: [    0.548752] futex hash table entries: 256 (order: 2, 16384 bytes)
[STDOUT  ] 2018-02-25T10:08:05.499305403Z: [    0.559033] NET: Registered protocol family 16
[STDOUT  ] 2018-02-25T10:08:05.499328426Z: [    0.565722] cpuidle: using governor ladder
[STDOUT  ] 2018-02-25T10:08:05.499353875Z: [    0.566121] cpuidle: using governor menu
[STDOUT  ] 2018-02-25T10:08:05.499377954Z: [    0.567606] ACPI: bus type PCI registered
[STDOUT  ] 2018-02-25T10:08:05.499401770Z: [    0.570711] PCI: MMCONFIG for domain 0000 [bus 00-ff] at [mem 0xb0000000-0xbfffffff] (base 0xb0000000)
[STDOUT  ] 2018-02-25T10:08:05.499427997Z: [    0.571437] PCI: MMCONFIG at [mem 0xb0000000-0xbfffffff] reserved in E820
[STDOUT  ] 2018-02-25T10:08:05.499453382Z: [    0.572363] PCI: Using configuration type 1 for base access
[STDOUT  ] 2018-02-25T10:08:05.499476641Z: [    0.628093] HugeTLB registered 2.00 MiB page size, pre-allocated 0 pages
[STDOUT  ] 2018-02-25T10:08:05.499507842Z: [    0.638260] ACPI: Added _OSI(Module Device)
[STDOUT  ] 2018-02-25T10:08:05.499532161Z: [    0.638558] ACPI: Added _OSI(Processor Device)
[STDOUT  ] 2018-02-25T10:08:05.499556221Z: [    0.638830] ACPI: Added _OSI(3.0 _SCP Extensions)
[STDOUT  ] 2018-02-25T10:08:05.499579200Z: [    0.639106] ACPI: Added _OSI(Processor Aggregator Device)
[STDOUT  ] 2018-02-25T10:08:05.499607988Z: [    0.712549] ACPI: Interpreter enabled
[STDOUT  ] 2018-02-25T10:08:05.499632624Z: [    0.713306] ACPI: (supports S0 S5)
[STDOUT  ] 2018-02-25T10:08:05.499657232Z: [    0.713583] ACPI: Using IOAPIC for interrupt routing
[STDOUT  ] 2018-02-25T10:08:05.499683020Z: [    0.715198] PCI: Using host bridge windows from ACPI; if necessary, use "pci=nocrs" and report a bug
[STDOUT  ] 2018-02-25T10:08:05.499715964Z: [    0.718568] ACPI: Enabled 2 GPEs in block 00 to 3F
[STDOUT  ] 2018-02-25T10:08:05.499742766Z: [    0.784637] ACPI: PCI Root Bridge [PCI0] (domain 0000 [bus 00-ff])
[STDOUT  ] 2018-02-25T10:08:05.499766964Z: [    0.785479] acpi PNP0A08:00: _OSC: OS supports [ExtendedConfig ASPM ClockPM Segments MSI]
[STDOUT  ] 2018-02-25T10:08:05.499791007Z: [    0.790222] acpi PNP0A08:00: _OSC: OS now controls [PCIeHotplug PME PCIeCapability]
[STDOUT  ] 2018-02-25T10:08:05.499825468Z: [    0.793521] PCI host bridge to bus 0000:00
[STDOUT  ] 2018-02-25T10:08:05.499850336Z: [    0.793977] pci_bus 0000:00: root bus resource [io  0x0000-0x0cf7 window]
[STDOUT  ] 2018-02-25T10:08:05.499881892Z: [    0.794404] pci_bus 0000:00: root bus resource [io  0x0d00-0xffff window]
[STDOUT  ] 2018-02-25T10:08:05.499905924Z: [    0.794817] pci_bus 0000:00: root bus resource [mem 0x000a0000-0x000bffff window]
[STDOUT  ] 2018-02-25T10:08:05.499929841Z: [    0.795257] pci_bus 0000:00: root bus resource [mem 0xc0000000-0xfebfffff window]
[STDOUT  ] 2018-02-25T10:08:05.499953116Z: [    0.795807] pci_bus 0000:00: root bus resource [bus 00-ff]
[STDOUT  ] 2018-02-25T10:08:05.499976880Z: [    0.901986] pci 0000:00:1f.0: quirk: [io  0x0600-0x067f] claimed by ICH6 ACPI/GPIO/TCO
[STDOUT  ] 2018-02-25T10:08:05.500008022Z: [    0.958204] ACPI: PCI Interrupt Link [LNKA] (IRQs 5 *10 11)
[STDOUT  ] 2018-02-25T10:08:05.500032518Z: [    0.960944] ACPI: PCI Interrupt Link [LNKB] (IRQs 5 *10 11)
[STDOUT  ] 2018-02-25T10:08:05.500057342Z: [    0.962556] ACPI: PCI Interrupt Link [LNKC] (IRQs 5 10 *11)
[STDOUT  ] 2018-02-25T10:08:05.500083706Z: [    0.964159] ACPI: PCI Interrupt Link [LNKD] (IRQs 5 10 *11)
[STDOUT  ] 2018-02-25T10:08:05.500108081Z: [    0.965749] ACPI: PCI Interrupt Link [LNKE] (IRQs 5 *10 11)
[STDOUT  ] 2018-02-25T10:08:05.500132256Z: [    0.967343] ACPI: PCI Interrupt Link [LNKF] (IRQs 5 *10 11)
[STDOUT  ] 2018-02-25T10:08:05.500155571Z: [    0.969019] ACPI: PCI Interrupt Link [LNKG] (IRQs 5 10 *11)
[STDOUT  ] 2018-02-25T10:08:05.500178225Z: [    0.970820] ACPI: PCI Interrupt Link [LNKH] (IRQs 5 10 *11)
[STDOUT  ] 2018-02-25T10:08:05.500203957Z: [    0.971554] ACPI: PCI Interrupt Link [GSIA] (IRQs *16)
[STDOUT  ] 2018-02-25T10:08:05.500226907Z: [    0.972116] ACPI: PCI Interrupt Link [GSIB] (IRQs *17)
[STDOUT  ] 2018-02-25T10:08:05.500259984Z: [    0.972672] ACPI: PCI Interrupt Link [GSIC] (IRQs *18)
[STDOUT  ] 2018-02-25T10:08:05.500285854Z: [    0.973224] ACPI: PCI Interrupt Link [GSID] (IRQs *19)
[STDOUT  ] 2018-02-25T10:08:05.500309468Z: [    0.973773] ACPI: PCI Interrupt Link [GSIE] (IRQs *20)
[STDOUT  ] 2018-02-25T10:08:05.500335468Z: [    0.974329] ACPI: PCI Interrupt Link [GSIF] (IRQs *21)
[STDOUT  ] 2018-02-25T10:08:05.500361400Z: [    0.974884] ACPI: PCI Interrupt Link [GSIG] (IRQs *22)
[STDOUT  ] 2018-02-25T10:08:05.500386348Z: [    0.975442] ACPI: PCI Interrupt Link [GSIH] (IRQs *23)
[STDOUT  ] 2018-02-25T10:08:05.500409365Z: [    0.983076] SCSI subsystem initialized
[STDOUT  ] 2018-02-25T10:08:05.500433740Z: [    0.985439] ACPI: bus type USB registered
[STDOUT  ] 2018-02-25T10:08:05.500465898Z: [    0.986336] usbcore: registered new interface driver usbfs
[STDOUT  ] 2018-02-25T10:08:05.500504024Z: [    0.987088] usbcore: registered new interface driver hub
[STDOUT  ] 2018-02-25T10:08:05.500528938Z: [    0.987805] usbcore: registered new device driver usb
[STDOUT  ] 2018-02-25T10:08:05.500554998Z: [    0.988711] pps_core: LinuxPPS API ver. 1 registered
[STDOUT  ] 2018-02-25T10:08:05.500578667Z: [    0.989030] pps_core: Software ver. 5.3.6 - Copyright 2005-2007 Rodolfo Giometti <giometti@linux.it>
[STDOUT  ] 2018-02-25T10:08:05.500612849Z: [    0.989700] PTP clock support registered
[STDOUT  ] 2018-02-25T10:08:05.500643290Z: [    0.991779] PCI: Using ACPI for IRQ routing
[STDOUT  ] 2018-02-25T10:08:05.500668446Z: [    1.010420] NetLabel: Initializing
[STDOUT  ] 2018-02-25T10:08:05.500692373Z: [    1.010665] NetLabel:  domain hash size = 128
[STDOUT  ] 2018-02-25T10:08:05.500716182Z: [    1.010963] NetLabel:  protocols = UNLABELED CIPSOv4 CALIPSO
[STDOUT  ] 2018-02-25T10:08:05.500739088Z: [    1.012996] NetLabel:  unlabeled traffic allowed by default
[STDOUT  ] 2018-02-25T10:08:05.500762504Z: [    1.014420] HPET: 3 timers in total, 0 timers will be used for per-cpu timer
[STDOUT  ] 2018-02-25T10:08:05.500786928Z: [    1.015088] hpet0: at MMIO 0xfed00000, IRQs 2, 8, 0
[STDOUT  ] 2018-02-25T10:08:05.500811216Z: [    1.015477] hpet0: 3 comparators, 64-bit 100.000000 MHz counter
[STDOUT  ] 2018-02-25T10:08:05.500834739Z: [    1.021470] clocksource: Switched to clocksource hpet
[STDOUT  ] 2018-02-25T10:08:05.500858306Z: [    1.331419] VFS: Disk quotas dquot_6.6.0
[STDOUT  ] 2018-02-25T10:08:05.500883500Z: [    1.332100] VFS: Dquot-cache hash table entries: 512 (order 0, 4096 bytes)
[STDOUT  ] 2018-02-25T10:08:05.500906906Z: [    1.334447] FS-Cache: Loaded
[STDOUT  ] 2018-02-25T10:08:05.500929638Z: [    1.339102] CacheFiles: Loaded
[STDOUT  ] 2018-02-25T10:08:05.500954917Z: [    1.340065] pnp: PnP ACPI init
[STDOUT  ] 2018-02-25T10:08:05.500979208Z: [    1.350796] pnp: PnP ACPI: found 5 devices
[STDOUT  ] 2018-02-25T10:08:05.501003006Z: [    1.392005] clocksource: acpi_pm: mask: 0xffffff max_cycles: 0xffffff, max_idle_ns: 2085701024 ns
[STDOUT  ] 2018-02-25T10:08:05.501032413Z: [    1.394673] NET: Registered protocol family 2
[STDOUT  ] 2018-02-25T10:08:05.501058060Z: [    1.401509] TCP established hash table entries: 8192 (order: 4, 65536 bytes)
[STDOUT  ] 2018-02-25T10:08:05.501082802Z: [    1.402191] TCP bind hash table entries: 8192 (order: 5, 131072 bytes)
[STDOUT  ] 2018-02-25T10:08:05.501106147Z: [    1.403248] TCP: Hash tables configured (established 8192 bind 8192)
[STDOUT  ] 2018-02-25T10:08:05.501131744Z: [    1.405138] UDP hash table entries: 512 (order: 2, 16384 bytes)
[STDOUT  ] 2018-02-25T10:08:05.501155445Z: [    1.405726] UDP-Lite hash table entries: 512 (order: 2, 16384 bytes)
[STDOUT  ] 2018-02-25T10:08:05.501179403Z: [    1.407927] NET: Registered protocol family 1
[STDOUT  ] 2018-02-25T10:08:05.501203982Z: [    1.408784] pci 0000:00:01.0: Video device with shadowed ROM at [mem 0x000c0000-0x000dffff]
[STDOUT  ] 2018-02-25T10:08:05.501228129Z: [    1.414379] Trying to unpack rootfs image as initramfs...
[STDOUT  ] 2018-02-25T10:08:05.501251967Z: [   10.367225] Freeing initrd memory: 42080K
[STDOUT  ] 2018-02-25T10:08:05.501276804Z: [   10.391572] PCLMULQDQ-NI instructions are not detected.
[STDOUT  ] 2018-02-25T10:08:05.501314398Z: [   10.392700] AVX or AES-NI instructions are not detected.
[STDOUT  ] 2018-02-25T10:08:05.501340150Z: [   10.393102] CPU feature 'AVX registers' is not supported.
[STDOUT  ] 2018-02-25T10:08:05.501369494Z: [   10.393473] CPU feature 'AVX registers' is not supported.
[STDOUT  ] 2018-02-25T10:08:05.501393853Z: [   10.393826] CPU feature 'AVX registers' is not supported.
[STDOUT  ] 2018-02-25T10:08:05.501418375Z: [   10.394191] CPU feature 'AVX registers' is not supported.
[STDOUT  ] 2018-02-25T10:08:05.501444789Z: [   10.394550] AVX2 or AES-NI instructions are not detected.
[STDOUT  ] 2018-02-25T10:08:05.501471053Z: [   10.394918] AVX2 instructions are not detected.
[STDOUT  ] 2018-02-25T10:08:05.501494752Z: [   10.399118] audit: initializing netlink subsys (disabled)
[STDOUT  ] 2018-02-25T10:08:05.501524640Z: [   10.402830] audit: type=2000 audit(1519553236.400:1): state=initialized audit_enabled=0 res=1
[STDOUT  ] 2018-02-25T10:08:05.501550514Z: [   10.407769] workingset: timestamp_bits=46 max_order=18 bucket_order=0
[STDOUT  ] 2018-02-25T10:08:05.501575244Z: [   10.413661] squashfs: version 4.0 (2009/01/31) Phillip Lougher
[STDOUT  ] 2018-02-25T10:08:05.501599620Z: [   10.415815] FS-Cache: Netfs 'cifs' registered for caching
[STDOUT  ] 2018-02-25T10:08:05.501624142Z: [   10.416635] fuse init (API version 7.26)
[STDOUT  ] 2018-02-25T10:08:05.501648741Z: [   10.418587] SGI XFS with ACLs, security attributes, no debug enabled
[STDOUT  ] 2018-02-25T10:08:05.501671200Z: [   10.422592] 9p: Installing v9fs 9p2000 file system support
[STDOUT  ] 2018-02-25T10:08:05.501695706Z: [   10.423045] FS-Cache: Netfs '9p' registered for caching
[STDOUT  ] 2018-02-25T10:08:05.501720897Z: [   10.462076] NET: Registered protocol family 38
[STDOUT  ] 2018-02-25T10:08:05.501745988Z: [   10.462619] Key type asymmetric registered
[STDOUT  ] 2018-02-25T10:08:05.501769067Z: [   10.462941] Asymmetric key parser 'x509' registered
[STDOUT  ] 2018-02-25T10:08:05.501794624Z: [   10.463541] Block layer SCSI generic (bsg) driver version 0.4 loaded (major 248)
[STDOUT  ] 2018-02-25T10:08:05.501819086Z: [   10.464802] io scheduler noop registered
[STDOUT  ] 2018-02-25T10:08:05.501843208Z: [   10.465104] io scheduler deadline registered (default)
[STDOUT  ] 2018-02-25T10:08:05.501867604Z: [   10.465769] io scheduler cfq registered
[STDOUT  ] 2018-02-25T10:08:05.501893269Z: [   10.466042] io scheduler mq-deadline registered
[STDOUT  ] 2018-02-25T10:08:05.501917020Z: [   10.466334] io scheduler kyber registered
[STDOUT  ] 2018-02-25T10:08:05.502046355Z: [   10.469052] shpchp: Standard Hot Plug PCI Controller Driver version: 0.4
[STDOUT  ] 2018-02-25T10:08:05.502071445Z: [   10.469749] hv_vmbus: registering driver hyperv_fb
[STDOUT  ] 2018-02-25T10:08:05.502095051Z: [   10.473481] input: Power Button as /devices/LNXSYSTM:00/LNXPWRBN:00/input/input0
[STDOUT  ] 2018-02-25T10:08:05.502124472Z: [   10.475979] ACPI: Power Button [PWRF]
[STDOUT  ] 2018-02-25T10:08:05.502149485Z: [   10.492714] ACPI: PCI Interrupt Link [GSIG] enabled at IRQ 22
[STDOUT  ] 2018-02-25T10:08:05.502173434Z: [   10.504643] ACPI: PCI Interrupt Link [GSIH] enabled at IRQ 23
[STDOUT  ] 2018-02-25T10:08:05.502200174Z: [   10.509493] Serial: 8250/16550 driver, 4 ports, IRQ sharing disabled
[STDOUT  ] 2018-02-25T10:08:05.502225444Z: [   10.535769] 00:04: ttyS0 at I/O 0x3f8 (irq = 4, base_baud = 115200) is a 16550A
[STDOUT  ] 2018-02-25T10:08:05.502258273Z: [   10.544859] Non-volatile memory driver v1.3
[STDOUT  ] 2018-02-25T10:08:05.502282676Z: [   10.550850] Hangcheck: starting hangcheck timer 0.9.1 (tick is 180 seconds, margin is 60 seconds).
[STDOUT  ] 2018-02-25T10:08:05.502306247Z: [   10.561273] random: crng init done
[STDOUT  ] 2018-02-25T10:08:05.502337344Z: [   10.611969] brd: module loaded
[STDOUT  ] 2018-02-25T10:08:05.502371769Z: [   10.641769] loop: module loaded
[STDOUT  ] 2018-02-25T10:08:05.502394447Z: [   10.697468] lpc_ich 0000:00:1f.0: I/O space for GPIO uninitialized
[STDOUT  ] 2018-02-25T10:08:05.502418511Z: [   10.699542] VMware PVSCSI driver - version 1.0.7.0-k
[STDOUT  ] 2018-02-25T10:08:05.502442987Z: [   10.700333] hv_vmbus: registering driver hv_storvsc
[STDOUT  ] 2018-02-25T10:08:05.502474698Z: [   10.710425] ACPI: PCI Interrupt Link [GSIA] enabled at IRQ 16
[STDOUT  ] 2018-02-25T10:08:05.502498260Z: [   10.716214] ahci 0000:00:1f.2: AHCI 0001.0000 32 slots 6 ports 1.5 Gbps 0x3f impl SATA mode
[STDOUT  ] 2018-02-25T10:08:05.502522987Z: [   10.716850] ahci 0000:00:1f.2: flags: 64bit ncq only 
[STDOUT  ] 2018-02-25T10:08:05.502550817Z: [   10.732730] scsi host0: ahci
[STDOUT  ] 2018-02-25T10:08:05.502575103Z: [   10.736164] scsi host1: ahci
[STDOUT  ] 2018-02-25T10:08:05.502598633Z: [   10.738138] scsi host2: ahci
[STDOUT  ] 2018-02-25T10:08:05.502622612Z: [   10.740011] scsi host3: ahci
[STDOUT  ] 2018-02-25T10:08:05.502655506Z: [   10.741972] scsi host4: ahci
[STDOUT  ] 2018-02-25T10:08:05.502678408Z: [   10.743635] scsi host5: ahci
[STDOUT  ] 2018-02-25T10:08:05.502703128Z: [   10.744899] ata1: SATA max UDMA/133 abar m4096@0xfebd2000 port 0xfebd2100 irq 24
[STDOUT  ] 2018-02-25T10:08:05.502726967Z: [   10.745397] ata2: SATA max UDMA/133 abar m4096@0xfebd2000 port 0xfebd2180 irq 24
[STDOUT  ] 2018-02-25T10:08:05.502750590Z: [   10.745832] ata3: SATA max UDMA/133 abar m4096@0xfebd2000 port 0xfebd2200 irq 24
[STDOUT  ] 2018-02-25T10:08:05.502774695Z: [   10.746268] ata4: SATA max UDMA/133 abar m4096@0xfebd2000 port 0xfebd2280 irq 24
[STDOUT  ] 2018-02-25T10:08:05.502798929Z: [   10.746704] ata5: SATA max UDMA/133 abar m4096@0xfebd2000 port 0xfebd2300 irq 24
[STDOUT  ] 2018-02-25T10:08:05.502822426Z: [   10.747149] ata6: SATA max UDMA/133 abar m4096@0xfebd2000 port 0xfebd2380 irq 24
[STDOUT  ] 2018-02-25T10:08:05.502847508Z: [   10.758875] tun: Universal TUN/TAP device driver, 1.6
[STDOUT  ] 2018-02-25T10:08:05.502871608Z: [   10.769286] VMware vmxnet3 virtual NIC driver - version 1.4.a.0-k-NAPI
[STDOUT  ] 2018-02-25T10:08:05.502896826Z: [   10.770028] hv_vmbus: registering driver hv_netvsc
[STDOUT  ] 2018-02-25T10:08:05.502921383Z: [   10.770521] Fusion MPT base driver 3.04.20
[STDOUT  ] 2018-02-25T10:08:05.502944876Z: [   10.770735] Copyright (c) 1999-2008 LSI Corporation
[STDOUT  ] 2018-02-25T10:08:05.502968354Z: [   10.771266] Fusion MPT SPI Host driver 3.04.20
[STDOUT  ] 2018-02-25T10:08:05.502993943Z: [   10.773093] i8042: PNP: PS/2 Controller [PNP0303:KBD,PNP0f13:MOU] at 0x60,0x64 irq 1,12
[STDOUT  ] 2018-02-25T10:08:05.503017737Z: [   10.777038] serio: i8042 KBD port at 0x60,0x64 irq 1
[STDOUT  ] 2018-02-25T10:08:05.503041626Z: [   10.777551] serio: i8042 AUX port at 0x60,0x64 irq 12
[STDOUT  ] 2018-02-25T10:08:05.503066377Z: [   10.779870] hv_vmbus: registering driver hyperv_keyboard
[STDOUT  ] 2018-02-25T10:08:05.503091566Z: [   10.781960] mousedev: PS/2 mouse device common for all mice
[STDOUT  ] 2018-02-25T10:08:05.503115607Z: [   10.786035] input: AT Translated Set 2 keyboard as /devices/platform/i8042/serio0/input/input1
[STDOUT  ] 2018-02-25T10:08:05.503150805Z: [   10.788307] input: PC Speaker as /devices/platform/pcspkr/input/input2
[STDOUT  ] 2018-02-25T10:08:05.503176700Z: [   10.792177] rtc_cmos 00:00: RTC can wake from S4
[STDOUT  ] 2018-02-25T10:08:05.503199300Z: [   10.794912] rtc_cmos 00:00: rtc core: registered rtc_cmos as rtc0
[STDOUT  ] 2018-02-25T10:08:05.503223471Z: [   10.796061] rtc_cmos 00:00: alarms up to one day, y3k, 114 bytes nvram, hpet irqs
[STDOUT  ] 2018-02-25T10:08:05.503247350Z: [   10.796723] i2c /dev entries driver
[STDOUT  ] 2018-02-25T10:08:05.503271784Z: [   10.798458] device-mapper: ioctl: 4.37.0-ioctl (2017-09-20) initialised: dm-devel@redhat.com
[STDOUT  ] 2018-02-25T10:08:05.503295846Z: [   10.802744] usbcore: registered new interface driver usbhid
[STDOUT  ] 2018-02-25T10:08:05.503320154Z: [   10.803104] usbhid: USB HID core driver
[STDOUT  ] 2018-02-25T10:08:05.503343592Z: [   10.803794] hv_utils: Registering HyperV Utility Driver
[STDOUT  ] 2018-02-25T10:08:05.503367478Z: [   10.804121] hv_vmbus: registering driver hv_util
[STDOUT  ] 2018-02-25T10:08:05.503390836Z: [   10.804393] hv_vmbus: registering driver hv_balloon
[STDOUT  ] 2018-02-25T10:08:05.503418442Z: [   10.804819] oprofile: using NMI interrupt.
[STDOUT  ] 2018-02-25T10:08:05.503441728Z: [   10.805874] GACT probability on
[STDOUT  ] 2018-02-25T10:08:05.503464659Z: [   10.806222] Mirror/redirect action on
[STDOUT  ] 2018-02-25T10:08:05.503488954Z: [   10.806761] Simple TC action Loaded
