[INFO    ] 2017-11-17T16:12:23.202120385Z: Running Test linuxkit.packages.format_mount.multiple in /tmp/build/test/cases/040_packages/006_format_mount/010_multiple
[INFO    ] 2017-11-17T16:12:23.202212351Z: Running command: [/bin/sh -x /tmp/build/test/cases/040_packages/006_format_mount/010_multiple/test.sh]
[STDERR  ] 2017-11-17T16:12:23.244448839Z: + set -e
[STDERR  ] 2017-11-17T16:12:23.244533366Z: + . /tmp/build/test/cases/_lib/lib.sh
[STDERR  ] 2017-11-17T16:12:23.244543957Z: + [ -f src/github.com/linuxkit/rtf/lib/lib.sh ]
[STDERR  ] 2017-11-17T16:12:23.244550635Z: + LINUXKIT_TMPDIR=/tmp/build/test/cases/_tmp
[STDERR  ] 2017-11-17T16:12:23.244556789Z: + [ -f /tmp/build/test/cases/_tmp/env.sh ]
[STDERR  ] 2017-11-17T16:12:23.244563384Z: + . /tmp/build/test/cases/_tmp/env.sh
[STDERR  ] 2017-11-17T16:12:23.244569415Z: + export LINUXKIT_EXAMPLES_DIR=/tmp/build/test/cases/../../examples
[STDERR  ] 2017-11-17T16:12:23.244576285Z: + export LINUXKIT_BLUEPRINTS_DIR=/tmp/build/test/cases/../../blueprints
[STDERR  ] 2017-11-17T16:12:23.244582712Z: + RT_CANCEL=253
[STDERR  ] 2017-11-17T16:12:23.244588899Z: + NAME=test-format
[STDERR  ] 2017-11-17T16:12:23.244594743Z: + DISK1=disk1.img
[STDERR  ] 2017-11-17T16:12:23.244600664Z: + DISK2=disk2.img
[STDERR  ] 2017-11-17T16:12:23.244606528Z: + trap clean_up EXIT
[STDERR  ] 2017-11-17T16:12:23.244613253Z: + moby build -format kernel+initrd -name test-format test.yml
[STDERR  ] 2017-11-17T16:12:23.255496865Z: Extract kernel image: linuxkit/kernel:4.9.62
[STDERR  ] 2017-11-17T16:12:24.979569346Z: Add init containers:
[STDERR  ] 2017-11-17T16:12:24.97962323Z: Process init image: linuxkit/init:42a92119e1ca10380e0d33e26c0cbcf85b9b3558
[STDERR  ] 2017-11-17T16:12:26.257521411Z: Process init image: linuxkit/runc:1b0741d07949c0acc444cd6a04ee7f833443579d
[STDERR  ] 2017-11-17T16:12:27.46447983Z: Add onboot containers:
[STDERR  ] 2017-11-17T16:12:27.464530222Z:   Create OCI config for linuxkit/format:6b46d0450082f397177da36be6b4d74d93eacd1e
[STDERR  ] 2017-11-17T16:12:28.496623428Z: time="2017-11-17T16:12:28Z" level=warning msg="certificate with CN Rolf Neugebauer is near expiry" 
[STDERR  ] 2017-11-17T16:12:28.499001206Z: time="2017-11-17T16:12:28Z" level=warning msg="certificate with CN Rolf Neugebauer is near expiry" 
[STDERR  ] 2017-11-17T16:12:28.818919098Z:   Create OCI config for linuxkit/format:6b46d0450082f397177da36be6b4d74d93eacd1e
[STDERR  ] 2017-11-17T16:12:29.856110438Z: time="2017-11-17T16:12:29Z" level=warning msg="certificate with CN Rolf Neugebauer is near expiry" 
[STDERR  ] 2017-11-17T16:12:29.858516251Z: time="2017-11-17T16:12:29Z" level=warning msg="certificate with CN Rolf Neugebauer is near expiry" 
[STDERR  ] 2017-11-17T16:12:30.164263392Z:   Create OCI config for linuxkit/mount:41685ecc8039643948e5dff46e17584753469a7a
[STDERR  ] 2017-11-17T16:12:31.200358712Z: time="2017-11-17T16:12:31Z" level=warning msg="certificate with CN Rolf Neugebauer is near expiry" 
[STDERR  ] 2017-11-17T16:12:31.202491937Z: time="2017-11-17T16:12:31Z" level=warning msg="certificate with CN Rolf Neugebauer is near expiry" 
[STDERR  ] 2017-11-17T16:12:31.377021026Z:   Create OCI config for linuxkit/mount:41685ecc8039643948e5dff46e17584753469a7a
[STDERR  ] 2017-11-17T16:12:32.406945057Z: time="2017-11-17T16:12:32Z" level=warning msg="certificate with CN Rolf Neugebauer is near expiry" 
[STDERR  ] 2017-11-17T16:12:32.409514645Z: time="2017-11-17T16:12:32Z" level=warning msg="certificate with CN Rolf Neugebauer is near expiry" 
[STDERR  ] 2017-11-17T16:12:32.568991283Z:   Create OCI config for alpine:3.6
[STDERR  ] 2017-11-17T16:12:33.760329424Z:   Create OCI config for linuxkit/poweroff:280bd01daa8776fbe1f4d912977f1886b8374834
[STDERR  ] 2017-11-17T16:12:34.796925901Z: time="2017-11-17T16:12:34Z" level=warning msg="certificate with CN Rolf Neugebauer is near expiry" 
[STDERR  ] 2017-11-17T16:12:34.798380713Z: time="2017-11-17T16:12:34Z" level=warning msg="certificate with CN Rolf Neugebauer is near expiry" 
[STDERR  ] 2017-11-17T16:12:34.945926587Z: Add files:
[STDERR  ] 2017-11-17T16:12:34.946001507Z:   check.sh
[STDERR  ] 2017-11-17T16:12:34.994665781Z: Create outputs:
[STDERR  ] 2017-11-17T16:12:41.400234759Z:   test-format-kernel test-format-initrd.img test-format-cmdline
[STDERR  ] 2017-11-17T16:12:41.468684845Z: + linuxkit run -disk file=disk1.img,size=512M -disk file=disk2.img,size=512M test-format
[STDERR  ] 2017-11-17T16:12:41.490746826Z: Unable to find qemu-system-x86_64 within the $PATH. Using a container
[STDERR  ] 2017-11-17T16:13:12.743519943Z: main-loop: WARNING: I/O thread spun for 1000 iterations
[STDERR  ] 2017-11-17T16:13:37.996661295Z: + RESULT=[    0.000000] Linux version 4.9.62-linuxkit (root@71a3c458523b) (gcc version 6.3.0 (Alpine 6.3.0) ) #1 SMP Thu Nov 16 17:07:55 UTC 2017
[STDERR  ] 2017-11-17T16:13:37.996733637Z: [    0.000000] Command line: console=ttyS0
[STDERR  ] 2017-11-17T16:13:37.996751108Z: [    0.000000] x86/fpu: Legacy x87 FPU detected.
[STDERR  ] 2017-11-17T16:13:37.996771116Z: [    0.000000] x86/fpu: Using 'eager' FPU context switches.
[STDERR  ] 2017-11-17T16:13:37.996782544Z: [    0.000000] e820: BIOS-provided physical RAM map:
[STDERR  ] 2017-11-17T16:13:37.996793197Z: [    0.000000] BIOS-e820: [mem 0x0000000000000000-0x000000000009fbff] usable
[STDERR  ] 2017-11-17T16:13:37.996804197Z: [    0.000000] BIOS-e820: [mem 0x000000000009fc00-0x000000000009ffff] reserved
[STDERR  ] 2017-11-17T16:13:37.996813936Z: [    0.000000] BIOS-e820: [mem 0x00000000000f0000-0x00000000000fffff] reserved
[STDERR  ] 2017-11-17T16:13:37.996823986Z: [    0.000000] BIOS-e820: [mem 0x0000000000100000-0x000000003ffddfff] usable
[STDERR  ] 2017-11-17T16:13:37.996833692Z: [    0.000000] BIOS-e820: [mem 0x000000003ffde000-0x000000003fffffff] reserved
[STDERR  ] 2017-11-17T16:13:37.996842747Z: [    0.000000] BIOS-e820: [mem 0x00000000b0000000-0x00000000bfffffff] reserved
[STDERR  ] 2017-11-17T16:13:37.996865253Z: [    0.000000] BIOS-e820: [mem 0x00000000fed1c000-0x00000000fed1ffff] reserved
[STDERR  ] 2017-11-17T16:13:37.996873688Z: [    0.000000] BIOS-e820: [mem 0x00000000fffc0000-0x00000000ffffffff] reserved
[STDERR  ] 2017-11-17T16:13:37.996882391Z: [    0.000000] NX (Execute Disable) protection: active
[STDERR  ] 2017-11-17T16:13:37.996891245Z: [    0.000000] SMBIOS 2.8 present.
[STDERR  ] 2017-11-17T16:13:37.996900735Z: [    0.000000] e820: last_pfn = 0x3ffde max_arch_pfn = 0x400000000
[STDERR  ] 2017-11-17T16:13:37.996910042Z: [    0.000000] x86/PAT: Configuration [0-7]: WB  WC  UC- UC  WB  WC  UC- WT  
[STDERR  ] 2017-11-17T16:13:37.996918605Z: [    0.000000] found SMP MP-table at [mem 0x000f6aa0-0x000f6aaf] mapped at [ffff9ebfc00f6aa0]
[STDERR  ] 2017-11-17T16:13:37.996928469Z: [    0.000000] RAMDISK: [mem 0x3d9c7000-0x3ffcffff]
[STDERR  ] 2017-11-17T16:13:37.996936854Z: [    0.000000] ACPI: Early table checksum verification disabled
[STDERR  ] 2017-11-17T16:13:37.996945054Z: [    0.000000] ACPI: RSDP 0x00000000000F68C0 000014 (v00 BOCHS )
[STDERR  ] 2017-11-17T16:13:37.996953325Z: [    0.000000] ACPI: RSDT 0x000000003FFE2404 000034 (v01 BOCHS  BXPCRSDT 00000001 BXPC 00000001)
[STDERR  ] 2017-11-17T16:13:37.996979211Z: [    0.000000] ACPI: FACP 0x000000003FFE22A4 000074 (v01 BOCHS  BXPCFACP 00000001 BXPC 00000001)
[STDERR  ] 2017-11-17T16:13:37.99698871Z: [    0.000000] ACPI: DSDT 0x000000003FFE0040 002264 (v01 BOCHS  BXPCDSDT 00000001 BXPC 00000001)
[STDERR  ] 2017-11-17T16:13:37.996997894Z: [    0.000000] ACPI: FACS 0x000000003FFE0000 000040
[STDERR  ] 2017-11-17T16:13:37.997007016Z: [    0.000000] ACPI: APIC 0x000000003FFE2318 000078 (v01 BOCHS  BXPCAPIC 00000001 BXPC 00000001)
[STDERR  ] 2017-11-17T16:13:37.997015642Z: [    0.000000] ACPI: HPET 0x000000003FFE2390 000038 (v01 BOCHS  BXPCHPET 00000001 BXPC 00000001)
[STDERR  ] 2017-11-17T16:13:37.997024454Z: [    0.000000] ACPI: MCFG 0x000000003FFE23C8 00003C (v01 BOCHS  BXPCMCFG 00000001 BXPC 00000001)
[STDERR  ] 2017-11-17T16:13:37.997033722Z: [    0.000000] Zone ranges:
[STDERR  ] 2017-11-17T16:13:37.997044305Z: [    0.000000]   DMA      [mem 0x0000000000001000-0x0000000000ffffff]
[STDERR  ] 2017-11-17T16:13:37.99705457Z: [    0.000000]   DMA32    [mem 0x0000000001000000-0x000000003ffddfff]
[STDERR  ] 2017-11-17T16:13:37.997081404Z: [    0.000000]   Normal   empty
[STDERR  ] 2017-11-17T16:13:37.997094869Z: [    0.000000] Movable zone start for each node
[STDERR  ] 2017-11-17T16:13:37.997151031Z: [    0.000000] Early memory node ranges
[STDERR  ] 2017-11-17T16:13:37.99716721Z: [    0.000000]   node   0: [mem 0x0000000000001000-0x000000000009efff]
[STDERR  ] 2017-11-17T16:13:37.997176381Z: [    0.000000]   node   0: [mem 0x0000000000100000-0x000000003ffddfff]
[STDERR  ] 2017-11-17T16:13:37.997185308Z: [    0.000000] Initmem setup node 0 [mem 0x0000000000001000-0x000000003ffddfff]
[STDERR  ] 2017-11-17T16:13:37.997198418Z: [    0.000000] ACPI: PM-Timer IO Port: 0x608
[STDERR  ] 2017-11-17T16:13:37.997207414Z: [    0.000000] ACPI: LAPIC_NMI (acpi_id[0xff] dfl dfl lint[0x1])
[STDERR  ] 2017-11-17T16:13:37.997216744Z: [    0.000000] IOAPIC[0]: apic_id 0, version 32, address 0xfec00000, GSI 0-23
[STDERR  ] 2017-11-17T16:13:37.99722663Z: [    0.000000] ACPI: INT_SRC_OVR (bus 0 bus_irq 0 global_irq 2 dfl dfl)
[STDERR  ] 2017-11-17T16:13:37.997236461Z: [    0.000000] ACPI: INT_SRC_OVR (bus 0 bus_irq 5 global_irq 5 high level)
[STDERR  ] 2017-11-17T16:13:37.997245236Z: [    0.000000] ACPI: INT_SRC_OVR (bus 0 bus_irq 9 global_irq 9 high level)
[STDERR  ] 2017-11-17T16:13:37.997254079Z: [    0.000000] ACPI: INT_SRC_OVR (bus 0 bus_irq 10 global_irq 10 high level)
[STDERR  ] 2017-11-17T16:13:37.997262237Z: [    0.000000] ACPI: INT_SRC_OVR (bus 0 bus_irq 11 global_irq 11 high level)
[STDERR  ] 2017-11-17T16:13:37.997270776Z: [    0.000000] Using ACPI (MADT) for SMP configuration information
[STDERR  ] 2017-11-17T16:13:37.997279635Z: [    0.000000] ACPI: HPET id: 0x8086a201 base: 0xfed00000
[STDERR  ] 2017-11-17T16:13:37.99729383Z: [    0.000000] smpboot: Allowing 1 CPUs, 0 hotplug CPUs
[STDERR  ] 2017-11-17T16:13:37.997302784Z: [    0.000000] e820: [mem 0x40000000-0xafffffff] available for PCI devices
[STDERR  ] 2017-11-17T16:13:37.997312007Z: [    0.000000] Booting paravirtualized kernel on bare hardware
[STDERR  ] 2017-11-17T16:13:37.997323628Z: [    0.000000] clocksource: refined-jiffies: mask: 0xffffffff max_cycles: 0xffffffff, max_idle_ns: 19112604462750000 ns
[STDERR  ] 2017-11-17T16:13:37.997335439Z: [    0.000000] setup_percpu: NR_CPUS:128 nr_cpumask_bits:128 nr_cpu_ids:1 nr_node_ids:1
[STDERR  ] 2017-11-17T16:13:37.997346362Z: [    0.000000] percpu: Embedded 35 pages/cpu @ffff9ebffd600000 s105112 r8192 d30056 u2097152
[STDERR  ] 2017-11-17T16:13:37.997355084Z: [    0.000000] Built 1 zonelists in Zone order, mobility grouping on.  Total pages: 257895
[STDERR  ] 2017-11-17T16:13:37.997363737Z: [    0.000000] Kernel command line: console=ttyS0
[STDERR  ] 2017-11-17T16:13:37.99737293Z: [    0.000000] PID hash table entries: 4096 (order: 3, 32768 bytes)
[STDERR  ] 2017-11-17T16:13:37.997381841Z: [    0.000000] Dentry cache hash table entries: 131072 (order: 8, 1048576 bytes)
[STDERR  ] 2017-11-17T16:13:37.997391493Z: [    0.000000] Inode-cache hash table entries: 65536 (order: 7, 524288 bytes)
[STDERR  ] 2017-11-17T16:13:37.997400722Z: [    0.000000] Memory: 975220K/1048048K available (8049K kernel code, 1367K rwdata, 2700K rodata, 1380K init, 568K bss, 72828K reserved, 0K cma-reserved)
[STDERR  ] 2017-11-17T16:13:37.997414347Z: [    0.000000] Hierarchical RCU implementation.
[STDERR  ] 2017-11-17T16:13:37.997423048Z: [    0.000000] 	Build-time adjustment of leaf fanout to 64.
[STDERR  ] 2017-11-17T16:13:37.997431716Z: [    0.000000] 	RCU restricting CPUs from NR_CPUS=128 to nr_cpu_ids=1.
[STDERR  ] 2017-11-17T16:13:37.997440521Z: [    0.000000] RCU: Adjusting geometry for rcu_fanout_leaf=64, nr_cpu_ids=1
[STDERR  ] 2017-11-17T16:13:37.997449264Z: [    0.000000] NR_IRQS:8448 nr_irqs:256 16
[STDERR  ] 2017-11-17T16:13:37.997457828Z: [    0.000000] Console: colour VGA+ 80x25
[STDERR  ] 2017-11-17T16:13:37.997466088Z: [    0.000000] console [ttyS0] enabled
[STDERR  ] 2017-11-17T16:13:37.997475439Z: [    0.000000] clocksource: hpet: mask: 0xffffffff max_cycles: 0xffffffff, max_idle_ns: 19112604467 ns
[STDERR  ] 2017-11-17T16:13:37.997489133Z: [    0.000000] tsc: Fast TSC calibration using PIT
[STDERR  ] 2017-11-17T16:13:37.997497752Z: [    0.000000] tsc: Detected 2599.931 MHz processor
[STDERR  ] 2017-11-17T16:13:37.997506193Z: [    0.032297] Calibrating delay loop (skipped), value calculated using timer frequency.. 5199.86 BogoMIPS (lpj=25999310)
[STDERR  ] 2017-11-17T16:13:37.997514087Z: [    0.033543] pid_max: default: 32768 minimum: 301
[STDERR  ] 2017-11-17T16:13:37.997523036Z: [    0.034634] ACPI: Core revision 20160831
[STDERR  ] 2017-11-17T16:13:37.997531216Z: [    0.078277] ACPI: 1 ACPI AML tables successfully acquired and loaded
[STDERR  ] 2017-11-17T16:13:37.997539287Z: [    0.083239] Security Framework initialized
[STDERR  ] 2017-11-17T16:13:37.997547675Z: [    0.083714] Yama: becoming mindful.
[STDERR  ] 2017-11-17T16:13:37.99755747Z: [    0.085956] Mount-cache hash table entries: 2048 (order: 2, 16384 bytes)
[STDERR  ] 2017-11-17T16:13:37.997566998Z: [    0.086515] Mountpoint-cache hash table entries: 2048 (order: 2, 16384 bytes)
[STDERR  ] 2017-11-17T16:13:37.997575081Z: [    0.107302] Last level iTLB entries: 4KB 0, 2MB 0, 4MB 0
[STDERR  ] 2017-11-17T16:13:37.997582859Z: [    0.107836] Last level dTLB entries: 4KB 0, 2MB 0, 4MB 0, 1GB 0
[STDERR  ] 2017-11-17T16:13:37.997591368Z: [    0.411923] Freeing SMP alternatives memory: 20K
[STDERR  ] 2017-11-17T16:13:37.997606569Z: [    0.422832] ftrace: allocating 35542 entries in 139 pages
[STDERR  ] 2017-11-17T16:13:37.997622172Z: [    0.576483] smpboot: Max logical packages: 1
[STDERR  ] 2017-11-17T16:13:37.997631071Z: [    0.584641] ..TIMER: vector=0x30 apic1=0 pin1=2 apic2=-1 pin2=-1
[STDERR  ] 2017-11-17T16:13:37.99764019Z: [    0.690000] smpboot: CPU0: AMD QEMU Virtual CPU version 2.5+ (family: 0x6, model: 0x6, stepping: 0x3)
[STDERR  ] 2017-11-17T16:13:37.997653763Z: [    0.690000] Performance Events: PMU not available due to virtualization, using software events only.
[STDERR  ] 2017-11-17T16:13:37.997662938Z: [    0.699332] NMI watchdog: disabled (cpu0): hardware events not enabled
[STDERR  ] 2017-11-17T16:13:37.997672347Z: [    0.700136] NMI watchdog: Shutting down hard lockup detector on all cpus
[STDERR  ] 2017-11-17T16:13:37.997680858Z: [    0.703839] x86: Booted up 1 node, 1 CPUs
[STDERR  ] 2017-11-17T16:13:37.997690594Z: [    0.704277] smpboot: Total of 1 processors activated (5199.86 BogoMIPS)
[STDERR  ] 2017-11-17T16:13:37.997701205Z: [    0.719333] devtmpfs: initialized
[STDERR  ] 2017-11-17T16:13:37.997710115Z: [    0.725958] x86/mm: Memory block size: 128MB
[STDERR  ] 2017-11-17T16:13:37.997718415Z: [    0.789783] clocksource: jiffies: mask: 0xffffffff max_cycles: 0xffffffff, max_idle_ns: 19112604462750000 ns
[STDERR  ] 2017-11-17T16:13:37.997727532Z: [    0.790423] futex hash table entries: 256 (order: 2, 16384 bytes)
[STDERR  ] 2017-11-17T16:13:37.997738371Z: [    0.802284] NET: Registered protocol family 16
[STDERR  ] 2017-11-17T16:13:37.997747215Z: [    0.813870] cpuidle: using governor ladder
[STDERR  ] 2017-11-17T16:13:37.99775687Z: [    0.814404] cpuidle: using governor menu
[STDERR  ] 2017-11-17T16:13:37.997765233Z: [    0.815750] ACPI: bus type PCI registered
[STDERR  ] 2017-11-17T16:13:37.99777618Z: [    0.818978] PCI: MMCONFIG for domain 0000 [bus 00-ff] at [mem 0xb0000000-0xbfffffff] (base 0xb0000000)
[STDERR  ] 2017-11-17T16:13:37.99778564Z: [    0.819817] PCI: MMCONFIG at [mem 0xb0000000-0xbfffffff] reserved in E820
[STDERR  ] 2017-11-17T16:13:37.997795427Z: [    0.821597] PCI: Using configuration type 1 for base access
[STDERR  ] 2017-11-17T16:13:37.997804947Z: [    0.876622] HugeTLB registered 2 MB page size, pre-allocated 0 pages
[STDERR  ] 2017-11-17T16:13:37.997813273Z: [    0.888822] ACPI: Added _OSI(Module Device)
[STDERR  ] 2017-11-17T16:13:37.997822841Z: [    0.889184] ACPI: Added _OSI(Processor Device)
[STDERR  ] 2017-11-17T16:13:37.997832809Z: [    0.889417] ACPI: Added _OSI(3.0 _SCP Extensions)
[STDERR  ] 2017-11-17T16:13:37.997841395Z: [    0.889712] ACPI: Added _OSI(Processor Aggregator Device)
[STDERR  ] 2017-11-17T16:13:37.997853375Z: [    0.967063] ACPI: Interpreter enabled
[STDERR  ] 2017-11-17T16:13:37.997863012Z: [    0.968087] ACPI: (supports S0 S5)
[STDERR  ] 2017-11-17T16:13:37.997872198Z: [    0.968407] ACPI: Using IOAPIC for interrupt routing
[STDERR  ] 2017-11-17T16:13:37.997882319Z: [    0.971409] PCI: Using host bridge windows from ACPI; if necessary, use "pci=nocrs" and report a bug
[STDERR  ] 2017-11-17T16:13:37.997894166Z: [    1.039498] ACPI: PCI Root Bridge [PCI0] (domain 0000 [bus 00-ff])
[STDERR  ] 2017-11-17T16:13:37.997904586Z: [    1.040841] acpi PNP0A08:00: _OSC: OS supports [ExtendedConfig ASPM ClockPM Segments MSI]
[STDERR  ] 2017-11-17T16:13:37.99791376Z: [    1.047386] acpi PNP0A08:00: _OSC: OS now controls [PCIeHotplug PME PCIeCapability]
[STDERR  ] 2017-11-17T16:13:37.997922347Z: [    1.051611] PCI host bridge to bus 0000:00
[STDERR  ] 2017-11-17T16:13:37.997931161Z: [    1.052102] pci_bus 0000:00: root bus resource [io  0x0000-0x0cf7 window]
[STDERR  ] 2017-11-17T16:13:37.997939961Z: [    1.052535] pci_bus 0000:00: root bus resource [io  0x0d00-0xffff window]
[STDERR  ] 2017-11-17T16:13:37.997948717Z: [    1.053015] pci_bus 0000:00: root bus resource [mem 0x000a0000-0x000bffff window]
[STDERR  ] 2017-11-17T16:13:37.997957361Z: [    1.053453] pci_bus 0000:00: root bus resource [mem 0xc0000000-0xfebfffff window]
[STDERR  ] 2017-11-17T16:13:37.99796616Z: [    1.054055] pci_bus 0000:00: root bus resource [bus 00-ff]
[STDERR  ] 2017-11-17T16:13:37.997975228Z: [    1.196835] pci 0000:00:1f.0: quirk: [io  0x0600-0x067f] claimed by ICH6 ACPI/GPIO/TCO
[STDERR  ] 2017-11-17T16:13:37.997984768Z: [    1.281041] ACPI: PCI Interrupt Link [LNKA] (IRQs 5 *10 11)
[STDERR  ] 2017-11-17T16:13:37.997993749Z: [    1.283819] ACPI: PCI Interrupt Link [LNKB] (IRQs 5 *10 11)
[STDERR  ] 2017-11-17T16:13:37.998006433Z: [    1.286245] ACPI: PCI Interrupt Link [LNKC] (IRQs 5 10 *11)
[STDERR  ] 2017-11-17T16:13:37.998014894Z: [    1.288099] ACPI: PCI Interrupt Link [LNKD] (IRQs 5 10 *11)
[STDERR  ] 2017-11-17T16:13:37.998023266Z: [    1.290657] ACPI: PCI Interrupt Link [LNKE] (IRQs 5 *10 11)
[STDERR  ] 2017-11-17T16:13:37.998031698Z: [    1.292540] ACPI: PCI Interrupt Link [LNKF] (IRQs 5 *10 11)
[STDERR  ] 2017-11-17T16:13:37.998040632Z: [    1.294360] ACPI: PCI Interrupt Link [LNKG] (IRQs 5 10 *11)
[STDERR  ] 2017-11-17T16:13:37.998050279Z: [    1.296626] ACPI: PCI Interrupt Link [LNKH] (IRQs 5 10 *11)
[STDERR  ] 2017-11-17T16:13:37.998058912Z: [    1.297605] ACPI: PCI Interrupt Link [GSIA] (IRQs *16)
[STDERR  ] 2017-11-17T16:13:37.99808448Z: [    1.298327] ACPI: PCI Interrupt Link [GSIB] (IRQs *17)
[STDERR  ] 2017-11-17T16:13:37.998092563Z: [    1.299019] ACPI: PCI Interrupt Link [GSIC] (IRQs *18)
[STDERR  ] 2017-11-17T16:13:37.998108631Z: [    1.299714] ACPI: PCI Interrupt Link [GSID] (IRQs *19)
[STDERR  ] 2017-11-17T16:13:37.998119123Z: [    1.300728] ACPI: PCI Interrupt Link [GSIE] (IRQs *20)
[STDERR  ] 2017-11-17T16:13:37.998127854Z: [    1.301543] ACPI: PCI Interrupt Link [GSIF] (IRQs *21)
[STDERR  ] 2017-11-17T16:13:37.998136501Z: [    1.302221] ACPI: PCI Interrupt Link [GSIG] (IRQs *22)
[STDERR  ] 2017-11-17T16:13:37.998144241Z: [    1.302981] ACPI: PCI Interrupt Link [GSIH] (IRQs *23)
[STDERR  ] 2017-11-17T16:13:37.998152319Z: [    1.307900] ACPI: Enabled 2 GPEs in block 00 to 3F
[STDERR  ] 2017-11-17T16:13:37.998160408Z: [    1.312717] SCSI subsystem initialized
[STDERR  ] 2017-11-17T16:13:37.998168226Z: [    1.314891] ACPI: bus type USB registered
[STDERR  ] 2017-11-17T16:13:37.99817668Z: [    1.316031] usbcore: registered new interface driver usbfs
[STDERR  ] 2017-11-17T16:13:37.998184435Z: [    1.316968] usbcore: registered new interface driver hub
[STDERR  ] 2017-11-17T16:13:37.99819243Z: [    1.317822] usbcore: registered new device driver usb
[STDERR  ] 2017-11-17T16:13:37.998200178Z: [    1.319076] pps_core: LinuxPPS API ver. 1 registered
[STDERR  ] 2017-11-17T16:13:37.998209722Z: [    1.319416] pps_core: Software ver. 5.3.6 - Copyright 2005-2007 Rodolfo Giometti <giometti@linux.it>
[STDERR  ] 2017-11-17T16:13:37.998221781Z: [    1.320241] PTP clock support registered
[STDERR  ] 2017-11-17T16:13:37.998229637Z: [    1.321430] wmi: Mapper loaded
[STDERR  ] 2017-11-17T16:13:37.998238565Z: [    1.322707] PCI: Using ACPI for IRQ routing
[STDERR  ] 2017-11-17T16:13:37.998247199Z: [    1.343154] NetLabel: Initializing
[STDERR  ] 2017-11-17T16:13:37.998255745Z: [    1.343376] NetLabel:  domain hash size = 128
[STDERR  ] 2017-11-17T16:13:37.998263951Z: [    1.343677] NetLabel:  protocols = UNLABELED CIPSOv4
[STDERR  ] 2017-11-17T16:13:37.998272906Z: [    1.346373] NetLabel:  unlabeled traffic allowed by default
[STDERR  ] 2017-11-17T16:13:37.998281984Z: [    1.347587] HPET: 3 timers in total, 0 timers will be used for per-cpu timer
[STDERR  ] 2017-11-17T16:13:37.998290585Z: [    1.348432] hpet0: at MMIO 0xfed00000, IRQs 2, 8, 0
[STDERR  ] 2017-11-17T16:13:37.998300432Z: [    1.348891] hpet0: 3 comparators, 64-bit 100.000000 MHz counter
[STDERR  ] 2017-11-17T16:13:37.998310663Z: [    1.354778] clocksource: Switched to clocksource hpet
[STDERR  ] 2017-11-17T16:13:37.998318528Z: [    1.629699] VFS: Disk quotas dquot_6.6.0
[STDERR  ] 2017-11-17T16:13:37.998327188Z: [    1.630846] VFS: Dquot-cache hash table entries: 512 (order 0, 4096 bytes)
[STDERR  ] 2017-11-17T16:13:37.998336209Z: [    1.634634] FS-Cache: Loaded
[STDERR  ] 2017-11-17T16:13:37.99834548Z: [    1.640131] CacheFiles: Loaded
[STDERR  ] 2017-11-17T16:13:37.998355522Z: [    1.642092] pnp: PnP ACPI init
[STDERR  ] 2017-11-17T16:13:37.998364363Z: [    1.653706] pnp: PnP ACPI: found 5 devices
[STDERR  ] 2017-11-17T16:13:37.998372955Z: [    1.702748] clocksource: acpi_pm: mask: 0xffffff max_cycles: 0xffffff, max_idle_ns: 2085701024 ns
[STDERR  ] 2017-11-17T16:13:37.998385848Z: [    1.706801] NET: Registered protocol family 2
[STDERR  ] 2017-11-17T16:13:37.998394768Z: [    1.715088] TCP established hash table entries: 8192 (order: 4, 65536 bytes)
[STDERR  ] 2017-11-17T16:13:37.998403564Z: [    1.715944] TCP bind hash table entries: 8192 (order: 5, 131072 bytes)
[STDERR  ] 2017-11-17T16:13:37.998412071Z: [    1.716634] TCP: Hash tables configured (established 8192 bind 8192)
[STDERR  ] 2017-11-17T16:13:37.998420559Z: [    1.718677] UDP hash table entries: 512 (order: 2, 16384 bytes)
[STDERR  ] 2017-11-17T16:13:37.998429666Z: [    1.719233] UDP-Lite hash table entries: 512 (order: 2, 16384 bytes)
[STDERR  ] 2017-11-17T16:13:37.998441087Z: [    1.722043] NET: Registered protocol family 1
[STDERR  ] 2017-11-17T16:13:37.998449655Z: [    1.723090] pci 0000:00:01.0: Video device with shadowed ROM at [mem 0x000c0000-0x000dffff]
[STDERR  ] 2017-11-17T16:13:37.998458746Z: [    1.732165] Unpacking initramfs...
[STDERR  ] 2017-11-17T16:13:37.998468341Z: [    7.970543] Freeing initrd memory: 38948K
[STDERR  ] 2017-11-17T16:13:37.998477404Z: [    7.994351] PCLMULQDQ-NI instructions are not detected.
[STDERR  ] 2017-11-17T16:13:37.998487109Z: [    7.995835] AVX or AES-NI instructions are not detected.
[STDERR  ] 2017-11-17T16:13:37.998496108Z: [    7.996313] CPU feature 'AVX registers' is not supported.
[STDERR  ] 2017-11-17T16:13:37.99850753Z: [    7.996788] CPU feature 'AVX registers' is not supported.
[STDERR  ] 2017-11-17T16:13:37.998516289Z: [    7.997181] CPU feature 'AVX registers' is not supported.
[STDERR  ] 2017-11-17T16:13:37.998524837Z: [    7.997534] CPU feature 'AVX registers' is not supported.
[STDERR  ] 2017-11-17T16:13:37.998533542Z: [    7.997921] AVX2 or AES-NI instructions are not detected.
[STDERR  ] 2017-11-17T16:13:37.998542049Z: [    7.998284] AVX2 instructions are not detected.
[STDERR  ] 2017-11-17T16:13:37.998550721Z: [    8.004556] audit: initializing netlink subsys (disabled)
[STDERR  ] 2017-11-17T16:13:37.998559249Z: [    8.006415] audit: type=2000 audit(1510935172.000:1): initialized
[STDERR  ] 2017-11-17T16:13:37.998567769Z: [    8.015213] workingset: timestamp_bits=46 max_order=18 bucket_order=0
[STDERR  ] 2017-11-17T16:13:37.998579081Z: [    8.023319] squashfs: version 4.0 (2009/01/31) Phillip Lougher
[STDERR  ] 2017-11-17T16:13:37.998597288Z: [    8.025820] FS-Cache: Netfs 'cifs' registered for caching
[STDERR  ] 2017-11-17T16:13:37.998609505Z: [    8.026954] fuse init (API version 7.26)
[STDERR  ] 2017-11-17T16:13:37.998618501Z: [    8.029375] SGI XFS with ACLs, security attributes, no debug enabled
[STDERR  ] 2017-11-17T16:13:37.998627477Z: [    8.035243] 9p: Installing v9fs 9p2000 file system support
[STDERR  ] 2017-11-17T16:13:37.998635947Z: [    8.035880] FS-Cache: Netfs '9p' registered for caching
[STDERR  ] 2017-11-17T16:13:37.998644615Z: [    8.066084] NET: Registered protocol family 38
[STDERR  ] 2017-11-17T16:13:37.998652988Z: [    8.066677] Key type asymmetric registered
[STDERR  ] 2017-11-17T16:13:37.998661513Z: [    8.067018] Asymmetric key parser 'x509' registered
[STDERR  ] 2017-11-17T16:13:37.998669908Z: [    8.068102] Block layer SCSI generic (bsg) driver version 0.4 loaded (major 251)
[STDERR  ] 2017-11-17T16:13:37.998678437Z: [    8.069636] io scheduler noop registered
[STDERR  ] 2017-11-17T16:13:37.998689134Z: [    8.070030] io scheduler deadline registered (default)
[STDERR  ] 2017-11-17T16:13:37.998698327Z: [    8.072278] io scheduler cfq registered
[STDERR  ] 2017-11-17T16:13:37.998706622Z: [    8.075114] pci_hotplug: PCI Hot Plug PCI Core version: 0.5
[STDERR  ] 2017-11-17T16:13:37.998715158Z: [    8.075780] pciehp: PCI Express Hot Plug Controller Driver version: 0.4
[STDERR  ] 2017-11-17T16:13:37.998723516Z: [    8.076638] shpchp: Standard Hot Plug PCI Controller Driver version: 0.4
[STDERR  ] 2017-11-17T16:13:37.998732032Z: [    8.077461] hv_vmbus: registering driver hyperv_fb
[STDERR  ] 2017-11-17T16:13:37.998740515Z: [    8.082378] input: Power Button as /devices/LNXSYSTM:00/LNXPWRBN:00/input/input0
[STDERR  ] 2017-11-17T16:13:37.998753188Z: [    8.083594] ACPI: Power Button [PWRF]
[STDERR  ] 2017-11-17T16:13:37.998761544Z: [    8.088574] GHES: HEST is not enabled!
[STDERR  ] 2017-11-17T16:13:37.998771178Z: [    8.100439] ACPI: PCI Interrupt Link [GSIG] enabled at IRQ 22
[STDERR  ] 2017-11-17T16:13:37.998780784Z: [    8.115378] ACPI: PCI Interrupt Link [GSIH] enabled at IRQ 23
[STDERR  ] 2017-11-17T16:13:37.998789586Z: [    8.124873] xenfs: not registering filesystem on non-xen platform
[STDERR  ] 2017-11-17T16:13:37.998798438Z: [    8.127089] Serial: 8250/16550 driver, 4 ports, IRQ sharing disabled
[STDERR  ] 2017-11-17T16:13:37.998807237Z: [    8.151251] 00:04: ttyS0 at I/O 0x3f8 (irq = 4, base_baud = 115200) is a 16550A
[STDERR  ] 2017-11-17T16:13:37.998815568Z: [    8.163757] Non-volatile memory driver v1.3
[STDERR  ] 2017-11-17T16:13:37.998827014Z: [    8.171925] Hangcheck: starting hangcheck timer 0.9.1 (tick is 180 seconds, margin is 60 seconds).
[STDERR  ] 2017-11-17T16:13:37.99884378Z: [    8.177382] random: fast init done
[STDERR  ] 2017-11-17T16:13:37.998852287Z: [    8.178734] random: crng init done
[STDERR  ] 2017-11-17T16:13:37.998866746Z: [    8.214682] loop: module loaded
[STDERR  ] 2017-11-17T16:13:37.998875323Z: [    8.229898] nbd: registered device at major 43
[STDERR  ] 2017-11-17T16:13:37.998883486Z: [    8.275527] lpc_ich 0000:00:1f.0: I/O space for GPIO uninitialized
[STDERR  ] 2017-11-17T16:13:37.998892704Z: [    8.277852] VMware PVSCSI driver - version 1.0.7.0-k
[STDERR  ] 2017-11-17T16:13:37.998901462Z: [    8.278739] hv_vmbus: registering driver hv_storvsc
[STDERR  ] 2017-11-17T16:13:37.998910644Z: [    8.290683] ACPI: PCI Interrupt Link [GSIA] enabled at IRQ 16
[STDERR  ] 2017-11-17T16:13:37.998919174Z: [    8.298908] ahci 0000:00:1f.2: AHCI 0001.0000 32 slots 6 ports 1.5 Gbps 0x3f impl SATA mode
[STDERR  ] 2017-11-17T16:13:37.998928494Z: [    8.299654] ahci 0000:00:1f.2: flags: 64bit ncq only 
[STDERR  ] 2017-11-17T16:13:37.998937121Z: [    8.319949] scsi host0: ahci
[STDERR  ] 2017-11-17T16:13:37.998946011Z: [    8.325518] scsi host1: ahci
[STDERR  ] 2017-11-17T16:13:37.998962999Z: [    8.328962] scsi host2: ahci
[STDERR  ] 2017-11-17T16:13:37.99897516Z: [    8.331936] scsi host3: ahci
[STDERR  ] 2017-11-17T16:13:37.998985695Z: [    8.334489] scsi host4: ahci
[STDERR  ] 2017-11-17T16:13:37.998991382Z: [    8.336767] scsi host5: ahci
[STDERR  ] 2017-11-17T16:13:37.999000913Z: [    8.338753] ata1: SATA max UDMA/133 abar m4096@0xfebd2000 port 0xfebd2100 irq 24
[STDERR  ] 2017-11-17T16:13:37.999007101Z: [    8.339286] ata2: SATA max UDMA/133 abar m4096@0xfebd2000 port 0xfebd2180 irq 24
[STDERR  ] 2017-11-17T16:13:37.999012997Z: [    8.339693] ata3: SATA max UDMA/133 abar m4096@0xfebd2000 port 0xfebd2200 irq 24
[STDERR  ] 2017-11-17T16:13:37.99901916Z: [    8.340491] ata4: SATA max UDMA/133 abar m4096@0xfebd2000 port 0xfebd2280 irq 24
[STDERR  ] 2017-11-17T16:13:37.999024784Z: [    8.340955] ata5: SATA max UDMA/133 abar m4096@0xfebd2000 port 0xfebd2300 irq 24
[STDERR  ] 2017-11-17T16:13:37.999030631Z: [    8.341389] ata6: SATA max UDMA/133 abar m4096@0xfebd2000 port 0xfebd2380 irq 24
[STDERR  ] 2017-11-17T16:13:37.999039565Z: [    8.355286] tun: Universal TUN/TAP device driver, 1.6
[STDERR  ] 2017-11-17T16:13:37.999045723Z: [    8.355732] tun: (C) 1999-2004 Max Krasnyansky <maxk@qualcomm.com>
[STDERR  ] 2017-11-17T16:13:37.999051738Z: [    8.367973] VMware vmxnet3 virtual NIC driver - version 1.4.a.0-k-NAPI
[STDERR  ] 2017-11-17T16:13:37.999057749Z: [    8.369013] hv_vmbus: registering driver hv_netvsc
[STDERR  ] 2017-11-17T16:13:37.999064587Z: [    8.369360] Fusion MPT base driver 3.04.20
[STDERR  ] 2017-11-17T16:13:37.999070455Z: [    8.369596] Copyright (c) 1999-2008 LSI Corporation
[STDERR  ] 2017-11-17T16:13:37.999076402Z: [    8.370641] Fusion MPT SPI Host driver 3.04.20
[STDERR  ] 2017-11-17T16:13:37.999082062Z: [    8.372842] i8042: PNP: PS/2 Controller [PNP0303:KBD,PNP0f13:MOU] at 0x60,0x64 irq 1,12
[STDERR  ] 2017-11-17T16:13:37.999088167Z: [    8.377168] serio: i8042 KBD port at 0x60,0x64 irq 1
[STDERR  ] 2017-11-17T16:13:37.999104381Z: [    8.377928] serio: i8042 AUX port at 0x60,0x64 irq 12
[STDERR  ] 2017-11-17T16:13:37.999110305Z: [    8.381396] hv_vmbus: registering driver hyperv_keyboard
[STDERR  ] 2017-11-17T16:13:37.999117073Z: [    8.383617] mousedev: PS/2 mouse device common for all mice
[STDERR  ] 2017-11-17T16:13:37.99912359Z: [    8.388984] input: AT Translated Set 2 keyboard as /devices/platform/i8042/serio0/input/input1
[STDERR  ] 2017-11-17T16:13:37.999129891Z: [    8.392080] input: PC Speaker as /devices/platform/pcspkr/input/input2
[STDERR  ] 2017-11-17T16:13:37.999135598Z: [    8.396735] rtc_cmos 00:00: RTC can wake from S4
[STDERR  ] 2017-11-17T16:13:37.999141343Z: [    8.400630] rtc_cmos 00:00: rtc core: registered rtc_cmos as rtc0
[STDERR  ] 2017-11-17T16:13:37.999147224Z: [    8.402274] rtc_cmos 00:00: alarms up to one day, y3k, 114 bytes nvram, hpet irqs
[STDERR  ] 2017-11-17T16:13:37.999153707Z: [    8.403131] i2c /dev entries driver
[STDERR  ] 2017-11-17T16:13:37.999159282Z: [    8.405486] device-mapper: ioctl: 4.35.0-ioctl (2016-06-23) initialised: dm-devel@redhat.com
[STDERR  ] 2017-11-17T16:13:37.999165253Z: [    8.410781] usbcore: registered new interface driver usbhid
[STDERR  ] 2017-11-17T16:13:37.999170827Z: [    8.411179] usbhid: USB HID core driver
[STDERR  ] 2017-11-17T16:13:37.999176508Z: [    8.411880] hv_utils: Registering HyperV Utility Driver
[STDERR  ] 2017-11-17T16:13:37.999182058Z: [    8.412259] hv_vmbus: registering driver hv_util
[STDERR  ] 2017-11-17T16:13:37.999189796Z: [    8.412540] hv_vmbus: registering driver hv_balloon
[STDERR  ] 2017-11-17T16:13:37.99919753Z: [    8.413072] oprofile: using NMI interrupt.
[STDERR  ] 2017-11-17T16:13:37.999205247Z: [    8.414244] GACT probability on
[STDERR  ] 2017-11-17T16:13:37.999212762Z: [    8.414701] Mirror/redirect action on
[STDERR  ] 2017-11-17T16:13:37.999219882Z: [    8.415632] Simple TC action Loaded
[STDERR  ] 2017-11-17T16:13:37.999227059Z: [    8.416255] u32 classifier
[STDERR  ] 2017-11-17T16:13:37.999235999Z: [    8.416503]     Performance counters on
[STDERR  ] 2017-11-17T16:13:37.999243481Z: [    8.416740]     input device check on
[STDERR  ] 2017-11-17T16:13:37.999251636Z: [    8.416992]     Actions configured
[STDERR  ] 2017-11-17T16:13:37.999259997Z: [    8.417866] Netfilter messages via NETLINK v0.30.
[STDERR  ] 2017-11-17T16:13:37.999275767Z: [    8.418559] nfnl_acct: registering with nfnetlink.
[STDERR  ] 2017-11-17T16:13:37.999290269Z: [    8.419911] nf_conntrack version 0.5.0 (8192 buckets, 32768 max)
[STDERR  ] 2017-11-17T16:13:37.99930011Z: [    8.423494] ctnetlink v0.93: registering with nfnetlink.
[STDERR  ] 2017-11-17T16:13:37.999309094Z: [    8.426842] nf_tables: (c) 2007-2009 Patrick McHardy <kaber@trash.net>
[STDERR  ] 2017-11-17T16:13:37.9993179Z: [    8.427762] nf_tables_compat: (c) 2012 Pablo Neira Ayuso <pablo@netfilter.org>
[STDERR  ] 2017-11-17T16:13:37.999326895Z: [    8.430795] xt_time: kernel timezone is -0000
[STDERR  ] 2017-11-17T16:13:37.999335774Z: [    8.431466] ip_set: protocol 6
[STDERR  ] 2017-11-17T16:13:37.999344253Z: [    8.432289] IPVS: Registered protocols (TCP, UDP, SCTP, AH, ESP)
[STDERR  ] 2017-11-17T16:13:37.999352669Z: [    8.432908] IPVS: Connection hash table configured (size=4096, memory=64Kbytes)
[STDERR  ] 2017-11-17T16:13:37.99936052Z: [    8.434837] IPVS: Creating netns size=2104 id=0
[STDERR  ] 2017-11-17T16:13:37.999368304Z: [    8.437523] IPVS: ipvs loaded.
[STDERR  ] 2017-11-17T16:13:37.999374913Z: [    8.437951] IPVS: [rr] scheduler registered.
[STDERR  ] 2017-11-17T16:13:37.999380924Z: [    8.438245] IPVS: [wrr] scheduler registered.
[STDERR  ] 2017-11-17T16:13:37.999386727Z: [    8.438508] IPVS: [lc] scheduler registered.
[STDERR  ] 2017-11-17T16:13:37.999392433Z: [    8.438775] IPVS: [wlc] scheduler registered.
[STDERR  ] 2017-11-17T16:13:37.99939842Z: [    8.439033] IPVS: [fo] scheduler registered.
[STDERR  ] 2017-11-17T16:13:37.999404161Z: [    8.439287] IPVS: [ovf] scheduler registered.
[STDERR  ] 2017-11-17T16:13:37.999409861Z: [    8.439718] IPVS: [lblc] scheduler registered.
[STDERR  ] 2017-11-17T16:13:37.999420611Z: [    8.440678] IPVS: [lblcr] scheduler registered.
[STDERR  ] 2017-11-17T16:13:37.999426536Z: [    8.441133] IPVS: [dh] scheduler registered.
[STDERR  ] 2017-11-17T16:13:37.999431959Z: [    8.441404] IPVS: [sh] scheduler registered.
[STDERR  ] 2017-11-17T16:13:37.999443053Z: [    8.441648] IPVS: [sed] scheduler registered.
[STDERR  ] 2017-11-17T16:13:37.999451373Z: [    8.441926] IPVS: [nq] scheduler registered.
[STDERR  ] 2017-11-17T16:13:37.999457111Z: [    8.442590] IPVS: ftp: loaded support on port[0] = 21
[STDERR  ] 2017-11-17T16:13:37.999463969Z: [    8.443534] ipip: IPv4 and MPLS over IPv4 tunneling driver
[STDERR  ] 2017-11-17T16:13:37.99946978Z: [    8.447743] gre: GRE over IPv4 demultiplexor driver
[STDERR  ] 2017-11-17T16:13:37.999475478Z: [    8.451160] ip_tables: (C) 2000-2006 Netfilter Core Team
[STDERR  ] 2017-11-17T16:13:37.99948097Z: [    8.454713] ipt_CLUSTERIP: ClusterIP Version 0.8 loaded successfully
[STDERR  ] 2017-11-17T16:13:37.999487187Z: [    8.455482] arp_tables: arp_tables: (C) 2002 David S. Miller
[STDERR  ] 2017-11-17T16:13:37.999492664Z: [    8.457935] NET: Registered protocol family 10
[STDERR  ] 2017-11-17T16:13:37.999498307Z: [    8.468046] ip6_tables: (C) 2000-2006 Netfilter Core Team
[STDERR  ] 2017-11-17T16:13:37.999506416Z: [    8.477464] NET: Registered protocol family 17
[STDERR  ] 2017-11-17T16:13:37.999511945Z: [    8.478560] Bridge firewalling registered
[STDERR  ] 2017-11-17T16:13:37.999517252Z: [    8.479141] Ebtables v2.0 registered
[STDERR  ] 2017-11-17T16:13:37.999523339Z: [    8.481569] 8021q: 802.1Q VLAN Support v1.8
[STDERR  ] 2017-11-17T16:13:37.999531366Z: [    8.483124] 9pnet: Installing 9P2000 support
[STDERR  ] 2017-11-17T16:13:37.999541942Z: [    8.485062] Key type dns_resolver registered
[STDERR  ] 2017-11-17T16:13:37.999547633Z: [    8.485981] microcode: AMD CPU family 0x6 not supported
[STDERR  ] 2017-11-17T16:13:37.999559247Z: [    8.489707] registered taskstats version 1
[STDERR  ] 2017-11-17T16:13:37.999567276Z: [    8.664612] Key type big_key registered
[STDERR  ] 2017-11-17T16:13:37.999574947Z: [    8.671960] ata2: SATA link up 1.5 Gbps (SStatus 113 SControl 300)
[STDERR  ] 2017-11-17T16:13:37.999583673Z: [    8.676809] ata2.00: ATA-7: QEMU HARDDISK, 2.5+, max UDMA/100
[STDERR  ] 2017-11-17T16:13:37.999596571Z: [    8.677240] ata2.00: 1048576 sectors, multi 16: LBA48 NCQ (depth 31/32)
[STDERR  ] 2017-11-17T16:13:37.999604767Z: [    8.677806] ata2.00: applying bridge limits
[STDERR  ] 2017-11-17T16:13:37.999613804Z: [    8.679310] ata1: SATA link up 1.5 Gbps (SStatus 113 SControl 300)
[STDERR  ] 2017-11-17T16:13:37.999621446Z: [    8.679875] ata1.00: ATA-7: QEMU HARDDISK, 2.5+, max UDMA/100
[STDERR  ] 2017-11-17T16:13:37.999627315Z: [    8.680619] ata1.00: 1048576 sectors, multi 16: LBA48 NCQ (depth 31/32)
[STDERR  ] 2017-11-17T16:13:37.999633274Z: [    8.680996] ata1.00: applying bridge limits
[STDERR  ] 2017-11-17T16:13:37.999641395Z: [    8.682169] ata1.00: configured for UDMA/100
[STDERR  ] 2017-11-17T16:13:37.999647062Z: [    8.684976] ata5: SATA link down (SStatus 0 SControl 300)
[STDERR  ] 2017-11-17T16:13:37.999653633Z: [    8.685715] ata3: SATA link up 1.5 Gbps (SStatus 113 SControl 300)
[STDERR  ] 2017-11-17T16:13:37.999659402Z: [    8.686621] ata3.00: ATAPI: QEMU DVD-ROM, 2.5+, max UDMA/100
[STDERR  ] 2017-11-17T16:13:37.999665273Z: [    8.687020] ata3.00: applying bridge limits
[STDERR  ] 2017-11-17T16:13:37.999670982Z: [    8.687657] ata3.00: configured for UDMA/100
[STDERR  ] 2017-11-17T16:13:37.999676647Z: [    8.689438] ata4: SATA link down (SStatus 0 SControl 300)
[STDERR  ] 2017-11-17T16:13:37.999682307Z: [    8.702265] ata6: SATA link down (SStatus 0 SControl 300)
[STDERR  ] 2017-11-17T16:13:37.999688111Z: [    8.713454] ata2.00: configured for UDMA/100
[STDERR  ] 2017-11-17T16:13:37.99969367Z: [    8.715578] scsi 0:0:0:0: Direct-Access     ATA      QEMU HARDDISK    2.5+ PQ: 0 ANSI: 5
[STDERR  ] 2017-11-17T16:13:37.999700166Z: [    8.734267] sd 0:0:0:0: [sda] 1048576 512-byte logical blocks: (537 MB/512 MiB)
[STDERR  ] 2017-11-17T16:13:37.999708994Z: [    8.736435] sd 0:0:0:0: Attached scsi generic sg0 type 0
[STDERR  ] 2017-11-17T16:13:37.999715849Z: [    8.740581] sd 0:0:0:0: [sda] Write Protect is off
[STDERR  ] 2017-11-17T16:13:37.999721981Z: [    8.743917] sd 0:0:0:0: [sda] Write cache: enabled, read cache: enabled, doesn't support DPO or FUA
[STDERR  ] 2017-11-17T16:13:37.999728352Z: [    8.746157] scsi 1:0:0:0: Direct-Access     ATA      QEMU HARDDISK    2.5+ PQ: 0 ANSI: 5
[STDERR  ] 2017-11-17T16:13:37.999734199Z: [    8.749699] sd 1:0:0:0: [sdb] 1048576 512-byte logical blocks: (537 MB/512 MiB)
[STDERR  ] 2017-11-17T16:13:37.999740064Z: [    8.755123] sd 1:0:0:0: [sdb] Write Protect is off
[STDERR  ] 2017-11-17T16:13:37.999751724Z: [    8.760826] sd 1:0:0:0: Attached scsi generic sg1 type 0
[STDERR  ] 2017-11-17T16:13:37.999761789Z: [    8.762025] sd 1:0:0:0: [sdb] Write cache: enabled, read cache: enabled, doesn't support DPO or FUA
[STDERR  ] 2017-11-17T16:13:37.999767359Z: [    8.769861] scsi 2:0:0:0: CD-ROM            QEMU     QEMU DVD-ROM     2.5+ PQ: 0 ANSI: 5
[STDERR  ] 2017-11-17T16:13:37.999777683Z: [    8.798202] sr 2:0:0:0: [sr0] scsi3-mmc drive: 4x/4x cd/rw xa/form2 tray
[STDERR  ] 2017-11-17T16:13:37.999784625Z: [    8.798945] cdrom: Uniform CD-ROM driver Revision: 3.20
[STDERR  ] 2017-11-17T16:13:37.99979062Z: [    8.816658] sd 1:0:0:0: [sdb] Attached SCSI disk
[STDERR  ] 2017-11-17T16:13:37.999796423Z: [    8.819477] sr 2:0:0:0: Attached scsi generic sg2 type 5
[STDERR  ] 2017-11-17T16:13:37.99980364Z: [    8.834113] sd 0:0:0:0: [sda] Attached SCSI disk
[STDERR  ] 2017-11-17T16:13:37.99981178Z: [    8.902860] Key type encrypted registered
[STDERR  ] 2017-11-17T16:13:37.999819128Z: [    8.908528] rtc_cmos 00:00: setting system clock to 2017-11-17 16:12:53 UTC (1510935173)
[STDERR  ] 2017-11-17T16:13:37.999824808Z: [    9.054538] Freeing unused kernel memory: 1380K
[STDERR  ] 2017-11-17T16:13:37.999831099Z: [    9.054949] Write protecting the kernel read-only data: 12288k
[STDERR  ] 2017-11-17T16:13:37.999836763Z: [    9.057320] tsc: Refined TSC clocksource calibration: 2599.948 MHz
[STDERR  ] 2017-11-17T16:13:37.999842371Z: [    9.057939] clocksource: tsc: mask: 0xffffffffffffffff max_cycles: 0x257a0b292e1, max_idle_ns: 440795262975 ns
[STDERR  ] 2017-11-17T16:13:37.999848124Z: [    9.063312] Freeing unused kernel memory: 128K
[STDERR  ] 2017-11-17T16:13:37.999856892Z: [    9.154100] Freeing unused kernel memory: 1396K
[STDERR  ] 2017-11-17T16:13:37.999862719Z: [   10.069911] clocksource: Switched to clocksource tsc
[STDERR  ] 2017-11-17T16:13:37.999868237Z: 
[STDERR  ] 2017-11-17T16:13:37.999874458Z: Welcome to LinuxKit
[STDERR  ] 2017-11-17T16:13:37.999880171Z: 
[STDERR  ] 2017-11-17T16:13:37.999885932Z:                         ##         .
[STDERR  ] 2017-11-17T16:13:37.99989198Z:                   ## ## ##        ==
[STDERR  ] 2017-11-17T16:13:37.999897568Z:                ## ## ## ## ##    ===
[STDERR  ] 2017-11-17T16:13:37.99990303Z:            /"""""""""""""""""\___/ ===
[STDERR  ] 2017-11-17T16:13:37.999908585Z:           {                       /  ===-
[STDERR  ] 2017-11-17T16:13:37.999914029Z:            \______ O           __/
[STDERR  ] 2017-11-17T16:13:37.999920472Z:              \    \         __/
[STDERR  ] 2017-11-17T16:13:37.999926649Z:               \____\_______/
[STDERR  ] 2017-11-17T16:13:37.999932137Z: 
[STDERR  ] 2017-11-17T16:13:37.999937606Z: [   23.883793] IPVS: Creating netns size=2104 id=1
[STDERR  ] 2017-11-17T16:13:37.999944972Z: [   23.886319] IPVS: ftp: loaded support on port[0] = 21
[STDERR  ] 2017-11-17T16:13:37.999950467Z: 2017/11/17 16:13:09 Creating partition on /dev/sda
[STDERR  ] 2017-11-17T16:13:37.99995617Z: [   25.252386]  sda:
[STDERR  ] 2017-11-17T16:13:37.999961735Z: [   25.332970]  sda:
[STDERR  ] 2017-11-17T16:13:37.999967341Z: [   25.366275]  sda: sda1
[STDERR  ] 2017-11-17T16:13:37.999972834Z: [   25.440710]  sda: sda1
[STDERR  ] 2017-11-17T16:13:37.999978328Z: 2017/11/17 16:13:11 Partition /dev/sda1 successfully created!
[STDERR  ] 2017-11-17T16:13:37.999987116Z: [   28.175372] IPVS: Creating netns size=2104 id=2
[STDERR  ] 2017-11-17T16:13:37.999995205Z: [   28.175921] IPVS: ftp: loaded support on port[0] = 21
[STDERR  ] 2017-11-17T16:13:38.000000866Z: 2017/11/17 16:13:13 /dev/sda has content. blkid returned: /dev/sda: PTUUID="5c669c1d" PTTYPE="dos"
[STDERR  ] 2017-11-17T16:13:38.000006583Z: 2017/11/17 16:13:13 Creating partition on /dev/sdb
[STDERR  ] 2017-11-17T16:13:38.000012075Z: [   29.709266]  sdb:
[STDERR  ] 2017-11-17T16:13:38.00001762Z: [   29.782953]  sdb:
[STDERR  ] 2017-11-17T16:13:38.000023561Z: [   29.815908]  sdb: sdb1
[STDERR  ] 2017-11-17T16:13:38.000028992Z: [   29.891160]  sdb: sdb1
[STDERR  ] 2017-11-17T16:13:38.000034589Z: 2017/11/17 16:13:16 Partition /dev/sdb1 successfully created!
[STDERR  ] 2017-11-17T16:13:38.000040276Z: [   32.561660] IPVS: Creating netns size=2104 id=3
[STDERR  ] 2017-11-17T16:13:38.00004582Z: [   32.562535] IPVS: ftp: loaded support on port[0] = 21
[STDERR  ] 2017-11-17T16:13:38.000051352Z: [   33.966030] EXT4-fs (sda1): couldn't mount as ext3 due to feature incompatibilities
[STDERR  ] 2017-11-17T16:13:38.000056967Z: [   33.974555] EXT4-fs (sda1): couldn't mount as ext2 due to feature incompatibilities
[STDERR  ] 2017-11-17T16:13:38.000062513Z: [   34.005200] EXT4-fs (sda1): mounted filesystem with ordered data mode. Opts: (null)
[STDERR  ] 2017-11-17T16:13:38.000068103Z: [   35.815536] IPVS: Creating netns size=2104 id=4
[STDERR  ] 2017-11-17T16:13:38.000073617Z: [   35.815825] IPVS: ftp: loaded support on port[0] = 21
[STDERR  ] 2017-11-17T16:13:38.000079093Z: [   37.191978] EXT4-fs (sdb1): couldn't mount as ext3 due to feature incompatibilities
[STDERR  ] 2017-11-17T16:13:38.000084703Z: [   37.199752] EXT4-fs (sdb1): couldn't mount as ext2 due to feature incompatibilities
[STDERR  ] 2017-11-17T16:13:38.00009194Z: [   37.215691] EXT4-fs (sdb1): mounted filesystem with ordered data mode. Opts: (null)
[STDERR  ] 2017-11-17T16:13:38.000102668Z: 2017/11/17 16:13:22 Failed to create "symlink ../../sda1 /dev/disk/by-uuid/acdd1e0e-cad2-4362-a173-0229643020b7: file exists": %!v(MISSING)
[STDERR  ] 2017-11-17T16:13:38.00011007Z: 2017/11/17 16:13:22 Failed to create "symlink ../../sdb1 /dev/disk/by-uuid/1ee19521-e60c-436a-94ed-23a734c49897: file exists": %!v(MISSING)
[STDERR  ] 2017-11-17T16:13:38.000115594Z: format_mount test suite PASSED
[STDERR  ] 2017-11-17T16:13:38.000124689Z: [   52.208351] sd 1:0:0:0: [sdb] Synchronizing SCSI cache
[STDERR  ] 2017-11-17T16:13:38.000130423Z: [   52.214779] sd 1:0:0:0: [sdb] Stopping disk
[STDERR  ] 2017-11-17T16:13:38.00013597Z: [   52.215462] sd 0:0:0:0: [sda] Synchronizing SCSI cache
[STDERR  ] 2017-11-17T16:13:38.000141518Z: [   52.216033] sd 0:0:0:0: [sda] Stopping disk
[STDERR  ] 2017-11-17T16:13:38.000147056Z: [   52.221561] ACPI: Preparing to enter system sleep state S5
[STDERR  ] 2017-11-17T16:13:38.000152712Z: [   52.224678] reboot: Power down
[STDERR  ] 2017-11-17T16:13:38.000158683Z: + echo [    0.000000] Linux version 4.9.62-linuxkit (root@71a3c458523b) (gcc version 6.3.0 (Alpine 6.3.0) ) #1 SMP Thu Nov 16 17:07:55 UTC 2017
[STDERR  ] 2017-11-17T16:13:38.000164272Z: [    0.000000] Command line: console=ttyS0
[STDERR  ] 2017-11-17T16:13:38.00016973Z: [    0.000000] x86/fpu: Legacy x87 FPU detected.
[STDERR  ] 2017-11-17T16:13:38.000175359Z: [    0.000000] x86/fpu: Using 'eager' FPU context switches.
[STDERR  ] 2017-11-17T16:13:38.000181112Z: [    0.000000] e820: BIOS-provided physical RAM map:
[STDERR  ] 2017-11-17T16:13:38.000186804Z: [    0.000000] BIOS-e820: [mem 0x0000000000000000-0x000000000009fbff] usable
[STDERR  ] 2017-11-17T16:13:38.000192426Z: [    0.000000] BIOS-e820: [mem 0x000000000009fc00-0x000000000009ffff] reserved
[STDERR  ] 2017-11-17T16:13:38.000198521Z: [    0.000000] BIOS-e820: [mem 0x00000000000f0000-0x00000000000fffff] reserved
[STDERR  ] 2017-11-17T16:13:38.000204512Z: [    0.000000] BIOS-e820: [mem 0x0000000000100000-0x000000003ffddfff] usable
[STDERR  ] 2017-11-17T16:13:38.000210123Z: [    0.000000] BIOS-e820: [mem 0x000000003ffde000-0x000000003fffffff] reserved
[STDERR  ] 2017-11-17T16:13:38.000218973Z: [    0.000000] BIOS-e820: [mem 0x00000000b0000000-0x00000000bfffffff] reserved
[STDERR  ] 2017-11-17T16:13:38.000225083Z: [    0.000000] BIOS-e820: [mem 0x00000000fed1c000-0x00000000fed1ffff] reserved
[STDERR  ] 2017-11-17T16:13:38.000231105Z: [    0.000000] BIOS-e820: [mem 0x00000000fffc0000-0x00000000ffffffff] reserved
[STDERR  ] 2017-11-17T16:13:38.000236712Z: [    0.000000] NX (Execute Disable) protection: active
[STDERR  ] 2017-11-17T16:13:38.000242283Z: [    0.000000] SMBIOS 2.8 present.
[STDERR  ] 2017-11-17T16:13:38.000247858Z: [    0.000000] e820: last_pfn = 0x3ffde max_arch_pfn = 0x400000000
[STDERR  ] 2017-11-17T16:13:38.000253432Z: [    0.000000] x86/PAT: Configuration [0-7]: WB  WC  UC- UC  WB  WC  UC- WT  
[STDERR  ] 2017-11-17T16:13:38.00025894Z: [    0.000000] found SMP MP-table at [mem 0x000f6aa0-0x000f6aaf] mapped at [ffff9ebfc00f6aa0]
[STDERR  ] 2017-11-17T16:13:38.000264547Z: [    0.000000] RAMDISK: [mem 0x3d9c7000-0x3ffcffff]
[STDERR  ] 2017-11-17T16:13:38.00027009Z: [    0.000000] ACPI: Early table checksum verification disabled
[STDERR  ] 2017-11-17T16:13:38.000275649Z: [    0.000000] ACPI: RSDP 0x00000000000F68C0 000014 (v00 BOCHS )
[STDERR  ] 2017-11-17T16:13:38.000282321Z: [    0.000000] ACPI: RSDT 0x000000003FFE2404 000034 (v01 BOCHS  BXPCRSDT 00000001 BXPC 00000001)
[STDERR  ] 2017-11-17T16:13:38.000287956Z: [    0.000000] ACPI: FACP 0x000000003FFE22A4 000074 (v01 BOCHS  BXPCFACP 00000001 BXPC 00000001)
[STDERR  ] 2017-11-17T16:13:38.000293608Z: [    0.000000] ACPI: DSDT 0x000000003FFE0040 002264 (v01 BOCHS  BXPCDSDT 00000001 BXPC 00000001)
[STDERR  ] 2017-11-17T16:13:38.000299128Z: [    0.000000] ACPI: FACS 0x000000003FFE0000 000040
[STDERR  ] 2017-11-17T16:13:38.000304645Z: [    0.000000] ACPI: APIC 0x000000003FFE2318 000078 (v01 BOCHS  BXPCAPIC 00000001 BXPC 00000001)
[STDERR  ] 2017-11-17T16:13:38.000312238Z: [    0.000000] ACPI: HPET 0x000000003FFE2390 000038 (v01 BOCHS  BXPCHPET 00000001 BXPC 00000001)
[STDERR  ] 2017-11-17T16:13:38.000317765Z: [    0.000000] ACPI: MCFG 0x000000003FFE23C8 00003C (v01 BOCHS  BXPCMCFG 00000001 BXPC 00000001)
[STDERR  ] 2017-11-17T16:13:38.00032339Z: [    0.000000] Zone ranges:
[STDERR  ] 2017-11-17T16:13:38.000331329Z: [    0.000000]   DMA      [mem 0x0000000000001000-0x0000000000ffffff]
[STDERR  ] 2017-11-17T16:13:38.000339586Z: [    0.000000]   DMA32    [mem 0x0000000001000000-0x000000003ffddfff]
[STDERR  ] 2017-11-17T16:13:38.000345294Z: [    0.000000]   Normal   empty
[STDERR  ] 2017-11-17T16:13:38.000350867Z: [    0.000000] Movable zone start for each node
[STDERR  ] 2017-11-17T16:13:38.00035638Z: [    0.000000] Early memory node ranges
[STDERR  ] 2017-11-17T16:13:38.000361903Z: [    0.000000]   node   0: [mem 0x0000000000001000-0x000000000009efff]
[STDERR  ] 2017-11-17T16:13:38.000367482Z: [    0.000000]   node   0: [mem 0x0000000000100000-0x000000003ffddfff]
[STDERR  ] 2017-11-17T16:13:38.000373037Z: [    0.000000] Initmem setup node 0 [mem 0x0000000000001000-0x000000003ffddfff]
[STDERR  ] 2017-11-17T16:13:38.000379447Z: [    0.000000] ACPI: PM-Timer IO Port: 0x608
[STDERR  ] 2017-11-17T16:13:38.00038514Z: [    0.000000] ACPI: LAPIC_NMI (acpi_id[0xff] dfl dfl lint[0x1])
[STDERR  ] 2017-11-17T16:13:38.000390847Z: [    0.000000] IOAPIC[0]: apic_id 0, version 32, address 0xfec00000, GSI 0-23
[STDERR  ] 2017-11-17T16:13:38.000396395Z: [    0.000000] ACPI: INT_SRC_OVR (bus 0 bus_irq 0 global_irq 2 dfl dfl)
[STDERR  ] 2017-11-17T16:13:38.000401964Z: [    0.000000] ACPI: INT_SRC_OVR (bus 0 bus_irq 5 global_irq 5 high level)
[STDERR  ] 2017-11-17T16:13:38.000409728Z: [    0.000000] ACPI: INT_SRC_OVR (bus 0 bus_irq 9 global_irq 9 high level)
[STDERR  ] 2017-11-17T16:13:38.000421428Z: [    0.000000] ACPI: INT_SRC_OVR (bus 0 bus_irq 10 global_irq 10 high level)
[STDERR  ] 2017-11-17T16:13:38.000426968Z: [    0.000000] ACPI: INT_SRC_OVR (bus 0 bus_irq 11 global_irq 11 high level)
[STDERR  ] 2017-11-17T16:13:38.000432507Z: [    0.000000] Using ACPI (MADT) for SMP configuration information
[STDERR  ] 2017-11-17T16:13:38.000441538Z: [    0.000000] ACPI: HPET id: 0x8086a201 base: 0xfed00000
[STDERR  ] 2017-11-17T16:13:38.000449154Z: [    0.000000] smpboot: Allowing 1 CPUs, 0 hotplug CPUs
[STDERR  ] 2017-11-17T16:13:38.000454768Z: [    0.000000] e820: [mem 0x40000000-0xafffffff] available for PCI devices
[STDERR  ] 2017-11-17T16:13:38.000460382Z: [    0.000000] Booting paravirtualized kernel on bare hardware
[STDERR  ] 2017-11-17T16:13:38.000466062Z: [    0.000000] clocksource: refined-jiffies: mask: 0xffffffff max_cycles: 0xffffffff, max_idle_ns: 19112604462750000 ns
[STDERR  ] 2017-11-17T16:13:38.000472218Z: [    0.000000] setup_percpu: NR_CPUS:128 nr_cpumask_bits:128 nr_cpu_ids:1 nr_node_ids:1
[STDERR  ] 2017-11-17T16:13:38.000477777Z: [    0.000000] percpu: Embedded 35 pages/cpu @ffff9ebffd600000 s105112 r8192 d30056 u2097152
[STDERR  ] 2017-11-17T16:13:38.000483437Z: [    0.000000] Built 1 zonelists in Zone order, mobility grouping on.  Total pages: 257895
[STDERR  ] 2017-11-17T16:13:38.000491947Z: [    0.000000] Kernel command line: console=ttyS0
[STDERR  ] 2017-11-17T16:13:38.000497474Z: [    0.000000] PID hash table entries: 4096 (order: 3, 32768 bytes)
[STDERR  ] 2017-11-17T16:13:38.000506057Z: [    0.000000] Dentry cache hash table entries: 131072 (order: 8, 1048576 bytes)
[STDERR  ] 2017-11-17T16:13:38.000511589Z: [    0.000000] Inode-cache hash table entries: 65536 (order: 7, 524288 bytes)
[STDERR  ] 2017-11-17T16:13:38.000517178Z: [    0.000000] Memory: 975220K/1048048K available (8049K kernel code, 1367K rwdata, 2700K rodata, 1380K init, 568K bss, 72828K reserved, 0K cma-reserved)
[STDERR  ] 2017-11-17T16:13:38.000529135Z: [    0.000000] Hierarchical RCU implementation.
[STDERR  ] 2017-11-17T16:13:38.000534848Z: [    0.000000] 	Build-time adjustment of leaf fanout to 64.
[STDERR  ] 2017-11-17T16:13:38.000540535Z: [    0.000000] 	RCU restricting CPUs from NR_CPUS=128 to nr_cpu_ids=1.
[STDERR  ] 2017-11-17T16:13:38.000546934Z: [    0.000000] RCU: Adjusting geometry for rcu_fanout_leaf=64, nr_cpu_ids=1
[STDERR  ] 2017-11-17T16:13:38.000552501Z: [    0.000000] NR_IRQS:8448 nr_irqs:256 16
[STDERR  ] 2017-11-17T16:13:38.000558015Z: [    0.000000] Console: colour VGA+ 80x25
[STDERR  ] 2017-11-17T16:13:38.000565407Z: [    0.000000] console [ttyS0] enabled
[STDERR  ] 2017-11-17T16:13:38.000570989Z: [    0.000000] clocksource: hpet: mask: 0xffffffff max_cycles: 0xffffffff, max_idle_ns: 19112604467 ns
[STDERR  ] 2017-11-17T16:13:38.000579849Z: [    0.000000] tsc: Fast TSC calibration using PIT
[STDERR  ] 2017-11-17T16:13:38.000585586Z: [    0.000000] tsc: Detected 2599.931 MHz processor
[STDERR  ] 2017-11-17T16:13:38.000591234Z: [    0.032297] Calibrating delay loop (skipped), value calculated using timer frequency.. 5199.86 BogoMIPS (lpj=25999310)
[STDERR  ] 2017-11-17T16:13:38.000596945Z: [    0.033543] pid_max: default: 32768 minimum: 301
[STDERR  ] 2017-11-17T16:13:38.000602549Z: [    0.034634] ACPI: Core revision 20160831
[STDERR  ] 2017-11-17T16:13:38.000608179Z: [    0.078277] ACPI: 1 ACPI AML tables successfully acquired and loaded
[STDERR  ] 2017-11-17T16:13:38.000613794Z: [    0.083239] Security Framework initialized
[STDERR  ] 2017-11-17T16:13:38.000619261Z: [    0.083714] Yama: becoming mindful.
[STDERR  ] 2017-11-17T16:13:38.000624744Z: [    0.085956] Mount-cache hash table entries: 2048 (order: 2, 16384 bytes)
[STDERR  ] 2017-11-17T16:13:38.00063054Z: [    0.086515] Mountpoint-cache hash table entries: 2048 (order: 2, 16384 bytes)
[STDERR  ] 2017-11-17T16:13:38.000636917Z: [    0.107302] Last level iTLB entries: 4KB 0, 2MB 0, 4MB 0
[STDERR  ] 2017-11-17T16:13:38.000642447Z: [    0.107836] Last level dTLB entries: 4KB 0, 2MB 0, 4MB 0, 1GB 0
[STDERR  ] 2017-11-17T16:13:38.00064944Z: [    0.411923] Freeing SMP alternatives memory: 20K
[STDERR  ] 2017-11-17T16:13:38.000656791Z: [    0.422832] ftrace: allocating 35542 entries in 139 pages
[STDERR  ] 2017-11-17T16:13:38.000664735Z: [    0.576483] smpboot: Max logical packages: 1
[STDERR  ] 2017-11-17T16:13:38.000673174Z: [    0.584641] ..TIMER: vector=0x30 apic1=0 pin1=2 apic2=-1 pin2=-1
[STDERR  ] 2017-11-17T16:13:38.000686261Z: [    0.690000] smpboot: CPU0: AMD QEMU Virtual CPU version 2.5+ (family: 0x6, model: 0x6, stepping: 0x3)
[STDERR  ] 2017-11-17T16:13:38.000697117Z: [    0.690000] Performance Events: PMU not available due to virtualization, using software events only.
[STDERR  ] 2017-11-17T16:13:38.00070473Z: [    0.699332] NMI watchdog: disabled (cpu0): hardware events not enabled
[STDERR  ] 2017-11-17T16:13:38.000713042Z: [    0.700136] NMI watchdog: Shutting down hard lockup detector on all cpus
[STDERR  ] 2017-11-17T16:13:38.000721379Z: [    0.703839] x86: Booted up 1 node, 1 CPUs
[STDERR  ] 2017-11-17T16:13:38.000728754Z: [    0.704277] smpboot: Total of 1 processors activated (5199.86 BogoMIPS)
[STDERR  ] 2017-11-17T16:13:38.00073613Z: [    0.719333] devtmpfs: initialized
[STDERR  ] 2017-11-17T16:13:38.000743356Z: [    0.725958] x86/mm: Memory block size: 128MB
[STDERR  ] 2017-11-17T16:13:38.00075059Z: [    0.789783] clocksource: jiffies: mask: 0xffffffff max_cycles: 0xffffffff, max_idle_ns: 19112604462750000 ns
[STDERR  ] 2017-11-17T16:13:38.000758192Z: [    0.790423] futex hash table entries: 256 (order: 2, 16384 bytes)
[STDERR  ] 2017-11-17T16:13:38.000769085Z: [    0.802284] NET: Registered protocol family 16
[STDERR  ] 2017-11-17T16:13:38.000777599Z: [    0.813870] cpuidle: using governor ladder
[STDERR  ] 2017-11-17T16:13:38.000785711Z: [    0.814404] cpuidle: using governor menu
[STDERR  ] 2017-11-17T16:13:38.000794203Z: [    0.815750] ACPI: bus type PCI registered
[STDERR  ] 2017-11-17T16:13:38.000802599Z: [    0.818978] PCI: MMCONFIG for domain 0000 [bus 00-ff] at [mem 0xb0000000-0xbfffffff] (base 0xb0000000)
[STDERR  ] 2017-11-17T16:13:38.000811445Z: [    0.819817] PCI: MMCONFIG at [mem 0xb0000000-0xbfffffff] reserved in E820
[STDERR  ] 2017-11-17T16:13:38.000820278Z: [    0.821597] PCI: Using configuration type 1 for base access
[STDERR  ] 2017-11-17T16:13:38.000828754Z: [    0.876622] HugeTLB registered 2 MB page size, pre-allocated 0 pages
[STDERR  ] 2017-11-17T16:13:38.000853474Z: [    0.888822] ACPI: Added _OSI(Module Device)
[STDERR  ] 2017-11-17T16:13:38.000861064Z: [    0.889184] ACPI: Added _OSI(Processor Device)
[STDERR  ] 2017-11-17T16:13:38.000867072Z: [    0.889417] ACPI: Added _OSI(3.0 _SCP Extensions)
[STDERR  ] 2017-11-17T16:13:38.000876663Z: [    0.889712] ACPI: Added _OSI(Processor Aggregator Device)
[STDERR  ] 2017-11-17T16:13:38.000883577Z: [    0.967063] ACPI: Interpreter enabled
[STDERR  ] 2017-11-17T16:13:38.000891654Z: [    0.968087] ACPI: (supports S0 S5)
[STDERR  ] 2017-11-17T16:13:38.000903642Z: [    0.968407] ACPI: Using IOAPIC for interrupt routing
[STDERR  ] 2017-11-17T16:13:38.000912997Z: [    0.971409] PCI: Using host bridge windows from ACPI; if necessary, use "pci=nocrs" and report a bug
[STDERR  ] 2017-11-17T16:13:38.000919242Z: [    1.039498] ACPI: PCI Root Bridge [PCI0] (domain 0000 [bus 00-ff])
[STDERR  ] 2017-11-17T16:13:38.000925424Z: [    1.040841] acpi PNP0A08:00: _OSC: OS supports [ExtendedConfig ASPM ClockPM Segments MSI]
[STDERR  ] 2017-11-17T16:13:38.000931553Z: [    1.047386] acpi PNP0A08:00: _OSC: OS now controls [PCIeHotplug PME PCIeCapability]
[STDERR  ] 2017-11-17T16:13:38.000937383Z: [    1.051611] PCI host bridge to bus 0000:00
[STDERR  ] 2017-11-17T16:13:38.000945543Z: [    1.052102] pci_bus 0000:00: root bus resource [io  0x0000-0x0cf7 window]
[STDERR  ] 2017-11-17T16:13:38.000951718Z: [    1.052535] pci_bus 0000:00: root bus resource [io  0x0d00-0xffff window]
[STDERR  ] 2017-11-17T16:13:38.000994666Z: [    1.053015] pci_bus 0000:00: root bus resource [mem 0x000a0000-0x000bffff window]
[STDERR  ] 2017-11-17T16:13:38.001005748Z: [    1.053453] pci_bus 0000:00: root bus resource [mem 0xc0000000-0xfebfffff window]
[STDERR  ] 2017-11-17T16:13:38.001013615Z: [    1.054055] pci_bus 0000:00: root bus resource [bus 00-ff]
[STDERR  ] 2017-11-17T16:13:38.001024813Z: [    1.196835] pci 0000:00:1f.0: quirk: [io  0x0600-0x067f] claimed by ICH6 ACPI/GPIO/TCO
[STDERR  ] 2017-11-17T16:13:38.001033166Z: [    1.281041] ACPI: PCI Interrupt Link [LNKA] (IRQs 5 *10 11)
[STDERR  ] 2017-11-17T16:13:38.001046665Z: [    1.283819] ACPI: PCI Interrupt Link [LNKB] (IRQs 5 *10 11)
[STDERR  ] 2017-11-17T16:13:38.001065159Z: [    1.286245] ACPI: PCI Interrupt Link [LNKC] (IRQs 5 10 *11)
[STDERR  ] 2017-11-17T16:13:38.00107357Z: [    1.288099] ACPI: PCI Interrupt Link [LNKD] (IRQs 5 10 *11)
[STDERR  ] 2017-11-17T16:13:38.001081555Z: [    1.290657] ACPI: PCI Interrupt Link [LNKE] (IRQs 5 *10 11)
[STDERR  ] 2017-11-17T16:13:38.001089343Z: [    1.292540] ACPI: PCI Interrupt Link [LNKF] (IRQs 5 *10 11)
[STDERR  ] 2017-11-17T16:13:38.001103585Z: [    1.294360] ACPI: PCI Interrupt Link [LNKG] (IRQs 5 10 *11)
[STDERR  ] 2017-11-17T16:13:38.001111082Z: [    1.296626] ACPI: PCI Interrupt Link [LNKH] (IRQs 5 10 *11)
[STDERR  ] 2017-11-17T16:13:38.001118679Z: [    1.297605] ACPI: PCI Interrupt Link [GSIA] (IRQs *16)
[STDERR  ] 2017-11-17T16:13:38.001126709Z: [    1.298327] ACPI: PCI Interrupt Link [GSIB] (IRQs *17)
[STDERR  ] 2017-11-17T16:13:38.001145176Z: [    1.299019] ACPI: PCI Interrupt Link [GSIC] (IRQs *18)
[STDERR  ] 2017-11-17T16:13:38.001153319Z: [    1.299714] ACPI: PCI Interrupt Link [GSID] (IRQs *19)
[STDERR  ] 2017-11-17T16:13:38.001161761Z: [    1.300728] ACPI: PCI Interrupt Link [GSIE] (IRQs *20)
[STDERR  ] 2017-11-17T16:13:38.001170393Z: [    1.301543] ACPI: PCI Interrupt Link [GSIF] (IRQs *21)
[STDERR  ] 2017-11-17T16:13:38.001178447Z: [    1.302221] ACPI: PCI Interrupt Link [GSIG] (IRQs *22)
[STDERR  ] 2017-11-17T16:13:38.00118679Z: [    1.302981] ACPI: PCI Interrupt Link [GSIH] (IRQs *23)
[STDERR  ] 2017-11-17T16:13:38.001195207Z: [    1.307900] ACPI: Enabled 2 GPEs in block 00 to 3F
[STDERR  ] 2017-11-17T16:13:38.001203597Z: [    1.312717] SCSI subsystem initialized
[STDERR  ] 2017-11-17T16:13:38.001221355Z: [    1.314891] ACPI: bus type USB registered
[STDERR  ] 2017-11-17T16:13:38.001232041Z: [    1.316031] usbcore: registered new interface driver usbfs
[STDERR  ] 2017-11-17T16:13:38.001240522Z: [    1.316968] usbcore: registered new interface driver hub
[STDERR  ] 2017-11-17T16:13:38.001250914Z: [    1.317822] usbcore: registered new device driver usb
[STDERR  ] 2017-11-17T16:13:38.001259176Z: [    1.319076] pps_core: LinuxPPS API ver. 1 registered
[STDERR  ] 2017-11-17T16:13:38.001267376Z: [    1.319416] pps_core: Software ver. 5.3.6 - Copyright 2005-2007 Rodolfo Giometti <giometti@linux.it>
[STDERR  ] 2017-11-17T16:13:38.001281013Z: [    1.320241] PTP clock support registered
[STDERR  ] 2017-11-17T16:13:38.001299453Z: [    1.321430] wmi: Mapper loaded
[STDERR  ] 2017-11-17T16:13:38.001308387Z: [    1.322707] PCI: Using ACPI for IRQ routing
[STDERR  ] 2017-11-17T16:13:38.001316985Z: [    1.343154] NetLabel: Initializing
[STDERR  ] 2017-11-17T16:13:38.00132563Z: [    1.343376] NetLabel:  domain hash size = 128
[STDERR  ] 2017-11-17T16:13:38.001335341Z: [    1.343677] NetLabel:  protocols = UNLABELED CIPSOv4
[STDERR  ] 2017-11-17T16:13:38.001343515Z: [    1.346373] NetLabel:  unlabeled traffic allowed by default
[STDERR  ] 2017-11-17T16:13:38.001352093Z: [    1.347587] HPET: 3 timers in total, 0 timers will be used for per-cpu timer
[STDERR  ] 2017-11-17T16:13:38.001360865Z: [    1.348432] hpet0: at MMIO 0xfed00000, IRQs 2, 8, 0
[STDERR  ] 2017-11-17T16:13:38.001379548Z: [    1.348891] hpet0: 3 comparators, 64-bit 100.000000 MHz counter
[STDERR  ] 2017-11-17T16:13:38.001391873Z: [    1.354778] clocksource: Switched to clocksource hpet
[STDERR  ] 2017-11-17T16:13:38.001408582Z: [    1.629699] VFS: Disk quotas dquot_6.6.0
[STDERR  ] 2017-11-17T16:13:38.001429126Z: [    1.630846] VFS: Dquot-cache hash table entries: 512 (order 0, 4096 bytes)
[STDERR  ] 2017-11-17T16:13:38.001456173Z: [    1.634634] FS-Cache: Loaded
[STDERR  ] 2017-11-17T16:13:38.001467769Z: [    1.640131] CacheFiles: Loaded
[STDERR  ] 2017-11-17T16:13:38.001477181Z: [    1.642092] pnp: PnP ACPI init
[STDERR  ] 2017-11-17T16:13:38.001485822Z: [    1.653706] pnp: PnP ACPI: found 5 devices
[STDERR  ] 2017-11-17T16:13:38.001495338Z: [    1.702748] clocksource: acpi_pm: mask: 0xffffff max_cycles: 0xffffff, max_idle_ns: 2085701024 ns
[STDERR  ] 2017-11-17T16:13:38.001512063Z: [    1.706801] NET: Registered protocol family 2
[STDERR  ] 2017-11-17T16:13:38.001530922Z: [    1.715088] TCP established hash table entries: 8192 (order: 4, 65536 bytes)
[STDERR  ] 2017-11-17T16:13:38.001539984Z: [    1.715944] TCP bind hash table entries: 8192 (order: 5, 131072 bytes)
[STDERR  ] 2017-11-17T16:13:38.001548732Z: [    1.716634] TCP: Hash tables configured (established 8192 bind 8192)
[STDERR  ] 2017-11-17T16:13:38.001558244Z: [    1.718677] UDP hash table entries: 512 (order: 2, 16384 bytes)
[STDERR  ] 2017-11-17T16:13:38.001566286Z: [    1.719233] UDP-Lite hash table entries: 512 (order: 2, 16384 bytes)
[STDERR  ] 2017-11-17T16:13:38.001575017Z: [    1.722043] NET: Registered protocol family 1
[STDERR  ] 2017-11-17T16:13:38.001583062Z: [    1.723090] pci 0000:00:01.0: Video device with shadowed ROM at [mem 0x000c0000-0x000dffff]
[STDERR  ] 2017-11-17T16:13:38.001592109Z: [    1.732165] Unpacking initramfs...
[STDERR  ] 2017-11-17T16:13:38.001610508Z: [    7.970543] Freeing initrd memory: 38948K
[STDERR  ] 2017-11-17T16:13:38.00163551Z: [    7.994351] PCLMULQDQ-NI instructions are not detected.
[STDERR  ] 2017-11-17T16:13:38.001644309Z: [    7.995835] AVX or AES-NI instructions are not detected.
[STDERR  ] 2017-11-17T16:13:38.00165357Z: [    7.996313] CPU feature 'AVX registers' is not supported.
[STDERR  ] 2017-11-17T16:13:38.001662345Z: [    7.996788] CPU feature 'AVX registers' is not supported.
[STDERR  ] 2017-11-17T16:13:38.001671006Z: [    7.997181] CPU feature 'AVX registers' is not supported.
[STDERR  ] 2017-11-17T16:13:38.00169237Z: [    7.997534] CPU feature 'AVX registers' is not supported.
[STDERR  ] 2017-11-17T16:13:38.001701136Z: [    7.997921] AVX2 or AES-NI instructions are not detected.
[STDERR  ] 2017-11-17T16:13:38.001710096Z: [    7.998284] AVX2 instructions are not detected.
[STDERR  ] 2017-11-17T16:13:38.001718766Z: [    8.004556] audit: initializing netlink subsys (disabled)
[STDERR  ] 2017-11-17T16:13:38.001727351Z: [    8.006415] audit: type=2000 audit(1510935172.000:1): initialized
[STDERR  ] 2017-11-17T16:13:38.001738741Z: [    8.015213] workingset: timestamp_bits=46 max_order=18 bucket_order=0
[STDERR  ] 2017-11-17T16:13:38.001747658Z: [    8.023319] squashfs: version 4.0 (2009/01/31) Phillip Lougher
[STDERR  ] 2017-11-17T16:13:38.001769919Z: [    8.025820] FS-Cache: Netfs 'cifs' registered for caching
[STDERR  ] 2017-11-17T16:13:38.00177829Z: [    8.026954] fuse init (API version 7.26)
[STDERR  ] 2017-11-17T16:13:38.0017867Z: [    8.029375] SGI XFS with ACLs, security attributes, no debug enabled
[STDERR  ] 2017-11-17T16:13:38.001795241Z: [    8.035243] 9p: Installing v9fs 9p2000 file system support
[STDERR  ] 2017-11-17T16:13:38.001806593Z: [    8.035880] FS-Cache: Netfs '9p' registered for caching
[STDERR  ] 2017-11-17T16:13:38.001814688Z: [    8.066084] NET: Registered protocol family 38
[STDERR  ] 2017-11-17T16:13:38.001823279Z: [    8.066677] Key type asymmetric registered
[STDERR  ] 2017-11-17T16:13:38.001840306Z: [    8.067018] Asymmetric key parser 'x509' registered
[STDERR  ] 2017-11-17T16:13:38.001848807Z: [    8.068102] Block layer SCSI generic (bsg) driver version 0.4 loaded (major 251)
[STDERR  ] 2017-11-17T16:13:38.001857429Z: [    8.069636] io scheduler noop registered
[STDERR  ] 2017-11-17T16:13:38.001865736Z: [    8.070030] io scheduler deadline registered (default)
[STDERR  ] 2017-11-17T16:13:38.001874117Z: [    8.072278] io scheduler cfq registered
[STDERR  ] 2017-11-17T16:13:38.001882707Z: [    8.075114] pci_hotplug: PCI Hot Plug PCI Core version: 0.5
[STDERR  ] 2017-11-17T16:13:38.001890497Z: [    8.075780] pciehp: PCI Express Hot Plug Controller Driver version: 0.4
[STDERR  ] 2017-11-17T16:13:38.001898645Z: [    8.076638] shpchp: Standard Hot Plug PCI Controller Driver version: 0.4
[STDERR  ] 2017-11-17T16:13:38.001915607Z: [    8.077461] hv_vmbus: registering driver hyperv_fb
[STDERR  ] 2017-11-17T16:13:38.00192439Z: [    8.082378] input: Power Button as /devices/LNXSYSTM:00/LNXPWRBN:00/input/input0
[STDERR  ] 2017-11-17T16:13:38.001937204Z: [    8.083594] ACPI: Power Button [PWRF]
[STDERR  ] 2017-11-17T16:13:38.001945106Z: [    8.088574] GHES: HEST is not enabled!
[STDERR  ] 2017-11-17T16:13:38.001956653Z: [    8.100439] ACPI: PCI Interrupt Link [GSIG] enabled at IRQ 22
[STDERR  ] 2017-11-17T16:13:38.001965049Z: [    8.115378] ACPI: PCI Interrupt Link [GSIH] enabled at IRQ 23
[STDERR  ] 2017-11-17T16:13:38.001979554Z: [    8.124873] xenfs: not registering filesystem on non-xen platform
[STDERR  ] 2017-11-17T16:13:38.001997938Z: [    8.127089] Serial: 8250/16550 driver, 4 ports, IRQ sharing disabled
[STDERR  ] 2017-11-17T16:13:38.002007564Z: [    8.151251] 00:04: ttyS0 at I/O 0x3f8 (irq = 4, base_baud = 115200) is a 16550A
[STDERR  ] 2017-11-17T16:13:38.002016647Z: [    8.163757] Non-volatile memory driver v1.3
[STDERR  ] 2017-11-17T16:13:38.002024936Z: [    8.171925] Hangcheck: starting hangcheck timer 0.9.1 (tick is 180 seconds, margin is 60 seconds).
[STDERR  ] 2017-11-17T16:13:38.002034392Z: [    8.177382] random: fast init done
[STDERR  ] 2017-11-17T16:13:38.002042189Z: [    8.178734] random: crng init done
[STDERR  ] 2017-11-17T16:13:38.002051018Z: [    8.214682] loop: module loaded
[STDERR  ] 2017-11-17T16:13:38.002069969Z: [    8.229898] nbd: registered device at major 43
[STDERR  ] 2017-11-17T16:13:38.002079166Z: [    8.275527] lpc_ich 0000:00:1f.0: I/O space for GPIO uninitialized
[STDERR  ] 2017-11-17T16:13:38.002087865Z: [    8.277852] VMware PVSCSI driver - version 1.0.7.0-k
[STDERR  ] 2017-11-17T16:13:38.002101733Z: [    8.278739] hv_vmbus: registering driver hv_storvsc
[STDERR  ] 2017-11-17T16:13:38.002110503Z: [    8.290683] ACPI: PCI Interrupt Link [GSIA] enabled at IRQ 16
[STDERR  ] 2017-11-17T16:13:38.00211878Z: [    8.298908] ahci 0000:00:1f.2: AHCI 0001.0000 32 slots 6 ports 1.5 Gbps 0x3f impl SATA mode
[STDERR  ] 2017-11-17T16:13:38.002127632Z: [    8.299654] ahci 0000:00:1f.2: flags: 64bit ncq only 
[STDERR  ] 2017-11-17T16:13:38.002136009Z: [    8.319949] scsi host0: ahci
[STDERR  ] 2017-11-17T16:13:38.002154918Z: [    8.325518] scsi host1: ahci
[STDERR  ] 2017-11-17T16:13:38.002167002Z: [    8.328962] scsi host2: ahci
[STDERR  ] 2017-11-17T16:13:38.002174787Z: [    8.331936] scsi host3: ahci
[STDERR  ] 2017-11-17T16:13:38.002183509Z: [    8.334489] scsi host4: ahci
[STDERR  ] 2017-11-17T16:13:38.00219611Z: [    8.336767] scsi host5: ahci
[STDERR  ] 2017-11-17T16:13:38.002206082Z: [    8.338753] ata1: SATA max UDMA/133 abar m4096@0xfebd2000 port 0xfebd2100 irq 24
[STDERR  ] 2017-11-17T16:13:38.002223013Z: [    8.339286] ata2: SATA max UDMA/133 abar m4096@0xfebd2000 port 0xfebd2180 irq 24
[STDERR  ] 2017-11-17T16:13:38.00223197Z: [    8.339693] ata3: SATA max UDMA/133 abar m4096@0xfebd2000 port 0xfebd2200 irq 24
[STDERR  ] 2017-11-17T16:13:38.002240685Z: [    8.340491] ata4: SATA max UDMA/133 abar m4096@0xfebd2000 port 0xfebd2280 irq 24
[STDERR  ] 2017-11-17T16:13:38.002249166Z: [    8.340955] ata5: SATA max UDMA/133 abar m4096@0xfebd2000 port 0xfebd2300 irq 24
[STDERR  ] 2017-11-17T16:13:38.002258594Z: [    8.341389] ata6: SATA max UDMA/133 abar m4096@0xfebd2000 port 0xfebd2380 irq 24
[STDERR  ] 2017-11-17T16:13:38.002267204Z: [    8.355286] tun: Universal TUN/TAP device driver, 1.6
[STDERR  ] 2017-11-17T16:13:38.002275672Z: [    8.355732] tun: (C) 1999-2004 Max Krasnyansky <maxk@qualcomm.com>
[STDERR  ] 2017-11-17T16:13:38.00228307Z: [    8.367973] VMware vmxnet3 virtual NIC driver - version 1.4.a.0-k-NAPI
[STDERR  ] 2017-11-17T16:13:38.002301032Z: [    8.369013] hv_vmbus: registering driver hv_netvsc
[STDERR  ] 2017-11-17T16:13:38.002309778Z: [    8.369360] Fusion MPT base driver 3.04.20
[STDERR  ] 2017-11-17T16:13:38.00231852Z: [    8.369596] Copyright (c) 1999-2008 LSI Corporation
[STDERR  ] 2017-11-17T16:13:38.002329444Z: [    8.370641] Fusion MPT SPI Host driver 3.04.20
[STDERR  ] 2017-11-17T16:13:38.00234091Z: [    8.372842] i8042: PNP: PS/2 Controller [PNP0303:KBD,PNP0f13:MOU] at 0x60,0x64 irq 1,12
[STDERR  ] 2017-11-17T16:13:38.002356704Z: [    8.377168] serio: i8042 KBD port at 0x60,0x64 irq 1
[STDERR  ] 2017-11-17T16:13:38.00236584Z: [    8.377928] serio: i8042 AUX port at 0x60,0x64 irq 12
[STDERR  ] 2017-11-17T16:13:38.002384784Z: [    8.381396] hv_vmbus: registering driver hyperv_keyboard
[STDERR  ] 2017-11-17T16:13:38.002393135Z: [    8.383617] mousedev: PS/2 mouse device common for all mice
[STDERR  ] 2017-11-17T16:13:38.002401885Z: [    8.388984] input: AT Translated Set 2 keyboard as /devices/platform/i8042/serio0/input/input1
[STDERR  ] 2017-11-17T16:13:38.002410415Z: [    8.392080] input: PC Speaker as /devices/platform/pcspkr/input/input2
[STDERR  ] 2017-11-17T16:13:38.002418978Z: [    8.396735] rtc_cmos 00:00: RTC can wake from S4
[STDERR  ] 2017-11-17T16:13:38.002426971Z: [    8.400630] rtc_cmos 00:00: rtc core: registered rtc_cmos as rtc0
[STDERR  ] 2017-11-17T16:13:38.002435003Z: [    8.402274] rtc_cmos 00:00: alarms up to one day, y3k, 114 bytes nvram, hpet irqs
[STDERR  ] 2017-11-17T16:13:38.002443535Z: [    8.403131] i2c /dev entries driver
[STDERR  ] 2017-11-17T16:13:38.002461869Z: [    8.405486] device-mapper: ioctl: 4.35.0-ioctl (2016-06-23) initialised: dm-devel@redhat.com
[STDERR  ] 2017-11-17T16:13:38.002474051Z: [    8.410781] usbcore: registered new interface driver usbhid
[STDERR  ] 2017-11-17T16:13:38.002482902Z: [    8.411179] usbhid: USB HID core driver
[STDERR  ] 2017-11-17T16:13:38.002492061Z: [    8.411880] hv_utils: Registering HyperV Utility Driver
[STDERR  ] 2017-11-17T16:13:38.002501077Z: [    8.412259] hv_vmbus: registering driver hv_util
[STDERR  ] 2017-11-17T16:13:38.002509958Z: [    8.412540] hv_vmbus: registering driver hv_balloon
[STDERR  ] 2017-11-17T16:13:38.002519261Z: [    8.413072] oprofile: using NMI interrupt.
[STDERR  ] 2017-11-17T16:13:38.002537765Z: [    8.414244] GACT probability on
[STDERR  ] 2017-11-17T16:13:38.0025464Z: [    8.414701] Mirror/redirect action on
[STDERR  ] 2017-11-17T16:13:38.002554889Z: [    8.415632] Simple TC action Loaded
[STDERR  ] 2017-11-17T16:13:38.002563514Z: [    8.416255] u32 classifier
[STDERR  ] 2017-11-17T16:13:38.002572084Z: [    8.416503]     Performance counters on
[STDERR  ] 2017-11-17T16:13:38.002580842Z: [    8.416740]     input device check on
[STDERR  ] 2017-11-17T16:13:38.002589504Z: [    8.416992]     Actions configured
[STDERR  ] 2017-11-17T16:13:38.002612979Z: [    8.417866] Netfilter messages via NETLINK v0.30.
[STDERR  ] 2017-11-17T16:13:38.00262241Z: [    8.418559] nfnl_acct: registering with nfnetlink.
[STDERR  ] 2017-11-17T16:13:38.002634455Z: [    8.419911] nf_conntrack version 0.5.0 (8192 buckets, 32768 max)
[STDERR  ] 2017-11-17T16:13:38.002643389Z: [    8.423494] ctnetlink v0.93: registering with nfnetlink.
[STDERR  ] 2017-11-17T16:13:38.002651833Z: [    8.426842] nf_tables: (c) 2007-2009 Patrick McHardy <kaber@trash.net>
[STDERR  ] 2017-11-17T16:13:38.002660141Z: [    8.427762] nf_tables_compat: (c) 2012 Pablo Neira Ayuso <pablo@netfilter.org>
[STDERR  ] 2017-11-17T16:13:38.002668608Z: [    8.430795] xt_time: kernel timezone is -0000
[STDERR  ] 2017-11-17T16:13:38.002676719Z: [    8.431466] ip_set: protocol 6
[STDERR  ] 2017-11-17T16:13:38.002695059Z: [    8.432289] IPVS: Registered protocols (TCP, UDP, SCTP, AH, ESP)
[STDERR  ] 2017-11-17T16:13:38.00270343Z: [    8.432908] IPVS: Connection hash table configured (size=4096, memory=64Kbytes)
[STDERR  ] 2017-11-17T16:13:38.002712082Z: [    8.434837] IPVS: Creating netns size=2104 id=0
[STDERR  ] 2017-11-17T16:13:38.002720265Z: [    8.437523] IPVS: ipvs loaded.
[STDERR  ] 2017-11-17T16:13:38.002728933Z: [    8.437951] IPVS: [rr] scheduler registered.
[STDERR  ] 2017-11-17T16:13:38.002737148Z: [    8.438245] IPVS: [wrr] scheduler registered.
[STDERR  ] 2017-11-17T16:13:38.002745575Z: [    8.438508] IPVS: [lc] scheduler registered.
[STDERR  ] 2017-11-17T16:13:38.002753759Z: [    8.438775] IPVS: [wlc] scheduler registered.
[STDERR  ] 2017-11-17T16:13:38.002771737Z: [    8.439033] IPVS: [fo] scheduler registered.
[STDERR  ] 2017-11-17T16:13:38.002780483Z: [    8.439287] IPVS: [ovf] scheduler registered.
[STDERR  ] 2017-11-17T16:13:38.002795049Z: [    8.439718] IPVS: [lblc] scheduler registered.
[STDERR  ] 2017-11-17T16:13:38.002803007Z: [    8.440678] IPVS: [lblcr] scheduler registered.
[STDERR  ] 2017-11-17T16:13:38.002811727Z: [    8.441133] IPVS: [dh] scheduler registered.
[STDERR  ] 2017-11-17T16:13:38.002820079Z: [    8.441404] IPVS: [sh] scheduler registered.
[STDERR  ] 2017-11-17T16:13:38.002833103Z: [    8.441648] IPVS: [sed] scheduler registered.
[STDERR  ] 2017-11-17T16:13:38.002850885Z: [    8.441926] IPVS: [nq] scheduler registered.
[STDERR  ] 2017-11-17T16:13:38.002858769Z: [    8.442590] IPVS: ftp: loaded support on port[0] = 21
[STDERR  ] 2017-11-17T16:13:38.002866229Z: [    8.443534] ipip: IPv4 and MPLS over IPv4 tunneling driver
[STDERR  ] 2017-11-17T16:13:38.002874722Z: [    8.447743] gre: GRE over IPv4 demultiplexor driver
[STDERR  ] 2017-11-17T16:13:38.002882599Z: [    8.451160] ip_tables: (C) 2000-2006 Netfilter Core Team
[STDERR  ] 2017-11-17T16:13:38.002891211Z: [    8.454713] ipt_CLUSTERIP: ClusterIP Version 0.8 loaded successfully
[STDERR  ] 2017-11-17T16:13:38.002899769Z: [    8.455482] arp_tables: arp_tables: (C) 2002 David S. Miller
[STDERR  ] 2017-11-17T16:13:38.002908217Z: [    8.457935] NET: Registered protocol family 10
[STDERR  ] 2017-11-17T16:13:38.002936402Z: [    8.468046] ip6_tables: (C) 2000-2006 Netfilter Core Team
[STDERR  ] 2017-11-17T16:13:38.002951431Z: [    8.477464] NET: Registered protocol family 17
[STDERR  ] 2017-11-17T16:13:38.002969095Z: [    8.478560] Bridge firewalling registered
[STDERR  ] 2017-11-17T16:13:38.002976835Z: [    8.479141] Ebtables v2.0 registered
[STDERR  ] 2017-11-17T16:13:38.002984665Z: [    8.481569] 8021q: 802.1Q VLAN Support v1.8
[STDERR  ] 2017-11-17T16:13:38.002992755Z: [    8.483124] 9pnet: Installing 9P2000 support
[STDERR  ] 2017-11-17T16:13:38.003009088Z: [    8.485062] Key type dns_resolver registered
[STDERR  ] 2017-11-17T16:13:38.003020614Z: [    8.485981] microcode: AMD CPU family 0x6 not supported
[STDERR  ] 2017-11-17T16:13:38.003031512Z: [    8.489707] registered taskstats version 1
[STDERR  ] 2017-11-17T16:13:38.003039476Z: [    8.664612] Key type big_key registered
[STDERR  ] 2017-11-17T16:13:38.003047348Z: [    8.671960] ata2: SATA link up 1.5 Gbps (SStatus 113 SControl 300)
[STDERR  ] 2017-11-17T16:13:38.003056388Z: [    8.676809] ata2.00: ATA-7: QEMU HARDDISK, 2.5+, max UDMA/100
[STDERR  ] 2017-11-17T16:13:38.003079491Z: [    8.677240] ata2.00: 1048576 sectors, multi 16: LBA48 NCQ (depth 31/32)
[STDERR  ] 2017-11-17T16:13:38.003089153Z: [    8.677806] ata2.00: applying bridge limits
[STDERR  ] 2017-11-17T16:13:38.003103612Z: [    8.679310] ata1: SATA link up 1.5 Gbps (SStatus 113 SControl 300)
[STDERR  ] 2017-11-17T16:13:38.003113028Z: [    8.679875] ata1.00: ATA-7: QEMU HARDDISK, 2.5+, max UDMA/100
[STDERR  ] 2017-11-17T16:13:38.003142499Z: [    8.680619] ata1.00: 1048576 sectors, multi 16: LBA48 NCQ (depth 31/32)
[STDERR  ] 2017-11-17T16:13:38.00316364Z: [    8.680996] ata1.00: applying bridge limits
[STDERR  ] 2017-11-17T16:13:38.003171668Z: [    8.682169] ata1.00: configured for UDMA/100
[STDERR  ] 2017-11-17T16:13:38.003179851Z: [    8.684976] ata5: SATA link down (SStatus 0 SControl 300)
[STDERR  ] 2017-11-17T16:13:38.003188137Z: [    8.685715] ata3: SATA link up 1.5 Gbps (SStatus 113 SControl 300)
[STDERR  ] 2017-11-17T16:13:38.003196948Z: [    8.686621] ata3.00: ATAPI: QEMU DVD-ROM, 2.5+, max UDMA/100
[STDERR  ] 2017-11-17T16:13:38.003205008Z: [    8.687020] ata3.00: applying bridge limits
[STDERR  ] 2017-11-17T16:13:38.003214394Z: [    8.687657] ata3.00: configured for UDMA/100
[STDERR  ] 2017-11-17T16:13:38.003222647Z: [    8.689438] ata4: SATA link down (SStatus 0 SControl 300)
[STDERR  ] 2017-11-17T16:13:38.003239391Z: [    8.702265] ata6: SATA link down (SStatus 0 SControl 300)
[STDERR  ] 2017-11-17T16:13:38.003247583Z: [    8.713454] ata2.00: configured for UDMA/100
[STDERR  ] 2017-11-17T16:13:38.003255757Z: [    8.715578] scsi 0:0:0:0: Direct-Access     ATA      QEMU HARDDISK    2.5+ PQ: 0 ANSI: 5
[STDERR  ] 2017-11-17T16:13:38.003268832Z: [    8.734267] sd 0:0:0:0: [sda] 1048576 512-byte logical blocks: (537 MB/512 MiB)
[STDERR  ] 2017-11-17T16:13:38.003278568Z: [    8.736435] sd 0:0:0:0: Attached scsi generic sg0 type 0
[STDERR  ] 2017-11-17T16:13:38.003286967Z: [    8.740581] sd 0:0:0:0: [sda] Write Protect is off
[STDERR  ] 2017-11-17T16:13:38.003295281Z: [    8.743917] sd 0:0:0:0: [sda] Write cache: enabled, read cache: enabled, doesn't support DPO or FUA
[STDERR  ] 2017-11-17T16:13:38.003313414Z: [    8.746157] scsi 1:0:0:0: Direct-Access     ATA      QEMU HARDDISK    2.5+ PQ: 0 ANSI: 5
[STDERR  ] 2017-11-17T16:13:38.003321428Z: [    8.749699] sd 1:0:0:0: [sdb] 1048576 512-byte logical blocks: (537 MB/512 MiB)
[STDERR  ] 2017-11-17T16:13:38.003330185Z: [    8.755123] sd 1:0:0:0: [sdb] Write Protect is off
[STDERR  ] 2017-11-17T16:13:38.003338142Z: [    8.760826] sd 1:0:0:0: Attached scsi generic sg1 type 0
[STDERR  ] 2017-11-17T16:13:38.003346434Z: [    8.762025] sd 1:0:0:0: [sdb] Write cache: enabled, read cache: enabled, doesn't support DPO or FUA
[STDERR  ] 2017-11-17T16:13:38.003355026Z: [    8.769861] scsi 2:0:0:0: CD-ROM            QEMU     QEMU DVD-ROM     2.5+ PQ: 0 ANSI: 5
[STDERR  ] 2017-11-17T16:13:38.003370611Z: [    8.798202] sr 2:0:0:0: [sr0] scsi3-mmc drive: 4x/4x cd/rw xa/form2 tray
[STDERR  ] 2017-11-17T16:13:38.003401469Z: [    8.798945] cdrom: Uniform CD-ROM driver Revision: 3.20
[STDERR  ] 2017-11-17T16:13:38.003416891Z: [    8.816658] sd 1:0:0:0: [sdb] Attached SCSI disk
[STDERR  ] 2017-11-17T16:13:38.003425166Z: [    8.819477] sr 2:0:0:0: Attached scsi generic sg2 type 5
[STDERR  ] 2017-11-17T16:13:38.00343318Z: [    8.834113] sd 0:0:0:0: [sda] Attached SCSI disk
[STDERR  ] 2017-11-17T16:13:38.003441961Z: [    8.902860] Key type encrypted registered
[STDERR  ] 2017-11-17T16:13:38.003450103Z: [    8.908528] rtc_cmos 00:00: setting system clock to 2017-11-17 16:12:53 UTC (1510935173)
[STDERR  ] 2017-11-17T16:13:38.003466712Z: [    9.054538] Freeing unused kernel memory: 1380K
[STDERR  ] 2017-11-17T16:13:38.003474748Z: [    9.054949] Write protecting the kernel read-only data: 12288k
[STDERR  ] 2017-11-17T16:13:38.003483062Z: [    9.057320] tsc: Refined TSC clocksource calibration: 2599.948 MHz
[STDERR  ] 2017-11-17T16:13:38.003491438Z: [    9.057939] clocksource: tsc: mask: 0xffffffffffffffff max_cycles: 0x257a0b292e1, max_idle_ns: 440795262975 ns
[STDERR  ] 2017-11-17T16:13:38.003505104Z: [    9.063312] Freeing unused kernel memory: 128K
[STDERR  ] 2017-11-17T16:13:38.003513808Z: [    9.154100] Freeing unused kernel memory: 1396K
[STDERR  ] 2017-11-17T16:13:38.003540842Z: [   10.069911] clocksource: Switched to clocksource tsc
[STDERR  ] 2017-11-17T16:13:38.003553022Z: 
[STDERR  ] 2017-11-17T16:13:38.003561846Z: Welcome to LinuxKit
[STDERR  ] 2017-11-17T16:13:38.003570313Z: 
[STDERR  ] 2017-11-17T16:13:38.003578519Z:                         ##         .
[STDERR  ] 2017-11-17T16:13:38.00358929Z:                   ## ## ##        ==
[STDERR  ] 2017-11-17T16:13:38.003597268Z:                ## ## ## ## ##    ===
[STDERR  ] 2017-11-17T16:13:38.003605494Z:            /"""""""""""""""""\___/ ===
[STDERR  ] 2017-11-17T16:13:38.003622465Z:           {                       /  ===-
[STDERR  ] 2017-11-17T16:13:38.003630719Z:            \______ O           __/
[STDERR  ] 2017-11-17T16:13:38.0036386Z:              \    \         __/
[STDERR  ] 2017-11-17T16:13:38.003647095Z:               \____\_______/
[STDERR  ] 2017-11-17T16:13:38.003655445Z: 
[STDERR  ] 2017-11-17T16:13:38.00366355Z: [   23.883793] IPVS: Creating netns size=2104 id=1
[STDERR  ] 2017-11-17T16:13:38.003671365Z: [   23.886319] IPVS: ftp: loaded support on port[0] = 21
[STDERR  ] 2017-11-17T16:13:38.003679621Z: 2017/11/17 16:13:09 Creating partition on /dev/sda
[STDERR  ] 2017-11-17T16:13:38.003696257Z: [   25.252386]  sda:
[STDERR  ] 2017-11-17T16:13:38.003704635Z: [   25.332970]  sda:
[STDERR  ] 2017-11-17T16:13:38.003712516Z: [   25.366275]  sda: sda1
[STDERR  ] 2017-11-17T16:13:38.003720516Z: [   25.440710]  sda: sda1
[STDERR  ] 2017-11-17T16:13:38.003733877Z: 2017/11/17 16:13:11 Partition /dev/sda1 successfully created!
[STDERR  ] 2017-11-17T16:13:38.003742261Z: [   28.175372] IPVS: Creating netns size=2104 id=2
[STDERR  ] 2017-11-17T16:13:38.003750796Z: [   28.175921] IPVS: ftp: loaded support on port[0] = 21
[STDERR  ] 2017-11-17T16:13:38.003758764Z: 2017/11/17 16:13:13 /dev/sda has content. blkid returned: /dev/sda: PTUUID="5c669c1d" PTTYPE="dos"
[STDERR  ] 2017-11-17T16:13:38.003775983Z: 2017/11/17 16:13:13 Creating partition on /dev/sdb
[STDERR  ] 2017-11-17T16:13:38.003786545Z: [   29.709266]  sdb:
[STDERR  ] 2017-11-17T16:13:38.003795278Z: [   29.782953]  sdb:
[STDERR  ] 2017-11-17T16:13:38.00380443Z: [   29.815908]  sdb: sdb1
[STDERR  ] 2017-11-17T16:13:38.003819451Z: [   29.891160]  sdb: sdb1
[STDERR  ] 2017-11-17T16:13:38.003833235Z: 2017/11/17 16:13:16 Partition /dev/sdb1 successfully created!
[STDERR  ] 2017-11-17T16:13:38.003852124Z: [   32.561660] IPVS: Creating netns size=2104 id=3
[STDERR  ] 2017-11-17T16:13:38.003860453Z: [   32.562535] IPVS: ftp: loaded support on port[0] = 21
[STDERR  ] 2017-11-17T16:13:38.003868831Z: [   33.966030] EXT4-fs (sda1): couldn't mount as ext3 due to feature incompatibilities
[STDERR  ] 2017-11-17T16:13:38.003877264Z: [   33.974555] EXT4-fs (sda1): couldn't mount as ext2 due to feature incompatibilities
[STDERR  ] 2017-11-17T16:13:38.003885494Z: [   34.005200] EXT4-fs (sda1): mounted filesystem with ordered data mode. Opts: (null)
[STDERR  ] 2017-11-17T16:13:38.003893607Z: [   35.815536] IPVS: Creating netns size=2104 id=4
[STDERR  ] 2017-11-17T16:13:38.003901507Z: [   35.815825] IPVS: ftp: loaded support on port[0] = 21
[STDERR  ] 2017-11-17T16:13:38.003909814Z: [   37.191978] EXT4-fs (sdb1): couldn't mount as ext3 due to feature incompatibilities
[STDERR  ] 2017-11-17T16:13:38.003929202Z: [   37.199752] EXT4-fs (sdb1): couldn't mount as ext2 due to feature incompatibilities
[STDERR  ] 2017-11-17T16:13:38.003937055Z: [   37.215691] EXT4-fs (sdb1): mounted filesystem with ordered data mode. Opts: (null)
[STDERR  ] 2017-11-17T16:13:38.003945638Z: 2017/11/17 16:13:22 Failed to create "symlink ../../sda1 /dev/disk/by-uuid/acdd1e0e-cad2-4362-a173-0229643020b7: file exists": %!v(MISSING)
[STDERR  ] 2017-11-17T16:13:38.00395529Z: 2017/11/17 16:13:22 Failed to create "symlink ../../sdb1 /dev/disk/by-uuid/1ee19521-e60c-436a-94ed-23a734c49897: file exists": %!v(MISSING)
[STDERR  ] 2017-11-17T16:13:38.003969041Z: format_mount test suite PASSED
[STDERR  ] 2017-11-17T16:13:38.00397721Z: [   52.208351] sd 1:0:0:0: [sdb] Synchronizing SCSI cache
[STDERR  ] 2017-11-17T16:13:38.003985114Z: [   52.214779] sd 1:0:0:0: [sdb] Stopping disk
[STDERR  ] 2017-11-17T16:13:38.004001822Z: [   52.215462] sd 0:0:0:0: [sda] Synchronizing SCSI cache
[STDERR  ] 2017-11-17T16:13:38.00401021Z: [   52.216033] sd 0:0:0:0: [sda] Stopping disk
[STDERR  ] 2017-11-17T16:13:38.004018305Z: [   52.221561] ACPI: Preparing to enter system sleep state S5
[STDERR  ] 2017-11-17T16:13:38.004026367Z: [   52.224678] reboot: Power down
[STDERR  ] 2017-11-17T16:13:38.004034574Z: + echo [    0.000000] Linux version 4.9.62-linuxkit (root@71a3c458523b) (gcc version 6.3.0 (Alpine 6.3.0) ) #1 SMP Thu Nov 16 17:07:55 UTC 2017
[STDERR  ] 2017-11-17T16:13:38.004043528Z: [    0.000000] Command line: console=ttyS0
[STDERR  ] 2017-11-17T16:13:38.004051795Z: [    0.000000] x86/fpu: Legacy x87 FPU detected.
[STDERR  ] 2017-11-17T16:13:38.004059967Z: [    0.000000] x86/fpu: Using 'eager' FPU context switches.
[STDERR  ] 2017-11-17T16:13:38.004076906Z: [    0.000000] e820: BIOS-provided physical RAM map:
[STDERR  ] 2017-11-17T16:13:38.004085692Z: [    0.000000] BIOS-e820: [mem 0x0000000000000000-0x000000000009fbff] usable
[STDERR  ] 2017-11-17T16:13:38.004094514Z: [    0.000000] BIOS-e820: [mem 0x000000000009fc00-0x000000000009ffff] reserved
[STDERR  ] 2017-11-17T16:13:38.004108808Z: [    0.000000] BIOS-e820: [mem 0x00000000000f0000-0x00000000000fffff] reserved
[STDERR  ] 2017-11-17T16:13:38.004117605Z: [    0.000000] BIOS-e820: [mem 0x0000000000100000-0x000000003ffddfff] usable
[STDERR  ] 2017-11-17T16:13:38.004130933Z: [    0.000000] BIOS-e820: [mem 0x000000003ffde000-0x000000003fffffff] reserved
[STDERR  ] 2017-11-17T16:13:38.004139487Z: [    0.000000] BIOS-e820: [mem 0x00000000b0000000-0x00000000bfffffff] reserved
[STDERR  ] 2017-11-17T16:13:38.004157004Z: [    0.000000] BIOS-e820: [mem 0x00000000fed1c000-0x00000000fed1ffff] reserved
[STDERR  ] 2017-11-17T16:13:38.004165636Z: [    0.000000] BIOS-e820: [mem 0x00000000fffc0000-0x00000000ffffffff] reserved
[STDERR  ] 2017-11-17T16:13:38.00417409Z: [    0.000000] NX (Execute Disable) protection: active
[STDERR  ] 2017-11-17T16:13:38.004182473Z: [    0.000000] SMBIOS 2.8 present.
[STDERR  ] 2017-11-17T16:13:38.004190934Z: [    0.000000] e820: last_pfn = 0x3ffde max_arch_pfn = 0x400000000
[STDERR  ] 2017-11-17T16:13:38.00419949Z: [    0.000000] x86/PAT: Configuration [0-7]: WB  WC  UC- UC  WB  WC  UC- WT  
[STDERR  ] 2017-11-17T16:13:38.004208255Z: [    0.000000] found SMP MP-table at [mem 0x000f6aa0-0x000f6aaf] mapped at [ffff9ebfc00f6aa0]
[STDERR  ] 2017-11-17T16:13:38.004217342Z: [    0.000000] RAMDISK: [mem 0x3d9c7000-0x3ffcffff]
[STDERR  ] 2017-11-17T16:13:38.004234309Z: [    0.000000] ACPI: Early table checksum verification disabled
[STDERR  ] 2017-11-17T16:13:38.004245825Z: [    0.000000] ACPI: RSDP 0x00000000000F68C0 000014 (v00 BOCHS )
[STDERR  ] 2017-11-17T16:13:38.004254336Z: [    0.000000] ACPI: RSDT 0x000000003FFE2404 000034 (v01 BOCHS  BXPCRSDT 00000001 BXPC 00000001)
[STDERR  ] 2017-11-17T16:13:38.004264983Z: [    0.000000] ACPI: FACP 0x000000003FFE22A4 000074 (v01 BOCHS  BXPCFACP 00000001 BXPC 00000001)
[STDERR  ] 2017-11-17T16:13:38.004273534Z: [    0.000000] ACPI: DSDT 0x000000003FFE0040 002264 (v01 BOCHS  BXPCDSDT 00000001 BXPC 00000001)
[STDERR  ] 2017-11-17T16:13:38.004281935Z: [    0.000000] ACPI: FACS 0x000000003FFE0000 000040
[STDERR  ] 2017-11-17T16:13:38.004290505Z: [    0.000000] ACPI: APIC 0x000000003FFE2318 000078 (v01 BOCHS  BXPCAPIC 00000001 BXPC 00000001)
[STDERR  ] 2017-11-17T16:13:38.004308117Z: [    0.000000] ACPI: HPET 0x000000003FFE2390 000038 (v01 BOCHS  BXPCHPET 00000001 BXPC 00000001)
[STDERR  ] 2017-11-17T16:13:38.004316426Z: [    0.000000] ACPI: MCFG 0x000000003FFE23C8 00003C (v01 BOCHS  BXPCMCFG 00000001 BXPC 00000001)
[STDERR  ] 2017-11-17T16:13:38.00432469Z: [    0.000000] Zone ranges:
[STDERR  ] 2017-11-17T16:13:38.004338207Z: [    0.000000]   DMA      [mem 0x0000000000001000-0x0000000000ffffff]
[STDERR  ] 2017-11-17T16:13:38.004347193Z: [    0.000000]   DMA32    [mem 0x0000000001000000-0x000000003ffddfff]
[STDERR  ] 2017-11-17T16:13:38.004357284Z: [    0.000000]   Normal   empty
[STDERR  ] 2017-11-17T16:13:38.004366138Z: [    0.000000] Movable zone start for each node
[STDERR  ] 2017-11-17T16:13:38.004383967Z: [    0.000000] Early memory node ranges
[STDERR  ] 2017-11-17T16:13:38.00439292Z: [    0.000000]   node   0: [mem 0x0000000000001000-0x000000000009efff]
[STDERR  ] 2017-11-17T16:13:38.004402047Z: [    0.000000]   node   0: [mem 0x0000000000100000-0x000000003ffddfff]
[STDERR  ] 2017-11-17T16:13:38.004410826Z: [    0.000000] Initmem setup node 0 [mem 0x0000000000001000-0x000000003ffddfff]
[STDERR  ] 2017-11-17T16:13:38.004418824Z: [    0.000000] ACPI: PM-Timer IO Port: 0x608
[STDERR  ] 2017-11-17T16:13:38.004430492Z: [    0.000000] ACPI: LAPIC_NMI (acpi_id[0xff] dfl dfl lint[0x1])
[STDERR  ] 2017-11-17T16:13:38.004438557Z: [    0.000000] IOAPIC[0]: apic_id 0, version 32, address 0xfec00000, GSI 0-23
[STDERR  ] 2017-11-17T16:13:38.00444703Z: [    0.000000] ACPI: INT_SRC_OVR (bus 0 bus_irq 0 global_irq 2 dfl dfl)
[STDERR  ] 2017-11-17T16:13:38.004465075Z: [    0.000000] ACPI: INT_SRC_OVR (bus 0 bus_irq 5 global_irq 5 high level)
[STDERR  ] 2017-11-17T16:13:38.004473983Z: [    0.000000] ACPI: INT_SRC_OVR (bus 0 bus_irq 9 global_irq 9 high level)
[STDERR  ] 2017-11-17T16:13:38.004482632Z: [    0.000000] ACPI: INT_SRC_OVR (bus 0 bus_irq 10 global_irq 10 high level)
[STDERR  ] 2017-11-17T16:13:38.004491199Z: [    0.000000] ACPI: INT_SRC_OVR (bus 0 bus_irq 11 global_irq 11 high level)
[STDERR  ] 2017-11-17T16:13:38.004507406Z: [    0.000000] Using ACPI (MADT) for SMP configuration information
[STDERR  ] 2017-11-17T16:13:38.004516672Z: [    0.000000] ACPI: HPET id: 0x8086a201 base: 0xfed00000
[STDERR  ] 2017-11-17T16:13:38.0045339Z: [    0.000000] smpboot: Allowing 1 CPUs, 0 hotplug CPUs
[STDERR  ] 2017-11-17T16:13:38.004542727Z: [    0.000000] e820: [mem 0x40000000-0xafffffff] available for PCI devices
[STDERR  ] 2017-11-17T16:13:38.004550989Z: [    0.000000] Booting paravirtualized kernel on bare hardware
[STDERR  ] 2017-11-17T16:13:38.004559835Z: [    0.000000] clocksource: refined-jiffies: mask: 0xffffffff max_cycles: 0xffffffff, max_idle_ns: 19112604462750000 ns
[STDERR  ] 2017-11-17T16:13:38.004568985Z: [    0.000000] setup_percpu: NR_CPUS:128 nr_cpumask_bits:128 nr_cpu_ids:1 nr_node_ids:1
[STDERR  ] 2017-11-17T16:13:38.004577629Z: [    0.000000] percpu: Embedded 35 pages/cpu @ffff9ebffd600000 s105112 r8192 d30056 u2097152
[STDERR  ] 2017-11-17T16:13:38.004586077Z: [    0.000000] Built 1 zonelists in Zone order, mobility grouping on.  Total pages: 257895
[STDERR  ] 2017-11-17T16:13:38.004594717Z: [    0.000000] Kernel command line: console=ttyS0
[STDERR  ] 2017-11-17T16:13:38.004611372Z: [    0.000000] PID hash table entries: 4096 (order: 3, 32768 bytes)
[STDERR  ] 2017-11-17T16:13:38.004620677Z: [    0.000000] Dentry cache hash table entries: 131072 (order: 8, 1048576 bytes)
[STDERR  ] 2017-11-17T16:13:38.004629268Z: [    0.000000] Inode-cache hash table entries: 65536 (order: 7, 524288 bytes)
[STDERR  ] 2017-11-17T16:13:38.004638585Z: [    0.000000] Memory: 975220K/1048048K available (8049K kernel code, 1367K rwdata, 2700K rodata, 1380K init, 568K bss, 72828K reserved, 0K cma-reserved)
[STDERR  ] 2017-11-17T16:13:38.004647977Z: [    0.000000] Hierarchical RCU implementation.
[STDERR  ] 2017-11-17T16:13:38.004656653Z: [    0.000000] 	Build-time adjustment of leaf fanout to 64.
[STDERR  ] 2017-11-17T16:13:38.004665169Z: [    0.000000] 	RCU restricting CPUs from NR_CPUS=128 to nr_cpu_ids=1.
[STDERR  ] 2017-11-17T16:13:38.004674314Z: [    0.000000] RCU: Adjusting geometry for rcu_fanout_leaf=64, nr_cpu_ids=1
[STDERR  ] 2017-11-17T16:13:38.004691744Z: [    0.000000] NR_IRQS:8448 nr_irqs:256 16
[STDERR  ] 2017-11-17T16:13:38.004700632Z: [    0.000000] Console: colour VGA+ 80x25
[STDERR  ] 2017-11-17T16:13:38.004712519Z: [    0.000000] console [ttyS0] enabled
[STDERR  ] 2017-11-17T16:13:38.004723052Z: [    0.000000] clocksource: hpet: mask: 0xffffffff max_cycles: 0xffffffff, max_idle_ns: 19112604467 ns
[STDERR  ] 2017-11-17T16:13:38.004732462Z: [    0.000000] tsc: Fast TSC calibration using PIT
[STDERR  ] 2017-11-17T16:13:38.004740853Z: [    0.000000] tsc: Detected 2599.931 MHz processor
[STDERR  ] 2017-11-17T16:13:38.004749099Z: [    0.032297] Calibrating delay loop (skipped), value calculated using timer frequency.. 5199.86 BogoMIPS (lpj=25999310)
[STDERR  ] 2017-11-17T16:13:38.004767203Z: [    0.033543] pid_max: default: 32768 minimum: 301
[STDERR  ] 2017-11-17T16:13:38.004775737Z: [    0.034634] ACPI: Core revision 20160831
[STDERR  ] 2017-11-17T16:13:38.004783952Z: [    0.078277] ACPI: 1 ACPI AML tables successfully acquired and loaded
[STDERR  ] 2017-11-17T16:13:38.004792959Z: [    0.083239] Security Framework initialized
[STDERR  ] 2017-11-17T16:13:38.004801243Z: [    0.083714] Yama: becoming mindful.
[STDERR  ] 2017-11-17T16:13:38.004809427Z: [    0.085956] Mount-cache hash table entries: 2048 (order: 2, 16384 bytes)
[STDERR  ] 2017-11-17T16:13:38.00481837Z: [    0.086515] Mountpoint-cache hash table entries: 2048 (order: 2, 16384 bytes)
[STDERR  ] 2017-11-17T16:13:38.004827028Z: [    0.107302] Last level iTLB entries: 4KB 0, 2MB 0, 4MB 0
[STDERR  ] 2017-11-17T16:13:38.004847355Z: [    0.107836] Last level dTLB entries: 4KB 0, 2MB 0, 4MB 0, 1GB 0
[STDERR  ] 2017-11-17T16:13:38.004855948Z: [    0.411923] Freeing SMP alternatives memory: 20K
[STDERR  ] 2017-11-17T16:13:38.004864464Z: [    0.422832] ftrace: allocating 35542 entries in 139 pages
[STDERR  ] 2017-11-17T16:13:38.004873051Z: [    0.576483] smpboot: Max logical packages: 1
[STDERR  ] 2017-11-17T16:13:38.004885399Z: [    0.584641] ..TIMER: vector=0x30 apic1=0 pin1=2 apic2=-1 pin2=-1
[STDERR  ] 2017-11-17T16:13:38.004893613Z: [    0.690000] smpboot: CPU0: AMD QEMU Virtual CPU version 2.5+ (family: 0x6, model: 0x6, stepping: 0x3)
[STDERR  ] 2017-11-17T16:13:38.004904032Z: [    0.690000] Performance Events: PMU not available due to virtualization, using software events only.
[STDERR  ] 2017-11-17T16:13:38.004919769Z: [    0.699332] NMI watchdog: disabled (cpu0): hardware events not enabled
[STDERR  ] 2017-11-17T16:13:38.004949447Z: [    0.700136] NMI watchdog: Shutting down hard lockup detector on all cpus
[STDERR  ] 2017-11-17T16:13:38.00498112Z: [    0.703839] x86: Booted up 1 node, 1 CPUs
[STDERR  ] 2017-11-17T16:13:38.004992511Z: [    0.704277] smpboot: Total of 1 processors activated (5199.86 BogoMIPS)
[STDERR  ] 2017-11-17T16:13:38.005001381Z: [    0.719333] devtmpfs: initialized
[STDERR  ] 2017-11-17T16:13:38.005009847Z: [    0.725958] x86/mm: Memory block size: 128MB
[STDERR  ] 2017-11-17T16:13:38.005018213Z: [    0.789783] clocksource: jiffies: mask: 0xffffffff max_cycles: 0xffffffff, max_idle_ns: 19112604462750000 ns
[STDERR  ] 2017-11-17T16:13:38.005026725Z: [    0.790423] futex hash table entries: 256 (order: 2, 16384 bytes)
[STDERR  ] 2017-11-17T16:13:38.005034918Z: [    0.802284] NET: Registered protocol family 16
[STDERR  ] 2017-11-17T16:13:38.00504376Z: [    0.813870] cpuidle: using governor ladder
[STDERR  ] 2017-11-17T16:13:38.005052434Z: [    0.814404] cpuidle: using governor menu
[STDERR  ] 2017-11-17T16:13:38.005061116Z: [    0.815750] ACPI: bus type PCI registered
[STDERR  ] 2017-11-17T16:13:38.005069276Z: [    0.818978] PCI: MMCONFIG for domain 0000 [bus 00-ff] at [mem 0xb0000000-0xbfffffff] (base 0xb0000000)
[STDERR  ] 2017-11-17T16:13:38.005087061Z: [    0.819817] PCI: MMCONFIG at [mem 0xb0000000-0xbfffffff] reserved in E820
[STDERR  ] 2017-11-17T16:13:38.00510166Z: [    0.821597] PCI: Using configuration type 1 for base access
[STDERR  ] 2017-11-17T16:13:38.005110457Z: [    0.876622] HugeTLB registered 2 MB page size, pre-allocated 0 pages
[STDERR  ] 2017-11-17T16:13:38.005119211Z: [    0.888822] ACPI: Added _OSI(Module Device)
[STDERR  ] 2017-11-17T16:13:38.005128274Z: [    0.889184] ACPI: Added _OSI(Processor Device)
[STDERR  ] 2017-11-17T16:13:38.005141611Z: [    0.889417] ACPI: Added _OSI(3.0 _SCP Extensions)
[STDERR  ] 2017-11-17T16:13:38.005154005Z: [    0.889712] ACPI: Added _OSI(Processor Aggregator Device)
[STDERR  ] 2017-11-17T16:13:38.005162482Z: [    0.967063] ACPI: Interpreter enabled
[STDERR  ] 2017-11-17T16:13:38.005170895Z: [    0.968087] ACPI: (supports S0 S5)
[STDERR  ] 2017-11-17T16:13:38.005179376Z: [    0.968407] ACPI: Using IOAPIC for interrupt routing
[STDERR  ] 2017-11-17T16:13:38.005188443Z: [    0.971409] PCI: Using host bridge windows from ACPI; if necessary, use "pci=nocrs" and report a bug
[STDERR  ] 2017-11-17T16:13:38.005196903Z: [    1.039498] ACPI: PCI Root Bridge [PCI0] (domain 0000 [bus 00-ff])
[STDERR  ] 2017-11-17T16:13:38.005205462Z: [    1.040841] acpi PNP0A08:00: _OSC: OS supports [ExtendedConfig ASPM ClockPM Segments MSI]
[STDERR  ] 2017-11-17T16:13:38.005214283Z: [    1.047386] acpi PNP0A08:00: _OSC: OS now controls [PCIeHotplug PME PCIeCapability]
[STDERR  ] 2017-11-17T16:13:38.0052234Z: [    1.051611] PCI host bridge to bus 0000:00
[STDERR  ] 2017-11-17T16:13:38.005232302Z: [    1.052102] pci_bus 0000:00: root bus resource [io  0x0000-0x0cf7 window]
[STDERR  ] 2017-11-17T16:13:38.005241189Z: [    1.052535] pci_bus 0000:00: root bus resource [io  0x0d00-0xffff window]
[STDERR  ] 2017-11-17T16:13:38.005249598Z: [    1.053015] pci_bus 0000:00: root bus resource [mem 0x000a0000-0x000bffff window]
[STDERR  ] 2017-11-17T16:13:38.005260798Z: [    1.053453] pci_bus 0000:00: root bus resource [mem 0xc0000000-0xfebfffff window]
