[INFO    ] 2017-07-26T15:18:21.285212845Z: Running Test linuxkit.packages.format_mount.multiple in /tmp/with_clone18cb96aa/test/cases/040_packages/008_format_mount/010_multiple
[INFO    ] 2017-07-26T15:18:21.285301309Z: Running command: [/bin/sh -x /tmp/with_clone18cb96aa/test/cases/040_packages/008_format_mount/010_multiple/test.sh]
[STDERR  ] 2017-07-26T15:18:21.286366263Z: + set -e
[STDERR  ] 2017-07-26T15:18:21.286418707Z: + . /tmp/with_clone18cb96aa/test/cases/_lib/lib.sh
[STDERR  ] 2017-07-26T15:18:21.286437403Z: + [ -f src/github.com/linuxkit/rtf/lib/lib.sh ]
[STDERR  ] 2017-07-26T15:18:21.286451501Z: + LINUXKIT_TMPDIR=/tmp/with_clone18cb96aa/test/cases/_tmp
[STDERR  ] 2017-07-26T15:18:21.286505488Z: + [ -f /tmp/with_clone18cb96aa/test/cases/_tmp/env.sh ]
[STDERR  ] 2017-07-26T15:18:21.286523793Z: + . /tmp/with_clone18cb96aa/test/cases/_tmp/env.sh
[STDERR  ] 2017-07-26T15:18:21.28655653Z: + export LINUXKIT_EXAMPLES_DIR=/tmp/with_clone18cb96aa/test/cases/../../examples
[STDERR  ] 2017-07-26T15:18:21.286575259Z: + export LINUXKIT_BLUEPRINTS_DIR=/tmp/with_clone18cb96aa/test/cases/../../blueprints
[STDERR  ] 2017-07-26T15:18:21.286587623Z: + RT_CANCEL=253
[STDERR  ] 2017-07-26T15:18:21.286599997Z: + NAME=test-format
[STDERR  ] 2017-07-26T15:18:21.286612357Z: + trap clean_up EXIT
[STDERR  ] 2017-07-26T15:18:21.286651706Z: + moby build -name test-format -output kernel+initrd test.yml
[STDERR  ] 2017-07-26T15:18:21.297623649Z: Extract kernel image: linuxkit/kernel:4.9.39
[STDERR  ] 2017-07-26T15:18:30.270540416Z: Add init containers:
[STDERR  ] 2017-07-26T15:18:30.270609154Z: Process init image: linuxkit/init:838b772355a8690143b37de1cdd4ac5db725271f
[STDERR  ] 2017-07-26T15:18:31.924982703Z: Process init image: linuxkit/runc:d5cbeb95bdafedb82ad2cf11cff1a5da7fcae630
[STDERR  ] 2017-07-26T15:18:33.820944871Z: Add onboot containers:
[STDERR  ] 2017-07-26T15:18:33.821009736Z:   Create OCI config for linuxkit/format:efafddf9bc6165b5efaf09c532c15a1100a10e61
[STDERR  ] 2017-07-26T15:18:36.278481401Z:   Create OCI config for linuxkit/format:efafddf9bc6165b5efaf09c532c15a1100a10e61
[STDERR  ] 2017-07-26T15:18:38.779955356Z:   Create OCI config for linuxkit/mount:54990a6a69cb3ead4da8a9c1f0b651e27aea8d3f
[STDERR  ] 2017-07-26T15:18:40.516688927Z:   Create OCI config for linuxkit/mount:54990a6a69cb3ead4da8a9c1f0b651e27aea8d3f
[STDERR  ] 2017-07-26T15:18:42.264701162Z:   Create OCI config for alpine:3.6
[STDERR  ] 2017-07-26T15:18:43.990027283Z:   Create OCI config for linuxkit/poweroff:bce51402e293da0b653923a43c3c7be6e0effa05
[STDERR  ] 2017-07-26T15:18:45.562545157Z: Add files:
[STDERR  ] 2017-07-26T15:18:45.562617846Z:   check.sh
[STDERR  ] 2017-07-26T15:18:45.562675833Z: Create outputs:
[STDERR  ] 2017-07-26T15:18:50.631861813Z:   test-format-kernel test-format-initrd.img test-format-cmdline
[STDERR  ] 2017-07-26T15:18:50.83185008Z: + linuxkit run -disk file=test-format1.img,size=512M -disk file=test-format2.img,size=512M test-format
[STDERR  ] 2017-07-26T15:19:14.649915064Z: main-loop: WARNING: I/O thread spun for 1000 iterations
[STDERR  ] 2017-07-26T15:19:39.067460957Z: + RESULT=[    0.000000] Linux version 4.9.39-linuxkit (root@e1ede117fb1e) (gcc version 6.3.0 (Alpine 6.3.0) ) #1 SMP Wed Jul 26 10:03:32 UTC 2017
[STDERR  ] 2017-07-26T15:19:39.06753565Z: [    0.000000] Command line: console=ttyS0
[STDERR  ] 2017-07-26T15:19:39.067550321Z: [    0.000000] x86/fpu: Legacy x87 FPU detected.
[STDERR  ] 2017-07-26T15:19:39.067564744Z: [    0.000000] x86/fpu: Using 'eager' FPU context switches.
[STDERR  ] 2017-07-26T15:19:39.067589105Z: [    0.000000] e820: BIOS-provided physical RAM map:
[STDERR  ] 2017-07-26T15:19:39.067602391Z: [    0.000000] BIOS-e820: [mem 0x0000000000000000-0x000000000009fbff] usable
[STDERR  ] 2017-07-26T15:19:39.067616224Z: [    0.000000] BIOS-e820: [mem 0x000000000009fc00-0x000000000009ffff] reserved
[STDERR  ] 2017-07-26T15:19:39.067629445Z: [    0.000000] BIOS-e820: [mem 0x00000000000f0000-0x00000000000fffff] reserved
[STDERR  ] 2017-07-26T15:19:39.067642333Z: [    0.000000] BIOS-e820: [mem 0x0000000000100000-0x000000003ffddfff] usable
[STDERR  ] 2017-07-26T15:19:39.067672745Z: [    0.000000] BIOS-e820: [mem 0x000000003ffde000-0x000000003fffffff] reserved
[STDERR  ] 2017-07-26T15:19:39.067684709Z: [    0.000000] BIOS-e820: [mem 0x00000000b0000000-0x00000000bfffffff] reserved
[STDERR  ] 2017-07-26T15:19:39.067696279Z: [    0.000000] BIOS-e820: [mem 0x00000000fed1c000-0x00000000fed1ffff] reserved
[STDERR  ] 2017-07-26T15:19:39.067713198Z: [    0.000000] BIOS-e820: [mem 0x00000000fffc0000-0x00000000ffffffff] reserved
[STDERR  ] 2017-07-26T15:19:39.067724827Z: [    0.000000] NX (Execute Disable) protection: active
[STDERR  ] 2017-07-26T15:19:39.067736625Z: [    0.000000] SMBIOS 2.8 present.
[STDERR  ] 2017-07-26T15:19:39.06774854Z: [    0.000000] e820: last_pfn = 0x3ffde max_arch_pfn = 0x400000000
[STDERR  ] 2017-07-26T15:19:39.067760275Z: [    0.000000] x86/PAT: Configuration [0-7]: WB  WC  UC- UC  WB  WC  UC- WT  
[STDERR  ] 2017-07-26T15:19:39.067771598Z: [    0.000000] found SMP MP-table at [mem 0x000f6aa0-0x000f6aaf] mapped at [ffff8e01400f6aa0]
[STDERR  ] 2017-07-26T15:19:39.067785158Z: [    0.000000] RAMDISK: [mem 0x3e059000-0x3ffcffff]
[STDERR  ] 2017-07-26T15:19:39.06779695Z: [    0.000000] ACPI: Early table checksum verification disabled
[STDERR  ] 2017-07-26T15:19:39.067808366Z: [    0.000000] ACPI: RSDP 0x00000000000F68C0 000014 (v00 BOCHS )
[STDERR  ] 2017-07-26T15:19:39.067819897Z: [    0.000000] ACPI: RSDT 0x000000003FFE2404 000034 (v01 BOCHS  BXPCRSDT 00000001 BXPC 00000001)
[STDERR  ] 2017-07-26T15:19:39.067832147Z: [    0.000000] ACPI: FACP 0x000000003FFE22A4 000074 (v01 BOCHS  BXPCFACP 00000001 BXPC 00000001)
[STDERR  ] 2017-07-26T15:19:39.067848674Z: [    0.000000] ACPI: DSDT 0x000000003FFE0040 002264 (v01 BOCHS  BXPCDSDT 00000001 BXPC 00000001)
[STDERR  ] 2017-07-26T15:19:39.067860943Z: [    0.000000] ACPI: FACS 0x000000003FFE0000 000040
[STDERR  ] 2017-07-26T15:19:39.067873261Z: [    0.000000] ACPI: APIC 0x000000003FFE2318 000078 (v01 BOCHS  BXPCAPIC 00000001 BXPC 00000001)
[STDERR  ] 2017-07-26T15:19:39.067885021Z: [    0.000000] ACPI: HPET 0x000000003FFE2390 000038 (v01 BOCHS  BXPCHPET 00000001 BXPC 00000001)
[STDERR  ] 2017-07-26T15:19:39.067896728Z: [    0.000000] ACPI: MCFG 0x000000003FFE23C8 00003C (v01 BOCHS  BXPCMCFG 00000001 BXPC 00000001)
[STDERR  ] 2017-07-26T15:19:39.067908246Z: [    0.000000] Zone ranges:
[STDERR  ] 2017-07-26T15:19:39.067920261Z: [    0.000000]   DMA      [mem 0x0000000000001000-0x0000000000ffffff]
[STDERR  ] 2017-07-26T15:19:39.067931688Z: [    0.000000]   DMA32    [mem 0x0000000001000000-0x000000003ffddfff]
[STDERR  ] 2017-07-26T15:19:39.067942866Z: [    0.000000]   Normal   empty
[STDERR  ] 2017-07-26T15:19:39.067954471Z: [    0.000000] Movable zone start for each node
[STDERR  ] 2017-07-26T15:19:39.067973137Z: [    0.000000] Early memory node ranges
[STDERR  ] 2017-07-26T15:19:39.067984628Z: [    0.000000]   node   0: [mem 0x0000000000001000-0x000000000009efff]
[STDERR  ] 2017-07-26T15:19:39.067996329Z: [    0.000000]   node   0: [mem 0x0000000000100000-0x000000003ffddfff]
[STDERR  ] 2017-07-26T15:19:39.068011237Z: [    0.000000] Initmem setup node 0 [mem 0x0000000000001000-0x000000003ffddfff]
[STDERR  ] 2017-07-26T15:19:39.068023008Z: [    0.000000] ACPI: PM-Timer IO Port: 0x608
[STDERR  ] 2017-07-26T15:19:39.068034559Z: [    0.000000] ACPI: LAPIC_NMI (acpi_id[0xff] dfl dfl lint[0x1])
[STDERR  ] 2017-07-26T15:19:39.068046085Z: [    0.000000] IOAPIC[0]: apic_id 0, version 32, address 0xfec00000, GSI 0-23
[STDERR  ] 2017-07-26T15:19:39.068057956Z: [    0.000000] ACPI: INT_SRC_OVR (bus 0 bus_irq 0 global_irq 2 dfl dfl)
[STDERR  ] 2017-07-26T15:19:39.068069495Z: [    0.000000] ACPI: INT_SRC_OVR (bus 0 bus_irq 5 global_irq 5 high level)
[STDERR  ] 2017-07-26T15:19:39.068080965Z: [    0.000000] ACPI: INT_SRC_OVR (bus 0 bus_irq 9 global_irq 9 high level)
[STDERR  ] 2017-07-26T15:19:39.068092353Z: [    0.000000] ACPI: INT_SRC_OVR (bus 0 bus_irq 10 global_irq 10 high level)
[STDERR  ] 2017-07-26T15:19:39.068103862Z: [    0.000000] ACPI: INT_SRC_OVR (bus 0 bus_irq 11 global_irq 11 high level)
[STDERR  ] 2017-07-26T15:19:39.068122915Z: [    0.000000] Using ACPI (MADT) for SMP configuration information
[STDERR  ] 2017-07-26T15:19:39.068134455Z: [    0.000000] ACPI: HPET id: 0x8086a201 base: 0xfed00000
[STDERR  ] 2017-07-26T15:19:39.068145852Z: [    0.000000] smpboot: Allowing 1 CPUs, 0 hotplug CPUs
[STDERR  ] 2017-07-26T15:19:39.068163723Z: [    0.000000] e820: [mem 0x40000000-0xafffffff] available for PCI devices
[STDERR  ] 2017-07-26T15:19:39.068175121Z: [    0.000000] Booting paravirtualized kernel on bare hardware
[STDERR  ] 2017-07-26T15:19:39.068186401Z: [    0.000000] clocksource: refined-jiffies: mask: 0xffffffff max_cycles: 0xffffffff, max_idle_ns: 19112604462750000 ns
[STDERR  ] 2017-07-26T15:19:39.068200099Z: [    0.000000] setup_percpu: NR_CPUS:128 nr_cpumask_bits:128 nr_cpu_ids:1 nr_node_ids:1
[STDERR  ] 2017-07-26T15:19:39.068211505Z: [    0.000000] percpu: Embedded 35 pages/cpu @ffff8e017de00000 s105240 r8192 d29928 u2097152
[STDERR  ] 2017-07-26T15:19:39.068224672Z: [    0.000000] Built 1 zonelists in Zone order, mobility grouping on.  Total pages: 257895
[STDERR  ] 2017-07-26T15:19:39.068236203Z: [    0.000000] Kernel command line: console=ttyS0
[STDERR  ] 2017-07-26T15:19:39.068247318Z: [    0.000000] PID hash table entries: 4096 (order: 3, 32768 bytes)
[STDERR  ] 2017-07-26T15:19:39.0682584Z: [    0.000000] Dentry cache hash table entries: 131072 (order: 8, 1048576 bytes)
[STDERR  ] 2017-07-26T15:19:39.068268931Z: [    0.000000] Inode-cache hash table entries: 65536 (order: 7, 524288 bytes)
[STDERR  ] 2017-07-26T15:19:39.068286153Z: [    0.000000] Memory: 981960K/1048048K available (8027K kernel code, 1366K rwdata, 2696K rodata, 1376K init, 568K bss, 66088K reserved, 0K cma-reserved)
[STDERR  ] 2017-07-26T15:19:39.068300211Z: [    0.000000] Hierarchical RCU implementation.
[STDERR  ] 2017-07-26T15:19:39.068310471Z: [    0.000000] 	Build-time adjustment of leaf fanout to 64.
[STDERR  ] 2017-07-26T15:19:39.068321201Z: [    0.000000] 	RCU restricting CPUs from NR_CPUS=128 to nr_cpu_ids=1.
[STDERR  ] 2017-07-26T15:19:39.068331507Z: [    0.000000] RCU: Adjusting geometry for rcu_fanout_leaf=64, nr_cpu_ids=1
[STDERR  ] 2017-07-26T15:19:39.068342149Z: [    0.000000] NR_IRQS:8448 nr_irqs:256 16
[STDERR  ] 2017-07-26T15:19:39.068352705Z: [    0.000000] Console: colour VGA+ 80x25
[STDERR  ] 2017-07-26T15:19:39.068363484Z: [    0.000000] console [ttyS0] enabled
[STDERR  ] 2017-07-26T15:19:39.068374034Z: [    0.000000] clocksource: hpet: mask: 0xffffffff max_cycles: 0xffffffff, max_idle_ns: 19112604467 ns
[STDERR  ] 2017-07-26T15:19:39.068385918Z: [    0.000000] tsc: Fast TSC calibration using PIT
[STDERR  ] 2017-07-26T15:19:39.068396714Z: [    0.000000] tsc: Detected 2300.097 MHz processor
[STDERR  ] 2017-07-26T15:19:39.068407083Z: [    0.021308] Calibrating delay loop (skipped), value calculated using timer frequency.. 4600.19 BogoMIPS (lpj=23000970)
[STDERR  ] 2017-07-26T15:19:39.06841972Z: [    0.022356] pid_max: default: 32768 minimum: 301
[STDERR  ] 2017-07-26T15:19:39.068430442Z: [    0.023224] ACPI: Core revision 20160831
[STDERR  ] 2017-07-26T15:19:39.068441069Z: [    0.071556] ACPI: 1 ACPI AML tables successfully acquired and loaded
[STDERR  ] 2017-07-26T15:19:39.068451574Z: [    0.074750] Security Framework initialized
[STDERR  ] 2017-07-26T15:19:39.068461787Z: [    0.075145] Yama: becoming mindful.
[STDERR  ] 2017-07-26T15:19:39.068472227Z: [    0.077026] Mount-cache hash table entries: 2048 (order: 2, 16384 bytes)
[STDERR  ] 2017-07-26T15:19:39.068482676Z: [    0.077576] Mountpoint-cache hash table entries: 2048 (order: 2, 16384 bytes)
[STDERR  ] 2017-07-26T15:19:39.06849315Z: [    0.096341] Last level iTLB entries: 4KB 0, 2MB 0, 4MB 0
[STDERR  ] 2017-07-26T15:19:39.068503284Z: [    0.096782] Last level dTLB entries: 4KB 0, 2MB 0, 4MB 0, 1GB 0
[STDERR  ] 2017-07-26T15:19:39.068513905Z: [    0.394619] Freeing SMP alternatives memory: 20K (ffffffff85eaf000 - ffffffff85eb4000)
[STDERR  ] 2017-07-26T15:19:39.068525004Z: [    0.403413] ftrace: allocating 35482 entries in 139 pages
[STDERR  ] 2017-07-26T15:19:39.06853995Z: [    0.553454] smpboot: Max logical packages: 1
[STDERR  ] 2017-07-26T15:19:39.068555054Z: [    0.558609] ..TIMER: vector=0x30 apic1=0 pin1=2 apic2=-1 pin2=-1
[STDERR  ] 2017-07-26T15:19:39.068566197Z: [    0.660000] smpboot: CPU0: AMD QEMU Virtual CPU version 2.5+ (family: 0x6, model: 0x6, stepping: 0x3)
[STDERR  ] 2017-07-26T15:19:39.068578928Z: [    0.660000] Performance Events: PMU not available due to virtualization, using software events only.
[STDERR  ] 2017-07-26T15:19:39.068590208Z: [    0.667295] NMI watchdog: disabled (cpu0): hardware events not enabled
[STDERR  ] 2017-07-26T15:19:39.068601258Z: [    0.667702] NMI watchdog: Shutting down hard lockup detector on all cpus
[STDERR  ] 2017-07-26T15:19:39.068612196Z: [    0.670471] x86: Booted up 1 node, 1 CPUs
[STDERR  ] 2017-07-26T15:19:39.068623629Z: [    0.670806] smpboot: Total of 1 processors activated (4600.19 BogoMIPS)
[STDERR  ] 2017-07-26T15:19:39.068635565Z: [    0.683814] devtmpfs: initialized
[STDERR  ] 2017-07-26T15:19:39.068654255Z: [    0.688486] x86/mm: Memory block size: 128MB
[STDERR  ] 2017-07-26T15:19:39.068663188Z: [    0.751366] clocksource: jiffies: mask: 0xffffffff max_cycles: 0xffffffff, max_idle_ns: 19112604462750000 ns
[STDERR  ] 2017-07-26T15:19:39.068682955Z: [    0.752115] futex hash table entries: 256 (order: 2, 16384 bytes)
[STDERR  ] 2017-07-26T15:19:39.068696489Z: [    0.761080] NET: Registered protocol family 16
[STDERR  ] 2017-07-26T15:19:39.068707221Z: [    0.770388] cpuidle: using governor ladder
[STDERR  ] 2017-07-26T15:19:39.06871406Z: [    0.770771] cpuidle: using governor menu
[STDERR  ] 2017-07-26T15:19:39.068720881Z: [    0.771785] ACPI: bus type PCI registered
[STDERR  ] 2017-07-26T15:19:39.068727513Z: [    0.774468] PCI: MMCONFIG for domain 0000 [bus 00-ff] at [mem 0xb0000000-0xbfffffff] (base 0xb0000000)
[STDERR  ] 2017-07-26T15:19:39.068734937Z: [    0.775160] PCI: MMCONFIG at [mem 0xb0000000-0xbfffffff] reserved in E820
[STDERR  ] 2017-07-26T15:19:39.068747362Z: [    0.776376] PCI: Using configuration type 1 for base access
[STDERR  ] 2017-07-26T15:19:39.068762522Z: [    0.832149] HugeTLB registered 2 MB page size, pre-allocated 0 pages
[STDERR  ] 2017-07-26T15:19:39.068769389Z: [    0.841612] ACPI: Added _OSI(Module Device)
[STDERR  ] 2017-07-26T15:19:39.06877944Z: [    0.841903] ACPI: Added _OSI(Processor Device)
[STDERR  ] 2017-07-26T15:19:39.068786091Z: [    0.842162] ACPI: Added _OSI(3.0 _SCP Extensions)
[STDERR  ] 2017-07-26T15:19:39.068792814Z: [    0.842434] ACPI: Added _OSI(Processor Aggregator Device)
[STDERR  ] 2017-07-26T15:19:39.068799376Z: [    0.918434] ACPI: Interpreter enabled
[STDERR  ] 2017-07-26T15:19:39.068805943Z: [    0.919196] ACPI: (supports S0 S5)
[STDERR  ] 2017-07-26T15:19:39.068813618Z: [    0.919460] ACPI: Using IOAPIC for interrupt routing
[STDERR  ] 2017-07-26T15:19:39.068820309Z: [    0.921300] PCI: Using host bridge windows from ACPI; if necessary, use "pci=nocrs" and report a bug
[STDERR  ] 2017-07-26T15:19:39.068827546Z: [    0.985345] ACPI: PCI Root Bridge [PCI0] (domain 0000 [bus 00-ff])
[STDERR  ] 2017-07-26T15:19:39.06883426Z: [    0.986174] acpi PNP0A08:00: _OSC: OS supports [ExtendedConfig ASPM ClockPM Segments MSI]
[STDERR  ] 2017-07-26T15:19:39.068840844Z: [    0.991825] acpi PNP0A08:00: _OSC: OS now controls [PCIeHotplug PME PCIeCapability]
[STDERR  ] 2017-07-26T15:19:39.068849968Z: [    0.995277] PCI host bridge to bus 0000:00
[STDERR  ] 2017-07-26T15:19:39.068856533Z: [    0.995656] pci_bus 0000:00: root bus resource [io  0x0000-0x0cf7 window]
[STDERR  ] 2017-07-26T15:19:39.068863131Z: [    0.996060] pci_bus 0000:00: root bus resource [io  0x0d00-0xffff window]
[STDERR  ] 2017-07-26T15:19:39.068869743Z: [    0.996440] pci_bus 0000:00: root bus resource [mem 0x000a0000-0x000bffff window]
[STDERR  ] 2017-07-26T15:19:39.068876332Z: [    0.996863] pci_bus 0000:00: root bus resource [mem 0xc0000000-0xfebfffff window]
[STDERR  ] 2017-07-26T15:19:39.068887905Z: [    0.997401] pci_bus 0000:00: root bus resource [bus 00-ff]
[STDERR  ] 2017-07-26T15:19:39.068898556Z: [    1.102323] pci 0000:00:1f.0: quirk: [io  0x0600-0x067f] claimed by ICH6 ACPI/GPIO/TCO
[STDERR  ] 2017-07-26T15:19:39.068908355Z: [    1.161029] ACPI: PCI Interrupt Link [LNKA] (IRQs 5 *10 11)
[STDERR  ] 2017-07-26T15:19:39.068915072Z: [    1.162982] ACPI: PCI Interrupt Link [LNKB] (IRQs 5 *10 11)
[STDERR  ] 2017-07-26T15:19:39.068921775Z: [    1.164660] ACPI: PCI Interrupt Link [LNKC] (IRQs 5 10 *11)
[STDERR  ] 2017-07-26T15:19:39.068928422Z: [    1.166714] ACPI: PCI Interrupt Link [LNKD] (IRQs 5 10 *11)
[STDERR  ] 2017-07-26T15:19:39.068934966Z: [    1.169142] ACPI: PCI Interrupt Link [LNKE] (IRQs 5 *10 11)
[STDERR  ] 2017-07-26T15:19:39.068941582Z: [    1.170000] ACPI: PCI Interrupt Link [LNKF] (IRQs 5 *10 11)
[STDERR  ] 2017-07-26T15:19:39.068948324Z: [    1.170000] ACPI: PCI Interrupt Link [LNKG] (IRQs 5 10 *11)
[STDERR  ] 2017-07-26T15:19:39.068954941Z: [    1.170000] ACPI: PCI Interrupt Link [LNKH] (IRQs 5 10 *11)
[STDERR  ] 2017-07-26T15:19:39.068961511Z: [    1.170000] ACPI: PCI Interrupt Link [GSIA] (IRQs *16)
[STDERR  ] 2017-07-26T15:19:39.068968165Z: [    1.170000] ACPI: PCI Interrupt Link [GSIB] (IRQs *17)
[STDERR  ] 2017-07-26T15:19:39.068974762Z: [    1.170192] ACPI: PCI Interrupt Link [GSIC] (IRQs *18)
[STDERR  ] 2017-07-26T15:19:39.068981293Z: [    1.170830] ACPI: PCI Interrupt Link [GSID] (IRQs *19)
[STDERR  ] 2017-07-26T15:19:39.068987818Z: [    1.171457] ACPI: PCI Interrupt Link [GSIE] (IRQs *20)
[STDERR  ] 2017-07-26T15:19:39.068994361Z: [    1.172092] ACPI: PCI Interrupt Link [GSIF] (IRQs *21)
[STDERR  ] 2017-07-26T15:19:39.069000828Z: [    1.172752] ACPI: PCI Interrupt Link [GSIG] (IRQs *22)
[STDERR  ] 2017-07-26T15:19:39.069011297Z: [    1.173407] ACPI: PCI Interrupt Link [GSIH] (IRQs *23)
[STDERR  ] 2017-07-26T15:19:39.069017925Z: [    1.184512] ACPI: Enabled 2 GPEs in block 00 to 3F
[STDERR  ] 2017-07-26T15:19:39.069024458Z: [    1.193709] SCSI subsystem initialized
[STDERR  ] 2017-07-26T15:19:39.06903196Z: [    1.195463] ACPI: bus type USB registered
[STDERR  ] 2017-07-26T15:19:39.069038489Z: [    1.196507] usbcore: registered new interface driver usbfs
[STDERR  ] 2017-07-26T15:19:39.069045007Z: [    1.197359] usbcore: registered new interface driver hub
[STDERR  ] 2017-07-26T15:19:39.069051443Z: [    1.198079] usbcore: registered new device driver usb
[STDERR  ] 2017-07-26T15:19:39.069057956Z: [    1.199198] pps_core: LinuxPPS API ver. 1 registered
[STDERR  ] 2017-07-26T15:19:39.069064449Z: [    1.199501] pps_core: Software ver. 5.3.6 - Copyright 2005-2007 Rodolfo Giometti <giometti@linux.it>
[STDERR  ] 2017-07-26T15:19:39.069071724Z: [    1.200185] PTP clock support registered
[STDERR  ] 2017-07-26T15:19:39.069078242Z: [    1.201300] wmi: Mapper loaded
[STDERR  ] 2017-07-26T15:19:39.069084802Z: [    1.202272] PCI: Using ACPI for IRQ routing
[STDERR  ] 2017-07-26T15:19:39.069091445Z: [    1.221223] NetLabel: Initializing
[STDERR  ] 2017-07-26T15:19:39.069097989Z: [    1.221454] NetLabel:  domain hash size = 128
[STDERR  ] 2017-07-26T15:19:39.069104454Z: [    1.221718] NetLabel:  protocols = UNLABELED CIPSOv4
[STDERR  ] 2017-07-26T15:19:39.069111036Z: [    1.223448] NetLabel:  unlabeled traffic allowed by default
[STDERR  ] 2017-07-26T15:19:39.069121238Z: [    1.224258] HPET: 3 timers in total, 0 timers will be used for per-cpu timer
[STDERR  ] 2017-07-26T15:19:39.069128062Z: [    1.224917] hpet0: at MMIO 0xfed00000, IRQs 2, 8, 0
[STDERR  ] 2017-07-26T15:19:39.069134565Z: [    1.225342] hpet0: 3 comparators, 64-bit 100.000000 MHz counter
[STDERR  ] 2017-07-26T15:19:39.069141212Z: [    1.230674] clocksource: Switched to clocksource hpet
[STDERR  ] 2017-07-26T15:19:39.06914784Z: [    1.494764] VFS: Disk quotas dquot_6.6.0
[STDERR  ] 2017-07-26T15:19:39.069154395Z: [    1.495369] VFS: Dquot-cache hash table entries: 512 (order 0, 4096 bytes)
[STDERR  ] 2017-07-26T15:19:39.069160999Z: [    1.497904] FS-Cache: Loaded
[STDERR  ] 2017-07-26T15:19:39.069167627Z: [    1.502925] CacheFiles: Loaded
[STDERR  ] 2017-07-26T15:19:39.069182062Z: [    1.504484] pnp: PnP ACPI init
[STDERR  ] 2017-07-26T15:19:39.069205338Z: [    1.516135] pnp: PnP ACPI: found 5 devices
[STDERR  ] 2017-07-26T15:19:39.069218311Z: [    1.565901] clocksource: acpi_pm: mask: 0xffffff max_cycles: 0xffffff, max_idle_ns: 2085701024 ns
[STDERR  ] 2017-07-26T15:19:39.069230222Z: [    1.568631] NET: Registered protocol family 2
[STDERR  ] 2017-07-26T15:19:39.069241312Z: [    1.575703] TCP established hash table entries: 8192 (order: 4, 65536 bytes)
[STDERR  ] 2017-07-26T15:19:39.069252555Z: [    1.576361] TCP bind hash table entries: 8192 (order: 5, 131072 bytes)
[STDERR  ] 2017-07-26T15:19:39.069263885Z: [    1.576978] TCP: Hash tables configured (established 8192 bind 8192)
[STDERR  ] 2017-07-26T15:19:39.069274988Z: [    1.579213] UDP hash table entries: 512 (order: 2, 16384 bytes)
[STDERR  ] 2017-07-26T15:19:39.069285906Z: [    1.579699] UDP-Lite hash table entries: 512 (order: 2, 16384 bytes)
[STDERR  ] 2017-07-26T15:19:39.069298304Z: [    1.582116] NET: Registered protocol family 1
[STDERR  ] 2017-07-26T15:19:39.069310333Z: [    1.582994] pci 0000:00:01.0: Video device with shadowed ROM at [mem 0x000c0000-0x000dffff]
[STDERR  ] 2017-07-26T15:19:39.069322653Z: [    1.589740] Unpacking initramfs...
[STDERR  ] 2017-07-26T15:19:39.069334278Z: [    7.476263] Freeing initrd memory: 32220K (ffff8e017e059000 - ffff8e017ffd0000)
[STDERR  ] 2017-07-26T15:19:39.069345751Z: [    7.498661] PCLMULQDQ-NI instructions are not detected.
[STDERR  ] 2017-07-26T15:19:39.06935292Z: [    7.499696] AVX or AES-NI instructions are not detected.
[STDERR  ] 2017-07-26T15:19:39.069359594Z: [    7.500089] CPU feature 'AVX registers' is not supported.
[STDERR  ] 2017-07-26T15:19:39.069366361Z: [    7.500678] CPU feature 'AVX registers' is not supported.
[STDERR  ] 2017-07-26T15:19:39.069372975Z: [    7.501039] CPU feature 'AVX registers' is not supported.
[STDERR  ] 2017-07-26T15:19:39.069379673Z: [    7.501386] CPU feature 'AVX registers' is not supported.
[STDERR  ] 2017-07-26T15:19:39.069391273Z: [    7.501725] AVX2 or AES-NI instructions are not detected.
[STDERR  ] 2017-07-26T15:19:39.069397883Z: [    7.502064] AVX2 instructions are not detected.
[STDERR  ] 2017-07-26T15:19:39.069404492Z: [    7.507271] audit: initializing netlink subsys (disabled)
[STDERR  ] 2017-07-26T15:19:39.069411033Z: [    7.508780] audit: type=2000 audit(1501082338.500:1): initialized
[STDERR  ] 2017-07-26T15:19:39.069417598Z: [    7.516075] workingset: timestamp_bits=46 max_order=18 bucket_order=0
[STDERR  ] 2017-07-26T15:19:39.069424216Z: [    7.525604] FS-Cache: Netfs 'cifs' registered for caching
[STDERR  ] 2017-07-26T15:19:39.06943074Z: [    7.526476] fuse init (API version 7.26)
[STDERR  ] 2017-07-26T15:19:39.069437373Z: [    7.528637] SGI XFS with ACLs, security attributes, no debug enabled
[STDERR  ] 2017-07-26T15:19:39.06944402Z: [    7.532659] 9p: Installing v9fs 9p2000 file system support
[STDERR  ] 2017-07-26T15:19:39.069450658Z: [    7.533087] FS-Cache: Netfs '9p' registered for caching
[STDERR  ] 2017-07-26T15:19:39.069457147Z: [    7.564595] NET: Registered protocol family 38
[STDERR  ] 2017-07-26T15:19:39.069470342Z: [    7.565096] Key type asymmetric registered
[STDERR  ] 2017-07-26T15:19:39.06947715Z: [    7.565395] Asymmetric key parser 'x509' registered
[STDERR  ] 2017-07-26T15:19:39.069483698Z: [    7.566050] Block layer SCSI generic (bsg) driver version 0.4 loaded (major 251)
[STDERR  ] 2017-07-26T15:19:39.069490235Z: [    7.567182] io scheduler noop registered
[STDERR  ] 2017-07-26T15:19:39.069496833Z: [    7.567469] io scheduler deadline registered (default)
[STDERR  ] 2017-07-26T15:19:39.069503414Z: [    7.567985] io scheduler cfq registered
[STDERR  ] 2017-07-26T15:19:39.069509939Z: [    7.571337] pci_hotplug: PCI Hot Plug PCI Core version: 0.5
[STDERR  ] 2017-07-26T15:19:39.069516625Z: [    7.571852] pciehp: PCI Express Hot Plug Controller Driver version: 0.4
[STDERR  ] 2017-07-26T15:19:39.069523173Z: [    7.572565] shpchp: Standard Hot Plug PCI Controller Driver version: 0.4
[STDERR  ] 2017-07-26T15:19:39.069529768Z: [    7.573396] hv_vmbus: registering driver hyperv_fb
[STDERR  ] 2017-07-26T15:19:39.069542504Z: [    7.576697] input: Power Button as /devices/LNXSYSTM:00/LNXPWRBN:00/input/input0
[STDERR  ] 2017-07-26T15:19:39.069549184Z: [    7.577669] ACPI: Power Button [PWRF]
[STDERR  ] 2017-07-26T15:19:39.069555735Z: [    7.583552] GHES: HEST is not enabled!
[STDERR  ] 2017-07-26T15:19:39.069562382Z: [    7.595139] ACPI: PCI Interrupt Link [GSIG] enabled at IRQ 22
[STDERR  ] 2017-07-26T15:19:39.06957327Z: [    7.607860] ACPI: PCI Interrupt Link [GSIH] enabled at IRQ 23
[STDERR  ] 2017-07-26T15:19:39.069579906Z: [    7.611850] xenfs: not registering filesystem on non-xen platform
[STDERR  ] 2017-07-26T15:19:39.069586434Z: [    7.613651] Serial: 8250/16550 driver, 4 ports, IRQ sharing disabled
[STDERR  ] 2017-07-26T15:19:39.069592976Z: [    7.639598] 00:04: ttyS0 at I/O 0x3f8 (irq = 4, base_baud = 115200) is a 16550A
[STDERR  ] 2017-07-26T15:19:39.069599535Z: [    7.650080] Non-volatile memory driver v1.3
[STDERR  ] 2017-07-26T15:19:39.069606085Z: [    7.656442] Hangcheck: starting hangcheck timer 0.9.1 (tick is 180 seconds, margin is 60 seconds).
[STDERR  ] 2017-07-26T15:19:39.069615333Z: [    7.660703] random: fast init done
[STDERR  ] 2017-07-26T15:19:39.069621867Z: [    7.661863] random: crng init done
[STDERR  ] 2017-07-26T15:19:39.069628379Z: [    7.698216] loop: module loaded
[STDERR  ] 2017-07-26T15:19:39.069635005Z: [    7.712378] nbd: registered device at major 43
[STDERR  ] 2017-07-26T15:19:39.069641538Z: [    7.755703] lpc_ich 0000:00:1f.0: I/O space for GPIO uninitialized
[STDERR  ] 2017-07-26T15:19:39.06965188Z: [    7.757316] VMware PVSCSI driver - version 1.0.7.0-k
[STDERR  ] 2017-07-26T15:19:39.06965861Z: [    7.757973] hv_vmbus: registering driver hv_storvsc
[STDERR  ] 2017-07-26T15:19:39.069665301Z: [    7.768380] ACPI: PCI Interrupt Link [GSIA] enabled at IRQ 16
[STDERR  ] 2017-07-26T15:19:39.069671862Z: [    7.774584] ahci 0000:00:1f.2: AHCI 0001.0000 32 slots 6 ports 1.5 Gbps 0x3f impl SATA mode
[STDERR  ] 2017-07-26T15:19:39.069679132Z: [    7.775163] ahci 0000:00:1f.2: flags: 64bit ncq only 
[STDERR  ] 2017-07-26T15:19:39.069685649Z: [    7.795894] scsi host0: ahci
[STDERR  ] 2017-07-26T15:19:39.069692163Z: [    7.799478] scsi host1: ahci
[STDERR  ] 2017-07-26T15:19:39.069698624Z: [    7.801936] scsi host2: ahci
[STDERR  ] 2017-07-26T15:19:39.069705184Z: [    7.804037] scsi host3: ahci
[STDERR  ] 2017-07-26T15:19:39.069711653Z: [    7.806176] scsi host4: ahci
[STDERR  ] 2017-07-26T15:19:39.069718172Z: [    7.808324] scsi host5: ahci
[STDERR  ] 2017-07-26T15:19:39.069728215Z: [    7.810087] ata1: SATA max UDMA/133 abar m4096@0xfebd2000 port 0xfebd2100 irq 24
[STDERR  ] 2017-07-26T15:19:39.069736958Z: [    7.810787] ata2: SATA max UDMA/133 abar m4096@0xfebd2000 port 0xfebd2180 irq 24
[STDERR  ] 2017-07-26T15:19:39.069743841Z: [    7.811196] ata3: SATA max UDMA/133 abar m4096@0xfebd2000 port 0xfebd2200 irq 24
[STDERR  ] 2017-07-26T15:19:39.069750493Z: [    7.811594] ata4: SATA max UDMA/133 abar m4096@0xfebd2000 port 0xfebd2280 irq 24
[STDERR  ] 2017-07-26T15:19:39.069757075Z: [    7.811998] ata5: SATA max UDMA/133 abar m4096@0xfebd2000 port 0xfebd2300 irq 24
[STDERR  ] 2017-07-26T15:19:39.069763576Z: [    7.812406] ata6: SATA max UDMA/133 abar m4096@0xfebd2000 port 0xfebd2380 irq 24
[STDERR  ] 2017-07-26T15:19:39.069770223Z: [    7.826150] tun: Universal TUN/TAP device driver, 1.6
[STDERR  ] 2017-07-26T15:19:39.069782113Z: [    7.826474] tun: (C) 1999-2004 Max Krasnyansky <maxk@qualcomm.com>
[STDERR  ] 2017-07-26T15:19:39.069788662Z: [    7.836922] VMware vmxnet3 virtual NIC driver - version 1.4.a.0-k-NAPI
[STDERR  ] 2017-07-26T15:19:39.069795334Z: [    7.837665] hv_vmbus: registering driver hv_netvsc
[STDERR  ] 2017-07-26T15:19:39.069801956Z: [    7.837974] Fusion MPT base driver 3.04.20
[STDERR  ] 2017-07-26T15:19:39.069808457Z: [    7.838223] Copyright (c) 1999-2008 LSI Corporation
[STDERR  ] 2017-07-26T15:19:39.069815005Z: [    7.838712] Fusion MPT SPI Host driver 3.04.20
[STDERR  ] 2017-07-26T15:19:39.069821479Z: [    7.840952] i8042: PNP: PS/2 Controller [PNP0303:KBD,PNP0f13:MOU] at 0x60,0x64 irq 1,12
[STDERR  ] 2017-07-26T15:19:39.069833878Z: [    7.844796] serio: i8042 KBD port at 0x60,0x64 irq 1
[STDERR  ] 2017-07-26T15:19:39.069840556Z: [    7.845323] serio: i8042 AUX port at 0x60,0x64 irq 12
[STDERR  ] 2017-07-26T15:19:39.069847163Z: [    7.848245] hv_vmbus: registering driver hyperv_keyboard
[STDERR  ] 2017-07-26T15:19:39.069853724Z: [    7.850455] mousedev: PS/2 mouse device common for all mice
[STDERR  ] 2017-07-26T15:19:39.069860278Z: [    7.855006] input: AT Translated Set 2 keyboard as /devices/platform/i8042/serio0/input/input1
[STDERR  ] 2017-07-26T15:19:39.06986841Z: [    7.857819] input: PC Speaker as /devices/platform/pcspkr/input/input2
[STDERR  ] 2017-07-26T15:19:39.069875092Z: [    7.861435] rtc_cmos 00:00: RTC can wake from S4
[STDERR  ] 2017-07-26T15:19:39.069881711Z: [    7.864756] rtc_cmos 00:00: rtc core: registered rtc_cmos as rtc0
[STDERR  ] 2017-07-26T15:19:39.069888257Z: [    7.865965] rtc_cmos 00:00: alarms up to one day, y3k, 114 bytes nvram, hpet irqs
[STDERR  ] 2017-07-26T15:19:39.069894891Z: [    7.866599] i2c /dev entries driver
[STDERR  ] 2017-07-26T15:19:39.069901465Z: [    7.868481] device-mapper: ioctl: 4.35.0-ioctl (2016-06-23) initialised: dm-devel@redhat.com
[STDERR  ] 2017-07-26T15:19:39.06990831Z: [    7.873298] usbcore: registered new interface driver usbhid
[STDERR  ] 2017-07-26T15:19:39.069914798Z: [    7.873653] usbhid: USB HID core driver
[STDERR  ] 2017-07-26T15:19:39.069921308Z: [    7.874159] hv_utils: Registering HyperV Utility Driver
[STDERR  ] 2017-07-26T15:19:39.069927837Z: [    7.874467] hv_vmbus: registering driver hv_util
[STDERR  ] 2017-07-26T15:19:39.069938645Z: [    7.874736] hv_vmbus: registering driver hv_balloon
[STDERR  ] 2017-07-26T15:19:39.069945275Z: [    7.875182] oprofile: using NMI interrupt.
[STDERR  ] 2017-07-26T15:19:39.069951902Z: [    7.876118] GACT probability on
[STDERR  ] 2017-07-26T15:19:39.069958559Z: [    7.876533] Mirror/redirect action on
[STDERR  ] 2017-07-26T15:19:39.069965088Z: [    7.877289] Simple TC action Loaded
[STDERR  ] 2017-07-26T15:19:39.069975432Z: [    7.877779] u32 classifier
[STDERR  ] 2017-07-26T15:19:39.069982237Z: [    7.877952]     Performance counters on
[STDERR  ] 2017-07-26T15:19:39.069988725Z: [    7.878198]     input device check on
[STDERR  ] 2017-07-26T15:19:39.069995284Z: [    7.878414]     Actions configured
[STDERR  ] 2017-07-26T15:19:39.070004998Z: [    7.878895] Netfilter messages via NETLINK v0.30.
[STDERR  ] 2017-07-26T15:19:39.070011683Z: [    7.879362] nfnl_acct: registering with nfnetlink.
[STDERR  ] 2017-07-26T15:19:39.070018206Z: [    7.880807] nf_conntrack version 0.5.0 (8192 buckets, 32768 max)
[STDERR  ] 2017-07-26T15:19:39.070024873Z: [    7.883861] ctnetlink v0.93: registering with nfnetlink.
[STDERR  ] 2017-07-26T15:19:39.070031389Z: [    7.886810] nf_tables: (c) 2007-2009 Patrick McHardy <kaber@trash.net>
[STDERR  ] 2017-07-26T15:19:39.070037979Z: [    7.887545] nf_tables_compat: (c) 2012 Pablo Neira Ayuso <pablo@netfilter.org>
[STDERR  ] 2017-07-26T15:19:39.070044464Z: [    7.889786] xt_time: kernel timezone is -0000
[STDERR  ] 2017-07-26T15:19:39.070051005Z: [    7.890519] ip_set: protocol 6
[STDERR  ] 2017-07-26T15:19:39.070057489Z: [    7.891085] IPVS: Registered protocols (TCP, UDP, SCTP, AH, ESP)
[STDERR  ] 2017-07-26T15:19:39.070063997Z: [    7.891608] IPVS: Connection hash table configured (size=4096, memory=64Kbytes)
[STDERR  ] 2017-07-26T15:19:39.070070526Z: [    7.893173] IPVS: Creating netns size=2104 id=0
[STDERR  ] 2017-07-26T15:19:39.070077078Z: [    7.895657] IPVS: ipvs loaded.
[STDERR  ] 2017-07-26T15:19:39.070083669Z: [    7.895958] IPVS: [rr] scheduler registered.
[STDERR  ] 2017-07-26T15:19:39.070090221Z: [    7.896250] IPVS: [wrr] scheduler registered.
[STDERR  ] 2017-07-26T15:19:39.070096699Z: [    7.896508] IPVS: [lc] scheduler registered.
[STDERR  ] 2017-07-26T15:19:39.070103234Z: [    7.896765] IPVS: [wlc] scheduler registered.
[STDERR  ] 2017-07-26T15:19:39.070109762Z: [    7.897057] IPVS: [fo] scheduler registered.
[STDERR  ] 2017-07-26T15:19:39.07012166Z: [    7.897310] IPVS: [ovf] scheduler registered.
[STDERR  ] 2017-07-26T15:19:39.070128276Z: [    7.897677] IPVS: [lblc] scheduler registered.
[STDERR  ] 2017-07-26T15:19:39.070134739Z: [    7.898031] IPVS: [lblcr] scheduler registered.
[STDERR  ] 2017-07-26T15:19:39.070141266Z: [    7.898327] IPVS: [dh] scheduler registered.
[STDERR  ] 2017-07-26T15:19:39.070147842Z: [    7.898581] IPVS: [sh] scheduler registered.
[STDERR  ] 2017-07-26T15:19:39.070154321Z: [    7.898830] IPVS: [sed] scheduler registered.
[STDERR  ] 2017-07-26T15:19:39.070160917Z: [    7.899086] IPVS: [nq] scheduler registered.
[STDERR  ] 2017-07-26T15:19:39.070167388Z: [    7.899688] IPVS: ftp: loaded support on port[0] = 21
[STDERR  ] 2017-07-26T15:19:39.070173941Z: [    7.900839] ipip: IPv4 and MPLS over IPv4 tunneling driver
[STDERR  ] 2017-07-26T15:19:39.070180471Z: [    7.904870] gre: GRE over IPv4 demultiplexor driver
[STDERR  ] 2017-07-26T15:19:39.07018698Z: [    7.907408] ip_tables: (C) 2000-2006 Netfilter Core Team
[STDERR  ] 2017-07-26T15:19:39.070197506Z: [    7.910805] ipt_CLUSTERIP: ClusterIP Version 0.8 loaded successfully
[STDERR  ] 2017-07-26T15:19:39.070204133Z: [    7.911441] arp_tables: arp_tables: (C) 2002 David S. Miller
[STDERR  ] 2017-07-26T15:19:39.070210634Z: [    7.913625] NET: Registered protocol family 10
[STDERR  ] 2017-07-26T15:19:39.070217106Z: [    7.923535] ip6_tables: (C) 2000-2006 Netfilter Core Team
[STDERR  ] 2017-07-26T15:19:39.070226095Z: [    7.931747] NET: Registered protocol family 17
[STDERR  ] 2017-07-26T15:19:39.070233081Z: [    7.932680] Bridge firewalling registered
[STDERR  ] 2017-07-26T15:19:39.070243395Z: [    7.933151] Ebtables v2.0 registered
[STDERR  ] 2017-07-26T15:19:39.070249921Z: [    7.934888] 8021q: 802.1Q VLAN Support v1.8
[STDERR  ] 2017-07-26T15:19:39.070256381Z: [    7.936244] 9pnet: Installing 9P2000 support
[STDERR  ] 2017-07-26T15:19:39.070262959Z: [    7.937600] Key type dns_resolver registered
[STDERR  ] 2017-07-26T15:19:39.070269433Z: [    7.938425] microcode: AMD CPU family 0x6 not supported
[STDERR  ] 2017-07-26T15:19:39.070276065Z: [    7.942264] registered taskstats version 1
[STDERR  ] 2017-07-26T15:19:39.070282503Z: [    8.095842] Key type big_key registered
[STDERR  ] 2017-07-26T15:19:39.070289022Z: [    8.145834] ata2: SATA link up 1.5 Gbps (SStatus 113 SControl 300)
[STDERR  ] 2017-07-26T15:19:39.070300212Z: [    8.150770] ata6: SATA link down (SStatus 0 SControl 300)
[STDERR  ] 2017-07-26T15:19:39.070306734Z: [    8.152925] ata1: SATA link up 1.5 Gbps (SStatus 113 SControl 300)
[STDERR  ] 2017-07-26T15:19:39.070316626Z: [    8.155881] ata1.00: ATA-7: QEMU HARDDISK, 2.5+, max UDMA/100
[STDERR  ] 2017-07-26T15:19:39.070323301Z: [    8.156321] ata1.00: 1048576 sectors, multi 16: LBA48 NCQ (depth 31/32)
[STDERR  ] 2017-07-26T15:19:39.070329964Z: [    8.156941] ata1.00: applying bridge limits
[STDERR  ] 2017-07-26T15:19:39.070336507Z: [    8.159535] ata1.00: configured for UDMA/100
[STDERR  ] 2017-07-26T15:19:39.070343052Z: [    8.162869] ata3: SATA link up 1.5 Gbps (SStatus 113 SControl 300)
[STDERR  ] 2017-07-26T15:19:39.070349611Z: [    8.163786] ata3.00: ATAPI: QEMU DVD-ROM, 2.5+, max UDMA/100
[STDERR  ] 2017-07-26T15:19:39.070356157Z: [    8.164230] ata3.00: applying bridge limits
[STDERR  ] 2017-07-26T15:19:39.070362694Z: [    8.164886] ata3.00: configured for UDMA/100
[STDERR  ] 2017-07-26T15:19:39.070369212Z: [    8.167277] ata4: SATA link down (SStatus 0 SControl 300)
[STDERR  ] 2017-07-26T15:19:39.070375738Z: [    8.167826] ata5: SATA link down (SStatus 0 SControl 300)
[STDERR  ] 2017-07-26T15:19:39.070382289Z: [    8.190863] ata2.00: ATA-7: QEMU HARDDISK, 2.5+, max UDMA/100
[STDERR  ] 2017-07-26T15:19:39.070388894Z: [    8.191282] ata2.00: 1048576 sectors, multi 16: LBA48 NCQ (depth 31/32)
[STDERR  ] 2017-07-26T15:19:39.070395481Z: [    8.191737] ata2.00: applying bridge limits
[STDERR  ] 2017-07-26T15:19:39.07040206Z: [    8.192490] ata2.00: configured for UDMA/100
[STDERR  ] 2017-07-26T15:19:39.070413665Z: [    8.203014] scsi 0:0:0:0: Direct-Access     ATA      QEMU HARDDISK    2.5+ PQ: 0 ANSI: 5
[STDERR  ] 2017-07-26T15:19:39.070424669Z: [    8.227923] sd 0:0:0:0: [sda] 1048576 512-byte logical blocks: (537 MB/512 MiB)
[STDERR  ] 2017-07-26T15:19:39.070431424Z: [    8.229099] sd 0:0:0:0: Attached scsi generic sg0 type 0
[STDERR  ] 2017-07-26T15:19:39.070438007Z: [    8.239075] sd 0:0:0:0: [sda] Write Protect is off
[STDERR  ] 2017-07-26T15:19:39.070444538Z: [    8.242499] sd 0:0:0:0: [sda] Write cache: enabled, read cache: enabled, doesn't support DPO or FUA
[STDERR  ] 2017-07-26T15:19:39.070452002Z: [    8.244354] scsi 1:0:0:0: Direct-Access     ATA      QEMU HARDDISK    2.5+ PQ: 0 ANSI: 5
[STDERR  ] 2017-07-26T15:19:39.070459563Z: [    8.249785] sd 1:0:0:0: [sdb] 1048576 512-byte logical blocks: (537 MB/512 MiB)
[STDERR  ] 2017-07-26T15:19:39.070466131Z: [    8.252109] sd 1:0:0:0: [sdb] Write Protect is off
[STDERR  ] 2017-07-26T15:19:39.070472702Z: [    8.252830] sd 1:0:0:0: [sdb] Write cache: enabled, read cache: enabled, doesn't support DPO or FUA
[STDERR  ] 2017-07-26T15:19:39.070479409Z: [    8.261742] sd 1:0:0:0: Attached scsi generic sg1 type 0
[STDERR  ] 2017-07-26T15:19:39.070485928Z: [    8.271264] scsi 2:0:0:0: CD-ROM            QEMU     QEMU DVD-ROM     2.5+ PQ: 0 ANSI: 5
[STDERR  ] 2017-07-26T15:19:39.070494406Z: [    8.302446] Key type encrypted registered
[STDERR  ] 2017-07-26T15:19:39.070501239Z: [    8.321453] sr 2:0:0:0: [sr0] scsi3-mmc drive: 4x/4x cd/rw xa/form2 tray
[STDERR  ] 2017-07-26T15:19:39.070507749Z: [    8.322152] cdrom: Uniform CD-ROM driver Revision: 3.20
[STDERR  ] 2017-07-26T15:19:39.07051431Z: [    8.327048] rtc_cmos 00:00: setting system clock to 2017-07-26 15:19:00 UTC (1501082340)
[STDERR  ] 2017-07-26T15:19:39.070520902Z: [    8.359842] sr 2:0:0:0: Attached scsi generic sg2 type 5
[STDERR  ] 2017-07-26T15:19:39.070527443Z: [    8.361770] sd 0:0:0:0: [sda] Attached SCSI disk
[STDERR  ] 2017-07-26T15:19:39.070533958Z: [    8.362357] sd 1:0:0:0: [sdb] Attached SCSI disk
[STDERR  ] 2017-07-26T15:19:39.070540443Z: [    8.529591] Freeing unused kernel memory: 1376K (ffffffff85d57000 - ffffffff85eaf000)
[STDERR  ] 2017-07-26T15:19:39.070547047Z: [    8.530285] Write protecting the kernel read-only data: 12288k
[STDERR  ] 2017-07-26T15:19:39.07055361Z: [    8.531795] tsc: Refined TSC clocksource calibration: 2300.039 MHz
[STDERR  ] 2017-07-26T15:19:39.070560162Z: [    8.532227] clocksource: tsc: mask: 0xffffffffffffffff max_cycles: 0x21275a2a673, max_idle_ns: 440795322019 ns
[STDERR  ] 2017-07-26T15:19:39.07056698Z: [    8.537187] Freeing unused kernel memory: 152K (ffff8e01797da000 - ffff8e0179800000)
[STDERR  ] 2017-07-26T15:19:39.070573652Z: [    8.662212] Freeing unused kernel memory: 1400K (ffff8e0179aa2000 - ffff8e0179c00000)
[STDERR  ] 2017-07-26T15:19:39.070580102Z: [    9.546102] clocksource: Switched to clocksource tsc
[STDERR  ] 2017-07-26T15:19:39.070592661Z: 
[STDERR  ] 2017-07-26T15:19:39.070599283Z: Welcome to LinuxKit
[STDERR  ] 2017-07-26T15:19:39.070605735Z: 
[STDERR  ] 2017-07-26T15:19:39.070612423Z:                         ##         .
[STDERR  ] 2017-07-26T15:19:39.070622966Z:                   ## ## ##        ==
[STDERR  ] 2017-07-26T15:19:39.070629599Z:                ## ## ## ## ##    ===
[STDERR  ] 2017-07-26T15:19:39.070639891Z:            /"""""""""""""""""\___/ ===
[STDERR  ] 2017-07-26T15:19:39.070646593Z:           {                       /  ===-
[STDERR  ] 2017-07-26T15:19:39.070653045Z:            \______ O           __/
[STDERR  ] 2017-07-26T15:19:39.07065954Z:              \    \         __/
[STDERR  ] 2017-07-26T15:19:39.070669697Z:               \____\_______/
[STDERR  ] 2017-07-26T15:19:39.070676174Z: 
[STDERR  ] 2017-07-26T15:19:39.070682942Z: [   20.358690] IPVS: Creating netns size=2104 id=1
[STDERR  ] 2017-07-26T15:19:39.070689364Z: [   20.359144] IPVS: ftp: loaded support on port[0] = 21
[STDERR  ] 2017-07-26T15:19:39.07069591Z: 2017/07/26 15:19:13 Creating partition on /dev/sda
[STDERR  ] 2017-07-26T15:19:39.070706715Z: [   21.809937]  sda:
[STDERR  ] 2017-07-26T15:19:39.070716335Z: [   21.873330]  sda:
[STDERR  ] 2017-07-26T15:19:39.070726514Z: [   21.897321]  sda: sda1
[STDERR  ] 2017-07-26T15:19:39.070733134Z: [   21.956063]  sda: sda1
[STDERR  ] 2017-07-26T15:19:39.070739628Z: 2017/07/26 15:19:15 Partition /dev/sda1 successfully created!
[STDERR  ] 2017-07-26T15:19:39.070746293Z:  - 000-format
[STDERR  ] 2017-07-26T15:19:39.070752953Z: [   24.503368] IPVS: Creating netns size=2104 id=2
[STDERR  ] 2017-07-26T15:19:39.070761403Z: [   24.503792] IPVS: ftp: loaded support on port[0] = 21
[STDERR  ] 2017-07-26T15:19:39.070768495Z: 2017/07/26 15:19:17 Partition table found on device /dev/sda. Skipping.
[STDERR  ] 2017-07-26T15:19:39.070775067Z: 2017/07/26 15:19:17 Creating partition on /dev/sdb
[STDERR  ] 2017-07-26T15:19:39.070781543Z: [   26.619017]  sdb:
[STDERR  ] 2017-07-26T15:19:39.070787975Z: [   26.711979]  sdb:
[STDERR  ] 2017-07-26T15:19:39.070794409Z: [   26.735624]  sdb: sdb1
[STDERR  ] 2017-07-26T15:19:39.070800966Z: [   26.800612]  sdb: sdb1
[STDERR  ] 2017-07-26T15:19:39.07080752Z: 2017/07/26 15:19:20 Partition /dev/sdb1 successfully created!
[STDERR  ] 2017-07-26T15:19:39.070814165Z:  - 001-format
[STDERR  ] 2017-07-26T15:19:39.070820758Z: [   29.415794] IPVS: Creating netns size=2104 id=3
[STDERR  ] 2017-07-26T15:19:39.070827274Z: [   29.416279] IPVS: ftp: loaded support on port[0] = 21
[STDERR  ] 2017-07-26T15:19:39.070833932Z: [   30.966935] EXT4-fs (sda1): couldn't mount as ext3 due to feature incompatibilities
[STDERR  ] 2017-07-26T15:19:39.070841768Z: [   30.972901] EXT4-fs (sda1): couldn't mount as ext2 due to feature incompatibilities
[STDERR  ] 2017-07-26T15:19:39.070848766Z: [   30.997478] EXT4-fs (sda1): mounted filesystem with ordered data mode. Opts: (null)
[STDERR  ] 2017-07-26T15:19:39.07085532Z:  - 002-mount
[STDERR  ] 2017-07-26T15:19:39.070861883Z: [   31.494898] IPVS: Creating netns size=2104 id=4
[STDERR  ] 2017-07-26T15:19:39.070868428Z: [   31.495356] IPVS: ftp: loaded support on port[0] = 21
[STDERR  ] 2017-07-26T15:19:39.070874933Z: [   33.044319] EXT4-fs (sdb1): couldn't mount as ext3 due to feature incompatibilities
[STDERR  ] 2017-07-26T15:19:39.070881437Z: [   33.049372] EXT4-fs (sdb1): couldn't mount as ext2 due to feature incompatibilities
[STDERR  ] 2017-07-26T15:19:39.070888034Z: [   33.064467] EXT4-fs (sdb1): mounted filesystem with ordered data mode. Opts: (null)
[STDERR  ] 2017-07-26T15:19:39.07089472Z:  - 003-mount
[STDERR  ] 2017-07-26T15:19:39.070901236Z: format_mount test suite PASSED
[STDERR  ] 2017-07-26T15:19:39.070907837Z:  - 004-test
[STDERR  ] 2017-07-26T15:19:39.070914242Z: [   46.061858] sd 1:0:0:0: [sdb] Synchronizing SCSI cache
[STDERR  ] 2017-07-26T15:19:39.070920847Z: [   46.062683] sd 1:0:0:0: [sdb] Stopping disk
[STDERR  ] 2017-07-26T15:19:39.070927362Z: [   46.063354] sd 0:0:0:0: [sda] Synchronizing SCSI cache
[STDERR  ] 2017-07-26T15:19:39.070933942Z: [   46.063937] sd 0:0:0:0: [sda] Stopping disk
[STDERR  ] 2017-07-26T15:19:39.070940409Z: [   46.066258] ACPI: Preparing to enter system sleep state S5
[STDERR  ] 2017-07-26T15:19:39.070946882Z: [   46.067372] reboot: Power down
[STDERR  ] 2017-07-26T15:19:39.070953474Z: + echo [    0.000000] Linux version 4.9.39-linuxkit (root@e1ede117fb1e) (gcc version 6.3.0 (Alpine 6.3.0) ) #1 SMP Wed Jul 26 10:03:32 UTC 2017
[STDERR  ] 2017-07-26T15:19:39.070960458Z: [    0.000000] Command line: console=ttyS0
[STDERR  ] 2017-07-26T15:19:39.070966945Z: [    0.000000] x86/fpu: Legacy x87 FPU detected.
[STDERR  ] 2017-07-26T15:19:39.070973518Z: [    0.000000] x86/fpu: Using 'eager' FPU context switches.
[STDERR  ] 2017-07-26T15:19:39.070979965Z: [    0.000000] e820: BIOS-provided physical RAM map:
[STDERR  ] 2017-07-26T15:19:39.070986439Z: [    0.000000] BIOS-e820: [mem 0x0000000000000000-0x000000000009fbff] usable
[STDERR  ] 2017-07-26T15:19:39.070993023Z: [    0.000000] BIOS-e820: [mem 0x000000000009fc00-0x000000000009ffff] reserved
[STDERR  ] 2017-07-26T15:19:39.070999554Z: [    0.000000] BIOS-e820: [mem 0x00000000000f0000-0x00000000000fffff] reserved
[STDERR  ] 2017-07-26T15:19:39.071009056Z: [    0.000000] BIOS-e820: [mem 0x0000000000100000-0x000000003ffddfff] usable
[STDERR  ] 2017-07-26T15:19:39.07101758Z: [    0.000000] BIOS-e820: [mem 0x000000003ffde000-0x000000003fffffff] reserved
[STDERR  ] 2017-07-26T15:19:39.07102822Z: [    0.000000] BIOS-e820: [mem 0x00000000b0000000-0x00000000bfffffff] reserved
[STDERR  ] 2017-07-26T15:19:39.071034862Z: [    0.000000] BIOS-e820: [mem 0x00000000fed1c000-0x00000000fed1ffff] reserved
[STDERR  ] 2017-07-26T15:19:39.071041347Z: [    0.000000] BIOS-e820: [mem 0x00000000fffc0000-0x00000000ffffffff] reserved
[STDERR  ] 2017-07-26T15:19:39.071047874Z: [    0.000000] NX (Execute Disable) protection: active
[STDERR  ] 2017-07-26T15:19:39.071054416Z: [    0.000000] SMBIOS 2.8 present.
[STDERR  ] 2017-07-26T15:19:39.071061024Z: [    0.000000] e820: last_pfn = 0x3ffde max_arch_pfn = 0x400000000
[STDERR  ] 2017-07-26T15:19:39.071067593Z: [    0.000000] x86/PAT: Configuration [0-7]: WB  WC  UC- UC  WB  WC  UC- WT  
[STDERR  ] 2017-07-26T15:19:39.071078267Z: [    0.000000] found SMP MP-table at [mem 0x000f6aa0-0x000f6aaf] mapped at [ffff8e01400f6aa0]
[STDERR  ] 2017-07-26T15:19:39.071086833Z: [    0.000000] RAMDISK: [mem 0x3e059000-0x3ffcffff]
[STDERR  ] 2017-07-26T15:19:39.071093463Z: [    0.000000] ACPI: Early table checksum verification disabled
[STDERR  ] 2017-07-26T15:19:39.071099972Z: [    0.000000] ACPI: RSDP 0x00000000000F68C0 000014 (v00 BOCHS )
[STDERR  ] 2017-07-26T15:19:39.071106531Z: [    0.000000] ACPI: RSDT 0x000000003FFE2404 000034 (v01 BOCHS  BXPCRSDT 00000001 BXPC 00000001)
[STDERR  ] 2017-07-26T15:19:39.071113575Z: [    0.000000] ACPI: FACP 0x000000003FFE22A4 000074 (v01 BOCHS  BXPCFACP 00000001 BXPC 00000001)
[STDERR  ] 2017-07-26T15:19:39.071120295Z: [    0.000000] ACPI: DSDT 0x000000003FFE0040 002264 (v01 BOCHS  BXPCDSDT 00000001 BXPC 00000001)
[STDERR  ] 2017-07-26T15:19:39.071126822Z: [    0.000000] ACPI: FACS 0x000000003FFE0000 000040
[STDERR  ] 2017-07-26T15:19:39.07113338Z: [    0.000000] ACPI: APIC 0x000000003FFE2318 000078 (v01 BOCHS  BXPCAPIC 00000001 BXPC 00000001)
[STDERR  ] 2017-07-26T15:19:39.071140057Z: [    0.000000] ACPI: HPET 0x000000003FFE2390 000038 (v01 BOCHS  BXPCHPET 00000001 BXPC 00000001)
[STDERR  ] 2017-07-26T15:19:39.071146557Z: [    0.000000] ACPI: MCFG 0x000000003FFE23C8 00003C (v01 BOCHS  BXPCMCFG 00000001 BXPC 00000001)
[STDERR  ] 2017-07-26T15:19:39.071153029Z: [    0.000000] Zone ranges:
[STDERR  ] 2017-07-26T15:19:39.071159619Z: [    0.000000]   DMA      [mem 0x0000000000001000-0x0000000000ffffff]
[STDERR  ] 2017-07-26T15:19:39.071166176Z: [    0.000000]   DMA32    [mem 0x0000000001000000-0x000000003ffddfff]
[STDERR  ] 2017-07-26T15:19:39.071172703Z: [    0.000000]   Normal   empty
[STDERR  ] 2017-07-26T15:19:39.071179387Z: [    0.000000] Movable zone start for each node
[STDERR  ] 2017-07-26T15:19:39.071185966Z: [    0.000000] Early memory node ranges
[STDERR  ] 2017-07-26T15:19:39.071192468Z: [    0.000000]   node   0: [mem 0x0000000000001000-0x000000000009efff]
[STDERR  ] 2017-07-26T15:19:39.071199044Z: [    0.000000]   node   0: [mem 0x0000000000100000-0x000000003ffddfff]
[STDERR  ] 2017-07-26T15:19:39.071207385Z: [    0.000000] Initmem setup node 0 [mem 0x0000000000001000-0x000000003ffddfff]
[STDERR  ] 2017-07-26T15:19:39.071214191Z: [    0.000000] ACPI: PM-Timer IO Port: 0x608
[STDERR  ] 2017-07-26T15:19:39.071220744Z: [    0.000000] ACPI: LAPIC_NMI (acpi_id[0xff] dfl dfl lint[0x1])
[STDERR  ] 2017-07-26T15:19:39.071227295Z: [    0.000000] IOAPIC[0]: apic_id 0, version 32, address 0xfec00000, GSI 0-23
[STDERR  ] 2017-07-26T15:19:39.07123386Z: [    0.000000] ACPI: INT_SRC_OVR (bus 0 bus_irq 0 global_irq 2 dfl dfl)
[STDERR  ] 2017-07-26T15:19:39.071240417Z: [    0.000000] ACPI: INT_SRC_OVR (bus 0 bus_irq 5 global_irq 5 high level)
[STDERR  ] 2017-07-26T15:19:39.071246972Z: [    0.000000] ACPI: INT_SRC_OVR (bus 0 bus_irq 9 global_irq 9 high level)
[STDERR  ] 2017-07-26T15:19:39.071253422Z: [    0.000000] ACPI: INT_SRC_OVR (bus 0 bus_irq 10 global_irq 10 high level)
[STDERR  ] 2017-07-26T15:19:39.071263361Z: [    0.000000] ACPI: INT_SRC_OVR (bus 0 bus_irq 11 global_irq 11 high level)
[STDERR  ] 2017-07-26T15:19:39.071272909Z: [    0.000000] Using ACPI (MADT) for SMP configuration information
[STDERR  ] 2017-07-26T15:19:39.071279541Z: [    0.000000] ACPI: HPET id: 0x8086a201 base: 0xfed00000
[STDERR  ] 2017-07-26T15:19:39.071286135Z: [    0.000000] smpboot: Allowing 1 CPUs, 0 hotplug CPUs
[STDERR  ] 2017-07-26T15:19:39.07129654Z: [    0.000000] e820: [mem 0x40000000-0xafffffff] available for PCI devices
[STDERR  ] 2017-07-26T15:19:39.071303131Z: [    0.000000] Booting paravirtualized kernel on bare hardware
[STDERR  ] 2017-07-26T15:19:39.071309652Z: [    0.000000] clocksource: refined-jiffies: mask: 0xffffffff max_cycles: 0xffffffff, max_idle_ns: 19112604462750000 ns
[STDERR  ] 2017-07-26T15:19:39.071317301Z: [    0.000000] setup_percpu: NR_CPUS:128 nr_cpumask_bits:128 nr_cpu_ids:1 nr_node_ids:1
[STDERR  ] 2017-07-26T15:19:39.071325271Z: [    0.000000] percpu: Embedded 35 pages/cpu @ffff8e017de00000 s105240 r8192 d29928 u2097152
[STDERR  ] 2017-07-26T15:19:39.071331869Z: [    0.000000] Built 1 zonelists in Zone order, mobility grouping on.  Total pages: 257895
[STDERR  ] 2017-07-26T15:19:39.0713384Z: [    0.000000] Kernel command line: console=ttyS0
[STDERR  ] 2017-07-26T15:19:39.071345105Z: [    0.000000] PID hash table entries: 4096 (order: 3, 32768 bytes)
[STDERR  ] 2017-07-26T15:19:39.07135176Z: [    0.000000] Dentry cache hash table entries: 131072 (order: 8, 1048576 bytes)
[STDERR  ] 2017-07-26T15:19:39.071358364Z: [    0.000000] Inode-cache hash table entries: 65536 (order: 7, 524288 bytes)
[STDERR  ] 2017-07-26T15:19:39.071365069Z: [    0.000000] Memory: 981960K/1048048K available (8027K kernel code, 1366K rwdata, 2696K rodata, 1376K init, 568K bss, 66088K reserved, 0K cma-reserved)
[STDERR  ] 2017-07-26T15:19:39.071372343Z: [    0.000000] Hierarchical RCU implementation.
[STDERR  ] 2017-07-26T15:19:39.071378848Z: [    0.000000] 	Build-time adjustment of leaf fanout to 64.
[STDERR  ] 2017-07-26T15:19:39.071391005Z: [    0.000000] 	RCU restricting CPUs from NR_CPUS=128 to nr_cpu_ids=1.
[STDERR  ] 2017-07-26T15:19:39.07139761Z: [    0.000000] RCU: Adjusting geometry for rcu_fanout_leaf=64, nr_cpu_ids=1
[STDERR  ] 2017-07-26T15:19:39.071408314Z: [    0.000000] NR_IRQS:8448 nr_irqs:256 16
[STDERR  ] 2017-07-26T15:19:39.071418721Z: [    0.000000] Console: colour VGA+ 80x25
[STDERR  ] 2017-07-26T15:19:39.071425344Z: [    0.000000] console [ttyS0] enabled
[STDERR  ] 2017-07-26T15:19:39.071431858Z: [    0.000000] clocksource: hpet: mask: 0xffffffff max_cycles: 0xffffffff, max_idle_ns: 19112604467 ns
[STDERR  ] 2017-07-26T15:19:39.071439452Z: [    0.000000] tsc: Fast TSC calibration using PIT
[STDERR  ] 2017-07-26T15:19:39.071446Z: [    0.000000] tsc: Detected 2300.097 MHz processor
[STDERR  ] 2017-07-26T15:19:39.071452632Z: [    0.021308] Calibrating delay loop (skipped), value calculated using timer frequency.. 4600.19 BogoMIPS (lpj=23000970)
[STDERR  ] 2017-07-26T15:19:39.071459432Z: [    0.022356] pid_max: default: 32768 minimum: 301
[STDERR  ] 2017-07-26T15:19:39.071466049Z: [    0.023224] ACPI: Core revision 20160831
[STDERR  ] 2017-07-26T15:19:39.071472582Z: [    0.071556] ACPI: 1 ACPI AML tables successfully acquired and loaded
[STDERR  ] 2017-07-26T15:19:39.071479076Z: [    0.074750] Security Framework initialized
[STDERR  ] 2017-07-26T15:19:39.071485643Z: [    0.075145] Yama: becoming mindful.
[STDERR  ] 2017-07-26T15:19:39.0714921Z: [    0.077026] Mount-cache hash table entries: 2048 (order: 2, 16384 bytes)
[STDERR  ] 2017-07-26T15:19:39.071498715Z: [    0.077576] Mountpoint-cache hash table entries: 2048 (order: 2, 16384 bytes)
[STDERR  ] 2017-07-26T15:19:39.071508629Z: [    0.096341] Last level iTLB entries: 4KB 0, 2MB 0, 4MB 0
[STDERR  ] 2017-07-26T15:19:39.07151517Z: [    0.096782] Last level dTLB entries: 4KB 0, 2MB 0, 4MB 0, 1GB 0
[STDERR  ] 2017-07-26T15:19:39.071521753Z: [    0.394619] Freeing SMP alternatives memory: 20K (ffffffff85eaf000 - ffffffff85eb4000)
[STDERR  ] 2017-07-26T15:19:39.07153167Z: [    0.403413] ftrace: allocating 35482 entries in 139 pages
[STDERR  ] 2017-07-26T15:19:39.071541439Z: [    0.553454] smpboot: Max logical packages: 1
[STDERR  ] 2017-07-26T15:19:39.071548091Z: [    0.558609] ..TIMER: vector=0x30 apic1=0 pin1=2 apic2=-1 pin2=-1
[STDERR  ] 2017-07-26T15:19:39.0715547Z: [    0.660000] smpboot: CPU0: AMD QEMU Virtual CPU version 2.5+ (family: 0x6, model: 0x6, stepping: 0x3)
[STDERR  ] 2017-07-26T15:19:39.071561809Z: [    0.660000] Performance Events: PMU not available due to virtualization, using software events only.
[STDERR  ] 2017-07-26T15:19:39.071569998Z: [    0.667295] NMI watchdog: disabled (cpu0): hardware events not enabled
[STDERR  ] 2017-07-26T15:19:39.071576509Z: [    0.667702] NMI watchdog: Shutting down hard lockup detector on all cpus
[STDERR  ] 2017-07-26T15:19:39.071583137Z: [    0.670471] x86: Booted up 1 node, 1 CPUs
[STDERR  ] 2017-07-26T15:19:39.071589719Z: [    0.670806] smpboot: Total of 1 processors activated (4600.19 BogoMIPS)
[STDERR  ] 2017-07-26T15:19:39.071596173Z: [    0.683814] devtmpfs: initialized
[STDERR  ] 2017-07-26T15:19:39.071602664Z: [    0.688486] x86/mm: Memory block size: 128MB
[STDERR  ] 2017-07-26T15:19:39.071609195Z: [    0.751366] clocksource: jiffies: mask: 0xffffffff max_cycles: 0xffffffff, max_idle_ns: 19112604462750000 ns
[STDERR  ] 2017-07-26T15:19:39.071617812Z: [    0.752115] futex hash table entries: 256 (order: 2, 16384 bytes)
[STDERR  ] 2017-07-26T15:19:39.071624791Z: [    0.761080] NET: Registered protocol family 16
[STDERR  ] 2017-07-26T15:19:39.071632506Z: [    0.770388] cpuidle: using governor ladder
[STDERR  ] 2017-07-26T15:19:39.071639096Z: [    0.770771] cpuidle: using governor menu
[STDERR  ] 2017-07-26T15:19:39.071645625Z: [    0.771785] ACPI: bus type PCI registered
[STDERR  ] 2017-07-26T15:19:39.071652183Z: [    0.774468] PCI: MMCONFIG for domain 0000 [bus 00-ff] at [mem 0xb0000000-0xbfffffff] (base 0xb0000000)
[STDERR  ] 2017-07-26T15:19:39.071658865Z: [    0.775160] PCI: MMCONFIG at [mem 0xb0000000-0xbfffffff] reserved in E820
[STDERR  ] 2017-07-26T15:19:39.071665443Z: [    0.776376] PCI: Using configuration type 1 for base access
[STDERR  ] 2017-07-26T15:19:39.071672Z: [    0.832149] HugeTLB registered 2 MB page size, pre-allocated 0 pages
[STDERR  ] 2017-07-26T15:19:39.07167863Z: [    0.841612] ACPI: Added _OSI(Module Device)
[STDERR  ] 2017-07-26T15:19:39.071685212Z: [    0.841903] ACPI: Added _OSI(Processor Device)
[STDERR  ] 2017-07-26T15:19:39.07169166Z: [    0.842162] ACPI: Added _OSI(3.0 _SCP Extensions)
[STDERR  ] 2017-07-26T15:19:39.071698193Z: [    0.842434] ACPI: Added _OSI(Processor Aggregator Device)
[STDERR  ] 2017-07-26T15:19:39.071704729Z: [    0.918434] ACPI: Interpreter enabled
[STDERR  ] 2017-07-26T15:19:39.071711318Z: [    0.919196] ACPI: (supports S0 S5)
[STDERR  ] 2017-07-26T15:19:39.071717753Z: [    0.919460] ACPI: Using IOAPIC for interrupt routing
[STDERR  ] 2017-07-26T15:19:39.07172431Z: [    0.921300] PCI: Using host bridge windows from ACPI; if necessary, use "pci=nocrs" and report a bug
[STDERR  ] 2017-07-26T15:19:39.071734928Z: [    0.985345] ACPI: PCI Root Bridge [PCI0] (domain 0000 [bus 00-ff])
[STDERR  ] 2017-07-26T15:19:39.071741704Z: [    0.986174] acpi PNP0A08:00: _OSC: OS supports [ExtendedConfig ASPM ClockPM Segments MSI]
[STDERR  ] 2017-07-26T15:19:39.07174842Z: [    0.991825] acpi PNP0A08:00: _OSC: OS now controls [PCIeHotplug PME PCIeCapability]
[STDERR  ] 2017-07-26T15:19:39.071759515Z: [    0.995277] PCI host bridge to bus 0000:00
[STDERR  ] 2017-07-26T15:19:39.071769581Z: [    0.995656] pci_bus 0000:00: root bus resource [io  0x0000-0x0cf7 window]
[STDERR  ] 2017-07-26T15:19:39.071776284Z: [    0.996060] pci_bus 0000:00: root bus resource [io  0x0d00-0xffff window]
[STDERR  ] 2017-07-26T15:19:39.071782756Z: [    0.996440] pci_bus 0000:00: root bus resource [mem 0x000a0000-0x000bffff window]
[STDERR  ] 2017-07-26T15:19:39.071789269Z: [    0.996863] pci_bus 0000:00: root bus resource [mem 0xc0000000-0xfebfffff window]
[STDERR  ] 2017-07-26T15:19:39.071795775Z: [    0.997401] pci_bus 0000:00: root bus resource [bus 00-ff]
[STDERR  ] 2017-07-26T15:19:39.07180778Z: [    1.102323] pci 0000:00:1f.0: quirk: [io  0x0600-0x067f] claimed by ICH6 ACPI/GPIO/TCO
[STDERR  ] 2017-07-26T15:19:39.071816006Z: [    1.161029] ACPI: PCI Interrupt Link [LNKA] (IRQs 5 *10 11)
[STDERR  ] 2017-07-26T15:19:39.07182268Z: [    1.162982] ACPI: PCI Interrupt Link [LNKB] (IRQs 5 *10 11)
[STDERR  ] 2017-07-26T15:19:39.071829204Z: [    1.164660] ACPI: PCI Interrupt Link [LNKC] (IRQs 5 10 *11)
[STDERR  ] 2017-07-26T15:19:39.071835675Z: [    1.166714] ACPI: PCI Interrupt Link [LNKD] (IRQs 5 10 *11)
[STDERR  ] 2017-07-26T15:19:39.071846213Z: [    1.169142] ACPI: PCI Interrupt Link [LNKE] (IRQs 5 *10 11)
[STDERR  ] 2017-07-26T15:19:39.071852758Z: [    1.170000] ACPI: PCI Interrupt Link [LNKF] (IRQs 5 *10 11)
[STDERR  ] 2017-07-26T15:19:39.071859276Z: [    1.170000] ACPI: PCI Interrupt Link [LNKG] (IRQs 5 10 *11)
[STDERR  ] 2017-07-26T15:19:39.071865738Z: [    1.170000] ACPI: PCI Interrupt Link [LNKH] (IRQs 5 10 *11)
[STDERR  ] 2017-07-26T15:19:39.071872227Z: [    1.170000] ACPI: PCI Interrupt Link [GSIA] (IRQs *16)
[STDERR  ] 2017-07-26T15:19:39.071878794Z: [    1.170000] ACPI: PCI Interrupt Link [GSIB] (IRQs *17)
[STDERR  ] 2017-07-26T15:19:39.071885306Z: [    1.170192] ACPI: PCI Interrupt Link [GSIC] (IRQs *18)
[STDERR  ] 2017-07-26T15:19:39.071891751Z: [    1.170830] ACPI: PCI Interrupt Link [GSID] (IRQs *19)
[STDERR  ] 2017-07-26T15:19:39.071898176Z: [    1.171457] ACPI: PCI Interrupt Link [GSIE] (IRQs *20)
[STDERR  ] 2017-07-26T15:19:39.071904599Z: [    1.172092] ACPI: PCI Interrupt Link [GSIF] (IRQs *21)
[STDERR  ] 2017-07-26T15:19:39.07191103Z: [    1.172752] ACPI: PCI Interrupt Link [GSIG] (IRQs *22)
[STDERR  ] 2017-07-26T15:19:39.071917581Z: [    1.173407] ACPI: PCI Interrupt Link [GSIH] (IRQs *23)
[STDERR  ] 2017-07-26T15:19:39.07192397Z: [    1.184512] ACPI: Enabled 2 GPEs in block 00 to 3F
[STDERR  ] 2017-07-26T15:19:39.071930558Z: [    1.193709] SCSI subsystem initialized
[STDERR  ] 2017-07-26T15:19:39.071937129Z: [    1.195463] ACPI: bus type USB registered
[STDERR  ] 2017-07-26T15:19:39.071943624Z: [    1.196507] usbcore: registered new interface driver usbfs
[STDERR  ] 2017-07-26T15:19:39.071953157Z: [    1.197359] usbcore: registered new interface driver hub
[STDERR  ] 2017-07-26T15:19:39.071960137Z: [    1.198079] usbcore: registered new device driver usb
[STDERR  ] 2017-07-26T15:19:39.071966661Z: [    1.199198] pps_core: LinuxPPS API ver. 1 registered
[STDERR  ] 2017-07-26T15:19:39.071973142Z: [    1.199501] pps_core: Software ver. 5.3.6 - Copyright 2005-2007 Rodolfo Giometti <giometti@linux.it>
[STDERR  ] 2017-07-26T15:19:39.071980388Z: [    1.200185] PTP clock support registered
[STDERR  ] 2017-07-26T15:19:39.071987027Z: [    1.201300] wmi: Mapper loaded
[STDERR  ] 2017-07-26T15:19:39.0719936Z: [    1.202272] PCI: Using ACPI for IRQ routing
[STDERR  ] 2017-07-26T15:19:39.072000217Z: [    1.221223] NetLabel: Initializing
[STDERR  ] 2017-07-26T15:19:39.072006697Z: [    1.221454] NetLabel:  domain hash size = 128
[STDERR  ] 2017-07-26T15:19:39.072013185Z: [    1.221718] NetLabel:  protocols = UNLABELED CIPSOv4
[STDERR  ] 2017-07-26T15:19:39.072019649Z: [    1.223448] NetLabel:  unlabeled traffic allowed by default
[STDERR  ] 2017-07-26T15:19:39.072029254Z: [    1.224258] HPET: 3 timers in total, 0 timers will be used for per-cpu timer
[STDERR  ] 2017-07-26T15:19:39.072035796Z: [    1.224917] hpet0: at MMIO 0xfed00000, IRQs 2, 8, 0
[STDERR  ] 2017-07-26T15:19:39.072042257Z: [    1.225342] hpet0: 3 comparators, 64-bit 100.000000 MHz counter
[STDERR  ] 2017-07-26T15:19:39.072048829Z: [    1.230674] clocksource: Switched to clocksource hpet
[STDERR  ] 2017-07-26T15:19:39.072055384Z: [    1.494764] VFS: Disk quotas dquot_6.6.0
[STDERR  ] 2017-07-26T15:19:39.072061942Z: [    1.495369] VFS: Dquot-cache hash table entries: 512 (order 0, 4096 bytes)
[STDERR  ] 2017-07-26T15:19:39.072068466Z: [    1.497904] FS-Cache: Loaded
[STDERR  ] 2017-07-26T15:19:39.072075065Z: [    1.502925] CacheFiles: Loaded
[STDERR  ] 2017-07-26T15:19:39.07210864Z: [    1.504484] pnp: PnP ACPI init
[STDERR  ] 2017-07-26T15:19:39.072121171Z: [    1.516135] pnp: PnP ACPI: found 5 devices
[STDERR  ] 2017-07-26T15:19:39.072127989Z: [    1.565901] clocksource: acpi_pm: mask: 0xffffff max_cycles: 0xffffff, max_idle_ns: 2085701024 ns
[STDERR  ] 2017-07-26T15:19:39.072135152Z: [    1.568631] NET: Registered protocol family 2
[STDERR  ] 2017-07-26T15:19:39.072141668Z: [    1.575703] TCP established hash table entries: 8192 (order: 4, 65536 bytes)
[STDERR  ] 2017-07-26T15:19:39.072152334Z: [    1.576361] TCP bind hash table entries: 8192 (order: 5, 131072 bytes)
[STDERR  ] 2017-07-26T15:19:39.072164571Z: [    1.576978] TCP: Hash tables configured (established 8192 bind 8192)
[STDERR  ] 2017-07-26T15:19:39.072171148Z: [    1.579213] UDP hash table entries: 512 (order: 2, 16384 bytes)
[STDERR  ] 2017-07-26T15:19:39.072177838Z: [    1.579699] UDP-Lite hash table entries: 512 (order: 2, 16384 bytes)
[STDERR  ] 2017-07-26T15:19:39.072184365Z: [    1.582116] NET: Registered protocol family 1
[STDERR  ] 2017-07-26T15:19:39.072190973Z: [    1.582994] pci 0000:00:01.0: Video device with shadowed ROM at [mem 0x000c0000-0x000dffff]
[STDERR  ] 2017-07-26T15:19:39.072198212Z: [    1.589740] Unpacking initramfs...
[STDERR  ] 2017-07-26T15:19:39.072204795Z: [    7.476263] Freeing initrd memory: 32220K (ffff8e017e059000 - ffff8e017ffd0000)
[STDERR  ] 2017-07-26T15:19:39.072211364Z: [    7.498661] PCLMULQDQ-NI instructions are not detected.
[STDERR  ] 2017-07-26T15:19:39.072217997Z: [    7.499696] AVX or AES-NI instructions are not detected.
[STDERR  ] 2017-07-26T15:19:39.072224464Z: [    7.500089] CPU feature 'AVX registers' is not supported.
[STDERR  ] 2017-07-26T15:19:39.072230919Z: [    7.500678] CPU feature 'AVX registers' is not supported.
[STDERR  ] 2017-07-26T15:19:39.072237388Z: [    7.501039] CPU feature 'AVX registers' is not supported.
[STDERR  ] 2017-07-26T15:19:39.072243925Z: [    7.501386] CPU feature 'AVX registers' is not supported.
[STDERR  ] 2017-07-26T15:19:39.072250394Z: [    7.501725] AVX2 or AES-NI instructions are not detected.
[STDERR  ] 2017-07-26T15:19:39.072256847Z: [    7.502064] AVX2 instructions are not detected.
[STDERR  ] 2017-07-26T15:19:39.072263421Z: [    7.507271] audit: initializing netlink subsys (disabled)
[STDERR  ] 2017-07-26T15:19:39.072269946Z: [    7.508780] audit: type=2000 audit(1501082338.500:1): initialized
[STDERR  ] 2017-07-26T15:19:39.072276496Z: [    7.516075] workingset: timestamp_bits=46 max_order=18 bucket_order=0
[STDERR  ] 2017-07-26T15:19:39.07228304Z: [    7.525604] FS-Cache: Netfs 'cifs' registered for caching
[STDERR  ] 2017-07-26T15:19:39.07228985Z: [    7.526476] fuse init (API version 7.26)
[STDERR  ] 2017-07-26T15:19:39.072296418Z: [    7.528637] SGI XFS with ACLs, security attributes, no debug enabled
[STDERR  ] 2017-07-26T15:19:39.072302916Z: [    7.532659] 9p: Installing v9fs 9p2000 file system support
[STDERR  ] 2017-07-26T15:19:39.072309417Z: [    7.533087] FS-Cache: Netfs '9p' registered for caching
[STDERR  ] 2017-07-26T15:19:39.072315874Z: [    7.564595] NET: Registered protocol family 38
[STDERR  ] 2017-07-26T15:19:39.072322449Z: [    7.565096] Key type asymmetric registered
[STDERR  ] 2017-07-26T15:19:39.072329013Z: [    7.565395] Asymmetric key parser 'x509' registered
[STDERR  ] 2017-07-26T15:19:39.072335515Z: [    7.566050] Block layer SCSI generic (bsg) driver version 0.4 loaded (major 251)
[STDERR  ] 2017-07-26T15:19:39.072342072Z: [    7.567182] io scheduler noop registered
[STDERR  ] 2017-07-26T15:19:39.072348549Z: [    7.567469] io scheduler deadline registered (default)
[STDERR  ] 2017-07-26T15:19:39.072360801Z: [    7.567985] io scheduler cfq registered
[STDERR  ] 2017-07-26T15:19:39.072367257Z: [    7.571337] pci_hotplug: PCI Hot Plug PCI Core version: 0.5
[STDERR  ] 2017-07-26T15:19:39.072373876Z: [    7.571852] pciehp: PCI Express Hot Plug Controller Driver version: 0.4
[STDERR  ] 2017-07-26T15:19:39.072380436Z: [    7.572565] shpchp: Standard Hot Plug PCI Controller Driver version: 0.4
[STDERR  ] 2017-07-26T15:19:39.07239225Z: [    7.573396] hv_vmbus: registering driver hyperv_fb
[STDERR  ] 2017-07-26T15:19:39.072404935Z: [    7.576697] input: Power Button as /devices/LNXSYSTM:00/LNXPWRBN:00/input/input0
[STDERR  ] 2017-07-26T15:19:39.072411957Z: [    7.577669] ACPI: Power Button [PWRF]
[STDERR  ] 2017-07-26T15:19:39.07241851Z: [    7.583552] GHES: HEST is not enabled!
[STDERR  ] 2017-07-26T15:19:39.072425034Z: [    7.595139] ACPI: PCI Interrupt Link [GSIG] enabled at IRQ 22
[STDERR  ] 2017-07-26T15:19:39.072431625Z: [    7.607860] ACPI: PCI Interrupt Link [GSIH] enabled at IRQ 23
[STDERR  ] 2017-07-26T15:19:39.072438177Z: [    7.611850] xenfs: not registering filesystem on non-xen platform
[STDERR  ] 2017-07-26T15:19:39.072448038Z: [    7.613651] Serial: 8250/16550 driver, 4 ports, IRQ sharing disabled
[STDERR  ] 2017-07-26T15:19:39.072454648Z: [    7.639598] 00:04: ttyS0 at I/O 0x3f8 (irq = 4, base_baud = 115200) is a 16550A
[STDERR  ] 2017-07-26T15:19:39.072461322Z: [    7.650080] Non-volatile memory driver v1.3
[STDERR  ] 2017-07-26T15:19:39.072467876Z: [    7.656442] Hangcheck: starting hangcheck timer 0.9.1 (tick is 180 seconds, margin is 60 seconds).
[STDERR  ] 2017-07-26T15:19:39.072477154Z: [    7.660703] random: fast init done
[STDERR  ] 2017-07-26T15:19:39.072483761Z: [    7.661863] random: crng init done
[STDERR  ] 2017-07-26T15:19:39.072490347Z: [    7.698216] loop: module loaded
[STDERR  ] 2017-07-26T15:19:39.072496867Z: [    7.712378] nbd: registered device at major 43
[STDERR  ] 2017-07-26T15:19:39.072503435Z: [    7.755703] lpc_ich 0000:00:1f.0: I/O space for GPIO uninitialized
[STDERR  ] 2017-07-26T15:19:39.072510005Z: [    7.757316] VMware PVSCSI driver - version 1.0.7.0-k
[STDERR  ] 2017-07-26T15:19:39.072516501Z: [    7.757973] hv_vmbus: registering driver hv_storvsc
[STDERR  ] 2017-07-26T15:19:39.072526492Z: [    7.768380] ACPI: PCI Interrupt Link [GSIA] enabled at IRQ 16
[STDERR  ] 2017-07-26T15:19:39.072533076Z: [    7.774584] ahci 0000:00:1f.2: AHCI 0001.0000 32 slots 6 ports 1.5 Gbps 0x3f impl SATA mode
[STDERR  ] 2017-07-26T15:19:39.07254026Z: [    7.775163] ahci 0000:00:1f.2: flags: 64bit ncq only 
[STDERR  ] 2017-07-26T15:19:39.072546793Z: [    7.795894] scsi host0: ahci
[STDERR  ] 2017-07-26T15:19:39.07255339Z: [    7.799478] scsi host1: ahci
[STDERR  ] 2017-07-26T15:19:39.072559877Z: [    7.801936] scsi host2: ahci
[STDERR  ] 2017-07-26T15:19:39.072566389Z: [    7.804037] scsi host3: ahci
[STDERR  ] 2017-07-26T15:19:39.072572904Z: [    7.806176] scsi host4: ahci
[STDERR  ] 2017-07-26T15:19:39.07257933Z: [    7.808324] scsi host5: ahci
[STDERR  ] 2017-07-26T15:19:39.072585818Z: [    7.810087] ata1: SATA max UDMA/133 abar m4096@0xfebd2000 port 0xfebd2100 irq 24
[STDERR  ] 2017-07-26T15:19:39.072594263Z: [    7.810787] ata2: SATA max UDMA/133 abar m4096@0xfebd2000 port 0xfebd2180 irq 24
[STDERR  ] 2017-07-26T15:19:39.07260131Z: [    7.811196] ata3: SATA max UDMA/133 abar m4096@0xfebd2000 port 0xfebd2200 irq 24
[STDERR  ] 2017-07-26T15:19:39.072608016Z: [    7.811594] ata4: SATA max UDMA/133 abar m4096@0xfebd2000 port 0xfebd2280 irq 24
[STDERR  ] 2017-07-26T15:19:39.072617665Z: [    7.811998] ata5: SATA max UDMA/133 abar m4096@0xfebd2000 port 0xfebd2300 irq 24
[STDERR  ] 2017-07-26T15:19:39.072624258Z: [    7.812406] ata6: SATA max UDMA/133 abar m4096@0xfebd2000 port 0xfebd2380 irq 24
[STDERR  ] 2017-07-26T15:19:39.072630752Z: [    7.826150] tun: Universal TUN/TAP device driver, 1.6
[STDERR  ] 2017-07-26T15:19:39.072637471Z: [    7.826474] tun: (C) 1999-2004 Max Krasnyansky <maxk@qualcomm.com>
[STDERR  ] 2017-07-26T15:19:39.0726441Z: [    7.836922] VMware vmxnet3 virtual NIC driver - version 1.4.a.0-k-NAPI
[STDERR  ] 2017-07-26T15:19:39.072650715Z: [    7.837665] hv_vmbus: registering driver hv_netvsc
[STDERR  ] 2017-07-26T15:19:39.072657247Z: [    7.837974] Fusion MPT base driver 3.04.20
[STDERR  ] 2017-07-26T15:19:39.072663878Z: [    7.838223] Copyright (c) 1999-2008 LSI Corporation
[STDERR  ] 2017-07-26T15:19:39.072670405Z: [    7.838712] Fusion MPT SPI Host driver 3.04.20
[STDERR  ] 2017-07-26T15:19:39.072679471Z: [    7.840952] i8042: PNP: PS/2 Controller [PNP0303:KBD,PNP0f13:MOU] at 0x60,0x64 irq 1,12
[STDERR  ] 2017-07-26T15:19:39.072688962Z: [    7.844796] serio: i8042 KBD port at 0x60,0x64 irq 1
[STDERR  ] 2017-07-26T15:19:39.072695588Z: [    7.845323] serio: i8042 AUX port at 0x60,0x64 irq 12
[STDERR  ] 2017-07-26T15:19:39.072702078Z: [    7.848245] hv_vmbus: registering driver hyperv_keyboard
[STDERR  ] 2017-07-26T15:19:39.072708542Z: [    7.850455] mousedev: PS/2 mouse device common for all mice
[STDERR  ] 2017-07-26T15:19:39.072715097Z: [    7.855006] input: AT Translated Set 2 keyboard as /devices/platform/i8042/serio0/input/input1
[STDERR  ] 2017-07-26T15:19:39.072722114Z: [    7.857819] input: PC Speaker as /devices/platform/pcspkr/input/input2
[STDERR  ] 2017-07-26T15:19:39.072728626Z: [    7.861435] rtc_cmos 00:00: RTC can wake from S4
[STDERR  ] 2017-07-26T15:19:39.07273521Z: [    7.864756] rtc_cmos 00:00: rtc core: registered rtc_cmos as rtc0
[STDERR  ] 2017-07-26T15:19:39.07274185Z: [    7.865965] rtc_cmos 00:00: alarms up to one day, y3k, 114 bytes nvram, hpet irqs
[STDERR  ] 2017-07-26T15:19:39.072748373Z: [    7.866599] i2c /dev entries driver
[STDERR  ] 2017-07-26T15:19:39.072754938Z: [    7.868481] device-mapper: ioctl: 4.35.0-ioctl (2016-06-23) initialised: dm-devel@redhat.com
[STDERR  ] 2017-07-26T15:19:39.072761785Z: [    7.873298] usbcore: registered new interface driver usbhid
[STDERR  ] 2017-07-26T15:19:39.072773676Z: [    7.873653] usbhid: USB HID core driver
[STDERR  ] 2017-07-26T15:19:39.072780466Z: [    7.874159] hv_utils: Registering HyperV Utility Driver
[STDERR  ] 2017-07-26T15:19:39.072786893Z: [    7.874467] hv_vmbus: registering driver hv_util
[STDERR  ] 2017-07-26T15:19:39.072793436Z: [    7.874736] hv_vmbus: registering driver hv_balloon
[STDERR  ] 2017-07-26T15:19:39.07279991Z: [    7.875182] oprofile: using NMI interrupt.
[STDERR  ] 2017-07-26T15:19:39.07280646Z: [    7.876118] GACT probability on
[STDERR  ] 2017-07-26T15:19:39.072813033Z: [    7.876533] Mirror/redirect action on
[STDERR  ] 2017-07-26T15:19:39.07281961Z: [    7.877289] Simple TC action Loaded
[STDERR  ] 2017-07-26T15:19:39.07282612Z: [    7.877779] u32 classifier
[STDERR  ] 2017-07-26T15:19:39.072832795Z: [    7.877952]     Performance counters on
[STDERR  ] 2017-07-26T15:19:39.072839368Z: [    7.878198]     input device check on
[STDERR  ] 2017-07-26T15:19:39.072845901Z: [    7.878414]     Actions configured
[STDERR  ] 2017-07-26T15:19:39.072852368Z: [    7.878895] Netfilter messages via NETLINK v0.30.
[STDERR  ] 2017-07-26T15:19:39.07286226Z: [    7.879362] nfnl_acct: registering with nfnetlink.
[STDERR  ] 2017-07-26T15:19:39.072868827Z: [    7.880807] nf_conntrack version 0.5.0 (8192 buckets, 32768 max)
[STDERR  ] 2017-07-26T15:19:39.072875512Z: [    7.883861] ctnetlink v0.93: registering with nfnetlink.
[STDERR  ] 2017-07-26T15:19:39.072885595Z: [    7.886810] nf_tables: (c) 2007-2009 Patrick McHardy <kaber@trash.net>
[STDERR  ] 2017-07-26T15:19:39.072892193Z: [    7.887545] nf_tables_compat: (c) 2012 Pablo Neira Ayuso <pablo@netfilter.org>
[STDERR  ] 2017-07-26T15:19:39.072898763Z: [    7.889786] xt_time: kernel timezone is -0000
[STDERR  ] 2017-07-26T15:19:39.072905301Z: [    7.890519] ip_set: protocol 6
[STDERR  ] 2017-07-26T15:19:39.072911855Z: [    7.891085] IPVS: Registered protocols (TCP, UDP, SCTP, AH, ESP)
[STDERR  ] 2017-07-26T15:19:39.072918512Z: [    7.891608] IPVS: Connection hash table configured (size=4096, memory=64Kbytes)
[STDERR  ] 2017-07-26T15:19:39.072925105Z: [    7.893173] IPVS: Creating netns size=2104 id=0
[STDERR  ] 2017-07-26T15:19:39.072931652Z: [    7.895657] IPVS: ipvs loaded.
[STDERR  ] 2017-07-26T15:19:39.072941862Z: [    7.895958] IPVS: [rr] scheduler registered.
[STDERR  ] 2017-07-26T15:19:39.07294856Z: [    7.896250] IPVS: [wrr] scheduler registered.
[STDERR  ] 2017-07-26T15:19:39.072955134Z: [    7.896508] IPVS: [lc] scheduler registered.
[STDERR  ] 2017-07-26T15:19:39.072961672Z: [    7.896765] IPVS: [wlc] scheduler registered.
[STDERR  ] 2017-07-26T15:19:39.072970767Z: [    7.897057] IPVS: [fo] scheduler registered.
[STDERR  ] 2017-07-26T15:19:39.072979532Z: [    7.897310] IPVS: [ovf] scheduler registered.
[STDERR  ] 2017-07-26T15:19:39.072986179Z: [    7.897677] IPVS: [lblc] scheduler registered.
[STDERR  ] 2017-07-26T15:19:39.072992729Z: [    7.898031] IPVS: [lblcr] scheduler registered.
[STDERR  ] 2017-07-26T15:19:39.072999378Z: [    7.898327] IPVS: [dh] scheduler registered.
[STDERR  ] 2017-07-26T15:19:39.07300591Z: [    7.898581] IPVS: [sh] scheduler registered.
[STDERR  ] 2017-07-26T15:19:39.073012511Z: [    7.898830] IPVS: [sed] scheduler registered.
[STDERR  ] 2017-07-26T15:19:39.073019098Z: [    7.899086] IPVS: [nq] scheduler registered.
[STDERR  ] 2017-07-26T15:19:39.073025645Z: [    7.899688] IPVS: ftp: loaded support on port[0] = 21
[STDERR  ] 2017-07-26T15:19:39.073032181Z: [    7.900839] ipip: IPv4 and MPLS over IPv4 tunneling driver
[STDERR  ] 2017-07-26T15:19:39.073038662Z: [    7.904870] gre: GRE over IPv4 demultiplexor driver
[STDERR  ] 2017-07-26T15:19:39.073045252Z: [    7.907408] ip_tables: (C) 2000-2006 Netfilter Core Team
[STDERR  ] 2017-07-26T15:19:39.073051709Z: [    7.910805] ipt_CLUSTERIP: ClusterIP Version 0.8 loaded successfully
[STDERR  ] 2017-07-26T15:19:39.073058347Z: [    7.911441] arp_tables: arp_tables: (C) 2002 David S. Miller
[STDERR  ] 2017-07-26T15:19:39.073064843Z: [    7.913625] NET: Registered protocol family 10
[STDERR  ] 2017-07-26T15:19:39.073071375Z: [    7.923535] ip6_tables: (C) 2000-2006 Netfilter Core Team
[STDERR  ] 2017-07-26T15:19:39.073079657Z: [    7.931747] NET: Registered protocol family 17
[STDERR  ] 2017-07-26T15:19:39.073086612Z: [    7.932680] Bridge firewalling registered
[STDERR  ] 2017-07-26T15:19:39.073093177Z: [    7.933151] Ebtables v2.0 registered
[STDERR  ] 2017-07-26T15:19:39.073099682Z: [    7.934888] 8021q: 802.1Q VLAN Support v1.8
[STDERR  ] 2017-07-26T15:19:39.073109715Z: [    7.936244] 9pnet: Installing 9P2000 support
[STDERR  ] 2017-07-26T15:19:39.073116486Z: [    7.937600] Key type dns_resolver registered
[STDERR  ] 2017-07-26T15:19:39.073122928Z: [    7.938425] microcode: AMD CPU family 0x6 not supported
[STDERR  ] 2017-07-26T15:19:39.073129591Z: [    7.942264] registered taskstats version 1
[STDERR  ] 2017-07-26T15:19:39.07313613Z: [    8.095842] Key type big_key registered
[STDERR  ] 2017-07-26T15:19:39.073142719Z: [    8.145834] ata2: SATA link up 1.5 Gbps (SStatus 113 SControl 300)
[STDERR  ] 2017-07-26T15:19:39.073149343Z: [    8.150770] ata6: SATA link down (SStatus 0 SControl 300)
[STDERR  ] 2017-07-26T15:19:39.073155831Z: [    8.152925] ata1: SATA link up 1.5 Gbps (SStatus 113 SControl 300)
[STDERR  ] 2017-07-26T15:19:39.073162401Z: [    8.155881] ata1.00: ATA-7: QEMU HARDDISK, 2.5+, max UDMA/100
[STDERR  ] 2017-07-26T15:19:39.073168914Z: [    8.156321] ata1.00: 1048576 sectors, multi 16: LBA48 NCQ (depth 31/32)
[STDERR  ] 2017-07-26T15:19:39.073175523Z: [    8.156941] ata1.00: applying bridge limits
[STDERR  ] 2017-07-26T15:19:39.073182077Z: [    8.159535] ata1.00: configured for UDMA/100
[STDERR  ] 2017-07-26T15:19:39.073188555Z: [    8.162869] ata3: SATA link up 1.5 Gbps (SStatus 113 SControl 300)
[STDERR  ] 2017-07-26T15:19:39.0731952Z: [    8.163786] ata3.00: ATAPI: QEMU DVD-ROM, 2.5+, max UDMA/100
[STDERR  ] 2017-07-26T15:19:39.073201777Z: [    8.164230] ata3.00: applying bridge limits
[STDERR  ] 2017-07-26T15:19:39.073208331Z: [    8.164886] ata3.00: configured for UDMA/100
[STDERR  ] 2017-07-26T15:19:39.07321475Z: [    8.167277] ata4: SATA link down (SStatus 0 SControl 300)
[STDERR  ] 2017-07-26T15:19:39.073221341Z: [    8.167826] ata5: SATA link down (SStatus 0 SControl 300)
[STDERR  ] 2017-07-26T15:19:39.07322791Z: [    8.190863] ata2.00: ATA-7: QEMU HARDDISK, 2.5+, max UDMA/100
[STDERR  ] 2017-07-26T15:19:39.073237889Z: [    8.191282] ata2.00: 1048576 sectors, multi 16: LBA48 NCQ (depth 31/32)
[STDERR  ] 2017-07-26T15:19:39.073244577Z: [    8.191737] ata2.00: applying bridge limits
[STDERR  ] 2017-07-26T15:19:39.07325109Z: [    8.192490] ata2.00: configured for UDMA/100
[STDERR  ] 2017-07-26T15:19:39.073261985Z: [    8.203014] scsi 0:0:0:0: Direct-Access     ATA      QEMU HARDDISK    2.5+ PQ: 0 ANSI: 5
[STDERR  ] 2017-07-26T15:19:39.073270321Z: [    8.227923] sd 0:0:0:0: [sda] 1048576 512-byte logical blocks: (537 MB/512 MiB)
[STDERR  ] 2017-07-26T15:19:39.073281497Z: [    8.229099] sd 0:0:0:0: Attached scsi generic sg0 type 0
[STDERR  ] 2017-07-26T15:19:39.073291465Z: [    8.239075] sd 0:0:0:0: [sda] Write Protect is off
[STDERR  ] 2017-07-26T15:19:39.073298129Z: [    8.242499] sd 0:0:0:0: [sda] Write cache: enabled, read cache: enabled, doesn't support DPO or FUA
[STDERR  ] 2017-07-26T15:19:39.073305354Z: [    8.244354] scsi 1:0:0:0: Direct-Access     ATA      QEMU HARDDISK    2.5+ PQ: 0 ANSI: 5
[STDERR  ] 2017-07-26T15:19:39.073312692Z: [    8.249785] sd 1:0:0:0: [sdb] 1048576 512-byte logical blocks: (537 MB/512 MiB)
[STDERR  ] 2017-07-26T15:19:39.073319315Z: [    8.252109] sd 1:0:0:0: [sdb] Write Protect is off
[STDERR  ] 2017-07-26T15:19:39.073325988Z: [    8.252830] sd 1:0:0:0: [sdb] Write cache: enabled, read cache: enabled, doesn't support DPO or FUA
[STDERR  ] 2017-07-26T15:19:39.07333916Z: [    8.261742] sd 1:0:0:0: Attached scsi generic sg1 type 0
[STDERR  ] 2017-07-26T15:19:39.073345753Z: [    8.271264] scsi 2:0:0:0: CD-ROM            QEMU     QEMU DVD-ROM     2.5+ PQ: 0 ANSI: 5
[STDERR  ] 2017-07-26T15:19:39.07335332Z: [    8.302446] Key type encrypted registered
[STDERR  ] 2017-07-26T15:19:39.073359909Z: [    8.321453] sr 2:0:0:0: [sr0] scsi3-mmc drive: 4x/4x cd/rw xa/form2 tray
[STDERR  ] 2017-07-26T15:19:39.073366484Z: [    8.322152] cdrom: Uniform CD-ROM driver Revision: 3.20
[STDERR  ] 2017-07-26T15:19:39.073373006Z: [    8.327048] rtc_cmos 00:00: setting system clock to 2017-07-26 15:19:00 UTC (1501082340)
[STDERR  ] 2017-07-26T15:19:39.073379885Z: [    8.359842] sr 2:0:0:0: Attached scsi generic sg2 type 5
[STDERR  ] 2017-07-26T15:19:39.073386446Z: [    8.361770] sd 0:0:0:0: [sda] Attached SCSI disk
[STDERR  ] 2017-07-26T15:19:39.073393025Z: [    8.362357] sd 1:0:0:0: [sdb] Attached SCSI disk
[STDERR  ] 2017-07-26T15:19:39.073399589Z: [    8.529591] Freeing unused kernel memory: 1376K (ffffffff85d57000 - ffffffff85eaf000)
[STDERR  ] 2017-07-26T15:19:39.073406092Z: [    8.530285] Write protecting the kernel read-only data: 12288k
[STDERR  ] 2017-07-26T15:19:39.073412645Z: [    8.531795] tsc: Refined TSC clocksource calibration: 2300.039 MHz
[STDERR  ] 2017-07-26T15:19:39.073419124Z: [    8.532227] clocksource: tsc: mask: 0xffffffffffffffff max_cycles: 0x21275a2a673, max_idle_ns: 440795322019 ns
[STDERR  ] 2017-07-26T15:19:39.073426078Z: [    8.537187] Freeing unused kernel memory: 152K (ffff8e01797da000 - ffff8e0179800000)
[STDERR  ] 2017-07-26T15:19:39.073432657Z: [    8.662212] Freeing unused kernel memory: 1400K (ffff8e0179aa2000 - ffff8e0179c00000)
[STDERR  ] 2017-07-26T15:19:39.073439144Z: [    9.546102] clocksource: Switched to clocksource tsc
[STDERR  ] 2017-07-26T15:19:39.073445619Z: 
[STDERR  ] 2017-07-26T15:19:39.07345224Z: Welcome to LinuxKit
[STDERR  ] 2017-07-26T15:19:39.073458785Z: 
[STDERR  ] 2017-07-26T15:19:39.073465384Z:                         ##         .
[STDERR  ] 2017-07-26T15:19:39.073471947Z:                   ## ## ##        ==
[STDERR  ] 2017-07-26T15:19:39.073482103Z:                ## ## ## ## ##    ===
[STDERR  ] 2017-07-26T15:19:39.07348883Z:            /"""""""""""""""""\___/ ===
[STDERR  ] 2017-07-26T15:19:39.073495414Z:           {                       /  ===-
[STDERR  ] 2017-07-26T15:19:39.073501907Z:            \______ O           __/
[STDERR  ] 2017-07-26T15:19:39.073508454Z:              \    \         __/
[STDERR  ] 2017-07-26T15:19:39.073515037Z:               \____\_______/
[STDERR  ] 2017-07-26T15:19:39.073521509Z: 
[STDERR  ] 2017-07-26T15:19:39.073528272Z: [   20.358690] IPVS: Creating netns size=2104 id=1
[STDERR  ] 2017-07-26T15:19:39.073534778Z: [   20.359144] IPVS: ftp: loaded support on port[0] = 21
[STDERR  ] 2017-07-26T15:19:39.073541391Z: 2017/07/26 15:19:13 Creating partition on /dev/sda
[STDERR  ] 2017-07-26T15:19:39.073550404Z: [   21.809937]  sda:
[STDERR  ] 2017-07-26T15:19:39.07355908Z: [   21.873330]  sda:
[STDERR  ] 2017-07-26T15:19:39.073565706Z: [   21.897321]  sda: sda1
[STDERR  ] 2017-07-26T15:19:39.073572244Z: [   21.956063]  sda: sda1
[STDERR  ] 2017-07-26T15:19:39.07357872Z: 2017/07/26 15:19:15 Partition /dev/sda1 successfully created!
[STDERR  ] 2017-07-26T15:19:39.073585304Z:  - 000-format
[STDERR  ] 2017-07-26T15:19:39.073591922Z: [   24.503368] IPVS: Creating netns size=2104 id=2
[STDERR  ] 2017-07-26T15:19:39.07360022Z: [   24.503792] IPVS: ftp: loaded support on port[0] = 21
[STDERR  ] 2017-07-26T15:19:39.073610938Z: 2017/07/26 15:19:17 Partition table found on device /dev/sda. Skipping.
[STDERR  ] 2017-07-26T15:19:39.073617618Z: 2017/07/26 15:19:17 Creating partition on /dev/sdb
[STDERR  ] 2017-07-26T15:19:39.073627041Z: [   26.619017]  sdb:
[STDERR  ] 2017-07-26T15:19:39.073633732Z: [   26.711979]  sdb:
[STDERR  ] 2017-07-26T15:19:39.073640293Z: [   26.735624]  sdb: sdb1
[STDERR  ] 2017-07-26T15:19:39.073646773Z: [   26.800612]  sdb: sdb1
[STDERR  ] 2017-07-26T15:19:39.073653231Z: 2017/07/26 15:19:20 Partition /dev/sdb1 successfully created!
[STDERR  ] 2017-07-26T15:19:39.07365991Z:  - 001-format
[STDERR  ] 2017-07-26T15:19:39.073666435Z: [   29.415794] IPVS: Creating netns size=2104 id=3
[STDERR  ] 2017-07-26T15:19:39.073673015Z: [   29.416279] IPVS: ftp: loaded support on port[0] = 21
[STDERR  ] 2017-07-26T15:19:39.073679614Z: [   30.966935] EXT4-fs (sda1): couldn't mount as ext3 due to feature incompatibilities
[STDERR  ] 2017-07-26T15:19:39.073688551Z: [   30.972901] EXT4-fs (sda1): couldn't mount as ext2 due to feature incompatibilities
[STDERR  ] 2017-07-26T15:19:39.073695221Z: [   30.997478] EXT4-fs (sda1): mounted filesystem with ordered data mode. Opts: (null)
[STDERR  ] 2017-07-26T15:19:39.073701888Z:  - 002-mount
[STDERR  ] 2017-07-26T15:19:39.073708286Z: [   31.494898] IPVS: Creating netns size=2104 id=4
[STDERR  ] 2017-07-26T15:19:39.073714876Z: [   31.495356] IPVS: ftp: loaded support on port[0] = 21
[STDERR  ] 2017-07-26T15:19:39.073721372Z: [   33.044319] EXT4-fs (sdb1): couldn't mount as ext3 due to feature incompatibilities
[STDERR  ] 2017-07-26T15:19:39.073727964Z: [   33.049372] EXT4-fs (sdb1): couldn't mount as ext2 due to feature incompatibilities
[STDERR  ] 2017-07-26T15:19:39.073734557Z: [   33.064467] EXT4-fs (sdb1): mounted filesystem with ordered data mode. Opts: (null)
[STDERR  ] 2017-07-26T15:19:39.073741258Z:  - 003-mount
[STDERR  ] 2017-07-26T15:19:39.07374775Z: format_mount test suite PASSED
[STDERR  ] 2017-07-26T15:19:39.073754324Z:  - 004-test
[STDERR  ] 2017-07-26T15:19:39.07376085Z: [   46.061858] sd 1:0:0:0: [sdb] Synchronizing SCSI cache
[STDERR  ] 2017-07-26T15:19:39.073767452Z: [   46.062683] sd 1:0:0:0: [sdb] Stopping disk
[STDERR  ] 2017-07-26T15:19:39.073773977Z: [   46.063354] sd 0:0:0:0: [sda] Synchronizing SCSI cache
[STDERR  ] 2017-07-26T15:19:39.073780536Z: [   46.063937] sd 0:0:0:0: [sda] Stopping disk
[STDERR  ] 2017-07-26T15:19:39.073791366Z: [   46.066258] ACPI: Preparing to enter system sleep state S5
[STDERR  ] 2017-07-26T15:19:39.073798414Z: [   46.067372] reboot: Power down
[STDERR  ] 2017-07-26T15:19:39.073804968Z: + echo [    0.000000] Linux version 4.9.39-linuxkit (root@e1ede117fb1e) (gcc version 6.3.0 (Alpine 6.3.0) ) #1 SMP Wed Jul 26 10:03:32 UTC 2017
[STDERR  ] 2017-07-26T15:19:39.07381265Z: [    0.000000] Command line: console=ttyS0
[STDERR  ] 2017-07-26T15:19:39.073819404Z: [    0.000000] x86/fpu: Legacy x87 FPU detected.
[STDERR  ] 2017-07-26T15:19:39.073825838Z: [    0.000000] x86/fpu: Using 'eager' FPU context switches.
[STDERR  ] 2017-07-26T15:19:39.07383539Z: [    0.000000] e820: BIOS-provided physical RAM map:
[STDERR  ] 2017-07-26T15:19:39.073842096Z: [    0.000000] BIOS-e820: [mem 0x0000000000000000-0x000000000009fbff] usable
[STDERR  ] 2017-07-26T15:19:39.073848718Z: [    0.000000] BIOS-e820: [mem 0x000000000009fc00-0x000000000009ffff] reserved
[STDERR  ] 2017-07-26T15:19:39.073855248Z: [    0.000000] BIOS-e820: [mem 0x00000000000f0000-0x00000000000fffff] reserved
[STDERR  ] 2017-07-26T15:19:39.073866299Z: [    0.000000] BIOS-e820: [mem 0x0000000000100000-0x000000003ffddfff] usable
[STDERR  ] 2017-07-26T15:19:39.07387296Z: [    0.000000] BIOS-e820: [mem 0x000000003ffde000-0x000000003fffffff] reserved
[STDERR  ] 2017-07-26T15:19:39.073879558Z: [    0.000000] BIOS-e820: [mem 0x00000000b0000000-0x00000000bfffffff] reserved
[STDERR  ] 2017-07-26T15:19:39.073886156Z: [    0.000000] BIOS-e820: [mem 0x00000000fed1c000-0x00000000fed1ffff] reserved
[STDERR  ] 2017-07-26T15:19:39.073892691Z: [    0.000000] BIOS-e820: [mem 0x00000000fffc0000-0x00000000ffffffff] reserved
[STDERR  ] 2017-07-26T15:19:39.073899169Z: [    0.000000] NX (Execute Disable) protection: active
[STDERR  ] 2017-07-26T15:19:39.073905848Z: [    0.000000] SMBIOS 2.8 present.
[STDERR  ] 2017-07-26T15:19:39.073912438Z: [    0.000000] e820: last_pfn = 0x3ffde max_arch_pfn = 0x400000000
[STDERR  ] 2017-07-26T15:19:39.073919063Z: [    0.000000] x86/PAT: Configuration [0-7]: WB  WC  UC- UC  WB  WC  UC- WT  
[STDERR  ] 2017-07-26T15:19:39.073925568Z: [    0.000000] found SMP MP-table at [mem 0x000f6aa0-0x000f6aaf] mapped at [ffff8e01400f6aa0]
[STDERR  ] 2017-07-26T15:19:39.073933628Z: [    0.000000] RAMDISK: [mem 0x3e059000-0x3ffcffff]
[STDERR  ] 2017-07-26T15:19:39.073940198Z: [    0.000000] ACPI: Early table checksum verification disabled
[STDERR  ] 2017-07-26T15:19:39.073946661Z: [    0.000000] ACPI: RSDP 0x00000000000F68C0 000014 (v00 BOCHS )
[STDERR  ] 2017-07-26T15:19:39.073953158Z: [    0.000000] ACPI: RSDT 0x000000003FFE2404 000034 (v01 BOCHS  BXPCRSDT 00000001 BXPC 00000001)
[STDERR  ] 2017-07-26T15:19:39.073960433Z: [    0.000000] ACPI: FACP 0x000000003FFE22A4 000074 (v01 BOCHS  BXPCFACP 00000001 BXPC 00000001)
[STDERR  ] 2017-07-26T15:19:39.073970962Z: [    0.000000] ACPI: DSDT 0x000000003FFE0040 002264 (v01 BOCHS  BXPCDSDT 00000001 BXPC 00000001)
[STDERR  ] 2017-07-26T15:19:39.073978018Z: [    0.000000] ACPI: FACS 0x000000003FFE0000 000040
[STDERR  ] 2017-07-26T15:19:39.073984665Z: [    0.000000] ACPI: APIC 0x000000003FFE2318 000078 (v01 BOCHS  BXPCAPIC 00000001 BXPC 00000001)
[STDERR  ] 2017-07-26T15:19:39.073991453Z: [    0.000000] ACPI: HPET 0x000000003FFE2390 000038 (v01 BOCHS  BXPCHPET 00000001 BXPC 00000001)
[STDERR  ] 2017-07-26T15:19:39.073998038Z: [    0.000000] ACPI: MCFG 0x000000003FFE23C8 00003C (v01 BOCHS  BXPCMCFG 00000001 BXPC 00000001)
[STDERR  ] 2017-07-26T15:19:39.074004553Z: [    0.000000] Zone ranges:
[STDERR  ] 2017-07-26T15:19:39.07401117Z: [    0.000000]   DMA      [mem 0x0000000000001000-0x0000000000ffffff]
[STDERR  ] 2017-07-26T15:19:39.07401772Z: [    0.000000]   DMA32    [mem 0x0000000001000000-0x000000003ffddfff]
[STDERR  ] 2017-07-26T15:19:39.074024288Z: [    0.000000]   Normal   empty
[STDERR  ] 2017-07-26T15:19:39.074030924Z: [    0.000000] Movable zone start for each node
[STDERR  ] 2017-07-26T15:19:39.074037479Z: [    0.000000] Early memory node ranges
[STDERR  ] 2017-07-26T15:19:39.074043926Z: [    0.000000]   node   0: [mem 0x0000000000001000-0x000000000009efff]
[STDERR  ] 2017-07-26T15:19:39.074050532Z: [    0.000000]   node   0: [mem 0x0000000000100000-0x000000003ffddfff]
[STDERR  ] 2017-07-26T15:19:39.074062499Z: [    0.000000] Initmem setup node 0 [mem 0x0000000000001000-0x000000003ffddfff]
[STDERR  ] 2017-07-26T15:19:39.074069578Z: [    0.000000] ACPI: PM-Timer IO Port: 0x608
[STDERR  ] 2017-07-26T15:19:39.07407628Z: [    0.000000] ACPI: LAPIC_NMI (acpi_id[0xff] dfl dfl lint[0x1])
[STDERR  ] 2017-07-26T15:19:39.074082809Z: [    0.000000] IOAPIC[0]: apic_id 0, version 32, address 0xfec00000, GSI 0-23
[STDERR  ] 2017-07-26T15:19:39.074089365Z: [    0.000000] ACPI: INT_SRC_OVR (bus 0 bus_irq 0 global_irq 2 dfl dfl)
[STDERR  ] 2017-07-26T15:19:39.074095964Z: [    0.000000] ACPI: INT_SRC_OVR (bus 0 bus_irq 5 global_irq 5 high level)
[STDERR  ] 2017-07-26T15:19:39.074102518Z: [    0.000000] ACPI: INT_SRC_OVR (bus 0 bus_irq 9 global_irq 9 high level)
[STDERR  ] 2017-07-26T15:19:39.074108974Z: [    0.000000] ACPI: INT_SRC_OVR (bus 0 bus_irq 10 global_irq 10 high level)
[STDERR  ] 2017-07-26T15:19:39.074119849Z: [    0.000000] ACPI: INT_SRC_OVR (bus 0 bus_irq 11 global_irq 11 high level)
[STDERR  ] 2017-07-26T15:19:39.074126449Z: [    0.000000] Using ACPI (MADT) for SMP configuration information
[STDERR  ] 2017-07-26T15:19:39.074133041Z: [    0.000000] ACPI: HPET id: 0x8086a201 base: 0xfed00000
[STDERR  ] 2017-07-26T15:19:39.074139682Z: [    0.000000] smpboot: Allowing 1 CPUs, 0 hotplug CPUs
[STDERR  ] 2017-07-26T15:19:39.074146255Z: [    0.000000] e820: [mem 0x40000000-0xafffffff] available for PCI devices
[STDERR  ] 2017-07-26T15:19:39.074152743Z: [    0.000000] Booting paravirtualized kernel on bare hardware
[STDERR  ] 2017-07-26T15:19:39.074159303Z: [    0.000000] clocksource: refined-jiffies: mask: 0xffffffff max_cycles: 0xffffffff, max_idle_ns: 19112604462750000 ns
[STDERR  ] 2017-07-26T15:19:39.074166982Z: [    0.000000] setup_percpu: NR_CPUS:128 nr_cpumask_bits:128 nr_cpu_ids:1 nr_node_ids:1
[STDERR  ] 2017-07-26T15:19:39.074175204Z: [    0.000000] percpu: Embedded 35 pages/cpu @ffff8e017de00000 s105240 r8192 d29928 u2097152
[STDERR  ] 2017-07-26T15:19:39.07418195Z: [    0.000000] Built 1 zonelists in Zone order, mobility grouping on.  Total pages: 257895
[STDERR  ] 2017-07-26T15:19:39.07419232Z: [    0.000000] Kernel command line: console=ttyS0
[STDERR  ] 2017-07-26T15:19:39.074198916Z: [    0.000000] PID hash table entries: 4096 (order: 3, 32768 bytes)
[STDERR  ] 2017-07-26T15:19:39.074205527Z: [    0.000000] Dentry cache hash table entries: 131072 (order: 8, 1048576 bytes)
[STDERR  ] 2017-07-26T15:19:39.074212073Z: [    0.000000] Inode-cache hash table entries: 65536 (order: 7, 524288 bytes)
[STDERR  ] 2017-07-26T15:19:39.07421866Z: [    0.000000] Memory: 981960K/1048048K available (8027K kernel code, 1366K rwdata, 2696K rodata, 1376K init, 568K bss, 66088K reserved, 0K cma-reserved)
[STDERR  ] 2017-07-26T15:19:39.074225916Z: [    0.000000] Hierarchical RCU implementation.
[STDERR  ] 2017-07-26T15:19:39.074232449Z: [    0.000000] 	Build-time adjustment of leaf fanout to 64.
[STDERR  ] 2017-07-26T15:19:39.074239149Z: [    0.000000] 	RCU restricting CPUs from NR_CPUS=128 to nr_cpu_ids=1.
[STDERR  ] 2017-07-26T15:19:39.074245666Z: [    0.000000] RCU: Adjusting geometry for rcu_fanout_leaf=64, nr_cpu_ids=1
[STDERR  ] 2017-07-26T15:19:39.074252159Z: [    0.000000] NR_IRQS:8448 nr_irqs:256 16
[STDERR  ] 2017-07-26T15:19:39.07425864Z: [    0.000000] Console: colour VGA+ 80x25
[STDERR  ] 2017-07-26T15:19:39.074265222Z: [    0.000000] console [ttyS0] enabled
[STDERR  ] 2017-07-26T15:19:39.07427168Z: [    0.000000] clocksource: hpet: mask: 0xffffffff max_cycles: 0xffffffff, max_idle_ns: 19112604467 ns
[STDERR  ] 2017-07-26T15:19:39.074278764Z: [    0.000000] tsc: Fast TSC calibration using PIT
[STDERR  ] 2017-07-26T15:19:39.074289547Z: [    0.000000] tsc: Detected 2300.097 MHz processor
[STDERR  ] 2017-07-26T15:19:39.074296066Z: [    0.021308] Calibrating delay loop (skipped), value calculated using timer frequency.. 4600.19 BogoMIPS (lpj=23000970)
[STDERR  ] 2017-07-26T15:19:39.074302902Z: [    0.022356] pid_max: default: 32768 minimum: 301
[STDERR  ] 2017-07-26T15:19:39.074309448Z: [    0.023224] ACPI: Core revision 20160831
[STDERR  ] 2017-07-26T15:19:39.074315986Z: [    0.071556] ACPI: 1 ACPI AML tables successfully acquired and loaded
[STDERR  ] 2017-07-26T15:19:39.074322481Z: [    0.074750] Security Framework initialized
[STDERR  ] 2017-07-26T15:19:39.074332761Z: [    0.075145] Yama: becoming mindful.
[STDERR  ] 2017-07-26T15:19:39.074339288Z: [    0.077026] Mount-cache hash table entries: 2048 (order: 2, 16384 bytes)
[STDERR  ] 2017-07-26T15:19:39.074345899Z: [    0.077576] Mountpoint-cache hash table entries: 2048 (order: 2, 16384 bytes)
[STDERR  ] 2017-07-26T15:19:39.074352429Z: [    0.096341] Last level iTLB entries: 4KB 0, 2MB 0, 4MB 0
[STDERR  ] 2017-07-26T15:19:39.074358907Z: [    0.096782] Last level dTLB entries: 4KB 0, 2MB 0, 4MB 0, 1GB 0
[STDERR  ] 2017-07-26T15:19:39.074365546Z: [    0.394619] Freeing SMP alternatives memory: 20K (ffffffff85eaf000 - ffffffff85eb4000)
[STDERR  ] 2017-07-26T15:19:39.074377082Z: [    0.403413] ftrace: allocating 35482 entries in 139 pages
[STDERR  ] 2017-07-26T15:19:39.074383833Z: [    0.553454] smpboot: Max logical packages: 1
[STDERR  ] 2017-07-26T15:19:39.074390373Z: [    0.558609] ..TIMER: vector=0x30 apic1=0 pin1=2 apic2=-1 pin2=-1
[STDERR  ] 2017-07-26T15:19:39.074396994Z: [    0.660000] smpboot: CPU0: AMD QEMU Virtual CPU version 2.5+ (family: 0x6, model: 0x6, stepping: 0x3)
[STDERR  ] 2017-07-26T15:19:39.074403857Z: [    0.660000] Performance Events: PMU not available due to virtualization, using software events only.
[STDERR  ] 2017-07-26T15:19:39.074412242Z: [    0.667295] NMI watchdog: disabled (cpu0): hardware events not enabled
[STDERR  ] 2017-07-26T15:19:39.074422148Z: [    0.667702] NMI watchdog: Shutting down hard lockup detector on all cpus
[STDERR  ] 2017-07-26T15:19:39.074428732Z: [    0.670471] x86: Booted up 1 node, 1 CPUs
[STDERR  ] 2017-07-26T15:19:39.074435397Z: [    0.670806] smpboot: Total of 1 processors activated (4600.19 BogoMIPS)
[STDERR  ] 2017-07-26T15:19:39.074442026Z: [    0.683814] devtmpfs: initialized
[STDERR  ] 2017-07-26T15:19:39.07444867Z: [    0.688486] x86/mm: Memory block size: 128MB
[STDERR  ] 2017-07-26T15:19:39.07445521Z: [    0.751366] clocksource: jiffies: mask: 0xffffffff max_cycles: 0xffffffff, max_idle_ns: 19112604462750000 ns
[STDERR  ] 2017-07-26T15:19:39.074464656Z: [    0.752115] futex hash table entries: 256 (order: 2, 16384 bytes)
[STDERR  ] 2017-07-26T15:19:39.074477506Z: [    0.761080] NET: Registered protocol family 16
[STDERR  ] 2017-07-26T15:19:39.07448453Z: [    0.770388] cpuidle: using governor ladder
[STDERR  ] 2017-07-26T15:19:39.074491208Z: [    0.770771] cpuidle: using governor menu
[STDERR  ] 2017-07-26T15:19:39.074497868Z: [    0.771785] ACPI: bus type PCI registered
[STDERR  ] 2017-07-26T15:19:39.074504385Z: [    0.774468] PCI: MMCONFIG for domain 0000 [bus 00-ff] at [mem 0xb0000000-0xbfffffff] (base 0xb0000000)
[STDERR  ] 2017-07-26T15:19:39.074511353Z: [    0.775160] PCI: MMCONFIG at [mem 0xb0000000-0xbfffffff] reserved in E820
[STDERR  ] 2017-07-26T15:19:39.074517849Z: [    0.776376] PCI: Using configuration type 1 for base access
[STDERR  ] 2017-07-26T15:19:39.074524399Z: [    0.832149] HugeTLB registered 2 MB page size, pre-allocated 0 pages
[STDERR  ] 2017-07-26T15:19:39.074531058Z: [    0.841612] ACPI: Added _OSI(Module Device)
[STDERR  ] 2017-07-26T15:19:39.074537513Z: [    0.841903] ACPI: Added _OSI(Processor Device)
[STDERR  ] 2017-07-26T15:19:39.074544036Z: [    0.842162] ACPI: Added _OSI(3.0 _SCP Extensions)
[STDERR  ] 2017-07-26T15:19:39.074550613Z: [    0.842434] ACPI: Added _OSI(Processor Aggregator Device)
[STDERR  ] 2017-07-26T15:19:39.074557217Z: [    0.918434] ACPI: Interpreter enabled
[STDERR  ] 2017-07-26T15:19:39.074563857Z: [    0.919196] ACPI: (supports S0 S5)
[STDERR  ] 2017-07-26T15:19:39.074570329Z: [    0.919460] ACPI: Using IOAPIC for interrupt routing
[STDERR  ] 2017-07-26T15:19:39.074576912Z: [    0.921300] PCI: Using host bridge windows from ACPI; if necessary, use "pci=nocrs" and report a bug
[STDERR  ] 2017-07-26T15:19:39.074584225Z: [    0.985345] ACPI: PCI Root Bridge [PCI0] (domain 0000 [bus 00-ff])
[STDERR  ] 2017-07-26T15:19:39.074590831Z: [    0.986174] acpi PNP0A08:00: _OSC: OS supports [ExtendedConfig ASPM ClockPM Segments MSI]
[STDERR  ] 2017-07-26T15:19:39.074598212Z: [    0.991825] acpi PNP0A08:00: _OSC: OS now controls [PCIeHotplug PME PCIeCapability]
[STDERR  ] 2017-07-26T15:19:39.074605007Z: [    0.995277] PCI host bridge to bus 0000:00
[STDERR  ] 2017-07-26T15:19:39.074611562Z: [    0.995656] pci_bus 0000:00: root bus resource [io  0x0000-0x0cf7 window]
[STDERR  ] 2017-07-26T15:19:39.074618164Z: [    0.996060] pci_bus 0000:00: root bus resource [io  0x0d00-0xffff window]
[STDERR  ] 2017-07-26T15:19:39.074624683Z: [    0.996440] pci_bus 0000:00: root bus resource [mem 0x000a0000-0x000bffff window]
[STDERR  ] 2017-07-26T15:19:39.074631168Z: [    0.996863] pci_bus 0000:00: root bus resource [mem 0xc0000000-0xfebfffff window]
[STDERR  ] 2017-07-26T15:19:39.07464221Z: [    0.997401] pci_bus 0000:00: root bus resource [bus 00-ff]
[STDERR  ] 2017-07-26T15:19:39.074648806Z: [    1.102323] pci 0000:00:1f.0: quirk: [io  0x0600-0x067f] claimed by ICH6 ACPI/GPIO/TCO
[STDERR  ] 2017-07-26T15:19:39.074655412Z: [    1.161029] ACPI: PCI Interrupt Link [LNKA] (IRQs 5 *10 11)
[STDERR  ] 2017-07-26T15:19:39.074661979Z: [    1.162982] ACPI: PCI Interrupt Link [LNKB] (IRQs 5 *10 11)
[STDERR  ] 2017-07-26T15:19:39.074668532Z: [    1.164660] ACPI: PCI Interrupt Link [LNKC] (IRQs 5 10 *11)
[STDERR  ] 2017-07-26T15:19:39.074674998Z: [    1.166714] ACPI: PCI Interrupt Link [LNKD] (IRQs 5 10 *11)
[STDERR  ] 2017-07-26T15:19:39.074681438Z: [    1.169142] ACPI: PCI Interrupt Link [LNKE] (IRQs 5 *10 11)
[STDERR  ] 2017-07-26T15:19:39.074687848Z: [    1.170000] ACPI: PCI Interrupt Link [LNKF] (IRQs 5 *10 11)
[STDERR  ] 2017-07-26T15:19:39.074697641Z: [    1.170000] ACPI: PCI Interrupt Link [LNKG] (IRQs 5 10 *11)
[STDERR  ] 2017-07-26T15:19:39.07470432Z: [    1.170000] ACPI: PCI Interrupt Link [LNKH] (IRQs 5 10 *11)
[STDERR  ] 2017-07-26T15:19:39.074710758Z: [    1.170000] ACPI: PCI Interrupt Link [GSIA] (IRQs *16)
[STDERR  ] 2017-07-26T15:19:39.074717281Z: [    1.170000] ACPI: PCI Interrupt Link [GSIB] (IRQs *17)
[STDERR  ] 2017-07-26T15:19:39.074723739Z: [    1.170192] ACPI: PCI Interrupt Link [GSIC] (IRQs *18)
[STDERR  ] 2017-07-26T15:19:39.074730293Z: [    1.170830] ACPI: PCI Interrupt Link [GSID] (IRQs *19)
[STDERR  ] 2017-07-26T15:19:39.074736787Z: [    1.171457] ACPI: PCI Interrupt Link [GSIE] (IRQs *20)
