[INFO    ] 2017-07-26T15:25:50.511941389Z: Running Test linuxkit.packages.sysctl in /tmp/with_clone18cb96aa/test/cases/040_packages/019_sysctl
[INFO    ] 2017-07-26T15:25:50.512037466Z: Running command: [/bin/sh -x /tmp/with_clone18cb96aa/test/cases/040_packages/019_sysctl/test.sh]
[STDERR  ] 2017-07-26T15:25:50.51306771Z: + set -e
[STDERR  ] 2017-07-26T15:25:50.513137019Z: + . /tmp/with_clone18cb96aa/test/cases/_lib/lib.sh
[STDERR  ] 2017-07-26T15:25:50.513151534Z: + [ -f src/github.com/linuxkit/rtf/lib/lib.sh ]
[STDERR  ] 2017-07-26T15:25:50.513165331Z: + LINUXKIT_TMPDIR=/tmp/with_clone18cb96aa/test/cases/_tmp
[STDERR  ] 2017-07-26T15:25:50.513183558Z: + [ -f /tmp/with_clone18cb96aa/test/cases/_tmp/env.sh ]
[STDERR  ] 2017-07-26T15:25:50.513196931Z: + . /tmp/with_clone18cb96aa/test/cases/_tmp/env.sh
[STDERR  ] 2017-07-26T15:25:50.513212163Z: + export LINUXKIT_EXAMPLES_DIR=/tmp/with_clone18cb96aa/test/cases/../../examples
[STDERR  ] 2017-07-26T15:25:50.513229601Z: + export LINUXKIT_BLUEPRINTS_DIR=/tmp/with_clone18cb96aa/test/cases/../../blueprints
[STDERR  ] 2017-07-26T15:25:50.513243556Z: + RT_CANCEL=253
[STDERR  ] 2017-07-26T15:25:50.51325683Z: + trap clean_up EXIT
[STDERR  ] 2017-07-26T15:25:50.513272771Z: + moby build -output kernel+initrd test-sysctl.yml
[STDERR  ] 2017-07-26T15:25:50.522010321Z: Extract kernel image: linuxkit/kernel:4.9.39
[STDERR  ] 2017-07-26T15:26:01.287088106Z: Add init containers:
[STDERR  ] 2017-07-26T15:26:01.2871581Z: Process init image: linuxkit/init:838b772355a8690143b37de1cdd4ac5db725271f
[STDERR  ] 2017-07-26T15:26:02.903388421Z: Process init image: linuxkit/runc:d5cbeb95bdafedb82ad2cf11cff1a5da7fcae630
[STDERR  ] 2017-07-26T15:26:04.840054465Z: Add onboot containers:
[STDERR  ] 2017-07-26T15:26:04.840141778Z:   Create OCI config for linuxkit/sysctl:d1a43c7c91e92374766f962dc8534cf9508756b0
[STDERR  ] 2017-07-26T15:26:06.377501145Z:   Create OCI config for alpine:3.6
[STDERR  ] 2017-07-26T15:26:08.023213988Z:   Create OCI config for linuxkit/poweroff:bce51402e293da0b653923a43c3c7be6e0effa05
[STDERR  ] 2017-07-26T15:26:09.505406681Z: Add files:
[STDERR  ] 2017-07-26T15:26:09.505472163Z:   check.sh
[STDERR  ] 2017-07-26T15:26:09.505488266Z: Create outputs:
[STDERR  ] 2017-07-26T15:26:12.740602253Z:   test-sysctl-kernel test-sysctl-initrd.img test-sysctl-cmdline
[STDERR  ] 2017-07-26T15:26:12.917336636Z: + linuxkit run test-sysctl
[STDERR  ] 2017-07-26T15:26:41.039548208Z: + RESULT=[    0.000000] Linux version 4.9.39-linuxkit (root@e1ede117fb1e) (gcc version 6.3.0 (Alpine 6.3.0) ) #1 SMP Wed Jul 26 10:03:32 UTC 2017
[STDERR  ] 2017-07-26T15:26:41.039629036Z: [    0.000000] Command line: console=ttyS0 page_poison=1
[STDERR  ] 2017-07-26T15:26:41.039643539Z: [    0.000000] x86/fpu: Legacy x87 FPU detected.
[STDERR  ] 2017-07-26T15:26:41.039656929Z: [    0.000000] x86/fpu: Using 'eager' FPU context switches.
[STDERR  ] 2017-07-26T15:26:41.039671739Z: [    0.000000] e820: BIOS-provided physical RAM map:
[STDERR  ] 2017-07-26T15:26:41.03968558Z: [    0.000000] BIOS-e820: [mem 0x0000000000000000-0x000000000009fbff] usable
[STDERR  ] 2017-07-26T15:26:41.039699753Z: [    0.000000] BIOS-e820: [mem 0x000000000009fc00-0x000000000009ffff] reserved
[STDERR  ] 2017-07-26T15:26:41.039728823Z: [    0.000000] BIOS-e820: [mem 0x00000000000f0000-0x00000000000fffff] reserved
[STDERR  ] 2017-07-26T15:26:41.039741662Z: [    0.000000] BIOS-e820: [mem 0x0000000000100000-0x000000003ffdefff] usable
[STDERR  ] 2017-07-26T15:26:41.039755542Z: [    0.000000] BIOS-e820: [mem 0x000000003ffdf000-0x000000003fffffff] reserved
[STDERR  ] 2017-07-26T15:26:41.039768253Z: [    0.000000] BIOS-e820: [mem 0x00000000b0000000-0x00000000bfffffff] reserved
[STDERR  ] 2017-07-26T15:26:41.039785928Z: [    0.000000] BIOS-e820: [mem 0x00000000fed1c000-0x00000000fed1ffff] reserved
[STDERR  ] 2017-07-26T15:26:41.039800169Z: [    0.000000] BIOS-e820: [mem 0x00000000fffc0000-0x00000000ffffffff] reserved
[STDERR  ] 2017-07-26T15:26:41.039813321Z: [    0.000000] NX (Execute Disable) protection: active
[STDERR  ] 2017-07-26T15:26:41.039826119Z: [    0.000000] SMBIOS 2.8 present.
[STDERR  ] 2017-07-26T15:26:41.039855314Z: [    0.000000] e820: last_pfn = 0x3ffdf max_arch_pfn = 0x400000000
[STDERR  ] 2017-07-26T15:26:41.039867894Z: [    0.000000] x86/PAT: Configuration [0-7]: WB  WC  UC- UC  WB  WC  UC- WT  
[STDERR  ] 2017-07-26T15:26:41.039879689Z: [    0.000000] found SMP MP-table at [mem 0x000f6aa0-0x000f6aaf] mapped at [ffff8aeb000f6aa0]
[STDERR  ] 2017-07-26T15:26:41.039896169Z: [    0.000000] RAMDISK: [mem 0x3ed7d000-0x3ffcffff]
[STDERR  ] 2017-07-26T15:26:41.039908406Z: [    0.000000] ACPI: Early table checksum verification disabled
[STDERR  ] 2017-07-26T15:26:41.039920612Z: [    0.000000] ACPI: RSDP 0x00000000000F68C0 000014 (v00 BOCHS )
[STDERR  ] 2017-07-26T15:26:41.039932752Z: [    0.000000] ACPI: RSDT 0x000000003FFE2404 000034 (v01 BOCHS  BXPCRSDT 00000001 BXPC 00000001)
[STDERR  ] 2017-07-26T15:26:41.039944832Z: [    0.000000] ACPI: FACP 0x000000003FFE22A4 000074 (v01 BOCHS  BXPCFACP 00000001 BXPC 00000001)
[STDERR  ] 2017-07-26T15:26:41.039956425Z: [    0.000000] ACPI: DSDT 0x000000003FFE0040 002264 (v01 BOCHS  BXPCDSDT 00000001 BXPC 00000001)
[STDERR  ] 2017-07-26T15:26:41.039967928Z: [    0.000000] ACPI: FACS 0x000000003FFE0000 000040
[STDERR  ] 2017-07-26T15:26:41.039981191Z: [    0.000000] ACPI: APIC 0x000000003FFE2318 000078 (v01 BOCHS  BXPCAPIC 00000001 BXPC 00000001)
[STDERR  ] 2017-07-26T15:26:41.0399946Z: [    0.000000] ACPI: HPET 0x000000003FFE2390 000038 (v01 BOCHS  BXPCHPET 00000001 BXPC 00000001)
[STDERR  ] 2017-07-26T15:26:41.040006368Z: [    0.000000] ACPI: MCFG 0x000000003FFE23C8 00003C (v01 BOCHS  BXPCMCFG 00000001 BXPC 00000001)
[STDERR  ] 2017-07-26T15:26:41.040017839Z: [    0.000000] Zone ranges:
[STDERR  ] 2017-07-26T15:26:41.040029481Z: [    0.000000]   DMA      [mem 0x0000000000001000-0x0000000000ffffff]
[STDERR  ] 2017-07-26T15:26:41.040041302Z: [    0.000000]   DMA32    [mem 0x0000000001000000-0x000000003ffdefff]
[STDERR  ] 2017-07-26T15:26:41.040057199Z: [    0.000000]   Normal   empty
[STDERR  ] 2017-07-26T15:26:41.040068986Z: [    0.000000] Movable zone start for each node
[STDERR  ] 2017-07-26T15:26:41.040080483Z: [    0.000000] Early memory node ranges
[STDERR  ] 2017-07-26T15:26:41.040092295Z: [    0.000000]   node   0: [mem 0x0000000000001000-0x000000000009efff]
[STDERR  ] 2017-07-26T15:26:41.040104106Z: [    0.000000]   node   0: [mem 0x0000000000100000-0x000000003ffdefff]
[STDERR  ] 2017-07-26T15:26:41.040116604Z: [    0.000000] Initmem setup node 0 [mem 0x0000000000001000-0x000000003ffdefff]
[STDERR  ] 2017-07-26T15:26:41.040128816Z: [    0.000000] ACPI: PM-Timer IO Port: 0x608
[STDERR  ] 2017-07-26T15:26:41.04014042Z: [    0.000000] ACPI: LAPIC_NMI (acpi_id[0xff] dfl dfl lint[0x1])
[STDERR  ] 2017-07-26T15:26:41.040152782Z: [    0.000000] IOAPIC[0]: apic_id 0, version 32, address 0xfec00000, GSI 0-23
[STDERR  ] 2017-07-26T15:26:41.040164664Z: [    0.000000] ACPI: INT_SRC_OVR (bus 0 bus_irq 0 global_irq 2 dfl dfl)
[STDERR  ] 2017-07-26T15:26:41.040180044Z: [    0.000000] ACPI: INT_SRC_OVR (bus 0 bus_irq 5 global_irq 5 high level)
[STDERR  ] 2017-07-26T15:26:41.040192266Z: [    0.000000] ACPI: INT_SRC_OVR (bus 0 bus_irq 9 global_irq 9 high level)
[STDERR  ] 2017-07-26T15:26:41.040208291Z: [    0.000000] ACPI: INT_SRC_OVR (bus 0 bus_irq 10 global_irq 10 high level)
[STDERR  ] 2017-07-26T15:26:41.040224988Z: [    0.000000] ACPI: INT_SRC_OVR (bus 0 bus_irq 11 global_irq 11 high level)
[STDERR  ] 2017-07-26T15:26:41.040237008Z: [    0.000000] Using ACPI (MADT) for SMP configuration information
[STDERR  ] 2017-07-26T15:26:41.040249301Z: [    0.000000] ACPI: HPET id: 0x8086a201 base: 0xfed00000
[STDERR  ] 2017-07-26T15:26:41.040261449Z: [    0.000000] smpboot: Allowing 1 CPUs, 0 hotplug CPUs
[STDERR  ] 2017-07-26T15:26:41.040273106Z: [    0.000000] e820: [mem 0x40000000-0xafffffff] available for PCI devices
[STDERR  ] 2017-07-26T15:26:41.040285236Z: [    0.000000] Booting paravirtualized kernel on bare hardware
[STDERR  ] 2017-07-26T15:26:41.040300214Z: [    0.000000] clocksource: refined-jiffies: mask: 0xffffffff max_cycles: 0xffffffff, max_idle_ns: 19112604462750000 ns
[STDERR  ] 2017-07-26T15:26:41.040321774Z: [    0.000000] setup_percpu: NR_CPUS:128 nr_cpumask_bits:128 nr_cpu_ids:1 nr_node_ids:1
[STDERR  ] 2017-07-26T15:26:41.040332691Z: [    0.000000] percpu: Embedded 35 pages/cpu @ffff8aeb3ea00000 s105240 r8192 d29928 u2097152
[STDERR  ] 2017-07-26T15:26:41.040343945Z: [    0.000000] Built 1 zonelists in Zone order, mobility grouping on.  Total pages: 257896
[STDERR  ] 2017-07-26T15:26:41.040354947Z: [    0.000000] Kernel command line: console=ttyS0 page_poison=1
[STDERR  ] 2017-07-26T15:26:41.04036759Z: [    0.000000] PID hash table entries: 4096 (order: 3, 32768 bytes)
[STDERR  ] 2017-07-26T15:26:41.040378489Z: [    0.000000] Dentry cache hash table entries: 131072 (order: 8, 1048576 bytes)
[STDERR  ] 2017-07-26T15:26:41.040389571Z: [    0.000000] Inode-cache hash table entries: 65536 (order: 7, 524288 bytes)
[STDERR  ] 2017-07-26T15:26:41.040400615Z: [    0.000000] Memory: 995412K/1048052K available (8027K kernel code, 1366K rwdata, 2696K rodata, 1376K init, 568K bss, 52640K reserved, 0K cma-reserved)
[STDERR  ] 2017-07-26T15:26:41.040419217Z: [    0.000000] Hierarchical RCU implementation.
[STDERR  ] 2017-07-26T15:26:41.040430137Z: [    0.000000] 	Build-time adjustment of leaf fanout to 64.
[STDERR  ] 2017-07-26T15:26:41.040441318Z: [    0.000000] 	RCU restricting CPUs from NR_CPUS=128 to nr_cpu_ids=1.
[STDERR  ] 2017-07-26T15:26:41.040454861Z: [    0.000000] RCU: Adjusting geometry for rcu_fanout_leaf=64, nr_cpu_ids=1
[STDERR  ] 2017-07-26T15:26:41.040470196Z: [    0.000000] NR_IRQS:8448 nr_irqs:256 16
[STDERR  ] 2017-07-26T15:26:41.040481008Z: [    0.000000] Console: colour VGA+ 80x25
[STDERR  ] 2017-07-26T15:26:41.040492075Z: [    0.000000] console [ttyS0] enabled
[STDERR  ] 2017-07-26T15:26:41.040502531Z: [    0.000000] allocated 2097152 bytes of page_ext
[STDERR  ] 2017-07-26T15:26:41.040515131Z: [    0.000000] clocksource: hpet: mask: 0xffffffff max_cycles: 0xffffffff, max_idle_ns: 19112604467 ns
[STDERR  ] 2017-07-26T15:26:41.040526618Z: [    0.000000] tsc: Fast TSC calibration using PIT
[STDERR  ] 2017-07-26T15:26:41.040537701Z: [    0.000000] tsc: Detected 2300.092 MHz processor
[STDERR  ] 2017-07-26T15:26:41.04054921Z: [    0.021312] Calibrating delay loop (skipped), value calculated using timer frequency.. 4600.18 BogoMIPS (lpj=23000920)
[STDERR  ] 2017-07-26T15:26:41.040562339Z: [    0.022233] pid_max: default: 32768 minimum: 301
[STDERR  ] 2017-07-26T15:26:41.04057812Z: [    0.023068] ACPI: Core revision 20160831
[STDERR  ] 2017-07-26T15:26:41.040589619Z: [    0.072121] ACPI: 1 ACPI AML tables successfully acquired and loaded
[STDERR  ] 2017-07-26T15:26:41.040604961Z: [    0.075254] Security Framework initialized
[STDERR  ] 2017-07-26T15:26:41.040616592Z: [    0.075653] Yama: becoming mindful.
[STDERR  ] 2017-07-26T15:26:41.040628955Z: [    0.077474] Mount-cache hash table entries: 2048 (order: 2, 16384 bytes)
[STDERR  ] 2017-07-26T15:26:41.04064118Z: [    0.078036] Mountpoint-cache hash table entries: 2048 (order: 2, 16384 bytes)
[STDERR  ] 2017-07-26T15:26:41.040653249Z: [    0.097451] Last level iTLB entries: 4KB 0, 2MB 0, 4MB 0
[STDERR  ] 2017-07-26T15:26:41.04067039Z: [    0.097893] Last level dTLB entries: 4KB 0, 2MB 0, 4MB 0, 1GB 0
[STDERR  ] 2017-07-26T15:26:41.040684316Z: [    0.397540] Freeing SMP alternatives memory: 20K (ffffffffb6eaf000 - ffffffffb6eb4000)
[STDERR  ] 2017-07-26T15:26:41.040699351Z: [    0.406288] ftrace: allocating 35482 entries in 139 pages
[STDERR  ] 2017-07-26T15:26:41.040710995Z: [    0.564503] smpboot: Max logical packages: 1
[STDERR  ] 2017-07-26T15:26:41.040722315Z: [    0.569765] ..TIMER: vector=0x30 apic1=0 pin1=2 apic2=-1 pin2=-1
[STDERR  ] 2017-07-26T15:26:41.040736252Z: [    0.670000] smpboot: CPU0: AMD QEMU Virtual CPU version 2.5+ (family: 0x6, model: 0x6, stepping: 0x3)
[STDERR  ] 2017-07-26T15:26:41.040748118Z: [    0.670000] Performance Events: PMU not available due to virtualization, using software events only.
[STDERR  ] 2017-07-26T15:26:41.040760956Z: [    0.676916] NMI watchdog: disabled (cpu0): hardware events not enabled
[STDERR  ] 2017-07-26T15:26:41.040779396Z: [    0.677340] NMI watchdog: Shutting down hard lockup detector on all cpus
[STDERR  ] 2017-07-26T15:26:41.040794301Z: [    0.680197] x86: Booted up 1 node, 1 CPUs
[STDERR  ] 2017-07-26T15:26:41.040807367Z: [    0.680489] smpboot: Total of 1 processors activated (4600.18 BogoMIPS)
[STDERR  ] 2017-07-26T15:26:41.040821081Z: [    0.694386] devtmpfs: initialized
[STDERR  ] 2017-07-26T15:26:41.040832625Z: [    0.699078] x86/mm: Memory block size: 128MB
[STDERR  ] 2017-07-26T15:26:41.04084452Z: [    0.761460] clocksource: jiffies: mask: 0xffffffff max_cycles: 0xffffffff, max_idle_ns: 19112604462750000 ns
[STDERR  ] 2017-07-26T15:26:41.040856649Z: [    0.762099] futex hash table entries: 256 (order: 2, 16384 bytes)
[STDERR  ] 2017-07-26T15:26:41.040871538Z: [    0.770505] NET: Registered protocol family 16
[STDERR  ] 2017-07-26T15:26:41.040884595Z: [    0.779611] cpuidle: using governor ladder
[STDERR  ] 2017-07-26T15:26:41.040896057Z: [    0.780161] cpuidle: using governor menu
[STDERR  ] 2017-07-26T15:26:41.040907543Z: [    0.781192] ACPI: bus type PCI registered
[STDERR  ] 2017-07-26T15:26:41.04092304Z: [    0.783835] PCI: MMCONFIG for domain 0000 [bus 00-ff] at [mem 0xb0000000-0xbfffffff] (base 0xb0000000)
[STDERR  ] 2017-07-26T15:26:41.040936755Z: [    0.784413] PCI: MMCONFIG at [mem 0xb0000000-0xbfffffff] reserved in E820
[STDERR  ] 2017-07-26T15:26:41.04094816Z: [    0.785560] PCI: Using configuration type 1 for base access
[STDERR  ] 2017-07-26T15:26:41.040959647Z: [    0.840635] HugeTLB registered 2 MB page size, pre-allocated 0 pages
[STDERR  ] 2017-07-26T15:26:41.040971148Z: [    0.852747] ACPI: Added _OSI(Module Device)
[STDERR  ] 2017-07-26T15:26:41.040983228Z: [    0.853042] ACPI: Added _OSI(Processor Device)
[STDERR  ] 2017-07-26T15:26:41.040995226Z: [    0.853305] ACPI: Added _OSI(3.0 _SCP Extensions)
[STDERR  ] 2017-07-26T15:26:41.041006437Z: [    0.853582] ACPI: Added _OSI(Processor Aggregator Device)
[STDERR  ] 2017-07-26T15:26:41.041017959Z: [    0.931570] ACPI: Interpreter enabled
[STDERR  ] 2017-07-26T15:26:41.041029758Z: [    0.932313] ACPI: (supports S0 S5)
[STDERR  ] 2017-07-26T15:26:41.041044617Z: [    0.932577] ACPI: Using IOAPIC for interrupt routing
[STDERR  ] 2017-07-26T15:26:41.041056977Z: [    0.934271] PCI: Using host bridge windows from ACPI; if necessary, use "pci=nocrs" and report a bug
[STDERR  ] 2017-07-26T15:26:41.041068866Z: [    0.999002] ACPI: PCI Root Bridge [PCI0] (domain 0000 [bus 00-ff])
[STDERR  ] 2017-07-26T15:26:41.041079944Z: [    0.999908] acpi PNP0A08:00: _OSC: OS supports [ExtendedConfig ASPM ClockPM Segments MSI]
[STDERR  ] 2017-07-26T15:26:41.041091929Z: [    1.005543] acpi PNP0A08:00: _OSC: OS now controls [PCIeHotplug PME PCIeCapability]
[STDOUT  ] 2017-07-26T15:26:41.041062231Z: [    0.000000] Linux version 4.9.39-linuxkit (root@e1ede117fb1e) (gcc version 6.3.0 (Alpine 6.3.0) ) #1 SMP Wed Jul 26 10:03:32 UTC 2017
[STDERR  ] 2017-07-26T15:26:41.041107557Z: [    1.009023] PCI host bridge to bus 0000:00
[STDERR  ] 2017-07-26T15:26:41.041126989Z: [    1.009404] pci_bus 0000:00: root bus resource [io  0x0000-0x0cf7 window]
[STDOUT  ] 2017-07-26T15:26:41.041134302Z: [    0.000000] Command line: console=ttyS0 page_poison=1
[STDERR  ] 2017-07-26T15:26:41.041148084Z: [    1.010081] pci_bus 0000:00: root bus resource [io  0x0d00-0xffff window]
[STDOUT  ] 2017-07-26T15:26:41.041150813Z: [    0.000000] x86/fpu: Legacy x87 FPU detected.
[STDOUT  ] 2017-07-26T15:26:41.041164578Z: [    0.000000] x86/fpu: Using 'eager' FPU context switches.
[STDERR  ] 2017-07-26T15:26:41.041162036Z: [    1.010479] pci_bus 0000:00: root bus resource [mem 0x000a0000-0x000bffff window]
[STDOUT  ] 2017-07-26T15:26:41.041176456Z: [    0.000000] e820: BIOS-provided physical RAM map:
[STDERR  ] 2017-07-26T15:26:41.041178283Z: [    1.010896] pci_bus 0000:00: root bus resource [mem 0xc0000000-0xfebfffff window]
[STDERR  ] 2017-07-26T15:26:41.041190044Z: [    1.011445] pci_bus 0000:00: root bus resource [bus 00-ff]
[STDERR  ] 2017-07-26T15:26:41.041210015Z: [    1.114231] pci 0000:00:1f.0: quirk: [io  0x0600-0x067f] claimed by ICH6 ACPI/GPIO/TCO
[STDOUT  ] 2017-07-26T15:26:41.041190024Z: [    0.000000] BIOS-e820: [mem 0x0000000000000000-0x000000000009fbff] usable
[STDOUT  ] 2017-07-26T15:26:41.041219835Z: [    0.000000] BIOS-e820: [mem 0x000000000009fc00-0x000000000009ffff] reserved
[STDERR  ] 2017-07-26T15:26:41.041223389Z: [    1.175206] ACPI: PCI Interrupt Link [LNKA] (IRQs 5 *10 11)
[STDERR  ] 2017-07-26T15:26:41.041235698Z: [    1.177267] ACPI: PCI Interrupt Link [LNKB] (IRQs 5 *10 11)
[STDOUT  ] 2017-07-26T15:26:41.041231651Z: [    0.000000] BIOS-e820: [mem 0x00000000000f0000-0x00000000000fffff] reserved
[STDOUT  ] 2017-07-26T15:26:41.041243994Z: [    0.000000] BIOS-e820: [mem 0x0000000000100000-0x000000003ffdefff] usable
[STDERR  ] 2017-07-26T15:26:41.041247386Z: [    1.179722] ACPI: PCI Interrupt Link [LNKC] (IRQs 5 10 *11)
[STDOUT  ] 2017-07-26T15:26:41.041256008Z: [    0.000000] BIOS-e820: [mem 0x000000003ffdf000-0x000000003fffffff] reserved
[STDERR  ] 2017-07-26T15:26:41.041258939Z: [    1.180000] ACPI: PCI Interrupt Link [LNKD] (IRQs 5 10 *11)
[STDOUT  ] 2017-07-26T15:26:41.041268949Z: [    0.000000] BIOS-e820: [mem 0x00000000b0000000-0x00000000bfffffff] reserved
[STDERR  ] 2017-07-26T15:26:41.041272409Z: [    1.180000] ACPI: PCI Interrupt Link [LNKE] (IRQs 5 *10 11)
[STDOUT  ] 2017-07-26T15:26:41.041280827Z: [    0.000000] BIOS-e820: [mem 0x00000000fed1c000-0x00000000fed1ffff] reserved
[STDERR  ] 2017-07-26T15:26:41.04128435Z: [    1.180000] ACPI: PCI Interrupt Link [LNKF] (IRQs 5 *10 11)
[STDOUT  ] 2017-07-26T15:26:41.041292044Z: [    0.000000] BIOS-e820: [mem 0x00000000fffc0000-0x00000000ffffffff] reserved
[STDERR  ] 2017-07-26T15:26:41.041296338Z: [    1.180000] ACPI: PCI Interrupt Link [LNKG] (IRQs 5 10 *11)
[STDOUT  ] 2017-07-26T15:26:41.041303399Z: [    0.000000] NX (Execute Disable) protection: active
[STDERR  ] 2017-07-26T15:26:41.04130781Z: [    1.182094] ACPI: PCI Interrupt Link [LNKH] (IRQs 5 10 *11)
[STDOUT  ] 2017-07-26T15:26:41.041316112Z: [    0.000000] SMBIOS 2.8 present.
[STDERR  ] 2017-07-26T15:26:41.041319361Z: [    1.183064] ACPI: PCI Interrupt Link [GSIA] (IRQs *16)
[STDOUT  ] 2017-07-26T15:26:41.041327918Z: [    0.000000] e820: last_pfn = 0x3ffdf max_arch_pfn = 0x400000000
[STDERR  ] 2017-07-26T15:26:41.041330899Z: [    1.183734] ACPI: PCI Interrupt Link [GSIB] (IRQs *17)
[STDERR  ] 2017-07-26T15:26:41.04134289Z: [    1.184406] ACPI: PCI Interrupt Link [GSIC] (IRQs *18)
[STDOUT  ] 2017-07-26T15:26:41.041341248Z: [    0.000000] x86/PAT: Configuration [0-7]: WB  WC  UC- UC  WB  WC  UC- WT  
[STDOUT  ] 2017-07-26T15:26:41.041354632Z: [    0.000000] found SMP MP-table at [mem 0x000f6aa0-0x000f6aaf] mapped at [ffff8aeb000f6aa0]
[STDERR  ] 2017-07-26T15:26:41.041354658Z: [    1.185068] ACPI: PCI Interrupt Link [GSID] (IRQs *19)
[STDOUT  ] 2017-07-26T15:26:41.041367946Z: [    0.000000] RAMDISK: [mem 0x3ed7d000-0x3ffcffff]
[STDERR  ] 2017-07-26T15:26:41.041369543Z: [    1.185818] ACPI: PCI Interrupt Link [GSIE] (IRQs *20)
[STDERR  ] 2017-07-26T15:26:41.041381488Z: [    1.186490] ACPI: PCI Interrupt Link [GSIF] (IRQs *21)
[STDOUT  ] 2017-07-26T15:26:41.041379655Z: [    0.000000] ACPI: Early table checksum verification disabled
[STDERR  ] 2017-07-26T15:26:41.041399042Z: [    1.187161] ACPI: PCI Interrupt Link [GSIG] (IRQs *22)
[STDOUT  ] 2017-07-26T15:26:41.041400784Z: [    0.000000] ACPI: RSDP 0x00000000000F68C0 000014 (v00 BOCHS )
[STDOUT  ] 2017-07-26T15:26:41.041413055Z: [    0.000000] ACPI: RSDT 0x000000003FFE2404 000034 (v01 BOCHS  BXPCRSDT 00000001 BXPC 00000001)
[STDERR  ] 2017-07-26T15:26:41.041412531Z: [    1.187823] ACPI: PCI Interrupt Link [GSIH] (IRQs *23)
[STDOUT  ] 2017-07-26T15:26:41.041424855Z: [    0.000000] ACPI: FACP 0x000000003FFE22A4 000074 (v01 BOCHS  BXPCFACP 00000001 BXPC 00000001)
[STDERR  ] 2017-07-26T15:26:41.041424235Z: [    1.192932] ACPI: Enabled 2 GPEs in block 00 to 3F
[STDOUT  ] 2017-07-26T15:26:41.041436324Z: [    0.000000] ACPI: DSDT 0x000000003FFE0040 002264 (v01 BOCHS  BXPCDSDT 00000001 BXPC 00000001)
[STDERR  ] 2017-07-26T15:26:41.041438724Z: [    1.197151] SCSI subsystem initialized
[STDOUT  ] 2017-07-26T15:26:41.041451407Z: [    0.000000] ACPI: FACS 0x000000003FFE0000 000040
[STDERR  ] 2017-07-26T15:26:41.041453051Z: [    1.198895] ACPI: bus type USB registered
[STDOUT  ] 2017-07-26T15:26:41.041464261Z: [    0.000000] ACPI: APIC 0x000000003FFE2318 000078 (v01 BOCHS  BXPCAPIC 00000001 BXPC 00000001)
[STDERR  ] 2017-07-26T15:26:41.041468315Z: [    1.200083] usbcore: registered new interface driver usbfs
[STDERR  ] 2017-07-26T15:26:41.04148042Z: [    1.200944] usbcore: registered new interface driver hub
[STDOUT  ] 2017-07-26T15:26:41.041477208Z: [    0.000000] ACPI: HPET 0x000000003FFE2390 000038 (v01 BOCHS  BXPCHPET 00000001 BXPC 00000001)
[STDOUT  ] 2017-07-26T15:26:41.04148922Z: [    0.000000] ACPI: MCFG 0x000000003FFE23C8 00003C (v01 BOCHS  BXPCMCFG 00000001 BXPC 00000001)
[STDERR  ] 2017-07-26T15:26:41.041492284Z: [    1.201678] usbcore: registered new device driver usb
[STDOUT  ] 2017-07-26T15:26:41.041502793Z: [    0.000000] Zone ranges:
[STDERR  ] 2017-07-26T15:26:41.041504594Z: [    1.202729] pps_core: LinuxPPS API ver. 1 registered
[STDOUT  ] 2017-07-26T15:26:41.041514437Z: [    0.000000]   DMA      [mem 0x0000000000001000-0x0000000000ffffff]
[STDERR  ] 2017-07-26T15:26:41.041516525Z: [    1.203036] pps_core: Software ver. 5.3.6 - Copyright 2005-2007 Rodolfo Giometti <giometti@linux.it>
[STDOUT  ] 2017-07-26T15:26:41.041525844Z: [    0.000000]   DMA32    [mem 0x0000000001000000-0x000000003ffdefff]
[STDERR  ] 2017-07-26T15:26:41.041529069Z: [    1.203664] PTP clock support registered
[STDOUT  ] 2017-07-26T15:26:41.041537832Z: [    0.000000]   Normal   empty
[STDERR  ] 2017-07-26T15:26:41.041541049Z: [    1.204762] wmi: Mapper loaded
[STDERR  ] 2017-07-26T15:26:41.041553048Z: [    1.205744] PCI: Using ACPI for IRQ routing
[STDOUT  ] 2017-07-26T15:26:41.0415495Z: [    0.000000] Movable zone start for each node
[STDOUT  ] 2017-07-26T15:26:41.041561457Z: [    0.000000] Early memory node ranges
[STDERR  ] 2017-07-26T15:26:41.041564923Z: [    1.224528] NetLabel: Initializing
[STDOUT  ] 2017-07-26T15:26:41.041573388Z: [    0.000000]   node   0: [mem 0x0000000000001000-0x000000000009efff]
[STDERR  ] 2017-07-26T15:26:41.041576394Z: [    1.224761] NetLabel:  domain hash size = 128
[STDOUT  ] 2017-07-26T15:26:41.041587627Z: [    0.000000]   node   0: [mem 0x0000000000100000-0x000000003ffdefff]
[STDERR  ] 2017-07-26T15:26:41.041589311Z: [    1.225023] NetLabel:  protocols = UNLABELED CIPSOv4
[STDOUT  ] 2017-07-26T15:26:41.041599854Z: [    0.000000] Initmem setup node 0 [mem 0x0000000000001000-0x000000003ffdefff]
[STDERR  ] 2017-07-26T15:26:41.041601444Z: [    1.226806] NetLabel:  unlabeled traffic allowed by default
[STDOUT  ] 2017-07-26T15:26:41.04161163Z: [    0.000000] ACPI: PM-Timer IO Port: 0x608
[STDERR  ] 2017-07-26T15:26:41.041613331Z: [    1.227678] HPET: 3 timers in total, 0 timers will be used for per-cpu timer
[STDOUT  ] 2017-07-26T15:26:41.041623216Z: [    0.000000] ACPI: LAPIC_NMI (acpi_id[0xff] dfl dfl lint[0x1])
[STDERR  ] 2017-07-26T15:26:41.04162551Z: [    1.228353] hpet0: at MMIO 0xfed00000, IRQs 2, 8, 0
[STDOUT  ] 2017-07-26T15:26:41.041639441Z: [    0.000000] IOAPIC[0]: apic_id 0, version 32, address 0xfec00000, GSI 0-23
[STDERR  ] 2017-07-26T15:26:41.041641239Z: [    1.228800] hpet0: 3 comparators, 64-bit 100.000000 MHz counter
[STDOUT  ] 2017-07-26T15:26:41.041651264Z: [    0.000000] ACPI: INT_SRC_OVR (bus 0 bus_irq 0 global_irq 2 dfl dfl)
[STDERR  ] 2017-07-26T15:26:41.041653046Z: [    1.234556] clocksource: Switched to clocksource hpet
[STDERR  ] 2017-07-26T15:26:41.041666827Z: [    1.502313] VFS: Disk quotas dquot_6.6.0
[STDOUT  ] 2017-07-26T15:26:41.041662771Z: [    0.000000] ACPI: INT_SRC_OVR (bus 0 bus_irq 5 global_irq 5 high level)
[STDERR  ] 2017-07-26T15:26:41.04167836Z: [    1.502921] VFS: Dquot-cache hash table entries: 512 (order 0, 4096 bytes)
[STDOUT  ] 2017-07-26T15:26:41.041676493Z: [    0.000000] ACPI: INT_SRC_OVR (bus 0 bus_irq 9 global_irq 9 high level)
[STDERR  ] 2017-07-26T15:26:41.04169033Z: [    1.505431] FS-Cache: Loaded
[STDOUT  ] 2017-07-26T15:26:41.04169286Z: [    0.000000] ACPI: INT_SRC_OVR (bus 0 bus_irq 10 global_irq 10 high level)
[STDERR  ] 2017-07-26T15:26:41.041702017Z: [    1.510312] CacheFiles: Loaded
[STDOUT  ] 2017-07-26T15:26:41.04170532Z: [    0.000000] ACPI: INT_SRC_OVR (bus 0 bus_irq 11 global_irq 11 high level)
[STDOUT  ] 2017-07-26T15:26:41.041717391Z: [    0.000000] Using ACPI (MADT) for SMP configuration information
[STDERR  ] 2017-07-26T15:26:41.041715182Z: [    1.511933] pnp: PnP ACPI init
[STDOUT  ] 2017-07-26T15:26:41.041728775Z: [    0.000000] ACPI: HPET id: 0x8086a201 base: 0xfed00000
[STDERR  ] 2017-07-26T15:26:41.041728278Z: [    1.523827] pnp: PnP ACPI: found 5 devices
[STDOUT  ] 2017-07-26T15:26:41.041740193Z: [    0.000000] smpboot: Allowing 1 CPUs, 0 hotplug CPUs
[STDERR  ] 2017-07-26T15:26:41.041741048Z: [    1.572739] clocksource: acpi_pm: mask: 0xffffff max_cycles: 0xffffff, max_idle_ns: 2085701024 ns
[STDERR  ] 2017-07-26T15:26:41.041753962Z: [    1.575444] NET: Registered protocol family 2
[STDOUT  ] 2017-07-26T15:26:41.041751823Z: [    0.000000] e820: [mem 0x40000000-0xafffffff] available for PCI devices
[STDOUT  ] 2017-07-26T15:26:41.041765369Z: [    0.000000] Booting paravirtualized kernel on bare hardware
[STDERR  ] 2017-07-26T15:26:41.041769471Z: [    1.582675] TCP established hash table entries: 8192 (order: 4, 65536 bytes)
[STDERR  ] 2017-07-26T15:26:41.041781602Z: [    1.583354] TCP bind hash table entries: 8192 (order: 5, 131072 bytes)
[STDOUT  ] 2017-07-26T15:26:41.04177713Z: [    0.000000] clocksource: refined-jiffies: mask: 0xffffffff max_cycles: 0xffffffff, max_idle_ns: 19112604462750000 ns
[STDERR  ] 2017-07-26T15:26:41.041793958Z: [    1.584005] TCP: Hash tables configured (established 8192 bind 8192)
[STDOUT  ] 2017-07-26T15:26:41.041795231Z: [    0.000000] setup_percpu: NR_CPUS:128 nr_cpumask_bits:128 nr_cpu_ids:1 nr_node_ids:1
[STDERR  ] 2017-07-26T15:26:41.041806098Z: [    1.585842] UDP hash table entries: 512 (order: 2, 16384 bytes)
[STDOUT  ] 2017-07-26T15:26:41.041807929Z: [    0.000000] percpu: Embedded 35 pages/cpu @ffff8aeb3ea00000 s105240 r8192 d29928 u2097152
[STDOUT  ] 2017-07-26T15:26:41.041819382Z: [    0.000000] Built 1 zonelists in Zone order, mobility grouping on.  Total pages: 257896
[STDERR  ] 2017-07-26T15:26:41.041818121Z: [    1.586326] UDP-Lite hash table entries: 512 (order: 2, 16384 bytes)
[STDERR  ] 2017-07-26T15:26:41.0418329Z: [    1.588522] NET: Registered protocol family 1
[STDOUT  ] 2017-07-26T15:26:41.041831229Z: [    0.000000] Kernel command line: console=ttyS0 page_poison=1
[STDERR  ] 2017-07-26T15:26:41.041844671Z: [    1.589645] pci 0000:00:01.0: Video device with shadowed ROM at [mem 0x000c0000-0x000dffff]
[STDOUT  ] 2017-07-26T15:26:41.041844895Z: [    0.000000] PID hash table entries: 4096 (order: 3, 32768 bytes)
[STDERR  ] 2017-07-26T15:26:41.041856992Z: [    1.596770] Unpacking initramfs...
[STDOUT  ] 2017-07-26T15:26:41.041858628Z: [    0.000000] Dentry cache hash table entries: 131072 (order: 8, 1048576 bytes)
[STDOUT  ] 2017-07-26T15:26:41.041875004Z: [    0.000000] Inode-cache hash table entries: 65536 (order: 7, 524288 bytes)
[STDERR  ] 2017-07-26T15:26:41.041868972Z: [    4.222895] Freeing initrd memory: 18764K (ffff8aeb3ed7d000 - ffff8aeb3ffd0000)
[STDERR  ] 2017-07-26T15:26:41.041883143Z: [    4.245947] PCLMULQDQ-NI instructions are not detected.
[STDERR  ] 2017-07-26T15:26:41.04189494Z: [    4.247019] AVX or AES-NI instructions are not detected.
[STDOUT  ] 2017-07-26T15:26:41.041889492Z: [    0.000000] Memory: 995412K/1048052K available (8027K kernel code, 1366K rwdata, 2696K rodata, 1376K init, 568K bss, 52640K reserved, 0K cma-reserved)
[STDERR  ] 2017-07-26T15:26:41.041907787Z: [    4.247450] CPU feature 'AVX registers' is not supported.
[STDOUT  ] 2017-07-26T15:26:41.041913239Z: [    0.000000] Hierarchical RCU implementation.
[STDERR  ] 2017-07-26T15:26:41.041919744Z: [    4.247844] CPU feature 'AVX registers' is not supported.
[STDOUT  ] 2017-07-26T15:26:41.041924903Z: [    0.000000] 	Build-time adjustment of leaf fanout to 64.
[STDERR  ] 2017-07-26T15:26:41.041931368Z: [    4.248235] CPU feature 'AVX registers' is not supported.
[STDOUT  ] 2017-07-26T15:26:41.041941586Z: [    0.000000] 	RCU restricting CPUs from NR_CPUS=128 to nr_cpu_ids=1.
[STDERR  ] 2017-07-26T15:26:41.041943393Z: [    4.248623] CPU feature 'AVX registers' is not supported.
[STDOUT  ] 2017-07-26T15:26:41.041953541Z: [    0.000000] RCU: Adjusting geometry for rcu_fanout_leaf=64, nr_cpu_ids=1
[STDERR  ] 2017-07-26T15:26:41.04195547Z: [    4.249005] AVX2 or AES-NI instructions are not detected.
[STDERR  ] 2017-07-26T15:26:41.041968695Z: [    4.249387] AVX2 instructions are not detected.
[STDOUT  ] 2017-07-26T15:26:41.041965266Z: [    0.000000] NR_IRQS:8448 nr_irqs:256 16
[STDERR  ] 2017-07-26T15:26:41.041980181Z: [    4.255032] audit: initializing netlink subsys (disabled)
[STDOUT  ] 2017-07-26T15:26:41.041979836Z: [    0.000000] Console: colour VGA+ 80x25
[STDOUT  ] 2017-07-26T15:26:41.041993566Z: [    0.000000] console [ttyS0] enabled
[STDERR  ] 2017-07-26T15:26:41.04199194Z: [    4.256541] audit: type=2000 audit(1501082778.250:1): initialized
[STDERR  ] 2017-07-26T15:26:41.042003836Z: [    4.264463] workingset: timestamp_bits=46 max_order=18 bucket_order=0
[STDOUT  ] 2017-07-26T15:26:41.042004414Z: [    0.000000] allocated 2097152 bytes of page_ext
[STDERR  ] 2017-07-26T15:26:41.042015683Z: [    4.273215] FS-Cache: Netfs 'cifs' registered for caching
[STDOUT  ] 2017-07-26T15:26:41.042017363Z: [    0.000000] clocksource: hpet: mask: 0xffffffff max_cycles: 0xffffffff, max_idle_ns: 19112604467 ns
[STDERR  ] 2017-07-26T15:26:41.04202713Z: [    4.274125] fuse init (API version 7.26)
[STDOUT  ] 2017-07-26T15:26:41.042029369Z: [    0.000000] tsc: Fast TSC calibration using PIT
[STDOUT  ] 2017-07-26T15:26:41.042040694Z: [    0.000000] tsc: Detected 2300.092 MHz processor
[STDERR  ] 2017-07-26T15:26:41.042045752Z: [    4.276193] SGI XFS with ACLs, security attributes, no debug enabled
[STDOUT  ] 2017-07-26T15:26:41.042052421Z: [    0.021312] Calibrating delay loop (skipped), value calculated using timer frequency.. 4600.18 BogoMIPS (lpj=23000920)
[STDERR  ] 2017-07-26T15:26:41.042061467Z: [    4.279764] 9p: Installing v9fs 9p2000 file system support
[STDOUT  ] 2017-07-26T15:26:41.042063975Z: [    0.022233] pid_max: default: 32768 minimum: 301
[STDERR  ] 2017-07-26T15:26:41.042072732Z: [    4.280847] FS-Cache: Netfs '9p' registered for caching
[STDOUT  ] 2017-07-26T15:26:41.042075791Z: [    0.023068] ACPI: Core revision 20160831
[STDERR  ] 2017-07-26T15:26:41.042084229Z: [    4.313469] NET: Registered protocol family 38
[STDOUT  ] 2017-07-26T15:26:41.042087629Z: [    0.072121] ACPI: 1 ACPI AML tables successfully acquired and loaded
[STDERR  ] 2017-07-26T15:26:41.042095962Z: [    4.313997] Key type asymmetric registered
[STDOUT  ] 2017-07-26T15:26:41.042099454Z: [    0.075254] Security Framework initialized
[STDERR  ] 2017-07-26T15:26:41.042107552Z: [    4.314332] Asymmetric key parser 'x509' registered
[STDOUT  ] 2017-07-26T15:26:41.04211197Z: [    0.075653] Yama: becoming mindful.
[STDERR  ] 2017-07-26T15:26:41.042118661Z: [    4.315017] Block layer SCSI generic (bsg) driver version 0.4 loaded (major 251)
[STDOUT  ] 2017-07-26T15:26:41.042127069Z: [    0.077474] Mount-cache hash table entries: 2048 (order: 2, 16384 bytes)
[STDERR  ] 2017-07-26T15:26:41.042130664Z: [    4.316191] io scheduler noop registered
[STDERR  ] 2017-07-26T15:26:41.042142386Z: [    4.316513] io scheduler deadline registered (default)
[STDOUT  ] 2017-07-26T15:26:41.042138925Z: [    0.078036] Mountpoint-cache hash table entries: 2048 (order: 2, 16384 bytes)
[STDOUT  ] 2017-07-26T15:26:41.042152098Z: [    0.097451] Last level iTLB entries: 4KB 0, 2MB 0, 4MB 0
[STDERR  ] 2017-07-26T15:26:41.042153985Z: [    4.317070] io scheduler cfq registered
[STDOUT  ] 2017-07-26T15:26:41.042164058Z: [    0.097893] Last level dTLB entries: 4KB 0, 2MB 0, 4MB 0, 1GB 0
[STDERR  ] 2017-07-26T15:26:41.042165852Z: [    4.319495] pci_hotplug: PCI Hot Plug PCI Core version: 0.5
[STDOUT  ] 2017-07-26T15:26:41.042175538Z: [    0.397540] Freeing SMP alternatives memory: 20K (ffffffffb6eaf000 - ffffffffb6eb4000)
[STDERR  ] 2017-07-26T15:26:41.042184264Z: [    4.320066] pciehp: PCI Express Hot Plug Controller Driver version: 0.4
[STDOUT  ] 2017-07-26T15:26:41.042190088Z: [    0.406288] ftrace: allocating 35482 entries in 139 pages
[STDERR  ] 2017-07-26T15:26:41.042196127Z: [    4.321960] shpchp: Standard Hot Plug PCI Controller Driver version: 0.4
[STDERR  ] 2017-07-26T15:26:41.042207397Z: [    4.322775] hv_vmbus: registering driver hyperv_fb
[STDOUT  ] 2017-07-26T15:26:41.042201286Z: [    0.564503] smpboot: Max logical packages: 1
[STDOUT  ] 2017-07-26T15:26:41.042215487Z: [    0.569765] ..TIMER: vector=0x30 apic1=0 pin1=2 apic2=-1 pin2=-1
[STDERR  ] 2017-07-26T15:26:41.042223745Z: [    4.325797] input: Power Button as /devices/LNXSYSTM:00/LNXPWRBN:00/input/input0
[STDOUT  ] 2017-07-26T15:26:41.042227235Z: [    0.670000] smpboot: CPU0: AMD QEMU Virtual CPU version 2.5+ (family: 0x6, model: 0x6, stepping: 0x3)
[STDOUT  ] 2017-07-26T15:26:41.042239489Z: [    0.670000] Performance Events: PMU not available due to virtualization, using software events only.
[STDERR  ] 2017-07-26T15:26:41.042236557Z: [    4.326821] ACPI: Power Button [PWRF]
[STDOUT  ] 2017-07-26T15:26:41.042252878Z: [    0.676916] NMI watchdog: disabled (cpu0): hardware events not enabled
[STDERR  ] 2017-07-26T15:26:41.042255038Z: [    4.332523] GHES: HEST is not enabled!
[STDOUT  ] 2017-07-26T15:26:41.042265095Z: [    0.677340] NMI watchdog: Shutting down hard lockup detector on all cpus
[STDERR  ] 2017-07-26T15:26:41.042266954Z: [    4.343796] ACPI: PCI Interrupt Link [GSIG] enabled at IRQ 22
[STDOUT  ] 2017-07-26T15:26:41.04227692Z: [    0.680197] x86: Booted up 1 node, 1 CPUs
[STDERR  ] 2017-07-26T15:26:41.042278642Z: [    4.356266] ACPI: PCI Interrupt Link [GSIH] enabled at IRQ 23
[STDERR  ] 2017-07-26T15:26:41.042290461Z: [    4.360436] xenfs: not registering filesystem on non-xen platform
[STDOUT  ] 2017-07-26T15:26:41.042288635Z: [    0.680489] smpboot: Total of 1 processors activated (4600.18 BogoMIPS)
[STDERR  ] 2017-07-26T15:26:41.042301435Z: [    4.362305] Serial: 8250/16550 driver, 4 ports, IRQ sharing disabled
[STDOUT  ] 2017-07-26T15:26:41.042302018Z: [    0.694386] devtmpfs: initialized
[STDERR  ] 2017-07-26T15:26:41.042313141Z: [    4.388332] 00:04: ttyS0 at I/O 0x3f8 (irq = 4, base_baud = 115200) is a 16550A
[STDOUT  ] 2017-07-26T15:26:41.042314929Z: [    0.699078] x86/mm: Memory block size: 128MB
[STDERR  ] 2017-07-26T15:26:41.042324767Z: [    4.403440] Non-volatile memory driver v1.3
[STDOUT  ] 2017-07-26T15:26:41.042326572Z: [    0.761460] clocksource: jiffies: mask: 0xffffffff max_cycles: 0xffffffff, max_idle_ns: 19112604462750000 ns
[STDERR  ] 2017-07-26T15:26:41.042335939Z: [    4.409235] Hangcheck: starting hangcheck timer 0.9.1 (tick is 180 seconds, margin is 60 seconds).
[STDOUT  ] 2017-07-26T15:26:41.042339419Z: [    0.762099] futex hash table entries: 256 (order: 2, 16384 bytes)
[STDERR  ] 2017-07-26T15:26:41.042348214Z: [    4.414505] random: fast init done
[STDOUT  ] 2017-07-26T15:26:41.042351002Z: [    0.770505] NET: Registered protocol family 16
[STDERR  ] 2017-07-26T15:26:41.04236313Z: [    4.415693] random: crng init done
[STDOUT  ] 2017-07-26T15:26:41.042367303Z: [    0.779611] cpuidle: using governor ladder
[STDERR  ] 2017-07-26T15:26:41.042374679Z: [    4.450877] loop: module loaded
[STDOUT  ] 2017-07-26T15:26:41.042379179Z: [    0.780161] cpuidle: using governor menu
[STDERR  ] 2017-07-26T15:26:41.042385946Z: [    4.465138] nbd: registered device at major 43
[STDOUT  ] 2017-07-26T15:26:41.042390507Z: [    0.781192] ACPI: bus type PCI registered
[STDERR  ] 2017-07-26T15:26:41.042396979Z: [    4.507852] lpc_ich 0000:00:1f.0: I/O space for GPIO uninitialized
[STDOUT  ] 2017-07-26T15:26:41.042401915Z: [    0.783835] PCI: MMCONFIG for domain 0000 [bus 00-ff] at [mem 0xb0000000-0xbfffffff] (base 0xb0000000)
[STDERR  ] 2017-07-26T15:26:41.042408365Z: [    4.509493] VMware PVSCSI driver - version 1.0.7.0-k
[STDOUT  ] 2017-07-26T15:26:41.042413898Z: [    0.784413] PCI: MMCONFIG at [mem 0xb0000000-0xbfffffff] reserved in E820
[STDERR  ] 2017-07-26T15:26:41.042422276Z: [    4.510399] hv_vmbus: registering driver hv_storvsc
[STDERR  ] 2017-07-26T15:26:41.042433697Z: [    4.520716] ACPI: PCI Interrupt Link [GSIA] enabled at IRQ 16
[STDOUT  ] 2017-07-26T15:26:41.042430683Z: [    0.785560] PCI: Using configuration type 1 for base access
[STDERR  ] 2017-07-26T15:26:41.042445161Z: [    4.526859] ahci 0000:00:1f.2: AHCI 0001.0000 32 slots 6 ports 1.5 Gbps 0x3f impl SATA mode
[STDOUT  ] 2017-07-26T15:26:41.042448353Z: [    0.840635] HugeTLB registered 2 MB page size, pre-allocated 0 pages
[STDERR  ] 2017-07-26T15:26:41.042457283Z: [    4.527522] ahci 0000:00:1f.2: flags: 64bit ncq only 
[STDOUT  ] 2017-07-26T15:26:41.042460054Z: [    0.852747] ACPI: Added _OSI(Module Device)
[STDERR  ] 2017-07-26T15:26:41.042468472Z: [    4.548176] scsi host0: ahci
[STDOUT  ] 2017-07-26T15:26:41.042471661Z: [    0.853042] ACPI: Added _OSI(Processor Device)
[STDOUT  ] 2017-07-26T15:26:41.042483993Z: [    0.853305] ACPI: Added _OSI(3.0 _SCP Extensions)
[STDERR  ] 2017-07-26T15:26:41.042482153Z: [    4.552154] scsi host1: ahci
[STDERR  ] 2017-07-26T15:26:41.0424937Z: [    4.554329] scsi host2: ahci
[STDOUT  ] 2017-07-26T15:26:41.04249578Z: [    0.853582] ACPI: Added _OSI(Processor Aggregator Device)
[STDERR  ] 2017-07-26T15:26:41.042504968Z: [    4.556633] scsi host3: ahci
[STDOUT  ] 2017-07-26T15:26:41.042512114Z: [    0.931570] ACPI: Interpreter enabled
[STDERR  ] 2017-07-26T15:26:41.042516638Z: [    4.558893] scsi host4: ahci
[STDERR  ] 2017-07-26T15:26:41.042529482Z: [    4.561206] scsi host5: ahci
[STDOUT  ] 2017-07-26T15:26:41.042527827Z: [    0.932313] ACPI: (supports S0 S5)
[STDOUT  ] 2017-07-26T15:26:41.042539265Z: [    0.932577] ACPI: Using IOAPIC for interrupt routing
[STDERR  ] 2017-07-26T15:26:41.042541187Z: [    4.563011] ata1: SATA max UDMA/133 abar m4096@0xfebd2000 port 0xfebd2100 irq 24
[STDOUT  ] 2017-07-26T15:26:41.04255059Z: [    0.934271] PCI: Using host bridge windows from ACPI; if necessary, use "pci=nocrs" and report a bug
[STDERR  ] 2017-07-26T15:26:41.042553019Z: [    4.563549] ata2: SATA max UDMA/133 abar m4096@0xfebd2000 port 0xfebd2180 irq 24
[STDOUT  ] 2017-07-26T15:26:41.042562766Z: [    0.999002] ACPI: PCI Root Bridge [PCI0] (domain 0000 [bus 00-ff])
[STDERR  ] 2017-07-26T15:26:41.042564596Z: [    4.564031] ata3: SATA max UDMA/133 abar m4096@0xfebd2000 port 0xfebd2200 irq 24
[STDOUT  ] 2017-07-26T15:26:41.0425744Z: [    0.999908] acpi PNP0A08:00: _OSC: OS supports [ExtendedConfig ASPM ClockPM Segments MSI]
[STDERR  ] 2017-07-26T15:26:41.042578179Z: [    4.564504] ata4: SATA max UDMA/133 abar m4096@0xfebd2000 port 0xfebd2280 irq 24
[STDOUT  ] 2017-07-26T15:26:41.042585797Z: [    1.005543] acpi PNP0A08:00: _OSC: OS now controls [PCIeHotplug PME PCIeCapability]
[STDERR  ] 2017-07-26T15:26:41.04259356Z: [    4.564978] ata5: SATA max UDMA/133 abar m4096@0xfebd2000 port 0xfebd2300 irq 24
[STDOUT  ] 2017-07-26T15:26:41.042597156Z: [    1.009023] PCI host bridge to bus 0000:00
[STDERR  ] 2017-07-26T15:26:41.042605289Z: [    4.565449] ata6: SATA max UDMA/133 abar m4096@0xfebd2000 port 0xfebd2380 irq 24
[STDOUT  ] 2017-07-26T15:26:41.042612497Z: [    1.009404] pci_bus 0000:00: root bus resource [io  0x0000-0x0cf7 window]
[STDERR  ] 2017-07-26T15:26:41.042617025Z: [    4.578547] tun: Universal TUN/TAP device driver, 1.6
[STDOUT  ] 2017-07-26T15:26:41.042626863Z: [    1.010081] pci_bus 0000:00: root bus resource [io  0x0d00-0xffff window]
[STDERR  ] 2017-07-26T15:26:41.04262832Z: [    4.579096] tun: (C) 1999-2004 Max Krasnyansky <maxk@qualcomm.com>
[STDERR  ] 2017-07-26T15:26:41.042639245Z: [    4.589816] VMware vmxnet3 virtual NIC driver - version 1.4.a.0-k-NAPI
[STDOUT  ] 2017-07-26T15:26:41.042640258Z: [    1.010479] pci_bus 0000:00: root bus resource [mem 0x000a0000-0x000bffff window]
[STDERR  ] 2017-07-26T15:26:41.042651045Z: [    4.591068] hv_vmbus: registering driver hv_netvsc
[STDOUT  ] 2017-07-26T15:26:41.042651133Z: [    1.010896] pci_bus 0000:00: root bus resource [mem 0xc0000000-0xfebfffff window]
[STDERR  ] 2017-07-26T15:26:41.042662376Z: [    4.591477] Fusion MPT base driver 3.04.20
[STDOUT  ] 2017-07-26T15:26:41.04267014Z: [    1.011445] pci_bus 0000:00: root bus resource [bus 00-ff]
[STDERR  ] 2017-07-26T15:26:41.042678532Z: [    4.591760] Copyright (c) 1999-2008 LSI Corporation
[STDERR  ] 2017-07-26T15:26:41.042689454Z: [    4.592289] Fusion MPT SPI Host driver 3.04.20
[STDOUT  ] 2017-07-26T15:26:41.042683645Z: [    1.114231] pci 0000:00:1f.0: quirk: [io  0x0600-0x067f] claimed by ICH6 ACPI/GPIO/TCO
[STDERR  ] 2017-07-26T15:26:41.042700714Z: [    4.594251] i8042: PNP: PS/2 Controller [PNP0303:KBD,PNP0f13:MOU] at 0x60,0x64 irq 1,12
[STDOUT  ] 2017-07-26T15:26:41.042698847Z: [    1.175206] ACPI: PCI Interrupt Link [LNKA] (IRQs 5 *10 11)
[STDOUT  ] 2017-07-26T15:26:41.042710428Z: [    1.177267] ACPI: PCI Interrupt Link [LNKB] (IRQs 5 *10 11)
[STDERR  ] 2017-07-26T15:26:41.042713882Z: [    4.598228] serio: i8042 KBD port at 0x60,0x64 irq 1
[STDOUT  ] 2017-07-26T15:26:41.042721864Z: [    1.179722] ACPI: PCI Interrupt Link [LNKC] (IRQs 5 10 *11)
[STDERR  ] 2017-07-26T15:26:41.042725322Z: [    4.598803] serio: i8042 AUX port at 0x60,0x64 irq 12
[STDOUT  ] 2017-07-26T15:26:41.042733582Z: [    1.180000] ACPI: PCI Interrupt Link [LNKD] (IRQs 5 10 *11)
[STDERR  ] 2017-07-26T15:26:41.042736707Z: [    4.602072] hv_vmbus: registering driver hyperv_keyboard
[STDOUT  ] 2017-07-26T15:26:41.042744856Z: [    1.180000] ACPI: PCI Interrupt Link [LNKE] (IRQs 5 *10 11)
[STDERR  ] 2017-07-26T15:26:41.042748032Z: [    4.604063] mousedev: PS/2 mouse device common for all mice
[STDERR  ] 2017-07-26T15:26:41.042759476Z: [    4.608758] input: AT Translated Set 2 keyboard as /devices/platform/i8042/serio0/input/input1
[STDOUT  ] 2017-07-26T15:26:41.042756386Z: [    1.180000] ACPI: PCI Interrupt Link [LNKF] (IRQs 5 *10 11)
[STDERR  ] 2017-07-26T15:26:41.042771503Z: [    4.611984] input: PC Speaker as /devices/platform/pcspkr/input/input2
[STDOUT  ] 2017-07-26T15:26:41.042767937Z: [    1.180000] ACPI: PCI Interrupt Link [LNKG] (IRQs 5 10 *11)
[STDOUT  ] 2017-07-26T15:26:41.042779766Z: [    1.182094] ACPI: PCI Interrupt Link [LNKH] (IRQs 5 10 *11)
[STDERR  ] 2017-07-26T15:26:41.042784453Z: [    4.615331] rtc_cmos 00:00: RTC can wake from S4
[STDOUT  ] 2017-07-26T15:26:41.042791208Z: [    1.183064] ACPI: PCI Interrupt Link [GSIA] (IRQs *16)
[STDERR  ] 2017-07-26T15:26:41.042795908Z: [    4.618473] rtc_cmos 00:00: rtc core: registered rtc_cmos as rtc0
[STDOUT  ] 2017-07-26T15:26:41.042802147Z: [    1.183734] ACPI: PCI Interrupt Link [GSIB] (IRQs *17)
[STDERR  ] 2017-07-26T15:26:41.042808996Z: [    4.619735] rtc_cmos 00:00: alarms up to one day, y3k, 114 bytes nvram, hpet irqs
[STDOUT  ] 2017-07-26T15:26:41.042813165Z: [    1.184406] ACPI: PCI Interrupt Link [GSIC] (IRQs *18)
[STDERR  ] 2017-07-26T15:26:41.042820453Z: [    4.620729] i2c /dev entries driver
[STDOUT  ] 2017-07-26T15:26:41.042824399Z: [    1.185068] ACPI: PCI Interrupt Link [GSID] (IRQs *19)
[STDERR  ] 2017-07-26T15:26:41.04283165Z: [    4.622479] device-mapper: ioctl: 4.35.0-ioctl (2016-06-23) initialised: dm-devel@redhat.com
[STDOUT  ] 2017-07-26T15:26:41.042835518Z: [    1.185818] ACPI: PCI Interrupt Link [GSIE] (IRQs *20)
[STDERR  ] 2017-07-26T15:26:41.04284762Z: [    4.626859] usbcore: registered new interface driver usbhid
[STDOUT  ] 2017-07-26T15:26:41.042851081Z: [    1.186490] ACPI: PCI Interrupt Link [GSIF] (IRQs *21)
[STDERR  ] 2017-07-26T15:26:41.042860993Z: [    4.627259] usbhid: USB HID core driver
[STDOUT  ] 2017-07-26T15:26:41.042862317Z: [    1.187161] ACPI: PCI Interrupt Link [GSIG] (IRQs *22)
[STDOUT  ] 2017-07-26T15:26:41.042874329Z: [    1.187823] ACPI: PCI Interrupt Link [GSIH] (IRQs *23)
[STDERR  ] 2017-07-26T15:26:41.042872487Z: [    4.627783] hv_utils: Registering HyperV Utility Driver
[STDOUT  ] 2017-07-26T15:26:41.042890142Z: [    1.192932] ACPI: Enabled 2 GPEs in block 00 to 3F
[STDERR  ] 2017-07-26T15:26:41.042889947Z: [    4.628138] hv_vmbus: registering driver hv_util
[STDOUT  ] 2017-07-26T15:26:41.042901342Z: [    1.197151] SCSI subsystem initialized
[STDERR  ] 2017-07-26T15:26:41.042906948Z: [    4.628452] hv_vmbus: registering driver hv_balloon
[STDOUT  ] 2017-07-26T15:26:41.042912483Z: [    1.198895] ACPI: bus type USB registered
[STDERR  ] 2017-07-26T15:26:41.042920444Z: [    4.628929] oprofile: using NMI interrupt.
[STDOUT  ] 2017-07-26T15:26:41.042923703Z: [    1.200083] usbcore: registered new interface driver usbfs
[STDERR  ] 2017-07-26T15:26:41.042931867Z: [    4.629893] GACT probability on
[STDOUT  ] 2017-07-26T15:26:41.042935062Z: [    1.200944] usbcore: registered new interface driver hub
[STDERR  ] 2017-07-26T15:26:41.042943454Z: [    4.630643] Mirror/redirect action on
[STDOUT  ] 2017-07-26T15:26:41.042946291Z: [    1.201678] usbcore: registered new device driver usb
[STDERR  ] 2017-07-26T15:26:41.04295611Z: [    4.631486] Simple TC action Loaded
[STDOUT  ] 2017-07-26T15:26:41.042957994Z: [    1.202729] pps_core: LinuxPPS API ver. 1 registered
[STDERR  ] 2017-07-26T15:26:41.042967653Z: [    4.632000] u32 classifier
[STDOUT  ] 2017-07-26T15:26:41.042969378Z: [    1.203036] pps_core: Software ver. 5.3.6 - Copyright 2005-2007 Rodolfo Giometti <giometti@linux.it>
[STDERR  ] 2017-07-26T15:26:41.042980651Z: [    4.632199]     Performance counters on
[STDOUT  ] 2017-07-26T15:26:41.042982588Z: [    1.203664] PTP clock support registered
[STDERR  ] 2017-07-26T15:26:41.042992224Z: [    4.632457]     input device check on
[STDOUT  ] 2017-07-26T15:26:41.042994215Z: [    1.204762] wmi: Mapper loaded
[STDERR  ] 2017-07-26T15:26:41.043003628Z: [    4.632703]     Actions configured
[STDOUT  ] 2017-07-26T15:26:41.043005775Z: [    1.205744] PCI: Using ACPI for IRQ routing
[STDOUT  ] 2017-07-26T15:26:41.043017083Z: [    1.224528] NetLabel: Initializing
[STDERR  ] 2017-07-26T15:26:41.043015089Z: [    4.633210] Netfilter messages via NETLINK v0.30.
[STDOUT  ] 2017-07-26T15:26:41.043028392Z: [    1.224761] NetLabel:  domain hash size = 128
[STDERR  ] 2017-07-26T15:26:41.04302652Z: [    4.633724] nfnl_acct: registering with nfnetlink.
[STDERR  ] 2017-07-26T15:26:41.043042088Z: [    4.634947] nf_conntrack version 0.5.0 (8192 buckets, 32768 max)
[STDOUT  ] 2017-07-26T15:26:41.043039844Z: [    1.225023] NetLabel:  protocols = UNLABELED CIPSOv4
[STDOUT  ] 2017-07-26T15:26:41.043051309Z: [    1.226806] NetLabel:  unlabeled traffic allowed by default
[STDERR  ] 2017-07-26T15:26:41.043053535Z: [    4.638085] ctnetlink v0.93: registering with nfnetlink.
[STDERR  ] 2017-07-26T15:26:41.043065013Z: [    4.641540] nf_tables: (c) 2007-2009 Patrick McHardy <kaber@trash.net>
[STDOUT  ] 2017-07-26T15:26:41.043063079Z: [    1.227678] HPET: 3 timers in total, 0 timers will be used for per-cpu timer
[STDERR  ] 2017-07-26T15:26:41.043076843Z: [    4.642359] nf_tables_compat: (c) 2012 Pablo Neira Ayuso <pablo@netfilter.org>
[STDOUT  ] 2017-07-26T15:26:41.043079197Z: [    1.228353] hpet0: at MMIO 0xfed00000, IRQs 2, 8, 0
[STDERR  ] 2017-07-26T15:26:41.043088901Z: [    4.644779] xt_time: kernel timezone is -0000
[STDOUT  ] 2017-07-26T15:26:41.043090124Z: [    1.228800] hpet0: 3 comparators, 64-bit 100.000000 MHz counter
[STDERR  ] 2017-07-26T15:26:41.043099968Z: [    4.645291] ip_set: protocol 6
[STDOUT  ] 2017-07-26T15:26:41.043106065Z: [    1.234556] clocksource: Switched to clocksource hpet
[STDERR  ] 2017-07-26T15:26:41.04311198Z: [    4.645869] IPVS: Registered protocols (TCP, UDP, SCTP, AH, ESP)
[STDOUT  ] 2017-07-26T15:26:41.043117182Z: [    1.502313] VFS: Disk quotas dquot_6.6.0
[STDERR  ] 2017-07-26T15:26:41.043125135Z: [    4.646426] IPVS: Connection hash table configured (size=4096, memory=64Kbytes)
[STDOUT  ] 2017-07-26T15:26:41.043128385Z: [    1.502921] VFS: Dquot-cache hash table entries: 512 (order 0, 4096 bytes)
[STDERR  ] 2017-07-26T15:26:41.043136974Z: [    4.648046] IPVS: Creating netns size=2104 id=0
[STDOUT  ] 2017-07-26T15:26:41.043140663Z: [    1.505431] FS-Cache: Loaded
[STDERR  ] 2017-07-26T15:26:41.043147951Z: [    4.650910] IPVS: ipvs loaded.
[STDOUT  ] 2017-07-26T15:26:41.043154362Z: [    1.510312] CacheFiles: Loaded
[STDERR  ] 2017-07-26T15:26:41.043159629Z: [    4.651263] IPVS: [rr] scheduler registered.
[STDOUT  ] 2017-07-26T15:26:41.043169631Z: [    1.511933] pnp: PnP ACPI init
[STDERR  ] 2017-07-26T15:26:41.043171379Z: [    4.651591] IPVS: [wrr] scheduler registered.
[STDERR  ] 2017-07-26T15:26:41.043182209Z: [    4.651889] IPVS: [lc] scheduler registered.
[STDOUT  ] 2017-07-26T15:26:41.043184166Z: [    1.523827] pnp: PnP ACPI: found 5 devices
[STDERR  ] 2017-07-26T15:26:41.043193619Z: [    4.652178] IPVS: [wlc] scheduler registered.
[STDOUT  ] 2017-07-26T15:26:41.043195621Z: [    1.572739] clocksource: acpi_pm: mask: 0xffffff max_cycles: 0xffffff, max_idle_ns: 2085701024 ns
[STDERR  ] 2017-07-26T15:26:41.043204829Z: [    4.652472] IPVS: [fo] scheduler registered.
[STDOUT  ] 2017-07-26T15:26:41.043207555Z: [    1.575444] NET: Registered protocol family 2
[STDERR  ] 2017-07-26T15:26:41.043216027Z: [    4.652764] IPVS: [ovf] scheduler registered.
[STDOUT  ] 2017-07-26T15:26:41.043219147Z: [    1.582675] TCP established hash table entries: 8192 (order: 4, 65536 bytes)
[STDOUT  ] 2017-07-26T15:26:41.043231398Z: [    1.583354] TCP bind hash table entries: 8192 (order: 5, 131072 bytes)
[STDERR  ] 2017-07-26T15:26:41.043227241Z: [    4.653156] IPVS: [lblc] scheduler registered.
[STDOUT  ] 2017-07-26T15:26:41.043242953Z: [    1.584005] TCP: Hash tables configured (established 8192 bind 8192)
[STDERR  ] 2017-07-26T15:26:41.043239651Z: [    4.653547] IPVS: [lblcr] scheduler registered.
[STDERR  ] 2017-07-26T15:26:41.043251058Z: [    4.653866] IPVS: [dh] scheduler registered.
[STDOUT  ] 2017-07-26T15:26:41.043254394Z: [    1.585842] UDP hash table entries: 512 (order: 2, 16384 bytes)
[STDERR  ] 2017-07-26T15:26:41.043262468Z: [    4.654156] IPVS: [sh] scheduler registered.
[STDOUT  ] 2017-07-26T15:26:41.043265855Z: [    1.586326] UDP-Lite hash table entries: 512 (order: 2, 16384 bytes)
[STDERR  ] 2017-07-26T15:26:41.043273833Z: [    4.654444] IPVS: [sed] scheduler registered.
[STDOUT  ] 2017-07-26T15:26:41.043281904Z: [    1.588522] NET: Registered protocol family 1
[STDERR  ] 2017-07-26T15:26:41.043285129Z: [    4.654737] IPVS: [nq] scheduler registered.
[STDOUT  ] 2017-07-26T15:26:41.043293333Z: [    1.589645] pci 0000:00:01.0: Video device with shadowed ROM at [mem 0x000c0000-0x000dffff]
[STDERR  ] 2017-07-26T15:26:41.04329755Z: [    4.655375] IPVS: ftp: loaded support on port[0] = 21
[STDOUT  ] 2017-07-26T15:26:41.043305642Z: [    1.596770] Unpacking initramfs...
[STDOUT  ] 2017-07-26T15:26:41.043316931Z: [    4.222895] Freeing initrd memory: 18764K (ffff8aeb3ed7d000 - ffff8aeb3ffd0000)
[STDERR  ] 2017-07-26T15:26:41.043313446Z: [    4.656196] ipip: IPv4 and MPLS over IPv4 tunneling driver
[STDERR  ] 2017-07-26T15:26:41.043325032Z: [    4.660432] gre: GRE over IPv4 demultiplexor driver
[STDOUT  ] 2017-07-26T15:26:41.043328397Z: [    4.245947] PCLMULQDQ-NI instructions are not detected.
[STDERR  ] 2017-07-26T15:26:41.043336422Z: [    4.663214] ip_tables: (C) 2000-2006 Netfilter Core Team
[STDOUT  ] 2017-07-26T15:26:41.043339656Z: [    4.247019] AVX or AES-NI instructions are not detected.
[STDERR  ] 2017-07-26T15:26:41.043347649Z: [    4.666331] ipt_CLUSTERIP: ClusterIP Version 0.8 loaded successfully
[STDOUT  ] 2017-07-26T15:26:41.043354591Z: [    4.247450] CPU feature 'AVX registers' is not supported.
[STDERR  ] 2017-07-26T15:26:41.04335961Z: [    4.667022] arp_tables: arp_tables: (C) 2002 David S. Miller
[STDOUT  ] 2017-07-26T15:26:41.043365707Z: [    4.247844] CPU feature 'AVX registers' is not supported.
[STDERR  ] 2017-07-26T15:26:41.043370634Z: [    4.669207] NET: Registered protocol family 10
[STDOUT  ] 2017-07-26T15:26:41.043376895Z: [    4.248235] CPU feature 'AVX registers' is not supported.
[STDERR  ] 2017-07-26T15:26:41.043381771Z: [    4.678854] ip6_tables: (C) 2000-2006 Netfilter Core Team
[STDOUT  ] 2017-07-26T15:26:41.043388262Z: [    4.248623] CPU feature 'AVX registers' is not supported.
[STDERR  ] 2017-07-26T15:26:41.043392963Z: [    4.687215] NET: Registered protocol family 17
[STDOUT  ] 2017-07-26T15:26:41.043399352Z: [    4.249005] AVX2 or AES-NI instructions are not detected.
[STDERR  ] 2017-07-26T15:26:41.043409657Z: [    4.688183] Bridge firewalling registered
[STDOUT  ] 2017-07-26T15:26:41.04342133Z: [    4.249387] AVX2 instructions are not detected.
[STDERR  ] 2017-07-26T15:26:41.043421265Z: [    4.688672] Ebtables v2.0 registered
[STDOUT  ] 2017-07-26T15:26:41.043432633Z: [    4.255032] audit: initializing netlink subsys (disabled)
[STDERR  ] 2017-07-26T15:26:41.043432586Z: [    4.690948] 8021q: 802.1Q VLAN Support v1.8
[STDERR  ] 2017-07-26T15:26:41.043445482Z: [    4.692414] 9pnet: Installing 9P2000 support
[STDOUT  ] 2017-07-26T15:26:41.04344654Z: [    4.256541] audit: type=2000 audit(1501082778.250:1): initialized
[STDOUT  ] 2017-07-26T15:26:41.043460587Z: [    4.264463] workingset: timestamp_bits=46 max_order=18 bucket_order=0
[STDERR  ] 2017-07-26T15:26:41.043460627Z: [    4.693768] Key type dns_resolver registered
[STDOUT  ] 2017-07-26T15:26:41.043472061Z: [    4.273215] FS-Cache: Netfs 'cifs' registered for caching
[STDOUT  ] 2017-07-26T15:26:41.043484808Z: [    4.274125] fuse init (API version 7.26)
[STDERR  ] 2017-07-26T15:26:41.043478467Z: [    4.694600] microcode: AMD CPU family 0x6 not supported
[STDERR  ] 2017-07-26T15:26:41.043492707Z: [    4.698087] registered taskstats version 1
[STDOUT  ] 2017-07-26T15:26:41.043496033Z: [    4.276193] SGI XFS with ACLs, security attributes, no debug enabled
[STDOUT  ] 2017-07-26T15:26:41.043507412Z: [    4.279764] 9p: Installing v9fs 9p2000 file system support
[STDERR  ] 2017-07-26T15:26:41.043504064Z: [    4.854799] Key type big_key registered
[STDERR  ] 2017-07-26T15:26:41.043515483Z: [    4.905725] ata5: SATA link down (SStatus 0 SControl 300)
[STDOUT  ] 2017-07-26T15:26:41.043518835Z: [    4.280847] FS-Cache: Netfs '9p' registered for caching
[STDERR  ] 2017-07-26T15:26:41.043526976Z: [    4.907623] ata4: SATA link down (SStatus 0 SControl 300)
[STDOUT  ] 2017-07-26T15:26:41.043530255Z: [    4.313469] NET: Registered protocol family 38
[STDERR  ] 2017-07-26T15:26:41.043538516Z: [    4.908325] ata3: SATA link up 1.5 Gbps (SStatus 113 SControl 300)
[STDOUT  ] 2017-07-26T15:26:41.043541725Z: [    4.313997] Key type asymmetric registered
[STDERR  ] 2017-07-26T15:26:41.043550419Z: [    4.910841] ata2: SATA link down (SStatus 0 SControl 300)
[STDOUT  ] 2017-07-26T15:26:41.043553042Z: [    4.314332] Asymmetric key parser 'x509' registered
[STDERR  ] 2017-07-26T15:26:41.043561839Z: [    4.911346] ata1: SATA link down (SStatus 0 SControl 300)
[STDOUT  ] 2017-07-26T15:26:41.043564494Z: [    4.315017] Block layer SCSI generic (bsg) driver version 0.4 loaded (major 251)
[STDERR  ] 2017-07-26T15:26:41.043573262Z: [    4.911804] ata6: SATA link down (SStatus 0 SControl 300)
[STDOUT  ] 2017-07-26T15:26:41.043575848Z: [    4.316191] io scheduler noop registered
[STDOUT  ] 2017-07-26T15:26:41.043587088Z: [    4.316513] io scheduler deadline registered (default)
[STDERR  ] 2017-07-26T15:26:41.043584852Z: [    4.913753] ata3.00: ATAPI: QEMU DVD-ROM, 2.5+, max UDMA/100
[STDERR  ] 2017-07-26T15:26:41.043596268Z: [    4.914228] ata3.00: applying bridge limits
[STDOUT  ] 2017-07-26T15:26:41.043598271Z: [    4.317070] io scheduler cfq registered
[STDOUT  ] 2017-07-26T15:26:41.043613646Z: [    4.319495] pci_hotplug: PCI Hot Plug PCI Core version: 0.5
[STDERR  ] 2017-07-26T15:26:41.043611961Z: [    4.915883] ata3.00: configured for UDMA/100
[STDOUT  ] 2017-07-26T15:26:41.043624688Z: [    4.320066] pciehp: PCI Express Hot Plug Controller Driver version: 0.4
[STDERR  ] 2017-07-26T15:26:41.043623428Z: [    4.929157] scsi 2:0:0:0: CD-ROM            QEMU     QEMU DVD-ROM     2.5+ PQ: 0 ANSI: 5
[STDERR  ] 2017-07-26T15:26:41.04363598Z: [    4.933015] Key type encrypted registered
[STDOUT  ] 2017-07-26T15:26:41.043635318Z: [    4.321960] shpchp: Standard Hot Plug PCI Controller Driver version: 0.4
[STDOUT  ] 2017-07-26T15:26:41.043646499Z: [    4.322775] hv_vmbus: registering driver hyperv_fb
[STDERR  ] 2017-07-26T15:26:41.043646952Z: [    4.936799] rtc_cmos 00:00: setting system clock to 2017-07-26 15:26:19 UTC (1501082779)
[STDERR  ] 2017-07-26T15:26:41.043662786Z: [    4.963065] sr 2:0:0:0: [sr0] scsi3-mmc drive: 4x/4x cd/rw xa/form2 tray
[STDOUT  ] 2017-07-26T15:26:41.043662344Z: [    4.325797] input: Power Button as /devices/LNXSYSTM:00/LNXPWRBN:00/input/input0
[STDOUT  ] 2017-07-26T15:26:41.04367426Z: [    4.326821] ACPI: Power Button [PWRF]
[STDERR  ] 2017-07-26T15:26:41.043674356Z: [    4.963679] cdrom: Uniform CD-ROM driver Revision: 3.20
[STDOUT  ] 2017-07-26T15:26:41.043685453Z: [    4.332523] GHES: HEST is not enabled!
[STDERR  ] 2017-07-26T15:26:41.043693697Z: [    4.969665] sr 2:0:0:0: Attached scsi generic sg0 type 5
[STDOUT  ] 2017-07-26T15:26:41.043696851Z: [    4.343796] ACPI: PCI Interrupt Link [GSIG] enabled at IRQ 22
[STDERR  ] 2017-07-26T15:26:41.043705302Z: [    5.114349] Freeing unused kernel memory: 1376K (ffffffffb6d57000 - ffffffffb6eaf000)
[STDOUT  ] 2017-07-26T15:26:41.043712598Z: [    4.356266] ACPI: PCI Interrupt Link [GSIH] enabled at IRQ 23
[STDERR  ] 2017-07-26T15:26:41.043716982Z: [    5.114926] Write protecting the kernel read-only data: 12288k
[STDOUT  ] 2017-07-26T15:26:41.043723714Z: [    4.360436] xenfs: not registering filesystem on non-xen platform
[STDERR  ] 2017-07-26T15:26:41.043728209Z: [    5.121145] Freeing unused kernel memory: 152K (ffff8aeb037da000 - ffff8aeb03800000)
[STDOUT  ] 2017-07-26T15:26:41.043734918Z: [    4.362305] Serial: 8250/16550 driver, 4 ports, IRQ sharing disabled
[STDERR  ] 2017-07-26T15:26:41.043740166Z: [    5.243151] Freeing unused kernel memory: 1400K (ffff8aeb03aa2000 - ffff8aeb03c00000)
[STDOUT  ] 2017-07-26T15:26:41.043746694Z: [    4.388332] 00:04: ttyS0 at I/O 0x3f8 (irq = 4, base_baud = 115200) is a 16550A
[STDERR  ] 2017-07-26T15:26:41.043754733Z: [    5.280920] tsc: Refined TSC clocksource calibration: 2300.038 MHz
[STDOUT  ] 2017-07-26T15:26:41.04375793Z: [    4.403440] Non-volatile memory driver v1.3
[STDOUT  ] 2017-07-26T15:26:41.043769497Z: [    4.409235] Hangcheck: starting hangcheck timer 0.9.1 (tick is 180 seconds, margin is 60 seconds).
[STDERR  ] 2017-07-26T15:26:41.043771451Z: [    5.281487] clocksource: tsc: mask: 0xffffffffffffffff max_cycles: 0x212759179c6, max_idle_ns: 440795240051 ns
[STDOUT  ] 2017-07-26T15:26:41.043781361Z: [    4.414505] random: fast init done
[STDERR  ] 2017-07-26T15:26:41.043783351Z: [    6.298784] clocksource: Switched to clocksource tsc
[STDOUT  ] 2017-07-26T15:26:41.043792646Z: [    4.415693] random: crng init done
[STDERR  ] 2017-07-26T15:26:41.043794742Z: 
[STDOUT  ] 2017-07-26T15:26:41.043803723Z: [    4.450877] loop: module loaded
[STDERR  ] 2017-07-26T15:26:41.043806881Z: Welcome to LinuxKit
[STDERR  ] 2017-07-26T15:26:41.043818663Z: 
[STDOUT  ] 2017-07-26T15:26:41.043815687Z: [    4.465138] nbd: registered device at major 43
[STDOUT  ] 2017-07-26T15:26:41.043827124Z: [    4.507852] lpc_ich 0000:00:1f.0: I/O space for GPIO uninitialized
[STDERR  ] 2017-07-26T15:26:41.043830348Z:                         ##         .
[STDOUT  ] 2017-07-26T15:26:41.043838614Z: [    4.509493] VMware PVSCSI driver - version 1.0.7.0-k
[STDERR  ] 2017-07-26T15:26:41.043841941Z:                   ## ## ##        ==
[STDOUT  ] 2017-07-26T15:26:41.043854336Z: [    4.510399] hv_vmbus: registering driver hv_storvsc
[STDERR  ] 2017-07-26T15:26:41.043857921Z:                ## ## ## ## ##    ===
[STDOUT  ] 2017-07-26T15:26:41.04386613Z: [    4.520716] ACPI: PCI Interrupt Link [GSIA] enabled at IRQ 16
[STDERR  ] 2017-07-26T15:26:41.043869936Z:            /"""""""""""""""""\___/ ===
[STDOUT  ] 2017-07-26T15:26:41.043877354Z: [    4.526859] ahci 0000:00:1f.2: AHCI 0001.0000 32 slots 6 ports 1.5 Gbps 0x3f impl SATA mode
[STDERR  ] 2017-07-26T15:26:41.043881326Z:           {                       /  ===-
[STDOUT  ] 2017-07-26T15:26:41.043889704Z: [    4.527522] ahci 0000:00:1f.2: flags: 64bit ncq only 
[STDERR  ] 2017-07-26T15:26:41.043892466Z:            \______ O           __/
[STDERR  ] 2017-07-26T15:26:41.043904325Z:              \    \         __/
[STDOUT  ] 2017-07-26T15:26:41.043900863Z: [    4.548176] scsi host0: ahci
[STDOUT  ] 2017-07-26T15:26:41.043916519Z: [    4.552154] scsi host1: ahci
[STDERR  ] 2017-07-26T15:26:41.043918163Z:               \____\_______/
[STDOUT  ] 2017-07-26T15:26:41.043929284Z: [    4.554329] scsi host2: ahci
[STDERR  ] 2017-07-26T15:26:41.04393094Z: 
[STDOUT  ] 2017-07-26T15:26:41.043941052Z: [    4.556633] scsi host3: ahci
[STDERR  ] 2017-07-26T15:26:41.043942852Z:  - 000-sysctl
[STDOUT  ] 2017-07-26T15:26:41.043952503Z: [    4.558893] scsi host4: ahci
[STDERR  ] 2017-07-26T15:26:41.043960459Z: sysctl test suite PASSED
[STDOUT  ] 2017-07-26T15:26:41.043964036Z: [    4.561206] scsi host5: ahci
[STDOUT  ] 2017-07-26T15:26:41.043975525Z: [    4.563011] ata1: SATA max UDMA/133 abar m4096@0xfebd2000 port 0xfebd2100 irq 24
[STDERR  ] 2017-07-26T15:26:41.043972095Z:  - 001-test
[STDOUT  ] 2017-07-26T15:26:41.043987007Z: [    4.563549] ata2: SATA max UDMA/133 abar m4096@0xfebd2000 port 0xfebd2180 irq 24
[STDERR  ] 2017-07-26T15:26:41.043984208Z: [   26.102167] ACPI: Preparing to enter system sleep state S5
[STDERR  ] 2017-07-26T15:26:41.043995397Z: [   26.103338] reboot: Power down
[STDOUT  ] 2017-07-26T15:26:41.043998354Z: [    4.564031] ata3: SATA max UDMA/133 abar m4096@0xfebd2000 port 0xfebd2200 irq 24
[STDERR  ] 2017-07-26T15:26:41.04400732Z: + echo [    0.000000] Linux version 4.9.39-linuxkit (root@e1ede117fb1e) (gcc version 6.3.0 (Alpine 6.3.0) ) #1 SMP Wed Jul 26 10:03:32 UTC 2017
[STDOUT  ] 2017-07-26T15:26:41.04400979Z: [    4.564504] ata4: SATA max UDMA/133 abar m4096@0xfebd2000 port 0xfebd2280 irq 24
[STDERR  ] 2017-07-26T15:26:41.044019516Z: [    0.000000] Command line: console=ttyS0 page_poison=1
[STDOUT  ] 2017-07-26T15:26:41.044021273Z: [    4.564978] ata5: SATA max UDMA/133 abar m4096@0xfebd2000 port 0xfebd2300 irq 24
[STDERR  ] 2017-07-26T15:26:41.044031221Z: [    0.000000] x86/fpu: Legacy x87 FPU detected.
[STDOUT  ] 2017-07-26T15:26:41.044032349Z: [    4.565449] ata6: SATA max UDMA/133 abar m4096@0xfebd2000 port 0xfebd2380 irq 24
[STDERR  ] 2017-07-26T15:26:41.044042906Z: [    0.000000] x86/fpu: Using 'eager' FPU context switches.
[STDOUT  ] 2017-07-26T15:26:41.044051105Z: [    4.578547] tun: Universal TUN/TAP device driver, 1.6
[STDERR  ] 2017-07-26T15:26:41.044055609Z: [    0.000000] e820: BIOS-provided physical RAM map:
[STDOUT  ] 2017-07-26T15:26:41.044062419Z: [    4.579096] tun: (C) 1999-2004 Max Krasnyansky <maxk@qualcomm.com>
[STDERR  ] 2017-07-26T15:26:41.044066828Z: [    0.000000] BIOS-e820: [mem 0x0000000000000000-0x000000000009fbff] usable
[STDOUT  ] 2017-07-26T15:26:41.044073678Z: [    4.589816] VMware vmxnet3 virtual NIC driver - version 1.4.a.0-k-NAPI
[STDERR  ] 2017-07-26T15:26:41.04407811Z: [    0.000000] BIOS-e820: [mem 0x000000000009fc00-0x000000000009ffff] reserved
[STDOUT  ] 2017-07-26T15:26:41.044084701Z: [    4.591068] hv_vmbus: registering driver hv_netvsc
[STDERR  ] 2017-07-26T15:26:41.044089475Z: [    0.000000] BIOS-e820: [mem 0x00000000000f0000-0x00000000000fffff] reserved
[STDOUT  ] 2017-07-26T15:26:41.044100102Z: [    4.591477] Fusion MPT base driver 3.04.20
[STDERR  ] 2017-07-26T15:26:41.044101816Z: [    0.000000] BIOS-e820: [mem 0x0000000000100000-0x000000003ffdefff] usable
[STDOUT  ] 2017-07-26T15:26:41.044115777Z: [    4.591760] Copyright (c) 1999-2008 LSI Corporation
[STDERR  ] 2017-07-26T15:26:41.044117474Z: [    0.000000] BIOS-e820: [mem 0x000000003ffdf000-0x000000003fffffff] reserved
[STDOUT  ] 2017-07-26T15:26:41.044127015Z: [    4.592289] Fusion MPT SPI Host driver 3.04.20
[STDERR  ] 2017-07-26T15:26:41.044128922Z: [    0.000000] BIOS-e820: [mem 0x00000000b0000000-0x00000000bfffffff] reserved
[STDERR  ] 2017-07-26T15:26:41.044141823Z: [    0.000000] BIOS-e820: [mem 0x00000000fed1c000-0x00000000fed1ffff] reserved
[STDOUT  ] 2017-07-26T15:26:41.044139966Z: [    4.594251] i8042: PNP: PS/2 Controller [PNP0303:KBD,PNP0f13:MOU] at 0x60,0x64 irq 1,12
[STDOUT  ] 2017-07-26T15:26:41.044151995Z: [    4.598228] serio: i8042 KBD port at 0x60,0x64 irq 1
[STDERR  ] 2017-07-26T15:26:41.044152614Z: [    0.000000] BIOS-e820: [mem 0x00000000fffc0000-0x00000000ffffffff] reserved
[STDOUT  ] 2017-07-26T15:26:41.044163111Z: [    4.598803] serio: i8042 AUX port at 0x60,0x64 irq 12
[STDERR  ] 2017-07-26T15:26:41.044167185Z: [    0.000000] NX (Execute Disable) protection: active
[STDOUT  ] 2017-07-26T15:26:41.044175281Z: [    4.602072] hv_vmbus: registering driver hyperv_keyboard
[STDERR  ] 2017-07-26T15:26:41.044178554Z: [    0.000000] SMBIOS 2.8 present.
[STDOUT  ] 2017-07-26T15:26:41.044186149Z: [    4.604063] mousedev: PS/2 mouse device common for all mice
[STDERR  ] 2017-07-26T15:26:41.044194228Z: [    0.000000] e820: last_pfn = 0x3ffdf max_arch_pfn = 0x400000000
[STDOUT  ] 2017-07-26T15:26:41.044199049Z: [    4.608758] input: AT Translated Set 2 keyboard as /devices/platform/i8042/serio0/input/input1
[STDERR  ] 2017-07-26T15:26:41.044205589Z: [    0.000000] x86/PAT: Configuration [0-7]: WB  WC  UC- UC  WB  WC  UC- WT  
[STDOUT  ] 2017-07-26T15:26:41.0442108Z: [    4.611984] input: PC Speaker as /devices/platform/pcspkr/input/input2
[STDOUT  ] 2017-07-26T15:26:41.044221951Z: [    4.615331] rtc_cmos 00:00: RTC can wake from S4
[STDERR  ] 2017-07-26T15:26:41.044218838Z: [    0.000000] found SMP MP-table at [mem 0x000f6aa0-0x000f6aaf] mapped at [ffff8aeb000f6aa0]
[STDERR  ] 2017-07-26T15:26:41.044230916Z: [    0.000000] RAMDISK: [mem 0x3ed7d000-0x3ffcffff]
[STDOUT  ] 2017-07-26T15:26:41.044236328Z: [    4.618473] rtc_cmos 00:00: rtc core: registered rtc_cmos as rtc0
[STDERR  ] 2017-07-26T15:26:41.044242604Z: [    0.000000] ACPI: Early table checksum verification disabled
[STDOUT  ] 2017-07-26T15:26:41.044247537Z: [    4.619735] rtc_cmos 00:00: alarms up to one day, y3k, 114 bytes nvram, hpet irqs
[STDERR  ] 2017-07-26T15:26:41.044254219Z: [    0.000000] ACPI: RSDP 0x00000000000F68C0 000014 (v00 BOCHS )
[STDOUT  ] 2017-07-26T15:26:41.044258726Z: [    4.620729] i2c /dev entries driver
[STDERR  ] 2017-07-26T15:26:41.044265469Z: [    0.000000] ACPI: RSDT 0x000000003FFE2404 000034 (v01 BOCHS  BXPCRSDT 00000001 BXPC 00000001)
[STDOUT  ] 2017-07-26T15:26:41.044269863Z: [    4.622479] device-mapper: ioctl: 4.35.0-ioctl (2016-06-23) initialised: dm-devel@redhat.com
[STDERR  ] 2017-07-26T15:26:41.044278205Z: [    0.000000] ACPI: FACP 0x000000003FFE22A4 000074 (v01 BOCHS  BXPCFACP 00000001 BXPC 00000001)
[STDOUT  ] 2017-07-26T15:26:41.044283109Z: [    4.626859] usbcore: registered new interface driver usbhid
[STDOUT  ] 2017-07-26T15:26:41.044294289Z: [    4.627259] usbhid: USB HID core driver
[STDERR  ] 2017-07-26T15:26:41.044289496Z: [    0.000000] ACPI: DSDT 0x000000003FFE0040 002264 (v01 BOCHS  BXPCDSDT 00000001 BXPC 00000001)
[STDOUT  ] 2017-07-26T15:26:41.044305429Z: [    4.627783] hv_utils: Registering HyperV Utility Driver
[STDERR  ] 2017-07-26T15:26:41.044302265Z: [    0.000000] ACPI: FACS 0x000000003FFE0000 000040
[STDERR  ] 2017-07-26T15:26:41.044316059Z: [    0.000000] ACPI: APIC 0x000000003FFE2318 000078 (v01 BOCHS  BXPCAPIC 00000001 BXPC 00000001)
[STDOUT  ] 2017-07-26T15:26:41.044317183Z: [    4.628138] hv_vmbus: registering driver hv_util
[STDERR  ] 2017-07-26T15:26:41.044327511Z: [    0.000000] ACPI: HPET 0x000000003FFE2390 000038 (v01 BOCHS  BXPCHPET 00000001 BXPC 00000001)
[STDOUT  ] 2017-07-26T15:26:41.044334412Z: [    4.628452] hv_vmbus: registering driver hv_balloon
[STDERR  ] 2017-07-26T15:26:41.044344884Z: [    0.000000] ACPI: MCFG 0x000000003FFE23C8 00003C (v01 BOCHS  BXPCMCFG 00000001 BXPC 00000001)
[STDOUT  ] 2017-07-26T15:26:41.044346622Z: [    4.628929] oprofile: using NMI interrupt.
[STDERR  ] 2017-07-26T15:26:41.044356886Z: [    0.000000] Zone ranges:
[STDOUT  ] 2017-07-26T15:26:41.044358595Z: [    4.629893] GACT probability on
[STDERR  ] 2017-07-26T15:26:41.044368629Z: [    0.000000]   DMA      [mem 0x0000000000001000-0x0000000000ffffff]
[STDOUT  ] 2017-07-26T15:26:41.044369986Z: [    4.630643] Mirror/redirect action on
[STDERR  ] 2017-07-26T15:26:41.044380138Z: [    0.000000]   DMA32    [mem 0x0000000001000000-0x000000003ffdefff]
[STDOUT  ] 2017-07-26T15:26:41.044381148Z: [    4.631486] Simple TC action Loaded
[STDERR  ] 2017-07-26T15:26:41.044391552Z: [    0.000000]   Normal   empty
[STDOUT  ] 2017-07-26T15:26:41.044393295Z: [    4.632000] u32 classifier
[STDERR  ] 2017-07-26T15:26:41.044405783Z: [    0.000000] Movable zone start for each node
[STDOUT  ] 2017-07-26T15:26:41.044409257Z: [    4.632199]     Performance counters on
[STDERR  ] 2017-07-26T15:26:41.044417707Z: [    0.000000] Early memory node ranges
[STDOUT  ] 2017-07-26T15:26:41.044420881Z: [    4.632457]     input device check on
[STDERR  ] 2017-07-26T15:26:41.044429183Z: [    0.000000]   node   0: [mem 0x0000000000001000-0x000000000009efff]
[STDOUT  ] 2017-07-26T15:26:41.0444323Z: [    4.632703]     Actions configured
[STDERR  ] 2017-07-26T15:26:41.044440634Z: [    0.000000]   node   0: [mem 0x0000000000100000-0x000000003ffdefff]
[STDOUT  ] 2017-07-26T15:26:41.044448142Z: [    4.633210] Netfilter messages via NETLINK v0.30.
[STDERR  ] 2017-07-26T15:26:41.044452612Z: [    0.000000] Initmem setup node 0 [mem 0x0000000000001000-0x000000003ffdefff]
[STDOUT  ] 2017-07-26T15:26:41.044459376Z: [    4.633724] nfnl_acct: registering with nfnetlink.
[STDERR  ] 2017-07-26T15:26:41.04446405Z: [    0.000000] ACPI: PM-Timer IO Port: 0x608
[STDOUT  ] 2017-07-26T15:26:41.044470546Z: [    4.634947] nf_conntrack version 0.5.0 (8192 buckets, 32768 max)
[STDERR  ] 2017-07-26T15:26:41.044475458Z: [    0.000000] ACPI: LAPIC_NMI (acpi_id[0xff] dfl dfl lint[0x1])
[STDOUT  ] 2017-07-26T15:26:41.044481688Z: [    4.638085] ctnetlink v0.93: registering with nfnetlink.
[STDERR  ] 2017-07-26T15:26:41.044486616Z: [    0.000000] IOAPIC[0]: apic_id 0, version 32, address 0xfec00000, GSI 0-23
[STDOUT  ] 2017-07-26T15:26:41.04449284Z: [    4.641540] nf_tables: (c) 2007-2009 Patrick McHardy <kaber@trash.net>
[STDERR  ] 2017-07-26T15:26:41.044498085Z: [    0.000000] ACPI: INT_SRC_OVR (bus 0 bus_irq 0 global_irq 2 dfl dfl)
[STDOUT  ] 2017-07-26T15:26:41.044504126Z: [    4.642359] nf_tables_compat: (c) 2012 Pablo Neira Ayuso <pablo@netfilter.org>
[STDERR  ] 2017-07-26T15:26:41.044514649Z: [    0.000000] ACPI: INT_SRC_OVR (bus 0 bus_irq 5 global_irq 5 high level)
[STDOUT  ] 2017-07-26T15:26:41.04451634Z: [    4.644779] xt_time: kernel timezone is -0000
[STDERR  ] 2017-07-26T15:26:41.044526166Z: [    0.000000] ACPI: INT_SRC_OVR (bus 0 bus_irq 9 global_irq 9 high level)
[STDOUT  ] 2017-07-26T15:26:41.044532571Z: [    4.645291] ip_set: protocol 6
[STDERR  ] 2017-07-26T15:26:41.044537529Z: [    0.000000] ACPI: INT_SRC_OVR (bus 0 bus_irq 10 global_irq 10 high level)
[STDOUT  ] 2017-07-26T15:26:41.044546653Z: [    4.645869] IPVS: Registered protocols (TCP, UDP, SCTP, AH, ESP)
[STDERR  ] 2017-07-26T15:26:41.044549123Z: [    0.000000] ACPI: INT_SRC_OVR (bus 0 bus_irq 11 global_irq 11 high level)
[STDOUT  ] 2017-07-26T15:26:41.044557945Z: [    4.646426] IPVS: Connection hash table configured (size=4096, memory=64Kbytes)
[STDERR  ] 2017-07-26T15:26:41.044560618Z: [    0.000000] Using ACPI (MADT) for SMP configuration information
[STDOUT  ] 2017-07-26T15:26:41.044569249Z: [    4.648046] IPVS: Creating netns size=2104 id=0
[STDERR  ] 2017-07-26T15:26:41.044572005Z: [    0.000000] ACPI: HPET id: 0x8086a201 base: 0xfed00000
[STDOUT  ] 2017-07-26T15:26:41.04458048Z: [    4.650910] IPVS: ipvs loaded.
[STDERR  ] 2017-07-26T15:26:41.044593244Z: [    0.000000] smpboot: Allowing 1 CPUs, 0 hotplug CPUs
[STDOUT  ] 2017-07-26T15:26:41.044596837Z: [    4.651263] IPVS: [rr] scheduler registered.
[STDERR  ] 2017-07-26T15:26:41.044604859Z: [    0.000000] e820: [mem 0x40000000-0xafffffff] available for PCI devices
[STDOUT  ] 2017-07-26T15:26:41.044608072Z: [    4.651591] IPVS: [wrr] scheduler registered.
[STDERR  ] 2017-07-26T15:26:41.044616312Z: [    0.000000] Booting paravirtualized kernel on bare hardware
[STDOUT  ] 2017-07-26T15:26:41.044619377Z: [    4.651889] IPVS: [lc] scheduler registered.
[STDOUT  ] 2017-07-26T15:26:41.044630997Z: [    4.652178] IPVS: [wlc] scheduler registered.
[STDERR  ] 2017-07-26T15:26:41.044627983Z: [    0.000000] clocksource: refined-jiffies: mask: 0xffffffff max_cycles: 0xffffffff, max_idle_ns: 19112604462750000 ns
[STDOUT  ] 2017-07-26T15:26:41.044642081Z: [    4.652472] IPVS: [fo] scheduler registered.
[STDERR  ] 2017-07-26T15:26:41.044644062Z: [    0.000000] setup_percpu: NR_CPUS:128 nr_cpumask_bits:128 nr_cpu_ids:1 nr_node_ids:1
[STDOUT  ] 2017-07-26T15:26:41.044653637Z: [    4.652764] IPVS: [ovf] scheduler registered.
[STDERR  ] 2017-07-26T15:26:41.044655644Z: [    0.000000] percpu: Embedded 35 pages/cpu @ffff8aeb3ea00000 s105240 r8192 d29928 u2097152
[STDOUT  ] 2017-07-26T15:26:41.044664919Z: [    4.653156] IPVS: [lblc] scheduler registered.
[STDERR  ] 2017-07-26T15:26:41.044667485Z: [    0.000000] Built 1 zonelists in Zone order, mobility grouping on.  Total pages: 257896
[STDERR  ] 2017-07-26T15:26:41.044679178Z: [    0.000000] Kernel command line: console=ttyS0 page_poison=1
[STDOUT  ] 2017-07-26T15:26:41.044676109Z: [    4.653547] IPVS: [lblcr] scheduler registered.
[STDOUT  ] 2017-07-26T15:26:41.044687339Z: [    4.653866] IPVS: [dh] scheduler registered.
[STDERR  ] 2017-07-26T15:26:41.044690842Z: [    0.000000] PID hash table entries: 4096 (order: 3, 32768 bytes)
[STDOUT  ] 2017-07-26T15:26:41.044698669Z: [    4.654156] IPVS: [sh] scheduler registered.
[STDERR  ] 2017-07-26T15:26:41.044702219Z: [    0.000000] Dentry cache hash table entries: 131072 (order: 8, 1048576 bytes)
[STDERR  ] 2017-07-26T15:26:41.044713749Z: [    0.000000] Inode-cache hash table entries: 65536 (order: 7, 524288 bytes)
[STDOUT  ] 2017-07-26T15:26:41.044710384Z: [    4.654444] IPVS: [sed] scheduler registered.
[STDOUT  ] 2017-07-26T15:26:41.044721807Z: [    4.654737] IPVS: [nq] scheduler registered.
[STDERR  ] 2017-07-26T15:26:41.044725388Z: [    0.000000] Memory: 995412K/1048052K available (8027K kernel code, 1366K rwdata, 2696K rodata, 1376K init, 568K bss, 52640K reserved, 0K cma-reserved)
[STDOUT  ] 2017-07-26T15:26:41.044732824Z: [    4.655375] IPVS: ftp: loaded support on port[0] = 21
[STDERR  ] 2017-07-26T15:26:41.044737175Z: [    0.000000] Hierarchical RCU implementation.
[STDOUT  ] 2017-07-26T15:26:41.044745163Z: [    4.656196] ipip: IPv4 and MPLS over IPv4 tunneling driver
[STDERR  ] 2017-07-26T15:26:41.044748607Z: [    0.000000] 	Build-time adjustment of leaf fanout to 64.
[STDOUT  ] 2017-07-26T15:26:41.044756217Z: [    4.660432] gre: GRE over IPv4 demultiplexor driver
[STDERR  ] 2017-07-26T15:26:41.044762358Z: [    0.000000] 	RCU restricting CPUs from NR_CPUS=128 to nr_cpu_ids=1.
[STDOUT  ] 2017-07-26T15:26:41.044767267Z: [    4.663214] ip_tables: (C) 2000-2006 Netfilter Core Team
[STDERR  ] 2017-07-26T15:26:41.044775874Z: [    0.000000] RCU: Adjusting geometry for rcu_fanout_leaf=64, nr_cpu_ids=1
[STDOUT  ] 2017-07-26T15:26:41.044778529Z: [    4.666331] ipt_CLUSTERIP: ClusterIP Version 0.8 loaded successfully
[STDOUT  ] 2017-07-26T15:26:41.044789945Z: [    4.667022] arp_tables: arp_tables: (C) 2002 David S. Miller
[STDERR  ] 2017-07-26T15:26:41.044787207Z: [    0.000000] NR_IRQS:8448 nr_irqs:256 16
[STDERR  ] 2017-07-26T15:26:41.044798614Z: [    0.000000] Console: colour VGA+ 80x25
[STDOUT  ] 2017-07-26T15:26:41.0448072Z: [    4.669207] NET: Registered protocol family 10
[STDERR  ] 2017-07-26T15:26:41.044810636Z: [    0.000000] console [ttyS0] enabled
[STDOUT  ] 2017-07-26T15:26:41.04482252Z: [    4.678854] ip6_tables: (C) 2000-2006 Netfilter Core Team
[STDERR  ] 2017-07-26T15:26:41.044833495Z: [    0.000000] allocated 2097152 bytes of page_ext
[STDOUT  ] 2017-07-26T15:26:41.044833588Z: [    4.687215] NET: Registered protocol family 17
[STDOUT  ] 2017-07-26T15:26:41.04484682Z: [    4.688183] Bridge firewalling registered
[STDERR  ] 2017-07-26T15:26:41.044849359Z: [    0.000000] clocksource: hpet: mask: 0xffffffff max_cycles: 0xffffffff, max_idle_ns: 19112604467 ns
[STDERR  ] 2017-07-26T15:26:41.044861369Z: [    0.000000] tsc: Fast TSC calibration using PIT
[STDOUT  ] 2017-07-26T15:26:41.044858123Z: [    4.688672] Ebtables v2.0 registered
[STDOUT  ] 2017-07-26T15:26:41.044869462Z: [    4.690948] 8021q: 802.1Q VLAN Support v1.8
[STDERR  ] 2017-07-26T15:26:41.044872896Z: [    0.000000] tsc: Detected 2300.092 MHz processor
[STDERR  ] 2017-07-26T15:26:41.04488428Z: [    0.021312] Calibrating delay loop (skipped), value calculated using timer frequency.. 4600.18 BogoMIPS (lpj=23000920)
[STDOUT  ] 2017-07-26T15:26:41.04488089Z: [    4.692414] 9pnet: Installing 9P2000 support
[STDOUT  ] 2017-07-26T15:26:41.044897759Z: [    4.693768] Key type dns_resolver registered
[STDERR  ] 2017-07-26T15:26:41.04490024Z: [    0.022233] pid_max: default: 32768 minimum: 301
[STDOUT  ] 2017-07-26T15:26:41.044909152Z: [    4.694600] microcode: AMD CPU family 0x6 not supported
[STDERR  ] 2017-07-26T15:26:41.044911619Z: [    0.023068] ACPI: Core revision 20160831
[STDERR  ] 2017-07-26T15:26:41.044923068Z: [    0.072121] ACPI: 1 ACPI AML tables successfully acquired and loaded
[STDOUT  ] 2017-07-26T15:26:41.044920486Z: [    4.698087] registered taskstats version 1
[STDERR  ] 2017-07-26T15:26:41.044935203Z: [    0.075254] Security Framework initialized
[STDOUT  ] 2017-07-26T15:26:41.044938306Z: [    4.854799] Key type big_key registered
[STDOUT  ] 2017-07-26T15:26:41.044950861Z: [    4.905725] ata5: SATA link down (SStatus 0 SControl 300)
[STDERR  ] 2017-07-26T15:26:41.044946869Z: [    0.075653] Yama: becoming mindful.
[STDERR  ] 2017-07-26T15:26:41.044958974Z: [    0.077474] Mount-cache hash table entries: 2048 (order: 2, 16384 bytes)
[STDOUT  ] 2017-07-26T15:26:41.044967638Z: [    4.907623] ata4: SATA link down (SStatus 0 SControl 300)
[STDERR  ] 2017-07-26T15:26:41.044970589Z: [    0.078036] Mountpoint-cache hash table entries: 2048 (order: 2, 16384 bytes)
[STDOUT  ] 2017-07-26T15:26:41.044978833Z: [    4.908325] ata3: SATA link up 1.5 Gbps (SStatus 113 SControl 300)
[STDERR  ] 2017-07-26T15:26:41.044982076Z: [    0.097451] Last level iTLB entries: 4KB 0, 2MB 0, 4MB 0
[STDERR  ] 2017-07-26T15:26:41.044993856Z: [    0.097893] Last level dTLB entries: 4KB 0, 2MB 0, 4MB 0, 1GB 0
[STDOUT  ] 2017-07-26T15:26:41.044989952Z: [    4.910841] ata2: SATA link down (SStatus 0 SControl 300)
[STDOUT  ] 2017-07-26T15:26:41.045001861Z: [    4.911346] ata1: SATA link down (SStatus 0 SControl 300)
[STDERR  ] 2017-07-26T15:26:41.045005313Z: [    0.397540] Freeing SMP alternatives memory: 20K (ffffffffb6eaf000 - ffffffffb6eb4000)
[STDOUT  ] 2017-07-26T15:26:41.045012719Z: [    4.911804] ata6: SATA link down (SStatus 0 SControl 300)
[STDERR  ] 2017-07-26T15:26:41.045016744Z: [    0.406288] ftrace: allocating 35482 entries in 139 pages
[STDOUT  ] 2017-07-26T15:26:41.045023838Z: [    4.913753] ata3.00: ATAPI: QEMU DVD-ROM, 2.5+, max UDMA/100
[STDERR  ] 2017-07-26T15:26:41.045028171Z: [    0.564503] smpboot: Max logical packages: 1
[STDOUT  ] 2017-07-26T15:26:41.045034902Z: [    4.914228] ata3.00: applying bridge limits
[STDERR  ] 2017-07-26T15:26:41.045042091Z: [    0.569765] ..TIMER: vector=0x30 apic1=0 pin1=2 apic2=-1 pin2=-1
[STDOUT  ] 2017-07-26T15:26:41.045046063Z: [    4.915883] ata3.00: configured for UDMA/100
[STDERR  ] 2017-07-26T15:26:41.04505417Z: [    0.670000] smpboot: CPU0: AMD QEMU Virtual CPU version 2.5+ (family: 0x6, model: 0x6, stepping: 0x3)
[STDOUT  ] 2017-07-26T15:26:41.045057236Z: [    4.929157] scsi 2:0:0:0: CD-ROM            QEMU     QEMU DVD-ROM     2.5+ PQ: 0 ANSI: 5
[STDERR  ] 2017-07-26T15:26:41.045068301Z: [    0.670000] Performance Events: PMU not available due to virtualization, using software events only.
[STDOUT  ] 2017-07-26T15:26:41.045074038Z: [    4.933015] Key type encrypted registered
[STDERR  ] 2017-07-26T15:26:41.045080132Z: [    0.676916] NMI watchdog: disabled (cpu0): hardware events not enabled
[STDOUT  ] 2017-07-26T15:26:41.045084846Z: [    4.936799] rtc_cmos 00:00: setting system clock to 2017-07-26 15:26:19 UTC (1501082779)
[STDERR  ] 2017-07-26T15:26:41.045093085Z: [    0.677340] NMI watchdog: Shutting down hard lockup detector on all cpus
[STDOUT  ] 2017-07-26T15:26:41.045096599Z: [    4.963065] sr 2:0:0:0: [sr0] scsi3-mmc drive: 4x/4x cd/rw xa/form2 tray
[STDERR  ] 2017-07-26T15:26:41.045104857Z: [    0.680197] x86: Booted up 1 node, 1 CPUs
[STDOUT  ] 2017-07-26T15:26:41.045108026Z: [    4.963679] cdrom: Uniform CD-ROM driver Revision: 3.20
[STDERR  ] 2017-07-26T15:26:41.045116311Z: [    0.680489] smpboot: Total of 1 processors activated (4600.18 BogoMIPS)
[STDOUT  ] 2017-07-26T15:26:41.045122546Z: [    4.969665] sr 2:0:0:0: Attached scsi generic sg0 type 5
[STDERR  ] 2017-07-26T15:26:41.045130027Z: [    0.694386] devtmpfs: initialized
[STDOUT  ] 2017-07-26T15:26:41.045134113Z: [    5.114349] Freeing unused kernel memory: 1376K (ffffffffb6d57000 - ffffffffb6eaf000)
[STDERR  ] 2017-07-26T15:26:41.045141738Z: [    0.699078] x86/mm: Memory block size: 128MB
[STDOUT  ] 2017-07-26T15:26:41.045146037Z: [    5.114926] Write protecting the kernel read-only data: 12288k
[STDERR  ] 2017-07-26T15:26:41.045152918Z: [    0.761460] clocksource: jiffies: mask: 0xffffffff max_cycles: 0xffffffff, max_idle_ns: 19112604462750000 ns
[STDOUT  ] 2017-07-26T15:26:41.045157193Z: [    5.121145] Freeing unused kernel memory: 152K (ffff8aeb037da000 - ffff8aeb03800000)
[STDERR  ] 2017-07-26T15:26:41.04516495Z: [    0.762099] futex hash table entries: 256 (order: 2, 16384 bytes)
[STDOUT  ] 2017-07-26T15:26:41.045168713Z: [    5.243151] Freeing unused kernel memory: 1400K (ffff8aeb03aa2000 - ffff8aeb03c00000)
[STDERR  ] 2017-07-26T15:26:41.045176394Z: [    0.770505] NET: Registered protocol family 16
[STDOUT  ] 2017-07-26T15:26:41.045179852Z: [    5.280920] tsc: Refined TSC clocksource calibration: 2300.038 MHz
[STDERR  ] 2017-07-26T15:26:41.045187826Z: [    0.779611] cpuidle: using governor ladder
[STDOUT  ] 2017-07-26T15:26:41.045191113Z: [    5.281487] clocksource: tsc: mask: 0xffffffffffffffff max_cycles: 0x212759179c6, max_idle_ns: 440795240051 ns
[STDERR  ] 2017-07-26T15:26:41.045199023Z: [    0.780161] cpuidle: using governor menu
[STDOUT  ] 2017-07-26T15:26:41.045205753Z: [    6.298784] clocksource: Switched to clocksource tsc
[STDERR  ] 2017-07-26T15:26:41.045209946Z: [    0.781192] ACPI: bus type PCI registered
[STDOUT  ] 2017-07-26T15:26:41.045216864Z: 
[STDERR  ] 2017-07-26T15:26:41.045225814Z: [    0.783835] PCI: MMCONFIG for domain 0000 [bus 00-ff] at [mem 0xb0000000-0xbfffffff] (base 0xb0000000)
[STDOUT  ] 2017-07-26T15:26:41.045228202Z: Welcome to LinuxKit
[STDOUT  ] 2017-07-26T15:26:41.045239694Z: 
[STDERR  ] 2017-07-26T15:26:41.045238131Z: [    0.784413] PCI: MMCONFIG at [mem 0xb0000000-0xbfffffff] reserved in E820
[STDOUT  ] 2017-07-26T15:26:41.045251249Z:                         ##         .
[STDERR  ] 2017-07-26T15:26:41.045254255Z: [    0.785560] PCI: Using configuration type 1 for base access
[STDOUT  ] 2017-07-26T15:26:41.045262964Z:                   ## ## ##        ==
[STDERR  ] 2017-07-26T15:26:41.045265675Z: [    0.840635] HugeTLB registered 2 MB page size, pre-allocated 0 pages
[STDOUT  ] 2017-07-26T15:26:41.04527461Z:                ## ## ## ## ##    ===
[STDERR  ] 2017-07-26T15:26:41.045278392Z: [    0.852747] ACPI: Added _OSI(Module Device)
[STDOUT  ] 2017-07-26T15:26:41.045285932Z:            /"""""""""""""""""\___/ ===
[STDERR  ] 2017-07-26T15:26:41.04528969Z: [    0.853042] ACPI: Added _OSI(Processor Device)
[STDOUT  ] 2017-07-26T15:26:41.045297361Z:           {                       /  ===-
[STDERR  ] 2017-07-26T15:26:41.045301048Z: [    0.853305] ACPI: Added _OSI(3.0 _SCP Extensions)
[STDOUT  ] 2017-07-26T15:26:41.045308774Z:            \______ O           __/
[STDERR  ] 2017-07-26T15:26:41.045315786Z: [    0.853582] ACPI: Added _OSI(Processor Aggregator Device)
[STDOUT  ] 2017-07-26T15:26:41.045320097Z:              \    \         __/
[STDERR  ] 2017-07-26T15:26:41.045328132Z: [    0.931570] ACPI: Interpreter enabled
[STDOUT  ] 2017-07-26T15:26:41.045331491Z:               \____\_______/
[STDERR  ] 2017-07-26T15:26:41.045339147Z: [    0.932313] ACPI: (supports S0 S5)
[STDOUT  ] 2017-07-26T15:26:41.045344145Z: 
[STDERR  ] 2017-07-26T15:26:41.045351045Z: [    0.932577] ACPI: Using IOAPIC for interrupt routing
[STDOUT  ] 2017-07-26T15:26:41.045355798Z:  - 000-sysctl
[STDERR  ] 2017-07-26T15:26:41.0453625Z: [    0.934271] PCI: Using host bridge windows from ACPI; if necessary, use "pci=nocrs" and report a bug
[STDOUT  ] 2017-07-26T15:26:41.045366889Z: sysctl test suite PASSED
[STDERR  ] 2017-07-26T15:26:41.045374982Z: [    0.999002] ACPI: PCI Root Bridge [PCI0] (domain 0000 [bus 00-ff])
[STDOUT  ] 2017-07-26T15:26:41.045382578Z:  - 001-test
[STDERR  ] 2017-07-26T15:26:41.045386603Z: [    0.999908] acpi PNP0A08:00: _OSC: OS supports [ExtendedConfig ASPM ClockPM Segments MSI]
[STDOUT  ] 2017-07-26T15:26:41.045393607Z: [   26.102167] ACPI: Preparing to enter system sleep state S5
[STDERR  ] 2017-07-26T15:26:41.045400289Z: [    1.005543] acpi PNP0A08:00: _OSC: OS now controls [PCIeHotplug PME PCIeCapability]
[STDOUT  ] 2017-07-26T15:26:41.045404666Z: [   26.103338] reboot: Power down
[STDERR  ] 2017-07-26T15:26:41.045412137Z: [    1.009023] PCI host bridge to bus 0000:00
[STDERR  ] 2017-07-26T15:26:41.045428389Z: [    1.009404] pci_bus 0000:00: root bus resource [io  0x0000-0x0cf7 window]
[STDERR  ] 2017-07-26T15:26:41.045440328Z: [    1.010081] pci_bus 0000:00: root bus resource [io  0x0d00-0xffff window]
[STDERR  ] 2017-07-26T15:26:41.045450533Z: [    1.010479] pci_bus 0000:00: root bus resource [mem 0x000a0000-0x000bffff window]
[STDERR  ] 2017-07-26T15:26:41.045461751Z: [    1.010896] pci_bus 0000:00: root bus resource [mem 0xc0000000-0xfebfffff window]
[STDERR  ] 2017-07-26T15:26:41.045472438Z: [    1.011445] pci_bus 0000:00: root bus resource [bus 00-ff]
[STDERR  ] 2017-07-26T15:26:41.045483464Z: [    1.114231] pci 0000:00:1f.0: quirk: [io  0x0600-0x067f] claimed by ICH6 ACPI/GPIO/TCO
[STDERR  ] 2017-07-26T15:26:41.045495093Z: [    1.175206] ACPI: PCI Interrupt Link [LNKA] (IRQs 5 *10 11)
[STDERR  ] 2017-07-26T15:26:41.045506263Z: [    1.177267] ACPI: PCI Interrupt Link [LNKB] (IRQs 5 *10 11)
[STDERR  ] 2017-07-26T15:26:41.045517824Z: [    1.179722] ACPI: PCI Interrupt Link [LNKC] (IRQs 5 10 *11)
[STDERR  ] 2017-07-26T15:26:41.045529203Z: [    1.180000] ACPI: PCI Interrupt Link [LNKD] (IRQs 5 10 *11)
[STDERR  ] 2017-07-26T15:26:41.045542339Z: [    1.180000] ACPI: PCI Interrupt Link [LNKE] (IRQs 5 *10 11)
[STDERR  ] 2017-07-26T15:26:41.045553542Z: [    1.180000] ACPI: PCI Interrupt Link [LNKF] (IRQs 5 *10 11)
[STDERR  ] 2017-07-26T15:26:41.0455652Z: [    1.180000] ACPI: PCI Interrupt Link [LNKG] (IRQs 5 10 *11)
[STDERR  ] 2017-07-26T15:26:41.0455772Z: [    1.182094] ACPI: PCI Interrupt Link [LNKH] (IRQs 5 10 *11)
[STDERR  ] 2017-07-26T15:26:41.045595693Z: [    1.183064] ACPI: PCI Interrupt Link [GSIA] (IRQs *16)
[STDERR  ] 2017-07-26T15:26:41.04562845Z: [    1.183734] ACPI: PCI Interrupt Link [GSIB] (IRQs *17)
[STDERR  ] 2017-07-26T15:26:41.045643812Z: [    1.184406] ACPI: PCI Interrupt Link [GSIC] (IRQs *18)
[STDERR  ] 2017-07-26T15:26:41.045654204Z: [    1.185068] ACPI: PCI Interrupt Link [GSID] (IRQs *19)
[STDERR  ] 2017-07-26T15:26:41.045664342Z: [    1.185818] ACPI: PCI Interrupt Link [GSIE] (IRQs *20)
[STDERR  ] 2017-07-26T15:26:41.045675258Z: [    1.186490] ACPI: PCI Interrupt Link [GSIF] (IRQs *21)
[STDERR  ] 2017-07-26T15:26:41.045686269Z: [    1.187161] ACPI: PCI Interrupt Link [GSIG] (IRQs *22)
[STDERR  ] 2017-07-26T15:26:41.045697286Z: [    1.187823] ACPI: PCI Interrupt Link [GSIH] (IRQs *23)
[STDERR  ] 2017-07-26T15:26:41.045708283Z: [    1.192932] ACPI: Enabled 2 GPEs in block 00 to 3F
[STDERR  ] 2017-07-26T15:26:41.04572792Z: [    1.197151] SCSI subsystem initialized
[STDERR  ] 2017-07-26T15:26:41.045739797Z: [    1.198895] ACPI: bus type USB registered
[STDERR  ] 2017-07-26T15:26:41.04575033Z: [    1.200083] usbcore: registered new interface driver usbfs
[STDERR  ] 2017-07-26T15:26:41.045761194Z: [    1.200944] usbcore: registered new interface driver hub
[STDERR  ] 2017-07-26T15:26:41.045772153Z: [    1.201678] usbcore: registered new device driver usb
[STDERR  ] 2017-07-26T15:26:41.045783256Z: [    1.202729] pps_core: LinuxPPS API ver. 1 registered
[STDERR  ] 2017-07-26T15:26:41.045794918Z: [    1.203036] pps_core: Software ver. 5.3.6 - Copyright 2005-2007 Rodolfo Giometti <giometti@linux.it>
[STDERR  ] 2017-07-26T15:26:41.045808869Z: [    1.203664] PTP clock support registered
[STDERR  ] 2017-07-26T15:26:41.045823776Z: [    1.204762] wmi: Mapper loaded
[STDERR  ] 2017-07-26T15:26:41.045840713Z: [    1.205744] PCI: Using ACPI for IRQ routing
[STDERR  ] 2017-07-26T15:26:41.045852509Z: [    1.224528] NetLabel: Initializing
[STDERR  ] 2017-07-26T15:26:41.045863593Z: [    1.224761] NetLabel:  domain hash size = 128
[STDERR  ] 2017-07-26T15:26:41.045880787Z: [    1.225023] NetLabel:  protocols = UNLABELED CIPSOv4
[STDERR  ] 2017-07-26T15:26:41.045892672Z: [    1.226806] NetLabel:  unlabeled traffic allowed by default
[STDERR  ] 2017-07-26T15:26:41.045904185Z: [    1.227678] HPET: 3 timers in total, 0 timers will be used for per-cpu timer
[STDERR  ] 2017-07-26T15:26:41.045915389Z: [    1.228353] hpet0: at MMIO 0xfed00000, IRQs 2, 8, 0
[STDERR  ] 2017-07-26T15:26:41.045926943Z: [    1.228800] hpet0: 3 comparators, 64-bit 100.000000 MHz counter
[STDERR  ] 2017-07-26T15:26:41.045938041Z: [    1.234556] clocksource: Switched to clocksource hpet
[STDERR  ] 2017-07-26T15:26:41.045956939Z: [    1.502313] VFS: Disk quotas dquot_6.6.0
[STDERR  ] 2017-07-26T15:26:41.045970428Z: [    1.502921] VFS: Dquot-cache hash table entries: 512 (order 0, 4096 bytes)
[STDERR  ] 2017-07-26T15:26:41.045981846Z: [    1.505431] FS-Cache: Loaded
[STDERR  ] 2017-07-26T15:26:41.045995856Z: [    1.510312] CacheFiles: Loaded
[STDERR  ] 2017-07-26T15:26:41.046007662Z: [    1.511933] pnp: PnP ACPI init
[STDERR  ] 2017-07-26T15:26:41.046020191Z: [    1.523827] pnp: PnP ACPI: found 5 devices
[STDERR  ] 2017-07-26T15:26:41.046031554Z: [    1.572739] clocksource: acpi_pm: mask: 0xffffff max_cycles: 0xffffff, max_idle_ns: 2085701024 ns
[STDERR  ] 2017-07-26T15:26:41.046043826Z: [    1.575444] NET: Registered protocol family 2
[STDERR  ] 2017-07-26T15:26:41.046055227Z: [    1.582675] TCP established hash table entries: 8192 (order: 4, 65536 bytes)
[STDERR  ] 2017-07-26T15:26:41.046066952Z: [    1.583354] TCP bind hash table entries: 8192 (order: 5, 131072 bytes)
[STDERR  ] 2017-07-26T15:26:41.046078418Z: [    1.584005] TCP: Hash tables configured (established 8192 bind 8192)
[STDERR  ] 2017-07-26T15:26:41.046089777Z: [    1.585842] UDP hash table entries: 512 (order: 2, 16384 bytes)
[STDERR  ] 2017-07-26T15:26:41.04610118Z: [    1.586326] UDP-Lite hash table entries: 512 (order: 2, 16384 bytes)
[STDERR  ] 2017-07-26T15:26:41.046112307Z: [    1.588522] NET: Registered protocol family 1
[STDERR  ] 2017-07-26T15:26:41.046123834Z: [    1.589645] pci 0000:00:01.0: Video device with shadowed ROM at [mem 0x000c0000-0x000dffff]
[STDERR  ] 2017-07-26T15:26:41.046136615Z: [    1.596770] Unpacking initramfs...
[STDERR  ] 2017-07-26T15:26:41.046148092Z: [    4.222895] Freeing initrd memory: 18764K (ffff8aeb3ed7d000 - ffff8aeb3ffd0000)
[STDERR  ] 2017-07-26T15:26:41.046159553Z: [    4.245947] PCLMULQDQ-NI instructions are not detected.
[STDERR  ] 2017-07-26T15:26:41.046170903Z: [    4.247019] AVX or AES-NI instructions are not detected.
[STDERR  ] 2017-07-26T15:26:41.046182326Z: [    4.247450] CPU feature 'AVX registers' is not supported.
[STDERR  ] 2017-07-26T15:26:41.046193749Z: [    4.247844] CPU feature 'AVX registers' is not supported.
[STDERR  ] 2017-07-26T15:26:41.046205135Z: [    4.248235] CPU feature 'AVX registers' is not supported.
[STDERR  ] 2017-07-26T15:26:41.046222269Z: [    4.248623] CPU feature 'AVX registers' is not supported.
[STDERR  ] 2017-07-26T15:26:41.046233612Z: [    4.249005] AVX2 or AES-NI instructions are not detected.
[STDERR  ] 2017-07-26T15:26:41.046245182Z: [    4.249387] AVX2 instructions are not detected.
[STDERR  ] 2017-07-26T15:26:41.046256428Z: [    4.255032] audit: initializing netlink subsys (disabled)
[STDERR  ] 2017-07-26T15:26:41.046268145Z: [    4.256541] audit: type=2000 audit(1501082778.250:1): initialized
[STDERR  ] 2017-07-26T15:26:41.046279581Z: [    4.264463] workingset: timestamp_bits=46 max_order=18 bucket_order=0
[STDERR  ] 2017-07-26T15:26:41.046291731Z: [    4.273215] FS-Cache: Netfs 'cifs' registered for caching
[STDERR  ] 2017-07-26T15:26:41.046303365Z: [    4.274125] fuse init (API version 7.26)
[STDERR  ] 2017-07-26T15:26:41.046314816Z: [    4.276193] SGI XFS with ACLs, security attributes, no debug enabled
[STDERR  ] 2017-07-26T15:26:41.046330067Z: [    4.279764] 9p: Installing v9fs 9p2000 file system support
[STDERR  ] 2017-07-26T15:26:41.04634168Z: [    4.280847] FS-Cache: Netfs '9p' registered for caching
[STDERR  ] 2017-07-26T15:26:41.046355429Z: [    4.313469] NET: Registered protocol family 38
[STDERR  ] 2017-07-26T15:26:41.046366791Z: [    4.313997] Key type asymmetric registered
[STDERR  ] 2017-07-26T15:26:41.04637829Z: [    4.314332] Asymmetric key parser 'x509' registered
[STDERR  ] 2017-07-26T15:26:41.046389605Z: [    4.315017] Block layer SCSI generic (bsg) driver version 0.4 loaded (major 251)
[STDERR  ] 2017-07-26T15:26:41.046406007Z: [    4.316191] io scheduler noop registered
[STDERR  ] 2017-07-26T15:26:41.046417291Z: [    4.316513] io scheduler deadline registered (default)
[STDERR  ] 2017-07-26T15:26:41.046428769Z: [    4.317070] io scheduler cfq registered
[STDERR  ] 2017-07-26T15:26:41.046439693Z: [    4.319495] pci_hotplug: PCI Hot Plug PCI Core version: 0.5
[STDERR  ] 2017-07-26T15:26:41.046451518Z: [    4.320066] pciehp: PCI Express Hot Plug Controller Driver version: 0.4
[STDERR  ] 2017-07-26T15:26:41.046463426Z: [    4.321960] shpchp: Standard Hot Plug PCI Controller Driver version: 0.4
[STDERR  ] 2017-07-26T15:26:41.046474743Z: [    4.322775] hv_vmbus: registering driver hyperv_fb
[STDERR  ] 2017-07-26T15:26:41.04648612Z: [    4.325797] input: Power Button as /devices/LNXSYSTM:00/LNXPWRBN:00/input/input0
[STDERR  ] 2017-07-26T15:26:41.046502811Z: [    4.326821] ACPI: Power Button [PWRF]
[STDERR  ] 2017-07-26T15:26:41.046514389Z: [    4.332523] GHES: HEST is not enabled!
[STDERR  ] 2017-07-26T15:26:41.04652565Z: [    4.343796] ACPI: PCI Interrupt Link [GSIG] enabled at IRQ 22
[STDERR  ] 2017-07-26T15:26:41.046540967Z: [    4.356266] ACPI: PCI Interrupt Link [GSIH] enabled at IRQ 23
[STDERR  ] 2017-07-26T15:26:41.046552636Z: [    4.360436] xenfs: not registering filesystem on non-xen platform
[STDERR  ] 2017-07-26T15:26:41.046564131Z: [    4.362305] Serial: 8250/16550 driver, 4 ports, IRQ sharing disabled
[STDERR  ] 2017-07-26T15:26:41.046581602Z: [    4.388332] 00:04: ttyS0 at I/O 0x3f8 (irq = 4, base_baud = 115200) is a 16550A
[STDERR  ] 2017-07-26T15:26:41.046593572Z: [    4.403440] Non-volatile memory driver v1.3
[STDERR  ] 2017-07-26T15:26:41.046604638Z: [    4.409235] Hangcheck: starting hangcheck timer 0.9.1 (tick is 180 seconds, margin is 60 seconds).
[STDERR  ] 2017-07-26T15:26:41.046618003Z: [    4.414505] random: fast init done
[STDERR  ] 2017-07-26T15:26:41.046629744Z: [    4.415693] random: crng init done
[STDERR  ] 2017-07-26T15:26:41.046641093Z: [    4.450877] loop: module loaded
[STDERR  ] 2017-07-26T15:26:41.046656135Z: [    4.465138] nbd: registered device at major 43
[STDERR  ] 2017-07-26T15:26:41.046667966Z: [    4.507852] lpc_ich 0000:00:1f.0: I/O space for GPIO uninitialized
[STDERR  ] 2017-07-26T15:26:41.04667943Z: [    4.509493] VMware PVSCSI driver - version 1.0.7.0-k
[STDERR  ] 2017-07-26T15:26:41.046690821Z: [    4.510399] hv_vmbus: registering driver hv_storvsc
[STDERR  ] 2017-07-26T15:26:41.046702147Z: [    4.520716] ACPI: PCI Interrupt Link [GSIA] enabled at IRQ 16
[STDERR  ] 2017-07-26T15:26:41.046718419Z: [    4.526859] ahci 0000:00:1f.2: AHCI 0001.0000 32 slots 6 ports 1.5 Gbps 0x3f impl SATA mode
[STDERR  ] 2017-07-26T15:26:41.046730753Z: [    4.527522] ahci 0000:00:1f.2: flags: 64bit ncq only 
[STDERR  ] 2017-07-26T15:26:41.046742331Z: [    4.548176] scsi host0: ahci
[STDERR  ] 2017-07-26T15:26:41.046754159Z: [    4.552154] scsi host1: ahci
[STDERR  ] 2017-07-26T15:26:41.04676764Z: [    4.554329] scsi host2: ahci
[STDERR  ] 2017-07-26T15:26:41.046779766Z: [    4.556633] scsi host3: ahci
[STDERR  ] 2017-07-26T15:26:41.046791897Z: [    4.558893] scsi host4: ahci
[STDERR  ] 2017-07-26T15:26:41.046803384Z: [    4.561206] scsi host5: ahci
[STDERR  ] 2017-07-26T15:26:41.046815645Z: [    4.563011] ata1: SATA max UDMA/133 abar m4096@0xfebd2000 port 0xfebd2100 irq 24
[STDERR  ] 2017-07-26T15:26:41.046827277Z: [    4.563549] ata2: SATA max UDMA/133 abar m4096@0xfebd2000 port 0xfebd2180 irq 24
[STDERR  ] 2017-07-26T15:26:41.046842875Z: [    4.564031] ata3: SATA max UDMA/133 abar m4096@0xfebd2000 port 0xfebd2200 irq 24
[STDERR  ] 2017-07-26T15:26:41.046854242Z: [    4.564504] ata4: SATA max UDMA/133 abar m4096@0xfebd2000 port 0xfebd2280 irq 24
[STDERR  ] 2017-07-26T15:26:41.04686552Z: [    4.564978] ata5: SATA max UDMA/133 abar m4096@0xfebd2000 port 0xfebd2300 irq 24
[STDERR  ] 2017-07-26T15:26:41.046876908Z: [    4.565449] ata6: SATA max UDMA/133 abar m4096@0xfebd2000 port 0xfebd2380 irq 24
[STDERR  ] 2017-07-26T15:26:41.046887724Z: [    4.578547] tun: Universal TUN/TAP device driver, 1.6
[STDERR  ] 2017-07-26T15:26:41.046899062Z: [    4.579096] tun: (C) 1999-2004 Max Krasnyansky <maxk@qualcomm.com>
[STDERR  ] 2017-07-26T15:26:41.046909509Z: [    4.589816] VMware vmxnet3 virtual NIC driver - version 1.4.a.0-k-NAPI
[STDERR  ] 2017-07-26T15:26:41.046920141Z: [    4.591068] hv_vmbus: registering driver hv_netvsc
[STDERR  ] 2017-07-26T15:26:41.046930663Z: [    4.591477] Fusion MPT base driver 3.04.20
[STDERR  ] 2017-07-26T15:26:41.046942187Z: [    4.591760] Copyright (c) 1999-2008 LSI Corporation
[STDERR  ] 2017-07-26T15:26:41.046953854Z: [    4.592289] Fusion MPT SPI Host driver 3.04.20
[STDERR  ] 2017-07-26T15:26:41.046964495Z: [    4.594251] i8042: PNP: PS/2 Controller [PNP0303:KBD,PNP0f13:MOU] at 0x60,0x64 irq 1,12
[STDERR  ] 2017-07-26T15:26:41.046976065Z: [    4.598228] serio: i8042 KBD port at 0x60,0x64 irq 1
[STDERR  ] 2017-07-26T15:26:41.046986306Z: [    4.598803] serio: i8042 AUX port at 0x60,0x64 irq 12
