[INFO    ] 2017-12-08T17:18:06.937140829Z: Running Test linuxkit.packages.extend.btrfs in /tmp/build/test/cases/040_packages/005_extend/001_btrfs
[INFO    ] 2017-12-08T17:18:06.937226692Z: Running command: [/bin/sh -x /tmp/build/test/cases/040_packages/005_extend/001_btrfs/test.sh]
[STDERR  ] 2017-12-08T17:18:06.992593374Z: + set -ex
[STDERR  ] 2017-12-08T17:18:06.99265999Z: + . /tmp/build/test/cases/_lib/lib.sh
[STDERR  ] 2017-12-08T17:18:06.992669519Z: + [ -f src/github.com/linuxkit/rtf/lib/lib.sh ]
[STDERR  ] 2017-12-08T17:18:06.992676508Z: + LINUXKIT_TMPDIR=/tmp/build/test/cases/_tmp
[STDERR  ] 2017-12-08T17:18:06.992683041Z: + [ -f /tmp/build/test/cases/_tmp/env.sh ]
[STDERR  ] 2017-12-08T17:18:06.992688785Z: + . /tmp/build/test/cases/_tmp/env.sh
[STDERR  ] 2017-12-08T17:18:06.992694509Z: + export LINUXKIT_EXAMPLES_DIR=/tmp/build/test/cases/../../examples
[STDERR  ] 2017-12-08T17:18:06.99270186Z: + export LINUXKIT_BLUEPRINTS_DIR=/tmp/build/test/cases/../../blueprints
[STDERR  ] 2017-12-08T17:18:06.992709417Z: + RT_CANCEL=253
[STDERR  ] 2017-12-08T17:18:06.992715281Z: + NAME_CREATE=extend-btrfs
[STDERR  ] 2017-12-08T17:18:06.992721207Z: + NAME_EXTEND=extend-btrfs
[STDERR  ] 2017-12-08T17:18:06.992727403Z: + DISK=disk.img
[STDERR  ] 2017-12-08T17:18:06.992734394Z: + trap clean_up EXIT
[STDERR  ] 2017-12-08T17:18:06.992740089Z: + linuxkit build -name extend-btrfs -format kernel+initrd test-create.yml
[STDERR  ] 2017-12-08T17:18:07.02209649Z: Extract kernel image: linuxkit/kernel:4.9.67
[STDERR  ] 2017-12-08T17:18:08.163551012Z: time="2017-12-08T17:18:08Z" level=warning msg="certificate with CN Justin Cormack is near expiry" 
[STDERR  ] 2017-12-08T17:18:08.16360401Z: time="2017-12-08T17:18:08Z" level=warning msg="certificate with CN  is near expiry" 
[STDERR  ] 2017-12-08T17:18:08.163742287Z: time="2017-12-08T17:18:08Z" level=warning msg="certificate with CN  is near expiry" 
[STDERR  ] 2017-12-08T17:18:08.202191381Z: time="2017-12-08T17:18:08Z" level=warning msg="certificate with CN Justin Cormack is near expiry" 
[STDERR  ] 2017-12-08T17:18:08.758001649Z: Add init containers:
[STDERR  ] 2017-12-08T17:18:08.758062793Z: Process init image: linuxkit/init:9250948d0de494df8a811edb3242b4584057cfe4
[STDERR  ] 2017-12-08T17:18:09.786733389Z: time="2017-12-08T17:18:09Z" level=warning msg="certificate with CN Justin Cormack is near expiry" 
[STDERR  ] 2017-12-08T17:18:09.78687756Z: time="2017-12-08T17:18:09Z" level=warning msg="certificate with CN  is near expiry" 
[STDERR  ] 2017-12-08T17:18:09.786937588Z: time="2017-12-08T17:18:09Z" level=warning msg="certificate with CN  is near expiry" 
[STDERR  ] 2017-12-08T17:18:09.790384753Z: time="2017-12-08T17:18:09Z" level=warning msg="certificate with CN Justin Cormack is near expiry" 
[STDERR  ] 2017-12-08T17:18:09.791793307Z: time="2017-12-08T17:18:09Z" level=warning msg="certificate with CN  is near expiry" 
[STDERR  ] 2017-12-08T17:18:10.041683899Z: Process init image: linuxkit/runc:abc3f292653e64a2fd488e9675ace19a55ec7023
[STDERR  ] 2017-12-08T17:18:11.07594348Z: time="2017-12-08T17:18:11Z" level=warning msg="certificate with CN  is near expiry" 
[STDERR  ] 2017-12-08T17:18:11.076121447Z: time="2017-12-08T17:18:11Z" level=warning msg="certificate with CN Justin Cormack is near expiry" 
[STDERR  ] 2017-12-08T17:18:11.076225377Z: time="2017-12-08T17:18:11Z" level=warning msg="certificate with CN  is near expiry" 
[STDERR  ] 2017-12-08T17:18:11.078140495Z: time="2017-12-08T17:18:11Z" level=warning msg="certificate with CN Justin Cormack is near expiry" 
[STDERR  ] 2017-12-08T17:18:11.079390712Z: time="2017-12-08T17:18:11Z" level=warning msg="certificate with CN  is near expiry" 
[STDERR  ] 2017-12-08T17:18:11.244025208Z: Add onboot containers:
[STDERR  ] 2017-12-08T17:18:11.244089104Z:   Create OCI config for linuxkit/modprobe:1a192d168adadec47afa860e3fc874fbc2a823ff
[STDERR  ] 2017-12-08T17:18:12.701661781Z: time="2017-12-08T17:18:12Z" level=warning msg="certificate with CN Justin Cormack is near expiry" 
[STDERR  ] 2017-12-08T17:18:12.701760467Z: time="2017-12-08T17:18:12Z" level=warning msg="certificate with CN Rolf Neugebauer is near expiry" 
[STDERR  ] 2017-12-08T17:18:12.701906916Z: time="2017-12-08T17:18:12Z" level=warning msg="certificate with CN  is near expiry" 
[STDERR  ] 2017-12-08T17:18:12.701963915Z: time="2017-12-08T17:18:12Z" level=warning msg="certificate with CN Moby CI is near expiry" 
[STDERR  ] 2017-12-08T17:18:12.702003916Z: time="2017-12-08T17:18:12Z" level=warning msg="certificate with CN  is near expiry" 
[STDERR  ] 2017-12-08T17:18:12.788932615Z: time="2017-12-08T17:18:12Z" level=warning msg="certificate with CN  is near expiry" 
[STDERR  ] 2017-12-08T17:18:12.875448725Z: time="2017-12-08T17:18:12Z" level=warning msg="certificate with CN Rolf Neugebauer is near expiry" 
[STDERR  ] 2017-12-08T17:18:12.894043192Z: Pull image: docker.io/linuxkit/modprobe:1a192d168adadec47afa860e3fc874fbc2a823ff@sha256:75f322bfcb559be9f8a70fa437f0e641772d0c01f27c67827d4d027248946ae3
[STDERR  ] 2017-12-08T17:18:16.916129992Z:   Create OCI config for linuxkit/format:e945016ec780a788a71dcddc81497d54d3b14bc7
[STDERR  ] 2017-12-08T17:18:17.943291117Z: time="2017-12-08T17:18:17Z" level=warning msg="certificate with CN Justin Cormack is near expiry" 
[STDERR  ] 2017-12-08T17:18:17.943473633Z: time="2017-12-08T17:18:17Z" level=warning msg="certificate with CN Rolf Neugebauer is near expiry" 
[STDERR  ] 2017-12-08T17:18:17.943524031Z: time="2017-12-08T17:18:17Z" level=warning msg="certificate with CN  is near expiry" 
[STDERR  ] 2017-12-08T17:18:17.943596785Z: time="2017-12-08T17:18:17Z" level=warning msg="certificate with CN  is near expiry" 
[STDERR  ] 2017-12-08T17:18:17.945718228Z: time="2017-12-08T17:18:17Z" level=warning msg="certificate with CN Justin Cormack is near expiry" 
[STDERR  ] 2017-12-08T17:18:17.947143813Z: time="2017-12-08T17:18:17Z" level=warning msg="certificate with CN Rolf Neugebauer is near expiry" 
[STDERR  ] 2017-12-08T17:18:17.948277947Z: time="2017-12-08T17:18:17Z" level=warning msg="certificate with CN  is near expiry" 
[STDERR  ] 2017-12-08T17:18:18.26394498Z:   Create OCI config for linuxkit/mount:b346ec277b7074e5c9986128a879c10a1d18742b
[STDERR  ] 2017-12-08T17:18:19.287412956Z: time="2017-12-08T17:18:19Z" level=warning msg="certificate with CN Rolf Neugebauer is near expiry" 
[STDERR  ] 2017-12-08T17:18:19.287462709Z: time="2017-12-08T17:18:19Z" level=warning msg="certificate with CN  is near expiry" 
[STDERR  ] 2017-12-08T17:18:19.287471973Z: time="2017-12-08T17:18:19Z" level=warning msg="certificate with CN  is near expiry" 
[STDERR  ] 2017-12-08T17:18:19.287636316Z: time="2017-12-08T17:18:19Z" level=warning msg="certificate with CN Justin Cormack is near expiry" 
[STDERR  ] 2017-12-08T17:18:19.288964427Z: time="2017-12-08T17:18:19Z" level=warning msg="certificate with CN Justin Cormack is near expiry" 
[STDERR  ] 2017-12-08T17:18:19.289951703Z: time="2017-12-08T17:18:19Z" level=warning msg="certificate with CN Rolf Neugebauer is near expiry" 
[STDERR  ] 2017-12-08T17:18:19.290738438Z: time="2017-12-08T17:18:19Z" level=warning msg="certificate with CN  is near expiry" 
[STDERR  ] 2017-12-08T17:18:19.583865494Z:   Create OCI config for alpine:3.6
[STDERR  ] 2017-12-08T17:18:20.795135447Z:   Create OCI config for linuxkit/poweroff:bccfe1cb04fc7bb9f03613d2314f38abd2620f29
[STDERR  ] 2017-12-08T17:18:21.832495031Z: time="2017-12-08T17:18:21Z" level=warning msg="certificate with CN  is near expiry" 
[STDERR  ] 2017-12-08T17:18:21.832632144Z: time="2017-12-08T17:18:21Z" level=warning msg="certificate with CN Justin Cormack is near expiry" 
[STDERR  ] 2017-12-08T17:18:21.832756487Z: time="2017-12-08T17:18:21Z" level=warning msg="certificate with CN Rolf Neugebauer is near expiry" 
[STDERR  ] 2017-12-08T17:18:21.832800128Z: time="2017-12-08T17:18:21Z" level=warning msg="certificate with CN  is near expiry" 
[STDERR  ] 2017-12-08T17:18:21.834253833Z: time="2017-12-08T17:18:21Z" level=warning msg="certificate with CN Rolf Neugebauer is near expiry" 
[STDERR  ] 2017-12-08T17:18:21.834806436Z: time="2017-12-08T17:18:21Z" level=warning msg="certificate with CN  is near expiry" 
[STDERR  ] 2017-12-08T17:18:22.000373329Z: Create outputs:
[STDERR  ] 2017-12-08T17:18:27.489200547Z:   extend-btrfs-kernel extend-btrfs-initrd.img extend-btrfs-cmdline
[STDERR  ] 2017-12-08T17:18:27.567240638Z: + linuxkit run -disk file=disk.img,format=raw,size=256M extend-btrfs
[STDERR  ] 2017-12-08T17:18:27.591200609Z: Unable to find qemu-system-x86_64 within the $PATH. Using a container
[STDOUT  ] 2017-12-08T17:18:29.927049253Z: [    0.000000] Linux version 4.9.67-linuxkit (root@6ef2a1d2f11b) (gcc version 6.3.0 (Alpine 6.3.0) ) #1 SMP Wed Dec 6 10:34:24 UTC 2017
[STDOUT  ] 2017-12-08T17:18:29.927350461Z: [    0.000000] Command line: console=ttyS0
[STDOUT  ] 2017-12-08T17:18:29.927378692Z: [    0.000000] x86/fpu: Legacy x87 FPU detected.
[STDOUT  ] 2017-12-08T17:18:29.9274024Z: [    0.000000] x86/fpu: Using 'eager' FPU context switches.
[STDOUT  ] 2017-12-08T17:18:29.927533329Z: [    0.000000] e820: BIOS-provided physical RAM map:
[STDOUT  ] 2017-12-08T17:18:29.927680335Z: [    0.000000] BIOS-e820: [mem 0x0000000000000000-0x000000000009fbff] usable
[STDOUT  ] 2017-12-08T17:18:29.927846524Z: [    0.000000] BIOS-e820: [mem 0x000000000009fc00-0x000000000009ffff] reserved
[STDOUT  ] 2017-12-08T17:18:29.928021868Z: [    0.000000] BIOS-e820: [mem 0x00000000000f0000-0x00000000000fffff] reserved
[STDOUT  ] 2017-12-08T17:18:29.928197443Z: [    0.000000] BIOS-e820: [mem 0x0000000000100000-0x000000003ffdefff] usable
[STDOUT  ] 2017-12-08T17:18:29.92857321Z: [    0.000000] BIOS-e820: [mem 0x000000003ffdf000-0x000000003fffffff] reserved
[STDOUT  ] 2017-12-08T17:18:29.928719175Z: [    0.000000] BIOS-e820: [mem 0x00000000b0000000-0x00000000bfffffff] reserved
[STDOUT  ] 2017-12-08T17:18:29.928732127Z: [    0.000000] BIOS-e820: [mem 0x00000000fed1c000-0x00000000fed1ffff] reserved
[STDOUT  ] 2017-12-08T17:18:29.92886267Z: [    0.000000] BIOS-e820: [mem 0x00000000fffc0000-0x00000000ffffffff] reserved
[STDOUT  ] 2017-12-08T17:18:29.929080037Z: [    0.000000] NX (Execute Disable) protection: active
[STDOUT  ] 2017-12-08T17:18:29.929102754Z: [    0.000000] SMBIOS 2.8 present.
[STDOUT  ] 2017-12-08T17:18:29.929320781Z: [    0.000000] e820: last_pfn = 0x3ffdf max_arch_pfn = 0x400000000
[STDOUT  ] 2017-12-08T17:18:29.929431951Z: [    0.000000] x86/PAT: Configuration [0-7]: WB  WC  UC- UC  WB  WC  UC- WT  
[STDOUT  ] 2017-12-08T17:18:29.929606164Z: [    0.000000] found SMP MP-table at [mem 0x000f6aa0-0x000f6aaf] mapped at [ffff91ef000f6aa0]
[STDOUT  ] 2017-12-08T17:18:29.929843242Z: [    0.000000] RAMDISK: [mem 0x3df48000-0x3ffcffff]
[STDOUT  ] 2017-12-08T17:18:29.92995838Z: [    0.000000] ACPI: Early table checksum verification disabled
[STDOUT  ] 2017-12-08T17:18:29.929980135Z: [    0.000000] ACPI: RSDP 0x00000000000F68B0 000014 (v00 BOCHS )
[STDOUT  ] 2017-12-08T17:18:29.93030173Z: [    0.000000] ACPI: RSDT 0x000000003FFE20A8 000034 (v01 BOCHS  BXPCRSDT 00000001 BXPC 00000001)
[STDOUT  ] 2017-12-08T17:18:29.930463167Z: [    0.000000] ACPI: FACP 0x000000003FFE1EC8 0000F4 (v03 BOCHS  BXPCFACP 00000001 BXPC 00000001)
[STDOUT  ] 2017-12-08T17:18:29.930629674Z: [    0.000000] ACPI: DSDT 0x000000003FFE0040 001E88 (v01 BOCHS  BXPCDSDT 00000001 BXPC 00000001)
[STDOUT  ] 2017-12-08T17:18:29.930796994Z: [    0.000000] ACPI: FACS 0x000000003FFE0000 000040
[STDOUT  ] 2017-12-08T17:18:29.930934601Z: [    0.000000] ACPI: APIC 0x000000003FFE1FBC 000078 (v01 BOCHS  BXPCAPIC 00000001 BXPC 00000001)
[STDOUT  ] 2017-12-08T17:18:29.931110601Z: [    0.000000] ACPI: HPET 0x000000003FFE2034 000038 (v01 BOCHS  BXPCHPET 00000001 BXPC 00000001)
[STDOUT  ] 2017-12-08T17:18:29.931240695Z: [    0.000000] ACPI: MCFG 0x000000003FFE206C 00003C (v01 BOCHS  BXPCMCFG 00000001 BXPC 00000001)
[STDOUT  ] 2017-12-08T17:18:29.931408437Z: [    0.000000] Zone ranges:
[STDOUT  ] 2017-12-08T17:18:29.931433328Z: [    0.000000]   DMA      [mem 0x0000000000001000-0x0000000000ffffff]
[STDOUT  ] 2017-12-08T17:18:29.931549648Z: [    0.000000]   DMA32    [mem 0x0000000001000000-0x000000003ffdefff]
[STDOUT  ] 2017-12-08T17:18:29.931682628Z: [    0.000000]   Normal   empty
[STDOUT  ] 2017-12-08T17:18:29.931808511Z: [    0.000000] Movable zone start for each node
[STDOUT  ] 2017-12-08T17:18:29.931826738Z: [    0.000000] Early memory node ranges
[STDOUT  ] 2017-12-08T17:18:29.932013476Z: [    0.000000]   node   0: [mem 0x0000000000001000-0x000000000009efff]
[STDOUT  ] 2017-12-08T17:18:29.9321387Z: [    0.000000]   node   0: [mem 0x0000000000100000-0x000000003ffdefff]
[STDOUT  ] 2017-12-08T17:18:29.932305479Z: [    0.000000] Initmem setup node 0 [mem 0x0000000000001000-0x000000003ffdefff]
[STDOUT  ] 2017-12-08T17:18:29.932509808Z: [    0.000000] ACPI: PM-Timer IO Port: 0x608
[STDOUT  ] 2017-12-08T17:18:29.932522978Z: [    0.000000] ACPI: LAPIC_NMI (acpi_id[0xff] dfl dfl lint[0x1])
[STDOUT  ] 2017-12-08T17:18:29.932650575Z: [    0.000000] IOAPIC[0]: apic_id 0, version 32, address 0xfec00000, GSI 0-23
[STDOUT  ] 2017-12-08T17:18:29.932786728Z: [    0.000000] ACPI: INT_SRC_OVR (bus 0 bus_irq 0 global_irq 2 dfl dfl)
[STDOUT  ] 2017-12-08T17:18:29.933062424Z: [    0.000000] ACPI: INT_SRC_OVR (bus 0 bus_irq 5 global_irq 5 high level)
[STDOUT  ] 2017-12-08T17:18:29.933213988Z: [    0.000000] ACPI: INT_SRC_OVR (bus 0 bus_irq 9 global_irq 9 high level)
[STDOUT  ] 2017-12-08T17:18:29.933368974Z: [    0.000000] ACPI: INT_SRC_OVR (bus 0 bus_irq 10 global_irq 10 high level)
[STDOUT  ] 2017-12-08T17:18:29.933572397Z: [    0.000000] ACPI: INT_SRC_OVR (bus 0 bus_irq 11 global_irq 11 high level)
[STDOUT  ] 2017-12-08T17:18:29.933705296Z: [    0.000000] Using ACPI (MADT) for SMP configuration information
[STDOUT  ] 2017-12-08T17:18:29.933718139Z: [    0.000000] ACPI: HPET id: 0x8086a201 base: 0xfed00000
[STDOUT  ] 2017-12-08T17:18:29.933841119Z: [    0.000000] smpboot: Allowing 1 CPUs, 0 hotplug CPUs
[STDOUT  ] 2017-12-08T17:18:29.934021229Z: [    0.000000] e820: [mem 0x40000000-0xafffffff] available for PCI devices
[STDOUT  ] 2017-12-08T17:18:29.934149455Z: [    0.000000] Booting paravirtualized kernel on bare hardware
[STDOUT  ] 2017-12-08T17:18:29.934297712Z: [    0.000000] clocksource: refined-jiffies: mask: 0xffffffff max_cycles: 0xffffffff, max_idle_ns: 19112604462750000 ns
[STDOUT  ] 2017-12-08T17:18:29.934622502Z: [    0.000000] setup_percpu: NR_CPUS:128 nr_cpumask_bits:128 nr_cpu_ids:1 nr_node_ids:1
[STDOUT  ] 2017-12-08T17:18:29.93475441Z: [    0.000000] percpu: Embedded 35 pages/cpu @ffff91ef3dc00000 s105048 r8192 d30120 u2097152
[STDOUT  ] 2017-12-08T17:18:29.93492501Z: [    0.000000] Built 1 zonelists in Zone order, mobility grouping on.  Total pages: 257896
[STDOUT  ] 2017-12-08T17:18:29.935056644Z: [    0.000000] Kernel command line: console=ttyS0
[STDOUT  ] 2017-12-08T17:18:29.935118408Z: [    0.000000] PID hash table entries: 4096 (order: 3, 32768 bytes)
[STDOUT  ] 2017-12-08T17:18:29.935338741Z: [    0.000000] Dentry cache hash table entries: 131072 (order: 8, 1048576 bytes)
[STDOUT  ] 2017-12-08T17:18:29.935488078Z: [    0.000000] Inode-cache hash table entries: 65536 (order: 7, 524288 bytes)
[STDOUT  ] 2017-12-08T17:18:29.935790525Z: [    0.000000] Memory: 980860K/1048052K available (8047K kernel code, 1367K rwdata, 2700K rodata, 1380K init, 568K bss, 67192K reserved, 0K cma-reserved)
[STDOUT  ] 2017-12-08T17:18:29.935805049Z: [    0.000000] Hierarchical RCU implementation.
[STDOUT  ] 2017-12-08T17:18:29.935929313Z: [    0.000000] 	Build-time adjustment of leaf fanout to 64.
[STDOUT  ] 2017-12-08T17:18:29.936130276Z: [    0.000000] 	RCU restricting CPUs from NR_CPUS=128 to nr_cpu_ids=1.
[STDOUT  ] 2017-12-08T17:18:29.936308574Z: [    0.000000] RCU: Adjusting geometry for rcu_fanout_leaf=64, nr_cpu_ids=1
[STDOUT  ] 2017-12-08T17:18:29.936324624Z: [    0.000000] NR_IRQS:8448 nr_irqs:256 16
[STDOUT  ] 2017-12-08T17:18:29.936441525Z: [    0.000000] Console: colour VGA+ 80x25
[STDOUT  ] 2017-12-08T17:18:29.936640956Z: [    0.000000] console [ttyS0] enabled
[STDOUT  ] 2017-12-08T17:18:29.941157358Z: [    0.000000] clocksource: hpet: mask: 0xffffffff max_cycles: 0xffffffff, max_idle_ns: 19112604467 ns
[STDOUT  ] 2017-12-08T17:18:29.980586281Z: [    0.000000] tsc: Fast TSC calibration using PIT
[STDOUT  ] 2017-12-08T17:18:29.981225245Z: [    0.000000] tsc: Detected 2599.929 MHz processor
[STDOUT  ] 2017-12-08T17:18:29.984475311Z: [    0.030381] Calibrating delay loop (skipped), value calculated using timer frequency.. 5199.85 BogoMIPS (lpj=25999290)
[STDOUT  ] 2017-12-08T17:18:29.984898495Z: [    0.031265] pid_max: default: 32768 minimum: 301
[STDOUT  ] 2017-12-08T17:18:29.986101053Z: [    0.032329] ACPI: Core revision 20160831
[STDOUT  ] 2017-12-08T17:18:30.011651634Z: [    0.057557] ACPI: 1 ACPI AML tables successfully acquired and loaded
[STDOUT  ] 2017-12-08T17:18:30.015788415Z: [    0.062013] Security Framework initialized
[STDOUT  ] 2017-12-08T17:18:30.015952771Z: [    0.062462] Yama: becoming mindful.
[STDOUT  ] 2017-12-08T17:18:30.018884796Z: [    0.065051] Mount-cache hash table entries: 2048 (order: 2, 16384 bytes)
[STDOUT  ] 2017-12-08T17:18:30.019369577Z: [    0.065577] Mountpoint-cache hash table entries: 2048 (order: 2, 16384 bytes)
[STDOUT  ] 2017-12-08T17:18:30.038223708Z: [    0.084322] Last level iTLB entries: 4KB 0, 2MB 0, 4MB 0
[STDOUT  ] 2017-12-08T17:18:30.038397965Z: [    0.084762] Last level dTLB entries: 4KB 0, 2MB 0, 4MB 0, 1GB 0
[STDOUT  ] 2017-12-08T17:18:30.387138366Z: [    0.433411] Freeing SMP alternatives memory: 20K
[STDOUT  ] 2017-12-08T17:18:30.396315357Z: [    0.442281] ftrace: allocating 35539 entries in 139 pages
[STDOUT  ] 2017-12-08T17:18:30.518039103Z: [    0.503529] smpboot: Max logical packages: 1
[STDOUT  ] 2017-12-08T17:18:30.52522828Z: [    0.511460] ..TIMER: vector=0x30 apic1=0 pin1=2 apic2=-1 pin2=-1
[STDOUT  ] 2017-12-08T17:18:30.744930885Z: [    0.620000] smpboot: CPU0: AMD QEMU Virtual CPU version 2.5+ (family: 0x6, model: 0x6, stepping: 0x3)
[STDOUT  ] 2017-12-08T17:18:30.746244628Z: [    0.620000] Performance Events: PMU not available due to virtualization, using software events only.
[STDOUT  ] 2017-12-08T17:18:30.762549623Z: [    0.627741] NMI watchdog: disabled (cpu0): hardware events not enabled
[STDOUT  ] 2017-12-08T17:18:30.762804972Z: [    0.628203] NMI watchdog: Shutting down hard lockup detector on all cpus
[STDOUT  ] 2017-12-08T17:18:30.766918207Z: [    0.631184] x86: Booted up 1 node, 1 CPUs
[STDOUT  ] 2017-12-08T17:18:30.767297293Z: [    0.631411] smpboot: Total of 1 processors activated (5199.85 BogoMIPS)
[STDOUT  ] 2017-12-08T17:18:30.780833397Z: [    0.646495] devtmpfs: initialized
[STDOUT  ] 2017-12-08T17:18:30.786587647Z: [    0.652192] x86/mm: Memory block size: 128MB
[STDOUT  ] 2017-12-08T17:18:30.813142417Z: [    0.678563] clocksource: jiffies: mask: 0xffffffff max_cycles: 0xffffffff, max_idle_ns: 19112604462750000 ns
[STDOUT  ] 2017-12-08T17:18:30.81365111Z: [    0.679391] futex hash table entries: 256 (order: 2, 16384 bytes)
[STDOUT  ] 2017-12-08T17:18:30.822249069Z: [    0.687931] NET: Registered protocol family 16
[STDOUT  ] 2017-12-08T17:18:30.830556024Z: [    0.696204] cpuidle: using governor ladder
[STDOUT  ] 2017-12-08T17:18:30.831033499Z: [    0.696640] cpuidle: using governor menu
[STDOUT  ] 2017-12-08T17:18:30.832305909Z: [    0.697808] ACPI: bus type PCI registered
[STDOUT  ] 2017-12-08T17:18:30.835672514Z: [    0.701228] PCI: MMCONFIG for domain 0000 [bus 00-ff] at [mem 0xb0000000-0xbfffffff] (base 0xb0000000)
[STDOUT  ] 2017-12-08T17:18:30.836321153Z: [    0.701950] PCI: MMCONFIG at [mem 0xb0000000-0xbfffffff] reserved in E820
[STDOUT  ] 2017-12-08T17:18:30.837280197Z: [    0.702966] PCI: Using configuration type 1 for base access
[STDOUT  ] 2017-12-08T17:18:30.875961821Z: [    0.741557] HugeTLB registered 2 MB page size, pre-allocated 0 pages
[STDOUT  ] 2017-12-08T17:18:30.88628378Z: [    0.751824] ACPI: Added _OSI(Module Device)
[STDOUT  ] 2017-12-08T17:18:30.886540371Z: [    0.752255] ACPI: Added _OSI(Processor Device)
[STDOUT  ] 2017-12-08T17:18:30.886701029Z: [    0.752501] ACPI: Added _OSI(3.0 _SCP Extensions)
[STDOUT  ] 2017-12-08T17:18:30.886972163Z: [    0.752695] ACPI: Added _OSI(Processor Aggregator Device)
[STDOUT  ] 2017-12-08T17:18:30.934960673Z: [    0.800589] ACPI: Interpreter enabled
[STDOUT  ] 2017-12-08T17:18:30.935788436Z: [    0.801460] ACPI: (supports S0 S5)
[STDOUT  ] 2017-12-08T17:18:30.936177613Z: [    0.801808] ACPI: Using IOAPIC for interrupt routing
[STDOUT  ] 2017-12-08T17:18:30.938705784Z: [    0.804186] PCI: Using host bridge windows from ACPI; if necessary, use "pci=nocrs" and report a bug
[STDOUT  ] 2017-12-08T17:18:30.982730358Z: [    0.848293] ACPI: PCI Root Bridge [PCI0] (domain 0000 [bus 00-ff])
[STDOUT  ] 2017-12-08T17:18:30.983824655Z: [    0.849300] acpi PNP0A08:00: _OSC: OS supports [ExtendedConfig ASPM ClockPM Segments MSI]
[STDOUT  ] 2017-12-08T17:18:30.989008117Z: [    0.854410] acpi PNP0A08:00: _OSC: OS now controls [PCIeHotplug PME PCIeCapability]
[STDOUT  ] 2017-12-08T17:18:30.99275355Z: [    0.858378] PCI host bridge to bus 0000:00
[STDOUT  ] 2017-12-08T17:18:30.993313195Z: [    0.858886] pci_bus 0000:00: root bus resource [io  0x0000-0x0cf7 window]
[STDOUT  ] 2017-12-08T17:18:30.993747787Z: [    0.859293] pci_bus 0000:00: root bus resource [io  0x0d00-0xffff window]
[STDOUT  ] 2017-12-08T17:18:30.994238993Z: [    0.859699] pci_bus 0000:00: root bus resource [mem 0x000a0000-0x000bffff window]
[STDOUT  ] 2017-12-08T17:18:30.99497566Z: [    0.860118] pci_bus 0000:00: root bus resource [mem 0xc0000000-0xfebfffff window]
[STDOUT  ] 2017-12-08T17:18:30.995324037Z: [    0.860694] pci_bus 0000:00: root bus resource [bus 00-ff]
[STDOUT  ] 2017-12-08T17:18:31.171512754Z: [    1.022094] pci 0000:00:1f.0: quirk: [io  0x0600-0x067f] claimed by ICH6 ACPI/GPIO/TCO
[STDOUT  ] 2017-12-08T17:18:31.269317773Z: [    1.114199] ACPI: PCI Interrupt Link [LNKA] (IRQs 5 *10 11)
[STDOUT  ] 2017-12-08T17:18:31.271208189Z: [    1.116120] ACPI: PCI Interrupt Link [LNKB] (IRQs 5 *10 11)
[STDOUT  ] 2017-12-08T17:18:31.272834424Z: [    1.117715] ACPI: PCI Interrupt Link [LNKC] (IRQs 5 10 *11)
[STDOUT  ] 2017-12-08T17:18:31.2748863Z: [    1.120092] ACPI: PCI Interrupt Link [LNKD] (IRQs 5 10 *11)
[STDOUT  ] 2017-12-08T17:18:31.276210115Z: [    1.121688] ACPI: PCI Interrupt Link [LNKE] (IRQs 5 *10 11)
[STDOUT  ] 2017-12-08T17:18:31.277593238Z: [    1.122830] ACPI: PCI Interrupt Link [LNKF] (IRQs 5 *10 11)
[STDOUT  ] 2017-12-08T17:18:31.278816487Z: [    1.124159] ACPI: PCI Interrupt Link [LNKG] (IRQs 5 10 *11)
[STDOUT  ] 2017-12-08T17:18:31.280016393Z: [    1.125404] ACPI: PCI Interrupt Link [LNKH] (IRQs 5 10 *11)
[STDOUT  ] 2017-12-08T17:18:31.280590356Z: [    1.126092] ACPI: PCI Interrupt Link [GSIA] (IRQs *16)
[STDOUT  ] 2017-12-08T17:18:31.281188957Z: [    1.126652] ACPI: PCI Interrupt Link [GSIB] (IRQs *17)
[STDOUT  ] 2017-12-08T17:18:31.281732615Z: [    1.127212] ACPI: PCI Interrupt Link [GSIC] (IRQs *18)
[STDOUT  ] 2017-12-08T17:18:31.282294849Z: [    1.127782] ACPI: PCI Interrupt Link [GSID] (IRQs *19)
[STDOUT  ] 2017-12-08T17:18:31.282817319Z: [    1.128308] ACPI: PCI Interrupt Link [GSIE] (IRQs *20)
[STDOUT  ] 2017-12-08T17:18:31.283335917Z: [    1.128838] ACPI: PCI Interrupt Link [GSIF] (IRQs *21)
[STDOUT  ] 2017-12-08T17:18:31.283852646Z: [    1.129351] ACPI: PCI Interrupt Link [GSIG] (IRQs *22)
[STDOUT  ] 2017-12-08T17:18:31.284562441Z: [    1.130320] ACPI: PCI Interrupt Link [GSIH] (IRQs *23)
[STDOUT  ] 2017-12-08T17:18:31.287629589Z: [    1.133394] ACPI: Enabled 1 GPEs in block 00 to 3F
[STDOUT  ] 2017-12-08T17:18:31.291000148Z: [    1.136824] SCSI subsystem initialized
[STDOUT  ] 2017-12-08T17:18:31.292709204Z: [    1.138611] ACPI: bus type USB registered
[STDOUT  ] 2017-12-08T17:18:31.293743272Z: [    1.139502] usbcore: registered new interface driver usbfs
[STDOUT  ] 2017-12-08T17:18:31.294753156Z: [    1.140385] usbcore: registered new interface driver hub
[STDOUT  ] 2017-12-08T17:18:31.295426393Z: [    1.141181] usbcore: registered new device driver usb
[STDOUT  ] 2017-12-08T17:18:31.296666743Z: [    1.142265] pps_core: LinuxPPS API ver. 1 registered
[STDOUT  ] 2017-12-08T17:18:31.296998182Z: [    1.142519] pps_core: Software ver. 5.3.6 - Copyright 2005-2007 Rodolfo Giometti <giometti@linux.it>
[STDOUT  ] 2017-12-08T17:18:31.297512163Z: [    1.143150] PTP clock support registered
[STDOUT  ] 2017-12-08T17:18:31.298549792Z: [    1.144298] wmi: Mapper loaded
[STDOUT  ] 2017-12-08T17:18:31.299690414Z: [    1.145397] PCI: Using ACPI for IRQ routing
[STDOUT  ] 2017-12-08T17:18:31.316554136Z: [    1.162192] NetLabel: Initializing
[STDOUT  ] 2017-12-08T17:18:31.316877227Z: [    1.162376] NetLabel:  domain hash size = 128
[STDOUT  ] 2017-12-08T17:18:31.317250676Z: [    1.162844] NetLabel:  protocols = UNLABELED CIPSOv4
[STDOUT  ] 2017-12-08T17:18:31.319718872Z: [    1.165261] NetLabel:  unlabeled traffic allowed by default
[STDOUT  ] 2017-12-08T17:18:31.320977305Z: [    1.166537] HPET: 3 timers in total, 0 timers will be used for per-cpu timer
[STDOUT  ] 2017-12-08T17:18:31.32182674Z: [    1.167341] hpet0: at MMIO 0xfed00000, IRQs 2, 8, 0
[STDOUT  ] 2017-12-08T17:18:31.322123952Z: [    1.167805] hpet0: 3 comparators, 64-bit 100.000000 MHz counter
[STDOUT  ] 2017-12-08T17:18:31.328299322Z: [    1.173571] clocksource: Switched to clocksource hpet
[STDOUT  ] 2017-12-08T17:18:31.530314338Z: [    1.372082] VFS: Disk quotas dquot_6.6.0
[STDOUT  ] 2017-12-08T17:18:31.531030663Z: [    1.372834] VFS: Dquot-cache hash table entries: 512 (order 0, 4096 bytes)
[STDOUT  ] 2017-12-08T17:18:31.53416836Z: [    1.376113] FS-Cache: Loaded
[STDOUT  ] 2017-12-08T17:18:31.539819168Z: [    1.381635] CacheFiles: Loaded
[STDOUT  ] 2017-12-08T17:18:31.541303219Z: [    1.383155] pnp: PnP ACPI init
[STDOUT  ] 2017-12-08T17:18:31.549552033Z: [    1.391331] pnp: PnP ACPI: found 5 devices
[STDOUT  ] 2017-12-08T17:18:31.593093994Z: [    1.434532] clocksource: acpi_pm: mask: 0xffffff max_cycles: 0xffffff, max_idle_ns: 2085701024 ns
[STDOUT  ] 2017-12-08T17:18:31.596120185Z: [    1.437883] NET: Registered protocol family 2
[STDOUT  ] 2017-12-08T17:18:31.60475092Z: [    1.446582] TCP established hash table entries: 8192 (order: 4, 65536 bytes)
[STDOUT  ] 2017-12-08T17:18:31.605609996Z: [    1.447271] TCP bind hash table entries: 8192 (order: 5, 131072 bytes)
[STDOUT  ] 2017-12-08T17:18:31.606206074Z: [    1.448005] TCP: Hash tables configured (established 8192 bind 8192)
[STDOUT  ] 2017-12-08T17:18:31.608910474Z: [    1.450707] UDP hash table entries: 512 (order: 2, 16384 bytes)
[STDOUT  ] 2017-12-08T17:18:31.609455767Z: [    1.451254] UDP-Lite hash table entries: 512 (order: 2, 16384 bytes)
[STDOUT  ] 2017-12-08T17:18:31.611621165Z: [    1.453493] NET: Registered protocol family 1
[STDOUT  ] 2017-12-08T17:18:31.612728126Z: [    1.454449] pci 0000:00:01.0: Video device with shadowed ROM at [mem 0x000c0000-0x000dffff]
[STDOUT  ] 2017-12-08T17:18:31.621928656Z: [    1.463805] Unpacking initramfs...
[STDOUT  ] 2017-12-08T17:18:36.385254057Z: [    6.227111] Freeing initrd memory: 33312K
[STDOUT  ] 2017-12-08T17:18:36.415761178Z: [    6.256334] PCLMULQDQ-NI instructions are not detected.
[STDOUT  ] 2017-12-08T17:18:36.415823296Z: [    6.257546] AVX or AES-NI instructions are not detected.
[STDOUT  ] 2017-12-08T17:18:36.416262541Z: [    6.257799] CPU feature 'AVX registers' is not supported.
[STDOUT  ] 2017-12-08T17:18:36.416307926Z: [    6.258292] CPU feature 'AVX registers' is not supported.
[STDOUT  ] 2017-12-08T17:18:36.416868358Z: [    6.258527] CPU feature 'AVX registers' is not supported.
[STDOUT  ] 2017-12-08T17:18:36.417004741Z: [    6.258864] CPU feature 'AVX registers' is not supported.
[STDOUT  ] 2017-12-08T17:18:36.417299586Z: [    6.259236] AVX2 or AES-NI instructions are not detected.
[STDOUT  ] 2017-12-08T17:18:36.417646925Z: [    6.259546] AVX2 instructions are not detected.
[STDOUT  ] 2017-12-08T17:18:36.425772316Z: [    6.267567] audit: initializing netlink subsys (disabled)
[STDOUT  ] 2017-12-08T17:18:36.427629561Z: [    6.269494] audit: type=2000 audit(1512753515.260:1): initialized
[STDOUT  ] 2017-12-08T17:18:36.439505165Z: [    6.279036] workingset: timestamp_bits=46 max_order=18 bucket_order=0
[STDOUT  ] 2017-12-08T17:18:36.442405431Z: [    6.284260] squashfs: version 4.0 (2009/01/31) Phillip Lougher
[STDOUT  ] 2017-12-08T17:18:36.44469604Z: [    6.286485] FS-Cache: Netfs 'cifs' registered for caching
[STDOUT  ] 2017-12-08T17:18:36.445339238Z: [    6.287273] fuse init (API version 7.26)
[STDOUT  ] 2017-12-08T17:18:36.447845241Z: [    6.289720] SGI XFS with ACLs, security attributes, no debug enabled
[STDOUT  ] 2017-12-08T17:18:36.455139515Z: [    6.296938] 9p: Installing v9fs 9p2000 file system support
[STDOUT  ] 2017-12-08T17:18:36.455250231Z: [    6.297271] FS-Cache: Netfs '9p' registered for caching
[STDOUT  ] 2017-12-08T17:18:36.49286443Z: [    6.334632] NET: Registered protocol family 38
[STDOUT  ] 2017-12-08T17:18:36.493285578Z: [    6.335093] Key type asymmetric registered
[STDOUT  ] 2017-12-08T17:18:36.49359845Z: [    6.335387] Asymmetric key parser 'x509' registered
[STDOUT  ] 2017-12-08T17:18:36.494641564Z: [    6.336276] Block layer SCSI generic (bsg) driver version 0.4 loaded (major 251)
[STDOUT  ] 2017-12-08T17:18:36.495824061Z: [    6.337623] io scheduler noop registered
[STDOUT  ] 2017-12-08T17:18:36.496136869Z: [    6.337943] io scheduler deadline registered (default)
[STDOUT  ] 2017-12-08T17:18:36.497050861Z: [    6.338874] io scheduler cfq registered
[STDOUT  ] 2017-12-08T17:18:36.501002634Z: [    6.342956] pci_hotplug: PCI Hot Plug PCI Core version: 0.5
[STDOUT  ] 2017-12-08T17:18:36.50161688Z: [    6.343332] pciehp: PCI Express Hot Plug Controller Driver version: 0.4
[STDOUT  ] 2017-12-08T17:18:36.502198645Z: [    6.344012] shpchp: Standard Hot Plug PCI Controller Driver version: 0.4
[STDOUT  ] 2017-12-08T17:18:36.502846212Z: [    6.344792] hv_vmbus: registering driver hyperv_fb
[STDOUT  ] 2017-12-08T17:18:36.505885349Z: [    6.347522] input: Power Button as /devices/LNXSYSTM:00/LNXPWRBN:00/input/input0
[STDOUT  ] 2017-12-08T17:18:36.506684927Z: [    6.348604] ACPI: Power Button [PWRF]
[STDOUT  ] 2017-12-08T17:18:36.51225033Z: [    6.354161] GHES: HEST is not enabled!
[STDOUT  ] 2017-12-08T17:18:36.51966579Z: [    6.361418] ACPI: PCI Interrupt Link [GSIG] enabled at IRQ 22
[STDOUT  ] 2017-12-08T17:18:36.52987395Z: [    6.371647] ACPI: PCI Interrupt Link [GSIH] enabled at IRQ 23
[STDOUT  ] 2017-12-08T17:18:36.534532604Z: [    6.376213] xenfs: not registering filesystem on non-xen platform
[STDOUT  ] 2017-12-08T17:18:36.536319199Z: [    6.378155] Serial: 8250/16550 driver, 4 ports, IRQ sharing disabled
[STDOUT  ] 2017-12-08T17:18:36.560314818Z: [    6.401928] 00:04: ttyS0 at I/O 0x3f8 (irq = 4, base_baud = 115200) is a 16550A
[STDOUT  ] 2017-12-08T17:18:36.570288508Z: [    6.412186] Non-volatile memory driver v1.3
[STDOUT  ] 2017-12-08T17:18:36.576280977Z: [    6.417898] Hangcheck: starting hangcheck timer 0.9.1 (tick is 180 seconds, margin is 60 seconds).
[STDOUT  ] 2017-12-08T17:18:36.580535464Z: [    6.422368] random: fast init done
[STDOUT  ] 2017-12-08T17:18:36.581566543Z: [    6.423491] random: crng init done
[STDOUT  ] 2017-12-08T17:18:36.608690035Z: [    6.450527] loop: module loaded
[STDOUT  ] 2017-12-08T17:18:36.623356129Z: [    6.465141] nbd: registered device at major 43
[STDOUT  ] 2017-12-08T17:18:36.656619016Z: [    6.498410] lpc_ich 0000:00:1f.0: I/O space for GPIO uninitialized
[STDOUT  ] 2017-12-08T17:18:36.658629754Z: [    6.500462] VMware PVSCSI driver - version 1.0.7.0-k
[STDOUT  ] 2017-12-08T17:18:36.659362018Z: [    6.501213] hv_vmbus: registering driver hv_storvsc
[STDOUT  ] 2017-12-08T17:18:36.666646464Z: [    6.508380] ACPI: PCI Interrupt Link [GSIA] enabled at IRQ 16
[STDOUT  ] 2017-12-08T17:18:36.673161241Z: [    6.514744] ahci 0000:00:1f.2: AHCI 0001.0000 32 slots 6 ports 1.5 Gbps 0x3f impl SATA mode
[STDOUT  ] 2017-12-08T17:18:36.67354729Z: [    6.515414] ahci 0000:00:1f.2: flags: 64bit ncq only 
[STDOUT  ] 2017-12-08T17:18:36.700727766Z: [    6.542515] scsi host0: ahci
[STDOUT  ] 2017-12-08T17:18:36.704825085Z: [    6.546684] scsi host1: ahci
[STDOUT  ] 2017-12-08T17:18:36.707083235Z: [    6.549038] scsi host2: ahci
[STDOUT  ] 2017-12-08T17:18:36.709679955Z: [    6.551648] scsi host3: ahci
[STDOUT  ] 2017-12-08T17:18:36.711564312Z: [    6.553425] scsi host4: ahci
[STDOUT  ] 2017-12-08T17:18:36.713601809Z: [    6.555594] scsi host5: ahci
[STDOUT  ] 2017-12-08T17:18:36.715575155Z: [    6.557381] ata1: SATA max UDMA/133 abar m4096@0xfebd2000 port 0xfebd2100 irq 24
[STDOUT  ] 2017-12-08T17:18:36.716109085Z: [    6.557860] ata2: SATA max UDMA/133 abar m4096@0xfebd2000 port 0xfebd2180 irq 24
[STDOUT  ] 2017-12-08T17:18:36.716485304Z: [    6.558225] ata3: SATA max UDMA/133 abar m4096@0xfebd2000 port 0xfebd2200 irq 24
[STDOUT  ] 2017-12-08T17:18:36.716761161Z: [    6.558553] ata4: SATA max UDMA/133 abar m4096@0xfebd2000 port 0xfebd2280 irq 24
[STDOUT  ] 2017-12-08T17:18:36.717171553Z: [    6.558927] ata5: SATA max UDMA/133 abar m4096@0xfebd2000 port 0xfebd2300 irq 24
[STDOUT  ] 2017-12-08T17:18:36.717450471Z: [    6.559244] ata6: SATA max UDMA/133 abar m4096@0xfebd2000 port 0xfebd2380 irq 24
[STDOUT  ] 2017-12-08T17:18:36.732132692Z: [    6.574000] tun: Universal TUN/TAP device driver, 1.6
[STDOUT  ] 2017-12-08T17:18:36.732627254Z: [    6.574343] tun: (C) 1999-2004 Max Krasnyansky <maxk@qualcomm.com>
[STDOUT  ] 2017-12-08T17:18:36.746671167Z: [    6.588268] VMware vmxnet3 virtual NIC driver - version 1.4.a.0-k-NAPI
[STDOUT  ] 2017-12-08T17:18:36.747415491Z: [    6.589184] hv_vmbus: registering driver hv_netvsc
[STDOUT  ] 2017-12-08T17:18:36.747555628Z: [    6.589493] Fusion MPT base driver 3.04.20
[STDOUT  ] 2017-12-08T17:18:36.747817142Z: [    6.589747] Copyright (c) 1999-2008 LSI Corporation
[STDOUT  ] 2017-12-08T17:18:36.748875902Z: [    6.590688] Fusion MPT SPI Host driver 3.04.20
[STDOUT  ] 2017-12-08T17:18:36.75126632Z: [    6.593152] i8042: PNP: PS/2 Controller [PNP0303:KBD,PNP0f13:MOU] at 0x60,0x64 irq 1,12
[STDOUT  ] 2017-12-08T17:18:36.75784654Z: [    6.598007] serio: i8042 KBD port at 0x60,0x64 irq 1
[STDOUT  ] 2017-12-08T17:18:36.757882125Z: [    6.598616] serio: i8042 AUX port at 0x60,0x64 irq 12
[STDOUT  ] 2017-12-08T17:18:36.760611549Z: [    6.602484] hv_vmbus: registering driver hyperv_keyboard
[STDOUT  ] 2017-12-08T17:18:36.762503766Z: [    6.604218] mousedev: PS/2 mouse device common for all mice
[STDOUT  ] 2017-12-08T17:18:36.766790756Z: [    6.608328] input: AT Translated Set 2 keyboard as /devices/platform/i8042/serio0/input/input1
[STDOUT  ] 2017-12-08T17:18:36.769324366Z: [    6.611158] input: PC Speaker as /devices/platform/pcspkr/input/input2
[STDOUT  ] 2017-12-08T17:18:36.772333356Z: [    6.614213] rtc_cmos 00:00: RTC can wake from S4
[STDOUT  ] 2017-12-08T17:18:36.775497954Z: [    6.617244] rtc_cmos 00:00: rtc core: registered rtc_cmos as rtc0
[STDOUT  ] 2017-12-08T17:18:36.776735955Z: [    6.618485] rtc_cmos 00:00: alarms up to one day, y3k, 114 bytes nvram, hpet irqs
[STDOUT  ] 2017-12-08T17:18:36.777125284Z: [    6.619114] i2c /dev entries driver
[STDOUT  ] 2017-12-08T17:18:36.779221222Z: [    6.621016] device-mapper: ioctl: 4.35.0-ioctl (2016-06-23) initialised: dm-devel@redhat.com
[STDOUT  ] 2017-12-08T17:18:36.782784669Z: [    6.624714] usbcore: registered new interface driver usbhid
[STDOUT  ] 2017-12-08T17:18:36.783098024Z: [    6.625000] usbhid: USB HID core driver
[STDOUT  ] 2017-12-08T17:18:36.783749956Z: [    6.625565] hv_utils: Registering HyperV Utility Driver
[STDOUT  ] 2017-12-08T17:18:36.783883194Z: [    6.625824] hv_vmbus: registering driver hv_util
[STDOUT  ] 2017-12-08T17:18:36.784165007Z: [    6.626082] hv_vmbus: registering driver hv_balloon
[STDOUT  ] 2017-12-08T17:18:36.784640763Z: [    6.626591] oprofile: using NMI interrupt.
[STDOUT  ] 2017-12-08T17:18:36.785664952Z: [    6.627572] GACT probability on
[STDOUT  ] 2017-12-08T17:18:36.786228011Z: [    6.628038] Mirror/redirect action on
[STDOUT  ] 2017-12-08T17:18:36.787009938Z: [    6.628984] Simple TC action Loaded
[STDOUT  ] 2017-12-08T17:18:36.787445301Z: [    6.629548] u32 classifier
[STDOUT  ] 2017-12-08T17:18:36.787773435Z: [    6.629625]     Performance counters on
[STDOUT  ] 2017-12-08T17:18:36.78807257Z: [    6.629934]     input device check on
[STDOUT  ] 2017-12-08T17:18:36.788660722Z: [    6.630519]     Actions configured
[STDOUT  ] 2017-12-08T17:18:36.789242816Z: [    6.631230] Netfilter messages via NETLINK v0.30.
[STDOUT  ] 2017-12-08T17:18:36.78987615Z: [    6.631702] nfnl_acct: registering with nfnetlink.
[STDOUT  ] 2017-12-08T17:18:36.791240837Z: [    6.632993] nf_conntrack version 0.5.0 (8192 buckets, 32768 max)
[STDOUT  ] 2017-12-08T17:18:36.794420834Z: [    6.636120] ctnetlink v0.93: registering with nfnetlink.
[STDOUT  ] 2017-12-08T17:18:36.798826792Z: [    6.640582] nf_tables: (c) 2007-2009 Patrick McHardy <kaber@trash.net>
[STDOUT  ] 2017-12-08T17:18:36.799582057Z: [    6.641369] nf_tables_compat: (c) 2012 Pablo Neira Ayuso <pablo@netfilter.org>
[STDOUT  ] 2017-12-08T17:18:36.801818228Z: [    6.643523] xt_time: kernel timezone is -0000
[STDOUT  ] 2017-12-08T17:18:36.802085762Z: [    6.644075] ip_set: protocol 6
[STDOUT  ] 2017-12-08T17:18:36.802902476Z: [    6.644736] IPVS: Registered protocols (TCP, UDP, SCTP, AH, ESP)
[STDOUT  ] 2017-12-08T17:18:36.80344778Z: [    6.645294] IPVS: Connection hash table configured (size=4096, memory=64Kbytes)
[STDOUT  ] 2017-12-08T17:18:36.805025345Z: [    6.647063] IPVS: Creating netns size=2104 id=0
[STDOUT  ] 2017-12-08T17:18:36.809432781Z: [    6.651395] IPVS: ipvs loaded.
[STDOUT  ] 2017-12-08T17:18:36.809789833Z: [    6.651785] IPVS: [rr] scheduler registered.
[STDOUT  ] 2017-12-08T17:18:36.810305862Z: [    6.652049] IPVS: [wrr] scheduler registered.
[STDOUT  ] 2017-12-08T17:18:36.810482419Z: [    6.652427] IPVS: [lc] scheduler registered.
[STDOUT  ] 2017-12-08T17:18:36.810612484Z: [    6.652626] IPVS: [wlc] scheduler registered.
[STDOUT  ] 2017-12-08T17:18:36.810880929Z: [    6.652825] IPVS: [fo] scheduler registered.
[STDOUT  ] 2017-12-08T17:18:36.811146638Z: [    6.653063] IPVS: [ovf] scheduler registered.
[STDOUT  ] 2017-12-08T17:18:36.811594287Z: [    6.653473] IPVS: [lblc] scheduler registered.
[STDOUT  ] 2017-12-08T17:18:36.812003893Z: [    6.653843] IPVS: [lblcr] scheduler registered.
[STDOUT  ] 2017-12-08T17:18:36.812138225Z: [    6.654086] IPVS: [dh] scheduler registered.
[STDOUT  ] 2017-12-08T17:18:36.812363806Z: [    6.654310] IPVS: [sh] scheduler registered.
[STDOUT  ] 2017-12-08T17:18:36.81264565Z: [    6.654569] IPVS: [sed] scheduler registered.
[STDOUT  ] 2017-12-08T17:18:36.812911585Z: [    6.654789] IPVS: [nq] scheduler registered.
[STDOUT  ] 2017-12-08T17:18:36.813696347Z: [    6.655517] IPVS: ftp: loaded support on port[0] = 21
[STDOUT  ] 2017-12-08T17:18:36.81445491Z: [    6.656287] ipip: IPv4 and MPLS over IPv4 tunneling driver
[STDOUT  ] 2017-12-08T17:18:36.818969946Z: [    6.660754] gre: GRE over IPv4 demultiplexor driver
[STDOUT  ] 2017-12-08T17:18:36.821546987Z: [    6.663469] ip_tables: (C) 2000-2006 Netfilter Core Team
[STDOUT  ] 2017-12-08T17:18:36.824665922Z: [    6.666430] ipt_CLUSTERIP: ClusterIP Version 0.8 loaded successfully
[STDOUT  ] 2017-12-08T17:18:36.825360515Z: [    6.667191] arp_tables: arp_tables: (C) 2002 David S. Miller
[STDOUT  ] 2017-12-08T17:18:36.827523585Z: [    6.669432] NET: Registered protocol family 10
[STDOUT  ] 2017-12-08T17:18:36.836594895Z: [    6.678381] ip6_tables: (C) 2000-2006 Netfilter Core Team
[STDOUT  ] 2017-12-08T17:18:36.844096312Z: [    6.685960] NET: Registered protocol family 17
[STDOUT  ] 2017-12-08T17:18:36.844994887Z: [    6.686964] Bridge firewalling registered
[STDOUT  ] 2017-12-08T17:18:36.845465863Z: [    6.687454] Ebtables v2.0 registered
[STDOUT  ] 2017-12-08T17:18:36.847230287Z: [    6.689197] 8021q: 802.1Q VLAN Support v1.8
[STDOUT  ] 2017-12-08T17:18:36.849045863Z: [    6.691071] 9pnet: Installing 9P2000 support
[STDOUT  ] 2017-12-08T17:18:36.85089067Z: [    6.692676] Key type dns_resolver registered
[STDOUT  ] 2017-12-08T17:18:36.851642391Z: [    6.693536] microcode: AMD CPU family 0x6 not supported
[STDOUT  ] 2017-12-08T17:18:36.854502933Z: [    6.696549] registered taskstats version 1
[STDOUT  ] 2017-12-08T17:18:37.026800245Z: [    6.868648] Key type big_key registered
[STDOUT  ] 2017-12-08T17:18:37.051675225Z: [    6.893453] ata2: SATA link down (SStatus 0 SControl 300)
[STDOUT  ] 2017-12-08T17:18:37.054776523Z: [    6.896438] ata1: SATA link up 1.5 Gbps (SStatus 113 SControl 300)
[STDOUT  ] 2017-12-08T17:18:37.059112622Z: [    6.900776] ata1.00: ATA-7: QEMU HARDDISK, 2.5+, max UDMA/100
[STDOUT  ] 2017-12-08T17:18:37.05943749Z: [    6.901225] ata1.00: 524288 sectors, multi 16: LBA48 NCQ (depth 31/32)
[STDOUT  ] 2017-12-08T17:18:37.059909559Z: [    6.901718] ata1.00: applying bridge limits
[STDOUT  ] 2017-12-08T17:18:37.061306126Z: [    6.903114] ata5: SATA link down (SStatus 0 SControl 300)
[STDOUT  ] 2017-12-08T17:18:37.061737235Z: [    6.903574] ata4: SATA link down (SStatus 0 SControl 300)
[STDOUT  ] 2017-12-08T17:18:37.06222851Z: [    6.903993] ata3: SATA link up 1.5 Gbps (SStatus 113 SControl 300)
[STDOUT  ] 2017-12-08T17:18:37.062960666Z: [    6.904731] ata3.00: ATAPI: QEMU DVD-ROM, 2.5+, max UDMA/100
[STDOUT  ] 2017-12-08T17:18:37.063174652Z: [    6.905112] ata3.00: applying bridge limits
[STDOUT  ] 2017-12-08T17:18:37.064235846Z: [    6.906113] ata3.00: configured for UDMA/100
[STDOUT  ] 2017-12-08T17:18:37.068778763Z: [    6.910740] ata1.00: configured for UDMA/100
[STDOUT  ] 2017-12-08T17:18:37.072116937Z: [    6.913900] ata6: SATA link down (SStatus 0 SControl 300)
[STDOUT  ] 2017-12-08T17:18:37.090502972Z: [    6.932091] scsi 0:0:0:0: Direct-Access     ATA      QEMU HARDDISK    2.5+ PQ: 0 ANSI: 5
[STDOUT  ] 2017-12-08T17:18:37.107602423Z: [    6.949162] sd 0:0:0:0: [sda] 524288 512-byte logical blocks: (268 MB/256 MiB)
[STDOUT  ] 2017-12-08T17:18:37.109071845Z: [    6.950806] sd 0:0:0:0: Attached scsi generic sg0 type 0
[STDOUT  ] 2017-12-08T17:18:37.122179866Z: [    6.964001] sd 0:0:0:0: [sda] Write Protect is off
[STDOUT  ] 2017-12-08T17:18:37.124613492Z: [    6.966251] scsi 2:0:0:0: CD-ROM            QEMU     QEMU DVD-ROM     2.5+ PQ: 0 ANSI: 5
[STDOUT  ] 2017-12-08T17:18:37.128684716Z: [    6.970301] sd 0:0:0:0: [sda] Write cache: enabled, read cache: enabled, doesn't support DPO or FUA
[STDOUT  ] 2017-12-08T17:18:37.141580529Z: [    6.983355] sr 2:0:0:0: [sr0] scsi3-mmc drive: 4x/4x cd/rw xa/form2 tray
[STDOUT  ] 2017-12-08T17:18:37.142168095Z: [    6.983992] cdrom: Uniform CD-ROM driver Revision: 3.20
[STDOUT  ] 2017-12-08T17:18:37.15586551Z: [    6.997702] sr 2:0:0:0: Attached scsi generic sg1 type 5
[STDOUT  ] 2017-12-08T17:18:37.179987241Z: [    7.021766] sd 0:0:0:0: [sda] Attached SCSI disk
[STDOUT  ] 2017-12-08T17:18:37.232672098Z: [    7.074553] Key type encrypted registered
[STDOUT  ] 2017-12-08T17:18:37.237825796Z: [    7.079551] rtc_cmos 00:00: setting system clock to 2017-12-08 17:18:36 UTC (1512753516)
[STDOUT  ] 2017-12-08T17:18:37.379198701Z: [    7.221012] Freeing unused kernel memory: 1380K
[STDOUT  ] 2017-12-08T17:18:37.379699986Z: [    7.221384] Write protecting the kernel read-only data: 12288k
[STDOUT  ] 2017-12-08T17:18:37.385582481Z: [    7.227248] Freeing unused kernel memory: 128K
[STDOUT  ] 2017-12-08T17:18:37.4219322Z: [    7.263666] Freeing unused kernel memory: 1396K
[STDOUT  ] 2017-12-08T17:18:37.438824346Z: [    7.280549] tsc: Refined TSC clocksource calibration: 2599.932 MHz
[STDOUT  ] 2017-12-08T17:18:37.439493091Z: [    7.281067] clocksource: tsc: mask: 0xffffffffffffffff max_cycles: 0x2579fc12d04, max_idle_ns: 440795318291 ns
[STDOUT  ] 2017-12-08T17:18:38.456559045Z: [    8.298230] clocksource: Switched to clocksource tsc
[STDOUT  ] 2017-12-08T17:18:46.887939858Z: 
[STDOUT  ] 2017-12-08T17:18:46.889227237Z: Welcome to LinuxKit
[STDOUT  ] 2017-12-08T17:18:46.889486772Z: 
[STDOUT  ] 2017-12-08T17:18:46.889640873Z:                         ##         .
[STDOUT  ] 2017-12-08T17:18:46.889780597Z:                   ## ## ##        ==
[STDOUT  ] 2017-12-08T17:18:46.890076514Z:                ## ## ## ## ##    ===
[STDOUT  ] 2017-12-08T17:18:46.890376445Z:            /"""""""""""""""""\___/ ===
[STDOUT  ] 2017-12-08T17:18:46.890677068Z:           {                       /  ===-
[STDOUT  ] 2017-12-08T17:18:46.890814005Z:            \______ O           __/
[STDOUT  ] 2017-12-08T17:18:46.891141139Z:              \    \         __/
[STDOUT  ] 2017-12-08T17:18:46.891293475Z:               \____\_______/
[STDOUT  ] 2017-12-08T17:18:46.89130877Z: 
[STDOUT  ] 2017-12-08T17:18:49.15854394Z: [   19.000376] raid6: sse2x1   gen()   444 MB/s
[STDOUT  ] 2017-12-08T17:18:49.328605305Z: [   19.170426] raid6: sse2x1   xor()   216 MB/s
[STDOUT  ] 2017-12-08T17:18:49.498540892Z: [   19.340415] raid6: sse2x2   gen()   411 MB/s
[STDOUT  ] 2017-12-08T17:18:49.668647951Z: [   19.510300] raid6: sse2x2   xor()   263 MB/s
[STDOUT  ] 2017-12-08T17:18:49.838478252Z: [   19.680234] raid6: sse2x4   gen()   502 MB/s
[STDOUT  ] 2017-12-08T17:18:50.008799687Z: [   19.850352] raid6: sse2x4   xor()   303 MB/s
[STDOUT  ] 2017-12-08T17:18:50.010037222Z: [   19.851110] raid6: using algorithm sse2x4 gen() 502 MB/s
[STDOUT  ] 2017-12-08T17:18:50.010137006Z: [   19.851755] raid6: .... xor() 303 MB/s, rmw enabled
[STDOUT  ] 2017-12-08T17:18:50.010475361Z: [   19.852504] raid6: using intx1 recovery algorithm
[STDOUT  ] 2017-12-08T17:18:50.023352245Z: [   19.865097] xor: measuring software checksum speed
[STDOUT  ] 2017-12-08T17:18:50.118569206Z: [   19.960335]    prefetch64-sse:   763.200 MB/sec
[STDOUT  ] 2017-12-08T17:18:50.218490425Z: [   20.060236]    generic_sse:   731.600 MB/sec
[STDOUT  ] 2017-12-08T17:18:50.218923783Z: [   20.060654] xor: using function: prefetch64-sse (763.200 MB/sec)
[STDOUT  ] 2017-12-08T17:18:50.340698865Z: [   20.182578] Btrfs loaded, crc32c=crc32c-generic
[STDOUT  ] 2017-12-08T17:18:50.771762459Z: [   20.613632] IPVS: Creating netns size=2104 id=1
[STDOUT  ] 2017-12-08T17:18:50.772333187Z: [   20.614022] IPVS: ftp: loaded support on port[0] = 21
[STDOUT  ] 2017-12-08T17:18:51.773632503Z: 2017/12/08 17:18:50 Creating partition on /dev/sda
[STDOUT  ] 2017-12-08T17:18:51.874337311Z: [   21.716162]  sda:
[STDOUT  ] 2017-12-08T17:18:51.940462512Z: [   21.782355]  sda:
[STDOUT  ] 2017-12-08T17:18:51.997746722Z: [   21.839656]  sda: sda1
[STDOUT  ] 2017-12-08T17:18:52.05884112Z: [   21.900738]  sda: sda1
[STDOUT  ] 2017-12-08T17:18:53.631883275Z: [   23.473386] BTRFS: device fsid bf0ae9d0-cb9f-4ab1-a496-a8e4ec590d80 devid 1 transid 5 /dev/sda1
[STDOUT  ] 2017-12-08T17:18:53.638751044Z: 2017/12/08 17:18:51 Partition /dev/sda1 successfully created!
[STDOUT  ] 2017-12-08T17:18:54.861467442Z: [   24.703259] IPVS: Creating netns size=2104 id=2
[STDOUT  ] 2017-12-08T17:18:54.861534591Z: [   24.703496] IPVS: ftp: loaded support on port[0] = 21
[STDOUT  ] 2017-12-08T17:18:55.853469184Z: [   25.695243] FAT-fs (sda1): utf8 is not a recommended IO charset for FAT filesystems, filesystem will be case sensitive!
[STDOUT  ] 2017-12-08T17:18:55.857638849Z: [   25.699505] FAT-fs (sda1): utf8 is not a recommended IO charset for FAT filesystems, filesystem will be case sensitive!
[STDOUT  ] 2017-12-08T17:18:55.861053508Z: [   25.702972] mount: sending ioctl 5310 to a partition!
[STDOUT  ] 2017-12-08T17:18:55.892052391Z: [   25.733852] mount: sending ioctl 5310 to a partition!
[STDOUT  ] 2017-12-08T17:18:55.893363111Z: [   25.735305] UDF-fs: warning (device sda1): udf_fill_super: No partition found (2)
[STDOUT  ] 2017-12-08T17:18:55.920218124Z: [   25.761924] BTRFS info (device sda1): disk space caching is enabled
[STDOUT  ] 2017-12-08T17:18:55.920367145Z: [   25.762242] BTRFS info (device sda1): has skinny extents
[STDOUT  ] 2017-12-08T17:18:55.920466789Z: [   25.762398] BTRFS info (device sda1): flagging fs with big metadata feature
[STDOUT  ] 2017-12-08T17:18:55.962060457Z: [   25.803860] BTRFS info (device sda1): creating UUID tree
[STDOUT  ] 2017-12-08T17:19:09.486866697Z: [   39.327719] sd 0:0:0:0: [sda] Synchronizing SCSI cache
[STDOUT  ] 2017-12-08T17:19:09.496596598Z: [   39.338406] sd 0:0:0:0: [sda] Stopping disk
[STDOUT  ] 2017-12-08T17:19:09.502139968Z: [   39.343926] ACPI: Preparing to enter system sleep state S5
[STDOUT  ] 2017-12-08T17:19:09.50588136Z: [   39.347733] reboot: Power down
[STDERR  ] 2017-12-08T17:19:09.830179916Z: + [ -f disk.img ]
[STDERR  ] 2017-12-08T17:19:09.830236371Z: + dd if=/dev/zero bs=1048576 count=256
[STDERR  ] 2017-12-08T17:19:10.065329941Z: 256+0 records in
[STDERR  ] 2017-12-08T17:19:10.065382839Z: 256+0 records out
[STDERR  ] 2017-12-08T17:19:10.065389844Z: 268435456 bytes (268 MB) copied, 0.234433 s, 1.1 GB/s
[STDERR  ] 2017-12-08T17:19:10.065720676Z: + linuxkit build -format kernel+initrd -name extend-btrfs test.yml
[STDERR  ] 2017-12-08T17:19:10.117307134Z: Extract kernel image: linuxkit/kernel:4.9.67
[STDERR  ] 2017-12-08T17:19:11.269478553Z: time="2017-12-08T17:19:11Z" level=warning msg="certificate with CN Justin Cormack is near expiry" 
[STDERR  ] 2017-12-08T17:19:11.26996165Z: time="2017-12-08T17:19:11Z" level=warning msg="certificate with CN  is near expiry" 
[STDERR  ] 2017-12-08T17:19:11.27009734Z: time="2017-12-08T17:19:11Z" level=warning msg="certificate with CN  is near expiry" 
[STDERR  ] 2017-12-08T17:19:11.307235904Z: time="2017-12-08T17:19:11Z" level=warning msg="certificate with CN Justin Cormack is near expiry" 
[STDERR  ] 2017-12-08T17:19:12.002488221Z: Add init containers:
[STDERR  ] 2017-12-08T17:19:12.002541651Z: Process init image: linuxkit/init:9250948d0de494df8a811edb3242b4584057cfe4
[STDERR  ] 2017-12-08T17:19:13.045732994Z: time="2017-12-08T17:19:13Z" level=warning msg="certificate with CN Justin Cormack is near expiry" 
[STDERR  ] 2017-12-08T17:19:13.045786736Z: time="2017-12-08T17:19:13Z" level=warning msg="certificate with CN  is near expiry" 
[STDERR  ] 2017-12-08T17:19:13.045850494Z: time="2017-12-08T17:19:13Z" level=warning msg="certificate with CN  is near expiry" 
[STDERR  ] 2017-12-08T17:19:13.049288326Z: time="2017-12-08T17:19:13Z" level=warning msg="certificate with CN Justin Cormack is near expiry" 
[STDERR  ] 2017-12-08T17:19:13.050608951Z: time="2017-12-08T17:19:13Z" level=warning msg="certificate with CN  is near expiry" 
[STDERR  ] 2017-12-08T17:19:13.335233228Z: Process init image: linuxkit/runc:abc3f292653e64a2fd488e9675ace19a55ec7023
[STDERR  ] 2017-12-08T17:19:14.379221913Z: time="2017-12-08T17:19:14Z" level=warning msg="certificate with CN Justin Cormack is near expiry" 
[STDERR  ] 2017-12-08T17:19:14.379349035Z: time="2017-12-08T17:19:14Z" level=warning msg="certificate with CN  is near expiry" 
[STDERR  ] 2017-12-08T17:19:14.379357285Z: time="2017-12-08T17:19:14Z" level=warning msg="certificate with CN  is near expiry" 
[STDERR  ] 2017-12-08T17:19:14.381507553Z: time="2017-12-08T17:19:14Z" level=warning msg="certificate with CN Justin Cormack is near expiry" 
[STDERR  ] 2017-12-08T17:19:14.382873172Z: time="2017-12-08T17:19:14Z" level=warning msg="certificate with CN  is near expiry" 
[STDERR  ] 2017-12-08T17:19:14.564787805Z: Add onboot containers:
[STDERR  ] 2017-12-08T17:19:14.564853111Z:   Create OCI config for linuxkit/modprobe:1a192d168adadec47afa860e3fc874fbc2a823ff
[STDERR  ] 2017-12-08T17:19:15.605323796Z: time="2017-12-08T17:19:15Z" level=warning msg="certificate with CN Rolf Neugebauer is near expiry" 
[STDERR  ] 2017-12-08T17:19:15.605401369Z: time="2017-12-08T17:19:15Z" level=warning msg="certificate with CN  is near expiry" 
[STDERR  ] 2017-12-08T17:19:15.605438674Z: time="2017-12-08T17:19:15Z" level=warning msg="certificate with CN Moby CI is near expiry" 
[STDERR  ] 2017-12-08T17:19:15.605480697Z: time="2017-12-08T17:19:15Z" level=warning msg="certificate with CN  is near expiry" 
[STDERR  ] 2017-12-08T17:19:15.605609705Z: time="2017-12-08T17:19:15Z" level=warning msg="certificate with CN Justin Cormack is near expiry" 
[STDERR  ] 2017-12-08T17:19:15.606570782Z: time="2017-12-08T17:19:15Z" level=warning msg="certificate with CN  is near expiry" 
[STDERR  ] 2017-12-08T17:19:15.607265332Z: time="2017-12-08T17:19:15Z" level=warning msg="certificate with CN Rolf Neugebauer is near expiry" 
[STDERR  ] 2017-12-08T17:19:15.792522972Z:   Create OCI config for linuxkit/extend:e550c16d8464cabeffdff80f27e6fa8278f06dbb
[STDERR  ] 2017-12-08T17:19:16.856862837Z: time="2017-12-08T17:19:16Z" level=warning msg="certificate with CN Justin Cormack is near expiry" 
[STDERR  ] 2017-12-08T17:19:16.856987818Z: time="2017-12-08T17:19:16Z" level=warning msg="certificate with CN Rolf Neugebauer is near expiry" 
[STDERR  ] 2017-12-08T17:19:16.857774533Z: time="2017-12-08T17:19:16Z" level=warning msg="certificate with CN  is near expiry" 
[STDERR  ] 2017-12-08T17:19:16.857805994Z: time="2017-12-08T17:19:16Z" level=warning msg="certificate with CN Moby CI is near expiry" 
[STDERR  ] 2017-12-08T17:19:16.857828556Z: time="2017-12-08T17:19:16Z" level=warning msg="certificate with CN  is near expiry" 
[STDERR  ] 2017-12-08T17:19:16.858226204Z: time="2017-12-08T17:19:16Z" level=warning msg="certificate with CN  is near expiry" 
[STDERR  ] 2017-12-08T17:19:16.85934516Z: time="2017-12-08T17:19:16Z" level=warning msg="certificate with CN Rolf Neugebauer is near expiry" 
[STDERR  ] 2017-12-08T17:19:17.222707544Z:   Create OCI config for linuxkit/mount:b346ec277b7074e5c9986128a879c10a1d18742b
[STDERR  ] 2017-12-08T17:19:18.276479805Z: time="2017-12-08T17:19:18Z" level=warning msg="certificate with CN Justin Cormack is near expiry" 
[STDERR  ] 2017-12-08T17:19:18.276674192Z: time="2017-12-08T17:19:18Z" level=warning msg="certificate with CN Rolf Neugebauer is near expiry" 
[STDERR  ] 2017-12-08T17:19:18.276748402Z: time="2017-12-08T17:19:18Z" level=warning msg="certificate with CN  is near expiry" 
[STDERR  ] 2017-12-08T17:19:18.276865116Z: time="2017-12-08T17:19:18Z" level=warning msg="certificate with CN  is near expiry" 
[STDERR  ] 2017-12-08T17:19:18.278601669Z: time="2017-12-08T17:19:18Z" level=warning msg="certificate with CN Justin Cormack is near expiry" 
[STDERR  ] 2017-12-08T17:19:18.279703025Z: time="2017-12-08T17:19:18Z" level=warning msg="certificate with CN Rolf Neugebauer is near expiry" 
[STDERR  ] 2017-12-08T17:19:18.280531442Z: time="2017-12-08T17:19:18Z" level=warning msg="certificate with CN  is near expiry" 
[STDERR  ] 2017-12-08T17:19:18.600554758Z:   Create OCI config for alpine:3.6
[STDERR  ] 2017-12-08T17:19:19.817155863Z:   Create OCI config for linuxkit/poweroff:bccfe1cb04fc7bb9f03613d2314f38abd2620f29
[STDERR  ] 2017-12-08T17:19:20.858715947Z: time="2017-12-08T17:19:20Z" level=warning msg="certificate with CN Justin Cormack is near expiry" 
[STDERR  ] 2017-12-08T17:19:20.858815883Z: time="2017-12-08T17:19:20Z" level=warning msg="certificate with CN Rolf Neugebauer is near expiry" 
[STDERR  ] 2017-12-08T17:19:20.858857008Z: time="2017-12-08T17:19:20Z" level=warning msg="certificate with CN  is near expiry" 
[STDERR  ] 2017-12-08T17:19:20.8589127Z: time="2017-12-08T17:19:20Z" level=warning msg="certificate with CN  is near expiry" 
[STDERR  ] 2017-12-08T17:19:20.86041811Z: time="2017-12-08T17:19:20Z" level=warning msg="certificate with CN Rolf Neugebauer is near expiry" 
[STDERR  ] 2017-12-08T17:19:20.861030639Z: time="2017-12-08T17:19:20Z" level=warning msg="certificate with CN  is near expiry" 
[STDERR  ] 2017-12-08T17:19:21.049198055Z: Add files:
[STDERR  ] 2017-12-08T17:19:21.049267472Z:   check.sh
[STDERR  ] 2017-12-08T17:19:21.0777316Z: Create outputs:
[STDERR  ] 2017-12-08T17:19:27.069035155Z:   extend-btrfs-kernel extend-btrfs-initrd.img extend-btrfs-cmdline
[STDERR  ] 2017-12-08T17:19:27.226937984Z: + linuxkit run -disk file=disk.img extend-btrfs
[STDERR  ] 2017-12-08T17:19:27.252660799Z: Unable to find qemu-system-x86_64 within the $PATH. Using a container
[STDERR  ] 2017-12-08T17:19:27.252708985Z: Using existing disk [disk.img] format 
[STDERR  ] 2017-12-08T17:19:27.861628463Z: WARNING: Image format was not specified for 'disk.img' and probing guessed raw.
[STDERR  ] 2017-12-08T17:19:27.861677758Z:          Automatically detecting the format is dangerous for raw images, write operations on block 0 will be restricted.
[STDERR  ] 2017-12-08T17:19:27.86168945Z:          Specify the 'raw' format explicitly to remove the restrictions.
[STDERR  ] 2017-12-08T17:20:10.489349574Z: + RESULT=[    0.000000] Linux version 4.9.67-linuxkit (root@6ef2a1d2f11b) (gcc version 6.3.0 (Alpine 6.3.0) ) #1 SMP Wed Dec 6 10:34:24 UTC 2017
[STDERR  ] 2017-12-08T17:20:10.489437675Z: [    0.000000] Command line: console=ttyS0
[STDERR  ] 2017-12-08T17:20:10.489464927Z: [    0.000000] x86/fpu: Legacy x87 FPU detected.
[STDERR  ] 2017-12-08T17:20:10.489501529Z: [    0.000000] x86/fpu: Using 'eager' FPU context switches.
[STDERR  ] 2017-12-08T17:20:10.489521498Z: [    0.000000] e820: BIOS-provided physical RAM map:
[STDERR  ] 2017-12-08T17:20:10.489543006Z: [    0.000000] BIOS-e820: [mem 0x0000000000000000-0x000000000009fbff] usable
[STDERR  ] 2017-12-08T17:20:10.489568074Z: [    0.000000] BIOS-e820: [mem 0x000000000009fc00-0x000000000009ffff] reserved
[STDERR  ] 2017-12-08T17:20:10.4895892Z: [    0.000000] BIOS-e820: [mem 0x00000000000f0000-0x00000000000fffff] reserved
[STDERR  ] 2017-12-08T17:20:10.48960932Z: [    0.000000] BIOS-e820: [mem 0x0000000000100000-0x000000003ffdefff] usable
[STDERR  ] 2017-12-08T17:20:10.489635352Z: [    0.000000] BIOS-e820: [mem 0x000000003ffdf000-0x000000003fffffff] reserved
[STDERR  ] 2017-12-08T17:20:10.489653149Z: [    0.000000] BIOS-e820: [mem 0x00000000b0000000-0x00000000bfffffff] reserved
[STDERR  ] 2017-12-08T17:20:10.489671846Z: [    0.000000] BIOS-e820: [mem 0x00000000fed1c000-0x00000000fed1ffff] reserved
[STDERR  ] 2017-12-08T17:20:10.489689491Z: [    0.000000] BIOS-e820: [mem 0x00000000fffc0000-0x00000000ffffffff] reserved
[STDERR  ] 2017-12-08T17:20:10.489706625Z: [    0.000000] NX (Execute Disable) protection: active
[STDERR  ] 2017-12-08T17:20:10.489724524Z: [    0.000000] SMBIOS 2.8 present.
[STDERR  ] 2017-12-08T17:20:10.489745557Z: [    0.000000] e820: last_pfn = 0x3ffdf max_arch_pfn = 0x400000000
[STDERR  ] 2017-12-08T17:20:10.489764945Z: [    0.000000] x86/PAT: Configuration [0-7]: WB  WC  UC- UC  WB  WC  UC- WT  
[STDERR  ] 2017-12-08T17:20:10.489785536Z: [    0.000000] found SMP MP-table at [mem 0x000f6aa0-0x000f6aaf] mapped at [ffff9e8c800f6aa0]
[STDERR  ] 2017-12-08T17:20:10.489805848Z: [    0.000000] RAMDISK: [mem 0x3ddf9000-0x3ffcffff]
[STDERR  ] 2017-12-08T17:20:10.489825892Z: [    0.000000] ACPI: Early table checksum verification disabled
[STDERR  ] 2017-12-08T17:20:10.489846118Z: [    0.000000] ACPI: RSDP 0x00000000000F68B0 000014 (v00 BOCHS )
[STDERR  ] 2017-12-08T17:20:10.489866269Z: [    0.000000] ACPI: RSDT 0x000000003FFE20A8 000034 (v01 BOCHS  BXPCRSDT 00000001 BXPC 00000001)
[STDERR  ] 2017-12-08T17:20:10.489886105Z: [    0.000000] ACPI: FACP 0x000000003FFE1EC8 0000F4 (v03 BOCHS  BXPCFACP 00000001 BXPC 00000001)
[STDERR  ] 2017-12-08T17:20:10.489906156Z: [    0.000000] ACPI: DSDT 0x000000003FFE0040 001E88 (v01 BOCHS  BXPCDSDT 00000001 BXPC 00000001)
[STDERR  ] 2017-12-08T17:20:10.489925184Z: [    0.000000] ACPI: FACS 0x000000003FFE0000 000040
[STDERR  ] 2017-12-08T17:20:10.489944517Z: [    0.000000] ACPI: APIC 0x000000003FFE1FBC 000078 (v01 BOCHS  BXPCAPIC 00000001 BXPC 00000001)
[STDERR  ] 2017-12-08T17:20:10.489983343Z: [    0.000000] ACPI: HPET 0x000000003FFE2034 000038 (v01 BOCHS  BXPCHPET 00000001 BXPC 00000001)
[STDERR  ] 2017-12-08T17:20:10.490006782Z: [    0.000000] ACPI: MCFG 0x000000003FFE206C 00003C (v01 BOCHS  BXPCMCFG 00000001 BXPC 00000001)
[STDERR  ] 2017-12-08T17:20:10.490024875Z: [    0.000000] Zone ranges:
[STDERR  ] 2017-12-08T17:20:10.490043265Z: [    0.000000]   DMA      [mem 0x0000000000001000-0x0000000000ffffff]
[STDERR  ] 2017-12-08T17:20:10.490066171Z: [    0.000000]   DMA32    [mem 0x0000000001000000-0x000000003ffdefff]
[STDERR  ] 2017-12-08T17:20:10.490084387Z: [    0.000000]   Normal   empty
[STDERR  ] 2017-12-08T17:20:10.490103107Z: [    0.000000] Movable zone start for each node
[STDERR  ] 2017-12-08T17:20:10.490121894Z: [    0.000000] Early memory node ranges
[STDERR  ] 2017-12-08T17:20:10.490149627Z: [    0.000000]   node   0: [mem 0x0000000000001000-0x000000000009efff]
[STDERR  ] 2017-12-08T17:20:10.49016888Z: [    0.000000]   node   0: [mem 0x0000000000100000-0x000000003ffdefff]
[STDERR  ] 2017-12-08T17:20:10.490186682Z: [    0.000000] Initmem setup node 0 [mem 0x0000000000001000-0x000000003ffdefff]
[STDERR  ] 2017-12-08T17:20:10.490205473Z: [    0.000000] ACPI: PM-Timer IO Port: 0x608
[STDERR  ] 2017-12-08T17:20:10.490225017Z: [    0.000000] ACPI: LAPIC_NMI (acpi_id[0xff] dfl dfl lint[0x1])
[STDERR  ] 2017-12-08T17:20:10.490250474Z: [    0.000000] IOAPIC[0]: apic_id 0, version 32, address 0xfec00000, GSI 0-23
[STDERR  ] 2017-12-08T17:20:10.490270152Z: [    0.000000] ACPI: INT_SRC_OVR (bus 0 bus_irq 0 global_irq 2 dfl dfl)
[STDERR  ] 2017-12-08T17:20:10.490289381Z: [    0.000000] ACPI: INT_SRC_OVR (bus 0 bus_irq 5 global_irq 5 high level)
[STDERR  ] 2017-12-08T17:20:10.490337021Z: [    0.000000] ACPI: INT_SRC_OVR (bus 0 bus_irq 9 global_irq 9 high level)
[STDERR  ] 2017-12-08T17:20:10.490356948Z: [    0.000000] ACPI: INT_SRC_OVR (bus 0 bus_irq 10 global_irq 10 high level)
[STDERR  ] 2017-12-08T17:20:10.490376748Z: [    0.000000] ACPI: INT_SRC_OVR (bus 0 bus_irq 11 global_irq 11 high level)
[STDERR  ] 2017-12-08T17:20:10.490396228Z: [    0.000000] Using ACPI (MADT) for SMP configuration information
[STDERR  ] 2017-12-08T17:20:10.490421243Z: [    0.000000] ACPI: HPET id: 0x8086a201 base: 0xfed00000
[STDERR  ] 2017-12-08T17:20:10.490441464Z: [    0.000000] smpboot: Allowing 1 CPUs, 0 hotplug CPUs
[STDERR  ] 2017-12-08T17:20:10.490461083Z: [    0.000000] e820: [mem 0x40000000-0xafffffff] available for PCI devices
[STDERR  ] 2017-12-08T17:20:10.490480599Z: [    0.000000] Booting paravirtualized kernel on bare hardware
[STDERR  ] 2017-12-08T17:20:10.490500251Z: [    0.000000] clocksource: refined-jiffies: mask: 0xffffffff max_cycles: 0xffffffff, max_idle_ns: 19112604462750000 ns
[STDERR  ] 2017-12-08T17:20:10.490520693Z: [    0.000000] setup_percpu: NR_CPUS:128 nr_cpumask_bits:128 nr_cpu_ids:1 nr_node_ids:1
[STDERR  ] 2017-12-08T17:20:10.490539974Z: [    0.000000] percpu: Embedded 35 pages/cpu @ffff9e8cbda00000 s105048 r8192 d30120 u2097152
[STDERR  ] 2017-12-08T17:20:10.49055901Z: [    0.000000] Built 1 zonelists in Zone order, mobility grouping on.  Total pages: 257896
[STDERR  ] 2017-12-08T17:20:10.490578748Z: [    0.000000] Kernel command line: console=ttyS0
[STDERR  ] 2017-12-08T17:20:10.490606017Z: [    0.000000] PID hash table entries: 4096 (order: 3, 32768 bytes)
[STDERR  ] 2017-12-08T17:20:10.490625542Z: [    0.000000] Dentry cache hash table entries: 131072 (order: 8, 1048576 bytes)
[STDERR  ] 2017-12-08T17:20:10.490650617Z: [    0.000000] Inode-cache hash table entries: 65536 (order: 7, 524288 bytes)
[STDERR  ] 2017-12-08T17:20:10.490670863Z: [    0.000000] Memory: 979520K/1048052K available (8047K kernel code, 1367K rwdata, 2700K rodata, 1380K init, 568K bss, 68532K reserved, 0K cma-reserved)
[STDERR  ] 2017-12-08T17:20:10.49069246Z: [    0.000000] Hierarchical RCU implementation.
[STDERR  ] 2017-12-08T17:20:10.490710312Z: [    0.000000] 	Build-time adjustment of leaf fanout to 64.
[STDERR  ] 2017-12-08T17:20:10.490726727Z: [    0.000000] 	RCU restricting CPUs from NR_CPUS=128 to nr_cpu_ids=1.
[STDERR  ] 2017-12-08T17:20:10.490742184Z: [    0.000000] RCU: Adjusting geometry for rcu_fanout_leaf=64, nr_cpu_ids=1
[STDERR  ] 2017-12-08T17:20:10.490761246Z: [    0.000000] NR_IRQS:8448 nr_irqs:256 16
[STDERR  ] 2017-12-08T17:20:10.49077661Z: [    0.000000] Console: colour VGA+ 80x25
[STDERR  ] 2017-12-08T17:20:10.490788722Z: [    0.000000] console [ttyS0] enabled
[STDERR  ] 2017-12-08T17:20:10.490800795Z: [    0.000000] clocksource: hpet: mask: 0xffffffff max_cycles: 0xffffffff, max_idle_ns: 19112604467 ns
[STDERR  ] 2017-12-08T17:20:10.490813656Z: [    0.000000] tsc: Unable to calibrate against PIT
[STDERR  ] 2017-12-08T17:20:10.490831869Z: [    0.000000] tsc: using HPET reference calibration
[STDERR  ] 2017-12-08T17:20:10.490844032Z: [    0.000000] tsc: Detected 2599.873 MHz processor
[STDERR  ] 2017-12-08T17:20:10.490856025Z: [    0.032074] Calibrating delay loop (skipped), value calculated using timer frequency.. 5199.74 BogoMIPS (lpj=25998730)
[STDERR  ] 2017-12-08T17:20:10.490868412Z: [    0.040252] pid_max: default: 32768 minimum: 301
[STDERR  ] 2017-12-08T17:20:10.490880535Z: [    0.041177] ACPI: Core revision 20160831
[STDERR  ] 2017-12-08T17:20:10.490892731Z: [    0.064787] ACPI: 1 ACPI AML tables successfully acquired and loaded
[STDERR  ] 2017-12-08T17:20:10.490909822Z: [    0.068992] Security Framework initialized
[STDERR  ] 2017-12-08T17:20:10.490926252Z: [    0.069412] Yama: becoming mindful.
[STDERR  ] 2017-12-08T17:20:10.490940945Z: [    0.072040] Mount-cache hash table entries: 2048 (order: 2, 16384 bytes)
[STDERR  ] 2017-12-08T17:20:10.490958754Z: [    0.072511] Mountpoint-cache hash table entries: 2048 (order: 2, 16384 bytes)
[STDERR  ] 2017-12-08T17:20:10.490976008Z: [    0.090969] Last level iTLB entries: 4KB 0, 2MB 0, 4MB 0
[STDERR  ] 2017-12-08T17:20:10.490997742Z: [    0.091344] Last level dTLB entries: 4KB 0, 2MB 0, 4MB 0, 1GB 0
[STDERR  ] 2017-12-08T17:20:10.49101885Z: [    0.441695] Freeing SMP alternatives memory: 20K
[STDERR  ] 2017-12-08T17:20:10.491031324Z: [    0.450537] ftrace: allocating 35539 entries in 139 pages
[STDERR  ] 2017-12-08T17:20:10.49104346Z: [    0.516476] smpboot: Max logical packages: 1
[STDERR  ] 2017-12-08T17:20:10.491055801Z: [    0.523784] ..TIMER: vector=0x30 apic1=0 pin1=2 apic2=-1 pin2=-1
[STDERR  ] 2017-12-08T17:20:10.49106806Z: [    0.630000] smpboot: CPU0: AMD QEMU Virtual CPU version 2.5+ (family: 0x6, model: 0x6, stepping: 0x3)
[STDERR  ] 2017-12-08T17:20:10.491090623Z: [    0.630000] Performance Events: PMU not available due to virtualization, using software events only.
[STDERR  ] 2017-12-08T17:20:10.491110283Z: [    0.638014] NMI watchdog: disabled (cpu0): hardware events not enabled
[STDERR  ] 2017-12-08T17:20:10.49112902Z: [    0.638414] NMI watchdog: Shutting down hard lockup detector on all cpus
[STDERR  ] 2017-12-08T17:20:10.491148528Z: [    0.641174] x86: Booted up 1 node, 1 CPUs
[STDERR  ] 2017-12-08T17:20:10.491167066Z: [    0.641588] smpboot: Total of 1 processors activated (5199.74 BogoMIPS)
[STDERR  ] 2017-12-08T17:20:10.491185233Z: [    0.656464] devtmpfs: initialized
[STDERR  ] 2017-12-08T17:20:10.491209711Z: [    0.660783] x86/mm: Memory block size: 128MB
[STDERR  ] 2017-12-08T17:20:10.491226121Z: [    0.688017] clocksource: jiffies: mask: 0xffffffff max_cycles: 0xffffffff, max_idle_ns: 19112604462750000 ns
[STDERR  ] 2017-12-08T17:20:10.491244607Z: [    0.688835] futex hash table entries: 256 (order: 2, 16384 bytes)
[STDERR  ] 2017-12-08T17:20:10.491262063Z: [    0.697633] NET: Registered protocol family 16
[STDERR  ] 2017-12-08T17:20:10.491279339Z: [    0.705880] cpuidle: using governor ladder
[STDERR  ] 2017-12-08T17:20:10.491296548Z: [    0.706349] cpuidle: using governor menu
[STDERR  ] 2017-12-08T17:20:10.491315447Z: [    0.707406] ACPI: bus type PCI registered
[STDERR  ] 2017-12-08T17:20:10.491341424Z: [    0.711614] PCI: MMCONFIG for domain 0000 [bus 00-ff] at [mem 0xb0000000-0xbfffffff] (base 0xb0000000)
[STDERR  ] 2017-12-08T17:20:10.491357678Z: [    0.712270] PCI: MMCONFIG at [mem 0xb0000000-0xbfffffff] reserved in E820
[STDERR  ] 2017-12-08T17:20:10.491375584Z: [    0.713120] PCI: Using configuration type 1 for base access
[STDERR  ] 2017-12-08T17:20:10.491389749Z: [    0.751608] HugeTLB registered 2 MB page size, pre-allocated 0 pages
[STDERR  ] 2017-12-08T17:20:10.491402393Z: [    0.762997] ACPI: Added _OSI(Module Device)
[STDERR  ] 2017-12-08T17:20:10.491414587Z: [    0.763278] ACPI: Added _OSI(Processor Device)
[STDERR  ] 2017-12-08T17:20:10.491426753Z: [    0.763521] ACPI: Added _OSI(3.0 _SCP Extensions)
[STDERR  ] 2017-12-08T17:20:10.491438819Z: [    0.763755] ACPI: Added _OSI(Processor Aggregator Device)
[STDERR  ] 2017-12-08T17:20:10.491451014Z: [    0.812914] ACPI: Interpreter enabled
[STDERR  ] 2017-12-08T17:20:10.491463074Z: [    0.813713] ACPI: (supports S0 S5)
[STDERR  ] 2017-12-08T17:20:10.491474859Z: [    0.814036] ACPI: Using IOAPIC for interrupt routing
[STDERR  ] 2017-12-08T17:20:10.491486874Z: [    0.816866] PCI: Using host bridge windows from ACPI; if necessary, use "pci=nocrs" and report a bug
[STDERR  ] 2017-12-08T17:20:10.491499486Z: [    0.859828] ACPI: PCI Root Bridge [PCI0] (domain 0000 [bus 00-ff])
[STDERR  ] 2017-12-08T17:20:10.491511458Z: [    0.860801] acpi PNP0A08:00: _OSC: OS supports [ExtendedConfig ASPM ClockPM Segments MSI]
[STDERR  ] 2017-12-08T17:20:10.491523621Z: [    0.865716] acpi PNP0A08:00: _OSC: OS now controls [PCIeHotplug PME PCIeCapability]
[STDERR  ] 2017-12-08T17:20:10.491542729Z: [    0.869397] PCI host bridge to bus 0000:00
[STDERR  ] 2017-12-08T17:20:10.491554962Z: [    0.870153] pci_bus 0000:00: root bus resource [io  0x0000-0x0cf7 window]
[STDERR  ] 2017-12-08T17:20:10.491567042Z: [    0.870563] pci_bus 0000:00: root bus resource [io  0x0d00-0xffff window]
[STDERR  ] 2017-12-08T17:20:10.491585498Z: [    0.870954] pci_bus 0000:00: root bus resource [mem 0x000a0000-0x000bffff window]
[STDERR  ] 2017-12-08T17:20:10.491601614Z: [    0.871315] pci_bus 0000:00: root bus resource [mem 0xc0000000-0xfebfffff window]
[STDERR  ] 2017-12-08T17:20:10.491621386Z: [    0.871819] pci_bus 0000:00: root bus resource [bus 00-ff]
[STDERR  ] 2017-12-08T17:20:10.491655685Z: [    1.042012] pci 0000:00:1f.0: quirk: [io  0x0600-0x067f] claimed by ICH6 ACPI/GPIO/TCO
[STDERR  ] 2017-12-08T17:20:10.491667883Z: [    1.140481] ACPI: PCI Interrupt Link [LNKA] (IRQs 5 *10 11)
[STDERR  ] 2017-12-08T17:20:10.491680458Z: [    1.142048] ACPI: PCI Interrupt Link [LNKB] (IRQs 5 *10 11)
[STDERR  ] 2017-12-08T17:20:10.491692518Z: [    1.143472] ACPI: PCI Interrupt Link [LNKC] (IRQs 5 10 *11)
[STDERR  ] 2017-12-08T17:20:10.491704587Z: [    1.144892] ACPI: PCI Interrupt Link [LNKD] (IRQs 5 10 *11)
[STDERR  ] 2017-12-08T17:20:10.491716565Z: [    1.146138] ACPI: PCI Interrupt Link [LNKE] (IRQs 5 *10 11)
[STDERR  ] 2017-12-08T17:20:10.491728527Z: [    1.147345] ACPI: PCI Interrupt Link [LNKF] (IRQs 5 *10 11)
[STDERR  ] 2017-12-08T17:20:10.491740562Z: [    1.148479] ACPI: PCI Interrupt Link [LNKG] (IRQs 5 10 *11)
[STDERR  ] 2017-12-08T17:20:10.491752481Z: [    1.150272] ACPI: PCI Interrupt Link [LNKH] (IRQs 5 10 *11)
[STDERR  ] 2017-12-08T17:20:10.491764376Z: [    1.150975] ACPI: PCI Interrupt Link [GSIA] (IRQs *16)
[STDERR  ] 2017-12-08T17:20:10.491780567Z: [    1.151477] ACPI: PCI Interrupt Link [GSIB] (IRQs *17)
[STDERR  ] 2017-12-08T17:20:10.49179248Z: [    1.151998] ACPI: PCI Interrupt Link [GSIC] (IRQs *18)
[STDERR  ] 2017-12-08T17:20:10.491804512Z: [    1.152479] ACPI: PCI Interrupt Link [GSID] (IRQs *19)
[STDERR  ] 2017-12-08T17:20:10.491816502Z: [    1.152957] ACPI: PCI Interrupt Link [GSIE] (IRQs *20)
[STDERR  ] 2017-12-08T17:20:10.491828363Z: [    1.153436] ACPI: PCI Interrupt Link [GSIF] (IRQs *21)
[STDERR  ] 2017-12-08T17:20:10.491840217Z: [    1.153920] ACPI: PCI Interrupt Link [GSIG] (IRQs *22)
[STDERR  ] 2017-12-08T17:20:10.491852136Z: [    1.154387] ACPI: PCI Interrupt Link [GSIH] (IRQs *23)
[STDERR  ] 2017-12-08T17:20:10.491866709Z: [    1.157660] ACPI: Enabled 1 GPEs in block 00 to 3F
[STDERR  ] 2017-12-08T17:20:10.491878469Z: [    1.161196] SCSI subsystem initialized
[STDERR  ] 2017-12-08T17:20:10.491890476Z: [    1.163596] ACPI: bus type USB registered
[STDERR  ] 2017-12-08T17:20:10.491902388Z: [    1.164639] usbcore: registered new interface driver usbfs
[STDERR  ] 2017-12-08T17:20:10.491914247Z: [    1.165453] usbcore: registered new interface driver hub
[STDERR  ] 2017-12-08T17:20:10.49192585Z: [    1.166137] usbcore: registered new device driver usb
[STDERR  ] 2017-12-08T17:20:10.491937521Z: [    1.167247] pps_core: LinuxPPS API ver. 1 registered
[STDERR  ] 2017-12-08T17:20:10.491949322Z: [    1.167533] pps_core: Software ver. 5.3.6 - Copyright 2005-2007 Rodolfo Giometti <giometti@linux.it>
[STDERR  ] 2017-12-08T17:20:10.491961369Z: [    1.168145] PTP clock support registered
[STDERR  ] 2017-12-08T17:20:10.49197316Z: [    1.169205] wmi: Mapper loaded
[STDERR  ] 2017-12-08T17:20:10.491989357Z: [    1.170792] PCI: Using ACPI for IRQ routing
[STDERR  ] 2017-12-08T17:20:10.492001173Z: [    1.185572] NetLabel: Initializing
[STDERR  ] 2017-12-08T17:20:10.492012996Z: [    1.185713] NetLabel:  domain hash size = 128
[STDERR  ] 2017-12-08T17:20:10.492029229Z: [    1.186139] NetLabel:  protocols = UNLABELED CIPSOv4
[STDERR  ] 2017-12-08T17:20:10.492044034Z: [    1.187968] NetLabel:  unlabeled traffic allowed by default
[STDERR  ] 2017-12-08T17:20:10.49205589Z: [    1.189056] HPET: 3 timers in total, 0 timers will be used for per-cpu timer
[STDERR  ] 2017-12-08T17:20:10.492074793Z: [    1.190129] hpet0: at MMIO 0xfed00000, IRQs 2, 8, 0
[STDERR  ] 2017-12-08T17:20:10.492092376Z: [    1.190466] hpet0: 3 comparators, 64-bit 100.000000 MHz counter
[STDERR  ] 2017-12-08T17:20:10.492110982Z: [    1.195635] clocksource: Switched to clocksource hpet
[STDERR  ] 2017-12-08T17:20:10.492126924Z: [    1.369444] VFS: Disk quotas dquot_6.6.0
[STDERR  ] 2017-12-08T17:20:10.492142858Z: [    1.370062] VFS: Dquot-cache hash table entries: 512 (order 0, 4096 bytes)
[STDERR  ] 2017-12-08T17:20:10.492155512Z: [    1.374167] FS-Cache: Loaded
[STDERR  ] 2017-12-08T17:20:10.492167357Z: [    1.379239] CacheFiles: Loaded
[STDERR  ] 2017-12-08T17:20:10.492179386Z: [    1.381005] pnp: PnP ACPI init
[STDERR  ] 2017-12-08T17:20:10.492191164Z: [    1.390663] pnp: PnP ACPI: found 5 devices
[STDERR  ] 2017-12-08T17:20:10.492203053Z: [    1.427798] clocksource: acpi_pm: mask: 0xffffff max_cycles: 0xffffff, max_idle_ns: 2085701024 ns
[STDERR  ] 2017-12-08T17:20:10.492215159Z: [    1.431485] NET: Registered protocol family 2
[STDERR  ] 2017-12-08T17:20:10.492226895Z: [    1.438955] TCP established hash table entries: 8192 (order: 4, 65536 bytes)
[STDERR  ] 2017-12-08T17:20:10.492238889Z: [    1.440055] TCP bind hash table entries: 8192 (order: 5, 131072 bytes)
[STDERR  ] 2017-12-08T17:20:10.492257278Z: [    1.440992] TCP: Hash tables configured (established 8192 bind 8192)
[STDERR  ] 2017-12-08T17:20:10.492378542Z: [    1.443297] UDP hash table entries: 512 (order: 2, 16384 bytes)
[STDERR  ] 2017-12-08T17:20:10.492402102Z: [    1.443775] UDP-Lite hash table entries: 512 (order: 2, 16384 bytes)
[STDERR  ] 2017-12-08T17:20:10.492412407Z: [    1.446190] NET: Registered protocol family 1
[STDERR  ] 2017-12-08T17:20:10.49242206Z: [    1.447195] pci 0000:00:01.0: Video device with shadowed ROM at [mem 0x000c0000-0x000dffff]
[STDERR  ] 2017-12-08T17:20:10.492431778Z: [    1.454492] Unpacking initramfs...
[STDERR  ] 2017-12-08T17:20:10.492441126Z: [    6.588380] Freeing initrd memory: 34652K
[STDERR  ] 2017-12-08T17:20:10.492450225Z: [    6.608646] PCLMULQDQ-NI instructions are not detected.
[STDERR  ] 2017-12-08T17:20:10.492459935Z: [    6.609898] AVX or AES-NI instructions are not detected.
[STDERR  ] 2017-12-08T17:20:10.49246925Z: [    6.610726] CPU feature 'AVX registers' is not supported.
[STDERR  ] 2017-12-08T17:20:10.492478305Z: [    6.611051] CPU feature 'AVX registers' is not supported.
[STDERR  ] 2017-12-08T17:20:10.492487177Z: [    6.611380] CPU feature 'AVX registers' is not supported.
[STDERR  ] 2017-12-08T17:20:10.492495529Z: [    6.611770] CPU feature 'AVX registers' is not supported.
[STDERR  ] 2017-12-08T17:20:10.492503832Z: [    6.612041] AVX2 or AES-NI instructions are not detected.
[STDERR  ] 2017-12-08T17:20:10.49251197Z: [    6.612345] AVX2 instructions are not detected.
[STDERR  ] 2017-12-08T17:20:10.492521816Z: [    6.617386] audit: initializing netlink subsys (disabled)
[STDERR  ] 2017-12-08T17:20:10.492531264Z: [    6.619091] audit: type=2000 audit(1512753574.610:1): initialized
[STDERR  ] 2017-12-08T17:20:10.492540711Z: [    6.625232] workingset: timestamp_bits=46 max_order=18 bucket_order=0
[STDERR  ] 2017-12-08T17:20:10.492549769Z: [    6.631934] squashfs: version 4.0 (2009/01/31) Phillip Lougher
[STDERR  ] 2017-12-08T17:20:10.492559436Z: [    6.634578] FS-Cache: Netfs 'cifs' registered for caching
[STDERR  ] 2017-12-08T17:20:10.492568716Z: [    6.635587] fuse init (API version 7.26)
[STDERR  ] 2017-12-08T17:20:10.492578113Z: [    6.637873] SGI XFS with ACLs, security attributes, no debug enabled
[STDERR  ] 2017-12-08T17:20:10.492587135Z: [    6.642329] 9p: Installing v9fs 9p2000 file system support
[STDERR  ] 2017-12-08T17:20:10.492596287Z: [    6.642785] FS-Cache: Netfs '9p' registered for caching
[STDERR  ] 2017-12-08T17:20:10.492605517Z: [    6.668942] NET: Registered protocol family 38
[STDOUT  ] 2017-12-08T17:20:10.492609924Z: [    0.000000] Linux version 4.9.67-linuxkit (root@6ef2a1d2f11b) (gcc version 6.3.0 (Alpine 6.3.0) ) #1 SMP Wed Dec 6 10:34:24 UTC 2017
[STDOUT  ] 2017-12-08T17:20:10.492641075Z: [    0.000000] Command line: console=ttyS0
[STDOUT  ] 2017-12-08T17:20:10.492651203Z: [    0.000000] x86/fpu: Legacy x87 FPU detected.
[STDOUT  ] 2017-12-08T17:20:10.492660041Z: [    0.000000] x86/fpu: Using 'eager' FPU context switches.
[STDOUT  ] 2017-12-08T17:20:10.492668738Z: [    0.000000] e820: BIOS-provided physical RAM map:
[STDOUT  ] 2017-12-08T17:20:10.492681203Z: [    0.000000] BIOS-e820: [mem 0x0000000000000000-0x000000000009fbff] usable
[STDOUT  ] 2017-12-08T17:20:10.492690474Z: [    0.000000] BIOS-e820: [mem 0x000000000009fc00-0x000000000009ffff] reserved
[STDERR  ] 2017-12-08T17:20:10.492614514Z: [    6.669418] Key type asymmetric registered
[STDOUT  ] 2017-12-08T17:20:10.492699582Z: [    0.000000] BIOS-e820: [mem 0x00000000000f0000-0x00000000000fffff] reserved
[STDERR  ] 2017-12-08T17:20:10.492703899Z: [    6.669751] Asymmetric key parser 'x509' registered
[STDOUT  ] 2017-12-08T17:20:10.49270873Z: [    0.000000] BIOS-e820: [mem 0x0000000000100000-0x000000003ffdefff] usable
[STDOUT  ] 2017-12-08T17:20:10.49271909Z: [    0.000000] BIOS-e820: [mem 0x000000003ffdf000-0x000000003fffffff] reserved
[STDOUT  ] 2017-12-08T17:20:10.492727977Z: [    0.000000] BIOS-e820: [mem 0x00000000b0000000-0x00000000bfffffff] reserved
[STDOUT  ] 2017-12-08T17:20:10.49273627Z: [    0.000000] BIOS-e820: [mem 0x00000000fed1c000-0x00000000fed1ffff] reserved
[STDOUT  ] 2017-12-08T17:20:10.49274479Z: [    0.000000] BIOS-e820: [mem 0x00000000fffc0000-0x00000000ffffffff] reserved
[STDOUT  ] 2017-12-08T17:20:10.492754086Z: [    0.000000] NX (Execute Disable) protection: active
[STDOUT  ] 2017-12-08T17:20:10.492763209Z: [    0.000000] SMBIOS 2.8 present.
[STDOUT  ] 2017-12-08T17:20:10.492771644Z: [    0.000000] e820: last_pfn = 0x3ffdf max_arch_pfn = 0x400000000
[STDERR  ] 2017-12-08T17:20:10.492713968Z: [    6.671561] Block layer SCSI generic (bsg) driver version 0.4 loaded (major 251)
[STDOUT  ] 2017-12-08T17:20:10.492780276Z: [    0.000000] x86/PAT: Configuration [0-7]: WB  WC  UC- UC  WB  WC  UC- WT  
[STDOUT  ] 2017-12-08T17:20:10.492788993Z: [    0.000000] found SMP MP-table at [mem 0x000f6aa0-0x000f6aaf] mapped at [ffff9e8c800f6aa0]
[STDOUT  ] 2017-12-08T17:20:10.492800006Z: [    0.000000] RAMDISK: [mem 0x3ddf9000-0x3ffcffff]
[STDOUT  ] 2017-12-08T17:20:10.492808162Z: [    0.000000] ACPI: Early table checksum verification disabled
[STDOUT  ] 2017-12-08T17:20:10.492816796Z: [    0.000000] ACPI: RSDP 0x00000000000F68B0 000014 (v00 BOCHS )
[STDOUT  ] 2017-12-08T17:20:10.4928251Z: [    0.000000] ACPI: RSDT 0x000000003FFE20A8 000034 (v01 BOCHS  BXPCRSDT 00000001 BXPC 00000001)
[STDOUT  ] 2017-12-08T17:20:10.49283339Z: [    0.000000] ACPI: FACP 0x000000003FFE1EC8 0000F4 (v03 BOCHS  BXPCFACP 00000001 BXPC 00000001)
[STDOUT  ] 2017-12-08T17:20:10.492842086Z: [    0.000000] ACPI: DSDT 0x000000003FFE0040 001E88 (v01 BOCHS  BXPCDSDT 00000001 BXPC 00000001)
[STDOUT  ] 2017-12-08T17:20:10.492850218Z: [    0.000000] ACPI: FACS 0x000000003FFE0000 000040
[STDOUT  ] 2017-12-08T17:20:10.492858854Z: [    0.000000] ACPI: APIC 0x000000003FFE1FBC 000078 (v01 BOCHS  BXPCAPIC 00000001 BXPC 00000001)
[STDOUT  ] 2017-12-08T17:20:10.492867426Z: [    0.000000] ACPI: HPET 0x000000003FFE2034 000038 (v01 BOCHS  BXPCHPET 00000001 BXPC 00000001)
[STDERR  ] 2017-12-08T17:20:10.492789081Z: [    6.672941] io scheduler noop registered
[STDERR  ] 2017-12-08T17:20:10.492883262Z: [    6.673225] io scheduler deadline registered (default)
[STDERR  ] 2017-12-08T17:20:10.49289199Z: [    6.674036] io scheduler cfq registered
[STDERR  ] 2017-12-08T17:20:10.492901488Z: [    6.676319] pci_hotplug: PCI Hot Plug PCI Core version: 0.5
[STDERR  ] 2017-12-08T17:20:10.492910564Z: [    6.676855] pciehp: PCI Express Hot Plug Controller Driver version: 0.4
[STDERR  ] 2017-12-08T17:20:10.492919093Z: [    6.677558] shpchp: Standard Hot Plug PCI Controller Driver version: 0.4
[STDERR  ] 2017-12-08T17:20:10.492927765Z: [    6.678252] hv_vmbus: registering driver hyperv_fb
[STDERR  ] 2017-12-08T17:20:10.492936926Z: [    6.681676] input: Power Button as /devices/LNXSYSTM:00/LNXPWRBN:00/input/input0
[STDERR  ] 2017-12-08T17:20:10.492955867Z: [    6.682678] ACPI: Power Button [PWRF]
[STDERR  ] 2017-12-08T17:20:10.492970388Z: [    6.686929] GHES: HEST is not enabled!
[STDERR  ] 2017-12-08T17:20:10.492979227Z: [    6.694993] ACPI: PCI Interrupt Link [GSIG] enabled at IRQ 22
[STDERR  ] 2017-12-08T17:20:10.492988798Z: [    6.704817] ACPI: PCI Interrupt Link [GSIH] enabled at IRQ 23
[STDERR  ] 2017-12-08T17:20:10.49300835Z: [    6.709435] xenfs: not registering filesystem on non-xen platform
[STDERR  ] 2017-12-08T17:20:10.493017916Z: [    6.712258] Serial: 8250/16550 driver, 4 ports, IRQ sharing disabled
[STDOUT  ] 2017-12-08T17:20:10.49302115Z: [    0.000000] ACPI: MCFG 0x000000003FFE206C 00003C (v01 BOCHS  BXPCMCFG 00000001 BXPC 00000001)
[STDERR  ] 2017-12-08T17:20:10.493027615Z: [    6.737062] 00:04: ttyS0 at I/O 0x3f8 (irq = 4, base_baud = 115200) is a 16550A
[STDERR  ] 2017-12-08T17:20:10.493040614Z: [    6.747992] Non-volatile memory driver v1.3
[STDERR  ] 2017-12-08T17:20:10.493051275Z: [    6.754697] Hangcheck: starting hangcheck timer 0.9.1 (tick is 180 seconds, margin is 60 seconds).
[STDERR  ] 2017-12-08T17:20:10.493060922Z: [    6.760477] random: fast init done
[STDERR  ] 2017-12-08T17:20:10.493069662Z: [    6.761671] random: crng init done
[STDERR  ] 2017-12-08T17:20:10.493078607Z: [    6.787725] loop: module loaded
[STDERR  ] 2017-12-08T17:20:10.493087248Z: [    6.799370] nbd: registered device at major 43
[STDERR  ] 2017-12-08T17:20:10.493095481Z: [    6.829967] lpc_ich 0000:00:1f.0: I/O space for GPIO uninitialized
[STDOUT  ] 2017-12-08T17:20:10.493032384Z: [    0.000000] Zone ranges:
[STDOUT  ] 2017-12-08T17:20:10.493111932Z: [    0.000000]   DMA      [mem 0x0000000000001000-0x0000000000ffffff]
[STDOUT  ] 2017-12-08T17:20:10.493121925Z: [    0.000000]   DMA32    [mem 0x0000000001000000-0x000000003ffdefff]
[STDERR  ] 2017-12-08T17:20:10.493109056Z: [    6.831930] VMware PVSCSI driver - version 1.0.7.0-k
[STDOUT  ] 2017-12-08T17:20:10.493185136Z: [    0.000000]   Normal   empty
[STDERR  ] 2017-12-08T17:20:10.493187743Z: [    6.832651] hv_vmbus: registering driver hv_storvsc
[STDOUT  ] 2017-12-08T17:20:10.493194856Z: [    0.000000] Movable zone start for each node
[STDERR  ] 2017-12-08T17:20:10.493197733Z: [    6.838946] ACPI: PCI Interrupt Link [GSIA] enabled at IRQ 16
[STDOUT  ] 2017-12-08T17:20:10.49320461Z: [    0.000000] Early memory node ranges
[STDERR  ] 2017-12-08T17:20:10.493206828Z: [    6.845270] ahci 0000:00:1f.2: AHCI 0001.0000 32 slots 6 ports 1.5 Gbps 0x3f impl SATA mode
[STDOUT  ] 2017-12-08T17:20:10.493213668Z: [    0.000000]   node   0: [mem 0x0000000000001000-0x000000000009efff]
[STDERR  ] 2017-12-08T17:20:10.493216486Z: [    6.845671] ahci 0000:00:1f.2: flags: 64bit ncq only 
[STDOUT  ] 2017-12-08T17:20:10.493223133Z: [    0.000000]   node   0: [mem 0x0000000000100000-0x000000003ffdefff]
[STDERR  ] 2017-12-08T17:20:10.493225708Z: [    6.861743] scsi host0: ahci
[STDERR  ] 2017-12-08T17:20:10.493236679Z: [    6.864782] scsi host1: ahci
[STDERR  ] 2017-12-08T17:20:10.49324562Z: [    6.866465] scsi host2: ahci
[STDERR  ] 2017-12-08T17:20:10.493259573Z: [    6.868179] scsi host3: ahci
[STDERR  ] 2017-12-08T17:20:10.493267821Z: [    6.869812] scsi host4: ahci
[STDERR  ] 2017-12-08T17:20:10.49327613Z: [    6.871707] scsi host5: ahci
[STDERR  ] 2017-12-08T17:20:10.493284828Z: [    6.873154] ata1: SATA max UDMA/133 abar m4096@0xfebd2000 port 0xfebd2100 irq 24
[STDERR  ] 2017-12-08T17:20:10.493294026Z: [    6.873643] ata2: SATA max UDMA/133 abar m4096@0xfebd2000 port 0xfebd2180 irq 24
[STDOUT  ] 2017-12-08T17:20:10.493232122Z: [    0.000000] Initmem setup node 0 [mem 0x0000000000001000-0x000000003ffdefff]
[STDOUT  ] 2017-12-08T17:20:10.547411987Z: [    0.000000] ACPI: PM-Timer IO Port: 0x608
[STDOUT  ] 2017-12-08T17:20:10.54745204Z: [    0.000000] ACPI: LAPIC_NMI (acpi_id[0xff] dfl dfl lint[0x1])
[STDOUT  ] 2017-12-08T17:20:10.547478212Z: [    0.000000] IOAPIC[0]: apic_id 0, version 32, address 0xfec00000, GSI 0-23
[STDERR  ] 2017-12-08T17:20:10.493302806Z: [    6.873969] ata3: SATA max UDMA/133 abar m4096@0xfebd2000 port 0xfebd2200 irq 24
[STDERR  ] 2017-12-08T17:20:10.547498751Z: [    6.874268] ata4: SATA max UDMA/133 abar m4096@0xfebd2000 port 0xfebd2280 irq 24
[STDERR  ] 2017-12-08T17:20:10.547507037Z: [    6.874597] ata5: SATA max UDMA/133 abar m4096@0xfebd2000 port 0xfebd2300 irq 24
[STDERR  ] 2017-12-08T17:20:10.547520634Z: [    6.874918] ata6: SATA max UDMA/133 abar m4096@0xfebd2000 port 0xfebd2380 irq 24
[STDERR  ] 2017-12-08T17:20:10.547529989Z: [    6.885340] tun: Universal TUN/TAP device driver, 1.6
[STDERR  ] 2017-12-08T17:20:10.547538433Z: [    6.885732] tun: (C) 1999-2004 Max Krasnyansky <maxk@qualcomm.com>
[STDERR  ] 2017-12-08T17:20:10.547546782Z: [    6.896586] VMware vmxnet3 virtual NIC driver - version 1.4.a.0-k-NAPI
[STDERR  ] 2017-12-08T17:20:10.547556179Z: [    6.897439] hv_vmbus: registering driver hv_netvsc
[STDERR  ] 2017-12-08T17:20:10.547564737Z: [    6.897720] Fusion MPT base driver 3.04.20
[STDERR  ] 2017-12-08T17:20:10.547572938Z: [    6.897904] Copyright (c) 1999-2008 LSI Corporation
[STDERR  ] 2017-12-08T17:20:10.547581737Z: [    6.898432] Fusion MPT SPI Host driver 3.04.20
[STDERR  ] 2017-12-08T17:20:10.547589655Z: [    6.900492] i8042: PNP: PS/2 Controller [PNP0303:KBD,PNP0f13:MOU] at 0x60,0x64 irq 1,12
[STDERR  ] 2017-12-08T17:20:10.547599317Z: [    6.904569] serio: i8042 KBD port at 0x60,0x64 irq 1
[STDERR  ] 2017-12-08T17:20:10.547607841Z: [    6.905076] serio: i8042 AUX port at 0x60,0x64 irq 12
[STDOUT  ] 2017-12-08T17:20:10.547488022Z: [    0.000000] ACPI: INT_SRC_OVR (bus 0 bus_irq 0 global_irq 2 dfl dfl)
[STDERR  ] 2017-12-08T17:20:10.54761727Z: [    6.907961] hv_vmbus: registering driver hyperv_keyboard
[STDOUT  ] 2017-12-08T17:20:10.547697361Z: [    0.000000] ACPI: INT_SRC_OVR (bus 0 bus_irq 5 global_irq 5 high level)
[STDERR  ] 2017-12-08T17:20:10.547704683Z: [    6.909872] mousedev: PS/2 mouse device common for all mice
[STDOUT  ] 2017-12-08T17:20:10.547710145Z: [    0.000000] ACPI: INT_SRC_OVR (bus 0 bus_irq 9 global_irq 9 high level)
[STDERR  ] 2017-12-08T17:20:10.547715218Z: [    6.914371] input: AT Translated Set 2 keyboard as /devices/platform/i8042/serio0/input/input1
[STDOUT  ] 2017-12-08T17:20:10.547719219Z: [    0.000000] ACPI: INT_SRC_OVR (bus 0 bus_irq 10 global_irq 10 high level)
[STDERR  ] 2017-12-08T17:20:10.547724966Z: [    6.916954] input: PC Speaker as /devices/platform/pcspkr/input/input2
[PASS    ] linuxkit.packages.extend.btrfs 123.61s
[STDOUT  ] 2017-12-08T17:20:10.547732626Z: [    0.000000
[STDERR  ] 2017-12-08T17:20:10.547733788Z: [    6.919892] rtc_cmos 00:00: RTC can wake from S4
