[INFO    ] 2017-06-29T17:16:52.04195454Z: Running Test linuxkit.packages.ca-certificates in /tmp/with_clone1391d877/test/cases/040_packages/003_ca-certificates
[INFO    ] 2017-06-29T17:16:52.042046231Z: Running command: [/bin/sh -x /tmp/with_clone1391d877/test/cases/040_packages/003_ca-certificates/test.sh]
[STDERR  ] 2017-06-29T17:16:52.043201817Z: + set -e
[STDERR  ] 2017-06-29T17:16:52.043299419Z: + . /tmp/with_clone1391d877/test/cases/_lib/lib.sh
[STDERR  ] 2017-06-29T17:16:52.04335908Z: + [ -f src/github.com/linuxkit/rtf/lib/lib.sh ]
[STDERR  ] 2017-06-29T17:16:52.043408198Z: + LINUXKIT_TMPDIR=/tmp/with_clone1391d877/test/cases/_tmp
[STDERR  ] 2017-06-29T17:16:52.043465331Z: + [ -f /tmp/with_clone1391d877/test/cases/_tmp/env.sh ]
[STDERR  ] 2017-06-29T17:16:52.043496644Z: + . /tmp/with_clone1391d877/test/cases/_tmp/env.sh
[STDERR  ] 2017-06-29T17:16:52.043536431Z: + export LINUXKIT_EXAMPLES_DIR=/tmp/with_clone1391d877/test/cases/../../examples
[STDERR  ] 2017-06-29T17:16:52.043576374Z: + export LINUXKIT_BLUEPRINTS_DIR=/tmp/with_clone1391d877/test/cases/../../blueprints
[STDERR  ] 2017-06-29T17:16:52.043615049Z: + RT_CANCEL=253
[STDERR  ] 2017-06-29T17:16:52.0436639Z: + trap clean_up EXIT
[STDERR  ] 2017-06-29T17:16:52.043705941Z: + moby build -output kernel+initrd test-ca-certificates.yml
[STDERR  ] 2017-06-29T17:16:52.053939434Z: Extract kernel image: linuxkit/kernel:4.9.34
[STDERR  ] 2017-06-29T17:16:58.174058259Z: Add init containers:
[STDERR  ] 2017-06-29T17:16:58.17409266Z: Process init image: linuxkit/init:36c56f0664d49c5a6adc1120d1bf5ba6ac30b389
[STDERR  ] 2017-06-29T17:16:59.63267521Z: Process init image: linuxkit/runc:291131ec026430371e7c36165c3f43734fbc2541
[STDERR  ] 2017-06-29T17:17:01.436409807Z: Process init image: linuxkit/containerd:1e3e8f207421de8deac8cedc26a138d6b1661a0d
[STDERR  ] 2017-06-29T17:17:07.785746697Z: Process init image: linuxkit/ca-certificates:46b59484919bfa9af700e54e042048cb06261de4
[STDERR  ] 2017-06-29T17:17:09.176268606Z: Add onboot containers:
[STDERR  ] 2017-06-29T17:17:09.176292823Z:   Create OCI config for alpine:3.6
[STDERR  ] 2017-06-29T17:17:10.773796396Z:   Create OCI config for linuxkit/poweroff:7404cf2295df89ccfa2dda41997a28307a90cf28
[STDERR  ] 2017-06-29T17:17:12.211865799Z: Add files:
[STDERR  ] 2017-06-29T17:17:12.211920249Z:   check.sh
[STDERR  ] 2017-06-29T17:17:12.21200415Z: Create outputs:
[STDERR  ] 2017-06-29T17:17:20.351409693Z:   test-ca-certificates-kernel test-ca-certificates-initrd.img test-ca-certificates-cmdline
[STDERR  ] 2017-06-29T17:17:20.623793574Z: + linuxkit run test-ca-certificates
[STDOUT  ] 2017-06-29T17:17:53.715130365Z: [    0.000000] Linux version 4.9.34-linuxkit (root@b147ce67977e) (gcc version 6.3.0 (Alpine 6.3.0) ) #1 SMP Tue Jun 27 15:02:48 UTC 2017
[STDOUT  ] 2017-06-29T17:17:53.715157285Z: [    0.000000] Command line: console=ttyS0 page_poison=1
[STDOUT  ] 2017-06-29T17:17:53.715165139Z: [    0.000000] x86/fpu: Legacy x87 FPU detected.
[STDOUT  ] 2017-06-29T17:17:53.715185813Z: [    0.000000] x86/fpu: Using 'eager' FPU context switches.
[STDOUT  ] 2017-06-29T17:17:53.715192637Z: [    0.000000] e820: BIOS-provided physical RAM map:
[STDERR  ] 2017-06-29T17:17:53.715226873Z: + RESULT=[    0.000000] Linux version 4.9.34-linuxkit (root@b147ce67977e) (gcc version 6.3.0 (Alpine 6.3.0) ) #1 SMP Tue Jun 27 15:02:48 UTC 2017
[STDOUT  ] 2017-06-29T17:17:53.715229326Z: [    0.000000] BIOS-e820: [mem 0x0000000000000000-0x000000000009fbff] usable
[STDERR  ] 2017-06-29T17:17:53.71524279Z: [    0.000000] Command line: console=ttyS0 page_poison=1
[STDOUT  ] 2017-06-29T17:17:53.715245098Z: [    0.000000] BIOS-e820: [mem 0x000000000009fc00-0x000000000009ffff] reserved
[STDERR  ] 2017-06-29T17:17:53.71524913Z: [    0.000000] x86/fpu: Legacy x87 FPU detected.
[STDOUT  ] 2017-06-29T17:17:53.715258708Z: [    0.000000] BIOS-e820: [mem 0x00000000000f0000-0x00000000000fffff] reserved
[STDERR  ] 2017-06-29T17:17:53.715269691Z: [    0.000000] x86/fpu: Using 'eager' FPU context switches.
[STDOUT  ] 2017-06-29T17:17:53.715272153Z: [    0.000000] BIOS-e820: [mem 0x0000000000100000-0x000000003ffdefff] usable
[STDERR  ] 2017-06-29T17:17:53.715282151Z: [    0.000000] e820: BIOS-provided physical RAM map:
[STDOUT  ] 2017-06-29T17:17:53.715303149Z: [    0.000000] BIOS-e820: [mem 0x000000003ffdf000-0x000000003fffffff] reserved
[STDERR  ] 2017-06-29T17:17:53.71530501Z: [    0.000000] BIOS-e820: [mem 0x0000000000000000-0x000000000009fbff] usable
[STDOUT  ] 2017-06-29T17:17:53.715315594Z: [    0.000000] BIOS-e820: [mem 0x00000000b0000000-0x00000000bfffffff] reserved
[STDERR  ] 2017-06-29T17:17:53.715317754Z: [    0.000000] BIOS-e820: [mem 0x000000000009fc00-0x000000000009ffff] reserved
[STDOUT  ] 2017-06-29T17:17:53.715328326Z: [    0.000000] BIOS-e820: [mem 0x00000000fed1c000-0x00000000fed1ffff] reserved
[STDERR  ] 2017-06-29T17:17:53.715330161Z: [    0.000000] BIOS-e820: [mem 0x00000000000f0000-0x00000000000fffff] reserved
[STDERR  ] 2017-06-29T17:17:53.715338963Z: [    0.000000] BIOS-e820: [mem 0x0000000000100000-0x000000003ffdefff] usable
[STDOUT  ] 2017-06-29T17:17:53.715341703Z: [    0.000000] BIOS-e820: [mem 0x00000000fffc0000-0x00000000ffffffff] reserved
[STDERR  ] 2017-06-29T17:17:53.71535071Z: [    0.000000] BIOS-e820: [mem 0x000000003ffdf000-0x000000003fffffff] reserved
[STDOUT  ] 2017-06-29T17:17:53.71535793Z: [    0.000000] NX (Execute Disable) protection: active
[STDOUT  ] 2017-06-29T17:17:53.715369915Z: [    0.000000] SMBIOS 2.8 present.
[STDERR  ] 2017-06-29T17:17:53.715371605Z: [    0.000000] BIOS-e820: [mem 0x00000000b0000000-0x00000000bfffffff] reserved
[STDOUT  ] 2017-06-29T17:17:53.715382725Z: [    0.000000] e820: last_pfn = 0x3ffdf max_arch_pfn = 0x400000000
[STDERR  ] 2017-06-29T17:17:53.715384405Z: [    0.000000] BIOS-e820: [mem 0x00000000fed1c000-0x00000000fed1ffff] reserved
[STDOUT  ] 2017-06-29T17:17:53.715395032Z: [    0.000000] x86/PAT: Configuration [0-7]: WB  WC  UC- UC  WB  WC  UC- WT  
[STDERR  ] 2017-06-29T17:17:53.715396721Z: [    0.000000] BIOS-e820: [mem 0x00000000fffc0000-0x00000000ffffffff] reserved
[STDERR  ] 2017-06-29T17:17:53.715408655Z: [    0.000000] NX (Execute Disable) protection: active
[STDOUT  ] 2017-06-29T17:17:53.71541865Z: [    0.000000] found SMP MP-table at [mem 0x000f6aa0-0x000f6aaf] mapped at [ffff94a0800f6aa0]
[STDERR  ] 2017-06-29T17:17:53.715421716Z: [    0.000000] SMBIOS 2.8 present.
[STDOUT  ] 2017-06-29T17:17:53.71543136Z: [    0.000000] RAMDISK: [mem 0x3d67a000-0x3ffcffff]
[STDERR  ] 2017-06-29T17:17:53.715434014Z: [    0.000000] e820: last_pfn = 0x3ffdf max_arch_pfn = 0x400000000
[STDOUT  ] 2017-06-29T17:17:53.715438002Z: [    0.000000] ACPI: Early table checksum verification disabled
[STDERR  ] 2017-06-29T17:17:53.715447499Z: [    0.000000] x86/PAT: Configuration [0-7]: WB  WC  UC- UC  WB  WC  UC- WT  
[STDOUT  ] 2017-06-29T17:17:53.715456326Z: [    0.000000] ACPI: RSDP 0x00000000000F68C0 000014 (v00 BOCHS )
[STDERR  ] 2017-06-29T17:17:53.715460195Z: [    0.000000] found SMP MP-table at [mem 0x000f6aa0-0x000f6aaf] mapped at [ffff94a0800f6aa0]
[STDOUT  ] 2017-06-29T17:17:53.715462216Z: [    0.000000] ACPI: RSDT 0x000000003FFE2404 000034 (v01 BOCHS  BXPCRSDT 00000001 BXPC 00000001)
[STDERR  ] 2017-06-29T17:17:53.71547316Z: [    0.000000] RAMDISK: [mem 0x3d67a000-0x3ffcffff]
[STDOUT  ] 2017-06-29T17:17:53.71548154Z: [    0.000000] ACPI: FACP 0x000000003FFE22A4 000074 (v01 BOCHS  BXPCFACP 00000001 BXPC 00000001)
[STDERR  ] 2017-06-29T17:17:53.715485642Z: [    0.000000] ACPI: Early table checksum verification disabled
[STDOUT  ] 2017-06-29T17:17:53.715493941Z: [    0.000000] ACPI: DSDT 0x000000003FFE0040 002264 (v01 BOCHS  BXPCDSDT 00000001 BXPC 00000001)
[STDERR  ] 2017-06-29T17:17:53.715498091Z: [    0.000000] ACPI: RSDP 0x00000000000F68C0 000014 (v00 BOCHS )
[STDOUT  ] 2017-06-29T17:17:53.715506476Z: [    0.000000] ACPI: FACS 0x000000003FFE0000 000040
[STDERR  ] 2017-06-29T17:17:53.715510217Z: [    0.000000] ACPI: RSDT 0x000000003FFE2404 000034 (v01 BOCHS  BXPCRSDT 00000001 BXPC 00000001)
[STDOUT  ] 2017-06-29T17:17:53.715519236Z: [    0.000000] ACPI: APIC 0x000000003FFE2318 000078 (v01 BOCHS  BXPCAPIC 00000001 BXPC 00000001)
[STDERR  ] 2017-06-29T17:17:53.715522259Z: [    0.000000] ACPI: FACP 0x000000003FFE22A4 000074 (v01 BOCHS  BXPCFACP 00000001 BXPC 00000001)
[STDOUT  ] 2017-06-29T17:17:53.715535139Z: [    0.000000] ACPI: HPET 0x000000003FFE2390 000038 (v01 BOCHS  BXPCHPET 00000001 BXPC 00000001)
[STDERR  ] 2017-06-29T17:17:53.715540663Z: [    0.000000] ACPI: DSDT 0x000000003FFE0040 002264 (v01 BOCHS  BXPCDSDT 00000001 BXPC 00000001)
[STDOUT  ] 2017-06-29T17:17:53.715541994Z: [    0.000000] ACPI: MCFG 0x000000003FFE23C8 00003C (v01 BOCHS  BXPCMCFG 00000001 BXPC 00000001)
[STDERR  ] 2017-06-29T17:17:53.71555274Z: [    0.000000] ACPI: FACS 0x000000003FFE0000 000040
[STDOUT  ] 2017-06-29T17:17:53.715560433Z: [    0.000000] Zone ranges:
[STDERR  ] 2017-06-29T17:17:53.715564918Z: [    0.000000] ACPI: APIC 0x000000003FFE2318 000078 (v01 BOCHS  BXPCAPIC 00000001 BXPC 00000001)
[STDOUT  ] 2017-06-29T17:17:53.71556636Z: [    0.000000]   DMA      [mem 0x0000000000001000-0x0000000000ffffff]
[STDERR  ] 2017-06-29T17:17:53.715579861Z: [    0.000000] ACPI: HPET 0x000000003FFE2390 000038 (v01 BOCHS  BXPCHPET 00000001 BXPC 00000001)
[STDOUT  ] 2017-06-29T17:17:53.715584762Z: [    0.000000]   DMA32    [mem 0x0000000001000000-0x000000003ffdefff]
[STDERR  ] 2017-06-29T17:17:53.715586799Z: [    0.000000] ACPI: MCFG 0x000000003FFE23C8 00003C (v01 BOCHS  BXPCMCFG 00000001 BXPC 00000001)
[STDOUT  ] 2017-06-29T17:17:53.715598468Z: [    0.000000]   Normal   empty
[STDERR  ] 2017-06-29T17:17:53.715606551Z: [    0.000000] Zone ranges:
[STDOUT  ] 2017-06-29T17:17:53.715610199Z: [    0.000000] Movable zone start for each node
[STDOUT  ] 2017-06-29T17:17:53.71561665Z: [    0.000000] Early memory node ranges
[STDERR  ] 2017-06-29T17:17:53.715619201Z: [    0.000000]   DMA      [mem 0x0000000000001000-0x0000000000ffffff]
[STDOUT  ] 2017-06-29T17:17:53.71562811Z: [    0.000000]   node   0: [mem 0x0000000000001000-0x000000000009efff]
[STDERR  ] 2017-06-29T17:17:53.715631734Z: [    0.000000]   DMA32    [mem 0x0000000001000000-0x000000003ffdefff]
[STDERR  ] 2017-06-29T17:17:53.715637639Z: [    0.000000]   Normal   empty
[STDOUT  ] 2017-06-29T17:17:53.715646956Z: [    0.000000]   node   0: [mem 0x0000000000100000-0x000000003ffdefff]
[STDOUT  ] 2017-06-29T17:17:53.715653333Z: [    0.000000] Initmem setup node 0 [mem 0x0000000000001000-0x000000003ffdefff]
[STDERR  ] 2017-06-29T17:17:53.715656643Z: [    0.000000] Movable zone start for each node
[STDOUT  ] 2017-06-29T17:17:53.71566418Z: [    0.000000] ACPI: PM-Timer IO Port: 0x608
[STDERR  ] 2017-06-29T17:17:53.715664716Z: [    0.000000] Early memory node ranges
[STDERR  ] 2017-06-29T17:17:53.715677736Z: [    0.000000]   node   0: [mem 0x0000000000001000-0x000000000009efff]
[STDOUT  ] 2017-06-29T17:17:53.715683433Z: [    0.000000] ACPI: LAPIC_NMI (acpi_id[0xff] dfl dfl lint[0x1])
[STDOUT  ] 2017-06-29T17:17:53.715695318Z: [    0.000000] IOAPIC[0]: apic_id 0, version 32, address 0xfec00000, GSI 0-23
[STDERR  ] 2017-06-29T17:17:53.715697017Z: [    0.000000]   node   0: [mem 0x0000000000100000-0x000000003ffdefff]
[STDERR  ] 2017-06-29T17:17:53.715706075Z: [    0.000000] Initmem setup node 0 [mem 0x0000000000001000-0x000000003ffdefff]
[STDOUT  ] 2017-06-29T17:17:53.715706853Z: [    0.000000] ACPI: INT_SRC_OVR (bus 0 bus_irq 0 global_irq 2 dfl dfl)
[STDERR  ] 2017-06-29T17:17:53.71571804Z: [    0.000000] ACPI: PM-Timer IO Port: 0x608
[STDOUT  ] 2017-06-29T17:17:53.71572449Z: [    0.000000] ACPI: INT_SRC_OVR (bus 0 bus_irq 5 global_irq 5 high level)
[STDOUT  ] 2017-06-29T17:17:53.715736127Z: [    0.000000] ACPI: INT_SRC_OVR (bus 0 bus_irq 9 global_irq 9 high level)
[STDERR  ] 2017-06-29T17:17:53.71573774Z: [    0.000000] ACPI: LAPIC_NMI (acpi_id[0xff] dfl dfl lint[0x1])
[STDOUT  ] 2017-06-29T17:17:53.715747744Z: [    0.000000] ACPI: INT_SRC_OVR (bus 0 bus_irq 10 global_irq 10 high level)
[STDERR  ] 2017-06-29T17:17:53.715750223Z: [    0.000000] IOAPIC[0]: apic_id 0, version 32, address 0xfec00000, GSI 0-23
[STDOUT  ] 2017-06-29T17:17:53.715759906Z: [    0.000000] ACPI: INT_SRC_OVR (bus 0 bus_irq 11 global_irq 11 high level)
[STDOUT  ] 2017-06-29T17:17:53.715766513Z: [    0.000000] Using ACPI (MADT) for SMP configuration information
[STDERR  ] 2017-06-29T17:17:53.715768858Z: [    0.000000] ACPI: INT_SRC_OVR (bus 0 bus_irq 0 global_irq 2 dfl dfl)
[STDERR  ] 2017-06-29T17:17:53.715788539Z: [    0.000000] ACPI: INT_SRC_OVR (bus 0 bus_irq 5 global_irq 5 high level)
[STDOUT  ] 2017-06-29T17:17:53.715791872Z: [    0.000000] ACPI: HPET id: 0x8086a201 base: 0xfed00000
[STDOUT  ] 2017-06-29T17:17:53.715797838Z: [    0.000000] smpboot: Allowing 1 CPUs, 0 hotplug CPUs
[STDERR  ] 2017-06-29T17:17:53.715801168Z: [    0.000000] ACPI: INT_SRC_OVR (bus 0 bus_irq 9 global_irq 9 high level)
[STDERR  ] 2017-06-29T17:17:53.715807312Z: [    0.000000] ACPI: INT_SRC_OVR (bus 0 bus_irq 10 global_irq 10 high level)
[STDOUT  ] 2017-06-29T17:17:53.715816359Z: [    0.000000] e820: [mem 0x40000000-0xafffffff] available for PCI devices
[STDERR  ] 2017-06-29T17:17:53.715825776Z: [    0.000000] ACPI: INT_SRC_OVR (bus 0 bus_irq 11 global_irq 11 high level)
[STDOUT  ] 2017-06-29T17:17:53.715828423Z: [    0.000000] Booting paravirtualized kernel on bare hardware
[STDERR  ] 2017-06-29T17:17:53.715837946Z: [    0.000000] Using ACPI (MADT) for SMP configuration information
[STDOUT  ] 2017-06-29T17:17:53.715843403Z: [    0.000000] clocksource: refined-jiffies: mask: 0xffffffff max_cycles: 0xffffffff, max_idle_ns: 19112604462750000 ns
[STDERR  ] 2017-06-29T17:17:53.715849768Z: [    0.000000] ACPI: HPET id: 0x8086a201 base: 0xfed00000
[STDOUT  ] 2017-06-29T17:17:53.715856223Z: [    0.000000] setup_percpu: NR_CPUS:128 nr_cpumask_bits:128 nr_cpu_ids:1 nr_node_ids:1
[STDERR  ] 2017-06-29T17:17:53.7158616Z: [    0.000000] smpboot: Allowing 1 CPUs, 0 hotplug CPUs
[STDOUT  ] 2017-06-29T17:17:53.7158627Z: [    0.000000] percpu: Embedded 35 pages/cpu @ffff94a0bd400000 s105112 r8192 d30056 u2097152
[STDERR  ] 2017-06-29T17:17:53.715873471Z: [    0.000000] e820: [mem 0x40000000-0xafffffff] available for PCI devices
[STDOUT  ] 2017-06-29T17:17:53.715874623Z: [    0.000000] Built 1 zonelists in Zone order, mobility grouping on.  Total pages: 257896
[STDERR  ] 2017-06-29T17:17:53.715885609Z: [    0.000000] Booting paravirtualized kernel on bare hardware
[STDOUT  ] 2017-06-29T17:17:53.715894058Z: [    0.000000] Kernel command line: console=ttyS0 page_poison=1
[STDERR  ] 2017-06-29T17:17:53.715902533Z: [    0.000000] clocksource: refined-jiffies: mask: 0xffffffff max_cycles: 0xffffffff, max_idle_ns: 19112604462750000 ns
[STDOUT  ] 2017-06-29T17:17:53.715902942Z: [    0.000000] PID hash table entries: 4096 (order: 3, 32768 bytes)
[STDERR  ] 2017-06-29T17:17:53.715915226Z: [    0.000000] setup_percpu: NR_CPUS:128 nr_cpumask_bits:128 nr_cpu_ids:1 nr_node_ids:1
[STDOUT  ] 2017-06-29T17:17:53.71591656Z: [    0.000000] Dentry cache hash table entries: 131072 (order: 8, 1048576 bytes)
[STDERR  ] 2017-06-29T17:17:53.715928021Z: [    0.000000] percpu: Embedded 35 pages/cpu @ffff94a0bd400000 s105112 r8192 d30056 u2097152
[STDOUT  ] 2017-06-29T17:17:53.715938077Z: [    0.000000] Inode-cache hash table entries: 65536 (order: 7, 524288 bytes)
[STDERR  ] 2017-06-29T17:17:53.71594122Z: [    0.000000] Built 1 zonelists in Zone order, mobility grouping on.  Total pages: 257896
[STDERR  ] 2017-06-29T17:17:53.715952817Z: [    0.000000] Kernel command line: console=ttyS0 page_poison=1
[STDOUT  ] 2017-06-29T17:17:53.715955238Z: [    0.000000] Memory: 971884K/1048052K available (8023K kernel code, 1336K rwdata, 2692K rodata, 1372K init, 564K bss, 76168K reserved, 0K cma-reserved)
[STDERR  ] 2017-06-29T17:17:53.715964874Z: [    0.000000] PID hash table entries: 4096 (order: 3, 32768 bytes)
[STDOUT  ] 2017-06-29T17:17:53.715967926Z: [    0.000000] Hierarchical RCU implementation.
[STDOUT  ] 2017-06-29T17:17:53.715974815Z: [    0.000000] 	Build-time adjustment of leaf fanout to 64.
[STDERR  ] 2017-06-29T17:17:53.715977362Z: [    0.000000] Dentry cache hash table entries: 131072 (order: 8, 1048576 bytes)
[STDOUT  ] 2017-06-29T17:17:53.715986969Z: [    0.000000] 	RCU restricting CPUs from NR_CPUS=128 to nr_cpu_ids=1.
[STDERR  ] 2017-06-29T17:17:53.71598956Z: [    0.000000] Inode-cache hash table entries: 65536 (order: 7, 524288 bytes)
[STDOUT  ] 2017-06-29T17:17:53.716009622Z: [    0.000000] RCU: Adjusting geometry for rcu_fanout_leaf=64, nr_cpu_ids=1
[STDERR  ] 2017-06-29T17:17:53.71601354Z: [    0.000000] Memory: 971884K/1048052K available (8023K kernel code, 1336K rwdata, 2692K rodata, 1372K init, 564K bss, 76168K reserved, 0K cma-reserved)
[STDOUT  ] 2017-06-29T17:17:53.716016726Z: [    0.000000] NR_IRQS:8448 nr_irqs:256 16
[STDERR  ] 2017-06-29T17:17:53.716026404Z: [    0.000000] Hierarchical RCU implementation.
[STDOUT  ] 2017-06-29T17:17:53.716036189Z: [    0.000000] Console: colour VGA+ 80x25
[STDERR  ] 2017-06-29T17:17:53.716038777Z: [    0.000000] 	Build-time adjustment of leaf fanout to 64.
[STDOUT  ] 2017-06-29T17:17:53.716049711Z: [    0.000000] console [ttyS0] enabled
[STDERR  ] 2017-06-29T17:17:53.716051579Z: [    0.000000] 	RCU restricting CPUs from NR_CPUS=128 to nr_cpu_ids=1.
[STDOUT  ] 2017-06-29T17:17:53.716061924Z: [    0.000000] allocated 2097152 bytes of page_ext
[STDERR  ] 2017-06-29T17:17:53.716064408Z: [    0.000000] RCU: Adjusting geometry for rcu_fanout_leaf=64, nr_cpu_ids=1
[STDOUT  ] 2017-06-29T17:17:53.716067828Z: [    0.000000] clocksource: hpet: mask: 0xffffffff max_cycles: 0xffffffff, max_idle_ns: 19112604467 ns
[STDERR  ] 2017-06-29T17:17:53.716077294Z: [    0.000000] NR_IRQS:8448 nr_irqs:256 16
[STDOUT  ] 2017-06-29T17:17:53.716087187Z: [    0.000000] tsc: Fast TSC calibration failed
[STDERR  ] 2017-06-29T17:17:53.716089828Z: [    0.000000] Console: colour VGA+ 80x25
[STDERR  ] 2017-06-29T17:17:53.716096761Z: [    0.000000] console [ttyS0] enabled
[STDOUT  ] 2017-06-29T17:17:53.716099317Z: [    0.000000] tsc: Unable to calibrate against PIT
[STDOUT  ] 2017-06-29T17:17:53.716105998Z: [    0.000000] tsc: using HPET reference calibration
[STDERR  ] 2017-06-29T17:17:53.716108236Z: [    0.000000] allocated 2097152 bytes of page_ext
[STDOUT  ] 2017-06-29T17:17:53.71611751Z: [    0.000000] tsc: Detected 2300.130 MHz processor
[STDERR  ] 2017-06-29T17:17:53.716127551Z: [    0.000000] clocksource: hpet: mask: 0xffffffff max_cycles: 0xffffffff, max_idle_ns: 19112604467 ns
[STDERR  ] 2017-06-29T17:17:53.716135755Z: [    0.000000] tsc: Fast TSC calibration failed
[STDOUT  ] 2017-06-29T17:17:53.716135856Z: [    0.050473] Calibrating delay loop (skipped), value calculated using timer frequency.. 4600.26 BogoMIPS (lpj=23001300)
[STDOUT  ] 2017-06-29T17:17:53.716149973Z: [    0.051308] pid_max: default: 32768 minimum: 301
[STDERR  ] 2017-06-29T17:17:53.716153404Z: [    0.000000] tsc: Unable to calibrate against PIT
[STDERR  ] 2017-06-29T17:17:53.716161279Z: [    0.000000] tsc: using HPET reference calibration
[STDOUT  ] 2017-06-29T17:17:53.716161887Z: [    0.052105] ACPI: Core revision 20160831
[STDOUT  ] 2017-06-29T17:17:53.716175265Z: [    0.100065] ACPI: 1 ACPI AML tables successfully acquired and loaded
[STDERR  ] 2017-06-29T17:17:53.716179984Z: [    0.000000] tsc: Detected 2300.130 MHz processor
[STDERR  ] 2017-06-29T17:17:53.716186557Z: [    0.050473] Calibrating delay loop (skipped), value calculated using timer frequency.. 4600.26 BogoMIPS (lpj=23001300)
[STDOUT  ] 2017-06-29T17:17:53.71618743Z: [    0.103264] Security Framework initialized
[STDOUT  ] 2017-06-29T17:17:53.716194902Z: [    0.103625] Yama: becoming mindful.
[STDERR  ] 2017-06-29T17:17:53.716204466Z: [    0.051308] pid_max: default: 32768 minimum: 301
[STDERR  ] 2017-06-29T17:17:53.71621041Z: [    0.052105] ACPI: Core revision 20160831
[STDOUT  ] 2017-06-29T17:17:53.716213112Z: [    0.105346] Mount-cache hash table entries: 2048 (order: 2, 16384 bytes)
[STDOUT  ] 2017-06-29T17:17:53.716220551Z: [    0.105793] Mountpoint-cache hash table entries: 2048 (order: 2, 16384 bytes)
[STDERR  ] 2017-06-29T17:17:53.716229195Z: [    0.100065] ACPI: 1 ACPI AML tables successfully acquired and loaded
[STDOUT  ] 2017-06-29T17:17:53.716239502Z: [    0.124296] Last level iTLB entries: 4KB 0, 2MB 0, 4MB 0
[STDERR  ] 2017-06-29T17:17:53.716241206Z: [    0.103264] Security Framework initialized
[STDOUT  ] 2017-06-29T17:17:53.716253579Z: [    0.124664] Last level dTLB entries: 4KB 0, 2MB 0, 4MB 0, 1GB 0
[STDERR  ] 2017-06-29T17:17:53.71626119Z: [    0.103625] Yama: becoming mindful.
[STDERR  ] 2017-06-29T17:17:53.716269373Z: [    0.105346] Mount-cache hash table entries: 2048 (order: 2, 16384 bytes)
[STDOUT  ] 2017-06-29T17:17:53.716272556Z: [    0.432960] Freeing SMP alternatives memory: 20K (ffffffff9cea7000 - ffffffff9ceac000)
[STDOUT  ] 2017-06-29T17:17:53.71628518Z: [    0.441806] ftrace: allocating 35396 entries in 139 pages
[STDERR  ] 2017-06-29T17:17:53.716292773Z: [    0.105793] Mountpoint-cache hash table entries: 2048 (order: 2, 16384 bytes)
[STDOUT  ] 2017-06-29T17:17:53.716297419Z: [    0.601023] smpboot: Max logical packages: 1
[STDERR  ] 2017-06-29T17:17:53.716305304Z: [    0.124296] Last level iTLB entries: 4KB 0, 2MB 0, 4MB 0
[STDOUT  ] 2017-06-29T17:17:53.716309397Z: [    0.606254] ..TIMER: vector=0x30 apic1=0 pin1=2 apic2=-1 pin2=-1
[STDERR  ] 2017-06-29T17:17:53.716317965Z: [    0.124664] Last level dTLB entries: 4KB 0, 2MB 0, 4MB 0, 1GB 0
[STDOUT  ] 2017-06-29T17:17:53.716322039Z: [    0.710000] smpboot: CPU0: AMD QEMU Virtual CPU version 2.5+ (family: 0x6, model: 0x6, stepping: 0x3)
[STDERR  ] 2017-06-29T17:17:53.716327361Z: [    0.432960] Freeing SMP alternatives memory: 20K (ffffffff9cea7000 - ffffffff9ceac000)
[STDOUT  ] 2017-06-29T17:17:53.716335791Z: [    0.710000] Performance Events: PMU not available due to virtualization, using software events only.
[STDOUT  ] 2017-06-29T17:17:53.716343036Z: [    0.717338] NMI watchdog: disabled (cpu0): hardware events not enabled
[STDERR  ] 2017-06-29T17:17:53.716346271Z: [    0.441806] ftrace: allocating 35396 entries in 139 pages
[STDOUT  ] 2017-06-29T17:17:53.716354079Z: [    0.717792] NMI watchdog: Shutting down hard lockup detector on all cpus
[STDERR  ] 2017-06-29T17:17:53.716360677Z: [    0.601023] smpboot: Max logical packages: 1
[STDOUT  ] 2017-06-29T17:17:53.716372349Z: [    0.720475] x86: Booted up 1 node, 1 CPUs
[STDERR  ] 2017-06-29T17:17:53.716374Z: [    0.606254] ..TIMER: vector=0x30 apic1=0 pin1=2 apic2=-1 pin2=-1
[STDOUT  ] 2017-06-29T17:17:53.716384104Z: [    0.720836] smpboot: Total of 1 processors activated (4600.26 BogoMIPS)
[STDERR  ] 2017-06-29T17:17:53.716387468Z: [    0.710000] smpboot: CPU0: AMD QEMU Virtual CPU version 2.5+ (family: 0x6, model: 0x6, stepping: 0x3)
[STDOUT  ] 2017-06-29T17:17:53.71639649Z: [    0.735264] devtmpfs: initialized
[STDERR  ] 2017-06-29T17:17:53.716400335Z: [    0.710000] Performance Events: PMU not available due to virtualization, using software events only.
[STDOUT  ] 2017-06-29T17:17:53.716403305Z: [    0.739768] x86/mm: Memory block size: 128MB
[STDERR  ] 2017-06-29T17:17:53.716412696Z: [    0.717338] NMI watchdog: disabled (cpu0): hardware events not enabled
[STDOUT  ] 2017-06-29T17:17:53.716414824Z: [    0.802385] clocksource: jiffies: mask: 0xffffffff max_cycles: 0xffffffff, max_idle_ns: 19112604462750000 ns
[STDERR  ] 2017-06-29T17:17:53.716424722Z: [    0.717792] NMI watchdog: Shutting down hard lockup detector on all cpus
[STDERR  ] 2017-06-29T17:17:53.716431162Z: [    0.720475] x86: Booted up 1 node, 1 CPUs
[STDOUT  ] 2017-06-29T17:17:53.71643478Z: [    0.803281] futex hash table entries: 256 (order: 2, 16384 bytes)
[STDOUT  ] 2017-06-29T17:17:53.716441599Z: [    0.812759] NET: Registered protocol family 16
[STDERR  ] 2017-06-29T17:17:53.716449052Z: [    0.720836] smpboot: Total of 1 processors activated (4600.26 BogoMIPS)
[STDOUT  ] 2017-06-29T17:17:53.716452855Z: [    0.822020] cpuidle: using governor ladder
[STDERR  ] 2017-06-29T17:17:53.716454726Z: [    0.735264] devtmpfs: initialized
[STDOUT  ] 2017-06-29T17:17:53.716471539Z: [    0.822441] cpuidle: using governor menu
[STDERR  ] 2017-06-29T17:17:53.716473461Z: [    0.739768] x86/mm: Memory block size: 128MB
[STDERR  ] 2017-06-29T17:17:53.716480119Z: [    0.802385] clocksource: jiffies: mask: 0xffffffff max_cycles: 0xffffffff, max_idle_ns: 19112604462750000 ns
[STDOUT  ] 2017-06-29T17:17:53.716483719Z: [    0.823580] ACPI: bus type PCI registered
[STDOUT  ] 2017-06-29T17:17:53.716504779Z: [    0.826288] PCI: MMCONFIG for domain 0000 [bus 00-ff] at [mem 0xb0000000-0xbfffffff] (base 0xb0000000)
[STDERR  ] 2017-06-29T17:17:53.716506723Z: [    0.803281] futex hash table entries: 256 (order: 2, 16384 bytes)
[STDERR  ] 2017-06-29T17:17:53.716515534Z: [    0.812759] NET: Registered protocol family 16
[STDOUT  ] 2017-06-29T17:17:53.716522555Z: [    0.827037] PCI: MMCONFIG at [mem 0xb0000000-0xbfffffff] reserved in E820
[STDERR  ] 2017-06-29T17:17:53.716534609Z: [    0.822020] cpuidle: using governor ladder
[STDOUT  ] 2017-06-29T17:17:53.716536237Z: [    0.828324] PCI: Using configuration type 1 for base access
[STDERR  ] 2017-06-29T17:17:53.716547053Z: [    0.822441] cpuidle: using governor menu
[STDOUT  ] 2017-06-29T17:17:53.71654871Z: [    0.884682] HugeTLB registered 2 MB page size, pre-allocated 0 pages
[STDOUT  ] 2017-06-29T17:17:53.716555332Z: [    0.897044] ACPI: Added _OSI(Module Device)
[STDERR  ] 2017-06-29T17:17:53.716558903Z: [    0.823580] ACPI: bus type PCI registered
[STDOUT  ] 2017-06-29T17:17:53.7165669Z: [    0.897372] ACPI: Added _OSI(Processor Device)
[STDERR  ] 2017-06-29T17:17:53.716570998Z: [    0.826288] PCI: MMCONFIG for domain 0000 [bus 00-ff] at [mem 0xb0000000-0xbfffffff] (base 0xb0000000)
[STDERR  ] 2017-06-29T17:17:53.716583237Z: [    0.827037] PCI: MMCONFIG at [mem 0xb0000000-0xbfffffff] reserved in E820
[STDOUT  ] 2017-06-29T17:17:53.716585714Z: [    0.897668] ACPI: Added _OSI(3.0 _SCP Extensions)
[STDERR  ] 2017-06-29T17:17:53.716595536Z: [    0.828324] PCI: Using configuration type 1 for base access
[STDOUT  ] 2017-06-29T17:17:53.716599648Z: [    0.897973] ACPI: Added _OSI(Processor Aggregator Device)
[STDERR  ] 2017-06-29T17:17:53.716607716Z: [    0.884682] HugeTLB registered 2 MB page size, pre-allocated 0 pages
[STDOUT  ] 2017-06-29T17:17:53.716612172Z: [    0.971712] ACPI: Interpreter enabled
[STDERR  ] 2017-06-29T17:17:53.716619539Z: [    0.897044] ACPI: Added _OSI(Module Device)
[STDOUT  ] 2017-06-29T17:17:53.716624449Z: [    0.972505] ACPI: (supports S0 S5)
[STDERR  ] 2017-06-29T17:17:53.716631443Z: [    0.897372] ACPI: Added _OSI(Processor Device)
[STDOUT  ] 2017-06-29T17:17:53.716637112Z: [    0.972838] ACPI: Using IOAPIC for interrupt routing
[STDERR  ] 2017-06-29T17:17:53.716643234Z: [    0.897668] ACPI: Added _OSI(3.0 _SCP Extensions)
[STDOUT  ] 2017-06-29T17:17:53.716651581Z: [    0.974561] PCI: Using host bridge windows from ACPI; if necessary, use "pci=nocrs" and report a bug
[STDERR  ] 2017-06-29T17:17:53.716654859Z: [    0.897973] ACPI: Added _OSI(Processor Aggregator Device)
[STDOUT  ] 2017-06-29T17:17:53.716665818Z: [    1.036964] ACPI: PCI Root Bridge [PCI0] (domain 0000 [bus 00-ff])
[STDERR  ] 2017-06-29T17:17:53.716667378Z: [    0.971712] ACPI: Interpreter enabled
[STDOUT  ] 2017-06-29T17:17:53.716672522Z: [    1.037880] acpi PNP0A08:00: _OSC: OS supports [ExtendedConfig ASPM ClockPM Segments MSI]
[STDERR  ] 2017-06-29T17:17:53.716680287Z: [    0.972505] ACPI: (supports S0 S5)
[STDERR  ] 2017-06-29T17:17:53.716686771Z: [    0.972838] ACPI: Using IOAPIC for interrupt routing
[STDOUT  ] 2017-06-29T17:17:53.716690568Z: [    1.043545] acpi PNP0A08:00: _OSC: OS now controls [PCIeHotplug PME PCIeCapability]
[STDOUT  ] 2017-06-29T17:17:53.716699043Z: [    1.047129] PCI host bridge to bus 0000:00
[STDERR  ] 2017-06-29T17:17:53.716699672Z: [    0.974561] PCI: Using host bridge windows from ACPI; if necessary, use "pci=nocrs" and report a bug
[STDOUT  ] 2017-06-29T17:17:53.716717479Z: [    1.047552] pci_bus 0000:00: root bus resource [io  0x0000-0x0cf7 window]
[STDERR  ] 2017-06-29T17:17:53.716719311Z: [    1.036964] ACPI: PCI Root Bridge [PCI0] (domain 0000 [bus 00-ff])
[STDERR  ] 2017-06-29T17:17:53.716726018Z: [    1.037880] acpi PNP0A08:00: _OSC: OS supports [ExtendedConfig ASPM ClockPM Segments MSI]
[STDOUT  ] 2017-06-29T17:17:53.716729688Z: [    1.048021] pci_bus 0000:00: root bus resource [io  0x0d00-0xffff window]
[STDOUT  ] 2017-06-29T17:17:53.716742037Z: [    1.048464] pci_bus 0000:00: root bus resource [mem 0x000a0000-0x000bffff window]
[STDERR  ] 2017-06-29T17:17:53.71674312Z: [    1.043545] acpi PNP0A08:00: _OSC: OS now controls [PCIeHotplug PME PCIeCapability]
[STDOUT  ] 2017-06-29T17:17:53.716752819Z: [    1.048944] pci_bus 0000:00: root bus resource [mem 0xc0000000-0xfebfffff window]
[STDOUT  ] 2017-06-29T17:17:53.71676484Z: [    1.049538] pci_bus 0000:00: root bus resource [bus 00-ff]
[STDERR  ] 2017-06-29T17:17:53.716770505Z: [    1.047129] PCI host bridge to bus 0000:00
[STDERR  ] 2017-06-29T17:17:53.71678258Z: [    1.047552] pci_bus 0000:00: root bus resource [io  0x0000-0x0cf7 window]
[STDOUT  ] 2017-06-29T17:17:53.716784185Z: [    1.138055] pci 0000:00:1f.0: quirk: [io  0x0600-0x067f] claimed by ICH6 ACPI/GPIO/TCO
[STDERR  ] 2017-06-29T17:17:53.716794788Z: [    1.048021] pci_bus 0000:00: root bus resource [io  0x0d00-0xffff window]
[STDOUT  ] 2017-06-29T17:17:53.716796633Z: [    1.193511] ACPI: PCI Interrupt Link [LNKA] (IRQs 5 *10 11)
[STDERR  ] 2017-06-29T17:17:53.716801179Z: [    1.048464] pci_bus 0000:00: root bus resource [mem 0x000a0000-0x000bffff window]
[STDOUT  ] 2017-06-29T17:17:53.716809234Z: [    1.195462] ACPI: PCI Interrupt Link [LNKB] (IRQs 5 *10 11)
[STDERR  ] 2017-06-29T17:17:53.716819082Z: [    1.048944] pci_bus 0000:00: root bus resource [mem 0xc0000000-0xfebfffff window]
[STDOUT  ] 2017-06-29T17:17:53.716821743Z: [    1.197234] ACPI: PCI Interrupt Link [LNKC] (IRQs 5 10 *11)
[STDERR  ] 2017-06-29T17:17:53.716824736Z: [    1.049538] pci_bus 0000:00: root bus resource [bus 00-ff]
[STDOUT  ] 2017-06-29T17:17:53.716834889Z: [    1.198906] ACPI: PCI Interrupt Link [LNKD] (IRQs 5 10 *11)
[STDERR  ] 2017-06-29T17:17:53.716843684Z: [    1.138055] pci 0000:00:1f.0: quirk: [io  0x0600-0x067f] claimed by ICH6 ACPI/GPIO/TCO
[STDOUT  ] 2017-06-29T17:17:53.716849289Z: [    1.201123] ACPI: PCI Interrupt Link [LNKE] (IRQs 5 *10 11)
[STDERR  ] 2017-06-29T17:17:53.716855617Z: [    1.193511] ACPI: PCI Interrupt Link [LNKA] (IRQs 5 *10 11)
[STDOUT  ] 2017-06-29T17:17:53.716862019Z: [    1.202877] ACPI: PCI Interrupt Link [LNKF] (IRQs 5 *10 11)
[STDERR  ] 2017-06-29T17:17:53.716867623Z: [    1.195462] ACPI: PCI Interrupt Link [LNKB] (IRQs 5 *10 11)
[STDOUT  ] 2017-06-29T17:17:53.716874168Z: [    1.204552] ACPI: PCI Interrupt Link [LNKG] (IRQs 5 10 *11)
[STDERR  ] 2017-06-29T17:17:53.716879552Z: [    1.197234] ACPI: PCI Interrupt Link [LNKC] (IRQs 5 10 *11)
[STDERR  ] 2017-06-29T17:17:53.716886004Z: [    1.198906] ACPI: PCI Interrupt Link [LNKD] (IRQs 5 10 *11)
[STDOUT  ] 2017-06-29T17:17:53.716886271Z: [    1.206232] ACPI: PCI Interrupt Link [LNKH] (IRQs 5 10 *11)
[STDOUT  ] 2017-06-29T17:17:53.716894086Z: [    1.207037] ACPI: PCI Interrupt Link [GSIA] (IRQs *16)
[STDERR  ] 2017-06-29T17:17:53.716897011Z: [    1.201123] ACPI: PCI Interrupt Link [LNKE] (IRQs 5 *10 11)
[STDOUT  ] 2017-06-29T17:17:53.716905708Z: [    1.207646] ACPI: PCI Interrupt Link [GSIB] (IRQs *17)
[STDERR  ] 2017-06-29T17:17:53.716915464Z: [    1.202877] ACPI: PCI Interrupt Link [LNKF] (IRQs 5 *10 11)
[STDOUT  ] 2017-06-29T17:17:53.71692435Z: [    1.208240] ACPI: PCI Interrupt Link [GSIC] (IRQs *18)
[STDERR  ] 2017-06-29T17:17:53.71692717Z: [    1.204552] ACPI: PCI Interrupt Link [LNKG] (IRQs 5 10 *11)
[STDERR  ] 2017-06-29T17:17:53.716933807Z: [    1.206232] ACPI: PCI Interrupt Link [LNKH] (IRQs 5 10 *11)
[STDOUT  ] 2017-06-29T17:17:53.716937041Z: [    1.208834] ACPI: PCI Interrupt Link [GSID] (IRQs *19)
[STDOUT  ] 2017-06-29T17:17:53.716943865Z: [    1.209427] ACPI: PCI Interrupt Link [GSIE] (IRQs *20)
[STDERR  ] 2017-06-29T17:17:53.716954009Z: [    1.207037] ACPI: PCI Interrupt Link [GSIA] (IRQs *16)
[STDOUT  ] 2017-06-29T17:17:53.71696327Z: [    1.210161] ACPI: PCI Interrupt Link [GSIF] (IRQs *21)
[STDERR  ] 2017-06-29T17:17:53.716965861Z: [    1.207646] ACPI: PCI Interrupt Link [GSIB] (IRQs *17)
[STDOUT  ] 2017-06-29T17:17:53.716969208Z: [    1.210770] ACPI: PCI Interrupt Link [GSIG] (IRQs *22)
[STDERR  ] 2017-06-29T17:17:53.716978108Z: [    1.208240] ACPI: PCI Interrupt Link [GSIC] (IRQs *18)
[STDERR  ] 2017-06-29T17:17:53.716983842Z: [    1.208834] ACPI: PCI Interrupt Link [GSID] (IRQs *19)
[STDOUT  ] 2017-06-29T17:17:53.716987947Z: [    1.211368] ACPI: PCI Interrupt Link [GSIH] (IRQs *23)
[STDOUT  ] 2017-06-29T17:17:53.717004922Z: [    1.214947] ACPI: Enabled 2 GPEs in block 00 to 3F
[STDERR  ] 2017-06-29T17:17:53.717011038Z: [    1.209427] ACPI: PCI Interrupt Link [GSIE] (IRQs *20)
[STDOUT  ] 2017-06-29T17:17:53.717016449Z: [    1.219243] SCSI subsystem initialized
[STDOUT  ] 2017-06-29T17:17:53.717023041Z: [    1.221088] ACPI: bus type USB registered
[STDERR  ] 2017-06-29T17:17:53.717023858Z: [    1.210161] ACPI: PCI Interrupt Link [GSIF] (IRQs *21)
[STDERR  ] 2017-06-29T17:17:53.717031242Z: [    1.210770] ACPI: PCI Interrupt Link [GSIG] (IRQs *22)
[STDOUT  ] 2017-06-29T17:17:53.717034233Z: [    1.222088] usbcore: registered new interface driver usbfs
[STDERR  ] 2017-06-29T17:17:53.717049079Z: [    1.211368] ACPI: PCI Interrupt Link [GSIH] (IRQs *23)
[STDOUT  ] 2017-06-29T17:17:53.717053101Z: [    1.222923] usbcore: registered new interface driver hub
[STDOUT  ] 2017-06-29T17:17:53.717059401Z: [    1.223600] usbcore: registered new device driver usb
[STDERR  ] 2017-06-29T17:17:53.717062969Z: [    1.214947] ACPI: Enabled 2 GPEs in block 00 to 3F
[STDOUT  ] 2017-06-29T17:17:53.717070605Z: [    1.224608] pps_core: LinuxPPS API ver. 1 registered
[STDERR  ] 2017-06-29T17:17:53.717080152Z: [    1.219243] SCSI subsystem initialized
[STDERR  ] 2017-06-29T17:17:53.717085891Z: [    1.221088] ACPI: bus type USB registered
[STDOUT  ] 2017-06-29T17:17:53.717090207Z: [    1.224858] pps_core: Software ver. 5.3.6 - Copyright 2005-2007 Rodolfo Giometti <giometti@linux.it>
[STDOUT  ] 2017-06-29T17:17:53.717102442Z: [    1.225390] PTP clock support registered
[STDERR  ] 2017-06-29T17:17:53.717104242Z: [    1.222088] usbcore: registered new interface driver usbfs
[STDOUT  ] 2017-06-29T17:17:53.717114701Z: [    1.226440] wmi: Mapper loaded
[STDERR  ] 2017-06-29T17:17:53.717117957Z: [    1.222923] usbcore: registered new interface driver hub
[STDOUT  ] 2017-06-29T17:17:53.717121328Z: [    1.227376] PCI: Using ACPI for IRQ routing
[STDERR  ] 2017-06-29T17:17:53.717130203Z: [    1.223600] usbcore: registered new device driver usb
[STDOUT  ] 2017-06-29T17:17:53.717139598Z: [    1.246053] NetLabel: Initializing
[STDERR  ] 2017-06-29T17:17:53.717142439Z: [    1.224608] pps_core: LinuxPPS API ver. 1 registered
[STDOUT  ] 2017-06-29T17:17:53.717145574Z: [    1.246271] NetLabel:  domain hash size = 128
[STDERR  ] 2017-06-29T17:17:53.717154812Z: [    1.224858] pps_core: Software ver. 5.3.6 - Copyright 2005-2007 Rodolfo Giometti <giometti@linux.it>
[STDERR  ] 2017-06-29T17:17:53.717167085Z: [    1.225390] PTP clock support registered
[STDOUT  ] 2017-06-29T17:17:53.717164001Z: [    1.246484] NetLabel:  protocols = UNLABELED CIPSOv4
[STDOUT  ] 2017-06-29T17:17:53.717175516Z: [    1.248149] NetLabel:  unlabeled traffic allowed by default
[STDERR  ] 2017-06-29T17:17:53.717181121Z: [    1.226440] wmi: Mapper loaded
[STDOUT  ] 2017-06-29T17:17:53.717186358Z: [    1.248948] HPET: 3 timers in total, 0 timers will be used for per-cpu timer
[STDERR  ] 2017-06-29T17:17:53.717193345Z: [    1.227376] PCI: Using ACPI for IRQ routing
[STDOUT  ] 2017-06-29T17:17:53.71720468Z: [    1.249531] hpet0: at MMIO 0xfed00000, IRQs 2, 8, 0
[STDERR  ] 2017-06-29T17:17:53.717206289Z: [    1.246053] NetLabel: Initializing
[STDOUT  ] 2017-06-29T17:17:53.717216891Z: [    1.250037] hpet0: 3 comparators, 64-bit 100.000000 MHz counter
[STDERR  ] 2017-06-29T17:17:53.717218618Z: [    1.246271] NetLabel:  domain hash size = 128
[STDOUT  ] 2017-06-29T17:17:53.717228834Z: [    1.255155] clocksource: Switched to clocksource hpet
[STDERR  ] 2017-06-29T17:17:53.717231074Z: [    1.246484] NetLabel:  protocols = UNLABELED CIPSOv4
[STDERR  ] 2017-06-29T17:17:53.717244047Z: [    1.248149] NetLabel:  unlabeled traffic allowed by default
[STDOUT  ] 2017-06-29T17:17:53.717245655Z: [    1.531658] VFS: Disk quotas dquot_6.6.0
[STDERR  ] 2017-06-29T17:17:53.717256751Z: [    1.248948] HPET: 3 timers in total, 0 timers will be used for per-cpu timer
[STDOUT  ] 2017-06-29T17:17:53.717266695Z: [    1.532336] VFS: Dquot-cache hash table entries: 512 (order 0, 4096 bytes)
[STDERR  ] 2017-06-29T17:17:53.717266751Z: [    1.249531] hpet0: at MMIO 0xfed00000, IRQs 2, 8, 0
[STDOUT  ] 2017-06-29T17:17:53.717279221Z: [    1.534818] FS-Cache: Loaded
[STDERR  ] 2017-06-29T17:17:53.717280631Z: [    1.250037] hpet0: 3 comparators, 64-bit 100.000000 MHz counter
[STDOUT  ] 2017-06-29T17:17:53.717291382Z: [    1.539551] CacheFiles: Loaded
[STDERR  ] 2017-06-29T17:17:53.717302078Z: [    1.255155] clocksource: Switched to clocksource hpet
[STDOUT  ] 2017-06-29T17:17:53.717304298Z: [    1.541239] pnp: PnP ACPI init
[STDERR  ] 2017-06-29T17:17:53.717314789Z: [    1.531658] VFS: Disk quotas dquot_6.6.0
[STDOUT  ] 2017-06-29T17:17:53.717316416Z: [    1.552713] pnp: PnP ACPI: found 5 devices
[STDERR  ] 2017-06-29T17:17:53.717326736Z: [    1.532336] VFS: Dquot-cache hash table entries: 512 (order 0, 4096 bytes)
[STDOUT  ] 2017-06-29T17:17:53.717323132Z: [    1.601458] clocksource: acpi_pm: mask: 0xffffff max_cycles: 0xffffff, max_idle_ns: 2085701024 ns
[STDERR  ] 2017-06-29T17:17:53.717339535Z: [    1.534818] FS-Cache: Loaded
[STDOUT  ] 2017-06-29T17:17:53.717347426Z: [    1.604331] NET: Registered protocol family 2
[STDERR  ] 2017-06-29T17:17:53.717350425Z: [    1.539551] CacheFiles: Loaded
[STDOUT  ] 2017-06-29T17:17:53.71735317Z: [    1.611328] TCP established hash table entries: 8192 (order: 4, 65536 bytes)
[STDERR  ] 2017-06-29T17:17:53.717384858Z: [    1.541239] pnp: PnP ACPI init
[STDOUT  ] 2017-06-29T17:17:53.717405855Z: [    1.611997] TCP bind hash table entries: 8192 (order: 5, 131072 bytes)
[STDERR  ] 2017-06-29T17:17:53.717410464Z: [    1.552713] pnp: PnP ACPI: found 5 devices
[STDOUT  ] 2017-06-29T17:17:53.717418288Z: [    1.612613] TCP: Hash tables configured (established 8192 bind 8192)
[STDERR  ] 2017-06-29T17:17:53.717422448Z: [    1.601458] clocksource: acpi_pm: mask: 0xffffff max_cycles: 0xffffff, max_idle_ns: 2085701024 ns
[STDOUT  ] 2017-06-29T17:17:53.717430512Z: [    1.614456] UDP hash table entries: 512 (order: 2, 16384 bytes)
[STDERR  ] 2017-06-29T17:17:53.717434366Z: [    1.604331] NET: Registered protocol family 2
[STDOUT  ] 2017-06-29T17:17:53.717437138Z: [    1.615118] UDP-Lite hash table entries: 512 (order: 2, 16384 bytes)
[STDERR  ] 2017-06-29T17:17:53.717441116Z: [    1.611328] TCP established hash table entries: 8192 (order: 4, 65536 bytes)
[STDOUT  ] 2017-06-29T17:17:53.717454922Z: [    1.617278] NET: Registered protocol family 1
[STDERR  ] 2017-06-29T17:17:53.717458763Z: [    1.611997] TCP bind hash table entries: 8192 (order: 5, 131072 bytes)
[STDOUT  ] 2017-06-29T17:17:53.717460774Z: [    1.618215] pci 0000:00:01.0: Video device with shadowed ROM at [mem 0x000c0000-0x000dffff]
[STDERR  ] 2017-06-29T17:17:53.717464659Z: [    1.612613] TCP: Hash tables configured (established 8192 bind 8192)
[STDOUT  ] 2017-06-29T17:17:53.717479589Z: [    1.625139] Unpacking initramfs...
[STDERR  ] 2017-06-29T17:17:53.717489166Z: [    1.614456] UDP hash table entries: 512 (order: 2, 16384 bytes)
[STDOUT  ] 2017-06-29T17:17:53.71749176Z: [    9.666253] Freeing initrd memory: 42328K (ffff94a0bd67a000 - ffff94a0bffd0000)
[STDOUT  ] 2017-06-29T17:17:53.717498456Z: [    9.704233] PCLMULQDQ-NI instructions are not detected.
[STDERR  ] 2017-06-29T17:17:53.717501093Z: [    1.615118] UDP-Lite hash table entries: 512 (order: 2, 16384 bytes)
[STDERR  ] 2017-06-29T17:17:53.717513189Z: [    1.617278] NET: Registered protocol family 1
[STDOUT  ] 2017-06-29T17:17:53.717515883Z: [    9.705828] AVX or AES-NI instructions are not detected.
[STDERR  ] 2017-06-29T17:17:53.717525404Z: [    1.618215] pci 0000:00:01.0: Video device with shadowed ROM at [mem 0x000c0000-0x000dffff]
[STDOUT  ] 2017-06-29T17:17:53.717528014Z: [    9.706313] CPU feature 'AVX registers' is not supported.
[STDOUT  ] 2017-06-29T17:17:53.717534009Z: [    9.706738] CPU feature 'AVX registers' is not supported.
[STDERR  ] 2017-06-29T17:17:53.717537686Z: [    1.625139] Unpacking initramfs...
[STDOUT  ] 2017-06-29T17:17:53.717552221Z: [    9.707150] CPU feature 'AVX registers' is not supported.
[STDERR  ] 2017-06-29T17:17:53.717560511Z: [    9.666253] Freeing initrd memory: 42328K (ffff94a0bd67a000 - ffff94a0bffd0000)
[STDOUT  ] 2017-06-29T17:17:53.717564252Z: [    9.707610] CPU feature 'AVX registers' is not supported.
[STDERR  ] 2017-06-29T17:17:53.71757291Z: [    9.704233] PCLMULQDQ-NI instructions are not detected.
[STDOUT  ] 2017-06-29T17:17:53.717579358Z: [    9.707978] AVX2 or AES-NI instructions are not detected.
[STDERR  ] 2017-06-29T17:17:53.71757952Z: [    9.705828] AVX or AES-NI instructions are not detected.
[STDOUT  ] 2017-06-29T17:17:53.717591179Z: [    9.708289] AVX2 instructions are not detected.
[STDERR  ] 2017-06-29T17:17:53.717592329Z: [    9.706313] CPU feature 'AVX registers' is not supported.
[STDOUT  ] 2017-06-29T17:17:53.717603233Z: [    9.719054] audit: initializing netlink subsys (disabled)
[STDOUT  ] 2017-06-29T17:17:53.717609914Z: [    9.722603] audit: type=2000 audit(1498756650.720:1): initialized
[STDERR  ] 2017-06-29T17:17:53.717611607Z: [    9.706738] CPU feature 'AVX registers' is not supported.
[STDERR  ] 2017-06-29T17:17:53.71762372Z: [    9.707150] CPU feature 'AVX registers' is not supported.
[STDOUT  ] 2017-06-29T17:17:53.717627653Z: [    9.733125] workingset: timestamp_bits=46 max_order=18 bucket_order=0
[STDERR  ] 2017-06-29T17:17:53.717635219Z: [    9.707610] CPU feature 'AVX registers' is not supported.
[STDOUT  ] 2017-06-29T17:17:53.717636461Z: [    9.743618] FS-Cache: Netfs 'cifs' registered for caching
[STDERR  ] 2017-06-29T17:17:53.717646961Z: [    9.707978] AVX2 or AES-NI instructions are not detected.
[STDOUT  ] 2017-06-29T17:17:53.717655376Z: [    9.744525] fuse init (API version 7.26)
[STDERR  ] 2017-06-29T17:17:53.717658851Z: [    9.708289] AVX2 instructions are not detected.
[STDOUT  ] 2017-06-29T17:17:53.71766748Z: [    9.746744] SGI XFS with ACLs, security attributes, no debug enabled
[STDERR  ] 2017-06-29T17:17:53.717670729Z: [    9.719054] audit: initializing netlink subsys (disabled)
[STDOUT  ] 2017-06-29T17:17:53.717679772Z: [    9.751259] 9p: Installing v9fs 9p2000 file system support
[STDERR  ] 2017-06-29T17:17:53.717682804Z: [    9.722603] audit: type=2000 audit(1498756650.720:1): initialized
[STDOUT  ] 2017-06-29T17:17:53.717691873Z: [    9.751731] FS-Cache: Netfs '9p' registered for caching
[STDERR  ] 2017-06-29T17:17:53.717694876Z: [    9.733125] workingset: timestamp_bits=46 max_order=18 bucket_order=0
[STDOUT  ] 2017-06-29T17:17:53.717704013Z: [    9.786270] NET: Registered protocol family 38
[STDERR  ] 2017-06-29T17:17:53.7177068Z: [    9.743618] FS-Cache: Netfs 'cifs' registered for caching
[STDOUT  ] 2017-06-29T17:17:53.717716037Z: [    9.786794] Key type asymmetric registered
[STDERR  ] 2017-06-29T17:17:53.717718956Z: [    9.744525] fuse init (API version 7.26)
[STDERR  ] 2017-06-29T17:17:53.717730921Z: [    9.746744] SGI XFS with ACLs, security attributes, no debug enabled
[STDOUT  ] 2017-06-29T17:17:53.717727959Z: [    9.787142] Asymmetric key parser 'x509' registered
[STDERR  ] 2017-06-29T17:17:53.717743199Z: [    9.751259] 9p: Installing v9fs 9p2000 file system support
[STDERR  ] 2017-06-29T17:17:53.717749452Z: [    9.751731] FS-Cache: Netfs '9p' registered for caching
[STDOUT  ] 2017-06-29T17:17:53.717745082Z: [    9.787910] Block layer SCSI generic (bsg) driver version 0.4 loaded (major 251)
[STDERR  ] 2017-06-29T17:17:53.717760918Z: [    9.786270] NET: Registered protocol family 38
[STDOUT  ] 2017-06-29T17:17:53.717763271Z: [    9.789149] io scheduler noop registered
[STDOUT  ] 2017-06-29T17:17:53.717775377Z: [    9.789479] io scheduler deadline registered (default)
[STDERR  ] 2017-06-29T17:17:53.717779045Z: [    9.786794] Key type asymmetric registered
[STDOUT  ] 2017-06-29T17:17:53.717787389Z: [    9.790039] io scheduler cfq registered
[STDERR  ] 2017-06-29T17:17:53.717791033Z: [    9.787142] Asymmetric key parser 'x509' registered
[STDOUT  ] 2017-06-29T17:17:53.717793785Z: [    9.793329] pci_hotplug: PCI Hot Plug PCI Core version: 0.5
[STDERR  ] 2017-06-29T17:17:53.717802801Z: [    9.787910] Block layer SCSI generic (bsg) driver version 0.4 loaded (major 251)
[STDERR  ] 2017-06-29T17:17:53.717818241Z: [    9.789149] io scheduler noop registered
[STDOUT  ] 2017-06-29T17:17:53.71782017Z: [    9.793869] pciehp: PCI Express Hot Plug Controller Driver version: 0.4
[STDOUT  ] 2017-06-29T17:17:53.717826051Z: [    9.794672] shpchp: Standard Hot Plug PCI Controller Driver version: 0.4
[STDERR  ] 2017-06-29T17:17:53.717830599Z: [    9.789479] io scheduler deadline registered (default)
[STDERR  ] 2017-06-29T17:17:53.717842457Z: [    9.790039] io scheduler cfq registered
[STDOUT  ] 2017-06-29T17:17:53.717844375Z: [    9.795471] hv_vmbus: registering driver hyperv_fb
[STDERR  ] 2017-06-29T17:17:53.717854465Z: [    9.793329] pci_hotplug: PCI Hot Plug PCI Core version: 0.5
[STDOUT  ] 2017-06-29T17:17:53.717856331Z: [    9.798545] input: Power Button as /devices/LNXSYSTM:00/LNXPWRBN:00/input/input0
[STDERR  ] 2017-06-29T17:17:53.717866557Z: [    9.793869] pciehp: PCI Express Hot Plug Controller Driver version: 0.4
[STDOUT  ] 2017-06-29T17:17:53.717868369Z: [    9.799573] ACPI: Power Button [PWRF]
[STDERR  ] 2017-06-29T17:17:53.717878491Z: [    9.794672] shpchp: Standard Hot Plug PCI Controller Driver version: 0.4
[STDOUT  ] 2017-06-29T17:17:53.717880526Z: [    9.805004] GHES: HEST is not enabled!
[STDERR  ] 2017-06-29T17:17:53.717890573Z: [    9.795471] hv_vmbus: registering driver hyperv_fb
[STDOUT  ] 2017-06-29T17:17:53.717892546Z: [    9.816208] ACPI: PCI Interrupt Link [GSIH] enabled at IRQ 23
[STDOUT  ] 2017-06-29T17:17:53.717899166Z: [    9.822440] xenfs: not registering filesystem on non-xen platform
[STDERR  ] 2017-06-29T17:17:53.717902238Z: [    9.798545] input: Power Button as /devices/LNXSYSTM:00/LNXPWRBN:00/input/input0
[STDOUT  ] 2017-06-29T17:17:53.717912185Z: [    9.824313] Serial: 8250/16550 driver, 4 ports, IRQ sharing disabled
[STDERR  ] 2017-06-29T17:17:53.717916376Z: [    9.799573] ACPI: Power Button [PWRF]
[STDERR  ] 2017-06-29T17:17:53.717928073Z: [    9.805004] GHES: HEST is not enabled!
[STDOUT  ] 2017-06-29T17:17:53.717930824Z: [    9.851564] 00:04: ttyS0 at I/O 0x3f8 (irq = 4, base_baud = 115200) is a 16550A
[STDOUT  ] 2017-06-29T17:17:53.717937419Z: [    9.861826] Non-volatile memory driver v1.3
[STDERR  ] 2017-06-29T17:17:53.717944951Z: [    9.816208] ACPI: PCI Interrupt Link [GSIH] enabled at IRQ 23
[STDOUT  ] 2017-06-29T17:17:53.717953765Z: [    9.867584] Hangcheck: starting hangcheck timer 0.9.1 (tick is 180 seconds, margin is 60 seconds).
[STDERR  ] 2017-06-29T17:17:53.717957107Z: [    9.822440] xenfs: not registering filesystem on non-xen platform
[STDERR  ] 2017-06-29T17:17:53.717969104Z: [    9.824313] Serial: 8250/16550 driver, 4 ports, IRQ sharing disabled
[STDOUT  ] 2017-06-29T17:17:53.717972849Z: [    9.872775] random: fast init done
[STDERR  ] 2017-06-29T17:17:53.717981171Z: [    9.851564] 00:04: ttyS0 at I/O 0x3f8 (irq = 4, base_baud = 115200) is a 16550A
[STDOUT  ] 2017-06-29T17:17:53.717984847Z: [    9.873923] random: crng init done
[STDERR  ] 2017-06-29T17:17:53.717987688Z: [    9.861826] Non-volatile memory driver v1.3
[STDOUT  ] 2017-06-29T17:17:53.71799724Z: [    9.908749] loop: module loaded
[STDERR  ] 2017-06-29T17:17:53.717998906Z: [    9.867584] Hangcheck: starting hangcheck timer 0.9.1 (tick is 180 seconds, margin is 60 seconds).
[STDOUT  ] 2017-06-29T17:17:53.718009284Z: [    9.923452] nbd: registered device at major 43
[STDOUT  ] 2017-06-29T17:17:53.718021214Z: [    9.965577] lpc_ich 0000:00:1f.0: I/O space for GPIO uninitialized
[STDERR  ] 2017-06-29T17:17:53.718022865Z: [    9.872775] random: fast init done
[STDOUT  ] 2017-06-29T17:17:53.718027897Z: [    9.967226] VMware PVSCSI driver - version 1.0.7.0-k
[STDERR  ] 2017-06-29T17:17:53.718039459Z: [    9.873923] random: crng init done
[STDERR  ] 2017-06-29T17:17:53.718045906Z: [    9.908749] loop: module loaded
[STDOUT  ] 2017-06-29T17:17:53.718046909Z: [    9.967966] hv_vmbus: registering driver hv_storvsc
[STDERR  ] 2017-06-29T17:17:53.718057295Z: [    9.923452] nbd: registered device at major 43
[STDOUT  ] 2017-06-29T17:17:53.718059695Z: [    9.977887] ACPI: PCI Interrupt Link [GSIA] enabled at IRQ 16
[STDOUT  ] 2017-06-29T17:17:53.718079436Z: [    9.984083] ahci 0000:00:1f.2: AHCI 0001.0000 32 slots 6 ports 1.5 Gbps 0x3f impl SATA mode
[STDERR  ] 2017-06-29T17:17:53.718081062Z: [    9.965577] lpc_ich 0000:00:1f.0: I/O space for GPIO uninitialized
[STDOUT  ] 2017-06-29T17:17:53.718091537Z: [    9.984736] ahci 0000:00:1f.2: flags: 64bit ncq only 
[STDERR  ] 2017-06-29T17:17:53.718093253Z: [    9.967226] VMware PVSCSI driver - version 1.0.7.0-k
[STDOUT  ] 2017-06-29T17:17:53.718103748Z: [   10.005036] scsi host0: ahci
[STDERR  ] 2017-06-29T17:17:53.718105418Z: [    9.967966] hv_vmbus: registering driver hv_storvsc
[STDOUT  ] 2017-06-29T17:17:53.718109528Z: [   10.008711] scsi host1: ahci
[STDERR  ] 2017-06-29T17:17:53.718117604Z: [    9.977887] ACPI: PCI Interrupt Link [GSIA] enabled at IRQ 16
[STDERR  ] 2017-06-29T17:17:53.718124193Z: [    9.984083] ahci 0000:00:1f.2: AHCI 0001.0000 32 slots 6 ports 1.5 Gbps 0x3f impl SATA mode
[STDOUT  ] 2017-06-29T17:17:53.718128025Z: [   10.011029] scsi host2: ahci
[STDOUT  ] 2017-06-29T17:17:53.718134454Z: [   10.013140] scsi host3: ahci
[STDERR  ] 2017-06-29T17:17:53.718142132Z: [    9.984736] ahci 0000:00:1f.2: flags: 64bit ncq only 
[STDOUT  ] 2017-06-29T17:17:53.718145332Z: [   10.015299] scsi host4: ahci
[STDERR  ] 2017-06-29T17:17:53.718148031Z: [   10.005036] scsi host0: ahci
[STDOUT  ] 2017-06-29T17:17:53.718163549Z: [   10.017409] scsi host5: ahci
[STDERR  ] 2017-06-29T17:17:53.718166231Z: [   10.008711] scsi host1: ahci
[STDOUT  ] 2017-06-29T17:17:53.718175303Z: [   10.019178] ata1: SATA max UDMA/133 abar m4096@0xfebf1000 port 0xfebf1100 irq 24
[STDERR  ] 2017-06-29T17:17:53.718180209Z: [   10.011029] scsi host2: ahci
[STDOUT  ] 2017-06-29T17:17:53.718186929Z: [   10.019717] ata2: SATA max UDMA/133 abar m4096@0xfebf1000 port 0xfebf1180 irq 24
[STDERR  ] 2017-06-29T17:17:53.718192569Z: [   10.013140] scsi host3: ahci
[STDOUT  ] 2017-06-29T17:17:53.718198707Z: [   10.020356] ata3: SATA max UDMA/133 abar m4096@0xfebf1000 port 0xfebf1200 irq 24
[STDERR  ] 2017-06-29T17:17:53.718204859Z: [   10.015299] scsi host4: ahci
[STDOUT  ] 2017-06-29T17:17:53.718205113Z: [   10.020832] ata4: SATA max UDMA/133 abar m4096@0xfebf1000 port 0xfebf1280 irq 24
[STDERR  ] 2017-06-29T17:17:53.718216572Z: [   10.017409] scsi host5: ahci
[STDOUT  ] 2017-06-29T17:17:53.718217772Z: [   10.021301] ata5: SATA max UDMA/133 abar m4096@0xfebf1000 port 0xfebf1300 irq 24
[STDERR  ] 2017-06-29T17:17:53.718223077Z: [   10.019178] ata1: SATA max UDMA/133 abar m4096@0xfebf1000 port 0xfebf1100 irq 24
[STDERR  ] 2017-06-29T17:17:53.71823427Z: [   10.019717] ata2: SATA max UDMA/133 abar m4096@0xfebf1000 port 0xfebf1180 irq 24
[STDOUT  ] 2017-06-29T17:17:53.718236434Z: [   10.021766] ata6: SATA max UDMA/133 abar m4096@0xfebf1000 port 0xfebf1380 irq 24
[STDOUT  ] 2017-06-29T17:17:53.718248422Z: [   10.034461] tun: Universal TUN/TAP device driver, 1.6
[STDERR  ] 2017-06-29T17:17:53.71825492Z: [   10.020356] ata3: SATA max UDMA/133 abar m4096@0xfebf1000 port 0xfebf1200 irq 24
[STDOUT  ] 2017-06-29T17:17:53.718260567Z: [   10.034818] tun: (C) 1999-2004 Max Krasnyansky <maxk@qualcomm.com>
[STDERR  ] 2017-06-29T17:17:53.718266686Z: [   10.020832] ata4: SATA max UDMA/133 abar m4096@0xfebf1000 port 0xfebf1280 irq 24
[STDOUT  ] 2017-06-29T17:17:53.718272545Z: [   10.036802] VMware vmxnet3 virtual NIC driver - version 1.4.a.0-k-NAPI
[STDERR  ] 2017-06-29T17:17:53.718278758Z: [   10.021301] ata5: SATA max UDMA/133 abar m4096@0xfebf1000 port 0xfebf1300 irq 24
[STDOUT  ] 2017-06-29T17:17:53.718284407Z: [   10.037865] hv_vmbus: registering driver hv_netvsc
[STDERR  ] 2017-06-29T17:17:53.718285142Z: [   10.021766] ata6: SATA max UDMA/133 abar m4096@0xfebf1000 port 0xfebf1380 irq 24
[STDOUT  ] 2017-06-29T17:17:53.718296239Z: [   10.038215] Fusion MPT base driver 3.04.20
[STDOUT  ] 2017-06-29T17:17:53.71830271Z: [   10.038493] Copyright (c) 1999-2008 LSI Corporation
[STDERR  ] 2017-06-29T17:17:53.718307542Z: [   10.034461] tun: Universal TUN/TAP device driver, 1.6
[STDERR  ] 2017-06-29T17:17:53.718317022Z: [   10.034818] tun: (C) 1999-2004 Max Krasnyansky <maxk@qualcomm.com>
[STDOUT  ] 2017-06-29T17:17:53.718326603Z: [   10.039026] Fusion MPT SPI Host driver 3.04.20
[STDERR  ] 2017-06-29T17:17:53.718335995Z: [   10.036802] VMware vmxnet3 virtual NIC driver - version 1.4.a.0-k-NAPI
[STDOUT  ] 2017-06-29T17:17:53.718338453Z: [   10.041300] i8042: PNP: PS/2 Controller [PNP0303:KBD,PNP0f13:MOU] at 0x60,0x64 irq 1,12
[STDERR  ] 2017-06-29T17:17:53.718347964Z: [   10.037865] hv_vmbus: registering driver hv_netvsc
[STDOUT  ] 2017-06-29T17:17:53.718357302Z: [   10.045207] serio: i8042 KBD port at 0x60,0x64 irq 1
[STDERR  ] 2017-06-29T17:17:53.718360028Z: [   10.038215] Fusion MPT base driver 3.04.20
[STDOUT  ] 2017-06-29T17:17:53.718369328Z: [   10.045784] serio: i8042 AUX port at 0x60,0x64 irq 12
[STDERR  ] 2017-06-29T17:17:53.718371965Z: [   10.038493] Copyright (c) 1999-2008 LSI Corporation
[STDERR  ] 2017-06-29T17:17:53.718378504Z: [   10.039026] Fusion MPT SPI Host driver 3.04.20
[STDOUT  ] 2017-06-29T17:17:53.718381238Z: [   10.048694] hv_vmbus: registering driver hyperv_keyboard
[STDOUT  ] 2017-06-29T17:17:53.71839349Z: [   10.050994] mousedev: PS/2 mouse device common for all mice
[STDERR  ] 2017-06-29T17:17:53.718396133Z: [   10.041300] i8042: PNP: PS/2 Controller [PNP0303:KBD,PNP0f13:MOU] at 0x60,0x64 irq 1,12
[STDOUT  ] 2017-06-29T17:17:53.718400013Z: [   10.056019] input: AT Translated Set 2 keyboard as /devices/platform/i8042/serio0/input/input1
[STDERR  ] 2017-06-29T17:17:53.718408321Z: [   10.045207] serio: i8042 KBD port at 0x60,0x64 irq 1
[STDOUT  ] 2017-06-29T17:17:53.718417782Z: [   10.058907] input: PC Speaker as /devices/platform/pcspkr/input/input2
[STDERR  ] 2017-06-29T17:17:53.718420169Z: [   10.045784] serio: i8042 AUX port at 0x60,0x64 irq 12
[STDERR  ] 2017-06-29T17:17:53.718426918Z: [   10.048694] hv_vmbus: registering driver hyperv_keyboard
[STDOUT  ] 2017-06-29T17:17:53.718433934Z: [   10.062603] rtc_cmos 00:00: RTC can wake from S4
[STDERR  ] 2017-06-29T17:17:53.718445029Z: [   10.050994] mousedev: PS/2 mouse device common for all mice
[STDOUT  ] 2017-06-29T17:17:53.718446722Z: [   10.065716] rtc_cmos 00:00: rtc core: registered rtc_cmos as rtc0
[STDOUT  ] 2017-06-29T17:17:53.718452538Z: [   10.066868] rtc_cmos 00:00: alarms up to one day, y3k, 114 bytes nvram, hpet irqs
[STDERR  ] 2017-06-29T17:17:53.718457016Z: [   10.056019] input: AT Translated Set 2 keyboard as /devices/platform/i8042/serio0/input/input1
[STDERR  ] 2017-06-29T17:17:53.718473745Z: [   10.058907] input: PC Speaker as /devices/platform/pcspkr/input/input2
[STDOUT  ] 2017-06-29T17:17:53.718478689Z: [   10.067567] i2c /dev entries driver
[STDERR  ] 2017-06-29T17:17:53.718485459Z: [   10.062603] rtc_cmos 00:00: RTC can wake from S4
[STDOUT  ] 2017-06-29T17:17:53.718490753Z: [   10.069414] device-mapper: ioctl: 4.35.0-ioctl (2016-06-23) initialised: dm-devel@redhat.com
[STDERR  ] 2017-06-29T17:17:53.718491858Z: [   10.065716] rtc_cmos 00:00: rtc core: registered rtc_cmos as rtc0
[STDERR  ] 2017-06-29T17:17:53.718503968Z: [   10.066868] rtc_cmos 00:00: alarms up to one day, y3k, 114 bytes nvram, hpet irqs
[STDOUT  ] 2017-06-29T17:17:53.718502784Z: [   10.074110] usbcore: registered new interface driver usbhid
[STDOUT  ] 2017-06-29T17:17:53.71851933Z: [   10.074567] usbhid: USB HID core driver
[STDERR  ] 2017-06-29T17:17:53.718522959Z: [   10.067567] i2c /dev entries driver
[STDOUT  ] 2017-06-29T17:17:53.718531454Z: [   10.075107] hv_utils: Registering HyperV Utility Driver
[STDERR  ] 2017-06-29T17:17:53.718535021Z: [   10.069414] device-mapper: ioctl: 4.35.0-ioctl (2016-06-23) initialised: dm-devel@redhat.com
[STDOUT  ] 2017-06-29T17:17:53.718543541Z: [   10.075453] hv_vmbus: registering driver hv_util
[STDERR  ] 2017-06-29T17:17:53.71854702Z: [   10.074110] usbcore: registered new interface driver usbhid
[STDOUT  ] 2017-06-29T17:17:53.718555474Z: [   10.075757] hv_vmbus: registering driver hv_balloon
[STDERR  ] 2017-06-29T17:17:53.718559045Z: [   10.074567] usbhid: USB HID core driver
[STDOUT  ] 2017-06-29T17:17:53.71857429Z: [   10.076232] oprofile: using NMI interrupt.
[STDERR  ] 2017-06-29T17:17:53.718576884Z: [   10.075107] hv_utils: Registering HyperV Utility Driver
[STDERR  ] 2017-06-29T17:17:53.718583364Z: [   10.075453] hv_vmbus: registering driver hv_util
[STDOUT  ] 2017-06-29T17:17:53.718586786Z: [   10.077234] GACT probability on
[STDOUT  ] 2017-06-29T17:17:53.718593388Z: [   10.077643] Mirror/redirect action on
[STDERR  ] 2017-06-29T17:17:53.718600656Z: [   10.075757] hv_vmbus: registering driver hv_balloon
[STDERR  ] 2017-06-29T17:17:53.71861285Z: [   10.076232] oprofile: using NMI interrupt.
[STDOUT  ] 2017-06-29T17:17:53.718615361Z: [   10.078571] Simple TC action Loaded
[STDERR  ] 2017-06-29T17:17:53.718624978Z: [   10.077234] GACT probability on
[STDOUT  ] 2017-06-29T17:17:53.718627525Z: [   10.079097] u32 classifier
[STDERR  ] 2017-06-29T17:17:53.718636989Z: [   10.077643] Mirror/redirect action on
[STDOUT  ] 2017-06-29T17:17:53.718639623Z: [   10.079295]     Performance counters on
[STDERR  ] 2017-06-29T17:17:53.718642492Z: [   10.078571] Simple TC action Loaded
[STDOUT  ] 2017-06-29T17:17:53.718651868Z: [   10.079549]     input device check on
[STDOUT  ] 2017-06-29T17:17:53.718657565Z: [   10.079797]     Actions configured
[STDERR  ] 2017-06-29T17:17:53.718660869Z: [   10.079097] u32 classifier
[STDOUT  ] 2017-06-29T17:17:53.718675704Z: [   10.080540] Netfilter messages via NETLINK v0.30.
[STDERR  ] 2017-06-29T17:17:53.718672732Z: [   10.079295]     Performance counters on
[STDOUT  ] 2017-06-29T17:17:53.718688113Z: [   10.081040] nfnl_acct: registering with nfnetlink.
[STDERR  ] 2017-06-29T17:17:53.718690735Z: [   10.079549]     input device check on
[STDOUT  ] 2017-06-29T17:17:53.718700235Z: [   10.082436] nf_conntrack version 0.5.0 (8192 buckets, 32768 max)
[STDERR  ] 2017-06-29T17:17:53.718702868Z: [   10.079797]     Actions configured
[STDOUT  ] 2017-06-29T17:17:53.718712283Z: [   10.085419] ctnetlink v0.93: registering with nfnetlink.
[STDERR  ] 2017-06-29T17:17:53.71871513Z: [   10.080540] Netfilter messages via NETLINK v0.30.
[STDOUT  ] 2017-06-29T17:17:53.718724239Z: [   10.088437] nf_tables: (c) 2007-2009 Patrick McHardy <kaber@trash.net>
[STDERR  ] 2017-06-29T17:17:53.718721628Z: [   10.081040] nfnl_acct: registering with nfnetlink.
[STDOUT  ] 2017-06-29T17:17:53.718736623Z: [   10.089206] nf_tables_compat: (c) 2012 Pablo Neira Ayuso <pablo@netfilter.org>
[STDERR  ] 2017-06-29T17:17:53.718744195Z: [   10.082436] nf_conntrack version 0.5.0 (8192 buckets, 32768 max)
[STDOUT  ] 2017-06-29T17:17:53.718748371Z: [   10.091665] xt_time: kernel timezone is -0000
[STDOUT  ] 2017-06-29T17:17:53.718754803Z: [   10.092140] ip_set: protocol 6
[STDERR  ] 2017-06-29T17:17:53.718756196Z: [   10.085419] ctnetlink v0.93: registering with nfnetlink.
[STDERR  ] 2017-06-29T17:17:53.718762448Z: [   10.088437] nf_tables: (c) 2007-2009 Patrick McHardy <kaber@trash.net>
[STDOUT  ] 2017-06-29T17:17:53.718766281Z: [   10.092722] IPVS: Registered protocols (TCP, UDP, SCTP, AH, ESP)
[STDERR  ] 2017-06-29T17:17:53.718781022Z: [   10.089206] nf_tables_compat: (c) 2012 Pablo Neira Ayuso <pablo@netfilter.org>
[STDOUT  ] 2017-06-29T17:17:53.718784679Z: [   10.093304] IPVS: Connection hash table configured (size=4096, memory=64Kbytes)
[STDERR  ] 2017-06-29T17:17:53.718793004Z: [   10.091665] xt_time: kernel timezone is -0000
[STDOUT  ] 2017-06-29T17:17:53.71879666Z: [   10.094893] IPVS: Creating netns size=2104 id=0
[STDERR  ] 2017-06-29T17:17:53.718805404Z: [   10.092140] ip_set: protocol 6
[STDOUT  ] 2017-06-29T17:17:53.718808382Z: [   10.095746] IPVS: ipvs loaded.
[STDERR  ] 2017-06-29T17:17:53.718817478Z: [   10.092722] IPVS: Registered protocols (TCP, UDP, SCTP, AH, ESP)
[STDOUT  ] 2017-06-29T17:17:53.71882106Z: [   10.096059] IPVS: [rr] scheduler registered.
[STDERR  ] 2017-06-29T17:17:53.718829499Z: [   10.093304] IPVS: Connection hash table configured (size=4096, memory=64Kbytes)
[STDOUT  ] 2017-06-29T17:17:53.718833232Z: [   10.096374] IPVS: [wrr] scheduler registered.
[STDERR  ] 2017-06-29T17:17:53.718842866Z: [   10.094893] IPVS: Creating netns size=2104 id=0
[STDOUT  ] 2017-06-29T17:17:53.718852827Z: [   10.096663] IPVS: [lc] scheduler registered.
[STDERR  ] 2017-06-29T17:17:53.718855345Z: [   10.095746] IPVS: ipvs loaded.
[STDOUT  ] 2017-06-29T17:17:53.718866299Z: [   10.096945] IPVS: [wlc] scheduler registered.
[STDERR  ] 2017-06-29T17:17:53.718867937Z: [   10.096059] IPVS: [rr] scheduler registered.
[STDOUT  ] 2017-06-29T17:17:53.718877813Z: [   10.097233] IPVS: [fo] scheduler registered.
[STDERR  ] 2017-06-29T17:17:53.71887448Z: [   10.096374] IPVS: [wrr] scheduler registered.
[STDOUT  ] 2017-06-29T17:17:53.718884464Z: [   10.097514] IPVS: [ovf] scheduler registered.
[STDERR  ] 2017-06-29T17:17:53.718890717Z: [   10.096663] IPVS: [lc] scheduler registered.
[STDOUT  ] 2017-06-29T17:17:53.718895731Z: [   10.097950] IPVS: [lblc] scheduler registered.
[STDERR  ] 2017-06-29T17:17:53.718909028Z: [   10.096945] IPVS: [wlc] scheduler registered.
[STDOUT  ] 2017-06-29T17:17:53.718918052Z: [   10.098340] IPVS: [lblcr] scheduler registered.
[STDERR  ] 2017-06-29T17:17:53.718921734Z: [   10.097233] IPVS: [fo] scheduler registered.
[STDERR  ] 2017-06-29T17:17:53.718928353Z: [   10.097514] IPVS: [ovf] scheduler registered.
[STDOUT  ] 2017-06-29T17:17:53.718930078Z: [   10.098662] IPVS: [dh] scheduler registered.
[STDERR  ] 2017-06-29T17:17:53.718939418Z: [   10.097950] IPVS: [lblc] scheduler registered.
[STDOUT  ] 2017-06-29T17:17:53.718942355Z: [   10.098949] IPVS: [sh] scheduler registered.
[STDOUT  ] 2017-06-29T17:17:53.718948914Z: [   10.099232] IPVS: [sed] scheduler registered.
[STDERR  ] 2017-06-29T17:17:53.718957786Z: [   10.098340] IPVS: [lblcr] scheduler registered.
[STDOUT  ] 2017-06-29T17:17:53.71896641Z: [   10.099522] IPVS: [nq] scheduler registered.
[STDERR  ] 2017-06-29T17:17:53.71896974Z: [   10.098662] IPVS: [dh] scheduler registered.
[STDOUT  ] 2017-06-29T17:17:53.718978358Z: [   10.102123] IPVS: ftp: loaded support on port[0] = 21
[STDERR  ] 2017-06-29T17:17:53.71898175Z: [   10.098949] IPVS: [sh] scheduler registered.
[STDOUT  ] 2017-06-29T17:17:53.718984035Z: [   10.103545] ipip: IPv4 and MPLS over IPv4 tunneling driver
[STDERR  ] 2017-06-29T17:17:53.718993661Z: [   10.099232] IPVS: [sed] scheduler registered.
[STDOUT  ] 2017-06-29T17:17:53.71900254Z: [   10.111351] gre: GRE over IPv4 demultiplexor driver
[STDERR  ] 2017-06-29T17:17:53.719005674Z: [   10.099522] IPVS: [nq] scheduler registered.
[STDOUT  ] 2017-06-29T17:17:53.719014748Z: [   10.114484] ip_tables: (C) 2000-2006 Netfilter Core Team
[STDERR  ] 2017-06-29T17:17:53.71901763Z: [   10.102123] IPVS: ftp: loaded support on port[0] = 21
[STDOUT  ] 2017-06-29T17:17:53.719021255Z: [   10.119397] ipt_CLUSTERIP: ClusterIP Version 0.8 loaded successfully
[STDERR  ] 2017-06-29T17:17:53.719030058Z: [   10.103545] ipip: IPv4 and MPLS over IPv4 tunneling driver
[STDOUT  ] 2017-06-29T17:17:53.719032449Z: [   10.120858] arp_tables: arp_tables: (C) 2002 David S. Miller
[STDERR  ] 2017-06-29T17:17:53.719042054Z: [   10.111351] gre: GRE over IPv4 demultiplexor driver
[STDOUT  ] 2017-06-29T17:17:53.719050735Z: [   10.129272] NET: Registered protocol family 10
[STDERR  ] 2017-06-29T17:17:53.719053914Z: [   10.114484] ip_tables: (C) 2000-2006 Netfilter Core Team
[STDERR  ] 2017-06-29T17:17:53.719060464Z: [   10.119397] ipt_CLUSTERIP: ClusterIP Version 0.8 loaded successfully
[STDOUT  ] 2017-06-29T17:17:53.719062575Z: [   10.138257] ip6_tables: (C) 2000-2006 Netfilter Core Team
[STDOUT  ] 2017-06-29T17:17:53.719069023Z: [   10.145456] NET: Registered protocol family 17
[STDERR  ] 2017-06-29T17:17:53.719071655Z: [   10.120858] arp_tables: arp_tables: (C) 2002 David S. Miller
[STDOUT  ] 2017-06-29T17:17:53.719080332Z: [   10.146432] Bridge firewalling registered
[STDERR  ] 2017-06-29T17:17:53.719090175Z: [   10.129272] NET: Registered protocol family 10
[STDOUT  ] 2017-06-29T17:17:53.719098609Z: [   10.146913] Ebtables v2.0 registered
[STDERR  ] 2017-06-29T17:17:53.719101932Z: [   10.138257] ip6_tables: (C) 2000-2006 Netfilter Core Team
[STDOUT  ] 2017-06-29T17:17:53.719110218Z: [   10.148348] 8021q: 802.1Q VLAN Support v1.8
[STDERR  ] 2017-06-29T17:17:53.719121274Z: [   10.145456] NET: Registered protocol family 17
[STDOUT  ] 2017-06-29T17:17:53.719122903Z: [   10.150043] 9pnet: Installing 9P2000 support
[STDOUT  ] 2017-06-29T17:17:53.71912942Z: [   10.151730] Key type dns_resolver registered
[STDERR  ] 2017-06-29T17:17:53.719135872Z: [   10.146432] Bridge firewalling registered
[STDOUT  ] 2017-06-29T17:17:53.719146776Z: [   10.152559] microcode: AMD CPU family 0x6 not supported
[STDERR  ] 2017-06-29T17:17:53.719148472Z: [   10.146913] Ebtables v2.0 registered
[STDOUT  ] 2017-06-29T17:17:53.719158702Z: [   10.156231] registered taskstats version 1
[STDERR  ] 2017-06-29T17:17:53.719160552Z: [   10.148348] 8021q: 802.1Q VLAN Support v1.8
[STDERR  ] 2017-06-29T17:17:53.719167184Z: [   10.150043] 9pnet: Installing 9P2000 support
[STDOUT  ] 2017-06-29T17:17:53.719170521Z: [   10.320527] Key type big_key registered
[STDOUT  ] 2017-06-29T17:17:53.719182649Z: [   10.351566] ata2: SATA link down (SStatus 0 SControl 300)
[STDERR  ] 2017-06-29T17:17:53.719184511Z: [   10.151730] Key type dns_resolver registered
[STDERR  ] 2017-06-29T17:17:53.719190191Z: [   10.152559] microcode: AMD CPU family 0x6 not supported
[STDOUT  ] 2017-06-29T17:17:53.719194987Z: [   10.355425] ata1: SATA link down (SStatus 0 SControl 300)
[STDOUT  ] 2017-06-29T17:17:53.719206888Z: [   10.360582] ata6: SATA link down (SStatus 0 SControl 300)
[STDERR  ] 2017-06-29T17:17:53.719208627Z: [   10.156231] registered taskstats version 1
[STDOUT  ] 2017-06-29T17:17:53.719212396Z: [   10.361065] ata5: SATA link down (SStatus 0 SControl 300)
[STDERR  ] 2017-06-29T17:17:53.719220569Z: [   10.320527] Key type big_key registered
[STDERR  ] 2017-06-29T17:17:53.719232774Z: [   10.351566] ata2: SATA link down (SStatus 0 SControl 300)
[STDOUT  ] 2017-06-29T17:17:53.719231015Z: [   10.361579] ata4: SATA link down (SStatus 0 SControl 300)
[STDERR  ] 2017-06-29T17:17:53.719245398Z: [   10.355425] ata1: SATA link down (SStatus 0 SControl 300)
[STDOUT  ] 2017-06-29T17:17:53.719248142Z: [   10.362289] ata3: SATA link up 1.5 Gbps (SStatus 113 SControl 300)
[STDERR  ] 2017-06-29T17:17:53.719257374Z: [   10.360582] ata6: SATA link down (SStatus 0 SControl 300)
[STDOUT  ] 2017-06-29T17:17:53.719264457Z: [   10.365588] ata3.00: ATAPI: QEMU DVD-ROM, 2.5+, max UDMA/100
[STDERR  ] 2017-06-29T17:17:53.719269099Z: [   10.361065] ata5: SATA link down (SStatus 0 SControl 300)
[STDERR  ] 2017-06-29T17:17:53.71927545Z: [   10.361579] ata4: SATA link down (SStatus 0 SControl 300)
[STDOUT  ] 2017-06-29T17:17:53.719276438Z: [   10.366062] ata3.00: applying bridge limits
[STDOUT  ] 2017-06-29T17:17:53.719289007Z: [   10.367643] ata3.00: configured for UDMA/100
[STDERR  ] 2017-06-29T17:17:53.719292823Z: [   10.362289] ata3: SATA link up 1.5 Gbps (SStatus 113 SControl 300)
[STDOUT  ] 2017-06-29T17:17:53.719301274Z: [   10.389223] scsi 2:0:0:0: CD-ROM            QEMU     QEMU DVD-ROM     2.5+ PQ: 0 ANSI: 5
[STDERR  ] 2017-06-29T17:17:53.719304841Z: [   10.365588] ata3.00: ATAPI: QEMU DVD-ROM, 2.5+, max UDMA/100
[STDERR  ] 2017-06-29T17:17:53.719310772Z: [   10.366062] ata3.00: applying bridge limits
[STDOUT  ] 2017-06-29T17:17:53.719313264Z: [   10.400006] Key type encrypted registered
[STDOUT  ] 2017-06-29T17:17:53.719325117Z: [   10.404136] rtc_cmos 00:00: setting system clock to 2017-06-29 17:17:32 UTC (1498756652)
[STDERR  ] 2017-06-29T17:17:53.71933764Z: [   10.367643] ata3.00: configured for UDMA/100
[STDOUT  ] 2017-06-29T17:17:53.719339205Z: [   10.412833] sr 2:0:0:0: [sr0] scsi3-mmc drive: 4x/4x cd/rw xa/form2 tray
[STDOUT  ] 2017-06-29T17:17:53.719348412Z: [   10.413429] cdrom: Uniform CD-ROM driver Revision: 3.20
[STDERR  ] 2017-06-29T17:17:53.719349852Z: [   10.389223] scsi 2:0:0:0: CD-ROM            QEMU     QEMU DVD-ROM     2.5+ PQ: 0 ANSI: 5
[STDOUT  ] 2017-06-29T17:17:53.719359613Z: [   10.419984] sr 2:0:0:0: Attached scsi generic sg0 type 5
[STDERR  ] 2017-06-29T17:17:53.71936214Z: [   10.400006] Key type encrypted registered
[STDERR  ] 2017-06-29T17:17:53.719372371Z: [   10.404136] rtc_cmos 00:00: setting system clock to 2017-06-29 17:17:32 UTC (1498756652)
[STDOUT  ] 2017-06-29T17:17:53.719381728Z: [   10.557704] Freeing unused kernel memory: 1372K (ffffffff9cd50000 - ffffffff9cea7000)
[STDERR  ] 2017-06-29T17:17:53.71939001Z: [   10.412833] sr 2:0:0:0: [sr0] scsi3-mmc drive: 4x/4x cd/rw xa/form2 tray
[STDOUT  ] 2017-06-29T17:17:53.71939377Z: [   10.558500] Write protecting the kernel read-only data: 12288k
[STDERR  ] 2017-06-29T17:17:53.719395877Z: [   10.413429] cdrom: Uniform CD-ROM driver Revision: 3.20
[STDOUT  ] 2017-06-29T17:17:53.719405871Z: [   10.564715] Freeing unused kernel memory: 156K (ffff94a09a7d9000 - ffff94a09a800000)
[STDOUT  ] 2017-06-29T17:17:53.71941234Z: [   10.716137] Freeing unused kernel memory: 1404K (ffff94a09aaa1000 - ffff94a09ac00000)
[STDERR  ] 2017-06-29T17:17:53.719414175Z: [   10.419984] sr 2:0:0:0: Attached scsi generic sg0 type 5
[STDOUT  ] 2017-06-29T17:17:53.719423906Z: [   10.721004] tsc: Refined TSC clocksource calibration: 2300.035 MHz
[STDERR  ] 2017-06-29T17:17:53.719430512Z: [   10.557704] Freeing unused kernel memory: 1372K (ffffffff9cd50000 - ffffffff9cea7000)
[STDERR  ] 2017-06-29T17:17:53.719442167Z: [   10.558500] Write protecting the kernel read-only data: 12288k
[STDOUT  ] 2017-06-29T17:17:53.719443845Z: [   10.721500] clocksource: tsc: mask: 0xffffffffffffffff max_cycles: 0x21275623ef1, max_idle_ns: 440795252285 ns
[STDERR  ] 2017-06-29T17:17:53.719454087Z: [   10.564715] Freeing unused kernel memory: 156K (ffff94a09a7d9000 - ffff94a09a800000)
[STDOUT  ] 2017-06-29T17:17:53.719456325Z: [   11.740963] clocksource: Switched to clocksource tsc
[STDOUT  ] 2017-06-29T17:17:53.719462804Z: [   16.545652] e1000: Intel(R) PRO/1000 Network Driver - version 7.3.21-k8-NAPI
[STDERR  ] 2017-06-29T17:17:53.719465924Z: [   10.716137] Freeing unused kernel memory: 1404K (ffff94a09aaa1000 - ffff94a09ac00000)
[STDOUT  ] 2017-06-29T17:17:53.719474451Z: [   16.546167] e1000: Copyright (c) 1999-2006 Intel Corporation.
[STDERR  ] 2017-06-29T17:17:53.719478092Z: [   10.721004] tsc: Refined TSC clocksource calibration: 2300.035 MHz
[STDERR  ] 2017-06-29T17:17:53.719490283Z: [   10.721500] clocksource: tsc: mask: 0xffffffffffffffff max_cycles: 0x21275623ef1, max_idle_ns: 440795252285 ns
[STDOUT  ] 2017-06-29T17:17:53.719492776Z: [   16.564420] ACPI: PCI Interrupt Link [GSIG] enabled at IRQ 22
[STDERR  ] 2017-06-29T17:17:53.719502735Z: [   11.740963] clocksource: Switched to clocksource tsc
[STDOUT  ] 2017-06-29T17:17:53.719504925Z: [   16.915928] e1000 0000:00:02.0 eth0: (PCI:33MHz:32-bit) 52:54:00:12:34:56
[STDERR  ] 2017-06-29T17:17:53.719509207Z: [   16.545652] e1000: Intel(R) PRO/1000 Network Driver - version 7.3.21-k8-NAPI
[STDOUT  ] 2017-06-29T17:17:53.719517041Z: [   16.916758] e1000 0000:00:02.0 eth0: Intel(R) PRO/1000 Network Connection
[STDERR  ] 2017-06-29T17:17:53.719520316Z: [   16.546167] e1000: Copyright (c) 1999-2006 Intel Corporation.
[STDOUT  ] 2017-06-29T17:17:53.719523486Z: 
[STDERR  ] 2017-06-29T17:17:53.719538321Z: [   16.564420] ACPI: PCI Interrupt Link [GSIG] enabled at IRQ 22
[STDOUT  ] 2017-06-29T17:17:53.719542913Z: Starting containerd
[STDOUT  ] 2017-06-29T17:17:53.719548798Z: 
[STDERR  ] 2017-06-29T17:17:53.719551985Z: [   16.915928] e1000 0000:00:02.0 eth0: (PCI:33MHz:32-bit) 52:54:00:12:34:56
[STDERR  ] 2017-06-29T17:17:53.719563881Z: [   16.916758] e1000 0000:00:02.0 eth0: Intel(R) PRO/1000 Network Connection
[STDOUT  ] 2017-06-29T17:17:53.719567264Z: Welcome to LinuxKit
[STDERR  ] 2017-06-29T17:17:53.719575706Z: 
[STDOUT  ] 2017-06-29T17:17:53.719579486Z: 
[STDERR  ] 2017-06-29T17:17:53.719587865Z: Starting containerd
[STDOUT  ] 2017-06-29T17:17:53.719591843Z:                         ##         .
[STDERR  ] 2017-06-29T17:17:53.719599964Z: 
[STDOUT  ] 2017-06-29T17:17:53.719603857Z:                   ## ## ##        ==
[STDERR  ] 2017-06-29T17:17:53.719612201Z: Welcome to LinuxKit
[STDOUT  ] 2017-06-29T17:17:53.71961577Z:                ## ## ## ## ##    ===
[STDERR  ] 2017-06-29T17:17:53.719624356Z: 
[STDOUT  ] 2017-06-29T17:17:53.719635461Z:            /"""""""""""""""""\___/ ===
[STDERR  ] 2017-06-29T17:17:53.719637203Z:                         ##         .
[STDERR  ] 2017-06-29T17:17:53.719643724Z:                   ## ## ##        ==
[STDOUT  ] 2017-06-29T17:17:53.719647297Z:           {                       /  ===-
[STDOUT  ] 2017-06-29T17:17:53.719659617Z:            \______ O           __/
[STDERR  ] 2017-06-29T17:17:53.719661499Z:                ## ## ## ## ##    ===
[STDOUT  ] 2017-06-29T17:17:53.719674346Z:              \    \         __/
[STDERR  ] 2017-06-29T17:17:53.71967712Z:            /"""""""""""""""""\___/ ===
[STDOUT  ] 2017-06-29T17:17:53.719686918Z:               \____\_______/
[STDERR  ] 2017-06-29T17:17:53.719689236Z:           {                       /  ===-
[STDOUT  ] 2017-06-29T17:17:53.7196991Z: 
[STDERR  ] 2017-06-29T17:17:53.719701116Z:            \______ O           __/
[STDERR  ] 2017-06-29T17:17:53.719707043Z:              \    \         __/
[STDOUT  ] 2017-06-29T17:17:53.719711256Z: [34mINFO[0m[0000] starting containerd boot...                   [34mmodule[0m=containerd
[STDOUT  ] 2017-06-29T17:17:53.719723654Z: [34mINFO[0m[0000] loading plugin "io.containerd.content.v1.content"...  [34mmodule[0m=containerd [34mtype[0m=io.containerd.content.v1
[STDERR  ] 2017-06-29T17:17:53.719728363Z:               \____\_______/
[STDOUT  ] 2017-06-29T17:17:53.719736178Z: [34mINFO[0m[0000] skip loading plugin "io.containerd.snapshotter.v1.btrfs"...  [34mmodule[0m=containerd [34mtype[0m=io.containerd.snapshotter.v1
[STDERR  ] 2017-06-29T17:17:53.719740316Z: 
[STDOUT  ] 2017-06-29T17:17:53.719750814Z: [34mINFO[0m[0000] loading plugin "io.containerd.snapshotter.v1.overlayfs"...  [34mmodule[0m=containerd [34mtype[0m=io.containerd.snapshotter.v1
[STDERR  ] 2017-06-29T17:17:53.719752528Z: [34mINFO[0m[0000] starting containerd boot...                   [34mmodule[0m=containerd
[STDOUT  ] 2017-06-29T17:17:53.71976351Z: [34mINFO[0m[0000] loading plugin "io.containerd.differ.v1.base-diff"...  [34mmodule[0m=containerd [34mtype[0m=io.containerd.differ.v1
[STDERR  ] 2017-06-29T17:17:53.719770032Z: [34mINFO[0m[0000] loading plugin "io.containerd.content.v1.content"...  [34mmodule[0m=containerd [34mtype[0m=io.containerd.content.v1
[STDOUT  ] 2017-06-29T17:17:53.719775729Z: [34mINFO[0m[0000] loading plugin "io.containerd.metadata.v1.bolt"...  [34mmodule[0m=containerd [34mtype[0m=io.containerd.metadata.v1
[STDERR  ] 2017-06-29T17:17:53.719776723Z: [34mINFO[0m[0000] skip loading plugin "io.containerd.snapshotter.v1.btrfs"...  [34mmodule[0m=containerd [34mtype[0m=io.containerd.snapshotter.v1
[STDOUT  ] 2017-06-29T17:17:53.719782497Z: [34mINFO[0m[0000] loading plugin "io.containerd.grpc.v1.containers"...  [34mmodule[0m=containerd [34mtype[0m=io.containerd.grpc.v1
[STDERR  ] 2017-06-29T17:17:53.719788787Z: [34mINFO[0m[0000] loading plugin "io.containerd.snapshotter.v1.overlayfs"...  [34mmodule[0m=containerd [34mtype[0m=io.containerd.snapshotter.v1
[STDOUT  ] 2017-06-29T17:17:53.719793674Z: [34mINFO[0m[0000] loading plugin "io.containerd.grpc.v1.content"...  [34mmodule[0m=containerd [34mtype[0m=io.containerd.grpc.v1
[STDERR  ] 2017-06-29T17:17:53.719808081Z: [34mINFO[0m[0000] loading plugin "io.containerd.differ.v1.base-diff"...  [34mmodule[0m=containerd [34mtype[0m=io.containerd.differ.v1
[STDOUT  ] 2017-06-29T17:17:53.719813395Z: [34mINFO[0m[0000] loading plugin "io.containerd.grpc.v1.diff"...  [34mmodule[0m=containerd [34mtype[0m=io.containerd.grpc.v1
[STDERR  ] 2017-06-29T17:17:53.719814521Z: [34mINFO[0m[0000] loading plugin "io.containerd.metadata.v1.bolt"...  [34mmodule[0m=containerd [34mtype[0m=io.containerd.metadata.v1
[STDOUT  ] 2017-06-29T17:17:53.719825861Z: [34mINFO[0m[0000] loading plugin "io.containerd.grpc.v1.events"...  [34mmodule[0m=containerd [34mtype[0m=io.containerd.grpc.v1
[STDERR  ] 2017-06-29T17:17:53.719827019Z: [34mINFO[0m[0000] loading plugin "io.containerd.grpc.v1.containers"...  [34mmodule[0m=containerd [34mtype[0m=io.containerd.grpc.v1
[STDOUT  ] 2017-06-29T17:17:53.719832371Z: [34mINFO[0m[0000] loading plugin "io.containerd.grpc.v1.healthcheck"...  [34mmodule[0m=containerd [34mtype[0m=io.containerd.grpc.v1
[STDERR  ] 2017-06-29T17:17:53.719850711Z: [34mINFO[0m[0000] loading plugin "io.containerd.grpc.v1.content"...  [34mmodule[0m=containerd [34mtype[0m=io.containerd.grpc.v1
[STDOUT  ] 2017-06-29T17:17:53.719853167Z: [34mINFO[0m[0000] loading plugin "io.containerd.grpc.v1.images"...  [34mmodule[0m=containerd [34mtype[0m=io.containerd.grpc.v1
[STDERR  ] 2017-06-29T17:17:53.719863513Z: [34mINFO[0m[0000] loading plugin "io.containerd.grpc.v1.diff"...  [34mmodule[0m=containerd [34mtype[0m=io.containerd.grpc.v1
[STDOUT  ] 2017-06-29T17:17:53.719872198Z: [34mINFO[0m[0000] loading plugin "io.containerd.grpc.v1.namespaces"...  [34mmodule[0m=containerd [34mtype[0m=io.containerd.grpc.v1
[STDERR  ] 2017-06-29T17:17:53.719875415Z: [34mINFO[0m[0000] loading plugin "io.containerd.grpc.v1.events"...  [34mmodule[0m=containerd [34mtype[0m=io.containerd.grpc.v1
[STDOUT  ] 2017-06-29T17:17:53.719885018Z: [34mINFO[0m[0000] loading plugin "io.containerd.grpc.v1.snapshots"...  [34mmodule[0m=containerd [34mtype[0m=io.containerd.grpc.v1
[STDERR  ] 2017-06-29T17:17:53.719891223Z: [34mINFO[0m[0000] loading plugin "io.containerd.grpc.v1.healthcheck"...  [34mmodule[0m=containerd [34mtype[0m=io.containerd.grpc.v1
[STDOUT  ] 2017-06-29T17:17:53.719897074Z: [34mINFO[0m[0000] loading plugin "io.containerd.monitor.v1.cgroups"...  [34mmodule[0m=containerd [34mtype[0m=io.containerd.monitor.v1
[STDERR  ] 2017-06-29T17:17:53.719898119Z: [34mINFO[0m[0000] loading plugin "io.containerd.grpc.v1.images"...  [34mmodule[0m=containerd [34mtype[0m=io.containerd.grpc.v1
[STDOUT  ] 2017-06-29T17:17:53.719903624Z: [34mINFO[0m[0000] loading plugin "io.containerd.runtime.v1.linux"...  [34mmodule[0m=containerd [34mtype[0m=io.containerd.runtime.v1
[STDERR  ] 2017-06-29T17:17:53.719917177Z: [34mINFO[0m[0000] loading plugin "io.containerd.grpc.v1.namespaces"...  [34mmodule[0m=containerd [34mtype[0m=io.containerd.grpc.v1
[STDOUT  ] 2017-06-29T17:17:53.719919636Z: [34mINFO[0m[0000] loading plugin "io.containerd.grpc.v1.tasks"...  [34mmodule[0m=containerd [34mtype[0m=io.containerd.grpc.v1
[STDERR  ] 2017-06-29T17:17:53.719923412Z: [34mINFO[0m[0000] loading plugin "io.containerd.grpc.v1.snapshots"...  [34mmodule[0m=containerd [34mtype[0m=io.containerd.grpc.v1
[STDOUT  ] 2017-06-29T17:17:53.719938502Z: [34mINFO[0m[0000] loading plugin "io.containerd.grpc.v1.version"...  [34mmodule[0m=containerd [34mtype[0m=io.containerd.grpc.v1
[STDERR  ] 2017-06-29T17:17:53.719945757Z: [34mINFO[0m[0000] loading plugin "io.containerd.monitor.v1.cgroups"...  [34mmodule[0m=containerd [34mtype[0m=io.containerd.monitor.v1
[STDOUT  ] 2017-06-29T17:17:53.719953986Z: [34mINFO[0m[0000] serving...                                    [34maddress[0m="/run/containerd/debug.sock" [34mmodule[0m="containerd/debug"
[STDERR  ] 2017-06-29T17:17:53.71995777Z: [34mINFO[0m[0000] loading plugin "io.containerd.runtime.v1.linux"...  [34mmodule[0m=containerd [34mtype[0m=io.containerd.runtime.v1
[STDOUT  ] 2017-06-29T17:17:53.719969186Z: [34mINFO[0m[0000] serving...                                    [34maddress[0m="/run/containerd/containerd.sock" [34mmodule[0m="containerd/grpc"
[STDERR  ] 2017-06-29T17:17:53.71997097Z: [34mINFO[0m[0000] loading plugin "io.containerd.grpc.v1.tasks"...  [34mmodule[0m=containerd [34mtype[0m=io.containerd.grpc.v1
[STDERR  ] 2017-06-29T17:17:53.719977489Z: [34mINFO[0m[0000] loading plugin "io.containerd.grpc.v1.version"...  [34mmodule[0m=containerd [34mtype[0m=io.containerd.grpc.v1
[STDOUT  ] 2017-06-29T17:17:53.719981183Z: [34mINFO[0m[0000] containerd successfully booted in 0.170975s   [34mmodule[0m=containerd
[STDERR  ] 2017-06-29T17:17:53.719988832Z: [34mINFO[0m[0000] serving...                                    [34maddress[0m="/run/containerd/debug.sock" [34mmodule[0m="containerd/debug"
[STDOUT  ] 2017-06-29T17:17:53.719998269Z: ca-certificates test suite PASSED
[STDOUT  ] 2017-06-29T17:17:53.720015711Z:  - 000-test
[STDERR  ] 2017-06-29T17:17:53.720019322Z: [34mINFO[0m[0000] serving...                                    [34maddress[0m="/run/containerd/containerd.sock" [34mmodule[0m="containerd/grpc"
[STDOUT  ] 2017-06-29T17:17:53.72002296Z: [   31.050674] ACPI: Preparing to enter system sleep state S5
[STDERR  ] 2017-06-29T17:17:53.720026027Z: [34mINFO[0m[0000] containerd successfully booted in 0.170975s   [34mmodule[0m=containerd
[STDERR  ] 2017-06-29T17:17:53.720037435Z: ca-certificates test suite PASSED
[STDOUT  ] 2017-06-29T17:17:53.720040887Z: [   31.051710] reboot: Power down
[STDERR  ] 2017-06-29T17:17:53.720056746Z:  - 000-test
[STDERR  ] 2017-06-29T17:17:53.720063426Z: [   31.050674] ACPI: Preparing to enter system sleep state S5
[STDERR  ] 2017-06-29T17:17:53.720074462Z: [   31.051710] reboot: Power down
[STDERR  ] 2017-06-29T17:17:53.720093102Z: + echo [    0.000000] Linux version 4.9.34-linuxkit (root@b147ce67977e) (gcc version 6.3.0 (Alpine 6.3.0) ) #1 SMP Tue Jun 27 15:02:48 UTC 2017
[STDERR  ] 2017-06-29T17:17:53.720099627Z: [    0.000000] Command line: console=ttyS0 page_poison=1
[STDERR  ] 2017-06-29T17:17:53.72011028Z: [    0.000000] x86/fpu: Legacy x87 FPU detected.
[STDERR  ] 2017-06-29T17:17:53.720127837Z: [    0.000000] x86/fpu: Using 'eager' FPU context switches.
[STDERR  ] 2017-06-29T17:17:53.720139816Z: [    0.000000] e820: BIOS-provided physical RAM map:
[STDERR  ] 2017-06-29T17:17:53.720151894Z: [    0.000000] BIOS-e820: [mem 0x0000000000000000-0x000000000009fbff] usable
[STDERR  ] 2017-06-29T17:17:53.720158372Z: [    0.000000] BIOS-e820: [mem 0x000000000009fc00-0x000000000009ffff] reserved
[STDERR  ] 2017-06-29T17:17:53.720175418Z: [    0.000000] BIOS-e820: [mem 0x00000000000f0000-0x00000000000fffff] reserved
[STDERR  ] 2017-06-29T17:17:53.720193284Z: [    0.000000] BIOS-e820: [mem 0x0000000000100000-0x000000003ffdefff] usable
[STDERR  ] 2017-06-29T17:17:53.720199881Z: [    0.000000] BIOS-e820: [mem 0x000000003ffdf000-0x000000003fffffff] reserved
[STDERR  ] 2017-06-29T17:17:53.72021656Z: [    0.000000] BIOS-e820: [mem 0x00000000b0000000-0x00000000bfffffff] reserved
[STDERR  ] 2017-06-29T17:17:53.720222264Z: [    0.000000] BIOS-e820: [mem 0x00000000fed1c000-0x00000000fed1ffff] reserved
[STDERR  ] 2017-06-29T17:17:53.720239479Z: [    0.000000] BIOS-e820: [mem 0x00000000fffc0000-0x00000000ffffffff] reserved
[STDERR  ] 2017-06-29T17:17:53.720251142Z: [    0.000000] NX (Execute Disable) protection: active
[STDERR  ] 2017-06-29T17:17:53.720262251Z: [    0.000000] SMBIOS 2.8 present.
[STDERR  ] 2017-06-29T17:17:53.720276054Z: [    0.000000] e820: last_pfn = 0x3ffdf max_arch_pfn = 0x400000000
[STDERR  ] 2017-06-29T17:17:53.720289163Z: [    0.000000] x86/PAT: Configuration [0-7]: WB  WC  UC- UC  WB  WC  UC- WT  
[STDERR  ] 2017-06-29T17:17:53.720295636Z: [    0.000000] found SMP MP-table at [mem 0x000f6aa0-0x000f6aaf] mapped at [ffff94a0800f6aa0]
[STDERR  ] 2017-06-29T17:17:53.720307007Z: [    0.000000] RAMDISK: [mem 0x3d67a000-0x3ffcffff]
[STDERR  ] 2017-06-29T17:17:53.720325733Z: [    0.000000] ACPI: Early table checksum verification disabled
[STDERR  ] 2017-06-29T17:17:53.720337378Z: [    0.000000] ACPI: RSDP 0x00000000000F68C0 000014 (v00 BOCHS )
[STDERR  ] 2017-06-29T17:17:53.720349535Z: [    0.000000] ACPI: RSDT 0x000000003FFE2404 000034 (v01 BOCHS  BXPCRSDT 00000001 BXPC 00000001)
[STDERR  ] 2017-06-29T17:17:53.720362579Z: [    0.000000] ACPI: FACP 0x000000003FFE22A4 000074 (v01 BOCHS  BXPCFACP 00000001 BXPC 00000001)
[STDERR  ] 2017-06-29T17:17:53.720374585Z: [    0.000000] ACPI: DSDT 0x000000003FFE0040 002264 (v01 BOCHS  BXPCDSDT 00000001 BXPC 00000001)
[STDERR  ] 2017-06-29T17:17:53.720386696Z: [    0.000000] ACPI: FACS 0x000000003FFE0000 000040
[STDERR  ] 2017-06-29T17:17:53.720398716Z: [    0.000000] ACPI: APIC 0x000000003FFE2318 000078 (v01 BOCHS  BXPCAPIC 00000001 BXPC 00000001)
[STDERR  ] 2017-06-29T17:17:53.72041193Z: [    0.000000] ACPI: HPET 0x000000003FFE2390 000038 (v01 BOCHS  BXPCHPET 00000001 BXPC 00000001)
[STDERR  ] 2017-06-29T17:17:53.720436587Z: [    0.000000] ACPI: MCFG 0x000000003FFE23C8 00003C (v01 BOCHS  BXPCMCFG 00000001 BXPC 00000001)
[STDERR  ] 2017-06-29T17:17:53.720442291Z: [    0.000000] Zone ranges:
[STDERR  ] 2017-06-29T17:17:53.72045934Z: [    0.000000]   DMA      [mem 0x0000000000001000-0x0000000000ffffff]
[STDERR  ] 2017-06-29T17:17:53.720465701Z: [    0.000000]   DMA32    [mem 0x0000000001000000-0x000000003ffdefff]
[STDERR  ] 2017-06-29T17:17:53.720482726Z: [    0.000000]   Normal   empty
[STDERR  ] 2017-06-29T17:17:53.720495201Z: [    0.000000] Movable zone start for each node
[STDERR  ] 2017-06-29T17:17:53.720506862Z: [    0.000000] Early memory node ranges
[STDERR  ] 2017-06-29T17:17:53.720516751Z: [    0.000000]   node   0: [mem 0x0000000000001000-0x000000000009efff]
[STDERR  ] 2017-06-29T17:17:53.720535548Z: [    0.000000]   node   0: [mem 0x0000000000100000-0x000000003ffdefff]
[STDERR  ] 2017-06-29T17:17:53.7205417Z: [    0.000000] Initmem setup node 0 [mem 0x0000000000001000-0x000000003ffdefff]
[STDERR  ] 2017-06-29T17:17:53.720558843Z: [    0.000000] ACPI: PM-Timer IO Port: 0x608
[STDERR  ] 2017-06-29T17:17:53.720564861Z: [    0.000000] ACPI: LAPIC_NMI (acpi_id[0xff] dfl dfl lint[0x1])
[STDERR  ] 2017-06-29T17:17:53.720587071Z: [    0.000000] IOAPIC[0]: apic_id 0, version 32, address 0xfec00000, GSI 0-23
[STDERR  ] 2017-06-29T17:17:53.72059886Z: [    0.000000] ACPI: INT_SRC_OVR (bus 0 bus_irq 0 global_irq 2 dfl dfl)
[STDERR  ] 2017-06-29T17:17:53.720605163Z: [    0.000000] ACPI: INT_SRC_OVR (bus 0 bus_irq 5 global_irq 5 high level)
[STDERR  ] 2017-06-29T17:17:53.720616267Z: [    0.000000] ACPI: INT_SRC_OVR (bus 0 bus_irq 9 global_irq 9 high level)
[STDERR  ] 2017-06-29T17:17:53.720640179Z: [    0.000000] ACPI: INT_SRC_OVR (bus 0 bus_irq 10 global_irq 10 high level)
[STDERR  ] 2017-06-29T17:17:53.720656517Z: [    0.000000] ACPI: INT_SRC_OVR (bus 0 bus_irq 11 global_irq 11 high level)
[STDERR  ] 2017-06-29T17:17:53.72066336Z: [    0.000000] Using ACPI (MADT) for SMP configuration information
[STDERR  ] 2017-06-29T17:17:53.720674789Z: [    0.000000] ACPI: HPET id: 0x8086a201 base: 0xfed00000
[STDERR  ] 2017-06-29T17:17:53.720692263Z: [    0.000000] smpboot: Allowing 1 CPUs, 0 hotplug CPUs
[STDERR  ] 2017-06-29T17:17:53.72070422Z: [    0.000000] e820: [mem 0x40000000-0xafffffff] available for PCI devices
[STDERR  ] 2017-06-29T17:17:53.720715829Z: [    0.000000] Booting paravirtualized kernel on bare hardware
[STDERR  ] 2017-06-29T17:17:53.720727802Z: [    0.000000] clocksource: refined-jiffies: mask: 0xffffffff max_cycles: 0xffffffff, max_idle_ns: 19112604462750000 ns
[STDERR  ] 2017-06-29T17:17:53.720740101Z: [    0.000000] setup_percpu: NR_CPUS:128 nr_cpumask_bits:128 nr_cpu_ids:1 nr_node_ids:1
[STDERR  ] 2017-06-29T17:17:53.720746771Z: [    0.000000] percpu: Embedded 35 pages/cpu @ffff94a0bd400000 s105112 r8192 d30056 u2097152
[STDERR  ] 2017-06-29T17:17:53.720763497Z: [    0.000000] Built 1 zonelists in Zone order, mobility grouping on.  Total pages: 257896
[STDERR  ] 2017-06-29T17:17:53.720783035Z: [    0.000000] Kernel command line: console=ttyS0 page_poison=1
[STDERR  ] 2017-06-29T17:17:53.720794175Z: [    0.000000] PID hash table entries: 4096 (order: 3, 32768 bytes)
[STDERR  ] 2017-06-29T17:17:53.720805649Z: [    0.000000] Dentry cache hash table entries: 131072 (order: 8, 1048576 bytes)
[STDERR  ] 2017-06-29T17:17:53.720823938Z: [    0.000000] Inode-cache hash table entries: 65536 (order: 7, 524288 bytes)
[STDERR  ] 2017-06-29T17:17:53.720836345Z: [    0.000000] Memory: 971884K/1048052K available (8023K kernel code, 1336K rwdata, 2692K rodata, 1372K init, 564K bss, 76168K reserved, 0K cma-reserved)
[STDERR  ] 2017-06-29T17:17:53.72084861Z: [    0.000000] Hierarchical RCU implementation.
[STDERR  ] 2017-06-29T17:17:53.720860788Z: [    0.000000] 	Build-time adjustment of leaf fanout to 64.
[STDERR  ] 2017-06-29T17:17:53.720873065Z: [    0.000000] 	RCU restricting CPUs from NR_CPUS=128 to nr_cpu_ids=1.
[STDERR  ] 2017-06-29T17:17:53.720897051Z: [    0.000000] RCU: Adjusting geometry for rcu_fanout_leaf=64, nr_cpu_ids=1
[STDERR  ] 2017-06-29T17:17:53.720910565Z: [    0.000000] NR_IRQS:8448 nr_irqs:256 16
[STDERR  ] 2017-06-29T17:17:53.720917527Z: [    0.000000] Console: colour VGA+ 80x25
[STDERR  ] 2017-06-29T17:17:53.720935192Z: [    0.000000] console [ttyS0] enabled
[STDERR  ] 2017-06-29T17:17:53.720940872Z: [    0.000000] allocated 2097152 bytes of page_ext
[STDERR  ] 2017-06-29T17:17:53.720959451Z: [    0.000000] clocksource: hpet: mask: 0xffffffff max_cycles: 0xffffffff, max_idle_ns: 19112604467 ns
[STDERR  ] 2017-06-29T17:17:53.720971572Z: [    0.000000] tsc: Fast TSC calibration failed
[STDERR  ] 2017-06-29T17:17:53.720988519Z: [    0.000000] tsc: Unable to calibrate against PIT
[STDERR  ] 2017-06-29T17:17:53.721000805Z: [    0.000000] tsc: using HPET reference calibration
[STDERR  ] 2017-06-29T17:17:53.721013023Z: [    0.000000] tsc: Detected 2300.130 MHz processor
[STDERR  ] 2017-06-29T17:17:53.721025463Z: [    0.050473] Calibrating delay loop (skipped), value calculated using timer frequency.. 4600.26 BogoMIPS (lpj=23001300)
[STDERR  ] 2017-06-29T17:17:53.721038784Z: [    0.051308] pid_max: default: 32768 minimum: 301
[STDERR  ] 2017-06-29T17:17:53.721050675Z: [    0.052105] ACPI: Core revision 20160831
[STDERR  ] 2017-06-29T17:17:53.721062694Z: [    0.100065] ACPI: 1 ACPI AML tables successfully acquired and loaded
[STDERR  ] 2017-06-29T17:17:53.72107564Z: [    0.103264] Security Framework initialized
[STDERR  ] 2017-06-29T17:17:53.721082324Z: [    0.103625] Yama: becoming mindful.
[STDERR  ] 2017-06-29T17:17:53.721104958Z: [    0.105346] Mount-cache hash table entries: 2048 (order: 2, 16384 bytes)
[STDERR  ] 2017-06-29T17:17:53.721110872Z: [    0.105793] Mountpoint-cache hash table entries: 2048 (order: 2, 16384 bytes)
[STDERR  ] 2017-06-29T17:17:53.721129085Z: [    0.124296] Last level iTLB entries: 4KB 0, 2MB 0, 4MB 0
[STDERR  ] 2017-06-29T17:17:53.721141138Z: [    0.124664] Last level dTLB entries: 4KB 0, 2MB 0, 4MB 0, 1GB 0
[STDERR  ] 2017-06-29T17:17:53.721147652Z: [    0.432960] Freeing SMP alternatives memory: 20K (ffffffff9cea7000 - ffffffff9ceac000)
[STDERR  ] 2017-06-29T17:17:53.721158978Z: [    0.441806] ftrace: allocating 35396 entries in 139 pages
[STDERR  ] 2017-06-29T17:17:53.721177315Z: [    0.601023] smpboot: Max logical packages: 1
[STDERR  ] 2017-06-29T17:17:53.721183933Z: [    0.606254] ..TIMER: vector=0x30 apic1=0 pin1=2 apic2=-1 pin2=-1
[STDERR  ] 2017-06-29T17:17:53.721194962Z: [    0.710000] smpboot: CPU0: AMD QEMU Virtual CPU version 2.5+ (family: 0x6, model: 0x6, stepping: 0x3)
[STDERR  ] 2017-06-29T17:17:53.721213388Z: [    0.710000] Performance Events: PMU not available due to virtualization, using software events only.
[STDERR  ] 2017-06-29T17:17:53.721225006Z: [    0.717338] NMI watchdog: disabled (cpu0): hardware events not enabled
[STDERR  ] 2017-06-29T17:17:53.721238199Z: [    0.717792] NMI watchdog: Shutting down hard lockup detector on all cpus
[STDERR  ] 2017-06-29T17:17:53.721250353Z: [    0.720475] x86: Booted up 1 node, 1 CPUs
[STDERR  ] 2017-06-29T17:17:53.721266433Z: [    0.720836] smpboot: Total of 1 processors activated (4600.26 BogoMIPS)
[STDERR  ] 2017-06-29T17:17:53.721272953Z: [    0.735264] devtmpfs: initialized
[STDERR  ] 2017-06-29T17:17:53.721284491Z: [    0.739768] x86/mm: Memory block size: 128MB
[STDERR  ] 2017-06-29T17:17:53.721302826Z: [    0.802385] clocksource: jiffies: mask: 0xffffffff max_cycles: 0xffffffff, max_idle_ns: 19112604462750000 ns
[STDERR  ] 2017-06-29T17:17:53.721314863Z: [    0.803281] futex hash table entries: 256 (order: 2, 16384 bytes)
[STDERR  ] 2017-06-29T17:17:53.721332372Z: [    0.812759] NET: Registered protocol family 16
[STDERR  ] 2017-06-29T17:17:53.721344424Z: [    0.822020] cpuidle: using governor ladder
[STDERR  ] 2017-06-29T17:17:53.721356477Z: [    0.822441] cpuidle: using governor menu
[STDERR  ] 2017-06-29T17:17:53.721368423Z: [    0.823580] ACPI: bus type PCI registered
[STDERR  ] 2017-06-29T17:17:53.721379249Z: [    0.826288] PCI: MMCONFIG for domain 0000 [bus 00-ff] at [mem 0xb0000000-0xbfffffff] (base 0xb0000000)
[STDERR  ] 2017-06-29T17:17:53.7214025Z: [    0.827037] PCI: MMCONFIG at [mem 0xb0000000-0xbfffffff] reserved in E820
[STDERR  ] 2017-06-29T17:17:53.721414823Z: [    0.828324] PCI: Using configuration type 1 for base access
[STDERR  ] 2017-06-29T17:17:53.721426868Z: [    0.884682] HugeTLB registered 2 MB page size, pre-allocated 0 pages
[STDERR  ] 2017-06-29T17:17:53.721432659Z: [    0.897044] ACPI: Added _OSI(Module Device)
[STDERR  ] 2017-06-29T17:17:53.721450774Z: [    0.897372] ACPI: Added _OSI(Processor Device)
[STDERR  ] 2017-06-29T17:17:53.721462843Z: [    0.897668] ACPI: Added _OSI(3.0 _SCP Extensions)
[STDERR  ] 2017-06-29T17:17:53.721474821Z: [    0.897973] ACPI: Added _OSI(Processor Aggregator Device)
[STDERR  ] 2017-06-29T17:17:53.721481401Z: [    0.971712] ACPI: Interpreter enabled
[STDERR  ] 2017-06-29T17:17:53.721492467Z: [    0.972505] ACPI: (supports S0 S5)
[STDERR  ] 2017-06-29T17:17:53.721510694Z: [    0.972838] ACPI: Using IOAPIC for interrupt routing
[STDERR  ] 2017-06-29T17:17:53.721517144Z: [    0.974561] PCI: Using host bridge windows from ACPI; if necessary, use "pci=nocrs" and report a bug
[STDERR  ] 2017-06-29T17:17:53.721528362Z: [    1.036964] ACPI: PCI Root Bridge [PCI0] (domain 0000 [bus 00-ff])
[STDERR  ] 2017-06-29T17:17:53.721551544Z: [    1.037880] acpi PNP0A08:00: _OSC: OS supports [ExtendedConfig ASPM ClockPM Segments MSI]
[STDERR  ] 2017-06-29T17:17:53.721558289Z: [    1.043545] acpi PNP0A08:00: _OSC: OS now controls [PCIeHotplug PME PCIeCapability]
[STDERR  ] 2017-06-29T17:17:53.721576552Z: [    1.047129] PCI host bridge to bus 0000:00
[STDERR  ] 2017-06-29T17:17:53.721582391Z: [    1.047552] pci_bus 0000:00: root bus resource [io  0x0000-0x0cf7 window]
[STDERR  ] 2017-06-29T17:17:53.721600559Z: [    1.048021] pci_bus 0000:00: root bus resource [io  0x0d00-0xffff window]
[STDERR  ] 2017-06-29T17:17:53.721612456Z: [    1.048464] pci_bus 0000:00: root bus resource [mem 0x000a0000-0x000bffff window]
[STDERR  ] 2017-06-29T17:17:53.721624339Z: [    1.048944] pci_bus 0000:00: root bus resource [mem 0xc0000000-0xfebfffff window]
[STDERR  ] 2017-06-29T17:17:53.721636399Z: [    1.049538] pci_bus 0000:00: root bus resource [bus 00-ff]
[STDERR  ] 2017-06-29T17:17:53.721648404Z: [    1.138055] pci 0000:00:1f.0: quirk: [io  0x0600-0x067f] claimed by ICH6 ACPI/GPIO/TCO
[STDERR  ] 2017-06-29T17:17:53.721660306Z: [    1.193511] ACPI: PCI Interrupt Link [LNKA] (IRQs 5 *10 11)
[STDERR  ] 2017-06-29T17:17:53.721672275Z: [    1.195462] ACPI: PCI Interrupt Link [LNKB] (IRQs 5 *10 11)
[STDERR  ] 2017-06-29T17:17:53.721684287Z: [    1.197234] ACPI: PCI Interrupt Link [LNKC] (IRQs 5 10 *11)
[STDERR  ] 2017-06-29T17:17:53.721696273Z: [    1.198906] ACPI: PCI Interrupt Link [LNKD] (IRQs 5 10 *11)
[STDERR  ] 2017-06-29T17:17:53.721702853Z: [    1.201123] ACPI: PCI Interrupt Link [LNKE] (IRQs 5 *10 11)
[STDERR  ] 2017-06-29T17:17:53.721720444Z: [    1.202877] ACPI: PCI Interrupt Link [LNKF] (IRQs 5 *10 11)
[STDERR  ] 2017-06-29T17:17:53.721731455Z: [    1.204552] ACPI: PCI Interrupt Link [LNKG] (IRQs 5 10 *11)
[STDERR  ] 2017-06-29T17:17:53.721749893Z: [    1.206232] ACPI: PCI Interrupt Link [LNKH] (IRQs 5 10 *11)
[STDERR  ] 2017-06-29T17:17:53.721756372Z: [    1.207037] ACPI: PCI Interrupt Link [GSIA] (IRQs *16)
[STDERR  ] 2017-06-29T17:17:53.721767459Z: [    1.207646] ACPI: PCI Interrupt Link [GSIB] (IRQs *17)
[STDERR  ] 2017-06-29T17:17:53.721785622Z: [    1.208240] ACPI: PCI Interrupt Link [GSIC] (IRQs *18)
[STDERR  ] 2017-06-29T17:17:53.721792104Z: [    1.208834] ACPI: PCI Interrupt Link [GSID] (IRQs *19)
[STDERR  ] 2017-06-29T17:17:53.721803415Z: [    1.209427] ACPI: PCI Interrupt Link [GSIE] (IRQs *20)
[STDERR  ] 2017-06-29T17:17:53.721821507Z: [    1.210161] ACPI: PCI Interrupt Link [GSIF] (IRQs *21)
[STDERR  ] 2017-06-29T17:17:53.721833056Z: [    1.210770] ACPI: PCI Interrupt Link [GSIG] (IRQs *22)
[STDERR  ] 2017-06-29T17:17:53.721843915Z: [    1.211368] ACPI: PCI Interrupt Link [GSIH] (IRQs *23)
[STDERR  ] 2017-06-29T17:17:53.721862939Z: [    1.214947] ACPI: Enabled 2 GPEs in block 00 to 3F
[STDERR  ] 2017-06-29T17:17:53.721879927Z: [    1.219243] SCSI subsystem initialized
[STDERR  ] 2017-06-29T17:17:53.721892809Z: [    1.221088] ACPI: bus type USB registered
[STDERR  ] 2017-06-29T17:17:53.721904241Z: [    1.222088] usbcore: registered new interface driver usbfs
[STDERR  ] 2017-06-29T17:17:53.721915394Z: [    1.222923] usbcore: registered new interface driver hub
[STDERR  ] 2017-06-29T17:17:53.721926564Z: [    1.223600] usbcore: registered new device driver usb
[STDERR  ] 2017-06-29T17:17:53.721938171Z: [    1.224608] pps_core: LinuxPPS API ver. 1 registered
[STDERR  ] 2017-06-29T17:17:53.721954116Z: [    1.224858] pps_core: Software ver. 5.3.6 - Copyright 2005-2007 Rodolfo Giometti <giometti@linux.it>
[STDERR  ] 2017-06-29T17:17:53.72196609Z: [    1.225390] PTP clock support registered
[STDERR  ] 2017-06-29T17:17:53.721976271Z: [    1.226440] wmi: Mapper loaded
[STDERR  ] 2017-06-29T17:17:53.721994692Z: [    1.227376] PCI: Using ACPI for IRQ routing
[STDERR  ] 2017-06-29T17:17:53.721999973Z: [    1.246053] NetLabel: Initializing
[STDERR  ] 2017-06-29T17:17:53.72201727Z: [    1.246271] NetLabel:  domain hash size = 128
[STDERR  ] 2017-06-29T17:17:53.722023479Z: [    1.246484] NetLabel:  protocols = UNLABELED CIPSOv4
[STDERR  ] 2017-06-29T17:17:53.722034149Z: [    1.248149] NetLabel:  unlabeled traffic allowed by default
[STDERR  ] 2017-06-29T17:17:53.722052105Z: [    1.248948] HPET: 3 timers in total, 0 timers will be used for per-cpu timer
