[INFO    ] 2017-11-15T12:24:34.799441915Z: Running Test linuxkit.packages.format_mount.xfs in /tmp/with_clone647e4cc/test/cases/040_packages/006_format_mount/004_xfs
[INFO    ] 2017-11-15T12:24:34.799567405Z: Running command: [/bin/sh -x /tmp/with_clone647e4cc/test/cases/040_packages/006_format_mount/004_xfs/test.sh]
[STDERR  ] 2017-11-15T12:24:34.815152665Z: + set -e
[STDERR  ] 2017-11-15T12:24:34.81522851Z: + . /tmp/with_clone647e4cc/test/cases/_lib/lib.sh
[STDERR  ] 2017-11-15T12:24:34.815332272Z: + [ -f src/github.com/linuxkit/rtf/lib/lib.sh ]
[STDERR  ] 2017-11-15T12:24:34.815394349Z: + LINUXKIT_TMPDIR=/tmp/with_clone647e4cc/test/cases/_tmp
[STDERR  ] 2017-11-15T12:24:34.815452759Z: + [ -f /tmp/with_clone647e4cc/test/cases/_tmp/env.sh ]
[STDERR  ] 2017-11-15T12:24:34.815525616Z: + . /tmp/with_clone647e4cc/test/cases/_tmp/env.sh
[STDERR  ] 2017-11-15T12:24:34.815582534Z: + export LINUXKIT_EXAMPLES_DIR=/tmp/with_clone647e4cc/test/cases/../../examples
[STDERR  ] 2017-11-15T12:24:34.815626375Z: + export LINUXKIT_BLUEPRINTS_DIR=/tmp/with_clone647e4cc/test/cases/../../blueprints
[STDERR  ] 2017-11-15T12:24:34.815675721Z: + RT_CANCEL=253
[STDERR  ] 2017-11-15T12:24:34.815717932Z: + NAME=test-format
[STDERR  ] 2017-11-15T12:24:34.815749462Z: + DISK=disk.img
[STDERR  ] 2017-11-15T12:24:34.81579784Z: + trap clean_up EXIT
[STDERR  ] 2017-11-15T12:24:34.815892773Z: + moby build -format kernel+initrd -name test-format test.yml
[STDERR  ] 2017-11-15T12:24:34.830439284Z: Extract kernel image: linuxkit/kernel:4.9.61
[STDERR  ] 2017-11-15T12:24:47.728712424Z: Add init containers:
[STDERR  ] 2017-11-15T12:24:47.729740013Z: Process init image: linuxkit/init:42a92119e1ca10380e0d33e26c0cbcf85b9b3558
[STDERR  ] 2017-11-15T12:24:52.641456763Z: Process init image: linuxkit/runc:1b0741d07949c0acc444cd6a04ee7f833443579d
[STDERR  ] 2017-11-15T12:24:55.840182386Z: Add onboot containers:
[STDERR  ] 2017-11-15T12:24:55.840259747Z:   Create OCI config for linuxkit/format:10e75e78e1f134d310c62e9a0352df1c67b0dd81
[STDERR  ] 2017-11-15T12:24:56.917750152Z: time="2017-11-15T12:24:56Z" level=warning msg="certificate with CN Rolf Neugebauer is near expiry" 
[STDERR  ] 2017-11-15T12:24:56.920209647Z: time="2017-11-15T12:24:56Z" level=warning msg="certificate with CN Rolf Neugebauer is near expiry" 
[STDERR  ] 2017-11-15T12:24:59.230112688Z:   Create OCI config for linuxkit/mount:41685ecc8039643948e5dff46e17584753469a7a
[STDERR  ] 2017-11-15T12:25:00.488999065Z: time="2017-11-15T12:25:00Z" level=warning msg="certificate with CN Rolf Neugebauer is near expiry" 
[STDERR  ] 2017-11-15T12:25:00.492840817Z: time="2017-11-15T12:25:00Z" level=warning msg="certificate with CN Rolf Neugebauer is near expiry" 
[STDERR  ] 2017-11-15T12:25:01.427470647Z:   Create OCI config for alpine:3.6
[STDERR  ] 2017-11-15T12:25:03.306942513Z:   Create OCI config for linuxkit/poweroff:280bd01daa8776fbe1f4d912977f1886b8374834
[STDERR  ] 2017-11-15T12:25:04.341276615Z: time="2017-11-15T12:25:04Z" level=warning msg="certificate with CN Rolf Neugebauer is near expiry" 
[STDERR  ] 2017-11-15T12:25:04.34462721Z: time="2017-11-15T12:25:04Z" level=warning msg="certificate with CN Rolf Neugebauer is near expiry" 
[STDERR  ] 2017-11-15T12:25:04.836003032Z: Add files:
[STDERR  ] 2017-11-15T12:25:04.836112781Z:   check.sh
[STDERR  ] 2017-11-15T12:25:04.846267098Z: Create outputs:
[STDERR  ] 2017-11-15T12:25:15.725590855Z:   test-format-kernel test-format-initrd.img test-format-cmdline
[STDERR  ] 2017-11-15T12:25:15.992235192Z: + linuxkit run -disk file=disk.img,size=512M test-format
[STDOUT  ] 2017-11-15T12:26:44.292211552Z: [    0.000000] Linux version 4.9.61-linuxkit (root@f63baf0520f0) (gcc version 6.3.0 (Alpine 6.3.0) ) #1 SMP Fri Nov 10 13:47:55 UTC 2017
[STDOUT  ] 2017-11-15T12:26:44.292307962Z: [    0.000000] Command line: console=ttyS0
[STDOUT  ] 2017-11-15T12:26:44.29232453Z: [    0.000000] x86/fpu: Legacy x87 FPU detected.
[STDOUT  ] 2017-11-15T12:26:44.292338512Z: [    0.000000] x86/fpu: Using 'eager' FPU context switches.
[STDOUT  ] 2017-11-15T12:26:44.292353534Z: [    0.000000] e820: BIOS-provided physical RAM map:
[STDOUT  ] 2017-11-15T12:26:44.29237828Z: [    0.000000] BIOS-e820: [mem 0x0000000000000000-0x000000000009fbff] usable
[STDOUT  ] 2017-11-15T12:26:44.29239154Z: [    0.000000] BIOS-e820: [mem 0x000000000009fc00-0x000000000009ffff] reserved
[STDOUT  ] 2017-11-15T12:26:44.292404577Z: [    0.000000] BIOS-e820: [mem 0x00000000000f0000-0x00000000000fffff] reserved
[STDOUT  ] 2017-11-15T12:26:44.292416749Z: [    0.000000] BIOS-e820: [mem 0x0000000000100000-0x000000003ffdefff] usable
[STDOUT  ] 2017-11-15T12:26:44.292429394Z: [    0.000000] BIOS-e820: [mem 0x000000003ffdf000-0x000000003fffffff] reserved
[STDOUT  ] 2017-11-15T12:26:44.292441193Z: [    0.000000] BIOS-e820: [mem 0x00000000b0000000-0x00000000bfffffff] reserved
[STDOUT  ] 2017-11-15T12:26:44.292453955Z: [    0.000000] BIOS-e820: [mem 0x00000000fed1c000-0x00000000fed1ffff] reserved
[STDOUT  ] 2017-11-15T12:26:44.292476069Z: [    0.000000] BIOS-e820: [mem 0x00000000fffc0000-0x00000000ffffffff] reserved
[STDOUT  ] 2017-11-15T12:26:44.292489958Z: [    0.000000] NX (Execute Disable) protection: active
[STDOUT  ] 2017-11-15T12:26:44.292502818Z: [    0.000000] SMBIOS 2.8 present.
[STDOUT  ] 2017-11-15T12:26:44.292515683Z: [    0.000000] e820: last_pfn = 0x3ffdf max_arch_pfn = 0x400000000
[STDOUT  ] 2017-11-15T12:26:44.292528709Z: [    0.000000] x86/PAT: Configuration [0-7]: WB  WC  UC- UC  WB  WC  UC- WT  
[STDOUT  ] 2017-11-15T12:26:44.292540911Z: [    0.000000] found SMP MP-table at [mem 0x000f6aa0-0x000f6aaf] mapped at [ffff8b48000f6aa0]
[STDOUT  ] 2017-11-15T12:26:44.292554721Z: [    0.000000] RAMDISK: [mem 0x3e03e000-0x3ffcffff]
[STDOUT  ] 2017-11-15T12:26:44.292567471Z: [    0.000000] ACPI: Early table checksum verification disabled
[STDOUT  ] 2017-11-15T12:26:44.29258028Z: [    0.000000] ACPI: RSDP 0x00000000000F68C0 000014 (v00 BOCHS )
[STDOUT  ] 2017-11-15T12:26:44.29259301Z: [    0.000000] ACPI: RSDT 0x000000003FFE2404 000034 (v01 BOCHS  BXPCRSDT 00000001 BXPC 00000001)
[STDOUT  ] 2017-11-15T12:26:44.292605828Z: [    0.000000] ACPI: FACP 0x000000003FFE22A4 000074 (v01 BOCHS  BXPCFACP 00000001 BXPC 00000001)
[STDOUT  ] 2017-11-15T12:26:44.29261823Z: [    0.000000] ACPI: DSDT 0x000000003FFE0040 002264 (v01 BOCHS  BXPCDSDT 00000001 BXPC 00000001)
[STDOUT  ] 2017-11-15T12:26:44.292630948Z: [    0.000000] ACPI: FACS 0x000000003FFE0000 000040
[STDOUT  ] 2017-11-15T12:26:44.292643677Z: [    0.000000] ACPI: APIC 0x000000003FFE2318 000078 (v01 BOCHS  BXPCAPIC 00000001 BXPC 00000001)
[STDOUT  ] 2017-11-15T12:26:44.292655628Z: [    0.000000] ACPI: HPET 0x000000003FFE2390 000038 (v01 BOCHS  BXPCHPET 00000001 BXPC 00000001)
[STDOUT  ] 2017-11-15T12:26:44.292676272Z: [    0.000000] ACPI: MCFG 0x000000003FFE23C8 00003C (v01 BOCHS  BXPCMCFG 00000001 BXPC 00000001)
[STDOUT  ] 2017-11-15T12:26:44.292690957Z: [    0.000000] Zone ranges:
[STDOUT  ] 2017-11-15T12:26:44.292703572Z: [    0.000000]   DMA      [mem 0x0000000000001000-0x0000000000ffffff]
[STDOUT  ] 2017-11-15T12:26:44.292715275Z: [    0.000000]   DMA32    [mem 0x0000000001000000-0x000000003ffdefff]
[STDOUT  ] 2017-11-15T12:26:44.292726932Z: [    0.000000]   Normal   empty
[STDOUT  ] 2017-11-15T12:26:44.292744124Z: [    0.000000] Movable zone start for each node
[STDOUT  ] 2017-11-15T12:26:44.292756707Z: [    0.000000] Early memory node ranges
[STDOUT  ] 2017-11-15T12:26:44.29276935Z: [    0.000000]   node   0: [mem 0x0000000000001000-0x000000000009efff]
[STDOUT  ] 2017-11-15T12:26:44.292781225Z: [    0.000000]   node   0: [mem 0x0000000000100000-0x000000003ffdefff]
[STDOUT  ] 2017-11-15T12:26:44.292793246Z: [    0.000000] Initmem setup node 0 [mem 0x0000000000001000-0x000000003ffdefff]
[STDOUT  ] 2017-11-15T12:26:44.292804971Z: [    0.000000] ACPI: PM-Timer IO Port: 0x608
[STDOUT  ] 2017-11-15T12:26:44.292817146Z: [    0.000000] ACPI: LAPIC_NMI (acpi_id[0xff] dfl dfl lint[0x1])
[STDOUT  ] 2017-11-15T12:26:44.292829407Z: [    0.000000] IOAPIC[0]: apic_id 0, version 32, address 0xfec00000, GSI 0-23
[STDOUT  ] 2017-11-15T12:26:44.292843681Z: [    0.000000] ACPI: INT_SRC_OVR (bus 0 bus_irq 0 global_irq 2 dfl dfl)
[STDOUT  ] 2017-11-15T12:26:44.292861787Z: [    0.000000] ACPI: INT_SRC_OVR (bus 0 bus_irq 5 global_irq 5 high level)
[STDOUT  ] 2017-11-15T12:26:44.292873538Z: [    0.000000] ACPI: INT_SRC_OVR (bus 0 bus_irq 9 global_irq 9 high level)
[STDOUT  ] 2017-11-15T12:26:44.292885447Z: [    0.000000] ACPI: INT_SRC_OVR (bus 0 bus_irq 10 global_irq 10 high level)
[STDOUT  ] 2017-11-15T12:26:44.29290056Z: [    0.000000] ACPI: INT_SRC_OVR (bus 0 bus_irq 11 global_irq 11 high level)
[STDOUT  ] 2017-11-15T12:26:44.292912344Z: [    0.000000] Using ACPI (MADT) for SMP configuration information
[STDOUT  ] 2017-11-15T12:26:44.292924278Z: [    0.000000] ACPI: HPET id: 0x8086a201 base: 0xfed00000
[STDOUT  ] 2017-11-15T12:26:44.292935916Z: [    0.000000] smpboot: Allowing 1 CPUs, 0 hotplug CPUs
[STDOUT  ] 2017-11-15T12:26:44.292948151Z: [    0.000000] e820: [mem 0x40000000-0xafffffff] available for PCI devices
[STDOUT  ] 2017-11-15T12:26:44.292960255Z: [    0.000000] Booting paravirtualized kernel on bare hardware
[STDOUT  ] 2017-11-15T12:26:44.292972727Z: [    0.000000] clocksource: refined-jiffies: mask: 0xffffffff max_cycles: 0xffffffff, max_idle_ns: 19112604462750000 ns
[STDOUT  ] 2017-11-15T12:26:44.292988102Z: [    0.000000] setup_percpu: NR_CPUS:128 nr_cpumask_bits:128 nr_cpu_ids:1 nr_node_ids:1
[STDOUT  ] 2017-11-15T12:26:44.293000821Z: [    0.000000] percpu: Embedded 35 pages/cpu @ffff8b483de00000 s105112 r8192 d30056 u2097152
[STDOUT  ] 2017-11-15T12:26:44.293013672Z: [    0.000000] Built 1 zonelists in Zone order, mobility grouping on.  Total pages: 257896
[STDOUT  ] 2017-11-15T12:26:44.293026047Z: [    0.000000] Kernel command line: console=ttyS0
[STDOUT  ] 2017-11-15T12:26:44.293038235Z: [    0.000000] PID hash table entries: 4096 (order: 3, 32768 bytes)
[STDOUT  ] 2017-11-15T12:26:44.293054271Z: [    0.000000] Dentry cache hash table entries: 131072 (order: 8, 1048576 bytes)
[STDOUT  ] 2017-11-15T12:26:44.293071768Z: [    0.000000] Inode-cache hash table entries: 65536 (order: 7, 524288 bytes)
[STDOUT  ] 2017-11-15T12:26:44.293087555Z: [    0.000000] Memory: 981844K/1048052K available (8048K kernel code, 1367K rwdata, 2700K rodata, 1380K init, 568K bss, 66208K reserved, 0K cma-reserved)
[STDOUT  ] 2017-11-15T12:26:44.29310097Z: [    0.000000] Hierarchical RCU implementation.
[STDOUT  ] 2017-11-15T12:26:44.293113225Z: [    0.000000] 	Build-time adjustment of leaf fanout to 64.
[STDOUT  ] 2017-11-15T12:26:44.293125205Z: [    0.000000] 	RCU restricting CPUs from NR_CPUS=128 to nr_cpu_ids=1.
[STDOUT  ] 2017-11-15T12:26:44.293136689Z: [    0.000000] RCU: Adjusting geometry for rcu_fanout_leaf=64, nr_cpu_ids=1
[STDOUT  ] 2017-11-15T12:26:44.293155006Z: [    0.000000] NR_IRQS:8448 nr_irqs:256 16
[STDOUT  ] 2017-11-15T12:26:44.293166895Z: [    0.000000] Console: colour VGA+ 80x25
[STDOUT  ] 2017-11-15T12:26:44.293178929Z: [    0.000000] console [ttyS0] enabled
[STDOUT  ] 2017-11-15T12:26:44.293190372Z: [    0.000000] clocksource: hpet: mask: 0xffffffff max_cycles: 0xffffffff, max_idle_ns: 19112604467 ns
[STDOUT  ] 2017-11-15T12:26:44.293203285Z: [    0.000000] tsc: Unable to calibrate against PIT
[STDOUT  ] 2017-11-15T12:26:44.293215248Z: [    0.000000] tsc: using HPET reference calibration
[STDOUT  ] 2017-11-15T12:26:44.293227321Z: [    0.000000] tsc: Detected 2300.113 MHz processor
[STDOUT  ] 2017-11-15T12:26:44.293243245Z: [    0.052331] Calibrating delay loop (skipped), value calculated using timer frequency.. 4600.22 BogoMIPS (lpj=23001130)
[STDOUT  ] 2017-11-15T12:26:44.293255261Z: [    0.060701] pid_max: default: 32768 minimum: 301
[STDOUT  ] 2017-11-15T12:26:44.293267436Z: [    0.062150] ACPI: Core revision 20160831
[STDOUT  ] 2017-11-15T12:26:44.293279726Z: [    0.166967] ACPI: 1 ACPI AML tables successfully acquired and loaded
[STDOUT  ] 2017-11-15T12:26:44.29329156Z: [    0.176717] Security Framework initialized
[STDOUT  ] 2017-11-15T12:26:44.293302798Z: [    0.180172] Yama: becoming mindful.
[STDOUT  ] 2017-11-15T12:26:44.293314265Z: [    0.186319] Mount-cache hash table entries: 2048 (order: 2, 16384 bytes)
[STDOUT  ] 2017-11-15T12:26:44.293331366Z: [    0.190135] Mountpoint-cache hash table entries: 2048 (order: 2, 16384 bytes)
[STDOUT  ] 2017-11-15T12:26:44.293343385Z: [    0.235608] Last level iTLB entries: 4KB 0, 2MB 0, 4MB 0
[STDOUT  ] 2017-11-15T12:26:44.293358355Z: [    0.240105] Last level dTLB entries: 4KB 0, 2MB 0, 4MB 0, 1GB 0
[STDOUT  ] 2017-11-15T12:26:44.293369935Z: [    0.868621] Freeing SMP alternatives memory: 20K
[STDOUT  ] 2017-11-15T12:26:44.293381334Z: [    0.883547] ftrace: allocating 35542 entries in 139 pages
[STDOUT  ] 2017-11-15T12:26:44.293392772Z: [    1.268185] smpboot: Max logical packages: 1
[STDOUT  ] 2017-11-15T12:26:44.293403717Z: [    1.277370] ..TIMER: vector=0x30 apic1=0 pin1=2 apic2=-1 pin2=-1
[STDOUT  ] 2017-11-15T12:26:44.293415411Z: [    1.380000] APIC calibration not consistent with PM-Timer: 161ms instead of 100ms
[STDOUT  ] 2017-11-15T12:26:44.293426978Z: [    1.380000] APIC delta adjusted to PM-Timer: 6249938 (10118223)
[STDOUT  ] 2017-11-15T12:26:44.29343828Z: [    1.380000] smpboot: CPU0: AMD QEMU Virtual CPU version 2.5+ (family: 0x6, model: 0x6, stepping: 0x3)
[STDOUT  ] 2017-11-15T12:26:44.293451291Z: [    1.380000] Performance Events: PMU not available due to virtualization, using software events only.
[STDOUT  ] 2017-11-15T12:26:44.293463957Z: [    1.420085] NMI watchdog: disabled (cpu0): hardware events not enabled
[STDOUT  ] 2017-11-15T12:26:44.293475775Z: [    1.420777] NMI watchdog: Shutting down hard lockup detector on all cpus
[STDOUT  ] 2017-11-15T12:26:44.293487377Z: [    1.424925] x86: Booted up 1 node, 1 CPUs
[STDOUT  ] 2017-11-15T12:26:44.293499496Z: [    1.430183] smpboot: Total of 1 processors activated (4600.22 BogoMIPS)
[STDOUT  ] 2017-11-15T12:26:44.293522861Z: [    1.454207] devtmpfs: initialized
[STDOUT  ] 2017-11-15T12:26:44.293535018Z: [    1.462119] x86/mm: Memory block size: 128MB
[STDOUT  ] 2017-11-15T12:26:44.293546422Z: [    1.579417] clocksource: jiffies: mask: 0xffffffff max_cycles: 0xffffffff, max_idle_ns: 19112604462750000 ns
[STDOUT  ] 2017-11-15T12:26:44.293561711Z: [    1.580505] futex hash table entries: 256 (order: 2, 16384 bytes)
[STDOUT  ] 2017-11-15T12:26:44.293573443Z: [    1.594041] NET: Registered protocol family 16
[STDOUT  ] 2017-11-15T12:26:44.293584984Z: [    1.609517] cpuidle: using governor ladder
[STDOUT  ] 2017-11-15T12:26:44.29359656Z: [    1.610276] cpuidle: using governor menu
[STDOUT  ] 2017-11-15T12:26:44.293608281Z: [    1.611976] ACPI: bus type PCI registered
[STDOUT  ] 2017-11-15T12:26:44.293619806Z: [    1.616468] PCI: MMCONFIG for domain 0000 [bus 00-ff] at [mem 0xb0000000-0xbfffffff] (base 0xb0000000)
[STDOUT  ] 2017-11-15T12:26:44.293637064Z: [    1.617671] PCI: MMCONFIG at [mem 0xb0000000-0xbfffffff] reserved in E820
[STDOUT  ] 2017-11-15T12:26:44.29364894Z: [    1.619801] PCI: Using configuration type 1 for base access
[STDOUT  ] 2017-11-15T12:26:44.293660806Z: [    1.781896] HugeTLB registered 2 MB page size, pre-allocated 0 pages
[STDOUT  ] 2017-11-15T12:26:44.293673094Z: [    1.810798] ACPI: Added _OSI(Module Device)
[STDOUT  ] 2017-11-15T12:26:44.293684597Z: [    1.811266] ACPI: Added _OSI(Processor Device)
[STDOUT  ] 2017-11-15T12:26:44.293696555Z: [    1.811858] ACPI: Added _OSI(3.0 _SCP Extensions)
[STDOUT  ] 2017-11-15T12:26:44.293708339Z: [    1.812285] ACPI: Added _OSI(Processor Aggregator Device)
[STDOUT  ] 2017-11-15T12:26:44.293723441Z: [    2.062732] ACPI: Interpreter enabled
[STDOUT  ] 2017-11-15T12:26:44.293734858Z: [    2.063862] ACPI: (supports S0 S5)
[STDOUT  ] 2017-11-15T12:26:44.293746345Z: [    2.064174] ACPI: Using IOAPIC for interrupt routing
[STDOUT  ] 2017-11-15T12:26:44.293757997Z: [    2.066956] PCI: Using host bridge windows from ACPI; if necessary, use "pci=nocrs" and report a bug
[STDOUT  ] 2017-11-15T12:26:44.293769704Z: [    2.216424] ACPI: PCI Root Bridge [PCI0] (domain 0000 [bus 00-ff])
[STDOUT  ] 2017-11-15T12:26:44.293781152Z: [    2.217695] acpi PNP0A08:00: _OSC: OS supports [ExtendedConfig ASPM ClockPM Segments MSI]
[STDOUT  ] 2017-11-15T12:26:44.293793377Z: [    2.226303] acpi PNP0A08:00: _OSC: OS now controls [PCIeHotplug PME PCIeCapability]
[STDOUT  ] 2017-11-15T12:26:44.293810277Z: [    2.232054] PCI host bridge to bus 0000:00
[STDOUT  ] 2017-11-15T12:26:44.293826582Z: [    2.232555] pci_bus 0000:00: root bus resource [io  0x0000-0x0cf7 window]
[STDOUT  ] 2017-11-15T12:26:44.293838532Z: [    2.232997] pci_bus 0000:00: root bus resource [io  0x0d00-0xffff window]
[STDOUT  ] 2017-11-15T12:26:44.293849461Z: [    2.233412] pci_bus 0000:00: root bus resource [mem 0x000a0000-0x000bffff window]
[STDOUT  ] 2017-11-15T12:26:44.293861097Z: [    2.233860] pci_bus 0000:00: root bus resource [mem 0xc0000000-0xfebfffff window]
[STDOUT  ] 2017-11-15T12:26:44.293876003Z: [    2.234494] pci_bus 0000:00: root bus resource [bus 00-ff]
[STDOUT  ] 2017-11-15T12:26:44.293887479Z: [    2.511688] pci 0000:00:1f.0: quirk: [io  0x0600-0x067f] claimed by ICH6 ACPI/GPIO/TCO
[STDOUT  ] 2017-11-15T12:26:44.293899564Z: [    2.690642] ACPI: PCI Interrupt Link [LNKA] (IRQs 5 *10 11)
[STDOUT  ] 2017-11-15T12:26:44.293910929Z: [    2.693504] ACPI: PCI Interrupt Link [LNKB] (IRQs 5 *10 11)
[STDOUT  ] 2017-11-15T12:26:44.293922559Z: [    2.695887] ACPI: PCI Interrupt Link [LNKC] (IRQs 5 10 *11)
[STDOUT  ] 2017-11-15T12:26:44.293934628Z: [    2.698362] ACPI: PCI Interrupt Link [LNKD] (IRQs 5 10 *11)
[STDOUT  ] 2017-11-15T12:26:44.293945984Z: [    2.700914] ACPI: PCI Interrupt Link [LNKE] (IRQs 5 *10 11)
[STDOUT  ] 2017-11-15T12:26:44.293957445Z: [    2.703351] ACPI: PCI Interrupt Link [LNKF] (IRQs 5 *10 11)
[STDOUT  ] 2017-11-15T12:26:44.293969024Z: [    2.705718] ACPI: PCI Interrupt Link [LNKG] (IRQs 5 10 *11)
[STDOUT  ] 2017-11-15T12:26:44.293980611Z: [    2.708190] ACPI: PCI Interrupt Link [LNKH] (IRQs 5 10 *11)
[STDOUT  ] 2017-11-15T12:26:44.293994867Z: [    2.709226] ACPI: PCI Interrupt Link [GSIA] (IRQs *16)
[STDOUT  ] 2017-11-15T12:26:44.29400631Z: [    2.710104] ACPI: PCI Interrupt Link [GSIB] (IRQs *17)
[STDOUT  ] 2017-11-15T12:26:44.294018087Z: [    2.710857] ACPI: PCI Interrupt Link [GSIC] (IRQs *18)
[STDOUT  ] 2017-11-15T12:26:44.294029621Z: [    2.711585] ACPI: PCI Interrupt Link [GSID] (IRQs *19)
[STDOUT  ] 2017-11-15T12:26:44.294041126Z: [    2.712322] ACPI: PCI Interrupt Link [GSIE] (IRQs *20)
[STDOUT  ] 2017-11-15T12:26:44.294052725Z: [    2.713189] ACPI: PCI Interrupt Link [GSIF] (IRQs *21)
[STDOUT  ] 2017-11-15T12:26:44.294064277Z: [    2.713916] ACPI: PCI Interrupt Link [GSIG] (IRQs *22)
[STDOUT  ] 2017-11-15T12:26:44.294075208Z: [    2.714829] ACPI: PCI Interrupt Link [GSIH] (IRQs *23)
[STDOUT  ] 2017-11-15T12:26:44.294087218Z: [    2.720000] ACPI: Enabled 2 GPEs in block 00 to 3F
[STDOUT  ] 2017-11-15T12:26:44.294105188Z: [    2.726218] SCSI subsystem initialized
[STDOUT  ] 2017-11-15T12:26:44.294120431Z: [    2.730224] ACPI: bus type USB registered
[STDOUT  ] 2017-11-15T12:26:44.294132539Z: [    2.731790] usbcore: registered new interface driver usbfs
[STDOUT  ] 2017-11-15T12:26:44.29414402Z: [    2.732923] usbcore: registered new interface driver hub
[STDOUT  ] 2017-11-15T12:26:44.294155441Z: [    2.734014] usbcore: registered new device driver usb
[STDOUT  ] 2017-11-15T12:26:44.294167238Z: [    2.735641] pps_core: LinuxPPS API ver. 1 registered
[STDOUT  ] 2017-11-15T12:26:44.294178503Z: [    2.735968] pps_core: Software ver. 5.3.6 - Copyright 2005-2007 Rodolfo Giometti <giometti@linux.it>
[STDOUT  ] 2017-11-15T12:26:44.294190359Z: [    2.736707] PTP clock support registered
[STDOUT  ] 2017-11-15T12:26:44.294201872Z: [    2.738500] wmi: Mapper loaded
[STDOUT  ] 2017-11-15T12:26:44.29421363Z: [    2.740117] PCI: Using ACPI for IRQ routing
[STDOUT  ] 2017-11-15T12:26:44.294225117Z: [    2.771989] NetLabel: Initializing
[STDOUT  ] 2017-11-15T12:26:44.294236521Z: [    2.772253] NetLabel:  domain hash size = 128
[STDOUT  ] 2017-11-15T12:26:44.294248098Z: [    2.772531] NetLabel:  protocols = UNLABELED CIPSOv4
[STDOUT  ] 2017-11-15T12:26:44.294259702Z: [    2.775397] NetLabel:  unlabeled traffic allowed by default
[STDOUT  ] 2017-11-15T12:26:44.294271222Z: [    2.776577] HPET: 3 timers in total, 0 timers will be used for per-cpu timer
[STDOUT  ] 2017-11-15T12:26:44.294288349Z: [    2.777487] hpet0: at MMIO 0xfed00000, IRQs 2, 8, 0
[STDOUT  ] 2017-11-15T12:26:44.294299873Z: [    2.778013] hpet0: 3 comparators, 64-bit 100.000000 MHz counter
[STDOUT  ] 2017-11-15T12:26:44.294311748Z: [    2.784597] clocksource: Switched to clocksource hpet
[STDOUT  ] 2017-11-15T12:26:44.294326163Z: [    3.599481] VFS: Disk quotas dquot_6.6.0
[STDOUT  ] 2017-11-15T12:26:44.294337576Z: [    3.600769] VFS: Dquot-cache hash table entries: 512 (order 0, 4096 bytes)
[STDOUT  ] 2017-11-15T12:26:44.294349372Z: [    3.604840] FS-Cache: Loaded
[STDOUT  ] 2017-11-15T12:26:44.294360661Z: [    3.625983] CacheFiles: Loaded
[STDOUT  ] 2017-11-15T12:26:44.294371942Z: [    3.628408] pnp: PnP ACPI init
[STDOUT  ] 2017-11-15T12:26:44.294383429Z: [    3.680815] pnp: PnP ACPI: found 5 devices
[STDOUT  ] 2017-11-15T12:26:44.294394803Z: [    3.837754] clocksource: acpi_pm: mask: 0xffffff max_cycles: 0xffffff, max_idle_ns: 2085701024 ns
[STDOUT  ] 2017-11-15T12:26:44.294406575Z: [    3.846489] NET: Registered protocol family 2
[STDOUT  ] 2017-11-15T12:26:44.294418151Z: [    3.870028] TCP established hash table entries: 8192 (order: 4, 65536 bytes)
[STDOUT  ] 2017-11-15T12:26:44.294429641Z: [    3.880604] TCP bind hash table entries: 8192 (order: 5, 131072 bytes)
[STDOUT  ] 2017-11-15T12:26:44.294440869Z: [    3.881628] TCP: Hash tables configured (established 8192 bind 8192)
[STDOUT  ] 2017-11-15T12:26:44.294465508Z: [    3.884523] UDP hash table entries: 512 (order: 2, 16384 bytes)
[STDOUT  ] 2017-11-15T12:26:44.294476651Z: [    3.890296] UDP-Lite hash table entries: 512 (order: 2, 16384 bytes)
[STDOUT  ] 2017-11-15T12:26:44.294488443Z: [    3.894145] NET: Registered protocol family 1
[STDOUT  ] 2017-11-15T12:26:44.294499783Z: [    3.900949] pci 0000:00:01.0: Video device with shadowed ROM at [mem 0x000c0000-0x000dffff]
[STDOUT  ] 2017-11-15T12:26:44.294517537Z: [    3.925250] Unpacking initramfs...
[STDOUT  ] 2017-11-15T12:26:44.294528812Z: [   17.385565] Freeing initrd memory: 32328K
[STDOUT  ] 2017-11-15T12:26:44.294540617Z: [   17.427718] PCLMULQDQ-NI instructions are not detected.
[STDOUT  ] 2017-11-15T12:26:44.294552139Z: [   17.431949] AVX or AES-NI instructions are not detected.
[STDOUT  ] 2017-11-15T12:26:44.294563516Z: [   17.432805] CPU feature 'AVX registers' is not supported.
[STDOUT  ] 2017-11-15T12:26:44.294575033Z: [   17.433510] CPU feature 'AVX registers' is not supported.
[STDOUT  ] 2017-11-15T12:26:44.294586475Z: [   17.434123] CPU feature 'AVX registers' is not supported.
[STDOUT  ] 2017-11-15T12:26:44.294597873Z: [   17.434730] CPU feature 'AVX registers' is not supported.
[STDOUT  ] 2017-11-15T12:26:44.294615877Z: [   17.435340] AVX2 or AES-NI instructions are not detected.
[STDOUT  ] 2017-11-15T12:26:44.294628617Z: [   17.435946] AVX2 instructions are not detected.
[STDOUT  ] 2017-11-15T12:26:44.294644588Z: [   17.447573] audit: initializing netlink subsys (disabled)
[STDOUT  ] 2017-11-15T12:26:44.294658037Z: [   17.450478] audit: type=2000 audit(1510748737.440:1): initialized
[STDOUT  ] 2017-11-15T12:26:44.294669661Z: [   17.463080] workingset: timestamp_bits=46 max_order=18 bucket_order=0
[STDOUT  ] 2017-11-15T12:26:44.294681396Z: [   17.474595] squashfs: version 4.0 (2009/01/31) Phillip Lougher
[STDOUT  ] 2017-11-15T12:26:44.294692216Z: [   17.478495] FS-Cache: Netfs 'cifs' registered for caching
[STDOUT  ] 2017-11-15T12:26:44.294701371Z: [   17.479915] fuse init (API version 7.26)
[STDOUT  ] 2017-11-15T12:26:44.294707843Z: [   17.484217] SGI XFS with ACLs, security attributes, no debug enabled
[STDOUT  ] 2017-11-15T12:26:44.294714347Z: [   17.492283] 9p: Installing v9fs 9p2000 file system support
[STDOUT  ] 2017-11-15T12:26:44.294720695Z: [   17.493171] FS-Cache: Netfs '9p' registered for caching
[STDOUT  ] 2017-11-15T12:26:44.294727038Z: [   17.556249] NET: Registered protocol family 38
[STDOUT  ] 2017-11-15T12:26:44.294733227Z: [   17.557099] Key type asymmetric registered
[STDOUT  ] 2017-11-15T12:26:44.294739548Z: [   17.557623] Asymmetric key parser 'x509' registered
[STDOUT  ] 2017-11-15T12:26:44.294749766Z: [   17.559312] Block layer SCSI generic (bsg) driver version 0.4 loaded (major 251)
[STDOUT  ] 2017-11-15T12:26:44.294756371Z: [   17.563625] io scheduler noop registered
[STDOUT  ] 2017-11-15T12:26:44.294762788Z: [   17.564121] io scheduler deadline registered (default)
[STDOUT  ] 2017-11-15T12:26:44.294769135Z: [   17.565324] io scheduler cfq registered
[STDOUT  ] 2017-11-15T12:26:44.294775319Z: [   17.569562] pci_hotplug: PCI Hot Plug PCI Core version: 0.5
[STDOUT  ] 2017-11-15T12:26:44.294781632Z: [   17.577866] pciehp: PCI Express Hot Plug Controller Driver version: 0.4
[STDOUT  ] 2017-11-15T12:26:44.29479109Z: [   17.593886] shpchp: Standard Hot Plug PCI Controller Driver version: 0.4
[STDOUT  ] 2017-11-15T12:26:44.294802543Z: [   17.595118] hv_vmbus: registering driver hyperv_fb
[STDOUT  ] 2017-11-15T12:26:44.294821753Z: [   17.616438] input: Power Button as /devices/LNXSYSTM:00/LNXPWRBN:00/input/input0
[STDOUT  ] 2017-11-15T12:26:44.294829848Z: [   17.622154] ACPI: Power Button [PWRF]
[STDOUT  ] 2017-11-15T12:26:44.294836224Z: [   17.631779] GHES: HEST is not enabled!
[STDOUT  ] 2017-11-15T12:26:44.294842484Z: [   17.651708] ACPI: PCI Interrupt Link [GSIG] enabled at IRQ 22
[STDOUT  ] 2017-11-15T12:26:44.2948488Z: [   17.672870] ACPI: PCI Interrupt Link [GSIH] enabled at IRQ 23
[STDOUT  ] 2017-11-15T12:26:44.294855185Z: [   17.679414] xenfs: not registering filesystem on non-xen platform
[STDOUT  ] 2017-11-15T12:26:44.294861429Z: [   17.683210] Serial: 8250/16550 driver, 4 ports, IRQ sharing disabled
[STDOUT  ] 2017-11-15T12:26:44.294867709Z: [   17.715952] 00:04: ttyS0 at I/O 0x3f8 (irq = 4, base_baud = 115200) is a 16550A
[STDOUT  ] 2017-11-15T12:26:44.294873866Z: [   17.733926] Non-volatile memory driver v1.3
[STDOUT  ] 2017-11-15T12:26:44.294880069Z: [   17.745362] Hangcheck: starting hangcheck timer 0.9.1 (tick is 180 seconds, margin is 60 seconds).
[STDOUT  ] 2017-11-15T12:26:44.294886547Z: [   17.750820] random: fast init done
[STDOUT  ] 2017-11-15T12:26:44.294896434Z: [   17.752660] random: crng init done
[STDOUT  ] 2017-11-15T12:26:44.294902628Z: [   17.814554] loop: module loaded
[STDOUT  ] 2017-11-15T12:26:44.294908903Z: [   17.839472] nbd: registered device at major 43
[STDOUT  ] 2017-11-15T12:26:44.294915153Z: [   17.916767] lpc_ich 0000:00:1f.0: I/O space for GPIO uninitialized
[STDOUT  ] 2017-11-15T12:26:44.294921353Z: [   17.919560] VMware PVSCSI driver - version 1.0.7.0-k
[STDOUT  ] 2017-11-15T12:26:44.294927459Z: [   17.920910] hv_vmbus: registering driver hv_storvsc
[STDOUT  ] 2017-11-15T12:26:44.294933604Z: [   17.937778] ACPI: PCI Interrupt Link [GSIA] enabled at IRQ 16
[STDOUT  ] 2017-11-15T12:26:44.294943416Z: [   17.948818] ahci 0000:00:1f.2: AHCI 0001.0000 32 slots 6 ports 1.5 Gbps 0x3f impl SATA mode
[STDOUT  ] 2017-11-15T12:26:44.294950579Z: [   17.950625] ahci 0000:00:1f.2: flags: 64bit ncq only 
[STDOUT  ] 2017-11-15T12:26:44.294956789Z: [   17.986632] scsi host0: ahci
[STDOUT  ] 2017-11-15T12:26:44.294963031Z: [   17.994080] scsi host1: ahci
[STDOUT  ] 2017-11-15T12:26:44.294969278Z: [   18.005486] scsi host2: ahci
[STDOUT  ] 2017-11-15T12:26:44.29497546Z: [   18.017168] scsi host3: ahci
[STDOUT  ] 2017-11-15T12:26:44.294981576Z: [   18.029001] scsi host4: ahci
[STDOUT  ] 2017-11-15T12:26:44.294987669Z: [   18.040974] scsi host5: ahci
[STDOUT  ] 2017-11-15T12:26:44.294993881Z: [   18.049476] ata1: SATA max UDMA/133 abar m4096@0xfebd2000 port 0xfebd2100 irq 24
[STDOUT  ] 2017-11-15T12:26:44.295005165Z: [   18.052353] ata2: SATA max UDMA/133 abar m4096@0xfebd2000 port 0xfebd2180 irq 24
[STDOUT  ] 2017-11-15T12:26:44.295011551Z: [   18.054003] ata3: SATA max UDMA/133 abar m4096@0xfebd2000 port 0xfebd2200 irq 24
[STDOUT  ] 2017-11-15T12:26:44.295017803Z: [   18.055945] ata4: SATA max UDMA/133 abar m4096@0xfebd2000 port 0xfebd2280 irq 24
[STDOUT  ] 2017-11-15T12:26:44.29502409Z: [   18.057685] ata5: SATA max UDMA/133 abar m4096@0xfebd2000 port 0xfebd2300 irq 24
[STDOUT  ] 2017-11-15T12:26:44.295030346Z: [   18.059595] ata6: SATA max UDMA/133 abar m4096@0xfebd2000 port 0xfebd2380 irq 24
[STDOUT  ] 2017-11-15T12:26:44.295039261Z: [   18.125634] tun: Universal TUN/TAP device driver, 1.6
[STDOUT  ] 2017-11-15T12:26:44.295045642Z: [   18.127125] tun: (C) 1999-2004 Max Krasnyansky <maxk@qualcomm.com>
[STDOUT  ] 2017-11-15T12:26:44.295056855Z: [   18.180198] VMware vmxnet3 virtual NIC driver - version 1.4.a.0-k-NAPI
[STDOUT  ] 2017-11-15T12:26:44.295063231Z: [   18.184041] hv_vmbus: registering driver hv_netvsc
[STDOUT  ] 2017-11-15T12:26:44.295069441Z: [   18.185212] Fusion MPT base driver 3.04.20
[STDOUT  ] 2017-11-15T12:26:44.295075652Z: [   18.186461] Copyright (c) 1999-2008 LSI Corporation
[STDOUT  ] 2017-11-15T12:26:44.295081953Z: [   18.188597] Fusion MPT SPI Host driver 3.04.20
[STDOUT  ] 2017-11-15T12:26:44.295088255Z: [   18.198415] i8042: PNP: PS/2 Controller [PNP0303:KBD,PNP0f13:MOU] at 0x60,0x64 irq 1,12
[STDOUT  ] 2017-11-15T12:26:44.295095214Z: [   18.219470] serio: i8042 KBD port at 0x60,0x64 irq 1
[STDOUT  ] 2017-11-15T12:26:44.295104828Z: [   18.222526] serio: i8042 AUX port at 0x60,0x64 irq 12
[STDOUT  ] 2017-11-15T12:26:44.295111565Z: [   18.234004] hv_vmbus: registering driver hyperv_keyboard
[STDOUT  ] 2017-11-15T12:26:44.295117815Z: [   18.249661] mousedev: PS/2 mouse device common for all mice
[STDOUT  ] 2017-11-15T12:26:44.295124039Z: [   18.278333] input: PC Speaker as /devices/platform/pcspkr/input/input2
[STDOUT  ] 2017-11-15T12:26:44.295130286Z: [   18.293861] rtc_cmos 00:00: RTC can wake from S4
[STDOUT  ] 2017-11-15T12:26:44.295139478Z: [   18.298863] input: AT Translated Set 2 keyboard as /devices/platform/i8042/serio0/input/input1
[STDOUT  ] 2017-11-15T12:26:44.295146932Z: [   18.302621] rtc_cmos 00:00: rtc core: registered rtc_cmos as rtc0
[STDOUT  ] 2017-11-15T12:26:44.295153207Z: [   18.304604] rtc_cmos 00:00: alarms up to one day, y3k, 114 bytes nvram, hpet irqs
[STDOUT  ] 2017-11-15T12:26:44.295159573Z: [   18.305650] i2c /dev entries driver
[STDOUT  ] 2017-11-15T12:26:44.295166033Z: [   18.312163] device-mapper: ioctl: 4.35.0-ioctl (2016-06-23) initialised: dm-devel@redhat.com
[STDOUT  ] 2017-11-15T12:26:44.29517259Z: [   18.324346] usbcore: registered new interface driver usbhid
[STDOUT  ] 2017-11-15T12:26:44.295178991Z: [   18.324953] usbhid: USB HID core driver
[STDOUT  ] 2017-11-15T12:26:44.295185164Z: [   18.325805] hv_utils: Registering HyperV Utility Driver
[STDOUT  ] 2017-11-15T12:26:44.295191326Z: [   18.326350] hv_vmbus: registering driver hv_util
[STDOUT  ] 2017-11-15T12:26:44.295197492Z: [   18.327094] hv_vmbus: registering driver hv_balloon
[STDOUT  ] 2017-11-15T12:26:44.295207106Z: [   18.328476] oprofile: using NMI interrupt.
[STDOUT  ] 2017-11-15T12:26:44.295216226Z: [   18.331567] GACT probability on
[STDOUT  ] 2017-11-15T12:26:44.295225897Z: [   18.332470] Mirror/redirect action on
[STDOUT  ] 2017-11-15T12:26:44.29523226Z: [   18.334634] Simple TC action Loaded
[STDOUT  ] 2017-11-15T12:26:44.295238532Z: [   18.335572] u32 classifier
[STDOUT  ] 2017-11-15T12:26:44.29524475Z: [   18.335881]     Performance counters on
[STDOUT  ] 2017-11-15T12:26:44.295251119Z: [   18.336278]     input device check on
[STDOUT  ] 2017-11-15T12:26:44.295257336Z: [   18.336660]     Actions configured
[STDOUT  ] 2017-11-15T12:26:44.295263488Z: [   18.337506] Netfilter messages via NETLINK v0.30.
[STDOUT  ] 2017-11-15T12:26:44.295269653Z: [   18.338553] nfnl_acct: registering with nfnetlink.
[STDOUT  ] 2017-11-15T12:26:44.295275944Z: [   18.343124] nf_conntrack version 0.5.0 (8192 buckets, 32768 max)
[STDOUT  ] 2017-11-15T12:26:44.295282209Z: [   18.350536] ctnetlink v0.93: registering with nfnetlink.
[STDOUT  ] 2017-11-15T12:26:44.295288425Z: [   18.358018] nf_tables: (c) 2007-2009 Patrick McHardy <kaber@trash.net>
[STDOUT  ] 2017-11-15T12:26:44.295294727Z: [   18.359312] nf_tables_compat: (c) 2012 Pablo Neira Ayuso <pablo@netfilter.org>
[STDOUT  ] 2017-11-15T12:26:44.295301065Z: [   18.364523] xt_time: kernel timezone is -0000
[STDOUT  ] 2017-11-15T12:26:44.295307293Z: [   18.365334] ip_set: protocol 6
[STDOUT  ] 2017-11-15T12:26:44.295316177Z: [   18.366307] IPVS: Registered protocols (TCP, UDP, SCTP, AH, ESP)
[STDOUT  ] 2017-11-15T12:26:44.295322496Z: [   18.367181] IPVS: Connection hash table configured (size=4096, memory=64Kbytes)
[STDOUT  ] 2017-11-15T12:26:44.295328725Z: [   18.371240] IPVS: Creating netns size=2104 id=0
[STDOUT  ] 2017-11-15T12:26:44.295334901Z: [   18.376733] IPVS: ipvs loaded.
[STDOUT  ] 2017-11-15T12:26:44.29534118Z: [   18.377258] IPVS: [rr] scheduler registered.
[STDOUT  ] 2017-11-15T12:26:44.295351647Z: [   18.377761] IPVS: [wrr] scheduler registered.
[STDOUT  ] 2017-11-15T12:26:44.295357977Z: [   18.378257] IPVS: [lc] scheduler registered.
[STDOUT  ] 2017-11-15T12:26:44.295364299Z: [   18.378700] IPVS: [wlc] scheduler registered.
[STDOUT  ] 2017-11-15T12:26:44.295370579Z: [   18.379152] IPVS: [fo] scheduler registered.
[STDOUT  ] 2017-11-15T12:26:44.295376926Z: [   18.380664] IPVS: [ovf] scheduler registered.
[STDOUT  ] 2017-11-15T12:26:44.295383123Z: [   18.381308] IPVS: [lblc] scheduler registered.
[STDOUT  ] 2017-11-15T12:26:44.2953893Z: [   18.381942] IPVS: [lblcr] scheduler registered.
[STDOUT  ] 2017-11-15T12:26:44.29539549Z: [   18.382503] IPVS: [dh] scheduler registered.
[STDOUT  ] 2017-11-15T12:26:44.295401838Z: [   18.382999] IPVS: [sh] scheduler registered.
[STDOUT  ] 2017-11-15T12:26:44.295408083Z: [   18.383524] IPVS: [sed] scheduler registered.
[STDOUT  ] 2017-11-15T12:26:44.295414418Z: [   18.383980] IPVS: [nq] scheduler registered.
[STDOUT  ] 2017-11-15T12:26:44.295420601Z: [   18.385028] IPVS: ftp: loaded support on port[0] = 21
[STDOUT  ] 2017-11-15T12:26:44.295426823Z: [   18.386980] ipip: IPv4 and MPLS over IPv4 tunneling driver
[STDOUT  ] 2017-11-15T12:26:44.295436634Z: [   18.395140] gre: GRE over IPv4 demultiplexor driver
[STDOUT  ] 2017-11-15T12:26:44.295443075Z: [   18.400736] tsc: Refined TSC clocksource calibration: 2300.038 MHz
[STDOUT  ] 2017-11-15T12:26:44.295449368Z: [   18.401492] clocksource: tsc: mask: 0xffffffffffffffff max_cycles: 0x212759179c6, max_idle_ns: 440795240051 ns
[STDOUT  ] 2017-11-15T12:26:44.295455716Z: [   18.403811] ip_tables: (C) 2000-2006 Netfilter Core Team
[STDOUT  ] 2017-11-15T12:26:44.295461974Z: [   18.409910] ipt_CLUSTERIP: ClusterIP Version 0.8 loaded successfully
[STDOUT  ] 2017-11-15T12:26:44.29546827Z: [   18.411510] arp_tables: arp_tables: (C) 2002 David S. Miller
[STDOUT  ] 2017-11-15T12:26:44.295474614Z: [   18.415678] ata3: SATA link up 1.5 Gbps (SStatus 113 SControl 300)
[STDOUT  ] 2017-11-15T12:26:44.295480888Z: [   18.421927] ata6: SATA link down (SStatus 0 SControl 300)
[STDOUT  ] 2017-11-15T12:26:44.29549203Z: [   18.424372] ata2: SATA link down (SStatus 0 SControl 300)
[STDOUT  ] 2017-11-15T12:26:44.295501049Z: [   18.425175] ata4: SATA link down (SStatus 0 SControl 300)
[STDOUT  ] 2017-11-15T12:26:44.295507493Z: [   18.425903] ata5: SATA link down (SStatus 0 SControl 300)
[STDOUT  ] 2017-11-15T12:26:44.29551373Z: [   18.426627] ata1: SATA link up 1.5 Gbps (SStatus 113 SControl 300)
[STDOUT  ] 2017-11-15T12:26:44.29552004Z: [   18.431086] ata1.00: ATA-7: QEMU HARDDISK, 2.5+, max UDMA/100
[STDOUT  ] 2017-11-15T12:26:44.29552628Z: [   18.432017] ata1.00: 1048576 sectors, multi 16: LBA48 NCQ (depth 31/32)
[STDOUT  ] 2017-11-15T12:26:44.295536408Z: [   18.433210] ata1.00: applying bridge limits
[STDOUT  ] 2017-11-15T12:26:44.295542727Z: [   18.437048] NET: Registered protocol family 10
[STDOUT  ] 2017-11-15T12:26:44.295549064Z: [   18.441409] ata1.00: configured for UDMA/100
[STDOUT  ] 2017-11-15T12:26:44.295555239Z: [   18.469359] ata3.00: ATAPI: QEMU DVD-ROM, 2.5+, max UDMA/100
[STDOUT  ] 2017-11-15T12:26:44.295561572Z: [   18.470046] ata3.00: applying bridge limits
[STDOUT  ] 2017-11-15T12:26:44.295567865Z: [   18.471127] ata3.00: configured for UDMA/100
[STDOUT  ] 2017-11-15T12:26:44.295574068Z: [   18.487323] ip6_tables: (C) 2000-2006 Netfilter Core Team
[STDOUT  ] 2017-11-15T12:26:44.295583613Z: [   18.504555] scsi 0:0:0:0: Direct-Access     ATA      QEMU HARDDISK    2.5+ PQ: 0 ANSI: 5
[STDOUT  ] 2017-11-15T12:26:44.295590927Z: [   18.514837] NET: Registered protocol family 17
[STDOUT  ] 2017-11-15T12:26:44.295599662Z: [   18.516459] Bridge firewalling registered
[STDOUT  ] 2017-11-15T12:26:44.295606266Z: [   18.517254] Ebtables v2.0 registered
[STDOUT  ] 2017-11-15T12:26:44.295612549Z: [   18.524073] sd 0:0:0:0: [sda] 1048576 512-byte logical blocks: (537 MB/512 MiB)
[STDOUT  ] 2017-11-15T12:26:44.295621154Z: [   18.531457] sd 0:0:0:0: Attached scsi generic sg0 type 0
[STDOUT  ] 2017-11-15T12:26:44.295631395Z: [   18.535588] 8021q: 802.1Q VLAN Support v1.8
[STDOUT  ] 2017-11-15T12:26:44.295637808Z: [   18.538014] 9pnet: Installing 9P2000 support
[STDOUT  ] 2017-11-15T12:26:44.29564776Z: [   18.540909] sd 0:0:0:0: [sda] Write Protect is off
[STDOUT  ] 2017-11-15T12:26:44.295654084Z: [   18.545442] sd 0:0:0:0: [sda] Write cache: enabled, read cache: enabled, doesn't support DPO or FUA
[STDOUT  ] 2017-11-15T12:26:44.295660521Z: [   18.549361] scsi 2:0:0:0: CD-ROM            QEMU     QEMU DVD-ROM     2.5+ PQ: 0 ANSI: 5
[STDOUT  ] 2017-11-15T12:26:44.295667604Z: [   18.559982] Key type dns_resolver registered
[STDOUT  ] 2017-11-15T12:26:44.295673829Z: [   18.561782] microcode: AMD CPU family 0x6 not supported
[STDOUT  ] 2017-11-15T12:26:44.29568014Z: [   18.574715] sr 2:0:0:0: [sr0] scsi3-mmc drive: 4x/4x cd/rw xa/form2 tray
[STDOUT  ] 2017-11-15T12:26:44.295686471Z: [   18.575659] cdrom: Uniform CD-ROM driver Revision: 3.20
[STDOUT  ] 2017-11-15T12:26:44.295692726Z: [   18.581881] registered taskstats version 1
[STDOUT  ] 2017-11-15T12:26:44.295698938Z: [   18.620859] sr 2:0:0:0: Attached scsi generic sg1 type 5
[STDOUT  ] 2017-11-15T12:26:44.295705071Z: [   18.647765] sd 0:0:0:0: [sda] Attached SCSI disk
[STDOUT  ] 2017-11-15T12:26:44.29571132Z: [   19.025900] Key type big_key registered
[STDOUT  ] 2017-11-15T12:26:44.295717602Z: [   19.361441] Key type encrypted registered
[STDOUT  ] 2017-11-15T12:26:44.295723817Z: [   19.369288] rtc_cmos 00:00: setting system clock to 2017-11-15 12:25:40 UTC (1510748740)
[STDOUT  ] 2017-11-15T12:26:44.295730309Z: [   19.748726] Freeing unused kernel memory: 1380K
[STDOUT  ] 2017-11-15T12:26:44.295736481Z: [   19.749354] Write protecting the kernel read-only data: 12288k
[STDOUT  ] 2017-11-15T12:26:44.29574272Z: [   19.754425] clocksource: Switched to clocksource tsc
[STDOUT  ] 2017-11-15T12:26:44.295748905Z: [   19.762273] Freeing unused kernel memory: 128K
[STDOUT  ] 2017-11-15T12:26:44.295755107Z: [   19.917066] Freeing unused kernel memory: 1396K
[STDOUT  ] 2017-11-15T12:26:44.295761263Z: 
[STDOUT  ] 2017-11-15T12:26:44.295767709Z: Welcome to LinuxKit
[STDOUT  ] 2017-11-15T12:26:44.295776833Z: 
[STDOUT  ] 2017-11-15T12:26:44.295783188Z:                         ##         .
[STDOUT  ] 2017-11-15T12:26:44.295789353Z:                   ## ## ##        ==
[STDOUT  ] 2017-11-15T12:26:44.295795627Z:                ## ## ## ## ##    ===
[STDOUT  ] 2017-11-15T12:26:44.295801814Z:            /"""""""""""""""""\___/ ===
[STDOUT  ] 2017-11-15T12:26:44.295808033Z:           {                       /  ===-
[STDOUT  ] 2017-11-15T12:26:44.295814214Z:            \______ O           __/
[STDOUT  ] 2017-11-15T12:26:44.295820353Z:              \    \         __/
[STDOUT  ] 2017-11-15T12:26:44.295826653Z:               \____\_______/
[STDOUT  ] 2017-11-15T12:26:44.295832875Z: 
[STDOUT  ] 2017-11-15T12:26:44.295838972Z: [   53.534125] IPVS: Creating netns size=2104 id=1
[STDOUT  ] 2017-11-15T12:26:44.295845105Z: [   53.534974] IPVS: ftp: loaded support on port[0] = 21
[STDOUT  ] 2017-11-15T12:26:44.295851217Z: 2017/11/15 12:26:16 Creating partition on /dev/sda
[STDOUT  ] 2017-11-15T12:26:44.295857475Z: [   56.138855]  sda:
[STDOUT  ] 2017-11-15T12:26:44.295863792Z: [   56.297150]  sda:
[STDOUT  ] 2017-11-15T12:26:44.295870061Z: [   56.405409]  sda: sda1
[STDOUT  ] 2017-11-15T12:26:44.295876394Z: [   56.658191]  sda: sda1
[STDOUT  ] 2017-11-15T12:26:44.29588269Z: [   59.552574] mkfs.xfs: sending ioctl 1261 to a partition!
[STDOUT  ] 2017-11-15T12:26:44.295888948Z: 2017/11/15 12:26:20 Partition /dev/sda1 successfully created!
[STDOUT  ] 2017-11-15T12:26:44.29589773Z: [   62.055880] IPVS: Creating netns size=2104 id=2
[STDOUT  ] 2017-11-15T12:26:44.295904237Z: [   62.056351] IPVS: ftp: loaded support on port[0] = 21
[STDOUT  ] 2017-11-15T12:26:44.295910512Z: [   65.124485] FAT-fs (sda1): utf8 is not a recommended IO charset for FAT filesystems, filesystem will be case sensitive!
[STDOUT  ] 2017-11-15T12:26:44.29591687Z: [   65.142206] FAT-fs (sda1): utf8 is not a recommended IO charset for FAT filesystems, filesystem will be case sensitive!
[STDOUT  ] 2017-11-15T12:26:44.295923115Z: [   65.147634] mount: sending ioctl 5310 to a partition!
[STDOUT  ] 2017-11-15T12:26:44.295934329Z: [   65.221018] mount: sending ioctl 5310 to a partition!
[STDOUT  ] 2017-11-15T12:26:44.295940636Z: [   65.222748] UDF-fs: warning (device sda1): udf_fill_super: No partition found (2)
[STDOUT  ] 2017-11-15T12:26:44.295946911Z: [   65.259548] XFS (sda1): Mounting V5 Filesystem
[STDOUT  ] 2017-11-15T12:26:44.295953196Z: [   65.346280] XFS (sda1): Ending clean mount
[STDOUT  ] 2017-11-15T12:26:44.29595943Z: format_mount test suite PASSED
[STDOUT  ] 2017-11-15T12:26:44.295965648Z: [   82.351629] sd 0:0:0:0: [sda] Synchronizing SCSI cache
[STDOUT  ] 2017-11-15T12:26:44.295971857Z: [   82.352366] sd 0:0:0:0: [sda] Stopping disk
[STDOUT  ] 2017-11-15T12:26:44.295978013Z: [   82.354754] ACPI: Preparing to enter system sleep state S5
[STDOUT  ] 2017-11-15T12:26:44.295984243Z: [   82.356094] reboot: Power down
[STDERR  ] 2017-11-15T12:26:44.295996299Z: + RESULT=[    0.000000] Linux version 4.9.61-linuxkit (root@f63baf0520f0) (gcc version 6.3.0 (Alpine 6.3.0) ) #1 SMP Fri Nov 10 13:47:55 UTC 2017
[STDERR  ] 2017-11-15T12:26:44.296004255Z: [    0.000000] Command line: console=ttyS0
[STDERR  ] 2017-11-15T12:26:44.296010628Z: [    0.000000] x86/fpu: Legacy x87 FPU detected.
[STDERR  ] 2017-11-15T12:26:44.296016827Z: [    0.000000] x86/fpu: Using 'eager' FPU context switches.
[STDERR  ] 2017-11-15T12:26:44.296023034Z: [    0.000000] e820: BIOS-provided physical RAM map:
[STDERR  ] 2017-11-15T12:26:44.296032849Z: [    0.000000] BIOS-e820: [mem 0x0000000000000000-0x000000000009fbff] usable
[STDERR  ] 2017-11-15T12:26:44.296039383Z: [    0.000000] BIOS-e820: [mem 0x000000000009fc00-0x000000000009ffff] reserved
[STDERR  ] 2017-11-15T12:26:44.296045746Z: [    0.000000] BIOS-e820: [mem 0x00000000000f0000-0x00000000000fffff] reserved
[STDERR  ] 2017-11-15T12:26:44.296051973Z: [    0.000000] BIOS-e820: [mem 0x0000000000100000-0x000000003ffdefff] usable
[STDERR  ] 2017-11-15T12:26:44.296058257Z: [    0.000000] BIOS-e820: [mem 0x000000003ffdf000-0x000000003fffffff] reserved
[STDERR  ] 2017-11-15T12:26:44.296067382Z: [    0.000000] BIOS-e820: [mem 0x00000000b0000000-0x00000000bfffffff] reserved
[STDERR  ] 2017-11-15T12:26:44.296073653Z: [    0.000000] BIOS-e820: [mem 0x00000000fed1c000-0x00000000fed1ffff] reserved
[STDERR  ] 2017-11-15T12:26:44.296079853Z: [    0.000000] BIOS-e820: [mem 0x00000000fffc0000-0x00000000ffffffff] reserved
[STDERR  ] 2017-11-15T12:26:44.296086109Z: [    0.000000] NX (Execute Disable) protection: active
[STDERR  ] 2017-11-15T12:26:44.296092512Z: [    0.000000] SMBIOS 2.8 present.
[STDERR  ] 2017-11-15T12:26:44.296098845Z: [    0.000000] e820: last_pfn = 0x3ffdf max_arch_pfn = 0x400000000
[STDERR  ] 2017-11-15T12:26:44.296105181Z: [    0.000000] x86/PAT: Configuration [0-7]: WB  WC  UC- UC  WB  WC  UC- WT  
[STDERR  ] 2017-11-15T12:26:44.296111333Z: [    0.000000] found SMP MP-table at [mem 0x000f6aa0-0x000f6aaf] mapped at [ffff8b48000f6aa0]
[STDERR  ] 2017-11-15T12:26:44.296117676Z: [    0.000000] RAMDISK: [mem 0x3e03e000-0x3ffcffff]
[STDERR  ] 2017-11-15T12:26:44.296123883Z: [    0.000000] ACPI: Early table checksum verification disabled
[STDERR  ] 2017-11-15T12:26:44.296130106Z: [    0.000000] ACPI: RSDP 0x00000000000F68C0 000014 (v00 BOCHS )
[STDERR  ] 2017-11-15T12:26:44.296139598Z: [    0.000000] ACPI: RSDT 0x000000003FFE2404 000034 (v01 BOCHS  BXPCRSDT 00000001 BXPC 00000001)
[STDERR  ] 2017-11-15T12:26:44.296146578Z: [    0.000000] ACPI: FACP 0x000000003FFE22A4 000074 (v01 BOCHS  BXPCFACP 00000001 BXPC 00000001)
[STDERR  ] 2017-11-15T12:26:44.296156028Z: [    0.000000] ACPI: DSDT 0x000000003FFE0040 002264 (v01 BOCHS  BXPCDSDT 00000001 BXPC 00000001)
[STDERR  ] 2017-11-15T12:26:44.296162275Z: [    0.000000] ACPI: FACS 0x000000003FFE0000 000040
[STDERR  ] 2017-11-15T12:26:44.296168501Z: [    0.000000] ACPI: APIC 0x000000003FFE2318 000078 (v01 BOCHS  BXPCAPIC 00000001 BXPC 00000001)
[STDERR  ] 2017-11-15T12:26:44.296174746Z: [    0.000000] ACPI: HPET 0x000000003FFE2390 000038 (v01 BOCHS  BXPCHPET 00000001 BXPC 00000001)
[STDERR  ] 2017-11-15T12:26:44.296181413Z: [    0.000000] ACPI: MCFG 0x000000003FFE23C8 00003C (v01 BOCHS  BXPCMCFG 00000001 BXPC 00000001)
[STDERR  ] 2017-11-15T12:26:44.296187726Z: [    0.000000] Zone ranges:
[STDERR  ] 2017-11-15T12:26:44.296193997Z: [    0.000000]   DMA      [mem 0x0000000000001000-0x0000000000ffffff]
[STDERR  ] 2017-11-15T12:26:44.296202239Z: [    0.000000]   DMA32    [mem 0x0000000001000000-0x000000003ffdefff]
[STDERR  ] 2017-11-15T12:26:44.296208794Z: [    0.000000]   Normal   empty
[STDERR  ] 2017-11-15T12:26:44.296214975Z: [    0.000000] Movable zone start for each node
[STDERR  ] 2017-11-15T12:26:44.29622133Z: [    0.000000] Early memory node ranges
[STDERR  ] 2017-11-15T12:26:44.296227604Z: [    0.000000]   node   0: [mem 0x0000000000001000-0x000000000009efff]
[STDERR  ] 2017-11-15T12:26:44.296238272Z: [    0.000000]   node   0: [mem 0x0000000000100000-0x000000003ffdefff]
[STDERR  ] 2017-11-15T12:26:44.296244578Z: [    0.000000] Initmem setup node 0 [mem 0x0000000000001000-0x000000003ffdefff]
[STDERR  ] 2017-11-15T12:26:44.296250904Z: [    0.000000] ACPI: PM-Timer IO Port: 0x608
[STDERR  ] 2017-11-15T12:26:44.29625711Z: [    0.000000] ACPI: LAPIC_NMI (acpi_id[0xff] dfl dfl lint[0x1])
[STDERR  ] 2017-11-15T12:26:44.296263493Z: [    0.000000] IOAPIC[0]: apic_id 0, version 32, address 0xfec00000, GSI 0-23
[STDERR  ] 2017-11-15T12:26:44.296269676Z: [    0.000000] ACPI: INT_SRC_OVR (bus 0 bus_irq 0 global_irq 2 dfl dfl)
[STDERR  ] 2017-11-15T12:26:44.296279317Z: [    0.000000] ACPI: INT_SRC_OVR (bus 0 bus_irq 5 global_irq 5 high level)
[STDERR  ] 2017-11-15T12:26:44.296285775Z: [    0.000000] ACPI: INT_SRC_OVR (bus 0 bus_irq 9 global_irq 9 high level)
[STDERR  ] 2017-11-15T12:26:44.296291937Z: [    0.000000] ACPI: INT_SRC_OVR (bus 0 bus_irq 10 global_irq 10 high level)
[STDERR  ] 2017-11-15T12:26:44.296298175Z: [    0.000000] ACPI: INT_SRC_OVR (bus 0 bus_irq 11 global_irq 11 high level)
[STDERR  ] 2017-11-15T12:26:44.296304411Z: [    0.000000] Using ACPI (MADT) for SMP configuration information
[STDERR  ] 2017-11-15T12:26:44.296313452Z: [    0.000000] ACPI: HPET id: 0x8086a201 base: 0xfed00000
[STDERR  ] 2017-11-15T12:26:44.296319757Z: [    0.000000] smpboot: Allowing 1 CPUs, 0 hotplug CPUs
[STDERR  ] 2017-11-15T12:26:44.296325964Z: [    0.000000] e820: [mem 0x40000000-0xafffffff] available for PCI devices
[STDERR  ] 2017-11-15T12:26:44.296332274Z: [    0.000000] Booting paravirtualized kernel on bare hardware
[STDERR  ] 2017-11-15T12:26:44.296338478Z: [    0.000000] clocksource: refined-jiffies: mask: 0xffffffff max_cycles: 0xffffffff, max_idle_ns: 19112604462750000 ns
[STDERR  ] 2017-11-15T12:26:44.296344851Z: [    0.000000] setup_percpu: NR_CPUS:128 nr_cpumask_bits:128 nr_cpu_ids:1 nr_node_ids:1
[STDERR  ] 2017-11-15T12:26:44.296351115Z: [    0.000000] percpu: Embedded 35 pages/cpu @ffff8b483de00000 s105112 r8192 d30056 u2097152
[STDERR  ] 2017-11-15T12:26:44.296357471Z: [    0.000000] Built 1 zonelists in Zone order, mobility grouping on.  Total pages: 257896
[STDERR  ] 2017-11-15T12:26:44.296363704Z: [    0.000000] Kernel command line: console=ttyS0
[STDERR  ] 2017-11-15T12:26:44.296373826Z: [    0.000000] PID hash table entries: 4096 (order: 3, 32768 bytes)
[STDERR  ] 2017-11-15T12:26:44.296380215Z: [    0.000000] Dentry cache hash table entries: 131072 (order: 8, 1048576 bytes)
[STDERR  ] 2017-11-15T12:26:44.296390623Z: [    0.000000] Inode-cache hash table entries: 65536 (order: 7, 524288 bytes)
[STDERR  ] 2017-11-15T12:26:44.296397361Z: [    0.000000] Memory: 981844K/1048052K available (8048K kernel code, 1367K rwdata, 2700K rodata, 1380K init, 568K bss, 66208K reserved, 0K cma-reserved)
[STDERR  ] 2017-11-15T12:26:44.29640683Z: [    0.000000] Hierarchical RCU implementation.
[STDERR  ] 2017-11-15T12:26:44.296413105Z: [    0.000000] 	Build-time adjustment of leaf fanout to 64.
[STDERR  ] 2017-11-15T12:26:44.296419301Z: [    0.000000] 	RCU restricting CPUs from NR_CPUS=128 to nr_cpu_ids=1.
[STDERR  ] 2017-11-15T12:26:44.296425489Z: [    0.000000] RCU: Adjusting geometry for rcu_fanout_leaf=64, nr_cpu_ids=1
[STDERR  ] 2017-11-15T12:26:44.29643173Z: [    0.000000] NR_IRQS:8448 nr_irqs:256 16
[STDERR  ] 2017-11-15T12:26:44.296437998Z: [    0.000000] Console: colour VGA+ 80x25
[STDERR  ] 2017-11-15T12:26:44.296444275Z: [    0.000000] console [ttyS0] enabled
[STDERR  ] 2017-11-15T12:26:44.296450513Z: [    0.000000] clocksource: hpet: mask: 0xffffffff max_cycles: 0xffffffff, max_idle_ns: 19112604467 ns
[STDERR  ] 2017-11-15T12:26:44.296456801Z: [    0.000000] tsc: Unable to calibrate against PIT
[STDERR  ] 2017-11-15T12:26:44.29646664Z: [    0.000000] tsc: using HPET reference calibration
[STDERR  ] 2017-11-15T12:26:44.296477425Z: [    0.000000] tsc: Detected 2300.113 MHz processor
[STDERR  ] 2017-11-15T12:26:44.296488989Z: [    0.052331] Calibrating delay loop (skipped), value calculated using timer frequency.. 4600.22 BogoMIPS (lpj=23001130)
[STDERR  ] 2017-11-15T12:26:44.296499364Z: [    0.060701] pid_max: default: 32768 minimum: 301
[STDERR  ] 2017-11-15T12:26:44.296508635Z: [    0.062150] ACPI: Core revision 20160831
[STDERR  ] 2017-11-15T12:26:44.296518481Z: [    0.166967] ACPI: 1 ACPI AML tables successfully acquired and loaded
[STDERR  ] 2017-11-15T12:26:44.296528664Z: [    0.176717] Security Framework initialized
[STDERR  ] 2017-11-15T12:26:44.296539016Z: [    0.180172] Yama: becoming mindful.
[STDERR  ] 2017-11-15T12:26:44.296548879Z: [    0.186319] Mount-cache hash table entries: 2048 (order: 2, 16384 bytes)
[STDERR  ] 2017-11-15T12:26:44.296558698Z: [    0.190135] Mountpoint-cache hash table entries: 2048 (order: 2, 16384 bytes)
[STDERR  ] 2017-11-15T12:26:44.296577072Z: [    0.235608] Last level iTLB entries: 4KB 0, 2MB 0, 4MB 0
[STDERR  ] 2017-11-15T12:26:44.296586397Z: [    0.240105] Last level dTLB entries: 4KB 0, 2MB 0, 4MB 0, 1GB 0
[STDERR  ] 2017-11-15T12:26:44.296596115Z: [    0.868621] Freeing SMP alternatives memory: 20K
[STDERR  ] 2017-11-15T12:26:44.296606285Z: [    0.883547] ftrace: allocating 35542 entries in 139 pages
[STDERR  ] 2017-11-15T12:26:44.296616761Z: [    1.268185] smpboot: Max logical packages: 1
[STDERR  ] 2017-11-15T12:26:44.296639242Z: [    1.277370] ..TIMER: vector=0x30 apic1=0 pin1=2 apic2=-1 pin2=-1
[STDERR  ] 2017-11-15T12:26:44.296646178Z: [    1.380000] APIC calibration not consistent with PM-Timer: 161ms instead of 100ms
[STDERR  ] 2017-11-15T12:26:44.296652524Z: [    1.380000] APIC delta adjusted to PM-Timer: 6249938 (10118223)
[STDERR  ] 2017-11-15T12:26:44.296658894Z: [    1.380000] smpboot: CPU0: AMD QEMU Virtual CPU version 2.5+ (family: 0x6, model: 0x6, stepping: 0x3)
[STDERR  ] 2017-11-15T12:26:44.296665393Z: [    1.380000] Performance Events: PMU not available due to virtualization, using software events only.
[STDERR  ] 2017-11-15T12:26:44.296674819Z: [    1.420085] NMI watchdog: disabled (cpu0): hardware events not enabled
[STDERR  ] 2017-11-15T12:26:44.29668136Z: [    1.420777] NMI watchdog: Shutting down hard lockup detector on all cpus
[STDERR  ] 2017-11-15T12:26:44.296687797Z: [    1.424925] x86: Booted up 1 node, 1 CPUs
[STDERR  ] 2017-11-15T12:26:44.296694061Z: [    1.430183] smpboot: Total of 1 processors activated (4600.22 BogoMIPS)
[STDERR  ] 2017-11-15T12:26:44.296700274Z: [    1.454207] devtmpfs: initialized
[STDERR  ] 2017-11-15T12:26:44.296706503Z: [    1.462119] x86/mm: Memory block size: 128MB
[STDERR  ] 2017-11-15T12:26:44.296712754Z: [    1.579417] clocksource: jiffies: mask: 0xffffffff max_cycles: 0xffffffff, max_idle_ns: 19112604462750000 ns
[STDERR  ] 2017-11-15T12:26:44.296719152Z: [    1.580505] futex hash table entries: 256 (order: 2, 16384 bytes)
[STDERR  ] 2017-11-15T12:26:44.29672782Z: [    1.594041] NET: Registered protocol family 16
[STDERR  ] 2017-11-15T12:26:44.296734222Z: [    1.609517] cpuidle: using governor ladder
[STDERR  ] 2017-11-15T12:26:44.296740434Z: [    1.610276] cpuidle: using governor menu
[STDERR  ] 2017-11-15T12:26:44.296746589Z: [    1.611976] ACPI: bus type PCI registered
[STDERR  ] 2017-11-15T12:26:44.296752739Z: [    1.616468] PCI: MMCONFIG for domain 0000 [bus 00-ff] at [mem 0xb0000000-0xbfffffff] (base 0xb0000000)
[STDERR  ] 2017-11-15T12:26:44.296759119Z: [    1.617671] PCI: MMCONFIG at [mem 0xb0000000-0xbfffffff] reserved in E820
[STDERR  ] 2017-11-15T12:26:44.296765311Z: [    1.619801] PCI: Using configuration type 1 for base access
[STDERR  ] 2017-11-15T12:26:44.296771548Z: [    1.781896] HugeTLB registered 2 MB page size, pre-allocated 0 pages
[STDERR  ] 2017-11-15T12:26:44.296777779Z: [    1.810798] ACPI: Added _OSI(Module Device)
[STDERR  ] 2017-11-15T12:26:44.29678399Z: [    1.811266] ACPI: Added _OSI(Processor Device)
[STDERR  ] 2017-11-15T12:26:44.296790224Z: [    1.811858] ACPI: Added _OSI(3.0 _SCP Extensions)
[STDERR  ] 2017-11-15T12:26:44.296796408Z: [    1.812285] ACPI: Added _OSI(Processor Aggregator Device)
[STDERR  ] 2017-11-15T12:26:44.296802621Z: [    2.062732] ACPI: Interpreter enabled
[STDERR  ] 2017-11-15T12:26:44.296808901Z: [    2.063862] ACPI: (supports S0 S5)
[STDERR  ] 2017-11-15T12:26:44.296815061Z: [    2.064174] ACPI: Using IOAPIC for interrupt routing
[STDERR  ] 2017-11-15T12:26:44.296821285Z: [    2.066956] PCI: Using host bridge windows from ACPI; if necessary, use "pci=nocrs" and report a bug
[STDERR  ] 2017-11-15T12:26:44.296827742Z: [    2.216424] ACPI: PCI Root Bridge [PCI0] (domain 0000 [bus 00-ff])
[STDERR  ] 2017-11-15T12:26:44.296833934Z: [    2.217695] acpi PNP0A08:00: _OSC: OS supports [ExtendedConfig ASPM ClockPM Segments MSI]
[STDERR  ] 2017-11-15T12:26:44.296840283Z: [    2.226303] acpi PNP0A08:00: _OSC: OS now controls [PCIeHotplug PME PCIeCapability]
[STDERR  ] 2017-11-15T12:26:44.296847045Z: [    2.232054] PCI host bridge to bus 0000:00
[STDERR  ] 2017-11-15T12:26:44.296853226Z: [    2.232555] pci_bus 0000:00: root bus resource [io  0x0000-0x0cf7 window]
[STDERR  ] 2017-11-15T12:26:44.296859463Z: [    2.232997] pci_bus 0000:00: root bus resource [io  0x0d00-0xffff window]
[STDERR  ] 2017-11-15T12:26:44.296865634Z: [    2.233412] pci_bus 0000:00: root bus resource [mem 0x000a0000-0x000bffff window]
[STDERR  ] 2017-11-15T12:26:44.296875722Z: [    2.233860] pci_bus 0000:00: root bus resource [mem 0xc0000000-0xfebfffff window]
[STDERR  ] 2017-11-15T12:26:44.296885495Z: [    2.234494] pci_bus 0000:00: root bus resource [bus 00-ff]
[STDERR  ] 2017-11-15T12:26:44.296895348Z: [    2.511688] pci 0000:00:1f.0: quirk: [io  0x0600-0x067f] claimed by ICH6 ACPI/GPIO/TCO
[STDERR  ] 2017-11-15T12:26:44.296901858Z: [    2.690642] ACPI: PCI Interrupt Link [LNKA] (IRQs 5 *10 11)
[STDERR  ] 2017-11-15T12:26:44.296908069Z: [    2.693504] ACPI: PCI Interrupt Link [LNKB] (IRQs 5 *10 11)
[STDERR  ] 2017-11-15T12:26:44.296914304Z: [    2.695887] ACPI: PCI Interrupt Link [LNKC] (IRQs 5 10 *11)
[STDERR  ] 2017-11-15T12:26:44.296920468Z: [    2.698362] ACPI: PCI Interrupt Link [LNKD] (IRQs 5 10 *11)
[STDERR  ] 2017-11-15T12:26:44.296926649Z: [    2.700914] ACPI: PCI Interrupt Link [LNKE] (IRQs 5 *10 11)
[STDERR  ] 2017-11-15T12:26:44.29693299Z: [    2.703351] ACPI: PCI Interrupt Link [LNKF] (IRQs 5 *10 11)
[STDERR  ] 2017-11-15T12:26:44.29693921Z: [    2.705718] ACPI: PCI Interrupt Link [LNKG] (IRQs 5 10 *11)
[STDERR  ] 2017-11-15T12:26:44.296945397Z: [    2.708190] ACPI: PCI Interrupt Link [LNKH] (IRQs 5 10 *11)
[STDERR  ] 2017-11-15T12:26:44.29695155Z: [    2.709226] ACPI: PCI Interrupt Link [GSIA] (IRQs *16)
[STDERR  ] 2017-11-15T12:26:44.296957736Z: [    2.710104] ACPI: PCI Interrupt Link [GSIB] (IRQs *17)
[STDERR  ] 2017-11-15T12:26:44.296963925Z: [    2.710857] ACPI: PCI Interrupt Link [GSIC] (IRQs *18)
[STDERR  ] 2017-11-15T12:26:44.296970052Z: [    2.711585] ACPI: PCI Interrupt Link [GSID] (IRQs *19)
[STDERR  ] 2017-11-15T12:26:44.296980652Z: [    2.712322] ACPI: PCI Interrupt Link [GSIE] (IRQs *20)
[STDERR  ] 2017-11-15T12:26:44.296986938Z: [    2.713189] ACPI: PCI Interrupt Link [GSIF] (IRQs *21)
[STDERR  ] 2017-11-15T12:26:44.296993114Z: [    2.713916] ACPI: PCI Interrupt Link [GSIG] (IRQs *22)
[STDERR  ] 2017-11-15T12:26:44.296999331Z: [    2.714829] ACPI: PCI Interrupt Link [GSIH] (IRQs *23)
[STDERR  ] 2017-11-15T12:26:44.297005594Z: [    2.720000] ACPI: Enabled 2 GPEs in block 00 to 3F
[STDERR  ] 2017-11-15T12:26:44.297011835Z: [    2.726218] SCSI subsystem initialized
[STDERR  ] 2017-11-15T12:26:44.297018018Z: [    2.730224] ACPI: bus type USB registered
[STDERR  ] 2017-11-15T12:26:44.297024288Z: [    2.731790] usbcore: registered new interface driver usbfs
[STDERR  ] 2017-11-15T12:26:44.297033752Z: [    2.732923] usbcore: registered new interface driver hub
[STDERR  ] 2017-11-15T12:26:44.297040157Z: [    2.734014] usbcore: registered new device driver usb
[STDERR  ] 2017-11-15T12:26:44.29704637Z: [    2.735641] pps_core: LinuxPPS API ver. 1 registered
[STDERR  ] 2017-11-15T12:26:44.297052614Z: [    2.735968] pps_core: Software ver. 5.3.6 - Copyright 2005-2007 Rodolfo Giometti <giometti@linux.it>
[STDERR  ] 2017-11-15T12:26:44.297062584Z: [    2.736707] PTP clock support registered
[STDERR  ] 2017-11-15T12:26:44.297068958Z: [    2.738500] wmi: Mapper loaded
[STDERR  ] 2017-11-15T12:26:44.297075213Z: [    2.740117] PCI: Using ACPI for IRQ routing
[STDERR  ] 2017-11-15T12:26:44.297081417Z: [    2.771989] NetLabel: Initializing
[STDERR  ] 2017-11-15T12:26:44.297087743Z: [    2.772253] NetLabel:  domain hash size = 128
[STDERR  ] 2017-11-15T12:26:44.297094086Z: [    2.772531] NetLabel:  protocols = UNLABELED CIPSOv4
[STDERR  ] 2017-11-15T12:26:44.297102358Z: [    2.775397] NetLabel:  unlabeled traffic allowed by default
[STDERR  ] 2017-11-15T12:26:44.297108916Z: [    2.776577] HPET: 3 timers in total, 0 timers will be used for per-cpu timer
[STDERR  ] 2017-11-15T12:26:44.297115257Z: [    2.777487] hpet0: at MMIO 0xfed00000, IRQs 2, 8, 0
[STDERR  ] 2017-11-15T12:26:44.297121542Z: [    2.778013] hpet0: 3 comparators, 64-bit 100.000000 MHz counter
[STDERR  ] 2017-11-15T12:26:44.29712781Z: [    2.784597] clocksource: Switched to clocksource hpet
[STDERR  ] 2017-11-15T12:26:44.29713411Z: [    3.599481] VFS: Disk quotas dquot_6.6.0
[STDERR  ] 2017-11-15T12:26:44.297140392Z: [    3.600769] VFS: Dquot-cache hash table entries: 512 (order 0, 4096 bytes)
[STDERR  ] 2017-11-15T12:26:44.297146735Z: [    3.604840] FS-Cache: Loaded
[STDERR  ] 2017-11-15T12:26:44.297155697Z: [    3.625983] CacheFiles: Loaded
[STDERR  ] 2017-11-15T12:26:44.297161966Z: [    3.628408] pnp: PnP ACPI init
[STDERR  ] 2017-11-15T12:26:44.297168336Z: [    3.680815] pnp: PnP ACPI: found 5 devices
[STDERR  ] 2017-11-15T12:26:44.297179105Z: [    3.837754] clocksource: acpi_pm: mask: 0xffffff max_cycles: 0xffffff, max_idle_ns: 2085701024 ns
[STDERR  ] 2017-11-15T12:26:44.297185898Z: [    3.846489] NET: Registered protocol family 2
[STDERR  ] 2017-11-15T12:26:44.297192095Z: [    3.870028] TCP established hash table entries: 8192 (order: 4, 65536 bytes)
[STDERR  ] 2017-11-15T12:26:44.297198491Z: [    3.880604] TCP bind hash table entries: 8192 (order: 5, 131072 bytes)
[STDERR  ] 2017-11-15T12:26:44.297204795Z: [    3.881628] TCP: Hash tables configured (established 8192 bind 8192)
[STDERR  ] 2017-11-15T12:26:44.297214786Z: [    3.884523] UDP hash table entries: 512 (order: 2, 16384 bytes)
[STDERR  ] 2017-11-15T12:26:44.29722473Z: [    3.890296] UDP-Lite hash table entries: 512 (order: 2, 16384 bytes)
[STDERR  ] 2017-11-15T12:26:44.297231028Z: [    3.894145] NET: Registered protocol family 1
[STDERR  ] 2017-11-15T12:26:44.297237314Z: [    3.900949] pci 0000:00:01.0: Video device with shadowed ROM at [mem 0x000c0000-0x000dffff]
[STDERR  ] 2017-11-15T12:26:44.297244272Z: [    3.925250] Unpacking initramfs...
[STDERR  ] 2017-11-15T12:26:44.2972506Z: [   17.385565] Freeing initrd memory: 32328K
[STDERR  ] 2017-11-15T12:26:44.297259366Z: [   17.427718] PCLMULQDQ-NI instructions are not detected.
[STDERR  ] 2017-11-15T12:26:44.297265875Z: [   17.431949] AVX or AES-NI instructions are not detected.
[STDERR  ] 2017-11-15T12:26:44.297272142Z: [   17.432805] CPU feature 'AVX registers' is not supported.
[STDERR  ] 2017-11-15T12:26:44.29727836Z: [   17.433510] CPU feature 'AVX registers' is not supported.
[STDERR  ] 2017-11-15T12:26:44.297284584Z: [   17.434123] CPU feature 'AVX registers' is not supported.
[STDERR  ] 2017-11-15T12:26:44.297290822Z: [   17.434730] CPU feature 'AVX registers' is not supported.
[STDERR  ] 2017-11-15T12:26:44.29729699Z: [   17.435340] AVX2 or AES-NI instructions are not detected.
[STDERR  ] 2017-11-15T12:26:44.29730332Z: [   17.435946] AVX2 instructions are not detected.
[STDERR  ] 2017-11-15T12:26:44.297309519Z: [   17.447573] audit: initializing netlink subsys (disabled)
[STDERR  ] 2017-11-15T12:26:44.297320244Z: [   17.450478] audit: type=2000 audit(1510748737.440:1): initialized
[STDERR  ] 2017-11-15T12:26:44.29732966Z: [   17.463080] workingset: timestamp_bits=46 max_order=18 bucket_order=0
[STDERR  ] 2017-11-15T12:26:44.29733608Z: [   17.474595] squashfs: version 4.0 (2009/01/31) Phillip Lougher
[STDERR  ] 2017-11-15T12:26:44.297342257Z: [   17.478495] FS-Cache: Netfs 'cifs' registered for caching
[STDERR  ] 2017-11-15T12:26:44.29734852Z: [   17.479915] fuse init (API version 7.26)
[STDERR  ] 2017-11-15T12:26:44.297354781Z: [   17.484217] SGI XFS with ACLs, security attributes, no debug enabled
[STDERR  ] 2017-11-15T12:26:44.297419633Z: [   17.492283] 9p: Installing v9fs 9p2000 file system support
[STDERR  ] 2017-11-15T12:26:44.297434859Z: [   17.493171] FS-Cache: Netfs '9p' registered for caching
[STDERR  ] 2017-11-15T12:26:44.297446238Z: [   17.556249] NET: Registered protocol family 38
[STDERR  ] 2017-11-15T12:26:44.297457058Z: [   17.557099] Key type asymmetric registered
[STDERR  ] 2017-11-15T12:26:44.297469319Z: [   17.557623] Asymmetric key parser 'x509' registered
[STDERR  ] 2017-11-15T12:26:44.297481523Z: [   17.559312] Block layer SCSI generic (bsg) driver version 0.4 loaded (major 251)
[STDERR  ] 2017-11-15T12:26:44.297503624Z: [   17.563625] io scheduler noop registered
[STDERR  ] 2017-11-15T12:26:44.29752185Z: [   17.564121] io scheduler deadline registered (default)
[STDERR  ] 2017-11-15T12:26:44.297536703Z: [   17.565324] io scheduler cfq registered
[STDERR  ] 2017-11-15T12:26:44.29754769Z: [   17.569562] pci_hotplug: PCI Hot Plug PCI Core version: 0.5
[STDERR  ] 2017-11-15T12:26:44.297854251Z: [   17.577866] pciehp: PCI Express Hot Plug Controller Driver version: 0.4
[STDERR  ] 2017-11-15T12:26:44.297886998Z: [   17.593886] shpchp: Standard Hot Plug PCI Controller Driver version: 0.4
[STDERR  ] 2017-11-15T12:26:44.297918961Z: [   17.595118] hv_vmbus: registering driver hyperv_fb
[STDERR  ] 2017-11-15T12:26:44.297941203Z: [   17.616438] input: Power Button as /devices/LNXSYSTM:00/LNXPWRBN:00/input/input0
[STDERR  ] 2017-11-15T12:26:44.29796299Z: [   17.622154] ACPI: Power Button [PWRF]
[STDERR  ] 2017-11-15T12:26:44.297985037Z: [   17.631779] GHES: HEST is not enabled!
[STDERR  ] 2017-11-15T12:26:44.298006435Z: [   17.651708] ACPI: PCI Interrupt Link [GSIG] enabled at IRQ 22
[STDERR  ] 2017-11-15T12:26:44.298027846Z: [   17.672870] ACPI: PCI Interrupt Link [GSIH] enabled at IRQ 23
[STDERR  ] 2017-11-15T12:26:44.298049735Z: [   17.679414] xenfs: not registering filesystem on non-xen platform
[STDERR  ] 2017-11-15T12:26:44.298070827Z: [   17.683210] Serial: 8250/16550 driver, 4 ports, IRQ sharing disabled
[STDERR  ] 2017-11-15T12:26:44.298092476Z: [   17.715952] 00:04: ttyS0 at I/O 0x3f8 (irq = 4, base_baud = 115200) is a 16550A
[STDERR  ] 2017-11-15T12:26:44.298113997Z: [   17.733926] Non-volatile memory driver v1.3
[STDERR  ] 2017-11-15T12:26:44.298135769Z: [   17.745362] Hangcheck: starting hangcheck timer 0.9.1 (tick is 180 seconds, margin is 60 seconds).
[STDERR  ] 2017-11-15T12:26:44.29815807Z: [   17.750820] random: fast init done
[STDERR  ] 2017-11-15T12:26:44.298180679Z: [   17.752660] random: crng init done
[STDERR  ] 2017-11-15T12:26:44.29820727Z: [   17.814554] loop: module loaded
[STDERR  ] 2017-11-15T12:26:44.298234023Z: [   17.839472] nbd: registered device at major 43
[STDERR  ] 2017-11-15T12:26:44.298258814Z: [   17.916767] lpc_ich 0000:00:1f.0: I/O space for GPIO uninitialized
[STDERR  ] 2017-11-15T12:26:44.298285258Z: [   17.919560] VMware PVSCSI driver - version 1.0.7.0-k
[STDERR  ] 2017-11-15T12:26:44.298342146Z: [   17.920910] hv_vmbus: registering driver hv_storvsc
[STDERR  ] 2017-11-15T12:26:44.2983733Z: [   17.937778] ACPI: PCI Interrupt Link [GSIA] enabled at IRQ 16
[STDERR  ] 2017-11-15T12:26:44.298400025Z: [   17.948818] ahci 0000:00:1f.2: AHCI 0001.0000 32 slots 6 ports 1.5 Gbps 0x3f impl SATA mode
[STDERR  ] 2017-11-15T12:26:44.298427374Z: [   17.950625] ahci 0000:00:1f.2: flags: 64bit ncq only 
[STDERR  ] 2017-11-15T12:26:44.298451229Z: [   17.986632] scsi host0: ahci
[STDERR  ] 2017-11-15T12:26:44.298477421Z: [   17.994080] scsi host1: ahci
[STDERR  ] 2017-11-15T12:26:44.298527563Z: [   18.005486] scsi host2: ahci
[STDERR  ] 2017-11-15T12:26:44.298549483Z: [   18.017168] scsi host3: ahci
[STDERR  ] 2017-11-15T12:26:44.298571697Z: [   18.029001] scsi host4: ahci
[STDERR  ] 2017-11-15T12:26:44.298593608Z: [   18.040974] scsi host5: ahci
[STDERR  ] 2017-11-15T12:26:44.29861504Z: [   18.049476] ata1: SATA max UDMA/133 abar m4096@0xfebd2000 port 0xfebd2100 irq 24
[STDERR  ] 2017-11-15T12:26:44.298637083Z: [   18.052353] ata2: SATA max UDMA/133 abar m4096@0xfebd2000 port 0xfebd2180 irq 24
[STDERR  ] 2017-11-15T12:26:44.298680329Z: [   18.054003] ata3: SATA max UDMA/133 abar m4096@0xfebd2000 port 0xfebd2200 irq 24
[STDERR  ] 2017-11-15T12:26:44.298702689Z: [   18.055945] ata4: SATA max UDMA/133 abar m4096@0xfebd2000 port 0xfebd2280 irq 24
[STDERR  ] 2017-11-15T12:26:44.298724832Z: [   18.057685] ata5: SATA max UDMA/133 abar m4096@0xfebd2000 port 0xfebd2300 irq 24
[STDERR  ] 2017-11-15T12:26:44.298747191Z: [   18.059595] ata6: SATA max UDMA/133 abar m4096@0xfebd2000 port 0xfebd2380 irq 24
[STDERR  ] 2017-11-15T12:26:44.298789797Z: [   18.125634] tun: Universal TUN/TAP device driver, 1.6
[STDERR  ] 2017-11-15T12:26:44.298821066Z: [   18.127125] tun: (C) 1999-2004 Max Krasnyansky <maxk@qualcomm.com>
[STDERR  ] 2017-11-15T12:26:44.298855359Z: [   18.180198] VMware vmxnet3 virtual NIC driver - version 1.4.a.0-k-NAPI
[STDERR  ] 2017-11-15T12:26:44.298877775Z: [   18.184041] hv_vmbus: registering driver hv_netvsc
[STDERR  ] 2017-11-15T12:26:44.298900553Z: [   18.185212] Fusion MPT base driver 3.04.20
[STDERR  ] 2017-11-15T12:26:44.298923094Z: [   18.186461] Copyright (c) 1999-2008 LSI Corporation
[STDERR  ] 2017-11-15T12:26:44.29896706Z: [   18.188597] Fusion MPT SPI Host driver 3.04.20
[STDERR  ] 2017-11-15T12:26:44.299012036Z: [   18.198415] i8042: PNP: PS/2 Controller [PNP0303:KBD,PNP0f13:MOU] at 0x60,0x64 irq 1,12
[STDERR  ] 2017-11-15T12:26:44.299036878Z: [   18.219470] serio: i8042 KBD port at 0x60,0x64 irq 1
[STDERR  ] 2017-11-15T12:26:44.299060935Z: [   18.222526] serio: i8042 AUX port at 0x60,0x64 irq 12
[STDERR  ] 2017-11-15T12:26:44.299084846Z: [   18.234004] hv_vmbus: registering driver hyperv_keyboard
[STDERR  ] 2017-11-15T12:26:44.299150634Z: [   18.249661] mousedev: PS/2 mouse device common for all mice
[STDERR  ] 2017-11-15T12:26:44.299182124Z: [   18.278333] input: PC Speaker as /devices/platform/pcspkr/input/input2
[STDERR  ] 2017-11-15T12:26:44.29919558Z: [   18.293861] rtc_cmos 00:00: RTC can wake from S4
[STDERR  ] 2017-11-15T12:26:44.299208453Z: [   18.298863] input: AT Translated Set 2 keyboard as /devices/platform/i8042/serio0/input/input1
[STDERR  ] 2017-11-15T12:26:44.299221069Z: [   18.302621] rtc_cmos 00:00: rtc core: registered rtc_cmos as rtc0
[STDERR  ] 2017-11-15T12:26:44.299232545Z: [   18.304604] rtc_cmos 00:00: alarms up to one day, y3k, 114 bytes nvram, hpet irqs
[STDERR  ] 2017-11-15T12:26:44.299244061Z: [   18.305650] i2c /dev entries driver
[STDERR  ] 2017-11-15T12:26:44.299256026Z: [   18.312163] device-mapper: ioctl: 4.35.0-ioctl (2016-06-23) initialised: dm-devel@redhat.com
[STDERR  ] 2017-11-15T12:26:44.299278808Z: [   18.324346] usbcore: registered new interface driver usbhid
[STDERR  ] 2017-11-15T12:26:44.299291008Z: [   18.324953] usbhid: USB HID core driver
[STDERR  ] 2017-11-15T12:26:44.299302779Z: [   18.325805] hv_utils: Registering HyperV Utility Driver
[STDERR  ] 2017-11-15T12:26:44.299314469Z: [   18.326350] hv_vmbus: registering driver hv_util
[STDERR  ] 2017-11-15T12:26:44.299327003Z: [   18.327094] hv_vmbus: registering driver hv_balloon
[STDERR  ] 2017-11-15T12:26:44.299338375Z: [   18.328476] oprofile: using NMI interrupt.
[STDERR  ] 2017-11-15T12:26:44.299350126Z: [   18.331567] GACT probability on
[STDERR  ] 2017-11-15T12:26:44.299362061Z: [   18.332470] Mirror/redirect action on
[STDERR  ] 2017-11-15T12:26:44.299374346Z: [   18.334634] Simple TC action Loaded
[STDERR  ] 2017-11-15T12:26:44.299386305Z: [   18.335572] u32 classifier
[STDERR  ] 2017-11-15T12:26:44.29939854Z: [   18.335881]     Performance counters on
[STDERR  ] 2017-11-15T12:26:44.299411124Z: [   18.336278]     input device check on
[STDERR  ] 2017-11-15T12:26:44.299423085Z: [   18.336660]     Actions configured
[STDERR  ] 2017-11-15T12:26:44.29943398Z: [   18.337506] Netfilter messages via NETLINK v0.30.
[STDERR  ] 2017-11-15T12:26:44.299444733Z: [   18.338553] nfnl_acct: registering with nfnetlink.
[STDERR  ] 2017-11-15T12:26:44.299456366Z: [   18.343124] nf_conntrack version 0.5.0 (8192 buckets, 32768 max)
[STDERR  ] 2017-11-15T12:26:44.29946871Z: [   18.350536] ctnetlink v0.93: registering with nfnetlink.
[STDERR  ] 2017-11-15T12:26:44.299481485Z: [   18.358018] nf_tables: (c) 2007-2009 Patrick McHardy <kaber@trash.net>
[STDERR  ] 2017-11-15T12:26:44.299492962Z: [   18.359312] nf_tables_compat: (c) 2012 Pablo Neira Ayuso <pablo@netfilter.org>
[STDERR  ] 2017-11-15T12:26:44.299503282Z: [   18.364523] xt_time: kernel timezone is -0000
[STDERR  ] 2017-11-15T12:26:44.299514135Z: [   18.365334] ip_set: protocol 6
[STDERR  ] 2017-11-15T12:26:44.299524998Z: [   18.366307] IPVS: Registered protocols (TCP, UDP, SCTP, AH, ESP)
[STDERR  ] 2017-11-15T12:26:44.299536477Z: [   18.367181] IPVS: Connection hash table configured (size=4096, memory=64Kbytes)
[STDERR  ] 2017-11-15T12:26:44.299547338Z: [   18.371240] IPVS: Creating netns size=2104 id=0
[STDERR  ] 2017-11-15T12:26:44.299559294Z: [   18.376733] IPVS: ipvs loaded.
[STDERR  ] 2017-11-15T12:26:44.299570494Z: [   18.377258] IPVS: [rr] scheduler registered.
[STDERR  ] 2017-11-15T12:26:44.29958184Z: [   18.377761] IPVS: [wrr] scheduler registered.
[STDERR  ] 2017-11-15T12:26:44.299593464Z: [   18.378257] IPVS: [lc] scheduler registered.
[STDERR  ] 2017-11-15T12:26:44.299611428Z: [   18.378700] IPVS: [wlc] scheduler registered.
[STDERR  ] 2017-11-15T12:26:44.29962339Z: [   18.379152] IPVS: [fo] scheduler registered.
[STDERR  ] 2017-11-15T12:26:44.299634896Z: [   18.380664] IPVS: [ovf] scheduler registered.
[STDERR  ] 2017-11-15T12:26:44.299646648Z: [   18.381308] IPVS: [lblc] scheduler registered.
[STDERR  ] 2017-11-15T12:26:44.299659042Z: [   18.381942] IPVS: [lblcr] scheduler registered.
[STDERR  ] 2017-11-15T12:26:44.299671519Z: [   18.382503] IPVS: [dh] scheduler registered.
[STDERR  ] 2017-11-15T12:26:44.299683486Z: [   18.382999] IPVS: [sh] scheduler registered.
[STDERR  ] 2017-11-15T12:26:44.299706949Z: [   18.383524] IPVS: [sed] scheduler registered.
[STDERR  ] 2017-11-15T12:26:44.299720167Z: [   18.383980] IPVS: [nq] scheduler registered.
[STDERR  ] 2017-11-15T12:26:44.299731953Z: [   18.385028] IPVS: ftp: loaded support on port[0] = 21
[STDERR  ] 2017-11-15T12:26:44.299744082Z: [   18.386980] ipip: IPv4 and MPLS over IPv4 tunneling driver
[STDERR  ] 2017-11-15T12:26:44.299755779Z: [   18.395140] gre: GRE over IPv4 demultiplexor driver
[STDERR  ] 2017-11-15T12:26:44.299767475Z: [   18.400736] tsc: Refined TSC clocksource calibration: 2300.038 MHz
[STDERR  ] 2017-11-15T12:26:44.299780343Z: [   18.401492] clocksource: tsc: mask: 0xffffffffffffffff max_cycles: 0x212759179c6, max_idle_ns: 440795240051 ns
[STDERR  ] 2017-11-15T12:26:44.299797222Z: [   18.403811] ip_tables: (C) 2000-2006 Netfilter Core Team
[STDERR  ] 2017-11-15T12:26:44.299809243Z: [   18.409910] ipt_CLUSTERIP: ClusterIP Version 0.8 loaded successfully
[STDERR  ] 2017-11-15T12:26:44.299821773Z: [   18.411510] arp_tables: arp_tables: (C) 2002 David S. Miller
[STDERR  ] 2017-11-15T12:26:44.299833494Z: [   18.415678] ata3: SATA link up 1.5 Gbps (SStatus 113 SControl 300)
[STDERR  ] 2017-11-15T12:26:44.299845481Z: [   18.421927] ata6: SATA link down (SStatus 0 SControl 300)
[STDERR  ] 2017-11-15T12:26:44.299857021Z: [   18.424372] ata2: SATA link down (SStatus 0 SControl 300)
[STDERR  ] 2017-11-15T12:26:44.299868557Z: [   18.425175] ata4: SATA link down (SStatus 0 SControl 300)
[STDERR  ] 2017-11-15T12:26:44.299879802Z: [   18.425903] ata5: SATA link down (SStatus 0 SControl 300)
[STDERR  ] 2017-11-15T12:26:44.299891523Z: [   18.426627] ata1: SATA link up 1.5 Gbps (SStatus 113 SControl 300)
[STDERR  ] 2017-11-15T12:26:44.299903011Z: [   18.431086] ata1.00: ATA-7: QEMU HARDDISK, 2.5+, max UDMA/100
[STDERR  ] 2017-11-15T12:26:44.299914577Z: [   18.432017] ata1.00: 1048576 sectors, multi 16: LBA48 NCQ (depth 31/32)
[STDERR  ] 2017-11-15T12:26:44.299926272Z: [   18.433210] ata1.00: applying bridge limits
[STDERR  ] 2017-11-15T12:26:44.299937544Z: [   18.437048] NET: Registered protocol family 10
[STDERR  ] 2017-11-15T12:26:44.299948823Z: [   18.441409] ata1.00: configured for UDMA/100
[STDERR  ] 2017-11-15T12:26:44.300202693Z: [   18.469359] ata3.00: ATAPI: QEMU DVD-ROM, 2.5+, max UDMA/100
[STDERR  ] 2017-11-15T12:26:44.300223422Z: [   18.470046] ata3.00: applying bridge limits
[STDERR  ] 2017-11-15T12:26:44.300235035Z: [   18.471127] ata3.00: configured for UDMA/100
[STDERR  ] 2017-11-15T12:26:44.300246405Z: [   18.487323] ip6_tables: (C) 2000-2006 Netfilter Core Team
[STDERR  ] 2017-11-15T12:26:44.300258242Z: [   18.504555] scsi 0:0:0:0: Direct-Access     ATA      QEMU HARDDISK    2.5+ PQ: 0 ANSI: 5
[STDERR  ] 2017-11-15T12:26:44.300270299Z: [   18.514837] NET: Registered protocol family 17
[STDERR  ] 2017-11-15T12:26:44.300281553Z: [   18.516459] Bridge firewalling registered
[STDERR  ] 2017-11-15T12:26:44.300292649Z: [   18.517254] Ebtables v2.0 registered
[STDERR  ] 2017-11-15T12:26:44.300305315Z: [   18.524073] sd 0:0:0:0: [sda] 1048576 512-byte logical blocks: (537 MB/512 MiB)
[STDERR  ] 2017-11-15T12:26:44.300317909Z: [   18.531457] sd 0:0:0:0: Attached scsi generic sg0 type 0
[STDERR  ] 2017-11-15T12:26:44.300329782Z: [   18.535588] 8021q: 802.1Q VLAN Support v1.8
[STDERR  ] 2017-11-15T12:26:44.300342137Z: [   18.538014] 9pnet: Installing 9P2000 support
[STDERR  ] 2017-11-15T12:26:44.300360478Z: [   18.540909] sd 0:0:0:0: [sda] Write Protect is off
[STDERR  ] 2017-11-15T12:26:44.300372797Z: [   18.545442] sd 0:0:0:0: [sda] Write cache: enabled, read cache: enabled, doesn't support DPO or FUA
[STDERR  ] 2017-11-15T12:26:44.300384825Z: [   18.549361] scsi 2:0:0:0: CD-ROM            QEMU     QEMU DVD-ROM     2.5+ PQ: 0 ANSI: 5
[STDERR  ] 2017-11-15T12:26:44.300397613Z: [   18.559982] Key type dns_resolver registered
[STDERR  ] 2017-11-15T12:26:44.300409669Z: [   18.561782] microcode: AMD CPU family 0x6 not supported
[STDERR  ] 2017-11-15T12:26:44.300421723Z: [   18.574715] sr 2:0:0:0: [sr0] scsi3-mmc drive: 4x/4x cd/rw xa/form2 tray
[STDERR  ] 2017-11-15T12:26:44.300433731Z: [   18.575659] cdrom: Uniform CD-ROM driver Revision: 3.20
[STDERR  ] 2017-11-15T12:26:44.300445502Z: [   18.581881] registered taskstats version 1
[STDERR  ] 2017-11-15T12:26:44.300457148Z: [   18.620859] sr 2:0:0:0: Attached scsi generic sg1 type 5
[STDERR  ] 2017-11-15T12:26:44.300469912Z: [   18.647765] sd 0:0:0:0: [sda] Attached SCSI disk
[STDERR  ] 2017-11-15T12:26:44.300481999Z: [   19.025900] Key type big_key registered
[STDERR  ] 2017-11-15T12:26:44.300493886Z: [   19.361441] Key type encrypted registered
[STDERR  ] 2017-11-15T12:26:44.300505483Z: [   19.369288] rtc_cmos 00:00: setting system clock to 2017-11-15 12:25:40 UTC (1510748740)
[STDERR  ] 2017-11-15T12:26:44.300517747Z: [   19.748726] Freeing unused kernel memory: 1380K
[STDERR  ] 2017-11-15T12:26:44.300533906Z: [   19.749354] Write protecting the kernel read-only data: 12288k
[STDERR  ] 2017-11-15T12:26:44.300545882Z: [   19.754425] clocksource: Switched to clocksource tsc
[STDERR  ] 2017-11-15T12:26:44.300557424Z: [   19.762273] Freeing unused kernel memory: 128K
[STDERR  ] 2017-11-15T12:26:44.300567902Z: [   19.917066] Freeing unused kernel memory: 1396K
[STDERR  ] 2017-11-15T12:26:44.30057885Z: 
[STDERR  ] 2017-11-15T12:26:44.300590671Z: Welcome to LinuxKit
[STDERR  ] 2017-11-15T12:26:44.300601426Z: 
[STDERR  ] 2017-11-15T12:26:44.300612398Z:                         ##         .
[STDERR  ] 2017-11-15T12:26:44.300624136Z:                   ## ## ##        ==
[STDERR  ] 2017-11-15T12:26:44.300636196Z:                ## ## ## ## ##    ===
[STDERR  ] 2017-11-15T12:26:44.300647039Z:            /"""""""""""""""""\___/ ===
[STDERR  ] 2017-11-15T12:26:44.300658031Z:           {                       /  ===-
[STDERR  ] 2017-11-15T12:26:44.300668973Z:            \______ O           __/
[STDERR  ] 2017-11-15T12:26:44.300679983Z:              \    \         __/
[STDERR  ] 2017-11-15T12:26:44.300691756Z:               \____\_______/
[STDERR  ] 2017-11-15T12:26:44.300703175Z: 
[STDERR  ] 2017-11-15T12:26:44.300714903Z: [   53.534125] IPVS: Creating netns size=2104 id=1
[STDERR  ] 2017-11-15T12:26:44.300726815Z: [   53.534974] IPVS: ftp: loaded support on port[0] = 21
[STDERR  ] 2017-11-15T12:26:44.300738081Z: 2017/11/15 12:26:16 Creating partition on /dev/sda
[STDERR  ] 2017-11-15T12:26:44.300749266Z: [   56.138855]  sda:
[STDERR  ] 2017-11-15T12:26:44.300760151Z: [   56.297150]  sda:
[STDERR  ] 2017-11-15T12:26:44.300770833Z: [   56.405409]  sda: sda1
[STDERR  ] 2017-11-15T12:26:44.300782187Z: [   56.658191]  sda: sda1
[STDERR  ] 2017-11-15T12:26:44.300793984Z: [   59.552574] mkfs.xfs: sending ioctl 1261 to a partition!
[STDERR  ] 2017-11-15T12:26:44.30080618Z: 2017/11/15 12:26:20 Partition /dev/sda1 successfully created!
[STDERR  ] 2017-11-15T12:26:44.30081746Z: [   62.055880] IPVS: Creating netns size=2104 id=2
[STDERR  ] 2017-11-15T12:26:44.300828212Z: [   62.056351] IPVS: ftp: loaded support on port[0] = 21
[STDERR  ] 2017-11-15T12:26:44.300851784Z: [   65.124485] FAT-fs (sda1): utf8 is not a recommended IO charset for FAT filesystems, filesystem will be case sensitive!
[STDERR  ] 2017-11-15T12:26:44.300869145Z: [   65.142206] FAT-fs (sda1): utf8 is not a recommended IO charset for FAT filesystems, filesystem will be case sensitive!
[STDERR  ] 2017-11-15T12:26:44.300880707Z: [   65.147634] mount: sending ioctl 5310 to a partition!
[STDERR  ] 2017-11-15T12:26:44.300897287Z: [   65.221018] mount: sending ioctl 5310 to a partition!
[STDERR  ] 2017-11-15T12:26:44.300909624Z: [   65.222748] UDF-fs: warning (device sda1): udf_fill_super: No partition found (2)
[STDERR  ] 2017-11-15T12:26:44.300921151Z: [   65.259548] XFS (sda1): Mounting V5 Filesystem
[STDERR  ] 2017-11-15T12:26:44.30093254Z: [   65.346280] XFS (sda1): Ending clean mount
[STDERR  ] 2017-11-15T12:26:44.300944507Z: format_mount test suite PASSED
[STDERR  ] 2017-11-15T12:26:44.300955866Z: [   82.351629] sd 0:0:0:0: [sda] Synchronizing SCSI cache
[STDERR  ] 2017-11-15T12:26:44.300968384Z: [   82.352366] sd 0:0:0:0: [sda] Stopping disk
[STDERR  ] 2017-11-15T12:26:44.300980508Z: [   82.354754] ACPI: Preparing to enter system sleep state S5
[STDERR  ] 2017-11-15T12:26:44.300992162Z: [   82.356094] reboot: Power down
[STDERR  ] 2017-11-15T12:26:44.301003851Z: + echo [    0.000000] Linux version 4.9.61-linuxkit (root@f63baf0520f0) (gcc version 6.3.0 (Alpine 6.3.0) ) #1 SMP Fri Nov 10 13:47:55 UTC 2017
[STDERR  ] 2017-11-15T12:26:44.301018774Z: [    0.000000] Command line: console=ttyS0
[STDERR  ] 2017-11-15T12:26:44.301031164Z: [    0.000000] x86/fpu: Legacy x87 FPU detected.
[STDERR  ] 2017-11-15T12:26:44.301043119Z: [    0.000000] x86/fpu: Using 'eager' FPU context switches.
[STDERR  ] 2017-11-15T12:26:44.301054746Z: [    0.000000] e820: BIOS-provided physical RAM map:
[STDERR  ] 2017-11-15T12:26:44.301072691Z: [    0.000000] BIOS-e820: [mem 0x0000000000000000-0x000000000009fbff] usable
[STDERR  ] 2017-11-15T12:26:44.301085885Z: [    0.000000] BIOS-e820: [mem 0x000000000009fc00-0x000000000009ffff] reserved
[STDERR  ] 2017-11-15T12:26:44.301097574Z: [    0.000000] BIOS-e820: [mem 0x00000000000f0000-0x00000000000fffff] reserved
[STDERR  ] 2017-11-15T12:26:44.301109504Z: [    0.000000] BIOS-e820: [mem 0x0000000000100000-0x000000003ffdefff] usable
[STDERR  ] 2017-11-15T12:26:44.301121258Z: [    0.000000] BIOS-e820: [mem 0x000000003ffdf000-0x000000003fffffff] reserved
[STDERR  ] 2017-11-15T12:26:44.301133375Z: [    0.000000] BIOS-e820: [mem 0x00000000b0000000-0x00000000bfffffff] reserved
[STDERR  ] 2017-11-15T12:26:44.301146421Z: [    0.000000] BIOS-e820: [mem 0x00000000fed1c000-0x00000000fed1ffff] reserved
[STDERR  ] 2017-11-15T12:26:44.301158686Z: [    0.000000] BIOS-e820: [mem 0x00000000fffc0000-0x00000000ffffffff] reserved
[STDERR  ] 2017-11-15T12:26:44.301170565Z: [    0.000000] NX (Execute Disable) protection: active
[STDERR  ] 2017-11-15T12:26:44.301181826Z: [    0.000000] SMBIOS 2.8 present.
[STDERR  ] 2017-11-15T12:26:44.301193677Z: [    0.000000] e820: last_pfn = 0x3ffdf max_arch_pfn = 0x400000000
[STDERR  ] 2017-11-15T12:26:44.301205618Z: [    0.000000] x86/PAT: Configuration [0-7]: WB  WC  UC- UC  WB  WC  UC- WT  
[STDERR  ] 2017-11-15T12:26:44.30121495Z: [    0.000000] found SMP MP-table at [mem 0x000f6aa0-0x000f6aaf] mapped at [ffff8b48000f6aa0]
[STDERR  ] 2017-11-15T12:26:44.301222304Z: [    0.000000] RAMDISK: [mem 0x3e03e000-0x3ffcffff]
[STDERR  ] 2017-11-15T12:26:44.30122932Z: [    0.000000] ACPI: Early table checksum verification disabled
[STDERR  ] 2017-11-15T12:26:44.301237037Z: [    0.000000] ACPI: RSDP 0x00000000000F68C0 000014 (v00 BOCHS )
[STDERR  ] 2017-11-15T12:26:44.301244257Z: [    0.000000] ACPI: RSDT 0x000000003FFE2404 000034 (v01 BOCHS  BXPCRSDT 00000001 BXPC 00000001)
[STDERR  ] 2017-11-15T12:26:44.301251454Z: [    0.000000] ACPI: FACP 0x000000003FFE22A4 000074 (v01 BOCHS  BXPCFACP 00000001 BXPC 00000001)
[STDERR  ] 2017-11-15T12:26:44.301258537Z: [    0.000000] ACPI: DSDT 0x000000003FFE0040 002264 (v01 BOCHS  BXPCDSDT 00000001 BXPC 00000001)
[STDERR  ] 2017-11-15T12:26:44.30126517Z: [    0.000000] ACPI: FACS 0x000000003FFE0000 000040
[STDERR  ] 2017-11-15T12:26:44.301272187Z: [    0.000000] ACPI: APIC 0x000000003FFE2318 000078 (v01 BOCHS  BXPCAPIC 00000001 BXPC 00000001)
[STDERR  ] 2017-11-15T12:26:44.301278765Z: [    0.000000] ACPI: HPET 0x000000003FFE2390 000038 (v01 BOCHS  BXPCHPET 00000001 BXPC 00000001)
[STDERR  ] 2017-11-15T12:26:44.301288421Z: [    0.000000] ACPI: MCFG 0x000000003FFE23C8 00003C (v01 BOCHS  BXPCMCFG 00000001 BXPC 00000001)
[STDERR  ] 2017-11-15T12:26:44.301307304Z: [    0.000000] Zone ranges:
[STDERR  ] 2017-11-15T12:26:44.301320123Z: [    0.000000]   DMA      [mem 0x0000000000001000-0x0000000000ffffff]
[STDERR  ] 2017-11-15T12:26:44.301329558Z: [    0.000000]   DMA32    [mem 0x0000000001000000-0x000000003ffdefff]
[STDERR  ] 2017-11-15T12:26:44.301336722Z: [    0.000000]   Normal   empty
[STDERR  ] 2017-11-15T12:26:44.301343756Z: [    0.000000] Movable zone start for each node
[STDERR  ] 2017-11-15T12:26:44.301350587Z: [    0.000000] Early memory node ranges
[STDERR  ] 2017-11-15T12:26:44.301357712Z: [    0.000000]   node   0: [mem 0x0000000000001000-0x000000000009efff]
[STDERR  ] 2017-11-15T12:26:44.301364169Z: [    0.000000]   node   0: [mem 0x0000000000100000-0x000000003ffdefff]
[STDERR  ] 2017-11-15T12:26:44.301370716Z: [    0.000000] Initmem setup node 0 [mem 0x0000000000001000-0x000000003ffdefff]
[STDERR  ] 2017-11-15T12:26:44.301377183Z: [    0.000000] ACPI: PM-Timer IO Port: 0x608
[STDERR  ] 2017-11-15T12:26:44.301383761Z: [    0.000000] ACPI: LAPIC_NMI (acpi_id[0xff] dfl dfl lint[0x1])
[STDERR  ] 2017-11-15T12:26:44.301391197Z: [    0.000000] IOAPIC[0]: apic_id 0, version 32, address 0xfec00000, GSI 0-23
[STDERR  ] 2017-11-15T12:26:44.30139828Z: [    0.000000] ACPI: INT_SRC_OVR (bus 0 bus_irq 0 global_irq 2 dfl dfl)
[STDERR  ] 2017-11-15T12:26:44.301506433Z: [    0.000000] ACPI: INT_SRC_OVR (bus 0 bus_irq 5 global_irq 5 high level)
[STDERR  ] 2017-11-15T12:26:44.301600825Z: [    0.000000] ACPI: INT_SRC_OVR (bus 0 bus_irq 9 global_irq 9 high level)
[STDERR  ] 2017-11-15T12:26:44.301714302Z: [    0.000000] ACPI: INT_SRC_OVR (bus 0 bus_irq 10 global_irq 10 high level)
[STDERR  ] 2017-11-15T12:26:44.301726365Z: [    0.000000] ACPI: INT_SRC_OVR (bus 0 bus_irq 11 global_irq 11 high level)
[STDERR  ] 2017-11-15T12:26:44.301733511Z: [    0.000000] Using ACPI (MADT) for SMP configuration information
[STDERR  ] 2017-11-15T12:26:44.301749542Z: [    0.000000] ACPI: HPET id: 0x8086a201 base: 0xfed00000
[STDERR  ] 2017-11-15T12:26:44.30176363Z: [    0.000000] smpboot: Allowing 1 CPUs, 0 hotplug CPUs
[STDERR  ] 2017-11-15T12:26:44.301773678Z: [    0.000000] e820: [mem 0x40000000-0xafffffff] available for PCI devices
[STDERR  ] 2017-11-15T12:26:44.301780848Z: [    0.000000] Booting paravirtualized kernel on bare hardware
[STDERR  ] 2017-11-15T12:26:44.301788579Z: [    0.000000] clocksource: refined-jiffies: mask: 0xffffffff max_cycles: 0xffffffff, max_idle_ns: 19112604462750000 ns
[STDERR  ] 2017-11-15T12:26:44.301795138Z: [    0.000000] setup_percpu: NR_CPUS:128 nr_cpumask_bits:128 nr_cpu_ids:1 nr_node_ids:1
[STDERR  ] 2017-11-15T12:26:44.301802508Z: [    0.000000] percpu: Embedded 35 pages/cpu @ffff8b483de00000 s105112 r8192 d30056 u2097152
[STDERR  ] 2017-11-15T12:26:44.301809547Z: [    0.000000] Built 1 zonelists in Zone order, mobility grouping on.  Total pages: 257896
[STDERR  ] 2017-11-15T12:26:44.301820858Z: [    0.000000] Kernel command line: console=ttyS0
[STDERR  ] 2017-11-15T12:26:44.301833099Z: [    0.000000] PID hash table entries: 4096 (order: 3, 32768 bytes)
[STDERR  ] 2017-11-15T12:26:44.301844994Z: [    0.000000] Dentry cache hash table entries: 131072 (order: 8, 1048576 bytes)
[STDERR  ] 2017-11-15T12:26:44.301852475Z: [    0.000000] Inode-cache hash table entries: 65536 (order: 7, 524288 bytes)
[STDERR  ] 2017-11-15T12:26:44.301859372Z: [    0.000000] Memory: 981844K/1048052K available (8048K kernel code, 1367K rwdata, 2700K rodata, 1380K init, 568K bss, 66208K reserved, 0K cma-reserved)
[STDERR  ] 2017-11-15T12:26:44.301868457Z: [    0.000000] Hierarchical RCU implementation.
[STDERR  ] 2017-11-15T12:26:44.301936536Z: [    0.000000] 	Build-time adjustment of leaf fanout to 64.
[STDERR  ] 2017-11-15T12:26:44.302082636Z: [    0.000000] 	RCU restricting CPUs from NR_CPUS=128 to nr_cpu_ids=1.
[STDERR  ] 2017-11-15T12:26:44.302097822Z: [    0.000000] RCU: Adjusting geometry for rcu_fanout_leaf=64, nr_cpu_ids=1
[STDERR  ] 2017-11-15T12:26:44.302176937Z: [    0.000000] NR_IRQS:8448 nr_irqs:256 16
[STDERR  ] 2017-11-15T12:26:44.302227085Z: [    0.000000] Console: colour VGA+ 80x25
[STDERR  ] 2017-11-15T12:26:44.302238421Z: [    0.000000] console [ttyS0] enabled
[STDERR  ] 2017-11-15T12:26:44.302246179Z: [    0.000000] clocksource: hpet: mask: 0xffffffff max_cycles: 0xffffffff, max_idle_ns: 19112604467 ns
[STDERR  ] 2017-11-15T12:26:44.302252798Z: [    0.000000] tsc: Unable to calibrate against PIT
[STDERR  ] 2017-11-15T12:26:44.302259923Z: [    0.000000] tsc: using HPET reference calibration
[STDERR  ] 2017-11-15T12:26:44.302266482Z: [    0.000000] tsc: Detected 2300.113 MHz processor
[STDERR  ] 2017-11-15T12:26:44.302273366Z: [    0.052331] Calibrating delay loop (skipped), value calculated using timer frequency.. 4600.22 BogoMIPS (lpj=23001130)
[STDERR  ] 2017-11-15T12:26:44.302280106Z: [    0.060701] pid_max: default: 32768 minimum: 301
[STDERR  ] 2017-11-15T12:26:44.302286661Z: [    0.062150] ACPI: Core revision 20160831
[STDERR  ] 2017-11-15T12:26:44.302293138Z: [    0.166967] ACPI: 1 ACPI AML tables successfully acquired and loaded
[STDERR  ] 2017-11-15T12:26:44.302318702Z: [    0.176717] Security Framework initialized
[STDERR  ] 2017-11-15T12:26:44.302325622Z: [    0.180172] Yama: becoming mindful.
[STDERR  ] 2017-11-15T12:26:44.302333544Z: [    0.186319] Mount-cache hash table entries: 2048 (order: 2, 16384 bytes)
[STDERR  ] 2017-11-15T12:26:44.308597124Z: [    0.190135] Mountpoint-cache hash table entries: 2048 (order: 2, 16384 bytes)
[STDERR  ] 2017-11-15T12:26:44.308627955Z: [    0.235608] Last level iTLB entries: 4KB 0, 2MB 0, 4MB 0
[STDERR  ] 2017-11-15T12:26:44.308638817Z: [    0.240105] Last level dTLB entries: 4KB 0, 2MB 0, 4MB 0, 1GB 0
[STDERR  ] 2017-11-15T12:26:44.308645838Z: [    0.868621] Freeing SMP alternatives memory: 20K
[STDERR  ] 2017-11-15T12:26:44.30865303Z: [    0.883547] ftrace: allocating 35542 entries in 139 pages
[STDERR  ] 2017-11-15T12:26:44.308659856Z: [    1.268185] smpboot: Max logical packages: 1
[STDERR  ] 2017-11-15T12:26:44.308666713Z: [    1.277370] ..TIMER: vector=0x30 apic1=0 pin1=2 apic2=-1 pin2=-1
[STDERR  ] 2017-11-15T12:26:44.308673167Z: [    1.380000] APIC calibration not consistent with PM-Timer: 161ms instead of 100ms
[STDERR  ] 2017-11-15T12:26:44.30868021Z: [    1.380000] APIC delta adjusted to PM-Timer: 6249938 (10118223)
[STDERR  ] 2017-11-15T12:26:44.308687013Z: [    1.380000] smpboot: CPU0: AMD QEMU Virtual CPU version 2.5+ (family: 0x6, model: 0x6, stepping: 0x3)
[STDERR  ] 2017-11-15T12:26:44.308693791Z: [    1.380000] Performance Events: PMU not available due to virtualization, using software events only.
[STDERR  ] 2017-11-15T12:26:44.308700707Z: [    1.420085] NMI watchdog: disabled (cpu0): hardware events not enabled
[STDERR  ] 2017-11-15T12:26:44.308708027Z: [    1.420777] NMI watchdog: Shutting down hard lockup detector on all cpus
[STDERR  ] 2017-11-15T12:26:44.308714579Z: [    1.424925] x86: Booted up 1 node, 1 CPUs
[STDERR  ] 2017-11-15T12:26:44.308721181Z: [    1.430183] smpboot: Total of 1 processors activated (4600.22 BogoMIPS)
[STDERR  ] 2017-11-15T12:26:44.308727627Z: [    1.454207] devtmpfs: initialized
[STDERR  ] 2017-11-15T12:26:44.308734488Z: [    1.462119] x86/mm: Memory block size: 128MB
[STDERR  ] 2017-11-15T12:26:44.308741579Z: [    1.579417] clocksource: jiffies: mask: 0xffffffff max_cycles: 0xffffffff, max_idle_ns: 19112604462750000 ns
[STDERR  ] 2017-11-15T12:26:44.308748041Z: [    1.580505] futex hash table entries: 256 (order: 2, 16384 bytes)
[STDERR  ] 2017-11-15T12:26:44.308754821Z: [    1.594041] NET: Registered protocol family 16
[STDERR  ] 2017-11-15T12:26:44.308761353Z: [    1.609517] cpuidle: using governor ladder
[STDERR  ] 2017-11-15T12:26:44.308767635Z: [    1.610276] cpuidle: using governor menu
[STDERR  ] 2017-11-15T12:26:44.308773945Z: [    1.611976] ACPI: bus type PCI registered
[STDERR  ] 2017-11-15T12:26:44.308780405Z: [    1.616468] PCI: MMCONFIG for domain 0000 [bus 00-ff] at [mem 0xb0000000-0xbfffffff] (base 0xb0000000)
[STDERR  ] 2017-11-15T12:26:44.308786685Z: [    1.617671] PCI: MMCONFIG at [mem 0xb0000000-0xbfffffff] reserved in E820
[STDERR  ] 2017-11-15T12:26:44.308796815Z: [    1.619801] PCI: Using configuration type 1 for base access
[STDERR  ] 2017-11-15T12:26:44.308804308Z: [    1.781896] HugeTLB registered 2 MB page size, pre-allocated 0 pages
[STDERR  ] 2017-11-15T12:26:44.308823581Z: [    1.810798] ACPI: Added _OSI(Module Device)
[STDERR  ] 2017-11-15T12:26:44.308837071Z: [    1.811266] ACPI: Added _OSI(Processor Device)
[STDERR  ] 2017-11-15T12:26:44.308845744Z: [    1.811858] ACPI: Added _OSI(3.0 _SCP Extensions)
[STDERR  ] 2017-11-15T12:26:44.308852019Z: [    1.812285] ACPI: Added _OSI(Processor Aggregator Device)
[STDERR  ] 2017-11-15T12:26:44.308859514Z: [    2.062732] ACPI: Interpreter enabled
[STDERR  ] 2017-11-15T12:26:44.308866096Z: [    2.063862] ACPI: (supports S0 S5)
[STDERR  ] 2017-11-15T12:26:44.308872972Z: [    2.064174] ACPI: Using IOAPIC for interrupt routing
[STDERR  ] 2017-11-15T12:26:44.308879597Z: [    2.066956] PCI: Using host bridge windows from ACPI; if necessary, use "pci=nocrs" and report a bug
[STDERR  ] 2017-11-15T12:26:44.308886258Z: [    2.216424] ACPI: PCI Root Bridge [PCI0] (domain 0000 [bus 00-ff])
[STDERR  ] 2017-11-15T12:26:44.308893114Z: [    2.217695] acpi PNP0A08:00: _OSC: OS supports [ExtendedConfig ASPM ClockPM Segments MSI]
[STDERR  ] 2017-11-15T12:26:44.308899741Z: [    2.226303] acpi PNP0A08:00: _OSC: OS now controls [PCIeHotplug PME PCIeCapability]
[STDERR  ] 2017-11-15T12:26:44.308909411Z: [    2.232054] PCI host bridge to bus 0000:00
[STDERR  ] 2017-11-15T12:26:44.308916123Z: [    2.232555] pci_bus 0000:00: root bus resource [io  0x0000-0x0cf7 window]
[STDERR  ] 2017-11-15T12:26:44.308923137Z: [    2.232997] pci_bus 0000:00: root bus resource [io  0x0d00-0xffff window]
[STDERR  ] 2017-11-15T12:26:44.30893062Z: [    2.233412] pci_bus 0000:00: root bus resource [mem 0x000a0000-0x000bffff window]
[STDERR  ] 2017-11-15T12:26:44.30893735Z: [    2.233860] pci_bus 0000:00: root bus resource [mem 0xc0000000-0xfebfffff window]
[STDERR  ] 2017-11-15T12:26:44.308947288Z: [    2.234494] pci_bus 0000:00: root bus resource [bus 00-ff]
[STDERR  ] 2017-11-15T12:26:44.308954074Z: [    2.511688] pci 0000:00:1f.0: quirk: [io  0x0600-0x067f] claimed by ICH6 ACPI/GPIO/TCO
[STDERR  ] 2017-11-15T12:26:44.308960616Z: [    2.690642] ACPI: PCI Interrupt Link [LNKA] (IRQs 5 *10 11)
[STDERR  ] 2017-11-15T12:26:44.308967428Z: [    2.693504] ACPI: PCI Interrupt Link [LNKB] (IRQs 5 *10 11)
[STDERR  ] 2017-11-15T12:26:44.308974017Z: [    2.695887] ACPI: PCI Interrupt Link [LNKC] (IRQs 5 10 *11)
[STDERR  ] 2017-11-15T12:26:44.308980249Z: [    2.698362] ACPI: PCI Interrupt Link [LNKD] (IRQs 5 10 *11)
[STDERR  ] 2017-11-15T12:26:44.308987231Z: [    2.700914] ACPI: PCI Interrupt Link [LNKE] (IRQs 5 *10 11)
[STDERR  ] 2017-11-15T12:26:44.308993556Z: [    2.703351] ACPI: PCI Interrupt Link [LNKF] (IRQs 5 *10 11)
[STDERR  ] 2017-11-15T12:26:44.308999956Z: [    2.705718] ACPI: PCI Interrupt Link [LNKG] (IRQs 5 10 *11)
[STDERR  ] 2017-11-15T12:26:44.309006936Z: [    2.708190] ACPI: PCI Interrupt Link [LNKH] (IRQs 5 10 *11)
[STDERR  ] 2017-11-15T12:26:44.309013468Z: [    2.709226] ACPI: PCI Interrupt Link [GSIA] (IRQs *16)
[STDERR  ] 2017-11-15T12:26:44.309019631Z: [    2.710104] ACPI: PCI Interrupt Link [GSIB] (IRQs *17)
[STDERR  ] 2017-11-15T12:26:44.309025898Z: [    2.710857] ACPI: PCI Interrupt Link [GSIC] (IRQs *18)
[STDERR  ] 2017-11-15T12:26:44.309032018Z: [    2.711585] ACPI: PCI Interrupt Link [GSID] (IRQs *19)
[STDERR  ] 2017-11-15T12:26:44.309038287Z: [    2.712322] ACPI: PCI Interrupt Link [GSIE] (IRQs *20)
[STDERR  ] 2017-11-15T12:26:44.30904449Z: [    2.713189] ACPI: PCI Interrupt Link [GSIF] (IRQs *21)
[STDERR  ] 2017-11-15T12:26:44.309050763Z: [    2.713916] ACPI: PCI Interrupt Link [GSIG] (IRQs *22)
[STDERR  ] 2017-11-15T12:26:44.309057206Z: [    2.714829] ACPI: PCI Interrupt Link [GSIH] (IRQs *23)
[STDERR  ] 2017-11-15T12:26:44.309063458Z: [    2.720000] ACPI: Enabled 2 GPEs in block 00 to 3F
[STDERR  ] 2017-11-15T12:26:44.30906966Z: [    2.726218] SCSI subsystem initialized
[STDERR  ] 2017-11-15T12:26:44.309079097Z: [    2.730224] ACPI: bus type USB registered
[STDERR  ] 2017-11-15T12:26:44.309085305Z: [    2.731790] usbcore: registered new interface driver usbfs
[STDERR  ] 2017-11-15T12:26:44.309091497Z: [    2.732923] usbcore: registered new interface driver hub
[STDERR  ] 2017-11-15T12:26:44.30909767Z: [    2.734014] usbcore: registered new device driver usb
[STDERR  ] 2017-11-15T12:26:44.309104108Z: [    2.735641] pps_core: LinuxPPS API ver. 1 registered
[STDERR  ] 2017-11-15T12:26:44.309110321Z: [    2.735968] pps_core: Software ver. 5.3.6 - Copyright 2005-2007 Rodolfo Giometti <giometti@linux.it>
[STDERR  ] 2017-11-15T12:26:44.309116579Z: [    2.736707] PTP clock support registered
[STDERR  ] 2017-11-15T12:26:44.309122905Z: [    2.738500] wmi: Mapper loaded
[STDERR  ] 2017-11-15T12:26:44.309129382Z: [    2.740117] PCI: Using ACPI for IRQ routing
[STDERR  ] 2017-11-15T12:26:44.309135721Z: [    2.771989] NetLabel: Initializing
[STDERR  ] 2017-11-15T12:26:44.309141804Z: [    2.772253] NetLabel:  domain hash size = 128
[STDERR  ] 2017-11-15T12:26:44.309148049Z: [    2.772531] NetLabel:  protocols = UNLABELED CIPSOv4
[STDERR  ] 2017-11-15T12:26:44.309154227Z: [    2.775397] NetLabel:  unlabeled traffic allowed by default
[STDERR  ] 2017-11-15T12:26:44.309160617Z: [    2.776577] HPET: 3 timers in total, 0 timers will be used for per-cpu timer
[STDERR  ] 2017-11-15T12:26:44.309170118Z: [    2.777487] hpet0: at MMIO 0xfed00000, IRQs 2, 8, 0
[STDERR  ] 2017-11-15T12:26:44.309176429Z: [    2.778013] hpet0: 3 comparators, 64-bit 100.000000 MHz counter
[STDERR  ] 2017-11-15T12:26:44.309182787Z: [    2.784597] clocksource: Switched to clocksource hpet
[STDERR  ] 2017-11-15T12:26:44.309189157Z: [    3.599481] VFS: Disk quotas dquot_6.6.0
[STDERR  ] 2017-11-15T12:26:44.309195539Z: [    3.600769] VFS: Dquot-cache hash table entries: 512 (order 0, 4096 bytes)
[STDERR  ] 2017-11-15T12:26:44.309202327Z: [    3.604840] FS-Cache: Loaded
[STDERR  ] 2017-11-15T12:26:44.309209147Z: [    3.625983] CacheFiles: Loaded
[STDERR  ] 2017-11-15T12:26:44.309215806Z: [    3.628408] pnp: PnP ACPI init
[STDERR  ] 2017-11-15T12:26:44.309222064Z: [    3.680815] pnp: PnP ACPI: found 5 devices
[STDERR  ] 2017-11-15T12:26:44.309258513Z: [    3.837754] clocksource: acpi_pm: mask: 0xffffff max_cycles: 0xffffff, max_idle_ns: 2085701024 ns
[STDERR  ] 2017-11-15T12:26:44.309267017Z: [    3.846489] NET: Registered protocol family 2
[STDERR  ] 2017-11-15T12:26:44.309273635Z: [    3.870028] TCP established hash table entries: 8192 (order: 4, 65536 bytes)
[STDERR  ] 2017-11-15T12:26:44.30928069Z: [    3.880604] TCP bind hash table entries: 8192 (order: 5, 131072 bytes)
[STDERR  ] 2017-11-15T12:26:44.309287443Z: [    3.881628] TCP: Hash tables configured (established 8192 bind 8192)
[STDERR  ] 2017-11-15T12:26:44.309294487Z: [    3.884523] UDP hash table entries: 512 (order: 2, 16384 bytes)
[STDERR  ] 2017-11-15T12:26:44.309311164Z: [    3.890296] UDP-Lite hash table entries: 512 (order: 2, 16384 bytes)
