[INFO    ] 2017-06-22T22:23:06.132695111Z: Running Test linuxkit.packages.binfmt in /tmp/build/test/cases/040_packages/002_binfmt
[INFO    ] 2017-06-22T22:23:06.132765578Z: Running command: [/bin/sh -x /tmp/build/test/cases/040_packages/002_binfmt/test.sh]
[STDERR  ] 2017-06-22T22:23:06.146038456Z: + set -e
[STDERR  ] 2017-06-22T22:23:06.146081427Z: + . /tmp/build/test/cases/_lib/lib.sh
[STDERR  ] 2017-06-22T22:23:06.146139153Z: + [ -f src/github.com/linuxkit/rtf/lib/lib.sh ]
[STDERR  ] 2017-06-22T22:23:06.146177001Z: + LINUXKIT_TMPDIR=/tmp/build/test/cases/_tmp
[STDERR  ] 2017-06-22T22:23:06.146214222Z: + [ -f /tmp/build/test/cases/_tmp/env.sh ]
[STDERR  ] 2017-06-22T22:23:06.146233223Z: + . /tmp/build/test/cases/_tmp/env.sh
[STDERR  ] 2017-06-22T22:23:06.146268431Z: + export LINUXKIT_EXAMPLES_DIR=/tmp/build/test/cases/../../examples
[STDERR  ] 2017-06-22T22:23:06.146295597Z: + export LINUXKIT_BLUEPRINTS_DIR=/tmp/build/test/cases/../../blueprints
[STDERR  ] 2017-06-22T22:23:06.146343658Z: + RT_CANCEL=253
[STDERR  ] 2017-06-22T22:23:06.146378224Z: + trap clean_up EXIT
[STDERR  ] 2017-06-22T22:23:06.146413287Z: + moby build -output kernel+initrd test-binfmt.yml
[STDERR  ] 2017-06-22T22:23:06.15602856Z: Extract kernel image: linuxkit/kernel:4.9.x
[STDERR  ] 2017-06-22T22:23:07.820290593Z: Add init containers:
[STDERR  ] 2017-06-22T22:23:07.820331338Z: Process init image: linuxkit/init:17693d233dd009b2a3a8d23673cb85969e1dce80
[STDERR  ] 2017-06-22T22:23:09.115951175Z: Process init image: linuxkit/runc:3a4e6cbf15470f62501b019b55e1caac5ee7689f
[STDERR  ] 2017-06-22T22:23:10.464544293Z: Process init image: linuxkit/containerd:be69ded7ed4437e2989da850581b631bac877d3e
[STDERR  ] 2017-06-22T22:23:12.028926432Z: Add onboot containers:
[STDERR  ] 2017-06-22T22:23:12.028965976Z:   Create OCI config for linuxkit/binfmt:8ac5535f57f0c6f5fe88317b9d22a7677093c765
[STDERR  ] 2017-06-22T22:23:13.59415241Z:   Create OCI config for alpine:3.6
[STDERR  ] 2017-06-22T22:23:15.249325219Z:   Create OCI config for linuxkit/poweroff:7404cf2295df89ccfa2dda41997a28307a90cf28
[STDERR  ] 2017-06-22T22:23:16.809529715Z: Add files:
[STDERR  ] 2017-06-22T22:23:16.809600381Z:   check.sh
[STDERR  ] 2017-06-22T22:23:16.83859353Z: Create outputs:
[STDERR  ] 2017-06-22T22:23:24.924273144Z:   test-binfmt-kernel test-binfmt-initrd.img test-binfmt-cmdline
[STDERR  ] 2017-06-22T22:23:24.984553023Z: + linuxkit run test-binfmt
[STDERR  ] 2017-06-22T22:23:25.000383332Z: Unable to find qemu-system-x86_64 within the $PATH. Using a container
[STDERR  ] 2017-06-22T22:24:00.536209483Z: + RESULT=[    0.000000] Linux version 4.9.33-linuxkit (root@b147ce67977e) (gcc version 6.3.0 (Alpine 6.3.0) ) #1 SMP Thu Jun 22 19:57:24 UTC 2017
[STDERR  ] 2017-06-22T22:24:00.536229107Z: [    0.000000] Command line: console=ttyS0 page_poison=1
[STDERR  ] 2017-06-22T22:24:00.536238794Z: [    0.000000] x86/fpu: Legacy x87 FPU detected.
[STDERR  ] 2017-06-22T22:24:00.536252299Z: [    0.000000] x86/fpu: Using 'eager' FPU context switches.
[STDERR  ] 2017-06-22T22:24:00.536263549Z: [    0.000000] e820: BIOS-provided physical RAM map:
[STDERR  ] 2017-06-22T22:24:00.536274077Z: [    0.000000] BIOS-e820: [mem 0x0000000000000000-0x000000000009fbff] usable
[STDERR  ] 2017-06-22T22:24:00.536279162Z: [    0.000000] BIOS-e820: [mem 0x000000000009fc00-0x000000000009ffff] reserved
[STDERR  ] 2017-06-22T22:24:00.536289557Z: [    0.000000] BIOS-e820: [mem 0x00000000000f0000-0x00000000000fffff] reserved
[STDERR  ] 2017-06-22T22:24:00.53629258Z: [    0.000000] BIOS-e820: [mem 0x0000000000100000-0x000000003ffdefff] usable
[STDERR  ] 2017-06-22T22:24:00.53630153Z: [    0.000000] BIOS-e820: [mem 0x000000003ffdf000-0x000000003fffffff] reserved
[STDERR  ] 2017-06-22T22:24:00.536307632Z: [    0.000000] BIOS-e820: [mem 0x00000000b0000000-0x00000000bfffffff] reserved
[STDERR  ] 2017-06-22T22:24:00.536323693Z: [    0.000000] BIOS-e820: [mem 0x00000000fed1c000-0x00000000fed1ffff] reserved
[STDERR  ] 2017-06-22T22:24:00.536327034Z: [    0.000000] BIOS-e820: [mem 0x00000000fffc0000-0x00000000ffffffff] reserved
[STDERR  ] 2017-06-22T22:24:00.536335639Z: [    0.000000] NX (Execute Disable) protection: active
[STDERR  ] 2017-06-22T22:24:00.536355164Z: [    0.000000] SMBIOS 2.8 present.
[STDERR  ] 2017-06-22T22:24:00.536361424Z: [    0.000000] e820: last_pfn = 0x3ffdf max_arch_pfn = 0x400000000
[STDERR  ] 2017-06-22T22:24:00.53637035Z: [    0.000000] x86/PAT: Configuration [0-7]: WB  WC  UC- UC  WB  WC  UC- WT  
[STDERR  ] 2017-06-22T22:24:00.53637753Z: [    0.000000] found SMP MP-table at [mem 0x000f6aa0-0x000f6aaf] mapped at [ffff9829000f6aa0]
[STDERR  ] 2017-06-22T22:24:00.536383882Z: [    0.000000] RAMDISK: [mem 0x3d466000-0x3ffcffff]
[STDERR  ] 2017-06-22T22:24:00.536386947Z: [    0.000000] ACPI: Early table checksum verification disabled
[STDERR  ] 2017-06-22T22:24:00.536396121Z: [    0.000000] ACPI: RSDP 0x00000000000F68C0 000014 (v00 BOCHS )
[STDERR  ] 2017-06-22T22:24:00.536399168Z: [    0.000000] ACPI: RSDT 0x000000003FFE2404 000034 (v01 BOCHS  BXPCRSDT 00000001 BXPC 00000001)
[STDERR  ] 2017-06-22T22:24:00.536407053Z: [    0.000000] ACPI: FACP 0x000000003FFE22A4 000074 (v01 BOCHS  BXPCFACP 00000001 BXPC 00000001)
[STDERR  ] 2017-06-22T22:24:00.536422346Z: [    0.000000] ACPI: DSDT 0x000000003FFE0040 002264 (v01 BOCHS  BXPCDSDT 00000001 BXPC 00000001)
[STDERR  ] 2017-06-22T22:24:00.536428175Z: [    0.000000] ACPI: FACS 0x000000003FFE0000 000040
[STDERR  ] 2017-06-22T22:24:00.536431298Z: [    0.000000] ACPI: APIC 0x000000003FFE2318 000078 (v01 BOCHS  BXPCAPIC 00000001 BXPC 00000001)
[STDERR  ] 2017-06-22T22:24:00.536439979Z: [    0.000000] ACPI: HPET 0x000000003FFE2390 000038 (v01 BOCHS  BXPCHPET 00000001 BXPC 00000001)
[STDERR  ] 2017-06-22T22:24:00.536443239Z: [    0.000000] ACPI: MCFG 0x000000003FFE23C8 00003C (v01 BOCHS  BXPCMCFG 00000001 BXPC 00000001)
[STDERR  ] 2017-06-22T22:24:00.536451762Z: [    0.000000] Zone ranges:
[STDERR  ] 2017-06-22T22:24:00.536457279Z: [    0.000000]   DMA      [mem 0x0000000000001000-0x0000000000ffffff]
[STDERR  ] 2017-06-22T22:24:00.536462406Z: [    0.000000]   DMA32    [mem 0x0000000001000000-0x000000003ffdefff]
[STDERR  ] 2017-06-22T22:24:00.536467576Z: [    0.000000]   Normal   empty
[STDERR  ] 2017-06-22T22:24:00.536472982Z: [    0.000000] Movable zone start for each node
[STDERR  ] 2017-06-22T22:24:00.536477949Z: [    0.000000] Early memory node ranges
[STDERR  ] 2017-06-22T22:24:00.536482865Z: [    0.000000]   node   0: [mem 0x0000000000001000-0x000000000009efff]
[STDERR  ] 2017-06-22T22:24:00.536487823Z: [    0.000000]   node   0: [mem 0x0000000000100000-0x000000003ffdefff]
[STDERR  ] 2017-06-22T22:24:00.536492693Z: [    0.000000] Initmem setup node 0 [mem 0x0000000000001000-0x000000003ffdefff]
[STDERR  ] 2017-06-22T22:24:00.536502133Z: [    0.000000] ACPI: PM-Timer IO Port: 0x608
[STDERR  ] 2017-06-22T22:24:00.536507568Z: [    0.000000] ACPI: LAPIC_NMI (acpi_id[0xff] dfl dfl lint[0x1])
[STDERR  ] 2017-06-22T22:24:00.536511656Z: [    0.000000] IOAPIC[0]: apic_id 0, version 32, address 0xfec00000, GSI 0-23
[STDERR  ] 2017-06-22T22:24:00.536522013Z: [    0.000000] ACPI: INT_SRC_OVR (bus 0 bus_irq 0 global_irq 2 dfl dfl)
[STDERR  ] 2017-06-22T22:24:00.536524629Z: [    0.000000] ACPI: INT_SRC_OVR (bus 0 bus_irq 5 global_irq 5 high level)
[STDERR  ] 2017-06-22T22:24:00.536533356Z: [    0.000000] ACPI: INT_SRC_OVR (bus 0 bus_irq 9 global_irq 9 high level)
[STDERR  ] 2017-06-22T22:24:00.536538463Z: [    0.000000] ACPI: INT_SRC_OVR (bus 0 bus_irq 10 global_irq 10 high level)
[STDERR  ] 2017-06-22T22:24:00.536543879Z: [    0.000000] ACPI: INT_SRC_OVR (bus 0 bus_irq 11 global_irq 11 high level)
[STDERR  ] 2017-06-22T22:24:00.536549406Z: [    0.000000] Using ACPI (MADT) for SMP configuration information
[STDERR  ] 2017-06-22T22:24:00.536552782Z: [    0.000000] ACPI: HPET id: 0x8086a201 base: 0xfed00000
[STDERR  ] 2017-06-22T22:24:00.536560508Z: [    0.000000] smpboot: Allowing 1 CPUs, 0 hotplug CPUs
[STDERR  ] 2017-06-22T22:24:00.536563239Z: [    0.000000] e820: [mem 0x40000000-0xafffffff] available for PCI devices
[STDERR  ] 2017-06-22T22:24:00.536572373Z: [    0.000000] Booting paravirtualized kernel on bare hardware
[STDERR  ] 2017-06-22T22:24:00.536584782Z: [    0.000000] clocksource: refined-jiffies: mask: 0xffffffff max_cycles: 0xffffffff, max_idle_ns: 19112604462750000 ns
[STDERR  ] 2017-06-22T22:24:00.536590705Z: [    0.000000] setup_percpu: NR_CPUS:128 nr_cpumask_bits:128 nr_cpu_ids:1 nr_node_ids:1
[STDERR  ] 2017-06-22T22:24:00.536596171Z: [    0.000000] percpu: Embedded 35 pages/cpu @ffff98293d200000 s105112 r8192 d30056 u2097152
[STDERR  ] 2017-06-22T22:24:00.536606595Z: [    0.000000] Built 1 zonelists in Zone order, mobility grouping on.  Total pages: 257896
[STDERR  ] 2017-06-22T22:24:00.536609333Z: [    0.000000] Kernel command line: console=ttyS0 page_poison=1
[STDERR  ] 2017-06-22T22:24:00.536614866Z: [    0.000000] PID hash table entries: 4096 (order: 3, 32768 bytes)
[STDERR  ] 2017-06-22T22:24:00.536623051Z: [    0.000000] Dentry cache hash table entries: 131072 (order: 8, 1048576 bytes)
[STDERR  ] 2017-06-22T22:24:00.536633672Z: [    0.000000] Inode-cache hash table entries: 65536 (order: 7, 524288 bytes)
[STDERR  ] 2017-06-22T22:24:00.536646867Z: [    0.000000] Memory: 969756K/1048052K available (8023K kernel code, 1336K rwdata, 2692K rodata, 1372K init, 564K bss, 78296K reserved, 0K cma-reserved)
[STDERR  ] 2017-06-22T22:24:00.536656422Z: [    0.000000] Hierarchical RCU implementation.
[STDERR  ] 2017-06-22T22:24:00.536659575Z: [    0.000000] 	Build-time adjustment of leaf fanout to 64.
[STDERR  ] 2017-06-22T22:24:00.536664865Z: [    0.000000] 	RCU restricting CPUs from NR_CPUS=128 to nr_cpu_ids=1.
[STDERR  ] 2017-06-22T22:24:00.53667256Z: [    0.000000] RCU: Adjusting geometry for rcu_fanout_leaf=64, nr_cpu_ids=1
[STDERR  ] 2017-06-22T22:24:00.536677834Z: [    0.000000] NR_IRQS:8448 nr_irqs:256 16
[STDERR  ] 2017-06-22T22:24:00.536683252Z: [    0.000000] Console: colour VGA+ 80x25
[STDERR  ] 2017-06-22T22:24:00.536688397Z: [    0.000000] console [ttyS0] enabled
[STDERR  ] 2017-06-22T22:24:00.53669341Z: [    0.000000] allocated 2097152 bytes of page_ext
[STDERR  ] 2017-06-22T22:24:00.536701291Z: [    0.000000] clocksource: hpet: mask: 0xffffffff max_cycles: 0xffffffff, max_idle_ns: 19112604467 ns
[STDERR  ] 2017-06-22T22:24:00.536707232Z: [    0.000000] tsc: Fast TSC calibration failed
[STDERR  ] 2017-06-22T22:24:00.536712662Z: [    0.000000] tsc: Unable to calibrate against PIT
[STDERR  ] 2017-06-22T22:24:00.536715507Z: [    0.000000] tsc: using HPET reference calibration
[STDERR  ] 2017-06-22T22:24:00.536723001Z: [    0.000000] tsc: Detected 2600.065 MHz processor
[STDERR  ] 2017-06-22T22:24:00.536725758Z: [    0.050472] Calibrating delay loop (skipped), value calculated using timer frequency.. 5200.13 BogoMIPS (lpj=26000650)
[STDERR  ] 2017-06-22T22:24:00.536734828Z: [    0.051799] pid_max: default: 32768 minimum: 301
[STDERR  ] 2017-06-22T22:24:00.536739977Z: [    0.060484] ACPI: Core revision 20160831
[STDERR  ] 2017-06-22T22:24:00.536745562Z: [    0.102342] ACPI: 1 ACPI AML tables successfully acquired and loaded
[STDERR  ] 2017-06-22T22:24:00.536750575Z: [    0.106043] Security Framework initialized
[STDERR  ] 2017-06-22T22:24:00.53675578Z: [    0.106550] Yama: becoming mindful.
[STDERR  ] 2017-06-22T22:24:00.536760655Z: [    0.108629] Mount-cache hash table entries: 2048 (order: 2, 16384 bytes)
[STDERR  ] 2017-06-22T22:24:00.536765665Z: [    0.109366] Mountpoint-cache hash table entries: 2048 (order: 2, 16384 bytes)
[STDERR  ] 2017-06-22T22:24:00.536771348Z: [    0.128040] Last level iTLB entries: 4KB 0, 2MB 0, 4MB 0
[STDERR  ] 2017-06-22T22:24:00.536778155Z: [    0.128705] Last level dTLB entries: 4KB 0, 2MB 0, 4MB 0, 1GB 0
[STDERR  ] 2017-06-22T22:24:00.536780925Z: [    0.422854] Freeing SMP alternatives memory: 20K (ffffffffb6ea7000 - ffffffffb6eac000)
[STDERR  ] 2017-06-22T22:24:00.536788784Z: [    0.432074] ftrace: allocating 35395 entries in 139 pages
[STDERR  ] 2017-06-22T22:24:00.53679148Z: [    0.587150] smpboot: Max logical packages: 1
[STDERR  ] 2017-06-22T22:24:00.536800231Z: [    0.593340] ..TIMER: vector=0x30 apic1=0 pin1=2 apic2=-1 pin2=-1
[STDERR  ] 2017-06-22T22:24:00.536803825Z: [    0.700000] smpboot: CPU0: AMD QEMU Virtual CPU version 2.5+ (family: 0x6, model: 0x6, stepping: 0x3)
[STDERR  ] 2017-06-22T22:24:00.536812704Z: [    0.700000] Performance Events: PMU not available due to virtualization, using software events only.
[STDERR  ] 2017-06-22T22:24:00.536821295Z: [    0.708416] NMI watchdog: disabled (cpu0): hardware events not enabled
[STDERR  ] 2017-06-22T22:24:00.536826361Z: [    0.709151] NMI watchdog: Shutting down hard lockup detector on all cpus
[STDERR  ] 2017-06-22T22:24:00.53683179Z: [    0.712137] x86: Booted up 1 node, 1 CPUs
[STDERR  ] 2017-06-22T22:24:00.536834605Z: [    0.712635] smpboot: Total of 1 processors activated (5200.13 BogoMIPS)
[STDERR  ] 2017-06-22T22:24:00.536839524Z: [    0.727145] devtmpfs: initialized
[STDERR  ] 2017-06-22T22:24:00.53684887Z: [    0.732853] x86/mm: Memory block size: 128MB
[STDERR  ] 2017-06-22T22:24:00.536854497Z: [    0.796581] clocksource: jiffies: mask: 0xffffffff max_cycles: 0xffffffff, max_idle_ns: 19112604462750000 ns
[STDERR  ] 2017-06-22T22:24:00.536862037Z: [    0.797975] futex hash table entries: 256 (order: 2, 16384 bytes)
[STDERR  ] 2017-06-22T22:24:00.536864962Z: [    0.807303] NET: Registered protocol family 16
[STDERR  ] 2017-06-22T22:24:00.536870585Z: [    0.817142] cpuidle: using governor ladder
[STDERR  ] 2017-06-22T22:24:00.536883218Z: [    0.817936] cpuidle: using governor menu
[STDERR  ] 2017-06-22T22:24:00.536891507Z: [    0.819297] ACPI: bus type PCI registered
[STDERR  ] 2017-06-22T22:24:00.536894594Z: [    0.822475] PCI: MMCONFIG for domain 0000 [bus 00-ff] at [mem 0xb0000000-0xbfffffff] (base 0xb0000000)
[STDERR  ] 2017-06-22T22:24:00.536903206Z: [    0.823640] PCI: MMCONFIG at [mem 0xb0000000-0xbfffffff] reserved in E820
[STDERR  ] 2017-06-22T22:24:00.536905913Z: [    0.825227] PCI: Using configuration type 1 for base access
[STDERR  ] 2017-06-22T22:24:00.536914967Z: [    0.882674] HugeTLB registered 2 MB page size, pre-allocated 0 pages
[STDERR  ] 2017-06-22T22:24:00.536917656Z: [    0.896179] ACPI: Added _OSI(Module Device)
[STDERR  ] 2017-06-22T22:24:00.53692559Z: [    0.896700] ACPI: Added _OSI(Processor Device)
[STDERR  ] 2017-06-22T22:24:00.53692813Z: [    0.897109] ACPI: Added _OSI(3.0 _SCP Extensions)
[STDERR  ] 2017-06-22T22:24:00.536935906Z: [    0.897554] ACPI: Added _OSI(Processor Aggregator Device)
[STDERR  ] 2017-06-22T22:24:00.536941227Z: [    0.971167] ACPI: Interpreter enabled
[STDERR  ] 2017-06-22T22:24:00.536946829Z: [    0.972320] ACPI: (supports S0 S5)
[STDERR  ] 2017-06-22T22:24:00.536952259Z: [    0.972838] ACPI: Using IOAPIC for interrupt routing
[STDERR  ] 2017-06-22T22:24:00.536955053Z: [    0.974974] PCI: Using host bridge windows from ACPI; if necessary, use "pci=nocrs" and report a bug
[STDERR  ] 2017-06-22T22:24:00.536960476Z: [    1.040596] ACPI: PCI Root Bridge [PCI0] (domain 0000 [bus 00-ff])
[STDERR  ] 2017-06-22T22:24:00.536967703Z: [    1.041963] acpi PNP0A08:00: _OSC: OS supports [ExtendedConfig ASPM ClockPM Segments MSI]
[STDERR  ] 2017-06-22T22:24:00.536972614Z: [    1.047656] acpi PNP0A08:00: _OSC: OS now controls [PCIeHotplug PME PCIeCapability]
[STDERR  ] 2017-06-22T22:24:00.536977611Z: [    1.051945] PCI host bridge to bus 0000:00
[STDERR  ] 2017-06-22T22:24:00.53698262Z: [    1.052675] pci_bus 0000:00: root bus resource [io  0x0000-0x0cf7 window]
[STDERR  ] 2017-06-22T22:24:00.536994619Z: [    1.053337] pci_bus 0000:00: root bus resource [io  0x0d00-0xffff window]
[STDERR  ] 2017-06-22T22:24:00.536999674Z: [    1.054491] pci_bus 0000:00: root bus resource [mem 0x000a0000-0x000bffff window]
[STDERR  ] 2017-06-22T22:24:00.537004684Z: [    1.056070] pci_bus 0000:00: root bus resource [mem 0xc0000000-0xfebfffff window]
[STDERR  ] 2017-06-22T22:24:00.537014506Z: [    1.057143] pci_bus 0000:00: root bus resource [bus 00-ff]
[STDERR  ] 2017-06-22T22:24:00.537019537Z: [    1.150301] pci 0000:00:1f.0: quirk: [io  0x0600-0x067f] claimed by ICH6 ACPI/GPIO/TCO
[STDERR  ] 2017-06-22T22:24:00.537022206Z: [    1.208282] ACPI: PCI Interrupt Link [LNKA] (IRQs 5 *10 11)
[STDERR  ] 2017-06-22T22:24:00.537028894Z: [    1.211509] ACPI: PCI Interrupt Link [LNKB] (IRQs 5 *10 11)
[STDERR  ] 2017-06-22T22:24:00.537040961Z: [    1.213522] ACPI: PCI Interrupt Link [LNKC] (IRQs 5 10 *11)
[STDERR  ] 2017-06-22T22:24:00.537046806Z: [    1.215500] ACPI: PCI Interrupt Link [LNKD] (IRQs 5 10 *11)
[STDERR  ] 2017-06-22T22:24:00.537049531Z: [    1.217440] ACPI: PCI Interrupt Link [LNKE] (IRQs 5 *10 11)
[STDERR  ] 2017-06-22T22:24:00.53705464Z: [    1.219515] ACPI: PCI Interrupt Link [LNKF] (IRQs 5 *10 11)
[STDERR  ] 2017-06-22T22:24:00.537062444Z: [    1.221774] ACPI: PCI Interrupt Link [LNKG] (IRQs 5 10 *11)
[STDERR  ] 2017-06-22T22:24:00.537067477Z: [    1.223741] ACPI: PCI Interrupt Link [LNKH] (IRQs 5 10 *11)
[STDERR  ] 2017-06-22T22:24:00.537070266Z: [    1.224847] ACPI: PCI Interrupt Link [GSIA] (IRQs *16)
[STDERR  ] 2017-06-22T22:24:00.537076874Z: [    1.225722] ACPI: PCI Interrupt Link [GSIB] (IRQs *17)
[STDERR  ] 2017-06-22T22:24:00.537126924Z: [    1.226601] ACPI: PCI Interrupt Link [GSIC] (IRQs *18)
[STDERR  ] 2017-06-22T22:24:00.53713327Z: [    1.227466] ACPI: PCI Interrupt Link [GSID] (IRQs *19)
[STDERR  ] 2017-06-22T22:24:00.53713881Z: [    1.228364] ACPI: PCI Interrupt Link [GSIE] (IRQs *20)
[STDERR  ] 2017-06-22T22:24:00.537148035Z: [    1.229261] ACPI: PCI Interrupt Link [GSIF] (IRQs *21)
[STDERR  ] 2017-06-22T22:24:00.537151282Z: [    1.230632] ACPI: PCI Interrupt Link [GSIG] (IRQs *22)
[STDERR  ] 2017-06-22T22:24:00.5371573Z: [    1.231502] ACPI: PCI Interrupt Link [GSIH] (IRQs *23)
[STDERR  ] 2017-06-22T22:24:00.537165132Z: [    1.235607] ACPI: Enabled 2 GPEs in block 00 to 3F
[STDERR  ] 2017-06-22T22:24:00.537168005Z: [    1.240623] SCSI subsystem initialized
[STDERR  ] 2017-06-22T22:24:00.537175436Z: [    1.242824] ACPI: bus type USB registered
[STDERR  ] 2017-06-22T22:24:00.537186888Z: [    1.244155] usbcore: registered new interface driver usbfs
[STDERR  ] 2017-06-22T22:24:00.537189579Z: [    1.245313] usbcore: registered new interface driver hub
[STDERR  ] 2017-06-22T22:24:00.537207153Z: [    1.246362] usbcore: registered new device driver usb
[STDERR  ] 2017-06-22T22:24:00.537212709Z: [    1.247793] pps_core: LinuxPPS API ver. 1 registered
[STDERR  ] 2017-06-22T22:24:00.537215443Z: [    1.248306] pps_core: Software ver. 5.3.6 - Copyright 2005-2007 Rodolfo Giometti <giometti@linux.it>
[STDERR  ] 2017-06-22T22:24:00.53723032Z: [    1.249383] PTP clock support registered
[STDERR  ] 2017-06-22T22:24:00.537234216Z: [    1.250914] wmi: Mapper loaded
[STDERR  ] 2017-06-22T22:24:00.537248413Z: [    1.252294] PCI: Using ACPI for IRQ routing
[STDERR  ] 2017-06-22T22:24:00.537258226Z: [    1.271443] NetLabel: Initializing
[STDERR  ] 2017-06-22T22:24:00.537267789Z: [    1.271908] NetLabel:  domain hash size = 128
[STDERR  ] 2017-06-22T22:24:00.537276512Z: [    1.272342] NetLabel:  protocols = UNLABELED CIPSOv4
[STDERR  ] 2017-06-22T22:24:00.537282242Z: [    1.274421] NetLabel:  unlabeled traffic allowed by default
[STDERR  ] 2017-06-22T22:24:00.537287753Z: [    1.275609] HPET: 3 timers in total, 0 timers will be used for per-cpu timer
[STDERR  ] 2017-06-22T22:24:00.537293096Z: [    1.276632] hpet0: at MMIO 0xfed00000, IRQs 2, 8, 0
[STDERR  ] 2017-06-22T22:24:00.537298233Z: [    1.277289] hpet0: 3 comparators, 64-bit 100.000000 MHz counter
[STDERR  ] 2017-06-22T22:24:00.537303952Z: [    1.282682] clocksource: Switched to clocksource hpet
[STDERR  ] 2017-06-22T22:24:00.537309126Z: [    1.588361] VFS: Disk quotas dquot_6.6.0
[STDERR  ] 2017-06-22T22:24:00.537312106Z: [    1.589533] VFS: Dquot-cache hash table entries: 512 (order 0, 4096 bytes)
[STDERR  ] 2017-06-22T22:24:00.53732032Z: [    1.592830] FS-Cache: Loaded
[STDERR  ] 2017-06-22T22:24:00.53732571Z: [    1.598079] CacheFiles: Loaded
[STDERR  ] 2017-06-22T22:24:00.537332288Z: [    1.600297] pnp: PnP ACPI init
[STDERR  ] 2017-06-22T22:24:00.537335026Z: [    1.612218] pnp: PnP ACPI: found 5 devices
[STDERR  ] 2017-06-22T22:24:00.537345815Z: [    1.666094] clocksource: acpi_pm: mask: 0xffffff max_cycles: 0xffffff, max_idle_ns: 2085701024 ns
[STDERR  ] 2017-06-22T22:24:00.537351143Z: [    1.670791] NET: Registered protocol family 2
[STDERR  ] 2017-06-22T22:24:00.537358142Z: [    1.678683] TCP established hash table entries: 8192 (order: 4, 65536 bytes)
[STDERR  ] 2017-06-22T22:24:00.537363482Z: [    1.679903] TCP bind hash table entries: 8192 (order: 5, 131072 bytes)
[STDERR  ] 2017-06-22T22:24:00.53737155Z: [    1.681161] TCP: Hash tables configured (established 8192 bind 8192)
[STDERR  ] 2017-06-22T22:24:00.537374372Z: [    1.683355] UDP hash table entries: 512 (order: 2, 16384 bytes)
[STDERR  ] 2017-06-22T22:24:00.537381909Z: [    1.684259] UDP-Lite hash table entries: 512 (order: 2, 16384 bytes)
[STDERR  ] 2017-06-22T22:24:00.537389925Z: [    1.686890] NET: Registered protocol family 1
[STDERR  ] 2017-06-22T22:24:00.537392889Z: [    1.688058] pci 0000:00:01.0: Video device with shadowed ROM at [mem 0x000c0000-0x000dffff]
[STDERR  ] 2017-06-22T22:24:00.537401048Z: [    1.695965] Unpacking initramfs...
[STDERR  ] 2017-06-22T22:24:00.537406292Z: [   10.389657] Freeing initrd memory: 44456K (ffff98293d466000 - ffff98293ffd0000)
[STDERR  ] 2017-06-22T22:24:00.537408861Z: [   10.413030] PCLMULQDQ-NI instructions are not detected.
[STDERR  ] 2017-06-22T22:24:00.537419958Z: [   10.414515] AVX or AES-NI instructions are not detected.
[STDERR  ] 2017-06-22T22:24:00.537422729Z: [   10.415144] CPU feature 'AVX registers' is not supported.
[STDERR  ] 2017-06-22T22:24:00.537430495Z: [   10.415714] CPU feature 'AVX registers' is not supported.
[STDERR  ] 2017-06-22T22:24:00.537433047Z: [   10.416327] CPU feature 'AVX registers' is not supported.
[STDERR  ] 2017-06-22T22:24:00.537440981Z: [   10.416869] CPU feature 'AVX registers' is not supported.
[STDERR  ] 2017-06-22T22:24:00.537446149Z: [   10.417401] AVX2 or AES-NI instructions are not detected.
[STDERR  ] 2017-06-22T22:24:00.537449039Z: [   10.417930] AVX2 instructions are not detected.
[STDERR  ] 2017-06-22T22:24:00.537454167Z: [   10.424791] audit: initializing netlink subsys (disabled)
[STDERR  ] 2017-06-22T22:24:00.537461804Z: [   10.426657] audit: type=2000 audit(1498170216.420:1): initialized
[STDERR  ] 2017-06-22T22:24:00.537467021Z: [   10.434887] workingset: timestamp_bits=46 max_order=18 bucket_order=0
[STDERR  ] 2017-06-22T22:24:00.537472261Z: [   10.443950] FS-Cache: Netfs 'cifs' registered for caching
[STDERR  ] 2017-06-22T22:24:00.537478869Z: [   10.445269] fuse init (API version 7.26)
[STDERR  ] 2017-06-22T22:24:00.537486074Z: [   10.447715] SGI XFS with ACLs, security attributes, no debug enabled
[STDERR  ] 2017-06-22T22:24:00.537493402Z: [   10.451910] 9p: Installing v9fs 9p2000 file system support
[STDERR  ] 2017-06-22T22:24:00.537498559Z: [   10.452634] FS-Cache: Netfs '9p' registered for caching
[STDERR  ] 2017-06-22T22:24:00.537503882Z: [   10.484044] NET: Registered protocol family 38
[STDERR  ] 2017-06-22T22:24:00.537509082Z: [   10.484976] Key type asymmetric registered
[STDERR  ] 2017-06-22T22:24:00.537511788Z: [   10.485438] Asymmetric key parser 'x509' registered
[STDERR  ] 2017-06-22T22:24:00.537516777Z: [   10.486492] Block layer SCSI generic (bsg) driver version 0.4 loaded (major 251)
[STDERR  ] 2017-06-22T22:24:00.537525569Z: [   10.488053] io scheduler noop registered
[STDERR  ] 2017-06-22T22:24:00.537531091Z: [   10.488536] io scheduler deadline registered (default)
[STDERR  ] 2017-06-22T22:24:00.537536319Z: [   10.489402] io scheduler cfq registered
[STDERR  ] 2017-06-22T22:24:00.537541639Z: [   10.493364] pci_hotplug: PCI Hot Plug PCI Core version: 0.5
[STDERR  ] 2017-06-22T22:24:00.537546614Z: [   10.494219] pciehp: PCI Express Hot Plug Controller Driver version: 0.4
[STDERR  ] 2017-06-22T22:24:00.537549299Z: [   10.495287] shpchp: Standard Hot Plug PCI Controller Driver version: 0.4
[STDERR  ] 2017-06-22T22:24:00.537556752Z: [   10.496370] hv_vmbus: registering driver hyperv_fb
[STDERR  ] 2017-06-22T22:24:00.537560132Z: [   10.499725] input: Power Button as /devices/LNXSYSTM:00/LNXPWRBN:00/input/input0
[STDERR  ] 2017-06-22T22:24:00.537567611Z: [   10.502501] ACPI: Power Button [PWRF]
[STDERR  ] 2017-06-22T22:24:00.537575929Z: [   10.507656] GHES: HEST is not enabled!
[STDERR  ] 2017-06-22T22:24:00.537581281Z: [   10.518564] ACPI: PCI Interrupt Link [GSIH] enabled at IRQ 23
[STDERR  ] 2017-06-22T22:24:00.537586422Z: [   10.525605] xenfs: not registering filesystem on non-xen platform
[STDERR  ] 2017-06-22T22:24:00.537591902Z: [   10.528115] Serial: 8250/16550 driver, 4 ports, IRQ sharing disabled
[STDERR  ] 2017-06-22T22:24:00.537596875Z: [   10.555067] 00:04: ttyS0 at I/O 0x3f8 (irq = 4, base_baud = 115200) is a 16550A
[STDERR  ] 2017-06-22T22:24:00.537602367Z: [   10.566417] Non-volatile memory driver v1.3
[STDERR  ] 2017-06-22T22:24:00.537605069Z: [   10.573597] Hangcheck: starting hangcheck timer 0.9.1 (tick is 180 seconds, margin is 60 seconds).
[STDERR  ] 2017-06-22T22:24:00.537613381Z: [   10.612431] loop: module loaded
[STDERR  ] 2017-06-22T22:24:00.537618646Z: [   10.627575] nbd: registered device at major 43
[STDERR  ] 2017-06-22T22:24:00.537621307Z: [   10.669935] lpc_ich 0000:00:1f.0: I/O space for GPIO uninitialized
[STDERR  ] 2017-06-22T22:24:00.53763338Z: [   10.672455] VMware PVSCSI driver - version 1.0.7.0-k
[STDERR  ] 2017-06-22T22:24:00.53764164Z: [   10.673425] hv_vmbus: registering driver hv_storvsc
[STDERR  ] 2017-06-22T22:24:00.537644561Z: [   10.684019] ACPI: PCI Interrupt Link [GSIA] enabled at IRQ 16
[STDERR  ] 2017-06-22T22:24:00.537652238Z: [   10.690942] ahci 0000:00:1f.2: AHCI 0001.0000 32 slots 6 ports 1.5 Gbps 0x3f impl SATA mode
[STDERR  ] 2017-06-22T22:24:00.537654811Z: [   10.691996] ahci 0000:00:1f.2: flags: 64bit ncq only 
[STDERR  ] 2017-06-22T22:24:00.537662628Z: [   10.712817] scsi host0: ahci
[STDERR  ] 2017-06-22T22:24:00.537671856Z: [   10.716824] scsi host1: ahci
[STDERR  ] 2017-06-22T22:24:00.53767741Z: [   10.719151] scsi host2: ahci
[STDERR  ] 2017-06-22T22:24:00.537682713Z: [   10.721786] scsi host3: ahci
[STDERR  ] 2017-06-22T22:24:00.537688188Z: [   10.724210] scsi host4: ahci
[STDERR  ] 2017-06-22T22:24:00.53769314Z: [   10.726516] scsi host5: ahci
[STDERR  ] 2017-06-22T22:24:00.537698148Z: [   10.728636] ata1: SATA max UDMA/133 abar m4096@0xfebf1000 port 0xfebf1100 irq 24
[STDERR  ] 2017-06-22T22:24:00.537703984Z: [   10.729527] ata2: SATA max UDMA/133 abar m4096@0xfebf1000 port 0xfebf1180 irq 24
[STDERR  ] 2017-06-22T22:24:00.537709243Z: [   10.730595] ata3: SATA max UDMA/133 abar m4096@0xfebf1000 port 0xfebf1200 irq 24
[STDERR  ] 2017-06-22T22:24:00.537712124Z: [   10.731271] ata4: SATA max UDMA/133 abar m4096@0xfebf1000 port 0xfebf1280 irq 24
[STDERR  ] 2017-06-22T22:24:00.537718507Z: [   10.732023] ata5: SATA max UDMA/133 abar m4096@0xfebf1000 port 0xfebf1300 irq 24
[STDERR  ] 2017-06-22T22:24:00.537726227Z: [   10.732748] ata6: SATA max UDMA/133 abar m4096@0xfebf1000 port 0xfebf1380 irq 24
[STDERR  ] 2017-06-22T22:24:00.537731301Z: [   10.745971] tun: Universal TUN/TAP device driver, 1.6
[STDERR  ] 2017-06-22T22:24:00.537736294Z: [   10.746652] tun: (C) 1999-2004 Max Krasnyansky <maxk@qualcomm.com>
[STDERR  ] 2017-06-22T22:24:00.537740284Z: [   10.748806] VMware vmxnet3 virtual NIC driver - version 1.4.a.0-k-NAPI
[STDERR  ] 2017-06-22T22:24:00.537745367Z: [   10.749894] hv_vmbus: registering driver hv_netvsc
[STDERR  ] 2017-06-22T22:24:00.537753001Z: [   10.750635] Fusion MPT base driver 3.04.20
[STDERR  ] 2017-06-22T22:24:00.537755958Z: [   10.751027] Copyright (c) 1999-2008 LSI Corporation
[STDERR  ] 2017-06-22T22:24:00.537763373Z: [   10.751881] Fusion MPT SPI Host driver 3.04.20
[STDERR  ] 2017-06-22T22:24:00.537766061Z: [   10.754138] i8042: PNP: PS/2 Controller [PNP0303:KBD,PNP0f13:MOU] at 0x60,0x64 irq 1,12
[STDERR  ] 2017-06-22T22:24:00.537773746Z: [   10.758454] serio: i8042 KBD port at 0x60,0x64 irq 1
[STDERR  ] 2017-06-22T22:24:00.537778733Z: [   10.759332] serio: i8042 AUX port at 0x60,0x64 irq 12
[STDERR  ] 2017-06-22T22:24:00.537783906Z: [   10.762281] hv_vmbus: registering driver hyperv_keyboard
[STDERR  ] 2017-06-22T22:24:00.537793153Z: [   10.765611] mousedev: PS/2 mouse device common for all mice
[STDERR  ] 2017-06-22T22:24:00.537795766Z: [   10.771065] input: AT Translated Set 2 keyboard as /devices/platform/i8042/serio0/input/input1
[STDERR  ] 2017-06-22T22:24:00.537807046Z: [   10.774539] input: PC Speaker as /devices/platform/pcspkr/input/input2
[STDERR  ] 2017-06-22T22:24:00.537812194Z: [   10.778362] rtc_cmos 00:00: RTC can wake from S4
[STDERR  ] 2017-06-22T22:24:00.537814991Z: [   10.782087] rtc_cmos 00:00: rtc core: registered rtc_cmos as rtc0
[STDERR  ] 2017-06-22T22:24:00.537822586Z: [   10.783570] rtc_cmos 00:00: alarms up to one day, y3k, 114 bytes nvram, hpet irqs
[STDERR  ] 2017-06-22T22:24:00.5378282Z: [   10.784682] i2c /dev entries driver
[STDERR  ] 2017-06-22T22:24:00.537834003Z: [   10.786807] device-mapper: ioctl: 4.35.0-ioctl (2016-06-23) initialised: dm-devel@redhat.com
[STDERR  ] 2017-06-22T22:24:00.537839206Z: [   10.792147] usbcore: registered new interface driver usbhid
[STDERR  ] 2017-06-22T22:24:00.53784447Z: [   10.792789] usbhid: USB HID core driver
[STDERR  ] 2017-06-22T22:24:00.537849498Z: [   10.793586] hv_utils: Registering HyperV Utility Driver
[STDERR  ] 2017-06-22T22:24:00.537852051Z: [   10.794074] hv_vmbus: registering driver hv_util
[STDERR  ] 2017-06-22T22:24:00.537856972Z: [   10.794513] hv_vmbus: registering driver hv_balloon
[STDERR  ] 2017-06-22T22:24:00.53786718Z: [   10.795214] oprofile: using NMI interrupt.
[STDERR  ] 2017-06-22T22:24:00.537869832Z: [   10.796544] GACT probability on
[STDERR  ] 2017-06-22T22:24:00.537875243Z: [   10.797176] Mirror/redirect action on
[STDERR  ] 2017-06-22T22:24:00.537884852Z: [   10.798155] Simple TC action Loaded
[STDERR  ] 2017-06-22T22:24:00.537892706Z: [   10.799130] u32 classifier
[STDERR  ] 2017-06-22T22:24:00.537901777Z: [   10.799425]     Performance counters on
[STDERR  ] 2017-06-22T22:24:00.537907013Z: [   10.799803]     input device check on
[STDERR  ] 2017-06-22T22:24:00.537912142Z: [   10.800480]     Actions configured
[STDERR  ] 2017-06-22T22:24:00.537917257Z: [   10.801289] Netfilter messages via NETLINK v0.30.
[STDERR  ] 2017-06-22T22:24:00.537922365Z: [   10.802085] nfnl_acct: registering with nfnetlink.
[STDERR  ] 2017-06-22T22:24:00.53792508Z: [   10.803877] nf_conntrack version 0.5.0 (8192 buckets, 32768 max)
[STDERR  ] 2017-06-22T22:24:00.537932469Z: [   10.807068] ctnetlink v0.93: registering with nfnetlink.
[STDERR  ] 2017-06-22T22:24:00.537937626Z: [   10.810721] nf_tables: (c) 2007-2009 Patrick McHardy <kaber@trash.net>
[STDERR  ] 2017-06-22T22:24:00.53794018Z: [   10.811842] nf_tables_compat: (c) 2012 Pablo Neira Ayuso <pablo@netfilter.org>
[STDERR  ] 2017-06-22T22:24:00.537947659Z: [   10.814569] xt_time: kernel timezone is -0000
[STDERR  ] 2017-06-22T22:24:00.537950465Z: [   10.815303] ip_set: protocol 6
[STDERR  ] 2017-06-22T22:24:00.537955823Z: [   10.816084] IPVS: Registered protocols (TCP, UDP, SCTP, AH, ESP)
[STDERR  ] 2017-06-22T22:24:00.537967722Z: [   10.816981] IPVS: Connection hash table configured (size=4096, memory=64Kbytes)
[STDERR  ] 2017-06-22T22:24:00.537972882Z: [   10.818904] IPVS: Creating netns size=2104 id=0
[STDERR  ] 2017-06-22T22:24:00.537975572Z: [   10.820324] IPVS: ipvs loaded.
[STDERR  ] 2017-06-22T22:24:00.53798081Z: [   10.820937] IPVS: [rr] scheduler registered.
[STDERR  ] 2017-06-22T22:24:00.537987983Z: [   10.821397] IPVS: [wrr] scheduler registered.
[STDERR  ] 2017-06-22T22:24:00.537992926Z: [   10.821802] IPVS: [lc] scheduler registered.
[STDERR  ] 2017-06-22T22:24:00.537997965Z: [   10.822226] IPVS: [wlc] scheduler registered.
[STDERR  ] 2017-06-22T22:24:00.538002887Z: [   10.822629] IPVS: [fo] scheduler registered.
[STDERR  ] 2017-06-22T22:24:00.538007957Z: [   10.823037] IPVS: [ovf] scheduler registered.
[STDERR  ] 2017-06-22T22:24:00.538012985Z: [   10.823706] IPVS: [lblc] scheduler registered.
[STDERR  ] 2017-06-22T22:24:00.538015729Z: [   10.824386] IPVS: [lblcr] scheduler registered.
[STDERR  ] 2017-06-22T22:24:00.53802329Z: [   10.824829] IPVS: [dh] scheduler registered.
[STDERR  ] 2017-06-22T22:24:00.538026063Z: [   10.825233] IPVS: [sh] scheduler registered.
[STDERR  ] 2017-06-22T22:24:00.538033622Z: [   10.825706] IPVS: [sed] scheduler registered.
[STDERR  ] 2017-06-22T22:24:00.538040369Z: [   10.826124] IPVS: [nq] scheduler registered.
[STDERR  ] 2017-06-22T22:24:00.538045462Z: [   10.826993] IPVS: ftp: loaded support on port[0] = 21
[STDERR  ] 2017-06-22T22:24:00.538053042Z: [   10.828211] ipip: IPv4 and MPLS over IPv4 tunneling driver
[STDERR  ] 2017-06-22T22:24:00.538055785Z: [   10.833322] gre: GRE over IPv4 demultiplexor driver
[STDERR  ] 2017-06-22T22:24:00.53806424Z: [   10.835645] ip_tables: (C) 2000-2006 Netfilter Core Team
[STDERR  ] 2017-06-22T22:24:00.5380693Z: [   10.838835] ipt_CLUSTERIP: ClusterIP Version 0.8 loaded successfully
[STDERR  ] 2017-06-22T22:24:00.538074397Z: [   10.839847] arp_tables: arp_tables: (C) 2002 David S. Miller
[STDERR  ] 2017-06-22T22:24:00.538079396Z: [   10.842690] NET: Registered protocol family 10
[STDERR  ] 2017-06-22T22:24:00.538081925Z: [   10.852515] ip6_tables: (C) 2000-2006 Netfilter Core Team
[STDERR  ] 2017-06-22T22:24:00.538089515Z: [   10.860508] NET: Registered protocol family 17
[STDERR  ] 2017-06-22T22:24:00.538094311Z: [   10.861973] Bridge firewalling registered
[STDERR  ] 2017-06-22T22:24:00.538106015Z: [   10.862689] Ebtables v2.0 registered
[STDERR  ] 2017-06-22T22:24:00.538109006Z: [   10.864281] 8021q: 802.1Q VLAN Support v1.8
[STDERR  ] 2017-06-22T22:24:00.538113875Z: [   10.865903] 9pnet: Installing 9P2000 support
[STDERR  ] 2017-06-22T22:24:00.538122838Z: [   10.867516] Key type dns_resolver registered
[STDERR  ] 2017-06-22T22:24:00.538127951Z: [   10.868628] microcode: AMD CPU family 0x6 not supported
[STDERR  ] 2017-06-22T22:24:00.538133105Z: [   10.872923] registered taskstats version 1
[STDERR  ] 2017-06-22T22:24:00.538138106Z: [   11.061614] ata3: SATA link up 1.5 Gbps (SStatus 113 SControl 300)
[STDERR  ] 2017-06-22T22:24:00.538143084Z: [   11.066059] ata3.00: ATAPI: QEMU DVD-ROM, 2.5+, max UDMA/100
[STDERR  ] 2017-06-22T22:24:00.538148162Z: [   11.066874] ata3.00: applying bridge limits
[STDERR  ] 2017-06-22T22:24:00.538153116Z: [   11.068435] ata2: SATA link down (SStatus 0 SControl 300)
[STDERR  ] 2017-06-22T22:24:00.538159952Z: [   11.070345] ata1: SATA link down (SStatus 0 SControl 300)
[STDERR  ] 2017-06-22T22:24:00.538165066Z: [   11.071304] ata4: SATA link down (SStatus 0 SControl 300)
[STDERR  ] 2017-06-22T22:24:00.538172216Z: [   11.072086] ata5: SATA link down (SStatus 0 SControl 300)
[STDERR  ] 2017-06-22T22:24:00.538174826Z: [   11.073697] ata6: SATA link down (SStatus 0 SControl 300)
[STDERR  ] 2017-06-22T22:24:00.538182079Z: [   11.081058] ata3.00: configured for UDMA/100
[STDERR  ] 2017-06-22T22:24:00.538186948Z: [   11.101817] scsi 2:0:0:0: CD-ROM            QEMU     QEMU DVD-ROM     2.5+ PQ: 0 ANSI: 5
[STDERR  ] 2017-06-22T22:24:00.538189455Z: [   11.109991] Key type big_key registered
[STDERR  ] 2017-06-22T22:24:00.538196958Z: [   11.123888] sr 2:0:0:0: [sr0] scsi3-mmc drive: 4x/4x cd/rw xa/form2 tray
[STDERR  ] 2017-06-22T22:24:00.538205694Z: [   11.124988] cdrom: Uniform CD-ROM driver Revision: 3.20
[STDERR  ] 2017-06-22T22:24:00.538210749Z: [   11.142451] sr 2:0:0:0: Attached scsi generic sg0 type 5
[STDERR  ] 2017-06-22T22:24:00.538215831Z: [   11.174519] Key type encrypted registered
[STDERR  ] 2017-06-22T22:24:00.538227498Z: [   11.179240] rtc_cmos 00:00: setting system clock to 2017-06-22 22:23:37 UTC (1498170217)
[STDERR  ] 2017-06-22T22:24:00.538233178Z: [   11.324309] Freeing unused kernel memory: 1372K (ffffffffb6d50000 - ffffffffb6ea7000)
[STDERR  ] 2017-06-22T22:24:00.538243552Z: [   11.325339] Write protecting the kernel read-only data: 12288k
[STDERR  ] 2017-06-22T22:24:00.538253358Z: [   11.331818] Freeing unused kernel memory: 156K (ffff9829077d9000 - ffff982907800000)
[STDERR  ] 2017-06-22T22:24:00.538271832Z: [   11.423549] Freeing unused kernel memory: 1404K (ffff982907aa1000 - ffff982907c00000)
[STDERR  ] 2017-06-22T22:24:00.538280204Z: [   11.440601] tsc: Refined TSC clocksource calibration: 2600.014 MHz
[STDERR  ] 2017-06-22T22:24:00.538283092Z: [   11.441561] clocksource: tsc: mask: 0xffffffffffffffff max_cycles: 0x257a493a0cc, max_idle_ns: 440795272657 ns
[STDERR  ] 2017-06-22T22:24:00.538295509Z: [   12.460731] clocksource: Switched to clocksource tsc
[STDERR  ] 2017-06-22T22:24:00.538298302Z: [   17.708974] e1000: Intel(R) PRO/1000 Network Driver - version 7.3.21-k8-NAPI
[STDERR  ] 2017-06-22T22:24:00.538305895Z: [   17.709754] e1000: Copyright (c) 1999-2006 Intel Corporation.
[STDERR  ] 2017-06-22T22:24:00.538311036Z: [   17.717884] ACPI: PCI Interrupt Link [GSIG] enabled at IRQ 22
[STDERR  ] 2017-06-22T22:24:00.538316279Z: [   18.096660] e1000 0000:00:02.0 eth0: (PCI:33MHz:32-bit) 52:54:00:12:34:56
[STDERR  ] 2017-06-22T22:24:00.538319095Z: [   18.097870] e1000 0000:00:02.0 eth0: Intel(R) PRO/1000 Network Connection
[STDERR  ] 2017-06-22T22:24:00.538323904Z: 
[STDERR  ] 2017-06-22T22:24:00.538332068Z: Starting containerd
[STDERR  ] 2017-06-22T22:24:00.538337165Z: 
[STDERR  ] 2017-06-22T22:24:00.538339998Z: Welcome to LinuxKit
[STDERR  ] 2017-06-22T22:24:00.538344875Z: 
[STDERR  ] 2017-06-22T22:24:00.538352481Z:                         ##         .
[STDERR  ] 2017-06-22T22:24:00.538357493Z:                   ## ## ##        ==
[STDERR  ] 2017-06-22T22:24:00.538365264Z:                ## ## ## ## ##    ===
[STDERR  ] 2017-06-22T22:24:00.53836925Z:            /"""""""""""""""""\___/ ===
[STDERR  ] 2017-06-22T22:24:00.538374347Z:       ~~~ {~~ ~~~~ ~~~ ~~~~ ~~~ ~ /  ===- ~~~
[STDERR  ] 2017-06-22T22:24:00.53838174Z:            \______ o           __/
[STDERR  ] 2017-06-22T22:24:00.53838752Z:              \    \         __/
[STDERR  ] 2017-06-22T22:24:00.538392561Z:               \____\_______/
[STDERR  ] 2017-06-22T22:24:00.538397725Z: 
[STDERR  ] 2017-06-22T22:24:00.538402775Z: [34mINFO[0m[0000] starting containerd boot...                   [34mmodule[0m=containerd
[STDERR  ] 2017-06-22T22:24:00.538408403Z: [34mINFO[0m[0000] starting debug API...                         [34mdebug[0m="/run/containerd/debug.sock" [34mmodule[0m=containerd
[STDERR  ] 2017-06-22T22:24:00.538411213Z: [34mINFO[0m[0000] loading plugin "io.containerd.content.v1.content"...  [34mmodule[0m=containerd [34mtype[0m=io.containerd.content.v1
[STDERR  ] 2017-06-22T22:24:00.538416571Z: [34mINFO[0m[0000] skipping plugin "io.containerd.snapshotter.v1.btrfs"...  [34mmodule[0m=containerd [34mtype[0m=io.containerd.snapshotter.v1
[STDERR  ] 2017-06-22T22:24:00.538428603Z: [34mINFO[0m[0000] loading plugin "io.containerd.snapshotter.v1.overlayfs"...  [34mmodule[0m=containerd [34mtype[0m=io.containerd.snapshotter.v1
[STDERR  ] 2017-06-22T22:24:00.538433864Z: [34mINFO[0m[0000] loading plugin "io.containerd.differ.v1.base-diff"...  [34mmodule[0m=containerd [34mtype[0m=io.containerd.differ.v1
[STDERR  ] 2017-06-22T22:24:00.538440815Z: [34mINFO[0m[0000] loading plugin "io.containerd.metadata.v1.bolt"...  [34mmodule[0m=containerd [34mtype[0m=io.containerd.metadata.v1
[STDERR  ] 2017-06-22T22:24:00.538446145Z: [34mINFO[0m[0000] loading plugin "io.containerd.grpc.v1.containers"...  [34mmodule[0m=containerd [34mtype[0m=io.containerd.grpc.v1
[STDERR  ] 2017-06-22T22:24:00.538451154Z: [34mINFO[0m[0000] loading plugin "io.containerd.grpc.v1.content"...  [34mmodule[0m=containerd [34mtype[0m=io.containerd.grpc.v1
[STDERR  ] 2017-06-22T22:24:00.538456571Z: [34mINFO[0m[0000] loading plugin "io.containerd.grpc.v1.diff"...  [34mmodule[0m=containerd [34mtype[0m=io.containerd.grpc.v1
[STDERR  ] 2017-06-22T22:24:00.538461967Z: [34mINFO[0m[0000] loading plugin "io.containerd.monitor.v1.cgroups"...  [34mmodule[0m=containerd [34mtype[0m=io.containerd.monitor.v1
[STDERR  ] 2017-06-22T22:24:00.538468774Z: [34mINFO[0m[0000] loading plugin "io.containerd.runtime.v1.linux"...  [34mmodule[0m=containerd [34mtype[0m=io.containerd.runtime.v1
[STDERR  ] 2017-06-22T22:24:00.538477741Z: [34mINFO[0m[0000] loading plugin "io.containerd.grpc.v1.tasks"...  [34mmodule[0m=containerd [34mtype[0m=io.containerd.grpc.v1
[STDERR  ] 2017-06-22T22:24:00.538483005Z: [34mINFO[0m[0000] loading plugin "io.containerd.grpc.v1.healthcheck"...  [34mmodule[0m=containerd [34mtype[0m=io.containerd.grpc.v1
[STDERR  ] 2017-06-22T22:24:00.538491663Z: [34mINFO[0m[0000] loading plugin "io.containerd.grpc.v1.images"...  [34mmodule[0m=containerd [34mtype[0m=io.containerd.grpc.v1
[STDERR  ] 2017-06-22T22:24:00.538497221Z: [34mINFO[0m[0000] loading plugin "io.containerd.grpc.v1.namespaces"...  [34mmodule[0m=containerd [34mtype[0m=io.containerd.grpc.v1
[STDERR  ] 2017-06-22T22:24:00.538502193Z: [34mINFO[0m[0000] loading plugin "io.containerd.grpc.v1.snapshots"...  [34mmodule[0m=containerd [34mtype[0m=io.containerd.grpc.v1
[STDERR  ] 2017-06-22T22:24:00.53850721Z: [34mINFO[0m[0000] loading plugin "io.containerd.grpc.v1.version"...  [34mmodule[0m=containerd [34mtype[0m=io.containerd.grpc.v1
[STDERR  ] 2017-06-22T22:24:00.538510128Z: [   19.108263] random: fast init done
[STDERR  ] 2017-06-22T22:24:00.538515037Z: [34mINFO[0m[0000] starting GRPC API server...                   [34mmodule[0m=containerd
[STDERR  ] 2017-06-22T22:24:00.538522771Z: [34mINFO[0m[0000] containerd successfully booted in 0.219890s   [34mmodule[0m=containerd
[STDERR  ] 2017-06-22T22:24:00.538530524Z: [   19.675856] IPVS: Creating netns size=2104 id=1
[STDERR  ] 2017-06-22T22:24:00.538533428Z: [   19.676772] IPVS: ftp: loaded support on port[0] = 21
[STDERR  ] 2017-06-22T22:24:00.538538468Z:  - 000-binfmt
[STDERR  ] 2017-06-22T22:24:00.538546248Z: binfmt test suite PASSED
[STDERR  ] 2017-06-22T22:24:00.538551218Z:  - 001-test
[STDERR  ] 2017-06-22T22:24:00.538556211Z: [   33.305707] ACPI: Preparing to enter system sleep state S5
[STDERR  ] 2017-06-22T22:24:00.538561235Z: [   33.307304] reboot: Power down
[STDERR  ] 2017-06-22T22:24:00.53857044Z: + echo [    0.000000] Linux version 4.9.33-linuxkit (root@b147ce67977e) (gcc version 6.3.0 (Alpine 6.3.0) ) #1 SMP Thu Jun 22 19:57:24 UTC 2017
[STDERR  ] 2017-06-22T22:24:00.53857565Z: [    0.000000] Command line: console=ttyS0 page_poison=1
[STDERR  ] 2017-06-22T22:24:00.538580753Z: [    0.000000] x86/fpu: Legacy x87 FPU detected.
[STDERR  ] 2017-06-22T22:24:00.538585876Z: [    0.000000] x86/fpu: Using 'eager' FPU context switches.
[STDERR  ] 2017-06-22T22:24:00.538590993Z: [    0.000000] e820: BIOS-provided physical RAM map:
[STDERR  ] 2017-06-22T22:24:00.538596004Z: [    0.000000] BIOS-e820: [mem 0x0000000000000000-0x000000000009fbff] usable
[STDERR  ] 2017-06-22T22:24:00.538602909Z: [    0.000000] BIOS-e820: [mem 0x000000000009fc00-0x000000000009ffff] reserved
[STDERR  ] 2017-06-22T22:24:00.538608047Z: [    0.000000] BIOS-e820: [mem 0x00000000000f0000-0x00000000000fffff] reserved
[STDERR  ] 2017-06-22T22:24:00.53861319Z: [    0.000000] BIOS-e820: [mem 0x0000000000100000-0x000000003ffdefff] usable
[STDERR  ] 2017-06-22T22:24:00.538618413Z: [    0.000000] BIOS-e820: [mem 0x000000003ffdf000-0x000000003fffffff] reserved
[STDERR  ] 2017-06-22T22:24:00.538623534Z: [    0.000000] BIOS-e820: [mem 0x00000000b0000000-0x00000000bfffffff] reserved
[STDERR  ] 2017-06-22T22:24:00.538628572Z: [    0.000000] BIOS-e820: [mem 0x00000000fed1c000-0x00000000fed1ffff] reserved
[STDERR  ] 2017-06-22T22:24:00.538633687Z: [    0.000000] BIOS-e820: [mem 0x00000000fffc0000-0x00000000ffffffff] reserved
[STDERR  ] 2017-06-22T22:24:00.53863869Z: [    0.000000] NX (Execute Disable) protection: active
[STDERR  ] 2017-06-22T22:24:00.53864417Z: [    0.000000] SMBIOS 2.8 present.
[STDERR  ] 2017-06-22T22:24:00.538649196Z: [    0.000000] e820: last_pfn = 0x3ffdf max_arch_pfn = 0x400000000
[STDERR  ] 2017-06-22T22:24:00.538654237Z: [    0.000000] x86/PAT: Configuration [0-7]: WB  WC  UC- UC  WB  WC  UC- WT  
[STDERR  ] 2017-06-22T22:24:00.538656807Z: [    0.000000] found SMP MP-table at [mem 0x000f6aa0-0x000f6aaf] mapped at [ffff9829000f6aa0]
[STDERR  ] 2017-06-22T22:24:00.538664024Z: [    0.000000] RAMDISK: [mem 0x3d466000-0x3ffcffff]
[STDERR  ] 2017-06-22T22:24:00.538666544Z: [    0.000000] ACPI: Early table checksum verification disabled
[STDERR  ] 2017-06-22T22:24:00.53867423Z: [    0.000000] ACPI: RSDP 0x00000000000F68C0 000014 (v00 BOCHS )
[STDERR  ] 2017-06-22T22:24:00.538682293Z: [    0.000000] ACPI: RSDT 0x000000003FFE2404 000034 (v01 BOCHS  BXPCRSDT 00000001 BXPC 00000001)
[STDERR  ] 2017-06-22T22:24:00.538687292Z: [    0.000000] ACPI: FACP 0x000000003FFE22A4 000074 (v01 BOCHS  BXPCFACP 00000001 BXPC 00000001)
[STDERR  ] 2017-06-22T22:24:00.538692227Z: [    0.000000] ACPI: DSDT 0x000000003FFE0040 002264 (v01 BOCHS  BXPCDSDT 00000001 BXPC 00000001)
[STDERR  ] 2017-06-22T22:24:00.5386971Z: [    0.000000] ACPI: FACS 0x000000003FFE0000 000040
[STDERR  ] 2017-06-22T22:24:00.538702059Z: [    0.000000] ACPI: APIC 0x000000003FFE2318 000078 (v01 BOCHS  BXPCAPIC 00000001 BXPC 00000001)
[STDERR  ] 2017-06-22T22:24:00.538711019Z: [    0.000000] ACPI: HPET 0x000000003FFE2390 000038 (v01 BOCHS  BXPCHPET 00000001 BXPC 00000001)
[STDERR  ] 2017-06-22T22:24:00.53871591Z: [    0.000000] ACPI: MCFG 0x000000003FFE23C8 00003C (v01 BOCHS  BXPCMCFG 00000001 BXPC 00000001)
[STDERR  ] 2017-06-22T22:24:00.538718607Z: [    0.000000] Zone ranges:
[STDERR  ] 2017-06-22T22:24:00.538725909Z: [    0.000000]   DMA      [mem 0x0000000000001000-0x0000000000ffffff]
[STDERR  ] 2017-06-22T22:24:00.538728466Z: [    0.000000]   DMA32    [mem 0x0000000001000000-0x000000003ffdefff]
[STDERR  ] 2017-06-22T22:24:00.538740662Z: [    0.000000]   Normal   empty
[STDERR  ] 2017-06-22T22:24:00.538750182Z: [    0.000000] Movable zone start for each node
[STDERR  ] 2017-06-22T22:24:00.538755649Z: [    0.000000] Early memory node ranges
[STDERR  ] 2017-06-22T22:24:00.538763987Z: [    0.000000]   node   0: [mem 0x0000000000001000-0x000000000009efff]
[STDERR  ] 2017-06-22T22:24:00.538769174Z: [    0.000000]   node   0: [mem 0x0000000000100000-0x000000003ffdefff]
[STDERR  ] 2017-06-22T22:24:00.53877326Z: [    0.000000] Initmem setup node 0 [mem 0x0000000000001000-0x000000003ffdefff]
[STDERR  ] 2017-06-22T22:24:00.538778396Z: [    0.000000] ACPI: PM-Timer IO Port: 0x608
[STDERR  ] 2017-06-22T22:24:00.53879008Z: [    0.000000] ACPI: LAPIC_NMI (acpi_id[0xff] dfl dfl lint[0x1])
[STDERR  ] 2017-06-22T22:24:00.538792893Z: [    0.000000] IOAPIC[0]: apic_id 0, version 32, address 0xfec00000, GSI 0-23
[STDERR  ] 2017-06-22T22:24:00.53879789Z: [    0.000000] ACPI: INT_SRC_OVR (bus 0 bus_irq 0 global_irq 2 dfl dfl)
[STDERR  ] 2017-06-22T22:24:00.538805377Z: [    0.000000] ACPI: INT_SRC_OVR (bus 0 bus_irq 5 global_irq 5 high level)
[STDERR  ] 2017-06-22T22:24:00.538807974Z: [    0.000000] ACPI: INT_SRC_OVR (bus 0 bus_irq 9 global_irq 9 high level)
[STDERR  ] 2017-06-22T22:24:00.538815563Z: [    0.000000] ACPI: INT_SRC_OVR (bus 0 bus_irq 10 global_irq 10 high level)
[STDERR  ] 2017-06-22T22:24:00.538818232Z: [    0.000000] ACPI: INT_SRC_OVR (bus 0 bus_irq 11 global_irq 11 high level)
[STDERR  ] 2017-06-22T22:24:00.538825775Z: [    0.000000] Using ACPI (MADT) for SMP configuration information
[STDERR  ] 2017-06-22T22:24:00.538830676Z: [    0.000000] ACPI: HPET id: 0x8086a201 base: 0xfed00000
[STDERR  ] 2017-06-22T22:24:00.538835672Z: [    0.000000] smpboot: Allowing 1 CPUs, 0 hotplug CPUs
[STDERR  ] 2017-06-22T22:24:00.538840702Z: [    0.000000] e820: [mem 0x40000000-0xafffffff] available for PCI devices
[STDERR  ] 2017-06-22T22:24:00.538845972Z: [    0.000000] Booting paravirtualized kernel on bare hardware
[STDERR  ] 2017-06-22T22:24:00.538855233Z: [    0.000000] clocksource: refined-jiffies: mask: 0xffffffff max_cycles: 0xffffffff, max_idle_ns: 19112604462750000 ns
[STDERR  ] 2017-06-22T22:24:00.538860419Z: [    0.000000] setup_percpu: NR_CPUS:128 nr_cpumask_bits:128 nr_cpu_ids:1 nr_node_ids:1
[STDERR  ] 2017-06-22T22:24:00.538869109Z: [    0.000000] percpu: Embedded 35 pages/cpu @ffff98293d200000 s105112 r8192 d30056 u2097152
[STDERR  ] 2017-06-22T22:24:00.538874169Z: [    0.000000] Built 1 zonelists in Zone order, mobility grouping on.  Total pages: 257896
[STDERR  ] 2017-06-22T22:24:00.538879246Z: [    0.000000] Kernel command line: console=ttyS0 page_poison=1
[STDERR  ] 2017-06-22T22:24:00.538884196Z: [    0.000000] PID hash table entries: 4096 (order: 3, 32768 bytes)
[STDERR  ] 2017-06-22T22:24:00.538889628Z: [    0.000000] Dentry cache hash table entries: 131072 (order: 8, 1048576 bytes)
[STDERR  ] 2017-06-22T22:24:00.538895293Z: [    0.000000] Inode-cache hash table entries: 65536 (order: 7, 524288 bytes)
[STDERR  ] 2017-06-22T22:24:00.538903676Z: [    0.000000] Memory: 969756K/1048052K available (8023K kernel code, 1336K rwdata, 2692K rodata, 1372K init, 564K bss, 78296K reserved, 0K cma-reserved)
[STDERR  ] 2017-06-22T22:24:00.538908705Z: [    0.000000] Hierarchical RCU implementation.
[STDERR  ] 2017-06-22T22:24:00.538913666Z: [    0.000000] 	Build-time adjustment of leaf fanout to 64.
[STDERR  ] 2017-06-22T22:24:00.538916278Z: [    0.000000] 	RCU restricting CPUs from NR_CPUS=128 to nr_cpu_ids=1.
[STDERR  ] 2017-06-22T22:24:00.538923691Z: [    0.000000] RCU: Adjusting geometry for rcu_fanout_leaf=64, nr_cpu_ids=1
[STDERR  ] 2017-06-22T22:24:00.538926368Z: [    0.000000] NR_IRQS:8448 nr_irqs:256 16
[STDERR  ] 2017-06-22T22:24:00.538931421Z: [    0.000000] Console: colour VGA+ 80x25
[STDERR  ] 2017-06-22T22:24:00.538939049Z: [    0.000000] console [ttyS0] enabled
[STDERR  ] 2017-06-22T22:24:00.538944011Z: [    0.000000] allocated 2097152 bytes of page_ext
[STDERR  ] 2017-06-22T22:24:00.538946593Z: [    0.000000] clocksource: hpet: mask: 0xffffffff max_cycles: 0xffffffff, max_idle_ns: 19112604467 ns
[STDERR  ] 2017-06-22T22:24:00.538959355Z: [    0.000000] tsc: Fast TSC calibration failed
[STDERR  ] 2017-06-22T22:24:00.538968362Z: [    0.000000] tsc: Unable to calibrate against PIT
[STDERR  ] 2017-06-22T22:24:00.538973366Z: [    0.000000] tsc: using HPET reference calibration
[STDERR  ] 2017-06-22T22:24:00.538978402Z: [    0.000000] tsc: Detected 2600.065 MHz processor
[STDERR  ] 2017-06-22T22:24:00.538983441Z: [    0.050472] Calibrating delay loop (skipped), value calculated using timer frequency.. 5200.13 BogoMIPS (lpj=26000650)
[STDERR  ] 2017-06-22T22:24:00.538989719Z: [    0.051799] pid_max: default: 32768 minimum: 301
[STDERR  ] 2017-06-22T22:24:00.538994863Z: [    0.060484] ACPI: Core revision 20160831
[STDERR  ] 2017-06-22T22:24:00.539000322Z: [    0.102342] ACPI: 1 ACPI AML tables successfully acquired and loaded
[STDERR  ] 2017-06-22T22:24:00.539005279Z: [    0.106043] Security Framework initialized
[STDERR  ] 2017-06-22T22:24:00.539010389Z: [    0.106550] Yama: becoming mindful.
[STDERR  ] 2017-06-22T22:24:00.539015393Z: [    0.108629] Mount-cache hash table entries: 2048 (order: 2, 16384 bytes)
[STDERR  ] 2017-06-22T22:24:00.539024831Z: [    0.109366] Mountpoint-cache hash table entries: 2048 (order: 2, 16384 bytes)
[STDERR  ] 2017-06-22T22:24:00.539027393Z: [    0.128040] Last level iTLB entries: 4KB 0, 2MB 0, 4MB 0
[STDERR  ] 2017-06-22T22:24:00.539034963Z: [    0.128705] Last level dTLB entries: 4KB 0, 2MB 0, 4MB 0, 1GB 0
[STDERR  ] 2017-06-22T22:24:00.539037398Z: [    0.422854] Freeing SMP alternatives memory: 20K (ffffffffb6ea7000 - ffffffffb6eac000)
[STDERR  ] 2017-06-22T22:24:00.539045095Z: [    0.432074] ftrace: allocating 35395 entries in 139 pages
[STDERR  ] 2017-06-22T22:24:00.539050132Z: [    0.587150] smpboot: Max logical packages: 1
[STDERR  ] 2017-06-22T22:24:00.539055107Z: [    0.593340] ..TIMER: vector=0x30 apic1=0 pin1=2 apic2=-1 pin2=-1
[STDERR  ] 2017-06-22T22:24:00.539057668Z: [    0.700000] smpboot: CPU0: AMD QEMU Virtual CPU version 2.5+ (family: 0x6, model: 0x6, stepping: 0x3)
[STDERR  ] 2017-06-22T22:24:00.539065722Z: [    0.700000] Performance Events: PMU not available due to virtualization, using software events only.
[STDERR  ] 2017-06-22T22:24:00.539070771Z: [    0.708416] NMI watchdog: disabled (cpu0): hardware events not enabled
[STDERR  ] 2017-06-22T22:24:00.539073298Z: [    0.709151] NMI watchdog: Shutting down hard lockup detector on all cpus
[STDERR  ] 2017-06-22T22:24:00.539080901Z: [    0.712137] x86: Booted up 1 node, 1 CPUs
[STDERR  ] 2017-06-22T22:24:00.53908588Z: [    0.712635] smpboot: Total of 1 processors activated (5200.13 BogoMIPS)
[STDERR  ] 2017-06-22T22:24:00.539091105Z: [    0.727145] devtmpfs: initialized
[STDERR  ] 2017-06-22T22:24:00.539098507Z: [    0.732853] x86/mm: Memory block size: 128MB
[STDERR  ] 2017-06-22T22:24:00.539108077Z: [    0.796581] clocksource: jiffies: mask: 0xffffffff max_cycles: 0xffffffff, max_idle_ns: 19112604462750000 ns
[STDERR  ] 2017-06-22T22:24:00.539113047Z: [    0.797975] futex hash table entries: 256 (order: 2, 16384 bytes)
[STDERR  ] 2017-06-22T22:24:00.539118051Z: [    0.807303] NET: Registered protocol family 16
[STDERR  ] 2017-06-22T22:24:00.539120651Z: [    0.817142] cpuidle: using governor ladder
[STDERR  ] 2017-06-22T22:24:00.539133267Z: [    0.817936] cpuidle: using governor menu
[STDERR  ] 2017-06-22T22:24:00.539135761Z: [    0.819297] ACPI: bus type PCI registered
[STDERR  ] 2017-06-22T22:24:00.539143805Z: [    0.822475] PCI: MMCONFIG for domain 0000 [bus 00-ff] at [mem 0xb0000000-0xbfffffff] (base 0xb0000000)
[STDERR  ] 2017-06-22T22:24:00.539149128Z: [    0.823640] PCI: MMCONFIG at [mem 0xb0000000-0xbfffffff] reserved in E820
[STDERR  ] 2017-06-22T22:24:00.539154164Z: [    0.825227] PCI: Using configuration type 1 for base access
[STDERR  ] 2017-06-22T22:24:00.539163415Z: [    0.882674] HugeTLB registered 2 MB page size, pre-allocated 0 pages
[STDERR  ] 2017-06-22T22:24:00.539171581Z: [    0.896179] ACPI: Added _OSI(Module Device)
[STDERR  ] 2017-06-22T22:24:00.539174541Z: [    0.896700] ACPI: Added _OSI(Processor Device)
[STDERR  ] 2017-06-22T22:24:00.539179582Z: [    0.897109] ACPI: Added _OSI(3.0 _SCP Extensions)
[STDERR  ] 2017-06-22T22:24:00.539187334Z: [    0.897554] ACPI: Added _OSI(Processor Aggregator Device)
[STDERR  ] 2017-06-22T22:24:00.539189965Z: [    0.971167] ACPI: Interpreter enabled
[STDERR  ] 2017-06-22T22:24:00.539197531Z: [    0.972320] ACPI: (supports S0 S5)
[STDERR  ] 2017-06-22T22:24:00.539199944Z: [    0.972838] ACPI: Using IOAPIC for interrupt routing
[STDERR  ] 2017-06-22T22:24:00.539207747Z: [    0.974974] PCI: Using host bridge windows from ACPI; if necessary, use "pci=nocrs" and report a bug
[STDERR  ] 2017-06-22T22:24:00.539213157Z: [    1.040596] ACPI: PCI Root Bridge [PCI0] (domain 0000 [bus 00-ff])
[STDERR  ] 2017-06-22T22:24:00.539218195Z: [    1.041963] acpi PNP0A08:00: _OSC: OS supports [ExtendedConfig ASPM ClockPM Segments MSI]
[STDERR  ] 2017-06-22T22:24:00.539225577Z: [    1.047656] acpi PNP0A08:00: _OSC: OS now controls [PCIeHotplug PME PCIeCapability]
[STDERR  ] 2017-06-22T22:24:00.539230682Z: [    1.051945] PCI host bridge to bus 0000:00
[STDERR  ] 2017-06-22T22:24:00.539238354Z: [    1.052675] pci_bus 0000:00: root bus resource [io  0x0000-0x0cf7 window]
[STDERR  ] 2017-06-22T22:24:00.539243478Z: [    1.053337] pci_bus 0000:00: root bus resource [io  0x0d00-0xffff window]
[STDERR  ] 2017-06-22T22:24:00.539246064Z: [    1.054491] pci_bus 0000:00: root bus resource [mem 0x000a0000-0x000bffff window]
[STDERR  ] 2017-06-22T22:24:00.539250907Z: [    1.056070] pci_bus 0000:00: root bus resource [mem 0xc0000000-0xfebfffff window]
[STDERR  ] 2017-06-22T22:24:00.539258375Z: [    1.057143] pci_bus 0000:00: root bus resource [bus 00-ff]
[STDERR  ] 2017-06-22T22:24:00.539267048Z: [    1.150301] pci 0000:00:1f.0: quirk: [io  0x0600-0x067f] claimed by ICH6 ACPI/GPIO/TCO
[STDERR  ] 2017-06-22T22:24:00.539272207Z: [    1.208282] ACPI: PCI Interrupt Link [LNKA] (IRQs 5 *10 11)
[STDERR  ] 2017-06-22T22:24:00.53927747Z: [    1.211509] ACPI: PCI Interrupt Link [LNKB] (IRQs 5 *10 11)
[STDERR  ] 2017-06-22T22:24:00.539280177Z: [    1.213522] ACPI: PCI Interrupt Link [LNKC] (IRQs 5 10 *11)
[STDERR  ] 2017-06-22T22:24:00.539285145Z: [    1.215500] ACPI: PCI Interrupt Link [LNKD] (IRQs 5 10 *11)
[STDERR  ] 2017-06-22T22:24:00.539292517Z: [    1.217440] ACPI: PCI Interrupt Link [LNKE] (IRQs 5 *10 11)
[STDERR  ] 2017-06-22T22:24:00.539297477Z: [    1.219515] ACPI: PCI Interrupt Link [LNKF] (IRQs 5 *10 11)
[STDERR  ] 2017-06-22T22:24:00.539302524Z: [    1.221774] ACPI: PCI Interrupt Link [LNKG] (IRQs 5 10 *11)
[STDERR  ] 2017-06-22T22:24:00.539305159Z: [    1.223741] ACPI: PCI Interrupt Link [LNKH] (IRQs 5 10 *11)
[STDERR  ] 2017-06-22T22:24:00.539312619Z: [    1.224847] ACPI: PCI Interrupt Link [GSIA] (IRQs *16)
[STDERR  ] 2017-06-22T22:24:00.539318969Z: [    1.225722] ACPI: PCI Interrupt Link [GSIB] (IRQs *17)
[STDERR  ] 2017-06-22T22:24:00.539328133Z: [    1.226601] ACPI: PCI Interrupt Link [GSIC] (IRQs *18)
[STDERR  ] 2017-06-22T22:24:00.53933328Z: [    1.227466] ACPI: PCI Interrupt Link [GSID] (IRQs *19)
[STDERR  ] 2017-06-22T22:24:00.539338356Z: [    1.228364] ACPI: PCI Interrupt Link [GSIE] (IRQs *20)
[STDERR  ] 2017-06-22T22:24:00.539343431Z: [    1.229261] ACPI: PCI Interrupt Link [GSIF] (IRQs *21)
[STDERR  ] 2017-06-22T22:24:00.53934869Z: [    1.230632] ACPI: PCI Interrupt Link [GSIG] (IRQs *22)
[STDERR  ] 2017-06-22T22:24:00.53935368Z: [    1.231502] ACPI: PCI Interrupt Link [GSIH] (IRQs *23)
[STDERR  ] 2017-06-22T22:24:00.539358851Z: [    1.235607] ACPI: Enabled 2 GPEs in block 00 to 3F
[STDERR  ] 2017-06-22T22:24:00.539363964Z: [    1.240623] SCSI subsystem initialized
[STDERR  ] 2017-06-22T22:24:00.539369066Z: [    1.242824] ACPI: bus type USB registered
[STDERR  ] 2017-06-22T22:24:00.539374297Z: [    1.244155] usbcore: registered new interface driver usbfs
[STDERR  ] 2017-06-22T22:24:00.539379429Z: [    1.245313] usbcore: registered new interface driver hub
[STDERR  ] 2017-06-22T22:24:00.539385914Z: [    1.246362] usbcore: registered new device driver usb
[STDERR  ] 2017-06-22T22:24:00.539393716Z: [    1.247793] pps_core: LinuxPPS API ver. 1 registered
[STDERR  ] 2017-06-22T22:24:00.539404923Z: [    1.248306] pps_core: Software ver. 5.3.6 - Copyright 2005-2007 Rodolfo Giometti <giometti@linux.it>
[STDERR  ] 2017-06-22T22:24:00.539410047Z: [    1.249383] PTP clock support registered
[STDERR  ] 2017-06-22T22:24:00.539415163Z: [    1.250914] wmi: Mapper loaded
[STDERR  ] 2017-06-22T22:24:00.539420141Z: [    1.252294] PCI: Using ACPI for IRQ routing
[STDERR  ] 2017-06-22T22:24:00.5394252Z: [    1.271443] NetLabel: Initializing
[STDERR  ] 2017-06-22T22:24:00.539430374Z: [    1.271908] NetLabel:  domain hash size = 128
[STDERR  ] 2017-06-22T22:24:00.539435403Z: [    1.272342] NetLabel:  protocols = UNLABELED CIPSOv4
[STDERR  ] 2017-06-22T22:24:00.539440403Z: [    1.274421] NetLabel:  unlabeled traffic allowed by default
[STDERR  ] 2017-06-22T22:24:00.539445447Z: [    1.275609] HPET: 3 timers in total, 0 timers will be used for per-cpu timer
[STDERR  ] 2017-06-22T22:24:00.539454071Z: [    1.276632] hpet0: at MMIO 0xfed00000, IRQs 2, 8, 0
[STDERR  ] 2017-06-22T22:24:00.53946017Z: [    1.277289] hpet0: 3 comparators, 64-bit 100.000000 MHz counter
[STDERR  ] 2017-06-22T22:24:00.539465257Z: [    1.282682] clocksource: Switched to clocksource hpet
[STDERR  ] 2017-06-22T22:24:00.539470367Z: [    1.588361] VFS: Disk quotas dquot_6.6.0
[STDERR  ] 2017-06-22T22:24:00.539477144Z: [    1.589533] VFS: Dquot-cache hash table entries: 512 (order 0, 4096 bytes)
[STDERR  ] 2017-06-22T22:24:00.539482617Z: [    1.592830] FS-Cache: Loaded
[STDERR  ] 2017-06-22T22:24:00.539490064Z: [    1.598079] CacheFiles: Loaded
[STDERR  ] 2017-06-22T22:24:00.539495437Z: [    1.600297] pnp: PnP ACPI init
[STDERR  ] 2017-06-22T22:24:00.539500686Z: [    1.612218] pnp: PnP ACPI: found 5 devices
[STDERR  ] 2017-06-22T22:24:00.53950593Z: [    1.666094] clocksource: acpi_pm: mask: 0xffffff max_cycles: 0xffffff, max_idle_ns: 2085701024 ns
[STDERR  ] 2017-06-22T22:24:00.539511096Z: [    1.670791] NET: Registered protocol family 2
[STDERR  ] 2017-06-22T22:24:00.539513716Z: [    1.678683] TCP established hash table entries: 8192 (order: 4, 65536 bytes)
[STDERR  ] 2017-06-22T22:24:00.539518736Z: [    1.679903] TCP bind hash table entries: 8192 (order: 5, 131072 bytes)
[STDERR  ] 2017-06-22T22:24:00.539526381Z: [    1.681161] TCP: Hash tables configured (established 8192 bind 8192)
[STDERR  ] 2017-06-22T22:24:00.539535156Z: [    1.683355] UDP hash table entries: 512 (order: 2, 16384 bytes)
[STDERR  ] 2017-06-22T22:24:00.539537779Z: [    1.684259] UDP-Lite hash table entries: 512 (order: 2, 16384 bytes)
[STDERR  ] 2017-06-22T22:24:00.539545268Z: [    1.686890] NET: Registered protocol family 1
[STDERR  ] 2017-06-22T22:24:00.539550298Z: [    1.688058] pci 0000:00:01.0: Video device with shadowed ROM at [mem 0x000c0000-0x000dffff]
[STDERR  ] 2017-06-22T22:24:00.53955589Z: [    1.695965] Unpacking initramfs...
[STDERR  ] 2017-06-22T22:24:00.539564039Z: [   10.389657] Freeing initrd memory: 44456K (ffff98293d466000 - ffff98293ffd0000)
[STDERR  ] 2017-06-22T22:24:00.53956677Z: [   10.413030] PCLMULQDQ-NI instructions are not detected.
[STDERR  ] 2017-06-22T22:24:00.539571802Z: [   10.414515] AVX or AES-NI instructions are not detected.
[STDERR  ] 2017-06-22T22:24:00.539579339Z: [   10.415144] CPU feature 'AVX registers' is not supported.
[STDERR  ] 2017-06-22T22:24:00.539584336Z: [   10.415714] CPU feature 'AVX registers' is not supported.
[STDERR  ] 2017-06-22T22:24:00.539589562Z: [   10.416327] CPU feature 'AVX registers' is not supported.
[STDERR  ] 2017-06-22T22:24:00.539594548Z: [   10.416869] CPU feature 'AVX registers' is not supported.
[STDERR  ] 2017-06-22T22:24:00.539599592Z: [   10.417401] AVX2 or AES-NI instructions are not detected.
[STDERR  ] 2017-06-22T22:24:00.539604723Z: [   10.417930] AVX2 instructions are not detected.
[STDERR  ] 2017-06-22T22:24:00.539613485Z: [   10.424791] audit: initializing netlink subsys (disabled)
[STDERR  ] 2017-06-22T22:24:00.53962154Z: [   10.426657] audit: type=2000 audit(1498170216.420:1): initialized
[STDERR  ] 2017-06-22T22:24:00.539626979Z: [   10.434887] workingset: timestamp_bits=46 max_order=18 bucket_order=0
[STDERR  ] 2017-06-22T22:24:00.539629509Z: [   10.443950] FS-Cache: Netfs 'cifs' registered for caching
[STDERR  ] 2017-06-22T22:24:00.539638292Z: [   10.445269] fuse init (API version 7.26)
[STDERR  ] 2017-06-22T22:24:00.53964581Z: [   10.447715] SGI XFS with ACLs, security attributes, no debug enabled
[STDERR  ] 2017-06-22T22:24:00.539650719Z: [   10.451910] 9p: Installing v9fs 9p2000 file system support
[STDERR  ] 2017-06-22T22:24:00.539655789Z: [   10.452634] FS-Cache: Netfs '9p' registered for caching
[STDERR  ] 2017-06-22T22:24:00.539660712Z: [   10.484044] NET: Registered protocol family 38
[STDERR  ] 2017-06-22T22:24:00.539665748Z: [   10.484976] Key type asymmetric registered
[STDERR  ] 2017-06-22T22:24:00.539670806Z: [   10.485438] Asymmetric key parser 'x509' registered
[STDERR  ] 2017-06-22T22:24:00.539675823Z: [   10.486492] Block layer SCSI generic (bsg) driver version 0.4 loaded (major 251)
[STDERR  ] 2017-06-22T22:24:00.539678416Z: [   10.488053] io scheduler noop registered
[STDERR  ] 2017-06-22T22:24:00.539686702Z: [   10.488536] io scheduler deadline registered (default)
[STDERR  ] 2017-06-22T22:24:00.539691463Z: [   10.489402] io scheduler cfq registered
[STDERR  ] 2017-06-22T22:24:00.539693992Z: [   10.493364] pci_hotplug: PCI Hot Plug PCI Core version: 0.5
[STDERR  ] 2017-06-22T22:24:00.5397013Z: [   10.494219] pciehp: PCI Express Hot Plug Controller Driver version: 0.4
[STDERR  ] 2017-06-22T22:24:00.539706173Z: [   10.495287] shpchp: Standard Hot Plug PCI Controller Driver version: 0.4
[STDERR  ] 2017-06-22T22:24:00.539711105Z: [   10.496370] hv_vmbus: registering driver hyperv_fb
[STDERR  ] 2017-06-22T22:24:00.53971366Z: [   10.499725] input: Power Button as /devices/LNXSYSTM:00/LNXPWRBN:00/input/input0
[STDERR  ] 2017-06-22T22:24:00.539720858Z: [   10.502501] ACPI: Power Button [PWRF]
[STDERR  ] 2017-06-22T22:24:00.53972578Z: [   10.507656] GHES: HEST is not enabled!
[STDERR  ] 2017-06-22T22:24:00.539728199Z: [   10.518564] ACPI: PCI Interrupt Link [GSIH] enabled at IRQ 23
[STDERR  ] 2017-06-22T22:24:00.539739965Z: [   10.525605] xenfs: not registering filesystem on non-xen platform
[STDERR  ] 2017-06-22T22:24:00.539742592Z: [   10.528115] Serial: 8250/16550 driver, 4 ports, IRQ sharing disabled
[STDERR  ] 2017-06-22T22:24:00.539749723Z: [   10.555067] 00:04: ttyS0 at I/O 0x3f8 (irq = 4, base_baud = 115200) is a 16550A
[STDERR  ] 2017-06-22T22:24:00.539754478Z: [   10.566417] Non-volatile memory driver v1.3
[STDERR  ] 2017-06-22T22:24:00.53975947Z: [   10.573597] Hangcheck: starting hangcheck timer 0.9.1 (tick is 180 seconds, margin is 60 seconds).
[STDERR  ] 2017-06-22T22:24:00.539762123Z: [   10.612431] loop: module loaded
[STDERR  ] 2017-06-22T22:24:00.539772592Z: [   10.627575] nbd: registered device at major 43
[STDERR  ] 2017-06-22T22:24:00.539777634Z: [   10.669935] lpc_ich 0000:00:1f.0: I/O space for GPIO uninitialized
[STDERR  ] 2017-06-22T22:24:00.539782457Z: [   10.672455] VMware PVSCSI driver - version 1.0.7.0-k
[STDERR  ] 2017-06-22T22:24:00.539787331Z: [   10.673425] hv_vmbus: registering driver hv_storvsc
[STDERR  ] 2017-06-22T22:24:00.539792151Z: [   10.684019] ACPI: PCI Interrupt Link [GSIA] enabled at IRQ 16
[STDERR  ] 2017-06-22T22:24:00.539797028Z: [   10.690942] ahci 0000:00:1f.2: AHCI 0001.0000 32 slots 6 ports 1.5 Gbps 0x3f impl SATA mode
[STDERR  ] 2017-06-22T22:24:00.539801992Z: [   10.691996] ahci 0000:00:1f.2: flags: 64bit ncq only 
[STDERR  ] 2017-06-22T22:24:00.539807124Z: [   10.712817] scsi host0: ahci
[STDERR  ] 2017-06-22T22:24:00.539812097Z: [   10.716824] scsi host1: ahci
[STDERR  ] 2017-06-22T22:24:00.539816922Z: [   10.719151] scsi host2: ahci
[STDERR  ] 2017-06-22T22:24:00.539821682Z: [   10.721786] scsi host3: ahci
[STDERR  ] 2017-06-22T22:24:00.539826414Z: [   10.724210] scsi host4: ahci
[STDERR  ] 2017-06-22T22:24:00.539830514Z: [   10.726516] scsi host5: ahci
[STDERR  ] 2017-06-22T22:24:00.539840771Z: [   10.728636] ata1: SATA max UDMA/133 abar m4096@0xfebf1000 port 0xfebf1100 irq 24
[STDERR  ] 2017-06-22T22:24:00.539847569Z: [   10.729527] ata2: SATA max UDMA/133 abar m4096@0xfebf1000 port 0xfebf1180 irq 24
[STDERR  ] 2017-06-22T22:24:00.539850047Z: [   10.730595] ata3: SATA max UDMA/133 abar m4096@0xfebf1000 port 0xfebf1200 irq 24
[STDERR  ] 2017-06-22T22:24:00.539857908Z: [   10.731271] ata4: SATA max UDMA/133 abar m4096@0xfebf1000 port 0xfebf1280 irq 24
[STDERR  ] 2017-06-22T22:24:00.539862862Z: [   10.732023] ata5: SATA max UDMA/133 abar m4096@0xfebf1000 port 0xfebf1300 irq 24
[STDERR  ] 2017-06-22T22:24:00.539872287Z: [   10.732748] ata6: SATA max UDMA/133 abar m4096@0xfebf1000 port 0xfebf1380 irq 24
[STDERR  ] 2017-06-22T22:24:00.539877394Z: [   10.745971] tun: Universal TUN/TAP device driver, 1.6
[STDERR  ] 2017-06-22T22:24:00.539882392Z: [   10.746652] tun: (C) 1999-2004 Max Krasnyansky <maxk@qualcomm.com>
[STDERR  ] 2017-06-22T22:24:00.539887348Z: [   10.748806] VMware vmxnet3 virtual NIC driver - version 1.4.a.0-k-NAPI
[STDERR  ] 2017-06-22T22:24:00.539893359Z: [   10.749894] hv_vmbus: registering driver hv_netvsc
[STDERR  ] 2017-06-22T22:24:00.539895937Z: [   10.750635] Fusion MPT base driver 3.04.20
[STDERR  ] 2017-06-22T22:24:00.539903452Z: [   10.751027] Copyright (c) 1999-2008 LSI Corporation
[STDERR  ] 2017-06-22T22:24:00.539906001Z: [   10.751881] Fusion MPT SPI Host driver 3.04.20
[STDERR  ] 2017-06-22T22:24:00.539913744Z: [   10.754138] i8042: PNP: PS/2 Controller [PNP0303:KBD,PNP0f13:MOU] at 0x60,0x64 irq 1,12
[STDERR  ] 2017-06-22T22:24:00.539916442Z: [   10.758454] serio: i8042 KBD port at 0x60,0x64 irq 1
[STDERR  ] 2017-06-22T22:24:00.539923989Z: [   10.759332] serio: i8042 AUX port at 0x60,0x64 irq 12
[STDERR  ] 2017-06-22T22:24:00.539926471Z: [   10.762281] hv_vmbus: registering driver hyperv_keyboard
[STDERR  ] 2017-06-22T22:24:00.539937452Z: [   10.765611] mousedev: PS/2 mouse device common for all mice
[STDERR  ] 2017-06-22T22:24:00.539940024Z: [   10.771065] input: AT Translated Set 2 keyboard as /devices/platform/i8042/serio0/input/input1
[STDERR  ] 2017-06-22T22:24:00.539948557Z: [   10.774539] input: PC Speaker as /devices/platform/pcspkr/input/input2
[STDERR  ] 2017-06-22T22:24:00.539956258Z: [   10.778362] rtc_cmos 00:00: RTC can wake from S4
[STDERR  ] 2017-06-22T22:24:00.539961079Z: [   10.782087] rtc_cmos 00:00: rtc core: registered rtc_cmos as rtc0
[STDERR  ] 2017-06-22T22:24:00.539965962Z: [   10.783570] rtc_cmos 00:00: alarms up to one day, y3k, 114 bytes nvram, hpet irqs
[STDERR  ] 2017-06-22T22:24:00.539970774Z: [   10.784682] i2c /dev entries driver
[STDERR  ] 2017-06-22T22:24:00.539975591Z: [   10.786807] device-mapper: ioctl: 4.35.0-ioctl (2016-06-23) initialised: dm-devel@redhat.com
[STDERR  ] 2017-06-22T22:24:00.539980498Z: [   10.792147] usbcore: registered new interface driver usbhid
[STDERR  ] 2017-06-22T22:24:00.539988577Z: [   10.792789] usbhid: USB HID core driver
[STDERR  ] 2017-06-22T22:24:00.539993461Z: [   10.793586] hv_utils: Registering HyperV Utility Driver
[STDERR  ] 2017-06-22T22:24:00.539998311Z: [   10.794074] hv_vmbus: registering driver hv_util
[STDERR  ] 2017-06-22T22:24:00.540001004Z: [   10.794513] hv_vmbus: registering driver hv_balloon
[STDERR  ] 2017-06-22T22:24:00.540005682Z: [   10.795214] oprofile: using NMI interrupt.
[STDERR  ] 2017-06-22T22:24:00.540012883Z: [   10.796544] GACT probability on
[STDERR  ] 2017-06-22T22:24:00.540022728Z: [   10.797176] Mirror/redirect action on
[STDERR  ] 2017-06-22T22:24:00.540032118Z: [   10.798155] Simple TC action Loaded
[STDERR  ] 2017-06-22T22:24:00.54003733Z: [   10.799130] u32 classifier
[STDERR  ] 2017-06-22T22:24:00.540042601Z: [   10.799425]     Performance counters on
[STDERR  ] 2017-06-22T22:24:00.540047797Z: [   10.799803]     input device check on
[STDERR  ] 2017-06-22T22:24:00.540052787Z: [   10.800480]     Actions configured
[STDERR  ] 2017-06-22T22:24:00.540057717Z: [   10.801289] Netfilter messages via NETLINK v0.30.
[STDERR  ] 2017-06-22T22:24:00.54006555Z: [   10.802085] nfnl_acct: registering with nfnetlink.
[STDERR  ] 2017-06-22T22:24:00.540068486Z: [   10.803877] nf_conntrack version 0.5.0 (8192 buckets, 32768 max)
[STDERR  ] 2017-06-22T22:24:00.540073426Z: [   10.807068] ctnetlink v0.93: registering with nfnetlink.
[STDERR  ] 2017-06-22T22:24:00.540080953Z: [   10.810721] nf_tables: (c) 2007-2009 Patrick McHardy <kaber@trash.net>
[STDERR  ] 2017-06-22T22:24:00.540085916Z: [   10.811842] nf_tables_compat: (c) 2012 Pablo Neira Ayuso <pablo@netfilter.org>
[STDERR  ] 2017-06-22T22:24:00.54008869Z: [   10.814569] xt_time: kernel timezone is -0000
[STDERR  ] 2017-06-22T22:24:00.540096173Z: [   10.815303] ip_set: protocol 6
[STDERR  ] 2017-06-22T22:24:00.540098644Z: [   10.816084] IPVS: Registered protocols (TCP, UDP, SCTP, AH, ESP)
[STDERR  ] 2017-06-22T22:24:00.540105951Z: [   10.816981] IPVS: Connection hash table configured (size=4096, memory=64Kbytes)
[STDERR  ] 2017-06-22T22:24:00.540110987Z: [   10.818904] IPVS: Creating netns size=2104 id=0
[STDERR  ] 2017-06-22T22:24:00.540116267Z: [   10.820324] IPVS: ipvs loaded.
[STDERR  ] 2017-06-22T22:24:00.540119038Z: [   10.820937] IPVS: [rr] scheduler registered.
[STDERR  ] 2017-06-22T22:24:00.540123986Z: [   10.821397] IPVS: [wrr] scheduler registered.
[STDERR  ] 2017-06-22T22:24:00.540131167Z: [   10.821802] IPVS: [lc] scheduler registered.
[STDERR  ] 2017-06-22T22:24:00.540136178Z: [   10.822226] IPVS: [wlc] scheduler registered.
[STDERR  ] 2017-06-22T22:24:00.540141216Z: [   10.822629] IPVS: [fo] scheduler registered.
[STDERR  ] 2017-06-22T22:24:00.540143996Z: [   10.823037] IPVS: [ovf] scheduler registered.
[STDERR  ] 2017-06-22T22:24:00.540151211Z: [   10.823706] IPVS: [lblc] scheduler registered.
[STDERR  ] 2017-06-22T22:24:00.540153804Z: [   10.824386] IPVS: [lblcr] scheduler registered.
[STDERR  ] 2017-06-22T22:24:00.540161267Z: [   10.824829] IPVS: [dh] scheduler registered.
[STDERR  ] 2017-06-22T22:24:00.540166291Z: [   10.825233] IPVS: [sh] scheduler registered.
[STDERR  ] 2017-06-22T22:24:00.540169048Z: [   10.825706] IPVS: [sed] scheduler registered.
[STDERR  ] 2017-06-22T22:24:00.540173844Z: [   10.826124] IPVS: [nq] scheduler registered.
[STDERR  ] 2017-06-22T22:24:00.540181198Z: [   10.826993] IPVS: ftp: loaded support on port[0] = 21
[STDERR  ] 2017-06-22T22:24:00.540186126Z: [   10.828211] ipip: IPv4 and MPLS over IPv4 tunneling driver
[STDERR  ] 2017-06-22T22:24:00.540191158Z: [   10.833322] gre: GRE over IPv4 demultiplexor driver
[STDERR  ] 2017-06-22T22:24:00.5401938Z: [   10.835645] ip_tables: (C) 2000-2006 Netfilter Core Team
[STDERR  ] 2017-06-22T22:24:00.540200888Z: [   10.838835] ipt_CLUSTERIP: ClusterIP Version 0.8 loaded successfully
[STDERR  ] 2017-06-22T22:24:00.540205797Z: [   10.839847] arp_tables: arp_tables: (C) 2002 David S. Miller
[STDERR  ] 2017-06-22T22:24:00.540210798Z: [   10.842690] NET: Registered protocol family 10
[STDERR  ] 2017-06-22T22:24:00.540215988Z: [   10.852515] ip6_tables: (C) 2000-2006 Netfilter Core Team
[STDERR  ] 2017-06-22T22:24:00.540236828Z: [   10.860508] NET: Registered protocol family 17
[STDERR  ] 2017-06-22T22:24:00.540239871Z: [   10.861973] Bridge firewalling registered
[STDERR  ] 2017-06-22T22:24:00.540246918Z: [   10.862689] Ebtables v2.0 registered
[STDERR  ] 2017-06-22T22:24:00.540251667Z: [   10.864281] 8021q: 802.1Q VLAN Support v1.8
[STDERR  ] 2017-06-22T22:24:00.540254119Z: [   10.865903] 9pnet: Installing 9P2000 support
[STDERR  ] 2017-06-22T22:24:00.540261397Z: [   10.867516] Key type dns_resolver registered
[STDERR  ] 2017-06-22T22:24:00.540266269Z: [   10.868628] microcode: AMD CPU family 0x6 not supported
[STDERR  ] 2017-06-22T22:24:00.540268929Z: [   10.872923] registered taskstats version 1
[STDERR  ] 2017-06-22T22:24:00.540276182Z: [   11.061614] ata3: SATA link up 1.5 Gbps (SStatus 113 SControl 300)
[STDERR  ] 2017-06-22T22:24:00.540281077Z: [   11.066059] ata3.00: ATAPI: QEMU DVD-ROM, 2.5+, max UDMA/100
[STDERR  ] 2017-06-22T22:24:00.540283526Z: [   11.066874] ata3.00: applying bridge limits
[STDERR  ] 2017-06-22T22:24:00.540294107Z: [   11.068435] ata2: SATA link down (SStatus 0 SControl 300)
[STDERR  ] 2017-06-22T22:24:00.540302699Z: [   11.070345] ata1: SATA link down (SStatus 0 SControl 300)
[STDERR  ] 2017-06-22T22:24:00.540307976Z: [   11.071304] ata4: SATA link down (SStatus 0 SControl 300)
[STDERR  ] 2017-06-22T22:24:00.540316575Z: [   11.072086] ata5: SATA link down (SStatus 0 SControl 300)
[STDERR  ] 2017-06-22T22:24:00.54032156Z: [   11.073697] ata6: SATA link down (SStatus 0 SControl 300)
[STDERR  ] 2017-06-22T22:24:00.540326485Z: [   11.081058] ata3.00: configured for UDMA/100
[STDERR  ] 2017-06-22T22:24:00.540331503Z: [   11.101817] scsi 2:0:0:0: CD-ROM            QEMU     QEMU DVD-ROM     2.5+ PQ: 0 ANSI: 5
[STDERR  ] 2017-06-22T22:24:00.54033682Z: [   11.109991] Key type big_key registered
[STDERR  ] 2017-06-22T22:24:00.540339396Z: [   11.123888] sr 2:0:0:0: [sr0] scsi3-mmc drive: 4x/4x cd/rw xa/form2 tray
[STDERR  ] 2017-06-22T22:24:00.540344589Z: [   11.124988] cdrom: Uniform CD-ROM driver Revision: 3.20
[STDERR  ] 2017-06-22T22:24:00.540351752Z: [   11.142451] sr 2:0:0:0: Attached scsi generic sg0 type 5
[STDERR  ] 2017-06-22T22:24:00.540356633Z: [   11.174519] Key type encrypted registered
[STDERR  ] 2017-06-22T22:24:00.540361542Z: [   11.179240] rtc_cmos 00:00: setting system clock to 2017-06-22 22:23:37 UTC (1498170217)
[STDERR  ] 2017-06-22T22:24:00.54036422Z: [   11.324309] Freeing unused kernel memory: 1372K (ffffffffb6d50000 - ffffffffb6ea7000)
[STDERR  ] 2017-06-22T22:24:00.540369147Z: [   11.325339] Write protecting the kernel read-only data: 12288k
[STDERR  ] 2017-06-22T22:24:00.540377332Z: [   11.331818] Freeing unused kernel memory: 156K (ffff9829077d9000 - ffff982907800000)
[STDERR  ] 2017-06-22T22:24:00.540380026Z: [   11.423549] Freeing unused kernel memory: 1404K (ffff982907aa1000 - ffff982907c00000)
[STDERR  ] 2017-06-22T22:24:00.540384863Z: [   11.440601] tsc: Refined TSC clocksource calibration: 2600.014 MHz
[STDERR  ] 2017-06-22T22:24:00.540392096Z: [   11.441561] clocksource: tsc: mask: 0xffffffffffffffff max_cycles: 0x257a493a0cc, max_idle_ns: 440795272657 ns
[STDERR  ] 2017-06-22T22:24:00.540396925Z: [   12.460731] clocksource: Switched to clocksource tsc
[STDERR  ] 2017-06-22T22:24:00.540401839Z: [   17.708974] e1000: Intel(R) PRO/1000 Network Driver - version 7.3.21-k8-NAPI
[STDERR  ] 2017-06-22T22:24:00.540404399Z: [   17.709754] e1000: Copyright (c) 1999-2006 Intel Corporation.
[STDERR  ] 2017-06-22T22:24:00.540411782Z: [   17.717884] ACPI: PCI Interrupt Link [GSIG] enabled at IRQ 22
[STDERR  ] 2017-06-22T22:24:00.540414179Z: [   18.096660] e1000 0000:00:02.0 eth0: (PCI:33MHz:32-bit) 52:54:00:12:34:56
[STDERR  ] 2017-06-22T22:24:00.540421376Z: [   18.097870] e1000 0000:00:02.0 eth0: Intel(R) PRO/1000 Network Connection
[STDERR  ] 2017-06-22T22:24:00.540426203Z: 
[STDERR  ] 2017-06-22T22:24:00.540431135Z: Starting containerd
[STDERR  ] 2017-06-22T22:24:00.540438846Z: 
[STDERR  ] 2017-06-22T22:24:00.540443876Z: Welcome to LinuxKit
[STDERR  ] 2017-06-22T22:24:00.54044954Z: 
[STDERR  ] 2017-06-22T22:24:00.540454709Z:                         ##         .
[STDERR  ] 2017-06-22T22:24:00.540459889Z:                   ## ## ##        ==
[STDERR  ] 2017-06-22T22:24:00.540464807Z:                ## ## ## ## ##    ===
[STDERR  ] 2017-06-22T22:24:00.54046749Z:            /"""""""""""""""""\___/ ===
[STDERR  ] 2017-06-22T22:24:00.540474755Z:       ~~~ {~~ ~~~~ ~~~ ~~~~ ~~~ ~ /  ===- ~~~
[STDERR  ] 2017-06-22T22:24:00.540477393Z:            \______ o           __/
[STDERR  ] 2017-06-22T22:24:00.540485776Z:              \    \         __/
[STDERR  ] 2017-06-22T22:24:00.540490835Z:               \____\_______/
[STDERR  ] 2017-06-22T22:24:00.540493424Z: 
[STDERR  ] 2017-06-22T22:24:00.540498349Z: [34mINFO[0m[0000] starting containerd boot...                   [34mmodule[0m=containerd
[STDERR  ] 2017-06-22T22:24:00.540506059Z: [34mINFO[0m[0000] starting debug API...                         [34mdebug[0m="/run/containerd/debug.sock" [34mmodule[0m=containerd
[STDERR  ] 2017-06-22T22:24:00.540513781Z: [34mINFO[0m[0000] loading plugin "io.containerd.content.v1.content"...  [34mmodule[0m=containerd [34mtype[0m=io.containerd.content.v1
[STDERR  ] 2017-06-22T22:24:00.540518912Z: [34mINFO[0m[0000] skipping plugin "io.containerd.snapshotter.v1.btrfs"...  [34mmodule[0m=containerd [34mtype[0m=io.containerd.snapshotter.v1
[STDERR  ] 2017-06-22T22:24:00.540524031Z: [34mINFO[0m[0000] loading plugin "io.containerd.snapshotter.v1.overlayfs"...  [34mmodule[0m=containerd [34mtype[0m=io.containerd.snapshotter.v1
[STDERR  ] 2017-06-22T22:24:00.540529202Z: [34mINFO[0m[0000] loading plugin "io.containerd.differ.v1.base-diff"...  [34mmodule[0m=containerd [34mtype[0m=io.containerd.differ.v1
[STDERR  ] 2017-06-22T22:24:00.540534141Z: [34mINFO[0m[0000] loading plugin "io.containerd.metadata.v1.bolt"...  [34mmodule[0m=containerd [34mtype[0m=io.containerd.metadata.v1
[STDERR  ] 2017-06-22T22:24:00.540539225Z: [34mINFO[0m[0000] loading plugin "io.containerd.grpc.v1.containers"...  [34mmodule[0m=containerd [34mtype[0m=io.containerd.grpc.v1
[STDERR  ] 2017-06-22T22:24:00.540547969Z: [34mINFO[0m[0000] loading plugin "io.containerd.grpc.v1.content"...  [34mmodule[0m=containerd [34mtype[0m=io.containerd.grpc.v1
[STDERR  ] 2017-06-22T22:24:00.540550581Z: [34mINFO[0m[0000] loading plugin "io.containerd.grpc.v1.diff"...  [34mmodule[0m=containerd [34mtype[0m=io.containerd.grpc.v1
[STDERR  ] 2017-06-22T22:24:00.540559494Z: [34mINFO[0m[0000] loading plugin "io.containerd.monitor.v1.cgroups"...  [34mmodule[0m=containerd [34mtype[0m=io.containerd.monitor.v1
[STDERR  ] 2017-06-22T22:24:00.540564519Z: [34mINFO[0m[0000] loading plugin "io.containerd.runtime.v1.linux"...  [34mmodule[0m=containerd [34mtype[0m=io.containerd.runtime.v1
[STDERR  ] 2017-06-22T22:24:00.540566992Z: [34mINFO[0m[0000] loading plugin "io.containerd.grpc.v1.tasks"...  [34mmodule[0m=containerd [34mtype[0m=io.containerd.grpc.v1
[STDERR  ] 2017-06-22T22:24:00.540574505Z: [34mINFO[0m[0000] loading plugin "io.containerd.grpc.v1.healthcheck"...  [34mmodule[0m=containerd [34mtype[0m=io.containerd.grpc.v1
[STDERR  ] 2017-06-22T22:24:00.540579449Z: [34mINFO[0m[0000] loading plugin "io.containerd.grpc.v1.images"...  [34mmodule[0m=containerd [34mtype[0m=io.containerd.grpc.v1
[STDERR  ] 2017-06-22T22:24:00.540585915Z: [34mINFO[0m[0000] loading plugin "io.containerd.grpc.v1.namespaces"...  [34mmodule[0m=containerd [34mtype[0m=io.containerd.grpc.v1
[STDERR  ] 2017-06-22T22:24:00.540593586Z: [34mINFO[0m[0000] loading plugin "io.containerd.grpc.v1.snapshots"...  [34mmodule[0m=containerd [34mtype[0m=io.containerd.grpc.v1
[STDERR  ] 2017-06-22T22:24:00.540596142Z: [34mINFO[0m[0000] loading plugin "io.containerd.grpc.v1.version"...  [34mmodule[0m=containerd [34mtype[0m=io.containerd.grpc.v1
[STDERR  ] 2017-06-22T22:24:00.540603669Z: [   19.108263] random: fast init done
[STDERR  ] 2017-06-22T22:24:00.540611988Z: [34mINFO[0m[0000] starting GRPC API server...                   [34mmodule[0m=containerd
[STDERR  ] 2017-06-22T22:24:00.540617062Z: [34mINFO[0m[0000] containerd successfully booted in 0.219890s   [34mmodule[0m=containerd
[STDERR  ] 2017-06-22T22:24:00.540622156Z: [   19.675856] IPVS: Creating netns size=2104 id=1
[STDERR  ] 2017-06-22T22:24:00.540627071Z: [   19.676772] IPVS: ftp: loaded support on port[0] = 21
[STDERR  ] 2017-06-22T22:24:00.540631958Z:  - 000-binfmt
[STDERR  ] 2017-06-22T22:24:00.540636902Z: binfmt test suite PASSED
[STDERR  ] 2017-06-22T22:24:00.540639589Z:  - 001-test
[STDERR  ] 2017-06-22T22:24:00.540646749Z: [   33.305707] ACPI: Preparing to enter system sleep state S5
[STDERR  ] 2017-06-22T22:24:00.540649255Z: [   33.307304] reboot: Power down
[STDOUT  ] 2017-06-22T22:24:00.540773963Z: [    0.000000] Linux version 4.9.33-linuxkit (root@b147ce67977e) (gcc version 6.3.0 (Alpine 6.3.0) ) #1 SMP Thu Jun 22 19:57:24 UTC 2017
[STDOUT  ] 2017-06-22T22:24:00.540777324Z: [    0.000000] Command line: console=ttyS0 page_poison=1
[STDOUT  ] 2017-06-22T22:24:00.540790073Z: [    0.000000] x86/fpu: Legacy x87 FPU detected.
[STDOUT  ] 2017-06-22T22:24:00.540795428Z: [    0.000000] x86/fpu: Using 'eager' FPU context switches.
[STDOUT  ] 2017-06-22T22:24:00.540798078Z: [    0.000000] e820: BIOS-provided physical RAM map:
[STDOUT  ] 2017-06-22T22:24:00.540810491Z: [    0.000000] BIOS-e820: [mem 0x0000000000000000-0x000000000009fbff] usable
[STDOUT  ] 2017-06-22T22:24:00.540826133Z: [    0.000000] BIOS-e820: [mem 0x000000000009fc00-0x000000000009ffff] reserved
[STDOUT  ] 2017-06-22T22:24:00.54083122Z: [    0.000000] BIOS-e820: [mem 0x00000000000f0000-0x00000000000fffff] reserved
[STDOUT  ] 2017-06-22T22:24:00.540836174Z: [    0.000000] BIOS-e820: [mem 0x0000000000100000-0x000000003ffdefff] usable
[STDOUT  ] 2017-06-22T22:24:00.540838834Z: [    0.000000] BIOS-e820: [mem 0x000000003ffdf000-0x000000003fffffff] reserved
[STDOUT  ] 2017-06-22T22:24:00.540843681Z: [    0.000000] BIOS-e820: [mem 0x00000000b0000000-0x00000000bfffffff] reserved
[STDOUT  ] 2017-06-22T22:24:00.540851Z: [    0.000000] BIOS-e820: [mem 0x00000000fed1c000-0x00000000fed1ffff] reserved
[STDOUT  ] 2017-06-22T22:24:00.54085611Z: [    0.000000] BIOS-e820: [mem 0x00000000fffc0000-0x00000000ffffffff] reserved
[STDOUT  ] 2017-06-22T22:24:00.540861207Z: [    0.000000] NX (Execute Disable) protection: active
[STDOUT  ] 2017-06-22T22:24:00.54086638Z: [    0.000000] SMBIOS 2.8 present.
[STDOUT  ] 2017-06-22T22:24:00.540871345Z: [    0.000000] e820: last_pfn = 0x3ffdf max_arch_pfn = 0x400000000
[STDOUT  ] 2017-06-22T22:24:00.540876265Z: [    0.000000] x86/PAT: Configuration [0-7]: WB  WC  UC- UC  WB  WC  UC- WT  
[STDOUT  ] 2017-06-22T22:24:00.540885443Z: [    0.000000] found SMP MP-table at [mem 0x000f6aa0-0x000f6aaf] mapped at [ffff9829000f6aa0]
[STDOUT  ] 2017-06-22T22:24:00.540890853Z: [    0.000000] RAMDISK: [mem 0x3d466000-0x3ffcffff]
[STDOUT  ] 2017-06-22T22:24:00.540897217Z: [    0.000000] ACPI: Early table checksum verification disabled
[STDOUT  ] 2017-06-22T22:24:00.540899861Z: [    0.000000] ACPI: RSDP 0x00000000000F68C0 000014 (v00 BOCHS )
[STDOUT  ] 2017-06-22T22:24:00.540904657Z: [    0.000000] ACPI: RSDT 0x000000003FFE2404 000034 (v01 BOCHS  BXPCRSDT 00000001 BXPC 00000001)
[STDOUT  ] 2017-06-22T22:24:00.540912064Z: [    0.000000] ACPI: FACP 0x000000003FFE22A4 000074 (v01 BOCHS  BXPCFACP 00000001 BXPC 00000001)
[STDOUT  ] 2017-06-22T22:24:00.540916977Z: [    0.000000] ACPI: DSDT 0x000000003FFE0040 002264 (v01 BOCHS  BXPCDSDT 00000001 BXPC 00000001)
[STDOUT  ] 2017-06-22T22:24:00.540921967Z: [    0.000000] ACPI: FACS 0x000000003FFE0000 000040
[STDOUT  ] 2017-06-22T22:24:00.540930587Z: [    0.000000] ACPI: APIC 0x000000003FFE2318 000078 (v01 BOCHS  BXPCAPIC 00000001 BXPC 00000001)
[STDOUT  ] 2017-06-22T22:24:00.540935461Z: [    0.000000] ACPI: HPET 0x000000003FFE2390 000038 (v01 BOCHS  BXPCHPET 00000001 BXPC 00000001)
[STDOUT  ] 2017-06-22T22:24:00.540940341Z: [    0.000000] ACPI: MCFG 0x000000003FFE23C8 00003C (v01 BOCHS  BXPCMCFG 00000001 BXPC 00000001)
[STDOUT  ] 2017-06-22T22:24:00.540949281Z: [    0.000000] Zone ranges:
[STDOUT  ] 2017-06-22T22:24:00.540954177Z: [    0.000000]   DMA      [mem 0x0000000000001000-0x0000000000ffffff]
[STDOUT  ] 2017-06-22T22:24:00.540959161Z: [    0.000000]   DMA32    [mem 0x0000000001000000-0x000000003ffdefff]
[STDOUT  ] 2017-06-22T22:24:00.540964163Z: [    0.000000]   Normal   empty
[STDOUT  ] 2017-06-22T22:24:00.540967598Z: [    0.000000] Movable zone start for each node
[STDOUT  ] 2017-06-22T22:24:00.540980344Z: [    0.000000] Early memory node ranges
[STDOUT  ] 2017-06-22T22:24:00.540984849Z: [    0.000000]   node   0: [mem 0x0000000000001000-0x000000000009efff]
[STDOUT  ] 2017-06-22T22:24:00.540997783Z: [    0.000000]   node   0: [mem 0x0000000000100000-0x000000003ffdefff]
[STDOUT  ] 2017-06-22T22:24:00.541006314Z: [    0.000000] Initmem setup node 0 [mem 0x0000000000001000-0x000000003ffdefff]
[STDOUT  ] 2017-06-22T22:24:00.541015057Z: [    0.000000] ACPI: PM-Timer IO Port: 0x608
[STDOUT  ] 2017-06-22T22:24:00.541036429Z: [    0.000000] ACPI: LAPIC_NMI (acpi_id[0xff] dfl dfl lint[0x1])
[STDOUT  ] 2017-06-22T22:24:00.54105264Z: [    0.000000] IOAPIC[0]: apic_id 0, version 32, address 0xfec00000, GSI 0-23
[STDOUT  ] 2017-06-22T22:24:00.541063657Z: [    0.000000] ACPI: INT_SRC_OVR (bus 0 bus_irq 0 global_irq 2 dfl dfl)
[STDOUT  ] 2017-06-22T22:24:00.541072292Z: [    0.000000] ACPI: INT_SRC_OVR (bus 0 bus_irq 5 global_irq 5 high level)
[STDOUT  ] 2017-06-22T22:24:00.541119249Z: [    0.000000] ACPI: INT_SRC_OVR (bus 0 bus_irq 9 global_irq 9 high level)
[STDOUT  ] 2017-06-22T22:24:00.541125989Z: [    0.000000] ACPI: INT_SRC_OVR (bus 0 bus_irq 10 global_irq 10 high level)
[STDOUT  ] 2017-06-22T22:24:00.541135253Z: [    0.000000] ACPI: INT_SRC_OVR (bus 0 bus_irq 11 global_irq 11 high level)
[STDOUT  ] 2017-06-22T22:24:00.541140217Z: [    0.000000] Using ACPI (MADT) for SMP configuration information
[STDOUT  ] 2017-06-22T22:24:00.541145256Z: [    0.000000] ACPI: HPET id: 0x8086a201 base: 0xfed00000
[STDOUT  ] 2017-06-22T22:24:00.541150114Z: [    0.000000] smpboot: Allowing 1 CPUs, 0 hotplug CPUs
[STDOUT  ] 2017-06-22T22:24:00.541154896Z: [    0.000000] e820: [mem 0x40000000-0xafffffff] available for PCI devices
[STDOUT  ] 2017-06-22T22:24:00.541159853Z: [    0.000000] Booting paravirtualized kernel on bare hardware
[STDOUT  ] 2017-06-22T22:24:00.54116493Z: [    0.000000] clocksource: refined-jiffies: mask: 0xffffffff max_cycles: 0xffffffff, max_idle_ns: 19112604462750000 ns
[STDOUT  ] 2017-06-22T22:24:00.541170087Z: [    0.000000] setup_percpu: NR_CPUS:128 nr_cpumask_bits:128 nr_cpu_ids:1 nr_node_ids:1
[STDOUT  ] 2017-06-22T22:24:00.541175122Z: [    0.000000] percpu: Embedded 35 pages/cpu @ffff98293d200000 s105112 r8192 d30056 u2097152
[STDOUT  ] 2017-06-22T22:24:00.54117774Z: [    0.000000] Built 1 zonelists in Zone order, mobility grouping on.  Total pages: 257896
[STDOUT  ] 2017-06-22T22:24:00.541185084Z: [    0.000000] Kernel command line: console=ttyS0 page_poison=1
[STDOUT  ] 2017-06-22T22:24:00.541192444Z: [    0.000000] PID hash table entries: 4096 (order: 3, 32768 bytes)
[STDOUT  ] 2017-06-22T22:24:00.54119499Z: [    0.000000] Dentry cache hash table entries: 131072 (order: 8, 1048576 bytes)
[STDOUT  ] 2017-06-22T22:24:00.541202264Z: [    0.000000] Inode-cache hash table entries: 65536 (order: 7, 524288 bytes)
[STDOUT  ] 2017-06-22T22:24:00.54120747Z: [    0.000000] Memory: 969756K/1048052K available (8023K kernel code, 1336K rwdata, 2692K rodata, 1372K init, 564K bss, 78296K reserved, 0K cma-reserved)
[STDOUT  ] 2017-06-22T22:24:00.541212491Z: [    0.000000] Hierarchical RCU implementation.
[STDOUT  ] 2017-06-22T22:24:00.541217519Z: [    0.000000] 	Build-time adjustment of leaf fanout to 64.
[STDOUT  ] 2017-06-22T22:24:00.541226439Z: [    0.000000] 	RCU restricting CPUs from NR_CPUS=128 to nr_cpu_ids=1.
[STDOUT  ] 2017-06-22T22:24:00.541235691Z: [    0.000000] RCU: Adjusting geometry for rcu_fanout_leaf=64, nr_cpu_ids=1
[STDOUT  ] 2017-06-22T22:24:00.541245019Z: [    0.000000] NR_IRQS:8448 nr_irqs:256 16
[STDOUT  ] 2017-06-22T22:24:00.541261072Z: [    0.000000] Console: colour VGA+ 80x25
[STDOUT  ] 2017-06-22T22:24:00.541265769Z: [    0.000000] console [ttyS0] enabled
[STDOUT  ] 2017-06-22T22:24:00.541278062Z: [    0.000000] allocated 2097152 bytes of page_ext
[STDOUT  ] 2017-06-22T22:24:00.541282233Z: [    0.000000] clocksource: hpet: mask: 0xffffffff max_cycles: 0xffffffff, max_idle_ns: 19112604467 ns
[STDOUT  ] 2017-06-22T22:24:00.541290416Z: [    0.000000] tsc: Fast TSC calibration failed
[STDOUT  ] 2017-06-22T22:24:00.541302239Z: [    0.000000] tsc: Unable to calibrate against PIT
[STDOUT  ] 2017-06-22T22:24:00.541312009Z: [    0.000000] tsc: using HPET reference calibration
[STDOUT  ] 2017-06-22T22:24:00.541321233Z: [    0.000000] tsc: Detected 2600.065 MHz processor
[STDOUT  ] 2017-06-22T22:24:00.541330722Z: [    0.050472] Calibrating delay loop (skipped), value calculated using timer frequency.. 5200.13 BogoMIPS (lpj=26000650)
[STDOUT  ] 2017-06-22T22:24:00.541338968Z: [    0.051799] pid_max: default: 32768 minimum: 301
[STDOUT  ] 2017-06-22T22:24:00.541344239Z: [    0.060484] ACPI: Core revision 20160831
[STDOUT  ] 2017-06-22T22:24:00.541353431Z: [    0.102342] ACPI: 1 ACPI AML tables successfully acquired and loaded
[STDOUT  ] 2017-06-22T22:24:00.541358985Z: [    0.106043] Security Framework initialized
[STDOUT  ] 2017-06-22T22:24:00.541364108Z: [    0.106550] Yama: becoming mindful.
[STDOUT  ] 2017-06-22T22:24:00.541369139Z: [    0.108629] Mount-cache hash table entries: 2048 (order: 2, 16384 bytes)
[STDOUT  ] 2017-06-22T22:24:00.541374166Z: [    0.109366] Mountpoint-cache hash table entries: 2048 (order: 2, 16384 bytes)
[STDOUT  ] 2017-06-22T22:24:00.541379289Z: [    0.128040] Last level iTLB entries: 4KB 0, 2MB 0, 4MB 0
[STDOUT  ] 2017-06-22T22:24:00.541381921Z: [    0.128705] Last level dTLB entries: 4KB 0, 2MB 0, 4MB 0, 1GB 0
[STDOUT  ] 2017-06-22T22:24:00.541386878Z: [    0.422854] Freeing SMP alternatives memory: 20K (ffffffffb6ea7000 - ffffffffb6eac000)
[STDOUT  ] 2017-06-22T22:24:00.541394576Z: [    0.432074] ftrace: allocating 35395 entries in 139 pages
[STDOUT  ] 2017-06-22T22:24:00.541399582Z: [    0.587150] smpboot: Max logical packages: 1
[STDOUT  ] 2017-06-22T22:24:00.541404508Z: [    0.593340] ..TIMER: vector=0x30 apic1=0 pin1=2 apic2=-1 pin2=-1
[STDOUT  ] 2017-06-22T22:24:00.541409602Z: [    0.700000] smpboot: CPU0: AMD QEMU Virtual CPU version 2.5+ (family: 0x6, model: 0x6, stepping: 0x3)
[STDOUT  ] 2017-06-22T22:24:00.541412346Z: [    0.700000] Performance Events: PMU not available due to virtualization, using software events only.
[STDOUT  ] 2017-06-22T22:24:00.541419769Z: [    0.708416] NMI watchdog: disabled (cpu0): hardware events not enabled
[STDOUT  ] 2017-06-22T22:24:00.541429032Z: [    0.709151] NMI watchdog: Shutting down hard lockup detector on all cpus
[STDOUT  ] 2017-06-22T22:24:00.541431899Z: [    0.712137] x86: Booted up 1 node, 1 CPUs
[STDOUT  ] 2017-06-22T22:24:00.541439455Z: [    0.712635] smpboot: Total of 1 processors activated (5200.13 BogoMIPS)
[STDOUT  ] 2017-06-22T22:24:00.541444566Z: [    0.727145] devtmpfs: initialized
[STDOUT  ] 2017-06-22T22:24:00.541449642Z: [    0.732853] x86/mm: Memory block size: 128MB
[STDOUT  ] 2017-06-22T22:24:00.541454866Z: [    0.796581] clocksource: jiffies: mask: 0xffffffff max_cycles: 0xffffffff, max_idle_ns: 19112604462750000 ns
[STDOUT  ] 2017-06-22T22:24:00.541459952Z: [    0.797975] futex hash table entries: 256 (order: 2, 16384 bytes)
[STDOUT  ] 2017-06-22T22:24:00.541468592Z: [    0.807303] NET: Registered protocol family 16
[STDOUT  ] 2017-06-22T22:24:00.541474057Z: [    0.817142] cpuidle: using governor ladder
[STDOUT  ] 2017-06-22T22:24:00.541479177Z: [    0.817936] cpuidle: using governor menu
[STDOUT  ] 2017-06-22T22:24:00.541484235Z: [    0.819297] ACPI: bus type PCI registered
[STDOUT  ] 2017-06-22T22:24:00.541486922Z: [    0.822475] PCI: MMCONFIG for domain 0000 [bus 00-ff] at [mem 0xb0000000-0xbfffffff] (base 0xb0000000)
[STDOUT  ] 2017-06-22T22:24:00.541491948Z: [    0.823640] PCI: MMCONFIG at [mem 0xb0000000-0xbfffffff] reserved in E820
[STDOUT  ] 2017-06-22T22:24:00.541503064Z: [    0.825227] PCI: Using configuration type 1 for base access
[STDOUT  ] 2017-06-22T22:24:00.541508227Z: [    0.882674] HugeTLB registered 2 MB page size, pre-allocated 0 pages
[STDOUT  ] 2017-06-22T22:24:00.541517558Z: [    0.896179] ACPI: Added _OSI(Module Device)
[STDOUT  ] 2017-06-22T22:24:00.541522661Z: [    0.896700] ACPI: Added _OSI(Processor Device)
[STDOUT  ] 2017-06-22T22:24:00.541525381Z: [    0.897109] ACPI: Added _OSI(3.0 _SCP Extensions)
[STDOUT  ] 2017-06-22T22:24:00.541532815Z: [    0.897554] ACPI: Added _OSI(Processor Aggregator Device)
[STDOUT  ] 2017-06-22T22:24:00.541538082Z: [    0.971167] ACPI: Interpreter enabled
[STDOUT  ] 2017-06-22T22:24:00.541543127Z: [    0.972320] ACPI: (supports S0 S5)
[STDOUT  ] 2017-06-22T22:24:00.54154578Z: [    0.972838] ACPI: Using IOAPIC for interrupt routing
[STDOUT  ] 2017-06-22T22:24:00.541553418Z: [    0.974974] PCI: Using host bridge windows from ACPI; if necessary, use "pci=nocrs" and report a bug
[STDOUT  ] 2017-06-22T22:24:00.541558445Z: [    1.040596] ACPI: PCI Root Bridge [PCI0] (domain 0000 [bus 00-ff])
[STDOUT  ] 2017-06-22T22:24:00.541566337Z: [    1.041963] acpi PNP0A08:00: _OSC: OS supports [ExtendedConfig ASPM ClockPM Segments MSI]
[STDOUT  ] 2017-06-22T22:24:00.541571707Z: [    1.047656] acpi PNP0A08:00: _OSC: OS now controls [PCIeHotplug PME PCIeCapability]
[STDOUT  ] 2017-06-22T22:24:00.541579431Z: [    1.051945] PCI host bridge to bus 0000:00
[STDOUT  ] 2017-06-22T22:24:00.541584468Z: [    1.052675] pci_bus 0000:00: root bus resource [io  0x0000-0x0cf7 window]
[STDOUT  ] 2017-06-22T22:24:00.541587041Z: [    1.053337] pci_bus 0000:00: root bus resource [io  0x0d00-0xffff window]
[STDOUT  ] 2017-06-22T22:24:00.54159203Z: [    1.054491] pci_bus 0000:00: root bus resource [mem 0x000a0000-0x000bffff window]
[STDOUT  ] 2017-06-22T22:24:00.541599488Z: [    1.056070] pci_bus 0000:00: root bus resource [mem 0xc0000000-0xfebfffff window]
[STDOUT  ] 2017-06-22T22:24:00.541604578Z: [    1.057143] pci_bus 0000:00: root bus resource [bus 00-ff]
[STDOUT  ] 2017-06-22T22:24:00.541613594Z: [    1.150301] pci 0000:00:1f.0: quirk: [io  0x0600-0x067f] claimed by ICH6 ACPI/GPIO/TCO
[STDOUT  ] 2017-06-22T22:24:00.541618732Z: [    1.208282] ACPI: PCI Interrupt Link [LNKA] (IRQs 5 *10 11)
[STDOUT  ] 2017-06-22T22:24:00.541623764Z: [    1.211509] ACPI: PCI Interrupt Link [LNKB] (IRQs 5 *10 11)
[STDOUT  ] 2017-06-22T22:24:00.541628792Z: [    1.213522] ACPI: PCI Interrupt Link [LNKC] (IRQs 5 10 *11)
[STDOUT  ] 2017-06-22T22:24:00.541633865Z: [    1.215500] ACPI: PCI Interrupt Link [LNKD] (IRQs 5 10 *11)
[STDOUT  ] 2017-06-22T22:24:00.541638838Z: [    1.217440] ACPI: PCI Interrupt Link [LNKE] (IRQs 5 *10 11)
[STDOUT  ] 2017-06-22T22:24:00.541643857Z: [    1.219515] ACPI: PCI Interrupt Link [LNKF] (IRQs 5 *10 11)
[STDOUT  ] 2017-06-22T22:24:00.54164879Z: [    1.221774] ACPI: PCI Interrupt Link [LNKG] (IRQs 5 10 *11)
[STDOUT  ] 2017-06-22T22:24:00.541653911Z: [    1.223741] ACPI: PCI Interrupt Link [LNKH] (IRQs 5 10 *11)
[STDOUT  ] 2017-06-22T22:24:00.541658864Z: [    1.224847] ACPI: PCI Interrupt Link [GSIA] (IRQs *16)
[STDOUT  ] 2017-06-22T22:24:00.541663745Z: [    1.225722] ACPI: PCI Interrupt Link [GSIB] (IRQs *17)
[STDOUT  ] 2017-06-22T22:24:00.541672448Z: [    1.226601] ACPI: PCI Interrupt Link [GSIC] (IRQs *18)
[STDOUT  ] 2017-06-22T22:24:00.54167748Z: [    1.227466] ACPI: PCI Interrupt Link [GSID] (IRQs *19)
[STDOUT  ] 2017-06-22T22:24:00.541682421Z: [    1.228364] ACPI: PCI Interrupt Link [GSIE] (IRQs *20)
[STDOUT  ] 2017-06-22T22:24:00.541687325Z: [    1.229261] ACPI: PCI Interrupt Link [GSIF] (IRQs *21)
[STDOUT  ] 2017-06-22T22:24:00.541692401Z: [    1.230632] ACPI: PCI Interrupt Link [GSIG] (IRQs *22)
[STDOUT  ] 2017-06-22T22:24:00.541697365Z: [    1.231502] ACPI: PCI Interrupt Link [GSIH] (IRQs *23)
[STDOUT  ] 2017-06-22T22:24:00.541702388Z: [    1.235607] ACPI: Enabled 2 GPEs in block 00 to 3F
[STDOUT  ] 2017-06-22T22:24:00.54170736Z: [    1.240623] SCSI subsystem initialized
[STDOUT  ] 2017-06-22T22:24:00.54171318Z: [    1.242824] ACPI: bus type USB registered
[STDOUT  ] 2017-06-22T22:24:00.541725031Z: [    1.244155] usbcore: registered new interface driver usbfs
[STDOUT  ] 2017-06-22T22:24:00.541727711Z: [    1.245313] usbcore: registered new interface driver hub
[STDOUT  ] 2017-06-22T22:24:00.541738619Z: [    1.246362] usbcore: registered new device driver usb
[STDOUT  ] 2017-06-22T22:24:00.541743771Z: [    1.247793] pps_core: LinuxPPS API ver. 1 registered
[STDOUT  ] 2017-06-22T22:24:00.541748854Z: [    1.248306] pps_core: Software ver. 5.3.6 - Copyright 2005-2007 Rodolfo Giometti <giometti@linux.it>
[STDOUT  ] 2017-06-22T22:24:00.541753967Z: [    1.249383] PTP clock support registered
[STDOUT  ] 2017-06-22T22:24:00.541759007Z: [    1.250914] wmi: Mapper loaded
[STDOUT  ] 2017-06-22T22:24:00.541764089Z: [    1.252294] PCI: Using ACPI for IRQ routing
[STDOUT  ] 2017-06-22T22:24:00.54176902Z: [    1.271443] NetLabel: Initializing
[STDOUT  ] 2017-06-22T22:24:00.541773943Z: [    1.271908] NetLabel:  domain hash size = 128
[STDOUT  ] 2017-06-22T22:24:00.541778976Z: [    1.272342] NetLabel:  protocols = UNLABELED CIPSOv4
[STDOUT  ] 2017-06-22T22:24:00.541787134Z: [    1.274421] NetLabel:  unlabeled traffic allowed by default
[STDOUT  ] 2017-06-22T22:24:00.541792473Z: [    1.275609] HPET: 3 timers in total, 0 timers will be used for per-cpu timer
[STDOUT  ] 2017-06-22T22:24:00.541795111Z: [    1.276632] hpet0: at MMIO 0xfed00000, IRQs 2, 8, 0
[STDOUT  ] 2017-06-22T22:24:00.541799971Z: [    1.277289] hpet0: 3 comparators, 64-bit 100.000000 MHz counter
