[INFO    ] 2018-01-15T13:28:30.258400489Z: Running Test linuxkit.packages.format_mount.xfs in /tmp/build/test/cases/040_packages/006_format_mount/004_xfs
[INFO    ] 2018-01-15T13:28:30.258525369Z: Running command: [/bin/sh -x /tmp/build/test/cases/040_packages/006_format_mount/004_xfs/test.sh]
[STDERR  ] 2018-01-15T13:28:30.325168598Z: + set -e
[STDERR  ] 2018-01-15T13:28:30.325344589Z: + . /tmp/build/test/cases/_lib/lib.sh
[STDERR  ] 2018-01-15T13:28:30.325375888Z: + [ -f src/github.com/linuxkit/rtf/lib/lib.sh ]
[STDERR  ] 2018-01-15T13:28:30.325431685Z: + LINUXKIT_TMPDIR=/tmp/build/test/cases/_tmp
[STDERR  ] 2018-01-15T13:28:30.325443176Z: + [ -f /tmp/build/test/cases/_tmp/env.sh ]
[STDERR  ] 2018-01-15T13:28:30.325453539Z: + . /tmp/build/test/cases/_tmp/env.sh
[STDERR  ] 2018-01-15T13:28:30.32546543Z: + export LINUXKIT_EXAMPLES_DIR=/tmp/build/test/cases/../../examples
[STDERR  ] 2018-01-15T13:28:30.325475215Z: + export LINUXKIT_BLUEPRINTS_DIR=/tmp/build/test/cases/../../blueprints
[STDERR  ] 2018-01-15T13:28:30.325486023Z: + RT_CANCEL=253
[STDERR  ] 2018-01-15T13:28:30.325510755Z: + NAME=test-format
[STDERR  ] 2018-01-15T13:28:30.32551974Z: + DISK=disk.img
[STDERR  ] 2018-01-15T13:28:30.325529157Z: + trap clean_up EXIT
[STDERR  ] 2018-01-15T13:28:30.32553845Z: + linuxkit build -format kernel+initrd -name test-format test.yml
[STDERR  ] 2018-01-15T13:28:30.354271124Z: Extract kernel image: linuxkit/kernel:4.9.76
[STDERR  ] 2018-01-15T13:28:31.483323433Z: time="2018-01-15T13:28:31Z" level=warning msg="certificate with CN Justin Cormack is near expiry"
[STDERR  ] 2018-01-15T13:28:31.483372394Z: time="2018-01-15T13:28:31Z" level=warning msg="certificate with CN  is near expiry"
[STDERR  ] 2018-01-15T13:28:31.483392108Z: time="2018-01-15T13:28:31Z" level=warning msg="certificate with CN  is near expiry"
[STDERR  ] 2018-01-15T13:28:31.52437463Z: time="2018-01-15T13:28:31Z" level=warning msg="certificate with CN Justin Cormack is near expiry"
[STDERR  ] 2018-01-15T13:28:31.887710621Z: Add init containers:
[STDERR  ] 2018-01-15T13:28:31.887756434Z: Process init image: linuxkit/init:7c405a03c8467b3aa7999d2a729aeb5d3fa7dae5
[STDERR  ] 2018-01-15T13:28:32.920166185Z: time="2018-01-15T13:28:32Z" level=warning msg="certificate with CN  is near expiry"
[STDERR  ] 2018-01-15T13:28:32.920212454Z: time="2018-01-15T13:28:32Z" level=warning msg="certificate with CN  is near expiry"
[STDERR  ] 2018-01-15T13:28:32.920407096Z: time="2018-01-15T13:28:32Z" level=warning msg="certificate with CN Justin Cormack is near expiry"
[STDERR  ] 2018-01-15T13:28:32.924201446Z: time="2018-01-15T13:28:32Z" level=warning msg="certificate with CN Justin Cormack is near expiry"
[STDERR  ] 2018-01-15T13:28:32.925683106Z: time="2018-01-15T13:28:32Z" level=warning msg="certificate with CN  is near expiry"
[STDERR  ] 2018-01-15T13:28:33.100328474Z: Process init image: linuxkit/runc:7b15b00b4e3507d62e3ed8d44dfe650561cd35ff
[STDERR  ] 2018-01-15T13:28:34.124688992Z: time="2018-01-15T13:28:34Z" level=warning msg="certificate with CN Justin Cormack is near expiry"
[STDERR  ] 2018-01-15T13:28:34.124750174Z: time="2018-01-15T13:28:34Z" level=warning msg="certificate with CN  is near expiry"
[STDERR  ] 2018-01-15T13:28:34.124799697Z: time="2018-01-15T13:28:34Z" level=warning msg="certificate with CN  is near expiry"
[STDERR  ] 2018-01-15T13:28:34.126954842Z: time="2018-01-15T13:28:34Z" level=warning msg="certificate with CN Justin Cormack is near expiry"
[STDERR  ] 2018-01-15T13:28:34.128725924Z: time="2018-01-15T13:28:34Z" level=warning msg="certificate with CN  is near expiry"
[STDERR  ] 2018-01-15T13:28:34.288911937Z: Add onboot containers:
[STDERR  ] 2018-01-15T13:28:34.288951544Z:   Create OCI config for linuxkit/format:5a1140cb65e733f26de727fa684fef1326e9d5ab
[STDERR  ] 2018-01-15T13:28:35.315404914Z: time="2018-01-15T13:28:35Z" level=warning msg="certificate with CN Rolf Neugebauer is near expiry"
[STDERR  ] 2018-01-15T13:28:35.315454771Z: time="2018-01-15T13:28:35Z" level=warning msg="certificate with CN  is near expiry"
[STDERR  ] 2018-01-15T13:28:35.315480523Z: time="2018-01-15T13:28:35Z" level=warning msg="certificate with CN  is near expiry"
[STDERR  ] 2018-01-15T13:28:35.315657528Z: time="2018-01-15T13:28:35Z" level=warning msg="certificate with CN Justin Cormack is near expiry"
[STDERR  ] 2018-01-15T13:28:35.317214505Z: time="2018-01-15T13:28:35Z" level=warning msg="certificate with CN Justin Cormack is near expiry"
[STDERR  ] 2018-01-15T13:28:35.318267628Z: time="2018-01-15T13:28:35Z" level=warning msg="certificate with CN Rolf Neugebauer is near expiry"
[STDERR  ] 2018-01-15T13:28:35.319213106Z: time="2018-01-15T13:28:35Z" level=warning msg="certificate with CN  is near expiry"
[STDERR  ] 2018-01-15T13:28:35.669466399Z:   Create OCI config for linuxkit/mount:b346ec277b7074e5c9986128a879c10a1d18742b
[STDERR  ] 2018-01-15T13:28:36.717046867Z: time="2018-01-15T13:28:36Z" level=warning msg="certificate with CN Rolf Neugebauer is near expiry"
[STDERR  ] 2018-01-15T13:28:36.717102273Z: time="2018-01-15T13:28:36Z" level=warning msg="certificate with CN  is near expiry"
[STDERR  ] 2018-01-15T13:28:36.717125954Z: time="2018-01-15T13:28:36Z" level=warning msg="certificate with CN  is near expiry"
[STDERR  ] 2018-01-15T13:28:36.71728159Z: time="2018-01-15T13:28:36Z" level=warning msg="certificate with CN Justin Cormack is near expiry"
[STDERR  ] 2018-01-15T13:28:36.719165362Z: time="2018-01-15T13:28:36Z" level=warning msg="certificate with CN Justin Cormack is near expiry"
[STDERR  ] 2018-01-15T13:28:36.720643224Z: time="2018-01-15T13:28:36Z" level=warning msg="certificate with CN Rolf Neugebauer is near expiry"
[STDERR  ] 2018-01-15T13:28:36.721871397Z: time="2018-01-15T13:28:36Z" level=warning msg="certificate with CN  is near expiry"
[STDERR  ] 2018-01-15T13:28:37.041839091Z:   Create OCI config for alpine:3.7
[STDERR  ] 2018-01-15T13:28:38.348940093Z:   Create OCI config for linuxkit/poweroff:bccfe1cb04fc7bb9f03613d2314f38abd2620f29
[STDERR  ] 2018-01-15T13:28:39.385916044Z: time="2018-01-15T13:28:39Z" level=warning msg="certificate with CN Rolf Neugebauer is near expiry"
[STDERR  ] 2018-01-15T13:28:39.385972553Z: time="2018-01-15T13:28:39Z" level=warning msg="certificate with CN  is near expiry"
[STDERR  ] 2018-01-15T13:28:39.386037063Z: time="2018-01-15T13:28:39Z" level=warning msg="certificate with CN  is near expiry"
[STDERR  ] 2018-01-15T13:28:39.386296024Z: time="2018-01-15T13:28:39Z" level=warning msg="certificate with CN Justin Cormack is near expiry"
[STDERR  ] 2018-01-15T13:28:39.389008669Z: time="2018-01-15T13:28:39Z" level=warning msg="certificate with CN Rolf Neugebauer is near expiry"
[STDERR  ] 2018-01-15T13:28:39.39006963Z: time="2018-01-15T13:28:39Z" level=warning msg="certificate with CN  is near expiry"
[STDERR  ] 2018-01-15T13:28:39.555365982Z: Add files:
[STDERR  ] 2018-01-15T13:28:39.555429716Z:   check.sh
[STDERR  ] 2018-01-15T13:28:39.556205621Z: Create outputs:
[STDERR  ] 2018-01-15T13:28:44.845581855Z:   test-format-kernel test-format-initrd.img test-format-cmdline
[STDERR  ] 2018-01-15T13:28:44.904858209Z: + linuxkit run -disk file=disk.img,size=512M test-format
[STDERR  ] 2018-01-15T13:28:44.928477725Z: Unable to find qemu-system-x86_64 within the $PATH. Using a container
[STDOUT  ] 2018-01-15T13:29:24.221970577Z: [    0.000000] Linux version 4.9.76-linuxkit (root@1dc47965cda0) (gcc version 6.4.0 (Alpine 6.4.0) ) #1 SMP Wed Jan 10 11:40:11 UTC 2018
[STDOUT  ] 2018-01-15T13:29:24.222055465Z: [    0.000000] Command line: console=ttyS0 console=ttyAMA0
[STDOUT  ] 2018-01-15T13:29:24.222071817Z: [    0.000000] x86/fpu: Legacy x87 FPU detected.
[STDOUT  ] 2018-01-15T13:29:24.222082562Z: [    0.000000] x86/fpu: Using 'eager' FPU context switches.
[STDOUT  ] 2018-01-15T13:29:24.222092737Z: [    0.000000] e820: BIOS-provided physical RAM map:
[STDOUT  ] 2018-01-15T13:29:24.222103926Z: [    0.000000] BIOS-e820: [mem 0x0000000000000000-0x000000000009fbff] usable
[STDOUT  ] 2018-01-15T13:29:24.222114342Z: [    0.000000] BIOS-e820: [mem 0x000000000009fc00-0x000000000009ffff] reserved
[STDOUT  ] 2018-01-15T13:29:24.222125445Z: [    0.000000] BIOS-e820: [mem 0x00000000000f0000-0x00000000000fffff] reserved
[STDOUT  ] 2018-01-15T13:29:24.222145859Z: [    0.000000] BIOS-e820: [mem 0x0000000000100000-0x000000003ffdefff] usable
[STDOUT  ] 2018-01-15T13:29:24.222155363Z: [    0.000000] BIOS-e820: [mem 0x000000003ffdf000-0x000000003fffffff] reserved
[STDOUT  ] 2018-01-15T13:29:24.22216519Z: [    0.000000] BIOS-e820: [mem 0x00000000b0000000-0x00000000bfffffff] reserved
[STDOUT  ] 2018-01-15T13:29:24.222174258Z: [    0.000000] BIOS-e820: [mem 0x00000000fed1c000-0x00000000fed1ffff] reserved
[STDOUT  ] 2018-01-15T13:29:24.222184287Z: [    0.000000] BIOS-e820: [mem 0x00000000fffc0000-0x00000000ffffffff] reserved
[STDOUT  ] 2018-01-15T13:29:24.222193072Z: [    0.000000] NX (Execute Disable) protection: active
[STDOUT  ] 2018-01-15T13:29:24.222202246Z: [    0.000000] SMBIOS 2.8 present.
[STDOUT  ] 2018-01-15T13:29:24.222211469Z: [    0.000000] Kernel/User page tables isolation: disabled
[STDOUT  ] 2018-01-15T13:29:24.222220342Z: [    0.000000] e820: last_pfn = 0x3ffdf max_arch_pfn = 0x400000000
[STDOUT  ] 2018-01-15T13:29:24.222235593Z: [    0.000000] x86/PAT: Configuration [0-7]: WB  WC  UC- UC  WB  WC  UC- WT  
[STDOUT  ] 2018-01-15T13:29:24.222243877Z: [    0.000000] found SMP MP-table at [mem 0x000f6aa0-0x000f6aaf] mapped at [ffffa108800f6aa0]
[STDOUT  ] 2018-01-15T13:29:24.222252339Z: [    0.000000] RAMDISK: [mem 0x3e005000-0x3ffcffff]
[STDOUT  ] 2018-01-15T13:29:24.222260563Z: [    0.000000] ACPI: Early table checksum verification disabled
[STDOUT  ] 2018-01-15T13:29:24.222268281Z: [    0.000000] ACPI: RSDP 0x00000000000F68B0 000014 (v00 BOCHS )
[STDOUT  ] 2018-01-15T13:29:24.222276102Z: [    0.000000] ACPI: RSDT 0x000000003FFE20A8 000034 (v01 BOCHS  BXPCRSDT 00000001 BXPC 00000001)
[STDOUT  ] 2018-01-15T13:29:24.222287467Z: [    0.000000] ACPI: FACP 0x000000003FFE1EC8 0000F4 (v03 BOCHS  BXPCFACP 00000001 BXPC 00000001)
[STDOUT  ] 2018-01-15T13:29:24.222295441Z: [    0.000000] ACPI: DSDT 0x000000003FFE0040 001E88 (v01 BOCHS  BXPCDSDT 00000001 BXPC 00000001)
[STDOUT  ] 2018-01-15T13:29:24.222304066Z: [    0.000000] ACPI: FACS 0x000000003FFE0000 000040
[STDOUT  ] 2018-01-15T13:29:24.222312251Z: [    0.000000] ACPI: APIC 0x000000003FFE1FBC 000078 (v01 BOCHS  BXPCAPIC 00000001 BXPC 00000001)
[STDOUT  ] 2018-01-15T13:29:24.222320294Z: [    0.000000] ACPI: HPET 0x000000003FFE2034 000038 (v01 BOCHS  BXPCHPET 00000001 BXPC 00000001)
[STDOUT  ] 2018-01-15T13:29:24.22232855Z: [    0.000000] ACPI: MCFG 0x000000003FFE206C 00003C (v01 BOCHS  BXPCMCFG 00000001 BXPC 00000001)
[STDOUT  ] 2018-01-15T13:29:24.222336777Z: [    0.000000] Zone ranges:
[STDOUT  ] 2018-01-15T13:29:24.222345414Z: [    0.000000]   DMA      [mem 0x0000000000001000-0x0000000000ffffff]
[STDOUT  ] 2018-01-15T13:29:24.222354968Z: [    0.000000]   DMA32    [mem 0x0000000001000000-0x000000003ffdefff]
[STDOUT  ] 2018-01-15T13:29:24.222363815Z: [    0.000000]   Normal   empty
[STDOUT  ] 2018-01-15T13:29:24.222372275Z: [    0.000000] Movable zone start for each node
[STDOUT  ] 2018-01-15T13:29:24.22238062Z: [    0.000000] Early memory node ranges
[STDOUT  ] 2018-01-15T13:29:24.222388906Z: [    0.000000]   node   0: [mem 0x0000000000001000-0x000000000009efff]
[STDOUT  ] 2018-01-15T13:29:24.222397412Z: [    0.000000]   node   0: [mem 0x0000000000100000-0x000000003ffdefff]
[STDOUT  ] 2018-01-15T13:29:24.222405915Z: [    0.000000] Initmem setup node 0 [mem 0x0000000000001000-0x000000003ffdefff]
[STDOUT  ] 2018-01-15T13:29:24.222414163Z: [    0.000000] ACPI: PM-Timer IO Port: 0x608
[STDOUT  ] 2018-01-15T13:29:24.22242335Z: [    0.000000] ACPI: LAPIC_NMI (acpi_id[0xff] dfl dfl lint[0x1])
[STDOUT  ] 2018-01-15T13:29:24.222431887Z: [    0.000000] IOAPIC[0]: apic_id 0, version 32, address 0xfec00000, GSI 0-23
[STDOUT  ] 2018-01-15T13:29:24.22244052Z: [    0.000000] ACPI: INT_SRC_OVR (bus 0 bus_irq 0 global_irq 2 dfl dfl)
[STDOUT  ] 2018-01-15T13:29:24.222450221Z: [    0.000000] ACPI: INT_SRC_OVR (bus 0 bus_irq 5 global_irq 5 high level)
[STDOUT  ] 2018-01-15T13:29:24.222458319Z: [    0.000000] ACPI: INT_SRC_OVR (bus 0 bus_irq 9 global_irq 9 high level)
[STDOUT  ] 2018-01-15T13:29:24.222474748Z: [    0.000000] ACPI: INT_SRC_OVR (bus 0 bus_irq 10 global_irq 10 high level)
[STDOUT  ] 2018-01-15T13:29:24.222483826Z: [    0.000000] ACPI: INT_SRC_OVR (bus 0 bus_irq 11 global_irq 11 high level)
[STDOUT  ] 2018-01-15T13:29:24.222492416Z: [    0.000000] Using ACPI (MADT) for SMP configuration information
[STDOUT  ] 2018-01-15T13:29:24.222500989Z: [    0.000000] ACPI: HPET id: 0x8086a201 base: 0xfed00000
[STDOUT  ] 2018-01-15T13:29:24.222509686Z: [    0.000000] smpboot: Allowing 1 CPUs, 0 hotplug CPUs
[STDOUT  ] 2018-01-15T13:29:24.222518369Z: [    0.000000] e820: [mem 0x40000000-0xafffffff] available for PCI devices
[STDOUT  ] 2018-01-15T13:29:24.222527035Z: [    0.000000] Booting paravirtualized kernel on bare hardware
[STDOUT  ] 2018-01-15T13:29:24.222535735Z: [    0.000000] clocksource: refined-jiffies: mask: 0xffffffff max_cycles: 0xffffffff, max_idle_ns: 19112604462750000 ns
[STDOUT  ] 2018-01-15T13:29:24.222547119Z: [    0.000000] setup_percpu: NR_CPUS:128 nr_cpumask_bits:128 nr_cpu_ids:1 nr_node_ids:1
[STDOUT  ] 2018-01-15T13:29:24.22256037Z: [    0.000000] percpu: Embedded 36 pages/cpu @ffffa108bde00000 s106904 r8192 d32360 u2097152
[STDOUT  ] 2018-01-15T13:29:24.222569238Z: [    0.000000] Built 1 zonelists in Zone order, mobility grouping on.  Total pages: 257896
[STDOUT  ] 2018-01-15T13:29:24.222577852Z: [    0.000000] Kernel command line: console=ttyS0 console=ttyAMA0
[STDOUT  ] 2018-01-15T13:29:24.222590383Z: [    0.000000] PID hash table entries: 4096 (order: 3, 32768 bytes)
[STDOUT  ] 2018-01-15T13:29:24.222599102Z: [    0.000000] Dentry cache hash table entries: 131072 (order: 8, 1048576 bytes)
[STDOUT  ] 2018-01-15T13:29:24.222607582Z: [    0.000000] Inode-cache hash table entries: 65536 (order: 7, 524288 bytes)
[STDOUT  ] 2018-01-15T13:29:24.222616607Z: [    0.000000] Memory: 981576K/1048052K available (8053K kernel code, 1391K rwdata, 2700K rodata, 1396K init, 564K bss, 66476K reserved, 0K cma-reserved)
[STDOUT  ] 2018-01-15T13:29:24.222627812Z: [    0.000000] Hierarchical RCU implementation.
[STDOUT  ] 2018-01-15T13:29:24.222636602Z: [    0.000000] 	Build-time adjustment of leaf fanout to 64.
[STDOUT  ] 2018-01-15T13:29:24.222645145Z: [    0.000000] 	RCU restricting CPUs from NR_CPUS=128 to nr_cpu_ids=1.
[STDOUT  ] 2018-01-15T13:29:24.222653453Z: [    0.000000] RCU: Adjusting geometry for rcu_fanout_leaf=64, nr_cpu_ids=1
[STDOUT  ] 2018-01-15T13:29:24.222661824Z: [    0.000000] NR_IRQS:8448 nr_irqs:256 16
[STDOUT  ] 2018-01-15T13:29:24.222670149Z: [    0.000000] Console: colour VGA+ 80x25
[STDOUT  ] 2018-01-15T13:29:24.222678911Z: [    0.000000] console [ttyS0] enabled
[STDOUT  ] 2018-01-15T13:29:24.222687399Z: [    0.000000] clocksource: hpet: mask: 0xffffffff max_cycles: 0xffffffff, max_idle_ns: 19112604467 ns
[STDOUT  ] 2018-01-15T13:29:24.222696593Z: [    0.000000] tsc: Fast TSC calibration using PIT
[STDOUT  ] 2018-01-15T13:29:24.222704967Z: [    0.000000] tsc: Detected 2599.900 MHz processor
[STDOUT  ] 2018-01-15T13:29:24.222713316Z: [    0.021601] Calibrating delay loop (skipped), value calculated using timer frequency.. 5199.80 BogoMIPS (lpj=25999000)
[STDOUT  ] 2018-01-15T13:29:24.222721695Z: [    0.022565] pid_max: default: 32768 minimum: 301
[STDOUT  ] 2018-01-15T13:29:24.22273016Z: [    0.023451] ACPI: Core revision 20160831
[STDOUT  ] 2018-01-15T13:29:24.222738527Z: [    0.048718] ACPI: 1 ACPI AML tables successfully acquired and loaded
[STDOUT  ] 2018-01-15T13:29:24.222746926Z: [    0.053101] Security Framework initialized
[STDOUT  ] 2018-01-15T13:29:24.222762357Z: [    0.053514] Yama: becoming mindful.
[STDOUT  ] 2018-01-15T13:29:24.222770741Z: [    0.055385] Mount-cache hash table entries: 2048 (order: 2, 16384 bytes)
[STDOUT  ] 2018-01-15T13:29:24.222779084Z: [    0.055813] Mountpoint-cache hash table entries: 2048 (order: 2, 16384 bytes)
[STDOUT  ] 2018-01-15T13:29:24.222787874Z: [    0.075670] Last level iTLB entries: 4KB 0, 2MB 0, 4MB 0
[STDOUT  ] 2018-01-15T13:29:24.222796765Z: [    0.076073] Last level dTLB entries: 4KB 0, 2MB 0, 4MB 0, 1GB 0
[STDOUT  ] 2018-01-15T13:29:24.222808788Z: [    0.390163] Freeing SMP alternatives memory: 20K
[STDOUT  ] 2018-01-15T13:29:24.222817381Z: [    0.399350] ftrace: allocating 35552 entries in 139 pages
[STDOUT  ] 2018-01-15T13:29:24.222825927Z: [    0.471532] smpboot: Max logical packages: 1
[STDOUT  ] 2018-01-15T13:29:24.222837775Z: [    0.478050] ..TIMER: vector=0x30 apic1=0 pin1=2 apic2=-1 pin2=-1
[STDOUT  ] 2018-01-15T13:29:24.222848896Z: [    0.580000] smpboot: CPU0: AMD QEMU Virtual CPU version 2.5+ (family: 0x6, model: 0x6, stepping: 0x3)
[STDOUT  ] 2018-01-15T13:29:24.222858537Z: [    0.580000] Performance Events: PMU not available due to virtualization, using software events only.
[STDOUT  ] 2018-01-15T13:29:24.222867194Z: [    0.588409] NMI watchdog: disabled (cpu0): hardware events not enabled
[STDOUT  ] 2018-01-15T13:29:24.222876167Z: [    0.588611] NMI watchdog: Shutting down hard lockup detector on all cpus
[STDOUT  ] 2018-01-15T13:29:24.222887255Z: [    0.591214] x86: Booted up 1 node, 1 CPUs
[STDOUT  ] 2018-01-15T13:29:24.222900755Z: [    0.591466] smpboot: Total of 1 processors activated (5199.80 BogoMIPS)
[STDOUT  ] 2018-01-15T13:29:24.222910745Z: [    0.606213] devtmpfs: initialized
[STDOUT  ] 2018-01-15T13:29:24.222919685Z: [    0.611854] x86/mm: Memory block size: 128MB
[STDOUT  ] 2018-01-15T13:29:24.222928807Z: [    0.644024] clocksource: jiffies: mask: 0xffffffff max_cycles: 0xffffffff, max_idle_ns: 19112604462750000 ns
[STDOUT  ] 2018-01-15T13:29:24.222937707Z: [    0.644913] futex hash table entries: 256 (order: 2, 16384 bytes)
[STDOUT  ] 2018-01-15T13:29:24.222945955Z: [    0.653158] NET: Registered protocol family 16
[STDOUT  ] 2018-01-15T13:29:24.222953197Z: [    0.661066] cpuidle: using governor ladder
[STDOUT  ] 2018-01-15T13:29:24.222958816Z: [    0.661406] cpuidle: using governor menu
[STDOUT  ] 2018-01-15T13:29:24.222964513Z: [    0.662710] ACPI: bus type PCI registered
[STDOUT  ] 2018-01-15T13:29:24.222969947Z: [    0.665814] PCI: MMCONFIG for domain 0000 [bus 00-ff] at [mem 0xb0000000-0xbfffffff] (base 0xb0000000)
[STDOUT  ] 2018-01-15T13:29:24.22297627Z: [    0.666284] PCI: MMCONFIG at [mem 0xb0000000-0xbfffffff] reserved in E820
[STDOUT  ] 2018-01-15T13:29:24.222982466Z: [    0.667115] PCI: Using configuration type 1 for base access
[STDOUT  ] 2018-01-15T13:29:24.222992929Z: [    0.702162] HugeTLB registered 2 MB page size, pre-allocated 0 pages
[STDOUT  ] 2018-01-15T13:29:24.223002396Z: [    0.712782] ACPI: Added _OSI(Module Device)
[STDOUT  ] 2018-01-15T13:29:24.223011048Z: [    0.713115] ACPI: Added _OSI(Processor Device)
[STDOUT  ] 2018-01-15T13:29:24.223019611Z: [    0.713327] ACPI: Added _OSI(3.0 _SCP Extensions)
[STDOUT  ] 2018-01-15T13:29:24.223028206Z: [    0.713542] ACPI: Added _OSI(Processor Aggregator Device)
[STDOUT  ] 2018-01-15T13:29:24.22303407Z: [    0.756867] ACPI: Interpreter enabled
[STDOUT  ] 2018-01-15T13:29:24.22303948Z: [    0.760452] ACPI: (supports S0 S5)
[STDOUT  ] 2018-01-15T13:29:24.223046884Z: [    0.760801] ACPI: Using IOAPIC for interrupt routing
[STDOUT  ] 2018-01-15T13:29:24.223052335Z: [    0.763167] PCI: Using host bridge windows from ACPI; if necessary, use "pci=nocrs" and report a bug
[STDOUT  ] 2018-01-15T13:29:24.223058284Z: [    0.803325] ACPI: PCI Root Bridge [PCI0] (domain 0000 [bus 00-ff])
[STDOUT  ] 2018-01-15T13:29:24.223068317Z: [    0.804499] acpi PNP0A08:00: _OSC: OS supports [ExtendedConfig ASPM ClockPM Segments MSI]
[STDOUT  ] 2018-01-15T13:29:24.223076493Z: [    0.809385] acpi PNP0A08:00: _OSC: OS now controls [PCIeHotplug PME PCIeCapability]
[STDOUT  ] 2018-01-15T13:29:24.223085022Z: [    0.813284] PCI host bridge to bus 0000:00
[STDOUT  ] 2018-01-15T13:29:24.223093865Z: [    0.813700] pci_bus 0000:00: root bus resource [io  0x0000-0x0cf7 window]
[STDOUT  ] 2018-01-15T13:29:24.22310251Z: [    0.814033] pci_bus 0000:00: root bus resource [io  0x0d00-0xffff window]
[STDOUT  ] 2018-01-15T13:29:24.22311362Z: [    0.814359] pci_bus 0000:00: root bus resource [mem 0x000a0000-0x000bffff window]
[STDOUT  ] 2018-01-15T13:29:24.223122067Z: [    0.814709] pci_bus 0000:00: root bus resource [mem 0xc0000000-0xfebfffff window]
[STDOUT  ] 2018-01-15T13:29:24.223134412Z: [    0.815223] pci_bus 0000:00: root bus resource [bus 00-ff]
[STDOUT  ] 2018-01-15T13:29:24.223140244Z: [    0.976895] pci 0000:00:1f.0: quirk: [io  0x0600-0x067f] claimed by ICH6 ACPI/GPIO/TCO
[STDOUT  ] 2018-01-15T13:29:24.22314595Z: [    1.065968] ACPI: PCI Interrupt Link [LNKA] (IRQs 5 *10 11)
[STDOUT  ] 2018-01-15T13:29:24.223151831Z: [    1.067900] ACPI: PCI Interrupt Link [LNKB] (IRQs 5 *10 11)
[STDOUT  ] 2018-01-15T13:29:24.223157311Z: [    1.070214] ACPI: PCI Interrupt Link [LNKC] (IRQs 5 10 *11)
[STDOUT  ] 2018-01-15T13:29:24.22316276Z: [    1.071650] ACPI: PCI Interrupt Link [LNKD] (IRQs 5 10 *11)
[STDOUT  ] 2018-01-15T13:29:24.223168652Z: [    1.072969] ACPI: PCI Interrupt Link [LNKE] (IRQs 5 *10 11)
[STDOUT  ] 2018-01-15T13:29:24.223177034Z: [    1.074192] ACPI: PCI Interrupt Link [LNKF] (IRQs 5 *10 11)
[STDOUT  ] 2018-01-15T13:29:24.223185724Z: [    1.075439] ACPI: PCI Interrupt Link [LNKG] (IRQs 5 10 *11)
[STDOUT  ] 2018-01-15T13:29:24.223201931Z: [    1.076727] ACPI: PCI Interrupt Link [LNKH] (IRQs 5 10 *11)
[STDOUT  ] 2018-01-15T13:29:24.223210452Z: [    1.077413] ACPI: PCI Interrupt Link [GSIA] (IRQs *16)
[STDOUT  ] 2018-01-15T13:29:24.223218822Z: [    1.077900] ACPI: PCI Interrupt Link [GSIB] (IRQs *17)
[STDOUT  ] 2018-01-15T13:29:24.223227038Z: [    1.078382] ACPI: PCI Interrupt Link [GSIC] (IRQs *18)
[STDOUT  ] 2018-01-15T13:29:24.223235329Z: [    1.078887] ACPI: PCI Interrupt Link [GSID] (IRQs *19)
[STDOUT  ] 2018-01-15T13:29:24.223243281Z: [    1.079363] ACPI: PCI Interrupt Link [GSIE] (IRQs *20)
[STDOUT  ] 2018-01-15T13:29:24.223248649Z: [    1.080385] ACPI: PCI Interrupt Link [GSIF] (IRQs *21)
[STDOUT  ] 2018-01-15T13:29:24.223254184Z: [    1.080853] ACPI: PCI Interrupt Link [GSIG] (IRQs *22)
[STDOUT  ] 2018-01-15T13:29:24.223261466Z: [    1.081325] ACPI: PCI Interrupt Link [GSIH] (IRQs *23)
[STDOUT  ] 2018-01-15T13:29:24.223270283Z: [    1.084360] ACPI: Enabled 1 GPEs in block 00 to 3F
[STDOUT  ] 2018-01-15T13:29:24.223278762Z: [    1.087397] SCSI subsystem initialized
[STDOUT  ] 2018-01-15T13:29:24.223287197Z: [    1.089101] ACPI: bus type USB registered
[STDOUT  ] 2018-01-15T13:29:24.223295522Z: [    1.090534] usbcore: registered new interface driver usbfs
[STDOUT  ] 2018-01-15T13:29:24.223303892Z: [    1.091291] usbcore: registered new interface driver hub
[STDOUT  ] 2018-01-15T13:29:24.223312195Z: [    1.092070] usbcore: registered new device driver usb
[STDOUT  ] 2018-01-15T13:29:24.223321004Z: [    1.093086] pps_core: LinuxPPS API ver. 1 registered
[STDOUT  ] 2018-01-15T13:29:24.223329296Z: [    1.093354] pps_core: Software ver. 5.3.6 - Copyright 2005-2007 Rodolfo Giometti <giometti@linux.it>
[STDOUT  ] 2018-01-15T13:29:24.223338135Z: [    1.093937] PTP clock support registered
[STDOUT  ] 2018-01-15T13:29:24.223346458Z: [    1.094949] wmi: Mapper loaded
[STDOUT  ] 2018-01-15T13:29:24.223355147Z: [    1.096052] PCI: Using ACPI for IRQ routing
[STDOUT  ] 2018-01-15T13:29:24.22336383Z: [    1.108629] NetLabel: Initializing
[STDOUT  ] 2018-01-15T13:29:24.223372239Z: [    1.108819] NetLabel:  domain hash size = 128
[STDOUT  ] 2018-01-15T13:29:24.22338098Z: [    1.109171] NetLabel:  protocols = UNLABELED CIPSOv4
[STDOUT  ] 2018-01-15T13:29:24.223389322Z: [    1.111321] NetLabel:  unlabeled traffic allowed by default
[STDOUT  ] 2018-01-15T13:29:24.223397563Z: [    1.112261] HPET: 3 timers in total, 0 timers will be used for per-cpu timer
[STDOUT  ] 2018-01-15T13:29:24.223405998Z: [    1.112957] hpet0: at MMIO 0xfed00000, IRQs 2, 8, 0
[STDOUT  ] 2018-01-15T13:29:24.223414496Z: [    1.113349] hpet0: 3 comparators, 64-bit 100.000000 MHz counter
[STDOUT  ] 2018-01-15T13:29:24.22342269Z: [    1.119444] clocksource: Switched to clocksource hpet
[STDOUT  ] 2018-01-15T13:29:24.223431173Z: [    1.276504] VFS: Disk quotas dquot_6.6.0
[STDOUT  ] 2018-01-15T13:29:24.223439754Z: [    1.277173] VFS: Dquot-cache hash table entries: 512 (order 0, 4096 bytes)
[STDOUT  ] 2018-01-15T13:29:24.223448262Z: [    1.280672] FS-Cache: Loaded
[STDOUT  ] 2018-01-15T13:29:24.223460278Z: [    1.285611] CacheFiles: Loaded
[STDOUT  ] 2018-01-15T13:29:24.223468716Z: [    1.287097] pnp: PnP ACPI init
[STDOUT  ] 2018-01-15T13:29:24.223476994Z: [    1.294956] pnp: PnP ACPI: found 5 devices
[STDOUT  ] 2018-01-15T13:29:24.223485253Z: [    1.331760] clocksource: acpi_pm: mask: 0xffffff max_cycles: 0xffffff, max_idle_ns: 2085701024 ns
[STDOUT  ] 2018-01-15T13:29:24.223493966Z: [    1.334823] NET: Registered protocol family 2
[STDOUT  ] 2018-01-15T13:29:24.223502216Z: [    1.343568] TCP established hash table entries: 8192 (order: 4, 65536 bytes)
[STDOUT  ] 2018-01-15T13:29:24.223510602Z: [    1.344104] TCP bind hash table entries: 8192 (order: 5, 131072 bytes)
[STDOUT  ] 2018-01-15T13:29:24.223519271Z: [    1.344730] TCP: Hash tables configured (established 8192 bind 8192)
[STDOUT  ] 2018-01-15T13:29:24.223527849Z: [    1.346494] UDP hash table entries: 512 (order: 2, 16384 bytes)
[STDOUT  ] 2018-01-15T13:29:24.223536222Z: [    1.346986] UDP-Lite hash table entries: 512 (order: 2, 16384 bytes)
[STDOUT  ] 2018-01-15T13:29:24.223547286Z: [    1.349041] NET: Registered protocol family 1
[STDOUT  ] 2018-01-15T13:29:24.223558192Z: [    1.350010] pci 0000:00:01.0: Video device with shadowed ROM at [mem 0x000c0000-0x000dffff]
[STDOUT  ] 2018-01-15T13:29:24.223566782Z: [    1.356880] Unpacking initramfs...
[STDOUT  ] 2018-01-15T13:29:24.223575017Z: [    5.503325] Freeing initrd memory: 32556K
[STDOUT  ] 2018-01-15T13:29:24.223585714Z: [    5.523046] PCLMULQDQ-NI instructions are not detected.
[STDOUT  ] 2018-01-15T13:29:24.223594338Z: [    5.524337] AVX or AES-NI instructions are not detected.
[STDOUT  ] 2018-01-15T13:29:24.223605089Z: [    5.524764] CPU feature 'AVX registers' is not supported.
[STDOUT  ] 2018-01-15T13:29:24.22361369Z: [    5.525107] CPU feature 'AVX registers' is not supported.
[STDOUT  ] 2018-01-15T13:29:24.223621955Z: [    5.525427] CPU feature 'AVX registers' is not supported.
[STDOUT  ] 2018-01-15T13:29:24.223630324Z: [    5.525710] CPU feature 'AVX registers' is not supported.
[STDOUT  ] 2018-01-15T13:29:24.223638637Z: [    5.526026] AVX2 or AES-NI instructions are not detected.
[STDOUT  ] 2018-01-15T13:29:24.223646997Z: [    5.526342] AVX2 instructions are not detected.
[STDOUT  ] 2018-01-15T13:29:24.223655264Z: [    5.532165] audit: initializing netlink subsys (disabled)
[STDOUT  ] 2018-01-15T13:29:24.22366356Z: [    5.533770] audit: type=2000 audit(1516022931.530:1): initialized
[STDOUT  ] 2018-01-15T13:29:24.223674341Z: [    5.539097] workingset: timestamp_bits=46 max_order=18 bucket_order=0
[STDOUT  ] 2018-01-15T13:29:24.223683192Z: [    5.543456] squashfs: version 4.0 (2009/01/31) Phillip Lougher
[STDOUT  ] 2018-01-15T13:29:24.223691636Z: [    5.546801] FS-Cache: Netfs 'cifs' registered for caching
[STDOUT  ] 2018-01-15T13:29:24.223700159Z: [    5.547655] fuse init (API version 7.26)
[STDOUT  ] 2018-01-15T13:29:24.22370845Z: [    5.552374] SGI XFS with ACLs, security attributes, no debug enabled
[STDOUT  ] 2018-01-15T13:29:24.223716831Z: [    5.557024] 9p: Installing v9fs 9p2000 file system support
[STDOUT  ] 2018-01-15T13:29:24.22372522Z: [    5.557522] FS-Cache: Netfs '9p' registered for caching
[STDOUT  ] 2018-01-15T13:29:24.223733509Z: [    5.579831] NET: Registered protocol family 38
[STDOUT  ] 2018-01-15T13:29:24.223741781Z: [    5.580797] Key type asymmetric registered
[STDOUT  ] 2018-01-15T13:29:24.223755496Z: [    5.581124] Asymmetric key parser 'x509' registered
[STDOUT  ] 2018-01-15T13:29:24.223764231Z: [    5.581940] Block layer SCSI generic (bsg) driver version 0.4 loaded (major 251)
[STDOUT  ] 2018-01-15T13:29:24.223772622Z: [    5.583475] io scheduler noop registered
[STDOUT  ] 2018-01-15T13:29:24.22378095Z: [    5.583767] io scheduler deadline registered (default)
[STDOUT  ] 2018-01-15T13:29:24.223789231Z: [    5.584441] io scheduler cfq registered
[STDOUT  ] 2018-01-15T13:29:24.223797519Z: [    5.586789] pci_hotplug: PCI Hot Plug PCI Core version: 0.5
[STDOUT  ] 2018-01-15T13:29:24.223805833Z: [    5.587274] pciehp: PCI Express Hot Plug Controller Driver version: 0.4
[STDOUT  ] 2018-01-15T13:29:24.223818377Z: [    5.587995] shpchp: Standard Hot Plug PCI Controller Driver version: 0.4
[STDOUT  ] 2018-01-15T13:29:24.223826884Z: [    5.588743] hv_vmbus: registering driver hyperv_fb
[STDOUT  ] 2018-01-15T13:29:24.223835374Z: [    5.592185] input: Power Button as /devices/LNXSYSTM:00/LNXPWRBN:00/input/input0
[STDOUT  ] 2018-01-15T13:29:24.223847065Z: [    5.593170] ACPI: Power Button [PWRF]
[STDOUT  ] 2018-01-15T13:29:24.223855442Z: [    5.597111] GHES: HEST is not enabled!
[STDOUT  ] 2018-01-15T13:29:24.223863802Z: [    5.604371] ACPI: PCI Interrupt Link [GSIG] enabled at IRQ 22
[STDOUT  ] 2018-01-15T13:29:24.223872271Z: [    5.616053] ACPI: PCI Interrupt Link [GSIH] enabled at IRQ 23
[STDOUT  ] 2018-01-15T13:29:24.223880531Z: [    5.621706] xenfs: not registering filesystem on non-xen platform
[STDOUT  ] 2018-01-15T13:29:24.223888872Z: [    5.623759] Serial: 8250/16550 driver, 4 ports, IRQ sharing disabled
[STDOUT  ] 2018-01-15T13:29:24.223900873Z: [    5.647636] 00:04: ttyS0 at I/O 0x3f8 (irq = 4, base_baud = 115200) is a 16550A
[STDOUT  ] 2018-01-15T13:29:24.223909405Z: [    5.657500] Non-volatile memory driver v1.3
[STDOUT  ] 2018-01-15T13:29:24.223920128Z: [    5.663388] Hangcheck: starting hangcheck timer 0.9.1 (tick is 180 seconds, margin is 60 seconds).
[STDOUT  ] 2018-01-15T13:29:24.223929226Z: [    5.667354] random: fast init done
[STDOUT  ] 2018-01-15T13:29:24.223937648Z: [    5.668521] random: crng init done
[STDOUT  ] 2018-01-15T13:29:24.223945926Z: [    5.694675] loop: module loaded
[STDOUT  ] 2018-01-15T13:29:24.223954323Z: [    5.706050] nbd: registered device at major 43
[STDOUT  ] 2018-01-15T13:29:24.223962654Z: [    5.736116] lpc_ich 0000:00:1f.0: I/O space for GPIO uninitialized
[STDOUT  ] 2018-01-15T13:29:24.223970863Z: [    5.737843] VMware PVSCSI driver - version 1.0.7.0-k
[STDERR  ] 2018-01-15T13:29:24.224107257Z: + RESULT=[    0.000000] Linux version 4.9.76-linuxkit (root@1dc47965cda0) (gcc version 6.4.0 (Alpine 6.4.0) ) #1 SMP Wed Jan 10 11:40:11 UTC 2018
[STDERR  ] 2018-01-15T13:29:24.224125218Z: [    0.000000] Command line: console=ttyS0 console=ttyAMA0
[STDERR  ] 2018-01-15T13:29:24.224134378Z: [    0.000000] x86/fpu: Legacy x87 FPU detected.
[STDERR  ] 2018-01-15T13:29:24.224146418Z: [    0.000000] x86/fpu: Using 'eager' FPU context switches.
[STDERR  ] 2018-01-15T13:29:24.224154728Z: [    0.000000] e820: BIOS-provided physical RAM map:
[STDERR  ] 2018-01-15T13:29:24.22416319Z: [    0.000000] BIOS-e820: [mem 0x0000000000000000-0x000000000009fbff] usable
[STDERR  ] 2018-01-15T13:29:24.224173943Z: [    0.000000] BIOS-e820: [mem 0x000000000009fc00-0x000000000009ffff] reserved
[STDERR  ] 2018-01-15T13:29:24.224182251Z: [    0.000000] BIOS-e820: [mem 0x00000000000f0000-0x00000000000fffff] reserved
[STDERR  ] 2018-01-15T13:29:24.224190368Z: [    0.000000] BIOS-e820: [mem 0x0000000000100000-0x000000003ffdefff] usable
[STDERR  ] 2018-01-15T13:29:24.224198841Z: [    0.000000] BIOS-e820: [mem 0x000000003ffdf000-0x000000003fffffff] reserved
[STDERR  ] 2018-01-15T13:29:24.224206948Z: [    0.000000] BIOS-e820: [mem 0x00000000b0000000-0x00000000bfffffff] reserved
[STDERR  ] 2018-01-15T13:29:24.224215403Z: [    0.000000] BIOS-e820: [mem 0x00000000fed1c000-0x00000000fed1ffff] reserved
[STDERR  ] 2018-01-15T13:29:24.224223462Z: [    0.000000] BIOS-e820: [mem 0x00000000fffc0000-0x00000000ffffffff] reserved
[STDERR  ] 2018-01-15T13:29:24.224231836Z: [    0.000000] NX (Execute Disable) protection: active
[STDERR  ] 2018-01-15T13:29:24.224240225Z: [    0.000000] SMBIOS 2.8 present.
[STDERR  ] 2018-01-15T13:29:24.22424845Z: [    0.000000] Kernel/User page tables isolation: disabled
[STDERR  ] 2018-01-15T13:29:24.224256983Z: [    0.000000] e820: last_pfn = 0x3ffdf max_arch_pfn = 0x400000000
[STDERR  ] 2018-01-15T13:29:24.22426527Z: [    0.000000] x86/PAT: Configuration [0-7]: WB  WC  UC- UC  WB  WC  UC- WT  
[STDERR  ] 2018-01-15T13:29:24.22427371Z: [    0.000000] found SMP MP-table at [mem 0x000f6aa0-0x000f6aaf] mapped at [ffffa108800f6aa0]
[STDERR  ] 2018-01-15T13:29:24.224289137Z: [    0.000000] RAMDISK: [mem 0x3e005000-0x3ffcffff]
[STDERR  ] 2018-01-15T13:29:24.224297709Z: [    0.000000] ACPI: Early table checksum verification disabled
[STDERR  ] 2018-01-15T13:29:24.224306202Z: [    0.000000] ACPI: RSDP 0x00000000000F68B0 000014 (v00 BOCHS )
[STDERR  ] 2018-01-15T13:29:24.224314694Z: [    0.000000] ACPI: RSDT 0x000000003FFE20A8 000034 (v01 BOCHS  BXPCRSDT 00000001 BXPC 00000001)
[STDERR  ] 2018-01-15T13:29:24.224323066Z: [    0.000000] ACPI: FACP 0x000000003FFE1EC8 0000F4 (v03 BOCHS  BXPCFACP 00000001 BXPC 00000001)
[STDERR  ] 2018-01-15T13:29:24.22433136Z: [    0.000000] ACPI: DSDT 0x000000003FFE0040 001E88 (v01 BOCHS  BXPCDSDT 00000001 BXPC 00000001)
[STDERR  ] 2018-01-15T13:29:24.224339663Z: [    0.000000] ACPI: FACS 0x000000003FFE0000 000040
[STDERR  ] 2018-01-15T13:29:24.224350817Z: [    0.000000] ACPI: APIC 0x000000003FFE1FBC 000078 (v01 BOCHS  BXPCAPIC 00000001 BXPC 00000001)
[STDERR  ] 2018-01-15T13:29:24.224363387Z: [    0.000000] ACPI: HPET 0x000000003FFE2034 000038 (v01 BOCHS  BXPCHPET 00000001 BXPC 00000001)
[STDERR  ] 2018-01-15T13:29:24.2243717Z: [    0.000000] ACPI: MCFG 0x000000003FFE206C 00003C (v01 BOCHS  BXPCMCFG 00000001 BXPC 00000001)
[STDERR  ] 2018-01-15T13:29:24.2243806Z: [    0.000000] Zone ranges:
[STDERR  ] 2018-01-15T13:29:24.224389051Z: [    0.000000]   DMA      [mem 0x0000000000001000-0x0000000000ffffff]
[STDERR  ] 2018-01-15T13:29:24.224397332Z: [    0.000000]   DMA32    [mem 0x0000000001000000-0x000000003ffdefff]
[STDERR  ] 2018-01-15T13:29:24.224405421Z: [    0.000000]   Normal   empty
[STDERR  ] 2018-01-15T13:29:24.224414131Z: [    0.000000] Movable zone start for each node
[STDERR  ] 2018-01-15T13:29:24.224422376Z: [    0.000000] Early memory node ranges
[STDERR  ] 2018-01-15T13:29:24.224430424Z: [    0.000000]   node   0: [mem 0x0000000000001000-0x000000000009efff]
[STDERR  ] 2018-01-15T13:29:24.224438453Z: [    0.000000]   node   0: [mem 0x0000000000100000-0x000000003ffdefff]
[STDERR  ] 2018-01-15T13:29:24.22444677Z: [    0.000000] Initmem setup node 0 [mem 0x0000000000001000-0x000000003ffdefff]
[STDERR  ] 2018-01-15T13:29:24.224454944Z: [    0.000000] ACPI: PM-Timer IO Port: 0x608
[STDERR  ] 2018-01-15T13:29:24.224463308Z: [    0.000000] ACPI: LAPIC_NMI (acpi_id[0xff] dfl dfl lint[0x1])
[STDERR  ] 2018-01-15T13:29:24.224471352Z: [    0.000000] IOAPIC[0]: apic_id 0, version 32, address 0xfec00000, GSI 0-23
[STDERR  ] 2018-01-15T13:29:24.224479435Z: [    0.000000] ACPI: INT_SRC_OVR (bus 0 bus_irq 0 global_irq 2 dfl dfl)
[STDERR  ] 2018-01-15T13:29:24.224487465Z: [    0.000000] ACPI: INT_SRC_OVR (bus 0 bus_irq 5 global_irq 5 high level)
[STDERR  ] 2018-01-15T13:29:24.224497797Z: [    0.000000] ACPI: INT_SRC_OVR (bus 0 bus_irq 9 global_irq 9 high level)
[STDERR  ] 2018-01-15T13:29:24.22450577Z: [    0.000000] ACPI: INT_SRC_OVR (bus 0 bus_irq 10 global_irq 10 high level)
[STDERR  ] 2018-01-15T13:29:24.224513906Z: [    0.000000] ACPI: INT_SRC_OVR (bus 0 bus_irq 11 global_irq 11 high level)
[STDERR  ] 2018-01-15T13:29:24.224521865Z: [    0.000000] Using ACPI (MADT) for SMP configuration information
[STDERR  ] 2018-01-15T13:29:24.224530168Z: [    0.000000] ACPI: HPET id: 0x8086a201 base: 0xfed00000
[STDERR  ] 2018-01-15T13:29:24.224538913Z: [    0.000000] smpboot: Allowing 1 CPUs, 0 hotplug CPUs
[STDERR  ] 2018-01-15T13:29:24.22454726Z: [    0.000000] e820: [mem 0x40000000-0xafffffff] available for PCI devices
[STDERR  ] 2018-01-15T13:29:24.22455518Z: [    0.000000] Booting paravirtualized kernel on bare hardware
[STDERR  ] 2018-01-15T13:29:24.224565498Z: [    0.000000] clocksource: refined-jiffies: mask: 0xffffffff max_cycles: 0xffffffff, max_idle_ns: 19112604462750000 ns
[STDERR  ] 2018-01-15T13:29:24.224574725Z: [    0.000000] setup_percpu: NR_CPUS:128 nr_cpumask_bits:128 nr_cpu_ids:1 nr_node_ids:1
[STDERR  ] 2018-01-15T13:29:24.224586003Z: [    0.000000] percpu: Embedded 36 pages/cpu @ffffa108bde00000 s106904 r8192 d32360 u2097152
[STDERR  ] 2018-01-15T13:29:24.224594753Z: [    0.000000] Built 1 zonelists in Zone order, mobility grouping on.  Total pages: 257896
[STDERR  ] 2018-01-15T13:29:24.224606243Z: [    0.000000] Kernel command line: console=ttyS0 console=ttyAMA0
[STDERR  ] 2018-01-15T13:29:24.224614287Z: [    0.000000] PID hash table entries: 4096 (order: 3, 32768 bytes)
[STDERR  ] 2018-01-15T13:29:24.224622217Z: [    0.000000] Dentry cache hash table entries: 131072 (order: 8, 1048576 bytes)
[STDERR  ] 2018-01-15T13:29:24.224630205Z: [    0.000000] Inode-cache hash table entries: 65536 (order: 7, 524288 bytes)
[STDERR  ] 2018-01-15T13:29:24.224638385Z: [    0.000000] Memory: 981576K/1048052K available (8053K kernel code, 1391K rwdata, 2700K rodata, 1396K init, 564K bss, 66476K reserved, 0K cma-reserved)
[STDERR  ] 2018-01-15T13:29:24.224647148Z: [    0.000000] Hierarchical RCU implementation.
[STDERR  ] 2018-01-15T13:29:24.224655279Z: [    0.000000] 	Build-time adjustment of leaf fanout to 64.
[STDERR  ] 2018-01-15T13:29:24.22466702Z: [    0.000000] 	RCU restricting CPUs from NR_CPUS=128 to nr_cpu_ids=1.
[STDERR  ] 2018-01-15T13:29:24.224675096Z: [    0.000000] RCU: Adjusting geometry for rcu_fanout_leaf=64, nr_cpu_ids=1
[STDERR  ] 2018-01-15T13:29:24.224682992Z: [    0.000000] NR_IRQS:8448 nr_irqs:256 16
[STDERR  ] 2018-01-15T13:29:24.224690946Z: [    0.000000] Console: colour VGA+ 80x25
[STDERR  ] 2018-01-15T13:29:24.224698836Z: [    0.000000] console [ttyS0] enabled
[STDERR  ] 2018-01-15T13:29:24.224709695Z: [    0.000000] clocksource: hpet: mask: 0xffffffff max_cycles: 0xffffffff, max_idle_ns: 19112604467 ns
[STDERR  ] 2018-01-15T13:29:24.224718004Z: [    0.000000] tsc: Fast TSC calibration using PIT
[STDERR  ] 2018-01-15T13:29:24.224725906Z: [    0.000000] tsc: Detected 2599.900 MHz processor
[STDERR  ] 2018-01-15T13:29:24.224733814Z: [    0.021601] Calibrating delay loop (skipped), value calculated using timer frequency.. 5199.80 BogoMIPS (lpj=25999000)
[STDERR  ] 2018-01-15T13:29:24.224742144Z: [    0.022565] pid_max: default: 32768 minimum: 301
[STDERR  ] 2018-01-15T13:29:24.224755693Z: [    0.023451] ACPI: Core revision 20160831
[STDERR  ] 2018-01-15T13:29:24.224763905Z: [    0.048718] ACPI: 1 ACPI AML tables successfully acquired and loaded
[STDERR  ] 2018-01-15T13:29:24.224771934Z: [    0.053101] Security Framework initialized
[STDERR  ] 2018-01-15T13:29:24.2247865Z: [    0.053514] Yama: becoming mindful.
[STDERR  ] 2018-01-15T13:29:24.224794553Z: [    0.055385] Mount-cache hash table entries: 2048 (order: 2, 16384 bytes)
[STDERR  ] 2018-01-15T13:29:24.224802546Z: [    0.055813] Mountpoint-cache hash table entries: 2048 (order: 2, 16384 bytes)
[STDERR  ] 2018-01-15T13:29:24.22481051Z: [    0.075670] Last level iTLB entries: 4KB 0, 2MB 0, 4MB 0
[STDERR  ] 2018-01-15T13:29:24.224818732Z: [    0.076073] Last level dTLB entries: 4KB 0, 2MB 0, 4MB 0, 1GB 0
[STDERR  ] 2018-01-15T13:29:24.2248266Z: [    0.390163] Freeing SMP alternatives memory: 20K
[STDERR  ] 2018-01-15T13:29:24.224834651Z: [    0.399350] ftrace: allocating 35552 entries in 139 pages
[STDERR  ] 2018-01-15T13:29:24.224842727Z: [    0.471532] smpboot: Max logical packages: 1
[STDERR  ] 2018-01-15T13:29:24.224850842Z: [    0.478050] ..TIMER: vector=0x30 apic1=0 pin1=2 apic2=-1 pin2=-1
[STDERR  ] 2018-01-15T13:29:24.224858861Z: [    0.580000] smpboot: CPU0: AMD QEMU Virtual CPU version 2.5+ (family: 0x6, model: 0x6, stepping: 0x3)
[STDERR  ] 2018-01-15T13:29:24.224867048Z: [    0.580000] Performance Events: PMU not available due to virtualization, using software events only.
[STDERR  ] 2018-01-15T13:29:24.224875712Z: [    0.588409] NMI watchdog: disabled (cpu0): hardware events not enabled
[STDERR  ] 2018-01-15T13:29:24.224883824Z: [    0.588611] NMI watchdog: Shutting down hard lockup detector on all cpus
[STDERR  ] 2018-01-15T13:29:24.224891857Z: [    0.591214] x86: Booted up 1 node, 1 CPUs
[STDERR  ] 2018-01-15T13:29:24.22489982Z: [    0.591466] smpboot: Total of 1 processors activated (5199.80 BogoMIPS)
[STDERR  ] 2018-01-15T13:29:24.224907917Z: [    0.606213] devtmpfs: initialized
[STDERR  ] 2018-01-15T13:29:24.224915771Z: [    0.611854] x86/mm: Memory block size: 128MB
[STDERR  ] 2018-01-15T13:29:24.224927147Z: [    0.644024] clocksource: jiffies: mask: 0xffffffff max_cycles: 0xffffffff, max_idle_ns: 19112604462750000 ns
[STDERR  ] 2018-01-15T13:29:24.224935337Z: [    0.644913] futex hash table entries: 256 (order: 2, 16384 bytes)
[STDERR  ] 2018-01-15T13:29:24.224943482Z: [    0.653158] NET: Registered protocol family 16
[STDERR  ] 2018-01-15T13:29:24.224951313Z: [    0.661066] cpuidle: using governor ladder
[STDERR  ] 2018-01-15T13:29:24.224959268Z: [    0.661406] cpuidle: using governor menu
[STDERR  ] 2018-01-15T13:29:24.224967234Z: [    0.662710] ACPI: bus type PCI registered
[STDERR  ] 2018-01-15T13:29:24.224977701Z: [    0.665814] PCI: MMCONFIG for domain 0000 [bus 00-ff] at [mem 0xb0000000-0xbfffffff] (base 0xb0000000)
[STDERR  ] 2018-01-15T13:29:24.224985844Z: [    0.666284] PCI: MMCONFIG at [mem 0xb0000000-0xbfffffff] reserved in E820
[STDERR  ] 2018-01-15T13:29:24.224997377Z: [    0.667115] PCI: Using configuration type 1 for base access
[STDERR  ] 2018-01-15T13:29:24.22500539Z: [    0.702162] HugeTLB registered 2 MB page size, pre-allocated 0 pages
[STDERR  ] 2018-01-15T13:29:24.225015262Z: [    0.712782] ACPI: Added _OSI(Module Device)
[STDERR  ] 2018-01-15T13:29:24.225024117Z: [    0.713115] ACPI: Added _OSI(Processor Device)
[STDERR  ] 2018-01-15T13:29:24.225032087Z: [    0.713327] ACPI: Added _OSI(3.0 _SCP Extensions)
[STDERR  ] 2018-01-15T13:29:24.225040002Z: [    0.713542] ACPI: Added _OSI(Processor Aggregator Device)
[STDERR  ] 2018-01-15T13:29:24.225047956Z: [    0.756867] ACPI: Interpreter enabled
[STDERR  ] 2018-01-15T13:29:24.225056029Z: [    0.760452] ACPI: (supports S0 S5)
[STDERR  ] 2018-01-15T13:29:24.225063961Z: [    0.760801] ACPI: Using IOAPIC for interrupt routing
[STDERR  ] 2018-01-15T13:29:24.225071814Z: [    0.763167] PCI: Using host bridge windows from ACPI; if necessary, use "pci=nocrs" and report a bug
[STDERR  ] 2018-01-15T13:29:24.225079821Z: [    0.803325] ACPI: PCI Root Bridge [PCI0] (domain 0000 [bus 00-ff])
[STDERR  ] 2018-01-15T13:29:24.225087808Z: [    0.804499] acpi PNP0A08:00: _OSC: OS supports [ExtendedConfig ASPM ClockPM Segments MSI]
[STDERR  ] 2018-01-15T13:29:24.225098352Z: [    0.809385] acpi PNP0A08:00: _OSC: OS now controls [PCIeHotplug PME PCIeCapability]
[STDERR  ] 2018-01-15T13:29:24.22510649Z: [    0.813284] PCI host bridge to bus 0000:00
[STDERR  ] 2018-01-15T13:29:24.225114529Z: [    0.813700] pci_bus 0000:00: root bus resource [io  0x0000-0x0cf7 window]
[STDERR  ] 2018-01-15T13:29:24.225122853Z: [    0.814033] pci_bus 0000:00: root bus resource [io  0x0d00-0xffff window]
[STDERR  ] 2018-01-15T13:29:24.225130769Z: [    0.814359] pci_bus 0000:00: root bus resource [mem 0x000a0000-0x000bffff window]
[STDERR  ] 2018-01-15T13:29:24.225138682Z: [    0.814709] pci_bus 0000:00: root bus resource [mem 0xc0000000-0xfebfffff window]
[STDERR  ] 2018-01-15T13:29:24.225146674Z: [    0.815223] pci_bus 0000:00: root bus resource [bus 00-ff]
[STDERR  ] 2018-01-15T13:29:24.225154597Z: [    0.976895] pci 0000:00:1f.0: quirk: [io  0x0600-0x067f] claimed by ICH6 ACPI/GPIO/TCO
[STDERR  ] 2018-01-15T13:29:24.225163003Z: [    1.065968] ACPI: PCI Interrupt Link [LNKA] (IRQs 5 *10 11)
[STDERR  ] 2018-01-15T13:29:24.225171046Z: [    1.067900] ACPI: PCI Interrupt Link [LNKB] (IRQs 5 *10 11)
[STDERR  ] 2018-01-15T13:29:24.225178991Z: [    1.070214] ACPI: PCI Interrupt Link [LNKC] (IRQs 5 10 *11)
[STDERR  ] 2018-01-15T13:29:24.225186917Z: [    1.071650] ACPI: PCI Interrupt Link [LNKD] (IRQs 5 10 *11)
[STDERR  ] 2018-01-15T13:29:24.22519476Z: [    1.072969] ACPI: PCI Interrupt Link [LNKE] (IRQs 5 *10 11)
[STDERR  ] 2018-01-15T13:29:24.225205391Z: [    1.074192] ACPI: PCI Interrupt Link [LNKF] (IRQs 5 *10 11)
[STDERR  ] 2018-01-15T13:29:24.225213257Z: [    1.075439] ACPI: PCI Interrupt Link [LNKG] (IRQs 5 10 *11)
[STDERR  ] 2018-01-15T13:29:24.225221243Z: [    1.076727] ACPI: PCI Interrupt Link [LNKH] (IRQs 5 10 *11)
[STDERR  ] 2018-01-15T13:29:24.225229149Z: [    1.077413] ACPI: PCI Interrupt Link [GSIA] (IRQs *16)
[STDERR  ] 2018-01-15T13:29:24.225240374Z: [    1.077900] ACPI: PCI Interrupt Link [GSIB] (IRQs *17)
[STDERR  ] 2018-01-15T13:29:24.225248471Z: [    1.078382] ACPI: PCI Interrupt Link [GSIC] (IRQs *18)
[STDERR  ] 2018-01-15T13:29:24.225259136Z: [    1.078887] ACPI: PCI Interrupt Link [GSID] (IRQs *19)
[STDERR  ] 2018-01-15T13:29:24.225267144Z: [    1.079363] ACPI: PCI Interrupt Link [GSIE] (IRQs *20)
[STDERR  ] 2018-01-15T13:29:24.225275142Z: [    1.080385] ACPI: PCI Interrupt Link [GSIF] (IRQs *21)
[STDERR  ] 2018-01-15T13:29:24.225283292Z: [    1.080853] ACPI: PCI Interrupt Link [GSIG] (IRQs *22)
[STDERR  ] 2018-01-15T13:29:24.225291308Z: [    1.081325] ACPI: PCI Interrupt Link [GSIH] (IRQs *23)
[STDERR  ] 2018-01-15T13:29:24.225299313Z: [    1.084360] ACPI: Enabled 1 GPEs in block 00 to 3F
[STDERR  ] 2018-01-15T13:29:24.225307296Z: [    1.087397] SCSI subsystem initialized
[STDERR  ] 2018-01-15T13:29:24.225319289Z: [    1.089101] ACPI: bus type USB registered
[STDERR  ] 2018-01-15T13:29:24.22532755Z: [    1.090534] usbcore: registered new interface driver usbfs
[STDERR  ] 2018-01-15T13:29:24.22533555Z: [    1.091291] usbcore: registered new interface driver hub
[STDERR  ] 2018-01-15T13:29:24.225343379Z: [    1.092070] usbcore: registered new device driver usb
[STDERR  ] 2018-01-15T13:29:24.225351647Z: [    1.093086] pps_core: LinuxPPS API ver. 1 registered
[STDERR  ] 2018-01-15T13:29:24.225359548Z: [    1.093354] pps_core: Software ver. 5.3.6 - Copyright 2005-2007 Rodolfo Giometti <giometti@linux.it>
[STDERR  ] 2018-01-15T13:29:24.225367585Z: [    1.093937] PTP clock support registered
[STDERR  ] 2018-01-15T13:29:24.225375873Z: [    1.094949] wmi: Mapper loaded
[STDERR  ] 2018-01-15T13:29:24.225383983Z: [    1.096052] PCI: Using ACPI for IRQ routing
[STDERR  ] 2018-01-15T13:29:24.225392097Z: [    1.108629] NetLabel: Initializing
[STDERR  ] 2018-01-15T13:29:24.225400135Z: [    1.108819] NetLabel:  domain hash size = 128
[STDERR  ] 2018-01-15T13:29:24.225408114Z: [    1.109171] NetLabel:  protocols = UNLABELED CIPSOv4
[STDERR  ] 2018-01-15T13:29:24.225416184Z: [    1.111321] NetLabel:  unlabeled traffic allowed by default
[STDERR  ] 2018-01-15T13:29:24.225425924Z: [    1.112261] HPET: 3 timers in total, 0 timers will be used for per-cpu timer
[STDERR  ] 2018-01-15T13:29:24.225434064Z: [    1.112957] hpet0: at MMIO 0xfed00000, IRQs 2, 8, 0
[STDERR  ] 2018-01-15T13:29:24.225442058Z: [    1.113349] hpet0: 3 comparators, 64-bit 100.000000 MHz counter
[STDERR  ] 2018-01-15T13:29:24.225450201Z: [    1.119444] clocksource: Switched to clocksource hpet
[STDERR  ] 2018-01-15T13:29:24.225458138Z: [    1.276504] VFS: Disk quotas dquot_6.6.0
[STDERR  ] 2018-01-15T13:29:24.225466087Z: [    1.277173] VFS: Dquot-cache hash table entries: 512 (order 0, 4096 bytes)
[STDERR  ] 2018-01-15T13:29:24.2254742Z: [    1.280672] FS-Cache: Loaded
[STDERR  ] 2018-01-15T13:29:24.225482521Z: [    1.285611] CacheFiles: Loaded
[STDERR  ] 2018-01-15T13:29:24.22549116Z: [    1.287097] pnp: PnP ACPI init
[STDERR  ] 2018-01-15T13:29:24.225499138Z: [    1.294956] pnp: PnP ACPI: found 5 devices
[STDERR  ] 2018-01-15T13:29:24.225507255Z: [    1.331760] clocksource: acpi_pm: mask: 0xffffff max_cycles: 0xffffff, max_idle_ns: 2085701024 ns
[STDERR  ] 2018-01-15T13:29:24.225517629Z: [    1.334823] NET: Registered protocol family 2
[STDERR  ] 2018-01-15T13:29:24.225528007Z: [    1.343568] TCP established hash table entries: 8192 (order: 4, 65536 bytes)
[STDERR  ] 2018-01-15T13:29:24.225536115Z: [    1.344104] TCP bind hash table entries: 8192 (order: 5, 131072 bytes)
[STDERR  ] 2018-01-15T13:29:24.225544349Z: [    1.344730] TCP: Hash tables configured (established 8192 bind 8192)
[STDERR  ] 2018-01-15T13:29:24.225552226Z: [    1.346494] UDP hash table entries: 512 (order: 2, 16384 bytes)
[STDERR  ] 2018-01-15T13:29:24.225560163Z: [    1.346986] UDP-Lite hash table entries: 512 (order: 2, 16384 bytes)
[STDERR  ] 2018-01-15T13:29:24.22556845Z: [    1.349041] NET: Registered protocol family 1
[STDERR  ] 2018-01-15T13:29:24.225576543Z: [    1.350010] pci 0000:00:01.0: Video device with shadowed ROM at [mem 0x000c0000-0x000dffff]
[STDERR  ] 2018-01-15T13:29:24.225588107Z: [    1.356880] Unpacking initramfs...
[STDERR  ] 2018-01-15T13:29:24.225596419Z: [    5.503325] Freeing initrd memory: 32556K
[STDERR  ] 2018-01-15T13:29:24.22560444Z: [    5.523046] PCLMULQDQ-NI instructions are not detected.
[STDERR  ] 2018-01-15T13:29:24.225612376Z: [    5.524337] AVX or AES-NI instructions are not detected.
[STDERR  ] 2018-01-15T13:29:24.225620267Z: [    5.524764] CPU feature 'AVX registers' is not supported.
[STDERR  ] 2018-01-15T13:29:24.225628172Z: [    5.525107] CPU feature 'AVX registers' is not supported.
[STDERR  ] 2018-01-15T13:29:24.225636116Z: [    5.525427] CPU feature 'AVX registers' is not supported.
[STDERR  ] 2018-01-15T13:29:24.225644113Z: [    5.525710] CPU feature 'AVX registers' is not supported.
[STDERR  ] 2018-01-15T13:29:24.225654318Z: [    5.526026] AVX2 or AES-NI instructions are not detected.
[STDERR  ] 2018-01-15T13:29:24.225666036Z: [    5.526342] AVX2 instructions are not detected.
[STDERR  ] 2018-01-15T13:29:24.225674018Z: [    5.532165] audit: initializing netlink subsys (disabled)
[STDERR  ] 2018-01-15T13:29:24.225682257Z: [    5.533770] audit: type=2000 audit(1516022931.530:1): initialized
[STDERR  ] 2018-01-15T13:29:24.225690015Z: [    5.539097] workingset: timestamp_bits=46 max_order=18 bucket_order=0
[STDERR  ] 2018-01-15T13:29:24.225697448Z: [    5.543456] squashfs: version 4.0 (2009/01/31) Phillip Lougher
[STDERR  ] 2018-01-15T13:29:24.225705318Z: [    5.546801] FS-Cache: Netfs 'cifs' registered for caching
[STDERR  ] 2018-01-15T13:29:24.225713316Z: [    5.547655] fuse init (API version 7.26)
[STDERR  ] 2018-01-15T13:29:24.225723941Z: [    5.552374] SGI XFS with ACLs, security attributes, no debug enabled
[STDERR  ] 2018-01-15T13:29:24.225731942Z: [    5.557024] 9p: Installing v9fs 9p2000 file system support
[STDERR  ] 2018-01-15T13:29:24.225739897Z: [    5.557522] FS-Cache: Netfs '9p' registered for caching
[STDERR  ] 2018-01-15T13:29:24.225747851Z: [    5.579831] NET: Registered protocol family 38
[STDERR  ] 2018-01-15T13:29:24.225761177Z: [    5.580797] Key type asymmetric registered
[STDERR  ] 2018-01-15T13:29:24.225769181Z: [    5.581124] Asymmetric key parser 'x509' registered
[STDERR  ] 2018-01-15T13:29:24.225779814Z: [    5.581940] Block layer SCSI generic (bsg) driver version 0.4 loaded (major 251)
[STDERR  ] 2018-01-15T13:29:24.22578774Z: [    5.583475] io scheduler noop registered
[STDERR  ] 2018-01-15T13:29:24.225795748Z: [    5.583767] io scheduler deadline registered (default)
[STDERR  ] 2018-01-15T13:29:24.225805332Z: [    5.584441] io scheduler cfq registered
[STDERR  ] 2018-01-15T13:29:24.225813488Z: [    5.586789] pci_hotplug: PCI Hot Plug PCI Core version: 0.5
[STDERR  ] 2018-01-15T13:29:24.225821421Z: [    5.587274] pciehp: PCI Express Hot Plug Controller Driver version: 0.4
[STDERR  ] 2018-01-15T13:29:24.225829538Z: [    5.587995] shpchp: Standard Hot Plug PCI Controller Driver version: 0.4
[STDERR  ] 2018-01-15T13:29:24.225840177Z: [    5.588743] hv_vmbus: registering driver hyperv_fb
[STDERR  ] 2018-01-15T13:29:24.225848055Z: [    5.592185] input: Power Button as /devices/LNXSYSTM:00/LNXPWRBN:00/input/input0
[STDERR  ] 2018-01-15T13:29:24.225856061Z: [    5.593170] ACPI: Power Button [PWRF]
[STDERR  ] 2018-01-15T13:29:24.225866256Z: [    5.597111] GHES: HEST is not enabled!
[STDERR  ] 2018-01-15T13:29:24.225874322Z: [    5.604371] ACPI: PCI Interrupt Link [GSIG] enabled at IRQ 22
[STDERR  ] 2018-01-15T13:29:24.225882507Z: [    5.616053] ACPI: PCI Interrupt Link [GSIH] enabled at IRQ 23
[STDERR  ] 2018-01-15T13:29:24.225890766Z: [    5.621706] xenfs: not registering filesystem on non-xen platform
[STDERR  ] 2018-01-15T13:29:24.225898696Z: [    5.623759] Serial: 8250/16550 driver, 4 ports, IRQ sharing disabled
[STDERR  ] 2018-01-15T13:29:24.225906753Z: [    5.647636] 00:04: ttyS0 at I/O 0x3f8 (irq = 4, base_baud = 115200) is a 16550A
[STDERR  ] 2018-01-15T13:29:24.225914897Z: [    5.657500] Non-volatile memory driver v1.3
[STDERR  ] 2018-01-15T13:29:24.225926096Z: [    5.663388] Hangcheck: starting hangcheck timer 0.9.1 (tick is 180 seconds, margin is 60 seconds).
[STDERR  ] 2018-01-15T13:29:24.225934331Z: [    5.667354] random: fast init done
[STDERR  ] 2018-01-15T13:29:24.225942319Z: [    5.668521] random: crng init done
[STDERR  ] 2018-01-15T13:29:24.22595054Z: [    5.694675] loop: module loaded
[STDERR  ] 2018-01-15T13:29:24.225958657Z: [    5.706050] nbd: registered device at major 43
[STDERR  ] 2018-01-15T13:29:24.225966518Z: [    5.736116] lpc_ich 0000:00:1f.0: I/O space for GPIO uninitialized
[STDERR  ] 2018-01-15T13:29:24.225974546Z: [    5.737843] VMware PVSCSI driver - version 1.0.7.0-k
[STDERR  ] 2018-01-15T13:29:24.225982647Z: [    5.738512] hv_vmbus: registering driver hv_storvsc
[STDERR  ] 2018-01-15T13:29:24.225990588Z: [    5.744768] ACPI: PCI Interrupt Link [GSIA] enabled at IRQ 16
[STDERR  ] 2018-01-15T13:29:24.226002133Z: [    5.752204] ahci 0000:00:1f.2: AHCI 0001.0000 32 slots 6 ports 1.5 Gbps 0x3f impl SATA mode
[STDERR  ] 2018-01-15T13:29:24.22601034Z: [    5.752816] ahci 0000:00:1f.2: flags: 64bit ncq only 
[STDERR  ] 2018-01-15T13:29:24.22601827Z: [    5.767285] scsi host0: ahci
[STDERR  ] 2018-01-15T13:29:24.226026298Z: [    5.770449] scsi host1: ahci
[STDERR  ] 2018-01-15T13:29:24.226034277Z: [    5.772104] scsi host2: ahci
[STDERR  ] 2018-01-15T13:29:24.226042219Z: [    5.773663] scsi host3: ahci
[STDERR  ] 2018-01-15T13:29:24.2260502Z: [    5.775206] scsi host4: ahci
[STDERR  ] 2018-01-15T13:29:24.226058244Z: [    5.776799] scsi host5: ahci
[STDERR  ] 2018-01-15T13:29:24.226066165Z: [    5.778214] ata1: SATA max UDMA/133 abar m4096@0xfebd2000 port 0xfebd2100 irq 24
[STDERR  ] 2018-01-15T13:29:24.226074256Z: [    5.778579] ata2: SATA max UDMA/133 abar m4096@0xfebd2000 port 0xfebd2180 irq 24
[STDERR  ] 2018-01-15T13:29:24.226082294Z: [    5.778904] ata3: SATA max UDMA/133 abar m4096@0xfebd2000 port 0xfebd2200 irq 24
[STDERR  ] 2018-01-15T13:29:24.226090086Z: [    5.779255] ata4: SATA max UDMA/133 abar m4096@0xfebd2000 port 0xfebd2280 irq 24
[STDERR  ] 2018-01-15T13:29:24.22609802Z: [    5.779566] ata5: SATA max UDMA/133 abar m4096@0xfebd2000 port 0xfebd2300 irq 24
[STDERR  ] 2018-01-15T13:29:24.226106061Z: [    5.779865] ata6: SATA max UDMA/133 abar m4096@0xfebd2000 port 0xfebd2380 irq 24
[STDERR  ] 2018-01-15T13:29:24.226114155Z: [    5.790002] tun: Universal TUN/TAP device driver, 1.6
[STDERR  ] 2018-01-15T13:29:24.226122053Z: [    5.790617] tun: (C) 1999-2004 Max Krasnyansky <maxk@qualcomm.com>
[STDERR  ] 2018-01-15T13:29:24.226130148Z: [    5.800559] VMware vmxnet3 virtual NIC driver - version 1.4.a.0-k-NAPI
[STDERR  ] 2018-01-15T13:29:24.226138475Z: [    5.801834] hv_vmbus: registering driver hv_netvsc
[STDERR  ] 2018-01-15T13:29:24.226146343Z: [    5.802110] Fusion MPT base driver 3.04.20
[STDERR  ] 2018-01-15T13:29:24.226154705Z: [    5.802358] Copyright (c) 1999-2008 LSI Corporation
[STDERR  ] 2018-01-15T13:29:24.226162575Z: [    5.802890] Fusion MPT SPI Host driver 3.04.20
[STDERR  ] 2018-01-15T13:29:24.226170543Z: [    5.804527] i8042: PNP: PS/2 Controller [PNP0303:KBD,PNP0f13:MOU] at 0x60,0x64 irq 1,12
[STDERR  ] 2018-01-15T13:29:24.226179073Z: [    5.808151] serio: i8042 KBD port at 0x60,0x64 irq 1
[STDERR  ] 2018-01-15T13:29:24.22618874Z: [    5.808626] serio: i8042 AUX port at 0x60,0x64 irq 12
[STDERR  ] 2018-01-15T13:29:24.22619661Z: [    5.811408] hv_vmbus: registering driver hyperv_keyboard
[STDERR  ] 2018-01-15T13:29:24.226205327Z: [    5.813176] mousedev: PS/2 mouse device common for all mice
[STDERR  ] 2018-01-15T13:29:24.226218055Z: [    5.817249] input: AT Translated Set 2 keyboard as /devices/platform/i8042/serio0/input/input1
[STDERR  ] 2018-01-15T13:29:24.226226191Z: [    5.819507] input: PC Speaker as /devices/platform/pcspkr/input/input2
[STDERR  ] 2018-01-15T13:29:24.226234222Z: [    5.823024] rtc_cmos 00:00: RTC can wake from S4
[STDERR  ] 2018-01-15T13:29:24.226241867Z: [    5.826040] rtc_cmos 00:00: rtc core: registered rtc_cmos as rtc0
[STDERR  ] 2018-01-15T13:29:24.226250392Z: [    5.827100] rtc_cmos 00:00: alarms up to one day, y3k, 114 bytes nvram, hpet irqs
[STDERR  ] 2018-01-15T13:29:24.226262804Z: [    5.827669] i2c /dev entries driver
[STDERR  ] 2018-01-15T13:29:24.22627133Z: [    5.829276] device-mapper: ioctl: 4.35.0-ioctl (2016-06-23) initialised: dm-devel@redhat.com
[STDERR  ] 2018-01-15T13:29:24.226279852Z: [    5.833220] usbcore: registered new interface driver usbhid
[STDERR  ] 2018-01-15T13:29:24.22628798Z: [    5.833552] usbhid: USB HID core driver
[STDERR  ] 2018-01-15T13:29:24.226295945Z: [    5.834013] hv_utils: Registering HyperV Utility Driver
[STDERR  ] 2018-01-15T13:29:24.226304324Z: [    5.834252] hv_vmbus: registering driver hv_util
[STDERR  ] 2018-01-15T13:29:24.226312722Z: [    5.834474] hv_vmbus: registering driver hv_balloon
[STDERR  ] 2018-01-15T13:29:24.226321132Z: [    5.834931] oprofile: using NMI interrupt.
[STDERR  ] 2018-01-15T13:29:24.226329522Z: [    5.835946] GACT probability on
[STDERR  ] 2018-01-15T13:29:24.226342624Z: [    5.836409] Mirror/redirect action on
[STDERR  ] 2018-01-15T13:29:24.226355723Z: [    5.837182] Simple TC action Loaded
[STDERR  ] 2018-01-15T13:29:24.22636412Z: [    5.837666] u32 classifier
[STDERR  ] 2018-01-15T13:29:24.226372865Z: [    5.837805]     Performance counters on
[STDERR  ] 2018-01-15T13:29:24.226381146Z: [    5.837981]     input device check on
[STDERR  ] 2018-01-15T13:29:24.226389437Z: [    5.838161]     Actions configured
[STDERR  ] 2018-01-15T13:29:24.226397738Z: [    5.838681] Netfilter messages via NETLINK v0.30.
[STDERR  ] 2018-01-15T13:29:24.226406108Z: [    5.839174] nfnl_acct: registering with nfnetlink.
[STDERR  ] 2018-01-15T13:29:24.226414696Z: [    5.840727] nf_conntrack version 0.5.0 (8192 buckets, 32768 max)
[STDERR  ] 2018-01-15T13:29:24.226423486Z: [    5.843757] ctnetlink v0.93: registering with nfnetlink.
[STDERR  ] 2018-01-15T13:29:24.226431706Z: [    5.846944] nf_tables: (c) 2007-2009 Patrick McHardy <kaber@trash.net>
[STDERR  ] 2018-01-15T13:29:24.226440171Z: [    5.847644] nf_tables_compat: (c) 2012 Pablo Neira Ayuso <pablo@netfilter.org>
[STDERR  ] 2018-01-15T13:29:24.226450969Z: [    5.849709] xt_time: kernel timezone is -0000
[STDERR  ] 2018-01-15T13:29:24.226459288Z: [    5.850505] ip_set: protocol 6
[STDERR  ] 2018-01-15T13:29:24.226467694Z: [    5.851106] IPVS: Registered protocols (TCP, UDP, SCTP, AH, ESP)
[STDERR  ] 2018-01-15T13:29:24.226475897Z: [    5.851619] IPVS: Connection hash table configured (size=4096, memory=64Kbytes)
[STDERR  ] 2018-01-15T13:29:24.226484241Z: [    5.853176] IPVS: Creating netns size=2104 id=0
[STDERR  ] 2018-01-15T13:29:24.226492862Z: [    5.855925] IPVS: ipvs loaded.
[STDERR  ] 2018-01-15T13:29:24.226501512Z: [    5.856242] IPVS: [rr] scheduler registered.
[STDERR  ] 2018-01-15T13:29:24.226509929Z: [    5.856574] IPVS: [wrr] scheduler registered.
[STDERR  ] 2018-01-15T13:29:24.226518246Z: [    5.856828] IPVS: [lc] scheduler registered.
[STDERR  ] 2018-01-15T13:29:24.226526467Z: [    5.857003] IPVS: [wlc] scheduler registered.
[STDERR  ] 2018-01-15T13:29:24.226534682Z: [    5.857182] IPVS: [fo] scheduler registered.
[STDERR  ] 2018-01-15T13:29:24.226542969Z: [    5.857374] IPVS: [ovf] scheduler registered.
[STDERR  ] 2018-01-15T13:29:24.226551564Z: [    5.857739] IPVS: [lblc] scheduler registered.
[STDERR  ] 2018-01-15T13:29:24.226559972Z: [    5.858105] IPVS: [lblcr] scheduler registered.
[STDERR  ] 2018-01-15T13:29:24.226568213Z: [    5.858371] IPVS: [dh] scheduler registered.
[STDERR  ] 2018-01-15T13:29:24.226576783Z: [    5.858559] IPVS: [sh] scheduler registered.
[STDERR  ] 2018-01-15T13:29:24.226585062Z: [    5.858855] IPVS: [sed] scheduler registered.
[STDERR  ] 2018-01-15T13:29:24.226593253Z: [    5.859044] IPVS: [nq] scheduler registered.
[STDERR  ] 2018-01-15T13:29:24.226601504Z: [    5.859745] IPVS: ftp: loaded support on port[0] = 21
[STDERR  ] 2018-01-15T13:29:24.226609733Z: [    5.860854] ipip: IPv4 and MPLS over IPv4 tunneling driver
[STDERR  ] 2018-01-15T13:29:24.226617896Z: [    5.864234] gre: GRE over IPv4 demultiplexor driver
[STDERR  ] 2018-01-15T13:29:24.22662637Z: [    5.866770] ip_tables: (C) 2000-2006 Netfilter Core Team
[STDERR  ] 2018-01-15T13:29:24.226639495Z: [    5.869850] ipt_CLUSTERIP: ClusterIP Version 0.8 loaded successfully
[STDERR  ] 2018-01-15T13:29:24.226648117Z: [    5.871050] arp_tables: arp_tables: (C) 2002 David S. Miller
[STDERR  ] 2018-01-15T13:29:24.226656842Z: [    5.873331] NET: Registered protocol family 10
[STDERR  ] 2018-01-15T13:29:24.226667065Z: [    5.881912] ip6_tables: (C) 2000-2006 Netfilter Core Team
[STDERR  ] 2018-01-15T13:29:24.226675292Z: [    5.889142] NET: Registered protocol family 17
[STDERR  ] 2018-01-15T13:29:24.226683526Z: [    5.890557] Bridge firewalling registered
[STDERR  ] 2018-01-15T13:29:24.226691827Z: [    5.891109] Ebtables v2.0 registered
[STDERR  ] 2018-01-15T13:29:24.226700221Z: [    5.892940] 8021q: 802.1Q VLAN Support v1.8
[STDERR  ] 2018-01-15T13:29:24.226708564Z: [    5.894253] 9pnet: Installing 9P2000 support
[STDERR  ] 2018-01-15T13:29:24.226720501Z: [    5.895688] Key type dns_resolver registered
[STDERR  ] 2018-01-15T13:29:24.22672919Z: [    5.896480] microcode: AMD CPU family 0x6 not supported
[STDERR  ] 2018-01-15T13:29:24.226737662Z: [    5.899347] registered taskstats version 1
[STDERR  ] 2018-01-15T13:29:24.226745694Z: [    6.058081] Key type big_key registered
[STDERR  ] 2018-01-15T13:29:24.226759346Z: [    6.113997] ata2: SATA link down (SStatus 0 SControl 300)
[STDERR  ] 2018-01-15T13:29:24.226767715Z: [    6.116760] ata1: SATA link up 1.5 Gbps (SStatus 113 SControl 300)
[STDERR  ] 2018-01-15T13:29:24.226776239Z: [    6.121750] ata1.00: ATA-7: QEMU HARDDISK, 2.5+, max UDMA/100
[STDERR  ] 2018-01-15T13:29:24.226784504Z: [    6.122140] ata1.00: 1048576 sectors, multi 16: LBA48 NCQ (depth 31/32)
[STDERR  ] 2018-01-15T13:29:24.226792745Z: [    6.122604] ata1.00: applying bridge limits
[STDERR  ] 2018-01-15T13:29:24.226801047Z: [    6.123894] ata4: SATA link down (SStatus 0 SControl 300)
[STDERR  ] 2018-01-15T13:29:24.226809842Z: [    6.124339] ata3: SATA link up 1.5 Gbps (SStatus 113 SControl 300)
[STDERR  ] 2018-01-15T13:29:24.226818302Z: [    6.125018] ata3.00: ATAPI: QEMU DVD-ROM, 2.5+, max UDMA/100
[STDERR  ] 2018-01-15T13:29:24.226829138Z: [    6.125348] ata3.00: applying bridge limits
[STDERR  ] 2018-01-15T13:29:24.226837424Z: [    6.126191] ata3.00: configured for UDMA/100
[STDERR  ] 2018-01-15T13:29:24.226845772Z: [    6.129410] ata1.00: configured for UDMA/100
[STDERR  ] 2018-01-15T13:29:24.22685419Z: [    6.134449] ata5: SATA link down (SStatus 0 SControl 300)
[STDERR  ] 2018-01-15T13:29:24.226865532Z: [    6.135000] ata6: SATA link down (SStatus 0 SControl 300)
[STDERR  ] 2018-01-15T13:29:24.226873999Z: [    6.152113] scsi 0:0:0:0: Direct-Access     ATA      QEMU HARDDISK    2.5+ PQ: 0 ANSI: 5
[STDERR  ] 2018-01-15T13:29:24.226883216Z: [    6.159618] sd 0:0:0:0: Attached scsi generic sg0 type 0
[STDERR  ] 2018-01-15T13:29:24.226891717Z: [    6.172600] sd 0:0:0:0: [sda] 1048576 512-byte logical blocks: (537 MB/512 MiB)
[STDERR  ] 2018-01-15T13:29:24.226900224Z: [    6.177989] sd 0:0:0:0: [sda] Write Protect is off
[STDERR  ] 2018-01-15T13:29:24.226908517Z: [    6.181271] scsi 2:0:0:0: CD-ROM            QEMU     QEMU DVD-ROM     2.5+ PQ: 0 ANSI: 5
[STDERR  ] 2018-01-15T13:29:24.226919383Z: [    6.185196] sd 0:0:0:0: [sda] Write cache: enabled, read cache: enabled, doesn't support DPO or FUA
[STDERR  ] 2018-01-15T13:29:24.226929855Z: [    6.202833] sr 2:0:0:0: [sr0] scsi3-mmc drive: 4x/4x cd/rw xa/form2 tray
[STDERR  ] 2018-01-15T13:29:24.226938226Z: [    6.203223] cdrom: Uniform CD-ROM driver Revision: 3.20
[STDERR  ] 2018-01-15T13:29:24.226946613Z: [    6.213907] sr 2:0:0:0: Attached scsi generic sg1 type 5
[STDERR  ] 2018-01-15T13:29:24.226957689Z: [    6.222574] sd 0:0:0:0: [sda] Attached SCSI disk
[STDERR  ] 2018-01-15T13:29:24.226966281Z: [    6.246293] Key type encrypted registered
[STDERR  ] 2018-01-15T13:29:24.2269742Z: [    6.251643] rtc_cmos 00:00: setting system clock to 2018-01-15 13:28:53 UTC (1516022933)
[STDERR  ] 2018-01-15T13:29:24.226982604Z: [    6.380419] Freeing unused kernel memory: 1396K
[STDERR  ] 2018-01-15T13:29:24.226996456Z: [    6.380793] Write protecting the kernel read-only data: 12288k
[STDERR  ] 2018-01-15T13:29:24.227004901Z: [    6.385841] Freeing unused kernel memory: 124K
[STDERR  ] 2018-01-15T13:29:24.227013064Z: [    6.468502] Freeing unused kernel memory: 1396K
[STDERR  ] 2018-01-15T13:29:24.227021226Z: [    6.561028] tsc: Refined TSC clocksource calibration: 2599.899 MHz
[STDERR  ] 2018-01-15T13:29:24.227029622Z: [    6.561513] clocksource: tsc: mask: 0xffffffffffffffff max_cycles: 0x2579dcdee35, max_idle_ns: 440795321055 ns
[STDERR  ] 2018-01-15T13:29:24.22703845Z: [    7.580983] clocksource: Switched to clocksource tsc
[STDERR  ] 2018-01-15T13:29:24.227046976Z: 
[STDERR  ] 2018-01-15T13:29:24.22705542Z: Welcome to LinuxKit
[STDERR  ] 2018-01-15T13:29:24.227063804Z: 
[STDERR  ] 2018-01-15T13:29:24.227071913Z:                         ##         .
[STDERR  ] 2018-01-15T13:29:24.227084081Z:                   ## ## ##        ==
[STDERR  ] 2018-01-15T13:29:24.227092497Z:                ## ## ## ## ##    ===
[STDERR  ] 2018-01-15T13:29:24.227100914Z:            /"""""""""""""""""\___/ ===
[STDERR  ] 2018-01-15T13:29:24.227109339Z:           {                       /  ===-
[STDERR  ] 2018-01-15T13:29:24.227117759Z:            \______ O           __/
[STDERR  ] 2018-01-15T13:29:24.227126072Z:              \    \         __/
[STDERR  ] 2018-01-15T13:29:24.227134477Z:               \____\_______/
[STDERR  ] 2018-01-15T13:29:24.227142653Z: 
[STDERR  ] 2018-01-15T13:29:24.227151378Z: [   18.677871] IPVS: Creating netns size=2104 id=1
[STDERR  ] 2018-01-15T13:29:24.227159496Z: [   18.678276] IPVS: ftp: loaded support on port[0] = 21
[STDERR  ] 2018-01-15T13:29:24.227167719Z: 2018/01/15 13:29:06 Creating partition on /dev/sda
[STDERR  ] 2018-01-15T13:29:24.227178144Z: [   19.742208]  sda:
[STDERR  ] 2018-01-15T13:29:24.227186479Z: [   19.805458]  sda:
[STDERR  ] 2018-01-15T13:29:24.227195042Z: [   19.859905]  sda: sda1
[STDERR  ] 2018-01-15T13:29:24.227203448Z: [   19.920554]  sda: sda1
[STDERR  ] 2018-01-15T13:29:24.227213757Z: [   21.366944] mkfs.xfs: sending ioctl 1261 to a partition!
[STDERR  ] 2018-01-15T13:29:24.227222128Z: 2018/01/15 13:29:07 Partition /dev/sda1 successfully created!
[STDERR  ] 2018-01-15T13:29:24.22723033Z: [   21.896707] IPVS: Creating netns size=2104 id=2
[STDERR  ] 2018-01-15T13:29:24.227238606Z: [   21.896945] IPVS: ftp: loaded support on port[0] = 21
[STDERR  ] 2018-01-15T13:29:24.227246868Z: [   23.017204] FAT-fs (sda1): utf8 is not a recommended IO charset for FAT filesystems, filesystem will be case sensitive!
[STDERR  ] 2018-01-15T13:29:24.227255245Z: [   23.022158] FAT-fs (sda1): utf8 is not a recommended IO charset for FAT filesystems, filesystem will be case sensitive!
[STDERR  ] 2018-01-15T13:29:24.227263496Z: [   23.025452] mount: sending ioctl 5310 to a partition!
[STDERR  ] 2018-01-15T13:29:24.227272117Z: [   23.054600] mount: sending ioctl 5310 to a partition!
[STDERR  ] 2018-01-15T13:29:24.227280579Z: [   23.056307] UDF-fs: warning (device sda1): udf_fill_super: No partition found (2)
[STDERR  ] 2018-01-15T13:29:24.227288806Z: [   23.072343] XFS (sda1): Mounting V5 Filesystem
[STDERR  ] 2018-01-15T13:29:24.227297092Z: [   23.096317] XFS (sda1): Ending clean mount
[STDERR  ] 2018-01-15T13:29:24.227305331Z: format_mount test suite PASSED
[STDERR  ] 2018-01-15T13:29:24.227313548Z: [   36.492475] sd 0:0:0:0: [sda] Synchronizing SCSI cache
[STDERR  ] 2018-01-15T13:29:24.227321769Z: [   36.496246] sd 0:0:0:0: [sda] Stopping disk
[STDERR  ] 2018-01-15T13:29:24.227330007Z: [   36.501479] ACPI: Preparing to enter system sleep state S5
[STDERR  ] 2018-01-15T13:29:24.227338171Z: [   36.505035] reboot: Power down
[STDERR  ] 2018-01-15T13:29:24.227346954Z: + echo [    0.000000] Linux version 4.9.76-linuxkit (root@1dc47965cda0) (gcc version 6.4.0 (Alpine 6.4.0) ) #1 SMP Wed Jan 10 11:40:11 UTC 2018
[STDERR  ] 2018-01-15T13:29:24.227356049Z: [    0.000000] Command line: console=ttyS0 console=ttyAMA0
[STDERR  ] 2018-01-15T13:29:24.227364299Z: [    0.000000] x86/fpu: Legacy x87 FPU detected.
[STDERR  ] 2018-01-15T13:29:24.227376002Z: [    0.000000] x86/fpu: Using 'eager' FPU context switches.
[STDERR  ] 2018-01-15T13:29:24.227386479Z: [    0.000000] e820: BIOS-provided physical RAM map:
[STDERR  ] 2018-01-15T13:29:24.227394855Z: [    0.000000] BIOS-e820: [mem 0x0000000000000000-0x000000000009fbff] usable
[STDERR  ] 2018-01-15T13:29:24.227403159Z: [    0.000000] BIOS-e820: [mem 0x000000000009fc00-0x000000000009ffff] reserved
[STDERR  ] 2018-01-15T13:29:24.227411441Z: [    0.000000] BIOS-e820: [mem 0x00000000000f0000-0x00000000000fffff] reserved
[STDERR  ] 2018-01-15T13:29:24.227419844Z: [    0.000000] BIOS-e820: [mem 0x0000000000100000-0x000000003ffdefff] usable
[STDERR  ] 2018-01-15T13:29:24.227428468Z: [    0.000000] BIOS-e820: [mem 0x000000003ffdf000-0x000000003fffffff] reserved
[STDERR  ] 2018-01-15T13:29:24.227436653Z: [    0.000000] BIOS-e820: [mem 0x00000000b0000000-0x00000000bfffffff] reserved
[STDERR  ] 2018-01-15T13:29:24.227450752Z: [    0.000000] BIOS-e820: [mem 0x00000000fed1c000-0x00000000fed1ffff] reserved
[STDERR  ] 2018-01-15T13:29:24.227459238Z: [    0.000000] BIOS-e820: [mem 0x00000000fffc0000-0x00000000ffffffff] reserved
[STDERR  ] 2018-01-15T13:29:24.227467611Z: [    0.000000] NX (Execute Disable) protection: active
[STDERR  ] 2018-01-15T13:29:24.227478136Z: [    0.000000] SMBIOS 2.8 present.
[STDERR  ] 2018-01-15T13:29:24.227488041Z: [    0.000000] Kernel/User page tables isolation: disabled
[STDERR  ] 2018-01-15T13:29:24.227498552Z: [    0.000000] e820: last_pfn = 0x3ffdf max_arch_pfn = 0x400000000
[STDERR  ] 2018-01-15T13:29:24.227507234Z: [    0.000000] x86/PAT: Configuration [0-7]: WB  WC  UC- UC  WB  WC  UC- WT  
[STDERR  ] 2018-01-15T13:29:24.227515621Z: [    0.000000] found SMP MP-table at [mem 0x000f6aa0-0x000f6aaf] mapped at [ffffa108800f6aa0]
[STDERR  ] 2018-01-15T13:29:24.227524028Z: [    0.000000] RAMDISK: [mem 0x3e005000-0x3ffcffff]
[STDERR  ] 2018-01-15T13:29:24.227532237Z: [    0.000000] ACPI: Early table checksum verification disabled
[STDERR  ] 2018-01-15T13:29:24.227540458Z: [    0.000000] ACPI: RSDP 0x00000000000F68B0 000014 (v00 BOCHS )
[STDERR  ] 2018-01-15T13:29:24.227548741Z: [    0.000000] ACPI: RSDT 0x000000003FFE20A8 000034 (v01 BOCHS  BXPCRSDT 00000001 BXPC 00000001)
[STDERR  ] 2018-01-15T13:29:24.227557188Z: [    0.000000] ACPI: FACP 0x000000003FFE1EC8 0000F4 (v03 BOCHS  BXPCFACP 00000001 BXPC 00000001)
[STDERR  ] 2018-01-15T13:29:24.227565597Z: [    0.000000] ACPI: DSDT 0x000000003FFE0040 001E88 (v01 BOCHS  BXPCDSDT 00000001 BXPC 00000001)
[STDERR  ] 2018-01-15T13:29:24.2275739Z: [    0.000000] ACPI: FACS 0x000000003FFE0000 000040
[STDERR  ] 2018-01-15T13:29:24.227582518Z: [    0.000000] ACPI: APIC 0x000000003FFE1FBC 000078 (v01 BOCHS  BXPCAPIC 00000001 BXPC 00000001)
[STDERR  ] 2018-01-15T13:29:24.227593103Z: [    0.000000] ACPI: HPET 0x000000003FFE2034 000038 (v01 BOCHS  BXPCHPET 00000001 BXPC 00000001)
[STDERR  ] 2018-01-15T13:29:24.227601523Z: [    0.000000] ACPI: MCFG 0x000000003FFE206C 00003C (v01 BOCHS  BXPCMCFG 00000001 BXPC 00000001)
[STDERR  ] 2018-01-15T13:29:24.227609684Z: [    0.000000] Zone ranges:
[STDERR  ] 2018-01-15T13:29:24.227618088Z: [    0.000000]   DMA      [mem 0x0000000000001000-0x0000000000ffffff]
[STDERR  ] 2018-01-15T13:29:24.227626429Z: [    0.000000]   DMA32    [mem 0x0000000001000000-0x000000003ffdefff]
[STDERR  ] 2018-01-15T13:29:24.227634769Z: [    0.000000]   Normal   empty
[STDERR  ] 2018-01-15T13:29:24.227643033Z: [    0.000000] Movable zone start for each node
[STDERR  ] 2018-01-15T13:29:24.227651373Z: [    0.000000] Early memory node ranges
[STDERR  ] 2018-01-15T13:29:24.227659878Z: [    0.000000]   node   0: [mem 0x0000000000001000-0x000000000009efff]
[STDERR  ] 2018-01-15T13:29:24.227668532Z: [    0.000000]   node   0: [mem 0x0000000000100000-0x000000003ffdefff]
[STDERR  ] 2018-01-15T13:29:24.227676787Z: [    0.000000] Initmem setup node 0 [mem 0x0000000000001000-0x000000003ffdefff]
[STDERR  ] 2018-01-15T13:29:24.227684991Z: [    0.000000] ACPI: PM-Timer IO Port: 0x608
[STDERR  ] 2018-01-15T13:29:24.227696757Z: [    0.000000] ACPI: LAPIC_NMI (acpi_id[0xff] dfl dfl lint[0x1])
[STDERR  ] 2018-01-15T13:29:24.227705212Z: [    0.000000] IOAPIC[0]: apic_id 0, version 32, address 0xfec00000, GSI 0-23
[STDERR  ] 2018-01-15T13:29:24.227713612Z: [    0.000000] ACPI: INT_SRC_OVR (bus 0 bus_irq 0 global_irq 2 dfl dfl)
[STDERR  ] 2018-01-15T13:29:24.227721931Z: [    0.000000] ACPI: INT_SRC_OVR (bus 0 bus_irq 5 global_irq 5 high level)
[STDERR  ] 2018-01-15T13:29:24.227730239Z: [    0.000000] ACPI: INT_SRC_OVR (bus 0 bus_irq 9 global_irq 9 high level)
[STDERR  ] 2018-01-15T13:29:24.227739003Z: [    0.000000] ACPI: INT_SRC_OVR (bus 0 bus_irq 10 global_irq 10 high level)
[STDERR  ] 2018-01-15T13:29:24.227747453Z: [    0.000000] ACPI: INT_SRC_OVR (bus 0 bus_irq 11 global_irq 11 high level)
[STDERR  ] 2018-01-15T13:29:24.227760713Z: [    0.000000] Using ACPI (MADT) for SMP configuration information
[STDERR  ] 2018-01-15T13:29:24.227772607Z: [    0.000000] ACPI: HPET id: 0x8086a201 base: 0xfed00000
[STDERR  ] 2018-01-15T13:29:24.227781084Z: [    0.000000] smpboot: Allowing 1 CPUs, 0 hotplug CPUs
[STDERR  ] 2018-01-15T13:29:24.227789472Z: [    0.000000] e820: [mem 0x40000000-0xafffffff] available for PCI devices
[STDERR  ] 2018-01-15T13:29:24.227797661Z: [    0.000000] Booting paravirtualized kernel on bare hardware
[STDERR  ] 2018-01-15T13:29:24.227805991Z: [    0.000000] clocksource: refined-jiffies: mask: 0xffffffff max_cycles: 0xffffffff, max_idle_ns: 19112604462750000 ns
[STDERR  ] 2018-01-15T13:29:24.227814792Z: [    0.000000] setup_percpu: NR_CPUS:128 nr_cpumask_bits:128 nr_cpu_ids:1 nr_node_ids:1
[STDERR  ] 2018-01-15T13:29:24.227823461Z: [    0.000000] percpu: Embedded 36 pages/cpu @ffffa108bde00000 s106904 r8192 d32360 u2097152
[STDERR  ] 2018-01-15T13:29:24.227831736Z: [    0.000000] Built 1 zonelists in Zone order, mobility grouping on.  Total pages: 257896
[STDERR  ] 2018-01-15T13:29:24.227840217Z: [    0.000000] Kernel command line: console=ttyS0 console=ttyAMA0
[STDERR  ] 2018-01-15T13:29:24.227848535Z: [    0.000000] PID hash table entries: 4096 (order: 3, 32768 bytes)
[STDERR  ] 2018-01-15T13:29:24.227856756Z: [    0.000000] Dentry cache hash table entries: 131072 (order: 8, 1048576 bytes)
[STDERR  ] 2018-01-15T13:29:24.227866938Z: [    0.000000] Inode-cache hash table entries: 65536 (order: 7, 524288 bytes)
[STDERR  ] 2018-01-15T13:29:24.227875288Z: [    0.000000] Memory: 981576K/1048052K available (8053K kernel code, 1391K rwdata, 2700K rodata, 1396K init, 564K bss, 66476K reserved, 0K cma-reserved)
[STDERR  ] 2018-01-15T13:29:24.227883924Z: [    0.000000] Hierarchical RCU implementation.
[STDERR  ] 2018-01-15T13:29:24.227892368Z: [    0.000000] 	Build-time adjustment of leaf fanout to 64.
[STDERR  ] 2018-01-15T13:29:24.227901032Z: [    0.000000] 	RCU restricting CPUs from NR_CPUS=128 to nr_cpu_ids=1.
[STDERR  ] 2018-01-15T13:29:24.227909239Z: [    0.000000] RCU: Adjusting geometry for rcu_fanout_leaf=64, nr_cpu_ids=1
[STDERR  ] 2018-01-15T13:29:24.227917565Z: [    0.000000] NR_IRQS:8448 nr_irqs:256 16
[STDERR  ] 2018-01-15T13:29:24.227925982Z: [    0.000000] Console: colour VGA+ 80x25
[STDERR  ] 2018-01-15T13:29:24.227934242Z: [    0.000000] console [ttyS0] enabled
[STDERR  ] 2018-01-15T13:29:24.227942643Z: [    0.000000] clocksource: hpet: mask: 0xffffffff max_cycles: 0xffffffff, max_idle_ns: 19112604467 ns
[STDERR  ] 2018-01-15T13:29:24.227950956Z: [    0.000000] tsc: Fast TSC calibration using PIT
[STDERR  ] 2018-01-15T13:29:24.227959296Z: [    0.000000] tsc: Detected 2599.900 MHz processor
[STDERR  ] 2018-01-15T13:29:24.227969542Z: [    0.021601] Calibrating delay loop (skipped), value calculated using timer frequency.. 5199.80 BogoMIPS (lpj=25999000)
[STDERR  ] 2018-01-15T13:29:24.227978437Z: [    0.022565] pid_max: default: 32768 minimum: 301
[STDERR  ] 2018-01-15T13:29:24.227989017Z: [    0.023451] ACPI: Core revision 20160831
[STDERR  ] 2018-01-15T13:29:24.227997398Z: [    0.048718] ACPI: 1 ACPI AML tables successfully acquired and loaded
[STDOUT  ] 2018-01-15T13:29:24.223981241Z: [    5.738512] hv_vmbus: registering driver hv_storvsc
[STDERR  ] 2018-01-15T13:29:24.228006444Z: [    0.053101] Security Framework initialized
[STDERR  ] 2018-01-15T13:29:24.228090039Z: [    0.053514] Yama: becoming mindful.
[STDERR  ] 2018-01-15T13:29:24.228098446Z: [    0.055385] Mount-cache hash table entries: 2048 (order: 2, 16384 bytes)
[STDERR  ] 2018-01-15T13:29:24.228106429Z: [    0.055813] Mountpoint-cache hash table entries: 2048 (order: 2, 16384 bytes)
[STDERR  ] 2018-01-15T13:29:24.228116787Z: [    0.075670] Last level iTLB entries: 4KB 0, 2MB 0, 4MB 0
[STDERR  ] 2018-01-15T13:29:24.228124706Z: [    0.076073] Last level dTLB entries: 4KB 0, 2MB 0, 4MB 0, 1GB 0
[STDERR  ] 2018-01-15T13:29:24.228155094Z: [    0.390163] Freeing SMP alternatives memory: 20K
[STDERR  ] 2018-01-15T13:29:24.228163735Z: [    0.399350] ftrace: allocating 35552 entries in 139 pages
[STDERR  ] 2018-01-15T13:29:24.228172306Z: [    0.471532] smpboot: Max logical packages: 1
[STDERR  ] 2018-01-15T13:29:24.228180924Z: [    0.478050] ..TIMER: vector=0x30 apic1=0 pin1=2 apic2=-1 pin2=-1
[STDERR  ] 2018-01-15T13:29:24.228196376Z: [    0.580000] smpboot: CPU0: AMD QEMU Virtual CPU version 2.5+ (family: 0x6, model: 0x6, stepping: 0x3)
[STDERR  ] 2018-01-15T13:29:24.228219656Z: [    0.580000] Performance Events: PMU not available due to virtualization, using software events only.
[STDERR  ] 2018-01-15T13:29:24.228228902Z: [    0.588409] NMI watchdog: disabled (cpu0): hardware events not enabled
[STDERR  ] 2018-01-15T13:29:24.228237653Z: [    0.588611] NMI watchdog: Shutting down hard lockup detector on all cpus
[STDERR  ] 2018-01-15T13:29:24.228246199Z: [    0.591214] x86: Booted up 1 node, 1 CPUs
[STDERR  ] 2018-01-15T13:29:24.228254456Z: [    0.591466] smpboot: Total of 1 processors activated (5199.80 BogoMIPS)
[STDERR  ] 2018-01-15T13:29:24.228262907Z: [    0.606213] devtmpfs: initialized
[STDERR  ] 2018-01-15T13:29:24.228271348Z: [    0.611854] x86/mm: Memory block size: 128MB
[STDOUT  ] 2018-01-15T13:29:24.228054117Z: [    5.744768] ACPI: PCI Interrupt Link [GSIA] enabled at IRQ 16
[STDOUT  ] 2018-01-15T13:29:24.228298684Z: [    5.752204] ahci 0000:00:1f.2: AHCI 0001.0000 32 slots 6 ports 1.5 Gbps 0x3f impl SATA mode
[STDOUT  ] 2018-01-15T13:29:24.22831033Z: [    5.752816] ahci 0000:00:1f.2: flags: 64bit ncq only 
[STDOUT  ] 2018-01-15T13:29:24.228319256Z: [    5.767285] scsi host0: ahci
[STDOUT  ] 2018-01-15T13:29:24.228327865Z: [    5.770449] scsi host1: ahci
[STDOUT  ] 2018-01-15T13:29:24.228336819Z: [    5.772104] scsi host2: ahci
[STDOUT  ] 2018-01-15T13:29:24.228345179Z: [    5.773663] scsi host3: ahci
[STDOUT  ] 2018-01-15T13:29:24.228353711Z: [    5.775206] scsi host4: ahci
[STDOUT  ] 2018-01-15T13:29:24.228362127Z: [    5.776799] scsi host5: ahci
[STDOUT  ] 2018-01-15T13:29:24.228370918Z: [    5.778214] ata1: SATA max UDMA/133 abar m4096@0xfebd2000 port 0xfebd2100 irq 24
[STDOUT  ] 2018-01-15T13:29:24.22837964Z: [    5.778579] ata2: SATA max UDMA/133 abar m4096@0xfebd2000 port 0xfebd2180 irq 24
[STDOUT  ] 2018-01-15T13:29:24.228388396Z: [    5.778904] ata3: SATA max UDMA/133 abar m4096@0xfebd2000 port 0xfebd2200 irq 24
[STDOUT  ] 2018-01-15T13:29:24.228398034Z: [    5.779255] ata4: SATA max UDMA/133 abar m4096@0xfebd2000 port 0xfebd2280 irq 24
[STDOUT  ] 2018-01-15T13:29:24.22841451Z: [    5.779566] ata5: SATA max UDMA/133 abar m4096@0xfebd2000 port 0xfebd2300 irq 24
[STDOUT  ] 2018-01-15T13:29:24.228423669Z: [    5.779865] ata6: SATA max UDMA/133 abar m4096@0xfebd2000 port 0xfebd2380 irq 24
[STDOUT  ] 2018-01-15T13:29:24.22843221Z: [    5.790002] tun: Universal TUN/TAP device driver, 1.6
[STDOUT  ] 2018-01-15T13:29:24.228440397Z: [    5.790617] tun: (C) 1999-2004 Max Krasnyansky <maxk@qualcomm.com>
[STDOUT  ] 2018-01-15T13:29:24.228448612Z: [    5.800559] VMware vmxnet3 virtual NIC driver - version 1.4.a.0-k-NAPI
[STDOUT  ] 2018-01-15T13:29:24.228456539Z: [    5.801834] hv_vmbus: registering driver hv_netvsc
[STDOUT  ] 2018-01-15T13:29:24.228468963Z: [    5.802110] Fusion MPT base driver 3.04.20
[STDOUT  ] 2018-01-15T13:29:24.228477949Z: [    5.802358] Copyright (c) 1999-2008 LSI Corporation
[STDOUT  ] 2018-01-15T13:29:24.228492038Z: [    5.802890] Fusion MPT SPI Host driver 3.04.20
[STDOUT  ] 2018-01-15T13:29:24.228501289Z: [    5.804527] i8042: PNP: PS/2 Controller [PNP0303:KBD,PNP0f13:MOU] at 0x60,0x64 irq 1,12
[STDOUT  ] 2018-01-15T13:29:24.228510926Z: [    5.808151] serio: i8042 KBD port at 0x60,0x64 irq 1
[STDOUT  ] 2018-01-15T13:29:24.228519789Z: [    5.808626] serio: i8042 AUX port at 0x60,0x64 irq 12
[STDOUT  ] 2018-01-15T13:29:24.228529021Z: [    5.811408] hv_vmbus: registering driver hyperv_keyboard
[STDOUT  ] 2018-01-15T13:29:24.228538788Z: [    5.813176] mousedev: PS/2 mouse device common for all mice
[STDOUT  ] 2018-01-15T13:29:24.228548585Z: [    5.817249] input: AT Translated Set 2 keyboard as /devices/platform/i8042/serio0/input/input1
[STDOUT  ] 2018-01-15T13:29:24.228557861Z: [    5.819507] input: PC Speaker as /devices/platform/pcspkr/input/input2
[STDOUT  ] 2018-01-15T13:29:24.228567059Z: [    5.823024] rtc_cmos 00:00: RTC can wake from S4
[STDOUT  ] 2018-01-15T13:29:24.228591205Z: [    5.826040] rtc_cmos 00:00: rtc core: registered rtc_cmos as rtc0
[STDOUT  ] 2018-01-15T13:29:24.228600675Z: [    5.827100] rtc_cmos 00:00: alarms up to one day, y3k, 114 bytes nvram, hpet irqs
[STDOUT  ] 2018-01-15T13:29:24.228609333Z: [    5.827669] i2c /dev entries driver
[STDOUT  ] 2018-01-15T13:29:24.228622909Z: [    5.829276] device-mapper: ioctl: 4.35.0-ioctl (2016-06-23) initialised: dm-devel@redhat.com
[STDOUT  ] 2018-01-15T13:29:24.22863111Z: [    5.833220] usbcore: registered new interface driver usbhid
[STDOUT  ] 2018-01-15T13:29:24.22864046Z: [    5.833552] usbhid: USB HID core driver
[STDOUT  ] 2018-01-15T13:29:24.228650266Z: [    5.834013] hv_utils: Registering HyperV Utility Driver
[STDOUT  ] 2018-01-15T13:29:24.228659259Z: [    5.834252] hv_vmbus: registering driver hv_util
[STDOUT  ] 2018-01-15T13:29:24.228667855Z: [    5.834474] hv_vmbus: registering driver hv_balloon
[STDOUT  ] 2018-01-15T13:29:24.228675975Z: [    5.834931] oprofile: using NMI interrupt.
[STDOUT  ] 2018-01-15T13:29:24.228683962Z: [    5.835946] GACT probability on
[STDOUT  ] 2018-01-15T13:29:24.228692613Z: [    5.836409] Mirror/redirect action on
[STDOUT  ] 2018-01-15T13:29:24.22870082Z: [    5.837182] Simple TC action Loaded
[STDOUT  ] 2018-01-15T13:29:24.228709004Z: [    5.837666] u32 classifier
[STDOUT  ] 2018-01-15T13:29:24.228717556Z: [    5.837805]     Performance counters on
[STDOUT  ] 2018-01-15T13:29:24.228725927Z: [    5.837981]     input device check on
[STDOUT  ] 2018-01-15T13:29:24.228733828Z: [    5.838161]     Actions configured
[STDOUT  ] 2018-01-15T13:29:24.228742376Z: [    5.838681] Netfilter messages via NETLINK v0.30.
[STDOUT  ] 2018-01-15T13:29:24.228751311Z: [    5.839174] nfnl_acct: registering with nfnetlink.
[STDOUT  ] 2018-01-15T13:29:24.228760177Z: [    5.840727] nf_conntrack version 0.5.0 (8192 buckets, 32768 max)
[STDOUT  ] 2018-01-15T13:29:24.228769306Z: [    5.843757] ctnetlink v0.93: registering with nfnetlink.
[STDOUT  ] 2018-01-15T13:29:24.228780045Z: [    5.846944] nf_tables: (c) 2007-2009 Patrick McHardy <kaber@trash.net>
[STDOUT  ] 2018-01-15T13:29:24.228789426Z: [    5.847644] nf_tables_compat: (c) 2012 Pablo Neira Ayuso <pablo@netfilter.org>
[STDOUT  ] 2018-01-15T13:29:24.228797927Z: [    5.849709] xt_time: kernel timezone is -0000
[STDOUT  ] 2018-01-15T13:29:24.22880681Z: [    5.850505] ip_set: protocol 6
[STDOUT  ] 2018-01-15T13:29:24.228815639Z: [    5.851106] IPVS: Registered protocols (TCP, UDP, SCTP, AH, ESP)
[STDOUT  ] 2018-01-15T13:29:24.228824371Z: [    5.851619] IPVS: Connection hash table configured (size=4096, memory=64Kbytes)
[STDOUT  ] 2018-01-15T13:29:24.228835555Z: [    5.853176] IPVS: Creating netns size=2104 id=0
[STDOUT  ] 2018-01-15T13:29:24.228844184Z: [    5.855925] IPVS: ipvs loaded.
[STDOUT  ] 2018-01-15T13:29:24.228853341Z: [    5.856242] IPVS: [rr] scheduler registered.
[STDOUT  ] 2018-01-15T13:29:24.228861598Z: [    5.856574] IPVS: [wrr] scheduler registered.
[STDOUT  ] 2018-01-15T13:29:24.228869681Z: [    5.856828] IPVS: [lc] scheduler registered.
[STDOUT  ] 2018-01-15T13:29:24.228881372Z: [    5.857003] IPVS: [wlc] scheduler registered.
[STDOUT  ] 2018-01-15T13:29:24.228889993Z: [    5.857182] IPVS: [fo] scheduler registered.
[STDOUT  ] 2018-01-15T13:29:24.228898088Z: [    5.857374] IPVS: [ovf] scheduler registered.
[STDOUT  ] 2018-01-15T13:29:24.228906415Z: [    5.857739] IPVS: [lblc] scheduler registered.
[STDOUT  ] 2018-01-15T13:29:24.228914364Z: [    5.858105] IPVS: [lblcr] scheduler registered.
[STDOUT  ] 2018-01-15T13:29:24.228922472Z: [    5.858371] IPVS: [dh] scheduler registered.
[STDOUT  ] 2018-01-15T13:29:24.228930789Z: [    5.858559] IPVS: [sh] scheduler registered.
[STDOUT  ] 2018-01-15T13:29:24.228942011Z: [    5.858855] IPVS: [sed] scheduler registered.
[STDOUT  ] 2018-01-15T13:29:24.228950425Z: [    5.859044] IPVS: [nq] scheduler registered.
[STDOUT  ] 2018-01-15T13:29:24.228958756Z: [    5.859745] IPVS: ftp: loaded support on port[0] = 21
[STDOUT  ] 2018-01-15T13:29:24.228967053Z: [    5.860854] ipip: IPv4 and MPLS over IPv4 tunneling driver
[STDOUT  ] 2018-01-15T13:29:24.228979667Z: [    5.864234] gre: GRE over IPv4 demultiplexor driver
[STDOUT  ] 2018-01-15T13:29:24.228987864Z: [    5.866770] ip_tables: (C) 2000-2006 Netfilter Core Team
[STDOUT  ] 2018-01-15T13:29:24.228995715Z: [    5.869850] ipt_CLUSTERIP: ClusterIP Version 0.8 loaded successfully
[STDOUT  ] 2018-01-15T13:29:24.229003783Z: [    5.871050] arp_tables: arp_tables: (C) 2002 David S. Miller
[STDOUT  ] 2018-01-15T13:29:24.229011827Z: [    5.873331] NET: Registered protocol family 10
[STDOUT  ] 2018-01-15T13:29:24.229020065Z: [    5.881912] ip6_tables: (C) 2000-2006 Netfilter Core Team
[STDOUT  ] 2018-01-15T13:29:24.229028708Z: [    5.889142] NET: Registered protocol family 17
[STDOUT  ] 2018-01-15T13:29:24.22903646Z: [    5.890557] Bridge firewalling registered
[STDOUT  ] 2018-01-15T13:29:24.229044559Z: [    5.891109] Ebtables v2.0 registered
[STDOUT  ] 2018-01-15T13:29:24.229052819Z: [    5.892940] 8021q: 802.1Q VLAN Support v1.8
[STDOUT  ] 2018-01-15T13:29:24.229064338Z: [    5.894253] 9pnet: Installing 9P2000 support
[STDOUT  ] 2018-01-15T13:29:24.229072297Z: [    5.895688] Key type dns_resolver registered
[STDOUT  ] 2018-01-15T13:29:24.229080743Z: [    5.896480] microcode: AMD CPU family 0x6 not supported
[STDOUT  ] 2018-01-15T13:29:24.229089581Z: [    5.899347] registered taskstats version 1
[STDOUT  ] 2018-01-15T13:29:24.229097465Z: [    6.058081] Key type big_key registered
[STDOUT  ] 2018-01-15T13:29:24.229105661Z: [    6.113997] ata2: SATA link down (SStatus 0 SControl 300)
[STDOUT  ] 2018-01-15T13:29:24.229114685Z: [    6.116760] ata1: SATA link up 1.5 Gbps (SStatus 113 SControl 300)
[STDOUT  ] 2018-01-15T13:29:24.229123029Z: [    6.121750] ata1.00: ATA-7: QEMU HARDDISK, 2.5+, max UDMA/100
[STDOUT  ] 2018-01-15T13:29:24.229132252Z: [    6.122140] ata1.00: 1048576 sectors, multi 16: LBA48 NCQ (depth 31/32)
[STDOUT  ] 2018-01-15T13:29:24.229139801Z: [    6.122604] ata1.00: applying bridge limits
[STDOUT  ] 2018-01-15T13:29:24.22914738Z: [    6.123894] ata4: SATA link down (SStatus 0 SControl 300)
[STDOUT  ] 2018-01-15T13:29:24.229155827Z: [    6.124339] ata3: SATA link up 1.5 Gbps (SStatus 113 SControl 300)
[STDOUT  ] 2018-01-15T13:29:24.229164431Z: [    6.125018] ata3.00: ATAPI: QEMU DVD-ROM, 2.5+, max UDMA/100
[STDOUT  ] 2018-01-15T13:29:24.229173143Z: [    6.125348] ata3.00: applying bridge limits
[STDOUT  ] 2018-01-15T13:29:24.229181247Z: [    6.126191] ata3.00: configured for UDMA/100
[STDOUT  ] 2018-01-15T13:29:24.229189418Z: [    6.129410] ata1.00: configured for UDMA/100
[STDOUT  ] 2018-01-15T13:29:24.229198072Z: [    6.134449] ata5: SATA link down (SStatus 0 SControl 300)
[STDOUT  ] 2018-01-15T13:29:24.229206807Z: [    6.135000] ata6: SATA link down (SStatus 0 SControl 300)
[STDOUT  ] 2018-01-15T13:29:24.229214942Z: [    6.152113] scsi 0:0:0:0: Direct-Access     ATA      QEMU HARDDISK    2.5+ PQ: 0 ANSI: 5
[STDOUT  ] 2018-01-15T13:29:24.229224503Z: [    6.159618] sd 0:0:0:0: Attached scsi generic sg0 type 0
[STDOUT  ] 2018-01-15T13:29:24.229247577Z: [    6.172600] sd 0:0:0:0: [sda] 1048576 512-byte logical blocks: (537 MB/512 MiB)
[STDOUT  ] 2018-01-15T13:29:24.229262901Z: [    6.177989] sd 0:0:0:0: [sda] Write Protect is off
[STDOUT  ] 2018-01-15T13:29:24.22927147Z: [    6.181271] scsi 2:0:0:0: CD-ROM            QEMU     QEMU DVD-ROM     2.5+ PQ: 0 ANSI: 5
[STDOUT  ] 2018-01-15T13:29:24.229279598Z: [    6.185196] sd 0:0:0:0: [sda] Write cache: enabled, read cache: enabled, doesn't support DPO or FUA
[STDOUT  ] 2018-01-15T13:29:24.229291289Z: [    6.202833] sr 2:0:0:0: [sr0] scsi3-mmc drive: 4x/4x cd/rw xa/form2 tray
[STDOUT  ] 2018-01-15T13:29:24.229300953Z: [    6.203223] cdrom: Uniform CD-ROM driver Revision: 3.20
[STDOUT  ] 2018-01-15T13:29:24.229310025Z: [    6.213907] sr 2:0:0:0: Attached scsi generic sg1 type 5
[STDOUT  ] 2018-01-15T13:29:24.229320395Z: [    6.222574] sd 0:0:0:0: [sda] Attached SCSI disk
[STDOUT  ] 2018-01-15T13:29:24.229329889Z: [    6.246293] Key type encrypted registered
[STDOUT  ] 2018-01-15T13:29:24.229342608Z: [    6.251643] rtc_cmos 00:00: setting system clock to 2018-01-15 13:28:53 UTC (1516022933)
[STDOUT  ] 2018-01-15T13:29:24.22935185Z: [    6.380419] Freeing unused kernel memory: 1396K
[STDOUT  ] 2018-01-15T13:29:24.229360166Z: [    6.380793] Write protecting the kernel read-only data: 12288k
[STDOUT  ] 2018-01-15T13:29:24.229367881Z: [    6.385841] Freeing unused kernel memory: 124K
[STDOUT  ] 2018-01-15T13:29:24.229375637Z: [    6.468502] Freeing unused kernel memory: 1396K
[STDOUT  ] 2018-01-15T13:29:24.229388634Z: [    6.561028] tsc: Refined TSC clocksource calibration: 2599.899 MHz
[STDOUT  ] 2018-01-15T13:29:24.229397545Z: [    6.561513] clocksource: tsc: mask: 0xffffffffffffffff max_cycles: 0x2579dcdee35, max_idle_ns: 440795321055 ns
[STDOUT  ] 2018-01-15T13:29:24.229405979Z: [    7.580983] clocksource: Switched to clocksource tsc
[STDOUT  ] 2018-01-15T13:29:24.229413817Z: 
[STDOUT  ] 2018-01-15T13:29:24.229422165Z: Welcome to LinuxKit
[STDOUT  ] 2018-01-15T13:29:24.229430728Z: 
[STDOUT  ] 2018-01-15T13:29:24.229442477Z:                         ##         .
[STDOUT  ] 2018-01-15T13:29:24.229451064Z:                   ## ## ##        ==
[STDOUT  ] 2018-01-15T13:29:24.229459012Z:                ## ## ## ## ##    ===
[STDOUT  ] 2018-01-15T13:29:24.229467261Z:            /"""""""""""""""""\___/ ===
[STDOUT  ] 2018-01-15T13:29:24.229475635Z:           {                       /  ===-
[STDOUT  ] 2018-01-15T13:29:24.229483981Z:            \______ O           __/
[STDOUT  ] 2018-01-15T13:29:24.229492429Z:              \    \         __/
[STDOUT  ] 2018-01-15T13:29:24.229500872Z:               \____\_______/
[STDOUT  ] 2018-01-15T13:29:24.229509034Z: 
[STDOUT  ] 2018-01-15T13:29:24.229517786Z: [   18.677871] IPVS: Creating netns size=2104 id=1
[STDOUT  ] 2018-01-15T13:29:24.229525987Z: [   18.678276] IPVS: ftp: loaded support on port[0] = 21
[STDOUT  ] 2018-01-15T13:29:24.229533749Z: 2018/01/15 13:29:06 Creating partition on /dev/sda
[STDOUT  ] 2018-01-15T13:29:24.229541511Z: [   19.742208]  sda:
[STDOUT  ] 2018-01-15T13:29:24.229550092Z: [   19.805458]  sda:
[STDOUT  ] 2018-01-15T13:29:24.229559092Z: [   19.859905]  sda: sda1
[STDOUT  ] 2018-01-15T13:29:24.229567825Z: [   19.920554]  sda: sda1
[STDOUT  ] 2018-01-15T13:29:24.22957676Z: [   21.366944] mkfs.xfs: sending ioctl 1261 to a partition!
[STDOUT  ] 2018-01-15T13:29:24.229585331Z: 2018/01/15 13:29:07 Partition /dev/sda1 successfully created!
[STDOUT  ] 2018-01-15T13:29:24.229594128Z: [   21.896707] IPVS: Creating netns size=2104 id=2
[STDOUT  ] 2018-01-15T13:29:24.22960269Z: [   21.896945] IPVS: ftp: loaded support on port[0] = 21
[STDOUT  ] 2018-01-15T13:29:24.229612097Z: [   23.017204] FAT-fs (sda1): utf8 is not a recommended IO charset for FAT filesystems, filesystem will be case sensitive!
[STDOUT  ] 2018-01-15T13:29:24.229622247Z: [   23.022158] FAT-fs (sda1): utf8 is not a recommended IO charset for FAT filesystems, filesystem will be case sensitive!
[STDOUT  ] 2018-01-15T13:29:24.229631018Z: [   23.025452] mount: sending ioctl 5310 to a partition!
[STDOUT  ] 2018-01-15T13:29:24.229643925Z: [   23.054600] mount: sending ioctl 5310 to a partition!
[STDOUT  ] 2018-01-15T13:29:24.229652953Z: [   23.056307] UDF-fs: warning (device sda1): udf_fill_super: No partition found (2)
[STDOUT  ] 2018-01-15T13:29:24.229662048Z: [   23.072343] XFS (sda1): Mounting V5 Filesystem
[STDOUT  ] 2018-01-15T13:29:24.229667591Z: [   23.096317] XFS (sda1): Ending clean mount
[STDOUT  ] 2018-01-15T13:29:24.229673116Z: format_mount test suite PASSED
[STDOUT  ] 2018-01-15T13:29:24.229678901Z: [   36.492475] sd 0:0:0:0: [sda] Synchronizing SCSI cache
[STDOUT  ] 2018-01-15T13:29:24.229684581Z: [   36.496246] sd 0:0:0:0: [sda] Stopping disk
[STDOUT  ] 2018-01-15T13:29:24.229690217Z: [   36.501479] ACPI: Preparing to enter system sleep state S5
[STDOUT  ] 2018-01-15T13:29:24.229695847Z: [   36.505035] reboot: Power down
[STDERR  ] 2018-01-15T13:29:24.228280079Z: [    0.644024] clocksource: jiffies: mask: 0xffffffff max_cycles: 0xffffffff, max_idle_ns: 19112604462750000 ns
[STDERR  ] 2018-01-15T13:29:24.229713099Z: [    0.644913] futex hash table entries: 256 (order: 2, 16384 bytes)
[STDERR  ] 2018-01-15T13:29:24.229718949Z: [    0.653158] NET: Registered protocol family 16
[STDERR  ] 2018-01-15T13:29:24.229724613Z: [    0.661066] cpuidle: using governor ladder
[STDERR  ] 2018-01-15T13:29:24.229730257Z: [    0.661406] cpuidle: using governor menu
[STDERR  ] 2018-01-15T13:29:24.229735881Z: [    0.662710] ACPI: bus type PCI registered
[STDERR  ] 2018-01-15T13:29:24.229741605Z: [    0.665814] PCI: MMCONFIG for domain 0000 [bus 00-ff] at [mem 0xb0000000-0xbfffffff] (base 0xb0000000)
[STDERR  ] 2018-01-15T13:29:24.229747199Z: [    0.666284] PCI: MMCONFIG at [mem 0xb0000000-0xbfffffff] reserved in E820
[STDERR  ] 2018-01-15T13:29:24.229753029Z: [    0.667115] PCI: Using configuration type 1 for base access
[STDERR  ] 2018-01-15T13:29:24.229758612Z: [    0.702162] HugeTLB registered 2 MB page size, pre-allocated 0 pages
[STDERR  ] 2018-01-15T13:29:24.22976447Z: [    0.712782] ACPI: Added _OSI(Module Device)
[STDERR  ] 2018-01-15T13:29:24.229770464Z: [    0.713115] ACPI: Added _OSI(Processor Device)
[STDERR  ] 2018-01-15T13:29:24.229776084Z: [    0.713327] ACPI: Added _OSI(3.0 _SCP Extensions)
[STDERR  ] 2018-01-15T13:29:24.229781673Z: [    0.713542] ACPI: Added _OSI(Processor Aggregator Device)
[STDERR  ] 2018-01-15T13:29:24.229787611Z: [    0.756867] ACPI: Interpreter enabled
[STDERR  ] 2018-01-15T13:29:24.229793059Z: [    0.760452] ACPI: (supports S0 S5)
[STDERR  ] 2018-01-15T13:29:24.229798663Z: [    0.760801] ACPI: Using IOAPIC for interrupt routing
[STDERR  ] 2018-01-15T13:29:24.229804188Z: [    0.763167] PCI: Using host bridge windows from ACPI; if necessary, use "pci=nocrs" and report a bug
[STDERR  ] 2018-01-15T13:29:24.229809915Z: [    0.803325] ACPI: PCI Root Bridge [PCI0] (domain 0000 [bus 00-ff])
[STDERR  ] 2018-01-15T13:29:24.229815444Z: [    0.804499] acpi PNP0A08:00: _OSC: OS supports [ExtendedConfig ASPM ClockPM Segments MSI]
[STDERR  ] 2018-01-15T13:29:24.229821948Z: [    0.809385] acpi PNP0A08:00: _OSC: OS now controls [PCIeHotplug PME PCIeCapability]
[STDERR  ] 2018-01-15T13:29:24.229827605Z: [    0.813284] PCI host bridge to bus 0000:00
[STDERR  ] 2018-01-15T13:29:24.229833225Z: [    0.813700] pci_bus 0000:00: root bus resource [io  0x0000-0x0cf7 window]
[STDERR  ] 2018-01-15T13:29:24.229838791Z: [    0.814033] pci_bus 0000:00: root bus resource [io  0x0d00-0xffff window]
[STDERR  ] 2018-01-15T13:29:24.2298443Z: [    0.814359] pci_bus 0000:00: root bus resource [mem 0x000a0000-0x000bffff window]
[STDERR  ] 2018-01-15T13:29:24.229849937Z: [    0.814709] pci_bus 0000:00: root bus resource [mem 0xc0000000-0xfebfffff window]
[STDERR  ] 2018-01-15T13:29:24.229857795Z: [    0.815223] pci_bus 0000:00: root bus resource [bus 00-ff]
[STDERR  ] 2018-01-15T13:29:24.229863317Z: [    0.976895] pci 0000:00:1f.0: quirk: [io  0x0600-0x067f] claimed by ICH6 ACPI/GPIO/TCO
[STDERR  ] 2018-01-15T13:29:24.229868927Z: [    1.065968] ACPI: PCI Interrupt Link [LNKA] (IRQs 5 *10 11)
[STDERR  ] 2018-01-15T13:29:24.229877516Z: [    1.067900] ACPI: PCI Interrupt Link [LNKB] (IRQs 5 *10 11)
[STDERR  ] 2018-01-15T13:29:24.229883087Z: [    1.070214] ACPI: PCI Interrupt Link [LNKC] (IRQs 5 10 *11)
[STDERR  ] 2018-01-15T13:29:24.229890717Z: [    1.071650] ACPI: PCI Interrupt Link [LNKD] (IRQs 5 10 *11)
[STDERR  ] 2018-01-15T13:29:24.229896267Z: [    1.072969] ACPI: PCI Interrupt Link [LNKE] (IRQs 5 *10 11)
[STDERR  ] 2018-01-15T13:29:24.229901765Z: [    1.074192] ACPI: PCI Interrupt Link [LNKF] (IRQs 5 *10 11)
[STDERR  ] 2018-01-15T13:29:24.229907239Z: [    1.075439] ACPI: PCI Interrupt Link [LNKG] (IRQs 5 10 *11)
[STDERR  ] 2018-01-15T13:29:24.229912732Z: [    1.076727] ACPI: PCI Interrupt Link [LNKH] (IRQs 5 10 *11)
[STDERR  ] 2018-01-15T13:29:24.229918218Z: [    1.077413] ACPI: PCI Interrupt Link [GSIA] (IRQs *16)
[STDERR  ] 2018-01-15T13:29:24.229923692Z: [    1.077900] ACPI: PCI Interrupt Link [GSIB] (IRQs *17)
[STDERR  ] 2018-01-15T13:29:24.229937483Z: [    1.078382] ACPI: PCI Interrupt Link [GSIC] (IRQs *18)
[STDERR  ] 2018-01-15T13:29:24.2299499Z: [    1.078887] ACPI: PCI Interrupt Link [GSID] (IRQs *19)
[STDERR  ] 2018-01-15T13:29:24.229958555Z: [    1.079363] ACPI: PCI Interrupt Link [GSIE] (IRQs *20)
[STDERR  ] 2018-01-15T13:29:24.229967204Z: [    1.080385] ACPI: PCI Interrupt Link [GSIF] (IRQs *21)
[STDERR  ] 2018-01-15T13:29:24.229973503Z: [    1.080853] ACPI: PCI Interrupt Link [GSIG] (IRQs *22)
[STDERR  ] 2018-01-15T13:29:24.229979032Z: [    1.081325] ACPI: PCI Interrupt Link [GSIH] (IRQs *23)
[STDERR  ] 2018-01-15T13:29:24.229984593Z: [    1.084360] ACPI: Enabled 1 GPEs in block 00 to 3F
