[INFO    ] 2017-11-16T22:23:43.992207613Z: Running Test linuxkit.packages.extend.ext4 in /tmp/build/test/cases/040_packages/005_extend/000_ext4
[INFO    ] 2017-11-16T22:23:43.992440219Z: Running command: [/bin/sh -x /tmp/build/test/cases/040_packages/005_extend/000_ext4/test.sh]
[STDERR  ] 2017-11-16T22:23:44.034555797Z: + set -ex
[STDERR  ] 2017-11-16T22:23:44.034656507Z: + . /tmp/build/test/cases/_lib/lib.sh
[STDERR  ] 2017-11-16T22:23:44.034671631Z: + [ -f src/github.com/linuxkit/rtf/lib/lib.sh ]
[STDERR  ] 2017-11-16T22:23:44.034682462Z: + LINUXKIT_TMPDIR=/tmp/build/test/cases/_tmp
[STDERR  ] 2017-11-16T22:23:44.034705533Z: + [ -f /tmp/build/test/cases/_tmp/env.sh ]
[STDERR  ] 2017-11-16T22:23:44.034717971Z: + . /tmp/build/test/cases/_tmp/env.sh
[STDERR  ] 2017-11-16T22:23:44.034728041Z: + export LINUXKIT_EXAMPLES_DIR=/tmp/build/test/cases/../../examples
[STDERR  ] 2017-11-16T22:23:44.034738049Z: + export LINUXKIT_BLUEPRINTS_DIR=/tmp/build/test/cases/../../blueprints
[STDERR  ] 2017-11-16T22:23:44.034764249Z: + RT_CANCEL=253
[STDERR  ] 2017-11-16T22:23:44.034787638Z: + NAME_CREATE=create-ext4
[STDERR  ] 2017-11-16T22:23:44.034799634Z: + NAME_EXTEND=extend-ext4
[STDERR  ] 2017-11-16T22:23:44.03480961Z: + DISK=disk.img
[STDERR  ] 2017-11-16T22:23:44.034820288Z: + trap clean_up EXIT
[STDERR  ] 2017-11-16T22:23:44.034832378Z: + moby build -name create-ext4 -format kernel+initrd test-create.yml
[STDERR  ] 2017-11-16T22:23:44.065641104Z: Extract kernel image: linuxkit/kernel:4.9.61
[STDERR  ] 2017-11-16T22:23:46.001227287Z: Add init containers:
[STDERR  ] 2017-11-16T22:23:46.001309137Z: Process init image: linuxkit/init:42a92119e1ca10380e0d33e26c0cbcf85b9b3558
[STDERR  ] 2017-11-16T22:23:47.315257284Z: Process init image: linuxkit/runc:1b0741d07949c0acc444cd6a04ee7f833443579d
[STDERR  ] 2017-11-16T22:23:48.532212376Z: Add onboot containers:
[STDERR  ] 2017-11-16T22:23:48.532273872Z:   Create OCI config for linuxkit/format:10e75e78e1f134d310c62e9a0352df1c67b0dd81
[STDERR  ] 2017-11-16T22:23:49.668055883Z: time="2017-11-16T22:23:49Z" level=warning msg="certificate with CN Rolf Neugebauer is near expiry" 
[STDERR  ] 2017-11-16T22:23:49.686686465Z: time="2017-11-16T22:23:49Z" level=warning msg="certificate with CN Rolf Neugebauer is near expiry" 
[STDERR  ] 2017-11-16T22:23:51.89952897Z:   Create OCI config for linuxkit/mount:41685ecc8039643948e5dff46e17584753469a7a
[STDERR  ] 2017-11-16T22:23:52.993713246Z: time="2017-11-16T22:23:52Z" level=warning msg="certificate with CN Rolf Neugebauer is near expiry" 
[STDERR  ] 2017-11-16T22:23:52.999528538Z: time="2017-11-16T22:23:52Z" level=warning msg="certificate with CN Rolf Neugebauer is near expiry" 
[STDERR  ] 2017-11-16T22:23:53.345497928Z:   Create OCI config for alpine:3.6
[STDERR  ] 2017-11-16T22:23:54.545429042Z:   Create OCI config for linuxkit/poweroff:280bd01daa8776fbe1f4d912977f1886b8374834
[STDERR  ] 2017-11-16T22:23:55.577910231Z: time="2017-11-16T22:23:55Z" level=warning msg="certificate with CN Rolf Neugebauer is near expiry" 
[STDERR  ] 2017-11-16T22:23:55.57981705Z: time="2017-11-16T22:23:55Z" level=warning msg="certificate with CN Rolf Neugebauer is near expiry" 
[STDERR  ] 2017-11-16T22:23:55.739692711Z: Create outputs:
[STDERR  ] 2017-11-16T22:24:02.018014352Z:   create-ext4-kernel create-ext4-initrd.img create-ext4-cmdline
[STDERR  ] 2017-11-16T22:24:02.090080208Z: + linuxkit run -disk file=disk.img,format=raw,size=256M create-ext4
[STDERR  ] 2017-11-16T22:24:02.113788015Z: Unable to find qemu-system-x86_64 within the $PATH. Using a container
[STDOUT  ] 2017-11-16T22:24:05.07473769Z: [    0.000000] Linux version 4.9.61-linuxkit (root@f63baf0520f0) (gcc version 6.3.0 (Alpine 6.3.0) ) #1 SMP Fri Nov 10 13:47:55 UTC 2017
[STDOUT  ] 2017-11-16T22:24:05.075286629Z: [    0.000000] Command line: console=ttyS0
[STDOUT  ] 2017-11-16T22:24:05.075307876Z: [    0.000000] x86/fpu: Legacy x87 FPU detected.
[STDOUT  ] 2017-11-16T22:24:05.075488776Z: [    0.000000] x86/fpu: Using 'eager' FPU context switches.
[STDOUT  ] 2017-11-16T22:24:05.075662578Z: [    0.000000] e820: BIOS-provided physical RAM map:
[STDOUT  ] 2017-11-16T22:24:05.075848661Z: [    0.000000] BIOS-e820: [mem 0x0000000000000000-0x000000000009fbff] usable
[STDOUT  ] 2017-11-16T22:24:05.076058002Z: [    0.000000] BIOS-e820: [mem 0x000000000009fc00-0x000000000009ffff] reserved
[STDOUT  ] 2017-11-16T22:24:05.076319849Z: [    0.000000] BIOS-e820: [mem 0x00000000000f0000-0x00000000000fffff] reserved
[STDOUT  ] 2017-11-16T22:24:05.076494014Z: [    0.000000] BIOS-e820: [mem 0x0000000000100000-0x000000003ffdefff] usable
[STDOUT  ] 2017-11-16T22:24:05.076740695Z: [    0.000000] BIOS-e820: [mem 0x000000003ffdf000-0x000000003fffffff] reserved
[STDOUT  ] 2017-11-16T22:24:05.076993788Z: [    0.000000] BIOS-e820: [mem 0x00000000b0000000-0x00000000bfffffff] reserved
[STDOUT  ] 2017-11-16T22:24:05.077133093Z: [    0.000000] BIOS-e820: [mem 0x00000000fed1c000-0x00000000fed1ffff] reserved
[STDOUT  ] 2017-11-16T22:24:05.077346508Z: [    0.000000] BIOS-e820: [mem 0x00000000fffc0000-0x00000000ffffffff] reserved
[STDOUT  ] 2017-11-16T22:24:05.077774792Z: [    0.000000] NX (Execute Disable) protection: active
[STDOUT  ] 2017-11-16T22:24:05.077809919Z: [    0.000000] SMBIOS 2.8 present.
[STDOUT  ] 2017-11-16T22:24:05.078010488Z: [    0.000000] e820: last_pfn = 0x3ffdf max_arch_pfn = 0x400000000
[STDOUT  ] 2017-11-16T22:24:05.078240229Z: [    0.000000] x86/PAT: Configuration [0-7]: WB  WC  UC- UC  WB  WC  UC- WT  
[STDOUT  ] 2017-11-16T22:24:05.078610747Z: [    0.000000] found SMP MP-table at [mem 0x000f6aa0-0x000f6aaf] mapped at [ffff91a9000f6aa0]
[STDOUT  ] 2017-11-16T22:24:05.078720138Z: [    0.000000] RAMDISK: [mem 0x3e03e000-0x3ffcffff]
[STDOUT  ] 2017-11-16T22:24:05.078886348Z: [    0.000000] ACPI: Early table checksum verification disabled
[STDOUT  ] 2017-11-16T22:24:05.079222711Z: [    0.000000] ACPI: RSDP 0x00000000000F68C0 000014 (v00 BOCHS )
[STDOUT  ] 2017-11-16T22:24:05.079409005Z: [    0.000000] ACPI: RSDT 0x000000003FFE2404 000034 (v01 BOCHS  BXPCRSDT 00000001 BXPC 00000001)
[STDOUT  ] 2017-11-16T22:24:05.07977209Z: [    0.000000] ACPI: FACP 0x000000003FFE22A4 000074 (v01 BOCHS  BXPCFACP 00000001 BXPC 00000001)
[STDOUT  ] 2017-11-16T22:24:05.080792675Z: [    0.000000] ACPI: DSDT 0x000000003FFE0040 002264 (v01 BOCHS  BXPCDSDT 00000001 BXPC 00000001)
[STDOUT  ] 2017-11-16T22:24:05.080823488Z: [    0.000000] ACPI: FACS 0x000000003FFE0000 000040
[STDOUT  ] 2017-11-16T22:24:05.080836141Z: [    0.000000] ACPI: APIC 0x000000003FFE2318 000078 (v01 BOCHS  BXPCAPIC 00000001 BXPC 00000001)
[STDOUT  ] 2017-11-16T22:24:05.081167714Z: [    0.000000] ACPI: HPET 0x000000003FFE2390 000038 (v01 BOCHS  BXPCHPET 00000001 BXPC 00000001)
[STDOUT  ] 2017-11-16T22:24:05.081284224Z: [    0.000000] ACPI: MCFG 0x000000003FFE23C8 00003C (v01 BOCHS  BXPCMCFG 00000001 BXPC 00000001)
[STDOUT  ] 2017-11-16T22:24:05.081528267Z: [    0.000000] Zone ranges:
[STDOUT  ] 2017-11-16T22:24:05.081863394Z: [    0.000000]   DMA      [mem 0x0000000000001000-0x0000000000ffffff]
[STDOUT  ] 2017-11-16T22:24:05.081880667Z: [    0.000000]   DMA32    [mem 0x0000000001000000-0x000000003ffdefff]
[STDOUT  ] 2017-11-16T22:24:05.082035483Z: [    0.000000]   Normal   empty
[STDOUT  ] 2017-11-16T22:24:05.082194785Z: [    0.000000] Movable zone start for each node
[STDOUT  ] 2017-11-16T22:24:05.082416395Z: [    0.000000] Early memory node ranges
[STDOUT  ] 2017-11-16T22:24:05.082882128Z: [    0.000000]   node   0: [mem 0x0000000000001000-0x000000000009efff]
[STDOUT  ] 2017-11-16T22:24:05.082901308Z: [    0.000000]   node   0: [mem 0x0000000000100000-0x000000003ffdefff]
[STDOUT  ] 2017-11-16T22:24:05.083051688Z: [    0.000000] Initmem setup node 0 [mem 0x0000000000001000-0x000000003ffdefff]
[STDOUT  ] 2017-11-16T22:24:05.083501891Z: [    0.000000] ACPI: PM-Timer IO Port: 0x608
[STDOUT  ] 2017-11-16T22:24:05.08354367Z: [    0.000000] ACPI: LAPIC_NMI (acpi_id[0xff] dfl dfl lint[0x1])
[STDOUT  ] 2017-11-16T22:24:05.083735425Z: [    0.000000] IOAPIC[0]: apic_id 0, version 32, address 0xfec00000, GSI 0-23
[STDOUT  ] 2017-11-16T22:24:05.083984682Z: [    0.000000] ACPI: INT_SRC_OVR (bus 0 bus_irq 0 global_irq 2 dfl dfl)
[STDOUT  ] 2017-11-16T22:24:05.084224294Z: [    0.000000] ACPI: INT_SRC_OVR (bus 0 bus_irq 5 global_irq 5 high level)
[STDOUT  ] 2017-11-16T22:24:05.084478582Z: [    0.000000] ACPI: INT_SRC_OVR (bus 0 bus_irq 9 global_irq 9 high level)
[STDOUT  ] 2017-11-16T22:24:05.084645082Z: [    0.000000] ACPI: INT_SRC_OVR (bus 0 bus_irq 10 global_irq 10 high level)
[STDOUT  ] 2017-11-16T22:24:05.084819347Z: [    0.000000] ACPI: INT_SRC_OVR (bus 0 bus_irq 11 global_irq 11 high level)
[STDOUT  ] 2017-11-16T22:24:05.084975608Z: [    0.000000] Using ACPI (MADT) for SMP configuration information
[STDOUT  ] 2017-11-16T22:24:05.085649968Z: [    0.000000] ACPI: HPET id: 0x8086a201 base: 0xfed00000
[STDOUT  ] 2017-11-16T22:24:05.085970692Z: [    0.000000] smpboot: Allowing 1 CPUs, 0 hotplug CPUs
[STDOUT  ] 2017-11-16T22:24:05.086600356Z: [    0.000000] e820: [mem 0x40000000-0xafffffff] available for PCI devices
[STDOUT  ] 2017-11-16T22:24:05.087045656Z: [    0.000000] Booting paravirtualized kernel on bare hardware
[STDOUT  ] 2017-11-16T22:24:05.087669587Z: [    0.000000] clocksource: refined-jiffies: mask: 0xffffffff max_cycles: 0xffffffff, max_idle_ns: 19112604462750000 ns
[STDOUT  ] 2017-11-16T22:24:05.088313226Z: [    0.000000] setup_percpu: NR_CPUS:128 nr_cpumask_bits:128 nr_cpu_ids:1 nr_node_ids:1
[STDOUT  ] 2017-11-16T22:24:05.089035622Z: [    0.000000] percpu: Embedded 35 pages/cpu @ffff91a93de00000 s105112 r8192 d30056 u2097152
[STDOUT  ] 2017-11-16T22:24:05.089437371Z: [    0.000000] Built 1 zonelists in Zone order, mobility grouping on.  Total pages: 257896
[STDOUT  ] 2017-11-16T22:24:05.089902682Z: [    0.000000] Kernel command line: console=ttyS0
[STDOUT  ] 2017-11-16T22:24:05.090527231Z: [    0.000000] PID hash table entries: 4096 (order: 3, 32768 bytes)
[STDOUT  ] 2017-11-16T22:24:05.090938947Z: [    0.000000] Dentry cache hash table entries: 131072 (order: 8, 1048576 bytes)
[STDOUT  ] 2017-11-16T22:24:05.091817905Z: [    0.000000] Inode-cache hash table entries: 65536 (order: 7, 524288 bytes)
[STDOUT  ] 2017-11-16T22:24:05.092557778Z: [    0.000000] Memory: 981844K/1048052K available (8048K kernel code, 1367K rwdata, 2700K rodata, 1380K init, 568K bss, 66208K reserved, 0K cma-reserved)
[STDOUT  ] 2017-11-16T22:24:05.092865032Z: [    0.000000] Hierarchical RCU implementation.
[STDOUT  ] 2017-11-16T22:24:05.093309781Z: [    0.000000] 	Build-time adjustment of leaf fanout to 64.
[STDOUT  ] 2017-11-16T22:24:05.09370772Z: [    0.000000] 	RCU restricting CPUs from NR_CPUS=128 to nr_cpu_ids=1.
[STDOUT  ] 2017-11-16T22:24:05.09429107Z: [    0.000000] RCU: Adjusting geometry for rcu_fanout_leaf=64, nr_cpu_ids=1
[STDOUT  ] 2017-11-16T22:24:05.094594014Z: [    0.000000] NR_IRQS:8448 nr_irqs:256 16
[STDOUT  ] 2017-11-16T22:24:05.094905011Z: [    0.000000] Console: colour VGA+ 80x25
[STDOUT  ] 2017-11-16T22:24:05.095359056Z: [    0.000000] console [ttyS0] enabled
[STDOUT  ] 2017-11-16T22:24:05.099519764Z: [    0.000000] clocksource: hpet: mask: 0xffffffff max_cycles: 0xffffffff, max_idle_ns: 19112604467 ns
[STDOUT  ] 2017-11-16T22:24:05.138224287Z: [    0.000000] tsc: Fast TSC calibration using PIT
[STDOUT  ] 2017-11-16T22:24:05.139045555Z: [    0.000000] tsc: Detected 2600.014 MHz processor
[STDOUT  ] 2017-11-16T22:24:05.143027818Z: [    0.032586] Calibrating delay loop (skipped), value calculated using timer frequency.. 5200.02 BogoMIPS (lpj=26000140)
[STDOUT  ] 2017-11-16T22:24:05.143693237Z: [    0.033988] pid_max: default: 32768 minimum: 301
[STDOUT  ] 2017-11-16T22:24:05.144869476Z: [    0.035209] ACPI: Core revision 20160831
[STDOUT  ] 2017-11-16T22:24:05.191274496Z: [    0.079635] ACPI: 1 ACPI AML tables successfully acquired and loaded
[STDOUT  ] 2017-11-16T22:24:05.196188862Z: [    0.084390] Security Framework initialized
[STDOUT  ] 2017-11-16T22:24:05.196746857Z: [    0.084966] Yama: becoming mindful.
[STDOUT  ] 2017-11-16T22:24:05.199417333Z: [    0.087319] Mount-cache hash table entries: 2048 (order: 2, 16384 bytes)
[STDOUT  ] 2017-11-16T22:24:05.199983176Z: [    0.087982] Mountpoint-cache hash table entries: 2048 (order: 2, 16384 bytes)
[STDOUT  ] 2017-11-16T22:24:05.220182801Z: [    0.108663] Last level iTLB entries: 4KB 0, 2MB 0, 4MB 0
[STDOUT  ] 2017-11-16T22:24:05.22102872Z: [    0.109273] Last level dTLB entries: 4KB 0, 2MB 0, 4MB 0, 1GB 0
[STDOUT  ] 2017-11-16T22:24:05.554649542Z: [    0.443223] Freeing SMP alternatives memory: 20K
[STDOUT  ] 2017-11-16T22:24:05.565522745Z: [    0.453997] ftrace: allocating 35542 entries in 139 pages
[STDOUT  ] 2017-11-16T22:24:05.891285439Z: [    0.629644] smpboot: Max logical packages: 1
[STDOUT  ] 2017-11-16T22:24:05.899176328Z: [    0.636975] ..TIMER: vector=0x30 apic1=0 pin1=2 apic2=-1 pin2=-1
[STDOUT  ] 2017-11-16T22:24:06.112847941Z: [    0.740000] smpboot: CPU0: AMD QEMU Virtual CPU version 2.5+ (family: 0x6, model: 0x6, stepping: 0x3)
[STDOUT  ] 2017-11-16T22:24:06.114541601Z: [    0.740000] Performance Events: PMU not available due to virtualization, using software events only.
[STDOUT  ] 2017-11-16T22:24:06.134687675Z: [    0.752043] NMI watchdog: disabled (cpu0): hardware events not enabled
[STDOUT  ] 2017-11-16T22:24:06.135161877Z: [    0.752504] NMI watchdog: Shutting down hard lockup detector on all cpus
[STDOUT  ] 2017-11-16T22:24:06.139207475Z: [    0.756558] x86: Booted up 1 node, 1 CPUs
[STDOUT  ] 2017-11-16T22:24:06.139708368Z: [    0.757087] smpboot: Total of 1 processors activated (5200.02 BogoMIPS)
[STDOUT  ] 2017-11-16T22:24:06.157673047Z: [    0.774807] devtmpfs: initialized
[STDOUT  ] 2017-11-16T22:24:06.16583951Z: [    0.783806] x86/mm: Memory block size: 128MB
[STDOUT  ] 2017-11-16T22:24:06.235735513Z: [    0.853349] clocksource: jiffies: mask: 0xffffffff max_cycles: 0xffffffff, max_idle_ns: 19112604462750000 ns
[STDOUT  ] 2017-11-16T22:24:06.23627181Z: [    0.854328] futex hash table entries: 256 (order: 2, 16384 bytes)
[STDOUT  ] 2017-11-16T22:24:06.247904691Z: [    0.865741] NET: Registered protocol family 16
[STDOUT  ] 2017-11-16T22:24:06.259047058Z: [    0.876972] cpuidle: using governor ladder
[STDOUT  ] 2017-11-16T22:24:06.262430113Z: [    0.880091] cpuidle: using governor menu
[STDOUT  ] 2017-11-16T22:24:06.263698595Z: [    0.881664] ACPI: bus type PCI registered
[STDOUT  ] 2017-11-16T22:24:06.267095413Z: [    0.884665] PCI: MMCONFIG for domain 0000 [bus 00-ff] at [mem 0xb0000000-0xbfffffff] (base 0xb0000000)
[STDOUT  ] 2017-11-16T22:24:06.267665971Z: [    0.885510] PCI: MMCONFIG at [mem 0xb0000000-0xbfffffff] reserved in E820
[STDOUT  ] 2017-11-16T22:24:06.269062543Z: [    0.886962] PCI: Using configuration type 1 for base access
[STDOUT  ] 2017-11-16T22:24:06.338514841Z: [    0.956300] HugeTLB registered 2 MB page size, pre-allocated 0 pages
[STDOUT  ] 2017-11-16T22:24:06.353073367Z: [    0.970907] ACPI: Added _OSI(Module Device)
[STDOUT  ] 2017-11-16T22:24:06.353274633Z: [    0.971258] ACPI: Added _OSI(Processor Device)
[STDOUT  ] 2017-11-16T22:24:06.353617752Z: [    0.971631] ACPI: Added _OSI(3.0 _SCP Extensions)
[STDOUT  ] 2017-11-16T22:24:06.354141665Z: [    0.971982] ACPI: Added _OSI(Processor Aggregator Device)
[STDOUT  ] 2017-11-16T22:24:06.443069291Z: [    1.060771] ACPI: Interpreter enabled
[STDOUT  ] 2017-11-16T22:24:06.443995977Z: [    1.061808] ACPI: (supports S0 S5)
[STDOUT  ] 2017-11-16T22:24:06.444405302Z: [    1.062148] ACPI: Using IOAPIC for interrupt routing
[STDOUT  ] 2017-11-16T22:24:06.447755731Z: [    1.065113] PCI: Using host bridge windows from ACPI; if necessary, use "pci=nocrs" and report a bug
[STDOUT  ] 2017-11-16T22:24:06.519774115Z: [    1.137686] ACPI: PCI Root Bridge [PCI0] (domain 0000 [bus 00-ff])
[STDOUT  ] 2017-11-16T22:24:06.52102624Z: [    1.138841] acpi PNP0A08:00: _OSC: OS supports [ExtendedConfig ASPM ClockPM Segments MSI]
[STDOUT  ] 2017-11-16T22:24:06.528502695Z: [    1.146237] acpi PNP0A08:00: _OSC: OS now controls [PCIeHotplug PME PCIeCapability]
[STDOUT  ] 2017-11-16T22:24:06.53264181Z: [    1.150615] PCI host bridge to bus 0000:00
[STDOUT  ] 2017-11-16T22:24:06.533328432Z: [    1.151114] pci_bus 0000:00: root bus resource [io  0x0000-0x0cf7 window]
[STDOUT  ] 2017-11-16T22:24:06.533759527Z: [    1.151642] pci_bus 0000:00: root bus resource [io  0x0d00-0xffff window]
[STDOUT  ] 2017-11-16T22:24:06.534406037Z: [    1.152170] pci_bus 0000:00: root bus resource [mem 0x000a0000-0x000bffff window]
[STDOUT  ] 2017-11-16T22:24:06.534809629Z: [    1.152705] pci_bus 0000:00: root bus resource [mem 0xc0000000-0xfebfffff window]
[STDOUT  ] 2017-11-16T22:24:06.535913076Z: [    1.153888] pci_bus 0000:00: root bus resource [bus 00-ff]
[STDOUT  ] 2017-11-16T22:24:06.646920023Z: [    1.262714] pci 0000:00:1f.0: quirk: [io  0x0600-0x067f] claimed by ICH6 ACPI/GPIO/TCO
[STDOUT  ] 2017-11-16T22:24:06.711538364Z: [    1.328233] ACPI: PCI Interrupt Link [LNKA] (IRQs 5 *10 11)
[STDOUT  ] 2017-11-16T22:24:06.714339286Z: [    1.331951] ACPI: PCI Interrupt Link [LNKB] (IRQs 5 *10 11)
[STDOUT  ] 2017-11-16T22:24:06.716820419Z: [    1.334423] ACPI: PCI Interrupt Link [LNKC] (IRQs 5 10 *11)
[STDOUT  ] 2017-11-16T22:24:06.719240635Z: [    1.336905] ACPI: PCI Interrupt Link [LNKD] (IRQs 5 10 *11)
[STDOUT  ] 2017-11-16T22:24:06.721251617Z: [    1.338744] ACPI: PCI Interrupt Link [LNKE] (IRQs 5 *10 11)
[STDOUT  ] 2017-11-16T22:24:06.723367381Z: [    1.341120] ACPI: PCI Interrupt Link [LNKF] (IRQs 5 *10 11)
[STDOUT  ] 2017-11-16T22:24:06.725265124Z: [    1.342956] ACPI: PCI Interrupt Link [LNKG] (IRQs 5 10 *11)
[STDOUT  ] 2017-11-16T22:24:06.72750809Z: [    1.345237] ACPI: PCI Interrupt Link [LNKH] (IRQs 5 10 *11)
[STDOUT  ] 2017-11-16T22:24:06.728557358Z: [    1.346361] ACPI: PCI Interrupt Link [GSIA] (IRQs *16)
[STDOUT  ] 2017-11-16T22:24:06.729419364Z: [    1.347159] ACPI: PCI Interrupt Link [GSIB] (IRQs *17)
[STDOUT  ] 2017-11-16T22:24:06.73011231Z: [    1.347957] ACPI: PCI Interrupt Link [GSIC] (IRQs *18)
[STDOUT  ] 2017-11-16T22:24:06.731040992Z: [    1.348741] ACPI: PCI Interrupt Link [GSID] (IRQs *19)
[STDOUT  ] 2017-11-16T22:24:06.732037947Z: [    1.349591] ACPI: PCI Interrupt Link [GSIE] (IRQs *20)
[STDOUT  ] 2017-11-16T22:24:06.732921376Z: [    1.350620] ACPI: PCI Interrupt Link [GSIF] (IRQs *21)
[STDOUT  ] 2017-11-16T22:24:06.733629283Z: [    1.351449] ACPI: PCI Interrupt Link [GSIG] (IRQs *22)
[STDOUT  ] 2017-11-16T22:24:06.734443704Z: [    1.352221] ACPI: PCI Interrupt Link [GSIH] (IRQs *23)
[STDOUT  ] 2017-11-16T22:24:06.738612819Z: [    1.356277] ACPI: Enabled 2 GPEs in block 00 to 3F
[STDOUT  ] 2017-11-16T22:24:06.743314567Z: [    1.361156] SCSI subsystem initialized
[STDOUT  ] 2017-11-16T22:24:06.745306915Z: [    1.363417] ACPI: bus type USB registered
[STDOUT  ] 2017-11-16T22:24:06.746720647Z: [    1.364610] usbcore: registered new interface driver usbfs
[STDOUT  ] 2017-11-16T22:24:06.747693561Z: [    1.365620] usbcore: registered new interface driver hub
[STDOUT  ] 2017-11-16T22:24:06.748730401Z: [    1.366585] usbcore: registered new device driver usb
[STDOUT  ] 2017-11-16T22:24:06.750150612Z: [    1.368017] pps_core: LinuxPPS API ver. 1 registered
[STDOUT  ] 2017-11-16T22:24:06.750619013Z: [    1.368379] pps_core: Software ver. 5.3.6 - Copyright 2005-2007 Rodolfo Giometti <giometti@linux.it>
[STDOUT  ] 2017-11-16T22:24:06.751297702Z: [    1.369231] PTP clock support registered
[STDOUT  ] 2017-11-16T22:24:06.752747574Z: [    1.370793] wmi: Mapper loaded
[STDOUT  ] 2017-11-16T22:24:06.754629254Z: [    1.372575] PCI: Using ACPI for IRQ routing
[STDOUT  ] 2017-11-16T22:24:06.772889128Z: [    1.390836] NetLabel: Initializing
[STDOUT  ] 2017-11-16T22:24:06.773380808Z: [    1.391264] NetLabel:  domain hash size = 128
[STDOUT  ] 2017-11-16T22:24:06.77370165Z: [    1.391622] NetLabel:  protocols = UNLABELED CIPSOv4
[STDOUT  ] 2017-11-16T22:24:06.776777991Z: [    1.394531] NetLabel:  unlabeled traffic allowed by default
[STDOUT  ] 2017-11-16T22:24:06.778132645Z: [    1.395901] HPET: 3 timers in total, 0 timers will be used for per-cpu timer
[STDOUT  ] 2017-11-16T22:24:06.779091279Z: [    1.396841] hpet0: at MMIO 0xfed00000, IRQs 2, 8, 0
[STDOUT  ] 2017-11-16T22:24:06.779543127Z: [    1.397370] hpet0: 3 comparators, 64-bit 100.000000 MHz counter
[STDOUT  ] 2017-11-16T22:24:06.787385482Z: [    1.404972] clocksource: Switched to clocksource hpet
[STDOUT  ] 2017-11-16T22:24:07.076161371Z: [    1.689194] VFS: Disk quotas dquot_6.6.0
[STDOUT  ] 2017-11-16T22:24:07.077615633Z: [    1.690434] VFS: Dquot-cache hash table entries: 512 (order 0, 4096 bytes)
[STDOUT  ] 2017-11-16T22:24:07.081773074Z: [    1.694719] FS-Cache: Loaded
[STDOUT  ] 2017-11-16T22:24:07.087740215Z: [    1.700725] CacheFiles: Loaded
[STDOUT  ] 2017-11-16T22:24:07.090325022Z: [    1.703388] pnp: PnP ACPI init
[STDOUT  ] 2017-11-16T22:24:07.104321946Z: [    1.717205] pnp: PnP ACPI: found 5 devices
[STDOUT  ] 2017-11-16T22:24:07.156376439Z: [    1.768787] clocksource: acpi_pm: mask: 0xffffff max_cycles: 0xffffff, max_idle_ns: 2085701024 ns
[STDOUT  ] 2017-11-16T22:24:07.160872687Z: [    1.773710] NET: Registered protocol family 2
[STDOUT  ] 2017-11-16T22:24:07.170442984Z: [    1.783277] TCP established hash table entries: 8192 (order: 4, 65536 bytes)
[STDOUT  ] 2017-11-16T22:24:07.17123651Z: [    1.784148] TCP bind hash table entries: 8192 (order: 5, 131072 bytes)
[STDOUT  ] 2017-11-16T22:24:07.172029151Z: [    1.784963] TCP: Hash tables configured (established 8192 bind 8192)
[STDOUT  ] 2017-11-16T22:24:07.174017721Z: [    1.786949] UDP hash table entries: 512 (order: 2, 16384 bytes)
[STDOUT  ] 2017-11-16T22:24:07.174589246Z: [    1.787588] UDP-Lite hash table entries: 512 (order: 2, 16384 bytes)
[STDOUT  ] 2017-11-16T22:24:07.177663643Z: [    1.790603] NET: Registered protocol family 1
[STDOUT  ] 2017-11-16T22:24:07.179031688Z: [    1.791790] pci 0000:00:01.0: Video device with shadowed ROM at [mem 0x000c0000-0x000dffff]
[STDOUT  ] 2017-11-16T22:24:07.186641618Z: [    1.799477] Unpacking initramfs...
[STDOUT  ] 2017-11-16T22:24:12.592220112Z: [    7.204847] Freeing initrd memory: 32328K
[STDOUT  ] 2017-11-16T22:24:12.618303955Z: [    7.231191] PCLMULQDQ-NI instructions are not detected.
[STDOUT  ] 2017-11-16T22:24:12.620040017Z: [    7.232892] AVX or AES-NI instructions are not detected.
[STDOUT  ] 2017-11-16T22:24:12.620475826Z: [    7.233426] CPU feature 'AVX registers' is not supported.
[STDOUT  ] 2017-11-16T22:24:12.621032631Z: [    7.233921] CPU feature 'AVX registers' is not supported.
[STDOUT  ] 2017-11-16T22:24:12.621497568Z: [    7.234367] CPU feature 'AVX registers' is not supported.
[STDOUT  ] 2017-11-16T22:24:12.621884488Z: [    7.234856] CPU feature 'AVX registers' is not supported.
[STDOUT  ] 2017-11-16T22:24:12.622327631Z: [    7.235308] AVX2 or AES-NI instructions are not detected.
[STDOUT  ] 2017-11-16T22:24:12.622840218Z: [    7.235732] AVX2 instructions are not detected.
[STDOUT  ] 2017-11-16T22:24:12.63212553Z: [    7.244980] audit: initializing netlink subsys (disabled)
[STDOUT  ] 2017-11-16T22:24:12.634018003Z: [    7.246775] audit: type=2000 audit(1510871051.240:1): initialized
[STDOUT  ] 2017-11-16T22:24:12.642103241Z: [    7.254707] workingset: timestamp_bits=46 max_order=18 bucket_order=0
[STDOUT  ] 2017-11-16T22:24:12.646541435Z: [    7.259423] squashfs: version 4.0 (2009/01/31) Phillip Lougher
[STDOUT  ] 2017-11-16T22:24:12.65000352Z: [    7.262794] FS-Cache: Netfs 'cifs' registered for caching
[STDOUT  ] 2017-11-16T22:24:12.651491288Z: [    7.264420] fuse init (API version 7.26)
[STDOUT  ] 2017-11-16T22:24:12.654247274Z: [    7.266998] SGI XFS with ACLs, security attributes, no debug enabled
[STDOUT  ] 2017-11-16T22:24:12.66125835Z: [    7.274041] 9p: Installing v9fs 9p2000 file system support
[STDOUT  ] 2017-11-16T22:24:12.661736378Z: [    7.274706] FS-Cache: Netfs '9p' registered for caching
[STDOUT  ] 2017-11-16T22:24:12.695504929Z: [    7.308418] NET: Registered protocol family 38
[STDOUT  ] 2017-11-16T22:24:12.696168912Z: [    7.309129] Key type asymmetric registered
[STDOUT  ] 2017-11-16T22:24:12.696536779Z: [    7.309545] Asymmetric key parser 'x509' registered
[STDOUT  ] 2017-11-16T22:24:12.699412903Z: [    7.312197] Block layer SCSI generic (bsg) driver version 0.4 loaded (major 251)
[STDOUT  ] 2017-11-16T22:24:12.701194049Z: [    7.314119] io scheduler noop registered
[STDOUT  ] 2017-11-16T22:24:12.701536228Z: [    7.314533] io scheduler deadline registered (default)
[STDOUT  ] 2017-11-16T22:24:12.702437719Z: [    7.315545] io scheduler cfq registered
[STDOUT  ] 2017-11-16T22:24:12.705323278Z: [    7.318211] pci_hotplug: PCI Hot Plug PCI Core version: 0.5
[STDOUT  ] 2017-11-16T22:24:12.706080536Z: [    7.318959] pciehp: PCI Express Hot Plug Controller Driver version: 0.4
[STDOUT  ] 2017-11-16T22:24:12.707063949Z: [    7.319849] shpchp: Standard Hot Plug PCI Controller Driver version: 0.4
[STDOUT  ] 2017-11-16T22:24:12.708893493Z: [    7.321832] hv_vmbus: registering driver hyperv_fb
[STDOUT  ] 2017-11-16T22:24:12.712365673Z: [    7.325114] input: Power Button as /devices/LNXSYSTM:00/LNXPWRBN:00/input/input0
[STDOUT  ] 2017-11-16T22:24:12.713349218Z: [    7.326302] ACPI: Power Button [PWRF]
[STDOUT  ] 2017-11-16T22:24:12.719776903Z: [    7.332798] GHES: HEST is not enabled!
[STDOUT  ] 2017-11-16T22:24:12.733650501Z: [    7.346395] ACPI: PCI Interrupt Link [GSIG] enabled at IRQ 22
[STDOUT  ] 2017-11-16T22:24:12.748530629Z: [    7.361465] ACPI: PCI Interrupt Link [GSIH] enabled at IRQ 23
[STDOUT  ] 2017-11-16T22:24:12.752682307Z: [    7.365610] xenfs: not registering filesystem on non-xen platform
[STDOUT  ] 2017-11-16T22:24:12.755049909Z: [    7.367803] Serial: 8250/16550 driver, 4 ports, IRQ sharing disabled
[STDOUT  ] 2017-11-16T22:24:12.780183894Z: [    7.392903] 00:04: ttyS0 at I/O 0x3f8 (irq = 4, base_baud = 115200) is a 16550A
[STDOUT  ] 2017-11-16T22:24:12.792755465Z: [    7.405640] Non-volatile memory driver v1.3
[STDOUT  ] 2017-11-16T22:24:12.801105704Z: [    7.413784] Hangcheck: starting hangcheck timer 0.9.1 (tick is 180 seconds, margin is 60 seconds).
[STDOUT  ] 2017-11-16T22:24:12.808089749Z: [    7.421039] random: fast init done
[STDOUT  ] 2017-11-16T22:24:12.809501832Z: [    7.422406] random: crng init done
[STDOUT  ] 2017-11-16T22:24:12.851721965Z: [    7.464781] loop: module loaded
[STDOUT  ] 2017-11-16T22:24:12.868585721Z: [    7.481512] nbd: registered device at major 43
[STDOUT  ] 2017-11-16T22:24:12.913661215Z: [    7.526384] lpc_ich 0000:00:1f.0: I/O space for GPIO uninitialized
[STDOUT  ] 2017-11-16T22:24:12.916051606Z: [    7.528867] VMware PVSCSI driver - version 1.0.7.0-k
[STDOUT  ] 2017-11-16T22:24:12.917179347Z: [    7.529902] hv_vmbus: registering driver hv_storvsc
[STDOUT  ] 2017-11-16T22:24:12.928387657Z: [    7.541251] ACPI: PCI Interrupt Link [GSIA] enabled at IRQ 16
[STDOUT  ] 2017-11-16T22:24:12.935007737Z: [    7.547675] ahci 0000:00:1f.2: AHCI 0001.0000 32 slots 6 ports 1.5 Gbps 0x3f impl SATA mode
[STDOUT  ] 2017-11-16T22:24:12.935420717Z: [    7.548446] ahci 0000:00:1f.2: flags: 64bit ncq only 
[STDOUT  ] 2017-11-16T22:24:12.95803813Z: [    7.570960] scsi host0: ahci
[STDOUT  ] 2017-11-16T22:24:12.963502232Z: [    7.576445] scsi host1: ahci
[STDOUT  ] 2017-11-16T22:24:12.966003525Z: [    7.579079] scsi host2: ahci
[STDOUT  ] 2017-11-16T22:24:12.968927155Z: [    7.581933] scsi host3: ahci
[STDOUT  ] 2017-11-16T22:24:12.971241764Z: [    7.584329] scsi host4: ahci
[STDOUT  ] 2017-11-16T22:24:12.973858666Z: [    7.586912] scsi host5: ahci
[STDOUT  ] 2017-11-16T22:24:12.9761644Z: [    7.588926] ata1: SATA max UDMA/133 abar m4096@0xfebd2000 port 0xfebd2100 irq 24
[STDOUT  ] 2017-11-16T22:24:12.976673777Z: [    7.589466] ata2: SATA max UDMA/133 abar m4096@0xfebd2000 port 0xfebd2180 irq 24
[STDOUT  ] 2017-11-16T22:24:12.977302538Z: [    7.590032] ata3: SATA max UDMA/133 abar m4096@0xfebd2000 port 0xfebd2200 irq 24
[STDOUT  ] 2017-11-16T22:24:12.978140514Z: [    7.590946] ata4: SATA max UDMA/133 abar m4096@0xfebd2000 port 0xfebd2280 irq 24
[STDOUT  ] 2017-11-16T22:24:12.978537781Z: [    7.591411] ata5: SATA max UDMA/133 abar m4096@0xfebd2000 port 0xfebd2300 irq 24
[STDOUT  ] 2017-11-16T22:24:12.979140393Z: [    7.591856] ata6: SATA max UDMA/133 abar m4096@0xfebd2000 port 0xfebd2380 irq 24
[STDOUT  ] 2017-11-16T22:24:12.993874772Z: [    7.606779] tun: Universal TUN/TAP device driver, 1.6
[STDOUT  ] 2017-11-16T22:24:12.994526717Z: [    7.607151] tun: (C) 1999-2004 Max Krasnyansky <maxk@qualcomm.com>
[STDOUT  ] 2017-11-16T22:24:13.008246548Z: [    7.620868] VMware vmxnet3 virtual NIC driver - version 1.4.a.0-k-NAPI
[STDOUT  ] 2017-11-16T22:24:13.009134489Z: [    7.622039] hv_vmbus: registering driver hv_netvsc
[STDOUT  ] 2017-11-16T22:24:13.009543756Z: [    7.622454] Fusion MPT base driver 3.04.20
[STDOUT  ] 2017-11-16T22:24:13.009902241Z: [    7.622803] Copyright (c) 1999-2008 LSI Corporation
[STDOUT  ] 2017-11-16T22:24:13.010471067Z: [    7.623477] Fusion MPT SPI Host driver 3.04.20
[STDOUT  ] 2017-11-16T22:24:13.012904573Z: [    7.625643] i8042: PNP: PS/2 Controller [PNP0303:KBD,PNP0f13:MOU] at 0x60,0x64 irq 1,12
[STDOUT  ] 2017-11-16T22:24:13.017266472Z: [    7.629932] serio: i8042 KBD port at 0x60,0x64 irq 1
[STDOUT  ] 2017-11-16T22:24:13.018317668Z: [    7.631225] serio: i8042 AUX port at 0x60,0x64 irq 12
[STDOUT  ] 2017-11-16T22:24:13.021561003Z: [    7.634415] hv_vmbus: registering driver hyperv_keyboard
[STDOUT  ] 2017-11-16T22:24:13.023818268Z: [    7.636747] mousedev: PS/2 mouse device common for all mice
[STDOUT  ] 2017-11-16T22:24:13.029518176Z: [    7.642126] input: AT Translated Set 2 keyboard as /devices/platform/i8042/serio0/input/input1
[STDOUT  ] 2017-11-16T22:24:13.032424158Z: [    7.645269] input: PC Speaker as /devices/platform/pcspkr/input/input2
[STDOUT  ] 2017-11-16T22:24:13.036129977Z: [    7.649185] rtc_cmos 00:00: RTC can wake from S4
[STDOUT  ] 2017-11-16T22:24:13.040951799Z: [    7.653750] rtc_cmos 00:00: rtc core: registered rtc_cmos as rtc0
[STDOUT  ] 2017-11-16T22:24:13.042477428Z: [    7.655223] rtc_cmos 00:00: alarms up to one day, y3k, 114 bytes nvram, hpet irqs
[STDOUT  ] 2017-11-16T22:24:13.042904013Z: [    7.656047] i2c /dev entries driver
[STDOUT  ] 2017-11-16T22:24:13.045507224Z: [    7.658168] device-mapper: ioctl: 4.35.0-ioctl (2016-06-23) initialised: dm-devel@redhat.com
[STDOUT  ] 2017-11-16T22:24:13.05082534Z: [    7.663662] usbcore: registered new interface driver usbhid
[STDOUT  ] 2017-11-16T22:24:13.05122852Z: [    7.664174] usbhid: USB HID core driver
[STDOUT  ] 2017-11-16T22:24:13.052115967Z: [    7.665003] hv_utils: Registering HyperV Utility Driver
[STDOUT  ] 2017-11-16T22:24:13.052425548Z: [    7.665359] hv_vmbus: registering driver hv_util
[STDOUT  ] 2017-11-16T22:24:13.05280783Z: [    7.665711] hv_vmbus: registering driver hv_balloon
[STDOUT  ] 2017-11-16T22:24:13.053332599Z: [    7.666331] oprofile: using NMI interrupt.
[STDOUT  ] 2017-11-16T22:24:13.054490215Z: [    7.667568] GACT probability on
[STDOUT  ] 2017-11-16T22:24:13.055185217Z: [    7.668121] Mirror/redirect action on
[STDOUT  ] 2017-11-16T22:24:13.056210443Z: [    7.669099] Simple TC action Loaded
[STDOUT  ] 2017-11-16T22:24:13.056702844Z: [    7.669806] u32 classifier
[STDOUT  ] 2017-11-16T22:24:13.05698949Z: [    7.669969]     Performance counters on
[STDOUT  ] 2017-11-16T22:24:13.057886706Z: [    7.670982]     input device check on
[STDOUT  ] 2017-11-16T22:24:13.05824727Z: [    7.671234]     Actions configured
[STDOUT  ] 2017-11-16T22:24:13.059066057Z: [    7.672025] Netfilter messages via NETLINK v0.30.
[STDOUT  ] 2017-11-16T22:24:13.05966812Z: [    7.672677] nfnl_acct: registering with nfnetlink.
[STDOUT  ] 2017-11-16T22:24:13.061162996Z: [    7.674139] nf_conntrack version 0.5.0 (8192 buckets, 32768 max)
[STDOUT  ] 2017-11-16T22:24:13.064234565Z: [    7.677186] ctnetlink v0.93: registering with nfnetlink.
[STDOUT  ] 2017-11-16T22:24:13.068021167Z: [    7.680915] nf_tables: (c) 2007-2009 Patrick McHardy <kaber@trash.net>
[STDOUT  ] 2017-11-16T22:24:13.069015725Z: [    7.681861] nf_tables_compat: (c) 2012 Pablo Neira Ayuso <pablo@netfilter.org>
[STDOUT  ] 2017-11-16T22:24:13.071610008Z: [    7.684469] xt_time: kernel timezone is -0000
[STDOUT  ] 2017-11-16T22:24:13.071982053Z: [    7.685134] ip_set: protocol 6
[STDOUT  ] 2017-11-16T22:24:13.07300053Z: [    7.685856] IPVS: Registered protocols (TCP, UDP, SCTP, AH, ESP)
[STDOUT  ] 2017-11-16T22:24:13.073883028Z: [    7.686655] IPVS: Connection hash table configured (size=4096, memory=64Kbytes)
[STDOUT  ] 2017-11-16T22:24:13.075618609Z: [    7.688555] IPVS: Creating netns size=2104 id=0
[STDOUT  ] 2017-11-16T22:24:13.07883706Z: [    7.691866] IPVS: ipvs loaded.
[STDOUT  ] 2017-11-16T22:24:13.079310371Z: [    7.692282] IPVS: [rr] scheduler registered.
[STDOUT  ] 2017-11-16T22:24:13.079638856Z: [    7.692667] IPVS: [wrr] scheduler registered.
[STDOUT  ] 2017-11-16T22:24:13.079942188Z: [    7.693046] IPVS: [lc] scheduler registered.
[STDOUT  ] 2017-11-16T22:24:13.08032572Z: [    7.693355] IPVS: [wlc] scheduler registered.
[STDOUT  ] 2017-11-16T22:24:13.080789927Z: [    7.693696] IPVS: [fo] scheduler registered.
[STDOUT  ] 2017-11-16T22:24:13.081074444Z: [    7.694070] IPVS: [ovf] scheduler registered.
[STDOUT  ] 2017-11-16T22:24:13.081501104Z: [    7.694565] IPVS: [lblc] scheduler registered.
[STDOUT  ] 2017-11-16T22:24:13.082031625Z: [    7.694995] IPVS: [lblcr] scheduler registered.
[STDOUT  ] 2017-11-16T22:24:13.082363955Z: [    7.695310] IPVS: [dh] scheduler registered.
[STDOUT  ] 2017-11-16T22:24:13.082522177Z: [    7.695629] IPVS: [sh] scheduler registered.
[STDOUT  ] 2017-11-16T22:24:13.082838572Z: [    7.695895] IPVS: [sed] scheduler registered.
[STDOUT  ] 2017-11-16T22:24:13.083144158Z: [    7.696186] IPVS: [nq] scheduler registered.
[STDOUT  ] 2017-11-16T22:24:13.084019256Z: [    7.696990] IPVS: ftp: loaded support on port[0] = 21
[STDOUT  ] 2017-11-16T22:24:13.085025103Z: [    7.697955] ipip: IPv4 and MPLS over IPv4 tunneling driver
[STDOUT  ] 2017-11-16T22:24:13.089935921Z: [    7.702759] gre: GRE over IPv4 demultiplexor driver
[STDOUT  ] 2017-11-16T22:24:13.093159844Z: [    7.706031] ip_tables: (C) 2000-2006 Netfilter Core Team
[STDOUT  ] 2017-11-16T22:24:13.096376667Z: [    7.709316] ipt_CLUSTERIP: ClusterIP Version 0.8 loaded successfully
[STDOUT  ] 2017-11-16T22:24:13.097723611Z: [    7.710637] arp_tables: arp_tables: (C) 2002 David S. Miller
[STDOUT  ] 2017-11-16T22:24:13.100279562Z: [    7.713158] NET: Registered protocol family 10
[STDOUT  ] 2017-11-16T22:24:13.110331291Z: [    7.723173] ip6_tables: (C) 2000-2006 Netfilter Core Team
[STDOUT  ] 2017-11-16T22:24:13.118987869Z: [    7.731862] NET: Registered protocol family 17
[STDOUT  ] 2017-11-16T22:24:13.12011914Z: [    7.733026] Bridge firewalling registered
[STDOUT  ] 2017-11-16T22:24:13.120609179Z: [    7.733716] Ebtables v2.0 registered
[STDOUT  ] 2017-11-16T22:24:13.122676904Z: [    7.735721] 8021q: 802.1Q VLAN Support v1.8
[STDOUT  ] 2017-11-16T22:24:13.124320681Z: [    7.737237] 9pnet: Installing 9P2000 support
[STDOUT  ] 2017-11-16T22:24:13.125676512Z: [    7.738779] Key type dns_resolver registered
[STDOUT  ] 2017-11-16T22:24:13.126836071Z: [    7.739767] microcode: AMD CPU family 0x6 not supported
[STDOUT  ] 2017-11-16T22:24:13.131250172Z: [    7.744095] registered taskstats version 1
[STDOUT  ] 2017-11-16T22:24:13.308604802Z: [    7.921421] ata3: SATA link up 1.5 Gbps (SStatus 113 SControl 300)
[STDOUT  ] 2017-11-16T22:24:13.313215427Z: [    7.926083] ata2: SATA link down (SStatus 0 SControl 300)
[STDOUT  ] 2017-11-16T22:24:13.314914683Z: [    7.927817] ata1: SATA link up 1.5 Gbps (SStatus 113 SControl 300)
[STDOUT  ] 2017-11-16T22:24:13.316977013Z: [    7.929868] ata1.00: ATA-7: QEMU HARDDISK, 2.5+, max UDMA/100
[STDOUT  ] 2017-11-16T22:24:13.317833189Z: [    7.930588] ata1.00: 524288 sectors, multi 16: LBA48 NCQ (depth 31/32)
[STDOUT  ] 2017-11-16T22:24:13.318434758Z: [    7.931507] ata1.00: applying bridge limits
[STDOUT  ] 2017-11-16T22:24:13.320244846Z: [    7.932975] ata4: SATA link down (SStatus 0 SControl 300)
[STDOUT  ] 2017-11-16T22:24:13.32079328Z: [    7.933671] ata5: SATA link down (SStatus 0 SControl 300)
[STDOUT  ] 2017-11-16T22:24:13.321269654Z: [    7.934252] ata6: SATA link down (SStatus 0 SControl 300)
[STDOUT  ] 2017-11-16T22:24:13.32403652Z: [    7.936842] ata1.00: configured for UDMA/100
[STDOUT  ] 2017-11-16T22:24:13.327738345Z: [    7.940515] ata3.00: ATAPI: QEMU DVD-ROM, 2.5+, max UDMA/100
[STDOUT  ] 2017-11-16T22:24:13.328116355Z: [    7.940997] ata3.00: applying bridge limits
[STDOUT  ] 2017-11-16T22:24:13.328840032Z: [    7.941951] ata3.00: configured for UDMA/100
[STDOUT  ] 2017-11-16T22:24:13.341081967Z: [    7.954043] Key type big_key registered
[STDOUT  ] 2017-11-16T22:24:13.348564134Z: [    7.961211] scsi 0:0:0:0: Direct-Access     ATA      QEMU HARDDISK    2.5+ PQ: 0 ANSI: 5
[STDOUT  ] 2017-11-16T22:24:13.359920036Z: [    7.972776] sd 0:0:0:0: [sda] 524288 512-byte logical blocks: (268 MB/256 MiB)
[STDOUT  ] 2017-11-16T22:24:13.36465788Z: [    7.977549] sd 0:0:0:0: [sda] Write Protect is off
[STDOUT  ] 2017-11-16T22:24:13.368210665Z: [    7.981040] sd 0:0:0:0: Attached scsi generic sg0 type 0
[STDOUT  ] 2017-11-16T22:24:13.370405019Z: [    7.983099] sd 0:0:0:0: [sda] Write cache: enabled, read cache: enabled, doesn't support DPO or FUA
[STDOUT  ] 2017-11-16T22:24:13.382102801Z: [    7.994737] scsi 2:0:0:0: CD-ROM            QEMU     QEMU DVD-ROM     2.5+ PQ: 0 ANSI: 5
[STDOUT  ] 2017-11-16T22:24:13.4006427Z: [    8.013451] sr 2:0:0:0: [sr0] scsi3-mmc drive: 4x/4x cd/rw xa/form2 tray
[STDOUT  ] 2017-11-16T22:24:13.401256275Z: [    8.014181] cdrom: Uniform CD-ROM driver Revision: 3.20
[STDOUT  ] 2017-11-16T22:24:13.42165852Z: [    8.034537] sr 2:0:0:0: Attached scsi generic sg1 type 5
[STDOUT  ] 2017-11-16T22:24:13.435208366Z: [    8.048096] sd 0:0:0:0: [sda] Attached SCSI disk
[STDOUT  ] 2017-11-16T22:24:13.519608137Z: [    8.132462] Key type encrypted registered
[STDOUT  ] 2017-11-16T22:24:13.525728365Z: [    8.138435] rtc_cmos 00:00: setting system clock to 2017-11-16 22:24:13 UTC (1510871053)
[STDOUT  ] 2017-11-16T22:24:13.674719718Z: [    8.287731] Freeing unused kernel memory: 1380K
[STDOUT  ] 2017-11-16T22:24:13.675345426Z: [    8.288070] Write protecting the kernel read-only data: 12288k
[STDOUT  ] 2017-11-16T22:24:13.678239599Z: [    8.291043] tsc: Refined TSC clocksource calibration: 2600.006 MHz
[STDOUT  ] 2017-11-16T22:24:13.679183206Z: [    8.291696] clocksource: tsc: mask: 0xffffffffffffffff max_cycles: 0x257a42068c7, max_idle_ns: 440795285103 ns
[STDOUT  ] 2017-11-16T22:24:13.683533025Z: [    8.296436] Freeing unused kernel memory: 128K
[STDOUT  ] 2017-11-16T22:24:13.773183215Z: [    8.386113] Freeing unused kernel memory: 1396K
[STDOUT  ] 2017-11-16T22:24:14.698402092Z: [    9.311272] clocksource: Switched to clocksource tsc
[STDOUT  ] 2017-11-16T22:24:25.026376059Z: 
[STDOUT  ] 2017-11-16T22:24:25.028039925Z: Welcome to LinuxKit
[STDOUT  ] 2017-11-16T22:24:25.028248789Z: 
[STDOUT  ] 2017-11-16T22:24:25.028816709Z:                         ##         .
[STDOUT  ] 2017-11-16T22:24:25.029171975Z:                   ## ## ##        ==
[STDOUT  ] 2017-11-16T22:24:25.029695671Z:                ## ## ## ## ##    ===
[STDOUT  ] 2017-11-16T22:24:25.030123931Z:            /"""""""""""""""""\___/ ===
[STDOUT  ] 2017-11-16T22:24:25.030553069Z:           {                       /  ===-
[STDOUT  ] 2017-11-16T22:24:25.031027016Z:            \______ O           __/
[STDOUT  ] 2017-11-16T22:24:25.031421025Z:              \    \         __/
[STDOUT  ] 2017-11-16T22:24:25.031659233Z:               \____\_______/
[STDOUT  ] 2017-11-16T22:24:25.031798479Z: 
[STDOUT  ] 2017-11-16T22:24:25.931334586Z: [   20.544292] IPVS: Creating netns size=2104 id=1
[STDOUT  ] 2017-11-16T22:24:25.931902317Z: [   20.544754] IPVS: ftp: loaded support on port[0] = 21
[STDOUT  ] 2017-11-16T22:24:27.266370505Z: 2017/11/16 22:24:26 Creating partition on /dev/sda
[STDOUT  ] 2017-11-16T22:24:27.385061069Z: [   21.998082]  sda:
[STDOUT  ] 2017-11-16T22:24:27.4718495Z: [   22.084851]  sda:
[STDOUT  ] 2017-11-16T22:24:27.508552876Z: [   22.121406]  sda: sda1
[STDOUT  ] 2017-11-16T22:24:27.589345958Z: [   22.202149]  sda: sda1
[STDOUT  ] 2017-11-16T22:24:29.534094389Z: 2017/11/16 22:24:28 Partition /dev/sda1 successfully created!
[STDOUT  ] 2017-11-16T22:24:30.411733917Z: [   25.024617] IPVS: Creating netns size=2104 id=2
[STDOUT  ] 2017-11-16T22:24:30.411979276Z: [   25.024969] IPVS: ftp: loaded support on port[0] = 21
[STDOUT  ] 2017-11-16T22:24:31.627517843Z: [   26.240080] EXT4-fs (sda1): couldn't mount as ext3 due to feature incompatibilities
[STDOUT  ] 2017-11-16T22:24:31.636228317Z: [   26.249249] EXT4-fs (sda1): couldn't mount as ext2 due to feature incompatibilities
[STDOUT  ] 2017-11-16T22:24:31.663301197Z: [   26.275984] EXT4-fs (sda1): mounted filesystem with ordered data mode. Opts: (null)
[STDOUT  ] 2017-11-16T22:24:45.761381389Z: [   40.374249] sd 0:0:0:0: [sda] Synchronizing SCSI cache
[STDOUT  ] 2017-11-16T22:24:45.762633682Z: [   40.375542] sd 0:0:0:0: [sda] Stopping disk
[STDOUT  ] 2017-11-16T22:24:45.766941745Z: [   40.379641] ACPI: Preparing to enter system sleep state S5
[STDOUT  ] 2017-11-16T22:24:45.769134667Z: [   40.382130] reboot: Power down
[STDERR  ] 2017-11-16T22:24:46.097012964Z: + [ -f disk.img ]
[STDERR  ] 2017-11-16T22:24:46.097073686Z: + dd if=/dev/zero bs=1048576 count=256
[STDERR  ] 2017-11-16T22:24:46.317423892Z: 256+0 records in
[STDERR  ] 2017-11-16T22:24:46.317489877Z: 256+0 records out
[STDERR  ] 2017-11-16T22:24:46.317500113Z: 268435456 bytes (268 MB) copied, 0.190583 s, 1.4 GB/s
[STDERR  ] 2017-11-16T22:24:46.31770509Z: + moby build -format kernel+initrd -name extend-ext4 test.yml
[STDERR  ] 2017-11-16T22:24:46.35390147Z: Extract kernel image: linuxkit/kernel:4.9.61
[STDERR  ] 2017-11-16T22:24:48.138792689Z: Add init containers:
[STDERR  ] 2017-11-16T22:24:48.138866737Z: Process init image: linuxkit/init:42a92119e1ca10380e0d33e26c0cbcf85b9b3558
[STDERR  ] 2017-11-16T22:24:49.448217656Z: Process init image: linuxkit/runc:1b0741d07949c0acc444cd6a04ee7f833443579d
[STDERR  ] 2017-11-16T22:24:50.668741059Z: Add onboot containers:
[STDERR  ] 2017-11-16T22:24:50.668959174Z:   Create OCI config for linuxkit/extend:8b6db5bf68330cc4e91c74532732a7e227ae12fd
[STDERR  ] 2017-11-16T22:24:52.390414794Z: time="2017-11-16T22:24:52Z" level=warning msg="certificate with CN Rolf Neugebauer is near expiry" 
[STDERR  ] 2017-11-16T22:24:52.390529556Z: time="2017-11-16T22:24:52Z" level=warning msg="certificate with CN Moby CI is near expiry" 
[STDERR  ] 2017-11-16T22:24:52.649732528Z: time="2017-11-16T22:24:52Z" level=warning msg="certificate with CN Rolf Neugebauer is near expiry" 
[STDERR  ] 2017-11-16T22:24:52.672500487Z: Pull image: docker.io/linuxkit/extend:8b6db5bf68330cc4e91c74532732a7e227ae12fd@sha256:5a4179d7634947565f213de39a31ee7eafb2a5c74d08d7e5839420a571d4af08
[STDERR  ] 2017-11-16T22:24:56.610398548Z:   Create OCI config for linuxkit/mount:41685ecc8039643948e5dff46e17584753469a7a
[STDERR  ] 2017-11-16T22:24:57.652953857Z: time="2017-11-16T22:24:57Z" level=warning msg="certificate with CN Rolf Neugebauer is near expiry" 
[STDERR  ] 2017-11-16T22:24:57.656559154Z: time="2017-11-16T22:24:57Z" level=warning msg="certificate with CN Rolf Neugebauer is near expiry" 
[STDERR  ] 2017-11-16T22:24:57.817315039Z:   Create OCI config for alpine:3.6
[STDERR  ] 2017-11-16T22:24:59.022227066Z:   Create OCI config for linuxkit/poweroff:280bd01daa8776fbe1f4d912977f1886b8374834
[STDERR  ] 2017-11-16T22:25:00.072509329Z: time="2017-11-16T22:25:00Z" level=warning msg="certificate with CN Rolf Neugebauer is near expiry" 
[STDERR  ] 2017-11-16T22:25:00.074343136Z: time="2017-11-16T22:25:00Z" level=warning msg="certificate with CN Rolf Neugebauer is near expiry" 
[STDERR  ] 2017-11-16T22:25:00.231502879Z: Add files:
[STDERR  ] 2017-11-16T22:25:00.231560197Z:   check.sh
[STDERR  ] 2017-11-16T22:25:00.258514Z: Create outputs:
[STDERR  ] 2017-11-16T22:25:06.427693413Z:   extend-ext4-kernel extend-ext4-initrd.img extend-ext4-cmdline
[STDERR  ] 2017-11-16T22:25:06.486695922Z: + linuxkit run -disk file=disk.img extend-ext4
[STDERR  ] 2017-11-16T22:25:06.507353031Z: Unable to find qemu-system-x86_64 within the $PATH. Using a container
[STDERR  ] 2017-11-16T22:25:06.507498945Z: Using existing disk [disk.img] format 
[STDERR  ] 2017-11-16T22:25:08.066035802Z: WARNING: Image format was not specified for 'disk.img' and probing guessed raw.
[STDERR  ] 2017-11-16T22:25:08.066100534Z:          Automatically detecting the format is dangerous for raw images, write operations on block 0 will be restricted.
[STDERR  ] 2017-11-16T22:25:08.066114652Z:          Specify the 'raw' format explicitly to remove the restrictions.
[STDERR  ] 2017-11-16T22:25:35.724801546Z: main-loop: WARNING: I/O thread spun for 1000 iterations
[STDOUT  ] 2017-11-16T22:25:52.659983833Z: [    0.000000] Linux version 4.9.61-linuxkit (root@f63baf0520f0) (gcc version 6.3.0 (Alpine 6.3.0) ) #1 SMP Fri Nov 10 13:47:55 UTC 2017
[STDOUT  ] 2017-11-16T22:25:52.660073459Z: [    0.000000] Command line: console=ttyS0
[STDOUT  ] 2017-11-16T22:25:52.660097963Z: [    0.000000] x86/fpu: Legacy x87 FPU detected.
[STDOUT  ] 2017-11-16T22:25:52.660130761Z: [    0.000000] x86/fpu: Using 'eager' FPU context switches.
[STDOUT  ] 2017-11-16T22:25:52.660154399Z: [    0.000000] e820: BIOS-provided physical RAM map:
[STDOUT  ] 2017-11-16T22:25:52.660177687Z: [    0.000000] BIOS-e820: [mem 0x0000000000000000-0x000000000009fbff] usable
[STDOUT  ] 2017-11-16T22:25:52.660200488Z: [    0.000000] BIOS-e820: [mem 0x000000000009fc00-0x000000000009ffff] reserved
[STDOUT  ] 2017-11-16T22:25:52.660222998Z: [    0.000000] BIOS-e820: [mem 0x00000000000f0000-0x00000000000fffff] reserved
[STDOUT  ] 2017-11-16T22:25:52.660245782Z: [    0.000000] BIOS-e820: [mem 0x0000000000100000-0x000000003ffdefff] usable
[STDOUT  ] 2017-11-16T22:25:52.660316788Z: [    0.000000] BIOS-e820: [mem 0x000000003ffdf000-0x000000003fffffff] reserved
[STDOUT  ] 2017-11-16T22:25:52.660387468Z: [    0.000000] BIOS-e820: [mem 0x00000000b0000000-0x00000000bfffffff] reserved
[STDOUT  ] 2017-11-16T22:25:52.660409551Z: [    0.000000] BIOS-e820: [mem 0x00000000fed1c000-0x00000000fed1ffff] reserved
[STDOUT  ] 2017-11-16T22:25:52.660442058Z: [    0.000000] BIOS-e820: [mem 0x00000000fffc0000-0x00000000ffffffff] reserved
[STDOUT  ] 2017-11-16T22:25:52.660466522Z: [    0.000000] NX (Execute Disable) protection: active
[STDOUT  ] 2017-11-16T22:25:52.66048777Z: [    0.000000] SMBIOS 2.8 present.
[STDOUT  ] 2017-11-16T22:25:52.66050155Z: [    0.000000] e820: last_pfn = 0x3ffdf max_arch_pfn = 0x400000000
[STDOUT  ] 2017-11-16T22:25:52.660514356Z: [    0.000000] x86/PAT: Configuration [0-7]: WB  WC  UC- UC  WB  WC  UC- WT  
[STDOUT  ] 2017-11-16T22:25:52.660527347Z: [    0.000000] found SMP MP-table at [mem 0x000f6aa0-0x000f6aaf] mapped at [ffff9398400f6aa0]
[STDOUT  ] 2017-11-16T22:25:52.660539614Z: [    0.000000] RAMDISK: [mem 0x3df2a000-0x3ffcffff]
[STDOUT  ] 2017-11-16T22:25:52.660551782Z: [    0.000000] ACPI: Early table checksum verification disabled
[STDOUT  ] 2017-11-16T22:25:52.660564274Z: [    0.000000] ACPI: RSDP 0x00000000000F68C0 000014 (v00 BOCHS )
[STDOUT  ] 2017-11-16T22:25:52.660576861Z: [    0.000000] ACPI: RSDT 0x000000003FFE2404 000034 (v01 BOCHS  BXPCRSDT 00000001 BXPC 00000001)
[STDOUT  ] 2017-11-16T22:25:52.660588946Z: [    0.000000] ACPI: FACP 0x000000003FFE22A4 000074 (v01 BOCHS  BXPCFACP 00000001 BXPC 00000001)
[STDOUT  ] 2017-11-16T22:25:52.660600871Z: [    0.000000] ACPI: DSDT 0x000000003FFE0040 002264 (v01 BOCHS  BXPCDSDT 00000001 BXPC 00000001)
[STDOUT  ] 2017-11-16T22:25:52.66061292Z: [    0.000000] ACPI: FACS 0x000000003FFE0000 000040
[STDOUT  ] 2017-11-16T22:25:52.660624928Z: [    0.000000] ACPI: APIC 0x000000003FFE2318 000078 (v01 BOCHS  BXPCAPIC 00000001 BXPC 00000001)
[STDOUT  ] 2017-11-16T22:25:52.660636822Z: [    0.000000] ACPI: HPET 0x000000003FFE2390 000038 (v01 BOCHS  BXPCHPET 00000001 BXPC 00000001)
[STDOUT  ] 2017-11-16T22:25:52.660649741Z: [    0.000000] ACPI: MCFG 0x000000003FFE23C8 00003C (v01 BOCHS  BXPCMCFG 00000001 BXPC 00000001)
[STDOUT  ] 2017-11-16T22:25:52.66066195Z: [    0.000000] Zone ranges:
[STDOUT  ] 2017-11-16T22:25:52.660674196Z: [    0.000000]   DMA      [mem 0x0000000000001000-0x0000000000ffffff]
[STDOUT  ] 2017-11-16T22:25:52.660686244Z: [    0.000000]   DMA32    [mem 0x0000000001000000-0x000000003ffdefff]
[STDOUT  ] 2017-11-16T22:25:52.660701308Z: [    0.000000]   Normal   empty
[STDOUT  ] 2017-11-16T22:25:52.660727207Z: [    0.000000] Movable zone start for each node
[STDOUT  ] 2017-11-16T22:25:52.660738816Z: [    0.000000] Early memory node ranges
[STDOUT  ] 2017-11-16T22:25:52.660750431Z: [    0.000000]   node   0: [mem 0x0000000000001000-0x000000000009efff]
[STDOUT  ] 2017-11-16T22:25:52.660762156Z: [    0.000000]   node   0: [mem 0x0000000000100000-0x000000003ffdefff]
[STDOUT  ] 2017-11-16T22:25:52.660778488Z: [    0.000000] Initmem setup node 0 [mem 0x0000000000001000-0x000000003ffdefff]
[STDOUT  ] 2017-11-16T22:25:52.66079162Z: [    0.000000] ACPI: PM-Timer IO Port: 0x608
[STDOUT  ] 2017-11-16T22:25:52.6608034Z: [    0.000000] ACPI: LAPIC_NMI (acpi_id[0xff] dfl dfl lint[0x1])
[STDOUT  ] 2017-11-16T22:25:52.660822382Z: [    0.000000] IOAPIC[0]: apic_id 0, version 32, address 0xfec00000, GSI 0-23
[STDOUT  ] 2017-11-16T22:25:52.660835287Z: [    0.000000] ACPI: INT_SRC_OVR (bus 0 bus_irq 0 global_irq 2 dfl dfl)
[STDOUT  ] 2017-11-16T22:25:52.660847338Z: [    0.000000] ACPI: INT_SRC_OVR (bus 0 bus_irq 5 global_irq 5 high level)
[STDOUT  ] 2017-11-16T22:25:52.660859027Z: [    0.000000] ACPI: INT_SRC_OVR (bus 0 bus_irq 9 global_irq 9 high level)
[STDOUT  ] 2017-11-16T22:25:52.660870852Z: [    0.000000] ACPI: INT_SRC_OVR (bus 0 bus_irq 10 global_irq 10 high level)
[STDOUT  ] 2017-11-16T22:25:52.660882436Z: [    0.000000] ACPI: INT_SRC_OVR (bus 0 bus_irq 11 global_irq 11 high level)
[STDOUT  ] 2017-11-16T22:25:52.660893918Z: [    0.000000] Using ACPI (MADT) for SMP configuration information
[STDOUT  ] 2017-11-16T22:25:52.660905914Z: [    0.000000] ACPI: HPET id: 0x8086a201 base: 0xfed00000
[STDOUT  ] 2017-11-16T22:25:52.660918144Z: [    0.000000] smpboot: Allowing 1 CPUs, 0 hotplug CPUs
[STDOUT  ] 2017-11-16T22:25:52.660933457Z: [    0.000000] e820: [mem 0x40000000-0xafffffff] available for PCI devices
[STDOUT  ] 2017-11-16T22:25:52.660945442Z: [    0.000000] Booting paravirtualized kernel on bare hardware
[STDOUT  ] 2017-11-16T22:25:52.660957597Z: [    0.000000] clocksource: refined-jiffies: mask: 0xffffffff max_cycles: 0xffffffff, max_idle_ns: 19112604462750000 ns
[STDOUT  ] 2017-11-16T22:25:52.660972178Z: [    0.000000] setup_percpu: NR_CPUS:128 nr_cpumask_bits:128 nr_cpu_ids:1 nr_node_ids:1
[STDOUT  ] 2017-11-16T22:25:52.66098383Z: [    0.000000] percpu: Embedded 35 pages/cpu @ffff93987dc00000 s105112 r8192 d30056 u2097152
[STDOUT  ] 2017-11-16T22:25:52.660995452Z: [    0.000000] Built 1 zonelists in Zone order, mobility grouping on.  Total pages: 257896
[STDOUT  ] 2017-11-16T22:25:52.661007118Z: [    0.000000] Kernel command line: console=ttyS0
[STDOUT  ] 2017-11-16T22:25:52.661018847Z: [    0.000000] PID hash table entries: 4096 (order: 3, 32768 bytes)
[STDOUT  ] 2017-11-16T22:25:52.661030838Z: [    0.000000] Dentry cache hash table entries: 131072 (order: 8, 1048576 bytes)
[STDOUT  ] 2017-11-16T22:25:52.66104296Z: [    0.000000] Inode-cache hash table entries: 65536 (order: 7, 524288 bytes)
[STDOUT  ] 2017-11-16T22:25:52.66105622Z: [    0.000000] Memory: 980740K/1048052K available (8048K kernel code, 1367K rwdata, 2700K rodata, 1380K init, 568K bss, 67312K reserved, 0K cma-reserved)
[STDOUT  ] 2017-11-16T22:25:52.661072821Z: [    0.000000] Hierarchical RCU implementation.
[STDOUT  ] 2017-11-16T22:25:52.661084464Z: [    0.000000] 	Build-time adjustment of leaf fanout to 64.
[STDOUT  ] 2017-11-16T22:25:52.66109661Z: [    0.000000] 	RCU restricting CPUs from NR_CPUS=128 to nr_cpu_ids=1.
[STDOUT  ] 2017-11-16T22:25:52.661108201Z: [    0.000000] RCU: Adjusting geometry for rcu_fanout_leaf=64, nr_cpu_ids=1
[STDOUT  ] 2017-11-16T22:25:52.661120048Z: [    0.000000] NR_IRQS:8448 nr_irqs:256 16
[STDOUT  ] 2017-11-16T22:25:52.661131602Z: [    0.000000] Console: colour VGA+ 80x25
[STDOUT  ] 2017-11-16T22:25:52.661145694Z: [    0.000000] console [ttyS0] enabled
[STDOUT  ] 2017-11-16T22:25:52.661159587Z: [    0.000000] clocksource: hpet: mask: 0xffffffff max_cycles: 0xffffffff, max_idle_ns: 19112604467 ns
[STDOUT  ] 2017-11-16T22:25:52.661178971Z: [    0.000000] tsc: Fast TSC calibration using PIT
[STDOUT  ] 2017-11-16T22:25:52.661203402Z: [    0.000000] tsc: Detected 2600.021 MHz processor
[STDOUT  ] 2017-11-16T22:25:52.661223927Z: [    0.021406] Calibrating delay loop (skipped), value calculated using timer frequency.. 5200.04 BogoMIPS (lpj=26000210)
[STDOUT  ] 2017-11-16T22:25:52.661244694Z: [    0.022279] pid_max: default: 32768 minimum: 301
[STDOUT  ] 2017-11-16T22:25:52.661265708Z: [    0.023353] ACPI: Core revision 20160831
[STDOUT  ] 2017-11-16T22:25:52.661291732Z: [    0.070621] ACPI: 1 ACPI AML tables successfully acquired and loaded
[STDOUT  ] 2017-11-16T22:25:52.661314227Z: [    0.075752] Security Framework initialized
[STDOUT  ] 2017-11-16T22:25:52.661326286Z: [    0.076255] Yama: becoming mindful.
[STDOUT  ] 2017-11-16T22:25:52.661340696Z: [    0.079756] Mount-cache hash table entries: 2048 (order: 2, 16384 bytes)
[STDOUT  ] 2017-11-16T22:25:52.661353192Z: [    0.080176] Mountpoint-cache hash table entries: 2048 (order: 2, 16384 bytes)
[STDOUT  ] 2017-11-16T22:25:52.661365441Z: [    0.102358] Last level iTLB entries: 4KB 0, 2MB 0, 4MB 0
[STDOUT  ] 2017-11-16T22:25:52.661377596Z: [    0.102728] Last level dTLB entries: 4KB 0, 2MB 0, 4MB 0, 1GB 0
[STDOUT  ] 2017-11-16T22:25:52.661389328Z: [    0.448345] Freeing SMP alternatives memory: 20K
[STDOUT  ] 2017-11-16T22:25:52.661400882Z: [    0.461019] ftrace: allocating 35542 entries in 139 pages
[STDOUT  ] 2017-11-16T22:25:52.661412612Z: [    0.642412] smpboot: Max logical packages: 1
[STDOUT  ] 2017-11-16T22:25:52.661424203Z: [    0.650000] ..TIMER: vector=0x30 apic1=0 pin1=2 apic2=-1 pin2=-1
[STDOUT  ] 2017-11-16T22:25:52.661435961Z: [    0.750000] smpboot: CPU0: AMD QEMU Virtual CPU version 2.5+ (family: 0x6, model: 0x6, stepping: 0x3)
[STDOUT  ] 2017-11-16T22:25:52.66147491Z: [    0.750000] Performance Events: PMU not available due to virtualization, using software events only.
[STDERR  ] 2017-11-16T22:25:52.661539965Z: + RESULT=[    0.000000] Linux version 4.9.61-linuxkit (root@f63baf0520f0) (gcc version 6.3.0 (Alpine 6.3.0) ) #1 SMP Fri Nov 10 13:47:55 UTC 2017
[STDOUT  ] 2017-11-16T22:25:52.661497063Z: [    0.762076] NMI watchdog: disabled (cpu0): hardware events not enabled
[STDERR  ] 2017-11-16T22:25:52.661560371Z: [    0.000000] Command line: console=ttyS0
[STDOUT  ] 2017-11-16T22:25:52.661572093Z: [    0.762623] NMI watchdog: Shutting down hard lockup detector on all cpus
[STDERR  ] 2017-11-16T22:25:52.661584405Z: [    0.000000] x86/fpu: Legacy x87 FPU detected.
[STDOUT  ] 2017-11-16T22:25:52.661589393Z: [    0.766638] x86: Booted up 1 node, 1 CPUs
[STDERR  ] 2017-11-16T22:25:52.661595629Z: [    0.000000] x86/fpu: Using 'eager' FPU context switches.
[STDOUT  ] 2017-11-16T22:25:52.661600416Z: [    0.767118] smpboot: Total of 1 processors activated (5200.04 BogoMIPS)
[STDERR  ] 2017-11-16T22:25:52.661605851Z: [    0.000000] e820: BIOS-provided physical RAM map:
[STDOUT  ] 2017-11-16T22:25:52.661610785Z: [    0.782191] devtmpfs: initialized
[STDERR  ] 2017-11-16T22:25:52.661615699Z: [    0.000000] BIOS-e820: [mem 0x0000000000000000-0x000000000009fbff] usable
[STDOUT  ] 2017-11-16T22:25:52.661625071Z: [    0.787109] x86/mm: Memory block size: 128MB
[STDOUT  ] 2017-11-16T22:25:52.661637209Z: [    0.849683] clocksource: jiffies: mask: 0xffffffff max_cycles: 0xffffffff, max_idle_ns: 19112604462750000 ns
[STDOUT  ] 2017-11-16T22:25:52.661648211Z: [    0.850185] futex hash table entries: 256 (order: 2, 16384 bytes)
[STDOUT  ] 2017-11-16T22:25:52.66165869Z: [    0.861870] NET: Registered protocol family 16
[STDOUT  ] 2017-11-16T22:25:52.661669067Z: [    0.873906] cpuidle: using governor ladder
[STDOUT  ] 2017-11-16T22:25:52.661678853Z: [    0.874439] cpuidle: using governor menu
[STDOUT  ] 2017-11-16T22:25:52.661688699Z: [    0.875751] ACPI: bus type PCI registered
[STDOUT  ] 2017-11-16T22:25:52.661698889Z: [    0.878608] PCI: MMCONFIG for domain 0000 [bus 00-ff] at [mem 0xb0000000-0xbfffffff] (base 0xb0000000)
[STDOUT  ] 2017-11-16T22:25:52.661709557Z: [    0.879416] PCI: MMCONFIG at [mem 0xb0000000-0xbfffffff] reserved in E820
[STDOUT  ] 2017-11-16T22:25:52.661730141Z: [    0.880887] PCI: Using configuration type 1 for base access
[STDOUT  ] 2017-11-16T22:25:52.661740606Z: [    0.940245] HugeTLB registered 2 MB page size, pre-allocated 0 pages
[STDOUT  ] 2017-11-16T22:25:52.661750286Z: [    0.953173] ACPI: Added _OSI(Module Device)
[STDOUT  ] 2017-11-16T22:25:52.661759899Z: [    0.953388] ACPI: Added _OSI(Processor Device)
[STDOUT  ] 2017-11-16T22:25:52.661774253Z: [    0.953515] ACPI: Added _OSI(3.0 _SCP Extensions)
[STDOUT  ] 2017-11-16T22:25:52.661784145Z: [    0.953896] ACPI: Added _OSI(Processor Aggregator Device)
[STDOUT  ] 2017-11-16T22:25:52.661793931Z: [    1.029150] ACPI: Interpreter enabled
[STDOUT  ] 2017-11-16T22:25:52.661803981Z: [    1.030590] ACPI: (supports S0 S5)
[STDERR  ] 2017-11-16T22:25:52.661625659Z: [    0.000000] BIOS-e820: [mem 0x000000000009fc00-0x000000000009ffff] reserved
[STDOUT  ] 2017-11-16T22:25:52.661813819Z: [    1.030954] ACPI: Using IOAPIC for interrupt routing
[STDOUT  ] 2017-11-16T22:25:52.661824577Z: [    1.033848] PCI: Using host bridge windows from ACPI; if necessary, use "pci=nocrs" and report a bug
[STDOUT  ] 2017-11-16T22:25:52.661835195Z: [    1.098256] ACPI: PCI Root Bridge [PCI0] (domain 0000 [bus 00-ff])
[STDOUT  ] 2017-11-16T22:25:52.661845056Z: [    1.099185] acpi PNP0A08:00: _OSC: OS supports [ExtendedConfig ASPM ClockPM Segments MSI]
[STDOUT  ] 2017-11-16T22:25:52.661854923Z: [    1.106212] acpi PNP0A08:00: _OSC: OS now controls [PCIeHotplug PME PCIeCapability]
[STDOUT  ] 2017-11-16T22:25:52.661861705Z: [    1.110269] PCI host bridge to bus 0000:00
[STDOUT  ] 2017-11-16T22:25:52.661867759Z: [    1.110738] pci_bus 0000:00: root bus resource [io  0x0000-0x0cf7 window]
[STDOUT  ] 2017-11-16T22:25:52.661874185Z: [    1.111159] pci_bus 0000:00: root bus resource [io  0x0d00-0xffff window]
[STDOUT  ] 2017-11-16T22:25:52.661881335Z: [    1.111609] pci_bus 0000:00: root bus resource [mem 0x000a0000-0x000bffff window]
[STDOUT  ] 2017-11-16T22:25:52.661891021Z: [    1.112057] pci_bus 0000:00: root bus resource [mem 0xc0000000-0xfebfffff window]
[STDERR  ] 2017-11-16T22:25:52.66181929Z: [    0.000000] BIOS-e820: [mem 0x00000000000f0000-0x00000000000fffff] reserved
[STDOUT  ] 2017-11-16T22:25:52.661901109Z: [    1.112762] pci_bus 0000:00: root bus resource [bus 00-ff]
[STDERR  ] 2017-11-16T22:25:52.661910687Z: [    0.000000] BIOS-e820: [mem 0x0000000000100000-0x000000003ffdefff] usable
[STDERR  ] 2017-11-16T22:25:52.661921506Z: [    0.000000] BIOS-e820: [mem 0x000000003ffdf000-0x000000003fffffff] reserved
[STDERR  ] 2017-11-16T22:25:52.661932131Z: [    0.000000] BIOS-e820: [mem 0x00000000b0000000-0x00000000bfffffff] reserved
[STDERR  ] 2017-11-16T22:25:52.661942311Z: [    0.000000] BIOS-e820: [mem 0x00000000fed1c000-0x00000000fed1ffff] reserved
[STDERR  ] 2017-11-16T22:25:52.661952251Z: [    0.000000] BIOS-e820: [mem 0x00000000fffc0000-0x00000000ffffffff] reserved
[STDERR  ] 2017-11-16T22:25:52.661961826Z: [    0.000000] NX (Execute Disable) protection: active
[STDERR  ] 2017-11-16T22:25:52.66197245Z: [    0.000000] SMBIOS 2.8 present.
[STDERR  ] 2017-11-16T22:25:52.661982026Z: [    0.000000] e820: last_pfn = 0x3ffdf max_arch_pfn = 0x400000000
[STDOUT  ] 2017-11-16T22:25:52.662002573Z: [    1.222629] pci 0000:00:1f.0: quirk: [io  0x0600-0x067f] claimed by ICH6 ACPI/GPIO/TCO
[STDOUT  ] 2017-11-16T22:25:52.662015009Z: [    1.286694] ACPI: PCI Interrupt Link [LNKA] (IRQs 5 *10 11)
[STDOUT  ] 2017-11-16T22:25:52.662025209Z: [    1.289603] ACPI: PCI Interrupt Link [LNKB] (IRQs 5 *10 11)
[STDOUT  ] 2017-11-16T22:25:52.662035069Z: [    1.292375] ACPI: PCI Interrupt Link [LNKC] (IRQs 5 10 *11)
[STDOUT  ] 2017-11-16T22:25:52.662043906Z: [    1.294700] ACPI: PCI Interrupt Link [LNKD] (IRQs 5 10 *11)
[STDOUT  ] 2017-11-16T22:25:52.662050225Z: [    1.296543] ACPI: PCI Interrupt Link [LNKE] (IRQs 5 *10 11)
[STDOUT  ] 2017-11-16T22:25:52.662056021Z: [    1.298333] ACPI: PCI Interrupt Link [LNKF] (IRQs 5 *10 11)
[STDOUT  ] 2017-11-16T22:25:52.662072073Z: [    1.301108] ACPI: PCI Interrupt Link [LNKG] (IRQs 5 10 *11)
[STDOUT  ] 2017-11-16T22:25:52.662094546Z: [    1.303002] ACPI: PCI Interrupt Link [LNKH] (IRQs 5 10 *11)
[STDOUT  ] 2017-11-16T22:25:52.662105025Z: [    1.303956] ACPI: PCI Interrupt Link [GSIA] (IRQs *16)
[STDOUT  ] 2017-11-16T22:25:52.662114906Z: [    1.304747] ACPI: PCI Interrupt Link [GSIB] (IRQs *17)
[STDOUT  ] 2017-11-16T22:25:52.662124345Z: [    1.305517] ACPI: PCI Interrupt Link [GSIC] (IRQs *18)
[STDOUT  ] 2017-11-16T22:25:52.662138489Z: [    1.306256] ACPI: PCI Interrupt Link [GSID] (IRQs *19)
[STDOUT  ] 2017-11-16T22:25:52.66214767Z: [    1.306994] ACPI: PCI Interrupt Link [GSIE] (IRQs *20)
[STDOUT  ] 2017-11-16T22:25:52.662156637Z: [    1.307673] ACPI: PCI Interrupt Link [GSIF] (IRQs *21)
[STDOUT  ] 2017-11-16T22:25:52.66216726Z: [    1.308305] ACPI: PCI Interrupt Link [GSIG] (IRQs *22)
[STDOUT  ] 2017-11-16T22:25:52.662176227Z: [    1.309059] ACPI: PCI Interrupt Link [GSIH] (IRQs *23)
[STDOUT  ] 2017-11-16T22:25:52.662185667Z: [    1.312936] ACPI: Enabled 2 GPEs in block 00 to 3F
[STDOUT  ] 2017-11-16T22:25:52.662194583Z: [    1.317210] SCSI subsystem initialized
[STDOUT  ] 2017-11-16T22:25:52.662204173Z: [    1.319191] ACPI: bus type USB registered
[STDOUT  ] 2017-11-16T22:25:52.662213223Z: [    1.320624] usbcore: registered new interface driver usbfs
[STDOUT  ] 2017-11-16T22:25:52.662222345Z: [    1.321593] usbcore: registered new interface driver hub
[STDOUT  ] 2017-11-16T22:25:52.662230715Z: [    1.322477] usbcore: registered new device driver usb
[STDOUT  ] 2017-11-16T22:25:52.662239859Z: [    1.323692] pps_core: LinuxPPS API ver. 1 registered
[STDOUT  ] 2017-11-16T22:25:52.662249417Z: [    1.324000] pps_core: Software ver. 5.3.6 - Copyright 2005-2007 Rodolfo Giometti <giometti@linux.it>
[STDOUT  ] 2017-11-16T22:25:52.662258393Z: [    1.324741] PTP clock support registered
[STDOUT  ] 2017-11-16T22:25:52.66226736Z: [    1.326064] wmi: Mapper loaded
[STDOUT  ] 2017-11-16T22:25:52.66227743Z: [    1.327242] PCI: Using ACPI for IRQ routing
[STDOUT  ] 2017-11-16T22:25:52.662287119Z: [    1.345289] NetLabel: Initializing
[STDOUT  ] 2017-11-16T22:25:52.662297127Z: [    1.345557] NetLabel:  domain hash size = 128
[STDERR  ] 2017-11-16T22:25:52.661992079Z: [    0.000000] x86/PAT: Configuration [0-7]: WB  WC  UC- UC  WB  WC  UC- WT  
[STDERR  ] 2017-11-16T22:25:52.662326149Z: [    0.000000] found SMP MP-table at [mem 0x000f6aa0-0x000f6aaf] mapped at [ffff9398400f6aa0]
[STDERR  ] 2017-11-16T22:25:52.662337245Z: [    0.000000] RAMDISK: [mem 0x3df2a000-0x3ffcffff]
[STDERR  ] 2017-11-16T22:25:52.662347066Z: [    0.000000] ACPI: Early table checksum verification disabled
[STDERR  ] 2017-11-16T22:25:52.662357956Z: [    0.000000] ACPI: RSDP 0x00000000000F68C0 000014 (v00 BOCHS )
[STDERR  ] 2017-11-16T22:25:52.662368531Z: [    0.000000] ACPI: RSDT 0x000000003FFE2404 000034 (v01 BOCHS  BXPCRSDT 00000001 BXPC 00000001)
[STDERR  ] 2017-11-16T22:25:52.662378279Z: [    0.000000] ACPI: FACP 0x000000003FFE22A4 000074 (v01 BOCHS  BXPCFACP 00000001 BXPC 00000001)
[STDERR  ] 2017-11-16T22:25:52.66238658Z: [    0.000000] ACPI: DSDT 0x000000003FFE0040 002264 (v01 BOCHS  BXPCDSDT 00000001 BXPC 00000001)
[STDOUT  ] 2017-11-16T22:25:52.662307073Z: [    1.345883] NetLabel:  protocols = UNLABELED CIPSOv4
[STDERR  ] 2017-11-16T22:25:52.66239948Z: [    0.000000] ACPI: FACS 0x000000003FFE0000 000040
[STDERR  ] 2017-11-16T22:25:52.662409405Z: [    0.000000] ACPI: APIC 0x000000003FFE2318 000078 (v01 BOCHS  BXPCAPIC 00000001 BXPC 00000001)
[STDERR  ] 2017-11-16T22:25:52.662419803Z: [    0.000000] ACPI: HPET 0x000000003FFE2390 000038 (v01 BOCHS  BXPCHPET 00000001 BXPC 00000001)
[STDERR  ] 2017-11-16T22:25:52.662439645Z: [    0.000000] ACPI: MCFG 0x000000003FFE23C8 00003C (v01 BOCHS  BXPCMCFG 00000001 BXPC 00000001)
[STDERR  ] 2017-11-16T22:25:52.662450069Z: [    0.000000] Zone ranges:
[STDERR  ] 2017-11-16T22:25:52.662460025Z: [    0.000000]   DMA      [mem 0x0000000000001000-0x0000000000ffffff]
[STDERR  ] 2017-11-16T22:25:52.662469803Z: [    0.000000]   DMA32    [mem 0x0000000001000000-0x000000003ffdefff]
[STDOUT  ] 2017-11-16T22:25:52.662403559Z: [    1.348661] NetLabel:  unlabeled traffic allowed by default
[STDOUT  ] 2017-11-16T22:25:52.662487665Z: [    1.350159] HPET: 3 timers in total, 0 timers will be used for per-cpu timer
[STDERR  ] 2017-11-16T22:25:52.662487289Z: [    0.000000]   Normal   empty
[STDERR  ] 2017-11-16T22:25:52.662497965Z: [    0.000000] Movable zone start for each node
[STDERR  ] 2017-11-16T22:25:52.662508209Z: [    0.000000] Early memory node ranges
[STDERR  ] 2017-11-16T22:25:52.662521154Z: [    0.000000]   node   0: [mem 0x0000000000001000-0x000000000009efff]
[STDERR  ] 2017-11-16T22:25:52.662531675Z: [    0.000000]   node   0: [mem 0x0000000000100000-0x000000003ffdefff]
[STDERR  ] 2017-11-16T22:25:52.662541705Z: [    0.000000] Initmem setup node 0 [mem 0x0000000000001000-0x000000003ffdefff]
[STDERR  ] 2017-11-16T22:25:52.662551322Z: [    0.000000] ACPI: PM-Timer IO Port: 0x608
[STDERR  ] 2017-11-16T22:25:52.66256048Z: [    0.000000] ACPI: LAPIC_NMI (acpi_id[0xff] dfl dfl lint[0x1])
[STDERR  ] 2017-11-16T22:25:52.662570729Z: [    0.000000] IOAPIC[0]: apic_id 0, version 32, address 0xfec00000, GSI 0-23
[STDOUT  ] 2017-11-16T22:25:52.662499222Z: [    1.351043] hpet0: at MMIO 0xfed00000, IRQs 2, 8, 0
[STDERR  ] 2017-11-16T22:25:52.662581812Z: [    0.000000] ACPI: INT_SRC_OVR (bus 0 bus_irq 0 global_irq 2 dfl dfl)
[STDOUT  ] 2017-11-16T22:25:52.662586146Z: [    1.351588] hpet0: 3 comparators, 64-bit 100.000000 MHz counter
[STDOUT  ] 2017-11-16T22:25:52.662597949Z: [    1.356978] clocksource: Switched to clocksource hpet
[STDOUT  ] 2017-11-16T22:25:52.662616315Z: [    1.636691] VFS: Disk quotas dquot_6.6.0
[STDOUT  ] 2017-11-16T22:25:52.662627499Z: [    1.637497] VFS: Dquot-cache hash table entries: 512 (order 0, 4096 bytes)
[STDOUT  ] 2017-11-16T22:25:52.66263694Z: [    1.641801] FS-Cache: Loaded
[STDOUT  ] 2017-11-16T22:25:52.662646252Z: [    1.648674] CacheFiles: Loaded
[STDOUT  ] 2017-11-16T22:25:52.662655639Z: [    1.650770] pnp: PnP ACPI init
[STDERR  ] 2017-11-16T22:25:52.662591866Z: [    0.000000] ACPI: INT_SRC_OVR (bus 0 bus_irq 5 global_irq 5 high level)
[STDOUT  ] 2017-11-16T22:25:52.66266557Z: [    1.662922] pnp: PnP ACPI: found 5 devices
[STDOUT  ] 2017-11-16T22:25:52.662675229Z: [    1.715445] clocksource: acpi_pm: mask: 0xffffff max_cycles: 0xffffff, max_idle_ns: 2085701024 ns
[STDERR  ] 2017-11-16T22:25:52.662678745Z: [    0.000000] ACPI: INT_SRC_OVR (bus 0 bus_irq 9 global_irq 9 high level)
[STDOUT  ] 2017-11-16T22:25:52.662685222Z: [    1.719771] NET: Registered protocol family 2
[STDOUT  ] 2017-11-16T22:25:52.662696669Z: [    1.729047] TCP established hash table entries: 8192 (order: 4, 65536 bytes)
[STDOUT  ] 2017-11-16T22:25:52.662706994Z: [    1.729937] TCP bind hash table entries: 8192 (order: 5, 131072 bytes)
[STDOUT  ] 2017-11-16T22:25:52.662717954Z: [    1.731139] TCP: Hash tables configured (established 8192 bind 8192)
[STDOUT  ] 2017-11-16T22:25:52.662727669Z: [    1.733092] UDP hash table entries: 512 (order: 2, 16384 bytes)
[STDOUT  ] 2017-11-16T22:25:52.662737288Z: [    1.733704] UDP-Lite hash table entries: 512 (order: 2, 16384 bytes)
[STDOUT  ] 2017-11-16T22:25:52.662747776Z: [    1.736100] NET: Registered protocol family 1
[STDOUT  ] 2017-11-16T22:25:52.662757459Z: [    1.737106] pci 0000:00:01.0: Video device with shadowed ROM at [mem 0x000c0000-0x000dffff]
[STDERR  ] 2017-11-16T22:25:52.662690635Z: [    0.000000] ACPI: INT_SRC_OVR (bus 0 bus_irq 10 global_irq 10 high level)
[STDOUT  ] 2017-11-16T22:25:52.662767519Z: [    1.744372] Unpacking initramfs...
[STDERR  ] 2017-11-16T22:25:52.662776978Z: [    0.000000] ACPI: INT_SRC_OVR (bus 0 bus_irq 11 global_irq 11 high level)
[STDOUT  ] 2017-11-16T22:25:52.662777264Z: [    7.167071] Freeing initrd memory: 33432K
[STDERR  ] 2017-11-16T22:25:52.662787488Z: [    0.000000] Using ACPI (MADT) for SMP configuration information
[STDERR  ] 2017-11-16T22:25:52.6628013Z: [    0.000000] ACPI: HPET id: 0x8086a201 base: 0xfed00000
[STDOUT  ] 2017-11-16T22:25:52.662787582Z: [    7.193967] PCLMULQDQ-NI instructions are not detected.
[STDERR  ] 2017-11-16T22:25:52.662812062Z: [    0.000000] smpboot: Allowing 1 CPUs, 0 hotplug CPUs
[STDERR  ] 2017-11-16T22:25:52.662895364Z: [    0.000000] e820: [mem 0x40000000-0xafffffff] available for PCI devices
[STDERR  ] 2017-11-16T22:25:52.662906106Z: [    0.000000] Booting paravirtualized kernel on bare hardware
[STDERR  ] 2017-11-16T22:25:52.662916058Z: [    0.000000] clocksource: refined-jiffies: mask: 0xffffffff max_cycles: 0xffffffff, max_idle_ns: 19112604462750000 ns
[STDERR  ] 2017-11-16T22:25:52.662931404Z: [    0.000000] setup_percpu: NR_CPUS:128 nr_cpumask_bits:128 nr_cpu_ids:1 nr_node_ids:1
[STDERR  ] 2017-11-16T22:25:52.662941265Z: [    0.000000] percpu: Embedded 35 pages/cpu @ffff93987dc00000 s105112 r8192 d30056 u2097152
[STDERR  ] 2017-11-16T22:25:52.662951048Z: [    0.000000] Built 1 zonelists in Zone order, mobility grouping on.  Total pages: 257896
[STDOUT  ] 2017-11-16T22:25:52.662878285Z: [    7.195704] AVX or AES-NI instructions are not detected.
[STDERR  ] 2017-11-16T22:25:52.662960696Z: [    0.000000] Kernel command line: console=ttyS0
[STDERR  ] 2017-11-16T22:25:52.662975492Z: [    0.000000] PID hash table entries: 4096 (order: 3, 32768 bytes)
[STDERR  ] 2017-11-16T22:25:52.66298596Z: [    0.000000] Dentry cache hash table entries: 131072 (order: 8, 1048576 bytes)
[STDERR  ] 2017-11-16T22:25:52.662996054Z: [    0.000000] Inode-cache hash table entries: 65536 (order: 7, 524288 bytes)
[STDERR  ] 2017-11-16T22:25:52.663006149Z: [    0.000000] Memory: 980740K/1048052K available (8048K kernel code, 1367K rwdata, 2700K rodata, 1380K init, 568K bss, 67312K reserved, 0K cma-reserved)
[STDERR  ] 2017-11-16T22:25:52.663017566Z: [    0.000000] Hierarchical RCU implementation.
[STDERR  ] 2017-11-16T22:25:52.663027698Z: [    0.000000] 	Build-time adjustment of leaf fanout to 64.
[STDERR  ] 2017-11-16T22:25:52.663039385Z: [    0.000000] 	RCU restricting CPUs from NR_CPUS=128 to nr_cpu_ids=1.
[STDERR  ] 2017-11-16T22:25:52.663048986Z: [    0.000000] RCU: Adjusting geometry for rcu_fanout_leaf=64, nr_cpu_ids=1
[STDERR  ] 2017-11-16T22:25:52.663059028Z: [    0.000000] NR_IRQS:8448 nr_irqs:256 16
[STDERR  ] 2017-11-16T22:25:52.663068596Z: [    0.000000] Console: colour VGA+ 80x25
[STDERR  ] 2017-11-16T22:25:52.663078425Z: [    0.000000] console [ttyS0] enabled
[STDERR  ] 2017-11-16T22:25:52.663088152Z: [    0.000000] clocksource: hpet: mask: 0xffffffff max_cycles: 0xffffffff, max_idle_ns: 19112604467 ns
[STDOUT  ] 2017-11-16T22:25:52.6629611Z: [    7.196287] CPU feature 'AVX registers' is not supported.
[STDERR  ] 2017-11-16T22:25:52.663097829Z: [    0.000000] tsc: Fast TSC calibration using PIT
[STDOUT  ] 2017-11-16T22:25:52.663102644Z: [    7.196753] CPU feature 'AVX registers' is not supported.
[STDERR  ] 2017-11-16T22:25:52.663107344Z: [    0.000000] tsc: Detected 2600.021 MHz processor
[STDOUT  ] 2017-11-16T22:25:52.663112818Z: [    7.197230] CPU feature 'AVX registers' is not supported.
[STDERR  ] 2017-11-16T22:25:52.663117246Z: [    0.021406] Calibrating delay loop (skipped), value calculated using timer frequency.. 5200.04 BogoMIPS (lpj=26000210)
[STDOUT  ] 2017-11-16T22:25:52.66312247Z: [    7.197669] CPU feature 'AVX registers' is not supported.
[STDERR  ] 2017-11-16T22:25:52.663127235Z: [    0.022279] pid_max: default: 32768 minimum: 301
[STDOUT  ] 2017-11-16T22:25:52.663132379Z: [    7.198076] AVX2 or AES-NI instructions are not detected.
[STDOUT  ] 2017-11-16T22:25:52.663141632Z: [    7.198572] AVX2 instructions are not detected.
[STDOUT  ] 2017-11-16T22:25:52.66315254Z: [    7.205334] audit: initializing netlink subsys (disabled)
[STDOUT  ] 2017-11-16T22:25:52.663161892Z: [    7.207109] audit: type=2000 audit(1510871116.200:1): initialized
[STDOUT  ] 2017-11-16T22:25:52.663171328Z: [    7.217626] workingset: timestamp_bits=46 max_order=18 bucket_order=0
[STDOUT  ] 2017-11-16T22:25:52.66318161Z: [    7.224087] squashfs: version 4.0 (2009/01/31) Phillip Lougher
[STDOUT  ] 2017-11-16T22:25:52.663191952Z: [    7.226406] FS-Cache: Netfs 'cifs' registered for caching
[STDOUT  ] 2017-11-16T22:25:52.663210289Z: [    7.227410] fuse init (API version 7.26)
[STDOUT  ] 2017-11-16T22:25:52.663219802Z: [    7.229826] SGI XFS with ACLs, security attributes, no debug enabled
[STDOUT  ] 2017-11-16T22:25:52.663229985Z: [    7.234535] 9p: Installing v9fs 9p2000 file system support
[STDOUT  ] 2017-11-16T22:25:52.663240088Z: [    7.234896] FS-Cache: Netfs '9p' registered for caching
[STDOUT  ] 2017-11-16T22:25:52.663249528Z: [    7.268759] NET: Registered protocol family 38
[STDOUT  ] 2017-11-16T22:25:52.663263485Z: [    7.269404] Key type asymmetric registered
[STDOUT  ] 2017-11-16T22:25:52.663273388Z: [    7.269743] Asymmetric key parser 'x509' registered
[STDOUT  ] 2017-11-16T22:25:52.663282406Z: [    7.273282] Block layer SCSI generic (bsg) driver version 0.4 loaded (major 251)
[STDERR  ] 2017-11-16T22:25:52.663137132Z: [    0.023353] ACPI: Core revision 20160831
[STDERR  ] 2017-11-16T22:25:52.663295062Z: [    0.070621] ACPI: 1 ACPI AML tables successfully acquired and loaded
[STDERR  ] 2017-11-16T22:25:52.663308295Z: [    0.075752] Security Framework initialized
[STDERR  ] 2017-11-16T22:25:52.663318704Z: [    0.076255] Yama: becoming mindful.
[STDERR  ] 2017-11-16T22:25:52.663329226Z: [    0.079756] Mount-cache hash table entries: 2048 (order: 2, 16384 bytes)
[STDERR  ] 2017-11-16T22:25:52.663339952Z: [    0.080176] Mountpoint-cache hash table entries: 2048 (order: 2, 16384 bytes)
[STDERR  ] 2017-11-16T22:25:52.663350785Z: [    0.102358] Last level iTLB entries: 4KB 0, 2MB 0, 4MB 0
[STDOUT  ] 2017-11-16T22:25:52.663292102Z: [    7.274888] io scheduler noop registered
[STDOUT  ] 2017-11-16T22:25:52.663373438Z: [    7.275225] io scheduler deadline registered (default)
[STDOUT  ] 2017-11-16T22:25:52.663385288Z: [    7.276139] io scheduler cfq registered
[STDOUT  ] 2017-11-16T22:25:52.663394124Z: [    7.278785] pci_hotplug: PCI Hot Plug PCI Core version: 0.5
[STDOUT  ] 2017-11-16T22:25:52.66340375Z: [    7.279441] pciehp: PCI Express Hot Plug Controller Driver version: 0.4
[STDOUT  ] 2017-11-16T22:25:52.663413338Z: [    7.281348] shpchp: Standard Hot Plug PCI Controller Driver version: 0.4
[STDOUT  ] 2017-11-16T22:25:52.663423564Z: [    7.282253] hv_vmbus: registering driver hyperv_fb
[STDOUT  ] 2017-11-16T22:25:52.663433384Z: [    7.285465] input: Power Button as /devices/LNXSYSTM:00/LNXPWRBN:00/input/input0
[STDERR  ] 2017-11-16T22:25:52.663360788Z: [    0.102728] Last level dTLB entries: 4KB 0, 2MB 0, 4MB 0, 1GB 0
[STDOUT  ] 2017-11-16T22:25:52.663444239Z: [    7.286622] ACPI: Power Button [PWRF]
[STDERR  ] 2017-11-16T22:25:52.66344939Z: [    0.448345] Freeing SMP alternatives memory: 20K
[STDOUT  ] 2017-11-16T22:25:52.663454425Z: [    7.292037] GHES: HEST is not enabled!
[STDERR  ] 2017-11-16T22:25:52.663460906Z: [    0.461019] ftrace: allocating 35542 entries in 139 pages
[STDOUT  ] 2017-11-16T22:25:52.663464828Z: [    7.303373] ACPI: PCI Interrupt Link [GSIG] enabled at IRQ 22
[STDOUT  ] 2017-11-16T22:25:52.663476799Z: [    7.316393] ACPI: PCI Interrupt Link [GSIH] enabled at IRQ 23
[STDOUT  ] 2017-11-16T22:25:52.663487109Z: [    7.322775] xenfs: not registering filesystem on non-xen platform
[STDOUT  ] 2017-11-16T22:25:52.663496569Z: [    7.324886] Serial: 8250/16550 driver, 4 ports, IRQ sharing disabled
[STDOUT  ] 2017-11-16T22:25:52.663506594Z: [    7.350844] 00:04: ttyS0 at I/O 0x3f8 (irq = 4, base_baud = 115200) is a 16550A
[STDOUT  ] 2017-11-16T22:25:52.663516625Z: [    7.363326] Non-volatile memory driver v1.3
[STDOUT  ] 2017-11-16T22:25:52.663526598Z: [    7.371259] Hangcheck: starting hangcheck timer 0.9.1 (tick is 180 seconds, margin is 60 seconds).
[STDERR  ] 2017-11-16T22:25:52.663542537Z: [    0.642412] smpboot: Max logical packages: 1
[STDERR  ] 2017-11-16T22:25:52.663555969Z: [    0.650000] ..TIMER: vector=0x30 apic1=0 pin1=2 apic2=-1 pin2=-1
[STDERR  ] 2017-11-16T22:25:52.663566164Z: [    0.750000] smpboot: CPU0: AMD QEMU Virtual CPU version 2.5+ (family: 0x6, model: 0x6, stepping: 0x3)
[STDERR  ] 2017-11-16T22:25:52.663576374Z: [    0.750000] Performance Events: PMU not available due to virtualization, using software events only.
[STDERR  ] 2017-11-16T22:25:52.663594623Z: [    0.762076] NMI watchdog: disabled (cpu0): hardware events not enabled
[STDERR  ] 2017-11-16T22:25:52.663616639Z: [    0.762623] NMI watchdog: Shutting down hard lockup detector on all cpus
[STDERR  ] 2017-11-16T22:25:52.663627097Z: [    0.766638] x86: Booted up 1 node, 1 CPUs
[STDERR  ] 2017-11-16T22:25:52.663637141Z: [    0.767118] smpboot: Total of 1 processors activated (5200.04 BogoMIPS)
[STDERR  ] 2017-11-16T22:25:52.663651521Z: [    0.782191] devtmpfs: initialized
[STDERR  ] 2017-11-16T22:25:52.663661839Z: [    0.787109] x86/mm: Memory block size: 128MB
[STDOUT  ] 2017-11-16T22:25:52.663537541Z: [    7.376627] random: fast init done
[STDERR  ] 2017-11-16T22:25:52.663671897Z: [    0.849683] clocksource: jiffies: mask: 0xffffffff max_cycles: 0xffffffff, max_idle_ns: 19112604462750000 ns
[STDERR  ] 2017-11-16T22:25:52.663682018Z: [    0.850185] futex hash table entries: 256 (order: 2, 16384 bytes)
[STDOUT  ] 2017-11-16T22:25:52.663679979Z: [    7.377992] random: crng init done
[STDERR  ] 2017-11-16T22:25:52.663692007Z: [    0.861870] NET: Registered protocol family 16
[STDOUT  ] 2017-11-16T22:25:52.663690188Z: [    7.413711] loop: module loaded
[STDOUT  ] 2017-11-16T22:25:52.663700589Z: [    7.429600] nbd: registered device at major 43
[STDOUT  ] 2017-11-16T22:25:52.663711767Z: [    7.475083] lpc_ich 0000:00:1f.0: I/O space for GPIO uninitialized
[STDOUT  ] 2017-11-16T22:25:52.663727247Z: [    7.477189] VMware PVSCSI driver - version 1.0.7.0-k
[STDOUT  ] 2017-11-16T22:25:52.663738524Z: [    7.478142] hv_vmbus: registering driver hv_storvsc
[STDOUT  ] 2017-11-16T22:25:52.663748668Z: [    7.488686] ACPI: PCI Interrupt Link [GSIA] enabled at IRQ 16
[STDOUT  ] 2017-11-16T22:25:52.663759255Z: [    7.496760] ahci 0000:00:1f.2: AHCI 0001.0000 32 slots 6 ports 1.5 Gbps 0x3f impl SATA mode
[STDOUT  ] 2017-11-16T22:25:52.663780335Z: [    7.497549] ahci 0000:00:1f.2: flags: 64bit ncq only 
[STDOUT  ] 2017-11-16T22:25:52.663794281Z: [    7.519342] scsi host0: ahci
[STDOUT  ] 2017-11-16T22:25:52.663805538Z: [    7.524886] scsi host1: ahci
[STDOUT  ] 2017-11-16T22:25:52.663815259Z: [    7.527280] scsi host2: ahci
[STDOUT  ] 2017-11-16T22:25:52.663833334Z: [    7.529534] scsi host3: ahci
[STDOUT  ] 2017-11-16T22:25:52.663845743Z: [    7.532084] scsi host4: ahci
[STDOUT  ] 2017-11-16T22:25:52.663867229Z: [    7.534369] scsi host5: ahci
[STDOUT  ] 2017-11-16T22:25:52.663876954Z: [    7.536175] ata1: SATA max UDMA/133 abar m4096@0xfebd2000 port 0xfebd2100 irq 24
[STDOUT  ] 2017-11-16T22:25:52.663887821Z: [    7.536737] ata2: SATA max UDMA/133 abar m4096@0xfebd2000 port 0xfebd2180 irq 24
[STDOUT  ] 2017-11-16T22:25:52.663900004Z: [    7.537169] ata3: SATA max UDMA/133 abar m4096@0xfebd2000 port 0xfebd2200 irq 24
[STDOUT  ] 2017-11-16T22:25:52.663910495Z: [    7.537609] ata4: SATA max UDMA/133 abar m4096@0xfebd2000 port 0xfebd2280 irq 24
[STDOUT  ] 2017-11-16T22:25:52.663920055Z: [    7.538114] ata5: SATA max UDMA/133 abar m4096@0xfebd2000 port 0xfebd2300 irq 24
[STDERR  ] 2017-11-16T22:25:52.663701471Z: [    0.873906] cpuidle: using governor ladder
[STDERR  ] 2017-11-16T22:25:52.663946008Z: [    0.874439] cpuidle: using governor menu
[STDERR  ] 2017-11-16T22:25:52.663957343Z: [    0.875751] ACPI: bus type PCI registered
[STDERR  ] 2017-11-16T22:25:52.663967527Z: [    0.878608] PCI: MMCONFIG for domain 0000 [bus 00-ff] at [mem 0xb0000000-0xbfffffff] (base 0xb0000000)
[STDERR  ] 2017-11-16T22:25:52.663977984Z: [    0.879416] PCI: MMCONFIG at [mem 0xb0000000-0xbfffffff] reserved in E820
[STDERR  ] 2017-11-16T22:25:52.663988209Z: [    0.880887] PCI: Using configuration type 1 for base access
[STDOUT  ] 2017-11-16T22:25:52.663930273Z: [    7.538608] ata6: SATA max UDMA/133 abar m4096@0xfebd2000 port 0xfebd2380 irq 24
[STDERR  ] 2017-11-16T22:25:52.664005121Z: [    0.940245] HugeTLB registered 2 MB page size, pre-allocated 0 pages
[STDOUT  ] 2017-11-16T22:25:52.664010465Z: [    7.554719] tun: Universal TUN/TAP device driver, 1.6
[STDERR  ] 2017-11-16T22:25:52.664015357Z: [    0.953173] ACPI: Added _OSI(Module Device)
[STDERR  ] 2017-11-16T22:25:52.664037464Z: [    0.953388] ACPI: Added _OSI(Processor Device)
[STDERR  ] 2017-11-16T22:25:52.664047935Z: [    0.953515] ACPI: Added _OSI(3.0 _SCP Extensions)
[STDERR  ] 2017-11-16T22:25:52.664058134Z: [    0.953896] ACPI: Added _OSI(Processor Aggregator Device)
[STDERR  ] 2017-11-16T22:25:52.664068488Z: [    1.029150] ACPI: Interpreter enabled
[STDERR  ] 2017-11-16T22:25:52.664078465Z: [    1.030590] ACPI: (supports S0 S5)
[STDERR  ] 2017-11-16T22:25:52.664092734Z: [    1.030954] ACPI: Using IOAPIC for interrupt routing
[STDOUT  ] 2017-11-16T22:25:52.664020709Z: [    7.555083] tun: (C) 1999-2004 Max Krasnyansky <maxk@qualcomm.com>
[STDOUT  ] 2017-11-16T22:25:52.664102657Z: [    7.567422] VMware vmxnet3 virtual NIC driver - version 1.4.a.0-k-NAPI
[STDOUT  ] 2017-11-16T22:25:52.664113555Z: [    7.568236] hv_vmbus: registering driver hv_netvsc
[STDOUT  ] 2017-11-16T22:25:52.664123589Z: [    7.568603] Fusion MPT base driver 3.04.20
[STDOUT  ] 2017-11-16T22:25:52.664132781Z: [    7.568944] Copyright (c) 1999-2008 LSI Corporation
[STDOUT  ] 2017-11-16T22:25:52.664142691Z: [    7.569611] Fusion MPT SPI Host driver 3.04.20
[STDOUT  ] 2017-11-16T22:25:52.664152314Z: [    7.572057] i8042: PNP: PS/2 Controller [PNP0303:KBD,PNP0f13:MOU] at 0x60,0x64 irq 1,12
[STDOUT  ] 2017-11-16T22:25:52.664162138Z: [    7.576013] serio: i8042 KBD port at 0x60,0x64 irq 1
[STDERR  ] 2017-11-16T22:25:52.664103387Z: [    1.033848] PCI: Using host bridge windows from ACPI; if necessary, use "pci=nocrs" and report a bug
[STDERR  ] 2017-11-16T22:25:52.664190071Z: [    1.098256] ACPI: PCI Root Bridge [PCI0] (domain 0000 [bus 00-ff])
[STDERR  ] 2017-11-16T22:25:52.664200948Z: [    1.099185] acpi PNP0A08:00: _OSC: OS supports [ExtendedConfig ASPM ClockPM Segments MSI]
[STDERR  ] 2017-11-16T22:25:52.664211101Z: [    1.106212] acpi PNP0A08:00: _OSC: OS now controls [PCIeHotplug PME PCIeCapability]
[STDERR  ] 2017-11-16T22:25:52.664220973Z: [    1.110269] PCI host bridge to bus 0000:00
[STDERR  ] 2017-11-16T22:25:52.664230861Z: [    1.110738] pci_bus 0000:00: root bus resource [io  0x0000-0x0cf7 window]
[STDERR  ] 2017-11-16T22:25:52.664241349Z: [    1.111159] pci_bus 0000:00: root bus resource [io  0x0d00-0xffff window]
[STDERR  ] 2017-11-16T22:25:52.664255475Z: [    1.111609] pci_bus 0000:00: root bus resource [mem 0x000a0000-0x000bffff window]
[STDERR  ] 2017-11-16T22:25:52.664265614Z: [    1.112057] pci_bus 0000:00: root bus resource [mem 0xc0000000-0xfebfffff window]
[STDERR  ] 2017-11-16T22:25:52.664276421Z: [    1.112762] pci_bus 0000:00: root bus resource [bus 00-ff]
[STDERR  ] 2017-11-16T22:25:52.664286647Z: [    1.222629] pci 0000:00:1f.0: quirk: [io  0x0600-0x067f] claimed by ICH6 ACPI/GPIO/TCO
[STDERR  ] 2017-11-16T22:25:52.664296587Z: [    1.286694] ACPI: PCI Interrupt Link [LNKA] (IRQs 5 *10 11)
[STDERR  ] 2017-11-16T22:25:52.664306561Z: [    1.289603] ACPI: PCI Interrupt Link [LNKB] (IRQs 5 *10 11)
[STDERR  ] 2017-11-16T22:25:52.664317488Z: [    1.292375] ACPI: PCI Interrupt Link [LNKC] (IRQs 5 10 *11)
[STDERR  ] 2017-11-16T22:25:52.664328315Z: [    1.294700] ACPI: PCI Interrupt Link [LNKD] (IRQs 5 10 *11)
[STDERR  ] 2017-11-16T22:25:52.664338489Z: [    1.296543] ACPI: PCI Interrupt Link [LNKE] (IRQs 5 *10 11)
[STDERR  ] 2017-11-16T22:25:52.664348373Z: [    1.298333] ACPI: PCI Interrupt Link [LNKF] (IRQs 5 *10 11)
[STDERR  ] 2017-11-16T22:25:52.664358089Z: [    1.301108] ACPI: PCI Interrupt Link [LNKG] (IRQs 5 10 *11)
[STDOUT  ] 2017-11-16T22:25:52.664172569Z: [    7.576758] serio: i8042 AUX port at 0x60,0x64 irq 12
[STDERR  ] 2017-11-16T22:25:52.664373248Z: [    1.303002] ACPI: PCI Interrupt Link [LNKH] (IRQs 5 10 *11)
[STDOUT  ] 2017-11-16T22:25:52.664380908Z: [    7.581493] hv_vmbus: registering driver hyperv_keyboard
[STDERR  ] 2017-11-16T22:25:52.664383309Z: [    1.303956] ACPI: PCI Interrupt Link [GSIA] (IRQs *16)
[STDERR  ] 2017-11-16T22:25:52.664393114Z: [    1.304747] ACPI: PCI Interrupt Link [GSIB] (IRQs *17)
[STDERR  ] 2017-11-16T22:25:52.664410473Z: [    1.305517] ACPI: PCI Interrupt Link [GSIC] (IRQs *18)
[STDERR  ] 2017-11-16T22:25:52.664421409Z: [    1.306256] ACPI: PCI Interrupt Link [GSID] (IRQs *19)
[STDERR  ] 2017-11-16T22:25:52.664431407Z: [    1.306994] ACPI: PCI Interrupt Link [GSIE] (IRQs *20)
[STDERR  ] 2017-11-16T22:25:52.664441309Z: [    1.307673] ACPI: PCI Interrupt Link [GSIF] (IRQs *21)
[STDERR  ] 2017-11-16T22:25:52.664451283Z: [    1.308305] ACPI: PCI Interrupt Link [GSIG] (IRQs *22)
[STDERR  ] 2017-11-16T22:25:52.664469435Z: [    1.309059] ACPI: PCI Interrupt Link [GSIH] (IRQs *23)
[STDERR  ] 2017-11-16T22:25:52.664481137Z: [    1.312936] ACPI: Enabled 2 GPEs in block 00 to 3F
[STDERR  ] 2017-11-16T22:25:52.664491407Z: [    1.317210] SCSI subsystem initialized
[STDERR  ] 2017-11-16T22:25:52.664501905Z: [    1.319191] ACPI: bus type USB registered
[STDERR  ] 2017-11-16T22:25:52.664512409Z: [    1.320624] usbcore: registered new interface driver usbfs
[STDOUT  ] 2017-11-16T22:25:52.664391131Z: [    7.583757] mousedev: PS/2 mouse device common for all mice
[STDOUT  ] 2017-11-16T22:25:52.664534941Z: [    7.588472] input: AT Translated Set 2 keyboard as /devices/platform/i8042/serio0/input/input1
[STDOUT  ] 2017-11-16T22:25:52.664549418Z: [    7.591803] input: PC Speaker as /devices/platform/pcspkr/input/input2
[STDOUT  ] 2017-11-16T22:25:52.664559225Z: [    7.595427] rtc_cmos 00:00: RTC can wake from S4
[STDOUT  ] 2017-11-16T22:25:52.664569059Z: [    7.598738] rtc_cmos 00:00: rtc core: registered rtc_cmos as rtc0
[STDOUT  ] 2017-11-16T22:25:52.664578658Z: [    7.600534] rtc_cmos 00:00: alarms up to one day, y3k, 114 bytes nvram, hpet irqs
[STDOUT  ] 2017-11-16T22:25:52.66458786Z: [    7.601299] i2c /dev entries driver
[STDERR  ] 2017-11-16T22:25:52.664530295Z: [    1.321593] usbcore: registered new interface driver hub
[STDOUT  ] 2017-11-16T22:25:52.664597656Z: [    7.603306] device-mapper: ioctl: 4.35.0-ioctl (2016-06-23) initialised: dm-devel@redhat.com
[STDOUT  ] 2017-11-16T22:25:52.664607074Z: [    7.608034] usbcore: registered new interface driver usbhid
[STDERR  ] 2017-11-16T22:25:52.664609932Z: [    1.322477] usbcore: registered new device driver usb
[STDOUT  ] 2017-11-16T22:25:52.664616758Z: [    7.608369] usbhid: USB HID core driver
[STDOUT  ] 2017-11-16T22:25:52.664629577Z: [    7.609061] hv_utils: Registering HyperV Utility Driver
[STDOUT  ] 2017-11-16T22:25:52.66463943Z: [    7.609397] hv_vmbus: registering driver hv_util
[STDOUT  ] 2017-11-16T22:25:52.66464876Z: [    7.609719] hv_vmbus: registering driver hv_balloon
[STDOUT  ] 2017-11-16T22:25:52.664673776Z: [    7.610745] oprofile: using NMI interrupt.
[STDOUT  ] 2017-11-16T22:25:52.664685402Z: [    7.611826] GACT probability on
[STDOUT  ] 2017-11-16T22:25:52.664698043Z: [    7.612324] Mirror/redirect action on
[STDOUT  ] 2017-11-16T22:25:52.664707596Z: [    7.613176] Simple TC action Loaded
[STDOUT  ] 2017-11-16T22:25:52.664716668Z: [    7.613775] u32 classifier
[STDOUT  ] 2017-11-16T22:25:52.664733768Z: [    7.613960]     Performance counters on
[STDOUT  ] 2017-11-16T22:25:52.66474308Z: [    7.614209]     input device check on
[STDOUT  ] 2017-11-16T22:25:52.664752373Z: [    7.614491]     Actions configured
[STDOUT  ] 2017-11-16T22:25:52.664762004Z: [    7.615149] Netfilter messages via NETLINK v0.30.
[STDOUT  ] 2017-11-16T22:25:52.66477214Z: [    7.616012] nfnl_acct: registering with nfnetlink.
[STDOUT  ] 2017-11-16T22:25:52.66478193Z: [    7.617408] nf_conntrack version 0.5.0 (8192 buckets, 32768 max)
[STDOUT  ] 2017-11-16T22:25:52.664791032Z: [    7.620802] ctnetlink v0.93: registering with nfnetlink.
[STDOUT  ] 2017-11-16T22:25:52.664800506Z: [    7.623936] nf_tables: (c) 2007-2009 Patrick McHardy <kaber@trash.net>
[STDOUT  ] 2017-11-16T22:25:52.664809953Z: [    7.624705] nf_tables_compat: (c) 2012 Pablo Neira Ayuso <pablo@netfilter.org>
[STDOUT  ] 2017-11-16T22:25:52.664819407Z: [    7.627117] xt_time: kernel timezone is -0000
[STDERR  ] 2017-11-16T22:25:52.664620453Z: [    1.323692] pps_core: LinuxPPS API ver. 1 registered
[STDOUT  ] 2017-11-16T22:25:52.664828758Z: [    7.627669] ip_set: protocol 6
[STDOUT  ] 2017-11-16T22:25:52.664838716Z: [    7.628308] IPVS: Registered protocols (TCP, UDP, SCTP, AH, ESP)
[STDERR  ] 2017-11-16T22:25:52.664837258Z: [    1.324000] pps_core: Software ver. 5.3.6 - Copyright 2005-2007 Rodolfo Giometti <giometti@linux.it>
[STDERR  ] 2017-11-16T22:25:52.66486191Z: [    1.324741] PTP clock support registered
[STDERR  ] 2017-11-16T22:25:52.664872764Z: [    1.326064] wmi: Mapper loaded
[STDERR  ] 2017-11-16T22:25:52.664890417Z: [    1.327242] PCI: Using ACPI for IRQ routing
[STDERR  ] 2017-11-16T22:25:52.664900628Z: [    1.345289] NetLabel: Initializing
[STDERR  ] 2017-11-16T22:25:52.664911148Z: [    1.345557] NetLabel:  domain hash size = 128
[STDERR  ] 2017-11-16T22:25:52.664921116Z: [    1.345883] NetLabel:  protocols = UNLABELED CIPSOv4
[STDERR  ] 2017-11-16T22:25:52.664939666Z: [    1.348661] NetLabel:  unlabeled traffic allowed by default
[STDERR  ] 2017-11-16T22:25:52.664951792Z: [    1.350159] HPET: 3 timers in total, 0 timers will be used for per-cpu timer
[STDERR  ] 2017-11-16T22:25:52.664962153Z: [    1.351043] hpet0: at MMIO 0xfed00000, IRQs 2, 8, 0
[STDERR  ] 2017-11-16T22:25:52.664974458Z: [    1.351588] hpet0: 3 comparators, 64-bit 100.000000 MHz counter
[STDERR  ] 2017-11-16T22:25:52.664984543Z: [    1.356978] clocksource: Switched to clocksource hpet
[STDOUT  ] 2017-11-16T22:25:52.664988518Z: [    7.628959] IPVS: Connection hash table configured (size=4096, memory=64Kbytes)
[STDERR  ] 2017-11-16T22:25:52.664994182Z: [    1.636691] VFS: Disk quotas dquot_6.6.0
[STDERR  ] 2017-11-16T22:25:52.665010214Z: [    1.637497] VFS: Dquot-cache hash table entries: 512 (order 0, 4096 bytes)
[STDERR  ] 2017-11-16T22:25:52.66502124Z: [    1.641801] FS-Cache: Loaded
[STDERR  ] 2017-11-16T22:25:52.665031678Z: [    1.648674] CacheFiles: Loaded
[STDERR  ] 2017-11-16T22:25:52.665041476Z: [    1.650770] pnp: PnP ACPI init
[STDERR  ] 2017-11-16T22:25:52.665051883Z: [    1.662922] pnp: PnP ACPI: found 5 devices
[STDERR  ] 2017-11-16T22:25:52.665061006Z: [    1.715445] clocksource: acpi_pm: mask: 0xffffff max_cycles: 0xffffff, max_idle_ns: 2085701024 ns
[STDERR  ] 2017-11-16T22:25:52.665070823Z: [    1.719771] NET: Registered protocol family 2
[STDOUT  ] 2017-11-16T22:25:52.664999856Z: [    7.631388] IPVS: Creating netns size=2104 id=0
[STDOUT  ] 2017-11-16T22:25:52.665103846Z: [    7.634043] IPVS: ipvs loaded.
[STDOUT  ] 2017-11-16T22:25:52.665114718Z: [    7.634340] IPVS: [rr] scheduler registered.
[STDOUT  ] 2017-11-16T22:25:52.665124327Z: [    7.634705] IPVS: [wrr] scheduler registered.
[STDOUT  ] 2017-11-16T22:25:52.665132983Z: [    7.635021] IPVS: [lc] scheduler registered.
[STDOUT  ] 2017-11-16T22:25:52.665145432Z: [    7.635320] IPVS: [wlc] scheduler registered.
[STDERR  ] 2017-11-16T22:25:52.665080736Z: [    1.729047] TCP established hash table entries: 8192 (order: 4, 65536 bytes)
[STDERR  ] 2017-11-16T22:25:52.665178667Z: [    1.729937] TCP bind hash table entries: 8192 (order: 5, 131072 bytes)
[STDERR  ] 2017-11-16T22:25:52.665190013Z: [    1.731139] TCP: Hash tables configured (established 8192 bind 8192)
[STDERR  ] 2017-11-16T22:25:52.66519985Z: [    1.733092] UDP hash table entries: 512 (order: 2, 16384 bytes)
[STDERR  ] 2017-11-16T22:25:52.665209093Z: [    1.733704] UDP-Lite hash table entries: 512 (order: 2, 16384 bytes)
[STDERR  ] 2017-11-16T22:25:52.66521903Z: [    1.736100] NET: Registered protocol family 1
[STDERR  ] 2017-11-16T22:25:52.66522823Z: [    1.737106] pci 0000:00:01.0: Video device with shadowed ROM at [mem 0x000c0000-0x000dffff]
[STDERR  ] 2017-11-16T22:25:52.665238286Z: [    1.744372] Unpacking initramfs...
[STDERR  ] 2017-11-16T22:25:52.665247134Z: [    7.167071] Freeing initrd memory: 33432K
[STDERR  ] 2017-11-16T22:25:52.665255863Z: [    7.193967] PCLMULQDQ-NI instructions are not detected.
[STDOUT  ] 2017-11-16T22:25:52.665160694Z: [    7.635613] IPVS: [fo] scheduler registered.
[STDERR  ] 2017-11-16T22:25:52.66526462Z: [    7.195704] AVX or AES-NI instructions are not detected.
[STDERR  ] 2017-11-16T22:25:52.665274203Z: [    7.196287] CPU feature 'AVX registers' is not supported.
[STDOUT  ] 2017-11-16T22:25:52.665275963Z: [    7.635872] IPVS: [ovf] scheduler registered.
[STDERR  ] 2017-11-16T22:25:52.665293274Z: [    7.196753] CPU feature 'AVX registers' is not supported.
[STDERR  ] 2017-11-16T22:25:52.665304128Z: [    7.197230] CPU feature 'AVX registers' is not supported.
[STDERR  ] 2017-11-16T22:25:52.665313582Z: [    7.197669] CPU feature 'AVX registers' is not supported.
[STDERR  ] 2017-11-16T22:25:52.665327794Z: [    7.198076] AVX2 or AES-NI instructions are not detected.
[STDERR  ] 2017-11-16T22:25:52.66533814Z: [    7.198572] AVX2 instructions are not detected.
[STDERR  ] 2017-11-16T22:25:52.665357288Z: [    7.205334] audit: initializing netlink subsys (disabled)
[STDOUT  ] 2017-11-16T22:25:52.665285743Z: [    7.636354] IPVS: [lblc] scheduler registered.
[STDERR  ] 2017-11-16T22:25:52.665367213Z: [    7.207109] audit: type=2000 audit(1510871116.200:1): initialized
[STDERR  ] 2017-11-16T22:25:52.665377052Z: [    7.217626] workingset: timestamp_bits=46 max_order=18 bucket_order=0
[STDERR  ] 2017-11-16T22:25:52.665387747Z: [    7.224087] squashfs: version 4.0 (2009/01/31) Phillip Lougher
[STDERR  ] 2017-11-16T22:25:52.66540174Z: [    7.226406] FS-Cache: Netfs 'cifs' registered for caching
[STDERR  ] 2017-11-16T22:25:52.665411544Z: [    7.227410] fuse init (API version 7.26)
[STDERR  ] 2017-11-16T22:25:52.665420983Z: [    7.229826] SGI XFS with ACLs, security attributes, no debug enabled
[STDERR  ] 2017-11-16T22:25:52.66543086Z: [    7.234535] 9p: Installing v9fs 9p2000 file system support
[STDERR  ] 2017-11-16T22:25:52.66545705Z: [    7.234896] FS-Cache: Netfs '9p' registered for caching
[STDERR  ] 2017-11-16T22:25:52.665470857Z: [    7.268759] NET: Registered protocol family 38
[STDERR  ] 2017-11-16T22:25:52.66547951Z: [    7.269404] Key type asymmetric registered
[STDERR  ] 2017-11-16T22:25:52.6654896Z: [    7.269743] Asymmetric key parser 'x509' registered
[STDERR  ] 2017-11-16T22:25:52.665499028Z: [    7.273282] Block layer SCSI generic (bsg) driver version 0.4 loaded (major 251)
[STDERR  ] 2017-11-16T22:25:52.66550896Z: [    7.274888] io scheduler noop registered
[STDERR  ] 2017-11-16T22:25:52.665518406Z: [    7.275225] io scheduler deadline registered (default)
[STDERR  ] 2017-11-16T22:25:52.665527892Z: [    7.276139] io scheduler cfq registered
[STDOUT  ] 2017-11-16T22:25:52.665373127Z: [    7.636692] IPVS: [lblcr] scheduler registered.
[STDERR  ] 2017-11-16T22:25:52.665537136Z: [    7.278785] pci_hotplug: PCI Hot Plug PCI Core version: 0.5
[STDOUT  ] 2017-11-16T22:25:52.665549212Z: [    7.637039] IPVS: [dh] scheduler registered.
[STDOUT  ] 2017-11-16T22:25:52.66556367Z: [    7.637319] IPVS: [sh] scheduler registered.
[STDOUT  ] 2017-11-16T22:25:52.665573547Z: [    7.637566] IPVS: [sed] scheduler registered.
[STDOUT  ] 2017-11-16T22:25:52.66558324Z: [    7.637842] IPVS: [nq] scheduler registered.
[STDOUT  ] 2017-11-16T22:25:52.665592938Z: [    7.638655] IPVS: ftp: loaded support on port[0] = 21
[STDOUT  ] 2017-11-16T22:25:52.665603167Z: [    7.639595] ipip: IPv4 and MPLS over IPv4 tunneling driver
[STDOUT  ] 2017-11-16T22:25:52.665613093Z: [    7.644381] gre: GRE over IPv4 demultiplexor driver
[STDERR  ] 2017-11-16T22:25:52.665549566Z: [    7.279441] pciehp: PCI Express Hot Plug Controller Driver version: 0.4
[STDOUT  ] 2017-11-16T22:25:52.665623173Z: [    7.647246] ip_tables: (C) 2000-2006 Netfilter Core Team
[STDERR  ] 2017-11-16T22:25:52.665631356Z: [    7.281348] shpchp: Standard Hot Plug PCI Controller Driver version: 0.4
[STDERR  ] 2017-11-16T22:25:52.665641717Z: [    7.282253] hv_vmbus: registering driver hyperv_fb
[STDOUT  ] 2017-11-16T22:25:52.665638967Z: [    7.652614] ipt_CLUSTERIP: ClusterIP Version 0.8 loaded successfully
[STDOUT  ] 2017-11-16T22:25:52.665648917Z: [    7.653474] arp_tables: arp_tables: (C) 2002 David S. Miller
[STDERR  ] 2017-11-16T22:25:52.665651505Z: [    7.285465] input: Power Button as /devices/LNXSYSTM:00/LNXPWRBN:00/input/input0
[STDOUT  ] 2017-11-16T22:25:52.665658969Z: [    7.656719] NET: Registered protocol family 10
[STDERR  ] 2017-11-16T22:25:52.665661773Z: [    7.286622] ACPI: Power Button [PWRF]
[STDERR  ] 2017-11-16T22:25:52.665682025Z: [    7.292037] GHES: HEST is not enabled!
[STDERR  ] 2017-11-16T22:25:52.665694035Z: [    7.303373] ACPI: PCI Interrupt Link [GSIG] enabled at IRQ 22
[STDERR  ] 2017-11-16T22:25:52.665703459Z: [    7.316393] ACPI: PCI Interrupt Link [GSIH] enabled at IRQ 23
[STDERR  ] 2017-11-16T22:25:52.665713069Z: [    7.322775] xenfs: not registering filesystem on non-xen platform
[STDERR  ] 2017-11-16T22:25:52.665726983Z: [    7.324886] Serial: 8250/16550 driver, 4 ports, IRQ sharing disabled
[STDERR  ] 2017-11-16T22:25:52.665737017Z: [    7.350844] 00:04: ttyS0 at I/O 0x3f8 (irq = 4, base_baud = 115200) is a 16550A
[STDERR  ] 2017-11-16T22:25:52.665747573Z: [    7.363326] Non-volatile memory driver v1.3
[STDERR  ] 2017-11-16T22:25:52.665757927Z: [    7.371259] Hangcheck: starting hangcheck timer 0.9.1 (tick is 180 seconds, margin is 60 seconds).
[STDERR  ] 2017-11-16T22:25:52.665776491Z: [    7.376627] random: fast init done
[STDERR  ] 2017-11-16T22:25:52.665786601Z: [    7.377992] random: crng init done
[STDERR  ] 2017-11-16T22:25:52.665796317Z: [    7.413711] loop: module loaded
[STDERR  ] 2017-11-16T22:25:52.665805846Z: [    7.429600] nbd: registered device at major 43
[STDOUT  ] 2017-11-16T22:25:52.665668482Z: [    7.671009] ip6_tables: (C) 2000-2006 Netfilter Core Team
[STDOUT  ] 2017-11-16T22:25:52.665817526Z: [    7.681651] NET: Registered protocol family 17
[STDOUT  ] 2017-11-16T22:25:52.665827185Z: [    7.682853] Bridge firewalling registered
[STDERR  ] 2017-11-16T22:25:52.665828462Z: [    7.475083] lpc_ich 0000:00:1f.0: I/O space for GPIO uninitialized
[STDERR  ] 2017-11-16T22:25:52.665839419Z: [    7.477189] VMware PVSCSI driver - version 1.0.7.0-k
[STDOUT  ] 2017-11-16T22:25:52.665836945Z: [    7.683582] Ebtables v2.0 registered
[STDOUT  ] 2017-11-16T22:25:52.665846646Z: [    7.685572] 8021q: 802.1Q VLAN Support v1.8
[STDERR  ] 2017-11-16T22:25:52.665853102Z: [    7.478142] hv_vmbus: registering driver hv_storvsc
