[INFO    ] 2017-06-26T18:29:10.882165637Z: Running Test linuxkit.kernel.kmod_4.9.x in /tmp/with_clone2fba4d9/test/cases/020_kernel/010_kmod_4.9.x
[INFO    ] 2017-06-26T18:29:10.882256469Z: Running command: [/bin/sh -x /tmp/with_clone2fba4d9/test/cases/020_kernel/010_kmod_4.9.x/test.sh]
[STDERR  ] 2017-06-26T18:29:10.883430185Z: + set -e
[STDERR  ] 2017-06-26T18:29:10.883531279Z: + . /tmp/with_clone2fba4d9/test/cases/_lib/lib.sh
[STDERR  ] 2017-06-26T18:29:10.883549578Z: + [ -f src/github.com/linuxkit/rtf/lib/lib.sh ]
[STDERR  ] 2017-06-26T18:29:10.883569299Z: + LINUXKIT_TMPDIR=/tmp/with_clone2fba4d9/test/cases/_tmp
[STDERR  ] 2017-06-26T18:29:10.883578188Z: + [ -f /tmp/with_clone2fba4d9/test/cases/_tmp/env.sh ]
[STDERR  ] 2017-06-26T18:29:10.883596819Z: + . /tmp/with_clone2fba4d9/test/cases/_tmp/env.sh
[STDERR  ] 2017-06-26T18:29:10.883616681Z: + export LINUXKIT_EXAMPLES_DIR=/tmp/with_clone2fba4d9/test/cases/../../examples
[STDERR  ] 2017-06-26T18:29:10.883629517Z: + export LINUXKIT_BLUEPRINTS_DIR=/tmp/with_clone2fba4d9/test/cases/../../blueprints
[STDERR  ] 2017-06-26T18:29:10.883635831Z: + RT_CANCEL=253
[STDERR  ] 2017-06-26T18:29:10.883655857Z: + IMAGE_NAME=kmod-test
[STDERR  ] 2017-06-26T18:29:10.883668154Z: + trap clean_up EXIT
[STDERR  ] 2017-06-26T18:29:10.88368078Z: + docker pull linuxkit/kernel:4.9.x
[STDOUT  ] 2017-06-26T18:29:12.235383325Z: 4.9.x: Pulling from linuxkit/kernel
[STDOUT  ] 2017-06-26T18:29:12.29431255Z: Digest: sha256:14f5467dd92bc8955d46f4b4e108261922ad4c0c2e1abfce5b775d3c8fbb9610
[STDOUT  ] 2017-06-26T18:29:12.294319035Z: Status: Image is up to date for linuxkit/kernel:4.9.x
[STDERR  ] 2017-06-26T18:29:12.297303074Z: + docker build -t kmod-test .
[STDOUT  ] 2017-06-26T18:29:12.309174158Z: Sending build context to Docker daemon 9.216 kB
[STDOUT  ] 2017-06-26T18:29:12.455101497Z: Step 1/11 : FROM linuxkit/kernel:4.9.x AS ksrc
[STDOUT  ] 2017-06-26T18:29:12.514155717Z:  ---> 80c9e5318257
[STDOUT  ] 2017-06-26T18:29:12.514195939Z: Step 2/11 : FROM linuxkit/kernel-compile:1b396c221af673757703258159ddc8539843b02b@sha256:6b32d205bfc6407568324337b707d195d027328dbfec554428ea93e7b0a8299b AS build
[STDOUT  ] 2017-06-26T18:29:12.514204704Z:  ---> 261c60c4eb02
[STDOUT  ] 2017-06-26T18:29:12.514209037Z: Step 3/11 : COPY --from=ksrc /kernel-dev.tar /
[STDOUT  ] 2017-06-26T18:29:12.975864921Z:  ---> Using cache
[STDOUT  ] 2017-06-26T18:29:12.975877951Z:  ---> 2aa1f5b1aa51
[STDOUT  ] 2017-06-26T18:29:12.975883477Z: Step 4/11 : RUN tar xf kernel-dev.tar
[STDOUT  ] 2017-06-26T18:29:12.992567805Z:  ---> Using cache
[STDOUT  ] 2017-06-26T18:29:12.992580838Z:  ---> ca97f81d33ce
[STDOUT  ] 2017-06-26T18:29:12.992594675Z: Step 5/11 : WORKDIR /kmod
[STDOUT  ] 2017-06-26T18:29:12.992615816Z:  ---> Using cache
[STDOUT  ] 2017-06-26T18:29:12.992629074Z:  ---> e92a74e90d11
[STDOUT  ] 2017-06-26T18:29:12.992642761Z: Step 6/11 : COPY ./src/* ./
[STDOUT  ] 2017-06-26T18:29:12.992655829Z:  ---> Using cache
[STDOUT  ] 2017-06-26T18:29:12.992668818Z:  ---> b31ce03f4662
[STDOUT  ] 2017-06-26T18:29:12.992679733Z: Step 7/11 : RUN make all
[STDOUT  ] 2017-06-26T18:29:12.992690774Z:  ---> Using cache
[STDOUT  ] 2017-06-26T18:29:12.992698708Z:  ---> b1eb22f49670
[STDOUT  ] 2017-06-26T18:29:12.992706755Z: Step 8/11 : FROM alpine:3.5
[STDOUT  ] 2017-06-26T18:29:12.992714364Z:  ---> 8b613b705735
[STDOUT  ] 2017-06-26T18:29:12.99272256Z: Step 9/11 : COPY --from=build /kmod/hello_world.ko /
[STDOUT  ] 2017-06-26T18:29:13.464553463Z:  ---> c785e3ee8148
[STDOUT  ] 2017-06-26T18:29:13.481035498Z: Removing intermediate container b7d1c6c032ed
[STDOUT  ] 2017-06-26T18:29:13.481049853Z: Step 10/11 : COPY check.sh /check.sh
[STDOUT  ] 2017-06-26T18:29:13.968552963Z:  ---> 1635c07e37dd
[STDOUT  ] 2017-06-26T18:29:13.984987628Z: Removing intermediate container b212ab5574e1
[STDOUT  ] 2017-06-26T18:29:13.984999015Z: Step 11/11 : ENTRYPOINT /bin/sh /check.sh
[STDOUT  ] 2017-06-26T18:29:14.094043744Z:  ---> Running in fb644433e494
[STDOUT  ] 2017-06-26T18:29:14.297243891Z:  ---> 82e4a5897408
[STDOUT  ] 2017-06-26T18:29:14.313717113Z: Removing intermediate container fb644433e494
[STDOUT  ] 2017-06-26T18:29:14.313747967Z: Successfully built 82e4a5897408
[STDOUT  ] 2017-06-26T18:29:14.313759998Z: Successfully tagged kmod-test:latest
[STDERR  ] 2017-06-26T18:29:14.397406637Z: + moby build -output kernel+initrd kmod.yml
[STDERR  ] 2017-06-26T18:29:14.405860537Z: Extract kernel image: linuxkit/kernel:4.9.x
[STDERR  ] 2017-06-26T18:29:20.494651789Z: Add init containers:
[STDERR  ] 2017-06-26T18:29:20.494679755Z: Process init image: linuxkit/init:17693d233dd009b2a3a8d23673cb85969e1dce80
[STDERR  ] 2017-06-26T18:29:21.9149671Z: Process init image: linuxkit/runc:3a4e6cbf15470f62501b019b55e1caac5ee7689f
[STDERR  ] 2017-06-26T18:29:23.581805327Z: Process init image: linuxkit/containerd:a33cdcf50b8107ffe14c92802c460fe7ada39acd
[STDERR  ] 2017-06-26T18:29:29.053562952Z: Add onboot containers:
[STDERR  ] 2017-06-26T18:29:29.053620363Z:   Create OCI config for kmod-test
[STDERR  ] 2017-06-26T18:29:29.531453336Z:   Create OCI config for linuxkit/poweroff:7404cf2295df89ccfa2dda41997a28307a90cf28
[STDERR  ] 2017-06-26T18:29:31.062828258Z: Create outputs:
[STDERR  ] 2017-06-26T18:29:39.674753185Z:   kmod-kernel kmod-initrd.img kmod-cmdline
[STDERR  ] 2017-06-26T18:29:39.974828136Z: + linuxkit run kmod
[STDERR  ] 2017-06-26T18:30:06.850011818Z: + RESULT=[    0.000000] Linux version 4.9.33-linuxkit (root@b147ce67977e) (gcc version 6.3.0 (Alpine 6.3.0) ) #1 SMP Thu Jun 22 19:57:24 UTC 2017
[STDERR  ] 2017-06-26T18:30:06.850038536Z: [    0.000000] Command line: console=ttyS0
[STDERR  ] 2017-06-26T18:30:06.850052815Z: [    0.000000] x86/fpu: Legacy x87 FPU detected.
[STDERR  ] 2017-06-26T18:30:06.850066041Z: [    0.000000] x86/fpu: Using 'eager' FPU context switches.
[STDERR  ] 2017-06-26T18:30:06.850079785Z: [    0.000000] e820: BIOS-provided physical RAM map:
[STDERR  ] 2017-06-26T18:30:06.850094232Z: [    0.000000] BIOS-e820: [mem 0x0000000000000000-0x000000000009fbff] usable
[STDERR  ] 2017-06-26T18:30:06.85010824Z: [    0.000000] BIOS-e820: [mem 0x000000000009fc00-0x000000000009ffff] reserved
[STDERR  ] 2017-06-26T18:30:06.850121915Z: [    0.000000] BIOS-e820: [mem 0x00000000000f0000-0x00000000000fffff] reserved
[STDERR  ] 2017-06-26T18:30:06.850135965Z: [    0.000000] BIOS-e820: [mem 0x0000000000100000-0x000000003ffdefff] usable
[STDERR  ] 2017-06-26T18:30:06.850143482Z: [    0.000000] BIOS-e820: [mem 0x000000003ffdf000-0x000000003fffffff] reserved
[STDERR  ] 2017-06-26T18:30:06.850156639Z: [    0.000000] BIOS-e820: [mem 0x00000000b0000000-0x00000000bfffffff] reserved
[STDERR  ] 2017-06-26T18:30:06.85018042Z: [    0.000000] BIOS-e820: [mem 0x00000000fed1c000-0x00000000fed1ffff] reserved
[STDERR  ] 2017-06-26T18:30:06.850193659Z: [    0.000000] BIOS-e820: [mem 0x00000000fffc0000-0x00000000ffffffff] reserved
[STDERR  ] 2017-06-26T18:30:06.850207226Z: [    0.000000] NX (Execute Disable) protection: active
[STDERR  ] 2017-06-26T18:30:06.85022029Z: [    0.000000] SMBIOS 2.8 present.
[STDERR  ] 2017-06-26T18:30:06.850233159Z: [    0.000000] e820: last_pfn = 0x3ffdf max_arch_pfn = 0x400000000
[STDERR  ] 2017-06-26T18:30:06.850246664Z: [    0.000000] x86/PAT: Configuration [0-7]: WB  WC  UC- UC  WB  WC  UC- WT  
[STDERR  ] 2017-06-26T18:30:06.850268695Z: [    0.000000] found SMP MP-table at [mem 0x000f6aa0-0x000f6aaf] mapped at [ffff9ca8800f6aa0]
[STDERR  ] 2017-06-26T18:30:06.850282623Z: [    0.000000] RAMDISK: [mem 0x3d6a4000-0x3ffcffff]
[STDERR  ] 2017-06-26T18:30:06.850296375Z: [    0.000000] ACPI: Early table checksum verification disabled
[STDERR  ] 2017-06-26T18:30:06.850309064Z: [    0.000000] ACPI: RSDP 0x00000000000F68C0 000014 (v00 BOCHS )
[STDERR  ] 2017-06-26T18:30:06.850322307Z: [    0.000000] ACPI: RSDT 0x000000003FFE2404 000034 (v01 BOCHS  BXPCRSDT 00000001 BXPC 00000001)
[STDERR  ] 2017-06-26T18:30:06.850334811Z: [    0.000000] ACPI: FACP 0x000000003FFE22A4 000074 (v01 BOCHS  BXPCFACP 00000001 BXPC 00000001)
[STDERR  ] 2017-06-26T18:30:06.850347975Z: [    0.000000] ACPI: DSDT 0x000000003FFE0040 002264 (v01 BOCHS  BXPCDSDT 00000001 BXPC 00000001)
[STDERR  ] 2017-06-26T18:30:06.850355419Z: [    0.000000] ACPI: FACS 0x000000003FFE0000 000040
[STDERR  ] 2017-06-26T18:30:06.850386367Z: [    0.000000] ACPI: APIC 0x000000003FFE2318 000078 (v01 BOCHS  BXPCAPIC 00000001 BXPC 00000001)
[STDERR  ] 2017-06-26T18:30:06.850405841Z: [    0.000000] ACPI: HPET 0x000000003FFE2390 000038 (v01 BOCHS  BXPCHPET 00000001 BXPC 00000001)
[STDERR  ] 2017-06-26T18:30:06.850424848Z: [    0.000000] ACPI: MCFG 0x000000003FFE23C8 00003C (v01 BOCHS  BXPCMCFG 00000001 BXPC 00000001)
[STDERR  ] 2017-06-26T18:30:06.850438557Z: [    0.000000] Zone ranges:
[STDERR  ] 2017-06-26T18:30:06.85045565Z: [    0.000000]   DMA      [mem 0x0000000000001000-0x0000000000ffffff]
[STDERR  ] 2017-06-26T18:30:06.850462667Z: [    0.000000]   DMA32    [mem 0x0000000001000000-0x000000003ffdefff]
[STDERR  ] 2017-06-26T18:30:06.850474089Z: [    0.000000]   Normal   empty
[STDERR  ] 2017-06-26T18:30:06.850491228Z: [    0.000000] Movable zone start for each node
[STDERR  ] 2017-06-26T18:30:06.850498004Z: [    0.000000] Early memory node ranges
[STDERR  ] 2017-06-26T18:30:06.850509129Z: [    0.000000]   node   0: [mem 0x0000000000001000-0x000000000009efff]
[STDERR  ] 2017-06-26T18:30:06.850527284Z: [    0.000000]   node   0: [mem 0x0000000000100000-0x000000003ffdefff]
[STDERR  ] 2017-06-26T18:30:06.850533752Z: [    0.000000] Initmem setup node 0 [mem 0x0000000000001000-0x000000003ffdefff]
[STDERR  ] 2017-06-26T18:30:06.850551455Z: [    0.000000] ACPI: PM-Timer IO Port: 0x608
[STDERR  ] 2017-06-26T18:30:06.850557372Z: [    0.000000] ACPI: LAPIC_NMI (acpi_id[0xff] dfl dfl lint[0x1])
[STDERR  ] 2017-06-26T18:30:06.850575334Z: [    0.000000] IOAPIC[0]: apic_id 0, version 32, address 0xfec00000, GSI 0-23
[STDERR  ] 2017-06-26T18:30:06.850581573Z: [    0.000000] ACPI: INT_SRC_OVR (bus 0 bus_irq 0 global_irq 2 dfl dfl)
[STDERR  ] 2017-06-26T18:30:06.850610282Z: [    0.000000] ACPI: INT_SRC_OVR (bus 0 bus_irq 5 global_irq 5 high level)
[STDERR  ] 2017-06-26T18:30:06.850616123Z: [    0.000000] ACPI: INT_SRC_OVR (bus 0 bus_irq 9 global_irq 9 high level)
[STDERR  ] 2017-06-26T18:30:06.850634073Z: [    0.000000] ACPI: INT_SRC_OVR (bus 0 bus_irq 10 global_irq 10 high level)
[STDERR  ] 2017-06-26T18:30:06.850648528Z: [    0.000000] ACPI: INT_SRC_OVR (bus 0 bus_irq 11 global_irq 11 high level)
[STDERR  ] 2017-06-26T18:30:06.85066049Z: [    0.000000] Using ACPI (MADT) for SMP configuration information
[STDERR  ] 2017-06-26T18:30:06.850672546Z: [    0.000000] ACPI: HPET id: 0x8086a201 base: 0xfed00000
[STDERR  ] 2017-06-26T18:30:06.85068787Z: [    0.000000] smpboot: Allowing 1 CPUs, 0 hotplug CPUs
[STDERR  ] 2017-06-26T18:30:06.85070001Z: [    0.000000] e820: [mem 0x40000000-0xafffffff] available for PCI devices
[STDERR  ] 2017-06-26T18:30:06.850712285Z: [    0.000000] Booting paravirtualized kernel on bare hardware
[STDERR  ] 2017-06-26T18:30:06.850725005Z: [    0.000000] clocksource: refined-jiffies: mask: 0xffffffff max_cycles: 0xffffffff, max_idle_ns: 19112604462750000 ns
[STDERR  ] 2017-06-26T18:30:06.850737291Z: [    0.000000] setup_percpu: NR_CPUS:128 nr_cpumask_bits:128 nr_cpu_ids:1 nr_node_ids:1
[STDERR  ] 2017-06-26T18:30:06.850749427Z: [    0.000000] percpu: Embedded 35 pages/cpu @ffff9ca8bd400000 s105112 r8192 d30056 u2097152
[STDERR  ] 2017-06-26T18:30:06.850762127Z: [    0.000000] Built 1 zonelists in Zone order, mobility grouping on.  Total pages: 257896
[STDERR  ] 2017-06-26T18:30:06.850768811Z: [    0.000000] Kernel command line: console=ttyS0
[STDERR  ] 2017-06-26T18:30:06.850780607Z: [    0.000000] PID hash table entries: 4096 (order: 3, 32768 bytes)
[STDERR  ] 2017-06-26T18:30:06.850801048Z: [    0.000000] Dentry cache hash table entries: 131072 (order: 8, 1048576 bytes)
[STDERR  ] 2017-06-26T18:30:06.850813475Z: [    0.000000] Inode-cache hash table entries: 65536 (order: 7, 524288 bytes)
[STDERR  ] 2017-06-26T18:30:06.850820387Z: [    0.000000] Memory: 972052K/1048052K available (8023K kernel code, 1336K rwdata, 2692K rodata, 1372K init, 564K bss, 76000K reserved, 0K cma-reserved)
[STDERR  ] 2017-06-26T18:30:06.850839426Z: [    0.000000] Hierarchical RCU implementation.
[STDERR  ] 2017-06-26T18:30:06.850857889Z: [    0.000000] 	Build-time adjustment of leaf fanout to 64.
[STDERR  ] 2017-06-26T18:30:06.850870554Z: [    0.000000] 	RCU restricting CPUs from NR_CPUS=128 to nr_cpu_ids=1.
[STDERR  ] 2017-06-26T18:30:06.850876539Z: [    0.000000] RCU: Adjusting geometry for rcu_fanout_leaf=64, nr_cpu_ids=1
[STDERR  ] 2017-06-26T18:30:06.850899136Z: [    0.000000] NR_IRQS:8448 nr_irqs:256 16
[STDERR  ] 2017-06-26T18:30:06.850911863Z: [    0.000000] Console: colour VGA+ 80x25
[STDERR  ] 2017-06-26T18:30:06.850924243Z: [    0.000000] console [ttyS0] enabled
[STDERR  ] 2017-06-26T18:30:06.850931181Z: [    0.000000] clocksource: hpet: mask: 0xffffffff max_cycles: 0xffffffff, max_idle_ns: 19112604467 ns
[STDERR  ] 2017-06-26T18:30:06.850943138Z: [    0.000000] tsc: Fast TSC calibration using PIT
[STDERR  ] 2017-06-26T18:30:06.85096202Z: [    0.000000] tsc: Detected 2300.138 MHz processor
[STDERR  ] 2017-06-26T18:30:06.850978881Z: [    0.020460] Calibrating delay loop (skipped), value calculated using timer frequency.. 4600.27 BogoMIPS (lpj=23001380)
[STDERR  ] 2017-06-26T18:30:06.850991434Z: [    0.021462] pid_max: default: 32768 minimum: 301
[STDERR  ] 2017-06-26T18:30:06.851003751Z: [    0.022266] ACPI: Core revision 20160831
[STDERR  ] 2017-06-26T18:30:06.851021158Z: [    0.068274] ACPI: 1 ACPI AML tables successfully acquired and loaded
[STDERR  ] 2017-06-26T18:30:06.85103371Z: [    0.071580] Security Framework initialized
[STDERR  ] 2017-06-26T18:30:06.851046109Z: [    0.071960] Yama: becoming mindful.
[STDERR  ] 2017-06-26T18:30:06.851058465Z: [    0.073918] Mount-cache hash table entries: 2048 (order: 2, 16384 bytes)
[STDERR  ] 2017-06-26T18:30:06.851070716Z: [    0.074443] Mountpoint-cache hash table entries: 2048 (order: 2, 16384 bytes)
[STDERR  ] 2017-06-26T18:30:06.851083807Z: [    0.093535] Last level iTLB entries: 4KB 0, 2MB 0, 4MB 0
[STDERR  ] 2017-06-26T18:30:06.851096715Z: [    0.093972] Last level dTLB entries: 4KB 0, 2MB 0, 4MB 0, 1GB 0
[STDERR  ] 2017-06-26T18:30:06.851109249Z: [    0.395638] Freeing SMP alternatives memory: 20K (ffffffffbdea7000 - ffffffffbdeac000)
[STDERR  ] 2017-06-26T18:30:06.851116046Z: [    0.404452] ftrace: allocating 35395 entries in 139 pages
[STDERR  ] 2017-06-26T18:30:06.851138648Z: [    0.566367] smpboot: Max logical packages: 1
[STDERR  ] 2017-06-26T18:30:06.851150931Z: [    0.572353] ..TIMER: vector=0x30 apic1=0 pin1=2 apic2=-1 pin2=-1
[STDERR  ] 2017-06-26T18:30:06.851163263Z: [    0.680000] smpboot: CPU0: AMD QEMU Virtual CPU version 2.5+ (family: 0x6, model: 0x6, stepping: 0x3)
[STDERR  ] 2017-06-26T18:30:06.851175585Z: [    0.680000] Performance Events: PMU not available due to virtualization, using software events only.
[STDERR  ] 2017-06-26T18:30:06.85118154Z: [    0.686578] NMI watchdog: disabled (cpu0): hardware events not enabled
[STDERR  ] 2017-06-26T18:30:06.851200411Z: [    0.687037] NMI watchdog: Shutting down hard lockup detector on all cpus
[STDERR  ] 2017-06-26T18:30:06.851212765Z: [    0.689705] x86: Booted up 1 node, 1 CPUs
[STDERR  ] 2017-06-26T18:30:06.851225325Z: [    0.690111] smpboot: Total of 1 processors activated (4600.27 BogoMIPS)
[STDERR  ] 2017-06-26T18:30:06.851237865Z: [    0.704423] devtmpfs: initialized
[STDERR  ] 2017-06-26T18:30:06.85125039Z: [    0.708929] x86/mm: Memory block size: 128MB
[STDERR  ] 2017-06-26T18:30:06.851268664Z: [    0.772931] clocksource: jiffies: mask: 0xffffffff max_cycles: 0xffffffff, max_idle_ns: 19112604462750000 ns
[STDERR  ] 2017-06-26T18:30:06.851281348Z: [    0.773769] futex hash table entries: 256 (order: 2, 16384 bytes)
[STDERR  ] 2017-06-26T18:30:06.85129674Z: [    0.782617] NET: Registered protocol family 16
[STDERR  ] 2017-06-26T18:30:06.851309158Z: [    0.791748] cpuidle: using governor ladder
[STDERR  ] 2017-06-26T18:30:06.851328583Z: [    0.792178] cpuidle: using governor menu
[STDERR  ] 2017-06-26T18:30:06.851341041Z: [    0.793203] ACPI: bus type PCI registered
[STDERR  ] 2017-06-26T18:30:06.851353343Z: [    0.795896] PCI: MMCONFIG for domain 0000 [bus 00-ff] at [mem 0xb0000000-0xbfffffff] (base 0xb0000000)
[STDERR  ] 2017-06-26T18:30:06.85137404Z: [    0.796658] PCI: MMCONFIG at [mem 0xb0000000-0xbfffffff] reserved in E820
[STDERR  ] 2017-06-26T18:30:06.851386653Z: [    0.797915] PCI: Using configuration type 1 for base access
[STDERR  ] 2017-06-26T18:30:06.851399185Z: [    0.854230] HugeTLB registered 2 MB page size, pre-allocated 0 pages
[STDERR  ] 2017-06-26T18:30:06.851415401Z: [    0.864103] ACPI: Added _OSI(Module Device)
[STDERR  ] 2017-06-26T18:30:06.85142801Z: [    0.864428] ACPI: Added _OSI(Processor Device)
[STDERR  ] 2017-06-26T18:30:06.851434741Z: [    0.864728] ACPI: Added _OSI(3.0 _SCP Extensions)
[STDERR  ] 2017-06-26T18:30:06.851453044Z: [    0.865039] ACPI: Added _OSI(Processor Aggregator Device)
[STDERR  ] 2017-06-26T18:30:06.851465519Z: [    0.937639] ACPI: Interpreter enabled
[STDERR  ] 2017-06-26T18:30:06.851471487Z: [    0.938405] ACPI: (supports S0 S5)
[STDERR  ] 2017-06-26T18:30:06.851490914Z: [    0.938700] ACPI: Using IOAPIC for interrupt routing
[STDERR  ] 2017-06-26T18:30:06.851503519Z: [    0.940574] PCI: Using host bridge windows from ACPI; if necessary, use "pci=nocrs" and report a bug
[STDERR  ] 2017-06-26T18:30:06.851516153Z: [    1.004800] ACPI: PCI Root Bridge [PCI0] (domain 0000 [bus 00-ff])
[STDERR  ] 2017-06-26T18:30:06.851530091Z: [    1.005694] acpi PNP0A08:00: _OSC: OS supports [ExtendedConfig ASPM ClockPM Segments MSI]
[STDERR  ] 2017-06-26T18:30:06.851542584Z: [    1.011418] acpi PNP0A08:00: _OSC: OS now controls [PCIeHotplug PME PCIeCapability]
[STDERR  ] 2017-06-26T18:30:06.851554993Z: [    1.014883] PCI host bridge to bus 0000:00
[STDERR  ] 2017-06-26T18:30:06.851561851Z: [    1.015307] pci_bus 0000:00: root bus resource [io  0x0000-0x0cf7 window]
[STDERR  ] 2017-06-26T18:30:06.85157348Z: [    1.015776] pci_bus 0000:00: root bus resource [io  0x0d00-0xffff window]
[STDERR  ] 2017-06-26T18:30:06.851592305Z: [    1.016244] pci_bus 0000:00: root bus resource [mem 0x000a0000-0x000bffff window]
[STDERR  ] 2017-06-26T18:30:06.851598917Z: [    1.016733] pci_bus 0000:00: root bus resource [mem 0xc0000000-0xfebfffff window]
[STDERR  ] 2017-06-26T18:30:06.851617036Z: [    1.017325] pci_bus 0000:00: root bus resource [bus 00-ff]
[STDERR  ] 2017-06-26T18:30:06.851629385Z: [    1.103941] pci 0000:00:1f.0: quirk: [io  0x0600-0x067f] claimed by ICH6 ACPI/GPIO/TCO
[STDERR  ] 2017-06-26T18:30:06.85163527Z: [    1.157720] ACPI: PCI Interrupt Link [LNKA] (IRQs 5 *10 11)
[STDERR  ] 2017-06-26T18:30:06.851654189Z: [    1.159678] ACPI: PCI Interrupt Link [LNKB] (IRQs 5 *10 11)
[STDERR  ] 2017-06-26T18:30:06.851666911Z: [    1.161515] ACPI: PCI Interrupt Link [LNKC] (IRQs 5 10 *11)
[STDERR  ] 2017-06-26T18:30:06.851679152Z: [    1.163189] ACPI: PCI Interrupt Link [LNKD] (IRQs 5 10 *11)
[STDERR  ] 2017-06-26T18:30:06.851691326Z: [    1.164854] ACPI: PCI Interrupt Link [LNKE] (IRQs 5 *10 11)
[STDERR  ] 2017-06-26T18:30:06.85170268Z: [    1.166526] ACPI: PCI Interrupt Link [LNKF] (IRQs 5 *10 11)
[STDERR  ] 2017-06-26T18:30:06.851708754Z: [    1.168218] ACPI: PCI Interrupt Link [LNKG] (IRQs 5 10 *11)
[STDERR  ] 2017-06-26T18:30:06.851719429Z: [    1.170466] ACPI: PCI Interrupt Link [LNKH] (IRQs 5 10 *11)
[STDERR  ] 2017-06-26T18:30:06.851737299Z: [    1.171280] ACPI: PCI Interrupt Link [GSIA] (IRQs *16)
[STDERR  ] 2017-06-26T18:30:06.851743589Z: [    1.171891] ACPI: PCI Interrupt Link [GSIB] (IRQs *17)
[STDERR  ] 2017-06-26T18:30:06.851760178Z: [    1.172491] ACPI: PCI Interrupt Link [GSIC] (IRQs *18)
[STDERR  ] 2017-06-26T18:30:06.851770716Z: [    1.173096] ACPI: PCI Interrupt Link [GSID] (IRQs *19)
[STDERR  ] 2017-06-26T18:30:06.851788972Z: [    1.173695] ACPI: PCI Interrupt Link [GSIE] (IRQs *20)
[STDERR  ] 2017-06-26T18:30:06.851800537Z: [    1.174295] ACPI: PCI Interrupt Link [GSIF] (IRQs *21)
[STDERR  ] 2017-06-26T18:30:06.851812069Z: [    1.174892] ACPI: PCI Interrupt Link [GSIG] (IRQs *22)
[STDERR  ] 2017-06-26T18:30:06.851818314Z: [    1.175490] ACPI: PCI Interrupt Link [GSIH] (IRQs *23)
[STDERR  ] 2017-06-26T18:30:06.851829255Z: [    1.179049] ACPI: Enabled 2 GPEs in block 00 to 3F
[STDERR  ] 2017-06-26T18:30:06.851851791Z: [    1.183429] SCSI subsystem initialized
[STDERR  ] 2017-06-26T18:30:06.851863171Z: [    1.185166] ACPI: bus type USB registered
[STDERR  ] 2017-06-26T18:30:06.851874699Z: [    1.186258] usbcore: registered new interface driver usbfs
[STDERR  ] 2017-06-26T18:30:06.851889678Z: [    1.187172] usbcore: registered new interface driver hub
[STDERR  ] 2017-06-26T18:30:06.851901476Z: [    1.187941] usbcore: registered new device driver usb
[STDERR  ] 2017-06-26T18:30:06.851912907Z: [    1.189047] pps_core: LinuxPPS API ver. 1 registered
[STDERR  ] 2017-06-26T18:30:06.85191928Z: [    1.189394] pps_core: Software ver. 5.3.6 - Copyright 2005-2007 Rodolfo Giometti <giometti@linux.it>
[STDERR  ] 2017-06-26T18:30:06.851935728Z: [    1.190195] PTP clock support registered
[STDERR  ] 2017-06-26T18:30:06.851953537Z: [    1.191250] wmi: Mapper loaded
[STDERR  ] 2017-06-26T18:30:06.85196503Z: [    1.192180] PCI: Using ACPI for IRQ routing
[STDERR  ] 2017-06-26T18:30:06.851977095Z: [    1.210582] NetLabel: Initializing
[STDERR  ] 2017-06-26T18:30:06.851983364Z: [    1.210826] NetLabel:  domain hash size = 128
[STDERR  ] 2017-06-26T18:30:06.852000645Z: [    1.211107] NetLabel:  protocols = UNLABELED CIPSOv4
[STDERR  ] 2017-06-26T18:30:06.852006687Z: [    1.212819] NetLabel:  unlabeled traffic allowed by default
[STDERR  ] 2017-06-26T18:30:06.85202467Z: [    1.213657] HPET: 3 timers in total, 0 timers will be used for per-cpu timer
[STDERR  ] 2017-06-26T18:30:06.852037106Z: [    1.214331] hpet0: at MMIO 0xfed00000, IRQs 2, 8, 0
[STDERR  ] 2017-06-26T18:30:06.852049001Z: [    1.214779] hpet0: 3 comparators, 64-bit 100.000000 MHz counter
[STDERR  ] 2017-06-26T18:30:06.852060932Z: [    1.219845] clocksource: Switched to clocksource hpet
[STDERR  ] 2017-06-26T18:30:06.85206765Z: [    1.521578] VFS: Disk quotas dquot_6.6.0
[STDERR  ] 2017-06-26T18:30:06.852085689Z: [    1.522266] VFS: Dquot-cache hash table entries: 512 (order 0, 4096 bytes)
[STDERR  ] 2017-06-26T18:30:06.852098309Z: [    1.525027] FS-Cache: Loaded
[STDERR  ] 2017-06-26T18:30:06.852110901Z: [    1.529721] CacheFiles: Loaded
[STDERR  ] 2017-06-26T18:30:06.852117097Z: [    1.531516] pnp: PnP ACPI init
[STDERR  ] 2017-06-26T18:30:06.852136598Z: [    1.543222] pnp: PnP ACPI: found 5 devices
[STDERR  ] 2017-06-26T18:30:06.852143125Z: [    1.595176] clocksource: acpi_pm: mask: 0xffffff max_cycles: 0xffffff, max_idle_ns: 2085701024 ns
[STDERR  ] 2017-06-26T18:30:06.852166515Z: [    1.597869] NET: Registered protocol family 2
[STDERR  ] 2017-06-26T18:30:06.852172322Z: [    1.604932] TCP established hash table entries: 8192 (order: 4, 65536 bytes)
[STDERR  ] 2017-06-26T18:30:06.852198997Z: [    1.605663] TCP bind hash table entries: 8192 (order: 5, 131072 bytes)
[STDERR  ] 2017-06-26T18:30:06.852211677Z: [    1.606324] TCP: Hash tables configured (established 8192 bind 8192)
[STDERR  ] 2017-06-26T18:30:06.852219618Z: [    1.608193] UDP hash table entries: 512 (order: 2, 16384 bytes)
[STDERR  ] 2017-06-26T18:30:06.852238137Z: [    1.608738] UDP-Lite hash table entries: 512 (order: 2, 16384 bytes)
[STDERR  ] 2017-06-26T18:30:06.852244152Z: [    1.611205] NET: Registered protocol family 1
[STDERR  ] 2017-06-26T18:30:06.852263393Z: [    1.612113] pci 0000:00:01.0: Video device with shadowed ROM at [mem 0x000c0000-0x000dffff]
[STDERR  ] 2017-06-26T18:30:06.852270258Z: [    1.618949] Unpacking initramfs...
[STDERR  ] 2017-06-26T18:30:06.85228884Z: [   10.234767] Freeing initrd memory: 42160K (ffff9ca8bd6a4000 - ffff9ca8bffd0000)
[STDERR  ] 2017-06-26T18:30:06.852294815Z: [   10.257065] PCLMULQDQ-NI instructions are not detected.
[STDERR  ] 2017-06-26T18:30:06.852314314Z: [   10.258128] AVX or AES-NI instructions are not detected.
[STDERR  ] 2017-06-26T18:30:06.852333533Z: [   10.258563] CPU feature 'AVX registers' is not supported.
[STDERR  ] 2017-06-26T18:30:06.852340353Z: [   10.258958] CPU feature 'AVX registers' is not supported.
[STDERR  ] 2017-06-26T18:30:06.852358809Z: [   10.259346] CPU feature 'AVX registers' is not supported.
[STDERR  ] 2017-06-26T18:30:06.852375991Z: [   10.259732] CPU feature 'AVX registers' is not supported.
[STDERR  ] 2017-06-26T18:30:06.852388524Z: [   10.260440] AVX2 or AES-NI instructions are not detected.
[STDERR  ] 2017-06-26T18:30:06.852401111Z: [   10.260851] AVX2 instructions are not detected.
[STDERR  ] 2017-06-26T18:30:06.852426364Z: [   10.266016] audit: initializing netlink subsys (disabled)
[STDERR  ] 2017-06-26T18:30:06.852432711Z: [   10.267527] audit: type=2000 audit(1498501791.260:1): initialized
[STDERR  ] 2017-06-26T18:30:06.852452082Z: [   10.275265] workingset: timestamp_bits=46 max_order=18 bucket_order=0
[STDERR  ] 2017-06-26T18:30:06.852464707Z: [   10.281758] FS-Cache: Netfs 'cifs' registered for caching
[STDERR  ] 2017-06-26T18:30:06.852477408Z: [   10.282688] fuse init (API version 7.26)
[STDERR  ] 2017-06-26T18:30:06.852489984Z: [   10.284770] SGI XFS with ACLs, security attributes, no debug enabled
[STDERR  ] 2017-06-26T18:30:06.852496924Z: [   10.288211] 9p: Installing v9fs 9p2000 file system support
[STDERR  ] 2017-06-26T18:30:06.852515231Z: [   10.288698] FS-Cache: Netfs '9p' registered for caching
[STDERR  ] 2017-06-26T18:30:06.852521193Z: [   10.344990] NET: Registered protocol family 38
[STDERR  ] 2017-06-26T18:30:06.852540642Z: [   10.345874] Key type asymmetric registered
[STDERR  ] 2017-06-26T18:30:06.852553278Z: [   10.346421] Asymmetric key parser 'x509' registered
[STDERR  ] 2017-06-26T18:30:06.852565746Z: [   10.347623] Block layer SCSI generic (bsg) driver version 0.4 loaded (major 251)
[STDERR  ] 2017-06-26T18:30:06.852578401Z: [   10.349553] io scheduler noop registered
[STDERR  ] 2017-06-26T18:30:06.852590722Z: [   10.350273] io scheduler deadline registered (default)
[STDERR  ] 2017-06-26T18:30:06.85259764Z: [   10.352567] io scheduler cfq registered
[STDERR  ] 2017-06-26T18:30:06.852613943Z: [   10.356824] pci_hotplug: PCI Hot Plug PCI Core version: 0.5
[STDERR  ] 2017-06-26T18:30:06.852633283Z: [   10.357710] pciehp: PCI Express Hot Plug Controller Driver version: 0.4
[STDERR  ] 2017-06-26T18:30:06.852640117Z: [   10.359042] shpchp: Standard Hot Plug PCI Controller Driver version: 0.4
[STDERR  ] 2017-06-26T18:30:06.852658291Z: [   10.361044] hv_vmbus: registering driver hyperv_fb
[STDERR  ] 2017-06-26T18:30:06.852670735Z: [   10.366356] input: Power Button as /devices/LNXSYSTM:00/LNXPWRBN:00/input/input0
[STDERR  ] 2017-06-26T18:30:06.852676838Z: [   10.368105] ACPI: Power Button [PWRF]
[STDERR  ] 2017-06-26T18:30:06.852696033Z: [   10.376262] GHES: HEST is not enabled!
[STDERR  ] 2017-06-26T18:30:06.852708554Z: [   10.395765] ACPI: PCI Interrupt Link [GSIH] enabled at IRQ 23
[STDERR  ] 2017-06-26T18:30:06.852721112Z: [   10.405695] xenfs: not registering filesystem on non-xen platform
[STDERR  ] 2017-06-26T18:30:06.852733914Z: [   10.407819] Serial: 8250/16550 driver, 4 ports, IRQ sharing disabled
[STDERR  ] 2017-06-26T18:30:06.852746539Z: [   10.433977] 00:04: ttyS0 at I/O 0x3f8 (irq = 4, base_baud = 115200) is a 16550A
[STDERR  ] 2017-06-26T18:30:06.852759182Z: [   10.444213] Non-volatile memory driver v1.3
[STDERR  ] 2017-06-26T18:30:06.85277185Z: [   10.450033] Hangcheck: starting hangcheck timer 0.9.1 (tick is 180 seconds, margin is 60 seconds).
[STDERR  ] 2017-06-26T18:30:06.852784556Z: [   10.455346] random: fast init done
[STDERR  ] 2017-06-26T18:30:06.852797271Z: [   10.456570] random: crng init done
[STDERR  ] 2017-06-26T18:30:06.85281093Z: [   10.490798] loop: module loaded
[STDERR  ] 2017-06-26T18:30:06.852823663Z: [   10.504483] nbd: registered device at major 43
[STDERR  ] 2017-06-26T18:30:06.85283651Z: [   10.546083] lpc_ich 0000:00:1f.0: I/O space for GPIO uninitialized
[STDERR  ] 2017-06-26T18:30:06.85284897Z: [   10.547703] VMware PVSCSI driver - version 1.0.7.0-k
[STDERR  ] 2017-06-26T18:30:06.852866731Z: [   10.548406] hv_vmbus: registering driver hv_storvsc
[STDERR  ] 2017-06-26T18:30:06.85287948Z: [   10.558243] ACPI: PCI Interrupt Link [GSIA] enabled at IRQ 16
[STDERR  ] 2017-06-26T18:30:06.85289207Z: [   10.564468] ahci 0000:00:1f.2: AHCI 0001.0000 32 slots 6 ports 1.5 Gbps 0x3f impl SATA mode
[STDERR  ] 2017-06-26T18:30:06.852908926Z: [   10.565141] ahci 0000:00:1f.2: flags: 64bit ncq only 
[STDERR  ] 2017-06-26T18:30:06.85292178Z: [   10.586363] scsi host0: ahci
[STDERR  ] 2017-06-26T18:30:06.852928885Z: [   10.590076] scsi host1: ahci
[STDERR  ] 2017-06-26T18:30:06.852947797Z: [   10.592514] scsi host2: ahci
[STDERR  ] 2017-06-26T18:30:06.852953772Z: [   10.594644] scsi host3: ahci
[STDERR  ] 2017-06-26T18:30:06.852976749Z: [   10.596796] scsi host4: ahci
[STDERR  ] 2017-06-26T18:30:06.852989292Z: [   10.598858] scsi host5: ahci
[STDERR  ] 2017-06-26T18:30:06.853002002Z: [   10.601270] ata1: SATA max UDMA/133 abar m4096@0xfebf1000 port 0xfebf1100 irq 24
[STDERR  ] 2017-06-26T18:30:06.853008804Z: [   10.601812] ata2: SATA max UDMA/133 abar m4096@0xfebf1000 port 0xfebf1180 irq 24
[STDERR  ] 2017-06-26T18:30:06.85302694Z: [   10.602293] ata3: SATA max UDMA/133 abar m4096@0xfebf1000 port 0xfebf1200 irq 24
[STDERR  ] 2017-06-26T18:30:06.853032996Z: [   10.602767] ata4: SATA max UDMA/133 abar m4096@0xfebf1000 port 0xfebf1280 irq 24
[STDERR  ] 2017-06-26T18:30:06.853056474Z: [   10.603242] ata5: SATA max UDMA/133 abar m4096@0xfebf1000 port 0xfebf1300 irq 24
[STDERR  ] 2017-06-26T18:30:06.85306578Z: [   10.603722] ata6: SATA max UDMA/133 abar m4096@0xfebf1000 port 0xfebf1380 irq 24
[STDERR  ] 2017-06-26T18:30:06.85307898Z: [   10.616480] tun: Universal TUN/TAP device driver, 1.6
[STDERR  ] 2017-06-26T18:30:06.853098509Z: [   10.616843] tun: (C) 1999-2004 Max Krasnyansky <maxk@qualcomm.com>
[STDERR  ] 2017-06-26T18:30:06.853111069Z: [   10.618489] VMware vmxnet3 virtual NIC driver - version 1.4.a.0-k-NAPI
[STDERR  ] 2017-06-26T18:30:06.853123654Z: [   10.619292] hv_vmbus: registering driver hv_netvsc
[STDERR  ] 2017-06-26T18:30:06.853137768Z: [   10.619642] Fusion MPT base driver 3.04.20
[STDERR  ] 2017-06-26T18:30:06.853144681Z: [   10.619920] Copyright (c) 1999-2008 LSI Corporation
[STDERR  ] 2017-06-26T18:30:06.853156413Z: [   10.620810] Fusion MPT SPI Host driver 3.04.20
[STDERR  ] 2017-06-26T18:30:06.853175599Z: [   10.622755] i8042: PNP: PS/2 Controller [PNP0303:KBD,PNP0f13:MOU] at 0x60,0x64 irq 1,12
[STDERR  ] 2017-06-26T18:30:06.853182467Z: [   10.626640] serio: i8042 KBD port at 0x60,0x64 irq 1
[STDERR  ] 2017-06-26T18:30:06.853200928Z: [   10.627219] serio: i8042 AUX port at 0x60,0x64 irq 12
[STDERR  ] 2017-06-26T18:30:06.853206885Z: [   10.630320] hv_vmbus: registering driver hyperv_keyboard
[STDERR  ] 2017-06-26T18:30:06.853226067Z: [   10.632417] mousedev: PS/2 mouse device common for all mice
[STDERR  ] 2017-06-26T18:30:06.853238728Z: [   10.637055] input: AT Translated Set 2 keyboard as /devices/platform/i8042/serio0/input/input1
[STDERR  ] 2017-06-26T18:30:06.85325157Z: [   10.639840] input: PC Speaker as /devices/platform/pcspkr/input/input2
[STDERR  ] 2017-06-26T18:30:06.853264146Z: [   10.643122] rtc_cmos 00:00: RTC can wake from S4
[STDERR  ] 2017-06-26T18:30:06.853276424Z: [   10.646290] rtc_cmos 00:00: rtc core: registered rtc_cmos as rtc0
[STDERR  ] 2017-06-26T18:30:06.853287434Z: [   10.647609] rtc_cmos 00:00: alarms up to one day, y3k, 114 bytes nvram, hpet irqs
[STDERR  ] 2017-06-26T18:30:06.85329914Z: [   10.648295] i2c /dev entries driver
[STDERR  ] 2017-06-26T18:30:06.853318259Z: [   10.650011] device-mapper: ioctl: 4.35.0-ioctl (2016-06-23) initialised: dm-devel@redhat.com
[STDERR  ] 2017-06-26T18:30:06.85333077Z: [   10.654870] usbcore: registered new interface driver usbhid
[STDERR  ] 2017-06-26T18:30:06.853337624Z: [   10.655269] usbhid: USB HID core driver
[STDERR  ] 2017-06-26T18:30:06.853355678Z: [   10.655858] hv_utils: Registering HyperV Utility Driver
[STDERR  ] 2017-06-26T18:30:06.853361529Z: [   10.656219] hv_vmbus: registering driver hv_util
[STDERR  ] 2017-06-26T18:30:06.853380695Z: [   10.656535] hv_vmbus: registering driver hv_balloon
[STDERR  ] 2017-06-26T18:30:06.853392364Z: [   10.657019] oprofile: using NMI interrupt.
[STDERR  ] 2017-06-26T18:30:06.85340776Z: [   10.658017] GACT probability on
[STDERR  ] 2017-06-26T18:30:06.85343004Z: [   10.658433] Mirror/redirect action on
[STDERR  ] 2017-06-26T18:30:06.853442653Z: [   10.659208] Simple TC action Loaded
[STDERR  ] 2017-06-26T18:30:06.853454763Z: [   10.659739] u32 classifier
[STDERR  ] 2017-06-26T18:30:06.853466948Z: [   10.659945]     Performance counters on
[STDERR  ] 2017-06-26T18:30:06.853483297Z: [   10.660447]     input device check on
[STDERR  ] 2017-06-26T18:30:06.853495753Z: [   10.660711]     Actions configured
[STDERR  ] 2017-06-26T18:30:06.853507649Z: [   10.661299] Netfilter messages via NETLINK v0.30.
[STDERR  ] 2017-06-26T18:30:06.853519699Z: [   10.661806] nfnl_acct: registering with nfnetlink.
[STDERR  ] 2017-06-26T18:30:06.853532534Z: [   10.663469] nf_conntrack version 0.5.0 (8192 buckets, 32768 max)
[STDERR  ] 2017-06-26T18:30:06.853545139Z: [   10.666335] ctnetlink v0.93: registering with nfnetlink.
[STDERR  ] 2017-06-26T18:30:06.853556871Z: [   10.669311] nf_tables: (c) 2007-2009 Patrick McHardy <kaber@trash.net>
[STDERR  ] 2017-06-26T18:30:06.853569268Z: [   10.670385] nf_tables_compat: (c) 2012 Pablo Neira Ayuso <pablo@netfilter.org>
[STDERR  ] 2017-06-26T18:30:06.853580822Z: [   10.672653] xt_time: kernel timezone is -0000
[STDERR  ] 2017-06-26T18:30:06.853593173Z: [   10.673145] ip_set: protocol 6
[STDERR  ] 2017-06-26T18:30:06.853605845Z: [   10.673733] IPVS: Registered protocols (TCP, UDP, SCTP, AH, ESP)
[STDERR  ] 2017-06-26T18:30:06.853612879Z: [   10.674319] IPVS: Connection hash table configured (size=4096, memory=64Kbytes)
[STDERR  ] 2017-06-26T18:30:06.853631057Z: [   10.675921] IPVS: Creating netns size=2104 id=0
[STDERR  ] 2017-06-26T18:30:06.853637182Z: [   10.676767] IPVS: ipvs loaded.
[STDERR  ] 2017-06-26T18:30:06.853656155Z: [   10.677077] IPVS: [rr] scheduler registered.
[STDERR  ] 2017-06-26T18:30:06.853668643Z: [   10.677403] IPVS: [wrr] scheduler registered.
[STDERR  ] 2017-06-26T18:30:06.853675269Z: [   10.677704] IPVS: [lc] scheduler registered.
[STDERR  ] 2017-06-26T18:30:06.853686617Z: [   10.677995] IPVS: [wlc] scheduler registered.
[STDERR  ] 2017-06-26T18:30:06.853707446Z: [   10.678293] IPVS: [fo] scheduler registered.
[STDERR  ] 2017-06-26T18:30:06.853719408Z: [   10.678585] IPVS: [ovf] scheduler registered.
[STDERR  ] 2017-06-26T18:30:06.853731528Z: [   10.679054] IPVS: [lblc] scheduler registered.
[STDERR  ] 2017-06-26T18:30:06.853738081Z: [   10.679455] IPVS: [lblcr] scheduler registered.
[STDERR  ] 2017-06-26T18:30:06.853755181Z: [   10.679779] IPVS: [dh] scheduler registered.
[STDERR  ] 2017-06-26T18:30:06.853761001Z: [   10.680083] IPVS: [sh] scheduler registered.
[STDERR  ] 2017-06-26T18:30:06.853778403Z: [   10.680707] IPVS: [sed] scheduler registered.
[STDERR  ] 2017-06-26T18:30:06.853790362Z: [   10.681015] IPVS: [nq] scheduler registered.
[STDERR  ] 2017-06-26T18:30:06.853797188Z: [   10.681673] IPVS: ftp: loaded support on port[0] = 21
[STDERR  ] 2017-06-26T18:30:06.853822445Z: [   10.682532] ipip: IPv4 and MPLS over IPv4 tunneling driver
[STDERR  ] 2017-06-26T18:30:06.853834777Z: [   10.686691] gre: GRE over IPv4 demultiplexor driver
[STDERR  ] 2017-06-26T18:30:06.853846564Z: [   10.688661] ip_tables: (C) 2000-2006 Netfilter Core Team
[STDERR  ] 2017-06-26T18:30:06.853858807Z: [   10.691852] ipt_CLUSTERIP: ClusterIP Version 0.8 loaded successfully
[STDERR  ] 2017-06-26T18:30:06.853871215Z: [   10.692492] arp_tables: arp_tables: (C) 2002 David S. Miller
[STDERR  ] 2017-06-26T18:30:06.85387741Z: [   10.694537] NET: Registered protocol family 10
[STDERR  ] 2017-06-26T18:30:06.853896303Z: [   10.703083] ip6_tables: (C) 2000-2006 Netfilter Core Team
[STDERR  ] 2017-06-26T18:30:06.853915558Z: [   10.710460] NET: Registered protocol family 17
[STDERR  ] 2017-06-26T18:30:06.853929296Z: [   10.711460] Bridge firewalling registered
[STDERR  ] 2017-06-26T18:30:06.85394186Z: [   10.711956] Ebtables v2.0 registered
[STDERR  ] 2017-06-26T18:30:06.853961922Z: [   10.713279] 8021q: 802.1Q VLAN Support v1.8
[STDERR  ] 2017-06-26T18:30:06.85397467Z: [   10.714632] 9pnet: Installing 9P2000 support
[STDERR  ] 2017-06-26T18:30:06.853986651Z: [   10.715965] Key type dns_resolver registered
[STDERR  ] 2017-06-26T18:30:06.854009239Z: [   10.716736] microcode: AMD CPU family 0x6 not supported
[STDERR  ] 2017-06-26T18:30:06.854021546Z: [   10.720456] registered taskstats version 1
[STDERR  ] 2017-06-26T18:30:06.854033693Z: [   10.866624] Key type big_key registered
[STDERR  ] 2017-06-26T18:30:06.854050907Z: [   10.919928] Key type encrypted registered
[STDERR  ] 2017-06-26T18:30:06.854064696Z: [   10.924461] rtc_cmos 00:00: setting system clock to 2017-06-26 18:29:52 UTC (1498501792)
[STDERR  ] 2017-06-26T18:30:06.854077785Z: [   10.931325] ata2: SATA link down (SStatus 0 SControl 300)
[STDERR  ] 2017-06-26T18:30:06.854090533Z: [   10.933137] ata1: SATA link down (SStatus 0 SControl 300)
[STDERR  ] 2017-06-26T18:30:06.854102904Z: [   10.942007] ata5: SATA link down (SStatus 0 SControl 300)
[STDERR  ] 2017-06-26T18:30:06.854114733Z: [   10.942495] ata4: SATA link down (SStatus 0 SControl 300)
[STDERR  ] 2017-06-26T18:30:06.854127244Z: [   10.943200] ata3: SATA link up 1.5 Gbps (SStatus 113 SControl 300)
[STDERR  ] 2017-06-26T18:30:06.854139942Z: [   10.946574] ata3.00: ATAPI: QEMU DVD-ROM, 2.5+, max UDMA/100
[STDERR  ] 2017-06-26T18:30:06.854153007Z: [   10.947061] ata3.00: applying bridge limits
[STDERR  ] 2017-06-26T18:30:06.854166197Z: [   10.948722] ata3.00: configured for UDMA/100
[STDERR  ] 2017-06-26T18:30:06.854178203Z: [   10.951941] ata6: SATA link down (SStatus 0 SControl 300)
[STDERR  ] 2017-06-26T18:30:06.85419177Z: [   10.961894] scsi 2:0:0:0: CD-ROM            QEMU     QEMU DVD-ROM     2.5+ PQ: 0 ANSI: 5
[STDERR  ] 2017-06-26T18:30:06.854204104Z: [   10.983177] sr 2:0:0:0: [sr0] scsi3-mmc drive: 4x/4x cd/rw xa/form2 tray
[STDERR  ] 2017-06-26T18:30:06.854216711Z: [   10.983798] cdrom: Uniform CD-ROM driver Revision: 3.20
[STDERR  ] 2017-06-26T18:30:06.854229786Z: [   10.989647] sr 2:0:0:0: Attached scsi generic sg0 type 5
[STDERR  ] 2017-06-26T18:30:06.854242668Z: [   11.124337] Freeing unused kernel memory: 1372K (ffffffffbdd50000 - ffffffffbdea7000)
[STDERR  ] 2017-06-26T18:30:06.854255694Z: [   11.124934] Write protecting the kernel read-only data: 12288k
[STDERR  ] 2017-06-26T18:30:06.854268462Z: [   11.131200] Freeing unused kernel memory: 156K (ffff9ca88e7d9000 - ffff9ca88e800000)
[STDERR  ] 2017-06-26T18:30:06.854280984Z: [   11.222929] Freeing unused kernel memory: 1404K (ffff9ca88eaa1000 - ffff9ca88ec00000)
[STDERR  ] 2017-06-26T18:30:06.854293709Z: [   11.280975] tsc: Refined TSC clocksource calibration: 2299.966 MHz
[STDERR  ] 2017-06-26T18:30:06.854307205Z: [   11.281496] clocksource: tsc: mask: 0xffffffffffffffff max_cycles: 0x212714eedda, max_idle_ns: 440795263294 ns
[STDERR  ] 2017-06-26T18:30:06.854320624Z: [   12.300704] clocksource: Switched to clocksource tsc
[STDERR  ] 2017-06-26T18:30:06.854333572Z: [   16.761287] e1000: Intel(R) PRO/1000 Network Driver - version 7.3.21-k8-NAPI
[STDERR  ] 2017-06-26T18:30:06.854346798Z: [   16.761802] e1000: Copyright (c) 1999-2006 Intel Corporation.
[STDERR  ] 2017-06-26T18:30:06.854353275Z: [   16.769095] ACPI: PCI Interrupt Link [GSIG] enabled at IRQ 22
[STDERR  ] 2017-06-26T18:30:06.854378674Z: [   17.146655] e1000 0000:00:02.0 eth0: (PCI:33MHz:32-bit) 52:54:00:12:34:56
[STDERR  ] 2017-06-26T18:30:06.854385506Z: [   17.147373] e1000 0000:00:02.0 eth0: Intel(R) PRO/1000 Network Connection
[STDERR  ] 2017-06-26T18:30:06.854412052Z: 
[STDERR  ] 2017-06-26T18:30:06.854425568Z: Starting containerd
[STDERR  ] 2017-06-26T18:30:06.854438605Z: 
[STDERR  ] 2017-06-26T18:30:06.854445715Z: Welcome to LinuxKit
[STDERR  ] 2017-06-26T18:30:06.854458185Z: 
[STDERR  ] 2017-06-26T18:30:06.854477294Z:                         ##         .
[STDERR  ] 2017-06-26T18:30:06.854490525Z:                   ## ## ##        ==
[STDERR  ] 2017-06-26T18:30:06.854504085Z:                ## ## ## ## ##    ===
[STDERR  ] 2017-06-26T18:30:06.85451679Z:            /"""""""""""""""""\___/ ===
[STDERR  ] 2017-06-26T18:30:06.854530182Z:       ~~~ {~~ ~~~~ ~~~ ~~~~ ~~~ ~ /  ===- ~~~
[STDERR  ] 2017-06-26T18:30:06.854543281Z:            \______ o           __/
[STDERR  ] 2017-06-26T18:30:06.854563028Z:              \    \         __/
[STDERR  ] 2017-06-26T18:30:06.854569804Z:               \____\_______/
[STDERR  ] 2017-06-26T18:30:06.854590147Z: 
[STDERR  ] 2017-06-26T18:30:06.854603511Z: [34mINFO[0m[0000] starting containerd boot...                   [34mmodule[0m=containerd
[STDERR  ] 2017-06-26T18:30:06.854621567Z: [34mINFO[0m[0000] loading plugin "io.containerd.content.v1.content"...  [34mmodule[0m=containerd [34mtype[0m=io.containerd.content.v1
[STDERR  ] 2017-06-26T18:30:06.854635164Z: [34mINFO[0m[0000] skip loading plugin "io.containerd.snapshotter.v1.btrfs"...  [34mmodule[0m=containerd [34mtype[0m=io.containerd.snapshotter.v1
[STDERR  ] 2017-06-26T18:30:06.854641961Z: [34mINFO[0m[0000] loading plugin "io.containerd.snapshotter.v1.overlayfs"...  [34mmodule[0m=containerd [34mtype[0m=io.containerd.snapshotter.v1
[STDERR  ] 2017-06-26T18:30:06.854668944Z: [34mINFO[0m[0000] loading plugin "io.containerd.differ.v1.base-diff"...  [34mmodule[0m=containerd [34mtype[0m=io.containerd.differ.v1
[STDERR  ] 2017-06-26T18:30:06.854676807Z: [34mINFO[0m[0000] loading plugin "io.containerd.metadata.v1.bolt"...  [34mmodule[0m=containerd [34mtype[0m=io.containerd.metadata.v1
[STDERR  ] 2017-06-26T18:30:06.854689129Z: [34mINFO[0m[0000] loading plugin "io.containerd.grpc.v1.containers"...  [34mmodule[0m=containerd [34mtype[0m=io.containerd.grpc.v1
[STDERR  ] 2017-06-26T18:30:06.854708211Z: [34mINFO[0m[0000] loading plugin "io.containerd.grpc.v1.content"...  [34mmodule[0m=containerd [34mtype[0m=io.containerd.grpc.v1
[STDERR  ] 2017-06-26T18:30:06.854721983Z: [34mINFO[0m[0000] loading plugin "io.containerd.grpc.v1.diff"...  [34mmodule[0m=containerd [34mtype[0m=io.containerd.grpc.v1
[STDERR  ] 2017-06-26T18:30:06.854741502Z: [34mINFO[0m[0000] loading plugin "io.containerd.grpc.v1.events"...  [34mmodule[0m=containerd [34mtype[0m=io.containerd.grpc.v1
[STDERR  ] 2017-06-26T18:30:06.854754795Z: [34mINFO[0m[0000] loading plugin "io.containerd.grpc.v1.healthcheck"...  [34mmodule[0m=containerd [34mtype[0m=io.containerd.grpc.v1
[STDERR  ] 2017-06-26T18:30:06.854761877Z: [34mINFO[0m[0000] loading plugin "io.containerd.grpc.v1.images"...  [34mmodule[0m=containerd [34mtype[0m=io.containerd.grpc.v1
[STDERR  ] 2017-06-26T18:30:06.854787462Z: [34mINFO[0m[0000] loading plugin "io.containerd.grpc.v1.namespaces"...  [34mmodule[0m=containerd [34mtype[0m=io.containerd.grpc.v1
[STDERR  ] 2017-06-26T18:30:06.854793511Z: [34mINFO[0m[0000] loading plugin "io.containerd.grpc.v1.snapshots"...  [34mmodule[0m=containerd [34mtype[0m=io.containerd.grpc.v1
[STDERR  ] 2017-06-26T18:30:06.854815012Z: [34mINFO[0m[0000] loading plugin "io.containerd.monitor.v1.cgroups"...  [34mmodule[0m=containerd [34mtype[0m=io.containerd.monitor.v1
[STDERR  ] 2017-06-26T18:30:06.854827969Z: [34mINFO[0m[0000] loading plugin "io.containerd.runtime.v1.linux"...  [34mmodule[0m=containerd [34mtype[0m=io.containerd.runtime.v1
[STDERR  ] 2017-06-26T18:30:06.854840359Z: [34mINFO[0m[0000] loading plugin "io.containerd.grpc.v1.tasks"...  [34mmodule[0m=containerd [34mtype[0m=io.containerd.grpc.v1
[STDERR  ] 2017-06-26T18:30:06.854859927Z: [34mINFO[0m[0000] loading plugin "io.containerd.grpc.v1.version"...  [34mmodule[0m=containerd [34mtype[0m=io.containerd.grpc.v1
[STDERR  ] 2017-06-26T18:30:06.854872829Z: [34mINFO[0m[0000] serving...                                    [34maddress[0m="/run/containerd/debug.sock" [34mmodule[0m="containerd/debug"
[STDERR  ] 2017-06-26T18:30:06.854879072Z: [34mINFO[0m[0000] serving...                                    [34maddress[0m="/run/containerd/containerd.sock" [34mmodule[0m="containerd/grpc"
[STDERR  ] 2017-06-26T18:30:06.854899762Z: [34mINFO[0m[0000] containerd successfully booted in 0.167542s   [34mmodule[0m=containerd
[STDERR  ] 2017-06-26T18:30:06.854912793Z: Linux linuxkit-525400123456 4.9.33-linuxkit #1 SMP Thu Jun 22 19:57:24 UTC 2017 x86_64 Linux
[STDERR  ] 2017-06-26T18:30:06.854930981Z: filename:       hello_world.ko
[STDERR  ] 2017-06-26T18:30:06.854937946Z: author:         Rolf Neugebauer <rolf.neugebauer@docker.com>
[STDERR  ] 2017-06-26T18:30:06.854949585Z: description:    A simple Hello World kernel module for testing
[STDERR  ] 2017-06-26T18:30:06.854969311Z: license:        GPL
[STDERR  ] 2017-06-26T18:30:06.854986702Z: depends:        
[STDERR  ] 2017-06-26T18:30:06.855000781Z: vermagic:       4.9.33-linuxkit SMP mod_unload 
[STDERR  ] 2017-06-26T18:30:06.855013683Z: [   19.952428] hello_world: loading out-of-tree module taints kernel.
[STDERR  ] 2017-06-26T18:30:06.855021035Z: [   19.954599] Hello LinuxKit
[STDERR  ] 2017-06-26T18:30:06.855039595Z: [   20.045332] Goodbye LinuxKit.
[STDERR  ] 2017-06-26T18:30:06.855053022Z: Kernel module test suite PASSED
[STDERR  ] 2017-06-26T18:30:06.85506616Z:  - 000-check
[STDERR  ] 2017-06-26T18:30:06.855084598Z: [   24.839923] ACPI: Preparing to enter system sleep state S5
[STDERR  ] 2017-06-26T18:30:06.85509792Z: [   24.841435] reboot: Power down
[STDERR  ] 2017-06-26T18:30:06.855104458Z: + grep -q Hello LinuxKit
[STDERR  ] 2017-06-26T18:30:06.855123868Z: + echo [    0.000000] Linux version 4.9.33-linuxkit (root@b147ce67977e) (gcc version 6.3.0 (Alpine 6.3.0) ) #1 SMP Thu Jun 22 19:57:24 UTC 2017
[STDERR  ] 2017-06-26T18:30:06.855130838Z: [    0.000000] Command line: console=ttyS0
[STDERR  ] 2017-06-26T18:30:06.855149291Z: [    0.000000] x86/fpu: Legacy x87 FPU detected.
[STDERR  ] 2017-06-26T18:30:06.855162336Z: [    0.000000] x86/fpu: Using 'eager' FPU context switches.
[STDERR  ] 2017-06-26T18:30:06.855174866Z: [    0.000000] e820: BIOS-provided physical RAM map:
[STDERR  ] 2017-06-26T18:30:06.855180996Z: [    0.000000] BIOS-e820: [mem 0x0000000000000000-0x000000000009fbff] usable
[STDERR  ] 2017-06-26T18:30:06.855199613Z: [    0.000000] BIOS-e820: [mem 0x000000000009fc00-0x000000000009ffff] reserved
[STDERR  ] 2017-06-26T18:30:06.855212554Z: [    0.000000] BIOS-e820: [mem 0x00000000000f0000-0x00000000000fffff] reserved
[STDERR  ] 2017-06-26T18:30:06.855225956Z: [    0.000000] BIOS-e820: [mem 0x0000000000100000-0x000000003ffdefff] usable
[STDERR  ] 2017-06-26T18:30:06.855238902Z: [    0.000000] BIOS-e820: [mem 0x000000003ffdf000-0x000000003fffffff] reserved
[STDERR  ] 2017-06-26T18:30:06.855251458Z: [    0.000000] BIOS-e820: [mem 0x00000000b0000000-0x00000000bfffffff] reserved
[STDERR  ] 2017-06-26T18:30:06.855264368Z: [    0.000000] BIOS-e820: [mem 0x00000000fed1c000-0x00000000fed1ffff] reserved
[STDERR  ] 2017-06-26T18:30:06.855277221Z: [    0.000000] BIOS-e820: [mem 0x00000000fffc0000-0x00000000ffffffff] reserved
[STDERR  ] 2017-06-26T18:30:06.855283778Z: [    0.000000] NX (Execute Disable) protection: active
[STDERR  ] 2017-06-26T18:30:06.855295685Z: [    0.000000] SMBIOS 2.8 present.
[STDERR  ] 2017-06-26T18:30:06.855315461Z: [    0.000000] e820: last_pfn = 0x3ffdf max_arch_pfn = 0x400000000
[STDERR  ] 2017-06-26T18:30:06.855327818Z: [    0.000000] x86/PAT: Configuration [0-7]: WB  WC  UC- UC  WB  WC  UC- WT  
[STDERR  ] 2017-06-26T18:30:06.855340284Z: [    0.000000] found SMP MP-table at [mem 0x000f6aa0-0x000f6aaf] mapped at [ffff9ca8800f6aa0]
[STDERR  ] 2017-06-26T18:30:06.855352774Z: [    0.000000] RAMDISK: [mem 0x3d6a4000-0x3ffcffff]
[STDERR  ] 2017-06-26T18:30:06.855371413Z: [    0.000000] ACPI: Early table checksum verification disabled
[STDERR  ] 2017-06-26T18:30:06.855385423Z: [    0.000000] ACPI: RSDP 0x00000000000F68C0 000014 (v00 BOCHS )
[STDERR  ] 2017-06-26T18:30:06.855398306Z: [    0.000000] ACPI: RSDT 0x000000003FFE2404 000034 (v01 BOCHS  BXPCRSDT 00000001 BXPC 00000001)
[STDERR  ] 2017-06-26T18:30:06.855411091Z: [    0.000000] ACPI: FACP 0x000000003FFE22A4 000074 (v01 BOCHS  BXPCFACP 00000001 BXPC 00000001)
[STDERR  ] 2017-06-26T18:30:06.855424027Z: [    0.000000] ACPI: DSDT 0x000000003FFE0040 002264 (v01 BOCHS  BXPCDSDT 00000001 BXPC 00000001)
[STDERR  ] 2017-06-26T18:30:06.855441458Z: [    0.000000] ACPI: FACS 0x000000003FFE0000 000040
[STDERR  ] 2017-06-26T18:30:06.855448757Z: [    0.000000] ACPI: APIC 0x000000003FFE2318 000078 (v01 BOCHS  BXPCAPIC 00000001 BXPC 00000001)
[STDERR  ] 2017-06-26T18:30:06.855474387Z: [    0.000000] ACPI: HPET 0x000000003FFE2390 000038 (v01 BOCHS  BXPCHPET 00000001 BXPC 00000001)
[STDERR  ] 2017-06-26T18:30:06.855480518Z: [    0.000000] ACPI: MCFG 0x000000003FFE23C8 00003C (v01 BOCHS  BXPCMCFG 00000001 BXPC 00000001)
[STDERR  ] 2017-06-26T18:30:06.855504718Z: [    0.000000] Zone ranges:
[STDERR  ] 2017-06-26T18:30:06.855523502Z: [    0.000000]   DMA      [mem 0x0000000000001000-0x0000000000ffffff]
[STDERR  ] 2017-06-26T18:30:06.855536737Z: [    0.000000]   DMA32    [mem 0x0000000001000000-0x000000003ffdefff]
[STDERR  ] 2017-06-26T18:30:06.855550183Z: [    0.000000]   Normal   empty
[STDERR  ] 2017-06-26T18:30:06.855562523Z: [    0.000000] Movable zone start for each node
[STDERR  ] 2017-06-26T18:30:06.855575179Z: [    0.000000] Early memory node ranges
[STDERR  ] 2017-06-26T18:30:06.855588288Z: [    0.000000]   node   0: [mem 0x0000000000001000-0x000000000009efff]
[STDERR  ] 2017-06-26T18:30:06.855600583Z: [    0.000000]   node   0: [mem 0x0000000000100000-0x000000003ffdefff]
[STDERR  ] 2017-06-26T18:30:06.855613252Z: [    0.000000] Initmem setup node 0 [mem 0x0000000000001000-0x000000003ffdefff]
[STDERR  ] 2017-06-26T18:30:06.855619956Z: [    0.000000] ACPI: PM-Timer IO Port: 0x608
[STDERR  ] 2017-06-26T18:30:06.855642611Z: [    0.000000] ACPI: LAPIC_NMI (acpi_id[0xff] dfl dfl lint[0x1])
[STDERR  ] 2017-06-26T18:30:06.855660092Z: [    0.000000] IOAPIC[0]: apic_id 0, version 32, address 0xfec00000, GSI 0-23
[STDERR  ] 2017-06-26T18:30:06.855666427Z: [    0.000000] ACPI: INT_SRC_OVR (bus 0 bus_irq 0 global_irq 2 dfl dfl)
[STDERR  ] 2017-06-26T18:30:06.855685764Z: [    0.000000] ACPI: INT_SRC_OVR (bus 0 bus_irq 5 global_irq 5 high level)
[STDERR  ] 2017-06-26T18:30:06.855698203Z: [    0.000000] ACPI: INT_SRC_OVR (bus 0 bus_irq 9 global_irq 9 high level)
[STDERR  ] 2017-06-26T18:30:06.855711375Z: [    0.000000] ACPI: INT_SRC_OVR (bus 0 bus_irq 10 global_irq 10 high level)
[STDERR  ] 2017-06-26T18:30:06.855724042Z: [    0.000000] ACPI: INT_SRC_OVR (bus 0 bus_irq 11 global_irq 11 high level)
[STDERR  ] 2017-06-26T18:30:06.855736689Z: [    0.000000] Using ACPI (MADT) for SMP configuration information
[STDERR  ] 2017-06-26T18:30:06.855743193Z: [    0.000000] ACPI: HPET id: 0x8086a201 base: 0xfed00000
[STDERR  ] 2017-06-26T18:30:06.855761549Z: [    0.000000] smpboot: Allowing 1 CPUs, 0 hotplug CPUs
[STDERR  ] 2017-06-26T18:30:06.855773667Z: [    0.000000] e820: [mem 0x40000000-0xafffffff] available for PCI devices
[STDERR  ] 2017-06-26T18:30:06.855786172Z: [    0.000000] Booting paravirtualized kernel on bare hardware
[STDERR  ] 2017-06-26T18:30:06.855799755Z: [    0.000000] clocksource: refined-jiffies: mask: 0xffffffff max_cycles: 0xffffffff, max_idle_ns: 19112604462750000 ns
[STDERR  ] 2017-06-26T18:30:06.855813314Z: [    0.000000] setup_percpu: NR_CPUS:128 nr_cpumask_bits:128 nr_cpu_ids:1 nr_node_ids:1
[STDERR  ] 2017-06-26T18:30:06.855826347Z: [    0.000000] percpu: Embedded 35 pages/cpu @ffff9ca8bd400000 s105112 r8192 d30056 u2097152
[STDERR  ] 2017-06-26T18:30:06.855832581Z: [    0.000000] Built 1 zonelists in Zone order, mobility grouping on.  Total pages: 257896
[STDERR  ] 2017-06-26T18:30:06.85585818Z: [    0.000000] Kernel command line: console=ttyS0
[STDERR  ] 2017-06-26T18:30:06.855870821Z: [    0.000000] PID hash table entries: 4096 (order: 3, 32768 bytes)
[STDERR  ] 2017-06-26T18:30:06.855884338Z: [    0.000000] Dentry cache hash table entries: 131072 (order: 8, 1048576 bytes)
[STDERR  ] 2017-06-26T18:30:06.855897466Z: [    0.000000] Inode-cache hash table entries: 65536 (order: 7, 524288 bytes)
[STDERR  ] 2017-06-26T18:30:06.855911115Z: [    0.000000] Memory: 972052K/1048052K available (8023K kernel code, 1336K rwdata, 2692K rodata, 1372K init, 564K bss, 76000K reserved, 0K cma-reserved)
[STDERR  ] 2017-06-26T18:30:06.855918515Z: [    0.000000] Hierarchical RCU implementation.
[STDERR  ] 2017-06-26T18:30:06.855930037Z: [    0.000000] 	Build-time adjustment of leaf fanout to 64.
[STDERR  ] 2017-06-26T18:30:06.855957332Z: [    0.000000] 	RCU restricting CPUs from NR_CPUS=128 to nr_cpu_ids=1.
[STDERR  ] 2017-06-26T18:30:06.855964097Z: [    0.000000] RCU: Adjusting geometry for rcu_fanout_leaf=64, nr_cpu_ids=1
[STDERR  ] 2017-06-26T18:30:06.85597606Z: [    0.000000] NR_IRQS:8448 nr_irqs:256 16
[STDERR  ] 2017-06-26T18:30:06.85600027Z: [    0.000000] Console: colour VGA+ 80x25
[STDERR  ] 2017-06-26T18:30:06.856013441Z: [    0.000000] console [ttyS0] enabled
[STDERR  ] 2017-06-26T18:30:06.856026189Z: [    0.000000] clocksource: hpet: mask: 0xffffffff max_cycles: 0xffffffff, max_idle_ns: 19112604467 ns
[STDERR  ] 2017-06-26T18:30:06.856039334Z: [    0.000000] tsc: Fast TSC calibration using PIT
[STDERR  ] 2017-06-26T18:30:06.856052669Z: [    0.000000] tsc: Detected 2300.138 MHz processor
[STDERR  ] 2017-06-26T18:30:06.85605949Z: [    0.020460] Calibrating delay loop (skipped), value calculated using timer frequency.. 4600.27 BogoMIPS (lpj=23001380)
[STDERR  ] 2017-06-26T18:30:06.856072222Z: [    0.021462] pid_max: default: 32768 minimum: 301
[STDERR  ] 2017-06-26T18:30:06.856099466Z: [    0.022266] ACPI: Core revision 20160831
[STDERR  ] 2017-06-26T18:30:06.856112853Z: [    0.068274] ACPI: 1 ACPI AML tables successfully acquired and loaded
[STDERR  ] 2017-06-26T18:30:06.856121708Z: [    0.071580] Security Framework initialized
[STDERR  ] 2017-06-26T18:30:06.856139504Z: [    0.071960] Yama: becoming mindful.
[STDERR  ] 2017-06-26T18:30:06.856146218Z: [    0.073918] Mount-cache hash table entries: 2048 (order: 2, 16384 bytes)
[STDERR  ] 2017-06-26T18:30:06.856165971Z: [    0.074443] Mountpoint-cache hash table entries: 2048 (order: 2, 16384 bytes)
[STDERR  ] 2017-06-26T18:30:06.856172866Z: [    0.093535] Last level iTLB entries: 4KB 0, 2MB 0, 4MB 0
[STDERR  ] 2017-06-26T18:30:06.856191509Z: [    0.093972] Last level dTLB entries: 4KB 0, 2MB 0, 4MB 0, 1GB 0
[STDERR  ] 2017-06-26T18:30:06.856204589Z: [    0.395638] Freeing SMP alternatives memory: 20K (ffffffffbdea7000 - ffffffffbdeac000)
[STDERR  ] 2017-06-26T18:30:06.856217631Z: [    0.404452] ftrace: allocating 35395 entries in 139 pages
[STDERR  ] 2017-06-26T18:30:06.85622922Z: [    0.566367] smpboot: Max logical packages: 1
[STDERR  ] 2017-06-26T18:30:06.856249344Z: [    0.572353] ..TIMER: vector=0x30 apic1=0 pin1=2 apic2=-1 pin2=-1
[STDERR  ] 2017-06-26T18:30:06.856279423Z: [    0.680000] smpboot: CPU0: AMD QEMU Virtual CPU version 2.5+ (family: 0x6, model: 0x6, stepping: 0x3)
[STDERR  ] 2017-06-26T18:30:06.85630458Z: [    0.680000] Performance Events: PMU not available due to virtualization, using software events only.
[STDERR  ] 2017-06-26T18:30:06.856323064Z: [    0.686578] NMI watchdog: disabled (cpu0): hardware events not enabled
[STDERR  ] 2017-06-26T18:30:06.856340772Z: [    0.687037] NMI watchdog: Shutting down hard lockup detector on all cpus
[STDERR  ] 2017-06-26T18:30:06.856351716Z: [    0.689705] x86: Booted up 1 node, 1 CPUs
[STDERR  ] 2017-06-26T18:30:06.856371205Z: [    0.690111] smpboot: Total of 1 processors activated (4600.27 BogoMIPS)
[STDERR  ] 2017-06-26T18:30:06.856378392Z: [    0.704423] devtmpfs: initialized
[STDERR  ] 2017-06-26T18:30:06.85639158Z: [    0.708929] x86/mm: Memory block size: 128MB
[STDERR  ] 2017-06-26T18:30:06.856411394Z: [    0.772931] clocksource: jiffies: mask: 0xffffffff max_cycles: 0xffffffff, max_idle_ns: 19112604462750000 ns
[STDERR  ] 2017-06-26T18:30:06.85642395Z: [    0.773769] futex hash table entries: 256 (order: 2, 16384 bytes)
[STDERR  ] 2017-06-26T18:30:06.856437461Z: [    0.782617] NET: Registered protocol family 16
[STDERR  ] 2017-06-26T18:30:06.856444494Z: [    0.791748] cpuidle: using governor ladder
[STDERR  ] 2017-06-26T18:30:06.856462371Z: [    0.792178] cpuidle: using governor menu
[STDERR  ] 2017-06-26T18:30:06.856482658Z: [    0.793203] ACPI: bus type PCI registered
[STDERR  ] 2017-06-26T18:30:06.856489467Z: [    0.795896] PCI: MMCONFIG for domain 0000 [bus 00-ff] at [mem 0xb0000000-0xbfffffff] (base 0xb0000000)
[STDERR  ] 2017-06-26T18:30:06.856507976Z: [    0.796658] PCI: MMCONFIG at [mem 0xb0000000-0xbfffffff] reserved in E820
[STDERR  ] 2017-06-26T18:30:06.856519259Z: [    0.797915] PCI: Using configuration type 1 for base access
[STDERR  ] 2017-06-26T18:30:06.85653941Z: [    0.854230] HugeTLB registered 2 MB page size, pre-allocated 0 pages
[STDERR  ] 2017-06-26T18:30:06.856554576Z: [    0.864103] ACPI: Added _OSI(Module Device)
[STDERR  ] 2017-06-26T18:30:06.856572152Z: [    0.864428] ACPI: Added _OSI(Processor Device)
[STDERR  ] 2017-06-26T18:30:06.856585832Z: [    0.864728] ACPI: Added _OSI(3.0 _SCP Extensions)
[STDERR  ] 2017-06-26T18:30:06.856592528Z: [    0.865039] ACPI: Added _OSI(Processor Aggregator Device)
[STDERR  ] 2017-06-26T18:30:06.856611892Z: [    0.937639] ACPI: Interpreter enabled
[STDERR  ] 2017-06-26T18:30:06.856624591Z: [    0.938405] ACPI: (supports S0 S5)
[STDERR  ] 2017-06-26T18:30:06.85663731Z: [    0.938700] ACPI: Using IOAPIC for interrupt routing
[STDERR  ] 2017-06-26T18:30:06.856643421Z: [    0.940574] PCI: Using host bridge windows from ACPI; if necessary, use "pci=nocrs" and report a bug
[STDERR  ] 2017-06-26T18:30:06.856662264Z: [    1.004800] ACPI: PCI Root Bridge [PCI0] (domain 0000 [bus 00-ff])
[STDERR  ] 2017-06-26T18:30:06.856674464Z: [    1.005694] acpi PNP0A08:00: _OSC: OS supports [ExtendedConfig ASPM ClockPM Segments MSI]
[STDERR  ] 2017-06-26T18:30:06.856687355Z: [    1.011418] acpi PNP0A08:00: _OSC: OS now controls [PCIeHotplug PME PCIeCapability]
[STDERR  ] 2017-06-26T18:30:06.856700112Z: [    1.014883] PCI host bridge to bus 0000:00
[STDERR  ] 2017-06-26T18:30:06.856713541Z: [    1.015307] pci_bus 0000:00: root bus resource [io  0x0000-0x0cf7 window]
[STDERR  ] 2017-06-26T18:30:06.856720619Z: [    1.015776] pci_bus 0000:00: root bus resource [io  0x0d00-0xffff window]
[STDERR  ] 2017-06-26T18:30:06.856733166Z: [    1.016244] pci_bus 0000:00: root bus resource [mem 0x000a0000-0x000bffff window]
[STDERR  ] 2017-06-26T18:30:06.856753098Z: [    1.016733] pci_bus 0000:00: root bus resource [mem 0xc0000000-0xfebfffff window]
[STDERR  ] 2017-06-26T18:30:06.856766469Z: [    1.017325] pci_bus 0000:00: root bus resource [bus 00-ff]
[STDERR  ] 2017-06-26T18:30:06.856779359Z: [    1.103941] pci 0000:00:1f.0: quirk: [io  0x0600-0x067f] claimed by ICH6 ACPI/GPIO/TCO
[STDERR  ] 2017-06-26T18:30:06.856791999Z: [    1.157720] ACPI: PCI Interrupt Link [LNKA] (IRQs 5 *10 11)
[STDERR  ] 2017-06-26T18:30:06.856804387Z: [    1.159678] ACPI: PCI Interrupt Link [LNKB] (IRQs 5 *10 11)
[STDERR  ] 2017-06-26T18:30:06.856816842Z: [    1.161515] ACPI: PCI Interrupt Link [LNKC] (IRQs 5 10 *11)
[STDERR  ] 2017-06-26T18:30:06.856835638Z: [    1.163189] ACPI: PCI Interrupt Link [LNKD] (IRQs 5 10 *11)
[STDERR  ] 2017-06-26T18:30:06.856848334Z: [    1.164854] ACPI: PCI Interrupt Link [LNKE] (IRQs 5 *10 11)
[STDERR  ] 2017-06-26T18:30:06.856861401Z: [    1.166526] ACPI: PCI Interrupt Link [LNKF] (IRQs 5 *10 11)
[STDERR  ] 2017-06-26T18:30:06.856874688Z: [    1.168218] ACPI: PCI Interrupt Link [LNKG] (IRQs 5 10 *11)
[STDERR  ] 2017-06-26T18:30:06.856887358Z: [    1.170466] ACPI: PCI Interrupt Link [LNKH] (IRQs 5 10 *11)
[STDERR  ] 2017-06-26T18:30:06.856900315Z: [    1.171280] ACPI: PCI Interrupt Link [GSIA] (IRQs *16)
[STDERR  ] 2017-06-26T18:30:06.856913156Z: [    1.171891] ACPI: PCI Interrupt Link [GSIB] (IRQs *17)
[STDERR  ] 2017-06-26T18:30:06.856926064Z: [    1.172491] ACPI: PCI Interrupt Link [GSIC] (IRQs *18)
[STDERR  ] 2017-06-26T18:30:06.85693807Z: [    1.173096] ACPI: PCI Interrupt Link [GSID] (IRQs *19)
[STDERR  ] 2017-06-26T18:30:06.856956438Z: [    1.173695] ACPI: PCI Interrupt Link [GSIE] (IRQs *20)
[STDERR  ] 2017-06-26T18:30:06.856962524Z: [    1.174295] ACPI: PCI Interrupt Link [GSIF] (IRQs *21)
[STDERR  ] 2017-06-26T18:30:06.856982219Z: [    1.174892] ACPI: PCI Interrupt Link [GSIG] (IRQs *22)
[STDERR  ] 2017-06-26T18:30:06.856995449Z: [    1.175490] ACPI: PCI Interrupt Link [GSIH] (IRQs *23)
[STDERR  ] 2017-06-26T18:30:06.857002273Z: [    1.179049] ACPI: Enabled 2 GPEs in block 00 to 3F
[STDERR  ] 2017-06-26T18:30:06.857014435Z: [    1.183429] SCSI subsystem initialized
[STDERR  ] 2017-06-26T18:30:06.85703956Z: [    1.185166] ACPI: bus type USB registered
[STDERR  ] 2017-06-26T18:30:06.857052176Z: [    1.186258] usbcore: registered new interface driver usbfs
[STDERR  ] 2017-06-26T18:30:06.857064724Z: [    1.187172] usbcore: registered new interface driver hub
[STDERR  ] 2017-06-26T18:30:06.857081381Z: [    1.187941] usbcore: registered new device driver usb
[STDERR  ] 2017-06-26T18:30:06.857095128Z: [    1.189047] pps_core: LinuxPPS API ver. 1 registered
[STDERR  ] 2017-06-26T18:30:06.857107535Z: [    1.189394] pps_core: Software ver. 5.3.6 - Copyright 2005-2007 Rodolfo Giometti <giometti@linux.it>
[STDERR  ] 2017-06-26T18:30:06.857120475Z: [    1.190195] PTP clock support registered
[STDERR  ] 2017-06-26T18:30:06.857133901Z: [    1.191250] wmi: Mapper loaded
[STDERR  ] 2017-06-26T18:30:06.857147008Z: [    1.192180] PCI: Using ACPI for IRQ routing
[STDERR  ] 2017-06-26T18:30:06.857159773Z: [    1.210582] NetLabel: Initializing
[STDERR  ] 2017-06-26T18:30:06.857166828Z: [    1.210826] NetLabel:  domain hash size = 128
[STDERR  ] 2017-06-26T18:30:06.857178693Z: [    1.211107] NetLabel:  protocols = UNLABELED CIPSOv4
[STDERR  ] 2017-06-26T18:30:06.857197781Z: [    1.212819] NetLabel:  unlabeled traffic allowed by default
[STDERR  ] 2017-06-26T18:30:06.85721565Z: [    1.213657] HPET: 3 timers in total, 0 timers will be used for per-cpu timer
[STDERR  ] 2017-06-26T18:30:06.857228161Z: [    1.214331] hpet0: at MMIO 0xfed00000, IRQs 2, 8, 0
[STDERR  ] 2017-06-26T18:30:06.857241111Z: [    1.214779] hpet0: 3 comparators, 64-bit 100.000000 MHz counter
[STDERR  ] 2017-06-26T18:30:06.857248229Z: [    1.219845] clocksource: Switched to clocksource hpet
[STDERR  ] 2017-06-26T18:30:06.857259499Z: [    1.521578] VFS: Disk quotas dquot_6.6.0
[STDERR  ] 2017-06-26T18:30:06.857279271Z: [    1.522266] VFS: Dquot-cache hash table entries: 512 (order 0, 4096 bytes)
[STDERR  ] 2017-06-26T18:30:06.857292462Z: [    1.525027] FS-Cache: Loaded
[STDERR  ] 2017-06-26T18:30:06.857307051Z: [    1.529721] CacheFiles: Loaded
[STDERR  ] 2017-06-26T18:30:06.857314172Z: [    1.531516] pnp: PnP ACPI init
[STDERR  ] 2017-06-26T18:30:06.857332948Z: [    1.543222] pnp: PnP ACPI: found 5 devices
[STDERR  ] 2017-06-26T18:30:06.857339059Z: [    1.595176] clocksource: acpi_pm: mask: 0xffffff max_cycles: 0xffffff, max_idle_ns: 2085701024 ns
[STDERR  ] 2017-06-26T18:30:06.857357866Z: [    1.597869] NET: Registered protocol family 2
[STDERR  ] 2017-06-26T18:30:06.857413676Z: [    1.604932] TCP established hash table entries: 8192 (order: 4, 65536 bytes)
[STDERR  ] 2017-06-26T18:30:06.857426733Z: [    1.605663] TCP bind hash table entries: 8192 (order: 5, 131072 bytes)
[STDERR  ] 2017-06-26T18:30:06.85743886Z: [    1.606324] TCP: Hash tables configured (established 8192 bind 8192)
[STDERR  ] 2017-06-26T18:30:06.857455916Z: [    1.608193] UDP hash table entries: 512 (order: 2, 16384 bytes)
[STDERR  ] 2017-06-26T18:30:06.857469009Z: [    1.608738] UDP-Lite hash table entries: 512 (order: 2, 16384 bytes)
[STDERR  ] 2017-06-26T18:30:06.857482021Z: [    1.611205] NET: Registered protocol family 1
[STDERR  ] 2017-06-26T18:30:06.857489285Z: [    1.612113] pci 0000:00:01.0: Video device with shadowed ROM at [mem 0x000c0000-0x000dffff]
[STDERR  ] 2017-06-26T18:30:06.857501996Z: [    1.618949] Unpacking initramfs...
[STDERR  ] 2017-06-26T18:30:06.857529428Z: [   10.234767] Freeing initrd memory: 42160K (ffff9ca8bd6a4000 - ffff9ca8bffd0000)
[STDERR  ] 2017-06-26T18:30:06.857536787Z: [   10.257065] PCLMULQDQ-NI instructions are not detected.
[STDERR  ] 2017-06-26T18:30:06.857549378Z: [   10.258128] AVX or AES-NI instructions are not detected.
[STDERR  ] 2017-06-26T18:30:06.857581137Z: [   10.258563] CPU feature 'AVX registers' is not supported.
[STDERR  ] 2017-06-26T18:30:06.85759395Z: [   10.258958] CPU feature 'AVX registers' is not supported.
[STDERR  ] 2017-06-26T18:30:06.857606384Z: [   10.259346] CPU feature 'AVX registers' is not supported.
[STDERR  ] 2017-06-26T18:30:06.857619001Z: [   10.259732] CPU feature 'AVX registers' is not supported.
[STDERR  ] 2017-06-26T18:30:06.857638052Z: [   10.260440] AVX2 or AES-NI instructions are not detected.
[STDERR  ] 2017-06-26T18:30:06.857651197Z: [   10.260851] AVX2 instructions are not detected.
[STDERR  ] 2017-06-26T18:30:06.857664074Z: [   10.266016] audit: initializing netlink subsys (disabled)
[STDERR  ] 2017-06-26T18:30:06.857671037Z: [   10.267527] audit: type=2000 audit(1498501791.260:1): initialized
[STDERR  ] 2017-06-26T18:30:06.85768712Z: [   10.275265] workingset: timestamp_bits=46 max_order=18 bucket_order=0
[STDERR  ] 2017-06-26T18:30:06.857713047Z: [   10.281758] FS-Cache: Netfs 'cifs' registered for caching
[STDERR  ] 2017-06-26T18:30:06.857726041Z: [   10.282688] fuse init (API version 7.26)
[STDERR  ] 2017-06-26T18:30:06.857738861Z: [   10.284770] SGI XFS with ACLs, security attributes, no debug enabled
[STDERR  ] 2017-06-26T18:30:06.857751417Z: [   10.288211] 9p: Installing v9fs 9p2000 file system support
[STDERR  ] 2017-06-26T18:30:06.857764587Z: [   10.288698] FS-Cache: Netfs '9p' registered for caching
[STDERR  ] 2017-06-26T18:30:06.8577781Z: [   10.344990] NET: Registered protocol family 38
[STDERR  ] 2017-06-26T18:30:06.857791455Z: [   10.345874] Key type asymmetric registered
[STDERR  ] 2017-06-26T18:30:06.857804446Z: [   10.346421] Asymmetric key parser 'x509' registered
[STDERR  ] 2017-06-26T18:30:06.857817418Z: [   10.347623] Block layer SCSI generic (bsg) driver version 0.4 loaded (major 251)
[STDERR  ] 2017-06-26T18:30:06.857829375Z: [   10.349553] io scheduler noop registered
[STDERR  ] 2017-06-26T18:30:06.857842967Z: [   10.350273] io scheduler deadline registered (default)
[STDERR  ] 2017-06-26T18:30:06.857855745Z: [   10.352567] io scheduler cfq registered
[STDERR  ] 2017-06-26T18:30:06.857868513Z: [   10.356824] pci_hotplug: PCI Hot Plug PCI Core version: 0.5
[STDERR  ] 2017-06-26T18:30:06.857882058Z: [   10.357710] pciehp: PCI Express Hot Plug Controller Driver version: 0.4
[STDERR  ] 2017-06-26T18:30:06.857895122Z: [   10.359042] shpchp: Standard Hot Plug PCI Controller Driver version: 0.4
[STDERR  ] 2017-06-26T18:30:06.857902379Z: [   10.361044] hv_vmbus: registering driver hyperv_fb
[STDERR  ] 2017-06-26T18:30:06.857914254Z: [   10.366356] input: Power Button as /devices/LNXSYSTM:00/LNXPWRBN:00/input/input0
[STDERR  ] 2017-06-26T18:30:06.857934024Z: [   10.368105] ACPI: Power Button [PWRF]
[STDERR  ] 2017-06-26T18:30:06.857940599Z: [   10.376262] GHES: HEST is not enabled!
[STDERR  ] 2017-06-26T18:30:06.857958482Z: [   10.395765] ACPI: PCI Interrupt Link [GSIH] enabled at IRQ 23
[STDERR  ] 2017-06-26T18:30:06.857971667Z: [   10.405695] xenfs: not registering filesystem on non-xen platform
[STDERR  ] 2017-06-26T18:30:06.857984738Z: [   10.407819] Serial: 8250/16550 driver, 4 ports, IRQ sharing disabled
[STDERR  ] 2017-06-26T18:30:06.857990961Z: [   10.433977] 00:04: ttyS0 at I/O 0x3f8 (irq = 4, base_baud = 115200) is a 16550A
[STDERR  ] 2017-06-26T18:30:06.858010339Z: [   10.444213] Non-volatile memory driver v1.3
[STDERR  ] 2017-06-26T18:30:06.858023246Z: [   10.450033] Hangcheck: starting hangcheck timer 0.9.1 (tick is 180 seconds, margin is 60 seconds).
[STDERR  ] 2017-06-26T18:30:06.858036021Z: [   10.455346] random: fast init done
[STDERR  ] 2017-06-26T18:30:06.858049393Z: [   10.456570] random: crng init done
[STDERR  ] 2017-06-26T18:30:06.8580628Z: [   10.490798] loop: module loaded
[STDERR  ] 2017-06-26T18:30:06.858076079Z: [   10.504483] nbd: registered device at major 43
[STDERR  ] 2017-06-26T18:30:06.858083084Z: [   10.546083] lpc_ich 0000:00:1f.0: I/O space for GPIO uninitialized
[STDERR  ] 2017-06-26T18:30:06.858100955Z: [   10.547703] VMware PVSCSI driver - version 1.0.7.0-k
[STDERR  ] 2017-06-26T18:30:06.858114061Z: [   10.548406] hv_vmbus: registering driver hv_storvsc
[STDERR  ] 2017-06-26T18:30:06.858127577Z: [   10.558243] ACPI: PCI Interrupt Link [GSIA] enabled at IRQ 16
[STDERR  ] 2017-06-26T18:30:06.858152723Z: [   10.564468] ahci 0000:00:1f.2: AHCI 0001.0000 32 slots 6 ports 1.5 Gbps 0x3f impl SATA mode
[STDERR  ] 2017-06-26T18:30:06.858165635Z: [   10.565141] ahci 0000:00:1f.2: flags: 64bit ncq only 
[STDERR  ] 2017-06-26T18:30:06.858183597Z: [   10.586363] scsi host0: ahci
[STDERR  ] 2017-06-26T18:30:06.858196521Z: [   10.590076] scsi host1: ahci
[STDERR  ] 2017-06-26T18:30:06.858210232Z: [   10.592514] scsi host2: ahci
[STDERR  ] 2017-06-26T18:30:06.858223152Z: [   10.594644] scsi host3: ahci
[STDERR  ] 2017-06-26T18:30:06.858240473Z: [   10.596796] scsi host4: ahci
[STDERR  ] 2017-06-26T18:30:06.858248126Z: [   10.598858] scsi host5: ahci
[STDERR  ] 2017-06-26T18:30:06.858260262Z: [   10.601270] ata1: SATA max UDMA/133 abar m4096@0xfebf1000 port 0xfebf1100 irq 24
[STDERR  ] 2017-06-26T18:30:06.858286841Z: [   10.601812] ata2: SATA max UDMA/133 abar m4096@0xfebf1000 port 0xfebf1180 irq 24
[STDERR  ] 2017-06-26T18:30:06.858294062Z: [   10.602293] ata3: SATA max UDMA/133 abar m4096@0xfebf1000 port 0xfebf1200 irq 24
[STDERR  ] 2017-06-26T18:30:06.858306873Z: [   10.602767] ata4: SATA max UDMA/133 abar m4096@0xfebf1000 port 0xfebf1280 irq 24
[STDERR  ] 2017-06-26T18:30:06.858325828Z: [   10.603242] ata5: SATA max UDMA/133 abar m4096@0xfebf1000 port 0xfebf1300 irq 24
[STDERR  ] 2017-06-26T18:30:06.858338661Z: [   10.603722] ata6: SATA max UDMA/133 abar m4096@0xfebf1000 port 0xfebf1380 irq 24
[STDERR  ] 2017-06-26T18:30:06.858351066Z: [   10.616480] tun: Universal TUN/TAP device driver, 1.6
[STDERR  ] 2017-06-26T18:30:06.858366297Z: [   10.616843] tun: (C) 1999-2004 Max Krasnyansky <maxk@qualcomm.com>
[STDERR  ] 2017-06-26T18:30:06.858374035Z: [   10.618489] VMware vmxnet3 virtual NIC driver - version 1.4.a.0-k-NAPI
[STDERR  ] 2017-06-26T18:30:06.858390586Z: [   10.619292] hv_vmbus: registering driver hv_netvsc
[STDERR  ] 2017-06-26T18:30:06.858410511Z: [   10.619642] Fusion MPT base driver 3.04.20
[STDERR  ] 2017-06-26T18:30:06.858423128Z: [   10.619920] Copyright (c) 1999-2008 LSI Corporation
[STDERR  ] 2017-06-26T18:30:06.858429862Z: [   10.620810] Fusion MPT SPI Host driver 3.04.20
[STDERR  ] 2017-06-26T18:30:06.858442216Z: [   10.622755] i8042: PNP: PS/2 Controller [PNP0303:KBD,PNP0f13:MOU] at 0x60,0x64 irq 1,12
[STDERR  ] 2017-06-26T18:30:06.858461713Z: [   10.626640] serio: i8042 KBD port at 0x60,0x64 irq 1
[STDERR  ] 2017-06-26T18:30:06.858474132Z: [   10.627219] serio: i8042 AUX port at 0x60,0x64 irq 12
[STDERR  ] 2017-06-26T18:30:06.858486283Z: [   10.630320] hv_vmbus: registering driver hyperv_keyboard
[STDERR  ] 2017-06-26T18:30:06.858498614Z: [   10.632417] mousedev: PS/2 mouse device common for all mice
[STDERR  ] 2017-06-26T18:30:06.858510707Z: [   10.637055] input: AT Translated Set 2 keyboard as /devices/platform/i8042/serio0/input/input1
[STDERR  ] 2017-06-26T18:30:06.858523441Z: [   10.639840] input: PC Speaker as /devices/platform/pcspkr/input/input2
[STDERR  ] 2017-06-26T18:30:06.85853595Z: [   10.643122] rtc_cmos 00:00: RTC can wake from S4
[STDERR  ] 2017-06-26T18:30:06.858542557Z: [   10.646290] rtc_cmos 00:00: rtc core: registered rtc_cmos as rtc0
[STDERR  ] 2017-06-26T18:30:06.85855965Z: [   10.647609] rtc_cmos 00:00: alarms up to one day, y3k, 114 bytes nvram, hpet irqs
[STDERR  ] 2017-06-26T18:30:06.858565352Z: [   10.648295] i2c /dev entries driver
[STDERR  ] 2017-06-26T18:30:06.858582387Z: [   10.650011] device-mapper: ioctl: 4.35.0-ioctl (2016-06-23) initialised: dm-devel@redhat.com
[STDERR  ] 2017-06-26T18:30:06.858593901Z: [   10.654870] usbcore: registered new interface driver usbhid
[STDERR  ] 2017-06-26T18:30:06.858600293Z: [   10.655269] usbhid: USB HID core driver
[STDERR  ] 2017-06-26T18:30:06.85861114Z: [   10.655858] hv_utils: Registering HyperV Utility Driver
[STDERR  ] 2017-06-26T18:30:06.858657229Z: [   10.656219] hv_vmbus: registering driver hv_util
[STDERR  ] 2017-06-26T18:30:06.858675753Z: [   10.656535] hv_vmbus: registering driver hv_balloon
[STDERR  ] 2017-06-26T18:30:06.858687525Z: [   10.657019] oprofile: using NMI interrupt.
[STDERR  ] 2017-06-26T18:30:06.858700006Z: [   10.658017] GACT probability on
[STDERR  ] 2017-06-26T18:30:06.858712016Z: [   10.658433] Mirror/redirect action on
[STDERR  ] 2017-06-26T18:30:06.858729082Z: [   10.659208] Simple TC action Loaded
[STDERR  ] 2017-06-26T18:30:06.858740854Z: [   10.659739] u32 classifier
[STDERR  ] 2017-06-26T18:30:06.858752342Z: [   10.659945]     Performance counters on
[STDERR  ] 2017-06-26T18:30:06.858763871Z: [   10.660447]     input device check on
[STDERR  ] 2017-06-26T18:30:06.858779228Z: [   10.660711]     Actions configured
[STDERR  ] 2017-06-26T18:30:06.858791721Z: [   10.661299] Netfilter messages via NETLINK v0.30.
[STDERR  ] 2017-06-26T18:30:06.858802937Z: [   10.661806] nfnl_acct: registering with nfnetlink.
[STDERR  ] 2017-06-26T18:30:06.858815196Z: [   10.663469] nf_conntrack version 0.5.0 (8192 buckets, 32768 max)
[STDERR  ] 2017-06-26T18:30:06.858826745Z: [   10.666335] ctnetlink v0.93: registering with nfnetlink.
[STDERR  ] 2017-06-26T18:30:06.858832956Z: [   10.669311] nf_tables: (c) 2007-2009 Patrick McHardy <kaber@trash.net>
[STDERR  ] 2017-06-26T18:30:06.858850327Z: [   10.670385] nf_tables_compat: (c) 2012 Pablo Neira Ayuso <pablo@netfilter.org>
[STDERR  ] 2017-06-26T18:30:06.858862729Z: [   10.672653] xt_time: kernel timezone is -0000
[STDERR  ] 2017-06-26T18:30:06.858875568Z: [   10.673145] ip_set: protocol 6
[STDERR  ] 2017-06-26T18:30:06.858881792Z: [   10.673733] IPVS: Registered protocols (TCP, UDP, SCTP, AH, ESP)
[STDERR  ] 2017-06-26T18:30:06.858900516Z: [   10.674319] IPVS: Connection hash table configured (size=4096, memory=64Kbytes)
[STDERR  ] 2017-06-26T18:30:06.858912595Z: [   10.675921] IPVS: Creating netns size=2104 id=0
[STDERR  ] 2017-06-26T18:30:06.858924824Z: [   10.676767] IPVS: ipvs loaded.
[STDERR  ] 2017-06-26T18:30:06.858937608Z: [   10.677077] IPVS: [rr] scheduler registered.
[STDERR  ] 2017-06-26T18:30:06.85894971Z: [   10.677403] IPVS: [wrr] scheduler registered.
[STDERR  ] 2017-06-26T18:30:06.85896704Z: [   10.677704] IPVS: [lc] scheduler registered.
[STDERR  ] 2017-06-26T18:30:06.858979779Z: [   10.677995] IPVS: [wlc] scheduler registered.
[STDERR  ] 2017-06-26T18:30:06.858986495Z: [   10.678293] IPVS: [fo] scheduler registered.
[STDERR  ] 2017-06-26T18:30:06.859004074Z: [   10.678585] IPVS: [ovf] scheduler registered.
[STDERR  ] 2017-06-26T18:30:06.859016453Z: [   10.679054] IPVS: [lblc] scheduler registered.
[STDERR  ] 2017-06-26T18:30:06.85902868Z: [   10.679455] IPVS: [lblcr] scheduler registered.
[STDERR  ] 2017-06-26T18:30:06.859034725Z: [   10.679779] IPVS: [dh] scheduler registered.
[STDERR  ] 2017-06-26T18:30:06.85905429Z: [   10.680083] IPVS: [sh] scheduler registered.
[STDERR  ] 2017-06-26T18:30:06.85906712Z: [   10.680707] IPVS: [sed] scheduler registered.
[STDERR  ] 2017-06-26T18:30:06.859079851Z: [   10.681015] IPVS: [nq] scheduler registered.
[STDERR  ] 2017-06-26T18:30:06.859101764Z: [   10.681673] IPVS: ftp: loaded support on port[0] = 21
[STDERR  ] 2017-06-26T18:30:06.859118712Z: [   10.682532] ipip: IPv4 and MPLS over IPv4 tunneling driver
[STDERR  ] 2017-06-26T18:30:06.859131384Z: [   10.686691] gre: GRE over IPv4 demultiplexor driver
[STDERR  ] 2017-06-26T18:30:06.859143989Z: [   10.688661] ip_tables: (C) 2000-2006 Netfilter Core Team
[STDERR  ] 2017-06-26T18:30:06.859158968Z: [   10.691852] ipt_CLUSTERIP: ClusterIP Version 0.8 loaded successfully
[STDERR  ] 2017-06-26T18:30:06.85917098Z: [   10.692492] arp_tables: arp_tables: (C) 2002 David S. Miller
[STDERR  ] 2017-06-26T18:30:06.859183644Z: [   10.694537] NET: Registered protocol family 10
[STDERR  ] 2017-06-26T18:30:06.8591959Z: [   10.703083] ip6_tables: (C) 2000-2006 Netfilter Core Team
[STDERR  ] 2017-06-26T18:30:06.859209004Z: [   10.710460] NET: Registered protocol family 17
[STDERR  ] 2017-06-26T18:30:06.859221842Z: [   10.711460] Bridge firewalling registered
[STDERR  ] 2017-06-26T18:30:06.859234442Z: [   10.711956] Ebtables v2.0 registered
[STDERR  ] 2017-06-26T18:30:06.85924687Z: [   10.713279] 8021q: 802.1Q VLAN Support v1.8
[STDERR  ] 2017-06-26T18:30:06.859259337Z: [   10.714632] 9pnet: Installing 9P2000 support
[STDERR  ] 2017-06-26T18:30:06.859271826Z: [   10.715965] Key type dns_resolver registered
[STDERR  ] 2017-06-26T18:30:06.859284701Z: [   10.716736] microcode: AMD CPU family 0x6 not supported
[STDERR  ] 2017-06-26T18:30:06.859304575Z: [   10.720456] registered taskstats version 1
[STDERR  ] 2017-06-26T18:30:06.85931866Z: [   10.866624] Key type big_key registered
[STDERR  ] 2017-06-26T18:30:06.859325544Z: [   10.919928] Key type encrypted registered
[STDERR  ] 2017-06-26T18:30:06.859336959Z: [   10.924461] rtc_cmos 00:00: setting system clock to 2017-06-26 18:29:52 UTC (1498501792)
[STDERR  ] 2017-06-26T18:30:06.859360455Z: [   10.931325] ata2: SATA link down (SStatus 0 SControl 300)
[STDERR  ] 2017-06-26T18:30:06.859373118Z: [   10.933137] ata1: SATA link down (SStatus 0 SControl 300)
[STDERR  ] 2017-06-26T18:30:06.859379434Z: [   10.942007] ata5: SATA link down (SStatus 0 SControl 300)
[STDERR  ] 2017-06-26T18:30:06.859390295Z: [   10.942495] ata4: SATA link down (SStatus 0 SControl 300)
[STDERR  ] 2017-06-26T18:30:06.859408308Z: [   10.943200] ata3: SATA link up 1.5 Gbps (SStatus 113 SControl 300)
[STDERR  ] 2017-06-26T18:30:06.859420019Z: [   10.946574] ata3.00: ATAPI: QEMU DVD-ROM, 2.5+, max UDMA/100
[STDERR  ] 2017-06-26T18:30:06.859432078Z: [   10.947061] ata3.00: applying bridge limits
[STDERR  ] 2017-06-26T18:30:06.859443735Z: [   10.948722] ata3.00: configured for UDMA/100
[STDERR  ] 2017-06-26T18:30:06.859456187Z: [   10.951941] ata6: SATA link down (SStatus 0 SControl 300)
[STDERR  ] 2017-06-26T18:30:06.859462867Z: [   10.961894] scsi 2:0:0:0: CD-ROM            QEMU     QEMU DVD-ROM     2.5+ PQ: 0 ANSI: 5
[STDERR  ] 2017-06-26T18:30:06.859480915Z: [   10.983177] sr 2:0:0:0: [sr0] scsi3-mmc drive: 4x/4x cd/rw xa/form2 tray
[STDERR  ] 2017-06-26T18:30:06.859486547Z: [   10.983798] cdrom: Uniform CD-ROM driver Revision: 3.20
[STDERR  ] 2017-06-26T18:30:06.859504741Z: [   10.989647] sr 2:0:0:0: Attached scsi generic sg0 type 5
[STDERR  ] 2017-06-26T18:30:06.859511485Z: [   11.124337] Freeing unused kernel memory: 1372K (ffffffffbdd50000 - ffffffffbdea7000)
[STDERR  ] 2017-06-26T18:30:06.859529539Z: [   11.124934] Write protecting the kernel read-only data: 12288k
[STDERR  ] 2017-06-26T18:30:06.859535629Z: [   11.131200] Freeing unused kernel memory: 156K (ffff9ca88e7d9000 - ffff9ca88e800000)
[STDERR  ] 2017-06-26T18:30:06.859559788Z: [   11.222929] Freeing unused kernel memory: 1404K (ffff9ca88eaa1000 - ffff9ca88ec00000)
[STDERR  ] 2017-06-26T18:30:06.859571865Z: [   11.280975] tsc: Refined TSC clocksource calibration: 2299.966 MHz
[STDERR  ] 2017-06-26T18:30:06.859584182Z: [   11.281496] clocksource: tsc: mask: 0xffffffffffffffff max_cycles: 0x212714eedda, max_idle_ns: 440795263294 ns
[STDERR  ] 2017-06-26T18:30:06.859596583Z: [   12.300704] clocksource: Switched to clocksource tsc
[STDERR  ] 2017-06-26T18:30:06.859608682Z: [   16.761287] e1000: Intel(R) PRO/1000 Network Driver - version 7.3.21-k8-NAPI
[STDERR  ] 2017-06-26T18:30:06.85962128Z: [   16.761802] e1000: Copyright (c) 1999-2006 Intel Corporation.
[STDERR  ] 2017-06-26T18:30:06.859633681Z: [   16.769095] ACPI: PCI Interrupt Link [GSIG] enabled at IRQ 22
[STDERR  ] 2017-06-26T18:30:06.85965357Z: [   17.146655] e1000 0000:00:02.0 eth0: (PCI:33MHz:32-bit) 52:54:00:12:34:56
[STDERR  ] 2017-06-26T18:30:06.859660211Z: [   17.147373] e1000 0000:00:02.0 eth0: Intel(R) PRO/1000 Network Connection
[STDERR  ] 2017-06-26T18:30:06.859677765Z: 
[STDERR  ] 2017-06-26T18:30:06.859683594Z: Starting containerd
[STDERR  ] 2017-06-26T18:30:06.859702619Z: 
[STDERR  ] 2017-06-26T18:30:06.85971586Z: Welcome to LinuxKit
[STDERR  ] 2017-06-26T18:30:06.85972837Z: 
[STDERR  ] 2017-06-26T18:30:06.859740318Z:                         ##         .
[STDERR  ] 2017-06-26T18:30:06.859751777Z:                   ## ## ##        ==
[STDERR  ] 2017-06-26T18:30:06.859763201Z:                ## ## ## ## ##    ===
[STDERR  ] 2017-06-26T18:30:06.859775413Z:            /"""""""""""""""""\___/ ===
[STDERR  ] 2017-06-26T18:30:06.859787201Z:       ~~~ {~~ ~~~~ ~~~ ~~~~ ~~~ ~ /  ===- ~~~
[STDERR  ] 2017-06-26T18:30:06.859799799Z:            \______ o           __/
[STDERR  ] 2017-06-26T18:30:06.859811657Z:              \    \         __/
[STDERR  ] 2017-06-26T18:30:06.859831714Z:               \____\_______/
[STDERR  ] 2017-06-26T18:30:06.859844294Z: 
[STDERR  ] 2017-06-26T18:30:06.859856534Z: [34mINFO[0m[0000] starting containerd boot...                   [34mmodule[0m=containerd
[STDERR  ] 2017-06-26T18:30:06.859873552Z: [34mINFO[0m[0000] loading plugin "io.containerd.content.v1.content"...  [34mmodule[0m=containerd [34mtype[0m=io.containerd.content.v1
[STDERR  ] 2017-06-26T18:30:06.859886998Z: [34mINFO[0m[0000] skip loading plugin "io.containerd.snapshotter.v1.btrfs"...  [34mmodule[0m=containerd [34mtype[0m=io.containerd.snapshotter.v1
[STDERR  ] 2017-06-26T18:30:06.859900363Z: [34mINFO[0m[0000] loading plugin "io.containerd.snapshotter.v1.overlayfs"...  [34mmodule[0m=containerd [34mtype[0m=io.containerd.snapshotter.v1
[STDERR  ] 2017-06-26T18:30:06.859912934Z: [34mINFO[0m[0000] loading plugin "io.containerd.differ.v1.base-diff"...  [34mmodule[0m=containerd [34mtype[0m=io.containerd.differ.v1
[STDERR  ] 2017-06-26T18:30:06.859919371Z: [34mINFO[0m[0000] loading plugin "io.containerd.metadata.v1.bolt"...  [34mmodule[0m=containerd [34mtype[0m=io.containerd.metadata.v1
[STDERR  ] 2017-06-26T18:30:06.859935158Z: [34mINFO[0m[0000] loading plugin "io.containerd.grpc.v1.containers"...  [34mmodule[0m=containerd [34mtype[0m=io.containerd.grpc.v1
[STDERR  ] 2017-06-26T18:30:06.859956356Z: [34mINFO[0m[0000] loading plugin "io.containerd.grpc.v1.content"...  [34mmodule[0m=containerd [34mtype[0m=io.containerd.grpc.v1
[STDERR  ] 2017-06-26T18:30:06.859968364Z: [34mINFO[0m[0000] loading plugin "io.containerd.grpc.v1.diff"...  [34mmodule[0m=containerd [34mtype[0m=io.containerd.grpc.v1
[STDERR  ] 2017-06-26T18:30:06.859980203Z: [34mINFO[0m[0000] loading plugin "io.containerd.grpc.v1.events"...  [34mmodule[0m=containerd [34mtype[0m=io.containerd.grpc.v1
[STDERR  ] 2017-06-26T18:30:06.859992314Z: [34mINFO[0m[0000] loading plugin "io.containerd.grpc.v1.healthcheck"...  [34mmodule[0m=containerd [34mtype[0m=io.containerd.grpc.v1
[STDERR  ] 2017-06-26T18:30:06.860004103Z: [34mINFO[0m[0000] loading plugin "io.containerd.grpc.v1.images"...  [34mmodule[0m=containerd [34mtype[0m=io.containerd.grpc.v1
[STDERR  ] 2017-06-26T18:30:06.860021595Z: [34mINFO[0m[0000] loading plugin "io.containerd.grpc.v1.namespaces"...  [34mmodule[0m=containerd [34mtype[0m=io.containerd.grpc.v1
[STDERR  ] 2017-06-26T18:30:06.860033032Z: [34mINFO[0m[0000] loading plugin "io.containerd.grpc.v1.snapshots"...  [34mmodule[0m=containerd [34mtype[0m=io.containerd.grpc.v1
[STDERR  ] 2017-06-26T18:30:06.860049471Z: [34mINFO[0m[0000] loading plugin "io.containerd.monitor.v1.cgroups"...  [34mmodule[0m=containerd [34mtype[0m=io.containerd.monitor.v1
[STDERR  ] 2017-06-26T18:30:06.860060951Z: [34mINFO[0m[0000] loading plugin "io.containerd.runtime.v1.linux"...  [34mmodule[0m=containerd [34mtype[0m=io.containerd.runtime.v1
[STDERR  ] 2017-06-26T18:30:06.860067482Z: [34mINFO[0m[0000] loading plugin "io.containerd.grpc.v1.tasks"...  [34mmodule[0m=containerd [34mtype[0m=io.containerd.grpc.v1
[STDERR  ] 2017-06-26T18:30:06.860085642Z: [34mINFO[0m[0000] loading plugin "io.containerd.grpc.v1.version"...  [34mmodule[0m=containerd [34mtype[0m=io.containerd.grpc.v1
[STDERR  ] 2017-06-26T18:30:06.860091619Z: [34mINFO[0m[0000] serving...                                    [34maddress[0m="/run/containerd/debug.sock" [34mmodule[0m="containerd/debug"
[STDERR  ] 2017-06-26T18:30:06.860110847Z: [34mINFO[0m[0000] serving...                                    [34maddress[0m="/run/containerd/containerd.sock" [34mmodule[0m="containerd/grpc"
[STDERR  ] 2017-06-26T18:30:06.860123597Z: [34mINFO[0m[0000] containerd successfully booted in 0.167542s   [34mmodule[0m=containerd
[STDERR  ] 2017-06-26T18:30:06.860136155Z: Linux linuxkit-525400123456 4.9.33-linuxkit #1 SMP Thu Jun 22 19:57:24 UTC 2017 x86_64 Linux
[STDERR  ] 2017-06-26T18:30:06.860142945Z: filename:       hello_world.ko
[STDERR  ] 2017-06-26T18:30:06.860170264Z: author:         Rolf Neugebauer <rolf.neugebauer@docker.com>
[STDERR  ] 2017-06-26T18:30:06.86017609Z: description:    A simple Hello World kernel module for testing
[STDERR  ] 2017-06-26T18:30:06.860194012Z: license:        GPL
[STDERR  ] 2017-06-26T18:30:06.860208554Z: depends:        
[STDERR  ] 2017-06-26T18:30:06.860224593Z: vermagic:       4.9.33-linuxkit SMP mod_unload 
[STDERR  ] 2017-06-26T18:30:06.860241366Z: [   19.952428] hello_world: loading out-of-tree module taints kernel.
[STDERR  ] 2017-06-26T18:30:06.86025318Z: [   19.954599] Hello LinuxKit
[STDERR  ] 2017-06-26T18:30:06.860265197Z: [   20.045332] Goodbye LinuxKit.
[STDERR  ] 2017-06-26T18:30:06.860276423Z: Kernel module test suite PASSED
[STDERR  ] 2017-06-26T18:30:06.86028861Z:  - 000-check
[STDERR  ] 2017-06-26T18:30:06.86030089Z: [   24.839923] ACPI: Preparing to enter system sleep state S5
[STDERR  ] 2017-06-26T18:30:06.860312862Z: [   24.841435] reboot: Power down
[STDERR  ] 2017-06-26T18:30:06.860325046Z: + exit 0
[STDERR  ] 2017-06-26T18:30:06.860336482Z: + clean_up
[STDERR  ] 2017-06-26T18:30:06.860355497Z: + docker rmi kmod-test
[STDOUT  ] 2017-06-26T18:30:06.909456017Z: Untagged: kmod-test:latest
[STDOUT  ] 2017-06-26T18:30:06.909533541Z: Deleted: sha256:82e4a5897408f021e12292df0509efad8507c19a3e315860151eed79c77c7b8d
[STDOUT  ] 2017-06-26T18:30:06.909548585Z: Deleted: sha256:1635c07e37dd3fe8b0460d35192d21e3e194e151da336afc1e56776b9d8f2f7b
[STDOUT  ] 2017-06-26T18:30:06.909562869Z: Deleted: sha256:7bfc35eea4a92eafedea632e7e334bd5c3cac791576cd32ff8b2dd60327db10d
[STDOUT  ] 2017-06-26T18:30:06.909583267Z: Deleted: sha256:c785e3ee81481e9a9f73b2f1e230d1eeba26b31f5cfd37a0b5a84cf830240f4a
[STDOUT  ] 2017-06-26T18:30:06.909597703Z: Deleted: sha256:78aa57c3e3fee594c971d55289b6da91387059b476ae7f470835de42bca902d3
[STDERR  ] 2017-06-26T18:30:06.912637356Z: + find . -depth -iname kmod* -not -iname *.yml -exec rm -rf {} ;
[PASS    ] linuxkit.kernel.kmod_4.9.x 56.05s
