[INFO    ] 2017-06-08T17:05:39.062023715Z: Running Test linuxkit.kernel.config_4.11.x in /tmp/with_clone9f5274c/test/cases/020_kernel/003_config_4.11.x
[INFO    ] 2017-06-08T17:05:39.062088647Z: Running command: [/bin/sh -x /tmp/with_clone9f5274c/test/cases/020_kernel/003_config_4.11.x/test.sh]
[STDERR  ] 2017-06-08T17:05:39.076500425Z: + set -e
[STDERR  ] 2017-06-08T17:05:39.076548087Z: + . /tmp/with_clone9f5274c/test/cases/_lib/lib.sh
[STDERR  ] 2017-06-08T17:05:39.076556241Z: + [ -f src/github.com/linuxkit/rtf/lib/lib.sh ]
[STDERR  ] 2017-06-08T17:05:39.07657291Z: + LINUXKIT_TMPDIR=/tmp/with_clone9f5274c/test/cases/_tmp
[STDERR  ] 2017-06-08T17:05:39.076581633Z: + [ -f /tmp/with_clone9f5274c/test/cases/_tmp/env.sh ]
[STDERR  ] 2017-06-08T17:05:39.076589307Z: + . /tmp/with_clone9f5274c/test/cases/_tmp/env.sh
[STDERR  ] 2017-06-08T17:05:39.07659597Z: + export LINUXKIT_EXAMPLES_DIR=/tmp/with_clone9f5274c/test/cases/../../examples
[STDERR  ] 2017-06-08T17:05:39.076604505Z: + RT_CANCEL=253
[STDERR  ] 2017-06-08T17:05:39.076616608Z: + trap clean_up EXIT
[STDERR  ] 2017-06-08T17:05:39.076624689Z: + moby build -output kernel+initrd test-kernel-config.yml
[STDERR  ] 2017-06-08T17:05:39.07663876Z: Extract kernel image: linuxkit/kernel:4.11.x
[STDERR  ] 2017-06-08T17:05:43.99840926Z: Add init containers:
[STDERR  ] 2017-06-08T17:05:43.998444305Z: Process init image: linuxkit/init:1b8a7e394d2ec2f1fdb4d67645829d1b5bdca037
[STDERR  ] 2017-06-08T17:05:45.764926591Z: Process init image: linuxkit/runc:3a4e6cbf15470f62501b019b55e1caac5ee7689f
[STDERR  ] 2017-06-08T17:05:47.800056611Z: Process init image: linuxkit/containerd:b50181bc6e0084e5fcd6b6ad3cf433c4f66cae5a
[STDERR  ] 2017-06-08T17:05:53.666133447Z: Add onboot containers:
[STDERR  ] 2017-06-08T17:05:53.666161371Z:   Create OCI config for linuxkit/test-kernel-config:ecff41279ccbc408079a3996a956432651c6eb9c
[STDERR  ] 2017-06-08T17:05:55.850798991Z:   Create OCI config for linuxkit/poweroff:7404cf2295df89ccfa2dda41997a28307a90cf28
[STDERR  ] 2017-06-08T17:05:57.638359767Z: Create outputs:
[STDERR  ] 2017-06-08T17:06:04.037030906Z:   test-kernel-config-kernel test-kernel-config-initrd.img test-kernel-config-cmdline
[STDERR  ] 2017-06-08T17:06:04.251202604Z: + linuxkit run test-kernel-config
[STDERR  ] 2017-06-08T17:06:47.420889956Z: + RESULT=[    0.000000] Linux version 4.11.3-linuxkit (root@84baa8e89c00) (gcc version 6.2.1 20160822 (Alpine 6.2.1) ) #1 SMP Tue May 30 11:32:52 UTC 2017
[STDERR  ] 2017-06-08T17:06:47.420913395Z: [    0.000000] Command line: console=ttyS0
[STDERR  ] 2017-06-08T17:06:47.420921301Z: [    0.000000] x86/fpu: x87 FPU will use FXSAVE
[STDERR  ] 2017-06-08T17:06:47.420941601Z: [    0.000000] e820: BIOS-provided physical RAM map:
[STDERR  ] 2017-06-08T17:06:47.420951083Z: [    0.000000] BIOS-e820: [mem 0x0000000000000000-0x000000000009fbff] usable
[STDERR  ] 2017-06-08T17:06:47.42097292Z: [    0.000000] BIOS-e820: [mem 0x000000000009fc00-0x000000000009ffff] reserved
[STDERR  ] 2017-06-08T17:06:47.420986717Z: [    0.000000] BIOS-e820: [mem 0x00000000000f0000-0x00000000000fffff] reserved
[STDERR  ] 2017-06-08T17:06:47.421000517Z: [    0.000000] BIOS-e820: [mem 0x0000000000100000-0x000000003ffdefff] usable
[STDERR  ] 2017-06-08T17:06:47.42100776Z: [    0.000000] BIOS-e820: [mem 0x000000003ffdf000-0x000000003fffffff] reserved
[STDERR  ] 2017-06-08T17:06:47.421032976Z: [    0.000000] BIOS-e820: [mem 0x00000000b0000000-0x00000000bfffffff] reserved
[STDERR  ] 2017-06-08T17:06:47.421053911Z: [    0.000000] BIOS-e820: [mem 0x00000000fed1c000-0x00000000fed1ffff] reserved
[STDERR  ] 2017-06-08T17:06:47.421067149Z: [    0.000000] BIOS-e820: [mem 0x00000000fffc0000-0x00000000ffffffff] reserved
[STDERR  ] 2017-06-08T17:06:47.421080938Z: [    0.000000] NX (Execute Disable) protection: active
[STDERR  ] 2017-06-08T17:06:47.421095133Z: [    0.000000] SMBIOS 2.8 present.
[STDERR  ] 2017-06-08T17:06:47.421102276Z: [    0.000000] DMI: QEMU Standard PC (Q35 + ICH9, 2009), BIOS rel-1.10.1-0-g8891697-prebuilt.qemu-project.org 04/01/2014
[STDERR  ] 2017-06-08T17:06:47.421118865Z: [    0.000000] e820: last_pfn = 0x3ffdf max_arch_pfn = 0x400000000
[STDERR  ] 2017-06-08T17:06:47.421155988Z: [    0.000000] x86/PAT: Configuration [0-7]: WB  WC  UC- UC  WB  WC  UC- WT  
[STDERR  ] 2017-06-08T17:06:47.421169657Z: [    0.000000] found SMP MP-table at [mem 0x000f6aa0-0x000f6aaf] mapped at [ffff99fa000f6aa0]
[STDERR  ] 2017-06-08T17:06:47.421185703Z: [    0.000000] RAMDISK: [mem 0x3df37000-0x3ffcffff]
[STDERR  ] 2017-06-08T17:06:47.421192426Z: [    0.000000] ACPI: Early table checksum verification disabled
[STDERR  ] 2017-06-08T17:06:47.421204508Z: [    0.000000] ACPI: RSDP 0x00000000000F68C0 000014 (v00 BOCHS )
[STDERR  ] 2017-06-08T17:06:47.421230953Z: [    0.000000] ACPI: RSDT 0x000000003FFE2404 000034 (v01 BOCHS  BXPCRSDT 00000001 BXPC 00000001)
[STDERR  ] 2017-06-08T17:06:47.421243385Z: [    0.000000] ACPI: FACP 0x000000003FFE22A4 000074 (v01 BOCHS  BXPCFACP 00000001 BXPC 00000001)
[STDERR  ] 2017-06-08T17:06:47.42125563Z: [    0.000000] ACPI: DSDT 0x000000003FFE0040 002264 (v01 BOCHS  BXPCDSDT 00000001 BXPC 00000001)
[STDERR  ] 2017-06-08T17:06:47.421267871Z: [    0.000000] ACPI: FACS 0x000000003FFE0000 000040
[STDERR  ] 2017-06-08T17:06:47.421280057Z: [    0.000000] ACPI: APIC 0x000000003FFE2318 000078 (v01 BOCHS  BXPCAPIC 00000001 BXPC 00000001)
[STDERR  ] 2017-06-08T17:06:47.421292155Z: [    0.000000] ACPI: HPET 0x000000003FFE2390 000038 (v01 BOCHS  BXPCHPET 00000001 BXPC 00000001)
[STDERR  ] 2017-06-08T17:06:47.421304451Z: [    0.000000] ACPI: MCFG 0x000000003FFE23C8 00003C (v01 BOCHS  BXPCMCFG 00000001 BXPC 00000001)
[STDERR  ] 2017-06-08T17:06:47.421316631Z: [    0.000000] Zone ranges:
[STDERR  ] 2017-06-08T17:06:47.421328887Z: [    0.000000]   DMA      [mem 0x0000000000001000-0x0000000000ffffff]
[STDERR  ] 2017-06-08T17:06:47.421341048Z: [    0.000000]   DMA32    [mem 0x0000000001000000-0x000000003ffdefff]
[STDERR  ] 2017-06-08T17:06:47.421347622Z: [    0.000000]   Normal   empty
[STDERR  ] 2017-06-08T17:06:47.421359183Z: [    0.000000] Movable zone start for each node
[STDERR  ] 2017-06-08T17:06:47.421377828Z: [    0.000000] Early memory node ranges
[STDERR  ] 2017-06-08T17:06:47.421390419Z: [    0.000000]   node   0: [mem 0x0000000000001000-0x000000000009efff]
[STDERR  ] 2017-06-08T17:06:47.421402516Z: [    0.000000]   node   0: [mem 0x0000000000100000-0x000000003ffdefff]
[STDERR  ] 2017-06-08T17:06:47.421417776Z: [    0.000000] Initmem setup node 0 [mem 0x0000000000001000-0x000000003ffdefff]
[STDERR  ] 2017-06-08T17:06:47.421429843Z: [    0.000000] ACPI: PM-Timer IO Port: 0x608
[STDERR  ] 2017-06-08T17:06:47.421442003Z: [    0.000000] ACPI: LAPIC_NMI (acpi_id[0xff] dfl dfl lint[0x1])
[STDERR  ] 2017-06-08T17:06:47.421453941Z: [    0.000000] IOAPIC[0]: apic_id 0, version 32, address 0xfec00000, GSI 0-23
[STDERR  ] 2017-06-08T17:06:47.421468957Z: [    0.000000] ACPI: INT_SRC_OVR (bus 0 bus_irq 0 global_irq 2 dfl dfl)
[STDERR  ] 2017-06-08T17:06:47.42148588Z: [    0.000000] ACPI: INT_SRC_OVR (bus 0 bus_irq 5 global_irq 5 high level)
[STDERR  ] 2017-06-08T17:06:47.421492485Z: [    0.000000] ACPI: INT_SRC_OVR (bus 0 bus_irq 9 global_irq 9 high level)
[STDERR  ] 2017-06-08T17:06:47.421503851Z: [    0.000000] ACPI: INT_SRC_OVR (bus 0 bus_irq 10 global_irq 10 high level)
[STDERR  ] 2017-06-08T17:06:47.421522438Z: [    0.000000] ACPI: INT_SRC_OVR (bus 0 bus_irq 11 global_irq 11 high level)
[STDERR  ] 2017-06-08T17:06:47.421534519Z: [    0.000000] Using ACPI (MADT) for SMP configuration information
[STDERR  ] 2017-06-08T17:06:47.421546749Z: [    0.000000] ACPI: HPET id: 0x8086a201 base: 0xfed00000
[STDERR  ] 2017-06-08T17:06:47.421559188Z: [    0.000000] smpboot: Allowing 1 CPUs, 0 hotplug CPUs
[STDERR  ] 2017-06-08T17:06:47.421571237Z: [    0.000000] e820: [mem 0x40000000-0xafffffff] available for PCI devices
[STDERR  ] 2017-06-08T17:06:47.42158543Z: [    0.000000] Booting paravirtualized kernel on bare hardware
[STDERR  ] 2017-06-08T17:06:47.421592093Z: [    0.000000] clocksource: refined-jiffies: mask: 0xffffffff max_cycles: 0xffffffff, max_idle_ns: 19112604462750000 ns
[STDERR  ] 2017-06-08T17:06:47.421610749Z: [    0.000000] setup_percpu: NR_CPUS:128 nr_cpumask_bits:128 nr_cpu_ids:1 nr_node_ids:1
[STDERR  ] 2017-06-08T17:06:47.421628707Z: [    0.000000] percpu: Embedded 37 pages/cpu @ffff99fa3dc00000 s113368 r8192 d29992 u2097152
[STDERR  ] 2017-06-08T17:06:47.421634607Z: [    0.000000] Built 1 zonelists in Zone order, mobility grouping on.  Total pages: 257896
[STDERR  ] 2017-06-08T17:06:47.421653372Z: [    0.000000] Kernel command line: console=ttyS0
[STDERR  ] 2017-06-08T17:06:47.421669176Z: [    0.000000] PID hash table entries: 4096 (order: 3, 32768 bytes)
[STDERR  ] 2017-06-08T17:06:47.421681377Z: [    0.000000] Dentry cache hash table entries: 131072 (order: 8, 1048576 bytes)
[STDERR  ] 2017-06-08T17:06:47.421693721Z: [    0.000000] Inode-cache hash table entries: 65536 (order: 7, 524288 bytes)
[STDERR  ] 2017-06-08T17:06:47.421707983Z: [    0.000000] Memory: 978372K/1048052K available (9676K kernel code, 1603K rwdata, 3156K rodata, 1480K init, 592K bss, 69680K reserved, 0K cma-reserved)
[STDERR  ] 2017-06-08T17:06:47.421720489Z: [    0.000000] Hierarchical RCU implementation.
[STDERR  ] 2017-06-08T17:06:47.421732574Z: [    0.000000] 	Build-time adjustment of leaf fanout to 64.
[STDERR  ] 2017-06-08T17:06:47.421744721Z: [    0.000000] 	RCU restricting CPUs from NR_CPUS=128 to nr_cpu_ids=1.
[STDERR  ] 2017-06-08T17:06:47.421756886Z: [    0.000000] RCU: Adjusting geometry for rcu_fanout_leaf=64, nr_cpu_ids=1
[STDERR  ] 2017-06-08T17:06:47.421769041Z: [    0.000000] NR_IRQS:8448 nr_irqs:256 16
[STDERR  ] 2017-06-08T17:06:47.421775666Z: [    0.000000] Console: colour VGA+ 80x25
[STDERR  ] 2017-06-08T17:06:47.421796275Z: [    0.000000] console [ttyS0] enabled
[STDERR  ] 2017-06-08T17:06:47.421813298Z: [    0.000000] clocksource: hpet: mask: 0xffffffff max_cycles: 0xffffffff, max_idle_ns: 19112604467 ns
[STDERR  ] 2017-06-08T17:06:47.421825914Z: [    0.010000] tsc: Fast TSC calibration using PIT
[STDERR  ] 2017-06-08T17:06:47.421838033Z: [    0.020000] tsc: Detected 2300.123 MHz processor
[STDERR  ] 2017-06-08T17:06:47.421850208Z: [    0.020000] Calibrating delay loop (skipped), value calculated using timer frequency.. 4600.24 BogoMIPS (lpj=23001230)
[STDERR  ] 2017-06-08T17:06:47.421862497Z: [    0.020000] pid_max: default: 32768 minimum: 301
[STDERR  ] 2017-06-08T17:06:47.42187534Z: [    0.020000] ACPI: Core revision 20170119
[STDERR  ] 2017-06-08T17:06:47.421880703Z: [    0.072418] ACPI: 1 ACPI AML tables successfully acquired and loaded
[STDERR  ] 2017-06-08T17:06:47.421899952Z: [    0.075682] Security Framework initialized
[STDERR  ] 2017-06-08T17:06:47.42191112Z: [    0.076194] Yama: becoming mindful.
[STDERR  ] 2017-06-08T17:06:47.42192272Z: [    0.078095] Mount-cache hash table entries: 2048 (order: 2, 16384 bytes)
[STDERR  ] 2017-06-08T17:06:47.421934225Z: [    0.078658] Mountpoint-cache hash table entries: 2048 (order: 2, 16384 bytes)
[STDERR  ] 2017-06-08T17:06:47.421945385Z: [    0.096052] Last level iTLB entries: 4KB 0, 2MB 0, 4MB 0
[STDERR  ] 2017-06-08T17:06:47.42195696Z: [    0.096744] Last level dTLB entries: 4KB 0, 2MB 0, 4MB 0, 1GB 0
[STDERR  ] 2017-06-08T17:06:47.421971509Z: [    0.733214] Freeing SMP alternatives memory: 24K
[STDERR  ] 2017-06-08T17:06:47.421985095Z: [    0.741998] ftrace: allocating 42598 entries in 167 pages
[STDERR  ] 2017-06-08T17:06:47.421996263Z: [    0.942275] smpboot: Max logical packages: 1
[STDERR  ] 2017-06-08T17:06:47.422008086Z: [    0.947454] ..TIMER: vector=0x30 apic1=0 pin1=2 apic2=-1 pin2=-1
[STDERR  ] 2017-06-08T17:06:47.422019589Z: [    1.050000] smpboot: CPU0: AMD QEMU Virtual CPU version 2.5+ (family: 0x6, model: 0x6, stepping: 0x3)
[STDERR  ] 2017-06-08T17:06:47.422026679Z: [    1.050000] Performance Events: PMU not available due to virtualization, using software events only.
[STDERR  ] 2017-06-08T17:06:47.422048588Z: [    1.056123] NMI watchdog: disabled (cpu0): hardware events not enabled
[STDERR  ] 2017-06-08T17:06:47.422061387Z: [    1.056590] NMI watchdog: Shutting down hard lockup detector on all cpus
[STDERR  ] 2017-06-08T17:06:47.422067093Z: [    1.059344] smp: Bringing up secondary CPUs ...
[STDERR  ] 2017-06-08T17:06:47.42209122Z: [    1.059770] smp: Brought up 1 node, 1 CPU
[STDERR  ] 2017-06-08T17:06:47.422103297Z: [    1.060116] smpboot: Total of 1 processors activated (4600.24 BogoMIPS)
[STDERR  ] 2017-06-08T17:06:47.422115067Z: [    1.065234] sched_clock: Marking stable (1060000000, 0)->(1327334226, -267334226)
[STDERR  ] 2017-06-08T17:06:47.42213177Z: [    1.075017] devtmpfs: initialized
[STDERR  ] 2017-06-08T17:06:47.422143151Z: [    1.079096] x86/mm: Memory block size: 128MB
[STDERR  ] 2017-06-08T17:06:47.422149433Z: [    1.139882] clocksource: jiffies: mask: 0xffffffff max_cycles: 0xffffffff, max_idle_ns: 19112604462750000 ns
[STDERR  ] 2017-06-08T17:06:47.422164406Z: [    1.140729] futex hash table entries: 256 (order: 2, 16384 bytes)
[STDERR  ] 2017-06-08T17:06:47.422182513Z: [    1.149153] NET: Registered protocol family 16
[STDERR  ] 2017-06-08T17:06:47.422194024Z: [    1.156389] cpuidle: using governor ladder
[STDERR  ] 2017-06-08T17:06:47.422200247Z: [    1.156819] cpuidle: using governor menu
[STDERR  ] 2017-06-08T17:06:47.422211282Z: [    1.157214] PCCT header not found.
[STDERR  ] 2017-06-08T17:06:47.422229962Z: [    1.158255] ACPI: bus type PCI registered
[STDERR  ] 2017-06-08T17:06:47.422245413Z: [    1.161002] PCI: MMCONFIG for domain 0000 [bus 00-ff] at [mem 0xb0000000-0xbfffffff] (base 0xb0000000)
[STDERR  ] 2017-06-08T17:06:47.422253756Z: [    1.161884] PCI: MMCONFIG at [mem 0xb0000000-0xbfffffff] reserved in E820
[STDERR  ] 2017-06-08T17:06:47.42226494Z: [    1.163153] PCI: Using configuration type 1 for base access
[STDERR  ] 2017-06-08T17:06:47.422284969Z: [    1.215357] HugeTLB registered 2 MB page size, pre-allocated 0 pages
[STDERR  ] 2017-06-08T17:06:47.422291166Z: [    1.225276] ACPI: Added _OSI(Module Device)
[STDERR  ] 2017-06-08T17:06:47.422308957Z: [    1.225610] ACPI: Added _OSI(Processor Device)
[STDERR  ] 2017-06-08T17:06:47.422321122Z: [    1.225916] ACPI: Added _OSI(3.0 _SCP Extensions)
[STDERR  ] 2017-06-08T17:06:47.422326465Z: [    1.226233] ACPI: Added _OSI(Processor Aggregator Device)
[STDERR  ] 2017-06-08T17:06:47.42234444Z: [    1.300865] ACPI: Interpreter enabled
[STDERR  ] 2017-06-08T17:06:47.422359717Z: [    1.301653] ACPI: (supports S0 S5)
[STDERR  ] 2017-06-08T17:06:47.422372078Z: [    1.301953] ACPI: Using IOAPIC for interrupt routing
[STDERR  ] 2017-06-08T17:06:47.422386751Z: [    1.303662] PCI: Using host bridge windows from ACPI; if necessary, use "pci=nocrs" and report a bug
[STDERR  ] 2017-06-08T17:06:47.422399697Z: [    1.364096] ACPI: PCI Root Bridge [PCI0] (domain 0000 [bus 00-ff])
[STDERR  ] 2017-06-08T17:06:47.422411931Z: [    1.365000] acpi PNP0A08:00: _OSC: OS supports [ExtendedConfig ASPM ClockPM Segments MSI]
[STDERR  ] 2017-06-08T17:06:47.422424911Z: [    1.370631] acpi PNP0A08:00: _OSC: OS now controls [PCIeHotplug PME PCIeCapability]
[STDERR  ] 2017-06-08T17:06:47.422437321Z: [    1.374206] PCI host bridge to bus 0000:00
[STDERR  ] 2017-06-08T17:06:47.422449753Z: [    1.374735] pci_bus 0000:00: root bus resource [io  0x0000-0x0cf7 window]
[STDERR  ] 2017-06-08T17:06:47.422465952Z: [    1.375213] pci_bus 0000:00: root bus resource [io  0x0d00-0xffff window]
[STDERR  ] 2017-06-08T17:06:47.422478604Z: [    1.375667] pci_bus 0000:00: root bus resource [mem 0x000a0000-0x000bffff window]
[STDERR  ] 2017-06-08T17:06:47.422490599Z: [    1.376159] pci_bus 0000:00: root bus resource [mem 0xc0000000-0xfebfffff window]
[STDERR  ] 2017-06-08T17:06:47.422502168Z: [    1.376763] pci_bus 0000:00: root bus resource [bus 00-ff]
[STDERR  ] 2017-06-08T17:06:47.422514015Z: [    1.465684] pci 0000:00:1f.0: quirk: [io  0x0600-0x067f] claimed by ICH6 ACPI/GPIO/TCO
[STDERR  ] 2017-06-08T17:06:47.422520839Z: [    1.518140] ACPI: PCI Interrupt Link [LNKA] (IRQs 5 *10 11)
[STDERR  ] 2017-06-08T17:06:47.422539309Z: [    1.520591] ACPI: PCI Interrupt Link [LNKB] (IRQs 5 *10 11)
[STDERR  ] 2017-06-08T17:06:47.422545134Z: [    1.522248] ACPI: PCI Interrupt Link [LNKC] (IRQs 5 10 *11)
[STDERR  ] 2017-06-08T17:06:47.422564224Z: [    1.523896] ACPI: PCI Interrupt Link [LNKD] (IRQs 5 10 *11)
[STDERR  ] 2017-06-08T17:06:47.422581579Z: [    1.525579] ACPI: PCI Interrupt Link [LNKE] (IRQs 5 *10 11)
[STDERR  ] 2017-06-08T17:06:47.422593921Z: [    1.527221] ACPI: PCI Interrupt Link [LNKF] (IRQs 5 *10 11)
[STDERR  ] 2017-06-08T17:06:47.422605642Z: [    1.528854] ACPI: PCI Interrupt Link [LNKG] (IRQs 5 10 *11)
[STDERR  ] 2017-06-08T17:06:47.422616748Z: [    1.530684] ACPI: PCI Interrupt Link [LNKH] (IRQs 5 10 *11)
[STDERR  ] 2017-06-08T17:06:47.422639909Z: [    1.531460] ACPI: PCI Interrupt Link [GSIA] (IRQs *16)
[STDERR  ] 2017-06-08T17:06:47.422652224Z: [    1.532060] ACPI: PCI Interrupt Link [GSIB] (IRQs *17)
[STDERR  ] 2017-06-08T17:06:47.422658247Z: [    1.532652] ACPI: PCI Interrupt Link [GSIC] (IRQs *18)
[STDERR  ] 2017-06-08T17:06:47.422675884Z: [    1.533249] ACPI: PCI Interrupt Link [GSID] (IRQs *19)
[STDERR  ] 2017-06-08T17:06:47.42268184Z: [    1.533838] ACPI: PCI Interrupt Link [GSIE] (IRQs *20)
[STDERR  ] 2017-06-08T17:06:47.422700853Z: [    1.534473] ACPI: PCI Interrupt Link [GSIF] (IRQs *21)
[STDERR  ] 2017-06-08T17:06:47.422712421Z: [    1.535063] ACPI: PCI Interrupt Link [GSIG] (IRQs *22)
[STDERR  ] 2017-06-08T17:06:47.422724339Z: [    1.535654] ACPI: PCI Interrupt Link [GSIH] (IRQs *23)
[STDERR  ] 2017-06-08T17:06:47.422736496Z: [    1.538911] ACPI: Enabled 2 GPEs in block 00 to 3F
[STDERR  ] 2017-06-08T17:06:47.422751258Z: [    1.542599] SCSI subsystem initialized
[STDERR  ] 2017-06-08T17:06:47.42276351Z: [    1.544893] pps_core: LinuxPPS API ver. 1 registered
[STDERR  ] 2017-06-08T17:06:47.422775593Z: [    1.545254] pps_core: Software ver. 5.3.6 - Copyright 2005-2007 Rodolfo Giometti <giometti@linux.it>
[STDERR  ] 2017-06-08T17:06:47.422782103Z: [    1.545970] PTP clock support registered
[STDERR  ] 2017-06-08T17:06:47.427607228Z: [    1.546984] wmi: Mapper loaded
[STDERR  ] 2017-06-08T17:06:47.428397424Z: [    1.548039] PCI: Using ACPI for IRQ routing
[STDERR  ] 2017-06-08T17:06:47.42842849Z: [    1.566486] NetLabel: Initializing
[STDERR  ] 2017-06-08T17:06:47.428451259Z: [    1.566765] NetLabel:  domain hash size = 128
[STDERR  ] 2017-06-08T17:06:47.428607692Z: [    1.567063] NetLabel:  protocols = UNLABELED CIPSOv4 CALIPSO
[STDERR  ] 2017-06-08T17:06:47.428630459Z: [    1.568990] NetLabel:  unlabeled traffic allowed by default
[STDERR  ] 2017-06-08T17:06:47.428678273Z: [    1.570095] HPET: 3 timers in total, 0 timers will be used for per-cpu timer
[STDERR  ] 2017-06-08T17:06:47.428691419Z: [    1.570829] hpet0: at MMIO 0xfed00000, IRQs 2, 8, 0
[STDERR  ] 2017-06-08T17:06:47.428705862Z: [    1.571262] hpet0: 3 comparators, 64-bit 100.000000 MHz counter
[STDERR  ] 2017-06-08T17:06:47.428718825Z: [    1.576375] clocksource: Switched to clocksource hpet
[STDERR  ] 2017-06-08T17:06:47.42873058Z: [    1.877131] VFS: Disk quotas dquot_6.6.0
[STDERR  ] 2017-06-08T17:06:47.428747084Z: [    1.877861] VFS: Dquot-cache hash table entries: 512 (order 0, 4096 bytes)
[STDERR  ] 2017-06-08T17:06:47.428768454Z: [    1.880189] FS-Cache: Loaded
[STDERR  ] 2017-06-08T17:06:47.428780993Z: [    1.884837] CacheFiles: Loaded
[STDERR  ] 2017-06-08T17:06:47.42879619Z: [    1.886227] pnp: PnP ACPI init
[STDERR  ] 2017-06-08T17:06:47.428831027Z: [    1.897157] pnp: PnP ACPI: found 5 devices
[STDERR  ] 2017-06-08T17:06:47.428851819Z: [    1.935475] clocksource: acpi_pm: mask: 0xffffff max_cycles: 0xffffff, max_idle_ns: 2085701024 ns
[STDERR  ] 2017-06-08T17:06:47.428866866Z: [    1.938321] NET: Registered protocol family 2
[STDERR  ] 2017-06-08T17:06:47.428881079Z: [    1.944830] TCP established hash table entries: 8192 (order: 4, 65536 bytes)
[STDERR  ] 2017-06-08T17:06:47.428896264Z: [    1.945560] TCP bind hash table entries: 8192 (order: 5, 131072 bytes)
[STDERR  ] 2017-06-08T17:06:47.428910013Z: [    1.946235] TCP: Hash tables configured (established 8192 bind 8192)
[STDERR  ] 2017-06-08T17:06:47.428929767Z: [    1.948333] UDP hash table entries: 512 (order: 2, 16384 bytes)
[STDERR  ] 2017-06-08T17:06:47.428943972Z: [    1.948936] UDP-Lite hash table entries: 512 (order: 2, 16384 bytes)
[STDERR  ] 2017-06-08T17:06:47.428965223Z: [    1.952146] NET: Registered protocol family 1
[STDERR  ] 2017-06-08T17:06:47.428993967Z: [    1.955327] RPC: Registered named UNIX socket transport module.
[STDERR  ] 2017-06-08T17:06:47.429009495Z: [    1.955783] RPC: Registered udp transport module.
[STDERR  ] 2017-06-08T17:06:47.429029618Z: [    1.956107] RPC: Registered tcp transport module.
[STDERR  ] 2017-06-08T17:06:47.429044382Z: [    1.956642] RPC: Registered tcp NFSv4.1 backchannel transport module.
[STDERR  ] 2017-06-08T17:06:47.429063729Z: [    1.957424] pci 0000:00:01.0: Video device with shadowed ROM at [mem 0x000c0000-0x000dffff]
[STDERR  ] 2017-06-08T17:06:47.429078924Z: [    1.964791] Unpacking initramfs...
[STDERR  ] 2017-06-08T17:06:47.429095351Z: [    6.798863] Freeing initrd memory: 33380K
[STDERR  ] 2017-06-08T17:06:47.429108558Z: [    6.824589] PCLMULQDQ-NI instructions are not detected.
[STDERR  ] 2017-06-08T17:06:47.429121172Z: [    6.825833] AVX or AES-NI instructions are not detected.
[STDERR  ] 2017-06-08T17:06:47.429131836Z: [    6.826580] CPU feature 'AVX registers' is not supported.
[STDERR  ] 2017-06-08T17:06:47.42916603Z: [    6.826987] CPU feature 'AVX registers' is not supported.
[STDERR  ] 2017-06-08T17:06:47.429184281Z: [    6.827388] CPU feature 'AVX registers' is not supported.
[STDERR  ] 2017-06-08T17:06:47.429198535Z: [    6.827781] CPU feature 'AVX registers' is not supported.
[STDERR  ] 2017-06-08T17:06:47.429211156Z: [    6.828171] AVX2 or AES-NI instructions are not detected.
[STDERR  ] 2017-06-08T17:06:47.429226188Z: [    6.828561] AVX2 instructions are not detected.
[STDERR  ] 2017-06-08T17:06:47.429238592Z: [    6.832999] audit: initializing netlink subsys (disabled)
[STDERR  ] 2017-06-08T17:06:47.429253085Z: [    6.835668] audit: type=2000 audit(1496941571.820:1): state=initialized audit_enabled=0 res=1
[STDERR  ] 2017-06-08T17:06:47.429266838Z: [    6.842070] workingset: timestamp_bits=46 max_order=18 bucket_order=0
[STDERR  ] 2017-06-08T17:06:47.429281645Z: [    6.848511] FS-Cache: Netfs 'nfs' registered for caching
[STDERR  ] 2017-06-08T17:06:47.429294861Z: [    6.850273] NFS: Registering the id_resolver key type
[STDERR  ] 2017-06-08T17:06:47.429329217Z: [    6.851505] Key type id_resolver registered
[STDERR  ] 2017-06-08T17:06:47.429337557Z: [    6.851832] Key type id_legacy registered
[STDERR  ] 2017-06-08T17:06:47.429353466Z: [    6.852221] nfs4filelayout_init: NFSv4 File Layout Driver Registering...
[STDERR  ] 2017-06-08T17:06:47.429377186Z: [    6.852985] Installing knfsd (copyright (C) 1996 okir@monad.swb.de).
[STDERR  ] 2017-06-08T17:06:47.429383939Z: [    6.857469] FS-Cache: Netfs 'cifs' registered for caching
[STDERR  ] 2017-06-08T17:06:47.429409304Z: [    6.858377] ntfs: driver 2.1.32 [Flags: R/O].
[STDERR  ] 2017-06-08T17:06:47.429421779Z: [    6.858890] fuse init (API version 7.26)
[STDERR  ] 2017-06-08T17:06:47.429429241Z: [    6.860791] SGI XFS with ACLs, security attributes, no debug enabled
[STDERR  ] 2017-06-08T17:06:47.429449799Z: [    6.864739] 9p: Installing v9fs 9p2000 file system support
[STDERR  ] 2017-06-08T17:06:47.429484617Z: [    6.865202] FS-Cache: Netfs '9p' registered for caching
[STDERR  ] 2017-06-08T17:06:47.429500836Z: [    6.902312] NET: Registered protocol family 38
[STDERR  ] 2017-06-08T17:06:47.429515469Z: [    6.902846] Key type asymmetric registered
[STDERR  ] 2017-06-08T17:06:47.429530069Z: [    6.903185] Asymmetric key parser 'x509' registered
[STDERR  ] 2017-06-08T17:06:47.42953683Z: [    6.903891] Block layer SCSI generic (bsg) driver version 0.4 loaded (major 251)
[STDERR  ] 2017-06-08T17:06:47.429550466Z: [    6.905179] io scheduler noop registered
[STDERR  ] 2017-06-08T17:06:47.429571144Z: [    6.905506] io scheduler deadline registered (default)
[STDERR  ] 2017-06-08T17:06:47.429578997Z: [    6.907074] io scheduler cfq registered
[STDERR  ] 2017-06-08T17:06:47.429591269Z: [    6.907379] io scheduler mq-deadline registered
[STDERR  ] 2017-06-08T17:06:47.429612539Z: [    6.910204] shpchp: Standard Hot Plug PCI Controller Driver version: 0.4
[STDERR  ] 2017-06-08T17:06:47.429652467Z: [    6.910939] hv_vmbus: registering driver hyperv_fb
[STDERR  ] 2017-06-08T17:06:47.429668924Z: [    6.913581] input: Power Button as /devices/LNXSYSTM:00/LNXPWRBN:00/input/input0
[STDERR  ] 2017-06-08T17:06:47.429682723Z: [    6.914765] ACPI: Power Button [PWRF]
[STDERR  ] 2017-06-08T17:06:47.429695421Z: [    6.919800] GHES: HEST is not enabled!
[STDERR  ] 2017-06-08T17:06:47.429712579Z: [    6.932164] ACPI: PCI Interrupt Link [GSIH] enabled at IRQ 23
[STDERR  ] 2017-06-08T17:06:47.429732Z: [    6.938254] xenfs: not registering filesystem on non-xen platform
[STDERR  ] 2017-06-08T17:06:47.429740179Z: [    6.940046] Serial: 8250/16550 driver, 4 ports, IRQ sharing disabled
[STDERR  ] 2017-06-08T17:06:47.429751978Z: [    6.966385] 00:04: ttyS0 at I/O 0x3f8 (irq = 4, base_baud = 115200) is a 16550A
[STDERR  ] 2017-06-08T17:06:47.42977706Z: [    6.972074] Initializing Nozomi driver 2.1d
[STDERR  ] 2017-06-08T17:06:47.429790004Z: [    6.975992] Non-volatile memory driver v1.3
[STDERR  ] 2017-06-08T17:06:47.429834301Z: [    6.981976] Hangcheck: starting hangcheck timer 0.9.1 (tick is 180 seconds, margin is 60 seconds).
[STDERR  ] 2017-06-08T17:06:47.429841516Z: [    6.988466] random: fast init done
[STDERR  ] 2017-06-08T17:06:47.429862043Z: [    6.989684] random: crng init done
[STDERR  ] 2017-06-08T17:06:47.429868004Z: [    7.026487] loop: module loaded
[STDERR  ] 2017-06-08T17:06:47.429893483Z: [    7.080317] lpc_ich 0000:00:1f.0: I/O space for GPIO uninitialized
[STDERR  ] 2017-06-08T17:06:47.429900509Z: [    7.081753] VMware PVSCSI driver - version 1.0.7.0-k
[STDERR  ] 2017-06-08T17:06:47.429921347Z: [    7.082370] hv_vmbus: registering driver hv_storvsc
[STDERR  ] 2017-06-08T17:06:47.429933845Z: [    7.092684] ACPI: PCI Interrupt Link [GSIA] enabled at IRQ 16
[STDERR  ] 2017-06-08T17:06:47.429941578Z: [    7.099058] ahci 0000:00:1f.2: AHCI 0001.0000 32 slots 6 ports 1.5 Gbps 0x3f impl SATA mode
[STDERR  ] 2017-06-08T17:06:47.429983679Z: [    7.099741] ahci 0000:00:1f.2: flags: ncq only 
[STDERR  ] 2017-06-08T17:06:47.429996473Z: [    7.115368] scsi host0: ahci
[STDERR  ] 2017-06-08T17:06:47.430011452Z: [    7.118605] scsi host1: ahci
[STDERR  ] 2017-06-08T17:06:47.430023895Z: [    7.120373] scsi host2: ahci
[STDERR  ] 2017-06-08T17:06:47.430038906Z: [    7.122045] scsi host3: ahci
[STDERR  ] 2017-06-08T17:06:47.430055631Z: [    7.123856] scsi host4: ahci
[STDERR  ] 2017-06-08T17:06:47.430070449Z: [    7.125546] scsi host5: ahci
[STDERR  ] 2017-06-08T17:06:47.430077379Z: [    7.127173] ata1: SATA max UDMA/133 abar m4096@0xfebf1000 port 0xfebf1100 irq 24
[STDERR  ] 2017-06-08T17:06:47.430102754Z: [    7.127721] ata2: SATA max UDMA/133 abar m4096@0xfebf1000 port 0xfebf1180 irq 24
[STDERR  ] 2017-06-08T17:06:47.430115778Z: [    7.128205] ata3: SATA max UDMA/133 abar m4096@0xfebf1000 port 0xfebf1200 irq 24
[STDERR  ] 2017-06-08T17:06:47.430141798Z: [    7.128686] ata4: SATA max UDMA/133 abar m4096@0xfebf1000 port 0xfebf1280 irq 24
[STDERR  ] 2017-06-08T17:06:47.430165587Z: [    7.129166] ata5: SATA max UDMA/133 abar m4096@0xfebf1000 port 0xfebf1300 irq 24
[STDERR  ] 2017-06-08T17:06:47.43017911Z: [    7.129646] ata6: SATA max UDMA/133 abar m4096@0xfebf1000 port 0xfebf1380 irq 24
[STDERR  ] 2017-06-08T17:06:47.430195957Z: [    7.138253] Ethernet Channel Bonding Driver: v3.7.1 (April 27, 2011)
[STDERR  ] 2017-06-08T17:06:47.430209698Z: [    7.153588] tun: Universal TUN/TAP device driver, 1.6
[STDERR  ] 2017-06-08T17:06:47.430223747Z: [    7.155066] ena: Elastic Network Adapter (ENA) v1.1.2
[STDERR  ] 2017-06-08T17:06:47.430237118Z: [    7.156682] e1000: Intel(R) PRO/1000 Network Driver - version 7.3.21-k8-NAPI
[STDERR  ] 2017-06-08T17:06:47.430244021Z: [    7.157163] e1000: Copyright (c) 1999-2006 Intel Corporation.
[STDERR  ] 2017-06-08T17:06:47.430263041Z: [    7.165320] ACPI: PCI Interrupt Link [GSIG] enabled at IRQ 22
[STDERR  ] 2017-06-08T17:06:47.430281899Z: [    7.462650] ata2: SATA link down (SStatus 0 SControl 300)
[STDERR  ] 2017-06-08T17:06:47.430482543Z: [    7.464681] ata1: SATA link down (SStatus 0 SControl 300)
[STDERR  ] 2017-06-08T17:06:47.430513936Z: [    7.470004] ata6: SATA link down (SStatus 0 SControl 300)
[STDERR  ] 2017-06-08T17:06:47.430527847Z: [    7.470670] ata5: SATA link down (SStatus 0 SControl 300)
[STDERR  ] 2017-06-08T17:06:47.43054017Z: [    7.471127] ata4: SATA link down (SStatus 0 SControl 300)
[STDERR  ] 2017-06-08T17:06:47.430559336Z: [    7.471828] ata3: SATA link up 1.5 Gbps (SStatus 113 SControl 300)
[STDERR  ] 2017-06-08T17:06:47.430579122Z: [    7.475414] ata3.00: ATAPI: QEMU DVD-ROM, 2.5+, max UDMA/100
[STDERR  ] 2017-06-08T17:06:47.430592902Z: [    7.475907] ata3.00: applying bridge limits
[STDERR  ] 2017-06-08T17:06:47.430601742Z: [    7.477990] ata3.00: configured for UDMA/100
[STDERR  ] 2017-06-08T17:06:47.430616604Z: [    7.491216] scsi 2:0:0:0: CD-ROM            QEMU     QEMU DVD-ROM     2.5+ PQ: 0 ANSI: 5
[STDERR  ] 2017-06-08T17:06:47.430836761Z: [    7.509001] sr 2:0:0:0: [sr0] scsi3-mmc drive: 4x/4x cd/rw xa/form2 tray
[STDERR  ] 2017-06-08T17:06:47.430850989Z: [    7.509659] cdrom: Uniform CD-ROM driver Revision: 3.20
[STDERR  ] 2017-06-08T17:06:47.430866719Z: [    7.514981] sr 2:0:0:0: Attached scsi generic sg0 type 5
[STDERR  ] 2017-06-08T17:06:47.430872908Z: [    7.529807] e1000 0000:00:02.0 eth0: (PCI:33MHz:32-bit) 52:54:00:12:34:56
[STDERR  ] 2017-06-08T17:06:47.430894427Z: [    7.530386] e1000 0000:00:02.0 eth0: Intel(R) PRO/1000 Network Connection
[STDERR  ] 2017-06-08T17:06:47.430907785Z: [    7.531175] e1000e: Intel(R) PRO/1000 Network Driver - 3.2.6-k
[STDERR  ] 2017-06-08T17:06:47.430914893Z: [    7.531577] e1000e: Copyright(c) 1999 - 2015 Intel Corporation.
[STDERR  ] 2017-06-08T17:06:47.430934609Z: [    7.532232] igb: Intel(R) Gigabit Ethernet Network Driver - version 5.4.0-k
[STDERR  ] 2017-06-08T17:06:47.43095021Z: [    7.532698] igb: Copyright (c) 2007-2014 Intel Corporation.
[STDERR  ] 2017-06-08T17:06:47.431161218Z: [    7.533325] igbvf: Intel(R) Gigabit Virtual Function Network Driver - version 2.4.0-k
[STDERR  ] 2017-06-08T17:06:47.431176255Z: [    7.533901] igbvf: Copyright (c) 2009 - 2012 Intel Corporation.
[STDERR  ] 2017-06-08T17:06:47.431190902Z: [    7.534527] ixgbe: Intel(R) 10 Gigabit PCI Express Network Driver - version 5.0.0-k
[STDERR  ] 2017-06-08T17:06:47.431203908Z: [    7.535037] ixgbe: Copyright (c) 1999-2016 Intel Corporation.
[STDERR  ] 2017-06-08T17:06:47.431212785Z: [    7.536832] ixgbevf: Intel(R) 10 Gigabit PCI Express Virtual Function Network Driver - version 3.2.2-k
[STDERR  ] 2017-06-08T17:06:47.431225878Z: [    7.537454] ixgbevf: Copyright (c) 2009 - 2015 Intel Corporation.
[STDERR  ] 2017-06-08T17:06:47.43124817Z: [    7.538597] ixgb: Intel(R) PRO/10GbE Network Driver - version 1.0.135-k2-NAPI
[STDERR  ] 2017-06-08T17:06:47.431268762Z: [    7.539082] ixgb: Copyright (c) 1999-2008 Intel Corporation.
[STDERR  ] 2017-06-08T17:06:47.431282412Z: [    7.539915] PPP generic driver version 2.4.2
[STDERR  ] 2017-06-08T17:06:47.431493039Z: [    7.541191] PPP BSD Compression module registered
[STDERR  ] 2017-06-08T17:06:47.431501129Z: [    7.541572] PPP Deflate Compression module registered
[STDERR  ] 2017-06-08T17:06:47.431514256Z: [    7.542117] PPP MPPE Compression module registered
[STDERR  ] 2017-06-08T17:06:47.431535314Z: [    7.542481] NET: Registered protocol family 24
[STDERR  ] 2017-06-08T17:06:47.431548942Z: [    7.543014] PPTP driver version 0.8.5
[STDERR  ] 2017-06-08T17:06:47.431562639Z: [    7.544250] VMware vmxnet3 virtual NIC driver - version 1.4.a.0-k-NAPI
[STDERR  ] 2017-06-08T17:06:47.431576915Z: [    7.545024] hv_vmbus: registering driver hv_netvsc
[STDERR  ] 2017-06-08T17:06:47.431589406Z: [    7.545376] Fusion MPT base driver 3.04.20
[STDERR  ] 2017-06-08T17:06:47.431597679Z: [    7.545660] Copyright (c) 1999-2008 LSI Corporation
[STDERR  ] 2017-06-08T17:06:47.431610974Z: [    7.546554] Fusion MPT SPI Host driver 3.04.20
[STDERR  ] 2017-06-08T17:06:47.431720668Z: [    7.551219] aoe: AoE v85 initialised.
[STDERR  ] 2017-06-08T17:06:47.431736211Z: [    7.552894] i8042: PNP: PS/2 Controller [PNP0303:KBD,PNP0f13:MOU] at 0x60,0x64 irq 1,12
[STDERR  ] 2017-06-08T17:06:47.431758045Z: [    7.557654] serio: i8042 KBD port at 0x60,0x64 irq 1
[STDERR  ] 2017-06-08T17:06:47.431771059Z: [    7.558276] serio: i8042 AUX port at 0x60,0x64 irq 12
[STDERR  ] 2017-06-08T17:06:47.431804901Z: [    7.560648] hv_vmbus: registering driver hyperv_keyboard
[STDERR  ] 2017-06-08T17:06:47.431821703Z: [    7.562442] mousedev: PS/2 mouse device common for all mice
[STDERR  ] 2017-06-08T17:06:47.43184335Z: [    7.566951] input: AT Translated Set 2 keyboard as /devices/platform/i8042/serio0/input/input1
[STDERR  ] 2017-06-08T17:06:47.431856696Z: [    7.569269] input: PC Speaker as /devices/platform/pcspkr/input/input2
[STDERR  ] 2017-06-08T17:06:47.431873167Z: [    7.572574] rtc_cmos 00:00: RTC can wake from S4
[STDERR  ] 2017-06-08T17:06:47.431885749Z: [    7.575469] rtc_cmos 00:00: rtc core: registered rtc_cmos as rtc0
[STDERR  ] 2017-06-08T17:06:47.431901278Z: [    7.577086] rtc_cmos 00:00: alarms up to one day, y3k, 114 bytes nvram, hpet irqs
[STDERR  ] 2017-06-08T17:06:47.431911274Z: [    7.577755] i2c /dev entries driver
[STDERR  ] 2017-06-08T17:06:47.431926941Z: [    7.579502] device-mapper: ioctl: 4.35.0-ioctl (2016-06-23) initialised: dm-devel@redhat.com
[STDERR  ] 2017-06-08T17:06:47.431969039Z: [    7.583266] hv_utils: Registering HyperV Utility Driver
[STDERR  ] 2017-06-08T17:06:47.431984628Z: [    7.583646] hv_vmbus: registering driver hv_util
[STDERR  ] 2017-06-08T17:06:47.431999295Z: [    7.584029] hv_vmbus: registering driver hv_balloon
[STDERR  ] 2017-06-08T17:06:47.432011697Z: [    7.584523] oprofile: using NMI interrupt.
[STDERR  ] 2017-06-08T17:06:47.432027378Z: [    7.585617] GACT probability on
[STDERR  ] 2017-06-08T17:06:47.432041239Z: [    7.586437] Mirror/redirect action on
[STDERR  ] 2017-06-08T17:06:47.432054751Z: [    7.587216] Simple TC action Loaded
[STDERR  ] 2017-06-08T17:06:47.432067302Z: [    7.589561] netem: version 1.3
[STDERR  ] 2017-06-08T17:06:47.432084385Z: [    7.589834] u32 classifier
[STDERR  ] 2017-06-08T17:06:47.43209147Z: [    7.590033]     Performance counters on
[STDERR  ] 2017-06-08T17:06:47.43211131Z: [    7.590294]     input device check on
[STDERR  ] 2017-06-08T17:06:47.432147804Z: [    7.590544]     Actions configured
[STDERR  ] 2017-06-08T17:06:47.432162393Z: [    7.591097] Netfilter messages via NETLINK v0.30.
[STDERR  ] 2017-06-08T17:06:47.432169679Z: [    7.591625] nfnl_acct: registering with nfnetlink.
[STDERR  ] 2017-06-08T17:06:47.432189147Z: [    7.593220] nf_conntrack version 0.5.0 (8192 buckets, 32768 max)
[STDERR  ] 2017-06-08T17:06:47.432197095Z: [    7.595493] ctnetlink v0.93: registering with nfnetlink.
[STDERR  ] 2017-06-08T17:06:47.432228439Z: [    7.598628] nf_tables: (c) 2007-2009 Patrick McHardy <kaber@trash.net>
[STDERR  ] 2017-06-08T17:06:47.432246109Z: [    7.599447] nf_tables_compat: (c) 2012 Pablo Neira Ayuso <pablo@netfilter.org>
[STDERR  ] 2017-06-08T17:06:47.432268265Z: [    7.601884] xt_time: kernel timezone is -0000
[STDERR  ] 2017-06-08T17:06:47.432304786Z: [    7.602395] ip_set: protocol 6
[STDERR  ] 2017-06-08T17:06:47.432313623Z: [    7.603020] IPVS: Registered protocols (TCP, UDP, SCTP, AH, ESP)
[STDERR  ] 2017-06-08T17:06:47.432328102Z: [    7.603595] IPVS: Connection hash table configured (size=4096, memory=64Kbytes)
[STDERR  ] 2017-06-08T17:06:47.432349815Z: [    7.605209] IPVS: Creating netns size=2096 id=0
[STDERR  ] 2017-06-08T17:06:47.432363399Z: [    7.608351] IPVS: ipvs loaded.
[STDERR  ] 2017-06-08T17:06:47.432376954Z: [    7.608708] IPVS: [rr] scheduler registered.
[STDERR  ] 2017-06-08T17:06:47.432391632Z: [    7.609037] IPVS: [wrr] scheduler registered.
[STDERR  ] 2017-06-08T17:06:47.432398321Z: [    7.609339] IPVS: [lc] scheduler registered.
[STDERR  ] 2017-06-08T17:06:47.432424068Z: [    7.609633] IPVS: [wlc] scheduler registered.
[STDERR  ] 2017-06-08T17:06:47.432438628Z: [    7.609932] IPVS: [fo] scheduler registered.
[STDERR  ] 2017-06-08T17:06:47.432445629Z: [    7.610225] IPVS: [ovf] scheduler registered.
[STDERR  ] 2017-06-08T17:06:47.432498731Z: [    7.610632] IPVS: [lblc] scheduler registered.
[STDERR  ] 2017-06-08T17:06:47.432505991Z: [    7.611031] IPVS: [lblcr] scheduler registered.
[STDERR  ] 2017-06-08T17:06:47.432525481Z: [    7.611360] IPVS: [dh] scheduler registered.
[STDERR  ] 2017-06-08T17:06:47.432539309Z: [    7.611658] IPVS: [sh] scheduler registered.
[STDERR  ] 2017-06-08T17:06:47.432545476Z: [    7.611953] IPVS: [sed] scheduler registered.
[STDERR  ] 2017-06-08T17:06:47.432572045Z: [    7.612253] IPVS: [nq] scheduler registered.
[STDERR  ] 2017-06-08T17:06:47.432578392Z: [    7.612942] IPVS: ftp: loaded support on port[0] = 21
[STDERR  ] 2017-06-08T17:06:47.432592767Z: [    7.613769] ipip: IPv4 and MPLS over IPv4 tunneling driver
[STDERR  ] 2017-06-08T17:06:47.43263716Z: [    7.617536] gre: GRE over IPv4 demultiplexor driver
[STDERR  ] 2017-06-08T17:06:47.43265375Z: [    7.617915] ip_gre: GRE over IPv4 tunneling driver
[STDERR  ] 2017-06-08T17:06:47.432666223Z: [    7.621687] IPv4 over IPsec tunneling driver
[STDERR  ] 2017-06-08T17:06:47.432682376Z: [    7.627362] ip_tables: (C) 2000-2006 Netfilter Core Team
[STDERR  ] 2017-06-08T17:06:47.432694995Z: [    7.630510] ipt_CLUSTERIP: ClusterIP Version 0.8 loaded successfully
[STDERR  ] 2017-06-08T17:06:47.43270978Z: [    7.631173] arp_tables: arp_tables: (C) 2002 David S. Miller
[STDERR  ] 2017-06-08T17:06:47.43271639Z: [    7.632963] Initializing XFRM netlink socket
[STDERR  ] 2017-06-08T17:06:47.432727985Z: [    7.634337] NET: Registered protocol family 10
[STDERR  ] 2017-06-08T17:06:47.432749331Z: [    7.645822] Segment Routing with IPv6
[STDERR  ] 2017-06-08T17:06:47.432762253Z: [    7.647376] mip6: Mobile IPv6
[STDERR  ] 2017-06-08T17:06:47.432768841Z: [    7.648219] ip6_tables: (C) 2000-2006 Netfilter Core Team
[STDERR  ] 2017-06-08T17:06:47.432802037Z: [    7.655163] sit: IPv6, IPv4 and MPLS over IPv4 tunneling driver
[STDERR  ] 2017-06-08T17:06:47.432822663Z: [    7.660809] ip6_gre: GRE over IPv6 tunneling driver
[STDERR  ] 2017-06-08T17:06:47.432835754Z: [    7.663571] NET: Registered protocol family 17
[STDERR  ] 2017-06-08T17:06:47.432851368Z: [    7.664185] NET: Registered protocol family 15
[STDERR  ] 2017-06-08T17:06:47.432865447Z: [    7.665071] Bridge firewalling registered
[STDERR  ] 2017-06-08T17:06:47.432878095Z: [    7.665575] Ebtables v2.0 registered
[STDERR  ] 2017-06-08T17:06:47.432885951Z: [    7.668875] l2tp_core: L2TP core driver, V2.0
[STDERR  ] 2017-06-08T17:06:47.432904528Z: [    7.669302] l2tp_ppp: PPPoL2TP kernel driver, V2.0
[STDERR  ] 2017-06-08T17:06:47.432919739Z: [    7.669646] 8021q: 802.1Q VLAN Support v1.8
[STDERR  ] 2017-06-08T17:06:47.43293241Z: [    7.670955] 9pnet: Installing 9P2000 support
[STDERR  ] 2017-06-08T17:06:47.432939194Z: [    7.671717] Key type dns_resolver registered
[STDERR  ] 2017-06-08T17:06:47.432982562Z: [    7.672068] openvswitch: Open vSwitch switching datapath
[STDERR  ] 2017-06-08T17:06:47.432997847Z: [    7.674189] mpls_gso: MPLS GSO support
[STDERR  ] 2017-06-08T17:06:47.43301038Z: [    7.677822] registered taskstats version 1
[STDERR  ] 2017-06-08T17:06:47.433018628Z: [    7.811758] Key type big_key registered
[STDERR  ] 2017-06-08T17:06:47.433050211Z: [    7.847151] tsc: Refined TSC clocksource calibration: 2300.037 MHz
[STDERR  ] 2017-06-08T17:06:47.43305681Z: [    7.847693] clocksource: tsc: mask: 0xffffffffffffffff max_cycles: 0x21275849845, max_idle_ns: 440795280423 ns
[STDERR  ] 2017-06-08T17:06:47.433078515Z: [    7.856419] Key type encrypted registered
[STDERR  ] 2017-06-08T17:06:47.433091908Z: [    7.860636] rtc_cmos 00:00: setting system clock to 2017-06-08 17:06:13 UTC (1496941573)
[STDERR  ] 2017-06-08T17:06:47.433105817Z: [    8.016305] Freeing unused kernel memory: 1480K
[STDERR  ] 2017-06-08T17:06:47.433145178Z: [    8.016715] Write protecting the kernel read-only data: 14336k
[STDERR  ] 2017-06-08T17:06:47.433157779Z: [    8.026019] Freeing unused kernel memory: 548K
[STDERR  ] 2017-06-08T17:06:47.433165814Z: [    8.129809] Freeing unused kernel memory: 940K
[STDERR  ] 2017-06-08T17:06:47.433190555Z: [    8.866965] clocksource: Switched to clocksource tsc
[STDERR  ] 2017-06-08T17:06:47.433205703Z: 
[STDERR  ] 2017-06-08T17:06:47.433211511Z: Welcome to LinuxKit
[STDERR  ] 2017-06-08T17:06:47.433232997Z: 
[STDERR  ] 2017-06-08T17:06:47.433249288Z:                         ##         .
[STDERR  ] 2017-06-08T17:06:47.433263707Z:                   ## ## ##        ==
[STDERR  ] 2017-06-08T17:06:47.433302072Z:                ## ## ## ## ##    ===
[STDERR  ] 2017-06-08T17:06:47.433308869Z:            /"""""""""""""""""\___/ ===
[STDERR  ] 2017-06-08T17:06:47.433335383Z:       ~~~ {~~ ~~~~ ~~~ ~~~~ ~~~ ~ /  ===- ~~~
[STDERR  ] 2017-06-08T17:06:47.433341328Z:            \______ o           __/
[STDERR  ] 2017-06-08T17:06:47.433362862Z:              \    \         __/
[STDERR  ] 2017-06-08T17:06:47.433375397Z:               \____\_______/
[STDERR  ] 2017-06-08T17:06:47.433389766Z: 
[STDERR  ] 2017-06-08T17:06:47.433402152Z: 
[STDERR  ] 2017-06-08T17:06:47.433413677Z: 
[STDERR  ] 2017-06-08T17:06:47.433426713Z: Starting containerd
[STDERR  ] 2017-06-08T17:06:47.433467908Z: / # [6n[34mINFO[0m[0000] starting containerd boot...                   [34mmodule[0m=containerd
[STDERR  ] 2017-06-08T17:06:47.433476646Z: [34mINFO[0m[0000] starting debug API...                         [34mdebug[0m="/run/containerd/debug.sock" [34mmodule[0m=containerd
[STDERR  ] 2017-06-08T17:06:47.433491703Z: [34mINFO[0m[0000] loading monitor plugin "cgroups"...           [34mmodule[0m=containerd
[STDERR  ] 2017-06-08T17:06:47.433513556Z: [34mINFO[0m[0000] loading runtime plugin "linux"...             [34mmodule[0m=containerd
[STDERR  ] 2017-06-08T17:06:47.433527756Z: [34mINFO[0m[0000] loading snapshot plugin "snapshot-overlay"...  [34mmodule[0m=containerd
[STDERR  ] 2017-06-08T17:06:47.433543615Z: [34mINFO[0m[0000] loading differ plugin "diff-base"...          [34mmodule[0m=containerd
[STDERR  ] 2017-06-08T17:06:47.433556166Z: [34mINFO[0m[0000] loading grpc service plugin "metrics-grpc"...  [34mmodule[0m=containerd
[STDERR  ] 2017-06-08T17:06:47.433572085Z: [34mINFO[0m[0000] loading grpc service plugin "version-grpc"...  [34mmodule[0m=containerd
[STDERR  ] 2017-06-08T17:06:47.433586231Z: [34mINFO[0m[0000] loading grpc service plugin "diff-grpc"...    [34mmodule[0m=containerd
[STDERR  ] 2017-06-08T17:06:47.433593673Z: [34mINFO[0m[0000] loading grpc service plugin "tasks-grpc"...   [34mmodule[0m=containerd
[STDERR  ] 2017-06-08T17:06:47.433631749Z: [34mINFO[0m[0000] loading grpc service plugin "images-grpc"...  [34mmodule[0m=containerd
[STDERR  ] 2017-06-08T17:06:47.433652065Z: [34mINFO[0m[0000] loading grpc service plugin "snapshots-grpc"...  [34mmodule[0m=containerd
[STDERR  ] 2017-06-08T17:06:47.43366331Z: [34mINFO[0m[0000] loading grpc service plugin "content-grpc"...  [34mmodule[0m=containerd
[STDERR  ] 2017-06-08T17:06:47.433675699Z: [34mINFO[0m[0000] loading grpc service plugin "healthcheck-grpc"...  [34mmodule[0m=containerd
[STDERR  ] 2017-06-08T17:06:47.433698034Z: [34mINFO[0m[0000] loading grpc service plugin "containers-grpc"...  [34mmodule[0m=containerd
[STDERR  ] 2017-06-08T17:06:47.433714019Z: [34mINFO[0m[0000] loading grpc service plugin "namespaces-grpc"...  [34mmodule[0m=containerd
[STDERR  ] 2017-06-08T17:06:47.433728616Z: [34mINFO[0m[0000] starting GRPC API server...                   [34mmodule[0m=containerd
[STDERR  ] 2017-06-08T17:06:47.433751245Z: [34mINFO[0m[0000] containerd successfully booted in 0.185691s   [34mmodule[0m=containerd
[STDERR  ] 2017-06-08T17:06:47.433763605Z: starting kernel config sanity test with /proc/config.gz
[STDERR  ] 2017-06-08T17:06:47.433801551Z: CONFIG_DEBUG_RODATA=y
[STDERR  ] 2017-06-08T17:06:47.433810412Z: CONFIG_DEBUG_SET_MODULE_RONX=y
[STDERR  ] 2017-06-08T17:06:47.433829121Z: CONFIG_BUG_ON_DATA_CORRUPTION=y
[STDERR  ] 2017-06-08T17:06:47.433844561Z: kernel config test succeeded!
[STDERR  ] 2017-06-08T17:06:47.433857047Z: [37minfo: reading kernel config from /proc/config.gz ...[m
[STDERR  ] 2017-06-08T17:06:47.433878455Z: 
[STDERR  ] 2017-06-08T17:06:47.433891547Z: Generally Necessary:
[STDERR  ] 2017-06-08T17:06:47.433899334Z: - [37mcgroup hierarchy[m: [32mproperly mounted[m [/sys/fs/cgroup]
[STDERR  ] 2017-06-08T17:06:47.43391929Z: - [37mCONFIG_NAMESPACES[m: [32menabled[m
[STDERR  ] 2017-06-08T17:06:47.433926173Z: - [37mCONFIG_NET_NS[m: [32menabled[m
[STDERR  ] 2017-06-08T17:06:47.433968904Z: - [37mCONFIG_PID_NS[m: [32menabled[m
[STDERR  ] 2017-06-08T17:06:47.433974732Z: - [37mCONFIG_IPC_NS[m: [32menabled[m
[STDERR  ] 2017-06-08T17:06:47.434001544Z: - [37mCONFIG_UTS_NS[m: [32menabled[m
[STDERR  ] 2017-06-08T17:06:47.434014846Z: - [37mCONFIG_CGROUPS[m: [32menabled[m
[STDERR  ] 2017-06-08T17:06:47.434023263Z: - [37mCONFIG_CGROUP_CPUACCT[m: [32menabled[m
[STDERR  ] 2017-06-08T17:06:47.434041454Z: - [37mCONFIG_CGROUP_DEVICE[m: [32menabled[m
[STDERR  ] 2017-06-08T17:06:47.434055201Z: - [37mCONFIG_CGROUP_FREEZER[m: [32menabled[m
[STDERR  ] 2017-06-08T17:06:47.434067381Z: - [37mCONFIG_CGROUP_SCHED[m: [32menabled[m
[STDERR  ] 2017-06-08T17:06:47.434082108Z: - [37mCONFIG_CPUSETS[m: [32menabled[m
[STDERR  ] 2017-06-08T17:06:47.434087954Z: - [37mCONFIG_MEMCG[m: [32menabled[m
[STDERR  ] 2017-06-08T17:06:47.434136549Z: - [37mCONFIG_KEYS[m: [32menabled[m
[STDERR  ] 2017-06-08T17:06:47.434145324Z: - [37mCONFIG_VETH[m: [32menabled[m
[STDERR  ] 2017-06-08T17:06:47.434159817Z: - [37mCONFIG_BRIDGE[m: [32menabled[m
[STDERR  ] 2017-06-08T17:06:47.434181275Z: - [37mCONFIG_BRIDGE_NETFILTER[m: [32menabled[m
[STDERR  ] 2017-06-08T17:06:47.43419455Z: - [37mCONFIG_NF_NAT_IPV4[m: [32menabled[m
[STDERR  ] 2017-06-08T17:06:47.43420831Z: - [37mCONFIG_IP_NF_FILTER[m: [32menabled[m
[STDERR  ] 2017-06-08T17:06:47.434214953Z: - [37mCONFIG_IP_NF_TARGET_MASQUERADE[m: [32menabled[m
[STDERR  ] 2017-06-08T17:06:47.434229174Z: - [37mCONFIG_NETFILTER_XT_MATCH_ADDRTYPE[m: [32menabled[m
[STDERR  ] 2017-06-08T17:06:47.434252093Z: - [37mCONFIG_NETFILTER_XT_MATCH_CONNTRACK[m: [32menabled[m
[STDERR  ] 2017-06-08T17:06:47.434287683Z: - [37mCONFIG_NETFILTER_XT_MATCH_IPVS[m: [32menabled[m
[STDERR  ] 2017-06-08T17:06:47.434301592Z: - [37mCONFIG_IP_NF_NAT[m: [32menabled[m
[STDERR  ] 2017-06-08T17:06:47.43431516Z: - [37mCONFIG_NF_NAT[m: [32menabled[m
[STDERR  ] 2017-06-08T17:06:47.434328713Z: - [37mCONFIG_NF_NAT_NEEDED[m: [32menabled[m
[STDERR  ] 2017-06-08T17:06:47.434335353Z: - [37mCONFIG_POSIX_MQUEUE[m: [32menabled[m
[STDERR  ] 2017-06-08T17:06:47.434356384Z: 
[STDERR  ] 2017-06-08T17:06:47.43436882Z: Optional Features:
[STDERR  ] 2017-06-08T17:06:47.434382287Z: - [37mCONFIG_USER_NS[m: [32menabled[m
[STDERR  ] 2017-06-08T17:06:47.434395065Z: - [37mCONFIG_SECCOMP[m: [32menabled[m
[STDERR  ] 2017-06-08T17:06:47.434400764Z: - [37mCONFIG_CGROUP_PIDS[m: [32menabled[m
[STDERR  ] 2017-06-08T17:06:47.434422348Z: - [37mCONFIG_MEMCG_SWAP[m: [32menabled[m
[STDERR  ] 2017-06-08T17:06:47.434454981Z: - [37mCONFIG_MEMCG_SWAP_ENABLED[m: [32menabled[m
[STDERR  ] 2017-06-08T17:06:47.434462334Z:     [1;30m(cgroup swap accounting is currently enabled)[m
[STDERR  ] 2017-06-08T17:06:47.434485945Z: - [1mCONFIG_LEGACY_VSYSCALL_NONE[m: [1;31menabled[m
[STDERR  ] 2017-06-08T17:06:47.434498425Z:     [1;30m(containers using eglibc <= 2.13 will not work. Switch to[m
[STDERR  ] 2017-06-08T17:06:47.434518467Z:     [1;30m "CONFIG_VSYSCALL_[NATIVE|EMULATE]" or use "vsyscall=[native|emulate]"[m
[STDERR  ] 2017-06-08T17:06:47.434533976Z:     [1;30m on kernel command line. Note that this will disable ASLR for the,[m
[STDERR  ] 2017-06-08T17:06:47.434546668Z:     [1;30m VDSO which may assist in exploiting security vulnerabilities.)[m
[STDERR  ] 2017-06-08T17:06:47.434563892Z: - [37mCONFIG_BLK_CGROUP[m: [32menabled[m
[STDERR  ] 2017-06-08T17:06:47.434576386Z: - [37mCONFIG_BLK_DEV_THROTTLING[m: [32menabled[m
[STDERR  ] 2017-06-08T17:06:47.434607886Z: - [37mCONFIG_IOSCHED_CFQ[m: [32menabled[m
[STDERR  ] 2017-06-08T17:06:47.434618628Z: - [37mCONFIG_CFQ_GROUP_IOSCHED[m: [32menabled[m
[STDERR  ] 2017-06-08T17:06:47.434644609Z: - [37mCONFIG_CGROUP_PERF[m: [32menabled[m
[STDERR  ] 2017-06-08T17:06:47.434651577Z: - [37mCONFIG_CGROUP_HUGETLB[m: [32menabled[m
[STDERR  ] 2017-06-08T17:06:47.434676806Z: - [37mCONFIG_NET_CLS_CGROUP[m: [32menabled[m
[STDERR  ] 2017-06-08T17:06:47.434689902Z: - [37mCONFIG_CGROUP_NET_PRIO[m: [32menabled[m
[STDERR  ] 2017-06-08T17:06:47.434696498Z: - [37mCONFIG_CFS_BANDWIDTH[m: [32menabled[m
[STDERR  ] 2017-06-08T17:06:47.434721532Z: - [37mCONFIG_FAIR_GROUP_SCHED[m: [32menabled[m
[STDERR  ] 2017-06-08T17:06:47.434734784Z: - [37mCONFIG_RT_GROUP_SCHED[m: [32menabled[m
[STDERR  ] 2017-06-08T17:06:47.434748699Z: - [37mCONFIG_IP_VS[m: [32menabled[m
[STDERR  ] 2017-06-08T17:06:47.434784056Z: - [37mCONFIG_IP_VS_NFCT[m: [32menabled[m
[STDERR  ] 2017-06-08T17:06:47.434798663Z: - [37mCONFIG_IP_VS_RR[m: [32menabled[m
[STDERR  ] 2017-06-08T17:06:47.434811818Z: - [37mCONFIG_EXT4_FS[m: [32menabled[m
[STDERR  ] 2017-06-08T17:06:47.43482514Z: - [37mCONFIG_EXT4_FS_POSIX_ACL[m: [32menabled[m
[STDERR  ] 2017-06-08T17:06:47.434832464Z: - [37mCONFIG_EXT4_FS_SECURITY[m: [32menabled[m
[STDERR  ] 2017-06-08T17:06:47.434851256Z: - Network Drivers:
[STDERR  ] 2017-06-08T17:06:47.434866103Z:   - "[34moverlay[m":
[STDERR  ] 2017-06-08T17:06:47.434878702Z:     - [37mCONFIG_VXLAN[m: [32menabled[m
[STDERR  ] 2017-06-08T17:06:47.434894437Z:       Optional (for encrypted networks):
[STDERR  ] 2017-06-08T17:06:47.434901243Z:       - [37mCONFIG_CRYPTO[m: [32menabled[m
[STDERR  ] 2017-06-08T17:06:47.434913067Z:       - [37mCONFIG_CRYPTO_AEAD[m: [32menabled[m
[STDERR  ] 2017-06-08T17:06:47.434954895Z:       - [37mCONFIG_CRYPTO_GCM[m: [32menabled[m
[STDERR  ] 2017-06-08T17:06:47.434966924Z:       - [37mCONFIG_CRYPTO_SEQIV[m: [32menabled[m
[STDERR  ] 2017-06-08T17:06:47.43497476Z:       - [37mCONFIG_CRYPTO_GHASH[m: [32menabled[m
[STDERR  ] 2017-06-08T17:06:47.434988433Z:       - [37mCONFIG_XFRM[m: [32menabled[m
[STDERR  ] 2017-06-08T17:06:47.435008246Z:       - [37mCONFIG_XFRM_USER[m: [32menabled[m
[STDERR  ] 2017-06-08T17:06:47.435029789Z:       - [37mCONFIG_XFRM_ALGO[m: [32menabled[m
[STDERR  ] 2017-06-08T17:06:47.435044289Z:       - [37mCONFIG_INET_ESP[m: [32menabled[m
[STDERR  ] 2017-06-08T17:06:47.4350569Z:       - [37mCONFIG_INET_XFRM_MODE_TRANSPORT[m: [32menabled[m
[STDERR  ] 2017-06-08T17:06:47.435072108Z:   - "[34mipvlan[m":
[STDERR  ] 2017-06-08T17:06:47.435105851Z:     - [37mCONFIG_IPVLAN[m: [32menabled[m
[STDERR  ] 2017-06-08T17:06:47.435120086Z:   - "[34mmacvlan[m":
[STDERR  ] 2017-06-08T17:06:47.435133989Z:     - [37mCONFIG_MACVLAN[m: [32menabled[m
[STDERR  ] 2017-06-08T17:06:47.435147101Z:     - [37mCONFIG_DUMMY[m: [32menabled[m
[STDERR  ] 2017-06-08T17:06:47.435153483Z:   - "[34mftp,tftp client in container[m":
[STDERR  ] 2017-06-08T17:06:47.435168068Z:     - [37mCONFIG_NF_NAT_FTP[m: [32menabled[m
[STDERR  ] 2017-06-08T17:06:47.435191194Z:     - [37mCONFIG_NF_CONNTRACK_FTP[m: [32menabled[m
[STDERR  ] 2017-06-08T17:06:47.435205038Z:     - [37mCONFIG_NF_NAT_TFTP[m: [32menabled[m
[STDERR  ] 2017-06-08T17:06:47.435219476Z:     - [37mCONFIG_NF_CONNTRACK_TFTP[m: [32menabled[m
[STDERR  ] 2017-06-08T17:06:47.435234482Z: - Storage Drivers:
[STDERR  ] 2017-06-08T17:06:47.435241031Z:   - "[34maufs[m":
[STDERR  ] 2017-06-08T17:06:47.435275122Z:     - [1mCONFIG_AUFS_FS[m: [1;31mmissing[m
[STDERR  ] 2017-06-08T17:06:47.435297542Z:   - "[34mbtrfs[m":
[STDERR  ] 2017-06-08T17:06:47.435311107Z:     - [37mCONFIG_BTRFS_FS[m: [32menabled (as module)[m
[STDERR  ] 2017-06-08T17:06:47.435328358Z:     - [37mCONFIG_BTRFS_FS_POSIX_ACL[m: [32menabled[m
[STDERR  ] 2017-06-08T17:06:47.435335Z:   - "[34mdevicemapper[m":
[STDERR  ] 2017-06-08T17:06:47.435349326Z:     - [37mCONFIG_BLK_DEV_DM[m: [32menabled[m
[STDERR  ] 2017-06-08T17:06:47.435367773Z:     - [37mCONFIG_DM_THIN_PROVISIONING[m: [32menabled[m
[STDERR  ] 2017-06-08T17:06:47.435382435Z:   - "[34moverlay[m":
[STDERR  ] 2017-06-08T17:06:47.435399848Z:     - [37mCONFIG_OVERLAY_FS[m: [32menabled[m
[STDERR  ] 2017-06-08T17:06:47.435434493Z:   - "[34mzfs[m":
[STDERR  ] 2017-06-08T17:06:47.435449011Z:     - [1m/dev/zfs[m: [1;31mmissing[m
[STDERR  ] 2017-06-08T17:06:47.435455432Z:     - [1mzfs command[m: [1;31mmissing[m
[STDERR  ] 2017-06-08T17:06:47.435468463Z:     - [1mzpool command[m: [1;31mmissing[m
[STDERR  ] 2017-06-08T17:06:47.435487607Z: 
[STDERR  ] 2017-06-08T17:06:47.435507369Z: Limits:
[STDERR  ] 2017-06-08T17:06:47.435521344Z: [37m- /proc/sys/kernel/keys/root_maxkeys[m: [32m1000000[m
[STDERR  ] 2017-06-08T17:06:47.435537329Z: 
[STDERR  ] 2017-06-08T17:06:47.435550644Z: Kernel config test suite PASSED
[STDERR  ] 2017-06-08T17:06:47.435564566Z: 
[STDERR  ] 2017-06-08T17:06:47.435597322Z:                         ##         .
[STDERR  ] 2017-06-08T17:06:47.435609516Z:                   ## ## ##        ==
[STDERR  ] 2017-06-08T17:06:47.435629614Z:                ## ## ## ## ##    ===
[STDERR  ] 2017-06-08T17:06:47.435643905Z:            /"""""""""""""""""\___/ ===
[STDERR  ] 2017-06-08T17:06:47.435655985Z:       ~~~ {~~ ~~~~ ~~~ ~~~~ ~~~ ~ /  ===- ~~~
[STDERR  ] 2017-06-08T17:06:47.435661847Z:            \______ o           __/
[STDERR  ] 2017-06-08T17:06:47.435683158Z:              \    \         __/
[STDERR  ] 2017-06-08T17:06:47.435695575Z:               \____\_______/
[STDERR  ] 2017-06-08T17:06:47.435710043Z:  - 000-check-kernel-config
[STDERR  ] 2017-06-08T17:06:47.435722436Z: [   41.010448] ACPI: Preparing to enter system sleep state S5
[STDERR  ] 2017-06-08T17:06:47.435765901Z: [   41.011582] reboot: Power down
[STDERR  ] 2017-06-08T17:06:47.435782014Z: + echo [    0.000000] Linux version 4.11.3-linuxkit (root@84baa8e89c00) (gcc version 6.2.1 20160822 (Alpine 6.2.1) ) #1 SMP Tue May 30 11:32:52 UTC 2017
[STDERR  ] 2017-06-08T17:06:47.43579947Z: [    0.000000] Command line: console=ttyS0
[STDERR  ] 2017-06-08T17:06:47.435807207Z: [    0.000000] x86/fpu: x87 FPU will use FXSAVE
[STDERR  ] 2017-06-08T17:06:47.435820039Z: [    0.000000] e820: BIOS-provided physical RAM map:
[STDERR  ] 2017-06-08T17:06:47.435841767Z: [    0.000000] BIOS-e820: [mem 0x0000000000000000-0x000000000009fbff] usable
[STDERR  ] 2017-06-08T17:06:47.435850158Z: [    0.000000] BIOS-e820: [mem 0x000000000009fc00-0x000000000009ffff] reserved
[STDERR  ] 2017-06-08T17:06:47.435875012Z: [    0.000000] BIOS-e820: [mem 0x00000000000f0000-0x00000000000fffff] reserved
[STDERR  ] 2017-06-08T17:06:47.435882966Z: [    0.000000] BIOS-e820: [mem 0x0000000000100000-0x000000003ffdefff] usable
[STDERR  ] 2017-06-08T17:06:47.435902651Z: [    0.000000] BIOS-e820: [mem 0x000000003ffdf000-0x000000003fffffff] reserved
[STDERR  ] 2017-06-08T17:06:47.435932564Z: [    0.000000] BIOS-e820: [mem 0x00000000b0000000-0x00000000bfffffff] reserved
[STDERR  ] 2017-06-08T17:06:47.435945587Z: [    0.000000] BIOS-e820: [mem 0x00000000fed1c000-0x00000000fed1ffff] reserved
[STDERR  ] 2017-06-08T17:06:47.435963386Z: [    0.000000] BIOS-e820: [mem 0x00000000fffc0000-0x00000000ffffffff] reserved
[STDERR  ] 2017-06-08T17:06:47.435976461Z: [    0.000000] NX (Execute Disable) protection: active
[STDERR  ] 2017-06-08T17:06:47.435984364Z: [    0.000000] SMBIOS 2.8 present.
[STDERR  ] 2017-06-08T17:06:47.435997302Z: [    0.000000] DMI: QEMU Standard PC (Q35 + ICH9, 2009), BIOS rel-1.10.1-0-g8891697-prebuilt.qemu-project.org 04/01/2014
[STDERR  ] 2017-06-08T17:06:47.436022276Z: [    0.000000] e820: last_pfn = 0x3ffdf max_arch_pfn = 0x400000000
[STDERR  ] 2017-06-08T17:06:47.436036068Z: [    0.000000] x86/PAT: Configuration [0-7]: WB  WC  UC- UC  WB  WC  UC- WT  
[STDERR  ] 2017-06-08T17:06:47.436051121Z: [    0.000000] found SMP MP-table at [mem 0x000f6aa0-0x000f6aaf] mapped at [ffff99fa000f6aa0]
[STDERR  ] 2017-06-08T17:06:47.436063147Z: [    0.000000] RAMDISK: [mem 0x3df37000-0x3ffcffff]
[STDERR  ] 2017-06-08T17:06:47.4361003Z: [    0.000000] ACPI: Early table checksum verification disabled
[STDERR  ] 2017-06-08T17:06:47.436114908Z: [    0.000000] ACPI: RSDP 0x00000000000F68C0 000014 (v00 BOCHS )
[STDERR  ] 2017-06-08T17:06:47.436136242Z: [    0.000000] ACPI: RSDT 0x000000003FFE2404 000034 (v01 BOCHS  BXPCRSDT 00000001 BXPC 00000001)
[STDERR  ] 2017-06-08T17:06:47.436148373Z: [    0.000000] ACPI: FACP 0x000000003FFE22A4 000074 (v01 BOCHS  BXPCFACP 00000001 BXPC 00000001)
[STDERR  ] 2017-06-08T17:06:47.4361638Z: [    0.000000] ACPI: DSDT 0x000000003FFE0040 002264 (v01 BOCHS  BXPCDSDT 00000001 BXPC 00000001)
[STDERR  ] 2017-06-08T17:06:47.436182039Z: [    0.000000] ACPI: FACS 0x000000003FFE0000 000040
[STDERR  ] 2017-06-08T17:06:47.436201154Z: [    0.000000] ACPI: APIC 0x000000003FFE2318 000078 (v01 BOCHS  BXPCAPIC 00000001 BXPC 00000001)
[STDERR  ] 2017-06-08T17:06:47.436213712Z: [    0.000000] ACPI: HPET 0x000000003FFE2390 000038 (v01 BOCHS  BXPCHPET 00000001 BXPC 00000001)
[STDERR  ] 2017-06-08T17:06:47.436227357Z: [    0.000000] ACPI: MCFG 0x000000003FFE23C8 00003C (v01 BOCHS  BXPCMCFG 00000001 BXPC 00000001)
[STDERR  ] 2017-06-08T17:06:47.436263488Z: [    0.000000] Zone ranges:
[STDERR  ] 2017-06-08T17:06:47.43627734Z: [    0.000000]   DMA      [mem 0x0000000000001000-0x0000000000ffffff]
[STDERR  ] 2017-06-08T17:06:47.436285858Z: [    0.000000]   DMA32    [mem 0x0000000001000000-0x000000003ffdefff]
[STDERR  ] 2017-06-08T17:06:47.436304661Z: [    0.000000]   Normal   empty
[STDERR  ] 2017-06-08T17:06:47.436318815Z: [    0.000000] Movable zone start for each node
[STDERR  ] 2017-06-08T17:06:47.436324535Z: [    0.000000] Early memory node ranges
[STDERR  ] 2017-06-08T17:06:47.436344991Z: [    0.000000]   node   0: [mem 0x0000000000001000-0x000000000009efff]
[STDERR  ] 2017-06-08T17:06:47.43635724Z: [    0.000000]   node   0: [mem 0x0000000000100000-0x000000003ffdefff]
[STDERR  ] 2017-06-08T17:06:47.436371298Z: [    0.000000] Initmem setup node 0 [mem 0x0000000000001000-0x000000003ffdefff]
[STDERR  ] 2017-06-08T17:06:47.436378477Z: [    0.000000] ACPI: PM-Timer IO Port: 0x608
[STDERR  ] 2017-06-08T17:06:47.436389947Z: [    0.000000] ACPI: LAPIC_NMI (acpi_id[0xff] dfl dfl lint[0x1])
[STDERR  ] 2017-06-08T17:06:47.436431253Z: [    0.000000] IOAPIC[0]: apic_id 0, version 32, address 0xfec00000, GSI 0-23
[STDERR  ] 2017-06-08T17:06:47.436444622Z: [    0.000000] ACPI: INT_SRC_OVR (bus 0 bus_irq 0 global_irq 2 dfl dfl)
[STDERR  ] 2017-06-08T17:06:47.436458372Z: [    0.000000] ACPI: INT_SRC_OVR (bus 0 bus_irq 5 global_irq 5 high level)
[STDERR  ] 2017-06-08T17:06:47.436471652Z: [    0.000000] ACPI: INT_SRC_OVR (bus 0 bus_irq 9 global_irq 9 high level)
[STDERR  ] 2017-06-08T17:06:47.436492562Z: [    0.000000] ACPI: INT_SRC_OVR (bus 0 bus_irq 10 global_irq 10 high level)
[STDERR  ] 2017-06-08T17:06:47.436505793Z: [    0.000000] ACPI: INT_SRC_OVR (bus 0 bus_irq 11 global_irq 11 high level)
[STDERR  ] 2017-06-08T17:06:47.436519014Z: [    0.000000] Using ACPI (MADT) for SMP configuration information
[STDERR  ] 2017-06-08T17:06:47.436533564Z: [    0.000000] ACPI: HPET id: 0x8086a201 base: 0xfed00000
[STDERR  ] 2017-06-08T17:06:47.436548651Z: [    0.000000] smpboot: Allowing 1 CPUs, 0 hotplug CPUs
[STDERR  ] 2017-06-08T17:06:47.436584633Z: [    0.000000] e820: [mem 0x40000000-0xafffffff] available for PCI devices
[STDERR  ] 2017-06-08T17:06:47.436598846Z: [    0.000000] Booting paravirtualized kernel on bare hardware
[STDERR  ] 2017-06-08T17:06:47.436615774Z: [    0.000000] clocksource: refined-jiffies: mask: 0xffffffff max_cycles: 0xffffffff, max_idle_ns: 19112604462750000 ns
[STDERR  ] 2017-06-08T17:06:47.436628613Z: [    0.000000] setup_percpu: NR_CPUS:128 nr_cpumask_bits:128 nr_cpu_ids:1 nr_node_ids:1
[STDERR  ] 2017-06-08T17:06:47.436649924Z: [    0.000000] percpu: Embedded 37 pages/cpu @ffff99fa3dc00000 s113368 r8192 d29992 u2097152
[STDERR  ] 2017-06-08T17:06:47.436662033Z: [    0.000000] Built 1 zonelists in Zone order, mobility grouping on.  Total pages: 257896
[STDERR  ] 2017-06-08T17:06:47.436676025Z: [    0.000000] Kernel command line: console=ttyS0
[STDERR  ] 2017-06-08T17:06:47.436683011Z: [    0.000000] PID hash table entries: 4096 (order: 3, 32768 bytes)
[STDERR  ] 2017-06-08T17:06:47.436709753Z: [    0.000000] Dentry cache hash table entries: 131072 (order: 8, 1048576 bytes)
[STDERR  ] 2017-06-08T17:06:47.436721769Z: [    0.000000] Inode-cache hash table entries: 65536 (order: 7, 524288 bytes)
[STDERR  ] 2017-06-08T17:06:47.43674895Z: [    0.000000] Memory: 978372K/1048052K available (9676K kernel code, 1603K rwdata, 3156K rodata, 1480K init, 592K bss, 69680K reserved, 0K cma-reserved)
[STDERR  ] 2017-06-08T17:06:47.436774966Z: [    0.000000] Hierarchical RCU implementation.
[STDERR  ] 2017-06-08T17:06:47.436795269Z: [    0.000000] 	Build-time adjustment of leaf fanout to 64.
[STDERR  ] 2017-06-08T17:06:47.436808141Z: [    0.000000] 	RCU restricting CPUs from NR_CPUS=128 to nr_cpu_ids=1.
[STDERR  ] 2017-06-08T17:06:47.436821525Z: [    0.000000] RCU: Adjusting geometry for rcu_fanout_leaf=64, nr_cpu_ids=1
[STDERR  ] 2017-06-08T17:06:47.436835294Z: [    0.000000] NR_IRQS:8448 nr_irqs:256 16
[STDERR  ] 2017-06-08T17:06:47.436846659Z: [    0.000000] Console: colour VGA+ 80x25
[STDERR  ] 2017-06-08T17:06:47.436860141Z: [    0.000000] console [ttyS0] enabled
[STDERR  ] 2017-06-08T17:06:47.436879223Z: [    0.000000] clocksource: hpet: mask: 0xffffffff max_cycles: 0xffffffff, max_idle_ns: 19112604467 ns
[STDERR  ] 2017-06-08T17:06:47.436887342Z: [    0.010000] tsc: Fast TSC calibration using PIT
[STDERR  ] 2017-06-08T17:06:47.436927217Z: [    0.020000] tsc: Detected 2300.123 MHz processor
[STDERR  ] 2017-06-08T17:06:47.43694178Z: [    0.020000] Calibrating delay loop (skipped), value calculated using timer frequency.. 4600.24 BogoMIPS (lpj=23001230)
[STDERR  ] 2017-06-08T17:06:47.436949411Z: [    0.020000] pid_max: default: 32768 minimum: 301
[STDERR  ] 2017-06-08T17:06:47.436968953Z: [    0.020000] ACPI: Core revision 20170119
[STDERR  ] 2017-06-08T17:06:47.436977548Z: [    0.072418] ACPI: 1 ACPI AML tables successfully acquired and loaded
[STDERR  ] 2017-06-08T17:06:47.436989121Z: [    0.075682] Security Framework initialized
[STDERR  ] 2017-06-08T17:06:47.437010456Z: [    0.076194] Yama: becoming mindful.
[STDERR  ] 2017-06-08T17:06:47.437022638Z: [    0.078095] Mount-cache hash table entries: 2048 (order: 2, 16384 bytes)
[STDERR  ] 2017-06-08T17:06:47.437038374Z: [    0.078658] Mountpoint-cache hash table entries: 2048 (order: 2, 16384 bytes)
[STDERR  ] 2017-06-08T17:06:47.437045005Z: [    0.096052] Last level iTLB entries: 4KB 0, 2MB 0, 4MB 0
[STDERR  ] 2017-06-08T17:06:47.437076891Z: [    0.096744] Last level dTLB entries: 4KB 0, 2MB 0, 4MB 0, 1GB 0
[STDERR  ] 2017-06-08T17:06:47.437103139Z: [    0.733214] Freeing SMP alternatives memory: 24K
[STDERR  ] 2017-06-08T17:06:47.437115692Z: [    0.741998] ftrace: allocating 42598 entries in 167 pages
[STDERR  ] 2017-06-08T17:06:47.437129891Z: [    0.942275] smpboot: Max logical packages: 1
[STDERR  ] 2017-06-08T17:06:47.437141988Z: [    0.947454] ..TIMER: vector=0x30 apic1=0 pin1=2 apic2=-1 pin2=-1
[STDERR  ] 2017-06-08T17:06:47.437156161Z: [    1.050000] smpboot: CPU0: AMD QEMU Virtual CPU version 2.5+ (family: 0x6, model: 0x6, stepping: 0x3)
[STDERR  ] 2017-06-08T17:06:47.437170972Z: [    1.050000] Performance Events: PMU not available due to virtualization, using software events only.
[STDERR  ] 2017-06-08T17:06:47.437189163Z: [    1.056123] NMI watchdog: disabled (cpu0): hardware events not enabled
[STDERR  ] 2017-06-08T17:06:47.437201186Z: [    1.056590] NMI watchdog: Shutting down hard lockup detector on all cpus
[STDERR  ] 2017-06-08T17:06:47.437214439Z: [    1.059344] smp: Bringing up secondary CPUs ...
[STDERR  ] 2017-06-08T17:06:47.437249765Z: [    1.059770] smp: Brought up 1 node, 1 CPU
[STDERR  ] 2017-06-08T17:06:47.437262258Z: [    1.060116] smpboot: Total of 1 processors activated (4600.24 BogoMIPS)
[STDERR  ] 2017-06-08T17:06:47.437276475Z: [    1.065234] sched_clock: Marking stable (1060000000, 0)->(1327334226, -267334226)
[STDERR  ] 2017-06-08T17:06:47.437288718Z: [    1.075017] devtmpfs: initialized
[STDERR  ] 2017-06-08T17:06:47.437302465Z: [    1.079096] x86/mm: Memory block size: 128MB
[STDERR  ] 2017-06-08T17:06:47.437310365Z: [    1.139882] clocksource: jiffies: mask: 0xffffffff max_cycles: 0xffffffff, max_idle_ns: 19112604462750000 ns
[STDERR  ] 2017-06-08T17:06:47.437336744Z: [    1.140729] futex hash table entries: 256 (order: 2, 16384 bytes)
[STDERR  ] 2017-06-08T17:06:47.437343038Z: [    1.149153] NET: Registered protocol family 16
[STDERR  ] 2017-06-08T17:06:47.437369716Z: [    1.156389] cpuidle: using governor ladder
[STDERR  ] 2017-06-08T17:06:47.43743369Z: [    1.156819] cpuidle: using governor menu
[STDERR  ] 2017-06-08T17:06:47.43745895Z: [    1.157214] PCCT header not found.
[STDERR  ] 2017-06-08T17:06:47.43747125Z: [    1.158255] ACPI: bus type PCI registered
[STDERR  ] 2017-06-08T17:06:47.437479279Z: [    1.161002] PCI: MMCONFIG for domain 0000 [bus 00-ff] at [mem 0xb0000000-0xbfffffff] (base 0xb0000000)
[STDERR  ] 2017-06-08T17:06:47.437502328Z: [    1.161884] PCI: MMCONFIG at [mem 0xb0000000-0xbfffffff] reserved in E820
[STDERR  ] 2017-06-08T17:06:47.437515577Z: [    1.163153] PCI: Using configuration type 1 for base access
[STDERR  ] 2017-06-08T17:06:47.437528205Z: [    1.215357] HugeTLB registered 2 MB page size, pre-allocated 0 pages
[STDERR  ] 2017-06-08T17:06:47.437544351Z: [    1.225276] ACPI: Added _OSI(Module Device)
[STDERR  ] 2017-06-08T17:06:47.437556752Z: [    1.225610] ACPI: Added _OSI(Processor Device)
[STDERR  ] 2017-06-08T17:06:47.437569712Z: [    1.225916] ACPI: Added _OSI(3.0 _SCP Extensions)
[STDERR  ] 2017-06-08T17:06:47.437605751Z: [    1.226233] ACPI: Added _OSI(Processor Aggregator Device)
[STDERR  ] 2017-06-08T17:06:47.437618677Z: [    1.300865] ACPI: Interpreter enabled
[STDERR  ] 2017-06-08T17:06:47.437624435Z: [    1.301653] ACPI: (supports S0 S5)
[STDERR  ] 2017-06-08T17:06:47.437647547Z: [    1.301953] ACPI: Using IOAPIC for interrupt routing
[STDERR  ] 2017-06-08T17:06:47.437654484Z: [    1.303662] PCI: Using host bridge windows from ACPI; if necessary, use "pci=nocrs" and report a bug
[STDERR  ] 2017-06-08T17:06:47.437676793Z: [    1.364096] ACPI: PCI Root Bridge [PCI0] (domain 0000 [bus 00-ff])
[STDERR  ] 2017-06-08T17:06:47.437690552Z: [    1.365000] acpi PNP0A08:00: _OSC: OS supports [ExtendedConfig ASPM ClockPM Segments MSI]
[STDERR  ] 2017-06-08T17:06:47.437704021Z: [    1.370631] acpi PNP0A08:00: _OSC: OS now controls [PCIeHotplug PME PCIeCapability]
[STDERR  ] 2017-06-08T17:06:47.437723395Z: [    1.374206] PCI host bridge to bus 0000:00
[STDERR  ] 2017-06-08T17:06:47.437737954Z: [    1.374735] pci_bus 0000:00: root bus resource [io  0x0000-0x0cf7 window]
[STDERR  ] 2017-06-08T17:06:47.437772452Z: [    1.375213] pci_bus 0000:00: root bus resource [io  0x0d00-0xffff window]
[STDERR  ] 2017-06-08T17:06:47.437785882Z: [    1.375667] pci_bus 0000:00: root bus resource [mem 0x000a0000-0x000bffff window]
[STDERR  ] 2017-06-08T17:06:47.437799115Z: [    1.376159] pci_bus 0000:00: root bus resource [mem 0xc0000000-0xfebfffff window]
[STDERR  ] 2017-06-08T17:06:47.437813356Z: [    1.376763] pci_bus 0000:00: root bus resource [bus 00-ff]
[STDERR  ] 2017-06-08T17:06:47.437827412Z: [    1.465684] pci 0000:00:1f.0: quirk: [io  0x0600-0x067f] claimed by ICH6 ACPI/GPIO/TCO
[STDERR  ] 2017-06-08T17:06:47.437840911Z: [    1.518140] ACPI: PCI Interrupt Link [LNKA] (IRQs 5 *10 11)
[STDERR  ] 2017-06-08T17:06:47.437855432Z: [    1.520591] ACPI: PCI Interrupt Link [LNKB] (IRQs 5 *10 11)
[STDERR  ] 2017-06-08T17:06:47.437867936Z: [    1.522248] ACPI: PCI Interrupt Link [LNKC] (IRQs 5 10 *11)
[STDERR  ] 2017-06-08T17:06:47.437891872Z: [    1.523896] ACPI: PCI Interrupt Link [LNKD] (IRQs 5 10 *11)
[STDERR  ] 2017-06-08T17:06:47.437899867Z: [    1.525579] ACPI: PCI Interrupt Link [LNKE] (IRQs 5 *10 11)
[STDERR  ] 2017-06-08T17:06:47.437943113Z: [    1.527221] ACPI: PCI Interrupt Link [LNKF] (IRQs 5 *10 11)
[STDERR  ] 2017-06-08T17:06:47.437948904Z: [    1.528854] ACPI: PCI Interrupt Link [LNKG] (IRQs 5 10 *11)
[STDERR  ] 2017-06-08T17:06:47.437970671Z: [    1.530684] ACPI: PCI Interrupt Link [LNKH] (IRQs 5 10 *11)
[STDERR  ] 2017-06-08T17:06:47.43798366Z: [    1.531460] ACPI: PCI Interrupt Link [GSIA] (IRQs *16)
[STDERR  ] 2017-06-08T17:06:47.438005553Z: [    1.532060] ACPI: PCI Interrupt Link [GSIB] (IRQs *17)
[STDERR  ] 2017-06-08T17:06:47.438012104Z: [    1.532652] ACPI: PCI Interrupt Link [GSIC] (IRQs *18)
[STDERR  ] 2017-06-08T17:06:47.438024587Z: [    1.533249] ACPI: PCI Interrupt Link [GSID] (IRQs *19)
[STDERR  ] 2017-06-08T17:06:47.43804763Z: [    1.533838] ACPI: PCI Interrupt Link [GSIE] (IRQs *20)
[STDERR  ] 2017-06-08T17:06:47.43806306Z: [    1.534473] ACPI: PCI Interrupt Link [GSIF] (IRQs *21)
[STDERR  ] 2017-06-08T17:06:47.438101656Z: [    1.535063] ACPI: PCI Interrupt Link [GSIG] (IRQs *22)
[STDERR  ] 2017-06-08T17:06:47.438115795Z: [    1.535654] ACPI: PCI Interrupt Link [GSIH] (IRQs *23)
[STDERR  ] 2017-06-08T17:06:47.438129961Z: [    1.538911] ACPI: Enabled 2 GPEs in block 00 to 3F
[STDERR  ] 2017-06-08T17:06:47.438145892Z: [    1.542599] SCSI subsystem initialized
[STDERR  ] 2017-06-08T17:06:47.438159804Z: [    1.544893] pps_core: LinuxPPS API ver. 1 registered
[STDERR  ] 2017-06-08T17:06:47.438174621Z: [    1.545254] pps_core: Software ver. 5.3.6 - Copyright 2005-2007 Rodolfo Giometti <giometti@linux.it>
[STDERR  ] 2017-06-08T17:06:47.438188259Z: [    1.545970] PTP clock support registered
[STDERR  ] 2017-06-08T17:06:47.43819482Z: [    1.546984] wmi: Mapper loaded
[STDERR  ] 2017-06-08T17:06:47.438219132Z: [    1.548039] PCI: Using ACPI for IRQ routing
[STDERR  ] 2017-06-08T17:06:47.438231273Z: [    1.566486] NetLabel: Initializing
[STDERR  ] 2017-06-08T17:06:47.438257592Z: [    1.566765] NetLabel:  domain hash size = 128
[STDERR  ] 2017-06-08T17:06:47.438279627Z: [    1.567063] NetLabel:  protocols = UNLABELED CIPSOv4 CALIPSO
[STDERR  ] 2017-06-08T17:06:47.438291691Z: [    1.568990] NetLabel:  unlabeled traffic allowed by default
[STDERR  ] 2017-06-08T17:06:47.438306549Z: [    1.570095] HPET: 3 timers in total, 0 timers will be used for per-cpu timer
[STDERR  ] 2017-06-08T17:06:47.438319071Z: [    1.570829] hpet0: at MMIO 0xfed00000, IRQs 2, 8, 0
[STDERR  ] 2017-06-08T17:06:47.438334783Z: [    1.571262] hpet0: 3 comparators, 64-bit 100.000000 MHz counter
[STDERR  ] 2017-06-08T17:06:47.438355532Z: [    1.576375] clocksource: Switched to clocksource hpet
[STDERR  ] 2017-06-08T17:06:47.438369933Z: [    1.877131] VFS: Disk quotas dquot_6.6.0
[STDERR  ] 2017-06-08T17:06:47.438376424Z: [    1.877861] VFS: Dquot-cache hash table entries: 512 (order 0, 4096 bytes)
[STDERR  ] 2017-06-08T17:06:47.438406603Z: [    1.880189] FS-Cache: Loaded
[STDERR  ] 2017-06-08T17:06:47.438426068Z: [    1.884837] CacheFiles: Loaded
[STDERR  ] 2017-06-08T17:06:47.438445745Z: [    1.886227] pnp: PnP ACPI init
[STDERR  ] 2017-06-08T17:06:47.438459806Z: [    1.897157] pnp: PnP ACPI: found 5 devices
[STDERR  ] 2017-06-08T17:06:47.438466502Z: [    1.935475] clocksource: acpi_pm: mask: 0xffffff max_cycles: 0xffffff, max_idle_ns: 2085701024 ns
[STDERR  ] 2017-06-08T17:06:47.438487489Z: [    1.938321] NET: Registered protocol family 2
[STDERR  ] 2017-06-08T17:06:47.438493401Z: [    1.944830] TCP established hash table entries: 8192 (order: 4, 65536 bytes)
[STDERR  ] 2017-06-08T17:06:47.43851352Z: [    1.945560] TCP bind hash table entries: 8192 (order: 5, 131072 bytes)
[STDERR  ] 2017-06-08T17:06:47.438526872Z: [    1.946235] TCP: Hash tables configured (established 8192 bind 8192)
[STDERR  ] 2017-06-08T17:06:47.4385405Z: [    1.948333] UDP hash table entries: 512 (order: 2, 16384 bytes)
[STDERR  ] 2017-06-08T17:06:47.438549014Z: [    1.948936] UDP-Lite hash table entries: 512 (order: 2, 16384 bytes)
[STDERR  ] 2017-06-08T17:06:47.438587898Z: [    1.952146] NET: Registered protocol family 1
[STDERR  ] 2017-06-08T17:06:47.438594221Z: [    1.955327] RPC: Registered named UNIX socket transport module.
[STDERR  ] 2017-06-08T17:06:47.438617189Z: [    1.955783] RPC: Registered udp transport module.
[STDERR  ] 2017-06-08T17:06:47.438631467Z: [    1.956107] RPC: Registered tcp transport module.
[STDERR  ] 2017-06-08T17:06:47.438644237Z: [    1.956642] RPC: Registered tcp NFSv4.1 backchannel transport module.
[STDERR  ] 2017-06-08T17:06:47.43866392Z: [    1.957424] pci 0000:00:01.0: Video device with shadowed ROM at [mem 0x000c0000-0x000dffff]
[STDERR  ] 2017-06-08T17:06:47.438683424Z: [    1.964791] Unpacking initramfs...
[STDERR  ] 2017-06-08T17:06:47.438698384Z: [    6.798863] Freeing initrd memory: 33380K
[STDERR  ] 2017-06-08T17:06:47.438711118Z: [    6.824589] PCLMULQDQ-NI instructions are not detected.
[STDERR  ] 2017-06-08T17:06:47.43872435Z: [    6.825833] AVX or AES-NI instructions are not detected.
[STDERR  ] 2017-06-08T17:06:47.438766928Z: [    6.826580] CPU feature 'AVX registers' is not supported.
[STDERR  ] 2017-06-08T17:06:47.438780913Z: [    6.826987] CPU feature 'AVX registers' is not supported.
[STDERR  ] 2017-06-08T17:06:47.438795346Z: [    6.827388] CPU feature 'AVX registers' is not supported.
[STDERR  ] 2017-06-08T17:06:47.438807762Z: [    6.827781] CPU feature 'AVX registers' is not supported.
[STDERR  ] 2017-06-08T17:06:47.438823151Z: [    6.828171] AVX2 or AES-NI instructions are not detected.
[STDERR  ] 2017-06-08T17:06:47.43883535Z: [    6.828561] AVX2 instructions are not detected.
[STDERR  ] 2017-06-08T17:06:47.438848384Z: [    6.832999] audit: initializing netlink subsys (disabled)
[STDERR  ] 2017-06-08T17:06:47.438861768Z: [    6.835668] audit: type=2000 audit(1496941571.820:1): state=initialized audit_enabled=0 res=1
[STDERR  ] 2017-06-08T17:06:47.438874849Z: [    6.842070] workingset: timestamp_bits=46 max_order=18 bucket_order=0
[STDERR  ] 2017-06-08T17:06:47.438889467Z: [    6.848511] FS-Cache: Netfs 'nfs' registered for caching
[STDERR  ] 2017-06-08T17:06:47.438919167Z: [    6.850273] NFS: Registering the id_resolver key type
[STDERR  ] 2017-06-08T17:06:47.438938577Z: [    6.851505] Key type id_resolver registered
[STDERR  ] 2017-06-08T17:06:47.438945531Z: [    6.851832] Key type id_legacy registered
[STDERR  ] 2017-06-08T17:06:47.438964645Z: [    6.852221] nfs4filelayout_init: NFSv4 File Layout Driver Registering...
[STDERR  ] 2017-06-08T17:06:47.438978735Z: [    6.852985] Installing knfsd (copyright (C) 1996 okir@monad.swb.de).
[STDERR  ] 2017-06-08T17:06:47.438990806Z: [    6.857469] FS-Cache: Netfs 'cifs' registered for caching
[STDERR  ] 2017-06-08T17:06:47.439011036Z: [    6.858377] ntfs: driver 2.1.32 [Flags: R/O].
[STDERR  ] 2017-06-08T17:06:47.439019663Z: [    6.858890] fuse init (API version 7.26)
[STDERR  ] 2017-06-08T17:06:47.43903344Z: [    6.860791] SGI XFS with ACLs, security attributes, no debug enabled
[STDERR  ] 2017-06-08T17:06:47.43907835Z: [    6.864739] 9p: Installing v9fs 9p2000 file system support
[STDERR  ] 2017-06-08T17:06:47.439094039Z: [    6.865202] FS-Cache: Netfs '9p' registered for caching
[STDERR  ] 2017-06-08T17:06:47.439107006Z: [    6.902312] NET: Registered protocol family 38
[STDERR  ] 2017-06-08T17:06:47.439120928Z: [    6.902846] Key type asymmetric registered
[STDERR  ] 2017-06-08T17:06:47.439140389Z: [    6.903185] Asymmetric key parser 'x509' registered
[STDERR  ] 2017-06-08T17:06:47.439153375Z: [    6.903891] Block layer SCSI generic (bsg) driver version 0.4 loaded (major 251)
[STDERR  ] 2017-06-08T17:06:47.439167587Z: [    6.905179] io scheduler noop registered
[STDERR  ] 2017-06-08T17:06:47.43917429Z: [    6.905506] io scheduler deadline registered (default)
[STDERR  ] 2017-06-08T17:06:47.439186839Z: [    6.907074] io scheduler cfq registered
[STDERR  ] 2017-06-08T17:06:47.439210567Z: [    6.907379] io scheduler mq-deadline registered
[STDERR  ] 2017-06-08T17:06:47.439245584Z: [    6.910204] shpchp: Standard Hot Plug PCI Controller Driver version: 0.4
[STDERR  ] 2017-06-08T17:06:47.439258026Z: [    6.910939] hv_vmbus: registering driver hyperv_fb
[STDERR  ] 2017-06-08T17:06:47.439270263Z: [    6.913581] input: Power Button as /devices/LNXSYSTM:00/LNXPWRBN:00/input/input0
[STDERR  ] 2017-06-08T17:06:47.439285711Z: [    6.914765] ACPI: Power Button [PWRF]
[STDERR  ] 2017-06-08T17:06:47.439297832Z: [    6.919800] GHES: HEST is not enabled!
[STDERR  ] 2017-06-08T17:06:47.439313183Z: [    6.932164] ACPI: PCI Interrupt Link [GSIH] enabled at IRQ 23
[STDERR  ] 2017-06-08T17:06:47.43932497Z: [    6.938254] xenfs: not registering filesystem on non-xen platform
[STDERR  ] 2017-06-08T17:06:47.439345862Z: [    6.940046] Serial: 8250/16550 driver, 4 ports, IRQ sharing disabled
[STDERR  ] 2017-06-08T17:06:47.439357796Z: [    6.966385] 00:04: ttyS0 at I/O 0x3f8 (irq = 4, base_baud = 115200) is a 16550A
[STDERR  ] 2017-06-08T17:06:47.439372783Z: [    6.972074] Initializing Nozomi driver 2.1d
[STDERR  ] 2017-06-08T17:06:47.43940492Z: [    6.975992] Non-volatile memory driver v1.3
[STDERR  ] 2017-06-08T17:06:47.439426996Z: [    6.981976] Hangcheck: starting hangcheck timer 0.9.1 (tick is 180 seconds, margin is 60 seconds).
[STDERR  ] 2017-06-08T17:06:47.439441462Z: [    6.988466] random: fast init done
[STDERR  ] 2017-06-08T17:06:47.439454787Z: [    6.989684] random: crng init done
[STDERR  ] 2017-06-08T17:06:47.439467962Z: [    7.026487] loop: module loaded
[STDERR  ] 2017-06-08T17:06:47.439480608Z: [    7.080317] lpc_ich 0000:00:1f.0: I/O space for GPIO uninitialized
[STDERR  ] 2017-06-08T17:06:47.439495427Z: [    7.081753] VMware PVSCSI driver - version 1.0.7.0-k
[STDERR  ] 2017-06-08T17:06:47.439507349Z: [    7.082370] hv_vmbus: registering driver hv_storvsc
[STDERR  ] 2017-06-08T17:06:47.439521253Z: [    7.092684] ACPI: PCI Interrupt Link [GSIA] enabled at IRQ 16
[STDERR  ] 2017-06-08T17:06:47.439533956Z: [    7.099058] ahci 0000:00:1f.2: AHCI 0001.0000 32 slots 6 ports 1.5 Gbps 0x3f impl SATA mode
[STDERR  ] 2017-06-08T17:06:47.439573492Z: [    7.099741] ahci 0000:00:1f.2: flags: ncq only 
[STDERR  ] 2017-06-08T17:06:47.439589316Z: [    7.115368] scsi host0: ahci
[STDERR  ] 2017-06-08T17:06:47.439602028Z: [    7.118605] scsi host1: ahci
[STDERR  ] 2017-06-08T17:06:47.4396183Z: [    7.120373] scsi host2: ahci
[STDERR  ] 2017-06-08T17:06:47.439630811Z: [    7.122045] scsi host3: ahci
[STDERR  ] 2017-06-08T17:06:47.439645859Z: [    7.123856] scsi host4: ahci
[STDERR  ] 2017-06-08T17:06:47.439658855Z: [    7.125546] scsi host5: ahci
[STDERR  ] 2017-06-08T17:06:47.439665111Z: [    7.127173] ata1: SATA max UDMA/133 abar m4096@0xfebf1000 port 0xfebf1100 irq 24
[STDERR  ] 2017-06-08T17:06:47.439679026Z: [    7.127721] ata2: SATA max UDMA/133 abar m4096@0xfebf1000 port 0xfebf1180 irq 24
[STDERR  ] 2017-06-08T17:06:47.439698525Z: [    7.128205] ata3: SATA max UDMA/133 abar m4096@0xfebf1000 port 0xfebf1200 irq 24
[STDERR  ] 2017-06-08T17:06:47.439729401Z: [    7.128686] ata4: SATA max UDMA/133 abar m4096@0xfebf1000 port 0xfebf1280 irq 24
[STDERR  ] 2017-06-08T17:06:47.439744918Z: [    7.129166] ata5: SATA max UDMA/133 abar m4096@0xfebf1000 port 0xfebf1300 irq 24
[STDERR  ] 2017-06-08T17:06:47.439758573Z: [    7.129646] ata6: SATA max UDMA/133 abar m4096@0xfebf1000 port 0xfebf1380 irq 24
[STDERR  ] 2017-06-08T17:06:47.439771852Z: [    7.138253] Ethernet Channel Bonding Driver: v3.7.1 (April 27, 2011)
[STDERR  ] 2017-06-08T17:06:47.439783997Z: [    7.153588] tun: Universal TUN/TAP device driver, 1.6
[STDERR  ] 2017-06-08T17:06:47.439792119Z: [    7.155066] ena: Elastic Network Adapter (ENA) v1.1.2
[STDERR  ] 2017-06-08T17:06:47.439804635Z: [    7.156682] e1000: Intel(R) PRO/1000 Network Driver - version 7.3.21-k8-NAPI
[STDERR  ] 2017-06-08T17:06:47.43982606Z: [    7.157163] e1000: Copyright (c) 1999-2006 Intel Corporation.
[STDERR  ] 2017-06-08T17:06:47.439832638Z: [    7.165320] ACPI: PCI Interrupt Link [GSIG] enabled at IRQ 22
[STDERR  ] 2017-06-08T17:06:47.439851798Z: [    7.462650] ata2: SATA link down (SStatus 0 SControl 300)
[STDERR  ] 2017-06-08T17:06:47.439863565Z: [    7.464681] ata1: SATA link down (SStatus 0 SControl 300)
[STDERR  ] 2017-06-08T17:06:47.439871898Z: [    7.470004] ata6: SATA link down (SStatus 0 SControl 300)
[STDERR  ] 2017-06-08T17:06:47.43991427Z: [    7.470670] ata5: SATA link down (SStatus 0 SControl 300)
[STDERR  ] 2017-06-08T17:06:47.439926818Z: [    7.471127] ata4: SATA link down (SStatus 0 SControl 300)
[STDERR  ] 2017-06-08T17:06:47.439939417Z: [    7.471828] ata3: SATA link up 1.5 Gbps (SStatus 113 SControl 300)
[STDERR  ] 2017-06-08T17:06:47.439954228Z: [    7.475414] ata3.00: ATAPI: QEMU DVD-ROM, 2.5+, max UDMA/100
[STDERR  ] 2017-06-08T17:06:47.439982614Z: [    7.475907] ata3.00: applying bridge limits
[STDERR  ] 2017-06-08T17:06:47.439994668Z: [    7.477990] ata3.00: configured for UDMA/100
[STDERR  ] 2017-06-08T17:06:47.440007993Z: [    7.491216] scsi 2:0:0:0: CD-ROM            QEMU     QEMU DVD-ROM     2.5+ PQ: 0 ANSI: 5
[STDERR  ] 2017-06-08T17:06:47.440020842Z: [    7.509001] sr 2:0:0:0: [sr0] scsi3-mmc drive: 4x/4x cd/rw xa/form2 tray
[STDERR  ] 2017-06-08T17:06:47.440068614Z: [    7.509659] cdrom: Uniform CD-ROM driver Revision: 3.20
[STDERR  ] 2017-06-08T17:06:47.440083325Z: [    7.514981] sr 2:0:0:0: Attached scsi generic sg0 type 5
[STDERR  ] 2017-06-08T17:06:47.440105109Z: [    7.529807] e1000 0000:00:02.0 eth0: (PCI:33MHz:32-bit) 52:54:00:12:34:56
[STDERR  ] 2017-06-08T17:06:47.440122803Z: [    7.530386] e1000 0000:00:02.0 eth0: Intel(R) PRO/1000 Network Connection
[STDERR  ] 2017-06-08T17:06:47.440137398Z: [    7.531175] e1000e: Intel(R) PRO/1000 Network Driver - 3.2.6-k
[STDERR  ] 2017-06-08T17:06:47.440149658Z: [    7.531577] e1000e: Copyright(c) 1999 - 2015 Intel Corporation.
[STDERR  ] 2017-06-08T17:06:47.440165583Z: [    7.532232] igb: Intel(R) Gigabit Ethernet Network Driver - version 5.4.0-k
[STDERR  ] 2017-06-08T17:06:47.440177965Z: [    7.532698] igb: Copyright (c) 2007-2014 Intel Corporation.
[STDERR  ] 2017-06-08T17:06:47.440192756Z: [    7.533325] igbvf: Intel(R) Gigabit Virtual Function Network Driver - version 2.4.0-k
[STDERR  ] 2017-06-08T17:06:47.440205161Z: [    7.533901] igbvf: Copyright (c) 2009 - 2012 Intel Corporation.
[STDERR  ] 2017-06-08T17:06:47.440218893Z: [    7.534527] ixgbe: Intel(R) 10 Gigabit PCI Express Network Driver - version 5.0.0-k
[STDERR  ] 2017-06-08T17:06:47.440241924Z: [    7.535037] ixgbe: Copyright (c) 1999-2016 Intel Corporation.
[STDERR  ] 2017-06-08T17:06:47.440261171Z: [    7.536832] ixgbevf: Intel(R) 10 Gigabit PCI Express Virtual Function Network Driver - version 3.2.2-k
[STDERR  ] 2017-06-08T17:06:47.440283375Z: [    7.537454] ixgbevf: Copyright (c) 2009 - 2015 Intel Corporation.
[STDERR  ] 2017-06-08T17:06:47.440289092Z: [    7.538597] ixgb: Intel(R) PRO/10GbE Network Driver - version 1.0.135-k2-NAPI
[STDERR  ] 2017-06-08T17:06:47.440309423Z: [    7.539082] ixgb: Copyright (c) 1999-2008 Intel Corporation.
[STDERR  ] 2017-06-08T17:06:47.440322137Z: [    7.539915] PPP generic driver version 2.4.2
[STDERR  ] 2017-06-08T17:06:47.440334473Z: [    7.541191] PPP BSD Compression module registered
[STDERR  ] 2017-06-08T17:06:47.44034838Z: [    7.541572] PPP Deflate Compression module registered
[STDERR  ] 2017-06-08T17:06:47.440360465Z: [    7.542117] PPP MPPE Compression module registered
[STDERR  ] 2017-06-08T17:06:47.440375741Z: [    7.542481] NET: Registered protocol family 24
[STDERR  ] 2017-06-08T17:06:47.440387938Z: [    7.543014] PPTP driver version 0.8.5
[STDERR  ] 2017-06-08T17:06:47.440396091Z: [    7.544250] VMware vmxnet3 virtual NIC driver - version 1.4.a.0-k-NAPI
[STDERR  ] 2017-06-08T17:06:47.440414432Z: [    7.545024] hv_vmbus: registering driver hv_netvsc
[STDERR  ] 2017-06-08T17:06:47.440427788Z: [    7.545376] Fusion MPT base driver 3.04.20
[STDERR  ] 2017-06-08T17:06:47.44043495Z: [    7.545660] Copyright (c) 1999-2008 LSI Corporation
[STDERR  ] 2017-06-08T17:06:47.440453905Z: [    7.546554] Fusion MPT SPI Host driver 3.04.20
[STDERR  ] 2017-06-08T17:06:47.440467786Z: [    7.551219] aoe: AoE v85 initialised.
[STDERR  ] 2017-06-08T17:06:47.440479843Z: [    7.552894] i8042: PNP: PS/2 Controller [PNP0303:KBD,PNP0f13:MOU] at 0x60,0x64 irq 1,12
[STDERR  ] 2017-06-08T17:06:47.440493905Z: [    7.557654] serio: i8042 KBD port at 0x60,0x64 irq 1
[STDERR  ] 2017-06-08T17:06:47.440505939Z: [    7.558276] serio: i8042 AUX port at 0x60,0x64 irq 12
[STDERR  ] 2017-06-08T17:06:47.440539846Z: [    7.560648] hv_vmbus: registering driver hyperv_keyboard
[STDERR  ] 2017-06-08T17:06:47.440554614Z: [    7.562442] mousedev: PS/2 mouse device common for all mice
[STDERR  ] 2017-06-08T17:06:47.440567507Z: [    7.566951] input: AT Translated Set 2 keyboard as /devices/platform/i8042/serio0/input/input1
[STDERR  ] 2017-06-08T17:06:47.440581975Z: [    7.569269] input: PC Speaker as /devices/platform/pcspkr/input/input2
[STDERR  ] 2017-06-08T17:06:47.44059536Z: [    7.572574] rtc_cmos 00:00: RTC can wake from S4
[STDERR  ] 2017-06-08T17:06:47.440615648Z: [    7.575469] rtc_cmos 00:00: rtc core: registered rtc_cmos as rtc0
[STDERR  ] 2017-06-08T17:06:47.440632266Z: [    7.577086] rtc_cmos 00:00: alarms up to one day, y3k, 114 bytes nvram, hpet irqs
[STDERR  ] 2017-06-08T17:06:47.440652357Z: [    7.577755] i2c /dev entries driver
[STDERR  ] 2017-06-08T17:06:47.440664527Z: [    7.579502] device-mapper: ioctl: 4.35.0-ioctl (2016-06-23) initialised: dm-devel@redhat.com
[STDERR  ] 2017-06-08T17:06:47.440678184Z: [    7.583266] hv_utils: Registering HyperV Utility Driver
[STDERR  ] 2017-06-08T17:06:47.440690383Z: [    7.583646] hv_vmbus: registering driver hv_util
[STDERR  ] 2017-06-08T17:06:47.44069686Z: [    7.584029] hv_vmbus: registering driver hv_balloon
[STDERR  ] 2017-06-08T17:06:47.440717939Z: [    7.584523] oprofile: using NMI interrupt.
[STDERR  ] 2017-06-08T17:06:47.440731579Z: [    7.585617] GACT probability on
[STDERR  ] 2017-06-08T17:06:47.440744981Z: [    7.586437] Mirror/redirect action on
[STDERR  ] 2017-06-08T17:06:47.440756642Z: [    7.587216] Simple TC action Loaded
[STDERR  ] 2017-06-08T17:06:47.440771207Z: [    7.589561] netem: version 1.3
[STDERR  ] 2017-06-08T17:06:47.440777292Z: [    7.589834] u32 classifier
[STDERR  ] 2017-06-08T17:06:47.440797793Z: [    7.590033]     Performance counters on
[STDERR  ] 2017-06-08T17:06:47.440809757Z: [    7.590294]     input device check on
[STDERR  ] 2017-06-08T17:06:47.440824191Z: [    7.590544]     Actions configured
[STDERR  ] 2017-06-08T17:06:47.440845073Z: [    7.591097] Netfilter messages via NETLINK v0.30.
[STDERR  ] 2017-06-08T17:06:47.440858851Z: [    7.591625] nfnl_acct: registering with nfnetlink.
[STDERR  ] 2017-06-08T17:06:47.440871574Z: [    7.593220] nf_conntrack version 0.5.0 (8192 buckets, 32768 max)
[STDERR  ] 2017-06-08T17:06:47.440883649Z: [    7.595493] ctnetlink v0.93: registering with nfnetlink.
[STDERR  ] 2017-06-08T17:06:47.440897966Z: [    7.598628] nf_tables: (c) 2007-2009 Patrick McHardy <kaber@trash.net>
[STDERR  ] 2017-06-08T17:06:47.440904524Z: [    7.599447] nf_tables_compat: (c) 2012 Pablo Neira Ayuso <pablo@netfilter.org>
[STDERR  ] 2017-06-08T17:06:47.440925302Z: [    7.601884] xt_time: kernel timezone is -0000
[STDERR  ] 2017-06-08T17:06:47.440930643Z: [    7.602395] ip_set: protocol 6
[STDERR  ] 2017-06-08T17:06:47.440974805Z: [    7.603020] IPVS: Registered protocols (TCP, UDP, SCTP, AH, ESP)
[STDERR  ] 2017-06-08T17:06:47.440989484Z: [    7.603595] IPVS: Connection hash table configured (size=4096, memory=64Kbytes)
[STDERR  ] 2017-06-08T17:06:47.441001481Z: [    7.605209] IPVS: Creating netns size=2096 id=0
[STDERR  ] 2017-06-08T17:06:47.441015896Z: [    7.608351] IPVS: ipvs loaded.
[STDERR  ] 2017-06-08T17:06:47.441027831Z: [    7.608708] IPVS: [rr] scheduler registered.
[STDERR  ] 2017-06-08T17:06:47.441041071Z: [    7.609037] IPVS: [wrr] scheduler registered.
[STDERR  ] 2017-06-08T17:06:47.441054084Z: [    7.609339] IPVS: [lc] scheduler registered.
[STDERR  ] 2017-06-08T17:06:47.441068176Z: [    7.609633] IPVS: [wlc] scheduler registered.
[STDERR  ] 2017-06-08T17:06:47.441081077Z: [    7.609932] IPVS: [fo] scheduler registered.
[STDERR  ] 2017-06-08T17:06:47.441093056Z: [    7.610225] IPVS: [ovf] scheduler registered.
[STDERR  ] 2017-06-08T17:06:47.441108357Z: [    7.610632] IPVS: [lblc] scheduler registered.
[STDERR  ] 2017-06-08T17:06:47.441124305Z: [    7.611031] IPVS: [lblcr] scheduler registered.
[STDERR  ] 2017-06-08T17:06:47.44113893Z: [    7.611360] IPVS: [dh] scheduler registered.
[STDERR  ] 2017-06-08T17:06:47.441150796Z: [    7.611658] IPVS: [sh] scheduler registered.
[STDERR  ] 2017-06-08T17:06:47.441165141Z: [    7.611953] IPVS: [sed] scheduler registered.
[STDERR  ] 2017-06-08T17:06:47.441177653Z: [    7.612253] IPVS: [nq] scheduler registered.
[STDERR  ] 2017-06-08T17:06:47.441203887Z: [    7.612942] IPVS: ftp: loaded support on port[0] = 21
[STDERR  ] 2017-06-08T17:06:47.441216268Z: [    7.613769] ipip: IPv4 and MPLS over IPv4 tunneling driver
[STDERR  ] 2017-06-08T17:06:47.441231585Z: [    7.617536] gre: GRE over IPv4 demultiplexor driver
[STDERR  ] 2017-06-08T17:06:47.441243624Z: [    7.617915] ip_gre: GRE over IPv4 tunneling driver
[STDERR  ] 2017-06-08T17:06:47.441258623Z: [    7.621687] IPv4 over IPsec tunneling driver
[STDERR  ] 2017-06-08T17:06:47.441264816Z: [    7.627362] ip_tables: (C) 2000-2006 Netfilter Core Team
[STDERR  ] 2017-06-08T17:06:47.4412893Z: [    7.630510] ipt_CLUSTERIP: ClusterIP Version 0.8 loaded successfully
[STDERR  ] 2017-06-08T17:06:47.441295371Z: [    7.631173] arp_tables: arp_tables: (C) 2002 David S. Miller
[STDERR  ] 2017-06-08T17:06:47.441315693Z: [    7.632963] Initializing XFRM netlink socket
[STDERR  ] 2017-06-08T17:06:47.441328647Z: [    7.634337] NET: Registered protocol family 10
[STDERR  ] 2017-06-08T17:06:47.441342139Z: [    7.645822] Segment Routing with IPv6
[STDERR  ] 2017-06-08T17:06:47.441355014Z: [    7.647376] mip6: Mobile IPv6
[STDERR  ] 2017-06-08T17:06:47.441367248Z: [    7.648219] ip6_tables: (C) 2000-2006 Netfilter Core Team
[STDERR  ] 2017-06-08T17:06:47.44138279Z: [    7.655163] sit: IPv6, IPv4 and MPLS over IPv4 tunneling driver
[STDERR  ] 2017-06-08T17:06:47.441389397Z: [    7.660809] ip6_gre: GRE over IPv6 tunneling driver
[STDERR  ] 2017-06-08T17:06:47.441408739Z: [    7.663571] NET: Registered protocol family 17
[STDERR  ] 2017-06-08T17:06:47.441414876Z: [    7.664185] NET: Registered protocol family 15
[STDERR  ] 2017-06-08T17:06:47.441441659Z: [    7.665071] Bridge firewalling registered
[STDERR  ] 2017-06-08T17:06:47.441453326Z: [    7.665575] Ebtables v2.0 registered
[STDERR  ] 2017-06-08T17:06:47.441460146Z: [    7.668875] l2tp_core: L2TP core driver, V2.0
[STDERR  ] 2017-06-08T17:06:47.441479482Z: [    7.669302] l2tp_ppp: PPPoL2TP kernel driver, V2.0
[STDERR  ] 2017-06-08T17:06:47.441485373Z: [    7.669646] 8021q: 802.1Q VLAN Support v1.8
[STDERR  ] 2017-06-08T17:06:47.441506804Z: [    7.670955] 9pnet: Installing 9P2000 support
[STDERR  ] 2017-06-08T17:06:47.44151877Z: [    7.671717] Key type dns_resolver registered
[STDERR  ] 2017-06-08T17:06:47.441533806Z: [    7.672068] openvswitch: Open vSwitch switching datapath
[STDERR  ] 2017-06-08T17:06:47.441540392Z: [    7.674189] mpls_gso: MPLS GSO support
[STDERR  ] 2017-06-08T17:06:47.441551562Z: [    7.677822] registered taskstats version 1
[STDERR  ] 2017-06-08T17:06:47.441576938Z: [    7.811758] Key type big_key registered
[STDERR  ] 2017-06-08T17:06:47.441592376Z: [    7.847151] tsc: Refined TSC clocksource calibration: 2300.037 MHz
[STDERR  ] 2017-06-08T17:06:47.441606474Z: [    7.847693] clocksource: tsc: mask: 0xffffffffffffffff max_cycles: 0x21275849845, max_idle_ns: 440795280423 ns
[STDERR  ] 2017-06-08T17:06:47.441614885Z: [    7.856419] Key type encrypted registered
[STDERR  ] 2017-06-08T17:06:47.441627976Z: [    7.860636] rtc_cmos 00:00: setting system clock to 2017-06-08 17:06:13 UTC (1496941573)
[STDERR  ] 2017-06-08T17:06:47.441647547Z: [    8.016305] Freeing unused kernel memory: 1480K
[STDERR  ] 2017-06-08T17:06:47.441661152Z: [    8.016715] Write protecting the kernel read-only data: 14336k
[STDERR  ] 2017-06-08T17:06:47.441673756Z: [    8.026019] Freeing unused kernel memory: 548K
[STDERR  ] 2017-06-08T17:06:47.441692367Z: [    8.129809] Freeing unused kernel memory: 940K
[STDERR  ] 2017-06-08T17:06:47.441728785Z: [    8.866965] clocksource: Switched to clocksource tsc
[STDERR  ] 2017-06-08T17:06:47.441743411Z: 
[STDERR  ] 2017-06-08T17:06:47.44175557Z: Welcome to LinuxKit
[STDERR  ] 2017-06-08T17:06:47.441761541Z: 
[STDERR  ] 2017-06-08T17:06:47.44178354Z:                         ##         .
[STDERR  ] 2017-06-08T17:06:47.441797472Z:                   ## ## ##        ==
[STDERR  ] 2017-06-08T17:06:47.441811339Z:                ## ## ## ## ##    ===
[STDERR  ] 2017-06-08T17:06:47.441826359Z:            /"""""""""""""""""\___/ ===
[STDERR  ] 2017-06-08T17:06:47.441845984Z:       ~~~ {~~ ~~~~ ~~~ ~~~~ ~~~ ~ /  ===- ~~~
[STDERR  ] 2017-06-08T17:06:47.441861526Z:            \______ o           __/
[STDERR  ] 2017-06-08T17:06:47.441874064Z:              \    \         __/
[STDERR  ] 2017-06-08T17:06:47.441886353Z:               \____\_______/
[STDERR  ] 2017-06-08T17:06:47.441900462Z: 
[STDERR  ] 2017-06-08T17:06:47.44191236Z: 
[STDERR  ] 2017-06-08T17:06:47.44192736Z: 
[STDERR  ] 2017-06-08T17:06:47.441939653Z: Starting containerd
[STDERR  ] 2017-06-08T17:06:47.44195907Z: / # [6n[34mINFO[0m[0000] starting containerd boot...                   [34mmodule[0m=containerd
[STDERR  ] 2017-06-08T17:06:47.441979429Z: [34mINFO[0m[0000] starting debug API...                         [34mdebug[0m="/run/containerd/debug.sock" [34mmodule[0m=containerd
[STDERR  ] 2017-06-08T17:06:47.441987541Z: [34mINFO[0m[0000] loading monitor plugin "cgroups"...           [34mmodule[0m=containerd
[STDERR  ] 2017-06-08T17:06:47.441998996Z: [34mINFO[0m[0000] loading runtime plugin "linux"...             [34mmodule[0m=containerd
[STDERR  ] 2017-06-08T17:06:47.44201996Z: [34mINFO[0m[0000] loading snapshot plugin "snapshot-overlay"...  [34mmodule[0m=containerd
[STDERR  ] 2017-06-08T17:06:47.442032258Z: [34mINFO[0m[0000] loading differ plugin "diff-base"...          [34mmodule[0m=containerd
[STDERR  ] 2017-06-08T17:06:47.442047383Z: [34mINFO[0m[0000] loading grpc service plugin "metrics-grpc"...  [34mmodule[0m=containerd
[STDERR  ] 2017-06-08T17:06:47.442053817Z: [34mINFO[0m[0000] loading grpc service plugin "version-grpc"...  [34mmodule[0m=containerd
[STDERR  ] 2017-06-08T17:06:47.442066653Z: [34mINFO[0m[0000] loading grpc service plugin "diff-grpc"...    [34mmodule[0m=containerd
[STDERR  ] 2017-06-08T17:06:47.442086554Z: [34mINFO[0m[0000] loading grpc service plugin "tasks-grpc"...   [34mmodule[0m=containerd
[STDERR  ] 2017-06-08T17:06:47.442100096Z: [34mINFO[0m[0000] loading grpc service plugin "images-grpc"...  [34mmodule[0m=containerd
[STDERR  ] 2017-06-08T17:06:47.442113372Z: [34mINFO[0m[0000] loading grpc service plugin "snapshots-grpc"...  [34mmodule[0m=containerd
[STDERR  ] 2017-06-08T17:06:47.44212638Z: [34mINFO[0m[0000] loading grpc service plugin "content-grpc"...  [34mmodule[0m=containerd
[STDERR  ] 2017-06-08T17:06:47.442140467Z: [34mINFO[0m[0000] loading grpc service plugin "healthcheck-grpc"...  [34mmodule[0m=containerd
[STDERR  ] 2017-06-08T17:06:47.4421557Z: [34mINFO[0m[0000] loading grpc service plugin "containers-grpc"...  [34mmodule[0m=containerd
[STDERR  ] 2017-06-08T17:06:47.442175231Z: [34mINFO[0m[0000] loading grpc service plugin "namespaces-grpc"...  [34mmodule[0m=containerd
[STDERR  ] 2017-06-08T17:06:47.442188406Z: [34mINFO[0m[0000] starting GRPC API server...                   [34mmodule[0m=containerd
[STDERR  ] 2017-06-08T17:06:47.442195988Z: [34mINFO[0m[0000] containerd successfully booted in 0.185691s   [34mmodule[0m=containerd
[STDERR  ] 2017-06-08T17:06:47.44220746Z: starting kernel config sanity test with /proc/config.gz
[STDERR  ] 2017-06-08T17:06:47.44222805Z: CONFIG_DEBUG_RODATA=y
[STDERR  ] 2017-06-08T17:06:47.442241972Z: CONFIG_DEBUG_SET_MODULE_RONX=y
[STDERR  ] 2017-06-08T17:06:47.442258457Z: CONFIG_BUG_ON_DATA_CORRUPTION=y
[STDERR  ] 2017-06-08T17:06:47.442265266Z: kernel config test succeeded!
[STDERR  ] 2017-06-08T17:06:47.442278046Z: [37minfo: reading kernel config from /proc/config.gz ...[m
[STDERR  ] 2017-06-08T17:06:47.442297999Z: 
[STDERR  ] 2017-06-08T17:06:47.442304733Z: Generally Necessary:
[STDERR  ] 2017-06-08T17:06:47.442331754Z: - [37mcgroup hierarchy[m: [32mproperly mounted[m [/sys/fs/cgroup]
[STDERR  ] 2017-06-08T17:06:47.442345438Z: - [37mCONFIG_NAMESPACES[m: [32menabled[m
[STDERR  ] 2017-06-08T17:06:47.442351726Z: - [37mCONFIG_NET_NS[m: [32menabled[m
[STDERR  ] 2017-06-08T17:06:47.442378754Z: - [37mCONFIG_PID_NS[m: [32menabled[m
[STDERR  ] 2017-06-08T17:06:47.442390715Z: - [37mCONFIG_IPC_NS[m: [32menabled[m
[STDERR  ] 2017-06-08T17:06:47.442405835Z: - [37mCONFIG_UTS_NS[m: [32menabled[m
[STDERR  ] 2017-06-08T17:06:47.442422726Z: - [37mCONFIG_CGROUPS[m: [32menabled[m
[STDERR  ] 2017-06-08T17:06:47.442438234Z: - [37mCONFIG_CGROUP_CPUACCT[m: [32menabled[m
[STDERR  ] 2017-06-08T17:06:47.442449716Z: - [37mCONFIG_CGROUP_DEVICE[m: [32menabled[m
[STDERR  ] 2017-06-08T17:06:47.442456889Z: - [37mCONFIG_CGROUP_FREEZER[m: [32menabled[m
[STDERR  ] 2017-06-08T17:06:47.442476013Z: - [37mCONFIG_CGROUP_SCHED[m: [32menabled[m
[STDERR  ] 2017-06-08T17:06:47.442497597Z: - [37mCONFIG_CPUSETS[m: [32menabled[m
[STDERR  ] 2017-06-08T17:06:47.442503666Z: - [37mCONFIG_MEMCG[m: [32menabled[m
[STDERR  ] 2017-06-08T17:06:47.442524055Z: - [37mCONFIG_KEYS[m: [32menabled[m
[STDERR  ] 2017-06-08T17:06:47.44253712Z: - [37mCONFIG_VETH[m: [32menabled[m
[STDERR  ] 2017-06-08T17:06:47.442550267Z: - [37mCONFIG_BRIDGE[m: [32menabled[m
[STDERR  ] 2017-06-08T17:06:47.442564094Z: - [37mCONFIG_BRIDGE_NETFILTER[m: [32menabled[m
[STDERR  ] 2017-06-08T17:06:47.442576073Z: - [37mCONFIG_NF_NAT_IPV4[m: [32menabled[m
[STDERR  ] 2017-06-08T17:06:47.442590809Z: - [37mCONFIG_IP_NF_FILTER[m: [32menabled[m
[STDERR  ] 2017-06-08T17:06:47.442597499Z: - [37mCONFIG_IP_NF_TARGET_MASQUERADE[m: [32menabled[m
[STDERR  ] 2017-06-08T17:06:47.442609999Z: - [37mCONFIG_NETFILTER_XT_MATCH_ADDRTYPE[m: [32menabled[m
[STDERR  ] 2017-06-08T17:06:47.44262959Z: - [37mCONFIG_NETFILTER_XT_MATCH_CONNTRACK[m: [32menabled[m
[STDERR  ] 2017-06-08T17:06:47.442642724Z: - [37mCONFIG_NETFILTER_XT_MATCH_IPVS[m: [32menabled[m
