[INFO    ] 2018-10-20T01:00:18.056467826Z: Running Test linuxkit.kernel.kmod_4.14.x in /tmp/with_clone15fb358d/test/cases/020_kernel/012_kmod_4.14.x
[INFO    ] 2018-10-20T01:00:18.056838622Z: Running command: [/bin/sh -x /tmp/with_clone15fb358d/test/cases/020_kernel/012_kmod_4.14.x/test.sh]
[STDERR  ] 2018-10-20T01:00:18.057776964Z: + set -e
[STDERR  ] 2018-10-20T01:00:18.057893047Z: + . /tmp/with_clone15fb358d/test/cases/_lib/lib.sh
[STDERR  ] 2018-10-20T01:00:18.057929748Z: + [ -f src/github.com/linuxkit/rtf/lib/lib.sh ]
[STDERR  ] 2018-10-20T01:00:18.057956707Z: + LINUXKIT_TMPDIR=/tmp/with_clone15fb358d/test/cases/_tmp
[STDERR  ] 2018-10-20T01:00:18.057984701Z: + [ -f /tmp/with_clone15fb358d/test/cases/_tmp/env.sh ]
[STDERR  ] 2018-10-20T01:00:18.058012769Z: + . /tmp/with_clone15fb358d/test/cases/_tmp/env.sh
[STDERR  ] 2018-10-20T01:00:18.058046235Z: + export LINUXKIT_EXAMPLES_DIR=/tmp/with_clone15fb358d/test/cases/../../examples
[STDERR  ] 2018-10-20T01:00:18.058073660Z: + RT_CANCEL=253
[STDERR  ] 2018-10-20T01:00:18.058099504Z: + NAME=kmod
[STDERR  ] 2018-10-20T01:00:18.058125446Z: + IMAGE_NAME=kmod-test
[STDERR  ] 2018-10-20T01:00:18.058152178Z: + trap clean_up EXIT
[STDERR  ] 2018-10-20T01:00:18.058183167Z: + docker pull linuxkit/kernel:4.14.74
[STDOUT  ] 2018-10-20T01:00:19.497516175Z: 4.14.74: Pulling from linuxkit/kernel
[STDOUT  ] 2018-10-20T01:00:19.899519568Z: Digest: sha256:cd8ba1c874ab22faff803839d0b852b6a5393457dfe8c8c52ffd345f76584c47
[STDOUT  ] 2018-10-20T01:00:19.899625374Z: Status: Image is up to date for linuxkit/kernel:4.14.74
[STDERR  ] 2018-10-20T01:00:19.901491509Z: + docker build -t kmod-test .
[STDOUT  ] 2018-10-20T01:00:19.920930642Z: Sending build context to Docker daemon 8.704 kB
[STDOUT  ] 2018-10-20T01:00:20.042479065Z: Step 1/12 : FROM linuxkit/kernel:4.14.74 AS ksrc
[STDOUT  ] 2018-10-20T01:00:20.058548387Z:  ---> d9781a057056
[STDOUT  ] 2018-10-20T01:00:20.058627782Z: Step 2/12 : FROM linuxkit/alpine:3683c9a66cd4da40bd7d6c7da599b2dcd738b559 AS build
[STDOUT  ] 2018-10-20T01:00:20.058656888Z:  ---> 9e5cfc2c8a33
[STDOUT  ] 2018-10-20T01:00:20.058672736Z: Step 3/12 : RUN apk add build-base libelf-dev
[STDOUT  ] 2018-10-20T01:00:20.058687133Z:  ---> Using cache
[STDOUT  ] 2018-10-20T01:00:20.058701133Z:  ---> 842d2c3ccd2c
[STDOUT  ] 2018-10-20T01:00:20.058714687Z: Step 4/12 : COPY --from=ksrc /kernel-dev.tar /
[STDOUT  ] 2018-10-20T01:00:20.058728182Z:  ---> Using cache
[STDOUT  ] 2018-10-20T01:00:20.058741720Z:  ---> 66be284f30e2
[STDOUT  ] 2018-10-20T01:00:20.058760605Z: Step 5/12 : RUN tar xf kernel-dev.tar
[STDOUT  ] 2018-10-20T01:00:20.058799305Z:  ---> Using cache
[STDOUT  ] 2018-10-20T01:00:20.058838953Z:  ---> d0f546bbcc41
[STDOUT  ] 2018-10-20T01:00:20.058852675Z: Step 6/12 : WORKDIR /kmod
[STDOUT  ] 2018-10-20T01:00:20.058867644Z:  ---> Using cache
[STDOUT  ] 2018-10-20T01:00:20.058880855Z:  ---> 047f02a9d56c
[STDOUT  ] 2018-10-20T01:00:20.058894467Z: Step 7/12 : COPY ./src/* ./
[STDOUT  ] 2018-10-20T01:00:20.058907956Z:  ---> Using cache
[STDOUT  ] 2018-10-20T01:00:20.058921310Z:  ---> 29e47ca29df5
[STDOUT  ] 2018-10-20T01:00:20.058935314Z: Step 8/12 : RUN make all
[STDOUT  ] 2018-10-20T01:00:20.058948954Z:  ---> Using cache
[STDOUT  ] 2018-10-20T01:00:20.058962810Z:  ---> 257f5fb26f60
[STDOUT  ] 2018-10-20T01:00:20.058976013Z: Step 9/12 : FROM alpine:3.8
[STDOUT  ] 2018-10-20T01:00:20.058989428Z:  ---> 196d12cf6ab1
[STDOUT  ] 2018-10-20T01:00:20.059003129Z: Step 10/12 : COPY --from=build /kmod/hello_world.ko /
[STDOUT  ] 2018-10-20T01:00:20.547261614Z:  ---> a4947d5af54b
[STDOUT  ] 2018-10-20T01:00:20.554737538Z: Removing intermediate container 6974d76b6530
[STDOUT  ] 2018-10-20T01:00:20.554821126Z: Step 11/12 : COPY check.sh /check.sh
[STDOUT  ] 2018-10-20T01:00:21.027053272Z:  ---> 5c7647faf6b2
[STDOUT  ] 2018-10-20T01:00:21.034380586Z: Removing intermediate container 3fe6254acd88
[STDOUT  ] 2018-10-20T01:00:21.034467465Z: Step 12/12 : ENTRYPOINT /bin/sh /check.sh
[STDOUT  ] 2018-10-20T01:00:21.152030323Z:  ---> Running in 79020f87c2f6
[STDOUT  ] 2018-10-20T01:00:21.347775684Z:  ---> 3fb824e6c2f1
[STDOUT  ] 2018-10-20T01:00:21.355247284Z: Removing intermediate container 79020f87c2f6
[STDOUT  ] 2018-10-20T01:00:21.461435383Z: Successfully built 3fb824e6c2f1
[STDOUT  ] 2018-10-20T01:00:21.469196619Z: Successfully tagged kmod-test:latest
[STDERR  ] 2018-10-20T01:00:21.470758017Z: + linuxkit build -format kernel+initrd -name kmod test.yml
[STDERR  ] 2018-10-20T01:00:21.514153979Z: Extract kernel image: linuxkit/kernel:4.14.74
[STDERR  ] 2018-10-20T01:00:26.159277127Z: Add init containers:
[STDERR  ] 2018-10-20T01:00:26.159382359Z: Process init image: linuxkit/init:6eb0158059b056a1567236280880cb87f03ff008
[STDERR  ] 2018-10-20T01:00:28.191445283Z: Process init image: linuxkit/runc:6cf26a0403376de3b5396cb676b88eea4f37aff8
[STDERR  ] 2018-10-20T01:00:29.735342968Z: Add onboot containers:
[STDERR  ] 2018-10-20T01:00:29.735467555Z:   Create OCI config for kmod-test
[STDERR  ] 2018-10-20T01:00:30.031829662Z:   Create OCI config for linuxkit/poweroff:afe8f7dd0d47a7991c54519b0f09124cb8c4e300
[STDERR  ] 2018-10-20T01:00:31.807553789Z: Create outputs:
[STDERR  ] 2018-10-20T01:00:37.126927087Z:   kmod-kernel kmod-initrd.img kmod-cmdline
[STDERR  ] 2018-10-20T01:00:37.191200294Z: + linuxkit run kmod
[STDERR  ] 2018-10-20T01:01:17.017407620Z: + RESULT=[    0.000000] Linux version 4.14.74-linuxkit (root@50993055c1cc) (gcc version 6.4.0 (Alpine 6.4.0)) #1 SMP Fri Oct 5 20:19:37 UTC 2018
[STDERR  ] 2018-10-20T01:01:17.017962389Z: [    0.000000] Command line: console=ttyS0 console=ttyAMA0
[STDERR  ] 2018-10-20T01:01:17.018004667Z: [    0.000000] x86/fpu: x87 FPU will use FXSAVE
[STDERR  ] 2018-10-20T01:01:17.018028863Z: [    0.000000] e820: BIOS-provided physical RAM map:
[STDERR  ] 2018-10-20T01:01:17.018116227Z: [    0.000000] BIOS-e820: [mem 0x0000000000000000-0x000000000009fbff] usable
[STDERR  ] 2018-10-20T01:01:17.018144129Z: [    0.000000] BIOS-e820: [mem 0x000000000009fc00-0x000000000009ffff] reserved
[STDERR  ] 2018-10-20T01:01:17.018171615Z: [    0.000000] BIOS-e820: [mem 0x00000000000f0000-0x00000000000fffff] reserved
[STDERR  ] 2018-10-20T01:01:17.018194052Z: [    0.000000] BIOS-e820: [mem 0x0000000000100000-0x000000003ffdefff] usable
[STDERR  ] 2018-10-20T01:01:17.018218735Z: [    0.000000] BIOS-e820: [mem 0x000000003ffdf000-0x000000003fffffff] reserved
[STDERR  ] 2018-10-20T01:01:17.018330140Z: [    0.000000] BIOS-e820: [mem 0x00000000b0000000-0x00000000bfffffff] reserved
[STDERR  ] 2018-10-20T01:01:17.018429479Z: [    0.000000] BIOS-e820: [mem 0x00000000fed1c000-0x00000000fed1ffff] reserved
[STDERR  ] 2018-10-20T01:01:17.018461575Z: [    0.000000] BIOS-e820: [mem 0x00000000fffc0000-0x00000000ffffffff] reserved
[STDERR  ] 2018-10-20T01:01:17.018519189Z: [    0.000000] NX (Execute Disable) protection: active
[STDERR  ] 2018-10-20T01:01:17.018574245Z: [    0.000000] SMBIOS 2.8 present.
[STDERR  ] 2018-10-20T01:01:17.018606958Z: [    0.000000] DMI: QEMU Standard PC (Q35 + ICH9, 2009), BIOS rel-1.10.2-0-g5f4c7b1-prebuilt.qemu-project.org 04/01/2014
[STDERR  ] 2018-10-20T01:01:17.018895455Z: [    0.000000] tsc: Fast TSC calibration using PIT
[STDERR  ] 2018-10-20T01:01:17.018925906Z: [    0.000000] e820: last_pfn = 0x3ffdf max_arch_pfn = 0x400000000
[STDERR  ] 2018-10-20T01:01:17.018953583Z: [    0.000000] x86/PAT: Configuration [0-7]: WB  WC  UC- UC  WB  WP  UC- WT  
[STDERR  ] 2018-10-20T01:01:17.018976102Z: [    0.000000] found SMP MP-table at [mem 0x000f6aa0-0x000f6aaf] mapped at [ffffffffff200aa0]
[STDERR  ] 2018-10-20T01:01:17.019052884Z: [    0.000000] RAMDISK: [mem 0x3e3d7000-0x3ffcffff]
[STDERR  ] 2018-10-20T01:01:17.019078996Z: [    0.000000] ACPI: Early table checksum verification disabled
[STDERR  ] 2018-10-20T01:01:17.019099210Z: [    0.000000] ACPI: RSDP 0x00000000000F68C0 000014 (v00 BOCHS )
[STDERR  ] 2018-10-20T01:01:17.019119320Z: [    0.000000] ACPI: RSDT 0x000000003FFE2404 000034 (v01 BOCHS  BXPCRSDT 00000001 BXPC 00000001)
[STDERR  ] 2018-10-20T01:01:17.019139646Z: [    0.000000] ACPI: FACP 0x000000003FFE22A4 000074 (v01 BOCHS  BXPCFACP 00000001 BXPC 00000001)
[STDERR  ] 2018-10-20T01:01:17.019158898Z: [    0.000000] ACPI: DSDT 0x000000003FFE0040 002264 (v01 BOCHS  BXPCDSDT 00000001 BXPC 00000001)
[STDERR  ] 2018-10-20T01:01:17.019187989Z: [    0.000000] ACPI: FACS 0x000000003FFE0000 000040
[STDERR  ] 2018-10-20T01:01:17.019208607Z: [    0.000000] ACPI: APIC 0x000000003FFE2318 000078 (v01 BOCHS  BXPCAPIC 00000001 BXPC 00000001)
[STDERR  ] 2018-10-20T01:01:17.019227886Z: [    0.000000] ACPI: HPET 0x000000003FFE2390 000038 (v01 BOCHS  BXPCHPET 00000001 BXPC 00000001)
[STDERR  ] 2018-10-20T01:01:17.019251103Z: [    0.000000] ACPI: MCFG 0x000000003FFE23C8 00003C (v01 BOCHS  BXPCMCFG 00000001 BXPC 00000001)
[STDERR  ] 2018-10-20T01:01:17.019270098Z: [    0.000000] Zone ranges:
[STDERR  ] 2018-10-20T01:01:17.019289061Z: [    0.000000]   DMA      [mem 0x0000000000001000-0x0000000000ffffff]
[STDERR  ] 2018-10-20T01:01:17.019307558Z: [    0.000000]   DMA32    [mem 0x0000000001000000-0x000000003ffdefff]
[STDERR  ] 2018-10-20T01:01:17.019325886Z: [    0.000000]   Normal   empty
[STDERR  ] 2018-10-20T01:01:17.019344307Z: [    0.000000]   Device   empty
[STDERR  ] 2018-10-20T01:01:17.019363742Z: [    0.000000] Movable zone start for each node
[STDERR  ] 2018-10-20T01:01:17.019382569Z: [    0.000000] Early memory node ranges
[STDERR  ] 2018-10-20T01:01:17.019402461Z: [    0.000000]   node   0: [mem 0x0000000000001000-0x000000000009efff]
[STDERR  ] 2018-10-20T01:01:17.019422580Z: [    0.000000]   node   0: [mem 0x0000000000100000-0x000000003ffdefff]
[STDERR  ] 2018-10-20T01:01:17.019441288Z: [    0.000000] Initmem setup node 0 [mem 0x0000000000001000-0x000000003ffdefff]
[STDERR  ] 2018-10-20T01:01:17.019460010Z: [    0.000000] ACPI: PM-Timer IO Port: 0x608
[STDERR  ] 2018-10-20T01:01:17.019486147Z: [    0.000000] ACPI: LAPIC_NMI (acpi_id[0xff] dfl dfl lint[0x1])
[STDERR  ] 2018-10-20T01:01:17.019513285Z: [    0.000000] IOAPIC[0]: apic_id 0, version 32, address 0xfec00000, GSI 0-23
[STDERR  ] 2018-10-20T01:01:17.019537285Z: [    0.000000] ACPI: INT_SRC_OVR (bus 0 bus_irq 0 global_irq 2 dfl dfl)
[STDERR  ] 2018-10-20T01:01:17.019575335Z: [    0.000000] ACPI: INT_SRC_OVR (bus 0 bus_irq 5 global_irq 5 high level)
[STDERR  ] 2018-10-20T01:01:17.019600307Z: [    0.000000] ACPI: INT_SRC_OVR (bus 0 bus_irq 9 global_irq 9 high level)
[STDERR  ] 2018-10-20T01:01:17.019639157Z: [    0.000000] ACPI: INT_SRC_OVR (bus 0 bus_irq 10 global_irq 10 high level)
[STDERR  ] 2018-10-20T01:01:17.019669377Z: [    0.000000] ACPI: INT_SRC_OVR (bus 0 bus_irq 11 global_irq 11 high level)
[STDERR  ] 2018-10-20T01:01:17.019688418Z: [    0.000000] Using ACPI (MADT) for SMP configuration information
[STDERR  ] 2018-10-20T01:01:17.019719683Z: [    0.000000] ACPI: HPET id: 0x8086a201 base: 0xfed00000
[STDERR  ] 2018-10-20T01:01:17.019739110Z: [    0.000000] smpboot: Allowing 1 CPUs, 0 hotplug CPUs
[STDERR  ] 2018-10-20T01:01:17.019758146Z: [    0.000000] e820: [mem 0x40000000-0xafffffff] available for PCI devices
[STDERR  ] 2018-10-20T01:01:17.019777664Z: [    0.000000] Booting paravirtualized kernel on bare hardware
[STDERR  ] 2018-10-20T01:01:17.019797112Z: [    0.000000] clocksource: refined-jiffies: mask: 0xffffffff max_cycles: 0xffffffff, max_idle_ns: 1910969940391419 ns
[STDERR  ] 2018-10-20T01:01:17.019817213Z: [    0.000000] random: get_random_bytes called from start_kernel+0x92/0x4cb with crng_init=0
[STDERR  ] 2018-10-20T01:01:17.019836521Z: [    0.000000] setup_percpu: NR_CPUS:128 nr_cpumask_bits:128 nr_cpu_ids:1 nr_node_ids:1
[STDERR  ] 2018-10-20T01:01:17.019855732Z: [    0.000000] percpu: Embedded 45 pages/cpu @ffff8d38be000000 s144280 r8192 d31848 u2097152
[STDERR  ] 2018-10-20T01:01:17.019876281Z: [    0.000000] Built 1 zonelists, mobility grouping on.  Total pages: 257896
[STDERR  ] 2018-10-20T01:01:17.019895934Z: [    0.000000] Kernel command line: console=ttyS0 console=ttyAMA0
[STDERR  ] 2018-10-20T01:01:17.019914929Z: [    0.000000] PID hash table entries: 4096 (order: 3, 32768 bytes)
[STDERR  ] 2018-10-20T01:01:17.019933832Z: [    0.000000] Dentry cache hash table entries: 131072 (order: 8, 1048576 bytes)
[STDERR  ] 2018-10-20T01:01:17.019953063Z: [    0.000000] Inode-cache hash table entries: 65536 (order: 7, 524288 bytes)
[STDERR  ] 2018-10-20T01:01:17.019988899Z: [    0.000000] Memory: 976240K/1048052K available (12300K kernel code, 1452K rwdata, 2964K rodata, 1512K init, 580K bss, 71812K reserved, 0K cma-reserved)
[STDERR  ] 2018-10-20T01:01:17.020019822Z: [    0.000000] ftrace: allocating 40636 entries in 159 pages
[STDERR  ] 2018-10-20T01:01:17.020040009Z: [    0.000000] Hierarchical RCU implementation.
[STDERR  ] 2018-10-20T01:01:17.020060312Z: [    0.000000] 	RCU restricting CPUs from NR_CPUS=128 to nr_cpu_ids=1.
[STDERR  ] 2018-10-20T01:01:17.020081680Z: [    0.000000] RCU: Adjusting geometry for rcu_fanout_leaf=16, nr_cpu_ids=1
[STDERR  ] 2018-10-20T01:01:17.020101590Z: [    0.000000] NR_IRQS: 8448, nr_irqs: 256, preallocated irqs: 16
[STDERR  ] 2018-10-20T01:01:17.020122643Z: [    0.000000] Console: colour VGA+ 80x25
[STDERR  ] 2018-10-20T01:01:17.020148402Z: [    0.000000] console [ttyS0] enabled
[STDERR  ] 2018-10-20T01:01:17.020168538Z: [    0.000000] clocksource: hpet: mask: 0xffffffff max_cycles: 0xffffffff, max_idle_ns: 19112604467 ns
[STDERR  ] 2018-10-20T01:01:17.020188085Z: [    0.003000] tsc: Fast TSC calibration using PIT
[STDERR  ] 2018-10-20T01:01:17.020208227Z: [    0.004000] tsc: Detected 2599.842 MHz processor
[STDERR  ] 2018-10-20T01:01:17.020228315Z: [    0.007215] Calibrating delay loop (skipped), value calculated using timer frequency.. 5199.68 BogoMIPS (lpj=2599842)
[STDERR  ] 2018-10-20T01:01:17.020247550Z: [    0.008125] pid_max: default: 32768 minimum: 301
[STDERR  ] 2018-10-20T01:01:17.020265815Z: [    0.009504] ACPI: Core revision 20170728
[STDERR  ] 2018-10-20T01:01:17.020286132Z: [    0.051080] ACPI: 1 ACPI AML tables successfully acquired and loaded
[STDERR  ] 2018-10-20T01:01:17.020305045Z: [    0.055693] Security Framework initialized
[STDERR  ] 2018-10-20T01:01:17.020328578Z: [    0.056157] Yama: becoming mindful.
[STDERR  ] 2018-10-20T01:01:17.020347662Z: [    0.058863] Mount-cache hash table entries: 2048 (order: 2, 16384 bytes)
[STDERR  ] 2018-10-20T01:01:17.020367254Z: [    0.059090] Mountpoint-cache hash table entries: 2048 (order: 2, 16384 bytes)
[STDERR  ] 2018-10-20T01:01:17.020386710Z: [    0.081049] Last level iTLB entries: 4KB 0, 2MB 0, 4MB 0
[STDERR  ] 2018-10-20T01:01:17.020405607Z: [    0.081532] Last level dTLB entries: 4KB 0, 2MB 0, 4MB 0, 1GB 0
[STDERR  ] 2018-10-20T01:01:17.020431114Z: [    0.082179] Spectre V2 : Spectre mitigation: LFENCE not serializing, switching to generic retpoline
[STDERR  ] 2018-10-20T01:01:17.020452326Z: [    0.083029] Spectre V2 : Mitigation: Full generic retpoline
[STDERR  ] 2018-10-20T01:01:17.020479809Z: [    0.083736] Spectre V2 : Spectre v2 / SpectreRSB mitigation: Filling RSB on context switch
[STDERR  ] 2018-10-20T01:01:17.020506501Z: [    0.084108] Speculative Store Bypass: Vulnerable
[STDERR  ] 2018-10-20T01:01:17.020527392Z: [    0.256407] random: fast init done
[STDERR  ] 2018-10-20T01:01:17.020547245Z: [    0.399216] Freeing SMP alternatives memory: 20K
[STDERR  ] 2018-10-20T01:01:17.020566307Z: [    0.421492] smpboot: Max logical packages: 1
[STDERR  ] 2018-10-20T01:01:17.020586388Z: [    0.428000] ..TIMER: vector=0x30 apic1=0 pin1=2 apic2=-1 pin2=-1
[STDERR  ] 2018-10-20T01:01:17.020606286Z: [    0.439000] smpboot: CPU0: AMD QEMU Virtual CPU version 2.5+ (family: 0x6, model: 0x6, stepping: 0x3)
[STDERR  ] 2018-10-20T01:01:17.020638273Z: [    0.446214] Performance Events: PMU not available due to virtualization, using software events only.
[STDERR  ] 2018-10-20T01:01:17.020658108Z: [    0.450294] Hierarchical SRCU implementation.
[STDERR  ] 2018-10-20T01:01:17.020676905Z: [    0.457144] NMI watchdog: Perf event create on CPU 0 failed with -2
[STDERR  ] 2018-10-20T01:01:17.020703438Z: [    0.457675] NMI watchdog: Perf NMI watchdog permanently disabled
[STDERR  ] 2018-10-20T01:01:17.020724323Z: [    0.463270] smp: Bringing up secondary CPUs ...
[STDERR  ] 2018-10-20T01:01:17.020743673Z: [    0.464114] smp: Brought up 1 node, 1 CPU
[STDERR  ] 2018-10-20T01:01:17.020763903Z: [    0.464574] smpboot: Total of 1 processors activated (5199.68 BogoMIPS)
[STDERR  ] 2018-10-20T01:01:17.020788632Z: [    0.483168] devtmpfs: initialized
[STDERR  ] 2018-10-20T01:01:17.020814719Z: [    0.488036] x86/mm: Memory block size: 128MB
[STDERR  ] 2018-10-20T01:01:17.020834645Z: [    0.495090] evm: security.ima
[STDERR  ] 2018-10-20T01:01:17.020868775Z: [    0.495373] evm: security.capability
[STDERR  ] 2018-10-20T01:01:17.020896542Z: [    0.499185] clocksource: jiffies: mask: 0xffffffff max_cycles: 0xffffffff, max_idle_ns: 1911260446275000 ns
[STDERR  ] 2018-10-20T01:01:17.020917106Z: [    0.500216] futex hash table entries: 256 (order: 2, 16384 bytes)
[STDERR  ] 2018-10-20T01:01:17.020937563Z: [    0.512549] NET: Registered protocol family 16
[STDERR  ] 2018-10-20T01:01:17.020966402Z: [    0.520413] cpuidle: using governor ladder
[STDERR  ] 2018-10-20T01:01:17.020986158Z: [    0.521036] cpuidle: using governor menu
[STDERR  ] 2018-10-20T01:01:17.021016051Z: [    0.522857] ACPI: bus type PCI registered
[STDERR  ] 2018-10-20T01:01:17.021035129Z: [    0.526357] PCI: MMCONFIG for domain 0000 [bus 00-ff] at [mem 0xb0000000-0xbfffffff] (base 0xb0000000)
[STDERR  ] 2018-10-20T01:01:17.021056307Z: [    0.527256] PCI: MMCONFIG at [mem 0xb0000000-0xbfffffff] reserved in E820
[STDERR  ] 2018-10-20T01:01:17.021076098Z: [    0.528601] PCI: Using configuration type 1 for base access
[STDERR  ] 2018-10-20T01:01:17.021096920Z: [    0.598430] HugeTLB registered 2.00 MiB page size, pre-allocated 0 pages
[STDERR  ] 2018-10-20T01:01:17.021116730Z: [    0.609738] ACPI: Added _OSI(Module Device)
[STDERR  ] 2018-10-20T01:01:17.021142312Z: [    0.610062] ACPI: Added _OSI(Processor Device)
[STDERR  ] 2018-10-20T01:01:17.021162483Z: [    0.610404] ACPI: Added _OSI(3.0 _SCP Extensions)
[STDERR  ] 2018-10-20T01:01:17.021182146Z: [    0.611035] ACPI: Added _OSI(Processor Aggregator Device)
[STDERR  ] 2018-10-20T01:01:17.021201622Z: [    0.697711] ACPI: Interpreter enabled
[STDERR  ] 2018-10-20T01:01:17.021228095Z: [    0.699442] ACPI: (supports S0 S5)
[STDERR  ] 2018-10-20T01:01:17.021247373Z: [    0.699846] ACPI: Using IOAPIC for interrupt routing
[STDERR  ] 2018-10-20T01:01:17.021266421Z: [    0.702485] PCI: Using host bridge windows from ACPI; if necessary, use "pci=nocrs" and report a bug
[STDERR  ] 2018-10-20T01:01:17.021286201Z: [    0.707640] ACPI: Enabled 2 GPEs in block 00 to 3F
[STDERR  ] 2018-10-20T01:01:17.021306549Z: [    0.789450] ACPI: PCI Root Bridge [PCI0] (domain 0000 [bus 00-ff])
[STDERR  ] 2018-10-20T01:01:17.021326818Z: [    0.790556] acpi PNP0A08:00: _OSC: OS supports [ExtendedConfig ASPM ClockPM Segments MSI]
[STDERR  ] 2018-10-20T01:01:17.021351122Z: [    0.796857] acpi PNP0A08:00: _OSC: OS now controls [PCIeHotplug PME PCIeCapability]
[STDERR  ] 2018-10-20T01:01:17.021390820Z: [    0.801823] PCI host bridge to bus 0000:00
[STDERR  ] 2018-10-20T01:01:17.021418194Z: [    0.802282] pci_bus 0000:00: root bus resource [io  0x0000-0x0cf7 window]
[STDERR  ] 2018-10-20T01:01:17.021437858Z: [    0.803084] pci_bus 0000:00: root bus resource [io  0x0d00-0xffff window]
[STDERR  ] 2018-10-20T01:01:17.021457822Z: [    0.804058] pci_bus 0000:00: root bus resource [mem 0x000a0000-0x000bffff window]
[STDERR  ] 2018-10-20T01:01:17.021476904Z: [    0.804679] pci_bus 0000:00: root bus resource [mem 0xc0000000-0xfebfffff window]
[STDERR  ] 2018-10-20T01:01:17.021496173Z: [    0.805208] pci_bus 0000:00: root bus resource [bus 00-ff]
[STDERR  ] 2018-10-20T01:01:17.021518322Z: [    0.866047] pci 0000:00:1f.0: quirk: [io  0x0600-0x067f] claimed by ICH6 ACPI/GPIO/TCO
[STDERR  ] 2018-10-20T01:01:17.021538693Z: [    0.915945] ACPI: PCI Interrupt Link [LNKA] (IRQs 5 *10 11)
[STDERR  ] 2018-10-20T01:01:17.021563109Z: [    0.918813] ACPI: PCI Interrupt Link [LNKB] (IRQs 5 *10 11)
[STDERR  ] 2018-10-20T01:01:17.021588080Z: [    0.921140] ACPI: PCI Interrupt Link [LNKC] (IRQs 5 10 *11)
[STDERR  ] 2018-10-20T01:01:17.021607568Z: [    0.923321] ACPI: PCI Interrupt Link [LNKD] (IRQs 5 10 *11)
[STDERR  ] 2018-10-20T01:01:17.021627798Z: [    0.925665] ACPI: PCI Interrupt Link [LNKE] (IRQs 5 *10 11)
[STDERR  ] 2018-10-20T01:01:17.021661040Z: [    0.927740] ACPI: PCI Interrupt Link [LNKF] (IRQs 5 *10 11)
[STDERR  ] 2018-10-20T01:01:17.021682350Z: [    0.929836] ACPI: PCI Interrupt Link [LNKG] (IRQs 5 10 *11)
[STDERR  ] 2018-10-20T01:01:17.021707911Z: [    0.931917] ACPI: PCI Interrupt Link [LNKH] (IRQs 5 10 *11)
[STDERR  ] 2018-10-20T01:01:17.021727547Z: [    0.933106] ACPI: PCI Interrupt Link [GSIA] (IRQs *16)
[STDERR  ] 2018-10-20T01:01:17.021746566Z: [    0.933895] ACPI: PCI Interrupt Link [GSIB] (IRQs *17)
[STDERR  ] 2018-10-20T01:01:17.021767119Z: [    0.934818] ACPI: PCI Interrupt Link [GSIC] (IRQs *18)
[STDERR  ] 2018-10-20T01:01:17.021790955Z: [    0.935337] ACPI: PCI Interrupt Link [GSID] (IRQs *19)
[STDERR  ] 2018-10-20T01:01:17.021810635Z: [    0.936338] ACPI: PCI Interrupt Link [GSIE] (IRQs *20)
[STDERR  ] 2018-10-20T01:01:17.021836702Z: [    0.937319] ACPI: PCI Interrupt Link [GSIF] (IRQs *21)
[STDERR  ] 2018-10-20T01:01:17.021855837Z: [    0.938242] ACPI: PCI Interrupt Link [GSIG] (IRQs *22)
[STDERR  ] 2018-10-20T01:01:17.021875375Z: [    0.939051] ACPI: PCI Interrupt Link [GSIH] (IRQs *23)
[STDERR  ] 2018-10-20T01:01:17.021894618Z: [    0.948470] SCSI subsystem initialized
[STDERR  ] 2018-10-20T01:01:17.021913177Z: [    0.951568] ACPI: bus type USB registered
[STDERR  ] 2018-10-20T01:01:17.021931815Z: [    0.952712] usbcore: registered new interface driver usbfs
[STDERR  ] 2018-10-20T01:01:17.022037529Z: [    0.954067] usbcore: registered new interface driver hub
[STDERR  ] 2018-10-20T01:01:17.022062186Z: [    0.955107] usbcore: registered new device driver usb
[STDERR  ] 2018-10-20T01:01:17.022083299Z: [    0.956226] pps_core: LinuxPPS API ver. 1 registered
[STDERR  ] 2018-10-20T01:01:17.022102429Z: [    0.956630] pps_core: Software ver. 5.3.6 - Copyright 2005-2007 Rodolfo Giometti <giometti@linux.it>
[STDERR  ] 2018-10-20T01:01:17.022121673Z: [    0.957160] PTP clock support registered
[STDERR  ] 2018-10-20T01:01:17.022142538Z: [    0.960286] PCI: Using ACPI for IRQ routing
[STDERR  ] 2018-10-20T01:01:17.022161892Z: [    0.982480] NetLabel: Initializing
[STDERR  ] 2018-10-20T01:01:17.022180538Z: [    0.982840] NetLabel:  domain hash size = 128
[STDERR  ] 2018-10-20T01:01:17.022199055Z: [    0.983035] NetLabel:  protocols = UNLABELED CIPSOv4 CALIPSO
[STDERR  ] 2018-10-20T01:01:17.022222192Z: [    0.985805] NetLabel:  unlabeled traffic allowed by default
[STDERR  ] 2018-10-20T01:01:17.022241904Z: [    0.987943] HPET: 3 timers in total, 0 timers will be used for per-cpu timer
[STDERR  ] 2018-10-20T01:01:17.022313364Z: [    0.988871] hpet0: at MMIO 0xfed00000, IRQs 2, 8, 0
[STDERR  ] 2018-10-20T01:01:17.022333728Z: [    0.989528] hpet0: 3 comparators, 64-bit 100.000000 MHz counter
[STDERR  ] 2018-10-20T01:01:17.022353434Z: [    0.995761] clocksource: Switched to clocksource hpet
[STDERR  ] 2018-10-20T01:01:17.022373235Z: [    1.354646] VFS: Disk quotas dquot_6.6.0
[STDERR  ] 2018-10-20T01:01:17.022407321Z: [    1.355661] VFS: Dquot-cache hash table entries: 512 (order 0, 4096 bytes)
[STDERR  ] 2018-10-20T01:01:17.022427673Z: [    1.359274] FS-Cache: Loaded
[STDERR  ] 2018-10-20T01:01:17.022447596Z: [    1.366351] CacheFiles: Loaded
[STDERR  ] 2018-10-20T01:01:17.022467734Z: [    1.367825] pnp: PnP ACPI init
[STDERR  ] 2018-10-20T01:01:17.022492383Z: [    1.381836] pnp: PnP ACPI: found 5 devices
[STDERR  ] 2018-10-20T01:01:17.022513587Z: [    1.429519] clocksource: acpi_pm: mask: 0xffffff max_cycles: 0xffffff, max_idle_ns: 2085701024 ns
[STDERR  ] 2018-10-20T01:01:17.022533358Z: [    1.433007] NET: Registered protocol family 2
[STDERR  ] 2018-10-20T01:01:17.022552609Z: [    1.442670] TCP established hash table entries: 8192 (order: 4, 65536 bytes)
[STDERR  ] 2018-10-20T01:01:17.022572403Z: [    1.443755] TCP bind hash table entries: 8192 (order: 5, 131072 bytes)
[STDERR  ] 2018-10-20T01:01:17.022592179Z: [    1.445783] TCP: Hash tables configured (established 8192 bind 8192)
[STDERR  ] 2018-10-20T01:01:17.022612675Z: [    1.449502] UDP hash table entries: 512 (order: 2, 16384 bytes)
[STDERR  ] 2018-10-20T01:01:17.022651085Z: [    1.450358] UDP-Lite hash table entries: 512 (order: 2, 16384 bytes)
[STDERR  ] 2018-10-20T01:01:17.022671010Z: [    1.453575] NET: Registered protocol family 1
[STDERR  ] 2018-10-20T01:01:17.022691332Z: [    1.454766] pci 0000:00:01.0: Video device with shadowed ROM at [mem 0x000c0000-0x000dffff]
[STDERR  ] 2018-10-20T01:01:17.022710714Z: [    1.463065] Trying to unpack rootfs image as initramfs...
[STDERR  ] 2018-10-20T01:01:17.022731077Z: [    6.166902] Freeing initrd memory: 28644K
[STDERR  ] 2018-10-20T01:01:17.022750869Z: [    6.199457] PCLMULQDQ-NI instructions are not detected.
[STDERR  ] 2018-10-20T01:01:17.022770213Z: [    6.201475] AVX or AES-NI instructions are not detected.
[STDERR  ] 2018-10-20T01:01:17.022789507Z: [    6.202298] CPU feature 'AVX registers' is not supported.
[STDERR  ] 2018-10-20T01:01:17.022809309Z: [    6.202852] CPU feature 'AVX registers' is not supported.
[STDERR  ] 2018-10-20T01:01:17.022827995Z: [    6.203846] CPU feature 'AVX registers' is not supported.
[STDERR  ] 2018-10-20T01:01:17.022846808Z: [    6.204515] CPU feature 'AVX registers' is not supported.
[STDERR  ] 2018-10-20T01:01:17.022865811Z: [    6.205035] AVX2 or AES-NI instructions are not detected.
[STDERR  ] 2018-10-20T01:01:17.022885358Z: [    6.205913] AVX2 instructions are not detected.
[STDERR  ] 2018-10-20T01:01:17.022903689Z: [    6.213616] audit: initializing netlink subsys (disabled)
[STDERR  ] 2018-10-20T01:01:17.022924366Z: [    6.219588] audit: type=2000 audit(1539997248.215:1): state=initialized audit_enabled=0 res=1
[STDERR  ] 2018-10-20T01:01:17.022945277Z: [    6.224429] workingset: timestamp_bits=46 max_order=18 bucket_order=0
[STDERR  ] 2018-10-20T01:01:17.022964771Z: [    6.233444] squashfs: version 4.0 (2009/01/31) Phillip Lougher
[STDERR  ] 2018-10-20T01:01:17.022984078Z: [    6.236757] FS-Cache: Netfs 'cifs' registered for caching
[STDERR  ] 2018-10-20T01:01:17.023009622Z: [    6.238815] fuse init (API version 7.26)
[STDERR  ] 2018-10-20T01:01:17.023028846Z: [    6.242066] SGI XFS with ACLs, security attributes, no debug enabled
[STDERR  ] 2018-10-20T01:01:17.023048439Z: [    6.247535] 9p: Installing v9fs 9p2000 file system support
[STDERR  ] 2018-10-20T01:01:17.023069123Z: [    6.248461] FS-Cache: Netfs '9p' registered for caching
[STDERR  ] 2018-10-20T01:01:17.023088863Z: [    6.313520] NET: Registered protocol family 38
[STDERR  ] 2018-10-20T01:01:17.023109855Z: [    6.314572] Key type asymmetric registered
[STDERR  ] 2018-10-20T01:01:17.023128826Z: [    6.315025] Asymmetric key parser 'x509' registered
[STDERR  ] 2018-10-20T01:01:17.023153765Z: [    6.316332] Block layer SCSI generic (bsg) driver version 0.4 loaded (major 247)
[STDERR  ] 2018-10-20T01:01:17.023173189Z: [    6.318592] io scheduler noop registered
[STDERR  ] 2018-10-20T01:01:17.023192515Z: [    6.318976] io scheduler deadline registered (default)
[STDERR  ] 2018-10-20T01:01:17.023211909Z: [    6.320051] io scheduler cfq registered
[STDERR  ] 2018-10-20T01:01:17.023231046Z: [    6.320613] io scheduler mq-deadline registered
[STDERR  ] 2018-10-20T01:01:17.023253406Z: [    6.321009] io scheduler kyber registered
[STDERR  ] 2018-10-20T01:01:17.023272701Z: [    6.325344] shpchp: Standard Hot Plug PCI Controller Driver version: 0.4
[STDERR  ] 2018-10-20T01:01:17.023292185Z: [    6.326450] hv_vmbus: registering driver hyperv_fb
[STDERR  ] 2018-10-20T01:01:17.023319346Z: [    6.331681] input: Power Button as /devices/LNXSYSTM:00/LNXPWRBN:00/input/input0
[STDERR  ] 2018-10-20T01:01:17.023338879Z: [    6.337503] ACPI: Power Button [PWRF]
[STDERR  ] 2018-10-20T01:01:17.023358102Z: [    6.361020] ACPI: PCI Interrupt Link [GSIG] enabled at IRQ 22
[STDERR  ] 2018-10-20T01:01:17.023378286Z: [    6.378856] ACPI: PCI Interrupt Link [GSIH] enabled at IRQ 23
[STDERR  ] 2018-10-20T01:01:17.023397451Z: [    6.388025] Serial: 8250/16550 driver, 4 ports, IRQ sharing disabled
[STDERR  ] 2018-10-20T01:01:17.023416866Z: [    6.413328] 00:04: ttyS0 at I/O 0x3f8 (irq = 4, base_baud = 115200) is a 16550A
[STDERR  ] 2018-10-20T01:01:17.023441752Z: [    6.426294] Non-volatile memory driver v1.3
[STDERR  ] 2018-10-20T01:01:17.023461557Z: [    6.435830] Hangcheck: starting hangcheck timer 0.9.1 (tick is 180 seconds, margin is 60 seconds).
[STDERR  ] 2018-10-20T01:01:17.023485639Z: [    6.439764] random: crng init done
[STDERR  ] 2018-10-20T01:01:17.023506419Z: [    6.525589] brd: module loaded
[STDERR  ] 2018-10-20T01:01:17.023525169Z: [    6.565382] loop: module loaded
[STDERR  ] 2018-10-20T01:01:17.023544077Z: [    6.639363] lpc_ich 0000:00:1f.0: I/O space for GPIO uninitialized
[STDERR  ] 2018-10-20T01:01:17.023571047Z: [    6.642303] VMware PVSCSI driver - version 1.0.7.0-k
[STDERR  ] 2018-10-20T01:01:17.023590329Z: [    6.643038] hv_vmbus: registering driver hv_storvsc
[STDERR  ] 2018-10-20T01:01:17.023609385Z: [    6.656742] ACPI: PCI Interrupt Link [GSIA] enabled at IRQ 16
[STDERR  ] 2018-10-20T01:01:17.023636083Z: [    6.665474] ahci 0000:00:1f.2: AHCI 0001.0000 32 slots 6 ports 1.5 Gbps 0x3f impl SATA mode
[STDERR  ] 2018-10-20T01:01:17.023658745Z: [    6.667401] ahci 0000:00:1f.2: flags: 64bit ncq only 
[STDERR  ] 2018-10-20T01:01:17.023677419Z: [    6.688582] scsi host0: ahci
[STDERR  ] 2018-10-20T01:01:17.023696028Z: [    6.692953] scsi host1: ahci
[STDERR  ] 2018-10-20T01:01:17.023715020Z: [    6.695748] scsi host2: ahci
[STDERR  ] 2018-10-20T01:01:17.023733508Z: [    6.698326] scsi host3: ahci
[STDERR  ] 2018-10-20T01:01:17.023754665Z: [    6.700719] scsi host4: ahci
[STDERR  ] 2018-10-20T01:01:17.023773751Z: [    6.703305] scsi host5: ahci
[STDERR  ] 2018-10-20T01:01:17.023792831Z: [    6.705507] ata1: SATA max UDMA/133 abar m4096@0xfebd2000 port 0xfebd2100 irq 24
[STDERR  ] 2018-10-20T01:01:17.023841183Z: [    6.706391] ata2: SATA max UDMA/133 abar m4096@0xfebd2000 port 0xfebd2180 irq 24
[STDERR  ] 2018-10-20T01:01:17.023862095Z: [    6.706956] ata3: SATA max UDMA/133 abar m4096@0xfebd2000 port 0xfebd2200 irq 24
[STDERR  ] 2018-10-20T01:01:17.023881374Z: [    6.707603] ata4: SATA max UDMA/133 abar m4096@0xfebd2000 port 0xfebd2280 irq 24
[STDERR  ] 2018-10-20T01:01:17.023901059Z: [    6.708313] ata5: SATA max UDMA/133 abar m4096@0xfebd2000 port 0xfebd2300 irq 24
[STDERR  ] 2018-10-20T01:01:17.023921241Z: [    6.708909] ata6: SATA max UDMA/133 abar m4096@0xfebd2000 port 0xfebd2380 irq 24
[STDERR  ] 2018-10-20T01:01:17.023940165Z: [    6.727453] tun: Universal TUN/TAP device driver, 1.6
[STDERR  ] 2018-10-20T01:01:17.023959397Z: [    6.741427] VMware vmxnet3 virtual NIC driver - version 1.4.a.0-k-NAPI
[STDERR  ] 2018-10-20T01:01:17.023983099Z: [    6.742687] hv_vmbus: registering driver hv_netvsc
[STDERR  ] 2018-10-20T01:01:17.024007569Z: [    6.743296] Fusion MPT base driver 3.04.20
[STDERR  ] 2018-10-20T01:01:17.024031075Z: [    6.743709] Copyright (c) 1999-2008 LSI Corporation
[STDERR  ] 2018-10-20T01:01:17.024050578Z: [    6.744470] Fusion MPT SPI Host driver 3.04.20
[STDERR  ] 2018-10-20T01:01:17.024069416Z: [    6.747562] i8042: PNP: PS/2 Controller [PNP0303:KBD,PNP0f13:MOU] at 0x60,0x64 irq 1,12
[STDERR  ] 2018-10-20T01:01:17.024089348Z: [    6.754529] serio: i8042 KBD port at 0x60,0x64 irq 1
[STDERR  ] 2018-10-20T01:01:17.024108907Z: [    6.755782] serio: i8042 AUX port at 0x60,0x64 irq 12
[STDERR  ] 2018-10-20T01:01:17.024129058Z: [    6.759652] hv_vmbus: registering driver hyperv_keyboard
[STDERR  ] 2018-10-20T01:01:17.024150106Z: [    6.762780] mousedev: PS/2 mouse device common for all mice
[STDERR  ] 2018-10-20T01:01:17.024169600Z: [    6.769713] input: PC Speaker as /devices/platform/pcspkr/input/input2
[STDERR  ] 2018-10-20T01:01:17.024188222Z: [    6.773575] input: AT Translated Set 2 keyboard as /devices/platform/i8042/serio0/input/input1
[STDERR  ] 2018-10-20T01:01:17.024207343Z: [    6.777966] rtc_cmos 00:00: RTC can wake from S4
[STDERR  ] 2018-10-20T01:01:17.024225798Z: [    6.783711] rtc_cmos 00:00: rtc core: registered rtc_cmos as rtc0
[STDERR  ] 2018-10-20T01:01:17.024245217Z: [    6.785519] rtc_cmos 00:00: alarms up to one day, y3k, 114 bytes nvram, hpet irqs
[STDERR  ] 2018-10-20T01:01:17.024270850Z: [    6.786721] i2c /dev entries driver
[STDERR  ] 2018-10-20T01:01:17.024290193Z: [    6.789722] device-mapper: ioctl: 4.37.0-ioctl (2017-09-20) initialised: dm-devel@redhat.com
[STDERR  ] 2018-10-20T01:01:17.024309964Z: [    6.795936] usbcore: registered new interface driver usbhid
[STDERR  ] 2018-10-20T01:01:17.024329354Z: [    6.796608] usbhid: USB HID core driver
[STDERR  ] 2018-10-20T01:01:17.024348313Z: [    6.797761] hv_utils: Registering HyperV Utility Driver
[STDERR  ] 2018-10-20T01:01:17.024367770Z: [    6.798329] hv_vmbus: registering driver hv_util
[STDERR  ] 2018-10-20T01:01:17.024387062Z: [    6.798709] hv_vmbus: registering driver hv_balloon
[STDERR  ] 2018-10-20T01:01:17.024406156Z: [    6.799455] oprofile: using NMI interrupt.
[STDERR  ] 2018-10-20T01:01:17.024425606Z: [    6.801018] GACT probability on
[STDERR  ] 2018-10-20T01:01:17.024444093Z: [    6.801847] Mirror/redirect action on
[STDERR  ] 2018-10-20T01:01:17.024462827Z: [    6.802619] Simple TC action Loaded
[STDERR  ] 2018-10-20T01:01:17.024482969Z: [    6.803548] u32 classifier
[STDERR  ] 2018-10-20T01:01:17.024503360Z: [    6.803796]     Performance counters on
[STDERR  ] 2018-10-20T01:01:17.024522582Z: [    6.804298]     input device check on
[STDERR  ] 2018-10-20T01:01:17.024542127Z: [    6.804602]     Actions configured
[STDERR  ] 2018-10-20T01:01:17.024561290Z: [    6.805838] Netfilter messages via NETLINK v0.30.
[STDERR  ] 2018-10-20T01:01:17.024584591Z: [    6.806725] nfnl_acct: registering with nfnetlink.
[STDERR  ] 2018-10-20T01:01:17.024605520Z: [    6.808540] nf_conntrack version 0.5.0 (8192 buckets, 32768 max)
[STDERR  ] 2018-10-20T01:01:17.024624692Z: [    6.811720] ctnetlink v0.93: registering with nfnetlink.
[STDERR  ] 2018-10-20T01:01:17.024653500Z: [    6.816392] nf_tables: (c) 2007-2009 Patrick McHardy <kaber@trash.net>
[STDERR  ] 2018-10-20T01:01:17.024673505Z: [    6.817768] nf_tables_compat: (c) 2012 Pablo Neira Ayuso <pablo@netfilter.org>
[STDERR  ] 2018-10-20T01:01:17.024692583Z: [    6.821605] xt_time: kernel timezone is -0000
[STDERR  ] 2018-10-20T01:01:17.024711094Z: [    6.822589] ip_set: protocol 6
[STDERR  ] 2018-10-20T01:01:17.024730014Z: [    6.823872] ipip: IPv4 and MPLS over IPv4 tunneling driver
[STDERR  ] 2018-10-20T01:01:17.024749059Z: [    6.829782] gre: GRE over IPv4 demultiplexor driver
[STDERR  ] 2018-10-20T01:01:17.024771228Z: [    6.834411] ip_tables: (C) 2000-2006 Netfilter Core Team
[STDERR  ] 2018-10-20T01:01:17.024789930Z: [    6.842444] arp_tables: arp_tables: (C) 2002 David S. Miller
[STDERR  ] 2018-10-20T01:01:17.024814656Z: [    6.845612] NET: Registered protocol family 10
[STDERR  ] 2018-10-20T01:01:17.024833696Z: [    6.858589] Segment Routing with IPv6
[STDERR  ] 2018-10-20T01:01:17.024853172Z: [    6.859780] ip6_tables: (C) 2000-2006 Netfilter Core Team
[STDERR  ] 2018-10-20T01:01:17.024871845Z: [    6.871801] NET: Registered protocol family 17
[STDERR  ] 2018-10-20T01:01:17.024890512Z: [    6.873491] Bridge firewalling registered
[STDERR  ] 2018-10-20T01:01:17.024909094Z: [    6.874377] 8021q: 802.1Q VLAN Support v1.8
[STDERR  ] 2018-10-20T01:01:17.024927760Z: [    6.876435] 9pnet: Installing 9P2000 support
[STDERR  ] 2018-10-20T01:01:17.024946606Z: [    6.879326] Key type dns_resolver registered
[STDERR  ] 2018-10-20T01:01:17.024965446Z: [    6.881354] sched_clock: Marking stable (6881123980, 0)->(7147621316, -266497336)
[STDERR  ] 2018-10-20T01:01:17.024984233Z: [    6.886382] registered taskstats version 1
[STDERR  ] 2018-10-20T01:01:17.025009598Z: [    7.028455] ata3: SATA link up 1.5 Gbps (SStatus 113 SControl 300)
[STDERR  ] 2018-10-20T01:01:17.025028539Z: [    7.032504] ata2: SATA link down (SStatus 0 SControl 300)
[STDERR  ] 2018-10-20T01:01:17.025047189Z: [    7.034400] ata1: SATA link down (SStatus 0 SControl 300)
[STDERR  ] 2018-10-20T01:01:17.025066079Z: [    7.035284] ata6: SATA link down (SStatus 0 SControl 300)
[STDERR  ] 2018-10-20T01:01:17.025085087Z: [    7.035941] ata5: SATA link down (SStatus 0 SControl 300)
[STDERR  ] 2018-10-20T01:01:17.025103739Z: [    7.036736] ata4: SATA link down (SStatus 0 SControl 300)
[STDERR  ] 2018-10-20T01:01:17.025127080Z: [    7.044667] ata3.00: ATAPI: QEMU DVD-ROM, 2.5+, max UDMA/100
[STDERR  ] 2018-10-20T01:01:17.025145951Z: [    7.045487] ata3.00: applying bridge limits
[STDERR  ] 2018-10-20T01:01:17.025165512Z: [    7.050568] ata3.00: configured for UDMA/100
[STDERR  ] 2018-10-20T01:01:17.025212662Z: [    7.080010] scsi 2:0:0:0: CD-ROM            QEMU     QEMU DVD-ROM     2.5+ PQ: 0 ANSI: 5
[STDERR  ] 2018-10-20T01:01:17.025233774Z: [    7.112934] sr 2:0:0:0: [sr0] scsi3-mmc drive: 4x/4x cd/rw xa/form2 tray
[STDERR  ] 2018-10-20T01:01:17.025253183Z: [    7.113958] cdrom: Uniform CD-ROM driver Revision: 3.20
[STDERR  ] 2018-10-20T01:01:17.025272402Z: [    7.127593] sr 2:0:0:0: Attached scsi generic sg0 type 5
[STDERR  ] 2018-10-20T01:01:17.025291484Z: [    7.201020] tsc: Refined TSC clocksource calibration: 2599.759 MHz
[STDERR  ] 2018-10-20T01:01:17.025310424Z: [    7.202005] clocksource: tsc: mask: 0xffffffffffffffff max_cycles: 0x2579582e86f, max_idle_ns: 440795221485 ns
[STDERR  ] 2018-10-20T01:01:17.025329349Z: [    7.283004] Key type big_key registered
[STDERR  ] 2018-10-20T01:01:17.025348337Z: [    7.406962] Key type trusted registered
[STDERR  ] 2018-10-20T01:01:17.025371012Z: [    7.526391] Key type encrypted registered
[STDERR  ] 2018-10-20T01:01:17.025390810Z: [    7.527460] ima: No TPM chip found, activating TPM-bypass! (rc=-19)
[STDERR  ] 2018-10-20T01:01:17.025411466Z: [    7.528583] ima: Allocated hash algorithm: sha256
[STDERR  ] 2018-10-20T01:01:17.025429846Z: [    7.534459] evm: HMAC attrs: 0x1
[STDERR  ] 2018-10-20T01:01:17.025448960Z: [    7.540729] rtc_cmos 00:00: setting system clock to 2018-10-20 01:00:50 UTC (1539997250)
[STDERR  ] 2018-10-20T01:01:17.025467974Z: [    7.728705] Freeing unused kernel memory: 1512K
[STDERR  ] 2018-10-20T01:01:17.025486354Z: [    7.730874] Write protecting the kernel read-only data: 18432k
[STDERR  ] 2018-10-20T01:01:17.025509627Z: [    7.750748] Freeing unused kernel memory: 2024K
[STDERR  ] 2018-10-20T01:01:17.025528462Z: [    7.840964] Freeing unused kernel memory: 1132K
[STDERR  ] 2018-10-20T01:01:17.025546925Z: [    8.211993] clocksource: Switched to clocksource tsc
[STDERR  ] 2018-10-20T01:01:17.025569308Z: 
[STDERR  ] 2018-10-20T01:01:17.025588268Z: Welcome to LinuxKit
[STDERR  ] 2018-10-20T01:01:17.025606452Z: 
[STDERR  ] 2018-10-20T01:01:17.025625031Z:                         ##         .
[STDERR  ] 2018-10-20T01:01:17.025651304Z:                   ## ## ##        ==
[STDERR  ] 2018-10-20T01:01:17.025677309Z:                ## ## ## ## ##    ===
[STDERR  ] 2018-10-20T01:01:17.025696132Z:            /"""""""""""""""""\___/ ===
[STDERR  ] 2018-10-20T01:01:17.025715041Z:           {                       /  ===-
[STDERR  ] 2018-10-20T01:01:17.025733808Z:            \______ O           __/
[STDERR  ] 2018-10-20T01:01:17.025752789Z:              \    \         __/
[STDERR  ] 2018-10-20T01:01:17.025771788Z:               \____\_______/
[STDERR  ] 2018-10-20T01:01:17.025790329Z: 
[STDERR  ] 2018-10-20T01:01:17.025808820Z: [   28.336375] hello_world: loading out-of-tree module taints kernel.
[STDERR  ] 2018-10-20T01:01:17.025827178Z: [   28.347019] Hello LinuxKit
[STDERR  ] 2018-10-20T01:01:17.025845502Z: [   28.509788] Goodbye LinuxKit.
[STDERR  ] 2018-10-20T01:01:17.025864849Z: Linux linuxkit-de1e8bf20504 4.14.74-linuxkit #1 SMP Fri Oct 5 20:19:37 UTC 2018 x86_64 Linux
[STDERR  ] 2018-10-20T01:01:17.025883858Z: filename:       hello_world.ko
[STDERR  ] 2018-10-20T01:01:17.025902226Z: author:         Rolf Neugebauer <rolf.neugebauer@docker.com>
[STDERR  ] 2018-10-20T01:01:17.025921094Z: description:    A simple Hello World kernel module for testing
[STDERR  ] 2018-10-20T01:01:17.025939659Z: license:        GPL
[STDERR  ] 2018-10-20T01:01:17.025958138Z: depends:        
[STDERR  ] 2018-10-20T01:01:17.025977312Z: vermagic:       4.14.74-linuxkit SMP mod_unload modversions RANDSTRUCT_PLUGIN_66159cac4814cf4d2f0628e4ff56490179a3effa73ca8ccaeba1d92fe7c0392a
[STDERR  ] 2018-10-20T01:01:17.026009304Z: Kernel module test suite PASSED
[STDERR  ] 2018-10-20T01:01:17.026028286Z: [   33.542992] ACPI: Preparing to enter system sleep state S5
[STDERR  ] 2018-10-20T01:01:17.026047343Z: [   33.545506] reboot: Power down
[STDERR  ] 2018-10-20T01:01:17.026066048Z: + echo [    0.000000] Linux version 4.14.74-linuxkit (root@50993055c1cc) (gcc version 6.4.0 (Alpine 6.4.0)) #1 SMP Fri Oct 5 20:19:37 UTC 2018
[STDERR  ] 2018-10-20T01:01:17.026085198Z: [    0.000000] Command line: console=ttyS0 console=ttyAMA0
[STDERR  ] 2018-10-20T01:01:17.026104393Z: [    0.000000] x86/fpu: x87 FPU will use FXSAVE
[STDERR  ] 2018-10-20T01:01:17.026123234Z: [    0.000000] e820: BIOS-provided physical RAM map:
[STDERR  ] 2018-10-20T01:01:17.026141595Z: [    0.000000] BIOS-e820: [mem 0x0000000000000000-0x000000000009fbff] usable
[STDERR  ] 2018-10-20T01:01:17.026161457Z: [    0.000000] BIOS-e820: [mem 0x000000000009fc00-0x000000000009ffff] reserved
[STDERR  ] 2018-10-20T01:01:17.026181945Z: [    0.000000] BIOS-e820: [mem 0x00000000000f0000-0x00000000000fffff] reserved
[STDERR  ] 2018-10-20T01:01:17.026200531Z: [    0.000000] BIOS-e820: [mem 0x0000000000100000-0x000000003ffdefff] usable
[STDERR  ] 2018-10-20T01:01:17.026218899Z: [    0.000000] BIOS-e820: [mem 0x000000003ffdf000-0x000000003fffffff] reserved
[STDERR  ] 2018-10-20T01:01:17.026237770Z: [    0.000000] BIOS-e820: [mem 0x00000000b0000000-0x00000000bfffffff] reserved
[STDERR  ] 2018-10-20T01:01:17.026325679Z: [    0.000000] BIOS-e820: [mem 0x00000000fed1c000-0x00000000fed1ffff] reserved
[STDERR  ] 2018-10-20T01:01:17.026344881Z: [    0.000000] BIOS-e820: [mem 0x00000000fffc0000-0x00000000ffffffff] reserved
[STDERR  ] 2018-10-20T01:01:17.026363558Z: [    0.000000] NX (Execute Disable) protection: active
[STDERR  ] 2018-10-20T01:01:17.026382817Z: [    0.000000] SMBIOS 2.8 present.
[STDERR  ] 2018-10-20T01:01:17.026402443Z: [    0.000000] DMI: QEMU Standard PC (Q35 + ICH9, 2009), BIOS rel-1.10.2-0-g5f4c7b1-prebuilt.qemu-project.org 04/01/2014
[STDERR  ] 2018-10-20T01:01:17.026421254Z: [    0.000000] tsc: Fast TSC calibration using PIT
[STDERR  ] 2018-10-20T01:01:17.026439946Z: [    0.000000] e820: last_pfn = 0x3ffdf max_arch_pfn = 0x400000000
[STDERR  ] 2018-10-20T01:01:17.026458162Z: [    0.000000] x86/PAT: Configuration [0-7]: WB  WC  UC- UC  WB  WP  UC- WT  
[STDERR  ] 2018-10-20T01:01:17.026476839Z: [    0.000000] found SMP MP-table at [mem 0x000f6aa0-0x000f6aaf] mapped at [ffffffffff200aa0]
[STDERR  ] 2018-10-20T01:01:17.026495573Z: [    0.000000] RAMDISK: [mem 0x3e3d7000-0x3ffcffff]
[STDERR  ] 2018-10-20T01:01:17.026520132Z: [    0.000000] ACPI: Early table checksum verification disabled
[STDERR  ] 2018-10-20T01:01:17.026538448Z: [    0.000000] ACPI: RSDP 0x00000000000F68C0 000014 (v00 BOCHS )
[STDERR  ] 2018-10-20T01:01:17.026557173Z: [    0.000000] ACPI: RSDT 0x000000003FFE2404 000034 (v01 BOCHS  BXPCRSDT 00000001 BXPC 00000001)
[STDERR  ] 2018-10-20T01:01:17.026577016Z: [    0.000000] ACPI: FACP 0x000000003FFE22A4 000074 (v01 BOCHS  BXPCFACP 00000001 BXPC 00000001)
[STDERR  ] 2018-10-20T01:01:17.026628937Z: [    0.000000] ACPI: DSDT 0x000000003FFE0040 002264 (v01 BOCHS  BXPCDSDT 00000001 BXPC 00000001)
[STDERR  ] 2018-10-20T01:01:17.026656945Z: [    0.000000] ACPI: FACS 0x000000003FFE0000 000040
[STDERR  ] 2018-10-20T01:01:17.026675599Z: [    0.000000] ACPI: APIC 0x000000003FFE2318 000078 (v01 BOCHS  BXPCAPIC 00000001 BXPC 00000001)
[STDERR  ] 2018-10-20T01:01:17.026694309Z: [    0.000000] ACPI: HPET 0x000000003FFE2390 000038 (v01 BOCHS  BXPCHPET 00000001 BXPC 00000001)
[STDERR  ] 2018-10-20T01:01:17.026713036Z: [    0.000000] ACPI: MCFG 0x000000003FFE23C8 00003C (v01 BOCHS  BXPCMCFG 00000001 BXPC 00000001)
[STDERR  ] 2018-10-20T01:01:17.026768419Z: [    0.000000] Zone ranges:
[STDERR  ] 2018-10-20T01:01:17.026788658Z: [    0.000000]   DMA      [mem 0x0000000000001000-0x0000000000ffffff]
[STDERR  ] 2018-10-20T01:01:17.026807342Z: [    0.000000]   DMA32    [mem 0x0000000001000000-0x000000003ffdefff]
[STDERR  ] 2018-10-20T01:01:17.026827199Z: [    0.000000]   Normal   empty
[STDERR  ] 2018-10-20T01:01:17.026852011Z: [    0.000000]   Device   empty
[STDERR  ] 2018-10-20T01:01:17.026870719Z: [    0.000000] Movable zone start for each node
[STDERR  ] 2018-10-20T01:01:17.026892257Z: [    0.000000] Early memory node ranges
[STDERR  ] 2018-10-20T01:01:17.026910469Z: [    0.000000]   node   0: [mem 0x0000000000001000-0x000000000009efff]
[STDERR  ] 2018-10-20T01:01:17.026929364Z: [    0.000000]   node   0: [mem 0x0000000000100000-0x000000003ffdefff]
[STDERR  ] 2018-10-20T01:01:17.026948382Z: [    0.000000] Initmem setup node 0 [mem 0x0000000000001000-0x000000003ffdefff]
[STDERR  ] 2018-10-20T01:01:17.026966778Z: [    0.000000] ACPI: PM-Timer IO Port: 0x608
[STDERR  ] 2018-10-20T01:01:17.026985090Z: [    0.000000] ACPI: LAPIC_NMI (acpi_id[0xff] dfl dfl lint[0x1])
[STDERR  ] 2018-10-20T01:01:17.027008916Z: [    0.000000] IOAPIC[0]: apic_id 0, version 32, address 0xfec00000, GSI 0-23
[STDERR  ] 2018-10-20T01:01:17.027027767Z: [    0.000000] ACPI: INT_SRC_OVR (bus 0 bus_irq 0 global_irq 2 dfl dfl)
[STDERR  ] 2018-10-20T01:01:17.027047071Z: [    0.000000] ACPI: INT_SRC_OVR (bus 0 bus_irq 5 global_irq 5 high level)
[STDERR  ] 2018-10-20T01:01:17.027070158Z: [    0.000000] ACPI: INT_SRC_OVR (bus 0 bus_irq 9 global_irq 9 high level)
[STDERR  ] 2018-10-20T01:01:17.027088822Z: [    0.000000] ACPI: INT_SRC_OVR (bus 0 bus_irq 10 global_irq 10 high level)
[STDERR  ] 2018-10-20T01:01:17.027111131Z: [    0.000000] ACPI: INT_SRC_OVR (bus 0 bus_irq 11 global_irq 11 high level)
[STDERR  ] 2018-10-20T01:01:17.027129606Z: [    0.000000] Using ACPI (MADT) for SMP configuration information
[STDERR  ] 2018-10-20T01:01:17.027149151Z: [    0.000000] ACPI: HPET id: 0x8086a201 base: 0xfed00000
[STDERR  ] 2018-10-20T01:01:17.027167710Z: [    0.000000] smpboot: Allowing 1 CPUs, 0 hotplug CPUs
[STDERR  ] 2018-10-20T01:01:17.027189744Z: [    0.000000] e820: [mem 0x40000000-0xafffffff] available for PCI devices
[STDERR  ] 2018-10-20T01:01:17.027208089Z: [    0.000000] Booting paravirtualized kernel on bare hardware
[STDERR  ] 2018-10-20T01:01:17.027226715Z: [    0.000000] clocksource: refined-jiffies: mask: 0xffffffff max_cycles: 0xffffffff, max_idle_ns: 1910969940391419 ns
[STDERR  ] 2018-10-20T01:01:17.027251362Z: [    0.000000] random: get_random_bytes called from start_kernel+0x92/0x4cb with crng_init=0
[STDERR  ] 2018-10-20T01:01:17.027270129Z: [    0.000000] setup_percpu: NR_CPUS:128 nr_cpumask_bits:128 nr_cpu_ids:1 nr_node_ids:1
[STDERR  ] 2018-10-20T01:01:17.027288774Z: [    0.000000] percpu: Embedded 45 pages/cpu @ffff8d38be000000 s144280 r8192 d31848 u2097152
[STDERR  ] 2018-10-20T01:01:17.027314854Z: [    0.000000] Built 1 zonelists, mobility grouping on.  Total pages: 257896
[STDERR  ] 2018-10-20T01:01:17.027334188Z: [    0.000000] Kernel command line: console=ttyS0 console=ttyAMA0
[STDERR  ] 2018-10-20T01:01:17.027353190Z: [    0.000000] PID hash table entries: 4096 (order: 3, 32768 bytes)
[STDERR  ] 2018-10-20T01:01:17.027372095Z: [    0.000000] Dentry cache hash table entries: 131072 (order: 8, 1048576 bytes)
[STDERR  ] 2018-10-20T01:01:17.027391616Z: [    0.000000] Inode-cache hash table entries: 65536 (order: 7, 524288 bytes)
[STDERR  ] 2018-10-20T01:01:17.027411172Z: [    0.000000] Memory: 976240K/1048052K available (12300K kernel code, 1452K rwdata, 2964K rodata, 1512K init, 580K bss, 71812K reserved, 0K cma-reserved)
[STDERR  ] 2018-10-20T01:01:17.027430831Z: [    0.000000] ftrace: allocating 40636 entries in 159 pages
[STDERR  ] 2018-10-20T01:01:17.027449752Z: [    0.000000] Hierarchical RCU implementation.
[STDERR  ] 2018-10-20T01:01:17.027468814Z: [    0.000000] 	RCU restricting CPUs from NR_CPUS=128 to nr_cpu_ids=1.
[STDERR  ] 2018-10-20T01:01:17.027487343Z: [    0.000000] RCU: Adjusting geometry for rcu_fanout_leaf=16, nr_cpu_ids=1
[STDERR  ] 2018-10-20T01:01:17.027506697Z: [    0.000000] NR_IRQS: 8448, nr_irqs: 256, preallocated irqs: 16
[STDERR  ] 2018-10-20T01:01:17.027525520Z: [    0.000000] Console: colour VGA+ 80x25
[STDERR  ] 2018-10-20T01:01:17.027544341Z: [    0.000000] console [ttyS0] enabled
[STDERR  ] 2018-10-20T01:01:17.027567263Z: [    0.000000] clocksource: hpet: mask: 0xffffffff max_cycles: 0xffffffff, max_idle_ns: 19112604467 ns
[STDERR  ] 2018-10-20T01:01:17.027585642Z: [    0.003000] tsc: Fast TSC calibration using PIT
[STDERR  ] 2018-10-20T01:01:17.027603568Z: [    0.004000] tsc: Detected 2599.842 MHz processor
[STDERR  ] 2018-10-20T01:01:17.027622641Z: [    0.007215] Calibrating delay loop (skipped), value calculated using timer frequency.. 5199.68 BogoMIPS (lpj=2599842)
[STDERR  ] 2018-10-20T01:01:17.027649065Z: [    0.008125] pid_max: default: 32768 minimum: 301
[STDERR  ] 2018-10-20T01:01:17.027667329Z: [    0.009504] ACPI: Core revision 20170728
[STDERR  ] 2018-10-20T01:01:17.027685593Z: [    0.051080] ACPI: 1 ACPI AML tables successfully acquired and loaded
[STDERR  ] 2018-10-20T01:01:17.027707471Z: [    0.055693] Security Framework initialized
[STDERR  ] 2018-10-20T01:01:17.027726120Z: [    0.056157] Yama: becoming mindful.
[STDERR  ] 2018-10-20T01:01:17.027744677Z: [    0.058863] Mount-cache hash table entries: 2048 (order: 2, 16384 bytes)
[STDERR  ] 2018-10-20T01:01:17.027762752Z: [    0.059090] Mountpoint-cache hash table entries: 2048 (order: 2, 16384 bytes)
[STDERR  ] 2018-10-20T01:01:17.027781012Z: [    0.081049] Last level iTLB entries: 4KB 0, 2MB 0, 4MB 0
[STDERR  ] 2018-10-20T01:01:17.027826290Z: [    0.081532] Last level dTLB entries: 4KB 0, 2MB 0, 4MB 0, 1GB 0
[STDERR  ] 2018-10-20T01:01:17.027845210Z: [    0.082179] Spectre V2 : Spectre mitigation: LFENCE not serializing, switching to generic retpoline
[STDERR  ] 2018-10-20T01:01:17.027868496Z: [    0.083029] Spectre V2 : Mitigation: Full generic retpoline
[STDERR  ] 2018-10-20T01:01:17.027887164Z: [    0.083736] Spectre V2 : Spectre v2 / SpectreRSB mitigation: Filling RSB on context switch
[STDERR  ] 2018-10-20T01:01:17.027905881Z: [    0.084108] Speculative Store Bypass: Vulnerable
[STDERR  ] 2018-10-20T01:01:17.027924301Z: [    0.256407] random: fast init done
[STDERR  ] 2018-10-20T01:01:17.027943077Z: [    0.399216] Freeing SMP alternatives memory: 20K
[STDERR  ] 2018-10-20T01:01:17.027964511Z: [    0.421492] smpboot: Max logical packages: 1
[STDERR  ] 2018-10-20T01:01:17.027982936Z: [    0.428000] ..TIMER: vector=0x30 apic1=0 pin1=2 apic2=-1 pin2=-1
[STDERR  ] 2018-10-20T01:01:17.028014985Z: [    0.439000] smpboot: CPU0: AMD QEMU Virtual CPU version 2.5+ (family: 0x6, model: 0x6, stepping: 0x3)
[STDERR  ] 2018-10-20T01:01:17.028033827Z: [    0.446214] Performance Events: PMU not available due to virtualization, using software events only.
[STDERR  ] 2018-10-20T01:01:17.028058315Z: [    0.450294] Hierarchical SRCU implementation.
[STDERR  ] 2018-10-20T01:01:17.028077197Z: [    0.457144] NMI watchdog: Perf event create on CPU 0 failed with -2
[STDERR  ] 2018-10-20T01:01:17.028095802Z: [    0.457675] NMI watchdog: Perf NMI watchdog permanently disabled
[STDERR  ] 2018-10-20T01:01:17.028114311Z: [    0.463270] smp: Bringing up secondary CPUs ...
[STDERR  ] 2018-10-20T01:01:17.028132429Z: [    0.464114] smp: Brought up 1 node, 1 CPU
[STDERR  ] 2018-10-20T01:01:17.028150831Z: [    0.464574] smpboot: Total of 1 processors activated (5199.68 BogoMIPS)
[STDERR  ] 2018-10-20T01:01:17.028169789Z: [    0.483168] devtmpfs: initialized
[STDERR  ] 2018-10-20T01:01:17.028188371Z: [    0.488036] x86/mm: Memory block size: 128MB
[STDERR  ] 2018-10-20T01:01:17.028206618Z: [    0.495090] evm: security.ima
[STDERR  ] 2018-10-20T01:01:17.028225238Z: [    0.495373] evm: security.capability
[STDERR  ] 2018-10-20T01:01:17.028243452Z: [    0.499185] clocksource: jiffies: mask: 0xffffffff max_cycles: 0xffffffff, max_idle_ns: 1911260446275000 ns
[STDERR  ] 2018-10-20T01:01:17.028261830Z: [    0.500216] futex hash table entries: 256 (order: 2, 16384 bytes)
[STDERR  ] 2018-10-20T01:01:17.028284043Z: [    0.512549] NET: Registered protocol family 16
[STDERR  ] 2018-10-20T01:01:17.028302350Z: [    0.520413] cpuidle: using governor ladder
[STDERR  ] 2018-10-20T01:01:17.028320739Z: [    0.521036] cpuidle: using governor menu
[STDERR  ] 2018-10-20T01:01:17.028343978Z: [    0.522857] ACPI: bus type PCI registered
[STDERR  ] 2018-10-20T01:01:17.028362631Z: [    0.526357] PCI: MMCONFIG for domain 0000 [bus 00-ff] at [mem 0xb0000000-0xbfffffff] (base 0xb0000000)
[STDERR  ] 2018-10-20T01:01:17.028381281Z: [    0.527256] PCI: MMCONFIG at [mem 0xb0000000-0xbfffffff] reserved in E820
[STDERR  ] 2018-10-20T01:01:17.028399729Z: [    0.528601] PCI: Using configuration type 1 for base access
[STDERR  ] 2018-10-20T01:01:17.028418109Z: [    0.598430] HugeTLB registered 2.00 MiB page size, pre-allocated 0 pages
[STDERR  ] 2018-10-20T01:01:17.028436785Z: [    0.609738] ACPI: Added _OSI(Module Device)
[STDERR  ] 2018-10-20T01:01:17.028454919Z: [    0.610062] ACPI: Added _OSI(Processor Device)
[STDERR  ] 2018-10-20T01:01:17.028473347Z: [    0.610404] ACPI: Added _OSI(3.0 _SCP Extensions)
[STDERR  ] 2018-10-20T01:01:17.028491889Z: [    0.611035] ACPI: Added _OSI(Processor Aggregator Device)
[STDERR  ] 2018-10-20T01:01:17.028516336Z: [    0.697711] ACPI: Interpreter enabled
[STDERR  ] 2018-10-20T01:01:17.028537290Z: [    0.699442] ACPI: (supports S0 S5)
[STDERR  ] 2018-10-20T01:01:17.028555753Z: [    0.699846] ACPI: Using IOAPIC for interrupt routing
[STDERR  ] 2018-10-20T01:01:17.028577545Z: [    0.702485] PCI: Using host bridge windows from ACPI; if necessary, use "pci=nocrs" and report a bug
[STDERR  ] 2018-10-20T01:01:17.028601299Z: [    0.707640] ACPI: Enabled 2 GPEs in block 00 to 3F
[STDERR  ] 2018-10-20T01:01:17.028619800Z: [    0.789450] ACPI: PCI Root Bridge [PCI0] (domain 0000 [bus 00-ff])
[STDERR  ] 2018-10-20T01:01:17.028645872Z: [    0.790556] acpi PNP0A08:00: _OSC: OS supports [ExtendedConfig ASPM ClockPM Segments MSI]
[STDERR  ] 2018-10-20T01:01:17.028667557Z: [    0.796857] acpi PNP0A08:00: _OSC: OS now controls [PCIeHotplug PME PCIeCapability]
[STDERR  ] 2018-10-20T01:01:17.028685851Z: [    0.801823] PCI host bridge to bus 0000:00
[STDERR  ] 2018-10-20T01:01:17.028704245Z: [    0.802282] pci_bus 0000:00: root bus resource [io  0x0000-0x0cf7 window]
[STDERR  ] 2018-10-20T01:01:17.028722652Z: [    0.803084] pci_bus 0000:00: root bus resource [io  0x0d00-0xffff window]
[STDERR  ] 2018-10-20T01:01:17.028740985Z: [    0.804058] pci_bus 0000:00: root bus resource [mem 0x000a0000-0x000bffff window]
[STDERR  ] 2018-10-20T01:01:17.028759254Z: [    0.804679] pci_bus 0000:00: root bus resource [mem 0xc0000000-0xfebfffff window]
[STDERR  ] 2018-10-20T01:01:17.028780618Z: [    0.805208] pci_bus 0000:00: root bus resource [bus 00-ff]
[STDERR  ] 2018-10-20T01:01:17.028799346Z: [    0.866047] pci 0000:00:1f.0: quirk: [io  0x0600-0x067f] claimed by ICH6 ACPI/GPIO/TCO
[STDERR  ] 2018-10-20T01:01:17.028823230Z: [    0.915945] ACPI: PCI Interrupt Link [LNKA] (IRQs 5 *10 11)
[STDERR  ] 2018-10-20T01:01:17.028844310Z: [    0.918813] ACPI: PCI Interrupt Link [LNKB] (IRQs 5 *10 11)
[STDERR  ] 2018-10-20T01:01:17.028862820Z: [    0.921140] ACPI: PCI Interrupt Link [LNKC] (IRQs 5 10 *11)
[STDERR  ] 2018-10-20T01:01:17.028881162Z: [    0.923321] ACPI: PCI Interrupt Link [LNKD] (IRQs 5 10 *11)
[STDERR  ] 2018-10-20T01:01:17.028899349Z: [    0.925665] ACPI: PCI Interrupt Link [LNKE] (IRQs 5 *10 11)
[STDERR  ] 2018-10-20T01:01:17.028917977Z: [    0.927740] ACPI: PCI Interrupt Link [LNKF] (IRQs 5 *10 11)
[STDERR  ] 2018-10-20T01:01:17.028936715Z: [    0.929836] ACPI: PCI Interrupt Link [LNKG] (IRQs 5 10 *11)
[STDERR  ] 2018-10-20T01:01:17.028957618Z: [    0.931917] ACPI: PCI Interrupt Link [LNKH] (IRQs 5 10 *11)
[STDERR  ] 2018-10-20T01:01:17.028975817Z: [    0.933106] ACPI: PCI Interrupt Link [GSIA] (IRQs *16)
[STDERR  ] 2018-10-20T01:01:17.028994231Z: [    0.933895] ACPI: PCI Interrupt Link [GSIB] (IRQs *17)
[STDERR  ] 2018-10-20T01:01:17.029017014Z: [    0.934818] ACPI: PCI Interrupt Link [GSIC] (IRQs *18)
[STDERR  ] 2018-10-20T01:01:17.029035078Z: [    0.935337] ACPI: PCI Interrupt Link [GSID] (IRQs *19)
[STDERR  ] 2018-10-20T01:01:17.029065272Z: [    0.936338] ACPI: PCI Interrupt Link [GSIE] (IRQs *20)
[STDERR  ] 2018-10-20T01:01:17.029084380Z: [    0.937319] ACPI: PCI Interrupt Link [GSIF] (IRQs *21)
[STDERR  ] 2018-10-20T01:01:17.029108069Z: [    0.938242] ACPI: PCI Interrupt Link [GSIG] (IRQs *22)
[STDERR  ] 2018-10-20T01:01:17.029126360Z: [    0.939051] ACPI: PCI Interrupt Link [GSIH] (IRQs *23)
[STDERR  ] 2018-10-20T01:01:17.029144866Z: [    0.948470] SCSI subsystem initialized
[STDERR  ] 2018-10-20T01:01:17.029162994Z: [    0.951568] ACPI: bus type USB registered
[STDERR  ] 2018-10-20T01:01:17.029181789Z: [    0.952712] usbcore: registered new interface driver usbfs
[STDERR  ] 2018-10-20T01:01:17.029200009Z: [    0.954067] usbcore: registered new interface driver hub
[STDERR  ] 2018-10-20T01:01:17.029218474Z: [    0.955107] usbcore: registered new device driver usb
[STDERR  ] 2018-10-20T01:01:17.029239331Z: [    0.956226] pps_core: LinuxPPS API ver. 1 registered
[STDERR  ] 2018-10-20T01:01:17.029257821Z: [    0.956630] pps_core: Software ver. 5.3.6 - Copyright 2005-2007 Rodolfo Giometti <giometti@linux.it>
[STDERR  ] 2018-10-20T01:01:17.029276193Z: [    0.957160] PTP clock support registered
[STDERR  ] 2018-10-20T01:01:17.029294334Z: [    0.960286] PCI: Using ACPI for IRQ routing
[STDERR  ] 2018-10-20T01:01:17.029315221Z: [    0.982480] NetLabel: Initializing
[STDERR  ] 2018-10-20T01:01:17.029333508Z: [    0.982840] NetLabel:  domain hash size = 128
[STDERR  ] 2018-10-20T01:01:17.029353789Z: [    0.983035] NetLabel:  protocols = UNLABELED CIPSOv4 CALIPSO
[STDERR  ] 2018-10-20T01:01:17.029372215Z: [    0.985805] NetLabel:  unlabeled traffic allowed by default
[STDERR  ] 2018-10-20T01:01:17.029394905Z: [    0.987943] HPET: 3 timers in total, 0 timers will be used for per-cpu timer
[STDERR  ] 2018-10-20T01:01:17.029413257Z: [    0.988871] hpet0: at MMIO 0xfed00000, IRQs 2, 8, 0
[STDERR  ] 2018-10-20T01:01:17.029431422Z: [    0.989528] hpet0: 3 comparators, 64-bit 100.000000 MHz counter
[STDERR  ] 2018-10-20T01:01:17.029449983Z: [    0.995761] clocksource: Switched to clocksource hpet
[STDERR  ] 2018-10-20T01:01:17.029468132Z: [    1.354646] VFS: Disk quotas dquot_6.6.0
[STDERR  ] 2018-10-20T01:01:17.029486539Z: [    1.355661] VFS: Dquot-cache hash table entries: 512 (order 0, 4096 bytes)
[STDERR  ] 2018-10-20T01:01:17.029505846Z: [    1.359274] FS-Cache: Loaded
[STDERR  ] 2018-10-20T01:01:17.029534342Z: [    1.366351] CacheFiles: Loaded
[STDERR  ] 2018-10-20T01:01:17.029552817Z: [    1.367825] pnp: PnP ACPI init
[STDERR  ] 2018-10-20T01:01:17.029571269Z: [    1.381836] pnp: PnP ACPI: found 5 devices
[STDERR  ] 2018-10-20T01:01:17.029589754Z: [    1.429519] clocksource: acpi_pm: mask: 0xffffff max_cycles: 0xffffff, max_idle_ns: 2085701024 ns
[STDERR  ] 2018-10-20T01:01:17.029619759Z: [    1.433007] NET: Registered protocol family 2
[STDERR  ] 2018-10-20T01:01:17.029646183Z: [    1.442670] TCP established hash table entries: 8192 (order: 4, 65536 bytes)
[STDERR  ] 2018-10-20T01:01:17.029664856Z: [    1.443755] TCP bind hash table entries: 8192 (order: 5, 131072 bytes)
[STDERR  ] 2018-10-20T01:01:17.029683358Z: [    1.445783] TCP: Hash tables configured (established 8192 bind 8192)
[STDERR  ] 2018-10-20T01:01:17.029702887Z: [    1.449502] UDP hash table entries: 512 (order: 2, 16384 bytes)
[STDERR  ] 2018-10-20T01:01:17.029721616Z: [    1.450358] UDP-Lite hash table entries: 512 (order: 2, 16384 bytes)
[STDERR  ] 2018-10-20T01:01:17.029745461Z: [    1.453575] NET: Registered protocol family 1
[STDERR  ] 2018-10-20T01:01:17.029763832Z: [    1.454766] pci 0000:00:01.0: Video device with shadowed ROM at [mem 0x000c0000-0x000dffff]
[STDERR  ] 2018-10-20T01:01:17.029782324Z: [    1.463065] Trying to unpack rootfs image as initramfs...
[STDERR  ] 2018-10-20T01:01:17.029800557Z: [    6.166902] Freeing initrd memory: 28644K
[STDERR  ] 2018-10-20T01:01:17.029823104Z: [    6.199457] PCLMULQDQ-NI instructions are not detected.
[STDERR  ] 2018-10-20T01:01:17.029841458Z: [    6.201475] AVX or AES-NI instructions are not detected.
[STDERR  ] 2018-10-20T01:01:17.029859959Z: [    6.202298] CPU feature 'AVX registers' is not supported.
[STDERR  ] 2018-10-20T01:01:17.029878646Z: [    6.202852] CPU feature 'AVX registers' is not supported.
[STDERR  ] 2018-10-20T01:01:17.029904853Z: [    6.203846] CPU feature 'AVX registers' is not supported.
[STDERR  ] 2018-10-20T01:01:17.029928932Z: [    6.204515] CPU feature 'AVX registers' is not supported.
[STDERR  ] 2018-10-20T01:01:17.029947476Z: [    6.205035] AVX2 or AES-NI instructions are not detected.
[STDERR  ] 2018-10-20T01:01:17.029966107Z: [    6.205913] AVX2 instructions are not detected.
[STDERR  ] 2018-10-20T01:01:17.029984579Z: [    6.213616] audit: initializing netlink subsys (disabled)
[STDERR  ] 2018-10-20T01:01:17.030010675Z: [    6.219588] audit: type=2000 audit(1539997248.215:1): state=initialized audit_enabled=0 res=1
[STDERR  ] 2018-10-20T01:01:17.030029786Z: [    6.224429] workingset: timestamp_bits=46 max_order=18 bucket_order=0
[STDERR  ] 2018-10-20T01:01:17.030051156Z: [    6.233444] squashfs: version 4.0 (2009/01/31) Phillip Lougher
[STDERR  ] 2018-10-20T01:01:17.030069609Z: [    6.236757] FS-Cache: Netfs 'cifs' registered for caching
[STDERR  ] 2018-10-20T01:01:17.030088309Z: [    6.238815] fuse init (API version 7.26)
[STDERR  ] 2018-10-20T01:01:17.030106728Z: [    6.242066] SGI XFS with ACLs, security attributes, no debug enabled
[STDERR  ] 2018-10-20T01:01:17.030125806Z: [    6.247535] 9p: Installing v9fs 9p2000 file system support
[STDERR  ] 2018-10-20T01:01:17.030145670Z: [    6.248461] FS-Cache: Netfs '9p' registered for caching
[STDERR  ] 2018-10-20T01:01:17.030163644Z: [    6.313520] NET: Registered protocol family 38
[STDERR  ] 2018-10-20T01:01:17.030181748Z: [    6.314572] Key type asymmetric registered
[STDERR  ] 2018-10-20T01:01:17.030199655Z: [    6.315025] Asymmetric key parser 'x509' registered
[STDERR  ] 2018-10-20T01:01:17.030218141Z: [    6.316332] Block layer SCSI generic (bsg) driver version 0.4 loaded (major 247)
[STDERR  ] 2018-10-20T01:01:17.030236625Z: [    6.318592] io scheduler noop registered
[STDERR  ] 2018-10-20T01:01:17.030276202Z: [    6.318976] io scheduler deadline registered (default)
[STDERR  ] 2018-10-20T01:01:17.030295305Z: [    6.320051] io scheduler cfq registered
[STDERR  ] 2018-10-20T01:01:17.030313674Z: [    6.320613] io scheduler mq-deadline registered
[STDERR  ] 2018-10-20T01:01:17.030331934Z: [    6.321009] io scheduler kyber registered
[STDERR  ] 2018-10-20T01:01:17.030350191Z: [    6.325344] shpchp: Standard Hot Plug PCI Controller Driver version: 0.4
[STDERR  ] 2018-10-20T01:01:17.030368508Z: [    6.326450] hv_vmbus: registering driver hyperv_fb
[STDERR  ] 2018-10-20T01:01:17.030386622Z: [    6.331681] input: Power Button as /devices/LNXSYSTM:00/LNXPWRBN:00/input/input0
[STDERR  ] 2018-10-20T01:01:17.030426092Z: [    6.337503] ACPI: Power Button [PWRF]
[STDERR  ] 2018-10-20T01:01:17.030444872Z: [    6.361020] ACPI: PCI Interrupt Link [GSIG] enabled at IRQ 22
[STDERR  ] 2018-10-20T01:01:17.030466121Z: [    6.378856] ACPI: PCI Interrupt Link [GSIH] enabled at IRQ 23
[STDERR  ] 2018-10-20T01:01:17.030484575Z: [    6.388025] Serial: 8250/16550 driver, 4 ports, IRQ sharing disabled
[STDERR  ] 2018-10-20T01:01:17.030504083Z: [    6.413328] 00:04: ttyS0 at I/O 0x3f8 (irq = 4, base_baud = 115200) is a 16550A
[STDERR  ] 2018-10-20T01:01:17.030522677Z: [    6.426294] Non-volatile memory driver v1.3
[STDERR  ] 2018-10-20T01:01:17.030541321Z: [    6.435830] Hangcheck: starting hangcheck timer 0.9.1 (tick is 180 seconds, margin is 60 seconds).
[STDERR  ] 2018-10-20T01:01:17.030563192Z: [    6.439764] random: crng init done
[STDERR  ] 2018-10-20T01:01:17.030581452Z: [    6.525589] brd: module loaded
[STDERR  ] 2018-10-20T01:01:17.030600642Z: [    6.565382] loop: module loaded
[STDERR  ] 2018-10-20T01:01:17.030619799Z: [    6.639363] lpc_ich 0000:00:1f.0: I/O space for GPIO uninitialized
[STDERR  ] 2018-10-20T01:01:17.030646900Z: [    6.642303] VMware PVSCSI driver - version 1.0.7.0-k
[STDERR  ] 2018-10-20T01:01:17.030665091Z: [    6.643038] hv_vmbus: registering driver hv_storvsc
[STDERR  ] 2018-10-20T01:01:17.030683688Z: [    6.656742] ACPI: PCI Interrupt Link [GSIA] enabled at IRQ 16
[STDERR  ] 2018-10-20T01:01:17.030702109Z: [    6.665474] ahci 0000:00:1f.2: AHCI 0001.0000 32 slots 6 ports 1.5 Gbps 0x3f impl SATA mode
[STDERR  ] 2018-10-20T01:01:17.030725596Z: [    6.667401] ahci 0000:00:1f.2: flags: 64bit ncq only 
[STDERR  ] 2018-10-20T01:01:17.030744237Z: [    6.688582] scsi host0: ahci
[STDERR  ] 2018-10-20T01:01:17.030762687Z: [    6.692953] scsi host1: ahci
[STDERR  ] 2018-10-20T01:01:17.030781211Z: [    6.695748] scsi host2: ahci
[STDERR  ] 2018-10-20T01:01:17.030803153Z: [    6.698326] scsi host3: ahci
[STDERR  ] 2018-10-20T01:01:17.030822367Z: [    6.700719] scsi host4: ahci
[STDERR  ] 2018-10-20T01:01:17.030840825Z: [    6.703305] scsi host5: ahci
[STDERR  ] 2018-10-20T01:01:17.030859146Z: [    6.705507] ata1: SATA max UDMA/133 abar m4096@0xfebd2000 port 0xfebd2100 irq 24
[STDERR  ] 2018-10-20T01:01:17.030877696Z: [    6.706391] ata2: SATA max UDMA/133 abar m4096@0xfebd2000 port 0xfebd2180 irq 24
[STDERR  ] 2018-10-20T01:01:17.030896072Z: [    6.706956] ata3: SATA max UDMA/133 abar m4096@0xfebd2000 port 0xfebd2200 irq 24
[STDERR  ] 2018-10-20T01:01:17.030914093Z: [    6.707603] ata4: SATA max UDMA/133 abar m4096@0xfebd2000 port 0xfebd2280 irq 24
[STDERR  ] 2018-10-20T01:01:17.030932150Z: [    6.708313] ata5: SATA max UDMA/133 abar m4096@0xfebd2000 port 0xfebd2300 irq 24
[STDERR  ] 2018-10-20T01:01:17.030950644Z: [    6.708909] ata6: SATA max UDMA/133 abar m4096@0xfebd2000 port 0xfebd2380 irq 24
[STDERR  ] 2018-10-20T01:01:17.030968839Z: [    6.727453] tun: Universal TUN/TAP device driver, 1.6
[STDERR  ] 2018-10-20T01:01:17.030987799Z: [    6.741427] VMware vmxnet3 virtual NIC driver - version 1.4.a.0-k-NAPI
[STDERR  ] 2018-10-20T01:01:17.031016129Z: [    6.742687] hv_vmbus: registering driver hv_netvsc
[STDERR  ] 2018-10-20T01:01:17.031034573Z: [    6.743296] Fusion MPT base driver 3.04.20
[STDERR  ] 2018-10-20T01:01:17.031055933Z: [    6.743709] Copyright (c) 1999-2008 LSI Corporation
[STDERR  ] 2018-10-20T01:01:17.031074045Z: [    6.744470] Fusion MPT SPI Host driver 3.04.20
[STDERR  ] 2018-10-20T01:01:17.031092329Z: [    6.747562] i8042: PNP: PS/2 Controller [PNP0303:KBD,PNP0f13:MOU] at 0x60,0x64 irq 1,12
[STDERR  ] 2018-10-20T01:01:17.031110659Z: [    6.754529] serio: i8042 KBD port at 0x60,0x64 irq 1
[STDERR  ] 2018-10-20T01:01:17.031128987Z: [    6.755782] serio: i8042 AUX port at 0x60,0x64 irq 12
[STDERR  ] 2018-10-20T01:01:17.031147341Z: [    6.759652] hv_vmbus: registering driver hyperv_keyboard
[STDERR  ] 2018-10-20T01:01:17.031165303Z: [    6.762780] mousedev: PS/2 mouse device common for all mice
[STDERR  ] 2018-10-20T01:01:17.031186453Z: [    6.769713] input: PC Speaker as /devices/platform/pcspkr/input/input2
[STDERR  ] 2018-10-20T01:01:17.031212703Z: [    6.773575] input: AT Translated Set 2 keyboard as /devices/platform/i8042/serio0/input/input1
[STDERR  ] 2018-10-20T01:01:17.031231152Z: [    6.777966] rtc_cmos 00:00: RTC can wake from S4
[STDERR  ] 2018-10-20T01:01:17.031250178Z: [    6.783711] rtc_cmos 00:00: rtc core: registered rtc_cmos as rtc0
[STDERR  ] 2018-10-20T01:01:17.031268375Z: [    6.785519] rtc_cmos 00:00: alarms up to one day, y3k, 114 bytes nvram, hpet irqs
[STDERR  ] 2018-10-20T01:01:17.031286680Z: [    6.786721] i2c /dev entries driver
[STDERR  ] 2018-10-20T01:01:17.031305059Z: [    6.789722] device-mapper: ioctl: 4.37.0-ioctl (2017-09-20) initialised: dm-devel@redhat.com
[STDERR  ] 2018-10-20T01:01:17.031323572Z: [    6.795936] usbcore: registered new interface driver usbhid
[STDERR  ] 2018-10-20T01:01:17.031348496Z: [    6.796608] usbhid: USB HID core driver
[STDERR  ] 2018-10-20T01:01:17.031366876Z: [    6.797761] hv_utils: Registering HyperV Utility Driver
[STDERR  ] 2018-10-20T01:01:17.031385352Z: [    6.798329] hv_vmbus: registering driver hv_util
[STDERR  ] 2018-10-20T01:01:17.031404108Z: [    6.798709] hv_vmbus: registering driver hv_balloon
[STDERR  ] 2018-10-20T01:01:17.031422474Z: [    6.799455] oprofile: using NMI interrupt.
[STDERR  ] 2018-10-20T01:01:17.031440785Z: [    6.801018] GACT probability on
[STDERR  ] 2018-10-20T01:01:17.031459693Z: [    6.801847] Mirror/redirect action on
[STDERR  ] 2018-10-20T01:01:17.031482072Z: [    6.802619] Simple TC action Loaded
[STDERR  ] 2018-10-20T01:01:17.031501506Z: [    6.803548] u32 classifier
[STDERR  ] 2018-10-20T01:01:17.031523940Z: [    6.803796]     Performance counters on
[STDERR  ] 2018-10-20T01:01:17.031542246Z: [    6.804298]     input device check on
[STDERR  ] 2018-10-20T01:01:17.031560459Z: [    6.804602]     Actions configured
[STDERR  ] 2018-10-20T01:01:17.031578601Z: [    6.805838] Netfilter messages via NETLINK v0.30.
[STDERR  ] 2018-10-20T01:01:17.031596766Z: [    6.806725] nfnl_acct: registering with nfnetlink.
[STDERR  ] 2018-10-20T01:01:17.031614891Z: [    6.808540] nf_conntrack version 0.5.0 (8192 buckets, 32768 max)
[STDERR  ] 2018-10-20T01:01:17.031640421Z: [    6.811720] ctnetlink v0.93: registering with nfnetlink.
[STDERR  ] 2018-10-20T01:01:17.031659115Z: [    6.816392] nf_tables: (c) 2007-2009 Patrick McHardy <kaber@trash.net>
[STDERR  ] 2018-10-20T01:01:17.031677979Z: [    6.817768] nf_tables_compat: (c) 2012 Pablo Neira Ayuso <pablo@netfilter.org>
[STDERR  ] 2018-10-20T01:01:17.031697470Z: [    6.821605] xt_time: kernel timezone is -0000
[STDERR  ] 2018-10-20T01:01:17.031715931Z: [    6.822589] ip_set: protocol 6
[STDERR  ] 2018-10-20T01:01:17.031734229Z: [    6.823872] ipip: IPv4 and MPLS over IPv4 tunneling driver
[STDERR  ] 2018-10-20T01:01:17.031767425Z: [    6.829782] gre: GRE over IPv4 demultiplexor driver
[STDERR  ] 2018-10-20T01:01:17.031788114Z: [    6.834411] ip_tables: (C) 2000-2006 Netfilter Core Team
[STDERR  ] 2018-10-20T01:01:17.031807058Z: [    6.842444] arp_tables: arp_tables: (C) 2002 David S. Miller
[STDERR  ] 2018-10-20T01:01:17.031825518Z: [    6.845612] NET: Registered protocol family 10
[STDERR  ] 2018-10-20T01:01:17.031846613Z: [    6.858589] Segment Routing with IPv6
[STDERR  ] 2018-10-20T01:01:17.031864831Z: [    6.859780] ip6_tables: (C) 2000-2006 Netfilter Core Team
[STDERR  ] 2018-10-20T01:01:17.031886314Z: [    6.871801] NET: Registered protocol family 17
[STDERR  ] 2018-10-20T01:01:17.031905324Z: [    6.873491] Bridge firewalling registered
[STDERR  ] 2018-10-20T01:01:17.031924335Z: [    6.874377] 8021q: 802.1Q VLAN Support v1.8
[STDERR  ] 2018-10-20T01:01:17.031942911Z: [    6.876435] 9pnet: Installing 9P2000 support
[STDERR  ] 2018-10-20T01:01:17.031961334Z: [    6.879326] Key type dns_resolver registered
[STDERR  ] 2018-10-20T01:01:17.031979338Z: [    6.881354] sched_clock: Marking stable (6881123980, 0)->(7147621316, -266497336)
[STDERR  ] 2018-10-20T01:01:17.032002737Z: [    6.886382] registered taskstats version 1
[STDERR  ] 2018-10-20T01:01:17.032027502Z: [    7.028455] ata3: SATA link up 1.5 Gbps (SStatus 113 SControl 300)
[STDERR  ] 2018-10-20T01:01:17.032046188Z: [    7.032504] ata2: SATA link down (SStatus 0 SControl 300)
[STDERR  ] 2018-10-20T01:01:17.032064669Z: [    7.034400] ata1: SATA link down (SStatus 0 SControl 300)
[STDERR  ] 2018-10-20T01:01:17.032083104Z: [    7.035284] ata6: SATA link down (SStatus 0 SControl 300)
[STDERR  ] 2018-10-20T01:01:17.032101446Z: [    7.035941] ata5: SATA link down (SStatus 0 SControl 300)
[STDERR  ] 2018-10-20T01:01:17.032119638Z: [    7.036736] ata4: SATA link down (SStatus 0 SControl 300)
[STDERR  ] 2018-10-20T01:01:17.032137841Z: [    7.044667] ata3.00: ATAPI: QEMU DVD-ROM, 2.5+, max UDMA/100
[STDERR  ] 2018-10-20T01:01:17.032156301Z: [    7.045487] ata3.00: applying bridge limits
[STDERR  ] 2018-10-20T01:01:17.032174710Z: [    7.050568] ata3.00: configured for UDMA/100
[STDERR  ] 2018-10-20T01:01:17.032195501Z: [    7.080010] scsi 2:0:0:0: CD-ROM            QEMU     QEMU DVD-ROM     2.5+ PQ: 0 ANSI: 5
[STDERR  ] 2018-10-20T01:01:17.032239174Z: [    7.112934] sr 2:0:0:0: [sr0] scsi3-mmc drive: 4x/4x cd/rw xa/form2 tray
[STDERR  ] 2018-10-20T01:01:17.032260380Z: [    7.113958] cdrom: Uniform CD-ROM driver Revision: 3.20
[STDERR  ] 2018-10-20T01:01:17.032280386Z: [    7.127593] sr 2:0:0:0: Attached scsi generic sg0 type 5
[STDERR  ] 2018-10-20T01:01:17.032298829Z: [    7.201020] tsc: Refined TSC clocksource calibration: 2599.759 MHz
[STDERR  ] 2018-10-20T01:01:17.032317569Z: [    7.202005] clocksource: tsc: mask: 0xffffffffffffffff max_cycles: 0x2579582e86f, max_idle_ns: 440795221485 ns
[STDERR  ] 2018-10-20T01:01:17.032341472Z: [    7.283004] Key type big_key registered
[STDERR  ] 2018-10-20T01:01:17.032360263Z: [    7.406962] Key type trusted registered
[STDERR  ] 2018-10-20T01:01:17.032408936Z: [    7.526391] Key type encrypted registered
[STDERR  ] 2018-10-20T01:01:17.032428113Z: [    7.527460] ima: No TPM chip found, activating TPM-bypass! (rc=-19)
[STDERR  ] 2018-10-20T01:01:17.032447201Z: [    7.528583] ima: Allocated hash algorithm: sha256
[STDERR  ] 2018-10-20T01:01:17.032465630Z: [    7.534459] evm: HMAC attrs: 0x1
[STDERR  ] 2018-10-20T01:01:17.032487650Z: [    7.540729] rtc_cmos 00:00: setting system clock to 2018-10-20 01:00:50 UTC (1539997250)
[STDERR  ] 2018-10-20T01:01:17.032507276Z: [    7.728705] Freeing unused kernel memory: 1512K
[STDERR  ] 2018-10-20T01:01:17.032525796Z: [    7.730874] Write protecting the kernel read-only data: 18432k
[STDERR  ] 2018-10-20T01:01:17.032544517Z: [    7.750748] Freeing unused kernel memory: 2024K
[STDERR  ] 2018-10-20T01:01:17.032563148Z: [    7.840964] Freeing unused kernel memory: 1132K
[STDERR  ] 2018-10-20T01:01:17.032580991Z: [    8.211993] clocksource: Switched to clocksource tsc
[STDERR  ] 2018-10-20T01:01:17.032599599Z: 
[STDERR  ] 2018-10-20T01:01:17.032618223Z: Welcome to LinuxKit
[STDERR  ] 2018-10-20T01:01:17.032643713Z: 
[STDERR  ] 2018-10-20T01:01:17.032662738Z:                         ##         .
[STDERR  ] 2018-10-20T01:01:17.032681199Z:                   ## ## ##        ==
[STDERR  ] 2018-10-20T01:01:17.032700829Z:                ## ## ## ## ##    ===
[STDERR  ] 2018-10-20T01:01:17.032719125Z:            /"""""""""""""""""\___/ ===
[STDERR  ] 2018-10-20T01:01:17.032743812Z:           {                       /  ===-
[STDERR  ] 2018-10-20T01:01:17.032762094Z:            \______ O           __/
[STDERR  ] 2018-10-20T01:01:17.032780319Z:              \    \         __/
[STDERR  ] 2018-10-20T01:01:17.032798514Z:               \____\_______/
[STDERR  ] 2018-10-20T01:01:17.032821758Z: 
[STDERR  ] 2018-10-20T01:01:17.032840801Z: [   28.336375] hello_world: loading out-of-tree module taints kernel.
[STDERR  ] 2018-10-20T01:01:17.032859354Z: [   28.347019] Hello LinuxKit
[STDERR  ] 2018-10-20T01:01:17.032877527Z: [   28.509788] Goodbye LinuxKit.
[STDERR  ] 2018-10-20T01:01:17.032896044Z: Linux linuxkit-de1e8bf20504 4.14.74-linuxkit #1 SMP Fri Oct 5 20:19:37 UTC 2018 x86_64 Linux
[STDERR  ] 2018-10-20T01:01:17.032914769Z: filename:       hello_world.ko
[STDERR  ] 2018-10-20T01:01:17.032944521Z: author:         Rolf Neugebauer <rolf.neugebauer@docker.com>
[STDERR  ] 2018-10-20T01:01:17.032963286Z: description:    A simple Hello World kernel module for testing
[STDERR  ] 2018-10-20T01:01:17.032990465Z: license:        GPL
[STDERR  ] 2018-10-20T01:01:17.033014523Z: depends:        
[STDERR  ] 2018-10-20T01:01:17.033042069Z: vermagic:       4.14.74-linuxkit SMP mod_unload modversions RANDSTRUCT_PLUGIN_66159cac4814cf4d2f0628e4ff56490179a3effa73ca8ccaeba1d92fe7c0392a
[STDERR  ] 2018-10-20T01:01:17.033067501Z: Kernel module test suite PASSED
[STDERR  ] 2018-10-20T01:01:17.033085834Z: [   33.542992] ACPI: Preparing to enter system sleep state S5
[STDERR  ] 2018-10-20T01:01:17.033109269Z: [   33.545506] reboot: Power down
[STDERR  ] 2018-10-20T01:01:17.033127967Z: + grep -q Hello LinuxKit
[STDERR  ] 2018-10-20T01:01:17.033146292Z: + exit 0
[STDERR  ] 2018-10-20T01:01:17.033169705Z: + clean_up
[STDERR  ] 2018-10-20T01:01:17.033188115Z: + docker rmi kmod-test
[STDOUT  ] 2018-10-20T01:01:17.120347432Z: Untagged: kmod-test:latest
[STDOUT  ] 2018-10-20T01:01:17.120425506Z: Deleted: sha256:3fb824e6c2f16da8d57f198ed22fc3c5324253640fb12f83d8d3e6a00f6c2bb9
[STDOUT  ] 2018-10-20T01:01:17.120451145Z: Deleted: sha256:5c7647faf6b2467cc4bf0d9b203567da576a7ee041440491ed218cfb9424c206
[STDOUT  ] 2018-10-20T01:01:17.120468796Z: Deleted: sha256:fd83be9a212e4e42838a076033bfd47048f920af724f1675488d9ab74ccd6d1b
[STDOUT  ] 2018-10-20T01:01:17.120486483Z: Deleted: sha256:a4947d5af54b0b7964e05d1f4314e401e9dd7b8e545a2efeeb720c35f1dd8d79
[STDOUT  ] 2018-10-20T01:01:17.120520507Z: Deleted: sha256:11dfeef42d6a3a9a218a6a4b292b913ce9675b9f7b6164873506ca96c1288f8c
[STDERR  ] 2018-10-20T01:01:17.121597051Z: + rm -rf kmod-cmdline kmod-initrd.img kmod-kernel kmod-state
[PASS    ] linuxkit.kernel.kmod_4.14.x 59.07s
