[INFO    ] 2017-08-03T17:20:22.649516012Z: Running Test linuxkit.packages.mkimage in /tmp/with_clonec648d2/test/cases/040_packages/013_mkimage
[INFO    ] 2017-08-03T17:20:22.649600023Z: Running command: [/bin/sh -x /tmp/with_clonec648d2/test/cases/040_packages/013_mkimage/test.sh]
[STDERR  ] 2017-08-03T17:20:22.650689907Z: + set -e
[STDERR  ] 2017-08-03T17:20:22.65078148Z: + . /tmp/with_clonec648d2/test/cases/_lib/lib.sh
[STDERR  ] 2017-08-03T17:20:22.650842271Z: + [ -f src/github.com/linuxkit/rtf/lib/lib.sh ]
[STDERR  ] 2017-08-03T17:20:22.650893053Z: + LINUXKIT_TMPDIR=/tmp/with_clonec648d2/test/cases/_tmp
[STDERR  ] 2017-08-03T17:20:22.650957716Z: + [ -f /tmp/with_clonec648d2/test/cases/_tmp/env.sh ]
[STDERR  ] 2017-08-03T17:20:22.650995931Z: + . /tmp/with_clonec648d2/test/cases/_tmp/env.sh
[STDERR  ] 2017-08-03T17:20:22.651038182Z: + export LINUXKIT_EXAMPLES_DIR=/tmp/with_clonec648d2/test/cases/../../examples
[STDERR  ] 2017-08-03T17:20:22.651089968Z: + export LINUXKIT_BLUEPRINTS_DIR=/tmp/with_clonec648d2/test/cases/../../blueprints
[STDERR  ] 2017-08-03T17:20:22.65112274Z: + RT_CANCEL=253
[STDERR  ] 2017-08-03T17:20:22.651175788Z: + trap clean_up EXIT
[STDERR  ] 2017-08-03T17:20:22.651217997Z: + moby build -output kernel+initrd run.yml
[STDERR  ] 2017-08-03T17:20:22.660491696Z: Extract kernel image: linuxkit/kernel:4.9.40
[STDERR  ] 2017-08-03T17:20:33.565678507Z: Add init containers:
[STDERR  ] 2017-08-03T17:20:33.565747397Z: Process init image: linuxkit/init:e3e376881faced5a890b6ceb3e8e899cbfd04ecd
[STDERR  ] 2017-08-03T17:20:35.115697172Z: Process init image: linuxkit/runc:842318b6ab524783554428c89a27d95af7bd2844
[STDERR  ] 2017-08-03T17:20:37.268618599Z: Add onboot containers:
[STDERR  ] 2017-08-03T17:20:37.268684545Z:   Create OCI config for linuxkit/poweroff:3845c4d64d47a1ea367806be5547e44594b0fa91
[STDERR  ] 2017-08-03T17:20:38.810525512Z: Create outputs:
[STDERR  ] 2017-08-03T17:20:43.344690333Z:   run-kernel run-initrd.img run-cmdline
[STDERR  ] 2017-08-03T17:20:43.561193574Z: + moby build -output kernel+initrd mkimage.yml
[STDERR  ] 2017-08-03T17:20:43.576350651Z: Extract kernel image: linuxkit/kernel:4.9.40
[STDERR  ] 2017-08-03T17:20:51.607439582Z: Add init containers:
[STDERR  ] 2017-08-03T17:20:51.607502008Z: Process init image: linuxkit/init:e3e376881faced5a890b6ceb3e8e899cbfd04ecd
[STDERR  ] 2017-08-03T17:20:53.275017437Z: Process init image: linuxkit/runc:842318b6ab524783554428c89a27d95af7bd2844
[STDERR  ] 2017-08-03T17:20:55.517074279Z: Add onboot containers:
[STDERR  ] 2017-08-03T17:20:55.517205231Z:   Create OCI config for linuxkit/mkimage:a63b8ee4c5de335afc32ba850e0af319b25b96c0
[STDERR  ] 2017-08-03T17:20:58.096394143Z:   Create OCI config for linuxkit/poweroff:3845c4d64d47a1ea367806be5547e44594b0fa91
[STDERR  ] 2017-08-03T17:20:59.599450864Z: Create outputs:
[STDERR  ] 2017-08-03T17:21:05.366291229Z:   mkimage-kernel mkimage-initrd.img mkimage-cmdline
[STDERR  ] 2017-08-03T17:21:05.606396849Z: + tar cf tarball.img run-kernel run-initrd.img run-cmdline
[STDERR  ] 2017-08-03T17:21:05.645030643Z: + linuxkit run qemu -disk disk.qcow2,size=200M,format=qcow2 -disk tarball.img,format=raw -kernel mkimage
[STDERR  ] 2017-08-03T17:21:05.694538837Z: Using existing disk [tarball.img] format raw
[STDOUT  ] 2017-08-03T17:21:08.338334933Z: [    0.000000] Linux version 4.9.40-linuxkit (root@e1ede117fb1e) (gcc version 6.3.0 (Alpine 6.3.0) ) #1 SMP Wed Aug 2 16:32:58 UTC 2017
[STDOUT  ] 2017-08-03T17:21:08.339049386Z: [    0.000000] Command line: console=ttyS0
[STDOUT  ] 2017-08-03T17:21:08.33960368Z: [    0.000000] x86/fpu: Legacy x87 FPU detected.
[STDOUT  ] 2017-08-03T17:21:08.340260148Z: [    0.000000] x86/fpu: Using 'eager' FPU context switches.
[STDOUT  ] 2017-08-03T17:21:08.340861046Z: [    0.000000] e820: BIOS-provided physical RAM map:
[STDOUT  ] 2017-08-03T17:21:08.341679781Z: [    0.000000] BIOS-e820: [mem 0x0000000000000000-0x000000000009fbff] usable
[STDOUT  ] 2017-08-03T17:21:08.342528594Z: [    0.000000] BIOS-e820: [mem 0x000000000009fc00-0x000000000009ffff] reserved
[STDOUT  ] 2017-08-03T17:21:08.343372834Z: [    0.000000] BIOS-e820: [mem 0x00000000000f0000-0x00000000000fffff] reserved
[STDOUT  ] 2017-08-03T17:21:08.344241838Z: [    0.000000] BIOS-e820: [mem 0x0000000000100000-0x000000003ffddfff] usable
[STDOUT  ] 2017-08-03T17:21:08.345086954Z: [    0.000000] BIOS-e820: [mem 0x000000003ffde000-0x000000003fffffff] reserved
[STDOUT  ] 2017-08-03T17:21:08.345930244Z: [    0.000000] BIOS-e820: [mem 0x00000000b0000000-0x00000000bfffffff] reserved
[STDOUT  ] 2017-08-03T17:21:08.346764952Z: [    0.000000] BIOS-e820: [mem 0x00000000fed1c000-0x00000000fed1ffff] reserved
[STDOUT  ] 2017-08-03T17:21:08.347649379Z: [    0.000000] BIOS-e820: [mem 0x00000000fffc0000-0x00000000ffffffff] reserved
[STDOUT  ] 2017-08-03T17:21:08.348267845Z: [    0.000000] NX (Execute Disable) protection: active
[STDOUT  ] 2017-08-03T17:21:08.348681903Z: [    0.000000] SMBIOS 2.8 present.
[STDOUT  ] 2017-08-03T17:21:08.349407224Z: [    0.000000] e820: last_pfn = 0x3ffde max_arch_pfn = 0x400000000
[STDOUT  ] 2017-08-03T17:21:08.350251279Z: [    0.000000] x86/PAT: Configuration [0-7]: WB  WC  UC- UC  WB  WC  UC- WT  
[STDOUT  ] 2017-08-03T17:21:08.351245338Z: [    0.000000] found SMP MP-table at [mem 0x000f6aa0-0x000f6aaf] mapped at [ffff99fe000f6aa0]
[STDOUT  ] 2017-08-03T17:21:08.351831261Z: [    0.000000] RAMDISK: [mem 0x3e9a9000-0x3ffcffff]
[STDOUT  ] 2017-08-03T17:21:08.352520964Z: [    0.000000] ACPI: Early table checksum verification disabled
[STDOUT  ] 2017-08-03T17:21:08.353222091Z: [    0.000000] ACPI: RSDP 0x00000000000F68C0 000014 (v00 BOCHS )
[STDOUT  ] 2017-08-03T17:21:08.354242885Z: [    0.000000] ACPI: RSDT 0x000000003FFE2404 000034 (v01 BOCHS  BXPCRSDT 00000001 BXPC 00000001)
[STDOUT  ] 2017-08-03T17:21:08.355258619Z: [    0.000000] ACPI: FACP 0x000000003FFE22A4 000074 (v01 BOCHS  BXPCFACP 00000001 BXPC 00000001)
[STDOUT  ] 2017-08-03T17:21:08.356271525Z: [    0.000000] ACPI: DSDT 0x000000003FFE0040 002264 (v01 BOCHS  BXPCDSDT 00000001 BXPC 00000001)
[STDOUT  ] 2017-08-03T17:21:08.356848475Z: [    0.000000] ACPI: FACS 0x000000003FFE0000 000040
[STDOUT  ] 2017-08-03T17:21:08.35791591Z: [    0.000000] ACPI: APIC 0x000000003FFE2318 000078 (v01 BOCHS  BXPCAPIC 00000001 BXPC 00000001)
[STDOUT  ] 2017-08-03T17:21:08.358940494Z: [    0.000000] ACPI: HPET 0x000000003FFE2390 000038 (v01 BOCHS  BXPCHPET 00000001 BXPC 00000001)
[STDOUT  ] 2017-08-03T17:21:08.359957548Z: [    0.000000] ACPI: MCFG 0x000000003FFE23C8 00003C (v01 BOCHS  BXPCMCFG 00000001 BXPC 00000001)
[STDOUT  ] 2017-08-03T17:21:08.360305117Z: [    0.000000] Zone ranges:
[STDOUT  ] 2017-08-03T17:21:08.361056655Z: [    0.000000]   DMA      [mem 0x0000000000001000-0x0000000000ffffff]
[STDOUT  ] 2017-08-03T17:21:08.361805328Z: [    0.000000]   DMA32    [mem 0x0000000001000000-0x000000003ffddfff]
[STDOUT  ] 2017-08-03T17:21:08.362183104Z: [    0.000000]   Normal   empty
[STDOUT  ] 2017-08-03T17:21:08.362716512Z: [    0.000000] Movable zone start for each node
[STDOUT  ] 2017-08-03T17:21:08.363173273Z: [    0.000000] Early memory node ranges
[STDOUT  ] 2017-08-03T17:21:08.363940595Z: [    0.000000]   node   0: [mem 0x0000000000001000-0x000000000009efff]
[STDOUT  ] 2017-08-03T17:21:08.364705747Z: [    0.000000]   node   0: [mem 0x0000000000100000-0x000000003ffddfff]
[STDOUT  ] 2017-08-03T17:21:08.365553181Z: [    0.000000] Initmem setup node 0 [mem 0x0000000000001000-0x000000003ffddfff]
[STDOUT  ] 2017-08-03T17:21:08.366071367Z: [    0.000000] ACPI: PM-Timer IO Port: 0x608
[STDOUT  ] 2017-08-03T17:21:08.366773193Z: [    0.000000] ACPI: LAPIC_NMI (acpi_id[0xff] dfl dfl lint[0x1])
[STDOUT  ] 2017-08-03T17:21:08.36762847Z: [    0.000000] IOAPIC[0]: apic_id 0, version 32, address 0xfec00000, GSI 0-23
[STDOUT  ] 2017-08-03T17:21:08.368405197Z: [    0.000000] ACPI: INT_SRC_OVR (bus 0 bus_irq 0 global_irq 2 dfl dfl)
[STDOUT  ] 2017-08-03T17:21:08.369207106Z: [    0.000000] ACPI: INT_SRC_OVR (bus 0 bus_irq 5 global_irq 5 high level)
[STDOUT  ] 2017-08-03T17:21:08.37000804Z: [    0.000000] ACPI: INT_SRC_OVR (bus 0 bus_irq 9 global_irq 9 high level)
[STDOUT  ] 2017-08-03T17:21:08.370829177Z: [    0.000000] ACPI: INT_SRC_OVR (bus 0 bus_irq 10 global_irq 10 high level)
[STDOUT  ] 2017-08-03T17:21:08.371669303Z: [    0.000000] ACPI: INT_SRC_OVR (bus 0 bus_irq 11 global_irq 11 high level)
[STDOUT  ] 2017-08-03T17:21:08.372392633Z: [    0.000000] Using ACPI (MADT) for SMP configuration information
[STDOUT  ] 2017-08-03T17:21:08.373023606Z: [    0.000000] ACPI: HPET id: 0x8086a201 base: 0xfed00000
[STDOUT  ] 2017-08-03T17:21:08.373706153Z: [    0.000000] smpboot: Allowing 1 CPUs, 0 hotplug CPUs
[STDOUT  ] 2017-08-03T17:21:08.374514501Z: [    0.000000] e820: [mem 0x40000000-0xafffffff] available for PCI devices
[STDOUT  ] 2017-08-03T17:21:08.375198464Z: [    0.000000] Booting paravirtualized kernel on bare hardware
[STDOUT  ] 2017-08-03T17:21:08.376434608Z: [    0.000000] clocksource: refined-jiffies: mask: 0xffffffff max_cycles: 0xffffffff, max_idle_ns: 19112604462750000 ns
[STDOUT  ] 2017-08-03T17:21:08.377393172Z: [    0.000000] setup_percpu: NR_CPUS:128 nr_cpumask_bits:128 nr_cpu_ids:1 nr_node_ids:1
[STDOUT  ] 2017-08-03T17:21:08.378381543Z: [    0.000000] percpu: Embedded 35 pages/cpu @ffff99fe3e600000 s105240 r8192 d29928 u2097152
[STDOUT  ] 2017-08-03T17:21:08.379341252Z: [    0.000000] Built 1 zonelists in Zone order, mobility grouping on.  Total pages: 257895
[STDOUT  ] 2017-08-03T17:21:08.379900144Z: [    0.000000] Kernel command line: console=ttyS0
[STDOUT  ] 2017-08-03T17:21:08.380630689Z: [    0.000000] PID hash table entries: 4096 (order: 3, 32768 bytes)
[STDOUT  ] 2017-08-03T17:21:08.381487157Z: [    0.000000] Dentry cache hash table entries: 131072 (order: 8, 1048576 bytes)
[STDOUT  ] 2017-08-03T17:21:08.382326506Z: [    0.000000] Inode-cache hash table entries: 65536 (order: 7, 524288 bytes)
[STDOUT  ] 2017-08-03T17:21:08.383893605Z: [    0.000000] Memory: 991484K/1048048K available (8027K kernel code, 1366K rwdata, 2696K rodata, 1380K init, 568K bss, 56564K reserved, 0K cma-reserved)
[STDOUT  ] 2017-08-03T17:21:08.384439542Z: [    0.000000] Hierarchical RCU implementation.
[STDOUT  ] 2017-08-03T17:21:08.385097483Z: [    0.000000] 	Build-time adjustment of leaf fanout to 64.
[STDOUT  ] 2017-08-03T17:21:08.385872156Z: [    0.000000] 	RCU restricting CPUs from NR_CPUS=128 to nr_cpu_ids=1.
[STDOUT  ] 2017-08-03T17:21:08.386681549Z: [    0.000000] RCU: Adjusting geometry for rcu_fanout_leaf=64, nr_cpu_ids=1
[STDOUT  ] 2017-08-03T17:21:08.387170967Z: [    0.000000] NR_IRQS:8448 nr_irqs:256 16
[STDOUT  ] 2017-08-03T17:21:08.387699294Z: [    0.000000] Console: colour VGA+ 80x25
[STDOUT  ] 2017-08-03T17:21:08.388294738Z: [    0.000000] console [ttyS0] enabled
[STDOUT  ] 2017-08-03T17:21:08.394455633Z: [    0.000000] clocksource: hpet: mask: 0xffffffff max_cycles: 0xffffffff, max_idle_ns: 19112604467 ns
[STDOUT  ] 2017-08-03T17:21:08.475754153Z: [    0.000000] tsc: Unable to calibrate against PIT
[STDOUT  ] 2017-08-03T17:21:08.476620749Z: [    0.000000] tsc: using HPET reference calibration
[STDOUT  ] 2017-08-03T17:21:08.477720348Z: [    0.000000] tsc: Detected 2300.118 MHz processor
[STDOUT  ] 2017-08-03T17:21:08.482591299Z: [    0.052800] Calibrating delay loop (skipped), value calculated using timer frequency.. 4600.23 BogoMIPS (lpj=23001180)
[STDOUT  ] 2017-08-03T17:21:08.483505565Z: [    0.054865] pid_max: default: 32768 minimum: 301
[STDOUT  ] 2017-08-03T17:21:08.485123815Z: [    0.056613] ACPI: Core revision 20160831
[STDOUT  ] 2017-08-03T17:21:08.56157794Z: [    0.134085] ACPI: 1 ACPI AML tables successfully acquired and loaded
[STDOUT  ] 2017-08-03T17:21:08.567988738Z: [    0.140841] Security Framework initialized
[STDOUT  ] 2017-08-03T17:21:08.568682282Z: [    0.141665] Yama: becoming mindful.
[STDOUT  ] 2017-08-03T17:21:08.572623611Z: [    0.145276] Mount-cache hash table entries: 2048 (order: 2, 16384 bytes)
[STDOUT  ] 2017-08-03T17:21:08.573584419Z: [    0.146243] Mountpoint-cache hash table entries: 2048 (order: 2, 16384 bytes)
[STDOUT  ] 2017-08-03T17:21:08.606521262Z: [    0.179159] Last level iTLB entries: 4KB 0, 2MB 0, 4MB 0
[STDOUT  ] 2017-08-03T17:21:08.607639417Z: [    0.180126] Last level dTLB entries: 4KB 0, 2MB 0, 4MB 0, 1GB 0
[STDOUT  ] 2017-08-03T17:21:08.93879322Z: [    0.511602] Freeing SMP alternatives memory: 20K (ffffffff86eb0000 - ffffffff86eb5000)
[STDOUT  ] 2017-08-03T17:21:08.948358841Z: [    0.521177] ftrace: allocating 35481 entries in 139 pages
[STDOUT  ] 2017-08-03T17:21:09.253690463Z: [    0.686425] smpboot: Max logical packages: 1
[STDOUT  ] 2017-08-03T17:21:09.260409298Z: [    0.693427] ..TIMER: vector=0x30 apic1=0 pin1=2 apic2=-1 pin2=-1
[STDOUT  ] 2017-08-03T17:21:09.478238568Z: [    0.800000] smpboot: CPU0: AMD QEMU Virtual CPU version 2.5+ (family: 0x6, model: 0x6, stepping: 0x3)
[STDOUT  ] 2017-08-03T17:21:09.479685854Z: [    0.800000] Performance Events: PMU not available due to virtualization, using software events only.
[STDOUT  ] 2017-08-03T17:21:09.496095646Z: [    0.808255] NMI watchdog: disabled (cpu0): hardware events not enabled
[STDOUT  ] 2017-08-03T17:21:09.49663549Z: [    0.808818] NMI watchdog: Shutting down hard lockup detector on all cpus
[STDOUT  ] 2017-08-03T17:21:09.499468289Z: [    0.811905] x86: Booted up 1 node, 1 CPUs
[STDOUT  ] 2017-08-03T17:21:09.500078266Z: [    0.812348] smpboot: Total of 1 processors activated (4600.23 BogoMIPS)
[STDOUT  ] 2017-08-03T17:21:09.514390217Z: [    0.826525] devtmpfs: initialized
[STDOUT  ] 2017-08-03T17:21:09.51964396Z: [    0.832135] x86/mm: Memory block size: 128MB
[STDOUT  ] 2017-08-03T17:21:09.582974052Z: [    0.895046] clocksource: jiffies: mask: 0xffffffff max_cycles: 0xffffffff, max_idle_ns: 19112604462750000 ns
[STDOUT  ] 2017-08-03T17:21:09.583733398Z: [    0.896094] futex hash table entries: 256 (order: 2, 16384 bytes)
[STDOUT  ] 2017-08-03T17:21:09.593593187Z: [    0.905500] NET: Registered protocol family 16
[STDOUT  ] 2017-08-03T17:21:09.603004443Z: [    0.915511] cpuidle: using governor ladder
[STDOUT  ] 2017-08-03T17:21:09.603441555Z: [    0.915975] cpuidle: using governor menu
[STDOUT  ] 2017-08-03T17:21:09.604516473Z: [    0.917035] ACPI: bus type PCI registered
[STDOUT  ] 2017-08-03T17:21:09.607641419Z: [    0.919735] PCI: MMCONFIG for domain 0000 [bus 00-ff] at [mem 0xb0000000-0xbfffffff] (base 0xb0000000)
[STDOUT  ] 2017-08-03T17:21:09.608374323Z: [    0.920229] PCI: MMCONFIG at [mem 0xb0000000-0xbfffffff] reserved in E820
[STDOUT  ] 2017-08-03T17:21:09.609615595Z: [    0.921540] PCI: Using configuration type 1 for base access
[STDOUT  ] 2017-08-03T17:21:09.663542288Z: [    0.975850] HugeTLB registered 2 MB page size, pre-allocated 0 pages
[STDOUT  ] 2017-08-03T17:21:09.676174768Z: [    0.988252] ACPI: Added _OSI(Module Device)
[STDOUT  ] 2017-08-03T17:21:09.676734936Z: [    0.988819] ACPI: Added _OSI(Processor Device)
[STDOUT  ] 2017-08-03T17:21:09.677331566Z: [    0.989333] ACPI: Added _OSI(3.0 _SCP Extensions)
[STDOUT  ] 2017-08-03T17:21:09.678055894Z: [    0.990065] ACPI: Added _OSI(Processor Aggregator Device)
[STDOUT  ] 2017-08-03T17:21:09.802722149Z: [    1.114852] ACPI: Interpreter enabled
[STDOUT  ] 2017-08-03T17:21:09.804257262Z: [    1.116458] ACPI: (supports S0 S5)
[STDOUT  ] 2017-08-03T17:21:09.80505012Z: [    1.117096] ACPI: Using IOAPIC for interrupt routing
[STDOUT  ] 2017-08-03T17:21:09.809831317Z: [    1.121468] PCI: Using host bridge windows from ACPI; if necessary, use "pci=nocrs" and report a bug
[STDOUT  ] 2017-08-03T17:21:09.904551756Z: [    1.216842] ACPI: PCI Root Bridge [PCI0] (domain 0000 [bus 00-ff])
[STDOUT  ] 2017-08-03T17:21:09.90587738Z: [    1.217998] acpi PNP0A08:00: _OSC: OS supports [ExtendedConfig ASPM ClockPM Segments MSI]
[STDOUT  ] 2017-08-03T17:21:09.914292062Z: [    1.226304] acpi PNP0A08:00: _OSC: OS now controls [PCIeHotplug PME PCIeCapability]
[STDOUT  ] 2017-08-03T17:21:09.920560952Z: [    1.232811] PCI host bridge to bus 0000:00
[STDOUT  ] 2017-08-03T17:21:09.921632824Z: [    1.233673] pci_bus 0000:00: root bus resource [io  0x0000-0x0cf7 window]
[STDOUT  ] 2017-08-03T17:21:09.92253138Z: [    1.234547] pci_bus 0000:00: root bus resource [io  0x0d00-0xffff window]
[STDOUT  ] 2017-08-03T17:21:09.923448024Z: [    1.235396] pci_bus 0000:00: root bus resource [mem 0x000a0000-0x000bffff window]
[STDOUT  ] 2017-08-03T17:21:09.924380725Z: [    1.236318] pci_bus 0000:00: root bus resource [mem 0xc0000000-0xfebfffff window]
[STDOUT  ] 2017-08-03T17:21:09.925347666Z: [    1.237462] pci_bus 0000:00: root bus resource [bus 00-ff]
[STDOUT  ] 2017-08-03T17:21:10.107763155Z: [    1.417500] pci 0000:00:1f.0: quirk: [io  0x0600-0x067f] claimed by ICH6 ACPI/GPIO/TCO
[STDOUT  ] 2017-08-03T17:21:10.207792574Z: [    1.519173] ACPI: PCI Interrupt Link [LNKA] (IRQs 5 *10 11)
[STDOUT  ] 2017-08-03T17:21:10.211469888Z: [    1.523225] ACPI: PCI Interrupt Link [LNKB] (IRQs 5 *10 11)
[STDOUT  ] 2017-08-03T17:21:10.214816643Z: [    1.526578] ACPI: PCI Interrupt Link [LNKC] (IRQs 5 10 *11)
[STDOUT  ] 2017-08-03T17:21:10.218015725Z: [    1.529664] ACPI: PCI Interrupt Link [LNKD] (IRQs 5 10 *11)
[STDOUT  ] 2017-08-03T17:21:10.220823627Z: [    1.532377] ACPI: PCI Interrupt Link [LNKE] (IRQs 5 *10 11)
[STDOUT  ] 2017-08-03T17:21:10.2235435Z: [    1.535087] ACPI: PCI Interrupt Link [LNKF] (IRQs 5 *10 11)
[STDOUT  ] 2017-08-03T17:21:10.226351418Z: [    1.537879] ACPI: PCI Interrupt Link [LNKG] (IRQs 5 10 *11)
[STDOUT  ] 2017-08-03T17:21:10.229464921Z: [    1.541553] ACPI: PCI Interrupt Link [LNKH] (IRQs 5 10 *11)
[STDOUT  ] 2017-08-03T17:21:10.230739899Z: [    1.542918] ACPI: PCI Interrupt Link [GSIA] (IRQs *16)
[STDOUT  ] 2017-08-03T17:21:10.232179227Z: [    1.544291] ACPI: PCI Interrupt Link [GSIB] (IRQs *17)
[STDOUT  ] 2017-08-03T17:21:10.233423815Z: [    1.545500] ACPI: PCI Interrupt Link [GSIC] (IRQs *18)
[STDOUT  ] 2017-08-03T17:21:10.234657667Z: [    1.546733] ACPI: PCI Interrupt Link [GSID] (IRQs *19)
[STDOUT  ] 2017-08-03T17:21:10.235870234Z: [    1.547963] ACPI: PCI Interrupt Link [GSIE] (IRQs *20)
[STDOUT  ] 2017-08-03T17:21:10.237088715Z: [    1.549183] ACPI: PCI Interrupt Link [GSIF] (IRQs *21)
[STDOUT  ] 2017-08-03T17:21:10.238515776Z: [    1.550547] ACPI: PCI Interrupt Link [GSIG] (IRQs *22)
[STDOUT  ] 2017-08-03T17:21:10.239656029Z: [    1.551784] ACPI: PCI Interrupt Link [GSIH] (IRQs *23)
[STDOUT  ] 2017-08-03T17:21:10.245511191Z: [    1.557681] ACPI: Enabled 2 GPEs in block 00 to 3F
[STDOUT  ] 2017-08-03T17:21:10.252573825Z: [    1.564892] SCSI subsystem initialized
[STDOUT  ] 2017-08-03T17:21:10.255569009Z: [    1.567902] ACPI: bus type USB registered
[STDOUT  ] 2017-08-03T17:21:10.257646919Z: [    1.569735] usbcore: registered new interface driver usbfs
[STDOUT  ] 2017-08-03T17:21:10.259391308Z: [    1.571082] usbcore: registered new interface driver hub
[STDOUT  ] 2017-08-03T17:21:10.260585487Z: [    1.572311] usbcore: registered new device driver usb
[STDOUT  ] 2017-08-03T17:21:10.262441356Z: [    1.574182] pps_core: LinuxPPS API ver. 1 registered
[STDOUT  ] 2017-08-03T17:21:10.26341086Z: [    1.574766] pps_core: Software ver. 5.3.6 - Copyright 2005-2007 Rodolfo Giometti <giometti@linux.it>
[STDOUT  ] 2017-08-03T17:21:10.26411059Z: [    1.575952] PTP clock support registered
[STDOUT  ] 2017-08-03T17:21:10.265910118Z: [    1.577828] wmi: Mapper loaded
[STDOUT  ] 2017-08-03T17:21:10.267893945Z: [    1.580225] PCI: Using ACPI for IRQ routing
[STDOUT  ] 2017-08-03T17:21:10.298612318Z: [    1.610933] NetLabel: Initializing
[STDOUT  ] 2017-08-03T17:21:10.299212766Z: [    1.611463] NetLabel:  domain hash size = 128
[STDOUT  ] 2017-08-03T17:21:10.29987079Z: [    1.612067] NetLabel:  protocols = UNLABELED CIPSOv4
[STDOUT  ] 2017-08-03T17:21:10.303678088Z: [    1.615799] NetLabel:  unlabeled traffic allowed by default
[STDOUT  ] 2017-08-03T17:21:10.305568263Z: [    1.617513] HPET: 3 timers in total, 0 timers will be used for per-cpu timer
[STDOUT  ] 2017-08-03T17:21:10.306918653Z: [    1.618920] hpet0: at MMIO 0xfed00000, IRQs 2, 8, 0
[STDOUT  ] 2017-08-03T17:21:10.307766725Z: [    1.619796] hpet0: 3 comparators, 64-bit 100.000000 MHz counter
[STDOUT  ] 2017-08-03T17:21:10.316629139Z: [    1.628231] clocksource: Switched to clocksource hpet
[STDOUT  ] 2017-08-03T17:21:10.784094447Z: [    2.087820] VFS: Disk quotas dquot_6.6.0
[STDOUT  ] 2017-08-03T17:21:10.785655844Z: [    2.089150] VFS: Dquot-cache hash table entries: 512 (order 0, 4096 bytes)
[STDOUT  ] 2017-08-03T17:21:10.791048051Z: [    2.094955] FS-Cache: Loaded
[STDOUT  ] 2017-08-03T17:21:10.800093224Z: [    2.104031] CacheFiles: Loaded
[STDOUT  ] 2017-08-03T17:21:10.802722444Z: [    2.106662] pnp: PnP ACPI init
[STDOUT  ] 2017-08-03T17:21:10.822249204Z: [    2.126015] pnp: PnP ACPI: found 5 devices
[STDOUT  ] 2017-08-03T17:21:10.902215414Z: [    2.205437] clocksource: acpi_pm: mask: 0xffffff max_cycles: 0xffffff, max_idle_ns: 2085701024 ns
[STDOUT  ] 2017-08-03T17:21:10.907602015Z: [    2.211314] NET: Registered protocol family 2
[STDOUT  ] 2017-08-03T17:21:10.920646736Z: [    2.224206] TCP established hash table entries: 8192 (order: 4, 65536 bytes)
[STDOUT  ] 2017-08-03T17:21:10.921839902Z: [    2.225463] TCP bind hash table entries: 8192 (order: 5, 131072 bytes)
[STDOUT  ] 2017-08-03T17:21:10.922926328Z: [    2.226566] TCP: Hash tables configured (established 8192 bind 8192)
[STDOUT  ] 2017-08-03T17:21:10.92586944Z: [    2.229422] UDP hash table entries: 512 (order: 2, 16384 bytes)
[STDOUT  ] 2017-08-03T17:21:10.927035502Z: [    2.230668] UDP-Lite hash table entries: 512 (order: 2, 16384 bytes)
[STDOUT  ] 2017-08-03T17:21:10.930808655Z: [    2.234629] NET: Registered protocol family 1
[STDOUT  ] 2017-08-03T17:21:10.932788043Z: [    2.236232] pci 0000:00:01.0: Video device with shadowed ROM at [mem 0x000c0000-0x000dffff]
[STDOUT  ] 2017-08-03T17:21:10.94440156Z: [    2.248305] Unpacking initramfs...
[STDOUT  ] 2017-08-03T17:21:17.532501687Z: [    8.835845] Freeing initrd memory: 22684K (ffff99fe3e9a9000 - ffff99fe3ffd0000)
[STDOUT  ] 2017-08-03T17:21:17.579287543Z: [    8.882670] PCLMULQDQ-NI instructions are not detected.
[STDOUT  ] 2017-08-03T17:21:17.582147753Z: [    8.885672] AVX or AES-NI instructions are not detected.
[STDOUT  ] 2017-08-03T17:21:17.583055287Z: [    8.886653] CPU feature 'AVX registers' is not supported.
[STDOUT  ] 2017-08-03T17:21:17.583912631Z: [    8.887501] CPU feature 'AVX registers' is not supported.
[STDOUT  ] 2017-08-03T17:21:17.58482374Z: [    8.888391] CPU feature 'AVX registers' is not supported.
[STDOUT  ] 2017-08-03T17:21:17.585624932Z: [    8.889270] CPU feature 'AVX registers' is not supported.
[STDOUT  ] 2017-08-03T17:21:17.586482151Z: [    8.890058] AVX2 or AES-NI instructions are not detected.
[STDOUT  ] 2017-08-03T17:21:17.587584834Z: [    8.891315] AVX2 instructions are not detected.
[STDOUT  ] 2017-08-03T17:21:17.602256721Z: [    8.905585] audit: initializing netlink subsys (disabled)
[STDOUT  ] 2017-08-03T17:21:17.606423138Z: [    8.909884] audit: type=2000 audit(1501780875.900:1): initialized
[STDOUT  ] 2017-08-03T17:21:17.625008102Z: [    8.928498] workingset: timestamp_bits=46 max_order=18 bucket_order=0
[STDOUT  ] 2017-08-03T17:21:17.641372327Z: [    8.944994] FS-Cache: Netfs 'cifs' registered for caching
[STDOUT  ] 2017-08-03T17:21:17.64298284Z: [    8.946780] fuse init (API version 7.26)
[STDOUT  ] 2017-08-03T17:21:17.648791683Z: [    8.952227] SGI XFS with ACLs, security attributes, no debug enabled
[STDOUT  ] 2017-08-03T17:21:17.658149392Z: [    8.961595] 9p: Installing v9fs 9p2000 file system support
[STDOUT  ] 2017-08-03T17:21:17.659042564Z: [    8.962720] FS-Cache: Netfs '9p' registered for caching
[STDOUT  ] 2017-08-03T17:21:17.731034881Z: [    9.034710] NET: Registered protocol family 38
[STDOUT  ] 2017-08-03T17:21:17.732076464Z: [    9.035866] Key type asymmetric registered
[STDOUT  ] 2017-08-03T17:21:17.732858944Z: [    9.036545] Asymmetric key parser 'x509' registered
[STDOUT  ] 2017-08-03T17:21:17.73468524Z: [    9.038104] Block layer SCSI generic (bsg) driver version 0.4 loaded (major 251)
[STDOUT  ] 2017-08-03T17:21:17.737841446Z: [    9.041397] io scheduler noop registered
[STDOUT  ] 2017-08-03T17:21:17.738844442Z: [    9.042405] io scheduler deadline registered (default)
[STDOUT  ] 2017-08-03T17:21:17.740159346Z: [    9.043843] io scheduler cfq registered
[STDOUT  ] 2017-08-03T17:21:17.74531022Z: [    9.048746] pci_hotplug: PCI Hot Plug PCI Core version: 0.5
[STDOUT  ] 2017-08-03T17:21:17.747041182Z: [    9.050149] pciehp: PCI Express Hot Plug Controller Driver version: 0.4
[STDOUT  ] 2017-08-03T17:21:17.748781199Z: [    9.052285] shpchp: Standard Hot Plug PCI Controller Driver version: 0.4
[STDOUT  ] 2017-08-03T17:21:17.75019633Z: [    9.053992] hv_vmbus: registering driver hyperv_fb
[STDOUT  ] 2017-08-03T17:21:17.756724249Z: [    9.059851] input: Power Button as /devices/LNXSYSTM:00/LNXPWRBN:00/input/input0
[STDOUT  ] 2017-08-03T17:21:17.758903577Z: [    9.062795] ACPI: Power Button [PWRF]
[STDOUT  ] 2017-08-03T17:21:17.767100809Z: [    9.070959] GHES: HEST is not enabled!
[STDOUT  ] 2017-08-03T17:21:17.788436435Z: [    9.091955] ACPI: PCI Interrupt Link [GSIG] enabled at IRQ 22
[STDOUT  ] 2017-08-03T17:21:17.817646291Z: [    9.121208] ACPI: PCI Interrupt Link [GSIH] enabled at IRQ 23
[STDOUT  ] 2017-08-03T17:21:17.825765913Z: [    9.129307] xenfs: not registering filesystem on non-xen platform
[STDOUT  ] 2017-08-03T17:21:17.829910205Z: [    9.133300] Serial: 8250/16550 driver, 4 ports, IRQ sharing disabled
[STDOUT  ] 2017-08-03T17:21:17.864468584Z: [    9.167876] 00:04: ttyS0 at I/O 0x3f8 (irq = 4, base_baud = 115200) is a 16550A
[STDOUT  ] 2017-08-03T17:21:17.885223602Z: [    9.188958] Non-volatile memory driver v1.3
[STDOUT  ] 2017-08-03T17:21:17.897863009Z: [    9.201066] Hangcheck: starting hangcheck timer 0.9.1 (tick is 180 seconds, margin is 60 seconds).
[STDOUT  ] 2017-08-03T17:21:17.906982315Z: [    9.210895] random: fast init done
[STDOUT  ] 2017-08-03T17:21:17.908950538Z: [    9.212858] random: crng init done
[STDOUT  ] 2017-08-03T17:21:17.96533936Z: [    9.269168] loop: module loaded
[STDOUT  ] 2017-08-03T17:21:17.990886861Z: [    9.294585] nbd: registered device at major 43
[STDOUT  ] 2017-08-03T17:21:18.061588261Z: [    9.365074] lpc_ich 0000:00:1f.0: I/O space for GPIO uninitialized
[STDOUT  ] 2017-08-03T17:21:18.064792936Z: [    9.368451] VMware PVSCSI driver - version 1.0.7.0-k
[STDOUT  ] 2017-08-03T17:21:18.066196028Z: [    9.369833] hv_vmbus: registering driver hv_storvsc
[STDOUT  ] 2017-08-03T17:21:18.083855395Z: [    9.387431] ACPI: PCI Interrupt Link [GSIA] enabled at IRQ 16
[STDOUT  ] 2017-08-03T17:21:18.096773937Z: [    9.399955] ahci 0000:00:1f.2: AHCI 0001.0000 32 slots 6 ports 1.5 Gbps 0x3f impl SATA mode
[STDOUT  ] 2017-08-03T17:21:18.097914616Z: [    9.401588] ahci 0000:00:1f.2: flags: 64bit ncq only 
[STDOUT  ] 2017-08-03T17:21:18.203876343Z: [    9.494843] scsi host0: ahci
[STDOUT  ] 2017-08-03T17:21:18.226209285Z: [    9.524414] scsi host1: ahci
[STDOUT  ] 2017-08-03T17:21:18.238669302Z: [    9.542568] scsi host2: ahci
[STDOUT  ] 2017-08-03T17:21:18.247621469Z: [    9.551480] scsi host3: ahci
[STDOUT  ] 2017-08-03T17:21:18.252121945Z: [    9.556057] scsi host4: ahci
[STDOUT  ] 2017-08-03T17:21:18.255720449Z: [    9.559681] scsi host5: ahci
[STDOUT  ] 2017-08-03T17:21:18.259283247Z: [    9.562812] ata1: SATA max UDMA/133 abar m4096@0xfebd2000 port 0xfebd2100 irq 24
[STDOUT  ] 2017-08-03T17:21:18.260176529Z: [    9.563726] ata2: SATA max UDMA/133 abar m4096@0xfebd2000 port 0xfebd2180 irq 24
[STDOUT  ] 2017-08-03T17:21:18.260974165Z: [    9.564527] ata3: SATA max UDMA/133 abar m4096@0xfebd2000 port 0xfebd2200 irq 24
[STDOUT  ] 2017-08-03T17:21:18.261774569Z: [    9.565327] ata4: SATA max UDMA/133 abar m4096@0xfebd2000 port 0xfebd2280 irq 24
[STDOUT  ] 2017-08-03T17:21:18.262608606Z: [    9.566127] ata5: SATA max UDMA/133 abar m4096@0xfebd2000 port 0xfebd2300 irq 24
[STDOUT  ] 2017-08-03T17:21:18.26341015Z: [    9.566962] ata6: SATA max UDMA/133 abar m4096@0xfebd2000 port 0xfebd2380 irq 24
[STDOUT  ] 2017-08-03T17:21:18.285399028Z: [    9.589049] tun: Universal TUN/TAP device driver, 1.6
[STDOUT  ] 2017-08-03T17:21:18.28626706Z: [    9.589766] tun: (C) 1999-2004 Max Krasnyansky <maxk@qualcomm.com>
[STDOUT  ] 2017-08-03T17:21:18.304364268Z: [    9.607860] VMware vmxnet3 virtual NIC driver - version 1.4.a.0-k-NAPI
[STDOUT  ] 2017-08-03T17:21:18.30572581Z: [    9.609418] hv_vmbus: registering driver hv_netvsc
[STDOUT  ] 2017-08-03T17:21:18.306684762Z: [    9.610469] Fusion MPT base driver 3.04.20
[STDOUT  ] 2017-08-03T17:21:18.307362546Z: [    9.611048] Copyright (c) 1999-2008 LSI Corporation
[STDOUT  ] 2017-08-03T17:21:18.308542992Z: [    9.612273] Fusion MPT SPI Host driver 3.04.20
[STDOUT  ] 2017-08-03T17:21:18.312863184Z: [    9.616247] i8042: PNP: PS/2 Controller [PNP0303:KBD,PNP0f13:MOU] at 0x60,0x64 irq 1,12
[STDOUT  ] 2017-08-03T17:21:18.319758046Z: [    9.623519] serio: i8042 KBD port at 0x60,0x64 irq 1
[STDOUT  ] 2017-08-03T17:21:18.320740284Z: [    9.624500] serio: i8042 AUX port at 0x60,0x64 irq 12
[STDOUT  ] 2017-08-03T17:21:18.324479863Z: [    9.628208] hv_vmbus: registering driver hyperv_keyboard
[STDOUT  ] 2017-08-03T17:21:18.329277478Z: [    9.632980] mousedev: PS/2 mouse device common for all mice
[STDOUT  ] 2017-08-03T17:21:18.339025963Z: [    9.642634] input: PC Speaker as /devices/platform/pcspkr/input/input2
[STDOUT  ] 2017-08-03T17:21:18.341462051Z: [    9.644876] input: AT Translated Set 2 keyboard as /devices/platform/i8042/serio0/input/input1
[STDOUT  ] 2017-08-03T17:21:18.346181174Z: [    9.649907] rtc_cmos 00:00: RTC can wake from S4
[STDOUT  ] 2017-08-03T17:21:18.353665791Z: [    9.657289] rtc_cmos 00:00: rtc core: registered rtc_cmos as rtc0
[STDOUT  ] 2017-08-03T17:21:18.355610869Z: [    9.659132] rtc_cmos 00:00: alarms up to one day, y3k, 114 bytes nvram, hpet irqs
[STDOUT  ] 2017-08-03T17:21:18.356749524Z: [    9.660658] i2c /dev entries driver
[STDOUT  ] 2017-08-03T17:21:18.368564274Z: [    9.672329] device-mapper: ioctl: 4.35.0-ioctl (2016-06-23) initialised: dm-devel@redhat.com
[STDOUT  ] 2017-08-03T17:21:18.373015593Z: [    9.676980] usbcore: registered new interface driver usbhid
[STDOUT  ] 2017-08-03T17:21:18.373284177Z: [    9.677336] usbhid: USB HID core driver
[STDOUT  ] 2017-08-03T17:21:18.3738617Z: [    9.677863] hv_utils: Registering HyperV Utility Driver
[STDOUT  ] 2017-08-03T17:21:18.374151743Z: [    9.678173] hv_vmbus: registering driver hv_util
[STDOUT  ] 2017-08-03T17:21:18.374451637Z: [    9.678465] hv_vmbus: registering driver hv_balloon
[STDOUT  ] 2017-08-03T17:21:18.376589821Z: [    9.678922] oprofile: using NMI interrupt.
[STDOUT  ] 2017-08-03T17:21:18.378950941Z: [    9.683035] GACT probability on
[STDOUT  ] 2017-08-03T17:21:18.379431495Z: [    9.683494] Mirror/redirect action on
[STDOUT  ] 2017-08-03T17:21:18.380189662Z: [    9.684266] Simple TC action Loaded
[STDOUT  ] 2017-08-03T17:21:18.380652261Z: [    9.684775] u32 classifier
[STDOUT  ] 2017-08-03T17:21:18.383422199Z: [    9.684958]     Performance counters on
[STDOUT  ] 2017-08-03T17:21:18.383668184Z: [    9.687738]     input device check on
[STDOUT  ] 2017-08-03T17:21:18.383882912Z: [    9.687976]     Actions configured
[STDOUT  ] 2017-08-03T17:21:18.384491663Z: [    9.688507] Netfilter messages via NETLINK v0.30.
[STDOUT  ] 2017-08-03T17:21:18.387043676Z: [    9.689014] nfnl_acct: registering with nfnetlink.
[STDOUT  ] 2017-08-03T17:21:18.389755277Z: [    9.693419] nf_conntrack version 0.5.0 (8192 buckets, 32768 max)
[STDOUT  ] 2017-08-03T17:21:18.394964119Z: [    9.698697] ctnetlink v0.93: registering with nfnetlink.
[STDOUT  ] 2017-08-03T17:21:18.40083321Z: [    9.704444] nf_tables: (c) 2007-2009 Patrick McHardy <kaber@trash.net>
[STDOUT  ] 2017-08-03T17:21:18.402281208Z: [    9.705836] nf_tables_compat: (c) 2012 Pablo Neira Ayuso <pablo@netfilter.org>
[STDOUT  ] 2017-08-03T17:21:18.405964486Z: [    9.709729] xt_time: kernel timezone is -0000
[STDOUT  ] 2017-08-03T17:21:18.40706576Z: [    9.711013] ip_set: protocol 6
[STDOUT  ] 2017-08-03T17:21:18.408407219Z: [    9.712087] IPVS: Registered protocols (TCP, UDP, SCTP, AH, ESP)
[STDOUT  ] 2017-08-03T17:21:18.409482721Z: [    9.713031] IPVS: Connection hash table configured (size=4096, memory=64Kbytes)
[STDOUT  ] 2017-08-03T17:21:18.412036261Z: [    9.715839] IPVS: Creating netns size=2104 id=0
[STDOUT  ] 2017-08-03T17:21:18.416996274Z: [    9.720921] IPVS: ipvs loaded.
[STDOUT  ] 2017-08-03T17:21:18.417712051Z: [    9.721496] IPVS: [rr] scheduler registered.
[STDOUT  ] 2017-08-03T17:21:18.418289663Z: [    9.722128] IPVS: [wrr] scheduler registered.
[STDOUT  ] 2017-08-03T17:21:18.418814386Z: [    9.722657] IPVS: [lc] scheduler registered.
[STDOUT  ] 2017-08-03T17:21:18.419328813Z: [    9.723172] IPVS: [wlc] scheduler registered.
[STDOUT  ] 2017-08-03T17:21:18.41982871Z: [    9.723677] IPVS: [fo] scheduler registered.
[STDOUT  ] 2017-08-03T17:21:18.420334754Z: [    9.724176] IPVS: [ovf] scheduler registered.
[STDOUT  ] 2017-08-03T17:21:18.421031289Z: [    9.724856] IPVS: [lblc] scheduler registered.
[STDOUT  ] 2017-08-03T17:21:18.421745066Z: [    9.725556] IPVS: [lblcr] scheduler registered.
[STDOUT  ] 2017-08-03T17:21:18.422272086Z: [    9.726118] IPVS: [dh] scheduler registered.
[STDOUT  ] 2017-08-03T17:21:18.422772194Z: [    9.726624] IPVS: [sh] scheduler registered.
[STDOUT  ] 2017-08-03T17:21:18.42327911Z: [    9.727122] IPVS: [sed] scheduler registered.
[STDOUT  ] 2017-08-03T17:21:18.423775188Z: [    9.727628] IPVS: [nq] scheduler registered.
[STDOUT  ] 2017-08-03T17:21:18.42501186Z: [    9.728781] IPVS: ftp: loaded support on port[0] = 21
[STDOUT  ] 2017-08-03T17:21:18.426855747Z: [    9.730572] ipip: IPv4 and MPLS over IPv4 tunneling driver
[STDOUT  ] 2017-08-03T17:21:18.433661107Z: [    9.737410] gre: GRE over IPv4 demultiplexor driver
[STDOUT  ] 2017-08-03T17:21:18.438738656Z: [    9.742455] ip_tables: (C) 2000-2006 Netfilter Core Team
[STDOUT  ] 2017-08-03T17:21:18.44422468Z: [    9.747834] ipt_CLUSTERIP: ClusterIP Version 0.8 loaded successfully
[STDOUT  ] 2017-08-03T17:21:18.445529412Z: [    9.749227] arp_tables: arp_tables: (C) 2002 David S. Miller
[STDOUT  ] 2017-08-03T17:21:18.449965816Z: [    9.753757] NET: Registered protocol family 10
[STDOUT  ] 2017-08-03T17:21:18.466080412Z: [    9.769655] ip6_tables: (C) 2000-2006 Netfilter Core Team
[STDOUT  ] 2017-08-03T17:21:18.481981671Z: [    9.785681] NET: Registered protocol family 17
[STDOUT  ] 2017-08-03T17:21:18.483900578Z: [    9.787678] Bridge firewalling registered
[STDOUT  ] 2017-08-03T17:21:18.484862124Z: [    9.788694] Ebtables v2.0 registered
[STDOUT  ] 2017-08-03T17:21:18.490489872Z: [    9.794260] 8021q: 802.1Q VLAN Support v1.8
[STDOUT  ] 2017-08-03T17:21:18.493050665Z: [    9.796823] 9pnet: Installing 9P2000 support
[STDOUT  ] 2017-08-03T17:21:18.496210533Z: [    9.799968] Key type dns_resolver registered
[STDOUT  ] 2017-08-03T17:21:18.498073646Z: [    9.801815] microcode: AMD CPU family 0x6 not supported
[STDOUT  ] 2017-08-03T17:21:18.504532596Z: [    9.808313] registered taskstats version 1
[STDOUT  ] 2017-08-03T17:21:18.537213321Z: [    9.840728] tsc: Refined TSC clocksource calibration: 2300.031 MHz
[STDOUT  ] 2017-08-03T17:21:18.538628313Z: [    9.841755] clocksource: tsc: mask: 0xffffffffffffffff max_cycles: 0x212752a6dd1, max_idle_ns: 440795291434 ns
[STDOUT  ] 2017-08-03T17:21:18.597963494Z: [    9.901563] ata5: SATA link down (SStatus 0 SControl 300)
[STDOUT  ] 2017-08-03T17:21:18.601791906Z: [    9.905424] ata4: SATA link down (SStatus 0 SControl 300)
[STDOUT  ] 2017-08-03T17:21:18.60327618Z: [    9.906812] ata3: SATA link up 1.5 Gbps (SStatus 113 SControl 300)
[STDOUT  ] 2017-08-03T17:21:18.607874884Z: [    9.911450] ata2: SATA link up 1.5 Gbps (SStatus 113 SControl 300)
[STDOUT  ] 2017-08-03T17:21:18.611085331Z: [    9.914786] ata2.00: ATA-7: QEMU HARDDISK, 2.5+, max UDMA/100
[STDOUT  ] 2017-08-03T17:21:18.611879185Z: [    9.915495] ata2.00: 46500 sectors, multi 16: LBA48 NCQ (depth 31/32)
[STDOUT  ] 2017-08-03T17:21:18.612584082Z: [    9.916436] ata2.00: applying bridge limits
[STDOUT  ] 2017-08-03T17:21:18.615372356Z: [    9.919206] ata2.00: configured for UDMA/100
[STDOUT  ] 2017-08-03T17:21:18.616756266Z: [    9.920413] ata1: SATA link up 1.5 Gbps (SStatus 113 SControl 300)
[STDOUT  ] 2017-08-03T17:21:18.617679566Z: [    9.921353] ata1.00: ATA-7: QEMU HARDDISK, 2.5+, max UDMA/100
[STDOUT  ] 2017-08-03T17:21:18.618398802Z: [    9.922033] ata1.00: 409600 sectors, multi 16: LBA48 NCQ (depth 31/32)
[STDOUT  ] 2017-08-03T17:21:18.618907172Z: [    9.922765] ata1.00: applying bridge limits
[STDOUT  ] 2017-08-03T17:21:18.619743496Z: [    9.923581] ata1.00: configured for UDMA/100
[STDOUT  ] 2017-08-03T17:21:18.623226983Z: [    9.926940] ata6: SATA link down (SStatus 0 SControl 300)
[STDOUT  ] 2017-08-03T17:21:18.64039894Z: [    9.944003] ata3.00: ATAPI: QEMU DVD-ROM, 2.5+, max UDMA/100
[STDOUT  ] 2017-08-03T17:21:18.641065009Z: [    9.944851] ata3.00: applying bridge limits
[STDOUT  ] 2017-08-03T17:21:18.64213866Z: [    9.945882] ata3.00: configured for UDMA/100
[STDOUT  ] 2017-08-03T17:21:18.659891444Z: [    9.963207] scsi 0:0:0:0: Direct-Access     ATA      QEMU HARDDISK    2.5+ PQ: 0 ANSI: 5
[STDOUT  ] 2017-08-03T17:21:18.681190642Z: [    9.984611] sd 0:0:0:0: [sda] 409600 512-byte logical blocks: (210 MB/200 MiB)
[STDOUT  ] 2017-08-03T17:21:18.691691611Z: [    9.995412] sd 0:0:0:0: Attached scsi generic sg0 type 0
[STDOUT  ] 2017-08-03T17:21:18.695620257Z: [    9.999391] sd 0:0:0:0: [sda] Write Protect is off
[STDOUT  ] 2017-08-03T17:21:18.710371862Z: [   10.013714] sd 0:0:0:0: [sda] Write cache: enabled, read cache: enabled, doesn't support DPO or FUA
[STDOUT  ] 2017-08-03T17:21:18.713570002Z: [   10.017029] scsi 1:0:0:0: Direct-Access     ATA      QEMU HARDDISK    2.5+ PQ: 0 ANSI: 5
[STDOUT  ] 2017-08-03T17:21:18.720633879Z: [   10.024145] sd 1:0:0:0: [sdb] 46500 512-byte logical blocks: (23.8 MB/22.7 MiB)
[STDOUT  ] 2017-08-03T17:21:18.72302553Z: [   10.026811] sd 1:0:0:0: [sdb] Write Protect is off
[STDOUT  ] 2017-08-03T17:21:18.727504327Z: [   10.030823] sd 1:0:0:0: [sdb] Write cache: enabled, read cache: enabled, doesn't support DPO or FUA
[STDOUT  ] 2017-08-03T17:21:18.73661924Z: [   10.040348] sd 1:0:0:0: Attached scsi generic sg1 type 0
[STDOUT  ] 2017-08-03T17:21:18.750303784Z: [   10.053761] scsi 2:0:0:0: CD-ROM            QEMU     QEMU DVD-ROM     2.5+ PQ: 0 ANSI: 5
[STDOUT  ] 2017-08-03T17:21:18.78470516Z: [   10.088150] sr 2:0:0:0: [sr0] scsi3-mmc drive: 4x/4x cd/rw xa/form2 tray
[STDOUT  ] 2017-08-03T17:21:18.785747653Z: [   10.089416] cdrom: Uniform CD-ROM driver Revision: 3.20
[STDOUT  ] 2017-08-03T17:21:18.822004569Z: [   10.125687] sd 1:0:0:0: [sdb] Attached SCSI disk
[STDOUT  ] 2017-08-03T17:21:18.824623745Z: [   10.128264] sr 2:0:0:0: Attached scsi generic sg2 type 5
[STDOUT  ] 2017-08-03T17:21:18.828252206Z: [   10.131958] sd 0:0:0:0: [sda] Attached SCSI disk
[STDOUT  ] 2017-08-03T17:21:18.962726275Z: [   10.266450] Key type big_key registered
[STDOUT  ] 2017-08-03T17:21:19.049941406Z: [   10.353654] Key type encrypted registered
[STDOUT  ] 2017-08-03T17:21:19.058960496Z: [   10.362384] rtc_cmos 00:00: setting system clock to 2017-08-03 17:21:18 UTC (1501780878)
[STDOUT  ] 2017-08-03T17:21:19.320929232Z: [   10.624213] Freeing unused kernel memory: 1380K (ffffffff86d57000 - ffffffff86eb0000)
[STDOUT  ] 2017-08-03T17:21:19.3218215Z: [   10.625409] Write protecting the kernel read-only data: 12288k
[STDOUT  ] 2017-08-03T17:21:19.333668928Z: [   10.637112] Freeing unused kernel memory: 148K (ffff99fe2f7db000 - ffff99fe2f800000)
[STDOUT  ] 2017-08-03T17:21:19.557565387Z: [   10.860812] Freeing unused kernel memory: 1400K (ffff99fe2faa2000 - ffff99fe2fc00000)
[STDOUT  ] 2017-08-03T17:21:19.560930388Z: [   10.864591] clocksource: Switched to clocksource tsc
[STDOUT  ] 2017-08-03T17:21:29.191146049Z: 
[STDOUT  ] 2017-08-03T17:21:29.191657134Z: Welcome to LinuxKit
[STDOUT  ] 2017-08-03T17:21:29.191745948Z: 
[STDOUT  ] 2017-08-03T17:21:29.19206607Z:                         ##         .
[STDOUT  ] 2017-08-03T17:21:29.192375718Z:                   ## ## ##        ==
[STDOUT  ] 2017-08-03T17:21:29.192753202Z:                ## ## ## ## ##    ===
[STDOUT  ] 2017-08-03T17:21:29.193068465Z:            /"""""""""""""""""\___/ ===
[STDOUT  ] 2017-08-03T17:21:29.193391635Z:           {                       /  ===-
[STDOUT  ] 2017-08-03T17:21:29.193704802Z:            \______ O           __/
[STDOUT  ] 2017-08-03T17:21:29.193976459Z:              \    \         __/
[STDOUT  ] 2017-08-03T17:21:29.194237912Z:               \____\_______/
[STDOUT  ] 2017-08-03T17:21:29.194317699Z: 
[STDOUT  ] 2017-08-03T17:21:31.949685037Z: [   23.253661]  sda:
[STDOUT  ] 2017-08-03T17:21:32.003240043Z: [   23.307241]  sda:
[STDOUT  ] 2017-08-03T17:21:32.028812413Z: [   23.332764]  sda: sda1
[STDOUT  ] 2017-08-03T17:21:32.092557308Z: [   23.396503]  sda: sda1
[STDERR  ] 2017-08-03T17:21:58.667164333Z: main-loop: WARNING: I/O thread spun for 1000 iterations
[STDOUT  ] 2017-08-03T17:21:58.801511567Z: [   50.105311] EXT4-fs (sda1): couldn't mount as ext3 due to feature incompatibilities
[STDOUT  ] 2017-08-03T17:21:58.807895553Z: [   50.111725] EXT4-fs (sda1): couldn't mount as ext2 due to feature incompatibilities
[STDOUT  ] 2017-08-03T17:21:58.83098034Z: [   50.134773] EXT4-fs (sda1): mounted filesystem with ordered data mode. Opts: (null)
[STDOUT  ] 2017-08-03T17:22:00.201502119Z: /mnt is device /dev/sda1
[STDOUT  ] 2017-08-03T17:22:00.247591234Z: [   51.549558] extlinux: sending ioctl 4c05 to a partition!
[STDOUT  ] 2017-08-03T17:22:00.248848046Z: [   51.552534] extlinux: sending ioctl 4c03 to a partition!
[STDOUT  ] 2017-08-03T17:22:01.059525594Z: [   52.363149] umount: sending ioctl 4c01 to a partition!
[STDOUT  ] 2017-08-03T17:22:01.109883575Z: 1+0 records in
[STDOUT  ] 2017-08-03T17:22:01.110326647Z: 1+0 records out
[STDOUT  ] 2017-08-03T17:22:01.182107509Z: The bootable flag on partition 1 is enabled now.
[STDOUT  ] 2017-08-03T17:22:01.196594087Z: [   52.500641]  sda: sda1
[STDOUT  ] 2017-08-03T17:22:01.214264852Z: 
[STDOUT  ] 2017-08-03T17:22:01.21460309Z: The partition table has been altered.
[STDOUT  ] 2017-08-03T17:22:01.214960994Z: Calling ioctl() to re-read partition table.
[STDOUT  ] 2017-08-03T17:22:01.215152002Z: Syncing disks.
[STDOUT  ] 2017-08-03T17:22:32.980901658Z: [   84.283792] sd 1:0:0:0: [sdb] Synchronizing SCSI cache
[STDOUT  ] 2017-08-03T17:22:32.981906271Z: [   84.285837] sd 1:0:0:0: [sdb] Stopping disk
[STDOUT  ] 2017-08-03T17:22:32.982783477Z: [   84.286633] sd 0:0:0:0: [sda] Synchronizing SCSI cache
[STDOUT  ] 2017-08-03T17:22:32.983379191Z: [   84.287294] sd 0:0:0:0: [sda] Stopping disk
[STDOUT  ] 2017-08-03T17:22:32.986206433Z: [   84.290008] ACPI: Preparing to enter system sleep state S5
[STDOUT  ] 2017-08-03T17:22:32.987789335Z: [   84.291768] reboot: Power down
[STDERR  ] 2017-08-03T17:22:33.115543917Z: + linuxkit run qemu disk.qcow2
[STDERR  ] 2017-08-03T17:22:33.147014845Z: Using existing disk [disk.qcow2] format 
[STDOUT  ] 2017-08-03T17:22:38.579396686Z: [    0.000000] Linux version 4.9.40-linuxkit (root@e1ede117fb1e) (gcc version 6.3.0 (Alpine 6.3.0) ) #1 SMP Wed Aug 2 16:32:58 UTC 2017
[STDOUT  ] 2017-08-03T17:22:38.58063873Z: [    0.000000] Command line: BOOT_IMAGE=/kernel console=ttyS0 initrd=/initrd.img
[STDOUT  ] 2017-08-03T17:22:38.581306149Z: [    0.000000] x86/fpu: Legacy x87 FPU detected.
[STDOUT  ] 2017-08-03T17:22:38.582095632Z: [    0.000000] x86/fpu: Using 'eager' FPU context switches.
[STDOUT  ] 2017-08-03T17:22:38.582799892Z: [    0.000000] e820: BIOS-provided physical RAM map:
[STDOUT  ] 2017-08-03T17:22:38.583785795Z: [    0.000000] BIOS-e820: [mem 0x0000000000000000-0x000000000009fbff] usable
[STDOUT  ] 2017-08-03T17:22:38.584864988Z: [    0.000000] BIOS-e820: [mem 0x000000000009fc00-0x000000000009ffff] reserved
[STDOUT  ] 2017-08-03T17:22:38.585873163Z: [    0.000000] BIOS-e820: [mem 0x00000000000f0000-0x00000000000fffff] reserved
[STDOUT  ] 2017-08-03T17:22:38.586833338Z: [    0.000000] BIOS-e820: [mem 0x0000000000100000-0x000000003ffdefff] usable
[STDOUT  ] 2017-08-03T17:22:38.587755337Z: [    0.000000] BIOS-e820: [mem 0x000000003ffdf000-0x000000003fffffff] reserved
[STDOUT  ] 2017-08-03T17:22:38.588651121Z: [    0.000000] BIOS-e820: [mem 0x00000000b0000000-0x00000000bfffffff] reserved
[STDOUT  ] 2017-08-03T17:22:38.589537718Z: [    0.000000] BIOS-e820: [mem 0x00000000fed1c000-0x00000000fed1ffff] reserved
[STDOUT  ] 2017-08-03T17:22:38.590411929Z: [    0.000000] BIOS-e820: [mem 0x00000000fffc0000-0x00000000ffffffff] reserved
[STDOUT  ] 2017-08-03T17:22:38.591033107Z: [    0.000000] NX (Execute Disable) protection: active
[STDOUT  ] 2017-08-03T17:22:38.591458861Z: [    0.000000] SMBIOS 2.8 present.
[STDOUT  ] 2017-08-03T17:22:38.5922318Z: [    0.000000] e820: last_pfn = 0x3ffdf max_arch_pfn = 0x400000000
[STDOUT  ] 2017-08-03T17:22:38.593116803Z: [    0.000000] x86/PAT: Configuration [0-7]: WB  WC  UC- UC  WB  WC  UC- WT  
[STDOUT  ] 2017-08-03T17:22:38.594124308Z: [    0.000000] found SMP MP-table at [mem 0x000f6aa0-0x000f6aaf] mapped at [ffff91cbc00f6aa0]
[STDOUT  ] 2017-08-03T17:22:38.594725048Z: [    0.000000] RAMDISK: [mem 0x3ef6c000-0x3ffdefff]
[STDOUT  ] 2017-08-03T17:22:38.595434529Z: [    0.000000] ACPI: Early table checksum verification disabled
[STDOUT  ] 2017-08-03T17:22:38.596150327Z: [    0.000000] ACPI: RSDP 0x00000000000F68C0 000014 (v00 BOCHS )
[STDOUT  ] 2017-08-03T17:22:38.597189027Z: [    0.000000] ACPI: RSDT 0x000000003FFE2404 000034 (v01 BOCHS  BXPCRSDT 00000001 BXPC 00000001)
[STDOUT  ] 2017-08-03T17:22:38.598278823Z: [    0.000000] ACPI: FACP 0x000000003FFE22A4 000074 (v01 BOCHS  BXPCFACP 00000001 BXPC 00000001)
[STDOUT  ] 2017-08-03T17:22:38.599322028Z: [    0.000000] ACPI: DSDT 0x000000003FFE0040 002264 (v01 BOCHS  BXPCDSDT 00000001 BXPC 00000001)
[STDOUT  ] 2017-08-03T17:22:38.599912712Z: [    0.000000] ACPI: FACS 0x000000003FFE0000 000040
[STDOUT  ] 2017-08-03T17:22:38.600965996Z: [    0.000000] ACPI: APIC 0x000000003FFE2318 000078 (v01 BOCHS  BXPCAPIC 00000001 BXPC 00000001)
[STDOUT  ] 2017-08-03T17:22:38.602007592Z: [    0.000000] ACPI: HPET 0x000000003FFE2390 000038 (v01 BOCHS  BXPCHPET 00000001 BXPC 00000001)
[STDOUT  ] 2017-08-03T17:22:38.603047556Z: [    0.000000] ACPI: MCFG 0x000000003FFE23C8 00003C (v01 BOCHS  BXPCMCFG 00000001 BXPC 00000001)
[STDOUT  ] 2017-08-03T17:22:38.60339943Z: [    0.000000] Zone ranges:
[STDOUT  ] 2017-08-03T17:22:38.604180306Z: [    0.000000]   DMA      [mem 0x0000000000001000-0x0000000000ffffff]
[STDOUT  ] 2017-08-03T17:22:38.604955852Z: [    0.000000]   DMA32    [mem 0x0000000001000000-0x000000003ffdefff]
[STDOUT  ] 2017-08-03T17:22:38.605346928Z: [    0.000000]   Normal   empty
[STDOUT  ] 2017-08-03T17:22:38.605891443Z: [    0.000000] Movable zone start for each node
[STDOUT  ] 2017-08-03T17:22:38.606361208Z: [    0.000000] Early memory node ranges
[STDOUT  ] 2017-08-03T17:22:38.607140136Z: [    0.000000]   node   0: [mem 0x0000000000001000-0x000000000009efff]
[STDOUT  ] 2017-08-03T17:22:38.60795477Z: [    0.000000]   node   0: [mem 0x0000000000100000-0x000000003ffdefff]
[STDOUT  ] 2017-08-03T17:22:38.608829542Z: [    0.000000] Initmem setup node 0 [mem 0x0000000000001000-0x000000003ffdefff]
[STDOUT  ] 2017-08-03T17:22:38.609354334Z: [    0.000000] ACPI: PM-Timer IO Port: 0x608
[STDOUT  ] 2017-08-03T17:22:38.610075085Z: [    0.000000] ACPI: LAPIC_NMI (acpi_id[0xff] dfl dfl lint[0x1])
[STDOUT  ] 2017-08-03T17:22:38.610932031Z: [    0.000000] IOAPIC[0]: apic_id 0, version 32, address 0xfec00000, GSI 0-23
[STDOUT  ] 2017-08-03T17:22:38.611721228Z: [    0.000000] ACPI: INT_SRC_OVR (bus 0 bus_irq 0 global_irq 2 dfl dfl)
[STDOUT  ] 2017-08-03T17:22:38.6125431Z: [    0.000000] ACPI: INT_SRC_OVR (bus 0 bus_irq 5 global_irq 5 high level)
[STDOUT  ] 2017-08-03T17:22:38.613368043Z: [    0.000000] ACPI: INT_SRC_OVR (bus 0 bus_irq 9 global_irq 9 high level)
[STDOUT  ] 2017-08-03T17:22:38.614207411Z: [    0.000000] ACPI: INT_SRC_OVR (bus 0 bus_irq 10 global_irq 10 high level)
[STDOUT  ] 2017-08-03T17:22:38.61505289Z: [    0.000000] ACPI: INT_SRC_OVR (bus 0 bus_irq 11 global_irq 11 high level)
[STDOUT  ] 2017-08-03T17:22:38.615797976Z: [    0.000000] Using ACPI (MADT) for SMP configuration information
[STDOUT  ] 2017-08-03T17:22:38.616452778Z: [    0.000000] ACPI: HPET id: 0x8086a201 base: 0xfed00000
[STDOUT  ] 2017-08-03T17:22:38.617083072Z: [    0.000000] smpboot: Allowing 1 CPUs, 0 hotplug CPUs
[STDOUT  ] 2017-08-03T17:22:38.617948251Z: [    0.000000] e820: [mem 0x40000000-0xafffffff] available for PCI devices
[STDOUT  ] 2017-08-03T17:22:38.618654477Z: [    0.000000] Booting paravirtualized kernel on bare hardware
[STDOUT  ] 2017-08-03T17:22:38.619921456Z: [    0.000000] clocksource: refined-jiffies: mask: 0xffffffff max_cycles: 0xffffffff, max_idle_ns: 19112604462750000 ns
[STDOUT  ] 2017-08-03T17:22:38.620884097Z: [    0.000000] setup_percpu: NR_CPUS:128 nr_cpumask_bits:128 nr_cpu_ids:1 nr_node_ids:1
[STDOUT  ] 2017-08-03T17:22:38.621898182Z: [    0.000000] percpu: Embedded 35 pages/cpu @ffff91cbfec00000 s105240 r8192 d29928 u2097152
[STDOUT  ] 2017-08-03T17:22:38.622881872Z: [    0.000000] Built 1 zonelists in Zone order, mobility grouping on.  Total pages: 257896
[STDOUT  ] 2017-08-03T17:22:38.6238306Z: [    0.000000] Kernel command line: BOOT_IMAGE=/kernel console=ttyS0 initrd=/initrd.img
[STDOUT  ] 2017-08-03T17:22:38.624580156Z: [    0.000000] PID hash table entries: 4096 (order: 3, 32768 bytes)
[STDOUT  ] 2017-08-03T17:22:38.625460792Z: [    0.000000] Dentry cache hash table entries: 131072 (order: 8, 1048576 bytes)
[STDOUT  ] 2017-08-03T17:22:38.626308553Z: [    0.000000] Inode-cache hash table entries: 65536 (order: 7, 524288 bytes)
[STDOUT  ] 2017-08-03T17:22:38.627962131Z: [    0.000000] Memory: 997328K/1048052K available (8027K kernel code, 1366K rwdata, 2696K rodata, 1380K init, 568K bss, 50724K reserved, 0K cma-reserved)
[STDOUT  ] 2017-08-03T17:22:38.628520077Z: [    0.000000] Hierarchical RCU implementation.
[STDOUT  ] 2017-08-03T17:22:38.629190606Z: [    0.000000] 	Build-time adjustment of leaf fanout to 64.
[STDOUT  ] 2017-08-03T17:22:38.629964876Z: [    0.000000] 	RCU restricting CPUs from NR_CPUS=128 to nr_cpu_ids=1.
[STDOUT  ] 2017-08-03T17:22:38.630805444Z: [    0.000000] RCU: Adjusting geometry for rcu_fanout_leaf=64, nr_cpu_ids=1
[STDOUT  ] 2017-08-03T17:22:38.631309533Z: [    0.000000] NR_IRQS:8448 nr_irqs:256 16
[STDOUT  ] 2017-08-03T17:22:38.631799117Z: [    0.000000] Console: colour VGA+ 80x25
[STDOUT  ] 2017-08-03T17:22:38.632399538Z: [    0.000000] console [ttyS0] enabled
[STDOUT  ] 2017-08-03T17:22:38.638558208Z: [    0.000000] clocksource: hpet: mask: 0xffffffff max_cycles: 0xffffffff, max_idle_ns: 19112604467 ns
[STDOUT  ] 2017-08-03T17:22:38.719774934Z: [    0.000000] tsc: Unable to calibrate against PIT
[STDOUT  ] 2017-08-03T17:22:38.720640103Z: [    0.000000] tsc: using HPET reference calibration
[STDOUT  ] 2017-08-03T17:22:38.721721879Z: [    0.000000] tsc: Detected 2300.096 MHz processor
[STDOUT  ] 2017-08-03T17:22:38.726632629Z: [    0.052778] Calibrating delay loop (skipped), value calculated using timer frequency.. 4600.19 BogoMIPS (lpj=23000960)
[STDOUT  ] 2017-08-03T17:22:38.727575642Z: [    0.054884] pid_max: default: 32768 minimum: 301
[STDOUT  ] 2017-08-03T17:22:38.729161515Z: [    0.056640] ACPI: Core revision 20160831
[STDOUT  ] 2017-08-03T17:22:38.805764133Z: [    0.134103] ACPI: 1 ACPI AML tables successfully acquired and loaded
[STDOUT  ] 2017-08-03T17:22:38.812173188Z: [    0.140876] Security Framework initialized
[STDOUT  ] 2017-08-03T17:22:38.812881729Z: [    0.141691] Yama: becoming mindful.
[STDOUT  ] 2017-08-03T17:22:38.816814372Z: [    0.145296] Mount-cache hash table entries: 2048 (order: 2, 16384 bytes)
[STDOUT  ] 2017-08-03T17:22:38.817839744Z: [    0.146267] Mountpoint-cache hash table entries: 2048 (order: 2, 16384 bytes)
[STDOUT  ] 2017-08-03T17:22:38.850543564Z: [    0.179050] Last level iTLB entries: 4KB 0, 2MB 0, 4MB 0
[STDOUT  ] 2017-08-03T17:22:38.851724466Z: [    0.180124] Last level dTLB entries: 4KB 0, 2MB 0, 4MB 0, 1GB 0
[STDOUT  ] 2017-08-03T17:22:39.313608152Z: [    0.641685] Freeing SMP alternatives memory: 20K (ffffffffabeb0000 - ffffffffabeb5000)
[STDOUT  ] 2017-08-03T17:22:39.329953506Z: [    0.658288] ftrace: allocating 35481 entries in 139 pages
[STDOUT  ] 2017-08-03T17:22:39.846441618Z: [    0.914593] smpboot: Max logical packages: 1
[STDOUT  ] 2017-08-03T17:22:39.853524751Z: [    0.922279] ..TIMER: vector=0x30 apic1=0 pin1=2 apic2=-1 pin2=-1
[STDOUT  ] 2017-08-03T17:22:40.073580338Z: [    1.030000] smpboot: CPU0: AMD QEMU Virtual CPU version 2.5+ (family: 0x6, model: 0x6, stepping: 0x3)
[STDOUT  ] 2017-08-03T17:22:40.076101421Z: [    1.030000] Performance Events: PMU not available due to virtualization, using software events only.
[STDOUT  ] 2017-08-03T17:22:40.104457411Z: [    1.051807] NMI watchdog: disabled (cpu0): hardware events not enabled
[STDOUT  ] 2017-08-03T17:22:40.105362614Z: [    1.052775] NMI watchdog: Shutting down hard lockup detector on all cpus
[STDOUT  ] 2017-08-03T17:22:40.110215008Z: [    1.057911] x86: Booted up 1 node, 1 CPUs
[STDOUT  ] 2017-08-03T17:22:40.111232313Z: [    1.058633] smpboot: Total of 1 processors activated (4600.19 BogoMIPS)
[STDOUT  ] 2017-08-03T17:22:40.135349927Z: [    1.083056] devtmpfs: initialized
[STDOUT  ] 2017-08-03T17:22:40.144893998Z: [    1.092651] x86/mm: Memory block size: 128MB
[STDOUT  ] 2017-08-03T17:22:40.271403616Z: [    1.218448] clocksource: jiffies: mask: 0xffffffff max_cycles: 0xffffffff, max_idle_ns: 19112604462750000 ns
[STDOUT  ] 2017-08-03T17:22:40.272825254Z: [    1.220246] futex hash table entries: 256 (order: 2, 16384 bytes)
[STDOUT  ] 2017-08-03T17:22:40.287215456Z: [    1.234848] NET: Registered protocol family 16
[STDOUT  ] 2017-08-03T17:22:40.304569559Z: [    1.252234] cpuidle: using governor ladder
[STDOUT  ] 2017-08-03T17:22:40.30537726Z: [    1.253080] cpuidle: using governor menu
[STDOUT  ] 2017-08-03T17:22:40.307738369Z: [    1.255387] ACPI: bus type PCI registered
[STDOUT  ] 2017-08-03T17:22:40.313998577Z: [    1.261172] PCI: MMCONFIG for domain 0000 [bus 00-ff] at [mem 0xb0000000-0xbfffffff] (base 0xb0000000)
[STDOUT  ] 2017-08-03T17:22:40.315051771Z: [    1.262506] PCI: MMCONFIG at [mem 0xb0000000-0xbfffffff] reserved in E820
[STDOUT  ] 2017-08-03T17:22:40.317202187Z: [    1.264793] PCI: Using configuration type 1 for base access
[STDOUT  ] 2017-08-03T17:22:40.408406169Z: [    1.355824] HugeTLB registered 2 MB page size, pre-allocated 0 pages
[STDOUT  ] 2017-08-03T17:22:40.426338765Z: [    1.374043] ACPI: Added _OSI(Module Device)
[STDOUT  ] 2017-08-03T17:22:40.426999789Z: [    1.374700] ACPI: Added _OSI(Processor Device)
[STDOUT  ] 2017-08-03T17:22:40.427653723Z: [    1.375316] ACPI: Added _OSI(3.0 _SCP Extensions)
[STDOUT  ] 2017-08-03T17:22:40.428355455Z: [    1.375944] ACPI: Added _OSI(Processor Aggregator Device)
[STDOUT  ] 2017-08-03T17:22:40.5179997Z: [    1.465877] ACPI: Interpreter enabled
[STDOUT  ] 2017-08-03T17:22:40.518864693Z: [    1.466800] ACPI: (supports S0 S5)
[STDOUT  ] 2017-08-03T17:22:40.519333268Z: [    1.467167] ACPI: Using IOAPIC for interrupt routing
[STDOUT  ] 2017-08-03T17:22:40.522002067Z: [    1.469328] PCI: Using host bridge windows from ACPI; if necessary, use "pci=nocrs" and report a bug
[STDOUT  ] 2017-08-03T17:22:40.600409383Z: [    1.547858] ACPI: PCI Root Bridge [PCI0] (domain 0000 [bus 00-ff])
[STDOUT  ] 2017-08-03T17:22:40.602575175Z: [    1.549733] acpi PNP0A08:00: _OSC: OS supports [ExtendedConfig ASPM ClockPM Segments MSI]
[STDOUT  ] 2017-08-03T17:22:40.617719085Z: [    1.560228] acpi PNP0A08:00: _OSC: OS now controls [PCIeHotplug PME PCIeCapability]
[STDOUT  ] 2017-08-03T17:22:40.624747039Z: [    1.572445] PCI host bridge to bus 0000:00
[STDOUT  ] 2017-08-03T17:22:40.625872311Z: [    1.573300] pci_bus 0000:00: root bus resource [io  0x0000-0x0cf7 window]
[STDOUT  ] 2017-08-03T17:22:40.626716113Z: [    1.574222] pci_bus 0000:00: root bus resource [io  0x0d00-0xffff window]
[STDOUT  ] 2017-08-03T17:22:40.627598038Z: [    1.575006] pci_bus 0000:00: root bus resource [mem 0x000a0000-0x000bffff window]
[STDOUT  ] 2017-08-03T17:22:40.628476066Z: [    1.575894] pci_bus 0000:00: root bus resource [mem 0xc0000000-0xfebfffff window]
[STDOUT  ] 2017-08-03T17:22:40.629345919Z: [    1.576996] pci_bus 0000:00: root bus resource [bus 00-ff]
[STDOUT  ] 2017-08-03T17:22:40.801532984Z: [    1.747006] pci 0000:00:1f.0: quirk: [io  0x0600-0x067f] claimed by ICH6 ACPI/GPIO/TCO
[STDOUT  ] 2017-08-03T17:22:40.898385442Z: [    1.845549] ACPI: PCI Interrupt Link [LNKA] (IRQs 5 *10 11)
[STDOUT  ] 2017-08-03T17:22:40.902205701Z: [    1.849441] ACPI: PCI Interrupt Link [LNKB] (IRQs 5 *10 11)
[STDOUT  ] 2017-08-03T17:22:40.905566265Z: [    1.852877] ACPI: PCI Interrupt Link [LNKC] (IRQs 5 10 *11)
[STDOUT  ] 2017-08-03T17:22:40.908586639Z: [    1.856017] ACPI: PCI Interrupt Link [LNKD] (IRQs 5 10 *11)
[STDOUT  ] 2017-08-03T17:22:40.911370225Z: [    1.858798] ACPI: PCI Interrupt Link [LNKE] (IRQs 5 *10 11)
[STDOUT  ] 2017-08-03T17:22:40.914343275Z: [    1.861906] ACPI: PCI Interrupt Link [LNKF] (IRQs 5 *10 11)
[STDOUT  ] 2017-08-03T17:22:40.917114135Z: [    1.864655] ACPI: PCI Interrupt Link [LNKG] (IRQs 5 10 *11)
[STDOUT  ] 2017-08-03T17:22:40.919901947Z: [    1.867482] ACPI: PCI Interrupt Link [LNKH] (IRQs 5 10 *11)
[STDOUT  ] 2017-08-03T17:22:40.921167725Z: [    1.868830] ACPI: PCI Interrupt Link [GSIA] (IRQs *16)
[STDOUT  ] 2017-08-03T17:22:40.922385478Z: [    1.869876] ACPI: PCI Interrupt Link [GSIB] (IRQs *17)
[STDOUT  ] 2017-08-03T17:22:40.923435239Z: [    1.870632] ACPI: PCI Interrupt Link [GSIC] (IRQs *18)
[STDOUT  ] 2017-08-03T17:22:40.924456337Z: [    1.871654] ACPI: PCI Interrupt Link [GSID] (IRQs *19)
[STDOUT  ] 2017-08-03T17:22:40.925892286Z: [    1.872674] ACPI: PCI Interrupt Link [GSIE] (IRQs *20)
[STDOUT  ] 2017-08-03T17:22:40.926932578Z: [    1.874122] ACPI: PCI Interrupt Link [GSIF] (IRQs *21)
[STDOUT  ] 2017-08-03T17:22:40.928042547Z: [    1.875235] ACPI: PCI Interrupt Link [GSIG] (IRQs *22)
[STDOUT  ] 2017-08-03T17:22:40.929071276Z: [    1.876268] ACPI: PCI Interrupt Link [GSIH] (IRQs *23)
[STDOUT  ] 2017-08-03T17:22:40.935026735Z: [    1.882701] ACPI: Enabled 2 GPEs in block 00 to 3F
[STDOUT  ] 2017-08-03T17:22:40.94185323Z: [    1.889634] SCSI subsystem initialized
[STDOUT  ] 2017-08-03T17:22:40.94492814Z: [    1.892537] ACPI: bus type USB registered
[STDOUT  ] 2017-08-03T17:22:40.946872761Z: [    1.894319] usbcore: registered new interface driver usbfs
[STDOUT  ] 2017-08-03T17:22:40.948425628Z: [    1.895911] usbcore: registered new interface driver hub
[STDOUT  ] 2017-08-03T17:22:40.949679599Z: [    1.897200] usbcore: registered new device driver usb
[STDOUT  ] 2017-08-03T17:22:40.951548496Z: [    1.899069] pps_core: LinuxPPS API ver. 1 registered
[STDOUT  ] 2017-08-03T17:22:40.952630003Z: [    1.899666] pps_core: Software ver. 5.3.6 - Copyright 2005-2007 Rodolfo Giometti <giometti@linux.it>
[STDOUT  ] 2017-08-03T17:22:40.953431667Z: [    1.900287] PTP clock support registered
[STDOUT  ] 2017-08-03T17:22:40.955230283Z: [    1.902165] wmi: Mapper loaded
[STDOUT  ] 2017-08-03T17:22:40.957001198Z: [    1.903827] PCI: Using ACPI for IRQ routing
[STDOUT  ] 2017-08-03T17:22:40.989259468Z: [    1.937046] NetLabel: Initializing
[STDOUT  ] 2017-08-03T17:22:40.989857804Z: [    1.937579] NetLabel:  domain hash size = 128
[STDOUT  ] 2017-08-03T17:22:40.990527294Z: [    1.938189] NetLabel:  protocols = UNLABELED CIPSOv4
[STDOUT  ] 2017-08-03T17:22:40.994642634Z: [    1.942229] NetLabel:  unlabeled traffic allowed by default
[STDOUT  ] 2017-08-03T17:22:40.996726495Z: [    1.944151] HPET: 3 timers in total, 0 timers will be used for per-cpu timer
[STDOUT  ] 2017-08-03T17:22:40.998147409Z: [    1.945625] hpet0: at MMIO 0xfed00000, IRQs 2, 8, 0
[STDOUT  ] 2017-08-03T17:22:40.998876729Z: [    1.946510] hpet0: 3 comparators, 64-bit 100.000000 MHz counter
[STDOUT  ] 2017-08-03T17:22:41.005520079Z: [    1.952598] clocksource: Switched to clocksource hpet
[STDOUT  ] 2017-08-03T17:22:41.413750567Z: [    2.358571] VFS: Disk quotas dquot_6.6.0
[STDOUT  ] 2017-08-03T17:22:41.415441424Z: [    2.359922] VFS: Dquot-cache hash table entries: 512 (order 0, 4096 bytes)
[STDOUT  ] 2017-08-03T17:22:41.420646258Z: [    2.365645] FS-Cache: Loaded
[STDOUT  ] 2017-08-03T17:22:41.429971198Z: [    2.375004] CacheFiles: Loaded
[STDOUT  ] 2017-08-03T17:22:41.432591738Z: [    2.377628] pnp: PnP ACPI init
[STDOUT  ] 2017-08-03T17:22:41.45207939Z: [    2.396947] pnp: PnP ACPI: found 5 devices
[STDOUT  ] 2017-08-03T17:22:41.535195377Z: [    2.479426] clocksource: acpi_pm: mask: 0xffffff max_cycles: 0xffffff, max_idle_ns: 2085701024 ns
[STDOUT  ] 2017-08-03T17:22:41.54047302Z: [    2.485310] NET: Registered protocol family 2
[STDOUT  ] 2017-08-03T17:22:41.553692162Z: [    2.498339] TCP established hash table entries: 8192 (order: 4, 65536 bytes)
[STDOUT  ] 2017-08-03T17:22:41.554932523Z: [    2.499588] TCP bind hash table entries: 8192 (order: 5, 131072 bytes)
[STDOUT  ] 2017-08-03T17:22:41.556216095Z: [    2.500941] TCP: Hash tables configured (established 8192 bind 8192)
[STDOUT  ] 2017-08-03T17:22:41.559095043Z: [    2.503856] UDP hash table entries: 512 (order: 2, 16384 bytes)
[STDOUT  ] 2017-08-03T17:22:41.560047563Z: [    2.504787] UDP-Lite hash table entries: 512 (order: 2, 16384 bytes)
[STDOUT  ] 2017-08-03T17:22:41.563679523Z: [    2.508593] NET: Registered protocol family 1
[STDOUT  ] 2017-08-03T17:22:41.5658796Z: [    2.510413] pci 0000:00:01.0: Video device with shadowed ROM at [mem 0x000c0000-0x000dffff]
[STDOUT  ] 2017-08-03T17:22:41.579390849Z: [    2.524387] Unpacking initramfs...
[STDOUT  ] 2017-08-03T17:22:45.219583811Z: [    6.164043] Freeing initrd memory: 16844K (ffff91cbfef6c000 - ffff91cbfffdf000)
[STDOUT  ] 2017-08-03T17:22:45.249986492Z: [    6.194905] PCLMULQDQ-NI instructions are not detected.
[STDOUT  ] 2017-08-03T17:22:45.251303879Z: [    6.196301] AVX or AES-NI instructions are not detected.
[STDOUT  ] 2017-08-03T17:22:45.251846843Z: [    6.196822] CPU feature 'AVX registers' is not supported.
[STDOUT  ] 2017-08-03T17:22:45.252336032Z: [    6.197334] CPU feature 'AVX registers' is not supported.
[STDOUT  ] 2017-08-03T17:22:45.252857582Z: [    6.197822] CPU feature 'AVX registers' is not supported.
[STDOUT  ] 2017-08-03T17:22:45.253342118Z: [    6.198330] CPU feature 'AVX registers' is not supported.
[STDOUT  ] 2017-08-03T17:22:45.253833028Z: [    6.198802] AVX2 or AES-NI instructions are not detected.
[STDOUT  ] 2017-08-03T17:22:45.254335786Z: [    6.199308] AVX2 instructions are not detected.
[STDOUT  ] 2017-08-03T17:22:45.261487036Z: [    6.206500] audit: initializing netlink subsys (disabled)
[STDOUT  ] 2017-08-03T17:22:45.263104237Z: [    6.208081] audit: type=2000 audit(1501780964.200:1): initialized
[STDOUT  ] 2017-08-03T17:22:45.273283054Z: [    6.218227] workingset: timestamp_bits=46 max_order=18 bucket_order=0
[STDOUT  ] 2017-08-03T17:22:45.279553211Z: [    6.224566] FS-Cache: Netfs 'cifs' registered for caching
[STDOUT  ] 2017-08-03T17:22:45.28041047Z: [    6.225521] fuse init (API version 7.26)
[STDOUT  ] 2017-08-03T17:22:45.282647118Z: [    6.227604] SGI XFS with ACLs, security attributes, no debug enabled
[STDOUT  ] 2017-08-03T17:22:45.286641687Z: [    6.231628] 9p: Installing v9fs 9p2000 file system support
[STDOUT  ] 2017-08-03T17:22:45.287131785Z: [    6.232167] FS-Cache: Netfs '9p' registered for caching
[STDOUT  ] 2017-08-03T17:22:45.320166079Z: [    6.265204] NET: Registered protocol family 38
[STDOUT  ] 2017-08-03T17:22:45.320771583Z: [    6.265847] Key type asymmetric registered
[STDOUT  ] 2017-08-03T17:22:45.321237161Z: [    6.266269] Asymmetric key parser 'x509' registered
[STDOUT  ] 2017-08-03T17:22:45.322292772Z: [    6.267119] Block layer SCSI generic (bsg) driver version 0.4 loaded (major 251)
[STDOUT  ] 2017-08-03T17:22:45.323530386Z: [    6.268597] io scheduler noop registered
[STDOUT  ] 2017-08-03T17:22:45.324029887Z: [    6.269022] io scheduler deadline registered (default)
[STDOUT  ] 2017-08-03T17:22:45.324663907Z: [    6.269737] io scheduler cfq registered
[STDOUT  ] 2017-08-03T17:22:45.3293624Z: [    6.274330] pci_hotplug: PCI Hot Plug PCI Core version: 0.5
[STDOUT  ] 2017-08-03T17:22:45.330094875Z: [    6.275014] pciehp: PCI Express Hot Plug Controller Driver version: 0.4
[STDOUT  ] 2017-08-03T17:22:45.330971849Z: [    6.275886] shpchp: Standard Hot Plug PCI Controller Driver version: 0.4
[STDOUT  ] 2017-08-03T17:22:45.331688833Z: [    6.276746] hv_vmbus: registering driver hyperv_fb
[STDOUT  ] 2017-08-03T17:22:45.337116048Z: [    6.281769] input: Power Button as /devices/LNXSYSTM:00/LNXPWRBN:00/input/input0
[STDOUT  ] 2017-08-03T17:22:45.338511045Z: [    6.283503] ACPI: Power Button [PWRF]
[STDOUT  ] 2017-08-03T17:22:45.34694987Z: [    6.291905] GHES: HEST is not enabled!
[STDOUT  ] 2017-08-03T17:22:45.365751445Z: [    6.310424] ACPI: PCI Interrupt Link [GSIG] enabled at IRQ 22
[STDOUT  ] 2017-08-03T17:22:45.387939869Z: [    6.332596] ACPI: PCI Interrupt Link [GSIH] enabled at IRQ 23
[STDOUT  ] 2017-08-03T17:22:45.39546334Z: [    6.339910] xenfs: not registering filesystem on non-xen platform
[STDOUT  ] 2017-08-03T17:22:45.399103981Z: [    6.343795] Serial: 8250/16550 driver, 4 ports, IRQ sharing disabled
[STDOUT  ] 2017-08-03T17:22:45.429508533Z: [    6.374010] 00:04: ttyS0 at I/O 0x3f8 (irq = 4, base_baud = 115200) is a 16550A
[STDOUT  ] 2017-08-03T17:22:45.448097887Z: [    6.392950] Non-volatile memory driver v1.3
[STDOUT  ] 2017-08-03T17:22:45.460555321Z: [    6.404889] Hangcheck: starting hangcheck timer 0.9.1 (tick is 180 seconds, margin is 60 seconds).
[STDOUT  ] 2017-08-03T17:22:45.466082873Z: [    6.411018] random: fast init done
[STDOUT  ] 2017-08-03T17:22:45.468299805Z: [    6.413239] random: crng init done
[STDOUT  ] 2017-08-03T17:22:45.528431847Z: [    6.473374] loop: module loaded
[STDOUT  ] 2017-08-03T17:22:45.553503869Z: [    6.498311] nbd: registered device at major 43
[STDOUT  ] 2017-08-03T17:22:45.633519012Z: [    6.578121] lpc_ich 0000:00:1f.0: I/O space for GPIO uninitialized
[STDOUT  ] 2017-08-03T17:22:45.636961453Z: [    6.581743] VMware PVSCSI driver - version 1.0.7.0-k
[STDOUT  ] 2017-08-03T17:22:45.638393052Z: [    6.583168] hv_vmbus: registering driver hv_storvsc
[STDOUT  ] 2017-08-03T17:22:45.656491582Z: [    6.601087] ACPI: PCI Interrupt Link [GSIA] enabled at IRQ 16
[STDOUT  ] 2017-08-03T17:22:45.668798569Z: [    6.613194] ahci 0000:00:1f.2: AHCI 0001.0000 32 slots 6 ports 1.5 Gbps 0x3f impl SATA mode
[STDOUT  ] 2017-08-03T17:22:45.669722661Z: [    6.614495] ahci 0000:00:1f.2: flags: 64bit ncq only 
[STDOUT  ] 2017-08-03T17:22:45.705063263Z: [    6.649966] scsi host0: ahci
[STDOUT  ] 2017-08-03T17:22:45.712599039Z: [    6.657604] scsi host1: ahci
[STDOUT  ] 2017-08-03T17:22:45.716842513Z: [    6.661892] scsi host2: ahci
[STDOUT  ] 2017-08-03T17:22:45.720639646Z: [    6.665690] scsi host3: ahci
[STDOUT  ] 2017-08-03T17:22:45.724382167Z: [    6.669408] scsi host4: ahci
[STDOUT  ] 2017-08-03T17:22:45.728204088Z: [    6.673252] scsi host5: ahci
[STDOUT  ] 2017-08-03T17:22:45.731610263Z: [    6.676235] ata1: SATA max UDMA/133 abar m4096@0xfebd2000 port 0xfebd2100 irq 24
[STDOUT  ] 2017-08-03T17:22:45.732511164Z: [    6.677143] ata2: SATA max UDMA/133 abar m4096@0xfebd2000 port 0xfebd2180 irq 24
[STDOUT  ] 2017-08-03T17:22:45.733320532Z: [    6.677961] ata3: SATA max UDMA/133 abar m4096@0xfebd2000 port 0xfebd2200 irq 24
[STDOUT  ] 2017-08-03T17:22:45.734133579Z: [    6.678771] ata4: SATA max UDMA/133 abar m4096@0xfebd2000 port 0xfebd2280 irq 24
[STDOUT  ] 2017-08-03T17:22:45.735028877Z: [    6.679580] ata5: SATA max UDMA/133 abar m4096@0xfebd2000 port 0xfebd2300 irq 24
[STDOUT  ] 2017-08-03T17:22:45.736035808Z: [    6.680668] ata6: SATA max UDMA/133 abar m4096@0xfebd2000 port 0xfebd2380 irq 24
[STDOUT  ] 2017-08-03T17:22:45.758353917Z: [    6.703089] tun: Universal TUN/TAP device driver, 1.6
[STDOUT  ] 2017-08-03T17:22:45.759184495Z: [    6.703813] tun: (C) 1999-2004 Max Krasnyansky <maxk@qualcomm.com>
[STDOUT  ] 2017-08-03T17:22:45.777357687Z: [    6.721940] VMware vmxnet3 virtual NIC driver - version 1.4.a.0-k-NAPI
[STDOUT  ] 2017-08-03T17:22:45.778747957Z: [    6.723549] hv_vmbus: registering driver hv_netvsc
[STDOUT  ] 2017-08-03T17:22:45.779365956Z: [    6.724253] Fusion MPT base driver 3.04.20
[STDOUT  ] 2017-08-03T17:22:45.780026419Z: [    6.724811] Copyright (c) 1999-2008 LSI Corporation
[STDOUT  ] 2017-08-03T17:22:45.781074958Z: [    6.725917] Fusion MPT SPI Host driver 3.04.20
[STDOUT  ] 2017-08-03T17:22:45.785460277Z: [    6.729822] i8042: PNP: PS/2 Controller [PNP0303:KBD,PNP0f13:MOU] at 0x60,0x64 irq 1,12
[STDOUT  ] 2017-08-03T17:22:45.792179795Z: [    6.737028] serio: i8042 KBD port at 0x60,0x64 irq 1
[STDOUT  ] 2017-08-03T17:22:45.793149294Z: [    6.738000] serio: i8042 AUX port at 0x60,0x64 irq 12
[STDOUT  ] 2017-08-03T17:22:45.797129802Z: [    6.741948] hv_vmbus: registering driver hyperv_keyboard
[STDOUT  ] 2017-08-03T17:22:45.801792499Z: [    6.746580] mousedev: PS/2 mouse device common for all mice
[STDOUT  ] 2017-08-03T17:22:45.810275012Z: [    6.754781] input: AT Translated Set 2 keyboard as /devices/platform/i8042/serio0/input/input1
[STDOUT  ] 2017-08-03T17:22:45.814588492Z: [    6.759293] input: PC Speaker as /devices/platform/pcspkr/input/input2
[STDOUT  ] 2017-08-03T17:22:45.820332756Z: [    6.765220] rtc_cmos 00:00: RTC can wake from S4
[STDOUT  ] 2017-08-03T17:22:45.826131454Z: [    6.770874] rtc_cmos 00:00: rtc core: registered rtc_cmos as rtc0
[STDOUT  ] 2017-08-03T17:22:45.828187367Z: [    6.772798] rtc_cmos 00:00: alarms up to one day, y3k, 114 bytes nvram, hpet irqs
[STDOUT  ] 2017-08-03T17:22:45.828923537Z: [    6.773931] i2c /dev entries driver
[STDOUT  ] 2017-08-03T17:22:45.832294692Z: [    6.776810] device-mapper: ioctl: 4.35.0-ioctl (2016-06-23) initialised: dm-devel@redhat.com
[STDOUT  ] 2017-08-03T17:22:45.839865602Z: [    6.784667] usbcore: registered new interface driver usbhid
[STDOUT  ] 2017-08-03T17:22:45.840360462Z: [    6.785334] usbhid: USB HID core driver
[STDOUT  ] 2017-08-03T17:22:45.841391654Z: [    6.786230] hv_utils: Registering HyperV Utility Driver
[STDOUT  ] 2017-08-03T17:22:45.841939556Z: [    6.786847] hv_vmbus: registering driver hv_util
[STDOUT  ] 2017-08-03T17:22:45.842506513Z: [    6.787386] hv_vmbus: registering driver hv_balloon
[STDOUT  ] 2017-08-03T17:22:45.843580073Z: [    6.788522] oprofile: using NMI interrupt.
[STDOUT  ] 2017-08-03T17:22:45.845444064Z: [    6.790471] GACT probability on
[STDOUT  ] 2017-08-03T17:22:45.84635848Z: [    6.791338] Mirror/redirect action on
[STDOUT  ] 2017-08-03T17:22:45.847858608Z: [    6.792860] Simple TC action Loaded
[STDOUT  ] 2017-08-03T17:22:45.848718117Z: [    6.793791] u32 classifier
[STDOUT  ] 2017-08-03T17:22:45.849180415Z: [    6.794161]     Performance counters on
[STDOUT  ] 2017-08-03T17:22:45.849618167Z: [    6.794621]     input device check on
[STDOUT  ] 2017-08-03T17:22:45.850038546Z: [    6.795062]     Actions configured
[STDOUT  ] 2017-08-03T17:22:45.851081798Z: [    6.795969] Netfilter messages via NETLINK v0.30.
[STDOUT  ] 2017-08-03T17:22:45.851976951Z: [    6.796853] nfnl_acct: registering with nfnetlink.
[STDOUT  ] 2017-08-03T17:22:45.854173315Z: [    6.798931] nf_conntrack version 0.5.0 (8192 buckets, 32768 max)
[STDOUT  ] 2017-08-03T17:22:45.859644497Z: [    6.804463] ctnetlink v0.93: registering with nfnetlink.
[STDOUT  ] 2017-08-03T17:22:45.864979465Z: [    6.809616] nf_tables: (c) 2007-2009 Patrick McHardy <kaber@trash.net>
[STDOUT  ] 2017-08-03T17:22:45.866742414Z: [    6.811379] nf_tables_compat: (c) 2012 Pablo Neira Ayuso <pablo@netfilter.org>
[STDOUT  ] 2017-08-03T17:22:45.870349491Z: [    6.815263] xt_time: kernel timezone is -0000
[STDOUT  ] 2017-08-03T17:22:45.871090683Z: [    6.816138] ip_set: protocol 6
[STDOUT  ] 2017-08-03T17:22:45.87239507Z: [    6.817155] IPVS: Registered protocols (TCP, UDP, SCTP, AH, ESP)
[STDOUT  ] 2017-08-03T17:22:45.873455112Z: [    6.818089] IPVS: Connection hash table configured (size=4096, memory=64Kbytes)
[STDOUT  ] 2017-08-03T17:22:45.876530119Z: [    6.821427] IPVS: Creating netns size=2104 id=0
[STDOUT  ] 2017-08-03T17:22:45.881011341Z: [    6.826025] IPVS: ipvs loaded.
[STDOUT  ] 2017-08-03T17:22:45.881674598Z: [    6.826607] IPVS: [rr] scheduler registered.
[STDOUT  ] 2017-08-03T17:22:45.882247604Z: [    6.827176] IPVS: [wrr] scheduler registered.
[STDOUT  ] 2017-08-03T17:22:45.882759524Z: [    6.827695] IPVS: [lc] scheduler registered.
[STDOUT  ] 2017-08-03T17:22:45.883273697Z: [    6.828204] IPVS: [wlc] scheduler registered.
[STDOUT  ] 2017-08-03T17:22:45.883782566Z: [    6.828720] IPVS: [fo] scheduler registered.
[STDOUT  ] 2017-08-03T17:22:45.884296784Z: [    6.829228] IPVS: [ovf] scheduler registered.
[STDOUT  ] 2017-08-03T17:22:45.885090801Z: [    6.829928] IPVS: [lblc] scheduler registered.
[STDOUT  ] 2017-08-03T17:22:45.886234235Z: [    6.831130] IPVS: [lblcr] scheduler registered.
[STDOUT  ] 2017-08-03T17:22:45.886775912Z: [    6.831709] IPVS: [dh] scheduler registered.
[STDOUT  ] 2017-08-03T17:22:45.887306862Z: [    6.832224] IPVS: [sh] scheduler registered.
[STDOUT  ] 2017-08-03T17:22:45.88786501Z: [    6.832763] IPVS: [sed] scheduler registered.
[STDOUT  ] 2017-08-03T17:22:45.88837534Z: [    6.833314] IPVS: [nq] scheduler registered.
[STDOUT  ] 2017-08-03T17:22:45.889595136Z: [    6.834451] IPVS: ftp: loaded support on port[0] = 21
[STDOUT  ] 2017-08-03T17:22:45.891057929Z: [    6.835869] ipip: IPv4 and MPLS over IPv4 tunneling driver
[STDOUT  ] 2017-08-03T17:22:45.898205632Z: [    6.843074] gre: GRE over IPv4 demultiplexor driver
[STDOUT  ] 2017-08-03T17:22:45.902564348Z: [    6.847371] ip_tables: (C) 2000-2006 Netfilter Core Team
[STDOUT  ] 2017-08-03T17:22:45.908514525Z: [    6.853205] ipt_CLUSTERIP: ClusterIP Version 0.8 loaded successfully
[STDOUT  ] 2017-08-03T17:22:45.90966204Z: [    6.854458] arp_tables: arp_tables: (C) 2002 David S. Miller
[STDOUT  ] 2017-08-03T17:22:45.913502174Z: [    6.858399] NET: Registered protocol family 10
[STDOUT  ] 2017-08-03T17:22:45.926401076Z: [    6.871404] ip6_tables: (C) 2000-2006 Netfilter Core Team
[STDOUT  ] 2017-08-03T17:22:45.935437841Z: [    6.880484] NET: Registered protocol family 17
[STDOUT  ] 2017-08-03T17:22:45.936447471Z: [    6.881550] Bridge firewalling registered
[STDOUT  ] 2017-08-03T17:22:45.936944137Z: [    6.882078] Ebtables v2.0 registered
[STDOUT  ] 2017-08-03T17:22:45.938895403Z: [    6.883972] 8021q: 802.1Q VLAN Support v1.8
[STDOUT  ] 2017-08-03T17:22:45.940535406Z: [    6.885619] 9pnet: Installing 9P2000 support
[STDOUT  ] 2017-08-03T17:22:45.941966043Z: [    6.887052] Key type dns_resolver registered
[STDOUT  ] 2017-08-03T17:22:45.942940059Z: [    6.887967] microcode: AMD CPU family 0x6 not supported
[STDOUT  ] 2017-08-03T17:22:45.946750699Z: [    6.891822] registered taskstats version 1
[STDOUT  ] 2017-08-03T17:22:46.068344413Z: [    7.012994] ata2: SATA link down (SStatus 0 SControl 300)
[STDOUT  ] 2017-08-03T17:22:46.073066405Z: [    7.017718] ata1: SATA link up 1.5 Gbps (SStatus 113 SControl 300)
[STDOUT  ] 2017-08-03T17:22:46.077952435Z: [    7.022737] ata5: SATA link down (SStatus 0 SControl 300)
[STDOUT  ] 2017-08-03T17:22:46.078780892Z: [    7.023601] ata4: SATA link down (SStatus 0 SControl 300)
[STDOUT  ] 2017-08-03T17:22:46.079705629Z: [    7.024412] ata3: SATA link up 1.5 Gbps (SStatus 113 SControl 300)
[STDOUT  ] 2017-08-03T17:22:46.082698537Z: [    7.027391] ata3.00: ATAPI: QEMU DVD-ROM, 2.5+, max UDMA/100
[STDOUT  ] 2017-08-03T17:22:46.083506899Z: [    7.028446] ata3.00: applying bridge limits
[STDOUT  ] 2017-08-03T17:22:46.085840592Z: [    7.030658] ata6: SATA link down (SStatus 0 SControl 300)
[STDOUT  ] 2017-08-03T17:22:46.092046996Z: [    7.036809] ata1.00: ATA-7: QEMU HARDDISK, 2.5+, max UDMA/100
[STDOUT  ] 2017-08-03T17:22:46.092817139Z: [    7.037535] ata1.00: 409600 sectors, multi 16: LBA48 NCQ (depth 31/32)
[STDOUT  ] 2017-08-03T17:22:46.093459198Z: [    7.038404] ata1.00: applying bridge limits
[STDOUT  ] 2017-08-03T17:22:46.095194864Z: [    7.040037] ata1.00: configured for UDMA/100
[STDOUT  ] 2017-08-03T17:22:46.099358432Z: [    7.044279] ata3.00: configured for UDMA/100
[STDOUT  ] 2017-08-03T17:22:46.139883888Z: [    7.084276] scsi 0:0:0:0: Direct-Access     ATA      QEMU HARDDISK    2.5+ PQ: 0 ANSI: 5
[STDOUT  ] 2017-08-03T17:22:46.159423763Z: [    7.103936] sd 0:0:0:0: [sda] 409600 512-byte logical blocks: (210 MB/200 MiB)
[STDOUT  ] 2017-08-03T17:22:46.172442549Z: [    7.117208] sd 0:0:0:0: [sda] Write Protect is off
[STDOUT  ] 2017-08-03T17:22:46.174101352Z: [    7.118830] sd 0:0:0:0: Attached scsi generic sg0 type 0
[STDOUT  ] 2017-08-03T17:22:46.186913221Z: [    7.131333] sd 0:0:0:0: [sda] Write cache: enabled, read cache: enabled, doesn't support DPO or FUA
[STDOUT  ] 2017-08-03T17:22:46.197585575Z: [    7.142105] scsi 2:0:0:0: CD-ROM            QEMU     QEMU DVD-ROM     2.5+ PQ: 0 ANSI: 5
[STDOUT  ] 2017-08-03T17:22:46.221258849Z: [    7.165821] sr 2:0:0:0: [sr0] scsi3-mmc drive: 4x/4x cd/rw xa/form2 tray
[STDOUT  ] 2017-08-03T17:22:46.222288632Z: [    7.167033] cdrom: Uniform CD-ROM driver Revision: 3.20
[STDOUT  ] 2017-08-03T17:22:46.247551085Z: [    7.192590]  sda: sda1
[STDOUT  ] 2017-08-03T17:22:46.256288718Z: [    7.200895] tsc: Refined TSC clocksource calibration: 2300.033 MHz
[STDOUT  ] 2017-08-03T17:22:46.257532877Z: [    7.201853] clocksource: tsc: mask: 0xffffffffffffffff max_cycles: 0x212754430cb, max_idle_ns: 440795210690 ns
[STDOUT  ] 2017-08-03T17:22:46.258755548Z: [    7.203571] sr 2:0:0:0: Attached scsi generic sg1 type 5
[STDOUT  ] 2017-08-03T17:22:46.287711299Z: [    7.232474] sd 0:0:0:0: [sda] Attached SCSI disk
[STDOUT  ] 2017-08-03T17:22:46.324895397Z: [    7.269724] Key type big_key registered
[STDOUT  ] 2017-08-03T17:22:46.410482415Z: [    7.355309] Key type encrypted registered
[STDOUT  ] 2017-08-03T17:22:46.419478125Z: [    7.363963] rtc_cmos 00:00: setting system clock to 2017-08-03 17:22:46 UTC (1501780966)
[STDOUT  ] 2017-08-03T17:22:46.683413892Z: [    7.627789] Freeing unused kernel memory: 1380K (ffffffffabd57000 - ffffffffabeb0000)
[STDOUT  ] 2017-08-03T17:22:46.684311191Z: [    7.628993] Write protecting the kernel read-only data: 12288k
[STDOUT  ] 2017-08-03T17:22:46.693292343Z: [    7.638120] Freeing unused kernel memory: 148K (ffff91cbec7db000 - ffff91cbec800000)
[STDOUT  ] 2017-08-03T17:22:46.837675546Z: [    7.782049] Freeing unused kernel memory: 1400K (ffff91cbecaa2000 - ffff91cbecc00000)
[STDOUT  ] 2017-08-03T17:22:47.275164108Z: [    8.219794] clocksource: Switched to clocksource tsc
[STDOUT  ] 2017-08-03T17:22:55.298180345Z: 
[STDOUT  ] 2017-08-03T17:22:55.298787176Z: Welcome to LinuxKit
[STDOUT  ] 2017-08-03T17:22:55.298883078Z: 
[STDOUT  ] 2017-08-03T17:22:55.299281184Z:                         ##         .
[STDOUT  ] 2017-08-03T17:22:55.299686173Z:                   ## ## ##        ==
[STDOUT  ] 2017-08-03T17:22:55.300107623Z:                ## ## ## ## ##    ===
[STDOUT  ] 2017-08-03T17:22:55.300517766Z:            /"""""""""""""""""\___/ ===
[STDOUT  ] 2017-08-03T17:22:55.300983165Z:           {                       /  ===-
[STDOUT  ] 2017-08-03T17:22:55.301370078Z:            \______ O           __/
[STDOUT  ] 2017-08-03T17:22:55.301743303Z:              \    \         __/
[STDOUT  ] 2017-08-03T17:22:55.302081361Z:               \____\_______/
[STDOUT  ] 2017-08-03T17:22:55.302174261Z: 
[STDOUT  ] 2017-08-03T17:23:27.606151621Z: [   48.550724] sd 0:0:0:0: [sda] Synchronizing SCSI cache
[STDOUT  ] 2017-08-03T17:23:27.60728251Z: [   48.552341] sd 0:0:0:0: [sda] Stopping disk
[STDOUT  ] 2017-08-03T17:23:27.610486827Z: [   48.555472] ACPI: Preparing to enter system sleep state S5
[STDOUT  ] 2017-08-03T17:23:27.611666647Z: [   48.556805] reboot: Power down
[STDERR  ] 2017-08-03T17:23:27.697764554Z: + exit 0
[STDERR  ] 2017-08-03T17:23:27.697831081Z: + clean_up
[STDERR  ] 2017-08-03T17:23:27.697844123Z: + find . -depth -iname run* -not -iname *.yml -exec rm -rf {} ;
[STDERR  ] 2017-08-03T17:23:27.710540447Z: + find . -depth -iname mkimage* -not -iname *.yml -exec rm -rf {} ;
[STDERR  ] 2017-08-03T17:23:27.724700935Z: + find . -depth -iname disk.qcow2* -not -iname *.yml -exec rm -rf {} ;
[STDERR  ] 2017-08-03T17:23:27.740235554Z: + rm -f tarball.img
[PASS    ] linuxkit.packages.mkimage 185.10s
