[INFO    ] 2017-06-06T12:07:37.129331985Z: Running Test linuxkit.kernel.config_4.11.x in /tmp/build/test/cases/020_kernel/003_config_4.11.x
[INFO    ] 2017-06-06T12:07:37.129400359Z: Running command: [/bin/sh -x /tmp/build/test/cases/020_kernel/003_config_4.11.x/test.sh]
[STDERR  ] 2017-06-06T12:07:37.147651149Z: + set -e
[STDERR  ] 2017-06-06T12:07:37.147707198Z: + . /tmp/build/test/cases/_lib/lib.sh
[STDERR  ] 2017-06-06T12:07:37.147775047Z: + [ -f src/github.com/linuxkit/rtf/lib/lib.sh ]
[STDERR  ] 2017-06-06T12:07:37.147845935Z: + LINUXKIT_TMPDIR=/tmp/build/test/cases/_tmp
[STDERR  ] 2017-06-06T12:07:37.14787251Z: + [ -f /tmp/build/test/cases/_tmp/env.sh ]
[STDERR  ] 2017-06-06T12:07:37.147914078Z: + . /tmp/build/test/cases/_tmp/env.sh
[STDERR  ] 2017-06-06T12:07:37.147949583Z: + export LINUXKIT_EXAMPLES_DIR=/tmp/build/test/cases/../../examples
[STDERR  ] 2017-06-06T12:07:37.14798506Z: + RT_CANCEL=253
[STDERR  ] 2017-06-06T12:07:37.148016777Z: + trap clean_up EXIT
[STDERR  ] 2017-06-06T12:07:37.148049429Z: + moby build -output kernel+initrd test-kernel-config
[STDERR  ] 2017-06-06T12:07:37.161322747Z: Extract kernel image: linuxkit/kernel:4.11.x
[STDERR  ] 2017-06-06T12:07:39.46107193Z: Pull image: docker.io/linuxkit/kernel:4.11.x@sha256:e01ddc910283e8f4489caaff1d07ccb93cfd3cd4ef9bd82cd4df79d388351117
[STDERR  ] 2017-06-06T12:07:44.218912116Z: Add init containers:
[STDERR  ] 2017-06-06T12:07:44.218998601Z: Process init image: linuxkit/init:1b8a7e394d2ec2f1fdb4d67645829d1b5bdca037
[STDERR  ] 2017-06-06T12:07:45.382339162Z: Process init image: linuxkit/runc:3a4e6cbf15470f62501b019b55e1caac5ee7689f
[STDERR  ] 2017-06-06T12:07:46.598768541Z: Process init image: linuxkit/containerd:deaf5bf838bf7f131c2287ecff3ed9835b0497e2
[STDERR  ] 2017-06-06T12:07:48.210631553Z: Add onboot containers:
[STDERR  ] 2017-06-06T12:07:48.210724055Z:   Create OCI config for linuxkit/test-kernel-config:ecff41279ccbc408079a3996a956432651c6eb9c
[STDERR  ] 2017-06-06T12:07:49.627862733Z:   Create OCI config for linuxkit/poweroff:7404cf2295df89ccfa2dda41997a28307a90cf28
[STDERR  ] 2017-06-06T12:07:50.824841791Z: Create outputs:
[STDERR  ] 2017-06-06T12:07:56.800789172Z:   test-kernel-config-kernel test-kernel-config-initrd.img test-kernel-config-cmdline
[STDERR  ] 2017-06-06T12:07:56.859154471Z: + linuxkit run qemu test-kernel-config
[STDERR  ] 2017-06-06T12:07:56.87276251Z: Unable to find qemu-system-x86_64 within the $PATH. Using a container
[STDERR  ] 2017-06-06T12:08:40.803564235Z: + RESULT=[    0.000000] Linux version 4.11.3-linuxkit (root@84baa8e89c00) (gcc version 6.2.1 20160822 (Alpine 6.2.1) ) #1 SMP Tue May 30 11:32:52 UTC 2017
[STDERR  ] 2017-06-06T12:08:40.803617072Z: [    0.000000] Command line: console=ttyS0
[STDERR  ] 2017-06-06T12:08:40.803629906Z: [    0.000000] x86/fpu: x87 FPU will use FXSAVE
[STDERR  ] 2017-06-06T12:08:40.803635912Z: [    0.000000] e820: BIOS-provided physical RAM map:
[STDERR  ] 2017-06-06T12:08:40.803642934Z: [    0.000000] BIOS-e820: [mem 0x0000000000000000-0x000000000009fbff] usable
[STDERR  ] 2017-06-06T12:08:40.803647049Z: [    0.000000] BIOS-e820: [mem 0x000000000009fc00-0x000000000009ffff] reserved
[STDERR  ] 2017-06-06T12:08:40.803659494Z: [    0.000000] BIOS-e820: [mem 0x00000000000f0000-0x00000000000fffff] reserved
[STDERR  ] 2017-06-06T12:08:40.803664234Z: [    0.000000] BIOS-e820: [mem 0x0000000000100000-0x000000003ffdefff] usable
[STDERR  ] 2017-06-06T12:08:40.803678744Z: [    0.000000] BIOS-e820: [mem 0x000000003ffdf000-0x000000003fffffff] reserved
[STDERR  ] 2017-06-06T12:08:40.803701273Z: [    0.000000] BIOS-e820: [mem 0x00000000b0000000-0x00000000bfffffff] reserved
[STDERR  ] 2017-06-06T12:08:40.803708438Z: [    0.000000] BIOS-e820: [mem 0x00000000fed1c000-0x00000000fed1ffff] reserved
[STDERR  ] 2017-06-06T12:08:40.803720073Z: [    0.000000] BIOS-e820: [mem 0x00000000fffc0000-0x00000000ffffffff] reserved
[STDERR  ] 2017-06-06T12:08:40.803723321Z: [    0.000000] NX (Execute Disable) protection: active
[STDERR  ] 2017-06-06T12:08:40.803732786Z: [    0.000000] SMBIOS 2.8 present.
[STDERR  ] 2017-06-06T12:08:40.803742137Z: [    0.000000] DMI: QEMU Standard PC (Q35 + ICH9, 2009), BIOS rel-1.10.2-0-g5f4c7b1-prebuilt.qemu-project.org 04/01/2014
[STDERR  ] 2017-06-06T12:08:40.803762996Z: [    0.000000] e820: last_pfn = 0x3ffdf max_arch_pfn = 0x400000000
[STDERR  ] 2017-06-06T12:08:40.803770742Z: [    0.000000] x86/PAT: Configuration [0-7]: WB  WC  UC- UC  WB  WC  UC- WT  
[STDERR  ] 2017-06-06T12:08:40.803781213Z: [    0.000000] found SMP MP-table at [mem 0x000f6aa0-0x000f6aaf] mapped at [ffff9863800f6aa0]
[STDERR  ] 2017-06-06T12:08:40.803786853Z: [    0.000000] RAMDISK: [mem 0x3df86000-0x3ffcffff]
[STDERR  ] 2017-06-06T12:08:40.803792108Z: [    0.000000] ACPI: Early table checksum verification disabled
[STDERR  ] 2017-06-06T12:08:40.803797249Z: [    0.000000] ACPI: RSDP 0x00000000000F68C0 000014 (v00 BOCHS )
[STDERR  ] 2017-06-06T12:08:40.803804191Z: [    0.000000] ACPI: RSDT 0x000000003FFE2404 000034 (v01 BOCHS  BXPCRSDT 00000001 BXPC 00000001)
[STDERR  ] 2017-06-06T12:08:40.803809432Z: [    0.000000] ACPI: FACP 0x000000003FFE22A4 000074 (v01 BOCHS  BXPCFACP 00000001 BXPC 00000001)
[STDERR  ] 2017-06-06T12:08:40.803814456Z: [    0.000000] ACPI: DSDT 0x000000003FFE0040 002264 (v01 BOCHS  BXPCDSDT 00000001 BXPC 00000001)
[STDERR  ] 2017-06-06T12:08:40.803821373Z: [    0.000000] ACPI: FACS 0x000000003FFE0000 000040
[STDERR  ] 2017-06-06T12:08:40.803826758Z: [    0.000000] ACPI: APIC 0x000000003FFE2318 000078 (v01 BOCHS  BXPCAPIC 00000001 BXPC 00000001)
[STDERR  ] 2017-06-06T12:08:40.803831611Z: [    0.000000] ACPI: HPET 0x000000003FFE2390 000038 (v01 BOCHS  BXPCHPET 00000001 BXPC 00000001)
[STDERR  ] 2017-06-06T12:08:40.803834182Z: [    0.000000] ACPI: MCFG 0x000000003FFE23C8 00003C (v01 BOCHS  BXPCMCFG 00000001 BXPC 00000001)
[STDERR  ] 2017-06-06T12:08:40.803841486Z: [    0.000000] Zone ranges:
[STDERR  ] 2017-06-06T12:08:40.80384398Z: [    0.000000]   DMA      [mem 0x0000000000001000-0x0000000000ffffff]
[STDERR  ] 2017-06-06T12:08:40.8038512Z: [    0.000000]   DMA32    [mem 0x0000000001000000-0x000000003ffdefff]
[STDERR  ] 2017-06-06T12:08:40.803853855Z: [    0.000000]   Normal   empty
[STDERR  ] 2017-06-06T12:08:40.803860966Z: [    0.000000] Movable zone start for each node
[STDERR  ] 2017-06-06T12:08:40.803865781Z: [    0.000000] Early memory node ranges
[STDERR  ] 2017-06-06T12:08:40.803870755Z: [    0.000000]   node   0: [mem 0x0000000000001000-0x000000000009efff]
[STDERR  ] 2017-06-06T12:08:40.803875599Z: [    0.000000]   node   0: [mem 0x0000000000100000-0x000000003ffdefff]
[STDERR  ] 2017-06-06T12:08:40.803880497Z: [    0.000000] Initmem setup node 0 [mem 0x0000000000001000-0x000000003ffdefff]
[STDERR  ] 2017-06-06T12:08:40.803885337Z: [    0.000000] ACPI: PM-Timer IO Port: 0x608
[STDERR  ] 2017-06-06T12:08:40.803887853Z: [    0.000000] ACPI: LAPIC_NMI (acpi_id[0xff] dfl dfl lint[0x1])
[STDERR  ] 2017-06-06T12:08:40.803898336Z: [    0.000000] IOAPIC[0]: apic_id 0, version 32, address 0xfec00000, GSI 0-23
[STDERR  ] 2017-06-06T12:08:40.803900901Z: [    0.000000] ACPI: INT_SRC_OVR (bus 0 bus_irq 0 global_irq 2 dfl dfl)
[STDERR  ] 2017-06-06T12:08:40.803905624Z: [    0.000000] ACPI: INT_SRC_OVR (bus 0 bus_irq 5 global_irq 5 high level)
[STDERR  ] 2017-06-06T12:08:40.803916152Z: [    0.000000] ACPI: INT_SRC_OVR (bus 0 bus_irq 9 global_irq 9 high level)
[STDERR  ] 2017-06-06T12:08:40.803918759Z: [    0.000000] ACPI: INT_SRC_OVR (bus 0 bus_irq 10 global_irq 10 high level)
[STDERR  ] 2017-06-06T12:08:40.803926029Z: [    0.000000] ACPI: INT_SRC_OVR (bus 0 bus_irq 11 global_irq 11 high level)
[STDERR  ] 2017-06-06T12:08:40.803928495Z: [    0.000000] Using ACPI (MADT) for SMP configuration information
[STDERR  ] 2017-06-06T12:08:40.803936011Z: [    0.000000] ACPI: HPET id: 0x8086a201 base: 0xfed00000
[STDERR  ] 2017-06-06T12:08:40.80394124Z: [    0.000000] smpboot: Allowing 1 CPUs, 0 hotplug CPUs
[STDERR  ] 2017-06-06T12:08:40.803946081Z: [    0.000000] e820: [mem 0x40000000-0xafffffff] available for PCI devices
[STDERR  ] 2017-06-06T12:08:40.803953375Z: [    0.000000] Booting paravirtualized kernel on bare hardware
[STDERR  ] 2017-06-06T12:08:40.803958485Z: [    0.000000] clocksource: refined-jiffies: mask: 0xffffffff max_cycles: 0xffffffff, max_idle_ns: 19112604462750000 ns
[STDERR  ] 2017-06-06T12:08:40.803974944Z: [    0.000000] setup_percpu: NR_CPUS:128 nr_cpumask_bits:128 nr_cpu_ids:1 nr_node_ids:1
[STDERR  ] 2017-06-06T12:08:40.803980086Z: [    0.000000] percpu: Embedded 37 pages/cpu @ffff9863bdc00000 s113368 r8192 d29992 u2097152
[STDERR  ] 2017-06-06T12:08:40.803985611Z: [    0.000000] Built 1 zonelists in Zone order, mobility grouping on.  Total pages: 257896
[STDERR  ] 2017-06-06T12:08:40.803990707Z: [    0.000000] Kernel command line: console=ttyS0
[STDERR  ] 2017-06-06T12:08:40.803997195Z: [    0.000000] PID hash table entries: 4096 (order: 3, 32768 bytes)
[STDERR  ] 2017-06-06T12:08:40.803999864Z: [    0.000000] Dentry cache hash table entries: 131072 (order: 8, 1048576 bytes)
[STDERR  ] 2017-06-06T12:08:40.804007011Z: [    0.000000] Inode-cache hash table entries: 65536 (order: 7, 524288 bytes)
[STDERR  ] 2017-06-06T12:08:40.80401515Z: [    0.000000] Memory: 978688K/1048052K available (9676K kernel code, 1603K rwdata, 3156K rodata, 1480K init, 592K bss, 69364K reserved, 0K cma-reserved)
[STDERR  ] 2017-06-06T12:08:40.804020224Z: [    0.000000] Hierarchical RCU implementation.
[STDERR  ] 2017-06-06T12:08:40.804025109Z: [    0.000000] 	Build-time adjustment of leaf fanout to 64.
[STDERR  ] 2017-06-06T12:08:40.804029953Z: [    0.000000] 	RCU restricting CPUs from NR_CPUS=128 to nr_cpu_ids=1.
[STDERR  ] 2017-06-06T12:08:40.80403704Z: [    0.000000] RCU: Adjusting geometry for rcu_fanout_leaf=64, nr_cpu_ids=1
[STDERR  ] 2017-06-06T12:08:40.804039638Z: [    0.000000] NR_IRQS:8448 nr_irqs:256 16
[STDERR  ] 2017-06-06T12:08:40.804044464Z: [    0.000000] Console: colour VGA+ 80x25
[STDERR  ] 2017-06-06T12:08:40.80405192Z: [    0.000000] console [ttyS0] enabled
[STDERR  ] 2017-06-06T12:08:40.804056965Z: [    0.000000] clocksource: hpet: mask: 0xffffffff max_cycles: 0xffffffff, max_idle_ns: 19112604467 ns
[STDERR  ] 2017-06-06T12:08:40.80406429Z: [    0.010000] tsc: Fast TSC calibration failed
[STDERR  ] 2017-06-06T12:08:40.804069229Z: [    0.050000] tsc: Unable to calibrate against PIT
[STDERR  ] 2017-06-06T12:08:40.804071868Z: [    0.050000] tsc: using HPET reference calibration
[STDERR  ] 2017-06-06T12:08:40.804079039Z: [    0.050000] tsc: Detected 2599.898 MHz processor
[STDERR  ] 2017-06-06T12:08:40.804084012Z: [    0.050000] Calibrating delay loop (skipped), value calculated using timer frequency.. 5199.79 BogoMIPS (lpj=25998980)
[STDERR  ] 2017-06-06T12:08:40.804086603Z: [    0.050000] pid_max: default: 32768 minimum: 301
[STDERR  ] 2017-06-06T12:08:40.804096405Z: [    0.060725] ACPI: Core revision 20170119
[STDERR  ] 2017-06-06T12:08:40.804101319Z: [    0.115467] ACPI: 1 ACPI AML tables successfully acquired and loaded
[STDERR  ] 2017-06-06T12:08:40.804106252Z: [    0.119667] Security Framework initialized
[STDERR  ] 2017-06-06T12:08:40.804111053Z: [    0.120419] Yama: becoming mindful.
[STDERR  ] 2017-06-06T12:08:40.804115927Z: [    0.122807] Mount-cache hash table entries: 2048 (order: 2, 16384 bytes)
[STDERR  ] 2017-06-06T12:08:40.804120819Z: [    0.123729] Mountpoint-cache hash table entries: 2048 (order: 2, 16384 bytes)
[STDERR  ] 2017-06-06T12:08:40.804123385Z: [    0.143371] Last level iTLB entries: 4KB 0, 2MB 0, 4MB 0
[STDERR  ] 2017-06-06T12:08:40.804130439Z: [    0.144141] Last level dTLB entries: 4KB 0, 2MB 0, 4MB 0, 1GB 0
[STDERR  ] 2017-06-06T12:08:40.804135196Z: [    0.495048] Freeing SMP alternatives memory: 24K
[STDERR  ] 2017-06-06T12:08:40.804139997Z: [    0.504973] ftrace: allocating 42598 entries in 167 pages
[STDERR  ] 2017-06-06T12:08:40.804144757Z: [    0.697042] smpboot: Max logical packages: 1
[STDERR  ] 2017-06-06T12:08:40.804147126Z: [    0.704152] ..TIMER: vector=0x30 apic1=0 pin1=2 apic2=-1 pin2=-1
[STDERR  ] 2017-06-06T12:08:40.80415449Z: [    0.810000] smpboot: CPU0: AMD QEMU Virtual CPU version 2.5+ (family: 0x6, model: 0x6, stepping: 0x3)
[STDERR  ] 2017-06-06T12:08:40.804159618Z: [    0.810000] Performance Events: PMU not available due to virtualization, using software events only.
[STDERR  ] 2017-06-06T12:08:40.804164796Z: [    0.818899] NMI watchdog: disabled (cpu0): hardware events not enabled
[STDERR  ] 2017-06-06T12:08:40.804172177Z: [    0.819717] NMI watchdog: Shutting down hard lockup detector on all cpus
[STDERR  ] 2017-06-06T12:08:40.804179648Z: [    0.822552] smp: Bringing up secondary CPUs ...
[STDERR  ] 2017-06-06T12:08:40.804186314Z: [    0.823280] smp: Brought up 1 node, 1 CPU
[STDERR  ] 2017-06-06T12:08:40.804191309Z: [    0.823939] smpboot: Total of 1 processors activated (5199.79 BogoMIPS)
[STDERR  ] 2017-06-06T12:08:40.804196197Z: [    0.830707] sched_clock: Marking stable (830000000, 0)->(1064860061, -234860061)
[STDERR  ] 2017-06-06T12:08:40.804201225Z: [    0.841733] devtmpfs: initialized
[STDERR  ] 2017-06-06T12:08:40.804206105Z: [    0.846619] x86/mm: Memory block size: 128MB
[STDERR  ] 2017-06-06T12:08:40.804211135Z: [    0.908702] clocksource: jiffies: mask: 0xffffffff max_cycles: 0xffffffff, max_idle_ns: 19112604462750000 ns
[STDERR  ] 2017-06-06T12:08:40.804217314Z: [    0.911079] futex hash table entries: 256 (order: 2, 16384 bytes)
[STDERR  ] 2017-06-06T12:08:40.80422003Z: [    0.921003] NET: Registered protocol family 16
[STDERR  ] 2017-06-06T12:08:40.804227736Z: [    0.929022] cpuidle: using governor ladder
[STDERR  ] 2017-06-06T12:08:40.80423514Z: [    0.930133] cpuidle: using governor menu
[STDERR  ] 2017-06-06T12:08:40.80423783Z: [    0.930755] PCCT header not found.
[STDERR  ] 2017-06-06T12:08:40.804245046Z: [    0.932109] ACPI: bus type PCI registered
[STDERR  ] 2017-06-06T12:08:40.804247529Z: [    0.935124] PCI: MMCONFIG for domain 0000 [bus 00-ff] at [mem 0xb0000000-0xbfffffff] (base 0xb0000000)
[STDERR  ] 2017-06-06T12:08:40.80425852Z: [    0.936460] PCI: MMCONFIG at [mem 0xb0000000-0xbfffffff] reserved in E820
[STDERR  ] 2017-06-06T12:08:40.804263571Z: [    0.938085] PCI: Using configuration type 1 for base access
[STDERR  ] 2017-06-06T12:08:40.804268356Z: [    0.988261] HugeTLB registered 2 MB page size, pre-allocated 0 pages
[STDERR  ] 2017-06-06T12:08:40.804275767Z: [    1.000071] ACPI: Added _OSI(Module Device)
[STDERR  ] 2017-06-06T12:08:40.804280687Z: [    1.000669] ACPI: Added _OSI(Processor Device)
[STDERR  ] 2017-06-06T12:08:40.804283112Z: [    1.001118] ACPI: Added _OSI(3.0 _SCP Extensions)
[STDERR  ] 2017-06-06T12:08:40.804292618Z: [    1.001569] ACPI: Added _OSI(Processor Aggregator Device)
[STDERR  ] 2017-06-06T12:08:40.804297637Z: [    1.077762] ACPI: Interpreter enabled
[STDERR  ] 2017-06-06T12:08:40.804304969Z: [    1.079117] ACPI: (supports S0 S5)
[STDERR  ] 2017-06-06T12:08:40.804309809Z: [    1.080205] ACPI: Using IOAPIC for interrupt routing
[STDERR  ] 2017-06-06T12:08:40.804317051Z: [    1.082628] PCI: Using host bridge windows from ACPI; if necessary, use "pci=nocrs" and report a bug
[STDERR  ] 2017-06-06T12:08:40.804322089Z: [    1.144854] ACPI: PCI Root Bridge [PCI0] (domain 0000 [bus 00-ff])
[STDERR  ] 2017-06-06T12:08:40.804326933Z: [    1.146385] acpi PNP0A08:00: _OSC: OS supports [ExtendedConfig ASPM ClockPM Segments MSI]
[STDERR  ] 2017-06-06T12:08:40.804331843Z: [    1.152427] acpi PNP0A08:00: _OSC: OS now controls [PCIeHotplug PME PCIeCapability]
[STDERR  ] 2017-06-06T12:08:40.804336774Z: [    1.156752] PCI host bridge to bus 0000:00
[STDERR  ] 2017-06-06T12:08:40.804341663Z: [    1.157639] pci_bus 0000:00: root bus resource [io  0x0000-0x0cf7 window]
[STDERR  ] 2017-06-06T12:08:40.804344184Z: [    1.158343] pci_bus 0000:00: root bus resource [io  0x0d00-0xffff window]
[STDERR  ] 2017-06-06T12:08:40.804349001Z: [    1.158991] pci_bus 0000:00: root bus resource [mem 0x000a0000-0x000bffff window]
[STDERR  ] 2017-06-06T12:08:40.804357964Z: [    1.160034] pci_bus 0000:00: root bus resource [mem 0xc0000000-0xfebfffff window]
[STDERR  ] 2017-06-06T12:08:40.804360603Z: [    1.160994] pci_bus 0000:00: root bus resource [bus 00-ff]
[STDERR  ] 2017-06-06T12:08:40.80436796Z: [    1.281045] pci 0000:00:1f.0: quirk: [io  0x0600-0x067f] claimed by ICH6 ACPI/GPIO/TCO
[STDERR  ] 2017-06-06T12:08:40.804374686Z: [    1.353872] ACPI: PCI Interrupt Link [LNKA] (IRQs 5 *10 11)
[STDERR  ] 2017-06-06T12:08:40.804384772Z: [    1.356265] ACPI: PCI Interrupt Link [LNKB] (IRQs 5 *10 11)
[STDERR  ] 2017-06-06T12:08:40.804389765Z: [    1.358231] ACPI: PCI Interrupt Link [LNKC] (IRQs 5 10 *11)
[STDERR  ] 2017-06-06T12:08:40.804392347Z: [    1.360381] ACPI: PCI Interrupt Link [LNKD] (IRQs 5 10 *11)
[STDERR  ] 2017-06-06T12:08:40.80439713Z: [    1.362249] ACPI: PCI Interrupt Link [LNKE] (IRQs 5 *10 11)
[STDERR  ] 2017-06-06T12:08:40.80440457Z: [    1.364118] ACPI: PCI Interrupt Link [LNKF] (IRQs 5 *10 11)
[STDERR  ] 2017-06-06T12:08:40.804409444Z: [    1.365985] ACPI: PCI Interrupt Link [LNKG] (IRQs 5 10 *11)
[STDERR  ] 2017-06-06T12:08:40.804416739Z: [    1.367862] ACPI: PCI Interrupt Link [LNKH] (IRQs 5 10 *11)
[STDERR  ] 2017-06-06T12:08:40.804421521Z: [    1.368943] ACPI: PCI Interrupt Link [GSIA] (IRQs *16)
[STDERR  ] 2017-06-06T12:08:40.804423944Z: [    1.370003] ACPI: PCI Interrupt Link [GSIB] (IRQs *17)
[STDERR  ] 2017-06-06T12:08:40.804431207Z: [    1.370872] ACPI: PCI Interrupt Link [GSIC] (IRQs *18)
[STDERR  ] 2017-06-06T12:08:40.80443607Z: [    1.371793] ACPI: PCI Interrupt Link [GSID] (IRQs *19)
[STDERR  ] 2017-06-06T12:08:40.804440996Z: [    1.372602] ACPI: PCI Interrupt Link [GSIE] (IRQs *20)
[STDERR  ] 2017-06-06T12:08:40.804445895Z: [    1.373405] ACPI: PCI Interrupt Link [GSIF] (IRQs *21)
[STDERR  ] 2017-06-06T12:08:40.804450816Z: [    1.374212] ACPI: PCI Interrupt Link [GSIG] (IRQs *22)
[STDERR  ] 2017-06-06T12:08:40.804453375Z: [    1.375023] ACPI: PCI Interrupt Link [GSIH] (IRQs *23)
[STDERR  ] 2017-06-06T12:08:40.80446313Z: [    1.378888] ACPI: Enabled 2 GPEs in block 00 to 3F
[STDERR  ] 2017-06-06T12:08:40.804465639Z: [    1.383291] SCSI subsystem initialized
[STDERR  ] 2017-06-06T12:08:40.804472886Z: [    1.386179] pps_core: LinuxPPS API ver. 1 registered
[STDERR  ] 2017-06-06T12:08:40.804477796Z: [    1.386735] pps_core: Software ver. 5.3.6 - Copyright 2005-2007 Rodolfo Giometti <giometti@linux.it>
[STDERR  ] 2017-06-06T12:08:40.804482661Z: [    1.387881] PTP clock support registered
[STDERR  ] 2017-06-06T12:08:40.804487462Z: [    1.389206] wmi: Mapper loaded
[STDERR  ] 2017-06-06T12:08:40.804492212Z: [    1.390890] PCI: Using ACPI for IRQ routing
[STDERR  ] 2017-06-06T12:08:40.804496942Z: [    1.410359] NetLabel: Initializing
[STDERR  ] 2017-06-06T12:08:40.804501687Z: [    1.410851] NetLabel:  domain hash size = 128
[STDERR  ] 2017-06-06T12:08:40.804509795Z: [    1.411276] NetLabel:  protocols = UNLABELED CIPSOv4 CALIPSO
[STDERR  ] 2017-06-06T12:08:40.804514708Z: [    1.413748] NetLabel:  unlabeled traffic allowed by default
[STDERR  ] 2017-06-06T12:08:40.804519569Z: [    1.415172] HPET: 3 timers in total, 0 timers will be used for per-cpu timer
[STDERR  ] 2017-06-06T12:08:40.804522281Z: [    1.416281] hpet0: at MMIO 0xfed00000, IRQs 2, 8, 0
[STDERR  ] 2017-06-06T12:08:40.804527042Z: [    1.416868] hpet0: 3 comparators, 64-bit 100.000000 MHz counter
[STDERR  ] 2017-06-06T12:08:40.804534412Z: [    1.422534] clocksource: Switched to clocksource hpet
[STDERR  ] 2017-06-06T12:08:40.804536986Z: [    1.715759] VFS: Disk quotas dquot_6.6.0
[STDERR  ] 2017-06-06T12:08:40.804545816Z: [    1.717025] VFS: Dquot-cache hash table entries: 512 (order 0, 4096 bytes)
[STDERR  ] 2017-06-06T12:08:40.804550822Z: [    1.720018] FS-Cache: Loaded
[STDERR  ] 2017-06-06T12:08:40.804555641Z: [    1.725663] CacheFiles: Loaded
[STDERR  ] 2017-06-06T12:08:40.804560524Z: [    1.729021] pnp: PnP ACPI init
[STDERR  ] 2017-06-06T12:08:40.804565366Z: [    1.740319] pnp: PnP ACPI: found 5 devices
[STDERR  ] 2017-06-06T12:08:40.804569908Z: [    1.796258] clocksource: acpi_pm: mask: 0xffffff max_cycles: 0xffffff, max_idle_ns: 2085701024 ns
[STDERR  ] 2017-06-06T12:08:40.804582363Z: [    1.799684] NET: Registered protocol family 2
[STDERR  ] 2017-06-06T12:08:40.804586493Z: [    1.807132] TCP established hash table entries: 8192 (order: 4, 65536 bytes)
[STDERR  ] 2017-06-06T12:08:40.804601777Z: [    1.808272] TCP bind hash table entries: 8192 (order: 5, 131072 bytes)
[STDERR  ] 2017-06-06T12:08:40.804611644Z: [    1.809245] TCP: Hash tables configured (established 8192 bind 8192)
[STDERR  ] 2017-06-06T12:08:40.804614071Z: [    1.811459] UDP hash table entries: 512 (order: 2, 16384 bytes)
[STDERR  ] 2017-06-06T12:08:40.804625738Z: [    1.812611] UDP-Lite hash table entries: 512 (order: 2, 16384 bytes)
[STDERR  ] 2017-06-06T12:08:40.804630712Z: [    1.815757] NET: Registered protocol family 1
[STDERR  ] 2017-06-06T12:08:40.804637308Z: [    1.819341] RPC: Registered named UNIX socket transport module.
[STDERR  ] 2017-06-06T12:08:40.804642184Z: [    1.820023] RPC: Registered udp transport module.
[STDERR  ] 2017-06-06T12:08:40.804646973Z: [    1.820477] RPC: Registered tcp transport module.
[STDERR  ] 2017-06-06T12:08:40.804651784Z: [    1.820932] RPC: Registered tcp NFSv4.1 backchannel transport module.
[STDERR  ] 2017-06-06T12:08:40.804658218Z: [    1.822076] pci 0000:00:01.0: Video device with shadowed ROM at [mem 0x000c0000-0x000dffff]
[STDERR  ] 2017-06-06T12:08:40.804662994Z: [    1.831366] Unpacking initramfs...
[STDERR  ] 2017-06-06T12:08:40.804669915Z: [    6.433402] Freeing initrd memory: 33064K
[STDERR  ] 2017-06-06T12:08:40.804672415Z: [    6.471245] PCLMULQDQ-NI instructions are not detected.
[STDERR  ] 2017-06-06T12:08:40.804679472Z: [    6.475448] AVX or AES-NI instructions are not detected.
[STDERR  ] 2017-06-06T12:08:40.804681895Z: [    6.476695] CPU feature 'AVX registers' is not supported.
[STDERR  ] 2017-06-06T12:08:40.804693899Z: [    6.477545] CPU feature 'AVX registers' is not supported.
[STDERR  ] 2017-06-06T12:08:40.804698706Z: [    6.478633] CPU feature 'AVX registers' is not supported.
[STDERR  ] 2017-06-06T12:08:40.804703497Z: [    6.479471] CPU feature 'AVX registers' is not supported.
[STDERR  ] 2017-06-06T12:08:40.804708417Z: [    6.480393] AVX2 or AES-NI instructions are not detected.
[STDERR  ] 2017-06-06T12:08:40.804716917Z: [    6.481387] AVX2 instructions are not detected.
[STDERR  ] 2017-06-06T12:08:40.8047245Z: [    6.491309] audit: initializing netlink subsys (disabled)
[STDERR  ] 2017-06-06T12:08:40.804729531Z: [    6.503563] audit: type=2000 audit(1496750884.490:1): state=initialized audit_enabled=0 res=1
[STDERR  ] 2017-06-06T12:08:40.804734398Z: [    6.506995] workingset: timestamp_bits=46 max_order=18 bucket_order=0
[STDERR  ] 2017-06-06T12:08:40.8047438Z: [    6.516780] FS-Cache: Netfs 'nfs' registered for caching
[STDERR  ] 2017-06-06T12:08:40.804746557Z: [    6.520247] NFS: Registering the id_resolver key type
[STDERR  ] 2017-06-06T12:08:40.804751311Z: [    6.523320] Key type id_resolver registered
[STDERR  ] 2017-06-06T12:08:40.804758631Z: [    6.524191] Key type id_legacy registered
[STDERR  ] 2017-06-06T12:08:40.804763499Z: [    6.525079] nfs4filelayout_init: NFSv4 File Layout Driver Registering...
[STDERR  ] 2017-06-06T12:08:40.804771013Z: [    6.526586] Installing knfsd (copyright (C) 1996 okir@monad.swb.de).
[STDERR  ] 2017-06-06T12:08:40.804773648Z: [    6.531885] FS-Cache: Netfs 'cifs' registered for caching
[STDERR  ] 2017-06-06T12:08:40.804778517Z: [    6.534087] ntfs: driver 2.1.32 [Flags: R/O].
[STDERR  ] 2017-06-06T12:08:40.804788313Z: [    6.535180] fuse init (API version 7.26)
[STDERR  ] 2017-06-06T12:08:40.8047932Z: [    6.538496] SGI XFS with ACLs, security attributes, no debug enabled
[STDERR  ] 2017-06-06T12:08:40.804798078Z: [    6.545230] 9p: Installing v9fs 9p2000 file system support
[STDERR  ] 2017-06-06T12:08:40.804802912Z: [    6.546423] FS-Cache: Netfs '9p' registered for caching
[STDERR  ] 2017-06-06T12:08:40.804807774Z: [    6.586546] NET: Registered protocol family 38
[STDERR  ] 2017-06-06T12:08:40.804814853Z: [    6.587529] Key type asymmetric registered
[STDERR  ] 2017-06-06T12:08:40.804819872Z: [    6.588003] Asymmetric key parser 'x509' registered
[STDERR  ] 2017-06-06T12:08:40.804824803Z: [    6.589014] Block layer SCSI generic (bsg) driver version 0.4 loaded (major 251)
[STDERR  ] 2017-06-06T12:08:40.804829693Z: [    6.590771] io scheduler noop registered
[STDERR  ] 2017-06-06T12:08:40.804837745Z: [    6.591298] io scheduler deadline registered (default)
[STDERR  ] 2017-06-06T12:08:40.804845523Z: [    6.592234] io scheduler cfq registered
[STDERR  ] 2017-06-06T12:08:40.804850538Z: [    6.593173] io scheduler mq-deadline registered
[STDERR  ] 2017-06-06T12:08:40.804853126Z: [    6.597171] shpchp: Standard Hot Plug PCI Controller Driver version: 0.4
[STDERR  ] 2017-06-06T12:08:40.804857854Z: [    6.598390] hv_vmbus: registering driver hyperv_fb
[STDERR  ] 2017-06-06T12:08:40.804865064Z: [    6.601396] input: Power Button as /devices/LNXSYSTM:00/LNXPWRBN:00/input/input0
[STDERR  ] 2017-06-06T12:08:40.804869833Z: [    6.603699] ACPI: Power Button [PWRF]
[STDERR  ] 2017-06-06T12:08:40.804874631Z: [    6.608486] GHES: HEST is not enabled!
[STDERR  ] 2017-06-06T12:08:40.804879485Z: [    6.621403] ACPI: PCI Interrupt Link [GSIH] enabled at IRQ 23
[STDERR  ] 2017-06-06T12:08:40.804882045Z: [    6.628322] xenfs: not registering filesystem on non-xen platform
[STDERR  ] 2017-06-06T12:08:40.804891165Z: [    6.630747] Serial: 8250/16550 driver, 4 ports, IRQ sharing disabled
[STDERR  ] 2017-06-06T12:08:40.804893628Z: [    6.660076] 00:04: ttyS0 at I/O 0x3f8 (irq = 4, base_baud = 115200) is a 16550A
[STDERR  ] 2017-06-06T12:08:40.804900868Z: [    6.666308] Initializing Nozomi driver 2.1d
[STDERR  ] 2017-06-06T12:08:40.804905835Z: [    6.670564] Non-volatile memory driver v1.3
[STDERR  ] 2017-06-06T12:08:40.804912734Z: [    6.677403] Hangcheck: starting hangcheck timer 0.9.1 (tick is 180 seconds, margin is 60 seconds).
[STDERR  ] 2017-06-06T12:08:40.804917612Z: [    6.714582] loop: module loaded
[STDERR  ] 2017-06-06T12:08:40.804920086Z: [    6.767284] lpc_ich 0000:00:1f.0: I/O space for GPIO uninitialized
[STDERR  ] 2017-06-06T12:08:40.804927303Z: [    6.769190] VMware PVSCSI driver - version 1.0.7.0-k
[STDERR  ] 2017-06-06T12:08:40.80493205Z: [    6.770158] hv_vmbus: registering driver hv_storvsc
[STDERR  ] 2017-06-06T12:08:40.804936875Z: [    6.780824] ACPI: PCI Interrupt Link [GSIA] enabled at IRQ 16
[STDERR  ] 2017-06-06T12:08:40.804941744Z: [    6.788043] ahci 0000:00:1f.2: AHCI 0001.0000 32 slots 6 ports 1.5 Gbps 0x3f impl SATA mode
[STDERR  ] 2017-06-06T12:08:40.80494657Z: [    6.789236] ahci 0000:00:1f.2: flags: 64bit ncq only 
[STDERR  ] 2017-06-06T12:08:40.804953117Z: [    6.804679] scsi host0: ahci
[STDERR  ] 2017-06-06T12:08:40.804956021Z: [    6.808155] scsi host1: ahci
[STDERR  ] 2017-06-06T12:08:40.804968697Z: [    6.810264] scsi host2: ahci
[STDERR  ] 2017-06-06T12:08:40.80497376Z: [    6.812189] scsi host3: ahci
[STDERR  ] 2017-06-06T12:08:40.804978669Z: [    6.814360] scsi host4: ahci
[STDERR  ] 2017-06-06T12:08:40.804983553Z: [    6.816171] scsi host5: ahci
[STDERR  ] 2017-06-06T12:08:40.804986166Z: [    6.817655] ata1: SATA max UDMA/133 abar m4096@0xfebf1000 port 0xfebf1100 irq 24
[STDERR  ] 2017-06-06T12:08:40.804995203Z: [    6.818455] ata2: SATA max UDMA/133 abar m4096@0xfebf1000 port 0xfebf1180 irq 24
[STDERR  ] 2017-06-06T12:08:40.80499771Z: [    6.819242] ata3: SATA max UDMA/133 abar m4096@0xfebf1000 port 0xfebf1200 irq 24
[STDERR  ] 2017-06-06T12:08:40.80500515Z: [    6.819930] ata4: SATA max UDMA/133 abar m4096@0xfebf1000 port 0xfebf1280 irq 24
[STDERR  ] 2017-06-06T12:08:40.805007713Z: [    6.820625] ata5: SATA max UDMA/133 abar m4096@0xfebf1000 port 0xfebf1300 irq 24
[STDERR  ] 2017-06-06T12:08:40.805014956Z: [    6.821314] ata6: SATA max UDMA/133 abar m4096@0xfebf1000 port 0xfebf1380 irq 24
[STDERR  ] 2017-06-06T12:08:40.805017438Z: [    6.830598] Ethernet Channel Bonding Driver: v3.7.1 (April 27, 2011)
[STDERR  ] 2017-06-06T12:08:40.805024733Z: [    6.845777] tun: Universal TUN/TAP device driver, 1.6
[STDERR  ] 2017-06-06T12:08:40.805029544Z: [    6.847655] ena: Elastic Network Adapter (ENA) v1.1.2
[STDERR  ] 2017-06-06T12:08:40.805034499Z: [    6.849268] e1000: Intel(R) PRO/1000 Network Driver - version 7.3.21-k8-NAPI
[STDERR  ] 2017-06-06T12:08:40.805039395Z: [    6.849982] e1000: Copyright (c) 1999-2006 Intel Corporation.
[STDERR  ] 2017-06-06T12:08:40.80504425Z: [    6.858979] ACPI: PCI Interrupt Link [GSIG] enabled at IRQ 22
[STDERR  ] 2017-06-06T12:08:40.805057498Z: [    7.158210] ata3: SATA link up 1.5 Gbps (SStatus 113 SControl 300)
[STDERR  ] 2017-06-06T12:08:40.805062405Z: [    7.161788] ata2: SATA link down (SStatus 0 SControl 300)
[STDERR  ] 2017-06-06T12:08:40.805072004Z: [    7.163875] ata1: SATA link down (SStatus 0 SControl 300)
[STDERR  ] 2017-06-06T12:08:40.805076873Z: [    7.164666] ata5: SATA link down (SStatus 0 SControl 300)
[STDERR  ] 2017-06-06T12:08:40.805079357Z: [    7.165402] ata4: SATA link down (SStatus 0 SControl 300)
[STDERR  ] 2017-06-06T12:08:40.80508673Z: [    7.168249] ata3.00: ATAPI: QEMU DVD-ROM, 2.5+, max UDMA/100
[STDERR  ] 2017-06-06T12:08:40.805091694Z: [    7.169025] ata3.00: applying bridge limits
[STDERR  ] 2017-06-06T12:08:40.805096554Z: [    7.170968] ata3.00: configured for UDMA/100
[STDERR  ] 2017-06-06T12:08:40.805569247Z: [    7.174657] ata6: SATA link down (SStatus 0 SControl 300)
[STDERR  ] 2017-06-06T12:08:40.805582236Z: [    7.185410] scsi 2:0:0:0: CD-ROM            QEMU     QEMU DVD-ROM     2.5+ PQ: 0 ANSI: 5
[STDERR  ] 2017-06-06T12:08:40.805598095Z: [    7.205522] sr 2:0:0:0: [sr0] scsi3-mmc drive: 4x/4x cd/rw xa/form2 tray
[STDERR  ] 2017-06-06T12:08:40.805608373Z: [    7.206667] cdrom: Uniform CD-ROM driver Revision: 3.20
[STDERR  ] 2017-06-06T12:08:40.805618295Z: [    7.212676] sr 2:0:0:0: Attached scsi generic sg0 type 5
[STDERR  ] 2017-06-06T12:08:40.805635467Z: [    7.235647] e1000 0000:00:02.0 eth0: (PCI:33MHz:32-bit) 52:54:00:12:34:56
[STDERR  ] 2017-06-06T12:08:40.805645477Z: [    7.236697] e1000 0000:00:02.0 eth0: Intel(R) PRO/1000 Network Connection
[STDERR  ] 2017-06-06T12:08:40.805655218Z: [    7.237913] e1000e: Intel(R) PRO/1000 Network Driver - 3.2.6-k
[STDERR  ] 2017-06-06T12:08:40.805666549Z: [    7.238535] e1000e: Copyright(c) 1999 - 2015 Intel Corporation.
[STDERR  ] 2017-06-06T12:08:40.805676392Z: [    7.239499] igb: Intel(R) Gigabit Ethernet Network Driver - version 5.4.0-k
[STDERR  ] 2017-06-06T12:08:40.805691424Z: [    7.240176] igb: Copyright (c) 2007-2014 Intel Corporation.
[STDERR  ] 2017-06-06T12:08:40.805709057Z: [    7.241124] igbvf: Intel(R) Gigabit Virtual Function Network Driver - version 2.4.0-k
[STDERR  ] 2017-06-06T12:08:40.80571515Z: [    7.241873] igbvf: Copyright (c) 2009 - 2012 Intel Corporation.
[STDERR  ] 2017-06-06T12:08:40.805724719Z: [    7.243213] ixgbe: Intel(R) 10 Gigabit PCI Express Network Driver - version 5.0.0-k
[STDERR  ] 2017-06-06T12:08:40.805739147Z: [    7.243968] ixgbe: Copyright (c) 1999-2016 Intel Corporation.
[STDERR  ] 2017-06-06T12:08:40.805748846Z: [    7.245702] ixgbevf: Intel(R) 10 Gigabit PCI Express Virtual Function Network Driver - version 3.2.2-k
[STDERR  ] 2017-06-06T12:08:40.805758456Z: [    7.246629] ixgbevf: Copyright (c) 2009 - 2015 Intel Corporation.
[STDERR  ] 2017-06-06T12:08:40.805768053Z: [    7.248210] ixgb: Intel(R) PRO/10GbE Network Driver - version 1.0.135-k2-NAPI
[STDERR  ] 2017-06-06T12:08:40.805784979Z: [    7.248914] ixgb: Copyright (c) 1999-2008 Intel Corporation.
[STDERR  ] 2017-06-06T12:08:40.80579488Z: [    7.250040] PPP generic driver version 2.4.2
[STDERR  ] 2017-06-06T12:08:40.805804679Z: [    7.251591] PPP BSD Compression module registered
[STDERR  ] 2017-06-06T12:08:40.805809885Z: [    7.252162] PPP Deflate Compression module registered
[STDERR  ] 2017-06-06T12:08:40.805819291Z: [    7.253416] PPP MPPE Compression module registered
[STDERR  ] 2017-06-06T12:08:40.80583356Z: [    7.253982] NET: Registered protocol family 24
[STDERR  ] 2017-06-06T12:08:40.80584325Z: [    7.254853] PPTP driver version 0.8.5
[STDERR  ] 2017-06-06T12:08:40.805866858Z: [    7.256180] VMware vmxnet3 virtual NIC driver - version 1.4.a.0-k-NAPI
[STDERR  ] 2017-06-06T12:08:40.805872143Z: [    7.257330] hv_vmbus: registering driver hv_netvsc
[STDERR  ] 2017-06-06T12:08:40.805886012Z: [    7.257838] Fusion MPT base driver 3.04.20
[STDERR  ] 2017-06-06T12:08:40.805914443Z: [    7.258256] Copyright (c) 1999-2008 LSI Corporation
[STDERR  ] 2017-06-06T12:08:40.805924212Z: [    7.259001] Fusion MPT SPI Host driver 3.04.20
[STDERR  ] 2017-06-06T12:08:40.805949911Z: [    7.264262] aoe: AoE v85 initialised.
[STDERR  ] 2017-06-06T12:08:40.805955299Z: [    7.266932] i8042: PNP: PS/2 Controller [PNP0303:KBD,PNP0f13:MOU] at 0x60,0x64 irq 1,12
[STDERR  ] 2017-06-06T12:08:40.805974392Z: [    7.271310] serio: i8042 KBD port at 0x60,0x64 irq 1
[STDERR  ] 2017-06-06T12:08:40.805983925Z: [    7.272631] serio: i8042 AUX port at 0x60,0x64 irq 12
[STDERR  ] 2017-06-06T12:08:40.805988861Z: [    7.275398] hv_vmbus: registering driver hyperv_keyboard
[STDERR  ] 2017-06-06T12:08:40.806010926Z: [    7.277545] mousedev: PS/2 mouse device common for all mice
[STDERR  ] 2017-06-06T12:08:40.806023924Z: [    7.282065] input: AT Translated Set 2 keyboard as /devices/platform/i8042/serio0/input/input1
[STDERR  ] 2017-06-06T12:08:40.806033672Z: [    7.284348] input: PC Speaker as /devices/platform/pcspkr/input/input2
[STDERR  ] 2017-06-06T12:08:40.806047798Z: [    7.288972] rtc_cmos 00:00: RTC can wake from S4
[STDERR  ] 2017-06-06T12:08:40.806057309Z: [    7.292173] rtc_cmos 00:00: rtc core: registered rtc_cmos as rtc0
[STDERR  ] 2017-06-06T12:08:40.806068636Z: [    7.293975] rtc_cmos 00:00: alarms up to one day, y3k, 114 bytes nvram, hpet irqs
[STDERR  ] 2017-06-06T12:08:40.806085414Z: [    7.295017] i2c /dev entries driver
[STDERR  ] 2017-06-06T12:08:40.80609532Z: [    7.297046] device-mapper: ioctl: 4.35.0-ioctl (2016-06-23) initialised: dm-devel@redhat.com
[STDERR  ] 2017-06-06T12:08:40.80610507Z: [    7.301293] hv_utils: Registering HyperV Utility Driver
[STDERR  ] 2017-06-06T12:08:40.806114652Z: [    7.301858] hv_vmbus: registering driver hv_util
[STDERR  ] 2017-06-06T12:08:40.806124136Z: [    7.302722] hv_vmbus: registering driver hv_balloon
[STDERR  ] 2017-06-06T12:08:40.806129275Z: [    7.303603] oprofile: using NMI interrupt.
[STDERR  ] 2017-06-06T12:08:40.806146667Z: [    7.304923] GACT probability on
[STDERR  ] 2017-06-06T12:08:40.806158727Z: [    7.305675] Mirror/redirect action on
[STDERR  ] 2017-06-06T12:08:40.806173202Z: [    7.306671] Simple TC action Loaded
[STDERR  ] 2017-06-06T12:08:40.806182822Z: [    7.309572] netem: version 1.3
[STDERR  ] 2017-06-06T12:08:40.806198613Z: [    7.309960] u32 classifier
[STDERR  ] 2017-06-06T12:08:40.806203852Z: [    7.310254]     Performance counters on
[STDERR  ] 2017-06-06T12:08:40.806217634Z: [    7.310624]     input device check on
[STDERR  ] 2017-06-06T12:08:40.806235191Z: [    7.310971]     Actions configured
[STDERR  ] 2017-06-06T12:08:40.806242655Z: [    7.311767] Netfilter messages via NETLINK v0.30.
[STDERR  ] 2017-06-06T12:08:40.806261614Z: [    7.312947] nfnl_acct: registering with nfnetlink.
[STDERR  ] 2017-06-06T12:08:40.806266991Z: [    7.314642] nf_conntrack version 0.5.0 (8192 buckets, 32768 max)
[STDERR  ] 2017-06-06T12:08:40.806278962Z: [    7.317273] ctnetlink v0.93: registering with nfnetlink.
[STDERR  ] 2017-06-06T12:08:40.806293178Z: [    7.320496] nf_tables: (c) 2007-2009 Patrick McHardy <kaber@trash.net>
[STDERR  ] 2017-06-06T12:08:40.806298498Z: [    7.321687] nf_tables_compat: (c) 2012 Pablo Neira Ayuso <pablo@netfilter.org>
[STDERR  ] 2017-06-06T12:08:40.806422475Z: [    7.324982] xt_time: kernel timezone is -0000
[STDERR  ] 2017-06-06T12:08:40.806432139Z: [    7.325800] ip_set: protocol 6
[STDERR  ] 2017-06-06T12:08:40.806437267Z: [    7.326636] IPVS: Registered protocols (TCP, UDP, SCTP, AH, ESP)
[STDERR  ] 2017-06-06T12:08:40.806451886Z: [    7.327534] IPVS: Connection hash table configured (size=4096, memory=64Kbytes)
[STDERR  ] 2017-06-06T12:08:40.806474739Z: [    7.329510] IPVS: Creating netns size=2096 id=0
[STDERR  ] 2017-06-06T12:08:40.806486435Z: [    7.332675] IPVS: ipvs loaded.
[STDERR  ] 2017-06-06T12:08:40.806495959Z: [    7.333379] IPVS: [rr] scheduler registered.
[STDERR  ] 2017-06-06T12:08:40.806505478Z: [    7.333853] IPVS: [wrr] scheduler registered.
[STDERR  ] 2017-06-06T12:08:40.806515043Z: [    7.334355] IPVS: [lc] scheduler registered.
[STDERR  ] 2017-06-06T12:08:40.806524629Z: [    7.334774] IPVS: [wlc] scheduler registered.
[STDERR  ] 2017-06-06T12:08:40.806545555Z: [    7.335196] IPVS: [fo] scheduler registered.
[STDERR  ] 2017-06-06T12:08:40.806550901Z: [    7.335618] IPVS: [ovf] scheduler registered.
[STDERR  ] 2017-06-06T12:08:40.806563215Z: [    7.336266] IPVS: [lblc] scheduler registered.
[STDERR  ] 2017-06-06T12:08:40.806581058Z: [    7.336816] IPVS: [lblcr] scheduler registered.
[STDERR  ] 2017-06-06T12:08:40.806586294Z: [    7.337331] IPVS: [dh] scheduler registered.
[STDERR  ] 2017-06-06T12:08:40.806595542Z: [    7.337758] IPVS: [sh] scheduler registered.
[STDERR  ] 2017-06-06T12:08:40.80662288Z: [    7.338183] IPVS: [sed] scheduler registered.
[STDERR  ] 2017-06-06T12:08:40.806628159Z: [    7.338599] IPVS: [nq] scheduler registered.
[STDERR  ] 2017-06-06T12:08:40.806637425Z: [    7.339543] IPVS: ftp: loaded support on port[0] = 21
[STDERR  ] 2017-06-06T12:08:40.806651491Z: [    7.340558] ipip: IPv4 and MPLS over IPv4 tunneling driver
[STDERR  ] 2017-06-06T12:08:40.806656632Z: [    7.344439] gre: GRE over IPv4 demultiplexor driver
[STDERR  ] 2017-06-06T12:08:40.806670525Z: [    7.344993] ip_gre: GRE over IPv4 tunneling driver
[STDERR  ] 2017-06-06T12:08:40.806697629Z: [    7.349009] IPv4 over IPsec tunneling driver
[STDERR  ] 2017-06-06T12:08:40.806714538Z: [    7.355063] ip_tables: (C) 2000-2006 Netfilter Core Team
[STDERR  ] 2017-06-06T12:08:40.806721998Z: [    7.358738] ipt_CLUSTERIP: ClusterIP Version 0.8 loaded successfully
[STDERR  ] 2017-06-06T12:08:40.806738962Z: [    7.359768] arp_tables: arp_tables: (C) 2002 David S. Miller
[STDERR  ] 2017-06-06T12:08:40.806748721Z: [    7.361944] Initializing XFRM netlink socket
[STDERR  ] 2017-06-06T12:08:40.806758239Z: [    7.363781] NET: Registered protocol family 10
[STDERR  ] 2017-06-06T12:08:40.806782197Z: [    7.375021] Segment Routing with IPv6
[STDERR  ] 2017-06-06T12:08:40.806794695Z: [    7.376584] mip6: Mobile IPv6
[STDERR  ] 2017-06-06T12:08:40.806807333Z: [    7.377680] ip6_tables: (C) 2000-2006 Netfilter Core Team
[STDERR  ] 2017-06-06T12:08:40.806817116Z: [    7.385547] sit: IPv6, IPv4 and MPLS over IPv4 tunneling driver
[STDERR  ] 2017-06-06T12:08:40.806826856Z: [    7.391132] ip6_gre: GRE over IPv6 tunneling driver
[STDERR  ] 2017-06-06T12:08:40.806836484Z: [    7.394693] NET: Registered protocol family 17
[STDERR  ] 2017-06-06T12:08:40.806854033Z: [    7.395578] NET: Registered protocol family 15
[STDERR  ] 2017-06-06T12:08:40.806865691Z: [    7.396704] Bridge firewalling registered
[STDERR  ] 2017-06-06T12:08:40.806875497Z: [    7.397440] Ebtables v2.0 registered
[STDERR  ] 2017-06-06T12:08:40.806887786Z: [    7.400624] l2tp_core: L2TP core driver, V2.0
[STDERR  ] 2017-06-06T12:08:40.806894611Z: [    7.401325] l2tp_ppp: PPPoL2TP kernel driver, V2.0
[STDERR  ] 2017-06-06T12:08:40.806904132Z: [    7.401825] 8021q: 802.1Q VLAN Support v1.8
[STDERR  ] 2017-06-06T12:08:40.80692538Z: [    7.403808] 9pnet: Installing 9P2000 support
[STDERR  ] 2017-06-06T12:08:40.806943556Z: [    7.404888] Key type dns_resolver registered
[STDERR  ] 2017-06-06T12:08:40.806953042Z: [    7.405392] openvswitch: Open vSwitch switching datapath
[STDERR  ] 2017-06-06T12:08:40.806962619Z: [    7.407619] mpls_gso: MPLS GSO support
[STDERR  ] 2017-06-06T12:08:40.806972051Z: [    7.411092] registered taskstats version 1
[STDERR  ] 2017-06-06T12:08:40.806977295Z: [    7.451484] tsc: Refined TSC clocksource calibration: 2599.874 MHz
[STDERR  ] 2017-06-06T12:08:40.806991619Z: [    7.452741] clocksource: tsc: mask: 0xffffffffffffffff max_cycles: 0x2579c5363ea, max_idle_ns: 440795296162 ns
[STDERR  ] 2017-06-06T12:08:40.807009407Z: [    7.600446] Key type big_key registered
[STDERR  ] 2017-06-06T12:08:40.80701425Z: [    7.647439] Key type encrypted registered
[STDERR  ] 2017-06-06T12:08:40.807028553Z: [    7.652068] rtc_cmos 00:00: setting system clock to 2017-06-06 12:08:06 UTC (1496750886)
[STDERR  ] 2017-06-06T12:08:40.807033799Z: [    7.801382] Freeing unused kernel memory: 1480K
[STDERR  ] 2017-06-06T12:08:40.807049391Z: [    7.802218] Write protecting the kernel read-only data: 14336k
[STDERR  ] 2017-06-06T12:08:40.807067156Z: [    7.811778] Freeing unused kernel memory: 548K
[STDERR  ] 2017-06-06T12:08:40.807079732Z: [    7.917800] Freeing unused kernel memory: 940K
[STDERR  ] 2017-06-06T12:08:40.807092251Z: [    8.473263] clocksource: Switched to clocksource tsc
[STDERR  ] 2017-06-06T12:08:40.807106643Z: 
[STDERR  ] 2017-06-06T12:08:40.807111789Z: Welcome to LinuxKit
[STDERR  ] 2017-06-06T12:08:40.807120939Z: 
[STDERR  ] 2017-06-06T12:08:40.807138125Z:                         ##         .
[STDERR  ] 2017-06-06T12:08:40.807277964Z:                   ## ## ##        ==
[STDERR  ] 2017-06-06T12:08:40.807288298Z:                ## ## ## ## ##    ===
[STDERR  ] 2017-06-06T12:08:40.807305127Z:            /"""""""""""""""""\___/ ===
[STDERR  ] 2017-06-06T12:08:40.807314831Z:       ~~~ {~~ ~~~~ ~~~ ~~~~ ~~~ ~ /  ===- ~~~
[STDERR  ] 2017-06-06T12:08:40.807324434Z:            \______ o           __/
[STDERR  ] 2017-06-06T12:08:40.807333908Z:              \    \         __/
[STDERR  ] 2017-06-06T12:08:40.807339045Z:               \____\_______/
[STDERR  ] 2017-06-06T12:08:40.807348375Z: 
[STDERR  ] 2017-06-06T12:08:40.807367676Z: 
[STDERR  ] 2017-06-06T12:08:40.807384928Z: 
[STDERR  ] 2017-06-06T12:08:40.80739444Z: Starting containerd
[STDERR  ] 2017-06-06T12:08:40.807399733Z: / # [6n[34mINFO[0m[0000] starting containerd boot...                   [34mmodule[0m=containerd
[STDERR  ] 2017-06-06T12:08:40.807409234Z: [34mINFO[0m[0000] starting debug API...                         [34mdebug[0m="/run/containerd/debug.sock" [34mmodule[0m=containerd
[STDERR  ] 2017-06-06T12:08:40.807423975Z: [34mINFO[0m[0000] loading monitor plugin "cgroups"...           [34mmodule[0m=containerd
[STDERR  ] 2017-06-06T12:08:40.807429227Z: [34mINFO[0m[0000] loading runtime plugin "linux"...             [34mmodule[0m=containerd
[STDERR  ] 2017-06-06T12:08:40.807443069Z: [34mINFO[0m[0000] loading snapshot plugin "snapshot-overlay"...  [34mmodule[0m=containerd
[STDERR  ] 2017-06-06T12:08:40.80746141Z: [34mINFO[0m[0000] loading grpc service plugin "images-grpc"...  [34mmodule[0m=containerd
[STDERR  ] 2017-06-06T12:08:40.80746643Z: [34mINFO[0m[0000] loading grpc service plugin "metrics-grpc"...  [34mmodule[0m=containerd
[STDERR  ] 2017-06-06T12:08:40.807480614Z: [34mINFO[0m[0000] loading grpc service plugin "containers-grpc"...  [34mmodule[0m=containerd
[STDERR  ] 2017-06-06T12:08:40.807490053Z: [34mINFO[0m[0000] loading grpc service plugin "content-grpc"...  [34mmodule[0m=containerd
[STDERR  ] 2017-06-06T12:08:40.807499601Z: [34mINFO[0m[0000] loading grpc service plugin "diff-grpc"...    [34mmodule[0m=containerd
[STDERR  ] 2017-06-06T12:08:40.807509038Z: [34mINFO[0m[0000] loading grpc service plugin "healthcheck-grpc"...  [34mmodule[0m=containerd
[STDERR  ] 2017-06-06T12:08:40.807518616Z: [34mINFO[0m[0000] loading grpc service plugin "tasks-grpc"...   [34mmodule[0m=containerd
[STDERR  ] 2017-06-06T12:08:40.807538837Z: [34mINFO[0m[0000] loading grpc service plugin "snapshots-grpc"...  [34mmodule[0m=containerd
[STDERR  ] 2017-06-06T12:08:40.807548383Z: [34mINFO[0m[0000] loading grpc service plugin "version-grpc"...  [34mmodule[0m=containerd
[STDERR  ] 2017-06-06T12:08:40.807557872Z: [   15.434780] random: fast init done
[STDERR  ] 2017-06-06T12:08:40.807567464Z: [34mINFO[0m[0000] starting GRPC API server...                   [34mmodule[0m=containerd
[STDERR  ] 2017-06-06T12:08:40.807577255Z: [34mINFO[0m[0000] starting metrics API...                       [34mmetrics[0m=":13337" [34mmodule[0m=containerd
[STDERR  ] 2017-06-06T12:08:40.807582536Z: [34mINFO[0m[0000] containerd successfully booted in 0.173236s   [34mmodule[0m=containerd
[STDERR  ] 2017-06-06T12:08:40.807591833Z: starting kernel config sanity test with /proc/config.gz
[STDERR  ] 2017-06-06T12:08:40.807613501Z: CONFIG_DEBUG_RODATA=y
[STDERR  ] 2017-06-06T12:08:40.807618662Z: CONFIG_DEBUG_SET_MODULE_RONX=y
[STDERR  ] 2017-06-06T12:08:40.807627934Z: CONFIG_BUG_ON_DATA_CORRUPTION=y
[STDERR  ] 2017-06-06T12:08:40.807661602Z: kernel config test succeeded!
[STDERR  ] 2017-06-06T12:08:40.807692811Z: [37minfo: reading kernel config from /proc/config.gz ...[m
[STDERR  ] 2017-06-06T12:08:40.807707393Z: 
[STDERR  ] 2017-06-06T12:08:40.807717191Z: Generally Necessary:
[STDERR  ] 2017-06-06T12:08:40.807722442Z: - [37mcgroup hierarchy[m: [32mproperly mounted[m [/sys/fs/cgroup]
[STDERR  ] 2017-06-06T12:08:40.807731979Z: - [37mCONFIG_NAMESPACES[m: [32menabled[m
[STDERR  ] 2017-06-06T12:08:40.807757941Z: - [37mCONFIG_NET_NS[m: [32menabled[m
[STDERR  ] 2017-06-06T12:08:40.807767846Z: - [37mCONFIG_PID_NS[m: [32menabled[m
[STDERR  ] 2017-06-06T12:08:40.807777428Z: - [37mCONFIG_IPC_NS[m: [32menabled[m
[STDERR  ] 2017-06-06T12:08:40.807787022Z: - [37mCONFIG_UTS_NS[m: [32menabled[m
[STDERR  ] 2017-06-06T12:08:40.807796534Z: - [37mCONFIG_CGROUPS[m: [32menabled[m
[STDERR  ] 2017-06-06T12:08:40.80780613Z: - [37mCONFIG_CGROUP_CPUACCT[m: [32menabled[m
[STDERR  ] 2017-06-06T12:08:40.807815851Z: - [37mCONFIG_CGROUP_DEVICE[m: [32menabled[m
[STDERR  ] 2017-06-06T12:08:40.818656438Z: - [37mCONFIG_CGROUP_FREEZER[m: [32menabled[m
[STDERR  ] 2017-06-06T12:08:40.818702127Z: - [37mCONFIG_CGROUP_SCHED[m: [32menabled[m
[STDERR  ] 2017-06-06T12:08:40.818715388Z: - [37mCONFIG_CPUSETS[m: [32menabled[m
[STDERR  ] 2017-06-06T12:08:40.818721474Z: - [37mCONFIG_MEMCG[m: [32menabled[m
[STDERR  ] 2017-06-06T12:08:40.818729641Z: - [37mCONFIG_KEYS[m: [32menabled[m
[STDERR  ] 2017-06-06T12:08:40.818732839Z: - [37mCONFIG_VETH[m: [32menabled[m
[STDERR  ] 2017-06-06T12:08:40.818741056Z: - [37mCONFIG_BRIDGE[m: [32menabled[m
[STDERR  ] 2017-06-06T12:08:40.818746954Z: - [37mCONFIG_BRIDGE_NETFILTER[m: [32menabled[m
[STDERR  ] 2017-06-06T12:08:40.818749915Z: - [37mCONFIG_NF_NAT_IPV4[m: [32menabled[m
[STDERR  ] 2017-06-06T12:08:40.818757332Z: - [37mCONFIG_IP_NF_FILTER[m: [32menabled[m
[STDERR  ] 2017-06-06T12:08:40.818763364Z: - [37mCONFIG_IP_NF_TARGET_MASQUERADE[m: [32menabled[m
[STDERR  ] 2017-06-06T12:08:40.81876894Z: - [37mCONFIG_NETFILTER_XT_MATCH_ADDRTYPE[m: [32menabled[m
[STDERR  ] 2017-06-06T12:08:40.818774203Z: - [37mCONFIG_NETFILTER_XT_MATCH_CONNTRACK[m: [32menabled[m
[STDERR  ] 2017-06-06T12:08:40.818784075Z: - [37mCONFIG_NETFILTER_XT_MATCH_IPVS[m: [32menabled[m
[STDERR  ] 2017-06-06T12:08:40.818786911Z: - [37mCONFIG_IP_NF_NAT[m: [32menabled[m
[STDERR  ] 2017-06-06T12:08:40.818794113Z: - [37mCONFIG_NF_NAT[m: [32menabled[m
[STDERR  ] 2017-06-06T12:08:40.818799953Z: - [37mCONFIG_NF_NAT_NEEDED[m: [32menabled[m
[STDERR  ] 2017-06-06T12:08:40.818804923Z: - [37mCONFIG_POSIX_MQUEUE[m: [32menabled[m
[STDERR  ] 2017-06-06T12:08:40.818816278Z: 
[STDERR  ] 2017-06-06T12:08:40.818822167Z: Optional Features:
[STDERR  ] 2017-06-06T12:08:40.818824893Z: - [37mCONFIG_USER_NS[m: [32menabled[m
[STDERR  ] 2017-06-06T12:08:40.818829972Z: - [37mCONFIG_SECCOMP[m: [32menabled[m
[STDERR  ] 2017-06-06T12:08:40.818838063Z: - [37mCONFIG_CGROUP_PIDS[m: [32menabled[m
[STDERR  ] 2017-06-06T12:08:40.818843194Z: - [37mCONFIG_MEMCG_SWAP[m: [32menabled[m
[STDERR  ] 2017-06-06T12:08:40.818854081Z: - [37mCONFIG_MEMCG_SWAP_ENABLED[m: [32menabled[m
[STDERR  ] 2017-06-06T12:08:40.818856577Z:     [1;30m(cgroup swap accounting is currently enabled)[m
[STDERR  ] 2017-06-06T12:08:40.818861689Z: - [1mCONFIG_LEGACY_VSYSCALL_NONE[m: [1;31menabled[m
[STDERR  ] 2017-06-06T12:08:40.818870067Z:     [1;30m(containers using eglibc <= 2.13 will not work. Switch to[m
[STDERR  ] 2017-06-06T12:08:40.818875549Z:     [1;30m "CONFIG_VSYSCALL_[NATIVE|EMULATE]" or use "vsyscall=[native|emulate]"[m
[STDERR  ] 2017-06-06T12:08:40.818882726Z:     [1;30m on kernel command line. Note that this will disable ASLR for the,[m
[STDERR  ] 2017-06-06T12:08:40.818887638Z:     [1;30m VDSO which may assist in exploiting security vulnerabilities.)[m
[STDERR  ] 2017-06-06T12:08:40.818892439Z: - [37mCONFIG_BLK_CGROUP[m: [32menabled[m
[STDERR  ] 2017-06-06T12:08:40.818895693Z: - [37mCONFIG_BLK_DEV_THROTTLING[m: [32menabled[m
[STDERR  ] 2017-06-06T12:08:40.818909713Z: - [37mCONFIG_IOSCHED_CFQ[m: [32menabled[m
[STDERR  ] 2017-06-06T12:08:40.818914697Z: - [37mCONFIG_CFQ_GROUP_IOSCHED[m: [32menabled[m
[STDERR  ] 2017-06-06T12:08:40.818928314Z: - [37mCONFIG_CGROUP_PERF[m: [32menabled[m
[STDERR  ] 2017-06-06T12:08:40.818933435Z: - [37mCONFIG_CGROUP_HUGETLB[m: [32menabled[m
[STDERR  ] 2017-06-06T12:08:40.818938792Z: - [37mCONFIG_NET_CLS_CGROUP[m: [32menabled[m
[STDERR  ] 2017-06-06T12:08:40.818944452Z: - [37mCONFIG_CGROUP_NET_PRIO[m: [32menabled[m
[STDERR  ] 2017-06-06T12:08:40.818947117Z: - [37mCONFIG_CFS_BANDWIDTH[m: [32menabled[m
[STDERR  ] 2017-06-06T12:08:40.818953488Z: - [37mCONFIG_FAIR_GROUP_SCHED[m: [32menabled[m
[STDERR  ] 2017-06-06T12:08:40.818962586Z: - [37mCONFIG_RT_GROUP_SCHED[m: [32menabled[m
[STDERR  ] 2017-06-06T12:08:40.818967659Z: - [37mCONFIG_IP_VS[m: [32menabled[m
[STDERR  ] 2017-06-06T12:08:40.818972663Z: - [37mCONFIG_IP_VS_NFCT[m: [32menabled[m
[STDERR  ] 2017-06-06T12:08:40.818978846Z: - [37mCONFIG_IP_VS_RR[m: [32menabled[m
[STDERR  ] 2017-06-06T12:08:40.81898407Z: - [37mCONFIG_EXT4_FS[m: [32menabled[m
[STDERR  ] 2017-06-06T12:08:40.818989087Z: - [37mCONFIG_EXT4_FS_POSIX_ACL[m: [32menabled[m
[STDERR  ] 2017-06-06T12:08:40.818994058Z: - [37mCONFIG_EXT4_FS_SECURITY[m: [32menabled[m
[STDERR  ] 2017-06-06T12:08:40.818999309Z: - Network Drivers:
[STDERR  ] 2017-06-06T12:08:40.819005453Z:   - "[34moverlay[m":
[STDERR  ] 2017-06-06T12:08:40.819010725Z:     - [37mCONFIG_VXLAN[m: [32menabled[m
[STDERR  ] 2017-06-06T12:08:40.819013508Z:       Optional (for encrypted networks):
[STDERR  ] 2017-06-06T12:08:40.819020919Z:       - [37mCONFIG_CRYPTO[m: [32menabled[m
[STDERR  ] 2017-06-06T12:08:40.819025895Z:       - [37mCONFIG_CRYPTO_AEAD[m: [32menabled[m
[STDERR  ] 2017-06-06T12:08:40.819030849Z:       - [37mCONFIG_CRYPTO_GCM[m: [32menabled[m
[STDERR  ] 2017-06-06T12:08:40.81903341Z:       - [37mCONFIG_CRYPTO_SEQIV[m: [32menabled[m
[STDERR  ] 2017-06-06T12:08:40.819043625Z:       - [37mCONFIG_CRYPTO_GHASH[m: [32menabled[m
[STDERR  ] 2017-06-06T12:08:40.819048912Z:       - [37mCONFIG_XFRM[m: [32menabled[m
[STDERR  ] 2017-06-06T12:08:40.81905413Z:       - [37mCONFIG_XFRM_USER[m: [32menabled[m
[STDERR  ] 2017-06-06T12:08:40.819061877Z:       - [37mCONFIG_XFRM_ALGO[m: [32menabled[m
[STDERR  ] 2017-06-06T12:08:40.819066727Z:       - [37mCONFIG_INET_ESP[m: [32menabled[m
[STDERR  ] 2017-06-06T12:08:40.819069373Z:       - [37mCONFIG_INET_XFRM_MODE_TRANSPORT[m: [32menabled[m
[STDERR  ] 2017-06-06T12:08:40.819076773Z:   - "[34mipvlan[m":
[STDERR  ] 2017-06-06T12:08:40.819081558Z:     - [37mCONFIG_IPVLAN[m: [32menabled[m
[STDERR  ] 2017-06-06T12:08:40.819084039Z:   - "[34mmacvlan[m":
[STDERR  ] 2017-06-06T12:08:40.819092904Z:     - [37mCONFIG_MACVLAN[m: [32menabled[m
[STDERR  ] 2017-06-06T12:08:40.819097794Z:     - [37mCONFIG_DUMMY[m: [32menabled[m
[STDERR  ] 2017-06-06T12:08:40.819102605Z:   - "[34mftp,tftp client in container[m":
[STDERR  ] 2017-06-06T12:08:40.819107596Z:     - [37mCONFIG_NF_NAT_FTP[m: [32menabled[m
[STDERR  ] 2017-06-06T12:08:40.819112409Z:     - [37mCONFIG_NF_CONNTRACK_FTP[m: [32menabled[m
[STDERR  ] 2017-06-06T12:08:40.819117237Z:     - [37mCONFIG_NF_NAT_TFTP[m: [32menabled[m
[STDERR  ] 2017-06-06T12:08:40.819122827Z:     - [37mCONFIG_NF_CONNTRACK_TFTP[m: [32menabled[m
[STDERR  ] 2017-06-06T12:08:40.819127851Z: - Storage Drivers:
[STDERR  ] 2017-06-06T12:08:40.819132653Z:   - "[34maufs[m":
[STDERR  ] 2017-06-06T12:08:40.819137615Z:     - [1mCONFIG_AUFS_FS[m: [1;31mmissing[m
[STDERR  ] 2017-06-06T12:08:40.819142468Z:   - "[34mbtrfs[m":
[STDERR  ] 2017-06-06T12:08:40.819148502Z:     - [37mCONFIG_BTRFS_FS[m: [32menabled (as module)[m
[STDERR  ] 2017-06-06T12:08:40.819153337Z:     - [37mCONFIG_BTRFS_FS_POSIX_ACL[m: [32menabled[m
[STDERR  ] 2017-06-06T12:08:40.819158292Z:   - "[34mdevicemapper[m":
[STDERR  ] 2017-06-06T12:08:40.819163156Z:     - [37mCONFIG_BLK_DEV_DM[m: [32menabled[m
[STDERR  ] 2017-06-06T12:08:40.819171097Z:     - [37mCONFIG_DM_THIN_PROVISIONING[m: [32menabled[m
[STDERR  ] 2017-06-06T12:08:40.819178675Z:   - "[34moverlay[m":
[STDERR  ] 2017-06-06T12:08:40.819181399Z:     - [37mCONFIG_OVERLAY_FS[m: [32menabled[m
[STDERR  ] 2017-06-06T12:08:40.819186146Z:   - "[34mzfs[m":
[STDERR  ] 2017-06-06T12:08:40.81919342Z:     - [1m/dev/zfs[m: [1;31mmissing[m
[STDERR  ] 2017-06-06T12:08:40.819199222Z:     - [1mzfs command[m: [1;31mmissing[m
[STDERR  ] 2017-06-06T12:08:40.819204074Z:     - [1mzpool command[m: [1;31mmissing[m
[STDERR  ] 2017-06-06T12:08:40.819206769Z: 
[STDERR  ] 2017-06-06T12:08:40.819214266Z: Limits:
[STDERR  ] 2017-06-06T12:08:40.819217091Z: [37m- /proc/sys/kernel/keys/root_maxkeys[m: [32m1000000[m
[STDERR  ] 2017-06-06T12:08:40.819224609Z: 
[STDERR  ] 2017-06-06T12:08:40.819229493Z: Kernel config test suite PASSED
[STDERR  ] 2017-06-06T12:08:40.81923431Z: 
[STDERR  ] 2017-06-06T12:08:40.81923924Z:                         ##         .
[STDERR  ] 2017-06-06T12:08:40.81924458Z:                   ## ## ##        ==
[STDERR  ] 2017-06-06T12:08:40.819249681Z:                ## ## ## ## ##    ===
[STDERR  ] 2017-06-06T12:08:40.819252207Z:            /"""""""""""""""""\___/ ===
[STDERR  ] 2017-06-06T12:08:40.819259315Z:       ~~~ {~~ ~~~~ ~~~ ~~~~ ~~~ ~ /  ===- ~~~
[STDERR  ] 2017-06-06T12:08:40.819261711Z:            \______ o           __/
[STDERR  ] 2017-06-06T12:08:40.819268938Z:              \    \         __/
[STDERR  ] 2017-06-06T12:08:40.819273827Z:               \____\_______/
[STDERR  ] 2017-06-06T12:08:40.819280463Z:  - 000-check-kernel-config
[STDERR  ] 2017-06-06T12:08:40.819285321Z: [   41.574416] ACPI: Preparing to enter system sleep state S5
[STDERR  ] 2017-06-06T12:08:40.819292349Z: [   41.576129] reboot: Power down
[STDERR  ] 2017-06-06T12:08:40.819297723Z: + grep -q suite PASSED
[STDERR  ] 2017-06-06T12:08:40.819314341Z: + echo [    0.000000] Linux version 4.11.3-linuxkit (root@84baa8e89c00) (gcc version 6.2.1 20160822 (Alpine 6.2.1) ) #1 SMP Tue May 30 11:32:52 UTC 2017
[STDERR  ] 2017-06-06T12:08:40.819317207Z: [    0.000000] Command line: console=ttyS0
[STDERR  ] 2017-06-06T12:08:40.819322415Z: [    0.000000] x86/fpu: x87 FPU will use FXSAVE
[STDERR  ] 2017-06-06T12:08:40.819332021Z: [    0.000000] e820: BIOS-provided physical RAM map:
[STDERR  ] 2017-06-06T12:08:40.819334768Z: [    0.000000] BIOS-e820: [mem 0x0000000000000000-0x000000000009fbff] usable
[STDERR  ] 2017-06-06T12:08:40.819345093Z: [    0.000000] BIOS-e820: [mem 0x000000000009fc00-0x000000000009ffff] reserved
[STDERR  ] 2017-06-06T12:08:40.819349484Z: [    0.000000] BIOS-e820: [mem 0x00000000000f0000-0x00000000000fffff] reserved
[STDERR  ] 2017-06-06T12:08:40.819358415Z: [    0.000000] BIOS-e820: [mem 0x0000000000100000-0x000000003ffdefff] usable
[STDERR  ] 2017-06-06T12:08:40.819363771Z: [    0.000000] BIOS-e820: [mem 0x000000003ffdf000-0x000000003fffffff] reserved
[STDERR  ] 2017-06-06T12:08:40.819367542Z: [    0.000000] BIOS-e820: [mem 0x00000000b0000000-0x00000000bfffffff] reserved
[STDERR  ] 2017-06-06T12:08:40.819375256Z: [    0.000000] BIOS-e820: [mem 0x00000000fed1c000-0x00000000fed1ffff] reserved
[STDERR  ] 2017-06-06T12:08:40.819380336Z: [    0.000000] BIOS-e820: [mem 0x00000000fffc0000-0x00000000ffffffff] reserved
[STDERR  ] 2017-06-06T12:08:40.819382856Z: [    0.000000] NX (Execute Disable) protection: active
[STDERR  ] 2017-06-06T12:08:40.819390949Z: [    0.000000] SMBIOS 2.8 present.
[STDERR  ] 2017-06-06T12:08:40.819396462Z: [    0.000000] DMI: QEMU Standard PC (Q35 + ICH9, 2009), BIOS rel-1.10.2-0-g5f4c7b1-prebuilt.qemu-project.org 04/01/2014
[STDERR  ] 2017-06-06T12:08:40.819402051Z: [    0.000000] e820: last_pfn = 0x3ffdf max_arch_pfn = 0x400000000
[STDERR  ] 2017-06-06T12:08:40.819407188Z: [    0.000000] x86/PAT: Configuration [0-7]: WB  WC  UC- UC  WB  WC  UC- WT  
[STDERR  ] 2017-06-06T12:08:40.819412672Z: [    0.000000] found SMP MP-table at [mem 0x000f6aa0-0x000f6aaf] mapped at [ffff9863800f6aa0]
[STDERR  ] 2017-06-06T12:08:40.81942063Z: [    0.000000] RAMDISK: [mem 0x3df86000-0x3ffcffff]
[STDERR  ] 2017-06-06T12:08:40.819423439Z: [    0.000000] ACPI: Early table checksum verification disabled
[STDERR  ] 2017-06-06T12:08:40.819433635Z: [    0.000000] ACPI: RSDP 0x00000000000F68C0 000014 (v00 BOCHS )
[STDERR  ] 2017-06-06T12:08:40.819436211Z: [    0.000000] ACPI: RSDT 0x000000003FFE2404 000034 (v01 BOCHS  BXPCRSDT 00000001 BXPC 00000001)
[STDERR  ] 2017-06-06T12:08:40.819443784Z: [    0.000000] ACPI: FACP 0x000000003FFE22A4 000074 (v01 BOCHS  BXPCFACP 00000001 BXPC 00000001)
[STDERR  ] 2017-06-06T12:08:40.819446467Z: [    0.000000] ACPI: DSDT 0x000000003FFE0040 002264 (v01 BOCHS  BXPCDSDT 00000001 BXPC 00000001)
[STDERR  ] 2017-06-06T12:08:40.8194532Z: [    0.000000] ACPI: FACS 0x000000003FFE0000 000040
[STDERR  ] 2017-06-06T12:08:40.819460824Z: [    0.000000] ACPI: APIC 0x000000003FFE2318 000078 (v01 BOCHS  BXPCAPIC 00000001 BXPC 00000001)
[STDERR  ] 2017-06-06T12:08:40.819465647Z: [    0.000000] ACPI: HPET 0x000000003FFE2390 000038 (v01 BOCHS  BXPCHPET 00000001 BXPC 00000001)
[STDERR  ] 2017-06-06T12:08:40.819470701Z: [    0.000000] ACPI: MCFG 0x000000003FFE23C8 00003C (v01 BOCHS  BXPCMCFG 00000001 BXPC 00000001)
[STDERR  ] 2017-06-06T12:08:40.819476358Z: [    0.000000] Zone ranges:
[STDERR  ] 2017-06-06T12:08:40.819481245Z: [    0.000000]   DMA      [mem 0x0000000000001000-0x0000000000ffffff]
[STDERR  ] 2017-06-06T12:08:40.819486081Z: [    0.000000]   DMA32    [mem 0x0000000001000000-0x000000003ffdefff]
[STDERR  ] 2017-06-06T12:08:40.819491682Z: [    0.000000]   Normal   empty
[STDERR  ] 2017-06-06T12:08:40.819494271Z: [    0.000000] Movable zone start for each node
[STDERR  ] 2017-06-06T12:08:40.819499105Z: [    0.000000] Early memory node ranges
[STDERR  ] 2017-06-06T12:08:40.81950641Z: [    0.000000]   node   0: [mem 0x0000000000001000-0x000000000009efff]
[STDERR  ] 2017-06-06T12:08:40.819512911Z: [    0.000000]   node   0: [mem 0x0000000000100000-0x000000003ffdefff]
[STDERR  ] 2017-06-06T12:08:40.819517776Z: [    0.000000] Initmem setup node 0 [mem 0x0000000000001000-0x000000003ffdefff]
[STDERR  ] 2017-06-06T12:08:40.819522679Z: [    0.000000] ACPI: PM-Timer IO Port: 0x608
[STDERR  ] 2017-06-06T12:08:40.819525207Z: [    0.000000] ACPI: LAPIC_NMI (acpi_id[0xff] dfl dfl lint[0x1])
[STDERR  ] 2017-06-06T12:08:40.819529998Z: [    0.000000] IOAPIC[0]: apic_id 0, version 32, address 0xfec00000, GSI 0-23
[STDERR  ] 2017-06-06T12:08:40.819537174Z: [    0.000000] ACPI: INT_SRC_OVR (bus 0 bus_irq 0 global_irq 2 dfl dfl)
[STDERR  ] 2017-06-06T12:08:40.819539746Z: [    0.000000] ACPI: INT_SRC_OVR (bus 0 bus_irq 5 global_irq 5 high level)
[STDERR  ] 2017-06-06T12:08:40.819546757Z: [    0.000000] ACPI: INT_SRC_OVR (bus 0 bus_irq 9 global_irq 9 high level)
[STDERR  ] 2017-06-06T12:08:40.819551614Z: [    0.000000] ACPI: INT_SRC_OVR (bus 0 bus_irq 10 global_irq 10 high level)
[STDERR  ] 2017-06-06T12:08:40.819556419Z: [    0.000000] ACPI: INT_SRC_OVR (bus 0 bus_irq 11 global_irq 11 high level)
[STDERR  ] 2017-06-06T12:08:40.819561257Z: [    0.000000] Using ACPI (MADT) for SMP configuration information
[STDERR  ] 2017-06-06T12:08:40.819566057Z: [    0.000000] ACPI: HPET id: 0x8086a201 base: 0xfed00000
[STDERR  ] 2017-06-06T12:08:40.81957101Z: [    0.000000] smpboot: Allowing 1 CPUs, 0 hotplug CPUs
[STDERR  ] 2017-06-06T12:08:40.819577018Z: [    0.000000] e820: [mem 0x40000000-0xafffffff] available for PCI devices
[STDERR  ] 2017-06-06T12:08:40.819581865Z: [    0.000000] Booting paravirtualized kernel on bare hardware
[STDERR  ] 2017-06-06T12:08:40.819584374Z: [    0.000000] clocksource: refined-jiffies: mask: 0xffffffff max_cycles: 0xffffffff, max_idle_ns: 19112604462750000 ns
[STDERR  ] 2017-06-06T12:08:40.819591938Z: [    0.000000] setup_percpu: NR_CPUS:128 nr_cpumask_bits:128 nr_cpu_ids:1 nr_node_ids:1
[STDERR  ] 2017-06-06T12:08:40.81959682Z: [    0.000000] percpu: Embedded 37 pages/cpu @ffff9863bdc00000 s113368 r8192 d29992 u2097152
[STDERR  ] 2017-06-06T12:08:40.819601684Z: [    0.000000] Built 1 zonelists in Zone order, mobility grouping on.  Total pages: 257896
[STDERR  ] 2017-06-06T12:08:40.819609766Z: [    0.000000] Kernel command line: console=ttyS0
[STDERR  ] 2017-06-06T12:08:40.819617342Z: [    0.000000] PID hash table entries: 4096 (order: 3, 32768 bytes)
[STDERR  ] 2017-06-06T12:08:40.819624534Z: [    0.000000] Dentry cache hash table entries: 131072 (order: 8, 1048576 bytes)
[STDERR  ] 2017-06-06T12:08:40.819629076Z: [    0.000000] Inode-cache hash table entries: 65536 (order: 7, 524288 bytes)
[STDERR  ] 2017-06-06T12:08:40.81963645Z: [    0.000000] Memory: 978688K/1048052K available (9676K kernel code, 1603K rwdata, 3156K rodata, 1480K init, 592K bss, 69364K reserved, 0K cma-reserved)
[STDERR  ] 2017-06-06T12:08:40.819642339Z: [    0.000000] Hierarchical RCU implementation.
[STDERR  ] 2017-06-06T12:08:40.819646877Z: [    0.000000] 	Build-time adjustment of leaf fanout to 64.
[STDERR  ] 2017-06-06T12:08:40.819654221Z: [    0.000000] 	RCU restricting CPUs from NR_CPUS=128 to nr_cpu_ids=1.
[STDERR  ] 2017-06-06T12:08:40.819659245Z: [    0.000000] RCU: Adjusting geometry for rcu_fanout_leaf=64, nr_cpu_ids=1
[STDERR  ] 2017-06-06T12:08:40.819664176Z: [    0.000000] NR_IRQS:8448 nr_irqs:256 16
[STDERR  ] 2017-06-06T12:08:40.819669065Z: [    0.000000] Console: colour VGA+ 80x25
[STDERR  ] 2017-06-06T12:08:40.81967383Z: [    0.000000] console [ttyS0] enabled
[STDERR  ] 2017-06-06T12:08:40.819676401Z: [    0.000000] clocksource: hpet: mask: 0xffffffff max_cycles: 0xffffffff, max_idle_ns: 19112604467 ns
[STDERR  ] 2017-06-06T12:08:40.819681497Z: [    0.010000] tsc: Fast TSC calibration failed
[STDERR  ] 2017-06-06T12:08:40.819692846Z: [    0.050000] tsc: Unable to calibrate against PIT
[STDERR  ] 2017-06-06T12:08:40.819698295Z: [    0.050000] tsc: using HPET reference calibration
[STDERR  ] 2017-06-06T12:08:40.819703466Z: [    0.050000] tsc: Detected 2599.898 MHz processor
[STDERR  ] 2017-06-06T12:08:40.819708478Z: [    0.050000] Calibrating delay loop (skipped), value calculated using timer frequency.. 5199.79 BogoMIPS (lpj=25998980)
[STDERR  ] 2017-06-06T12:08:40.819713845Z: [    0.050000] pid_max: default: 32768 minimum: 301
[STDERR  ] 2017-06-06T12:08:40.819716391Z: [    0.060725] ACPI: Core revision 20170119
[STDERR  ] 2017-06-06T12:08:40.819721077Z: [    0.115467] ACPI: 1 ACPI AML tables successfully acquired and loaded
[STDERR  ] 2017-06-06T12:08:40.819728475Z: [    0.119667] Security Framework initialized
[STDERR  ] 2017-06-06T12:08:40.819733635Z: [    0.120419] Yama: becoming mindful.
[STDERR  ] 2017-06-06T12:08:40.819741341Z: [    0.122807] Mount-cache hash table entries: 2048 (order: 2, 16384 bytes)
[STDERR  ] 2017-06-06T12:08:40.819746266Z: [    0.123729] Mountpoint-cache hash table entries: 2048 (order: 2, 16384 bytes)
[STDERR  ] 2017-06-06T12:08:40.8197505Z: [    0.143371] Last level iTLB entries: 4KB 0, 2MB 0, 4MB 0
[STDERR  ] 2017-06-06T12:08:40.819757763Z: [    0.144141] Last level dTLB entries: 4KB 0, 2MB 0, 4MB 0, 1GB 0
[STDERR  ] 2017-06-06T12:08:40.819763478Z: [    0.495048] Freeing SMP alternatives memory: 24K
[STDERR  ] 2017-06-06T12:08:40.81976592Z: [    0.504973] ftrace: allocating 42598 entries in 167 pages
[STDERR  ] 2017-06-06T12:08:40.819773233Z: [    0.697042] smpboot: Max logical packages: 1
[STDERR  ] 2017-06-06T12:08:40.819780075Z: [    0.704152] ..TIMER: vector=0x30 apic1=0 pin1=2 apic2=-1 pin2=-1
[STDERR  ] 2017-06-06T12:08:40.81978543Z: [    0.810000] smpboot: CPU0: AMD QEMU Virtual CPU version 2.5+ (family: 0x6, model: 0x6, stepping: 0x3)
[STDERR  ] 2017-06-06T12:08:40.81979069Z: [    0.810000] Performance Events: PMU not available due to virtualization, using software events only.
[STDERR  ] 2017-06-06T12:08:40.819795832Z: [    0.818899] NMI watchdog: disabled (cpu0): hardware events not enabled
[STDERR  ] 2017-06-06T12:08:40.819801271Z: [    0.819717] NMI watchdog: Shutting down hard lockup detector on all cpus
[STDERR  ] 2017-06-06T12:08:40.819806327Z: [    0.822552] smp: Bringing up secondary CPUs ...
[STDERR  ] 2017-06-06T12:08:40.819811376Z: [    0.823280] smp: Brought up 1 node, 1 CPU
[STDERR  ] 2017-06-06T12:08:40.819816519Z: [    0.823939] smpboot: Total of 1 processors activated (5199.79 BogoMIPS)
[STDERR  ] 2017-06-06T12:08:40.819827412Z: [    0.830707] sched_clock: Marking stable (830000000, 0)->(1064860061, -234860061)
[STDERR  ] 2017-06-06T12:08:40.819829989Z: [    0.841733] devtmpfs: initialized
[STDERR  ] 2017-06-06T12:08:40.819837546Z: [    0.846619] x86/mm: Memory block size: 128MB
[STDERR  ] 2017-06-06T12:08:40.819842688Z: [    0.908702] clocksource: jiffies: mask: 0xffffffff max_cycles: 0xffffffff, max_idle_ns: 19112604462750000 ns
[STDERR  ] 2017-06-06T12:08:40.81985054Z: [    0.911079] futex hash table entries: 256 (order: 2, 16384 bytes)
[STDERR  ] 2017-06-06T12:08:40.81985545Z: [    0.921003] NET: Registered protocol family 16
[STDERR  ] 2017-06-06T12:08:40.819860404Z: [    0.929022] cpuidle: using governor ladder
[STDERR  ] 2017-06-06T12:08:40.819865408Z: [    0.930133] cpuidle: using governor menu
[STDERR  ] 2017-06-06T12:08:40.819868392Z: [    0.930755] PCCT header not found.
[STDERR  ] 2017-06-06T12:08:40.819873127Z: [    0.932109] ACPI: bus type PCI registered
[STDERR  ] 2017-06-06T12:08:40.819881356Z: [    0.935124] PCI: MMCONFIG for domain 0000 [bus 00-ff] at [mem 0xb0000000-0xbfffffff] (base 0xb0000000)
[STDERR  ] 2017-06-06T12:08:40.819884044Z: [    0.936460] PCI: MMCONFIG at [mem 0xb0000000-0xbfffffff] reserved in E820
[STDERR  ] 2017-06-06T12:08:40.819891158Z: [    0.938085] PCI: Using configuration type 1 for base access
[STDERR  ] 2017-06-06T12:08:40.819896186Z: [    0.988261] HugeTLB registered 2 MB page size, pre-allocated 0 pages
[STDERR  ] 2017-06-06T12:08:40.819901415Z: [    1.000071] ACPI: Added _OSI(Module Device)
[STDERR  ] 2017-06-06T12:08:40.819908073Z: [    1.000669] ACPI: Added _OSI(Processor Device)
[STDERR  ] 2017-06-06T12:08:40.819910685Z: [    1.001118] ACPI: Added _OSI(3.0 _SCP Extensions)
[STDERR  ] 2017-06-06T12:08:40.819918079Z: [    1.001569] ACPI: Added _OSI(Processor Aggregator Device)
[STDERR  ] 2017-06-06T12:08:40.819923047Z: [    1.077762] ACPI: Interpreter enabled
[STDERR  ] 2017-06-06T12:08:40.819929451Z: [    1.079117] ACPI: (supports S0 S5)
[STDERR  ] 2017-06-06T12:08:40.819934571Z: [    1.080205] ACPI: Using IOAPIC for interrupt routing
[STDERR  ] 2017-06-06T12:08:40.819939534Z: [    1.082628] PCI: Using host bridge windows from ACPI; if necessary, use "pci=nocrs" and report a bug
[STDERR  ] 2017-06-06T12:08:40.819944486Z: [    1.144854] ACPI: PCI Root Bridge [PCI0] (domain 0000 [bus 00-ff])
[STDERR  ] 2017-06-06T12:08:40.819951501Z: [    1.146385] acpi PNP0A08:00: _OSC: OS supports [ExtendedConfig ASPM ClockPM Segments MSI]
[STDERR  ] 2017-06-06T12:08:40.819956439Z: [    1.152427] acpi PNP0A08:00: _OSC: OS now controls [PCIeHotplug PME PCIeCapability]
[STDERR  ] 2017-06-06T12:08:40.819961428Z: [    1.156752] PCI host bridge to bus 0000:00
[STDERR  ] 2017-06-06T12:08:40.819968387Z: [    1.157639] pci_bus 0000:00: root bus resource [io  0x0000-0x0cf7 window]
[STDERR  ] 2017-06-06T12:08:40.819972055Z: [    1.158343] pci_bus 0000:00: root bus resource [io  0x0d00-0xffff window]
[STDERR  ] 2017-06-06T12:08:40.819976962Z: [    1.158991] pci_bus 0000:00: root bus resource [mem 0x000a0000-0x000bffff window]
[STDERR  ] 2017-06-06T12:08:40.819984251Z: [    1.160034] pci_bus 0000:00: root bus resource [mem 0xc0000000-0xfebfffff window]
[STDERR  ] 2017-06-06T12:08:40.81999068Z: [    1.160994] pci_bus 0000:00: root bus resource [bus 00-ff]
[STDERR  ] 2017-06-06T12:08:40.819995646Z: [    1.281045] pci 0000:00:1f.0: quirk: [io  0x0600-0x067f] claimed by ICH6 ACPI/GPIO/TCO
[STDERR  ] 2017-06-06T12:08:40.820001469Z: [    1.353872] ACPI: PCI Interrupt Link [LNKA] (IRQs 5 *10 11)
[STDERR  ] 2017-06-06T12:08:40.820004327Z: [    1.356265] ACPI: PCI Interrupt Link [LNKB] (IRQs 5 *10 11)
[STDERR  ] 2017-06-06T12:08:40.820009218Z: [    1.358231] ACPI: PCI Interrupt Link [LNKC] (IRQs 5 10 *11)
[STDERR  ] 2017-06-06T12:08:40.820016592Z: [    1.360381] ACPI: PCI Interrupt Link [LNKD] (IRQs 5 10 *11)
[STDERR  ] 2017-06-06T12:08:40.820019642Z: [    1.362249] ACPI: PCI Interrupt Link [LNKE] (IRQs 5 *10 11)
[STDERR  ] 2017-06-06T12:08:40.82002692Z: [    1.364118] ACPI: PCI Interrupt Link [LNKF] (IRQs 5 *10 11)
[STDERR  ] 2017-06-06T12:08:40.820036816Z: [    1.365985] ACPI: PCI Interrupt Link [LNKG] (IRQs 5 10 *11)
[STDERR  ] 2017-06-06T12:08:40.820041979Z: [    1.367862] ACPI: PCI Interrupt Link [LNKH] (IRQs 5 10 *11)
[STDERR  ] 2017-06-06T12:08:40.820049603Z: [    1.368943] ACPI: PCI Interrupt Link [GSIA] (IRQs *16)
[STDERR  ] 2017-06-06T12:08:40.820052931Z: [    1.370003] ACPI: PCI Interrupt Link [GSIB] (IRQs *17)
[STDERR  ] 2017-06-06T12:08:40.820058075Z: [    1.370872] ACPI: PCI Interrupt Link [GSIC] (IRQs *18)
[STDERR  ] 2017-06-06T12:08:40.820066026Z: [    1.371793] ACPI: PCI Interrupt Link [GSID] (IRQs *19)
[STDERR  ] 2017-06-06T12:08:40.820071103Z: [    1.372602] ACPI: PCI Interrupt Link [GSIE] (IRQs *20)
[STDERR  ] 2017-06-06T12:08:40.820075921Z: [    1.373405] ACPI: PCI Interrupt Link [GSIF] (IRQs *21)
[STDERR  ] 2017-06-06T12:08:40.820080785Z: [    1.374212] ACPI: PCI Interrupt Link [GSIG] (IRQs *22)
[STDERR  ] 2017-06-06T12:08:40.820083286Z: [    1.375023] ACPI: PCI Interrupt Link [GSIH] (IRQs *23)
[STDERR  ] 2017-06-06T12:08:40.820088017Z: [    1.378888] ACPI: Enabled 2 GPEs in block 00 to 3F
[STDERR  ] 2017-06-06T12:08:40.820096156Z: [    1.383291] SCSI subsystem initialized
[STDERR  ] 2017-06-06T12:08:40.820101351Z: [    1.386179] pps_core: LinuxPPS API ver. 1 registered
[STDERR  ] 2017-06-06T12:08:40.820106359Z: [    1.386735] pps_core: Software ver. 5.3.6 - Copyright 2005-2007 Rodolfo Giometti <giometti@linux.it>
[STDERR  ] 2017-06-06T12:08:40.820111191Z: [    1.387881] PTP clock support registered
[STDERR  ] 2017-06-06T12:08:40.820116308Z: [    1.389206] wmi: Mapper loaded
[STDERR  ] 2017-06-06T12:08:40.820119051Z: [    1.390890] PCI: Using ACPI for IRQ routing
[STDERR  ] 2017-06-06T12:08:40.820123748Z: [    1.410359] NetLabel: Initializing
[STDERR  ] 2017-06-06T12:08:40.820133518Z: [    1.410851] NetLabel:  domain hash size = 128
[STDERR  ] 2017-06-06T12:08:40.820138537Z: [    1.411276] NetLabel:  protocols = UNLABELED CIPSOv4 CALIPSO
[STDERR  ] 2017-06-06T12:08:40.820143385Z: [    1.413748] NetLabel:  unlabeled traffic allowed by default
[STDERR  ] 2017-06-06T12:08:40.820148229Z: [    1.415172] HPET: 3 timers in total, 0 timers will be used for per-cpu timer
[STDERR  ] 2017-06-06T12:08:40.820150819Z: [    1.416281] hpet0: at MMIO 0xfed00000, IRQs 2, 8, 0
[STDERR  ] 2017-06-06T12:08:40.82015572Z: [    1.416868] hpet0: 3 comparators, 64-bit 100.000000 MHz counter
[STDERR  ] 2017-06-06T12:08:40.820163063Z: [    1.422534] clocksource: Switched to clocksource hpet
[STDERR  ] 2017-06-06T12:08:40.82016795Z: [    1.715759] VFS: Disk quotas dquot_6.6.0
[STDERR  ] 2017-06-06T12:08:40.820170655Z: [    1.717025] VFS: Dquot-cache hash table entries: 512 (order 0, 4096 bytes)
[STDERR  ] 2017-06-06T12:08:40.820175455Z: [    1.720018] FS-Cache: Loaded
[STDERR  ] 2017-06-06T12:08:40.820184052Z: [    1.725663] CacheFiles: Loaded
[STDERR  ] 2017-06-06T12:08:40.820188967Z: [    1.729021] pnp: PnP ACPI init
[STDERR  ] 2017-06-06T12:08:40.820191494Z: [    1.740319] pnp: PnP ACPI: found 5 devices
[STDERR  ] 2017-06-06T12:08:40.820196307Z: [    1.796258] clocksource: acpi_pm: mask: 0xffffff max_cycles: 0xffffff, max_idle_ns: 2085701024 ns
[STDERR  ] 2017-06-06T12:08:40.820204532Z: [    1.799684] NET: Registered protocol family 2
[STDERR  ] 2017-06-06T12:08:40.82020707Z: [    1.807132] TCP established hash table entries: 8192 (order: 4, 65536 bytes)
[STDERR  ] 2017-06-06T12:08:40.820214448Z: [    1.808272] TCP bind hash table entries: 8192 (order: 5, 131072 bytes)
[STDERR  ] 2017-06-06T12:08:40.820220188Z: [    1.809245] TCP: Hash tables configured (established 8192 bind 8192)
[STDERR  ] 2017-06-06T12:08:40.820226665Z: [    1.811459] UDP hash table entries: 512 (order: 2, 16384 bytes)
[STDERR  ] 2017-06-06T12:08:40.820231424Z: [    1.812611] UDP-Lite hash table entries: 512 (order: 2, 16384 bytes)
[STDERR  ] 2017-06-06T12:08:40.820236228Z: [    1.815757] NET: Registered protocol family 1
[STDERR  ] 2017-06-06T12:08:40.820241575Z: [    1.819341] RPC: Registered named UNIX socket transport module.
[STDERR  ] 2017-06-06T12:08:40.820252372Z: [    1.820023] RPC: Registered udp transport module.
[STDERR  ] 2017-06-06T12:08:40.820255079Z: [    1.820477] RPC: Registered tcp transport module.
[STDERR  ] 2017-06-06T12:08:40.820262251Z: [    1.820932] RPC: Registered tcp NFSv4.1 backchannel transport module.
[STDERR  ] 2017-06-06T12:08:40.820264705Z: [    1.822076] pci 0000:00:01.0: Video device with shadowed ROM at [mem 0x000c0000-0x000dffff]
[STDERR  ] 2017-06-06T12:08:40.820272054Z: [    1.831366] Unpacking initramfs...
[STDERR  ] 2017-06-06T12:08:40.82027705Z: [    6.433402] Freeing initrd memory: 33064K
[STDERR  ] 2017-06-06T12:08:40.820283954Z: [    6.471245] PCLMULQDQ-NI instructions are not detected.
[STDERR  ] 2017-06-06T12:08:40.820290456Z: [    6.475448] AVX or AES-NI instructions are not detected.
[STDERR  ] 2017-06-06T12:08:40.820295471Z: [    6.476695] CPU feature 'AVX registers' is not supported.
[STDERR  ] 2017-06-06T12:08:40.820300457Z: [    6.477545] CPU feature 'AVX registers' is not supported.
[STDERR  ] 2017-06-06T12:08:40.820305459Z: [    6.478633] CPU feature 'AVX registers' is not supported.
[STDERR  ] 2017-06-06T12:08:40.820308192Z: [    6.479471] CPU feature 'AVX registers' is not supported.
[STDERR  ] 2017-06-06T12:08:40.820313205Z: [    6.480393] AVX2 or AES-NI instructions are not detected.
[STDERR  ] 2017-06-06T12:08:40.820321535Z: [    6.481387] AVX2 instructions are not detected.
[STDERR  ] 2017-06-06T12:08:40.820326885Z: [    6.491309] audit: initializing netlink subsys (disabled)
[STDERR  ] 2017-06-06T12:08:40.82033319Z: [    6.503563] audit: type=2000 audit(1496750884.490:1): state=initialized audit_enabled=0 res=1
[STDERR  ] 2017-06-06T12:08:40.820338393Z: [    6.506995] workingset: timestamp_bits=46 max_order=18 bucket_order=0
[STDERR  ] 2017-06-06T12:08:40.820341108Z: [    6.516780] FS-Cache: Netfs 'nfs' registered for caching
[STDERR  ] 2017-06-06T12:08:40.820347476Z: [    6.520247] NFS: Registering the id_resolver key type
[STDERR  ] 2017-06-06T12:08:40.820357136Z: [    6.523320] Key type id_resolver registered
[STDERR  ] 2017-06-06T12:08:40.820362187Z: [    6.524191] Key type id_legacy registered
[STDERR  ] 2017-06-06T12:08:40.820367005Z: [    6.525079] nfs4filelayout_init: NFSv4 File Layout Driver Registering...
[STDERR  ] 2017-06-06T12:08:40.820371778Z: [    6.526586] Installing knfsd (copyright (C) 1996 okir@monad.swb.de).
[STDERR  ] 2017-06-06T12:08:40.820377058Z: [    6.531885] FS-Cache: Netfs 'cifs' registered for caching
[STDERR  ] 2017-06-06T12:08:40.820379579Z: [    6.534087] ntfs: driver 2.1.32 [Flags: R/O].
[STDERR  ] 2017-06-06T12:08:40.820384296Z: [    6.535180] fuse init (API version 7.26)
[STDERR  ] 2017-06-06T12:08:40.820391609Z: [    6.538496] SGI XFS with ACLs, security attributes, no debug enabled
[STDERR  ] 2017-06-06T12:08:40.820396696Z: [    6.545230] 9p: Installing v9fs 9p2000 file system support
[STDERR  ] 2017-06-06T12:08:40.820399417Z: [    6.546423] FS-Cache: Netfs '9p' registered for caching
[STDERR  ] 2017-06-06T12:08:40.820404293Z: [    6.586546] NET: Registered protocol family 38
[STDERR  ] 2017-06-06T12:08:40.820412342Z: [    6.587529] Key type asymmetric registered
[STDERR  ] 2017-06-06T12:08:40.820415977Z: [    6.588003] Asymmetric key parser 'x509' registered
[STDERR  ] 2017-06-06T12:08:40.820420783Z: [    6.589014] Block layer SCSI generic (bsg) driver version 0.4 loaded (major 251)
[STDERR  ] 2017-06-06T12:08:40.820428111Z: [    6.590771] io scheduler noop registered
[STDERR  ] 2017-06-06T12:08:40.820433052Z: [    6.591298] io scheduler deadline registered (default)
[STDERR  ] 2017-06-06T12:08:40.820438314Z: [    6.592234] io scheduler cfq registered
[STDERR  ] 2017-06-06T12:08:40.820443347Z: [    6.593173] io scheduler mq-deadline registered
[STDERR  ] 2017-06-06T12:08:40.820448445Z: [    6.597171] shpchp: Standard Hot Plug PCI Controller Driver version: 0.4
[STDERR  ] 2017-06-06T12:08:40.820454381Z: [    6.598390] hv_vmbus: registering driver hyperv_fb
[STDERR  ] 2017-06-06T12:08:40.820466334Z: [    6.601396] input: Power Button as /devices/LNXSYSTM:00/LNXPWRBN:00/input/input0
[STDERR  ] 2017-06-06T12:08:40.820477603Z: [    6.603699] ACPI: Power Button [PWRF]
[STDERR  ] 2017-06-06T12:08:40.820488637Z: [    6.608486] GHES: HEST is not enabled!
[STDERR  ] 2017-06-06T12:08:40.820496894Z: [    6.621403] ACPI: PCI Interrupt Link [GSIH] enabled at IRQ 23
[STDERR  ] 2017-06-06T12:08:40.820500257Z: [    6.628322] xenfs: not registering filesystem on non-xen platform
[STDERR  ] 2017-06-06T12:08:40.820509111Z: [    6.630747] Serial: 8250/16550 driver, 4 ports, IRQ sharing disabled
[STDERR  ] 2017-06-06T12:08:40.820517606Z: [    6.660076] 00:04: ttyS0 at I/O 0x3f8 (irq = 4, base_baud = 115200) is a 16550A
[STDERR  ] 2017-06-06T12:08:40.820520191Z: [    6.666308] Initializing Nozomi driver 2.1d
[STDERR  ] 2017-06-06T12:08:40.820525811Z: [    6.670564] Non-volatile memory driver v1.3
[STDERR  ] 2017-06-06T12:08:40.820535186Z: [    6.677403] Hangcheck: starting hangcheck timer 0.9.1 (tick is 180 seconds, margin is 60 seconds).
[STDERR  ] 2017-06-06T12:08:40.820540086Z: [    6.714582] loop: module loaded
[STDERR  ] 2017-06-06T12:08:40.820545406Z: [    6.767284] lpc_ich 0000:00:1f.0: I/O space for GPIO uninitialized
[STDERR  ] 2017-06-06T12:08:40.820547957Z: [    6.769190] VMware PVSCSI driver - version 1.0.7.0-k
[STDERR  ] 2017-06-06T12:08:40.820556363Z: [    6.770158] hv_vmbus: registering driver hv_storvsc
[STDERR  ] 2017-06-06T12:08:40.820561265Z: [    6.780824] ACPI: PCI Interrupt Link [GSIA] enabled at IRQ 16
[STDERR  ] 2017-06-06T12:08:40.820563719Z: [    6.788043] ahci 0000:00:1f.2: AHCI 0001.0000 32 slots 6 ports 1.5 Gbps 0x3f impl SATA mode
[STDERR  ] 2017-06-06T12:08:40.82057118Z: [    6.789236] ahci 0000:00:1f.2: flags: 64bit ncq only 
[STDERR  ] 2017-06-06T12:08:40.820576757Z: [    6.804679] scsi host0: ahci
[STDERR  ] 2017-06-06T12:08:40.820581596Z: [    6.808155] scsi host1: ahci
[STDERR  ] 2017-06-06T12:08:40.820586371Z: [    6.810264] scsi host2: ahci
[STDERR  ] 2017-06-06T12:08:40.820588894Z: [    6.812189] scsi host3: ahci
[STDERR  ] 2017-06-06T12:08:40.820593537Z: [    6.814360] scsi host4: ahci
[STDERR  ] 2017-06-06T12:08:40.820600825Z: [    6.816171] scsi host5: ahci
[STDERR  ] 2017-06-06T12:08:40.820605621Z: [    6.817655] ata1: SATA max UDMA/133 abar m4096@0xfebf1000 port 0xfebf1100 irq 24
[STDERR  ] 2017-06-06T12:08:40.820610515Z: [    6.818455] ata2: SATA max UDMA/133 abar m4096@0xfebf1000 port 0xfebf1180 irq 24
[STDERR  ] 2017-06-06T12:08:40.820615438Z: [    6.819242] ata3: SATA max UDMA/133 abar m4096@0xfebf1000 port 0xfebf1200 irq 24
[STDERR  ] 2017-06-06T12:08:40.82063013Z: [    6.819930] ata4: SATA max UDMA/133 abar m4096@0xfebf1000 port 0xfebf1280 irq 24
[STDERR  ] 2017-06-06T12:08:40.820635157Z: [    6.820625] ata5: SATA max UDMA/133 abar m4096@0xfebf1000 port 0xfebf1300 irq 24
[STDERR  ] 2017-06-06T12:08:40.82063767Z: [    6.821314] ata6: SATA max UDMA/133 abar m4096@0xfebf1000 port 0xfebf1380 irq 24
[STDERR  ] 2017-06-06T12:08:40.820642364Z: [    6.830598] Ethernet Channel Bonding Driver: v3.7.1 (April 27, 2011)
[STDERR  ] 2017-06-06T12:08:40.820649757Z: [    6.845777] tun: Universal TUN/TAP device driver, 1.6
[STDERR  ] 2017-06-06T12:08:40.820654501Z: [    6.847655] ena: Elastic Network Adapter (ENA) v1.1.2
[STDERR  ] 2017-06-06T12:08:40.820661864Z: [    6.849268] e1000: Intel(R) PRO/1000 Network Driver - version 7.3.21-k8-NAPI
[STDERR  ] 2017-06-06T12:08:40.82066679Z: [    6.849982] e1000: Copyright (c) 1999-2006 Intel Corporation.
[STDERR  ] 2017-06-06T12:08:40.820671738Z: [    6.858979] ACPI: PCI Interrupt Link [GSIG] enabled at IRQ 22
[STDERR  ] 2017-06-06T12:08:40.820676871Z: [    7.158210] ata3: SATA link up 1.5 Gbps (SStatus 113 SControl 300)
[STDERR  ] 2017-06-06T12:08:40.820688061Z: [    7.161788] ata2: SATA link down (SStatus 0 SControl 300)
[STDERR  ] 2017-06-06T12:08:40.820694097Z: [    7.163875] ata1: SATA link down (SStatus 0 SControl 300)
[STDERR  ] 2017-06-06T12:08:40.820699262Z: [    7.164666] ata5: SATA link down (SStatus 0 SControl 300)
[STDERR  ] 2017-06-06T12:08:40.820705776Z: [    7.165402] ata4: SATA link down (SStatus 0 SControl 300)
[STDERR  ] 2017-06-06T12:08:40.820716745Z: [    7.168249] ata3.00: ATAPI: QEMU DVD-ROM, 2.5+, max UDMA/100
[STDERR  ] 2017-06-06T12:08:40.820719576Z: [    7.169025] ata3.00: applying bridge limits
[STDERR  ] 2017-06-06T12:08:40.820727808Z: [    7.170968] ata3.00: configured for UDMA/100
[STDERR  ] 2017-06-06T12:08:40.820733173Z: [    7.174657] ata6: SATA link down (SStatus 0 SControl 300)
[STDERR  ] 2017-06-06T12:08:40.820738324Z: [    7.185410] scsi 2:0:0:0: CD-ROM            QEMU     QEMU DVD-ROM     2.5+ PQ: 0 ANSI: 5
[STDERR  ] 2017-06-06T12:08:40.820745625Z: [    7.205522] sr 2:0:0:0: [sr0] scsi3-mmc drive: 4x/4x cd/rw xa/form2 tray
[STDERR  ] 2017-06-06T12:08:40.820748371Z: [    7.206667] cdrom: Uniform CD-ROM driver Revision: 3.20
[STDERR  ] 2017-06-06T12:08:40.820755909Z: [    7.212676] sr 2:0:0:0: Attached scsi generic sg0 type 5
[STDERR  ] 2017-06-06T12:08:40.820758503Z: [    7.235647] e1000 0000:00:02.0 eth0: (PCI:33MHz:32-bit) 52:54:00:12:34:56
[STDERR  ] 2017-06-06T12:08:40.820767155Z: [    7.236697] e1000 0000:00:02.0 eth0: Intel(R) PRO/1000 Network Connection
[STDERR  ] 2017-06-06T12:08:40.820772915Z: [    7.237913] e1000e: Intel(R) PRO/1000 Network Driver - 3.2.6-k
[STDERR  ] 2017-06-06T12:08:40.820775601Z: [    7.238535] e1000e: Copyright(c) 1999 - 2015 Intel Corporation.
[STDERR  ] 2017-06-06T12:08:40.820784028Z: [    7.239499] igb: Intel(R) Gigabit Ethernet Network Driver - version 5.4.0-k
[STDERR  ] 2017-06-06T12:08:40.820792673Z: [    7.240176] igb: Copyright (c) 2007-2014 Intel Corporation.
[STDERR  ] 2017-06-06T12:08:40.820798435Z: [    7.241124] igbvf: Intel(R) Gigabit Virtual Function Network Driver - version 2.4.0-k
[STDERR  ] 2017-06-06T12:08:40.8208041Z: [    7.241873] igbvf: Copyright (c) 2009 - 2012 Intel Corporation.
[STDERR  ] 2017-06-06T12:08:40.820806817Z: [    7.243213] ixgbe: Intel(R) 10 Gigabit PCI Express Network Driver - version 5.0.0-k
[STDERR  ] 2017-06-06T12:08:40.820814521Z: [    7.243968] ixgbe: Copyright (c) 1999-2016 Intel Corporation.
[STDERR  ] 2017-06-06T12:08:40.82081948Z: [    7.245702] ixgbevf: Intel(R) 10 Gigabit PCI Express Virtual Function Network Driver - version 3.2.2-k
[STDERR  ] 2017-06-06T12:08:40.820821941Z: [    7.246629] ixgbevf: Copyright (c) 2009 - 2015 Intel Corporation.
[STDERR  ] 2017-06-06T12:08:40.820829376Z: [    7.248210] ixgb: Intel(R) PRO/10GbE Network Driver - version 1.0.135-k2-NAPI
[STDERR  ] 2017-06-06T12:08:40.820834352Z: [    7.248914] ixgb: Copyright (c) 1999-2008 Intel Corporation.
[STDERR  ] 2017-06-06T12:08:40.820839431Z: [    7.250040] PPP generic driver version 2.4.2
[STDERR  ] 2017-06-06T12:08:40.820844759Z: [    7.251591] PPP BSD Compression module registered
[STDERR  ] 2017-06-06T12:08:40.820849865Z: [    7.252162] PPP Deflate Compression module registered
[STDERR  ] 2017-06-06T12:08:40.820854848Z: [    7.253416] PPP MPPE Compression module registered
[STDERR  ] 2017-06-06T12:08:40.820857596Z: [    7.253982] NET: Registered protocol family 24
[STDERR  ] 2017-06-06T12:08:40.82086312Z: [    7.254853] PPTP driver version 0.8.5
[STDERR  ] 2017-06-06T12:08:40.820870833Z: [    7.256180] VMware vmxnet3 virtual NIC driver - version 1.4.a.0-k-NAPI
[STDERR  ] 2017-06-06T12:08:40.820875737Z: [    7.257330] hv_vmbus: registering driver hv_netvsc
[STDERR  ] 2017-06-06T12:08:40.82088099Z: [    7.257838] Fusion MPT base driver 3.04.20
[STDERR  ] 2017-06-06T12:08:40.820886046Z: [    7.258256] Copyright (c) 1999-2008 LSI Corporation
[STDERR  ] 2017-06-06T12:08:40.820893974Z: [    7.259001] Fusion MPT SPI Host driver 3.04.20
[STDERR  ] 2017-06-06T12:08:40.82089672Z: [    7.264262] aoe: AoE v85 initialised.
[STDERR  ] 2017-06-06T12:08:40.820903997Z: [    7.266932] i8042: PNP: PS/2 Controller [PNP0303:KBD,PNP0f13:MOU] at 0x60,0x64 irq 1,12
[STDERR  ] 2017-06-06T12:08:40.820908318Z: [    7.271310] serio: i8042 KBD port at 0x60,0x64 irq 1
[STDERR  ] 2017-06-06T12:08:40.820915662Z: [    7.272631] serio: i8042 AUX port at 0x60,0x64 irq 12
[STDERR  ] 2017-06-06T12:08:40.820921118Z: [    7.275398] hv_vmbus: registering driver hyperv_keyboard
[STDERR  ] 2017-06-06T12:08:40.820931316Z: [    7.277545] mousedev: PS/2 mouse device common for all mice
[STDERR  ] 2017-06-06T12:08:40.820936439Z: [    7.282065] input: AT Translated Set 2 keyboard as /devices/platform/i8042/serio0/input/input1
[STDERR  ] 2017-06-06T12:08:40.820938877Z: [    7.284348] input: PC Speaker as /devices/platform/pcspkr/input/input2
[STDERR  ] 2017-06-06T12:08:40.820946249Z: [    7.288972] rtc_cmos 00:00: RTC can wake from S4
[STDERR  ] 2017-06-06T12:08:40.820951186Z: [    7.292173] rtc_cmos 00:00: rtc core: registered rtc_cmos as rtc0
[STDERR  ] 2017-06-06T12:08:40.820956289Z: [    7.293975] rtc_cmos 00:00: alarms up to one day, y3k, 114 bytes nvram, hpet irqs
[STDERR  ] 2017-06-06T12:08:40.820958883Z: [    7.295017] i2c /dev entries driver
[STDERR  ] 2017-06-06T12:08:40.820963655Z: [    7.297046] device-mapper: ioctl: 4.35.0-ioctl (2016-06-23) initialised: dm-devel@redhat.com
[STDERR  ] 2017-06-06T12:08:40.820972194Z: [    7.301293] hv_utils: Registering HyperV Utility Driver
[STDERR  ] 2017-06-06T12:08:40.820977097Z: [    7.301858] hv_vmbus: registering driver hv_util
[STDERR  ] 2017-06-06T12:08:40.82098192Z: [    7.302722] hv_vmbus: registering driver hv_balloon
[STDERR  ] 2017-06-06T12:08:40.820987462Z: [    7.303603] oprofile: using NMI interrupt.
[STDERR  ] 2017-06-06T12:08:40.820992358Z: [    7.304923] GACT probability on
[STDERR  ] 2017-06-06T12:08:40.820997122Z: [    7.305675] Mirror/redirect action on
[STDERR  ] 2017-06-06T12:08:40.821002231Z: [    7.306671] Simple TC action Loaded
[STDERR  ] 2017-06-06T12:08:40.821008968Z: [    7.309572] netem: version 1.3
[STDERR  ] 2017-06-06T12:08:40.821014559Z: [    7.309960] u32 classifier
[STDERR  ] 2017-06-06T12:08:40.82101982Z: [    7.310254]     Performance counters on
[STDERR  ] 2017-06-06T12:08:40.821025361Z: [    7.310624]     input device check on
[STDERR  ] 2017-06-06T12:08:40.821030283Z: [    7.310971]     Actions configured
[STDERR  ] 2017-06-06T12:08:40.821035206Z: [    7.311767] Netfilter messages via NETLINK v0.30.
[STDERR  ] 2017-06-06T12:08:40.821040166Z: [    7.312947] nfnl_acct: registering with nfnetlink.
[STDERR  ] 2017-06-06T12:08:40.821046834Z: [    7.314642] nf_conntrack version 0.5.0 (8192 buckets, 32768 max)
[STDERR  ] 2017-06-06T12:08:40.821051893Z: [    7.317273] ctnetlink v0.93: registering with nfnetlink.
[STDERR  ] 2017-06-06T12:08:40.821058258Z: [    7.320496] nf_tables: (c) 2007-2009 Patrick McHardy <kaber@trash.net>
[STDERR  ] 2017-06-06T12:08:40.821063423Z: [    7.321687] nf_tables_compat: (c) 2012 Pablo Neira Ayuso <pablo@netfilter.org>
[STDERR  ] 2017-06-06T12:08:40.821066537Z: [    7.324982] xt_time: kernel timezone is -0000
[STDERR  ] 2017-06-06T12:08:40.821071624Z: [    7.325800] ip_set: protocol 6
[STDERR  ] 2017-06-06T12:08:40.821079049Z: [    7.326636] IPVS: Registered protocols (TCP, UDP, SCTP, AH, ESP)
[STDERR  ] 2017-06-06T12:08:40.821085746Z: [    7.327534] IPVS: Connection hash table configured (size=4096, memory=64Kbytes)
[STDERR  ] 2017-06-06T12:08:40.82108879Z: [    7.329510] IPVS: Creating netns size=2096 id=0
[STDERR  ] 2017-06-06T12:08:40.821093744Z: [    7.332675] IPVS: ipvs loaded.
[STDERR  ] 2017-06-06T12:08:40.821100953Z: [    7.333379] IPVS: [rr] scheduler registered.
[STDERR  ] 2017-06-06T12:08:40.821107393Z: [    7.333853] IPVS: [wrr] scheduler registered.
[STDERR  ] 2017-06-06T12:08:40.821112411Z: [    7.334355] IPVS: [lc] scheduler registered.
[STDERR  ] 2017-06-06T12:08:40.82111732Z: [    7.334774] IPVS: [wlc] scheduler registered.
[STDERR  ] 2017-06-06T12:08:40.821123267Z: [    7.335196] IPVS: [fo] scheduler registered.
[STDERR  ] 2017-06-06T12:08:40.821128331Z: [    7.335618] IPVS: [ovf] scheduler registered.
[STDERR  ] 2017-06-06T12:08:40.821133285Z: [    7.336266] IPVS: [lblc] scheduler registered.
[STDERR  ] 2017-06-06T12:08:40.82113827Z: [    7.336816] IPVS: [lblcr] scheduler registered.
[STDERR  ] 2017-06-06T12:08:40.821143191Z: [    7.337331] IPVS: [dh] scheduler registered.
[STDERR  ] 2017-06-06T12:08:40.821150885Z: [    7.337758] IPVS: [sh] scheduler registered.
[STDERR  ] 2017-06-06T12:08:40.821158778Z: [    7.338183] IPVS: [sed] scheduler registered.
[STDERR  ] 2017-06-06T12:08:40.821161418Z: [    7.338599] IPVS: [nq] scheduler registered.
[STDERR  ] 2017-06-06T12:08:40.821166444Z: [    7.339543] IPVS: ftp: loaded support on port[0] = 21
[STDERR  ] 2017-06-06T12:08:40.821173822Z: [    7.340558] ipip: IPv4 and MPLS over IPv4 tunneling driver
[STDERR  ] 2017-06-06T12:08:40.821178585Z: [    7.344439] gre: GRE over IPv4 demultiplexor driver
[STDERR  ] 2017-06-06T12:08:40.821183573Z: [    7.344993] ip_gre: GRE over IPv4 tunneling driver
[STDERR  ] 2017-06-06T12:08:40.821186092Z: [    7.349009] IPv4 over IPsec tunneling driver
[STDERR  ] 2017-06-06T12:08:40.821193361Z: [    7.355063] ip_tables: (C) 2000-2006 Netfilter Core Team
[STDERR  ] 2017-06-06T12:08:40.821196594Z: [    7.358738] ipt_CLUSTERIP: ClusterIP Version 0.8 loaded successfully
[STDERR  ] 2017-06-06T12:08:40.821204205Z: [    7.359768] arp_tables: arp_tables: (C) 2002 David S. Miller
[STDERR  ] 2017-06-06T12:08:40.821209784Z: [    7.361944] Initializing XFRM netlink socket
[STDERR  ] 2017-06-06T12:08:40.821215764Z: [    7.363781] NET: Registered protocol family 10
[STDERR  ] 2017-06-06T12:08:40.821220542Z: [    7.375021] Segment Routing with IPv6
[STDERR  ] 2017-06-06T12:08:40.821225376Z: [    7.376584] mip6: Mobile IPv6
[STDERR  ] 2017-06-06T12:08:40.821322984Z: [    7.377680] ip6_tables: (C) 2000-2006 Netfilter Core Team
[STDERR  ] 2017-06-06T12:08:40.821328932Z: [    7.385547] sit: IPv6, IPv4 and MPLS over IPv4 tunneling driver
[STDERR  ] 2017-06-06T12:08:40.821333963Z: [    7.391132] ip6_gre: GRE over IPv6 tunneling driver
[STDERR  ] 2017-06-06T12:08:40.821338795Z: [    7.394693] NET: Registered protocol family 17
[STDERR  ] 2017-06-06T12:08:40.821344087Z: [    7.395578] NET: Registered protocol family 15
[STDERR  ] 2017-06-06T12:08:40.821346714Z: [    7.396704] Bridge firewalling registered
[STDERR  ] 2017-06-06T12:08:40.821351546Z: [    7.397440] Ebtables v2.0 registered
[STDERR  ] 2017-06-06T12:08:40.821359157Z: [    7.400624] l2tp_core: L2TP core driver, V2.0
[STDERR  ] 2017-06-06T12:08:40.82136327Z: [    7.401325] l2tp_ppp: PPPoL2TP kernel driver, V2.0
[STDERR  ] 2017-06-06T12:08:40.821370609Z: [    7.401825] 8021q: 802.1Q VLAN Support v1.8
[STDERR  ] 2017-06-06T12:08:40.821373146Z: [    7.403808] 9pnet: Installing 9P2000 support
[STDERR  ] 2017-06-06T12:08:40.821380605Z: [    7.404888] Key type dns_resolver registered
[STDERR  ] 2017-06-06T12:08:40.821385575Z: [    7.405392] openvswitch: Open vSwitch switching datapath
[STDERR  ] 2017-06-06T12:08:40.821391506Z: [    7.407619] mpls_gso: MPLS GSO support
[STDERR  ] 2017-06-06T12:08:40.821398742Z: [    7.411092] registered taskstats version 1
[STDERR  ] 2017-06-06T12:08:40.821403839Z: [    7.451484] tsc: Refined TSC clocksource calibration: 2599.874 MHz
[STDERR  ] 2017-06-06T12:08:40.821406541Z: [    7.452741] clocksource: tsc: mask: 0xffffffffffffffff max_cycles: 0x2579c5363ea, max_idle_ns: 440795296162 ns
[STDERR  ] 2017-06-06T12:08:40.821412265Z: [    7.600446] Key type big_key registered
[STDERR  ] 2017-06-06T12:08:40.821419908Z: [    7.647439] Key type encrypted registered
[STDERR  ] 2017-06-06T12:08:40.821424951Z: [    7.652068] rtc_cmos 00:00: setting system clock to 2017-06-06 12:08:06 UTC (1496750886)
[STDERR  ] 2017-06-06T12:08:40.821431598Z: [    7.801382] Freeing unused kernel memory: 1480K
[STDERR  ] 2017-06-06T12:08:40.821434187Z: [    7.802218] Write protecting the kernel read-only data: 14336k
[STDERR  ] 2017-06-06T12:08:40.821438917Z: [    7.811778] Freeing unused kernel memory: 548K
[STDERR  ] 2017-06-06T12:08:40.821446227Z: [    7.917800] Freeing unused kernel memory: 940K
[STDERR  ] 2017-06-06T12:08:40.82145104Z: [    8.473263] clocksource: Switched to clocksource tsc
[STDERR  ] 2017-06-06T12:08:40.821455988Z: 
[STDERR  ] 2017-06-06T12:08:40.821460954Z: Welcome to LinuxKit
[STDERR  ] 2017-06-06T12:08:40.821465777Z: 
[STDERR  ] 2017-06-06T12:08:40.821470833Z:                         ##         .
[STDERR  ] 2017-06-06T12:08:40.821477252Z:                   ## ## ##        ==
[STDERR  ] 2017-06-06T12:08:40.821489405Z:                ## ## ## ## ##    ===
[STDERR  ] 2017-06-06T12:08:40.82149455Z:            /"""""""""""""""""\___/ ===
[STDERR  ] 2017-06-06T12:08:40.82149952Z:       ~~~ {~~ ~~~~ ~~~ ~~~~ ~~~ ~ /  ===- ~~~
[STDERR  ] 2017-06-06T12:08:40.821504621Z:            \______ o           __/
[STDERR  ] 2017-06-06T12:08:40.821509482Z:              \    \         __/
[STDERR  ] 2017-06-06T12:08:40.821511961Z:               \____\_______/
[STDERR  ] 2017-06-06T12:08:40.821519261Z: 
[STDERR  ] 2017-06-06T12:08:40.821524111Z: 
[STDERR  ] 2017-06-06T12:08:40.821528921Z: 
[STDERR  ] 2017-06-06T12:08:40.821533816Z: Starting containerd
[STDERR  ] 2017-06-06T12:08:40.821538818Z: / # [6n[34mINFO[0m[0000] starting containerd boot...                   [34mmodule[0m=containerd
[STDERR  ] 2017-06-06T12:08:40.821545238Z: [34mINFO[0m[0000] starting debug API...                         [34mdebug[0m="/run/containerd/debug.sock" [34mmodule[0m=containerd
[STDERR  ] 2017-06-06T12:08:40.821550534Z: [34mINFO[0m[0000] loading monitor plugin "cgroups"...           [34mmodule[0m=containerd
[STDERR  ] 2017-06-06T12:08:40.821553165Z: [34mINFO[0m[0000] loading runtime plugin "linux"...             [34mmodule[0m=containerd
[STDERR  ] 2017-06-06T12:08:40.821562465Z: [34mINFO[0m[0000] loading snapshot plugin "snapshot-overlay"...  [34mmodule[0m=containerd
[STDERR  ] 2017-06-06T12:08:40.821565599Z: [34mINFO[0m[0000] loading grpc service plugin "images-grpc"...  [34mmodule[0m=containerd
[STDERR  ] 2017-06-06T12:08:40.821574468Z: [34mINFO[0m[0000] loading grpc service plugin "metrics-grpc"...  [34mmodule[0m=containerd
[STDERR  ] 2017-06-06T12:08:40.821579869Z: [34mINFO[0m[0000] loading grpc service plugin "containers-grpc"...  [34mmodule[0m=containerd
[STDERR  ] 2017-06-06T12:08:40.821585231Z: [34mINFO[0m[0000] loading grpc service plugin "content-grpc"...  [34mmodule[0m=containerd
[STDERR  ] 2017-06-06T12:08:40.821591658Z: [34mINFO[0m[0000] loading grpc service plugin "diff-grpc"...    [34mmodule[0m=containerd
[STDERR  ] 2017-06-06T12:08:40.821596785Z: [34mINFO[0m[0000] loading grpc service plugin "healthcheck-grpc"...  [34mmodule[0m=containerd
[STDERR  ] 2017-06-06T12:08:40.821605941Z: [34mINFO[0m[0000] loading grpc service plugin "tasks-grpc"...   [34mmodule[0m=containerd
[STDERR  ] 2017-06-06T12:08:40.821611686Z: [34mINFO[0m[0000] loading grpc service plugin "snapshots-grpc"...  [34mmodule[0m=containerd
[STDERR  ] 2017-06-06T12:08:40.821616671Z: [34mINFO[0m[0000] loading grpc service plugin "version-grpc"...  [34mmodule[0m=containerd
[STDERR  ] 2017-06-06T12:08:40.821621877Z: [   15.434780] random: fast init done
[STDERR  ] 2017-06-06T12:08:40.82162683Z: [34mINFO[0m[0000] starting GRPC API server...                   [34mmodule[0m=containerd
[STDERR  ] 2017-06-06T12:08:40.821632756Z: [34mINFO[0m[0000] starting metrics API...                       [34mmetrics[0m=":13337" [34mmodule[0m=containerd
[STDERR  ] 2017-06-06T12:08:40.821638066Z: [34mINFO[0m[0000] containerd successfully booted in 0.173236s   [34mmodule[0m=containerd
[STDERR  ] 2017-06-06T12:08:40.821643511Z: starting kernel config sanity test with /proc/config.gz
[STDERR  ] 2017-06-06T12:08:40.82164869Z: CONFIG_DEBUG_RODATA=y
[STDERR  ] 2017-06-06T12:08:40.821653829Z: CONFIG_DEBUG_SET_MODULE_RONX=y
[STDERR  ] 2017-06-06T12:08:40.821658787Z: CONFIG_BUG_ON_DATA_CORRUPTION=y
[STDERR  ] 2017-06-06T12:08:40.821663829Z: kernel config test succeeded!
[STDERR  ] 2017-06-06T12:08:40.82166912Z: [37minfo: reading kernel config from /proc/config.gz ...[m
[STDERR  ] 2017-06-06T12:08:40.821675378Z: 
[STDERR  ] 2017-06-06T12:08:40.82167791Z: Generally Necessary:
[STDERR  ] 2017-06-06T12:08:40.821690658Z: - [37mcgroup hierarchy[m: [32mproperly mounted[m [/sys/fs/cgroup]
[STDERR  ] 2017-06-06T12:08:40.821693887Z: - [37mCONFIG_NAMESPACES[m: [32menabled[m
[STDERR  ] 2017-06-06T12:08:40.82170432Z: - [37mCONFIG_NET_NS[m: [32menabled[m
[STDERR  ] 2017-06-06T12:08:40.821706968Z: - [37mCONFIG_PID_NS[m: [32menabled[m
[STDERR  ] 2017-06-06T12:08:40.821718545Z: - [37mCONFIG_IPC_NS[m: [32menabled[m
[STDERR  ] 2017-06-06T12:08:40.821725415Z: - [37mCONFIG_UTS_NS[m: [32menabled[m
[STDERR  ] 2017-06-06T12:08:40.821728231Z: - [37mCONFIG_CGROUPS[m: [32menabled[m
[STDERR  ] 2017-06-06T12:08:40.821736792Z: - [37mCONFIG_CGROUP_CPUACCT[m: [32menabled[m
[STDERR  ] 2017-06-06T12:08:40.821741986Z: - [37mCONFIG_CGROUP_DEVICE[m: [32menabled[m
[STDERR  ] 2017-06-06T12:08:40.821747827Z: - [37mCONFIG_CGROUP_FREEZER[m: [32menabled[m
[STDERR  ] 2017-06-06T12:08:40.821750574Z: - [37mCONFIG_CGROUP_SCHED[m: [32menabled[m
[STDERR  ] 2017-06-06T12:08:40.821755606Z: - [37mCONFIG_CPUSETS[m: [32menabled[m
[STDERR  ] 2017-06-06T12:08:40.8217633Z: - [37mCONFIG_MEMCG[m: [32menabled[m
[STDERR  ] 2017-06-06T12:08:40.821768214Z: - [37mCONFIG_KEYS[m: [32menabled[m
[STDERR  ] 2017-06-06T12:08:40.821773148Z: - [37mCONFIG_VETH[m: [32menabled[m
[STDERR  ] 2017-06-06T12:08:40.821775672Z: - [37mCONFIG_BRIDGE[m: [32menabled[m
[STDERR  ] 2017-06-06T12:08:40.821780506Z: - [37mCONFIG_BRIDGE_NETFILTER[m: [32menabled[m
[STDERR  ] 2017-06-06T12:08:40.821787789Z: - [37mCONFIG_NF_NAT_IPV4[m: [32menabled[m
[STDERR  ] 2017-06-06T12:08:40.821793135Z: - [37mCONFIG_IP_NF_FILTER[m: [32menabled[m
[STDERR  ] 2017-06-06T12:08:40.821795682Z: - [37mCONFIG_IP_NF_TARGET_MASQUERADE[m: [32menabled[m
[STDERR  ] 2017-06-06T12:08:40.821801202Z: - [37mCONFIG_NETFILTER_XT_MATCH_ADDRTYPE[m: [32menabled[m
