[INFO    ] 2017-05-26T16:39:11.95150675Z: Running Test linuxkit.kernel.config_4.10.x in /tmp/with_clone21d780ee/test/cases/020_kernel/002_config_4.10.x
[INFO    ] 2017-05-26T16:39:11.951621472Z: Running command: [/bin/sh -x /tmp/with_clone21d780ee/test/cases/020_kernel/002_config_4.10.x/test.sh]
[STDERR  ] 2017-05-26T16:39:11.96445418Z: + set -e
[STDERR  ] 2017-05-26T16:39:11.964465042Z: + . /tmp/with_clone21d780ee/test/cases/_lib/lib.sh
[STDERR  ] 2017-05-26T16:39:11.964469554Z: + [ -f src/github.com/linuxkit/rtf/lib/lib.sh ]
[STDERR  ] 2017-05-26T16:39:11.964482029Z: + LINUXKIT_TMPDIR=/tmp/with_clone21d780ee/test/cases/_tmp
[STDERR  ] 2017-05-26T16:39:11.964485883Z: + [ -f /tmp/with_clone21d780ee/test/cases/_tmp/env.sh ]
[STDERR  ] 2017-05-26T16:39:11.964497495Z: + . /tmp/with_clone21d780ee/test/cases/_tmp/env.sh
[STDERR  ] 2017-05-26T16:39:11.964506276Z: + export LINUXKIT_EXAMPLES_DIR=/tmp/with_clone21d780ee/test/cases/../../examples
[STDERR  ] 2017-05-26T16:39:11.964516085Z: + RT_CANCEL=253
[STDERR  ] 2017-05-26T16:39:11.964523542Z: + trap clean_up EXIT
[STDERR  ] 2017-05-26T16:39:11.964530821Z: + moby build -output kernel+initrd test-kernel-config
[STDERR  ] 2017-05-26T16:39:11.964538393Z: Extract kernel image: linuxkit/kernel:4.10.x
[STDERR  ] 2017-05-26T16:39:23.116185089Z: Add init containers:
[STDERR  ] 2017-05-26T16:39:23.11621474Z: Process init image: linuxkit/init:4fc8aa82ab34d62d510575c8fbe0c58b7ba9c480
[STDERR  ] 2017-05-26T16:39:23.599000031Z: Process init image: linuxkit/runc:3a4e6cbf15470f62501b019b55e1caac5ee7689f
[STDERR  ] 2017-05-26T16:39:25.08894173Z: Process init image: linuxkit/containerd:b1766e4c4c09f63ac4925a6e4612852a93f7e73b
[STDERR  ] 2017-05-26T16:39:30.401862535Z: Add onboot containers:
[STDERR  ] 2017-05-26T16:39:30.402707893Z:   Create OCI config for linuxkit/test-kernel-config:ecff41279ccbc408079a3996a956432651c6eb9c
[STDERR  ] 2017-05-26T16:39:31.596222421Z:   Create OCI config for linuxkit/poweroff:a8f1e4ad8d459f1fdaad9e4b007512cb3b504ae8
[STDERR  ] 2017-05-26T16:39:32.108557926Z: Create outputs:
[STDERR  ] 2017-05-26T16:39:41.650666078Z:   test-kernel-config-kernel test-kernel-config-initrd.img test-kernel-config-cmdline
[STDERR  ] 2017-05-26T16:39:41.892546496Z: + linuxkit run qemu test-kernel-config
[STDERR  ] 2017-05-26T16:41:01.132288055Z: + RESULT=[    0.000000] Linux version 4.10.17-linuxkit (root@84baa8e89c00) (gcc version 6.2.1 20160822 (Alpine 6.2.1) ) #1 SMP Mon May 22 13:59:32 UTC 2017
[STDERR  ] 2017-05-26T16:41:01.132303427Z: [    0.000000] Command line: console=ttyS0
[STDERR  ] 2017-05-26T16:41:01.132329017Z: [    0.000000] x86/fpu: Legacy x87 FPU detected.
[STDERR  ] 2017-05-26T16:41:01.132344034Z: [    0.000000] e820: BIOS-provided physical RAM map:
[STDERR  ] 2017-05-26T16:41:01.132359311Z: [    0.000000] BIOS-e820: [mem 0x0000000000000000-0x000000000009fbff] usable
[STDERR  ] 2017-05-26T16:41:01.132387417Z: [    0.000000] BIOS-e820: [mem 0x000000000009fc00-0x000000000009ffff] reserved
[STDERR  ] 2017-05-26T16:41:01.132402156Z: [    0.000000] BIOS-e820: [mem 0x00000000000f0000-0x00000000000fffff] reserved
[STDERR  ] 2017-05-26T16:41:01.132416325Z: [    0.000000] BIOS-e820: [mem 0x0000000000100000-0x000000003ffdefff] usable
[STDERR  ] 2017-05-26T16:41:01.132424282Z: [    0.000000] BIOS-e820: [mem 0x000000003ffdf000-0x000000003fffffff] reserved
[STDERR  ] 2017-05-26T16:41:01.132456396Z: [    0.000000] BIOS-e820: [mem 0x00000000b0000000-0x00000000bfffffff] reserved
[STDERR  ] 2017-05-26T16:41:01.132464582Z: [    0.000000] BIOS-e820: [mem 0x00000000fed1c000-0x00000000fed1ffff] reserved
[STDERR  ] 2017-05-26T16:41:01.132490136Z: [    0.000000] BIOS-e820: [mem 0x00000000fffc0000-0x00000000ffffffff] reserved
[STDERR  ] 2017-05-26T16:41:01.13249794Z: [    0.000000] NX (Execute Disable) protection: active
[STDERR  ] 2017-05-26T16:41:01.132518129Z: [    0.000000] SMBIOS 2.8 present.
[STDERR  ] 2017-05-26T16:41:01.132536942Z: [    0.000000] DMI: QEMU Standard PC (Q35 + ICH9, 2009), BIOS rel-1.10.1-0-g8891697-prebuilt.qemu-project.org 04/01/2014
[STDERR  ] 2017-05-26T16:41:01.132554125Z: [    0.000000] e820: last_pfn = 0x3ffdf max_arch_pfn = 0x400000000
[STDERR  ] 2017-05-26T16:41:01.132566057Z: [    0.000000] x86/PAT: Configuration [0-7]: WB  WC  UC- UC  WB  WC  UC- WT  
[STDERR  ] 2017-05-26T16:41:01.132586626Z: [    0.000000] found SMP MP-table at [mem 0x000f6aa0-0x000f6aaf] mapped at [ffff9f9bc00f6aa0]
[STDERR  ] 2017-05-26T16:41:01.133098961Z: [    0.000000] RAMDISK: [mem 0x3df37000-0x3ffcffff]
[STDERR  ] 2017-05-26T16:41:01.133181124Z: [    0.000000] ACPI: Early table checksum verification disabled
[STDERR  ] 2017-05-26T16:41:01.134152235Z: [    0.000000] ACPI: RSDP 0x00000000000F68C0 000014 (v00 BOCHS )
[STDERR  ] 2017-05-26T16:41:01.134180075Z: [    0.000000] ACPI: RSDT 0x000000003FFE2404 000034 (v01 BOCHS  BXPCRSDT 00000001 BXPC 00000001)
[STDERR  ] 2017-05-26T16:41:01.134203196Z: [    0.000000] ACPI: FACP 0x000000003FFE22A4 000074 (v01 BOCHS  BXPCFACP 00000001 BXPC 00000001)
[STDERR  ] 2017-05-26T16:41:01.13422534Z: [    0.000000] ACPI: DSDT 0x000000003FFE0040 002264 (v01 BOCHS  BXPCDSDT 00000001 BXPC 00000001)
[STDERR  ] 2017-05-26T16:41:01.134247938Z: [    0.000000] ACPI: FACS 0x000000003FFE0000 000040
[STDERR  ] 2017-05-26T16:41:01.134306821Z: [    0.000000] ACPI: APIC 0x000000003FFE2318 000078 (v01 BOCHS  BXPCAPIC 00000001 BXPC 00000001)
[STDERR  ] 2017-05-26T16:41:01.134329876Z: [    0.000000] ACPI: HPET 0x000000003FFE2390 000038 (v01 BOCHS  BXPCHPET 00000001 BXPC 00000001)
[STDERR  ] 2017-05-26T16:41:01.134347787Z: [    0.000000] ACPI: MCFG 0x000000003FFE23C8 00003C (v01 BOCHS  BXPCMCFG 00000001 BXPC 00000001)
[STDERR  ] 2017-05-26T16:41:01.134382255Z: [    0.000000] Zone ranges:
[STDERR  ] 2017-05-26T16:41:01.134407462Z: [    0.000000]   DMA      [mem 0x0000000000001000-0x0000000000ffffff]
[STDERR  ] 2017-05-26T16:41:01.134419711Z: [    0.000000]   DMA32    [mem 0x0000000001000000-0x000000003ffdefff]
[STDERR  ] 2017-05-26T16:41:01.134453762Z: [    0.000000]   Normal   empty
[STDERR  ] 2017-05-26T16:41:01.134467142Z: [    0.000000] Movable zone start for each node
[STDERR  ] 2017-05-26T16:41:01.134499663Z: [    0.000000] Early memory node ranges
[STDERR  ] 2017-05-26T16:41:01.134521813Z: [    0.000000]   node   0: [mem 0x0000000000001000-0x000000000009efff]
[STDERR  ] 2017-05-26T16:41:01.134545075Z: [    0.000000]   node   0: [mem 0x0000000000100000-0x000000003ffdefff]
[STDERR  ] 2017-05-26T16:41:01.134556151Z: [    0.000000] Initmem setup node 0 [mem 0x0000000000001000-0x000000003ffdefff]
[STDERR  ] 2017-05-26T16:41:01.134590316Z: [    0.000000] ACPI: PM-Timer IO Port: 0x608
[STDERR  ] 2017-05-26T16:41:01.134646045Z: [    0.000000] ACPI: LAPIC_NMI (acpi_id[0xff] dfl dfl lint[0x1])
[STDERR  ] 2017-05-26T16:41:01.134663963Z: [    0.000000] IOAPIC[0]: apic_id 0, version 32, address 0xfec00000, GSI 0-23
[STDERR  ] 2017-05-26T16:41:01.134791037Z: [    0.000000] ACPI: INT_SRC_OVR (bus 0 bus_irq 0 global_irq 2 dfl dfl)
[STDERR  ] 2017-05-26T16:41:01.135057166Z: [    0.000000] ACPI: INT_SRC_OVR (bus 0 bus_irq 5 global_irq 5 high level)
[STDERR  ] 2017-05-26T16:41:01.135142622Z: [    0.000000] ACPI: INT_SRC_OVR (bus 0 bus_irq 9 global_irq 9 high level)
[STDERR  ] 2017-05-26T16:41:01.135270464Z: [    0.000000] ACPI: INT_SRC_OVR (bus 0 bus_irq 10 global_irq 10 high level)
[STDERR  ] 2017-05-26T16:41:01.135294552Z: [    0.000000] ACPI: INT_SRC_OVR (bus 0 bus_irq 11 global_irq 11 high level)
[STDERR  ] 2017-05-26T16:41:01.135306426Z: [    0.000000] Using ACPI (MADT) for SMP configuration information
[STDERR  ] 2017-05-26T16:41:01.135327456Z: [    0.000000] ACPI: HPET id: 0x8086a201 base: 0xfed00000
[STDERR  ] 2017-05-26T16:41:01.135360604Z: [    0.000000] smpboot: Allowing 1 CPUs, 0 hotplug CPUs
[STDERR  ] 2017-05-26T16:41:01.135383553Z: [    0.000000] e820: [mem 0x40000000-0xafffffff] available for PCI devices
[STDERR  ] 2017-05-26T16:41:01.135414928Z: [    0.000000] Booting paravirtualized kernel on bare hardware
[STDERR  ] 2017-05-26T16:41:01.135427092Z: [    0.000000] clocksource: refined-jiffies: mask: 0xffffffff max_cycles: 0xffffffff, max_idle_ns: 19112604462750000 ns
[STDERR  ] 2017-05-26T16:41:01.135456021Z: [    0.000000] setup_percpu: NR_CPUS:128 nr_cpumask_bits:128 nr_cpu_ids:1 nr_node_ids:1
[STDERR  ] 2017-05-26T16:41:01.135535995Z: [    0.000000] percpu: Embedded 35 pages/cpu @ffff9f9bfdc00000 s105432 r8192 d29736 u2097152
[STDERR  ] 2017-05-26T16:41:01.135556743Z: [    0.000000] Built 1 zonelists in Zone order, mobility grouping on.  Total pages: 257896
[STDERR  ] 2017-05-26T16:41:01.135608286Z: [    0.000000] Kernel command line: console=ttyS0
[STDERR  ] 2017-05-26T16:41:01.135734878Z: [    0.000000] PID hash table entries: 4096 (order: 3, 32768 bytes)
[STDERR  ] 2017-05-26T16:41:01.13578553Z: [    0.000000] Dentry cache hash table entries: 131072 (order: 8, 1048576 bytes)
[STDERR  ] 2017-05-26T16:41:01.135873903Z: [    0.000000] Inode-cache hash table entries: 65536 (order: 7, 524288 bytes)
[STDERR  ] 2017-05-26T16:41:01.13590061Z: [    0.000000] Memory: 978396K/1048052K available (9540K kernel code, 1593K rwdata, 3108K rodata, 1460K init, 604K bss, 69656K reserved, 0K cma-reserved)
[STDERR  ] 2017-05-26T16:41:01.135949962Z: [    0.000000] Hierarchical RCU implementation.
[STDERR  ] 2017-05-26T16:41:01.135972941Z: [    0.000000] 	Build-time adjustment of leaf fanout to 64.
[STDERR  ] 2017-05-26T16:41:01.136001361Z: [    0.000000] 	RCU restricting CPUs from NR_CPUS=128 to nr_cpu_ids=1.
[STDERR  ] 2017-05-26T16:41:01.136023833Z: [    0.000000] RCU: Adjusting geometry for rcu_fanout_leaf=64, nr_cpu_ids=1
[STDERR  ] 2017-05-26T16:41:01.136053829Z: [    0.000000] NR_IRQS:8448 nr_irqs:256 16
[STDERR  ] 2017-05-26T16:41:01.136075378Z: [    0.000000] Console: colour VGA+ 80x25
[STDERR  ] 2017-05-26T16:41:01.136098492Z: [    0.000000] console [ttyS0] enabled
[STDERR  ] 2017-05-26T16:41:01.136110408Z: [    0.000000] clocksource: hpet: mask: 0xffffffff max_cycles: 0xffffffff, max_idle_ns: 19112604467 ns
[STDERR  ] 2017-05-26T16:41:01.136143856Z: [    0.000000] tsc: Unable to calibrate against PIT
[STDERR  ] 2017-05-26T16:41:01.136165797Z: [    0.000000] tsc: using HPET reference calibration
[STDERR  ] 2017-05-26T16:41:01.136187595Z: [    0.000000] tsc: Detected 2300.452 MHz processor
[STDERR  ] 2017-05-26T16:41:01.136198315Z: [    0.052584] Calibrating delay loop (skipped), value calculated using timer frequency.. 4600.90 BogoMIPS (lpj=23004520)
[STDERR  ] 2017-05-26T16:41:01.136232019Z: [    0.053920] pid_max: default: 32768 minimum: 301
[STDERR  ] 2017-05-26T16:41:01.136255685Z: [    0.055244] ACPI: Core revision 20160930
[STDERR  ] 2017-05-26T16:41:01.136278695Z: [    0.134149] ACPI: 1 ACPI AML tables successfully acquired and loaded
[STDERR  ] 2017-05-26T16:41:01.136290604Z: [    0.137015] Security Framework initialized
[STDERR  ] 2017-05-26T16:41:01.136322191Z: [    0.137646] Yama: becoming mindful.
[STDERR  ] 2017-05-26T16:41:01.136338183Z: [    0.141038] Mount-cache hash table entries: 2048 (order: 2, 16384 bytes)
[STDERR  ] 2017-05-26T16:41:01.136380392Z: [    0.141810] Mountpoint-cache hash table entries: 2048 (order: 2, 16384 bytes)
[STDERR  ] 2017-05-26T16:41:01.136403988Z: [    0.173149] Last level iTLB entries: 4KB 0, 2MB 0, 4MB 0
[STDERR  ] 2017-05-26T16:41:01.136431733Z: [    0.173785] Last level dTLB entries: 4KB 0, 2MB 0, 4MB 0, 1GB 0
[STDERR  ] 2017-05-26T16:41:01.136454748Z: [    0.877940] Freeing SMP alternatives memory: 24K
[STDERR  ] 2017-05-26T16:41:01.136486074Z: [    0.892710] ftrace: allocating 41987 entries in 165 pages
[STDERR  ] 2017-05-26T16:41:01.136507788Z: [    1.220695] smpboot: Max logical packages: 1
[STDERR  ] 2017-05-26T16:41:01.136529296Z: [    1.229222] ..TIMER: vector=0x30 apic1=0 pin1=2 apic2=-1 pin2=-1
[STDERR  ] 2017-05-26T16:41:01.136551213Z: [    1.330000] smpboot: CPU0: AMD QEMU Virtual CPU version 2.5+ (family: 0x6, model: 0x6, stepping: 0x3)
[STDERR  ] 2017-05-26T16:41:01.136573694Z: [    1.330000] Performance Events: PMU not available due to virtualization, using software events only.
[STDERR  ] 2017-05-26T16:41:01.136602176Z: [    1.343238] NMI watchdog: disabled (cpu0): hardware events not enabled
[STDERR  ] 2017-05-26T16:41:01.136624607Z: [    1.343772] NMI watchdog: Shutting down hard lockup detector on all cpus
[STDERR  ] 2017-05-26T16:41:01.136651553Z: [    1.350319] smp: Bringing up secondary CPUs ...
[STDERR  ] 2017-05-26T16:41:01.136673197Z: [    1.350748] smp: Brought up 1 node, 1 CPU
[STDERR  ] 2017-05-26T16:41:01.136694722Z: [    1.351144] smpboot: Total of 1 processors activated (4600.90 BogoMIPS)
[STDERR  ] 2017-05-26T16:41:01.136716257Z: [    1.376531] devtmpfs: initialized
[STDERR  ] 2017-05-26T16:41:01.136738861Z: [    1.384448] x86/mm: Memory block size: 128MB
[STDERR  ] 2017-05-26T16:41:01.136762293Z: [    1.501196] clocksource: jiffies: mask: 0xffffffff max_cycles: 0xffffffff, max_idle_ns: 19112604462750000 ns
[STDERR  ] 2017-05-26T16:41:01.136785055Z: [    1.502190] futex hash table entries: 256 (order: 2, 16384 bytes)
[STDERR  ] 2017-05-26T16:41:01.136806769Z: [    1.516275] NET: Registered protocol family 16
[STDERR  ] 2017-05-26T16:41:01.136828218Z: [    1.531747] cpuidle: using governor ladder
[STDERR  ] 2017-05-26T16:41:01.136849746Z: [    1.532282] cpuidle: using governor menu
[STDERR  ] 2017-05-26T16:41:01.136871025Z: [    1.532741] PCCT header not found.
[STDERR  ] 2017-05-26T16:41:01.136892759Z: [    1.534486] ACPI: bus type PCI registered
[STDERR  ] 2017-05-26T16:41:01.136919803Z: [    1.538966] PCI: MMCONFIG for domain 0000 [bus 00-ff] at [mem 0xb0000000-0xbfffffff] (base 0xb0000000)
[STDERR  ] 2017-05-26T16:41:01.136944984Z: [    1.540229] PCI: MMCONFIG at [mem 0xb0000000-0xbfffffff] reserved in E820
[STDERR  ] 2017-05-26T16:41:01.136967633Z: [    1.542238] PCI: Using configuration type 1 for base access
[STDERR  ] 2017-05-26T16:41:01.136991178Z: [    1.642434] HugeTLB registered 2 MB page size, pre-allocated 0 pages
[STDERR  ] 2017-05-26T16:41:01.137012816Z: [    1.658599] ACPI: Added _OSI(Module Device)
[STDERR  ] 2017-05-26T16:41:01.137036196Z: [    1.659020] ACPI: Added _OSI(Processor Device)
[STDERR  ] 2017-05-26T16:41:01.137057698Z: [    1.659331] ACPI: Added _OSI(3.0 _SCP Extensions)
[STDERR  ] 2017-05-26T16:41:01.137080667Z: [    1.659621] ACPI: Added _OSI(Processor Aggregator Device)
[STDERR  ] 2017-05-26T16:41:01.137102416Z: [    1.793532] ACPI: Interpreter enabled
[STDERR  ] 2017-05-26T16:41:01.137216566Z: [    1.794910] ACPI: (supports S0 S5)
[STDERR  ] 2017-05-26T16:41:01.137726865Z: [    1.795237] ACPI: Using IOAPIC for interrupt routing
[STDERR  ] 2017-05-26T16:41:01.137773758Z: [    1.798121] PCI: Using host bridge windows from ACPI; if necessary, use "pci=nocrs" and report a bug
[STDERR  ] 2017-05-26T16:41:01.139294126Z: [    1.904669] ACPI: PCI Root Bridge [PCI0] (domain 0000 [bus 00-ff])
[STDERR  ] 2017-05-26T16:41:01.139325322Z: [    1.905962] acpi PNP0A08:00: _OSC: OS supports [ExtendedConfig ASPM ClockPM Segments MSI]
[STDERR  ] 2017-05-26T16:41:01.139339561Z: [    1.915561] acpi PNP0A08:00: _OSC: OS now controls [PCIeHotplug PME PCIeCapability]
[STDERR  ] 2017-05-26T16:41:01.139348608Z: [    1.922380] PCI host bridge to bus 0000:00
[STDERR  ] 2017-05-26T16:41:01.139374598Z: [    1.923005] pci_bus 0000:00: root bus resource [io  0x0000-0x0cf7 window]
[STDERR  ] 2017-05-26T16:41:01.139380826Z: [    1.923463] pci_bus 0000:00: root bus resource [io  0x0d00-0xffff window]
[STDERR  ] 2017-05-26T16:41:01.139400435Z: [    1.923916] pci_bus 0000:00: root bus resource [mem 0x000a0000-0x000bffff window]
[STDERR  ] 2017-05-26T16:41:01.139407242Z: [    1.924393] pci_bus 0000:00: root bus resource [mem 0xc0000000-0xfebfffff window]
[STDERR  ] 2017-05-26T16:41:01.139425929Z: [    1.925049] pci_bus 0000:00: root bus resource [bus 00-ff]
[STDERR  ] 2017-05-26T16:41:01.139447313Z: [    2.076911] pci 0000:00:1f.0: quirk: [io  0x0600-0x067f] claimed by ICH6 ACPI/GPIO/TCO
[STDERR  ] 2017-05-26T16:41:01.139470039Z: [    2.172145] ACPI: PCI Interrupt Link [LNKA] (IRQs 5 *10 11)
[STDERR  ] 2017-05-26T16:41:01.139482737Z: [    2.175041] ACPI: PCI Interrupt Link [LNKB] (IRQs 5 *10 11)
[STDERR  ] 2017-05-26T16:41:01.139490086Z: [    2.177641] ACPI: PCI Interrupt Link [LNKC] (IRQs 5 10 *11)
[STDERR  ] 2017-05-26T16:41:01.139508732Z: [    2.180440] ACPI: PCI Interrupt Link [LNKD] (IRQs 5 10 *11)
[STDERR  ] 2017-05-26T16:41:01.139519811Z: [    2.183256] ACPI: PCI Interrupt Link [LNKE] (IRQs 5 *10 11)
[STDERR  ] 2017-05-26T16:41:01.139540806Z: [    2.185809] ACPI: PCI Interrupt Link [LNKF] (IRQs 5 *10 11)
[STDERR  ] 2017-05-26T16:41:01.139553798Z: [    2.188470] ACPI: PCI Interrupt Link [LNKG] (IRQs 5 10 *11)
[STDERR  ] 2017-05-26T16:41:01.139567084Z: [    2.191274] ACPI: PCI Interrupt Link [LNKH] (IRQs 5 10 *11)
[STDERR  ] 2017-05-26T16:41:01.139580117Z: [    2.192374] ACPI: PCI Interrupt Link [GSIA] (IRQs *16)
[STDERR  ] 2017-05-26T16:41:01.139595584Z: [    2.193263] ACPI: PCI Interrupt Link [GSIB] (IRQs *17)
[STDERR  ] 2017-05-26T16:41:01.139608725Z: [    2.194062] ACPI: PCI Interrupt Link [GSIC] (IRQs *18)
[STDERR  ] 2017-05-26T16:41:01.139616172Z: [    2.194888] ACPI: PCI Interrupt Link [GSID] (IRQs *19)
[STDERR  ] 2017-05-26T16:41:01.139635403Z: [    2.195840] ACPI: PCI Interrupt Link [GSIE] (IRQs *20)
[STDERR  ] 2017-05-26T16:41:01.139649374Z: [    2.196690] ACPI: PCI Interrupt Link [GSIF] (IRQs *21)
[STDERR  ] 2017-05-26T16:41:01.13965601Z: [    2.197505] ACPI: PCI Interrupt Link [GSIG] (IRQs *22)
[STDERR  ] 2017-05-26T16:41:01.13967635Z: [    2.198281] ACPI: PCI Interrupt Link [GSIH] (IRQs *23)
[STDERR  ] 2017-05-26T16:41:01.139689518Z: [    2.208304] ACPI: Enabled 2 GPEs in block 00 to 3F
[STDERR  ] 2017-05-26T16:41:01.139696591Z: [    2.221334] SCSI subsystem initialized
[STDERR  ] 2017-05-26T16:41:01.139715599Z: [    2.225501] pps_core: LinuxPPS API ver. 1 registered
[STDERR  ] 2017-05-26T16:41:01.13973197Z: [    2.225861] pps_core: Software ver. 5.3.6 - Copyright 2005-2007 Rodolfo Giometti <giometti@linux.it>
[STDERR  ] 2017-05-26T16:41:01.139745478Z: [    2.226424] PTP clock support registered
[STDERR  ] 2017-05-26T16:41:01.139758359Z: [    2.228041] wmi: Mapper loaded
[STDERR  ] 2017-05-26T16:41:01.139771452Z: [    2.230587] PCI: Using ACPI for IRQ routing
[STDERR  ] 2017-05-26T16:41:01.139777608Z: [    2.262080] NetLabel: Initializing
[STDERR  ] 2017-05-26T16:41:01.139800531Z: [    2.262388] NetLabel:  domain hash size = 128
[STDERR  ] 2017-05-26T16:41:01.139816445Z: [    2.262681] NetLabel:  protocols = UNLABELED CIPSOv4 CALIPSO
[STDERR  ] 2017-05-26T16:41:01.139829952Z: [    2.266193] NetLabel:  unlabeled traffic allowed by default
[STDERR  ] 2017-05-26T16:41:01.139836968Z: [    2.267595] HPET: 3 timers in total, 0 timers will be used for per-cpu timer
[STDERR  ] 2017-05-26T16:41:01.139856088Z: [    2.268495] hpet0: at MMIO 0xfed00000, IRQs 2, 8, 0
[STDERR  ] 2017-05-26T16:41:01.139862369Z: [    2.268962] hpet0: 3 comparators, 64-bit 100.000000 MHz counter
[STDERR  ] 2017-05-26T16:41:01.139882637Z: [    2.277882] clocksource: Switched to clocksource hpet
[STDERR  ] 2017-05-26T16:41:01.139896558Z: [    2.866866] VFS: Disk quotas dquot_6.6.0
[STDERR  ] 2017-05-26T16:41:01.13991464Z: [    2.867768] VFS: Dquot-cache hash table entries: 512 (order 0, 4096 bytes)
[STDERR  ] 2017-05-26T16:41:01.139921507Z: [    2.872046] FS-Cache: Loaded
[STDERR  ] 2017-05-26T16:41:01.139940312Z: [    2.879942] CacheFiles: Loaded
[STDERR  ] 2017-05-26T16:41:01.139946782Z: [    2.882720] pnp: PnP ACPI init
[STDERR  ] 2017-05-26T16:41:01.13996712Z: [    2.902230] pnp: PnP ACPI: found 5 devices
[STDERR  ] 2017-05-26T16:41:01.139981119Z: [    2.973590] clocksource: acpi_pm: mask: 0xffffff max_cycles: 0xffffff, max_idle_ns: 2085701024 ns
[STDERR  ] 2017-05-26T16:41:01.139994957Z: [    2.977810] NET: Registered protocol family 2
[STDERR  ] 2017-05-26T16:41:01.140008884Z: [    2.989861] TCP established hash table entries: 8192 (order: 4, 65536 bytes)
[STDERR  ] 2017-05-26T16:41:01.140016351Z: [    2.991149] TCP bind hash table entries: 8192 (order: 5, 131072 bytes)
[STDERR  ] 2017-05-26T16:41:01.140028834Z: [    2.991902] TCP: Hash tables configured (established 8192 bind 8192)
[STDERR  ] 2017-05-26T16:41:01.140057278Z: [    2.994541] UDP hash table entries: 512 (order: 2, 16384 bytes)
[STDERR  ] 2017-05-26T16:41:01.140070405Z: [    2.995244] UDP-Lite hash table entries: 512 (order: 2, 16384 bytes)
[STDERR  ] 2017-05-26T16:41:01.140082253Z: [    2.998775] NET: Registered protocol family 1
[STDERR  ] 2017-05-26T16:41:01.140101787Z: [    3.004927] RPC: Registered named UNIX socket transport module.
[STDERR  ] 2017-05-26T16:41:01.140108799Z: [    3.005445] RPC: Registered udp transport module.
[STDERR  ] 2017-05-26T16:41:01.140128995Z: [    3.006476] RPC: Registered tcp transport module.
[STDERR  ] 2017-05-26T16:41:01.140142896Z: [    3.006806] RPC: Registered tcp NFSv4.1 backchannel transport module.
[STDERR  ] 2017-05-26T16:41:01.140150193Z: [    3.007810] pci 0000:00:01.0: Video device with shadowed ROM at [mem 0x000c0000-0x000dffff]
[STDERR  ] 2017-05-26T16:41:01.140170227Z: [    3.022772] Unpacking initramfs...
[STDERR  ] 2017-05-26T16:41:01.1401766Z: [   16.303985] Freeing initrd memory: 33380K
[STDERR  ] 2017-05-26T16:41:01.140196767Z: [   16.353429] PCLMULQDQ-NI instructions are not detected.
[STDERR  ] 2017-05-26T16:41:01.140210349Z: [   16.355058] AVX or AES-NI instructions are not detected.
[STDERR  ] 2017-05-26T16:41:01.140228542Z: [   16.355530] CPU feature 'AVX registers' is not supported.
[STDERR  ] 2017-05-26T16:41:01.140242502Z: [   16.355957] CPU feature 'AVX registers' is not supported.
[STDERR  ] 2017-05-26T16:41:01.140255356Z: [   16.356364] CPU feature 'AVX registers' is not supported.
[STDERR  ] 2017-05-26T16:41:01.140268919Z: [   16.356787] CPU feature 'AVX registers' is not supported.
[STDERR  ] 2017-05-26T16:41:01.140282744Z: [   16.357193] AVX2 or AES-NI instructions are not detected.
[STDERR  ] 2017-05-26T16:41:01.140296349Z: [   16.357613] AVX2 instructions are not detected.
[STDERR  ] 2017-05-26T16:41:01.140310154Z: [   16.368465] audit: initializing netlink subsys (disabled)
[STDERR  ] 2017-05-26T16:41:01.140323713Z: [   16.381437] audit: type=2000 audit(1495816800.370:1): initialized
[STDERR  ] 2017-05-26T16:41:01.140337131Z: [   16.384839] workingset: timestamp_bits=46 max_order=18 bucket_order=0
[STDERR  ] 2017-05-26T16:41:01.140350618Z: [   16.394995] FS-Cache: Netfs 'nfs' registered for caching
[STDERR  ] 2017-05-26T16:41:01.140363651Z: [   16.398296] NFS: Registering the id_resolver key type
[STDERR  ] 2017-05-26T16:41:01.140378529Z: [   16.400668] Key type id_resolver registered
[STDERR  ] 2017-05-26T16:41:01.140392094Z: [   16.401005] Key type id_legacy registered
[STDERR  ] 2017-05-26T16:41:01.140399386Z: [   16.401449] nfs4filelayout_init: NFSv4 File Layout Driver Registering...
[STDERR  ] 2017-05-26T16:41:01.140419164Z: [   16.402387] Installing knfsd (copyright (C) 1996 okir@monad.swb.de).
[STDERR  ] 2017-05-26T16:41:01.140433613Z: [   16.408344] FS-Cache: Netfs 'cifs' registered for caching
[STDERR  ] 2017-05-26T16:41:01.140440126Z: [   16.409732] ntfs: driver 2.1.32 [Flags: R/O].
[STDERR  ] 2017-05-26T16:41:01.140461382Z: [   16.410860] fuse init (API version 7.26)
[STDERR  ] 2017-05-26T16:41:01.140468597Z: [   16.413928] SGI XFS with ACLs, security attributes, no debug enabled
[STDERR  ] 2017-05-26T16:41:01.140488555Z: [   16.421674] 9p: Installing v9fs 9p2000 file system support
[STDERR  ] 2017-05-26T16:41:01.140509528Z: [   16.422209] FS-Cache: Netfs '9p' registered for caching
[STDERR  ] 2017-05-26T16:41:01.140516596Z: [   16.490513] NET: Registered protocol family 38
[STDERR  ] 2017-05-26T16:41:01.140536303Z: [   16.491166] Key type asymmetric registered
[STDERR  ] 2017-05-26T16:41:01.140549621Z: [   16.491523] Asymmetric key parser 'x509' registered
[STDERR  ] 2017-05-26T16:41:01.140563585Z: [   16.492547] Block layer SCSI generic (bsg) driver version 0.4 loaded (major 251)
[STDERR  ] 2017-05-26T16:41:01.140577476Z: [   16.494765] io scheduler noop registered
[STDERR  ] 2017-05-26T16:41:01.140592849Z: [   16.495159] io scheduler deadline registered (default)
[STDERR  ] 2017-05-26T16:41:01.140606445Z: [   16.495871] io scheduler cfq registered
[STDERR  ] 2017-05-26T16:41:01.140620503Z: [   16.501941] shpchp: Standard Hot Plug PCI Controller Driver version: 0.4
[STDERR  ] 2017-05-26T16:41:01.140638648Z: [   16.502877] hv_vmbus: registering driver hyperv_fb
[STDERR  ] 2017-05-26T16:41:01.140656168Z: [   16.507676] input: Power Button as /devices/LNXSYSTM:00/LNXPWRBN:00/input/input0
[STDERR  ] 2017-05-26T16:41:01.14066258Z: [   16.509372] ACPI: Power Button [PWRF]
[STDERR  ] 2017-05-26T16:41:01.140682669Z: [   16.517527] GHES: HEST is not enabled!
[STDERR  ] 2017-05-26T16:41:01.140696065Z: [   16.538083] ACPI: PCI Interrupt Link [GSIH] enabled at IRQ 23
[STDERR  ] 2017-05-26T16:41:01.140709817Z: [   16.548417] xenfs: not registering filesystem on non-xen platform
[STDERR  ] 2017-05-26T16:41:01.140723245Z: [   16.552124] Serial: 8250/16550 driver, 4 ports, IRQ sharing disabled
[STDERR  ] 2017-05-26T16:41:01.140736135Z: [   16.583113] 00:04: ttyS0 at I/O 0x3f8 (irq = 4, base_baud = 115200) is a 16550A
[STDERR  ] 2017-05-26T16:41:01.140749989Z: [   16.593654] Initializing Nozomi driver 2.1d
[STDERR  ] 2017-05-26T16:41:01.140757217Z: [   16.600557] Non-volatile memory driver v1.3
[STDERR  ] 2017-05-26T16:41:01.140770003Z: [   16.610665] Hangcheck: starting hangcheck timer 0.9.1 (tick is 180 seconds, margin is 60 seconds).
[STDERR  ] 2017-05-26T16:41:01.140791069Z: [   16.617558] random: fast init done
[STDERR  ] 2017-05-26T16:41:01.140807861Z: [   16.620027] random: crng init done
[STDERR  ] 2017-05-26T16:41:01.140821097Z: [   16.674998] loop: module loaded
[STDERR  ] 2017-05-26T16:41:01.140836438Z: [   16.699501] nbd: registered device at major 43
[STDERR  ] 2017-05-26T16:41:01.140849588Z: [   16.762264] lpc_ich 0000:00:1f.0: I/O space for GPIO uninitialized
[STDERR  ] 2017-05-26T16:41:01.140856878Z: [   16.764734] VMware PVSCSI driver - version 1.0.7.0-k
[STDERR  ] 2017-05-26T16:41:01.140871013Z: [   16.765610] hv_vmbus: registering driver hv_storvsc
[STDERR  ] 2017-05-26T16:41:01.140891878Z: [   16.782672] ACPI: PCI Interrupt Link [GSIA] enabled at IRQ 16
[STDERR  ] 2017-05-26T16:41:01.140905075Z: [   16.793432] ahci 0000:00:1f.2: AHCI 0001.0000 32 slots 6 ports 1.5 Gbps 0x3f impl SATA mode
[STDERR  ] 2017-05-26T16:41:01.140918292Z: [   16.794167] ahci 0000:00:1f.2: flags: ncq only 
[STDERR  ] 2017-05-26T16:41:01.140931418Z: [   16.825033] scsi host0: ahci
[STDERR  ] 2017-05-26T16:41:01.140939129Z: [   16.830874] scsi host1: ahci
[STDERR  ] 2017-05-26T16:41:01.140961227Z: [   16.834318] scsi host2: ahci
[STDERR  ] 2017-05-26T16:41:01.140967575Z: [   16.837585] scsi host3: ahci
[STDERR  ] 2017-05-26T16:41:01.140987578Z: [   16.841090] scsi host4: ahci
[STDERR  ] 2017-05-26T16:41:01.14100072Z: [   16.844335] scsi host5: ahci
[STDERR  ] 2017-05-26T16:41:01.141014006Z: [   16.846829] ata1: SATA max UDMA/133 abar m4096@0xfebf1000 port 0xfebf1100 irq 24
[STDERR  ] 2017-05-26T16:41:01.141024718Z: [   16.847402] ata2: SATA max UDMA/133 abar m4096@0xfebf1000 port 0xfebf1180 irq 24
[STDERR  ] 2017-05-26T16:41:01.141041599Z: [   16.847862] ata3: SATA max UDMA/133 abar m4096@0xfebf1000 port 0xfebf1200 irq 24
[STDERR  ] 2017-05-26T16:41:01.141066182Z: [   16.848361] ata4: SATA max UDMA/133 abar m4096@0xfebf1000 port 0xfebf1280 irq 24
[STDERR  ] 2017-05-26T16:41:01.141080057Z: [   16.848841] ata5: SATA max UDMA/133 abar m4096@0xfebf1000 port 0xfebf1300 irq 24
[STDERR  ] 2017-05-26T16:41:01.14109466Z: [   16.849298] ata6: SATA max UDMA/133 abar m4096@0xfebf1000 port 0xfebf1380 irq 24
[STDERR  ] 2017-05-26T16:41:01.141108269Z: [   16.865116] Ethernet Channel Bonding Driver: v3.7.1 (April 27, 2011)
[STDERR  ] 2017-05-26T16:41:01.141122061Z: [   16.894593] tun: Universal TUN/TAP device driver, 1.6
[STDERR  ] 2017-05-26T16:41:01.141136005Z: [   16.894938] tun: (C) 1999-2004 Max Krasnyansky <maxk@qualcomm.com>
[STDERR  ] 2017-05-26T16:41:01.141149628Z: [   16.897011] ena: Elastic Network Adapter (ENA) v1.0.2
[STDERR  ] 2017-05-26T16:41:01.141156943Z: [   16.898771] e1000: Intel(R) PRO/1000 Network Driver - version 7.3.21-k8-NAPI
[STDERR  ] 2017-05-26T16:41:01.141169645Z: [   16.899248] e1000: Copyright (c) 1999-2006 Intel Corporation.
[STDERR  ] 2017-05-26T16:41:01.141189653Z: [   16.912626] ACPI: PCI Interrupt Link [GSIG] enabled at IRQ 22
[STDERR  ] 2017-05-26T16:41:01.141202632Z: [   17.184729] ata3: SATA link up 1.5 Gbps (SStatus 113 SControl 300)
[STDERR  ] 2017-05-26T16:41:01.141222201Z: [   17.189391] ata2: SATA link down (SStatus 0 SControl 300)
[STDERR  ] 2017-05-26T16:41:01.14123517Z: [   17.192200] ata1: SATA link down (SStatus 0 SControl 300)
[STDERR  ] 2017-05-26T16:41:01.141249408Z: [   17.200709] ata5: SATA link down (SStatus 0 SControl 300)
[STDERR  ] 2017-05-26T16:41:01.14126287Z: [   17.201228] ata4: SATA link down (SStatus 0 SControl 300)
[STDERR  ] 2017-05-26T16:41:01.141276006Z: [   17.203813] ata3.00: ATAPI: QEMU DVD-ROM, 2.5+, max UDMA/100
[STDERR  ] 2017-05-26T16:41:01.141289954Z: [   17.204237] ata3.00: applying bridge limits
[STDERR  ] 2017-05-26T16:41:01.141303787Z: [   17.206758] ata3.00: configured for UDMA/100
[STDERR  ] 2017-05-26T16:41:01.141317355Z: [   17.212026] ata6: SATA link down (SStatus 0 SControl 300)
[STDERR  ] 2017-05-26T16:41:01.141331617Z: [   17.251384] scsi 2:0:0:0: CD-ROM            QEMU     QEMU DVD-ROM     2.5+ PQ: 0 ANSI: 5
[STDERR  ] 2017-05-26T16:41:01.141345753Z: [   17.358798] sr 2:0:0:0: [sr0] scsi3-mmc drive: 4x/4x cd/rw xa/form2 tray
[STDERR  ] 2017-05-26T16:41:01.141359485Z: [   17.359538] cdrom: Uniform CD-ROM driver Revision: 3.20
[STDERR  ] 2017-05-26T16:41:01.141373332Z: [   17.368920] tsc: Refined TSC clocksource calibration: 2300.308 MHz
[STDERR  ] 2017-05-26T16:41:01.141387045Z: [   17.369430] clocksource: tsc: mask: 0xffffffffffffffff max_cycles: 0x2128580e5f1, max_idle_ns: 440795220479 ns
[STDERR  ] 2017-05-26T16:41:01.141400998Z: [   17.401944] sr 2:0:0:0: Attached scsi generic sg0 type 5
[STDERR  ] 2017-05-26T16:41:01.141413156Z: [   17.469109] e1000 0000:00:02.0 eth0: (PCI:33MHz:32-bit) 52:54:00:12:34:56
[STDERR  ] 2017-05-26T16:41:01.1414263Z: [   17.469729] e1000 0000:00:02.0 eth0: Intel(R) PRO/1000 Network Connection
[STDERR  ] 2017-05-26T16:41:01.14143939Z: [   17.489239] e1000e: Intel(R) PRO/1000 Network Driver - 3.2.6-k
[STDERR  ] 2017-05-26T16:41:01.141453596Z: [   17.489660] e1000e: Copyright(c) 1999 - 2015 Intel Corporation.
[STDERR  ] 2017-05-26T16:41:01.141467185Z: [   17.498880] igb: Intel(R) Gigabit Ethernet Network Driver - version 5.4.0-k
[STDERR  ] 2017-05-26T16:41:01.141480992Z: [   17.499357] igb: Copyright (c) 2007-2014 Intel Corporation.
[STDERR  ] 2017-05-26T16:41:01.141488599Z: [   17.506537] igbvf: Intel(R) Gigabit Virtual Function Network Driver - version 2.4.0-k
[STDERR  ] 2017-05-26T16:41:01.141509254Z: [   17.507052] igbvf: Copyright (c) 2009 - 2012 Intel Corporation.
[STDERR  ] 2017-05-26T16:41:01.141515915Z: [   17.507930] ixgbe: Intel(R) 10 Gigabit PCI Express Network Driver - version 4.4.0-k
[STDERR  ] 2017-05-26T16:41:01.141536859Z: [   17.508473] ixgbe: Copyright (c) 1999-2016 Intel Corporation.
[STDERR  ] 2017-05-26T16:41:01.141550495Z: [   17.519035] ixgbevf: Intel(R) 10 Gigabit PCI Express Virtual Function Network Driver - version 3.2.2-k
[STDERR  ] 2017-05-26T16:41:01.141568413Z: [   17.519636] ixgbevf: Copyright (c) 2009 - 2015 Intel Corporation.
[STDERR  ] 2017-05-26T16:41:01.141575576Z: [   17.529671] ixgb: Intel(R) PRO/10GbE Network Driver - version 1.0.135-k2-NAPI
[STDERR  ] 2017-05-26T16:41:01.141595011Z: [   17.534454] ixgb: Copyright (c) 1999-2008 Intel Corporation.
[STDERR  ] 2017-05-26T16:41:01.141601628Z: [   17.535892] PPP generic driver version 2.4.2
[STDERR  ] 2017-05-26T16:41:01.141628331Z: [   17.537866] PPP BSD Compression module registered
[STDERR  ] 2017-05-26T16:41:01.141642252Z: [   17.549504] PPP Deflate Compression module registered
[STDERR  ] 2017-05-26T16:41:01.141656132Z: [   17.551476] PPP MPPE Compression module registered
[STDERR  ] 2017-05-26T16:41:01.141669381Z: [   17.552204] NET: Registered protocol family 24
[STDERR  ] 2017-05-26T16:41:01.141682343Z: [   17.561366] PPTP driver version 0.8.5
[STDERR  ] 2017-05-26T16:41:01.141695809Z: [   17.563313] VMware vmxnet3 virtual NIC driver - version 1.4.a.0-k-NAPI
[STDERR  ] 2017-05-26T16:41:01.141709109Z: [   17.564555] hv_vmbus: registering driver hv_netvsc
[STDERR  ] 2017-05-26T16:41:01.14172206Z: [   17.565092] Fusion MPT base driver 3.04.20
[STDERR  ] 2017-05-26T16:41:01.141732464Z: [   17.565522] Copyright (c) 1999-2008 LSI Corporation
[STDERR  ] 2017-05-26T16:41:01.141745143Z: [   17.566337] Fusion MPT SPI Host driver 3.04.20
[STDERR  ] 2017-05-26T16:41:01.141763253Z: [   17.581325] aoe: AoE v85 initialised.
[STDERR  ] 2017-05-26T16:41:01.141776657Z: [   17.592547] i8042: PNP: PS/2 Controller [PNP0303:KBD,PNP0f13:MOU] at 0x60,0x64 irq 1,12
[STDERR  ] 2017-05-26T16:41:01.141787379Z: [   17.598710] serio: i8042 KBD port at 0x60,0x64 irq 1
[STDERR  ] 2017-05-26T16:41:01.141809866Z: [   17.609418] serio: i8042 AUX port at 0x60,0x64 irq 12
[STDERR  ] 2017-05-26T16:41:01.141823264Z: [   17.613359] hv_vmbus: registering driver hyperv_keyboard
[STDERR  ] 2017-05-26T16:41:01.141836355Z: [   17.617575] mousedev: PS/2 mouse device common for all mice
[STDERR  ] 2017-05-26T16:41:01.141849542Z: [   17.636537] input: AT Translated Set 2 keyboard as /devices/platform/i8042/serio0/input/input1
[STDERR  ] 2017-05-26T16:41:01.141868373Z: [   17.643159] input: PC Speaker as /devices/platform/pcspkr/input/input2
[STDERR  ] 2017-05-26T16:41:01.141875015Z: [   17.656021] rtc_cmos 00:00: RTC can wake from S4
[STDERR  ] 2017-05-26T16:41:01.141895469Z: [   17.665640] rtc_cmos 00:00: rtc core: registered rtc_cmos as rtc0
[STDERR  ] 2017-05-26T16:41:01.14190828Z: [   17.681700] rtc_cmos 00:00: alarms up to one day, y3k, 114 bytes nvram, hpet irqs
[STDERR  ] 2017-05-26T16:41:01.141920858Z: [   17.682792] i2c /dev entries driver
[STDERR  ] 2017-05-26T16:41:01.141934183Z: [   17.686838] device-mapper: ioctl: 4.35.0-ioctl (2016-06-23) initialised: dm-devel@redhat.com
[STDERR  ] 2017-05-26T16:41:01.14194792Z: [   17.714512] hv_utils: Registering HyperV Utility Driver
[STDERR  ] 2017-05-26T16:41:01.141962904Z: [   17.715138] hv_vmbus: registering driver hv_util
[STDERR  ] 2017-05-26T16:41:01.141975896Z: [   17.715634] hv_vmbus: registering driver hv_balloon
[STDERR  ] 2017-05-26T16:41:01.141983167Z: [   17.720926] oprofile: using NMI interrupt.
[STDERR  ] 2017-05-26T16:41:01.142003375Z: [   17.722804] GACT probability on
[STDERR  ] 2017-05-26T16:41:01.142009861Z: [   17.738709] Mirror/redirect action on
[STDERR  ] 2017-05-26T16:41:01.142029669Z: [   17.740412] Simple TC action Loaded
[STDERR  ] 2017-05-26T16:41:01.142043103Z: [   17.745375] netem: version 1.3
[STDERR  ] 2017-05-26T16:41:01.142058684Z: [   17.761875] u32 classifier
[STDERR  ] 2017-05-26T16:41:01.142071998Z: [   17.762197]     Performance counters on
[STDERR  ] 2017-05-26T16:41:01.142085314Z: [   17.762601]     input device check on
[STDERR  ] 2017-05-26T16:41:01.142098337Z: [   17.762991]     Actions configured
[STDERR  ] 2017-05-26T16:41:01.142111219Z: [   17.764035] Netfilter messages via NETLINK v0.30.
[STDERR  ] 2017-05-26T16:41:01.142123407Z: [   17.779523] nfnl_acct: registering with nfnetlink.
[STDERR  ] 2017-05-26T16:41:01.142140354Z: [   17.781890] nf_conntrack version 0.5.0 (8192 buckets, 32768 max)
[STDERR  ] 2017-05-26T16:41:01.142156032Z: [   17.786199] ctnetlink v0.93: registering with nfnetlink.
[STDERR  ] 2017-05-26T16:41:01.142169076Z: [   17.829851] nf_tables: (c) 2007-2009 Patrick McHardy <kaber@trash.net>
[STDERR  ] 2017-05-26T16:41:01.142182909Z: [   17.833228] nf_tables_compat: (c) 2012 Pablo Neira Ayuso <pablo@netfilter.org>
[STDERR  ] 2017-05-26T16:41:01.142196333Z: [   17.849022] xt_time: kernel timezone is -0000
[STDERR  ] 2017-05-26T16:41:01.142209598Z: [   17.849694] ip_set: protocol 6
[STDERR  ] 2017-05-26T16:41:01.142222906Z: [   17.858938] IPVS: Registered protocols (TCP, UDP, SCTP, AH, ESP)
[STDERR  ] 2017-05-26T16:41:01.142236509Z: [   17.859627] IPVS: Connection hash table configured (size=4096, memory=64Kbytes)
[STDERR  ] 2017-05-26T16:41:01.142249747Z: [   17.878745] IPVS: Creating netns size=2096 id=0
[STDERR  ] 2017-05-26T16:41:01.142262733Z: [   17.885540] IPVS: ipvs loaded.
[STDERR  ] 2017-05-26T16:41:01.142278737Z: [   17.885976] IPVS: [rr] scheduler registered.
[STDERR  ] 2017-05-26T16:41:01.142285809Z: [   17.886313] IPVS: [wrr] scheduler registered.
[STDERR  ] 2017-05-26T16:41:01.142314562Z: [   17.889098] IPVS: [lc] scheduler registered.
[STDERR  ] 2017-05-26T16:41:01.142327002Z: [   17.889390] IPVS: [wlc] scheduler registered.
[STDERR  ] 2017-05-26T16:41:01.142339272Z: [   17.889677] IPVS: [fo] scheduler registered.
[STDERR  ] 2017-05-26T16:41:01.142352491Z: [   17.906386] IPVS: [ovf] scheduler registered.
[STDERR  ] 2017-05-26T16:41:01.142359535Z: [   17.906877] IPVS: [lblc] scheduler registered.
[STDERR  ] 2017-05-26T16:41:01.142379133Z: [   17.907346] IPVS: [lblcr] scheduler registered.
[STDERR  ] 2017-05-26T16:41:01.14239219Z: [   17.907668] IPVS: [dh] scheduler registered.
[STDERR  ] 2017-05-26T16:41:01.142405254Z: [   17.907968] IPVS: [sh] scheduler registered.
[STDERR  ] 2017-05-26T16:41:01.142418248Z: [   17.908353] IPVS: [sed] scheduler registered.
[STDERR  ] 2017-05-26T16:41:01.142431479Z: [   17.908644] IPVS: [nq] scheduler registered.
[STDERR  ] 2017-05-26T16:41:01.14244412Z: [   17.909627] IPVS: ftp: loaded support on port[0] = 21
[STDERR  ] 2017-05-26T16:41:01.14246496Z: [   17.918878] ipip: IPv4 and MPLS over IPv4 tunneling driver
[STDERR  ] 2017-05-26T16:41:01.142477569Z: [   17.937851] gre: GRE over IPv4 demultiplexor driver
[STDERR  ] 2017-05-26T16:41:01.142485137Z: [   17.943448] ip_gre: GRE over IPv4 tunneling driver
[STDERR  ] 2017-05-26T16:41:01.142497409Z: [   17.970554] IPv4 over IPsec tunneling driver
[STDERR  ] 2017-05-26T16:41:01.142518115Z: [   17.984161] ip_tables: (C) 2000-2006 Netfilter Core Team
[STDERR  ] 2017-05-26T16:41:01.142532276Z: [   17.989393] ipt_CLUSTERIP: ClusterIP Version 0.8 loaded successfully
[STDERR  ] 2017-05-26T16:41:01.142546125Z: [   17.990687] arp_tables: arp_tables: (C) 2002 David S. Miller
[STDERR  ] 2017-05-26T16:41:01.142559415Z: [   17.993542] Initializing XFRM netlink socket
[STDERR  ] 2017-05-26T16:41:01.14257265Z: [   17.995126] NET: Registered protocol family 10
[STDERR  ] 2017-05-26T16:41:01.142585725Z: [   18.014272] Segment Routing with IPv6
[STDERR  ] 2017-05-26T16:41:01.142598965Z: [   18.016070] mip6: Mobile IPv6
[STDERR  ] 2017-05-26T16:41:01.142615039Z: [   18.017270] ip6_tables: (C) 2000-2006 Netfilter Core Team
[STDERR  ] 2017-05-26T16:41:01.14262841Z: [   18.030084] sit: IPv6, IPv4 and MPLS over IPv4 tunneling driver
[STDERR  ] 2017-05-26T16:41:01.142641608Z: [   18.041480] ip6_gre: GRE over IPv6 tunneling driver
[STDERR  ] 2017-05-26T16:41:01.142654443Z: [   18.046862] NET: Registered protocol family 17
[STDERR  ] 2017-05-26T16:41:01.142669353Z: [   18.047566] NET: Registered protocol family 15
[STDERR  ] 2017-05-26T16:41:01.142683084Z: [   18.049123] Bridge firewalling registered
[STDERR  ] 2017-05-26T16:41:01.142696098Z: [   18.049765] Ebtables v2.0 registered
[STDERR  ] 2017-05-26T16:41:01.142709016Z: [   18.055003] l2tp_core: L2TP core driver, V2.0
[STDERR  ] 2017-05-26T16:41:01.142722187Z: [   18.055521] l2tp_ppp: PPPoL2TP kernel driver, V2.0
[STDERR  ] 2017-05-26T16:41:01.142729699Z: [   18.055861] 8021q: 802.1Q VLAN Support v1.8
[STDERR  ] 2017-05-26T16:41:01.142746505Z: [   18.058004] 9pnet: Installing 9P2000 support
[STDERR  ] 2017-05-26T16:41:01.142766672Z: [   18.059018] Key type dns_resolver registered
[STDERR  ] 2017-05-26T16:41:01.142779957Z: [   18.059381] openvswitch: Open vSwitch switching datapath
[STDERR  ] 2017-05-26T16:41:01.142787107Z: [   18.062610] mpls_gso: MPLS GSO support
[STDERR  ] 2017-05-26T16:41:01.142806388Z: [   18.067890] registered taskstats version 1
[STDERR  ] 2017-05-26T16:41:01.142812631Z: [   18.294517] Key type big_key registered
[STDERR  ] 2017-05-26T16:41:01.142832551Z: [   18.363081] Key type encrypted registered
[STDERR  ] 2017-05-26T16:41:01.142845741Z: [   18.369581] rtc_cmos 00:00: setting system clock to 2017-05-26 16:40:03 UTC (1495816803)
[STDERR  ] 2017-05-26T16:41:01.142859454Z: [   18.644862] Freeing unused kernel memory: 1460K
[STDERR  ] 2017-05-26T16:41:01.142866801Z: [   18.645317] Write protecting the kernel read-only data: 14336k
[STDERR  ] 2017-05-26T16:41:01.142886708Z: [   18.646585] clocksource: Switched to clocksource tsc
[STDERR  ] 2017-05-26T16:41:01.142903174Z: [   18.664234] Freeing unused kernel memory: 684K
[STDERR  ] 2017-05-26T16:41:01.142914107Z: [   18.897799] Freeing unused kernel memory: 988K
[STDERR  ] 2017-05-26T16:41:01.142934897Z: 
[STDERR  ] 2017-05-26T16:41:01.142948231Z: Welcome to LinuxKit
[STDERR  ] 2017-05-26T16:41:01.142961308Z: 
[STDERR  ] 2017-05-26T16:41:01.142974724Z:                         ##         .
[STDERR  ] 2017-05-26T16:41:01.142987681Z:                   ## ## ##        ==
[STDERR  ] 2017-05-26T16:41:01.143000235Z:                ## ## ## ## ##    ===
[STDERR  ] 2017-05-26T16:41:01.143007041Z:            /"""""""""""""""""\___/ ===
[STDERR  ] 2017-05-26T16:41:01.143028637Z:       ~~~ {~~ ~~~~ ~~~ ~~~~ ~~~ ~ /  ===- ~~~
[STDERR  ] 2017-05-26T16:41:01.143048116Z:            \______ o           __/
[STDERR  ] 2017-05-26T16:41:01.143061665Z:              \    \         __/
[STDERR  ] 2017-05-26T16:41:01.14307536Z:               \____\_______/
[STDERR  ] 2017-05-26T16:41:01.143082964Z: 
[STDERR  ] 2017-05-26T16:41:01.143103952Z: 
[STDERR  ] 2017-05-26T16:41:01.143116831Z: 
[STDERR  ] 2017-05-26T16:41:01.143123049Z: Starting containerd
[STDERR  ] 2017-05-26T16:41:01.143146106Z: / # [6n[   33.404561] IPVS: Creating netns size=2096 id=1
[STDERR  ] 2017-05-26T16:41:01.143159987Z: [   33.405173] IPVS: ftp: loaded support on port[0] = 21
[STDERR  ] 2017-05-26T16:41:01.143168705Z: [34mINFO[0m[0001] starting containerd boot...                   [34mmodule[0m=containerd
[STDERR  ] 2017-05-26T16:41:01.143183315Z: [34mINFO[0m[0001] starting debug API...                         [34mdebug[0m="/run/containerd/debug.sock" [34mmodule[0m=containerd
[STDERR  ] 2017-05-26T16:41:01.143204668Z: [34mINFO[0m[0001] loading monitor plugin "cgroups"...           [34mmodule[0m=containerd
[STDERR  ] 2017-05-26T16:41:01.143218253Z: [34mINFO[0m[0001] loading runtime plugin "linux"...             [34mmodule[0m=containerd
[STDERR  ] 2017-05-26T16:41:01.143232496Z: [34mINFO[0m[0001] loading snapshot plugin "snapshot-overlay"...  [34mmodule[0m=containerd
[STDERR  ] 2017-05-26T16:41:01.143246883Z: [34mINFO[0m[0001] loading grpc service plugin "metrics-grpc"...  [34mmodule[0m=containerd
[STDERR  ] 2017-05-26T16:41:01.143260287Z: [34mINFO[0m[0001] loading grpc service plugin "snapshots-grpc"...  [34mmodule[0m=containerd
[STDERR  ] 2017-05-26T16:41:01.143273396Z: [34mINFO[0m[0001] loading grpc service plugin "version-grpc"...  [34mmodule[0m=containerd
[STDERR  ] 2017-05-26T16:41:01.143287207Z: [34mINFO[0m[0001] loading grpc service plugin "diff-grpc"...    [34mmodule[0m=containerd
[STDERR  ] 2017-05-26T16:41:01.14330037Z: [34mINFO[0m[0001] loading grpc service plugin "runtime-grpc"...  [34mmodule[0m=containerd
[STDERR  ] 2017-05-26T16:41:01.143313793Z: [34mINFO[0m[0001] loading grpc service plugin "healthcheck-grpc"...  [34mmodule[0m=containerd
[STDERR  ] 2017-05-26T16:41:01.143325377Z: [34mINFO[0m[0001] loading grpc service plugin "content-grpc"...  [34mmodule[0m=containerd
[STDERR  ] 2017-05-26T16:41:01.143349453Z: [34mINFO[0m[0001] loading grpc service plugin "images-grpc"...  [34mmodule[0m=containerd
[STDERR  ] 2017-05-26T16:41:01.143362021Z: [34mINFO[0m[0002] starting GRPC API server...                   [34mmodule[0m=containerd
[STDERR  ] 2017-05-26T16:41:01.1433789Z: [34mINFO[0m[0002] starting metrics API...                       [34mmetrics[0m=":13337" [34mmodule[0m=containerd
[STDERR  ] 2017-05-26T16:41:01.143394219Z: [34mINFO[0m[0002] containerd successfully booted in 0.698781s   [34mmodule[0m=containerd
[STDERR  ] 2017-05-26T16:41:01.14340088Z: starting kernel config sanity test with /proc/config.gz
[STDERR  ] 2017-05-26T16:41:01.143421606Z: CONFIG_BUG_ON_DATA_CORRUPTION=y
[STDERR  ] 2017-05-26T16:41:01.143435208Z: kernel config test succeeded!
[STDERR  ] 2017-05-26T16:41:01.143448462Z: [37minfo: reading kernel config from /proc/config.gz ...[m
[STDERR  ] 2017-05-26T16:41:01.143455498Z: 
[STDERR  ] 2017-05-26T16:41:01.143467995Z: Generally Necessary:
[STDERR  ] 2017-05-26T16:41:01.143488614Z: - [37mcgroup hierarchy[m: [32mproperly mounted[m [/sys/fs/cgroup]
[STDERR  ] 2017-05-26T16:41:01.143506037Z: - [37mCONFIG_NAMESPACES[m: [32menabled[m
[STDERR  ] 2017-05-26T16:41:01.143513388Z: - [37mCONFIG_NET_NS[m: [32menabled[m
[STDERR  ] 2017-05-26T16:41:01.143531327Z: - [37mCONFIG_PID_NS[m: [32menabled[m
[STDERR  ] 2017-05-26T16:41:01.143537293Z: - [37mCONFIG_IPC_NS[m: [32menabled[m
[STDERR  ] 2017-05-26T16:41:01.143556949Z: - [37mCONFIG_UTS_NS[m: [32menabled[m
[STDERR  ] 2017-05-26T16:41:01.143564225Z: - [37mCONFIG_CGROUPS[m: [32menabled[m
[STDERR  ] 2017-05-26T16:41:01.1435763Z: - [37mCONFIG_CGROUP_CPUACCT[m: [32menabled[m
[STDERR  ] 2017-05-26T16:41:01.143596233Z: - [37mCONFIG_CGROUP_DEVICE[m: [32menabled[m
[STDERR  ] 2017-05-26T16:41:01.143609261Z: - [37mCONFIG_CGROUP_FREEZER[m: [32menabled[m
[STDERR  ] 2017-05-26T16:41:01.143622332Z: - [37mCONFIG_CGROUP_SCHED[m: [32menabled[m
[STDERR  ] 2017-05-26T16:41:01.1436353Z: - [37mCONFIG_CPUSETS[m: [32menabled[m
[STDERR  ] 2017-05-26T16:41:01.143648381Z: - [37mCONFIG_MEMCG[m: [32menabled[m
[STDERR  ] 2017-05-26T16:41:01.143661192Z: - [37mCONFIG_KEYS[m: [32menabled[m
[STDERR  ] 2017-05-26T16:41:01.143674337Z: - [37mCONFIG_VETH[m: [32menabled[m
[STDERR  ] 2017-05-26T16:41:01.143686409Z: - [37mCONFIG_BRIDGE[m: [32menabled[m
[STDERR  ] 2017-05-26T16:41:01.143698943Z: - [37mCONFIG_BRIDGE_NETFILTER[m: [32menabled[m
[STDERR  ] 2017-05-26T16:41:01.143711824Z: - [37mCONFIG_NF_NAT_IPV4[m: [32menabled[m
[STDERR  ] 2017-05-26T16:41:01.143725919Z: - [37mCONFIG_IP_NF_FILTER[m: [32menabled[m
[STDERR  ] 2017-05-26T16:41:01.143747302Z: - [37mCONFIG_IP_NF_TARGET_MASQUERADE[m: [32menabled[m
[STDERR  ] 2017-05-26T16:41:01.14375351Z: - [37mCONFIG_NETFILTER_XT_MATCH_ADDRTYPE[m: [32menabled[m
[STDERR  ] 2017-05-26T16:41:01.143776088Z: - [37mCONFIG_NETFILTER_XT_MATCH_CONNTRACK[m: [32menabled[m
[STDERR  ] 2017-05-26T16:41:01.143789774Z: - [37mCONFIG_NETFILTER_XT_MATCH_IPVS[m: [32menabled[m
[STDERR  ] 2017-05-26T16:41:01.143797239Z: - [37mCONFIG_IP_NF_NAT[m: [32menabled[m
[STDERR  ] 2017-05-26T16:41:01.14381621Z: - [37mCONFIG_NF_NAT[m: [32menabled[m
[STDERR  ] 2017-05-26T16:41:01.143829359Z: - [37mCONFIG_NF_NAT_NEEDED[m: [32menabled[m
[STDERR  ] 2017-05-26T16:41:01.143842321Z: - [37mCONFIG_POSIX_MQUEUE[m: [32menabled[m
[STDERR  ] 2017-05-26T16:41:01.143855112Z: 
[STDERR  ] 2017-05-26T16:41:01.143861523Z: Optional Features:
[STDERR  ] 2017-05-26T16:41:01.143880878Z: - [37mCONFIG_USER_NS[m: [32menabled[m
[STDERR  ] 2017-05-26T16:41:01.143887166Z: - [37mCONFIG_SECCOMP[m: [32menabled[m
[STDERR  ] 2017-05-26T16:41:01.143899096Z: - [37mCONFIG_CGROUP_PIDS[m: [32menabled[m
[STDERR  ] 2017-05-26T16:41:01.143919271Z: - [37mCONFIG_MEMCG_SWAP[m: [32menabled[m
[STDERR  ] 2017-05-26T16:41:01.14392632Z: - [37mCONFIG_MEMCG_SWAP_ENABLED[m: [32menabled[m
[STDERR  ] 2017-05-26T16:41:01.143943918Z:     [1;30m(cgroup swap accounting is currently enabled)[m
[STDERR  ] 2017-05-26T16:41:01.143964699Z: - [1mCONFIG_LEGACY_VSYSCALL_NONE[m: [1;31menabled[m
[STDERR  ] 2017-05-26T16:41:01.143981839Z:     [1;30m(containers using eglibc <= 2.13 will not work. Switch to[m
[STDERR  ] 2017-05-26T16:41:01.143997632Z:     [1;30m "CONFIG_VSYSCALL_[NATIVE|EMULATE]" or use "vsyscall=[native|emulate]"[m
[STDERR  ] 2017-05-26T16:41:01.144011126Z:     [1;30m on kernel command line. Note that this will disable ASLR for the,[m
[STDERR  ] 2017-05-26T16:41:01.144024682Z:     [1;30m VDSO which may assist in exploiting security vulnerabilities.)[m
[STDERR  ] 2017-05-26T16:41:01.144037362Z: - [37mCONFIG_BLK_CGROUP[m: [32menabled[m
[STDERR  ] 2017-05-26T16:41:01.144050953Z: - [37mCONFIG_BLK_DEV_THROTTLING[m: [32menabled[m
[STDERR  ] 2017-05-26T16:41:01.14406356Z: - [37mCONFIG_IOSCHED_CFQ[m: [32menabled[m
[STDERR  ] 2017-05-26T16:41:01.144075799Z: - [37mCONFIG_CFQ_GROUP_IOSCHED[m: [32menabled[m
[STDERR  ] 2017-05-26T16:41:01.144082382Z: - [37mCONFIG_CGROUP_PERF[m: [32menabled[m
[STDERR  ] 2017-05-26T16:41:01.14410688Z: - [37mCONFIG_CGROUP_HUGETLB[m: [32menabled[m
[STDERR  ] 2017-05-26T16:41:01.144120016Z: - [37mCONFIG_NET_CLS_CGROUP[m: [32menabled[m
[STDERR  ] 2017-05-26T16:41:01.144132796Z: - [37mCONFIG_CGROUP_NET_PRIO[m: [32menabled[m
[STDERR  ] 2017-05-26T16:41:01.144138928Z: - [37mCONFIG_CFS_BANDWIDTH[m: [32menabled[m
[STDERR  ] 2017-05-26T16:41:01.144158516Z: - [37mCONFIG_FAIR_GROUP_SCHED[m: [32menabled[m
[STDERR  ] 2017-05-26T16:41:01.144171386Z: - [37mCONFIG_RT_GROUP_SCHED[m: [32menabled[m
[STDERR  ] 2017-05-26T16:41:01.144190482Z: - [37mCONFIG_IP_VS[m: [32menabled[m
[STDERR  ] 2017-05-26T16:41:01.144203347Z: - [37mCONFIG_IP_VS_NFCT[m: [32menabled[m
[STDERR  ] 2017-05-26T16:41:01.144215589Z: - [37mCONFIG_IP_VS_RR[m: [32menabled[m
[STDERR  ] 2017-05-26T16:41:01.144227467Z: - [37mCONFIG_EXT4_FS[m: [32menabled[m
[STDERR  ] 2017-05-26T16:41:01.144240487Z: - [37mCONFIG_EXT4_FS_POSIX_ACL[m: [32menabled[m
[STDERR  ] 2017-05-26T16:41:01.144252991Z: - [37mCONFIG_EXT4_FS_SECURITY[m: [32menabled[m
[STDERR  ] 2017-05-26T16:41:01.144265406Z: - Network Drivers:
[STDERR  ] 2017-05-26T16:41:01.144272536Z:   - "[34moverlay[m":
[STDERR  ] 2017-05-26T16:41:01.144285479Z:     - [37mCONFIG_VXLAN[m: [32menabled[m
[STDERR  ] 2017-05-26T16:41:01.144305432Z:       Optional (for encrypted networks):
[STDERR  ] 2017-05-26T16:41:01.144321008Z:       - [37mCONFIG_CRYPTO[m: [32menabled[m
[STDERR  ] 2017-05-26T16:41:01.144334047Z:       - [37mCONFIG_CRYPTO_AEAD[m: [32menabled[m
[STDERR  ] 2017-05-26T16:41:01.144341042Z:       - [37mCONFIG_CRYPTO_GCM[m: [32menabled[m
[STDERR  ] 2017-05-26T16:41:01.144359851Z:       - [37mCONFIG_CRYPTO_SEQIV[m: [32menabled[m
[STDERR  ] 2017-05-26T16:41:01.144372753Z:       - [37mCONFIG_CRYPTO_GHASH[m: [32menabled[m
[STDERR  ] 2017-05-26T16:41:01.144378931Z:       - [37mCONFIG_XFRM[m: [32menabled[m
[STDERR  ] 2017-05-26T16:41:01.144398982Z:       - [37mCONFIG_XFRM_USER[m: [32menabled[m
[STDERR  ] 2017-05-26T16:41:01.144411306Z:       - [37mCONFIG_XFRM_ALGO[m: [32menabled[m
[STDERR  ] 2017-05-26T16:41:01.144417668Z:       - [37mCONFIG_INET_ESP[m: [32menabled[m
[STDERR  ] 2017-05-26T16:41:01.144440001Z:       - [37mCONFIG_INET_XFRM_MODE_TRANSPORT[m: [32menabled[m
[STDERR  ] 2017-05-26T16:41:01.144454188Z:   - "[34mipvlan[m":
[STDERR  ] 2017-05-26T16:41:01.144466972Z:     - [37mCONFIG_IPVLAN[m: [32menabled[m
[STDERR  ] 2017-05-26T16:41:01.144480726Z:   - "[34mmacvlan[m":
[STDERR  ] 2017-05-26T16:41:01.144493987Z:     - [37mCONFIG_MACVLAN[m: [32menabled[m
[STDERR  ] 2017-05-26T16:41:01.144506887Z:     - [37mCONFIG_DUMMY[m: [32menabled[m
[STDERR  ] 2017-05-26T16:41:01.144513087Z:   - "[34mftp,tftp client in container[m":
[STDERR  ] 2017-05-26T16:41:01.144538289Z:     - [37mCONFIG_NF_NAT_FTP[m: [32menabled[m
[STDERR  ] 2017-05-26T16:41:01.144556352Z:     - [37mCONFIG_NF_CONNTRACK_FTP[m: [32menabled[m
[STDERR  ] 2017-05-26T16:41:01.14456961Z:     - [37mCONFIG_NF_NAT_TFTP[m: [32menabled[m
[STDERR  ] 2017-05-26T16:41:01.144582926Z:     - [37mCONFIG_NF_CONNTRACK_TFTP[m: [32menabled[m
[STDERR  ] 2017-05-26T16:41:01.144590185Z: - Storage Drivers:
[STDERR  ] 2017-05-26T16:41:01.144608492Z:   - "[34maufs[m":
[STDERR  ] 2017-05-26T16:41:01.144621291Z:     - [1mCONFIG_AUFS_FS[m: [1;31mmissing[m
[STDERR  ] 2017-05-26T16:41:01.144627099Z:   - "[34mbtrfs[m":
[STDERR  ] 2017-05-26T16:41:01.144646185Z:     - [37mCONFIG_BTRFS_FS[m: [32menabled (as module)[m
[STDERR  ] 2017-05-26T16:41:01.144659255Z:     - [37mCONFIG_BTRFS_FS_POSIX_ACL[m: [32menabled[m
[STDERR  ] 2017-05-26T16:41:01.144681612Z:   - "[34mdevicemapper[m":
[STDERR  ] 2017-05-26T16:41:01.144694769Z:     - [37mCONFIG_BLK_DEV_DM[m: [32menabled[m
[STDERR  ] 2017-05-26T16:41:01.144707481Z:     - [37mCONFIG_DM_THIN_PROVISIONING[m: [32menabled[m
[STDERR  ] 2017-05-26T16:41:01.144720572Z:   - "[34moverlay[m":
[STDERR  ] 2017-05-26T16:41:01.144733417Z:     - [37mCONFIG_OVERLAY_FS[m: [32menabled[m
[STDERR  ] 2017-05-26T16:41:01.144750723Z:   - "[34mzfs[m":
[STDERR  ] 2017-05-26T16:41:01.144763924Z:     - [1m/dev/zfs[m: [1;31mmissing[m
[STDERR  ] 2017-05-26T16:41:01.144776631Z:     - [1mzfs command[m: [1;31mmissing[m
[STDERR  ] 2017-05-26T16:41:01.144788509Z:     - [1mzpool command[m: [1;31mmissing[m
[STDERR  ] 2017-05-26T16:41:01.144800468Z: 
[STDERR  ] 2017-05-26T16:41:01.14481627Z: Limits:
[STDERR  ] 2017-05-26T16:41:01.144823587Z: [37m- /proc/sys/kernel/keys/root_maxkeys[m: [32m1000000[m
[STDERR  ] 2017-05-26T16:41:01.144843396Z: 
[STDERR  ] 2017-05-26T16:41:01.144856981Z: Kernel config test suite PASSED
[STDERR  ] 2017-05-26T16:41:01.144863216Z: 
[STDERR  ] 2017-05-26T16:41:01.144883158Z:                         ##         .
[STDERR  ] 2017-05-26T16:41:01.144896702Z:                   ## ## ##        ==
[STDERR  ] 2017-05-26T16:41:01.144903768Z:                ## ## ## ## ##    ===
[STDERR  ] 2017-05-26T16:41:01.144916202Z:            /"""""""""""""""""\___/ ===
[STDERR  ] 2017-05-26T16:41:01.144935681Z:       ~~~ {~~ ~~~~ ~~~ ~~~~ ~~~ ~ /  ===- ~~~
[STDERR  ] 2017-05-26T16:41:01.144948717Z:            \______ o           __/
[STDERR  ] 2017-05-26T16:41:01.144961537Z:              \    \         __/
[STDERR  ] 2017-05-26T16:41:01.144973668Z:               \____\_______/
[STDERR  ] 2017-05-26T16:41:01.144987125Z:  - 000-check-kernel-config
[STDERR  ] 2017-05-26T16:41:01.144993917Z: [   75.518626] ACPI: Preparing to enter system sleep state S5
[STDERR  ] 2017-05-26T16:41:01.145008958Z: [   75.519754] reboot: Power down
[STDERR  ] 2017-05-26T16:41:01.146722403Z: + grep -q suite PASSED
[STDERR  ] 2017-05-26T16:41:01.14704272Z: + echo [    0.000000] Linux version 4.10.17-linuxkit (root@84baa8e89c00) (gcc version 6.2.1 20160822 (Alpine 6.2.1) ) #1 SMP Mon May 22 13:59:32 UTC 2017
[STDERR  ] 2017-05-26T16:41:01.147062726Z: [    0.000000] Command line: console=ttyS0
[STDERR  ] 2017-05-26T16:41:01.147076685Z: [    0.000000] x86/fpu: Legacy x87 FPU detected.
[STDERR  ] 2017-05-26T16:41:01.147090792Z: [    0.000000] e820: BIOS-provided physical RAM map:
[STDERR  ] 2017-05-26T16:41:01.147105477Z: [    0.000000] BIOS-e820: [mem 0x0000000000000000-0x000000000009fbff] usable
[STDERR  ] 2017-05-26T16:41:01.147118398Z: [    0.000000] BIOS-e820: [mem 0x000000000009fc00-0x000000000009ffff] reserved
[STDERR  ] 2017-05-26T16:41:01.147133837Z: [    0.000000] BIOS-e820: [mem 0x00000000000f0000-0x00000000000fffff] reserved
[STDERR  ] 2017-05-26T16:41:01.147148392Z: [    0.000000] BIOS-e820: [mem 0x0000000000100000-0x000000003ffdefff] usable
[STDERR  ] 2017-05-26T16:41:01.147161943Z: [    0.000000] BIOS-e820: [mem 0x000000003ffdf000-0x000000003fffffff] reserved
[STDERR  ] 2017-05-26T16:41:01.147188569Z: [    0.000000] BIOS-e820: [mem 0x00000000b0000000-0x00000000bfffffff] reserved
[STDERR  ] 2017-05-26T16:41:01.14723088Z: [    0.000000] BIOS-e820: [mem 0x00000000fed1c000-0x00000000fed1ffff] reserved
[STDERR  ] 2017-05-26T16:41:01.147245033Z: [    0.000000] BIOS-e820: [mem 0x00000000fffc0000-0x00000000ffffffff] reserved
[STDERR  ] 2017-05-26T16:41:01.147258681Z: [    0.000000] NX (Execute Disable) protection: active
[STDERR  ] 2017-05-26T16:41:01.147272015Z: [    0.000000] SMBIOS 2.8 present.
[STDERR  ] 2017-05-26T16:41:01.14728581Z: [    0.000000] DMI: QEMU Standard PC (Q35 + ICH9, 2009), BIOS rel-1.10.1-0-g8891697-prebuilt.qemu-project.org 04/01/2014
[STDERR  ] 2017-05-26T16:41:01.147299064Z: [    0.000000] e820: last_pfn = 0x3ffdf max_arch_pfn = 0x400000000
[STDERR  ] 2017-05-26T16:41:01.147312006Z: [    0.000000] x86/PAT: Configuration [0-7]: WB  WC  UC- UC  WB  WC  UC- WT  
[STDERR  ] 2017-05-26T16:41:01.147319297Z: [    0.000000] found SMP MP-table at [mem 0x000f6aa0-0x000f6aaf] mapped at [ffff9f9bc00f6aa0]
[STDERR  ] 2017-05-26T16:41:01.147331621Z: [    0.000000] RAMDISK: [mem 0x3df37000-0x3ffcffff]
[STDERR  ] 2017-05-26T16:41:01.147461913Z: [    0.000000] ACPI: Early table checksum verification disabled
[STDERR  ] 2017-05-26T16:41:01.14747699Z: [    0.000000] ACPI: RSDP 0x00000000000F68C0 000014 (v00 BOCHS )
[STDERR  ] 2017-05-26T16:41:01.147496709Z: [    0.000000] ACPI: RSDT 0x000000003FFE2404 000034 (v01 BOCHS  BXPCRSDT 00000001 BXPC 00000001)
[STDERR  ] 2017-05-26T16:41:01.147509606Z: [    0.000000] ACPI: FACP 0x000000003FFE22A4 000074 (v01 BOCHS  BXPCFACP 00000001 BXPC 00000001)
[STDERR  ] 2017-05-26T16:41:01.147553192Z: [    0.000000] ACPI: DSDT 0x000000003FFE0040 002264 (v01 BOCHS  BXPCDSDT 00000001 BXPC 00000001)
[STDERR  ] 2017-05-26T16:41:01.147571109Z: [    0.000000] ACPI: FACS 0x000000003FFE0000 000040
[STDERR  ] 2017-05-26T16:41:01.147584278Z: [    0.000000] ACPI: APIC 0x000000003FFE2318 000078 (v01 BOCHS  BXPCAPIC 00000001 BXPC 00000001)
[STDERR  ] 2017-05-26T16:41:01.147597077Z: [    0.000000] ACPI: HPET 0x000000003FFE2390 000038 (v01 BOCHS  BXPCHPET 00000001 BXPC 00000001)
[STDERR  ] 2017-05-26T16:41:01.147609802Z: [    0.000000] ACPI: MCFG 0x000000003FFE23C8 00003C (v01 BOCHS  BXPCMCFG 00000001 BXPC 00000001)
[STDERR  ] 2017-05-26T16:41:01.147616827Z: [    0.000000] Zone ranges:
[STDERR  ] 2017-05-26T16:41:01.147629524Z: [    0.000000]   DMA      [mem 0x0000000000001000-0x0000000000ffffff]
[STDERR  ] 2017-05-26T16:41:01.147650153Z: [    0.000000]   DMA32    [mem 0x0000000001000000-0x000000003ffdefff]
[STDERR  ] 2017-05-26T16:41:01.147663277Z: [    0.000000]   Normal   empty
[STDERR  ] 2017-05-26T16:41:01.147676173Z: [    0.000000] Movable zone start for each node
[STDERR  ] 2017-05-26T16:41:01.147701433Z: [    0.000000] Early memory node ranges
[STDERR  ] 2017-05-26T16:41:01.147714069Z: [    0.000000]   node   0: [mem 0x0000000000001000-0x000000000009efff]
[STDERR  ] 2017-05-26T16:41:01.147733686Z: [    0.000000]   node   0: [mem 0x0000000000100000-0x000000003ffdefff]
[STDERR  ] 2017-05-26T16:41:01.147749129Z: [    0.000000] Initmem setup node 0 [mem 0x0000000000001000-0x000000003ffdefff]
[STDERR  ] 2017-05-26T16:41:01.148145062Z: [    0.000000] ACPI: PM-Timer IO Port: 0x608
[STDERR  ] 2017-05-26T16:41:01.148193647Z: [    0.000000] ACPI: LAPIC_NMI (acpi_id[0xff] dfl dfl lint[0x1])
[STDERR  ] 2017-05-26T16:41:01.148302351Z: [    0.000000] IOAPIC[0]: apic_id 0, version 32, address 0xfec00000, GSI 0-23
[STDERR  ] 2017-05-26T16:41:01.148337535Z: [    0.000000] ACPI: INT_SRC_OVR (bus 0 bus_irq 0 global_irq 2 dfl dfl)
[STDERR  ] 2017-05-26T16:41:01.148350788Z: [    0.000000] ACPI: INT_SRC_OVR (bus 0 bus_irq 5 global_irq 5 high level)
[STDERR  ] 2017-05-26T16:41:01.148364256Z: [    0.000000] ACPI: INT_SRC_OVR (bus 0 bus_irq 9 global_irq 9 high level)
[STDERR  ] 2017-05-26T16:41:01.148377208Z: [    0.000000] ACPI: INT_SRC_OVR (bus 0 bus_irq 10 global_irq 10 high level)
[STDERR  ] 2017-05-26T16:41:01.14839318Z: [    0.000000] ACPI: INT_SRC_OVR (bus 0 bus_irq 11 global_irq 11 high level)
[STDERR  ] 2017-05-26T16:41:01.148406542Z: [    0.000000] Using ACPI (MADT) for SMP configuration information
[STDERR  ] 2017-05-26T16:41:01.148414218Z: [    0.000000] ACPI: HPET id: 0x8086a201 base: 0xfed00000
[STDERR  ] 2017-05-26T16:41:01.148435099Z: [    0.000000] smpboot: Allowing 1 CPUs, 0 hotplug CPUs
[STDERR  ] 2017-05-26T16:41:01.148455102Z: [    0.000000] e820: [mem 0x40000000-0xafffffff] available for PCI devices
[STDERR  ] 2017-05-26T16:41:01.151054227Z: [    0.000000] Booting paravirtualized kernel on bare hardware
[STDERR  ] 2017-05-26T16:41:01.151069943Z: [    0.000000] clocksource: refined-jiffies: mask: 0xffffffff max_cycles: 0xffffffff, max_idle_ns: 19112604462750000 ns
[STDERR  ] 2017-05-26T16:41:01.151084443Z: [    0.000000] setup_percpu: NR_CPUS:128 nr_cpumask_bits:128 nr_cpu_ids:1 nr_node_ids:1
[STDERR  ] 2017-05-26T16:41:01.151105262Z: [    0.000000] percpu: Embedded 35 pages/cpu @ffff9f9bfdc00000 s105432 r8192 d29736 u2097152
[STDERR  ] 2017-05-26T16:41:01.151111668Z: [    0.000000] Built 1 zonelists in Zone order, mobility grouping on.  Total pages: 257896
[STDERR  ] 2017-05-26T16:41:01.151137117Z: [    0.000000] Kernel command line: console=ttyS0
[STDERR  ] 2017-05-26T16:41:01.151152787Z: [    0.000000] PID hash table entries: 4096 (order: 3, 32768 bytes)
[STDERR  ] 2017-05-26T16:41:01.151174729Z: [    0.000000] Dentry cache hash table entries: 131072 (order: 8, 1048576 bytes)
[STDERR  ] 2017-05-26T16:41:01.151214546Z: [    0.000000] Inode-cache hash table entries: 65536 (order: 7, 524288 bytes)
[STDERR  ] 2017-05-26T16:41:01.151230474Z: [    0.000000] Memory: 978396K/1048052K available (9540K kernel code, 1593K rwdata, 3108K rodata, 1460K init, 604K bss, 69656K reserved, 0K cma-reserved)
[STDERR  ] 2017-05-26T16:41:01.151253664Z: [    0.000000] Hierarchical RCU implementation.
[STDERR  ] 2017-05-26T16:41:01.15126054Z: [    0.000000] 	Build-time adjustment of leaf fanout to 64.
[STDERR  ] 2017-05-26T16:41:01.151281188Z: [    0.000000] 	RCU restricting CPUs from NR_CPUS=128 to nr_cpu_ids=1.
[STDERR  ] 2017-05-26T16:41:01.151294792Z: [    0.000000] RCU: Adjusting geometry for rcu_fanout_leaf=64, nr_cpu_ids=1
[STDERR  ] 2017-05-26T16:41:01.151302197Z: [    0.000000] NR_IRQS:8448 nr_irqs:256 16
[STDERR  ] 2017-05-26T16:41:01.151322672Z: [    0.000000] Console: colour VGA+ 80x25
[STDERR  ] 2017-05-26T16:41:01.151335861Z: [    0.000000] console [ttyS0] enabled
[STDERR  ] 2017-05-26T16:41:01.151350578Z: [    0.000000] clocksource: hpet: mask: 0xffffffff max_cycles: 0xffffffff, max_idle_ns: 19112604467 ns
[STDERR  ] 2017-05-26T16:41:01.15138537Z: [    0.000000] tsc: Unable to calibrate against PIT
[STDERR  ] 2017-05-26T16:41:01.15139878Z: [    0.000000] tsc: using HPET reference calibration
[STDERR  ] 2017-05-26T16:41:01.151412043Z: [    0.000000] tsc: Detected 2300.452 MHz processor
[STDERR  ] 2017-05-26T16:41:01.151426878Z: [    0.052584] Calibrating delay loop (skipped), value calculated using timer frequency.. 4600.90 BogoMIPS (lpj=23004520)
[STDERR  ] 2017-05-26T16:41:01.151442636Z: [    0.053920] pid_max: default: 32768 minimum: 301
[STDERR  ] 2017-05-26T16:41:01.151454863Z: [    0.055244] ACPI: Core revision 20160930
[STDERR  ] 2017-05-26T16:41:01.151461706Z: [    0.134149] ACPI: 1 ACPI AML tables successfully acquired and loaded
[STDERR  ] 2017-05-26T16:41:01.151482377Z: [    0.137015] Security Framework initialized
[STDERR  ] 2017-05-26T16:41:01.151501721Z: [    0.137646] Yama: becoming mindful.
[STDERR  ] 2017-05-26T16:41:01.151509844Z: [    0.141038] Mount-cache hash table entries: 2048 (order: 2, 16384 bytes)
[STDERR  ] 2017-05-26T16:41:01.151553642Z: [    0.141810] Mountpoint-cache hash table entries: 2048 (order: 2, 16384 bytes)
[STDERR  ] 2017-05-26T16:41:01.151569883Z: [    0.173149] Last level iTLB entries: 4KB 0, 2MB 0, 4MB 0
[STDERR  ] 2017-05-26T16:41:01.151584379Z: [    0.173785] Last level dTLB entries: 4KB 0, 2MB 0, 4MB 0, 1GB 0
[STDERR  ] 2017-05-26T16:41:01.151598261Z: [    0.877940] Freeing SMP alternatives memory: 24K
[STDERR  ] 2017-05-26T16:41:01.151612499Z: [    0.892710] ftrace: allocating 41987 entries in 165 pages
[STDERR  ] 2017-05-26T16:41:01.151625363Z: [    1.220695] smpboot: Max logical packages: 1
[STDERR  ] 2017-05-26T16:41:01.15164542Z: [    1.229222] ..TIMER: vector=0x30 apic1=0 pin1=2 apic2=-1 pin2=-1
[STDERR  ] 2017-05-26T16:41:01.151652755Z: [    1.330000] smpboot: CPU0: AMD QEMU Virtual CPU version 2.5+ (family: 0x6, model: 0x6, stepping: 0x3)
[STDERR  ] 2017-05-26T16:41:01.151669413Z: [    1.330000] Performance Events: PMU not available due to virtualization, using software events only.
[STDERR  ] 2017-05-26T16:41:01.151712132Z: [    1.343238] NMI watchdog: disabled (cpu0): hardware events not enabled
[STDERR  ] 2017-05-26T16:41:01.151719448Z: [    1.343772] NMI watchdog: Shutting down hard lockup detector on all cpus
[STDERR  ] 2017-05-26T16:41:01.151741513Z: [    1.350319] smp: Bringing up secondary CPUs ...
[STDERR  ] 2017-05-26T16:41:01.151753798Z: [    1.350748] smp: Brought up 1 node, 1 CPU
[STDERR  ] 2017-05-26T16:41:01.151761415Z: [    1.351144] smpboot: Total of 1 processors activated (4600.90 BogoMIPS)
[STDERR  ] 2017-05-26T16:41:01.151781767Z: [    1.376531] devtmpfs: initialized
[STDERR  ] 2017-05-26T16:41:01.151795Z: [    1.384448] x86/mm: Memory block size: 128MB
[STDERR  ] 2017-05-26T16:41:01.151810989Z: [    1.501196] clocksource: jiffies: mask: 0xffffffff max_cycles: 0xffffffff, max_idle_ns: 19112604462750000 ns
[STDERR  ] 2017-05-26T16:41:01.151830404Z: [    1.502190] futex hash table entries: 256 (order: 2, 16384 bytes)
[STDERR  ] 2017-05-26T16:41:01.15186367Z: [    1.516275] NET: Registered protocol family 16
[STDERR  ] 2017-05-26T16:41:01.151878571Z: [    1.531747] cpuidle: using governor ladder
[STDERR  ] 2017-05-26T16:41:01.151891556Z: [    1.532282] cpuidle: using governor menu
[STDERR  ] 2017-05-26T16:41:01.151906292Z: [    1.532741] PCCT header not found.
[STDERR  ] 2017-05-26T16:41:01.151918823Z: [    1.534486] ACPI: bus type PCI registered
[STDERR  ] 2017-05-26T16:41:01.151933753Z: [    1.538966] PCI: MMCONFIG for domain 0000 [bus 00-ff] at [mem 0xb0000000-0xbfffffff] (base 0xb0000000)
[STDERR  ] 2017-05-26T16:41:01.1519452Z: [    1.540229] PCI: MMCONFIG at [mem 0xb0000000-0xbfffffff] reserved in E820
[STDERR  ] 2017-05-26T16:41:01.151959576Z: [    1.542238] PCI: Using configuration type 1 for base access
[STDERR  ] 2017-05-26T16:41:01.151980799Z: [    1.642434] HugeTLB registered 2 MB page size, pre-allocated 0 pages
[STDERR  ] 2017-05-26T16:41:01.152003099Z: [    1.658599] ACPI: Added _OSI(Module Device)
[STDERR  ] 2017-05-26T16:41:01.152038501Z: [    1.659020] ACPI: Added _OSI(Processor Device)
[STDERR  ] 2017-05-26T16:41:01.152045189Z: [    1.659331] ACPI: Added _OSI(3.0 _SCP Extensions)
[STDERR  ] 2017-05-26T16:41:01.152065771Z: [    1.659621] ACPI: Added _OSI(Processor Aggregator Device)
[STDERR  ] 2017-05-26T16:41:01.152071742Z: [    1.793532] ACPI: Interpreter enabled
[STDERR  ] 2017-05-26T16:41:01.152091601Z: [    1.794910] ACPI: (supports S0 S5)
[STDERR  ] 2017-05-26T16:41:01.152099682Z: [    1.795237] ACPI: Using IOAPIC for interrupt routing
[STDERR  ] 2017-05-26T16:41:01.152119615Z: [    1.798121] PCI: Using host bridge windows from ACPI; if necessary, use "pci=nocrs" and report a bug
[STDERR  ] 2017-05-26T16:41:01.152126744Z: [    1.904669] ACPI: PCI Root Bridge [PCI0] (domain 0000 [bus 00-ff])
[STDERR  ] 2017-05-26T16:41:01.152147521Z: [    1.905962] acpi PNP0A08:00: _OSC: OS supports [ExtendedConfig ASPM ClockPM Segments MSI]
[STDERR  ] 2017-05-26T16:41:01.152163258Z: [    1.915561] acpi PNP0A08:00: _OSC: OS now controls [PCIeHotplug PME PCIeCapability]
[STDERR  ] 2017-05-26T16:41:01.152200721Z: [    1.922380] PCI host bridge to bus 0000:00
[STDERR  ] 2017-05-26T16:41:01.152213703Z: [    1.923005] pci_bus 0000:00: root bus resource [io  0x0000-0x0cf7 window]
[STDERR  ] 2017-05-26T16:41:01.152230066Z: [    1.923463] pci_bus 0000:00: root bus resource [io  0x0d00-0xffff window]
[STDERR  ] 2017-05-26T16:41:01.152248731Z: [    1.923916] pci_bus 0000:00: root bus resource [mem 0x000a0000-0x000bffff window]
[STDERR  ] 2017-05-26T16:41:01.152257221Z: [    1.924393] pci_bus 0000:00: root bus resource [mem 0xc0000000-0xfebfffff window]
[STDERR  ] 2017-05-26T16:41:01.152269107Z: [    1.925049] pci_bus 0000:00: root bus resource [bus 00-ff]
[STDERR  ] 2017-05-26T16:41:01.15229669Z: [    2.076911] pci 0000:00:1f.0: quirk: [io  0x0600-0x067f] claimed by ICH6 ACPI/GPIO/TCO
[STDERR  ] 2017-05-26T16:41:01.152308759Z: [    2.172145] ACPI: PCI Interrupt Link [LNKA] (IRQs 5 *10 11)
[STDERR  ] 2017-05-26T16:41:01.152324222Z: [    2.175041] ACPI: PCI Interrupt Link [LNKB] (IRQs 5 *10 11)
[STDERR  ] 2017-05-26T16:41:01.15235756Z: [    2.177641] ACPI: PCI Interrupt Link [LNKC] (IRQs 5 10 *11)
[STDERR  ] 2017-05-26T16:41:01.152370752Z: [    2.180440] ACPI: PCI Interrupt Link [LNKD] (IRQs 5 10 *11)
[STDERR  ] 2017-05-26T16:41:01.152393982Z: [    2.183256] ACPI: PCI Interrupt Link [LNKE] (IRQs 5 *10 11)
[STDERR  ] 2017-05-26T16:41:01.152406543Z: [    2.185809] ACPI: PCI Interrupt Link [LNKF] (IRQs 5 *10 11)
[STDERR  ] 2017-05-26T16:41:01.152420218Z: [    2.188470] ACPI: PCI Interrupt Link [LNKG] (IRQs 5 10 *11)
[STDERR  ] 2017-05-26T16:41:01.152428125Z: [    2.191274] ACPI: PCI Interrupt Link [LNKH] (IRQs 5 10 *11)
[STDERR  ] 2017-05-26T16:41:01.152446253Z: [    2.192374] ACPI: PCI Interrupt Link [GSIA] (IRQs *16)
[STDERR  ] 2017-05-26T16:41:01.152453605Z: [    2.193263] ACPI: PCI Interrupt Link [GSIB] (IRQs *17)
[STDERR  ] 2017-05-26T16:41:01.152478567Z: [    2.194062] ACPI: PCI Interrupt Link [GSIC] (IRQs *18)
[STDERR  ] 2017-05-26T16:41:01.152486517Z: [    2.194888] ACPI: PCI Interrupt Link [GSID] (IRQs *19)
[STDERR  ] 2017-05-26T16:41:01.152519161Z: [    2.195840] ACPI: PCI Interrupt Link [GSIE] (IRQs *20)
[STDERR  ] 2017-05-26T16:41:01.152540479Z: [    2.196690] ACPI: PCI Interrupt Link [GSIF] (IRQs *21)
[STDERR  ] 2017-05-26T16:41:01.15255673Z: [    2.197505] ACPI: PCI Interrupt Link [GSIG] (IRQs *22)
[STDERR  ] 2017-05-26T16:41:01.152563198Z: [    2.198281] ACPI: PCI Interrupt Link [GSIH] (IRQs *23)
[STDERR  ] 2017-05-26T16:41:01.152581142Z: [    2.208304] ACPI: Enabled 2 GPEs in block 00 to 3F
[STDERR  ] 2017-05-26T16:41:01.152602866Z: [    2.221334] SCSI subsystem initialized
[STDERR  ] 2017-05-26T16:41:01.152616514Z: [    2.225501] pps_core: LinuxPPS API ver. 1 registered
[STDERR  ] 2017-05-26T16:41:01.152632993Z: [    2.225861] pps_core: Software ver. 5.3.6 - Copyright 2005-2007 Rodolfo Giometti <giometti@linux.it>
[STDERR  ] 2017-05-26T16:41:01.152640271Z: [    2.226424] PTP clock support registered
[STDERR  ] 2017-05-26T16:41:01.152652671Z: [    2.228041] wmi: Mapper loaded
[STDERR  ] 2017-05-26T16:41:01.152693148Z: [    2.230587] PCI: Using ACPI for IRQ routing
[STDERR  ] 2017-05-26T16:41:01.152705776Z: [    2.262080] NetLabel: Initializing
[STDERR  ] 2017-05-26T16:41:01.152713863Z: [    2.262388] NetLabel:  domain hash size = 128
[STDERR  ] 2017-05-26T16:41:01.15272669Z: [    2.262681] NetLabel:  protocols = UNLABELED CIPSOv4 CALIPSO
[STDERR  ] 2017-05-26T16:41:01.152746814Z: [    2.266193] NetLabel:  unlabeled traffic allowed by default
[STDERR  ] 2017-05-26T16:41:01.152760878Z: [    2.267595] HPET: 3 timers in total, 0 timers will be used for per-cpu timer
[STDERR  ] 2017-05-26T16:41:01.152773597Z: [    2.268495] hpet0: at MMIO 0xfed00000, IRQs 2, 8, 0
[STDERR  ] 2017-05-26T16:41:01.15278732Z: [    2.268962] hpet0: 3 comparators, 64-bit 100.000000 MHz counter
[STDERR  ] 2017-05-26T16:41:01.152800074Z: [    2.277882] clocksource: Switched to clocksource hpet
[STDERR  ] 2017-05-26T16:41:01.152813515Z: [    2.866866] VFS: Disk quotas dquot_6.6.0
[STDERR  ] 2017-05-26T16:41:01.152846113Z: [    2.867768] VFS: Dquot-cache hash table entries: 512 (order 0, 4096 bytes)
[STDERR  ] 2017-05-26T16:41:01.15285972Z: [    2.872046] FS-Cache: Loaded
[STDERR  ] 2017-05-26T16:41:01.15287244Z: [    2.879942] CacheFiles: Loaded
[STDERR  ] 2017-05-26T16:41:01.152887251Z: [    2.882720] pnp: PnP ACPI init
[STDERR  ] 2017-05-26T16:41:01.152900142Z: [    2.902230] pnp: PnP ACPI: found 5 devices
[STDERR  ] 2017-05-26T16:41:01.15290676Z: [    2.973590] clocksource: acpi_pm: mask: 0xffffff max_cycles: 0xffffff, max_idle_ns: 2085701024 ns
[STDERR  ] 2017-05-26T16:41:01.152926799Z: [    2.977810] NET: Registered protocol family 2
[STDERR  ] 2017-05-26T16:41:01.152945346Z: [    2.989861] TCP established hash table entries: 8192 (order: 4, 65536 bytes)
[STDERR  ] 2017-05-26T16:41:01.152953344Z: [    2.991149] TCP bind hash table entries: 8192 (order: 5, 131072 bytes)
[STDERR  ] 2017-05-26T16:41:01.152972419Z: [    2.991902] TCP: Hash tables configured (established 8192 bind 8192)
[STDERR  ] 2017-05-26T16:41:01.153005123Z: [    2.994541] UDP hash table entries: 512 (order: 2, 16384 bytes)
[STDERR  ] 2017-05-26T16:41:01.153013736Z: [    2.995244] UDP-Lite hash table entries: 512 (order: 2, 16384 bytes)
[STDERR  ] 2017-05-26T16:41:01.15303354Z: [    2.998775] NET: Registered protocol family 1
[STDERR  ] 2017-05-26T16:41:01.153047375Z: [    3.004927] RPC: Registered named UNIX socket transport module.
[STDERR  ] 2017-05-26T16:41:01.153055439Z: [    3.005445] RPC: Registered udp transport module.
[STDERR  ] 2017-05-26T16:41:01.153074981Z: [    3.006476] RPC: Registered tcp transport module.
[STDERR  ] 2017-05-26T16:41:01.15308216Z: [    3.006806] RPC: Registered tcp NFSv4.1 backchannel transport module.
[STDERR  ] 2017-05-26T16:41:01.153095001Z: [    3.007810] pci 0000:00:01.0: Video device with shadowed ROM at [mem 0x000c0000-0x000dffff]
[STDERR  ] 2017-05-26T16:41:01.153120754Z: [    3.022772] Unpacking initramfs...
[STDERR  ] 2017-05-26T16:41:01.153133055Z: [   16.303985] Freeing initrd memory: 33380K
[STDERR  ] 2017-05-26T16:41:01.153147392Z: [   16.353429] PCLMULQDQ-NI instructions are not detected.
[STDERR  ] 2017-05-26T16:41:01.153180888Z: [   16.355058] AVX or AES-NI instructions are not detected.
[STDERR  ] 2017-05-26T16:41:01.153194729Z: [   16.355530] CPU feature 'AVX registers' is not supported.
[STDERR  ] 2017-05-26T16:41:01.153201466Z: [   16.355957] CPU feature 'AVX registers' is not supported.
[STDERR  ] 2017-05-26T16:41:01.153222873Z: [   16.356364] CPU feature 'AVX registers' is not supported.
[STDERR  ] 2017-05-26T16:41:01.153242076Z: [   16.356787] CPU feature 'AVX registers' is not supported.
[STDERR  ] 2017-05-26T16:41:01.153256455Z: [   16.357193] AVX2 or AES-NI instructions are not detected.
[STDERR  ] 2017-05-26T16:41:01.153276105Z: [   16.357613] AVX2 instructions are not detected.
[STDERR  ] 2017-05-26T16:41:01.153290265Z: [   16.368465] audit: initializing netlink subsys (disabled)
[STDERR  ] 2017-05-26T16:41:01.153302651Z: [   16.381437] audit: type=2000 audit(1495816800.370:1): initialized
[STDERR  ] 2017-05-26T16:41:01.153345633Z: [   16.384839] workingset: timestamp_bits=46 max_order=18 bucket_order=0
[STDERR  ] 2017-05-26T16:41:01.153359348Z: [   16.394995] FS-Cache: Netfs 'nfs' registered for caching
[STDERR  ] 2017-05-26T16:41:01.153371796Z: [   16.398296] NFS: Registering the id_resolver key type
[STDERR  ] 2017-05-26T16:41:01.153391931Z: [   16.400668] Key type id_resolver registered
[STDERR  ] 2017-05-26T16:41:01.15340434Z: [   16.401005] Key type id_legacy registered
[STDERR  ] 2017-05-26T16:41:01.153419108Z: [   16.401449] nfs4filelayout_init: NFSv4 File Layout Driver Registering...
[STDERR  ] 2017-05-26T16:41:01.153432116Z: [   16.402387] Installing knfsd (copyright (C) 1996 okir@monad.swb.de).
[STDERR  ] 2017-05-26T16:41:01.153438917Z: [   16.408344] FS-Cache: Netfs 'cifs' registered for caching
[STDERR  ] 2017-05-26T16:41:01.153459699Z: [   16.409732] ntfs: driver 2.1.32 [Flags: R/O].
[STDERR  ] 2017-05-26T16:41:01.153465318Z: [   16.410860] fuse init (API version 7.26)
[STDERR  ] 2017-05-26T16:41:01.153507239Z: [   16.413928] SGI XFS with ACLs, security attributes, no debug enabled
[STDERR  ] 2017-05-26T16:41:01.153515628Z: [   16.421674] 9p: Installing v9fs 9p2000 file system support
[STDERR  ] 2017-05-26T16:41:01.153534198Z: [   16.422209] FS-Cache: Netfs '9p' registered for caching
[STDERR  ] 2017-05-26T16:41:01.153540418Z: [   16.490513] NET: Registered protocol family 38
[STDERR  ] 2017-05-26T16:41:01.153562114Z: [   16.491166] Key type asymmetric registered
[STDERR  ] 2017-05-26T16:41:01.153574421Z: [   16.491523] Asymmetric key parser 'x509' registered
[STDERR  ] 2017-05-26T16:41:01.153593925Z: [   16.492547] Block layer SCSI generic (bsg) driver version 0.4 loaded (major 251)
[STDERR  ] 2017-05-26T16:41:01.153606763Z: [   16.494765] io scheduler noop registered
[STDERR  ] 2017-05-26T16:41:01.15362247Z: [   16.495159] io scheduler deadline registered (default)
[STDERR  ] 2017-05-26T16:41:01.15363488Z: [   16.495871] io scheduler cfq registered
[STDERR  ] 2017-05-26T16:41:01.153642705Z: [   16.501941] shpchp: Standard Hot Plug PCI Controller Driver version: 0.4
[STDERR  ] 2017-05-26T16:41:01.153681866Z: [   16.502877] hv_vmbus: registering driver hyperv_fb
[STDERR  ] 2017-05-26T16:41:01.153695794Z: [   16.507676] input: Power Button as /devices/LNXSYSTM:00/LNXPWRBN:00/input/input0
[STDERR  ] 2017-05-26T16:41:01.153708091Z: [   16.509372] ACPI: Power Button [PWRF]
[STDERR  ] 2017-05-26T16:41:01.153730275Z: [   16.517527] GHES: HEST is not enabled!
[STDERR  ] 2017-05-26T16:41:01.153743937Z: [   16.538083] ACPI: PCI Interrupt Link [GSIH] enabled at IRQ 23
[STDERR  ] 2017-05-26T16:41:01.153757879Z: [   16.548417] xenfs: not registering filesystem on non-xen platform
[STDERR  ] 2017-05-26T16:41:01.15377038Z: [   16.552124] Serial: 8250/16550 driver, 4 ports, IRQ sharing disabled
[STDERR  ] 2017-05-26T16:41:01.153790376Z: [   16.583113] 00:04: ttyS0 at I/O 0x3f8 (irq = 4, base_baud = 115200) is a 16550A
[STDERR  ] 2017-05-26T16:41:01.153803754Z: [   16.593654] Initializing Nozomi driver 2.1d
[STDERR  ] 2017-05-26T16:41:01.153837343Z: [   16.600557] Non-volatile memory driver v1.3
[STDERR  ] 2017-05-26T16:41:01.153845278Z: [   16.610665] Hangcheck: starting hangcheck timer 0.9.1 (tick is 180 seconds, margin is 60 seconds).
[STDERR  ] 2017-05-26T16:41:01.153858594Z: [   16.617558] random: fast init done
[STDERR  ] 2017-05-26T16:41:01.153879947Z: [   16.620027] random: crng init done
[STDERR  ] 2017-05-26T16:41:01.153892365Z: [   16.674998] loop: module loaded
[STDERR  ] 2017-05-26T16:41:01.153906128Z: [   16.699501] nbd: registered device at major 43
[STDERR  ] 2017-05-26T16:41:01.153920479Z: [   16.762264] lpc_ich 0000:00:1f.0: I/O space for GPIO uninitialized
[STDERR  ] 2017-05-26T16:41:01.153932828Z: [   16.764734] VMware PVSCSI driver - version 1.0.7.0-k
[STDERR  ] 2017-05-26T16:41:01.153948423Z: [   16.765610] hv_vmbus: registering driver hv_storvsc
[STDERR  ] 2017-05-26T16:41:01.153960638Z: [   16.782672] ACPI: PCI Interrupt Link [GSIA] enabled at IRQ 16
[STDERR  ] 2017-05-26T16:41:01.154094098Z: [   16.793432] ahci 0000:00:1f.2: AHCI 0001.0000 32 slots 6 ports 1.5 Gbps 0x3f impl SATA mode
[STDERR  ] 2017-05-26T16:41:01.154115787Z: [   16.794167] ahci 0000:00:1f.2: flags: ncq only 
[STDERR  ] 2017-05-26T16:41:01.154132216Z: [   16.825033] scsi host0: ahci
[STDERR  ] 2017-05-26T16:41:01.154146647Z: [   16.830874] scsi host1: ahci
[STDERR  ] 2017-05-26T16:41:01.154160838Z: [   16.834318] scsi host2: ahci
[STDERR  ] 2017-05-26T16:41:01.154219219Z: [   16.837585] scsi host3: ahci
[STDERR  ] 2017-05-26T16:41:01.154230157Z: [   16.841090] scsi host4: ahci
[STDERR  ] 2017-05-26T16:41:01.154243427Z: [   16.844335] scsi host5: ahci
[STDERR  ] 2017-05-26T16:41:01.154262661Z: [   16.846829] ata1: SATA max UDMA/133 abar m4096@0xfebf1000 port 0xfebf1100 irq 24
[STDERR  ] 2017-05-26T16:41:01.154277718Z: [   16.847402] ata2: SATA max UDMA/133 abar m4096@0xfebf1000 port 0xfebf1180 irq 24
[STDERR  ] 2017-05-26T16:41:01.154290305Z: [   16.847862] ata3: SATA max UDMA/133 abar m4096@0xfebf1000 port 0xfebf1200 irq 24
[STDERR  ] 2017-05-26T16:41:01.15430559Z: [   16.848361] ata4: SATA max UDMA/133 abar m4096@0xfebf1000 port 0xfebf1280 irq 24
[STDERR  ] 2017-05-26T16:41:01.154318836Z: [   16.848841] ata5: SATA max UDMA/133 abar m4096@0xfebf1000 port 0xfebf1300 irq 24
[STDERR  ] 2017-05-26T16:41:01.154330866Z: [   16.849298] ata6: SATA max UDMA/133 abar m4096@0xfebf1000 port 0xfebf1380 irq 24
[STDERR  ] 2017-05-26T16:41:01.154345217Z: [   16.865116] Ethernet Channel Bonding Driver: v3.7.1 (April 27, 2011)
[STDERR  ] 2017-05-26T16:41:01.154357801Z: [   16.894593] tun: Universal TUN/TAP device driver, 1.6
[STDERR  ] 2017-05-26T16:41:01.15438532Z: [   16.894938] tun: (C) 1999-2004 Max Krasnyansky <maxk@qualcomm.com>
[STDERR  ] 2017-05-26T16:41:01.154406695Z: [   16.897011] ena: Elastic Network Adapter (ENA) v1.0.2
[STDERR  ] 2017-05-26T16:41:01.154426608Z: [   16.898771] e1000: Intel(R) PRO/1000 Network Driver - version 7.3.21-k8-NAPI
[STDERR  ] 2017-05-26T16:41:01.154442154Z: [   16.899248] e1000: Copyright (c) 1999-2006 Intel Corporation.
[STDERR  ] 2017-05-26T16:41:01.154448582Z: [   16.912626] ACPI: PCI Interrupt Link [GSIG] enabled at IRQ 22
[STDERR  ] 2017-05-26T16:41:01.154474998Z: [   17.184729] ata3: SATA link up 1.5 Gbps (SStatus 113 SControl 300)
[STDERR  ] 2017-05-26T16:41:01.15448063Z: [   17.189391] ata2: SATA link down (SStatus 0 SControl 300)
[STDERR  ] 2017-05-26T16:41:01.154501218Z: [   17.192200] ata1: SATA link down (SStatus 0 SControl 300)
[STDERR  ] 2017-05-26T16:41:01.15451819Z: [   17.200709] ata5: SATA link down (SStatus 0 SControl 300)
[STDERR  ] 2017-05-26T16:41:01.154552971Z: [   17.201228] ata4: SATA link down (SStatus 0 SControl 300)
[STDERR  ] 2017-05-26T16:41:01.154566363Z: [   17.203813] ata3.00: ATAPI: QEMU DVD-ROM, 2.5+, max UDMA/100
[STDERR  ] 2017-05-26T16:41:01.154575436Z: [   17.204237] ata3.00: applying bridge limits
[STDERR  ] 2017-05-26T16:41:01.155131534Z: [   17.206758] ata3.00: configured for UDMA/100
[STDERR  ] 2017-05-26T16:41:01.15641062Z: [   17.212026] ata6: SATA link down (SStatus 0 SControl 300)
[STDERR  ] 2017-05-26T16:41:01.156424504Z: [   17.251384] scsi 2:0:0:0: CD-ROM            QEMU     QEMU DVD-ROM     2.5+ PQ: 0 ANSI: 5
[STDERR  ] 2017-05-26T16:41:01.15644978Z: [   17.358798] sr 2:0:0:0: [sr0] scsi3-mmc drive: 4x/4x cd/rw xa/form2 tray
[STDERR  ] 2017-05-26T16:41:01.156461854Z: [   17.359538] cdrom: Uniform CD-ROM driver Revision: 3.20
[STDERR  ] 2017-05-26T16:41:01.156478214Z: [   17.368920] tsc: Refined TSC clocksource calibration: 2300.308 MHz
[STDERR  ] 2017-05-26T16:41:01.156484804Z: [   17.369430] clocksource: tsc: mask: 0xffffffffffffffff max_cycles: 0x2128580e5f1, max_idle_ns: 440795220479 ns
[STDERR  ] 2017-05-26T16:41:01.156505296Z: [   17.401944] sr 2:0:0:0: Attached scsi generic sg0 type 5
[STDERR  ] 2017-05-26T16:41:01.156511547Z: [   17.469109] e1000 0000:00:02.0 eth0: (PCI:33MHz:32-bit) 52:54:00:12:34:56
[STDERR  ] 2017-05-26T16:41:01.156560646Z: [   17.469729] e1000 0000:00:02.0 eth0: Intel(R) PRO/1000 Network Connection
[STDERR  ] 2017-05-26T16:41:01.156575686Z: [   17.489239] e1000e: Intel(R) PRO/1000 Network Driver - 3.2.6-k
[STDERR  ] 2017-05-26T16:41:01.156588294Z: [   17.489660] e1000e: Copyright(c) 1999 - 2015 Intel Corporation.
[STDERR  ] 2017-05-26T16:41:01.156602186Z: [   17.498880] igb: Intel(R) Gigabit Ethernet Network Driver - version 5.4.0-k
[STDERR  ] 2017-05-26T16:41:01.156616285Z: [   17.499357] igb: Copyright (c) 2007-2014 Intel Corporation.
[STDERR  ] 2017-05-26T16:41:01.156629528Z: [   17.506537] igbvf: Intel(R) Gigabit Virtual Function Network Driver - version 2.4.0-k
[STDERR  ] 2017-05-26T16:41:01.156645086Z: [   17.507052] igbvf: Copyright (c) 2009 - 2012 Intel Corporation.
[STDERR  ] 2017-05-26T16:41:01.156657092Z: [   17.507930] ixgbe: Intel(R) 10 Gigabit PCI Express Network Driver - version 4.4.0-k
[STDERR  ] 2017-05-26T16:41:01.156670574Z: [   17.508473] ixgbe: Copyright (c) 1999-2016 Intel Corporation.
[STDERR  ] 2017-05-26T16:41:01.15670482Z: [   17.519035] ixgbevf: Intel(R) 10 Gigabit PCI Express Virtual Function Network Driver - version 3.2.2-k
[STDERR  ] 2017-05-26T16:41:01.156720253Z: [   17.519636] ixgbevf: Copyright (c) 2009 - 2015 Intel Corporation.
[STDERR  ] 2017-05-26T16:41:01.156733212Z: [   17.529671] ixgb: Intel(R) PRO/10GbE Network Driver - version 1.0.135-k2-NAPI
[STDERR  ] 2017-05-26T16:41:01.156741217Z: [   17.534454] ixgb: Copyright (c) 1999-2008 Intel Corporation.
[STDERR  ] 2017-05-26T16:41:01.156767401Z: [   17.535892] PPP generic driver version 2.4.2
[STDERR  ] 2017-05-26T16:41:01.156781428Z: [   17.537866] PPP BSD Compression module registered
[STDERR  ] 2017-05-26T16:41:01.156793623Z: [   17.549504] PPP Deflate Compression module registered
[STDERR  ] 2017-05-26T16:41:01.156813786Z: [   17.551476] PPP MPPE Compression module registered
[STDERR  ] 2017-05-26T16:41:01.156820245Z: [   17.552204] NET: Registered protocol family 24
[STDERR  ] 2017-05-26T16:41:01.156840099Z: [   17.561366] PPTP driver version 0.8.5
[STDERR  ] 2017-05-26T16:41:01.156859255Z: [   17.563313] VMware vmxnet3 virtual NIC driver - version 1.4.a.0-k-NAPI
[STDERR  ] 2017-05-26T16:41:01.156873323Z: [   17.564555] hv_vmbus: registering driver hv_netvsc
[STDERR  ] 2017-05-26T16:41:01.156909063Z: [   17.565092] Fusion MPT base driver 3.04.20
[STDERR  ] 2017-05-26T16:41:01.156927376Z: [   17.565522] Copyright (c) 1999-2008 LSI Corporation
[STDERR  ] 2017-05-26T16:41:01.156936046Z: [   17.566337] Fusion MPT SPI Host driver 3.04.20
[STDERR  ] 2017-05-26T16:41:01.156954624Z: [   17.581325] aoe: AoE v85 initialised.
[STDERR  ] 2017-05-26T16:41:01.156960777Z: [   17.592547] i8042: PNP: PS/2 Controller [PNP0303:KBD,PNP0f13:MOU] at 0x60,0x64 irq 1,12
[STDERR  ] 2017-05-26T16:41:01.156982567Z: [   17.598710] serio: i8042 KBD port at 0x60,0x64 irq 1
[STDERR  ] 2017-05-26T16:41:01.156995236Z: [   17.609418] serio: i8042 AUX port at 0x60,0x64 irq 12
[STDERR  ] 2017-05-26T16:41:01.157010069Z: [   17.613359] hv_vmbus: registering driver hyperv_keyboard
[STDERR  ] 2017-05-26T16:41:01.157027256Z: [   17.617575] mousedev: PS/2 mouse device common for all mice
[STDERR  ] 2017-05-26T16:41:01.157034956Z: [   17.636537] input: AT Translated Set 2 keyboard as /devices/platform/i8042/serio0/input/input1
[STDERR  ] 2017-05-26T16:41:01.157054217Z: [   17.643159] input: PC Speaker as /devices/platform/pcspkr/input/input2
[STDERR  ] 2017-05-26T16:41:01.157060544Z: [   17.656021] rtc_cmos 00:00: RTC can wake from S4
[STDERR  ] 2017-05-26T16:41:01.157081903Z: [   17.665640] rtc_cmos 00:00: rtc core: registered rtc_cmos as rtc0
[STDERR  ] 2017-05-26T16:41:01.157095314Z: [   17.681700] rtc_cmos 00:00: alarms up to one day, y3k, 114 bytes nvram, hpet irqs
[STDERR  ] 2017-05-26T16:41:01.157108906Z: [   17.682792] i2c /dev entries driver
[STDERR  ] 2017-05-26T16:41:01.15712142Z: [   17.686838] device-mapper: ioctl: 4.35.0-ioctl (2016-06-23) initialised: dm-devel@redhat.com
[STDERR  ] 2017-05-26T16:41:01.157136513Z: [   17.714512] hv_utils: Registering HyperV Utility Driver
[STDERR  ] 2017-05-26T16:41:01.157151235Z: [   17.715138] hv_vmbus: registering driver hv_util
[STDERR  ] 2017-05-26T16:41:01.157179032Z: [   17.715634] hv_vmbus: registering driver hv_balloon
[STDERR  ] 2017-05-26T16:41:01.157191622Z: [   17.720926] oprofile: using NMI interrupt.
[STDERR  ] 2017-05-26T16:41:01.157213755Z: [   17.722804] GACT probability on
[STDERR  ] 2017-05-26T16:41:01.157220803Z: [   17.738709] Mirror/redirect action on
[STDERR  ] 2017-05-26T16:41:01.157240793Z: [   17.740412] Simple TC action Loaded
[STDERR  ] 2017-05-26T16:41:01.157253661Z: [   17.745375] netem: version 1.3
[STDERR  ] 2017-05-26T16:41:01.157264989Z: [   17.761875] u32 classifier
[STDERR  ] 2017-05-26T16:41:01.157285681Z: [   17.762197]     Performance counters on
[STDERR  ] 2017-05-26T16:41:01.157300362Z: [   17.762601]     input device check on
[STDERR  ] 2017-05-26T16:41:01.15731243Z: [   17.762991]     Actions configured
[STDERR  ] 2017-05-26T16:41:01.157319916Z: [   17.764035] Netfilter messages via NETLINK v0.30.
[STDERR  ] 2017-05-26T16:41:01.15733516Z: [   17.779523] nfnl_acct: registering with nfnetlink.
[STDERR  ] 2017-05-26T16:41:01.157353349Z: [   17.781890] nf_conntrack version 0.5.0 (8192 buckets, 32768 max)
[STDERR  ] 2017-05-26T16:41:01.157391755Z: [   17.786199] ctnetlink v0.93: registering with nfnetlink.
[STDERR  ] 2017-05-26T16:41:01.157399723Z: [   17.829851] nf_tables: (c) 2007-2009 Patrick McHardy <kaber@trash.net>
[STDERR  ] 2017-05-26T16:41:01.157417706Z: [   17.833228] nf_tables_compat: (c) 2012 Pablo Neira Ayuso <pablo@netfilter.org>
[STDERR  ] 2017-05-26T16:41:01.157432244Z: [   17.849022] xt_time: kernel timezone is -0000
[STDERR  ] 2017-05-26T16:41:01.157449251Z: [   17.849694] ip_set: protocol 6
[STDERR  ] 2017-05-26T16:41:01.157476591Z: [   17.858938] IPVS: Registered protocols (TCP, UDP, SCTP, AH, ESP)
[STDERR  ] 2017-05-26T16:41:01.157484449Z: [   17.859627] IPVS: Connection hash table configured (size=4096, memory=64Kbytes)
[STDERR  ] 2017-05-26T16:41:01.157503034Z: [   17.878745] IPVS: Creating netns size=2096 id=0
[STDERR  ] 2017-05-26T16:41:01.157516001Z: [   17.885540] IPVS: ipvs loaded.
[STDERR  ] 2017-05-26T16:41:01.157528958Z: [   17.885976] IPVS: [rr] scheduler registered.
[STDERR  ] 2017-05-26T16:41:01.157549521Z: [   17.886313] IPVS: [wrr] scheduler registered.
[STDERR  ] 2017-05-26T16:41:01.157563389Z: [   17.889098] IPVS: [lc] scheduler registered.
[STDERR  ] 2017-05-26T16:41:01.157570592Z: [   17.889390] IPVS: [wlc] scheduler registered.
[STDERR  ] 2017-05-26T16:41:01.157615537Z: [   17.889677] IPVS: [fo] scheduler registered.
[STDERR  ] 2017-05-26T16:41:01.157635592Z: [   17.906386] IPVS: [ovf] scheduler registered.
[STDERR  ] 2017-05-26T16:41:01.157648485Z: [   17.906877] IPVS: [lblc] scheduler registered.
[STDERR  ] 2017-05-26T16:41:01.157655635Z: [   17.907346] IPVS: [lblcr] scheduler registered.
[STDERR  ] 2017-05-26T16:41:01.157674096Z: [   17.907668] IPVS: [dh] scheduler registered.
[STDERR  ] 2017-05-26T16:41:01.157699938Z: [   17.907968] IPVS: [sh] scheduler registered.
[STDERR  ] 2017-05-26T16:41:01.157706165Z: [   17.908353] IPVS: [sed] scheduler registered.
[STDERR  ] 2017-05-26T16:41:01.157724878Z: [   17.908644] IPVS: [nq] scheduler registered.
[STDERR  ] 2017-05-26T16:41:01.157732027Z: [   17.909627] IPVS: ftp: loaded support on port[0] = 21
[STDERR  ] 2017-05-26T16:41:01.157744456Z: [   17.918878] ipip: IPv4 and MPLS over IPv4 tunneling driver
[STDERR  ] 2017-05-26T16:41:01.157764717Z: [   17.937851] gre: GRE over IPv4 demultiplexor driver
[STDERR  ] 2017-05-26T16:41:01.157777733Z: [   17.943448] ip_gre: GRE over IPv4 tunneling driver
[STDERR  ] 2017-05-26T16:41:01.157790518Z: [   17.970554] IPv4 over IPsec tunneling driver
[STDERR  ] 2017-05-26T16:41:01.157803591Z: [   17.984161] ip_tables: (C) 2000-2006 Netfilter Core Team
[STDERR  ] 2017-05-26T16:41:01.157816638Z: [   17.989393] ipt_CLUSTERIP: ClusterIP Version 0.8 loaded successfully
[STDERR  ] 2017-05-26T16:41:01.157823749Z: [   17.990687] arp_tables: arp_tables: (C) 2002 David S. Miller
[STDERR  ] 2017-05-26T16:41:01.157842444Z: [   17.993542] Initializing XFRM netlink socket
[STDERR  ] 2017-05-26T16:41:01.15784868Z: [   17.995126] NET: Registered protocol family 10
[STDERR  ] 2017-05-26T16:41:01.157867778Z: [   18.014272] Segment Routing with IPv6
[STDERR  ] 2017-05-26T16:41:01.157879784Z: [   18.016070] mip6: Mobile IPv6
[STDERR  ] 2017-05-26T16:41:01.157893218Z: [   18.017270] ip6_tables: (C) 2000-2006 Netfilter Core Team
[STDERR  ] 2017-05-26T16:41:01.157905426Z: [   18.030084] sit: IPv6, IPv4 and MPLS over IPv4 tunneling driver
[STDERR  ] 2017-05-26T16:41:01.157922953Z: [   18.041480] ip6_gre: GRE over IPv6 tunneling driver
[STDERR  ] 2017-05-26T16:41:01.15792889Z: [   18.046862] NET: Registered protocol family 17
[STDERR  ] 2017-05-26T16:41:01.157951368Z: [   18.047566] NET: Registered protocol family 15
[STDERR  ] 2017-05-26T16:41:01.157964632Z: [   18.049123] Bridge firewalling registered
[STDERR  ] 2017-05-26T16:41:01.157977414Z: [   18.049765] Ebtables v2.0 registered
[STDERR  ] 2017-05-26T16:41:01.157984429Z: [   18.055003] l2tp_core: L2TP core driver, V2.0
[STDERR  ] 2017-05-26T16:41:01.157996569Z: [   18.055521] l2tp_ppp: PPPoL2TP kernel driver, V2.0
[STDERR  ] 2017-05-26T16:41:01.158016008Z: [   18.055861] 8021q: 802.1Q VLAN Support v1.8
[STDERR  ] 2017-05-26T16:41:01.158035688Z: [   18.058004] 9pnet: Installing 9P2000 support
[STDERR  ] 2017-05-26T16:41:01.158048718Z: [   18.059018] Key type dns_resolver registered
[STDERR  ] 2017-05-26T16:41:01.158061636Z: [   18.059381] openvswitch: Open vSwitch switching datapath
[STDERR  ] 2017-05-26T16:41:01.158074426Z: [   18.062610] mpls_gso: MPLS GSO support
[STDERR  ] 2017-05-26T16:41:01.158087301Z: [   18.067890] registered taskstats version 1
[STDERR  ] 2017-05-26T16:41:01.158100542Z: [   18.294517] Key type big_key registered
[STDERR  ] 2017-05-26T16:41:01.15811994Z: [   18.363081] Key type encrypted registered
[STDERR  ] 2017-05-26T16:41:01.158134343Z: [   18.369581] rtc_cmos 00:00: setting system clock to 2017-05-26 16:40:03 UTC (1495816803)
[STDERR  ] 2017-05-26T16:41:01.158147261Z: [   18.644862] Freeing unused kernel memory: 1460K
[STDERR  ] 2017-05-26T16:41:01.158154185Z: [   18.645317] Write protecting the kernel read-only data: 14336k
[STDERR  ] 2017-05-26T16:41:01.158166145Z: [   18.646585] clocksource: Switched to clocksource tsc
[STDERR  ] 2017-05-26T16:41:01.158185801Z: [   18.664234] Freeing unused kernel memory: 684K
[STDERR  ] 2017-05-26T16:41:01.158199241Z: [   18.897799] Freeing unused kernel memory: 988K
[STDERR  ] 2017-05-26T16:41:01.158212176Z: 
[STDERR  ] 2017-05-26T16:41:01.158225057Z: Welcome to LinuxKit
[STDERR  ] 2017-05-26T16:41:01.15823802Z: 
[STDERR  ] 2017-05-26T16:41:01.158250783Z:                         ##         .
[STDERR  ] 2017-05-26T16:41:01.158257986Z:                   ## ## ##        ==
[STDERR  ] 2017-05-26T16:41:01.158275747Z:                ## ## ## ## ##    ===
[STDERR  ] 2017-05-26T16:41:01.158288347Z:            /"""""""""""""""""\___/ ===
[STDERR  ] 2017-05-26T16:41:01.158308292Z:       ~~~ {~~ ~~~~ ~~~ ~~~~ ~~~ ~ /  ===- ~~~
[STDERR  ] 2017-05-26T16:41:01.158314965Z:            \______ o           __/
[STDERR  ] 2017-05-26T16:41:01.158335421Z:              \    \         __/
[STDERR  ] 2017-05-26T16:41:01.158374169Z:               \____\_______/
[STDERR  ] 2017-05-26T16:41:01.158387466Z: 
[STDERR  ] 2017-05-26T16:41:01.158394512Z: 
[STDERR  ] 2017-05-26T16:41:01.15840671Z: 
[STDERR  ] 2017-05-26T16:41:01.158433054Z: Starting containerd
[STDERR  ] 2017-05-26T16:41:01.158446027Z: / # [6n[   33.404561] IPVS: Creating netns size=2096 id=1
[STDERR  ] 2017-05-26T16:41:01.158459188Z: [   33.405173] IPVS: ftp: loaded support on port[0] = 21
[STDERR  ] 2017-05-26T16:41:01.158471736Z: [34mINFO[0m[0001] starting containerd boot...                   [34mmodule[0m=containerd
[STDERR  ] 2017-05-26T16:41:01.158485078Z: [34mINFO[0m[0001] starting debug API...                         [34mdebug[0m="/run/containerd/debug.sock" [34mmodule[0m=containerd
[STDERR  ] 2017-05-26T16:41:01.158498804Z: [34mINFO[0m[0001] loading monitor plugin "cgroups"...           [34mmodule[0m=containerd
[STDERR  ] 2017-05-26T16:41:01.158511805Z: [34mINFO[0m[0001] loading runtime plugin "linux"...             [34mmodule[0m=containerd
[STDERR  ] 2017-05-26T16:41:01.158525279Z: [34mINFO[0m[0001] loading snapshot plugin "snapshot-overlay"...  [34mmodule[0m=containerd
[STDERR  ] 2017-05-26T16:41:01.158536313Z: [34mINFO[0m[0001] loading grpc service plugin "metrics-grpc"...  [34mmodule[0m=containerd
[STDERR  ] 2017-05-26T16:41:01.158548977Z: [34mINFO[0m[0001] loading grpc service plugin "snapshots-grpc"...  [34mmodule[0m=containerd
[STDERR  ] 2017-05-26T16:41:01.15856849Z: [34mINFO[0m[0001] loading grpc service plugin "version-grpc"...  [34mmodule[0m=containerd
[STDERR  ] 2017-05-26T16:41:01.158586997Z: [34mINFO[0m[0001] loading grpc service plugin "diff-grpc"...    [34mmodule[0m=containerd
[STDERR  ] 2017-05-26T16:41:01.158600222Z: [34mINFO[0m[0001] loading grpc service plugin "runtime-grpc"...  [34mmodule[0m=containerd
[STDERR  ] 2017-05-26T16:41:01.158613155Z: [34mINFO[0m[0001] loading grpc service plugin "healthcheck-grpc"...  [34mmodule[0m=containerd
[STDERR  ] 2017-05-26T16:41:01.158626077Z: [34mINFO[0m[0001] loading grpc service plugin "content-grpc"...  [34mmodule[0m=containerd
[STDERR  ] 2017-05-26T16:41:01.158638225Z: [34mINFO[0m[0001] loading grpc service plugin "images-grpc"...  [34mmodule[0m=containerd
[STDERR  ] 2017-05-26T16:41:01.158650605Z: [34mINFO[0m[0002] starting GRPC API server...                   [34mmodule[0m=containerd
[STDERR  ] 2017-05-26T16:41:01.158663923Z: [34mINFO[0m[0002] starting metrics API...                       [34mmetrics[0m=":13337" [34mmodule[0m=containerd
[STDERR  ] 2017-05-26T16:41:01.158683187Z: [34mINFO[0m[0002] containerd successfully booted in 0.698781s   [34mmodule[0m=containerd
[STDERR  ] 2017-05-26T16:41:01.158696615Z: starting kernel config sanity test with /proc/config.gz
[STDERR  ] 2017-05-26T16:41:01.158710105Z: CONFIG_BUG_ON_DATA_CORRUPTION=y
[STDERR  ] 2017-05-26T16:41:01.158723546Z: kernel config test succeeded!
[STDERR  ] 2017-05-26T16:41:01.158736443Z: [37minfo: reading kernel config from /proc/config.gz ...[m
[STDERR  ] 2017-05-26T16:41:01.158743338Z: 
[STDERR  ] 2017-05-26T16:41:01.158755726Z: Generally Necessary:
[STDERR  ] 2017-05-26T16:41:01.158775872Z: - [37mcgroup hierarchy[m: [32mproperly mounted[m [/sys/fs/cgroup]
[STDERR  ] 2017-05-26T16:41:01.158788549Z: - [37mCONFIG_NAMESPACES[m: [32menabled[m
[STDERR  ] 2017-05-26T16:41:01.158801402Z: - [37mCONFIG_NET_NS[m: [32menabled[m
[STDERR  ] 2017-05-26T16:41:01.158808297Z: - [37mCONFIG_PID_NS[m: [32menabled[m
[STDERR  ] 2017-05-26T16:41:01.158819939Z: - [37mCONFIG_IPC_NS[m: [32menabled[m
[STDERR  ] 2017-05-26T16:41:01.158837909Z: - [37mCONFIG_UTS_NS[m: [32menabled[m
[STDERR  ] 2017-05-26T16:41:01.158844952Z: - [37mCONFIG_CGROUPS[m: [32menabled[m
[STDERR  ] 2017-05-26T16:41:01.158863217Z: - [37mCONFIG_CGROUP_CPUACCT[m: [32menabled[m
[STDERR  ] 2017-05-26T16:41:01.158888703Z: - [37mCONFIG_CGROUP_DEVICE[m: [32menabled[m
[STDERR  ] 2017-05-26T16:41:01.158894826Z: - [37mCONFIG_CGROUP_FREEZER[m: [32menabled[m
[STDERR  ] 2017-05-26T16:41:01.158914346Z: - [37mCONFIG_CGROUP_SCHED[m: [32menabled[m
[STDERR  ] 2017-05-26T16:41:01.158927237Z: - [37mCONFIG_CPUSETS[m: [32menabled[m
[STDERR  ] 2017-05-26T16:41:01.158940072Z: - [37mCONFIG_MEMCG[m: [32menabled[m
[STDERR  ] 2017-05-26T16:41:01.158947005Z: - [37mCONFIG_KEYS[m: [32menabled[m
[STDERR  ] 2017-05-26T16:41:01.158966255Z: - [37mCONFIG_VETH[m: [32menabled[m
[STDERR  ] 2017-05-26T16:41:01.158972413Z: - [37mCONFIG_BRIDGE[m: [32menabled[m
[STDERR  ] 2017-05-26T16:41:01.158991887Z: - [37mCONFIG_BRIDGE_NETFILTER[m: [32menabled[m
[STDERR  ] 2017-05-26T16:41:01.159003746Z: - [37mCONFIG_NF_NAT_IPV4[m: [32menabled[m
[STDERR  ] 2017-05-26T16:41:01.159015953Z: - [37mCONFIG_IP_NF_FILTER[m: [32menabled[m
[STDERR  ] 2017-05-26T16:41:01.159028534Z: - [37mCONFIG_IP_NF_TARGET_MASQUERADE[m: [32menabled[m
[STDERR  ] 2017-05-26T16:41:01.15904104Z: - [37mCONFIG_NETFILTER_XT_MATCH_ADDRTYPE[m: [32menabled[m
[STDERR  ] 2017-05-26T16:41:01.159047954Z: - [37mCONFIG_NETFILTER_XT_MATCH_CONNTRACK[m: [32menabled[m
[STDERR  ] 2017-05-26T16:41:01.159059138Z: - [37mCONFIG_NETFILTER_XT_MATCH_IPVS[m: [32menabled[m
[STDERR  ] 2017-05-26T16:41:01.159078862Z: - [37mCONFIG_IP_NF_NAT[m: [32menabled[m
[STDERR  ] 2017-05-26T16:41:01.159091625Z: - [37mCONFIG_NF_NAT[m: [32menabled[m
[STDERR  ] 2017-05-26T16:41:01.159098434Z: - [37mCONFIG_NF_NAT_NEEDED[m: [32menabled[m
