[INFO    ] 2017-09-29T23:18:53.804423147Z: Running Test linuxkit.kernel.config_4.12.x in /tmp/build/test/cases/020_kernel/004_config_4.12.x
[INFO    ] 2017-09-29T23:18:53.804512296Z: Running command: [/bin/sh -x /tmp/build/test/cases/020_kernel/004_config_4.12.x/test.sh]
[STDERR  ] 2017-09-29T23:18:53.81831766Z: + set -e
[STDERR  ] 2017-09-29T23:18:53.818412448Z: + . /tmp/build/test/cases/_lib/lib.sh
[STDERR  ] 2017-09-29T23:18:53.818419555Z: + [ -f src/github.com/linuxkit/rtf/lib/lib.sh ]
[STDERR  ] 2017-09-29T23:18:53.818425477Z: + LINUXKIT_TMPDIR=/tmp/build/test/cases/_tmp
[STDERR  ] 2017-09-29T23:18:53.818432908Z: + [ -f /tmp/build/test/cases/_tmp/env.sh ]
[STDERR  ] 2017-09-29T23:18:53.818442672Z: + . /tmp/build/test/cases/_tmp/env.sh
[STDERR  ] 2017-09-29T23:18:53.818455584Z: + export LINUXKIT_EXAMPLES_DIR=/tmp/build/test/cases/../../examples
[STDERR  ] 2017-09-29T23:18:53.818467782Z: + export LINUXKIT_BLUEPRINTS_DIR=/tmp/build/test/cases/../../blueprints
[STDERR  ] 2017-09-29T23:18:53.818479528Z: + RT_CANCEL=253
[STDERR  ] 2017-09-29T23:18:53.818485407Z: + NAME=kconfig
[STDERR  ] 2017-09-29T23:18:53.818491094Z: + trap clean_up EXIT
[STDERR  ] 2017-09-29T23:18:53.81849708Z: + moby build -format kernel+initrd -name kconfig test.yml
[STDERR  ] 2017-09-29T23:18:53.842004346Z: Extract kernel image: linuxkit/kernel:4.12.14
[STDERR  ] 2017-09-29T23:18:55.58376736Z: Add init containers:
[STDERR  ] 2017-09-29T23:18:55.58382818Z: Process init image: linuxkit/init:6fe9d31a53bbd200183bb31edd795305e868d5a7
[STDERR  ] 2017-09-29T23:18:56.954829479Z: Process init image: linuxkit/runc:a1b564248a0d0b118c11e61db9f84ecf41dd2d2a
[STDERR  ] 2017-09-29T23:18:58.201028003Z: Add onboot containers:
[STDERR  ] 2017-09-29T23:18:58.201090399Z:   Create OCI config for linuxkit/test-kernel-config:d58766bb6c0def3df9e6ffc645ee11677f127faa
[STDERR  ] 2017-09-29T23:18:59.637377243Z:   Create OCI config for linuxkit/poweroff:1e9876c682c74d0602b7647c628bb0875fb13998
[STDERR  ] 2017-09-29T23:19:00.918620465Z: Create outputs:
[STDERR  ] 2017-09-29T23:19:05.243023053Z:   kconfig-kernel kconfig-initrd.img kconfig-cmdline
[STDERR  ] 2017-09-29T23:19:05.28569683Z: + linuxkit run kconfig
[STDERR  ] 2017-09-29T23:19:05.303799844Z: Unable to find qemu-system-x86_64 within the $PATH. Using a container
[STDERR  ] 2017-09-29T23:19:50.759199361Z: + RESULT=[    0.000000] Linux version 4.12.14-linuxkit (root@45c8bb901106) (gcc version 6.3.0 (Alpine 6.3.0) ) #1 SMP Thu Sep 28 14:52:01 UTC 2017
[STDERR  ] 2017-09-29T23:19:50.759264852Z: [    0.000000] Command line: console=ttyS0
[STDERR  ] 2017-09-29T23:19:50.759279279Z: [    0.000000] x86/fpu: x87 FPU will use FXSAVE
[STDERR  ] 2017-09-29T23:19:50.759305751Z: [    0.000000] e820: BIOS-provided physical RAM map:
[STDERR  ] 2017-09-29T23:19:50.759317386Z: [    0.000000] BIOS-e820: [mem 0x0000000000000000-0x000000000009fbff] usable
[STDERR  ] 2017-09-29T23:19:50.759329262Z: [    0.000000] BIOS-e820: [mem 0x000000000009fc00-0x000000000009ffff] reserved
[STDERR  ] 2017-09-29T23:19:50.759340021Z: [    0.000000] BIOS-e820: [mem 0x00000000000f0000-0x00000000000fffff] reserved
[STDERR  ] 2017-09-29T23:19:50.759352361Z: [    0.000000] BIOS-e820: [mem 0x0000000000100000-0x000000003ffdefff] usable
[STDERR  ] 2017-09-29T23:19:50.759362702Z: [    0.000000] BIOS-e820: [mem 0x000000003ffdf000-0x000000003fffffff] reserved
[STDERR  ] 2017-09-29T23:19:50.759373091Z: [    0.000000] BIOS-e820: [mem 0x00000000b0000000-0x00000000bfffffff] reserved
[STDERR  ] 2017-09-29T23:19:50.759383349Z: [    0.000000] BIOS-e820: [mem 0x00000000fed1c000-0x00000000fed1ffff] reserved
[STDERR  ] 2017-09-29T23:19:50.759393189Z: [    0.000000] BIOS-e820: [mem 0x00000000fffc0000-0x00000000ffffffff] reserved
[STDERR  ] 2017-09-29T23:19:50.759403079Z: [    0.000000] NX (Execute Disable) protection: active
[STDERR  ] 2017-09-29T23:19:50.759413266Z: [    0.000000] SMBIOS 2.8 present.
[STDERR  ] 2017-09-29T23:19:50.759423142Z: [    0.000000] DMI: QEMU Standard PC (Q35 + ICH9, 2009), BIOS rel-1.10.2-0-g5f4c7b1-prebuilt.qemu-project.org 04/01/2014
[STDERR  ] 2017-09-29T23:19:50.759436972Z: [    0.000000] tsc: Fast TSC calibration using PIT
[STDERR  ] 2017-09-29T23:19:50.759455961Z: [    0.000000] e820: last_pfn = 0x3ffdf max_arch_pfn = 0x400000000
[STDERR  ] 2017-09-29T23:19:50.759467051Z: [    0.000000] x86/PAT: Configuration [0-7]: WB  WC  UC- UC  WB  WC  UC- WT  
[STDERR  ] 2017-09-29T23:19:50.759477546Z: [    0.000000] found SMP MP-table at [mem 0x000f6aa0-0x000f6aaf] mapped at [ffff97b8800f6aa0]
[STDERR  ] 2017-09-29T23:19:50.759496191Z: [    0.000000] RAMDISK: [mem 0x3e7c3000-0x3ffcffff]
[STDERR  ] 2017-09-29T23:19:50.759505856Z: [    0.000000] ACPI: Early table checksum verification disabled
[STDERR  ] 2017-09-29T23:19:50.759516909Z: [    0.000000] ACPI: RSDP 0x00000000000F68C0 000014 (v00 BOCHS )
[STDERR  ] 2017-09-29T23:19:50.759526609Z: [    0.000000] ACPI: RSDT 0x000000003FFE2404 000034 (v01 BOCHS  BXPCRSDT 00000001 BXPC 00000001)
[STDERR  ] 2017-09-29T23:19:50.759535779Z: [    0.000000] ACPI: FACP 0x000000003FFE22A4 000074 (v01 BOCHS  BXPCFACP 00000001 BXPC 00000001)
[STDERR  ] 2017-09-29T23:19:50.759544901Z: [    0.000000] ACPI: DSDT 0x000000003FFE0040 002264 (v01 BOCHS  BXPCDSDT 00000001 BXPC 00000001)
[STDERR  ] 2017-09-29T23:19:50.759554436Z: [    0.000000] ACPI: FACS 0x000000003FFE0000 000040
[STDERR  ] 2017-09-29T23:19:50.759564081Z: [    0.000000] ACPI: APIC 0x000000003FFE2318 000078 (v01 BOCHS  BXPCAPIC 00000001 BXPC 00000001)
[STDERR  ] 2017-09-29T23:19:50.759573096Z: [    0.000000] ACPI: HPET 0x000000003FFE2390 000038 (v01 BOCHS  BXPCHPET 00000001 BXPC 00000001)
[STDERR  ] 2017-09-29T23:19:50.759587894Z: [    0.000000] ACPI: MCFG 0x000000003FFE23C8 00003C (v01 BOCHS  BXPCMCFG 00000001 BXPC 00000001)
[STDERR  ] 2017-09-29T23:19:50.759619534Z: [    0.000000] Zone ranges:
[STDERR  ] 2017-09-29T23:19:50.759630401Z: [    0.000000]   DMA      [mem 0x0000000000001000-0x0000000000ffffff]
[STDERR  ] 2017-09-29T23:19:50.759643774Z: [    0.000000]   DMA32    [mem 0x0000000001000000-0x000000003ffdefff]
[STDERR  ] 2017-09-29T23:19:50.759653052Z: [    0.000000]   Normal   empty
[STDERR  ] 2017-09-29T23:19:50.759662359Z: [    0.000000]   Device   empty
[STDERR  ] 2017-09-29T23:19:50.759671699Z: [    0.000000] Movable zone start for each node
[STDERR  ] 2017-09-29T23:19:50.759681162Z: [    0.000000] Early memory node ranges
[STDERR  ] 2017-09-29T23:19:50.759690169Z: [    0.000000]   node   0: [mem 0x0000000000001000-0x000000000009efff]
[STDERR  ] 2017-09-29T23:19:50.759700132Z: [    0.000000]   node   0: [mem 0x0000000000100000-0x000000003ffdefff]
[STDERR  ] 2017-09-29T23:19:50.759709586Z: [    0.000000] Initmem setup node 0 [mem 0x0000000000001000-0x000000003ffdefff]
[STDERR  ] 2017-09-29T23:19:50.759718989Z: [    0.000000] ACPI: PM-Timer IO Port: 0x608
[STDERR  ] 2017-09-29T23:19:50.759729176Z: [    0.000000] ACPI: LAPIC_NMI (acpi_id[0xff] dfl dfl lint[0x1])
[STDERR  ] 2017-09-29T23:19:50.759742382Z: [    0.000000] IOAPIC[0]: apic_id 0, version 32, address 0xfec00000, GSI 0-23
[STDERR  ] 2017-09-29T23:19:50.759754962Z: [    0.000000] ACPI: INT_SRC_OVR (bus 0 bus_irq 0 global_irq 2 dfl dfl)
[STDERR  ] 2017-09-29T23:19:50.759765504Z: [    0.000000] ACPI: INT_SRC_OVR (bus 0 bus_irq 5 global_irq 5 high level)
[STDERR  ] 2017-09-29T23:19:50.759776112Z: [    0.000000] ACPI: INT_SRC_OVR (bus 0 bus_irq 9 global_irq 9 high level)
[STDERR  ] 2017-09-29T23:19:50.759786316Z: [    0.000000] ACPI: INT_SRC_OVR (bus 0 bus_irq 10 global_irq 10 high level)
[STDERR  ] 2017-09-29T23:19:50.759796049Z: [    0.000000] ACPI: INT_SRC_OVR (bus 0 bus_irq 11 global_irq 11 high level)
[STDERR  ] 2017-09-29T23:19:50.759806237Z: [    0.000000] Using ACPI (MADT) for SMP configuration information
[STDERR  ] 2017-09-29T23:19:50.759815771Z: [    0.000000] ACPI: HPET id: 0x8086a201 base: 0xfed00000
[STDERR  ] 2017-09-29T23:19:50.759824586Z: [    0.000000] smpboot: Allowing 1 CPUs, 0 hotplug CPUs
[STDERR  ] 2017-09-29T23:19:50.759833452Z: [    0.000000] e820: [mem 0x40000000-0xafffffff] available for PCI devices
[STDERR  ] 2017-09-29T23:19:50.759842717Z: [    0.000000] Booting paravirtualized kernel on bare hardware
[STDERR  ] 2017-09-29T23:19:50.759858621Z: [    0.000000] clocksource: refined-jiffies: mask: 0xffffffff max_cycles: 0xffffffff, max_idle_ns: 19112604462750000 ns
[STDERR  ] 2017-09-29T23:19:50.759869047Z: [    0.000000] setup_percpu: NR_CPUS:128 nr_cpumask_bits:128 nr_cpu_ids:1 nr_node_ids:1
[STDERR  ] 2017-09-29T23:19:50.759884676Z: [    0.000000] percpu: Embedded 38 pages/cpu @ffff97b8be400000 s115544 r8192 d31912 u2097152
[STDERR  ] 2017-09-29T23:19:50.759904296Z: [    0.000000] Built 1 zonelists in Zone order, mobility grouping on.  Total pages: 257896
[STDERR  ] 2017-09-29T23:19:50.759914794Z: [    0.000000] Kernel command line: console=ttyS0
[STDERR  ] 2017-09-29T23:19:50.759924661Z: [    0.000000] PID hash table entries: 4096 (order: 3, 32768 bytes)
[STDERR  ] 2017-09-29T23:19:50.759935064Z: [    0.000000] Dentry cache hash table entries: 131072 (order: 8, 1048576 bytes)
[STDERR  ] 2017-09-29T23:19:50.759944664Z: [    0.000000] Inode-cache hash table entries: 65536 (order: 7, 524288 bytes)
[STDERR  ] 2017-09-29T23:19:50.759954619Z: [    0.000000] Memory: 987176K/1048052K available (8464K kernel code, 1442K rwdata, 2804K rodata, 1452K init, 664K bss, 60876K reserved, 0K cma-reserved)
[STDERR  ] 2017-09-29T23:19:50.759967244Z: [    0.000000] ftrace: allocating 39793 entries in 156 pages
[STDERR  ] 2017-09-29T23:19:50.759976604Z: [    0.000000] Hierarchical RCU implementation.
[STDERR  ] 2017-09-29T23:19:50.759985589Z: [    0.000000] 	RCU restricting CPUs from NR_CPUS=128 to nr_cpu_ids=1.
[STDERR  ] 2017-09-29T23:19:50.759998939Z: [    0.000000] RCU: Adjusting geometry for rcu_fanout_leaf=16, nr_cpu_ids=1
[STDERR  ] 2017-09-29T23:19:50.760008439Z: [    0.000000] NR_IRQS:8448 nr_irqs:256 16
[STDERR  ] 2017-09-29T23:19:50.760017387Z: [    0.000000] Console: colour VGA+ 80x25
[STDERR  ] 2017-09-29T23:19:50.760026184Z: [    0.000000] console [ttyS0] enabled
[STDERR  ] 2017-09-29T23:19:50.760034671Z: [    0.000000] clocksource: hpet: mask: 0xffffffff max_cycles: 0xffffffff, max_idle_ns: 19112604467 ns
[STDERR  ] 2017-09-29T23:19:50.760043789Z: [    0.000000] tsc: Fast TSC calibration using PIT
[STDERR  ] 2017-09-29T23:19:50.760052376Z: [    0.000000] tsc: Detected 2599.893 MHz processor
[STDERR  ] 2017-09-29T23:19:50.760061011Z: [    0.001387] Calibrating delay loop (skipped), value calculated using timer frequency.. 5199.78 BogoMIPS (lpj=25998930)
[STDERR  ] 2017-09-29T23:19:50.760070617Z: [    0.002016] pid_max: default: 32768 minimum: 301
[STDERR  ] 2017-09-29T23:19:50.760079519Z: [    0.002798] ACPI: Core revision 20170303
[STDERR  ] 2017-09-29T23:19:50.760088744Z: [    0.047351] ACPI: 1 ACPI AML tables successfully acquired and loaded
[STDERR  ] 2017-09-29T23:19:50.760098211Z: [    0.052068] Security Framework initialized
[STDERR  ] 2017-09-29T23:19:50.760107586Z: [    0.052587] Yama: becoming mindful.
[STDERR  ] 2017-09-29T23:19:50.760116902Z: [    0.054471] Mount-cache hash table entries: 2048 (order: 2, 16384 bytes)
[STDERR  ] 2017-09-29T23:19:50.760127066Z: [    0.054781] Mountpoint-cache hash table entries: 2048 (order: 2, 16384 bytes)
[STDERR  ] 2017-09-29T23:19:50.760136221Z: [    0.070820] Last level iTLB entries: 4KB 0, 2MB 0, 4MB 0
[STDERR  ] 2017-09-29T23:19:50.760153489Z: [    0.071280] Last level dTLB entries: 4KB 0, 2MB 0, 4MB 0, 1GB 0
[STDERR  ] 2017-09-29T23:19:50.760161834Z: [    0.356669] Freeing SMP alternatives memory: 20K
[STDERR  ] 2017-09-29T23:19:50.760170137Z: [    0.377595] smpboot: Max logical packages: 1
[STDERR  ] 2017-09-29T23:19:50.760178392Z: [    0.385170] ..TIMER: vector=0x30 apic1=0 pin1=2 apic2=-1 pin2=-1
[STDERR  ] 2017-09-29T23:19:50.760187136Z: [    0.490000] smpboot: CPU0: AMD QEMU Virtual CPU version 2.5+ (family: 0x6, model: 0x6, stepping: 0x3)
[STDERR  ] 2017-09-29T23:19:50.760198531Z: [    0.490000] Performance Events: PMU not available due to virtualization, using software events only.
[STDERR  ] 2017-09-29T23:19:50.760207811Z: [    0.496300] NMI watchdog: disabled (cpu0): hardware events not enabled
[STDERR  ] 2017-09-29T23:19:50.760217409Z: [    0.496815] NMI watchdog: Shutting down hard lockup detector on all cpus
[STDERR  ] 2017-09-29T23:19:50.760231999Z: [    0.500385] smp: Bringing up secondary CPUs ...
[STDERR  ] 2017-09-29T23:19:50.760241536Z: [    0.500778] smp: Brought up 1 node, 1 CPU
[STDERR  ] 2017-09-29T23:19:50.760251167Z: [    0.501217] smpboot: Total of 1 processors activated (5199.78 BogoMIPS)
[STDERR  ] 2017-09-29T23:19:50.760266387Z: [    0.506316] sched_clock: Marking stable (500000000, 0)->(616339130, -116339130)
[STDERR  ] 2017-09-29T23:19:50.760275996Z: [    0.515312] devtmpfs: initialized
[STDERR  ] 2017-09-29T23:19:50.760285656Z: [    0.519631] x86/mm: Memory block size: 128MB
[STDERR  ] 2017-09-29T23:19:50.760294659Z: [    0.576895] clocksource: jiffies: mask: 0xffffffff max_cycles: 0xffffffff, max_idle_ns: 19112604462750000 ns
[STDERR  ] 2017-09-29T23:19:50.760303511Z: [    0.577778] futex hash table entries: 256 (order: 2, 16384 bytes)
[STDERR  ] 2017-09-29T23:19:50.760311809Z: [    0.588554] NET: Registered protocol family 16
[STDERR  ] 2017-09-29T23:19:50.760320342Z: [    0.596787] cpuidle: using governor ladder
[STDERR  ] 2017-09-29T23:19:50.760329579Z: [    0.597327] cpuidle: using governor menu
[STDERR  ] 2017-09-29T23:19:50.760338932Z: [    0.597765] PCCT header not found.
[STDERR  ] 2017-09-29T23:19:50.760347682Z: [    0.598982] ACPI: bus type PCI registered
[STDERR  ] 2017-09-29T23:19:50.760363906Z: [    0.601714] PCI: MMCONFIG for domain 0000 [bus 00-ff] at [mem 0xb0000000-0xbfffffff] (base 0xb0000000)
[STDERR  ] 2017-09-29T23:19:50.760375454Z: [    0.602697] PCI: MMCONFIG at [mem 0xb0000000-0xbfffffff] reserved in E820
[STDERR  ] 2017-09-29T23:19:50.760384399Z: [    0.603839] PCI: Using configuration type 1 for base access
[STDERR  ] 2017-09-29T23:19:50.760393369Z: [    0.650708] HugeTLB registered 2 MB page size, pre-allocated 0 pages
[STDERR  ] 2017-09-29T23:19:50.760402066Z: [    0.662443] ACPI: Added _OSI(Module Device)
[STDERR  ] 2017-09-29T23:19:50.760416777Z: [    0.662856] ACPI: Added _OSI(Processor Device)
[STDERR  ] 2017-09-29T23:19:50.760424829Z: [    0.663237] ACPI: Added _OSI(3.0 _SCP Extensions)
[STDERR  ] 2017-09-29T23:19:50.760434561Z: [    0.663602] ACPI: Added _OSI(Processor Aggregator Device)
[STDERR  ] 2017-09-29T23:19:50.760442667Z: [    0.728903] ACPI: Interpreter enabled
[STDERR  ] 2017-09-29T23:19:50.760451357Z: [    0.730346] ACPI: (supports S0 S5)
[STDERR  ] 2017-09-29T23:19:50.760460212Z: [    0.730762] ACPI: Using IOAPIC for interrupt routing
[STDERR  ] 2017-09-29T23:19:50.760469361Z: [    0.733359] PCI: Using host bridge windows from ACPI; if necessary, use "pci=nocrs" and report a bug
[STDERR  ] 2017-09-29T23:19:50.760475689Z: [    0.799854] ACPI: PCI Root Bridge [PCI0] (domain 0000 [bus 00-ff])
[STDERR  ] 2017-09-29T23:19:50.760481761Z: [    0.801141] acpi PNP0A08:00: _OSC: OS supports [ExtendedConfig ASPM ClockPM Segments MSI]
[STDERR  ] 2017-09-29T23:19:50.760487177Z: [    0.806748] acpi PNP0A08:00: _OSC: OS now controls [PCIeHotplug PME PCIeCapability]
[STDERR  ] 2017-09-29T23:19:50.760492477Z: [    0.810455] PCI host bridge to bus 0000:00
[STDERR  ] 2017-09-29T23:19:50.760497994Z: [    0.811094] pci_bus 0000:00: root bus resource [io  0x0000-0x0cf7 window]
[STDERR  ] 2017-09-29T23:19:50.760503711Z: [    0.811613] pci_bus 0000:00: root bus resource [io  0x0d00-0xffff window]
[STDERR  ] 2017-09-29T23:19:50.760509129Z: [    0.812122] pci_bus 0000:00: root bus resource [mem 0x000a0000-0x000bffff window]
[STDERR  ] 2017-09-29T23:19:50.760516981Z: [    0.812637] pci_bus 0000:00: root bus resource [mem 0xc0000000-0xfebfffff window]
[STDERR  ] 2017-09-29T23:19:50.760524776Z: [    0.813350] pci_bus 0000:00: root bus resource [bus 00-ff]
[STDERR  ] 2017-09-29T23:19:50.760530044Z: [    0.923339] pci 0000:00:1f.0: quirk: [io  0x0600-0x067f] claimed by ICH6 ACPI/GPIO/TCO
[STDERR  ] 2017-09-29T23:19:50.760535622Z: [    0.983708] ACPI: PCI Interrupt Link [LNKA] (IRQs 5 *10 11)
[STDERR  ] 2017-09-29T23:19:50.760541139Z: [    0.986386] ACPI: PCI Interrupt Link [LNKB] (IRQs 5 *10 11)
[STDERR  ] 2017-09-29T23:19:50.760546591Z: [    0.988762] ACPI: PCI Interrupt Link [LNKC] (IRQs 5 10 *11)
[STDERR  ] 2017-09-29T23:19:50.760557072Z: [    0.991625] ACPI: PCI Interrupt Link [LNKD] (IRQs 5 10 *11)
[STDERR  ] 2017-09-29T23:19:50.760562876Z: [    0.993367] ACPI: PCI Interrupt Link [LNKE] (IRQs 5 *10 11)
[STDERR  ] 2017-09-29T23:19:50.760568279Z: [    0.995136] ACPI: PCI Interrupt Link [LNKF] (IRQs 5 *10 11)
[STDERR  ] 2017-09-29T23:19:50.760577179Z: [    0.996787] ACPI: PCI Interrupt Link [LNKG] (IRQs 5 10 *11)
[STDERR  ] 2017-09-29T23:19:50.760582807Z: [    0.998415] ACPI: PCI Interrupt Link [LNKH] (IRQs 5 10 *11)
[STDERR  ] 2017-09-29T23:19:50.760588297Z: [    0.999378] ACPI: PCI Interrupt Link [GSIA] (IRQs *16)
[STDERR  ] 2017-09-29T23:19:50.760593769Z: [    1.000496] ACPI: PCI Interrupt Link [GSIB] (IRQs *17)
[STDERR  ] 2017-09-29T23:19:50.760610847Z: [    1.001217] ACPI: PCI Interrupt Link [GSIC] (IRQs *18)
[STDERR  ] 2017-09-29T23:19:50.760616426Z: [    1.001904] ACPI: PCI Interrupt Link [GSID] (IRQs *19)
[STDERR  ] 2017-09-29T23:19:50.760621926Z: [    1.002632] ACPI: PCI Interrupt Link [GSIE] (IRQs *20)
[STDERR  ] 2017-09-29T23:19:50.760627292Z: [    1.003477] ACPI: PCI Interrupt Link [GSIF] (IRQs *21)
[STDERR  ] 2017-09-29T23:19:50.760632707Z: [    1.004305] ACPI: PCI Interrupt Link [GSIG] (IRQs *22)
[STDERR  ] 2017-09-29T23:19:50.760638109Z: [    1.005126] ACPI: PCI Interrupt Link [GSIH] (IRQs *23)
[STDERR  ] 2017-09-29T23:19:50.760643471Z: [    1.010205] ACPI: Enabled 2 GPEs in block 00 to 3F
[STDERR  ] 2017-09-29T23:19:50.760648862Z: [    1.017765] SCSI subsystem initialized
[STDERR  ] 2017-09-29T23:19:50.760654292Z: [    1.021793] ACPI: bus type USB registered
[STDERR  ] 2017-09-29T23:19:50.760659776Z: [    1.023336] usbcore: registered new interface driver usbfs
[STDERR  ] 2017-09-29T23:19:50.760665181Z: [    1.024560] usbcore: registered new interface driver hub
[STDERR  ] 2017-09-29T23:19:50.760670459Z: [    1.025809] usbcore: registered new device driver usb
[STDERR  ] 2017-09-29T23:19:50.760675651Z: [    1.027327] pps_core: LinuxPPS API ver. 1 registered
[STDERR  ] 2017-09-29T23:19:50.760680887Z: [    1.027673] pps_core: Software ver. 5.3.6 - Copyright 2005-2007 Rodolfo Giometti <giometti@linux.it>
[STDERR  ] 2017-09-29T23:19:50.760686637Z: [    1.028439] PTP clock support registered
[STDERR  ] 2017-09-29T23:19:50.760691961Z: [    1.029868] wmi: Mapper loaded
[STDERR  ] 2017-09-29T23:19:50.760697971Z: [    1.031123] PCI: Using ACPI for IRQ routing
[STDERR  ] 2017-09-29T23:19:50.760703364Z: [    1.048065] NetLabel: Initializing
[STDERR  ] 2017-09-29T23:19:50.760710452Z: [    1.048358] NetLabel:  domain hash size = 128
[STDERR  ] 2017-09-29T23:19:50.760715811Z: [    1.048729] NetLabel:  protocols = UNLABELED CIPSOv4 CALIPSO
[STDERR  ] 2017-09-29T23:19:50.760720999Z: [    1.050988] NetLabel:  unlabeled traffic allowed by default
[STDERR  ] 2017-09-29T23:19:50.760726319Z: [    1.052036] HPET: 3 timers in total, 0 timers will be used for per-cpu timer
[STDERR  ] 2017-09-29T23:19:50.760731857Z: [    1.052904] hpet0: at MMIO 0xfed00000, IRQs 2, 8, 0
[STDERR  ] 2017-09-29T23:19:50.760737202Z: [    1.053354] hpet0: 3 comparators, 64-bit 100.000000 MHz counter
[STDERR  ] 2017-09-29T23:19:50.760771739Z: [    1.059689] clocksource: Switched to clocksource hpet
[STDERR  ] 2017-09-29T23:19:50.760777342Z: [    1.340653] VFS: Disk quotas dquot_6.6.0
[STDERR  ] 2017-09-29T23:19:50.760782759Z: [    1.341456] VFS: Dquot-cache hash table entries: 512 (order 0, 4096 bytes)
[STDERR  ] 2017-09-29T23:19:50.760788397Z: [    1.345082] FS-Cache: Loaded
[STDERR  ] 2017-09-29T23:19:50.760794176Z: [    1.350094] CacheFiles: Loaded
[STDERR  ] 2017-09-29T23:19:50.760799827Z: [    1.351636] pnp: PnP ACPI init
[STDERR  ] 2017-09-29T23:19:50.760805382Z: [    1.361774] pnp: PnP ACPI: found 5 devices
[STDERR  ] 2017-09-29T23:19:50.760810692Z: [    1.400307] clocksource: acpi_pm: mask: 0xffffff max_cycles: 0xffffff, max_idle_ns: 2085701024 ns
[STDERR  ] 2017-09-29T23:19:50.760816289Z: [    1.404126] NET: Registered protocol family 2
[STDERR  ] 2017-09-29T23:19:50.760823481Z: [    1.411266] TCP established hash table entries: 8192 (order: 4, 65536 bytes)
[STDERR  ] 2017-09-29T23:19:50.760836101Z: [    1.412125] TCP bind hash table entries: 8192 (order: 5, 131072 bytes)
[STDERR  ] 2017-09-29T23:19:50.760842624Z: [    1.412883] TCP: Hash tables configured (established 8192 bind 8192)
[STDERR  ] 2017-09-29T23:19:50.760851721Z: [    1.414902] UDP hash table entries: 512 (order: 2, 16384 bytes)
[STDERR  ] 2017-09-29T23:19:50.760857597Z: [    1.415655] UDP-Lite hash table entries: 512 (order: 2, 16384 bytes)
[STDERR  ] 2017-09-29T23:19:50.760862959Z: [    1.417901] NET: Registered protocol family 1
[STDERR  ] 2017-09-29T23:19:50.760868241Z: [    1.418960] pci 0000:00:01.0: Video device with shadowed ROM at [mem 0x000c0000-0x000dffff]
[STDERR  ] 2017-09-29T23:19:50.760874689Z: [    1.424665] Trying to unpack rootfs image as initramfs...
[STDERR  ] 2017-09-29T23:19:50.760883851Z: [    5.351967] Freeing initrd memory: 24628K
[STDERR  ] 2017-09-29T23:19:50.760889209Z: [    5.376085] PCLMULQDQ-NI instructions are not detected.
[STDERR  ] 2017-09-29T23:19:50.760894566Z: [    5.381008] AVX or AES-NI instructions are not detected.
[STDERR  ] 2017-09-29T23:19:50.760899872Z: [    5.381553] CPU feature 'AVX registers' is not supported.
[STDERR  ] 2017-09-29T23:19:50.76090513Z: [    5.382033] CPU feature 'AVX registers' is not supported.
[STDERR  ] 2017-09-29T23:19:50.760910603Z: [    5.382522] CPU feature 'AVX registers' is not supported.
[STDERR  ] 2017-09-29T23:19:50.76091596Z: [    5.382994] CPU feature 'AVX registers' is not supported.
[STDERR  ] 2017-09-29T23:19:50.760921303Z: [    5.383441] AVX2 or AES-NI instructions are not detected.
[STDERR  ] 2017-09-29T23:19:50.760926777Z: [    5.383912] AVX2 instructions are not detected.
[STDERR  ] 2017-09-29T23:19:50.7609322Z: [    5.388396] audit: initializing netlink subsys (disabled)
[STDERR  ] 2017-09-29T23:19:50.76093754Z: [    5.392356] audit: type=2000 audit(1506727151.382:1): state=initialized audit_enabled=0 res=1
[STDERR  ] 2017-09-29T23:19:50.760943083Z: [    5.397204] workingset: timestamp_bits=46 max_order=18 bucket_order=0
[STDERR  ] 2017-09-29T23:19:50.760949467Z: [    5.405067] FS-Cache: Netfs 'cifs' registered for caching
[STDERR  ] 2017-09-29T23:19:50.760954677Z: [    5.406146] fuse init (API version 7.26)
[STDERR  ] 2017-09-29T23:19:50.76095999Z: [    5.408150] SGI XFS with ACLs, security attributes, no debug enabled
[STDERR  ] 2017-09-29T23:19:50.760965277Z: [    5.412710] 9p: Installing v9fs 9p2000 file system support
[STDERR  ] 2017-09-29T23:19:50.760971282Z: [    5.413262] FS-Cache: Netfs '9p' registered for caching
[STDERR  ] 2017-09-29T23:19:50.760976545Z: [    5.455972] NET: Registered protocol family 38
[STDERR  ] 2017-09-29T23:19:50.760986437Z: [    5.456673] Key type asymmetric registered
[STDERR  ] 2017-09-29T23:19:50.760991543Z: [    5.457136] Asymmetric key parser 'x509' registered
[STDERR  ] 2017-09-29T23:19:50.760996678Z: [    5.458086] Block layer SCSI generic (bsg) driver version 0.4 loaded (major 248)
[STDERR  ] 2017-09-29T23:19:50.761002017Z: [    5.460909] io scheduler noop registered
[STDERR  ] 2017-09-29T23:19:50.761007195Z: [    5.461277] io scheduler deadline registered (default)
[STDERR  ] 2017-09-29T23:19:50.761012692Z: [    5.462022] io scheduler cfq registered
[STDERR  ] 2017-09-29T23:19:50.761017827Z: [    5.462387] io scheduler mq-deadline registered
[STDERR  ] 2017-09-29T23:19:50.761023068Z: [    5.462727] io scheduler kyber registered
[STDERR  ] 2017-09-29T23:19:50.761028272Z: [    5.465604] shpchp: Standard Hot Plug PCI Controller Driver version: 0.4
[STDERR  ] 2017-09-29T23:19:50.761033485Z: [    5.466508] hv_vmbus: registering driver hyperv_fb
[STDERR  ] 2017-09-29T23:19:50.761038782Z: [    5.469453] input: Power Button as /devices/LNXSYSTM:00/LNXPWRBN:00/input/input0
[STDERR  ] 2017-09-29T23:19:50.761044545Z: [    5.471482] ACPI: Power Button [PWRF]
[STDERR  ] 2017-09-29T23:19:50.76104984Z: [    5.476175] GHES: HEST is not enabled!
[STDERR  ] 2017-09-29T23:19:50.7610552Z: [    5.487071] ACPI: PCI Interrupt Link [GSIG] enabled at IRQ 22
[STDERR  ] 2017-09-29T23:19:50.761063528Z: [    5.498455] ACPI: PCI Interrupt Link [GSIH] enabled at IRQ 23
[STDERR  ] 2017-09-29T23:19:50.761069118Z: [    5.502584] xenfs: not registering filesystem on non-xen platform
[STDERR  ] 2017-09-29T23:19:50.76107961Z: [    5.505140] Serial: 8250/16550 driver, 4 ports, IRQ sharing disabled
[STDERR  ] 2017-09-29T23:19:50.761088513Z: [    5.530134] 00:04: ttyS0 at I/O 0x3f8 (irq = 4, base_baud = 115200) is a 16550A
[STDERR  ] 2017-09-29T23:19:50.76109421Z: [    5.540509] Non-volatile memory driver v1.3
[STDERR  ] 2017-09-29T23:19:50.76109965Z: [    5.546314] Hangcheck: starting hangcheck timer 0.9.1 (tick is 180 seconds, margin is 60 seconds).
[STDERR  ] 2017-09-29T23:19:50.761105027Z: [    5.605876] brd: module loaded
[STDERR  ] 2017-09-29T23:19:50.761110407Z: [    5.640484] loop: module loaded
[STDERR  ] 2017-09-29T23:19:50.7611161Z: [    5.697459] lpc_ich 0000:00:1f.0: I/O space for GPIO uninitialized
[STDERR  ] 2017-09-29T23:19:50.761125702Z: [    5.700754] VMware PVSCSI driver - version 1.0.7.0-k
[STDERR  ] 2017-09-29T23:19:50.76113104Z: [    5.701542] hv_vmbus: registering driver hv_storvsc
[STDERR  ] 2017-09-29T23:19:50.761136395Z: [    5.711013] ACPI: PCI Interrupt Link [GSIA] enabled at IRQ 16
[STDERR  ] 2017-09-29T23:19:50.761141677Z: [    5.716869] ahci 0000:00:1f.2: AHCI 0001.0000 32 slots 6 ports 1.5 Gbps 0x3f impl SATA mode
[STDERR  ] 2017-09-29T23:19:50.761147183Z: [    5.717541] ahci 0000:00:1f.2: flags: 64bit ncq only 
[STDERR  ] 2017-09-29T23:19:50.761152407Z: [    5.733273] scsi host0: ahci
[STDERR  ] 2017-09-29T23:19:50.761157803Z: [    5.737849] scsi host1: ahci
[STDERR  ] 2017-09-29T23:19:50.761163167Z: [    5.740258] scsi host2: ahci
[STDERR  ] 2017-09-29T23:19:50.761169672Z: [    5.742026] scsi host3: ahci
[STDERR  ] 2017-09-29T23:19:50.761175008Z: [    5.743865] scsi host4: ahci
[STDERR  ] 2017-09-29T23:19:50.76118029Z: [    5.745705] scsi host5: ahci
[STDERR  ] 2017-09-29T23:19:50.761185485Z: [    5.747010] ata1: SATA max UDMA/133 abar m4096@0xfebd2000 port 0xfebd2100 irq 24
[STDERR  ] 2017-09-29T23:19:50.761192243Z: [    5.747562] ata2: SATA max UDMA/133 abar m4096@0xfebd2000 port 0xfebd2180 irq 24
[STDERR  ] 2017-09-29T23:19:50.761197503Z: [    5.748066] ata3: SATA max UDMA/133 abar m4096@0xfebd2000 port 0xfebd2200 irq 24
[STDERR  ] 2017-09-29T23:19:50.761202633Z: [    5.748540] ata4: SATA max UDMA/133 abar m4096@0xfebd2000 port 0xfebd2280 irq 24
[STDERR  ] 2017-09-29T23:19:50.761211625Z: [    5.749029] ata5: SATA max UDMA/133 abar m4096@0xfebd2000 port 0xfebd2300 irq 24
[STDERR  ] 2017-09-29T23:19:50.761218363Z: [    5.749539] ata6: SATA max UDMA/133 abar m4096@0xfebd2000 port 0xfebd2380 irq 24
[STDERR  ] 2017-09-29T23:19:50.761223817Z: [    5.761639] tun: Universal TUN/TAP device driver, 1.6
[STDERR  ] 2017-09-29T23:19:50.76122912Z: [    5.771862] VMware vmxnet3 virtual NIC driver - version 1.4.a.0-k-NAPI
[STDERR  ] 2017-09-29T23:19:50.761234568Z: [    5.772790] hv_vmbus: registering driver hv_netvsc
[STDERR  ] 2017-09-29T23:19:50.761239747Z: [    5.773159] Fusion MPT base driver 3.04.20
[STDERR  ] 2017-09-29T23:19:50.761244982Z: [    5.773482] Copyright (c) 1999-2008 LSI Corporation
[STDERR  ] 2017-09-29T23:19:50.761250247Z: [    5.774165] Fusion MPT SPI Host driver 3.04.20
[STDERR  ] 2017-09-29T23:19:50.761255455Z: [    5.776004] i8042: PNP: PS/2 Controller [PNP0303:KBD,PNP0f13:MOU] at 0x60,0x64 irq 1,12
[STDERR  ] 2017-09-29T23:19:50.761260843Z: [    5.780243] serio: i8042 KBD port at 0x60,0x64 irq 1
[STDERR  ] 2017-09-29T23:19:50.761266078Z: [    5.780949] serio: i8042 AUX port at 0x60,0x64 irq 12
[STDERR  ] 2017-09-29T23:19:50.761271328Z: [    5.783317] hv_vmbus: registering driver hyperv_keyboard
[STDERR  ] 2017-09-29T23:19:50.76127659Z: [    5.785201] mousedev: PS/2 mouse device common for all mice
[STDERR  ] 2017-09-29T23:19:50.76128177Z: [    5.789309] input: AT Translated Set 2 keyboard as /devices/platform/i8042/serio0/input/input1
[STDERR  ] 2017-09-29T23:19:50.761290378Z: [    5.791222] input: PC Speaker as /devices/platform/pcspkr/input/input2
[STDERR  ] 2017-09-29T23:19:50.76129934Z: [    5.795294] rtc_cmos 00:00: RTC can wake from S4
[STDERR  ] 2017-09-29T23:19:50.76130496Z: [    5.798064] rtc_cmos 00:00: rtc core: registered rtc_cmos as rtc0
[STDERR  ] 2017-09-29T23:19:50.761310193Z: [    5.799365] rtc_cmos 00:00: alarms up to one day, y3k, 114 bytes nvram, hpet irqs
[STDERR  ] 2017-09-29T23:19:50.761319838Z: [    5.800498] i2c /dev entries driver
[STDERR  ] 2017-09-29T23:19:50.761325218Z: [    5.802268] device-mapper: ioctl: 4.35.0-ioctl (2016-06-23) initialised: dm-devel@redhat.com
[STDERR  ] 2017-09-29T23:19:50.76133058Z: [    5.806165] usbcore: registered new interface driver usbhid
[STDERR  ] 2017-09-29T23:19:50.76133584Z: [    5.806550] usbhid: USB HID core driver
[STDERR  ] 2017-09-29T23:19:50.761341118Z: [    5.807309] hv_utils: Registering HyperV Utility Driver
[STDERR  ] 2017-09-29T23:19:50.761346425Z: [    5.807679] hv_vmbus: registering driver hv_util
[STDERR  ] 2017-09-29T23:19:50.76135165Z: [    5.808047] hv_vmbus: registering driver hv_balloon
[STDERR  ] 2017-09-29T23:19:50.761356968Z: [    5.808590] oprofile: using NMI interrupt.
[STDERR  ] 2017-09-29T23:19:50.76136226Z: [    5.810156] GACT probability on
[STDERR  ] 2017-09-29T23:19:50.761367513Z: [    5.810678] Mirror/redirect action on
[STDERR  ] 2017-09-29T23:19:50.761372638Z: [    5.811508] Simple TC action Loaded
[STDERR  ] 2017-09-29T23:19:50.761381588Z: [    5.812247] u32 classifier
[STDERR  ] 2017-09-29T23:19:50.761386868Z: [    5.812451]     Performance counters on
[STDERR  ] 2017-09-29T23:19:50.761395488Z: [    5.812766]     input device check on
[STDERR  ] 2017-09-29T23:19:50.761400743Z: [    5.813072]     Actions configured
[STDERR  ] 2017-09-29T23:19:50.76140606Z: [    5.813687] Netfilter messages via NETLINK v0.30.
[STDERR  ] 2017-09-29T23:19:50.761411325Z: [    5.814311] nfnl_acct: registering with nfnetlink.
[STDERR  ] 2017-09-29T23:19:50.761416545Z: [    5.815775] nf_conntrack version 0.5.0 (8192 buckets, 32768 max)
[STDERR  ] 2017-09-29T23:19:50.7614217Z: [    5.817989] ctnetlink v0.93: registering with nfnetlink.
[STDERR  ] 2017-09-29T23:19:50.761430298Z: [    5.821385] nf_tables: (c) 2007-2009 Patrick McHardy <kaber@trash.net>
[STDERR  ] 2017-09-29T23:19:50.761435828Z: [    5.822299] nf_tables_compat: (c) 2012 Pablo Neira Ayuso <pablo@netfilter.org>
[STDERR  ] 2017-09-29T23:19:50.761441585Z: [    5.824947] xt_time: kernel timezone is -0000
[STDERR  ] 2017-09-29T23:19:50.761446743Z: [    5.825555] ip_set: protocol 6
[STDERR  ] 2017-09-29T23:19:50.761452013Z: [    5.826382] IPVS: Registered protocols (TCP, UDP, SCTP, AH, ESP)
[STDERR  ] 2017-09-29T23:19:50.761457257Z: [    5.827143] IPVS: Connection hash table configured (size=4096, memory=64Kbytes)
[STDERR  ] 2017-09-29T23:19:50.761463285Z: [    5.831541] IPVS: ipvs loaded.
[STDERR  ] 2017-09-29T23:19:50.761468928Z: [    5.831968] IPVS: [rr] scheduler registered.
[STDERR  ] 2017-09-29T23:19:50.76147453Z: [    5.832359] IPVS: [wrr] scheduler registered.
[STDERR  ] 2017-09-29T23:19:50.761479803Z: [    5.832694] IPVS: [lc] scheduler registered.
[STDERR  ] 2017-09-29T23:19:50.76148491Z: [    5.833036] IPVS: [wlc] scheduler registered.
[STDERR  ] 2017-09-29T23:19:50.761490238Z: [    5.833397] IPVS: [fo] scheduler registered.
[STDERR  ] 2017-09-29T23:19:50.76149549Z: [    5.833722] IPVS: [ovf] scheduler registered.
[STDERR  ] 2017-09-29T23:19:50.761500713Z: [    5.834232] IPVS: [lblc] scheduler registered.
[STDERR  ] 2017-09-29T23:19:50.761505883Z: [    5.834720] IPVS: [lblcr] scheduler registered.
[STDERR  ] 2017-09-29T23:19:50.761511095Z: [    5.835103] IPVS: [dh] scheduler registered.
[STDERR  ] 2017-09-29T23:19:50.761516165Z: [    5.835482] IPVS: [sh] scheduler registered.
[STDERR  ] 2017-09-29T23:19:50.761521342Z: [    5.835811] IPVS: [sed] scheduler registered.
[STDERR  ] 2017-09-29T23:19:50.761526653Z: [    5.836148] IPVS: [nq] scheduler registered.
[STDERR  ] 2017-09-29T23:19:50.761531792Z: [    5.836982] IPVS: ftp: loaded support on port[0] = 21
[STDERR  ] 2017-09-29T23:19:50.761537Z: [    5.837850] ipip: IPv4 and MPLS over IPv4 tunneling driver
[STDERR  ] 2017-09-29T23:19:50.761545535Z: [    5.841737] gre: GRE over IPv4 demultiplexor driver
[STDERR  ] 2017-09-29T23:19:50.76155089Z: [    5.844879] ip_tables: (C) 2000-2006 Netfilter Core Team
[STDERR  ] 2017-09-29T23:19:50.761556108Z: [    5.848033] ipt_CLUSTERIP: ClusterIP Version 0.8 loaded successfully
[STDERR  ] 2017-09-29T23:19:50.761564492Z: [    5.848696] arp_tables: arp_tables: (C) 2002 David S. Miller
[STDERR  ] 2017-09-29T23:19:50.761570045Z: [    5.851626] NET: Registered protocol family 10
[STDERR  ] 2017-09-29T23:19:50.761575355Z: [    5.860277] Segment Routing with IPv6
[STDERR  ] 2017-09-29T23:19:50.76158047Z: [    5.861307] ip6_tables: (C) 2000-2006 Netfilter Core Team
[STDERR  ] 2017-09-29T23:19:50.761585715Z: [    5.868839] NET: Registered protocol family 17
[STDERR  ] 2017-09-29T23:19:50.761590922Z: [    5.870451] Bridge firewalling registered
[STDERR  ] 2017-09-29T23:19:50.761601792Z: [    5.871102] Ebtables v2.0 registered
[STDERR  ] 2017-09-29T23:19:50.76161088Z: [    5.873051] 8021q: 802.1Q VLAN Support v1.8
[STDERR  ] 2017-09-29T23:19:50.761616185Z: [    5.874430] 9pnet: Installing 9P2000 support
[STDERR  ] 2017-09-29T23:19:50.761621515Z: [    5.875943] Key type dns_resolver registered
[STDERR  ] 2017-09-29T23:19:50.761626777Z: [    5.879498] registered taskstats version 1
[STDERR  ] 2017-09-29T23:19:50.76163197Z: [    6.083044] ata2: SATA link down (SStatus 0 SControl 300)
[STDERR  ] 2017-09-29T23:19:50.761638362Z: [    6.085922] ata1: SATA link down (SStatus 0 SControl 300)
[STDERR  ] 2017-09-29T23:19:50.761643878Z: [    6.093129] ata6: SATA link down (SStatus 0 SControl 300)
[STDERR  ] 2017-09-29T23:19:50.76164917Z: [    6.093742] ata5: SATA link down (SStatus 0 SControl 300)
[STDERR  ] 2017-09-29T23:19:50.761654465Z: [    6.094302] ata4: SATA link down (SStatus 0 SControl 300)
[STDERR  ] 2017-09-29T23:19:50.761659782Z: [    6.095131] ata3: SATA link up 1.5 Gbps (SStatus 113 SControl 300)
[STDERR  ] 2017-09-29T23:19:50.76166526Z: [    6.098576] ata3.00: ATAPI: QEMU DVD-ROM, 2.5+, max UDMA/100
[STDERR  ] 2017-09-29T23:19:50.761670562Z: [    6.099148] ata3.00: applying bridge limits
[STDERR  ] 2017-09-29T23:19:50.76167937Z: [    6.110627] ata3.00: configured for UDMA/100
[STDERR  ] 2017-09-29T23:19:50.76168469Z: [    6.122652] Key type big_key registered
[STDERR  ] 2017-09-29T23:19:50.761689928Z: [    6.131501] scsi 2:0:0:0: CD-ROM            QEMU     QEMU DVD-ROM     2.5+ PQ: 0 ANSI: 5
[STDERR  ] 2017-09-29T23:19:50.76169536Z: [    6.152730] sr 2:0:0:0: [sr0] scsi3-mmc drive: 4x/4x cd/rw xa/form2 tray
[STDERR  ] 2017-09-29T23:19:50.76170308Z: [    6.153479] cdrom: Uniform CD-ROM driver Revision: 3.20
[STDERR  ] 2017-09-29T23:19:50.76170842Z: [    6.163548] sr 2:0:0:0: Attached scsi generic sg0 type 5
[STDERR  ] 2017-09-29T23:19:50.761713688Z: [    6.200984] Key type encrypted registered
[STDERR  ] 2017-09-29T23:19:50.761719013Z: [    6.206834] rtc_cmos 00:00: setting system clock to 2017-09-29 23:19:13 UTC (1506727153)
[STDERR  ] 2017-09-29T23:19:50.761724485Z: [    6.364087] Freeing unused kernel memory: 1452K
[STDERR  ] 2017-09-29T23:19:50.761729745Z: [    6.364531] Write protecting the kernel read-only data: 14336k
[STDERR  ] 2017-09-29T23:19:50.761735035Z: [    6.383151] Freeing unused kernel memory: 1764K
[STDERR  ] 2017-09-29T23:19:50.76174025Z: [    6.539556] Freeing unused kernel memory: 1292K
[STDERR  ] 2017-09-29T23:19:50.76174545Z: [    6.540711] tsc: Refined TSC clocksource calibration: 2599.999 MHz
[STDERR  ] 2017-09-29T23:19:50.761750833Z: [    6.541287] clocksource: tsc: mask: 0xffffffffffffffff max_cycles: 0x257a3b2ad7e, max_idle_ns: 440795282337 ns
[STDERR  ] 2017-09-29T23:19:50.761757357Z: [    7.553082] clocksource: Switched to clocksource tsc
[STDERR  ] 2017-09-29T23:19:50.76176575Z: 
[STDERR  ] 2017-09-29T23:19:50.761771322Z: Welcome to LinuxKit
[STDERR  ] 2017-09-29T23:19:50.761777907Z: 
[STDERR  ] 2017-09-29T23:19:50.76178333Z:                         ##         .
[STDERR  ] 2017-09-29T23:19:50.761788813Z:                   ## ## ##        ==
[STDERR  ] 2017-09-29T23:19:50.761797443Z:                ## ## ## ## ##    ===
[STDERR  ] 2017-09-29T23:19:50.76180428Z:            /"""""""""""""""""\___/ ===
[STDERR  ] 2017-09-29T23:19:50.761809518Z:           {                       /  ===-
[STDERR  ] 2017-09-29T23:19:50.761814792Z:            \______ O           __/
[STDERR  ] 2017-09-29T23:19:50.76182293Z:              \    \         __/
[STDERR  ] 2017-09-29T23:19:50.76182849Z:               \____\_______/
[STDERR  ] 2017-09-29T23:19:50.76183387Z: 
[STDERR  ] 2017-09-29T23:19:50.761841213Z: starting kernel config sanity test with /proc/config.gz
[STDERR  ] 2017-09-29T23:19:50.7618494Z: [   22.263395] RPC: Registered named UNIX socket transport module.
[STDERR  ] 2017-09-29T23:19:50.761858688Z: [   22.263926] RPC: Registered udp transport module.
[STDERR  ] 2017-09-29T23:19:50.761867922Z: [   22.264330] RPC: Registered tcp transport module.
[STDERR  ] 2017-09-29T23:19:50.761877265Z: [   22.264688] RPC: Registered tcp NFSv4.1 backchannel transport module.
[STDERR  ] 2017-09-29T23:19:50.761886602Z: [   22.369614] FS-Cache: Netfs 'nfs' registered for caching
[STDERR  ] 2017-09-29T23:19:50.761895113Z: [   22.476085] Installing knfsd (copyright (C) 1996 okir@monad.swb.de).
[STDERR  ] 2017-09-29T23:19:50.761903498Z: [   22.532270] ntfs: driver 2.1.32 [Flags: R/O MODULE].
[STDERR  ] 2017-09-29T23:19:50.76190875Z: kernel config test succeeded!
[STDERR  ] 2017-09-29T23:19:50.76191441Z: [37minfo: reading kernel config from /proc/config.gz ...[m
[STDERR  ] 2017-09-29T23:19:50.761919673Z: 
[STDERR  ] 2017-09-29T23:19:50.761924933Z: Generally Necessary:
[STDERR  ] 2017-09-29T23:19:50.761930457Z: - [37mcgroup hierarchy[m: [32mproperly mounted[m [/sys/fs/cgroup]
[STDERR  ] 2017-09-29T23:19:50.761936103Z: - [37mCONFIG_NAMESPACES[m: [32menabled[m
[STDERR  ] 2017-09-29T23:19:50.761941438Z: - [37mCONFIG_NET_NS[m: [32menabled[m
[STDERR  ] 2017-09-29T23:19:50.761946707Z: - [37mCONFIG_PID_NS[m: [32menabled[m
[STDERR  ] 2017-09-29T23:19:50.76195327Z: - [37mCONFIG_IPC_NS[m: [32menabled[m
[STDERR  ] 2017-09-29T23:19:50.761961858Z: - [37mCONFIG_UTS_NS[m: [32menabled[m
[STDERR  ] 2017-09-29T23:19:50.761982048Z: - [37mCONFIG_CGROUPS[m: [32menabled[m
[STDERR  ] 2017-09-29T23:19:50.761987692Z: - [37mCONFIG_CGROUP_CPUACCT[m: [32menabled[m
[STDERR  ] 2017-09-29T23:19:50.761992843Z: - [37mCONFIG_CGROUP_DEVICE[m: [32menabled[m[   24.929560] random: fast init done
[STDERR  ] 2017-09-29T23:19:50.76199839Z: 
[STDERR  ] 2017-09-29T23:19:50.762003865Z: - [37mCONFIG_CGROUP_FREEZER[m: [32menabled[m
[STDERR  ] 2017-09-29T23:19:50.76200899Z: - [37mCONFIG_CGROUP_SCHED[m: [32menabled[m
[STDERR  ] 2017-09-29T23:19:50.762014187Z: - [37mCONFIG_CPUSETS[m: [32menabled[m
[STDERR  ] 2017-09-29T23:19:50.76202428Z: - [37mCONFIG_MEMCG[m: [32menabled[m
[STDERR  ] 2017-09-29T23:19:50.762029547Z: - [37mCONFIG_KEYS[m: [32menabled[m
[STDERR  ] 2017-09-29T23:19:50.762034762Z: - [37mCONFIG_VETH[m: [32menabled[m
[STDERR  ] 2017-09-29T23:19:50.762039918Z: - [37mCONFIG_BRIDGE[m: [32menabled[m
[STDERR  ] 2017-09-29T23:19:50.762045025Z: - [37mCONFIG_BRIDGE_NETFILTER[m: [32menabled[m
[STDERR  ] 2017-09-29T23:19:50.762050198Z: - [37mCONFIG_NF_NAT_IPV4[m: [32menabled[m
[STDERR  ] 2017-09-29T23:19:50.762055518Z: - [37mCONFIG_IP_NF_FILTER[m: [32menabled[m
[STDERR  ] 2017-09-29T23:19:50.76206067Z: - [37mCONFIG_IP_NF_TARGET_MASQUERADE[m: [32menabled[m
[STDERR  ] 2017-09-29T23:19:50.762065972Z: - [37mCONFIG_NETFILTER_XT_MATCH_ADDRTYPE[m: [32menabled[m
[STDERR  ] 2017-09-29T23:19:50.762071285Z: - [37mCONFIG_NETFILTER_XT_MATCH_CONNTRACK[m: [32menabled[m
[STDERR  ] 2017-09-29T23:19:50.762076468Z: - [37mCONFIG_NETFILTER_XT_MATCH_IPVS[m: [32menabled[m
[STDERR  ] 2017-09-29T23:19:50.762081793Z: - [37mCONFIG_IP_NF_NAT[m: [32menabled[m
[STDERR  ] 2017-09-29T23:19:50.76208707Z: - [37mCONFIG_NF_NAT[m: [32menabled[m
[STDERR  ] 2017-09-29T23:19:50.762093487Z: - [37mCONFIG_NF_NAT_NEEDED[m: [32menabled[m
[STDERR  ] 2017-09-29T23:19:50.762102392Z: - [37mCONFIG_POSIX_MQUEUE[m: [32menabled[m
[STDERR  ] 2017-09-29T23:19:50.7621078Z: 
[STDERR  ] 2017-09-29T23:19:50.762113022Z: Optional Features:
[STDERR  ] 2017-09-29T23:19:50.762118475Z: - [37mCONFIG_USER_NS[m: [32menabled[m
[STDERR  ] 2017-09-29T23:19:50.762123648Z: - [37mCONFIG_SECCOMP[m: [32menabled[m
[STDERR  ] 2017-09-29T23:19:50.76213208Z: - [37mCONFIG_CGROUP_PIDS[m: [32menabled[m
[STDERR  ] 2017-09-29T23:19:50.762137407Z: - [37mCONFIG_MEMCG_SWAP[m: [32menabled[m
[STDERR  ] 2017-09-29T23:19:50.76214257Z: - [37mCONFIG_MEMCG_SWAP_ENABLED[m: [32menabled[m
[STDERR  ] 2017-09-29T23:19:50.762152272Z:     [1;30m(cgroup swap accounting is currently enabled)[m
[STDERR  ] 2017-09-29T23:19:50.762157677Z: - [1mCONFIG_LEGACY_VSYSCALL_NONE[m: [1;31menabled[m
[STDERR  ] 2017-09-29T23:19:50.762164565Z:     [1;30m(containers using eglibc <= 2.13 will not work. Switch to[m
[STDERR  ] 2017-09-29T23:19:50.762170513Z:     [1;30m "CONFIG_VSYSCALL_[NATIVE|EMULATE]" or use "vsyscall=[native|emulate]"[m
[STDERR  ] 2017-09-29T23:19:50.762176152Z:     [1;30m on kernel command line. Note that this will disable ASLR for the,[m
[STDERR  ] 2017-09-29T23:19:50.762182497Z:     [1;30m VDSO which may assist in exploiting security vulnerabilities.)[m
[STDERR  ] 2017-09-29T23:19:50.76218806Z: - [37mCONFIG_BLK_CGROUP[m: [32menabled[m
[STDERR  ] 2017-09-29T23:19:50.762193373Z: - [37mCONFIG_BLK_DEV_THROTTLING[m: [32menabled[m
[STDERR  ] 2017-09-29T23:19:50.762198488Z: - [37mCONFIG_IOSCHED_CFQ[m: [32menabled[m
[STDERR  ] 2017-09-29T23:19:50.76220384Z: - [37mCONFIG_CFQ_GROUP_IOSCHED[m: [32menabled[m
[STDERR  ] 2017-09-29T23:19:50.762209183Z: - [37mCONFIG_CGROUP_PERF[m: [32menabled[m
[STDERR  ] 2017-09-29T23:19:50.762214403Z: - [37mCONFIG_CGROUP_HUGETLB[m: [32menabled[m
[STDERR  ] 2017-09-29T23:19:50.762219655Z: - [37mCONFIG_NET_CLS_CGROUP[m: [32menabled[m
[STDERR  ] 2017-09-29T23:19:50.762224858Z: - [37mCONFIG_CGROUP_NET_PRIO[m: [32menabled[m
[STDERR  ] 2017-09-29T23:19:50.762230222Z: - [37mCONFIG_CFS_BANDWIDTH[m: [32menabled[m
[STDERR  ] 2017-09-29T23:19:50.762235475Z: - [37mCONFIG_FAIR_GROUP_SCHED[m: [32menabled[m
[STDERR  ] 2017-09-29T23:19:50.7622411Z: - [37mCONFIG_RT_GROUP_SCHED[m: [32menabled[m
[STDERR  ] 2017-09-29T23:19:50.762246512Z: - [37mCONFIG_IP_VS[m: [32menabled[m
[STDERR  ] 2017-09-29T23:19:50.762251805Z: - [37mCONFIG_IP_VS_NFCT[m: [32menabled[m
[STDERR  ] 2017-09-29T23:19:50.762256987Z: - [37mCONFIG_IP_VS_RR[m: [32menabled[m
[STDERR  ] 2017-09-29T23:19:50.762262252Z: - [37mCONFIG_EXT4_FS[m: [32menabled[m
[STDERR  ] 2017-09-29T23:19:50.762267438Z: - [37mCONFIG_EXT4_FS_POSIX_ACL[m: [32menabled[m
[STDERR  ] 2017-09-29T23:19:50.762272785Z: - [37mCONFIG_EXT4_FS_SECURITY[m: [32menabled[m
[STDERR  ] 2017-09-29T23:19:50.762277895Z: - Network Drivers:
[STDERR  ] 2017-09-29T23:19:50.762283413Z:   - "[34moverlay[m":
[STDERR  ] 2017-09-29T23:19:50.762288988Z:     - [37mCONFIG_VXLAN[m: [32menabled[m
[STDERR  ] 2017-09-29T23:19:50.76229414Z:       Optional (for encrypted networks):
[STDERR  ] 2017-09-29T23:19:50.762299298Z:       - [37mCONFIG_CRYPTO[m: [32menabled[m
[STDERR  ] 2017-09-29T23:19:50.76230445Z:       - [37mCONFIG_CRYPTO_AEAD[m: [32menabled[m
[STDERR  ] 2017-09-29T23:19:50.76231843Z:       - [37mCONFIG_CRYPTO_GCM[m: [32menabled[m
[STDERR  ] 2017-09-29T23:19:50.762323817Z:       - [37mCONFIG_CRYPTO_SEQIV[m: [32menabled[m
[STDERR  ] 2017-09-29T23:19:50.762328917Z:       - [37mCONFIG_CRYPTO_GHASH[m: [32menabled[m
[STDERR  ] 2017-09-29T23:19:50.762334043Z:       - [37mCONFIG_XFRM[m: [32menabled[m
[STDERR  ] 2017-09-29T23:19:50.762339238Z:       - [37mCONFIG_XFRM_USER[m: [32menabled (as module)[m
[STDERR  ] 2017-09-29T23:19:50.76234441Z:       - [37mCONFIG_XFRM_ALGO[m: [32menabled (as module)[m
[STDERR  ] 2017-09-29T23:19:50.76234978Z:       - [37mCONFIG_INET_ESP[m: [32menabled (as module)[m
[STDERR  ] 2017-09-29T23:19:50.76235498Z:       - [37mCONFIG_INET_XFRM_MODE_TRANSPORT[m: [32menabled (as module)[m
[STDERR  ] 2017-09-29T23:19:50.76236401Z:   - "[34mipvlan[m":
[STDERR  ] 2017-09-29T23:19:50.762369587Z:     - [37mCONFIG_IPVLAN[m: [32menabled[m
[STDERR  ] 2017-09-29T23:19:50.76237484Z:   - "[34mmacvlan[m":
[STDERR  ] 2017-09-29T23:19:50.76238023Z:     - [37mCONFIG_MACVLAN[m: [32menabled[m
[STDERR  ] 2017-09-29T23:19:50.762388522Z:     - [37mCONFIG_DUMMY[m: [32menabled (as module)[m
[STDERR  ] 2017-09-29T23:19:50.762393968Z:   - "[34mftp,tftp client in container[m":
[STDERR  ] 2017-09-29T23:19:50.762399102Z:     - [37mCONFIG_NF_NAT_FTP[m: [32menabled[m
[STDERR  ] 2017-09-29T23:19:50.762404257Z:     - [37mCONFIG_NF_CONNTRACK_FTP[m: [32menabled[m
[STDERR  ] 2017-09-29T23:19:50.762409603Z:     - [37mCONFIG_NF_NAT_TFTP[m: [32menabled[m
[STDERR  ] 2017-09-29T23:19:50.76241483Z:     - [37mCONFIG_NF_CONNTRACK_TFTP[m: [32menabled[m
[STDERR  ] 2017-09-29T23:19:50.762420105Z: - Storage Drivers:
[STDERR  ] 2017-09-29T23:19:50.762425465Z:   - "[34maufs[m":
[STDERR  ] 2017-09-29T23:19:50.762432003Z:     - [1mCONFIG_AUFS_FS[m: [1;31mmissing[m
[STDERR  ] 2017-09-29T23:19:50.762437152Z:   - "[34mbtrfs[m":
[STDERR  ] 2017-09-29T23:19:50.762442308Z:     - [37mCONFIG_BTRFS_FS[m: [32menabled (as module)[m
[STDERR  ] 2017-09-29T23:19:50.762451507Z:     - [37mCONFIG_BTRFS_FS_POSIX_ACL[m: [32menabled[m
[STDERR  ] 2017-09-29T23:19:50.762456812Z:   - "[34mdevicemapper[m":
[STDERR  ] 2017-09-29T23:19:50.762462365Z:     - [37mCONFIG_BLK_DEV_DM[m: [32menabled[m
[STDERR  ] 2017-09-29T23:19:50.76246768Z:     - [37mCONFIG_DM_THIN_PROVISIONING[m: [32menabled[m
[STDERR  ] 2017-09-29T23:19:50.762472905Z:   - "[34moverlay[m":
[STDERR  ] 2017-09-29T23:19:50.76247837Z:     - [37mCONFIG_OVERLAY_FS[m: [32menabled[m
[STDERR  ] 2017-09-29T23:19:50.762483557Z:   - "[34mzfs[m":
[STDERR  ] 2017-09-29T23:19:50.762489028Z:     - [1m/dev/zfs[m: [1;31mmissing[m
[STDERR  ] 2017-09-29T23:19:50.762494315Z:     - [1mzfs command[m: [1;31mmissing[m
[STDERR  ] 2017-09-29T23:19:50.762499655Z:     - [1mzpool command[m: [1;31mmissing[m
[STDERR  ] 2017-09-29T23:19:50.762504803Z: 
[STDERR  ] 2017-09-29T23:19:50.76251021Z: Limits:
[STDERR  ] 2017-09-29T23:19:50.76251564Z: [37m- /proc/sys/kernel/keys/root_maxkeys[m: [32m1000000[m
[STDERR  ] 2017-09-29T23:19:50.76252084Z: 
[STDERR  ] 2017-09-29T23:19:50.76252624Z: Kernel config test suite PASSED
[STDERR  ] 2017-09-29T23:19:50.762531525Z: [   42.582174] ACPI: Preparing to enter system sleep state S5
[STDERR  ] 2017-09-29T23:19:50.762536653Z: [   42.588358] reboot: Power down
[STDERR  ] 2017-09-29T23:19:50.762543047Z: + grep -q suite PASSED
[STDERR  ] 2017-09-29T23:19:50.763335113Z: + echo [    0.000000] Linux version 4.12.14-linuxkit (root@45c8bb901106) (gcc version 6.3.0 (Alpine 6.3.0) ) #1 SMP Thu Sep 28 14:52:01 UTC 2017
[STDERR  ] 2017-09-29T23:19:50.763377266Z: [    0.000000] Command line: console=ttyS0
[STDERR  ] 2017-09-29T23:19:50.763387928Z: [    0.000000] x86/fpu: x87 FPU will use FXSAVE
[STDERR  ] 2017-09-29T23:19:50.763397398Z: [    0.000000] e820: BIOS-provided physical RAM map:
[STDERR  ] 2017-09-29T23:19:50.763406463Z: [    0.000000] BIOS-e820: [mem 0x0000000000000000-0x000000000009fbff] usable
[STDERR  ] 2017-09-29T23:19:50.763416053Z: [    0.000000] BIOS-e820: [mem 0x000000000009fc00-0x000000000009ffff] reserved
[STDERR  ] 2017-09-29T23:19:50.763425151Z: [    0.000000] BIOS-e820: [mem 0x00000000000f0000-0x00000000000fffff] reserved
[STDERR  ] 2017-09-29T23:19:50.763434546Z: [    0.000000] BIOS-e820: [mem 0x0000000000100000-0x000000003ffdefff] usable
[STDERR  ] 2017-09-29T23:19:50.763444024Z: [    0.000000] BIOS-e820: [mem 0x000000003ffdf000-0x000000003fffffff] reserved
[STDERR  ] 2017-09-29T23:19:50.763456789Z: [    0.000000] BIOS-e820: [mem 0x00000000b0000000-0x00000000bfffffff] reserved
[STDERR  ] 2017-09-29T23:19:50.763474301Z: [    0.000000] BIOS-e820: [mem 0x00000000fed1c000-0x00000000fed1ffff] reserved
[STDERR  ] 2017-09-29T23:19:50.763483326Z: [    0.000000] BIOS-e820: [mem 0x00000000fffc0000-0x00000000ffffffff] reserved
[STDERR  ] 2017-09-29T23:19:50.763499381Z: [    0.000000] NX (Execute Disable) protection: active
[STDERR  ] 2017-09-29T23:19:50.763509651Z: [    0.000000] SMBIOS 2.8 present.
[STDERR  ] 2017-09-29T23:19:50.763519011Z: [    0.000000] DMI: QEMU Standard PC (Q35 + ICH9, 2009), BIOS rel-1.10.2-0-g5f4c7b1-prebuilt.qemu-project.org 04/01/2014
[STDERR  ] 2017-09-29T23:19:50.763534796Z: [    0.000000] tsc: Fast TSC calibration using PIT
[STDERR  ] 2017-09-29T23:19:50.763544793Z: [    0.000000] e820: last_pfn = 0x3ffdf max_arch_pfn = 0x400000000
[STDERR  ] 2017-09-29T23:19:50.763553838Z: [    0.000000] x86/PAT: Configuration [0-7]: WB  WC  UC- UC  WB  WC  UC- WT  
[STDERR  ] 2017-09-29T23:19:50.763562908Z: [    0.000000] found SMP MP-table at [mem 0x000f6aa0-0x000f6aaf] mapped at [ffff97b8800f6aa0]
[STDERR  ] 2017-09-29T23:19:50.763571771Z: [    0.000000] RAMDISK: [mem 0x3e7c3000-0x3ffcffff]
[STDERR  ] 2017-09-29T23:19:50.763579758Z: [    0.000000] ACPI: Early table checksum verification disabled
[STDERR  ] 2017-09-29T23:19:50.763587676Z: [    0.000000] ACPI: RSDP 0x00000000000F68C0 000014 (v00 BOCHS )
[STDERR  ] 2017-09-29T23:19:50.763595896Z: [    0.000000] ACPI: RSDT 0x000000003FFE2404 000034 (v01 BOCHS  BXPCRSDT 00000001 BXPC 00000001)
[STDERR  ] 2017-09-29T23:19:50.763613189Z: [    0.000000] ACPI: FACP 0x000000003FFE22A4 000074 (v01 BOCHS  BXPCFACP 00000001 BXPC 00000001)
[STDERR  ] 2017-09-29T23:19:50.763621348Z: [    0.000000] ACPI: DSDT 0x000000003FFE0040 002264 (v01 BOCHS  BXPCDSDT 00000001 BXPC 00000001)
[STDERR  ] 2017-09-29T23:19:50.763629958Z: [    0.000000] ACPI: FACS 0x000000003FFE0000 000040
[STDERR  ] 2017-09-29T23:19:50.763645064Z: [    0.000000] ACPI: APIC 0x000000003FFE2318 000078 (v01 BOCHS  BXPCAPIC 00000001 BXPC 00000001)
[STDERR  ] 2017-09-29T23:19:50.763653751Z: [    0.000000] ACPI: HPET 0x000000003FFE2390 000038 (v01 BOCHS  BXPCHPET 00000001 BXPC 00000001)
[STDERR  ] 2017-09-29T23:19:50.763662411Z: [    0.000000] ACPI: MCFG 0x000000003FFE23C8 00003C (v01 BOCHS  BXPCMCFG 00000001 BXPC 00000001)
[STDERR  ] 2017-09-29T23:19:50.763671054Z: [    0.000000] Zone ranges:
[STDERR  ] 2017-09-29T23:19:50.763680318Z: [    0.000000]   DMA      [mem 0x0000000000001000-0x0000000000ffffff]
[STDERR  ] 2017-09-29T23:19:50.763689673Z: [    0.000000]   DMA32    [mem 0x0000000001000000-0x000000003ffdefff]
[STDERR  ] 2017-09-29T23:19:50.763698576Z: [    0.000000]   Normal   empty
[STDERR  ] 2017-09-29T23:19:50.763707499Z: [    0.000000]   Device   empty
[STDERR  ] 2017-09-29T23:19:50.763716196Z: [    0.000000] Movable zone start for each node
[STDERR  ] 2017-09-29T23:19:50.763725024Z: [    0.000000] Early memory node ranges
[STDERR  ] 2017-09-29T23:19:50.763733701Z: [    0.000000]   node   0: [mem 0x0000000000001000-0x000000000009efff]
[STDERR  ] 2017-09-29T23:19:50.763742361Z: [    0.000000]   node   0: [mem 0x0000000000100000-0x000000003ffdefff]
[STDERR  ] 2017-09-29T23:19:50.763752311Z: [    0.000000] Initmem setup node 0 [mem 0x0000000000001000-0x000000003ffdefff]
[STDERR  ] 2017-09-29T23:19:50.763760979Z: [    0.000000] ACPI: PM-Timer IO Port: 0x608
[STDERR  ] 2017-09-29T23:19:50.763769728Z: [    0.000000] ACPI: LAPIC_NMI (acpi_id[0xff] dfl dfl lint[0x1])
[STDERR  ] 2017-09-29T23:19:50.763778488Z: [    0.000000] IOAPIC[0]: apic_id 0, version 32, address 0xfec00000, GSI 0-23
[STDERR  ] 2017-09-29T23:19:50.763792829Z: [    0.000000] ACPI: INT_SRC_OVR (bus 0 bus_irq 0 global_irq 2 dfl dfl)
[STDERR  ] 2017-09-29T23:19:50.763802128Z: [    0.000000] ACPI: INT_SRC_OVR (bus 0 bus_irq 5 global_irq 5 high level)
[STDERR  ] 2017-09-29T23:19:50.763810988Z: [    0.000000] ACPI: INT_SRC_OVR (bus 0 bus_irq 9 global_irq 9 high level)
[STDERR  ] 2017-09-29T23:19:50.763819673Z: [    0.000000] ACPI: INT_SRC_OVR (bus 0 bus_irq 10 global_irq 10 high level)
[STDERR  ] 2017-09-29T23:19:50.763828316Z: [    0.000000] ACPI: INT_SRC_OVR (bus 0 bus_irq 11 global_irq 11 high level)
[STDERR  ] 2017-09-29T23:19:50.763838979Z: [    0.000000] Using ACPI (MADT) for SMP configuration information
[STDERR  ] 2017-09-29T23:19:50.763847886Z: [    0.000000] ACPI: HPET id: 0x8086a201 base: 0xfed00000
[STDERR  ] 2017-09-29T23:19:50.763861773Z: [    0.000000] smpboot: Allowing 1 CPUs, 0 hotplug CPUs
[STDERR  ] 2017-09-29T23:19:50.763870866Z: [    0.000000] e820: [mem 0x40000000-0xafffffff] available for PCI devices
[STDERR  ] 2017-09-29T23:19:50.763884644Z: [    0.000000] Booting paravirtualized kernel on bare hardware
[STDERR  ] 2017-09-29T23:19:50.763893764Z: [    0.000000] clocksource: refined-jiffies: mask: 0xffffffff max_cycles: 0xffffffff, max_idle_ns: 19112604462750000 ns
[STDERR  ] 2017-09-29T23:19:50.763913541Z: [    0.000000] setup_percpu: NR_CPUS:128 nr_cpumask_bits:128 nr_cpu_ids:1 nr_node_ids:1
[STDERR  ] 2017-09-29T23:19:50.763922431Z: [    0.000000] percpu: Embedded 38 pages/cpu @ffff97b8be400000 s115544 r8192 d31912 u2097152
[STDERR  ] 2017-09-29T23:19:50.763933349Z: [    0.000000] Built 1 zonelists in Zone order, mobility grouping on.  Total pages: 257896
[STDERR  ] 2017-09-29T23:19:50.763942391Z: [    0.000000] Kernel command line: console=ttyS0
[STDERR  ] 2017-09-29T23:19:50.763951301Z: [    0.000000] PID hash table entries: 4096 (order: 3, 32768 bytes)
[STDERR  ] 2017-09-29T23:19:50.763960118Z: [    0.000000] Dentry cache hash table entries: 131072 (order: 8, 1048576 bytes)
[STDERR  ] 2017-09-29T23:19:50.763969289Z: [    0.000000] Inode-cache hash table entries: 65536 (order: 7, 524288 bytes)
[STDERR  ] 2017-09-29T23:19:50.763978463Z: [    0.000000] Memory: 987176K/1048052K available (8464K kernel code, 1442K rwdata, 2804K rodata, 1452K init, 664K bss, 60876K reserved, 0K cma-reserved)
[STDERR  ] 2017-09-29T23:19:50.763993951Z: [    0.000000] ftrace: allocating 39793 entries in 156 pages
[STDERR  ] 2017-09-29T23:19:50.764003918Z: [    0.000000] Hierarchical RCU implementation.
[STDERR  ] 2017-09-29T23:19:50.764012788Z: [    0.000000] 	RCU restricting CPUs from NR_CPUS=128 to nr_cpu_ids=1.
[STDERR  ] 2017-09-29T23:19:50.764021673Z: [    0.000000] RCU: Adjusting geometry for rcu_fanout_leaf=16, nr_cpu_ids=1
[STDERR  ] 2017-09-29T23:19:50.764030788Z: [    0.000000] NR_IRQS:8448 nr_irqs:256 16
[STDERR  ] 2017-09-29T23:19:50.764039481Z: [    0.000000] Console: colour VGA+ 80x25
[STDERR  ] 2017-09-29T23:19:50.764048394Z: [    0.000000] console [ttyS0] enabled
[STDERR  ] 2017-09-29T23:19:50.764057074Z: [    0.000000] clocksource: hpet: mask: 0xffffffff max_cycles: 0xffffffff, max_idle_ns: 19112604467 ns
[STDERR  ] 2017-09-29T23:19:50.764066505Z: [    0.000000] tsc: Fast TSC calibration using PIT
[STDERR  ] 2017-09-29T23:19:50.764075285Z: [    0.000000] tsc: Detected 2599.893 MHz processor
[STDERR  ] 2017-09-29T23:19:50.764084122Z: [    0.001387] Calibrating delay loop (skipped), value calculated using timer frequency.. 5199.78 BogoMIPS (lpj=25998930)
[STDERR  ] 2017-09-29T23:19:50.764093102Z: [    0.002016] pid_max: default: 32768 minimum: 301
[STDERR  ] 2017-09-29T23:19:50.764126602Z: [    0.002798] ACPI: Core revision 20170303
[STDERR  ] 2017-09-29T23:19:50.764135602Z: [    0.047351] ACPI: 1 ACPI AML tables successfully acquired and loaded
[STDERR  ] 2017-09-29T23:19:50.764145955Z: [    0.052068] Security Framework initialized
[STDERR  ] 2017-09-29T23:19:50.764154662Z: [    0.052587] Yama: becoming mindful.
[STDERR  ] 2017-09-29T23:19:50.764163462Z: [    0.054471] Mount-cache hash table entries: 2048 (order: 2, 16384 bytes)
[STDERR  ] 2017-09-29T23:19:50.764172462Z: [    0.054781] Mountpoint-cache hash table entries: 2048 (order: 2, 16384 bytes)
[STDERR  ] 2017-09-29T23:19:50.764181094Z: [    0.070820] Last level iTLB entries: 4KB 0, 2MB 0, 4MB 0
[STDERR  ] 2017-09-29T23:19:50.764190047Z: [    0.071280] Last level dTLB entries: 4KB 0, 2MB 0, 4MB 0, 1GB 0
[STDERR  ] 2017-09-29T23:19:50.764198872Z: [    0.356669] Freeing SMP alternatives memory: 20K
[STDERR  ] 2017-09-29T23:19:50.764207709Z: [    0.377595] smpboot: Max logical packages: 1
[STDERR  ] 2017-09-29T23:19:50.764216434Z: [    0.385170] ..TIMER: vector=0x30 apic1=0 pin1=2 apic2=-1 pin2=-1
[STDERR  ] 2017-09-29T23:19:50.764231342Z: [    0.490000] smpboot: CPU0: AMD QEMU Virtual CPU version 2.5+ (family: 0x6, model: 0x6, stepping: 0x3)
[STDERR  ] 2017-09-29T23:19:50.764245794Z: [    0.490000] Performance Events: PMU not available due to virtualization, using software events only.
[STDERR  ] 2017-09-29T23:19:50.764255744Z: [    0.496300] NMI watchdog: disabled (cpu0): hardware events not enabled
[STDERR  ] 2017-09-29T23:19:50.764269042Z: [    0.496815] NMI watchdog: Shutting down hard lockup detector on all cpus
[STDERR  ] 2017-09-29T23:19:50.764277957Z: [    0.500385] smp: Bringing up secondary CPUs ...
[STDERR  ] 2017-09-29T23:19:50.764286719Z: [    0.500778] smp: Brought up 1 node, 1 CPU
[STDERR  ] 2017-09-29T23:19:50.764295404Z: [    0.501217] smpboot: Total of 1 processors activated (5199.78 BogoMIPS)
[STDERR  ] 2017-09-29T23:19:50.764304345Z: [    0.506316] sched_clock: Marking stable (500000000, 0)->(616339130, -116339130)
[STDERR  ] 2017-09-29T23:19:50.764313615Z: [    0.515312] devtmpfs: initialized
[STDERR  ] 2017-09-29T23:19:50.764322454Z: [    0.519631] x86/mm: Memory block size: 128MB
[STDERR  ] 2017-09-29T23:19:50.764336875Z: [    0.576895] clocksource: jiffies: mask: 0xffffffff max_cycles: 0xffffffff, max_idle_ns: 19112604462750000 ns
[STDERR  ] 2017-09-29T23:19:50.764346549Z: [    0.577778] futex hash table entries: 256 (order: 2, 16384 bytes)
[STDERR  ] 2017-09-29T23:19:50.764355367Z: [    0.588554] NET: Registered protocol family 16
[STDERR  ] 2017-09-29T23:19:50.764364459Z: [    0.596787] cpuidle: using governor ladder
[STDERR  ] 2017-09-29T23:19:50.764373134Z: [    0.597327] cpuidle: using governor menu
[STDERR  ] 2017-09-29T23:19:50.764381759Z: [    0.597765] PCCT header not found.
[STDERR  ] 2017-09-29T23:19:50.764390809Z: [    0.598982] ACPI: bus type PCI registered
[STDERR  ] 2017-09-29T23:19:50.764399395Z: [    0.601714] PCI: MMCONFIG for domain 0000 [bus 00-ff] at [mem 0xb0000000-0xbfffffff] (base 0xb0000000)
[STDERR  ] 2017-09-29T23:19:50.76440858Z: [    0.602697] PCI: MMCONFIG at [mem 0xb0000000-0xbfffffff] reserved in E820
[STDERR  ] 2017-09-29T23:19:50.76442025Z: [    0.603839] PCI: Using configuration type 1 for base access
[STDERR  ] 2017-09-29T23:19:50.7644291Z: [    0.650708] HugeTLB registered 2 MB page size, pre-allocated 0 pages
[STDERR  ] 2017-09-29T23:19:50.764438472Z: [    0.662443] ACPI: Added _OSI(Module Device)
[STDERR  ] 2017-09-29T23:19:50.764447254Z: [    0.662856] ACPI: Added _OSI(Processor Device)
[STDERR  ] 2017-09-29T23:19:50.76445608Z: [    0.663237] ACPI: Added _OSI(3.0 _SCP Extensions)
[STDERR  ] 2017-09-29T23:19:50.764464769Z: [    0.663602] ACPI: Added _OSI(Processor Aggregator Device)
[STDERR  ] 2017-09-29T23:19:50.764473845Z: [    0.728903] ACPI: Interpreter enabled
[STDERR  ] 2017-09-29T23:19:50.764482595Z: [    0.730346] ACPI: (supports S0 S5)
[STDERR  ] 2017-09-29T23:19:50.764491292Z: [    0.730762] ACPI: Using IOAPIC for interrupt routing
[STDERR  ] 2017-09-29T23:19:50.764505545Z: [    0.733359] PCI: Using host bridge windows from ACPI; if necessary, use "pci=nocrs" and report a bug
[STDERR  ] 2017-09-29T23:19:50.764520452Z: [    0.799854] ACPI: PCI Root Bridge [PCI0] (domain 0000 [bus 00-ff])
[STDERR  ] 2017-09-29T23:19:50.764529872Z: [    0.801141] acpi PNP0A08:00: _OSC: OS supports [ExtendedConfig ASPM ClockPM Segments MSI]
[STDERR  ] 2017-09-29T23:19:50.764547327Z: [    0.806748] acpi PNP0A08:00: _OSC: OS now controls [PCIeHotplug PME PCIeCapability]
[STDERR  ] 2017-09-29T23:19:50.764556332Z: [    0.810455] PCI host bridge to bus 0000:00
[STDERR  ] 2017-09-29T23:19:50.764565199Z: [    0.811094] pci_bus 0000:00: root bus resource [io  0x0000-0x0cf7 window]
[STDERR  ] 2017-09-29T23:19:50.76458392Z: [    0.811613] pci_bus 0000:00: root bus resource [io  0x0d00-0xffff window]
[STDERR  ] 2017-09-29T23:19:50.764593357Z: [    0.812122] pci_bus 0000:00: root bus resource [mem 0x000a0000-0x000bffff window]
[STDERR  ] 2017-09-29T23:19:50.764602067Z: [    0.812637] pci_bus 0000:00: root bus resource [mem 0xc0000000-0xfebfffff window]
[STDERR  ] 2017-09-29T23:19:50.764611075Z: [    0.813350] pci_bus 0000:00: root bus resource [bus 00-ff]
[STDERR  ] 2017-09-29T23:19:50.764624552Z: [    0.923339] pci 0000:00:1f.0: quirk: [io  0x0600-0x067f] claimed by ICH6 ACPI/GPIO/TCO
[STDERR  ] 2017-09-29T23:19:50.764633805Z: [    0.983708] ACPI: PCI Interrupt Link [LNKA] (IRQs 5 *10 11)
[STDERR  ] 2017-09-29T23:19:50.764642582Z: [    0.986386] ACPI: PCI Interrupt Link [LNKB] (IRQs 5 *10 11)
[STDERR  ] 2017-09-29T23:19:50.764655614Z: [    0.988762] ACPI: PCI Interrupt Link [LNKC] (IRQs 5 10 *11)
[STDERR  ] 2017-09-29T23:19:50.764664922Z: [    0.991625] ACPI: PCI Interrupt Link [LNKD] (IRQs 5 10 *11)
[STDERR  ] 2017-09-29T23:19:50.764673829Z: [    0.993367] ACPI: PCI Interrupt Link [LNKE] (IRQs 5 *10 11)
[STDERR  ] 2017-09-29T23:19:50.764686774Z: [    0.995136] ACPI: PCI Interrupt Link [LNKF] (IRQs 5 *10 11)
[STDERR  ] 2017-09-29T23:19:50.764695497Z: [    0.996787] ACPI: PCI Interrupt Link [LNKG] (IRQs 5 10 *11)
[STDERR  ] 2017-09-29T23:19:50.764704222Z: [    0.998415] ACPI: PCI Interrupt Link [LNKH] (IRQs 5 10 *11)
[STDERR  ] 2017-09-29T23:19:50.764713094Z: [    0.999378] ACPI: PCI Interrupt Link [GSIA] (IRQs *16)
[STDERR  ] 2017-09-29T23:19:50.764721802Z: [    1.000496] ACPI: PCI Interrupt Link [GSIB] (IRQs *17)
[STDERR  ] 2017-09-29T23:19:50.764730642Z: [    1.001217] ACPI: PCI Interrupt Link [GSIC] (IRQs *18)
[STDERR  ] 2017-09-29T23:19:50.764739364Z: [    1.001904] ACPI: PCI Interrupt Link [GSID] (IRQs *19)
[STDERR  ] 2017-09-29T23:19:50.764753817Z: [    1.002632] ACPI: PCI Interrupt Link [GSIE] (IRQs *20)
[STDERR  ] 2017-09-29T23:19:50.764762774Z: [    1.003477] ACPI: PCI Interrupt Link [GSIF] (IRQs *21)
[STDERR  ] 2017-09-29T23:19:50.76477147Z: [    1.004305] ACPI: PCI Interrupt Link [GSIG] (IRQs *22)
[STDERR  ] 2017-09-29T23:19:50.764783635Z: [    1.005126] ACPI: PCI Interrupt Link [GSIH] (IRQs *23)
[STDERR  ] 2017-09-29T23:19:50.764798255Z: [    1.010205] ACPI: Enabled 2 GPEs in block 00 to 3F
[STDERR  ] 2017-09-29T23:19:50.764820232Z: [    1.017765] SCSI subsystem initialized
[STDERR  ] 2017-09-29T23:19:50.76483006Z: [    1.021793] ACPI: bus type USB registered
[STDERR  ] 2017-09-29T23:19:50.764838862Z: [    1.023336] usbcore: registered new interface driver usbfs
[STDERR  ] 2017-09-29T23:19:50.764847609Z: [    1.024560] usbcore: registered new interface driver hub
[STDERR  ] 2017-09-29T23:19:50.76485648Z: [    1.025809] usbcore: registered new device driver usb
[STDERR  ] 2017-09-29T23:19:50.764865304Z: [    1.027327] pps_core: LinuxPPS API ver. 1 registered
[STDERR  ] 2017-09-29T23:19:50.764874037Z: [    1.027673] pps_core: Software ver. 5.3.6 - Copyright 2005-2007 Rodolfo Giometti <giometti@linux.it>
[STDERR  ] 2017-09-29T23:19:50.764882947Z: [    1.028439] PTP clock support registered
[STDERR  ] 2017-09-29T23:19:50.764891642Z: [    1.029868] wmi: Mapper loaded
[STDERR  ] 2017-09-29T23:19:50.764907192Z: [    1.031123] PCI: Using ACPI for IRQ routing
[STDERR  ] 2017-09-29T23:19:50.764916222Z: [    1.048065] NetLabel: Initializing
[STDERR  ] 2017-09-29T23:19:50.764924999Z: [    1.048358] NetLabel:  domain hash size = 128
[STDERR  ] 2017-09-29T23:19:50.764933749Z: [    1.048729] NetLabel:  protocols = UNLABELED CIPSOv4 CALIPSO
[STDERR  ] 2017-09-29T23:19:50.764942532Z: [    1.050988] NetLabel:  unlabeled traffic allowed by default
[STDERR  ] 2017-09-29T23:19:50.764951174Z: [    1.052036] HPET: 3 timers in total, 0 timers will be used for per-cpu timer
[STDERR  ] 2017-09-29T23:19:50.764961587Z: [    1.052904] hpet0: at MMIO 0xfed00000, IRQs 2, 8, 0
[STDERR  ] 2017-09-29T23:19:50.764970424Z: [    1.053354] hpet0: 3 comparators, 64-bit 100.000000 MHz counter
[STDERR  ] 2017-09-29T23:19:50.764979139Z: [    1.059689] clocksource: Switched to clocksource hpet
[STDERR  ] 2017-09-29T23:19:50.764987887Z: [    1.340653] VFS: Disk quotas dquot_6.6.0
[STDERR  ] 2017-09-29T23:19:50.764996645Z: [    1.341456] VFS: Dquot-cache hash table entries: 512 (order 0, 4096 bytes)
[STDERR  ] 2017-09-29T23:19:50.765005665Z: [    1.345082] FS-Cache: Loaded
[STDERR  ] 2017-09-29T23:19:50.765014512Z: [    1.350094] CacheFiles: Loaded
[STDERR  ] 2017-09-29T23:19:50.765023414Z: [    1.351636] pnp: PnP ACPI init
[STDERR  ] 2017-09-29T23:19:50.76504385Z: [    1.361774] pnp: PnP ACPI: found 5 devices
[STDERR  ] 2017-09-29T23:19:50.765053439Z: [    1.400307] clocksource: acpi_pm: mask: 0xffffff max_cycles: 0xffffff, max_idle_ns: 2085701024 ns
[STDERR  ] 2017-09-29T23:19:50.765062402Z: [    1.404126] NET: Registered protocol family 2
[STDERR  ] 2017-09-29T23:19:50.765082377Z: [    1.411266] TCP established hash table entries: 8192 (order: 4, 65536 bytes)
[STDERR  ] 2017-09-29T23:19:50.765091754Z: [    1.412125] TCP bind hash table entries: 8192 (order: 5, 131072 bytes)
[STDERR  ] 2017-09-29T23:19:50.765110395Z: [    1.412883] TCP: Hash tables configured (established 8192 bind 8192)
[STDERR  ] 2017-09-29T23:19:50.765119977Z: [    1.414902] UDP hash table entries: 512 (order: 2, 16384 bytes)
[STDERR  ] 2017-09-29T23:19:50.765129047Z: [    1.415655] UDP-Lite hash table entries: 512 (order: 2, 16384 bytes)
[STDERR  ] 2017-09-29T23:19:50.765138092Z: [    1.417901] NET: Registered protocol family 1
[STDERR  ] 2017-09-29T23:19:50.765146552Z: [    1.418960] pci 0000:00:01.0: Video device with shadowed ROM at [mem 0x000c0000-0x000dffff]
[STDERR  ] 2017-09-29T23:19:50.765155609Z: [    1.424665] Trying to unpack rootfs image as initramfs...
[STDERR  ] 2017-09-29T23:19:50.765164325Z: [    5.351967] Freeing initrd memory: 24628K
[STDERR  ] 2017-09-29T23:19:50.765173204Z: [    5.376085] PCLMULQDQ-NI instructions are not detected.
[STDERR  ] 2017-09-29T23:19:50.765181967Z: [    5.381008] AVX or AES-NI instructions are not detected.
[STDERR  ] 2017-09-29T23:19:50.765196785Z: [    5.381553] CPU feature 'AVX registers' is not supported.
[STDERR  ] 2017-09-29T23:19:50.765205502Z: [    5.382033] CPU feature 'AVX registers' is not supported.
[STDERR  ] 2017-09-29T23:19:50.765214294Z: [    5.382522] CPU feature 'AVX registers' is not supported.
[STDERR  ] 2017-09-29T23:19:50.765225442Z: [    5.382994] CPU feature 'AVX registers' is not supported.
[STDERR  ] 2017-09-29T23:19:50.765234355Z: [    5.383441] AVX2 or AES-NI instructions are not detected.
[STDERR  ] 2017-09-29T23:19:50.765243082Z: [    5.383912] AVX2 instructions are not detected.
[STDERR  ] 2017-09-29T23:19:50.765252Z: [    5.388396] audit: initializing netlink subsys (disabled)
[STDERR  ] 2017-09-29T23:19:50.765260792Z: [    5.392356] audit: type=2000 audit(1506727151.382:1): state=initialized audit_enabled=0 res=1
[STDERR  ] 2017-09-29T23:19:50.765269725Z: [    5.397204] workingset: timestamp_bits=46 max_order=18 bucket_order=0
[STDERR  ] 2017-09-29T23:19:50.765278467Z: [    5.405067] FS-Cache: Netfs 'cifs' registered for caching
[STDERR  ] 2017-09-29T23:19:50.765287345Z: [    5.406146] fuse init (API version 7.26)
[STDERR  ] 2017-09-29T23:19:50.765296084Z: [    5.408150] SGI XFS with ACLs, security attributes, no debug enabled
[STDERR  ] 2017-09-29T23:19:50.765307005Z: [    5.412710] 9p: Installing v9fs 9p2000 file system support
[STDERR  ] 2017-09-29T23:19:50.765315862Z: [    5.413262] FS-Cache: Netfs '9p' registered for caching
[STDERR  ] 2017-09-29T23:19:50.76532466Z: [    5.455972] NET: Registered protocol family 38
[STDERR  ] 2017-09-29T23:19:50.765333562Z: [    5.456673] Key type asymmetric registered
[STDERR  ] 2017-09-29T23:19:50.765342952Z: [    5.457136] Asymmetric key parser 'x509' registered
[STDERR  ] 2017-09-29T23:19:50.765351702Z: [    5.458086] Block layer SCSI generic (bsg) driver version 0.4 loaded (major 248)
[STDERR  ] 2017-09-29T23:19:50.765361032Z: [    5.460909] io scheduler noop registered
[STDERR  ] 2017-09-29T23:19:50.765369869Z: [    5.461277] io scheduler deadline registered (default)
[STDERR  ] 2017-09-29T23:19:50.765378655Z: [    5.462022] io scheduler cfq registered
[STDERR  ] 2017-09-29T23:19:50.765387272Z: [    5.462387] io scheduler mq-deadline registered
[STDERR  ] 2017-09-29T23:19:50.765395994Z: [    5.462727] io scheduler kyber registered
[STDERR  ] 2017-09-29T23:19:50.765404792Z: [    5.465604] shpchp: Standard Hot Plug PCI Controller Driver version: 0.4
[STDERR  ] 2017-09-29T23:19:50.765413629Z: [    5.466508] hv_vmbus: registering driver hyperv_fb
[STDERR  ] 2017-09-29T23:19:50.765427169Z: [    5.469453] input: Power Button as /devices/LNXSYSTM:00/LNXPWRBN:00/input/input0
[STDERR  ] 2017-09-29T23:19:50.765436452Z: [    5.471482] ACPI: Power Button [PWRF]
[STDERR  ] 2017-09-29T23:19:50.76544534Z: [    5.476175] GHES: HEST is not enabled!
[STDERR  ] 2017-09-29T23:19:50.765458106Z: [    5.487071] ACPI: PCI Interrupt Link [GSIG] enabled at IRQ 22
[STDERR  ] 2017-09-29T23:19:50.76546703Z: [    5.498455] ACPI: PCI Interrupt Link [GSIH] enabled at IRQ 23
[STDERR  ] 2017-09-29T23:19:50.7654758Z: [    5.502584] xenfs: not registering filesystem on non-xen platform
[STDERR  ] 2017-09-29T23:19:50.765484643Z: [    5.505140] Serial: 8250/16550 driver, 4 ports, IRQ sharing disabled
[STDERR  ] 2017-09-29T23:19:50.765493703Z: [    5.530134] 00:04: ttyS0 at I/O 0x3f8 (irq = 4, base_baud = 115200) is a 16550A
[STDERR  ] 2017-09-29T23:19:50.76550275Z: [    5.540509] Non-volatile memory driver v1.3
[STDERR  ] 2017-09-29T23:19:50.765511688Z: [    5.546314] Hangcheck: starting hangcheck timer 0.9.1 (tick is 180 seconds, margin is 60 seconds).
[STDERR  ] 2017-09-29T23:19:50.765520648Z: [    5.605876] brd: module loaded
[STDERR  ] 2017-09-29T23:19:50.765529448Z: [    5.640484] loop: module loaded
[STDERR  ] 2017-09-29T23:19:50.765538513Z: [    5.697459] lpc_ich 0000:00:1f.0: I/O space for GPIO uninitialized
[STDERR  ] 2017-09-29T23:19:50.765555691Z: [    5.700754] VMware PVSCSI driver - version 1.0.7.0-k
[STDERR  ] 2017-09-29T23:19:50.765564541Z: [    5.701542] hv_vmbus: registering driver hv_storvsc
[STDERR  ] 2017-09-29T23:19:50.76557346Z: [    5.711013] ACPI: PCI Interrupt Link [GSIA] enabled at IRQ 16
[STDERR  ] 2017-09-29T23:19:50.765587868Z: [    5.716869] ahci 0000:00:1f.2: AHCI 0001.0000 32 slots 6 ports 1.5 Gbps 0x3f impl SATA mode
[STDERR  ] 2017-09-29T23:19:50.765596748Z: [    5.717541] ahci 0000:00:1f.2: flags: 64bit ncq only 
[STDERR  ] 2017-09-29T23:19:50.765605723Z: [    5.733273] scsi host0: ahci
[STDERR  ] 2017-09-29T23:19:50.765614675Z: [    5.737849] scsi host1: ahci
[STDERR  ] 2017-09-29T23:19:50.765623216Z: [    5.740258] scsi host2: ahci
[STDERR  ] 2017-09-29T23:19:50.765631698Z: [    5.742026] scsi host3: ahci
[STDERR  ] 2017-09-29T23:19:50.765637088Z: [    5.743865] scsi host4: ahci
[STDERR  ] 2017-09-29T23:19:50.765642276Z: [    5.745705] scsi host5: ahci
[STDERR  ] 2017-09-29T23:19:50.765647531Z: [    5.747010] ata1: SATA max UDMA/133 abar m4096@0xfebd2000 port 0xfebd2100 irq 24
[STDERR  ] 2017-09-29T23:19:50.765653228Z: [    5.747562] ata2: SATA max UDMA/133 abar m4096@0xfebd2000 port 0xfebd2180 irq 24
[STDERR  ] 2017-09-29T23:19:50.76565997Z: [    5.748066] ata3: SATA max UDMA/133 abar m4096@0xfebd2000 port 0xfebd2200 irq 24
[STDERR  ] 2017-09-29T23:19:50.765665641Z: [    5.748540] ata4: SATA max UDMA/133 abar m4096@0xfebd2000 port 0xfebd2280 irq 24
[STDERR  ] 2017-09-29T23:19:50.765670825Z: [    5.749029] ata5: SATA max UDMA/133 abar m4096@0xfebd2000 port 0xfebd2300 irq 24
[STDERR  ] 2017-09-29T23:19:50.765676055Z: [    5.749539] ata6: SATA max UDMA/133 abar m4096@0xfebd2000 port 0xfebd2380 irq 24
[STDERR  ] 2017-09-29T23:19:50.765681333Z: [    5.761639] tun: Universal TUN/TAP device driver, 1.6
[STDERR  ] 2017-09-29T23:19:50.765686663Z: [    5.771862] VMware vmxnet3 virtual NIC driver - version 1.4.a.0-k-NAPI
[STDERR  ] 2017-09-29T23:19:50.765692016Z: [    5.772790] hv_vmbus: registering driver hv_netvsc
[STDERR  ] 2017-09-29T23:19:50.765697346Z: [    5.773159] Fusion MPT base driver 3.04.20
[STDERR  ] 2017-09-29T23:19:50.765702573Z: [    5.773482] Copyright (c) 1999-2008 LSI Corporation
[STDERR  ] 2017-09-29T23:19:50.765707763Z: [    5.774165] Fusion MPT SPI Host driver 3.04.20
[STDERR  ] 2017-09-29T23:19:50.765712916Z: [    5.776004] i8042: PNP: PS/2 Controller [PNP0303:KBD,PNP0f13:MOU] at 0x60,0x64 irq 1,12
[STDERR  ] 2017-09-29T23:19:50.765718298Z: [    5.780243] serio: i8042 KBD port at 0x60,0x64 irq 1
[STDERR  ] 2017-09-29T23:19:50.765723538Z: [    5.780949] serio: i8042 AUX port at 0x60,0x64 irq 12
[STDERR  ] 2017-09-29T23:19:50.765728726Z: [    5.783317] hv_vmbus: registering driver hyperv_keyboard
[STDERR  ] 2017-09-29T23:19:50.765737721Z: [    5.785201] mousedev: PS/2 mouse device common for all mice
[STDERR  ] 2017-09-29T23:19:50.765743271Z: [    5.789309] input: AT Translated Set 2 keyboard as /devices/platform/i8042/serio0/input/input1
[STDERR  ] 2017-09-29T23:19:50.765751811Z: [    5.791222] input: PC Speaker as /devices/platform/pcspkr/input/input2
[STDERR  ] 2017-09-29T23:19:50.765757281Z: [    5.795294] rtc_cmos 00:00: RTC can wake from S4
[STDERR  ] 2017-09-29T23:19:50.7657643Z: [    5.798064] rtc_cmos 00:00: rtc core: registered rtc_cmos as rtc0
[STDERR  ] 2017-09-29T23:19:50.765769973Z: [    5.799365] rtc_cmos 00:00: alarms up to one day, y3k, 114 bytes nvram, hpet irqs
[STDERR  ] 2017-09-29T23:19:50.765775361Z: [    5.800498] i2c /dev entries driver
[STDERR  ] 2017-09-29T23:19:50.765780598Z: [    5.802268] device-mapper: ioctl: 4.35.0-ioctl (2016-06-23) initialised: dm-devel@redhat.com
[STDERR  ] 2017-09-29T23:19:50.765785903Z: [    5.806165] usbcore: registered new interface driver usbhid
[STDERR  ] 2017-09-29T23:19:50.765791236Z: [    5.806550] usbhid: USB HID core driver
[STDERR  ] 2017-09-29T23:19:50.765801975Z: [    5.807309] hv_utils: Registering HyperV Utility Driver
[STDERR  ] 2017-09-29T23:19:50.765807185Z: [    5.807679] hv_vmbus: registering driver hv_util
[STDERR  ] 2017-09-29T23:19:50.765812335Z: [    5.808047] hv_vmbus: registering driver hv_balloon
[STDERR  ] 2017-09-29T23:19:50.765817518Z: [    5.808590] oprofile: using NMI interrupt.
[STDERR  ] 2017-09-29T23:19:50.765822683Z: [    5.810156] GACT probability on
[STDERR  ] 2017-09-29T23:19:50.765827943Z: [    5.810678] Mirror/redirect action on
[STDERR  ] 2017-09-29T23:19:50.765833083Z: [    5.811508] Simple TC action Loaded
[STDERR  ] 2017-09-29T23:19:50.765838273Z: [    5.812247] u32 classifier
[STDERR  ] 2017-09-29T23:19:50.765849655Z: [    5.812451]     Performance counters on
[STDERR  ] 2017-09-29T23:19:50.765855041Z: [    5.812766]     input device check on
[STDERR  ] 2017-09-29T23:19:50.765860341Z: [    5.813072]     Actions configured
[STDERR  ] 2017-09-29T23:19:50.765865525Z: [    5.813687] Netfilter messages via NETLINK v0.30.
[STDERR  ] 2017-09-29T23:19:50.765870688Z: [    5.814311] nfnl_acct: registering with nfnetlink.
[STDERR  ] 2017-09-29T23:19:50.765875913Z: [    5.815775] nf_conntrack version 0.5.0 (8192 buckets, 32768 max)
[STDERR  ] 2017-09-29T23:19:50.765885458Z: [    5.817989] ctnetlink v0.93: registering with nfnetlink.
[STDERR  ] 2017-09-29T23:19:50.765890755Z: [    5.821385] nf_tables: (c) 2007-2009 Patrick McHardy <kaber@trash.net>
[STDERR  ] 2017-09-29T23:19:50.76589836Z: [    5.822299] nf_tables_compat: (c) 2012 Pablo Neira Ayuso <pablo@netfilter.org>
[STDERR  ] 2017-09-29T23:19:50.765903803Z: [    5.824947] xt_time: kernel timezone is -0000
[STDERR  ] 2017-09-29T23:19:50.765909128Z: [    5.825555] ip_set: protocol 6
[STDERR  ] 2017-09-29T23:19:50.76591428Z: [    5.826382] IPVS: Registered protocols (TCP, UDP, SCTP, AH, ESP)
[STDERR  ] 2017-09-29T23:19:50.765919541Z: [    5.827143] IPVS: Connection hash table configured (size=4096, memory=64Kbytes)
[STDERR  ] 2017-09-29T23:19:50.765929533Z: [    5.831541] IPVS: ipvs loaded.
[STDERR  ] 2017-09-29T23:19:50.76593495Z: [    5.831968] IPVS: [rr] scheduler registered.
[STDERR  ] 2017-09-29T23:19:50.765940275Z: [    5.832359] IPVS: [wrr] scheduler registered.
[STDERR  ] 2017-09-29T23:19:50.765945501Z: [    5.832694] IPVS: [lc] scheduler registered.
[STDERR  ] 2017-09-29T23:19:50.765952436Z: [    5.833036] IPVS: [wlc] scheduler registered.
[STDERR  ] 2017-09-29T23:19:50.765957708Z: [    5.833397] IPVS: [fo] scheduler registered.
[STDERR  ] 2017-09-29T23:19:50.765963035Z: [    5.833722] IPVS: [ovf] scheduler registered.
[STDERR  ] 2017-09-29T23:19:50.765968288Z: [    5.834232] IPVS: [lblc] scheduler registered.
[STDERR  ] 2017-09-29T23:19:50.765973403Z: [    5.834720] IPVS: [lblcr] scheduler registered.
[STDERR  ] 2017-09-29T23:19:50.7659786Z: [    5.835103] IPVS: [dh] scheduler registered.
[STDERR  ] 2017-09-29T23:19:50.765986845Z: [    5.835482] IPVS: [sh] scheduler registered.
[STDERR  ] 2017-09-29T23:19:50.765992205Z: [    5.835811] IPVS: [sed] scheduler registered.
[STDERR  ] 2017-09-29T23:19:50.766001653Z: [    5.836148] IPVS: [nq] scheduler registered.
[STDERR  ] 2017-09-29T23:19:50.766006973Z: [    5.836982] IPVS: ftp: loaded support on port[0] = 21
[STDERR  ] 2017-09-29T23:19:50.766015673Z: [    5.837850] ipip: IPv4 and MPLS over IPv4 tunneling driver
[STDERR  ] 2017-09-29T23:19:50.766030123Z: [    5.841737] gre: GRE over IPv4 demultiplexor driver
[STDERR  ] 2017-09-29T23:19:50.766035281Z: [    5.844879] ip_tables: (C) 2000-2006 Netfilter Core Team
[STDERR  ] 2017-09-29T23:19:50.766040451Z: [    5.848033] ipt_CLUSTERIP: ClusterIP Version 0.8 loaded successfully
[STDERR  ] 2017-09-29T23:19:50.766045783Z: [    5.848696] arp_tables: arp_tables: (C) 2002 David S. Miller
[STDERR  ] 2017-09-29T23:19:50.766050988Z: [    5.851626] NET: Registered protocol family 10
[STDERR  ] 2017-09-29T23:19:50.7660563Z: [    5.860277] Segment Routing with IPv6
[STDERR  ] 2017-09-29T23:19:50.766061526Z: [    5.861307] ip6_tables: (C) 2000-2006 Netfilter Core Team
[STDERR  ] 2017-09-29T23:19:50.76606673Z: [    5.868839] NET: Registered protocol family 17
[STDERR  ] 2017-09-29T23:19:50.766071993Z: [    5.870451] Bridge firewalling registered
[STDERR  ] 2017-09-29T23:19:50.76607713Z: [    5.871102] Ebtables v2.0 registered
[STDERR  ] 2017-09-29T23:19:50.766082426Z: [    5.873051] 8021q: 802.1Q VLAN Support v1.8
[STDERR  ] 2017-09-29T23:19:50.766087631Z: [    5.874430] 9pnet: Installing 9P2000 support
[STDERR  ] 2017-09-29T23:19:50.766092846Z: [    5.875943] Key type dns_resolver registered
[STDERR  ] 2017-09-29T23:19:50.766102075Z: [    5.879498] registered taskstats version 1
[STDERR  ] 2017-09-29T23:19:50.766107268Z: [    6.083044] ata2: SATA link down (SStatus 0 SControl 300)
[STDERR  ] 2017-09-29T23:19:50.766112443Z: [    6.085922] ata1: SATA link down (SStatus 0 SControl 300)
[STDERR  ] 2017-09-29T23:19:50.76611772Z: [    6.093129] ata6: SATA link down (SStatus 0 SControl 300)
[STDERR  ] 2017-09-29T23:19:50.766122973Z: [    6.093742] ata5: SATA link down (SStatus 0 SControl 300)
[STDERR  ] 2017-09-29T23:19:50.76612813Z: [    6.094302] ata4: SATA link down (SStatus 0 SControl 300)
[STDERR  ] 2017-09-29T23:19:50.766133323Z: [    6.095131] ata3: SATA link up 1.5 Gbps (SStatus 113 SControl 300)
[STDERR  ] 2017-09-29T23:19:50.766138588Z: [    6.098576] ata3.00: ATAPI: QEMU DVD-ROM, 2.5+, max UDMA/100
[STDERR  ] 2017-09-29T23:19:50.766143851Z: [    6.099148] ata3.00: applying bridge limits
[STDERR  ] 2017-09-29T23:19:50.766149153Z: [    6.110627] ata3.00: configured for UDMA/100
[STDERR  ] 2017-09-29T23:19:50.766154456Z: [    6.122652] Key type big_key registered
[STDERR  ] 2017-09-29T23:19:50.7661596Z: [    6.131501] scsi 2:0:0:0: CD-ROM            QEMU     QEMU DVD-ROM     2.5+ PQ: 0 ANSI: 5
[STDERR  ] 2017-09-29T23:19:50.766165098Z: [    6.152730] sr 2:0:0:0: [sr0] scsi3-mmc drive: 4x/4x cd/rw xa/form2 tray
[STDERR  ] 2017-09-29T23:19:50.766170415Z: [    6.153479] cdrom: Uniform CD-ROM driver Revision: 3.20
[STDERR  ] 2017-09-29T23:19:50.766175561Z: [    6.163548] sr 2:0:0:0: Attached scsi generic sg0 type 5
[STDERR  ] 2017-09-29T23:19:50.766180641Z: [    6.200984] Key type encrypted registered
[STDERR  ] 2017-09-29T23:19:50.766190303Z: [    6.206834] rtc_cmos 00:00: setting system clock to 2017-09-29 23:19:13 UTC (1506727153)
[STDERR  ] 2017-09-29T23:19:50.766195773Z: [    6.364087] Freeing unused kernel memory: 1452K
[STDERR  ] 2017-09-29T23:19:50.766202275Z: [    6.364531] Write protecting the kernel read-only data: 14336k
[STDERR  ] 2017-09-29T23:19:50.766207671Z: [    6.383151] Freeing unused kernel memory: 1764K
[STDERR  ] 2017-09-29T23:19:50.766212973Z: [    6.539556] Freeing unused kernel memory: 1292K
[STDERR  ] 2017-09-29T23:19:50.766218228Z: [    6.540711] tsc: Refined TSC clocksource calibration: 2599.999 MHz
[STDERR  ] 2017-09-29T23:19:50.766224636Z: [    6.541287] clocksource: tsc: mask: 0xffffffffffffffff max_cycles: 0x257a3b2ad7e, max_idle_ns: 440795282337 ns
[STDERR  ] 2017-09-29T23:19:50.766233883Z: [    7.553082] clocksource: Switched to clocksource tsc
[STDERR  ] 2017-09-29T23:19:50.766239388Z: 
[STDERR  ] 2017-09-29T23:19:50.766244766Z: Welcome to LinuxKit
[STDERR  ] 2017-09-29T23:19:50.766249963Z: 
[STDERR  ] 2017-09-29T23:19:50.766258298Z:                         ##         .
[STDERR  ] 2017-09-29T23:19:50.766263723Z:                   ## ## ##        ==
[STDERR  ] 2017-09-29T23:19:50.76626902Z:                ## ## ## ## ##    ===
[STDERR  ] 2017-09-29T23:19:50.766274305Z:            /"""""""""""""""""\___/ ===
[STDERR  ] 2017-09-29T23:19:50.766279525Z:           {                       /  ===-
[STDERR  ] 2017-09-29T23:19:50.766284723Z:            \______ O           __/
[STDERR  ] 2017-09-29T23:19:50.766289875Z:              \    \         __/
[STDERR  ] 2017-09-29T23:19:50.766295106Z:               \____\_______/
[STDERR  ] 2017-09-29T23:19:50.766300253Z: 
[STDERR  ] 2017-09-29T23:19:50.766305476Z: starting kernel config sanity test with /proc/config.gz
[STDERR  ] 2017-09-29T23:19:50.766310656Z: [   22.263395] RPC: Registered named UNIX socket transport module.
[STDERR  ] 2017-09-29T23:19:50.766315913Z: [   22.263926] RPC: Registered udp transport module.
[STDERR  ] 2017-09-29T23:19:50.766321098Z: [   22.264330] RPC: Registered tcp transport module.
[STDERR  ] 2017-09-29T23:19:50.766330588Z: [   22.264688] RPC: Registered tcp NFSv4.1 backchannel transport module.
[STDERR  ] 2017-09-29T23:19:50.766336355Z: [   22.369614] FS-Cache: Netfs 'nfs' registered for caching
[STDERR  ] 2017-09-29T23:19:50.766341603Z: [   22.476085] Installing knfsd (copyright (C) 1996 okir@monad.swb.de).
[STDERR  ] 2017-09-29T23:19:50.766346965Z: [   22.532270] ntfs: driver 2.1.32 [Flags: R/O MODULE].
[STDERR  ] 2017-09-29T23:19:50.76635676Z: kernel config test succeeded!
[STDERR  ] 2017-09-29T23:19:50.766362093Z: [37minfo: reading kernel config from /proc/config.gz ...[m
[STDERR  ] 2017-09-29T23:19:50.766367266Z: 
[STDERR  ] 2017-09-29T23:19:50.766372631Z: Generally Necessary:
[STDERR  ] 2017-09-29T23:19:50.766377955Z: - [37mcgroup hierarchy[m: [32mproperly mounted[m [/sys/fs/cgroup]
[STDERR  ] 2017-09-29T23:19:50.766383116Z: - [37mCONFIG_NAMESPACES[m: [32menabled[m
[STDERR  ] 2017-09-29T23:19:50.766388338Z: - [37mCONFIG_NET_NS[m: [32menabled[m
[STDERR  ] 2017-09-29T23:19:50.766393603Z: - [37mCONFIG_PID_NS[m: [32menabled[m
[STDERR  ] 2017-09-29T23:19:50.766399008Z: - [37mCONFIG_IPC_NS[m: [32menabled[m
[STDERR  ] 2017-09-29T23:19:50.766404203Z: - [37mCONFIG_UTS_NS[m: [32menabled[m
[STDERR  ] 2017-09-29T23:19:50.766409355Z: - [37mCONFIG_CGROUPS[m: [32menabled[m
[STDERR  ] 2017-09-29T23:19:50.766414513Z: - [37mCONFIG_CGROUP_CPUACCT[m: [32menabled[m
[STDERR  ] 2017-09-29T23:19:50.766419683Z: - [37mCONFIG_CGROUP_DEVICE[m: [32menabled[m[   24.929560] random: fast init done
[STDERR  ] 2017-09-29T23:19:50.766425113Z: 
[STDERR  ] 2017-09-29T23:19:50.766430266Z: - [37mCONFIG_CGROUP_FREEZER[m: [32menabled[m
[STDERR  ] 2017-09-29T23:19:50.766435421Z: - [37mCONFIG_CGROUP_SCHED[m: [32menabled[m
[STDERR  ] 2017-09-29T23:19:50.766440583Z: - [37mCONFIG_CPUSETS[m: [32menabled[m
[STDERR  ] 2017-09-29T23:19:50.766445815Z: - [37mCONFIG_MEMCG[m: [32menabled[m
[STDERR  ] 2017-09-29T23:19:50.766450988Z: - [37mCONFIG_KEYS[m: [32menabled[m
[STDERR  ] 2017-09-29T23:19:50.766456143Z: - [37mCONFIG_VETH[m: [32menabled[m
[STDERR  ] 2017-09-29T23:19:50.766462195Z: - [37mCONFIG_BRIDGE[m: [32menabled[m
[STDERR  ] 2017-09-29T23:19:50.766467431Z: - [37mCONFIG_BRIDGE_NETFILTER[m: [32menabled[m
[STDERR  ] 2017-09-29T23:19:50.766472641Z: - [37mCONFIG_NF_NAT_IPV4[m: [32menabled[m
[STDERR  ] 2017-09-29T23:19:50.766482081Z: - [37mCONFIG_IP_NF_FILTER[m: [32menabled[m
[STDERR  ] 2017-09-29T23:19:50.76648736Z: - [37mCONFIG_IP_NF_TARGET_MASQUERADE[m: [32menabled[m
[STDERR  ] 2017-09-29T23:19:50.766492573Z: - [37mCONFIG_NETFILTER_XT_MATCH_ADDRTYPE[m: [32menabled[m
[STDERR  ] 2017-09-29T23:19:50.766497775Z: - [37mCONFIG_NETFILTER_XT_MATCH_CONNTRACK[m: [32menabled[m
[STDERR  ] 2017-09-29T23:19:50.766505973Z: - [37mCONFIG_NETFILTER_XT_MATCH_IPVS[m: [32menabled[m
[STDERR  ] 2017-09-29T23:19:50.766511453Z: - [37mCONFIG_IP_NF_NAT[m: [32menabled[m
[STDERR  ] 2017-09-29T23:19:50.76651658Z: - [37mCONFIG_NF_NAT[m: [32menabled[m
[STDERR  ] 2017-09-29T23:19:50.766525013Z: - [37mCONFIG_NF_NAT_NEEDED[m: [32menabled[m
[STDERR  ] 2017-09-29T23:19:50.766530316Z: - [37mCONFIG_POSIX_MQUEUE[m: [32menabled[m
[STDERR  ] 2017-09-29T23:19:50.766539636Z: 
[STDERR  ] 2017-09-29T23:19:50.766544976Z: Optional Features:
[STDERR  ] 2017-09-29T23:19:50.766550216Z: - [37mCONFIG_USER_NS[m: [32menabled[m
[STDERR  ] 2017-09-29T23:19:50.766555393Z: - [37mCONFIG_SECCOMP[m: [32menabled[m
[STDERR  ] 2017-09-29T23:19:50.766560671Z: - [37mCONFIG_CGROUP_PIDS[m: [32menabled[m
[STDERR  ] 2017-09-29T23:19:50.766565888Z: - [37mCONFIG_MEMCG_SWAP[m: [32menabled[m
[STDERR  ] 2017-09-29T23:19:50.766571038Z: - [37mCONFIG_MEMCG_SWAP_ENABLED[m: [32menabled[m
[STDERR  ] 2017-09-29T23:19:50.766576228Z:     [1;30m(cgroup swap accounting is currently enabled)[m
[STDERR  ] 2017-09-29T23:19:50.766581513Z: - [1mCONFIG_LEGACY_VSYSCALL_NONE[m: [1;31menabled[m
[STDERR  ] 2017-09-29T23:19:50.766586778Z:     [1;30m(containers using eglibc <= 2.13 will not work. Switch to[m
[STDERR  ] 2017-09-29T23:19:50.766592383Z:     [1;30m "CONFIG_VSYSCALL_[NATIVE|EMULATE]" or use "vsyscall=[native|emulate]"[m
[STDERR  ] 2017-09-29T23:19:50.76659789Z:     [1;30m on kernel command line. Note that this will disable ASLR for the,[m
[STDERR  ] 2017-09-29T23:19:50.766605741Z:     [1;30m VDSO which may assist in exploiting security vulnerabilities.)[m
[STDERR  ] 2017-09-29T23:19:50.766611288Z: - [37mCONFIG_BLK_CGROUP[m: [32menabled[m
[STDERR  ] 2017-09-29T23:19:50.766616485Z: - [37mCONFIG_BLK_DEV_THROTTLING[m: [32menabled[m
[STDERR  ] 2017-09-29T23:19:50.76662178Z: - [37mCONFIG_IOSCHED_CFQ[m: [32menabled[m
[STDERR  ] 2017-09-29T23:19:50.766626993Z: - [37mCONFIG_CFQ_GROUP_IOSCHED[m: [32menabled[m
[STDERR  ] 2017-09-29T23:19:50.766632303Z: - [37mCONFIG_CGROUP_PERF[m: [32menabled[m
[STDERR  ] 2017-09-29T23:19:50.7666376Z: - [37mCONFIG_CGROUP_HUGETLB[m: [32menabled[m
[STDERR  ] 2017-09-29T23:19:50.7666429Z: - [37mCONFIG_NET_CLS_CGROUP[m: [32menabled[m
[STDERR  ] 2017-09-29T23:19:50.766648123Z: - [37mCONFIG_CGROUP_NET_PRIO[m: [32menabled[m
[STDERR  ] 2017-09-29T23:19:50.766657405Z: - [37mCONFIG_CFS_BANDWIDTH[m: [32menabled[m
[STDERR  ] 2017-09-29T23:19:50.766662651Z: - [37mCONFIG_FAIR_GROUP_SCHED[m: [32menabled[m
[STDERR  ] 2017-09-29T23:19:50.766667933Z: - [37mCONFIG_RT_GROUP_SCHED[m: [32menabled[m
[STDERR  ] 2017-09-29T23:19:50.766673265Z: - [37mCONFIG_IP_VS[m: [32menabled[m
[STDERR  ] 2017-09-29T23:19:50.766678488Z: - [37mCONFIG_IP_VS_NFCT[m: [32menabled[m
[STDERR  ] 2017-09-29T23:19:50.76668381Z: - [37mCONFIG_IP_VS_RR[m: [32menabled[m
[STDERR  ] 2017-09-29T23:19:50.76669034Z: - [37mCONFIG_EXT4_FS[m: [32menabled[m
[STDERR  ] 2017-09-29T23:19:50.766695663Z: - [37mCONFIG_EXT4_FS_POSIX_ACL[m: [32menabled[m
[STDERR  ] 2017-09-29T23:19:50.766705603Z: - [37mCONFIG_EXT4_FS_SECURITY[m: [32menabled[m
[STDERR  ] 2017-09-29T23:19:50.766710965Z: - Network Drivers:
[STDERR  ] 2017-09-29T23:19:50.766716173Z:   - "[34moverlay[m":
[STDERR  ] 2017-09-29T23:19:50.766721518Z:     - [37mCONFIG_VXLAN[m: [32menabled[m
[STDERR  ] 2017-09-29T23:19:50.766726795Z:       Optional (for encrypted networks):
[STDERR  ] 2017-09-29T23:19:50.766732035Z:       - [37mCONFIG_CRYPTO[m: [32menabled[m
[STDERR  ] 2017-09-29T23:19:50.766737221Z:       - [37mCONFIG_CRYPTO_AEAD[m: [32menabled[m
[STDERR  ] 2017-09-29T23:19:50.76674241Z:       - [37mCONFIG_CRYPTO_GCM[m: [32menabled[m
[STDERR  ] 2017-09-29T23:19:50.766747588Z:       - [37mCONFIG_CRYPTO_SEQIV[m: [32menabled[m
[STDERR  ] 2017-09-29T23:19:50.766752785Z:       - [37mCONFIG_CRYPTO_GHASH[m: [32menabled[m
[STDERR  ] 2017-09-29T23:19:50.766758073Z:       - [37mCONFIG_XFRM[m: [32menabled[m
[STDERR  ] 2017-09-29T23:19:50.766766816Z:       - [37mCONFIG_XFRM_USER[m: [32menabled (as module)[m
[STDERR  ] 2017-09-29T23:19:50.766772146Z:       - [37mCONFIG_XFRM_ALGO[m: [32menabled (as module)[m
[STDERR  ] 2017-09-29T23:19:50.766781906Z:       - [37mCONFIG_INET_ESP[m: [32menabled (as module)[m
[STDERR  ] 2017-09-29T23:19:50.766790348Z:       - [37mCONFIG_INET_XFRM_MODE_TRANSPORT[m: [32menabled (as module)[m
[STDERR  ] 2017-09-29T23:19:50.766796446Z:   - "[34mipvlan[m":
[STDERR  ] 2017-09-29T23:19:50.76680177Z:     - [37mCONFIG_IPVLAN[m: [32menabled[m
[STDERR  ] 2017-09-29T23:19:50.766806958Z:   - "[34mmacvlan[m":
[STDERR  ] 2017-09-29T23:19:50.766812311Z:     - [37mCONFIG_MACVLAN[m: [32menabled[m
[STDERR  ] 2017-09-29T23:19:50.766817535Z:     - [37mCONFIG_DUMMY[m: [32menabled (as module)[m
[STDERR  ] 2017-09-29T23:19:50.766822795Z:   - "[34mftp,tftp client in container[m":
[STDERR  ] 2017-09-29T23:19:50.766828081Z:     - [37mCONFIG_NF_NAT_FTP[m: [32menabled[m
[STDERR  ] 2017-09-29T23:19:50.76683334Z:     - [37mCONFIG_NF_CONNTRACK_FTP[m: [32menabled[m
[STDERR  ] 2017-09-29T23:19:50.766838521Z:     - [37mCONFIG_NF_NAT_TFTP[m: [32menabled[m
[STDERR  ] 2017-09-29T23:19:50.766843675Z:     - [37mCONFIG_NF_CONNTRACK_TFTP[m: [32menabled[m
[STDERR  ] 2017-09-29T23:19:50.766848786Z: - Storage Drivers:
[STDERR  ] 2017-09-29T23:19:50.766854044Z:   - "[34maufs[m":
[STDERR  ] 2017-09-29T23:19:50.766859282Z:     - [1mCONFIG_AUFS_FS[m: [1;31mmissing[m
[STDERR  ] 2017-09-29T23:19:50.766864452Z:   - "[34mbtrfs[m":
[STDERR  ] 2017-09-29T23:19:50.766873991Z:     - [37mCONFIG_BTRFS_FS[m: [32menabled (as module)[m
[STDERR  ] 2017-09-29T23:19:50.766879284Z:     - [37mCONFIG_BTRFS_FS_POSIX_ACL[m: [32menabled[m
[STDERR  ] 2017-09-29T23:19:50.766884451Z:   - "[34mdevicemapper[m":
[STDERR  ] 2017-09-29T23:19:50.766889671Z:     - [37mCONFIG_BLK_DEV_DM[m: [32menabled[m
[STDERR  ] 2017-09-29T23:19:50.766894896Z:     - [37mCONFIG_DM_THIN_PROVISIONING[m: [32menabled[m
[STDERR  ] 2017-09-29T23:19:50.766900121Z:   - "[34moverlay[m":
[STDERR  ] 2017-09-29T23:19:50.766905246Z:     - [37mCONFIG_OVERLAY_FS[m: [32menabled[m
[STDERR  ] 2017-09-29T23:19:50.766910402Z:   - "[34mzfs[m":
[STDERR  ] 2017-09-29T23:19:50.766915686Z:     - [1m/dev/zfs[m: [1;31mmissing[m
[STDERR  ] 2017-09-29T23:19:50.766921091Z:     - [1mzfs command[m: [1;31mmissing[m
[STDERR  ] 2017-09-29T23:19:50.766926377Z:     - [1mzpool command[m: [1;31mmissing[m
[STDERR  ] 2017-09-29T23:19:50.766931484Z: 
[STDERR  ] 2017-09-29T23:19:50.766936934Z: Limits:
[STDERR  ] 2017-09-29T23:19:50.766942189Z: [37m- /proc/sys/kernel/keys/root_maxkeys[m: [32m1000000[m
[STDERR  ] 2017-09-29T23:19:50.766947334Z: 
[STDERR  ] 2017-09-29T23:19:50.766952814Z: Kernel config test suite PASSED
[STDERR  ] 2017-09-29T23:19:50.766958036Z: [   42.582174] ACPI: Preparing to enter system sleep state S5
[STDERR  ] 2017-09-29T23:19:50.766967662Z: [   42.588358] reboot: Power down
[STDERR  ] 2017-09-29T23:19:50.767047492Z: + exit 0
[STDERR  ] 2017-09-29T23:19:50.767068874Z: + clean_up
[STDERR  ] 2017-09-29T23:19:50.767124906Z: + rm -rf kconfig-cmdline kconfig-initrd.img kconfig-kernel kconfig-state
[PASS    ] linuxkit.kernel.config_4.12.x 56.97s
