[INFO    ] 2018-02-02T11:29:13.666227524Z: Running Test linuxkit.kernel.kmod_4.14.x in /tmp/build/test/cases/020_kernel/016_kmod_4.14.x
[INFO    ] 2018-02-02T11:29:13.666337093Z: Running command: [/bin/sh -x /tmp/build/test/cases/020_kernel/016_kmod_4.14.x/test.sh]
[STDERR  ] 2018-02-02T11:29:13.66722277Z: + set -e
[STDERR  ] 2018-02-02T11:29:13.667277469Z: + . /tmp/build/test/cases/_lib/lib.sh
[STDERR  ] 2018-02-02T11:29:13.667297461Z: + [ -f src/github.com/linuxkit/rtf/lib/lib.sh ]
[STDERR  ] 2018-02-02T11:29:13.667382607Z: + LINUXKIT_TMPDIR=/tmp/build/test/cases/_tmp
[STDERR  ] 2018-02-02T11:29:13.66739314Z: + [ -f /tmp/build/test/cases/_tmp/env.sh ]
[STDERR  ] 2018-02-02T11:29:13.667402561Z: + . /tmp/build/test/cases/_tmp/env.sh
[STDERR  ] 2018-02-02T11:29:13.667413603Z: + export LINUXKIT_EXAMPLES_DIR=/tmp/build/test/cases/../../examples
[STDERR  ] 2018-02-02T11:29:13.667423561Z: + RT_CANCEL=253
[STDERR  ] 2018-02-02T11:29:13.667433098Z: + NAME=kmod
[STDERR  ] 2018-02-02T11:29:13.667442152Z: + IMAGE_NAME=kmod-test
[STDERR  ] 2018-02-02T11:29:13.667452643Z: + trap clean_up EXIT
[STDERR  ] 2018-02-02T11:29:13.667461372Z: + docker pull linuxkit/kernel:4.9.79
[STDOUT  ] 2018-02-02T11:29:14.797967371Z: 4.9.79: Pulling from linuxkit/kernel
[STDOUT  ] 2018-02-02T11:29:15.316987595Z: Digest: sha256:f838864f9a3cb5251eb5ca64c4a7c00bf255117e2d8534f8d56fa53959eef73d
[STDOUT  ] 2018-02-02T11:29:15.317048435Z: Status: Image is up to date for linuxkit/kernel:4.9.79
[STDERR  ] 2018-02-02T11:29:15.318356461Z: + docker build -t kmod-test .
[STDOUT  ] 2018-02-02T11:29:15.40778654Z: Sending build context to Docker daemon  8.704kB
[STDOUT  ] 2018-02-02T11:29:15.511082034Z: Step 1/12 : FROM linuxkit/kernel:4.14.16 AS ksrc
[STDOUT  ] 2018-02-02T11:29:16.581533363Z: 4.14.16: Pulling from linuxkit/kernel
[STDOUT  ] 2018-02-02T11:29:17.044946338Z: Digest: sha256:9da7b46fb695df5e200f9c099c67bb6fddba44add3915494686f5d388cd3f2cf
[STDOUT  ] 2018-02-02T11:29:17.04991922Z: Status: Downloaded newer image for linuxkit/kernel:4.14.16
[STDOUT  ] 2018-02-02T11:29:17.050543921Z:  ---> bf644a4899ba
[STDOUT  ] 2018-02-02T11:29:17.050573495Z: Step 2/12 : FROM linuxkit/alpine:d307c8a386fa3f32cddda9409b9687e191cdd6f1 AS build
[STDOUT  ] 2018-02-02T11:29:17.050925338Z:  ---> 4d01d9a77113
[STDOUT  ] 2018-02-02T11:29:17.050946381Z: Step 3/12 : RUN apk add build-base libelf-dev
[STDOUT  ] 2018-02-02T11:29:17.0511669Z:  ---> Using cache
[STDOUT  ] 2018-02-02T11:29:17.051183493Z:  ---> f3d1e07562f7
[STDOUT  ] 2018-02-02T11:29:17.051221889Z: Step 4/12 : COPY --from=ksrc /kernel-dev.tar /
[STDOUT  ] 2018-02-02T11:29:18.640733919Z:  ---> b2a39f153dab
[STDOUT  ] 2018-02-02T11:29:18.663661303Z: Removing intermediate container 94fa6ec36414
[STDOUT  ] 2018-02-02T11:29:18.663712488Z: Step 5/12 : RUN tar xf kernel-dev.tar
[STDOUT  ] 2018-02-02T11:29:18.74235881Z:  ---> Running in 19f68d7eff7a
[STDOUT  ] 2018-02-02T11:29:24.580578699Z:  ---> 26a06ae5932e
[STDOUT  ] 2018-02-02T11:29:25.017210406Z: Removing intermediate container 19f68d7eff7a
[STDOUT  ] 2018-02-02T11:29:25.017262253Z: Step 6/12 : WORKDIR /kmod
[STDOUT  ] 2018-02-02T11:29:25.30443438Z:  ---> 784a33dc377a
[STDOUT  ] 2018-02-02T11:29:25.311336663Z: Removing intermediate container 784b29290bcd
[STDOUT  ] 2018-02-02T11:29:25.311382513Z: Step 7/12 : COPY ./src/* ./
[STDOUT  ] 2018-02-02T11:29:25.852619112Z:  ---> dae6c316aa89
[STDOUT  ] 2018-02-02T11:29:25.858836264Z: Removing intermediate container 94d6cb3c7925
[STDOUT  ] 2018-02-02T11:29:25.858882417Z: Step 8/12 : RUN make all
[STDOUT  ] 2018-02-02T11:29:25.952699097Z:  ---> Running in b71689e05d05
[STDOUT  ] 2018-02-02T11:29:26.249935972Z: make -C /usr/src/linux-headers-4.14.16-linuxkit M=/kmod modules
[STDOUT  ] 2018-02-02T11:29:26.252863009Z: make[1]: Entering directory '/usr/src/linux-headers-4.14.16-linuxkit'
[STDOUT  ] 2018-02-02T11:29:26.254091535Z: [91mgetconf: LFS_CFLAGS: unknown variable
[STDOUT  ] 2018-02-02T11:29:26.254208217Z: [0m[91mgetconf: LFS_LDFLAGS: unknown variable
[STDOUT  ] 2018-02-02T11:29:26.254781926Z: [0m[91mgetconf: LFS_LIBS: unknown variable
[STDOUT  ] 2018-02-02T11:29:27.48750761Z: [0m  CC [M]  /kmod/hello_world.o
[STDOUT  ] 2018-02-02T11:29:27.763379561Z:   Building modules, stage 2.
[STDOUT  ] 2018-02-02T11:29:27.772644334Z:   MODPOST 1 modules
[STDOUT  ] 2018-02-02T11:29:27.787538944Z:   CC      /kmod/hello_world.mod.o
[STDOUT  ] 2018-02-02T11:29:28.012956384Z:   LD [M]  /kmod/hello_world.ko
[STDOUT  ] 2018-02-02T11:29:28.016220861Z: make[1]: Leaving directory '/usr/src/linux-headers-4.14.16-linuxkit'
[STDOUT  ] 2018-02-02T11:29:28.404645489Z:  ---> 8c382108b089
[STDOUT  ] 2018-02-02T11:29:28.413153492Z: Removing intermediate container b71689e05d05
[STDOUT  ] 2018-02-02T11:29:28.413204262Z: Step 9/12 : FROM alpine:3.7
[STDOUT  ] 2018-02-02T11:29:28.413629794Z:  ---> 3fd9065eaf02
[STDOUT  ] 2018-02-02T11:29:28.41365651Z: Step 10/12 : COPY --from=build /kmod/hello_world.ko /
[STDOUT  ] 2018-02-02T11:29:28.820520439Z:  ---> e0aec0a8bbbf
[STDOUT  ] 2018-02-02T11:29:28.826964552Z: Removing intermediate container a0af1c51a18a
[STDOUT  ] 2018-02-02T11:29:28.827021176Z: Step 11/12 : COPY check.sh /check.sh
[STDOUT  ] 2018-02-02T11:29:29.228474291Z:  ---> 7b33eaeaa3ce
[STDOUT  ] 2018-02-02T11:29:29.236053292Z: Removing intermediate container adf21d27ab06
[STDOUT  ] 2018-02-02T11:29:29.236103735Z: Step 12/12 : ENTRYPOINT /bin/sh /check.sh
[STDOUT  ] 2018-02-02T11:29:29.31529997Z:  ---> Running in f317aaae0398
[STDOUT  ] 2018-02-02T11:29:29.481466315Z:  ---> e5ef0a874ecf
[STDOUT  ] 2018-02-02T11:29:29.487950684Z: Removing intermediate container f317aaae0398
[STDOUT  ] 2018-02-02T11:29:29.488008645Z: Successfully built e5ef0a874ecf
[STDOUT  ] 2018-02-02T11:29:29.492946583Z: Successfully tagged kmod-test:latest
[STDERR  ] 2018-02-02T11:29:29.534541929Z: + linuxkit build -format kernel+initrd -name kmod test.yml
[STDERR  ] 2018-02-02T11:29:29.564289334Z: Extract kernel image: linuxkit/kernel:4.14.16
[STDERR  ] 2018-02-02T11:29:30.690039137Z: time="2018-02-02T11:29:30Z" level=warning msg="certificate with CN Justin Cormack is near expiry"
[STDERR  ] 2018-02-02T11:29:30.690146886Z: time="2018-02-02T11:29:30Z" level=warning msg="certificate with CN  is near expiry"
[STDERR  ] 2018-02-02T11:29:30.690296775Z: time="2018-02-02T11:29:30Z" level=warning msg="certificate with CN  is near expiry"
[STDERR  ] 2018-02-02T11:29:30.74051517Z: time="2018-02-02T11:29:30Z" level=warning msg="certificate with CN Justin Cormack is near expiry"
[STDERR  ] 2018-02-02T11:29:31.213936042Z: Add init containers:
[STDERR  ] 2018-02-02T11:29:31.213987559Z: Process init image: linuxkit/init:e650be6c21ef9ecb33534858fc63fb8bc5028c6e
[STDERR  ] 2018-02-02T11:29:32.241474828Z: time="2018-02-02T11:29:32Z" level=warning msg="certificate with CN  is near expiry"
[STDERR  ] 2018-02-02T11:29:32.241552194Z: time="2018-02-02T11:29:32Z" level=warning msg="certificate with CN  is near expiry"
[STDERR  ] 2018-02-02T11:29:32.241841523Z: time="2018-02-02T11:29:32Z" level=warning msg="certificate with CN Justin Cormack is near expiry"
[STDERR  ] 2018-02-02T11:29:32.246588621Z: time="2018-02-02T11:29:32Z" level=warning msg="certificate with CN Justin Cormack is near expiry"
[STDERR  ] 2018-02-02T11:29:32.248329915Z: time="2018-02-02T11:29:32Z" level=warning msg="certificate with CN  is near expiry"
[STDERR  ] 2018-02-02T11:29:32.446791601Z: Process init image: linuxkit/runc:52ecfdef1ae051e7fd5ac5f1d0b7dd859adff015
[STDERR  ] 2018-02-02T11:29:33.470670263Z: time="2018-02-02T11:29:33Z" level=warning msg="certificate with CN  is near expiry"
[STDERR  ] 2018-02-02T11:29:33.470742343Z: time="2018-02-02T11:29:33Z" level=warning msg="certificate with CN  is near expiry"
[STDERR  ] 2018-02-02T11:29:33.471070879Z: time="2018-02-02T11:29:33Z" level=warning msg="certificate with CN Justin Cormack is near expiry"
[STDERR  ] 2018-02-02T11:29:33.473426297Z: time="2018-02-02T11:29:33Z" level=warning msg="certificate with CN Justin Cormack is near expiry"
[STDERR  ] 2018-02-02T11:29:33.474847124Z: time="2018-02-02T11:29:33Z" level=warning msg="certificate with CN  is near expiry"
[STDERR  ] 2018-02-02T11:29:33.621937782Z: Add onboot containers:
[STDERR  ] 2018-02-02T11:29:33.622010004Z:   Create OCI config for kmod-test
[STDERR  ] 2018-02-02T11:29:33.768533422Z:   Create OCI config for linuxkit/poweroff:f9a0a5e52fd2a97908bda33db2afffafe4a6a67d
[STDERR  ] 2018-02-02T11:29:34.797952646Z: time="2018-02-02T11:29:34Z" level=warning msg="certificate with CN  is near expiry"
[STDERR  ] 2018-02-02T11:29:34.798014382Z: time="2018-02-02T11:29:34Z" level=warning msg="certificate with CN  is near expiry"
[STDERR  ] 2018-02-02T11:29:34.798267634Z: time="2018-02-02T11:29:34Z" level=warning msg="certificate with CN Justin Cormack is near expiry"
[STDERR  ] 2018-02-02T11:29:34.798478775Z: time="2018-02-02T11:29:34Z" level=warning msg="certificate with CN Rolf Neugebauer is near expiry"
[STDERR  ] 2018-02-02T11:29:34.800243407Z: time="2018-02-02T11:29:34Z" level=warning msg="certificate with CN Rolf Neugebauer is near expiry"
[STDERR  ] 2018-02-02T11:29:34.801014841Z: time="2018-02-02T11:29:34Z" level=warning msg="certificate with CN  is near expiry"
[STDERR  ] 2018-02-02T11:29:34.98559089Z: Create outputs:
[STDERR  ] 2018-02-02T11:29:40.630960435Z:   kmod-kernel kmod-initrd.img kmod-cmdline
[STDERR  ] 2018-02-02T11:29:40.693382617Z: + linuxkit run kmod
[STDERR  ] 2018-02-02T11:29:40.721335461Z: Unable to find qemu-system-x86_64 within the $PATH. Using a container
[STDERR  ] 2018-02-02T11:29:50.031970633Z: + RESULT=[    0.000000] Linux version 4.14.16-linuxkit (root@90fdd72417e6) (gcc version 6.4.0 (Alpine 6.4.0)) #1 SMP Thu Feb 1 14:46:58 UTC 2018
[STDERR  ] 2018-02-02T11:29:50.032042296Z: [    0.000000] Command line: console=ttyS0 console=ttyAMA0
[STDERR  ] 2018-02-02T11:29:50.032054079Z: [    0.000000] x86/fpu: x87 FPU will use FXSAVE
[STDERR  ] 2018-02-02T11:29:50.032135415Z: [    0.000000] e820: BIOS-provided physical RAM map:
[STDERR  ] 2018-02-02T11:29:50.032146195Z: [    0.000000] BIOS-e820: [mem 0x0000000000000000-0x000000000009fbff] usable
[STDERR  ] 2018-02-02T11:29:50.03215585Z: [    0.000000] BIOS-e820: [mem 0x000000000009fc00-0x000000000009ffff] reserved
[STDERR  ] 2018-02-02T11:29:50.032165152Z: [    0.000000] BIOS-e820: [mem 0x00000000000f0000-0x00000000000fffff] reserved
[STDERR  ] 2018-02-02T11:29:50.032174341Z: [    0.000000] BIOS-e820: [mem 0x0000000000100000-0x000000003ffdefff] usable
[STDERR  ] 2018-02-02T11:29:50.032183326Z: [    0.000000] BIOS-e820: [mem 0x000000003ffdf000-0x000000003fffffff] reserved
[STDERR  ] 2018-02-02T11:29:50.032192024Z: [    0.000000] BIOS-e820: [mem 0x00000000b0000000-0x00000000bfffffff] reserved
[STDERR  ] 2018-02-02T11:29:50.032201364Z: [    0.000000] BIOS-e820: [mem 0x00000000fed1c000-0x00000000fed1ffff] reserved
[STDERR  ] 2018-02-02T11:29:50.032209901Z: [    0.000000] BIOS-e820: [mem 0x00000000feffc000-0x00000000feffffff] reserved
[STDERR  ] 2018-02-02T11:29:50.03223094Z: [    0.000000] BIOS-e820: [mem 0x00000000fffc0000-0x00000000ffffffff] reserved
[STDERR  ] 2018-02-02T11:29:50.032247278Z: [    0.000000] NX (Execute Disable) protection: active
[STDERR  ] 2018-02-02T11:29:50.032256504Z: [    0.000000] random: fast init done
[STDERR  ] 2018-02-02T11:29:50.032265142Z: [    0.000000] SMBIOS 2.8 present.
[STDERR  ] 2018-02-02T11:29:50.032273577Z: [    0.000000] DMI: QEMU Standard PC (Q35 + ICH9, 2009), BIOS rel-1.10.2-0-g5f4c7b1-prebuilt.qemu-project.org 04/01/2014
[STDERR  ] 2018-02-02T11:29:50.032283482Z: [    0.000000] Hypervisor detected: KVM
[STDERR  ] 2018-02-02T11:29:50.032292656Z: [    0.000000] tsc: Fast TSC calibration failed
[STDERR  ] 2018-02-02T11:29:50.032303888Z: [    0.000000] tsc: Unable to calibrate against PIT
[STDERR  ] 2018-02-02T11:29:50.032312454Z: [    0.000000] tsc: No reference (HPET/PMTIMER) available
[STDERR  ] 2018-02-02T11:29:50.032321191Z: [    0.000000] e820: last_pfn = 0x3ffdf max_arch_pfn = 0x400000000
[STDERR  ] 2018-02-02T11:29:50.032332957Z: [    0.000000] x86/PAT: PAT not supported by CPU.
[STDERR  ] 2018-02-02T11:29:50.032341466Z: [    0.000000] x86/PAT: Configuration [0-7]: WB  WT  UC- UC  WB  WT  UC- UC  
[STDERR  ] 2018-02-02T11:29:50.032350252Z: [    0.000000] found SMP MP-table at [mem 0x000f6aa0-0x000f6aaf] mapped at [ffffffffff200aa0]
[STDERR  ] 2018-02-02T11:29:50.032365392Z: [    0.000000] RAMDISK: [mem 0x3e6d8000-0x3ffcffff]
[STDERR  ] 2018-02-02T11:29:50.032373579Z: [    0.000000] ACPI: Early table checksum verification disabled
[STDERR  ] 2018-02-02T11:29:50.03238446Z: [    0.000000] ACPI: RSDP 0x00000000000F68B0 000014 (v00 BOCHS )
[STDERR  ] 2018-02-02T11:29:50.032392425Z: [    0.000000] ACPI: RSDT 0x000000003FFE20A8 000034 (v01 BOCHS  BXPCRSDT 00000001 BXPC 00000001)
[STDERR  ] 2018-02-02T11:29:50.032400621Z: [    0.000000] ACPI: FACP 0x000000003FFE1EC8 0000F4 (v03 BOCHS  BXPCFACP 00000001 BXPC 00000001)
[STDERR  ] 2018-02-02T11:29:50.032409333Z: [    0.000000] ACPI: DSDT 0x000000003FFE0040 001E88 (v01 BOCHS  BXPCDSDT 00000001 BXPC 00000001)
[STDERR  ] 2018-02-02T11:29:50.032417328Z: [    0.000000] ACPI: FACS 0x000000003FFE0000 000040
[STDERR  ] 2018-02-02T11:29:50.03242521Z: [    0.000000] ACPI: APIC 0x000000003FFE1FBC 000078 (v01 BOCHS  BXPCAPIC 00000001 BXPC 00000001)
[STDERR  ] 2018-02-02T11:29:50.03243332Z: [    0.000000] ACPI: HPET 0x000000003FFE2034 000038 (v01 BOCHS  BXPCHPET 00000001 BXPC 00000001)
[STDERR  ] 2018-02-02T11:29:50.032441339Z: [    0.000000] ACPI: MCFG 0x000000003FFE206C 00003C (v01 BOCHS  BXPCMCFG 00000001 BXPC 00000001)
[STDERR  ] 2018-02-02T11:29:50.03244913Z: [    0.000000] kvm-clock: Using msrs 4b564d01 and 4b564d00
[STDERR  ] 2018-02-02T11:29:50.032457338Z: [    0.000000] kvm-clock: cpu 0, msr 0:3ffdd001, primary cpu clock
[STDERR  ] 2018-02-02T11:29:50.032465284Z: [    0.000000] clocksource: kvm-clock: mask: 0xffffffffffffffff max_cycles: 0x1cd42e4dffb, max_idle_ns: 881590591483 ns
[STDERR  ] 2018-02-02T11:29:50.032473237Z: [    0.000000] Zone ranges:
[STDERR  ] 2018-02-02T11:29:50.032481159Z: [    0.000000]   DMA      [mem 0x0000000000001000-0x0000000000ffffff]
[STDERR  ] 2018-02-02T11:29:50.032489343Z: [    0.000000]   DMA32    [mem 0x0000000001000000-0x000000003ffdefff]
[STDERR  ] 2018-02-02T11:29:50.032497241Z: [    0.000000]   Normal   empty
[STDERR  ] 2018-02-02T11:29:50.032505147Z: [    0.000000]   Device   empty
[STDERR  ] 2018-02-02T11:29:50.0325132Z: [    0.000000] Movable zone start for each node
[STDERR  ] 2018-02-02T11:29:50.032521488Z: [    0.000000] Early memory node ranges
[STDERR  ] 2018-02-02T11:29:50.032531972Z: [    0.000000]   node   0: [mem 0x0000000000001000-0x000000000009efff]
[STDERR  ] 2018-02-02T11:29:50.032545009Z: [    0.000000]   node   0: [mem 0x0000000000100000-0x000000003ffdefff]
[STDERR  ] 2018-02-02T11:29:50.032552958Z: [    0.000000] Initmem setup node 0 [mem 0x0000000000001000-0x000000003ffdefff]
[STDERR  ] 2018-02-02T11:29:50.032564658Z: [    0.000000] ACPI: PM-Timer IO Port: 0x608
[STDERR  ] 2018-02-02T11:29:50.032573075Z: [    0.000000] ACPI: LAPIC_NMI (acpi_id[0xff] dfl dfl lint[0x1])
[STDERR  ] 2018-02-02T11:29:50.032587664Z: [    0.000000] IOAPIC[0]: apic_id 0, version 17, address 0xfec00000, GSI 0-23
[STDERR  ] 2018-02-02T11:29:50.032595634Z: [    0.000000] ACPI: INT_SRC_OVR (bus 0 bus_irq 0 global_irq 2 dfl dfl)
[STDERR  ] 2018-02-02T11:29:50.032603426Z: [    0.000000] ACPI: INT_SRC_OVR (bus 0 bus_irq 5 global_irq 5 high level)
[STDERR  ] 2018-02-02T11:29:50.032611274Z: [    0.000000] ACPI: INT_SRC_OVR (bus 0 bus_irq 9 global_irq 9 high level)
[STDERR  ] 2018-02-02T11:29:50.032619086Z: [    0.000000] ACPI: INT_SRC_OVR (bus 0 bus_irq 10 global_irq 10 high level)
[STDERR  ] 2018-02-02T11:29:50.032626821Z: [    0.000000] ACPI: INT_SRC_OVR (bus 0 bus_irq 11 global_irq 11 high level)
[STDERR  ] 2018-02-02T11:29:50.032634568Z: [    0.000000] Using ACPI (MADT) for SMP configuration information
[STDERR  ] 2018-02-02T11:29:50.032642358Z: [    0.000000] ACPI: HPET id: 0x8086a201 base: 0xfed00000
[STDERR  ] 2018-02-02T11:29:50.032650262Z: [    0.000000] smpboot: Allowing 1 CPUs, 0 hotplug CPUs
[STDERR  ] 2018-02-02T11:29:50.032657986Z: [    0.000000] e820: [mem 0x40000000-0xafffffff] available for PCI devices
[STDERR  ] 2018-02-02T11:29:50.032665852Z: [    0.000000] Booting paravirtualized kernel on KVM
[STDERR  ] 2018-02-02T11:29:50.032678148Z: [    0.000000] clocksource: refined-jiffies: mask: 0xffffffff max_cycles: 0xffffffff, max_idle_ns: 19112604462750000 ns
[STDERR  ] 2018-02-02T11:29:50.032686257Z: [    0.000000] setup_percpu: NR_CPUS:128 nr_cpumask_bits:128 nr_cpu_ids:1 nr_node_ids:1
[STDERR  ] 2018-02-02T11:29:50.032694056Z: [    0.000000] percpu: Embedded 44 pages/cpu @ffff91d4fe400000 s143064 r8192 d28968 u2097152
[STDERR  ] 2018-02-02T11:29:50.032702286Z: [    0.000000] KVM setup async PF for cpu 0
[STDERR  ] 2018-02-02T11:29:50.032710068Z: [    0.000000] kvm-stealtime: cpu 0, msr 3e415f00
[STDERR  ] 2018-02-02T11:29:50.032717974Z: [    0.000000] Built 1 zonelists, mobility grouping on.  Total pages: 257896
[STDERR  ] 2018-02-02T11:29:50.032725853Z: [    0.000000] Kernel command line: console=ttyS0 console=ttyAMA0
[STDERR  ] 2018-02-02T11:29:50.032733723Z: [    0.000000] PID hash table entries: 4096 (order: 3, 32768 bytes)
[STDERR  ] 2018-02-02T11:29:50.032741547Z: [    0.000000] Dentry cache hash table entries: 131072 (order: 8, 1048576 bytes)
[STDERR  ] 2018-02-02T11:29:50.032749392Z: [    0.000000] Inode-cache hash table entries: 65536 (order: 7, 524288 bytes)
[STDERR  ] 2018-02-02T11:29:50.03275781Z: [    0.000000] Memory: 979284K/1048052K available (12300K kernel code, 1451K rwdata, 2952K rodata, 1496K init, 628K bss, 68768K reserved, 0K cma-reserved)
[STDERR  ] 2018-02-02T11:29:50.032766695Z: [    0.000000] Kernel/User page tables isolation: enabled
[STDERR  ] 2018-02-02T11:29:50.032774581Z: [    0.000000] ftrace: allocating 40625 entries in 159 pages
[STDERR  ] 2018-02-02T11:29:50.032782351Z: [    0.010000] Hierarchical RCU implementation.
[STDERR  ] 2018-02-02T11:29:50.032790361Z: [    0.010000] 	RCU restricting CPUs from NR_CPUS=128 to nr_cpu_ids=1.
[STDERR  ] 2018-02-02T11:29:50.032798344Z: [    0.010000] RCU: Adjusting geometry for rcu_fanout_leaf=16, nr_cpu_ids=1
[STDERR  ] 2018-02-02T11:29:50.032806222Z: [    0.010000] NR_IRQS: 8448, nr_irqs: 256, preallocated irqs: 16
[STDERR  ] 2018-02-02T11:29:50.032814258Z: [    0.010000] Console: colour VGA+ 80x25
[STDERR  ] 2018-02-02T11:29:50.03282225Z: [    0.010000] console [ttyS0] enabled
[STDERR  ] 2018-02-02T11:29:50.032830033Z: [    0.010000] clocksource: hpet: mask: 0xffffffff max_cycles: 0xffffffff, max_idle_ns: 19112604467 ns
[STDERR  ] 2018-02-02T11:29:50.032838224Z: [    0.010035] tsc: Detected 2299.862 MHz processor
[STDERR  ] 2018-02-02T11:29:50.032845883Z: [    0.013937] Calibrating delay loop (skipped) preset value.. 4599.72 BogoMIPS (lpj=22998620)
[STDERR  ] 2018-02-02T11:29:50.032857869Z: [    0.020034] pid_max: default: 32768 minimum: 301
[STDERR  ] 2018-02-02T11:29:50.032865712Z: [    0.023992] ACPI: Core revision 20170728
[STDERR  ] 2018-02-02T11:29:50.032873606Z: [    0.028036] ACPI: 1 ACPI AML tables successfully acquired and loaded
[STDERR  ] 2018-02-02T11:29:50.032884419Z: [    0.030098] Security Framework initialized
[STDERR  ] 2018-02-02T11:29:50.032892409Z: [    0.033573] Yama: becoming mindful.
[STDERR  ] 2018-02-02T11:29:50.032900299Z: [    0.040091] Mount-cache hash table entries: 2048 (order: 2, 16384 bytes)
[STDERR  ] 2018-02-02T11:29:50.032909965Z: [    0.045799] Mountpoint-cache hash table entries: 2048 (order: 2, 16384 bytes)
[STDERR  ] 2018-02-02T11:29:50.032917984Z: [    0.051002] CPU: Physical Processor ID: 0
[STDERR  ] 2018-02-02T11:29:50.032925831Z: [    0.060081] Last level iTLB entries: 4KB 0, 2MB 0, 4MB 0
[STDERR  ] 2018-02-02T11:29:50.032933648Z: [    0.064744] Last level dTLB entries: 4KB 0, 2MB 0, 4MB 0, 1GB 0
[STDERR  ] 2018-02-02T11:29:50.032941532Z: [    0.070034] Spectre V2 mitigation: Vulnerable: Minimal generic ASM retpoline
[STDERR  ] 2018-02-02T11:29:50.032949375Z: [    0.085031] Freeing SMP alternatives memory: 20K
[STDERR  ] 2018-02-02T11:29:50.032957255Z: [    0.089670] smpboot: Max logical packages: 1
[STDERR  ] 2018-02-02T11:29:50.032965261Z: [    0.092802] x2apic enabled
[STDERR  ] 2018-02-02T11:29:50.032973056Z: [    0.100040] Switched APIC routing to physical x2apic.
[STDERR  ] 2018-02-02T11:29:50.032980895Z: [    0.118087] ..TIMER: vector=0x30 apic1=0 pin1=2 apic2=-1 pin2=-1
[STDERR  ] 2018-02-02T11:29:50.032992178Z: [    0.120000] APIC calibration not consistent with PM-Timer: 101ms instead of 100ms
[STDERR  ] 2018-02-02T11:29:50.033000079Z: [    0.120000] APIC delta adjusted to PM-Timer: 6250259 (6350818)
[STDERR  ] 2018-02-02T11:29:50.033010085Z: [    0.120293] smpboot: CPU0: Intel QEMU Virtual CPU version 2.5+ (family: 0x6, model: 0x6, stepping: 0x3)
[STDERR  ] 2018-02-02T11:29:50.03301827Z: [    0.128441] Performance Events: PMU not available due to virtualization, using software events only.
[STDERR  ] 2018-02-02T11:29:50.033026153Z: [    0.140473] Hierarchical SRCU implementation.
[STDERR  ] 2018-02-02T11:29:50.033033996Z: [    0.144490] NMI watchdog: Perf event create on CPU 0 failed with -2
[STDERR  ] 2018-02-02T11:29:50.033041839Z: [    0.150010] NMI watchdog: Perf NMI watchdog permanently disabled
[STDERR  ] 2018-02-02T11:29:50.03304978Z: [    0.155330] smp: Bringing up secondary CPUs ...
[STDERR  ] 2018-02-02T11:29:50.033059651Z: [    0.160010] smp: Brought up 1 node, 1 CPU
[STDERR  ] 2018-02-02T11:29:50.03307659Z: [    0.163404] smpboot: Total of 1 processors activated (4599.72 BogoMIPS)
[STDERR  ] 2018-02-02T11:29:50.033084521Z: [    0.172848] devtmpfs: initialized
[STDERR  ] 2018-02-02T11:29:50.033092351Z: [    0.175869] x86/mm: Memory block size: 128MB
[STDERR  ] 2018-02-02T11:29:50.03310018Z: [    0.180448] clocksource: jiffies: mask: 0xffffffff max_cycles: 0xffffffff, max_idle_ns: 19112604462750000 ns
[STDERR  ] 2018-02-02T11:29:50.03310831Z: [    0.190028] futex hash table entries: 256 (order: 2, 16384 bytes)
[STDERR  ] 2018-02-02T11:29:50.033116144Z: [    0.195467] NET: Registered protocol family 16
[STDERR  ] 2018-02-02T11:29:50.033126646Z: [    0.199597] cpuidle: using governor ladder
[STDERR  ] 2018-02-02T11:29:50.033134613Z: [    0.200013] cpuidle: using governor menu
[STDERR  ] 2018-02-02T11:29:50.033142492Z: [    0.203510] ACPI: bus type PCI registered
[STDERR  ] 2018-02-02T11:29:50.033150399Z: [    0.210468] PCI: MMCONFIG for domain 0000 [bus 00-ff] at [mem 0xb0000000-0xbfffffff] (base 0xb0000000)
[STDERR  ] 2018-02-02T11:29:50.033158647Z: [    0.218295] PCI: MMCONFIG at [mem 0xb0000000-0xbfffffff] reserved in E820
[STDERR  ] 2018-02-02T11:29:50.033166384Z: [    0.220031] PCI: Using configuration type 1 for base access
[STDERR  ] 2018-02-02T11:29:50.033174133Z: [    0.231357] HugeTLB registered 2.00 MiB page size, pre-allocated 0 pages
[STDERR  ] 2018-02-02T11:29:50.033181921Z: [    0.237421] ACPI: Added _OSI(Module Device)
[STDERR  ] 2018-02-02T11:29:50.033189799Z: [    0.240017] ACPI: Added _OSI(Processor Device)
[STDERR  ] 2018-02-02T11:29:50.033197617Z: [    0.243812] ACPI: Added _OSI(3.0 _SCP Extensions)
[STDERR  ] 2018-02-02T11:29:50.03320986Z: [    0.247774] ACPI: Added _OSI(Processor Aggregator Device)
[STDERR  ] 2018-02-02T11:29:50.033217744Z: [    0.260303] ACPI: Interpreter enabled
[STDERR  ] 2018-02-02T11:29:50.03322513Z: [    0.263598] ACPI: (supports S0 S5)
[STDERR  ] 2018-02-02T11:29:50.033233104Z: [    0.266500] ACPI: Using IOAPIC for interrupt routing
[STDERR  ] 2018-02-02T11:29:50.033240473Z: [    0.270074] PCI: Using host bridge windows from ACPI; if necessary, use "pci=nocrs" and report a bug
[STDERR  ] 2018-02-02T11:29:50.033248904Z: [    0.278081] ACPI: Enabled 1 GPEs in block 00 to 3F
[STDERR  ] 2018-02-02T11:29:50.033256784Z: [    0.284696] ACPI: PCI Root Bridge [PCI0] (domain 0000 [bus 00-ff])
[STDERR  ] 2018-02-02T11:29:50.033265393Z: [    0.290024] acpi PNP0A08:00: _OSC: OS supports [ExtendedConfig ASPM ClockPM Segments MSI]
[STDERR  ] 2018-02-02T11:29:50.033272849Z: [    0.300144] acpi PNP0A08:00: _OSC: OS now controls [PCIeHotplug PME PCIeCapability]
[STDERR  ] 2018-02-02T11:29:50.033280882Z: [    0.306614] PCI host bridge to bus 0000:00
[STDERR  ] 2018-02-02T11:29:50.033288549Z: [    0.310014] pci_bus 0000:00: root bus resource [io  0x0000-0x0cf7 window]
[STDERR  ] 2018-02-02T11:29:50.033295907Z: [    0.315808] pci_bus 0000:00: root bus resource [io  0x0d00-0xffff window]
[STDERR  ] 2018-02-02T11:29:50.033307571Z: [    0.320013] pci_bus 0000:00: root bus resource [mem 0x000a0000-0x000bffff window]
[STDERR  ] 2018-02-02T11:29:50.033315508Z: [    0.326302] pci_bus 0000:00: root bus resource [mem 0xc0000000-0xfebfffff window]
[STDERR  ] 2018-02-02T11:29:50.033323849Z: [    0.330016] pci_bus 0000:00: root bus resource [bus 00-ff]
[STDERR  ] 2018-02-02T11:29:50.033333882Z: [    0.542563] pci 0000:00:1f.0: quirk: [io  0x0600-0x067f] claimed by ICH6 ACPI/GPIO/TCO
[STDERR  ] 2018-02-02T11:29:50.033341416Z: [    0.638915] ACPI: PCI Interrupt Link [LNKA] (IRQs 5 *10 11)
[STDERR  ] 2018-02-02T11:29:50.033349095Z: [    0.640357] ACPI: PCI Interrupt Link [LNKB] (IRQs 5 *10 11)
[STDERR  ] 2018-02-02T11:29:50.033356457Z: [    0.650101] ACPI: PCI Interrupt Link [LNKC] (IRQs 5 10 *11)
[STDERR  ] 2018-02-02T11:29:50.033363683Z: [    0.655297] ACPI: PCI Interrupt Link [LNKD] (IRQs 5 10 *11)
[STDERR  ] 2018-02-02T11:29:50.03337135Z: [    0.660349] ACPI: PCI Interrupt Link [LNKE] (IRQs 5 *10 11)
[STDERR  ] 2018-02-02T11:29:50.033379955Z: [    0.665340] ACPI: PCI Interrupt Link [LNKF] (IRQs 5 *10 11)
[STDERR  ] 2018-02-02T11:29:50.033387709Z: [    0.670345] ACPI: PCI Interrupt Link [LNKG] (IRQs 5 10 *11)
[STDERR  ] 2018-02-02T11:29:50.033398827Z: [    0.675384] ACPI: PCI Interrupt Link [LNKH] (IRQs 5 10 *11)
[STDERR  ] 2018-02-02T11:29:50.033407316Z: [    0.680180] ACPI: PCI Interrupt Link [GSIA] (IRQs *16)
[STDERR  ] 2018-02-02T11:29:50.033415166Z: [    0.684569] ACPI: PCI Interrupt Link [GSIB] (IRQs *17)
[STDERR  ] 2018-02-02T11:29:50.033426328Z: [    0.688958] ACPI: PCI Interrupt Link [GSIC] (IRQs *18)
[STDERR  ] 2018-02-02T11:29:50.033434526Z: [    0.690042] ACPI: PCI Interrupt Link [GSID] (IRQs *19)
[STDERR  ] 2018-02-02T11:29:50.033441946Z: [    0.694800] ACPI: PCI Interrupt Link [GSIE] (IRQs *20)
[STDERR  ] 2018-02-02T11:29:50.033450262Z: [    0.700041] ACPI: PCI Interrupt Link [GSIF] (IRQs *21)
[STDERR  ] 2018-02-02T11:29:50.03345833Z: [    0.704507] ACPI: PCI Interrupt Link [GSIG] (IRQs *22)
[STDERR  ] 2018-02-02T11:29:50.033468213Z: [    0.710037] ACPI: PCI Interrupt Link [GSIH] (IRQs *23)
[STDERR  ] 2018-02-02T11:29:50.033476376Z: [    0.714918] SCSI subsystem initialized
[STDERR  ] 2018-02-02T11:29:50.033484904Z: [    0.720133] ACPI: bus type USB registered
[STDERR  ] 2018-02-02T11:29:50.033498477Z: [    0.723653] usbcore: registered new interface driver usbfs
[STDERR  ] 2018-02-02T11:29:50.033506878Z: [    0.728394] usbcore: registered new interface driver hub
[STDERR  ] 2018-02-02T11:29:50.033514871Z: [    0.730055] usbcore: registered new device driver usb
[STDERR  ] 2018-02-02T11:29:50.033523342Z: [    0.734476] pps_core: LinuxPPS API ver. 1 registered
[STDERR  ] 2018-02-02T11:29:50.033532091Z: [    0.740011] pps_core: Software ver. 5.3.6 - Copyright 2005-2007 Rodolfo Giometti <giometti@linux.it>
[STDERR  ] 2018-02-02T11:29:50.033548499Z: [    0.747752] PTP clock support registered
[STDERR  ] 2018-02-02T11:29:50.033556974Z: [    0.750122] PCI: Using ACPI for IRQ routing
[STDERR  ] 2018-02-02T11:29:50.03356603Z: [    1.257625] NetLabel: Initializing
[STDERR  ] 2018-02-02T11:29:50.03357456Z: [    1.260011] NetLabel:  domain hash size = 128
[STDERR  ] 2018-02-02T11:29:50.033582736Z: [    1.263730] NetLabel:  protocols = UNLABELED CIPSOv4 CALIPSO
[STDERR  ] 2018-02-02T11:29:50.033590421Z: [    1.268593] NetLabel:  unlabeled traffic allowed by default
[STDERR  ] 2018-02-02T11:29:50.033598598Z: [    1.270290] HPET: 3 timers in total, 0 timers will be used for per-cpu timer
[STDERR  ] 2018-02-02T11:29:50.033606828Z: [    1.280125] hpet0: at MMIO 0xfed00000, IRQs 2, 8, 0
[STDERR  ] 2018-02-02T11:29:50.033618613Z: [    1.284250] hpet0: 3 comparators, 64-bit 100.000000 MHz counter
[STDERR  ] 2018-02-02T11:29:50.03362651Z: [    1.295746] clocksource: Switched to clocksource kvm-clock
[STDERR  ] 2018-02-02T11:29:50.033634391Z: [    1.326696] VFS: Disk quotas dquot_6.6.0
[STDERR  ] 2018-02-02T11:29:50.033642193Z: [    1.330400] VFS: Dquot-cache hash table entries: 512 (order 0, 4096 bytes)
[STDERR  ] 2018-02-02T11:29:50.033654727Z: [    1.336587] FS-Cache: Loaded
[STDERR  ] 2018-02-02T11:29:50.033663806Z: [    1.339284] CacheFiles: Loaded
[STDERR  ] 2018-02-02T11:29:50.033672842Z: [    1.342084] pnp: PnP ACPI init
[STDERR  ] 2018-02-02T11:29:50.033681619Z: [    1.346148] pnp: PnP ACPI: found 5 devices
[STDERR  ] 2018-02-02T11:29:50.033689892Z: [    1.355887] clocksource: acpi_pm: mask: 0xffffff max_cycles: 0xffffff, max_idle_ns: 2085701024 ns
[STDERR  ] 2018-02-02T11:29:50.033697943Z: [    1.363693] NET: Registered protocol family 2
[STDERR  ] 2018-02-02T11:29:50.033707152Z: [    1.367908] TCP established hash table entries: 8192 (order: 4, 65536 bytes)
[STDERR  ] 2018-02-02T11:29:50.03371635Z: [    1.374016] TCP bind hash table entries: 8192 (order: 5, 131072 bytes)
[STDERR  ] 2018-02-02T11:29:50.033729028Z: [    1.385792] TCP: Hash tables configured (established 8192 bind 8192)
[STDERR  ] 2018-02-02T11:29:50.033737836Z: [    1.391471] UDP hash table entries: 512 (order: 2, 16384 bytes)
[STDERR  ] 2018-02-02T11:29:50.033746182Z: [    1.396767] UDP-Lite hash table entries: 512 (order: 2, 16384 bytes)
[STDERR  ] 2018-02-02T11:29:50.03375501Z: [    1.402308] NET: Registered protocol family 1
[STDERR  ] 2018-02-02T11:29:50.033763694Z: [    1.406280] pci 0000:00:01.0: Video device with shadowed ROM at [mem 0x000c0000-0x000dffff]
[STDERR  ] 2018-02-02T11:29:50.033771615Z: [    1.413782] Trying to unpack rootfs image as initramfs...
[STDERR  ] 2018-02-02T11:29:50.03379867Z: [    2.085446] Freeing initrd memory: 25568K
[STDERR  ] 2018-02-02T11:29:50.033809159Z: [    2.090670] PCLMULQDQ-NI instructions are not detected.
[STDERR  ] 2018-02-02T11:29:50.03382114Z: [    2.095725] AVX or AES-NI instructions are not detected.
[STDERR  ] 2018-02-02T11:29:50.033829934Z: [    2.100910] CPU feature 'AVX registers' is not supported.
[STDERR  ] 2018-02-02T11:29:50.033838276Z: [    2.106006] CPU feature 'AVX registers' is not supported.
[STDERR  ] 2018-02-02T11:29:50.033846957Z: [    2.111160] CPU feature 'AVX registers' is not supported.
[STDERR  ] 2018-02-02T11:29:50.033855915Z: [    2.116258] CPU feature 'AVX registers' is not supported.
[STDERR  ] 2018-02-02T11:29:50.033864331Z: [    2.121416] AVX2 or AES-NI instructions are not detected.
[STDERR  ] 2018-02-02T11:29:50.033872363Z: [    2.126510] AVX2 instructions are not detected.
[STDERR  ] 2018-02-02T11:29:50.033881151Z: [    2.131098] audit: initializing netlink subsys (disabled)
[STDERR  ] 2018-02-02T11:29:50.033889065Z: [    2.136644] audit: type=2000 audit(1517570984.554:1): state=initialized audit_enabled=0 res=1
[STDERR  ] 2018-02-02T11:29:50.033896985Z: [    2.144874] workingset: timestamp_bits=46 max_order=18 bucket_order=0
[STDERR  ] 2018-02-02T11:29:50.033904956Z: [    2.151492] squashfs: version 4.0 (2009/01/31) Phillip Lougher
[STDERR  ] 2018-02-02T11:29:50.033918088Z: [    2.159074] FS-Cache: Netfs 'cifs' registered for caching
[STDERR  ] 2018-02-02T11:29:50.033926195Z: [    2.164920] fuse init (API version 7.26)
[STDERR  ] 2018-02-02T11:29:50.033937553Z: [    2.168868] SGI XFS with ACLs, security attributes, no debug enabled
[STDERR  ] 2018-02-02T11:29:50.033945059Z: [    2.176936] 9p: Installing v9fs 9p2000 file system support
[STDERR  ] 2018-02-02T11:29:50.033953207Z: [    2.182449] FS-Cache: Netfs '9p' registered for caching
[STDERR  ] 2018-02-02T11:29:50.033961247Z: [    2.195867] NET: Registered protocol family 38
[STDERR  ] 2018-02-02T11:29:50.033969545Z: [    2.200471] Key type asymmetric registered
[STDERR  ] 2018-02-02T11:29:50.033977904Z: [    2.204459] Asymmetric key parser 'x509' registered
[STDERR  ] 2018-02-02T11:29:50.033986378Z: [    2.209193] Block layer SCSI generic (bsg) driver version 0.4 loaded (major 248)
[STDERR  ] 2018-02-02T11:29:50.03399763Z: [    2.216898] io scheduler noop registered
[STDERR  ] 2018-02-02T11:29:50.034005762Z: [    2.220866] io scheduler deadline registered (default)
[STDERR  ] 2018-02-02T11:29:50.034014504Z: [    2.225839] io scheduler cfq registered
[STDERR  ] 2018-02-02T11:29:50.034022826Z: [    2.229670] io scheduler mq-deadline registered
[STDERR  ] 2018-02-02T11:29:50.034035736Z: [    2.234108] io scheduler kyber registered
[STDERR  ] 2018-02-02T11:29:50.034044197Z: [    2.238392] shpchp: Standard Hot Plug PCI Controller Driver version: 0.4
[STDERR  ] 2018-02-02T11:29:50.034052648Z: [    2.244944] hv_vmbus: registering driver hyperv_fb
[STDERR  ] 2018-02-02T11:29:50.034061292Z: [    2.249738] input: Power Button as /devices/LNXSYSTM:00/LNXPWRBN:00/input/input0
[STDERR  ] 2018-02-02T11:29:50.034076708Z: [    2.256825] ACPI: Power Button [PWRF]
[STDERR  ] 2018-02-02T11:29:50.034085006Z: [    2.262115] ACPI: PCI Interrupt Link [GSIG] enabled at IRQ 22
[STDERR  ] 2018-02-02T11:29:50.034093305Z: [    2.277827] ACPI: PCI Interrupt Link [GSIH] enabled at IRQ 23
[STDERR  ] 2018-02-02T11:29:50.034101888Z: [    2.293103] Serial: 8250/16550 driver, 4 ports, IRQ sharing disabled
[STDERR  ] 2018-02-02T11:29:50.034110307Z: [    2.333945] 00:04: ttyS0 at I/O 0x3f8 (irq = 4, base_baud = 115200) is a 16550A
[STDERR  ] 2018-02-02T11:29:50.03411852Z: [    2.341819] Non-volatile memory driver v1.3
[STDERR  ] 2018-02-02T11:29:50.034126612Z: [    2.347153] Hangcheck: starting hangcheck timer 0.9.1 (tick is 180 seconds, margin is 60 seconds).
[STDERR  ] 2018-02-02T11:29:50.034136455Z: [    2.355711] random: crng init done
[STDERR  ] 2018-02-02T11:29:50.034144324Z: [    2.368370] brd: module loaded
[STDERR  ] 2018-02-02T11:29:50.034152624Z: [    2.381499] loop: module loaded
[STDERR  ] 2018-02-02T11:29:50.034160994Z: [    2.391785] lpc_ich 0000:00:1f.0: I/O space for GPIO uninitialized
[STDERR  ] 2018-02-02T11:29:50.034169041Z: [    2.397277] VMware PVSCSI driver - version 1.0.7.0-k
[STDERR  ] 2018-02-02T11:29:50.034177311Z: [    2.401682] hv_vmbus: registering driver hv_storvsc
[STDERR  ] 2018-02-02T11:29:50.034187974Z: [    2.406418] ACPI: PCI Interrupt Link [GSIA] enabled at IRQ 16
[STDERR  ] 2018-02-02T11:29:50.034196603Z: [    2.415574] ahci 0000:00:1f.2: AHCI 0001.0000 32 slots 6 ports 1.5 Gbps 0x3f impl SATA mode
[STDERR  ] 2018-02-02T11:29:50.034204985Z: [    2.422755] ahci 0000:00:1f.2: flags: 64bit ncq only 
[STDERR  ] 2018-02-02T11:29:50.034213183Z: [    2.431473] scsi host0: ahci
[STDERR  ] 2018-02-02T11:29:50.034221186Z: [    2.434217] scsi host1: ahci
[STDERR  ] 2018-02-02T11:29:50.034229127Z: [    2.436910] scsi host2: ahci
[STDERR  ] 2018-02-02T11:29:50.034241645Z: [    2.439586] scsi host3: ahci
[STDERR  ] 2018-02-02T11:29:50.034250108Z: [    2.442325] scsi host4: ahci
[STDERR  ] 2018-02-02T11:29:50.034261618Z: [    2.444949] scsi host5: ahci
[STDERR  ] 2018-02-02T11:29:50.034269586Z: [    2.447550] ata1: SATA max UDMA/133 abar m4096@0xfebd2000 port 0xfebd2100 irq 24
[STDERR  ] 2018-02-02T11:29:50.034277779Z: [    2.454068] ata2: SATA max UDMA/133 abar m4096@0xfebd2000 port 0xfebd2180 irq 24
[STDERR  ] 2018-02-02T11:29:50.034291066Z: [    2.460369] ata3: SATA max UDMA/133 abar m4096@0xfebd2000 port 0xfebd2200 irq 24
[STDERR  ] 2018-02-02T11:29:50.034298588Z: [    2.466757] ata4: SATA max UDMA/133 abar m4096@0xfebd2000 port 0xfebd2280 irq 24
[STDERR  ] 2018-02-02T11:29:50.034306171Z: [    2.473115] ata5: SATA max UDMA/133 abar m4096@0xfebd2000 port 0xfebd2300 irq 24
[STDERR  ] 2018-02-02T11:29:50.034314276Z: [    2.479188] ata6: SATA max UDMA/133 abar m4096@0xfebd2000 port 0xfebd2380 irq 24
[STDERR  ] 2018-02-02T11:29:50.034326158Z: [    2.488165] tun: Universal TUN/TAP device driver, 1.6
[STDERR  ] 2018-02-02T11:29:50.034333785Z: [    2.497946] VMware vmxnet3 virtual NIC driver - version 1.4.a.0-k-NAPI
[STDERR  ] 2018-02-02T11:29:50.034342275Z: [    2.503858] hv_vmbus: registering driver hv_netvsc
[STDERR  ] 2018-02-02T11:29:50.034351124Z: [    2.507915] Fusion MPT base driver 3.04.20
[STDERR  ] 2018-02-02T11:29:50.034360138Z: [    2.511502] Copyright (c) 1999-2008 LSI Corporation
[STDERR  ] 2018-02-02T11:29:50.034368261Z: [    2.515751] Fusion MPT SPI Host driver 3.04.20
[STDERR  ] 2018-02-02T11:29:50.034375884Z: [    2.519650] i8042: PNP: PS/2 Controller [PNP0303:KBD,PNP0f13:MOU] at 0x60,0x64 irq 1,12
[STDERR  ] 2018-02-02T11:29:50.034384478Z: [    2.530961] serio: i8042 KBD port at 0x60,0x64 irq 1
[STDERR  ] 2018-02-02T11:29:50.034396765Z: [    2.535249] serio: i8042 AUX port at 0x60,0x64 irq 12
[STDERR  ] 2018-02-02T11:29:50.034404768Z: [    2.539711] hv_vmbus: registering driver hyperv_keyboard
[STDERR  ] 2018-02-02T11:29:50.034412876Z: [    2.544390] mousedev: PS/2 mouse device common for all mice
[STDERR  ] 2018-02-02T11:29:50.034421448Z: [    2.550169] input: AT Translated Set 2 keyboard as /devices/platform/i8042/serio0/input/input1
[STDERR  ] 2018-02-02T11:29:50.034429956Z: [    2.557506] input: PC Speaker as /devices/platform/pcspkr/input/input2
[STDERR  ] 2018-02-02T11:29:50.034438631Z: [    2.564068] rtc_cmos 00:00: RTC can wake from S4
[STDERR  ] 2018-02-02T11:29:50.034446881Z: [    2.569562] rtc_cmos 00:00: rtc core: registered rtc_cmos as rtc0
[STDERR  ] 2018-02-02T11:29:50.034454938Z: [    2.575670] rtc_cmos 00:00: alarms up to one day, y3k, 114 bytes nvram, hpet irqs
[STDERR  ] 2018-02-02T11:29:50.034462556Z: [    2.582144] i2c /dev entries driver
[STDERR  ] 2018-02-02T11:29:50.034473925Z: [    2.585256] device-mapper: ioctl: 4.37.0-ioctl (2017-09-20) initialised: dm-devel@redhat.com
[STDERR  ] 2018-02-02T11:29:50.034483089Z: [    2.593267] usbcore: registered new interface driver usbhid
[STDERR  ] 2018-02-02T11:29:50.034491781Z: [    2.597978] usbhid: USB HID core driver
[STDERR  ] 2018-02-02T11:29:50.034500587Z: [    2.601412] hv_utils: Registering HyperV Utility Driver
[STDERR  ] 2018-02-02T11:29:50.034509055Z: [    2.605863] hv_vmbus: registering driver hv_util
[STDERR  ] 2018-02-02T11:29:50.034517368Z: [    2.609818] hv_vmbus: registering driver hv_balloon
[STDERR  ] 2018-02-02T11:29:50.034525348Z: [    2.614091] oprofile: using NMI interrupt.
[STDERR  ] 2018-02-02T11:29:50.034533997Z: [    2.617656] GACT probability on
[STDERR  ] 2018-02-02T11:29:50.034542076Z: [    2.620459] Mirror/redirect action on
[STDERR  ] 2018-02-02T11:29:50.034549954Z: [    2.623655] Simple TC action Loaded
[STDERR  ] 2018-02-02T11:29:50.034560287Z: [    2.626635] u32 classifier
[STDERR  ] 2018-02-02T11:29:50.034571583Z: [    2.628950]     Performance counters on
[STDERR  ] 2018-02-02T11:29:50.034579749Z: [    2.632309]     input device check on
[STDERR  ] 2018-02-02T11:29:50.034588094Z: [    2.635406]     Actions configured
[STDERR  ] 2018-02-02T11:29:50.034596227Z: [    2.638338] Netfilter messages via NETLINK v0.30.
[STDERR  ] 2018-02-02T11:29:50.03460444Z: [    2.642385] nfnl_acct: registering with nfnetlink.
[STDERR  ] 2018-02-02T11:29:50.034612852Z: [    2.646630] nf_conntrack version 0.5.0 (8192 buckets, 32768 max)
[STDERR  ] 2018-02-02T11:29:50.034621312Z: [    2.651838] ctnetlink v0.93: registering with nfnetlink.
[STDERR  ] 2018-02-02T11:29:50.034630274Z: [    2.656373] nf_tables: (c) 2007-2009 Patrick McHardy <kaber@trash.net>
[STDERR  ] 2018-02-02T11:29:50.034646943Z: [    2.661983] nf_tables_compat: (c) 2012 Pablo Neira Ayuso <pablo@netfilter.org>
[STDERR  ] 2018-02-02T11:29:50.034656068Z: [    2.668112] xt_time: kernel timezone is -0000
[STDERR  ] 2018-02-02T11:29:50.034665239Z: [    2.671907] ip_set: protocol 6
[STDERR  ] 2018-02-02T11:29:50.034674478Z: [    2.674620] IPVS: Registered protocols (TCP, UDP, SCTP, AH, ESP)
[STDERR  ] 2018-02-02T11:29:50.034683372Z: [    2.679711] IPVS: Connection hash table configured (size=4096, memory=64Kbytes)
[STDERR  ] 2018-02-02T11:29:50.034692435Z: [    2.686104] IPVS: ipvs loaded.
[STDERR  ] 2018-02-02T11:29:50.034701337Z: [    2.688748] IPVS: [rr] scheduler registered.
[STDERR  ] 2018-02-02T11:29:50.034709975Z: [    2.692487] IPVS: [wrr] scheduler registered.
[STDERR  ] 2018-02-02T11:29:50.034717896Z: [    2.696196] IPVS: [lc] scheduler registered.
[STDERR  ] 2018-02-02T11:29:50.034725627Z: [    2.699815] IPVS: [wlc] scheduler registered.
[STDERR  ] 2018-02-02T11:29:50.034733635Z: [    2.704007] IPVS: [fo] scheduler registered.
[STDERR  ] 2018-02-02T11:29:50.03474194Z: [    2.707784] IPVS: [ovf] scheduler registered.
[STDERR  ] 2018-02-02T11:29:50.034750051Z: [    2.711862] IPVS: [lblc] scheduler registered.
[STDERR  ] 2018-02-02T11:29:50.034763591Z: [    2.715624] IPVS: [lblcr] scheduler registered.
[STDERR  ] 2018-02-02T11:29:50.034771955Z: [    2.719732] IPVS: [dh] scheduler registered.
[STDERR  ] 2018-02-02T11:29:50.034781002Z: [    2.723397] IPVS: [sh] scheduler registered.
[STDERR  ] 2018-02-02T11:29:50.034789553Z: [    2.727287] IPVS: [sed] scheduler registered.
[STDERR  ] 2018-02-02T11:29:50.034797959Z: [    2.731035] IPVS: [nq] scheduler registered.
[STDERR  ] 2018-02-02T11:29:50.034806476Z: [    2.734991] IPVS: ftp: loaded support on port[0] = 21
[STDERR  ] 2018-02-02T11:29:50.034815081Z: [    2.739413] ipip: IPv4 and MPLS over IPv4 tunneling driver
[STDERR  ] 2018-02-02T11:29:50.034823615Z: [    2.744605] gre: GRE over IPv4 demultiplexor driver
[STDERR  ] 2018-02-02T11:29:50.034830291Z: [    2.748807] ip_tables: (C) 2000-2006 Netfilter Core Team
[STDERR  ] 2018-02-02T11:29:50.034838832Z: [    2.753731] ipt_CLUSTERIP: ClusterIP Version 0.8 loaded successfully
[STDERR  ] 2018-02-02T11:29:50.0348476Z: [    2.759371] arp_tables: arp_tables: (C) 2002 David S. Miller
[STDERR  ] 2018-02-02T11:29:50.034856505Z: [    2.764628] NET: Registered protocol family 10
[STDERR  ] 2018-02-02T11:29:50.03486977Z: [    2.768860] Segment Routing with IPv6
[STDERR  ] 2018-02-02T11:29:50.034878338Z: [    2.772534] ip6_tables: (C) 2000-2006 Netfilter Core Team
[STDERR  ] 2018-02-02T11:29:50.034886599Z: [    2.777805] NET: Registered protocol family 17
[STDERR  ] 2018-02-02T11:29:50.034898318Z: [    2.781708] Bridge firewalling registered
[STDERR  ] 2018-02-02T11:29:50.034906671Z: [    2.785414] Ebtables v2.0 registered
[STDERR  ] 2018-02-02T11:29:50.034914821Z: [    2.788474] 8021q: 802.1Q VLAN Support v1.8
[STDERR  ] 2018-02-02T11:29:50.03492229Z: [    2.792361] 9pnet: Installing 9P2000 support
[STDERR  ] 2018-02-02T11:29:50.034931094Z: [    2.796049] Key type dns_resolver registered
[STDERR  ] 2018-02-02T11:29:50.034939766Z: [    2.800576] registered taskstats version 1
[STDERR  ] 2018-02-02T11:29:50.034948004Z: [    2.811188] ata5: SATA link down (SStatus 0 SControl 300)
[STDERR  ] 2018-02-02T11:29:50.034956186Z: [    2.816560] ata4: SATA link down (SStatus 0 SControl 300)
[STDERR  ] 2018-02-02T11:29:50.034964419Z: [    2.822151] ata3: SATA link up 1.5 Gbps (SStatus 113 SControl 300)
[STDERR  ] 2018-02-02T11:29:50.034973376Z: [    2.827821] ata3.00: ATAPI: QEMU DVD-ROM, 2.5+, max UDMA/100
[STDERR  ] 2018-02-02T11:29:50.034981607Z: [    2.832615] ata3.00: applying bridge limits
[STDERR  ] 2018-02-02T11:29:50.034989697Z: [    2.837118] ata2: SATA link down (SStatus 0 SControl 300)
[STDERR  ] 2018-02-02T11:29:50.034997966Z: [    2.842536] ata1: SATA link down (SStatus 0 SControl 300)
[STDERR  ] 2018-02-02T11:29:50.035006179Z: [    2.847869] ata6: SATA link down (SStatus 0 SControl 300)
[STDERR  ] 2018-02-02T11:29:50.035021734Z: [    2.856540] Key type big_key registered
[STDERR  ] 2018-02-02T11:29:50.035030194Z: [    2.862292] ata3.00: configured for UDMA/100
[STDERR  ] 2018-02-02T11:29:50.035038504Z: [    2.866989] scsi 2:0:0:0: CD-ROM            QEMU     QEMU DVD-ROM     2.5+ PQ: 0 ANSI: 5
[STDERR  ] 2018-02-02T11:29:50.035046925Z: [    2.875631] Key type encrypted registered
[STDERR  ] 2018-02-02T11:29:50.03505523Z: [    2.882436] rtc_cmos 00:00: setting system clock to 2018-02-02 11:29:45 UTC (1517570985)
[STDERR  ] 2018-02-02T11:29:50.035071269Z: [    2.900943] sr 2:0:0:0: [sr0] scsi3-mmc drive: 4x/4x cd/rw xa/form2 tray
[STDERR  ] 2018-02-02T11:29:50.03507974Z: [    2.906854] cdrom: Uniform CD-ROM driver Revision: 3.20
[STDERR  ] 2018-02-02T11:29:50.035088103Z: [    2.912035] sr 2:0:0:0: Attached scsi generic sg0 type 5
[STDERR  ] 2018-02-02T11:29:50.035096785Z: [    2.918702] Freeing unused kernel memory: 1496K
[STDERR  ] 2018-02-02T11:29:50.035105265Z: [    2.922870] Write protecting the kernel read-only data: 18432k
[STDERR  ] 2018-02-02T11:29:50.035113864Z: [    2.928813] Freeing unused kernel memory: 2024K
[STDERR  ] 2018-02-02T11:29:50.035122505Z: [    2.935867] Freeing unused kernel memory: 1144K
[STDERR  ] 2018-02-02T11:29:50.035131134Z: 
[STDERR  ] 2018-02-02T11:29:50.035143256Z: Welcome to LinuxKit
[STDERR  ] 2018-02-02T11:29:50.035154952Z: 
[STDERR  ] 2018-02-02T11:29:50.03516307Z:                         ##         .
[STDERR  ] 2018-02-02T11:29:50.035171672Z:                   ## ## ##        ==
[STDERR  ] 2018-02-02T11:29:50.035180355Z:                ## ## ## ## ##    ===
[STDERR  ] 2018-02-02T11:29:50.035188729Z:            /"""""""""""""""""\___/ ===
[STDERR  ] 2018-02-02T11:29:50.035197023Z:           {                       /  ===-
[STDERR  ] 2018-02-02T11:29:50.035205472Z:            \______ O           __/
[STDERR  ] 2018-02-02T11:29:50.035214485Z:              \    \         __/
[STDERR  ] 2018-02-02T11:29:50.035222929Z:               \____\_______/
[STDERR  ] 2018-02-02T11:29:50.035231198Z: 
[STDERR  ] 2018-02-02T11:29:50.03523977Z: Linux linuxkit-52371e93cd05 4.14.16-linuxkit #1 SMP Thu Feb 1 14:46:58 UTC 2018 x86_64 Linux
[STDERR  ] 2018-02-02T11:29:50.03524804Z: filename:       hello_world.ko
[STDERR  ] 2018-02-02T11:29:50.035266306Z: author:         Rolf Neugebauer <rolf.neugebauer@docker.com>
[STDERR  ] 2018-02-02T11:29:50.035278754Z: description:    A simple Hello World kernel module for testing
[STDERR  ] 2018-02-02T11:29:50.035287174Z: license:        GPL
[STDERR  ] 2018-02-02T11:29:50.035295504Z: depends:        
[STDERR  ] 2018-02-02T11:29:50.035304071Z: vermagic:       4.14.16-linuxkit SMP mod_unload modversions RANDSTRUCT_PLUGIN_b3fc0a145c1ec79ef4a0ca3ec54632ff5e96d83949db950c1f1e7a5ff8909e69
[STDERR  ] 2018-02-02T11:29:50.035314011Z: [    3.592473] hello_world: loading out-of-tree module taints kernel.
[STDERR  ] 2018-02-02T11:29:50.035323462Z: [    3.598231] Hello LinuxKit
[STDERR  ] 2018-02-02T11:29:50.035331921Z: [    3.605323] Goodbye LinuxKit.
[STDERR  ] 2018-02-02T11:29:50.035340466Z: Kernel module test suite PASSED
[STDERR  ] 2018-02-02T11:29:50.035349238Z: [    6.680403] ACPI: Preparing to enter system sleep state S5
[STDERR  ] 2018-02-02T11:29:50.03535752Z: [    6.686050] reboot: Power down
[STDERR  ] 2018-02-02T11:29:50.035365801Z: + grep -q Hello LinuxKit
[STDERR  ] 2018-02-02T11:29:50.03614606Z: + echo [    0.000000] Linux version 4.14.16-linuxkit (root@90fdd72417e6) (gcc version 6.4.0 (Alpine 6.4.0)) #1 SMP Thu Feb 1 14:46:58 UTC 2018
[STDERR  ] 2018-02-02T11:29:50.036179406Z: [    0.000000] Command line: console=ttyS0 console=ttyAMA0
[STDERR  ] 2018-02-02T11:29:50.036189125Z: [    0.000000] x86/fpu: x87 FPU will use FXSAVE
[STDERR  ] 2018-02-02T11:29:50.036198085Z: [    0.000000] e820: BIOS-provided physical RAM map:
[STDERR  ] 2018-02-02T11:29:50.036218338Z: [    0.000000] BIOS-e820: [mem 0x0000000000000000-0x000000000009fbff] usable
[STDERR  ] 2018-02-02T11:29:50.036227532Z: [    0.000000] BIOS-e820: [mem 0x000000000009fc00-0x000000000009ffff] reserved
[STDERR  ] 2018-02-02T11:29:50.036246609Z: [    0.000000] BIOS-e820: [mem 0x00000000000f0000-0x00000000000fffff] reserved
[STDERR  ] 2018-02-02T11:29:50.036254956Z: [    0.000000] BIOS-e820: [mem 0x0000000000100000-0x000000003ffdefff] usable
[STDERR  ] 2018-02-02T11:29:50.036264123Z: [    0.000000] BIOS-e820: [mem 0x000000003ffdf000-0x000000003fffffff] reserved
[STDERR  ] 2018-02-02T11:29:50.03627236Z: [    0.000000] BIOS-e820: [mem 0x00000000b0000000-0x00000000bfffffff] reserved
[STDERR  ] 2018-02-02T11:29:50.03629345Z: [    0.000000] BIOS-e820: [mem 0x00000000fed1c000-0x00000000fed1ffff] reserved
[STDERR  ] 2018-02-02T11:29:50.036301817Z: [    0.000000] BIOS-e820: [mem 0x00000000feffc000-0x00000000feffffff] reserved
[STDERR  ] 2018-02-02T11:29:50.036310037Z: [    0.000000] BIOS-e820: [mem 0x00000000fffc0000-0x00000000ffffffff] reserved
[STDERR  ] 2018-02-02T11:29:50.036317462Z: [    0.000000] NX (Execute Disable) protection: active
[STDERR  ] 2018-02-02T11:29:50.036330076Z: [    0.000000] random: fast init done
[STDERR  ] 2018-02-02T11:29:50.036338473Z: [    0.000000] SMBIOS 2.8 present.
[STDERR  ] 2018-02-02T11:29:50.036346598Z: [    0.000000] DMI: QEMU Standard PC (Q35 + ICH9, 2009), BIOS rel-1.10.2-0-g5f4c7b1-prebuilt.qemu-project.org 04/01/2014
[STDERR  ] 2018-02-02T11:29:50.036370056Z: [    0.000000] Hypervisor detected: KVM
[STDERR  ] 2018-02-02T11:29:50.036378897Z: [    0.000000] tsc: Fast TSC calibration failed
[STDERR  ] 2018-02-02T11:29:50.036389923Z: [    0.000000] tsc: Unable to calibrate against PIT
[STDERR  ] 2018-02-02T11:29:50.036398752Z: [    0.000000] tsc: No reference (HPET/PMTIMER) available
[STDERR  ] 2018-02-02T11:29:50.036406646Z: [    0.000000] e820: last_pfn = 0x3ffdf max_arch_pfn = 0x400000000
[STDERR  ] 2018-02-02T11:29:50.036414664Z: [    0.000000] x86/PAT: PAT not supported by CPU.
[STDERR  ] 2018-02-02T11:29:50.036422552Z: [    0.000000] x86/PAT: Configuration [0-7]: WB  WT  UC- UC  WB  WT  UC- UC  
[STDERR  ] 2018-02-02T11:29:50.036433451Z: [    0.000000] found SMP MP-table at [mem 0x000f6aa0-0x000f6aaf] mapped at [ffffffffff200aa0]
[STDERR  ] 2018-02-02T11:29:50.036452809Z: [    0.000000] RAMDISK: [mem 0x3e6d8000-0x3ffcffff]
[STDERR  ] 2018-02-02T11:29:50.036460714Z: [    0.000000] ACPI: Early table checksum verification disabled
[STDERR  ] 2018-02-02T11:29:50.036468612Z: [    0.000000] ACPI: RSDP 0x00000000000F68B0 000014 (v00 BOCHS )
[STDERR  ] 2018-02-02T11:29:50.036475913Z: [    0.000000] ACPI: RSDT 0x000000003FFE20A8 000034 (v01 BOCHS  BXPCRSDT 00000001 BXPC 00000001)
[STDERR  ] 2018-02-02T11:29:50.036484237Z: [    0.000000] ACPI: FACP 0x000000003FFE1EC8 0000F4 (v03 BOCHS  BXPCFACP 00000001 BXPC 00000001)
[STDERR  ] 2018-02-02T11:29:50.036492998Z: [    0.000000] ACPI: DSDT 0x000000003FFE0040 001E88 (v01 BOCHS  BXPCDSDT 00000001 BXPC 00000001)
[STDERR  ] 2018-02-02T11:29:50.036501518Z: [    0.000000] ACPI: FACS 0x000000003FFE0000 000040
[STDERR  ] 2018-02-02T11:29:50.036510192Z: [    0.000000] ACPI: APIC 0x000000003FFE1FBC 000078 (v01 BOCHS  BXPCAPIC 00000001 BXPC 00000001)
[STDERR  ] 2018-02-02T11:29:50.036530606Z: [    0.000000] ACPI: HPET 0x000000003FFE2034 000038 (v01 BOCHS  BXPCHPET 00000001 BXPC 00000001)
[STDERR  ] 2018-02-02T11:29:50.036539931Z: [    0.000000] ACPI: MCFG 0x000000003FFE206C 00003C (v01 BOCHS  BXPCMCFG 00000001 BXPC 00000001)
[STDERR  ] 2018-02-02T11:29:50.036549636Z: [    0.000000] kvm-clock: Using msrs 4b564d01 and 4b564d00
[STDERR  ] 2018-02-02T11:29:50.036558398Z: [    0.000000] kvm-clock: cpu 0, msr 0:3ffdd001, primary cpu clock
[STDERR  ] 2018-02-02T11:29:50.036573852Z: [    0.000000] clocksource: kvm-clock: mask: 0xffffffffffffffff max_cycles: 0x1cd42e4dffb, max_idle_ns: 881590591483 ns
[STDERR  ] 2018-02-02T11:29:50.03658215Z: [    0.000000] Zone ranges:
[STDERR  ] 2018-02-02T11:29:50.036590749Z: [    0.000000]   DMA      [mem 0x0000000000001000-0x0000000000ffffff]
[STDERR  ] 2018-02-02T11:29:50.036615539Z: [    0.000000]   DMA32    [mem 0x0000000001000000-0x000000003ffdefff]
[STDERR  ] 2018-02-02T11:29:50.03662912Z: [    0.000000]   Normal   empty
[STDERR  ] 2018-02-02T11:29:50.036637304Z: [    0.000000]   Device   empty
[STDERR  ] 2018-02-02T11:29:50.036646003Z: [    0.000000] Movable zone start for each node
[STDERR  ] 2018-02-02T11:29:50.036654225Z: [    0.000000] Early memory node ranges
[STDERR  ] 2018-02-02T11:29:50.036662338Z: [    0.000000]   node   0: [mem 0x0000000000001000-0x000000000009efff]
[STDERR  ] 2018-02-02T11:29:50.036670633Z: [    0.000000]   node   0: [mem 0x0000000000100000-0x000000003ffdefff]
[STDERR  ] 2018-02-02T11:29:50.036691258Z: [    0.000000] Initmem setup node 0 [mem 0x0000000000001000-0x000000003ffdefff]
[STDERR  ] 2018-02-02T11:29:50.036699168Z: [    0.000000] ACPI: PM-Timer IO Port: 0x608
[STDERR  ] 2018-02-02T11:29:50.036708191Z: [    0.000000] ACPI: LAPIC_NMI (acpi_id[0xff] dfl dfl lint[0x1])
[STDERR  ] 2018-02-02T11:29:50.036717007Z: [    0.000000] IOAPIC[0]: apic_id 0, version 17, address 0xfec00000, GSI 0-23
[STDERR  ] 2018-02-02T11:29:50.036725328Z: [    0.000000] ACPI: INT_SRC_OVR (bus 0 bus_irq 0 global_irq 2 dfl dfl)
[STDERR  ] 2018-02-02T11:29:50.036733261Z: [    0.000000] ACPI: INT_SRC_OVR (bus 0 bus_irq 5 global_irq 5 high level)
[STDERR  ] 2018-02-02T11:29:50.036740947Z: [    0.000000] ACPI: INT_SRC_OVR (bus 0 bus_irq 9 global_irq 9 high level)
[STDERR  ] 2018-02-02T11:29:50.036764752Z: [    0.000000] ACPI: INT_SRC_OVR (bus 0 bus_irq 10 global_irq 10 high level)
[STDERR  ] 2018-02-02T11:29:50.036773447Z: [    0.000000] ACPI: INT_SRC_OVR (bus 0 bus_irq 11 global_irq 11 high level)
[STDERR  ] 2018-02-02T11:29:50.036785103Z: [    0.000000] Using ACPI (MADT) for SMP configuration information
[STDERR  ] 2018-02-02T11:29:50.03679324Z: [    0.000000] ACPI: HPET id: 0x8086a201 base: 0xfed00000
[STDERR  ] 2018-02-02T11:29:50.036805244Z: [    0.000000] smpboot: Allowing 1 CPUs, 0 hotplug CPUs
[STDERR  ] 2018-02-02T11:29:50.036813798Z: [    0.000000] e820: [mem 0x40000000-0xafffffff] available for PCI devices
[STDERR  ] 2018-02-02T11:29:50.036822158Z: [    0.000000] Booting paravirtualized kernel on KVM
[STDERR  ] 2018-02-02T11:29:50.036842241Z: [    0.000000] clocksource: refined-jiffies: mask: 0xffffffff max_cycles: 0xffffffff, max_idle_ns: 19112604462750000 ns
[STDERR  ] 2018-02-02T11:29:50.036851735Z: [    0.000000] setup_percpu: NR_CPUS:128 nr_cpumask_bits:128 nr_cpu_ids:1 nr_node_ids:1
[STDERR  ] 2018-02-02T11:29:50.036861655Z: [    0.000000] percpu: Embedded 44 pages/cpu @ffff91d4fe400000 s143064 r8192 d28968 u2097152
[STDERR  ] 2018-02-02T11:29:50.036870086Z: [    0.000000] KVM setup async PF for cpu 0
[STDERR  ] 2018-02-02T11:29:50.036878354Z: [    0.000000] kvm-stealtime: cpu 0, msr 3e415f00
[STDERR  ] 2018-02-02T11:29:50.036886735Z: [    0.000000] Built 1 zonelists, mobility grouping on.  Total pages: 257896
[STDERR  ] 2018-02-02T11:29:50.03689513Z: [    0.000000] Kernel command line: console=ttyS0 console=ttyAMA0
[STDERR  ] 2018-02-02T11:29:50.036903406Z: [    0.000000] PID hash table entries: 4096 (order: 3, 32768 bytes)
[STDERR  ] 2018-02-02T11:29:50.036922636Z: [    0.000000] Dentry cache hash table entries: 131072 (order: 8, 1048576 bytes)
[STDERR  ] 2018-02-02T11:29:50.03693077Z: [    0.000000] Inode-cache hash table entries: 65536 (order: 7, 524288 bytes)
[STDERR  ] 2018-02-02T11:29:50.036940784Z: [    0.000000] Memory: 979284K/1048052K available (12300K kernel code, 1451K rwdata, 2952K rodata, 1496K init, 628K bss, 68768K reserved, 0K cma-reserved)
[STDERR  ] 2018-02-02T11:29:50.036950629Z: [    0.000000] Kernel/User page tables isolation: enabled
[STDERR  ] 2018-02-02T11:29:50.036959255Z: [    0.000000] ftrace: allocating 40625 entries in 159 pages
[STDERR  ] 2018-02-02T11:29:50.036967764Z: [    0.010000] Hierarchical RCU implementation.
[STDERR  ] 2018-02-02T11:29:50.036976362Z: [    0.010000] 	RCU restricting CPUs from NR_CPUS=128 to nr_cpu_ids=1.
[STDERR  ] 2018-02-02T11:29:50.036984446Z: [    0.010000] RCU: Adjusting geometry for rcu_fanout_leaf=16, nr_cpu_ids=1
[STDERR  ] 2018-02-02T11:29:50.037002891Z: [    0.010000] NR_IRQS: 8448, nr_irqs: 256, preallocated irqs: 16
[STDERR  ] 2018-02-02T11:29:50.037016207Z: [    0.010000] Console: colour VGA+ 80x25
[STDERR  ] 2018-02-02T11:29:50.037024679Z: [    0.010000] console [ttyS0] enabled
[STDERR  ] 2018-02-02T11:29:50.037032771Z: [    0.010000] clocksource: hpet: mask: 0xffffffff max_cycles: 0xffffffff, max_idle_ns: 19112604467 ns
[STDERR  ] 2018-02-02T11:29:50.037041396Z: [    0.010035] tsc: Detected 2299.862 MHz processor
[STDERR  ] 2018-02-02T11:29:50.037049842Z: [    0.013937] Calibrating delay loop (skipped) preset value.. 4599.72 BogoMIPS (lpj=22998620)
[STDERR  ] 2018-02-02T11:29:50.037058445Z: [    0.020034] pid_max: default: 32768 minimum: 301
[STDERR  ] 2018-02-02T11:29:50.037077082Z: [    0.023992] ACPI: Core revision 20170728
[STDERR  ] 2018-02-02T11:29:50.037085743Z: [    0.028036] ACPI: 1 ACPI AML tables successfully acquired and loaded
[STDERR  ] 2018-02-02T11:29:50.037094559Z: [    0.030098] Security Framework initialized
[STDERR  ] 2018-02-02T11:29:50.037102571Z: [    0.033573] Yama: becoming mindful.
[STDERR  ] 2018-02-02T11:29:50.037110555Z: [    0.040091] Mount-cache hash table entries: 2048 (order: 2, 16384 bytes)
[STDERR  ] 2018-02-02T11:29:50.037119603Z: [    0.045799] Mountpoint-cache hash table entries: 2048 (order: 2, 16384 bytes)
[STDERR  ] 2018-02-02T11:29:50.037127916Z: [    0.051002] CPU: Physical Processor ID: 0
[STDERR  ] 2018-02-02T11:29:50.03715447Z: [    0.060081] Last level iTLB entries: 4KB 0, 2MB 0, 4MB 0
[STDERR  ] 2018-02-02T11:29:50.037163203Z: [    0.064744] Last level dTLB entries: 4KB 0, 2MB 0, 4MB 0, 1GB 0
[STDERR  ] 2018-02-02T11:29:50.037171284Z: [    0.070034] Spectre V2 mitigation: Vulnerable: Minimal generic ASM retpoline
[STDERR  ] 2018-02-02T11:29:50.037179363Z: [    0.085031] Freeing SMP alternatives memory: 20K
[STDERR  ] 2018-02-02T11:29:50.037187736Z: [    0.089670] smpboot: Max logical packages: 1
[STDERR  ] 2018-02-02T11:29:50.037195808Z: [    0.092802] x2apic enabled
[STDERR  ] 2018-02-02T11:29:50.037203829Z: [    0.100040] Switched APIC routing to physical x2apic.
[STDERR  ] 2018-02-02T11:29:50.03721452Z: [    0.118087] ..TIMER: vector=0x30 apic1=0 pin1=2 apic2=-1 pin2=-1
[STDERR  ] 2018-02-02T11:29:50.037232447Z: [    0.120000] APIC calibration not consistent with PM-Timer: 101ms instead of 100ms
[STDERR  ] 2018-02-02T11:29:50.03723996Z: [    0.120000] APIC delta adjusted to PM-Timer: 6250259 (6350818)
[STDERR  ] 2018-02-02T11:29:50.03724762Z: [    0.120293] smpboot: CPU0: Intel QEMU Virtual CPU version 2.5+ (family: 0x6, model: 0x6, stepping: 0x3)
[STDERR  ] 2018-02-02T11:29:50.037256034Z: [    0.128441] Performance Events: PMU not available due to virtualization, using software events only.
[STDERR  ] 2018-02-02T11:29:50.037267926Z: [    0.140473] Hierarchical SRCU implementation.
[STDERR  ] 2018-02-02T11:29:50.037277948Z: [    0.144490] NMI watchdog: Perf event create on CPU 0 failed with -2
[STDERR  ] 2018-02-02T11:29:50.037285445Z: [    0.150010] NMI watchdog: Perf NMI watchdog permanently disabled
[STDERR  ] 2018-02-02T11:29:50.037292893Z: [    0.155330] smp: Bringing up secondary CPUs ...
[STDERR  ] 2018-02-02T11:29:50.037309894Z: [    0.160010] smp: Brought up 1 node, 1 CPU
[STDERR  ] 2018-02-02T11:29:50.037317248Z: [    0.163404] smpboot: Total of 1 processors activated (4599.72 BogoMIPS)
[STDERR  ] 2018-02-02T11:29:50.037324853Z: [    0.172848] devtmpfs: initialized
[STDERR  ] 2018-02-02T11:29:50.037332451Z: [    0.175869] x86/mm: Memory block size: 128MB
[STDERR  ] 2018-02-02T11:29:50.037340345Z: [    0.180448] clocksource: jiffies: mask: 0xffffffff max_cycles: 0xffffffff, max_idle_ns: 19112604462750000 ns
[STDERR  ] 2018-02-02T11:29:50.037348245Z: [    0.190028] futex hash table entries: 256 (order: 2, 16384 bytes)
[STDERR  ] 2018-02-02T11:29:50.037356262Z: [    0.195467] NET: Registered protocol family 16
[STDERR  ] 2018-02-02T11:29:50.037364365Z: [    0.199597] cpuidle: using governor ladder
[STDERR  ] 2018-02-02T11:29:50.037372376Z: [    0.200013] cpuidle: using governor menu
[STDERR  ] 2018-02-02T11:29:50.037389676Z: [    0.203510] ACPI: bus type PCI registered
[STDERR  ] 2018-02-02T11:29:50.03740336Z: [    0.210468] PCI: MMCONFIG for domain 0000 [bus 00-ff] at [mem 0xb0000000-0xbfffffff] (base 0xb0000000)
[STDERR  ] 2018-02-02T11:29:50.037415568Z: [    0.218295] PCI: MMCONFIG at [mem 0xb0000000-0xbfffffff] reserved in E820
[STDERR  ] 2018-02-02T11:29:50.037424197Z: [    0.220031] PCI: Using configuration type 1 for base access
[STDERR  ] 2018-02-02T11:29:50.037432499Z: [    0.231357] HugeTLB registered 2.00 MiB page size, pre-allocated 0 pages
[STDERR  ] 2018-02-02T11:29:50.03744069Z: [    0.237421] ACPI: Added _OSI(Module Device)
[STDERR  ] 2018-02-02T11:29:50.037448868Z: [    0.240017] ACPI: Added _OSI(Processor Device)
[STDERR  ] 2018-02-02T11:29:50.037468165Z: [    0.243812] ACPI: Added _OSI(3.0 _SCP Extensions)
[STDERR  ] 2018-02-02T11:29:50.037476172Z: [    0.247774] ACPI: Added _OSI(Processor Aggregator Device)
[STDERR  ] 2018-02-02T11:29:50.037484032Z: [    0.260303] ACPI: Interpreter enabled
[STDERR  ] 2018-02-02T11:29:50.037491432Z: [    0.263598] ACPI: (supports S0 S5)
[STDERR  ] 2018-02-02T11:29:50.037500255Z: [    0.266500] ACPI: Using IOAPIC for interrupt routing
[STDERR  ] 2018-02-02T11:29:50.037509415Z: [    0.270074] PCI: Using host bridge windows from ACPI; if necessary, use "pci=nocrs" and report a bug
[STDERR  ] 2018-02-02T11:29:50.03751953Z: [    0.278081] ACPI: Enabled 1 GPEs in block 00 to 3F
[STDERR  ] 2018-02-02T11:29:50.037542953Z: [    0.284696] ACPI: PCI Root Bridge [PCI0] (domain 0000 [bus 00-ff])
[STDERR  ] 2018-02-02T11:29:50.037555007Z: [    0.290024] acpi PNP0A08:00: _OSC: OS supports [ExtendedConfig ASPM ClockPM Segments MSI]
[STDERR  ] 2018-02-02T11:29:50.037570581Z: [    0.300144] acpi PNP0A08:00: _OSC: OS now controls [PCIeHotplug PME PCIeCapability]
[STDERR  ] 2018-02-02T11:29:50.037579351Z: [    0.306614] PCI host bridge to bus 0000:00
[STDERR  ] 2018-02-02T11:29:50.037587179Z: [    0.310014] pci_bus 0000:00: root bus resource [io  0x0000-0x0cf7 window]
[STDERR  ] 2018-02-02T11:29:50.037594791Z: [    0.315808] pci_bus 0000:00: root bus resource [io  0x0d00-0xffff window]
[STDERR  ] 2018-02-02T11:29:50.03760283Z: [    0.320013] pci_bus 0000:00: root bus resource [mem 0x000a0000-0x000bffff window]
[STDERR  ] 2018-02-02T11:29:50.037621454Z: [    0.326302] pci_bus 0000:00: root bus resource [mem 0xc0000000-0xfebfffff window]
[STDERR  ] 2018-02-02T11:29:50.037629004Z: [    0.330016] pci_bus 0000:00: root bus resource [bus 00-ff]
[STDERR  ] 2018-02-02T11:29:50.037636746Z: [    0.542563] pci 0000:00:1f.0: quirk: [io  0x0600-0x067f] claimed by ICH6 ACPI/GPIO/TCO
[STDERR  ] 2018-02-02T11:29:50.037644822Z: [    0.638915] ACPI: PCI Interrupt Link [LNKA] (IRQs 5 *10 11)
[STDERR  ] 2018-02-02T11:29:50.037653115Z: [    0.640357] ACPI: PCI Interrupt Link [LNKB] (IRQs 5 *10 11)
[STDERR  ] 2018-02-02T11:29:50.037661082Z: [    0.650101] ACPI: PCI Interrupt Link [LNKC] (IRQs 5 10 *11)
[STDERR  ] 2018-02-02T11:29:50.037669177Z: [    0.655297] ACPI: PCI Interrupt Link [LNKD] (IRQs 5 10 *11)
[STDERR  ] 2018-02-02T11:29:50.037677782Z: [    0.660349] ACPI: PCI Interrupt Link [LNKE] (IRQs 5 *10 11)
[STDERR  ] 2018-02-02T11:29:50.03769571Z: [    0.665340] ACPI: PCI Interrupt Link [LNKF] (IRQs 5 *10 11)
[STDERR  ] 2018-02-02T11:29:50.037703991Z: [    0.670345] ACPI: PCI Interrupt Link [LNKG] (IRQs 5 10 *11)
[STDERR  ] 2018-02-02T11:29:50.037712434Z: [    0.675384] ACPI: PCI Interrupt Link [LNKH] (IRQs 5 10 *11)
[STDERR  ] 2018-02-02T11:29:50.037720532Z: [    0.680180] ACPI: PCI Interrupt Link [GSIA] (IRQs *16)
[STDERR  ] 2018-02-02T11:29:50.037730619Z: [    0.684569] ACPI: PCI Interrupt Link [GSIB] (IRQs *17)
[STDERR  ] 2018-02-02T11:29:50.037741454Z: [    0.688958] ACPI: PCI Interrupt Link [GSIC] (IRQs *18)
[STDERR  ] 2018-02-02T11:29:50.037752346Z: [    0.690042] ACPI: PCI Interrupt Link [GSID] (IRQs *19)
[STDERR  ] 2018-02-02T11:29:50.037760521Z: [    0.694800] ACPI: PCI Interrupt Link [GSIE] (IRQs *20)
[STDERR  ] 2018-02-02T11:29:50.037777311Z: [    0.700041] ACPI: PCI Interrupt Link [GSIF] (IRQs *21)
[STDERR  ] 2018-02-02T11:29:50.037832468Z: [    0.704507] ACPI: PCI Interrupt Link [GSIG] (IRQs *22)
[STDERR  ] 2018-02-02T11:29:50.037854598Z: [    0.710037] ACPI: PCI Interrupt Link [GSIH] (IRQs *23)
[STDERR  ] 2018-02-02T11:29:50.037863044Z: [    0.714918] SCSI subsystem initialized
[STDERR  ] 2018-02-02T11:29:50.03787111Z: [    0.720133] ACPI: bus type USB registered
[STDERR  ] 2018-02-02T11:29:50.037879352Z: [    0.723653] usbcore: registered new interface driver usbfs
[STDERR  ] 2018-02-02T11:29:50.037887427Z: [    0.728394] usbcore: registered new interface driver hub
[STDERR  ] 2018-02-02T11:29:50.037895612Z: [    0.730055] usbcore: registered new device driver usb
[STDERR  ] 2018-02-02T11:29:50.037904125Z: [    0.734476] pps_core: LinuxPPS API ver. 1 registered
[STDERR  ] 2018-02-02T11:29:50.037911936Z: [    0.740011] pps_core: Software ver. 5.3.6 - Copyright 2005-2007 Rodolfo Giometti <giometti@linux.it>
[STDERR  ] 2018-02-02T11:29:50.037930772Z: [    0.747752] PTP clock support registered
[STDERR  ] 2018-02-02T11:29:50.037941007Z: [    0.750122] PCI: Using ACPI for IRQ routing
[STDERR  ] 2018-02-02T11:29:50.037949107Z: [    1.257625] NetLabel: Initializing
[STDERR  ] 2018-02-02T11:29:50.037957162Z: [    1.260011] NetLabel:  domain hash size = 128
[STDERR  ] 2018-02-02T11:29:50.037965442Z: [    1.263730] NetLabel:  protocols = UNLABELED CIPSOv4 CALIPSO
[STDERR  ] 2018-02-02T11:29:50.037980786Z: [    1.268593] NetLabel:  unlabeled traffic allowed by default
[STDERR  ] 2018-02-02T11:29:50.037989315Z: [    1.270290] HPET: 3 timers in total, 0 timers will be used for per-cpu timer
[STDERR  ] 2018-02-02T11:29:50.03800835Z: [    1.280125] hpet0: at MMIO 0xfed00000, IRQs 2, 8, 0
[STDERR  ] 2018-02-02T11:29:50.038017402Z: [    1.284250] hpet0: 3 comparators, 64-bit 100.000000 MHz counter
[STDERR  ] 2018-02-02T11:29:50.038026078Z: [    1.295746] clocksource: Switched to clocksource kvm-clock
[STDERR  ] 2018-02-02T11:29:50.038034712Z: [    1.326696] VFS: Disk quotas dquot_6.6.0
[STDERR  ] 2018-02-02T11:29:50.038043332Z: [    1.330400] VFS: Dquot-cache hash table entries: 512 (order 0, 4096 bytes)
[STDERR  ] 2018-02-02T11:29:50.038056611Z: [    1.336587] FS-Cache: Loaded
[STDERR  ] 2018-02-02T11:29:50.038065495Z: [    1.339284] CacheFiles: Loaded
[STDERR  ] 2018-02-02T11:29:50.038084154Z: [    1.342084] pnp: PnP ACPI init
[STDERR  ] 2018-02-02T11:29:50.038093371Z: [    1.346148] pnp: PnP ACPI: found 5 devices
[STDERR  ] 2018-02-02T11:29:50.038101763Z: [    1.355887] clocksource: acpi_pm: mask: 0xffffff max_cycles: 0xffffff, max_idle_ns: 2085701024 ns
[STDERR  ] 2018-02-02T11:29:50.03811366Z: [    1.363693] NET: Registered protocol family 2
[STDERR  ] 2018-02-02T11:29:50.038122624Z: [    1.367908] TCP established hash table entries: 8192 (order: 4, 65536 bytes)
[STDERR  ] 2018-02-02T11:29:50.038131203Z: [    1.374016] TCP bind hash table entries: 8192 (order: 5, 131072 bytes)
[STDERR  ] 2018-02-02T11:29:50.038143802Z: [    1.385792] TCP: Hash tables configured (established 8192 bind 8192)
[STDERR  ] 2018-02-02T11:29:50.038163798Z: [    1.391471] UDP hash table entries: 512 (order: 2, 16384 bytes)
[STDERR  ] 2018-02-02T11:29:50.038172157Z: [    1.396767] UDP-Lite hash table entries: 512 (order: 2, 16384 bytes)
[STDERR  ] 2018-02-02T11:29:50.038180465Z: [    1.402308] NET: Registered protocol family 1
[STDERR  ] 2018-02-02T11:29:50.038188889Z: [    1.406280] pci 0000:00:01.0: Video device with shadowed ROM at [mem 0x000c0000-0x000dffff]
[STDERR  ] 2018-02-02T11:29:50.038197427Z: [    1.413782] Trying to unpack rootfs image as initramfs...
[STDERR  ] 2018-02-02T11:29:50.038208275Z: [    2.085446] Freeing initrd memory: 25568K
[STDERR  ] 2018-02-02T11:29:50.038216796Z: [    2.090670] PCLMULQDQ-NI instructions are not detected.
[STDERR  ] 2018-02-02T11:29:50.03822487Z: [    2.095725] AVX or AES-NI instructions are not detected.
[STDERR  ] 2018-02-02T11:29:50.038243227Z: [    2.100910] CPU feature 'AVX registers' is not supported.
[STDERR  ] 2018-02-02T11:29:50.038251597Z: [    2.106006] CPU feature 'AVX registers' is not supported.
[STDERR  ] 2018-02-02T11:29:50.038259873Z: [    2.111160] CPU feature 'AVX registers' is not supported.
[STDERR  ] 2018-02-02T11:29:50.038272666Z: [    2.116258] CPU feature 'AVX registers' is not supported.
[STDERR  ] 2018-02-02T11:29:50.038281258Z: [    2.121416] AVX2 or AES-NI instructions are not detected.
[STDERR  ] 2018-02-02T11:29:50.038289628Z: [    2.126510] AVX2 instructions are not detected.
[STDERR  ] 2018-02-02T11:29:50.038298227Z: [    2.131098] audit: initializing netlink subsys (disabled)
[STDERR  ] 2018-02-02T11:29:50.038315535Z: [    2.136644] audit: type=2000 audit(1517570984.554:1): state=initialized audit_enabled=0 res=1
[STDERR  ] 2018-02-02T11:29:50.038324041Z: [    2.144874] workingset: timestamp_bits=46 max_order=18 bucket_order=0
[STDERR  ] 2018-02-02T11:29:50.038332126Z: [    2.151492] squashfs: version 4.0 (2009/01/31) Phillip Lougher
[STDERR  ] 2018-02-02T11:29:50.038340371Z: [    2.159074] FS-Cache: Netfs 'cifs' registered for caching
[STDERR  ] 2018-02-02T11:29:50.038348025Z: [    2.164920] fuse init (API version 7.26)
[STDERR  ] 2018-02-02T11:29:50.038356158Z: [    2.168868] SGI XFS with ACLs, security attributes, no debug enabled
[STDERR  ] 2018-02-02T11:29:50.038364583Z: [    2.176936] 9p: Installing v9fs 9p2000 file system support
[STDERR  ] 2018-02-02T11:29:50.038372491Z: [    2.182449] FS-Cache: Netfs '9p' registered for caching
[STDERR  ] 2018-02-02T11:29:50.038393609Z: [    2.195867] NET: Registered protocol family 38
[STDERR  ] 2018-02-02T11:29:50.038402058Z: [    2.200471] Key type asymmetric registered
[STDERR  ] 2018-02-02T11:29:50.038410077Z: [    2.204459] Asymmetric key parser 'x509' registered
[STDERR  ] 2018-02-02T11:29:50.038418446Z: [    2.209193] Block layer SCSI generic (bsg) driver version 0.4 loaded (major 248)
[STDERR  ] 2018-02-02T11:29:50.038426943Z: [    2.216898] io scheduler noop registered
[STDERR  ] 2018-02-02T11:29:50.038434827Z: [    2.220866] io scheduler deadline registered (default)
[STDERR  ] 2018-02-02T11:29:50.038443203Z: [    2.225839] io scheduler cfq registered
[STDERR  ] 2018-02-02T11:29:50.038450795Z: [    2.229670] io scheduler mq-deadline registered
[STDERR  ] 2018-02-02T11:29:50.038459214Z: [    2.234108] io scheduler kyber registered
[STDERR  ] 2018-02-02T11:29:50.038477377Z: [    2.238392] shpchp: Standard Hot Plug PCI Controller Driver version: 0.4
[STDERR  ] 2018-02-02T11:29:50.038485068Z: [    2.244944] hv_vmbus: registering driver hyperv_fb
[STDERR  ] 2018-02-02T11:29:50.038493125Z: [    2.249738] input: Power Button as /devices/LNXSYSTM:00/LNXPWRBN:00/input/input0
[STDERR  ] 2018-02-02T11:29:50.038501028Z: [    2.256825] ACPI: Power Button [PWRF]
[STDERR  ] 2018-02-02T11:29:50.038508851Z: [    2.262115] ACPI: PCI Interrupt Link [GSIG] enabled at IRQ 22
[STDERR  ] 2018-02-02T11:29:50.038516777Z: [    2.277827] ACPI: PCI Interrupt Link [GSIH] enabled at IRQ 23
[STDERR  ] 2018-02-02T11:29:50.038524984Z: [    2.293103] Serial: 8250/16550 driver, 4 ports, IRQ sharing disabled
[STDERR  ] 2018-02-02T11:29:50.038536397Z: [    2.333945] 00:04: ttyS0 at I/O 0x3f8 (irq = 4, base_baud = 115200) is a 16550A
[STDERR  ] 2018-02-02T11:29:50.038554129Z: [    2.341819] Non-volatile memory driver v1.3
[STDERR  ] 2018-02-02T11:29:50.038658808Z: [    2.347153] Hangcheck: starting hangcheck timer 0.9.1 (tick is 180 seconds, margin is 60 seconds).
[STDERR  ] 2018-02-02T11:29:50.038670652Z: [    2.355711] random: crng init done
[STDERR  ] 2018-02-02T11:29:50.038679741Z: [    2.368370] brd: module loaded
[STDERR  ] 2018-02-02T11:29:50.038688153Z: [    2.381499] loop: module loaded
[STDERR  ] 2018-02-02T11:29:50.038696704Z: [    2.391785] lpc_ich 0000:00:1f.0: I/O space for GPIO uninitialized
[STDERR  ] 2018-02-02T11:29:50.038705506Z: [    2.397277] VMware PVSCSI driver - version 1.0.7.0-k
[STDERR  ] 2018-02-02T11:29:50.038718047Z: [    2.401682] hv_vmbus: registering driver hv_storvsc
[STDERR  ] 2018-02-02T11:29:50.038739847Z: [    2.406418] ACPI: PCI Interrupt Link [GSIA] enabled at IRQ 16
[STDERR  ] 2018-02-02T11:29:50.038750694Z: [    2.415574] ahci 0000:00:1f.2: AHCI 0001.0000 32 slots 6 ports 1.5 Gbps 0x3f impl SATA mode
[STDERR  ] 2018-02-02T11:29:50.038767104Z: [    2.422755] ahci 0000:00:1f.2: flags: 64bit ncq only 
[STDERR  ] 2018-02-02T11:29:50.038775576Z: [    2.431473] scsi host0: ahci
[STDERR  ] 2018-02-02T11:29:50.03878406Z: [    2.434217] scsi host1: ahci
[STDERR  ] 2018-02-02T11:29:50.038792748Z: [    2.436910] scsi host2: ahci
[STDERR  ] 2018-02-02T11:29:50.038800691Z: [    2.439586] scsi host3: ahci
[STDERR  ] 2018-02-02T11:29:50.038819939Z: [    2.442325] scsi host4: ahci
[STDERR  ] 2018-02-02T11:29:50.038831829Z: [    2.444949] scsi host5: ahci
[STDERR  ] 2018-02-02T11:29:50.038839927Z: [    2.447550] ata1: SATA max UDMA/133 abar m4096@0xfebd2000 port 0xfebd2100 irq 24
[STDERR  ] 2018-02-02T11:29:50.038847938Z: [    2.454068] ata2: SATA max UDMA/133 abar m4096@0xfebd2000 port 0xfebd2180 irq 24
[STDERR  ] 2018-02-02T11:29:50.038855241Z: [    2.460369] ata3: SATA max UDMA/133 abar m4096@0xfebd2000 port 0xfebd2200 irq 24
[STDERR  ] 2018-02-02T11:29:50.038862863Z: [    2.466757] ata4: SATA max UDMA/133 abar m4096@0xfebd2000 port 0xfebd2280 irq 24
[STDERR  ] 2018-02-02T11:29:50.038870293Z: [    2.473115] ata5: SATA max UDMA/133 abar m4096@0xfebd2000 port 0xfebd2300 irq 24
[STDERR  ] 2018-02-02T11:29:50.038877915Z: [    2.479188] ata6: SATA max UDMA/133 abar m4096@0xfebd2000 port 0xfebd2380 irq 24
[STDERR  ] 2018-02-02T11:29:50.03890611Z: [    2.488165] tun: Universal TUN/TAP device driver, 1.6
[STDERR  ] 2018-02-02T11:29:50.038915341Z: [    2.497946] VMware vmxnet3 virtual NIC driver - version 1.4.a.0-k-NAPI
[STDERR  ] 2018-02-02T11:29:50.038927272Z: [    2.503858] hv_vmbus: registering driver hv_netvsc
[STDERR  ] 2018-02-02T11:29:50.038936322Z: [    2.507915] Fusion MPT base driver 3.04.20
[STDERR  ] 2018-02-02T11:29:50.038945683Z: [    2.511502] Copyright (c) 1999-2008 LSI Corporation
[STDERR  ] 2018-02-02T11:29:50.038954496Z: [    2.515751] Fusion MPT SPI Host driver 3.04.20
[STDERR  ] 2018-02-02T11:29:50.038973288Z: [    2.519650] i8042: PNP: PS/2 Controller [PNP0303:KBD,PNP0f13:MOU] at 0x60,0x64 irq 1,12
[STDERR  ] 2018-02-02T11:29:50.038983273Z: [    2.530961] serio: i8042 KBD port at 0x60,0x64 irq 1
[STDERR  ] 2018-02-02T11:29:50.038991208Z: [    2.535249] serio: i8042 AUX port at 0x60,0x64 irq 12
[STDERR  ] 2018-02-02T11:29:50.038999356Z: [    2.539711] hv_vmbus: registering driver hyperv_keyboard
[STDERR  ] 2018-02-02T11:29:50.039007082Z: [    2.544390] mousedev: PS/2 mouse device common for all mice
[STDERR  ] 2018-02-02T11:29:50.039015533Z: [    2.550169] input: AT Translated Set 2 keyboard as /devices/platform/i8042/serio0/input/input1
[STDERR  ] 2018-02-02T11:29:50.039023999Z: [    2.557506] input: PC Speaker as /devices/platform/pcspkr/input/input2
[STDERR  ] 2018-02-02T11:29:50.039032099Z: [    2.564068] rtc_cmos 00:00: RTC can wake from S4
[STDERR  ] 2018-02-02T11:29:50.039049899Z: [    2.569562] rtc_cmos 00:00: rtc core: registered rtc_cmos as rtc0
[STDERR  ] 2018-02-02T11:29:50.039058702Z: [    2.575670] rtc_cmos 00:00: alarms up to one day, y3k, 114 bytes nvram, hpet irqs
[STDERR  ] 2018-02-02T11:29:50.039066877Z: [    2.582144] i2c /dev entries driver
[STDERR  ] 2018-02-02T11:29:50.039074863Z: [    2.585256] device-mapper: ioctl: 4.37.0-ioctl (2017-09-20) initialised: dm-devel@redhat.com
[STDERR  ] 2018-02-02T11:29:50.039083678Z: [    2.593267] usbcore: registered new interface driver usbhid
[STDERR  ] 2018-02-02T11:29:50.039092192Z: [    2.597978] usbhid: USB HID core driver
[STDERR  ] 2018-02-02T11:29:50.039100943Z: [    2.601412] hv_utils: Registering HyperV Utility Driver
[STDERR  ] 2018-02-02T11:29:50.039109473Z: [    2.605863] hv_vmbus: registering driver hv_util
[STDERR  ] 2018-02-02T11:29:50.039128809Z: [    2.609818] hv_vmbus: registering driver hv_balloon
[STDERR  ] 2018-02-02T11:29:50.039137875Z: [    2.614091] oprofile: using NMI interrupt.
[STDERR  ] 2018-02-02T11:29:50.039147178Z: [    2.617656] GACT probability on
[STDERR  ] 2018-02-02T11:29:50.039155605Z: [    2.620459] Mirror/redirect action on
[STDERR  ] 2018-02-02T11:29:50.03916452Z: [    2.623655] Simple TC action Loaded
[STDERR  ] 2018-02-02T11:29:50.039180737Z: [    2.626635] u32 classifier
[STDERR  ] 2018-02-02T11:29:50.039188996Z: [    2.628950]     Performance counters on
[STDERR  ] 2018-02-02T11:29:50.039207529Z: [    2.632309]     input device check on
[STDERR  ] 2018-02-02T11:29:50.039216226Z: [    2.635406]     Actions configured
[STDERR  ] 2018-02-02T11:29:50.039224826Z: [    2.638338] Netfilter messages via NETLINK v0.30.
[STDERR  ] 2018-02-02T11:29:50.039233094Z: [    2.642385] nfnl_acct: registering with nfnetlink.
[STDERR  ] 2018-02-02T11:29:50.039241962Z: [    2.646630] nf_conntrack version 0.5.0 (8192 buckets, 32768 max)
[STDERR  ] 2018-02-02T11:29:50.039250135Z: [    2.651838] ctnetlink v0.93: registering with nfnetlink.
[STDERR  ] 2018-02-02T11:29:50.039258308Z: [    2.656373] nf_tables: (c) 2007-2009 Patrick McHardy <kaber@trash.net>
[STDERR  ] 2018-02-02T11:29:50.03926676Z: [    2.661983] nf_tables_compat: (c) 2012 Pablo Neira Ayuso <pablo@netfilter.org>
[STDERR  ] 2018-02-02T11:29:50.039284346Z: [    2.668112] xt_time: kernel timezone is -0000
[STDERR  ] 2018-02-02T11:29:50.039293182Z: [    2.671907] ip_set: protocol 6
[STDERR  ] 2018-02-02T11:29:50.039300997Z: [    2.674620] IPVS: Registered protocols (TCP, UDP, SCTP, AH, ESP)
[STDERR  ] 2018-02-02T11:29:50.039311638Z: [    2.679711] IPVS: Connection hash table configured (size=4096, memory=64Kbytes)
[STDERR  ] 2018-02-02T11:29:50.039325123Z: [    2.686104] IPVS: ipvs loaded.
[STDERR  ] 2018-02-02T11:29:50.03933388Z: [    2.688748] IPVS: [rr] scheduler registered.
[STDERR  ] 2018-02-02T11:29:50.039342709Z: [    2.692487] IPVS: [wrr] scheduler registered.
[STDERR  ] 2018-02-02T11:29:50.039350907Z: [    2.696196] IPVS: [lc] scheduler registered.
[STDERR  ] 2018-02-02T11:29:50.039368844Z: [    2.699815] IPVS: [wlc] scheduler registered.
[STDERR  ] 2018-02-02T11:29:50.03937816Z: [    2.704007] IPVS: [fo] scheduler registered.
[STDERR  ] 2018-02-02T11:29:50.039389533Z: [    2.707784] IPVS: [ovf] scheduler registered.
[STDERR  ] 2018-02-02T11:29:50.039397424Z: [    2.711862] IPVS: [lblc] scheduler registered.
[STDERR  ] 2018-02-02T11:29:50.039408069Z: [    2.715624] IPVS: [lblcr] scheduler registered.
[STDERR  ] 2018-02-02T11:29:50.039415887Z: [    2.719732] IPVS: [dh] scheduler registered.
[STDERR  ] 2018-02-02T11:29:50.039423915Z: [    2.723397] IPVS: [sh] scheduler registered.
[STDERR  ] 2018-02-02T11:29:50.039441026Z: [    2.727287] IPVS: [sed] scheduler registered.
[STDERR  ] 2018-02-02T11:29:50.039448836Z: [    2.731035] IPVS: [nq] scheduler registered.
[STDERR  ] 2018-02-02T11:29:50.039456378Z: [    2.734991] IPVS: ftp: loaded support on port[0] = 21
[STDERR  ] 2018-02-02T11:29:50.039463778Z: [    2.739413] ipip: IPv4 and MPLS over IPv4 tunneling driver
[STDERR  ] 2018-02-02T11:29:50.039471632Z: [    2.744605] gre: GRE over IPv4 demultiplexor driver
[STDERR  ] 2018-02-02T11:29:50.039479801Z: [    2.748807] ip_tables: (C) 2000-2006 Netfilter Core Team
[STDERR  ] 2018-02-02T11:29:50.039487828Z: [    2.753731] ipt_CLUSTERIP: ClusterIP Version 0.8 loaded successfully
[STDERR  ] 2018-02-02T11:29:50.039496523Z: [    2.759371] arp_tables: arp_tables: (C) 2002 David S. Miller
[STDERR  ] 2018-02-02T11:29:50.039504718Z: [    2.764628] NET: Registered protocol family 10
[STDERR  ] 2018-02-02T11:29:50.039522816Z: [    2.768860] Segment Routing with IPv6
[STDERR  ] 2018-02-02T11:29:50.039531407Z: [    2.772534] ip6_tables: (C) 2000-2006 Netfilter Core Team
[STDERR  ] 2018-02-02T11:29:50.039539003Z: [    2.777805] NET: Registered protocol family 17
[STDERR  ] 2018-02-02T11:29:50.039547116Z: [    2.781708] Bridge firewalling registered
[STDERR  ] 2018-02-02T11:29:50.03955574Z: [    2.785414] Ebtables v2.0 registered
[STDERR  ] 2018-02-02T11:29:50.03957289Z: [    2.788474] 8021q: 802.1Q VLAN Support v1.8
[STDERR  ] 2018-02-02T11:29:50.039580958Z: [    2.792361] 9pnet: Installing 9P2000 support
[STDERR  ] 2018-02-02T11:29:50.039598348Z: [    2.796049] Key type dns_resolver registered
[STDERR  ] 2018-02-02T11:29:50.039606197Z: [    2.800576] registered taskstats version 1
[STDERR  ] 2018-02-02T11:29:50.039619363Z: [    2.811188] ata5: SATA link down (SStatus 0 SControl 300)
[STDERR  ] 2018-02-02T11:29:50.039627612Z: [    2.816560] ata4: SATA link down (SStatus 0 SControl 300)
[STDERR  ] 2018-02-02T11:29:50.039635705Z: [    2.822151] ata3: SATA link up 1.5 Gbps (SStatus 113 SControl 300)
[STDERR  ] 2018-02-02T11:29:50.039646866Z: [    2.827821] ata3.00: ATAPI: QEMU DVD-ROM, 2.5+, max UDMA/100
[STDERR  ] 2018-02-02T11:29:50.039654942Z: [    2.832615] ata3.00: applying bridge limits
[STDERR  ] 2018-02-02T11:29:50.03967735Z: [    2.837118] ata2: SATA link down (SStatus 0 SControl 300)
[STDERR  ] 2018-02-02T11:29:50.039686059Z: [    2.842536] ata1: SATA link down (SStatus 0 SControl 300)
[STDERR  ] 2018-02-02T11:29:50.03969397Z: [    2.847869] ata6: SATA link down (SStatus 0 SControl 300)
[STDERR  ] 2018-02-02T11:29:50.039702402Z: [    2.856540] Key type big_key registered
[STDERR  ] 2018-02-02T11:29:50.039709901Z: [    2.862292] ata3.00: configured for UDMA/100
[STDERR  ] 2018-02-02T11:29:50.039717545Z: [    2.866989] scsi 2:0:0:0: CD-ROM            QEMU     QEMU DVD-ROM     2.5+ PQ: 0 ANSI: 5
[STDERR  ] 2018-02-02T11:29:50.039726287Z: [    2.875631] Key type encrypted registered
[STDERR  ] 2018-02-02T11:29:50.039734299Z: [    2.882436] rtc_cmos 00:00: setting system clock to 2018-02-02 11:29:45 UTC (1517570985)
[STDERR  ] 2018-02-02T11:29:50.039757702Z: [    2.900943] sr 2:0:0:0: [sr0] scsi3-mmc drive: 4x/4x cd/rw xa/form2 tray
[STDERR  ] 2018-02-02T11:29:50.039767135Z: [    2.906854] cdrom: Uniform CD-ROM driver Revision: 3.20
[STDERR  ] 2018-02-02T11:29:50.039775314Z: [    2.912035] sr 2:0:0:0: Attached scsi generic sg0 type 5
[STDERR  ] 2018-02-02T11:29:50.039783614Z: [    2.918702] Freeing unused kernel memory: 1496K
[STDERR  ] 2018-02-02T11:29:50.039794608Z: [    2.922870] Write protecting the kernel read-only data: 18432k
[STDERR  ] 2018-02-02T11:29:50.039803336Z: [    2.928813] Freeing unused kernel memory: 2024K
[STDERR  ] 2018-02-02T11:29:50.039811158Z: [    2.935867] Freeing unused kernel memory: 1144K
[STDERR  ] 2018-02-02T11:29:50.039829817Z: 
[STDERR  ] 2018-02-02T11:29:50.03983905Z: Welcome to LinuxKit
[STDERR  ] 2018-02-02T11:29:50.039847874Z: 
[STDERR  ] 2018-02-02T11:29:50.039855938Z:                         ##         .
[STDERR  ] 2018-02-02T11:29:50.039864917Z:                   ## ## ##        ==
[STDERR  ] 2018-02-02T11:29:50.039873941Z:                ## ## ## ## ##    ===
[STDERR  ] 2018-02-02T11:29:50.039882273Z:            /"""""""""""""""""\___/ ===
[STDERR  ] 2018-02-02T11:29:50.039890803Z:           {                       /  ===-
[STDERR  ] 2018-02-02T11:29:50.039911614Z:            \______ O           __/
[STDERR  ] 2018-02-02T11:29:50.039920528Z:              \    \         __/
[STDERR  ] 2018-02-02T11:29:50.03993093Z:               \____\_______/
[STDERR  ] 2018-02-02T11:29:50.03993981Z: 
[STDERR  ] 2018-02-02T11:29:50.039948744Z: Linux linuxkit-52371e93cd05 4.14.16-linuxkit #1 SMP Thu Feb 1 14:46:58 UTC 2018 x86_64 Linux
[STDERR  ] 2018-02-02T11:29:50.039958042Z: filename:       hello_world.ko
[STDERR  ] 2018-02-02T11:29:50.039966931Z: author:         Rolf Neugebauer <rolf.neugebauer@docker.com>
[STDERR  ] 2018-02-02T11:29:50.039985992Z: description:    A simple Hello World kernel module for testing
[STDERR  ] 2018-02-02T11:29:50.03999574Z: license:        GPL
[STDERR  ] 2018-02-02T11:29:50.040004839Z: depends:        
[STDERR  ] 2018-02-02T11:29:50.040013524Z: vermagic:       4.14.16-linuxkit SMP mod_unload modversions RANDSTRUCT_PLUGIN_b3fc0a145c1ec79ef4a0ca3ec54632ff5e96d83949db950c1f1e7a5ff8909e69
[STDERR  ] 2018-02-02T11:29:50.040022994Z: [    3.592473] hello_world: loading out-of-tree module taints kernel.
[STDERR  ] 2018-02-02T11:29:50.040032323Z: [    3.598231] Hello LinuxKit
[STDERR  ] 2018-02-02T11:29:50.040041556Z: [    3.605323] Goodbye LinuxKit.
[STDERR  ] 2018-02-02T11:29:50.040050618Z: Kernel module test suite PASSED
[STDERR  ] 2018-02-02T11:29:50.040069522Z: [    6.680403] ACPI: Preparing to enter system sleep state S5
[STDERR  ] 2018-02-02T11:29:50.040088499Z: [    6.686050] reboot: Power down
[STDERR  ] 2018-02-02T11:29:50.040097937Z: + exit 0
[STDERR  ] 2018-02-02T11:29:50.040106828Z: + clean_up
[STDERR  ] 2018-02-02T11:29:50.040114793Z: + docker rmi kmod-test
[STDOUT  ] 2018-02-02T11:29:50.058968418Z: Untagged: kmod-test:latest
[STDOUT  ] 2018-02-02T11:29:50.059019116Z: Deleted: sha256:e5ef0a874ecf59a51e70f487e2a8628c36a7d8d1d45f0bb6957f53a3299233ae
[STDOUT  ] 2018-02-02T11:29:50.059029398Z: Deleted: sha256:7b33eaeaa3ce7a94e8854134b17663233cb21e97eaa82571370464a5fe563a5c
[STDOUT  ] 2018-02-02T11:29:50.059039241Z: Deleted: sha256:0098cf8717d3bbd222f032a2da134e231a4cc80d6c31e9a1b6b399c804d15168
[STDOUT  ] 2018-02-02T11:29:50.059048382Z: Deleted: sha256:e0aec0a8bbbfa8660fe95747961697be121a5b3eabd9e16d7145c655ea791da1
[STDOUT  ] 2018-02-02T11:29:50.059057656Z: Deleted: sha256:701135640482af979519982da6bfdc2b6975b57b9746ee1b72a4123bfb56db3c
[STDERR  ] 2018-02-02T11:29:50.059954895Z: + rm -rf kmod-cmdline kmod-initrd.img kmod-kernel kmod-state
[PASS    ] linuxkit.kernel.kmod_4.14.x 36.40s
