[INFO    ] 2018-09-04T19:18:02.145499011Z: Running Test linuxkit.packages.extend.ext4 in /tmp/build/test/cases/040_packages/005_extend/000_ext4
[INFO    ] 2018-09-04T19:18:02.145623693Z: Running command: [/bin/sh -x /tmp/build/test/cases/040_packages/005_extend/000_ext4/test.sh]
[STDERR  ] 2018-09-04T19:18:02.211578135Z: + set -ex
[STDERR  ] 2018-09-04T19:18:02.211665472Z: + . /tmp/build/test/cases/_lib/lib.sh
[STDERR  ] 2018-09-04T19:18:02.211683649Z: + [ -f src/github.com/linuxkit/rtf/lib/lib.sh ]
[STDERR  ] 2018-09-04T19:18:02.211697724Z: + LINUXKIT_TMPDIR=/tmp/build/test/cases/_tmp
[STDERR  ] 2018-09-04T19:18:02.211710324Z: + [ -f /tmp/build/test/cases/_tmp/env.sh ]
[STDERR  ] 2018-09-04T19:18:02.211721678Z: + . /tmp/build/test/cases/_tmp/env.sh
[STDERR  ] 2018-09-04T19:18:02.211741848Z: + export LINUXKIT_EXAMPLES_DIR=/tmp/build/test/cases/../../examples
[STDERR  ] 2018-09-04T19:18:02.211755619Z: + RT_CANCEL=253
[STDERR  ] 2018-09-04T19:18:02.211769549Z: + NAME_CREATE=create-ext4
[STDERR  ] 2018-09-04T19:18:02.211784642Z: + NAME_EXTEND=extend-ext4
[STDERR  ] 2018-09-04T19:18:02.211796131Z: + DISK=disk.img
[STDERR  ] 2018-09-04T19:18:02.211810531Z: + trap clean_up EXIT
[STDERR  ] 2018-09-04T19:18:02.211822309Z: + linuxkit build -name create-ext4 -format kernel+initrd test-create.yml
[STDERR  ] 2018-09-04T19:18:02.242959703Z: Extract kernel image: linuxkit/kernel:4.14.67
[STDERR  ] 2018-09-04T19:18:04.026222535Z: Add init containers:
[STDERR  ] 2018-09-04T19:18:04.026392792Z: Process init image: linuxkit/init:e24105ebb339e1a2e578fde7ec8bccf844a633d5
[STDERR  ] 2018-09-04T19:18:05.231665398Z: Process init image: linuxkit/runc:1dc6559fd0a9a332c740312637af0c3fbe6bafa3
[STDERR  ] 2018-09-04T19:18:06.404541514Z: Add onboot containers:
[STDERR  ] 2018-09-04T19:18:06.404594064Z:   Create OCI config for linuxkit/format:v0.6
[STDERR  ] 2018-09-04T19:18:07.858896721Z:   Create OCI config for linuxkit/mount:v0.6
[STDERR  ] 2018-09-04T19:18:09.276146782Z:   Create OCI config for alpine:3.8
[STDERR  ] 2018-09-04T19:18:10.451420981Z:   Create OCI config for linuxkit/poweroff:afe8f7dd0d47a7991c54519b0f09124cb8c4e300
[STDERR  ] 2018-09-04T19:18:11.632818629Z: Create outputs:
[STDERR  ] 2018-09-04T19:18:17.990136201Z:   create-ext4-kernel create-ext4-initrd.img create-ext4-cmdline
[STDERR  ] 2018-09-04T19:18:18.060540758Z: + linuxkit run -disk file=disk.img,format=raw,size=256M create-ext4
[STDOUT  ] 2018-09-04T19:18:18.981076542Z: [    0.000000] Linux version 4.14.67-linuxkit (root@abc0ed7ade08) (gcc version 6.4.0 (Alpine 6.4.0)) #1 SMP Tue Aug 28 07:07:17 UTC 2018
[STDOUT  ] 2018-09-04T19:18:18.986067379Z: [    0.000000] Command line: console=ttyS0 console=ttyAMA0
[STDOUT  ] 2018-09-04T19:18:18.990114852Z: [    0.000000] x86/fpu: x87 FPU will use FXSAVE
[STDOUT  ] 2018-09-04T19:18:18.994554596Z: [    0.000000] e820: BIOS-provided physical RAM map:
[STDOUT  ] 2018-09-04T19:18:19.000928729Z: [    0.000000] BIOS-e820: [mem 0x0000000000000000-0x000000000009fbff] usable
[STDOUT  ] 2018-09-04T19:18:19.007520515Z: [    0.000000] BIOS-e820: [mem 0x000000000009fc00-0x000000000009ffff] reserved
[STDOUT  ] 2018-09-04T19:18:19.014143487Z: [    0.000000] BIOS-e820: [mem 0x00000000000f0000-0x00000000000fffff] reserved
[STDOUT  ] 2018-09-04T19:18:19.021147929Z: [    0.000000] BIOS-e820: [mem 0x0000000000100000-0x000000003ffdefff] usable
[STDOUT  ] 2018-09-04T19:18:19.028055425Z: [    0.000000] BIOS-e820: [mem 0x000000003ffdf000-0x000000003fffffff] reserved
[STDOUT  ] 2018-09-04T19:18:19.034926966Z: [    0.000000] BIOS-e820: [mem 0x00000000b0000000-0x00000000bfffffff] reserved
[STDOUT  ] 2018-09-04T19:18:19.042069490Z: [    0.000000] BIOS-e820: [mem 0x00000000fed1c000-0x00000000fed1ffff] reserved
[STDOUT  ] 2018-09-04T19:18:19.048911282Z: [    0.000000] BIOS-e820: [mem 0x00000000feffc000-0x00000000feffffff] reserved
[STDOUT  ] 2018-09-04T19:18:19.055871054Z: [    0.000000] BIOS-e820: [mem 0x00000000fffc0000-0x00000000ffffffff] reserved
[STDOUT  ] 2018-09-04T19:18:19.060677416Z: [    0.000000] NX (Execute Disable) protection: active
[STDOUT  ] 2018-09-04T19:18:19.063875904Z: [    0.000000] SMBIOS 2.8 present.
[STDOUT  ] 2018-09-04T19:18:19.071006773Z: [    0.000000] DMI: QEMU Standard PC (Q35 + ICH9, 2009), BIOS 1.10.2-1 04/01/2014
[STDOUT  ] 2018-09-04T19:18:19.074680312Z: [    0.000000] Hypervisor detected: KVM
[STDOUT  ] 2018-09-04T19:18:19.078944496Z: [    0.000000] tsc: Fast TSC calibration failed
[STDOUT  ] 2018-09-04T19:18:19.083496366Z: [    0.000000] tsc: Unable to calibrate against PIT
[STDOUT  ] 2018-09-04T19:18:19.088584801Z: [    0.000000] tsc: No reference (HPET/PMTIMER) available
[STDOUT  ] 2018-09-04T19:18:19.094474777Z: [    0.000000] e820: last_pfn = 0x3ffdf max_arch_pfn = 0x400000000
[STDOUT  ] 2018-09-04T19:18:19.098913267Z: [    0.000000] x86/PAT: PAT not supported by CPU.
[STDOUT  ] 2018-09-04T19:18:19.105655968Z: [    0.000000] x86/PAT: Configuration [0-7]: WB  WT  UC- UC  WB  WT  UC- UC  
[STDOUT  ] 2018-09-04T19:18:19.113781087Z: [    0.000000] found SMP MP-table at [mem 0x000f6a90-0x000f6a9f] mapped at [ffffffffff200a90]
[STDOUT  ] 2018-09-04T19:18:19.118974444Z: [    0.000000] RAMDISK: [mem 0x3dbb3000-0x3ffcffff]
[STDOUT  ] 2018-09-04T19:18:19.124578554Z: [    0.000000] ACPI: Early table checksum verification disabled
[STDOUT  ] 2018-09-04T19:18:19.130279164Z: [    0.000000] ACPI: RSDP 0x00000000000F68D0 000014 (v00 BOCHS )
[STDOUT  ] 2018-09-04T19:18:19.138753210Z: [    0.000000] ACPI: RSDT 0x000000003FFE2404 000034 (v01 BOCHS  BXPCRSDT 00000001 BXPC 00000001)
[STDOUT  ] 2018-09-04T19:18:19.147143508Z: [    0.000000] ACPI: FACP 0x000000003FFE22A4 000074 (v01 BOCHS  BXPCFACP 00000001 BXPC 00000001)
[STDOUT  ] 2018-09-04T19:18:19.155609973Z: [    0.000000] ACPI: DSDT 0x000000003FFE0040 002264 (v01 BOCHS  BXPCDSDT 00000001 BXPC 00000001)
[STDOUT  ] 2018-09-04T19:18:19.160222944Z: [    0.000000] ACPI: FACS 0x000000003FFE0000 000040
[STDOUT  ] 2018-09-04T19:18:19.168556261Z: [    0.000000] ACPI: APIC 0x000000003FFE2318 000078 (v01 BOCHS  BXPCAPIC 00000001 BXPC 00000001)
[STDOUT  ] 2018-09-04T19:18:19.176904452Z: [    0.000000] ACPI: HPET 0x000000003FFE2390 000038 (v01 BOCHS  BXPCHPET 00000001 BXPC 00000001)
[STDOUT  ] 2018-09-04T19:18:19.185236631Z: [    0.000000] ACPI: MCFG 0x000000003FFE23C8 00003C (v01 BOCHS  BXPCMCFG 00000001 BXPC 00000001)
[STDOUT  ] 2018-09-04T19:18:19.190431164Z: [    0.000000] kvm-clock: Using msrs 4b564d01 and 4b564d00
[STDOUT  ] 2018-09-04T19:18:19.196310609Z: [    0.000000] kvm-clock: cpu 0, msr 0:3ffdd001, primary cpu clock
[STDOUT  ] 2018-09-04T19:18:19.206767066Z: [    0.000000] clocksource: kvm-clock: mask: 0xffffffffffffffff max_cycles: 0x1cd42e4dffb, max_idle_ns: 881590591483 ns
[STDOUT  ] 2018-09-04T19:18:19.209321514Z: [    0.000000] Zone ranges:
[STDOUT  ] 2018-09-04T19:18:19.215430670Z: [    0.000000]   DMA      [mem 0x0000000000001000-0x0000000000ffffff]
[STDOUT  ] 2018-09-04T19:18:19.222206406Z: [    0.000000]   DMA32    [mem 0x0000000001000000-0x000000003ffdefff]
[STDOUT  ] 2018-09-04T19:18:19.225092306Z: [    0.000000]   Normal   empty
[STDOUT  ] 2018-09-04T19:18:19.228059011Z: [    0.000000]   Device   empty
[STDOUT  ] 2018-09-04T19:18:19.232286415Z: [    0.000000] Movable zone start for each node
[STDOUT  ] 2018-09-04T19:18:19.235929342Z: [    0.000000] Early memory node ranges
[STDOUT  ] 2018-09-04T19:18:19.242118241Z: [    0.000000]   node   0: [mem 0x0000000000001000-0x000000000009efff]
[STDOUT  ] 2018-09-04T19:18:19.248301992Z: [    0.000000]   node   0: [mem 0x0000000000100000-0x000000003ffdefff]
[STDOUT  ] 2018-09-04T19:18:19.255254908Z: [    0.000000] Initmem setup node 0 [mem 0x0000000000001000-0x000000003ffdefff]
[STDOUT  ] 2018-09-04T19:18:19.259269491Z: [    0.000000] ACPI: PM-Timer IO Port: 0x608
[STDOUT  ] 2018-09-04T19:18:19.265283120Z: [    0.000000] ACPI: LAPIC_NMI (acpi_id[0xff] dfl dfl lint[0x1])
[STDOUT  ] 2018-09-04T19:18:19.272146432Z: [    0.000000] IOAPIC[0]: apic_id 0, version 17, address 0xfec00000, GSI 0-23
[STDOUT  ] 2018-09-04T19:18:19.278470798Z: [    0.000000] ACPI: INT_SRC_OVR (bus 0 bus_irq 0 global_irq 2 dfl dfl)
[STDOUT  ] 2018-09-04T19:18:19.284968691Z: [    0.000000] ACPI: INT_SRC_OVR (bus 0 bus_irq 5 global_irq 5 high level)
[STDOUT  ] 2018-09-04T19:18:19.291562540Z: [    0.000000] ACPI: INT_SRC_OVR (bus 0 bus_irq 9 global_irq 9 high level)
[STDOUT  ] 2018-09-04T19:18:19.298234441Z: [    0.000000] ACPI: INT_SRC_OVR (bus 0 bus_irq 10 global_irq 10 high level)
[STDOUT  ] 2018-09-04T19:18:19.304900396Z: [    0.000000] ACPI: INT_SRC_OVR (bus 0 bus_irq 11 global_irq 11 high level)
[STDOUT  ] 2018-09-04T19:18:19.310731591Z: [    0.000000] Using ACPI (MADT) for SMP configuration information
[STDOUT  ] 2018-09-04T19:18:19.315791884Z: [    0.000000] ACPI: HPET id: 0x8086a201 base: 0xfed00000
[STDOUT  ] 2018-09-04T19:18:19.321244799Z: [    0.000000] smpboot: Allowing 1 CPUs, 0 hotplug CPUs
[STDOUT  ] 2018-09-04T19:18:19.327773474Z: [    0.000000] e820: [mem 0x40000000-0xafffffff] available for PCI devices
[STDOUT  ] 2018-09-04T19:18:19.332627653Z: [    0.000000] Booting paravirtualized kernel on KVM
[STDOUT  ] 2018-09-04T19:18:19.342809356Z: [    0.000000] clocksource: refined-jiffies: mask: 0xffffffff max_cycles: 0xffffffff, max_idle_ns: 1910969940391419 ns
[STDOUT  ] 2018-09-04T19:18:19.350920523Z: [    0.000000] random: get_random_bytes called from start_kernel+0x92/0x4cb with crng_init=0
[STDOUT  ] 2018-09-04T19:18:19.358636304Z: [    0.000000] setup_percpu: NR_CPUS:128 nr_cpumask_bits:128 nr_cpu_ids:1 nr_node_ids:1
[STDOUT  ] 2018-09-04T19:18:19.366709179Z: [    0.000000] percpu: Embedded 45 pages/cpu @ffff99c6fd800000 s144280 r8192 d31848 u2097152
[STDOUT  ] 2018-09-04T19:18:19.370637648Z: [    0.000000] KVM setup async PF for cpu 0
[STDOUT  ] 2018-09-04T19:18:19.375115253Z: [    0.000000] kvm-stealtime: cpu 0, msr 3d815f40
[STDOUT  ] 2018-09-04T19:18:19.381796317Z: [    0.000000] Built 1 zonelists, mobility grouping on.  Total pages: 257896
[STDOUT  ] 2018-09-04T19:18:19.387622664Z: [    0.000000] Kernel command line: console=ttyS0 console=ttyAMA0
[STDOUT  ] 2018-09-04T19:18:19.393678119Z: [    0.000000] PID hash table entries: 4096 (order: 3, 32768 bytes)
[STDOUT  ] 2018-09-04T19:18:19.400682206Z: [    0.000000] Dentry cache hash table entries: 131072 (order: 8, 1048576 bytes)
[STDOUT  ] 2018-09-04T19:18:19.407509017Z: [    0.000000] Inode-cache hash table entries: 65536 (order: 7, 524288 bytes)
[STDOUT  ] 2018-09-04T19:18:19.421190840Z: [    0.000000] Memory: 967864K/1048052K available (12300K kernel code, 1447K rwdata, 2964K rodata, 1512K init, 628K bss, 80188K reserved, 0K cma-reserved)
[STDOUT  ] 2018-09-04T19:18:19.426340825Z: [    0.000000] Kernel/User page tables isolation: enabled
[STDOUT  ] 2018-09-04T19:18:19.431659730Z: [    0.000000] ftrace: allocating 40632 entries in 159 pages
[STDOUT  ] 2018-09-04T19:18:19.435939907Z: [    0.001000] Hierarchical RCU implementation.
[STDOUT  ] 2018-09-04T19:18:19.442099507Z: [    0.001000] 	RCU restricting CPUs from NR_CPUS=128 to nr_cpu_ids=1.
[STDOUT  ] 2018-09-04T19:18:19.448676504Z: [    0.001000] RCU: Adjusting geometry for rcu_fanout_leaf=16, nr_cpu_ids=1
[STDOUT  ] 2018-09-04T19:18:19.454450003Z: [    0.001000] NR_IRQS: 8448, nr_irqs: 256, preallocated irqs: 16
[STDOUT  ] 2018-09-04T19:18:19.458257001Z: [    0.001000] Console: colour VGA+ 80x25
[STDOUT  ] 2018-09-04T19:18:19.461745430Z: [    0.001000] console [ttyS0] enabled
[STDOUT  ] 2018-09-04T19:18:19.471350528Z: [    0.001000] clocksource: hpet: mask: 0xffffffff max_cycles: 0xffffffff, max_idle_ns: 19112604467 ns
[STDOUT  ] 2018-09-04T19:18:19.476542208Z: [    0.001026] tsc: Detected 2299.790 MHz processor
[STDOUT  ] 2018-09-04T19:18:19.484788164Z: [    0.002026] Calibrating delay loop (skipped) preset value.. 4599.58 BogoMIPS (lpj=2299790)
[STDOUT  ] 2018-09-04T19:18:19.489636784Z: [    0.004024] pid_max: default: 32768 minimum: 301
[STDOUT  ] 2018-09-04T19:18:19.493741328Z: [    0.005064] ACPI: Core revision 20170728
[STDOUT  ] 2018-09-04T19:18:19.500961018Z: [    0.007702] ACPI: 1 ACPI AML tables successfully acquired and loaded
[STDOUT  ] 2018-09-04T19:18:19.505234832Z: [    0.008117] Security Framework initialized
[STDOUT  ] 2018-09-04T19:18:19.508931792Z: [    0.009026] Yama: becoming mindful.
[STDOUT  ] 2018-09-04T19:18:19.515654311Z: [    0.010078] Mount-cache hash table entries: 2048 (order: 2, 16384 bytes)
[STDOUT  ] 2018-09-04T19:18:19.523166120Z: [    0.011031] Mountpoint-cache hash table entries: 2048 (order: 2, 16384 bytes)
[STDOUT  ] 2018-09-04T19:18:19.538272513Z: [    0.015064] Last level iTLB entries: 4KB 0, 2MB 0, 4MB 0
[STDOUT  ] 2018-09-04T19:18:19.544232984Z: [    0.016026] Last level dTLB entries: 4KB 0, 2MB 0, 4MB 0, 1GB 0
[STDOUT  ] 2018-09-04T19:18:19.549851399Z: [    0.017027] Spectre V2 : Mitigation: Full generic retpoline
[STDOUT  ] 2018-09-04T19:18:19.558071073Z: [    0.018035] Spectre V2 : Spectre v2 / SpectreRSB mitigation: Filling RSB on context switch
[STDOUT  ] 2018-09-04T19:18:19.562731229Z: [    0.019027] Speculative Store Bypass: Vulnerable
[STDOUT  ] 2018-09-04T19:18:19.573150799Z: [    0.026601] Freeing SMP alternatives memory: 20K
[STDOUT  ] 2018-09-04T19:18:19.578315350Z: [    0.028063] smpboot: Max logical packages: 1
[STDOUT  ] 2018-09-04T19:18:19.583879898Z: [    0.032102] x2apic enabled
[STDOUT  ] 2018-09-04T19:18:19.591413488Z: [    0.033025] Switched APIC routing to physical x2apic.
[STDOUT  ] 2018-09-04T19:18:19.608952176Z: [    0.046000] ..TIMER: vector=0x30 apic1=0 pin1=2 apic2=-1 pin2=-1
[STDOUT  ] 2018-09-04T19:18:19.720666288Z: [    0.046000] smpboot: CPU0: Intel QEMU Virtual CPU version 2.5+ (family: 0x6, model: 0x6, stepping: 0x3)
[STDOUT  ] 2018-09-04T19:18:19.739973755Z: [    0.046165] Performance Events: PMU not available due to virtualization, using software events only.
[STDOUT  ] 2018-09-04T19:18:19.744785448Z: [    0.049160] Hierarchical SRCU implementation.
[STDOUT  ] 2018-09-04T19:18:19.751220918Z: [    0.050147] NMI watchdog: Perf event create on CPU 0 failed with -2
[STDOUT  ] 2018-09-04T19:18:19.757239343Z: [    0.051006] NMI watchdog: Perf NMI watchdog permanently disabled
[STDOUT  ] 2018-09-04T19:18:19.761916203Z: [    0.052085] smp: Bringing up secondary CPUs ...
[STDOUT  ] 2018-09-04T19:18:19.765973049Z: [    0.053007] smp: Brought up 1 node, 1 CPU
[STDOUT  ] 2018-09-04T19:18:19.772532401Z: [    0.054006] smpboot: Total of 1 processors activated (4599.58 BogoMIPS)
[STDOUT  ] 2018-09-04T19:18:19.778363351Z: [    0.057200] devtmpfs: initialized
[STDOUT  ] 2018-09-04T19:18:19.782748556Z: [    0.058083] x86/mm: Memory block size: 128MB
[STDOUT  ] 2018-09-04T19:18:19.786097589Z: [    0.059266] evm: security.ima
[STDOUT  ] 2018-09-04T19:18:19.789737701Z: [    0.060005] evm: security.capability
[STDOUT  ] 2018-09-04T19:18:19.799603959Z: [    0.061198] clocksource: jiffies: mask: 0xffffffff max_cycles: 0xffffffff, max_idle_ns: 1911260446275000 ns
[STDOUT  ] 2018-09-04T19:18:19.805733892Z: [    0.062013] futex hash table entries: 256 (order: 2, 16384 bytes)
[STDOUT  ] 2018-09-04T19:18:19.810547221Z: [    0.063283] NET: Registered protocol family 16
[STDOUT  ] 2018-09-04T19:18:19.814948722Z: [    0.064239] cpuidle: using governor ladder
[STDOUT  ] 2018-09-04T19:18:19.818956227Z: [    0.065008] cpuidle: using governor menu
[STDOUT  ] 2018-09-04T19:18:19.823526013Z: [    0.066122] ACPI: bus type PCI registered
[STDOUT  ] 2018-09-04T19:18:19.833406687Z: [    0.067519] PCI: MMCONFIG for domain 0000 [bus 00-ff] at [mem 0xb0000000-0xbfffffff] (base 0xb0000000)
[STDOUT  ] 2018-09-04T19:18:19.840235634Z: [    0.068012] PCI: MMCONFIG at [mem 0xb0000000-0xbfffffff] reserved in E820
[STDOUT  ] 2018-09-04T19:18:19.846070637Z: [    0.069026] PCI: Using configuration type 1 for base access
[STDOUT  ] 2018-09-04T19:18:19.854716983Z: [    0.072816] HugeTLB registered 2.00 MiB page size, pre-allocated 0 pages
[STDOUT  ] 2018-09-04T19:18:19.859231524Z: [    0.073301] ACPI: Added _OSI(Module Device)
[STDOUT  ] 2018-09-04T19:18:19.863730878Z: [    0.074019] ACPI: Added _OSI(Processor Device)
[STDOUT  ] 2018-09-04T19:18:19.868514780Z: [    0.075006] ACPI: Added _OSI(3.0 _SCP Extensions)
[STDOUT  ] 2018-09-04T19:18:19.873982992Z: [    0.076006] ACPI: Added _OSI(Processor Aggregator Device)
[STDOUT  ] 2018-09-04T19:18:19.882018369Z: [    0.082076] ACPI: Interpreter enabled
[STDOUT  ] 2018-09-04T19:18:19.885486374Z: [    0.083015] ACPI: (supports S0 S5)
[STDOUT  ] 2018-09-04T19:18:19.890561996Z: [    0.084005] ACPI: Using IOAPIC for interrupt routing
[STDOUT  ] 2018-09-04T19:18:19.899683163Z: [    0.085061] PCI: Using host bridge windows from ACPI; if necessary, use "pci=nocrs" and report a bug
[STDOUT  ] 2018-09-04T19:18:19.904906503Z: [    0.086427] ACPI: Enabled 2 GPEs in block 00 to 3F
[STDOUT  ] 2018-09-04T19:18:19.915151769Z: [    0.091782] ACPI: PCI Root Bridge [PCI0] (domain 0000 [bus 00-ff])
[STDOUT  ] 2018-09-04T19:18:19.923722892Z: [    0.093012] acpi PNP0A08:00: _OSC: OS supports [ExtendedConfig ASPM ClockPM Segments MSI]
[STDOUT  ] 2018-09-04T19:18:19.931574993Z: [    0.094171] acpi PNP0A08:00: _OSC: OS now controls [PCIeHotplug PME PCIeCapability]
[STDOUT  ] 2018-09-04T19:18:19.935861052Z: [    0.095091] PCI host bridge to bus 0000:00
[STDOUT  ] 2018-09-04T19:18:19.942627405Z: [    0.096012] pci_bus 0000:00: root bus resource [io  0x0000-0x0cf7 window]
[STDOUT  ] 2018-09-04T19:18:19.949465789Z: [    0.097011] pci_bus 0000:00: root bus resource [io  0x0d00-0xffff window]
[STDOUT  ] 2018-09-04T19:18:19.956941063Z: [    0.098011] pci_bus 0000:00: root bus resource [mem 0x000a0000-0x000bffff window]
[STDOUT  ] 2018-09-04T19:18:19.964443072Z: [    0.099009] pci_bus 0000:00: root bus resource [mem 0xc0000000-0xfebfffff window]
[STDOUT  ] 2018-09-04T19:18:19.970002231Z: [    0.100009] pci_bus 0000:00: root bus resource [bus 00-ff]
[STDOUT  ] 2018-09-04T19:18:20.060561589Z: [    0.175349] pci 0000:00:1f.0: quirk: [io  0x0600-0x067f] claimed by ICH6 ACPI/GPIO/TCO
[STDOUT  ] 2018-09-04T19:18:20.092807905Z: [    0.203022] ACPI: PCI Interrupt Link [LNKA] (IRQs 5 *10 11)
[STDOUT  ] 2018-09-04T19:18:20.098741371Z: [    0.205016] ACPI: PCI Interrupt Link [LNKB] (IRQs 5 *10 11)
[STDOUT  ] 2018-09-04T19:18:20.104595320Z: [    0.206324] ACPI: PCI Interrupt Link [LNKC] (IRQs 5 10 *11)
[STDOUT  ] 2018-09-04T19:18:20.110519131Z: [    0.207333] ACPI: PCI Interrupt Link [LNKD] (IRQs 5 10 *11)
[STDOUT  ] 2018-09-04T19:18:20.116361141Z: [    0.208341] ACPI: PCI Interrupt Link [LNKE] (IRQs 5 *10 11)
[STDOUT  ] 2018-09-04T19:18:20.122574290Z: [    0.209319] ACPI: PCI Interrupt Link [LNKF] (IRQs 5 *10 11)
[STDOUT  ] 2018-09-04T19:18:20.128446393Z: [    0.210334] ACPI: PCI Interrupt Link [LNKG] (IRQs 5 10 *11)
[STDOUT  ] 2018-09-04T19:18:20.134377592Z: [    0.211333] ACPI: PCI Interrupt Link [LNKH] (IRQs 5 10 *11)
[STDOUT  ] 2018-09-04T19:18:20.139762653Z: [    0.212170] ACPI: PCI Interrupt Link [GSIA] (IRQs *16)
[STDOUT  ] 2018-09-04T19:18:20.145001434Z: [    0.213028] ACPI: PCI Interrupt Link [GSIB] (IRQs *17)
[STDOUT  ] 2018-09-04T19:18:20.150165285Z: [    0.214027] ACPI: PCI Interrupt Link [GSIC] (IRQs *18)
[STDOUT  ] 2018-09-04T19:18:20.155393444Z: [    0.215023] ACPI: PCI Interrupt Link [GSID] (IRQs *19)
[STDOUT  ] 2018-09-04T19:18:20.160561852Z: [    0.216022] ACPI: PCI Interrupt Link [GSIE] (IRQs *20)
[STDOUT  ] 2018-09-04T19:18:20.165755022Z: [    0.217023] ACPI: PCI Interrupt Link [GSIF] (IRQs *21)
[STDOUT  ] 2018-09-04T19:18:20.170941817Z: [    0.218025] ACPI: PCI Interrupt Link [GSIG] (IRQs *22)
[STDOUT  ] 2018-09-04T19:18:20.176191375Z: [    0.219022] ACPI: PCI Interrupt Link [GSIH] (IRQs *23)
[STDOUT  ] 2018-09-04T19:18:20.180404185Z: [    0.220424] SCSI subsystem initialized
[STDOUT  ] 2018-09-04T19:18:20.184605620Z: [    0.221134] ACPI: bus type USB registered
[STDOUT  ] 2018-09-04T19:18:20.190135672Z: [    0.222041] usbcore: registered new interface driver usbfs
[STDOUT  ] 2018-09-04T19:18:20.195585589Z: [    0.224027] usbcore: registered new interface driver hub
[STDOUT  ] 2018-09-04T19:18:20.200724190Z: [    0.225041] usbcore: registered new device driver usb
[STDOUT  ] 2018-09-04T19:18:20.205776837Z: [    0.226055] pps_core: LinuxPPS API ver. 1 registered
[STDOUT  ] 2018-09-04T19:18:20.214870615Z: [    0.227004] pps_core: Software ver. 5.3.6 - Copyright 2005-2007 Rodolfo Giometti <giometti@linux.it>
[STDOUT  ] 2018-09-04T19:18:20.218872337Z: [    0.228021] PTP clock support registered
[STDOUT  ] 2018-09-04T19:18:20.223556467Z: [    0.229115] PCI: Using ACPI for IRQ routing
[STDOUT  ] 2018-09-04T19:18:20.723219000Z: [    0.721489] NetLabel: Initializing
[STDOUT  ] 2018-09-04T19:18:20.727568263Z: [    0.722004] NetLabel:  domain hash size = 128
[STDOUT  ] 2018-09-04T19:18:20.733256368Z: [    0.723004] NetLabel:  protocols = UNLABELED CIPSOv4 CALIPSO
[STDOUT  ] 2018-09-04T19:18:20.738931480Z: [    0.724041] NetLabel:  unlabeled traffic allowed by default
[STDOUT  ] 2018-09-04T19:18:20.746224119Z: [    0.725219] HPET: 3 timers in total, 0 timers will be used for per-cpu timer
[STDOUT  ] 2018-09-04T19:18:20.751216820Z: [    0.726138] hpet0: at MMIO 0xfed00000, IRQs 2, 8, 0
[STDOUT  ] 2018-09-04T19:18:20.757102165Z: [    0.727006] hpet0: 3 comparators, 64-bit 100.000000 MHz counter
[STDOUT  ] 2018-09-04T19:18:20.770114406Z: [    0.736041] clocksource: Switched to clocksource kvm-clock
[STDOUT  ] 2018-09-04T19:18:20.794575007Z: [    0.762179] VFS: Disk quotas dquot_6.6.0
[STDOUT  ] 2018-09-04T19:18:20.801677872Z: [    0.766230] VFS: Dquot-cache hash table entries: 512 (order 0, 4096 bytes)
[STDOUT  ] 2018-09-04T19:18:20.804494905Z: [    0.773132] FS-Cache: Loaded
[STDOUT  ] 2018-09-04T19:18:20.807757410Z: [    0.776232] CacheFiles: Loaded
[STDOUT  ] 2018-09-04T19:18:20.811255067Z: [    0.779449] pnp: PnP ACPI init
[STDOUT  ] 2018-09-04T19:18:20.816550726Z: [    0.784090] pnp: PnP ACPI: found 5 devices
[STDOUT  ] 2018-09-04T19:18:20.831486492Z: [    0.794470] clocksource: acpi_pm: mask: 0xffffff max_cycles: 0xffffff, max_idle_ns: 2085701024 ns
[STDOUT  ] 2018-09-04T19:18:20.835993978Z: [    0.803228] NET: Registered protocol family 2
[STDOUT  ] 2018-09-04T19:18:20.843213566Z: [    0.807859] TCP established hash table entries: 8192 (order: 4, 65536 bytes)
[STDOUT  ] 2018-09-04T19:18:20.849616344Z: [    0.814857] TCP bind hash table entries: 8192 (order: 5, 131072 bytes)
[STDOUT  ] 2018-09-04T19:18:20.857042153Z: [    0.822194] TCP: Hash tables configured (established 8192 bind 8192)
[STDOUT  ] 2018-09-04T19:18:20.863065254Z: [    0.828757] UDP hash table entries: 512 (order: 2, 16384 bytes)
[STDOUT  ] 2018-09-04T19:18:20.869316757Z: [    0.834692] UDP-Lite hash table entries: 512 (order: 2, 16384 bytes)
[STDOUT  ] 2018-09-04T19:18:20.873912924Z: [    0.841148] NET: Registered protocol family 1
[STDOUT  ] 2018-09-04T19:18:20.882402784Z: [    0.845794] pci 0000:00:01.0: Video device with shadowed ROM at [mem 0x000c0000-0x000dffff]
[STDOUT  ] 2018-09-04T19:18:20.888240024Z: [    0.854515] Trying to unpack rootfs image as initramfs...
[STDOUT  ] 2018-09-04T19:18:21.631267011Z: [    1.598725] Freeing initrd memory: 36980K
[STDOUT  ] 2018-09-04T19:18:21.641299763Z: [    1.603099] clocksource: tsc: mask: 0xffffffffffffffff max_cycles: 0x21266ed8b88, max_idle_ns: 440795309774 ns
[STDOUT  ] 2018-09-04T19:18:21.647217590Z: [    1.613624] PCLMULQDQ-NI instructions are not detected.
[STDOUT  ] 2018-09-04T19:18:21.652559352Z: [    1.618899] AVX or AES-NI instructions are not detected.
[STDOUT  ] 2018-09-04T19:18:21.657935267Z: [    1.624183] CPU feature 'AVX registers' is not supported.
[STDOUT  ] 2018-09-04T19:18:21.663296046Z: [    1.629559] CPU feature 'AVX registers' is not supported.
[STDOUT  ] 2018-09-04T19:18:21.668707931Z: [    1.634943] CPU feature 'AVX registers' is not supported.
[STDOUT  ] 2018-09-04T19:18:21.674083653Z: [    1.640339] CPU feature 'AVX registers' is not supported.
[STDOUT  ] 2018-09-04T19:18:21.679485867Z: [    1.645733] AVX2 or AES-NI instructions are not detected.
[STDOUT  ] 2018-09-04T19:18:21.684058199Z: [    1.651134] AVX2 instructions are not detected.
[STDOUT  ] 2018-09-04T19:18:21.689606227Z: [    1.655887] audit: initializing netlink subsys (disabled)
[STDOUT  ] 2018-09-04T19:18:21.698395836Z: [    1.661670] audit: type=2000 audit(1536088700.600:1): state=initialized audit_enabled=0 res=1
[STDOUT  ] 2018-09-04T19:18:21.704883075Z: [    1.670163] workingset: timestamp_bits=46 max_order=18 bucket_order=0
[STDOUT  ] 2018-09-04T19:18:21.711092260Z: [    1.676933] squashfs: version 4.0 (2009/01/31) Phillip Lougher
[STDOUT  ] 2018-09-04T19:18:21.716548575Z: [    1.682823] FS-Cache: Netfs 'cifs' registered for caching
[STDOUT  ] 2018-09-04T19:18:21.720879410Z: [    1.688217] fuse init (API version 7.26)
[STDOUT  ] 2018-09-04T19:18:21.727289778Z: [    1.692625] SGI XFS with ACLs, security attributes, no debug enabled
[STDOUT  ] 2018-09-04T19:18:21.733008856Z: [    1.699167] 9p: Installing v9fs 9p2000 file system support
[STDOUT  ] 2018-09-04T19:18:21.738220320Z: [    1.704647] FS-Cache: Netfs '9p' registered for caching
[STDOUT  ] 2018-09-04T19:18:21.744028062Z: [    1.711170] NET: Registered protocol family 38
[STDOUT  ] 2018-09-04T19:18:21.748176439Z: [    1.715686] Key type asymmetric registered
[STDOUT  ] 2018-09-04T19:18:21.753110202Z: [    1.719906] Asymmetric key parser 'x509' registered
[STDOUT  ] 2018-09-04T19:18:21.760452878Z: [    1.724796] Block layer SCSI generic (bsg) driver version 0.4 loaded (major 247)
[STDOUT  ] 2018-09-04T19:18:21.764593755Z: [    1.732175] io scheduler noop registered
[STDOUT  ] 2018-09-04T19:18:21.769790459Z: [    1.736208] io scheduler deadline registered (default)
[STDOUT  ] 2018-09-04T19:18:21.773759301Z: [    1.741498] io scheduler cfq registered
[STDOUT  ] 2018-09-04T19:18:21.778291409Z: [    1.745394] io scheduler mq-deadline registered
[STDOUT  ] 2018-09-04T19:18:21.782370369Z: [    1.749940] io scheduler kyber registered
[STDOUT  ] 2018-09-04T19:18:21.789208899Z: [    1.754178] shpchp: Standard Hot Plug PCI Controller Driver version: 0.4
[STDOUT  ] 2018-09-04T19:18:21.794096348Z: [    1.760916] hv_vmbus: registering driver hyperv_fb
[STDOUT  ] 2018-09-04T19:18:21.801463309Z: [    1.765856] input: Power Button as /devices/LNXSYSTM:00/LNXPWRBN:00/input/input0
[STDOUT  ] 2018-09-04T19:18:21.805223135Z: [    1.773140] ACPI: Power Button [PWRF]
[STDOUT  ] 2018-09-04T19:18:21.811746131Z: [    1.777661] ACPI: PCI Interrupt Link [GSIG] enabled at IRQ 22
[STDOUT  ] 2018-09-04T19:18:21.823972320Z: [    1.789602] ACPI: PCI Interrupt Link [GSIH] enabled at IRQ 23
[STDOUT  ] 2018-09-04T19:18:21.836354359Z: [    1.801681] Serial: 8250/16550 driver, 4 ports, IRQ sharing disabled
[STDOUT  ] 2018-09-04T19:18:21.878370051Z: [    1.842773] 00:04: ttyS0 at I/O 0x3f8 (irq = 4, base_baud = 115200) is a 16550A
[STDOUT  ] 2018-09-04T19:18:21.883719564Z: [    1.850976] Non-volatile memory driver v1.3
[STDOUT  ] 2018-09-04T19:18:21.894243385Z: [    1.857096] Hangcheck: starting hangcheck timer 0.9.1 (tick is 180 seconds, margin is 60 seconds).
[STDOUT  ] 2018-09-04T19:18:21.898076268Z: [    1.866231] random: fast init done
[STDOUT  ] 2018-09-04T19:18:21.902591529Z: [    1.870748] random: crng init done
[STDOUT  ] 2018-09-04T19:18:21.906847022Z: [    1.875347] brd: module loaded
[STDOUT  ] 2018-09-04T19:18:21.912519217Z: [    1.880941] loop: module loaded
[STDOUT  ] 2018-09-04T19:18:21.922725627Z: [    1.887893] lpc_ich 0000:00:1f.0: I/O space for GPIO uninitialized
[STDOUT  ] 2018-09-04T19:18:21.927749837Z: [    1.894465] VMware PVSCSI driver - version 1.0.7.0-k
[STDOUT  ] 2018-09-04T19:18:21.932660031Z: [    1.899433] hv_vmbus: registering driver hv_storvsc
[STDOUT  ] 2018-09-04T19:18:21.938935023Z: [    1.904825] ACPI: PCI Interrupt Link [GSIA] enabled at IRQ 16
[STDOUT  ] 2018-09-04T19:18:21.950940719Z: [    1.914324] ahci 0000:00:1f.2: AHCI 0001.0000 32 slots 6 ports 1.5 Gbps 0x3f impl SATA mode
[STDOUT  ] 2018-09-04T19:18:21.955959475Z: [    1.922569] ahci 0000:00:1f.2: flags: 64bit ncq only 
[STDOUT  ] 2018-09-04T19:18:21.962982491Z: [    1.931652] scsi host0: ahci
[STDOUT  ] 2018-09-04T19:18:21.966101786Z: [    1.934746] scsi host1: ahci
[STDOUT  ] 2018-09-04T19:18:21.969152105Z: [    1.937860] scsi host2: ahci
[STDOUT  ] 2018-09-04T19:18:21.972243321Z: [    1.940931] scsi host3: ahci
[STDOUT  ] 2018-09-04T19:18:21.975273411Z: [    1.943964] scsi host4: ahci
[STDOUT  ] 2018-09-04T19:18:21.978419694Z: [    1.947077] scsi host5: ahci
[STDOUT  ] 2018-09-04T19:18:21.985840363Z: [    1.950170] ata1: SATA max UDMA/133 abar m4096@0xfebd2000 port 0xfebd2100 irq 24
[STDOUT  ] 2018-09-04T19:18:21.993187428Z: [    1.957529] ata2: SATA max UDMA/133 abar m4096@0xfebd2000 port 0xfebd2180 irq 24
[STDOUT  ] 2018-09-04T19:18:22.000543247Z: [    1.964896] ata3: SATA max UDMA/133 abar m4096@0xfebd2000 port 0xfebd2200 irq 24
[STDOUT  ] 2018-09-04T19:18:22.007909936Z: [    1.972217] ata4: SATA max UDMA/133 abar m4096@0xfebd2000 port 0xfebd2280 irq 24
[STDOUT  ] 2018-09-04T19:18:22.015226331Z: [    1.979584] ata5: SATA max UDMA/133 abar m4096@0xfebd2000 port 0xfebd2300 irq 24
[STDOUT  ] 2018-09-04T19:18:22.022932863Z: [    1.986900] ata6: SATA max UDMA/133 abar m4096@0xfebd2000 port 0xfebd2380 irq 24
[STDOUT  ] 2018-09-04T19:18:22.030423926Z: [    1.996999] tun: Universal TUN/TAP device driver, 1.6
[STDOUT  ] 2018-09-04T19:18:22.041715444Z: [    2.006898] VMware vmxnet3 virtual NIC driver - version 1.4.a.0-k-NAPI
[STDOUT  ] 2018-09-04T19:18:22.046525367Z: [    2.013388] hv_vmbus: registering driver hv_netvsc
[STDOUT  ] 2018-09-04T19:18:22.050619643Z: [    2.018155] Fusion MPT base driver 3.04.20
[STDOUT  ] 2018-09-04T19:18:22.055494974Z: [    2.022270] Copyright (c) 1999-2008 LSI Corporation
[STDOUT  ] 2018-09-04T19:18:22.059954633Z: [    2.027149] Fusion MPT SPI Host driver 3.04.20
[STDOUT  ] 2018-09-04T19:18:22.067939556Z: [    2.031700] i8042: PNP: PS/2 Controller [PNP0303:KBD,PNP0f13:MOU] at 0x60,0x64 irq 1,12
[STDOUT  ] 2018-09-04T19:18:22.076960039Z: [    2.043664] serio: i8042 KBD port at 0x60,0x64 irq 1
[STDOUT  ] 2018-09-04T19:18:22.082030738Z: [    2.048617] serio: i8042 AUX port at 0x60,0x64 irq 12
[STDOUT  ] 2018-09-04T19:18:22.087441681Z: [    2.053793] hv_vmbus: registering driver hyperv_keyboard
[STDOUT  ] 2018-09-04T19:18:22.093068314Z: [    2.059160] mousedev: PS/2 mouse device common for all mice
[STDOUT  ] 2018-09-04T19:18:22.103075800Z: [    2.066221] input: AT Translated Set 2 keyboard as /devices/platform/i8042/serio0/input/input1
[STDOUT  ] 2018-09-04T19:18:22.109639052Z: [    2.074796] input: PC Speaker as /devices/platform/pcspkr/input/input2
[STDOUT  ] 2018-09-04T19:18:22.114657684Z: [    2.081649] rtc_cmos 00:00: RTC can wake from S4
[STDOUT  ] 2018-09-04T19:18:22.123465677Z: [    2.088782] rtc_cmos 00:00: rtc core: registered rtc_cmos as rtc0
[STDOUT  ] 2018-09-04T19:18:22.131884282Z: [    2.096092] rtc_cmos 00:00: alarms up to one day, y3k, 114 bytes nvram, hpet irqs
[STDOUT  ] 2018-09-04T19:18:22.135448889Z: [    2.103538] i2c /dev entries driver
[STDOUT  ] 2018-09-04T19:18:22.143873395Z: [    2.107229] device-mapper: ioctl: 4.37.0-ioctl (2017-09-20) initialised: dm-devel@redhat.com
[STDOUT  ] 2018-09-04T19:18:22.150611870Z: [    2.116721] usbcore: registered new interface driver usbhid
[STDOUT  ] 2018-09-04T19:18:22.154524946Z: [    2.122269] usbhid: USB HID core driver
[STDOUT  ] 2018-09-04T19:18:22.159777414Z: [    2.126222] hv_utils: Registering HyperV Utility Driver
[STDOUT  ] 2018-09-04T19:18:22.164419459Z: [    2.131439] hv_vmbus: registering driver hv_util
[STDOUT  ] 2018-09-04T19:18:22.169253812Z: [    2.136043] hv_vmbus: registering driver hv_balloon
[STDOUT  ] 2018-09-04T19:18:22.173409850Z: [    2.140913] oprofile: using NMI interrupt.
[STDOUT  ] 2018-09-04T19:18:22.176645282Z: [    2.145080] GACT probability on
[STDOUT  ] 2018-09-04T19:18:22.180410802Z: [    2.148296] Mirror/redirect action on
[STDOUT  ] 2018-09-04T19:18:22.184014869Z: [    2.152067] Simple TC action Loaded
[STDOUT  ] 2018-09-04T19:18:22.186850955Z: [    2.155654] u32 classifier
[STDOUT  ] 2018-09-04T19:18:22.190724411Z: [    2.158484]     Performance counters on
[STDOUT  ] 2018-09-04T19:18:22.194433305Z: [    2.162360]     input device check on
[STDOUT  ] 2018-09-04T19:18:22.197922637Z: [    2.166081]     Actions configured
[STDOUT  ] 2018-09-04T19:18:22.202678653Z: [    2.169588] Netfilter messages via NETLINK v0.30.
[STDOUT  ] 2018-09-04T19:18:22.207522475Z: [    2.174340] nfnl_acct: registering with nfnetlink.
[STDOUT  ] 2018-09-04T19:18:22.213558426Z: [    2.179220] nf_conntrack version 0.5.0 (8192 buckets, 32768 max)
[STDOUT  ] 2018-09-04T19:18:22.218934000Z: [    2.185278] ctnetlink v0.93: registering with nfnetlink.
[STDOUT  ] 2018-09-04T19:18:22.225781430Z: [    2.190661] nf_tables: (c) 2007-2009 Patrick McHardy <kaber@trash.net>
[STDOUT  ] 2018-09-04T19:18:22.232942877Z: [    2.197477] nf_tables_compat: (c) 2012 Pablo Neira Ayuso <pablo@netfilter.org>
[STDOUT  ] 2018-09-04T19:18:22.237742542Z: [    2.204989] xt_time: kernel timezone is -0000
[STDOUT  ] 2018-09-04T19:18:22.241058185Z: [    2.209554] ip_set: protocol 6
[STDOUT  ] 2018-09-04T19:18:22.246746274Z: [    2.212971] ipip: IPv4 and MPLS over IPv4 tunneling driver
[STDOUT  ] 2018-09-04T19:18:22.251997677Z: [    2.218788] gre: GRE over IPv4 demultiplexor driver
[STDOUT  ] 2018-09-04T19:18:22.257658379Z: [    2.223995] ip_tables: (C) 2000-2006 Netfilter Core Team
[STDOUT  ] 2018-09-04T19:18:22.263580520Z: [    2.229628] arp_tables: arp_tables: (C) 2002 David S. Miller
[STDOUT  ] 2018-09-04T19:18:22.268360031Z: [    2.235530] NET: Registered protocol family 10
[STDOUT  ] 2018-09-04T19:18:22.272811668Z: [    2.240738] Segment Routing with IPv6
[STDOUT  ] 2018-09-04T19:18:22.278348909Z: [    2.244524] ip6_tables: (C) 2000-2006 Netfilter Core Team
[STDOUT  ] 2018-09-04T19:18:22.283426850Z: [    2.250597] NET: Registered protocol family 17
[STDOUT  ] 2018-09-04T19:18:22.287505500Z: [    2.255099] Bridge firewalling registered
[STDOUT  ] 2018-09-04T19:18:22.291954796Z: [    2.259383] 8021q: 802.1Q VLAN Support v1.8
[STDOUT  ] 2018-09-04T19:18:22.296320996Z: [    2.263651] 9pnet: Installing 9P2000 support
[STDOUT  ] 2018-09-04T19:18:22.300936383Z: [    2.268299] Key type dns_resolver registered
[STDOUT  ] 2018-09-04T19:18:22.305407289Z: [    2.272819] registered taskstats version 1
[STDOUT  ] 2018-09-04T19:18:22.317441196Z: [    2.285159] Key type big_key registered
[STDOUT  ] 2018-09-04T19:18:22.325564865Z: [    2.293293] Key type trusted registered
[STDOUT  ] 2018-09-04T19:18:22.333350549Z: [    2.300946] Key type encrypted registered
[STDOUT  ] 2018-09-04T19:18:22.339446116Z: [    2.305746] ata4: SATA link down (SStatus 0 SControl 300)
[STDOUT  ] 2018-09-04T19:18:22.346927876Z: [    2.311989] ata3: SATA link up 1.5 Gbps (SStatus 113 SControl 300)
[STDOUT  ] 2018-09-04T19:18:22.353023735Z: [    2.319269] ata2: SATA link down (SStatus 0 SControl 300)
[STDOUT  ] 2018-09-04T19:18:22.360074487Z: [    2.325602] ata1: SATA link up 1.5 Gbps (SStatus 113 SControl 300)
[STDOUT  ] 2018-09-04T19:18:22.366588242Z: [    2.332792] ata5: SATA link down (SStatus 0 SControl 300)
[STDOUT  ] 2018-09-04T19:18:22.372975668Z: [    2.339165] ata6: SATA link down (SStatus 0 SControl 300)
[STDOUT  ] 2018-09-04T19:18:22.379573495Z: [    2.344918] ima: No TPM chip found, activating TPM-bypass! (rc=-19)
[STDOUT  ] 2018-09-04T19:18:22.385391962Z: [    2.351235] ata1.00: ATA-7: QEMU HARDDISK, 2.5+, max UDMA/100
[STDOUT  ] 2018-09-04T19:18:22.391878183Z: [    2.357078] ata1.00: 524288 sectors, multi 16: LBA48 NCQ (depth 31/32)
[STDOUT  ] 2018-09-04T19:18:22.396077095Z: [    2.363507] ata1.00: applying bridge limits
[STDOUT  ] 2018-09-04T19:18:22.402089202Z: [    2.368094] ata3.00: ATAPI: QEMU DVD-ROM, 2.5+, max UDMA/100
[STDOUT  ] 2018-09-04T19:18:22.406293366Z: [    2.373752] ata3.00: applying bridge limits
[STDOUT  ] 2018-09-04T19:18:22.414680151Z: [    2.378338] ima: Allocated hash algorithm: sha256
[STDOUT  ] 2018-09-04T19:18:22.419497917Z: [    2.386829] ata3.00: configured for UDMA/100
[STDOUT  ] 2018-09-04T19:18:22.423567817Z: [    2.391842] evm: HMAC attrs: 0x1
[STDOUT  ] 2018-09-04T19:18:22.434074567Z: [    2.397776] rtc_cmos 00:00: setting system clock to 2018-09-04 19:18:22 UTC (1536088702)
[STDOUT  ] 2018-09-04T19:18:22.438752685Z: [    2.406100] ata1.00: configured for UDMA/100
[STDOUT  ] 2018-09-04T19:18:22.446782438Z: [    2.410488] scsi 0:0:0:0: Direct-Access     ATA      QEMU HARDDISK    2.5+ PQ: 0 ANSI: 5
[STDOUT  ] 2018-09-04T19:18:22.455919355Z: [    2.420395] sd 0:0:0:0: [sda] 524288 512-byte logical blocks: (268 MB/256 MiB)
[STDOUT  ] 2018-09-04T19:18:22.461272317Z: [    2.427646] sd 0:0:0:0: Attached scsi generic sg0 type 0
[STDOUT  ] 2018-09-04T19:18:22.466132457Z: [    2.432997] sd 0:0:0:0: [sda] Write Protect is off
[STDOUT  ] 2018-09-04T19:18:22.474691044Z: [    2.438343] scsi 2:0:0:0: CD-ROM            QEMU     QEMU DVD-ROM     2.5+ PQ: 0 ANSI: 5
[STDOUT  ] 2018-09-04T19:18:22.483604277Z: [    2.446384] sd 0:0:0:0: [sda] Write cache: enabled, read cache: enabled, doesn't support DPO or FUA
[STDOUT  ] 2018-09-04T19:18:22.490784452Z: [    2.457802] sd 0:0:0:0: [sda] Attached SCSI disk
[STDOUT  ] 2018-09-04T19:18:22.505968851Z: [    2.470930] sr 2:0:0:0: [sr0] scsi3-mmc drive: 4x/4x cd/rw xa/form2 tray
[STDOUT  ] 2018-09-04T19:18:22.511238101Z: [    2.477628] cdrom: Uniform CD-ROM driver Revision: 3.20
[STDOUT  ] 2018-09-04T19:18:22.517124517Z: [    2.483463] sr 2:0:0:0: Attached scsi generic sg1 type 5
[STDOUT  ] 2018-09-04T19:18:22.523936119Z: [    2.490733] Freeing unused kernel memory: 1512K
[STDOUT  ] 2018-09-04T19:18:22.531271977Z: [    2.497089] Write protecting the kernel read-only data: 18432k
[STDOUT  ] 2018-09-04T19:18:22.536733232Z: [    2.503819] Freeing unused kernel memory: 2024K
[STDOUT  ] 2018-09-04T19:18:22.544577041Z: [    2.511436] Freeing unused kernel memory: 1132K
[STDOUT  ] 2018-09-04T19:18:23.163182788Z: 
[STDOUT  ] 2018-09-04T19:18:23.165547947Z: Welcome to LinuxKit
[STDOUT  ] 2018-09-04T19:18:23.165657417Z: 
[STDOUT  ] 2018-09-04T19:18:23.168305645Z:                         ##         .
[STDOUT  ] 2018-09-04T19:18:23.170871746Z:                   ## ## ##        ==
[STDOUT  ] 2018-09-04T19:18:23.173387661Z:                ## ## ## ## ##    ===
[STDOUT  ] 2018-09-04T19:18:23.176040825Z:            /"""""""""""""""""\___/ ===
[STDOUT  ] 2018-09-04T19:18:23.178790525Z:           {                       /  ===-
[STDOUT  ] 2018-09-04T19:18:23.181227736Z:            \______ O           __/
[STDOUT  ] 2018-09-04T19:18:23.183444895Z:              \    \         __/
[STDOUT  ] 2018-09-04T19:18:23.185577782Z:               \____\_______/
[STDOUT  ] 2018-09-04T19:18:23.186230540Z: 
[STDOUT  ] 2018-09-04T19:18:23.263802918Z: [    3.231102] NOHZ: local_softirq_pending 202
[STDOUT  ] 2018-09-04T19:18:23.268047398Z: [    3.235434] NOHZ: local_softirq_pending 202
[STDOUT  ] 2018-09-04T19:18:23.272302296Z: [    3.239678] NOHZ: local_softirq_pending 202
[STDOUT  ] 2018-09-04T19:18:23.276660928Z: [    3.243937] NOHZ: local_softirq_pending 202
[STDOUT  ] 2018-09-04T19:18:23.280970511Z: [    3.248266] NOHZ: local_softirq_pending 202
[STDOUT  ] 2018-09-04T19:18:23.285243976Z: [    3.252597] NOHZ: local_softirq_pending 202
[STDOUT  ] 2018-09-04T19:18:23.289545606Z: [    3.256892] NOHZ: local_softirq_pending 202
[STDOUT  ] 2018-09-04T19:18:23.293779376Z: [    3.261175] NOHZ: local_softirq_pending 202
[STDOUT  ] 2018-09-04T19:18:23.298074790Z: [    3.265395] NOHZ: local_softirq_pending 202
[STDOUT  ] 2018-09-04T19:18:23.302359300Z: [    3.269692] NOHZ: local_softirq_pending 202
[STDOUT  ] 2018-09-04T19:18:23.360214241Z: [    3.329738]  sda:
[STDOUT  ] 2018-09-04T19:18:23.369254320Z: [    3.338764]  sda:
[STDOUT  ] 2018-09-04T19:18:23.639587172Z: [    3.608683]  sda: sda1
[STDOUT  ] 2018-09-04T19:18:23.646037932Z: [    3.615107]  sda: sda1
[STDOUT  ] 2018-09-04T19:18:24.757013819Z: 2018/09/04 19:18:23 Creating partition on /dev/sda
[STDOUT  ] 2018-09-04T19:18:24.761824899Z: 2018/09/04 19:18:24 Partition /dev/sda1 successfully created!
[STDOUT  ] 2018-09-04T19:18:24.847792167Z: [    4.811712] EXT4-fs (sda1): mounted filesystem with ordered data mode. Opts: (null)
[STDOUT  ] 2018-09-04T19:18:35.081986211Z: [   15.048319] sd 0:0:0:0: [sda] Synchronizing SCSI cache
[STDOUT  ] 2018-09-04T19:18:35.086796530Z: [   15.054087] sd 0:0:0:0: [sda] Stopping disk
[STDOUT  ] 2018-09-04T19:18:35.093917932Z: [   15.060153] ACPI: Preparing to enter system sleep state S5
[STDOUT  ] 2018-09-04T19:18:35.097162777Z: [   15.066127] reboot: Power down
[STDERR  ] 2018-09-04T19:18:35.123504708Z: + [ -f disk.img ]
[STDERR  ] 2018-09-04T19:18:35.123576218Z: + dd if=/dev/zero bs=1048576 count=256
[STDERR  ] 2018-09-04T19:18:35.356767114Z: 256+0 records in
[STDERR  ] 2018-09-04T19:18:35.356841689Z: 256+0 records out
[STDERR  ] 2018-09-04T19:18:35.356869011Z: 268435456 bytes (268 MB, 256 MiB) copied, 0.178722 s, 1.5 GB/s
[STDERR  ] 2018-09-04T19:18:35.357048010Z: + linuxkit build -format kernel+initrd -name extend-ext4 test.yml
[STDERR  ] 2018-09-04T19:18:35.404159968Z: Extract kernel image: linuxkit/kernel:4.14.67
[STDERR  ] 2018-09-04T19:18:37.237378910Z: Add init containers:
[STDERR  ] 2018-09-04T19:18:37.237441438Z: Process init image: linuxkit/init:e24105ebb339e1a2e578fde7ec8bccf844a633d5
[STDERR  ] 2018-09-04T19:18:38.427052968Z: Process init image: linuxkit/runc:1dc6559fd0a9a332c740312637af0c3fbe6bafa3
[STDERR  ] 2018-09-04T19:18:39.706946331Z: Add onboot containers:
[STDERR  ] 2018-09-04T19:18:39.707014581Z:   Create OCI config for linuxkit/extend:v0.6
[STDERR  ] 2018-09-04T19:18:41.996050880Z: Pull image: docker.io/linuxkit/extend:v0.6@sha256:591f7e0639764d310370618543aa273e79b734541f15a0b62014cc2514bc4f0c
[STDERR  ] 2018-09-04T19:18:47.353673814Z:   Create OCI config for linuxkit/mount:v0.6
[STDERR  ] 2018-09-04T19:18:50.047318165Z:   Create OCI config for alpine:3.8
[STDERR  ] 2018-09-04T19:18:51.232251458Z:   Create OCI config for linuxkit/poweroff:afe8f7dd0d47a7991c54519b0f09124cb8c4e300
[STDERR  ] 2018-09-04T19:18:52.392949727Z: Add files:
[STDERR  ] 2018-09-04T19:18:52.393020968Z:   check.sh
[STDERR  ] 2018-09-04T19:18:52.407807986Z: Create outputs:
[STDERR  ] 2018-09-04T19:19:01.215529869Z:   extend-ext4-kernel extend-ext4-initrd.img extend-ext4-cmdline
[STDERR  ] 2018-09-04T19:19:01.295802606Z: + linuxkit run -disk file=disk.img extend-ext4
[STDERR  ] 2018-09-04T19:19:01.326825063Z: Using existing disk [disk.img] format 
[STDERR  ] 2018-09-04T19:19:01.345577710Z: WARNING: Image format was not specified for 'disk.img' and probing guessed raw.
[STDERR  ] 2018-09-04T19:19:01.345645602Z:          Automatically detecting the format is dangerous for raw images, write operations on block 0 will be restricted.
[STDERR  ] 2018-09-04T19:19:01.345667345Z:          Specify the 'raw' format explicitly to remove the restrictions.
[STDERR  ] 2018-09-04T19:19:19.425425938Z: + RESULT=[    0.000000] Linux version 4.14.67-linuxkit (root@abc0ed7ade08) (gcc version 6.4.0 (Alpine 6.4.0)) #1 SMP Tue Aug 28 07:07:17 UTC 2018
[STDERR  ] 2018-09-04T19:19:19.425486168Z: [    0.000000] Command line: console=ttyS0 console=ttyAMA0
[STDERR  ] 2018-09-04T19:19:19.425503052Z: [    0.000000] x86/fpu: x87 FPU will use FXSAVE
[STDERR  ] 2018-09-04T19:19:19.425512719Z: [    0.000000] e820: BIOS-provided physical RAM map:
[STDERR  ] 2018-09-04T19:19:19.425521431Z: [    0.000000] BIOS-e820: [mem 0x0000000000000000-0x000000000009fbff] usable
[STDERR  ] 2018-09-04T19:19:19.425530781Z: [    0.000000] BIOS-e820: [mem 0x000000000009fc00-0x000000000009ffff] reserved
[STDERR  ] 2018-09-04T19:19:19.425539183Z: [    0.000000] BIOS-e820: [mem 0x00000000000f0000-0x00000000000fffff] reserved
[STDERR  ] 2018-09-04T19:19:19.425547690Z: [    0.000000] BIOS-e820: [mem 0x0000000000100000-0x000000003ffdefff] usable
[STDERR  ] 2018-09-04T19:19:19.425555722Z: [    0.000000] BIOS-e820: [mem 0x000000003ffdf000-0x000000003fffffff] reserved
[STDERR  ] 2018-09-04T19:19:19.425564842Z: [    0.000000] BIOS-e820: [mem 0x00000000b0000000-0x00000000bfffffff] reserved
[STDERR  ] 2018-09-04T19:19:19.425572698Z: [    0.000000] BIOS-e820: [mem 0x00000000fed1c000-0x00000000fed1ffff] reserved
[STDERR  ] 2018-09-04T19:19:19.425580595Z: [    0.000000] BIOS-e820: [mem 0x00000000feffc000-0x00000000feffffff] reserved
[STDERR  ] 2018-09-04T19:19:19.425588248Z: [    0.000000] BIOS-e820: [mem 0x00000000fffc0000-0x00000000ffffffff] reserved
[STDERR  ] 2018-09-04T19:19:19.425596039Z: [    0.000000] NX (Execute Disable) protection: active
[STDERR  ] 2018-09-04T19:19:19.425618548Z: [    0.000000] SMBIOS 2.8 present.
[STDERR  ] 2018-09-04T19:19:19.425626352Z: [    0.000000] DMI: QEMU Standard PC (Q35 + ICH9, 2009), BIOS 1.10.2-1 04/01/2014
[STDERR  ] 2018-09-04T19:19:19.425636888Z: [    0.000000] Hypervisor detected: KVM
[STDERR  ] 2018-09-04T19:19:19.425644905Z: [    0.000000] tsc: Fast TSC calibration failed
[STDERR  ] 2018-09-04T19:19:19.425676804Z: [    0.000000] tsc: Unable to calibrate against PIT
[STDERR  ] 2018-09-04T19:19:19.425684397Z: [    0.000000] tsc: No reference (HPET/PMTIMER) available
[STDERR  ] 2018-09-04T19:19:19.425692473Z: [    0.000000] e820: last_pfn = 0x3ffdf max_arch_pfn = 0x400000000
[STDERR  ] 2018-09-04T19:19:19.425700239Z: [    0.000000] x86/PAT: PAT not supported by CPU.
[STDERR  ] 2018-09-04T19:19:19.425708257Z: [    0.000000] x86/PAT: Configuration [0-7]: WB  WT  UC- UC  WB  WT  UC- UC  
[STDERR  ] 2018-09-04T19:19:19.425716001Z: [    0.000000] found SMP MP-table at [mem 0x000f6a90-0x000f6a9f] mapped at [ffffffffff200a90]
[STDERR  ] 2018-09-04T19:19:19.425724598Z: [    0.000000] RAMDISK: [mem 0x3cb83000-0x3ffcffff]
[STDERR  ] 2018-09-04T19:19:19.425732503Z: [    0.000000] ACPI: Early table checksum verification disabled
[STDERR  ] 2018-09-04T19:19:19.425740903Z: [    0.000000] ACPI: RSDP 0x00000000000F68D0 000014 (v00 BOCHS )
[STDERR  ] 2018-09-04T19:19:19.425749423Z: [    0.000000] ACPI: RSDT 0x000000003FFE2404 000034 (v01 BOCHS  BXPCRSDT 00000001 BXPC 00000001)
[STDERR  ] 2018-09-04T19:19:19.425757984Z: [    0.000000] ACPI: FACP 0x000000003FFE22A4 000074 (v01 BOCHS  BXPCFACP 00000001 BXPC 00000001)
[STDERR  ] 2018-09-04T19:19:19.425765591Z: [    0.000000] ACPI: DSDT 0x000000003FFE0040 002264 (v01 BOCHS  BXPCDSDT 00000001 BXPC 00000001)
[STDERR  ] 2018-09-04T19:19:19.425773360Z: [    0.000000] ACPI: FACS 0x000000003FFE0000 000040
[STDERR  ] 2018-09-04T19:19:19.425780873Z: [    0.000000] ACPI: APIC 0x000000003FFE2318 000078 (v01 BOCHS  BXPCAPIC 00000001 BXPC 00000001)
[STDERR  ] 2018-09-04T19:19:19.425788379Z: [    0.000000] ACPI: HPET 0x000000003FFE2390 000038 (v01 BOCHS  BXPCHPET 00000001 BXPC 00000001)
[STDERR  ] 2018-09-04T19:19:19.425803769Z: [    0.000000] ACPI: MCFG 0x000000003FFE23C8 00003C (v01 BOCHS  BXPCMCFG 00000001 BXPC 00000001)
[STDERR  ] 2018-09-04T19:19:19.425811496Z: [    0.000000] kvm-clock: Using msrs 4b564d01 and 4b564d00
[STDERR  ] 2018-09-04T19:19:19.425819318Z: [    0.000000] kvm-clock: cpu 0, msr 0:3ffdd001, primary cpu clock
[STDERR  ] 2018-09-04T19:19:19.425828748Z: [    0.000000] clocksource: kvm-clock: mask: 0xffffffffffffffff max_cycles: 0x1cd42e4dffb, max_idle_ns: 881590591483 ns
[STDERR  ] 2018-09-04T19:19:19.425836639Z: [    0.000000] Zone ranges:
[STDERR  ] 2018-09-04T19:19:19.425844963Z: [    0.000000]   DMA      [mem 0x0000000000001000-0x0000000000ffffff]
[STDERR  ] 2018-09-04T19:19:19.425859280Z: [    0.000000]   DMA32    [mem 0x0000000001000000-0x000000003ffdefff]
[STDERR  ] 2018-09-04T19:19:19.425870378Z: [    0.000000]   Normal   empty
[STDERR  ] 2018-09-04T19:19:19.425881886Z: [    0.000000]   Device   empty
[STDERR  ] 2018-09-04T19:19:19.425893197Z: [    0.000000] Movable zone start for each node
[STDERR  ] 2018-09-04T19:19:19.425901327Z: [    0.000000] Early memory node ranges
[STDERR  ] 2018-09-04T19:19:19.425908901Z: [    0.000000]   node   0: [mem 0x0000000000001000-0x000000000009efff]
[STDERR  ] 2018-09-04T19:19:19.425916303Z: [    0.000000]   node   0: [mem 0x0000000000100000-0x000000003ffdefff]
[STDERR  ] 2018-09-04T19:19:19.425926212Z: [    0.000000] Initmem setup node 0 [mem 0x0000000000001000-0x000000003ffdefff]
[STDERR  ] 2018-09-04T19:19:19.425933915Z: [    0.000000] ACPI: PM-Timer IO Port: 0x608
[STDERR  ] 2018-09-04T19:19:19.425941697Z: [    0.000000] ACPI: LAPIC_NMI (acpi_id[0xff] dfl dfl lint[0x1])
[STDERR  ] 2018-09-04T19:19:19.425949134Z: [    0.000000] IOAPIC[0]: apic_id 0, version 17, address 0xfec00000, GSI 0-23
[STDERR  ] 2018-09-04T19:19:19.425956592Z: [    0.000000] ACPI: INT_SRC_OVR (bus 0 bus_irq 0 global_irq 2 dfl dfl)
[STDERR  ] 2018-09-04T19:19:19.425963945Z: [    0.000000] ACPI: INT_SRC_OVR (bus 0 bus_irq 5 global_irq 5 high level)
[STDERR  ] 2018-09-04T19:19:19.425971448Z: [    0.000000] ACPI: INT_SRC_OVR (bus 0 bus_irq 9 global_irq 9 high level)
[STDERR  ] 2018-09-04T19:19:19.425978851Z: [    0.000000] ACPI: INT_SRC_OVR (bus 0 bus_irq 10 global_irq 10 high level)
[STDERR  ] 2018-09-04T19:19:19.425988781Z: [    0.000000] ACPI: INT_SRC_OVR (bus 0 bus_irq 11 global_irq 11 high level)
[STDERR  ] 2018-09-04T19:19:19.425999389Z: [    0.000000] Using ACPI (MADT) for SMP configuration information
[STDERR  ] 2018-09-04T19:19:19.426007126Z: [    0.000000] ACPI: HPET id: 0x8086a201 base: 0xfed00000
[STDERR  ] 2018-09-04T19:19:19.426015154Z: [    0.000000] smpboot: Allowing 1 CPUs, 0 hotplug CPUs
[STDERR  ] 2018-09-04T19:19:19.426029396Z: [    0.000000] e820: [mem 0x40000000-0xafffffff] available for PCI devices
[STDERR  ] 2018-09-04T19:19:19.426037583Z: [    0.000000] Booting paravirtualized kernel on KVM
[STDERR  ] 2018-09-04T19:19:19.426044992Z: [    0.000000] clocksource: refined-jiffies: mask: 0xffffffff max_cycles: 0xffffffff, max_idle_ns: 1910969940391419 ns
[STDERR  ] 2018-09-04T19:19:19.426052517Z: [    0.000000] random: get_random_bytes called from start_kernel+0x92/0x4cb with crng_init=0
[STDERR  ] 2018-09-04T19:19:19.426060037Z: [    0.000000] setup_percpu: NR_CPUS:128 nr_cpumask_bits:128 nr_cpu_ids:1 nr_node_ids:1
[STDERR  ] 2018-09-04T19:19:19.426067412Z: [    0.000000] percpu: Embedded 45 pages/cpu @ffff907dbc800000 s144280 r8192 d31848 u2097152
[STDERR  ] 2018-09-04T19:19:19.426076882Z: [    0.000000] KVM setup async PF for cpu 0
[STDERR  ] 2018-09-04T19:19:19.426084528Z: [    0.000000] kvm-stealtime: cpu 0, msr 3c815f40
[STDERR  ] 2018-09-04T19:19:19.426092118Z: [    0.000000] Built 1 zonelists, mobility grouping on.  Total pages: 257896
[STDERR  ] 2018-09-04T19:19:19.426099571Z: [    0.000000] Kernel command line: console=ttyS0 console=ttyAMA0
[STDERR  ] 2018-09-04T19:19:19.426106984Z: [    0.000000] PID hash table entries: 4096 (order: 3, 32768 bytes)
[STDERR  ] 2018-09-04T19:19:19.426117805Z: [    0.000000] Dentry cache hash table entries: 131072 (order: 8, 1048576 bytes)
[STDERR  ] 2018-09-04T19:19:19.426125180Z: [    0.000000] Inode-cache hash table entries: 65536 (order: 7, 524288 bytes)
[STDERR  ] 2018-09-04T19:19:19.426133021Z: [    0.000000] Memory: 951280K/1048052K available (12300K kernel code, 1447K rwdata, 2964K rodata, 1512K init, 628K bss, 96772K reserved, 0K cma-reserved)
[STDERR  ] 2018-09-04T19:19:19.426142621Z: [    0.000000] Kernel/User page tables isolation: enabled
[STDERR  ] 2018-09-04T19:19:19.426150080Z: [    0.000000] ftrace: allocating 40632 entries in 159 pages
[STDERR  ] 2018-09-04T19:19:19.426157844Z: [    0.001000] Hierarchical RCU implementation.
[STDERR  ] 2018-09-04T19:19:19.426167589Z: [    0.001000] 	RCU restricting CPUs from NR_CPUS=128 to nr_cpu_ids=1.
[STDERR  ] 2018-09-04T19:19:19.426175035Z: [    0.001000] RCU: Adjusting geometry for rcu_fanout_leaf=16, nr_cpu_ids=1
[STDERR  ] 2018-09-04T19:19:19.426182459Z: [    0.001000] NR_IRQS: 8448, nr_irqs: 256, preallocated irqs: 16
[STDERR  ] 2018-09-04T19:19:19.426190703Z: [    0.001000] Console: colour VGA+ 80x25
[STDERR  ] 2018-09-04T19:19:19.426198577Z: [    0.001000] console [ttyS0] enabled
[STDERR  ] 2018-09-04T19:19:19.426207944Z: [    0.001000] clocksource: hpet: mask: 0xffffffff max_cycles: 0xffffffff, max_idle_ns: 19112604467 ns
[STDERR  ] 2018-09-04T19:19:19.426217958Z: [    0.001025] tsc: Detected 2299.790 MHz processor
[STDERR  ] 2018-09-04T19:19:19.426228039Z: [    0.002025] Calibrating delay loop (skipped) preset value.. 4599.58 BogoMIPS (lpj=2299790)
[STDERR  ] 2018-09-04T19:19:19.426235937Z: [    0.003024] pid_max: default: 32768 minimum: 301
[STDERR  ] 2018-09-04T19:19:19.426243381Z: [    0.004047] ACPI: Core revision 20170728
[STDERR  ] 2018-09-04T19:19:19.426260254Z: [    0.005693] ACPI: 1 ACPI AML tables successfully acquired and loaded
[STDERR  ] 2018-09-04T19:19:19.426267678Z: [    0.006097] Security Framework initialized
[STDERR  ] 2018-09-04T19:19:19.426275268Z: [    0.007023] Yama: becoming mindful.
[STDERR  ] 2018-09-04T19:19:19.426282508Z: [    0.008061] Mount-cache hash table entries: 2048 (order: 2, 16384 bytes)
[STDERR  ] 2018-09-04T19:19:19.426289941Z: [    0.009027] Mountpoint-cache hash table entries: 2048 (order: 2, 16384 bytes)
[STDERR  ] 2018-09-04T19:19:19.426299567Z: [    0.012065] Last level iTLB entries: 4KB 0, 2MB 0, 4MB 0
[STDERR  ] 2018-09-04T19:19:19.426310793Z: [    0.013025] Last level dTLB entries: 4KB 0, 2MB 0, 4MB 0, 1GB 0
[STDERR  ] 2018-09-04T19:19:19.426318324Z: [    0.014025] Spectre V2 : Mitigation: Full generic retpoline
[STDERR  ] 2018-09-04T19:19:19.426325797Z: [    0.015025] Spectre V2 : Spectre v2 / SpectreRSB mitigation: Filling RSB on context switch
[STDERR  ] 2018-09-04T19:19:19.426333685Z: [    0.016023] Speculative Store Bypass: Vulnerable
[STDERR  ] 2018-09-04T19:19:19.426341335Z: [    0.022604] Freeing SMP alternatives memory: 20K
[STDERR  ] 2018-09-04T19:19:19.426355184Z: [    0.023596] smpboot: Max logical packages: 1
[STDERR  ] 2018-09-04T19:19:19.426362692Z: [    0.026536] x2apic enabled
[STDERR  ] 2018-09-04T19:19:19.426370525Z: [    0.027024] Switched APIC routing to physical x2apic.
[STDERR  ] 2018-09-04T19:19:19.426378228Z: [    0.040000] ..TIMER: vector=0x30 apic1=0 pin1=2 apic2=-1 pin2=-1
[STDERR  ] 2018-09-04T19:19:19.426386184Z: [    0.040000] smpboot: CPU0: Intel QEMU Virtual CPU version 2.5+ (family: 0x6, model: 0x6, stepping: 0x3)
[STDERR  ] 2018-09-04T19:19:19.426393972Z: [    0.040140] Performance Events: PMU not available due to virtualization, using software events only.
[STDERR  ] 2018-09-04T19:19:19.426401781Z: [    0.042340] Hierarchical SRCU implementation.
[STDERR  ] 2018-09-04T19:19:19.426409193Z: [    0.043125] NMI watchdog: Perf event create on CPU 0 failed with -2
[STDERR  ] 2018-09-04T19:19:19.426419795Z: [    0.044006] NMI watchdog: Perf NMI watchdog permanently disabled
[STDERR  ] 2018-09-04T19:19:19.426428217Z: [    0.045081] smp: Bringing up secondary CPUs ...
[STDERR  ] 2018-09-04T19:19:19.426440794Z: [    0.046004] smp: Brought up 1 node, 1 CPU
[STDERR  ] 2018-09-04T19:19:19.426458672Z: [    0.047004] smpboot: Total of 1 processors activated (4599.58 BogoMIPS)
[STDERR  ] 2018-09-04T19:19:19.426466886Z: [    0.050199] devtmpfs: initialized
[STDERR  ] 2018-09-04T19:19:19.426474505Z: [    0.052024] x86/mm: Memory block size: 128MB
[STDERR  ] 2018-09-04T19:19:19.426482270Z: [    0.053241] evm: security.ima
[STDERR  ] 2018-09-04T19:19:19.426490295Z: [    0.054003] evm: security.capability
[STDERR  ] 2018-09-04T19:19:19.426500183Z: [    0.056155] clocksource: jiffies: mask: 0xffffffff max_cycles: 0xffffffff, max_idle_ns: 1911260446275000 ns
[STDERR  ] 2018-09-04T19:19:19.426508134Z: [    0.057012] futex hash table entries: 256 (order: 2, 16384 bytes)
[STDERR  ] 2018-09-04T19:19:19.426517996Z: [    0.058221] NET: Registered protocol family 16
[STDERR  ] 2018-09-04T19:19:19.426528841Z: [    0.059197] cpuidle: using governor ladder
[STDERR  ] 2018-09-04T19:19:19.426536613Z: [    0.060006] cpuidle: using governor menu
[STDERR  ] 2018-09-04T19:19:19.426544779Z: [    0.061115] ACPI: bus type PCI registered
[STDERR  ] 2018-09-04T19:19:19.426556639Z: [    0.062509] PCI: MMCONFIG for domain 0000 [bus 00-ff] at [mem 0xb0000000-0xbfffffff] (base 0xb0000000)
[STDERR  ] 2018-09-04T19:19:19.426568564Z: [    0.063010] PCI: MMCONFIG at [mem 0xb0000000-0xbfffffff] reserved in E820
[STDERR  ] 2018-09-04T19:19:19.426577425Z: [    0.064026] PCI: Using configuration type 1 for base access
[STDERR  ] 2018-09-04T19:19:19.426585271Z: [    0.067232] HugeTLB registered 2.00 MiB page size, pre-allocated 0 pages
[STDERR  ] 2018-09-04T19:19:19.426593042Z: [    0.069126] ACPI: Added _OSI(Module Device)
[STDERR  ] 2018-09-04T19:19:19.426600833Z: [    0.070010] ACPI: Added _OSI(Processor Device)
[STDERR  ] 2018-09-04T19:19:19.426608773Z: [    0.071004] ACPI: Added _OSI(3.0 _SCP Extensions)
[STDERR  ] 2018-09-04T19:19:19.426616430Z: [    0.072004] ACPI: Added _OSI(Processor Aggregator Device)
[STDERR  ] 2018-09-04T19:19:19.426624306Z: [    0.077175] ACPI: Interpreter enabled
[STDERR  ] 2018-09-04T19:19:19.426632165Z: [    0.078012] ACPI: (supports S0 S5)
[STDERR  ] 2018-09-04T19:19:19.426639779Z: [    0.079004] ACPI: Using IOAPIC for interrupt routing
[STDERR  ] 2018-09-04T19:19:19.426648753Z: [    0.080057] PCI: Using host bridge windows from ACPI; if necessary, use "pci=nocrs" and report a bug
[STDERR  ] 2018-09-04T19:19:19.426659067Z: [    0.081423] ACPI: Enabled 2 GPEs in block 00 to 3F
[STDERR  ] 2018-09-04T19:19:19.426666872Z: [    0.086688] ACPI: PCI Root Bridge [PCI0] (domain 0000 [bus 00-ff])
[STDERR  ] 2018-09-04T19:19:19.426678203Z: [    0.087011] acpi PNP0A08:00: _OSC: OS supports [ExtendedConfig ASPM ClockPM Segments MSI]
[STDERR  ] 2018-09-04T19:19:19.426687012Z: [    0.088147] acpi PNP0A08:00: _OSC: OS now controls [PCIeHotplug PME PCIeCapability]
[STDERR  ] 2018-09-04T19:19:19.426695822Z: [    0.089069] PCI host bridge to bus 0000:00
[STDERR  ] 2018-09-04T19:19:19.426703788Z: [    0.090006] pci_bus 0000:00: root bus resource [io  0x0000-0x0cf7 window]
[STDERR  ] 2018-09-04T19:19:19.426722708Z: [    0.091005] pci_bus 0000:00: root bus resource [io  0x0d00-0xffff window]
[STDERR  ] 2018-09-04T19:19:19.426730559Z: [    0.092005] pci_bus 0000:00: root bus resource [mem 0x000a0000-0x000bffff window]
[STDERR  ] 2018-09-04T19:19:19.426738259Z: [    0.093006] pci_bus 0000:00: root bus resource [mem 0xc0000000-0xfebfffff window]
[STDERR  ] 2018-09-04T19:19:19.426745894Z: [    0.094006] pci_bus 0000:00: root bus resource [bus 00-ff]
[STDERR  ] 2018-09-04T19:19:19.426753404Z: [    0.172477] pci 0000:00:1f.0: quirk: [io  0x0600-0x067f] claimed by ICH6 ACPI/GPIO/TCO
[STDERR  ] 2018-09-04T19:19:19.426761568Z: [    0.199101] ACPI: PCI Interrupt Link [LNKA] (IRQs 5 *10 11)
[STDERR  ] 2018-09-04T19:19:19.426769382Z: [    0.200314] ACPI: PCI Interrupt Link [LNKB] (IRQs 5 *10 11)
[STDERR  ] 2018-09-04T19:19:19.426785817Z: [    0.201319] ACPI: PCI Interrupt Link [LNKC] (IRQs 5 10 *11)
[STDERR  ] 2018-09-04T19:19:19.426795351Z: [    0.202372] ACPI: PCI Interrupt Link [LNKD] (IRQs 5 10 *11)
[STDERR  ] 2018-09-04T19:19:19.426820196Z: [    0.203303] ACPI: PCI Interrupt Link [LNKE] (IRQs 5 *10 11)
[STDERR  ] 2018-09-04T19:19:19.426834556Z: [    0.205225] ACPI: PCI Interrupt Link [LNKF] (IRQs 5 *10 11)
[STDERR  ] 2018-09-04T19:19:19.426842224Z: [    0.207024] ACPI: PCI Interrupt Link [LNKG] (IRQs 5 10 *11)
[STDERR  ] 2018-09-04T19:19:19.426856598Z: [    0.208305] ACPI: PCI Interrupt Link [LNKH] (IRQs 5 10 *11)
[STDERR  ] 2018-09-04T19:19:19.426866949Z: [    0.209158] ACPI: PCI Interrupt Link [GSIA] (IRQs *16)
[STDERR  ] 2018-09-04T19:19:19.426874793Z: [    0.210024] ACPI: PCI Interrupt Link [GSIB] (IRQs *17)
[STDERR  ] 2018-09-04T19:19:19.426882555Z: [    0.211024] ACPI: PCI Interrupt Link [GSIC] (IRQs *18)
[STDERR  ] 2018-09-04T19:19:19.426890703Z: [    0.212022] ACPI: PCI Interrupt Link [GSID] (IRQs *19)
[STDERR  ] 2018-09-04T19:19:19.426898990Z: [    0.214006] ACPI: PCI Interrupt Link [GSIE] (IRQs *20)
[STDERR  ] 2018-09-04T19:19:19.426906654Z: [    0.215027] ACPI: PCI Interrupt Link [GSIF] (IRQs *21)
[STDERR  ] 2018-09-04T19:19:19.426914440Z: [    0.216034] ACPI: PCI Interrupt Link [GSIG] (IRQs *22)
[STDERR  ] 2018-09-04T19:19:19.426927400Z: [    0.217025] ACPI: PCI Interrupt Link [GSIH] (IRQs *23)
[STDERR  ] 2018-09-04T19:19:19.426937087Z: [    0.218407] SCSI subsystem initialized
[STDERR  ] 2018-09-04T19:19:19.426945075Z: [    0.219200] ACPI: bus type USB registered
[STDERR  ] 2018-09-04T19:19:19.426952736Z: [    0.220038] usbcore: registered new interface driver usbfs
[STDERR  ] 2018-09-04T19:19:19.426960375Z: [    0.221026] usbcore: registered new interface driver hub
[STDERR  ] 2018-09-04T19:19:19.426968163Z: [    0.222052] usbcore: registered new device driver usb
[STDERR  ] 2018-09-04T19:19:19.426979788Z: [    0.223042] pps_core: LinuxPPS API ver. 1 registered
[STDERR  ] 2018-09-04T19:19:19.426987719Z: [    0.224005] pps_core: Software ver. 5.3.6 - Copyright 2005-2007 Rodolfo Giometti <giometti@linux.it>
[STDERR  ] 2018-09-04T19:19:19.426995588Z: [    0.225019] PTP clock support registered
[STDERR  ] 2018-09-04T19:19:19.427003026Z: [    0.226102] PCI: Using ACPI for IRQ routing
[STDERR  ] 2018-09-04T19:19:19.427012648Z: [    0.721505] NetLabel: Initializing
[STDERR  ] 2018-09-04T19:19:19.427020490Z: [    0.722004] NetLabel:  domain hash size = 128
[STDERR  ] 2018-09-04T19:19:19.427028602Z: [    0.723003] NetLabel:  protocols = UNLABELED CIPSOv4 CALIPSO
[STDERR  ] 2018-09-04T19:19:19.427039378Z: [    0.724043] NetLabel:  unlabeled traffic allowed by default
[STDERR  ] 2018-09-04T19:19:19.427051320Z: [    0.725211] HPET: 3 timers in total, 0 timers will be used for per-cpu timer
[STDERR  ] 2018-09-04T19:19:19.427059178Z: [    0.726116] hpet0: at MMIO 0xfed00000, IRQs 2, 8, 0
[STDERR  ] 2018-09-04T19:19:19.427066979Z: [    0.727005] hpet0: 3 comparators, 64-bit 100.000000 MHz counter
[STDERR  ] 2018-09-04T19:19:19.427074689Z: [    0.733042] clocksource: Switched to clocksource kvm-clock
[STDERR  ] 2018-09-04T19:19:19.427084106Z: [    0.758172] VFS: Disk quotas dquot_6.6.0
[STDERR  ] 2018-09-04T19:19:19.427098441Z: [    0.762120] VFS: Dquot-cache hash table entries: 512 (order 0, 4096 bytes)
[STDERR  ] 2018-09-04T19:19:19.427108628Z: [    0.768804] FS-Cache: Loaded
[STDERR  ] 2018-09-04T19:19:19.427116445Z: [    0.771773] CacheFiles: Loaded
[STDERR  ] 2018-09-04T19:19:19.427124246Z: [    0.774825] pnp: PnP ACPI init
[STDERR  ] 2018-09-04T19:19:19.427131824Z: [    0.779111] pnp: PnP ACPI: found 5 devices
[STDERR  ] 2018-09-04T19:19:19.427139766Z: [    0.789411] clocksource: acpi_pm: mask: 0xffffff max_cycles: 0xffffff, max_idle_ns: 2085701024 ns
[STDERR  ] 2018-09-04T19:19:19.427149157Z: [    0.798317] NET: Registered protocol family 2
[STDERR  ] 2018-09-04T19:19:19.427160852Z: [    0.802775] TCP established hash table entries: 8192 (order: 4, 65536 bytes)
[STDERR  ] 2018-09-04T19:19:19.427173265Z: [    0.809688] TCP bind hash table entries: 8192 (order: 5, 131072 bytes)
[STDERR  ] 2018-09-04T19:19:19.427182027Z: [    0.816887] TCP: Hash tables configured (established 8192 bind 8192)
[STDERR  ] 2018-09-04T19:19:19.427194589Z: [    0.823149] UDP hash table entries: 512 (order: 2, 16384 bytes)
[STDERR  ] 2018-09-04T19:19:19.427208551Z: [    0.828863] UDP-Lite hash table entries: 512 (order: 2, 16384 bytes)
[STDERR  ] 2018-09-04T19:19:19.427216328Z: [    0.835115] NET: Registered protocol family 1
[STDERR  ] 2018-09-04T19:19:19.427234125Z: [    0.839659] pci 0000:00:01.0: Video device with shadowed ROM at [mem 0x000c0000-0x000dffff]
[STDERR  ] 2018-09-04T19:19:19.427263601Z: [    0.848189] Trying to unpack rootfs image as initramfs...
[STDERR  ] 2018-09-04T19:19:19.427271795Z: [    1.929961] Freeing initrd memory: 53556K
[STDERR  ] 2018-09-04T19:19:19.427279568Z: [    1.934199] clocksource: tsc: mask: 0xffffffffffffffff max_cycles: 0x21266ed8b88, max_idle_ns: 440795309774 ns
[STDERR  ] 2018-09-04T19:19:19.427292803Z: [    1.944519] PCLMULQDQ-NI instructions are not detected.
[STDERR  ] 2018-09-04T19:19:19.427300601Z: [    1.949716] AVX or AES-NI instructions are not detected.
[STDERR  ] 2018-09-04T19:19:19.427308524Z: [    1.954867] CPU feature 'AVX registers' is not supported.
[STDERR  ] 2018-09-04T19:19:19.427324778Z: [    1.960180] CPU feature 'AVX registers' is not supported.
[STDERR  ] 2018-09-04T19:19:19.427335231Z: [    1.965726] CPU feature 'AVX registers' is not supported.
[STDERR  ] 2018-09-04T19:19:19.427380361Z: [    1.970936] CPU feature 'AVX registers' is not supported.
[STDERR  ] 2018-09-04T19:19:19.427394606Z: [    1.976181] AVX2 or AES-NI instructions are not detected.
[STDERR  ] 2018-09-04T19:19:19.427402478Z: [    1.981423] AVX2 instructions are not detected.
[STDERR  ] 2018-09-04T19:19:19.427410232Z: [    1.986164] audit: initializing netlink subsys (disabled)
[STDERR  ] 2018-09-04T19:19:19.427417802Z: [    1.991784] audit: type=2000 audit(1536088744.175:1): state=initialized audit_enabled=0 res=1
[STDERR  ] 2018-09-04T19:19:19.427425603Z: [    2.000080] workingset: timestamp_bits=46 max_order=18 bucket_order=0
[STDERR  ] 2018-09-04T19:19:19.427433367Z: [    2.006691] squashfs: version 4.0 (2009/01/31) Phillip Lougher
[STDERR  ] 2018-09-04T19:19:19.427441124Z: [    2.013786] FS-Cache: Netfs 'cifs' registered for caching
[STDERR  ] 2018-09-04T19:19:19.427449272Z: [    2.019090] fuse init (API version 7.26)
[STDERR  ] 2018-09-04T19:19:19.427456767Z: [    2.023173] SGI XFS with ACLs, security attributes, no debug enabled
[STDERR  ] 2018-09-04T19:19:19.427467788Z: [    2.029503] 9p: Installing v9fs 9p2000 file system support
[STDERR  ] 2018-09-04T19:19:19.427479450Z: [    2.034830] FS-Cache: Netfs '9p' registered for caching
[STDERR  ] 2018-09-04T19:19:19.427487238Z: [    2.041245] NET: Registered protocol family 38
[STDERR  ] 2018-09-04T19:19:19.427495065Z: [    2.045629] Key type asymmetric registered
[STDERR  ] 2018-09-04T19:19:19.427502731Z: [    2.049769] Asymmetric key parser 'x509' registered
[STDERR  ] 2018-09-04T19:19:19.427510479Z: [    2.054555] Block layer SCSI generic (bsg) driver version 0.4 loaded (major 247)
[STDERR  ] 2018-09-04T19:19:19.427528187Z: [    2.062160] io scheduler noop registered
[STDERR  ] 2018-09-04T19:19:19.427535902Z: [    2.066049] io scheduler deadline registered (default)
[STDERR  ] 2018-09-04T19:19:19.427544577Z: [    2.071174] io scheduler cfq registered
[STDERR  ] 2018-09-04T19:19:19.427552258Z: [    2.074955] io scheduler mq-deadline registered
[STDERR  ] 2018-09-04T19:19:19.427563643Z: [    2.079404] io scheduler kyber registered
[STDERR  ] 2018-09-04T19:19:19.427571606Z: [    2.083468] shpchp: Standard Hot Plug PCI Controller Driver version: 0.4
[STDERR  ] 2018-09-04T19:19:19.427579300Z: [    2.090111] hv_vmbus: registering driver hyperv_fb
[STDERR  ] 2018-09-04T19:19:19.427587180Z: [    2.094900] input: Power Button as /devices/LNXSYSTM:00/LNXPWRBN:00/input/input0
[STDERR  ] 2018-09-04T19:19:19.427597653Z: [    2.102070] ACPI: Power Button [PWRF]
[STDERR  ] 2018-09-04T19:19:19.427609687Z: [    2.106470] ACPI: PCI Interrupt Link [GSIG] enabled at IRQ 22
[STDERR  ] 2018-09-04T19:19:19.427619455Z: [    2.118390] ACPI: PCI Interrupt Link [GSIH] enabled at IRQ 23
[STDERR  ] 2018-09-04T19:19:19.427636049Z: [    2.130205] Serial: 8250/16550 driver, 4 ports, IRQ sharing disabled
[STDERR  ] 2018-09-04T19:19:19.427646825Z: [    2.171439] 00:04: ttyS0 at I/O 0x3f8 (irq = 4, base_baud = 115200) is a 16550A
[STDERR  ] 2018-09-04T19:19:19.427662833Z: [    2.179495] Non-volatile memory driver v1.3
[STDERR  ] 2018-09-04T19:19:19.427670716Z: [    2.185361] Hangcheck: starting hangcheck timer 0.9.1 (tick is 180 seconds, margin is 60 seconds).
[STDERR  ] 2018-09-04T19:19:19.427678676Z: [    2.196682] random: fast init done
[STDERR  ] 2018-09-04T19:19:19.427686166Z: [    2.201094] random: crng init done
[STDERR  ] 2018-09-04T19:19:19.427693939Z: [    2.205588] brd: module loaded
[STDERR  ] 2018-09-04T19:19:19.427706508Z: [    2.211120] loop: module loaded
[STDERR  ] 2018-09-04T19:19:19.427714367Z: [    2.218172] lpc_ich 0000:00:1f.0: I/O space for GPIO uninitialized
[STDERR  ] 2018-09-04T19:19:19.427722197Z: [    2.224216] VMware PVSCSI driver - version 1.0.7.0-k
[STDERR  ] 2018-09-04T19:19:19.427732718Z: [    2.229089] hv_vmbus: registering driver hv_storvsc
[STDERR  ] 2018-09-04T19:19:19.427740547Z: [    2.234422] ACPI: PCI Interrupt Link [GSIA] enabled at IRQ 16
[STDERR  ] 2018-09-04T19:19:19.427748584Z: [    2.243736] ahci 0000:00:1f.2: AHCI 0001.0000 32 slots 6 ports 1.5 Gbps 0x3f impl SATA mode
[STDERR  ] 2018-09-04T19:19:19.427756595Z: [    2.251786] ahci 0000:00:1f.2: flags: 64bit ncq only 
[STDERR  ] 2018-09-04T19:19:19.427764394Z: [    2.260729] scsi host0: ahci
[STDERR  ] 2018-09-04T19:19:19.427780089Z: [    2.264225] scsi host1: ahci
[STDERR  ] 2018-09-04T19:19:19.427787948Z: [    2.267205] scsi host2: ahci
[STDERR  ] 2018-09-04T19:19:19.427795465Z: [    2.270208] scsi host3: ahci
[STDERR  ] 2018-09-04T19:19:19.427803476Z: [    2.273194] scsi host4: ahci
[STDERR  ] 2018-09-04T19:19:19.427815796Z: [    2.276131] scsi host5: ahci
[STDERR  ] 2018-09-04T19:19:19.427823804Z: [    2.279201] ata1: SATA max UDMA/133 abar m4096@0xfebd2000 port 0xfebd2100 irq 24
[STDERR  ] 2018-09-04T19:19:19.427831671Z: [    2.286385] ata2: SATA max UDMA/133 abar m4096@0xfebd2000 port 0xfebd2180 irq 24
[STDERR  ] 2018-09-04T19:19:19.427839557Z: [    2.293536] ata3: SATA max UDMA/133 abar m4096@0xfebd2000 port 0xfebd2200 irq 24
[STDERR  ] 2018-09-04T19:19:19.427853216Z: [    2.300646] ata4: SATA max UDMA/133 abar m4096@0xfebd2000 port 0xfebd2280 irq 24
[STDERR  ] 2018-09-04T19:19:19.427872077Z: [    2.307814] ata5: SATA max UDMA/133 abar m4096@0xfebd2000 port 0xfebd2300 irq 24
[STDERR  ] 2018-09-04T19:19:19.427880532Z: [    2.314991] ata6: SATA max UDMA/133 abar m4096@0xfebd2000 port 0xfebd2380 irq 24
[STDERR  ] 2018-09-04T19:19:19.427888160Z: [    2.324542] tun: Universal TUN/TAP device driver, 1.6
[STDERR  ] 2018-09-04T19:19:19.427895608Z: [    2.334419] VMware vmxnet3 virtual NIC driver - version 1.4.a.0-k-NAPI
[STDERR  ] 2018-09-04T19:19:19.427903345Z: [    2.340793] hv_vmbus: registering driver hv_netvsc
[STDERR  ] 2018-09-04T19:19:19.427917025Z: [    2.345588] Fusion MPT base driver 3.04.20
[STDERR  ] 2018-09-04T19:19:19.427931523Z: [    2.349592] Copyright (c) 1999-2008 LSI Corporation
[STDERR  ] 2018-09-04T19:19:19.427940010Z: [    2.354349] Fusion MPT SPI Host driver 3.04.20
[STDERR  ] 2018-09-04T19:19:19.427947541Z: [    2.358800] i8042: PNP: PS/2 Controller [PNP0303:KBD,PNP0f13:MOU] at 0x60,0x64 irq 1,12
[STDERR  ] 2018-09-04T19:19:19.427955669Z: [    2.370965] serio: i8042 KBD port at 0x60,0x64 irq 1
[STDERR  ] 2018-09-04T19:19:19.427966772Z: [    2.375795] serio: i8042 AUX port at 0x60,0x64 irq 12
[STDERR  ] 2018-09-04T19:19:19.427974453Z: [    2.380785] hv_vmbus: registering driver hyperv_keyboard
[STDERR  ] 2018-09-04T19:19:19.427982469Z: [    2.386100] mousedev: PS/2 mouse device common for all mice
[STDERR  ] 2018-09-04T19:19:19.427993006Z: [    2.392846] input: AT Translated Set 2 keyboard as /devices/platform/i8042/serio0/input/input1
[STDERR  ] 2018-09-04T19:19:19.428000495Z: [    2.401213] input: PC Speaker as /devices/platform/pcspkr/input/input2
[STDERR  ] 2018-09-04T19:19:19.428013089Z: [    2.407953] rtc_cmos 00:00: RTC can wake from S4
[STDERR  ] 2018-09-04T19:19:19.428023380Z: [    2.414924] rtc_cmos 00:00: rtc core: registered rtc_cmos as rtc0
[STDERR  ] 2018-09-04T19:19:19.428031369Z: [    2.421725] rtc_cmos 00:00: alarms up to one day, y3k, 114 bytes nvram, hpet irqs
[STDERR  ] 2018-09-04T19:19:19.428041515Z: [    2.428932] i2c /dev entries driver
[STDERR  ] 2018-09-04T19:19:19.428049122Z: [    2.432493] device-mapper: ioctl: 4.37.0-ioctl (2017-09-20) initialised: dm-devel@redhat.com
[STDERR  ] 2018-09-04T19:19:19.428056964Z: [    2.441686] usbcore: registered new interface driver usbhid
[STDERR  ] 2018-09-04T19:19:19.428064783Z: [    2.447154] usbhid: USB HID core driver
[STDERR  ] 2018-09-04T19:19:19.428072603Z: [    2.450964] hv_utils: Registering HyperV Utility Driver
[STDERR  ] 2018-09-04T19:19:19.428081253Z: [    2.456009] hv_vmbus: registering driver hv_util
[STDERR  ] 2018-09-04T19:19:19.428089121Z: [    2.460516] hv_vmbus: registering driver hv_balloon
[STDERR  ] 2018-09-04T19:19:19.428096670Z: [    2.465590] oprofile: using NMI interrupt.
[STDERR  ] 2018-09-04T19:19:19.428106829Z: [    2.469753] GACT probability on
[STDERR  ] 2018-09-04T19:19:19.428114736Z: [    2.472850] Mirror/redirect action on
[STDERR  ] 2018-09-04T19:19:19.428122435Z: [    2.476458] Simple TC action Loaded
[STDERR  ] 2018-09-04T19:19:19.428130254Z: [    2.479905] u32 classifier
[STDERR  ] 2018-09-04T19:19:19.428138080Z: [    2.482644]     Performance counters on
[STDERR  ] 2018-09-04T19:19:19.428146913Z: [    2.486418]     input device check on
[STDERR  ] 2018-09-04T19:19:19.428158468Z: [    2.490093]     Actions configured
[STDERR  ] 2018-09-04T19:19:19.428166378Z: [    2.493492] Netfilter messages via NETLINK v0.30.
[STDERR  ] 2018-09-04T19:19:19.428174048Z: [    2.498130] nfnl_acct: registering with nfnetlink.
[STDERR  ] 2018-09-04T19:19:19.428189818Z: [    2.502861] nf_conntrack version 0.5.0 (8192 buckets, 32768 max)
[STDERR  ] 2018-09-04T19:19:19.428199603Z: [    2.508721] ctnetlink v0.93: registering with nfnetlink.
[STDERR  ] 2018-09-04T19:19:19.428208028Z: [    2.513954] nf_tables: (c) 2007-2009 Patrick McHardy <kaber@trash.net>
[STDERR  ] 2018-09-04T19:19:19.428223472Z: [    2.520280] nf_tables_compat: (c) 2012 Pablo Neira Ayuso <pablo@netfilter.org>
[STDERR  ] 2018-09-04T19:19:19.428230977Z: [    2.527365] xt_time: kernel timezone is -0000
[STDERR  ] 2018-09-04T19:19:19.428241384Z: [    2.531917] ip_set: protocol 6
[STDERR  ] 2018-09-04T19:19:19.428260323Z: [    2.535194] ipip: IPv4 and MPLS over IPv4 tunneling driver
[STDERR  ] 2018-09-04T19:19:19.428273304Z: [    2.541588] gre: GRE over IPv4 demultiplexor driver
[STDERR  ] 2018-09-04T19:19:19.428280959Z: [    2.546689] ip_tables: (C) 2000-2006 Netfilter Core Team
[STDERR  ] 2018-09-04T19:19:19.428288980Z: [    2.552177] arp_tables: arp_tables: (C) 2002 David S. Miller
[STDERR  ] 2018-09-04T19:19:19.428296901Z: [    2.557933] NET: Registered protocol family 10
[STDERR  ] 2018-09-04T19:19:19.428304512Z: [    2.563355] Segment Routing with IPv6
[STDERR  ] 2018-09-04T19:19:19.428321773Z: [    2.567135] ip6_tables: (C) 2000-2006 Netfilter Core Team
[STDERR  ] 2018-09-04T19:19:19.428332210Z: [    2.572902] NET: Registered protocol family 17
[STDERR  ] 2018-09-04T19:19:19.428340191Z: [    2.577328] Bridge firewalling registered
[STDERR  ] 2018-09-04T19:19:19.428354254Z: [    2.581497] 8021q: 802.1Q VLAN Support v1.8
[STDERR  ] 2018-09-04T19:19:19.428362033Z: [    2.585647] 9pnet: Installing 9P2000 support
[STDERR  ] 2018-09-04T19:19:19.428369525Z: [    2.590121] Key type dns_resolver registered
[STDERR  ] 2018-09-04T19:19:19.428383086Z: [    2.594555] registered taskstats version 1
[STDERR  ] 2018-09-04T19:19:19.428393175Z: [    2.606692] Key type big_key registered
[STDERR  ] 2018-09-04T19:19:19.428408367Z: [    2.614437] Key type trusted registered
[STDERR  ] 2018-09-04T19:19:19.428416397Z: [    2.622177] Key type encrypted registered
[STDERR  ] 2018-09-04T19:19:19.428424031Z: [    2.626459] ima: No TPM chip found, activating TPM-bypass! (rc=-19)
[STDERR  ] 2018-09-04T19:19:19.428434667Z: [    2.633197] ata4: SATA link down (SStatus 0 SControl 300)
[STDERR  ] 2018-09-04T19:19:19.428448193Z: [    2.639349] ata3: SATA link up 1.5 Gbps (SStatus 113 SControl 300)
[STDERR  ] 2018-09-04T19:19:19.428456132Z: [    2.646377] ata2: SATA link down (SStatus 0 SControl 300)
[STDERR  ] 2018-09-04T19:19:19.428463659Z: [    2.652575] ata1: SATA link up 1.5 Gbps (SStatus 113 SControl 300)
[STDERR  ] 2018-09-04T19:19:19.428471378Z: [    2.659534] ata6: SATA link down (SStatus 0 SControl 300)
[STDERR  ] 2018-09-04T19:19:19.428479247Z: [    2.665911] ata5: SATA link down (SStatus 0 SControl 300)
[STDERR  ] 2018-09-04T19:19:19.428487010Z: [    2.671464] ima: Allocated hash algorithm: sha256
[STDERR  ] 2018-09-04T19:19:19.428494482Z: [    2.676214] ata1.00: ATA-7: QEMU HARDDISK, 2.5+, max UDMA/100
[STDERR  ] 2018-09-04T19:19:19.428504769Z: [    2.681937] ata1.00: 1048576 sectors, multi 16: LBA48 NCQ (depth 31/32)
[STDERR  ] 2018-09-04T19:19:19.428512444Z: [    2.688409] ata1.00: applying bridge limits
[STDERR  ] 2018-09-04T19:19:19.428523516Z: [    2.692852] ata3.00: ATAPI: QEMU DVD-ROM, 2.5+, max UDMA/100
[STDERR  ] 2018-09-04T19:19:19.428534502Z: [    2.698348] ata3.00: applying bridge limits
[STDERR  ] 2018-09-04T19:19:19.428542120Z: [    2.702780] evm: HMAC attrs: 0x1
[STDERR  ] 2018-09-04T19:19:19.428549873Z: [    2.708108] rtc_cmos 00:00: setting system clock to 2018-09-04 19:19:05 UTC (1536088745)
[STDERR  ] 2018-09-04T19:19:19.428557972Z: [    2.716208] ata3.00: configured for UDMA/100
[STDERR  ] 2018-09-04T19:19:19.428565742Z: [    2.723341] ata1.00: configured for UDMA/100
[STDERR  ] 2018-09-04T19:19:19.428573182Z: [    2.727722] scsi 0:0:0:0: Direct-Access     ATA      QEMU HARDDISK    2.5+ PQ: 0 ANSI: 5
[STDERR  ] 2018-09-04T19:19:19.428581467Z: [    2.735650] sd 0:0:0:0: [sda] 1048576 512-byte logical blocks: (537 MB/512 MiB)
[STDERR  ] 2018-09-04T19:19:19.428589119Z: [    2.742811] sd 0:0:0:0: Attached scsi generic sg0 type 0
[STDERR  ] 2018-09-04T19:19:19.428597024Z: [    2.748098] sd 0:0:0:0: [sda] Write Protect is off
[STDERR  ] 2018-09-04T19:19:19.428604866Z: [    2.753323] scsi 2:0:0:0: CD-ROM            QEMU     QEMU DVD-ROM     2.5+ PQ: 0 ANSI: 5
[STDERR  ] 2018-09-04T19:19:19.428614409Z: [    2.761571] sd 0:0:0:0: [sda] Write cache: enabled, read cache: enabled, doesn't support DPO or FUA
[STDERR  ] 2018-09-04T19:19:19.428628127Z: [    2.772651]  sda: sda1
[STDERR  ] 2018-09-04T19:19:19.428636058Z: [    2.775222] sd 0:0:0:0: [sda] Attached SCSI disk
[STDERR  ] 2018-09-04T19:19:19.428643972Z: [    2.785907] sr 2:0:0:0: [sr0] scsi3-mmc drive: 4x/4x cd/rw xa/form2 tray
[STDERR  ] 2018-09-04T19:19:19.428654010Z: [    2.792414] cdrom: Uniform CD-ROM driver Revision: 3.20
[STDERR  ] 2018-09-04T19:19:19.428661819Z: [    2.798001] sr 2:0:0:0: Attached scsi generic sg1 type 5
[STDERR  ] 2018-09-04T19:19:19.428669524Z: [    2.805097] Freeing unused kernel memory: 1512K
[STDERR  ] 2018-09-04T19:19:19.428677323Z: [    2.811120] Write protecting the kernel read-only data: 18432k
[STDERR  ] 2018-09-04T19:19:19.428685203Z: [    2.817631] Freeing unused kernel memory: 2024K
[STDERR  ] 2018-09-04T19:19:19.428693258Z: [    2.825077] Freeing unused kernel memory: 1132K
[STDERR  ] 2018-09-04T19:19:19.428703002Z: 
[STDERR  ] 2018-09-04T19:19:19.428711468Z: Welcome to LinuxKit
[STDERR  ] 2018-09-04T19:19:19.428721887Z: 
[STDERR  ] 2018-09-04T19:19:19.428729737Z:                         ##         .
[STDERR  ] 2018-09-04T19:19:19.428737529Z:                   ## ## ##        ==
[STDERR  ] 2018-09-04T19:19:19.428745231Z:                ## ## ## ## ##    ===
[STDERR  ] 2018-09-04T19:19:19.428753041Z:            /"""""""""""""""""\___/ ===
[STDERR  ] 2018-09-04T19:19:19.428760849Z:           {                       /  ===-
[STDERR  ] 2018-09-04T19:19:19.428768581Z:            \______ O           __/
[STDERR  ] 2018-09-04T19:19:19.428776556Z:              \    \         __/
[STDERR  ] 2018-09-04T19:19:19.428784353Z:               \____\_______/
[STDERR  ] 2018-09-04T19:19:19.428792167Z: 
[STDERR  ] 2018-09-04T19:19:19.428805828Z: [    3.755049] NOHZ: local_softirq_pending 202
[STDERR  ] 2018-09-04T19:19:19.428813511Z: [    3.759242] NOHZ: local_softirq_pending 202
[STDERR  ] 2018-09-04T19:19:19.428821182Z: [    3.763403] NOHZ: local_softirq_pending 202
[STDERR  ] 2018-09-04T19:19:19.428828878Z: [    3.767525] NOHZ: local_softirq_pending 202
[STDERR  ] 2018-09-04T19:19:19.428836764Z: [    3.771731] NOHZ: local_softirq_pending 202
[STDERR  ] 2018-09-04T19:19:19.428845071Z: [    3.775946] NOHZ: local_softirq_pending 202
[STDERR  ] 2018-09-04T19:19:19.428854523Z: [    3.780139] NOHZ: local_softirq_pending 202
[STDERR  ] 2018-09-04T19:19:19.428862252Z: [    3.784301] NOHZ: local_softirq_pending 202
[STDERR  ] 2018-09-04T19:19:19.428869825Z: [    3.788432] NOHZ: local_softirq_pending 202
[STDERR  ] 2018-09-04T19:19:19.428877473Z: [    3.792219] NOHZ: local_softirq_pending 202
[STDERR  ] 2018-09-04T19:19:19.428885161Z: [    4.115825]  sda:
[STDERR  ] 2018-09-04T19:19:19.428892914Z: [    4.122582]  sda:
[STDERR  ] 2018-09-04T19:19:19.428905207Z: [    4.385419]  sda: sda1
[STDERR  ] 2018-09-04T19:19:19.428912930Z: [    4.643323]  sda: sda1
[STDERR  ] 2018-09-04T19:19:19.428920704Z: [    4.650205]  sda: sda1
[STDERR  ] 2018-09-04T19:19:19.428928365Z: 2018/09/04 19:19:08 Successfully resized /dev/sda
[STDERR  ] 2018-09-04T19:19:19.428935925Z: [    5.855346] EXT4-fs (sda1): mounted filesystem with ordered data mode. Opts: (null)
[STDERR  ] 2018-09-04T19:19:19.428957332Z: extend test suite PASSED
[STDERR  ] 2018-09-04T19:19:19.428965277Z: + '[' -f /var/lib/docker/bar ]
[STDERR  ] 2018-09-04T19:19:19.428976646Z: + touch /var/lib/docker/foo
[STDERR  ] 2018-09-04T19:19:19.428984125Z: + grep -qE '[4-5][0-9]{2}\.[0-9]{1,}M'
[STDERR  ] 2018-09-04T19:19:19.428993811Z: + df -h
[STDERR  ] 2018-09-04T19:19:19.429001750Z: + printf 'extend test suite PASSED\n'
[STDERR  ] 2018-09-04T19:19:19.429009466Z: [   16.159637] sd 0:0:0:0: [sda] Synchronizing SCSI cache
[STDERR  ] 2018-09-04T19:19:19.429023531Z: [   16.166071] sd 0:0:0:0: [sda] Stopping disk
[STDERR  ] 2018-09-04T19:19:19.429031435Z: [   16.171514] ACPI: Preparing to enter system sleep state S5
[STDERR  ] 2018-09-04T19:19:19.429039138Z: [   16.177004] reboot: Power down
[STDERR  ] 2018-09-04T19:19:19.429046846Z: + echo [    0.000000] Linux version 4.14.67-linuxkit (root@abc0ed7ade08) (gcc version 6.4.0 (Alpine 6.4.0)) #1 SMP Tue Aug 28 07:07:17 UTC 2018
[STDERR  ] 2018-09-04T19:19:19.429058249Z: [    0.000000] Command line: console=ttyS0 console=ttyAMA0
[STDERR  ] 2018-09-04T19:19:19.429065939Z: [    0.000000] x86/fpu: x87 FPU will use FXSAVE
[STDERR  ] 2018-09-04T19:19:19.429073318Z: [    0.000000] e820: BIOS-provided physical RAM map:
[STDERR  ] 2018-09-04T19:19:19.429080930Z: [    0.000000] BIOS-e820: [mem 0x0000000000000000-0x000000000009fbff] usable
[STDERR  ] 2018-09-04T19:19:19.429088647Z: [    0.000000] BIOS-e820: [mem 0x000000000009fc00-0x000000000009ffff] reserved
[STDERR  ] 2018-09-04T19:19:19.429096407Z: [    0.000000] BIOS-e820: [mem 0x00000000000f0000-0x00000000000fffff] reserved
[STDERR  ] 2018-09-04T19:19:19.429105972Z: [    0.000000] BIOS-e820: [mem 0x0000000000100000-0x000000003ffdefff] usable
[STDERR  ] 2018-09-04T19:19:19.429113719Z: [    0.000000] BIOS-e820: [mem 0x000000003ffdf000-0x000000003fffffff] reserved
[STDERR  ] 2018-09-04T19:19:19.429121327Z: [    0.000000] BIOS-e820: [mem 0x00000000b0000000-0x00000000bfffffff] reserved
[STDERR  ] 2018-09-04T19:19:19.429130102Z: [    0.000000] BIOS-e820: [mem 0x00000000fed1c000-0x00000000fed1ffff] reserved
[STDERR  ] 2018-09-04T19:19:19.429138044Z: [    0.000000] BIOS-e820: [mem 0x00000000feffc000-0x00000000feffffff] reserved
[STDERR  ] 2018-09-04T19:19:19.429145478Z: [    0.000000] BIOS-e820: [mem 0x00000000fffc0000-0x00000000ffffffff] reserved
[STDERR  ] 2018-09-04T19:19:19.429153191Z: [    0.000000] NX (Execute Disable) protection: active
[STDERR  ] 2018-09-04T19:19:19.429160852Z: [    0.000000] SMBIOS 2.8 present.
[STDERR  ] 2018-09-04T19:19:19.429168467Z: [    0.000000] DMI: QEMU Standard PC (Q35 + ICH9, 2009), BIOS 1.10.2-1 04/01/2014
[STDERR  ] 2018-09-04T19:19:19.429179727Z: [    0.000000] Hypervisor detected: KVM
[STDERR  ] 2018-09-04T19:19:19.429187409Z: [    0.000000] tsc: Fast TSC calibration failed
[STDERR  ] 2018-09-04T19:19:19.429197658Z: [    0.000000] tsc: Unable to calibrate against PIT
[STDERR  ] 2018-09-04T19:19:19.429205521Z: [    0.000000] tsc: No reference (HPET/PMTIMER) available
[STDERR  ] 2018-09-04T19:19:19.429213226Z: [    0.000000] e820: last_pfn = 0x3ffdf max_arch_pfn = 0x400000000
[STDERR  ] 2018-09-04T19:19:19.429220958Z: [    0.000000] x86/PAT: PAT not supported by CPU.
[STDERR  ] 2018-09-04T19:19:19.429231726Z: [    0.000000] x86/PAT: Configuration [0-7]: WB  WT  UC- UC  WB  WT  UC- UC  
[STDERR  ] 2018-09-04T19:19:19.429239462Z: [    0.000000] found SMP MP-table at [mem 0x000f6a90-0x000f6a9f] mapped at [ffffffffff200a90]
[STDERR  ] 2018-09-04T19:19:19.429255409Z: [    0.000000] RAMDISK: [mem 0x3cb83000-0x3ffcffff]
[STDERR  ] 2018-09-04T19:19:19.429263015Z: [    0.000000] ACPI: Early table checksum verification disabled
[STDERR  ] 2018-09-04T19:19:19.429270796Z: [    0.000000] ACPI: RSDP 0x00000000000F68D0 000014 (v00 BOCHS )
[STDERR  ] 2018-09-04T19:19:19.429278490Z: [    0.000000] ACPI: RSDT 0x000000003FFE2404 000034 (v01 BOCHS  BXPCRSDT 00000001 BXPC 00000001)
[STDERR  ] 2018-09-04T19:19:19.429286187Z: [    0.000000] ACPI: FACP 0x000000003FFE22A4 000074 (v01 BOCHS  BXPCFACP 00000001 BXPC 00000001)
[STDERR  ] 2018-09-04T19:19:19.429296382Z: [    0.000000] ACPI: DSDT 0x000000003FFE0040 002264 (v01 BOCHS  BXPCDSDT 00000001 BXPC 00000001)
[STDERR  ] 2018-09-04T19:19:19.429304290Z: [    0.000000] ACPI: FACS 0x000000003FFE0000 000040
[STDERR  ] 2018-09-04T19:19:19.429312081Z: [    0.000000] ACPI: APIC 0x000000003FFE2318 000078 (v01 BOCHS  BXPCAPIC 00000001 BXPC 00000001)
[STDERR  ] 2018-09-04T19:19:19.429319812Z: [    0.000000] ACPI: HPET 0x000000003FFE2390 000038 (v01 BOCHS  BXPCHPET 00000001 BXPC 00000001)
[STDERR  ] 2018-09-04T19:19:19.429327618Z: [    0.000000] ACPI: MCFG 0x000000003FFE23C8 00003C (v01 BOCHS  BXPCMCFG 00000001 BXPC 00000001)
[STDERR  ] 2018-09-04T19:19:19.429335344Z: [    0.000000] kvm-clock: Using msrs 4b564d01 and 4b564d00
[STDERR  ] 2018-09-04T19:19:19.429348570Z: [    0.000000] kvm-clock: cpu 0, msr 0:3ffdd001, primary cpu clock
[STDERR  ] 2018-09-04T19:19:19.429379764Z: [    0.000000] clocksource: kvm-clock: mask: 0xffffffffffffffff max_cycles: 0x1cd42e4dffb, max_idle_ns: 881590591483 ns
[STDERR  ] 2018-09-04T19:19:19.429393243Z: [    0.000000] Zone ranges:
[STDERR  ] 2018-09-04T19:19:19.429401428Z: [    0.000000]   DMA      [mem 0x0000000000001000-0x0000000000ffffff]
[STDERR  ] 2018-09-04T19:19:19.429408958Z: [    0.000000]   DMA32    [mem 0x0000000001000000-0x000000003ffdefff]
[STDERR  ] 2018-09-04T19:19:19.429430051Z: [    0.000000]   Normal   empty
[STDERR  ] 2018-09-04T19:19:19.429438130Z: [    0.000000]   Device   empty
[STDERR  ] 2018-09-04T19:19:19.429446065Z: [    0.000000] Movable zone start for each node
[STDERR  ] 2018-09-04T19:19:19.429453880Z: [    0.000000] Early memory node ranges
[STDERR  ] 2018-09-04T19:19:19.429466256Z: [    0.000000]   node   0: [mem 0x0000000000001000-0x000000000009efff]
[STDERR  ] 2018-09-04T19:19:19.429474641Z: [    0.000000]   node   0: [mem 0x0000000000100000-0x000000003ffdefff]
[STDERR  ] 2018-09-04T19:19:19.429483891Z: [    0.000000] Initmem setup node 0 [mem 0x0000000000001000-0x000000003ffdefff]
[STDERR  ] 2018-09-04T19:19:19.429491751Z: [    0.000000] ACPI: PM-Timer IO Port: 0x608
[STDERR  ] 2018-09-04T19:19:19.429503189Z: [    0.000000] ACPI: LAPIC_NMI (acpi_id[0xff] dfl dfl lint[0x1])
[STDERR  ] 2018-09-04T19:19:19.429511254Z: [    0.000000] IOAPIC[0]: apic_id 0, version 17, address 0xfec00000, GSI 0-23
[STDERR  ] 2018-09-04T19:19:19.429519182Z: [    0.000000] ACPI: INT_SRC_OVR (bus 0 bus_irq 0 global_irq 2 dfl dfl)
[STDERR  ] 2018-09-04T19:19:19.429526939Z: [    0.000000] ACPI: INT_SRC_OVR (bus 0 bus_irq 5 global_irq 5 high level)
[STDERR  ] 2018-09-04T19:19:19.429534810Z: [    0.000000] ACPI: INT_SRC_OVR (bus 0 bus_irq 9 global_irq 9 high level)
[STDERR  ] 2018-09-04T19:19:19.429546323Z: [    0.000000] ACPI: INT_SRC_OVR (bus 0 bus_irq 10 global_irq 10 high level)
[STDERR  ] 2018-09-04T19:19:19.429557605Z: [    0.000000] ACPI: INT_SRC_OVR (bus 0 bus_irq 11 global_irq 11 high level)
[STDERR  ] 2018-09-04T19:19:19.429569830Z: [    0.000000] Using ACPI (MADT) for SMP configuration information
[STDERR  ] 2018-09-04T19:19:19.429577665Z: [    0.000000] ACPI: HPET id: 0x8086a201 base: 0xfed00000
[STDERR  ] 2018-09-04T19:19:19.429587667Z: [    0.000000] smpboot: Allowing 1 CPUs, 0 hotplug CPUs
[STDERR  ] 2018-09-04T19:19:19.429595449Z: [    0.000000] e820: [mem 0x40000000-0xafffffff] available for PCI devices
[STDERR  ] 2018-09-04T19:19:19.429603050Z: [    0.000000] Booting paravirtualized kernel on KVM
[STDERR  ] 2018-09-04T19:19:19.429610671Z: [    0.000000] clocksource: refined-jiffies: mask: 0xffffffff max_cycles: 0xffffffff, max_idle_ns: 1910969940391419 ns
[STDERR  ] 2018-09-04T19:19:19.429618904Z: [    0.000000] random: get_random_bytes called from start_kernel+0x92/0x4cb with crng_init=0
[STDERR  ] 2018-09-04T19:19:19.429629403Z: [    0.000000] setup_percpu: NR_CPUS:128 nr_cpumask_bits:128 nr_cpu_ids:1 nr_node_ids:1
[STDERR  ] 2018-09-04T19:19:19.429637373Z: [    0.000000] percpu: Embedded 45 pages/cpu @ffff907dbc800000 s144280 r8192 d31848 u2097152
[STDERR  ] 2018-09-04T19:19:19.429645162Z: [    0.000000] KVM setup async PF for cpu 0
[STDERR  ] 2018-09-04T19:19:19.429652520Z: [    0.000000] kvm-stealtime: cpu 0, msr 3c815f40
[STDERR  ] 2018-09-04T19:19:19.429663068Z: [    0.000000] Built 1 zonelists, mobility grouping on.  Total pages: 257896
[STDERR  ] 2018-09-04T19:19:19.429672996Z: [    0.000000] Kernel command line: console=ttyS0 console=ttyAMA0
[STDERR  ] 2018-09-04T19:19:19.429680572Z: [    0.000000] PID hash table entries: 4096 (order: 3, 32768 bytes)
[STDERR  ] 2018-09-04T19:19:19.429687964Z: [    0.000000] Dentry cache hash table entries: 131072 (order: 8, 1048576 bytes)
[STDERR  ] 2018-09-04T19:19:19.429695683Z: [    0.000000] Inode-cache hash table entries: 65536 (order: 7, 524288 bytes)
[STDERR  ] 2018-09-04T19:19:19.429703411Z: [    0.000000] Memory: 951280K/1048052K available (12300K kernel code, 1447K rwdata, 2964K rodata, 1512K init, 628K bss, 96772K reserved, 0K cma-reserved)
[STDERR  ] 2018-09-04T19:19:19.429712285Z: [    0.000000] Kernel/User page tables isolation: enabled
[STDERR  ] 2018-09-04T19:19:19.429722932Z: [    0.000000] ftrace: allocating 40632 entries in 159 pages
[STDERR  ] 2018-09-04T19:19:19.429733634Z: [    0.001000] Hierarchical RCU implementation.
[STDERR  ] 2018-09-04T19:19:19.429741473Z: [    0.001000] 	RCU restricting CPUs from NR_CPUS=128 to nr_cpu_ids=1.
[STDERR  ] 2018-09-04T19:19:19.429749323Z: [    0.001000] RCU: Adjusting geometry for rcu_fanout_leaf=16, nr_cpu_ids=1
[STDERR  ] 2018-09-04T19:19:19.429757694Z: [    0.001000] NR_IRQS: 8448, nr_irqs: 256, preallocated irqs: 16
[STDERR  ] 2018-09-04T19:19:19.429765497Z: [    0.001000] Console: colour VGA+ 80x25
[STDERR  ] 2018-09-04T19:19:19.429773246Z: [    0.001000] console [ttyS0] enabled
[STDERR  ] 2018-09-04T19:19:19.429782106Z: [    0.001000] clocksource: hpet: mask: 0xffffffff max_cycles: 0xffffffff, max_idle_ns: 19112604467 ns
[STDERR  ] 2018-09-04T19:19:19.429789864Z: [    0.001025] tsc: Detected 2299.790 MHz processor
[STDERR  ] 2018-09-04T19:19:19.429797550Z: [    0.002025] Calibrating delay loop (skipped) preset value.. 4599.58 BogoMIPS (lpj=2299790)
[STDERR  ] 2018-09-04T19:19:19.429805417Z: [    0.003024] pid_max: default: 32768 minimum: 301
[STDERR  ] 2018-09-04T19:19:19.429813065Z: [    0.004047] ACPI: Core revision 20170728
[STDERR  ] 2018-09-04T19:19:19.429820564Z: [    0.005693] ACPI: 1 ACPI AML tables successfully acquired and loaded
[STDERR  ] 2018-09-04T19:19:19.429828439Z: [    0.006097] Security Framework initialized
[STDERR  ] 2018-09-04T19:19:19.429837677Z: [    0.007023] Yama: becoming mindful.
[STDERR  ] 2018-09-04T19:19:19.429846324Z: [    0.008061] Mount-cache hash table entries: 2048 (order: 2, 16384 bytes)
[STDERR  ] 2018-09-04T19:19:19.429858466Z: [    0.009027] Mountpoint-cache hash table entries: 2048 (order: 2, 16384 bytes)
[STDERR  ] 2018-09-04T19:19:19.429867820Z: [    0.012065] Last level iTLB entries: 4KB 0, 2MB 0, 4MB 0
[STDERR  ] 2018-09-04T19:19:19.429887140Z: [    0.013025] Last level dTLB entries: 4KB 0, 2MB 0, 4MB 0, 1GB 0
[STDERR  ] 2018-09-04T19:19:19.429894934Z: [    0.014025] Spectre V2 : Mitigation: Full generic retpoline
[STDERR  ] 2018-09-04T19:19:19.429905890Z: [    0.015025] Spectre V2 : Spectre v2 / SpectreRSB mitigation: Filling RSB on context switch
[STDERR  ] 2018-09-04T19:19:19.429913704Z: [    0.016023] Speculative Store Bypass: Vulnerable
[STDERR  ] 2018-09-04T19:19:19.429921409Z: [    0.022604] Freeing SMP alternatives memory: 20K
[STDERR  ] 2018-09-04T19:19:19.429931821Z: [    0.023596] smpboot: Max logical packages: 1
[STDERR  ] 2018-09-04T19:19:19.429939925Z: [    0.026536] x2apic enabled
[STDERR  ] 2018-09-04T19:19:19.429947622Z: [    0.027024] Switched APIC routing to physical x2apic.
[STDERR  ] 2018-09-04T19:19:19.429955329Z: [    0.040000] ..TIMER: vector=0x30 apic1=0 pin1=2 apic2=-1 pin2=-1
[STDERR  ] 2018-09-04T19:19:19.429963307Z: [    0.040000] smpboot: CPU0: Intel QEMU Virtual CPU version 2.5+ (family: 0x6, model: 0x6, stepping: 0x3)
[STDERR  ] 2018-09-04T19:19:19.429971599Z: [    0.040140] Performance Events: PMU not available due to virtualization, using software events only.
[STDERR  ] 2018-09-04T19:19:19.429983202Z: [    0.042340] Hierarchical SRCU implementation.
[STDERR  ] 2018-09-04T19:19:19.429991088Z: [    0.043125] NMI watchdog: Perf event create on CPU 0 failed with -2
[STDERR  ] 2018-09-04T19:19:19.429999114Z: [    0.044006] NMI watchdog: Perf NMI watchdog permanently disabled
[STDERR  ] 2018-09-04T19:19:19.430009174Z: [    0.045081] smp: Bringing up secondary CPUs ...
[STDERR  ] 2018-09-04T19:19:19.430019375Z: [    0.046004] smp: Brought up 1 node, 1 CPU
[STDERR  ] 2018-09-04T19:19:19.430027123Z: [    0.047004] smpboot: Total of 1 processors activated (4599.58 BogoMIPS)
[STDERR  ] 2018-09-04T19:19:19.430034911Z: [    0.050199] devtmpfs: initialized
[STDERR  ] 2018-09-04T19:19:19.430042450Z: [    0.052024] x86/mm: Memory block size: 128MB
[STDERR  ] 2018-09-04T19:19:19.430050564Z: [    0.053241] evm: security.ima
[STDERR  ] 2018-09-04T19:19:19.430058596Z: [    0.054003] evm: security.capability
[STDERR  ] 2018-09-04T19:19:19.430070369Z: [    0.056155] clocksource: jiffies: mask: 0xffffffff max_cycles: 0xffffffff, max_idle_ns: 1911260446275000 ns
[STDERR  ] 2018-09-04T19:19:19.430078175Z: [    0.057012] futex hash table entries: 256 (order: 2, 16384 bytes)
[STDERR  ] 2018-09-04T19:19:19.430085873Z: [    0.058221] NET: Registered protocol family 16
[STDERR  ] 2018-09-04T19:19:19.430093540Z: [    0.059197] cpuidle: using governor ladder
[STDERR  ] 2018-09-04T19:19:19.430101262Z: [    0.060006] cpuidle: using governor menu
[STDERR  ] 2018-09-04T19:19:19.430109270Z: [    0.061115] ACPI: bus type PCI registered
[STDERR  ] 2018-09-04T19:19:19.430116950Z: [    0.062509] PCI: MMCONFIG for domain 0000 [bus 00-ff] at [mem 0xb0000000-0xbfffffff] (base 0xb0000000)
[STDERR  ] 2018-09-04T19:19:19.430124503Z: [    0.063010] PCI: MMCONFIG at [mem 0xb0000000-0xbfffffff] reserved in E820
[STDERR  ] 2018-09-04T19:19:19.430134688Z: [    0.064026] PCI: Using configuration type 1 for base access
[STDERR  ] 2018-09-04T19:19:19.430142450Z: [    0.067232] HugeTLB registered 2.00 MiB page size, pre-allocated 0 pages
[STDERR  ] 2018-09-04T19:19:19.430150220Z: [    0.069126] ACPI: Added _OSI(Module Device)
[STDERR  ] 2018-09-04T19:19:19.430157951Z: [    0.070010] ACPI: Added _OSI(Processor Device)
[STDERR  ] 2018-09-04T19:19:19.430165586Z: [    0.071004] ACPI: Added _OSI(3.0 _SCP Extensions)
[STDERR  ] 2018-09-04T19:19:19.430173579Z: [    0.072004] ACPI: Added _OSI(Processor Aggregator Device)
[STDERR  ] 2018-09-04T19:19:19.430181251Z: [    0.077175] ACPI: Interpreter enabled
[STDERR  ] 2018-09-04T19:19:19.430188736Z: [    0.078012] ACPI: (supports S0 S5)
[STDERR  ] 2018-09-04T19:19:19.430198654Z: [    0.079004] ACPI: Using IOAPIC for interrupt routing
[STDERR  ] 2018-09-04T19:19:19.430209617Z: [    0.080057] PCI: Using host bridge windows from ACPI; if necessary, use "pci=nocrs" and report a bug
[STDERR  ] 2018-09-04T19:19:19.430217091Z: [    0.081423] ACPI: Enabled 2 GPEs in block 00 to 3F
[STDERR  ] 2018-09-04T19:19:19.430224726Z: [    0.086688] ACPI: PCI Root Bridge [PCI0] (domain 0000 [bus 00-ff])
[STDERR  ] 2018-09-04T19:19:19.430232465Z: [    0.087011] acpi PNP0A08:00: _OSC: OS supports [ExtendedConfig ASPM ClockPM Segments MSI]
[STDERR  ] 2018-09-04T19:19:19.430240040Z: [    0.088147] acpi PNP0A08:00: _OSC: OS now controls [PCIeHotplug PME PCIeCapability]
[STDERR  ] 2018-09-04T19:19:19.430259047Z: [    0.089069] PCI host bridge to bus 0000:00
[STDERR  ] 2018-09-04T19:19:19.430269470Z: [    0.090006] pci_bus 0000:00: root bus resource [io  0x0000-0x0cf7 window]
[STDERR  ] 2018-09-04T19:19:19.430277350Z: [    0.091005] pci_bus 0000:00: root bus resource [io  0x0d00-0xffff window]
[STDERR  ] 2018-09-04T19:19:19.430287611Z: [    0.092005] pci_bus 0000:00: root bus resource [mem 0x000a0000-0x000bffff window]
[STDERR  ] 2018-09-04T19:19:19.430295781Z: [    0.093006] pci_bus 0000:00: root bus resource [mem 0xc0000000-0xfebfffff window]
[STDERR  ] 2018-09-04T19:19:19.430305047Z: [    0.094006] pci_bus 0000:00: root bus resource [bus 00-ff]
[STDERR  ] 2018-09-04T19:19:19.430312567Z: [    0.172477] pci 0000:00:1f.0: quirk: [io  0x0600-0x067f] claimed by ICH6 ACPI/GPIO/TCO
[STDERR  ] 2018-09-04T19:19:19.430320154Z: [    0.199101] ACPI: PCI Interrupt Link [LNKA] (IRQs 5 *10 11)
[STDERR  ] 2018-09-04T19:19:19.430327845Z: [    0.200314] ACPI: PCI Interrupt Link [LNKB] (IRQs 5 *10 11)
[STDERR  ] 2018-09-04T19:19:19.430335625Z: [    0.201319] ACPI: PCI Interrupt Link [LNKC] (IRQs 5 10 *11)
[STDERR  ] 2018-09-04T19:19:19.430350302Z: [    0.202372] ACPI: PCI Interrupt Link [LNKD] (IRQs 5 10 *11)
[STDERR  ] 2018-09-04T19:19:19.430358429Z: [    0.203303] ACPI: PCI Interrupt Link [LNKE] (IRQs 5 *10 11)
[STDERR  ] 2018-09-04T19:19:19.430369008Z: [    0.205225] ACPI: PCI Interrupt Link [LNKF] (IRQs 5 *10 11)
[STDERR  ] 2018-09-04T19:19:19.430377248Z: [    0.207024] ACPI: PCI Interrupt Link [LNKG] (IRQs 5 10 *11)
[STDERR  ] 2018-09-04T19:19:19.430384873Z: [    0.208305] ACPI: PCI Interrupt Link [LNKH] (IRQs 5 10 *11)
[STDERR  ] 2018-09-04T19:19:19.430392415Z: [    0.209158] ACPI: PCI Interrupt Link [GSIA] (IRQs *16)
[STDERR  ] 2018-09-04T19:19:19.430403479Z: [    0.210024] ACPI: PCI Interrupt Link [GSIB] (IRQs *17)
[STDERR  ] 2018-09-04T19:19:19.430411356Z: [    0.211024] ACPI: PCI Interrupt Link [GSIC] (IRQs *18)
[STDERR  ] 2018-09-04T19:19:19.430419167Z: [    0.212022] ACPI: PCI Interrupt Link [GSID] (IRQs *19)
[STDERR  ] 2018-09-04T19:19:19.430426774Z: [    0.214006] ACPI: PCI Interrupt Link [GSIE] (IRQs *20)
[STDERR  ] 2018-09-04T19:19:19.430434316Z: [    0.215027] ACPI: PCI Interrupt Link [GSIF] (IRQs *21)
[STDERR  ] 2018-09-04T19:19:19.430442001Z: [    0.216034] ACPI: PCI Interrupt Link [GSIG] (IRQs *22)
[STDERR  ] 2018-09-04T19:19:19.430449479Z: [    0.217025] ACPI: PCI Interrupt Link [GSIH] (IRQs *23)
[STDERR  ] 2018-09-04T19:19:19.430458191Z: [    0.218407] SCSI subsystem initialized
[STDERR  ] 2018-09-04T19:19:19.430465710Z: [    0.219200] ACPI: bus type USB registered
[STDERR  ] 2018-09-04T19:19:19.430473467Z: [    0.220038] usbcore: registered new interface driver usbfs
[STDERR  ] 2018-09-04T19:19:19.430482798Z: [    0.221026] usbcore: registered new interface driver hub
[STDERR  ] 2018-09-04T19:19:19.430490555Z: [    0.222052] usbcore: registered new device driver usb
[STDERR  ] 2018-09-04T19:19:19.430498263Z: [    0.223042] pps_core: LinuxPPS API ver. 1 registered
[STDERR  ] 2018-09-04T19:19:19.430505785Z: [    0.224005] pps_core: Software ver. 5.3.6 - Copyright 2005-2007 Rodolfo Giometti <giometti@linux.it>
[STDERR  ] 2018-09-04T19:19:19.430513653Z: [    0.225019] PTP clock support registered
[STDERR  ] 2018-09-04T19:19:19.430521029Z: [    0.226102] PCI: Using ACPI for IRQ routing
