[INFO    ] 2017-09-19T12:42:22.623288925Z: Running Test linuxkit.security.ports in /tmp/build/test/cases/030_security/010_ports
[INFO    ] 2017-09-19T12:42:22.623351542Z: Running command: [/bin/sh -x /tmp/build/test/cases/030_security/010_ports/test.sh]
[STDERR  ] 2017-09-19T12:42:22.629092975Z: + set -e
[STDERR  ] 2017-09-19T12:42:22.629169252Z: + . /tmp/build/test/cases/_lib/lib.sh
[STDERR  ] 2017-09-19T12:42:22.629179601Z: + [ -f src/github.com/linuxkit/rtf/lib/lib.sh ]
[STDERR  ] 2017-09-19T12:42:22.629189846Z: + LINUXKIT_TMPDIR=/tmp/build/test/cases/_tmp
[STDERR  ] 2017-09-19T12:42:22.629199456Z: + [ -f /tmp/build/test/cases/_tmp/env.sh ]
[STDERR  ] 2017-09-19T12:42:22.629208942Z: + . /tmp/build/test/cases/_tmp/env.sh
[STDERR  ] 2017-09-19T12:42:22.629220896Z: + export LINUXKIT_EXAMPLES_DIR=/tmp/build/test/cases/../../examples
[STDERR  ] 2017-09-19T12:42:22.629239161Z: + export LINUXKIT_BLUEPRINTS_DIR=/tmp/build/test/cases/../../blueprints
[STDERR  ] 2017-09-19T12:42:22.629251485Z: + RT_CANCEL=253
[STDERR  ] 2017-09-19T12:42:22.629260435Z: + NAME=lsof
[STDERR  ] 2017-09-19T12:42:22.629269435Z: + trap clean_up EXIT
[STDERR  ] 2017-09-19T12:42:22.629279716Z: + moby build -format kernel+initrd -name lsof test.yml
[STDERR  ] 2017-09-19T12:42:22.648192504Z: Extract kernel image: linuxkit/kernel:4.9.50
[STDERR  ] 2017-09-19T12:42:24.381605798Z: Add init containers:
[STDERR  ] 2017-09-19T12:42:24.381674098Z: Process init image: linuxkit/init:6fe9d31a53bbd200183bb31edd795305e868d5a7
[STDERR  ] 2017-09-19T12:42:25.668328172Z: Process init image: linuxkit/runc:a1b564248a0d0b118c11e61db9f84ecf41dd2d2a
[STDERR  ] 2017-09-19T12:42:26.952997371Z: Add onboot containers:
[STDERR  ] 2017-09-19T12:42:26.953066933Z:   Create OCI config for alpine:3.6
[STDERR  ] 2017-09-19T12:42:27.09494418Z:   Create OCI config for linuxkit/poweroff:1e9876c682c74d0602b7647c628bb0875fb13998
[STDERR  ] 2017-09-19T12:42:28.300807423Z: Add files:
[STDERR  ] 2017-09-19T12:42:28.300866169Z:   check.sh
[STDERR  ] 2017-09-19T12:42:28.301464212Z: Create outputs:
[STDERR  ] 2017-09-19T12:42:32.303263821Z:   lsof-kernel lsof-initrd.img lsof-cmdline
[STDERR  ] 2017-09-19T12:42:32.344834059Z: + linuxkit run qemu -kernel lsof
[STDERR  ] 2017-09-19T12:42:32.363540015Z: Unable to find qemu-system-x86_64 within the $PATH. Using a container
[STDOUT  ] 2017-09-19T12:42:34.289105401Z: [    0.000000] Linux version 4.9.50-linuxkit (root@e1ede117fb1e) (gcc version 6.3.0 (Alpine 6.3.0) ) #1 SMP Thu Sep 14 16:36:02 UTC 2017
[STDOUT  ] 2017-09-19T12:42:34.289466287Z: [    0.000000] Command line: console=ttyS0 page_poison=1
[STDOUT  ] 2017-09-19T12:42:34.289627276Z: [    0.000000] x86/fpu: Legacy x87 FPU detected.
[STDOUT  ] 2017-09-19T12:42:34.289774352Z: [    0.000000] x86/fpu: Using 'eager' FPU context switches.
[STDOUT  ] 2017-09-19T12:42:34.290117717Z: [    0.000000] e820: BIOS-provided physical RAM map:
[STDOUT  ] 2017-09-19T12:42:34.290451483Z: [    0.000000] BIOS-e820: [mem 0x0000000000000000-0x000000000009fbff] usable
[STDOUT  ] 2017-09-19T12:42:34.290670645Z: [    0.000000] BIOS-e820: [mem 0x000000000009fc00-0x000000000009ffff] reserved
[STDOUT  ] 2017-09-19T12:42:34.291003846Z: [    0.000000] BIOS-e820: [mem 0x00000000000f0000-0x00000000000fffff] reserved
[STDOUT  ] 2017-09-19T12:42:34.291334817Z: [    0.000000] BIOS-e820: [mem 0x0000000000100000-0x000000003ffdefff] usable
[STDOUT  ] 2017-09-19T12:42:34.291668696Z: [    0.000000] BIOS-e820: [mem 0x000000003ffdf000-0x000000003fffffff] reserved
[STDOUT  ] 2017-09-19T12:42:34.291836143Z: [    0.000000] BIOS-e820: [mem 0x00000000b0000000-0x00000000bfffffff] reserved
[STDOUT  ] 2017-09-19T12:42:34.292175698Z: [    0.000000] BIOS-e820: [mem 0x00000000fed1c000-0x00000000fed1ffff] reserved
[STDOUT  ] 2017-09-19T12:42:34.292522175Z: [    0.000000] BIOS-e820: [mem 0x00000000fffc0000-0x00000000ffffffff] reserved
[STDOUT  ] 2017-09-19T12:42:34.292690385Z: [    0.000000] NX (Execute Disable) protection: active
[STDOUT  ] 2017-09-19T12:42:34.292863313Z: [    0.000000] SMBIOS 2.8 present.
[STDOUT  ] 2017-09-19T12:42:34.293219964Z: [    0.000000] e820: last_pfn = 0x3ffdf max_arch_pfn = 0x400000000
[STDOUT  ] 2017-09-19T12:42:34.293524186Z: [    0.000000] x86/PAT: Configuration [0-7]: WB  WC  UC- UC  WB  WC  UC- WT  
[STDOUT  ] 2017-09-19T12:42:34.293811582Z: [    0.000000] found SMP MP-table at [mem 0x000f6aa0-0x000f6aaf] mapped at [ffff8f27800f6aa0]
[STDOUT  ] 2017-09-19T12:42:34.293966751Z: [    0.000000] RAMDISK: [mem 0x3e8c9000-0x3ffcffff]
[STDOUT  ] 2017-09-19T12:42:34.294275142Z: [    0.000000] ACPI: Early table checksum verification disabled
[STDOUT  ] 2017-09-19T12:42:34.294572149Z: [    0.000000] ACPI: RSDP 0x00000000000F68C0 000014 (v00 BOCHS )
[STDOUT  ] 2017-09-19T12:42:34.29486818Z: [    0.000000] ACPI: RSDT 0x000000003FFE2404 000034 (v01 BOCHS  BXPCRSDT 00000001 BXPC 00000001)
[STDOUT  ] 2017-09-19T12:42:34.295163107Z: [    0.000000] ACPI: FACP 0x000000003FFE22A4 000074 (v01 BOCHS  BXPCFACP 00000001 BXPC 00000001)
[STDOUT  ] 2017-09-19T12:42:34.295620165Z: [    0.000000] ACPI: DSDT 0x000000003FFE0040 002264 (v01 BOCHS  BXPCDSDT 00000001 BXPC 00000001)
[STDOUT  ] 2017-09-19T12:42:34.295765284Z: [    0.000000] ACPI: FACS 0x000000003FFE0000 000040
[STDOUT  ] 2017-09-19T12:42:34.296220588Z: [    0.000000] ACPI: APIC 0x000000003FFE2318 000078 (v01 BOCHS  BXPCAPIC 00000001 BXPC 00000001)
[STDOUT  ] 2017-09-19T12:42:34.296510286Z: [    0.000000] ACPI: HPET 0x000000003FFE2390 000038 (v01 BOCHS  BXPCHPET 00000001 BXPC 00000001)
[STDOUT  ] 2017-09-19T12:42:34.296957368Z: [    0.000000] ACPI: MCFG 0x000000003FFE23C8 00003C (v01 BOCHS  BXPCMCFG 00000001 BXPC 00000001)
[STDOUT  ] 2017-09-19T12:42:34.296975554Z: [    0.000000] Zone ranges:
[STDOUT  ] 2017-09-19T12:42:34.297249954Z: [    0.000000]   DMA      [mem 0x0000000000001000-0x0000000000ffffff]
[STDOUT  ] 2017-09-19T12:42:34.297541141Z: [    0.000000]   DMA32    [mem 0x0000000001000000-0x000000003ffdefff]
[STDOUT  ] 2017-09-19T12:42:34.297898349Z: [    0.000000]   Normal   empty
[STDOUT  ] 2017-09-19T12:42:34.298037813Z: [    0.000000] Movable zone start for each node
[STDOUT  ] 2017-09-19T12:42:34.298189718Z: [    0.000000] Early memory node ranges
[STDOUT  ] 2017-09-19T12:42:34.298484192Z: [    0.000000]   node   0: [mem 0x0000000000001000-0x000000000009efff]
[STDOUT  ] 2017-09-19T12:42:34.298783827Z: [    0.000000]   node   0: [mem 0x0000000000100000-0x000000003ffdefff]
[STDOUT  ] 2017-09-19T12:42:34.299075598Z: [    0.000000] Initmem setup node 0 [mem 0x0000000000001000-0x000000003ffdefff]
[STDOUT  ] 2017-09-19T12:42:34.299227208Z: [    0.000000] ACPI: PM-Timer IO Port: 0x608
[STDOUT  ] 2017-09-19T12:42:34.299519572Z: [    0.000000] ACPI: LAPIC_NMI (acpi_id[0xff] dfl dfl lint[0x1])
[STDOUT  ] 2017-09-19T12:42:34.299811348Z: [    0.000000] IOAPIC[0]: apic_id 0, version 32, address 0xfec00000, GSI 0-23
[STDOUT  ] 2017-09-19T12:42:34.300165629Z: [    0.000000] ACPI: INT_SRC_OVR (bus 0 bus_irq 0 global_irq 2 dfl dfl)
[STDOUT  ] 2017-09-19T12:42:34.300459389Z: [    0.000000] ACPI: INT_SRC_OVR (bus 0 bus_irq 5 global_irq 5 high level)
[STDOUT  ] 2017-09-19T12:42:34.30074712Z: [    0.000000] ACPI: INT_SRC_OVR (bus 0 bus_irq 9 global_irq 9 high level)
[STDOUT  ] 2017-09-19T12:42:34.301030505Z: [    0.000000] ACPI: INT_SRC_OVR (bus 0 bus_irq 10 global_irq 10 high level)
[STDOUT  ] 2017-09-19T12:42:34.301321931Z: [    0.000000] ACPI: INT_SRC_OVR (bus 0 bus_irq 11 global_irq 11 high level)
[STDOUT  ] 2017-09-19T12:42:34.301627702Z: [    0.000000] Using ACPI (MADT) for SMP configuration information
[STDOUT  ] 2017-09-19T12:42:34.301766113Z: [    0.000000] ACPI: HPET id: 0x8086a201 base: 0xfed00000
[STDOUT  ] 2017-09-19T12:42:34.302045442Z: [    0.000000] smpboot: Allowing 1 CPUs, 0 hotplug CPUs
[STDOUT  ] 2017-09-19T12:42:34.302324558Z: [    0.000000] e820: [mem 0x40000000-0xafffffff] available for PCI devices
[STDOUT  ] 2017-09-19T12:42:34.302623833Z: [    0.000000] Booting paravirtualized kernel on bare hardware
[STDOUT  ] 2017-09-19T12:42:34.303049481Z: [    0.000000] clocksource: refined-jiffies: mask: 0xffffffff max_cycles: 0xffffffff, max_idle_ns: 19112604462750000 ns
[STDOUT  ] 2017-09-19T12:42:34.303330458Z: [    0.000000] setup_percpu: NR_CPUS:128 nr_cpumask_bits:128 nr_cpu_ids:1 nr_node_ids:1
[STDOUT  ] 2017-09-19T12:42:34.303635212Z: [    0.000000] percpu: Embedded 35 pages/cpu @ffff8f27be600000 s105240 r8192 d29928 u2097152
[STDOUT  ] 2017-09-19T12:42:34.303920796Z: [    0.000000] Built 1 zonelists in Zone order, mobility grouping on.  Total pages: 257896
[STDOUT  ] 2017-09-19T12:42:34.304214433Z: [    0.000000] Kernel command line: console=ttyS0 page_poison=1
[STDOUT  ] 2017-09-19T12:42:34.304550002Z: [    0.000000] PID hash table entries: 4096 (order: 3, 32768 bytes)
[STDOUT  ] 2017-09-19T12:42:34.304845952Z: [    0.000000] Dentry cache hash table entries: 131072 (order: 8, 1048576 bytes)
[STDOUT  ] 2017-09-19T12:42:34.305131119Z: [    0.000000] Inode-cache hash table entries: 65536 (order: 7, 524288 bytes)
[STDOUT  ] 2017-09-19T12:42:34.305537354Z: [    0.000000] Memory: 990592K/1048052K available (8033K kernel code, 1366K rwdata, 2696K rodata, 1380K init, 568K bss, 57460K reserved, 0K cma-reserved)
[STDOUT  ] 2017-09-19T12:42:34.305838824Z: [    0.000000] Hierarchical RCU implementation.
[STDOUT  ] 2017-09-19T12:42:34.305980125Z: [    0.000000] 	Build-time adjustment of leaf fanout to 64.
[STDOUT  ] 2017-09-19T12:42:34.306267823Z: [    0.000000] 	RCU restricting CPUs from NR_CPUS=128 to nr_cpu_ids=1.
[STDOUT  ] 2017-09-19T12:42:34.306555855Z: [    0.000000] RCU: Adjusting geometry for rcu_fanout_leaf=64, nr_cpu_ids=1
[STDOUT  ] 2017-09-19T12:42:34.306709676Z: [    0.000000] NR_IRQS:8448 nr_irqs:256 16
[STDOUT  ] 2017-09-19T12:42:34.306858585Z: [    0.000000] Console: colour VGA+ 80x25
[STDOUT  ] 2017-09-19T12:42:34.307249715Z: [    0.000000] console [ttyS0] enabled
[STDOUT  ] 2017-09-19T12:42:34.309355461Z: [    0.000000] allocated 2097152 bytes of page_ext
[STDOUT  ] 2017-09-19T12:42:34.312656846Z: [    0.000000] clocksource: hpet: mask: 0xffffffff max_cycles: 0xffffffff, max_idle_ns: 19112604467 ns
[STDOUT  ] 2017-09-19T12:42:34.349429591Z: [    0.000000] tsc: Fast TSC calibration using PIT
[STDOUT  ] 2017-09-19T12:42:34.350101632Z: [    0.000000] tsc: Detected 2599.996 MHz processor
[STDOUT  ] 2017-09-19T12:42:34.35383977Z: [    0.022246] Calibrating delay loop (skipped), value calculated using timer frequency.. 5199.99 BogoMIPS (lpj=25999960)
[STDOUT  ] 2017-09-19T12:42:34.35388012Z: [    0.023131] pid_max: default: 32768 minimum: 301
[STDOUT  ] 2017-09-19T12:42:34.355135134Z: [    0.030643] ACPI: Core revision 20160831
[STDOUT  ] 2017-09-19T12:42:34.398848301Z: [    0.074265] ACPI: 1 ACPI AML tables successfully acquired and loaded
[STDOUT  ] 2017-09-19T12:42:34.403536885Z: [    0.079172] Security Framework initialized
[STDOUT  ] 2017-09-19T12:42:34.404084257Z: [    0.079632] Yama: becoming mindful.
[STDOUT  ] 2017-09-19T12:42:34.406388981Z: [    0.081727] Mount-cache hash table entries: 2048 (order: 2, 16384 bytes)
[STDOUT  ] 2017-09-19T12:42:34.407039224Z: [    0.082309] Mountpoint-cache hash table entries: 2048 (order: 2, 16384 bytes)
[STDOUT  ] 2017-09-19T12:42:34.425990451Z: [    0.101515] Last level iTLB entries: 4KB 0, 2MB 0, 4MB 0
[STDOUT  ] 2017-09-19T12:42:34.426635665Z: [    0.102056] Last level dTLB entries: 4KB 0, 2MB 0, 4MB 0, 1GB 0
[STDOUT  ] 2017-09-19T12:42:34.721897855Z: [    0.397517] Freeing SMP alternatives memory: 20K
[STDOUT  ] 2017-09-19T12:42:34.732656865Z: [    0.407977] ftrace: allocating 35518 entries in 139 pages
[STDOUT  ] 2017-09-19T12:42:35.031173492Z: [    0.566293] smpboot: Max logical packages: 1
[STDOUT  ] 2017-09-19T12:42:35.03945471Z: [    0.574786] ..TIMER: vector=0x30 apic1=0 pin1=2 apic2=-1 pin2=-1
[STDOUT  ] 2017-09-19T12:42:35.255588628Z: [    0.680000] smpboot: CPU0: AMD QEMU Virtual CPU version 2.5+ (family: 0x6, model: 0x6, stepping: 0x3)
[STDOUT  ] 2017-09-19T12:42:35.257480242Z: [    0.680000] Performance Events: PMU not available due to virtualization, using software events only.
[STDOUT  ] 2017-09-19T12:42:35.273994067Z: [    0.688599] NMI watchdog: disabled (cpu0): hardware events not enabled
[STDOUT  ] 2017-09-19T12:42:35.274425354Z: [    0.689133] NMI watchdog: Shutting down hard lockup detector on all cpus
[STDOUT  ] 2017-09-19T12:42:35.278726726Z: [    0.693318] x86: Booted up 1 node, 1 CPUs
[STDOUT  ] 2017-09-19T12:42:35.279298518Z: [    0.693764] smpboot: Total of 1 processors activated (5199.99 BogoMIPS)
[STDOUT  ] 2017-09-19T12:42:35.29367411Z: [    0.708298] devtmpfs: initialized
[STDOUT  ] 2017-09-19T12:42:35.300344974Z: [    0.715111] x86/mm: Memory block size: 128MB
[STDOUT  ] 2017-09-19T12:42:35.360525963Z: [    0.775099] clocksource: jiffies: mask: 0xffffffff max_cycles: 0xffffffff, max_idle_ns: 19112604462750000 ns
[STDOUT  ] 2017-09-19T12:42:35.361351959Z: [    0.776113] futex hash table entries: 256 (order: 2, 16384 bytes)
[STDOUT  ] 2017-09-19T12:42:35.371607203Z: [    0.786559] NET: Registered protocol family 16
[STDOUT  ] 2017-09-19T12:42:35.380885886Z: [    0.795773] cpuidle: using governor ladder
[STDOUT  ] 2017-09-19T12:42:35.381240839Z: [    0.796262] cpuidle: using governor menu
[STDOUT  ] 2017-09-19T12:42:35.383003402Z: [    0.797922] ACPI: bus type PCI registered
[STDOUT  ] 2017-09-19T12:42:35.386333064Z: [    0.801020] PCI: MMCONFIG for domain 0000 [bus 00-ff] at [mem 0xb0000000-0xbfffffff] (base 0xb0000000)
[STDOUT  ] 2017-09-19T12:42:35.387009267Z: [    0.801787] PCI: MMCONFIG at [mem 0xb0000000-0xbfffffff] reserved in E820
[STDOUT  ] 2017-09-19T12:42:35.388227794Z: [    0.803216] PCI: Using configuration type 1 for base access
[STDOUT  ] 2017-09-19T12:42:35.442201992Z: [    0.857031] HugeTLB registered 2 MB page size, pre-allocated 0 pages
[STDOUT  ] 2017-09-19T12:42:35.456202794Z: [    0.871092] ACPI: Added _OSI(Module Device)
[STDOUT  ] 2017-09-19T12:42:35.4564306Z: [    0.871457] ACPI: Added _OSI(Processor Device)
[STDOUT  ] 2017-09-19T12:42:35.456816123Z: [    0.871781] ACPI: Added _OSI(3.0 _SCP Extensions)
[STDOUT  ] 2017-09-19T12:42:35.457163318Z: [    0.872097] ACPI: Added _OSI(Processor Aggregator Device)
[STDOUT  ] 2017-09-19T12:42:35.526061783Z: [    0.940986] ACPI: Interpreter enabled
[STDOUT  ] 2017-09-19T12:42:35.527035524Z: [    0.941967] ACPI: (supports S0 S5)
[STDOUT  ] 2017-09-19T12:42:35.527300786Z: [    0.942307] ACPI: Using IOAPIC for interrupt routing
[STDOUT  ] 2017-09-19T12:42:35.530338915Z: [    0.945096] PCI: Using host bridge windows from ACPI; if necessary, use "pci=nocrs" and report a bug
[STDOUT  ] 2017-09-19T12:42:35.592009204Z: [    1.006528] ACPI: PCI Root Bridge [PCI0] (domain 0000 [bus 00-ff])
[STDOUT  ] 2017-09-19T12:42:35.593176058Z: [    1.007693] acpi PNP0A08:00: _OSC: OS supports [ExtendedConfig ASPM ClockPM Segments MSI]
[STDOUT  ] 2017-09-19T12:42:35.600042601Z: [    1.014788] acpi PNP0A08:00: _OSC: OS now controls [PCIeHotplug PME PCIeCapability]
[STDOUT  ] 2017-09-19T12:42:35.603463203Z: [    1.018492] PCI host bridge to bus 0000:00
[STDOUT  ] 2017-09-19T12:42:35.604014077Z: [    1.018946] pci_bus 0000:00: root bus resource [io  0x0000-0x0cf7 window]
[STDOUT  ] 2017-09-19T12:42:35.604576995Z: [    1.019400] pci_bus 0000:00: root bus resource [io  0x0d00-0xffff window]
[STDOUT  ] 2017-09-19T12:42:35.605164978Z: [    1.019862] pci_bus 0000:00: root bus resource [mem 0x000a0000-0x000bffff window]
[STDOUT  ] 2017-09-19T12:42:35.605888505Z: [    1.020132] pci_bus 0000:00: root bus resource [mem 0xc0000000-0xfebfffff window]
[STDOUT  ] 2017-09-19T12:42:35.606532076Z: [    1.020906] pci_bus 0000:00: root bus resource [bus 00-ff]
[STDOUT  ] 2017-09-19T12:42:35.715026555Z: [    1.128431] pci 0000:00:1f.0: quirk: [io  0x0600-0x067f] claimed by ICH6 ACPI/GPIO/TCO
[STDOUT  ] 2017-09-19T12:42:35.777309578Z: [    1.191724] ACPI: PCI Interrupt Link [LNKA] (IRQs 5 *10 11)
[STDOUT  ] 2017-09-19T12:42:35.779830729Z: [    1.194562] ACPI: PCI Interrupt Link [LNKB] (IRQs 5 *10 11)
[STDOUT  ] 2017-09-19T12:42:35.782118702Z: [    1.196918] ACPI: PCI Interrupt Link [LNKC] (IRQs 5 10 *11)
[STDOUT  ] 2017-09-19T12:42:35.784024173Z: [    1.198764] ACPI: PCI Interrupt Link [LNKD] (IRQs 5 10 *11)
[STDOUT  ] 2017-09-19T12:42:35.786085575Z: [    1.200802] ACPI: PCI Interrupt Link [LNKE] (IRQs 5 *10 11)
[STDOUT  ] 2017-09-19T12:42:35.787917597Z: [    1.202634] ACPI: PCI Interrupt Link [LNKF] (IRQs 5 *10 11)
[STDOUT  ] 2017-09-19T12:42:35.789757361Z: [    1.204447] ACPI: PCI Interrupt Link [LNKG] (IRQs 5 10 *11)
[STDOUT  ] 2017-09-19T12:42:35.791516811Z: [    1.206266] ACPI: PCI Interrupt Link [LNKH] (IRQs 5 10 *11)
[STDOUT  ] 2017-09-19T12:42:35.792469395Z: [    1.207254] ACPI: PCI Interrupt Link [GSIA] (IRQs *16)
[STDOUT  ] 2017-09-19T12:42:35.793218057Z: [    1.208036] ACPI: PCI Interrupt Link [GSIB] (IRQs *17)
[STDOUT  ] 2017-09-19T12:42:35.793818107Z: [    1.208773] ACPI: PCI Interrupt Link [GSIC] (IRQs *18)
[STDOUT  ] 2017-09-19T12:42:35.794512308Z: [    1.209460] ACPI: PCI Interrupt Link [GSID] (IRQs *19)
[STDOUT  ] 2017-09-19T12:42:35.795528511Z: [    1.210205] ACPI: PCI Interrupt Link [GSIE] (IRQs *20)
[STDOUT  ] 2017-09-19T12:42:35.796245563Z: [    1.211013] ACPI: PCI Interrupt Link [GSIF] (IRQs *21)
[STDOUT  ] 2017-09-19T12:42:35.796995788Z: [    1.211757] ACPI: PCI Interrupt Link [GSIG] (IRQs *22)
[STDOUT  ] 2017-09-19T12:42:35.797664089Z: [    1.212534] ACPI: PCI Interrupt Link [GSIH] (IRQs *23)
[STDOUT  ] 2017-09-19T12:42:35.801280651Z: [    1.216145] ACPI: Enabled 2 GPEs in block 00 to 3F
[STDOUT  ] 2017-09-19T12:42:35.80551164Z: [    1.220616] SCSI subsystem initialized
[STDOUT  ] 2017-09-19T12:42:35.80743687Z: [    1.222467] ACPI: bus type USB registered
[STDOUT  ] 2017-09-19T12:42:35.808644459Z: [    1.223601] usbcore: registered new interface driver usbfs
[STDOUT  ] 2017-09-19T12:42:35.809607917Z: [    1.224559] usbcore: registered new interface driver hub
[STDOUT  ] 2017-09-19T12:42:35.81044735Z: [    1.225391] usbcore: registered new device driver usb
[STDOUT  ] 2017-09-19T12:42:35.811622061Z: [    1.226585] pps_core: LinuxPPS API ver. 1 registered
[STDOUT  ] 2017-09-19T12:42:35.812139143Z: [    1.226893] pps_core: Software ver. 5.3.6 - Copyright 2005-2007 Rodolfo Giometti <giometti@linux.it>
[STDOUT  ] 2017-09-19T12:42:35.81265973Z: [    1.227613] PTP clock support registered
[STDOUT  ] 2017-09-19T12:42:35.813713025Z: [    1.228850] wmi: Mapper loaded
[STDOUT  ] 2017-09-19T12:42:35.815071349Z: [    1.230122] PCI: Using ACPI for IRQ routing
[STDOUT  ] 2017-09-19T12:42:35.833004996Z: [    1.247865] NetLabel: Initializing
[STDOUT  ] 2017-09-19T12:42:35.833250881Z: [    1.248135] NetLabel:  domain hash size = 128
[STDOUT  ] 2017-09-19T12:42:35.833613426Z: [    1.248504] NetLabel:  protocols = UNLABELED CIPSOv4
[STDOUT  ] 2017-09-19T12:42:35.836734686Z: [    1.251501] NetLabel:  unlabeled traffic allowed by default
[STDOUT  ] 2017-09-19T12:42:35.838043691Z: [    1.252840] HPET: 3 timers in total, 0 timers will be used for per-cpu timer
[STDOUT  ] 2017-09-19T12:42:35.839066147Z: [    1.253612] hpet0: at MMIO 0xfed00000, IRQs 2, 8, 0
[STDOUT  ] 2017-09-19T12:42:35.839372524Z: [    1.254207] hpet0: 3 comparators, 64-bit 100.000000 MHz counter
[STDOUT  ] 2017-09-19T12:42:35.846828574Z: [    1.261606] clocksource: Switched to clocksource hpet
[STDOUT  ] 2017-09-19T12:42:36.093975304Z: [    1.507351] VFS: Disk quotas dquot_6.6.0
[STDOUT  ] 2017-09-19T12:42:36.094751008Z: [    1.508160] VFS: Dquot-cache hash table entries: 512 (order 0, 4096 bytes)
[STDOUT  ] 2017-09-19T12:42:36.098879917Z: [    1.512286] FS-Cache: Loaded
[STDOUT  ] 2017-09-19T12:42:36.104018057Z: [    1.517314] CacheFiles: Loaded
[STDOUT  ] 2017-09-19T12:42:36.105685642Z: [    1.519171] pnp: PnP ACPI init
[STDOUT  ] 2017-09-19T12:42:36.1170264Z: [    1.530547] pnp: PnP ACPI: found 5 devices
[STDOUT  ] 2017-09-19T12:42:36.167118301Z: [    1.580381] clocksource: acpi_pm: mask: 0xffffff max_cycles: 0xffffff, max_idle_ns: 2085701024 ns
[STDOUT  ] 2017-09-19T12:42:36.171148195Z: [    1.584576] NET: Registered protocol family 2
[STDOUT  ] 2017-09-19T12:42:36.178984637Z: [    1.592313] TCP established hash table entries: 8192 (order: 4, 65536 bytes)
[STDOUT  ] 2017-09-19T12:42:36.179780873Z: [    1.593184] TCP bind hash table entries: 8192 (order: 5, 131072 bytes)
[STDOUT  ] 2017-09-19T12:42:36.180534412Z: [    1.593953] TCP: Hash tables configured (established 8192 bind 8192)
[STDOUT  ] 2017-09-19T12:42:36.182521667Z: [    1.595926] UDP hash table entries: 512 (order: 2, 16384 bytes)
[STDOUT  ] 2017-09-19T12:42:36.183127581Z: [    1.596556] UDP-Lite hash table entries: 512 (order: 2, 16384 bytes)
[STDOUT  ] 2017-09-19T12:42:36.185650894Z: [    1.598916] NET: Registered protocol family 1
[STDOUT  ] 2017-09-19T12:42:36.186901531Z: [    1.599988] pci 0000:00:01.0: Video device with shadowed ROM at [mem 0x000c0000-0x000dffff]
[STDOUT  ] 2017-09-19T12:42:36.193661419Z: [    1.607152] Unpacking initramfs...
[STDOUT  ] 2017-09-19T12:42:39.190218375Z: [    4.603589] Freeing initrd memory: 23580K
[STDOUT  ] 2017-09-19T12:42:39.215392326Z: [    4.628804] PCLMULQDQ-NI instructions are not detected.
[STDOUT  ] 2017-09-19T12:42:39.217005475Z: [    4.630420] AVX or AES-NI instructions are not detected.
[STDOUT  ] 2017-09-19T12:42:39.21750505Z: [    4.630915] CPU feature 'AVX registers' is not supported.
[STDOUT  ] 2017-09-19T12:42:39.217910521Z: [    4.631302] CPU feature 'AVX registers' is not supported.
[STDOUT  ] 2017-09-19T12:42:39.218418149Z: [    4.631743] CPU feature 'AVX registers' is not supported.
[STDOUT  ] 2017-09-19T12:42:39.218835042Z: [    4.632209] CPU feature 'AVX registers' is not supported.
[STDOUT  ] 2017-09-19T12:42:39.219382464Z: [    4.632693] AVX2 or AES-NI instructions are not detected.
[STDOUT  ] 2017-09-19T12:42:39.219803157Z: [    4.633139] AVX2 instructions are not detected.
[STDOUT  ] 2017-09-19T12:42:39.22514945Z: [    4.638524] audit: initializing netlink subsys (disabled)
[STDOUT  ] 2017-09-19T12:42:39.227859822Z: [    4.641110] audit: type=2000 audit(1505824957.640:1): initialized
[STDOUT  ] 2017-09-19T12:42:39.23479655Z: [    4.648204] workingset: timestamp_bits=46 max_order=18 bucket_order=0
[STDOUT  ] 2017-09-19T12:42:39.242288879Z: [    4.655585] FS-Cache: Netfs 'cifs' registered for caching
[STDOUT  ] 2017-09-19T12:42:39.245325979Z: [    4.658874] fuse init (API version 7.26)
[STDOUT  ] 2017-09-19T12:42:39.249676392Z: [    4.662959] SGI XFS with ACLs, security attributes, no debug enabled
[STDOUT  ] 2017-09-19T12:42:39.253634001Z: [    4.666976] 9p: Installing v9fs 9p2000 file system support
[STDOUT  ] 2017-09-19T12:42:39.254140206Z: [    4.667501] FS-Cache: Netfs '9p' registered for caching
[STDOUT  ] 2017-09-19T12:42:39.288143336Z: [    4.701529] NET: Registered protocol family 38
[STDOUT  ] 2017-09-19T12:42:39.288654824Z: [    4.702174] Key type asymmetric registered
[STDOUT  ] 2017-09-19T12:42:39.289152642Z: [    4.702530] Asymmetric key parser 'x509' registered
[STDOUT  ] 2017-09-19T12:42:39.290332623Z: [    4.703606] Block layer SCSI generic (bsg) driver version 0.4 loaded (major 251)
[STDOUT  ] 2017-09-19T12:42:39.291768136Z: [    4.705294] io scheduler noop registered
[STDOUT  ] 2017-09-19T12:42:39.292106485Z: [    4.705565] io scheduler deadline registered (default)
[STDOUT  ] 2017-09-19T12:42:39.292890527Z: [    4.706293] io scheduler cfq registered
[STDOUT  ] 2017-09-19T12:42:39.29568805Z: [    4.709114] pci_hotplug: PCI Hot Plug PCI Core version: 0.5
[STDOUT  ] 2017-09-19T12:42:39.297239035Z: [    4.709764] pciehp: PCI Express Hot Plug Controller Driver version: 0.4
[STDOUT  ] 2017-09-19T12:42:39.300096008Z: [    4.713400] shpchp: Standard Hot Plug PCI Controller Driver version: 0.4
[STDOUT  ] 2017-09-19T12:42:39.300911232Z: [    4.714399] hv_vmbus: registering driver hyperv_fb
[STDOUT  ] 2017-09-19T12:42:39.304261103Z: [    4.717445] input: Power Button as /devices/LNXSYSTM:00/LNXPWRBN:00/input/input0
[STDOUT  ] 2017-09-19T12:42:39.305094517Z: [    4.718651] ACPI: Power Button [PWRF]
[STDOUT  ] 2017-09-19T12:42:39.310481417Z: [    4.724020] GHES: HEST is not enabled!
[STDOUT  ] 2017-09-19T12:42:39.320835901Z: [    4.734344] ACPI: PCI Interrupt Link [GSIG] enabled at IRQ 22
[STDOUT  ] 2017-09-19T12:42:39.334440442Z: [    4.747691] ACPI: PCI Interrupt Link [GSIH] enabled at IRQ 23
[STDOUT  ] 2017-09-19T12:42:39.340334814Z: [    4.753758] xenfs: not registering filesystem on non-xen platform
[STDOUT  ] 2017-09-19T12:42:39.342352297Z: [    4.755731] Serial: 8250/16550 driver, 4 ports, IRQ sharing disabled
[STDOUT  ] 2017-09-19T12:42:39.367429935Z: [    4.780610] 00:04: ttyS0 at I/O 0x3f8 (irq = 4, base_baud = 115200) is a 16550A
[STDOUT  ] 2017-09-19T12:42:39.379182826Z: [    4.792702] Non-volatile memory driver v1.3
[STDOUT  ] 2017-09-19T12:42:39.387436029Z: [    4.800604] Hangcheck: starting hangcheck timer 0.9.1 (tick is 180 seconds, margin is 60 seconds).
[STDOUT  ] 2017-09-19T12:42:39.423530537Z: [    4.837056] loop: module loaded
[STDOUT  ] 2017-09-19T12:42:39.439257112Z: [    4.852626] nbd: registered device at major 43
[STDOUT  ] 2017-09-19T12:42:39.48081457Z: [    4.894078] lpc_ich 0000:00:1f.0: I/O space for GPIO uninitialized
[STDOUT  ] 2017-09-19T12:42:39.482981742Z: [    4.896384] VMware PVSCSI driver - version 1.0.7.0-k
[STDOUT  ] 2017-09-19T12:42:39.483919136Z: [    4.897280] hv_vmbus: registering driver hv_storvsc
[STDOUT  ] 2017-09-19T12:42:39.49417231Z: [    4.907334] ACPI: PCI Interrupt Link [GSIA] enabled at IRQ 16
[STDOUT  ] 2017-09-19T12:42:39.50073761Z: [    4.913932] ahci 0000:00:1f.2: AHCI 0001.0000 32 slots 6 ports 1.5 Gbps 0x3f impl SATA mode
[STDOUT  ] 2017-09-19T12:42:39.501253134Z: [    4.914635] ahci 0000:00:1f.2: flags: 64bit ncq only 
[STDOUT  ] 2017-09-19T12:42:39.521337921Z: [    4.934740] scsi host0: ahci
[STDOUT  ] 2017-09-19T12:42:39.526751744Z: [    4.940285] scsi host1: ahci
[STDOUT  ] 2017-09-19T12:42:39.529117553Z: [    4.942687] scsi host2: ahci
[STDOUT  ] 2017-09-19T12:42:39.53134873Z: [    4.944895] scsi host3: ahci
[STDOUT  ] 2017-09-19T12:42:39.533553844Z: [    4.947090] scsi host4: ahci
[STDOUT  ] 2017-09-19T12:42:39.535700818Z: [    4.949231] scsi host5: ahci
[STDOUT  ] 2017-09-19T12:42:39.538093549Z: [    4.951318] ata1: SATA max UDMA/133 abar m4096@0xfebd2000 port 0xfebd2100 irq 24
[STDOUT  ] 2017-09-19T12:42:39.538663893Z: [    4.951904] ata2: SATA max UDMA/133 abar m4096@0xfebd2000 port 0xfebd2180 irq 24
[STDOUT  ] 2017-09-19T12:42:39.539104492Z: [    4.952394] ata3: SATA max UDMA/133 abar m4096@0xfebd2000 port 0xfebd2200 irq 24
[STDOUT  ] 2017-09-19T12:42:39.539564161Z: [    4.952843] ata4: SATA max UDMA/133 abar m4096@0xfebd2000 port 0xfebd2280 irq 24
[STDOUT  ] 2017-09-19T12:42:39.5400143Z: [    4.953302] ata5: SATA max UDMA/133 abar m4096@0xfebd2000 port 0xfebd2300 irq 24
[STDOUT  ] 2017-09-19T12:42:39.540448939Z: [    4.953786] ata6: SATA max UDMA/133 abar m4096@0xfebd2000 port 0xfebd2380 irq 24
[STDOUT  ] 2017-09-19T12:42:39.553756115Z: [    4.967076] tun: Universal TUN/TAP device driver, 1.6
[STDOUT  ] 2017-09-19T12:42:39.554107566Z: [    4.967431] tun: (C) 1999-2004 Max Krasnyansky <maxk@qualcomm.com>
[STDOUT  ] 2017-09-19T12:42:39.564294277Z: [    4.977522] VMware vmxnet3 virtual NIC driver - version 1.4.a.0-k-NAPI
[STDOUT  ] 2017-09-19T12:42:39.565104239Z: [    4.978521] hv_vmbus: registering driver hv_netvsc
[STDOUT  ] 2017-09-19T12:42:39.565441395Z: [    4.978850] Fusion MPT base driver 3.04.20
[STDOUT  ] 2017-09-19T12:42:39.565772112Z: [    4.979132] Copyright (c) 1999-2008 LSI Corporation
[STDOUT  ] 2017-09-19T12:42:39.566455143Z: [    4.979769] Fusion MPT SPI Host driver 3.04.20
[STDOUT  ] 2017-09-19T12:42:39.569332078Z: [    4.982583] i8042: PNP: PS/2 Controller [PNP0303:KBD,PNP0f13:MOU] at 0x60,0x64 irq 1,12
[STDOUT  ] 2017-09-19T12:42:39.573073051Z: [    4.986446] serio: i8042 KBD port at 0x60,0x64 irq 1
[STDOUT  ] 2017-09-19T12:42:39.573679462Z: [    4.987090] serio: i8042 AUX port at 0x60,0x64 irq 12
[STDOUT  ] 2017-09-19T12:42:39.576740358Z: [    4.990009] hv_vmbus: registering driver hyperv_keyboard
[STDOUT  ] 2017-09-19T12:42:39.579252235Z: [    4.992573] mousedev: PS/2 mouse device common for all mice
[STDOUT  ] 2017-09-19T12:42:39.584054423Z: [    4.997163] input: AT Translated Set 2 keyboard as /devices/platform/i8042/serio0/input/input1
[STDOUT  ] 2017-09-19T12:42:39.586882378Z: [    4.999998] input: PC Speaker as /devices/platform/pcspkr/input/input2
[STDOUT  ] 2017-09-19T12:42:39.590034193Z: [    5.003589] rtc_cmos 00:00: RTC can wake from S4
[STDOUT  ] 2017-09-19T12:42:39.593355517Z: [    5.006672] rtc_cmos 00:00: rtc core: registered rtc_cmos as rtc0
[STDOUT  ] 2017-09-19T12:42:39.594688569Z: [    5.007957] rtc_cmos 00:00: alarms up to one day, y3k, 114 bytes nvram, hpet irqs
[STDOUT  ] 2017-09-19T12:42:39.595083267Z: [    5.008676] i2c /dev entries driver
[STDOUT  ] 2017-09-19T12:42:39.597687395Z: [    5.011097] device-mapper: ioctl: 4.35.0-ioctl (2016-06-23) initialised: dm-devel@redhat.com
[STDOUT  ] 2017-09-19T12:42:39.602123257Z: [    5.015454] usbcore: registered new interface driver usbhid
[STDOUT  ] 2017-09-19T12:42:39.602455666Z: [    5.015822] usbhid: USB HID core driver
[STDOUT  ] 2017-09-19T12:42:39.603050532Z: [    5.016504] hv_utils: Registering HyperV Utility Driver
[STDOUT  ] 2017-09-19T12:42:39.603354065Z: [    5.016841] hv_vmbus: registering driver hv_util
[STDOUT  ] 2017-09-19T12:42:39.603683232Z: [    5.017180] hv_vmbus: registering driver hv_balloon
[STDOUT  ] 2017-09-19T12:42:39.604268221Z: [    5.017722] oprofile: using NMI interrupt.
[STDOUT  ] 2017-09-19T12:42:39.60539933Z: [    5.018914] GACT probability on
[STDOUT  ] 2017-09-19T12:42:39.605862304Z: [    5.019458] Mirror/redirect action on
[STDOUT  ] 2017-09-19T12:42:39.607111592Z: [    5.020695] Simple TC action Loaded
[STDOUT  ] 2017-09-19T12:42:39.60773206Z: [    5.021261] u32 classifier
[STDOUT  ] 2017-09-19T12:42:39.608017831Z: [    5.021452]     Performance counters on
[STDOUT  ] 2017-09-19T12:42:39.608332947Z: [    5.021742]     input device check on
[STDOUT  ] 2017-09-19T12:42:39.608474942Z: [    5.022044]     Actions configured
[STDOUT  ] 2017-09-19T12:42:39.609241437Z: [    5.022619] Netfilter messages via NETLINK v0.30.
[STDOUT  ] 2017-09-19T12:42:39.609788518Z: [    5.023213] nfnl_acct: registering with nfnetlink.
[STDOUT  ] 2017-09-19T12:42:39.611353767Z: [    5.024778] nf_conntrack version 0.5.0 (8192 buckets, 32768 max)
[STDOUT  ] 2017-09-19T12:42:39.614263031Z: [    5.027659] ctnetlink v0.93: registering with nfnetlink.
[STDOUT  ] 2017-09-19T12:42:39.617805896Z: [    5.031206] nf_tables: (c) 2007-2009 Patrick McHardy <kaber@trash.net>
[STDOUT  ] 2017-09-19T12:42:39.618867511Z: [    5.032068] nf_tables_compat: (c) 2012 Pablo Neira Ayuso <pablo@netfilter.org>
[STDOUT  ] 2017-09-19T12:42:39.620957444Z: [    5.034511] xt_time: kernel timezone is -0000
[STDOUT  ] 2017-09-19T12:42:39.6214847Z: [    5.035070] ip_set: protocol 6
[STDOUT  ] 2017-09-19T12:42:39.622490761Z: [    5.035766] IPVS: Registered protocols (TCP, UDP, SCTP, AH, ESP)
[STDOUT  ] 2017-09-19T12:42:39.623273859Z: [    5.036562] IPVS: Connection hash table configured (size=4096, memory=64Kbytes)
[STDOUT  ] 2017-09-19T12:42:39.62495806Z: [    5.038345] IPVS: Creating netns size=2104 id=0
[STDOUT  ] 2017-09-19T12:42:39.627945637Z: [    5.041511] IPVS: ipvs loaded.
[STDOUT  ] 2017-09-19T12:42:39.628333766Z: [    5.041891] IPVS: [rr] scheduler registered.
[STDOUT  ] 2017-09-19T12:42:39.628812986Z: [    5.042220] IPVS: [wrr] scheduler registered.
[STDOUT  ] 2017-09-19T12:42:39.629139509Z: [    5.042509] IPVS: [lc] scheduler registered.
[STDOUT  ] 2017-09-19T12:42:39.62928363Z: [    5.042801] IPVS: [wlc] scheduler registered.
[STDOUT  ] 2017-09-19T12:42:39.62960558Z: [    5.043098] IPVS: [fo] scheduler registered.
[STDOUT  ] 2017-09-19T12:42:39.629906829Z: [    5.043393] IPVS: [ovf] scheduler registered.
[STDOUT  ] 2017-09-19T12:42:39.630440422Z: [    5.043874] IPVS: [lblc] scheduler registered.
[STDOUT  ] 2017-09-19T12:42:39.63074888Z: [    5.044308] IPVS: [lblcr] scheduler registered.
[STDOUT  ] 2017-09-19T12:42:39.631061591Z: [    5.044581] IPVS: [dh] scheduler registered.
[STDOUT  ] 2017-09-19T12:42:39.631365601Z: [    5.044894] IPVS: [sh] scheduler registered.
[STDOUT  ] 2017-09-19T12:42:39.631667642Z: [    5.045194] IPVS: [sed] scheduler registered.
[STDOUT  ] 2017-09-19T12:42:39.631988502Z: [    5.045474] IPVS: [nq] scheduler registered.
[STDOUT  ] 2017-09-19T12:42:39.632669177Z: [    5.046240] IPVS: ftp: loaded support on port[0] = 21
[STDOUT  ] 2017-09-19T12:42:39.633666405Z: [    5.047042] ipip: IPv4 and MPLS over IPv4 tunneling driver
[STDOUT  ] 2017-09-19T12:42:39.638356987Z: [    5.051669] gre: GRE over IPv4 demultiplexor driver
[STDOUT  ] 2017-09-19T12:42:39.641069489Z: [    5.054363] ip_tables: (C) 2000-2006 Netfilter Core Team
[STDOUT  ] 2017-09-19T12:42:39.644234843Z: [    5.057563] ipt_CLUSTERIP: ClusterIP Version 0.8 loaded successfully
[STDOUT  ] 2017-09-19T12:42:39.644935166Z: [    5.058333] arp_tables: arp_tables: (C) 2002 David S. Miller
[STDOUT  ] 2017-09-19T12:42:39.647775441Z: [    5.061171] NET: Registered protocol family 10
[STDOUT  ] 2017-09-19T12:42:39.656455478Z: [    5.069923] ip6_tables: (C) 2000-2006 Netfilter Core Team
[STDOUT  ] 2017-09-19T12:42:39.664525578Z: [    5.078012] NET: Registered protocol family 17
[STDOUT  ] 2017-09-19T12:42:39.66548822Z: [    5.079067] Bridge firewalling registered
[STDOUT  ] 2017-09-19T12:42:39.665951796Z: [    5.079553] Ebtables v2.0 registered
[STDOUT  ] 2017-09-19T12:42:39.66838479Z: [    5.081952] 8021q: 802.1Q VLAN Support v1.8
[STDOUT  ] 2017-09-19T12:42:39.669741776Z: [    5.083338] 9pnet: Installing 9P2000 support
[STDOUT  ] 2017-09-19T12:42:39.671285639Z: [    5.084691] Key type dns_resolver registered
[STDOUT  ] 2017-09-19T12:42:39.672501088Z: [    5.085854] microcode: AMD CPU family 0x6 not supported
[STDOUT  ] 2017-09-19T12:42:39.675885489Z: [    5.089425] registered taskstats version 1
[STDOUT  ] 2017-09-19T12:42:39.871226385Z: [    5.284579] ata2: SATA link down (SStatus 0 SControl 300)
[STDOUT  ] 2017-09-19T12:42:39.874199538Z: [    5.287636] ata1: SATA link down (SStatus 0 SControl 300)
[STDOUT  ] 2017-09-19T12:42:39.879398697Z: [    5.292783] ata5: SATA link down (SStatus 0 SControl 300)
[STDOUT  ] 2017-09-19T12:42:39.880195134Z: [    5.293363] ata4: SATA link down (SStatus 0 SControl 300)
[STDOUT  ] 2017-09-19T12:42:39.880992181Z: [    5.294384] ata3: SATA link up 1.5 Gbps (SStatus 113 SControl 300)
[STDOUT  ] 2017-09-19T12:42:39.884426031Z: [    5.297748] ata3.00: ATAPI: QEMU DVD-ROM, 2.5+, max UDMA/100
[STDOUT  ] 2017-09-19T12:42:39.884840802Z: [    5.298225] ata3.00: applying bridge limits
[STDOUT  ] 2017-09-19T12:42:39.887024152Z: [    5.300427] ata3.00: configured for UDMA/100
[STDOUT  ] 2017-09-19T12:42:39.902560504Z: [    5.316062] Key type big_key registered
[STDOUT  ] 2017-09-19T12:42:39.909039284Z: [    5.322142] scsi 2:0:0:0: CD-ROM            QEMU     QEMU DVD-ROM     2.5+ PQ: 0 ANSI: 5
[STDOUT  ] 2017-09-19T12:42:39.928547777Z: [    5.341892] ata6: SATA link down (SStatus 0 SControl 300)
[STDOUT  ] 2017-09-19T12:42:39.940680526Z: [    5.353899] sr 2:0:0:0: [sr0] scsi3-mmc drive: 4x/4x cd/rw xa/form2 tray
[STDOUT  ] 2017-09-19T12:42:39.941235394Z: [    5.354633] cdrom: Uniform CD-ROM driver Revision: 3.20
[STDOUT  ] 2017-09-19T12:42:39.958326429Z: [    5.371617] sr 2:0:0:0: Attached scsi generic sg0 type 5
[STDOUT  ] 2017-09-19T12:42:39.987667094Z: [    5.401003] Key type encrypted registered
[STDOUT  ] 2017-09-19T12:42:39.993715189Z: [    5.406836] rtc_cmos 00:00: setting system clock to 2017-09-19 12:42:39 UTC (1505824959)
[STDOUT  ] 2017-09-19T12:42:40.141153261Z: [    5.554534] Freeing unused kernel memory: 1380K
[STDOUT  ] 2017-09-19T12:42:40.141677598Z: [    5.554931] Write protecting the kernel read-only data: 12288k
[STDOUT  ] 2017-09-19T12:42:40.150293367Z: [    5.563597] Freeing unused kernel memory: 144K
[STDOUT  ] 2017-09-19T12:42:40.270677267Z: [    5.683932] Freeing unused kernel memory: 1400K
[STDOUT  ] 2017-09-19T12:42:40.271669036Z: [    5.684905] tsc: Refined TSC clocksource calibration: 2599.996 MHz
[STDOUT  ] 2017-09-19T12:42:40.272324231Z: [    5.685424] clocksource: tsc: mask: 0xffffffffffffffff max_cycles: 0x257a386c905, max_idle_ns: 440795250529 ns
[STDOUT  ] 2017-09-19T12:42:41.287673476Z: [    6.701073] clocksource: Switched to clocksource tsc
[STDOUT  ] 2017-09-19T12:42:47.575980133Z: 
[STDOUT  ] 2017-09-19T12:42:47.577115206Z: Welcome to LinuxKit
[STDOUT  ] 2017-09-19T12:42:47.577228651Z: 
[STDOUT  ] 2017-09-19T12:42:47.577771742Z:                         ##         .
[STDOUT  ] 2017-09-19T12:42:47.578110826Z:                   ## ## ##        ==
[STDOUT  ] 2017-09-19T12:42:47.578449832Z:                ## ## ## ## ##    ===
[STDOUT  ] 2017-09-19T12:42:47.578957446Z:            /"""""""""""""""""\___/ ===
[STDOUT  ] 2017-09-19T12:42:47.579320478Z:           {                       /  ===-
[STDOUT  ] 2017-09-19T12:42:47.579670702Z:            \______ O           __/
[STDOUT  ] 2017-09-19T12:42:47.580022787Z:              \    \         __/
[STDOUT  ] 2017-09-19T12:42:47.580367177Z:               \____\_______/
[STDOUT  ] 2017-09-19T12:42:47.58038788Z: 
[STDOUT  ] 2017-09-19T12:42:48.782031522Z: container_linux.go:265: starting container process caused "process_linux.go:348: container init caused \"rootfs_linux.go:57: mounting \\\"/check.sh\\\" to rootfs \\\"/containers/onboot/000-test/rootfs\\\" at \\\"/containers/onboot/000-test/rootfs/check.sh\\\" caused \\\"open /containers/onboot/000-test/rootfs/check.sh: read-only file system\\\"\""
[STDOUT  ] 2017-09-19T12:42:48.813584384Z: 2017/09/19 12:42:47 Error creating 000-test: exit status 1
[STDOUT  ] 2017-09-19T12:43:00.134178019Z: [   25.547519] ACPI: Preparing to enter system sleep state S5
[STDOUT  ] 2017-09-19T12:43:00.135510806Z: [   25.549059] reboot: Power down
[STDERR  ] 2017-09-19T12:43:00.473622902Z: + exit 0
[STDERR  ] 2017-09-19T12:43:00.47370144Z: + clean_up
[STDERR  ] 2017-09-19T12:43:00.473712897Z: + rm -rf lsof-cmdline lsof-initrd.img lsof-kernel lsof-state
[PASS    ] linuxkit.security.ports 37.86s
