[INFO    ] 2018-01-14T13:35:55.079083996Z: Running Test linuxkit.kernel.config_4.14.x in /tmp/build/test/cases/020_kernel/006_config_4.14.x
[INFO    ] 2018-01-14T13:35:55.079176521Z: Running command: [/bin/sh -x /tmp/build/test/cases/020_kernel/006_config_4.14.x/test.sh]
[STDERR  ] 2018-01-14T13:35:55.07971747Z: + set -e
[STDERR  ] 2018-01-14T13:35:55.079762152Z: + . /tmp/build/test/cases/_lib/lib.sh
[STDERR  ] 2018-01-14T13:35:55.079774383Z: + [ -f src/github.com/linuxkit/rtf/lib/lib.sh ]
[STDERR  ] 2018-01-14T13:35:55.079785295Z: + LINUXKIT_TMPDIR=/tmp/build/test/cases/_tmp
[STDERR  ] 2018-01-14T13:35:55.079797313Z: + [ -f /tmp/build/test/cases/_tmp/env.sh ]
[STDERR  ] 2018-01-14T13:35:55.079808387Z: + . /tmp/build/test/cases/_tmp/env.sh
[STDERR  ] 2018-01-14T13:35:55.079819518Z: + export LINUXKIT_EXAMPLES_DIR=/tmp/build/test/cases/../../examples
[STDERR  ] 2018-01-14T13:35:55.079830758Z: + export LINUXKIT_BLUEPRINTS_DIR=/tmp/build/test/cases/../../blueprints
[STDERR  ] 2018-01-14T13:35:55.079842818Z: + RT_CANCEL=253
[STDERR  ] 2018-01-14T13:35:55.079853269Z: + NAME=kconfig
[STDERR  ] 2018-01-14T13:35:55.079863417Z: + trap clean_up EXIT
[STDERR  ] 2018-01-14T13:35:55.079874253Z: + linuxkit build -format kernel+initrd -name kconfig test.yml
[STDERR  ] 2018-01-14T13:35:55.115026955Z: Extract kernel image: linuxkit/kernel:4.14.13
[STDERR  ] 2018-01-14T13:35:56.25253549Z: time="2018-01-14T13:35:56Z" level=warning msg="certificate with CN Justin Cormack is near expiry"
[STDERR  ] 2018-01-14T13:35:56.252590222Z: time="2018-01-14T13:35:56Z" level=warning msg="certificate with CN  is near expiry"
[STDERR  ] 2018-01-14T13:35:56.252681904Z: time="2018-01-14T13:35:56Z" level=warning msg="certificate with CN  is near expiry"
[STDERR  ] 2018-01-14T13:35:56.297807241Z: time="2018-01-14T13:35:56Z" level=warning msg="certificate with CN Justin Cormack is near expiry"
[STDERR  ] 2018-01-14T13:35:56.332526773Z: Pull image: docker.io/linuxkit/kernel:4.14.13@sha256:dabbe5535f3ab643b10ccd0807bc6a7b70d39ced26442c912ae8f264126fb642
[STDERR  ] 2018-01-14T13:36:02.694031371Z: Add init containers:
[STDERR  ] 2018-01-14T13:36:02.694090185Z: Process init image: linuxkit/init:7c405a03c8467b3aa7999d2a729aeb5d3fa7dae5
[STDERR  ] 2018-01-14T13:36:03.724518636Z: time="2018-01-14T13:36:03Z" level=warning msg="certificate with CN  is near expiry"
[STDERR  ] 2018-01-14T13:36:03.724587464Z: time="2018-01-14T13:36:03Z" level=warning msg="certificate with CN  is near expiry"
[STDERR  ] 2018-01-14T13:36:03.724938192Z: time="2018-01-14T13:36:03Z" level=warning msg="certificate with CN Justin Cormack is near expiry"
[STDERR  ] 2018-01-14T13:36:03.729114271Z: time="2018-01-14T13:36:03Z" level=warning msg="certificate with CN Justin Cormack is near expiry"
[STDERR  ] 2018-01-14T13:36:03.730827137Z: time="2018-01-14T13:36:03Z" level=warning msg="certificate with CN  is near expiry"
[STDERR  ] 2018-01-14T13:36:03.902738308Z: Process init image: linuxkit/runc:7b15b00b4e3507d62e3ed8d44dfe650561cd35ff
[STDERR  ] 2018-01-14T13:36:04.931085823Z: time="2018-01-14T13:36:04Z" level=warning msg="certificate with CN Justin Cormack is near expiry"
[STDERR  ] 2018-01-14T13:36:04.93123423Z: time="2018-01-14T13:36:04Z" level=warning msg="certificate with CN  is near expiry"
[STDERR  ] 2018-01-14T13:36:04.931344163Z: time="2018-01-14T13:36:04Z" level=warning msg="certificate with CN  is near expiry"
[STDERR  ] 2018-01-14T13:36:04.933677236Z: time="2018-01-14T13:36:04Z" level=warning msg="certificate with CN Justin Cormack is near expiry"
[STDERR  ] 2018-01-14T13:36:04.934981325Z: time="2018-01-14T13:36:04Z" level=warning msg="certificate with CN  is near expiry"
[STDERR  ] 2018-01-14T13:36:05.094822542Z: Add onboot containers:
[STDERR  ] 2018-01-14T13:36:05.094880856Z:   Create OCI config for linuxkit/test-kernel-config:9c3668b834540d2e776d0bf4aff661b3bcc35616
[STDERR  ] 2018-01-14T13:36:06.127508626Z: time="2018-01-14T13:36:06Z" level=warning msg="certificate with CN Justin Cormack is near expiry"
[STDERR  ] 2018-01-14T13:36:06.127687534Z: time="2018-01-14T13:36:06Z" level=warning msg="certificate with CN Rolf Neugebauer is near expiry"
[STDERR  ] 2018-01-14T13:36:06.127778892Z: time="2018-01-14T13:36:06Z" level=warning msg="certificate with CN  is near expiry"
[STDERR  ] 2018-01-14T13:36:06.127890566Z: time="2018-01-14T13:36:06Z" level=warning msg="certificate with CN  is near expiry"
[STDERR  ] 2018-01-14T13:36:06.129296414Z: time="2018-01-14T13:36:06Z" level=warning msg="certificate with CN Justin Cormack is near expiry"
[STDERR  ] 2018-01-14T13:36:06.130592479Z: time="2018-01-14T13:36:06Z" level=warning msg="certificate with CN Rolf Neugebauer is near expiry"
[STDERR  ] 2018-01-14T13:36:06.13137328Z: time="2018-01-14T13:36:06Z" level=warning msg="certificate with CN  is near expiry"
[STDERR  ] 2018-01-14T13:36:06.536013995Z:   Create OCI config for linuxkit/poweroff:bccfe1cb04fc7bb9f03613d2314f38abd2620f29
[STDERR  ] 2018-01-14T13:36:07.570291421Z: time="2018-01-14T13:36:07Z" level=warning msg="certificate with CN Rolf Neugebauer is near expiry"
[STDERR  ] 2018-01-14T13:36:07.570347282Z: time="2018-01-14T13:36:07Z" level=warning msg="certificate with CN  is near expiry"
[STDERR  ] 2018-01-14T13:36:07.570472603Z: time="2018-01-14T13:36:07Z" level=warning msg="certificate with CN  is near expiry"
[STDERR  ] 2018-01-14T13:36:07.570828584Z: time="2018-01-14T13:36:07Z" level=warning msg="certificate with CN Justin Cormack is near expiry"
[STDERR  ] 2018-01-14T13:36:07.574411344Z: time="2018-01-14T13:36:07Z" level=warning msg="certificate with CN Rolf Neugebauer is near expiry"
[STDERR  ] 2018-01-14T13:36:07.576402757Z: time="2018-01-14T13:36:07Z" level=warning msg="certificate with CN  is near expiry"
[STDERR  ] 2018-01-14T13:36:07.732382117Z: Create outputs:
[STDERR  ] 2018-01-14T13:36:12.59879305Z:   kconfig-kernel kconfig-initrd.img kconfig-cmdline
[STDERR  ] 2018-01-14T13:36:12.643838407Z: + linuxkit run kconfig
[STDERR  ] 2018-01-14T13:36:12.66705272Z: Unable to find qemu-system-x86_64 within the $PATH. Using a container
[STDERR  ] 2018-01-14T13:36:51.279200043Z: + RESULT=[    0.000000] Linux version 4.14.13-linuxkit (root@6cc1b210b6bc) (gcc version 6.4.0 (Alpine 6.4.0)) #1 SMP Wed Jan 10 11:28:00 UTC 2018
[STDERR  ] 2018-01-14T13:36:51.279264561Z: [    0.000000] Command line: console=ttyS0 console=ttyAMA0
[STDERR  ] 2018-01-14T13:36:51.279279548Z: [    0.000000] x86/fpu: x87 FPU will use FXSAVE
[STDERR  ] 2018-01-14T13:36:51.279306926Z: [    0.000000] e820: BIOS-provided physical RAM map:
[STDERR  ] 2018-01-14T13:36:51.279332795Z: [    0.000000] BIOS-e820: [mem 0x0000000000000000-0x000000000009fbff] usable
[STDERR  ] 2018-01-14T13:36:51.279346368Z: [    0.000000] BIOS-e820: [mem 0x000000000009fc00-0x000000000009ffff] reserved
[STDERR  ] 2018-01-14T13:36:51.279358809Z: [    0.000000] BIOS-e820: [mem 0x00000000000f0000-0x00000000000fffff] reserved
[STDERR  ] 2018-01-14T13:36:51.279370962Z: [    0.000000] BIOS-e820: [mem 0x0000000000100000-0x000000003ffdefff] usable
[STDERR  ] 2018-01-14T13:36:51.279392662Z: [    0.000000] BIOS-e820: [mem 0x000000003ffdf000-0x000000003fffffff] reserved
[STDERR  ] 2018-01-14T13:36:51.279403485Z: [    0.000000] BIOS-e820: [mem 0x00000000b0000000-0x00000000bfffffff] reserved
[STDERR  ] 2018-01-14T13:36:51.279415163Z: [    0.000000] BIOS-e820: [mem 0x00000000fed1c000-0x00000000fed1ffff] reserved
[STDERR  ] 2018-01-14T13:36:51.27942509Z: [    0.000000] BIOS-e820: [mem 0x00000000fffc0000-0x00000000ffffffff] reserved
[STDERR  ] 2018-01-14T13:36:51.279435462Z: [    0.000000] NX (Execute Disable) protection: active
[STDERR  ] 2018-01-14T13:36:51.279446206Z: [    0.000000] random: fast init done
[STDERR  ] 2018-01-14T13:36:51.279456982Z: [    0.000000] SMBIOS 2.8 present.
[STDERR  ] 2018-01-14T13:36:51.279467742Z: [    0.000000] DMI: QEMU Standard PC (Q35 + ICH9, 2009), BIOS rel-1.10.2-0-g5f4c7b1-prebuilt.qemu-project.org 04/01/2014
[STDERR  ] 2018-01-14T13:36:51.279481472Z: [    0.000000] tsc: Fast TSC calibration using PIT
[STDERR  ] 2018-01-14T13:36:51.279492577Z: [    0.000000] e820: last_pfn = 0x3ffdf max_arch_pfn = 0x400000000
[STDERR  ] 2018-01-14T13:36:51.279502967Z: [    0.000000] x86/PAT: Configuration [0-7]: WB  WC  UC- UC  WB  WP  UC- WT  
[STDERR  ] 2018-01-14T13:36:51.279520262Z: [    0.000000] found SMP MP-table at [mem 0x000f6aa0-0x000f6aaf] mapped at [ffffffffff200aa0]
[STDERR  ] 2018-01-14T13:36:51.27953225Z: [    0.000000] RAMDISK: [mem 0x3e6d7000-0x3ffcffff]
[STDERR  ] 2018-01-14T13:36:51.279542619Z: [    0.000000] ACPI: Early table checksum verification disabled
[STDERR  ] 2018-01-14T13:36:51.27955217Z: [    0.000000] ACPI: RSDP 0x00000000000F68B0 000014 (v00 BOCHS )
[STDERR  ] 2018-01-14T13:36:51.279562236Z: [    0.000000] ACPI: RSDT 0x000000003FFE20A8 000034 (v01 BOCHS  BXPCRSDT 00000001 BXPC 00000001)
[STDERR  ] 2018-01-14T13:36:51.279573087Z: [    0.000000] ACPI: FACP 0x000000003FFE1EC8 0000F4 (v03 BOCHS  BXPCFACP 00000001 BXPC 00000001)
[STDERR  ] 2018-01-14T13:36:51.27958371Z: [    0.000000] ACPI: DSDT 0x000000003FFE0040 001E88 (v01 BOCHS  BXPCDSDT 00000001 BXPC 00000001)
[STDERR  ] 2018-01-14T13:36:51.279593934Z: [    0.000000] ACPI: FACS 0x000000003FFE0000 000040
[STDERR  ] 2018-01-14T13:36:51.279603827Z: [    0.000000] ACPI: APIC 0x000000003FFE1FBC 000078 (v01 BOCHS  BXPCAPIC 00000001 BXPC 00000001)
[STDERR  ] 2018-01-14T13:36:51.279614244Z: [    0.000000] ACPI: HPET 0x000000003FFE2034 000038 (v01 BOCHS  BXPCHPET 00000001 BXPC 00000001)
[STDERR  ] 2018-01-14T13:36:51.279624644Z: [    0.000000] ACPI: MCFG 0x000000003FFE206C 00003C (v01 BOCHS  BXPCMCFG 00000001 BXPC 00000001)
[STDERR  ] 2018-01-14T13:36:51.279693384Z: [    0.000000] Zone ranges:
[STDERR  ] 2018-01-14T13:36:51.279704647Z: [    0.000000]   DMA      [mem 0x0000000000001000-0x0000000000ffffff]
[STDERR  ] 2018-01-14T13:36:51.279715848Z: [    0.000000]   DMA32    [mem 0x0000000001000000-0x000000003ffdefff]
[STDERR  ] 2018-01-14T13:36:51.279726408Z: [    0.000000]   Normal   empty
[STDERR  ] 2018-01-14T13:36:51.279741123Z: [    0.000000]   Device   empty
[STDERR  ] 2018-01-14T13:36:51.279752824Z: [    0.000000] Movable zone start for each node
[STDERR  ] 2018-01-14T13:36:51.279763031Z: [    0.000000] Early memory node ranges
[STDERR  ] 2018-01-14T13:36:51.279773718Z: [    0.000000]   node   0: [mem 0x0000000000001000-0x000000000009efff]
[STDERR  ] 2018-01-14T13:36:51.279784893Z: [    0.000000]   node   0: [mem 0x0000000000100000-0x000000003ffdefff]
[STDERR  ] 2018-01-14T13:36:51.279797228Z: [    0.000000] Initmem setup node 0 [mem 0x0000000000001000-0x000000003ffdefff]
[STDERR  ] 2018-01-14T13:36:51.279815258Z: [    0.000000] ACPI: PM-Timer IO Port: 0x608
[STDERR  ] 2018-01-14T13:36:51.279826071Z: [    0.000000] ACPI: LAPIC_NMI (acpi_id[0xff] dfl dfl lint[0x1])
[STDERR  ] 2018-01-14T13:36:51.279838014Z: [    0.000000] IOAPIC[0]: apic_id 0, version 32, address 0xfec00000, GSI 0-23
[STDERR  ] 2018-01-14T13:36:51.279848403Z: [    0.000000] ACPI: INT_SRC_OVR (bus 0 bus_irq 0 global_irq 2 dfl dfl)
[STDERR  ] 2018-01-14T13:36:51.279858234Z: [    0.000000] ACPI: INT_SRC_OVR (bus 0 bus_irq 5 global_irq 5 high level)
[STDERR  ] 2018-01-14T13:36:51.279867833Z: [    0.000000] ACPI: INT_SRC_OVR (bus 0 bus_irq 9 global_irq 9 high level)
[STDERR  ] 2018-01-14T13:36:51.279877341Z: [    0.000000] ACPI: INT_SRC_OVR (bus 0 bus_irq 10 global_irq 10 high level)
[STDERR  ] 2018-01-14T13:36:51.279887688Z: [    0.000000] ACPI: INT_SRC_OVR (bus 0 bus_irq 11 global_irq 11 high level)
[STDERR  ] 2018-01-14T13:36:51.279898221Z: [    0.000000] Using ACPI (MADT) for SMP configuration information
[STDERR  ] 2018-01-14T13:36:51.279907974Z: [    0.000000] ACPI: HPET id: 0x8086a201 base: 0xfed00000
[STDERR  ] 2018-01-14T13:36:51.279918243Z: [    0.000000] smpboot: Allowing 1 CPUs, 0 hotplug CPUs
[STDERR  ] 2018-01-14T13:36:51.279928483Z: [    0.000000] e820: [mem 0x40000000-0xafffffff] available for PCI devices
[STDERR  ] 2018-01-14T13:36:51.279939887Z: [    0.000000] Booting paravirtualized kernel on bare hardware
[STDERR  ] 2018-01-14T13:36:51.279950128Z: [    0.000000] clocksource: refined-jiffies: mask: 0xffffffff max_cycles: 0xffffffff, max_idle_ns: 19112604462750000 ns
[STDERR  ] 2018-01-14T13:36:51.279960285Z: [    0.000000] setup_percpu: NR_CPUS:128 nr_cpumask_bits:128 nr_cpu_ids:1 nr_node_ids:1
[STDERR  ] 2018-01-14T13:36:51.279976185Z: [    0.000000] percpu: Embedded 44 pages/cpu @ffff94fffe400000 s143064 r8192 d28968 u2097152
[STDERR  ] 2018-01-14T13:36:51.279987069Z: [    0.000000] Built 1 zonelists, mobility grouping on.  Total pages: 257896
[STDERR  ] 2018-01-14T13:36:51.279997596Z: [    0.000000] Kernel command line: console=ttyS0 console=ttyAMA0
[STDERR  ] 2018-01-14T13:36:51.280007992Z: [    0.000000] PID hash table entries: 4096 (order: 3, 32768 bytes)
[STDERR  ] 2018-01-14T13:36:51.280017995Z: [    0.000000] Dentry cache hash table entries: 131072 (order: 8, 1048576 bytes)
[STDERR  ] 2018-01-14T13:36:51.280028132Z: [    0.000000] Inode-cache hash table entries: 65536 (order: 7, 524288 bytes)
[STDERR  ] 2018-01-14T13:36:51.280038444Z: [    0.000000] Memory: 979300K/1048052K available (12300K kernel code, 1445K rwdata, 2952K rodata, 1488K init, 628K bss, 68752K reserved, 0K cma-reserved)
[STDERR  ] 2018-01-14T13:36:51.280052285Z: [    0.000000] ftrace: allocating 40626 entries in 159 pages
[STDERR  ] 2018-01-14T13:36:51.280062478Z: [    0.000000] Hierarchical RCU implementation.
[STDERR  ] 2018-01-14T13:36:51.280072411Z: [    0.000000] 	RCU restricting CPUs from NR_CPUS=128 to nr_cpu_ids=1.
[STDERR  ] 2018-01-14T13:36:51.280081978Z: [    0.000000] RCU: Adjusting geometry for rcu_fanout_leaf=16, nr_cpu_ids=1
[STDERR  ] 2018-01-14T13:36:51.280092664Z: [    0.000000] NR_IRQS: 8448, nr_irqs: 256, preallocated irqs: 16
[STDERR  ] 2018-01-14T13:36:51.280102444Z: [    0.000000] Console: colour VGA+ 80x25
[STDERR  ] 2018-01-14T13:36:51.280112888Z: [    0.000000] console [ttyS0] enabled
[STDERR  ] 2018-01-14T13:36:51.280122968Z: [    0.000000] clocksource: hpet: mask: 0xffffffff max_cycles: 0xffffffff, max_idle_ns: 19112604467 ns
[STDERR  ] 2018-01-14T13:36:51.280133326Z: [    0.000000] tsc: Fast TSC calibration using PIT
[STDERR  ] 2018-01-14T13:36:51.280143612Z: [    0.000000] tsc: Detected 2600.269 MHz processor
[STDERR  ] 2018-01-14T13:36:51.280153438Z: [    0.001701] Calibrating delay loop (skipped), value calculated using timer frequency.. 5200.53 BogoMIPS (lpj=26002690)
[STDERR  ] 2018-01-14T13:36:51.280163309Z: [    0.002320] pid_max: default: 32768 minimum: 301
[STDERR  ] 2018-01-14T13:36:51.280174021Z: [    0.003106] ACPI: Core revision 20170728
[STDERR  ] 2018-01-14T13:36:51.280183499Z: [    0.034365] ACPI: 1 ACPI AML tables successfully acquired and loaded
[STDERR  ] 2018-01-14T13:36:51.280199812Z: [    0.036584] Security Framework initialized
[STDERR  ] 2018-01-14T13:36:51.280209995Z: [    0.036974] Yama: becoming mindful.
[STDERR  ] 2018-01-14T13:36:51.280221088Z: [    0.039658] Mount-cache hash table entries: 2048 (order: 2, 16384 bytes)
[STDERR  ] 2018-01-14T13:36:51.280231579Z: [    0.040139] Mountpoint-cache hash table entries: 2048 (order: 2, 16384 bytes)
[STDERR  ] 2018-01-14T13:36:51.280241686Z: [    0.058504] Last level iTLB entries: 4KB 0, 2MB 0, 4MB 0
[STDERR  ] 2018-01-14T13:36:51.280252611Z: [    0.058829] Last level dTLB entries: 4KB 0, 2MB 0, 4MB 0, 1GB 0
[STDERR  ] 2018-01-14T13:36:51.280262777Z: [    0.360547] Freeing SMP alternatives memory: 20K
[STDERR  ] 2018-01-14T13:36:51.280273115Z: [    0.380394] smpboot: Max logical packages: 1
[STDERR  ] 2018-01-14T13:36:51.280282745Z: [    0.387163] ..TIMER: vector=0x30 apic1=0 pin1=2 apic2=-1 pin2=-1
[STDERR  ] 2018-01-14T13:36:51.280292926Z: [    0.490000] smpboot: CPU0: AMD QEMU Virtual CPU version 2.5+ (family: 0x6, model: 0x6, stepping: 0x3)
[STDERR  ] 2018-01-14T13:36:51.280303039Z: [    0.490000] Performance Events: PMU not available due to virtualization, using software events only.
[STDERR  ] 2018-01-14T13:36:51.280312825Z: [    0.491441] Hierarchical SRCU implementation.
[STDERR  ] 2018-01-14T13:36:51.280322143Z: [    0.496696] NMI watchdog: Perf event create on CPU 0 failed with -2
[STDERR  ] 2018-01-14T13:36:51.280331475Z: [    0.497106] NMI watchdog: Perf NMI watchdog permanently disabled
[STDERR  ] 2018-01-14T13:36:51.280342976Z: [    0.500446] smp: Bringing up secondary CPUs ...
[STDERR  ] 2018-01-14T13:36:51.280358836Z: [    0.500788] smp: Brought up 1 node, 1 CPU
[STDERR  ] 2018-01-14T13:36:51.280371782Z: [    0.501218] smpboot: Total of 1 processors activated (5200.53 BogoMIPS)
[STDERR  ] 2018-01-14T13:36:51.280382417Z: [    0.517276] devtmpfs: initialized
[STDERR  ] 2018-01-14T13:36:51.280394012Z: [    0.523479] x86/mm: Memory block size: 128MB
[STDERR  ] 2018-01-14T13:36:51.280404187Z: [    0.531362] clocksource: jiffies: mask: 0xffffffff max_cycles: 0xffffffff, max_idle_ns: 19112604462750000 ns
[STDERR  ] 2018-01-14T13:36:51.280414083Z: [    0.532147] futex hash table entries: 256 (order: 2, 16384 bytes)
[STDERR  ] 2018-01-14T13:36:51.2804432Z: [    0.541130] NET: Registered protocol family 16
[STDERR  ] 2018-01-14T13:36:51.280456049Z: [    0.546954] cpuidle: using governor ladder
[STDERR  ] 2018-01-14T13:36:51.280466297Z: [    0.547407] cpuidle: using governor menu
[STDERR  ] 2018-01-14T13:36:51.280476192Z: [    0.548751] ACPI: bus type PCI registered
[STDERR  ] 2018-01-14T13:36:51.280485877Z: [    0.551269] PCI: MMCONFIG for domain 0000 [bus 00-ff] at [mem 0xb0000000-0xbfffffff] (base 0xb0000000)
[STDERR  ] 2018-01-14T13:36:51.280492742Z: [    0.552070] PCI: MMCONFIG at [mem 0xb0000000-0xbfffffff] reserved in E820
[STDERR  ] 2018-01-14T13:36:51.280500582Z: [    0.552982] PCI: Using configuration type 1 for base access
[STDERR  ] 2018-01-14T13:36:51.280507746Z: [    0.595556] HugeTLB registered 2.00 MiB page size, pre-allocated 0 pages
[STDERR  ] 2018-01-14T13:36:51.280514075Z: [    0.606815] ACPI: Added _OSI(Module Device)
[STDERR  ] 2018-01-14T13:36:51.280520657Z: [    0.607122] ACPI: Added _OSI(Processor Device)
[STDERR  ] 2018-01-14T13:36:51.280527179Z: [    0.607471] ACPI: Added _OSI(3.0 _SCP Extensions)
[STDERR  ] 2018-01-14T13:36:51.280533306Z: [    0.607783] ACPI: Added _OSI(Processor Aggregator Device)
[STDERR  ] 2018-01-14T13:36:51.280539956Z: [    0.655185] ACPI: Interpreter enabled
[STDERR  ] 2018-01-14T13:36:51.280546797Z: [    0.656132] ACPI: (supports S0 S5)
[STDERR  ] 2018-01-14T13:36:51.280553361Z: [    0.656939] ACPI: Using IOAPIC for interrupt routing
[STDERR  ] 2018-01-14T13:36:51.280560063Z: [    0.659425] PCI: Using host bridge windows from ACPI; if necessary, use "pci=nocrs" and report a bug
[STDERR  ] 2018-01-14T13:36:51.280566451Z: [    0.663376] ACPI: Enabled 1 GPEs in block 00 to 3F
[STDERR  ] 2018-01-14T13:36:51.280572657Z: [    0.709016] ACPI: PCI Root Bridge [PCI0] (domain 0000 [bus 00-ff])
[STDERR  ] 2018-01-14T13:36:51.280584337Z: [    0.710333] acpi PNP0A08:00: _OSC: OS supports [ExtendedConfig ASPM ClockPM Segments MSI]
[STDERR  ] 2018-01-14T13:36:51.28059134Z: [    0.715048] acpi PNP0A08:00: _OSC: OS now controls [PCIeHotplug PME PCIeCapability]
[STDERR  ] 2018-01-14T13:36:51.280597816Z: [    0.718347] PCI host bridge to bus 0000:00
[STDERR  ] 2018-01-14T13:36:51.280604174Z: [    0.718908] pci_bus 0000:00: root bus resource [io  0x0000-0x0cf7 window]
[STDERR  ] 2018-01-14T13:36:51.280613064Z: [    0.719360] pci_bus 0000:00: root bus resource [io  0x0d00-0xffff window]
[STDERR  ] 2018-01-14T13:36:51.280623367Z: [    0.719811] pci_bus 0000:00: root bus resource [mem 0x000a0000-0x000bffff window]
[STDERR  ] 2018-01-14T13:36:51.280643176Z: [    0.720138] pci_bus 0000:00: root bus resource [mem 0xc0000000-0xfebfffff window]
[STDERR  ] 2018-01-14T13:36:51.280660641Z: [    0.720775] pci_bus 0000:00: root bus resource [bus 00-ff]
[STDERR  ] 2018-01-14T13:36:51.280666916Z: [    0.845306] pci 0000:00:1f.0: quirk: [io  0x0600-0x067f] claimed by ICH6 ACPI/GPIO/TCO
[STDERR  ] 2018-01-14T13:36:51.280673286Z: [    0.916640] ACPI: PCI Interrupt Link [LNKA] (IRQs 5 *10 11)
[STDERR  ] 2018-01-14T13:36:51.280679487Z: [    0.918807] ACPI: PCI Interrupt Link [LNKB] (IRQs 5 *10 11)
[STDERR  ] 2018-01-14T13:36:51.280685764Z: [    0.922010] ACPI: PCI Interrupt Link [LNKC] (IRQs 5 10 *11)
[STDERR  ] 2018-01-14T13:36:51.280691734Z: [    0.923545] ACPI: PCI Interrupt Link [LNKD] (IRQs 5 10 *11)
[STDERR  ] 2018-01-14T13:36:51.280697846Z: [    0.924854] ACPI: PCI Interrupt Link [LNKE] (IRQs 5 *10 11)
[STDERR  ] 2018-01-14T13:36:51.280711498Z: [    0.926099] ACPI: PCI Interrupt Link [LNKF] (IRQs 5 *10 11)
[STDERR  ] 2018-01-14T13:36:51.280718338Z: [    0.927443] ACPI: PCI Interrupt Link [LNKG] (IRQs 5 10 *11)
[STDERR  ] 2018-01-14T13:36:51.280724713Z: [    0.928785] ACPI: PCI Interrupt Link [LNKH] (IRQs 5 10 *11)
[STDERR  ] 2018-01-14T13:36:51.280731113Z: [    0.929539] ACPI: PCI Interrupt Link [GSIA] (IRQs *16)
[STDERR  ] 2018-01-14T13:36:51.28073734Z: [    0.930341] ACPI: PCI Interrupt Link [GSIB] (IRQs *17)
[STDERR  ] 2018-01-14T13:36:51.280743648Z: [    0.930930] ACPI: PCI Interrupt Link [GSIC] (IRQs *18)
[STDERR  ] 2018-01-14T13:36:51.280749636Z: [    0.931568] ACPI: PCI Interrupt Link [GSID] (IRQs *19)
[STDERR  ] 2018-01-14T13:36:51.280755768Z: [    0.932152] ACPI: PCI Interrupt Link [GSIE] (IRQs *20)
[STDERR  ] 2018-01-14T13:36:51.280762703Z: [    0.932751] ACPI: PCI Interrupt Link [GSIF] (IRQs *21)
[STDERR  ] 2018-01-14T13:36:51.280769323Z: [    0.933363] ACPI: PCI Interrupt Link [GSIG] (IRQs *22)
[STDERR  ] 2018-01-14T13:36:51.280775343Z: [    0.934006] ACPI: PCI Interrupt Link [GSIH] (IRQs *23)
[STDERR  ] 2018-01-14T13:36:51.280781483Z: [    0.941269] SCSI subsystem initialized
[STDERR  ] 2018-01-14T13:36:51.280787961Z: [    0.944708] ACPI: bus type USB registered
[STDERR  ] 2018-01-14T13:36:51.280842172Z: [    0.946045] usbcore: registered new interface driver usbfs
[STDERR  ] 2018-01-14T13:36:51.280849099Z: [    0.946941] usbcore: registered new interface driver hub
[STDERR  ] 2018-01-14T13:36:51.280855601Z: [    0.947778] usbcore: registered new device driver usb
[STDERR  ] 2018-01-14T13:36:51.280861772Z: [    0.948665] pps_core: LinuxPPS API ver. 1 registered
[STDERR  ] 2018-01-14T13:36:51.280868171Z: [    0.949065] pps_core: Software ver. 5.3.6 - Copyright 2005-2007 Rodolfo Giometti <giometti@linux.it>
[STDERR  ] 2018-01-14T13:36:51.280874302Z: [    0.949805] PTP clock support registered
[STDERR  ] 2018-01-14T13:36:51.280880777Z: [    0.952226] PCI: Using ACPI for IRQ routing
[STDERR  ] 2018-01-14T13:36:51.280886925Z: [    0.965281] NetLabel: Initializing
[STDERR  ] 2018-01-14T13:36:51.280908058Z: [    0.965529] NetLabel:  domain hash size = 128
[STDERR  ] 2018-01-14T13:36:51.280914822Z: [    0.965861] NetLabel:  protocols = UNLABELED CIPSOv4 CALIPSO
[STDERR  ] 2018-01-14T13:36:51.280921728Z: [    0.968819] NetLabel:  unlabeled traffic allowed by default
[STDERR  ] 2018-01-14T13:36:51.280933048Z: [    0.970372] HPET: 3 timers in total, 0 timers will be used for per-cpu timer
[STDERR  ] 2018-01-14T13:36:51.280939777Z: [    0.971089] hpet0: at MMIO 0xfed00000, IRQs 2, 8, 0
[STDERR  ] 2018-01-14T13:36:51.280946228Z: [    0.971489] hpet0: 3 comparators, 64-bit 100.000000 MHz counter
[STDERR  ] 2018-01-14T13:36:51.280955587Z: [    0.976554] clocksource: Switched to clocksource hpet
[STDERR  ] 2018-01-14T13:36:51.280962108Z: [    1.162104] VFS: Disk quotas dquot_6.6.0
[STDERR  ] 2018-01-14T13:36:51.280968359Z: [    1.162903] VFS: Dquot-cache hash table entries: 512 (order 0, 4096 bytes)
[STDERR  ] 2018-01-14T13:36:51.280974797Z: [    1.166268] FS-Cache: Loaded
[STDERR  ] 2018-01-14T13:36:51.280981384Z: [    1.171565] CacheFiles: Loaded
[STDERR  ] 2018-01-14T13:36:51.280987774Z: [    1.172686] pnp: PnP ACPI init
[STDERR  ] 2018-01-14T13:36:51.280993859Z: [    1.180622] pnp: PnP ACPI: found 5 devices
[STDERR  ] 2018-01-14T13:36:51.280999934Z: [    1.219129] clocksource: acpi_pm: mask: 0xffffff max_cycles: 0xffffff, max_idle_ns: 2085701024 ns
[STDERR  ] 2018-01-14T13:36:51.281009255Z: [    1.222926] NET: Registered protocol family 2
[STDERR  ] 2018-01-14T13:36:51.281015525Z: [    1.229966] TCP established hash table entries: 8192 (order: 4, 65536 bytes)
[STDERR  ] 2018-01-14T13:36:51.281022067Z: [    1.231086] TCP bind hash table entries: 8192 (order: 5, 131072 bytes)
[STDERR  ] 2018-01-14T13:36:51.281028421Z: [    1.231787] TCP: Hash tables configured (established 8192 bind 8192)
[STDERR  ] 2018-01-14T13:36:51.281034497Z: [    1.234275] UDP hash table entries: 512 (order: 2, 16384 bytes)
[STDERR  ] 2018-01-14T13:36:51.281044172Z: [    1.235033] UDP-Lite hash table entries: 512 (order: 2, 16384 bytes)
[STDERR  ] 2018-01-14T13:36:51.281050809Z: [    1.237416] NET: Registered protocol family 1
[STDERR  ] 2018-01-14T13:36:51.281056927Z: [    1.238375] pci 0000:00:01.0: Video device with shadowed ROM at [mem 0x000c0000-0x000dffff]
[STDERR  ] 2018-01-14T13:36:51.281063344Z: [    1.243912] Trying to unpack rootfs image as initramfs...
[STDERR  ] 2018-01-14T13:36:51.281070441Z: [    5.178844] Freeing initrd memory: 25572K
[STDERR  ] 2018-01-14T13:36:51.281076752Z: [    5.203723] PCLMULQDQ-NI instructions are not detected.
[STDERR  ] 2018-01-14T13:36:51.281083215Z: [    5.205376] AVX or AES-NI instructions are not detected.
[STDERR  ] 2018-01-14T13:36:51.281089641Z: [    5.205933] CPU feature 'AVX registers' is not supported.
[STDERR  ] 2018-01-14T13:36:51.281095869Z: [    5.206361] CPU feature 'AVX registers' is not supported.
[STDERR  ] 2018-01-14T13:36:51.281102099Z: [    5.206768] CPU feature 'AVX registers' is not supported.
[STDERR  ] 2018-01-14T13:36:51.281108206Z: [    5.207186] CPU feature 'AVX registers' is not supported.
[STDERR  ] 2018-01-14T13:36:51.281114405Z: [    5.207645] AVX2 or AES-NI instructions are not detected.
[STDERR  ] 2018-01-14T13:36:51.281120573Z: [    5.208093] AVX2 instructions are not detected.
[STDERR  ] 2018-01-14T13:36:51.28112687Z: [    5.214656] audit: initializing netlink subsys (disabled)
[STDERR  ] 2018-01-14T13:36:51.281132946Z: [    5.220056] audit: type=2000 audit(1515936980.210:1): state=initialized audit_enabled=0 res=1
[STDERR  ] 2018-01-14T13:36:51.281139265Z: [    5.222204] workingset: timestamp_bits=46 max_order=18 bucket_order=0
[STDERR  ] 2018-01-14T13:36:51.281145646Z: [    5.226144] squashfs: version 4.0 (2009/01/31) Phillip Lougher
[STDERR  ] 2018-01-14T13:36:51.281152272Z: [    5.228567] FS-Cache: Netfs 'cifs' registered for caching
[STDERR  ] 2018-01-14T13:36:51.281158496Z: [    5.229504] fuse init (API version 7.26)
[STDERR  ] 2018-01-14T13:36:51.281164678Z: [    5.232265] SGI XFS with ACLs, security attributes, no debug enabled
[STDERR  ] 2018-01-14T13:36:51.281171426Z: [    5.235789] 9p: Installing v9fs 9p2000 file system support
[STDERR  ] 2018-01-14T13:36:51.281177566Z: [    5.236216] FS-Cache: Netfs '9p' registered for caching
[STDERR  ] 2018-01-14T13:36:51.281183549Z: [    5.272738] NET: Registered protocol family 38
[STDERR  ] 2018-01-14T13:36:51.281193082Z: [    5.273370] Key type asymmetric registered
[STDERR  ] 2018-01-14T13:36:51.281199492Z: [    5.273737] Asymmetric key parser 'x509' registered
[STDERR  ] 2018-01-14T13:36:51.281205665Z: [    5.274552] Block layer SCSI generic (bsg) driver version 0.4 loaded (major 248)
[STDERR  ] 2018-01-14T13:36:51.281211606Z: [    5.276366] io scheduler noop registered
[STDERR  ] 2018-01-14T13:36:51.281218008Z: [    5.276731] io scheduler deadline registered (default)
[STDERR  ] 2018-01-14T13:36:51.281224132Z: [    5.277679] io scheduler cfq registered
[STDERR  ] 2018-01-14T13:36:51.281230292Z: [    5.278015] io scheduler mq-deadline registered
[STDERR  ] 2018-01-14T13:36:51.281238378Z: [    5.278337] io scheduler kyber registered
[STDERR  ] 2018-01-14T13:36:51.281248126Z: [    5.282137] shpchp: Standard Hot Plug PCI Controller Driver version: 0.4
[STDERR  ] 2018-01-14T13:36:51.281258163Z: [    5.282925] hv_vmbus: registering driver hyperv_fb
[STDERR  ] 2018-01-14T13:36:51.281265363Z: [    5.285642] input: Power Button as /devices/LNXSYSTM:00/LNXPWRBN:00/input/input0
[STDERR  ] 2018-01-14T13:36:51.281271843Z: [    5.288388] ACPI: Power Button [PWRF]
[STDERR  ] 2018-01-14T13:36:51.281278268Z: [    5.301754] ACPI: PCI Interrupt Link [GSIG] enabled at IRQ 22
[STDERR  ] 2018-01-14T13:36:51.281287196Z: [    5.309859] ACPI: PCI Interrupt Link [GSIH] enabled at IRQ 23
[STDERR  ] 2018-01-14T13:36:51.281293865Z: [    5.315075] Serial: 8250/16550 driver, 4 ports, IRQ sharing disabled
[STDERR  ] 2018-01-14T13:36:51.2813002Z: [    5.339078] 00:04: ttyS0 at I/O 0x3f8 (irq = 4, base_baud = 115200) is a 16550A
[STDERR  ] 2018-01-14T13:36:51.281312485Z: [    5.348902] Non-volatile memory driver v1.3
[STDERR  ] 2018-01-14T13:36:51.281322236Z: [    5.356569] Hangcheck: starting hangcheck timer 0.9.1 (tick is 180 seconds, margin is 60 seconds).
[STDERR  ] 2018-01-14T13:36:51.281333035Z: [    5.369593] random: crng init done
[STDERR  ] 2018-01-14T13:36:51.281343709Z: [    5.409749] brd: module loaded
[STDERR  ] 2018-01-14T13:36:51.281353745Z: [    5.437486] loop: module loaded
[STDERR  ] 2018-01-14T13:36:51.281363652Z: [    5.484847] lpc_ich 0000:00:1f.0: I/O space for GPIO uninitialized
[STDERR  ] 2018-01-14T13:36:51.281370748Z: [    5.487341] VMware PVSCSI driver - version 1.0.7.0-k
[STDERR  ] 2018-01-14T13:36:51.281378299Z: [    5.488141] hv_vmbus: registering driver hv_storvsc
[STDERR  ] 2018-01-14T13:36:51.281384676Z: [    5.494786] ACPI: PCI Interrupt Link [GSIA] enabled at IRQ 16
[STDERR  ] 2018-01-14T13:36:51.281390586Z: [    5.501363] ahci 0000:00:1f.2: AHCI 0001.0000 32 slots 6 ports 1.5 Gbps 0x3f impl SATA mode
[STDERR  ] 2018-01-14T13:36:51.281396917Z: [    5.502041] ahci 0000:00:1f.2: flags: 64bit ncq only 
[STDERR  ] 2018-01-14T13:36:51.281402893Z: [    5.516432] scsi host0: ahci
[STDERR  ] 2018-01-14T13:36:51.281409386Z: [    5.519154] scsi host1: ahci
[STDERR  ] 2018-01-14T13:36:51.281415804Z: [    5.521749] scsi host2: ahci
[STDERR  ] 2018-01-14T13:36:51.281421801Z: [    5.524132] scsi host3: ahci
[STDERR  ] 2018-01-14T13:36:51.281427679Z: [    5.525927] scsi host4: ahci
[STDERR  ] 2018-01-14T13:36:51.281433783Z: [    5.527629] scsi host5: ahci
[STDERR  ] 2018-01-14T13:36:51.281441733Z: [    5.528825] ata1: SATA max UDMA/133 abar m4096@0xfebd2000 port 0xfebd2100 irq 24
[STDERR  ] 2018-01-14T13:36:51.281448434Z: [    5.529331] ata2: SATA max UDMA/133 abar m4096@0xfebd2000 port 0xfebd2180 irq 24
[STDERR  ] 2018-01-14T13:36:51.281454666Z: [    5.529792] ata3: SATA max UDMA/133 abar m4096@0xfebd2000 port 0xfebd2200 irq 24
[STDERR  ] 2018-01-14T13:36:51.281466443Z: [    5.530510] ata4: SATA max UDMA/133 abar m4096@0xfebd2000 port 0xfebd2280 irq 24
[STDERR  ] 2018-01-14T13:36:51.281472589Z: [    5.530936] ata5: SATA max UDMA/133 abar m4096@0xfebd2000 port 0xfebd2300 irq 24
[STDERR  ] 2018-01-14T13:36:51.281480019Z: [    5.531366] ata6: SATA max UDMA/133 abar m4096@0xfebd2000 port 0xfebd2380 irq 24
[STDERR  ] 2018-01-14T13:36:51.281486384Z: [    5.541920] tun: Universal TUN/TAP device driver, 1.6
[STDERR  ] 2018-01-14T13:36:51.281496729Z: [    5.552163] VMware vmxnet3 virtual NIC driver - version 1.4.a.0-k-NAPI
[STDERR  ] 2018-01-14T13:36:51.28150343Z: [    5.553509] hv_vmbus: registering driver hv_netvsc
[STDERR  ] 2018-01-14T13:36:51.281510501Z: [    5.553814] Fusion MPT base driver 3.04.20
[STDERR  ] 2018-01-14T13:36:51.281516844Z: [    5.554090] Copyright (c) 1999-2008 LSI Corporation
[STDERR  ] 2018-01-14T13:36:51.281522943Z: [    5.554713] Fusion MPT SPI Host driver 3.04.20
[STDERR  ] 2018-01-14T13:36:51.281529109Z: [    5.556666] i8042: PNP: PS/2 Controller [PNP0303:KBD,PNP0f13:MOU] at 0x60,0x64 irq 1,12
[STDERR  ] 2018-01-14T13:36:51.28153549Z: [    5.561147] serio: i8042 KBD port at 0x60,0x64 irq 1
[STDERR  ] 2018-01-14T13:36:51.281542066Z: [    5.561760] serio: i8042 AUX port at 0x60,0x64 irq 12
[STDERR  ] 2018-01-14T13:36:51.281548494Z: [    5.563934] hv_vmbus: registering driver hyperv_keyboard
[STDERR  ] 2018-01-14T13:36:51.281554459Z: [    5.565788] mousedev: PS/2 mouse device common for all mice
[STDERR  ] 2018-01-14T13:36:51.281560656Z: [    5.569556] input: AT Translated Set 2 keyboard as /devices/platform/i8042/serio0/input/input1
[STDERR  ] 2018-01-14T13:36:51.281566816Z: [    5.571416] input: PC Speaker as /devices/platform/pcspkr/input/input2
[STDERR  ] 2018-01-14T13:36:51.281573363Z: [    5.575636] rtc_cmos 00:00: RTC can wake from S4
[STDERR  ] 2018-01-14T13:36:51.281579404Z: [    5.578410] rtc_cmos 00:00: rtc core: registered rtc_cmos as rtc0
[STDERR  ] 2018-01-14T13:36:51.28158665Z: [    5.579652] rtc_cmos 00:00: alarms up to one day, y3k, 114 bytes nvram, hpet irqs
[STDERR  ] 2018-01-14T13:36:51.281592871Z: [    5.580612] i2c /dev entries driver
[STDERR  ] 2018-01-14T13:36:51.281606936Z: [    5.582471] device-mapper: ioctl: 4.37.0-ioctl (2017-09-20) initialised: dm-devel@redhat.com
[STDERR  ] 2018-01-14T13:36:51.281616556Z: [    5.586368] usbcore: registered new interface driver usbhid
[STDERR  ] 2018-01-14T13:36:51.281635811Z: [    5.586723] usbhid: USB HID core driver
[STDERR  ] 2018-01-14T13:36:51.281646503Z: [    5.587533] hv_utils: Registering HyperV Utility Driver
[STDERR  ] 2018-01-14T13:36:51.281652987Z: [    5.587793] hv_vmbus: registering driver hv_util
[STDERR  ] 2018-01-14T13:36:51.281659071Z: [    5.588135] hv_vmbus: registering driver hv_balloon
[STDERR  ] 2018-01-14T13:36:51.281665305Z: [    5.588755] oprofile: using NMI interrupt.
[STDERR  ] 2018-01-14T13:36:51.281671734Z: [    5.589974] GACT probability on
[STDERR  ] 2018-01-14T13:36:51.281678998Z: [    5.590771] Mirror/redirect action on
[STDERR  ] 2018-01-14T13:36:51.281685115Z: [    5.591400] Simple TC action Loaded
[STDERR  ] 2018-01-14T13:36:51.281691187Z: [    5.591968] u32 classifier
[STDERR  ] 2018-01-14T13:36:51.281697302Z: [    5.592159]     Performance counters on
[STDERR  ] 2018-01-14T13:36:51.281703527Z: [    5.592415]     input device check on
[STDERR  ] 2018-01-14T13:36:51.281710001Z: [    5.592688]     Actions configured
[STDERR  ] 2018-01-14T13:36:51.281716078Z: [    5.593359] Netfilter messages via NETLINK v0.30.
[STDERR  ] 2018-01-14T13:36:51.281722181Z: [    5.593842] nfnl_acct: registering with nfnetlink.
[STDERR  ] 2018-01-14T13:36:51.281728224Z: [    5.595029] nf_conntrack version 0.5.0 (8192 buckets, 32768 max)
[STDERR  ] 2018-01-14T13:36:51.281734592Z: [    5.597484] ctnetlink v0.93: registering with nfnetlink.
[STDERR  ] 2018-01-14T13:36:51.281740772Z: [    5.600596] nf_tables: (c) 2007-2009 Patrick McHardy <kaber@trash.net>
[STDERR  ] 2018-01-14T13:36:51.281746848Z: [    5.601504] nf_tables_compat: (c) 2012 Pablo Neira Ayuso <pablo@netfilter.org>
[STDERR  ] 2018-01-14T13:36:51.281752855Z: [    5.603849] xt_time: kernel timezone is -0000
[STDERR  ] 2018-01-14T13:36:51.281760985Z: [    5.604449] ip_set: protocol 6
[STDERR  ] 2018-01-14T13:36:51.281785614Z: [    5.605200] IPVS: Registered protocols (TCP, UDP, SCTP, AH, ESP)
[STDERR  ] 2018-01-14T13:36:51.281793161Z: [    5.605806] IPVS: Connection hash table configured (size=4096, memory=64Kbytes)
[STDERR  ] 2018-01-14T13:36:51.281803612Z: [    5.610392] IPVS: ipvs loaded.
[STDERR  ] 2018-01-14T13:36:51.281814731Z: [    5.610960] IPVS: [rr] scheduler registered.
[STDERR  ] 2018-01-14T13:36:51.281820807Z: [    5.611305] IPVS: [wrr] scheduler registered.
[STDERR  ] 2018-01-14T13:36:51.281826801Z: [    5.611591] IPVS: [lc] scheduler registered.
[STDERR  ] 2018-01-14T13:36:51.281832911Z: [    5.611857] IPVS: [wlc] scheduler registered.
[STDERR  ] 2018-01-14T13:36:51.281839178Z: [    5.612047] IPVS: [fo] scheduler registered.
[STDERR  ] 2018-01-14T13:36:51.28184511Z: [    5.612296] IPVS: [ovf] scheduler registered.
[STDERR  ] 2018-01-14T13:36:51.281854091Z: [    5.612785] IPVS: [lblc] scheduler registered.
[STDERR  ] 2018-01-14T13:36:51.281860674Z: [    5.613277] IPVS: [lblcr] scheduler registered.
[STDERR  ] 2018-01-14T13:36:51.281866774Z: [    5.613650] IPVS: [dh] scheduler registered.
[STDERR  ] 2018-01-14T13:36:51.281872907Z: [    5.613895] IPVS: [sh] scheduler registered.
[STDERR  ] 2018-01-14T13:36:51.281879097Z: [    5.614148] IPVS: [sed] scheduler registered.
[STDERR  ] 2018-01-14T13:36:51.281885054Z: [    5.614389] IPVS: [nq] scheduler registered.
[STDERR  ] 2018-01-14T13:36:51.28189117Z: [    5.615210] IPVS: ftp: loaded support on port[0] = 21
[STDERR  ] 2018-01-14T13:36:51.281897561Z: [    5.616066] ipip: IPv4 and MPLS over IPv4 tunneling driver
[STDERR  ] 2018-01-14T13:36:51.281904164Z: [    5.619299] gre: GRE over IPv4 demultiplexor driver
[STDERR  ] 2018-01-14T13:36:51.28191021Z: [    5.622357] ip_tables: (C) 2000-2006 Netfilter Core Team
[STDERR  ] 2018-01-14T13:36:51.281916185Z: [    5.625747] ipt_CLUSTERIP: ClusterIP Version 0.8 loaded successfully
[STDERR  ] 2018-01-14T13:36:51.281925455Z: [    5.626372] arp_tables: arp_tables: (C) 2002 David S. Miller
[STDERR  ] 2018-01-14T13:36:51.281931655Z: [    5.628662] NET: Registered protocol family 10
[STDERR  ] 2018-01-14T13:36:51.281937663Z: [    5.637546] Segment Routing with IPv6
[STDERR  ] 2018-01-14T13:36:51.281946236Z: [    5.638442] ip6_tables: (C) 2000-2006 Netfilter Core Team
[STDERR  ] 2018-01-14T13:36:51.281952493Z: [    5.645396] NET: Registered protocol family 17
[STDERR  ] 2018-01-14T13:36:51.281958592Z: [    5.646481] Bridge firewalling registered
[STDERR  ] 2018-01-14T13:36:51.281964675Z: [    5.646991] Ebtables v2.0 registered
[STDERR  ] 2018-01-14T13:36:51.281970649Z: [    5.648900] 8021q: 802.1Q VLAN Support v1.8
[STDERR  ] 2018-01-14T13:36:51.281976581Z: [    5.650549] 9pnet: Installing 9P2000 support
[STDERR  ] 2018-01-14T13:36:51.281982622Z: [    5.652230] Key type dns_resolver registered
[STDERR  ] 2018-01-14T13:36:51.281988508Z: [    5.653629] sched_clock: Marking stable (5650166970, 0)->(5771964423, -121797453)
[STDERR  ] 2018-01-14T13:36:51.281995472Z: [    5.656814] registered taskstats version 1
[STDERR  ] 2018-01-14T13:36:51.282001466Z: [    5.851865] Key type big_key registered
[STDERR  ] 2018-01-14T13:36:51.282007536Z: [    5.864286] ata2: SATA link down (SStatus 0 SControl 300)
[STDERR  ] 2018-01-14T13:36:51.282013583Z: [    5.866313] ata1: SATA link down (SStatus 0 SControl 300)
[STDERR  ] 2018-01-14T13:36:51.282019976Z: [    5.874275] ata4: SATA link down (SStatus 0 SControl 300)
[STDERR  ] 2018-01-14T13:36:51.282029471Z: [    5.875151] ata3: SATA link up 1.5 Gbps (SStatus 113 SControl 300)
[STDERR  ] 2018-01-14T13:36:51.282036243Z: [    5.878776] ata3.00: ATAPI: QEMU DVD-ROM, 2.5+, max UDMA/100
[STDERR  ] 2018-01-14T13:36:51.282042809Z: [    5.879322] ata3.00: applying bridge limits
[STDERR  ] 2018-01-14T13:36:51.282048962Z: [    5.882935] ata6: SATA link down (SStatus 0 SControl 300)
[STDERR  ] 2018-01-14T13:36:51.282054971Z: [    5.883530] ata5: SATA link down (SStatus 0 SControl 300)
[STDERR  ] 2018-01-14T13:36:51.282061068Z: [    5.891105] ata3.00: configured for UDMA/100
[STDERR  ] 2018-01-14T13:36:51.282067001Z: [    5.911633] scsi 2:0:0:0: CD-ROM            QEMU     QEMU DVD-ROM     2.5+ PQ: 0 ANSI: 5
[STDERR  ] 2018-01-14T13:36:51.282073398Z: [    5.933714] sr 2:0:0:0: [sr0] scsi3-mmc drive: 4x/4x cd/rw xa/form2 tray
[STDERR  ] 2018-01-14T13:36:51.282079525Z: [    5.934469] cdrom: Uniform CD-ROM driver Revision: 3.20
[STDERR  ] 2018-01-14T13:36:51.282090783Z: [    5.943939] sr 2:0:0:0: Attached scsi generic sg0 type 5
[STDERR  ] 2018-01-14T13:36:51.282100782Z: [    5.969291] Key type encrypted registered
[STDERR  ] 2018-01-14T13:36:51.282111799Z: [    5.975671] rtc_cmos 00:00: setting system clock to 2018-01-14 13:36:21 UTC (1515936981)
[STDERR  ] 2018-01-14T13:36:51.282122309Z: [    6.127046] Freeing unused kernel memory: 1488K
[STDERR  ] 2018-01-14T13:36:51.282134576Z: [    6.127440] Write protecting the kernel read-only data: 18432k
[STDERR  ] 2018-01-14T13:36:51.282142461Z: [    6.141787] Freeing unused kernel memory: 2028K
[STDERR  ] 2018-01-14T13:36:51.282148469Z: [    6.176362] Freeing unused kernel memory: 1144K
[STDERR  ] 2018-01-14T13:36:51.282154432Z: [    6.240757] tsc: Refined TSC clocksource calibration: 2599.992 MHz
[STDERR  ] 2018-01-14T13:36:51.282160516Z: [    6.241443] clocksource: tsc: mask: 0xffffffffffffffff max_cycles: 0x257a34a6eea, max_idle_ns: 440795264358 ns
[STDERR  ] 2018-01-14T13:36:51.282167029Z: [    7.256156] clocksource: Switched to clocksource tsc
[STDERR  ] 2018-01-14T13:36:51.282172961Z: 
[STDERR  ] 2018-01-14T13:36:51.282179021Z: Welcome to LinuxKit
[STDERR  ] 2018-01-14T13:36:51.282185029Z: 
[STDERR  ] 2018-01-14T13:36:51.282190915Z:                         ##         .
[STDERR  ] 2018-01-14T13:36:51.282197111Z:                   ## ## ##        ==
[STDERR  ] 2018-01-14T13:36:51.282203411Z:                ## ## ## ## ##    ===
[STDERR  ] 2018-01-14T13:36:51.282209161Z:            /"""""""""""""""""\___/ ===
[STDERR  ] 2018-01-14T13:36:51.282215223Z:           {                       /  ===-
[STDERR  ] 2018-01-14T13:36:51.282224659Z:            \______ O           __/
[STDERR  ] 2018-01-14T13:36:51.282232923Z:              \    \         __/
[STDERR  ] 2018-01-14T13:36:51.28223934Z:               \____\_______/
[STDERR  ] 2018-01-14T13:36:51.282245603Z: 
[STDERR  ] 2018-01-14T13:36:51.282251422Z: starting kernel config sanity test with /proc/config.gz
[STDERR  ] 2018-01-14T13:36:51.28225752Z: [   18.112952] RPC: Registered named UNIX socket transport module.
[STDERR  ] 2018-01-14T13:36:51.282264336Z: [   18.113458] RPC: Registered udp transport module.
[STDERR  ] 2018-01-14T13:36:51.282270342Z: [   18.113781] RPC: Registered tcp transport module.
[STDERR  ] 2018-01-14T13:36:51.282276214Z: [   18.114070] RPC: Registered tcp NFSv4.1 backchannel transport module.
[STDERR  ] 2018-01-14T13:36:51.282282674Z: [   18.224475] FS-Cache: Netfs 'nfs' registered for caching
[STDERR  ] 2018-01-14T13:36:51.282288777Z: [   18.346761] Installing knfsd (copyright (C) 1996 okir@monad.swb.de).
[STDERR  ] 2018-01-14T13:36:51.28229507Z: [   18.410899] ntfs: driver 2.1.32 [Flags: R/O MODULE].
[STDERR  ] 2018-01-14T13:36:51.282308442Z: kernel config test succeeded!
[STDERR  ] 2018-01-14T13:36:51.28231444Z: [37minfo: reading kernel config from /proc/config.gz ...[m
[STDERR  ] 2018-01-14T13:36:51.282320737Z: 
[STDERR  ] 2018-01-14T13:36:51.282326739Z: Generally Necessary:
[STDERR  ] 2018-01-14T13:36:51.282332703Z: - [37mcgroup hierarchy[m: [32mproperly mounted[m [/sys/fs/cgroup]
[STDERR  ] 2018-01-14T13:36:51.282338767Z: - [37mCONFIG_NAMESPACES[m: [32menabled[m
[STDERR  ] 2018-01-14T13:36:51.282344579Z: - [37mCONFIG_NET_NS[m: [32menabled[m
[STDERR  ] 2018-01-14T13:36:51.282350609Z: - [37mCONFIG_PID_NS[m: [32menabled[m
[STDERR  ] 2018-01-14T13:36:51.282356442Z: - [37mCONFIG_IPC_NS[m: [32menabled[m
[STDERR  ] 2018-01-14T13:36:51.282362689Z: - [37mCONFIG_UTS_NS[m: [32menabled[m
[STDERR  ] 2018-01-14T13:36:51.282368667Z: - [37mCONFIG_CGROUPS[m: [32menabled[m
[STDERR  ] 2018-01-14T13:36:51.282374834Z: - [37mCONFIG_CGROUP_CPUACCT[m: [32menabled[m
[STDERR  ] 2018-01-14T13:36:51.282380866Z: - [37mCONFIG_CGROUP_DEVICE[m: [32menabled[m
[STDERR  ] 2018-01-14T13:36:51.28238699Z: - [37mCONFIG_CGROUP_FREEZER[m: [32menabled[m
[STDERR  ] 2018-01-14T13:36:51.282393077Z: - [37mCONFIG_CGROUP_SCHED[m: [32menabled[m
[STDERR  ] 2018-01-14T13:36:51.282399097Z: - [37mCONFIG_CPUSETS[m: [32menabled[m
[STDERR  ] 2018-01-14T13:36:51.28240918Z: - [37mCONFIG_MEMCG[m: [32menabled[m
[STDERR  ] 2018-01-14T13:36:51.282415343Z: - [37mCONFIG_KEYS[m: [32menabled[m
[STDERR  ] 2018-01-14T13:36:51.28242128Z: - [37mCONFIG_VETH[m: [32menabled[m
[STDERR  ] 2018-01-14T13:36:51.28242723Z: - [37mCONFIG_BRIDGE[m: [32menabled[m
[STDERR  ] 2018-01-14T13:36:51.2824359Z: - [37mCONFIG_BRIDGE_NETFILTER[m: [32menabled[m
[STDERR  ] 2018-01-14T13:36:51.282442294Z: - [37mCONFIG_NF_NAT_IPV4[m: [32menabled[m
[STDERR  ] 2018-01-14T13:36:51.282448356Z: - [37mCONFIG_IP_NF_FILTER[m: [32menabled[m
[STDERR  ] 2018-01-14T13:36:51.282454306Z: - [37mCONFIG_IP_NF_TARGET_MASQUERADE[m: [32menabled[m
[STDERR  ] 2018-01-14T13:36:51.282460567Z: - [37mCONFIG_NETFILTER_XT_MATCH_ADDRTYPE[m: [32menabled[m
[STDERR  ] 2018-01-14T13:36:51.2824669Z: - [37mCONFIG_NETFILTER_XT_MATCH_CONNTRACK[m: [32menabled[m
[STDERR  ] 2018-01-14T13:36:51.282472982Z: - [37mCONFIG_NETFILTER_XT_MATCH_IPVS[m: [32menabled[m
[STDERR  ] 2018-01-14T13:36:51.282478872Z: - [37mCONFIG_IP_NF_NAT[m: [32menabled[m
[STDERR  ] 2018-01-14T13:36:51.282486864Z: - [37mCONFIG_NF_NAT[m: [32menabled[m
[STDERR  ] 2018-01-14T13:36:51.282493057Z: - [37mCONFIG_NF_NAT_NEEDED[m: [32menabled[m
[STDERR  ] 2018-01-14T13:36:51.282499264Z: - [37mCONFIG_POSIX_MQUEUE[m: [32menabled[m
[STDERR  ] 2018-01-14T13:36:51.282505051Z: 
[STDERR  ] 2018-01-14T13:36:51.282511105Z: Optional Features:
[STDERR  ] 2018-01-14T13:36:51.282517094Z: - [37mCONFIG_USER_NS[m: [32menabled[m
[STDERR  ] 2018-01-14T13:36:51.282522978Z: - [37mCONFIG_SECCOMP[m: [32menabled[m
[STDERR  ] 2018-01-14T13:36:51.282531805Z: - [37mCONFIG_CGROUP_PIDS[m: [32menabled[m
[STDERR  ] 2018-01-14T13:36:51.282538018Z: - [37mCONFIG_MEMCG_SWAP[m: [32menabled[m
[STDERR  ] 2018-01-14T13:36:51.282544017Z: - [37mCONFIG_MEMCG_SWAP_ENABLED[m: [32menabled[m
[STDERR  ] 2018-01-14T13:36:51.28254995Z:     [1;30m(cgroup swap accounting is currently enabled)[m
[STDERR  ] 2018-01-14T13:36:51.282555825Z: - [1mCONFIG_LEGACY_VSYSCALL_NONE[m: [1;31menabled[m
[STDERR  ] 2018-01-14T13:36:51.282561948Z:     [1;30m(containers using eglibc <= 2.13 will not work. Switch to[m
[STDERR  ] 2018-01-14T13:36:51.282568328Z:     [1;30m "CONFIG_VSYSCALL_[NATIVE|EMULATE]" or use "vsyscall=[native|emulate]"[m
[STDERR  ] 2018-01-14T13:36:51.282574493Z:     [1;30m on kernel command line. Note that this will disable ASLR for the,[m
[STDERR  ] 2018-01-14T13:36:51.282580344Z:     [1;30m VDSO which may assist in exploiting security vulnerabilities.)[m
[STDERR  ] 2018-01-14T13:36:51.282586258Z: - [37mCONFIG_BLK_CGROUP[m: [32menabled[m
[STDERR  ] 2018-01-14T13:36:51.282592183Z: - [37mCONFIG_BLK_DEV_THROTTLING[m: [32menabled[m
[STDERR  ] 2018-01-14T13:36:51.282598275Z: - [37mCONFIG_IOSCHED_CFQ[m: [32menabled[m
[STDERR  ] 2018-01-14T13:36:51.282604094Z: - [37mCONFIG_CFQ_GROUP_IOSCHED[m: [32menabled[m
[STDERR  ] 2018-01-14T13:36:51.282610013Z: - [37mCONFIG_CGROUP_PERF[m: [32menabled[m
[STDERR  ] 2018-01-14T13:36:51.282615913Z: - [37mCONFIG_CGROUP_HUGETLB[m: [32menabled[m
[STDERR  ] 2018-01-14T13:36:51.282621774Z: - [37mCONFIG_NET_CLS_CGROUP[m: [32menabled[m
[STDERR  ] 2018-01-14T13:36:51.282632948Z: - [37mCONFIG_CGROUP_NET_PRIO[m: [32menabled[m
[STDERR  ] 2018-01-14T13:36:51.282639027Z: - [37mCONFIG_CFS_BANDWIDTH[m: [32menabled[m
[STDERR  ] 2018-01-14T13:36:51.282647145Z: - [37mCONFIG_FAIR_GROUP_SCHED[m: [32menabled[m
[STDERR  ] 2018-01-14T13:36:51.282655384Z: - [37mCONFIG_RT_GROUP_SCHED[m: [32menabled[m
[STDERR  ] 2018-01-14T13:36:51.282661395Z: - [37mCONFIG_IP_VS[m: [32menabled[m
[STDERR  ] 2018-01-14T13:36:51.282667301Z: - [37mCONFIG_IP_VS_NFCT[m: [32menabled[m
[STDERR  ] 2018-01-14T13:36:51.282673267Z: - [37mCONFIG_IP_VS_RR[m: [32menabled[m
[STDERR  ] 2018-01-14T13:36:51.282679223Z: - [37mCONFIG_EXT4_FS[m: [32menabled[m
[STDERR  ] 2018-01-14T13:36:51.282685155Z: - [37mCONFIG_EXT4_FS_POSIX_ACL[m: [32menabled[m
[STDERR  ] 2018-01-14T13:36:51.282694445Z: - [37mCONFIG_EXT4_FS_SECURITY[m: [32menabled[m
[STDERR  ] 2018-01-14T13:36:51.282700451Z: - Network Drivers:
[STDERR  ] 2018-01-14T13:36:51.28270669Z:   - "[34moverlay[m":
[STDERR  ] 2018-01-14T13:36:51.282716877Z:     - [37mCONFIG_VXLAN[m: [32menabled[m
[STDERR  ] 2018-01-14T13:36:51.282722923Z:       Optional (for encrypted networks):
[STDERR  ] 2018-01-14T13:36:51.282728851Z:       - [37mCONFIG_CRYPTO[m: [32menabled[m
[STDERR  ] 2018-01-14T13:36:51.282734845Z:       - [37mCONFIG_CRYPTO_AEAD[m: [32menabled[m
[STDERR  ] 2018-01-14T13:36:51.28274068Z:       - [37mCONFIG_CRYPTO_GCM[m: [32menabled[m
[STDERR  ] 2018-01-14T13:36:51.282746727Z:       - [37mCONFIG_CRYPTO_SEQIV[m: [32menabled[m
[STDERR  ] 2018-01-14T13:36:51.282752741Z:       - [37mCONFIG_CRYPTO_GHASH[m: [32menabled[m
[STDERR  ] 2018-01-14T13:36:51.282758717Z:       - [37mCONFIG_XFRM[m: [32menabled[m
[STDERR  ] 2018-01-14T13:36:51.282764757Z:       - [37mCONFIG_XFRM_USER[m: [32menabled (as module)[m
[STDERR  ] 2018-01-14T13:36:51.282771078Z:       - [37mCONFIG_XFRM_ALGO[m: [32menabled (as module)[m
[STDERR  ] 2018-01-14T13:36:51.282777216Z:       - [37mCONFIG_INET_ESP[m: [32menabled (as module)[m
[STDERR  ] 2018-01-14T13:36:51.282783078Z:       - [37mCONFIG_INET_XFRM_MODE_TRANSPORT[m: [32menabled (as module)[m
[STDERR  ] 2018-01-14T13:36:51.282789021Z:   - "[34mipvlan[m":
[STDERR  ] 2018-01-14T13:36:51.282795235Z:     - [37mCONFIG_IPVLAN[m: [32menabled[m
[STDERR  ] 2018-01-14T13:36:51.282801071Z:   - "[34mmacvlan[m":
[STDERR  ] 2018-01-14T13:36:51.282807226Z:     - [37mCONFIG_MACVLAN[m: [32menabled[m
[STDERR  ] 2018-01-14T13:36:51.282815969Z:     - [37mCONFIG_DUMMY[m: [32menabled (as module)[m
[STDERR  ] 2018-01-14T13:36:51.282822084Z:   - "[34mftp,tftp client in container[m":
[STDERR  ] 2018-01-14T13:36:51.282828125Z:     - [37mCONFIG_NF_NAT_FTP[m: [32menabled[m
[STDERR  ] 2018-01-14T13:36:51.282833982Z:     - [37mCONFIG_NF_CONNTRACK_FTP[m: [32menabled[m
[STDERR  ] 2018-01-14T13:36:51.282839784Z:     - [37mCONFIG_NF_NAT_TFTP[m: [32menabled[m
[STDERR  ] 2018-01-14T13:36:51.282851934Z:     - [37mCONFIG_NF_CONNTRACK_TFTP[m: [32menabled[m
[STDERR  ] 2018-01-14T13:36:51.282863096Z: - Storage Drivers:
[STDERR  ] 2018-01-14T13:36:51.282873768Z:   - "[34maufs[m":
[STDERR  ] 2018-01-14T13:36:51.282883231Z:     - [1mCONFIG_AUFS_FS[m: [1;31mmissing[m
[STDERR  ] 2018-01-14T13:36:51.282893889Z:   - "[34mbtrfs[m":
[STDERR  ] 2018-01-14T13:36:51.282899806Z:     - [37mCONFIG_BTRFS_FS[m: [32menabled (as module)[m
[STDERR  ] 2018-01-14T13:36:51.282906134Z:     - [37mCONFIG_BTRFS_FS_POSIX_ACL[m: [32menabled[m
[STDERR  ] 2018-01-14T13:36:51.282912126Z:   - "[34mdevicemapper[m":
[STDERR  ] 2018-01-14T13:36:51.282918079Z:     - [37mCONFIG_BLK_DEV_DM[m: [32menabled[m
[STDERR  ] 2018-01-14T13:36:51.282924031Z:     - [37mCONFIG_DM_THIN_PROVISIONING[m: [32menabled[m
[STDERR  ] 2018-01-14T13:36:51.282933711Z:   - "[34moverlay[m":
[STDERR  ] 2018-01-14T13:36:51.282973878Z:     - [37mCONFIG_OVERLAY_FS[m: [32menabled[m
[STDERR  ] 2018-01-14T13:36:51.282986566Z:   - "[34mzfs[m":
[STDERR  ] 2018-01-14T13:36:51.282996084Z:     - [1m/dev/zfs[m: [1;31mmissing[m
[STDERR  ] 2018-01-14T13:36:51.283005881Z:     - [1mzfs command[m: [1;31mmissing[m
[STDERR  ] 2018-01-14T13:36:51.283015478Z:     - [1mzpool command[m: [1;31mmissing[m
[STDERR  ] 2018-01-14T13:36:51.283024449Z: 
[STDERR  ] 2018-01-14T13:36:51.283034901Z: Limits:
[STDERR  ] 2018-01-14T13:36:51.283044376Z: [37m- /proc/sys/kernel/keys/root_maxkeys[m: [32m1000000[m
[STDERR  ] 2018-01-14T13:36:51.28305429Z: 
[STDERR  ] 2018-01-14T13:36:51.283064183Z: Kernel config test suite PASSED
[STDERR  ] 2018-01-14T13:36:51.283075393Z: [   35.208451] ACPI: Preparing to enter system sleep state S5
[STDERR  ] 2018-01-14T13:36:51.283086025Z: [   35.214484] reboot: Power down
[STDERR  ] 2018-01-14T13:36:51.283098105Z: + grep -q suite PASSED
[STDERR  ] 2018-01-14T13:36:51.285082704Z: + echo [    0.000000] Linux version 4.14.13-linuxkit (root@6cc1b210b6bc) (gcc version 6.4.0 (Alpine 6.4.0)) #1 SMP Wed Jan 10 11:28:00 UTC 2018
[STDERR  ] 2018-01-14T13:36:51.285118872Z: [    0.000000] Command line: console=ttyS0 console=ttyAMA0
[STDERR  ] 2018-01-14T13:36:51.285130106Z: [    0.000000] x86/fpu: x87 FPU will use FXSAVE
[STDERR  ] 2018-01-14T13:36:51.285140242Z: [    0.000000] e820: BIOS-provided physical RAM map:
[STDERR  ] 2018-01-14T13:36:51.285168246Z: [    0.000000] BIOS-e820: [mem 0x0000000000000000-0x000000000009fbff] usable
[STDERR  ] 2018-01-14T13:36:51.285178407Z: [    0.000000] BIOS-e820: [mem 0x000000000009fc00-0x000000000009ffff] reserved
[STDERR  ] 2018-01-14T13:36:51.285188242Z: [    0.000000] BIOS-e820: [mem 0x00000000000f0000-0x00000000000fffff] reserved
[STDERR  ] 2018-01-14T13:36:51.285198367Z: [    0.000000] BIOS-e820: [mem 0x0000000000100000-0x000000003ffdefff] usable
[STDERR  ] 2018-01-14T13:36:51.285210526Z: [    0.000000] BIOS-e820: [mem 0x000000003ffdf000-0x000000003fffffff] reserved
[STDERR  ] 2018-01-14T13:36:51.285245813Z: [    0.000000] BIOS-e820: [mem 0x00000000b0000000-0x00000000bfffffff] reserved
[STDERR  ] 2018-01-14T13:36:51.28526016Z: [    0.000000] BIOS-e820: [mem 0x00000000fed1c000-0x00000000fed1ffff] reserved
[STDERR  ] 2018-01-14T13:36:51.285270514Z: [    0.000000] BIOS-e820: [mem 0x00000000fffc0000-0x00000000ffffffff] reserved
[STDERR  ] 2018-01-14T13:36:51.285280547Z: [    0.000000] NX (Execute Disable) protection: active
[STDERR  ] 2018-01-14T13:36:51.285290858Z: [    0.000000] random: fast init done
[STDERR  ] 2018-01-14T13:36:51.285300725Z: [    0.000000] SMBIOS 2.8 present.
[STDERR  ] 2018-01-14T13:36:51.28532991Z: [    0.000000] DMI: QEMU Standard PC (Q35 + ICH9, 2009), BIOS rel-1.10.2-0-g5f4c7b1-prebuilt.qemu-project.org 04/01/2014
[STDERR  ] 2018-01-14T13:36:51.285342101Z: [    0.000000] tsc: Fast TSC calibration using PIT
[STDERR  ] 2018-01-14T13:36:51.285351803Z: [    0.000000] e820: last_pfn = 0x3ffdf max_arch_pfn = 0x400000000
[STDERR  ] 2018-01-14T13:36:51.285362028Z: [    0.000000] x86/PAT: Configuration [0-7]: WB  WC  UC- UC  WB  WP  UC- WT  
[STDERR  ] 2018-01-14T13:36:51.285372053Z: [    0.000000] found SMP MP-table at [mem 0x000f6aa0-0x000f6aaf] mapped at [ffffffffff200aa0]
[STDERR  ] 2018-01-14T13:36:51.285381881Z: [    0.000000] RAMDISK: [mem 0x3e6d7000-0x3ffcffff]
[STDERR  ] 2018-01-14T13:36:51.285405285Z: [    0.000000] ACPI: Early table checksum verification disabled
[STDERR  ] 2018-01-14T13:36:51.285415763Z: [    0.000000] ACPI: RSDP 0x00000000000F68B0 000014 (v00 BOCHS )
[STDERR  ] 2018-01-14T13:36:51.28542575Z: [    0.000000] ACPI: RSDT 0x000000003FFE20A8 000034 (v01 BOCHS  BXPCRSDT 00000001 BXPC 00000001)
[STDERR  ] 2018-01-14T13:36:51.285435507Z: [    0.000000] ACPI: FACP 0x000000003FFE1EC8 0000F4 (v03 BOCHS  BXPCFACP 00000001 BXPC 00000001)
[STDERR  ] 2018-01-14T13:36:51.285445325Z: [    0.000000] ACPI: DSDT 0x000000003FFE0040 001E88 (v01 BOCHS  BXPCDSDT 00000001 BXPC 00000001)
[STDERR  ] 2018-01-14T13:36:51.285455563Z: [    0.000000] ACPI: FACS 0x000000003FFE0000 000040
[STDERR  ] 2018-01-14T13:36:51.285465103Z: [    0.000000] ACPI: APIC 0x000000003FFE1FBC 000078 (v01 BOCHS  BXPCAPIC 00000001 BXPC 00000001)
[STDERR  ] 2018-01-14T13:36:51.285487953Z: [    0.000000] ACPI: HPET 0x000000003FFE2034 000038 (v01 BOCHS  BXPCHPET 00000001 BXPC 00000001)
[STDERR  ] 2018-01-14T13:36:51.285501103Z: [    0.000000] ACPI: MCFG 0x000000003FFE206C 00003C (v01 BOCHS  BXPCMCFG 00000001 BXPC 00000001)
[STDERR  ] 2018-01-14T13:36:51.285511671Z: [    0.000000] Zone ranges:
[STDERR  ] 2018-01-14T13:36:51.285521863Z: [    0.000000]   DMA      [mem 0x0000000000001000-0x0000000000ffffff]
[STDERR  ] 2018-01-14T13:36:51.285532285Z: [    0.000000]   DMA32    [mem 0x0000000001000000-0x000000003ffdefff]
[STDERR  ] 2018-01-14T13:36:51.285542671Z: [    0.000000]   Normal   empty
[STDERR  ] 2018-01-14T13:36:51.285566191Z: [    0.000000]   Device   empty
[STDERR  ] 2018-01-14T13:36:51.285576602Z: [    0.000000] Movable zone start for each node
[STDERR  ] 2018-01-14T13:36:51.285586628Z: [    0.000000] Early memory node ranges
[STDERR  ] 2018-01-14T13:36:51.285602245Z: [    0.000000]   node   0: [mem 0x0000000000001000-0x000000000009efff]
[STDERR  ] 2018-01-14T13:36:51.285613351Z: [    0.000000]   node   0: [mem 0x0000000000100000-0x000000003ffdefff]
[STDERR  ] 2018-01-14T13:36:51.285623866Z: [    0.000000] Initmem setup node 0 [mem 0x0000000000001000-0x000000003ffdefff]
[STDERR  ] 2018-01-14T13:36:51.285652849Z: [    0.000000] ACPI: PM-Timer IO Port: 0x608
[STDERR  ] 2018-01-14T13:36:51.285662515Z: [    0.000000] ACPI: LAPIC_NMI (acpi_id[0xff] dfl dfl lint[0x1])
[STDERR  ] 2018-01-14T13:36:51.285672611Z: [    0.000000] IOAPIC[0]: apic_id 0, version 32, address 0xfec00000, GSI 0-23
[STDERR  ] 2018-01-14T13:36:51.285682314Z: [    0.000000] ACPI: INT_SRC_OVR (bus 0 bus_irq 0 global_irq 2 dfl dfl)
[STDERR  ] 2018-01-14T13:36:51.285691825Z: [    0.000000] ACPI: INT_SRC_OVR (bus 0 bus_irq 5 global_irq 5 high level)
[STDERR  ] 2018-01-14T13:36:51.285701618Z: [    0.000000] ACPI: INT_SRC_OVR (bus 0 bus_irq 9 global_irq 9 high level)
[STDERR  ] 2018-01-14T13:36:51.285724984Z: [    0.000000] ACPI: INT_SRC_OVR (bus 0 bus_irq 10 global_irq 10 high level)
[STDERR  ] 2018-01-14T13:36:51.285735872Z: [    0.000000] ACPI: INT_SRC_OVR (bus 0 bus_irq 11 global_irq 11 high level)
[STDERR  ] 2018-01-14T13:36:51.285745764Z: [    0.000000] Using ACPI (MADT) for SMP configuration information
[STDERR  ] 2018-01-14T13:36:51.285754971Z: [    0.000000] ACPI: HPET id: 0x8086a201 base: 0xfed00000
[STDERR  ] 2018-01-14T13:36:51.285764672Z: [    0.000000] smpboot: Allowing 1 CPUs, 0 hotplug CPUs
[STDERR  ] 2018-01-14T13:36:51.285773855Z: [    0.000000] e820: [mem 0x40000000-0xafffffff] available for PCI devices
[STDERR  ] 2018-01-14T13:36:51.285788375Z: [    0.000000] Booting paravirtualized kernel on bare hardware
[STDERR  ] 2018-01-14T13:36:51.285833485Z: [    0.000000] clocksource: refined-jiffies: mask: 0xffffffff max_cycles: 0xffffffff, max_idle_ns: 19112604462750000 ns
[STDERR  ] 2018-01-14T13:36:51.285847031Z: [    0.000000] setup_percpu: NR_CPUS:128 nr_cpumask_bits:128 nr_cpu_ids:1 nr_node_ids:1
[STDERR  ] 2018-01-14T13:36:51.28586196Z: [    0.000000] percpu: Embedded 44 pages/cpu @ffff94fffe400000 s143064 r8192 d28968 u2097152
[STDERR  ] 2018-01-14T13:36:51.28588922Z: [    0.000000] Built 1 zonelists, mobility grouping on.  Total pages: 257896
[STDERR  ] 2018-01-14T13:36:51.285900416Z: [    0.000000] Kernel command line: console=ttyS0 console=ttyAMA0
[STDERR  ] 2018-01-14T13:36:51.28591006Z: [    0.000000] PID hash table entries: 4096 (order: 3, 32768 bytes)
[STDERR  ] 2018-01-14T13:36:51.285919985Z: [    0.000000] Dentry cache hash table entries: 131072 (order: 8, 1048576 bytes)
[STDERR  ] 2018-01-14T13:36:51.285930639Z: [    0.000000] Inode-cache hash table entries: 65536 (order: 7, 524288 bytes)
[STDERR  ] 2018-01-14T13:36:51.285940505Z: [    0.000000] Memory: 979300K/1048052K available (12300K kernel code, 1445K rwdata, 2952K rodata, 1488K init, 628K bss, 68752K reserved, 0K cma-reserved)
[STDERR  ] 2018-01-14T13:36:51.285963122Z: [    0.000000] ftrace: allocating 40626 entries in 159 pages
[STDERR  ] 2018-01-14T13:36:51.285974133Z: [    0.000000] Hierarchical RCU implementation.
[STDERR  ] 2018-01-14T13:36:51.285983669Z: [    0.000000] 	RCU restricting CPUs from NR_CPUS=128 to nr_cpu_ids=1.
[STDERR  ] 2018-01-14T13:36:51.285994005Z: [    0.000000] RCU: Adjusting geometry for rcu_fanout_leaf=16, nr_cpu_ids=1
[STDERR  ] 2018-01-14T13:36:51.286004045Z: [    0.000000] NR_IRQS: 8448, nr_irqs: 256, preallocated irqs: 16
[STDERR  ] 2018-01-14T13:36:51.286013723Z: [    0.000000] Console: colour VGA+ 80x25
[STDERR  ] 2018-01-14T13:36:51.286023143Z: [    0.000000] console [ttyS0] enabled
[STDERR  ] 2018-01-14T13:36:51.286045036Z: [    0.000000] clocksource: hpet: mask: 0xffffffff max_cycles: 0xffffffff, max_idle_ns: 19112604467 ns
[STDERR  ] 2018-01-14T13:36:51.286055383Z: [    0.000000] tsc: Fast TSC calibration using PIT
[STDERR  ] 2018-01-14T13:36:51.2860651Z: [    0.000000] tsc: Detected 2600.269 MHz processor
[STDERR  ] 2018-01-14T13:36:51.286084043Z: [    0.001701] Calibrating delay loop (skipped), value calculated using timer frequency.. 5200.53 BogoMIPS (lpj=26002690)
[STDERR  ] 2018-01-14T13:36:51.286095453Z: [    0.002320] pid_max: default: 32768 minimum: 301
[STDERR  ] 2018-01-14T13:36:51.286107679Z: [    0.003106] ACPI: Core revision 20170728
[STDERR  ] 2018-01-14T13:36:51.286139774Z: [    0.034365] ACPI: 1 ACPI AML tables successfully acquired and loaded
[STDERR  ] 2018-01-14T13:36:51.286150194Z: [    0.036584] Security Framework initialized
[STDERR  ] 2018-01-14T13:36:51.286160057Z: [    0.036974] Yama: becoming mindful.
[STDERR  ] 2018-01-14T13:36:51.286169857Z: [    0.039658] Mount-cache hash table entries: 2048 (order: 2, 16384 bytes)
[STDERR  ] 2018-01-14T13:36:51.286180138Z: [    0.040139] Mountpoint-cache hash table entries: 2048 (order: 2, 16384 bytes)
[STDERR  ] 2018-01-14T13:36:51.286205021Z: [    0.058504] Last level iTLB entries: 4KB 0, 2MB 0, 4MB 0
[STDERR  ] 2018-01-14T13:36:51.286216214Z: [    0.058829] Last level dTLB entries: 4KB 0, 2MB 0, 4MB 0, 1GB 0
[STDERR  ] 2018-01-14T13:36:51.286225883Z: [    0.360547] Freeing SMP alternatives memory: 20K
[STDERR  ] 2018-01-14T13:36:51.286235691Z: [    0.380394] smpboot: Max logical packages: 1
[STDERR  ] 2018-01-14T13:36:51.286245526Z: [    0.387163] ..TIMER: vector=0x30 apic1=0 pin1=2 apic2=-1 pin2=-1
[STDERR  ] 2018-01-14T13:36:51.286255356Z: [    0.490000] smpboot: CPU0: AMD QEMU Virtual CPU version 2.5+ (family: 0x6, model: 0x6, stepping: 0x3)
[STDERR  ] 2018-01-14T13:36:51.286265921Z: [    0.490000] Performance Events: PMU not available due to virtualization, using software events only.
[STDERR  ] 2018-01-14T13:36:51.286296774Z: [    0.491441] Hierarchical SRCU implementation.
[STDERR  ] 2018-01-14T13:36:51.28630711Z: [    0.496696] NMI watchdog: Perf event create on CPU 0 failed with -2
[STDERR  ] 2018-01-14T13:36:51.28631767Z: [    0.497106] NMI watchdog: Perf NMI watchdog permanently disabled
[STDERR  ] 2018-01-14T13:36:51.286327327Z: [    0.500446] smp: Bringing up secondary CPUs ...
[STDERR  ] 2018-01-14T13:36:51.286336788Z: [    0.500788] smp: Brought up 1 node, 1 CPU
[STDERR  ] 2018-01-14T13:36:51.286346501Z: [    0.501218] smpboot: Total of 1 processors activated (5200.53 BogoMIPS)
[STDERR  ] 2018-01-14T13:36:51.28637057Z: [    0.517276] devtmpfs: initialized
[STDERR  ] 2018-01-14T13:36:51.28638059Z: [    0.523479] x86/mm: Memory block size: 128MB
[STDERR  ] 2018-01-14T13:36:51.28639039Z: [    0.531362] clocksource: jiffies: mask: 0xffffffff max_cycles: 0xffffffff, max_idle_ns: 19112604462750000 ns
[STDERR  ] 2018-01-14T13:36:51.286404181Z: [    0.532147] futex hash table entries: 256 (order: 2, 16384 bytes)
[STDERR  ] 2018-01-14T13:36:51.286413758Z: [    0.541130] NET: Registered protocol family 16
[STDERR  ] 2018-01-14T13:36:51.286423694Z: [    0.546954] cpuidle: using governor ladder
[STDERR  ] 2018-01-14T13:36:51.286450337Z: [    0.547407] cpuidle: using governor menu
[STDERR  ] 2018-01-14T13:36:51.286460418Z: [    0.548751] ACPI: bus type PCI registered
[STDERR  ] 2018-01-14T13:36:51.286470149Z: [    0.551269] PCI: MMCONFIG for domain 0000 [bus 00-ff] at [mem 0xb0000000-0xbfffffff] (base 0xb0000000)
[STDERR  ] 2018-01-14T13:36:51.286480312Z: [    0.552070] PCI: MMCONFIG at [mem 0xb0000000-0xbfffffff] reserved in E820
[STDERR  ] 2018-01-14T13:36:51.286491138Z: [    0.552982] PCI: Using configuration type 1 for base access
[STDERR  ] 2018-01-14T13:36:51.286500984Z: [    0.595556] HugeTLB registered 2.00 MiB page size, pre-allocated 0 pages
[STDERR  ] 2018-01-14T13:36:51.286523099Z: [    0.606815] ACPI: Added _OSI(Module Device)
[STDERR  ] 2018-01-14T13:36:51.286534377Z: [    0.607122] ACPI: Added _OSI(Processor Device)
[STDERR  ] 2018-01-14T13:36:51.286544194Z: [    0.607471] ACPI: Added _OSI(3.0 _SCP Extensions)
[STDERR  ] 2018-01-14T13:36:51.286554167Z: [    0.607783] ACPI: Added _OSI(Processor Aggregator Device)
[STDERR  ] 2018-01-14T13:36:51.286563919Z: [    0.655185] ACPI: Interpreter enabled
[STDERR  ] 2018-01-14T13:36:51.286573831Z: [    0.656132] ACPI: (supports S0 S5)
[STDERR  ] 2018-01-14T13:36:51.286601289Z: [    0.656939] ACPI: Using IOAPIC for interrupt routing
[STDERR  ] 2018-01-14T13:36:51.286612854Z: [    0.659425] PCI: Using host bridge windows from ACPI; if necessary, use "pci=nocrs" and report a bug
[STDERR  ] 2018-01-14T13:36:51.286622589Z: [    0.663376] ACPI: Enabled 1 GPEs in block 00 to 3F
[STDERR  ] 2018-01-14T13:36:51.286639312Z: [    0.709016] ACPI: PCI Root Bridge [PCI0] (domain 0000 [bus 00-ff])
[STDERR  ] 2018-01-14T13:36:51.286649842Z: [    0.710333] acpi PNP0A08:00: _OSC: OS supports [ExtendedConfig ASPM ClockPM Segments MSI]
[STDERR  ] 2018-01-14T13:36:51.286662315Z: [    0.715048] acpi PNP0A08:00: _OSC: OS now controls [PCIeHotplug PME PCIeCapability]
[STDERR  ] 2018-01-14T13:36:51.286686715Z: [    0.718347] PCI host bridge to bus 0000:00
[STDERR  ] 2018-01-14T13:36:51.286701278Z: [    0.718908] pci_bus 0000:00: root bus resource [io  0x0000-0x0cf7 window]
[STDERR  ] 2018-01-14T13:36:51.286711788Z: [    0.719360] pci_bus 0000:00: root bus resource [io  0x0d00-0xffff window]
[STDERR  ] 2018-01-14T13:36:51.286722245Z: [    0.719811] pci_bus 0000:00: root bus resource [mem 0x000a0000-0x000bffff window]
[STDERR  ] 2018-01-14T13:36:51.286732073Z: [    0.720138] pci_bus 0000:00: root bus resource [mem 0xc0000000-0xfebfffff window]
[STDERR  ] 2018-01-14T13:36:51.286742119Z: [    0.720775] pci_bus 0000:00: root bus resource [bus 00-ff]
[STDERR  ] 2018-01-14T13:36:51.286766039Z: [    0.845306] pci 0000:00:1f.0: quirk: [io  0x0600-0x067f] claimed by ICH6 ACPI/GPIO/TCO
[STDERR  ] 2018-01-14T13:36:51.286776825Z: [    0.916640] ACPI: PCI Interrupt Link [LNKA] (IRQs 5 *10 11)
[STDERR  ] 2018-01-14T13:36:51.286792376Z: [    0.918807] ACPI: PCI Interrupt Link [LNKB] (IRQs 5 *10 11)
[STDERR  ] 2018-01-14T13:36:51.286802498Z: [    0.922010] ACPI: PCI Interrupt Link [LNKC] (IRQs 5 10 *11)
[STDERR  ] 2018-01-14T13:36:51.286814589Z: [    0.923545] ACPI: PCI Interrupt Link [LNKD] (IRQs 5 10 *11)
[STDERR  ] 2018-01-14T13:36:51.286824573Z: [    0.924854] ACPI: PCI Interrupt Link [LNKE] (IRQs 5 *10 11)
[STDERR  ] 2018-01-14T13:36:51.286848873Z: [    0.926099] ACPI: PCI Interrupt Link [LNKF] (IRQs 5 *10 11)
[STDERR  ] 2018-01-14T13:36:51.286859089Z: [    0.927443] ACPI: PCI Interrupt Link [LNKG] (IRQs 5 10 *11)
[STDERR  ] 2018-01-14T13:36:51.28686908Z: [    0.928785] ACPI: PCI Interrupt Link [LNKH] (IRQs 5 10 *11)
[STDERR  ] 2018-01-14T13:36:51.286878932Z: [    0.929539] ACPI: PCI Interrupt Link [GSIA] (IRQs *16)
[STDERR  ] 2018-01-14T13:36:51.28688864Z: [    0.930341] ACPI: PCI Interrupt Link [GSIB] (IRQs *17)
[STDERR  ] 2018-01-14T13:36:51.286898545Z: [    0.930930] ACPI: PCI Interrupt Link [GSIC] (IRQs *18)
[STDERR  ] 2018-01-14T13:36:51.286908569Z: [    0.931568] ACPI: PCI Interrupt Link [GSID] (IRQs *19)
[STDERR  ] 2018-01-14T13:36:51.286930002Z: [    0.932152] ACPI: PCI Interrupt Link [GSIE] (IRQs *20)
[STDERR  ] 2018-01-14T13:36:51.286939813Z: [    0.932751] ACPI: PCI Interrupt Link [GSIF] (IRQs *21)
[STDERR  ] 2018-01-14T13:36:51.286974303Z: [    0.933363] ACPI: PCI Interrupt Link [GSIG] (IRQs *22)
[STDERR  ] 2018-01-14T13:36:51.28698419Z: [    0.934006] ACPI: PCI Interrupt Link [GSIH] (IRQs *23)
[STDERR  ] 2018-01-14T13:36:51.286993974Z: [    0.941269] SCSI subsystem initialized
[STDERR  ] 2018-01-14T13:36:51.287003654Z: [    0.944708] ACPI: bus type USB registered
[STDERR  ] 2018-01-14T13:36:51.28701316Z: [    0.946045] usbcore: registered new interface driver usbfs
[STDERR  ] 2018-01-14T13:36:51.287023066Z: [    0.946941] usbcore: registered new interface driver hub
[STDERR  ] 2018-01-14T13:36:51.287047371Z: [    0.947778] usbcore: registered new device driver usb
[STDERR  ] 2018-01-14T13:36:51.287057397Z: [    0.948665] pps_core: LinuxPPS API ver. 1 registered
[STDERR  ] 2018-01-14T13:36:51.287067383Z: [    0.949065] pps_core: Software ver. 5.3.6 - Copyright 2005-2007 Rodolfo Giometti <giometti@linux.it>
[STDERR  ] 2018-01-14T13:36:51.287077606Z: [    0.949805] PTP clock support registered
[STDERR  ] 2018-01-14T13:36:51.287087259Z: [    0.952226] PCI: Using ACPI for IRQ routing
[STDERR  ] 2018-01-14T13:36:51.287103106Z: [    0.965281] NetLabel: Initializing
[STDERR  ] 2018-01-14T13:36:51.287126829Z: [    0.965529] NetLabel:  domain hash size = 128
[STDERR  ] 2018-01-14T13:36:51.287137044Z: [    0.965861] NetLabel:  protocols = UNLABELED CIPSOv4 CALIPSO
[STDERR  ] 2018-01-14T13:36:51.287150016Z: [    0.968819] NetLabel:  unlabeled traffic allowed by default
[STDERR  ] 2018-01-14T13:36:51.287160193Z: [    0.970372] HPET: 3 timers in total, 0 timers will be used for per-cpu timer
[STDERR  ] 2018-01-14T13:36:51.287170426Z: [    0.971089] hpet0: at MMIO 0xfed00000, IRQs 2, 8, 0
[STDERR  ] 2018-01-14T13:36:51.287180613Z: [    0.971489] hpet0: 3 comparators, 64-bit 100.000000 MHz counter
[STDERR  ] 2018-01-14T13:36:51.287204503Z: [    0.976554] clocksource: Switched to clocksource hpet
[STDERR  ] 2018-01-14T13:36:51.287214181Z: [    1.162104] VFS: Disk quotas dquot_6.6.0
[STDERR  ] 2018-01-14T13:36:51.287223843Z: [    1.162903] VFS: Dquot-cache hash table entries: 512 (order 0, 4096 bytes)
[STDERR  ] 2018-01-14T13:36:51.287234446Z: [    1.166268] FS-Cache: Loaded
[STDERR  ] 2018-01-14T13:36:51.287245771Z: [    1.171565] CacheFiles: Loaded
[STDERR  ] 2018-01-14T13:36:51.287255748Z: [    1.172686] pnp: PnP ACPI init
[STDERR  ] 2018-01-14T13:36:51.287278592Z: [    1.180622] pnp: PnP ACPI: found 5 devices
[STDERR  ] 2018-01-14T13:36:51.287289411Z: [    1.219129] clocksource: acpi_pm: mask: 0xffffff max_cycles: 0xffffff, max_idle_ns: 2085701024 ns
[STDERR  ] 2018-01-14T13:36:51.28729972Z: [    1.222926] NET: Registered protocol family 2
[STDERR  ] 2018-01-14T13:36:51.287309697Z: [    1.229966] TCP established hash table entries: 8192 (order: 4, 65536 bytes)
[STDERR  ] 2018-01-14T13:36:51.287325404Z: [    1.231086] TCP bind hash table entries: 8192 (order: 5, 131072 bytes)
[STDERR  ] 2018-01-14T13:36:51.28733571Z: [    1.231787] TCP: Hash tables configured (established 8192 bind 8192)
[STDERR  ] 2018-01-14T13:36:51.287363838Z: [    1.234275] UDP hash table entries: 512 (order: 2, 16384 bytes)
[STDERR  ] 2018-01-14T13:36:51.287375158Z: [    1.235033] UDP-Lite hash table entries: 512 (order: 2, 16384 bytes)
[STDERR  ] 2018-01-14T13:36:51.287385644Z: [    1.237416] NET: Registered protocol family 1
[STDERR  ] 2018-01-14T13:36:51.287395645Z: [    1.238375] pci 0000:00:01.0: Video device with shadowed ROM at [mem 0x000c0000-0x000dffff]
[STDERR  ] 2018-01-14T13:36:51.287405618Z: [    1.243912] Trying to unpack rootfs image as initramfs...
[STDERR  ] 2018-01-14T13:36:51.287415741Z: [    5.178844] Freeing initrd memory: 25572K
[STDERR  ] 2018-01-14T13:36:51.287425545Z: [    5.203723] PCLMULQDQ-NI instructions are not detected.
[STDERR  ] 2018-01-14T13:36:51.287448941Z: [    5.205376] AVX or AES-NI instructions are not detected.
[STDERR  ] 2018-01-14T13:36:51.28745854Z: [    5.205933] CPU feature 'AVX registers' is not supported.
[STDERR  ] 2018-01-14T13:36:51.287468364Z: [    5.206361] CPU feature 'AVX registers' is not supported.
[STDERR  ] 2018-01-14T13:36:51.287478192Z: [    5.206768] CPU feature 'AVX registers' is not supported.
[STDERR  ] 2018-01-14T13:36:51.287493371Z: [    5.207186] CPU feature 'AVX registers' is not supported.
[STDERR  ] 2018-01-14T13:36:51.287503257Z: [    5.207645] AVX2 or AES-NI instructions are not detected.
[STDERR  ] 2018-01-14T13:36:51.287529718Z: [    5.208093] AVX2 instructions are not detected.
[STDERR  ] 2018-01-14T13:36:51.287540092Z: [    5.214656] audit: initializing netlink subsys (disabled)
[STDERR  ] 2018-01-14T13:36:51.287550091Z: [    5.220056] audit: type=2000 audit(1515936980.210:1): state=initialized audit_enabled=0 res=1
[STDERR  ] 2018-01-14T13:36:51.287560088Z: [    5.222204] workingset: timestamp_bits=46 max_order=18 bucket_order=0
[STDERR  ] 2018-01-14T13:36:51.287570349Z: [    5.226144] squashfs: version 4.0 (2009/01/31) Phillip Lougher
[STDERR  ] 2018-01-14T13:36:51.287580561Z: [    5.228567] FS-Cache: Netfs 'cifs' registered for caching
[STDERR  ] 2018-01-14T13:36:51.287603829Z: [    5.229504] fuse init (API version 7.26)
[STDERR  ] 2018-01-14T13:36:51.287619708Z: [    5.232265] SGI XFS with ACLs, security attributes, no debug enabled
[STDERR  ] 2018-01-14T13:36:51.287637738Z: [    5.235789] 9p: Installing v9fs 9p2000 file system support
[STDERR  ] 2018-01-14T13:36:51.287647708Z: [    5.236216] FS-Cache: Netfs '9p' registered for caching
[STDERR  ] 2018-01-14T13:36:51.287660943Z: [    5.272738] NET: Registered protocol family 38
[STDERR  ] 2018-01-14T13:36:51.287685201Z: [    5.273370] Key type asymmetric registered
[STDERR  ] 2018-01-14T13:36:51.287695589Z: [    5.273737] Asymmetric key parser 'x509' registered
[STDERR  ] 2018-01-14T13:36:51.287705453Z: [    5.274552] Block layer SCSI generic (bsg) driver version 0.4 loaded (major 248)
[STDERR  ] 2018-01-14T13:36:51.287716268Z: [    5.276366] io scheduler noop registered
[STDERR  ] 2018-01-14T13:36:51.287725776Z: [    5.276731] io scheduler deadline registered (default)
[STDERR  ] 2018-01-14T13:36:51.287735738Z: [    5.277679] io scheduler cfq registered
[STDERR  ] 2018-01-14T13:36:51.287745626Z: [    5.278015] io scheduler mq-deadline registered
[STDERR  ] 2018-01-14T13:36:51.287768646Z: [    5.278337] io scheduler kyber registered
[STDERR  ] 2018-01-14T13:36:51.287778391Z: [    5.282137] shpchp: Standard Hot Plug PCI Controller Driver version: 0.4
[STDERR  ] 2018-01-14T13:36:51.287788485Z: [    5.282925] hv_vmbus: registering driver hyperv_fb
[STDERR  ] 2018-01-14T13:36:51.287800829Z: [    5.285642] input: Power Button as /devices/LNXSYSTM:00/LNXPWRBN:00/input/input0
[STDERR  ] 2018-01-14T13:36:51.287811312Z: [    5.288388] ACPI: Power Button [PWRF]
[STDERR  ] 2018-01-14T13:36:51.287823673Z: [    5.301754] ACPI: PCI Interrupt Link [GSIG] enabled at IRQ 22
[STDERR  ] 2018-01-14T13:36:51.287852774Z: [    5.309859] ACPI: PCI Interrupt Link [GSIH] enabled at IRQ 23
[STDERR  ] 2018-01-14T13:36:51.287863089Z: [    5.315075] Serial: 8250/16550 driver, 4 ports, IRQ sharing disabled
[STDERR  ] 2018-01-14T13:36:51.28787331Z: [    5.339078] 00:04: ttyS0 at I/O 0x3f8 (irq = 4, base_baud = 115200) is a 16550A
[STDERR  ] 2018-01-14T13:36:51.287883942Z: [    5.348902] Non-volatile memory driver v1.3
[STDERR  ] 2018-01-14T13:36:51.287893793Z: [    5.356569] Hangcheck: starting hangcheck timer 0.9.1 (tick is 180 seconds, margin is 60 seconds).
[STDERR  ] 2018-01-14T13:36:51.287904213Z: [    5.369593] random: crng init done
[STDERR  ] 2018-01-14T13:36:51.287928223Z: [    5.409749] brd: module loaded
[STDERR  ] 2018-01-14T13:36:51.287938389Z: [    5.437486] loop: module loaded
[STDERR  ] 2018-01-14T13:36:51.287948433Z: [    5.484847] lpc_ich 0000:00:1f.0: I/O space for GPIO uninitialized
[STDERR  ] 2018-01-14T13:36:51.28795899Z: [    5.487341] VMware PVSCSI driver - version 1.0.7.0-k
[STDERR  ] 2018-01-14T13:36:51.287968676Z: [    5.488141] hv_vmbus: registering driver hv_storvsc
[STDERR  ] 2018-01-14T13:36:51.287978759Z: [    5.494786] ACPI: PCI Interrupt Link [GSIA] enabled at IRQ 16
[STDERR  ] 2018-01-14T13:36:51.288000733Z: [    5.501363] ahci 0000:00:1f.2: AHCI 0001.0000 32 slots 6 ports 1.5 Gbps 0x3f impl SATA mode
[STDERR  ] 2018-01-14T13:36:51.288012103Z: [    5.502041] ahci 0000:00:1f.2: flags: 64bit ncq only 
[STDERR  ] 2018-01-14T13:36:51.288022177Z: [    5.516432] scsi host0: ahci
[STDERR  ] 2018-01-14T13:36:51.28803225Z: [    5.519154] scsi host1: ahci
[STDERR  ] 2018-01-14T13:36:51.288042447Z: [    5.521749] scsi host2: ahci
[STDERR  ] 2018-01-14T13:36:51.288052424Z: [    5.524132] scsi host3: ahci
[STDERR  ] 2018-01-14T13:36:51.288062232Z: [    5.525927] scsi host4: ahci
[STDERR  ] 2018-01-14T13:36:51.288089108Z: [    5.527629] scsi host5: ahci
[STDERR  ] 2018-01-14T13:36:51.28809882Z: [    5.528825] ata1: SATA max UDMA/133 abar m4096@0xfebd2000 port 0xfebd2100 irq 24
[STDERR  ] 2018-01-14T13:36:51.288109125Z: [    5.529331] ata2: SATA max UDMA/133 abar m4096@0xfebd2000 port 0xfebd2180 irq 24
[STDERR  ] 2018-01-14T13:36:51.288119245Z: [    5.529792] ata3: SATA max UDMA/133 abar m4096@0xfebd2000 port 0xfebd2200 irq 24
[STDERR  ] 2018-01-14T13:36:51.288129703Z: [    5.530510] ata4: SATA max UDMA/133 abar m4096@0xfebd2000 port 0xfebd2280 irq 24
[STDERR  ] 2018-01-14T13:36:51.288157701Z: [    5.530936] ata5: SATA max UDMA/133 abar m4096@0xfebd2000 port 0xfebd2300 irq 24
[STDERR  ] 2018-01-14T13:36:51.288169664Z: [    5.531366] ata6: SATA max UDMA/133 abar m4096@0xfebd2000 port 0xfebd2380 irq 24
[STDERR  ] 2018-01-14T13:36:51.28818022Z: [    5.541920] tun: Universal TUN/TAP device driver, 1.6
[STDERR  ] 2018-01-14T13:36:51.288190291Z: [    5.552163] VMware vmxnet3 virtual NIC driver - version 1.4.a.0-k-NAPI
[STDERR  ] 2018-01-14T13:36:51.2882004Z: [    5.553509] hv_vmbus: registering driver hv_netvsc
[STDERR  ] 2018-01-14T13:36:51.28821047Z: [    5.553814] Fusion MPT base driver 3.04.20
[STDERR  ] 2018-01-14T13:36:51.288220488Z: [    5.554090] Copyright (c) 1999-2008 LSI Corporation
[STDERR  ] 2018-01-14T13:36:51.28824284Z: [    5.554713] Fusion MPT SPI Host driver 3.04.20
[STDERR  ] 2018-01-14T13:36:51.288252737Z: [    5.556666] i8042: PNP: PS/2 Controller [PNP0303:KBD,PNP0f13:MOU] at 0x60,0x64 irq 1,12
[STDERR  ] 2018-01-14T13:36:51.288262821Z: [    5.561147] serio: i8042 KBD port at 0x60,0x64 irq 1
[STDERR  ] 2018-01-14T13:36:51.288272664Z: [    5.561760] serio: i8042 AUX port at 0x60,0x64 irq 12
[STDERR  ] 2018-01-14T13:36:51.288282513Z: [    5.563934] hv_vmbus: registering driver hyperv_keyboard
[STDERR  ] 2018-01-14T13:36:51.28829198Z: [    5.565788] mousedev: PS/2 mouse device common for all mice
[STDERR  ] 2018-01-14T13:36:51.288302005Z: [    5.569556] input: AT Translated Set 2 keyboard as /devices/platform/i8042/serio0/input/input1
[STDERR  ] 2018-01-14T13:36:51.288325095Z: [    5.571416] input: PC Speaker as /devices/platform/pcspkr/input/input2
[STDERR  ] 2018-01-14T13:36:51.288341255Z: [    5.575636] rtc_cmos 00:00: RTC can wake from S4
[STDERR  ] 2018-01-14T13:36:51.28835146Z: [    5.578410] rtc_cmos 00:00: rtc core: registered rtc_cmos as rtc0
[STDERR  ] 2018-01-14T13:36:51.28836395Z: [    5.579652] rtc_cmos 00:00: alarms up to one day, y3k, 114 bytes nvram, hpet irqs
[STDERR  ] 2018-01-14T13:36:51.288374708Z: [    5.580612] i2c /dev entries driver
[STDERR  ] 2018-01-14T13:36:51.288397382Z: [    5.582471] device-mapper: ioctl: 4.37.0-ioctl (2017-09-20) initialised: dm-devel@redhat.com
[STDERR  ] 2018-01-14T13:36:51.288408692Z: [    5.586368] usbcore: registered new interface driver usbhid
[STDERR  ] 2018-01-14T13:36:51.288418854Z: [    5.586723] usbhid: USB HID core driver
[STDERR  ] 2018-01-14T13:36:51.288428686Z: [    5.587533] hv_utils: Registering HyperV Utility Driver
[STDERR  ] 2018-01-14T13:36:51.288441894Z: [    5.587793] hv_vmbus: registering driver hv_util
[STDERR  ] 2018-01-14T13:36:51.288451801Z: [    5.588135] hv_vmbus: registering driver hv_balloon
[STDERR  ] 2018-01-14T13:36:51.288461834Z: [    5.588755] oprofile: using NMI interrupt.
[STDERR  ] 2018-01-14T13:36:51.288485639Z: [    5.589974] GACT probability on
[STDERR  ] 2018-01-14T13:36:51.288495834Z: [    5.590771] Mirror/redirect action on
[STDERR  ] 2018-01-14T13:36:51.288505709Z: [    5.591400] Simple TC action Loaded
[STDERR  ] 2018-01-14T13:36:51.288515529Z: [    5.591968] u32 classifier
[STDERR  ] 2018-01-14T13:36:51.288525834Z: [    5.592159]     Performance counters on
[STDERR  ] 2018-01-14T13:36:51.288535659Z: [    5.592415]     input device check on
[STDERR  ] 2018-01-14T13:36:51.288557672Z: [    5.592688]     Actions configured
[STDERR  ] 2018-01-14T13:36:51.288568372Z: [    5.593359] Netfilter messages via NETLINK v0.30.
[STDERR  ] 2018-01-14T13:36:51.288578188Z: [    5.593842] nfnl_acct: registering with nfnetlink.
[STDERR  ] 2018-01-14T13:36:51.288588028Z: [    5.595029] nf_conntrack version 0.5.0 (8192 buckets, 32768 max)
[STDERR  ] 2018-01-14T13:36:51.288598039Z: [    5.597484] ctnetlink v0.93: registering with nfnetlink.
[STDERR  ] 2018-01-14T13:36:51.288610865Z: [    5.600596] nf_tables: (c) 2007-2009 Patrick McHardy <kaber@trash.net>
[STDERR  ] 2018-01-14T13:36:51.288621446Z: [    5.601504] nf_tables_compat: (c) 2012 Pablo Neira Ayuso <pablo@netfilter.org>
[STDERR  ] 2018-01-14T13:36:51.28865051Z: [    5.603849] xt_time: kernel timezone is -0000
[STDERR  ] 2018-01-14T13:36:51.288666549Z: [    5.604449] ip_set: protocol 6
[STDERR  ] 2018-01-14T13:36:51.288676796Z: [    5.605200] IPVS: Registered protocols (TCP, UDP, SCTP, AH, ESP)
[STDERR  ] 2018-01-14T13:36:51.28868634Z: [    5.605806] IPVS: Connection hash table configured (size=4096, memory=64Kbytes)
[STDERR  ] 2018-01-14T13:36:51.288697152Z: [    5.610392] IPVS: ipvs loaded.
[STDERR  ] 2018-01-14T13:36:51.288719636Z: [    5.610960] IPVS: [rr] scheduler registered.
[STDERR  ] 2018-01-14T13:36:51.288734259Z: [    5.611305] IPVS: [wrr] scheduler registered.
[STDERR  ] 2018-01-14T13:36:51.28874432Z: [    5.611591] IPVS: [lc] scheduler registered.
[STDERR  ] 2018-01-14T13:36:51.288753972Z: [    5.611857] IPVS: [wlc] scheduler registered.
[STDERR  ] 2018-01-14T13:36:51.28876365Z: [    5.612047] IPVS: [fo] scheduler registered.
[STDERR  ] 2018-01-14T13:36:51.288772622Z: [    5.612296] IPVS: [ovf] scheduler registered.
[STDERR  ] 2018-01-14T13:36:51.288782175Z: [    5.612785] IPVS: [lblc] scheduler registered.
[STDERR  ] 2018-01-14T13:36:51.288806405Z: [    5.613277] IPVS: [lblcr] scheduler registered.
[STDERR  ] 2018-01-14T13:36:51.28881628Z: [    5.613650] IPVS: [dh] scheduler registered.
[STDERR  ] 2018-01-14T13:36:51.288826245Z: [    5.613895] IPVS: [sh] scheduler registered.
[STDERR  ] 2018-01-14T13:36:51.288836063Z: [    5.614148] IPVS: [sed] scheduler registered.
[STDERR  ] 2018-01-14T13:36:51.288845883Z: [    5.614389] IPVS: [nq] scheduler registered.
[STDERR  ] 2018-01-14T13:36:51.28885605Z: [    5.615210] IPVS: ftp: loaded support on port[0] = 21
[STDERR  ] 2018-01-14T13:36:51.288865869Z: [    5.616066] ipip: IPv4 and MPLS over IPv4 tunneling driver
[STDERR  ] 2018-01-14T13:36:51.288895093Z: [    5.619299] gre: GRE over IPv4 demultiplexor driver
[STDERR  ] 2018-01-14T13:36:51.288905412Z: [    5.622357] ip_tables: (C) 2000-2006 Netfilter Core Team
[STDERR  ] 2018-01-14T13:36:51.288915425Z: [    5.625747] ipt_CLUSTERIP: ClusterIP Version 0.8 loaded successfully
[STDERR  ] 2018-01-14T13:36:51.288925777Z: [    5.626372] arp_tables: arp_tables: (C) 2002 David S. Miller
[STDERR  ] 2018-01-14T13:36:51.288935553Z: [    5.628662] NET: Registered protocol family 10
[STDERR  ] 2018-01-14T13:36:51.288945394Z: [    5.637546] Segment Routing with IPv6
[STDERR  ] 2018-01-14T13:36:51.288968714Z: [    5.638442] ip6_tables: (C) 2000-2006 Netfilter Core Team
[STDERR  ] 2018-01-14T13:36:51.288978571Z: [    5.645396] NET: Registered protocol family 17
[STDERR  ] 2018-01-14T13:36:51.288988493Z: [    5.646481] Bridge firewalling registered
[STDERR  ] 2018-01-14T13:36:51.288998193Z: [    5.646991] Ebtables v2.0 registered
[STDERR  ] 2018-01-14T13:36:51.289008194Z: [    5.648900] 8021q: 802.1Q VLAN Support v1.8
[STDERR  ] 2018-01-14T13:36:51.289018031Z: [    5.650549] 9pnet: Installing 9P2000 support
[STDERR  ] 2018-01-14T13:36:51.289064774Z: [    5.652230] Key type dns_resolver registered
[STDERR  ] 2018-01-14T13:36:51.289074941Z: [    5.653629] sched_clock: Marking stable (5650166970, 0)->(5771964423, -121797453)
[STDERR  ] 2018-01-14T13:36:51.289085033Z: [    5.656814] registered taskstats version 1
[STDERR  ] 2018-01-14T13:36:51.289094806Z: [    5.851865] Key type big_key registered
[STDERR  ] 2018-01-14T13:36:51.289107803Z: [    5.864286] ata2: SATA link down (SStatus 0 SControl 300)
[STDERR  ] 2018-01-14T13:36:51.289117657Z: [    5.866313] ata1: SATA link down (SStatus 0 SControl 300)
[STDERR  ] 2018-01-14T13:36:51.289127454Z: [    5.874275] ata4: SATA link down (SStatus 0 SControl 300)
[STDERR  ] 2018-01-14T13:36:51.289137273Z: [    5.875151] ata3: SATA link up 1.5 Gbps (SStatus 113 SControl 300)
[STDERR  ] 2018-01-14T13:36:51.289162427Z: [    5.878776] ata3.00: ATAPI: QEMU DVD-ROM, 2.5+, max UDMA/100
[STDERR  ] 2018-01-14T13:36:51.289172346Z: [    5.879322] ata3.00: applying bridge limits
[STDERR  ] 2018-01-14T13:36:51.289182058Z: [    5.882935] ata6: SATA link down (SStatus 0 SControl 300)
[STDERR  ] 2018-01-14T13:36:51.289191723Z: [    5.883530] ata5: SATA link down (SStatus 0 SControl 300)
[STDERR  ] 2018-01-14T13:36:51.289207369Z: [    5.891105] ata3.00: configured for UDMA/100
[STDERR  ] 2018-01-14T13:36:51.289217452Z: [    5.911633] scsi 2:0:0:0: CD-ROM            QEMU     QEMU DVD-ROM     2.5+ PQ: 0 ANSI: 5
[STDERR  ] 2018-01-14T13:36:51.289231218Z: [    5.933714] sr 2:0:0:0: [sr0] scsi3-mmc drive: 4x/4x cd/rw xa/form2 tray
[STDERR  ] 2018-01-14T13:36:51.289242064Z: [    5.934469] cdrom: Uniform CD-ROM driver Revision: 3.20
[STDERR  ] 2018-01-14T13:36:51.289254137Z: [    5.943939] sr 2:0:0:0: Attached scsi generic sg0 type 5
[STDERR  ] 2018-01-14T13:36:51.289263761Z: [    5.969291] Key type encrypted registered
[STDERR  ] 2018-01-14T13:36:51.289273365Z: [    5.975671] rtc_cmos 00:00: setting system clock to 2018-01-14 13:36:21 UTC (1515936981)
[STDERR  ] 2018-01-14T13:36:51.289301364Z: [    6.127046] Freeing unused kernel memory: 1488K
[STDERR  ] 2018-01-14T13:36:51.289312012Z: [    6.127440] Write protecting the kernel read-only data: 18432k
[STDERR  ] 2018-01-14T13:36:51.289321867Z: [    6.141787] Freeing unused kernel memory: 2028K
[STDERR  ] 2018-01-14T13:36:51.289331672Z: [    6.176362] Freeing unused kernel memory: 1144K
[STDERR  ] 2018-01-14T13:36:51.289341539Z: [    6.240757] tsc: Refined TSC clocksource calibration: 2599.992 MHz
[STDERR  ] 2018-01-14T13:36:51.289351759Z: [    6.241443] clocksource: tsc: mask: 0xffffffffffffffff max_cycles: 0x257a34a6eea, max_idle_ns: 440795264358 ns
[STDERR  ] 2018-01-14T13:36:51.289361877Z: [    7.256156] clocksource: Switched to clocksource tsc
[STDERR  ] 2018-01-14T13:36:51.289371437Z: 
[STDERR  ] 2018-01-14T13:36:51.289381422Z: Welcome to LinuxKit
[STDERR  ] 2018-01-14T13:36:51.289397241Z: 
[STDERR  ] 2018-01-14T13:36:51.289407212Z:                         ##         .
[STDERR  ] 2018-01-14T13:36:51.289417248Z:                   ## ## ##        ==
[STDERR  ] 2018-01-14T13:36:51.289427024Z:                ## ## ## ## ##    ===
[STDERR  ] 2018-01-14T13:36:51.289440175Z:            /"""""""""""""""""\___/ ===
[STDERR  ] 2018-01-14T13:36:51.289450098Z:           {                       /  ===-
[STDERR  ] 2018-01-14T13:36:51.289460027Z:            \______ O           __/
[STDERR  ] 2018-01-14T13:36:51.289469641Z:              \    \         __/
[STDERR  ] 2018-01-14T13:36:51.289480224Z:               \____\_______/
[STDERR  ] 2018-01-14T13:36:51.289490546Z: 
[STDERR  ] 2018-01-14T13:36:51.289514833Z: starting kernel config sanity test with /proc/config.gz
[STDERR  ] 2018-01-14T13:36:51.289526058Z: [   18.112952] RPC: Registered named UNIX socket transport module.
[STDERR  ] 2018-01-14T13:36:51.289536035Z: [   18.113458] RPC: Registered udp transport module.
[STDERR  ] 2018-01-14T13:36:51.289545822Z: [   18.113781] RPC: Registered tcp transport module.
[STDERR  ] 2018-01-14T13:36:51.28955551Z: [   18.114070] RPC: Registered tcp NFSv4.1 backchannel transport module.
[STDERR  ] 2018-01-14T13:36:51.289566185Z: [   18.224475] FS-Cache: Netfs 'nfs' registered for caching
[STDERR  ] 2018-01-14T13:36:51.289575958Z: [   18.346761] Installing knfsd (copyright (C) 1996 okir@monad.swb.de).
[STDERR  ] 2018-01-14T13:36:51.289586388Z: [   18.410899] ntfs: driver 2.1.32 [Flags: R/O MODULE].
[STDERR  ] 2018-01-14T13:36:51.289596072Z: kernel config test succeeded!
[STDERR  ] 2018-01-14T13:36:51.28960647Z: [37minfo: reading kernel config from /proc/config.gz ...[m
[STDERR  ] 2018-01-14T13:36:51.289616186Z: 
[STDERR  ] 2018-01-14T13:36:51.289634346Z: Generally Necessary:
[STDERR  ] 2018-01-14T13:36:51.28964539Z: - [37mcgroup hierarchy[m: [32mproperly mounted[m [/sys/fs/cgroup]
[STDERR  ] 2018-01-14T13:36:51.289654976Z: - [37mCONFIG_NAMESPACES[m: [32menabled[m
[STDERR  ] 2018-01-14T13:36:51.289664738Z: - [37mCONFIG_NET_NS[m: [32menabled[m
[STDERR  ] 2018-01-14T13:36:51.289674535Z: - [37mCONFIG_PID_NS[m: [32menabled[m
[STDERR  ] 2018-01-14T13:36:51.289684666Z: - [37mCONFIG_IPC_NS[m: [32menabled[m
[STDERR  ] 2018-01-14T13:36:51.28969447Z: - [37mCONFIG_UTS_NS[m: [32menabled[m
[STDERR  ] 2018-01-14T13:36:51.289704278Z: - [37mCONFIG_CGROUPS[m: [32menabled[m
[STDERR  ] 2018-01-14T13:36:51.289719073Z: - [37mCONFIG_CGROUP_CPUACCT[m: [32menabled[m
[STDERR  ] 2018-01-14T13:36:51.289729265Z: - [37mCONFIG_CGROUP_DEVICE[m: [32menabled[m
[STDERR  ] 2018-01-14T13:36:51.289739118Z: - [37mCONFIG_CGROUP_FREEZER[m: [32menabled[m
[STDERR  ] 2018-01-14T13:36:51.289748965Z: - [37mCONFIG_CGROUP_SCHED[m: [32menabled[m
[STDERR  ] 2018-01-14T13:36:51.289758709Z: - [37mCONFIG_CPUSETS[m: [32menabled[m
[STDERR  ] 2018-01-14T13:36:51.289771537Z: - [37mCONFIG_MEMCG[m: [32menabled[m
[STDERR  ] 2018-01-14T13:36:51.289781361Z: - [37mCONFIG_KEYS[m: [32menabled[m
[STDERR  ] 2018-01-14T13:36:51.289791217Z: - [37mCONFIG_VETH[m: [32menabled[m
[STDERR  ] 2018-01-14T13:36:51.289800873Z: - [37mCONFIG_BRIDGE[m: [32menabled[m
[STDERR  ] 2018-01-14T13:36:51.289810731Z: - [37mCONFIG_BRIDGE_NETFILTER[m: [32menabled[m
[STDERR  ] 2018-01-14T13:36:51.289820541Z: - [37mCONFIG_NF_NAT_IPV4[m: [32menabled[m
[STDERR  ] 2018-01-14T13:36:51.289830177Z: - [37mCONFIG_IP_NF_FILTER[m: [32menabled[m
[STDERR  ] 2018-01-14T13:36:51.289840013Z: - [37mCONFIG_IP_NF_TARGET_MASQUERADE[m: [32menabled[m
[STDERR  ] 2018-01-14T13:36:51.289849731Z: - [37mCONFIG_NETFILTER_XT_MATCH_ADDRTYPE[m: [32menabled[m
[STDERR  ] 2018-01-14T13:36:51.289859756Z: - [37mCONFIG_NETFILTER_XT_MATCH_CONNTRACK[m: [32menabled[m
[STDERR  ] 2018-01-14T13:36:51.28986959Z: - [37mCONFIG_NETFILTER_XT_MATCH_IPVS[m: [32menabled[m
[STDERR  ] 2018-01-14T13:36:51.289879401Z: - [37mCONFIG_IP_NF_NAT[m: [32menabled[m
[STDERR  ] 2018-01-14T13:36:51.289904464Z: - [37mCONFIG_NF_NAT[m: [32menabled[m
[STDERR  ] 2018-01-14T13:36:51.289920503Z: - [37mCONFIG_NF_NAT_NEEDED[m: [32menabled[m
[STDERR  ] 2018-01-14T13:36:51.289930297Z: - [37mCONFIG_POSIX_MQUEUE[m: [32menabled[m
[STDERR  ] 2018-01-14T13:36:51.289939749Z: 
[STDERR  ] 2018-01-14T13:36:51.28994895Z: Optional Features:
[STDERR  ] 2018-01-14T13:36:51.289958403Z: - [37mCONFIG_USER_NS[m: [32menabled[m
[STDERR  ] 2018-01-14T13:36:51.289968371Z: - [37mCONFIG_SECCOMP[m: [32menabled[m
[STDERR  ] 2018-01-14T13:36:51.289978046Z: - [37mCONFIG_CGROUP_PIDS[m: [32menabled[m
[STDERR  ] 2018-01-14T13:36:51.289987794Z: - [37mCONFIG_MEMCG_SWAP[m: [32menabled[m
[STDERR  ] 2018-01-14T13:36:51.289997763Z: - [37mCONFIG_MEMCG_SWAP_ENABLED[m: [32menabled[m
[STDERR  ] 2018-01-14T13:36:51.290007341Z:     [1;30m(cgroup swap accounting is currently enabled)[m
[STDERR  ] 2018-01-14T13:36:51.290017493Z: - [1mCONFIG_LEGACY_VSYSCALL_NONE[m: [1;31menabled[m
[STDERR  ] 2018-01-14T13:36:51.290026763Z:     [1;30m(containers using eglibc <= 2.13 will not work. Switch to[m
[STDERR  ] 2018-01-14T13:36:51.290037299Z:     [1;30m "CONFIG_VSYSCALL_[NATIVE|EMULATE]" or use "vsyscall=[native|emulate]"[m
[STDERR  ] 2018-01-14T13:36:51.290046708Z:     [1;30m on kernel command line. Note that this will disable ASLR for the,[m
[STDERR  ] 2018-01-14T13:36:51.290057738Z:     [1;30m VDSO which may assist in exploiting security vulnerabilities.)[m
[STDERR  ] 2018-01-14T13:36:51.290067277Z: - [37mCONFIG_BLK_CGROUP[m: [32menabled[m
[STDERR  ] 2018-01-14T13:36:51.290076684Z: - [37mCONFIG_BLK_DEV_THROTTLING[m: [32menabled[m
[STDERR  ] 2018-01-14T13:36:51.290085747Z: - [37mCONFIG_IOSCHED_CFQ[m: [32menabled[m
[STDERR  ] 2018-01-14T13:36:51.290094784Z: - [37mCONFIG_CFQ_GROUP_IOSCHED[m: [32menabled[m
[STDERR  ] 2018-01-14T13:36:51.290103704Z: - [37mCONFIG_CGROUP_PERF[m: [32menabled[m
[STDERR  ] 2018-01-14T13:36:51.290116227Z: - [37mCONFIG_CGROUP_HUGETLB[m: [32menabled[m
[STDERR  ] 2018-01-14T13:36:51.290129761Z: - [37mCONFIG_NET_CLS_CGROUP[m: [32menabled[m
[STDERR  ] 2018-01-14T13:36:51.290154711Z: - [37mCONFIG_CGROUP_NET_PRIO[m: [32menabled[m
[STDERR  ] 2018-01-14T13:36:51.290164105Z: - [37mCONFIG_CFS_BANDWIDTH[m: [32menabled[m
[STDERR  ] 2018-01-14T13:36:51.290172854Z: - [37mCONFIG_FAIR_GROUP_SCHED[m: [32menabled[m
[STDERR  ] 2018-01-14T13:36:51.290181795Z: - [37mCONFIG_RT_GROUP_SCHED[m: [32menabled[m
[STDERR  ] 2018-01-14T13:36:51.290197632Z: - [37mCONFIG_IP_VS[m: [32menabled[m
[STDERR  ] 2018-01-14T13:36:51.290208188Z: - [37mCONFIG_IP_VS_NFCT[m: [32menabled[m
[STDERR  ] 2018-01-14T13:36:51.29021729Z: - [37mCONFIG_IP_VS_RR[m: [32menabled[m
[STDERR  ] 2018-01-14T13:36:51.29023163Z: - [37mCONFIG_EXT4_FS[m: [32menabled[m
[STDERR  ] 2018-01-14T13:36:51.290241732Z: - [37mCONFIG_EXT4_FS_POSIX_ACL[m: [32menabled[m
[STDERR  ] 2018-01-14T13:36:51.290251344Z: - [37mCONFIG_EXT4_FS_SECURITY[m: [32menabled[m
[STDERR  ] 2018-01-14T13:36:51.290447541Z: - Network Drivers:
[STDERR  ] 2018-01-14T13:36:51.290458848Z:   - "[34moverlay[m":
[PASS    ] linuxkit.kernel.config_4.14.x 56.21s
