[INFO    ] 2017-09-12T17:51:33.425488898Z: Running Test linuxkit.packages.mkimage in /tmp/build/test/cases/040_packages/013_mkimage
[INFO    ] 2017-09-12T17:51:33.425601301Z: Running command: [/bin/sh -x /tmp/build/test/cases/040_packages/013_mkimage/test.sh]
[STDERR  ] 2017-09-12T17:51:33.460178444Z: + set -e
[STDERR  ] 2017-09-12T17:51:33.460279828Z: + . /tmp/build/test/cases/_lib/lib.sh
[STDERR  ] 2017-09-12T17:51:33.460294351Z: + [ -f src/github.com/linuxkit/rtf/lib/lib.sh ]
[STDERR  ] 2017-09-12T17:51:33.460305528Z: + LINUXKIT_TMPDIR=/tmp/build/test/cases/_tmp
[STDERR  ] 2017-09-12T17:51:33.460316278Z: + [ -f /tmp/build/test/cases/_tmp/env.sh ]
[STDERR  ] 2017-09-12T17:51:33.460326584Z: + . /tmp/build/test/cases/_tmp/env.sh
[STDERR  ] 2017-09-12T17:51:33.460340991Z: + export LINUXKIT_EXAMPLES_DIR=/tmp/build/test/cases/../../examples
[STDERR  ] 2017-09-12T17:51:33.460352914Z: + export LINUXKIT_BLUEPRINTS_DIR=/tmp/build/test/cases/../../blueprints
[STDERR  ] 2017-09-12T17:51:33.460366139Z: + RT_CANCEL=253
[STDERR  ] 2017-09-12T17:51:33.460377294Z: + trap clean_up EXIT
[STDERR  ] 2017-09-12T17:51:33.460388932Z: + moby build -format kernel+initrd run.yml
[STDERR  ] 2017-09-12T17:51:33.472151194Z: Extract kernel image: linuxkit/kernel:4.9.49
[STDERR  ] 2017-09-12T17:51:35.233009509Z: Add init containers:
[STDERR  ] 2017-09-12T17:51:35.233074037Z: Process init image: linuxkit/init:79973d34faf7d4654462f3408c5eb00befaf03b8
[STDERR  ] 2017-09-12T17:51:36.49944287Z: Process init image: linuxkit/runc:a1b564248a0d0b118c11e61db9f84ecf41dd2d2a
[STDERR  ] 2017-09-12T17:51:37.802945421Z: Add onboot containers:
[STDERR  ] 2017-09-12T17:51:37.80303719Z:   Create OCI config for linuxkit/poweroff:1e9876c682c74d0602b7647c628bb0875fb13998
[STDERR  ] 2017-09-12T17:51:39.040912067Z: Create outputs:
[STDERR  ] 2017-09-12T17:51:42.703363359Z:   run-kernel run-initrd.img run-cmdline
[STDERR  ] 2017-09-12T17:51:42.751348073Z: + moby build -format kernel+initrd mkimage.yml
[STDERR  ] 2017-09-12T17:51:42.777588219Z: Extract kernel image: linuxkit/kernel:4.9.49
[STDERR  ] 2017-09-12T17:51:44.467590247Z: Add init containers:
[STDERR  ] 2017-09-12T17:51:44.467652169Z: Process init image: linuxkit/init:79973d34faf7d4654462f3408c5eb00befaf03b8
[STDERR  ] 2017-09-12T17:51:45.727642332Z: Process init image: linuxkit/runc:a1b564248a0d0b118c11e61db9f84ecf41dd2d2a
[STDERR  ] 2017-09-12T17:51:46.993746614Z: Add onboot containers:
[STDERR  ] 2017-09-12T17:51:46.993856498Z:   Create OCI config for linuxkit/mkimage:194193fb42cc999b8abe9c5966ed05dbef2a63c1
[STDERR  ] 2017-09-12T17:51:48.176641677Z: Pull image: docker.io/linuxkit/mkimage:194193fb42cc999b8abe9c5966ed05dbef2a63c1@sha256:09beae8e45e065ed3b00400fd81d0fd93b7976f4efe0e7b2c8c01c9118561814
[STDERR  ] 2017-09-12T17:51:53.058653535Z:   Create OCI config for linuxkit/poweroff:1e9876c682c74d0602b7647c628bb0875fb13998
[STDERR  ] 2017-09-12T17:51:54.274264605Z: Create outputs:
[STDERR  ] 2017-09-12T17:51:58.669145527Z:   mkimage-kernel mkimage-initrd.img mkimage-cmdline
[STDERR  ] 2017-09-12T17:51:58.722173906Z: + tar cf tarball.img run-kernel run-initrd.img run-cmdline
[STDERR  ] 2017-09-12T17:51:58.858500687Z: + linuxkit run qemu -disk disk.qcow2,size=200M,format=qcow2 -disk tarball.img,format=raw -kernel mkimage
[STDERR  ] 2017-09-12T17:51:58.877924073Z: Unable to find qemu-system-x86_64 within the $PATH. Using a container
[STDERR  ] 2017-09-12T17:51:59.480275134Z: Using existing disk [tarball.img] format raw
[STDOUT  ] 2017-09-12T17:52:01.465170914Z: [    0.000000] Linux version 4.9.49-linuxkit (root@e1ede117fb1e) (gcc version 6.3.0 (Alpine 6.3.0) ) #1 SMP Tue Sep 12 11:06:00 UTC 2017
[STDOUT  ] 2017-09-12T17:52:01.465723166Z: [    0.000000] Command line: console=ttyS0
[STDOUT  ] 2017-09-12T17:52:01.465900177Z: [    0.000000] x86/fpu: Legacy x87 FPU detected.
[STDOUT  ] 2017-09-12T17:52:01.466291489Z: [    0.000000] x86/fpu: Using 'eager' FPU context switches.
[STDOUT  ] 2017-09-12T17:52:01.466466599Z: [    0.000000] e820: BIOS-provided physical RAM map:
[STDOUT  ] 2017-09-12T17:52:01.466968946Z: [    0.000000] BIOS-e820: [mem 0x0000000000000000-0x000000000009fbff] usable
[STDOUT  ] 2017-09-12T17:52:01.467453973Z: [    0.000000] BIOS-e820: [mem 0x000000000009fc00-0x000000000009ffff] reserved
[STDOUT  ] 2017-09-12T17:52:01.46779469Z: [    0.000000] BIOS-e820: [mem 0x00000000000f0000-0x00000000000fffff] reserved
[STDOUT  ] 2017-09-12T17:52:01.4679652Z: [    0.000000] BIOS-e820: [mem 0x0000000000100000-0x000000003ffddfff] usable
[STDOUT  ] 2017-09-12T17:52:01.468310843Z: [    0.000000] BIOS-e820: [mem 0x000000003ffde000-0x000000003fffffff] reserved
[STDOUT  ] 2017-09-12T17:52:01.468656286Z: [    0.000000] BIOS-e820: [mem 0x00000000b0000000-0x00000000bfffffff] reserved
[STDOUT  ] 2017-09-12T17:52:01.468994816Z: [    0.000000] BIOS-e820: [mem 0x00000000fed1c000-0x00000000fed1ffff] reserved
[STDOUT  ] 2017-09-12T17:52:01.469322037Z: [    0.000000] BIOS-e820: [mem 0x00000000fffc0000-0x00000000ffffffff] reserved
[STDOUT  ] 2017-09-12T17:52:01.4694532Z: [    0.000000] NX (Execute Disable) protection: active
[STDOUT  ] 2017-09-12T17:52:01.469624002Z: [    0.000000] SMBIOS 2.8 present.
[STDOUT  ] 2017-09-12T17:52:01.470059333Z: [    0.000000] e820: last_pfn = 0x3ffde max_arch_pfn = 0x400000000
[STDOUT  ] 2017-09-12T17:52:01.470348975Z: [    0.000000] x86/PAT: Configuration [0-7]: WB  WC  UC- UC  WB  WC  UC- WT  
[STDOUT  ] 2017-09-12T17:52:01.470663251Z: [    0.000000] found SMP MP-table at [mem 0x000f6aa0-0x000f6aaf] mapped at [ffff8d7d000f6aa0]
[STDOUT  ] 2017-09-12T17:52:01.471005104Z: [    0.000000] RAMDISK: [mem 0x3e595000-0x3ffcffff]
[STDOUT  ] 2017-09-12T17:52:01.471168708Z: [    0.000000] ACPI: Early table checksum verification disabled
[STDOUT  ] 2017-09-12T17:52:01.471469675Z: [    0.000000] ACPI: RSDP 0x00000000000F68C0 000014 (v00 BOCHS )
[STDOUT  ] 2017-09-12T17:52:01.471770115Z: [    0.000000] ACPI: RSDT 0x000000003FFE2404 000034 (v01 BOCHS  BXPCRSDT 00000001 BXPC 00000001)
[STDOUT  ] 2017-09-12T17:52:01.472237986Z: [    0.000000] ACPI: FACP 0x000000003FFE22A4 000074 (v01 BOCHS  BXPCFACP 00000001 BXPC 00000001)
[STDOUT  ] 2017-09-12T17:52:01.472525101Z: [    0.000000] ACPI: DSDT 0x000000003FFE0040 002264 (v01 BOCHS  BXPCDSDT 00000001 BXPC 00000001)
[STDOUT  ] 2017-09-12T17:52:01.472679688Z: [    0.000000] ACPI: FACS 0x000000003FFE0000 000040
[STDOUT  ] 2017-09-12T17:52:01.473067846Z: [    0.000000] ACPI: APIC 0x000000003FFE2318 000078 (v01 BOCHS  BXPCAPIC 00000001 BXPC 00000001)
[STDOUT  ] 2017-09-12T17:52:01.473520182Z: [    0.000000] ACPI: HPET 0x000000003FFE2390 000038 (v01 BOCHS  BXPCHPET 00000001 BXPC 00000001)
[STDOUT  ] 2017-09-12T17:52:01.473801978Z: [    0.000000] ACPI: MCFG 0x000000003FFE23C8 00003C (v01 BOCHS  BXPCMCFG 00000001 BXPC 00000001)
[STDOUT  ] 2017-09-12T17:52:01.473967005Z: [    0.000000] Zone ranges:
[STDOUT  ] 2017-09-12T17:52:01.474273934Z: [    0.000000]   DMA      [mem 0x0000000000001000-0x0000000000ffffff]
[STDOUT  ] 2017-09-12T17:52:01.474578758Z: [    0.000000]   DMA32    [mem 0x0000000001000000-0x000000003ffddfff]
[STDOUT  ] 2017-09-12T17:52:01.474596371Z: [    0.000000]   Normal   empty
[STDOUT  ] 2017-09-12T17:52:01.474887224Z: [    0.000000] Movable zone start for each node
[STDOUT  ] 2017-09-12T17:52:01.47503007Z: [    0.000000] Early memory node ranges
[STDOUT  ] 2017-09-12T17:52:01.47533902Z: [    0.000000]   node   0: [mem 0x0000000000001000-0x000000000009efff]
[STDOUT  ] 2017-09-12T17:52:01.475644153Z: [    0.000000]   node   0: [mem 0x0000000000100000-0x000000003ffddfff]
[STDOUT  ] 2017-09-12T17:52:01.475945651Z: [    0.000000] Initmem setup node 0 [mem 0x0000000000001000-0x000000003ffddfff]
[STDOUT  ] 2017-09-12T17:52:01.476085538Z: [    0.000000] ACPI: PM-Timer IO Port: 0x608
[STDOUT  ] 2017-09-12T17:52:01.476403114Z: [    0.000000] ACPI: LAPIC_NMI (acpi_id[0xff] dfl dfl lint[0x1])
[STDOUT  ] 2017-09-12T17:52:01.476699524Z: [    0.000000] IOAPIC[0]: apic_id 0, version 32, address 0xfec00000, GSI 0-23
[STDOUT  ] 2017-09-12T17:52:01.476998823Z: [    0.000000] ACPI: INT_SRC_OVR (bus 0 bus_irq 0 global_irq 2 dfl dfl)
[STDOUT  ] 2017-09-12T17:52:01.477301647Z: [    0.000000] ACPI: INT_SRC_OVR (bus 0 bus_irq 5 global_irq 5 high level)
[STDOUT  ] 2017-09-12T17:52:01.477585287Z: [    0.000000] ACPI: INT_SRC_OVR (bus 0 bus_irq 9 global_irq 9 high level)
[STDOUT  ] 2017-09-12T17:52:01.477882071Z: [    0.000000] ACPI: INT_SRC_OVR (bus 0 bus_irq 10 global_irq 10 high level)
[STDOUT  ] 2017-09-12T17:52:01.478280773Z: [    0.000000] ACPI: INT_SRC_OVR (bus 0 bus_irq 11 global_irq 11 high level)
[STDOUT  ] 2017-09-12T17:52:01.478580115Z: [    0.000000] Using ACPI (MADT) for SMP configuration information
[STDOUT  ] 2017-09-12T17:52:01.478875164Z: [    0.000000] ACPI: HPET id: 0x8086a201 base: 0xfed00000
[STDOUT  ] 2017-09-12T17:52:01.479018997Z: [    0.000000] smpboot: Allowing 1 CPUs, 0 hotplug CPUs
[STDOUT  ] 2017-09-12T17:52:01.479312653Z: [    0.000000] e820: [mem 0x40000000-0xafffffff] available for PCI devices
[STDOUT  ] 2017-09-12T17:52:01.479603558Z: [    0.000000] Booting paravirtualized kernel on bare hardware
[STDOUT  ] 2017-09-12T17:52:01.480028494Z: [    0.000000] clocksource: refined-jiffies: mask: 0xffffffff max_cycles: 0xffffffff, max_idle_ns: 19112604462750000 ns
[STDOUT  ] 2017-09-12T17:52:01.48031979Z: [    0.000000] setup_percpu: NR_CPUS:128 nr_cpumask_bits:128 nr_cpu_ids:1 nr_node_ids:1
[STDOUT  ] 2017-09-12T17:52:01.480760978Z: [    0.000000] percpu: Embedded 35 pages/cpu @ffff8d7d3e200000 s105240 r8192 d29928 u2097152
[STDOUT  ] 2017-09-12T17:52:01.481041018Z: [    0.000000] Built 1 zonelists in Zone order, mobility grouping on.  Total pages: 257895
[STDOUT  ] 2017-09-12T17:52:01.481192221Z: [    0.000000] Kernel command line: console=ttyS0
[STDOUT  ] 2017-09-12T17:52:01.481485033Z: [    0.000000] PID hash table entries: 4096 (order: 3, 32768 bytes)
[STDOUT  ] 2017-09-12T17:52:01.481771217Z: [    0.000000] Dentry cache hash table entries: 131072 (order: 8, 1048576 bytes)
[STDOUT  ] 2017-09-12T17:52:01.482238917Z: [    0.000000] Inode-cache hash table entries: 65536 (order: 7, 524288 bytes)
[STDOUT  ] 2017-09-12T17:52:01.482534604Z: [    0.000000] Memory: 987308K/1048048K available (8033K kernel code, 1366K rwdata, 2696K rodata, 1380K init, 568K bss, 60740K reserved, 0K cma-reserved)
[STDOUT  ] 2017-09-12T17:52:01.482841987Z: [    0.000000] Hierarchical RCU implementation.
[STDOUT  ] 2017-09-12T17:52:01.4829791Z: [    0.000000] 	Build-time adjustment of leaf fanout to 64.
[STDOUT  ] 2017-09-12T17:52:01.483392543Z: [    0.000000] 	RCU restricting CPUs from NR_CPUS=128 to nr_cpu_ids=1.
[STDOUT  ] 2017-09-12T17:52:01.483531493Z: [    0.000000] RCU: Adjusting geometry for rcu_fanout_leaf=64, nr_cpu_ids=1
[STDOUT  ] 2017-09-12T17:52:01.483834384Z: [    0.000000] NR_IRQS:8448 nr_irqs:256 16
[STDOUT  ] 2017-09-12T17:52:01.483977613Z: [    0.000000] Console: colour VGA+ 80x25
[STDOUT  ] 2017-09-12T17:52:01.484307784Z: [    0.000000] console [ttyS0] enabled
[STDOUT  ] 2017-09-12T17:52:01.488188092Z: [    0.000000] clocksource: hpet: mask: 0xffffffff max_cycles: 0xffffffff, max_idle_ns: 19112604467 ns
[STDOUT  ] 2017-09-12T17:52:01.523160122Z: [    0.000000] tsc: Fast TSC calibration using PIT
[STDOUT  ] 2017-09-12T17:52:01.528458255Z: [    0.000000] tsc: Detected 2600.029 MHz processor
[STDOUT  ] 2017-09-12T17:52:01.535246569Z: [    0.022495] Calibrating delay loop (skipped), value calculated using timer frequency.. 5200.05 BogoMIPS (lpj=26000290)
[STDOUT  ] 2017-09-12T17:52:01.535311292Z: [    0.023420] pid_max: default: 32768 minimum: 301
[STDOUT  ] 2017-09-12T17:52:01.535322963Z: [    0.024186] ACPI: Core revision 20160831
[STDOUT  ] 2017-09-12T17:52:01.580733774Z: [    0.070486] ACPI: 1 ACPI AML tables successfully acquired and loaded
[STDOUT  ] 2017-09-12T17:52:01.585599189Z: [    0.075601] Security Framework initialized
[STDOUT  ] 2017-09-12T17:52:01.585985607Z: [    0.076126] Yama: becoming mindful.
[STDOUT  ] 2017-09-12T17:52:01.588473946Z: [    0.078388] Mount-cache hash table entries: 2048 (order: 2, 16384 bytes)
[STDOUT  ] 2017-09-12T17:52:01.589129048Z: [    0.078968] Mountpoint-cache hash table entries: 2048 (order: 2, 16384 bytes)
[STDOUT  ] 2017-09-12T17:52:01.608511655Z: [    0.098505] Last level iTLB entries: 4KB 0, 2MB 0, 4MB 0
[STDOUT  ] 2017-09-12T17:52:01.609274512Z: [    0.099059] Last level dTLB entries: 4KB 0, 2MB 0, 4MB 0, 1GB 0
[STDOUT  ] 2017-09-12T17:52:01.913785742Z: [    0.403746] Freeing SMP alternatives memory: 20K
[STDOUT  ] 2017-09-12T17:52:01.924911023Z: [    0.414687] ftrace: allocating 35518 entries in 139 pages
[STDOUT  ] 2017-09-12T17:52:02.229045078Z: [    0.578888] smpboot: Max logical packages: 1
[STDOUT  ] 2017-09-12T17:52:02.237070171Z: [    0.586938] ..TIMER: vector=0x30 apic1=0 pin1=2 apic2=-1 pin2=-1
[STDOUT  ] 2017-09-12T17:52:02.451290133Z: [    0.690000] smpboot: CPU0: AMD QEMU Virtual CPU version 2.5+ (family: 0x6, model: 0x6, stepping: 0x3)
[STDOUT  ] 2017-09-12T17:52:02.453177885Z: [    0.690000] Performance Events: PMU not available due to virtualization, using software events only.
[STDOUT  ] 2017-09-12T17:52:02.471040307Z: [    0.700304] NMI watchdog: disabled (cpu0): hardware events not enabled
[STDOUT  ] 2017-09-12T17:52:02.471642891Z: [    0.700828] NMI watchdog: Shutting down hard lockup detector on all cpus
[STDOUT  ] 2017-09-12T17:52:02.475468618Z: [    0.704772] x86: Booted up 1 node, 1 CPUs
[STDOUT  ] 2017-09-12T17:52:02.476076306Z: [    0.705282] smpboot: Total of 1 processors activated (5200.05 BogoMIPS)
[STDOUT  ] 2017-09-12T17:52:02.490164702Z: [    0.719203] devtmpfs: initialized
[STDOUT  ] 2017-09-12T17:52:02.496994789Z: [    0.726153] x86/mm: Memory block size: 128MB
[STDOUT  ] 2017-09-12T17:52:02.558316002Z: [    0.787328] clocksource: jiffies: mask: 0xffffffff max_cycles: 0xffffffff, max_idle_ns: 19112604462750000 ns
[STDOUT  ] 2017-09-12T17:52:02.558869688Z: [    0.788256] futex hash table entries: 256 (order: 2, 16384 bytes)
[STDOUT  ] 2017-09-12T17:52:02.569395502Z: [    0.797284] NET: Registered protocol family 16
[STDOUT  ] 2017-09-12T17:52:02.580811867Z: [    0.810249] cpuidle: using governor ladder
[STDOUT  ] 2017-09-12T17:52:02.581367277Z: [    0.810755] cpuidle: using governor menu
[STDOUT  ] 2017-09-12T17:52:02.582491363Z: [    0.812013] ACPI: bus type PCI registered
[STDOUT  ] 2017-09-12T17:52:02.585699844Z: [    0.814837] PCI: MMCONFIG for domain 0000 [bus 00-ff] at [mem 0xb0000000-0xbfffffff] (base 0xb0000000)
[STDOUT  ] 2017-09-12T17:52:02.586289439Z: [    0.815620] PCI: MMCONFIG at [mem 0xb0000000-0xbfffffff] reserved in E820
[STDOUT  ] 2017-09-12T17:52:02.587661838Z: [    0.816981] PCI: Using configuration type 1 for base access
[STDOUT  ] 2017-09-12T17:52:02.643234045Z: [    0.872300] HugeTLB registered 2 MB page size, pre-allocated 0 pages
[STDOUT  ] 2017-09-12T17:52:02.65564717Z: [    0.884961] ACPI: Added _OSI(Module Device)
[STDOUT  ] 2017-09-12T17:52:02.656025847Z: [    0.885367] ACPI: Added _OSI(Processor Device)
[STDOUT  ] 2017-09-12T17:52:02.656383812Z: [    0.885701] ACPI: Added _OSI(3.0 _SCP Extensions)
[STDOUT  ] 2017-09-12T17:52:02.656535888Z: [    0.886010] ACPI: Added _OSI(Processor Aggregator Device)
[STDOUT  ] 2017-09-12T17:52:02.727275257Z: [    0.956577] ACPI: Interpreter enabled
[STDOUT  ] 2017-09-12T17:52:02.728106364Z: [    0.957627] ACPI: (supports S0 S5)
[STDOUT  ] 2017-09-12T17:52:02.728629259Z: [    0.957964] ACPI: Using IOAPIC for interrupt routing
[STDOUT  ] 2017-09-12T17:52:02.734874643Z: [    0.961142] PCI: Using host bridge windows from ACPI; if necessary, use "pci=nocrs" and report a bug
[STDOUT  ] 2017-09-12T17:52:02.794893396Z: [    1.024366] ACPI: PCI Root Bridge [PCI0] (domain 0000 [bus 00-ff])
[STDOUT  ] 2017-09-12T17:52:02.796028102Z: [    1.025324] acpi PNP0A08:00: _OSC: OS supports [ExtendedConfig ASPM ClockPM Segments MSI]
[STDOUT  ] 2017-09-12T17:52:02.803107193Z: [    1.032384] acpi PNP0A08:00: _OSC: OS now controls [PCIeHotplug PME PCIeCapability]
[STDOUT  ] 2017-09-12T17:52:02.806658376Z: [    1.036139] PCI host bridge to bus 0000:00
[STDOUT  ] 2017-09-12T17:52:02.807452411Z: [    1.036659] pci_bus 0000:00: root bus resource [io  0x0000-0x0cf7 window]
[STDOUT  ] 2017-09-12T17:52:02.807924469Z: [    1.037164] pci_bus 0000:00: root bus resource [io  0x0d00-0xffff window]
[STDOUT  ] 2017-09-12T17:52:02.808395616Z: [    1.037649] pci_bus 0000:00: root bus resource [mem 0x000a0000-0x000bffff window]
[STDOUT  ] 2017-09-12T17:52:02.808908245Z: [    1.038134] pci_bus 0000:00: root bus resource [mem 0xc0000000-0xfebfffff window]
[STDOUT  ] 2017-09-12T17:52:02.809535238Z: [    1.038839] pci_bus 0000:00: root bus resource [bus 00-ff]
[STDOUT  ] 2017-09-12T17:52:02.924687396Z: [    1.152536] pci 0000:00:1f.0: quirk: [io  0x0600-0x067f] claimed by ICH6 ACPI/GPIO/TCO
[STDOUT  ] 2017-09-12T17:52:02.98746198Z: [    1.216485] ACPI: PCI Interrupt Link [LNKA] (IRQs 5 *10 11)
[STDOUT  ] 2017-09-12T17:52:02.990169403Z: [    1.219307] ACPI: PCI Interrupt Link [LNKB] (IRQs 5 *10 11)
[STDOUT  ] 2017-09-12T17:52:02.99311908Z: [    1.221727] ACPI: PCI Interrupt Link [LNKC] (IRQs 5 10 *11)
[STDOUT  ] 2017-09-12T17:52:02.995045463Z: [    1.223556] ACPI: PCI Interrupt Link [LNKD] (IRQs 5 10 *11)
[STDOUT  ] 2017-09-12T17:52:02.996886664Z: [    1.225413] ACPI: PCI Interrupt Link [LNKE] (IRQs 5 *10 11)
[STDOUT  ] 2017-09-12T17:52:02.998779638Z: [    1.227250] ACPI: PCI Interrupt Link [LNKF] (IRQs 5 *10 11)
[STDOUT  ] 2017-09-12T17:52:03.001312654Z: [    1.230677] ACPI: PCI Interrupt Link [LNKG] (IRQs 5 10 *11)
[STDOUT  ] 2017-09-12T17:52:03.003725881Z: [    1.233002] ACPI: PCI Interrupt Link [LNKH] (IRQs 5 10 *11)
[STDOUT  ] 2017-09-12T17:52:03.004481653Z: [    1.234008] ACPI: PCI Interrupt Link [GSIA] (IRQs *16)
[STDOUT  ] 2017-09-12T17:52:03.005222462Z: [    1.234702] ACPI: PCI Interrupt Link [GSIB] (IRQs *17)
[STDOUT  ] 2017-09-12T17:52:03.005947134Z: [    1.235333] ACPI: PCI Interrupt Link [GSIC] (IRQs *18)
[STDOUT  ] 2017-09-12T17:52:03.006529034Z: [    1.236070] ACPI: PCI Interrupt Link [GSID] (IRQs *19)
[STDOUT  ] 2017-09-12T17:52:03.007288883Z: [    1.236747] ACPI: PCI Interrupt Link [GSIE] (IRQs *20)
[STDOUT  ] 2017-09-12T17:52:03.007869934Z: [    1.237413] ACPI: PCI Interrupt Link [GSIF] (IRQs *21)
[STDOUT  ] 2017-09-12T17:52:03.008545383Z: [    1.238056] ACPI: PCI Interrupt Link [GSIG] (IRQs *22)
[STDOUT  ] 2017-09-12T17:52:03.009145286Z: [    1.238687] ACPI: PCI Interrupt Link [GSIH] (IRQs *23)
[STDOUT  ] 2017-09-12T17:52:03.013035913Z: [    1.242508] ACPI: Enabled 2 GPEs in block 00 to 3F
[STDOUT  ] 2017-09-12T17:52:03.017223672Z: [    1.246783] SCSI subsystem initialized
[STDOUT  ] 2017-09-12T17:52:03.019215704Z: [    1.248742] ACPI: bus type USB registered
[STDOUT  ] 2017-09-12T17:52:03.020629231Z: [    1.250097] usbcore: registered new interface driver usbfs
[STDOUT  ] 2017-09-12T17:52:03.021594347Z: [    1.251048] usbcore: registered new interface driver hub
[STDOUT  ] 2017-09-12T17:52:03.022454729Z: [    1.251899] usbcore: registered new device driver usb
[STDOUT  ] 2017-09-12T17:52:03.023690999Z: [    1.253154] pps_core: LinuxPPS API ver. 1 registered
[STDOUT  ] 2017-09-12T17:52:03.024184637Z: [    1.253469] pps_core: Software ver. 5.3.6 - Copyright 2005-2007 Rodolfo Giometti <giometti@linux.it>
[STDOUT  ] 2017-09-12T17:52:03.024566099Z: [    1.254215] PTP clock support registered
[STDOUT  ] 2017-09-12T17:52:03.025796169Z: [    1.255369] wmi: Mapper loaded
[STDOUT  ] 2017-09-12T17:52:03.026985063Z: [    1.256596] PCI: Using ACPI for IRQ routing
[STDOUT  ] 2017-09-12T17:52:03.045459699Z: [    1.275001] NetLabel: Initializing
[STDOUT  ] 2017-09-12T17:52:03.045776747Z: [    1.275207] NetLabel:  domain hash size = 128
[STDOUT  ] 2017-09-12T17:52:03.046166585Z: [    1.275646] NetLabel:  protocols = UNLABELED CIPSOv4
[STDOUT  ] 2017-09-12T17:52:03.049017402Z: [    1.278459] NetLabel:  unlabeled traffic allowed by default
[STDOUT  ] 2017-09-12T17:52:03.050593915Z: [    1.279781] HPET: 3 timers in total, 0 timers will be used for per-cpu timer
[STDOUT  ] 2017-09-12T17:52:03.051754184Z: [    1.280466] hpet0: at MMIO 0xfed00000, IRQs 2, 8, 0
[STDOUT  ] 2017-09-12T17:52:03.052395755Z: [    1.281131] hpet0: 3 comparators, 64-bit 100.000000 MHz counter
[STDOUT  ] 2017-09-12T17:52:03.057685291Z: [    1.286535] clocksource: Switched to clocksource hpet
[STDOUT  ] 2017-09-12T17:52:03.322429205Z: [    1.544978] VFS: Disk quotas dquot_6.6.0
[STDOUT  ] 2017-09-12T17:52:03.323396005Z: [    1.545834] VFS: Dquot-cache hash table entries: 512 (order 0, 4096 bytes)
[STDOUT  ] 2017-09-12T17:52:03.327295532Z: [    1.549870] FS-Cache: Loaded
[STDOUT  ] 2017-09-12T17:52:03.332623995Z: [    1.555342] CacheFiles: Loaded
[STDOUT  ] 2017-09-12T17:52:03.33427175Z: [    1.557006] pnp: PnP ACPI init
[STDOUT  ] 2017-09-12T17:52:03.345310285Z: [    1.567945] pnp: PnP ACPI: found 5 devices
[STDOUT  ] 2017-09-12T17:52:03.39493506Z: [    1.617185] clocksource: acpi_pm: mask: 0xffffff max_cycles: 0xffffff, max_idle_ns: 2085701024 ns
[STDOUT  ] 2017-09-12T17:52:03.399304687Z: [    1.621843] NET: Registered protocol family 2
[STDOUT  ] 2017-09-12T17:52:03.406874535Z: [    1.629183] TCP established hash table entries: 8192 (order: 4, 65536 bytes)
[STDOUT  ] 2017-09-12T17:52:03.407749519Z: [    1.630351] TCP bind hash table entries: 8192 (order: 5, 131072 bytes)
[STDOUT  ] 2017-09-12T17:52:03.408753162Z: [    1.631140] TCP: Hash tables configured (established 8192 bind 8192)
[STDOUT  ] 2017-09-12T17:52:03.410624412Z: [    1.633106] UDP hash table entries: 512 (order: 2, 16384 bytes)
[STDOUT  ] 2017-09-12T17:52:03.41128639Z: [    1.633744] UDP-Lite hash table entries: 512 (order: 2, 16384 bytes)
[STDOUT  ] 2017-09-12T17:52:03.413696638Z: [    1.636267] NET: Registered protocol family 1
[STDOUT  ] 2017-09-12T17:52:03.414909861Z: [    1.637338] pci 0000:00:01.0: Video device with shadowed ROM at [mem 0x000c0000-0x000dffff]
[STDOUT  ] 2017-09-12T17:52:03.421916134Z: [    1.644650] Unpacking initramfs...
[STDOUT  ] 2017-09-12T17:52:06.840452221Z: [    5.063143] Freeing initrd memory: 26860K
[STDOUT  ] 2017-09-12T17:52:06.868235466Z: [    5.090791] PCLMULQDQ-NI instructions are not detected.
[STDOUT  ] 2017-09-12T17:52:06.869946659Z: [    5.092431] AVX or AES-NI instructions are not detected.
[STDOUT  ] 2017-09-12T17:52:06.870375611Z: [    5.093007] CPU feature 'AVX registers' is not supported.
[STDOUT  ] 2017-09-12T17:52:06.870972318Z: [    5.093460] CPU feature 'AVX registers' is not supported.
[STDOUT  ] 2017-09-12T17:52:06.871473551Z: [    5.093917] CPU feature 'AVX registers' is not supported.
[STDOUT  ] 2017-09-12T17:52:06.871827468Z: [    5.094369] CPU feature 'AVX registers' is not supported.
[STDOUT  ] 2017-09-12T17:52:06.872329035Z: [    5.094796] AVX2 or AES-NI instructions are not detected.
[STDOUT  ] 2017-09-12T17:52:06.872638078Z: [    5.095297] AVX2 instructions are not detected.
[STDOUT  ] 2017-09-12T17:52:06.880122867Z: [    5.102504] audit: initializing netlink subsys (disabled)
[STDOUT  ] 2017-09-12T17:52:06.881855679Z: [    5.104286] audit: type=2000 audit(1505238725.100:1): initialized
[STDOUT  ] 2017-09-12T17:52:06.889382674Z: [    5.111898] workingset: timestamp_bits=46 max_order=18 bucket_order=0
[STDOUT  ] 2017-09-12T17:52:06.895739957Z: [    5.118268] FS-Cache: Netfs 'cifs' registered for caching
[STDOUT  ] 2017-09-12T17:52:06.897176534Z: [    5.119771] fuse init (API version 7.26)
[STDOUT  ] 2017-09-12T17:52:06.900417738Z: [    5.122698] SGI XFS with ACLs, security attributes, no debug enabled
[STDOUT  ] 2017-09-12T17:52:06.904295821Z: [    5.126851] 9p: Installing v9fs 9p2000 file system support
[STDOUT  ] 2017-09-12T17:52:06.904869065Z: [    5.127399] FS-Cache: Netfs '9p' registered for caching
[STDOUT  ] 2017-09-12T17:52:06.940917202Z: [    5.163380] NET: Registered protocol family 38
[STDOUT  ] 2017-09-12T17:52:06.941538581Z: [    5.164196] Key type asymmetric registered
[STDOUT  ] 2017-09-12T17:52:06.942097963Z: [    5.164608] Asymmetric key parser 'x509' registered
[STDOUT  ] 2017-09-12T17:52:06.943271511Z: [    5.165707] Block layer SCSI generic (bsg) driver version 0.4 loaded (major 251)
[STDOUT  ] 2017-09-12T17:52:06.944769463Z: [    5.167409] io scheduler noop registered
[STDOUT  ] 2017-09-12T17:52:06.945257048Z: [    5.167818] io scheduler deadline registered (default)
[STDOUT  ] 2017-09-12T17:52:06.945774095Z: [    5.168542] io scheduler cfq registered
[STDOUT  ] 2017-09-12T17:52:06.949866579Z: [    5.172363] pci_hotplug: PCI Hot Plug PCI Core version: 0.5
[STDOUT  ] 2017-09-12T17:52:06.950526122Z: [    5.173107] pciehp: PCI Express Hot Plug Controller Driver version: 0.4
[STDOUT  ] 2017-09-12T17:52:06.951355696Z: [    5.173934] shpchp: Standard Hot Plug PCI Controller Driver version: 0.4
[STDOUT  ] 2017-09-12T17:52:06.952353309Z: [    5.174913] hv_vmbus: registering driver hyperv_fb
[STDOUT  ] 2017-09-12T17:52:06.955586549Z: [    5.177973] input: Power Button as /devices/LNXSYSTM:00/LNXPWRBN:00/input/input0
[STDOUT  ] 2017-09-12T17:52:06.956501696Z: [    5.179128] ACPI: Power Button [PWRF]
[STDOUT  ] 2017-09-12T17:52:06.963464512Z: [    5.186089] GHES: HEST is not enabled!
[STDOUT  ] 2017-09-12T17:52:06.974688446Z: [    5.196975] ACPI: PCI Interrupt Link [GSIG] enabled at IRQ 22
[STDOUT  ] 2017-09-12T17:52:06.987960842Z: [    5.210500] ACPI: PCI Interrupt Link [GSIH] enabled at IRQ 23
[STDOUT  ] 2017-09-12T17:52:06.993818894Z: [    5.216333] xenfs: not registering filesystem on non-xen platform
[STDOUT  ] 2017-09-12T17:52:06.99614498Z: [    5.218530] Serial: 8250/16550 driver, 4 ports, IRQ sharing disabled
[STDOUT  ] 2017-09-12T17:52:07.021786566Z: [    5.244229] 00:04: ttyS0 at I/O 0x3f8 (irq = 4, base_baud = 115200) is a 16550A
[STDOUT  ] 2017-09-12T17:52:07.034245438Z: [    5.256834] Non-volatile memory driver v1.3
[STDOUT  ] 2017-09-12T17:52:07.041009225Z: [    5.263360] Hangcheck: starting hangcheck timer 0.9.1 (tick is 180 seconds, margin is 60 seconds).
[STDOUT  ] 2017-09-12T17:52:07.077847637Z: [    5.300446] loop: module loaded
[STDOUT  ] 2017-09-12T17:52:07.093786033Z: [    5.316243] nbd: registered device at major 43
[STDOUT  ] 2017-09-12T17:52:07.135682612Z: [    5.358076] lpc_ich 0000:00:1f.0: I/O space for GPIO uninitialized
[STDOUT  ] 2017-09-12T17:52:07.138319104Z: [    5.360958] VMware PVSCSI driver - version 1.0.7.0-k
[STDOUT  ] 2017-09-12T17:52:07.139396639Z: [    5.361878] hv_vmbus: registering driver hv_storvsc
[STDOUT  ] 2017-09-12T17:52:07.149782597Z: [    5.372215] ACPI: PCI Interrupt Link [GSIA] enabled at IRQ 16
[STDOUT  ] 2017-09-12T17:52:07.157977523Z: [    5.380419] ahci 0000:00:1f.2: AHCI 0001.0000 32 slots 6 ports 1.5 Gbps 0x3f impl SATA mode
[STDOUT  ] 2017-09-12T17:52:07.158504147Z: [    5.381157] ahci 0000:00:1f.2: flags: 64bit ncq only 
[STDOUT  ] 2017-09-12T17:52:07.178549832Z: [    5.401194] scsi host0: ahci
[STDOUT  ] 2017-09-12T17:52:07.183868573Z: [    5.406624] scsi host1: ahci
[STDOUT  ] 2017-09-12T17:52:07.186332833Z: [    5.409027] scsi host2: ahci
[STDOUT  ] 2017-09-12T17:52:07.188802365Z: [    5.411505] scsi host3: ahci
[STDOUT  ] 2017-09-12T17:52:07.192004018Z: [    5.414775] scsi host4: ahci
[STDOUT  ] 2017-09-12T17:52:07.194765444Z: [    5.417545] scsi host5: ahci
[STDOUT  ] 2017-09-12T17:52:07.196953297Z: [    5.419392] ata1: SATA max UDMA/133 abar m4096@0xfebd2000 port 0xfebd2100 irq 24
[STDOUT  ] 2017-09-12T17:52:07.197675538Z: [    5.419954] ata2: SATA max UDMA/133 abar m4096@0xfebd2000 port 0xfebd2180 irq 24
[STDOUT  ] 2017-09-12T17:52:07.198345316Z: [    5.420846] ata3: SATA max UDMA/133 abar m4096@0xfebd2000 port 0xfebd2200 irq 24
[STDOUT  ] 2017-09-12T17:52:07.198777284Z: [    5.421303] ata4: SATA max UDMA/133 abar m4096@0xfebd2000 port 0xfebd2280 irq 24
[STDOUT  ] 2017-09-12T17:52:07.199249421Z: [    5.421802] ata5: SATA max UDMA/133 abar m4096@0xfebd2000 port 0xfebd2300 irq 24
[STDOUT  ] 2017-09-12T17:52:07.199702723Z: [    5.422262] ata6: SATA max UDMA/133 abar m4096@0xfebd2000 port 0xfebd2380 irq 24
[STDOUT  ] 2017-09-12T17:52:07.213390586Z: [    5.435895] tun: Universal TUN/TAP device driver, 1.6
[STDOUT  ] 2017-09-12T17:52:07.213949148Z: [    5.436373] tun: (C) 1999-2004 Max Krasnyansky <maxk@qualcomm.com>
[STDOUT  ] 2017-09-12T17:52:07.224642266Z: [    5.447132] VMware vmxnet3 virtual NIC driver - version 1.4.a.0-k-NAPI
[STDOUT  ] 2017-09-12T17:52:07.225517235Z: [    5.448101] hv_vmbus: registering driver hv_netvsc
[STDOUT  ] 2017-09-12T17:52:07.225823388Z: [    5.448459] Fusion MPT base driver 3.04.20
[STDOUT  ] 2017-09-12T17:52:07.226105038Z: [    5.448745] Copyright (c) 1999-2008 LSI Corporation
[STDOUT  ] 2017-09-12T17:52:07.226602609Z: [    5.449384] Fusion MPT SPI Host driver 3.04.20
[STDOUT  ] 2017-09-12T17:52:07.22926025Z: [    5.451665] i8042: PNP: PS/2 Controller [PNP0303:KBD,PNP0f13:MOU] at 0x60,0x64 irq 1,12
[STDOUT  ] 2017-09-12T17:52:07.233000708Z: [    5.455600] serio: i8042 KBD port at 0x60,0x64 irq 1
[STDOUT  ] 2017-09-12T17:52:07.233661771Z: [    5.456275] serio: i8042 AUX port at 0x60,0x64 irq 12
[STDOUT  ] 2017-09-12T17:52:07.236757176Z: [    5.459329] hv_vmbus: registering driver hyperv_keyboard
[STDOUT  ] 2017-09-12T17:52:07.239405504Z: [    5.462078] mousedev: PS/2 mouse device common for all mice
[STDOUT  ] 2017-09-12T17:52:07.244200623Z: [    5.466692] input: AT Translated Set 2 keyboard as /devices/platform/i8042/serio0/input/input1
[STDOUT  ] 2017-09-12T17:52:07.246874039Z: [    5.469497] input: PC Speaker as /devices/platform/pcspkr/input/input2
[STDOUT  ] 2017-09-12T17:52:07.250509848Z: [    5.473252] rtc_cmos 00:00: RTC can wake from S4
[STDOUT  ] 2017-09-12T17:52:07.253928504Z: [    5.476512] rtc_cmos 00:00: rtc core: registered rtc_cmos as rtc0
[STDOUT  ] 2017-09-12T17:52:07.255470947Z: [    5.477828] rtc_cmos 00:00: alarms up to one day, y3k, 114 bytes nvram, hpet irqs
[STDOUT  ] 2017-09-12T17:52:07.255974986Z: [    5.478605] i2c /dev entries driver
[STDOUT  ] 2017-09-12T17:52:07.258631452Z: [    5.481008] device-mapper: ioctl: 4.35.0-ioctl (2016-06-23) initialised: dm-devel@redhat.com
[STDOUT  ] 2017-09-12T17:52:07.263353996Z: [    5.485877] usbcore: registered new interface driver usbhid
[STDOUT  ] 2017-09-12T17:52:07.263548168Z: [    5.486295] usbhid: USB HID core driver
[STDOUT  ] 2017-09-12T17:52:07.264370764Z: [    5.487016] hv_utils: Registering HyperV Utility Driver
[STDOUT  ] 2017-09-12T17:52:07.264683662Z: [    5.487395] hv_vmbus: registering driver hv_util
[STDOUT  ] 2017-09-12T17:52:07.265000294Z: [    5.487719] hv_vmbus: registering driver hv_balloon
[STDOUT  ] 2017-09-12T17:52:07.265514195Z: [    5.488298] oprofile: using NMI interrupt.
[STDOUT  ] 2017-09-12T17:52:07.266603174Z: [    5.489368] GACT probability on
[STDOUT  ] 2017-09-12T17:52:07.267166035Z: [    5.489865] Mirror/redirect action on
[STDOUT  ] 2017-09-12T17:52:07.268299424Z: [    5.491073] Simple TC action Loaded
[STDOUT  ] 2017-09-12T17:52:07.26888253Z: [    5.491645] u32 classifier
[STDOUT  ] 2017-09-12T17:52:07.269197551Z: [    5.491833]     Performance counters on
[STDOUT  ] 2017-09-12T17:52:07.269448563Z: [    5.492120]     input device check on
[STDOUT  ] 2017-09-12T17:52:07.269812927Z: [    5.492392]     Actions configured
[STDOUT  ] 2017-09-12T17:52:07.270525633Z: [    5.493087] Netfilter messages via NETLINK v0.30.
[STDOUT  ] 2017-09-12T17:52:07.27138125Z: [    5.494122] nfnl_acct: registering with nfnetlink.
[STDOUT  ] 2017-09-12T17:52:07.272802004Z: [    5.495398] nf_conntrack version 0.5.0 (8192 buckets, 32768 max)
[STDOUT  ] 2017-09-12T17:52:07.275825717Z: [    5.498412] ctnetlink v0.93: registering with nfnetlink.
[STDOUT  ] 2017-09-12T17:52:07.279280067Z: [    5.501817] nf_tables: (c) 2007-2009 Patrick McHardy <kaber@trash.net>
[STDOUT  ] 2017-09-12T17:52:07.280222141Z: [    5.502679] nf_tables_compat: (c) 2012 Pablo Neira Ayuso <pablo@netfilter.org>
[STDOUT  ] 2017-09-12T17:52:07.282284819Z: [    5.505023] xt_time: kernel timezone is -0000
[STDOUT  ] 2017-09-12T17:52:07.282771893Z: [    5.505534] ip_set: protocol 6
[STDOUT  ] 2017-09-12T17:52:07.283606475Z: [    5.506196] IPVS: Registered protocols (TCP, UDP, SCTP, AH, ESP)
[STDOUT  ] 2017-09-12T17:52:07.284137298Z: [    5.506784] IPVS: Connection hash table configured (size=4096, memory=64Kbytes)
[STDOUT  ] 2017-09-12T17:52:07.285736625Z: [    5.508409] IPVS: Creating netns size=2104 id=0
[STDOUT  ] 2017-09-12T17:52:07.288837213Z: [    5.511526] IPVS: ipvs loaded.
[STDOUT  ] 2017-09-12T17:52:07.28938417Z: [    5.512023] IPVS: [rr] scheduler registered.
[STDOUT  ] 2017-09-12T17:52:07.289858293Z: [    5.512406] IPVS: [wrr] scheduler registered.
[STDOUT  ] 2017-09-12T17:52:07.290177323Z: [    5.512773] IPVS: [lc] scheduler registered.
[STDOUT  ] 2017-09-12T17:52:07.290358166Z: [    5.513044] IPVS: [wlc] scheduler registered.
[STDOUT  ] 2017-09-12T17:52:07.290716137Z: [    5.513356] IPVS: [fo] scheduler registered.
[STDOUT  ] 2017-09-12T17:52:07.290867639Z: [    5.513647] IPVS: [ovf] scheduler registered.
[STDOUT  ] 2017-09-12T17:52:07.291457264Z: [    5.514081] IPVS: [lblc] scheduler registered.
[STDOUT  ] 2017-09-12T17:52:07.291878304Z: [    5.514537] IPVS: [lblcr] scheduler registered.
[STDOUT  ] 2017-09-12T17:52:07.292180637Z: [    5.514888] IPVS: [dh] scheduler registered.
[STDOUT  ] 2017-09-12T17:52:07.292511281Z: [    5.515215] IPVS: [sh] scheduler registered.
[STDOUT  ] 2017-09-12T17:52:07.292828413Z: [    5.515521] IPVS: [sed] scheduler registered.
[STDOUT  ] 2017-09-12T17:52:07.293155456Z: [    5.515820] IPVS: [nq] scheduler registered.
[STDOUT  ] 2017-09-12T17:52:07.294048272Z: [    5.516616] IPVS: ftp: loaded support on port[0] = 21
[STDOUT  ] 2017-09-12T17:52:07.294956673Z: [    5.517557] ipip: IPv4 and MPLS over IPv4 tunneling driver
[STDOUT  ] 2017-09-12T17:52:07.299713006Z: [    5.522212] gre: GRE over IPv4 demultiplexor driver
[STDOUT  ] 2017-09-12T17:52:07.302418847Z: [    5.524948] ip_tables: (C) 2000-2006 Netfilter Core Team
[STDOUT  ] 2017-09-12T17:52:07.305657808Z: [    5.528210] ipt_CLUSTERIP: ClusterIP Version 0.8 loaded successfully
[STDOUT  ] 2017-09-12T17:52:07.306427646Z: [    5.528970] arp_tables: arp_tables: (C) 2002 David S. Miller
[STDOUT  ] 2017-09-12T17:52:07.309166852Z: [    5.531917] NET: Registered protocol family 10
[STDOUT  ] 2017-09-12T17:52:07.318865539Z: [    5.541322] ip6_tables: (C) 2000-2006 Netfilter Core Team
[STDOUT  ] 2017-09-12T17:52:07.326797723Z: [    5.549460] NET: Registered protocol family 17
[STDOUT  ] 2017-09-12T17:52:07.328386737Z: [    5.551123] Bridge firewalling registered
[STDOUT  ] 2017-09-12T17:52:07.328919022Z: [    5.551709] Ebtables v2.0 registered
[STDOUT  ] 2017-09-12T17:52:07.331084859Z: [    5.553590] 8021q: 802.1Q VLAN Support v1.8
[STDOUT  ] 2017-09-12T17:52:07.332506341Z: [    5.555173] 9pnet: Installing 9P2000 support
[STDOUT  ] 2017-09-12T17:52:07.333959572Z: [    5.556651] Key type dns_resolver registered
[STDOUT  ] 2017-09-12T17:52:07.335301416Z: [    5.557833] microcode: AMD CPU family 0x6 not supported
[STDOUT  ] 2017-09-12T17:52:07.339561541Z: [    5.562061] registered taskstats version 1
[STDOUT  ] 2017-09-12T17:52:07.531412822Z: [    5.753845] ata1: SATA link up 1.5 Gbps (SStatus 113 SControl 300)
[STDOUT  ] 2017-09-12T17:52:07.535886655Z: [    5.758463] ata2: SATA link up 1.5 Gbps (SStatus 113 SControl 300)
[STDOUT  ] 2017-09-12T17:52:07.538454635Z: [    5.760985] ata2.00: ATA-7: QEMU HARDDISK, 2.5+, max UDMA/100
[STDOUT  ] 2017-09-12T17:52:07.539007881Z: [    5.761429] ata2.00: 54860 sectors, multi 16: LBA48 NCQ (depth 31/32)
[STDOUT  ] 2017-09-12T17:52:07.539517841Z: [    5.762121] ata2.00: applying bridge limits
[STDOUT  ] 2017-09-12T17:52:07.541077441Z: [    5.763692] ata6: SATA link down (SStatus 0 SControl 300)
[STDOUT  ] 2017-09-12T17:52:07.542541183Z: [    5.765125] ata3: SATA link up 1.5 Gbps (SStatus 113 SControl 300)
[STDOUT  ] 2017-09-12T17:52:07.543360214Z: [    5.766006] ata3.00: ATAPI: QEMU DVD-ROM, 2.5+, max UDMA/100
[STDOUT  ] 2017-09-12T17:52:07.543836217Z: [    5.766455] ata3.00: applying bridge limits
[STDOUT  ] 2017-09-12T17:52:07.544963884Z: [    5.767509] ata3.00: configured for UDMA/100
[STDOUT  ] 2017-09-12T17:52:07.546751032Z: [    5.769342] ata4: SATA link down (SStatus 0 SControl 300)
[STDOUT  ] 2017-09-12T17:52:07.54744551Z: [    5.769874] ata5: SATA link down (SStatus 0 SControl 300)
[STDOUT  ] 2017-09-12T17:52:07.548489493Z: [    5.771012] ata2.00: configured for UDMA/100
[STDOUT  ] 2017-09-12T17:52:07.558216652Z: [    5.780547] ata1.00: ATA-7: QEMU HARDDISK, 2.5+, max UDMA/100
[STDOUT  ] 2017-09-12T17:52:07.558598182Z: [    5.781024] ata1.00: 409600 sectors, multi 16: LBA48 NCQ (depth 31/32)
[STDOUT  ] 2017-09-12T17:52:07.558838522Z: [    5.781500] ata1.00: applying bridge limits
[STDOUT  ] 2017-09-12T17:52:07.55959887Z: [    5.782270] ata1.00: configured for UDMA/100
[STDOUT  ] 2017-09-12T17:52:07.579945307Z: [    5.802281] scsi 0:0:0:0: Direct-Access     ATA      QEMU HARDDISK    2.5+ PQ: 0 ANSI: 5
[STDOUT  ] 2017-09-12T17:52:07.590659432Z: [    5.813069] sd 0:0:0:0: [sda] 409600 512-byte logical blocks: (210 MB/200 MiB)
[STDOUT  ] 2017-09-12T17:52:07.594368204Z: [    5.816872] sd 0:0:0:0: [sda] Write Protect is off
[STDOUT  ] 2017-09-12T17:52:07.59780789Z: [    5.819996] sd 0:0:0:0: [sda] Write cache: enabled, read cache: enabled, doesn't support DPO or FUA
[STDOUT  ] 2017-09-12T17:52:07.599198075Z: [    5.821948] Key type big_key registered
[STDOUT  ] 2017-09-12T17:52:07.600465412Z: [    5.823046] sd 0:0:0:0: Attached scsi generic sg0 type 0
[STDOUT  ] 2017-09-12T17:52:07.614575046Z: [    5.836975] scsi 1:0:0:0: Direct-Access     ATA      QEMU HARDDISK    2.5+ PQ: 0 ANSI: 5
[STDOUT  ] 2017-09-12T17:52:07.618640079Z: [    5.841192] sd 1:0:0:0: [sdb] 54860 512-byte logical blocks: (28.1 MB/26.8 MiB)
[STDOUT  ] 2017-09-12T17:52:07.620297939Z: [    5.842878] sd 1:0:0:0: [sdb] Write Protect is off
[STDOUT  ] 2017-09-12T17:52:07.62247855Z: [    5.844787] sd 1:0:0:0: [sdb] Write cache: enabled, read cache: enabled, doesn't support DPO or FUA
[STDOUT  ] 2017-09-12T17:52:07.623388865Z: [    5.845946] sd 1:0:0:0: Attached scsi generic sg1 type 0
[STDOUT  ] 2017-09-12T17:52:07.650592387Z: [    5.872832] scsi 2:0:0:0: CD-ROM            QEMU     QEMU DVD-ROM     2.5+ PQ: 0 ANSI: 5
[STDOUT  ] 2017-09-12T17:52:07.664520635Z: [    5.887116] sd 1:0:0:0: [sdb] Attached SCSI disk
[STDOUT  ] 2017-09-12T17:52:07.669944206Z: [    5.892488] sr 2:0:0:0: [sr0] scsi3-mmc drive: 4x/4x cd/rw xa/form2 tray
[STDOUT  ] 2017-09-12T17:52:07.670537522Z: [    5.893133] cdrom: Uniform CD-ROM driver Revision: 3.20
[STDOUT  ] 2017-09-12T17:52:07.681190468Z: [    5.903563] sd 0:0:0:0: [sda] Attached SCSI disk
[STDOUT  ] 2017-09-12T17:52:07.68337316Z: [    5.905871] sr 2:0:0:0: Attached scsi generic sg2 type 5
[STDOUT  ] 2017-09-12T17:52:07.714793284Z: [    5.937360] Key type encrypted registered
[STDOUT  ] 2017-09-12T17:52:07.721647017Z: [    5.944037] rtc_cmos 00:00: setting system clock to 2017-09-12 17:52:06 UTC (1505238726)
[STDOUT  ] 2017-09-12T17:52:07.869341692Z: [    6.091888] Freeing unused kernel memory: 1380K
[STDOUT  ] 2017-09-12T17:52:07.869803842Z: [    6.092302] Write protecting the kernel read-only data: 12288k
[STDOUT  ] 2017-09-12T17:52:07.872356174Z: [    6.094911] tsc: Refined TSC clocksource calibration: 2600.002 MHz
[STDOUT  ] 2017-09-12T17:52:07.873141155Z: [    6.095443] clocksource: tsc: mask: 0xffffffffffffffff max_cycles: 0x257a3e40e8d, max_idle_ns: 440795298933 ns
[STDOUT  ] 2017-09-12T17:52:07.880034656Z: [    6.102531] Freeing unused kernel memory: 144K
[STDOUT  ] 2017-09-12T17:52:07.99967986Z: [    6.222293] Freeing unused kernel memory: 1400K
[STDOUT  ] 2017-09-12T17:52:08.883402728Z: [    7.105975] clocksource: Switched to clocksource tsc
[STDOUT  ] 2017-09-12T17:52:16.896375121Z: 
[STDOUT  ] 2017-09-12T17:52:16.896917028Z: Welcome to LinuxKit
[STDOUT  ] 2017-09-12T17:52:16.897076089Z: 
[STDOUT  ] 2017-09-12T17:52:16.898484307Z:                         ##         .
[STDOUT  ] 2017-09-12T17:52:16.898985918Z:                   ## ## ##        ==
[STDOUT  ] 2017-09-12T17:52:16.899344295Z:                ## ## ## ## ##    ===
[STDOUT  ] 2017-09-12T17:52:16.899688955Z:            /"""""""""""""""""\___/ ===
[STDOUT  ] 2017-09-12T17:52:16.900018015Z:           {                       /  ===-
[STDOUT  ] 2017-09-12T17:52:16.900382873Z:            \______ O           __/
[STDOUT  ] 2017-09-12T17:52:16.90072403Z:              \    \         __/
[STDOUT  ] 2017-09-12T17:52:16.901112235Z:               \____\_______/
[STDOUT  ] 2017-09-12T17:52:16.90121722Z: 
[STDOUT  ] 2017-09-12T17:52:19.873495682Z: [   18.096234]  sda:
[STDOUT  ] 2017-09-12T17:52:19.935199905Z: [   18.157962]  sda:
[STDOUT  ] 2017-09-12T17:52:19.943453771Z: [   18.165789] random: sfdisk: uninitialized urandom read (4 bytes read)
[STDOUT  ] 2017-09-12T17:52:19.969281804Z: [   18.192061]  sda: sda1
[STDOUT  ] 2017-09-12T17:52:20.038198129Z: [   18.260968]  sda: sda1
[STDOUT  ] 2017-09-12T17:52:43.586441475Z: [   41.808831] random: mkfs.ext4: uninitialized urandom read (16 bytes read)
[STDOUT  ] 2017-09-12T17:52:43.588347812Z: [   41.810886] random: mkfs.ext4: uninitialized urandom read (16 bytes read)
[STDOUT  ] 2017-09-12T17:52:43.858872169Z: [   42.081392] EXT4-fs (sda1): couldn't mount as ext3 due to feature incompatibilities
[STDOUT  ] 2017-09-12T17:52:43.865457567Z: [   42.087897] EXT4-fs (sda1): couldn't mount as ext2 due to feature incompatibilities
[STDOUT  ] 2017-09-12T17:52:43.891637685Z: [   42.113852] EXT4-fs (sda1): mounted filesystem with ordered data mode. Opts: (null)
[STDOUT  ] 2017-09-12T17:52:44.466330192Z: [   42.689006] random: fast init done
[STDOUT  ] 2017-09-12T17:52:45.382646Z: /mnt is device /dev/sda1
[STDOUT  ] 2017-09-12T17:52:45.424814031Z: [   43.647437] extlinux: sending ioctl 4c05 to a partition!
[STDOUT  ] 2017-09-12T17:52:45.424948586Z: [   43.647697] extlinux: sending ioctl 4c03 to a partition!
[STDOUT  ] 2017-09-12T17:52:46.162539662Z: [   44.385199] umount: sending ioctl 4c01 to a partition!
[STDOUT  ] 2017-09-12T17:52:46.185661838Z: 1+0 records in
[STDOUT  ] 2017-09-12T17:52:46.185831641Z: 1+0 records out
[STDOUT  ] 2017-09-12T17:52:46.220876886Z: The bootable flag on partition 1 is enabled now.
[STDOUT  ] 2017-09-12T17:52:46.22273089Z: 
[STDOUT  ] 2017-09-12T17:52:46.22327915Z: The partition table has been altered.
[STDOUT  ] 2017-09-12T17:52:46.225621243Z: Calling ioctl() to re-read partition table.
[STDOUT  ] 2017-09-12T17:52:46.238162938Z: [   44.460879]  sda: sda1
[STDOUT  ] 2017-09-12T17:52:46.245926506Z: Syncing disks.
[STDOUT  ] 2017-09-12T17:53:17.588835939Z: [   75.811306] sd 1:0:0:0: [sdb] Synchronizing SCSI cache
[STDOUT  ] 2017-09-12T17:53:17.589512766Z: [   75.812249] sd 1:0:0:0: [sdb] Stopping disk
[STDOUT  ] 2017-09-12T17:53:17.590322916Z: [   75.812878] sd 0:0:0:0: [sda] Synchronizing SCSI cache
[STDOUT  ] 2017-09-12T17:53:17.590641338Z: [   75.813372] sd 0:0:0:0: [sda] Stopping disk
[STDOUT  ] 2017-09-12T17:53:17.593077656Z: [   75.815733] ACPI: Preparing to enter system sleep state S5
[STDOUT  ] 2017-09-12T17:53:17.594020051Z: [   75.816745] reboot: Power down
[STDERR  ] 2017-09-12T17:53:17.873849795Z: + linuxkit run qemu disk.qcow2
[STDERR  ] 2017-09-12T17:53:17.890917071Z: Unable to find qemu-system-x86_64 within the $PATH. Using a container
[STDERR  ] 2017-09-12T17:53:17.890984589Z: Using existing disk [disk.qcow2] format 
[STDOUT  ] 2017-09-12T17:53:24.086591468Z: [    0.000000] Linux version 4.9.49-linuxkit (root@e1ede117fb1e) (gcc version 6.3.0 (Alpine 6.3.0) ) #1 SMP Tue Sep 12 11:06:00 UTC 2017
[STDOUT  ] 2017-09-12T17:53:24.086671168Z: [    0.000000] Command line: BOOT_IMAGE=/kernel console=ttyS0 initrd=/initrd.img
[STDOUT  ] 2017-09-12T17:53:24.08669519Z: [    0.000000] x86/fpu: Legacy x87 FPU detected.
[STDOUT  ] 2017-09-12T17:53:24.086718865Z: [    0.000000] x86/fpu: Using 'eager' FPU context switches.
[STDOUT  ] 2017-09-12T17:53:24.08674347Z: [    0.000000] e820: BIOS-provided physical RAM map:
[STDOUT  ] 2017-09-12T17:53:24.086766658Z: [    0.000000] BIOS-e820: [mem 0x0000000000000000-0x000000000009fbff] usable
[STDOUT  ] 2017-09-12T17:53:24.087349312Z: [    0.000000] BIOS-e820: [mem 0x000000000009fc00-0x000000000009ffff] reserved
[STDOUT  ] 2017-09-12T17:53:24.08739855Z: [    0.000000] BIOS-e820: [mem 0x00000000000f0000-0x00000000000fffff] reserved
[STDOUT  ] 2017-09-12T17:53:24.087421903Z: [    0.000000] BIOS-e820: [mem 0x0000000000100000-0x000000003ffdefff] usable
[STDOUT  ] 2017-09-12T17:53:24.087506925Z: [    0.000000] BIOS-e820: [mem 0x000000003ffdf000-0x000000003fffffff] reserved
[STDOUT  ] 2017-09-12T17:53:24.087753149Z: [    0.000000] BIOS-e820: [mem 0x00000000b0000000-0x00000000bfffffff] reserved
[STDOUT  ] 2017-09-12T17:53:24.088083798Z: [    0.000000] BIOS-e820: [mem 0x00000000fed1c000-0x00000000fed1ffff] reserved
[STDOUT  ] 2017-09-12T17:53:24.088353843Z: [    0.000000] BIOS-e820: [mem 0x00000000fffc0000-0x00000000ffffffff] reserved
[STDOUT  ] 2017-09-12T17:53:24.088658666Z: [    0.000000] NX (Execute Disable) protection: active
[STDOUT  ] 2017-09-12T17:53:24.088751295Z: [    0.000000] SMBIOS 2.8 present.
[STDOUT  ] 2017-09-12T17:53:24.088780422Z: [    0.000000] e820: last_pfn = 0x3ffdf max_arch_pfn = 0x400000000
[STDOUT  ] 2017-09-12T17:53:24.089321762Z: [    0.000000] x86/PAT: Configuration [0-7]: WB  WC  UC- UC  WB  WC  UC- WT  
[STDOUT  ] 2017-09-12T17:53:24.089521459Z: [    0.000000] found SMP MP-table at [mem 0x000f6aa0-0x000f6aaf] mapped at [ffff90a4400f6aa0]
[STDOUT  ] 2017-09-12T17:53:24.089778016Z: [    0.000000] RAMDISK: [mem 0x3eb59000-0x3ffdefff]
[STDOUT  ] 2017-09-12T17:53:24.09000425Z: [    0.000000] ACPI: Early table checksum verification disabled
[STDOUT  ] 2017-09-12T17:53:24.090418502Z: [    0.000000] ACPI: RSDP 0x00000000000F68C0 000014 (v00 BOCHS )
[STDOUT  ] 2017-09-12T17:53:24.090756379Z: [    0.000000] ACPI: RSDT 0x000000003FFE2404 000034 (v01 BOCHS  BXPCRSDT 00000001 BXPC 00000001)
[STDOUT  ] 2017-09-12T17:53:24.09093018Z: [    0.000000] ACPI: FACP 0x000000003FFE22A4 000074 (v01 BOCHS  BXPCFACP 00000001 BXPC 00000001)
[STDOUT  ] 2017-09-12T17:53:24.0913748Z: [    0.000000] ACPI: DSDT 0x000000003FFE0040 002264 (v01 BOCHS  BXPCDSDT 00000001 BXPC 00000001)
[STDOUT  ] 2017-09-12T17:53:24.091583156Z: [    0.000000] ACPI: FACS 0x000000003FFE0000 000040
[STDOUT  ] 2017-09-12T17:53:24.092028663Z: [    0.000000] ACPI: APIC 0x000000003FFE2318 000078 (v01 BOCHS  BXPCAPIC 00000001 BXPC 00000001)
[STDOUT  ] 2017-09-12T17:53:24.092444843Z: [    0.000000] ACPI: HPET 0x000000003FFE2390 000038 (v01 BOCHS  BXPCHPET 00000001 BXPC 00000001)
[STDOUT  ] 2017-09-12T17:53:24.092893945Z: [    0.000000] ACPI: MCFG 0x000000003FFE23C8 00003C (v01 BOCHS  BXPCMCFG 00000001 BXPC 00000001)
[STDOUT  ] 2017-09-12T17:53:24.09291301Z: [    0.000000] Zone ranges:
[STDOUT  ] 2017-09-12T17:53:24.092923909Z: [    0.000000]   DMA      [mem 0x0000000000001000-0x0000000000ffffff]
[STDOUT  ] 2017-09-12T17:53:24.093160955Z: [    0.000000]   DMA32    [mem 0x0000000001000000-0x000000003ffdefff]
[STDOUT  ] 2017-09-12T17:53:24.093188185Z: [    0.000000]   Normal   empty
[STDOUT  ] 2017-09-12T17:53:24.093315563Z: [    0.000000] Movable zone start for each node
[STDOUT  ] 2017-09-12T17:53:24.093624802Z: [    0.000000] Early memory node ranges
[STDOUT  ] 2017-09-12T17:53:24.093710423Z: [    0.000000]   node   0: [mem 0x0000000000001000-0x000000000009efff]
[STDOUT  ] 2017-09-12T17:53:24.093847213Z: [    0.000000]   node   0: [mem 0x0000000000100000-0x000000003ffdefff]
[STDOUT  ] 2017-09-12T17:53:24.0941661Z: [    0.000000] Initmem setup node 0 [mem 0x0000000000001000-0x000000003ffdefff]
[STDOUT  ] 2017-09-12T17:53:24.094314963Z: [    0.000000] ACPI: PM-Timer IO Port: 0x608
[STDOUT  ] 2017-09-12T17:53:24.094474615Z: [    0.000000] ACPI: LAPIC_NMI (acpi_id[0xff] dfl dfl lint[0x1])
[STDOUT  ] 2017-09-12T17:53:24.094781798Z: [    0.000000] IOAPIC[0]: apic_id 0, version 32, address 0xfec00000, GSI 0-23
[STDOUT  ] 2017-09-12T17:53:24.094920356Z: [    0.000000] ACPI: INT_SRC_OVR (bus 0 bus_irq 0 global_irq 2 dfl dfl)
[STDOUT  ] 2017-09-12T17:53:24.095288066Z: [    0.000000] ACPI: INT_SRC_OVR (bus 0 bus_irq 5 global_irq 5 high level)
[STDOUT  ] 2017-09-12T17:53:24.095475663Z: [    0.000000] ACPI: INT_SRC_OVR (bus 0 bus_irq 9 global_irq 9 high level)
[STDOUT  ] 2017-09-12T17:53:24.095715695Z: [    0.000000] ACPI: INT_SRC_OVR (bus 0 bus_irq 10 global_irq 10 high level)
[STDOUT  ] 2017-09-12T17:53:24.096027428Z: [    0.000000] ACPI: INT_SRC_OVR (bus 0 bus_irq 11 global_irq 11 high level)
[STDOUT  ] 2017-09-12T17:53:24.096172355Z: [    0.000000] Using ACPI (MADT) for SMP configuration information
[STDOUT  ] 2017-09-12T17:53:24.096470398Z: [    0.000000] ACPI: HPET id: 0x8086a201 base: 0xfed00000
[STDOUT  ] 2017-09-12T17:53:24.096625955Z: [    0.000000] smpboot: Allowing 1 CPUs, 0 hotplug CPUs
[STDOUT  ] 2017-09-12T17:53:24.096776498Z: [    0.000000] e820: [mem 0x40000000-0xafffffff] available for PCI devices
[STDOUT  ] 2017-09-12T17:53:24.09709171Z: [    0.000000] Booting paravirtualized kernel on bare hardware
[STDOUT  ] 2017-09-12T17:53:24.097379529Z: [    0.000000] clocksource: refined-jiffies: mask: 0xffffffff max_cycles: 0xffffffff, max_idle_ns: 19112604462750000 ns
[STDOUT  ] 2017-09-12T17:53:24.097684309Z: [    0.000000] setup_percpu: NR_CPUS:128 nr_cpumask_bits:128 nr_cpu_ids:1 nr_node_ids:1
[STDOUT  ] 2017-09-12T17:53:24.097979092Z: [    0.000000] percpu: Embedded 35 pages/cpu @ffff90a47e800000 s105240 r8192 d29928 u2097152
[STDOUT  ] 2017-09-12T17:53:24.098273712Z: [    0.000000] Built 1 zonelists in Zone order, mobility grouping on.  Total pages: 257896
[STDOUT  ] 2017-09-12T17:53:24.098571998Z: [    0.000000] Kernel command line: BOOT_IMAGE=/kernel console=ttyS0 initrd=/initrd.img
[STDOUT  ] 2017-09-12T17:53:24.098709033Z: [    0.000000] PID hash table entries: 4096 (order: 3, 32768 bytes)
[STDOUT  ] 2017-09-12T17:53:24.099031083Z: [    0.000000] Dentry cache hash table entries: 131072 (order: 8, 1048576 bytes)
[STDOUT  ] 2017-09-12T17:53:24.099328756Z: [    0.000000] Inode-cache hash table entries: 65536 (order: 7, 524288 bytes)
[STDOUT  ] 2017-09-12T17:53:24.09976204Z: [    0.000000] Memory: 993156K/1048052K available (8033K kernel code, 1366K rwdata, 2696K rodata, 1380K init, 568K bss, 54896K reserved, 0K cma-reserved)
[STDOUT  ] 2017-09-12T17:53:24.09989567Z: [    0.000000] Hierarchical RCU implementation.
[STDOUT  ] 2017-09-12T17:53:24.100050195Z: [    0.000000] 	Build-time adjustment of leaf fanout to 64.
[STDOUT  ] 2017-09-12T17:53:24.100365386Z: [    0.000000] 	RCU restricting CPUs from NR_CPUS=128 to nr_cpu_ids=1.
[STDOUT  ] 2017-09-12T17:53:24.10050336Z: [    0.000000] RCU: Adjusting geometry for rcu_fanout_leaf=64, nr_cpu_ids=1
[STDOUT  ] 2017-09-12T17:53:24.100748326Z: [    0.000000] NR_IRQS:8448 nr_irqs:256 16
[STDOUT  ] 2017-09-12T17:53:24.10076689Z: [    0.000000] Console: colour VGA+ 80x25
[STDOUT  ] 2017-09-12T17:53:24.10112581Z: [    0.000000] console [ttyS0] enabled
[STDOUT  ] 2017-09-12T17:53:24.104709473Z: [    0.000000] clocksource: hpet: mask: 0xffffffff max_cycles: 0xffffffff, max_idle_ns: 19112604467 ns
[STDOUT  ] 2017-09-12T17:53:24.140985661Z: [    0.000000] tsc: Fast TSC calibration using PIT
[STDOUT  ] 2017-09-12T17:53:24.146710207Z: [    0.000000] tsc: Detected 2599.994 MHz processor
[STDOUT  ] 2017-09-12T17:53:24.149402399Z: [    0.021441] Calibrating delay loop (skipped), value calculated using timer frequency.. 5199.98 BogoMIPS (lpj=25999940)
[STDOUT  ] 2017-09-12T17:53:24.150051735Z: [    0.022654] pid_max: default: 32768 minimum: 301
[STDOUT  ] 2017-09-12T17:53:24.15112427Z: [    0.023770] ACPI: Core revision 20160831
[STDOUT  ] 2017-09-12T17:53:24.19283007Z: [    0.066269] ACPI: 1 ACPI AML tables successfully acquired and loaded
[STDOUT  ] 2017-09-12T17:53:24.197735308Z: [    0.071384] Security Framework initialized
[STDOUT  ] 2017-09-12T17:53:24.198166923Z: [    0.071821] Yama: becoming mindful.
[STDOUT  ] 2017-09-12T17:53:24.200528098Z: [    0.073966] Mount-cache hash table entries: 2048 (order: 2, 16384 bytes)
[STDOUT  ] 2017-09-12T17:53:24.201173804Z: [    0.074543] Mountpoint-cache hash table entries: 2048 (order: 2, 16384 bytes)
[STDOUT  ] 2017-09-12T17:53:24.220428984Z: [    0.093886] Last level iTLB entries: 4KB 0, 2MB 0, 4MB 0
[STDOUT  ] 2017-09-12T17:53:24.220902904Z: [    0.094430] Last level dTLB entries: 4KB 0, 2MB 0, 4MB 0, 1GB 0
[STDOUT  ] 2017-09-12T17:53:24.515713339Z: [    0.389334] Freeing SMP alternatives memory: 20K
[STDOUT  ] 2017-09-12T17:53:24.526908898Z: [    0.400377] ftrace: allocating 35518 entries in 139 pages
[STDOUT  ] 2017-09-12T17:53:24.823867976Z: [    0.557419] smpboot: Max logical packages: 1
[STDOUT  ] 2017-09-12T17:53:24.831958554Z: [    0.565484] ..TIMER: vector=0x30 apic1=0 pin1=2 apic2=-1 pin2=-1
[STDOUT  ] 2017-09-12T17:53:25.047970377Z: [    0.670000] smpboot: CPU0: AMD QEMU Virtual CPU version 2.5+ (family: 0x6, model: 0x6, stepping: 0x3)
[STDOUT  ] 2017-09-12T17:53:25.049730632Z: [    0.670000] Performance Events: PMU not available due to virtualization, using software events only.
[STDOUT  ] 2017-09-12T17:53:25.066123906Z: [    0.678769] NMI watchdog: disabled (cpu0): hardware events not enabled
[STDOUT  ] 2017-09-12T17:53:25.066835036Z: [    0.679319] NMI watchdog: Shutting down hard lockup detector on all cpus
[STDOUT  ] 2017-09-12T17:53:25.070894935Z: [    0.683592] x86: Booted up 1 node, 1 CPUs
[STDOUT  ] 2017-09-12T17:53:25.071541289Z: [    0.684104] smpboot: Total of 1 processors activated (5199.98 BogoMIPS)
[STDOUT  ] 2017-09-12T17:53:25.085811263Z: [    0.698376] devtmpfs: initialized
[STDOUT  ] 2017-09-12T17:53:25.090671992Z: [    0.703594] x86/mm: Memory block size: 128MB
[STDOUT  ] 2017-09-12T17:53:25.152567313Z: [    0.765064] clocksource: jiffies: mask: 0xffffffff max_cycles: 0xffffffff, max_idle_ns: 19112604462750000 ns
[STDOUT  ] 2017-09-12T17:53:25.153343159Z: [    0.766181] futex hash table entries: 256 (order: 2, 16384 bytes)
[STDOUT  ] 2017-09-12T17:53:25.162948408Z: [    0.775812] NET: Registered protocol family 16
[STDOUT  ] 2017-09-12T17:53:25.172277597Z: [    0.785114] cpuidle: using governor ladder
[STDOUT  ] 2017-09-12T17:53:25.172799431Z: [    0.785669] cpuidle: using governor menu
[STDOUT  ] 2017-09-12T17:53:25.174058044Z: [    0.787123] ACPI: bus type PCI registered
[STDOUT  ] 2017-09-12T17:53:25.177395886Z: [    0.790000] PCI: MMCONFIG for domain 0000 [bus 00-ff] at [mem 0xb0000000-0xbfffffff] (base 0xb0000000)
[STDOUT  ] 2017-09-12T17:53:25.178115867Z: [    0.790945] PCI: MMCONFIG at [mem 0xb0000000-0xbfffffff] reserved in E820
[STDOUT  ] 2017-09-12T17:53:25.17964649Z: [    0.792407] PCI: Using configuration type 1 for base access
[STDOUT  ] 2017-09-12T17:53:25.234074539Z: [    0.846718] HugeTLB registered 2 MB page size, pre-allocated 0 pages
[STDOUT  ] 2017-09-12T17:53:25.246168267Z: [    0.859098] ACPI: Added _OSI(Module Device)
[STDOUT  ] 2017-09-12T17:53:25.246472698Z: [    0.859467] ACPI: Added _OSI(Processor Device)
[STDOUT  ] 2017-09-12T17:53:25.247184971Z: [    0.859862] ACPI: Added _OSI(3.0 _SCP Extensions)
[STDOUT  ] 2017-09-12T17:53:25.247583941Z: [    0.860095] ACPI: Added _OSI(Processor Aggregator Device)
[STDOUT  ] 2017-09-12T17:53:25.315462139Z: [    0.928428] ACPI: Interpreter enabled
[STDOUT  ] 2017-09-12T17:53:25.316586421Z: [    0.929555] ACPI: (supports S0 S5)
[STDOUT  ] 2017-09-12T17:53:25.317614936Z: [    0.930116] ACPI: Using IOAPIC for interrupt routing
[STDOUT  ] 2017-09-12T17:53:25.320435576Z: [    0.932942] PCI: Using host bridge windows from ACPI; if necessary, use "pci=nocrs" and report a bug
[STDOUT  ] 2017-09-12T17:53:25.380824882Z: [    0.993558] ACPI: PCI Root Bridge [PCI0] (domain 0000 [bus 00-ff])
[STDOUT  ] 2017-09-12T17:53:25.382173979Z: [    0.994928] acpi PNP0A08:00: _OSC: OS supports [ExtendedConfig ASPM ClockPM Segments MSI]
[STDOUT  ] 2017-09-12T17:53:25.389378772Z: [    1.001870] acpi PNP0A08:00: _OSC: OS now controls [PCIeHotplug PME PCIeCapability]
[STDOUT  ] 2017-09-12T17:53:25.392902389Z: [    1.005617] PCI host bridge to bus 0000:00
[STDOUT  ] 2017-09-12T17:53:25.393513891Z: [    1.006115] pci_bus 0000:00: root bus resource [io  0x0000-0x0cf7 window]
[STDOUT  ] 2017-09-12T17:53:25.394019324Z: [    1.006607] pci_bus 0000:00: root bus resource [io  0x0d00-0xffff window]
[STDOUT  ] 2017-09-12T17:53:25.394513452Z: [    1.007127] pci_bus 0000:00: root bus resource [mem 0x000a0000-0x000bffff window]
[STDOUT  ] 2017-09-12T17:53:25.394997448Z: [    1.007632] pci_bus 0000:00: root bus resource [mem 0xc0000000-0xfebfffff window]
[STDOUT  ] 2017-09-12T17:53:25.395574571Z: [    1.008355] pci_bus 0000:00: root bus resource [bus 00-ff]
[STDOUT  ] 2017-09-12T17:53:25.503526587Z: [    1.115614] pci 0000:00:1f.0: quirk: [io  0x0600-0x067f] claimed by ICH6 ACPI/GPIO/TCO
[STDOUT  ] 2017-09-12T17:53:25.56564173Z: [    1.178035] ACPI: PCI Interrupt Link [LNKA] (IRQs 5 *10 11)
[STDOUT  ] 2017-09-12T17:53:25.569190229Z: [    1.181293] ACPI: PCI Interrupt Link [LNKB] (IRQs 5 *10 11)
[STDOUT  ] 2017-09-12T17:53:25.571378114Z: [    1.183506] ACPI: PCI Interrupt Link [LNKC] (IRQs 5 10 *11)
[STDOUT  ] 2017-09-12T17:53:25.57327887Z: [    1.185340] ACPI: PCI Interrupt Link [LNKD] (IRQs 5 10 *11)
[STDOUT  ] 2017-09-12T17:53:25.57501992Z: [    1.187102] ACPI: PCI Interrupt Link [LNKE] (IRQs 5 *10 11)
[STDOUT  ] 2017-09-12T17:53:25.577025141Z: [    1.188848] ACPI: PCI Interrupt Link [LNKF] (IRQs 5 *10 11)
[STDOUT  ] 2017-09-12T17:53:25.578827861Z: [    1.191541] ACPI: PCI Interrupt Link [LNKG] (IRQs 5 10 *11)
[STDOUT  ] 2017-09-12T17:53:25.580608533Z: [    1.193340] ACPI: PCI Interrupt Link [LNKH] (IRQs 5 10 *11)
[STDOUT  ] 2017-09-12T17:53:25.581333763Z: [    1.194263] ACPI: PCI Interrupt Link [GSIA] (IRQs *16)
[STDOUT  ] 2017-09-12T17:53:25.582123486Z: [    1.194920] ACPI: PCI Interrupt Link [GSIB] (IRQs *17)
[STDOUT  ] 2017-09-12T17:53:25.582878377Z: [    1.195658] ACPI: PCI Interrupt Link [GSIC] (IRQs *18)
[STDOUT  ] 2017-09-12T17:53:25.583597816Z: [    1.196406] ACPI: PCI Interrupt Link [GSID] (IRQs *19)
[STDOUT  ] 2017-09-12T17:53:25.584186316Z: [    1.197153] ACPI: PCI Interrupt Link [GSIE] (IRQs *20)
[STDOUT  ] 2017-09-12T17:53:25.584892607Z: [    1.197837] ACPI: PCI Interrupt Link [GSIF] (IRQs *21)
[STDOUT  ] 2017-09-12T17:53:25.585538217Z: [    1.198507] ACPI: PCI Interrupt Link [GSIG] (IRQs *22)
[STDOUT  ] 2017-09-12T17:53:25.58634714Z: [    1.199171] ACPI: PCI Interrupt Link [GSIH] (IRQs *23)
[STDOUT  ] 2017-09-12T17:53:25.590023949Z: [    1.202956] ACPI: Enabled 2 GPEs in block 00 to 3F
[STDOUT  ] 2017-09-12T17:53:25.594150875Z: [    1.207166] SCSI subsystem initialized
[STDOUT  ] 2017-09-12T17:53:25.596088242Z: [    1.209126] ACPI: bus type USB registered
[STDOUT  ] 2017-09-12T17:53:25.597522679Z: [    1.210393] usbcore: registered new interface driver usbfs
[STDOUT  ] 2017-09-12T17:53:25.598494026Z: [    1.211315] usbcore: registered new interface driver hub
[STDOUT  ] 2017-09-12T17:53:25.599284438Z: [    1.212204] usbcore: registered new device driver usb
[STDOUT  ] 2017-09-12T17:53:25.600472178Z: [    1.213382] pps_core: LinuxPPS API ver. 1 registered
[STDOUT  ] 2017-09-12T17:53:25.600992889Z: [    1.213703] pps_core: Software ver. 5.3.6 - Copyright 2005-2007 Rodolfo Giometti <giometti@linux.it>
[STDOUT  ] 2017-09-12T17:53:25.601463073Z: [    1.214379] PTP clock support registered
[STDOUT  ] 2017-09-12T17:53:25.602639368Z: [    1.215575] wmi: Mapper loaded
[STDOUT  ] 2017-09-12T17:53:25.603851832Z: [    1.216865] PCI: Using ACPI for IRQ routing
[STDOUT  ] 2017-09-12T17:53:25.621948411Z: [    1.234817] NetLabel: Initializing
[STDOUT  ] 2017-09-12T17:53:25.622296709Z: [    1.235080] NetLabel:  domain hash size = 128
[STDOUT  ] 2017-09-12T17:53:25.622670412Z: [    1.235520] NetLabel:  protocols = UNLABELED CIPSOv4
[STDOUT  ] 2017-09-12T17:53:25.625424261Z: [    1.238302] NetLabel:  unlabeled traffic allowed by default
[STDOUT  ] 2017-09-12T17:53:25.627252138Z: [    1.239754] HPET: 3 timers in total, 0 timers will be used for per-cpu timer
[STDOUT  ] 2017-09-12T17:53:25.628238407Z: [    1.240650] hpet0: at MMIO 0xfed00000, IRQs 2, 8, 0
[STDOUT  ] 2017-09-12T17:53:25.628726034Z: [    1.241301] hpet0: 3 comparators, 64-bit 100.000000 MHz counter
[STDOUT  ] 2017-09-12T17:53:25.636089877Z: [    1.248600] clocksource: Switched to clocksource hpet
[STDOUT  ] 2017-09-12T17:53:25.899926789Z: [    1.504208] VFS: Disk quotas dquot_6.6.0
[STDOUT  ] 2017-09-12T17:53:25.900884796Z: [    1.505043] VFS: Dquot-cache hash table entries: 512 (order 0, 4096 bytes)
[STDOUT  ] 2017-09-12T17:53:25.90446208Z: [    1.508923] FS-Cache: Loaded
[STDOUT  ] 2017-09-12T17:53:25.910069008Z: [    1.514500] CacheFiles: Loaded
[STDOUT  ] 2017-09-12T17:53:25.911800289Z: [    1.516162] pnp: PnP ACPI init
[STDOUT  ] 2017-09-12T17:53:25.922821738Z: [    1.527146] pnp: PnP ACPI: found 5 devices
[STDOUT  ] 2017-09-12T17:53:25.971905894Z: [    1.575847] clocksource: acpi_pm: mask: 0xffffff max_cycles: 0xffffff, max_idle_ns: 2085701024 ns
[STDOUT  ] 2017-09-12T17:53:25.976133343Z: [    1.580433] NET: Registered protocol family 2
[STDOUT  ] 2017-09-12T17:53:25.983567548Z: [    1.587596] TCP established hash table entries: 8192 (order: 4, 65536 bytes)
[STDOUT  ] 2017-09-12T17:53:25.984162599Z: [    1.588456] TCP bind hash table entries: 8192 (order: 5, 131072 bytes)
[STDOUT  ] 2017-09-12T17:53:25.984924005Z: [    1.589208] TCP: Hash tables configured (established 8192 bind 8192)
[STDOUT  ] 2017-09-12T17:53:25.987267068Z: [    1.591497] UDP hash table entries: 512 (order: 2, 16384 bytes)
[STDOUT  ] 2017-09-12T17:53:25.987995025Z: [    1.592128] UDP-Lite hash table entries: 512 (order: 2, 16384 bytes)
[STDOUT  ] 2017-09-12T17:53:25.990176473Z: [    1.594533] NET: Registered protocol family 1
[STDOUT  ] 2017-09-12T17:53:25.991306822Z: [    1.595557] pci 0000:00:01.0: Video device with shadowed ROM at [mem 0x000c0000-0x000dffff]
[STDOUT  ] 2017-09-12T17:53:26.000036082Z: [    1.604244] Unpacking initramfs...
[STDOUT  ] 2017-09-12T17:53:28.637098814Z: [    4.241376] Freeing initrd memory: 21016K
[STDOUT  ] 2017-09-12T17:53:28.662361214Z: [    4.266626] PCLMULQDQ-NI instructions are not detected.
[STDOUT  ] 2017-09-12T17:53:28.664426022Z: [    4.268715] AVX or AES-NI instructions are not detected.
[STDOUT  ] 2017-09-12T17:53:28.664916955Z: [    4.269206] CPU feature 'AVX registers' is not supported.
[STDOUT  ] 2017-09-12T17:53:28.665410892Z: [    4.269689] CPU feature 'AVX registers' is not supported.
[STDOUT  ] 2017-09-12T17:53:28.66622828Z: [    4.270502] CPU feature 'AVX registers' is not supported.
[STDOUT  ] 2017-09-12T17:53:28.666720614Z: [    4.270943] CPU feature 'AVX registers' is not supported.
[STDOUT  ] 2017-09-12T17:53:28.667185372Z: [    4.271364] AVX2 or AES-NI instructions are not detected.
[STDOUT  ] 2017-09-12T17:53:28.667558222Z: [    4.271825] AVX2 instructions are not detected.
[STDOUT  ] 2017-09-12T17:53:28.674561236Z: [    4.278690] audit: initializing netlink subsys (disabled)
[STDOUT  ] 2017-09-12T17:53:28.677079638Z: [    4.281312] audit: type=2000 audit(1505238807.270:1): initialized
[STDOUT  ] 2017-09-12T17:53:28.687620931Z: [    4.291755] workingset: timestamp_bits=46 max_order=18 bucket_order=0
[STDOUT  ] 2017-09-12T17:53:28.693790806Z: [    4.298025] FS-Cache: Netfs 'cifs' registered for caching
[STDOUT  ] 2017-09-12T17:53:28.694601121Z: [    4.298998] fuse init (API version 7.26)
[STDOUT  ] 2017-09-12T17:53:28.697557273Z: [    4.301820] SGI XFS with ACLs, security attributes, no debug enabled
[STDOUT  ] 2017-09-12T17:53:28.701380049Z: [    4.305646] 9p: Installing v9fs 9p2000 file system support
[STDOUT  ] 2017-09-12T17:53:28.701844519Z: [    4.306135] FS-Cache: Netfs '9p' registered for caching
[STDOUT  ] 2017-09-12T17:53:28.736804495Z: [    4.339993] NET: Registered protocol family 38
[STDOUT  ] 2017-09-12T17:53:28.738959168Z: [    4.343270] Key type asymmetric registered
[STDOUT  ] 2017-09-12T17:53:28.739394951Z: [    4.343713] Asymmetric key parser 'x509' registered
[STDOUT  ] 2017-09-12T17:53:28.740685881Z: [    4.344787] Block layer SCSI generic (bsg) driver version 0.4 loaded (major 251)
[STDOUT  ] 2017-09-12T17:53:28.741879387Z: [    4.346300] io scheduler noop registered
[STDOUT  ] 2017-09-12T17:53:28.742308904Z: [    4.346671] io scheduler deadline registered (default)
[STDOUT  ] 2017-09-12T17:53:28.743130485Z: [    4.347411] io scheduler cfq registered
[STDOUT  ] 2017-09-12T17:53:28.746674194Z: [    4.350938] pci_hotplug: PCI Hot Plug PCI Core version: 0.5
[STDOUT  ] 2017-09-12T17:53:28.747504314Z: [    4.351645] pciehp: PCI Express Hot Plug Controller Driver version: 0.4
[STDOUT  ] 2017-09-12T17:53:28.748468987Z: [    4.352569] shpchp: Standard Hot Plug PCI Controller Driver version: 0.4
[STDOUT  ] 2017-09-12T17:53:28.749224939Z: [    4.353489] hv_vmbus: registering driver hyperv_fb
[STDOUT  ] 2017-09-12T17:53:28.752632392Z: [    4.356673] input: Power Button as /devices/LNXSYSTM:00/LNXPWRBN:00/input/input0
[STDOUT  ] 2017-09-12T17:53:28.753571789Z: [    4.357809] ACPI: Power Button [PWRF]
[STDOUT  ] 2017-09-12T17:53:28.758621773Z: [    4.362949] GHES: HEST is not enabled!
[STDOUT  ] 2017-09-12T17:53:28.769769111Z: [    4.373884] ACPI: PCI Interrupt Link [GSIG] enabled at IRQ 22
[STDOUT  ] 2017-09-12T17:53:28.783675852Z: [    4.387849] ACPI: PCI Interrupt Link [GSIH] enabled at IRQ 23
[STDOUT  ] 2017-09-12T17:53:28.789648533Z: [    4.393730] xenfs: not registering filesystem on non-xen platform
[STDOUT  ] 2017-09-12T17:53:28.791636493Z: [    4.395929] Serial: 8250/16550 driver, 4 ports, IRQ sharing disabled
[STDOUT  ] 2017-09-12T17:53:28.816651073Z: [    4.420750] 00:04: ttyS0 at I/O 0x3f8 (irq = 4, base_baud = 115200) is a 16550A
[STDOUT  ] 2017-09-12T17:53:28.82885476Z: [    4.433232] Non-volatile memory driver v1.3
[STDOUT  ] 2017-09-12T17:53:28.835118465Z: [    4.439200] Hangcheck: starting hangcheck timer 0.9.1 (tick is 180 seconds, margin is 60 seconds).
[STDOUT  ] 2017-09-12T17:53:28.873104927Z: [    4.477558] loop: module loaded
[STDOUT  ] 2017-09-12T17:53:28.88933585Z: [    4.493603] nbd: registered device at major 43
[STDOUT  ] 2017-09-12T17:53:28.931205873Z: [    4.535313] lpc_ich 0000:00:1f.0: I/O space for GPIO uninitialized
[STDOUT  ] 2017-09-12T17:53:28.933440011Z: [    4.537741] VMware PVSCSI driver - version 1.0.7.0-k
[STDOUT  ] 2017-09-12T17:53:28.934311904Z: [    4.538641] hv_vmbus: registering driver hv_storvsc
[STDOUT  ] 2017-09-12T17:53:28.944742693Z: [    4.548844] ACPI: PCI Interrupt Link [GSIA] enabled at IRQ 16
[STDOUT  ] 2017-09-12T17:53:28.951270646Z: [    4.555391] ahci 0000:00:1f.2: AHCI 0001.0000 32 slots 6 ports 1.5 Gbps 0x3f impl SATA mode
[STDOUT  ] 2017-09-12T17:53:28.951809693Z: [    4.556120] ahci 0000:00:1f.2: flags: 64bit ncq only 
[STDOUT  ] 2017-09-12T17:53:28.971520565Z: [    4.575928] scsi host0: ahci
[STDOUT  ] 2017-09-12T17:53:28.977079976Z: [    4.581517] scsi host1: ahci
[STDOUT  ] 2017-09-12T17:53:28.979474025Z: [    4.583851] scsi host2: ahci
[STDOUT  ] 2017-09-12T17:53:28.981656025Z: [    4.586082] scsi host3: ahci
[STDOUT  ] 2017-09-12T17:53:28.983963828Z: [    4.588354] scsi host4: ahci
[STDOUT  ] 2017-09-12T17:53:28.986301386Z: [    4.590735] scsi host5: ahci
[STDOUT  ] 2017-09-12T17:53:28.988196789Z: [    4.592501] ata1: SATA max UDMA/133 abar m4096@0xfebd2000 port 0xfebd2100 irq 24
[STDOUT  ] 2017-09-12T17:53:28.988854001Z: [    4.593022] ata2: SATA max UDMA/133 abar m4096@0xfebd2000 port 0xfebd2180 irq 24
[STDOUT  ] 2017-09-12T17:53:28.989329402Z: [    4.593487] ata3: SATA max UDMA/133 abar m4096@0xfebd2000 port 0xfebd2200 irq 24
[STDOUT  ] 2017-09-12T17:53:28.989810958Z: [    4.593922] ata4: SATA max UDMA/133 abar m4096@0xfebd2000 port 0xfebd2280 irq 24
[STDOUT  ] 2017-09-12T17:53:28.990134109Z: [    4.594371] ata5: SATA max UDMA/133 abar m4096@0xfebd2000 port 0xfebd2300 irq 24
[STDOUT  ] 2017-09-12T17:53:28.990584647Z: [    4.594777] ata6: SATA max UDMA/133 abar m4096@0xfebd2000 port 0xfebd2380 irq 24
[STDOUT  ] 2017-09-12T17:53:29.003375079Z: [    4.607651] tun: Universal TUN/TAP device driver, 1.6
[STDOUT  ] 2017-09-12T17:53:29.003894787Z: [    4.608003] tun: (C) 1999-2004 Max Krasnyansky <maxk@qualcomm.com>
[STDOUT  ] 2017-09-12T17:53:29.014099263Z: [    4.618304] VMware vmxnet3 virtual NIC driver - version 1.4.a.0-k-NAPI
[STDOUT  ] 2017-09-12T17:53:29.01500462Z: [    4.619257] hv_vmbus: registering driver hv_netvsc
[STDOUT  ] 2017-09-12T17:53:29.015198117Z: [    4.619548] Fusion MPT base driver 3.04.20
[STDOUT  ] 2017-09-12T17:53:29.015584588Z: [    4.619841] Copyright (c) 1999-2008 LSI Corporation
[STDOUT  ] 2017-09-12T17:53:29.016657651Z: [    4.620899] Fusion MPT SPI Host driver 3.04.20
[STDOUT  ] 2017-09-12T17:53:29.018634543Z: [    4.622928] i8042: PNP: PS/2 Controller [PNP0303:KBD,PNP0f13:MOU] at 0x60,0x64 irq 1,12
[STDOUT  ] 2017-09-12T17:53:29.022823834Z: [    4.627172] serio: i8042 KBD port at 0x60,0x64 irq 1
[STDOUT  ] 2017-09-12T17:53:29.023519954Z: [    4.627841] serio: i8042 AUX port at 0x60,0x64 irq 12
[STDOUT  ] 2017-09-12T17:53:29.027086614Z: [    4.631231] hv_vmbus: registering driver hyperv_keyboard
[STDOUT  ] 2017-09-12T17:53:29.02927705Z: [    4.633510] mousedev: PS/2 mouse device common for all mice
[STDOUT  ] 2017-09-12T17:53:29.034013733Z: [    4.638079] input: AT Translated Set 2 keyboard as /devices/platform/i8042/serio0/input/input1
[STDOUT  ] 2017-09-12T17:53:29.036918103Z: [    4.641329] input: PC Speaker as /devices/platform/pcspkr/input/input2
[STDOUT  ] 2017-09-12T17:53:29.040213309Z: [    4.644660] rtc_cmos 00:00: RTC can wake from S4
[STDOUT  ] 2017-09-12T17:53:29.043524069Z: [    4.647762] rtc_cmos 00:00: rtc core: registered rtc_cmos as rtc0
[STDOUT  ] 2017-09-12T17:53:29.044817916Z: [    4.649114] rtc_cmos 00:00: alarms up to one day, y3k, 114 bytes nvram, hpet irqs
[STDOUT  ] 2017-09-12T17:53:29.045393949Z: [    4.649770] i2c /dev entries driver
[STDOUT  ] 2017-09-12T17:53:29.048003467Z: [    4.652105] device-mapper: ioctl: 4.35.0-ioctl (2016-06-23) initialised: dm-devel@redhat.com
[STDOUT  ] 2017-09-12T17:53:29.052371072Z: [    4.656542] usbcore: registered new interface driver usbhid
[STDOUT  ] 2017-09-12T17:53:29.052516046Z: [    4.656872] usbhid: USB HID core driver
[STDOUT  ] 2017-09-12T17:53:29.053261953Z: [    4.657535] hv_utils: Registering HyperV Utility Driver
[STDOUT  ] 2017-09-12T17:53:29.053626855Z: [    4.657839] hv_vmbus: registering driver hv_util
[STDOUT  ] 2017-09-12T17:53:29.053992129Z: [    4.658228] hv_vmbus: registering driver hv_balloon
[STDOUT  ] 2017-09-12T17:53:29.054493545Z: [    4.658842] oprofile: using NMI interrupt.
[STDOUT  ] 2017-09-12T17:53:29.055814123Z: [    4.660049] GACT probability on
[STDOUT  ] 2017-09-12T17:53:29.05642769Z: [    4.660895] Mirror/redirect action on
[STDOUT  ] 2017-09-12T17:53:29.057369512Z: [    4.661838] Simple TC action Loaded
[STDOUT  ] 2017-09-12T17:53:29.058019919Z: [    4.662427] u32 classifier
[STDOUT  ] 2017-09-12T17:53:29.058173519Z: [    4.662601]     Performance counters on
[STDOUT  ] 2017-09-12T17:53:29.058649602Z: [    4.662889]     input device check on
[STDOUT  ] 2017-09-12T17:53:29.059018015Z: [    4.663275]     Actions configured
[STDOUT  ] 2017-09-12T17:53:29.059656027Z: [    4.664028] Netfilter messages via NETLINK v0.30.
[STDOUT  ] 2017-09-12T17:53:29.06057475Z: [    4.664853] nfnl_acct: registering with nfnetlink.
[STDOUT  ] 2017-09-12T17:53:29.061936479Z: [    4.666238] nf_conntrack version 0.5.0 (8192 buckets, 32768 max)
[STDOUT  ] 2017-09-12T17:53:29.064953216Z: [    4.669144] ctnetlink v0.93: registering with nfnetlink.
[STDOUT  ] 2017-09-12T17:53:29.068374106Z: [    4.672655] nf_tables: (c) 2007-2009 Patrick McHardy <kaber@trash.net>
[STDOUT  ] 2017-09-12T17:53:29.069361673Z: [    4.673521] nf_tables_compat: (c) 2012 Pablo Neira Ayuso <pablo@netfilter.org>
[STDOUT  ] 2017-09-12T17:53:29.071400735Z: [    4.675854] xt_time: kernel timezone is -0000
[STDOUT  ] 2017-09-12T17:53:29.071930482Z: [    4.676404] ip_set: protocol 6
[STDOUT  ] 2017-09-12T17:53:29.072794589Z: [    4.677067] IPVS: Registered protocols (TCP, UDP, SCTP, AH, ESP)
[STDOUT  ] 2017-09-12T17:53:29.073535254Z: [    4.677711] IPVS: Connection hash table configured (size=4096, memory=64Kbytes)
[STDOUT  ] 2017-09-12T17:53:29.074973969Z: [    4.679432] IPVS: Creating netns size=2104 id=0
[STDOUT  ] 2017-09-12T17:53:29.078579638Z: [    4.683009] IPVS: ipvs loaded.
[STDOUT  ] 2017-09-12T17:53:29.079101925Z: [    4.683410] IPVS: [rr] scheduler registered.
[STDOUT  ] 2017-09-12T17:53:29.079552399Z: [    4.683801] IPVS: [wrr] scheduler registered.
[STDOUT  ] 2017-09-12T17:53:29.079864051Z: [    4.684154] IPVS: [lc] scheduler registered.
[STDOUT  ] 2017-09-12T17:53:29.080167586Z: [    4.684475] IPVS: [wlc] scheduler registered.
[STDOUT  ] 2017-09-12T17:53:29.080329491Z: [    4.684775] IPVS: [fo] scheduler registered.
[STDOUT  ] 2017-09-12T17:53:29.080731965Z: [    4.685079] IPVS: [ovf] scheduler registered.
[STDOUT  ] 2017-09-12T17:53:29.081255396Z: [    4.685583] IPVS: [lblc] scheduler registered.
[STDOUT  ] 2017-09-12T17:53:29.081766216Z: [    4.686080] IPVS: [lblcr] scheduler registered.
[STDOUT  ] 2017-09-12T17:53:29.082072901Z: [    4.686385] IPVS: [dh] scheduler registered.
[STDOUT  ] 2017-09-12T17:53:29.082385058Z: [    4.686696] IPVS: [sh] scheduler registered.
[STDOUT  ] 2017-09-12T17:53:29.082698774Z: [    4.687012] IPVS: [sed] scheduler registered.
[STDOUT  ] 2017-09-12T17:53:29.082882218Z: [    4.687322] IPVS: [nq] scheduler registered.
[STDOUT  ] 2017-09-12T17:53:29.083837344Z: [    4.688128] IPVS: ftp: loaded support on port[0] = 21
[STDOUT  ] 2017-09-12T17:53:29.085012226Z: [    4.689107] ipip: IPv4 and MPLS over IPv4 tunneling driver
[STDOUT  ] 2017-09-12T17:53:29.089626508Z: [    4.693869] gre: GRE over IPv4 demultiplexor driver
[STDOUT  ] 2017-09-12T17:53:29.092329776Z: [    4.696595] ip_tables: (C) 2000-2006 Netfilter Core Team
[STDOUT  ] 2017-09-12T17:53:29.095580499Z: [    4.699708] ipt_CLUSTERIP: ClusterIP Version 0.8 loaded successfully
[STDOUT  ] 2017-09-12T17:53:29.096674915Z: [    4.700954] arp_tables: arp_tables: (C) 2002 David S. Miller
[STDOUT  ] 2017-09-12T17:53:29.098899946Z: [    4.703299] NET: Registered protocol family 10
[STDOUT  ] 2017-09-12T17:53:29.108547811Z: [    4.712762] ip6_tables: (C) 2000-2006 Netfilter Core Team
[STDOUT  ] 2017-09-12T17:53:29.116830397Z: [    4.721007] NET: Registered protocol family 17
[STDOUT  ] 2017-09-12T17:53:29.117912381Z: [    4.722200] Bridge firewalling registered
[STDOUT  ] 2017-09-12T17:53:29.11849842Z: [    4.722824] Ebtables v2.0 registered
[STDOUT  ] 2017-09-12T17:53:29.120383103Z: [    4.724818] 8021q: 802.1Q VLAN Support v1.8
[STDOUT  ] 2017-09-12T17:53:29.121921911Z: [    4.726207] 9pnet: Installing 9P2000 support
[STDOUT  ] 2017-09-12T17:53:29.123306678Z: [    4.727755] Key type dns_resolver registered
[STDOUT  ] 2017-09-12T17:53:29.124570697Z: [    4.728863] microcode: AMD CPU family 0x6 not supported
[STDOUT  ] 2017-09-12T17:53:29.1285936Z: [    4.733020] registered taskstats version 1
[STDOUT  ] 2017-09-12T17:53:29.320032899Z: [    4.924160] ata1: SATA link up 1.5 Gbps (SStatus 113 SControl 300)
[STDOUT  ] 2017-09-12T17:53:29.330008756Z: [    4.934196] ata5: SATA link down (SStatus 0 SControl 300)
[STDOUT  ] 2017-09-12T17:53:29.331510069Z: [    4.935830] ata4: SATA link down (SStatus 0 SControl 300)
[STDOUT  ] 2017-09-12T17:53:29.332086512Z: [    4.936396] ata3: SATA link up 1.5 Gbps (SStatus 113 SControl 300)
[STDOUT  ] 2017-09-12T17:53:29.333913965Z: [    4.938194] ata3.00: ATAPI: QEMU DVD-ROM, 2.5+, max UDMA/100
[STDOUT  ] 2017-09-12T17:53:29.334411686Z: [    4.938699] ata3.00: applying bridge limits
[STDOUT  ] 2017-09-12T17:53:29.336173202Z: [    4.940457] ata2: SATA link down (SStatus 0 SControl 300)
[STDOUT  ] 2017-09-12T17:53:29.336668918Z: [    4.940958] ata6: SATA link down (SStatus 0 SControl 300)
[STDOUT  ] 2017-09-12T17:53:29.337729345Z: [    4.941983] ata1.00: ATA-7: QEMU HARDDISK, 2.5+, max UDMA/100
[STDOUT  ] 2017-09-12T17:53:29.338210026Z: [    4.942356] ata1.00: 409600 sectors, multi 16: LBA48 NCQ (depth 31/32)
[STDOUT  ] 2017-09-12T17:53:29.338626522Z: [    4.942905] ata1.00: applying bridge limits
[STDOUT  ] 2017-09-12T17:53:29.339756946Z: [    4.944082] ata1.00: configured for UDMA/100
[STDOUT  ] 2017-09-12T17:53:29.342152074Z: [    4.946394] ata3.00: configured for UDMA/100
[STDOUT  ] 2017-09-12T17:53:29.358015195Z: [    4.962042] scsi 0:0:0:0: Direct-Access     ATA      QEMU HARDDISK    2.5+ PQ: 0 ANSI: 5
[STDOUT  ] 2017-09-12T17:53:29.371369218Z: [    4.975461] sd 0:0:0:0: Attached scsi generic sg0 type 0
[STDOUT  ] 2017-09-12T17:53:29.376602511Z: [    4.980802] sd 0:0:0:0: [sda] 409600 512-byte logical blocks: (210 MB/200 MiB)
[STDOUT  ] 2017-09-12T17:53:29.379822274Z: [    4.984082] sd 0:0:0:0: [sda] Write Protect is off
[STDOUT  ] 2017-09-12T17:53:29.383124548Z: [    4.987203] sd 0:0:0:0: [sda] Write cache: enabled, read cache: enabled, doesn't support DPO or FUA
[STDOUT  ] 2017-09-12T17:53:29.385725872Z: [    4.989798] scsi 2:0:0:0: CD-ROM            QEMU     QEMU DVD-ROM     2.5+ PQ: 0 ANSI: 5
[STDOUT  ] 2017-09-12T17:53:29.390239394Z: [    4.994649] Key type big_key registered
[STDOUT  ] 2017-09-12T17:53:29.408967251Z: [    5.013061] sr 2:0:0:0: [sr0] scsi3-mmc drive: 4x/4x cd/rw xa/form2 tray
[STDOUT  ] 2017-09-12T17:53:29.409570746Z: [    5.013830] cdrom: Uniform CD-ROM driver Revision: 3.20
[STDOUT  ] 2017-09-12T17:53:29.423846689Z: [    5.028295]  sda: sda1
[STDOUT  ] 2017-09-12T17:53:29.428352801Z: [    5.032537] sr 2:0:0:0: Attached scsi generic sg1 type 5
[STDOUT  ] 2017-09-12T17:53:29.448855878Z: [    5.053051] sd 0:0:0:0: [sda] Attached SCSI disk
[STDOUT  ] 2017-09-12T17:53:29.480255066Z: [    5.084567] Key type encrypted registered
[STDOUT  ] 2017-09-12T17:53:29.48673089Z: [    5.090837] rtc_cmos 00:00: setting system clock to 2017-09-12 17:53:29 UTC (1505238809)
[STDOUT  ] 2017-09-12T17:53:29.632828815Z: [    5.237080] Freeing unused kernel memory: 1380K
[STDOUT  ] 2017-09-12T17:53:29.63336467Z: [    5.237494] Write protecting the kernel read-only data: 12288k
[STDOUT  ] 2017-09-12T17:53:29.64150212Z: [    5.245689] Freeing unused kernel memory: 144K
[STDOUT  ] 2017-09-12T17:53:29.759691389Z: [    5.363905] Freeing unused kernel memory: 1400K
[STDOUT  ] 2017-09-12T17:53:29.760564399Z: [    5.364869] tsc: Refined TSC clocksource calibration: 2600.001 MHz
[STDOUT  ] 2017-09-12T17:53:29.761551102Z: [    5.365405] clocksource: tsc: mask: 0xffffffffffffffff max_cycles: 0x257a3ce1c4c, max_idle_ns: 440795206275 ns
[STDOUT  ] 2017-09-12T17:53:30.769610893Z: [    6.373883] clocksource: Switched to clocksource tsc
[STDOUT  ] 2017-09-12T17:53:35.555230169Z: 
[STDOUT  ] 2017-09-12T17:53:35.556693025Z: Welcome to LinuxKit
[STDOUT  ] 2017-09-12T17:53:35.556885445Z: 
[STDOUT  ] 2017-09-12T17:53:35.557242524Z:                         ##         .
[STDOUT  ] 2017-09-12T17:53:35.557578337Z:                   ## ## ##        ==
[STDOUT  ] 2017-09-12T17:53:35.558093439Z:                ## ## ## ## ##    ===
[STDOUT  ] 2017-09-12T17:53:35.558444857Z:            /"""""""""""""""""\___/ ===
[STDOUT  ] 2017-09-12T17:53:35.55878987Z:           {                       /  ===-
[STDOUT  ] 2017-09-12T17:53:35.559314709Z:            \______ O           __/
[STDOUT  ] 2017-09-12T17:53:35.559596037Z:              \    \         __/
[STDOUT  ] 2017-09-12T17:53:35.560068009Z:               \____\_______/
[STDOUT  ] 2017-09-12T17:53:35.560087852Z: 
[STDOUT  ] 2017-09-12T17:54:07.220357831Z: [   42.824469] sd 0:0:0:0: [sda] Synchronizing SCSI cache
[STDOUT  ] 2017-09-12T17:54:07.221557654Z: [   42.825868] sd 0:0:0:0: [sda] Stopping disk
[STDOUT  ] 2017-09-12T17:54:07.224377127Z: [   42.828501] ACPI: Preparing to enter system sleep state S5
[STDOUT  ] 2017-09-12T17:54:07.225282884Z: [   42.829713] reboot: Power down
[STDERR  ] 2017-09-12T17:54:07.531189212Z: + exit 0
[STDERR  ] 2017-09-12T17:54:07.531244829Z: + clean_up
[STDERR  ] 2017-09-12T17:54:07.531259919Z: + find . -depth -iname run* -not -iname *.yml -exec rm -rf {} ;
[STDERR  ] 2017-09-12T17:54:07.538504755Z: + find . -depth -iname mkimage* -not -iname *.yml -exec rm -rf {} ;
[STDERR  ] 2017-09-12T17:54:07.546336797Z: + find . -depth -iname disk.qcow2* -not -iname *.yml -exec rm -rf {} ;
[STDERR  ] 2017-09-12T17:54:07.553380817Z: + rm -f tarball.img
[PASS    ] linuxkit.packages.mkimage 154.13s
