[INFO    ] 2018-10-08T21:34:08.553692621Z: Running Test linuxkit.kernel.config_4.14.x in /tmp/build/test/cases/020_kernel/002_config_4.14.x
[STDERR  ] 2018-10-08T21:34:08.553817393Z:       - [37mCONFIG_CRYPTO[m: [32menabled[m
[STDERR  ] 2018-10-08T21:34:08.553834847Z:       - [37mCONFIG_CRYPTO_AEAD[m: [32menabled[m
[STDERR  ] 2018-10-08T21:34:08.553847249Z:       - [37mCONFIG_CRYPTO_GCM[m: [32menabled[m
[INFO    ] 2018-10-08T21:34:08.553858250Z: Running command: [/bin/sh -x /tmp/build/test/cases/020_kernel/002_config_4.14.x/test.sh]
[STDERR  ] 2018-10-08T21:34:08.553859186Z:       - [37mCONFIG_CRYPTO_SEQIV[m: [32menabled[m
[STDERR  ] 2018-10-08T21:34:08.553872378Z:       - [37mCONFIG_CRYPTO_GHASH[m: [32menabled[m
[STDERR  ] 2018-10-08T21:34:08.553884070Z:       - [37mCONFIG_XFRM[m: [32menabled[m
[STDERR  ] 2018-10-08T21:34:08.553896266Z:       - [37mCONFIG_XFRM_USER[m: [32menabled (as module)[m
[STDERR  ] 2018-10-08T21:34:08.553908126Z:       - [37mCONFIG_XFRM_ALGO[m: [32menabled (as module)[m
[STDERR  ] 2018-10-08T21:34:08.553939097Z:       - [37mCONFIG_INET_ESP[m: [32menabled (as module)[m
[STDERR  ] 2018-10-08T21:34:08.553959915Z:       - [37mCONFIG_INET_XFRM_MODE_TRANSPORT[m: [32menabled (as module)[m
[STDERR  ] 2018-10-08T21:34:08.553972164Z:   - "[34mipvlan[m":
[STDERR  ] 2018-10-08T21:34:08.553984035Z:     - [37mCONFIG_IPVLAN[m: [32menabled[m
[STDERR  ] 2018-10-08T21:34:08.553996186Z:   - "[34mmacvlan[m":
[STDERR  ] 2018-10-08T21:34:08.554008537Z:     - [37mCONFIG_MACVLAN[m: [32menabled[m
[STDERR  ] 2018-10-08T21:34:08.554027600Z:     - [37mCONFIG_DUMMY[m: [32menabled (as module)[m
[STDERR  ] 2018-10-08T21:34:08.554040609Z:   - "[34mftp,tftp client in container[m":
[STDERR  ] 2018-10-08T21:34:08.554052986Z:     - [37mCONFIG_NF_NAT_FTP[m: [32menabled[m
[STDERR  ] 2018-10-08T21:34:08.554065938Z:     - [37mCONFIG_NF_CONNTRACK_FTP[m: [32menabled[m
[STDERR  ] 2018-10-08T21:34:08.554078952Z:     - [37mCONFIG_NF_NAT_TFTP[m: [32menabled[m
[STDERR  ] 2018-10-08T21:34:08.554091448Z:     - [37mCONFIG_NF_CONNTRACK_TFTP[m: [32menabled[m
[STDERR  ] 2018-10-08T21:34:08.554103973Z: - Storage Drivers:
[STDERR  ] 2018-10-08T21:34:08.554116987Z:   - "[34maufs[m":
[STDERR  ] 2018-10-08T21:34:08.554129740Z:     - [1mCONFIG_AUFS_FS[m: [1;31mmissing[m
[STDERR  ] 2018-10-08T21:34:08.554169106Z:   - "[34mbtrfs[m":
[STDERR  ] 2018-10-08T21:34:08.554181761Z:     - [37mCONFIG_BTRFS_FS[m: [32menabled (as module)[m
[STDERR  ] 2018-10-08T21:34:08.554194107Z:     - [37mCONFIG_BTRFS_FS_POSIX_ACL[m: [32menabled[m
[STDERR  ] 2018-10-08T21:34:08.554206500Z:   - "[34mdevicemapper[m":
[STDERR  ] 2018-10-08T21:34:08.554219294Z:     - [37mCONFIG_BLK_DEV_DM[m: [32menabled[m
[STDERR  ] 2018-10-08T21:34:08.554231978Z:     - [37mCONFIG_DM_THIN_PROVISIONING[m: [32menabled[m
[STDERR  ] 2018-10-08T21:34:08.554244550Z:   - "[34moverlay[m":
[STDERR  ] 2018-10-08T21:34:08.554257130Z:     - [37mCONFIG_OVERLAY_FS[m: [32menabled[m
[STDERR  ] 2018-10-08T21:34:08.554290830Z:   - "[34mzfs[m":
[STDERR  ] 2018-10-08T21:34:08.554303772Z:     - [1m/dev/zfs[m: [1;31mmissing[m
[STDERR  ] 2018-10-08T21:34:08.554315772Z:     - [1mzfs command[m: [1;31mmissing[m
[STDERR  ] 2018-10-08T21:34:08.554328051Z:     - [1mzpool command[m: [1;31mmissing[m
[STDERR  ] 2018-10-08T21:34:08.554340217Z: 
[STDERR  ] 2018-10-08T21:34:08.554352805Z: Limits:
[STDERR  ] 2018-10-08T21:34:08.554369984Z: [37m- /proc/sys/kernel/keys/root_maxkeys[m: [32m1000000[m
[STDERR  ] 2018-10-08T21:34:08.554381836Z: 
[STDERR  ] 2018-10-08T21:34:08.554393757Z: Kernel config test suite PASSED
[STDERR  ] 2018-10-08T21:34:08.554406073Z: [    7.694402] ACPI: Preparing to enter system sleep state S5
[STDERR  ] 2018-10-08T21:34:08.554424841Z: [    7.700250] reboot: Power down
[STDERR  ] 2018-10-08T21:34:08.554462535Z: + grep -q suite PASSED
[STDERR  ] 2018-10-08T21:34:08.554473441Z: + echo [    0.000000] Linux version 4.9.131-linuxkit (root@3441faae3889) (gcc version 6.4.0 (Alpine 6.4.0) ) #1 SMP Fri Oct 5 23:25:45 UTC 2018
[STDERR  ] 2018-10-08T21:34:08.554490397Z: [    0.000000] Command line: console=ttyS0 console=ttyAMA0
[STDERR  ] 2018-10-08T21:34:08.554506958Z: [    0.000000] x86/fpu: Legacy x87 FPU detected.
[STDERR  ] 2018-10-08T21:34:08.554517475Z: [    0.000000] e820: BIOS-provided physical RAM map:
[STDERR  ] 2018-10-08T21:34:08.554529685Z: [    0.000000] BIOS-e820: [mem 0x0000000000000000-0x000000000009fbff] usable
[STDERR  ] 2018-10-08T21:34:08.554541801Z: [    0.000000] BIOS-e820: [mem 0x000000000009fc00-0x000000000009ffff] reserved
[STDERR  ] 2018-10-08T21:34:08.554554260Z: [    0.000000] BIOS-e820: [mem 0x00000000000f0000-0x00000000000fffff] reserved
[STDERR  ] 2018-10-08T21:34:08.554566709Z: [    0.000000] BIOS-e820: [mem 0x0000000000100000-0x000000003ffdefff] usable
[STDERR  ] 2018-10-08T21:34:08.554579967Z: [    0.000000] BIOS-e820: [me
[STDERR  ] 2018-10-08T21:34:08.555239594Z: + set -e
[STDERR  ] 2018-10-08T21:34:08.555296048Z: + . /tmp/build/test/cases/_lib/lib.sh
[STDERR  ] 2018-10-08T21:34:08.555309757Z: + [ -f src/github.com/linuxkit/rtf/lib/lib.sh ]
[STDERR  ] 2018-10-08T21:34:08.555322804Z: + LINUXKIT_TMPDIR=/tmp/build/test/cases/_tmp
[STDERR  ] 2018-10-08T21:34:08.555335948Z: + [ -f /tmp/build/test/cases/_tmp/env.sh ]
[STDERR  ] 2018-10-08T21:34:08.555349862Z: + . /tmp/build/test/cases/_tmp/env.sh
[STDERR  ] 2018-10-08T21:34:08.555361527Z: + export LINUXKIT_EXAMPLES_DIR=/tmp/build/test/cases/../../examples
[STDERR  ] 2018-10-08T21:34:08.555373882Z: + RT_CANCEL=253
[STDERR  ] 2018-10-08T21:34:08.555388442Z: + NAME=kconfig
[STDERR  ] 2018-10-08T21:34:08.555401687Z: + trap clean_up EXIT
[STDERR  ] 2018-10-08T21:34:08.555416421Z: + linuxkit build -format kernel+initrd -name kconfig test.yml
[STDERR  ] 2018-10-08T21:34:08.614531346Z: Extract kernel image: linuxkit/kernel:4.14.74
[STDERR  ] 2018-10-08T21:34:10.305901062Z: Add init containers:
[STDERR  ] 2018-10-08T21:34:10.305972119Z: Process init image: linuxkit/init:6eb0158059b056a1567236280880cb87f03ff008
[STDERR  ] 2018-10-08T21:34:11.479649545Z: Process init image: linuxkit/runc:6cf26a0403376de3b5396cb676b88eea4f37aff8
[STDERR  ] 2018-10-08T21:34:12.636749147Z: Add onboot containers:
[STDERR  ] 2018-10-08T21:34:12.636820173Z:   Create OCI config for linuxkit/test-kernel-config:1aaef970b5f70791d74d6f980ad38af4035948f8
[STDERR  ] 2018-10-08T21:34:13.981263189Z:   Create OCI config for linuxkit/poweroff:afe8f7dd0d47a7991c54519b0f09124cb8c4e300
[STDERR  ] 2018-10-08T21:34:15.134117107Z: Create outputs:
[STDERR  ] 2018-10-08T21:34:20.322212841Z:   kconfig-kernel kconfig-initrd.img kconfig-cmdline
[STDERR  ] 2018-10-08T21:34:20.375002912Z: + linuxkit run kconfig
[STDERR  ] 2018-10-08T21:34:29.694609778Z: + RESULT=[    0.000000] Linux version 4.14.74-linuxkit (root@50993055c1cc) (gcc version 6.4.0 (Alpine 6.4.0)) #1 SMP Fri Oct 5 20:19:37 UTC 2018
[STDERR  ] 2018-10-08T21:34:29.694697372Z: [    0.000000] Command line: console=ttyS0 console=ttyAMA0
[STDERR  ] 2018-10-08T21:34:29.694713478Z: [    0.000000] x86/fpu: x87 FPU will use FXSAVE
[STDERR  ] 2018-10-08T21:34:29.694728233Z: [    0.000000] e820: BIOS-provided physical RAM map:
[STDERR  ] 2018-10-08T21:34:29.694741856Z: [    0.000000] BIOS-e820: [mem 0x0000000000000000-0x000000000009fbff] usable
[STDERR  ] 2018-10-08T21:34:29.694756029Z: [    0.000000] BIOS-e820: [mem 0x000000000009fc00-0x000000000009ffff] reserved
[STDERR  ] 2018-10-08T21:34:29.694768079Z: [    0.000000] BIOS-e820: [mem 0x00000000000f0000-0x00000000000fffff] reserved
[STDERR  ] 2018-10-08T21:34:29.694782149Z: [    0.000000] BIOS-e820: [mem 0x0000000000100000-0x000000003ffdefff] usable
[STDERR  ] 2018-10-08T21:34:29.694796983Z: [    0.000000] BIOS-e820: [mem 0x000000003ffdf000-0x000000003fffffff] reserved
[STDERR  ] 2018-10-08T21:34:29.694811399Z: [    0.000000] BIOS-e820: [mem 0x00000000b0000000-0x00000000bfffffff] reserved
[STDERR  ] 2018-10-08T21:34:29.694825057Z: [    0.000000] BIOS-e820: [mem 0x00000000fed1c000-0x00000000fed1ffff] reserved
[STDERR  ] 2018-10-08T21:34:29.694839933Z: [    0.000000] BIOS-e820: [mem 0x00000000feffc000-0x00000000feffffff] reserved
[STDERR  ] 2018-10-08T21:34:29.694867169Z: [    0.000000] BIOS-e820: [mem 0x00000000fffc0000-0x00000000ffffffff] reserved
[STDERR  ] 2018-10-08T21:34:29.694880265Z: [    0.000000] NX (Execute Disable) protection: active
[STDERR  ] 2018-10-08T21:34:29.694893393Z: [    0.000000] SMBIOS 2.8 present.
[STDERR  ] 2018-10-08T21:34:29.694905554Z: [    0.000000] DMI: QEMU Standard PC (Q35 + ICH9, 2009), BIOS 1.10.2-1 04/01/2014
[STDERR  ] 2018-10-08T21:34:29.694917610Z: [    0.000000] Hypervisor detected: KVM
[STDERR  ] 2018-10-08T21:34:29.694930211Z: [    0.000000] tsc: Fast TSC calibration failed
[STDERR  ] 2018-10-08T21:34:29.694942356Z: [    0.000000] tsc: Unable to calibrate against PIT
[STDERR  ] 2018-10-08T21:34:29.694954314Z: [    0.000000] tsc: No reference (HPET/PMTIMER) available
[STDERR  ] 2018-10-08T21:34:29.694965686Z: [    0.000000] e820: last_pfn = 0x3ffdf max_arch_pfn = 0x400000000
[STDERR  ] 2018-10-08T21:34:29.694977756Z: [    0.000000] x86/PAT: PAT not supported by CPU.
[STDERR  ] 2018-10-08T21:34:29.694991938Z: [    0.000000] x86/PAT: Configuration [0-7]: WB  WT  UC- UC  WB  WT  UC- UC  
[STDERR  ] 2018-10-08T21:34:29.695005603Z: [    0.000000] found SMP MP-table at [mem 0x000f6a90-0x000f6a9f] mapped at [ffffffffff200a90]
[STDERR  ] 2018-10-08T21:34:29.695020097Z: [    0.000000] RAMDISK: [mem 0x3e401000-0x3ffcffff]
[STDERR  ] 2018-10-08T21:34:29.695044907Z: [    0.000000] ACPI: Early table checksum verification disabled
[STDERR  ] 2018-10-08T21:34:29.695066535Z: [    0.000000] ACPI: RSDP 0x00000000000F68D0 000014 (v00 BOCHS )
[STDERR  ] 2018-10-08T21:34:29.695080180Z: [    0.000000] ACPI: RSDT 0x000000003FFE2404 000034 (v01 BOCHS  BXPCRSDT 00000001 BXPC 00000001)
[STDERR  ] 2018-10-08T21:34:29.695093720Z: [    0.000000] ACPI: FACP 0x000000003FFE22A4 000074 (v01 BOCHS  BXPCFACP 00000001 BXPC 00000001)
[STDERR  ] 2018-10-08T21:34:29.695107617Z: [    0.000000] ACPI: DSDT 0x000000003FFE0040 002264 (v01 BOCHS  BXPCDSDT 00000001 BXPC 00000001)
[STDERR  ] 2018-10-08T21:34:29.695122338Z: [    0.000000] ACPI: FACS 0x000000003FFE0000 000040
[STDERR  ] 2018-10-08T21:34:29.695150998Z: [    0.000000] ACPI: APIC 0x000000003FFE2318 000078 (v01 BOCHS  BXPCAPIC 00000001 BXPC 00000001)
[STDERR  ] 2018-10-08T21:34:29.695164771Z: [    0.000000] ACPI: HPET 0x000000003FFE2390 000038 (v01 BOCHS  BXPCHPET 00000001 BXPC 00000001)
[STDERR  ] 2018-10-08T21:34:29.695190765Z: [    0.000000] ACPI: MCFG 0x000000003FFE23C8 00003C (v01 BOCHS  BXPCMCFG 00000001 BXPC 00000001)
[STDERR  ] 2018-10-08T21:34:29.695208706Z: [    0.000000] kvm-clock: Using msrs 4b564d01 and 4b564d00
[STDERR  ] 2018-10-08T21:34:29.695222127Z: [    0.000000] kvm-clock: cpu 0, msr 0:3ffdd001, primary cpu clock
[STDERR  ] 2018-10-08T21:34:29.695239563Z: [    0.000000] clocksource: kvm-clock: mask: 0xffffffffffffffff max_cycles: 0x1cd42e4dffb, max_idle_ns: 881590591483 ns
[STDERR  ] 2018-10-08T21:34:29.695256655Z: [    0.000000] Zone ranges:
[STDERR  ] 2018-10-08T21:34:29.695270212Z: [    0.000000]   DMA      [mem 0x0000000000001000-0x0000000000ffffff]
[STDERR  ] 2018-10-08T21:34:29.695282927Z: [    0.000000]   DMA32    [mem 0x0000000001000000-0x000000003ffdefff]
[STDERR  ] 2018-10-08T21:34:29.695300026Z: [    0.000000]   Normal   empty
[STDERR  ] 2018-10-08T21:34:29.695313116Z: [    0.000000]   Device   empty
[STDERR  ] 2018-10-08T21:34:29.695330887Z: [    0.000000] Movable zone start for each node
[STDERR  ] 2018-10-08T21:34:29.695344315Z: [    0.000000] Early memory node ranges
[STDERR  ] 2018-10-08T21:34:29.695356784Z: [    0.000000]   node   0: [mem 0x0000000000001000-0x000000000009efff]
[STDERR  ] 2018-10-08T21:34:29.695376476Z: [    0.000000]   node   0: [mem 0x0000000000100000-0x000000003ffdefff]
[STDERR  ] 2018-10-08T21:34:29.695389130Z: [    0.000000] Initmem setup node 0 [mem 0x0000000000001000-0x000000003ffdefff]
[STDERR  ] 2018-10-08T21:34:29.695401672Z: [    0.000000] ACPI: PM-Timer IO Port: 0x608
[STDERR  ] 2018-10-08T21:34:29.695417661Z: [    0.000000] ACPI: LAPIC_NMI (acpi_id[0xff] dfl dfl lint[0x1])
[STDERR  ] 2018-10-08T21:34:29.695430267Z: [    0.000000] IOAPIC[0]: apic_id 0, version 17, address 0xfec00000, GSI 0-23
[STDERR  ] 2018-10-08T21:34:29.695446567Z: [    0.000000] ACPI: INT_SRC_OVR (bus 0 bus_irq 0 global_irq 2 dfl dfl)
[STDERR  ] 2018-10-08T21:34:29.695463646Z: [    0.000000] ACPI: INT_SRC_OVR (bus 0 bus_irq 5 global_irq 5 high level)
[STDERR  ] 2018-10-08T21:34:29.695483622Z: [    0.000000] ACPI: INT_SRC_OVR (bus 0 bus_irq 9 global_irq 9 high level)
[STDERR  ] 2018-10-08T21:34:29.695495649Z: [    0.000000] ACPI: INT_SRC_OVR (bus 0 bus_irq 10 global_irq 10 high level)
[STDERR  ] 2018-10-08T21:34:29.695508102Z: [    0.000000] ACPI: INT_SRC_OVR (bus 0 bus_irq 11 global_irq 11 high level)
[STDERR  ] 2018-10-08T21:34:29.695524721Z: [    0.000000] Using ACPI (MADT) for SMP configuration information
[STDERR  ] 2018-10-08T21:34:29.695537477Z: [    0.000000] ACPI: HPET id: 0x8086a201 base: 0xfed00000
[STDERR  ] 2018-10-08T21:34:29.695550441Z: [    0.000000] smpboot: Allowing 1 CPUs, 0 hotplug CPUs
[STDERR  ] 2018-10-08T21:34:29.695563825Z: [    0.000000] e820: [mem 0x40000000-0xafffffff] available for PCI devices
[STDERR  ] 2018-10-08T21:34:29.695576272Z: [    0.000000] Booting paravirtualized kernel on KVM
[STDERR  ] 2018-10-08T21:34:29.695590317Z: [    0.000000] clocksource: refined-jiffies: mask: 0xffffffff max_cycles: 0xffffffff, max_idle_ns: 1910969940391419 ns
[STDERR  ] 2018-10-08T21:34:29.695606153Z: [    0.000000] random: get_random_bytes called from start_kernel+0x92/0x4cb with crng_init=0
[STDERR  ] 2018-10-08T21:34:29.695620661Z: [    0.000000] setup_percpu: NR_CPUS:128 nr_cpumask_bits:128 nr_cpu_ids:1 nr_node_ids:1
[STDERR  ] 2018-10-08T21:34:29.695640117Z: [    0.000000] percpu: Embedded 45 pages/cpu @ffff9f373e200000 s144280 r8192 d31848 u2097152
[STDERR  ] 2018-10-08T21:34:29.695651979Z: [    0.000000] KVM setup async PF for cpu 0
[STDERR  ] 2018-10-08T21:34:29.695664566Z: [    0.000000] kvm-stealtime: cpu 0, msr 3e215f40
[STDERR  ] 2018-10-08T21:34:29.695676677Z: [    0.000000] Built 1 zonelists, mobility grouping on.  Total pages: 257896
[STDERR  ] 2018-10-08T21:34:29.695692937Z: [    0.000000] Kernel command line: console=ttyS0 console=ttyAMA0
[STDERR  ] 2018-10-08T21:34:29.695706921Z: [    0.000000] PID hash table entries: 4096 (order: 3, 32768 bytes)
[STDERR  ] 2018-10-08T21:34:29.695725143Z: [    0.000000] Dentry cache hash table entries: 131072 (order: 8, 1048576 bytes)
[STDERR  ] 2018-10-08T21:34:29.695745903Z: [    0.000000] Inode-cache hash table entries: 65536 (order: 7, 524288 bytes)
[STDERR  ] 2018-10-08T21:34:29.695761060Z: [    0.000000] Memory: 976400K/1048052K available (12300K kernel code, 1452K rwdata, 2964K rodata, 1512K init, 580K bss, 71652K reserved, 0K cma-reserved)
[STDERR  ] 2018-10-08T21:34:29.695782869Z: [    0.000000] Kernel/User page tables isolation: enabled
[STDERR  ] 2018-10-08T21:34:29.695795506Z: [    0.000000] ftrace: allocating 40636 entries in 159 pages
[STDERR  ] 2018-10-08T21:34:29.695808310Z: [    0.001000] Hierarchical RCU implementation.
[STDERR  ] 2018-10-08T21:34:29.695825950Z: [    0.001000] 	RCU restricting CPUs from NR_CPUS=128 to nr_cpu_ids=1.
[STDERR  ] 2018-10-08T21:34:29.695838456Z: [    0.001000] RCU: Adjusting geometry for rcu_fanout_leaf=16, nr_cpu_ids=1
[STDERR  ] 2018-10-08T21:34:29.695857211Z: [    0.001000] NR_IRQS: 8448, nr_irqs: 256, preallocated irqs: 16
[STDERR  ] 2018-10-08T21:34:29.695869525Z: [    0.001000] Console: colour VGA+ 80x25
[STDERR  ] 2018-10-08T21:34:29.695881976Z: [    0.001000] console [ttyS0] enabled
[STDERR  ] 2018-10-08T21:34:29.695899605Z: [    0.001000] clocksource: hpet: mask: 0xffffffff max_cycles: 0xffffffff, max_idle_ns: 19112604467 ns
[STDERR  ] 2018-10-08T21:34:29.695911959Z: [    0.001024] tsc: Detected 2299.922 MHz processor
[STDERR  ] 2018-10-08T21:34:29.695924198Z: [    0.002025] Calibrating delay loop (skipped) preset value.. 4599.84 BogoMIPS (lpj=2299922)
[STDERR  ] 2018-10-08T21:34:29.695936711Z: [    0.003022] pid_max: default: 32768 minimum: 301
[STDERR  ] 2018-10-08T21:34:29.695952387Z: [    0.004049] ACPI: Core revision 20170728
[STDERR  ] 2018-10-08T21:34:29.695969091Z: [    0.006466] ACPI: 1 ACPI AML tables successfully acquired and loaded
[STDERR  ] 2018-10-08T21:34:29.695988828Z: [    0.008128] Security Framework initialized
[STDERR  ] 2018-10-08T21:34:29.696000864Z: [    0.009022] Yama: becoming mindful.
[STDERR  ] 2018-10-08T21:34:29.696012929Z: [    0.010060] Mount-cache hash table entries: 2048 (order: 2, 16384 bytes)
[STDERR  ] 2018-10-08T21:34:29.696035374Z: [    0.011027] Mountpoint-cache hash table entries: 2048 (order: 2, 16384 bytes)
[STDERR  ] 2018-10-08T21:34:29.696060929Z: [    0.015061] Last level iTLB entries: 4KB 0, 2MB 0, 4MB 0
[STDERR  ] 2018-10-08T21:34:29.696074629Z: [    0.016023] Last level dTLB entries: 4KB 0, 2MB 0, 4MB 0, 1GB 0
[STDERR  ] 2018-10-08T21:34:29.696090887Z: [    0.017115] Spectre V2 : Mitigation: Full generic retpoline
[STDERR  ] 2018-10-08T21:34:29.696103094Z: [    0.018022] Spectre V2 : Spectre v2 / SpectreRSB mitigation: Filling RSB on context switch
[STDERR  ] 2018-10-08T21:34:29.696120097Z: [    0.019021] Speculative Store Bypass: Vulnerable
[STDERR  ] 2018-10-08T21:34:29.696132833Z: [    0.026313] Freeing SMP alternatives memory: 20K
[STDERR  ] 2018-10-08T21:34:29.696148730Z: [    0.027552] smpboot: Max logical packages: 1
[STDERR  ] 2018-10-08T21:34:29.696161127Z: [    0.031196] x2apic enabled
[STDERR  ] 2018-10-08T21:34:29.696176923Z: [    0.033021] Switched APIC routing to physical x2apic.
[STDERR  ] 2018-10-08T21:34:29.696190253Z: [    0.045712] ..TIMER: vector=0x30 apic1=0 pin1=2 apic2=-1 pin2=-1
[STDERR  ] 2018-10-08T21:34:29.696203199Z: [    0.046000] smpboot: CPU0: Intel QEMU Virtual CPU version 2.5+ (family: 0x6, model: 0x6, stepping: 0x3)
[STDERR  ] 2018-10-08T21:34:29.696216096Z: [    0.046117] Performance Events: PMU not available due to virtualization, using software events only.
[STDERR  ] 2018-10-08T21:34:29.696232234Z: [    0.048354] Hierarchical SRCU implementation.
[STDERR  ] 2018-10-08T21:34:29.696249453Z: [    0.049137] NMI watchdog: Perf event create on CPU 0 failed with -2
[STDERR  ] 2018-10-08T21:34:29.696265593Z: [    0.050004] NMI watchdog: Perf NMI watchdog permanently disabled
[STDERR  ] 2018-10-08T21:34:29.696278441Z: [    0.051064] smp: Bringing up secondary CPUs ...
[STDERR  ] 2018-10-08T21:34:29.696291569Z: [    0.052004] smp: Brought up 1 node, 1 CPU
[STDERR  ] 2018-10-08T21:34:29.696312156Z: [    0.053004] smpboot: Total of 1 processors activated (4599.84 BogoMIPS)
[STDERR  ] 2018-10-08T21:34:29.696324905Z: [    0.056182] devtmpfs: initialized
[STDERR  ] 2018-10-08T21:34:29.696338254Z: [    0.057074] x86/mm: Memory block size: 128MB
[STDERR  ] 2018-10-08T21:34:29.696352979Z: [    0.058246] evm: security.ima
[STDERR  ] 2018-10-08T21:34:29.696365681Z: [    0.059003] evm: security.capability
[STDERR  ] 2018-10-08T21:34:29.696378508Z: [    0.060161] clocksource: jiffies: mask: 0xffffffff max_cycles: 0xffffffff, max_idle_ns: 1911260446275000 ns
[STDERR  ] 2018-10-08T21:34:29.696402673Z: [    0.061010] futex hash table entries: 256 (order: 2, 16384 bytes)
[STDERR  ] 2018-10-08T21:34:29.696415759Z: [    0.062220] NET: Registered protocol family 16
[STDERR  ] 2018-10-08T21:34:29.696436532Z: [    0.064039] cpuidle: using governor ladder
[STDERR  ] 2018-10-08T21:34:29.696449745Z: [    0.065004] cpuidle: using governor menu
[STDERR  ] 2018-10-08T21:34:29.696466178Z: [    0.066097] ACPI: bus type PCI registered
[STDERR  ] 2018-10-08T21:34:29.696478474Z: [    0.068298] PCI: MMCONFIG for domain 0000 [bus 00-ff] at [mem 0xb0000000-0xbfffffff] (base 0xb0000000)
[STDERR  ] 2018-10-08T21:34:29.696493263Z: [    0.069022] PCI: MMCONFIG at [mem 0xb0000000-0xbfffffff] reserved in E820
[STDERR  ] 2018-10-08T21:34:29.696507287Z: [    0.070022] PCI: Using configuration type 1 for base access
[STDERR  ] 2018-10-08T21:34:29.696520601Z: [    0.073369] HugeTLB registered 2.00 MiB page size, pre-allocated 0 pages
[STDERR  ] 2018-10-08T21:34:29.696537994Z: [    0.075128] ACPI: Added _OSI(Module Device)
[STDERR  ] 2018-10-08T21:34:29.696550678Z: [    0.076004] ACPI: Added _OSI(Processor Device)
[STDERR  ] 2018-10-08T21:34:29.696567710Z: [    0.077003] ACPI: Added _OSI(3.0 _SCP Extensions)
[STDERR  ] 2018-10-08T21:34:29.696588731Z: [    0.078003] ACPI: Added _OSI(Processor Aggregator Device)
[STDERR  ] 2018-10-08T21:34:29.696601009Z: [    0.084176] ACPI: Interpreter enabled
[STDERR  ] 2018-10-08T21:34:29.696613417Z: [    0.085012] ACPI: (supports S0 S5)
[STDERR  ] 2018-10-08T21:34:29.696628352Z: [    0.086004] ACPI: Using IOAPIC for interrupt routing
[STDERR  ] 2018-10-08T21:34:29.696640723Z: [    0.087052] PCI: Using host bridge windows from ACPI; if necessary, use "pci=nocrs" and report a bug
[STDERR  ] 2018-10-08T21:34:29.696660946Z: [    0.089341] ACPI: Enabled 2 GPEs in block 00 to 3F
[STDERR  ] 2018-10-08T21:34:29.696672024Z: [    0.094044] ACPI: PCI Root Bridge [PCI0] (domain 0000 [bus 00-ff])
[STDERR  ] 2018-10-08T21:34:29.696682229Z: [    0.095012] acpi PNP0A08:00: _OSC: OS supports [ExtendedConfig ASPM ClockPM Segments MSI]
[STDERR  ] 2018-10-08T21:34:29.696693207Z: [    0.097084] acpi PNP0A08:00: _OSC: OS now controls [PCIeHotplug PME PCIeCapability]
[STDERR  ] 2018-10-08T21:34:29.696705930Z: [    0.098072] PCI host bridge to bus 0000:00
[STDERR  ] 2018-10-08T21:34:29.696718336Z: [    0.099008] pci_bus 0000:00: root bus resource [io  0x0000-0x0cf7 window]
[STDERR  ] 2018-10-08T21:34:29.696731526Z: [    0.100007] pci_bus 0000:00: root bus resource [io  0x0d00-0xffff window]
[STDERR  ] 2018-10-08T21:34:29.696744901Z: [    0.101007] pci_bus 0000:00: root bus resource [mem 0x000a0000-0x000bffff window]
[STDERR  ] 2018-10-08T21:34:29.696757040Z: [    0.102006] pci_bus 0000:00: root bus resource [mem 0xc0000000-0xfebfffff window]
[STDERR  ] 2018-10-08T21:34:29.696771951Z: [    0.103007] pci_bus 0000:00: root bus resource [bus 00-ff]
[STDERR  ] 2018-10-08T21:34:29.696788235Z: [    0.174131] pci 0000:00:1f.0: quirk: [io  0x0600-0x067f] claimed by ICH6 ACPI/GPIO/TCO
[STDERR  ] 2018-10-08T21:34:29.696800532Z: [    0.202242] ACPI: PCI Interrupt Link [LNKA] (IRQs 5 *10 11)
[STDERR  ] 2018-10-08T21:34:29.696817969Z: [    0.204020] ACPI: PCI Interrupt Link [LNKB] (IRQs 5 *10 11)
[STDERR  ] 2018-10-08T21:34:29.696829985Z: [    0.205330] ACPI: PCI Interrupt Link [LNKC] (IRQs 5 10 *11)
[STDERR  ] 2018-10-08T21:34:29.696843015Z: [    0.206307] ACPI: PCI Interrupt Link [LNKD] (IRQs 5 10 *11)
[STDERR  ] 2018-10-08T21:34:29.696859732Z: [    0.207295] ACPI: PCI Interrupt Link [LNKE] (IRQs 5 *10 11)
[STDERR  ] 2018-10-08T21:34:29.696872161Z: [    0.209167] ACPI: PCI Interrupt Link [LNKF] (IRQs 5 *10 11)
[STDERR  ] 2018-10-08T21:34:29.696884151Z: [    0.210307] ACPI: PCI Interrupt Link [LNKG] (IRQs 5 10 *11)
[STDERR  ] 2018-10-08T21:34:29.696896862Z: [    0.211297] ACPI: PCI Interrupt Link [LNKH] (IRQs 5 10 *11)
[STDERR  ] 2018-10-08T21:34:29.696910083Z: [    0.212145] ACPI: PCI Interrupt Link [GSIA] (IRQs *16)
[STDERR  ] 2018-10-08T21:34:29.696923028Z: [    0.213022] ACPI: PCI Interrupt Link [GSIB] (IRQs *17)
[STDERR  ] 2018-10-08T21:34:29.696935744Z: [    0.214022] ACPI: PCI Interrupt Link [GSIC] (IRQs *18)
[STDERR  ] 2018-10-08T21:34:29.696947954Z: [    0.215017] ACPI: PCI Interrupt Link [GSID] (IRQs *19)
[STDERR  ] 2018-10-08T21:34:29.696960366Z: [    0.216017] ACPI: PCI Interrupt Link [GSIE] (IRQs *20)
[STDERR  ] 2018-10-08T21:34:29.696973907Z: [    0.217020] ACPI: PCI Interrupt Link [GSIF] (IRQs *21)
[STDERR  ] 2018-10-08T21:34:29.696986047Z: [    0.218020] ACPI: PCI Interrupt Link [GSIG] (IRQs *22)
[STDERR  ] 2018-10-08T21:34:29.696999529Z: [    0.219020] ACPI: PCI Interrupt Link [GSIH] (IRQs *23)
[STDERR  ] 2018-10-08T21:34:29.697011245Z: [    0.220395] SCSI subsystem initialized
[STDERR  ] 2018-10-08T21:34:29.697032645Z: [    0.221103] ACPI: bus type USB registered
[STDERR  ] 2018-10-08T21:34:29.697045870Z: [    0.222033] usbcore: registered new interface driver usbfs
[STDERR  ] 2018-10-08T21:34:29.697065296Z: [    0.223020] usbcore: registered new interface driver hub
[STDERR  ] 2018-10-08T21:34:29.697079557Z: [    0.224033] usbcore: registered new device driver usb
[STDERR  ] 2018-10-08T21:34:29.697092356Z: [    0.225034] pps_core: LinuxPPS API ver. 1 registered
[STDERR  ] 2018-10-08T21:34:29.697109425Z: [    0.226004] pps_core: Software ver. 5.3.6 - Copyright 2005-2007 Rodolfo Giometti <giometti@linux.it>
[STDERR  ] 2018-10-08T21:34:29.697126148Z: [    0.227016] PTP clock support registered
[STDERR  ] 2018-10-08T21:34:29.697139796Z: [    0.228091] PCI: Using ACPI for IRQ routing
[STDERR  ] 2018-10-08T21:34:29.697152695Z: [    0.706201] NetLabel: Initializing
[STDERR  ] 2018-10-08T21:34:29.697168006Z: [    0.707004] NetLabel:  domain hash size = 128
[STDERR  ] 2018-10-08T21:34:29.697184972Z: [    0.708003] NetLabel:  protocols = UNLABELED CIPSOv4 CALIPSO
[STDERR  ] 2018-10-08T21:34:29.697197700Z: [    0.709035] NetLabel:  unlabeled traffic allowed by default
[STDERR  ] 2018-10-08T21:34:29.697210994Z: [    0.710235] HPET: 3 timers in total, 0 timers will be used for per-cpu timer
[STDERR  ] 2018-10-08T21:34:29.697223896Z: [    0.711099] hpet0: at MMIO 0xfed00000, IRQs 2, 8, 0
[STDERR  ] 2018-10-08T21:34:29.697238103Z: [    0.712005] hpet0: 3 comparators, 64-bit 100.000000 MHz counter
[STDERR  ] 2018-10-08T21:34:29.697251005Z: [    0.715041] clocksource: Switched to clocksource kvm-clock
[STDERR  ] 2018-10-08T21:34:29.697264874Z: [    0.739396] VFS: Disk quotas dquot_6.6.0
[STDERR  ] 2018-10-08T21:34:29.697277507Z: [    0.743309] VFS: Dquot-cache hash table entries: 512 (order 0, 4096 bytes)
[STDERR  ] 2018-10-08T21:34:29.697289966Z: [    0.749943] FS-Cache: Loaded
[STDERR  ] 2018-10-08T21:34:29.697303367Z: [    0.752898] CacheFiles: Loaded
[STDERR  ] 2018-10-08T21:34:29.697316779Z: [    0.755921] pnp: PnP ACPI init
[STDERR  ] 2018-10-08T21:34:29.697330057Z: [    0.760106] pnp: PnP ACPI: found 5 devices
[STDERR  ] 2018-10-08T21:34:29.697343367Z: [    0.770249] clocksource: acpi_pm: mask: 0xffffff max_cycles: 0xffffff, max_idle_ns: 2085701024 ns
[STDERR  ] 2018-10-08T21:34:29.697356308Z: [    0.778814] NET: Registered protocol family 2
[STDERR  ] 2018-10-08T21:34:29.697369507Z: [    0.783303] TCP established hash table entries: 8192 (order: 4, 65536 bytes)
[STDERR  ] 2018-10-08T21:34:29.697382052Z: [    0.789996] TCP bind hash table entries: 8192 (order: 5, 131072 bytes)
[STDERR  ] 2018-10-08T21:34:29.697394854Z: [    0.796894] TCP: Hash tables configured (established 8192 bind 8192)
[STDERR  ] 2018-10-08T21:34:29.697408903Z: [    0.803100] UDP hash table entries: 512 (order: 2, 16384 bytes)
[STDERR  ] 2018-10-08T21:34:29.697426343Z: [    0.808771] UDP-Lite hash table entries: 512 (order: 2, 16384 bytes)
[STDERR  ] 2018-10-08T21:34:29.697438717Z: [    0.814855] NET: Registered protocol family 1
[STDERR  ] 2018-10-08T21:34:29.697451892Z: [    0.819345] pci 0000:00:01.0: Video device with shadowed ROM at [mem 0x000c0000-0x000dffff]
[STDERR  ] 2018-10-08T21:34:29.697465022Z: [    0.827711] Trying to unpack rootfs image as initramfs...
[STDERR  ] 2018-10-08T21:34:29.697477537Z: [    1.375871] Freeing initrd memory: 28476K
[STDERR  ] 2018-10-08T21:34:29.697490366Z: [    1.379972] clocksource: tsc: mask: 0xffffffffffffffff max_cycles: 0x2126eb9c3d0, max_idle_ns: 440795298770 ns
[STDERR  ] 2018-10-08T21:34:29.697503898Z: [    1.390091] PCLMULQDQ-NI instructions are not detected.
[STDERR  ] 2018-10-08T21:34:29.697517558Z: [    1.395249] AVX or AES-NI instructions are not detected.
[STDERR  ] 2018-10-08T21:34:29.697529618Z: [    1.400399] CPU feature 'AVX registers' is not supported.
[STDERR  ] 2018-10-08T21:34:29.697542412Z: [    1.405606] CPU feature 'AVX registers' is not supported.
[STDERR  ] 2018-10-08T21:34:29.697567868Z: [    1.410810] CPU feature 'AVX registers' is not supported.
[STDERR  ] 2018-10-08T21:34:29.697579777Z: [    1.416032] CPU feature 'AVX registers' is not supported.
[STDERR  ] 2018-10-08T21:34:29.697593172Z: [    1.421203] AVX2 or AES-NI instructions are not detected.
[STDERR  ] 2018-10-08T21:34:29.697604685Z: [    1.426353] AVX2 instructions are not detected.
[STDERR  ] 2018-10-08T21:34:29.697617147Z: [    1.430985] audit: initializing netlink subsys (disabled)
[STDERR  ] 2018-10-08T21:34:29.697629693Z: [    1.436556] audit: type=2000 audit(1539034462.649:1): state=initialized audit_enabled=0 res=1
[STDERR  ] 2018-10-08T21:34:29.697649259Z: [    1.444770] workingset: timestamp_bits=46 max_order=18 bucket_order=0
[STDERR  ] 2018-10-08T21:34:29.697665832Z: [    1.451379] squashfs: version 4.0 (2009/01/31) Phillip Lougher
[STDERR  ] 2018-10-08T21:34:29.697678290Z: [    1.457122] FS-Cache: Netfs 'cifs' registered for caching
[STDERR  ] 2018-10-08T21:34:29.697690227Z: [    1.462388] fuse init (API version 7.26)
[STDERR  ] 2018-10-08T21:34:29.697702322Z: [    1.466320] SGI XFS with ACLs, security attributes, no debug enabled
[STDERR  ] 2018-10-08T21:34:29.697714321Z: [    1.472598] 9p: Installing v9fs 9p2000 file system support
[STDERR  ] 2018-10-08T21:34:29.697727184Z: [    1.477879] FS-Cache: Netfs '9p' registered for caching
[STDERR  ] 2018-10-08T21:34:29.697739451Z: [    1.484185] NET: Registered protocol family 38
[STDERR  ] 2018-10-08T21:34:29.697752003Z: [    1.488508] Key type asymmetric registered
[STDERR  ] 2018-10-08T21:34:29.697764466Z: [    1.492540] Asymmetric key parser 'x509' registered
[STDERR  ] 2018-10-08T21:34:29.697775699Z: [    1.497286] Block layer SCSI generic (bsg) driver version 0.4 loaded (major 247)
[STDERR  ] 2018-10-08T21:34:29.697787747Z: [    1.504466] io scheduler noop registered
[STDERR  ] 2018-10-08T21:34:29.697799625Z: [    1.508335] io scheduler deadline registered (default)
[STDERR  ] 2018-10-08T21:34:29.697811596Z: [    1.513340] io scheduler cfq registered
[STDERR  ] 2018-10-08T21:34:29.697825960Z: [    1.517055] io scheduler mq-deadline registered
[STDERR  ] 2018-10-08T21:34:29.697838590Z: [    1.521424] io scheduler kyber registered
[STDERR  ] 2018-10-08T21:34:29.697850479Z: [    1.525438] shpchp: Standard Hot Plug PCI Controller Driver version: 0.4
[STDERR  ] 2018-10-08T21:34:29.697864912Z: [    1.531886] hv_vmbus: registering driver hyperv_fb
[STDERR  ] 2018-10-08T21:34:29.697877905Z: [    1.536606] input: Power Button as /devices/LNXSYSTM:00/LNXPWRBN:00/input/input0
[STDERR  ] 2018-10-08T21:34:29.697890277Z: [    1.543734] ACPI: Power Button [PWRF]
[STDERR  ] 2018-10-08T21:34:29.697903656Z: [    1.547990] ACPI: PCI Interrupt Link [GSIG] enabled at IRQ 22
[STDERR  ] 2018-10-08T21:34:29.697917268Z: [    1.559467] ACPI: PCI Interrupt Link [GSIH] enabled at IRQ 23
[STDERR  ] 2018-10-08T21:34:29.697935762Z: [    1.570994] Serial: 8250/16550 driver, 4 ports, IRQ sharing disabled
[STDERR  ] 2018-10-08T21:34:29.697947458Z: [    1.611811] 00:04: ttyS0 at I/O 0x3f8 (irq = 4, base_baud = 115200) is a 16550A
[STDERR  ] 2018-10-08T21:34:29.697960030Z: [    1.619864] Non-volatile memory driver v1.3
[STDERR  ] 2018-10-08T21:34:29.697973048Z: [    1.625726] Hangcheck: starting hangcheck timer 0.9.1 (tick is 180 seconds, margin is 60 seconds).
[STDERR  ] 2018-10-08T21:34:29.697989044Z: [    1.634511] random: fast init done
[STDERR  ] 2018-10-08T21:34:29.698002027Z: [    1.639602] random: crng init done
[STDERR  ] 2018-10-08T21:34:29.698018842Z: [    1.643620] brd: module loaded
[STDERR  ] 2018-10-08T21:34:29.698061042Z: [    1.649104] loop: module loaded
[STDERR  ] 2018-10-08T21:34:29.698074516Z: [    1.656002] lpc_ich 0000:00:1f.0: I/O space for GPIO uninitialized
[STDERR  ] 2018-10-08T21:34:29.698091741Z: [    1.662115] VMware PVSCSI driver - version 1.0.7.0-k
[STDERR  ] 2018-10-08T21:34:29.698104521Z: [    1.666945] hv_vmbus: registering driver hv_storvsc
[STDERR  ] 2018-10-08T21:34:29.698116746Z: [    1.672282] ACPI: PCI Interrupt Link [GSIA] enabled at IRQ 16
[STDERR  ] 2018-10-08T21:34:29.698129280Z: [    1.681482] ahci 0000:00:1f.2: AHCI 0001.0000 32 slots 6 ports 1.5 Gbps 0x3f impl SATA mode
[STDERR  ] 2018-10-08T21:34:29.698147255Z: [    1.689428] ahci 0000:00:1f.2: flags: 64bit ncq only 
[STDERR  ] 2018-10-08T21:34:29.698182343Z: [    1.698298] scsi host0: ahci
[STDERR  ] 2018-10-08T21:34:29.698200356Z: [    1.701243] scsi host1: ahci
[STDERR  ] 2018-10-08T21:34:29.698217386Z: [    1.704246] scsi host2: ahci
[STDERR  ] 2018-10-08T21:34:29.698230140Z: [    1.707168] scsi host3: ahci
[STDERR  ] 2018-10-08T21:34:29.698242704Z: [    1.710105] scsi host4: ahci
[STDERR  ] 2018-10-08T21:34:29.698259241Z: [    1.713060] scsi host5: ahci
[STDERR  ] 2018-10-08T21:34:29.698272362Z: [    1.716055] ata1: SATA max UDMA/133 abar m4096@0xfebd2000 port 0xfebd2100 irq 24
[STDERR  ] 2018-10-08T21:34:29.698284999Z: [    1.723090] ata2: SATA max UDMA/133 abar m4096@0xfebd2000 port 0xfebd2180 irq 24
[STDERR  ] 2018-10-08T21:34:29.698296696Z: [    1.730115] ata3: SATA max UDMA/133 abar m4096@0xfebd2000 port 0xfebd2200 irq 24
[STDERR  ] 2018-10-08T21:34:29.698308876Z: [    1.737233] ata4: SATA max UDMA/133 abar m4096@0xfebd2000 port 0xfebd2280 irq 24
[STDERR  ] 2018-10-08T21:34:29.698320920Z: [    1.744344] ata5: SATA max UDMA/133 abar m4096@0xfebd2000 port 0xfebd2300 irq 24
[STDERR  ] 2018-10-08T21:34:29.698333116Z: [    1.751429] ata6: SATA max UDMA/133 abar m4096@0xfebd2000 port 0xfebd2380 irq 24
[STDERR  ] 2018-10-08T21:34:29.698345612Z: [    1.760856] tun: Universal TUN/TAP device driver, 1.6
[STDERR  ] 2018-10-08T21:34:29.698363278Z: [    1.770407] VMware vmxnet3 virtual NIC driver - version 1.4.a.0-k-NAPI
[STDERR  ] 2018-10-08T21:34:29.698377616Z: [    1.776685] hv_vmbus: registering driver hv_netvsc
[STDERR  ] 2018-10-08T21:34:29.698398722Z: [    1.781268] Fusion MPT base driver 3.04.20
[STDERR  ] 2018-10-08T21:34:29.698417140Z: [    1.785253] Copyright (c) 1999-2008 LSI Corporation
[STDERR  ] 2018-10-08T21:34:29.698456291Z: [    1.789957] Fusion MPT SPI Host driver 3.04.20
[STDERR  ] 2018-10-08T21:34:29.698469690Z: [    1.794344] i8042: PNP: PS/2 Controller [PNP0303:KBD,PNP0f13:MOU] at 0x60,0x64 irq 1,12
[STDERR  ] 2018-10-08T21:34:29.698482341Z: [    1.806138] serio: i8042 KBD port at 0x60,0x64 irq 1
[STDERR  ] 2018-10-08T21:34:29.698495838Z: [    1.810974] serio: i8042 AUX port at 0x60,0x64 irq 12
[STDERR  ] 2018-10-08T21:34:29.698509085Z: [    1.815917] hv_vmbus: registering driver hyperv_keyboard
[STDERR  ] 2018-10-08T21:34:29.698530573Z: [    1.821105] mousedev: PS/2 mouse device common for all mice
[STDERR  ] 2018-10-08T21:34:29.698554295Z: [    1.827938] input: AT Translated Set 2 keyboard as /devices/platform/i8042/serio0/input/input1
[STDERR  ] 2018-10-08T21:34:29.698575227Z: [    1.836190] input: PC Speaker as /devices/platform/pcspkr/input/input2
[STDERR  ] 2018-10-08T21:34:29.698600207Z: [    1.842783] rtc_cmos 00:00: RTC can wake from S4
[STDERR  ] 2018-10-08T21:34:29.698634385Z: [    1.849616] rtc_cmos 00:00: rtc core: registered rtc_cmos as rtc0
[STDERR  ] 2018-10-08T21:34:29.698659893Z: [    1.856377] rtc_cmos 00:00: alarms up to one day, y3k, 114 bytes nvram, hpet irqs
[STDERR  ] 2018-10-08T21:34:29.698682277Z: [    1.863553] i2c /dev entries driver
[STDERR  ] 2018-10-08T21:34:29.698695672Z: [    1.867160] device-mapper: ioctl: 4.37.0-ioctl (2017-09-20) initialised: dm-devel@redhat.com
[STDERR  ] 2018-10-08T21:34:29.698708885Z: [    1.875969] usbcore: registered new interface driver usbhid
[STDERR  ] 2018-10-08T21:34:29.698722325Z: [    1.881365] usbhid: USB HID core driver
[STDERR  ] 2018-10-08T21:34:29.698734584Z: [    1.885143] hv_utils: Registering HyperV Utility Driver
[STDERR  ] 2018-10-08T21:34:29.698747958Z: [    1.890176] hv_vmbus: registering driver hv_util
[STDERR  ] 2018-10-08T21:34:29.698762213Z: [    1.894659] hv_vmbus: registering driver hv_balloon
[STDERR  ] 2018-10-08T21:34:29.698775302Z: [    1.899434] oprofile: using NMI interrupt.
[STDERR  ] 2018-10-08T21:34:29.698788042Z: [    1.903444] GACT probability on
[STDERR  ] 2018-10-08T21:34:29.698801829Z: [    1.906504] Mirror/redirect action on
[STDERR  ] 2018-10-08T21:34:29.698830479Z: [    1.910072] Simple TC action Loaded
[STDERR  ] 2018-10-08T21:34:29.698848082Z: [    1.913515] u32 classifier
[STDERR  ] 2018-10-08T21:34:29.698876607Z: [    1.916230]     Performance counters on
[STDERR  ] 2018-10-08T21:34:29.698900532Z: [    1.920011]     input device check on
[STDERR  ] 2018-10-08T21:34:29.698920440Z: [    1.923551]     Actions configured
[STDERR  ] 2018-10-08T21:34:29.698948440Z: [    1.926855] Netfilter messages via NETLINK v0.30.
[STDERR  ] 2018-10-08T21:34:29.698973420Z: [    1.931391] nfnl_acct: registering with nfnetlink.
[STDERR  ] 2018-10-08T21:34:29.698986163Z: [    1.936136] nf_conntrack version 0.5.0 (8192 buckets, 32768 max)
[STDERR  ] 2018-10-08T21:34:29.698998178Z: [    1.941961] ctnetlink v0.93: registering with nfnetlink.
[STDERR  ] 2018-10-08T21:34:29.699010588Z: [    1.947152] nf_tables: (c) 2007-2009 Patrick McHardy <kaber@trash.net>
[STDERR  ] 2018-10-08T21:34:29.699033237Z: [    1.953381] nf_tables_compat: (c) 2012 Pablo Neira Ayuso <pablo@netfilter.org>
[STDERR  ] 2018-10-08T21:34:29.699046754Z: [    1.960310] xt_time: kernel timezone is -0000
[STDERR  ] 2018-10-08T21:34:29.699067261Z: [    1.964566] ip_set: protocol 6
[STDERR  ] 2018-10-08T21:34:29.699079235Z: [    1.967681] ipip: IPv4 and MPLS over IPv4 tunneling driver
[STDERR  ] 2018-10-08T21:34:29.699092955Z: [    1.973745] gre: GRE over IPv4 demultiplexor driver
[STDERR  ] 2018-10-08T21:34:29.699105448Z: [    1.979163] ip_tables: (C) 2000-2006 Netfilter Core Team
[STDERR  ] 2018-10-08T21:34:29.699118157Z: [    1.984590] arp_tables: arp_tables: (C) 2002 David S. Miller
[STDERR  ] 2018-10-08T21:34:29.699135834Z: [    1.990315] NET: Registered protocol family 10
[STDERR  ] 2018-10-08T21:34:29.699148419Z: [    1.994984] Segment Routing with IPv6
[STDERR  ] 2018-10-08T21:34:29.699160408Z: [    1.998816] ip6_tables: (C) 2000-2006 Netfilter Core Team
[STDERR  ] 2018-10-08T21:34:29.699172322Z: [    2.004559] NET: Registered protocol family 17
[STDERR  ] 2018-10-08T21:34:29.699184605Z: [    2.008957] Bridge firewalling registered
[STDERR  ] 2018-10-08T21:34:29.699197884Z: [    2.013193] 8021q: 802.1Q VLAN Support v1.8
[STDERR  ] 2018-10-08T21:34:29.699223227Z: [    2.017284] 9pnet: Installing 9P2000 support
[STDERR  ] 2018-10-08T21:34:29.699235416Z: [    2.021665] Key type dns_resolver registered
[STDERR  ] 2018-10-08T21:34:29.699254847Z: [    2.026121] registered taskstats version 1
[STDERR  ] 2018-10-08T21:34:29.699267625Z: [    2.038679] Key type big_key registered
[STDERR  ] 2018-10-08T21:34:29.699280068Z: [    2.046803] Key type trusted registered
[STDERR  ] 2018-10-08T21:34:29.699300965Z: [    2.054389] Key type encrypted registered
[STDERR  ] 2018-10-08T21:34:29.699330245Z: [    2.058563] ima: No TPM chip found, activating TPM-bypass! (rc=-19)
[STDERR  ] 2018-10-08T21:34:29.699352282Z: [    2.064804] ima: Allocated hash algorithm: sha256
[STDERR  ] 2018-10-08T21:34:29.699377264Z: [    2.069354] evm: HMAC attrs: 0x1
[STDERR  ] 2018-10-08T21:34:29.699399466Z: [    2.074790] rtc_cmos 00:00: setting system clock to 2018-10-08 21:34:23 UTC (1539034463)
[STDERR  ] 2018-10-08T21:34:29.699459502Z: [    2.083701] ata6: SATA link down (SStatus 0 SControl 300)
[STDERR  ] 2018-10-08T21:34:29.699487713Z: [    2.089725] ata5: SATA link down (SStatus 0 SControl 300)
[STDERR  ] 2018-10-08T21:34:29.699501470Z: [    2.095824] ata4: SATA link down (SStatus 0 SControl 300)
[STDERR  ] 2018-10-08T21:34:29.699513469Z: [    2.101924] ata3: SATA link up 1.5 Gbps (SStatus 113 SControl 300)
[STDERR  ] 2018-10-08T21:34:29.699536972Z: [    2.108916] ata2: SATA link down (SStatus 0 SControl 300)
[STDERR  ] 2018-10-08T21:34:29.699557615Z: [    2.114874] ata1: SATA link down (SStatus 0 SControl 300)
[STDERR  ] 2018-10-08T21:34:29.699586886Z: [    2.121916] ata3.00: ATAPI: QEMU DVD-ROM, 2.5+, max UDMA/100
[STDERR  ] 2018-10-08T21:34:29.699608768Z: [    2.127545] ata3.00: applying bridge limits
[STDERR  ] 2018-10-08T21:34:29.699629559Z: [    2.132227] ata3.00: configured for UDMA/100
[STDERR  ] 2018-10-08T21:34:29.699653130Z: [    2.137965] scsi 2:0:0:0: CD-ROM            QEMU     QEMU DVD-ROM     2.5+ PQ: 0 ANSI: 5
[STDERR  ] 2018-10-08T21:34:29.699670108Z: [    2.160878] sr 2:0:0:0: [sr0] scsi3-mmc drive: 4x/4x cd/rw xa/form2 tray
[STDERR  ] 2018-10-08T21:34:29.699690575Z: [    2.167354] cdrom: Uniform CD-ROM driver Revision: 3.20
[STDERR  ] 2018-10-08T21:34:29.699711373Z: [    2.172843] sr 2:0:0:0: Attached scsi generic sg0 type 5
[STDERR  ] 2018-10-08T21:34:29.699733598Z: [    2.179871] Freeing unused kernel memory: 1512K
[STDERR  ] 2018-10-08T21:34:29.699771557Z: [    2.186946] Write protecting the kernel read-only data: 18432k
[STDERR  ] 2018-10-08T21:34:29.699796660Z: [    2.193421] Freeing unused kernel memory: 2024K
[STDERR  ] 2018-10-08T21:34:29.699822053Z: [    2.201332] Freeing unused kernel memory: 1132K
[STDERR  ] 2018-10-08T21:34:29.699842814Z: 
[STDERR  ] 2018-10-08T21:34:29.699856135Z: Welcome to LinuxKit
[STDERR  ] 2018-10-08T21:34:29.699868937Z: 
[STDERR  ] 2018-10-08T21:34:29.699885323Z:                         ##         .
[STDERR  ] 2018-10-08T21:34:29.699910840Z:                   ## ## ##        ==
[STDERR  ] 2018-10-08T21:34:29.699932373Z:                ## ## ## ## ##    ===
[STDERR  ] 2018-10-08T21:34:29.699946143Z:            /"""""""""""""""""\___/ ===
[STDERR  ] 2018-10-08T21:34:29.699961761Z:           {                       /  ===-
[STDERR  ] 2018-10-08T21:34:29.699974585Z:            \______ O           __/
[STDERR  ] 2018-10-08T21:34:29.699987733Z:              \    \         __/
[STDERR  ] 2018-10-08T21:34:29.700001133Z:               \____\_______/
[STDERR  ] 2018-10-08T21:34:29.700013442Z: 
[STDERR  ] 2018-10-08T21:34:29.700036477Z: [    3.077973] RPC: Registered named UNIX socket transport module.
[STDERR  ] 2018-10-08T21:34:29.700048452Z: [    3.083771] RPC: Registered udp transport module.
[STDERR  ] 2018-10-08T21:34:29.700068330Z: [    3.088281] RPC: Registered tcp transport module.
[STDERR  ] 2018-10-08T21:34:29.700080645Z: [    3.092824] RPC: Registered tcp NFSv4.1 backchannel transport module.
[STDERR  ] 2018-10-08T21:34:29.700093244Z: [    3.107553] FS-Cache: Netfs 'nfs' registered for caching
[STDERR  ] 2018-10-08T21:34:29.700106602Z: [    3.121510] Installing knfsd (copyright (C) 1996 okir@monad.swb.de).
[STDERR  ] 2018-10-08T21:34:29.700119382Z: [    3.130587] ntfs: driver 2.1.32 [Flags: R/O MODULE].
[STDERR  ] 2018-10-08T21:34:29.700131585Z: starting kernel config sanity test with /proc/config.gz
[STDERR  ] 2018-10-08T21:34:29.700143537Z: kernel config test succeeded!
[STDERR  ] 2018-10-08T21:34:29.700156139Z: [37minfo: reading kernel config from /proc/config.gz ...[m
[STDERR  ] 2018-10-08T21:34:29.700168114Z: 
[STDERR  ] 2018-10-08T21:34:29.700180994Z: Generally Necessary:
[STDERR  ] 2018-10-08T21:34:29.700195854Z: - [37mcgroup hierarchy[m: [32mproperly mounted[m [/sys/fs/cgroup]
[STDERR  ] 2018-10-08T21:34:29.700213202Z: - [37mCONFIG_NAMESPACES[m: [32menabled[m
[STDERR  ] 2018-10-08T21:34:29.700226123Z: - [37mCONFIG_NET_NS[m: [32menabled[m
[STDERR  ] 2018-10-08T21:34:29.700238169Z: - [37mCONFIG_PID_NS[m: [32menabled[m
[STDERR  ] 2018-10-08T21:34:29.700250828Z: - [37mCONFIG_IPC_NS[m: [32menabled[m
[STDERR  ] 2018-10-08T21:34:29.700263281Z: - [37mCONFIG_UTS_NS[m: [32menabled[m
[STDERR  ] 2018-10-08T21:34:29.700275971Z: - [37mCONFIG_CGROUPS[m: [32menabled[m
[STDERR  ] 2018-10-08T21:34:29.700288208Z: - [37mCONFIG_CGROUP_CPUACCT[m: [32menabled[m
[STDERR  ] 2018-10-08T21:34:29.700300359Z: - [37mCONFIG_CGROUP_DEVICE[m: [32menabled[m
[STDERR  ] 2018-10-08T21:34:29.700312484Z: - [37mCONFIG_CGROUP_FREEZER[m: [32menabled[m
[STDERR  ] 2018-10-08T21:34:29.700324484Z: - [37mCONFIG_CGROUP_SCHED[m: [32menabled[m
[STDERR  ] 2018-10-08T21:34:29.700337047Z: - [37mCONFIG_CPUSETS[m: [32menabled[m
[STDERR  ] 2018-10-08T21:34:29.700349899Z: - [37mCONFIG_MEMCG[m: [32menabled[m
[STDERR  ] 2018-10-08T21:34:29.700365247Z: - [37mCONFIG_KEYS[m: [32menabled[m
[STDERR  ] 2018-10-08T21:34:29.700377958Z: - [37mCONFIG_VETH[m: [32menabled[m
[STDERR  ] 2018-10-08T21:34:29.700389653Z: - [37mCONFIG_BRIDGE[m: [32menabled[m
[STDERR  ] 2018-10-08T21:34:29.700401652Z: - [37mCONFIG_BRIDGE_NETFILTER[m: [32menabled[m
[STDERR  ] 2018-10-08T21:34:29.700414730Z: - [37mCONFIG_NF_NAT_IPV4[m: [32menabled[m
[STDERR  ] 2018-10-08T21:34:29.700427554Z: - [37mCONFIG_IP_NF_FILTER[m: [32menabled[m
[STDERR  ] 2018-10-08T21:34:29.700439770Z: - [37mCONFIG_IP_NF_TARGET_MASQUERADE[m: [32menabled[m
[STDERR  ] 2018-10-08T21:34:29.700452070Z: - [37mCONFIG_NETFILTER_XT_MATCH_ADDRTYPE[m: [32menabled[m
[STDERR  ] 2018-10-08T21:34:29.700467851Z: - [37mCONFIG_NETFILTER_XT_MATCH_CONNTRACK[m: [32menabled[m
[STDERR  ] 2018-10-08T21:34:29.700479362Z: - [37mCONFIG_NETFILTER_XT_MATCH_IPVS[m: [32menabled (as module)[m
[STDERR  ] 2018-10-08T21:34:29.700493099Z: - [37mCONFIG_IP_NF_NAT[m: [32menabled[m
[STDERR  ] 2018-10-08T21:34:29.700504943Z: - [37mCONFIG_NF_NAT[m: [32menabled[m
[STDERR  ] 2018-10-08T21:34:29.700517307Z: - [37mCONFIG_NF_NAT_NEEDED[m: [32menabled[m
[STDERR  ] 2018-10-08T21:34:29.700529495Z: - [37mCONFIG_POSIX_MQUEUE[m: [32menabled[m
[STDERR  ] 2018-10-08T21:34:29.700541759Z: 
[STDERR  ] 2018-10-08T21:34:29.700553918Z: Optional Features:
[STDERR  ] 2018-10-08T21:34:29.700565414Z: - [37mCONFIG_USER_NS[m: [32menabled[m
[STDERR  ] 2018-10-08T21:34:29.700578668Z: - [37mCONFIG_SECCOMP[m: [32menabled[m
[STDERR  ] 2018-10-08T21:34:29.700591270Z: - [37mCONFIG_CGROUP_PIDS[m: [32menabled[m
[STDERR  ] 2018-10-08T21:34:29.700603842Z: - [37mCONFIG_MEMCG_SWAP[m: [32menabled[m
[STDERR  ] 2018-10-08T21:34:29.700618667Z: - [37mCONFIG_MEMCG_SWAP_ENABLED[m: [32menabled[m
[STDERR  ] 2018-10-08T21:34:29.700630758Z:     [1;30m(cgroup swap accounting is currently enabled)[m
[STDERR  ] 2018-10-08T21:34:29.700645508Z: - [1mCONFIG_LEGACY_VSYSCALL_NONE[m: [1;31menabled[m
[STDERR  ] 2018-10-08T21:34:29.700657778Z:     [1;30m(containers using eglibc <= 2.13 will not work. Switch to[m
[STDERR  ] 2018-10-08T21:34:29.700679154Z:     [1;30m "CONFIG_VSYSCALL_[NATIVE|EMULATE]" or use "vsyscall=[native|emulate]"[m
[STDERR  ] 2018-10-08T21:34:29.700693032Z:     [1;30m on kernel command line. Note that this will disable ASLR for the,[m
[STDERR  ] 2018-10-08T21:34:29.700705805Z:     [1;30m VDSO which may assist in exploiting security vulnerabilities.)[m
[STDERR  ] 2018-10-08T21:34:29.700717778Z: - [37mCONFIG_BLK_CGROUP[m: [32menabled[m
[STDERR  ] 2018-10-08T21:34:29.700729864Z: - [37mCONFIG_BLK_DEV_THROTTLING[m: [32menabled[m
[STDERR  ] 2018-10-08T21:34:29.700741735Z: - [37mCONFIG_IOSCHED_CFQ[m: [32menabled[m
[STDERR  ] 2018-10-08T21:34:29.700753572Z: - [37mCONFIG_CFQ_GROUP_IOSCHED[m: [32menabled[m
[STDERR  ] 2018-10-08T21:34:29.700765642Z: - [37mCONFIG_CGROUP_PERF[m: [32menabled[m
[STDERR  ] 2018-10-08T21:34:29.700778308Z: - [37mCONFIG_CGROUP_HUGETLB[m: [32menabled[m
[STDERR  ] 2018-10-08T21:34:29.700795708Z: - [37mCONFIG_NET_CLS_CGROUP[m: [32menabled[m
[STDERR  ] 2018-10-08T21:34:29.700808499Z: - [37mCONFIG_CGROUP_NET_PRIO[m: [32menabled[m
[STDERR  ] 2018-10-08T21:34:29.700821666Z: - [37mCONFIG_CFS_BANDWIDTH[m: [32menabled[m
[STDERR  ] 2018-10-08T21:34:29.700833231Z: - [37mCONFIG_FAIR_GROUP_SCHED[m: [32menabled[m
[STDERR  ] 2018-10-08T21:34:29.700845331Z: - [37mCONFIG_RT_GROUP_SCHED[m: [32menabled[m
[STDERR  ] 2018-10-08T21:34:29.700857621Z: - [37mCONFIG_IP_VS[m: [32menabled (as module)[m
[STDERR  ] 2018-10-08T21:34:29.700870272Z: - [37mCONFIG_IP_VS_NFCT[m: [32menabled[m
[STDERR  ] 2018-10-08T21:34:29.700885558Z: - [37mCONFIG_IP_VS_RR[m: [32menabled (as module)[m
[STDERR  ] 2018-10-08T21:34:29.700897900Z: - [37mCONFIG_EXT4_FS[m: [32menabled[m
[STDERR  ] 2018-10-08T21:34:29.700909849Z: - [37mCONFIG_EXT4_FS_POSIX_ACL[m: [32menabled[m
[STDERR  ] 2018-10-08T21:34:29.700921128Z: - [37mCONFIG_EXT4_FS_SECURITY[m: [32menabled[m
[STDERR  ] 2018-10-08T21:34:29.700933247Z: - Network Drivers:
[STDERR  ] 2018-10-08T21:34:29.700946236Z:   - "[34moverlay[m":
[STDERR  ] 2018-10-08T21:34:29.700958757Z:     - [37mCONFIG_VXLAN[m: [32menabled[m
[STDERR  ] 2018-10-08T21:34:29.700970906Z:       Optional (for encrypted networks):
[STDERR  ] 2018-10-08T21:34:29.700988430Z:       - [37mCONFIG_CRYPTO[m: [32menabled[m
[STDERR  ] 2018-10-08T21:34:29.701000278Z:       - [37mCONFIG_CRYPTO_AEAD[m: [32menabled[m
[STDERR  ] 2018-10-08T21:34:29.701011919Z:       - [37mCONFIG_CRYPTO_GCM[m: [32menabled[m
[STDERR  ] 2018-10-08T21:34:29.701034210Z:       - [37mCONFIG_CRYPTO_SEQIV[m: [32menabled[m
[STDERR  ] 2018-10-08T21:34:29.701056703Z:       - [37mCONFIG_CRYPTO_GHASH[m: [32menabled[m
[STDERR  ] 2018-10-08T21:34:29.701070371Z:       - [37mCONFIG_XFRM[m: [32menabled[m
[STDERR  ] 2018-10-08T21:34:29.701082589Z:       - [37mCONFIG_XFRM_USER[m: [32menabled (as module)[m
[STDERR  ] 2018-10-08T21:34:29.701093921Z:       - [37mCONFIG_XFRM_ALGO[m: [32menabled (as module)[m
[STDERR  ] 2018-10-08T21:34:29.701106076Z:       - [37mCONFIG_INET_ESP[m: [32menabled (as module)[m
[STDERR  ] 2018-10-08T21:34:29.701118256Z:       - [37mCONFIG_INET_XFRM_MODE_TRANSPORT[m: [32menabled (as module)[m
[STDERR  ] 2018-10-08T21:34:29.701130909Z:   - "[34mipvlan[m":
[STDERR  ] 2018-10-08T21:34:29.701143609Z:     - [37mCONFIG_IPVLAN[m: [32menabled[m
[STDERR  ] 2018-10-08T21:34:29.701156017Z:   - "[34mmacvlan[m":
[STDERR  ] 2018-10-08T21:34:29.701170449Z:     - [37mCONFIG_MACVLAN[m: [32menabled[m
[STDERR  ] 2018-10-08T21:34:29.701182205Z:     - [37mCONFIG_DUMMY[m: [32menabled (as module)[m
[STDERR  ] 2018-10-08T21:34:29.701194033Z:   - "[34mftp,tftp client in container[m":
[STDERR  ] 2018-10-08T21:34:29.701213384Z:     - [37mCONFIG_NF_NAT_FTP[m: [32menabled[m
[STDERR  ] 2018-10-08T21:34:29.701225867Z:     - [37mCONFIG_NF_CONNTRACK_FTP[m: [32menabled[m
[STDERR  ] 2018-10-08T21:34:29.701237282Z:     - [37mCONFIG_NF_NAT_TFTP[m: [32menabled[m
[STDERR  ] 2018-10-08T21:34:29.701249009Z:     - [37mCONFIG_NF_CONNTRACK_TFTP[m: [32menabled[m
[STDERR  ] 2018-10-08T21:34:29.701261038Z: - Storage Drivers:
[STDERR  ] 2018-10-08T21:34:29.701273896Z:   - "[34maufs[m":
[STDERR  ] 2018-10-08T21:34:29.701286823Z:     - [1mCONFIG_AUFS_FS[m: [1;31mmissing[m
[STDERR  ] 2018-10-08T21:34:29.701299242Z:   - "[34mbtrfs[m":
[STDERR  ] 2018-10-08T21:34:29.701311964Z:     - [37mCONFIG_BTRFS_FS[m: [32menabled (as module)[m
[STDERR  ] 2018-10-08T21:34:29.701324067Z:     - [37mCONFIG_BTRFS_FS_POSIX_ACL[m: [32menabled[m
[STDERR  ] 2018-10-08T21:34:29.701336548Z:   - "[34mdevicemapper[m":
[STDERR  ] 2018-10-08T21:34:29.701349260Z:     - [37mCONFIG_BLK_DEV_DM[m: [32menabled[m
[STDERR  ] 2018-10-08T21:34:29.701361556Z:     - [37mCONFIG_DM_THIN_PROVISIONING[m: [32menabled[m
[STDERR  ] 2018-10-08T21:34:29.701373314Z:   - "[34moverlay[m":
[STDERR  ] 2018-10-08T21:34:29.701385679Z:     - [37mCONFIG_OVERLAY_FS[m: [32menabled[m
[STDERR  ] 2018-10-08T21:34:29.701402605Z:   - "[34mzfs[m":
[STDERR  ] 2018-10-08T21:34:29.701415373Z:     - [1m/dev/zfs[m: [1;31mmissing[m
[STDERR  ] 2018-10-08T21:34:29.701427749Z:     - [1mzfs command[m: [1;31mmissing[m
[STDERR  ] 2018-10-08T21:34:29.701440144Z:     - [1mzpool command[m: [1;31mmissing[m
[STDERR  ] 2018-10-08T21:34:29.701452455Z: 
[STDERR  ] 2018-10-08T21:34:29.701465238Z: Limits:
[STDERR  ] 2018-10-08T21:34:29.701477611Z: [37m- /proc/sys/kernel/keys/root_maxkeys[m: [32m1000000[m
[STDERR  ] 2018-10-08T21:34:29.701492939Z: 
[STDERR  ] 2018-10-08T21:34:29.701504894Z: Kernel config test suite PASSED
[STDERR  ] 2018-10-08T21:34:29.701516737Z: [    7.432626] ACPI: Preparing to enter system sleep state S5
[STDERR  ] 2018-10-08T21:34:29.701528266Z: [    7.438504] reboot: Power down
[STDERR  ] 2018-10-08T21:34:29.701540726Z: + grep -q suite PASSED
[STDERR  ] 2018-10-08T21:34:29.702449302Z: + echo [    0.000000] Linux version 4.14.74-linuxkit (root@50993055c1cc) (gcc version 6.4.0 (Alpine 6.4.0)) #1 SMP Fri Oct 5 20:19:37 UTC 2018
[STDERR  ] 2018-10-08T21:34:29.702497354Z: [    0.000000] Command line: console=ttyS0 console=ttyAMA0
[STDERR  ] 2018-10-08T21:34:29.702511053Z: [    0.000000] x86/fpu: x87 FPU will use FXSAVE
[STDERR  ] 2018-10-08T21:34:29.702523585Z: [    0.000000] e820: BIOS-provided physical RAM map:
[STDERR  ] 2018-10-08T21:34:29.702536149Z: [    0.000000] BIOS-e820: [mem 0x0000000000000000-0x000000000009fbff] usable
[STDERR  ] 2018-10-08T21:34:29.702549024Z: [    0.000000] BIOS-e820: [mem 0x000000000009fc00-0x000000000009ffff] reserved
[STDERR  ] 2018-10-08T21:34:29.702561804Z: [    0.000000] BIOS-e820: [mem 0x00000000000f0000-0x00000000000fffff] reserved
[STDERR  ] 2018-10-08T21:34:29.702588476Z: [    0.000000] BIOS-e820: [mem 0x0000000000100000-0x000000003ffdefff] usable
[STDERR  ] 2018-10-08T21:34:29.702602285Z: [    0.000000] BIOS-e820: [mem 0x000000003ffdf000-0x000000003fffffff] reserved
[STDERR  ] 2018-10-08T21:34:29.702618267Z: [    0.000000] BIOS-e820: [mem 0x00000000b0000000-0x00000000bfffffff] reserved
[STDERR  ] 2018-10-08T21:34:29.702638929Z: [    0.000000] BIOS-e820: [mem 0x00000000fed1c000-0x00000000fed1ffff] reserved
[STDERR  ] 2018-10-08T21:34:29.702651840Z: [    0.000000] BIOS-e820: [mem 0x00000000feffc000-0x00000000feffffff] reserved
[STDERR  ] 2018-10-08T21:34:29.702664801Z: [    0.000000] BIOS-e820: [mem 0x00000000fffc0000-0x00000000ffffffff] reserved
[STDERR  ] 2018-10-08T21:34:29.702677697Z: [    0.000000] NX (Execute Disable) protection: active
[STDERR  ] 2018-10-08T21:34:29.702694107Z: [    0.000000] SMBIOS 2.8 present.
[STDERR  ] 2018-10-08T21:34:29.702707624Z: [    0.000000] DMI: QEMU Standard PC (Q35 + ICH9, 2009), BIOS 1.10.2-1 04/01/2014
[STDERR  ] 2018-10-08T21:34:29.702719995Z: [    0.000000] Hypervisor detected: KVM
[STDERR  ] 2018-10-08T21:34:29.702732497Z: [    0.000000] tsc: Fast TSC calibration failed
[STDERR  ] 2018-10-08T21:34:29.702745332Z: [    0.000000] tsc: Unable to calibrate against PIT
[STDERR  ] 2018-10-08T21:34:29.702758412Z: [    0.000000] tsc: No reference (HPET/PMTIMER) available
[STDERR  ] 2018-10-08T21:34:29.702771229Z: [    0.000000] e820: last_pfn = 0x3ffdf max_arch_pfn = 0x400000000
[STDERR  ] 2018-10-08T21:34:29.702783511Z: [    0.000000] x86/PAT: PAT not supported by CPU.
[STDERR  ] 2018-10-08T21:34:29.702798459Z: [    0.000000] x86/PAT: Configuration [0-7]: WB  WT  UC- UC  WB  WT  UC- UC  
[STDERR  ] 2018-10-08T21:34:29.702809912Z: [    0.000000] found SMP MP-table at [mem 0x000f6a90-0x000f6a9f] mapped at [ffffffffff200a90]
[STDERR  ] 2018-10-08T21:34:29.702822178Z: [    0.000000] RAMDISK: [mem 0x3e401000-0x3ffcffff]
[STDERR  ] 2018-10-08T21:34:29.702835099Z: [    0.000000] ACPI: Early table checksum verification disabled
[STDERR  ] 2018-10-08T21:34:29.702847482Z: [    0.000000] ACPI: RSDP 0x00000000000F68D0 000014 (v00 BOCHS )
[STDERR  ] 2018-10-08T21:34:29.702860529Z: [    0.000000] ACPI: RSDT 0x000000003FFE2404 000034 (v01 BOCHS  BXPCRSDT 00000001 BXPC 00000001)
[STDERR  ] 2018-10-08T21:34:29.702878897Z: [    0.000000] ACPI: FACP 0x000000003FFE22A4 000074 (v01 BOCHS  BXPCFACP 00000001 BXPC 00000001)
[STDERR  ] 2018-10-08T21:34:29.702895549Z: [    0.000000] ACPI: DSDT 0x000000003FFE0040 002264 (v01 BOCHS  BXPCDSDT 00000001 BXPC 00000001)
[STDERR  ] 2018-10-08T21:34:29.702907979Z: [    0.000000] ACPI: FACS 0x000000003FFE0000 000040
[STDERR  ] 2018-10-08T21:34:29.702920580Z: [    0.000000] ACPI: APIC 0x000000003FFE2318 000078 (v01 BOCHS  BXPCAPIC 00000001 BXPC 00000001)
[STDERR  ] 2018-10-08T21:34:29.702932706Z: [    0.000000] ACPI: HPET 0x000000003FFE2390 000038 (v01 BOCHS  BXPCHPET 00000001 BXPC 00000001)
[STDERR  ] 2018-10-08T21:34:29.702945047Z: [    0.000000] ACPI: MCFG 0x000000003FFE23C8 00003C (v01 BOCHS  BXPCMCFG 00000001 BXPC 00000001)
[STDERR  ] 2018-10-08T21:34:29.702957694Z: [    0.000000] kvm-clock: Using msrs 4b564d01 and 4b564d00
[STDERR  ] 2018-10-08T21:34:29.702970735Z: [    0.000000] kvm-clock: cpu 0, msr 0:3ffdd001, primary cpu clock
[STDERR  ] 2018-10-08T21:34:29.702990767Z: [    0.000000] clocksource: kvm-clock: mask: 0xffffffffffffffff max_cycles: 0x1cd42e4dffb, max_idle_ns: 881590591483 ns
[STDERR  ] 2018-10-08T21:34:29.703010125Z: [    0.000000] Zone ranges:
[STDERR  ] 2018-10-08T21:34:29.703033268Z: [    0.000000]   DMA      [mem 0x0000000000001000-0x0000000000ffffff]
[STDERR  ] 2018-10-08T21:34:29.703045828Z: [    0.000000]   DMA32    [mem 0x0000000001000000-0x000000003ffdefff]
[STDERR  ] 2018-10-08T21:34:29.703069958Z: [    0.000000]   Normal   empty
[STDERR  ] 2018-10-08T21:34:29.703083257Z: [    0.000000]   Device   empty
[STDERR  ] 2018-10-08T21:34:29.703097238Z: [    0.000000] Movable zone start for each node
[STDERR  ] 2018-10-08T21:34:29.703112400Z: [    0.000000] Early memory node ranges
[STDERR  ] 2018-10-08T21:34:29.703129446Z: [    0.000000]   node   0: [mem 0x0000000000001000-0x000000000009efff]
[STDERR  ] 2018-10-08T21:34:29.703142519Z: [    0.000000]   node   0: [mem 0x0000000000100000-0x000000003ffdefff]
[STDERR  ] 2018-10-08T21:34:29.703154887Z: [    0.000000] Initmem setup node 0 [mem 0x0000000000001000-0x000000003ffdefff]
[STDERR  ] 2018-10-08T21:34:29.703171112Z: [    0.000000] ACPI: PM-Timer IO Port: 0x608
[STDERR  ] 2018-10-08T21:34:29.703183958Z: [    0.000000] ACPI: LAPIC_NMI (acpi_id[0xff] dfl dfl lint[0x1])
[STDERR  ] 2018-10-08T21:34:29.703196601Z: [    0.000000] IOAPIC[0]: apic_id 0, version 17, address 0xfec00000, GSI 0-23
[STDERR  ] 2018-10-08T21:34:29.703209015Z: [    0.000000] ACPI: INT_SRC_OVR (bus 0 bus_irq 0 global_irq 2 dfl dfl)
[STDERR  ] 2018-10-08T21:34:29.703221631Z: [    0.000000] ACPI: INT_SRC_OVR (bus 0 bus_irq 5 global_irq 5 high level)
[STDERR  ] 2018-10-08T21:34:29.703233770Z: [    0.000000] ACPI: INT_SRC_OVR (bus 0 bus_irq 9 global_irq 9 high level)
[STDERR  ] 2018-10-08T21:34:29.703245991Z: [    0.000000] ACPI: INT_SRC_OVR (bus 0 bus_irq 10 global_irq 10 high level)
[STDERR  ] 2018-10-08T21:34:29.703258677Z: [    0.000000] ACPI: INT_SRC_OVR (bus 0 bus_irq 11 global_irq 11 high level)
[STDERR  ] 2018-10-08T21:34:29.703271523Z: [    0.000000] Using ACPI (MADT) for SMP configuration information
[STDERR  ] 2018-10-08T21:34:29.703284002Z: [    0.000000] ACPI: HPET id: 0x8086a201 base: 0xfed00000
[STDERR  ] 2018-10-08T21:34:29.703298925Z: [    0.000000] smpboot: Allowing 1 CPUs, 0 hotplug CPUs
[STDERR  ] 2018-10-08T21:34:29.703314723Z: [    0.000000] e820: [mem 0x40000000-0xafffffff] available for PCI devices
[STDERR  ] 2018-10-08T21:34:29.703331166Z: [    0.000000] Booting paravirtualized kernel on KVM
[STDERR  ] 2018-10-08T21:34:29.703343789Z: [    0.000000] clocksource: refined-jiffies: mask: 0xffffffff max_cycles: 0xffffffff, max_idle_ns: 1910969940391419 ns
[STDERR  ] 2018-10-08T21:34:29.703357040Z: [    0.000000] random: get_random_bytes called from start_kernel+0x92/0x4cb with crng_init=0
[STDERR  ] 2018-10-08T21:34:29.703369735Z: [    0.000000] setup_percpu: NR_CPUS:128 nr_cpumask_bits:128 nr_cpu_ids:1 nr_node_ids:1
[STDERR  ] 2018-10-08T21:34:29.703381968Z: [    0.000000] percpu: Embedded 45 pages/cpu @ffff9f373e200000 s144280 r8192 d31848 u2097152
[STDERR  ] 2018-10-08T21:34:29.703399349Z: [    0.000000] KVM setup async PF for cpu 0
[STDERR  ] 2018-10-08T21:34:29.703411336Z: [    0.000000] kvm-stealtime: cpu 0, msr 3e215f40
[STDERR  ] 2018-10-08T21:34:29.703423497Z: [    0.000000] Built 1 zonelists, mobility grouping on.  Total pages: 257896
[STDERR  ] 2018-10-08T21:34:29.703435364Z: [    0.000000] Kernel command line: console=ttyS0 console=ttyAMA0
[STDERR  ] 2018-10-08T21:34:29.703447438Z: [    0.000000] PID hash table entries: 4096 (order: 3, 32768 bytes)
[STDERR  ] 2018-10-08T21:34:29.703459407Z: [    0.000000] Dentry cache hash table entries: 131072 (order: 8, 1048576 bytes)
[STDERR  ] 2018-10-08T21:34:29.703471459Z: [    0.000000] Inode-cache hash table entries: 65536 (order: 7, 524288 bytes)
[STDERR  ] 2018-10-08T21:34:29.703486665Z: [    0.000000] Memory: 976400K/1048052K available (12300K kernel code, 1452K rwdata, 2964K rodata, 1512K init, 580K bss, 71652K reserved, 0K cma-reserved)
[STDERR  ] 2018-10-08T21:34:29.703500053Z: [    0.000000] Kernel/User page tables isolation: enabled
[STDERR  ] 2018-10-08T21:34:29.703512778Z: [    0.000000] ftrace: allocating 40636 entries in 159 pages
[STDERR  ] 2018-10-08T21:34:29.703525561Z: [    0.001000] Hierarchical RCU implementation.
[STDERR  ] 2018-10-08T21:34:29.703538155Z: [    0.001000] 	RCU restricting CPUs from NR_CPUS=128 to nr_cpu_ids=1.
[STDERR  ] 2018-10-08T21:34:29.703550202Z: [    0.001000] RCU: Adjusting geometry for rcu_fanout_leaf=16, nr_cpu_ids=1
[STDERR  ] 2018-10-08T21:34:29.703562104Z: [    0.001000] NR_IRQS: 8448, nr_irqs: 256, preallocated irqs: 16
[STDERR  ] 2018-10-08T21:34:29.703574905Z: [    0.001000] Console: colour VGA+ 80x25
[STDERR  ] 2018-10-08T21:34:29.703587196Z: [    0.001000] console [ttyS0] enabled
[STDERR  ] 2018-10-08T21:34:29.703606126Z: [    0.001000] clocksource: hpet: mask: 0xffffffff max_cycles: 0xffffffff, max_idle_ns: 19112604467 ns
[STDERR  ] 2018-10-08T21:34:29.703624957Z: [    0.001024] tsc: Detected 2299.922 MHz processor
[STDERR  ] 2018-10-08T21:34:29.703639759Z: [    0.002025] Calibrating delay loop (skipped) preset value.. 4599.84 BogoMIPS (lpj=2299922)
[STDERR  ] 2018-10-08T21:34:29.703652552Z: [    0.003022] pid_max: default: 32768 minimum: 301
[STDERR  ] 2018-10-08T21:34:29.703664977Z: [    0.004049] ACPI: Core revision 20170728
[STDERR  ] 2018-10-08T21:34:29.703677434Z: [    0.006466] ACPI: 1 ACPI AML tables successfully acquired and loaded
[STDERR  ] 2018-10-08T21:34:29.703690280Z: [    0.008128] Security Framework initialized
[STDERR  ] 2018-10-08T21:34:29.703703228Z: [    0.009022] Yama: becoming mindful.
[STDERR  ] 2018-10-08T21:34:29.703715374Z: [    0.010060] Mount-cache hash table entries: 2048 (order: 2, 16384 bytes)
[STDERR  ] 2018-10-08T21:34:29.703733249Z: [    0.011027] Mountpoint-cache hash table entries: 2048 (order: 2, 16384 bytes)
[STDERR  ] 2018-10-08T21:34:29.703749575Z: [    0.015061] Last level iTLB entries: 4KB 0, 2MB 0, 4MB 0
[STDERR  ] 2018-10-08T21:34:29.703762293Z: [    0.016023] Last level dTLB entries: 4KB 0, 2MB 0, 4MB 0, 1GB 0
[STDERR  ] 2018-10-08T21:34:29.703774284Z: [    0.017115] Spectre V2 : Mitigation: Full generic retpoline
[STDERR  ] 2018-10-08T21:34:29.703786595Z: [    0.018022] Spectre V2 : Spectre v2 / SpectreRSB mitigation: Filling RSB on context switch
[STDERR  ] 2018-10-08T21:34:29.703804718Z: [    0.019021] Speculative Store Bypass: Vulnerable
[STDERR  ] 2018-10-08T21:34:29.703817878Z: [    0.026313] Freeing SMP alternatives memory: 20K
[STDERR  ] 2018-10-08T21:34:29.703830365Z: [    0.027552] smpboot: Max logical packages: 1
[STDERR  ] 2018-10-08T21:34:29.703842766Z: [    0.031196] x2apic enabled
[STDERR  ] 2018-10-08T21:34:29.703857786Z: [    0.033021] Switched APIC routing to physical x2apic.
[STDERR  ] 2018-10-08T21:34:29.703870090Z: [    0.045712] ..TIMER: vector=0x30 apic1=0 pin1=2 apic2=-1 pin2=-1
[STDERR  ] 2018-10-08T21:34:29.703882272Z: [    0.046000] smpboot: CPU0: Intel QEMU Virtual CPU version 2.5+ (family: 0x6, model: 0x6, stepping: 0x3)
[STDERR  ] 2018-10-08T21:34:29.703894925Z: [    0.046117] Performance Events: PMU not available due to virtualization, using software events only.
[STDERR  ] 2018-10-08T21:34:29.703912445Z: [    0.048354] Hierarchical SRCU implementation.
[STDERR  ] 2018-10-08T21:34:29.703924728Z: [    0.049137] NMI watchdog: Perf event create on CPU 0 failed with -2
[STDERR  ] 2018-10-08T21:34:29.703937081Z: [    0.050004] NMI watchdog: Perf NMI watchdog permanently disabled
[STDERR  ] 2018-10-08T21:34:29.703952086Z: [    0.051064] smp: Bringing up secondary CPUs ...
[STDERR  ] 2018-10-08T21:34:29.703964524Z: [    0.052004] smp: Brought up 1 node, 1 CPU
[STDERR  ] 2018-10-08T21:34:29.703976911Z: [    0.053004] smpboot: Total of 1 processors activated (4599.84 BogoMIPS)
[STDERR  ] 2018-10-08T21:34:29.703989409Z: [    0.056182] devtmpfs: initialized
[STDERR  ] 2018-10-08T21:34:29.704001700Z: [    0.057074] x86/mm: Memory block size: 128MB
[STDERR  ] 2018-10-08T21:34:29.704014048Z: [    0.058246] evm: security.ima
[STDERR  ] 2018-10-08T21:34:29.704037467Z: [    0.059003] evm: security.capability
[STDERR  ] 2018-10-08T21:34:29.704056548Z: [    0.060161] clocksource: jiffies: mask: 0xffffffff max_cycles: 0xffffffff, max_idle_ns: 1911260446275000 ns
[STDERR  ] 2018-10-08T21:34:29.704074671Z: [    0.061010] futex hash table entries: 256 (order: 2, 16384 bytes)
[STDERR  ] 2018-10-08T21:34:29.704086929Z: [    0.062220] NET: Registered protocol family 16
[STDERR  ] 2018-10-08T21:34:29.704102833Z: [    0.064039] cpuidle: using governor ladder
[STDERR  ] 2018-10-08T21:34:29.704120485Z: [    0.065004] cpuidle: using governor menu
[STDERR  ] 2018-10-08T21:34:29.704132655Z: [    0.066097] ACPI: bus type PCI registered
[STDERR  ] 2018-10-08T21:34:29.704148830Z: [    0.068298] PCI: MMCONFIG for domain 0000 [bus 00-ff] at [mem 0xb0000000-0xbfffffff] (base 0xb0000000)
[STDERR  ] 2018-10-08T21:34:29.704166464Z: [    0.069022] PCI: MMCONFIG at [mem 0xb0000000-0xbfffffff] reserved in E820
[STDERR  ] 2018-10-08T21:34:29.704178934Z: [    0.070022] PCI: Using configuration type 1 for base access
[STDERR  ] 2018-10-08T21:34:29.704191687Z: [    0.073369] HugeTLB registered 2.00 MiB page size, pre-allocated 0 pages
[STDERR  ] 2018-10-08T21:34:29.704204707Z: [    0.075128] ACPI: Added _OSI(Module Device)
[STDERR  ] 2018-10-08T21:34:29.704217293Z: [    0.076004] ACPI: Added _OSI(Processor Device)
[STDERR  ] 2018-10-08T21:34:29.704229701Z: [    0.077003] ACPI: Added _OSI(3.0 _SCP Extensions)
[STDERR  ] 2018-10-08T21:34:29.704261573Z: [    0.078003] ACPI: Added _OSI(Processor Aggregator Device)
[STDERR  ] 2018-10-08T21:34:29.704274035Z: [    0.084176] ACPI: Interpreter enabled
[STDERR  ] 2018-10-08T21:34:29.704286713Z: [    0.085012] ACPI: (supports S0 S5)
[STDERR  ] 2018-10-08T21:34:29.704299350Z: [    0.086004] ACPI: Using IOAPIC for interrupt routing
[STDERR  ] 2018-10-08T21:34:29.704311646Z: [    0.087052] PCI: Using host bridge windows from ACPI; if necessary, use "pci=nocrs" and report a bug
[STDERR  ] 2018-10-08T21:34:29.704324795Z: [    0.089341] ACPI: Enabled 2 GPEs in block 00 to 3F
[STDERR  ] 2018-10-08T21:34:29.704337410Z: [    0.094044] ACPI: PCI Root Bridge [PCI0] (domain 0000 [bus 00-ff])
[STDERR  ] 2018-10-08T21:34:29.704350205Z: [    0.095012] acpi PNP0A08:00: _OSC: OS supports [ExtendedConfig ASPM ClockPM Segments MSI]
[STDERR  ] 2018-10-08T21:34:29.704363419Z: [    0.097084] acpi PNP0A08:00: _OSC: OS now controls [PCIeHotplug PME PCIeCapability]
[STDERR  ] 2018-10-08T21:34:29.704376707Z: [    0.098072] PCI host bridge to bus 0000:00
[STDERR  ] 2018-10-08T21:34:29.704389887Z: [    0.099008] pci_bus 0000:00: root bus resource [io  0x0000-0x0cf7 window]
[STDERR  ] 2018-10-08T21:34:29.704405722Z: [    0.100007] pci_bus 0000:00: root bus resource [io  0x0d00-0xffff window]
[STDERR  ] 2018-10-08T21:34:29.704418583Z: [    0.101007] pci_bus 0000:00: root bus resource [mem 0x000a0000-0x000bffff window]
[STDERR  ] 2018-10-08T21:34:29.704431450Z: [    0.102006] pci_bus 0000:00: root bus resource [mem 0xc0000000-0xfebfffff window]
[STDERR  ] 2018-10-08T21:34:29.704443571Z: [    0.103007] pci_bus 0000:00: root bus resource [bus 00-ff]
[STDERR  ] 2018-10-08T21:34:29.704464811Z: [    0.174131] pci 0000:00:1f.0: quirk: [io  0x0600-0x067f] claimed by ICH6 ACPI/GPIO/TCO
[STDERR  ] 2018-10-08T21:34:29.704477310Z: [    0.202242] ACPI: PCI Interrupt Link [LNKA] (IRQs 5 *10 11)
[STDERR  ] 2018-10-08T21:34:29.704493671Z: [    0.204020] ACPI: PCI Interrupt Link [LNKB] (IRQs 5 *10 11)
[STDERR  ] 2018-10-08T21:34:29.704509548Z: [    0.205330] ACPI: PCI Interrupt Link [LNKC] (IRQs 5 10 *11)
[STDERR  ] 2018-10-08T21:34:29.704522225Z: [    0.206307] ACPI: PCI Interrupt Link [LNKD] (IRQs 5 10 *11)
[STDERR  ] 2018-10-08T21:34:29.704534785Z: [    0.207295] ACPI: PCI Interrupt Link [LNKE] (IRQs 5 *10 11)
[STDERR  ] 2018-10-08T21:34:29.704547106Z: [    0.209167] ACPI: PCI Interrupt Link [LNKF] (IRQs 5 *10 11)
[STDERR  ] 2018-10-08T21:34:29.704561603Z: [    0.210307] ACPI: PCI Interrupt Link [LNKG] (IRQs 5 10 *11)
[STDERR  ] 2018-10-08T21:34:29.704574190Z: [    0.211297] ACPI: PCI Interrupt Link [LNKH] (IRQs 5 10 *11)
[STDERR  ] 2018-10-08T21:34:29.704586706Z: [    0.212145] ACPI: PCI Interrupt Link [GSIA] (IRQs *16)
[STDERR  ] 2018-10-08T21:34:29.704599152Z: [    0.213022] ACPI: PCI Interrupt Link [GSIB] (IRQs *17)
[STDERR  ] 2018-10-08T21:34:29.704613065Z: [    0.214022] ACPI: PCI Interrupt Link [GSIC] (IRQs *18)
[STDERR  ] 2018-10-08T21:34:29.704625568Z: [    0.215017] ACPI: PCI Interrupt Link [GSID] (IRQs *19)
[STDERR  ] 2018-10-08T21:34:29.704640802Z: [    0.216017] ACPI: PCI Interrupt Link [GSIE] (IRQs *20)
[STDERR  ] 2018-10-08T21:34:29.704652950Z: [    0.217020] ACPI: PCI Interrupt Link [GSIF] (IRQs *21)
[STDERR  ] 2018-10-08T21:34:29.704665164Z: [    0.218020] ACPI: PCI Interrupt Link [GSIG] (IRQs *22)
[STDERR  ] 2018-10-08T21:34:29.704677701Z: [    0.219020] ACPI: PCI Interrupt Link [GSIH] (IRQs *23)
[STDERR  ] 2018-10-08T21:34:29.704694995Z: [    0.220395] SCSI subsystem initialized
[STDERR  ] 2018-10-08T21:34:29.704707526Z: [    0.221103] ACPI: bus type USB registered
[STDERR  ] 2018-10-08T21:34:29.704720088Z: [    0.222033] usbcore: registered new interface driver usbfs
[STDERR  ] 2018-10-08T21:34:29.704732543Z: [    0.223020] usbcore: registered new interface driver hub
[STDERR  ] 2018-10-08T21:34:29.704747719Z: [    0.224033] usbcore: registered new device driver usb
[STDERR  ] 2018-10-08T21:34:29.704759970Z: [    0.225034] pps_core: LinuxPPS API ver. 1 registered
[STDERR  ] 2018-10-08T21:34:29.704772098Z: [    0.226004] pps_core: Software ver. 5.3.6 - Copyright 2005-2007 Rodolfo Giometti <giometti@linux.it>
[STDERR  ] 2018-10-08T21:34:29.704785011Z: [    0.227016] PTP clock support registered
[STDERR  ] 2018-10-08T21:34:29.704797332Z: [    0.228091] PCI: Using ACPI for IRQ routing
[STDERR  ] 2018-10-08T21:34:29.704809844Z: [    0.706201] NetLabel: Initializing
[STDERR  ] 2018-10-08T21:34:29.704822391Z: [    0.707004] NetLabel:  domain hash size = 128
[STDERR  ] 2018-10-08T21:34:29.704836650Z: [    0.708003] NetLabel:  protocols = UNLABELED CIPSOv4 CALIPSO
[STDERR  ] 2018-10-08T21:34:29.704848718Z: [    0.709035] NetLabel:  unlabeled traffic allowed by default
[STDERR  ] 2018-10-08T21:34:29.704860805Z: [    0.710235] HPET: 3 timers in total, 0 timers will be used for per-cpu timer
[STDERR  ] 2018-10-08T21:34:29.704877935Z: [    0.711099] hpet0: at MMIO 0xfed00000, IRQs 2, 8, 0
[STDERR  ] 2018-10-08T21:34:29.704894066Z: [    0.712005] hpet0: 3 comparators, 64-bit 100.000000 MHz counter
[STDERR  ] 2018-10-08T21:34:29.704906745Z: [    0.715041] clocksource: Switched to clocksource kvm-clock
[STDERR  ] 2018-10-08T21:34:29.704918904Z: [    0.739396] VFS: Disk quotas dquot_6.6.0
[STDERR  ] 2018-10-08T21:34:29.704931695Z: [    0.743309] VFS: Dquot-cache hash table entries: 512 (order 0, 4096 bytes)
[STDERR  ] 2018-10-08T21:34:29.704944073Z: [    0.749943] FS-Cache: Loaded
[STDERR  ] 2018-10-08T21:34:29.704956602Z: [    0.752898] CacheFiles: Loaded
[STDERR  ] 2018-10-08T21:34:29.704968942Z: [    0.755921] pnp: PnP ACPI init
[STDERR  ] 2018-10-08T21:34:29.704981466Z: [    0.760106] pnp: PnP ACPI: found 5 devices
[STDERR  ] 2018-10-08T21:34:29.704997827Z: [    0.770249] clocksource: acpi_pm: mask: 0xffffff max_cycles: 0xffffff, max_idle_ns: 2085701024 ns
[STDERR  ] 2018-10-08T21:34:29.705008893Z: [    0.778814] NET: Registered protocol family 2
[STDERR  ] 2018-10-08T21:34:29.705033474Z: [    0.783303] TCP established hash table entries: 8192 (order: 4, 65536 bytes)
[STDERR  ] 2018-10-08T21:34:29.705056988Z: [    0.789996] TCP bind hash table entries: 8192 (order: 5, 131072 bytes)
[STDERR  ] 2018-10-08T21:34:29.705070361Z: [    0.796894] TCP: Hash tables configured (established 8192 bind 8192)
[STDERR  ] 2018-10-08T21:34:29.705082757Z: [    0.803100] UDP hash table entries: 512 (order: 2, 16384 bytes)
[STDERR  ] 2018-10-08T21:34:29.705095527Z: [    0.808771] UDP-Lite hash table entries: 512 (order: 2, 16384 bytes)
[STDERR  ] 2018-10-08T21:34:29.705108206Z: [    0.814855] NET: Registered protocol family 1
[STDERR  ] 2018-10-08T21:34:29.705120982Z: [    0.819345] pci 0000:00:01.0: Video device with shadowed ROM at [mem 0x000c0000-0x000dffff]
[STDERR  ] 2018-10-08T21:34:29.705134702Z: [    0.827711] Trying to unpack rootfs image as initramfs...
[STDERR  ] 2018-10-08T21:34:29.705150353Z: [    1.375871] Freeing initrd memory: 28476K
[STDERR  ] 2018-10-08T21:34:29.705162950Z: [    1.379972] clocksource: tsc: mask: 0xffffffffffffffff max_cycles: 0x2126eb9c3d0, max_idle_ns: 440795298770 ns
[STDERR  ] 2018-10-08T21:34:29.705178404Z: [    1.390091] PCLMULQDQ-NI instructions are not detected.
[STDERR  ] 2018-10-08T21:34:29.705190712Z: [    1.395249] AVX or AES-NI instructions are not detected.
[STDERR  ] 2018-10-08T21:34:29.705203163Z: [    1.400399] CPU feature 'AVX registers' is not supported.
[STDERR  ] 2018-10-08T21:34:29.705217896Z: [    1.405606] CPU feature 'AVX registers' is not supported.
[STDERR  ] 2018-10-08T21:34:29.705235726Z: [    1.410810] CPU feature 'AVX registers' is not supported.
[STDERR  ] 2018-10-08T21:34:29.705247866Z: [    1.416032] CPU feature 'AVX registers' is not supported.
[STDERR  ] 2018-10-08T21:34:29.705260222Z: [    1.421203] AVX2 or AES-NI instructions are not detected.
[STDERR  ] 2018-10-08T21:34:29.705272784Z: [    1.426353] AVX2 instructions are not detected.
[STDERR  ] 2018-10-08T21:34:29.705285088Z: [    1.430985] audit: initializing netlink subsys (disabled)
[STDERR  ] 2018-10-08T21:34:29.705297480Z: [    1.436556] audit: type=2000 audit(1539034462.649:1): state=initialized audit_enabled=0 res=1
[STDERR  ] 2018-10-08T21:34:29.705310321Z: [    1.444770] workingset: timestamp_bits=46 max_order=18 bucket_order=0
[STDERR  ] 2018-10-08T21:34:29.705325578Z: [    1.451379] squashfs: version 4.0 (2009/01/31) Phillip Lougher
[STDERR  ] 2018-10-08T21:34:29.705338140Z: [    1.457122] FS-Cache: Netfs 'cifs' registered for caching
[STDERR  ] 2018-10-08T21:34:29.705350070Z: [    1.462388] fuse init (API version 7.26)
[STDERR  ] 2018-10-08T21:34:29.705362517Z: [    1.466320] SGI XFS with ACLs, security attributes, no debug enabled
[STDERR  ] 2018-10-08T21:34:29.705374747Z: [    1.472598] 9p: Installing v9fs 9p2000 file system support
[STDERR  ] 2018-10-08T21:34:29.705387282Z: [    1.477879] FS-Cache: Netfs '9p' registered for caching
[STDERR  ] 2018-10-08T21:34:29.705399698Z: [    1.484185] NET: Registered protocol family 38
[STDERR  ] 2018-10-08T21:34:29.705412052Z: [    1.488508] Key type asymmetric registered
[STDERR  ] 2018-10-08T21:34:29.705424352Z: [    1.492540] Asymmetric key parser 'x509' registered
[STDERR  ] 2018-10-08T21:34:29.705436618Z: [    1.497286] Block layer SCSI generic (bsg) driver version 0.4 loaded (major 247)
[STDERR  ] 2018-10-08T21:34:29.705448986Z: [    1.504466] io scheduler noop registered
[STDERR  ] 2018-10-08T21:34:29.705461678Z: [    1.508335] io scheduler deadline registered (default)
[STDERR  ] 2018-10-08T21:34:29.705474213Z: [    1.513340] io scheduler cfq registered
[STDERR  ] 2018-10-08T21:34:29.705486498Z: [    1.517055] io scheduler mq-deadline registered
[STDERR  ] 2018-10-08T21:34:29.705498964Z: [    1.521424] io scheduler kyber registered
[STDERR  ] 2018-10-08T21:34:29.705513583Z: [    1.525438] shpchp: Standard Hot Plug PCI Controller Driver version: 0.4
[STDERR  ] 2018-10-08T21:34:29.705530016Z: [    1.531886] hv_vmbus: registering driver hyperv_fb
[STDERR  ] 2018-10-08T21:34:29.705545080Z: [    1.536606] input: Power Button as /devices/LNXSYSTM:00/LNXPWRBN:00/input/input0
[STDERR  ] 2018-10-08T21:34:29.705557985Z: [    1.543734] ACPI: Power Button [PWRF]
[STDERR  ] 2018-10-08T21:34:29.705570559Z: [    1.547990] ACPI: PCI Interrupt Link [GSIG] enabled at IRQ 22
[STDERR  ] 2018-10-08T21:34:29.705582632Z: [    1.559467] ACPI: PCI Interrupt Link [GSIH] enabled at IRQ 23
[STDERR  ] 2018-10-08T21:34:29.705596149Z: [    1.570994] Serial: 8250/16550 driver, 4 ports, IRQ sharing disabled
[STDERR  ] 2018-10-08T21:34:29.705608321Z: [    1.611811] 00:04: ttyS0 at I/O 0x3f8 (irq = 4, base_baud = 115200) is a 16550A
[STDERR  ] 2018-10-08T21:34:29.705623701Z: [    1.619864] Non-volatile memory driver v1.3
[STDERR  ] 2018-10-08T21:34:29.705636190Z: [    1.625726] Hangcheck: starting hangcheck timer 0.9.1 (tick is 180 seconds, margin is 60 seconds).
[STDERR  ] 2018-10-08T21:34:29.705649081Z: [    1.634511] random: fast init done
[STDERR  ] 2018-10-08T21:34:29.705661204Z: [    1.639602] random: crng init done
[STDERR  ] 2018-10-08T21:34:29.705673621Z: [    1.643620] brd: module loaded
[STDERR  ] 2018-10-08T21:34:29.705686156Z: [    1.649104] loop: module loaded
[STDERR  ] 2018-10-08T21:34:29.705701427Z: [    1.656002] lpc_ich 0000:00:1f.0: I/O space for GPIO uninitialized
[STDERR  ] 2018-10-08T21:34:29.705713549Z: [    1.662115] VMware PVSCSI driver - version 1.0.7.0-k
[STDERR  ] 2018-10-08T21:34:29.705725663Z: [    1.666945] hv_vmbus: registering driver hv_storvsc
[STDERR  ] 2018-10-08T21:34:29.705738126Z: [    1.672282] ACPI: PCI Interrupt Link [GSIA] enabled at IRQ 16
[STDERR  ] 2018-10-08T21:34:29.705754728Z: [    1.681482] ahci 0000:00:1f.2: AHCI 0001.0000 32 slots 6 ports 1.5 Gbps 0x3f impl SATA mode
[STDERR  ] 2018-10-08T21:34:29.705767399Z: [    1.689428] ahci 0000:00:1f.2: flags: 64bit ncq only 
[STDERR  ] 2018-10-08T21:34:29.705779712Z: [    1.698298] scsi host0: ahci
[STDERR  ] 2018-10-08T21:34:29.705792158Z: [    1.701243] scsi host1: ahci
[STDERR  ] 2018-10-08T21:34:29.705804661Z: [    1.704246] scsi host2: ahci
[STDERR  ] 2018-10-08T21:34:29.705817241Z: [    1.707168] scsi host3: ahci
[STDERR  ] 2018-10-08T21:34:29.705829551Z: [    1.710105] scsi host4: ahci
[STDERR  ] 2018-10-08T21:34:29.705841908Z: [    1.713060] scsi host5: ahci
[STDERR  ] 2018-10-08T21:34:29.705854300Z: [    1.716055] ata1: SATA max UDMA/133 abar m4096@0xfebd2000 port 0xfebd2100 irq 24
[STDERR  ] 2018-10-08T21:34:29.705867020Z: [    1.723090] ata2: SATA max UDMA/133 abar m4096@0xfebd2000 port 0xfebd2180 irq 24
[STDERR  ] 2018-10-08T21:34:29.705879420Z: [    1.730115] ata3: SATA max UDMA/133 abar m4096@0xfebd2000 port 0xfebd2200 irq 24
[STDERR  ] 2018-10-08T21:34:29.705894577Z: [    1.737233] ata4: SATA max UDMA/133 abar m4096@0xfebd2000 port 0xfebd2280 irq 24
[STDERR  ] 2018-10-08T21:34:29.705909913Z: [    1.744344] ata5: SATA max UDMA/133 abar m4096@0xfebd2000 port 0xfebd2300 irq 24
[STDERR  ] 2018-10-08T21:34:29.705922372Z: [    1.751429] ata6: SATA max UDMA/133 abar m4096@0xfebd2000 port 0xfebd2380 irq 24
[STDERR  ] 2018-10-08T21:34:29.705934494Z: [    1.760856] tun: Universal TUN/TAP device driver, 1.6
[STDERR  ] 2018-10-08T21:34:29.705946483Z: [    1.770407] VMware vmxnet3 virtual NIC driver - version 1.4.a.0-k-NAPI
[STDERR  ] 2018-10-08T21:34:29.705960659Z: [    1.776685] hv_vmbus: registering driver hv_netvsc
[STDERR  ] 2018-10-08T21:34:29.705979006Z: [    1.781268] Fusion MPT base driver 3.04.20
[STDERR  ] 2018-10-08T21:34:29.705991268Z: [    1.785253] Copyright (c) 1999-2008 LSI Corporation
[STDERR  ] 2018-10-08T21:34:29.706002857Z: [    1.789957] Fusion MPT SPI Host driver 3.04.20
[STDERR  ] 2018-10-08T21:34:29.706015429Z: [    1.794344] i8042: PNP: PS/2 Controller [PNP0303:KBD,PNP0f13:MOU] at 0x60,0x64 irq 1,12
[STDERR  ] 2018-10-08T21:34:29.706039203Z: [    1.806138] serio: i8042 KBD port at 0x60,0x64 irq 1
[STDERR  ] 2018-10-08T21:34:29.706074078Z: [    1.810974] serio: i8042 AUX port at 0x60,0x64 irq 12
[STDERR  ] 2018-10-08T21:34:29.706086742Z: [    1.815917] hv_vmbus: registering driver hyperv_keyboard
[STDERR  ] 2018-10-08T21:34:29.706101760Z: [    1.821105] mousedev: PS/2 mouse device common for all mice
[STDERR  ] 2018-10-08T21:34:29.706113980Z: [    1.827938] input: AT Translated Set 2 keyboard as /devices/platform/i8042/serio0/input/input1
[STDERR  ] 2018-10-08T21:34:29.706127482Z: [    1.836190] input: PC Speaker as /devices/platform/pcspkr/input/input2
[STDERR  ] 2018-10-08T21:34:29.706142518Z: [    1.842783] rtc_cmos 00:00: RTC can wake from S4
[STDERR  ] 2018-10-08T21:34:29.706154731Z: [    1.849616] rtc_cmos 00:00: rtc core: registered rtc_cmos as rtc0
[STDERR  ] 2018-10-08T21:34:29.706167163Z: [    1.856377] rtc_cmos 00:00: alarms up to one day, y3k, 114 bytes nvram, hpet irqs
[STDERR  ] 2018-10-08T21:34:29.706181704Z: [    1.863553] i2c /dev entries driver
[STDERR  ] 2018-10-08T21:34:29.706193949Z: [    1.867160] device-mapper: ioctl: 4.37.0-ioctl (2017-09-20) initialised: dm-devel@redhat.com
[STDERR  ] 2018-10-08T21:34:29.706209578Z: [    1.875969] usbcore: registered new interface driver usbhid
[STDERR  ] 2018-10-08T21:34:29.706222248Z: [    1.881365] usbhid: USB HID core driver
[STDERR  ] 2018-10-08T21:34:29.706234484Z: [    1.885143] hv_utils: Registering HyperV Utility Driver
[STDERR  ] 2018-10-08T21:34:29.706246842Z: [    1.890176] hv_vmbus: registering driver hv_util
[STDERR  ] 2018-10-08T21:34:29.706259271Z: [    1.894659] hv_vmbus: registering driver hv_balloon
[STDERR  ] 2018-10-08T21:34:29.706270935Z: [    1.899434] oprofile: using NMI interrupt.
[STDERR  ] 2018-10-08T21:34:29.706283319Z: [    1.903444] GACT probability on
[STDERR  ] 2018-10-08T21:34:29.706299813Z: [    1.906504] Mirror/redirect action on
[STDERR  ] 2018-10-08T21:34:29.706314340Z: [    1.910072] Simple TC action Loaded
[STDERR  ] 2018-10-08T21:34:29.706326878Z: [    1.913515] u32 classifier
[STDERR  ] 2018-10-08T21:34:29.706340434Z: [    1.916230]     Performance counters on
[STDERR  ] 2018-10-08T21:34:29.706352635Z: [    1.920011]     input device check on
[STDERR  ] 2018-10-08T21:34:29.706365123Z: [    1.923551]     Actions configured
[STDERR  ] 2018-10-08T21:34:29.706384578Z: [    1.926855] Netfilter messages via NETLINK v0.30.
[STDERR  ] 2018-10-08T21:34:29.706396938Z: [    1.931391] nfnl_acct: registering with nfnetlink.
[STDERR  ] 2018-10-08T21:34:29.706409172Z: [    1.936136] nf_conntrack version 0.5.0 (8192 buckets, 32768 max)
[STDERR  ] 2018-10-08T21:34:29.706421881Z: [    1.941961] ctnetlink v0.93: registering with nfnetlink.
[STDERR  ] 2018-10-08T21:34:29.706534670Z: [    1.947152] nf_tables: (c) 2007-2009 Patrick McHardy <kaber@trash.net>
[STDERR  ] 2018-10-08T21:34:29.706548412Z: [    1.953381] nf_tables_compat: (c) 2012 Pablo Neira Ayuso <pablo@netfilter.org>
[STDERR  ] 2018-10-08T21:34:29.706561485Z: [    1.960310] xt_time: kernel timezone is -0000
[STDERR  ] 2018-10-08T21:34:29.706574436Z: [    1.964566] ip_set: protocol 6
[STDERR  ] 2018-10-08T21:34:29.706606419Z: [    1.967681] ipip: IPv4 and MPLS over IPv4 tunneling driver
[STDERR  ] 2018-10-08T21:34:29.706625561Z: [    1.973745] gre: GRE over IPv4 demultiplexor driver
[STDERR  ] 2018-10-08T21:34:29.706638581Z: [    1.979163] ip_tables: (C) 2000-2006 Netfilter Core Team
[STDERR  ] 2018-10-08T21:34:29.706651765Z: [    1.984590] arp_tables: arp_tables: (C) 2002 David S. Miller
[STDERR  ] 2018-10-08T21:34:29.706667482Z: [    1.990315] NET: Registered protocol family 10
[STDERR  ] 2018-10-08T21:34:29.706697728Z: [    1.994984] Segment Routing with IPv6
[STDERR  ] 2018-10-08T21:34:29.706715468Z: [    1.998816] ip6_tables: (C) 2000-2006 Netfilter Core Team
[STDERR  ] 2018-10-08T21:34:29.706728349Z: [    2.004559] NET: Registered protocol family 17
[STDERR  ] 2018-10-08T21:34:29.706740716Z: [    2.008957] Bridge firewalling registered
[STDERR  ] 2018-10-08T21:34:29.706769821Z: [    2.013193] 8021q: 802.1Q VLAN Support v1.8
[STDERR  ] 2018-10-08T21:34:29.706789899Z: [    2.017284] 9pnet: Installing 9P2000 support
[STDERR  ] 2018-10-08T21:34:29.706812102Z: [    2.021665] Key type dns_resolver registered
[STDERR  ] 2018-10-08T21:34:29.706825080Z: [    2.026121] registered taskstats version 1
[STDERR  ] 2018-10-08T21:34:29.706857204Z: [    2.038679] Key type big_key registered
[STDERR  ] 2018-10-08T21:34:29.706874587Z: [    2.046803] Key type trusted registered
[STDERR  ] 2018-10-08T21:34:29.706887498Z: [    2.054389] Key type encrypted registered
[STDERR  ] 2018-10-08T21:34:29.706900151Z: [    2.058563] ima: No TPM chip found, activating TPM-bypass! (rc=-19)
[STDERR  ] 2018-10-08T21:34:29.706912910Z: [    2.064804] ima: Allocated hash algorithm: sha256
[STDERR  ] 2018-10-08T21:34:29.706945863Z: [    2.069354] evm: HMAC attrs: 0x1
[STDERR  ] 2018-10-08T21:34:29.706958833Z: [    2.074790] rtc_cmos 00:00: setting system clock to 2018-10-08 21:34:23 UTC (1539034463)
[STDERR  ] 2018-10-08T21:34:29.706976328Z: [    2.083701] ata6: SATA link down (SStatus 0 SControl 300)
[STDERR  ] 2018-10-08T21:34:29.706988515Z: [    2.089725] ata5: SATA link down (SStatus 0 SControl 300)
[STDERR  ] 2018-10-08T21:34:29.707017813Z: [    2.095824] ata4: SATA link down (SStatus 0 SControl 300)
[STDERR  ] 2018-10-08T21:34:29.707058312Z: [    2.101924] ata3: SATA link up 1.5 Gbps (SStatus 113 SControl 300)
[STDERR  ] 2018-10-08T21:34:29.707073476Z: [    2.108916] ata2: SATA link down (SStatus 0 SControl 300)
[STDERR  ] 2018-10-08T21:34:29.707107778Z: [    2.114874] ata1: SATA link down (SStatus 0 SControl 300)
[STDERR  ] 2018-10-08T21:34:29.707120697Z: [    2.121916] ata3.00: ATAPI: QEMU DVD-ROM, 2.5+, max UDMA/100
[STDERR  ] 2018-10-08T21:34:29.707138418Z: [    2.127545] ata3.00: applying bridge limits
[STDERR  ] 2018-10-08T21:34:29.707155085Z: [    2.132227] ata3.00: configured for UDMA/100
[STDERR  ] 2018-10-08T21:34:29.707188944Z: [    2.137965] scsi 2:0:0:0: CD-ROM            QEMU     QEMU DVD-ROM     2.5+ PQ: 0 ANSI: 5
[STDERR  ] 2018-10-08T21:34:29.707205905Z: [    2.160878] sr 2:0:0:0: [sr0] scsi3-mmc drive: 4x/4x cd/rw xa/form2 tray
[STDERR  ] 2018-10-08T21:34:29.707218851Z: [    2.167354] cdrom: Uniform CD-ROM driver Revision: 3.20
[STDERR  ] 2018-10-08T21:34:29.707231353Z: [    2.172843] sr 2:0:0:0: Attached scsi generic sg0 type 5
[STDERR  ] 2018-10-08T21:34:29.707259443Z: [    2.179871] Freeing unused kernel memory: 1512K
[STDERR  ] 2018-10-08T21:34:29.707278141Z: [    2.186946] Write protecting the kernel read-only data: 18432k
[STDERR  ] 2018-10-08T21:34:29.707291345Z: [    2.193421] Freeing unused kernel memory: 2024K
[STDERR  ] 2018-10-08T21:34:29.707304011Z: [    2.201332] Freeing unused kernel memory: 1132K
[STDERR  ] 2018-10-08T21:34:29.707316771Z: 
[STDERR  ] 2018-10-08T21:34:29.707347266Z: Welcome to LinuxKit
[STDERR  ] 2018-10-08T21:34:29.707363266Z: 
[STDERR  ] 2018-10-08T21:34:29.707375998Z:                         ##         .
[STDERR  ] 2018-10-08T21:34:29.707388641Z:                   ## ## ##        ==
[STDERR  ] 2018-10-08T21:34:29.707401306Z:                ## ## ## ## ##    ===
[STDERR  ] 2018-10-08T21:34:29.707430515Z:            /"""""""""""""""""\___/ ===
[STDERR  ] 2018-10-08T21:34:29.707446306Z:           {                       /  ===-
[STDERR  ] 2018-10-08T21:34:29.707459189Z:            \______ O           __/
[STDERR  ] 2018-10-08T21:34:29.707471149Z:              \    \         __/
[STDERR  ] 2018-10-08T21:34:29.707504293Z:               \____\_______/
[STDERR  ] 2018-10-08T21:34:29.707522480Z: 
[STDERR  ] 2018-10-08T21:34:29.707536475Z: [    3.077973] RPC: Registered named UNIX socket transport module.
[STDERR  ] 2018-10-08T21:34:29.707549093Z: [    3.083771] RPC: Registered udp transport module.
[STDERR  ] 2018-10-08T21:34:29.707561683Z: [    3.088281] RPC: Registered tcp transport module.
[STDERR  ] 2018-10-08T21:34:29.707591090Z: [    3.092824] RPC: Registered tcp NFSv4.1 backchannel transport module.
[STDERR  ] 2018-10-08T21:34:29.707609960Z: [    3.107553] FS-Cache: Netfs 'nfs' registered for caching
[STDERR  ] 2018-10-08T21:34:29.707625534Z: [    3.121510] Installing knfsd (copyright (C) 1996 okir@monad.swb.de).
[STDERR  ] 2018-10-08T21:34:29.707643426Z: [    3.130587] ntfs: driver 2.1.32 [Flags: R/O MODULE].
[STDERR  ] 2018-10-08T21:34:29.707673039Z: starting kernel config sanity test with /proc/config.gz
[STDERR  ] 2018-10-08T21:34:29.707689944Z: kernel config test succeeded!
[STDERR  ] 2018-10-08T21:34:29.707702230Z: [37minfo: reading kernel config from /proc/config.gz ...[m
[STDERR  ] 2018-10-08T21:34:29.707719284Z: 
[STDERR  ] 2018-10-08T21:34:29.707732753Z: Generally Necessary:
[STDERR  ] 2018-10-08T21:34:29.707769247Z: - [37mcgroup hierarchy[m: [32mproperly mounted[m [/sys/fs/cgroup]
[STDERR  ] 2018-10-08T21:34:29.707782119Z: - [37mCONFIG_NAMESPACES[m: [32menabled[m
[STDERR  ] 2018-10-08T21:34:29.707797063Z: - [37mCONFIG_NET_NS[m: [32menabled[m
[STDERR  ] 2018-10-08T21:34:29.707809208Z: - [37mCONFIG_PID_NS[m: [32menabled[m
[STDERR  ] 2018-10-08T21:34:29.707838513Z: - [37mCONFIG_IPC_NS[m: [32menabled[m
[STDERR  ] 2018-10-08T21:34:29.707853976Z: - [37mCONFIG_UTS_NS[m: [32menabled[m
[STDERR  ] 2018-10-08T21:34:29.707866530Z: - [37mCONFIG_CGROUPS[m: [32menabled[m
[STDERR  ] 2018-10-08T21:34:29.707878950Z: - [37mCONFIG_CGROUP_CPUACCT[m: [32menabled[m
[STDERR  ] 2018-10-08T21:34:29.707891577Z: - [37mCONFIG_CGROUP_DEVICE[m: [32menabled[m
[STDERR  ] 2018-10-08T21:34:29.707925127Z: - [37mCONFIG_CGROUP_FREEZER[m: [32menabled[m
[STDERR  ] 2018-10-08T21:34:29.707937702Z: - [37mCONFIG_CGROUP_SCHED[m: [32menabled[m
[STDERR  ] 2018-10-08T21:34:29.707954219Z: - [37mCONFIG_CPUSETS[m: [32menabled[m
[STDERR  ] 2018-10-08T21:34:29.707966930Z: - [37mCONFIG_MEMCG[m: [32menabled[m
[STDERR  ] 2018-10-08T21:34:29.707994253Z: - [37mCONFIG_KEYS[m: [32menabled[m
[STDERR  ] 2018-10-08T21:34:29.708016230Z: - [37mCONFIG_VETH[m: [32menabled[m
[STDERR  ] 2018-10-08T21:34:29.708037968Z: - [37mCONFIG_BRIDGE[m: [32menabled[m
[STDERR  ] 2018-10-08T21:34:29.708059605Z: - [37mCONFIG_BRIDGE_NETFILTER[m: [32menabled[m
[STDERR  ] 2018-10-08T21:34:29.708092939Z: - [37mCONFIG_NF_NAT_IPV4[m: [32menabled[m
[STDERR  ] 2018-10-08T21:34:29.708105469Z: - [37mCONFIG_IP_NF_FILTER[m: [32menabled[m
[STDERR  ] 2018-10-08T21:34:29.708117502Z: - [37mCONFIG_IP_NF_TARGET_MASQUERADE[m: [32menabled[m
[STDERR  ] 2018-10-08T21:34:29.708129846Z: - [37mCONFIG_NETFILTER_XT_MATCH_ADDRTYPE[m: [32menabled[m
[STDERR  ] 2018-10-08T21:34:29.708157724Z: - [37mCONFIG_NETFILTER_XT_MATCH_CONNTRACK[m: [32menabled[m
[STDERR  ] 2018-10-08T21:34:29.708175771Z: - [37mCONFIG_NETFILTER_XT_MATCH_IPVS[m: [32menabled (as module)[m
[STDERR  ] 2018-10-08T21:34:29.708191618Z: - [37mCONFIG_IP_NF_NAT[m: [32menabled[m
[STDERR  ] 2018-10-08T21:34:29.708204169Z: - [37mCONFIG_NF_NAT[m: [32menabled[m
[STDERR  ] 2018-10-08T21:34:29.708216325Z: - [37mCONFIG_NF_NAT_NEEDED[m: [32menabled[m
[STDERR  ] 2018-10-08T21:34:29.708245274Z: - [37mCONFIG_POSIX_MQUEUE[m: [32menabled[m
[STDERR  ] 2018-10-08T21:34:29.708261609Z: 
[STDERR  ] 2018-10-08T21:34:29.708274175Z: Optional Features:
[STDERR  ] 2018-10-08T21:34:29.708286694Z: - [37mCONFIG_USER_NS[m: [32menabled[m
[STDERR  ] 2018-10-08T21:34:29.708299131Z: - [37mCONFIG_SECCOMP[m: [32menabled[m
[STDERR  ] 2018-10-08T21:34:29.708331108Z: - [37mCONFIG_CGROUP_PIDS[m: [32menabled[m
[STDERR  ] 2018-10-08T21:34:29.708343630Z: - [37mCONFIG_MEMCG_SWAP[m: [32menabled[m
[STDERR  ] 2018-10-08T21:34:29.708356228Z: - [37mCONFIG_MEMCG_SWAP_ENABLED[m: [32menabled[m
[STDERR  ] 2018-10-08T21:34:29.708368779Z:     [1;30m(cgroup swap accounting is currently enabled)[m
[STDERR  ] 2018-10-08T21:34:29.708381191Z: - [1mCONFIG_LEGACY_VSYSCALL_NONE[m: [1;31menabled[m
[STDERR  ] 2018-10-08T21:34:29.708414232Z:     [1;30m(containers using eglibc <= 2.13 will not work. Switch to[m
[STDERR  ] 2018-10-08T21:34:29.708427066Z:     [1;30m "CONFIG_VSYSCALL_[NATIVE|EMULATE]" or use "vsyscall=[native|emulate]"[m
[STDERR  ] 2018-10-08T21:34:29.708439403Z:     [1;30m on kernel command line. Note that this will disable ASLR for the,[m
[STDERR  ] 2018-10-08T21:34:29.708456468Z:     [1;30m VDSO which may assist in exploiting security vulnerabilities.)[m
[STDERR  ] 2018-10-08T21:34:29.708468669Z: - [37mCONFIG_BLK_CGROUP[m: [32menabled[m
[STDERR  ] 2018-10-08T21:34:29.708799407Z: - [37mCONFIG_BLK_DEV_THROTTLING[m: [32menabled[m
[STDERR  ] 2018-10-08T21:34:29.708816875Z: - [37mCONFIG_IOSCHED_CFQ[m: [32menabled[m
[STDERR  ] 2018-10-08T21:34:29.708829151Z: - [37mCONFIG_CFQ_GROUP_IOSCHED[m: [32menabled[m
[STDERR  ] 2018-10-08T21:34:29.708840887Z: - [37mCONFIG_CGROUP_PERF[m: [32menabled[m
[STDERR  ] 2018-10-08T21:34:29.708853077Z: - [37mCONFIG_CGROUP_HUGETLB[m: [32menabled[m
[STDERR  ] 2018-10-08T21:34:29.708865957Z: - [37mCONFIG_NET_CLS_CGROUP[m: [32menabled[m
[STDERR  ] 2018-10-08T21:34:29.708879531Z: - [37mCONFIG_CGROUP_NET_PRIO[m: [32menabled[m
[STDERR  ] 2018-10-08T21:34:29.708892308Z: - [37mCONFIG_CFS_BANDWIDTH[m: [32menabled[m
[STDERR  ] 2018-10-08T21:34:29.708904509Z: - [37mCONFIG_FAIR_GROUP_SCHED[m: [32menabled[m
[STDERR  ] 2018-10-08T21:34:29.708921037Z: - [37mCONFIG_RT_GROUP_SCHED[m: [32menabled[m
[STDERR  ] 2018-10-08T21:34:29.708933840Z: - [37mCONFIG_IP_VS[m: [32menabled (as module)[m
[STDERR  ] 2018-10-08T21:34:29.708946526Z: - [37mCONFIG_IP_VS_NFCT[m: [32menabled[m
[STDERR  ] 2018-10-08T21:34:29.708959456Z: - [37mCONFIG_IP_VS_RR[m: [32menabled (as module)[m
[STDERR  ] 2018-10-08T21:34:29.708973607Z: - [37mCONFIG_EXT4_FS[m: [32menabled[m
[STDERR  ] 2018-10-08T21:34:29.708988768Z: - [37mCONFIG_EXT4_FS_POSIX_ACL[m: [32menabled[m
[STDERR  ] 2018-10-08T21:34:29.709000284Z: - [37mCONFIG_EXT4_FS_SECURITY[m: [32menabled[m
[STDERR  ] 2018-10-08T21:34:29.709012928Z: - Network Drivers:
[STDERR  ] 2018-10-08T21:34:29.709036943Z:   - "[34moverlay[m":
[STDERR  ] 2018-10-08T21:34:29.709063997Z:     - [37mCONFIG_VXLAN[m: [32menabled[m
[STDERR  ] 2018-10-08T21:34:29.709083105Z:       Optional (for encrypted networks):
[STDERR  ] 2018-10-08T21:34:29.709094766Z:       - [37mCONFIG_CRYPTO[m: [32menabled[m
[STDERR  ] 2018-10-08T21:34:29.709106779Z:       - [37mCONFIG_CRYPTO_AEAD[m: [32menabled[m
[STDERR  ] 2018-10-08T21:34:29.709118981Z:       - [37mCONFIG_CRYPTO_GCM[m: [32menabled[m
[STDERR  ] 2018-10-08T21:34:29.709131478Z:       - [37mCONFIG_CRYPTO_SEQIV[m: [32menabled[m
[STDERR  ] 2018-10-08T21:34:29.709143768Z:       - [37mCONFIG_CRYPTO_GHASH[m: [32menabled[m
[STDERR  ] 2018-10-08T21:34:29.709156321Z:       - [37mCONFIG_XFRM[m: [32menabled[m
[STDERR  ] 2018-10-08T21:34:29.709168487Z:       - [37mCONFIG_XFRM_USER[m: [32menabled (as module)[m
[STDERR  ] 2018-10-08T21:34:29.709180630Z:       - [37mCONFIG_XFRM_ALGO[m: [32menabled (as module)[m
[STDERR  ] 2018-10-08T21:34:29.709193312Z:       - [37mCONFIG_INET_ESP[m: [32menabled (as module)[m
[STDERR  ] 2018-10-08T21:34:29.709208836Z:       - [37mCONFIG_INET_XFRM_MODE_TRANSPORT[m: [32menabled (as module)[m
[STDERR  ] 2018-10-08T21:34:29.709221997Z:   - "[34mipvlan[m":
[STDERR  ] 2018-10-08T21:34:29.709234394Z:     - [37mCONFIG_IPVLAN[m: [32menabled[m
[STDERR  ] 2018-10-08T21:34:29.709246598Z:   - "[34mmacvlan[m":
[STDERR  ] 2018-10-08T21:34:29.709258594Z:     - [37mCONFIG_MACVLAN[m: [32menabled[m
[STDERR  ] 2018-10-08T21:34:29.709270967Z:     - [37mCONFIG_DUMMY[m: [32menabled (as module)[m
[STDERR  ] 2018-10-08T21:34:29.709283240Z:   - "[34mftp,tftp client in container[m":
[STDERR  ] 2018-10-08T21:34:29.709296229Z:     - [37mCONFIG_NF_NAT_FTP[m: [32menabled[m
[STDERR  ] 2018-10-08T21:34:29.709308916Z:     - [37mCONFIG_NF_CONNTRACK_FTP[m: [32menabled[m
[STDERR  ] 2018-10-08T21:34:29.709321385Z:     - [37mCONFIG_NF_NAT_TFTP[m: [32menabled[m
[STDERR  ] 2018-10-08T21:34:29.709333421Z:     - [37mCONFIG_NF_CONNTRACK_TFTP[m: [32menabled[m
[STDERR  ] 2018-10-08T21:34:29.709345341Z: - Storage Drivers:
[STDERR  ] 2018-10-08T21:34:29.709357665Z:   - "[34maufs[m":
[STDERR  ] 2018-10-08T21:34:29.709372442Z:     - [1mCONFIG_AUFS_FS[m: [1;31mmissing[m
[STDERR  ] 2018-10-08T21:34:29.709384977Z:   - "[34mbtrfs[m":
[STDERR  ] 2018-10-08T21:34:29.709401984Z:     - [37mCONFIG_BTRFS_FS[m: [32menabled (as module)[m
[STDERR  ] 2018-10-08T21:34:29.709414360Z:     - [37mCONFIG_BTRFS_FS_POSIX_ACL[m: [32menabled[m
[STDERR  ] 2018-10-08T21:34:29.709426365Z:   - "[34mdevicemapper[m":
[STDERR  ] 2018-10-08T21:34:29.709437954Z:     - [37mCONFIG_BLK_DEV_DM[m: [32menabled[m
[STDERR  ] 2018-10-08T21:34:29.709452833Z:     - [37mCONFIG_DM_THIN_PROVISIONING[m: [32menabled[m
[STDERR  ] 2018-10-08T21:34:29.709465316Z:   - "[34moverlay[m":
[STDERR  ] 2018-10-08T21:34:29.709477509Z:     - [37mCONFIG_OVERLAY_FS[m: [32menabled[m
[STDERR  ] 2018-10-08T21:34:29.709490087Z:   - "[34mzfs[m":
[STDERR  ] 2018-10-08T21:34:29.709502455Z:     - [1m/dev/zfs[m: [1;31mmissing[m
[STDERR  ] 2018-10-08T21:34:29.709514053Z:     - [1mzfs command[m: [1;31mmissing[m
[STDERR  ] 2018-10-08T21:34:29.709525814Z:     - [1mzpool command[m: [1;31mmissing[m
[STDERR  ] 2018-10-08T21:34:29.709538080Z: 
[STDERR  ] 2018-10-08T21:34:29.709553240Z: Limits:
[STDERR  ] 2018-10-08T21:34:29.709566697Z: [37m- /proc/sys/kernel/keys/root_maxkeys[m: [32m1000000[m
[STDERR  ] 2018-10-08T21:34:29.709578925Z: 
[STDERR  ] 2018-10-08T21:34:29.709591068Z: Kernel config test suite PASSED
[STDERR  ] 2018-10-08T21:34:29.709602565Z: [    7.432626] ACPI: Preparing to enter system sleep state S5
[STDERR  ] 2018-10-08T21:34:29.709615053Z: [    7.438504] reboot: Power down
[STDERR  ] 2018-10-08T21:34:29.709794903Z: + exit 0
[STDERR  ] 2018-10-08T21:34:29.709817951Z: + clean_up
[STDERR  ] 2018-10-08T21:34:29.709908236Z: + rm -rf kconfig-cmdline kconfig-initrd.img kconfig-kernel kconfig-state
[PASS    ] linuxkit.kernel.config_4.14.x 21.16s
