[INFO    ] 2017-06-07T09:07:21.512704831Z: Running Test linuxkit.packages.binfmt in /tmp/build/test/cases/040_packages/002_binfmt
[INFO    ] 2017-06-07T09:07:21.512778247Z: Running command: [/bin/sh -x /tmp/build/test/cases/040_packages/002_binfmt/test.sh]
[STDERR  ] 2017-06-07T09:07:21.517091788Z: + set -e
[STDERR  ] 2017-06-07T09:07:21.517125539Z: + set -v
[STDERR  ] 2017-06-07T09:07:21.517136601Z: 
[STDERR  ] 2017-06-07T09:07:21.517146549Z: # Source libraries. Uncomment if needed/defined
[STDERR  ] 2017-06-07T09:07:21.517157257Z: #. "${RT_LIB}"
[STDERR  ] 2017-06-07T09:07:21.51716934Z: . "${RT_PROJECT_ROOT}/_lib/lib.sh"
[STDERR  ] 2017-06-07T09:07:21.517209219Z: + . /tmp/build/test/cases/_lib/lib.sh
[STDERR  ] 2017-06-07T09:07:21.51722838Z: #!/bin/sh
[STDERR  ] 2017-06-07T09:07:21.517237181Z: 
[STDERR  ] 2017-06-07T09:07:21.517246317Z: # Source the main regression test library if present
[STDERR  ] 2017-06-07T09:07:21.51726282Z: [ -f "${RT_LIB}" ] && . "${RT_LIB}"
[STDERR  ] 2017-06-07T09:07:21.517296059Z: + [ -f src/github.com/linuxkit/rtf/lib/lib.sh ]
[STDERR  ] 2017-06-07T09:07:21.517316442Z: 
[STDERR  ] 2017-06-07T09:07:21.517325539Z: # Temporary directory for tests to use.
[STDERR  ] 2017-06-07T09:07:21.517342676Z: LINUXKIT_TMPDIR="${RT_PROJECT_ROOT}/_tmp"
[STDERR  ] 2017-06-07T09:07:21.51736241Z: + LINUXKIT_TMPDIR=/tmp/build/test/cases/_tmp
[STDERR  ] 2017-06-07T09:07:21.517372185Z: 
[STDERR  ] 2017-06-07T09:07:21.517377637Z: # The top-level group.sh of the project creates a env.sh file
[STDERR  ] 2017-06-07T09:07:21.517396654Z: # containing environment variables for tests. Source it if present.
[STDERR  ] 2017-06-07T09:07:21.517409956Z: [ -f "${LINUXKIT_TMPDIR}/env.sh" ] && . "${LINUXKIT_TMPDIR}/env.sh"
[STDERR  ] 2017-06-07T09:07:21.517438979Z: + [ -f /tmp/build/test/cases/_tmp/env.sh ]
[STDERR  ] 2017-06-07T09:07:21.517457439Z: + . /tmp/build/test/cases/_tmp/env.sh
[STDERR  ] 2017-06-07T09:07:21.517474492Z: export LINUXKIT_EXAMPLES_DIR=/tmp/build/test/cases/../../examples
[STDERR  ] 2017-06-07T09:07:21.517499445Z: + export LINUXKIT_EXAMPLES_DIR=/tmp/build/test/cases/../../examples
[STDERR  ] 2017-06-07T09:07:21.517516911Z: 
[STDERR  ] 2017-06-07T09:07:21.517525492Z: # FIXME: Should source the rtf/lib/lib.sh instead
[STDERR  ] 2017-06-07T09:07:21.517544542Z: RT_CANCEL=253
[STDERR  ] 2017-06-07T09:07:21.517571236Z: + RT_CANCEL=253
[STDERR  ] 2017-06-07T09:07:21.517585233Z: 
[STDERR  ] 2017-06-07T09:07:21.517603116Z: clean_up() {
[STDERR  ] 2017-06-07T09:07:21.517613322Z: 	find . -iname "test-binfmt*" -not -iname "*.yml" -exec rm -rf {} \;
[STDERR  ] 2017-06-07T09:07:21.517627581Z: }
[STDERR  ] 2017-06-07T09:07:21.517641286Z: trap clean_up EXIT
[STDERR  ] 2017-06-07T09:07:21.517671003Z: + trap clean_up EXIT
[STDERR  ] 2017-06-07T09:07:21.517681325Z: 
[STDERR  ] 2017-06-07T09:07:21.517690536Z: # Test code goes here
[STDERR  ] 2017-06-07T09:07:21.517699318Z: moby build -output kernel+initrd test-binfmt
[STDERR  ] 2017-06-07T09:07:21.517730455Z: + moby build -output kernel+initrd test-binfmt
[STDERR  ] 2017-06-07T09:07:21.541688625Z: Extract kernel image: linuxkit/kernel:4.9.x
[STDERR  ] 2017-06-07T09:07:23.22577514Z: Add init containers:
[STDERR  ] 2017-06-07T09:07:23.225819089Z: Process init image: linuxkit/init:1b8a7e394d2ec2f1fdb4d67645829d1b5bdca037
[STDERR  ] 2017-06-07T09:07:24.442355889Z: Process init image: linuxkit/runc:3a4e6cbf15470f62501b019b55e1caac5ee7689f
[STDERR  ] 2017-06-07T09:07:25.709633399Z: Process init image: linuxkit/containerd:5749f2e9e65395cc6635229e8da0e0d484320ddf
[STDERR  ] 2017-06-07T09:07:27.483002438Z: Add onboot containers:
[STDERR  ] 2017-06-07T09:07:27.483048818Z:   Create OCI config for linuxkit/binfmt:8ac5535f57f0c6f5fe88317b9d22a7677093c765
[STDERR  ] 2017-06-07T09:07:28.737543872Z:   Create OCI config for alpine:3.6
[STDERR  ] 2017-06-07T09:07:30.162070016Z: Pull image: docker.io/library/alpine:3.6@sha256:0b94d1d1b5eb130dd0253374552445b39470653fb1a1ec2d81490948876e462c
[STDERR  ] 2017-06-07T09:07:33.402549306Z:   Create OCI config for linuxkit/poweroff:7404cf2295df89ccfa2dda41997a28307a90cf28
[STDERR  ] 2017-06-07T09:07:34.665446964Z: Add files:
[STDERR  ] 2017-06-07T09:07:34.665485753Z:   check.sh
[STDERR  ] 2017-06-07T09:07:34.688940093Z: Create outputs:
[STDERR  ] 2017-06-07T09:07:41.060521481Z:   test-binfmt-kernel test-binfmt-initrd.img test-binfmt-cmdline
[STDERR  ] 2017-06-07T09:07:41.116612211Z: RESULT="$(linuxkit run qemu -kernel test-binfmt)"
[STDERR  ] 2017-06-07T09:07:41.116738343Z: + linuxkit run qemu -kernel test-binfmt
[STDERR  ] 2017-06-07T09:07:41.1347063Z: Unable to find qemu-system-x86_64 within the $PATH. Using a container
[STDOUT  ] 2017-06-07T09:08:12.201369178Z: [    0.000000] Linux version 4.9.30-linuxkit (root@84baa8e89c00) (gcc version 6.2.1 20160822 (Alpine 6.2.1) ) #1 SMP Tue May 30 11:40:28 UTC 2017
[STDOUT  ] 2017-06-07T09:08:12.20138623Z: [    0.000000] Command line: console=ttyS0 page_poison=1
[STDOUT  ] 2017-06-07T09:08:12.20139394Z: [    0.000000] x86/fpu: Legacy x87 FPU detected.
[STDOUT  ] 2017-06-07T09:08:12.201400429Z: [    0.000000] x86/fpu: Using 'eager' FPU context switches.
[STDOUT  ] 2017-06-07T09:08:12.201403601Z: [    0.000000] e820: BIOS-provided physical RAM map:
[STDOUT  ] 2017-06-07T09:08:12.20141038Z: [    0.000000] BIOS-e820: [mem 0x0000000000000000-0x000000000009fbff] usable
[STDOUT  ] 2017-06-07T09:08:12.201421129Z: [    0.000000] BIOS-e820: [mem 0x000000000009fc00-0x000000000009ffff] reserved
[STDOUT  ] 2017-06-07T09:08:12.201432751Z: [    0.000000] BIOS-e820: [mem 0x00000000000f0000-0x00000000000fffff] reserved
[STDOUT  ] 2017-06-07T09:08:12.201438838Z: [    0.000000] BIOS-e820: [mem 0x0000000000100000-0x000000003ffdefff] usable
[STDOUT  ] 2017-06-07T09:08:12.20144435Z: [    0.000000] BIOS-e820: [mem 0x000000003ffdf000-0x000000003fffffff] reserved
[STDOUT  ] 2017-06-07T09:08:12.201450142Z: [    0.000000] BIOS-e820: [mem 0x00000000b0000000-0x00000000bfffffff] reserved
[STDOUT  ] 2017-06-07T09:08:12.201456457Z: [    0.000000] BIOS-e820: [mem 0x00000000fed1c000-0x00000000fed1ffff] reserved
[STDOUT  ] 2017-06-07T09:08:12.201462768Z: [    0.000000] BIOS-e820: [mem 0x00000000fffc0000-0x00000000ffffffff] reserved
[STDOUT  ] 2017-06-07T09:08:12.201470196Z: [    0.000000] NX (Execute Disable) protection: active
[STDOUT  ] 2017-06-07T09:08:12.201489805Z: [    0.000000] SMBIOS 2.8 present.
[STDOUT  ] 2017-06-07T09:08:12.201496389Z: [    0.000000] e820: last_pfn = 0x3ffdf max_arch_pfn = 0x400000000
[STDOUT  ] 2017-06-07T09:08:12.201500346Z: [    0.000000] x86/PAT: Configuration [0-7]: WB  WC  UC- UC  WB  WC  UC- WT  
[STDOUT  ] 2017-06-07T09:08:12.201516037Z: [    0.000000] found SMP MP-table at [mem 0x000f6aa0-0x000f6aaf] mapped at [ffff9901c00f6aa0]
[STDOUT  ] 2017-06-07T09:08:12.201522277Z: [    0.000000] RAMDISK: [mem 0x3dd9e000-0x3ffcffff]
[STDOUT  ] 2017-06-07T09:08:12.201526154Z: [    0.000000] ACPI: Early table checksum verification disabled
[STDOUT  ] 2017-06-07T09:08:12.201535581Z: [    0.000000] ACPI: RSDP 0x00000000000F68C0 000014 (v00 BOCHS )
[STDOUT  ] 2017-06-07T09:08:12.201538861Z: [    0.000000] ACPI: RSDT 0x000000003FFE2404 000034 (v01 BOCHS  BXPCRSDT 00000001 BXPC 00000001)
[STDOUT  ] 2017-06-07T09:08:12.201547205Z: [    0.000000] ACPI: FACP 0x000000003FFE22A4 000074 (v01 BOCHS  BXPCFACP 00000001 BXPC 00000001)
[STDOUT  ] 2017-06-07T09:08:12.201550285Z: [    0.000000] ACPI: DSDT 0x000000003FFE0040 002264 (v01 BOCHS  BXPCDSDT 00000001 BXPC 00000001)
[STDOUT  ] 2017-06-07T09:08:12.201558946Z: [    0.000000] ACPI: FACS 0x000000003FFE0000 000040
[STDOUT  ] 2017-06-07T09:08:12.201572766Z: [    0.000000] ACPI: APIC 0x000000003FFE2318 000078 (v01 BOCHS  BXPCAPIC 00000001 BXPC 00000001)
[STDOUT  ] 2017-06-07T09:08:12.201579016Z: [    0.000000] ACPI: HPET 0x000000003FFE2390 000038 (v01 BOCHS  BXPCHPET 00000001 BXPC 00000001)
[STDOUT  ] 2017-06-07T09:08:12.201582451Z: [    0.000000] ACPI: MCFG 0x000000003FFE23C8 00003C (v01 BOCHS  BXPCMCFG 00000001 BXPC 00000001)
[STDOUT  ] 2017-06-07T09:08:12.201590472Z: [    0.000000] Zone ranges:
[STDOUT  ] 2017-06-07T09:08:12.20159582Z: [    0.000000]   DMA      [mem 0x0000000000001000-0x0000000000ffffff]
[STDOUT  ] 2017-06-07T09:08:12.201609195Z: [    0.000000]   DMA32    [mem 0x0000000001000000-0x000000003ffdefff]
[STDOUT  ] 2017-06-07T09:08:12.20161558Z: [    0.000000]   Normal   empty
[STDOUT  ] 2017-06-07T09:08:12.201620752Z: [    0.000000] Movable zone start for each node
[STDOUT  ] 2017-06-07T09:08:12.201626398Z: [    0.000000] Early memory node ranges
[STDOUT  ] 2017-06-07T09:08:12.201631951Z: [    0.000000]   node   0: [mem 0x0000000000001000-0x000000000009efff]
[STDOUT  ] 2017-06-07T09:08:12.201637126Z: [    0.000000]   node   0: [mem 0x0000000000100000-0x000000003ffdefff]
[STDOUT  ] 2017-06-07T09:08:12.201639773Z: [    0.000000] Initmem setup node 0 [mem 0x0000000000001000-0x000000003ffdefff]
[STDOUT  ] 2017-06-07T09:08:12.201644799Z: [    0.000000] ACPI: PM-Timer IO Port: 0x608
[STDOUT  ] 2017-06-07T09:08:12.201655014Z: [    0.000000] ACPI: LAPIC_NMI (acpi_id[0xff] dfl dfl lint[0x1])
[STDOUT  ] 2017-06-07T09:08:12.201660453Z: [    0.000000] IOAPIC[0]: apic_id 0, version 32, address 0xfec00000, GSI 0-23
[STDOUT  ] 2017-06-07T09:08:12.20167177Z: [    0.000000] ACPI: INT_SRC_OVR (bus 0 bus_irq 0 global_irq 2 dfl dfl)
[STDOUT  ] 2017-06-07T09:08:12.201680151Z: [    0.000000] ACPI: INT_SRC_OVR (bus 0 bus_irq 5 global_irq 5 high level)
[STDOUT  ] 2017-06-07T09:08:12.201684963Z: [    0.000000] ACPI: INT_SRC_OVR (bus 0 bus_irq 9 global_irq 9 high level)
[STDOUT  ] 2017-06-07T09:08:12.201689749Z: [    0.000000] ACPI: INT_SRC_OVR (bus 0 bus_irq 10 global_irq 10 high level)
[STDOUT  ] 2017-06-07T09:08:12.201694615Z: [    0.000000] ACPI: INT_SRC_OVR (bus 0 bus_irq 11 global_irq 11 high level)
[STDOUT  ] 2017-06-07T09:08:12.201699646Z: [    0.000000] Using ACPI (MADT) for SMP configuration information
[STDOUT  ] 2017-06-07T09:08:12.201704688Z: [    0.000000] ACPI: HPET id: 0x8086a201 base: 0xfed00000
[STDOUT  ] 2017-06-07T09:08:12.201707369Z: [    0.000000] smpboot: Allowing 1 CPUs, 0 hotplug CPUs
[STDOUT  ] 2017-06-07T09:08:12.201717383Z: [    0.000000] e820: [mem 0x40000000-0xafffffff] available for PCI devices
[STDOUT  ] 2017-06-07T09:08:12.201720056Z: [    0.000000] Booting paravirtualized kernel on bare hardware
[STDOUT  ] 2017-06-07T09:08:12.201733817Z: [    0.000000] clocksource: refined-jiffies: mask: 0xffffffff max_cycles: 0xffffffff, max_idle_ns: 19112604462750000 ns
[STDOUT  ] 2017-06-07T09:08:12.20173984Z: [    0.000000] setup_percpu: NR_CPUS:128 nr_cpumask_bits:128 nr_cpu_ids:1 nr_node_ids:1
[STDOUT  ] 2017-06-07T09:08:12.201747529Z: [    0.000000] percpu: Embedded 35 pages/cpu @ffff9901fda00000 s105240 r8192 d29928 u2097152
[STDOUT  ] 2017-06-07T09:08:12.20175343Z: [    0.000000] Built 1 zonelists in Zone order, mobility grouping on.  Total pages: 257896
[STDOUT  ] 2017-06-07T09:08:12.201758812Z: [    0.000000] Kernel command line: console=ttyS0 page_poison=1
[STDOUT  ] 2017-06-07T09:08:12.201765777Z: [    0.000000] PID hash table entries: 4096 (order: 3, 32768 bytes)
[STDOUT  ] 2017-06-07T09:08:12.201770599Z: [    0.000000] Dentry cache hash table entries: 131072 (order: 8, 1048576 bytes)
[STDOUT  ] 2017-06-07T09:08:12.201775397Z: [    0.000000] Inode-cache hash table entries: 65536 (order: 7, 524288 bytes)
[STDOUT  ] 2017-06-07T09:08:12.201783814Z: [    0.000000] Memory: 976764K/1048052K available (9409K kernel code, 1593K rwdata, 3084K rodata, 1456K init, 604K bss, 71288K reserved, 0K cma-reserved)
[STDOUT  ] 2017-06-07T09:08:12.20179007Z: [    0.000000] Hierarchical RCU implementation.
[STDOUT  ] 2017-06-07T09:08:12.201795141Z: [    0.000000] 	Build-time adjustment of leaf fanout to 64.
[STDOUT  ] 2017-06-07T09:08:12.201799948Z: [    0.000000] 	RCU restricting CPUs from NR_CPUS=128 to nr_cpu_ids=1.
[STDOUT  ] 2017-06-07T09:08:12.201804809Z: [    0.000000] RCU: Adjusting geometry for rcu_fanout_leaf=64, nr_cpu_ids=1
[STDOUT  ] 2017-06-07T09:08:12.201816092Z: [    0.000000] NR_IRQS:8448 nr_irqs:256 16
[STDOUT  ] 2017-06-07T09:08:12.201821334Z: [    0.000000] Console: colour VGA+ 80x25
[STDOUT  ] 2017-06-07T09:08:12.201826313Z: [    0.000000] console [ttyS0] enabled
[STDOUT  ] 2017-06-07T09:08:12.201831178Z: [    0.000000] allocated 2097152 bytes of page_ext
[STDOUT  ] 2017-06-07T09:08:12.201840592Z: [    0.000000] clocksource: hpet: mask: 0xffffffff max_cycles: 0xffffffff, max_idle_ns: 19112604467 ns
[STDOUT  ] 2017-06-07T09:08:12.201848423Z: [    0.000000] tsc: Fast TSC calibration failed
[STDOUT  ] 2017-06-07T09:08:12.201853374Z: [    0.000000] tsc: Unable to calibrate against PIT
[STDOUT  ] 2017-06-07T09:08:12.201858623Z: [    0.000000] tsc: using HPET reference calibration
[STDOUT  ] 2017-06-07T09:08:12.20186392Z: [    0.000000] tsc: Detected 2599.955 MHz processor
[STDOUT  ] 2017-06-07T09:08:12.201868949Z: [    0.051448] Calibrating delay loop (skipped), value calculated using timer frequency.. 5199.91 BogoMIPS (lpj=25999550)
[STDOUT  ] 2017-06-07T09:08:12.20187517Z: [    0.052885] pid_max: default: 32768 minimum: 301
[STDOUT  ] 2017-06-07T09:08:12.201880943Z: [    0.054175] ACPI: Core revision 20160831
[STDOUT  ] 2017-06-07T09:08:12.201885774Z: [    0.103506] ACPI: 1 ACPI AML tables successfully acquired and loaded
[STDOUT  ] 2017-06-07T09:08:12.201895876Z: [    0.107484] Security Framework initialized
[STDOUT  ] 2017-06-07T09:08:12.201900643Z: [    0.108246] Yama: becoming mindful.
[STDOUT  ] 2017-06-07T09:08:12.201905461Z: [    0.110620] Mount-cache hash table entries: 2048 (order: 2, 16384 bytes)
[STDOUT  ] 2017-06-07T09:08:12.201910255Z: [    0.111410] Mountpoint-cache hash table entries: 2048 (order: 2, 16384 bytes)
[STDOUT  ] 2017-06-07T09:08:12.201912988Z: [    0.131795] Last level iTLB entries: 4KB 0, 2MB 0, 4MB 0
[STDOUT  ] 2017-06-07T09:08:12.201918751Z: [    0.132502] Last level dTLB entries: 4KB 0, 2MB 0, 4MB 0, 1GB 0
[STDOUT  ] 2017-06-07T09:08:12.201927168Z: [    0.485196] Freeing SMP alternatives memory: 24K (ffffffff840fc000 - ffffffff84102000)
[STDOUT  ] 2017-06-07T09:08:12.201933011Z: [    0.495019] ftrace: allocating 41532 entries in 163 pages
[STDOUT  ] 2017-06-07T09:08:12.201938209Z: [    0.714882] smpboot: Max logical packages: 1
[STDOUT  ] 2017-06-07T09:08:12.201942979Z: [    0.721986] ..TIMER: vector=0x30 apic1=0 pin1=2 apic2=-1 pin2=-1
[STDOUT  ] 2017-06-07T09:08:12.201951782Z: [    0.830000] smpboot: CPU0: AMD QEMU Virtual CPU version 2.5+ (family: 0x6, model: 0x6, stepping: 0x3)
[STDOUT  ] 2017-06-07T09:08:12.201957889Z: [    0.830000] Performance Events: PMU not available due to virtualization, using software events only.
[STDOUT  ] 2017-06-07T09:08:12.201962722Z: [    0.839638] NMI watchdog: disabled (cpu0): hardware events not enabled
[STDOUT  ] 2017-06-07T09:08:12.201965313Z: [    0.840114] NMI watchdog: Shutting down hard lockup detector on all cpus
[STDOUT  ] 2017-06-07T09:08:12.201972713Z: [    0.843241] x86: Booted up 1 node, 1 CPUs
[STDOUT  ] 2017-06-07T09:08:12.201977701Z: [    0.843859] smpboot: Total of 1 processors activated (5199.91 BogoMIPS)
[STDOUT  ] 2017-06-07T09:08:12.201980336Z: [    0.860139] devtmpfs: initialized
[STDOUT  ] 2017-06-07T09:08:12.201987728Z: [    0.865312] x86/mm: Memory block size: 128MB
[STDOUT  ] 2017-06-07T09:08:12.201990643Z: [    0.943719] clocksource: jiffies: mask: 0xffffffff max_cycles: 0xffffffff, max_idle_ns: 19112604462750000 ns
[STDOUT  ] 2017-06-07T09:08:12.201995522Z: [    0.945224] futex hash table entries: 256 (order: 2, 16384 bytes)
[STDOUT  ] 2017-06-07T09:08:12.202003197Z: [    0.955193] NET: Registered protocol family 16
[STDOUT  ] 2017-06-07T09:08:12.202009905Z: [    0.965389] cpuidle: using governor ladder
[STDOUT  ] 2017-06-07T09:08:12.202017242Z: [    0.966237] cpuidle: using governor menu
[STDOUT  ] 2017-06-07T09:08:12.202019787Z: [    0.967713] ACPI: bus type PCI registered
[STDOUT  ] 2017-06-07T09:08:12.202027241Z: [    0.971610] PCI: MMCONFIG for domain 0000 [bus 00-ff] at [mem 0xb0000000-0xbfffffff] (base 0xb0000000)
[STDOUT  ] 2017-06-07T09:08:12.202039219Z: [    0.972834] PCI: MMCONFIG at [mem 0xb0000000-0xbfffffff] reserved in E820
[STDOUT  ] 2017-06-07T09:08:12.202044455Z: [    0.974544] PCI: Using configuration type 1 for base access
[STDOUT  ] 2017-06-07T09:08:12.202049438Z: [    1.039271] HugeTLB registered 2 MB page size, pre-allocated 0 pages
[STDOUT  ] 2017-06-07T09:08:12.202057159Z: [    1.053085] ACPI: Added _OSI(Module Device)
[STDOUT  ] 2017-06-07T09:08:12.202062404Z: [    1.053670] ACPI: Added _OSI(Processor Device)
[STDOUT  ] 2017-06-07T09:08:12.20206773Z: [    1.054113] ACPI: Added _OSI(3.0 _SCP Extensions)
[STDOUT  ] 2017-06-07T09:08:12.202070572Z: [    1.054545] ACPI: Added _OSI(Processor Aggregator Device)
[STDOUT  ] 2017-06-07T09:08:12.202076219Z: [    1.137563] ACPI: Interpreter enabled
[STDOUT  ] 2017-06-07T09:08:12.202083752Z: [    1.138862] ACPI: (supports S0 S5)
[STDOUT  ] 2017-06-07T09:08:12.202089343Z: [    1.139362] ACPI: Using IOAPIC for interrupt routing
[STDOUT  ] 2017-06-07T09:08:12.202094933Z: [    1.141871] PCI: Using host bridge windows from ACPI; if necessary, use "pci=nocrs" and report a bug
[STDOUT  ] 2017-06-07T09:08:12.20210007Z: [    1.214973] ACPI: PCI Root Bridge [PCI0] (domain 0000 [bus 00-ff])
[STDOUT  ] 2017-06-07T09:08:12.20210505Z: [    1.216437] acpi PNP0A08:00: _OSC: OS supports [ExtendedConfig ASPM ClockPM Segments MSI]
[STDOUT  ] 2017-06-07T09:08:12.202114017Z: [    1.222616] acpi PNP0A08:00: _OSC: OS now controls [PCIeHotplug PME PCIeCapability]
[STDOUT  ] 2017-06-07T09:08:12.202122113Z: [    1.226862] PCI host bridge to bus 0000:00
[STDOUT  ] 2017-06-07T09:08:12.202126951Z: [    1.227621] pci_bus 0000:00: root bus resource [io  0x0000-0x0cf7 window]
[STDOUT  ] 2017-06-07T09:08:12.202129518Z: [    1.228306] pci_bus 0000:00: root bus resource [io  0x0d00-0xffff window]
[STDOUT  ] 2017-06-07T09:08:12.202136579Z: [    1.228946] pci_bus 0000:00: root bus resource [mem 0x000a0000-0x000bffff window]
[STDOUT  ] 2017-06-07T09:08:12.202139001Z: [    1.229668] pci_bus 0000:00: root bus resource [mem 0xc0000000-0xfebfffff window]
[STDOUT  ] 2017-06-07T09:08:12.202146537Z: [    1.230349] pci_bus 0000:00: root bus resource [bus 00-ff]
[STDOUT  ] 2017-06-07T09:08:12.202151432Z: [    1.373167] pci 0000:00:1f.0: quirk: [io  0x0600-0x067f] claimed by ICH6 ACPI/GPIO/TCO
[STDOUT  ] 2017-06-07T09:08:12.202154007Z: [    1.453645] ACPI: PCI Interrupt Link [LNKA] (IRQs 5 *10 11)
[STDOUT  ] 2017-06-07T09:08:12.202164425Z: [    1.457200] ACPI: PCI Interrupt Link [LNKB] (IRQs 5 *10 11)
[STDOUT  ] 2017-06-07T09:08:12.202166967Z: [    1.460844] ACPI: PCI Interrupt Link [LNKC] (IRQs 5 10 *11)
[STDOUT  ] 2017-06-07T09:08:12.202176228Z: [    1.463982] ACPI: PCI Interrupt Link [LNKD] (IRQs 5 10 *11)
[STDOUT  ] 2017-06-07T09:08:12.202184702Z: [    1.466869] ACPI: PCI Interrupt Link [LNKE] (IRQs 5 *10 11)
[STDOUT  ] 2017-06-07T09:08:12.202195748Z: [    1.469816] ACPI: PCI Interrupt Link [LNKF] (IRQs 5 *10 11)
[STDOUT  ] 2017-06-07T09:08:12.202200595Z: [    1.472966] ACPI: PCI Interrupt Link [LNKG] (IRQs 5 10 *11)
[STDOUT  ] 2017-06-07T09:08:12.202205433Z: [    1.475833] ACPI: PCI Interrupt Link [LNKH] (IRQs 5 10 *11)
[STDOUT  ] 2017-06-07T09:08:12.202208059Z: [    1.477472] ACPI: PCI Interrupt Link [GSIA] (IRQs *16)
[STDOUT  ] 2017-06-07T09:08:12.202215823Z: [    1.478867] ACPI: PCI Interrupt Link [GSIB] (IRQs *17)
[STDOUT  ] 2017-06-07T09:08:12.202218329Z: [    1.480352] ACPI: PCI Interrupt Link [GSIC] (IRQs *18)
[STDOUT  ] 2017-06-07T09:08:12.202226686Z: [    1.481549] ACPI: PCI Interrupt Link [GSID] (IRQs *19)
[STDOUT  ] 2017-06-07T09:08:12.202229566Z: [    1.482719] ACPI: PCI Interrupt Link [GSIE] (IRQs *20)
[STDOUT  ] 2017-06-07T09:08:12.202234454Z: [    1.483766] ACPI: PCI Interrupt Link [GSIF] (IRQs *21)
[STDOUT  ] 2017-06-07T09:08:12.202241726Z: [    1.484696] ACPI: PCI Interrupt Link [GSIG] (IRQs *22)
[STDOUT  ] 2017-06-07T09:08:12.202246763Z: [    1.485573] ACPI: PCI Interrupt Link [GSIH] (IRQs *23)
[STDOUT  ] 2017-06-07T09:08:12.202249713Z: [    1.489714] ACPI: Enabled 2 GPEs in block 00 to 3F
[STDOUT  ] 2017-06-07T09:08:12.202256834Z: [    1.494057] SCSI subsystem initialized
[STDOUT  ] 2017-06-07T09:08:12.202261868Z: [    1.496925] pps_core: LinuxPPS API ver. 1 registered
[STDOUT  ] 2017-06-07T09:08:12.202264371Z: [    1.497485] pps_core: Software ver. 5.3.6 - Copyright 2005-2007 Rodolfo Giometti <giometti@linux.it>
[STDOUT  ] 2017-06-07T09:08:12.202275606Z: [    1.498648] PTP clock support registered
[STDOUT  ] 2017-06-07T09:08:12.202278457Z: [    1.500910] wmi: Mapper loaded
[STDOUT  ] 2017-06-07T09:08:12.202285805Z: [    1.502309] PCI: Using ACPI for IRQ routing
[STDOUT  ] 2017-06-07T09:08:12.202288508Z: [    1.523487] NetLabel: Initializing
[STDOUT  ] 2017-06-07T09:08:12.202296042Z: [    1.523991] NetLabel:  domain hash size = 128
[STDOUT  ] 2017-06-07T09:08:12.202301225Z: [    1.524411] NetLabel:  protocols = UNLABELED CIPSOv4
[STDOUT  ] 2017-06-07T09:08:12.202306181Z: [    1.526709] NetLabel:  unlabeled traffic allowed by default
[STDOUT  ] 2017-06-07T09:08:12.20231104Z: [    1.528200] HPET: 3 timers in total, 0 timers will be used for per-cpu timer
[STDOUT  ] 2017-06-07T09:08:12.202318042Z: [    1.529281] hpet0: at MMIO 0xfed00000, IRQs 2, 8, 0
[STDOUT  ] 2017-06-07T09:08:12.202323282Z: [    1.530148] hpet0: 3 comparators, 64-bit 100.000000 MHz counter
[STDOUT  ] 2017-06-07T09:08:12.202330904Z: [    1.535794] clocksource: Switched to clocksource hpet
[STDOUT  ] 2017-06-07T09:08:12.202335902Z: [    1.825174] VFS: Disk quotas dquot_6.6.0
[STDOUT  ] 2017-06-07T09:08:12.202343103Z: [    1.826307] VFS: Dquot-cache hash table entries: 512 (order 0, 4096 bytes)
[STDOUT  ] 2017-06-07T09:08:12.202348063Z: [    1.829465] FS-Cache: Loaded
[STDOUT  ] 2017-06-07T09:08:12.202350821Z: [    1.835336] CacheFiles: Loaded
[STDOUT  ] 2017-06-07T09:08:12.202358077Z: [    1.837352] pnp: PnP ACPI init
[STDOUT  ] 2017-06-07T09:08:12.202363276Z: [    1.849299] pnp: PnP ACPI: found 5 devices
[STDOUT  ] 2017-06-07T09:08:12.202368176Z: [    1.896111] clocksource: acpi_pm: mask: 0xffffff max_cycles: 0xffffff, max_idle_ns: 2085701024 ns
[STDOUT  ] 2017-06-07T09:08:12.202370793Z: [    1.899659] NET: Registered protocol family 2
[STDOUT  ] 2017-06-07T09:08:12.202378074Z: [    1.907604] TCP established hash table entries: 8192 (order: 4, 65536 bytes)
[STDOUT  ] 2017-06-07T09:08:12.202382834Z: [    1.908852] TCP bind hash table entries: 8192 (order: 5, 131072 bytes)
[STDOUT  ] 2017-06-07T09:08:12.202387663Z: [    1.910685] TCP: Hash tables configured (established 8192 bind 8192)
[STDOUT  ] 2017-06-07T09:08:12.202395804Z: [    1.912551] UDP hash table entries: 512 (order: 2, 16384 bytes)
[STDOUT  ] 2017-06-07T09:08:12.202400844Z: [    1.913402] UDP-Lite hash table entries: 512 (order: 2, 16384 bytes)
[STDOUT  ] 2017-06-07T09:08:12.202405751Z: [    1.916060] NET: Registered protocol family 1
[STDOUT  ] 2017-06-07T09:08:12.202410768Z: [    1.919849] RPC: Registered named UNIX socket transport module.
[STDOUT  ] 2017-06-07T09:08:12.202415846Z: [    1.920960] RPC: Registered udp transport module.
[STDOUT  ] 2017-06-07T09:08:12.202418594Z: [    1.921423] RPC: Registered tcp transport module.
[STDOUT  ] 2017-06-07T09:08:12.202429711Z: [    1.921870] RPC: Registered tcp NFSv4.1 backchannel transport module.
[STDOUT  ] 2017-06-07T09:08:12.202437032Z: [    1.922996] pci 0000:00:01.0: Video device with shadowed ROM at [mem 0x000c0000-0x000dffff]
[STDOUT  ] 2017-06-07T09:08:12.202439648Z: [    1.933259] Unpacking initramfs...
[STDOUT  ] 2017-06-07T09:08:12.202444464Z: [    6.123469] Freeing initrd memory: 35016K (ffff9901fdd9e000 - ffff9901fffd0000)
[STDOUT  ] 2017-06-07T09:08:12.202454096Z: [    6.147077] PCLMULQDQ-NI instructions are not detected.
[STDOUT  ] 2017-06-07T09:08:12.202459406Z: [    6.148834] AVX or AES-NI instructions are not detected.
[STDOUT  ] 2017-06-07T09:08:12.202464366Z: [    6.149718] CPU feature 'AVX registers' is not supported.
[STDOUT  ] 2017-06-07T09:08:12.202469377Z: [    6.150771] CPU feature 'AVX registers' is not supported.
[STDOUT  ] 2017-06-07T09:08:12.202480792Z: [    6.151449] CPU feature 'AVX registers' is not supported.
[STDOUT  ] 2017-06-07T09:08:12.202485852Z: [    6.152126] CPU feature 'AVX registers' is not supported.
[STDOUT  ] 2017-06-07T09:08:12.202489599Z: [    6.152765] AVX2 or AES-NI instructions are not detected.
[STDOUT  ] 2017-06-07T09:08:12.202494703Z: [    6.153437] AVX2 instructions are not detected.
[STDOUT  ] 2017-06-07T09:08:12.202501971Z: [    6.164597] audit: initializing netlink subsys (disabled)
[STDOUT  ] 2017-06-07T09:08:12.202510637Z: [    6.166599] audit: type=2000 audit(1496826468.160:1): initialized
[STDOUT  ] 2017-06-07T09:08:12.20251335Z: [    6.175524] workingset: timestamp_bits=46 max_order=18 bucket_order=0
[STDOUT  ] 2017-06-07T09:08:12.202518221Z: [    6.181821] FS-Cache: Netfs 'nfs' registered for caching
[STDOUT  ] 2017-06-07T09:08:12.202525401Z: [    6.184411] NFS: Registering the id_resolver key type
[STDOUT  ] 2017-06-07T09:08:12.202527898Z: [    6.186138] Key type id_resolver registered
[STDOUT  ] 2017-06-07T09:08:12.202535044Z: [    6.186718] Key type id_legacy registered
[STDOUT  ] 2017-06-07T09:08:12.202539861Z: [    6.187497] nfs4filelayout_init: NFSv4 File Layout Driver Registering...
[STDOUT  ] 2017-06-07T09:08:12.202548928Z: [    6.188654] Installing knfsd (copyright (C) 1996 okir@monad.swb.de).
[STDOUT  ] 2017-06-07T09:08:12.202553935Z: [    6.193219] FS-Cache: Netfs 'cifs' registered for caching
[STDOUT  ] 2017-06-07T09:08:12.202556408Z: [    6.194610] ntfs: driver 2.1.32 [Flags: R/O].
[STDOUT  ] 2017-06-07T09:08:12.202563727Z: [    6.195475] fuse init (API version 7.26)
[STDOUT  ] 2017-06-07T09:08:12.202568629Z: [    6.198006] SGI XFS with ACLs, security attributes, no debug enabled
[STDOUT  ] 2017-06-07T09:08:12.202573569Z: [    6.202718] 9p: Installing v9fs 9p2000 file system support
[STDOUT  ] 2017-06-07T09:08:12.202576087Z: [    6.203654] FS-Cache: Netfs '9p' registered for caching
[STDOUT  ] 2017-06-07T09:08:12.202580772Z: [    6.235145] NET: Registered protocol family 38
[STDOUT  ] 2017-06-07T09:08:12.202587943Z: [    6.236200] Key type asymmetric registered
[STDOUT  ] 2017-06-07T09:08:12.202592749Z: [    6.236742] Asymmetric key parser 'x509' registered
[STDOUT  ] 2017-06-07T09:08:12.202602805Z: [    6.237906] Block layer SCSI generic (bsg) driver version 0.4 loaded (major 251)
[STDOUT  ] 2017-06-07T09:08:12.20260761Z: [    6.239714] io scheduler noop registered
[STDOUT  ] 2017-06-07T09:08:12.20261244Z: [    6.240758] io scheduler deadline registered (default)
[STDOUT  ] 2017-06-07T09:08:12.202617267Z: [    6.242383] io scheduler cfq registered
[STDOUT  ] 2017-06-07T09:08:12.202625666Z: [    6.245264] pci_hotplug: PCI Hot Plug PCI Core version: 0.5
[STDOUT  ] 2017-06-07T09:08:12.202630704Z: [    6.246228] pciehp: PCI Express Hot Plug Controller Driver version: 0.4
[STDOUT  ] 2017-06-07T09:08:12.202635575Z: [    6.247496] shpchp: Standard Hot Plug PCI Controller Driver version: 0.4
[STDOUT  ] 2017-06-07T09:08:12.202640377Z: [    6.248706] hv_vmbus: registering driver hyperv_fb
[STDOUT  ] 2017-06-07T09:08:12.202645268Z: [    6.252985] input: Power Button as /devices/LNXSYSTM:00/LNXPWRBN:00/input/input0
[STDOUT  ] 2017-06-07T09:08:12.202650223Z: [    6.255087] ACPI: Power Button [PWRF]
[STDOUT  ] 2017-06-07T09:08:12.202655195Z: [    6.260858] GHES: HEST is not enabled!
[STDOUT  ] 2017-06-07T09:08:12.202660143Z: [    6.273357] ACPI: PCI Interrupt Link [GSIH] enabled at IRQ 23
[STDOUT  ] 2017-06-07T09:08:12.202662866Z: [    6.281350] xenfs: not registering filesystem on non-xen platform
[STDOUT  ] 2017-06-07T09:08:12.202670116Z: [    6.284150] Serial: 8250/16550 driver, 4 ports, IRQ sharing disabled
[STDOUT  ] 2017-06-07T09:08:12.202675049Z: [    6.310873] 00:04: ttyS0 at I/O 0x3f8 (irq = 4, base_baud = 115200) is a 16550A
[STDOUT  ] 2017-06-07T09:08:12.20268001Z: [    6.318810] Initializing Nozomi driver 2.1d
[STDOUT  ] 2017-06-07T09:08:12.202684904Z: [    6.324252] Non-volatile memory driver v1.3
[STDOUT  ] 2017-06-07T09:08:12.202689786Z: [    6.331569] Hangcheck: starting hangcheck timer 0.9.1 (tick is 180 seconds, margin is 60 seconds).
[STDOUT  ] 2017-06-07T09:08:12.202698466Z: [    6.372123] loop: module loaded
[STDOUT  ] 2017-06-07T09:08:12.202703469Z: [    6.386394] nbd: registered device at major 43
[STDOUT  ] 2017-06-07T09:08:12.20270824Z: [    6.427382] lpc_ich 0000:00:1f.0: I/O space for GPIO uninitialized
[STDOUT  ] 2017-06-07T09:08:12.202710897Z: [    6.429627] VMware PVSCSI driver - version 1.0.7.0-k
[STDOUT  ] 2017-06-07T09:08:12.202721244Z: [    6.430948] hv_vmbus: registering driver hv_storvsc
[STDOUT  ] 2017-06-07T09:08:12.20272611Z: [    6.442011] ACPI: PCI Interrupt Link [GSIA] enabled at IRQ 16
[STDOUT  ] 2017-06-07T09:08:12.202731033Z: [    6.448983] ahci 0000:00:1f.2: AHCI 0001.0000 32 slots 6 ports 1.5 Gbps 0x3f impl SATA mode
[STDOUT  ] 2017-06-07T09:08:12.202735864Z: [    6.450582] ahci 0000:00:1f.2: flags: 64bit ncq only 
[STDOUT  ] 2017-06-07T09:08:12.202740808Z: [    6.470753] scsi host0: ahci
[STDOUT  ] 2017-06-07T09:08:12.202743461Z: [    6.474957] scsi host1: ahci
[STDOUT  ] 2017-06-07T09:08:12.202750576Z: [    6.477575] scsi host2: ahci
[STDOUT  ] 2017-06-07T09:08:12.202752983Z: [    6.479982] scsi host3: ahci
[STDOUT  ] 2017-06-07T09:08:12.202764407Z: [    6.482633] scsi host4: ahci
[STDOUT  ] 2017-06-07T09:08:12.202766939Z: [    6.485097] scsi host5: ahci
[STDOUT  ] 2017-06-07T09:08:12.202774192Z: [    6.487144] ata1: SATA max UDMA/133 abar m4096@0xfebf1000 port 0xfebf1100 irq 24
[STDOUT  ] 2017-06-07T09:08:12.202776696Z: [    6.488121] ata2: SATA max UDMA/133 abar m4096@0xfebf1000 port 0xfebf1180 irq 24
[STDOUT  ] 2017-06-07T09:08:12.202784125Z: [    6.489036] ata3: SATA max UDMA/133 abar m4096@0xfebf1000 port 0xfebf1200 irq 24
[STDOUT  ] 2017-06-07T09:08:12.202786677Z: [    6.489849] ata4: SATA max UDMA/133 abar m4096@0xfebf1000 port 0xfebf1280 irq 24
[STDOUT  ] 2017-06-07T09:08:12.202793873Z: [    6.491034] ata5: SATA max UDMA/133 abar m4096@0xfebf1000 port 0xfebf1300 irq 24
[STDOUT  ] 2017-06-07T09:08:12.202798717Z: [    6.491866] ata6: SATA max UDMA/133 abar m4096@0xfebf1000 port 0xfebf1380 irq 24
[STDOUT  ] 2017-06-07T09:08:12.202801184Z: [    6.502746] Ethernet Channel Bonding Driver: v3.7.1 (April 27, 2011)
[STDOUT  ] 2017-06-07T09:08:12.202816733Z: [    6.521113] tun: Universal TUN/TAP device driver, 1.6
[STDOUT  ] 2017-06-07T09:08:12.202821656Z: [    6.521858] tun: (C) 1999-2004 Max Krasnyansky <maxk@qualcomm.com>
[STDOUT  ] 2017-06-07T09:08:12.202826548Z: [    6.524223] ena: Elastic Network Adapter (ENA) v1.0.2
[STDOUT  ] 2017-06-07T09:08:12.202829193Z: [    6.526065] e1000: Intel(R) PRO/1000 Network Driver - version 7.3.21-k8-NAPI
[STDOUT  ] 2017-06-07T09:08:12.202841374Z: [    6.526909] e1000: Copyright (c) 1999-2006 Intel Corporation.
[STDOUT  ] 2017-06-07T09:08:12.202848918Z: [    6.535801] ACPI: PCI Interrupt Link [GSIG] enabled at IRQ 22
[STDOUT  ] 2017-06-07T09:08:12.202851477Z: [    6.824537] ata4: SATA link down (SStatus 0 SControl 300)
[STDOUT  ] 2017-06-07T09:08:12.202857646Z: [    6.827158] ata3: SATA link up 1.5 Gbps (SStatus 113 SControl 300)
[STDOUT  ] 2017-06-07T09:08:12.202865752Z: [    6.831222] ata3.00: ATAPI: QEMU DVD-ROM, 2.5+, max UDMA/100
[STDOUT  ] 2017-06-07T09:08:12.202870947Z: [    6.832143] ata3.00: applying bridge limits
[STDOUT  ] 2017-06-07T09:08:12.202874016Z: [    6.833594] ata2: SATA link down (SStatus 0 SControl 300)
[STDOUT  ] 2017-06-07T09:08:12.202879194Z: [    6.834640] ata1: SATA link down (SStatus 0 SControl 300)
[STDOUT  ] 2017-06-07T09:08:12.202890879Z: [    6.835271] ata5: SATA link down (SStatus 0 SControl 300)
[STDOUT  ] 2017-06-07T09:08:12.20289608Z: [    6.836303] ata6: SATA link down (SStatus 0 SControl 300)
[STDOUT  ] 2017-06-07T09:08:12.202901191Z: [    6.841358] ata3.00: configured for UDMA/100
[STDOUT  ] 2017-06-07T09:08:12.202903807Z: [    6.862898] scsi 2:0:0:0: CD-ROM            QEMU     QEMU DVD-ROM     2.5+ PQ: 0 ANSI: 5
[STDOUT  ] 2017-06-07T09:08:12.202911131Z: [    6.883416] sr 2:0:0:0: [sr0] scsi3-mmc drive: 4x/4x cd/rw xa/form2 tray
[STDOUT  ] 2017-06-07T09:08:12.202916168Z: [    6.884551] cdrom: Uniform CD-ROM driver Revision: 3.20
[STDOUT  ] 2017-06-07T09:08:12.202918798Z: [    6.891842] sr 2:0:0:0: Attached scsi generic sg0 type 5
[STDOUT  ] 2017-06-07T09:08:12.202926095Z: [    6.934356] e1000 0000:00:02.0 eth0: (PCI:33MHz:32-bit) 52:54:00:12:34:56
[STDOUT  ] 2017-06-07T09:08:12.202928725Z: [    6.935409] e1000 0000:00:02.0 eth0: Intel(R) PRO/1000 Network Connection
[STDOUT  ] 2017-06-07T09:08:12.202935919Z: [    6.936726] e1000e: Intel(R) PRO/1000 Network Driver - 3.2.6-k
[STDOUT  ] 2017-06-07T09:08:12.202945013Z: [    6.937346] e1000e: Copyright(c) 1999 - 2015 Intel Corporation.
[STDOUT  ] 2017-06-07T09:08:12.202952545Z: [    6.938423] igb: Intel(R) Gigabit Ethernet Network Driver - version 5.4.0-k
[STDOUT  ] 2017-06-07T09:08:12.202957673Z: [    6.939097] igb: Copyright (c) 2007-2014 Intel Corporation.
[STDOUT  ] 2017-06-07T09:08:12.202962664Z: [    6.940350] igbvf: Intel(R) Gigabit Virtual Function Network Driver - version 2.4.0-k
[STDOUT  ] 2017-06-07T09:08:12.202967553Z: [    6.941109] igbvf: Copyright (c) 2009 - 2012 Intel Corporation.
[STDOUT  ] 2017-06-07T09:08:12.202972485Z: [    6.942089] ixgbe: Intel(R) 10 Gigabit PCI Express Network Driver - version 4.4.0-k
[STDOUT  ] 2017-06-07T09:08:12.202977609Z: [    6.942836] ixgbe: Copyright (c) 1999-2016 Intel Corporation.
[STDOUT  ] 2017-06-07T09:08:12.202983283Z: [    6.944722] ixgbevf: Intel(R) 10 Gigabit PCI Express Virtual Function Network Driver - version 3.2.2-k
[STDOUT  ] 2017-06-07T09:08:12.202988997Z: [    6.945654] ixgbevf: Copyright (c) 2009 - 2015 Intel Corporation.
[STDOUT  ] 2017-06-07T09:08:12.202991584Z: [    6.947350] ixgb: Intel(R) PRO/10GbE Network Driver - version 1.0.135-k2-NAPI
[STDOUT  ] 2017-06-07T09:08:12.202998855Z: [    6.948107] ixgb: Copyright (c) 1999-2008 Intel Corporation.
[STDOUT  ] 2017-06-07T09:08:12.203001471Z: [    6.949364] PPP generic driver version 2.4.2
[STDOUT  ] 2017-06-07T09:08:12.203012129Z: [    6.951307] PPP BSD Compression module registered
[STDOUT  ] 2017-06-07T09:08:12.203017184Z: [    6.951857] PPP Deflate Compression module registered
[STDOUT  ] 2017-06-07T09:08:12.203019731Z: [    6.952677] PPP MPPE Compression module registered
[STDOUT  ] 2017-06-07T09:08:12.203024515Z: [    6.953188] NET: Registered protocol family 24
[STDOUT  ] 2017-06-07T09:08:12.203032601Z: [    6.954058] PPTP driver version 0.8.5
[STDOUT  ] 2017-06-07T09:08:12.203035136Z: [    6.955227] VMware vmxnet3 virtual NIC driver - version 1.4.a.0-k-NAPI
[STDOUT  ] 2017-06-07T09:08:12.203039823Z: [    6.956408] hv_vmbus: registering driver hv_netvsc
[STDOUT  ] 2017-06-07T09:08:12.203050047Z: [    6.956932] Fusion MPT base driver 3.04.20
[STDOUT  ] 2017-06-07T09:08:12.203059532Z: [    6.957328] Copyright (c) 1999-2008 LSI Corporation
[STDOUT  ] 2017-06-07T09:08:12.203064484Z: [    6.958098] Fusion MPT SPI Host driver 3.04.20
[STDOUT  ] 2017-06-07T09:08:12.203067102Z: [    6.964250] aoe: AoE v85 initialised.
[STDOUT  ] 2017-06-07T09:08:12.203074271Z: [    6.967134] i8042: PNP: PS/2 Controller [PNP0303:KBD,PNP0f13:MOU] at 0x60,0x64 irq 1,12
[STDOUT  ] 2017-06-07T09:08:12.203076807Z: [    6.972009] serio: i8042 KBD port at 0x60,0x64 irq 1
[STDOUT  ] 2017-06-07T09:08:12.203084629Z: [    6.972941] serio: i8042 AUX port at 0x60,0x64 irq 12
[STDOUT  ] 2017-06-07T09:08:12.203089675Z: [    6.976139] hv_vmbus: registering driver hyperv_keyboard
[STDOUT  ] 2017-06-07T09:08:12.20309223Z: [    6.978560] mousedev: PS/2 mouse device common for all mice
[STDOUT  ] 2017-06-07T09:08:12.203102574Z: [    6.984016] input: AT Translated Set 2 keyboard as /devices/platform/i8042/serio0/input/input1
[STDOUT  ] 2017-06-07T09:08:12.203107501Z: [    6.987211] input: PC Speaker as /devices/platform/pcspkr/input/input2
[STDOUT  ] 2017-06-07T09:08:12.20310996Z: [    6.991354] rtc_cmos 00:00: RTC can wake from S4
[STDOUT  ] 2017-06-07T09:08:12.203117444Z: [    6.994877] rtc_cmos 00:00: rtc core: registered rtc_cmos as rtc0
[STDOUT  ] 2017-06-07T09:08:12.203120062Z: [    6.996425] rtc_cmos 00:00: alarms up to one day, y3k, 114 bytes nvram, hpet irqs
[STDOUT  ] 2017-06-07T09:08:12.203127367Z: [    6.997454] i2c /dev entries driver
[STDOUT  ] 2017-06-07T09:08:12.203132673Z: [    6.999504] device-mapper: ioctl: 4.35.0-ioctl (2016-06-23) initialised: dm-devel@redhat.com
[STDOUT  ] 2017-06-07T09:08:12.203135168Z: [    7.004770] hv_utils: Registering HyperV Utility Driver
[STDOUT  ] 2017-06-07T09:08:12.203142459Z: [    7.005342] hv_vmbus: registering driver hv_util
[STDOUT  ] 2017-06-07T09:08:12.203145026Z: [    7.005795] hv_vmbus: registering driver hv_balloon
[STDOUT  ] 2017-06-07T09:08:12.203153446Z: [    7.006627] oprofile: using NMI interrupt.
[STDOUT  ] 2017-06-07T09:08:12.203160928Z: [    7.007984] GACT probability on
[STDOUT  ] 2017-06-07T09:08:12.203165857Z: [    7.008664] Mirror/redirect action on
[STDOUT  ] 2017-06-07T09:08:12.203172516Z: [    7.009714] Simple TC action Loaded
[STDOUT  ] 2017-06-07T09:08:12.20317738Z: [    7.013707] netem: version 1.3
[STDOUT  ] 2017-06-07T09:08:12.203186274Z: [    7.014099] u32 classifier
[STDOUT  ] 2017-06-07T09:08:12.203188887Z: [    7.014384]     Performance counters on
[STDOUT  ] 2017-06-07T09:08:12.203193662Z: [    7.014740]     input device check on
[STDOUT  ] 2017-06-07T09:08:12.203200872Z: [    7.015094]     Actions configured
[STDOUT  ] 2017-06-07T09:08:12.203205584Z: [    7.015861] Netfilter messages via NETLINK v0.30.
[STDOUT  ] 2017-06-07T09:08:12.203210374Z: [    7.016710] nfnl_acct: registering with nfnetlink.
[STDOUT  ] 2017-06-07T09:08:12.203215151Z: [    7.018237] nf_conntrack version 0.5.0 (8192 buckets, 32768 max)
[STDOUT  ] 2017-06-07T09:08:12.203217758Z: [    7.021996] ctnetlink v0.93: registering with nfnetlink.
[STDOUT  ] 2017-06-07T09:08:12.203223575Z: [    7.025657] nf_tables: (c) 2007-2009 Patrick McHardy <kaber@trash.net>
[STDOUT  ] 2017-06-07T09:08:12.203230914Z: [    7.026895] nf_tables_compat: (c) 2012 Pablo Neira Ayuso <pablo@netfilter.org>
[STDOUT  ] 2017-06-07T09:08:12.203235772Z: [    7.029681] xt_time: kernel timezone is -0000
[STDOUT  ] 2017-06-07T09:08:12.203240491Z: [    7.030956] ip_set: protocol 6
[STDOUT  ] 2017-06-07T09:08:12.203245436Z: [    7.031799] IPVS: Registered protocols (TCP, UDP, SCTP, AH, ESP)
[STDOUT  ] 2017-06-07T09:08:12.203250398Z: [    7.032753] IPVS: Connection hash table configured (size=4096, memory=64Kbytes)
[STDOUT  ] 2017-06-07T09:08:12.203255594Z: [    7.034766] IPVS: Creating netns size=2104 id=0
[STDOUT  ] 2017-06-07T09:08:12.203260551Z: [    7.037567] IPVS: ipvs loaded.
[STDOUT  ] 2017-06-07T09:08:12.203265452Z: [    7.038113] IPVS: [rr] scheduler registered.
[STDOUT  ] 2017-06-07T09:08:12.203274296Z: [    7.038568] IPVS: [wrr] scheduler registered.
[STDOUT  ] 2017-06-07T09:08:12.203282607Z: [    7.038997] IPVS: [lc] scheduler registered.
[STDOUT  ] 2017-06-07T09:08:12.203287766Z: [    7.039410] IPVS: [wlc] scheduler registered.
[STDOUT  ] 2017-06-07T09:08:12.203290299Z: [    7.039831] IPVS: [fo] scheduler registered.
[STDOUT  ] 2017-06-07T09:08:12.203297988Z: [    7.040904] IPVS: [ovf] scheduler registered.
[STDOUT  ] 2017-06-07T09:08:12.203300423Z: [    7.041569] IPVS: [lblc] scheduler registered.
[STDOUT  ] 2017-06-07T09:08:12.203307845Z: [    7.042116] IPVS: [lblcr] scheduler registered.
[STDOUT  ] 2017-06-07T09:08:12.203312669Z: [    7.042628] IPVS: [dh] scheduler registered.
[STDOUT  ] 2017-06-07T09:08:12.203317573Z: [    7.043038] IPVS: [sh] scheduler registered.
[STDOUT  ] 2017-06-07T09:08:12.203322435Z: [    7.043459] IPVS: [sed] scheduler registered.
[STDOUT  ] 2017-06-07T09:08:12.203324954Z: [    7.043872] IPVS: [nq] scheduler registered.
[STDOUT  ] 2017-06-07T09:08:12.203336656Z: [    7.044753] IPVS: ftp: loaded support on port[0] = 21
[STDOUT  ] 2017-06-07T09:08:12.20334621Z: [    7.045785] ipip: IPv4 and MPLS over IPv4 tunneling driver
[STDOUT  ] 2017-06-07T09:08:12.203349837Z: [    7.050680] gre: GRE over IPv4 demultiplexor driver
[STDOUT  ] 2017-06-07T09:08:12.203360942Z: [    7.051235] ip_gre: GRE over IPv4 tunneling driver
[STDOUT  ] 2017-06-07T09:08:12.20336479Z: [    7.057228] IPv4 over IPsec tunneling driver
[STDOUT  ] 2017-06-07T09:08:12.20337666Z: [    7.063586] ip_tables: (C) 2000-2006 Netfilter Core Team
[STDOUT  ] 2017-06-07T09:08:12.203383321Z: [    7.067178] ipt_CLUSTERIP: ClusterIP Version 0.8 loaded successfully
[STDOUT  ] 2017-06-07T09:08:12.203388306Z: [    7.068261] arp_tables: arp_tables: (C) 2002 David S. Miller
[STDOUT  ] 2017-06-07T09:08:12.20339308Z: [    7.070927] Initializing XFRM netlink socket
[STDOUT  ] 2017-06-07T09:08:12.203398014Z: [    7.072300] NET: Registered protocol family 10
[STDOUT  ] 2017-06-07T09:08:12.203405859Z: [    7.084678] mip6: Mobile IPv6
[STDOUT  ] 2017-06-07T09:08:12.203411142Z: [    7.085973] ip6_tables: (C) 2000-2006 Netfilter Core Team
[STDOUT  ] 2017-06-07T09:08:12.203416163Z: [    7.096338] sit: IPv6, IPv4 and MPLS over IPv4 tunneling driver
[STDOUT  ] 2017-06-07T09:08:12.203419266Z: [    7.104698] ip6_gre: GRE over IPv6 tunneling driver
[STDOUT  ] 2017-06-07T09:08:12.203424256Z: [    7.108857] NET: Registered protocol family 17
[STDOUT  ] 2017-06-07T09:08:12.20343173Z: [    7.109837] NET: Registered protocol family 15
[STDOUT  ] 2017-06-07T09:08:12.203434776Z: [    7.111523] Bridge firewalling registered
[STDOUT  ] 2017-06-07T09:08:12.203442097Z: [    7.112290] Ebtables v2.0 registered
[STDOUT  ] 2017-06-07T09:08:12.203444674Z: [    7.115669] l2tp_core: L2TP core driver, V2.0
[STDOUT  ] 2017-06-07T09:08:12.203452237Z: [    7.116409] l2tp_ppp: PPPoL2TP kernel driver, V2.0
[STDOUT  ] 2017-06-07T09:08:12.203454896Z: [    7.116909] 8021q: 802.1Q VLAN Support v1.8
[STDOUT  ] 2017-06-07T09:08:12.20345971Z: [    7.118564] 9pnet: Installing 9P2000 support
[STDOUT  ] 2017-06-07T09:08:12.203471401Z: [    7.119615] Key type dns_resolver registered
[STDOUT  ] 2017-06-07T09:08:12.203481912Z: [    7.120628] openvswitch: Open vSwitch switching datapath
[STDOUT  ] 2017-06-07T09:08:12.203486867Z: [    7.123924] mpls_gso: MPLS GSO support
[STDOUT  ] 2017-06-07T09:08:12.203491928Z: [    7.124754] microcode: AMD CPU family 0x6 not supported
[STDOUT  ] 2017-06-07T09:08:12.203496844Z: [    7.128559] registered taskstats version 1
[STDOUT  ] 2017-06-07T09:08:12.20350165Z: [    7.200755] tsc: Refined TSC clocksource calibration: 2599.925 MHz
[STDOUT  ] 2017-06-07T09:08:12.203507909Z: [    7.201754] clocksource: tsc: mask: 0xffffffffffffffff max_cycles: 0x2579f537354, max_idle_ns: 440795315525 ns
[STDOUT  ] 2017-06-07T09:08:12.203513364Z: [    7.322265] Key type big_key registered
[STDOUT  ] 2017-06-07T09:08:12.203518145Z: [    7.366846] Key type encrypted registered
[STDOUT  ] 2017-06-07T09:08:12.203523138Z: [    7.372212] rtc_cmos 00:00: setting system clock to 2017-06-07 09:07:50 UTC (1496826470)
[STDOUT  ] 2017-06-07T09:08:12.203532207Z: [    7.521413] Freeing unused kernel memory: 1456K (ffffffff83f90000 - ffffffff840fc000)
[STDOUT  ] 2017-06-07T09:08:12.203534924Z: [    7.522548] Write protecting the kernel read-only data: 14336k
[STDOUT  ] 2017-06-07T09:08:12.203539901Z: [    7.533341] Freeing unused kernel memory: 816K (ffff9901ed934000 - ffff9901eda00000)
[STDOUT  ] 2017-06-07T09:08:12.20355188Z: [    7.600614] Freeing unused kernel memory: 1012K (ffff9901edd03000 - ffff9901ede00000)
[STDOUT  ] 2017-06-07T09:08:12.203557063Z: [    8.221117] clocksource: Switched to clocksource tsc
[STDOUT  ] 2017-06-07T09:08:12.203562428Z: 
[STDOUT  ] 2017-06-07T09:08:12.203567648Z: Welcome to LinuxKit
[STDOUT  ] 2017-06-07T09:08:12.203572455Z: 
[STDOUT  ] 2017-06-07T09:08:12.203577421Z:                         ##         .
[STDOUT  ] 2017-06-07T09:08:12.203582221Z:                   ## ## ##        ==
[STDOUT  ] 2017-06-07T09:08:12.203584724Z:                ## ## ## ## ##    ===
[STDOUT  ] 2017-06-07T09:08:12.203589382Z:            /"""""""""""""""""\___/ ===
[STDOUT  ] 2017-06-07T09:08:12.20359672Z:       ~~~ {~~ ~~~~ ~~~ ~~~~ ~~~ ~ /  ===- ~~~
[STDOUT  ] 2017-06-07T09:08:12.203599274Z:            \______ o           __/
[STDOUT  ] 2017-06-07T09:08:12.203604073Z:              \    \         __/
[STDOUT  ] 2017-06-07T09:08:12.203611501Z:               \____\_______/
[STDOUT  ] 2017-06-07T09:08:12.203616252Z: 
[STDOUT  ] 2017-06-07T09:08:12.203620992Z: 
[STDOUT  ] 2017-06-07T09:08:12.203625847Z: 
[STDOUT  ] 2017-06-07T09:08:12.203628424Z: Starting containerd
[STDOUT  ] 2017-06-07T09:08:12.203637747Z: / # [6n[34mINFO[0m[0000] starting containerd boot...                   [34mmodule[0m=containerd
[STDOUT  ] 2017-06-07T09:08:12.203645969Z: [34mINFO[0m[0000] starting debug API...                         [34mdebug[0m="/run/containerd/debug.sock" [34mmodule[0m=containerd
[STDOUT  ] 2017-06-07T09:08:12.203654394Z: [34mINFO[0m[0000] loading monitor plugin "cgroups"...           [34mmodule[0m=containerd
[STDOUT  ] 2017-06-07T09:08:12.203659285Z: [34mINFO[0m[0000] loading runtime plugin "linux"...             [34mmodule[0m=containerd
[STDOUT  ] 2017-06-07T09:08:12.203665231Z: [34mINFO[0m[0000] loading snapshot plugin "snapshot-overlay"...  [34mmodule[0m=containerd
[STDOUT  ] 2017-06-07T09:08:12.203670125Z: [34mINFO[0m[0000] loading differ plugin "diff-base"...          [34mmodule[0m=containerd
[STDOUT  ] 2017-06-07T09:08:12.203675184Z: [34mINFO[0m[0000] loading grpc service plugin "containers-grpc"...  [34mmodule[0m=containerd
[STDOUT  ] 2017-06-07T09:08:12.203680034Z: [34mINFO[0m[0000] loading grpc service plugin "diff-grpc"...    [34mmodule[0m=containerd
[STDOUT  ] 2017-06-07T09:08:12.203682605Z: [34mINFO[0m[0000] loading grpc service plugin "namespaces-grpc"...  [34mmodule[0m=containerd
[STDOUT  ] 2017-06-07T09:08:12.203687321Z: [34mINFO[0m[0000] loading grpc service plugin "version-grpc"...  [34mmodule[0m=containerd
[STDOUT  ] 2017-06-07T09:08:12.20369468Z: [34mINFO[0m[0000] loading grpc service plugin "content-grpc"...  [34mmodule[0m=containerd
[STDOUT  ] 2017-06-07T09:08:12.203697397Z: [34mINFO[0m[0000] loading grpc service plugin "tasks-grpc"...   [34mmodule[0m=containerd
[STDOUT  ] 2017-06-07T09:08:12.203702367Z: [34mINFO[0m[0000] loading grpc service plugin "images-grpc"...  [34mmodule[0m=containerd
[STDOUT  ] 2017-06-07T09:08:12.203712892Z: [34mINFO[0m[0000] loading grpc service plugin "metrics-grpc"...  [34mmodule[0m=containerd
[STDOUT  ] 2017-06-07T09:08:12.203717728Z: [   13.652508] random: fast init done
[STDOUT  ] 2017-06-07T09:08:12.203722588Z: [34mINFO[0m[0000] loading grpc service plugin "snapshots-grpc"...  [34mmodule[0m=containerd
[STDOUT  ] 2017-06-07T09:08:12.203727411Z: [34mINFO[0m[0000] loading grpc service plugin "healthcheck-grpc"...  [34mmodule[0m=containerd
[STDERR  ] 2017-06-07T09:08:12.203769132Z: + RESULT=[    0.000000] Linux version 4.9.30-linuxkit (root@84baa8e89c00) (gcc version 6.2.1 20160822 (Alpine 6.2.1) ) #1 SMP Tue May 30 11:40:28 UTC 2017
[STDERR  ] 2017-06-07T09:08:12.203775581Z: [    0.000000] Command line: console=ttyS0 page_poison=1
[STDERR  ] 2017-06-07T09:08:12.20378075Z: [    0.000000] x86/fpu: Legacy x87 FPU detected.
[STDERR  ] 2017-06-07T09:08:12.203783295Z: [    0.000000] x86/fpu: Using 'eager' FPU context switches.
[STDERR  ] 2017-06-07T09:08:12.203787964Z: [    0.000000] e820: BIOS-provided physical RAM map:
[STDERR  ] 2017-06-07T09:08:12.203795345Z: [    0.000000] BIOS-e820: [mem 0x0000000000000000-0x000000000009fbff] usable
[STDERR  ] 2017-06-07T09:08:12.203798124Z: [    0.000000] BIOS-e820: [mem 0x000000000009fc00-0x000000000009ffff] reserved
[STDERR  ] 2017-06-07T09:08:12.203813635Z: [    0.000000] BIOS-e820: [mem 0x00000000000f0000-0x00000000000fffff] reserved
[STDERR  ] 2017-06-07T09:08:12.203821126Z: [    0.000000] BIOS-e820: [mem 0x0000000000100000-0x000000003ffdefff] usable
[STDERR  ] 2017-06-07T09:08:12.203826179Z: [    0.000000] BIOS-e820: [mem 0x000000003ffdf000-0x000000003fffffff] reserved
[STDERR  ] 2017-06-07T09:08:12.203831204Z: [    0.000000] BIOS-e820: [mem 0x00000000b0000000-0x00000000bfffffff] reserved
[STDERR  ] 2017-06-07T09:08:12.20383615Z: [    0.000000] BIOS-e820: [mem 0x00000000fed1c000-0x00000000fed1ffff] reserved
[STDERR  ] 2017-06-07T09:08:12.203841156Z: [    0.000000] BIOS-e820: [mem 0x00000000fffc0000-0x00000000ffffffff] reserved
[STDERR  ] 2017-06-07T09:08:12.203846321Z: [    0.000000] NX (Execute Disable) protection: active
[STDERR  ] 2017-06-07T09:08:12.203848935Z: [    0.000000] SMBIOS 2.8 present.
[STDERR  ] 2017-06-07T09:08:12.203853821Z: [    0.000000] e820: last_pfn = 0x3ffdf max_arch_pfn = 0x400000000
[STDERR  ] 2017-06-07T09:08:12.203861062Z: [    0.000000] x86/PAT: Configuration [0-7]: WB  WC  UC- UC  WB  WC  UC- WT  
[STDERR  ] 2017-06-07T09:08:12.203865932Z: [    0.000000] found SMP MP-table at [mem 0x000f6aa0-0x000f6aaf] mapped at [ffff9901c00f6aa0]
[STDERR  ] 2017-06-07T09:08:12.203874637Z: [    0.000000] RAMDISK: [mem 0x3dd9e000-0x3ffcffff]
[STDERR  ] 2017-06-07T09:08:12.203879635Z: [    0.000000] ACPI: Early table checksum verification disabled
[STDERR  ] 2017-06-07T09:08:12.203882276Z: [    0.000000] ACPI: RSDP 0x00000000000F68C0 000014 (v00 BOCHS )
[STDERR  ] 2017-06-07T09:08:12.203887059Z: [    0.000000] ACPI: RSDT 0x000000003FFE2404 000034 (v01 BOCHS  BXPCRSDT 00000001 BXPC 00000001)
[STDERR  ] 2017-06-07T09:08:12.203894634Z: [    0.000000] ACPI: FACP 0x000000003FFE22A4 000074 (v01 BOCHS  BXPCFACP 00000001 BXPC 00000001)
[STDERR  ] 2017-06-07T09:08:12.203899516Z: [    0.000000] ACPI: DSDT 0x000000003FFE0040 002264 (v01 BOCHS  BXPCDSDT 00000001 BXPC 00000001)
[STDERR  ] 2017-06-07T09:08:12.203906493Z: [    0.000000] ACPI: FACS 0x000000003FFE0000 000040
[STDERR  ] 2017-06-07T09:08:12.203909127Z: [    0.000000] ACPI: APIC 0x000000003FFE2318 000078 (v01 BOCHS  BXPCAPIC 00000001 BXPC 00000001)
[STDERR  ] 2017-06-07T09:08:12.20391397Z: [    0.000000] ACPI: HPET 0x000000003FFE2390 000038 (v01 BOCHS  BXPCHPET 00000001 BXPC 00000001)
[STDERR  ] 2017-06-07T09:08:12.203921865Z: [    0.000000] ACPI: MCFG 0x000000003FFE23C8 00003C (v01 BOCHS  BXPCMCFG 00000001 BXPC 00000001)
[STDERR  ] 2017-06-07T09:08:12.203926846Z: [    0.000000] Zone ranges:
[STDERR  ] 2017-06-07T09:08:12.203929545Z: [    0.000000]   DMA      [mem 0x0000000000001000-0x0000000000ffffff]
[STDERR  ] 2017-06-07T09:08:12.2039347Z: [    0.000000]   DMA32    [mem 0x0000000001000000-0x000000003ffdefff]
[STDERR  ] 2017-06-07T09:08:12.203942285Z: [    0.000000]   Normal   empty
[STDERR  ] 2017-06-07T09:08:12.203947091Z: [    0.000000] Movable zone start for each node
[STDERR  ] 2017-06-07T09:08:12.203957148Z: [    0.000000] Early memory node ranges
[STDERR  ] 2017-06-07T09:08:12.203962131Z: [    0.000000]   node   0: [mem 0x0000000000001000-0x000000000009efff]
[STDERR  ] 2017-06-07T09:08:12.203967127Z: [    0.000000]   node   0: [mem 0x0000000000100000-0x000000003ffdefff]
[STDERR  ] 2017-06-07T09:08:12.203974467Z: [    0.000000] Initmem setup node 0 [mem 0x0000000000001000-0x000000003ffdefff]
[STDERR  ] 2017-06-07T09:08:12.203979638Z: [    0.000000] ACPI: PM-Timer IO Port: 0x608
[STDERR  ] 2017-06-07T09:08:12.203984734Z: [    0.000000] ACPI: LAPIC_NMI (acpi_id[0xff] dfl dfl lint[0x1])
[STDERR  ] 2017-06-07T09:08:12.203989765Z: [    0.000000] IOAPIC[0]: apic_id 0, version 32, address 0xfec00000, GSI 0-23
[STDERR  ] 2017-06-07T09:08:12.203992432Z: [    0.000000] ACPI: INT_SRC_OVR (bus 0 bus_irq 0 global_irq 2 dfl dfl)
[STDERR  ] 2017-06-07T09:08:12.203999669Z: [    0.000000] ACPI: INT_SRC_OVR (bus 0 bus_irq 5 global_irq 5 high level)
[STDERR  ] 2017-06-07T09:08:12.204004618Z: [    0.000000] ACPI: INT_SRC_OVR (bus 0 bus_irq 9 global_irq 9 high level)
[STDERR  ] 2017-06-07T09:08:12.204012435Z: [    0.000000] ACPI: INT_SRC_OVR (bus 0 bus_irq 10 global_irq 10 high level)
[STDERR  ] 2017-06-07T09:08:12.204014844Z: [    0.000000] ACPI: INT_SRC_OVR (bus 0 bus_irq 11 global_irq 11 high level)
[STDERR  ] 2017-06-07T09:08:12.204022295Z: [    0.000000] Using ACPI (MADT) for SMP configuration information
[STDERR  ] 2017-06-07T09:08:12.204027277Z: [    0.000000] ACPI: HPET id: 0x8086a201 base: 0xfed00000
[STDERR  ] 2017-06-07T09:08:12.204032189Z: [    0.000000] smpboot: Allowing 1 CPUs, 0 hotplug CPUs
[STDERR  ] 2017-06-07T09:08:12.204034743Z: [    0.000000] e820: [mem 0x40000000-0xafffffff] available for PCI devices
[STDERR  ] 2017-06-07T09:08:12.204042041Z: [    0.000000] Booting paravirtualized kernel on bare hardware
[STDERR  ] 2017-06-07T09:08:12.204044708Z: [    0.000000] clocksource: refined-jiffies: mask: 0xffffffff max_cycles: 0xffffffff, max_idle_ns: 19112604462750000 ns
[STDERR  ] 2017-06-07T09:08:12.204057407Z: [    0.000000] setup_percpu: NR_CPUS:128 nr_cpumask_bits:128 nr_cpu_ids:1 nr_node_ids:1
[STDERR  ] 2017-06-07T09:08:12.204062465Z: [    0.000000] percpu: Embedded 35 pages/cpu @ffff9901fda00000 s105240 r8192 d29928 u2097152
[STDERR  ] 2017-06-07T09:08:12.204065138Z: [    0.000000] Built 1 zonelists in Zone order, mobility grouping on.  Total pages: 257896
[STDERR  ] 2017-06-07T09:08:12.204073052Z: [    0.000000] Kernel command line: console=ttyS0 page_poison=1
[STDERR  ] 2017-06-07T09:08:12.204082831Z: [    0.000000] PID hash table entries: 4096 (order: 3, 32768 bytes)
[STDERR  ] 2017-06-07T09:08:12.204087982Z: [    0.000000] Dentry cache hash table entries: 131072 (order: 8, 1048576 bytes)
[STDERR  ] 2017-06-07T09:08:12.204092876Z: [    0.000000] Inode-cache hash table entries: 65536 (order: 7, 524288 bytes)
[STDERR  ] 2017-06-07T09:08:12.204098105Z: [    0.000000] Memory: 976764K/1048052K available (9409K kernel code, 1593K rwdata, 3084K rodata, 1456K init, 604K bss, 71288K reserved, 0K cma-reserved)
[STDERR  ] 2017-06-07T09:08:12.204103273Z: [    0.000000] Hierarchical RCU implementation.
[STDERR  ] 2017-06-07T09:08:12.204111985Z: [    0.000000] 	Build-time adjustment of leaf fanout to 64.
[STDERR  ] 2017-06-07T09:08:12.204116962Z: [    0.000000] 	RCU restricting CPUs from NR_CPUS=128 to nr_cpu_ids=1.
[STDERR  ] 2017-06-07T09:08:12.20412628Z: [    0.000000] RCU: Adjusting geometry for rcu_fanout_leaf=64, nr_cpu_ids=1
[STDERR  ] 2017-06-07T09:08:12.204132871Z: [    0.000000] NR_IRQS:8448 nr_irqs:256 16
[STDERR  ] 2017-06-07T09:08:12.204137838Z: [    0.000000] Console: colour VGA+ 80x25
[STDERR  ] 2017-06-07T09:08:12.204142625Z: [    0.000000] console [ttyS0] enabled
[STDERR  ] 2017-06-07T09:08:12.204147463Z: [    0.000000] allocated 2097152 bytes of page_ext
[STDERR  ] 2017-06-07T09:08:12.204150128Z: [    0.000000] clocksource: hpet: mask: 0xffffffff max_cycles: 0xffffffff, max_idle_ns: 19112604467 ns
[STDERR  ] 2017-06-07T09:08:12.204157538Z: [    0.000000] tsc: Fast TSC calibration failed
[STDERR  ] 2017-06-07T09:08:12.204162393Z: [    0.000000] tsc: Unable to calibrate against PIT
[STDERR  ] 2017-06-07T09:08:12.204164811Z: [    0.000000] tsc: using HPET reference calibration
[STDERR  ] 2017-06-07T09:08:12.204172403Z: [    0.000000] tsc: Detected 2599.955 MHz processor
[STDERR  ] 2017-06-07T09:08:12.20417494Z: [    0.051448] Calibrating delay loop (skipped), value calculated using timer frequency.. 5199.91 BogoMIPS (lpj=25999550)
[STDERR  ] 2017-06-07T09:08:12.204189189Z: [    0.052885] pid_max: default: 32768 minimum: 301
[STDERR  ] 2017-06-07T09:08:12.204194142Z: [    0.054175] ACPI: Core revision 20160831
[STDERR  ] 2017-06-07T09:08:12.20419908Z: [    0.103506] ACPI: 1 ACPI AML tables successfully acquired and loaded
[STDERR  ] 2017-06-07T09:08:12.204201588Z: [    0.107484] Security Framework initialized
[STDERR  ] 2017-06-07T09:08:12.204208946Z: [    0.108246] Yama: becoming mindful.
[STDERR  ] 2017-06-07T09:08:12.204211524Z: [    0.110620] Mount-cache hash table entries: 2048 (order: 2, 16384 bytes)
[STDERR  ] 2017-06-07T09:08:12.204218785Z: [    0.111410] Mountpoint-cache hash table entries: 2048 (order: 2, 16384 bytes)
[STDERR  ] 2017-06-07T09:08:12.204223691Z: [    0.131795] Last level iTLB entries: 4KB 0, 2MB 0, 4MB 0
[STDERR  ] 2017-06-07T09:08:12.204226275Z: [    0.132502] Last level dTLB entries: 4KB 0, 2MB 0, 4MB 0, 1GB 0
[STDERR  ] 2017-06-07T09:08:12.204234129Z: [    0.485196] Freeing SMP alternatives memory: 24K (ffffffff840fc000 - ffffffff84102000)
[STDERR  ] 2017-06-07T09:08:12.204241513Z: [    0.495019] ftrace: allocating 41532 entries in 163 pages
[STDERR  ] 2017-06-07T09:08:12.204253045Z: [    0.714882] smpboot: Max logical packages: 1
[STDERR  ] 2017-06-07T09:08:12.204255592Z: [    0.721986] ..TIMER: vector=0x30 apic1=0 pin1=2 apic2=-1 pin2=-1
[STDERR  ] 2017-06-07T09:08:12.204263023Z: [    0.830000] smpboot: CPU0: AMD QEMU Virtual CPU version 2.5+ (family: 0x6, model: 0x6, stepping: 0x3)
[STDERR  ] 2017-06-07T09:08:12.20427193Z: [    0.830000] Performance Events: PMU not available due to virtualization, using software events only.
[STDERR  ] 2017-06-07T09:08:12.204274964Z: [    0.839638] NMI watchdog: disabled (cpu0): hardware events not enabled
[STDERR  ] 2017-06-07T09:08:12.204279899Z: [    0.840114] NMI watchdog: Shutting down hard lockup detector on all cpus
[STDERR  ] 2017-06-07T09:08:12.204287413Z: [    0.843241] x86: Booted up 1 node, 1 CPUs
[STDERR  ] 2017-06-07T09:08:12.204296139Z: [    0.843859] smpboot: Total of 1 processors activated (5199.91 BogoMIPS)
[STDERR  ] 2017-06-07T09:08:12.204301228Z: [    0.860139] devtmpfs: initialized
[STDERR  ] 2017-06-07T09:08:12.204306355Z: [    0.865312] x86/mm: Memory block size: 128MB
[STDERR  ] 2017-06-07T09:08:12.20430906Z: [    0.943719] clocksource: jiffies: mask: 0xffffffff max_cycles: 0xffffffff, max_idle_ns: 19112604462750000 ns
[STDERR  ] 2017-06-07T09:08:12.204314059Z: [    0.945224] futex hash table entries: 256 (order: 2, 16384 bytes)
[STDERR  ] 2017-06-07T09:08:12.204321467Z: [    0.955193] NET: Registered protocol family 16
[STDERR  ] 2017-06-07T09:08:12.204326328Z: [    0.965389] cpuidle: using governor ladder
[STDERR  ] 2017-06-07T09:08:12.204331141Z: [    0.966237] cpuidle: using governor menu
[STDERR  ] 2017-06-07T09:08:12.20433365Z: [    0.967713] ACPI: bus type PCI registered
[STDERR  ] 2017-06-07T09:08:12.204338342Z: [    0.971610] PCI: MMCONFIG for domain 0000 [bus 00-ff] at [mem 0xb0000000-0xbfffffff] (base 0xb0000000)
[STDERR  ] 2017-06-07T09:08:12.204345598Z: [    0.972834] PCI: MMCONFIG at [mem 0xb0000000-0xbfffffff] reserved in E820
[STDERR  ] 2017-06-07T09:08:12.204350459Z: [    0.974544] PCI: Using configuration type 1 for base access
[STDERR  ] 2017-06-07T09:08:12.204353015Z: [    1.039271] HugeTLB registered 2 MB page size, pre-allocated 0 pages
[STDERR  ] 2017-06-07T09:08:12.204357778Z: [    1.053085] ACPI: Added _OSI(Module Device)
[STDERR  ] 2017-06-07T09:08:12.204368898Z: [    1.053670] ACPI: Added _OSI(Processor Device)
[STDERR  ] 2017-06-07T09:08:12.204373674Z: [    1.054113] ACPI: Added _OSI(3.0 _SCP Extensions)
[STDERR  ] 2017-06-07T09:08:12.204378546Z: [    1.054545] ACPI: Added _OSI(Processor Aggregator Device)
[STDERR  ] 2017-06-07T09:08:12.204383301Z: [    1.137563] ACPI: Interpreter enabled
[STDERR  ] 2017-06-07T09:08:12.20438812Z: [    1.138862] ACPI: (supports S0 S5)
[STDERR  ] 2017-06-07T09:08:12.204395656Z: [    1.139362] ACPI: Using IOAPIC for interrupt routing
[STDERR  ] 2017-06-07T09:08:12.204398339Z: [    1.141871] PCI: Using host bridge windows from ACPI; if necessary, use "pci=nocrs" and report a bug
[STDERR  ] 2017-06-07T09:08:12.204409914Z: [    1.214973] ACPI: PCI Root Bridge [PCI0] (domain 0000 [bus 00-ff])
[STDERR  ] 2017-06-07T09:08:12.204412467Z: [    1.216437] acpi PNP0A08:00: _OSC: OS supports [ExtendedConfig ASPM ClockPM Segments MSI]
[STDERR  ] 2017-06-07T09:08:12.204419902Z: [    1.222616] acpi PNP0A08:00: _OSC: OS now controls [PCIeHotplug PME PCIeCapability]
[STDERR  ] 2017-06-07T09:08:12.2044264Z: [    1.226862] PCI host bridge to bus 0000:00
[STDERR  ] 2017-06-07T09:08:12.204431386Z: [    1.227621] pci_bus 0000:00: root bus resource [io  0x0000-0x0cf7 window]
[STDERR  ] 2017-06-07T09:08:12.204436394Z: [    1.228306] pci_bus 0000:00: root bus resource [io  0x0d00-0xffff window]
[STDERR  ] 2017-06-07T09:08:12.204439055Z: [    1.228946] pci_bus 0000:00: root bus resource [mem 0x000a0000-0x000bffff window]
[STDERR  ] 2017-06-07T09:08:12.204443995Z: [    1.229668] pci_bus 0000:00: root bus resource [mem 0xc0000000-0xfebfffff window]
[STDERR  ] 2017-06-07T09:08:12.204451596Z: [    1.230349] pci_bus 0000:00: root bus resource [bus 00-ff]
[STDERR  ] 2017-06-07T09:08:12.204456646Z: [    1.373167] pci 0000:00:1f.0: quirk: [io  0x0600-0x067f] claimed by ICH6 ACPI/GPIO/TCO
[STDERR  ] 2017-06-07T09:08:12.204461744Z: [    1.453645] ACPI: PCI Interrupt Link [LNKA] (IRQs 5 *10 11)
[STDERR  ] 2017-06-07T09:08:12.204464402Z: [    1.457200] ACPI: PCI Interrupt Link [LNKB] (IRQs 5 *10 11)
[STDERR  ] 2017-06-07T09:08:12.204469271Z: [    1.460844] ACPI: PCI Interrupt Link [LNKC] (IRQs 5 10 *11)
[STDERR  ] 2017-06-07T09:08:12.20447707Z: [    1.463982] ACPI: PCI Interrupt Link [LNKD] (IRQs 5 10 *11)
[STDERR  ] 2017-06-07T09:08:12.204482155Z: [    1.466869] ACPI: PCI Interrupt Link [LNKE] (IRQs 5 *10 11)
[STDERR  ] 2017-06-07T09:08:12.204487038Z: [    1.469816] ACPI: PCI Interrupt Link [LNKF] (IRQs 5 *10 11)
[STDERR  ] 2017-06-07T09:08:12.204494683Z: [    1.472966] ACPI: PCI Interrupt Link [LNKG] (IRQs 5 10 *11)
[STDERR  ] 2017-06-07T09:08:12.20450558Z: [    1.475833] ACPI: PCI Interrupt Link [LNKH] (IRQs 5 10 *11)
[STDERR  ] 2017-06-07T09:08:12.204508239Z: [    1.477472] ACPI: PCI Interrupt Link [GSIA] (IRQs *16)
[STDERR  ] 2017-06-07T09:08:12.204515444Z: [    1.478867] ACPI: PCI Interrupt Link [GSIB] (IRQs *17)
[STDERR  ] 2017-06-07T09:08:12.204517905Z: [    1.480352] ACPI: PCI Interrupt Link [GSIC] (IRQs *18)
[STDERR  ] 2017-06-07T09:08:12.204525224Z: [    1.481549] ACPI: PCI Interrupt Link [GSID] (IRQs *19)
[STDERR  ] 2017-06-07T09:08:12.204530074Z: [    1.482719] ACPI: PCI Interrupt Link [GSIE] (IRQs *20)
[STDERR  ] 2017-06-07T09:08:12.204538542Z: [    1.483766] ACPI: PCI Interrupt Link [GSIF] (IRQs *21)
[STDERR  ] 2017-06-07T09:08:12.204541139Z: [    1.484696] ACPI: PCI Interrupt Link [GSIG] (IRQs *22)
[STDERR  ] 2017-06-07T09:08:12.204545962Z: [    1.485573] ACPI: PCI Interrupt Link [GSIH] (IRQs *23)
[STDERR  ] 2017-06-07T09:08:12.204553274Z: [    1.489714] ACPI: Enabled 2 GPEs in block 00 to 3F
[STDERR  ] 2017-06-07T09:08:12.204558167Z: [    1.494057] SCSI subsystem initialized
[STDERR  ] 2017-06-07T09:08:12.204563011Z: [    1.496925] pps_core: LinuxPPS API ver. 1 registered
[STDERR  ] 2017-06-07T09:08:12.204568172Z: [    1.497485] pps_core: Software ver. 5.3.6 - Copyright 2005-2007 Rodolfo Giometti <giometti@linux.it>
[STDERR  ] 2017-06-07T09:08:12.20457306Z: [    1.498648] PTP clock support registered
[STDERR  ] 2017-06-07T09:08:12.204575639Z: [    1.500910] wmi: Mapper loaded
[STDERR  ] 2017-06-07T09:08:12.204582886Z: [    1.502309] PCI: Using ACPI for IRQ routing
[STDERR  ] 2017-06-07T09:08:12.204587822Z: [    1.523487] NetLabel: Initializing
[STDERR  ] 2017-06-07T09:08:12.204592734Z: [    1.523991] NetLabel:  domain hash size = 128
[STDERR  ] 2017-06-07T09:08:12.204595291Z: [    1.524411] NetLabel:  protocols = UNLABELED CIPSOv4
[STDERR  ] 2017-06-07T09:08:12.204602686Z: [    1.526709] NetLabel:  unlabeled traffic allowed by default
[STDERR  ] 2017-06-07T09:08:12.204611454Z: [    1.528200] HPET: 3 timers in total, 0 timers will be used for per-cpu timer
[STDERR  ] 2017-06-07T09:08:12.204614242Z: [    1.529281] hpet0: at MMIO 0xfed00000, IRQs 2, 8, 0
[STDERR  ] 2017-06-07T09:08:12.204620413Z: [    1.530148] hpet0: 3 comparators, 64-bit 100.000000 MHz counter
[STDERR  ] 2017-06-07T09:08:12.204627823Z: [    1.535794] clocksource: Switched to clocksource hpet
[STDERR  ] 2017-06-07T09:08:12.20463275Z: [    1.825174] VFS: Disk quotas dquot_6.6.0
[STDERR  ] 2017-06-07T09:08:12.204635309Z: [    1.826307] VFS: Dquot-cache hash table entries: 512 (order 0, 4096 bytes)
[STDERR  ] 2017-06-07T09:08:12.204642755Z: [    1.829465] FS-Cache: Loaded
[STDERR  ] 2017-06-07T09:08:12.204647676Z: [    1.835336] CacheFiles: Loaded
[STDERR  ] 2017-06-07T09:08:12.204650134Z: [    1.837352] pnp: PnP ACPI init
[STDERR  ] 2017-06-07T09:08:12.204657561Z: [    1.849299] pnp: PnP ACPI: found 5 devices
[STDERR  ] 2017-06-07T09:08:12.20466249Z: [    1.896111] clocksource: acpi_pm: mask: 0xffffff max_cycles: 0xffffff, max_idle_ns: 2085701024 ns
[STDERR  ] 2017-06-07T09:08:12.204667422Z: [    1.899659] NET: Registered protocol family 2
[STDERR  ] 2017-06-07T09:08:12.204672314Z: [    1.907604] TCP established hash table entries: 8192 (order: 4, 65536 bytes)
[STDERR  ] 2017-06-07T09:08:12.204674964Z: [    1.908852] TCP bind hash table entries: 8192 (order: 5, 131072 bytes)
[STDERR  ] 2017-06-07T09:08:12.204679684Z: [    1.910685] TCP: Hash tables configured (established 8192 bind 8192)
[STDERR  ] 2017-06-07T09:08:12.204686881Z: [    1.912551] UDP hash table entries: 512 (order: 2, 16384 bytes)
[STDERR  ] 2017-06-07T09:08:12.204691719Z: [    1.913402] UDP-Lite hash table entries: 512 (order: 2, 16384 bytes)
[STDERR  ] 2017-06-07T09:08:12.20469437Z: [    1.916060] NET: Registered protocol family 1
[STDERR  ] 2017-06-07T09:08:12.204701592Z: [    1.919849] RPC: Registered named UNIX socket transport module.
[STDERR  ] 2017-06-07T09:08:12.204707948Z: [    1.920960] RPC: Registered udp transport module.
[STDERR  ] 2017-06-07T09:08:12.204718666Z: [    1.921423] RPC: Registered tcp transport module.
[STDERR  ] 2017-06-07T09:08:12.204723577Z: [    1.921870] RPC: Registered tcp NFSv4.1 backchannel transport module.
[STDERR  ] 2017-06-07T09:08:12.204728545Z: [    1.922996] pci 0000:00:01.0: Video device with shadowed ROM at [mem 0x000c0000-0x000dffff]
[STDERR  ] 2017-06-07T09:08:12.204733446Z: [    1.933259] Unpacking initramfs...
[STDERR  ] 2017-06-07T09:08:12.204738427Z: [    6.123469] Freeing initrd memory: 35016K (ffff9901fdd9e000 - ffff9901fffd0000)
[STDERR  ] 2017-06-07T09:08:12.204743336Z: [    6.147077] PCLMULQDQ-NI instructions are not detected.
[STDERR  ] 2017-06-07T09:08:12.204748191Z: [    6.148834] AVX or AES-NI instructions are not detected.
[STDERR  ] 2017-06-07T09:08:12.204753056Z: [    6.149718] CPU feature 'AVX registers' is not supported.
[STDERR  ] 2017-06-07T09:08:12.204757915Z: [    6.150771] CPU feature 'AVX registers' is not supported.
[STDERR  ] 2017-06-07T09:08:12.204760593Z: [    6.151449] CPU feature 'AVX registers' is not supported.
[STDERR  ] 2017-06-07T09:08:12.204767947Z: [    6.152126] CPU feature 'AVX registers' is not supported.
[STDERR  ] 2017-06-07T09:08:12.204774553Z: [    6.152765] AVX2 or AES-NI instructions are not detected.
[STDERR  ] 2017-06-07T09:08:12.204779785Z: [    6.153437] AVX2 instructions are not detected.
[STDERR  ] 2017-06-07T09:08:12.204784684Z: [    6.164597] audit: initializing netlink subsys (disabled)
[STDERR  ] 2017-06-07T09:08:12.204787114Z: [    6.166599] audit: type=2000 audit(1496826468.160:1): initialized
[STDERR  ] 2017-06-07T09:08:12.204794652Z: [    6.175524] workingset: timestamp_bits=46 max_order=18 bucket_order=0
[STDERR  ] 2017-06-07T09:08:12.204799545Z: [    6.181821] FS-Cache: Netfs 'nfs' registered for caching
[STDERR  ] 2017-06-07T09:08:12.204812678Z: [    6.184411] NFS: Registering the id_resolver key type
[STDERR  ] 2017-06-07T09:08:12.204817687Z: [    6.186138] Key type id_resolver registered
[STDERR  ] 2017-06-07T09:08:12.204830443Z: [    6.186718] Key type id_legacy registered
[STDERR  ] 2017-06-07T09:08:12.204835587Z: [    6.187497] nfs4filelayout_init: NFSv4 File Layout Driver Registering...
[STDERR  ] 2017-06-07T09:08:12.204840615Z: [    6.188654] Installing knfsd (copyright (C) 1996 okir@monad.swb.de).
[STDERR  ] 2017-06-07T09:08:12.204845672Z: [    6.193219] FS-Cache: Netfs 'cifs' registered for caching
[STDERR  ] 2017-06-07T09:08:12.204848423Z: [    6.194610] ntfs: driver 2.1.32 [Flags: R/O].
[STDERR  ] 2017-06-07T09:08:12.20485332Z: [    6.195475] fuse init (API version 7.26)
[STDERR  ] 2017-06-07T09:08:12.204864226Z: [    6.198006] SGI XFS with ACLs, security attributes, no debug enabled
[STDERR  ] 2017-06-07T09:08:12.204869115Z: [    6.202718] 9p: Installing v9fs 9p2000 file system support
[STDERR  ] 2017-06-07T09:08:12.204873893Z: [    6.203654] FS-Cache: Netfs '9p' registered for caching
[STDERR  ] 2017-06-07T09:08:12.204878713Z: [    6.235145] NET: Registered protocol family 38
[STDERR  ] 2017-06-07T09:08:12.204883713Z: [    6.236200] Key type asymmetric registered
[STDERR  ] 2017-06-07T09:08:12.204888574Z: [    6.236742] Asymmetric key parser 'x509' registered
[STDERR  ] 2017-06-07T09:08:12.20489112Z: [    6.237906] Block layer SCSI generic (bsg) driver version 0.4 loaded (major 251)
[STDERR  ] 2017-06-07T09:08:12.204896077Z: [    6.239714] io scheduler noop registered
[STDERR  ] 2017-06-07T09:08:12.204903489Z: [    6.240758] io scheduler deadline registered (default)
[STDERR  ] 2017-06-07T09:08:12.204908457Z: [    6.242383] io scheduler cfq registered
[STDERR  ] 2017-06-07T09:08:12.204913248Z: [    6.245264] pci_hotplug: PCI Hot Plug PCI Core version: 0.5
[STDERR  ] 2017-06-07T09:08:12.204918114Z: [    6.246228] pciehp: PCI Express Hot Plug Controller Driver version: 0.4
[STDERR  ] 2017-06-07T09:08:12.204922936Z: [    6.247496] shpchp: Standard Hot Plug PCI Controller Driver version: 0.4
[STDERR  ] 2017-06-07T09:08:12.204927806Z: [    6.248706] hv_vmbus: registering driver hyperv_fb
[STDERR  ] 2017-06-07T09:08:12.204939741Z: [    6.252985] input: Power Button as /devices/LNXSYSTM:00/LNXPWRBN:00/input/input0
[STDERR  ] 2017-06-07T09:08:12.204944712Z: [    6.255087] ACPI: Power Button [PWRF]
[STDERR  ] 2017-06-07T09:08:12.204949583Z: [    6.260858] GHES: HEST is not enabled!
[STDERR  ] 2017-06-07T09:08:12.204954454Z: [    6.273357] ACPI: PCI Interrupt Link [GSIH] enabled at IRQ 23
[STDERR  ] 2017-06-07T09:08:12.204959432Z: [    6.281350] xenfs: not registering filesystem on non-xen platform
[STDERR  ] 2017-06-07T09:08:12.204964621Z: [    6.284150] Serial: 8250/16550 driver, 4 ports, IRQ sharing disabled
[STDERR  ] 2017-06-07T09:08:12.204968456Z: [    6.310873] 00:04: ttyS0 at I/O 0x3f8 (irq = 4, base_baud = 115200) is a 16550A
[STDERR  ] 2017-06-07T09:08:12.20497575Z: [    6.318810] Initializing Nozomi driver 2.1d
[STDERR  ] 2017-06-07T09:08:12.204980725Z: [    6.324252] Non-volatile memory driver v1.3
[STDERR  ] 2017-06-07T09:08:12.204983267Z: [    6.331569] Hangcheck: starting hangcheck timer 0.9.1 (tick is 180 seconds, margin is 60 seconds).
[STDERR  ] 2017-06-07T09:08:12.204990789Z: [    6.372123] loop: module loaded
[STDERR  ] 2017-06-07T09:08:12.20499342Z: [    6.386394] nbd: registered device at major 43
[STDERR  ] 2017-06-07T09:08:12.204998243Z: [    6.427382] lpc_ich 0000:00:1f.0: I/O space for GPIO uninitialized
[STDERR  ] 2017-06-07T09:08:12.205005658Z: [    6.429627] VMware PVSCSI driver - version 1.0.7.0-k
[STDERR  ] 2017-06-07T09:08:12.205010469Z: [    6.430948] hv_vmbus: registering driver hv_storvsc
[STDERR  ] 2017-06-07T09:08:12.205015402Z: [    6.442011] ACPI: PCI Interrupt Link [GSIA] enabled at IRQ 16
[STDERR  ] 2017-06-07T09:08:12.205018015Z: [    6.448983] ahci 0000:00:1f.2: AHCI 0001.0000 32 slots 6 ports 1.5 Gbps 0x3f impl SATA mode
[STDERR  ] 2017-06-07T09:08:12.205025305Z: [    6.450582] ahci 0000:00:1f.2: flags: 64bit ncq only 
[STDERR  ] 2017-06-07T09:08:12.205030137Z: [    6.470753] scsi host0: ahci
[STDERR  ] 2017-06-07T09:08:12.205035163Z: [    6.474957] scsi host1: ahci
[STDERR  ] 2017-06-07T09:08:12.205037676Z: [    6.477575] scsi host2: ahci
[STDERR  ] 2017-06-07T09:08:12.205047442Z: [    6.479982] scsi host3: ahci
[STDERR  ] 2017-06-07T09:08:12.205052333Z: [    6.482633] scsi host4: ahci
[STDERR  ] 2017-06-07T09:08:12.205057282Z: [    6.485097] scsi host5: ahci
[STDERR  ] 2017-06-07T09:08:12.205062236Z: [    6.487144] ata1: SATA max UDMA/133 abar m4096@0xfebf1000 port 0xfebf1100 irq 24
[STDERR  ] 2017-06-07T09:08:12.205067257Z: [    6.488121] ata2: SATA max UDMA/133 abar m4096@0xfebf1000 port 0xfebf1180 irq 24
[STDERR  ] 2017-06-07T09:08:12.205072116Z: [    6.489036] ata3: SATA max UDMA/133 abar m4096@0xfebf1000 port 0xfebf1200 irq 24
[STDERR  ] 2017-06-07T09:08:12.205077011Z: [    6.489849] ata4: SATA max UDMA/133 abar m4096@0xfebf1000 port 0xfebf1280 irq 24
[STDERR  ] 2017-06-07T09:08:12.205081868Z: [    6.491034] ata5: SATA max UDMA/133 abar m4096@0xfebf1000 port 0xfebf1300 irq 24
[STDERR  ] 2017-06-07T09:08:12.205086758Z: [    6.491866] ata6: SATA max UDMA/133 abar m4096@0xfebf1000 port 0xfebf1380 irq 24
[STDERR  ] 2017-06-07T09:08:12.205094545Z: [    6.502746] Ethernet Channel Bonding Driver: v3.7.1 (April 27, 2011)
[STDERR  ] 2017-06-07T09:08:12.205099508Z: [    6.521113] tun: Universal TUN/TAP device driver, 1.6
[STDERR  ] 2017-06-07T09:08:12.205104463Z: [    6.521858] tun: (C) 1999-2004 Max Krasnyansky <maxk@qualcomm.com>
[STDERR  ] 2017-06-07T09:08:12.205109326Z: [    6.524223] ena: Elastic Network Adapter (ENA) v1.0.2
[STDERR  ] 2017-06-07T09:08:12.205117956Z: [    6.526065] e1000: Intel(R) PRO/1000 Network Driver - version 7.3.21-k8-NAPI
[STDERR  ] 2017-06-07T09:08:12.20512067Z: [    6.526909] e1000: Copyright (c) 1999-2006 Intel Corporation.
[STDERR  ] 2017-06-07T09:08:12.205128062Z: [    6.535801] ACPI: PCI Interrupt Link [GSIG] enabled at IRQ 22
[STDERR  ] 2017-06-07T09:08:12.205130694Z: [    6.824537] ata4: SATA link down (SStatus 0 SControl 300)
[STDERR  ] 2017-06-07T09:08:12.205139734Z: [    6.827158] ata3: SATA link up 1.5 Gbps (SStatus 113 SControl 300)
[STDERR  ] 2017-06-07T09:08:12.205147717Z: [    6.831222] ata3.00: ATAPI: QEMU DVD-ROM, 2.5+, max UDMA/100
[STDERR  ] 2017-06-07T09:08:12.20515269Z: [    6.832143] ata3.00: applying bridge limits
[STDERR  ] 2017-06-07T09:08:12.205157592Z: [    6.833594] ata2: SATA link down (SStatus 0 SControl 300)
[STDERR  ] 2017-06-07T09:08:12.205162511Z: [    6.834640] ata1: SATA link down (SStatus 0 SControl 300)
[STDERR  ] 2017-06-07T09:08:12.205167387Z: [    6.835271] ata5: SATA link down (SStatus 0 SControl 300)
[STDERR  ] 2017-06-07T09:08:12.205169904Z: [    6.836303] ata6: SATA link down (SStatus 0 SControl 300)
[STDERR  ] 2017-06-07T09:08:12.205177225Z: [    6.841358] ata3.00: configured for UDMA/100
[STDERR  ] 2017-06-07T09:08:12.205182241Z: [    6.862898] scsi 2:0:0:0: CD-ROM            QEMU     QEMU DVD-ROM     2.5+ PQ: 0 ANSI: 5
[STDERR  ] 2017-06-07T09:08:12.205187182Z: [    6.883416] sr 2:0:0:0: [sr0] scsi3-mmc drive: 4x/4x cd/rw xa/form2 tray
[STDERR  ] 2017-06-07T09:08:12.205189641Z: [    6.884551] cdrom: Uniform CD-ROM driver Revision: 3.20
[STDERR  ] 2017-06-07T09:08:12.205196978Z: [    6.891842] sr 2:0:0:0: Attached scsi generic sg0 type 5
[STDERR  ] 2017-06-07T09:08:12.205202982Z: [    6.934356] e1000 0000:00:02.0 eth0: (PCI:33MHz:32-bit) 52:54:00:12:34:56
[STDERR  ] 2017-06-07T09:08:12.205207973Z: [    6.935409] e1000 0000:00:02.0 eth0: Intel(R) PRO/1000 Network Connection
[STDERR  ] 2017-06-07T09:08:12.205215456Z: [    6.936726] e1000e: Intel(R) PRO/1000 Network Driver - 3.2.6-k
[STDERR  ] 2017-06-07T09:08:12.205217964Z: [    6.937346] e1000e: Copyright(c) 1999 - 2015 Intel Corporation.
[STDERR  ] 2017-06-07T09:08:12.205225202Z: [    6.938423] igb: Intel(R) Gigabit Ethernet Network Driver - version 5.4.0-k
[STDERR  ] 2017-06-07T09:08:12.205227645Z: [    6.939097] igb: Copyright (c) 2007-2014 Intel Corporation.
[STDERR  ] 2017-06-07T09:08:12.20523525Z: [    6.940350] igbvf: Intel(R) Gigabit Virtual Function Network Driver - version 2.4.0-k
[STDERR  ] 2017-06-07T09:08:12.205243761Z: [    6.941109] igbvf: Copyright (c) 2009 - 2012 Intel Corporation.
[STDERR  ] 2017-06-07T09:08:12.205248907Z: [    6.942089] ixgbe: Intel(R) 10 Gigabit PCI Express Network Driver - version 4.4.0-k
[STDERR  ] 2017-06-07T09:08:12.205253918Z: [    6.942836] ixgbe: Copyright (c) 1999-2016 Intel Corporation.
[STDERR  ] 2017-06-07T09:08:12.20525657Z: [    6.944722] ixgbevf: Intel(R) 10 Gigabit PCI Express Virtual Function Network Driver - version 3.2.2-k
[STDERR  ] 2017-06-07T09:08:12.20526555Z: [    6.945654] ixgbevf: Copyright (c) 2009 - 2015 Intel Corporation.
[STDERR  ] 2017-06-07T09:08:12.205268008Z: [    6.947350] ixgb: Intel(R) PRO/10GbE Network Driver - version 1.0.135-k2-NAPI
[STDERR  ] 2017-06-07T09:08:12.205275324Z: [    6.948107] ixgb: Copyright (c) 1999-2008 Intel Corporation.
[STDERR  ] 2017-06-07T09:08:12.205280384Z: [    6.949364] PPP generic driver version 2.4.2
[STDERR  ] 2017-06-07T09:08:12.205285233Z: [    6.951307] PPP BSD Compression module registered
[STDERR  ] 2017-06-07T09:08:12.205291535Z: [    6.951857] PPP Deflate Compression module registered
[STDERR  ] 2017-06-07T09:08:12.205296386Z: [    6.952677] PPP MPPE Compression module registered
[STDERR  ] 2017-06-07T09:08:12.2053015Z: [    6.953188] NET: Registered protocol family 24
[STDERR  ] 2017-06-07T09:08:12.205304069Z: [    6.954058] PPTP driver version 0.8.5
[STDERR  ] 2017-06-07T09:08:12.205308776Z: [    6.955227] VMware vmxnet3 virtual NIC driver - version 1.4.a.0-k-NAPI
[STDERR  ] 2017-06-07T09:08:12.205316145Z: [    6.956408] hv_vmbus: registering driver hv_netvsc
[STDERR  ] 2017-06-07T09:08:12.205323926Z: [    6.956932] Fusion MPT base driver 3.04.20
[STDERR  ] 2017-06-07T09:08:12.205327429Z: [    6.957328] Copyright (c) 1999-2008 LSI Corporation
[STDERR  ] 2017-06-07T09:08:12.205332197Z: [    6.958098] Fusion MPT SPI Host driver 3.04.20
[STDERR  ] 2017-06-07T09:08:12.205339534Z: [    6.964250] aoe: AoE v85 initialised.
[STDERR  ] 2017-06-07T09:08:12.205342132Z: [    6.967134] i8042: PNP: PS/2 Controller [PNP0303:KBD,PNP0f13:MOU] at 0x60,0x64 irq 1,12
[STDERR  ] 2017-06-07T09:08:12.205350362Z: [    6.972009] serio: i8042 KBD port at 0x60,0x64 irq 1
[STDERR  ] 2017-06-07T09:08:12.20535767Z: [    6.972941] serio: i8042 AUX port at 0x60,0x64 irq 12
[STDERR  ] 2017-06-07T09:08:12.205362578Z: [    6.976139] hv_vmbus: registering driver hyperv_keyboard
[STDERR  ] 2017-06-07T09:08:12.205367428Z: [    6.978560] mousedev: PS/2 mouse device common for all mice
[STDERR  ] 2017-06-07T09:08:12.205377433Z: [    6.984016] input: AT Translated Set 2 keyboard as /devices/platform/i8042/serio0/input/input1
[STDERR  ] 2017-06-07T09:08:12.205382414Z: [    6.987211] input: PC Speaker as /devices/platform/pcspkr/input/input2
[STDERR  ] 2017-06-07T09:08:12.205387274Z: [    6.991354] rtc_cmos 00:00: RTC can wake from S4
[STDERR  ] 2017-06-07T09:08:12.205392146Z: [    6.994877] rtc_cmos 00:00: rtc core: registered rtc_cmos as rtc0
[STDERR  ] 2017-06-07T09:08:12.205396935Z: [    6.996425] rtc_cmos 00:00: alarms up to one day, y3k, 114 bytes nvram, hpet irqs
[STDERR  ] 2017-06-07T09:08:12.205401804Z: [    6.997454] i2c /dev entries driver
[STDERR  ] 2017-06-07T09:08:12.205406806Z: [    6.999504] device-mapper: ioctl: 4.35.0-ioctl (2016-06-23) initialised: dm-devel@redhat.com
[STDERR  ] 2017-06-07T09:08:12.205411857Z: [    7.004770] hv_utils: Registering HyperV Utility Driver
[STDERR  ] 2017-06-07T09:08:12.205416695Z: [    7.005342] hv_vmbus: registering driver hv_util
[STDERR  ] 2017-06-07T09:08:12.205421527Z: [    7.005795] hv_vmbus: registering driver hv_balloon
[STDERR  ] 2017-06-07T09:08:12.205427895Z: [    7.006627] oprofile: using NMI interrupt.
[STDERR  ] 2017-06-07T09:08:12.205439362Z: [    7.007984] GACT probability on
[STDERR  ] 2017-06-07T09:08:12.205441895Z: [    7.008664] Mirror/redirect action on
[STDERR  ] 2017-06-07T09:08:12.205449301Z: [    7.009714] Simple TC action Loaded
[STDERR  ] 2017-06-07T09:08:12.2054519Z: [    7.013707] netem: version 1.3
[STDERR  ] 2017-06-07T09:08:12.205456786Z: [    7.014099] u32 classifier
[STDERR  ] 2017-06-07T09:08:12.205464186Z: [    7.014384]     Performance counters on
[STDERR  ] 2017-06-07T09:08:12.205471864Z: [    7.014740]     input device check on
[STDERR  ] 2017-06-07T09:08:12.20547699Z: [    7.015094]     Actions configured
[STDERR  ] 2017-06-07T09:08:12.205481926Z: [    7.015861] Netfilter messages via NETLINK v0.30.
[STDERR  ] 2017-06-07T09:08:12.205486796Z: [    7.016710] nfnl_acct: registering with nfnetlink.
[STDERR  ] 2017-06-07T09:08:12.205491777Z: [    7.018237] nf_conntrack version 0.5.0 (8192 buckets, 32768 max)
[STDERR  ] 2017-06-07T09:08:12.205496763Z: [    7.021996] ctnetlink v0.93: registering with nfnetlink.
[STDERR  ] 2017-06-07T09:08:12.205502889Z: [    7.025657] nf_tables: (c) 2007-2009 Patrick McHardy <kaber@trash.net>
[STDERR  ] 2017-06-07T09:08:12.20550785Z: [    7.026895] nf_tables_compat: (c) 2012 Pablo Neira Ayuso <pablo@netfilter.org>
[STDERR  ] 2017-06-07T09:08:12.205512911Z: [    7.029681] xt_time: kernel timezone is -0000
[STDERR  ] 2017-06-07T09:08:12.20551548Z: [    7.030956] ip_set: protocol 6
[STDERR  ] 2017-06-07T09:08:12.205520365Z: [    7.031799] IPVS: Registered protocols (TCP, UDP, SCTP, AH, ESP)
[STDERR  ] 2017-06-07T09:08:12.205528076Z: [    7.032753] IPVS: Connection hash table configured (size=4096, memory=64Kbytes)
[STDERR  ] 2017-06-07T09:08:12.205533073Z: [    7.034766] IPVS: Creating netns size=2104 id=0
[STDERR  ] 2017-06-07T09:08:12.205537982Z: [    7.037567] IPVS: ipvs loaded.
[STDERR  ] 2017-06-07T09:08:12.205542923Z: [    7.038113] IPVS: [rr] scheduler registered.
[STDERR  ] 2017-06-07T09:08:12.205548353Z: [    7.038568] IPVS: [wrr] scheduler registered.
[STDERR  ] 2017-06-07T09:08:12.205550948Z: [    7.038997] IPVS: [lc] scheduler registered.
[STDERR  ] 2017-06-07T09:08:12.205558008Z: [    7.039410] IPVS: [wlc] scheduler registered.
[STDERR  ] 2017-06-07T09:08:12.205563119Z: [    7.039831] IPVS: [fo] scheduler registered.
[STDERR  ] 2017-06-07T09:08:12.205567893Z: [    7.040904] IPVS: [ovf] scheduler registered.
[STDERR  ] 2017-06-07T09:08:12.205575053Z: [    7.041569] IPVS: [lblc] scheduler registered.
[STDERR  ] 2017-06-07T09:08:12.205585985Z: [    7.042116] IPVS: [lblcr] scheduler registered.
[STDERR  ] 2017-06-07T09:08:12.205588566Z: [    7.042628] IPVS: [dh] scheduler registered.
[STDERR  ] 2017-06-07T09:08:12.205593522Z: [    7.043038] IPVS: [sh] scheduler registered.
[STDERR  ] 2017-06-07T09:08:12.205601042Z: [    7.043459] IPVS: [sed] scheduler registered.
[STDERR  ] 2017-06-07T09:08:12.205603593Z: [    7.043872] IPVS: [nq] scheduler registered.
[STDERR  ] 2017-06-07T09:08:12.205608339Z: [    7.044753] IPVS: ftp: loaded support on port[0] = 21
[STDERR  ] 2017-06-07T09:08:12.20561574Z: [    7.045785] ipip: IPv4 and MPLS over IPv4 tunneling driver
[STDERR  ] 2017-06-07T09:08:12.205620647Z: [    7.050680] gre: GRE over IPv4 demultiplexor driver
[STDERR  ] 2017-06-07T09:08:12.205625682Z: [    7.051235] ip_gre: GRE over IPv4 tunneling driver
[STDERR  ] 2017-06-07T09:08:12.205630493Z: [    7.057228] IPv4 over IPsec tunneling driver
[STDERR  ] 2017-06-07T09:08:12.205635389Z: [    7.063586] ip_tables: (C) 2000-2006 Netfilter Core Team
[STDERR  ] 2017-06-07T09:08:12.205641378Z: [    7.067178] ipt_CLUSTERIP: ClusterIP Version 0.8 loaded successfully
[STDERR  ] 2017-06-07T09:08:12.205646324Z: [    7.068261] arp_tables: arp_tables: (C) 2002 David S. Miller
[STDERR  ] 2017-06-07T09:08:12.205657212Z: [    7.070927] Initializing XFRM netlink socket
[STDERR  ] 2017-06-07T09:08:12.205662095Z: [    7.072300] NET: Registered protocol family 10
[STDERR  ] 2017-06-07T09:08:12.205667038Z: [    7.084678] mip6: Mobile IPv6
[STDERR  ] 2017-06-07T09:08:12.205669682Z: [    7.085973] ip6_tables: (C) 2000-2006 Netfilter Core Team
[STDERR  ] 2017-06-07T09:08:12.205676913Z: [    7.096338] sit: IPv6, IPv4 and MPLS over IPv4 tunneling driver
[STDERR  ] 2017-06-07T09:08:12.205679402Z: [    7.104698] ip6_gre: GRE over IPv6 tunneling driver
[STDERR  ] 2017-06-07T09:08:12.205686768Z: [    7.108857] NET: Registered protocol family 17
[STDERR  ] 2017-06-07T09:08:12.205691636Z: [    7.109837] NET: Registered protocol family 15
[STDERR  ] 2017-06-07T09:08:12.20569445Z: [    7.111523] Bridge firewalling registered
[STDERR  ] 2017-06-07T09:08:12.205702485Z: [    7.112290] Ebtables v2.0 registered
[STDERR  ] 2017-06-07T09:08:12.20570994Z: [    7.115669] l2tp_core: L2TP core driver, V2.0
[STDERR  ] 2017-06-07T09:08:12.205714869Z: [    7.116409] l2tp_ppp: PPPoL2TP kernel driver, V2.0
[STDERR  ] 2017-06-07T09:08:12.205717446Z: [    7.116909] 8021q: 802.1Q VLAN Support v1.8
[STDERR  ] 2017-06-07T09:08:12.205724555Z: [    7.118564] 9pnet: Installing 9P2000 support
[STDERR  ] 2017-06-07T09:08:12.20572946Z: [    7.119615] Key type dns_resolver registered
[STDERR  ] 2017-06-07T09:08:12.205731912Z: [    7.120628] openvswitch: Open vSwitch switching datapath
[STDERR  ] 2017-06-07T09:08:12.20573911Z: [    7.123924] mpls_gso: MPLS GSO support
[STDERR  ] 2017-06-07T09:08:12.205741662Z: [    7.124754] microcode: AMD CPU family 0x6 not supported
[STDERR  ] 2017-06-07T09:08:12.205748887Z: [    7.128559] registered taskstats version 1
[STDERR  ] 2017-06-07T09:08:12.205753914Z: [    7.200755] tsc: Refined TSC clocksource calibration: 2599.925 MHz
[STDERR  ] 2017-06-07T09:08:12.205756397Z: [    7.201754] clocksource: tsc: mask: 0xffffffffffffffff max_cycles: 0x2579f537354, max_idle_ns: 440795315525 ns
[STDERR  ] 2017-06-07T09:08:12.205763807Z: [    7.322265] Key type big_key registered
[STDERR  ] 2017-06-07T09:08:12.205768574Z: [    7.366846] Key type encrypted registered
[STDERR  ] 2017-06-07T09:08:12.205780118Z: [    7.372212] rtc_cmos 00:00: setting system clock to 2017-06-07 09:07:50 UTC (1496826470)
[STDERR  ] 2017-06-07T09:08:12.205785534Z: [    7.521413] Freeing unused kernel memory: 1456K (ffffffff83f90000 - ffffffff840fc000)
[STDERR  ] 2017-06-07T09:08:12.205794429Z: [    7.522548] Write protecting the kernel read-only data: 14336k
[STDERR  ] 2017-06-07T09:08:12.205799368Z: [    7.533341] Freeing unused kernel memory: 816K (ffff9901ed934000 - ffff9901eda00000)
[STDERR  ] 2017-06-07T09:08:12.205804342Z: [    7.600614] Freeing unused kernel memory: 1012K (ffff9901edd03000 - ffff9901ede00000)
[STDERR  ] 2017-06-07T09:08:12.205817829Z: [    8.221117] clocksource: Switched to clocksource tsc
[STDERR  ] 2017-06-07T09:08:12.205828499Z: 
[STDERR  ] 2017-06-07T09:08:12.205833739Z: Welcome to LinuxKit
[STDERR  ] 2017-06-07T09:08:12.205839152Z: 
[STDERR  ] 2017-06-07T09:08:12.205844156Z:                         ##         .
[STDERR  ] 2017-06-07T09:08:12.205849001Z:                   ## ## ##        ==
[STDERR  ] 2017-06-07T09:08:12.205853931Z:                ## ## ## ## ##    ===
[STDERR  ] 2017-06-07T09:08:12.20585881Z:            /"""""""""""""""""\___/ ===
[STDERR  ] 2017-06-07T09:08:12.205863851Z:       ~~~ {~~ ~~~~ ~~~ ~~~~ ~~~ ~ /  ===- ~~~
[STDERR  ] 2017-06-07T09:08:12.205868823Z:            \______ o           __/
[STDERR  ] 2017-06-07T09:08:12.205873769Z:              \    \         __/
[STDERR  ] 2017-06-07T09:08:12.205876343Z:               \____\_______/
[STDERR  ] 2017-06-07T09:08:12.205881137Z: 
[STDERR  ] 2017-06-07T09:08:12.205888495Z: 
[STDERR  ] 2017-06-07T09:08:12.205893326Z: 
[STDERR  ] 2017-06-07T09:08:12.205898281Z: Starting containerd
[STDERR  ] 2017-06-07T09:08:12.20590342Z: / # [6n[34mINFO[0m[0000] starting containerd boot...                   [34mmodule[0m=containerd
[STDERR  ] 2017-06-07T09:08:12.205908962Z: [34mINFO[0m[0000] starting debug API...                         [34mdebug[0m="/run/containerd/debug.sock" [34mmodule[0m=containerd
[STDERR  ] 2017-06-07T09:08:12.205914441Z: [34mINFO[0m[0000] loading monitor plugin "cgroups"...           [34mmodule[0m=containerd
[STDERR  ] 2017-06-07T09:08:12.205919293Z: [34mINFO[0m[0000] loading runtime plugin "linux"...             [34mmodule[0m=containerd
[STDERR  ] 2017-06-07T09:08:12.205925746Z: [34mINFO[0m[0000] loading snapshot plugin "snapshot-overlay"...  [34mmodule[0m=containerd
[STDERR  ] 2017-06-07T09:08:12.205928329Z: [34mINFO[0m[0000] loading differ plugin "diff-base"...          [34mmodule[0m=containerd
[STDERR  ] 2017-06-07T09:08:12.205933121Z: [34mINFO[0m[0000] loading grpc service plugin "containers-grpc"...  [34mmodule[0m=containerd
[STDERR  ] 2017-06-07T09:08:12.205948953Z: [34mINFO[0m[0000] loading grpc service plugin "diff-grpc"...    [34mmodule[0m=containerd
[STDERR  ] 2017-06-07T09:08:12.205951598Z: [34mINFO[0m[0000] loading grpc service plugin "namespaces-grpc"...  [34mmodule[0m=containerd
[STDERR  ] 2017-06-07T09:08:12.205958831Z: [34mINFO[0m[0000] loading grpc service plugin "version-grpc"...  [34mmodule[0m=containerd
[STDERR  ] 2017-06-07T09:08:12.205961432Z: [34mINFO[0m[0000] loading grpc service plugin "content-grpc"...  [34mmodule[0m=containerd
[STDERR  ] 2017-06-07T09:08:12.205968723Z: [34mINFO[0m[0000] loading grpc service plugin "tasks-grpc"...   [34mmodule[0m=containerd
[STDERR  ] 2017-06-07T09:08:12.205977547Z: [34mINFO[0m[0000] loading grpc service plugin "images-grpc"...  [34mmodule[0m=containerd
[STDERR  ] 2017-06-07T09:08:12.205982576Z: [34mINFO[0m[0000] loading grpc service plugin "metrics-grpc"...  [34mmodule[0m=containerd
[STDERR  ] 2017-06-07T09:08:12.205985192Z: [   13.652508] random: fast init done
[STDERR  ] 2017-06-07T09:08:12.205991159Z: [34mINFO[0m[0000] loading grpc service plugin "snapshots-grpc"...  [34mmodule[0m=containerd
[STDERR  ] 2017-06-07T09:08:12.205998634Z: [34mINFO[0m[0000] loading grpc service plugin "healthcheck-grpc"...  [34mmodule[0m=containerd
[STDERR  ] 2017-06-07T09:08:12.206001254Z: [34mINFO[0m[0000] starting GRPC API server...                   [34mmodule[0m=containerd
[STDERR  ] 2017-06-07T09:08:12.206009151Z: [34mINFO[0m[0000] starting metrics API...                       [34mmetrics[0m=":13337" [34mmodule[0m=containerd
[STDERR  ] 2017-06-07T09:08:12.206011633Z: [34mINFO[0m[0000] containerd successfully booted in 0.196651s   [34mmodule[0m=containerd
[STDERR  ] 2017-06-07T09:08:12.206019111Z: [   14.244374] IPVS: Creating netns size=2104 id=1
[STDERR  ] 2017-06-07T09:08:12.206024048Z: [   14.245314] IPVS: ftp: loaded support on port[0] = 21
[STDERR  ] 2017-06-07T09:08:12.206029129Z:  - 000-binfmt
[STDERR  ] 2017-06-07T09:08:12.206037878Z: binfmt test suite PASSED
[STDERR  ] 2017-06-07T09:08:12.206040547Z:  - 001-test
[STDERR  ] 2017-06-07T09:08:12.206048068Z: [   28.654525] ACPI: Preparing to enter system sleep state S5
[STDERR  ] 2017-06-07T09:08:12.206053075Z: [   28.656536] reboot: Power down
[STDERR  ] 2017-06-07T09:08:12.206058143Z: echo "${RESULT}"
[STDERR  ] 2017-06-07T09:08:12.206060759Z: + echo [    0.000000] Linux version 4.9.30-linuxkit (root@84baa8e89c00) (gcc version 6.2.1 20160822 (Alpine 6.2.1) ) #1 SMP Tue May 30 11:40:28 UTC 2017
[STDERR  ] 2017-06-07T09:08:12.20606875Z: [    0.000000] Command line: console=ttyS0 page_poison=1
[STDERR  ] 2017-06-07T09:08:12.206073783Z: [    0.000000] x86/fpu: Legacy x87 FPU detected.
[STDERR  ] 2017-06-07T09:08:12.206078932Z: [    0.000000] x86/fpu: Using 'eager' FPU context switches.
[STDERR  ] 2017-06-07T09:08:12.206081625Z: [    0.000000] e820: BIOS-provided physical RAM map:
[STDERR  ] 2017-06-07T09:08:12.206086636Z: [    0.000000] BIOS-e820: [mem 0x0000000000000000-0x000000000009fbff] usable
[STDERR  ] 2017-06-07T09:08:12.206097644Z: [    0.000000] BIOS-e820: [mem 0x000000000009fc00-0x000000000009ffff] reserved
[STDERR  ] 2017-06-07T09:08:12.206102607Z: [    0.000000] BIOS-e820: [mem 0x00000000000f0000-0x00000000000fffff] reserved
[STDERR  ] 2017-06-07T09:08:12.20610753Z: [    0.000000] BIOS-e820: [mem 0x0000000000100000-0x000000003ffdefff] usable
[STDERR  ] 2017-06-07T09:08:12.206110147Z: [    0.000000] BIOS-e820: [mem 0x000000003ffdf000-0x000000003fffffff] reserved
[STDERR  ] 2017-06-07T09:08:12.206117602Z: [    0.000000] BIOS-e820: [mem 0x00000000b0000000-0x00000000bfffffff] reserved
[STDERR  ] 2017-06-07T09:08:12.206120094Z: [    0.000000] BIOS-e820: [mem 0x00000000fed1c000-0x00000000fed1ffff] reserved
[STDERR  ] 2017-06-07T09:08:12.206127502Z: [    0.000000] BIOS-e820: [mem 0x00000000fffc0000-0x00000000ffffffff] reserved
[STDERR  ] 2017-06-07T09:08:12.206132413Z: [    0.000000] NX (Execute Disable) protection: active
[STDERR  ] 2017-06-07T09:08:12.206140865Z: [    0.000000] SMBIOS 2.8 present.
[STDERR  ] 2017-06-07T09:08:12.206143625Z: [    0.000000] e820: last_pfn = 0x3ffdf max_arch_pfn = 0x400000000
[STDERR  ] 2017-06-07T09:08:12.20614857Z: [    0.000000] x86/PAT: Configuration [0-7]: WB  WC  UC- UC  WB  WC  UC- WT  
[STDERR  ] 2017-06-07T09:08:12.206156002Z: [    0.000000] found SMP MP-table at [mem 0x000f6aa0-0x000f6aaf] mapped at [ffff9901c00f6aa0]
[STDERR  ] 2017-06-07T09:08:12.206158629Z: [    0.000000] RAMDISK: [mem 0x3dd9e000-0x3ffcffff]
[STDERR  ] 2017-06-07T09:08:12.206165812Z: [    0.000000] ACPI: Early table checksum verification disabled
[STDERR  ] 2017-06-07T09:08:12.206168251Z: [    0.000000] ACPI: RSDP 0x00000000000F68C0 000014 (v00 BOCHS )
[STDERR  ] 2017-06-07T09:08:12.206175562Z: [    0.000000] ACPI: RSDT 0x000000003FFE2404 000034 (v01 BOCHS  BXPCRSDT 00000001 BXPC 00000001)
[STDERR  ] 2017-06-07T09:08:12.206180478Z: [    0.000000] ACPI: FACP 0x000000003FFE22A4 000074 (v01 BOCHS  BXPCFACP 00000001 BXPC 00000001)
[STDERR  ] 2017-06-07T09:08:12.206185378Z: [    0.000000] ACPI: DSDT 0x000000003FFE0040 002264 (v01 BOCHS  BXPCDSDT 00000001 BXPC 00000001)
[STDERR  ] 2017-06-07T09:08:12.20619018Z: [    0.000000] ACPI: FACS 0x000000003FFE0000 000040
[STDERR  ] 2017-06-07T09:08:12.206195219Z: [    0.000000] ACPI: APIC 0x000000003FFE2318 000078 (v01 BOCHS  BXPCAPIC 00000001 BXPC 00000001)
[STDERR  ] 2017-06-07T09:08:12.206200029Z: [    0.000000] ACPI: HPET 0x000000003FFE2390 000038 (v01 BOCHS  BXPCHPET 00000001 BXPC 00000001)
[STDERR  ] 2017-06-07T09:08:12.206202582Z: [    0.000000] ACPI: MCFG 0x000000003FFE23C8 00003C (v01 BOCHS  BXPCMCFG 00000001 BXPC 00000001)
[STDERR  ] 2017-06-07T09:08:12.206209764Z: [    0.000000] Zone ranges:
[STDERR  ] 2017-06-07T09:08:12.206214573Z: [    0.000000]   DMA      [mem 0x0000000000001000-0x0000000000ffffff]
[STDERR  ] 2017-06-07T09:08:12.206225265Z: [    0.000000]   DMA32    [mem 0x0000000001000000-0x000000003ffdefff]
[STDERR  ] 2017-06-07T09:08:12.206227794Z: [    0.000000]   Normal   empty
[STDERR  ] 2017-06-07T09:08:12.20623761Z: [    0.000000] Movable zone start for each node
[STDERR  ] 2017-06-07T09:08:12.206242695Z: [    0.000000] Early memory node ranges
[STDERR  ] 2017-06-07T09:08:12.206247682Z: [    0.000000]   node   0: [mem 0x0000000000001000-0x000000000009efff]
[STDERR  ] 2017-06-07T09:08:12.206252618Z: [    0.000000]   node   0: [mem 0x0000000000100000-0x000000003ffdefff]
[STDERR  ] 2017-06-07T09:08:12.206257698Z: [    0.000000] Initmem setup node 0 [mem 0x0000000000001000-0x000000003ffdefff]
[STDERR  ] 2017-06-07T09:08:12.206260301Z: [    0.000000] ACPI: PM-Timer IO Port: 0x608
[STDERR  ] 2017-06-07T09:08:12.206267681Z: [    0.000000] ACPI: LAPIC_NMI (acpi_id[0xff] dfl dfl lint[0x1])
[STDERR  ] 2017-06-07T09:08:12.206270205Z: [    0.000000] IOAPIC[0]: apic_id 0, version 32, address 0xfec00000, GSI 0-23
[STDERR  ] 2017-06-07T09:08:12.2062777Z: [    0.000000] ACPI: INT_SRC_OVR (bus 0 bus_irq 0 global_irq 2 dfl dfl)
[STDERR  ] 2017-06-07T09:08:12.206282607Z: [    0.000000] ACPI: INT_SRC_OVR (bus 0 bus_irq 5 global_irq 5 high level)
[STDERR  ] 2017-06-07T09:08:12.206290585Z: [    0.000000] ACPI: INT_SRC_OVR (bus 0 bus_irq 9 global_irq 9 high level)
[STDERR  ] 2017-06-07T09:08:12.206295476Z: [    0.000000] ACPI: INT_SRC_OVR (bus 0 bus_irq 10 global_irq 10 high level)
[STDERR  ] 2017-06-07T09:08:12.206300391Z: [    0.000000] ACPI: INT_SRC_OVR (bus 0 bus_irq 11 global_irq 11 high level)
[STDERR  ] 2017-06-07T09:08:12.206306154Z: [    0.000000] Using ACPI (MADT) for SMP configuration information
[STDERR  ] 2017-06-07T09:08:12.206311009Z: [    0.000000] ACPI: HPET id: 0x8086a201 base: 0xfed00000
[STDERR  ] 2017-06-07T09:08:12.206317209Z: [    0.000000] smpboot: Allowing 1 CPUs, 0 hotplug CPUs
[STDERR  ] 2017-06-07T09:08:12.206322067Z: [    0.000000] e820: [mem 0x40000000-0xafffffff] available for PCI devices
[STDERR  ] 2017-06-07T09:08:12.206327187Z: [    0.000000] Booting paravirtualized kernel on bare hardware
[STDERR  ] 2017-06-07T09:08:12.206335917Z: [    0.000000] clocksource: refined-jiffies: mask: 0xffffffff max_cycles: 0xffffffff, max_idle_ns: 19112604462750000 ns
[STDERR  ] 2017-06-07T09:08:12.2063412Z: [    0.000000] setup_percpu: NR_CPUS:128 nr_cpumask_bits:128 nr_cpu_ids:1 nr_node_ids:1
[STDERR  ] 2017-06-07T09:08:12.20634379Z: [    0.000000] percpu: Embedded 35 pages/cpu @ffff9901fda00000 s105240 r8192 d29928 u2097152
[STDERR  ] 2017-06-07T09:08:12.206352494Z: [    0.000000] Built 1 zonelists in Zone order, mobility grouping on.  Total pages: 257896
[STDERR  ] 2017-06-07T09:08:12.206359761Z: [    0.000000] Kernel command line: console=ttyS0 page_poison=1
[STDERR  ] 2017-06-07T09:08:12.206364699Z: [    0.000000] PID hash table entries: 4096 (order: 3, 32768 bytes)
[STDERR  ] 2017-06-07T09:08:12.206369696Z: [    0.000000] Dentry cache hash table entries: 131072 (order: 8, 1048576 bytes)
[STDERR  ] 2017-06-07T09:08:12.206374576Z: [    0.000000] Inode-cache hash table entries: 65536 (order: 7, 524288 bytes)
[STDERR  ] 2017-06-07T09:08:12.206377303Z: [    0.000000] Memory: 976764K/1048052K available (9409K kernel code, 1593K rwdata, 3084K rodata, 1456K init, 604K bss, 71288K reserved, 0K cma-reserved)
[STDERR  ] 2017-06-07T09:08:12.206385164Z: [    0.000000] Hierarchical RCU implementation.
[STDERR  ] 2017-06-07T09:08:12.206390156Z: [    0.000000] 	Build-time adjustment of leaf fanout to 64.
[STDERR  ] 2017-06-07T09:08:12.206398571Z: [    0.000000] 	RCU restricting CPUs from NR_CPUS=128 to nr_cpu_ids=1.
[STDERR  ] 2017-06-07T09:08:12.206401088Z: [    0.000000] RCU: Adjusting geometry for rcu_fanout_leaf=64, nr_cpu_ids=1
[STDERR  ] 2017-06-07T09:08:12.206412302Z: [    0.000000] NR_IRQS:8448 nr_irqs:256 16
[STDERR  ] 2017-06-07T09:08:12.206420282Z: [    0.000000] Console: colour VGA+ 80x25
[STDERR  ] 2017-06-07T09:08:12.206432571Z: [    0.000000] console [ttyS0] enabled
[STDERR  ] 2017-06-07T09:08:12.20643642Z: [    0.000000] allocated 2097152 bytes of page_ext
[STDERR  ] 2017-06-07T09:08:12.206448443Z: [    0.000000] clocksource: hpet: mask: 0xffffffff max_cycles: 0xffffffff, max_idle_ns: 19112604467 ns
[STDERR  ] 2017-06-07T09:08:12.20646203Z: [    0.000000] tsc: Fast TSC calibration failed
[STDERR  ] 2017-06-07T09:08:12.206466013Z: [    0.000000] tsc: Unable to calibrate against PIT
[STDERR  ] 2017-06-07T09:08:12.206474811Z: [    0.000000] tsc: using HPET reference calibration
[STDERR  ] 2017-06-07T09:08:12.206479682Z: [    0.000000] tsc: Detected 2599.955 MHz processor
[STDERR  ] 2017-06-07T09:08:12.20648224Z: [    0.051448] Calibrating delay loop (skipped), value calculated using timer frequency.. 5199.91 BogoMIPS (lpj=25999550)
[STDERR  ] 2017-06-07T09:08:12.206489474Z: [    0.052885] pid_max: default: 32768 minimum: 301
[STDERR  ] 2017-06-07T09:08:12.206492107Z: [    0.054175] ACPI: Core revision 20160831
[STDERR  ] 2017-06-07T09:08:12.20650189Z: [    0.103506] ACPI: 1 ACPI AML tables successfully acquired and loaded
[STDERR  ] 2017-06-07T09:08:12.206505805Z: [    0.107484] Security Framework initialized
[STDERR  ] 2017-06-07T09:08:12.206513369Z: [    0.108246] Yama: becoming mindful.
[STDERR  ] 2017-06-07T09:08:12.206523319Z: [    0.110620] Mount-cache hash table entries: 2048 (order: 2, 16384 bytes)
[STDERR  ] 2017-06-07T09:08:12.206528332Z: [    0.111410] Mountpoint-cache hash table entries: 2048 (order: 2, 16384 bytes)
[STDERR  ] 2017-06-07T09:08:12.206533366Z: [    0.131795] Last level iTLB entries: 4KB 0, 2MB 0, 4MB 0
[STDERR  ] 2017-06-07T09:08:12.206547287Z: [    0.132502] Last level dTLB entries: 4KB 0, 2MB 0, 4MB 0, 1GB 0
[STDERR  ] 2017-06-07T09:08:12.206552239Z: [    0.485196] Freeing SMP alternatives memory: 24K (ffffffff840fc000 - ffffffff84102000)
