[INFO    ] 2018-01-10T13:20:04.077708747Z: Running Test linuxkit.packages.extend.xfs in /tmp/build/test/cases/040_packages/005_extend/002_xfs
[INFO    ] 2018-01-10T13:20:04.077844604Z: Running command: [/bin/sh -x /tmp/build/test/cases/040_packages/005_extend/002_xfs/test.sh]
[STDERR  ] 2018-01-10T13:20:04.11954039Z: + set -ex
[STDERR  ] 2018-01-10T13:20:04.119635149Z: + . /tmp/build/test/cases/_lib/lib.sh
[STDERR  ] 2018-01-10T13:20:04.119645674Z: + [ -f src/github.com/linuxkit/rtf/lib/lib.sh ]
[STDERR  ] 2018-01-10T13:20:04.119656024Z: + LINUXKIT_TMPDIR=/tmp/build/test/cases/_tmp
[STDERR  ] 2018-01-10T13:20:04.119675363Z: + [ -f /tmp/build/test/cases/_tmp/env.sh ]
[STDERR  ] 2018-01-10T13:20:04.119684134Z: + . /tmp/build/test/cases/_tmp/env.sh
[STDERR  ] 2018-01-10T13:20:04.119693083Z: + export LINUXKIT_EXAMPLES_DIR=/tmp/build/test/cases/../../examples
[STDERR  ] 2018-01-10T13:20:04.11970281Z: + export LINUXKIT_BLUEPRINTS_DIR=/tmp/build/test/cases/../../blueprints
[STDERR  ] 2018-01-10T13:20:04.119713139Z: + RT_CANCEL=253
[STDERR  ] 2018-01-10T13:20:04.119721959Z: + NAME_CREATE=extend-xfs
[STDERR  ] 2018-01-10T13:20:04.119732049Z: + NAME_EXTEND=extend-xfs
[STDERR  ] 2018-01-10T13:20:04.119740179Z: + DISK=disk.img
[STDERR  ] 2018-01-10T13:20:04.119748788Z: + trap clean_up EXIT
[STDERR  ] 2018-01-10T13:20:04.119758321Z: + linuxkit build -name extend-xfs -format kernel+initrd test-create.yml
[STDERR  ] 2018-01-10T13:20:04.151095197Z: Extract kernel image: linuxkit/kernel:4.9.75
[STDERR  ] 2018-01-10T13:20:05.328936322Z: time="2018-01-10T13:20:05Z" level=warning msg="certificate with CN Justin Cormack is near expiry"
[STDERR  ] 2018-01-10T13:20:05.328999474Z: time="2018-01-10T13:20:05Z" level=warning msg="certificate with CN  is near expiry"
[STDERR  ] 2018-01-10T13:20:05.329043309Z: time="2018-01-10T13:20:05Z" level=warning msg="certificate with CN  is near expiry"
[STDERR  ] 2018-01-10T13:20:05.374661161Z: time="2018-01-10T13:20:05Z" level=warning msg="certificate with CN Justin Cormack is near expiry"
[STDERR  ] 2018-01-10T13:20:05.738887752Z: Add init containers:
[STDERR  ] 2018-01-10T13:20:05.738953858Z: Process init image: linuxkit/init:5a577d070817b4f17821657823082651baafd4ed
[STDERR  ] 2018-01-10T13:20:06.774325103Z: time="2018-01-10T13:20:06Z" level=warning msg="certificate with CN  is near expiry"
[STDERR  ] 2018-01-10T13:20:06.774492226Z: time="2018-01-10T13:20:06Z" level=warning msg="certificate with CN Justin Cormack is near expiry"
[STDERR  ] 2018-01-10T13:20:06.774590861Z: time="2018-01-10T13:20:06Z" level=warning msg="certificate with CN  is near expiry"
[STDERR  ] 2018-01-10T13:20:06.778241628Z: time="2018-01-10T13:20:06Z" level=warning msg="certificate with CN Justin Cormack is near expiry"
[STDERR  ] 2018-01-10T13:20:06.779712036Z: time="2018-01-10T13:20:06Z" level=warning msg="certificate with CN  is near expiry"
[STDERR  ] 2018-01-10T13:20:06.986503615Z: Process init image: linuxkit/runc:abc3f292653e64a2fd488e9675ace19a55ec7023
[STDERR  ] 2018-01-10T13:20:08.020096115Z: time="2018-01-10T13:20:08Z" level=warning msg="certificate with CN Justin Cormack is near expiry"
[STDERR  ] 2018-01-10T13:20:08.020185153Z: time="2018-01-10T13:20:08Z" level=warning msg="certificate with CN  is near expiry"
[STDERR  ] 2018-01-10T13:20:08.020231733Z: time="2018-01-10T13:20:08Z" level=warning msg="certificate with CN  is near expiry"
[STDERR  ] 2018-01-10T13:20:08.022011022Z: time="2018-01-10T13:20:08Z" level=warning msg="certificate with CN Justin Cormack is near expiry"
[STDERR  ] 2018-01-10T13:20:08.024036213Z: time="2018-01-10T13:20:08Z" level=warning msg="certificate with CN  is near expiry"
[STDERR  ] 2018-01-10T13:20:08.161325391Z: Add onboot containers:
[STDERR  ] 2018-01-10T13:20:08.161365936Z:   Create OCI config for linuxkit/format:e945016ec780a788a71dcddc81497d54d3b14bc7
[STDERR  ] 2018-01-10T13:20:09.195023829Z: time="2018-01-10T13:20:09Z" level=warning msg="certificate with CN Justin Cormack is near expiry"
[STDERR  ] 2018-01-10T13:20:09.195282837Z: time="2018-01-10T13:20:09Z" level=warning msg="certificate with CN Rolf Neugebauer is near expiry"
[STDERR  ] 2018-01-10T13:20:09.195412152Z: time="2018-01-10T13:20:09Z" level=warning msg="certificate with CN  is near expiry"
[STDERR  ] 2018-01-10T13:20:09.195494661Z: time="2018-01-10T13:20:09Z" level=warning msg="certificate with CN  is near expiry"
[STDERR  ] 2018-01-10T13:20:09.196982544Z: time="2018-01-10T13:20:09Z" level=warning msg="certificate with CN Justin Cormack is near expiry"
[STDERR  ] 2018-01-10T13:20:09.198065817Z: time="2018-01-10T13:20:09Z" level=warning msg="certificate with CN Rolf Neugebauer is near expiry"
[STDERR  ] 2018-01-10T13:20:09.198977239Z: time="2018-01-10T13:20:09Z" level=warning msg="certificate with CN  is near expiry"
[STDERR  ] 2018-01-10T13:20:09.535345521Z:   Create OCI config for linuxkit/mount:b346ec277b7074e5c9986128a879c10a1d18742b
[STDERR  ] 2018-01-10T13:20:10.570319802Z: time="2018-01-10T13:20:10Z" level=warning msg="certificate with CN Rolf Neugebauer is near expiry"
[STDERR  ] 2018-01-10T13:20:10.570376587Z: time="2018-01-10T13:20:10Z" level=warning msg="certificate with CN  is near expiry"
[STDERR  ] 2018-01-10T13:20:10.57044058Z: time="2018-01-10T13:20:10Z" level=warning msg="certificate with CN  is near expiry"
[STDERR  ] 2018-01-10T13:20:10.570636261Z: time="2018-01-10T13:20:10Z" level=warning msg="certificate with CN Justin Cormack is near expiry"
[STDERR  ] 2018-01-10T13:20:10.573538405Z: time="2018-01-10T13:20:10Z" level=warning msg="certificate with CN Justin Cormack is near expiry"
[STDERR  ] 2018-01-10T13:20:10.57500709Z: time="2018-01-10T13:20:10Z" level=warning msg="certificate with CN Rolf Neugebauer is near expiry"
[STDERR  ] 2018-01-10T13:20:10.575695905Z: time="2018-01-10T13:20:10Z" level=warning msg="certificate with CN  is near expiry"
[STDERR  ] 2018-01-10T13:20:10.898273546Z:   Create OCI config for alpine:3.7
[STDERR  ] 2018-01-10T13:20:12.086938174Z:   Create OCI config for linuxkit/poweroff:bccfe1cb04fc7bb9f03613d2314f38abd2620f29
[STDERR  ] 2018-01-10T13:20:13.120228908Z: time="2018-01-10T13:20:13Z" level=warning msg="certificate with CN  is near expiry"
[STDERR  ] 2018-01-10T13:20:13.120288164Z: time="2018-01-10T13:20:13Z" level=warning msg="certificate with CN  is near expiry"
[STDERR  ] 2018-01-10T13:20:13.120418232Z: time="2018-01-10T13:20:13Z" level=warning msg="certificate with CN Justin Cormack is near expiry"
[STDERR  ] 2018-01-10T13:20:13.120551781Z: time="2018-01-10T13:20:13Z" level=warning msg="certificate with CN Rolf Neugebauer is near expiry"
[STDERR  ] 2018-01-10T13:20:13.122525938Z: time="2018-01-10T13:20:13Z" level=warning msg="certificate with CN Rolf Neugebauer is near expiry"
[STDERR  ] 2018-01-10T13:20:13.123624052Z: time="2018-01-10T13:20:13Z" level=warning msg="certificate with CN  is near expiry"
[STDERR  ] 2018-01-10T13:20:13.283216933Z: Create outputs:
[STDERR  ] 2018-01-10T13:20:18.583387539Z:   extend-xfs-kernel extend-xfs-initrd.img extend-xfs-cmdline
[STDERR  ] 2018-01-10T13:20:18.653305112Z: + linuxkit run -disk file=disk.img,format=raw,size=256M extend-xfs
[STDERR  ] 2018-01-10T13:20:18.678739817Z: Unable to find qemu-system-x86_64 within the $PATH. Using a container
[STDOUT  ] 2018-01-10T13:20:20.901140957Z: [    0.000000] Linux version 4.9.75-linuxkit (root@912da39a9ad2) (gcc version 6.4.0 (Alpine 6.4.0) ) #1 SMP Sat Jan 6 12:14:29 UTC 2018
[STDOUT  ] 2018-01-10T13:20:20.901402829Z: [    0.000000] Command line: console=ttyS0 console=ttyAMA0
[STDOUT  ] 2018-01-10T13:20:20.901429128Z: [    0.000000] x86/fpu: Legacy x87 FPU detected.
[STDOUT  ] 2018-01-10T13:20:20.90156505Z: [    0.000000] x86/fpu: Using 'eager' FPU context switches.
[STDOUT  ] 2018-01-10T13:20:20.901578394Z: [    0.000000] e820: BIOS-provided physical RAM map:
[STDOUT  ] 2018-01-10T13:20:20.90181894Z: [    0.000000] BIOS-e820: [mem 0x0000000000000000-0x000000000009fbff] usable
[STDOUT  ] 2018-01-10T13:20:20.901906884Z: [    0.000000] BIOS-e820: [mem 0x000000000009fc00-0x000000000009ffff] reserved
[STDOUT  ] 2018-01-10T13:20:20.902056315Z: [    0.000000] BIOS-e820: [mem 0x00000000000f0000-0x00000000000fffff] reserved
[STDOUT  ] 2018-01-10T13:20:20.902146354Z: [    0.000000] BIOS-e820: [mem 0x0000000000100000-0x000000003ffdefff] usable
[STDOUT  ] 2018-01-10T13:20:20.902296649Z: [    0.000000] BIOS-e820: [mem 0x000000003ffdf000-0x000000003fffffff] reserved
[STDOUT  ] 2018-01-10T13:20:20.90259004Z: [    0.000000] BIOS-e820: [mem 0x00000000b0000000-0x00000000bfffffff] reserved
[STDOUT  ] 2018-01-10T13:20:20.902730706Z: [    0.000000] BIOS-e820: [mem 0x00000000fed1c000-0x00000000fed1ffff] reserved
[STDOUT  ] 2018-01-10T13:20:20.902863672Z: [    0.000000] BIOS-e820: [mem 0x00000000fffc0000-0x00000000ffffffff] reserved
[STDOUT  ] 2018-01-10T13:20:20.903030143Z: [    0.000000] NX (Execute Disable) protection: active
[STDOUT  ] 2018-01-10T13:20:20.903043433Z: [    0.000000] SMBIOS 2.8 present.
[STDOUT  ] 2018-01-10T13:20:20.903175926Z: [    0.000000] Kernel/User page tables isolation: disabled
[STDOUT  ] 2018-01-10T13:20:20.903310511Z: [    0.000000] e820: last_pfn = 0x3ffdf max_arch_pfn = 0x400000000
[STDOUT  ] 2018-01-10T13:20:20.903470579Z: [    0.000000] x86/PAT: Configuration [0-7]: WB  WC  UC- UC  WB  WC  UC- WT  
[STDOUT  ] 2018-01-10T13:20:20.903648836Z: [    0.000000] found SMP MP-table at [mem 0x000f6aa0-0x000f6aaf] mapped at [ffff987b800f6aa0]
[STDOUT  ] 2018-01-10T13:20:20.903831392Z: [    0.000000] RAMDISK: [mem 0x3e008000-0x3ffcffff]
[STDOUT  ] 2018-01-10T13:20:20.90385483Z: [    0.000000] ACPI: Early table checksum verification disabled
[STDOUT  ] 2018-01-10T13:20:20.904094512Z: [    0.000000] ACPI: RSDP 0x00000000000F68B0 000014 (v00 BOCHS )
[STDOUT  ] 2018-01-10T13:20:20.904264556Z: [    0.000000] ACPI: RSDT 0x000000003FFE20A8 000034 (v01 BOCHS  BXPCRSDT 00000001 BXPC 00000001)
[STDOUT  ] 2018-01-10T13:20:20.90451533Z: [    0.000000] ACPI: FACP 0x000000003FFE1EC8 0000F4 (v03 BOCHS  BXPCFACP 00000001 BXPC 00000001)
[STDOUT  ] 2018-01-10T13:20:20.904748594Z: [    0.000000] ACPI: DSDT 0x000000003FFE0040 001E88 (v01 BOCHS  BXPCDSDT 00000001 BXPC 00000001)
[STDOUT  ] 2018-01-10T13:20:20.904762611Z: [    0.000000] ACPI: FACS 0x000000003FFE0000 000040
[STDOUT  ] 2018-01-10T13:20:20.904975288Z: [    0.000000] ACPI: APIC 0x000000003FFE1FBC 000078 (v01 BOCHS  BXPCAPIC 00000001 BXPC 00000001)
[STDOUT  ] 2018-01-10T13:20:20.905200224Z: [    0.000000] ACPI: HPET 0x000000003FFE2034 000038 (v01 BOCHS  BXPCHPET 00000001 BXPC 00000001)
[STDOUT  ] 2018-01-10T13:20:20.905339818Z: [    0.000000] ACPI: MCFG 0x000000003FFE206C 00003C (v01 BOCHS  BXPCMCFG 00000001 BXPC 00000001)
[STDOUT  ] 2018-01-10T13:20:20.90535306Z: [    0.000000] Zone ranges:
[STDOUT  ] 2018-01-10T13:20:20.905541722Z: [    0.000000]   DMA      [mem 0x0000000000001000-0x0000000000ffffff]
[STDOUT  ] 2018-01-10T13:20:20.905673389Z: [    0.000000]   DMA32    [mem 0x0000000001000000-0x000000003ffdefff]
[STDOUT  ] 2018-01-10T13:20:20.905686068Z: [    0.000000]   Normal   empty
[STDOUT  ] 2018-01-10T13:20:20.905817044Z: [    0.000000] Movable zone start for each node
[STDOUT  ] 2018-01-10T13:20:20.905830694Z: [    0.000000] Early memory node ranges
[STDOUT  ] 2018-01-10T13:20:20.90596056Z: [    0.000000]   node   0: [mem 0x0000000000001000-0x000000000009efff]
[STDOUT  ] 2018-01-10T13:20:20.906182975Z: [    0.000000]   node   0: [mem 0x0000000000100000-0x000000003ffdefff]
[STDOUT  ] 2018-01-10T13:20:20.906313758Z: [    0.000000] Initmem setup node 0 [mem 0x0000000000001000-0x000000003ffdefff]
[STDOUT  ] 2018-01-10T13:20:20.906445259Z: [    0.000000] ACPI: PM-Timer IO Port: 0x608
[STDOUT  ] 2018-01-10T13:20:20.906636856Z: [    0.000000] ACPI: LAPIC_NMI (acpi_id[0xff] dfl dfl lint[0x1])
[STDOUT  ] 2018-01-10T13:20:20.906773692Z: [    0.000000] IOAPIC[0]: apic_id 0, version 32, address 0xfec00000, GSI 0-23
[STDOUT  ] 2018-01-10T13:20:20.90691091Z: [    0.000000] ACPI: INT_SRC_OVR (bus 0 bus_irq 0 global_irq 2 dfl dfl)
[STDOUT  ] 2018-01-10T13:20:20.907048325Z: [    0.000000] ACPI: INT_SRC_OVR (bus 0 bus_irq 5 global_irq 5 high level)
[STDOUT  ] 2018-01-10T13:20:20.907180698Z: [    0.000000] ACPI: INT_SRC_OVR (bus 0 bus_irq 9 global_irq 9 high level)
[STDOUT  ] 2018-01-10T13:20:20.907310376Z: [    0.000000] ACPI: INT_SRC_OVR (bus 0 bus_irq 10 global_irq 10 high level)
[STDOUT  ] 2018-01-10T13:20:20.90745651Z: [    0.000000] ACPI: INT_SRC_OVR (bus 0 bus_irq 11 global_irq 11 high level)
[STDOUT  ] 2018-01-10T13:20:20.907595149Z: [    0.000000] Using ACPI (MADT) for SMP configuration information
[STDOUT  ] 2018-01-10T13:20:20.907736683Z: [    0.000000] ACPI: HPET id: 0x8086a201 base: 0xfed00000
[STDOUT  ] 2018-01-10T13:20:20.90787427Z: [    0.000000] smpboot: Allowing 1 CPUs, 0 hotplug CPUs
[STDOUT  ] 2018-01-10T13:20:20.908010434Z: [    0.000000] e820: [mem 0x40000000-0xafffffff] available for PCI devices
[STDOUT  ] 2018-01-10T13:20:20.908147608Z: [    0.000000] Booting paravirtualized kernel on bare hardware
[STDOUT  ] 2018-01-10T13:20:20.908434801Z: [    0.000000] clocksource: refined-jiffies: mask: 0xffffffff max_cycles: 0xffffffff, max_idle_ns: 19112604462750000 ns
[STDOUT  ] 2018-01-10T13:20:20.908568005Z: [    0.000000] setup_percpu: NR_CPUS:128 nr_cpumask_bits:128 nr_cpu_ids:1 nr_node_ids:1
[STDOUT  ] 2018-01-10T13:20:20.908850963Z: [    0.000000] percpu: Embedded 36 pages/cpu @ffff987bbde00000 s106904 r8192 d32360 u2097152
[STDOUT  ] 2018-01-10T13:20:20.909003886Z: [    0.000000] Built 1 zonelists in Zone order, mobility grouping on.  Total pages: 257896
[STDOUT  ] 2018-01-10T13:20:20.909161575Z: [    0.000000] Kernel command line: console=ttyS0 console=ttyAMA0
[STDOUT  ] 2018-01-10T13:20:20.909182606Z: [    0.000000] PID hash table entries: 4096 (order: 3, 32768 bytes)
[STDOUT  ] 2018-01-10T13:20:20.909405769Z: [    0.000000] Dentry cache hash table entries: 131072 (order: 8, 1048576 bytes)
[STDOUT  ] 2018-01-10T13:20:20.909564429Z: [    0.000000] Inode-cache hash table entries: 65536 (order: 7, 524288 bytes)
[STDOUT  ] 2018-01-10T13:20:20.909869184Z: [    0.000000] Memory: 981588K/1048052K available (8053K kernel code, 1391K rwdata, 2700K rodata, 1396K init, 564K bss, 66464K reserved, 0K cma-reserved)
[STDOUT  ] 2018-01-10T13:20:20.909883741Z: [    0.000000] Hierarchical RCU implementation.
[STDOUT  ] 2018-01-10T13:20:20.910065929Z: [    0.000000] 	Build-time adjustment of leaf fanout to 64.
[STDOUT  ] 2018-01-10T13:20:20.910243166Z: [    0.000000] 	RCU restricting CPUs from NR_CPUS=128 to nr_cpu_ids=1.
[STDOUT  ] 2018-01-10T13:20:20.910293285Z: [    0.000000] RCU: Adjusting geometry for rcu_fanout_leaf=64, nr_cpu_ids=1
[STDOUT  ] 2018-01-10T13:20:20.910376025Z: [    0.000000] NR_IRQS:8448 nr_irqs:256 16
[STDOUT  ] 2018-01-10T13:20:20.910599007Z: [    0.000000] Console: colour VGA+ 80x25
[STDOUT  ] 2018-01-10T13:20:20.910698407Z: [    0.000000] console [ttyS0] enabled
[STDOUT  ] 2018-01-10T13:20:20.91539012Z: [    0.000000] clocksource: hpet: mask: 0xffffffff max_cycles: 0xffffffff, max_idle_ns: 19112604467 ns
[STDOUT  ] 2018-01-10T13:20:20.955370518Z: [    0.000000] tsc: Fast TSC calibration using PIT
[STDOUT  ] 2018-01-10T13:20:20.960776495Z: [    0.000000] tsc: Detected 2599.929 MHz processor
[STDOUT  ] 2018-01-10T13:20:20.96279255Z: [    0.021491] Calibrating delay loop (skipped), value calculated using timer frequency.. 5199.85 BogoMIPS (lpj=25999290)
[STDOUT  ] 2018-01-10T13:20:20.963159308Z: [    0.022100] pid_max: default: 32768 minimum: 301
[STDOUT  ] 2018-01-10T13:20:20.963958924Z: [    0.022829] ACPI: Core revision 20160831
[STDOUT  ] 2018-01-10T13:20:20.98960553Z: [    0.052162] ACPI: 1 ACPI AML tables successfully acquired and loaded
[STDOUT  ] 2018-01-10T13:20:20.993311686Z: [    0.056193] Security Framework initialized
[STDOUT  ] 2018-01-10T13:20:20.993768547Z: [    0.056600] Yama: becoming mindful.
[STDOUT  ] 2018-01-10T13:20:20.996306337Z: [    0.059130] Mount-cache hash table entries: 2048 (order: 2, 16384 bytes)
[STDOUT  ] 2018-01-10T13:20:20.997018792Z: [    0.059590] Mountpoint-cache hash table entries: 2048 (order: 2, 16384 bytes)
[STDOUT  ] 2018-01-10T13:20:21.015305022Z: [    0.077848] Last level iTLB entries: 4KB 0, 2MB 0, 4MB 0
[STDOUT  ] 2018-01-10T13:20:21.015675132Z: [    0.078364] Last level dTLB entries: 4KB 0, 2MB 0, 4MB 0, 1GB 0
[STDOUT  ] 2018-01-10T13:20:21.332251281Z: [    0.395061] Freeing SMP alternatives memory: 20K
[STDOUT  ] 2018-01-10T13:20:21.341388181Z: [    0.403845] ftrace: allocating 35550 entries in 139 pages
[STDOUT  ] 2018-01-10T13:20:21.460847881Z: [    0.473427] smpboot: Max logical packages: 1
[STDOUT  ] 2018-01-10T13:20:21.467330562Z: [    0.479928] ..TIMER: vector=0x30 apic1=0 pin1=2 apic2=-1 pin2=-1
[STDOUT  ] 2018-01-10T13:20:21.688329877Z: [    0.580000] smpboot: CPU0: AMD QEMU Virtual CPU version 2.5+ (family: 0x6, model: 0x6, stepping: 0x3)
[STDOUT  ] 2018-01-10T13:20:21.689809377Z: [    0.580000] Performance Events: PMU not available due to virtualization, using software events only.
[STDOUT  ] 2018-01-10T13:20:21.70556759Z: [    0.587543] NMI watchdog: disabled (cpu0): hardware events not enabled
[STDOUT  ] 2018-01-10T13:20:21.706104609Z: [    0.587987] NMI watchdog: Shutting down hard lockup detector on all cpus
[STDOUT  ] 2018-01-10T13:20:21.710182622Z: [    0.591213] x86: Booted up 1 node, 1 CPUs
[STDOUT  ] 2018-01-10T13:20:21.710745996Z: [    0.591441] smpboot: Total of 1 processors activated (5199.85 BogoMIPS)
[STDOUT  ] 2018-01-10T13:20:21.724318638Z: [    0.606518] devtmpfs: initialized
[STDOUT  ] 2018-01-10T13:20:21.730356986Z: [    0.612494] x86/mm: Memory block size: 128MB
[STDOUT  ] 2018-01-10T13:20:21.763751088Z: [    0.645874] clocksource: jiffies: mask: 0xffffffff max_cycles: 0xffffffff, max_idle_ns: 19112604462750000 ns
[STDOUT  ] 2018-01-10T13:20:21.764314756Z: [    0.646366] futex hash table entries: 256 (order: 2, 16384 bytes)
[STDOUT  ] 2018-01-10T13:20:21.772632988Z: [    0.654772] NET: Registered protocol family 16
[STDOUT  ] 2018-01-10T13:20:21.782474483Z: [    0.664546] cpuidle: using governor ladder
[STDOUT  ] 2018-01-10T13:20:21.782880239Z: [    0.665055] cpuidle: using governor menu
[STDOUT  ] 2018-01-10T13:20:21.783983787Z: [    0.666235] ACPI: bus type PCI registered
[STDOUT  ] 2018-01-10T13:20:21.787417077Z: [    0.669399] PCI: MMCONFIG for domain 0000 [bus 00-ff] at [mem 0xb0000000-0xbfffffff] (base 0xb0000000)
[STDOUT  ] 2018-01-10T13:20:21.788363807Z: [    0.670296] PCI: MMCONFIG at [mem 0xb0000000-0xbfffffff] reserved in E820
[STDOUT  ] 2018-01-10T13:20:21.789165842Z: [    0.671306] PCI: Using configuration type 1 for base access
[STDOUT  ] 2018-01-10T13:20:21.82805938Z: [    0.710202] HugeTLB registered 2 MB page size, pre-allocated 0 pages
[STDOUT  ] 2018-01-10T13:20:21.838236917Z: [    0.720465] ACPI: Added _OSI(Module Device)
[STDOUT  ] 2018-01-10T13:20:21.838303384Z: [    0.720621] ACPI: Added _OSI(Processor Device)
[STDOUT  ] 2018-01-10T13:20:21.838431645Z: [    0.720710] ACPI: Added _OSI(3.0 _SCP Extensions)
[STDOUT  ] 2018-01-10T13:20:21.838904742Z: [    0.720988] ACPI: Added _OSI(Processor Aggregator Device)
[STDOUT  ] 2018-01-10T13:20:21.888153369Z: [    0.770451] ACPI: Interpreter enabled
[STDOUT  ] 2018-01-10T13:20:21.889102529Z: [    0.771424] ACPI: (supports S0 S5)
[STDOUT  ] 2018-01-10T13:20:21.889624562Z: [    0.771775] ACPI: Using IOAPIC for interrupt routing
[STDOUT  ] 2018-01-10T13:20:21.892242859Z: [    0.774250] PCI: Using host bridge windows from ACPI; if necessary, use "pci=nocrs" and report a bug
[STDOUT  ] 2018-01-10T13:20:21.937205029Z: [    0.819250] ACPI: PCI Root Bridge [PCI0] (domain 0000 [bus 00-ff])
[STDOUT  ] 2018-01-10T13:20:21.938564354Z: [    0.820494] acpi PNP0A08:00: _OSC: OS supports [ExtendedConfig ASPM ClockPM Segments MSI]
[STDOUT  ] 2018-01-10T13:20:21.943763288Z: [    0.825813] acpi PNP0A08:00: _OSC: OS now controls [PCIeHotplug PME PCIeCapability]
[STDOUT  ] 2018-01-10T13:20:21.946966847Z: [    0.829191] PCI host bridge to bus 0000:00
[STDOUT  ] 2018-01-10T13:20:21.947699154Z: [    0.829645] pci_bus 0000:00: root bus resource [io  0x0000-0x0cf7 window]
[STDOUT  ] 2018-01-10T13:20:21.948284346Z: [    0.830138] pci_bus 0000:00: root bus resource [io  0x0d00-0xffff window]
[STDOUT  ] 2018-01-10T13:20:21.948742085Z: [    0.830464] pci_bus 0000:00: root bus resource [mem 0x000a0000-0x000bffff window]
[STDOUT  ] 2018-01-10T13:20:21.949024461Z: [    0.830847] pci_bus 0000:00: root bus resource [mem 0xc0000000-0xfebfffff window]
[STDOUT  ] 2018-01-10T13:20:21.949532968Z: [    0.831408] pci_bus 0000:00: root bus resource [bus 00-ff]
[STDOUT  ] 2018-01-10T13:20:22.120717867Z: [    1.001993] pci 0000:00:1f.0: quirk: [io  0x0600-0x067f] claimed by ICH6 ACPI/GPIO/TCO
[STDOUT  ] 2018-01-10T13:20:22.209239719Z: [    1.090659] ACPI: PCI Interrupt Link [LNKA] (IRQs 5 *10 11)
[STDOUT  ] 2018-01-10T13:20:22.211351733Z: [    1.092851] ACPI: PCI Interrupt Link [LNKB] (IRQs 5 *10 11)
[STDOUT  ] 2018-01-10T13:20:22.213051572Z: [    1.094579] ACPI: PCI Interrupt Link [LNKC] (IRQs 5 10 *11)
[STDOUT  ] 2018-01-10T13:20:22.214453689Z: [    1.096132] ACPI: PCI Interrupt Link [LNKD] (IRQs 5 10 *11)
[STDOUT  ] 2018-01-10T13:20:22.215715634Z: [    1.097400] ACPI: PCI Interrupt Link [LNKE] (IRQs 5 *10 11)
[STDOUT  ] 2018-01-10T13:20:22.217116629Z: [    1.098685] ACPI: PCI Interrupt Link [LNKF] (IRQs 5 *10 11)
[STDOUT  ] 2018-01-10T13:20:22.218530674Z: [    1.100792] ACPI: PCI Interrupt Link [LNKG] (IRQs 5 10 *11)
[STDOUT  ] 2018-01-10T13:20:22.219922987Z: [    1.102118] ACPI: PCI Interrupt Link [LNKH] (IRQs 5 10 *11)
[STDOUT  ] 2018-01-10T13:20:22.220604652Z: [    1.102896] ACPI: PCI Interrupt Link [GSIA] (IRQs *16)
[STDOUT  ] 2018-01-10T13:20:22.221143287Z: [    1.103453] ACPI: PCI Interrupt Link [GSIB] (IRQs *17)
[STDOUT  ] 2018-01-10T13:20:22.221648354Z: [    1.103983] ACPI: PCI Interrupt Link [GSIC] (IRQs *18)
[STDOUT  ] 2018-01-10T13:20:22.222198151Z: [    1.104544] ACPI: PCI Interrupt Link [GSID] (IRQs *19)
[STDOUT  ] 2018-01-10T13:20:22.222791885Z: [    1.105131] ACPI: PCI Interrupt Link [GSIE] (IRQs *20)
[STDOUT  ] 2018-01-10T13:20:22.223362999Z: [    1.105710] ACPI: PCI Interrupt Link [GSIF] (IRQs *21)
[STDOUT  ] 2018-01-10T13:20:22.223938715Z: [    1.106275] ACPI: PCI Interrupt Link [GSIG] (IRQs *22)
[STDOUT  ] 2018-01-10T13:20:22.224504375Z: [    1.106820] ACPI: PCI Interrupt Link [GSIH] (IRQs *23)
[STDOUT  ] 2018-01-10T13:20:22.229018696Z: [    1.111339] ACPI: Enabled 1 GPEs in block 00 to 3F
[STDOUT  ] 2018-01-10T13:20:22.232250286Z: [    1.114587] SCSI subsystem initialized
[STDOUT  ] 2018-01-10T13:20:22.234123943Z: [    1.116381] ACPI: bus type USB registered
[STDOUT  ] 2018-01-10T13:20:22.235233873Z: [    1.117470] usbcore: registered new interface driver usbfs
[STDOUT  ] 2018-01-10T13:20:22.236020255Z: [    1.118331] usbcore: registered new interface driver hub
[STDOUT  ] 2018-01-10T13:20:22.236786734Z: [    1.119082] usbcore: registered new device driver usb
[STDOUT  ] 2018-01-10T13:20:22.237873223Z: [    1.120326] pps_core: LinuxPPS API ver. 1 registered
[STDOUT  ] 2018-01-10T13:20:22.238386811Z: [    1.120578] pps_core: Software ver. 5.3.6 - Copyright 2005-2007 Rodolfo Giometti <giometti@linux.it>
[STDOUT  ] 2018-01-10T13:20:22.238688249Z: [    1.121174] PTP clock support registered
[STDOUT  ] 2018-01-10T13:20:22.239827961Z: [    1.122237] wmi: Mapper loaded
[STDOUT  ] 2018-01-10T13:20:22.241195391Z: [    1.123388] PCI: Using ACPI for IRQ routing
[STDOUT  ] 2018-01-10T13:20:22.254967906Z: [    1.137341] NetLabel: Initializing
[STDOUT  ] 2018-01-10T13:20:22.25530982Z: [    1.137614] NetLabel:  domain hash size = 128
[STDOUT  ] 2018-01-10T13:20:22.255640032Z: [    1.137921] NetLabel:  protocols = UNLABELED CIPSOv4
[STDOUT  ] 2018-01-10T13:20:22.258366422Z: [    1.140585] NetLabel:  unlabeled traffic allowed by default
[STDOUT  ] 2018-01-10T13:20:22.259505458Z: [    1.141781] HPET: 3 timers in total, 0 timers will be used for per-cpu timer
[STDOUT  ] 2018-01-10T13:20:22.260300977Z: [    1.142516] hpet0: at MMIO 0xfed00000, IRQs 2, 8, 0
[STDOUT  ] 2018-01-10T13:20:22.260591524Z: [    1.142987] hpet0: 3 comparators, 64-bit 100.000000 MHz counter
[STDOUT  ] 2018-01-10T13:20:22.266940035Z: [    1.149130] clocksource: Switched to clocksource hpet
[STDOUT  ] 2018-01-10T13:20:22.453493381Z: [    1.326916] VFS: Disk quotas dquot_6.6.0
[STDOUT  ] 2018-01-10T13:20:22.45430056Z: [    1.327565] VFS: Dquot-cache hash table entries: 512 (order 0, 4096 bytes)
[STDOUT  ] 2018-01-10T13:20:22.457693016Z: [    1.331224] FS-Cache: Loaded
[STDOUT  ] 2018-01-10T13:20:22.463852829Z: [    1.337446] CacheFiles: Loaded
[STDOUT  ] 2018-01-10T13:20:22.465354583Z: [    1.338983] pnp: PnP ACPI init
[STDOUT  ] 2018-01-10T13:20:22.47408652Z: [    1.347635] pnp: PnP ACPI: found 5 devices
[STDOUT  ] 2018-01-10T13:20:22.511973067Z: [    1.385366] clocksource: acpi_pm: mask: 0xffffff max_cycles: 0xffffff, max_idle_ns: 2085701024 ns
[STDOUT  ] 2018-01-10T13:20:22.514772857Z: [    1.388125] NET: Registered protocol family 2
[STDOUT  ] 2018-01-10T13:20:22.522628659Z: [    1.395909] TCP established hash table entries: 8192 (order: 4, 65536 bytes)
[STDOUT  ] 2018-01-10T13:20:22.523346581Z: [    1.396762] TCP bind hash table entries: 8192 (order: 5, 131072 bytes)
[STDOUT  ] 2018-01-10T13:20:22.52396727Z: [    1.397391] TCP: Hash tables configured (established 8192 bind 8192)
[STDOUT  ] 2018-01-10T13:20:22.525796364Z: [    1.399232] UDP hash table entries: 512 (order: 2, 16384 bytes)
[STDOUT  ] 2018-01-10T13:20:22.52643735Z: [    1.399801] UDP-Lite hash table entries: 512 (order: 2, 16384 bytes)
[STDOUT  ] 2018-01-10T13:20:22.528873002Z: [    1.402219] NET: Registered protocol family 1
[STDOUT  ] 2018-01-10T13:20:22.529945846Z: [    1.403304] pci 0000:00:01.0: Video device with shadowed ROM at [mem 0x000c0000-0x000dffff]
[STDOUT  ] 2018-01-10T13:20:22.538243011Z: [    1.411678] Unpacking initramfs...
[STDOUT  ] 2018-01-10T13:20:26.963329728Z: [    5.836557] Freeing initrd memory: 32544K
[STDOUT  ] 2018-01-10T13:20:26.983623228Z: [    5.856737] PCLMULQDQ-NI instructions are not detected.
[STDOUT  ] 2018-01-10T13:20:26.984756634Z: [    5.858132] AVX or AES-NI instructions are not detected.
[STDOUT  ] 2018-01-10T13:20:26.985266552Z: [    5.858617] CPU feature 'AVX registers' is not supported.
[STDOUT  ] 2018-01-10T13:20:26.985491792Z: [    5.859007] CPU feature 'AVX registers' is not supported.
[STDOUT  ] 2018-01-10T13:20:26.985873437Z: [    5.859346] CPU feature 'AVX registers' is not supported.
[STDOUT  ] 2018-01-10T13:20:26.986168754Z: [    5.859689] CPU feature 'AVX registers' is not supported.
[STDOUT  ] 2018-01-10T13:20:26.986703633Z: [    5.859982] AVX2 or AES-NI instructions are not detected.
[STDOUT  ] 2018-01-10T13:20:26.987153439Z: [    5.860696] AVX2 instructions are not detected.
[STDOUT  ] 2018-01-10T13:20:26.993405516Z: [    5.866759] audit: initializing netlink subsys (disabled)
[STDOUT  ] 2018-01-10T13:20:26.994960597Z: [    5.868318] audit: type=2000 audit(1515590424.860:1): initialized
[STDOUT  ] 2018-01-10T13:20:27.004626928Z: [    5.877926] workingset: timestamp_bits=46 max_order=18 bucket_order=0
[STDOUT  ] 2018-01-10T13:20:27.008350779Z: [    5.881735] squashfs: version 4.0 (2009/01/31) Phillip Lougher
[STDOUT  ] 2018-01-10T13:20:27.011062655Z: [    5.884369] FS-Cache: Netfs 'cifs' registered for caching
[STDOUT  ] 2018-01-10T13:20:27.011670354Z: [    5.885232] fuse init (API version 7.26)
[STDOUT  ] 2018-01-10T13:20:27.013774268Z: [    5.887157] SGI XFS with ACLs, security attributes, no debug enabled
[STDOUT  ] 2018-01-10T13:20:27.017352968Z: [    5.890672] 9p: Installing v9fs 9p2000 file system support
[STDOUT  ] 2018-01-10T13:20:27.01764764Z: [    5.891103] FS-Cache: Netfs '9p' registered for caching
[STDOUT  ] 2018-01-10T13:20:27.04063284Z: [    5.913953] NET: Registered protocol family 38
[STDOUT  ] 2018-01-10T13:20:27.040981185Z: [    5.914440] Key type asymmetric registered
[STDOUT  ] 2018-01-10T13:20:27.04132266Z: [    5.914865] Asymmetric key parser 'x509' registered
[STDOUT  ] 2018-01-10T13:20:27.042423182Z: [    5.915802] Block layer SCSI generic (bsg) driver version 0.4 loaded (major 251)
[STDOUT  ] 2018-01-10T13:20:27.043761826Z: [    5.917284] io scheduler noop registered
[STDOUT  ] 2018-01-10T13:20:27.044220061Z: [    5.917625] io scheduler deadline registered (default)
[STDOUT  ] 2018-01-10T13:20:27.044890277Z: [    5.918353] io scheduler cfq registered
[STDOUT  ] 2018-01-10T13:20:27.048240963Z: [    5.921665] pci_hotplug: PCI Hot Plug PCI Core version: 0.5
[STDOUT  ] 2018-01-10T13:20:27.048771134Z: [    5.922194] pciehp: PCI Express Hot Plug Controller Driver version: 0.4
[STDOUT  ] 2018-01-10T13:20:27.04949847Z: [    5.922911] shpchp: Standard Hot Plug PCI Controller Driver version: 0.4
[STDOUT  ] 2018-01-10T13:20:27.050275161Z: [    5.923663] hv_vmbus: registering driver hyperv_fb
[STDOUT  ] 2018-01-10T13:20:27.053012368Z: [    5.926416] input: Power Button as /devices/LNXSYSTM:00/LNXPWRBN:00/input/input0
[STDOUT  ] 2018-01-10T13:20:27.053931821Z: [    5.927430] ACPI: Power Button [PWRF]
[STDOUT  ] 2018-01-10T13:20:27.059510584Z: [    5.933006] GHES: HEST is not enabled!
[STDOUT  ] 2018-01-10T13:20:27.069312016Z: [    5.942481] ACPI: PCI Interrupt Link [GSIG] enabled at IRQ 22
[STDOUT  ] 2018-01-10T13:20:27.079617176Z: [    5.952699] ACPI: PCI Interrupt Link [GSIH] enabled at IRQ 23
[STDOUT  ] 2018-01-10T13:20:27.083992382Z: [    5.957250] xenfs: not registering filesystem on non-xen platform
[STDOUT  ] 2018-01-10T13:20:27.085806016Z: [    5.959187] Serial: 8250/16550 driver, 4 ports, IRQ sharing disabled
[STDOUT  ] 2018-01-10T13:20:27.109846901Z: [    5.983263] 00:04: ttyS0 at I/O 0x3f8 (irq = 4, base_baud = 115200) is a 16550A
[STDOUT  ] 2018-01-10T13:20:27.120353728Z: [    5.993773] Non-volatile memory driver v1.3
[STDOUT  ] 2018-01-10T13:20:27.126381591Z: [    5.999796] Hangcheck: starting hangcheck timer 0.9.1 (tick is 180 seconds, margin is 60 seconds).
[STDOUT  ] 2018-01-10T13:20:27.130638996Z: [    6.004101] random: fast init done
[STDOUT  ] 2018-01-10T13:20:27.132052172Z: [    6.005441] random: crng init done
[STDOUT  ] 2018-01-10T13:20:27.158511457Z: [    6.031988] loop: module loaded
[STDOUT  ] 2018-01-10T13:20:27.170372123Z: [    6.043773] nbd: registered device at major 43
[STDOUT  ] 2018-01-10T13:20:27.200289029Z: [    6.073584] lpc_ich 0000:00:1f.0: I/O space for GPIO uninitialized
[STDOUT  ] 2018-01-10T13:20:27.201703476Z: [    6.075216] VMware PVSCSI driver - version 1.0.7.0-k
[STDOUT  ] 2018-01-10T13:20:27.202341537Z: [    6.075773] hv_vmbus: registering driver hv_storvsc
[STDOUT  ] 2018-01-10T13:20:27.20959764Z: [    6.082967] ACPI: PCI Interrupt Link [GSIA] enabled at IRQ 16
[STDOUT  ] 2018-01-10T13:20:27.216038417Z: [    6.089239] ahci 0000:00:1f.2: AHCI 0001.0000 32 slots 6 ports 1.5 Gbps 0x3f impl SATA mode
[STDOUT  ] 2018-01-10T13:20:27.216572536Z: [    6.089951] ahci 0000:00:1f.2: flags: 64bit ncq only 
[STDOUT  ] 2018-01-10T13:20:27.232703872Z: [    6.106209] scsi host0: ahci
[STDOUT  ] 2018-01-10T13:20:27.235814447Z: [    6.109280] scsi host1: ahci
[STDOUT  ] 2018-01-10T13:20:27.23834717Z: [    6.111915] scsi host2: ahci
[STDOUT  ] 2018-01-10T13:20:27.240666231Z: [    6.114231] scsi host3: ahci
[STDOUT  ] 2018-01-10T13:20:27.242432481Z: [    6.116002] scsi host4: ahci
[STDOUT  ] 2018-01-10T13:20:27.244154216Z: [    6.117701] scsi host5: ahci
[STDOUT  ] 2018-01-10T13:20:27.245981319Z: [    6.119179] ata1: SATA max UDMA/133 abar m4096@0xfebd2000 port 0xfebd2100 irq 24
[STDOUT  ] 2018-01-10T13:20:27.246337386Z: [    6.119696] ata2: SATA max UDMA/133 abar m4096@0xfebd2000 port 0xfebd2180 irq 24
[STDOUT  ] 2018-01-10T13:20:27.246956476Z: [    6.120044] ata3: SATA max UDMA/133 abar m4096@0xfebd2000 port 0xfebd2200 irq 24
[STDOUT  ] 2018-01-10T13:20:27.24736571Z: [    6.120797] ata4: SATA max UDMA/133 abar m4096@0xfebd2000 port 0xfebd2280 irq 24
[STDOUT  ] 2018-01-10T13:20:27.247796737Z: [    6.121126] ata5: SATA max UDMA/133 abar m4096@0xfebd2000 port 0xfebd2300 irq 24
[STDOUT  ] 2018-01-10T13:20:27.248064985Z: [    6.121506] ata6: SATA max UDMA/133 abar m4096@0xfebd2000 port 0xfebd2380 irq 24
[STDOUT  ] 2018-01-10T13:20:27.258478954Z: [    6.131683] tun: Universal TUN/TAP device driver, 1.6
[STDOUT  ] 2018-01-10T13:20:27.258811758Z: [    6.132138] tun: (C) 1999-2004 Max Krasnyansky <maxk@qualcomm.com>
[STDOUT  ] 2018-01-10T13:20:27.2694652Z: [    6.142893] VMware vmxnet3 virtual NIC driver - version 1.4.a.0-k-NAPI
[STDOUT  ] 2018-01-10T13:20:27.270225585Z: [    6.143580] hv_vmbus: registering driver hv_netvsc
[STDOUT  ] 2018-01-10T13:20:27.270457218Z: [    6.143878] Fusion MPT base driver 3.04.20
[STDOUT  ] 2018-01-10T13:20:27.270792999Z: [    6.144165] Copyright (c) 1999-2008 LSI Corporation
[STDOUT  ] 2018-01-10T13:20:27.271317369Z: [    6.144733] Fusion MPT SPI Host driver 3.04.20
[STDOUT  ] 2018-01-10T13:20:27.2732333Z: [    6.146589] i8042: PNP: PS/2 Controller [PNP0303:KBD,PNP0f13:MOU] at 0x60,0x64 irq 1,12
[STDOUT  ] 2018-01-10T13:20:27.277236473Z: [    6.150748] serio: i8042 KBD port at 0x60,0x64 irq 1
[STDOUT  ] 2018-01-10T13:20:27.277940991Z: [    6.151329] serio: i8042 AUX port at 0x60,0x64 irq 12
[STDOUT  ] 2018-01-10T13:20:27.280371451Z: [    6.153910] hv_vmbus: registering driver hyperv_keyboard
[STDOUT  ] 2018-01-10T13:20:27.282563808Z: [    6.155862] mousedev: PS/2 mouse device common for all mice
[STDOUT  ] 2018-01-10T13:20:27.287485351Z: [    6.160618] input: AT Translated Set 2 keyboard as /devices/platform/i8042/serio0/input/input1
[STDOUT  ] 2018-01-10T13:20:27.289830635Z: [    6.163167] input: PC Speaker as /devices/platform/pcspkr/input/input2
[STDOUT  ] 2018-01-10T13:20:27.292920092Z: [    6.166449] rtc_cmos 00:00: RTC can wake from S4
[STDOUT  ] 2018-01-10T13:20:27.296230567Z: [    6.169511] rtc_cmos 00:00: rtc core: registered rtc_cmos as rtc0
[STDOUT  ] 2018-01-10T13:20:27.297817641Z: [    6.171157] rtc_cmos 00:00: alarms up to one day, y3k, 114 bytes nvram, hpet irqs
[STDOUT  ] 2018-01-10T13:20:27.29825246Z: [    6.171845] i2c /dev entries driver
[STDOUT  ] 2018-01-10T13:20:27.300137951Z: [    6.173549] device-mapper: ioctl: 4.35.0-ioctl (2016-06-23) initialised: dm-devel@redhat.com
[STDOUT  ] 2018-01-10T13:20:27.304136385Z: [    6.177439] usbcore: registered new interface driver usbhid
[STDOUT  ] 2018-01-10T13:20:27.304299707Z: [    6.177852] usbhid: USB HID core driver
[STDOUT  ] 2018-01-10T13:20:27.304954157Z: [    6.178401] hv_utils: Registering HyperV Utility Driver
[STDOUT  ] 2018-01-10T13:20:27.305098116Z: [    6.178670] hv_vmbus: registering driver hv_util
[STDOUT  ] 2018-01-10T13:20:27.305386408Z: [    6.178902] hv_vmbus: registering driver hv_balloon
[STDOUT  ] 2018-01-10T13:20:27.305978156Z: [    6.179417] oprofile: using NMI interrupt.
[STDOUT  ] 2018-01-10T13:20:27.30731646Z: [    6.180858] GACT probability on
[STDOUT  ] 2018-01-10T13:20:27.307707693Z: [    6.181312] Mirror/redirect action on
[STDOUT  ] 2018-01-10T13:20:27.308552064Z: [    6.182074] Simple TC action Loaded
[STDOUT  ] 2018-01-10T13:20:27.309011092Z: [    6.182598] u32 classifier
[STDOUT  ] 2018-01-10T13:20:27.309326834Z: [    6.182764]     Performance counters on
[STDOUT  ] 2018-01-10T13:20:27.309342802Z: [    6.182988]     input device check on
[STDOUT  ] 2018-01-10T13:20:27.309635315Z: [    6.183128]     Actions configured
[STDOUT  ] 2018-01-10T13:20:27.310157167Z: [    6.183743] Netfilter messages via NETLINK v0.30.
[STDOUT  ] 2018-01-10T13:20:27.310661633Z: [    6.184246] nfnl_acct: registering with nfnetlink.
[STDOUT  ] 2018-01-10T13:20:27.312117113Z: [    6.185466] nf_conntrack version 0.5.0 (8192 buckets, 32768 max)
[STDOUT  ] 2018-01-10T13:20:27.315076302Z: [    6.188427] ctnetlink v0.93: registering with nfnetlink.
[STDOUT  ] 2018-01-10T13:20:27.318252676Z: [    6.191619] nf_tables: (c) 2007-2009 Patrick McHardy <kaber@trash.net>
[STDOUT  ] 2018-01-10T13:20:27.318985443Z: [    6.192397] nf_tables_compat: (c) 2012 Pablo Neira Ayuso <pablo@netfilter.org>
[STDOUT  ] 2018-01-10T13:20:27.320983322Z: [    6.194548] xt_time: kernel timezone is -0000
[STDOUT  ] 2018-01-10T13:20:27.321289897Z: [    6.194938] ip_set: protocol 6
[STDOUT  ] 2018-01-10T13:20:27.322064842Z: [    6.195511] IPVS: Registered protocols (TCP, UDP, SCTP, AH, ESP)
[STDOUT  ] 2018-01-10T13:20:27.322622769Z: [    6.196065] IPVS: Connection hash table configured (size=4096, memory=64Kbytes)
[STDOUT  ] 2018-01-10T13:20:27.324136857Z: [    6.197640] IPVS: Creating netns size=2104 id=0
[STDOUT  ] 2018-01-10T13:20:27.327165576Z: [    6.200718] IPVS: ipvs loaded.
[STDOUT  ] 2018-01-10T13:20:27.327482343Z: [    6.201061] IPVS: [rr] scheduler registered.
[STDOUT  ] 2018-01-10T13:20:27.327867566Z: [    6.201339] IPVS: [wrr] scheduler registered.
[STDOUT  ] 2018-01-10T13:20:27.327998535Z: [    6.201589] IPVS: [lc] scheduler registered.
[STDOUT  ] 2018-01-10T13:20:27.328409729Z: [    6.201785] IPVS: [wlc] scheduler registered.
[STDOUT  ] 2018-01-10T13:20:27.328539719Z: [    6.202130] IPVS: [fo] scheduler registered.
[STDOUT  ] 2018-01-10T13:20:27.328842221Z: [    6.202333] IPVS: [ovf] scheduler registered.
[STDOUT  ] 2018-01-10T13:20:27.329127748Z: [    6.202721] IPVS: [lblc] scheduler registered.
[STDOUT  ] 2018-01-10T13:20:27.329479446Z: [    6.203073] IPVS: [lblcr] scheduler registered.
[STDOUT  ] 2018-01-10T13:20:27.32975926Z: [    6.203310] IPVS: [dh] scheduler registered.
[STDOUT  ] 2018-01-10T13:20:27.330043322Z: [    6.203534] IPVS: [sh] scheduler registered.
[STDOUT  ] 2018-01-10T13:20:27.330338153Z: [    6.203799] IPVS: [sed] scheduler registered.
[STDOUT  ] 2018-01-10T13:20:27.330467763Z: [    6.204006] IPVS: [nq] scheduler registered.
[STDOUT  ] 2018-01-10T13:20:27.331286456Z: [    6.204703] IPVS: ftp: loaded support on port[0] = 21
[STDOUT  ] 2018-01-10T13:20:27.332149284Z: [    6.205502] ipip: IPv4 and MPLS over IPv4 tunneling driver
[STDOUT  ] 2018-01-10T13:20:27.335438078Z: [    6.209003] gre: GRE over IPv4 demultiplexor driver
[STDOUT  ] 2018-01-10T13:20:27.339031417Z: [    6.212565] ip_tables: (C) 2000-2006 Netfilter Core Team
[STDOUT  ] 2018-01-10T13:20:27.342248857Z: [    6.215584] ipt_CLUSTERIP: ClusterIP Version 0.8 loaded successfully
[STDOUT  ] 2018-01-10T13:20:27.342853701Z: [    6.216277] arp_tables: arp_tables: (C) 2002 David S. Miller
[STDOUT  ] 2018-01-10T13:20:27.345021345Z: [    6.218442] NET: Registered protocol family 10
[STDOUT  ] 2018-01-10T13:20:27.354273515Z: [    6.227660] ip6_tables: (C) 2000-2006 Netfilter Core Team
[STDOUT  ] 2018-01-10T13:20:27.362291182Z: [    6.235580] NET: Registered protocol family 17
[STDOUT  ] 2018-01-10T13:20:27.363133298Z: [    6.236695] Bridge firewalling registered
[STDOUT  ] 2018-01-10T13:20:27.363620819Z: [    6.237208] Ebtables v2.0 registered
[STDOUT  ] 2018-01-10T13:20:27.365492404Z: [    6.239017] 8021q: 802.1Q VLAN Support v1.8
[STDOUT  ] 2018-01-10T13:20:27.367209287Z: [    6.240735] 9pnet: Installing 9P2000 support
[STDOUT  ] 2018-01-10T13:20:27.368759987Z: [    6.242288] Key type dns_resolver registered
[STDOUT  ] 2018-01-10T13:20:27.369687058Z: [    6.243131] microcode: AMD CPU family 0x6 not supported
[STDOUT  ] 2018-01-10T13:20:27.372643029Z: [    6.246153] registered taskstats version 1
[STDOUT  ] 2018-01-10T13:20:27.531558975Z: [    6.404781] Key type big_key registered
[STDOUT  ] 2018-01-10T13:20:27.580325506Z: [    6.453633] ata2: SATA link down (SStatus 0 SControl 300)
[STDOUT  ] 2018-01-10T13:20:27.583159236Z: [    6.456557] ata1: SATA link up 1.5 Gbps (SStatus 113 SControl 300)
[STDOUT  ] 2018-01-10T13:20:27.588228525Z: [    6.461426] ata1.00: ATA-7: QEMU HARDDISK, 2.5+, max UDMA/100
[STDOUT  ] 2018-01-10T13:20:27.58854859Z: [    6.461897] ata1.00: 524288 sectors, multi 16: LBA48 NCQ (depth 31/32)
[STDOUT  ] 2018-01-10T13:20:27.589018995Z: [    6.462459] ata1.00: applying bridge limits
[STDOUT  ] 2018-01-10T13:20:27.590460479Z: [    6.463870] ata4: SATA link down (SStatus 0 SControl 300)
[STDOUT  ] 2018-01-10T13:20:27.590942932Z: [    6.464380] ata3: SATA link up 1.5 Gbps (SStatus 113 SControl 300)
[STDOUT  ] 2018-01-10T13:20:27.591737469Z: [    6.465114] ata3.00: ATAPI: QEMU DVD-ROM, 2.5+, max UDMA/100
[STDOUT  ] 2018-01-10T13:20:27.592085107Z: [    6.465475] ata3.00: applying bridge limits
[STDOUT  ] 2018-01-10T13:20:27.592857066Z: [    6.466375] ata3.00: configured for UDMA/100
[STDOUT  ] 2018-01-10T13:20:27.597056239Z: [    6.470599] ata1.00: configured for UDMA/100
[STDOUT  ] 2018-01-10T13:20:27.601222162Z: [    6.474556] ata5: SATA link down (SStatus 0 SControl 300)
[STDOUT  ] 2018-01-10T13:20:27.60169029Z: [    6.475101] ata6: SATA link down (SStatus 0 SControl 300)
[STDOUT  ] 2018-01-10T13:20:27.618796563Z: [    6.491937] scsi 0:0:0:0: Direct-Access     ATA      QEMU HARDDISK    2.5+ PQ: 0 ANSI: 5
[STDOUT  ] 2018-01-10T13:20:27.627562022Z: [    6.500800] sd 0:0:0:0: [sda] 524288 512-byte logical blocks: (268 MB/256 MiB)
[STDOUT  ] 2018-01-10T13:20:27.63083199Z: [    6.504277] sd 0:0:0:0: [sda] Write Protect is off
[STDOUT  ] 2018-01-10T13:20:27.631958355Z: [    6.505342] sd 0:0:0:0: [sda] Write cache: enabled, read cache: enabled, doesn't support DPO or FUA
[STDOUT  ] 2018-01-10T13:20:27.637376453Z: [    6.510822] sd 0:0:0:0: Attached scsi generic sg0 type 0
[STDOUT  ] 2018-01-10T13:20:27.648901444Z: [    6.522087] scsi 2:0:0:0: CD-ROM            QEMU     QEMU DVD-ROM     2.5+ PQ: 0 ANSI: 5
[STDOUT  ] 2018-01-10T13:20:27.669969569Z: [    6.543133] sr 2:0:0:0: [sr0] scsi3-mmc drive: 4x/4x cd/rw xa/form2 tray
[STDOUT  ] 2018-01-10T13:20:27.670379049Z: [    6.543783] cdrom: Uniform CD-ROM driver Revision: 3.20
[STDOUT  ] 2018-01-10T13:20:27.680125626Z: [    6.553569] sr 2:0:0:0: Attached scsi generic sg1 type 5
[STDOUT  ] 2018-01-10T13:20:27.688888834Z: [    6.562341] sd 0:0:0:0: [sda] Attached SCSI disk
[STDOUT  ] 2018-01-10T13:20:27.723333205Z: [    6.596763] Key type encrypted registered
[STDOUT  ] 2018-01-10T13:20:27.729109081Z: [    6.602233] rtc_cmos 00:00: setting system clock to 2018-01-10 13:20:26 UTC (1515590426)
[STDOUT  ] 2018-01-10T13:20:27.860865875Z: [    6.734223] Freeing unused kernel memory: 1396K
[STDOUT  ] 2018-01-10T13:20:27.860933573Z: [    6.734467] Write protecting the kernel read-only data: 12288k
[STDOUT  ] 2018-01-10T13:20:27.866063336Z: [    6.739567] Freeing unused kernel memory: 124K
[STDOUT  ] 2018-01-10T13:20:27.952501202Z: [    6.825803] Freeing unused kernel memory: 1396K
[STDOUT  ] 2018-01-10T13:20:28.007475544Z: [    6.880745] tsc: Refined TSC clocksource calibration: 2599.931 MHz
[STDOUT  ] 2018-01-10T13:20:28.008186997Z: [    6.881339] clocksource: tsc: mask: 0xffffffffffffffff max_cycles: 0x2579fab3b11, max_idle_ns: 440795225635 ns
[STDOUT  ] 2018-01-10T13:20:29.022127804Z: [    7.895424] clocksource: Switched to clocksource tsc
[STDOUT  ] 2018-01-10T13:20:36.784830491Z: 
[STDOUT  ] 2018-01-10T13:20:36.785398744Z: Welcome to LinuxKit
[STDOUT  ] 2018-01-10T13:20:36.785566644Z: 
[STDOUT  ] 2018-01-10T13:20:36.785756647Z:                         ##         .
[STDOUT  ] 2018-01-10T13:20:36.786099615Z:                   ## ## ##        ==
[STDOUT  ] 2018-01-10T13:20:36.786256299Z:                ## ## ## ## ##    ===
[STDOUT  ] 2018-01-10T13:20:36.787154088Z:            /"""""""""""""""""\___/ ===
[STDOUT  ] 2018-01-10T13:20:36.787602077Z:           {                       /  ===-
[STDOUT  ] 2018-01-10T13:20:36.787771213Z:            \______ O           __/
[STDOUT  ] 2018-01-10T13:20:36.788112133Z:              \    \         __/
[STDOUT  ] 2018-01-10T13:20:36.788276495Z:               \____\_______/
[STDOUT  ] 2018-01-10T13:20:36.788291247Z: 
[STDOUT  ] 2018-01-10T13:20:37.477771197Z: [   16.351091] IPVS: Creating netns size=2104 id=1
[STDOUT  ] 2018-01-10T13:20:37.478115225Z: [   16.351538] IPVS: ftp: loaded support on port[0] = 21
[STDOUT  ] 2018-01-10T13:20:38.537838097Z: 2018/01/10 13:20:36 Creating partition on /dev/sda
[STDOUT  ] 2018-01-10T13:20:38.627620098Z: [   17.501143]  sda:
[STDOUT  ] 2018-01-10T13:20:38.687324494Z: [   17.560829]  sda:
[STDOUT  ] 2018-01-10T13:20:38.742303424Z: [   17.615763]  sda: sda1
[STDOUT  ] 2018-01-10T13:20:38.807159244Z: [   17.680690]  sda: sda1
[STDOUT  ] 2018-01-10T13:20:40.24254495Z: [   19.115957] mkfs.xfs: sending ioctl 1261 to a partition!
[STDOUT  ] 2018-01-10T13:20:40.25017032Z: 2018/01/10 13:20:38 Partition /dev/sda1 successfully created!
[STDOUT  ] 2018-01-10T13:20:40.776065002Z: [   19.649496] IPVS: Creating netns size=2104 id=2
[STDOUT  ] 2018-01-10T13:20:40.776160977Z: [   19.649723] IPVS: ftp: loaded support on port[0] = 21
[STDOUT  ] 2018-01-10T13:20:41.766351048Z: [   20.639753] FAT-fs (sda1): utf8 is not a recommended IO charset for FAT filesystems, filesystem will be case sensitive!
[STDOUT  ] 2018-01-10T13:20:41.771047999Z: [   20.644518] FAT-fs (sda1): utf8 is not a recommended IO charset for FAT filesystems, filesystem will be case sensitive!
[STDOUT  ] 2018-01-10T13:20:41.774042996Z: [   20.647609] mount: sending ioctl 5310 to a partition!
[STDOUT  ] 2018-01-10T13:20:41.803337306Z: [   20.676769] mount: sending ioctl 5310 to a partition!
[STDOUT  ] 2018-01-10T13:20:41.804868691Z: [   20.678404] UDF-fs: warning (device sda1): udf_fill_super: No partition found (2)
[STDOUT  ] 2018-01-10T13:20:41.820408847Z: [   20.693905] XFS (sda1): Mounting V5 Filesystem
[STDOUT  ] 2018-01-10T13:20:41.844185648Z: [   20.717630] XFS (sda1): Ending clean mount
[STDOUT  ] 2018-01-10T13:20:54.950659735Z: [   33.822937] sd 0:0:0:0: [sda] Synchronizing SCSI cache
[STDOUT  ] 2018-01-10T13:20:54.953185986Z: [   33.826558] sd 0:0:0:0: [sda] Stopping disk
[STDOUT  ] 2018-01-10T13:20:54.958649746Z: [   33.831846] ACPI: Preparing to enter system sleep state S5
[STDOUT  ] 2018-01-10T13:20:54.961935055Z: [   33.835421] reboot: Power down
[STDERR  ] 2018-01-10T13:20:55.277008563Z: + [ -f disk.img ]
[STDERR  ] 2018-01-10T13:20:55.277071485Z: + dd if=/dev/zero bs=1048576 count=256
[STDERR  ] 2018-01-10T13:20:55.488631033Z: 256+0 records in
[STDERR  ] 2018-01-10T13:20:55.488686583Z: 256+0 records out
[STDERR  ] 2018-01-10T13:20:55.488700004Z: 268435456 bytes (268 MB) copied, 0.210793 s, 1.3 GB/s
[STDERR  ] 2018-01-10T13:20:55.48905456Z: + linuxkit build -format kernel+initrd -name extend-xfs test.yml
[STDERR  ] 2018-01-10T13:20:55.541819851Z: Extract kernel image: linuxkit/kernel:4.9.75
[STDERR  ] 2018-01-10T13:20:56.717723677Z: time="2018-01-10T13:20:56Z" level=warning msg="certificate with CN Justin Cormack is near expiry"
[STDERR  ] 2018-01-10T13:20:56.717904061Z: time="2018-01-10T13:20:56Z" level=warning msg="certificate with CN  is near expiry"
[STDERR  ] 2018-01-10T13:20:56.717948289Z: time="2018-01-10T13:20:56Z" level=warning msg="certificate with CN  is near expiry"
[STDERR  ] 2018-01-10T13:20:56.763820035Z: time="2018-01-10T13:20:56Z" level=warning msg="certificate with CN Justin Cormack is near expiry"
[STDERR  ] 2018-01-10T13:20:57.129789712Z: Add init containers:
[STDERR  ] 2018-01-10T13:20:57.129830189Z: Process init image: linuxkit/init:5a577d070817b4f17821657823082651baafd4ed
[STDERR  ] 2018-01-10T13:20:58.17536916Z: time="2018-01-10T13:20:58Z" level=warning msg="certificate with CN  is near expiry"
[STDERR  ] 2018-01-10T13:20:58.175424631Z: time="2018-01-10T13:20:58Z" level=warning msg="certificate with CN  is near expiry"
[STDERR  ] 2018-01-10T13:20:58.175745967Z: time="2018-01-10T13:20:58Z" level=warning msg="certificate with CN Justin Cormack is near expiry"
[STDERR  ] 2018-01-10T13:20:58.180855111Z: time="2018-01-10T13:20:58Z" level=warning msg="certificate with CN Justin Cormack is near expiry"
[STDERR  ] 2018-01-10T13:20:58.18294782Z: time="2018-01-10T13:20:58Z" level=warning msg="certificate with CN  is near expiry"
[STDERR  ] 2018-01-10T13:20:58.362333125Z: Process init image: linuxkit/runc:abc3f292653e64a2fd488e9675ace19a55ec7023
[STDERR  ] 2018-01-10T13:20:59.392276617Z: time="2018-01-10T13:20:59Z" level=warning msg="certificate with CN  is near expiry"
[STDERR  ] 2018-01-10T13:20:59.392338599Z: time="2018-01-10T13:20:59Z" level=warning msg="certificate with CN  is near expiry"
[STDERR  ] 2018-01-10T13:20:59.392493326Z: time="2018-01-10T13:20:59Z" level=warning msg="certificate with CN Justin Cormack is near expiry"
[STDERR  ] 2018-01-10T13:20:59.394373768Z: time="2018-01-10T13:20:59Z" level=warning msg="certificate with CN Justin Cormack is near expiry"
[STDERR  ] 2018-01-10T13:20:59.395576487Z: time="2018-01-10T13:20:59Z" level=warning msg="certificate with CN  is near expiry"
[STDERR  ] 2018-01-10T13:20:59.557967043Z: Add onboot containers:
[STDERR  ] 2018-01-10T13:20:59.558017405Z:   Create OCI config for linuxkit/extend:e550c16d8464cabeffdff80f27e6fa8278f06dbb
[STDERR  ] 2018-01-10T13:21:00.608003836Z: time="2018-01-10T13:21:00Z" level=warning msg="certificate with CN Justin Cormack is near expiry"
[STDERR  ] 2018-01-10T13:21:00.608097013Z: time="2018-01-10T13:21:00Z" level=warning msg="certificate with CN Rolf Neugebauer is near expiry"
[STDERR  ] 2018-01-10T13:21:00.608202491Z: time="2018-01-10T13:21:00Z" level=warning msg="certificate with CN  is near expiry"
[STDERR  ] 2018-01-10T13:21:00.608298663Z: time="2018-01-10T13:21:00Z" level=warning msg="certificate with CN Moby CI is near expiry"
[STDERR  ] 2018-01-10T13:21:00.608353132Z: time="2018-01-10T13:21:00Z" level=warning msg="certificate with CN  is near expiry"
[STDERR  ] 2018-01-10T13:21:00.609502691Z: time="2018-01-10T13:21:00Z" level=warning msg="certificate with CN  is near expiry"
[STDERR  ] 2018-01-10T13:21:00.610701131Z: time="2018-01-10T13:21:00Z" level=warning msg="certificate with CN Rolf Neugebauer is near expiry"
[STDERR  ] 2018-01-10T13:21:00.97805514Z:   Create OCI config for linuxkit/mount:b346ec277b7074e5c9986128a879c10a1d18742b
[STDERR  ] 2018-01-10T13:21:02.02178809Z: time="2018-01-10T13:21:02Z" level=warning msg="certificate with CN Rolf Neugebauer is near expiry"
[STDERR  ] 2018-01-10T13:21:02.021841189Z: time="2018-01-10T13:21:02Z" level=warning msg="certificate with CN  is near expiry"
[STDERR  ] 2018-01-10T13:21:02.021904835Z: time="2018-01-10T13:21:02Z" level=warning msg="certificate with CN  is near expiry"
[STDERR  ] 2018-01-10T13:21:02.022149284Z: time="2018-01-10T13:21:02Z" level=warning msg="certificate with CN Justin Cormack is near expiry"
[STDERR  ] 2018-01-10T13:21:02.024281655Z: time="2018-01-10T13:21:02Z" level=warning msg="certificate with CN Justin Cormack is near expiry"
[STDERR  ] 2018-01-10T13:21:02.025264074Z: time="2018-01-10T13:21:02Z" level=warning msg="certificate with CN Rolf Neugebauer is near expiry"
[STDERR  ] 2018-01-10T13:21:02.02590421Z: time="2018-01-10T13:21:02Z" level=warning msg="certificate with CN  is near expiry"
[STDERR  ] 2018-01-10T13:21:02.379468741Z:   Create OCI config for alpine:3.7
[STDERR  ] 2018-01-10T13:21:03.599239078Z:   Create OCI config for linuxkit/poweroff:bccfe1cb04fc7bb9f03613d2314f38abd2620f29
[STDERR  ] 2018-01-10T13:21:04.634420977Z: time="2018-01-10T13:21:04Z" level=warning msg="certificate with CN Justin Cormack is near expiry"
[STDERR  ] 2018-01-10T13:21:04.635091324Z: time="2018-01-10T13:21:04Z" level=warning msg="certificate with CN Rolf Neugebauer is near expiry"
[STDERR  ] 2018-01-10T13:21:04.635235861Z: time="2018-01-10T13:21:04Z" level=warning msg="certificate with CN  is near expiry"
[STDERR  ] 2018-01-10T13:21:04.63537872Z: time="2018-01-10T13:21:04Z" level=warning msg="certificate with CN  is near expiry"
[STDERR  ] 2018-01-10T13:21:04.636964002Z: time="2018-01-10T13:21:04Z" level=warning msg="certificate with CN Rolf Neugebauer is near expiry"
[STDERR  ] 2018-01-10T13:21:04.637561191Z: time="2018-01-10T13:21:04Z" level=warning msg="certificate with CN  is near expiry"
[STDERR  ] 2018-01-10T13:21:04.852894865Z: Add files:
[STDERR  ] 2018-01-10T13:21:04.852936991Z:   check.sh
[STDERR  ] 2018-01-10T13:21:04.860410687Z: Create outputs:
[STDERR  ] 2018-01-10T13:21:10.440594213Z:   extend-xfs-kernel extend-xfs-initrd.img extend-xfs-cmdline
[STDERR  ] 2018-01-10T13:21:10.681785045Z: + linuxkit run -disk file=disk.img extend-xfs
[STDERR  ] 2018-01-10T13:21:10.708042724Z: Unable to find qemu-system-x86_64 within the $PATH. Using a container
[STDERR  ] 2018-01-10T13:21:10.708097602Z: Using existing disk [disk.img] format 
[STDERR  ] 2018-01-10T13:21:11.211948816Z: WARNING: Image format was not specified for 'disk.img' and probing guessed raw.
[STDERR  ] 2018-01-10T13:21:11.211993908Z:          Automatically detecting the format is dangerous for raw images, write operations on block 0 will be restricted.
[STDERR  ] 2018-01-10T13:21:11.212011457Z:          Specify the 'raw' format explicitly to remove the restrictions.
[STDERR  ] 2018-01-10T13:21:48.267305813Z: + RESULT=[    0.000000] Linux version 4.9.75-linuxkit (root@912da39a9ad2) (gcc version 6.4.0 (Alpine 6.4.0) ) #1 SMP Sat Jan 6 12:14:29 UTC 2018
[STDERR  ] 2018-01-10T13:21:48.267373893Z: [    0.000000] Command line: console=ttyS0 console=ttyAMA0
[STDERR  ] 2018-01-10T13:21:48.267386071Z: [    0.000000] x86/fpu: Legacy x87 FPU detected.
[STDERR  ] 2018-01-10T13:21:48.267397286Z: [    0.000000] x86/fpu: Using 'eager' FPU context switches.
[STDERR  ] 2018-01-10T13:21:48.26740786Z: [    0.000000] e820: BIOS-provided physical RAM map:
[STDERR  ] 2018-01-10T13:21:48.26743155Z: [    0.000000] BIOS-e820: [mem 0x0000000000000000-0x000000000009fbff] usable
[STDERR  ] 2018-01-10T13:21:48.267441642Z: [    0.000000] BIOS-e820: [mem 0x000000000009fc00-0x000000000009ffff] reserved
[STDERR  ] 2018-01-10T13:21:48.26745177Z: [    0.000000] BIOS-e820: [mem 0x00000000000f0000-0x00000000000fffff] reserved
[STDERR  ] 2018-01-10T13:21:48.267461761Z: [    0.000000] BIOS-e820: [mem 0x0000000000100000-0x000000003ffdefff] usable
[STDERR  ] 2018-01-10T13:21:48.267471433Z: [    0.000000] BIOS-e820: [mem 0x000000003ffdf000-0x000000003fffffff] reserved
[STDERR  ] 2018-01-10T13:21:48.267480661Z: [    0.000000] BIOS-e820: [mem 0x00000000b0000000-0x00000000bfffffff] reserved
[STDERR  ] 2018-01-10T13:21:48.267490544Z: [    0.000000] BIOS-e820: [mem 0x00000000fed1c000-0x00000000fed1ffff] reserved
[STDERR  ] 2018-01-10T13:21:48.267499093Z: [    0.000000] BIOS-e820: [mem 0x00000000fffc0000-0x00000000ffffffff] reserved
[STDERR  ] 2018-01-10T13:21:48.267507669Z: [    0.000000] NX (Execute Disable) protection: active
[STDERR  ] 2018-01-10T13:21:48.267516325Z: [    0.000000] SMBIOS 2.8 present.
[STDERR  ] 2018-01-10T13:21:48.267524758Z: [    0.000000] Kernel/User page tables isolation: disabled
[STDERR  ] 2018-01-10T13:21:48.267533372Z: [    0.000000] e820: last_pfn = 0x3ffdf max_arch_pfn = 0x400000000
[STDERR  ] 2018-01-10T13:21:48.267549233Z: [    0.000000] x86/PAT: Configuration [0-7]: WB  WC  UC- UC  WB  WC  UC- WT  
[STDERR  ] 2018-01-10T13:21:48.267557512Z: [    0.000000] found SMP MP-table at [mem 0x000f6aa0-0x000f6aaf] mapped at [ffff9f19800f6aa0]
[STDERR  ] 2018-01-10T13:21:48.267566293Z: [    0.000000] RAMDISK: [mem 0x3deb9000-0x3ffcffff]
[STDERR  ] 2018-01-10T13:21:48.267574649Z: [    0.000000] ACPI: Early table checksum verification disabled
[STDERR  ] 2018-01-10T13:21:48.267583112Z: [    0.000000] ACPI: RSDP 0x00000000000F68B0 000014 (v00 BOCHS )
[STDERR  ] 2018-01-10T13:21:48.267591384Z: [    0.000000] ACPI: RSDT 0x000000003FFE20A8 000034 (v01 BOCHS  BXPCRSDT 00000001 BXPC 00000001)
[STDERR  ] 2018-01-10T13:21:48.267646442Z: [    0.000000] ACPI: FACP 0x000000003FFE1EC8 0000F4 (v03 BOCHS  BXPCFACP 00000001 BXPC 00000001)
[STDERR  ] 2018-01-10T13:21:48.267655933Z: [    0.000000] ACPI: DSDT 0x000000003FFE0040 001E88 (v01 BOCHS  BXPCDSDT 00000001 BXPC 00000001)
[STDERR  ] 2018-01-10T13:21:48.267665269Z: [    0.000000] ACPI: FACS 0x000000003FFE0000 000040
[STDERR  ] 2018-01-10T13:21:48.267674757Z: [    0.000000] ACPI: APIC 0x000000003FFE1FBC 000078 (v01 BOCHS  BXPCAPIC 00000001 BXPC 00000001)
[STDERR  ] 2018-01-10T13:21:48.267684131Z: [    0.000000] ACPI: HPET 0x000000003FFE2034 000038 (v01 BOCHS  BXPCHPET 00000001 BXPC 00000001)
[STDERR  ] 2018-01-10T13:21:48.267693624Z: [    0.000000] ACPI: MCFG 0x000000003FFE206C 00003C (v01 BOCHS  BXPCMCFG 00000001 BXPC 00000001)
[STDERR  ] 2018-01-10T13:21:48.267703092Z: [    0.000000] Zone ranges:
[STDERR  ] 2018-01-10T13:21:48.267712283Z: [    0.000000]   DMA      [mem 0x0000000000001000-0x0000000000ffffff]
[STDERR  ] 2018-01-10T13:21:48.267723394Z: [    0.000000]   DMA32    [mem 0x0000000001000000-0x000000003ffdefff]
[STDERR  ] 2018-01-10T13:21:48.26773256Z: [    0.000000]   Normal   empty
[STDERR  ] 2018-01-10T13:21:48.267742041Z: [    0.000000] Movable zone start for each node
[STDERR  ] 2018-01-10T13:21:48.267759267Z: [    0.000000] Early memory node ranges
[STDERR  ] 2018-01-10T13:21:48.267768796Z: [    0.000000]   node   0: [mem 0x0000000000001000-0x000000000009efff]
[STDERR  ] 2018-01-10T13:21:48.267778439Z: [    0.000000]   node   0: [mem 0x0000000000100000-0x000000003ffdefff]
[STDERR  ] 2018-01-10T13:21:48.267787847Z: [    0.000000] Initmem setup node 0 [mem 0x0000000000001000-0x000000003ffdefff]
[STDERR  ] 2018-01-10T13:21:48.267797819Z: [    0.000000] ACPI: PM-Timer IO Port: 0x608
[STDERR  ] 2018-01-10T13:21:48.267808613Z: [    0.000000] ACPI: LAPIC_NMI (acpi_id[0xff] dfl dfl lint[0x1])
[STDERR  ] 2018-01-10T13:21:48.267817924Z: [    0.000000] IOAPIC[0]: apic_id 0, version 32, address 0xfec00000, GSI 0-23
[STDERR  ] 2018-01-10T13:21:48.267830837Z: [    0.000000] ACPI: INT_SRC_OVR (bus 0 bus_irq 0 global_irq 2 dfl dfl)
[STDERR  ] 2018-01-10T13:21:48.267840065Z: [    0.000000] ACPI: INT_SRC_OVR (bus 0 bus_irq 5 global_irq 5 high level)
[STDERR  ] 2018-01-10T13:21:48.267849093Z: [    0.000000] ACPI: INT_SRC_OVR (bus 0 bus_irq 9 global_irq 9 high level)
[STDERR  ] 2018-01-10T13:21:48.267858173Z: [    0.000000] ACPI: INT_SRC_OVR (bus 0 bus_irq 10 global_irq 10 high level)
[STDERR  ] 2018-01-10T13:21:48.267866831Z: [    0.000000] ACPI: INT_SRC_OVR (bus 0 bus_irq 11 global_irq 11 high level)
[STDERR  ] 2018-01-10T13:21:48.267875522Z: [    0.000000] Using ACPI (MADT) for SMP configuration information
[STDERR  ] 2018-01-10T13:21:48.267884575Z: [    0.000000] ACPI: HPET id: 0x8086a201 base: 0xfed00000
[STDERR  ] 2018-01-10T13:21:48.267893659Z: [    0.000000] smpboot: Allowing 1 CPUs, 0 hotplug CPUs
[STDERR  ] 2018-01-10T13:21:48.267902289Z: [    0.000000] e820: [mem 0x40000000-0xafffffff] available for PCI devices
[STDERR  ] 2018-01-10T13:21:48.267911849Z: [    0.000000] Booting paravirtualized kernel on bare hardware
[STDERR  ] 2018-01-10T13:21:48.267923842Z: [    0.000000] clocksource: refined-jiffies: mask: 0xffffffff max_cycles: 0xffffffff, max_idle_ns: 19112604462750000 ns
[STDERR  ] 2018-01-10T13:21:48.267933729Z: [    0.000000] setup_percpu: NR_CPUS:128 nr_cpumask_bits:128 nr_cpu_ids:1 nr_node_ids:1
[STDERR  ] 2018-01-10T13:21:48.267947343Z: [    0.000000] percpu: Embedded 36 pages/cpu @ffff9f19bdc00000 s106904 r8192 d32360 u2097152
[STDERR  ] 2018-01-10T13:21:48.267956939Z: [    0.000000] Built 1 zonelists in Zone order, mobility grouping on.  Total pages: 257896
[STDERR  ] 2018-01-10T13:21:48.267965819Z: [    0.000000] Kernel command line: console=ttyS0 console=ttyAMA0
[STDERR  ] 2018-01-10T13:21:48.267975269Z: [    0.000000] PID hash table entries: 4096 (order: 3, 32768 bytes)
[STDERR  ] 2018-01-10T13:21:48.267984521Z: [    0.000000] Dentry cache hash table entries: 131072 (order: 8, 1048576 bytes)
[STDERR  ] 2018-01-10T13:21:48.267993677Z: [    0.000000] Inode-cache hash table entries: 65536 (order: 7, 524288 bytes)
[STDERR  ] 2018-01-10T13:21:48.268005878Z: [    0.000000] Memory: 980256K/1048052K available (8053K kernel code, 1391K rwdata, 2700K rodata, 1396K init, 564K bss, 67796K reserved, 0K cma-reserved)
[STDERR  ] 2018-01-10T13:21:48.268017598Z: [    0.000000] Hierarchical RCU implementation.
[STDERR  ] 2018-01-10T13:21:48.268026929Z: [    0.000000] 	Build-time adjustment of leaf fanout to 64.
[STDERR  ] 2018-01-10T13:21:48.268036263Z: [    0.000000] 	RCU restricting CPUs from NR_CPUS=128 to nr_cpu_ids=1.
[STDERR  ] 2018-01-10T13:21:48.268046711Z: [    0.000000] RCU: Adjusting geometry for rcu_fanout_leaf=64, nr_cpu_ids=1
[STDERR  ] 2018-01-10T13:21:48.268055974Z: [    0.000000] NR_IRQS:8448 nr_irqs:256 16
[STDERR  ] 2018-01-10T13:21:48.268064686Z: [    0.000000] Console: colour VGA+ 80x25
[STDERR  ] 2018-01-10T13:21:48.268075014Z: [    0.000000] console [ttyS0] enabled
[STDERR  ] 2018-01-10T13:21:48.268084692Z: [    0.000000] clocksource: hpet: mask: 0xffffffff max_cycles: 0xffffffff, max_idle_ns: 19112604467 ns
[STDERR  ] 2018-01-10T13:21:48.268093205Z: [    0.000000] tsc: Fast TSC calibration using PIT
[STDERR  ] 2018-01-10T13:21:48.268101444Z: [    0.000000] tsc: Detected 2599.910 MHz processor
[STDERR  ] 2018-01-10T13:21:48.268109702Z: [    0.021717] Calibrating delay loop (skipped), value calculated using timer frequency.. 5199.82 BogoMIPS (lpj=25999100)
[STDERR  ] 2018-01-10T13:21:48.268118567Z: [    0.022653] pid_max: default: 32768 minimum: 301
[STDERR  ] 2018-01-10T13:21:48.268128041Z: [    0.023529] ACPI: Core revision 20160831
[STDERR  ] 2018-01-10T13:21:48.26813697Z: [    0.050279] ACPI: 1 ACPI AML tables successfully acquired and loaded
[STDERR  ] 2018-01-10T13:21:48.268146008Z: [    0.054279] Security Framework initialized
[STDERR  ] 2018-01-10T13:21:48.268156165Z: [    0.054750] Yama: becoming mindful.
[STDERR  ] 2018-01-10T13:21:48.268165956Z: [    0.056651] Mount-cache hash table entries: 2048 (order: 2, 16384 bytes)
[STDERR  ] 2018-01-10T13:21:48.268178822Z: [    0.057080] Mountpoint-cache hash table entries: 2048 (order: 2, 16384 bytes)
[STDERR  ] 2018-01-10T13:21:48.268187683Z: [    0.075604] Last level iTLB entries: 4KB 0, 2MB 0, 4MB 0
[STDERR  ] 2018-01-10T13:21:48.268197263Z: [    0.076052] Last level dTLB entries: 4KB 0, 2MB 0, 4MB 0, 1GB 0
[STDERR  ] 2018-01-10T13:21:48.268208039Z: [    0.410527] Freeing SMP alternatives memory: 20K
[STDERR  ] 2018-01-10T13:21:48.268218158Z: [    0.419318] ftrace: allocating 35550 entries in 139 pages
[STDERR  ] 2018-01-10T13:21:48.268228297Z: [    0.493557] smpboot: Max logical packages: 1
[STDERR  ] 2018-01-10T13:21:48.268237404Z: [    0.501774] ..TIMER: vector=0x30 apic1=0 pin1=2 apic2=-1 pin2=-1
[STDERR  ] 2018-01-10T13:21:48.26824807Z: [    0.610000] smpboot: CPU0: AMD QEMU Virtual CPU version 2.5+ (family: 0x6, model: 0x6, stepping: 0x3)
[STDERR  ] 2018-01-10T13:21:48.268257661Z: [    0.610000] Performance Events: PMU not available due to virtualization, using software events only.
[STDERR  ] 2018-01-10T13:21:48.268266797Z: [    0.617892] NMI watchdog: disabled (cpu0): hardware events not enabled
[STDERR  ] 2018-01-10T13:21:48.268276872Z: [    0.618354] NMI watchdog: Shutting down hard lockup detector on all cpus
[STDERR  ] 2018-01-10T13:21:48.268286114Z: [    0.621227] x86: Booted up 1 node, 1 CPUs
[STDERR  ] 2018-01-10T13:21:48.268300056Z: [    0.621622] smpboot: Total of 1 processors activated (5199.82 BogoMIPS)
[STDERR  ] 2018-01-10T13:21:48.268310227Z: [    0.638125] devtmpfs: initialized
[STDERR  ] 2018-01-10T13:21:48.268321424Z: [    0.642791] x86/mm: Memory block size: 128MB
[STDERR  ] 2018-01-10T13:21:48.268330696Z: [    0.677938] clocksource: jiffies: mask: 0xffffffff max_cycles: 0xffffffff, max_idle_ns: 19112604462750000 ns
[STDERR  ] 2018-01-10T13:21:48.268340077Z: [    0.678798] futex hash table entries: 256 (order: 2, 16384 bytes)
[STDERR  ] 2018-01-10T13:21:48.26835035Z: [    0.687300] NET: Registered protocol family 16
[STDERR  ] 2018-01-10T13:21:48.268359944Z: [    0.697487] cpuidle: using governor ladder
[STDERR  ] 2018-01-10T13:21:48.268369448Z: [    0.697935] cpuidle: using governor menu
[STDERR  ] 2018-01-10T13:21:48.268378765Z: [    0.699006] ACPI: bus type PCI registered
[STDERR  ] 2018-01-10T13:21:48.268387271Z: [    0.702711] PCI: MMCONFIG for domain 0000 [bus 00-ff] at [mem 0xb0000000-0xbfffffff] (base 0xb0000000)
[STDERR  ] 2018-01-10T13:21:48.268395791Z: [    0.703397] PCI: MMCONFIG at [mem 0xb0000000-0xbfffffff] reserved in E820
[STDERR  ] 2018-01-10T13:21:48.268404656Z: [    0.704300] PCI: Using configuration type 1 for base access
[STDERR  ] 2018-01-10T13:21:48.268413371Z: [    0.743699] HugeTLB registered 2 MB page size, pre-allocated 0 pages
[STDERR  ] 2018-01-10T13:21:48.268421712Z: [    0.754457] ACPI: Added _OSI(Module Device)
[STDERR  ] 2018-01-10T13:21:48.268430084Z: [    0.754744] ACPI: Added _OSI(Processor Device)
[STDERR  ] 2018-01-10T13:21:48.268438919Z: [    0.754994] ACPI: Added _OSI(3.0 _SCP Extensions)
[STDERR  ] 2018-01-10T13:21:48.26844747Z: [    0.755237] ACPI: Added _OSI(Processor Aggregator Device)
[STDERR  ] 2018-01-10T13:21:48.268456194Z: [    0.807258] ACPI: Interpreter enabled
[STDERR  ] 2018-01-10T13:21:48.268464624Z: [    0.808264] ACPI: (supports S0 S5)
[STDERR  ] 2018-01-10T13:21:48.268473875Z: [    0.808617] ACPI: Using IOAPIC for interrupt routing
[STDERR  ] 2018-01-10T13:21:48.268482521Z: [    0.811377] PCI: Using host bridge windows from ACPI; if necessary, use "pci=nocrs" and report a bug
[STDERR  ] 2018-01-10T13:21:48.268493573Z: [    0.859698] ACPI: PCI Root Bridge [PCI0] (domain 0000 [bus 00-ff])
[STDERR  ] 2018-01-10T13:21:48.268502861Z: [    0.860403] acpi PNP0A08:00: _OSC: OS supports [ExtendedConfig ASPM ClockPM Segments MSI]
[STDERR  ] 2018-01-10T13:21:48.268512187Z: [    0.866069] acpi PNP0A08:00: _OSC: OS now controls [PCIeHotplug PME PCIeCapability]
[STDERR  ] 2018-01-10T13:21:48.268522322Z: [    0.870338] PCI host bridge to bus 0000:00
[STDERR  ] 2018-01-10T13:21:48.268537216Z: [    0.870862] pci_bus 0000:00: root bus resource [io  0x0000-0x0cf7 window]
[STDERR  ] 2018-01-10T13:21:48.268546756Z: [    0.871190] pci_bus 0000:00: root bus resource [io  0x0d00-0xffff window]
[STDERR  ] 2018-01-10T13:21:48.268555676Z: [    0.871491] pci_bus 0000:00: root bus resource [mem 0x000a0000-0x000bffff window]
[STDERR  ] 2018-01-10T13:21:48.268565047Z: [    0.871853] pci_bus 0000:00: root bus resource [mem 0xc0000000-0xfebfffff window]
[STDERR  ] 2018-01-10T13:21:48.268574221Z: [    0.872343] pci_bus 0000:00: root bus resource [bus 00-ff]
[STDERR  ] 2018-01-10T13:21:48.268582905Z: [    1.040311] pci 0000:00:1f.0: quirk: [io  0x0600-0x067f] claimed by ICH6 ACPI/GPIO/TCO
[STDERR  ] 2018-01-10T13:21:48.268596958Z: [    1.127787] ACPI: PCI Interrupt Link [LNKA] (IRQs 5 *10 11)
[STDERR  ] 2018-01-10T13:21:48.268613924Z: [    1.130961] ACPI: PCI Interrupt Link [LNKB] (IRQs 5 *10 11)
[STDERR  ] 2018-01-10T13:21:48.268622781Z: [    1.132626] ACPI: PCI Interrupt Link [LNKC] (IRQs 5 10 *11)
[STDERR  ] 2018-01-10T13:21:48.268631645Z: [    1.134052] ACPI: PCI Interrupt Link [LNKD] (IRQs 5 10 *11)
[STDERR  ] 2018-01-10T13:21:48.268640556Z: [    1.135324] ACPI: PCI Interrupt Link [LNKE] (IRQs 5 *10 11)
[STDERR  ] 2018-01-10T13:21:48.268649341Z: [    1.136738] ACPI: PCI Interrupt Link [LNKF] (IRQs 5 *10 11)
[STDERR  ] 2018-01-10T13:21:48.268662632Z: [    1.138230] ACPI: PCI Interrupt Link [LNKG] (IRQs 5 10 *11)
[STDERR  ] 2018-01-10T13:21:48.268672906Z: [    1.140449] ACPI: PCI Interrupt Link [LNKH] (IRQs 5 10 *11)
[STDERR  ] 2018-01-10T13:21:48.268681323Z: [    1.141172] ACPI: PCI Interrupt Link [GSIA] (IRQs *16)
[STDERR  ] 2018-01-10T13:21:48.26868969Z: [    1.141615] ACPI: PCI Interrupt Link [GSIB] (IRQs *17)
[STDERR  ] 2018-01-10T13:21:48.268698508Z: [    1.142133] ACPI: PCI Interrupt Link [GSIC] (IRQs *18)
[STDERR  ] 2018-01-10T13:21:48.268708516Z: [    1.142625] ACPI: PCI Interrupt Link [GSID] (IRQs *19)
[STDERR  ] 2018-01-10T13:21:48.268717815Z: [    1.143106] ACPI: PCI Interrupt Link [GSIE] (IRQs *20)
[STDERR  ] 2018-01-10T13:21:48.268726502Z: [    1.143566] ACPI: PCI Interrupt Link [GSIF] (IRQs *21)
[STDERR  ] 2018-01-10T13:21:48.268735631Z: [    1.144091] ACPI: PCI Interrupt Link [GSIG] (IRQs *22)
[STDERR  ] 2018-01-10T13:21:48.268745379Z: [    1.144598] ACPI: PCI Interrupt Link [GSIH] (IRQs *23)
[STDERR  ] 2018-01-10T13:21:48.268754666Z: [    1.147707] ACPI: Enabled 1 GPEs in block 00 to 3F
[STDERR  ] 2018-01-10T13:21:48.268763586Z: [    1.151150] SCSI subsystem initialized
[STDERR  ] 2018-01-10T13:21:48.268772875Z: [    1.152780] ACPI: bus type USB registered
[STDERR  ] 2018-01-10T13:21:48.268782466Z: [    1.153724] usbcore: registered new interface driver usbfs
[STDERR  ] 2018-01-10T13:21:48.268792415Z: [    1.154491] usbcore: registered new interface driver hub
[STDERR  ] 2018-01-10T13:21:48.268802046Z: [    1.155150] usbcore: registered new device driver usb
[STDERR  ] 2018-01-10T13:21:48.268811151Z: [    1.156169] pps_core: LinuxPPS API ver. 1 registered
[STDERR  ] 2018-01-10T13:21:48.268820528Z: [    1.156360] pps_core: Software ver. 5.3.6 - Copyright 2005-2007 Rodolfo Giometti <giometti@linux.it>
[STDERR  ] 2018-01-10T13:21:48.268830294Z: [    1.156956] PTP clock support registered
[STDERR  ] 2018-01-10T13:21:48.268839587Z: [    1.158023] wmi: Mapper loaded
[STDERR  ] 2018-01-10T13:21:48.268849471Z: [    1.159054] PCI: Using ACPI for IRQ routing
[STDERR  ] 2018-01-10T13:21:48.268858875Z: [    1.172811] NetLabel: Initializing
[STDERR  ] 2018-01-10T13:21:48.268868593Z: [    1.173004] NetLabel:  domain hash size = 128
[STDERR  ] 2018-01-10T13:21:48.26887827Z: [    1.173279] NetLabel:  protocols = UNLABELED CIPSOv4
[STDERR  ] 2018-01-10T13:21:48.268887805Z: [    1.175054] NetLabel:  unlabeled traffic allowed by default
[STDERR  ] 2018-01-10T13:21:48.268896249Z: [    1.176008] HPET: 3 timers in total, 0 timers will be used for per-cpu timer
[STDERR  ] 2018-01-10T13:21:48.268906985Z: [    1.176674] hpet0: at MMIO 0xfed00000, IRQs 2, 8, 0
[STDERR  ] 2018-01-10T13:21:48.268918862Z: [    1.177036] hpet0: 3 comparators, 64-bit 100.000000 MHz counter
[STDERR  ] 2018-01-10T13:21:48.268931741Z: [    1.181549] clocksource: Switched to clocksource hpet
[STDERR  ] 2018-01-10T13:21:48.268940122Z: [    1.377092] VFS: Disk quotas dquot_6.6.0
[STDERR  ] 2018-01-10T13:21:48.268949646Z: [    1.377763] VFS: Dquot-cache hash table entries: 512 (order 0, 4096 bytes)
[STDERR  ] 2018-01-10T13:21:48.268958924Z: [    1.381543] FS-Cache: Loaded
[STDERR  ] 2018-01-10T13:21:48.26896929Z: [    1.387189] CacheFiles: Loaded
[STDERR  ] 2018-01-10T13:21:48.268977954Z: [    1.388592] pnp: PnP ACPI init
[STDERR  ] 2018-01-10T13:21:48.268987536Z: [    1.397853] pnp: PnP ACPI: found 5 devices
[STDERR  ] 2018-01-10T13:21:48.268996331Z: [    1.437508] clocksource: acpi_pm: mask: 0xffffff max_cycles: 0xffffff, max_idle_ns: 2085701024 ns
[STDERR  ] 2018-01-10T13:21:48.269005864Z: [    1.440806] NET: Registered protocol family 2
[STDERR  ] 2018-01-10T13:21:48.269014858Z: [    1.448021] TCP established hash table entries: 8192 (order: 4, 65536 bytes)
[STDERR  ] 2018-01-10T13:21:48.269024704Z: [    1.448689] TCP bind hash table entries: 8192 (order: 5, 131072 bytes)
[STDERR  ] 2018-01-10T13:21:48.269033614Z: [    1.449334] TCP: Hash tables configured (established 8192 bind 8192)
[STDERR  ] 2018-01-10T13:21:48.269042885Z: [    1.451335] UDP hash table entries: 512 (order: 2, 16384 bytes)
[STDERR  ] 2018-01-10T13:21:48.269057197Z: [    1.451844] UDP-Lite hash table entries: 512 (order: 2, 16384 bytes)
[STDERR  ] 2018-01-10T13:21:48.2690656Z: [    1.453982] NET: Registered protocol family 1
[STDERR  ] 2018-01-10T13:21:48.269075803Z: [    1.454885] pci 0000:00:01.0: Video device with shadowed ROM at [mem 0x000c0000-0x000dffff]
[STDERR  ] 2018-01-10T13:21:48.269084758Z: [    1.462910] Unpacking initramfs...
[STDERR  ] 2018-01-10T13:21:48.269093343Z: [    5.942172] Freeing initrd memory: 33884K
[STDERR  ] 2018-01-10T13:21:48.269102461Z: [    5.962843] PCLMULQDQ-NI instructions are not detected.
[STDERR  ] 2018-01-10T13:21:48.269111506Z: [    5.964032] AVX or AES-NI instructions are not detected.
[STDERR  ] 2018-01-10T13:21:48.269120846Z: [    5.964494] CPU feature 'AVX registers' is not supported.
[STDERR  ] 2018-01-10T13:21:48.269133446Z: [    5.964807] CPU feature 'AVX registers' is not supported.
[STDERR  ] 2018-01-10T13:21:48.269141912Z: [    5.965100] CPU feature 'AVX registers' is not supported.
[STDERR  ] 2018-01-10T13:21:48.269150238Z: [    5.965401] CPU feature 'AVX registers' is not supported.
[STDERR  ] 2018-01-10T13:21:48.269158946Z: [    5.965745] AVX2 or AES-NI instructions are not detected.
[STDERR  ] 2018-01-10T13:21:48.269167425Z: [    5.966064] AVX2 instructions are not detected.
[STDERR  ] 2018-01-10T13:21:48.269175905Z: [    5.971553] audit: initializing netlink subsys (disabled)
[STDERR  ] 2018-01-10T13:21:48.269184578Z: [    5.973081] audit: type=2000 audit(1515590477.970:1): initialized
[STDERR  ] 2018-01-10T13:21:48.269194248Z: [    5.982264] workingset: timestamp_bits=46 max_order=18 bucket_order=0
[STDERR  ] 2018-01-10T13:21:48.269202647Z: [    5.985498] squashfs: version 4.0 (2009/01/31) Phillip Lougher
[STDERR  ] 2018-01-10T13:21:48.2692106Z: [    5.988043] FS-Cache: Netfs 'cifs' registered for caching
[STDERR  ] 2018-01-10T13:21:48.269219754Z: [    5.988868] fuse init (API version 7.26)
[STDERR  ] 2018-01-10T13:21:48.269227968Z: [    5.991419] SGI XFS with ACLs, security attributes, no debug enabled
[STDERR  ] 2018-01-10T13:21:48.269236563Z: [    5.995993] 9p: Installing v9fs 9p2000 file system support
[STDERR  ] 2018-01-10T13:21:48.269244928Z: [    5.996526] FS-Cache: Netfs '9p' registered for caching
[STDERR  ] 2018-01-10T13:21:48.2692538Z: [    6.019140] NET: Registered protocol family 38
[STDERR  ] 2018-01-10T13:21:48.269262421Z: [    6.019563] Key type asymmetric registered
[STDERR  ] 2018-01-10T13:21:48.269271335Z: [    6.019901] Asymmetric key parser 'x509' registered
[STDERR  ] 2018-01-10T13:21:48.269280533Z: [    6.021228] Block layer SCSI generic (bsg) driver version 0.4 loaded (major 251)
[STDERR  ] 2018-01-10T13:21:48.269294586Z: [    6.022830] io scheduler noop registered
[STDERR  ] 2018-01-10T13:21:48.269304292Z: [    6.023114] io scheduler deadline registered (default)
[STDERR  ] 2018-01-10T13:21:48.269314047Z: [    6.023943] io scheduler cfq registered
[STDERR  ] 2018-01-10T13:21:48.269322961Z: [    6.026662] pci_hotplug: PCI Hot Plug PCI Core version: 0.5
[STDERR  ] 2018-01-10T13:21:48.269332099Z: [    6.027134] pciehp: PCI Express Hot Plug Controller Driver version: 0.4
[STDERR  ] 2018-01-10T13:21:48.26934149Z: [    6.027813] shpchp: Standard Hot Plug PCI Controller Driver version: 0.4
[STDERR  ] 2018-01-10T13:21:48.269350832Z: [    6.028501] hv_vmbus: registering driver hyperv_fb
[STDERR  ] 2018-01-10T13:21:48.269360031Z: [    6.033036] input: Power Button as /devices/LNXSYSTM:00/LNXPWRBN:00/input/input0
[STDERR  ] 2018-01-10T13:21:48.269368115Z: [    6.034051] ACPI: Power Button [PWRF]
[STDERR  ] 2018-01-10T13:21:48.269377071Z: [    6.038302] GHES: HEST is not enabled!
[STDERR  ] 2018-01-10T13:21:48.269386437Z: [    6.046458] ACPI: PCI Interrupt Link [GSIG] enabled at IRQ 22
[STDERR  ] 2018-01-10T13:21:48.269399586Z: [    6.057451] ACPI: PCI Interrupt Link [GSIH] enabled at IRQ 23
[STDERR  ] 2018-01-10T13:21:48.269408233Z: [    6.062224] xenfs: not registering filesystem on non-xen platform
[STDERR  ] 2018-01-10T13:21:48.269417201Z: [    6.064144] Serial: 8250/16550 driver, 4 ports, IRQ sharing disabled
[STDERR  ] 2018-01-10T13:21:48.269431265Z: [    6.088019] 00:04: ttyS0 at I/O 0x3f8 (irq = 4, base_baud = 115200) is a 16550A
[STDERR  ] 2018-01-10T13:21:48.269439957Z: [    6.098284] Non-volatile memory driver v1.3
[STDERR  ] 2018-01-10T13:21:48.269448322Z: [    6.106042] Hangcheck: starting hangcheck timer 0.9.1 (tick is 180 seconds, margin is 60 seconds).
[STDERR  ] 2018-01-10T13:21:48.269457514Z: [    6.110542] random: fast init done
[STDERR  ] 2018-01-10T13:21:48.269466582Z: [    6.111738] random: crng init done
[STDERR  ] 2018-01-10T13:21:48.269475412Z: [    6.138767] loop: module loaded
[STDERR  ] 2018-01-10T13:21:48.269484242Z: [    6.151003] nbd: registered device at major 43
[STDERR  ] 2018-01-10T13:21:48.269493039Z: [    6.183497] lpc_ich 0000:00:1f.0: I/O space for GPIO uninitialized
[STDERR  ] 2018-01-10T13:21:48.269501708Z: [    6.185438] VMware PVSCSI driver - version 1.0.7.0-k
[STDERR  ] 2018-01-10T13:21:48.269510041Z: [    6.186169] hv_vmbus: registering driver hv_storvsc
[STDERR  ] 2018-01-10T13:21:48.269521779Z: [    6.193338] ACPI: PCI Interrupt Link [GSIA] enabled at IRQ 16
[STDERR  ] 2018-01-10T13:21:48.269530239Z: [    6.199240] ahci 0000:00:1f.2: AHCI 0001.0000 32 slots 6 ports 1.5 Gbps 0x3f impl SATA mode
[STDERR  ] 2018-01-10T13:21:48.269541746Z: [    6.199896] ahci 0000:00:1f.2: flags: 64bit ncq only 
[STDERR  ] 2018-01-10T13:21:48.26955015Z: [    6.215921] scsi host0: ahci
[STDERR  ] 2018-01-10T13:21:48.269557768Z: [    6.218946] scsi host1: ahci
[STDERR  ] 2018-01-10T13:21:48.269565661Z: [    6.220737] scsi host2: ahci
[STDERR  ] 2018-01-10T13:21:48.269574033Z: [    6.222399] scsi host3: ahci
[STDERR  ] 2018-01-10T13:21:48.269591937Z: [    6.224050] scsi host4: ahci
[STDERR  ] 2018-01-10T13:21:48.269606521Z: [    6.225741] scsi host5: ahci
[STDERR  ] 2018-01-10T13:21:48.269615821Z: [    6.227219] ata1: SATA max UDMA/133 abar m4096@0xfebd2000 port 0xfebd2100 irq 24
[STDERR  ] 2018-01-10T13:21:48.2696267Z: [    6.227671] ata2: SATA max UDMA/133 abar m4096@0xfebd2000 port 0xfebd2180 irq 24
[STDERR  ] 2018-01-10T13:21:48.269633319Z: [    6.228062] ata3: SATA max UDMA/133 abar m4096@0xfebd2000 port 0xfebd2200 irq 24
[STDERR  ] 2018-01-10T13:21:48.269639152Z: [    6.228373] ata4: SATA max UDMA/133 abar m4096@0xfebd2000 port 0xfebd2280 irq 24
[STDERR  ] 2018-01-10T13:21:48.269645085Z: [    6.228694] ata5: SATA max UDMA/133 abar m4096@0xfebd2000 port 0xfebd2300 irq 24
[STDERR  ] 2018-01-10T13:21:48.269651306Z: [    6.229051] ata6: SATA max UDMA/133 abar m4096@0xfebd2000 port 0xfebd2380 irq 24
[STDERR  ] 2018-01-10T13:21:48.269657629Z: [    6.239333] tun: Universal TUN/TAP device driver, 1.6
[STDERR  ] 2018-01-10T13:21:48.269668236Z: [    6.239688] tun: (C) 1999-2004 Max Krasnyansky <maxk@qualcomm.com>
[STDERR  ] 2018-01-10T13:21:48.269674106Z: [    6.249807] VMware vmxnet3 virtual NIC driver - version 1.4.a.0-k-NAPI
[STDERR  ] 2018-01-10T13:21:48.269680525Z: [    6.251115] hv_vmbus: registering driver hv_netvsc
[STDERR  ] 2018-01-10T13:21:48.269686548Z: [    6.251422] Fusion MPT base driver 3.04.20
[STDERR  ] 2018-01-10T13:21:48.269692861Z: [    6.251617] Copyright (c) 1999-2008 LSI Corporation
[STDERR  ] 2018-01-10T13:21:48.269699463Z: [    6.252174] Fusion MPT SPI Host driver 3.04.20
[STDERR  ] 2018-01-10T13:21:48.269705182Z: [    6.253944] i8042: PNP: PS/2 Controller [PNP0303:KBD,PNP0f13:MOU] at 0x60,0x64 irq 1,12
[STDERR  ] 2018-01-10T13:21:48.269711579Z: [    6.258024] serio: i8042 KBD port at 0x60,0x64 irq 1
[STDERR  ] 2018-01-10T13:21:48.269720867Z: [    6.258786] serio: i8042 AUX port at 0x60,0x64 irq 12
[STDERR  ] 2018-01-10T13:21:48.269726863Z: [    6.262137] hv_vmbus: registering driver hyperv_keyboard
[STDERR  ] 2018-01-10T13:21:48.269733236Z: [    6.264760] mousedev: PS/2 mouse device common for all mice
[STDERR  ] 2018-01-10T13:21:48.269739248Z: [    6.268964] input: AT Translated Set 2 keyboard as /devices/platform/i8042/serio0/input/input1
[STDERR  ] 2018-01-10T13:21:48.26974559Z: [    6.271300] input: PC Speaker as /devices/platform/pcspkr/input/input2
[STDERR  ] 2018-01-10T13:21:48.269756678Z: [    6.274707] rtc_cmos 00:00: RTC can wake from S4
[STDERR  ] 2018-01-10T13:21:48.269763547Z: [    6.278087] rtc_cmos 00:00: rtc core: registered rtc_cmos as rtc0
[STDERR  ] 2018-01-10T13:21:48.269769768Z: [    6.279199] rtc_cmos 00:00: alarms up to one day, y3k, 114 bytes nvram, hpet irqs
[STDERR  ] 2018-01-10T13:21:48.269776008Z: [    6.279763] i2c /dev entries driver
[STDERR  ] 2018-01-10T13:21:48.269782349Z: [    6.281601] device-mapper: ioctl: 4.35.0-ioctl (2016-06-23) initialised: dm-devel@redhat.com
[STDERR  ] 2018-01-10T13:21:48.269788515Z: [    6.285499] usbcore: registered new interface driver usbhid
[STDERR  ] 2018-01-10T13:21:48.269794536Z: [    6.285822] usbhid: USB HID core driver
[STDERR  ] 2018-01-10T13:21:48.269800327Z: [    6.286324] hv_utils: Registering HyperV Utility Driver
[STDERR  ] 2018-01-10T13:21:48.269807413Z: [    6.286589] hv_vmbus: registering driver hv_util
[STDERR  ] 2018-01-10T13:21:48.269813233Z: [    6.286821] hv_vmbus: registering driver hv_balloon
[STDERR  ] 2018-01-10T13:21:48.26981958Z: [    6.287286] oprofile: using NMI interrupt.
[STDERR  ] 2018-01-10T13:21:48.269825373Z: [    6.288300] GACT probability on
[STDERR  ] 2018-01-10T13:21:48.269831595Z: [    6.288740] Mirror/redirect action on
[STDERR  ] 2018-01-10T13:21:48.26983744Z: [    6.289479] Simple TC action Loaded
[STDERR  ] 2018-01-10T13:21:48.269843267Z: [    6.290383] u32 classifier
[STDERR  ] 2018-01-10T13:21:48.269849207Z: [    6.290543]     Performance counters on
[STDERR  ] 2018-01-10T13:21:48.269854987Z: [    6.290706]     input device check on
[STDERR  ] 2018-01-10T13:21:48.269860784Z: [    6.290887]     Actions configured
[STDERR  ] 2018-01-10T13:21:48.269866781Z: [    6.291401] Netfilter messages via NETLINK v0.30.
[STDERR  ] 2018-01-10T13:21:48.269872841Z: [    6.291873] nfnl_acct: registering with nfnetlink.
[STDERR  ] 2018-01-10T13:21:48.269878664Z: [    6.293159] nf_conntrack version 0.5.0 (8192 buckets, 32768 max)
[STDERR  ] 2018-01-10T13:21:48.269884551Z: [    6.296323] ctnetlink v0.93: registering with nfnetlink.
[STDERR  ] 2018-01-10T13:21:48.269890237Z: [    6.299177] nf_tables: (c) 2007-2009 Patrick McHardy <kaber@trash.net>
[STDERR  ] 2018-01-10T13:21:48.269896079Z: [    6.299932] nf_tables_compat: (c) 2012 Pablo Neira Ayuso <pablo@netfilter.org>
[STDERR  ] 2018-01-10T13:21:48.269902419Z: [    6.302484] xt_time: kernel timezone is -0000
[STDERR  ] 2018-01-10T13:21:48.269908383Z: [    6.302931] ip_set: protocol 6
[STDERR  ] 2018-01-10T13:21:48.269914276Z: [    6.303597] IPVS: Registered protocols (TCP, UDP, SCTP, AH, ESP)
[STDERR  ] 2018-01-10T13:21:48.269920163Z: [    6.304168] IPVS: Connection hash table configured (size=4096, memory=64Kbytes)
[STDERR  ] 2018-01-10T13:21:48.269930844Z: [    6.305696] IPVS: Creating netns size=2104 id=0
[STDERR  ] 2018-01-10T13:21:48.2699366Z: [    6.308535] IPVS: ipvs loaded.
[STDERR  ] 2018-01-10T13:21:48.269942399Z: [    6.308853] IPVS: [rr] scheduler registered.
[STDERR  ] 2018-01-10T13:21:48.269948126Z: [    6.309121] IPVS: [wrr] scheduler registered.
[STDERR  ] 2018-01-10T13:21:48.269953857Z: [    6.309328] IPVS: [lc] scheduler registered.
[STDERR  ] 2018-01-10T13:21:48.269959567Z: [    6.309545] IPVS: [wlc] scheduler registered.
[STDERR  ] 2018-01-10T13:21:48.269965521Z: [    6.309788] IPVS: [fo] scheduler registered.
[STDERR  ] 2018-01-10T13:21:48.269973895Z: [    6.310001] IPVS: [ovf] scheduler registered.
[STDERR  ] 2018-01-10T13:21:48.269979837Z: [    6.310888] IPVS: [lblc] scheduler registered.
[STDERR  ] 2018-01-10T13:21:48.269985587Z: [    6.311191] IPVS: [lblcr] scheduler registered.
[STDERR  ] 2018-01-10T13:21:48.269994054Z: [    6.311437] IPVS: [dh] scheduler registered.
[STDERR  ] 2018-01-10T13:21:48.269999766Z: [    6.311715] IPVS: [sh] scheduler registered.
[STDERR  ] 2018-01-10T13:21:48.27000554Z: [    6.311938] IPVS: [sed] scheduler registered.
[STDERR  ] 2018-01-10T13:21:48.270011262Z: [    6.312247] IPVS: [nq] scheduler registered.
[STDERR  ] 2018-01-10T13:21:48.270016989Z: [    6.312862] IPVS: ftp: loaded support on port[0] = 21
[STDERR  ] 2018-01-10T13:21:48.270026659Z: [    6.313490] ipip: IPv4 and MPLS over IPv4 tunneling driver
[STDERR  ] 2018-01-10T13:21:48.270032666Z: [    6.316889] gre: GRE over IPv4 demultiplexor driver
[STDERR  ] 2018-01-10T13:21:48.270038446Z: [    6.319780] ip_tables: (C) 2000-2006 Netfilter Core Team
[STDERR  ] 2018-01-10T13:21:48.270045107Z: [    6.323353] ipt_CLUSTERIP: ClusterIP Version 0.8 loaded successfully
[STDERR  ] 2018-01-10T13:21:48.270050982Z: [    6.323985] arp_tables: arp_tables: (C) 2002 David S. Miller
[STDERR  ] 2018-01-10T13:21:48.270056895Z: [    6.326276] NET: Registered protocol family 10
[STDERR  ] 2018-01-10T13:21:48.270062647Z: [    6.335100] ip6_tables: (C) 2000-2006 Netfilter Core Team
[STDERR  ] 2018-01-10T13:21:48.270069367Z: [    6.342651] NET: Registered protocol family 17
[STDERR  ] 2018-01-10T13:21:48.270077573Z: [    6.343800] Bridge firewalling registered
[STDERR  ] 2018-01-10T13:21:48.270084721Z: [    6.344268] Ebtables v2.0 registered
[STDERR  ] 2018-01-10T13:21:48.270092415Z: [    6.346221] 8021q: 802.1Q VLAN Support v1.8
[STDERR  ] 2018-01-10T13:21:48.27010013Z: [    6.347494] 9pnet: Installing 9P2000 support
[STDERR  ] 2018-01-10T13:21:48.270105956Z: [    6.348900] Key type dns_resolver registered
[STDERR  ] 2018-01-10T13:21:48.270111703Z: [    6.349742] microcode: AMD CPU family 0x6 not supported
[STDERR  ] 2018-01-10T13:21:48.270117599Z: [    6.353063] registered taskstats version 1
[STDERR  ] 2018-01-10T13:21:48.270123298Z: [    6.517941] Key type big_key registered
[STDERR  ] 2018-01-10T13:21:48.270129032Z: [    6.563917] ata3: SATA link up 1.5 Gbps (SStatus 113 SControl 300)
[STDERR  ] 2018-01-10T13:21:48.270135931Z: [    6.567943] ata2: SATA link down (SStatus 0 SControl 300)
[STDERR  ] 2018-01-10T13:21:48.270141757Z: [    6.569557] ata1: SATA link up 1.5 Gbps (SStatus 113 SControl 300)
[STDERR  ] 2018-01-10T13:21:48.270148027Z: [    6.571901] ata1.00: ATA-7: QEMU HARDDISK, 2.5+, max UDMA/100
[STDERR  ] 2018-01-10T13:21:48.270154729Z: [    6.572229] ata1.00: 1048576 sectors, multi 16: LBA48 NCQ (depth 31/32)
[STDERR  ] 2018-01-10T13:21:48.270160602Z: [    6.572683] ata1.00: applying bridge limits
[STDERR  ] 2018-01-10T13:21:48.270166262Z: [    6.573973] ata4: SATA link down (SStatus 0 SControl 300)
[STDERR  ] 2018-01-10T13:21:48.270172475Z: [    6.579954] ata1.00: configured for UDMA/100
[STDERR  ] 2018-01-10T13:21:48.270181013Z: [    6.580731] ata6: SATA link down (SStatus 0 SControl 300)
[STDERR  ] 2018-01-10T13:21:48.27018697Z: [    6.583089] ata3.00: ATAPI: QEMU DVD-ROM, 2.5+, max UDMA/100
[STDERR  ] 2018-01-10T13:21:48.270192676Z: [    6.583471] ata3.00: applying bridge limits
[STDERR  ] 2018-01-10T13:21:48.270201966Z: [    6.584021] ata3.00: configured for UDMA/100
[STDERR  ] 2018-01-10T13:21:48.27020781Z: [    6.585041] ata5: SATA link down (SStatus 0 SControl 300)
[STDERR  ] 2018-01-10T13:21:48.270231678Z: [    6.602027] scsi 0:0:0:0: Direct-Access     ATA      QEMU HARDDISK    2.5+ PQ: 0 ANSI: 5
[STDERR  ] 2018-01-10T13:21:48.270241441Z: [    6.611070] sd 0:0:0:0: [sda] 1048576 512-byte logical blocks: (537 MB/512 MiB)
[STDERR  ] 2018-01-10T13:21:48.270250308Z: [    6.613874] sd 0:0:0:0: [sda] Write Protect is off
[STDERR  ] 2018-01-10T13:21:48.270258886Z: [    6.616917] sd 0:0:0:0: [sda] Write cache: enabled, read cache: enabled, doesn't support DPO or FUA
[STDERR  ] 2018-01-10T13:21:48.270267851Z: [    6.618909] sd 0:0:0:0: Attached scsi generic sg0 type 0
[STDERR  ] 2018-01-10T13:21:48.270275922Z: [    6.636966] scsi 2:0:0:0: CD-ROM            QEMU     QEMU DVD-ROM     2.5+ PQ: 0 ANSI: 5
[STDERR  ] 2018-01-10T13:21:48.270284832Z: [    6.648444]  sda: sda1
[STDERR  ] 2018-01-10T13:21:48.270292994Z: [    6.653114] sr 2:0:0:0: [sr0] scsi3-mmc drive: 4x/4x cd/rw xa/form2 tray
[STDERR  ] 2018-01-10T13:21:48.270301392Z: [    6.653798] cdrom: Uniform CD-ROM driver Revision: 3.20
[STDERR  ] 2018-01-10T13:21:48.270309814Z: [    6.666256] sr 2:0:0:0: Attached scsi generic sg1 type 5
[STDERR  ] 2018-01-10T13:21:48.270326743Z: [    6.682592] sd 0:0:0:0: [sda] Attached SCSI disk
[STDERR  ] 2018-01-10T13:21:48.270336181Z: [    6.711310] Key type encrypted registered
[STDERR  ] 2018-01-10T13:21:48.27034617Z: [    6.716510] rtc_cmos 00:00: setting system clock to 2018-01-10 13:21:18 UTC (1515590478)
[STDERR  ] 2018-01-10T13:21:48.270355816Z: [    6.852190] Freeing unused kernel memory: 1396K
[STDERR  ] 2018-01-10T13:21:48.270367841Z: [    6.852518] Write protecting the kernel read-only data: 12288k
[STDERR  ] 2018-01-10T13:21:48.270378254Z: [    6.857785] Freeing unused kernel memory: 124K
[STDERR  ] 2018-01-10T13:21:48.27038711Z: [    6.942938] Freeing unused kernel memory: 1396K
[STDERR  ] 2018-01-10T13:21:48.270395738Z: [    6.960593] tsc: Refined TSC clocksource calibration: 2599.932 MHz
[STDERR  ] 2018-01-10T13:21:48.270405222Z: [    6.961130] clocksource: tsc: mask: 0xffffffffffffffff max_cycles: 0x2579fc12d04, max_idle_ns: 440795318291 ns
[STDERR  ] 2018-01-10T13:21:48.270414306Z: [    7.980965] clocksource: Switched to clocksource tsc
[STDERR  ] 2018-01-10T13:21:48.270424078Z: 
[STDERR  ] 2018-01-10T13:21:48.270433046Z: Welcome to LinuxKit
[STDERR  ] 2018-01-10T13:21:48.270442044Z: 
[STDERR  ] 2018-01-10T13:21:48.270450823Z:                         ##         .
[STDERR  ] 2018-01-10T13:21:48.27045963Z:                   ## ## ##        ==
[STDERR  ] 2018-01-10T13:21:48.270469042Z:                ## ## ## ## ##    ===
[STDERR  ] 2018-01-10T13:21:48.270477523Z:            /"""""""""""""""""\___/ ===
[STDERR  ] 2018-01-10T13:21:48.270489196Z:           {                       /  ===-
[STDERR  ] 2018-01-10T13:21:48.270497934Z:            \______ O           __/
[STDERR  ] 2018-01-10T13:21:48.270506356Z:              \    \         __/
[STDERR  ] 2018-01-10T13:21:48.270514954Z:               \____\_______/
[STDERR  ] 2018-01-10T13:21:48.270549059Z: 
[STDERR  ] 2018-01-10T13:21:48.270558873Z: [   16.971010] IPVS: Creating netns size=2104 id=1
[STDERR  ] 2018-01-10T13:21:48.270567376Z: [   16.971434] IPVS: ftp: loaded support on port[0] = 21
[STDERR  ] 2018-01-10T13:21:48.270576183Z: [   18.122734]  sda:
[STDERR  ] 2018-01-10T13:21:48.270585302Z: [   18.218238]  sda:
[STDERR  ] 2018-01-10T13:21:48.27059334Z: [   18.263640]  sda: sda1
[STDERR  ] 2018-01-10T13:21:48.270607637Z: [   18.350790]  sda: sda1
[STDERR  ] 2018-01-10T13:21:48.270616109Z: [   18.420848]  sda: sda1
[STDERR  ] 2018-01-10T13:21:48.270624219Z: [   19.806437] XFS (sda1): Mounting V5 Filesystem
[STDERR  ] 2018-01-10T13:21:48.270632218Z: [   19.833783] XFS (sda1): Starting recovery (logdev: internal)
[STDERR  ] 2018-01-10T13:21:48.270640531Z: [   19.854888] XFS (sda1): Ending recovery (logdev: internal)
[STDERR  ] 2018-01-10T13:21:48.270652582Z: [   19.988422] XFS (sda1): Unmounting Filesystem
[STDERR  ] 2018-01-10T13:21:48.270660743Z: 2018/01/10 13:21:32 Successfully resized /dev/sda
[STDERR  ] 2018-01-10T13:21:48.270668805Z: [   20.803698] IPVS: Creating netns size=2104 id=2
[STDERR  ] 2018-01-10T13:21:48.270677Z: [   20.803936] IPVS: ftp: loaded support on port[0] = 21
[STDERR  ] 2018-01-10T13:21:48.270685316Z: [   21.852800] FAT-fs (sda1): utf8 is not a recommended IO charset for FAT filesystems, filesystem will be case sensitive!
[STDERR  ] 2018-01-10T13:21:48.270694681Z: [   21.857301] FAT-fs (sda1): utf8 is not a recommended IO charset for FAT filesystems, filesystem will be case sensitive!
[STDERR  ] 2018-01-10T13:21:48.270703912Z: [   21.861003] mount: sending ioctl 5310 to a partition!
[STDERR  ] 2018-01-10T13:21:48.270712397Z: [   21.892389] mount: sending ioctl 5310 to a partition!
[STDERR  ] 2018-01-10T13:21:48.270721077Z: [   21.894092] UDF-fs: warning (device sda1): udf_fill_super: No partition found (2)
[STDERR  ] 2018-01-10T13:21:48.270730048Z: [   21.902293] XFS (sda1): Mounting V5 Filesystem
[STDERR  ] 2018-01-10T13:21:48.270738672Z: [   21.917905] XFS (sda1): Ending clean mount
[STDERR  ] 2018-01-10T13:21:48.270747265Z: + [ -f /var/lib/docker/bar ]
[STDERR  ] 2018-01-10T13:21:48.270756249Z: + touch /var/lib/docker/foo
[STDERR  ] 2018-01-10T13:21:48.270770674Z: + grep -qE [4-5][0-9]{2}\.[0-9]{1,}M
[STDERR  ] 2018-01-10T13:21:48.270779185Z: + df -h
[STDERR  ] 2018-01-10T13:21:48.270787664Z: + printf extend test suite PASSED\n
[STDERR  ] 2018-01-10T13:21:48.270795569Z: extend test suite PASSED
[STDERR  ] 2018-01-10T13:21:48.270805038Z: [   35.433560] sd 0:0:0:0: [sda] Synchronizing SCSI cache
[STDERR  ] 2018-01-10T13:21:48.270814193Z: [   35.437127] sd 0:0:0:0: [sda] Stopping disk
[STDERR  ] 2018-01-10T13:21:48.270822812Z: [   35.442032] ACPI: Preparing to enter system sleep state S5
[STDERR  ] 2018-01-10T13:21:48.270831823Z: [   35.446698] reboot: Power down
[STDERR  ] 2018-01-10T13:21:48.270840778Z: + echo [    0.000000] Linux version 4.9.75-linuxkit (root@912da39a9ad2) (gcc version 6.4.0 (Alpine 6.4.0) ) #1 SMP Sat Jan 6 12:14:29 UTC 2018
[STDERR  ] 2018-01-10T13:21:48.270850167Z: [    0.000000] Command line: console=ttyS0 console=ttyAMA0
[STDERR  ] 2018-01-10T13:21:48.270858938Z: [    0.000000] x86/fpu: Legacy x87 FPU detected.
[STDERR  ] 2018-01-10T13:21:48.270867818Z: [    0.000000] x86/fpu: Using 'eager' FPU context switches.
[STDERR  ] 2018-01-10T13:21:48.270876767Z: [    0.000000] e820: BIOS-provided physical RAM map:
[STDERR  ] 2018-01-10T13:21:48.270885529Z: [    0.000000] BIOS-e820: [mem 0x0000000000000000-0x000000000009fbff] usable
[STDERR  ] 2018-01-10T13:21:48.270894795Z: [    0.000000] BIOS-e820: [mem 0x000000000009fc00-0x000000000009ffff] reserved
[STDERR  ] 2018-01-10T13:21:48.270907237Z: [    0.000000] BIOS-e820: [mem 0x00000000000f0000-0x00000000000fffff] reserved
[STDERR  ] 2018-01-10T13:21:48.270916017Z: [    0.000000] BIOS-e820: [mem 0x0000000000100000-0x000000003ffdefff] usable
[STDERR  ] 2018-01-10T13:21:48.270924863Z: [    0.000000] BIOS-e820: [mem 0x000000003ffdf000-0x000000003fffffff] reserved
[STDERR  ] 2018-01-10T13:21:48.270933486Z: [    0.000000] BIOS-e820: [mem 0x00000000b0000000-0x00000000bfffffff] reserved
[STDERR  ] 2018-01-10T13:21:48.270942111Z: [    0.000000] BIOS-e820: [mem 0x00000000fed1c000-0x00000000fed1ffff] reserved
[STDERR  ] 2018-01-10T13:21:48.270950833Z: [    0.000000] BIOS-e820: [mem 0x00000000fffc0000-0x00000000ffffffff] reserved
[STDERR  ] 2018-01-10T13:21:48.27096069Z: [    0.000000] NX (Execute Disable) protection: active
[STDERR  ] 2018-01-10T13:21:48.270969318Z: [    0.000000] SMBIOS 2.8 present.
[STDERR  ] 2018-01-10T13:21:48.270978717Z: [    0.000000] Kernel/User page tables isolation: disabled
[STDERR  ] 2018-01-10T13:21:48.270987312Z: [    0.000000] e820: last_pfn = 0x3ffdf max_arch_pfn = 0x400000000
[STDERR  ] 2018-01-10T13:21:48.270996058Z: [    0.000000] x86/PAT: Configuration [0-7]: WB  WC  UC- UC  WB  WC  UC- WT  
[STDERR  ] 2018-01-10T13:21:48.271005032Z: [    0.000000] found SMP MP-table at [mem 0x000f6aa0-0x000f6aaf] mapped at [ffff9f19800f6aa0]
[STDERR  ] 2018-01-10T13:21:48.271017676Z: [    0.000000] RAMDISK: [mem 0x3deb9000-0x3ffcffff]
[STDERR  ] 2018-01-10T13:21:48.271026523Z: [    0.000000] ACPI: Early table checksum verification disabled
[STDERR  ] 2018-01-10T13:21:48.271035353Z: [    0.000000] ACPI: RSDP 0x00000000000F68B0 000014 (v00 BOCHS )
[STDERR  ] 2018-01-10T13:21:48.271044389Z: [    0.000000] ACPI: RSDT 0x000000003FFE20A8 000034 (v01 BOCHS  BXPCRSDT 00000001 BXPC 00000001)
[STDERR  ] 2018-01-10T13:21:48.271053143Z: [    0.000000] ACPI: FACP 0x000000003FFE1EC8 0000F4 (v03 BOCHS  BXPCFACP 00000001 BXPC 00000001)
[STDERR  ] 2018-01-10T13:21:48.271061739Z: [    0.000000] ACPI: DSDT 0x000000003FFE0040 001E88 (v01 BOCHS  BXPCDSDT 00000001 BXPC 00000001)
[STDERR  ] 2018-01-10T13:21:48.271070599Z: [    0.000000] ACPI: FACS 0x000000003FFE0000 000040
[STDERR  ] 2018-01-10T13:21:48.271079279Z: [    0.000000] ACPI: APIC 0x000000003FFE1FBC 000078 (v01 BOCHS  BXPCAPIC 00000001 BXPC 00000001)
[STDERR  ] 2018-01-10T13:21:48.271090895Z: [    0.000000] ACPI: HPET 0x000000003FFE2034 000038 (v01 BOCHS  BXPCHPET 00000001 BXPC 00000001)
[STDERR  ] 2018-01-10T13:21:48.271102174Z: [    0.000000] ACPI: MCFG 0x000000003FFE206C 00003C (v01 BOCHS  BXPCMCFG 00000001 BXPC 00000001)
[STDERR  ] 2018-01-10T13:21:48.271114431Z: [    0.000000] Zone ranges:
[STDERR  ] 2018-01-10T13:21:48.271123306Z: [    0.000000]   DMA      [mem 0x0000000000001000-0x0000000000ffffff]
[STDERR  ] 2018-01-10T13:21:48.271132225Z: [    0.000000]   DMA32    [mem 0x0000000001000000-0x000000003ffdefff]
[STDERR  ] 2018-01-10T13:21:48.271141413Z: [    0.000000]   Normal   empty
[STDERR  ] 2018-01-10T13:21:48.271150255Z: [    0.000000] Movable zone start for each node
[STDERR  ] 2018-01-10T13:21:48.271159136Z: [    0.000000] Early memory node ranges
[STDERR  ] 2018-01-10T13:21:48.271176111Z: [    0.000000]   node   0: [mem 0x0000000000001000-0x000000000009efff]
[STDERR  ] 2018-01-10T13:21:48.271186859Z: [    0.000000]   node   0: [mem 0x0000000000100000-0x000000003ffdefff]
[STDERR  ] 2018-01-10T13:21:48.271195554Z: [    0.000000] Initmem setup node 0 [mem 0x0000000000001000-0x000000003ffdefff]
[STDERR  ] 2018-01-10T13:21:48.271204502Z: [    0.000000] ACPI: PM-Timer IO Port: 0x608
[STDERR  ] 2018-01-10T13:21:48.271217213Z: [    0.000000] ACPI: LAPIC_NMI (acpi_id[0xff] dfl dfl lint[0x1])
[STDERR  ] 2018-01-10T13:21:48.271229557Z: [    0.000000] IOAPIC[0]: apic_id 0, version 32, address 0xfec00000, GSI 0-23
[STDERR  ] 2018-01-10T13:21:48.271237844Z: [    0.000000] ACPI: INT_SRC_OVR (bus 0 bus_irq 0 global_irq 2 dfl dfl)
[STDERR  ] 2018-01-10T13:21:48.27124622Z: [    0.000000] ACPI: INT_SRC_OVR (bus 0 bus_irq 5 global_irq 5 high level)
[STDERR  ] 2018-01-10T13:21:48.271254541Z: [    0.000000] ACPI: INT_SRC_OVR (bus 0 bus_irq 9 global_irq 9 high level)
[STDERR  ] 2018-01-10T13:21:48.271263208Z: [    0.000000] ACPI: INT_SRC_OVR (bus 0 bus_irq 10 global_irq 10 high level)
[STDERR  ] 2018-01-10T13:21:48.271271624Z: [    0.000000] ACPI: INT_SRC_OVR (bus 0 bus_irq 11 global_irq 11 high level)
[STDERR  ] 2018-01-10T13:21:48.271279682Z: [    0.000000] Using ACPI (MADT) for SMP configuration information
[STDERR  ] 2018-01-10T13:21:48.271292146Z: [    0.000000] ACPI: HPET id: 0x8086a201 base: 0xfed00000
[STDERR  ] 2018-01-10T13:21:48.271301032Z: [    0.000000] smpboot: Allowing 1 CPUs, 0 hotplug CPUs
[STDERR  ] 2018-01-10T13:21:48.271310911Z: [    0.000000] e820: [mem 0x40000000-0xafffffff] available for PCI devices
[STDERR  ] 2018-01-10T13:21:48.271319142Z: [    0.000000] Booting paravirtualized kernel on bare hardware
[STDERR  ] 2018-01-10T13:21:48.271327626Z: [    0.000000] clocksource: refined-jiffies: mask: 0xffffffff max_cycles: 0xffffffff, max_idle_ns: 19112604462750000 ns
[STDERR  ] 2018-01-10T13:21:48.271336606Z: [    0.000000] setup_percpu: NR_CPUS:128 nr_cpumask_bits:128 nr_cpu_ids:1 nr_node_ids:1
[STDERR  ] 2018-01-10T13:21:48.271345462Z: [    0.000000] percpu: Embedded 36 pages/cpu @ffff9f19bdc00000 s106904 r8192 d32360 u2097152
[STDERR  ] 2018-01-10T13:21:48.271357913Z: [    0.000000] Built 1 zonelists in Zone order, mobility grouping on.  Total pages: 257896
[STDERR  ] 2018-01-10T13:21:48.2713663Z: [    0.000000] Kernel command line: console=ttyS0 console=ttyAMA0
[STDERR  ] 2018-01-10T13:21:48.271374949Z: [    0.000000] PID hash table entries: 4096 (order: 3, 32768 bytes)
[STDERR  ] 2018-01-10T13:21:48.271383702Z: [    0.000000] Dentry cache hash table entries: 131072 (order: 8, 1048576 bytes)
[STDERR  ] 2018-01-10T13:21:48.271394029Z: [    0.000000] Inode-cache hash table entries: 65536 (order: 7, 524288 bytes)
[STDERR  ] 2018-01-10T13:21:48.271402307Z: [    0.000000] Memory: 980256K/1048052K available (8053K kernel code, 1391K rwdata, 2700K rodata, 1396K init, 564K bss, 67796K reserved, 0K cma-reserved)
[STDERR  ] 2018-01-10T13:21:48.271411811Z: [    0.000000] Hierarchical RCU implementation.
[STDERR  ] 2018-01-10T13:21:48.271420268Z: [    0.000000] 	Build-time adjustment of leaf fanout to 64.
[STDERR  ] 2018-01-10T13:21:48.271432013Z: [    0.000000] 	RCU restricting CPUs from NR_CPUS=128 to nr_cpu_ids=1.
[STDERR  ] 2018-01-10T13:21:48.271441035Z: [    0.000000] RCU: Adjusting geometry for rcu_fanout_leaf=64, nr_cpu_ids=1
[STDERR  ] 2018-01-10T13:21:48.271448995Z: [    0.000000] NR_IRQS:8448 nr_irqs:256 16
[STDERR  ] 2018-01-10T13:21:48.271457106Z: [    0.000000] Console: colour VGA+ 80x25
[STDERR  ] 2018-01-10T13:21:48.271469837Z: [    0.000000] console [ttyS0] enabled
[STDERR  ] 2018-01-10T13:21:48.271478266Z: [    0.000000] clocksource: hpet: mask: 0xffffffff max_cycles: 0xffffffff, max_idle_ns: 19112604467 ns
