[INFO    ] 2018-07-20T16:40:21.352310821Z: Running Test linuxkit.kernel.config_4.14.x in /tmp/build/test/cases/020_kernel/006_config_4.14.x
[INFO    ] 2018-07-20T16:40:21.352498119Z: Running command: [/bin/sh -x /tmp/build/test/cases/020_kernel/006_config_4.14.x/test.sh]
[STDERR  ] 2018-07-20T16:40:21.352563774Z: [    0.696680] clocksource: jiffies: mask: 0xffffffff max_cycles: 0xffffffff, max_idle_ns: 19112604462750000 ns
[STDERR  ] 2018-07-20T16:40:21.352589540Z: [    0.697574] futex hash table entries: 256 (order: 2, 16384 bytes)
[STDERR  ] 2018-07-20T16:40:21.352612113Z: [    0.705477] NET: Registered protocol family 16
[STDERR  ] 2018-07-20T16:40:21.352631776Z: [    0.713184] cpuidle: using governor ladder
[STDERR  ] 2018-07-20T16:40:21.352650801Z: [    0.713582] cpuidle: using governor menu
[STDERR  ] 2018-07-20T16:40:21.352669971Z: [    0.714491] ACPI: bus type PCI registered
[STDERR  ] 2018-07-20T16:40:21.352692848Z: [    0.717154] PCI: MMCONFIG for domain 0000 [bus 00-ff] at [mem 0xb0000000-0xbfffffff] (base 0xb0000000)
[STDERR  ] 2018-07-20T16:40:21.352712952Z: [    0.717918] PCI: MMCONFIG at [mem 0xb0000000-0xbfffffff] reserved in E820
[STDERR  ] 2018-07-20T16:40:21.352732910Z: [    0.719169] PCI: Using configuration type 1 for base access
[STDERR  ] 2018-07-20T16:40:21.352751848Z: [    0.761920] HugeTLB registered 2 MB page size, pre-allocated 0 pages
[STDERR  ] 2018-07-20T16:40:21.352773242Z: [    0.770439] ACPI: Added _OSI(Module Device)
[STDERR  ] 2018-07-20T16:40:21.352799048Z: [    0.770734] ACPI: Added _OSI(Processor Device)
[STDERR  ] 2018-07-20T16:40:21.352820385Z: [    0.770977] ACPI: Added _OSI(3.0 _SCP Extensions)
[STDERR  ] 2018-07-20T16:40:21.352838894Z: [    0.771270] ACPI: Added _OSI(Processor Aggregator Device)
[STDERR  ] 2018-07-20T16:40:21.352860919Z: [    0.823109] ACPI: Interpreter enabled
[STDERR  ] 2018-07-20T16:40:21.352912735Z: [    0.823884] ACPI: (supports S0 S5)
[STDERR  ] 2018-07-20T16:40:21.352942693Z: [    0.824231] ACPI: Using IOAPIC for interrupt routing
[STDERR  ] 2018-07-20T16:40:21.352962776Z: [    0.825901] PCI: Using host bridge windows from ACPI; if necessary, use "pci=nocrs" and report a bug
[STDERR  ] 2018-07-20T16:40:21.352984788Z: [    0.873524] ACPI: PCI Root Bridge [PCI0] (domain 0000 [bus 00-ff])
[STDERR  ] 2018-07-20T16:40:21.353005516Z: [    0.874352] acpi PNP0A08:00: _OSC: OS supports [ExtendedCo
[STDERR  ] 2018-07-20T16:40:21.353766707Z: + set -e
[STDERR  ] 2018-07-20T16:40:21.353837670Z: + . /tmp/build/test/cases/_lib/lib.sh
[STDERR  ] 2018-07-20T16:40:21.353858495Z: + [ -f src/github.com/linuxkit/rtf/lib/lib.sh ]
[STDERR  ] 2018-07-20T16:40:21.353878913Z: + LINUXKIT_TMPDIR=/tmp/build/test/cases/_tmp
[STDERR  ] 2018-07-20T16:40:21.353900980Z: + [ -f /tmp/build/test/cases/_tmp/env.sh ]
[STDERR  ] 2018-07-20T16:40:21.353956336Z: + . /tmp/build/test/cases/_tmp/env.sh
[STDERR  ] 2018-07-20T16:40:21.354021640Z: + export LINUXKIT_EXAMPLES_DIR=/tmp/build/test/cases/../../examples
[STDERR  ] 2018-07-20T16:40:21.354045746Z: + RT_CANCEL=253
[STDERR  ] 2018-07-20T16:40:21.354065853Z: + NAME=kconfig
[STDERR  ] 2018-07-20T16:40:21.354097710Z: + trap clean_up EXIT
[STDERR  ] 2018-07-20T16:40:21.354117816Z: + linuxkit build -format kernel+initrd -name kconfig test.yml
[STDERR  ] 2018-07-20T16:40:21.400552793Z: Extract kernel image: linuxkit/kernel:4.14.56
[STDERR  ] 2018-07-20T16:40:23.146558109Z: Add init containers:
[STDERR  ] 2018-07-20T16:40:23.146634275Z: Process init image: linuxkit/init:598439400c1e4bf8c25c63c98b2d3e83b1382be9
[STDERR  ] 2018-07-20T16:40:24.379678798Z: Process init image: linuxkit/runc:v0.5
[STDERR  ] 2018-07-20T16:40:25.571841437Z: Add onboot containers:
[STDERR  ] 2018-07-20T16:40:25.571911924Z:   Create OCI config for linuxkit/test-kernel-config:a780a39198cf98e2b93b773b36f9fc40a278edd0
[STDERR  ] 2018-07-20T16:40:26.977131709Z:   Create OCI config for linuxkit/poweroff:2687ed712690766b8156a77ac600005b532d2c7d
[STDERR  ] 2018-07-20T16:40:28.162697357Z: Create outputs:
[STDERR  ] 2018-07-20T16:40:33.141927102Z:   kconfig-kernel kconfig-initrd.img kconfig-cmdline
[STDERR  ] 2018-07-20T16:40:33.192828067Z: + linuxkit run kconfig
[STDERR  ] 2018-07-20T16:41:14.024027112Z: + RESULT=[    0.000000] Linux version 4.14.56-linuxkit (root@7fd12ecd320c) (gcc version 6.4.0 (Alpine 6.4.0)) #1 SMP Tue Jul 17 14:25:15 UTC 2018
[STDERR  ] 2018-07-20T16:41:14.024105681Z: [    0.000000] Command line: console=ttyS0 console=ttyAMA0
[STDERR  ] 2018-07-20T16:41:14.024126119Z: [    0.000000] x86/fpu: x87 FPU will use FXSAVE
[STDERR  ] 2018-07-20T16:41:14.024147998Z: [    0.000000] e820: BIOS-provided physical RAM map:
[STDERR  ] 2018-07-20T16:41:14.024167889Z: [    0.000000] BIOS-e820: [mem 0x0000000000000000-0x000000000009fbff] usable
[STDERR  ] 2018-07-20T16:41:14.024189810Z: [    0.000000] BIOS-e820: [mem 0x000000000009fc00-0x000000000009ffff] reserved
[STDERR  ] 2018-07-20T16:41:14.024211182Z: [    0.000000] BIOS-e820: [mem 0x00000000000f0000-0x00000000000fffff] reserved
[STDERR  ] 2018-07-20T16:41:14.024232160Z: [    0.000000] BIOS-e820: [mem 0x0000000000100000-0x000000003ffdefff] usable
[STDERR  ] 2018-07-20T16:41:14.024253377Z: [    0.000000] BIOS-e820: [mem 0x000000003ffdf000-0x000000003fffffff] reserved
[STDERR  ] 2018-07-20T16:41:14.024273274Z: [    0.000000] BIOS-e820: [mem 0x00000000b0000000-0x00000000bfffffff] reserved
[STDERR  ] 2018-07-20T16:41:14.024292802Z: [    0.000000] BIOS-e820: [mem 0x00000000fed1c000-0x00000000fed1ffff] reserved
[STDERR  ] 2018-07-20T16:41:14.024312223Z: [    0.000000] BIOS-e820: [mem 0x00000000fffc0000-0x00000000ffffffff] reserved
[STDERR  ] 2018-07-20T16:41:14.024331792Z: [    0.000000] NX (Execute Disable) protection: active
[STDERR  ] 2018-07-20T16:41:14.024352634Z: [    0.000000] SMBIOS 2.8 present.
[STDERR  ] 2018-07-20T16:41:14.024372818Z: [    0.000000] DMI: QEMU Standard PC (Q35 + ICH9, 2009), BIOS 1.10.2-1 04/01/2014
[STDERR  ] 2018-07-20T16:41:14.024396028Z: [    0.000000] tsc: Fast TSC calibration using PIT
[STDERR  ] 2018-07-20T16:41:14.024430480Z: [    0.000000] e820: last_pfn = 0x3ffdf max_arch_pfn = 0x400000000
[STDERR  ] 2018-07-20T16:41:14.024450172Z: [    0.000000] x86/PAT: Configuration [0-7]: WB  WC  UC- UC  WB  WP  UC- WT  
[STDERR  ] 2018-07-20T16:41:14.024468396Z: [    0.000000] found SMP MP-table at [mem 0x000f6a90-0x000f6a9f] mapped at [ffffffffff200a90]
[STDERR  ] 2018-07-20T16:41:14.024487175Z: [    0.000000] RAMDISK: [mem 0x3e4ef000-0x3ffcffff]
[STDERR  ] 2018-07-20T16:41:14.024506479Z: [    0.000000] ACPI: Early table checksum verification disabled
[STDERR  ] 2018-07-20T16:41:14.024524403Z: [    0.000000] ACPI: RSDP 0x00000000000F68D0 000014 (v00 BOCHS )
[STDERR  ] 2018-07-20T16:41:14.024548647Z: [    0.000000] ACPI: RSDT 0x000000003FFE2404 000034 (v01 BOCHS  BXPCRSDT 00000001 BXPC 00000001)
[STDERR  ] 2018-07-20T16:41:14.024567658Z: [    0.000000] ACPI: FACP 0x000000003FFE22A4 000074 (v01 BOCHS  BXPCFACP 00000001 BXPC 00000001)
[STDERR  ] 2018-07-20T16:41:14.024585965Z: [    0.000000] ACPI: DSDT 0x000000003FFE0040 002264 (v01 BOCHS  BXPCDSDT 00000001 BXPC 00000001)
[STDERR  ] 2018-07-20T16:41:14.024604213Z: [    0.000000] ACPI: FACS 0x000000003FFE0000 000040
[STDERR  ] 2018-07-20T16:41:14.024622847Z: [    0.000000] ACPI: APIC 0x000000003FFE2318 000078 (v01 BOCHS  BXPCAPIC 00000001 BXPC 00000001)
[STDERR  ] 2018-07-20T16:41:14.024641940Z: [    0.000000] ACPI: HPET 0x000000003FFE2390 000038 (v01 BOCHS  BXPCHPET 00000001 BXPC 00000001)
[STDERR  ] 2018-07-20T16:41:14.024660663Z: [    0.000000] ACPI: MCFG 0x000000003FFE23C8 00003C (v01 BOCHS  BXPCMCFG 00000001 BXPC 00000001)
[STDERR  ] 2018-07-20T16:41:14.024680986Z: [    0.000000] Zone ranges:
[STDERR  ] 2018-07-20T16:41:14.024700158Z: [    0.000000]   DMA      [mem 0x0000000000001000-0x0000000000ffffff]
[STDERR  ] 2018-07-20T16:41:14.024720747Z: [    0.000000]   DMA32    [mem 0x0000000001000000-0x000000003ffdefff]
[STDERR  ] 2018-07-20T16:41:14.024740544Z: [    0.000000]   Normal   empty
[STDERR  ] 2018-07-20T16:41:14.024760818Z: [    0.000000]   Device   empty
[STDERR  ] 2018-07-20T16:41:14.024781033Z: [    0.000000] Movable zone start for each node
[STDERR  ] 2018-07-20T16:41:14.024875324Z: [    0.000000] Early memory node ranges
[STDERR  ] 2018-07-20T16:41:14.024902139Z: [    0.000000]   node   0: [mem 0x0000000000001000-0x000000000009efff]
[STDERR  ] 2018-07-20T16:41:14.024921563Z: [    0.000000]   node   0: [mem 0x0000000000100000-0x000000003ffdefff]
[STDERR  ] 2018-07-20T16:41:14.024940252Z: [    0.000000] Initmem setup node 0 [mem 0x0000000000001000-0x000000003ffdefff]
[STDERR  ] 2018-07-20T16:41:14.024958664Z: [    0.000000] ACPI: PM-Timer IO Port: 0x608
[STDERR  ] 2018-07-20T16:41:14.024977308Z: [    0.000000] ACPI: LAPIC_NMI (acpi_id[0xff] dfl dfl lint[0x1])
[STDERR  ] 2018-07-20T16:41:14.024996020Z: [    0.000000] IOAPIC[0]: apic_id 0, version 32, address 0xfec00000, GSI 0-23
[STDERR  ] 2018-07-20T16:41:14.025013567Z: [    0.000000] ACPI: INT_SRC_OVR (bus 0 bus_irq 0 global_irq 2 dfl dfl)
[STDERR  ] 2018-07-20T16:41:14.025033151Z: [    0.000000] ACPI: INT_SRC_OVR (bus 0 bus_irq 5 global_irq 5 high level)
[STDERR  ] 2018-07-20T16:41:14.025052049Z: [    0.000000] ACPI: INT_SRC_OVR (bus 0 bus_irq 9 global_irq 9 high level)
[STDERR  ] 2018-07-20T16:41:14.025081134Z: [    0.000000] ACPI: INT_SRC_OVR (bus 0 bus_irq 10 global_irq 10 high level)
[STDERR  ] 2018-07-20T16:41:14.025098666Z: [    0.000000] ACPI: INT_SRC_OVR (bus 0 bus_irq 11 global_irq 11 high level)
[STDERR  ] 2018-07-20T16:41:14.025116652Z: [    0.000000] Using ACPI (MADT) for SMP configuration information
[STDERR  ] 2018-07-20T16:41:14.025135297Z: [    0.000000] ACPI: HPET id: 0x8086a201 base: 0xfed00000
[STDERR  ] 2018-07-20T16:41:14.025152747Z: [    0.000000] smpboot: Allowing 1 CPUs, 0 hotplug CPUs
[STDERR  ] 2018-07-20T16:41:14.025170275Z: [    0.000000] e820: [mem 0x40000000-0xafffffff] available for PCI devices
[STDERR  ] 2018-07-20T16:41:14.025188487Z: [    0.000000] Booting paravirtualized kernel on bare hardware
[STDERR  ] 2018-07-20T16:41:14.025207331Z: [    0.000000] clocksource: refined-jiffies: mask: 0xffffffff max_cycles: 0xffffffff, max_idle_ns: 19112604462750000 ns
[STDERR  ] 2018-07-20T16:41:14.025233481Z: [    0.000000] random: get_random_bytes called from start_kernel+0x92/0x4cb with crng_init=0
[STDERR  ] 2018-07-20T16:41:14.025258169Z: [    0.000000] setup_percpu: NR_CPUS:128 nr_cpumask_bits:128 nr_cpu_ids:1 nr_node_ids:1
[STDERR  ] 2018-07-20T16:41:14.025275084Z: [    0.000000] percpu: Embedded 44 pages/cpu @ffff97457e200000 s143256 r8192 d28776 u2097152
[STDERR  ] 2018-07-20T16:41:14.025292206Z: [    0.000000] Built 1 zonelists, mobility grouping on.  Total pages: 257896
[STDERR  ] 2018-07-20T16:41:14.025310548Z: [    0.000000] Kernel command line: console=ttyS0 console=ttyAMA0
[STDERR  ] 2018-07-20T16:41:14.025330758Z: [    0.000000] PID hash table entries: 4096 (order: 3, 32768 bytes)
[STDERR  ] 2018-07-20T16:41:14.025351299Z: [    0.000000] Dentry cache hash table entries: 131072 (order: 8, 1048576 bytes)
[STDERR  ] 2018-07-20T16:41:14.025369951Z: [    0.000000] Inode-cache hash table entries: 65536 (order: 7, 524288 bytes)
[STDERR  ] 2018-07-20T16:41:14.025388534Z: [    0.000000] Memory: 977268K/1048052K available (12300K kernel code, 1464K rwdata, 2996K rodata, 1512K init, 632K bss, 70784K reserved, 0K cma-reserved)
[STDERR  ] 2018-07-20T16:41:14.025411136Z: [    0.000000] ftrace: allocating 41044 entries in 161 pages
[STDERR  ] 2018-07-20T16:41:14.025428544Z: [    0.000000] Hierarchical RCU implementation.
[STDERR  ] 2018-07-20T16:41:14.025445845Z: [    0.000000] 	RCU restricting CPUs from NR_CPUS=128 to nr_cpu_ids=1.
[STDERR  ] 2018-07-20T16:41:14.025464215Z: [    0.000000] RCU: Adjusting geometry for rcu_fanout_leaf=16, nr_cpu_ids=1
[STDERR  ] 2018-07-20T16:41:14.025483859Z: [    0.000000] NR_IRQS: 8448, nr_irqs: 256, preallocated irqs: 16
[STDERR  ] 2018-07-20T16:41:14.025507259Z: [    0.000000] Console: colour VGA+ 80x25
[STDERR  ] 2018-07-20T16:41:14.025527077Z: [    0.000000] console [ttyS0] enabled
[STDERR  ] 2018-07-20T16:41:14.025544070Z: [    0.000000] clocksource: hpet: mask: 0xffffffff max_cycles: 0xffffffff, max_idle_ns: 19112604467 ns
[STDERR  ] 2018-07-20T16:41:14.025561139Z: [    0.010000] tsc: Fast TSC calibration using PIT
[STDERR  ] 2018-07-20T16:41:14.025583052Z: [    0.010000] tsc: Detected 2599.648 MHz processor
[STDERR  ] 2018-07-20T16:41:14.025600562Z: [    0.010000] Calibrating delay loop (skipped), value calculated using timer frequency.. 5199.29 BogoMIPS (lpj=25996480)
[STDERR  ] 2018-07-20T16:41:14.025617317Z: [    0.010000] pid_max: default: 32768 minimum: 301
[STDERR  ] 2018-07-20T16:41:14.025634646Z: [    0.010000] ACPI: Core revision 20170728
[STDERR  ] 2018-07-20T16:41:14.025650823Z: [    0.048461] ACPI: 1 ACPI AML tables successfully acquired and loaded
[STDERR  ] 2018-07-20T16:41:14.025667805Z: [    0.050174] Security Framework initialized
[STDERR  ] 2018-07-20T16:41:14.025684404Z: [    0.050559] Yama: becoming mindful.
[STDERR  ] 2018-07-20T16:41:14.025700984Z: [    0.052257] Mount-cache hash table entries: 2048 (order: 2, 16384 bytes)
[STDERR  ] 2018-07-20T16:41:14.025717964Z: [    0.052679] Mountpoint-cache hash table entries: 2048 (order: 2, 16384 bytes)
[STDERR  ] 2018-07-20T16:41:14.025736751Z: [    0.066331] Last level iTLB entries: 4KB 0, 2MB 0, 4MB 0
[STDERR  ] 2018-07-20T16:41:14.025755098Z: [    0.066697] Last level dTLB entries: 4KB 0, 2MB 0, 4MB 0, 1GB 0
[STDERR  ] 2018-07-20T16:41:14.025770950Z: [    0.067119] Spectre V2 : Spectre mitigation: LFENCE not serializing, switching to generic retpoline
[STDERR  ] 2018-07-20T16:41:14.025786990Z: [    0.067629] Spectre V2 : Mitigation: Full generic retpoline
[STDERR  ] 2018-07-20T16:41:14.025810595Z: [    0.067977] Spectre V2 : Spectre v2 mitigation: Filling RSB on context switch
[STDERR  ] 2018-07-20T16:41:14.025826204Z: [    0.068437] Speculative Store Bypass: Vulnerable
[STDERR  ] 2018-07-20T16:41:14.025842003Z: [    0.291153] Freeing SMP alternatives memory: 20K
[STDERR  ] 2018-07-20T16:41:14.025857969Z: [    0.306402] smpboot: Max logical packages: 1
[STDERR  ] 2018-07-20T16:41:14.025873817Z: [    0.311162] ..TIMER: vector=0x30 apic1=0 pin1=2 apic2=-1 pin2=-1
[STDERR  ] 2018-07-20T16:41:14.025896827Z: [    0.420000] smpboot: CPU0: AMD QEMU Virtual CPU version 2.5+ (family: 0x6, model: 0x6, stepping: 0x3)
[STDERR  ] 2018-07-20T16:41:14.025950857Z: [    0.420000] Performance Events: PMU not available due to virtualization, using software events only.
[STDERR  ] 2018-07-20T16:41:14.025969906Z: [    0.420000] Hierarchical SRCU implementation.
[STDERR  ] 2018-07-20T16:41:14.025990339Z: [    0.422884] NMI watchdog: Perf event create on CPU 0 failed with -2
[STDERR  ] 2018-07-20T16:41:14.026009788Z: [    0.423288] NMI watchdog: Perf NMI watchdog permanently disabled
[STDERR  ] 2018-07-20T16:41:14.026028192Z: [    0.426258] smp: Bringing up secondary CPUs ...
[STDERR  ] 2018-07-20T16:41:14.026052219Z: [    0.426618] smp: Brought up 1 node, 1 CPU
[STDERR  ] 2018-07-20T16:41:14.026069088Z: [    0.426947] smpboot: Total of 1 processors activated (5199.29 BogoMIPS)
[STDERR  ] 2018-07-20T16:41:14.026086087Z: [    0.438222] devtmpfs: initialized
[STDERR  ] 2018-07-20T16:41:14.026103049Z: [    0.442491] x86/mm: Memory block size: 128MB
[STDERR  ] 2018-07-20T16:41:14.026119694Z: [    0.446983] evm: security.ima
[STDERR  ] 2018-07-20T16:41:14.026138987Z: [    0.447217] evm: security.capability
[STDERR  ] 2018-07-20T16:41:14.026155589Z: [    0.451642] clocksource: jiffies: mask: 0xffffffff max_cycles: 0xffffffff, max_idle_ns: 19112604462750000 ns
[STDERR  ] 2018-07-20T16:41:14.026172751Z: [    0.452282] futex hash table entries: 256 (order: 2, 16384 bytes)
[STDERR  ] 2018-07-20T16:41:14.026195096Z: [    0.460553] NET: Registered protocol family 16
[STDERR  ] 2018-07-20T16:41:14.026214690Z: [    0.465806] cpuidle: using governor ladder
[STDERR  ] 2018-07-20T16:41:14.026231952Z: [    0.466183] cpuidle: using governor menu
[STDERR  ] 2018-07-20T16:41:14.026248686Z: [    0.467408] ACPI: bus type PCI registered
[STDERR  ] 2018-07-20T16:41:14.026265680Z: [    0.469630] PCI: MMCONFIG for domain 0000 [bus 00-ff] at [mem 0xb0000000-0xbfffffff] (base 0xb0000000)
[STDERR  ] 2018-07-20T16:41:14.026284556Z: [    0.470246] PCI: MMCONFIG at [mem 0xb0000000-0xbfffffff] reserved in E820
[STDERR  ] 2018-07-20T16:41:14.026307318Z: [    0.471284] PCI: Using configuration type 1 for base access
[STDERR  ] 2018-07-20T16:41:14.026325962Z: [    0.511872] HugeTLB registered 2.00 MiB page size, pre-allocated 0 pages
[STDERR  ] 2018-07-20T16:41:14.026343843Z: [    0.521770] ACPI: Added _OSI(Module Device)
[STDERR  ] 2018-07-20T16:41:14.026361391Z: [    0.522096] ACPI: Added _OSI(Processor Device)
[STDERR  ] 2018-07-20T16:41:14.026380443Z: [    0.522385] ACPI: Added _OSI(3.0 _SCP Extensions)
[STDERR  ] 2018-07-20T16:41:14.026399662Z: [    0.522654] ACPI: Added _OSI(Processor Aggregator Device)
[STDERR  ] 2018-07-20T16:41:14.026419063Z: [    0.576142] ACPI: Interpreter enabled
[STDERR  ] 2018-07-20T16:41:14.026437267Z: [    0.576836] ACPI: (supports S0 S5)
[STDERR  ] 2018-07-20T16:41:14.026454482Z: [    0.577188] ACPI: Using IOAPIC for interrupt routing
[STDERR  ] 2018-07-20T16:41:14.026475372Z: [    0.579028] PCI: Using host bridge windows from ACPI; if necessary, use "pci=nocrs" and report a bug
[STDERR  ] 2018-07-20T16:41:14.026493943Z: [    0.582235] ACPI: Enabled 2 GPEs in block 00 to 3F
[STDERR  ] 2018-07-20T16:41:14.026512291Z: [    0.632560] ACPI: PCI Root Bridge [PCI0] (domain 0000 [bus 00-ff])
[STDERR  ] 2018-07-20T16:41:14.026529623Z: [    0.633401] acpi PNP0A08:00: _OSC: OS supports [ExtendedConfig ASPM ClockPM Segments MSI]
[STDERR  ] 2018-07-20T16:41:14.026549803Z: [    0.636989] acpi PNP0A08:00: _OSC: OS now controls [PCIeHotplug PME PCIeCapability]
[STDERR  ] 2018-07-20T16:41:14.026568948Z: [    0.640076] PCI host bridge to bus 0000:00
[STDERR  ] 2018-07-20T16:41:14.026588524Z: [    0.640503] pci_bus 0000:00: root bus resource [io  0x0000-0x0cf7 window]
[STDERR  ] 2018-07-20T16:41:14.026606412Z: [    0.640931] pci_bus 0000:00: root bus resource [io  0x0d00-0xffff window]
[STDERR  ] 2018-07-20T16:41:14.026623868Z: [    0.641303] pci_bus 0000:00: root bus resource [mem 0x000a0000-0x000bffff window]
[STDERR  ] 2018-07-20T16:41:14.026648679Z: [    0.641711] pci_bus 0000:00: root bus resource [mem 0xc0000000-0xfebfffff window]
[STDERR  ] 2018-07-20T16:41:14.026669929Z: [    0.642215] pci_bus 0000:00: root bus resource [bus 00-ff]
[STDERR  ] 2018-07-20T16:41:14.026687453Z: [    0.685130] pci 0000:00:1f.0: quirk: [io  0x0600-0x067f] claimed by ICH6 ACPI/GPIO/TCO
[STDERR  ] 2018-07-20T16:41:14.026706951Z: [    0.710894] ACPI: PCI Interrupt Link [LNKA] (IRQs 5 *10 11)
[STDERR  ] 2018-07-20T16:41:14.026725556Z: [    0.712628] ACPI: PCI Interrupt Link [LNKB] (IRQs 5 *10 11)
[STDERR  ] 2018-07-20T16:41:14.026749032Z: [    0.713877] ACPI: PCI Interrupt Link [LNKC] (IRQs 5 10 *11)
[STDERR  ] 2018-07-20T16:41:14.026767674Z: [    0.715199] ACPI: PCI Interrupt Link [LNKD] (IRQs 5 10 *11)
[STDERR  ] 2018-07-20T16:41:14.026786447Z: [    0.716425] ACPI: PCI Interrupt Link [LNKE] (IRQs 5 *10 11)
[STDERR  ] 2018-07-20T16:41:14.026812580Z: [    0.717819] ACPI: PCI Interrupt Link [LNKF] (IRQs 5 *10 11)
[STDERR  ] 2018-07-20T16:41:14.026830008Z: [    0.719197] ACPI: PCI Interrupt Link [LNKG] (IRQs 5 10 *11)
[STDERR  ] 2018-07-20T16:41:14.026847431Z: [    0.721007] ACPI: PCI Interrupt Link [LNKH] (IRQs 5 10 *11)
[STDERR  ] 2018-07-20T16:41:14.026865874Z: [    0.721737] ACPI: PCI Interrupt Link [GSIA] (IRQs *16)
[STDERR  ] 2018-07-20T16:41:14.026884548Z: [    0.722304] ACPI: PCI Interrupt Link [GSIB] (IRQs *17)
[STDERR  ] 2018-07-20T16:41:14.026905968Z: [    0.722817] ACPI: PCI Interrupt Link [GSIC] (IRQs *18)
[STDERR  ] 2018-07-20T16:41:14.026924193Z: [    0.723305] ACPI: PCI Interrupt Link [GSID] (IRQs *19)
[STDERR  ] 2018-07-20T16:41:14.026942154Z: [    0.723804] ACPI: PCI Interrupt Link [GSIE] (IRQs *20)
[STDERR  ] 2018-07-20T16:41:14.026960821Z: [    0.724364] ACPI: PCI Interrupt Link [GSIF] (IRQs *21)
[STDERR  ] 2018-07-20T16:41:14.026980062Z: [    0.724856] ACPI: PCI Interrupt Link [GSIG] (IRQs *22)
[STDERR  ] 2018-07-20T16:41:14.026998188Z: [    0.725345] ACPI: PCI Interrupt Link [GSIH] (IRQs *23)
[STDERR  ] 2018-07-20T16:41:14.027017333Z: [    0.732350] SCSI subsystem initialized
[STDERR  ] 2018-07-20T16:41:14.027043298Z: [    0.734543] ACPI: bus type USB registered
[STDERR  ] 2018-07-20T16:41:14.027063069Z: [    0.735322] usbcore: registered new interface driver usbfs
[STDERR  ] 2018-07-20T16:41:14.027080075Z: [    0.735966] usbcore: registered new interface driver hub
[STDERR  ] 2018-07-20T16:41:14.027098615Z: [    0.736714] usbcore: registered new device driver usb
[STDERR  ] 2018-07-20T16:41:14.027118288Z: [    0.737627] pps_core: LinuxPPS API ver. 1 registered
[STDERR  ] 2018-07-20T16:41:14.027139036Z: [    0.737945] pps_core: Software ver. 5.3.6 - Copyright 2005-2007 Rodolfo Giometti <giometti@linux.it>
[STDERR  ] 2018-07-20T16:41:14.027156660Z: [    0.738655] PTP clock support registered
[STDERR  ] 2018-07-20T16:41:14.027174380Z: [    0.740894] PCI: Using ACPI for IRQ routing
[STDERR  ] 2018-07-20T16:41:14.027192177Z: [    0.754558] NetLabel: Initializing
[STDERR  ] 2018-07-20T16:41:14.027209045Z: [    0.754817] NetLabel:  domain hash size = 128
[STDERR  ] 2018-07-20T16:41:14.027227134Z: [    0.755057] NetLabel:  protocols = UNLABELED CIPSOv4 CALIPSO
[STDERR  ] 2018-07-20T16:41:14.027245652Z: [    0.757304] NetLabel:  unlabeled traffic allowed by default
[STDERR  ] 2018-07-20T16:41:14.027267462Z: [    0.758653] HPET: 3 timers in total, 0 timers will be used for per-cpu timer
[STDERR  ] 2018-07-20T16:41:14.027285904Z: [    0.759359] hpet0: at MMIO 0xfed00000, IRQs 2, 8, 0
[STDERR  ] 2018-07-20T16:41:14.027303500Z: [    0.759789] hpet0: 3 comparators, 64-bit 100.000000 MHz counter
[STDERR  ] 2018-07-20T16:41:14.027322086Z: [    0.765792] clocksource: Switched to clocksource hpet
[STDERR  ] 2018-07-20T16:41:14.027338614Z: [    0.984728] VFS: Disk quotas dquot_6.6.0
[STDERR  ] 2018-07-20T16:41:14.027355667Z: [    0.985390] VFS: Dquot-cache hash table entries: 512 (order 0, 4096 bytes)
[STDERR  ] 2018-07-20T16:41:14.027373005Z: [    0.987548] FS-Cache: Loaded
[STDERR  ] 2018-07-20T16:41:14.027395539Z: [    0.992011] CacheFiles: Loaded
[STDERR  ] 2018-07-20T16:41:14.027412796Z: [    0.992856] pnp: PnP ACPI init
[STDERR  ] 2018-07-20T16:41:14.027431901Z: [    1.001080] pnp: PnP ACPI: found 5 devices
[STDERR  ] 2018-07-20T16:41:14.027453769Z: [    1.032861] clocksource: acpi_pm: mask: 0xffffff max_cycles: 0xffffff, max_idle_ns: 2085701024 ns
[STDERR  ] 2018-07-20T16:41:14.027472092Z: [    1.035071] NET: Registered protocol family 2
[STDERR  ] 2018-07-20T16:41:14.027489170Z: [    1.041495] TCP established hash table entries: 8192 (order: 4, 65536 bytes)
[STDERR  ] 2018-07-20T16:41:14.027506981Z: [    1.042264] TCP bind hash table entries: 8192 (order: 5, 131072 bytes)
[STDERR  ] 2018-07-20T16:41:14.027524531Z: [    1.043321] TCP: Hash tables configured (established 8192 bind 8192)
[STDERR  ] 2018-07-20T16:41:14.027542069Z: [    1.045110] UDP hash table entries: 512 (order: 2, 16384 bytes)
[STDERR  ] 2018-07-20T16:41:14.027559986Z: [    1.045657] UDP-Lite hash table entries: 512 (order: 2, 16384 bytes)
[STDERR  ] 2018-07-20T16:41:14.027577223Z: [    1.047554] NET: Registered protocol family 1
[STDERR  ] 2018-07-20T16:41:14.027594934Z: [    1.048406] pci 0000:00:01.0: Video device with shadowed ROM at [mem 0x000c0000-0x000dffff]
[STDERR  ] 2018-07-20T16:41:14.027612854Z: [    1.053343] Trying to unpack rootfs image as initramfs...
[STDERR  ] 2018-07-20T16:41:14.027630263Z: [    4.828084] Freeing initrd memory: 27524K
[STDERR  ] 2018-07-20T16:41:14.027647281Z: [    4.846845] PCLMULQDQ-NI instructions are not detected.
[STDERR  ] 2018-07-20T16:41:14.027664473Z: [    4.847968] AVX or AES-NI instructions are not detected.
[STDERR  ] 2018-07-20T16:41:14.027682002Z: [    4.848430] CPU feature 'AVX registers' is not supported.
[STDERR  ] 2018-07-20T16:41:14.027699379Z: [    4.848859] CPU feature 'AVX registers' is not supported.
[STDERR  ] 2018-07-20T16:41:14.027716784Z: [    4.849298] CPU feature 'AVX registers' is not supported.
[STDERR  ] 2018-07-20T16:41:14.027733946Z: [    4.849741] CPU feature 'AVX registers' is not supported.
[STDERR  ] 2018-07-20T16:41:14.027751570Z: [    4.850536] AVX2 or AES-NI instructions are not detected.
[STDERR  ] 2018-07-20T16:41:14.027776886Z: [    4.851070] AVX2 instructions are not detected.
[STDERR  ] 2018-07-20T16:41:14.027801699Z: [    4.854578] audit: initializing netlink subsys (disabled)
[STDERR  ] 2018-07-20T16:41:14.027819311Z: [    4.856587] audit: type=2000 audit(1532104840.850:1): state=initialized audit_enabled=0 res=1
[STDERR  ] 2018-07-20T16:41:14.027837133Z: [    4.861906] workingset: timestamp_bits=46 max_order=18 bucket_order=0
[STDERR  ] 2018-07-20T16:41:14.027854503Z: [    4.865855] squashfs: version 4.0 (2009/01/31) Phillip Lougher
[STDERR  ] 2018-07-20T16:41:14.027872511Z: [    4.867671] FS-Cache: Netfs 'cifs' registered for caching
[STDERR  ] 2018-07-20T16:41:14.027890321Z: [    4.868439] fuse init (API version 7.26)
[STDERR  ] 2018-07-20T16:41:14.027908140Z: [    4.870732] SGI XFS with ACLs, security attributes, no debug enabled
[STDERR  ] 2018-07-20T16:41:14.027925570Z: [    4.873671] 9p: Installing v9fs 9p2000 file system support
[STDERR  ] 2018-07-20T16:41:14.027942752Z: [    4.874089] FS-Cache: Netfs '9p' registered for caching
[STDERR  ] 2018-07-20T16:41:14.027960104Z: [    4.903162] NET: Registered protocol family 38
[STDERR  ] 2018-07-20T16:41:14.027977842Z: [    4.903661] Key type asymmetric registered
[STDERR  ] 2018-07-20T16:41:14.027997061Z: [    4.903978] Asymmetric key parser 'x509' registered
[STDERR  ] 2018-07-20T16:41:14.028014520Z: [    4.904580] Block layer SCSI generic (bsg) driver version 0.4 loaded (major 247)
[STDERR  ] 2018-07-20T16:41:14.028031759Z: [    4.905813] io scheduler noop registered
[STDERR  ] 2018-07-20T16:41:14.028048920Z: [    4.906089] io scheduler deadline registered (default)
[STDERR  ] 2018-07-20T16:41:14.028066087Z: [    4.906688] io scheduler cfq registered
[STDERR  ] 2018-07-20T16:41:14.028083514Z: [    4.906940] io scheduler mq-deadline registered
[STDERR  ] 2018-07-20T16:41:14.028103563Z: [    4.907269] io scheduler kyber registered
[STDERR  ] 2018-07-20T16:41:14.028124993Z: [    4.909671] shpchp: Standard Hot Plug PCI Controller Driver version: 0.4
[STDERR  ] 2018-07-20T16:41:14.028142515Z: [    4.911496] hv_vmbus: registering driver hyperv_fb
[STDERR  ] 2018-07-20T16:41:14.028159944Z: [    4.913954] input: Power Button as /devices/LNXSYSTM:00/LNXPWRBN:00/input/input0
[STDERR  ] 2018-07-20T16:41:14.028179829Z: [    4.916148] ACPI: Power Button [PWRF]
[STDERR  ] 2018-07-20T16:41:14.028197239Z: [    4.928658] ACPI: PCI Interrupt Link [GSIG] enabled at IRQ 22
[STDERR  ] 2018-07-20T16:41:14.028215209Z: [    4.938206] ACPI: PCI Interrupt Link [GSIH] enabled at IRQ 23
[STDERR  ] 2018-07-20T16:41:14.028232795Z: [    4.942347] Serial: 8250/16550 driver, 4 ports, IRQ sharing disabled
[STDERR  ] 2018-07-20T16:41:14.028250607Z: [    4.967085] 00:04: ttyS0 at I/O 0x3f8 (irq = 4, base_baud = 115200) is a 16550A
[STDERR  ] 2018-07-20T16:41:14.028268093Z: [    4.974653] Non-volatile memory driver v1.3
[STDERR  ] 2018-07-20T16:41:14.028285600Z: [    4.979471] Hangcheck: starting hangcheck timer 0.9.1 (tick is 180 seconds, margin is 60 seconds).
[STDERR  ] 2018-07-20T16:41:14.028306223Z: [    4.990924] random: fast init done
[STDERR  ] 2018-07-20T16:41:14.028323623Z: [    4.992020] random: crng init done
[STDERR  ] 2018-07-20T16:41:14.028340961Z: [    5.029453] brd: module loaded
[STDERR  ] 2018-07-20T16:41:14.028358607Z: [    5.053071] loop: module loaded
[STDERR  ] 2018-07-20T16:41:14.028375897Z: [    5.094301] lpc_ich 0000:00:1f.0: I/O space for GPIO uninitialized
[STDERR  ] 2018-07-20T16:41:14.028393285Z: [    5.095825] VMware PVSCSI driver - version 1.0.7.0-k
[STDERR  ] 2018-07-20T16:41:14.028410879Z: [    5.096324] hv_vmbus: registering driver hv_storvsc
[STDERR  ] 2018-07-20T16:41:14.028429817Z: [    5.103573] ACPI: PCI Interrupt Link [GSIA] enabled at IRQ 16
[STDERR  ] 2018-07-20T16:41:14.028447293Z: [    5.108445] ahci 0000:00:1f.2: AHCI 0001.0000 32 slots 6 ports 1.5 Gbps 0x3f impl SATA mode
[STDERR  ] 2018-07-20T16:41:14.028467430Z: [    5.109106] ahci 0000:00:1f.2: flags: 64bit ncq only 
[STDERR  ] 2018-07-20T16:41:14.028485519Z: [    5.122248] scsi host0: ahci
[STDERR  ] 2018-07-20T16:41:14.028507057Z: [    5.124612] scsi host1: ahci
[STDERR  ] 2018-07-20T16:41:14.028524472Z: [    5.125964] scsi host2: ahci
[STDERR  ] 2018-07-20T16:41:14.028541911Z: [    5.127365] scsi host3: ahci
[STDERR  ] 2018-07-20T16:41:14.028559312Z: [    5.128738] scsi host4: ahci
[STDERR  ] 2018-07-20T16:41:14.028576425Z: [    5.130309] scsi host5: ahci
[STDERR  ] 2018-07-20T16:41:14.028593795Z: [    5.131364] ata1: SATA max UDMA/133 abar m4096@0xfebd2000 port 0xfebd2100 irq 24
[STDERR  ] 2018-07-20T16:41:14.028610917Z: [    5.131809] ata2: SATA max UDMA/133 abar m4096@0xfebd2000 port 0xfebd2180 irq 24
[STDERR  ] 2018-07-20T16:41:14.028628426Z: [    5.132206] ata3: SATA max UDMA/133 abar m4096@0xfebd2000 port 0xfebd2200 irq 24
[STDERR  ] 2018-07-20T16:41:14.028652325Z: [    5.132678] ata4: SATA max UDMA/133 abar m4096@0xfebd2000 port 0xfebd2280 irq 24
[STDERR  ] 2018-07-20T16:41:14.028670049Z: [    5.133081] ata5: SATA max UDMA/133 abar m4096@0xfebd2000 port 0xfebd2300 irq 24
[STDERR  ] 2018-07-20T16:41:14.028687464Z: [    5.133475] ata6: SATA max UDMA/133 abar m4096@0xfebd2000 port 0xfebd2380 irq 24
[STDERR  ] 2018-07-20T16:41:14.028704736Z: [    5.143118] tun: Universal TUN/TAP device driver, 1.6
[STDERR  ] 2018-07-20T16:41:14.028722143Z: [    5.152953] VMware vmxnet3 virtual NIC driver - version 1.4.a.0-k-NAPI
[STDERR  ] 2018-07-20T16:41:14.028739093Z: [    5.153665] hv_vmbus: registering driver hv_netvsc
[STDERR  ] 2018-07-20T16:41:14.028758786Z: [    5.154021] Fusion MPT base driver 3.04.20
[STDERR  ] 2018-07-20T16:41:14.028775925Z: [    5.154251] Copyright (c) 1999-2008 LSI Corporation
[STDERR  ] 2018-07-20T16:41:14.028798915Z: [    5.154711] Fusion MPT SPI Host driver 3.04.20
[STDERR  ] 2018-07-20T16:41:14.028816309Z: [    5.156339] i8042: PNP: PS/2 Controller [PNP0303:KBD,PNP0f13:MOU] at 0x60,0x64 irq 1,12
[STDERR  ] 2018-07-20T16:41:14.028833829Z: [    5.161080] serio: i8042 KBD port at 0x60,0x64 irq 1
[STDERR  ] 2018-07-20T16:41:14.028855160Z: [    5.161593] serio: i8042 AUX port at 0x60,0x64 irq 12
[STDERR  ] 2018-07-20T16:41:14.028872597Z: [    5.163594] hv_vmbus: registering driver hyperv_keyboard
[STDERR  ] 2018-07-20T16:41:14.028889748Z: [    5.165204] mousedev: PS/2 mouse device common for all mice
[STDERR  ] 2018-07-20T16:41:14.028907140Z: [    5.168592] input: AT Translated Set 2 keyboard as /devices/platform/i8042/serio0/input/input1
[STDERR  ] 2018-07-20T16:41:14.028924740Z: [    5.171131] input: PC Speaker as /devices/platform/pcspkr/input/input2
[STDERR  ] 2018-07-20T16:41:14.028944327Z: [    5.174024] rtc_cmos 00:00: RTC can wake from S4
[STDERR  ] 2018-07-20T16:41:14.028961517Z: [    5.176380] rtc_cmos 00:00: rtc core: registered rtc_cmos as rtc0
[STDERR  ] 2018-07-20T16:41:14.028978655Z: [    5.177468] rtc_cmos 00:00: alarms up to one day, y3k, 114 bytes nvram, hpet irqs
[STDERR  ] 2018-07-20T16:41:14.028995845Z: [    5.178159] i2c /dev entries driver
[STDERR  ] 2018-07-20T16:41:14.029015742Z: [    5.179700] device-mapper: ioctl: 4.37.0-ioctl (2017-09-20) initialised: dm-devel@redhat.com
[STDERR  ] 2018-07-20T16:41:14.029033097Z: [    5.183423] usbcore: registered new interface driver usbhid
[STDERR  ] 2018-07-20T16:41:14.029050506Z: [    5.183764] usbhid: USB HID core driver
[STDERR  ] 2018-07-20T16:41:14.029067852Z: [    5.184393] hv_utils: Registering HyperV Utility Driver
[STDERR  ] 2018-07-20T16:41:14.029088007Z: [    5.184690] hv_vmbus: registering driver hv_util
[STDERR  ] 2018-07-20T16:41:14.029105654Z: [    5.184960] hv_vmbus: registering driver hv_balloon
[STDERR  ] 2018-07-20T16:41:14.029122614Z: [    5.185430] oprofile: using NMI interrupt.
[STDERR  ] 2018-07-20T16:41:14.029139891Z: [    5.186359] GACT probability on
[STDERR  ] 2018-07-20T16:41:14.029157353Z: [    5.186673] Mirror/redirect action on
[STDERR  ] 2018-07-20T16:41:14.029174726Z: [    5.187156] Simple TC action Loaded
[STDERR  ] 2018-07-20T16:41:14.029192157Z: [    5.187561] u32 classifier
[STDERR  ] 2018-07-20T16:41:14.029212605Z: [    5.187759]     Performance counters on
[STDERR  ] 2018-07-20T16:41:14.029236064Z: [    5.188064]     input device check on
[STDERR  ] 2018-07-20T16:41:14.029252985Z: [    5.188313]     Actions configured
[STDERR  ] 2018-07-20T16:41:14.029270487Z: [    5.188897] Netfilter messages via NETLINK v0.30.
[STDERR  ] 2018-07-20T16:41:14.029287702Z: [    5.189356] nfnl_acct: registering with nfnetlink.
[STDERR  ] 2018-07-20T16:41:14.029304555Z: [    5.190853] nf_conntrack version 0.5.0 (8192 buckets, 32768 max)
[STDERR  ] 2018-07-20T16:41:14.029321855Z: [    5.192623] ctnetlink v0.93: registering with nfnetlink.
[STDERR  ] 2018-07-20T16:41:14.029338999Z: [    5.195164] nf_tables: (c) 2007-2009 Patrick McHardy <kaber@trash.net>
[STDERR  ] 2018-07-20T16:41:14.029356229Z: [    5.195861] nf_tables_compat: (c) 2012 Pablo Neira Ayuso <pablo@netfilter.org>
[STDERR  ] 2018-07-20T16:41:14.029374013Z: [    5.197710] xt_time: kernel timezone is -0000
[STDERR  ] 2018-07-20T16:41:14.029391307Z: [    5.198238] ip_set: protocol 6
[STDERR  ] 2018-07-20T16:41:14.029408711Z: [    5.198779] IPVS: Registered protocols (TCP, UDP, SCTP, AH, ESP)
[STDERR  ] 2018-07-20T16:41:14.029428801Z: [    5.199359] IPVS: Connection hash table configured (size=4096, memory=64Kbytes)
[STDERR  ] 2018-07-20T16:41:14.029446066Z: [    5.203017] IPVS: ipvs loaded.
[STDERR  ] 2018-07-20T16:41:14.029463535Z: [    5.203356] IPVS: [rr] scheduler registered.
[STDERR  ] 2018-07-20T16:41:14.029480825Z: [    5.203636] IPVS: [wrr] scheduler registered.
[STDERR  ] 2018-07-20T16:41:14.029498173Z: [    5.203893] IPVS: [lc] scheduler registered.
[STDERR  ] 2018-07-20T16:41:14.029517776Z: [    5.204134] IPVS: [wlc] scheduler registered.
[STDERR  ] 2018-07-20T16:41:14.029534985Z: [    5.204387] IPVS: [fo] scheduler registered.
[STDERR  ] 2018-07-20T16:41:14.029552264Z: [    5.204630] IPVS: [ovf] scheduler registered.
[STDERR  ] 2018-07-20T16:41:14.029569709Z: [    5.205000] IPVS: [lblc] scheduler registered.
[STDERR  ] 2018-07-20T16:41:14.029596235Z: [    5.205351] IPVS: [lblcr] scheduler registered.
[STDERR  ] 2018-07-20T16:41:14.029613866Z: [    5.205620] IPVS: [dh] scheduler registered.
[STDERR  ] 2018-07-20T16:41:14.029631335Z: [    5.205878] IPVS: [sh] scheduler registered.
[STDERR  ] 2018-07-20T16:41:14.029648584Z: [    5.206126] IPVS: [sed] scheduler registered.
[STDERR  ] 2018-07-20T16:41:14.029665930Z: [    5.206380] IPVS: [nq] scheduler registered.
[STDERR  ] 2018-07-20T16:41:14.029683751Z: [    5.207027] IPVS: ftp: loaded support on port[0] = 21
[STDERR  ] 2018-07-20T16:41:14.029700916Z: [    5.207814] ipip: IPv4 and MPLS over IPv4 tunneling driver
[STDERR  ] 2018-07-20T16:41:14.029718078Z: [    5.211514] gre: GRE over IPv4 demultiplexor driver
[STDERR  ] 2018-07-20T16:41:14.029735563Z: [    5.213534] ip_tables: (C) 2000-2006 Netfilter Core Team
[STDERR  ] 2018-07-20T16:41:14.029753047Z: [    5.216434] ipt_CLUSTERIP: ClusterIP Version 0.8 loaded successfully
[STDERR  ] 2018-07-20T16:41:14.029770212Z: [    5.216929] arp_tables: arp_tables: (C) 2002 David S. Miller
[STDERR  ] 2018-07-20T16:41:14.029787720Z: [    5.218723] NET: Registered protocol family 10
[STDERR  ] 2018-07-20T16:41:14.029810965Z: [    5.226513] Segment Routing with IPv6
[STDERR  ] 2018-07-20T16:41:14.029828372Z: [    5.227274] ip6_tables: (C) 2000-2006 Netfilter Core Team
[STDERR  ] 2018-07-20T16:41:14.029845792Z: [    5.233645] NET: Registered protocol family 17
[STDERR  ] 2018-07-20T16:41:14.029863537Z: [    5.234564] Bridge firewalling registered
[STDERR  ] 2018-07-20T16:41:14.029880983Z: [    5.234987] Ebtables v2.0 registered
[STDERR  ] 2018-07-20T16:41:14.029898090Z: [    5.236584] 8021q: 802.1Q VLAN Support v1.8
[STDERR  ] 2018-07-20T16:41:14.030332423Z: [    5.237767] 9pnet: Installing 9P2000 support
[STDERR  ] 2018-07-20T16:41:14.030405672Z: [    5.239140] Key type dns_resolver registered
[STDERR  ] 2018-07-20T16:41:14.030465330Z: [    5.240748] sched_clock: Marking stable (5240216070, 0)->(5350458914, -110242844)
[STDERR  ] 2018-07-20T16:41:14.030509573Z: [    5.243577] registered taskstats version 1
[STDERR  ] 2018-07-20T16:41:14.030567167Z: [    5.419198] Key type big_key registered
[STDERR  ] 2018-07-20T16:41:14.030615937Z: [    5.464890] ata1: SATA link down (SStatus 0 SControl 300)
[STDERR  ] 2018-07-20T16:41:14.030677075Z: [    5.475152] ata4: SATA link down (SStatus 0 SControl 300)
[STDERR  ] 2018-07-20T16:41:14.030737636Z: [    5.475882] ata3: SATA link up 1.5 Gbps (SStatus 113 SControl 300)
[STDERR  ] 2018-07-20T16:41:14.030780773Z: [    5.478648] ata3.00: ATAPI: QEMU DVD-ROM, 2.5+, max UDMA/100
[STDERR  ] 2018-07-20T16:41:14.030880715Z: [    5.479154] ata3.00: applying bridge limits
[STDERR  ] 2018-07-20T16:41:14.030939815Z: [    5.480733] ata2: SATA link down (SStatus 0 SControl 300)
[STDERR  ] 2018-07-20T16:41:14.030982301Z: [    5.481391] ata5: SATA link down (SStatus 0 SControl 300)
[STDERR  ] 2018-07-20T16:41:14.031038668Z: [    5.481837] ata6: SATA link down (SStatus 0 SControl 300)
[STDERR  ] 2018-07-20T16:41:14.031098731Z: [    5.491434] ata3.00: configured for UDMA/100
[STDERR  ] 2018-07-20T16:41:14.031141708Z: [    5.511695] scsi 2:0:0:0: CD-ROM            QEMU     QEMU DVD-ROM     2.5+ PQ: 0 ANSI: 5
[STDERR  ] 2018-07-20T16:41:14.031202875Z: [    5.518516] Key type trusted registered
[STDERR  ] 2018-07-20T16:41:14.031245217Z: [    5.552905] sr 2:0:0:0: [sr0] scsi3-mmc drive: 4x/4x cd/rw xa/form2 tray
[STDERR  ] 2018-07-20T16:41:14.031303618Z: [    5.553545] cdrom: Uniform CD-ROM driver Revision: 3.20
[STDERR  ] 2018-07-20T16:41:14.031345469Z: [    5.561854] sr 2:0:0:0: Attached scsi generic sg0 type 5
[STDERR  ] 2018-07-20T16:41:14.031403556Z: [    5.590532] Key type encrypted registered
[STDERR  ] 2018-07-20T16:41:14.031446336Z: [    5.591122] ima: No TPM chip found, activating TPM-bypass! (rc=-19)
[STDERR  ] 2018-07-20T16:41:14.031505070Z: [    5.591645] ima: Allocated hash algorithm: sha256
[STDERR  ] 2018-07-20T16:41:14.031547255Z: [    5.593622] evm: HMAC attrs: 0x1
[STDERR  ] 2018-07-20T16:41:14.031604474Z: [    5.597286] rtc_cmos 00:00: setting system clock to 2018-07-20 16:40:41 UTC (1532104841)
[STDERR  ] 2018-07-20T16:41:14.031654507Z: [    5.731248] Freeing unused kernel memory: 1512K
[STDERR  ] 2018-07-20T16:41:14.031713450Z: [    5.750769] Write protecting the kernel read-only data: 18432k
[STDERR  ] 2018-07-20T16:41:14.031816214Z: [    5.763604] Freeing unused kernel memory: 2024K
[STDERR  ] 2018-07-20T16:41:14.031917511Z: [    5.812798] Freeing unused kernel memory: 1100K
[STDERR  ] 2018-07-20T16:41:14.031967671Z: [    5.840639] tsc: Refined TSC clocksource calibration: 2599.683 MHz
[STDERR  ] 2018-07-20T16:41:14.032032333Z: [    5.841341] clocksource: tsc: mask: 0xffffffffffffffff max_cycles: 0x257910df258, max_idle_ns: 440795315514 ns
[STDERR  ] 2018-07-20T16:41:14.032090854Z: [    6.859641] clocksource: Switched to clocksource tsc
[STDERR  ] 2018-07-20T16:41:14.032134559Z: 
[STDERR  ] 2018-07-20T16:41:14.032193178Z: Welcome to LinuxKit
[STDERR  ] 2018-07-20T16:41:14.032236436Z: 
[STDERR  ] 2018-07-20T16:41:14.032296268Z:                         ##         .
[STDERR  ] 2018-07-20T16:41:14.032339551Z:                   ## ## ##        ==
[STDERR  ] 2018-07-20T16:41:14.032422181Z:                ## ## ## ## ##    ===
[STDERR  ] 2018-07-20T16:41:14.032501320Z:            /"""""""""""""""""\___/ ===
[STDERR  ] 2018-07-20T16:41:14.032588080Z:           {                       /  ===-
[STDERR  ] 2018-07-20T16:41:14.032652739Z:            \______ O           __/
[STDERR  ] 2018-07-20T16:41:14.032702224Z:              \    \         __/
[STDERR  ] 2018-07-20T16:41:14.032769314Z:               \____\_______/
[STDERR  ] 2018-07-20T16:41:14.032845610Z: 
[STDERR  ] 2018-07-20T16:41:14.032911868Z: [   19.062951] RPC: Registered named UNIX socket transport module.
[STDERR  ] 2018-07-20T16:41:14.032999111Z: [   19.063529] RPC: Registered udp transport module.
[STDERR  ] 2018-07-20T16:41:14.033050004Z: [   19.063805] RPC: Registered tcp transport module.
[STDERR  ] 2018-07-20T16:41:14.033123752Z: [   19.064078] RPC: Registered tcp NFSv4.1 backchannel transport module.
[STDERR  ] 2018-07-20T16:41:14.033191926Z: [   19.173188] FS-Cache: Netfs 'nfs' registered for caching
[STDERR  ] 2018-07-20T16:41:14.033280770Z: [   19.290579] Installing knfsd (copyright (C) 1996 okir@monad.swb.de).
[STDERR  ] 2018-07-20T16:41:14.033339290Z: [   19.344718] ntfs: driver 2.1.32 [Flags: R/O MODULE].
[STDERR  ] 2018-07-20T16:41:14.033422067Z: starting kernel config sanity test with /proc/config.gz
[STDERR  ] 2018-07-20T16:41:14.033538262Z: kernel config test succeeded!
[STDERR  ] 2018-07-20T16:41:14.033589677Z: [37minfo: reading kernel config from /proc/config.gz ...[m
[STDERR  ] 2018-07-20T16:41:14.033653118Z: 
[STDERR  ] 2018-07-20T16:41:14.033703786Z: Generally Necessary:
[PASS    ] linuxkit.kernel.config_4.14.x 52.68s
