[INFO    ] 2017-06-12T10:19:45.079303987Z: Running Test linuxkit.kernel.config_4.9.x in /tmp/build/test/cases/020_kernel/001_config_4.9.x
[INFO    ] 2017-06-12T10:19:45.079364382Z: Running command: [/bin/sh -x /tmp/build/test/cases/020_kernel/001_config_4.9.x/test.sh]
[STDERR  ] 2017-06-12T10:19:45.098951083Z: + set -e
[STDERR  ] 2017-06-12T10:19:45.098995993Z: + . /tmp/build/test/cases/_lib/lib.sh
[STDERR  ] 2017-06-12T10:19:45.09908472Z: + [ -f src/github.com/linuxkit/rtf/lib/lib.sh ]
[STDERR  ] 2017-06-12T10:19:45.099144187Z: + LINUXKIT_TMPDIR=/tmp/build/test/cases/_tmp
[STDERR  ] 2017-06-12T10:19:45.099172779Z: + [ -f /tmp/build/test/cases/_tmp/env.sh ]
[STDERR  ] 2017-06-12T10:19:45.099196335Z: + . /tmp/build/test/cases/_tmp/env.sh
[STDERR  ] 2017-06-12T10:19:45.099241646Z: + export LINUXKIT_EXAMPLES_DIR=/tmp/build/test/cases/../../examples
[STDERR  ] 2017-06-12T10:19:45.099260719Z: + RT_CANCEL=253
[STDERR  ] 2017-06-12T10:19:45.099299997Z: + trap clean_up EXIT
[STDERR  ] 2017-06-12T10:19:45.099334644Z: + moby build -output kernel+initrd test-kernel-config.yml
[STDERR  ] 2017-06-12T10:19:45.139111553Z: Extract kernel image: linuxkit/kernel:4.9.x
[STDERR  ] 2017-06-12T10:19:46.631744904Z: Add init containers:
[STDERR  ] 2017-06-12T10:19:46.631784421Z: Process init image: linuxkit/init:2599bcd5013ce5962aa155ee8929c26160de13bd
[STDERR  ] 2017-06-12T10:19:47.857325855Z: Process init image: linuxkit/runc:3a4e6cbf15470f62501b019b55e1caac5ee7689f
[STDERR  ] 2017-06-12T10:19:49.057061581Z: Process init image: linuxkit/containerd:b50181bc6e0084e5fcd6b6ad3cf433c4f66cae5a
[STDERR  ] 2017-06-12T10:19:50.65597216Z: Add onboot containers:
[STDERR  ] 2017-06-12T10:19:50.656016493Z:   Create OCI config for linuxkit/test-kernel-config:ecff41279ccbc408079a3996a956432651c6eb9c
[STDERR  ] 2017-06-12T10:19:51.983930245Z:   Create OCI config for linuxkit/poweroff:7404cf2295df89ccfa2dda41997a28307a90cf28
[STDERR  ] 2017-06-12T10:19:53.189895403Z: Create outputs:
[STDERR  ] 2017-06-12T10:20:00.108250816Z:   test-kernel-config-kernel test-kernel-config-initrd.img test-kernel-config-cmdline
[STDERR  ] 2017-06-12T10:20:00.156254634Z: + linuxkit run test-kernel-config
[STDERR  ] 2017-06-12T10:20:00.172246258Z: Unable to find qemu-system-x86_64 within the $PATH. Using a container
[STDERR  ] 2017-06-12T10:20:51.594873871Z: + RESULT=[    0.000000] Linux version 4.9.31-linuxkit (root@84baa8e89c00) (gcc version 6.2.1 20160822 (Alpine 6.2.1) ) #1 SMP Wed Jun 7 21:45:43 UTC 2017
[STDERR  ] 2017-06-12T10:20:51.594887737Z: [    0.000000] Command line: console=ttyS0
[STDERR  ] 2017-06-12T10:20:51.594908677Z: [    0.000000] x86/fpu: Legacy x87 FPU detected.
[STDERR  ] 2017-06-12T10:20:51.594916241Z: [    0.000000] x86/fpu: Using 'eager' FPU context switches.
[STDERR  ] 2017-06-12T10:20:51.594922899Z: [    0.000000] e820: BIOS-provided physical RAM map:
[STDERR  ] 2017-06-12T10:20:51.594931609Z: [    0.000000] BIOS-e820: [mem 0x0000000000000000-0x000000000009fbff] usable
[STDERR  ] 2017-06-12T10:20:51.594937639Z: [    0.000000] BIOS-e820: [mem 0x000000000009fc00-0x000000000009ffff] reserved
[STDERR  ] 2017-06-12T10:20:51.594943588Z: [    0.000000] BIOS-e820: [mem 0x00000000000f0000-0x00000000000fffff] reserved
[STDERR  ] 2017-06-12T10:20:51.594949846Z: [    0.000000] BIOS-e820: [mem 0x0000000000100000-0x000000003ffdefff] usable
[STDERR  ] 2017-06-12T10:20:51.594955888Z: [    0.000000] BIOS-e820: [mem 0x000000003ffdf000-0x000000003fffffff] reserved
[STDERR  ] 2017-06-12T10:20:51.594961611Z: [    0.000000] BIOS-e820: [mem 0x00000000b0000000-0x00000000bfffffff] reserved
[STDERR  ] 2017-06-12T10:20:51.594967191Z: [    0.000000] BIOS-e820: [mem 0x00000000fed1c000-0x00000000fed1ffff] reserved
[STDERR  ] 2017-06-12T10:20:51.594976683Z: [    0.000000] BIOS-e820: [mem 0x00000000fffc0000-0x00000000ffffffff] reserved
[STDERR  ] 2017-06-12T10:20:51.594982726Z: [    0.000000] NX (Execute Disable) protection: active
[STDERR  ] 2017-06-12T10:20:51.594992163Z: [    0.000000] SMBIOS 2.8 present.
[STDERR  ] 2017-06-12T10:20:51.595006963Z: [    0.000000] e820: last_pfn = 0x3ffdf max_arch_pfn = 0x400000000
[STDERR  ] 2017-06-12T10:20:51.595020566Z: [    0.000000] x86/PAT: Configuration [0-7]: WB  WC  UC- UC  WB  WC  UC- WT  
[STDERR  ] 2017-06-12T10:20:51.595028298Z: [    0.000000] found SMP MP-table at [mem 0x000f6aa0-0x000f6aaf] mapped at [ffff89a3000f6aa0]
[STDERR  ] 2017-06-12T10:20:51.595034111Z: [    0.000000] RAMDISK: [mem 0x3df49000-0x3ffcffff]
[STDERR  ] 2017-06-12T10:20:51.595083126Z: [    0.000000] ACPI: Early table checksum verification disabled
[STDERR  ] 2017-06-12T10:20:51.595087145Z: [    0.000000] ACPI: RSDP 0x00000000000F68C0 000014 (v00 BOCHS )
[STDERR  ] 2017-06-12T10:20:51.595098572Z: [    0.000000] ACPI: RSDT 0x000000003FFE2404 000034 (v01 BOCHS  BXPCRSDT 00000001 BXPC 00000001)
[STDERR  ] 2017-06-12T10:20:51.595101503Z: [    0.000000] ACPI: FACP 0x000000003FFE22A4 000074 (v01 BOCHS  BXPCFACP 00000001 BXPC 00000001)
[STDERR  ] 2017-06-12T10:20:51.595109649Z: [    0.000000] ACPI: DSDT 0x000000003FFE0040 002264 (v01 BOCHS  BXPCDSDT 00000001 BXPC 00000001)
[STDERR  ] 2017-06-12T10:20:51.595112586Z: [    0.000000] ACPI: FACS 0x000000003FFE0000 000040
[STDERR  ] 2017-06-12T10:20:51.595123721Z: [    0.000000] ACPI: APIC 0x000000003FFE2318 000078 (v01 BOCHS  BXPCAPIC 00000001 BXPC 00000001)
[STDERR  ] 2017-06-12T10:20:51.595126692Z: [    0.000000] ACPI: HPET 0x000000003FFE2390 000038 (v01 BOCHS  BXPCHPET 00000001 BXPC 00000001)
[STDERR  ] 2017-06-12T10:20:51.595134699Z: [    0.000000] ACPI: MCFG 0x000000003FFE23C8 00003C (v01 BOCHS  BXPCMCFG 00000001 BXPC 00000001)
[STDERR  ] 2017-06-12T10:20:51.595140098Z: [    0.000000] Zone ranges:
[STDERR  ] 2017-06-12T10:20:51.595145586Z: [    0.000000]   DMA      [mem 0x0000000000001000-0x0000000000ffffff]
[STDERR  ] 2017-06-12T10:20:51.595150842Z: [    0.000000]   DMA32    [mem 0x0000000001000000-0x000000003ffdefff]
[STDERR  ] 2017-06-12T10:20:51.595156053Z: [    0.000000]   Normal   empty
[STDERR  ] 2017-06-12T10:20:51.595161348Z: [    0.000000] Movable zone start for each node
[STDERR  ] 2017-06-12T10:20:51.595166558Z: [    0.000000] Early memory node ranges
[STDERR  ] 2017-06-12T10:20:51.595171891Z: [    0.000000]   node   0: [mem 0x0000000000001000-0x000000000009efff]
[STDERR  ] 2017-06-12T10:20:51.595177472Z: [    0.000000]   node   0: [mem 0x0000000000100000-0x000000003ffdefff]
[STDERR  ] 2017-06-12T10:20:51.595182715Z: [    0.000000] Initmem setup node 0 [mem 0x0000000000001000-0x000000003ffdefff]
[STDERR  ] 2017-06-12T10:20:51.595188121Z: [    0.000000] ACPI: PM-Timer IO Port: 0x608
[STDERR  ] 2017-06-12T10:20:51.595198146Z: [    0.000000] ACPI: LAPIC_NMI (acpi_id[0xff] dfl dfl lint[0x1])
[STDERR  ] 2017-06-12T10:20:51.595204515Z: [    0.000000] IOAPIC[0]: apic_id 0, version 32, address 0xfec00000, GSI 0-23
[STDERR  ] 2017-06-12T10:20:51.595209182Z: [    0.000000] ACPI: INT_SRC_OVR (bus 0 bus_irq 0 global_irq 2 dfl dfl)
[STDERR  ] 2017-06-12T10:20:51.595238672Z: [    0.000000] ACPI: INT_SRC_OVR (bus 0 bus_irq 5 global_irq 5 high level)
[STDERR  ] 2017-06-12T10:20:51.595253078Z: [    0.000000] ACPI: INT_SRC_OVR (bus 0 bus_irq 9 global_irq 9 high level)
[STDERR  ] 2017-06-12T10:20:51.595260348Z: [    0.000000] ACPI: INT_SRC_OVR (bus 0 bus_irq 10 global_irq 10 high level)
[STDERR  ] 2017-06-12T10:20:51.595265606Z: [    0.000000] ACPI: INT_SRC_OVR (bus 0 bus_irq 11 global_irq 11 high level)
[STDERR  ] 2017-06-12T10:20:51.595270845Z: [    0.000000] Using ACPI (MADT) for SMP configuration information
[STDERR  ] 2017-06-12T10:20:51.595273586Z: [    0.000000] ACPI: HPET id: 0x8086a201 base: 0xfed00000
[STDERR  ] 2017-06-12T10:20:51.595280738Z: [    0.000000] smpboot: Allowing 1 CPUs, 0 hotplug CPUs
[STDERR  ] 2017-06-12T10:20:51.595288955Z: [    0.000000] e820: [mem 0x40000000-0xafffffff] available for PCI devices
[STDERR  ] 2017-06-12T10:20:51.595291986Z: [    0.000000] Booting paravirtualized kernel on bare hardware
[STDERR  ] 2017-06-12T10:20:51.595303078Z: [    0.000000] clocksource: refined-jiffies: mask: 0xffffffff max_cycles: 0xffffffff, max_idle_ns: 19112604462750000 ns
[STDERR  ] 2017-06-12T10:20:51.595306351Z: [    0.000000] setup_percpu: NR_CPUS:128 nr_cpumask_bits:128 nr_cpu_ids:1 nr_node_ids:1
[STDERR  ] 2017-06-12T10:20:51.595325649Z: [    0.000000] percpu: Embedded 35 pages/cpu @ffff89a33dc00000 s105240 r8192 d29928 u2097152
[STDERR  ] 2017-06-12T10:20:51.595331078Z: [    0.000000] Built 1 zonelists in Zone order, mobility grouping on.  Total pages: 257896
[STDERR  ] 2017-06-12T10:20:51.595336346Z: [    0.000000] Kernel command line: console=ttyS0
[STDERR  ] 2017-06-12T10:20:51.595341541Z: [    0.000000] PID hash table entries: 4096 (order: 3, 32768 bytes)
[STDERR  ] 2017-06-12T10:20:51.595346835Z: [    0.000000] Dentry cache hash table entries: 131072 (order: 8, 1048576 bytes)
[STDERR  ] 2017-06-12T10:20:51.595352038Z: [    0.000000] Inode-cache hash table entries: 65536 (order: 7, 524288 bytes)
[STDERR  ] 2017-06-12T10:20:51.595358003Z: [    0.000000] Memory: 978472K/1048052K available (9526K kernel code, 1595K rwdata, 3120K rodata, 1456K init, 604K bss, 69580K reserved, 0K cma-reserved)
[STDERR  ] 2017-06-12T10:20:51.595364225Z: [    0.000000] Hierarchical RCU implementation.
[STDERR  ] 2017-06-12T10:20:51.595369691Z: [    0.000000] 	Build-time adjustment of leaf fanout to 64.
[STDERR  ] 2017-06-12T10:20:51.595377593Z: [    0.000000] 	RCU restricting CPUs from NR_CPUS=128 to nr_cpu_ids=1.
[STDERR  ] 2017-06-12T10:20:51.595386008Z: [    0.000000] RCU: Adjusting geometry for rcu_fanout_leaf=64, nr_cpu_ids=1
[STDERR  ] 2017-06-12T10:20:51.595391039Z: [    0.000000] NR_IRQS:8448 nr_irqs:256 16
[STDERR  ] 2017-06-12T10:20:51.595396148Z: [    0.000000] Console: colour VGA+ 80x25
[STDERR  ] 2017-06-12T10:20:51.595401368Z: [    0.000000] console [ttyS0] enabled
[STDERR  ] 2017-06-12T10:20:51.595408575Z: [    0.000000] clocksource: hpet: mask: 0xffffffff max_cycles: 0xffffffff, max_idle_ns: 19112604467 ns
[STDERR  ] 2017-06-12T10:20:51.595417021Z: [    0.000000] tsc: Fast TSC calibration failed
[STDERR  ] 2017-06-12T10:20:51.595423995Z: [    0.000000] tsc: Unable to calibrate against PIT
[STDERR  ] 2017-06-12T10:20:51.595429263Z: [    0.000000] tsc: using HPET reference calibration
[STDERR  ] 2017-06-12T10:20:51.595434546Z: [    0.000000] tsc: Detected 2600.084 MHz processor
[STDERR  ] 2017-06-12T10:20:51.595439896Z: [    0.061659] Calibrating delay loop (skipped), value calculated using timer frequency.. 5200.16 BogoMIPS (lpj=26000840)
[STDERR  ] 2017-06-12T10:20:51.595443105Z: [    0.063275] pid_max: default: 32768 minimum: 301
[STDERR  ] 2017-06-12T10:20:51.595450702Z: [    0.064492] ACPI: Core revision 20160831
[STDERR  ] 2017-06-12T10:20:51.595462134Z: [    0.107648] ACPI: 1 ACPI AML tables successfully acquired and loaded
[STDERR  ] 2017-06-12T10:20:51.595467809Z: [    0.111858] Security Framework initialized
[STDERR  ] 2017-06-12T10:20:51.595470735Z: [    0.112465] Yama: becoming mindful.
[STDERR  ] 2017-06-12T10:20:51.595475751Z: [    0.114808] Mount-cache hash table entries: 2048 (order: 2, 16384 bytes)
[STDERR  ] 2017-06-12T10:20:51.595483724Z: [    0.115589] Mountpoint-cache hash table entries: 2048 (order: 2, 16384 bytes)
[STDERR  ] 2017-06-12T10:20:51.595489175Z: [    0.136177] Last level iTLB entries: 4KB 0, 2MB 0, 4MB 0
[STDERR  ] 2017-06-12T10:20:51.595494379Z: [    0.136898] Last level dTLB entries: 4KB 0, 2MB 0, 4MB 0, 1GB 0
[STDERR  ] 2017-06-12T10:20:51.595499534Z: [    0.524027] Freeing SMP alternatives memory: 24K (ffffffffbf0fc000 - ffffffffbf102000)
[STDERR  ] 2017-06-12T10:20:51.595502355Z: [    0.534298] ftrace: allocating 41866 entries in 164 pages
[STDERR  ] 2017-06-12T10:20:51.595510142Z: [    0.732617] smpboot: Max logical packages: 1
[STDERR  ] 2017-06-12T10:20:51.595512869Z: [    0.738486] ..TIMER: vector=0x30 apic1=0 pin1=2 apic2=-1 pin2=-1
[STDERR  ] 2017-06-12T10:20:51.595520811Z: [    0.840000] smpboot: CPU0: AMD QEMU Virtual CPU version 2.5+ (family: 0x6, model: 0x6, stepping: 0x3)
[STDERR  ] 2017-06-12T10:20:51.595523598Z: [    0.840000] Performance Events: PMU not available due to virtualization, using software events only.
[STDERR  ] 2017-06-12T10:20:51.595531144Z: [    0.863964] NMI watchdog: disabled (cpu0): hardware events not enabled
[STDERR  ] 2017-06-12T10:20:51.595539408Z: [    0.865336] NMI watchdog: Shutting down hard lockup detector on all cpus
[STDERR  ] 2017-06-12T10:20:51.595542358Z: [    0.871726] x86: Booted up 1 node, 1 CPUs
[STDERR  ] 2017-06-12T10:20:51.595549929Z: [    0.872932] smpboot: Total of 1 processors activated (5200.16 BogoMIPS)
[STDERR  ] 2017-06-12T10:20:51.595555026Z: [    0.900300] devtmpfs: initialized
[STDERR  ] 2017-06-12T10:20:51.595560354Z: [    0.909266] x86/mm: Memory block size: 128MB
[STDERR  ] 2017-06-12T10:20:51.595565765Z: [    1.015319] clocksource: jiffies: mask: 0xffffffff max_cycles: 0xffffffff, max_idle_ns: 19112604462750000 ns
[STDERR  ] 2017-06-12T10:20:51.595571056Z: [    1.017759] futex hash table entries: 256 (order: 2, 16384 bytes)
[STDERR  ] 2017-06-12T10:20:51.595576218Z: [    1.034068] NET: Registered protocol family 16
[STDERR  ] 2017-06-12T10:20:51.595584884Z: [    1.051454] cpuidle: using governor ladder
[STDERR  ] 2017-06-12T10:20:51.595590181Z: [    1.052809] cpuidle: using governor menu
[STDERR  ] 2017-06-12T10:20:51.595594542Z: [    1.055237] ACPI: bus type PCI registered
[STDERR  ] 2017-06-12T10:20:51.595601065Z: [    1.060886] PCI: MMCONFIG for domain 0000 [bus 00-ff] at [mem 0xb0000000-0xbfffffff] (base 0xb0000000)
[STDERR  ] 2017-06-12T10:20:51.595609452Z: [    1.063046] PCI: MMCONFIG at [mem 0xb0000000-0xbfffffff] reserved in E820
[STDERR  ] 2017-06-12T10:20:51.595616312Z: [    1.066141] PCI: Using configuration type 1 for base access
[STDERR  ] 2017-06-12T10:20:51.595619211Z: [    1.187626] HugeTLB registered 2 MB page size, pre-allocated 0 pages
[STDERR  ] 2017-06-12T10:20:51.595624401Z: [    1.206465] ACPI: Added _OSI(Module Device)
[STDERR  ] 2017-06-12T10:20:51.595632435Z: [    1.207312] ACPI: Added _OSI(Processor Device)
[STDERR  ] 2017-06-12T10:20:51.595637724Z: [    1.208223] ACPI: Added _OSI(3.0 _SCP Extensions)
[STDERR  ] 2017-06-12T10:20:51.595644602Z: [    1.208921] ACPI: Added _OSI(Processor Aggregator Device)
[STDERR  ] 2017-06-12T10:20:51.595649842Z: [    1.346252] ACPI: Interpreter enabled
[STDERR  ] 2017-06-12T10:20:51.595654888Z: [    1.348194] ACPI: (supports S0 S5)
[STDERR  ] 2017-06-12T10:20:51.595659894Z: [    1.348950] ACPI: Using IOAPIC for interrupt routing
[STDERR  ] 2017-06-12T10:20:51.595669092Z: [    1.353059] PCI: Using host bridge windows from ACPI; if necessary, use "pci=nocrs" and report a bug
[STDERR  ] 2017-06-12T10:20:51.595672189Z: [    1.437856] ACPI: PCI Root Bridge [PCI0] (domain 0000 [bus 00-ff])
[STDERR  ] 2017-06-12T10:20:51.595683132Z: [    1.439305] acpi PNP0A08:00: _OSC: OS supports [ExtendedConfig ASPM ClockPM Segments MSI]
[STDERR  ] 2017-06-12T10:20:51.595688794Z: [    1.445642] acpi PNP0A08:00: _OSC: OS now controls [PCIeHotplug PME PCIeCapability]
[STDERR  ] 2017-06-12T10:20:51.595691688Z: [    1.450685] PCI host bridge to bus 0000:00
[STDERR  ] 2017-06-12T10:20:51.595699652Z: [    1.451530] pci_bus 0000:00: root bus resource [io  0x0000-0x0cf7 window]
[STDERR  ] 2017-06-12T10:20:51.595707495Z: [    1.452233] pci_bus 0000:00: root bus resource [io  0x0d00-0xffff window]
[STDERR  ] 2017-06-12T10:20:51.595712724Z: [    1.453063] pci_bus 0000:00: root bus resource [mem 0x000a0000-0x000bffff window]
[STDERR  ] 2017-06-12T10:20:51.595717846Z: [    1.453741] pci_bus 0000:00: root bus resource [mem 0xc0000000-0xfebfffff window]
[STDERR  ] 2017-06-12T10:20:51.595722982Z: [    1.454796] pci_bus 0000:00: root bus resource [bus 00-ff]
[STDERR  ] 2017-06-12T10:20:51.595730008Z: [    1.550771] pci 0000:00:1f.0: quirk: [io  0x0600-0x067f] claimed by ICH6 ACPI/GPIO/TCO
[STDERR  ] 2017-06-12T10:20:51.595732874Z: [    1.616389] ACPI: PCI Interrupt Link [LNKA] (IRQs 5 *10 11)
[STDERR  ] 2017-06-12T10:20:51.595740625Z: [    1.621577] ACPI: PCI Interrupt Link [LNKB] (IRQs 5 *10 11)
[STDERR  ] 2017-06-12T10:20:51.595743312Z: [    1.625284] ACPI: PCI Interrupt Link [LNKC] (IRQs 5 10 *11)
[STDERR  ] 2017-06-12T10:20:51.595753799Z: [    1.629049] ACPI: PCI Interrupt Link [LNKD] (IRQs 5 10 *11)
[STDERR  ] 2017-06-12T10:20:51.595758976Z: [    1.633251] ACPI: PCI Interrupt Link [LNKE] (IRQs 5 *10 11)
[STDERR  ] 2017-06-12T10:20:51.595767399Z: [    1.637037] ACPI: PCI Interrupt Link [LNKF] (IRQs 5 *10 11)
[STDERR  ] 2017-06-12T10:20:51.595772514Z: [    1.641314] ACPI: PCI Interrupt Link [LNKG] (IRQs 5 10 *11)
[STDERR  ] 2017-06-12T10:20:51.595777606Z: [    1.645122] ACPI: PCI Interrupt Link [LNKH] (IRQs 5 10 *11)
[STDERR  ] 2017-06-12T10:20:51.595784642Z: [    1.647294] ACPI: PCI Interrupt Link [GSIA] (IRQs *16)
[STDERR  ] 2017-06-12T10:20:51.595789948Z: [    1.648932] ACPI: PCI Interrupt Link [GSIB] (IRQs *17)
[STDERR  ] 2017-06-12T10:20:51.595795068Z: [    1.650875] ACPI: PCI Interrupt Link [GSIC] (IRQs *18)
[STDERR  ] 2017-06-12T10:20:51.595797795Z: [    1.652506] ACPI: PCI Interrupt Link [GSID] (IRQs *19)
[STDERR  ] 2017-06-12T10:20:51.595805338Z: [    1.654103] ACPI: PCI Interrupt Link [GSIE] (IRQs *20)
[STDERR  ] 2017-06-12T10:20:51.595808008Z: [    1.655694] ACPI: PCI Interrupt Link [GSIF] (IRQs *21)
[STDERR  ] 2017-06-12T10:20:51.595815668Z: [    1.657272] ACPI: PCI Interrupt Link [GSIG] (IRQs *22)
[STDERR  ] 2017-06-12T10:20:51.595821022Z: [    1.658881] ACPI: PCI Interrupt Link [GSIH] (IRQs *23)
[STDERR  ] 2017-06-12T10:20:51.595826064Z: [    1.666532] ACPI: Enabled 2 GPEs in block 00 to 3F
[STDERR  ] 2017-06-12T10:20:51.595831281Z: [    1.675683] SCSI subsystem initialized
[STDERR  ] 2017-06-12T10:20:51.595838739Z: [    1.682488] pps_core: LinuxPPS API ver. 1 registered
[STDERR  ] 2017-06-12T10:20:51.595841778Z: [    1.683467] pps_core: Software ver. 5.3.6 - Copyright 2005-2007 Rodolfo Giometti <giometti@linux.it>
[STDERR  ] 2017-06-12T10:20:51.595851199Z: [    1.685584] PTP clock support registered
[STDERR  ] 2017-06-12T10:20:51.595856442Z: [    1.688052] wmi: Mapper loaded
[STDERR  ] 2017-06-12T10:20:51.595863998Z: [    1.690818] PCI: Using ACPI for IRQ routing
[STDERR  ] 2017-06-12T10:20:51.595869521Z: [    1.725974] NetLabel: Initializing
[STDERR  ] 2017-06-12T10:20:51.595872182Z: [    1.726799] NetLabel:  domain hash size = 128
[STDERR  ] 2017-06-12T10:20:51.595879905Z: [    1.727555] NetLabel:  protocols = UNLABELED CIPSOv4
[STDERR  ] 2017-06-12T10:20:51.595885105Z: [    1.732031] NetLabel:  unlabeled traffic allowed by default
[STDERR  ] 2017-06-12T10:20:51.595890298Z: [    1.734375] HPET: 3 timers in total, 0 timers will be used for per-cpu timer
[STDERR  ] 2017-06-12T10:20:51.595902216Z: [    1.736197] hpet0: at MMIO 0xfed00000, IRQs 2, 8, 0
[STDERR  ] 2017-06-12T10:20:51.595907875Z: [    1.737512] hpet0: 3 comparators, 64-bit 100.000000 MHz counter
[STDERR  ] 2017-06-12T10:20:51.595910578Z: [    1.746121] clocksource: Switched to clocksource hpet
[STDERR  ] 2017-06-12T10:20:51.595918592Z: [    2.199725] VFS: Disk quotas dquot_6.6.0
[STDERR  ] 2017-06-12T10:20:51.595926806Z: [    2.201082] VFS: Dquot-cache hash table entries: 512 (order 0, 4096 bytes)
[STDERR  ] 2017-06-12T10:20:51.595934741Z: [    2.204073] FS-Cache: Loaded
[STDERR  ] 2017-06-12T10:20:51.595940109Z: [    2.209223] CacheFiles: Loaded
[STDERR  ] 2017-06-12T10:20:51.595945332Z: [    2.211434] pnp: PnP ACPI init
[STDERR  ] 2017-06-12T10:20:51.595950451Z: [    2.224076] pnp: PnP ACPI: found 5 devices
[STDERR  ] 2017-06-12T10:20:51.595957341Z: [    2.275185] clocksource: acpi_pm: mask: 0xffffff max_cycles: 0xffffff, max_idle_ns: 2085701024 ns
[STDERR  ] 2017-06-12T10:20:51.595962834Z: [    2.278736] NET: Registered protocol family 2
[STDERR  ] 2017-06-12T10:20:51.595968049Z: [    2.286603] TCP established hash table entries: 8192 (order: 4, 65536 bytes)
[STDERR  ] 2017-06-12T10:20:51.595970738Z: [    2.287881] TCP bind hash table entries: 8192 (order: 5, 131072 bytes)
[STDERR  ] 2017-06-12T10:20:51.595975965Z: [    2.289290] TCP: Hash tables configured (established 8192 bind 8192)
[STDERR  ] 2017-06-12T10:20:51.595985724Z: [    2.291373] UDP hash table entries: 512 (order: 2, 16384 bytes)
[STDERR  ] 2017-06-12T10:20:51.595990932Z: [    2.292230] UDP-Lite hash table entries: 512 (order: 2, 16384 bytes)
[STDERR  ] 2017-06-12T10:20:51.595996165Z: [    2.294988] NET: Registered protocol family 1
[STDERR  ] 2017-06-12T10:20:51.596001816Z: [    2.298858] RPC: Registered named UNIX socket transport module.
[STDERR  ] 2017-06-12T10:20:51.596007036Z: [    2.299547] RPC: Registered udp transport module.
[STDERR  ] 2017-06-12T10:20:51.596014926Z: [    2.300006] RPC: Registered tcp transport module.
[STDERR  ] 2017-06-12T10:20:51.596023008Z: [    2.301048] RPC: Registered tcp NFSv4.1 backchannel transport module.
[STDERR  ] 2017-06-12T10:20:51.596028282Z: [    2.302198] pci 0000:00:01.0: Video device with shadowed ROM at [mem 0x000c0000-0x000dffff]
[STDERR  ] 2017-06-12T10:20:51.596033544Z: [    2.309921] Unpacking initramfs...
[STDERR  ] 2017-06-12T10:20:51.596038786Z: [   10.652622] Freeing initrd memory: 33308K (ffff89a33df49000 - ffff89a33ffd0000)
[STDERR  ] 2017-06-12T10:20:51.596044106Z: [   10.677596] PCLMULQDQ-NI instructions are not detected.
[STDERR  ] 2017-06-12T10:20:51.596048476Z: [   10.679224] AVX or AES-NI instructions are not detected.
[STDERR  ] 2017-06-12T10:20:51.596056226Z: [   10.679875] CPU feature 'AVX registers' is not supported.
[STDERR  ] 2017-06-12T10:20:51.596064124Z: [   10.680946] CPU feature 'AVX registers' is not supported.
[STDERR  ] 2017-06-12T10:20:51.596069241Z: [   10.681535] CPU feature 'AVX registers' is not supported.
[STDERR  ] 2017-06-12T10:20:51.596074318Z: [   10.682150] CPU feature 'AVX registers' is not supported.
[STDERR  ] 2017-06-12T10:20:51.59608108Z: [   10.682737] AVX2 or AES-NI instructions are not detected.
[STDERR  ] 2017-06-12T10:20:51.596083834Z: [   10.683370] AVX2 instructions are not detected.
[STDERR  ] 2017-06-12T10:20:51.596091462Z: [   10.689471] audit: initializing netlink subsys (disabled)
[STDERR  ] 2017-06-12T10:20:51.596094028Z: [   10.695120] audit: type=2000 audit(1497262812.690:1): initialized
[STDERR  ] 2017-06-12T10:20:51.596101724Z: [   10.704045] workingset: timestamp_bits=46 max_order=18 bucket_order=0
[STDERR  ] 2017-06-12T10:20:51.59610437Z: [   10.709818] FS-Cache: Netfs 'nfs' registered for caching
[STDERR  ] 2017-06-12T10:20:51.596111984Z: [   10.712883] NFS: Registering the id_resolver key type
[STDERR  ] 2017-06-12T10:20:51.596120106Z: [   10.714524] Key type id_resolver registered
[STDERR  ] 2017-06-12T10:20:51.596126314Z: [   10.714992] Key type id_legacy registered
[STDERR  ] 2017-06-12T10:20:51.596134632Z: [   10.715679] nfs4filelayout_init: NFSv4 File Layout Driver Registering...
[STDERR  ] 2017-06-12T10:20:51.596139002Z: [   10.716730] Installing knfsd (copyright (C) 1996 okir@monad.swb.de).
[STDERR  ] 2017-06-12T10:20:51.596149721Z: [   10.721230] FS-Cache: Netfs 'cifs' registered for caching
[STDERR  ] 2017-06-12T10:20:51.59615271Z: [   10.722509] ntfs: driver 2.1.32 [Flags: R/O].
[STDERR  ] 2017-06-12T10:20:51.596157934Z: [   10.723359] fuse init (API version 7.26)
[STDERR  ] 2017-06-12T10:20:51.596165782Z: [   10.726095] SGI XFS with ACLs, security attributes, no debug enabled
[STDERR  ] 2017-06-12T10:20:51.596170984Z: [   10.730777] 9p: Installing v9fs 9p2000 file system support
[STDERR  ] 2017-06-12T10:20:51.596176021Z: [   10.731596] FS-Cache: Netfs '9p' registered for caching
[STDERR  ] 2017-06-12T10:20:51.596181104Z: [   10.768391] NET: Registered protocol family 38
[STDERR  ] 2017-06-12T10:20:51.596186282Z: [   10.769357] Key type asymmetric registered
[STDERR  ] 2017-06-12T10:20:51.596191394Z: [   10.769826] Asymmetric key parser 'x509' registered
[STDERR  ] 2017-06-12T10:20:51.596196476Z: [   10.772203] Block layer SCSI generic (bsg) driver version 0.4 loaded (major 251)
[STDERR  ] 2017-06-12T10:20:51.596203188Z: [   10.773961] io scheduler noop registered
[STDERR  ] 2017-06-12T10:20:51.59620841Z: [   10.774483] io scheduler deadline registered (default)
[STDERR  ] 2017-06-12T10:20:51.59621583Z: [   10.775382] io scheduler cfq registered
[STDERR  ] 2017-06-12T10:20:51.596226081Z: [   10.778355] pci_hotplug: PCI Hot Plug PCI Core version: 0.5
[STDERR  ] 2017-06-12T10:20:51.596231682Z: [   10.779263] pciehp: PCI Express Hot Plug Controller Driver version: 0.4
[STDERR  ] 2017-06-12T10:20:51.596234417Z: [   10.781459] shpchp: Standard Hot Plug PCI Controller Driver version: 0.4
[STDERR  ] 2017-06-12T10:20:51.596244985Z: [   10.782635] hv_vmbus: registering driver hyperv_fb
[STDERR  ] 2017-06-12T10:20:51.596247627Z: [   10.786116] input: Power Button as /devices/LNXSYSTM:00/LNXPWRBN:00/input/input0
[STDERR  ] 2017-06-12T10:20:51.596255327Z: [   10.787554] ACPI: Power Button [PWRF]
[STDERR  ] 2017-06-12T10:20:51.596260412Z: [   10.793313] GHES: HEST is not enabled!
[STDERR  ] 2017-06-12T10:20:51.596265527Z: [   10.805548] ACPI: PCI Interrupt Link [GSIH] enabled at IRQ 23
[STDERR  ] 2017-06-12T10:20:51.596272207Z: [   10.813044] xenfs: not registering filesystem on non-xen platform
[STDERR  ] 2017-06-12T10:20:51.596277467Z: [   10.815574] Serial: 8250/16550 driver, 4 ports, IRQ sharing disabled
[STDERR  ] 2017-06-12T10:20:51.59628281Z: [   10.840942] 00:04: ttyS0 at I/O 0x3f8 (irq = 4, base_baud = 115200) is a 16550A
[STDERR  ] 2017-06-12T10:20:51.596291128Z: [   10.849172] Initializing Nozomi driver 2.1d
[STDERR  ] 2017-06-12T10:20:51.596296267Z: [   10.854288] Non-volatile memory driver v1.3
[STDERR  ] 2017-06-12T10:20:51.59630156Z: [   10.861181] Hangcheck: starting hangcheck timer 0.9.1 (tick is 180 seconds, margin is 60 seconds).
[STDERR  ] 2017-06-12T10:20:51.596307132Z: [   10.902708] loop: module loaded
[STDERR  ] 2017-06-12T10:20:51.59631228Z: [   10.918072] nbd: registered device at major 43
[STDERR  ] 2017-06-12T10:20:51.596317544Z: [   10.961823] lpc_ich 0000:00:1f.0: I/O space for GPIO uninitialized
[STDERR  ] 2017-06-12T10:20:51.596322675Z: [   10.964025] VMware PVSCSI driver - version 1.0.7.0-k
[STDERR  ] 2017-06-12T10:20:51.596325397Z: [   10.964992] hv_vmbus: registering driver hv_storvsc
[STDERR  ] 2017-06-12T10:20:51.596332961Z: [   10.976138] ACPI: PCI Interrupt Link [GSIA] enabled at IRQ 16
[STDERR  ] 2017-06-12T10:20:51.596335557Z: [   10.983112] ahci 0000:00:1f.2: AHCI 0001.0000 32 slots 6 ports 1.5 Gbps 0x3f impl SATA mode
[STDERR  ] 2017-06-12T10:20:51.596343322Z: [   10.984208] ahci 0000:00:1f.2: flags: 64bit ncq only 
[STDERR  ] 2017-06-12T10:20:51.596346035Z: [   11.005530] scsi host0: ahci
[STDERR  ] 2017-06-12T10:20:51.596353774Z: [   11.009655] scsi host1: ahci
[STDERR  ] 2017-06-12T10:20:51.596361838Z: [   11.012430] scsi host2: ahci
[STDERR  ] 2017-06-12T10:20:51.596366874Z: [   11.014876] scsi host3: ahci
[STDERR  ] 2017-06-12T10:20:51.596374561Z: [   11.017284] scsi host4: ahci
[STDERR  ] 2017-06-12T10:20:51.596379741Z: [   11.020546] scsi host5: ahci
[STDERR  ] 2017-06-12T10:20:51.596389785Z: [   11.022697] ata1: SATA max UDMA/133 abar m4096@0xfebf1000 port 0xfebf1100 irq 24
[STDERR  ] 2017-06-12T10:20:51.596395408Z: [   11.023491] ata2: SATA max UDMA/133 abar m4096@0xfebf1000 port 0xfebf1180 irq 24
[STDERR  ] 2017-06-12T10:20:51.596400731Z: [   11.024397] ata3: SATA max UDMA/133 abar m4096@0xfebf1000 port 0xfebf1200 irq 24
[STDERR  ] 2017-06-12T10:20:51.596403555Z: [   11.025108] ata4: SATA max UDMA/133 abar m4096@0xfebf1000 port 0xfebf1280 irq 24
[STDERR  ] 2017-06-12T10:20:51.596411217Z: [   11.025888] ata5: SATA max UDMA/133 abar m4096@0xfebf1000 port 0xfebf1300 irq 24
[STDERR  ] 2017-06-12T10:20:51.59641636Z: [   11.026602] ata6: SATA max UDMA/133 abar m4096@0xfebf1000 port 0xfebf1380 irq 24
[STDERR  ] 2017-06-12T10:20:51.59641906Z: [   11.039031] Ethernet Channel Bonding Driver: v3.7.1 (April 27, 2011)
[STDERR  ] 2017-06-12T10:20:51.596428728Z: [   11.058560] tun: Universal TUN/TAP device driver, 1.6
[STDERR  ] 2017-06-12T10:20:51.596433967Z: [   11.059192] tun: (C) 1999-2004 Max Krasnyansky <maxk@qualcomm.com>
[STDERR  ] 2017-06-12T10:20:51.596441442Z: [   11.061730] ena: Elastic Network Adapter (ENA) v1.0.2
[STDERR  ] 2017-06-12T10:20:51.596447068Z: [   11.063869] e1000: Intel(R) PRO/1000 Network Driver - version 7.3.21-k8-NAPI
[STDERR  ] 2017-06-12T10:20:51.59645226Z: [   11.064580] e1000: Copyright (c) 1999-2006 Intel Corporation.
[STDERR  ] 2017-06-12T10:20:51.596457462Z: [   11.073741] ACPI: PCI Interrupt Link [GSIG] enabled at IRQ 22
[STDERR  ] 2017-06-12T10:20:51.596460212Z: [   11.360787] ata4: SATA link down (SStatus 0 SControl 300)
[STDERR  ] 2017-06-12T10:20:51.596477454Z: [   11.363276] ata3: SATA link up 1.5 Gbps (SStatus 113 SControl 300)
[STDERR  ] 2017-06-12T10:20:51.596483011Z: [   11.366911] ata3.00: ATAPI: QEMU DVD-ROM, 2.5+, max UDMA/100
[STDERR  ] 2017-06-12T10:20:51.596485788Z: [   11.367697] ata3.00: applying bridge limits
[STDERR  ] 2017-06-12T10:20:51.596493514Z: [   11.369529] ata3.00: configured for UDMA/100
[STDERR  ] 2017-06-12T10:20:51.59649622Z: [   11.370994] ata2: SATA link down (SStatus 0 SControl 300)
[STDERR  ] 2017-06-12T10:20:51.59650128Z: [   11.371807] ata1: SATA link down (SStatus 0 SControl 300)
[STDERR  ] 2017-06-12T10:20:51.596510771Z: [   11.372533] ata6: SATA link down (SStatus 0 SControl 300)
[STDERR  ] 2017-06-12T10:20:51.596516028Z: [   11.373258] ata5: SATA link down (SStatus 0 SControl 300)
[STDERR  ] 2017-06-12T10:20:51.596521254Z: [   11.394127] scsi 2:0:0:0: CD-ROM            QEMU     QEMU DVD-ROM     2.5+ PQ: 0 ANSI: 5
[STDERR  ] 2017-06-12T10:20:51.596526548Z: [   11.413360] sr 2:0:0:0: [sr0] scsi3-mmc drive: 4x/4x cd/rw xa/form2 tray
[STDERR  ] 2017-06-12T10:20:51.596531747Z: [   11.414472] cdrom: Uniform CD-ROM driver Revision: 3.20
[STDERR  ] 2017-06-12T10:20:51.596536915Z: [   11.422072] sr 2:0:0:0: Attached scsi generic sg0 type 5
[STDERR  ] 2017-06-12T10:20:51.59654237Z: [   11.464613] e1000 0000:00:02.0 eth0: (PCI:33MHz:32-bit) 52:54:00:12:34:56
[STDERR  ] 2017-06-12T10:20:51.59654778Z: [   11.465662] e1000 0000:00:02.0 eth0: Intel(R) PRO/1000 Network Connection
[STDERR  ] 2017-06-12T10:20:51.596556401Z: [   11.466919] e1000e: Intel(R) PRO/1000 Network Driver - 3.2.6-k
[STDERR  ] 2017-06-12T10:20:51.59656325Z: [   11.467524] e1000e: Copyright(c) 1999 - 2015 Intel Corporation.
[STDERR  ] 2017-06-12T10:20:51.596568475Z: [   11.468579] igb: Intel(R) Gigabit Ethernet Network Driver - version 5.4.0-k
[STDERR  ] 2017-06-12T10:20:51.596576297Z: [   11.469261] igb: Copyright (c) 2007-2014 Intel Corporation.
[STDERR  ] 2017-06-12T10:20:51.596584595Z: [   11.470537] igbvf: Intel(R) Gigabit Virtual Function Network Driver - version 2.4.0-k
[STDERR  ] 2017-06-12T10:20:51.596590097Z: [   11.471312] igbvf: Copyright (c) 2009 - 2012 Intel Corporation.
[STDERR  ] 2017-06-12T10:20:51.596595528Z: [   11.472361] ixgbe: Intel(R) 10 Gigabit PCI Express Network Driver - version 4.4.0-k
[STDERR  ] 2017-06-12T10:20:51.596600948Z: [   11.473124] ixgbe: Copyright (c) 1999-2016 Intel Corporation.
[STDERR  ] 2017-06-12T10:20:51.596609244Z: [   11.475138] ixgbevf: Intel(R) 10 Gigabit PCI Express Virtual Function Network Driver - version 3.2.2-k
[STDERR  ] 2017-06-12T10:20:51.596616201Z: [   11.476035] ixgbevf: Copyright (c) 2009 - 2015 Intel Corporation.
[STDERR  ] 2017-06-12T10:20:51.596620914Z: [   11.477711] ixgb: Intel(R) PRO/10GbE Network Driver - version 1.0.135-k2-NAPI
[STDERR  ] 2017-06-12T10:20:51.596638734Z: [   11.478429] ixgb: Copyright (c) 1999-2008 Intel Corporation.
[STDERR  ] 2017-06-12T10:20:51.59664378Z: [   11.479772] PPP generic driver version 2.4.2
[STDERR  ] 2017-06-12T10:20:51.596657204Z: [   11.482042] PPP BSD Compression module registered
[STDERR  ] 2017-06-12T10:20:51.596661872Z: [   11.482759] PPP Deflate Compression module registered
[STDERR  ] 2017-06-12T10:20:51.596669912Z: [   11.483568] PPP MPPE Compression module registered
[STDERR  ] 2017-06-12T10:20:51.596672588Z: [   11.484111] NET: Registered protocol family 24
[STDERR  ] 2017-06-12T10:20:51.596685658Z: [   11.485113] PPTP driver version 0.8.5
[STDERR  ] 2017-06-12T10:20:51.596696098Z: [   11.486723] VMware vmxnet3 virtual NIC driver - version 1.4.a.0-k-NAPI
[STDERR  ] 2017-06-12T10:20:51.596701535Z: [   11.488038] hv_vmbus: registering driver hv_netvsc
[STDERR  ] 2017-06-12T10:20:51.596704378Z: [   11.488564] Fusion MPT base driver 3.04.20
[STDERR  ] 2017-06-12T10:20:51.596709387Z: [   11.488963] Copyright (c) 1999-2008 LSI Corporation
[STDERR  ] 2017-06-12T10:20:51.596719654Z: [   11.489794] Fusion MPT SPI Host driver 3.04.20
[STDERR  ] 2017-06-12T10:20:51.596724751Z: [   11.496345] aoe: AoE v85 initialised.
[STDERR  ] 2017-06-12T10:20:51.5967335Z: [   11.499268] i8042: PNP: PS/2 Controller [PNP0303:KBD,PNP0f13:MOU] at 0x60,0x64 irq 1,12
[STDERR  ] 2017-06-12T10:20:51.596739237Z: [   11.504178] serio: i8042 KBD port at 0x60,0x64 irq 1
[STDERR  ] 2017-06-12T10:20:51.596744322Z: [   11.505249] serio: i8042 AUX port at 0x60,0x64 irq 12
[STDERR  ] 2017-06-12T10:20:51.596752058Z: [   11.508821] hv_vmbus: registering driver hyperv_keyboard
[STDERR  ] 2017-06-12T10:20:51.596757154Z: [   11.512035] mousedev: PS/2 mouse device common for all mice
[STDERR  ] 2017-06-12T10:20:51.596762377Z: [   11.517477] input: AT Translated Set 2 keyboard as /devices/platform/i8042/serio0/input/input1
[STDERR  ] 2017-06-12T10:20:51.596767684Z: [   11.521497] input: PC Speaker as /devices/platform/pcspkr/input/input2
[STDERR  ] 2017-06-12T10:20:51.596772815Z: [   11.525800] rtc_cmos 00:00: RTC can wake from S4
[STDERR  ] 2017-06-12T10:20:51.596780177Z: [   11.529597] rtc_cmos 00:00: rtc core: registered rtc_cmos as rtc0
[STDERR  ] 2017-06-12T10:20:51.59678543Z: [   11.531566] rtc_cmos 00:00: alarms up to one day, y3k, 114 bytes nvram, hpet irqs
[STDERR  ] 2017-06-12T10:20:51.596790625Z: [   11.532722] i2c /dev entries driver
[STDERR  ] 2017-06-12T10:20:51.596795881Z: [   11.535017] device-mapper: ioctl: 4.35.0-ioctl (2016-06-23) initialised: dm-devel@redhat.com
[STDERR  ] 2017-06-12T10:20:51.596798674Z: [   11.540554] hv_utils: Registering HyperV Utility Driver
[STDERR  ] 2017-06-12T10:20:51.596807984Z: [   11.541139] hv_vmbus: registering driver hv_util
[STDERR  ] 2017-06-12T10:20:51.596810745Z: [   11.541640] hv_vmbus: registering driver hv_balloon
[STDERR  ] 2017-06-12T10:20:51.59682024Z: [   11.542446] oprofile: using NMI interrupt.
[STDERR  ] 2017-06-12T10:20:51.596825583Z: [   11.543797] GACT probability on
[STDERR  ] 2017-06-12T10:20:51.596828395Z: [   11.544445] Mirror/redirect action on
[STDERR  ] 2017-06-12T10:20:51.596835897Z: [   11.545526] Simple TC action Loaded
[STDERR  ] 2017-06-12T10:20:51.596840931Z: [   11.549412] netem: version 1.3
[STDERR  ] 2017-06-12T10:20:51.596845183Z: [   11.549838] u32 classifier
[STDERR  ] 2017-06-12T10:20:51.59685492Z: [   11.550707]     Performance counters on
[STDERR  ] 2017-06-12T10:20:51.596860143Z: [   11.551104]     input device check on
[STDERR  ] 2017-06-12T10:20:51.59686541Z: [   11.551474]     Actions configured
[STDERR  ] 2017-06-12T10:20:51.596870668Z: [   11.552366] Netfilter messages via NETLINK v0.30.
[STDERR  ] 2017-06-12T10:20:51.596880784Z: [   11.553226] nfnl_acct: registering with nfnetlink.
[STDERR  ] 2017-06-12T10:20:51.59689295Z: [   11.554826] nf_conntrack version 0.5.0 (8192 buckets, 32768 max)
[STDERR  ] 2017-06-12T10:20:51.596902193Z: [   11.558061] ctnetlink v0.93: registering with nfnetlink.
[STDERR  ] 2017-06-12T10:20:51.596912267Z: [   11.562493] nf_tables: (c) 2007-2009 Patrick McHardy <kaber@trash.net>
[STDERR  ] 2017-06-12T10:20:51.596921643Z: [   11.563668] nf_tables_compat: (c) 2012 Pablo Neira Ayuso <pablo@netfilter.org>
[STDERR  ] 2017-06-12T10:20:51.596925753Z: [   11.566622] xt_time: kernel timezone is -0000
[STDERR  ] 2017-06-12T10:20:51.596933774Z: [   11.567410] ip_set: protocol 6
[STDERR  ] 2017-06-12T10:20:51.596939101Z: [   11.568220] IPVS: Registered protocols (TCP, UDP, SCTP, AH, ESP)
[STDERR  ] 2017-06-12T10:20:51.596941788Z: [   11.569079] IPVS: Connection hash table configured (size=4096, memory=64Kbytes)
[STDERR  ] 2017-06-12T10:20:51.596949645Z: [   11.571629] IPVS: Creating netns size=2104 id=0
[STDERR  ] 2017-06-12T10:20:51.596954803Z: [   11.574621] IPVS: ipvs loaded.
[STDERR  ] 2017-06-12T10:20:51.596959888Z: [   11.575189] IPVS: [rr] scheduler registered.
[STDERR  ] 2017-06-12T10:20:51.596968984Z: [   11.575672] IPVS: [wrr] scheduler registered.
[STDERR  ] 2017-06-12T10:20:51.596974431Z: [   11.576181] IPVS: [lc] scheduler registered.
[STDERR  ] 2017-06-12T10:20:51.59697959Z: [   11.576597] IPVS: [wlc] scheduler registered.
[STDERR  ] 2017-06-12T10:20:51.596984653Z: [   11.577044] IPVS: [fo] scheduler registered.
[STDERR  ] 2017-06-12T10:20:51.596990767Z: [   11.577518] IPVS: [ovf] scheduler registered.
[STDERR  ] 2017-06-12T10:20:51.596995974Z: [   11.578184] IPVS: [lblc] scheduler registered.
[STDERR  ] 2017-06-12T10:20:51.59700373Z: [   11.578822] IPVS: [lblcr] scheduler registered.
[STDERR  ] 2017-06-12T10:20:51.597008724Z: [   11.579284] IPVS: [dh] scheduler registered.
[STDERR  ] 2017-06-12T10:20:51.597016067Z: [   11.579709] IPVS: [sh] scheduler registered.
[STDERR  ] 2017-06-12T10:20:51.597021217Z: [   11.580770] IPVS: [sed] scheduler registered.
[STDERR  ] 2017-06-12T10:20:51.597026325Z: [   11.581240] IPVS: [nq] scheduler registered.
[STDERR  ] 2017-06-12T10:20:51.597033187Z: [   11.582146] IPVS: ftp: loaded support on port[0] = 21
[STDERR  ] 2017-06-12T10:20:51.597035997Z: [   11.583309] ipip: IPv4 and MPLS over IPv4 tunneling driver
[STDERR  ] 2017-06-12T10:20:51.597043537Z: [   11.587867] gre: GRE over IPv4 demultiplexor driver
[STDERR  ] 2017-06-12T10:20:51.597046203Z: [   11.588454] ip_gre: GRE over IPv4 tunneling driver
[STDERR  ] 2017-06-12T10:20:51.597054175Z: [   11.595017] IPv4 over IPsec tunneling driver
[STDERR  ] 2017-06-12T10:20:51.597059371Z: [   11.601471] ip_tables: (C) 2000-2006 Netfilter Core Team
[STDERR  ] 2017-06-12T10:20:51.597063548Z: [   11.605012] ipt_CLUSTERIP: ClusterIP Version 0.8 loaded successfully
[STDERR  ] 2017-06-12T10:20:51.597071487Z: [   11.606120] arp_tables: arp_tables: (C) 2002 David S. Miller
[STDERR  ] 2017-06-12T10:20:51.597076827Z: [   11.608219] Initializing XFRM netlink socket
[STDERR  ] 2017-06-12T10:20:51.597079418Z: [   11.609612] NET: Registered protocol family 10
[STDERR  ] 2017-06-12T10:20:51.597087541Z: [   11.622556] mip6: Mobile IPv6
[STDERR  ] 2017-06-12T10:20:51.597090275Z: [   11.623848] ip6_tables: (C) 2000-2006 Netfilter Core Team
[STDERR  ] 2017-06-12T10:20:51.597099705Z: [   11.632757] sit: IPv6, IPv4 and MPLS over IPv4 tunneling driver
[STDERR  ] 2017-06-12T10:20:51.597107767Z: [   11.641369] ip6_gre: GRE over IPv6 tunneling driver
[STDERR  ] 2017-06-12T10:20:51.59711045Z: [   11.645580] NET: Registered protocol family 17
[STDERR  ] 2017-06-12T10:20:51.597118071Z: [   11.646590] NET: Registered protocol family 15
[STDERR  ] 2017-06-12T10:20:51.597120697Z: [   11.647808] Bridge firewalling registered
[STDERR  ] 2017-06-12T10:20:51.597128618Z: [   11.648549] Ebtables v2.0 registered
[STDERR  ] 2017-06-12T10:20:51.597133804Z: [   11.652402] l2tp_core: L2TP core driver, V2.0
[STDERR  ] 2017-06-12T10:20:51.597138907Z: [   11.653192] l2tp_ppp: PPPoL2TP kernel driver, V2.0
[STDERR  ] 2017-06-12T10:20:51.59714158Z: [   11.653693] 8021q: 802.1Q VLAN Support v1.8
[STDERR  ] 2017-06-12T10:20:51.597149583Z: [   11.655296] 9pnet: Installing 9P2000 support
[STDERR  ] 2017-06-12T10:20:51.59716015Z: [   11.656421] Key type dns_resolver registered
[STDERR  ] 2017-06-12T10:20:51.597164795Z: [   11.656903] openvswitch: Open vSwitch switching datapath
[STDERR  ] 2017-06-12T10:20:51.59717258Z: [   11.659379] mpls_gso: MPLS GSO support
[STDERR  ] 2017-06-12T10:20:51.59717531Z: [   11.660471] microcode: AMD CPU family 0x6 not supported
[STDERR  ] 2017-06-12T10:20:51.597183299Z: [   11.664672] registered taskstats version 1
[STDERR  ] 2017-06-12T10:20:51.597188562Z: [   11.681138] tsc: Refined TSC clocksource calibration: 2600.001 MHz
[STDERR  ] 2017-06-12T10:20:51.597195432Z: [   11.682106] clocksource: tsc: mask: 0xffffffffffffffff max_cycles: 0x257a3ce1c4c, max_idle_ns: 440795206275 ns
[STDERR  ] 2017-06-12T10:20:51.59720079Z: [   11.858852] Key type big_key registered
[STDERR  ] 2017-06-12T10:20:51.597205892Z: [   11.904533] Key type encrypted registered
[STDERR  ] 2017-06-12T10:20:51.597211182Z: [   11.909346] rtc_cmos 00:00: setting system clock to 2017-06-12 10:20:14 UTC (1497262814)
[STDERR  ] 2017-06-12T10:20:51.597213929Z: [   12.060526] Freeing unused kernel memory: 1456K (ffffffffbef90000 - ffffffffbf0fc000)
[STDERR  ] 2017-06-12T10:20:51.597226944Z: [   12.061465] Write protecting the kernel read-only data: 14336k
[STDERR  ] 2017-06-12T10:20:51.597236149Z: [   12.071353] Freeing unused kernel memory: 700K (ffff89a31b951000 - ffff89a31ba00000)
[STDERR  ] 2017-06-12T10:20:51.59724494Z: [   12.133504] Freeing unused kernel memory: 976K (ffff89a31bd0c000 - ffff89a31be00000)
[STDERR  ] 2017-06-12T10:20:51.597247879Z: [   12.701123] clocksource: Switched to clocksource tsc
[STDERR  ] 2017-06-12T10:20:51.597255927Z: 
[STDERR  ] 2017-06-12T10:20:51.597263939Z: Starting containerd
[STDERR  ] 2017-06-12T10:20:51.597269117Z: 
[STDERR  ] 2017-06-12T10:20:51.597271946Z: Welcome to LinuxKit
[STDERR  ] 2017-06-12T10:20:51.597276944Z: 
[STDERR  ] 2017-06-12T10:20:51.59728497Z:                         ##         .
[STDERR  ] 2017-06-12T10:20:51.597290316Z:                   ## ## ##        ==
[STDERR  ] 2017-06-12T10:20:51.597295736Z:                ## ## ## ## ##    ===
[STDERR  ] 2017-06-12T10:20:51.597301117Z:            /"""""""""""""""""\___/ ===
[STDERR  ] 2017-06-12T10:20:51.597306444Z:       ~~~ {~~ ~~~~ ~~~ ~~~~ ~~~ ~ /  ===- ~~~
[STDERR  ] 2017-06-12T10:20:51.597311642Z:            \______ o           __/
[STDERR  ] 2017-06-12T10:20:51.597319514Z:              \    \         __/
[STDERR  ] 2017-06-12T10:20:51.597322474Z:               \____\_______/
[STDERR  ] 2017-06-12T10:20:51.597327617Z: 
[STDERR  ] 2017-06-12T10:20:51.59733559Z: [34mINFO[0m[0000] starting containerd boot...                   [34mmodule[0m=containerd
[STDERR  ] 2017-06-12T10:20:51.597345094Z: [34mINFO[0m[0000] starting debug API...                         [34mdebug[0m="/run/containerd/debug.sock" [34mmodule[0m=containerd
[STDERR  ] 2017-06-12T10:20:51.597351004Z: [34mINFO[0m[0000] loading monitor plugin "cgroups"...           [34mmodule[0m=containerd
[STDERR  ] 2017-06-12T10:20:51.597353724Z: [34mINFO[0m[0000] loading runtime plugin "linux"...             [34mmodule[0m=containerd
[STDERR  ] 2017-06-12T10:20:51.597358887Z: [34mINFO[0m[0000] loading snapshot plugin "snapshot-overlay"...  [34mmodule[0m=containerd
[STDERR  ] 2017-06-12T10:20:51.597366826Z: [34mINFO[0m[0000] loading differ plugin "diff-base"...          [34mmodule[0m=containerd
[STDERR  ] 2017-06-12T10:20:51.597372094Z: [34mINFO[0m[0000] loading grpc service plugin "snapshots-grpc"...  [34mmodule[0m=containerd
[STDERR  ] 2017-06-12T10:20:51.597377356Z: [34mINFO[0m[0000] loading grpc service plugin "version-grpc"...  [34mmodule[0m=containerd
[STDERR  ] 2017-06-12T10:20:51.597382572Z: [34mINFO[0m[0000] loading grpc service plugin "metrics-grpc"...  [34mmodule[0m=containerd
[STDERR  ] 2017-06-12T10:20:51.597393494Z: [34mINFO[0m[0000] loading grpc service plugin "images-grpc"...  [34mmodule[0m=containerd
[STDERR  ] 2017-06-12T10:20:51.597399104Z: [34mINFO[0m[0000] loading grpc service plugin "content-grpc"...  [34mmodule[0m=containerd
[STDERR  ] 2017-06-12T10:20:51.597404309Z: [34mINFO[0m[0000] loading grpc service plugin "diff-grpc"...    [34mmodule[0m=containerd
[STDERR  ] 2017-06-12T10:20:51.59741137Z: [34mINFO[0m[0000] loading grpc service plugin "tasks-grpc"...   [34mmodule[0m=containerd
[STDERR  ] 2017-06-12T10:20:51.597416712Z: [34mINFO[0m[0000] loading grpc service plugin "healthcheck-grpc"...  [34mmodule[0m=containerd
[STDERR  ] 2017-06-12T10:20:51.597422009Z: [34mINFO[0m[0000] loading grpc service plugin "containers-grpc"...  [34mmodule[0m=containerd
[STDERR  ] 2017-06-12T10:20:51.597427317Z: [   20.789368] random: fast init done
[STDERR  ] 2017-06-12T10:20:51.597432526Z: [34mINFO[0m[0000] loading grpc service plugin "namespaces-grpc"...  [34mmodule[0m=containerd
[STDERR  ] 2017-06-12T10:20:51.59743932Z: [34mINFO[0m[0000] starting GRPC API server...                   [34mmodule[0m=containerd
[STDERR  ] 2017-06-12T10:20:51.597442019Z: [34mINFO[0m[0000] containerd successfully booted in 0.298283s   [34mmodule[0m=containerd
[STDERR  ] 2017-06-12T10:20:51.597449729Z: starting kernel config sanity test with /proc/config.gz
[STDERR  ] 2017-06-12T10:20:51.597452382Z: kernel config test succeeded!
[STDERR  ] 2017-06-12T10:20:51.59746179Z: [37minfo: reading kernel config from /proc/config.gz ...[m
[STDERR  ] 2017-06-12T10:20:51.597469674Z: 
[STDERR  ] 2017-06-12T10:20:51.597476829Z: Generally Necessary:
[STDERR  ] 2017-06-12T10:20:51.59748237Z: - [37mcgroup hierarchy[m: [32mproperly mounted[m [/sys/fs/cgroup]
[STDERR  ] 2017-06-12T10:20:51.597485154Z: - [37mCONFIG_NAMESPACES[m: [32menabled[m
[STDERR  ] 2017-06-12T10:20:51.59749304Z: - [37mCONFIG_NET_NS[m: [32menabled[m
[STDERR  ] 2017-06-12T10:20:51.597495779Z: - [37mCONFIG_PID_NS[m: [32menabled[m
[STDERR  ] 2017-06-12T10:20:51.597503582Z: - [37mCONFIG_IPC_NS[m: [32menabled[m
[STDERR  ] 2017-06-12T10:20:51.597506392Z: - [37mCONFIG_UTS_NS[m: [32menabled[m
[STDERR  ] 2017-06-12T10:20:51.59751152Z: - [37mCONFIG_CGROUPS[m: [32menabled[m
[STDERR  ] 2017-06-12T10:20:51.597519374Z: - [37mCONFIG_CGROUP_CPUACCT[m: [32menabled[m
[STDERR  ] 2017-06-12T10:20:51.59752217Z: - [37mCONFIG_CGROUP_DEVICE[m: [32menabled[m
[STDERR  ] 2017-06-12T10:20:51.59752986Z: - [37mCONFIG_CGROUP_FREEZER[m: [32menabled[m
[STDERR  ] 2017-06-12T10:20:51.597532546Z: - [37mCONFIG_CGROUP_SCHED[m: [32menabled[m
[STDERR  ] 2017-06-12T10:20:51.59754719Z: - [37mCONFIG_CPUSETS[m: [32menabled[m
[STDERR  ] 2017-06-12T10:20:51.597550006Z: - [37mCONFIG_MEMCG[m: [32menabled[m
[STDERR  ] 2017-06-12T10:20:51.597554974Z: - [37mCONFIG_KEYS[m: [32menabled[m
[STDERR  ] 2017-06-12T10:20:51.597562852Z: - [37mCONFIG_VETH[m: [32menabled[m
[STDERR  ] 2017-06-12T10:20:51.597568064Z: - [37mCONFIG_BRIDGE[m: [32menabled[m
[STDERR  ] 2017-06-12T10:20:51.597573177Z: - [37mCONFIG_BRIDGE_NETFILTER[m: [32menabled[m
[STDERR  ] 2017-06-12T10:20:51.597578379Z: - [37mCONFIG_NF_NAT_IPV4[m: [32menabled[m
[STDERR  ] 2017-06-12T10:20:51.597583544Z: - [37mCONFIG_IP_NF_FILTER[m: [32menabled[m
[STDERR  ] 2017-06-12T10:20:51.597588647Z: - [37mCONFIG_IP_NF_TARGET_MASQUERADE[m: [32menabled[m
[STDERR  ] 2017-06-12T10:20:51.597591309Z: - [37mCONFIG_NETFILTER_XT_MATCH_ADDRTYPE[m: [32menabled[m
[STDERR  ] 2017-06-12T10:20:51.597598995Z: - [37mCONFIG_NETFILTER_XT_MATCH_CONNTRACK[m: [32menabled[m
[STDERR  ] 2017-06-12T10:20:51.597601697Z: - [37mCONFIG_NETFILTER_XT_MATCH_IPVS[m: [32menabled[m
[STDERR  ] 2017-06-12T10:20:51.597611039Z: - [37mCONFIG_IP_NF_NAT[m: [32menabled[m
[STDERR  ] 2017-06-12T10:20:51.597613706Z: - [37mCONFIG_NF_NAT[m: [32menabled[m
[STDERR  ] 2017-06-12T10:20:51.597623019Z: - [37mCONFIG_NF_NAT_NEEDED[m: [32menabled[m
[STDERR  ] 2017-06-12T10:20:51.597631216Z: - [37mCONFIG_POSIX_MQUEUE[m: [32menabled[m
[STDERR  ] 2017-06-12T10:20:51.597638989Z: 
[STDERR  ] 2017-06-12T10:20:51.597644722Z: Optional Features:
[STDERR  ] 2017-06-12T10:20:51.59765265Z: - [37mCONFIG_USER_NS[m: [32menabled[m
[STDERR  ] 2017-06-12T10:20:51.597658015Z: - [37mCONFIG_SECCOMP[m: [32menabled[m
[STDERR  ] 2017-06-12T10:20:51.597663272Z: - [37mCONFIG_CGROUP_PIDS[m: [32menabled[m
[STDERR  ] 2017-06-12T10:20:51.59767041Z: - [37mCONFIG_MEMCG_SWAP[m: [32menabled[m
[STDERR  ] 2017-06-12T10:20:51.597675737Z: - [37mCONFIG_MEMCG_SWAP_ENABLED[m: [32menabled[m
[STDERR  ] 2017-06-12T10:20:51.597684116Z:     [1;30m(cgroup swap accounting is currently enabled)[m
[STDERR  ] 2017-06-12T10:20:51.597696447Z: - [1mCONFIG_LEGACY_VSYSCALL_NONE[m: [1;31menabled[m
[STDERR  ] 2017-06-12T10:20:51.597706615Z:     [1;30m(containers using eglibc <= 2.13 will not work. Switch to[m
[STDERR  ] 2017-06-12T10:20:51.597716097Z:     [1;30m "CONFIG_VSYSCALL_[NATIVE|EMULATE]" or use "vsyscall=[native|emulate]"[m
[STDERR  ] 2017-06-12T10:20:51.59772466Z:     [1;30m on kernel command line. Note that this will disable ASLR for the,[m
[STDERR  ] 2017-06-12T10:20:51.59773399Z:     [1;30m VDSO which may assist in exploiting security vulnerabilities.)[m
[STDERR  ] 2017-06-12T10:20:51.597739557Z: - [37mCONFIG_BLK_CGROUP[m: [32menabled[m
[STDERR  ] 2017-06-12T10:20:51.597742387Z: - [37mCONFIG_BLK_DEV_THROTTLING[m: [32menabled[m
[STDERR  ] 2017-06-12T10:20:51.597747475Z: - [37mCONFIG_IOSCHED_CFQ[m: [32menabled[m
[STDERR  ] 2017-06-12T10:20:51.597758345Z: - [37mCONFIG_CFQ_GROUP_IOSCHED[m: [32menabled[m
[STDERR  ] 2017-06-12T10:20:51.59776711Z: - [37mCONFIG_CGROUP_PERF[m: [32menabled[m
[STDERR  ] 2017-06-12T10:20:51.597772596Z: - [37mCONFIG_CGROUP_HUGETLB[m: [32menabled[m
[STDERR  ] 2017-06-12T10:20:51.597777695Z: - [37mCONFIG_NET_CLS_CGROUP[m: [32menabled[m
[STDERR  ] 2017-06-12T10:20:51.59778042Z: - [37mCONFIG_CGROUP_NET_PRIO[m: [32menabled[m
[STDERR  ] 2017-06-12T10:20:51.597785417Z: - [37mCONFIG_CFS_BANDWIDTH[m: [32menabled[m
[STDERR  ] 2017-06-12T10:20:51.597793146Z: - [37mCONFIG_FAIR_GROUP_SCHED[m: [32menabled[m
[STDERR  ] 2017-06-12T10:20:51.597795784Z: - [37mCONFIG_RT_GROUP_SCHED[m: [32menabled[m
[STDERR  ] 2017-06-12T10:20:51.59780264Z: - [37mCONFIG_IP_VS[m: [32menabled[m
[STDERR  ] 2017-06-12T10:20:51.597816072Z: - [37mCONFIG_IP_VS_NFCT[m: [32menabled[m
[STDERR  ] 2017-06-12T10:20:51.597825206Z: - [37mCONFIG_IP_VS_RR[m: [32menabled[m
[STDERR  ] 2017-06-12T10:20:51.597836754Z: - [37mCONFIG_EXT4_FS[m: [32menabled[m
[STDERR  ] 2017-06-12T10:20:51.597844786Z: - [37mCONFIG_EXT4_FS_POSIX_ACL[m: [32menabled[m
[STDERR  ] 2017-06-12T10:20:51.59785001Z: - [37mCONFIG_EXT4_FS_SECURITY[m: [32menabled[m
[STDERR  ] 2017-06-12T10:20:51.59785281Z: - Network Drivers:
[STDERR  ] 2017-06-12T10:20:51.59786048Z:   - "[34moverlay[m":
[STDERR  ] 2017-06-12T10:20:51.597863045Z:     - [37mCONFIG_VXLAN[m: [32menabled[m
[STDERR  ] 2017-06-12T10:20:51.59787415Z:       Optional (for encrypted networks):
[STDERR  ] 2017-06-12T10:20:51.597882655Z:       - [37mCONFIG_CRYPTO[m: [32menabled[m
[STDERR  ] 2017-06-12T10:20:51.597890727Z:       - [37mCONFIG_CRYPTO_AEAD[m: [32menabled[m
[STDERR  ] 2017-06-12T10:20:51.597898764Z:       - [37mCONFIG_CRYPTO_GCM[m: [32menabled[m
[STDERR  ] 2017-06-12T10:20:51.597903532Z:       - [37mCONFIG_CRYPTO_SEQIV[m: [32menabled[m
[STDERR  ] 2017-06-12T10:20:51.597912775Z:       - [37mCONFIG_CRYPTO_GHASH[m: [32menabled[m
[STDERR  ] 2017-06-12T10:20:51.597928317Z:       - [37mCONFIG_XFRM[m: [32menabled[m
[STDERR  ] 2017-06-12T10:20:51.597931325Z:       - [37mCONFIG_XFRM_USER[m: [32menabled[m
[STDERR  ] 2017-06-12T10:20:51.597936285Z:       - [37mCONFIG_XFRM_ALGO[m: [32menabled[m
[STDERR  ] 2017-06-12T10:20:51.597943844Z:       - [37mCONFIG_INET_ESP[m: [32menabled[m
[STDERR  ] 2017-06-12T10:20:51.597946454Z:       - [37mCONFIG_INET_XFRM_MODE_TRANSPORT[m: [32menabled[m
[STDERR  ] 2017-06-12T10:20:51.59795482Z:   - "[34mipvlan[m":
[STDERR  ] 2017-06-12T10:20:51.597969422Z:     - [37mCONFIG_IPVLAN[m: [32menabled[m
[STDERR  ] 2017-06-12T10:20:51.597975155Z:   - "[34mmacvlan[m":
[STDERR  ] 2017-06-12T10:20:51.59799344Z:     - [37mCONFIG_MACVLAN[m: [32menabled[m
[STDERR  ] 2017-06-12T10:20:51.597996527Z:     - [37mCONFIG_DUMMY[m: [32menabled[m
[STDERR  ] 2017-06-12T10:20:51.598006324Z:   - "[34mftp,tftp client in container[m":
[STDERR  ] 2017-06-12T10:20:51.598014225Z:     - [37mCONFIG_NF_NAT_FTP[m: [32menabled[m
[STDERR  ] 2017-06-12T10:20:51.598016924Z:     - [37mCONFIG_NF_CONNTRACK_FTP[m: [32menabled[m
[STDERR  ] 2017-06-12T10:20:51.598024177Z:     - [37mCONFIG_NF_NAT_TFTP[m: [32menabled[m
[STDERR  ] 2017-06-12T10:20:51.598032052Z:     - [37mCONFIG_NF_CONNTRACK_TFTP[m: [32menabled[m
[STDERR  ] 2017-06-12T10:20:51.598037187Z: - Storage Drivers:
[STDERR  ] 2017-06-12T10:20:51.598042367Z:   - "[34maufs[m":
[STDERR  ] 2017-06-12T10:20:51.598050104Z:     - [1mCONFIG_AUFS_FS[m: [1;31mmissing[m
[STDERR  ] 2017-06-12T10:20:51.5980544Z:   - "[34mbtrfs[m":
[STDERR  ] 2017-06-12T10:20:51.598062112Z:     - [37mCONFIG_BTRFS_FS[m: [32menabled (as module)[m
[STDERR  ] 2017-06-12T10:20:51.598067417Z:     - [37mCONFIG_BTRFS_FS_POSIX_ACL[m: [32menabled[m
[STDERR  ] 2017-06-12T10:20:51.598070035Z:   - "[34mdevicemapper[m":
[STDERR  ] 2017-06-12T10:20:51.59807797Z:     - [37mCONFIG_BLK_DEV_DM[m: [32menabled[m
[STDERR  ] 2017-06-12T10:20:51.598083384Z:     - [37mCONFIG_DM_THIN_PROVISIONING[m: [32menabled[m
[STDERR  ] 2017-06-12T10:20:51.598088585Z:   - "[34moverlay[m":
[STDERR  ] 2017-06-12T10:20:51.598097051Z:     - [37mCONFIG_OVERLAY_FS[m: [32menabled[m
[STDERR  ] 2017-06-12T10:20:51.59809991Z:   - "[34mzfs[m":
[STDERR  ] 2017-06-12T10:20:51.598104944Z:     - [1m/dev/zfs[m: [1;31mmissing[m
[STDERR  ] 2017-06-12T10:20:51.598112681Z:     - [1mzfs command[m: [1;31mmissing[m
[STDERR  ] 2017-06-12T10:20:51.59811782Z:     - [1mzpool command[m: [1;31mmissing[m
[STDERR  ] 2017-06-12T10:20:51.598122904Z: 
[STDERR  ] 2017-06-12T10:20:51.598128061Z: Limits:
[STDERR  ] 2017-06-12T10:20:51.598133131Z: [37m- /proc/sys/kernel/keys/root_maxkeys[m: [32m1000000[m
[STDERR  ] 2017-06-12T10:20:51.598135832Z: 
[STDERR  ] 2017-06-12T10:20:51.598140834Z: Kernel config test suite PASSED
[STDERR  ] 2017-06-12T10:20:51.598151127Z: 
[STDERR  ] 2017-06-12T10:20:51.598156275Z:                         ##         .
[STDERR  ] 2017-06-12T10:20:51.598161377Z:                   ## ## ##        ==
[STDERR  ] 2017-06-12T10:20:51.598166524Z:                ## ## ## ## ##    ===
[STDERR  ] 2017-06-12T10:20:51.598171714Z:            /"""""""""""""""""\___/ ===
[STDERR  ] 2017-06-12T10:20:51.598176877Z:       ~~~ {~~ ~~~~ ~~~ ~~~~ ~~~ ~ /  ===- ~~~
[STDERR  ] 2017-06-12T10:20:51.598182055Z:            \______ o           __/
[STDERR  ] 2017-06-12T10:20:51.598187281Z:              \    \         __/
[STDERR  ] 2017-06-12T10:20:51.598192467Z:               \____\_______/
[STDERR  ] 2017-06-12T10:20:51.598197687Z:  - 000-check-kernel-config
[STDERR  ] 2017-06-12T10:20:51.598202812Z: [   48.357612] ACPI: Preparing to enter system sleep state S5
[STDERR  ] 2017-06-12T10:20:51.598207867Z: [   48.359475] reboot: Power down
[STDERR  ] 2017-06-12T10:20:51.599164047Z: + grep -q suite PASSED
[STDERR  ] 2017-06-12T10:20:51.600463235Z: + echo [    0.000000] Linux version 4.9.31-linuxkit (root@84baa8e89c00) (gcc version 6.2.1 20160822 (Alpine 6.2.1) ) #1 SMP Wed Jun 7 21:45:43 UTC 2017
[STDERR  ] 2017-06-12T10:20:51.600487501Z: [    0.000000] Command line: console=ttyS0
[STDERR  ] 2017-06-12T10:20:51.600493068Z: [    0.000000] x86/fpu: Legacy x87 FPU detected.
[STDERR  ] 2017-06-12T10:20:51.600499398Z: [    0.000000] x86/fpu: Using 'eager' FPU context switches.
[STDERR  ] 2017-06-12T10:20:51.600502226Z: [    0.000000] e820: BIOS-provided physical RAM map:
[STDERR  ] 2017-06-12T10:20:51.600508375Z: [    0.000000] BIOS-e820: [mem 0x0000000000000000-0x000000000009fbff] usable
[STDERR  ] 2017-06-12T10:20:51.600517093Z: [    0.000000] BIOS-e820: [mem 0x000000000009fc00-0x000000000009ffff] reserved
[STDERR  ] 2017-06-12T10:20:51.600543581Z: [    0.000000] BIOS-e820: [mem 0x00000000000f0000-0x00000000000fffff] reserved
[STDERR  ] 2017-06-12T10:20:51.600557393Z: [    0.000000] BIOS-e820: [mem 0x0000000000100000-0x000000003ffdefff] usable
[STDERR  ] 2017-06-12T10:20:51.600562626Z: [    0.000000] BIOS-e820: [mem 0x000000003ffdf000-0x000000003fffffff] reserved
[STDERR  ] 2017-06-12T10:20:51.600567703Z: [    0.000000] BIOS-e820: [mem 0x00000000b0000000-0x00000000bfffffff] reserved
[STDERR  ] 2017-06-12T10:20:51.600572876Z: [    0.000000] BIOS-e820: [mem 0x00000000fed1c000-0x00000000fed1ffff] reserved
[STDERR  ] 2017-06-12T10:20:51.600578116Z: [    0.000000] BIOS-e820: [mem 0x00000000fffc0000-0x00000000ffffffff] reserved
[STDERR  ] 2017-06-12T10:20:51.600586641Z: [    0.000000] NX (Execute Disable) protection: active
[STDERR  ] 2017-06-12T10:20:51.600589468Z: [    0.000000] SMBIOS 2.8 present.
[STDERR  ] 2017-06-12T10:20:51.600594739Z: [    0.000000] e820: last_pfn = 0x3ffdf max_arch_pfn = 0x400000000
[STDERR  ] 2017-06-12T10:20:51.600604856Z: [    0.000000] x86/PAT: Configuration [0-7]: WB  WC  UC- UC  WB  WC  UC- WT  
[STDERR  ] 2017-06-12T10:20:51.600620001Z: [    0.000000] found SMP MP-table at [mem 0x000f6aa0-0x000f6aaf] mapped at [ffff89a3000f6aa0]
[STDERR  ] 2017-06-12T10:20:51.600628345Z: [    0.000000] RAMDISK: [mem 0x3df49000-0x3ffcffff]
[STDERR  ] 2017-06-12T10:20:51.600631386Z: [    0.000000] ACPI: Early table checksum verification disabled
[STDERR  ] 2017-06-12T10:20:51.600639576Z: [    0.000000] ACPI: RSDP 0x00000000000F68C0 000014 (v00 BOCHS )
[STDERR  ] 2017-06-12T10:20:51.600645691Z: [    0.000000] ACPI: RSDT 0x000000003FFE2404 000034 (v01 BOCHS  BXPCRSDT 00000001 BXPC 00000001)
[STDERR  ] 2017-06-12T10:20:51.600654729Z: [    0.000000] ACPI: FACP 0x000000003FFE22A4 000074 (v01 BOCHS  BXPCFACP 00000001 BXPC 00000001)
[STDERR  ] 2017-06-12T10:20:51.600659935Z: [    0.000000] ACPI: DSDT 0x000000003FFE0040 002264 (v01 BOCHS  BXPCDSDT 00000001 BXPC 00000001)
[STDERR  ] 2017-06-12T10:20:51.600665356Z: [    0.000000] ACPI: FACS 0x000000003FFE0000 000040
[STDERR  ] 2017-06-12T10:20:51.600670888Z: [    0.000000] ACPI: APIC 0x000000003FFE2318 000078 (v01 BOCHS  BXPCAPIC 00000001 BXPC 00000001)
[STDERR  ] 2017-06-12T10:20:51.600679564Z: [    0.000000] ACPI: HPET 0x000000003FFE2390 000038 (v01 BOCHS  BXPCHPET 00000001 BXPC 00000001)
[STDERR  ] 2017-06-12T10:20:51.600693335Z: [    0.000000] ACPI: MCFG 0x000000003FFE23C8 00003C (v01 BOCHS  BXPCMCFG 00000001 BXPC 00000001)
[STDERR  ] 2017-06-12T10:20:51.600700613Z: [    0.000000] Zone ranges:
[STDERR  ] 2017-06-12T10:20:51.600705938Z: [    0.000000]   DMA      [mem 0x0000000000001000-0x0000000000ffffff]
[STDERR  ] 2017-06-12T10:20:51.600711236Z: [    0.000000]   DMA32    [mem 0x0000000001000000-0x000000003ffdefff]
[STDERR  ] 2017-06-12T10:20:51.600719085Z: [    0.000000]   Normal   empty
[STDERR  ] 2017-06-12T10:20:51.600721951Z: [    0.000000] Movable zone start for each node
[STDERR  ] 2017-06-12T10:20:51.600729938Z: [    0.000000] Early memory node ranges
[STDERR  ] 2017-06-12T10:20:51.600732676Z: [    0.000000]   node   0: [mem 0x0000000000001000-0x000000000009efff]
[STDERR  ] 2017-06-12T10:20:51.600740508Z: [    0.000000]   node   0: [mem 0x0000000000100000-0x000000003ffdefff]
[STDERR  ] 2017-06-12T10:20:51.600745743Z: [    0.000000] Initmem setup node 0 [mem 0x0000000000001000-0x000000003ffdefff]
[STDERR  ] 2017-06-12T10:20:51.600750959Z: [    0.000000] ACPI: PM-Timer IO Port: 0x608
[STDERR  ] 2017-06-12T10:20:51.600753796Z: [    0.000000] ACPI: LAPIC_NMI (acpi_id[0xff] dfl dfl lint[0x1])
[STDERR  ] 2017-06-12T10:20:51.600778206Z: [    0.000000] IOAPIC[0]: apic_id 0, version 32, address 0xfec00000, GSI 0-23
[STDERR  ] 2017-06-12T10:20:51.600787756Z: [    0.000000] ACPI: INT_SRC_OVR (bus 0 bus_irq 0 global_irq 2 dfl dfl)
[STDERR  ] 2017-06-12T10:20:51.600796881Z: [    0.000000] ACPI: INT_SRC_OVR (bus 0 bus_irq 5 global_irq 5 high level)
[STDERR  ] 2017-06-12T10:20:51.600801024Z: [    0.000000] ACPI: INT_SRC_OVR (bus 0 bus_irq 9 global_irq 9 high level)
[STDERR  ] 2017-06-12T10:20:51.600816443Z: [    0.000000] ACPI: INT_SRC_OVR (bus 0 bus_irq 10 global_irq 10 high level)
[STDERR  ] 2017-06-12T10:20:51.600822634Z: [    0.000000] ACPI: INT_SRC_OVR (bus 0 bus_irq 11 global_irq 11 high level)
[STDERR  ] 2017-06-12T10:20:51.600830773Z: [    0.000000] Using ACPI (MADT) for SMP configuration information
[STDERR  ] 2017-06-12T10:20:51.600845839Z: [    0.000000] ACPI: HPET id: 0x8086a201 base: 0xfed00000
[STDERR  ] 2017-06-12T10:20:51.600851658Z: [    0.000000] smpboot: Allowing 1 CPUs, 0 hotplug CPUs
[STDERR  ] 2017-06-12T10:20:51.600856845Z: [    0.000000] e820: [mem 0x40000000-0xafffffff] available for PCI devices
[STDERR  ] 2017-06-12T10:20:51.600861973Z: [    0.000000] Booting paravirtualized kernel on bare hardware
[STDERR  ] 2017-06-12T10:20:51.600864803Z: [    0.000000] clocksource: refined-jiffies: mask: 0xffffffff max_cycles: 0xffffffff, max_idle_ns: 19112604462750000 ns
[STDERR  ] 2017-06-12T10:20:51.600873991Z: [    0.000000] setup_percpu: NR_CPUS:128 nr_cpumask_bits:128 nr_cpu_ids:1 nr_node_ids:1
[STDERR  ] 2017-06-12T10:20:51.600879131Z: [    0.000000] percpu: Embedded 35 pages/cpu @ffff89a33dc00000 s105240 r8192 d29928 u2097152
[STDERR  ] 2017-06-12T10:20:51.600884233Z: [    0.000000] Built 1 zonelists in Zone order, mobility grouping on.  Total pages: 257896
[STDERR  ] 2017-06-12T10:20:51.600889433Z: [    0.000000] Kernel command line: console=ttyS0
[STDERR  ] 2017-06-12T10:20:51.600896606Z: [    0.000000] PID hash table entries: 4096 (order: 3, 32768 bytes)
[STDERR  ] 2017-06-12T10:20:51.600905598Z: [    0.000000] Dentry cache hash table entries: 131072 (order: 8, 1048576 bytes)
[STDERR  ] 2017-06-12T10:20:51.600911024Z: [    0.000000] Inode-cache hash table entries: 65536 (order: 7, 524288 bytes)
[STDERR  ] 2017-06-12T10:20:51.600925178Z: [    0.000000] Memory: 978472K/1048052K available (9526K kernel code, 1595K rwdata, 3120K rodata, 1456K init, 604K bss, 69580K reserved, 0K cma-reserved)
[STDERR  ] 2017-06-12T10:20:51.600931046Z: [    0.000000] Hierarchical RCU implementation.
[STDERR  ] 2017-06-12T10:20:51.600933941Z: [    0.000000] 	Build-time adjustment of leaf fanout to 64.
[STDERR  ] 2017-06-12T10:20:51.600941619Z: [    0.000000] 	RCU restricting CPUs from NR_CPUS=128 to nr_cpu_ids=1.
[STDERR  ] 2017-06-12T10:20:51.600944306Z: [    0.000000] RCU: Adjusting geometry for rcu_fanout_leaf=64, nr_cpu_ids=1
[STDERR  ] 2017-06-12T10:20:51.600951896Z: [    0.000000] NR_IRQS:8448 nr_irqs:256 16
[STDERR  ] 2017-06-12T10:20:51.600960191Z: [    0.000000] Console: colour VGA+ 80x25
[STDERR  ] 2017-06-12T10:20:51.600964624Z: [    0.000000] console [ttyS0] enabled
[STDERR  ] 2017-06-12T10:20:51.600971899Z: [    0.000000] clocksource: hpet: mask: 0xffffffff max_cycles: 0xffffffff, max_idle_ns: 19112604467 ns
[STDERR  ] 2017-06-12T10:20:51.600980919Z: [    0.000000] tsc: Fast TSC calibration failed
[STDERR  ] 2017-06-12T10:20:51.600983663Z: [    0.000000] tsc: Unable to calibrate against PIT
[STDERR  ] 2017-06-12T10:20:51.601001658Z: [    0.000000] tsc: using HPET reference calibration
[STDERR  ] 2017-06-12T10:20:51.601004644Z: [    0.000000] tsc: Detected 2600.084 MHz processor
[STDERR  ] 2017-06-12T10:20:51.601012811Z: [    0.061659] Calibrating delay loop (skipped), value calculated using timer frequency.. 5200.16 BogoMIPS (lpj=26000840)
[STDERR  ] 2017-06-12T10:20:51.601021696Z: [    0.063275] pid_max: default: 32768 minimum: 301
[STDERR  ] 2017-06-12T10:20:51.601027103Z: [    0.064492] ACPI: Core revision 20160831
[STDERR  ] 2017-06-12T10:20:51.601029806Z: [    0.107648] ACPI: 1 ACPI AML tables successfully acquired and loaded
[STDERR  ] 2017-06-12T10:20:51.601037536Z: [    0.111858] Security Framework initialized
[STDERR  ] 2017-06-12T10:20:51.601042669Z: [    0.112465] Yama: becoming mindful.
[STDERR  ] 2017-06-12T10:20:51.601049466Z: [    0.114808] Mount-cache hash table entries: 2048 (order: 2, 16384 bytes)
[STDERR  ] 2017-06-12T10:20:51.601054841Z: [    0.115589] Mountpoint-cache hash table entries: 2048 (order: 2, 16384 bytes)
[STDERR  ] 2017-06-12T10:20:51.6010637Z: [    0.136177] Last level iTLB entries: 4KB 0, 2MB 0, 4MB 0
[STDERR  ] 2017-06-12T10:20:51.601074848Z: [    0.136898] Last level dTLB entries: 4KB 0, 2MB 0, 4MB 0, 1GB 0
[STDERR  ] 2017-06-12T10:20:51.60108318Z: [    0.524027] Freeing SMP alternatives memory: 24K (ffffffffbf0fc000 - ffffffffbf102000)
[STDERR  ] 2017-06-12T10:20:51.601088496Z: [    0.534298] ftrace: allocating 41866 entries in 164 pages
[STDERR  ] 2017-06-12T10:20:51.601093863Z: [    0.732617] smpboot: Max logical packages: 1
[STDERR  ] 2017-06-12T10:20:51.60109899Z: [    0.738486] ..TIMER: vector=0x30 apic1=0 pin1=2 apic2=-1 pin2=-1
[STDERR  ] 2017-06-12T10:20:51.601101733Z: [    0.840000] smpboot: CPU0: AMD QEMU Virtual CPU version 2.5+ (family: 0x6, model: 0x6, stepping: 0x3)
[STDERR  ] 2017-06-12T10:20:51.60111036Z: [    0.840000] Performance Events: PMU not available due to virtualization, using software events only.
[STDERR  ] 2017-06-12T10:20:51.601115754Z: [    0.863964] NMI watchdog: disabled (cpu0): hardware events not enabled
[STDERR  ] 2017-06-12T10:20:51.601120948Z: [    0.865336] NMI watchdog: Shutting down hard lockup detector on all cpus
[STDERR  ] 2017-06-12T10:20:51.60112897Z: [    0.871726] x86: Booted up 1 node, 1 CPUs
[STDERR  ] 2017-06-12T10:20:51.601133604Z: [    0.872932] smpboot: Total of 1 processors activated (5200.16 BogoMIPS)
[STDERR  ] 2017-06-12T10:20:51.601154381Z: [    0.900300] devtmpfs: initialized
[STDERR  ] 2017-06-12T10:20:51.60116026Z: [    0.909266] x86/mm: Memory block size: 128MB
[STDERR  ] 2017-06-12T10:20:51.601171946Z: [    1.015319] clocksource: jiffies: mask: 0xffffffff max_cycles: 0xffffffff, max_idle_ns: 19112604462750000 ns
[STDERR  ] 2017-06-12T10:20:51.601177664Z: [    1.017759] futex hash table entries: 256 (order: 2, 16384 bytes)
[STDERR  ] 2017-06-12T10:20:51.601182978Z: [    1.034068] NET: Registered protocol family 16
[STDERR  ] 2017-06-12T10:20:51.60118567Z: [    1.051454] cpuidle: using governor ladder
[STDERR  ] 2017-06-12T10:20:51.601190864Z: [    1.052809] cpuidle: using governor menu
[STDERR  ] 2017-06-12T10:20:51.601198611Z: [    1.055237] ACPI: bus type PCI registered
[STDERR  ] 2017-06-12T10:20:51.60120398Z: [    1.060886] PCI: MMCONFIG for domain 0000 [bus 00-ff] at [mem 0xb0000000-0xbfffffff] (base 0xb0000000)
[STDERR  ] 2017-06-12T10:20:51.60121198Z: [    1.063046] PCI: MMCONFIG at [mem 0xb0000000-0xbfffffff] reserved in E820
[STDERR  ] 2017-06-12T10:20:51.601230714Z: [    1.066141] PCI: Using configuration type 1 for base access
[STDERR  ] 2017-06-12T10:20:51.60123647Z: [    1.187626] HugeTLB registered 2 MB page size, pre-allocated 0 pages
[STDERR  ] 2017-06-12T10:20:51.601241863Z: [    1.206465] ACPI: Added _OSI(Module Device)
[STDERR  ] 2017-06-12T10:20:51.601244686Z: [    1.207312] ACPI: Added _OSI(Processor Device)
[STDERR  ] 2017-06-12T10:20:51.601249886Z: [    1.208223] ACPI: Added _OSI(3.0 _SCP Extensions)
[STDERR  ] 2017-06-12T10:20:51.601257651Z: [    1.208921] ACPI: Added _OSI(Processor Aggregator Device)
[STDERR  ] 2017-06-12T10:20:51.6012629Z: [    1.346252] ACPI: Interpreter enabled
[STDERR  ] 2017-06-12T10:20:51.601268066Z: [    1.348194] ACPI: (supports S0 S5)
[STDERR  ] 2017-06-12T10:20:51.601270934Z: [    1.348950] ACPI: Using IOAPIC for interrupt routing
[STDERR  ] 2017-06-12T10:20:51.60128079Z: [    1.353059] PCI: Using host bridge windows from ACPI; if necessary, use "pci=nocrs" and report a bug
[STDERR  ] 2017-06-12T10:20:51.601286054Z: [    1.437856] ACPI: PCI Root Bridge [PCI0] (domain 0000 [bus 00-ff])
[STDERR  ] 2017-06-12T10:20:51.601290193Z: [    1.439305] acpi PNP0A08:00: _OSC: OS supports [ExtendedConfig ASPM ClockPM Segments MSI]
[STDERR  ] 2017-06-12T10:20:51.601308451Z: [    1.445642] acpi PNP0A08:00: _OSC: OS now controls [PCIeHotplug PME PCIeCapability]
[STDERR  ] 2017-06-12T10:20:51.601311477Z: [    1.450685] PCI host bridge to bus 0000:00
[STDERR  ] 2017-06-12T10:20:51.601336051Z: [    1.451530] pci_bus 0000:00: root bus resource [io  0x0000-0x0cf7 window]
[STDERR  ] 2017-06-12T10:20:51.601345197Z: [    1.452233] pci_bus 0000:00: root bus resource [io  0x0d00-0xffff window]
[STDERR  ] 2017-06-12T10:20:51.601350638Z: [    1.453063] pci_bus 0000:00: root bus resource [mem 0x000a0000-0x000bffff window]
[STDERR  ] 2017-06-12T10:20:51.601355813Z: [    1.453741] pci_bus 0000:00: root bus resource [mem 0xc0000000-0xfebfffff window]
[STDERR  ] 2017-06-12T10:20:51.601358544Z: [    1.454796] pci_bus 0000:00: root bus resource [bus 00-ff]
[STDERR  ] 2017-06-12T10:20:51.601366354Z: [    1.550771] pci 0000:00:1f.0: quirk: [io  0x0600-0x067f] claimed by ICH6 ACPI/GPIO/TCO
[STDERR  ] 2017-06-12T10:20:51.601371576Z: [    1.616389] ACPI: PCI Interrupt Link [LNKA] (IRQs 5 *10 11)
[STDERR  ] 2017-06-12T10:20:51.601385578Z: [    1.621577] ACPI: PCI Interrupt Link [LNKB] (IRQs 5 *10 11)
[STDERR  ] 2017-06-12T10:20:51.601390826Z: [    1.625284] ACPI: PCI Interrupt Link [LNKC] (IRQs 5 10 *11)
[STDERR  ] 2017-06-12T10:20:51.60139353Z: [    1.629049] ACPI: PCI Interrupt Link [LNKD] (IRQs 5 10 *11)
[STDERR  ] 2017-06-12T10:20:51.601401321Z: [    1.633251] ACPI: PCI Interrupt Link [LNKE] (IRQs 5 *10 11)
[STDERR  ] 2017-06-12T10:20:51.6014065Z: [    1.637037] ACPI: PCI Interrupt Link [LNKF] (IRQs 5 *10 11)
[STDERR  ] 2017-06-12T10:20:51.601409176Z: [    1.641314] ACPI: PCI Interrupt Link [LNKG] (IRQs 5 10 *11)
[STDERR  ] 2017-06-12T10:20:51.60141694Z: [    1.645122] ACPI: PCI Interrupt Link [LNKH] (IRQs 5 10 *11)
[STDERR  ] 2017-06-12T10:20:51.601425397Z: [    1.647294] ACPI: PCI Interrupt Link [GSIA] (IRQs *16)
[STDERR  ] 2017-06-12T10:20:51.601430693Z: [    1.648932] ACPI: PCI Interrupt Link [GSIB] (IRQs *17)
[STDERR  ] 2017-06-12T10:20:51.60143878Z: [    1.650875] ACPI: PCI Interrupt Link [GSIC] (IRQs *18)
[STDERR  ] 2017-06-12T10:20:51.601444167Z: [    1.652506] ACPI: PCI Interrupt Link [GSID] (IRQs *19)
[STDERR  ] 2017-06-12T10:20:51.601457112Z: [    1.654103] ACPI: PCI Interrupt Link [GSIE] (IRQs *20)
[STDERR  ] 2017-06-12T10:20:51.601462686Z: [    1.655694] ACPI: PCI Interrupt Link [GSIF] (IRQs *21)
[STDERR  ] 2017-06-12T10:20:51.601467776Z: [    1.657272] ACPI: PCI Interrupt Link [GSIG] (IRQs *22)
[STDERR  ] 2017-06-12T10:20:51.601472907Z: [    1.658881] ACPI: PCI Interrupt Link [GSIH] (IRQs *23)
[STDERR  ] 2017-06-12T10:20:51.60147819Z: [    1.666532] ACPI: Enabled 2 GPEs in block 00 to 3F
[STDERR  ] 2017-06-12T10:20:51.601483453Z: [    1.675683] SCSI subsystem initialized
[STDERR  ] 2017-06-12T10:20:51.601488674Z: [    1.682488] pps_core: LinuxPPS API ver. 1 registered
[STDERR  ] 2017-06-12T10:20:51.601495804Z: [    1.683467] pps_core: Software ver. 5.3.6 - Copyright 2005-2007 Rodolfo Giometti <giometti@linux.it>
[STDERR  ] 2017-06-12T10:20:51.601500778Z: [    1.685584] PTP clock support registered
[STDERR  ] 2017-06-12T10:20:51.601506Z: [    1.688052] wmi: Mapper loaded
[STDERR  ] 2017-06-12T10:20:51.601514102Z: [    1.690818] PCI: Using ACPI for IRQ routing
[STDERR  ] 2017-06-12T10:20:51.601519324Z: [    1.725974] NetLabel: Initializing
[STDERR  ] 2017-06-12T10:20:51.601531418Z: [    1.726799] NetLabel:  domain hash size = 128
[STDERR  ] 2017-06-12T10:20:51.60153689Z: [    1.727555] NetLabel:  protocols = UNLABELED CIPSOv4
[STDERR  ] 2017-06-12T10:20:51.601542133Z: [    1.732031] NetLabel:  unlabeled traffic allowed by default
[STDERR  ] 2017-06-12T10:20:51.601547448Z: [    1.734375] HPET: 3 timers in total, 0 timers will be used for per-cpu timer
[STDERR  ] 2017-06-12T10:20:51.60155272Z: [    1.736197] hpet0: at MMIO 0xfed00000, IRQs 2, 8, 0
[STDERR  ] 2017-06-12T10:20:51.601558006Z: [    1.737512] hpet0: 3 comparators, 64-bit 100.000000 MHz counter
[STDERR  ] 2017-06-12T10:20:51.601563164Z: [    1.746121] clocksource: Switched to clocksource hpet
[STDERR  ] 2017-06-12T10:20:51.601568422Z: [    2.199725] VFS: Disk quotas dquot_6.6.0
[STDERR  ] 2017-06-12T10:20:51.601573598Z: [    2.201082] VFS: Dquot-cache hash table entries: 512 (order 0, 4096 bytes)
[STDERR  ] 2017-06-12T10:20:51.601578956Z: [    2.204073] FS-Cache: Loaded
[STDERR  ] 2017-06-12T10:20:51.601586247Z: [    2.209223] CacheFiles: Loaded
[STDERR  ] 2017-06-12T10:20:51.6015914Z: [    2.211434] pnp: PnP ACPI init
[STDERR  ] 2017-06-12T10:20:51.601606964Z: [    2.224076] pnp: PnP ACPI: found 5 devices
[STDERR  ] 2017-06-12T10:20:51.601613704Z: [    2.275185] clocksource: acpi_pm: mask: 0xffffff max_cycles: 0xffffff, max_idle_ns: 2085701024 ns
[STDERR  ] 2017-06-12T10:20:51.60162057Z: [    2.278736] NET: Registered protocol family 2
[STDERR  ] 2017-06-12T10:20:51.601628623Z: [    2.286603] TCP established hash table entries: 8192 (order: 4, 65536 bytes)
[STDERR  ] 2017-06-12T10:20:51.601633923Z: [    2.287881] TCP bind hash table entries: 8192 (order: 5, 131072 bytes)
[STDERR  ] 2017-06-12T10:20:51.601636812Z: [    2.289290] TCP: Hash tables configured (established 8192 bind 8192)
[STDERR  ] 2017-06-12T10:20:51.601646046Z: [    2.291373] UDP hash table entries: 512 (order: 2, 16384 bytes)
[STDERR  ] 2017-06-12T10:20:51.60164865Z: [    2.292230] UDP-Lite hash table entries: 512 (order: 2, 16384 bytes)
[STDERR  ] 2017-06-12T10:20:51.601656436Z: [    2.294988] NET: Registered protocol family 1
[STDERR  ] 2017-06-12T10:20:51.601661608Z: [    2.298858] RPC: Registered named UNIX socket transport module.
[STDERR  ] 2017-06-12T10:20:51.601671456Z: [    2.299547] RPC: Registered udp transport module.
[STDERR  ] 2017-06-12T10:20:51.601687304Z: [    2.300006] RPC: Registered tcp transport module.
[STDERR  ] 2017-06-12T10:20:51.6016927Z: [    2.301048] RPC: Registered tcp NFSv4.1 backchannel transport module.
[STDERR  ] 2017-06-12T10:20:51.601697983Z: [    2.302198] pci 0000:00:01.0: Video device with shadowed ROM at [mem 0x000c0000-0x000dffff]
[STDERR  ] 2017-06-12T10:20:51.601706542Z: [    2.309921] Unpacking initramfs...
[STDERR  ] 2017-06-12T10:20:51.601711743Z: [   10.652622] Freeing initrd memory: 33308K (ffff89a33df49000 - ffff89a33ffd0000)
[STDERR  ] 2017-06-12T10:20:51.60171698Z: [   10.677596] PCLMULQDQ-NI instructions are not detected.
[STDERR  ] 2017-06-12T10:20:51.60171976Z: [   10.679224] AVX or AES-NI instructions are not detected.
[STDERR  ] 2017-06-12T10:20:51.601730503Z: [   10.679875] CPU feature 'AVX registers' is not supported.
[STDERR  ] 2017-06-12T10:20:51.601733309Z: [   10.680946] CPU feature 'AVX registers' is not supported.
[STDERR  ] 2017-06-12T10:20:51.601740902Z: [   10.681535] CPU feature 'AVX registers' is not supported.
[STDERR  ] 2017-06-12T10:20:51.601745922Z: [   10.682150] CPU feature 'AVX registers' is not supported.
[STDERR  ] 2017-06-12T10:20:51.601759612Z: [   10.682737] AVX2 or AES-NI instructions are not detected.
[STDERR  ] 2017-06-12T10:20:51.601766963Z: [   10.683370] AVX2 instructions are not detected.
[STDERR  ] 2017-06-12T10:20:51.601772294Z: [   10.689471] audit: initializing netlink subsys (disabled)
[STDERR  ] 2017-06-12T10:20:51.601777436Z: [   10.695120] audit: type=2000 audit(1497262812.690:1): initialized
[STDERR  ] 2017-06-12T10:20:51.601782689Z: [   10.704045] workingset: timestamp_bits=46 max_order=18 bucket_order=0
[STDERR  ] 2017-06-12T10:20:51.601787736Z: [   10.709818] FS-Cache: Netfs 'nfs' registered for caching
[STDERR  ] 2017-06-12T10:20:51.601792673Z: [   10.712883] NFS: Registering the id_resolver key type
[STDERR  ] 2017-06-12T10:20:51.60179964Z: [   10.714524] Key type id_resolver registered
[STDERR  ] 2017-06-12T10:20:51.601804747Z: [   10.714992] Key type id_legacy registered
[STDERR  ] 2017-06-12T10:20:51.601809843Z: [   10.715679] nfs4filelayout_init: NFSv4 File Layout Driver Registering...
[STDERR  ] 2017-06-12T10:20:51.601815022Z: [   10.716730] Installing knfsd (copyright (C) 1996 okir@monad.swb.de).
[STDERR  ] 2017-06-12T10:20:51.601819994Z: [   10.721230] FS-Cache: Netfs 'cifs' registered for caching
[STDERR  ] 2017-06-12T10:20:51.601831862Z: [   10.722509] ntfs: driver 2.1.32 [Flags: R/O].
[STDERR  ] 2017-06-12T10:20:51.601835512Z: [   10.723359] fuse init (API version 7.26)
[STDERR  ] 2017-06-12T10:20:51.60184491Z: [   10.726095] SGI XFS with ACLs, security attributes, no debug enabled
[STDERR  ] 2017-06-12T10:20:51.601850144Z: [   10.730777] 9p: Installing v9fs 9p2000 file system support
[STDERR  ] 2017-06-12T10:20:51.60185872Z: [   10.731596] FS-Cache: Netfs '9p' registered for caching
[STDERR  ] 2017-06-12T10:20:51.60186163Z: [   10.768391] NET: Registered protocol family 38
[STDERR  ] 2017-06-12T10:20:51.601870994Z: [   10.769357] Key type asymmetric registered
[STDERR  ] 2017-06-12T10:20:51.6018762Z: [   10.769826] Asymmetric key parser 'x509' registered
[STDERR  ] 2017-06-12T10:20:51.601883839Z: [   10.772203] Block layer SCSI generic (bsg) driver version 0.4 loaded (major 251)
[STDERR  ] 2017-06-12T10:20:51.601889313Z: [   10.773961] io scheduler noop registered
[STDERR  ] 2017-06-12T10:20:51.601891999Z: [   10.774483] io scheduler deadline registered (default)
[STDERR  ] 2017-06-12T10:20:51.60189698Z: [   10.775382] io scheduler cfq registered
[STDERR  ] 2017-06-12T10:20:51.601913387Z: [   10.778355] pci_hotplug: PCI Hot Plug PCI Core version: 0.5
[STDERR  ] 2017-06-12T10:20:51.601918576Z: [   10.779263] pciehp: PCI Express Hot Plug Controller Driver version: 0.4
[STDERR  ] 2017-06-12T10:20:51.601923723Z: [   10.781459] shpchp: Standard Hot Plug PCI Controller Driver version: 0.4
[STDERR  ] 2017-06-12T10:20:51.601926356Z: [   10.782635] hv_vmbus: registering driver hyperv_fb
[STDERR  ] 2017-06-12T10:20:51.601933943Z: [   10.786116] input: Power Button as /devices/LNXSYSTM:00/LNXPWRBN:00/input/input0
[STDERR  ] 2017-06-12T10:20:51.601936484Z: [   10.787554] ACPI: Power Button [PWRF]
[STDERR  ] 2017-06-12T10:20:51.60194431Z: [   10.793313] GHES: HEST is not enabled!
[STDERR  ] 2017-06-12T10:20:51.601949244Z: [   10.805548] ACPI: PCI Interrupt Link [GSIH] enabled at IRQ 23
[STDERR  ] 2017-06-12T10:20:51.601958269Z: [   10.813044] xenfs: not registering filesystem on non-xen platform
[STDERR  ] 2017-06-12T10:20:51.601963369Z: [   10.815574] Serial: 8250/16550 driver, 4 ports, IRQ sharing disabled
[STDERR  ] 2017-06-12T10:20:51.601968432Z: [   10.840942] 00:04: ttyS0 at I/O 0x3f8 (irq = 4, base_baud = 115200) is a 16550A
[STDERR  ] 2017-06-12T10:20:51.601971177Z: [   10.849172] Initializing Nozomi driver 2.1d
[STDERR  ] 2017-06-12T10:20:51.601982857Z: [   10.854288] Non-volatile memory driver v1.3
[STDERR  ] 2017-06-12T10:20:51.601991662Z: [   10.861181] Hangcheck: starting hangcheck timer 0.9.1 (tick is 180 seconds, margin is 60 seconds).
[STDERR  ] 2017-06-12T10:20:51.601996923Z: [   10.902708] loop: module loaded
[STDERR  ] 2017-06-12T10:20:51.602002446Z: [   10.918072] nbd: registered device at major 43
[STDERR  ] 2017-06-12T10:20:51.602009887Z: [   10.961823] lpc_ich 0000:00:1f.0: I/O space for GPIO uninitialized
[STDERR  ] 2017-06-12T10:20:51.602019829Z: [   10.964025] VMware PVSCSI driver - version 1.0.7.0-k
[STDERR  ] 2017-06-12T10:20:51.60202498Z: [   10.964992] hv_vmbus: registering driver hv_storvsc
[STDERR  ] 2017-06-12T10:20:51.60203015Z: [   10.976138] ACPI: PCI Interrupt Link [GSIA] enabled at IRQ 16
[STDERR  ] 2017-06-12T10:20:51.602035326Z: [   10.983112] ahci 0000:00:1f.2: AHCI 0001.0000 32 slots 6 ports 1.5 Gbps 0x3f impl SATA mode
[STDERR  ] 2017-06-12T10:20:51.602040643Z: [   10.984208] ahci 0000:00:1f.2: flags: 64bit ncq only 
[STDERR  ] 2017-06-12T10:20:51.602045809Z: [   11.005530] scsi host0: ahci
[STDERR  ] 2017-06-12T10:20:51.602140339Z: [   11.009655] scsi host1: ahci
[STDERR  ] 2017-06-12T10:20:51.602148073Z: [   11.012430] scsi host2: ahci
[STDERR  ] 2017-06-12T10:20:51.60215316Z: [   11.014876] scsi host3: ahci
[STDERR  ] 2017-06-12T10:20:51.602158487Z: [   11.017284] scsi host4: ahci
[STDERR  ] 2017-06-12T10:20:51.602163797Z: [   11.020546] scsi host5: ahci
[STDERR  ] 2017-06-12T10:20:51.602166644Z: [   11.022697] ata1: SATA max UDMA/133 abar m4096@0xfebf1000 port 0xfebf1100 irq 24
[STDERR  ] 2017-06-12T10:20:51.602171793Z: [   11.023491] ata2: SATA max UDMA/133 abar m4096@0xfebf1000 port 0xfebf1180 irq 24
[STDERR  ] 2017-06-12T10:20:51.602181746Z: [   11.024397] ata3: SATA max UDMA/133 abar m4096@0xfebf1000 port 0xfebf1200 irq 24
[STDERR  ] 2017-06-12T10:20:51.60219011Z: [   11.025108] ata4: SATA max UDMA/133 abar m4096@0xfebf1000 port 0xfebf1280 irq 24
[STDERR  ] 2017-06-12T10:20:51.602199333Z: [   11.025888] ata5: SATA max UDMA/133 abar m4096@0xfebf1000 port 0xfebf1300 irq 24
[STDERR  ] 2017-06-12T10:20:51.602410333Z: [   11.026602] ata6: SATA max UDMA/133 abar m4096@0xfebf1000 port 0xfebf1380 irq 24
[STDERR  ] 2017-06-12T10:20:51.602422047Z: [   11.039031] Ethernet Channel Bonding Driver: v3.7.1 (April 27, 2011)
[STDERR  ] 2017-06-12T10:20:51.602424956Z: [   11.058560] tun: Universal TUN/TAP device driver, 1.6
[STDERR  ] 2017-06-12T10:20:51.602432962Z: [   11.059192] tun: (C) 1999-2004 Max Krasnyansky <maxk@qualcomm.com>
[STDERR  ] 2017-06-12T10:20:51.602438393Z: [   11.061730] ena: Elastic Network Adapter (ENA) v1.0.2
[STDERR  ] 2017-06-12T10:20:51.60244357Z: [   11.063869] e1000: Intel(R) PRO/1000 Network Driver - version 7.3.21-k8-NAPI
[STDERR  ] 2017-06-12T10:20:51.602448825Z: [   11.064580] e1000: Copyright (c) 1999-2006 Intel Corporation.
[STDERR  ] 2017-06-12T10:20:51.602451456Z: [   11.073741] ACPI: PCI Interrupt Link [GSIG] enabled at IRQ 22
[STDERR  ] 2017-06-12T10:20:51.602460706Z: [   11.360787] ata4: SATA link down (SStatus 0 SControl 300)
[STDERR  ] 2017-06-12T10:20:51.602687883Z: [   11.363276] ata3: SATA link up 1.5 Gbps (SStatus 113 SControl 300)
[STDERR  ] 2017-06-12T10:20:51.602695629Z: [   11.366911] ata3.00: ATAPI: QEMU DVD-ROM, 2.5+, max UDMA/100
[STDERR  ] 2017-06-12T10:20:51.60270136Z: [   11.367697] ata3.00: applying bridge limits
[STDERR  ] 2017-06-12T10:20:51.602704265Z: [   11.369529] ata3.00: configured for UDMA/100
[STDERR  ] 2017-06-12T10:20:51.602709363Z: [   11.370994] ata2: SATA link down (SStatus 0 SControl 300)
[STDERR  ] 2017-06-12T10:20:51.60272248Z: [   11.371807] ata1: SATA link down (SStatus 0 SControl 300)
[STDERR  ] 2017-06-12T10:20:51.602725377Z: [   11.372533] ata6: SATA link down (SStatus 0 SControl 300)
[STDERR  ] 2017-06-12T10:20:51.602730372Z: [   11.373258] ata5: SATA link down (SStatus 0 SControl 300)
[STDERR  ] 2017-06-12T10:20:51.602749419Z: [   11.394127] scsi 2:0:0:0: CD-ROM            QEMU     QEMU DVD-ROM     2.5+ PQ: 0 ANSI: 5
[STDERR  ] 2017-06-12T10:20:51.602755006Z: [   11.413360] sr 2:0:0:0: [sr0] scsi3-mmc drive: 4x/4x cd/rw xa/form2 tray
[STDERR  ] 2017-06-12T10:20:51.602757855Z: [   11.414472] cdrom: Uniform CD-ROM driver Revision: 3.20
[STDERR  ] 2017-06-12T10:20:51.602765686Z: [   11.422072] sr 2:0:0:0: Attached scsi generic sg0 type 5
[STDERR  ] 2017-06-12T10:20:51.602771059Z: [   11.464613] e1000 0000:00:02.0 eth0: (PCI:33MHz:32-bit) 52:54:00:12:34:56
[STDERR  ] 2017-06-12T10:20:51.602776313Z: [   11.465662] e1000 0000:00:02.0 eth0: Intel(R) PRO/1000 Network Connection
[STDERR  ] 2017-06-12T10:20:51.602779012Z: [   11.466919] e1000e: Intel(R) PRO/1000 Network Driver - 3.2.6-k
[STDERR  ] 2017-06-12T10:20:51.602786697Z: [   11.467524] e1000e: Copyright(c) 1999 - 2015 Intel Corporation.
[STDERR  ] 2017-06-12T10:20:51.602791843Z: [   11.468579] igb: Intel(R) Gigabit Ethernet Network Driver - version 5.4.0-k
[STDERR  ] 2017-06-12T10:20:51.602800142Z: [   11.469261] igb: Copyright (c) 2007-2014 Intel Corporation.
[STDERR  ] 2017-06-12T10:20:51.602803322Z: [   11.470537] igbvf: Intel(R) Gigabit Virtual Function Network Driver - version 2.4.0-k
[STDERR  ] 2017-06-12T10:20:51.602820721Z: [   11.471312] igbvf: Copyright (c) 2009 - 2012 Intel Corporation.
[STDERR  ] 2017-06-12T10:20:51.602824055Z: [   11.472361] ixgbe: Intel(R) 10 Gigabit PCI Express Network Driver - version 4.4.0-k
[STDERR  ] 2017-06-12T10:20:51.602837027Z: [   11.473124] ixgbe: Copyright (c) 1999-2016 Intel Corporation.
[STDERR  ] 2017-06-12T10:20:51.602847036Z: [   11.475138] ixgbevf: Intel(R) 10 Gigabit PCI Express Virtual Function Network Driver - version 3.2.2-k
[STDERR  ] 2017-06-12T10:20:51.602852007Z: [   11.476035] ixgbevf: Copyright (c) 2009 - 2015 Intel Corporation.
[STDERR  ] 2017-06-12T10:20:51.602869432Z: [   11.477711] ixgb: Intel(R) PRO/10GbE Network Driver - version 1.0.135-k2-NAPI
[STDERR  ] 2017-06-12T10:20:51.602878889Z: [   11.478429] ixgb: Copyright (c) 1999-2008 Intel Corporation.
[STDERR  ] 2017-06-12T10:20:51.602886873Z: [   11.479772] PPP generic driver version 2.4.2
[STDERR  ] 2017-06-12T10:20:51.602910156Z: [   11.482042] PPP BSD Compression module registered
[STDERR  ] 2017-06-12T10:20:51.602913201Z: [   11.482759] PPP Deflate Compression module registered
[STDERR  ] 2017-06-12T10:20:51.602921022Z: [   11.483568] PPP MPPE Compression module registered
[STDERR  ] 2017-06-12T10:20:51.602926307Z: [   11.484111] NET: Registered protocol family 24
[STDERR  ] 2017-06-12T10:20:51.602931695Z: [   11.485113] PPTP driver version 0.8.5
[STDERR  ] 2017-06-12T10:20:51.602937005Z: [   11.486723] VMware vmxnet3 virtual NIC driver - version 1.4.a.0-k-NAPI
[STDERR  ] 2017-06-12T10:20:51.602939729Z: [   11.488038] hv_vmbus: registering driver hv_netvsc
[STDERR  ] 2017-06-12T10:20:51.602944659Z: [   11.488564] Fusion MPT base driver 3.04.20
[STDERR  ] 2017-06-12T10:20:51.602954137Z: [   11.488963] Copyright (c) 1999-2008 LSI Corporation
[STDERR  ] 2017-06-12T10:20:51.602956806Z: [   11.489794] Fusion MPT SPI Host driver 3.04.20
[STDERR  ] 2017-06-12T10:20:51.602962022Z: [   11.496345] aoe: AoE v85 initialised.
[STDERR  ] 2017-06-12T10:20:51.602979015Z: [   11.499268] i8042: PNP: PS/2 Controller [PNP0303:KBD,PNP0f13:MOU] at 0x60,0x64 irq 1,12
[STDERR  ] 2017-06-12T10:20:51.602986142Z: [   11.504178] serio: i8042 KBD port at 0x60,0x64 irq 1
[STDERR  ] 2017-06-12T10:20:51.602991469Z: [   11.505249] serio: i8042 AUX port at 0x60,0x64 irq 12
[STDERR  ] 2017-06-12T10:20:51.602996799Z: [   11.508821] hv_vmbus: registering driver hyperv_keyboard
[STDERR  ] 2017-06-12T10:20:51.603002033Z: [   11.512035] mousedev: PS/2 mouse device common for all mice
[STDERR  ] 2017-06-12T10:20:51.603007266Z: [   11.517477] input: AT Translated Set 2 keyboard as /devices/platform/i8042/serio0/input/input1
[STDERR  ] 2017-06-12T10:20:51.603015478Z: [   11.521497] input: PC Speaker as /devices/platform/pcspkr/input/input2
[STDERR  ] 2017-06-12T10:20:51.603018159Z: [   11.525800] rtc_cmos 00:00: RTC can wake from S4
[STDERR  ] 2017-06-12T10:20:51.603025982Z: [   11.529597] rtc_cmos 00:00: rtc core: registered rtc_cmos as rtc0
[STDERR  ] 2017-06-12T10:20:51.603032589Z: [   11.531566] rtc_cmos 00:00: alarms up to one day, y3k, 114 bytes nvram, hpet irqs
[STDERR  ] 2017-06-12T10:20:51.603038082Z: [   11.532722] i2c /dev entries driver
[STDERR  ] 2017-06-12T10:20:51.603066945Z: [   11.535017] device-mapper: ioctl: 4.35.0-ioctl (2016-06-23) initialised: dm-devel@redhat.com
[STDERR  ] 2017-06-12T10:20:51.603071318Z: [   11.540554] hv_utils: Registering HyperV Utility Driver
[STDERR  ] 2017-06-12T10:20:51.603079208Z: [   11.541139] hv_vmbus: registering driver hv_util
[STDERR  ] 2017-06-12T10:20:51.603084416Z: [   11.541640] hv_vmbus: registering driver hv_balloon
[STDERR  ] 2017-06-12T10:20:51.603087206Z: [   11.542446] oprofile: using NMI interrupt.
[STDERR  ] 2017-06-12T10:20:51.603095631Z: [   11.543797] GACT probability on
[STDERR  ] 2017-06-12T10:20:51.603105036Z: [   11.544445] Mirror/redirect action on
[STDERR  ] 2017-06-12T10:20:51.603113923Z: [   11.545526] Simple TC action Loaded
[STDERR  ] 2017-06-12T10:20:51.603118328Z: [   11.549412] netem: version 1.3
[STDERR  ] 2017-06-12T10:20:51.603141346Z: [   11.549838] u32 classifier
[STDERR  ] 2017-06-12T10:20:51.603154313Z: [   11.550707]     Performance counters on
[STDERR  ] 2017-06-12T10:20:51.603159763Z: [   11.551104]     input device check on
[STDERR  ] 2017-06-12T10:20:51.603162576Z: [   11.551474]     Actions configured
[STDERR  ] 2017-06-12T10:20:51.603167556Z: [   11.552366] Netfilter messages via NETLINK v0.30.
[STDERR  ] 2017-06-12T10:20:51.603175438Z: [   11.553226] nfnl_acct: registering with nfnetlink.
[STDERR  ] 2017-06-12T10:20:51.603180633Z: [   11.554826] nf_conntrack version 0.5.0 (8192 buckets, 32768 max)
[STDERR  ] 2017-06-12T10:20:51.603188945Z: [   11.558061] ctnetlink v0.93: registering with nfnetlink.
[STDERR  ] 2017-06-12T10:20:51.603197666Z: [   11.562493] nf_tables: (c) 2007-2009 Patrick McHardy <kaber@trash.net>
[STDERR  ] 2017-06-12T10:20:51.603214585Z: [   11.563668] nf_tables_compat: (c) 2012 Pablo Neira Ayuso <pablo@netfilter.org>
[STDERR  ] 2017-06-12T10:20:51.603229468Z: [   11.566622] xt_time: kernel timezone is -0000
[STDERR  ] 2017-06-12T10:20:51.603251509Z: [   11.567410] ip_set: protocol 6
[STDERR  ] 2017-06-12T10:20:51.603257365Z: [   11.568220] IPVS: Registered protocols (TCP, UDP, SCTP, AH, ESP)
[STDERR  ] 2017-06-12T10:20:51.603262639Z: [   11.569079] IPVS: Connection hash table configured (size=4096, memory=64Kbytes)
[STDERR  ] 2017-06-12T10:20:51.603267869Z: [   11.571629] IPVS: Creating netns size=2104 id=0
[STDERR  ] 2017-06-12T10:20:51.603273003Z: [   11.574621] IPVS: ipvs loaded.
[STDERR  ] 2017-06-12T10:20:51.603278133Z: [   11.575189] IPVS: [rr] scheduler registered.
[STDERR  ] 2017-06-12T10:20:51.603296355Z: [   11.575672] IPVS: [wrr] scheduler registered.
[STDERR  ] 2017-06-12T10:20:51.603301705Z: [   11.576181] IPVS: [lc] scheduler registered.
[STDERR  ] 2017-06-12T10:20:51.603306783Z: [   11.576597] IPVS: [wlc] scheduler registered.
[STDERR  ] 2017-06-12T10:20:51.603309458Z: [   11.577044] IPVS: [fo] scheduler registered.
[STDERR  ] 2017-06-12T10:20:51.603316891Z: [   11.577518] IPVS: [ovf] scheduler registered.
[STDERR  ] 2017-06-12T10:20:51.603319511Z: [   11.578184] IPVS: [lblc] scheduler registered.
[STDERR  ] 2017-06-12T10:20:51.603327183Z: [   11.578822] IPVS: [lblcr] scheduler registered.
[STDERR  ] 2017-06-12T10:20:51.603334375Z: [   11.579284] IPVS: [dh] scheduler registered.
[STDERR  ] 2017-06-12T10:20:51.603337371Z: [   11.579709] IPVS: [sh] scheduler registered.
[STDERR  ] 2017-06-12T10:20:51.603342423Z: [   11.580770] IPVS: [sed] scheduler registered.
[STDERR  ] 2017-06-12T10:20:51.603353206Z: [   11.581240] IPVS: [nq] scheduler registered.
[STDERR  ] 2017-06-12T10:20:51.603367129Z: [   11.582146] IPVS: ftp: loaded support on port[0] = 21
[STDERR  ] 2017-06-12T10:20:51.603370111Z: [   11.583309] ipip: IPv4 and MPLS over IPv4 tunneling driver
[STDERR  ] 2017-06-12T10:20:51.603375199Z: [   11.587867] gre: GRE over IPv4 demultiplexor driver
[STDERR  ] 2017-06-12T10:20:51.603383085Z: [   11.588454] ip_gre: GRE over IPv4 tunneling driver
[STDERR  ] 2017-06-12T10:20:51.603388223Z: [   11.595017] IPv4 over IPsec tunneling driver
[STDERR  ] 2017-06-12T10:20:51.603393405Z: [   11.601471] ip_tables: (C) 2000-2006 Netfilter Core Team
[STDERR  ] 2017-06-12T10:20:51.603398675Z: [   11.605012] ipt_CLUSTERIP: ClusterIP Version 0.8 loaded successfully
[STDERR  ] 2017-06-12T10:20:51.603403923Z: [   11.606120] arp_tables: arp_tables: (C) 2002 David S. Miller
[STDERR  ] 2017-06-12T10:20:51.603406626Z: [   11.608219] Initializing XFRM netlink socket
[STDERR  ] 2017-06-12T10:20:51.603411743Z: [   11.609612] NET: Registered protocol family 10
[STDERR  ] 2017-06-12T10:20:51.603419476Z: [   11.622556] mip6: Mobile IPv6
[STDERR  ] 2017-06-12T10:20:51.603424583Z: [   11.623848] ip6_tables: (C) 2000-2006 Netfilter Core Team
[STDERR  ] 2017-06-12T10:20:51.603442489Z: [   11.632757] sit: IPv6, IPv4 and MPLS over IPv4 tunneling driver
[STDERR  ] 2017-06-12T10:20:51.603448048Z: [   11.641369] ip6_gre: GRE over IPv6 tunneling driver
[STDERR  ] 2017-06-12T10:20:51.603450696Z: [   11.645580] NET: Registered protocol family 17
[STDERR  ] 2017-06-12T10:20:51.603459868Z: [   11.646590] NET: Registered protocol family 15
[STDERR  ] 2017-06-12T10:20:51.603462543Z: [   11.647808] Bridge firewalling registered
[STDERR  ] 2017-06-12T10:20:51.603470293Z: [   11.648549] Ebtables v2.0 registered
[STDERR  ] 2017-06-12T10:20:51.603478365Z: [   11.652402] l2tp_core: L2TP core driver, V2.0
[STDERR  ] 2017-06-12T10:20:51.603483635Z: [   11.653192] l2tp_ppp: PPPoL2TP kernel driver, V2.0
[STDERR  ] 2017-06-12T10:20:51.603488718Z: [   11.653693] 8021q: 802.1Q VLAN Support v1.8
[STDERR  ] 2017-06-12T10:20:51.603494001Z: [   11.655296] 9pnet: Installing 9P2000 support
[STDERR  ] 2017-06-12T10:20:51.603499158Z: [   11.656421] Key type dns_resolver registered
[STDERR  ] 2017-06-12T10:20:51.603504483Z: [   11.656903] openvswitch: Open vSwitch switching datapath
[STDERR  ] 2017-06-12T10:20:51.603517421Z: [   11.659379] mpls_gso: MPLS GSO support
[STDERR  ] 2017-06-12T10:20:51.603526328Z: [   11.660471] microcode: AMD CPU family 0x6 not supported
[STDERR  ] 2017-06-12T10:20:51.603529489Z: [   11.664672] registered taskstats version 1
[STDERR  ] 2017-06-12T10:20:51.603537204Z: [   11.681138] tsc: Refined TSC clocksource calibration: 2600.001 MHz
[STDERR  ] 2017-06-12T10:20:51.603539839Z: [   11.682106] clocksource: tsc: mask: 0xffffffffffffffff max_cycles: 0x257a3ce1c4c, max_idle_ns: 440795206275 ns
[STDERR  ] 2017-06-12T10:20:51.603547598Z: [   11.858852] Key type big_key registered
[STDERR  ] 2017-06-12T10:20:51.603552693Z: [   11.904533] Key type encrypted registered
[STDERR  ] 2017-06-12T10:20:51.603555409Z: [   11.909346] rtc_cmos 00:00: setting system clock to 2017-06-12 10:20:14 UTC (1497262814)
[STDERR  ] 2017-06-12T10:20:51.603560609Z: [   12.060526] Freeing unused kernel memory: 1456K (ffffffffbef90000 - ffffffffbf0fc000)
[STDERR  ] 2017-06-12T10:20:51.603568426Z: [   12.061465] Write protecting the kernel read-only data: 14336k
[STDERR  ] 2017-06-12T10:20:51.603571159Z: [   12.071353] Freeing unused kernel memory: 700K (ffff89a31b951000 - ffff89a31ba00000)
[STDERR  ] 2017-06-12T10:20:51.603578151Z: [   12.133504] Freeing unused kernel memory: 976K (ffff89a31bd0c000 - ffff89a31be00000)
[STDERR  ] 2017-06-12T10:20:51.603593656Z: [   12.701123] clocksource: Switched to clocksource tsc
[STDERR  ] 2017-06-12T10:20:51.603596466Z: 
[STDERR  ] 2017-06-12T10:20:51.603601481Z: Starting containerd
[STDERR  ] 2017-06-12T10:20:51.603609038Z: 
[STDERR  ] 2017-06-12T10:20:51.603611629Z: Welcome to LinuxKit
[STDERR  ] 2017-06-12T10:20:51.603625011Z: 
[STDERR  ] 2017-06-12T10:20:51.603627609Z:                         ##         .
[STDERR  ] 2017-06-12T10:20:51.603635366Z:                   ## ## ##        ==
[STDERR  ] 2017-06-12T10:20:51.603640506Z:                ## ## ## ## ##    ===
[STDERR  ] 2017-06-12T10:20:51.603645629Z:            /"""""""""""""""""\___/ ===
[STDERR  ] 2017-06-12T10:20:51.603648355Z:       ~~~ {~~ ~~~~ ~~~ ~~~~ ~~~ ~ /  ===- ~~~
[STDERR  ] 2017-06-12T10:20:51.603664584Z:            \______ o           __/
[STDERR  ] 2017-06-12T10:20:51.603668034Z:              \    \         __/
[STDERR  ] 2017-06-12T10:20:51.603675958Z:               \____\_______/
[STDERR  ] 2017-06-12T10:20:51.603681098Z: 
[STDERR  ] 2017-06-12T10:20:51.603683868Z: [34mINFO[0m[0000] starting containerd boot...                   [34mmodule[0m=containerd
[STDERR  ] 2017-06-12T10:20:51.603693219Z: [34mINFO[0m[0000] starting debug API...                         [34mdebug[0m="/run/containerd/debug.sock" [34mmodule[0m=containerd
[STDERR  ] 2017-06-12T10:20:51.603699401Z: [34mINFO[0m[0000] loading monitor plugin "cgroups"...           [34mmodule[0m=containerd
[STDERR  ] 2017-06-12T10:20:51.603704558Z: [34mINFO[0m[0000] loading runtime plugin "linux"...             [34mmodule[0m=containerd
[STDERR  ] 2017-06-12T10:20:51.603712468Z: [34mINFO[0m[0000] loading snapshot plugin "snapshot-overlay"...  [34mmodule[0m=containerd
[STDERR  ] 2017-06-12T10:20:51.603717565Z: [34mINFO[0m[0000] loading differ plugin "diff-base"...          [34mmodule[0m=containerd
[STDERR  ] 2017-06-12T10:20:51.603725686Z: [34mINFO[0m[0000] loading grpc service plugin "snapshots-grpc"...  [34mmodule[0m=containerd
[STDERR  ] 2017-06-12T10:20:51.603730793Z: [34mINFO[0m[0000] loading grpc service plugin "version-grpc"...  [34mmodule[0m=containerd
[STDERR  ] 2017-06-12T10:20:51.603740908Z: [34mINFO[0m[0000] loading grpc service plugin "metrics-grpc"...  [34mmodule[0m=containerd
[STDERR  ] 2017-06-12T10:20:51.603749655Z: [34mINFO[0m[0000] loading grpc service plugin "images-grpc"...  [34mmodule[0m=containerd
[STDERR  ] 2017-06-12T10:20:51.603754875Z: [34mINFO[0m[0000] loading grpc service plugin "content-grpc"...  [34mmodule[0m=containerd
[STDERR  ] 2017-06-12T10:20:51.603757524Z: [34mINFO[0m[0000] loading grpc service plugin "diff-grpc"...    [34mmodule[0m=containerd
[STDERR  ] 2017-06-12T10:20:51.603765044Z: [34mINFO[0m[0000] loading grpc service plugin "tasks-grpc"...   [34mmodule[0m=containerd
[STDERR  ] 2017-06-12T10:20:51.603769583Z: [34mINFO[0m[0000] loading grpc service plugin "healthcheck-grpc"...  [34mmodule[0m=containerd
[STDERR  ] 2017-06-12T10:20:51.603780765Z: [34mINFO[0m[0000] loading grpc service plugin "containers-grpc"...  [34mmodule[0m=containerd
[STDERR  ] 2017-06-12T10:20:51.603788351Z: [   20.789368] random: fast init done
[STDERR  ] 2017-06-12T10:20:51.603793524Z: [34mINFO[0m[0000] loading grpc service plugin "namespaces-grpc"...  [34mmodule[0m=containerd
[STDERR  ] 2017-06-12T10:20:51.603798728Z: [34mINFO[0m[0000] starting GRPC API server...                   [34mmodule[0m=containerd
[STDERR  ] 2017-06-12T10:20:51.603803973Z: [34mINFO[0m[0000] containerd successfully booted in 0.298283s   [34mmodule[0m=containerd
[STDERR  ] 2017-06-12T10:20:51.603816309Z: starting kernel config sanity test with /proc/config.gz
[STDERR  ] 2017-06-12T10:20:51.603819745Z: kernel config test succeeded!
[STDERR  ] 2017-06-12T10:20:51.603824849Z: [37minfo: reading kernel config from /proc/config.gz ...[m
[STDERR  ] 2017-06-12T10:20:51.603834015Z: 
[STDERR  ] 2017-06-12T10:20:51.603839099Z: Generally Necessary:
[STDERR  ] 2017-06-12T10:20:51.603844298Z: - [37mcgroup hierarchy[m: [32mproperly mounted[m [/sys/fs/cgroup]
[STDERR  ] 2017-06-12T10:20:51.603847031Z: - [37mCONFIG_NAMESPACES[m: [32menabled[m
[STDERR  ] 2017-06-12T10:20:51.603854561Z: - [37mCONFIG_NET_NS[m: [32menabled[m
[STDERR  ] 2017-06-12T10:20:51.603857118Z: - [37mCONFIG_PID_NS[m: [32menabled[m
[STDERR  ] 2017-06-12T10:20:51.603867825Z: - [37mCONFIG_IPC_NS[m: [32menabled[m
[STDERR  ] 2017-06-12T10:20:51.603875781Z: - [37mCONFIG_UTS_NS[m: [32menabled[m
[STDERR  ] 2017-06-12T10:20:51.603883269Z: - [37mCONFIG_CGROUPS[m: [32menabled[m
[STDERR  ] 2017-06-12T10:20:51.603897175Z: - [37mCONFIG_CGROUP_CPUACCT[m: [32menabled[m
[STDERR  ] 2017-06-12T10:20:51.603902419Z: - [37mCONFIG_CGROUP_DEVICE[m: [32menabled[m
[STDERR  ] 2017-06-12T10:20:51.603907619Z: - [37mCONFIG_CGROUP_FREEZER[m: [32menabled[m
[STDERR  ] 2017-06-12T10:20:51.603912868Z: - [37mCONFIG_CGROUP_SCHED[m: [32menabled[m
[STDERR  ] 2017-06-12T10:20:51.603918084Z: - [37mCONFIG_CPUSETS[m: [32menabled[m
[STDERR  ] 2017-06-12T10:20:51.603923288Z: - [37mCONFIG_MEMCG[m: [32menabled[m
[STDERR  ] 2017-06-12T10:20:51.603928594Z: - [37mCONFIG_KEYS[m: [32menabled[m
[STDERR  ] 2017-06-12T10:20:51.603933764Z: - [37mCONFIG_VETH[m: [32menabled[m
[STDERR  ] 2017-06-12T10:20:51.603938828Z: - [37mCONFIG_BRIDGE[m: [32menabled[m
[STDERR  ] 2017-06-12T10:20:51.603944036Z: - [37mCONFIG_BRIDGE_NETFILTER[m: [32menabled[m
[STDERR  ] 2017-06-12T10:20:51.603952821Z: - [37mCONFIG_NF_NAT_IPV4[m: [32menabled[m
[STDERR  ] 2017-06-12T10:20:51.603958089Z: - [37mCONFIG_IP_NF_FILTER[m: [32menabled[m
[STDERR  ] 2017-06-12T10:20:51.603973016Z: - [37mCONFIG_IP_NF_TARGET_MASQUERADE[m: [32menabled[m
[STDERR  ] 2017-06-12T10:20:51.603978279Z: - [37mCONFIG_NETFILTER_XT_MATCH_ADDRTYPE[m: [32menabled[m
[STDERR  ] 2017-06-12T10:20:51.603983538Z: - [37mCONFIG_NETFILTER_XT_MATCH_CONNTRACK[m: [32menabled[m
