[INFO    ] 2018-04-04T18:36:35.132863125Z: Running Test linuxkit.kernel.config_4.15.x in /tmp/build/test/cases/020_kernel/007_config_4.15.x
[STDERR  ] 2018-04-04T18:36:35.132910058Z: [    0.750053] pps_core: LinuxPPS API ver. 1 registered
[STDERR  ] 2018-04-04T18:36:35.132937916Z: [    0.755284] pps_core: Software ver. 5.3.6 - Copyright 2005-2007 Rodolfo Giometti <giometti@linux.it>
[STDERR  ] 2018-04-04T18:36:35.132954192Z: [    0.760031] PTP clock support registered
[STDERR  ] 2018-04-04T18:36:35.132969205Z: [    0.770116] PCI: Using ACPI for IRQ routing
[STDERR  ] 2018-04-04T18:36:35.132984418Z: [    1.174332] NetLabel: Initializing
[STDERR  ] 2018-04-04T18:36:35.132999034Z: [    1.177929] NetLabel:  domain hash size = 128
[INFO    ] 2018-04-04T18:36:35.133013729Z: Running command: [/bin/sh -x /tmp/build/test/cases/020_kernel/007_config_4.15.x/test.sh]
[STDERR  ] 2018-04-04T18:36:35.133012405Z: [    1.180015] NetLabel:  protocols = UNLABELED CIPSOv4 CALIPSO
[STDERR  ] 2018-04-04T18:36:35.133034919Z: [    1.185709] NetLabel:  unlabeled traffic allowed by default
[STDERR  ] 2018-04-04T18:36:35.133049835Z: [    1.190237] HPET: 3 timers in total, 0 timers will be used for per-cpu timer
[STDERR  ] 2018-04-04T18:36:35.133064110Z: [    1.200123] hpet0: at MMIO 0xfed00000, IRQs 2, 8, 0
[STDERR  ] 2018-04-04T18:36:35.133085004Z: [    1.205027] hpet0: 3 comparators, 64-bit 100.000000 MHz counter
[STDERR  ] 2018-04-04T18:36:35.133105270Z: [    1.213590] clocksource: Switched to clocksource kvm-clock
[STDERR  ] 2018-04-04T18:36:35.133119868Z: [    1.231653] VFS: Disk quotas dquot_6.6.0
[STDERR  ] 2018-04-04T18:36:35.133134027Z: [    1.236098] VFS: Dquot-cache hash table entries: 512 (order 0, 4096 bytes)
[STDERR  ] 2018-04-04T18:36:35.133148601Z: [    1.243897] FS-Cache: Loaded
[STDERR  ] 2018-04-04T18:36:35.133162564Z: [    1.247267] CacheFiles: Loaded
[STDERR  ] 2018-04-04T18:36:35.133175959Z: [    1.250750] pnp: PnP ACPI init
[STDERR  ] 2018-04-04T18:36:35.133189339Z: [    1.255130] pnp: PnP ACPI: found 5 devices
[STDERR  ] 2018-04-04T18:36:35.133202327Z: [    1.265655] clocksource: acpi_pm: mask: 0xffffff max_cycles: 0xffffff, max_idle_ns: 2085701024 ns
[STDERR  ] 2018-04-04T18:36:35.133215473Z: [    1.274628] NET: Registered protocol family 2
[STDERR  ] 2018-04-04T18:36:35.133228682Z: [    1.279205] TCP established hash table entries: 8192 (order: 4, 65536 bytes)
[STDERR  ] 2018-04-04T18:36:35.133237851Z: [    1.286386] TCP bind hash table entries: 8192 (order: 5, 131072 bytes)
[STDERR  ] 2018-04-04T18:36:35.133246540Z: [    1.293627] TCP: Hash tables configured (established 8192 bind 8192)
[STDERR  ] 2018-04-04T18:36:35.133255157Z: [    1.300165] UDP hash table entries: 512 (order: 2, 16384 bytes)
[STDERR  ] 2018-04-04T18:36:35.133263342Z: [    1.306064] UDP-Lite hash table entries: 512 (order: 2, 16384 bytes)
[STDERR  ] 2018-04-04T18:36:35.133276160Z: [    1.312604] NET: Registered protocol family 1
[STDERR  ] 2018-04-04T18:36:35.133287165Z: [    1.
[STDERR  ] 2018-04-04T18:36:35.133873485Z: + set -e
[STDERR  ] 2018-04-04T18:36:35.133934127Z: + . /tmp/build/test/cases/_lib/lib.sh
[STDERR  ] 2018-04-04T18:36:35.133947781Z: + [ -f src/github.com/linuxkit/rtf/lib/lib.sh ]
[STDERR  ] 2018-04-04T18:36:35.133988641Z: + LINUXKIT_TMPDIR=/tmp/build/test/cases/_tmp
[STDERR  ] 2018-04-04T18:36:35.134009677Z: + [ -f /tmp/build/test/cases/_tmp/env.sh ]
[STDERR  ] 2018-04-04T18:36:35.134023705Z: + . /tmp/build/test/cases/_tmp/env.sh
[STDERR  ] 2018-04-04T18:36:35.134038176Z: + export LINUXKIT_EXAMPLES_DIR=/tmp/build/test/cases/../../examples
[STDERR  ] 2018-04-04T18:36:35.134052258Z: + RT_CANCEL=253
[STDERR  ] 2018-04-04T18:36:35.134066018Z: + NAME=kconfig
[STDERR  ] 2018-04-04T18:36:35.134184486Z: + trap clean_up EXIT
[STDERR  ] 2018-04-04T18:36:35.134207472Z: + linuxkit build -format kernel+initrd -name kconfig test.yml
[STDERR  ] 2018-04-04T18:36:35.185217218Z: Extract kernel image: linuxkit/kernel:4.15.15
[STDERR  ] 2018-04-04T18:36:36.448335115Z: Pull image: docker.io/linuxkit/kernel:4.15.15@sha256:bb1771719aeca25f4afe1dc5eb23da62c592ac208021b5029c70c286bd75f3f3
[STDERR  ] 2018-04-04T18:36:46.551893288Z: Add init containers:
[STDERR  ] 2018-04-04T18:36:46.551964891Z: Process init image: linuxkit/init:be60dd1cb15ad39225512b6753304571d8c2fb17
[STDERR  ] 2018-04-04T18:36:47.773158622Z: Process init image: linuxkit/runc:17e8c06e48ac220be79b2476e39b4d7feb905524
[STDERR  ] 2018-04-04T18:36:48.991715467Z: Add onboot containers:
[STDERR  ] 2018-04-04T18:36:48.991805035Z:   Create OCI config for linuxkit/test-kernel-config:a3eb5aa39ed8e426cc2b33606820edc59301ae4d
[STDERR  ] 2018-04-04T18:36:50.383785497Z:   Create OCI config for linuxkit/poweroff:f9a0a5e52fd2a97908bda33db2afffafe4a6a67d
[STDERR  ] 2018-04-04T18:36:51.584787001Z: Create outputs:
[STDERR  ] 2018-04-04T18:36:56.479675380Z:   kconfig-kernel kconfig-initrd.img kconfig-cmdline
[STDERR  ] 2018-04-04T18:36:56.528510917Z: + linuxkit run kconfig
[STDERR  ] 2018-04-04T18:36:56.551846089Z: Unable to find qemu-system-x86_64 within the $PATH. Using a container
[STDERR  ] 2018-04-04T18:37:06.916239342Z: + RESULT=[    0.000000] Linux version 4.15.15-linuxkit (root@1addec4162a6) (gcc version 6.4.0 (Alpine 6.4.0)) #1 SMP Sun Apr 1 17:00:39 UTC 2018
[STDERR  ] 2018-04-04T18:37:06.916310361Z: [    0.000000] Command line: console=ttyS0 console=ttyAMA0
[STDERR  ] 2018-04-04T18:37:06.916327669Z: [    0.000000] x86/fpu: x87 FPU will use FXSAVE
[STDERR  ] 2018-04-04T18:37:06.916342634Z: [    0.000000] e820: BIOS-provided physical RAM map:
[STDERR  ] 2018-04-04T18:37:06.916358803Z: [    0.000000] BIOS-e820: [mem 0x0000000000000000-0x000000000009fbff] usable
[STDERR  ] 2018-04-04T18:37:06.916374527Z: [    0.000000] BIOS-e820: [mem 0x000000000009fc00-0x000000000009ffff] reserved
[STDERR  ] 2018-04-04T18:37:06.916389651Z: [    0.000000] BIOS-e820: [mem 0x00000000000f0000-0x00000000000fffff] reserved
[STDERR  ] 2018-04-04T18:37:06.916405945Z: [    0.000000] BIOS-e820: [mem 0x0000000000100000-0x000000003ffdefff] usable
[STDERR  ] 2018-04-04T18:37:06.916422394Z: [    0.000000] BIOS-e820: [mem 0x000000003ffdf000-0x000000003fffffff] reserved
[STDERR  ] 2018-04-04T18:37:06.916438894Z: [    0.000000] BIOS-e820: [mem 0x00000000b0000000-0x00000000bfffffff] reserved
[STDERR  ] 2018-04-04T18:37:06.916455156Z: [    0.000000] BIOS-e820: [mem 0x00000000fed1c000-0x00000000fed1ffff] reserved
[STDERR  ] 2018-04-04T18:37:06.916469480Z: [    0.000000] BIOS-e820: [mem 0x00000000feffc000-0x00000000feffffff] reserved
[STDERR  ] 2018-04-04T18:37:06.916484570Z: [    0.000000] BIOS-e820: [mem 0x00000000fffc0000-0x00000000ffffffff] reserved
[STDERR  ] 2018-04-04T18:37:06.916498715Z: [    0.000000] NX (Execute Disable) protection: active
[STDERR  ] 2018-04-04T18:37:06.916513110Z: [    0.000000] random: fast init done
[STDERR  ] 2018-04-04T18:37:06.916527351Z: [    0.000000] SMBIOS 2.8 present.
[STDERR  ] 2018-04-04T18:37:06.916540932Z: [    0.000000] DMI: QEMU Standard PC (Q35 + ICH9, 2009), BIOS rel-1.10.2-0-g5f4c7b1-prebuilt.qemu-project.org 04/01/2014
[STDERR  ] 2018-04-04T18:37:06.916591121Z: [    0.000000] Hypervisor detected: KVM
[STDERR  ] 2018-04-04T18:37:06.916630452Z: [    0.000000] e820: last_pfn = 0x3ffdf max_arch_pfn = 0x400000000
[STDERR  ] 2018-04-04T18:37:06.916650972Z: [    0.000000] x86/PAT: PAT not supported by CPU.
[STDERR  ] 2018-04-04T18:37:06.916664550Z: [    0.000000] x86/PAT: Configuration [0-7]: WB  WT  UC- UC  WB  WT  UC- UC  
[STDERR  ] 2018-04-04T18:37:06.916678653Z: [    0.000000] found SMP MP-table at [mem 0x000f6aa0-0x000f6aaf] mapped at [        (ptrval)]
[STDERR  ] 2018-04-04T18:37:06.916693393Z: [    0.000000] RAMDISK: [mem 0x3e581000-0x3ffcffff]
[STDERR  ] 2018-04-04T18:37:06.916712866Z: [    0.000000] ACPI: Early table checksum verification disabled
[STDERR  ] 2018-04-04T18:37:06.916727573Z: [    0.000000] ACPI: RSDP 0x00000000000F68B0 000014 (v00 BOCHS )
[STDERR  ] 2018-04-04T18:37:06.916741382Z: [    0.000000] ACPI: RSDT 0x000000003FFE20A8 000034 (v01 BOCHS  BXPCRSDT 00000001 BXPC 00000001)
[STDERR  ] 2018-04-04T18:37:06.916755622Z: [    0.000000] ACPI: FACP 0x000000003FFE1EC8 0000F4 (v03 BOCHS  BXPCFACP 00000001 BXPC 00000001)
[STDERR  ] 2018-04-04T18:37:06.916775375Z: [    0.000000] ACPI: DSDT 0x000000003FFE0040 001E88 (v01 BOCHS  BXPCDSDT 00000001 BXPC 00000001)
[STDERR  ] 2018-04-04T18:37:06.916790201Z: [    0.000000] ACPI: FACS 0x000000003FFE0000 000040
[STDERR  ] 2018-04-04T18:37:06.916802973Z: [    0.000000] ACPI: APIC 0x000000003FFE1FBC 000078 (v01 BOCHS  BXPCAPIC 00000001 BXPC 00000001)
[STDERR  ] 2018-04-04T18:37:06.916817071Z: [    0.000000] ACPI: HPET 0x000000003FFE2034 000038 (v01 BOCHS  BXPCHPET 00000001 BXPC 00000001)
[STDERR  ] 2018-04-04T18:37:06.916831164Z: [    0.000000] ACPI: MCFG 0x000000003FFE206C 00003C (v01 BOCHS  BXPCMCFG 00000001 BXPC 00000001)
[STDERR  ] 2018-04-04T18:37:06.916853878Z: [    0.000000] kvm-clock: cpu 0, msr 0:3ffdc001, primary cpu clock
[STDERR  ] 2018-04-04T18:37:06.916867377Z: [    0.000000] kvm-clock: Using msrs 4b564d01 and 4b564d00
[STDERR  ] 2018-04-04T18:37:06.916880203Z: [    0.000000] clocksource: kvm-clock: mask: 0xffffffffffffffff max_cycles: 0x1cd42e4dffb, max_idle_ns: 881590591483 ns
[STDERR  ] 2018-04-04T18:37:06.916893021Z: [    0.000000] Zone ranges:
[STDERR  ] 2018-04-04T18:37:06.916906066Z: [    0.000000]   DMA      [mem 0x0000000000001000-0x0000000000ffffff]
[STDERR  ] 2018-04-04T18:37:06.916925507Z: [    0.000000]   DMA32    [mem 0x0000000001000000-0x000000003ffdefff]
[STDERR  ] 2018-04-04T18:37:06.916937707Z: [    0.000000]   Normal   empty
[STDERR  ] 2018-04-04T18:37:06.916950605Z: [    0.000000]   Device   empty
[STDERR  ] 2018-04-04T18:37:06.916963052Z: [    0.000000] Movable zone start for each node
[STDERR  ] 2018-04-04T18:37:06.916978848Z: [    0.000000] Early memory node ranges
[STDERR  ] 2018-04-04T18:37:06.916991809Z: [    0.000000]   node   0: [mem 0x0000000000001000-0x000000000009efff]
[STDERR  ] 2018-04-04T18:37:06.917005417Z: [    0.000000]   node   0: [mem 0x0000000000100000-0x000000003ffdefff]
[STDERR  ] 2018-04-04T18:37:06.917018992Z: [    0.000000] Initmem setup node 0 [mem 0x0000000000001000-0x000000003ffdefff]
[STDERR  ] 2018-04-04T18:37:06.917032481Z: [    0.000000] Reserved but unavailable: 98 pages
[STDERR  ] 2018-04-04T18:37:06.917046542Z: [    0.000000] ACPI: PM-Timer IO Port: 0x608
[STDERR  ] 2018-04-04T18:37:06.917060783Z: [    0.000000] ACPI: LAPIC_NMI (acpi_id[0xff] dfl dfl lint[0x1])
[STDERR  ] 2018-04-04T18:37:06.917074463Z: [    0.000000] IOAPIC[0]: apic_id 0, version 17, address 0xfec00000, GSI 0-23
[STDERR  ] 2018-04-04T18:37:06.917086818Z: [    0.000000] ACPI: INT_SRC_OVR (bus 0 bus_irq 0 global_irq 2 dfl dfl)
[STDERR  ] 2018-04-04T18:37:06.917100087Z: [    0.000000] ACPI: INT_SRC_OVR (bus 0 bus_irq 5 global_irq 5 high level)
[STDERR  ] 2018-04-04T18:37:06.917113778Z: [    0.000000] ACPI: INT_SRC_OVR (bus 0 bus_irq 9 global_irq 9 high level)
[STDERR  ] 2018-04-04T18:37:06.917127471Z: [    0.000000] ACPI: INT_SRC_OVR (bus 0 bus_irq 10 global_irq 10 high level)
[STDERR  ] 2018-04-04T18:37:06.917140953Z: [    0.000000] ACPI: INT_SRC_OVR (bus 0 bus_irq 11 global_irq 11 high level)
[STDERR  ] 2018-04-04T18:37:06.917166748Z: [    0.000000] Using ACPI (MADT) for SMP configuration information
[STDERR  ] 2018-04-04T18:37:06.917180824Z: [    0.000000] ACPI: HPET id: 0x8086a201 base: 0xfed00000
[STDERR  ] 2018-04-04T18:37:06.917194491Z: [    0.000000] smpboot: Allowing 1 CPUs, 0 hotplug CPUs
[STDERR  ] 2018-04-04T18:37:06.917216543Z: [    0.000000] e820: [mem 0x40000000-0xafffffff] available for PCI devices
[STDERR  ] 2018-04-04T18:37:06.917230220Z: [    0.000000] Booting paravirtualized kernel on KVM
[STDERR  ] 2018-04-04T18:37:06.917243376Z: [    0.000000] clocksource: refined-jiffies: mask: 0xffffffff max_cycles: 0xffffffff, max_idle_ns: 19112604462750000 ns
[STDERR  ] 2018-04-04T18:37:06.917263058Z: [    0.000000] setup_percpu: NR_CPUS:128 nr_cpumask_bits:128 nr_cpu_ids:1 nr_node_ids:1
[STDERR  ] 2018-04-04T18:37:06.917276616Z: [    0.000000] percpu: Embedded 44 pages/cpu @        (ptrval) s142936 r8192 d29096 u2097152
[STDERR  ] 2018-04-04T18:37:06.917289972Z: [    0.000000] KVM setup async PF for cpu 0
[STDERR  ] 2018-04-04T18:37:06.917303398Z: [    0.000000] kvm-stealtime: cpu 0, msr 3e215f40
[STDERR  ] 2018-04-04T18:37:06.917321791Z: [    0.000000] Built 1 zonelists, mobility grouping on.  Total pages: 257896
[STDERR  ] 2018-04-04T18:37:06.917335671Z: [    0.000000] Kernel command line: console=ttyS0 console=ttyAMA0
[STDERR  ] 2018-04-04T18:37:06.917349704Z: [    0.000000] Dentry cache hash table entries: 131072 (order: 8, 1048576 bytes)
[STDERR  ] 2018-04-04T18:37:06.917363709Z: [    0.000000] Inode-cache hash table entries: 65536 (order: 7, 524288 bytes)
[STDERR  ] 2018-04-04T18:37:06.917378904Z: [    0.000000] Memory: 977832K/1048052K available (12300K kernel code, 1480K rwdata, 3012K rodata, 1516K init, 632K bss, 70220K reserved, 0K cma-reserved)
[STDERR  ] 2018-04-04T18:37:06.917393049Z: [    0.000000] Kernel/User page tables isolation: enabled
[STDERR  ] 2018-04-04T18:37:06.917405778Z: [    0.000000] ftrace: allocating 41309 entries in 162 pages
[STDERR  ] 2018-04-04T18:37:06.917419890Z: [    0.010000] Hierarchical RCU implementation.
[STDERR  ] 2018-04-04T18:37:06.917432824Z: [    0.010000] 	RCU restricting CPUs from NR_CPUS=128 to nr_cpu_ids=1.
[STDERR  ] 2018-04-04T18:37:06.917448108Z: [    0.010000] RCU: Adjusting geometry for rcu_fanout_leaf=16, nr_cpu_ids=1
[STDERR  ] 2018-04-04T18:37:06.917461718Z: [    0.010000] NR_IRQS: 8448, nr_irqs: 256, preallocated irqs: 16
[STDERR  ] 2018-04-04T18:37:06.917481959Z: [    0.010000] Console: colour VGA+ 80x25
[STDERR  ] 2018-04-04T18:37:06.917501990Z: [    0.010000] console [ttyS0] enabled
[STDERR  ] 2018-04-04T18:37:06.917517052Z: [    0.010000] ACPI: Core revision 20170831
[STDERR  ] 2018-04-04T18:37:06.917535144Z: [    0.010000] ACPI: 1 ACPI AML tables successfully acquired and loaded
[STDERR  ] 2018-04-04T18:37:06.917547397Z: [    0.010000] clocksource: hpet: mask: 0xffffffff max_cycles: 0xffffffff, max_idle_ns: 19112604467 ns
[STDERR  ] 2018-04-04T18:37:06.917561293Z: [    0.010054] APIC: Switch to symmetric I/O mode setup
[STDERR  ] 2018-04-04T18:37:06.917571953Z: [    0.018324] x2apic enabled
[STDERR  ] 2018-04-04T18:37:06.917580427Z: [    0.020024] Switched APIC routing to physical x2apic.
[STDERR  ] 2018-04-04T18:37:06.917588293Z: [    0.038716] ..TIMER: vector=0x30 apic1=0 pin1=2 apic2=-1 pin2=-1
[STDERR  ] 2018-04-04T18:37:06.917596290Z: [    0.040000] tsc: Detected 2300.002 MHz processor
[STDERR  ] 2018-04-04T18:37:06.917604036Z: [    0.040023] Calibrating delay loop (skipped) preset value.. 4600.00 BogoMIPS (lpj=23000020)
[STDERR  ] 2018-04-04T18:37:06.917612711Z: [    0.050018] pid_max: default: 32768 minimum: 301
[STDERR  ] 2018-04-04T18:37:06.917625253Z: [    0.056115] Security Framework initialized
[STDERR  ] 2018-04-04T18:37:06.917642685Z: [    0.060012] Yama: becoming mindful.
[STDERR  ] 2018-04-04T18:37:06.917650705Z: [    0.064446] Mount-cache hash table entries: 2048 (order: 2, 16384 bytes)
[STDERR  ] 2018-04-04T18:37:06.917658680Z: [    0.070018] Mountpoint-cache hash table entries: 2048 (order: 2, 16384 bytes)
[STDERR  ] 2018-04-04T18:37:06.917671882Z: [    0.080893] CPU: Physical Processor ID: 0
[STDERR  ] 2018-04-04T18:37:06.917679863Z: [    0.095637] Last level iTLB entries: 4KB 0, 2MB 0, 4MB 0
[STDERR  ] 2018-04-04T18:37:06.917687669Z: [    0.100010] Last level dTLB entries: 4KB 0, 2MB 0, 4MB 0, 1GB 0
[STDERR  ] 2018-04-04T18:37:06.917695528Z: [    0.110009] Spectre V2 : Vulnerable: Minimal generic ASM retpoline
[STDERR  ] 2018-04-04T18:37:06.917704149Z: [    0.124558] Freeing SMP alternatives memory: 20K
[STDERR  ] 2018-04-04T18:37:06.917724331Z: [    0.140000] smpboot: CPU0: Intel QEMU Virtual CPU version 2.5+ (family: 0x6, model: 0x6, stepping: 0x3)
[STDERR  ] 2018-04-04T18:37:06.917740103Z: [    0.140141] Performance Events: PMU not available due to virtualization, using software events only.
[STDERR  ] 2018-04-04T18:37:06.917755653Z: [    0.150367] Hierarchical SRCU implementation.
[STDERR  ] 2018-04-04T18:37:06.917763668Z: [    0.156129] NMI watchdog: Perf event create on CPU 0 failed with -2
[STDERR  ] 2018-04-04T18:37:06.917778182Z: [    0.160010] NMI watchdog: Perf NMI watchdog permanently disabled
[STDERR  ] 2018-04-04T18:37:06.917790415Z: [    0.170105] smp: Bringing up secondary CPUs ...
[STDERR  ] 2018-04-04T18:37:06.917798514Z: [    0.175991] smp: Brought up 1 node, 1 CPU
[STDERR  ] 2018-04-04T18:37:06.917806363Z: [    0.180010] smpboot: Max logical packages: 1
[STDERR  ] 2018-04-04T18:37:06.917814316Z: [    0.185369] smpboot: Total of 1 processors activated (4600.00 BogoMIPS)
[STDERR  ] 2018-04-04T18:37:06.917822092Z: [    0.190867] devtmpfs: initialized
[STDERR  ] 2018-04-04T18:37:06.917835346Z: [    0.200077] x86/mm: Memory block size: 128MB
[STDERR  ] 2018-04-04T18:37:06.917843407Z: [    0.205717] evm: security.ima
[STDERR  ] 2018-04-04T18:37:06.917851139Z: [    0.210008] evm: security.capability
[STDERR  ] 2018-04-04T18:37:06.917863223Z: [    0.214653] clocksource: jiffies: mask: 0xffffffff max_cycles: 0xffffffff, max_idle_ns: 19112604462750000 ns
[STDERR  ] 2018-04-04T18:37:06.917872061Z: [    0.220028] futex hash table entries: 256 (order: 2, 16384 bytes)
[STDERR  ] 2018-04-04T18:37:06.917879859Z: [    0.230249] NET: Registered protocol family 16
[STDERR  ] 2018-04-04T18:37:06.917887632Z: [    0.240140] audit: initializing netlink subsys (disabled)
[STDERR  ] 2018-04-04T18:37:06.917895379Z: [    0.246994] cpuidle: using governor ladder
[STDERR  ] 2018-04-04T18:37:06.917902978Z: [    0.250015] audit: type=2000 audit(1522867018.069:1): state=initialized audit_enabled=0 res=1
[STDERR  ] 2018-04-04T18:37:06.917910980Z: [    0.260020] cpuidle: using governor menu
[STDERR  ] 2018-04-04T18:37:06.917918734Z: [    0.270116] ACPI: bus type PCI registered
[STDERR  ] 2018-04-04T18:37:06.917926399Z: [    0.275589] PCI: MMCONFIG for domain 0000 [bus 00-ff] at [mem 0xb0000000-0xbfffffff] (base 0xb0000000)
[STDERR  ] 2018-04-04T18:37:06.917934164Z: [    0.280017] PCI: MMCONFIG at [mem 0xb0000000-0xbfffffff] reserved in E820
[STDERR  ] 2018-04-04T18:37:06.917941907Z: [    0.290029] PCI: Using configuration type 1 for base access
[STDERR  ] 2018-04-04T18:37:06.917949752Z: [    0.301571] HugeTLB registered 2.00 MiB page size, pre-allocated 0 pages
[STDERR  ] 2018-04-04T18:37:06.917957292Z: [    0.310324] ACPI: Added _OSI(Module Device)
[STDERR  ] 2018-04-04T18:37:06.917964918Z: [    0.315623] ACPI: Added _OSI(Processor Device)
[STDERR  ] 2018-04-04T18:37:06.917972627Z: [    0.320017] ACPI: Added _OSI(3.0 _SCP Extensions)
[STDERR  ] 2018-04-04T18:37:06.917980228Z: [    0.330010] ACPI: Added _OSI(Processor Aggregator Device)
[STDERR  ] 2018-04-04T18:37:06.917987910Z: [    0.342880] ACPI: Interpreter enabled
[STDERR  ] 2018-04-04T18:37:06.917995633Z: [    0.347439] ACPI: (supports S0 S5)
[STDERR  ] 2018-04-04T18:37:06.918003135Z: [    0.350010] ACPI: Using IOAPIC for interrupt routing
[STDERR  ] 2018-04-04T18:37:06.918015328Z: [    0.356395] PCI: Using host bridge windows from ACPI; if necessary, use "pci=nocrs" and report a bug
[STDERR  ] 2018-04-04T18:37:06.918024000Z: [    0.360315] ACPI: Enabled 1 GPEs in block 00 to 3F
[STDERR  ] 2018-04-04T18:37:06.918035587Z: [    0.370077] ACPI: PCI Root Bridge [PCI0] (domain 0000 [bus 00-ff])
[STDERR  ] 2018-04-04T18:37:06.918043480Z: [    0.377600] acpi PNP0A08:00: _OSC: OS supports [ExtendedConfig ASPM ClockPM Segments MSI]
[STDERR  ] 2018-04-04T18:37:06.918051548Z: [    0.380180] acpi PNP0A08:00: _OSC: OS now controls [PCIeHotplug PME PCIeCapability]
[STDERR  ] 2018-04-04T18:37:06.918064061Z: [    0.390103] PCI host bridge to bus 0000:00
[STDERR  ] 2018-04-04T18:37:06.918071937Z: [    0.400012] pci_bus 0000:00: root bus resource [io  0x0000-0x0cf7 window]
[STDERR  ] 2018-04-04T18:37:06.918084451Z: [    0.410016] pci_bus 0000:00: root bus resource [io  0x0d00-0xffff window]
[STDERR  ] 2018-04-04T18:37:06.918096591Z: [    0.420015] pci_bus 0000:00: root bus resource [mem 0x000a0000-0x000bffff window]
[STDERR  ] 2018-04-04T18:37:06.918108464Z: [    0.430021] pci_bus 0000:00: root bus resource [mem 0xc0000000-0xfebfffff window]
[STDERR  ] 2018-04-04T18:37:06.918120335Z: [    0.439365] pci_bus 0000:00: root bus resource [bus 00-ff]
[STDERR  ] 2018-04-04T18:37:06.918132171Z: [    0.571772] pci 0000:00:1f.0: quirk: [io  0x0600-0x067f] claimed by ICH6 ACPI/GPIO/TCO
[STDERR  ] 2018-04-04T18:37:06.918151147Z: [    0.634869] ACPI: PCI Interrupt Link [LNKA] (IRQs 5 *10 11)
[STDERR  ] 2018-04-04T18:37:06.918165655Z: [    0.640429] ACPI: PCI Interrupt Link [LNKB] (IRQs 5 *10 11)
[STDERR  ] 2018-04-04T18:37:06.918176685Z: [    0.650436] ACPI: PCI Interrupt Link [LNKC] (IRQs 5 10 *11)
[STDERR  ] 2018-04-04T18:37:06.918184405Z: [    0.658076] ACPI: PCI Interrupt Link [LNKD] (IRQs 5 10 *11)
[STDERR  ] 2018-04-04T18:37:06.918192198Z: [    0.660337] ACPI: PCI Interrupt Link [LNKE] (IRQs 5 *10 11)
[STDERR  ] 2018-04-04T18:37:06.918199827Z: [    0.670303] ACPI: PCI Interrupt Link [LNKF] (IRQs 5 *10 11)
[STDERR  ] 2018-04-04T18:37:06.918242535Z: [    0.680307] ACPI: PCI Interrupt Link [LNKG] (IRQs 5 10 *11)
[STDERR  ] 2018-04-04T18:37:06.918250992Z: [    0.687530] ACPI: PCI Interrupt Link [LNKH] (IRQs 5 10 *11)
[STDERR  ] 2018-04-04T18:37:06.918260658Z: [    0.690170] ACPI: PCI Interrupt Link [GSIA] (IRQs *16)
[STDERR  ] 2018-04-04T18:37:06.918273101Z: [    0.700026] ACPI: PCI Interrupt Link [GSIB] (IRQs *17)
[STDERR  ] 2018-04-04T18:37:06.918285369Z: [    0.706624] ACPI: PCI Interrupt Link [GSIC] (IRQs *18)
[STDERR  ] 2018-04-04T18:37:06.918306196Z: [    0.710035] ACPI: PCI Interrupt Link [GSID] (IRQs *19)
[STDERR  ] 2018-04-04T18:37:06.918314925Z: [    0.720034] ACPI: PCI Interrupt Link [GSIE] (IRQs *20)
[STDERR  ] 2018-04-04T18:37:06.918322836Z: [    0.727031] ACPI: PCI Interrupt Link [GSIF] (IRQs *21)
[STDERR  ] 2018-04-04T18:37:06.918334980Z: [    0.730037] ACPI: PCI Interrupt Link [GSIG] (IRQs *22)
[STDERR  ] 2018-04-04T18:37:06.918343338Z: [    0.740039] ACPI: PCI Interrupt Link [GSIH] (IRQs *23)
[STDERR  ] 2018-04-04T18:37:06.918351139Z: [    0.746888] SCSI subsystem initialized
[STDERR  ] 2018-04-04T18:37:06.918358835Z: [    0.750099] ACPI: bus type USB registered
[STDERR  ] 2018-04-04T18:37:06.918366422Z: [    0.755175] usbcore: registered new interface driver usbfs
[STDERR  ] 2018-04-04T18:37:06.918374185Z: [    0.760051] usbcore: registered new interface driver hub
[STDERR  ] 2018-04-04T18:37:06.918381785Z: [    0.770048] usbcore: registered new device driver usb
[STDERR  ] 2018-04-04T18:37:06.918389352Z: [    0.776389] pps_core: LinuxPPS API ver. 1 registered
[STDERR  ] 2018-04-04T18:37:06.918396992Z: [    0.780008] pps_core: Software ver. 5.3.6 - Copyright 2005-2007 Rodolfo Giometti <giometti@linux.it>
[STDERR  ] 2018-04-04T18:37:06.918409794Z: [    0.790027] PTP clock support registered
[STDERR  ] 2018-04-04T18:37:06.918429063Z: [    0.800115] PCI: Using ACPI for IRQ routing
[STDERR  ] 2018-04-04T18:37:06.918442365Z: [    1.192287] NetLabel: Initializing
[STDERR  ] 2018-04-04T18:37:06.918455023Z: [    1.196255] NetLabel:  domain hash size = 128
[STDERR  ] 2018-04-04T18:37:06.918467766Z: [    1.200006] NetLabel:  protocols = UNLABELED CIPSOv4 CALIPSO
[STDERR  ] 2018-04-04T18:37:06.918480392Z: [    1.207012] NetLabel:  unlabeled traffic allowed by default
[STDERR  ] 2018-04-04T18:37:06.918543107Z: [    1.210249] HPET: 3 timers in total, 0 timers will be used for per-cpu timer
[STDERR  ] 2018-04-04T18:37:06.918558638Z: [    1.220146] hpet0: at MMIO 0xfed00000, IRQs 2, 8, 0
[STDERR  ] 2018-04-04T18:37:06.918571231Z: [    1.230007] hpet0: 3 comparators, 64-bit 100.000000 MHz counter
[STDERR  ] 2018-04-04T18:37:06.918579193Z: [    1.242351] clocksource: Switched to clocksource kvm-clock
[STDERR  ] 2018-04-04T18:37:06.918586771Z: [    1.263308] VFS: Disk quotas dquot_6.6.0
[STDERR  ] 2018-04-04T18:37:06.918594783Z: [    1.269080] VFS: Dquot-cache hash table entries: 512 (order 0, 4096 bytes)
[STDERR  ] 2018-04-04T18:37:06.918602622Z: [    1.277958] FS-Cache: Loaded
[STDERR  ] 2018-04-04T18:37:06.918610418Z: [    1.281954] CacheFiles: Loaded
[STDERR  ] 2018-04-04T18:37:06.918618102Z: [    1.285879] pnp: PnP ACPI init
[STDERR  ] 2018-04-04T18:37:06.918625918Z: [    1.291462] pnp: PnP ACPI: found 5 devices
[STDERR  ] 2018-04-04T18:37:06.918633675Z: [    1.303445] clocksource: acpi_pm: mask: 0xffffff max_cycles: 0xffffff, max_idle_ns: 2085701024 ns
[STDERR  ] 2018-04-04T18:37:06.918645944Z: [    1.314959] NET: Registered protocol family 2
[STDERR  ] 2018-04-04T18:37:06.918654207Z: [    1.320895] TCP established hash table entries: 8192 (order: 4, 65536 bytes)
[STDERR  ] 2018-04-04T18:37:06.918666635Z: [    1.329637] TCP bind hash table entries: 8192 (order: 5, 131072 bytes)
[STDERR  ] 2018-04-04T18:37:06.918674470Z: [    1.337794] TCP: Hash tables configured (established 8192 bind 8192)
[STDERR  ] 2018-04-04T18:37:06.918686429Z: [    1.346548] UDP hash table entries: 512 (order: 2, 16384 bytes)
[STDERR  ] 2018-04-04T18:37:06.918696464Z: [    1.353969] UDP-Lite hash table entries: 512 (order: 2, 16384 bytes)
[STDERR  ] 2018-04-04T18:37:06.918706080Z: [    1.362065] NET: Registered protocol family 1
[STDERR  ] 2018-04-04T18:37:06.918715816Z: [    1.367556] pci 0000:00:01.0: Video device with shadowed ROM at [mem 0x000c0000-0x000dffff]
[STDERR  ] 2018-04-04T18:37:06.918734447Z: [    1.378453] Trying to unpack rootfs image as initramfs...
[STDERR  ] 2018-04-04T18:37:06.918748943Z: [    1.847146] Freeing initrd memory: 26940K
[STDERR  ] 2018-04-04T18:37:06.918760778Z: [    1.854572] PCLMULQDQ-NI instructions are not detected.
[STDERR  ] 2018-04-04T18:37:06.918773028Z: [    1.861194] AVX or AES-NI instructions are not detected.
[STDERR  ] 2018-04-04T18:37:06.918784841Z: [    1.867911] CPU feature 'AVX registers' is not supported.
[STDERR  ] 2018-04-04T18:37:06.918797490Z: [    1.874737] CPU feature 'AVX registers' is not supported.
[STDERR  ] 2018-04-04T18:37:06.918810018Z: [    1.881543] CPU feature 'AVX registers' is not supported.
[STDERR  ] 2018-04-04T18:37:06.918821827Z: [    1.888267] CPU feature 'AVX registers' is not supported.
[STDERR  ] 2018-04-04T18:37:06.918834284Z: [    1.895093] AVX2 or AES-NI instructions are not detected.
[STDERR  ] 2018-04-04T18:37:06.918848364Z: [    1.902194] AVX2 instructions are not detected.
[STDERR  ] 2018-04-04T18:37:06.918863388Z: [    1.908443] workingset: timestamp_bits=46 max_order=18 bucket_order=0
[STDERR  ] 2018-04-04T18:37:06.918875163Z: [    1.916796] squashfs: version 4.0 (2009/01/31) Phillip Lougher
[STDERR  ] 2018-04-04T18:37:06.918887761Z: [    1.924329] FS-Cache: Netfs 'cifs' registered for caching
[STDERR  ] 2018-04-04T18:37:06.918895598Z: [    1.931053] fuse init (API version 7.26)
[STDERR  ] 2018-04-04T18:37:06.918903397Z: [    1.936047] SGI XFS with ACLs, security attributes, no debug enabled
[STDERR  ] 2018-04-04T18:37:06.918911171Z: [    1.944176] 9p: Installing v9fs 9p2000 file system support
[STDERR  ] 2018-04-04T18:37:06.918918854Z: [    1.951203] FS-Cache: Netfs '9p' registered for caching
[STDERR  ] 2018-04-04T18:37:06.918926581Z: [    1.958959] NET: Registered protocol family 38
[STDERR  ] 2018-04-04T18:37:06.918937225Z: [    1.964640] Key type asymmetric registered
[STDERR  ] 2018-04-04T18:37:06.918944914Z: [    1.969683] Asymmetric key parser 'x509' registered
[STDERR  ] 2018-04-04T18:37:06.918952611Z: [    1.975938] Block layer SCSI generic (bsg) driver version 0.4 loaded (major 247)
[STDERR  ] 2018-04-04T18:37:06.918965082Z: [    1.985475] io scheduler noop registered
[STDERR  ] 2018-04-04T18:37:06.918972935Z: [    1.990499] io scheduler deadline registered (default)
[STDERR  ] 2018-04-04T18:37:06.918980805Z: [    1.997105] io scheduler cfq registered
[STDERR  ] 2018-04-04T18:37:06.918991454Z: [    2.002127] io scheduler mq-deadline registered (default)
[STDERR  ] 2018-04-04T18:37:06.919001532Z: [    2.008837] io scheduler kyber registered
[STDERR  ] 2018-04-04T18:37:06.919009246Z: [    2.014273] shpchp: Standard Hot Plug PCI Controller Driver version: 0.4
[STDERR  ] 2018-04-04T18:37:06.919017015Z: [    2.022905] hv_vmbus: registering driver hyperv_fb
[STDERR  ] 2018-04-04T18:37:06.919027809Z: [    2.029045] input: Power Button as /devices/LNXSYSTM:00/LNXPWRBN:00/input/input0
[STDERR  ] 2018-04-04T18:37:06.919035750Z: [    2.038387] ACPI: Power Button [PWRF]
[STDERR  ] 2018-04-04T18:37:06.919043485Z: [    2.043855] ACPI: PCI Interrupt Link [GSIG] enabled at IRQ 22
[STDERR  ] 2018-04-04T18:37:06.919056298Z: [    2.056864] ACPI: PCI Interrupt Link [GSIH] enabled at IRQ 23
[STDERR  ] 2018-04-04T18:37:06.919069462Z: [    2.070126] Serial: 8250/16550 driver, 4 ports, IRQ sharing disabled
[STDERR  ] 2018-04-04T18:37:06.919082046Z: [    2.112298] 00:04: ttyS0 at I/O 0x3f8 (irq = 4, base_baud = 115200) is a 16550A
[STDERR  ] 2018-04-04T18:37:06.919099136Z: [    2.122944] Non-volatile memory driver v1.3
[STDERR  ] 2018-04-04T18:37:06.919108002Z: [    2.130426] Hangcheck: starting hangcheck timer 0.9.1 (tick is 180 seconds, margin is 60 seconds).
[STDERR  ] 2018-04-04T18:37:06.919118079Z: [    2.141648] random: crng init done
[STDERR  ] 2018-04-04T18:37:06.919125927Z: [    2.149342] brd: module loaded
[STDERR  ] 2018-04-04T18:37:06.919134253Z: [    2.156091] loop: module loaded
[STDERR  ] 2018-04-04T18:37:06.919141942Z: [    2.163679] lpc_ich 0000:00:1f.0: I/O space for GPIO uninitialized
[STDERR  ] 2018-04-04T18:37:06.919149695Z: [    2.171606] VMware PVSCSI driver - version 1.0.7.0-k
[STDERR  ] 2018-04-04T18:37:06.919157396Z: [    2.177938] hv_vmbus: registering driver hv_storvsc
[STDERR  ] 2018-04-04T18:37:06.919165047Z: [    2.184624] ACPI: PCI Interrupt Link [GSIA] enabled at IRQ 16
[STDERR  ] 2018-04-04T18:37:06.919178865Z: [    2.194808] ahci 0000:00:1f.2: AHCI 0001.0000 32 slots 6 ports 1.5 Gbps 0x3f impl SATA mode
[STDERR  ] 2018-04-04T18:37:06.919187136Z: [    2.205473] ahci 0000:00:1f.2: flags: 64bit ncq only 
[STDERR  ] 2018-04-04T18:37:06.919194907Z: [    2.215318] scsi host0: ahci
[STDERR  ] 2018-04-04T18:37:06.919209513Z: [    2.219157] scsi host1: ahci
[STDERR  ] 2018-04-04T18:37:06.919217705Z: [    2.223081] scsi host2: ahci
[STDERR  ] 2018-04-04T18:37:06.919225535Z: [    2.226783] scsi host3: ahci
[STDERR  ] 2018-04-04T18:37:06.919233158Z: [    2.230717] scsi host4: ahci
[STDERR  ] 2018-04-04T18:37:06.919240719Z: [    2.234450] scsi host5: ahci
[STDERR  ] 2018-04-04T18:37:06.919248316Z: [    2.238457] ata1: SATA max UDMA/133 abar m4096@0xfebd2000 port 0xfebd2100 irq 24
[STDERR  ] 2018-04-04T18:37:06.919256295Z: [    2.247702] ata2: SATA max UDMA/133 abar m4096@0xfebd2000 port 0xfebd2180 irq 24
[STDERR  ] 2018-04-04T18:37:06.919264065Z: [    2.257079] ata3: SATA max UDMA/133 abar m4096@0xfebd2000 port 0xfebd2200 irq 24
[STDERR  ] 2018-04-04T18:37:06.919271771Z: [    2.266680] ata4: SATA max UDMA/133 abar m4096@0xfebd2000 port 0xfebd2280 irq 24
[STDERR  ] 2018-04-04T18:37:06.919283439Z: [    2.275841] ata5: SATA max UDMA/133 abar m4096@0xfebd2000 port 0xfebd2300 irq 24
[STDERR  ] 2018-04-04T18:37:06.919293199Z: [    2.285265] ata6: SATA max UDMA/133 abar m4096@0xfebd2000 port 0xfebd2380 irq 24
[STDERR  ] 2018-04-04T18:37:06.919300784Z: [    2.296403] tun: Universal TUN/TAP device driver, 1.6
[STDERR  ] 2018-04-04T18:37:06.919313676Z: [    2.307193] VMware vmxnet3 virtual NIC driver - version 1.4.a.0-k-NAPI
[STDERR  ] 2018-04-04T18:37:06.919321660Z: [    2.315516] hv_vmbus: registering driver hv_netvsc
[STDERR  ] 2018-04-04T18:37:06.919333886Z: [    2.321656] Fusion MPT base driver 3.04.20
[STDERR  ] 2018-04-04T18:37:06.919341673Z: [    2.326702] Copyright (c) 1999-2008 LSI Corporation
[STDERR  ] 2018-04-04T18:37:06.919349357Z: [    2.332805] Fusion MPT SPI Host driver 3.04.20
[STDERR  ] 2018-04-04T18:37:06.919359230Z: [    2.338322] i8042: PNP: PS/2 Controller [PNP0303:KBD,PNP0f13:MOU] at 0x60,0x64 irq 1,12
[STDERR  ] 2018-04-04T18:37:06.919367203Z: [    2.352025] serio: i8042 KBD port at 0x60,0x64 irq 1
[STDERR  ] 2018-04-04T18:37:06.919374913Z: [    2.358363] serio: i8042 AUX port at 0x60,0x64 irq 12
[STDERR  ] 2018-04-04T18:37:06.919384724Z: [    2.365047] hv_vmbus: registering driver hyperv_keyboard
[STDERR  ] 2018-04-04T18:37:06.919392346Z: [    2.371765] mousedev: PS/2 mouse device common for all mice
[STDERR  ] 2018-04-04T18:37:06.919400127Z: [    2.379931] input: AT Translated Set 2 keyboard as /devices/platform/i8042/serio0/input/input1
[STDERR  ] 2018-04-04T18:37:06.919407900Z: [    2.390869] input: PC Speaker as /devices/platform/pcspkr/input/input2
[STDERR  ] 2018-04-04T18:37:06.919418974Z: [    2.399246] rtc_cmos 00:00: RTC can wake from S4
[STDERR  ] 2018-04-04T18:37:06.919426879Z: [    2.407236] rtc_cmos 00:00: rtc core: registered rtc_cmos as rtc0
[STDERR  ] 2018-04-04T18:37:06.919434761Z: [    2.415706] rtc_cmos 00:00: alarms up to one day, y3k, 114 bytes nvram, hpet irqs
[STDERR  ] 2018-04-04T18:37:06.919444438Z: [    2.424952] i2c /dev entries driver
[STDERR  ] 2018-04-04T18:37:06.919452169Z: [    2.429620] device-mapper: ioctl: 4.37.0-ioctl (2017-09-20) initialised: dm-devel@redhat.com
[STDERR  ] 2018-04-04T18:37:06.919460023Z: [    2.441304] usbcore: registered new interface driver usbhid
[STDERR  ] 2018-04-04T18:37:06.919467938Z: [    2.448551] usbhid: USB HID core driver
[STDERR  ] 2018-04-04T18:37:06.919475834Z: [    2.453847] hv_utils: Registering HyperV Utility Driver
[STDERR  ] 2018-04-04T18:37:06.919483480Z: [    2.460482] hv_vmbus: registering driver hv_util
[STDERR  ] 2018-04-04T18:37:06.919493170Z: [    2.466288] hv_vmbus: registering driver hv_balloon
[STDERR  ] 2018-04-04T18:37:06.919509665Z: [    2.472494] oprofile: using NMI interrupt.
[STDERR  ] 2018-04-04T18:37:06.919521387Z: [    2.477634] GACT probability on
[STDERR  ] 2018-04-04T18:37:06.919538130Z: [    2.481646] Mirror/redirect action on
[STDERR  ] 2018-04-04T18:37:06.919554895Z: [    2.486298] Simple TC action Loaded
[STDERR  ] 2018-04-04T18:37:06.919563417Z: [    2.490699] u32 classifier
[STDERR  ] 2018-04-04T18:37:06.919571204Z: [    2.494074]     Performance counters on
[STDERR  ] 2018-04-04T18:37:06.919578859Z: [    2.498915]     input device check on
[STDERR  ] 2018-04-04T18:37:06.919586477Z: [    2.503545]     Actions configured
[STDERR  ] 2018-04-04T18:37:06.919594139Z: [    2.507794] Netfilter messages via NETLINK v0.30.
[STDERR  ] 2018-04-04T18:37:06.919601917Z: [    2.514163] nfnl_acct: registering with nfnetlink.
[STDERR  ] 2018-04-04T18:37:06.919609704Z: [    2.520437] nf_conntrack version 0.5.0 (8192 buckets, 32768 max)
[STDERR  ] 2018-04-04T18:37:06.919622508Z: [    2.528362] ctnetlink v0.93: registering with nfnetlink.
[STDERR  ] 2018-04-04T18:37:06.919632779Z: [    2.535306] nf_tables: (c) 2007-2009 Patrick McHardy <kaber@trash.net>
[STDERR  ] 2018-04-04T18:37:06.919643415Z: [    2.543707] nf_tables_compat: (c) 2012 Pablo Neira Ayuso <pablo@netfilter.org>
[STDERR  ] 2018-04-04T18:37:06.919651335Z: [    2.553011] xt_time: kernel timezone is -0000
[STDERR  ] 2018-04-04T18:37:06.919659132Z: [    2.558841] ip_set: protocol 6
[STDERR  ] 2018-04-04T18:37:06.919666978Z: [    2.562701] IPVS: Registered protocols (TCP, UDP, SCTP, AH, ESP)
[STDERR  ] 2018-04-04T18:37:06.919674740Z: [    2.570559] IPVS: Connection hash table configured (size=4096, memory=64Kbytes)
[STDERR  ] 2018-04-04T18:37:06.919682396Z: [    2.580085] IPVS: ipvs loaded.
[STDERR  ] 2018-04-04T18:37:06.919690051Z: [    2.583988] IPVS: [rr] scheduler registered.
[STDERR  ] 2018-04-04T18:37:06.919701494Z: [    2.589875] IPVS: [wrr] scheduler registered.
[STDERR  ] 2018-04-04T18:37:06.919721001Z: [    2.595675] IPVS: [lc] scheduler registered.
[STDERR  ] 2018-04-04T18:37:06.919734351Z: [    2.601150] IPVS: [wlc] scheduler registered.
[STDERR  ] 2018-04-04T18:37:06.919743155Z: [    2.606891] IPVS: [fo] scheduler registered.
[STDERR  ] 2018-04-04T18:37:06.919751078Z: [    2.612568] IPVS: [ovf] scheduler registered.
[STDERR  ] 2018-04-04T18:37:06.919758836Z: [    2.618308] IPVS: [lblc] scheduler registered.
[STDERR  ] 2018-04-04T18:37:06.919766495Z: [    2.624448] ata3: SATA link up 1.5 Gbps (SStatus 113 SControl 300)
[STDERR  ] 2018-04-04T18:37:06.919774380Z: [    2.633016] ata2: SATA link down (SStatus 0 SControl 300)
[STDERR  ] 2018-04-04T18:37:06.919782125Z: [    2.640539] ata1: SATA link down (SStatus 0 SControl 300)
[STDERR  ] 2018-04-04T18:37:06.919792065Z: [    2.647931] ata6: SATA link down (SStatus 0 SControl 300)
[STDERR  ] 2018-04-04T18:37:06.919802034Z: [    2.655458] ata5: SATA link down (SStatus 0 SControl 300)
[STDERR  ] 2018-04-04T18:37:06.919809685Z: [    2.662977] ata4: SATA link down (SStatus 0 SControl 300)
[STDERR  ] 2018-04-04T18:37:06.919822842Z: [    2.669945] IPVS: [lblcr] scheduler registered.
[STDERR  ] 2018-04-04T18:37:06.919834247Z: [    2.675672] ata3.00: ATAPI: QEMU DVD-ROM, 2.5+, max UDMA/100
[STDERR  ] 2018-04-04T18:37:06.919843986Z: [    2.682701] ata3.00: applying bridge limits
[STDERR  ] 2018-04-04T18:37:06.919863953Z: [    2.688164] IPVS: [dh] scheduler registered.
[STDERR  ] 2018-04-04T18:37:06.919880110Z: [    2.693659] IPVS: [sh] scheduler registered.
[STDERR  ] 2018-04-04T18:37:06.919892452Z: [    2.698973] IPVS: [sed] scheduler registered.
[STDERR  ] 2018-04-04T18:37:06.919905492Z: [    2.705023] ata3.00: configured for UDMA/100
[STDERR  ] 2018-04-04T18:37:06.919914137Z: [    2.711058] IPVS: [nq] scheduler registered.
[STDERR  ] 2018-04-04T18:37:06.919921953Z: [    2.716397] IPVS: ftp: loaded support on port[0] = 21
[STDERR  ] 2018-04-04T18:37:06.919929850Z: [    2.723597] scsi 2:0:0:0: CD-ROM            QEMU     QEMU DVD-ROM     2.5+ PQ: 0 ANSI: 5
[STDERR  ] 2018-04-04T18:37:06.919940415Z: [    2.735212] ipip: IPv4 and MPLS over IPv4 tunneling driver
[STDERR  ] 2018-04-04T18:37:06.919951699Z: [    2.742407] gre: GRE over IPv4 demultiplexor driver
[STDERR  ] 2018-04-04T18:37:06.919959492Z: [    2.748682] ip_tables: (C) 2000-2006 Netfilter Core Team
[STDERR  ] 2018-04-04T18:37:06.919967128Z: [    2.755541] ipt_CLUSTERIP: ClusterIP Version 0.8 loaded successfully
[STDERR  ] 2018-04-04T18:37:06.919974881Z: [    2.763389] arp_tables: arp_tables: (C) 2002 David S. Miller
[STDERR  ] 2018-04-04T18:37:06.919982602Z: [    2.770450] NET: Registered protocol family 10
[STDERR  ] 2018-04-04T18:37:06.919995005Z: [    2.776254] Segment Routing with IPv6
[STDERR  ] 2018-04-04T18:37:06.920002750Z: [    2.781571] sr 2:0:0:0: [sr0] scsi3-mmc drive: 4x/4x cd/rw xa/form2 tray
[STDERR  ] 2018-04-04T18:37:06.920012368Z: [    2.790169] cdrom: Uniform CD-ROM driver Revision: 3.20
[STDERR  ] 2018-04-04T18:37:06.920020545Z: [    2.796728] ip6_tables: (C) 2000-2006 Netfilter Core Team
[STDERR  ] 2018-04-04T18:37:06.920028326Z: [    2.803861] NET: Registered protocol family 17
[STDERR  ] 2018-04-04T18:37:06.920035960Z: [    2.809401] Bridge firewalling registered
[STDERR  ] 2018-04-04T18:37:06.920043526Z: [    2.815007] sr 2:0:0:0: Attached scsi generic sg0 type 5
[STDERR  ] 2018-04-04T18:37:06.920053363Z: [    2.821978] Ebtables v2.0 registered
[STDERR  ] 2018-04-04T18:37:06.920061084Z: [    2.826540] 8021q: 802.1Q VLAN Support v1.8
[STDERR  ] 2018-04-04T18:37:06.920068771Z: [    2.831895] 9pnet: Installing 9P2000 support
[STDERR  ] 2018-04-04T18:37:06.920076367Z: [    2.837261] Key type dns_resolver registered
[STDERR  ] 2018-04-04T18:37:06.920086438Z: [    2.842898] registered taskstats version 1
[STDERR  ] 2018-04-04T18:37:06.920094544Z: [    2.854128] Key type big_key registered
[STDERR  ] 2018-04-04T18:37:06.920102040Z: [    2.862107] Key type trusted registered
[STDERR  ] 2018-04-04T18:37:06.920109640Z: [    2.869963] Key type encrypted registered
[STDERR  ] 2018-04-04T18:37:06.920124191Z: [    2.875051] ima: No TPM chip found, activating TPM-bypass! (rc=-19)
[STDERR  ] 2018-04-04T18:37:06.920132147Z: [    2.883517] evm: HMAC attrs: 0x1
[STDERR  ] 2018-04-04T18:37:06.920139906Z: [    2.889290] rtc_cmos 00:00: setting system clock to 2018-04-04 18:37:01 UTC (1522867021)
[STDERR  ] 2018-04-04T18:37:06.920149956Z: [    2.903826] Freeing unused kernel memory: 1516K
[STDERR  ] 2018-04-04T18:37:06.920157709Z: [    2.909683] Write protecting the kernel read-only data: 18432k
[STDERR  ] 2018-04-04T18:37:06.920165549Z: [    2.917967] Freeing unused kernel memory: 2024K
[STDERR  ] 2018-04-04T18:37:06.920173100Z: [    2.927331] Freeing unused kernel memory: 1084K
[STDERR  ] 2018-04-04T18:37:06.920182731Z: 
[STDERR  ] 2018-04-04T18:37:06.920190449Z: Welcome to LinuxKit
[STDERR  ] 2018-04-04T18:37:06.920198058Z: 
[STDERR  ] 2018-04-04T18:37:06.920212293Z:                         ##         .
[STDERR  ] 2018-04-04T18:37:06.920220074Z:                   ## ## ##        ==
[STDERR  ] 2018-04-04T18:37:06.920227661Z:                ## ## ## ## ##    ===
[STDERR  ] 2018-04-04T18:37:06.920247601Z:            /"""""""""""""""""\___/ ===
[STDERR  ] 2018-04-04T18:37:06.920255737Z:           {                       /  ===-
[STDERR  ] 2018-04-04T18:37:06.920263308Z:            \______ O           __/
[STDERR  ] 2018-04-04T18:37:06.920273699Z:              \    \         __/
[STDERR  ] 2018-04-04T18:37:06.920281457Z:               \____\_______/
[STDERR  ] 2018-04-04T18:37:06.920289019Z: 
[STDERR  ] 2018-04-04T18:37:06.920296619Z: [    3.749803] RPC: Registered named UNIX socket transport module.
[STDERR  ] 2018-04-04T18:37:06.920308090Z: [    3.757373] RPC: Registered udp transport module.
[STDERR  ] 2018-04-04T18:37:06.920316534Z: [    3.763305] RPC: Registered tcp transport module.
[STDERR  ] 2018-04-04T18:37:06.920327572Z: [    3.769262] RPC: Registered tcp NFSv4.1 backchannel transport module.
[STDERR  ] 2018-04-04T18:37:06.920335539Z: [    3.782588] FS-Cache: Netfs 'nfs' registered for caching
[STDERR  ] 2018-04-04T18:37:06.920343330Z: [    3.793819] Installing knfsd (copyright (C) 1996 okir@monad.swb.de).
[STDERR  ] 2018-04-04T18:37:06.920351147Z: [    3.802521] ntfs: driver 2.1.32 [Flags: R/O MODULE].
[STDERR  ] 2018-04-04T18:37:06.920358872Z: starting kernel config sanity test with /proc/config.gz
[STDERR  ] 2018-04-04T18:37:06.920366652Z: kernel config test succeeded!
[STDERR  ] 2018-04-04T18:37:06.920374345Z: [37minfo: reading kernel config from /proc/config.gz ...[m
[STDERR  ] 2018-04-04T18:37:06.920385045Z: 
[STDERR  ] 2018-04-04T18:37:06.920392719Z: Generally Necessary:
[STDERR  ] 2018-04-04T18:37:06.920400408Z: - [37mcgroup hierarchy[m: [32mproperly mounted[m [/sys/fs/cgroup]
[STDERR  ] 2018-04-04T18:37:06.920408017Z: - [37mCONFIG_NAMESPACES[m: [32menabled[m
[STDERR  ] 2018-04-04T18:37:06.920415606Z: - [37mCONFIG_NET_NS[m: [32menabled[m
[STDERR  ] 2018-04-04T18:37:06.920423209Z: - [37mCONFIG_PID_NS[m: [32menabled[m
[STDERR  ] 2018-04-04T18:37:06.920433108Z: - [37mCONFIG_IPC_NS[m: [32menabled[m
[STDERR  ] 2018-04-04T18:37:06.920441140Z: - [37mCONFIG_UTS_NS[m: [32menabled[m
[STDERR  ] 2018-04-04T18:37:06.920448857Z: - [37mCONFIG_CGROUPS[m: [32menabled[m
[STDERR  ] 2018-04-04T18:37:06.920456366Z: - [37mCONFIG_CGROUP_CPUACCT[m: [32menabled[m
[STDERR  ] 2018-04-04T18:37:06.920463988Z: - [37mCONFIG_CGROUP_DEVICE[m: [32menabled[m
[STDERR  ] 2018-04-04T18:37:06.920471526Z: - [37mCONFIG_CGROUP_FREEZER[m: [32menabled[m
[STDERR  ] 2018-04-04T18:37:06.920483222Z: - [37mCONFIG_CGROUP_SCHED[m: [32menabled[m
[STDERR  ] 2018-04-04T18:37:06.920492760Z: - [37mCONFIG_CPUSETS[m: [32menabled[m
[STDERR  ] 2018-04-04T18:37:06.920500669Z: - [37mCONFIG_MEMCG[m: [32menabled[m
[STDERR  ] 2018-04-04T18:37:06.920508155Z: - [37mCONFIG_KEYS[m: [32menabled[m
[STDERR  ] 2018-04-04T18:37:06.920515824Z: - [37mCONFIG_VETH[m: [32menabled[m
[STDERR  ] 2018-04-04T18:37:06.920523495Z: - [37mCONFIG_BRIDGE[m: [32menabled[m
[STDERR  ] 2018-04-04T18:37:06.920535197Z: - [37mCONFIG_BRIDGE_NETFILTER[m: [32menabled[m
[STDERR  ] 2018-04-04T18:37:06.920543014Z: - [37mCONFIG_NF_NAT_IPV4[m: [32menabled[m
[STDERR  ] 2018-04-04T18:37:06.921114309Z: - [37mCONFIG_IP_NF_FILTER[m: [32menabled[m
[STDERR  ] 2018-04-04T18:37:06.921152667Z: - [37mCONFIG_IP_NF_TARGET_MASQUERADE[m: [32menabled[m
[STDERR  ] 2018-04-04T18:37:06.921196477Z: - [37mCONFIG_NETFILTER_XT_MATCH_ADDRTYPE[m: [32menabled[m
[STDERR  ] 2018-04-04T18:37:06.921241804Z: - [37mCONFIG_NETFILTER_XT_MATCH_CONNTRACK[m: [32menabled[m
[STDERR  ] 2018-04-04T18:37:06.921284412Z: - [37mCONFIG_NETFILTER_XT_MATCH_IPVS[m: [32menabled[m
[STDERR  ] 2018-04-04T18:37:06.921316025Z: - [37mCONFIG_IP_NF_NAT[m: [32menabled[m
[STDERR  ] 2018-04-04T18:37:06.921345391Z: - [37mCONFIG_NF_NAT[m: [32menabled[m
[STDERR  ] 2018-04-04T18:37:06.921389732Z: - [37mCONFIG_NF_NAT_NEEDED[m: [32menabled[m
[STDERR  ] 2018-04-04T18:37:06.921418245Z: - [37mCONFIG_POSIX_MQUEUE[m: [32menabled[m
[STDERR  ] 2018-04-04T18:37:06.921458836Z: 
[STDERR  ] 2018-04-04T18:37:06.921498110Z: Optional Features:
[STDERR  ] 2018-04-04T18:37:06.921558266Z: - [37mCONFIG_USER_NS[m: [32menabled[m
[STDERR  ] 2018-04-04T18:37:06.921591346Z: - [37mCONFIG_SECCOMP[m: [32menabled[m
[STDERR  ] 2018-04-04T18:37:06.921638623Z: - [37mCONFIG_CGROUP_PIDS[m: [32menabled[m
[STDERR  ] 2018-04-04T18:37:06.921666752Z: - [37mCONFIG_MEMCG_SWAP[m: [32menabled[m
[STDERR  ] 2018-04-04T18:37:06.921716261Z: - [37mCONFIG_MEMCG_SWAP_ENABLED[m: [32menabled[m
[STDERR  ] 2018-04-04T18:37:06.921750644Z:     [1;30m(cgroup swap accounting is currently enabled)[m
[STDERR  ] 2018-04-04T18:37:06.921796926Z: - [1mCONFIG_LEGACY_VSYSCALL_NONE[m: [1;31menabled[m
[STDERR  ] 2018-04-04T18:37:06.921833379Z:     [1;30m(containers using eglibc <= 2.13 will not work. Switch to[m
[STDERR  ] 2018-04-04T18:37:06.921880847Z:     [1;30m "CONFIG_VSYSCALL_[NATIVE|EMULATE]" or use "vsyscall=[native|emulate]"[m
[STDERR  ] 2018-04-04T18:37:06.921920198Z:     [1;30m on kernel command line. Note that this will disable ASLR for the,[m
[STDERR  ] 2018-04-04T18:37:06.921966722Z:     [1;30m VDSO which may assist in exploiting security vulnerabilities.)[m
[STDERR  ] 2018-04-04T18:37:06.921998553Z: - [37mCONFIG_BLK_CGROUP[m: [32menabled[m
[STDERR  ] 2018-04-04T18:37:06.922046660Z: - [37mCONFIG_BLK_DEV_THROTTLING[m: [32menabled[m
[STDERR  ] 2018-04-04T18:37:06.922077488Z: - [37mCONFIG_IOSCHED_CFQ[m: [32menabled[m
[STDERR  ] 2018-04-04T18:37:06.922123492Z: - [37mCONFIG_CFQ_GROUP_IOSCHED[m: [32menabled[m
[STDERR  ] 2018-04-04T18:37:06.922165748Z: - [37mCONFIG_CGROUP_PERF[m: [32menabled[m
[STDERR  ] 2018-04-04T18:37:06.922223849Z: - [37mCONFIG_CGROUP_HUGETLB[m: [32menabled[m
[STDERR  ] 2018-04-04T18:37:06.922264050Z: - [37mCONFIG_NET_CLS_CGROUP[m: [32menabled[m
[STDERR  ] 2018-04-04T18:37:06.922314525Z: - [37mCONFIG_CGROUP_NET_PRIO[m: [32menabled[m
[STDERR  ] 2018-04-04T18:37:06.922345430Z: - [37mCONFIG_CFS_BANDWIDTH[m: [32menabled[m
[STDERR  ] 2018-04-04T18:37:06.922392809Z: - [37mCONFIG_FAIR_GROUP_SCHED[m: [32menabled[m
[STDERR  ] 2018-04-04T18:37:06.922423679Z: - [37mCONFIG_RT_GROUP_SCHED[m: [32menabled[m
[STDERR  ] 2018-04-04T18:37:06.922472663Z: - [37mCONFIG_IP_VS[m: [32menabled[m
[STDERR  ] 2018-04-04T18:37:06.922516320Z: - [37mCONFIG_IP_VS_NFCT[m: [32menabled[m
[STDERR  ] 2018-04-04T18:37:06.922564056Z: - [37mCONFIG_IP_VS_RR[m: [32menabled[m
[STDERR  ] 2018-04-04T18:37:06.922593526Z: - [37mCONFIG_EXT4_FS[m: [32menabled[m
[STDERR  ] 2018-04-04T18:37:06.922620149Z: - [37mCONFIG_EXT4_FS_POSIX_ACL[m: [32menabled[m
[STDERR  ] 2018-04-04T18:37:06.922662687Z: - [37mCONFIG_EXT4_FS_SECURITY[m: [32menabled[m
[STDERR  ] 2018-04-04T18:37:06.922688024Z: - Network Drivers:
[STDERR  ] 2018-04-04T18:37:06.922730332Z:   - "[34moverlay[m":
[STDERR  ] 2018-04-04T18:37:06.922757836Z:     - [37mCONFIG_VXLAN[m: [32menabled[m
[STDERR  ] 2018-04-04T18:37:06.922784185Z:       Optional (for encrypted networks):
[STDERR  ] 2018-04-04T18:37:06.922846702Z:       - [37mCONFIG_CRYPTO[m: [32menabled[m
[STDERR  ] 2018-04-04T18:37:06.922893553Z:       - [37mCONFIG_CRYPTO_AEAD[m: [32menabled[m
[STDERR  ] 2018-04-04T18:37:06.922922104Z:       - [37mCONFIG_CRYPTO_GCM[m: [32menabled[m
[STDERR  ] 2018-04-04T18:37:06.922947346Z:       - [37mCONFIG_CRYPTO_SEQIV[m: [32menabled[m
[STDERR  ] 2018-04-04T18:37:06.922997064Z:       - [37mCONFIG_CRYPTO_GHASH[m: [32menabled[m
[STDERR  ] 2018-04-04T18:37:06.923024126Z:       - [37mCONFIG_XFRM[m: [32menabled[m
[STDERR  ] 2018-04-04T18:37:06.923066283Z:       - [37mCONFIG_XFRM_USER[m: [32menabled (as module)[m
[STDERR  ] 2018-04-04T18:37:06.923093385Z:       - [37mCONFIG_XFRM_ALGO[m: [32menabled (as module)[m
[STDERR  ] 2018-04-04T18:37:06.923132125Z:       - [37mCONFIG_INET_ESP[m: [32menabled (as module)[m
[STDERR  ] 2018-04-04T18:37:06.923159343Z:       - [37mCONFIG_INET_XFRM_MODE_TRANSPORT[m: [32menabled (as module)[m
[STDERR  ] 2018-04-04T18:37:06.923185189Z:   - "[34mipvlan[m":
[STDERR  ] 2018-04-04T18:37:06.923231970Z:     - [37mCONFIG_IPVLAN[m: [32menabled[m
[STDERR  ] 2018-04-04T18:37:06.923268303Z:   - "[34mmacvlan[m":
[STDERR  ] 2018-04-04T18:37:06.923312792Z:     - [37mCONFIG_MACVLAN[m: [32menabled[m
[STDERR  ] 2018-04-04T18:37:06.923339746Z:     - [37mCONFIG_DUMMY[m: [32menabled (as module)[m
[STDERR  ] 2018-04-04T18:37:06.923380357Z:   - "[34mftp,tftp client in container[m":
[STDERR  ] 2018-04-04T18:37:06.923408318Z:     - [37mCONFIG_NF_NAT_FTP[m: [32menabled[m
[STDERR  ] 2018-04-04T18:37:06.923435036Z:     - [37mCONFIG_NF_CONNTRACK_FTP[m: [32menabled[m
[STDERR  ] 2018-04-04T18:37:06.923475816Z:     - [37mCONFIG_NF_NAT_TFTP[m: [32menabled[m
[STDERR  ] 2018-04-04T18:37:06.923503634Z:     - [37mCONFIG_NF_CONNTRACK_TFTP[m: [32menabled[m
[STDERR  ] 2018-04-04T18:37:06.923552784Z: - Storage Drivers:
[STDERR  ] 2018-04-04T18:37:06.923585339Z:   - "[34maufs[m":
[STDERR  ] 2018-04-04T18:37:06.923635575Z:     - [1mCONFIG_AUFS_FS[m: [1;31mmissing[m
[STDERR  ] 2018-04-04T18:37:06.923664968Z:   - "[34mbtrfs[m":
[STDERR  ] 2018-04-04T18:37:06.923691728Z:     - [37mCONFIG_BTRFS_FS[m: [32menabled (as module)[m
[STDERR  ] 2018-04-04T18:37:06.923732783Z:     - [37mCONFIG_BTRFS_FS_POSIX_ACL[m: [32menabled[m
[STDERR  ] 2018-04-04T18:37:06.923761606Z:   - "[34mdevicemapper[m":
[STDERR  ] 2018-04-04T18:37:06.923810626Z:     - [37mCONFIG_BLK_DEV_DM[m: [32menabled[m
[STDERR  ] 2018-04-04T18:37:06.923837944Z:     - [37mCONFIG_DM_THIN_PROVISIONING[m: [32menabled[m
[STDERR  ] 2018-04-04T18:37:06.923877789Z:   - "[34moverlay[m":
[STDERR  ] 2018-04-04T18:37:06.923905872Z:     - [37mCONFIG_OVERLAY_FS[m: [32menabled[m
[STDERR  ] 2018-04-04T18:37:06.923954843Z:   - "[34mzfs[m":
[STDERR  ] 2018-04-04T18:37:06.923983498Z:     - [1m/dev/zfs[m: [1;31mmissing[m
[STDERR  ] 2018-04-04T18:37:06.924010729Z:     - [1mzfs command[m: [1;31mmissing[m
[STDERR  ] 2018-04-04T18:37:06.924051093Z:     - [1mzpool command[m: [1;31mmissing[m
[STDERR  ] 2018-04-04T18:37:06.924077999Z: 
[STDERR  ] 2018-04-04T18:37:06.924118560Z: Limits:
[STDERR  ] 2018-04-04T18:37:06.924147647Z: [37m- /proc/sys/kernel/keys/root_maxkeys[m: [32m1000000[m
[STDERR  ] 2018-04-04T18:37:06.924173542Z: 
[STDERR  ] 2018-04-04T18:37:06.924220433Z: Kernel config test suite PASSED
[STDERR  ] 2018-04-04T18:37:06.924249580Z: [    7.990848] ACPI: Preparing to enter system sleep state S5
[STDERR  ] 2018-04-04T18:37:06.928719591Z: [    7.997541] reboot: Power down
[STDERR  ] 2018-04-04T18:37:06.928757233Z: + echo [    0.000000] Linux version 4.15.15-linuxkit (root@1addec4162a6) (gcc version 6.4.0 (Alpine 6.4.0)) #1 SMP Sun Apr 1 17:00:39 UTC 2018
[STDERR  ] 2018-04-04T18:37:06.928792198Z: [    0.000000] Command line: console=ttyS0 console=ttyAMA0
[STDERR  ] 2018-04-04T18:37:06.928826243Z: [    0.000000] x86/fpu: x87 FPU will use FXSAVE
[STDERR  ] 2018-04-04T18:37:06.928865994Z: [    0.000000] e820: BIOS-provided physical RAM map:
[STDERR  ] 2018-04-04T18:37:06.928896296Z: [    0.000000] BIOS-e820: [mem 0x0000000000000000-0x000000000009fbff] usable
[STDERR  ] 2018-04-04T18:37:06.928940625Z: [    0.000000] BIOS-e820: [mem 0x000000000009fc00-0x000000000009ffff] reserved
[STDERR  ] 2018-04-04T18:37:06.928973328Z: [    0.000000] BIOS-e820: [mem 0x00000000000f0000-0x00000000000fffff] reserved
[STDERR  ] 2018-04-04T18:37:06.929022015Z: [    0.000000] BIOS-e820: [mem 0x0000000000100000-0x000000003ffdefff] usable
[STDERR  ] 2018-04-04T18:37:06.929051534Z: [    0.000000] BIOS-e820: [mem 0x000000003ffdf000-0x000000003fffffff] reserved
[STDERR  ] 2018-04-04T18:37:06.929081106Z: [    0.000000] BIOS-e820: [mem 0x00000000b0000000-0x00000000bfffffff] reserved
[STDERR  ] 2018-04-04T18:37:06.929110434Z: [    0.000000] BIOS-e820: [mem 0x00000000fed1c000-0x00000000fed1ffff] reserved
[STDERR  ] 2018-04-04T18:37:06.929144788Z: [    0.000000] BIOS-e820: [mem 0x00000000feffc000-0x00000000feffffff] reserved
[STDERR  ] 2018-04-04T18:37:06.929175050Z: [    0.000000] BIOS-e820: [mem 0x00000000fffc0000-0x00000000ffffffff] reserved
[STDERR  ] 2018-04-04T18:37:06.929209467Z: [    0.000000] NX (Execute Disable) protection: active
[STDERR  ] 2018-04-04T18:37:06.929247359Z: [    0.000000] random: fast init done
[STDERR  ] 2018-04-04T18:37:06.929280278Z: [    0.000000] SMBIOS 2.8 present.
[STDERR  ] 2018-04-04T18:37:06.929312095Z: [    0.000000] DMI: QEMU Standard PC (Q35 + ICH9, 2009), BIOS rel-1.10.2-0-g5f4c7b1-prebuilt.qemu-project.org 04/01/2014
[STDERR  ] 2018-04-04T18:37:06.929461505Z: [    0.000000] Hypervisor detected: KVM
[STDERR  ] 2018-04-04T18:37:06.929478526Z: [    0.000000] e820: last_pfn = 0x3ffdf max_arch_pfn = 0x400000000
[STDERR  ] 2018-04-04T18:37:06.929494688Z: [    0.000000] x86/PAT: PAT not supported by CPU.
[STDERR  ] 2018-04-04T18:37:06.929509194Z: [    0.000000] x86/PAT: Configuration [0-7]: WB  WT  UC- UC  WB  WT  UC- UC  
[STDERR  ] 2018-04-04T18:37:06.929524143Z: [    0.000000] found SMP MP-table at [mem 0x000f6aa0-0x000f6aaf] mapped at [        (ptrval)]
[STDERR  ] 2018-04-04T18:37:06.929539382Z: [    0.000000] RAMDISK: [mem 0x3e581000-0x3ffcffff]
[STDERR  ] 2018-04-04T18:37:06.929553809Z: [    0.000000] ACPI: Early table checksum verification disabled
[STDERR  ] 2018-04-04T18:37:06.929568378Z: [    0.000000] ACPI: RSDP 0x00000000000F68B0 000014 (v00 BOCHS )
[STDERR  ] 2018-04-04T18:37:06.929582486Z: [    0.000000] ACPI: RSDT 0x000000003FFE20A8 000034 (v01 BOCHS  BXPCRSDT 00000001 BXPC 00000001)
[STDERR  ] 2018-04-04T18:37:06.929597104Z: [    0.000000] ACPI: FACP 0x000000003FFE1EC8 0000F4 (v03 BOCHS  BXPCFACP 00000001 BXPC 00000001)
[STDERR  ] 2018-04-04T18:37:06.929612024Z: [    0.000000] ACPI: DSDT 0x000000003FFE0040 001E88 (v01 BOCHS  BXPCDSDT 00000001 BXPC 00000001)
[STDERR  ] 2018-04-04T18:37:06.929625937Z: [    0.000000] ACPI: FACS 0x000000003FFE0000 000040
[STDERR  ] 2018-04-04T18:37:06.929640082Z: [    0.000000] ACPI: APIC 0x000000003FFE1FBC 000078 (v01 BOCHS  BXPCAPIC 00000001 BXPC 00000001)
[STDERR  ] 2018-04-04T18:37:06.929654562Z: [    0.000000] ACPI: HPET 0x000000003FFE2034 000038 (v01 BOCHS  BXPCHPET 00000001 BXPC 00000001)
[STDERR  ] 2018-04-04T18:37:06.929669393Z: [    0.000000] ACPI: MCFG 0x000000003FFE206C 00003C (v01 BOCHS  BXPCMCFG 00000001 BXPC 00000001)
[STDERR  ] 2018-04-04T18:37:06.929684147Z: [    0.000000] kvm-clock: cpu 0, msr 0:3ffdc001, primary cpu clock
[STDERR  ] 2018-04-04T18:37:06.929698522Z: [    0.000000] kvm-clock: Using msrs 4b564d01 and 4b564d00
[STDERR  ] 2018-04-04T18:37:06.929724161Z: [    0.000000] clocksource: kvm-clock: mask: 0xffffffffffffffff max_cycles: 0x1cd42e4dffb, max_idle_ns: 881590591483 ns
[STDERR  ] 2018-04-04T18:37:06.929738761Z: [    0.000000] Zone ranges:
[STDERR  ] 2018-04-04T18:37:06.929751512Z: [    0.000000]   DMA      [mem 0x0000000000001000-0x0000000000ffffff]
[STDERR  ] 2018-04-04T18:37:06.929766355Z: [    0.000000]   DMA32    [mem 0x0000000001000000-0x000000003ffdefff]
[STDERR  ] 2018-04-04T18:37:06.929781259Z: [    0.000000]   Normal   empty
[STDERR  ] 2018-04-04T18:37:06.929795878Z: [    0.000000]   Device   empty
[STDERR  ] 2018-04-04T18:37:06.929817840Z: [    0.000000] Movable zone start for each node
[STDERR  ] 2018-04-04T18:37:06.929832307Z: [    0.000000] Early memory node ranges
[STDERR  ] 2018-04-04T18:37:06.929846101Z: [    0.000000]   node   0: [mem 0x0000000000001000-0x000000000009efff]
[STDERR  ] 2018-04-04T18:37:06.929861628Z: [    0.000000]   node   0: [mem 0x0000000000100000-0x000000003ffdefff]
[STDERR  ] 2018-04-04T18:37:06.929875878Z: [    0.000000] Initmem setup node 0 [mem 0x0000000000001000-0x000000003ffdefff]
[STDERR  ] 2018-04-04T18:37:06.929889514Z: [    0.000000] Reserved but unavailable: 98 pages
[STDERR  ] 2018-04-04T18:37:06.929903618Z: [    0.000000] ACPI: PM-Timer IO Port: 0x608
[STDERR  ] 2018-04-04T18:37:06.929917495Z: [    0.000000] ACPI: LAPIC_NMI (acpi_id[0xff] dfl dfl lint[0x1])
[STDERR  ] 2018-04-04T18:37:06.929931975Z: [    0.000000] IOAPIC[0]: apic_id 0, version 17, address 0xfec00000, GSI 0-23
[STDERR  ] 2018-04-04T18:37:06.929945630Z: [    0.000000] ACPI: INT_SRC_OVR (bus 0 bus_irq 0 global_irq 2 dfl dfl)
[STDERR  ] 2018-04-04T18:37:06.929960352Z: [    0.000000] ACPI: INT_SRC_OVR (bus 0 bus_irq 5 global_irq 5 high level)
[STDERR  ] 2018-04-04T18:37:06.929979116Z: [    0.000000] ACPI: INT_SRC_OVR (bus 0 bus_irq 9 global_irq 9 high level)
[STDERR  ] 2018-04-04T18:37:06.929989561Z: [    0.000000] ACPI: INT_SRC_OVR (bus 0 bus_irq 10 global_irq 10 high level)
[STDERR  ] 2018-04-04T18:37:06.929999795Z: [    0.000000] ACPI: INT_SRC_OVR (bus 0 bus_irq 11 global_irq 11 high level)
[STDERR  ] 2018-04-04T18:37:06.930009421Z: [    0.000000] Using ACPI (MADT) for SMP configuration information
[STDERR  ] 2018-04-04T18:37:06.930018736Z: [    0.000000] ACPI: HPET id: 0x8086a201 base: 0xfed00000
[STDERR  ] 2018-04-04T18:37:06.930027292Z: [    0.000000] smpboot: Allowing 1 CPUs, 0 hotplug CPUs
[STDERR  ] 2018-04-04T18:37:06.930035539Z: [    0.000000] e820: [mem 0x40000000-0xafffffff] available for PCI devices
[STDERR  ] 2018-04-04T18:37:06.930044908Z: [    0.000000] Booting paravirtualized kernel on KVM
[STDERR  ] 2018-04-04T18:37:06.930053684Z: [    0.000000] clocksource: refined-jiffies: mask: 0xffffffff max_cycles: 0xffffffff, max_idle_ns: 19112604462750000 ns
[STDERR  ] 2018-04-04T18:37:06.930072315Z: [    0.000000] setup_percpu: NR_CPUS:128 nr_cpumask_bits:128 nr_cpu_ids:1 nr_node_ids:1
[STDERR  ] 2018-04-04T18:37:06.930089222Z: [    0.000000] percpu: Embedded 44 pages/cpu @        (ptrval) s142936 r8192 d29096 u2097152
[STDERR  ] 2018-04-04T18:37:06.930105945Z: [    0.000000] KVM setup async PF for cpu 0
[STDERR  ] 2018-04-04T18:37:06.930121762Z: [    0.000000] kvm-stealtime: cpu 0, msr 3e215f40
[STDERR  ] 2018-04-04T18:37:06.930131623Z: [    0.000000] Built 1 zonelists, mobility grouping on.  Total pages: 257896
[STDERR  ] 2018-04-04T18:37:06.930140813Z: [    0.000000] Kernel command line: console=ttyS0 console=ttyAMA0
[STDERR  ] 2018-04-04T18:37:06.930149329Z: [    0.000000] Dentry cache hash table entries: 131072 (order: 8, 1048576 bytes)
[STDERR  ] 2018-04-04T18:37:06.930159209Z: [    0.000000] Inode-cache hash table entries: 65536 (order: 7, 524288 bytes)
[STDERR  ] 2018-04-04T18:37:06.930170312Z: [    0.000000] Memory: 977832K/1048052K available (12300K kernel code, 1480K rwdata, 3012K rodata, 1516K init, 632K bss, 70220K reserved, 0K cma-reserved)
[STDERR  ] 2018-04-04T18:37:06.930181379Z: [    0.000000] Kernel/User page tables isolation: enabled
[STDERR  ] 2018-04-04T18:37:06.930190253Z: [    0.000000] ftrace: allocating 41309 entries in 162 pages
[STDERR  ] 2018-04-04T18:37:06.930198805Z: [    0.010000] Hierarchical RCU implementation.
[STDERR  ] 2018-04-04T18:37:06.930207673Z: [    0.010000] 	RCU restricting CPUs from NR_CPUS=128 to nr_cpu_ids=1.
[STDERR  ] 2018-04-04T18:37:06.930216016Z: [    0.010000] RCU: Adjusting geometry for rcu_fanout_leaf=16, nr_cpu_ids=1
[STDERR  ] 2018-04-04T18:37:06.930224965Z: [    0.010000] NR_IRQS: 8448, nr_irqs: 256, preallocated irqs: 16
[STDERR  ] 2018-04-04T18:37:06.930234591Z: [    0.010000] Console: colour VGA+ 80x25
[STDERR  ] 2018-04-04T18:37:06.930243977Z: [    0.010000] console [ttyS0] enabled
[STDERR  ] 2018-04-04T18:37:06.930256971Z: [    0.010000] ACPI: Core revision 20170831
[STDERR  ] 2018-04-04T18:37:06.930265229Z: [    0.010000] ACPI: 1 ACPI AML tables successfully acquired and loaded
[STDERR  ] 2018-04-04T18:37:06.930274425Z: [    0.010000] clocksource: hpet: mask: 0xffffffff max_cycles: 0xffffffff, max_idle_ns: 19112604467 ns
[STDERR  ] 2018-04-04T18:37:06.930282995Z: [    0.010054] APIC: Switch to symmetric I/O mode setup
[STDERR  ] 2018-04-04T18:37:06.930292270Z: [    0.018324] x2apic enabled
[STDERR  ] 2018-04-04T18:37:06.930301079Z: [    0.020024] Switched APIC routing to physical x2apic.
[STDERR  ] 2018-04-04T18:37:06.930309368Z: [    0.038716] ..TIMER: vector=0x30 apic1=0 pin1=2 apic2=-1 pin2=-1
[STDERR  ] 2018-04-04T18:37:06.930317744Z: [    0.040000] tsc: Detected 2300.002 MHz processor
[STDERR  ] 2018-04-04T18:37:06.930326828Z: [    0.040023] Calibrating delay loop (skipped) preset value.. 4600.00 BogoMIPS (lpj=23000020)
[STDERR  ] 2018-04-04T18:37:06.930336688Z: [    0.050018] pid_max: default: 32768 minimum: 301
[STDERR  ] 2018-04-04T18:37:06.930347920Z: [    0.056115] Security Framework initialized
[STDERR  ] 2018-04-04T18:37:06.930356963Z: [    0.060012] Yama: becoming mindful.
[STDERR  ] 2018-04-04T18:37:06.930365783Z: [    0.064446] Mount-cache hash table entries: 2048 (order: 2, 16384 bytes)
[STDERR  ] 2018-04-04T18:37:06.930375092Z: [    0.070018] Mountpoint-cache hash table entries: 2048 (order: 2, 16384 bytes)
[STDERR  ] 2018-04-04T18:37:06.930383686Z: [    0.080893] CPU: Physical Processor ID: 0
[STDERR  ] 2018-04-04T18:37:06.930391799Z: [    0.095637] Last level iTLB entries: 4KB 0, 2MB 0, 4MB 0
[STDERR  ] 2018-04-04T18:37:06.930399913Z: [    0.100010] Last level dTLB entries: 4KB 0, 2MB 0, 4MB 0, 1GB 0
[STDERR  ] 2018-04-04T18:37:06.930408621Z: [    0.110009] Spectre V2 : Vulnerable: Minimal generic ASM retpoline
[STDERR  ] 2018-04-04T18:37:06.930416763Z: [    0.124558] Freeing SMP alternatives memory: 20K
[STDERR  ] 2018-04-04T18:37:06.930425350Z: [    0.140000] smpboot: CPU0: Intel QEMU Virtual CPU version 2.5+ (family: 0x6, model: 0x6, stepping: 0x3)
[STDERR  ] 2018-04-04T18:37:06.930433560Z: [    0.140141] Performance Events: PMU not available due to virtualization, using software events only.
[STDERR  ] 2018-04-04T18:37:06.930441588Z: [    0.150367] Hierarchical SRCU implementation.
[STDERR  ] 2018-04-04T18:37:06.930450193Z: [    0.156129] NMI watchdog: Perf event create on CPU 0 failed with -2
[STDERR  ] 2018-04-04T18:37:06.930458754Z: [    0.160010] NMI watchdog: Perf NMI watchdog permanently disabled
[STDERR  ] 2018-04-04T18:37:06.930467468Z: [    0.170105] smp: Bringing up secondary CPUs ...
[STDERR  ] 2018-04-04T18:37:06.930475640Z: [    0.175991] smp: Brought up 1 node, 1 CPU
[STDERR  ] 2018-04-04T18:37:06.930484774Z: [    0.180010] smpboot: Max logical packages: 1
[STDERR  ] 2018-04-04T18:37:06.930493415Z: [    0.185369] smpboot: Total of 1 processors activated (4600.00 BogoMIPS)
[STDERR  ] 2018-04-04T18:37:06.930501548Z: [    0.190867] devtmpfs: initialized
[STDERR  ] 2018-04-04T18:37:06.930509768Z: [    0.200077] x86/mm: Memory block size: 128MB
[STDERR  ] 2018-04-04T18:37:06.930518027Z: [    0.205717] evm: security.ima
[STDERR  ] 2018-04-04T18:37:06.930525821Z: [    0.210008] evm: security.capability
[STDERR  ] 2018-04-04T18:37:06.930533557Z: [    0.214653] clocksource: jiffies: mask: 0xffffffff max_cycles: 0xffffffff, max_idle_ns: 19112604462750000 ns
[STDERR  ] 2018-04-04T18:37:06.930541395Z: [    0.220028] futex hash table entries: 256 (order: 2, 16384 bytes)
[STDERR  ] 2018-04-04T18:37:06.930549261Z: [    0.230249] NET: Registered protocol family 16
[STDERR  ] 2018-04-04T18:37:06.930558268Z: [    0.240140] audit: initializing netlink subsys (disabled)
[STDERR  ] 2018-04-04T18:37:06.930566421Z: [    0.246994] cpuidle: using governor ladder
[STDERR  ] 2018-04-04T18:37:06.930574217Z: [    0.250015] audit: type=2000 audit(1522867018.069:1): state=initialized audit_enabled=0 res=1
[STDERR  ] 2018-04-04T18:37:06.930582998Z: [    0.260020] cpuidle: using governor menu
[STDERR  ] 2018-04-04T18:37:06.930594248Z: [    0.270116] ACPI: bus type PCI registered
[STDERR  ] 2018-04-04T18:37:06.930602071Z: [    0.275589] PCI: MMCONFIG for domain 0000 [bus 00-ff] at [mem 0xb0000000-0xbfffffff] (base 0xb0000000)
[STDERR  ] 2018-04-04T18:37:06.930610214Z: [    0.280017] PCI: MMCONFIG at [mem 0xb0000000-0xbfffffff] reserved in E820
[STDERR  ] 2018-04-04T18:37:06.930619233Z: [    0.290029] PCI: Using configuration type 1 for base access
[STDERR  ] 2018-04-04T18:37:06.930627604Z: [    0.301571] HugeTLB registered 2.00 MiB page size, pre-allocated 0 pages
[STDERR  ] 2018-04-04T18:37:06.930636080Z: [    0.310324] ACPI: Added _OSI(Module Device)
[STDERR  ] 2018-04-04T18:37:06.930652634Z: [    0.315623] ACPI: Added _OSI(Processor Device)
[STDERR  ] 2018-04-04T18:37:06.930668518Z: [    0.320017] ACPI: Added _OSI(3.0 _SCP Extensions)
[STDERR  ] 2018-04-04T18:37:06.930680995Z: [    0.330010] ACPI: Added _OSI(Processor Aggregator Device)
[STDERR  ] 2018-04-04T18:37:06.930690170Z: [    0.342880] ACPI: Interpreter enabled
[STDERR  ] 2018-04-04T18:37:06.930708529Z: [    0.347439] ACPI: (supports S0 S5)
[STDERR  ] 2018-04-04T18:37:06.930717934Z: [    0.350010] ACPI: Using IOAPIC for interrupt routing
[STDERR  ] 2018-04-04T18:37:06.930727656Z: [    0.356395] PCI: Using host bridge windows from ACPI; if necessary, use "pci=nocrs" and report a bug
[STDERR  ] 2018-04-04T18:37:06.930736572Z: [    0.360315] ACPI: Enabled 1 GPEs in block 00 to 3F
[STDERR  ] 2018-04-04T18:37:06.930745316Z: [    0.370077] ACPI: PCI Root Bridge [PCI0] (domain 0000 [bus 00-ff])
[STDERR  ] 2018-04-04T18:37:06.930754007Z: [    0.377600] acpi PNP0A08:00: _OSC: OS supports [ExtendedConfig ASPM ClockPM Segments MSI]
[STDERR  ] 2018-04-04T18:37:06.930763242Z: [    0.380180] acpi PNP0A08:00: _OSC: OS now controls [PCIeHotplug PME PCIeCapability]
[STDERR  ] 2018-04-04T18:37:06.930771558Z: [    0.390103] PCI host bridge to bus 0000:00
[STDERR  ] 2018-04-04T18:37:06.930780708Z: [    0.400012] pci_bus 0000:00: root bus resource [io  0x0000-0x0cf7 window]
[STDERR  ] 2018-04-04T18:37:06.930788888Z: [    0.410016] pci_bus 0000:00: root bus resource [io  0x0d00-0xffff window]
[STDERR  ] 2018-04-04T18:37:06.930796818Z: [    0.420015] pci_bus 0000:00: root bus resource [mem 0x000a0000-0x000bffff window]
[STDERR  ] 2018-04-04T18:37:06.930805025Z: [    0.430021] pci_bus 0000:00: root bus resource [mem 0xc0000000-0xfebfffff window]
[STDERR  ] 2018-04-04T18:37:06.930812923Z: [    0.439365] pci_bus 0000:00: root bus resource [bus 00-ff]
[STDERR  ] 2018-04-04T18:37:06.930821525Z: [    0.571772] pci 0000:00:1f.0: quirk: [io  0x0600-0x067f] claimed by ICH6 ACPI/GPIO/TCO
[STDERR  ] 2018-04-04T18:37:06.930831461Z: [    0.634869] ACPI: PCI Interrupt Link [LNKA] (IRQs 5 *10 11)
[STDERR  ] 2018-04-04T18:37:06.930845576Z: [    0.640429] ACPI: PCI Interrupt Link [LNKB] (IRQs 5 *10 11)
[STDERR  ] 2018-04-04T18:37:06.930860108Z: [    0.650436] ACPI: PCI Interrupt Link [LNKC] (IRQs 5 10 *11)
[STDERR  ] 2018-04-04T18:37:06.930874596Z: [    0.658076] ACPI: PCI Interrupt Link [LNKD] (IRQs 5 10 *11)
[STDERR  ] 2018-04-04T18:37:06.930884495Z: [    0.660337] ACPI: PCI Interrupt Link [LNKE] (IRQs 5 *10 11)
[STDERR  ] 2018-04-04T18:37:06.930893723Z: [    0.670303] ACPI: PCI Interrupt Link [LNKF] (IRQs 5 *10 11)
[STDERR  ] 2018-04-04T18:37:06.930902328Z: [    0.680307] ACPI: PCI Interrupt Link [LNKG] (IRQs 5 10 *11)
[STDERR  ] 2018-04-04T18:37:06.930910635Z: [    0.687530] ACPI: PCI Interrupt Link [LNKH] (IRQs 5 10 *11)
[STDERR  ] 2018-04-04T18:37:06.930918729Z: [    0.690170] ACPI: PCI Interrupt Link [GSIA] (IRQs *16)
[STDERR  ] 2018-04-04T18:37:06.930931722Z: [    0.700026] ACPI: PCI Interrupt Link [GSIB] (IRQs *17)
[STDERR  ] 2018-04-04T18:37:06.930939950Z: [    0.706624] ACPI: PCI Interrupt Link [GSIC] (IRQs *18)
[STDERR  ] 2018-04-04T18:37:06.930948045Z: [    0.710035] ACPI: PCI Interrupt Link [GSID] (IRQs *19)
[STDERR  ] 2018-04-04T18:37:06.930955815Z: [    0.720034] ACPI: PCI Interrupt Link [GSIE] (IRQs *20)
[STDERR  ] 2018-04-04T18:37:06.930968028Z: [    0.727031] ACPI: PCI Interrupt Link [GSIF] (IRQs *21)
[STDERR  ] 2018-04-04T18:37:06.930976733Z: [    0.730037] ACPI: PCI Interrupt Link [GSIG] (IRQs *22)
[STDERR  ] 2018-04-04T18:37:06.930984717Z: [    0.740039] ACPI: PCI Interrupt Link [GSIH] (IRQs *23)
[STDERR  ] 2018-04-04T18:37:06.930992616Z: [    0.746888] SCSI subsystem initialized
[STDERR  ] 2018-04-04T18:37:06.931000695Z: [    0.750099] ACPI: bus type USB registered
[STDERR  ] 2018-04-04T18:37:06.931008793Z: [    0.755175] usbcore: registered new interface driver usbfs
[STDERR  ] 2018-04-04T18:37:06.931016740Z: [    0.760051] usbcore: registered new interface driver hub
[STDERR  ] 2018-04-04T18:37:06.931025967Z: [    0.770048] usbcore: registered new device driver usb
[STDERR  ] 2018-04-04T18:37:06.931033941Z: [    0.776389] pps_core: LinuxPPS API ver. 1 registered
[STDERR  ] 2018-04-04T18:37:06.931042077Z: [    0.780008] pps_core: Software ver. 5.3.6 - Copyright 2005-2007 Rodolfo Giometti <giometti@linux.it>
[STDERR  ] 2018-04-04T18:37:06.931050198Z: [    0.790027] PTP clock support registered
[STDERR  ] 2018-04-04T18:37:06.931060623Z: [    0.800115] PCI: Using ACPI for IRQ routing
[STDERR  ] 2018-04-04T18:37:06.931069483Z: [    1.192287] NetLabel: Initializing
[STDERR  ] 2018-04-04T18:37:06.931077826Z: [    1.196255] NetLabel:  domain hash size = 128
[STDERR  ] 2018-04-04T18:37:06.931089129Z: [    1.200006] NetLabel:  protocols = UNLABELED CIPSOv4 CALIPSO
[STDERR  ] 2018-04-04T18:37:06.931097723Z: [    1.207012] NetLabel:  unlabeled traffic allowed by default
[STDERR  ] 2018-04-04T18:37:06.931105755Z: [    1.210249] HPET: 3 timers in total, 0 timers will be used for per-cpu timer
[STDERR  ] 2018-04-04T18:37:06.931114092Z: [    1.220146] hpet0: at MMIO 0xfed00000, IRQs 2, 8, 0
[STDERR  ] 2018-04-04T18:37:06.931123103Z: [    1.230007] hpet0: 3 comparators, 64-bit 100.000000 MHz counter
[STDERR  ] 2018-04-04T18:37:06.931131058Z: [    1.242351] clocksource: Switched to clocksource kvm-clock
[STDERR  ] 2018-04-04T18:37:06.931139101Z: [    1.263308] VFS: Disk quotas dquot_6.6.0
[STDERR  ] 2018-04-04T18:37:06.931147646Z: [    1.269080] VFS: Dquot-cache hash table entries: 512 (order 0, 4096 bytes)
[STDERR  ] 2018-04-04T18:37:06.931155820Z: [    1.277958] FS-Cache: Loaded
[STDERR  ] 2018-04-04T18:37:06.931163989Z: [    1.281954] CacheFiles: Loaded
[STDERR  ] 2018-04-04T18:37:06.931171990Z: [    1.285879] pnp: PnP ACPI init
[STDERR  ] 2018-04-04T18:37:06.931179695Z: [    1.291462] pnp: PnP ACPI: found 5 devices
[STDERR  ] 2018-04-04T18:37:06.931188055Z: [    1.303445] clocksource: acpi_pm: mask: 0xffffff max_cycles: 0xffffff, max_idle_ns: 2085701024 ns
[STDERR  ] 2018-04-04T18:37:06.931196197Z: [    1.314959] NET: Registered protocol family 2
[STDERR  ] 2018-04-04T18:37:06.931204051Z: [    1.320895] TCP established hash table entries: 8192 (order: 4, 65536 bytes)
[STDERR  ] 2018-04-04T18:37:06.931212137Z: [    1.329637] TCP bind hash table entries: 8192 (order: 5, 131072 bytes)
[STDERR  ] 2018-04-04T18:37:06.931221181Z: [    1.337794] TCP: Hash tables configured (established 8192 bind 8192)
[STDERR  ] 2018-04-04T18:37:06.931230110Z: [    1.346548] UDP hash table entries: 512 (order: 2, 16384 bytes)
[STDERR  ] 2018-04-04T18:37:06.931238451Z: [    1.353969] UDP-Lite hash table entries: 512 (order: 2, 16384 bytes)
[STDERR  ] 2018-04-04T18:37:06.931246407Z: [    1.362065] NET: Registered protocol family 1
[STDERR  ] 2018-04-04T18:37:06.931261801Z: [    1.367556] pci 0000:00:01.0: Video device with shadowed ROM at [mem 0x000c0000-0x000dffff]
[STDERR  ] 2018-04-04T18:37:06.931279465Z: [    1.378453] Trying to unpack rootfs image as initramfs...
[STDERR  ] 2018-04-04T18:37:06.931292638Z: [    1.847146] Freeing initrd memory: 26940K
[STDERR  ] 2018-04-04T18:37:06.931301252Z: [    1.854572] PCLMULQDQ-NI instructions are not detected.
[STDERR  ] 2018-04-04T18:37:06.931309752Z: [    1.861194] AVX or AES-NI instructions are not detected.
[STDERR  ] 2018-04-04T18:37:06.931317951Z: [    1.867911] CPU feature 'AVX registers' is not supported.
[STDERR  ] 2018-04-04T18:37:06.931330498Z: [    1.874737] CPU feature 'AVX registers' is not supported.
[STDERR  ] 2018-04-04T18:37:06.931340163Z: [    1.881543] CPU feature 'AVX registers' is not supported.
[STDERR  ] 2018-04-04T18:37:06.931348561Z: [    1.888267] CPU feature 'AVX registers' is not supported.
[STDERR  ] 2018-04-04T18:37:06.931356861Z: [    1.895093] AVX2 or AES-NI instructions are not detected.
[STDERR  ] 2018-04-04T18:37:06.931365396Z: [    1.902194] AVX2 instructions are not detected.
[STDERR  ] 2018-04-04T18:37:06.931374134Z: [    1.908443] workingset: timestamp_bits=46 max_order=18 bucket_order=0
[STDERR  ] 2018-04-04T18:37:06.931382336Z: [    1.916796] squashfs: version 4.0 (2009/01/31) Phillip Lougher
[STDERR  ] 2018-04-04T18:37:06.931390508Z: [    1.924329] FS-Cache: Netfs 'cifs' registered for caching
[STDERR  ] 2018-04-04T18:37:06.931398886Z: [    1.931053] fuse init (API version 7.26)
[STDERR  ] 2018-04-04T18:37:06.931407152Z: [    1.936047] SGI XFS with ACLs, security attributes, no debug enabled
[STDERR  ] 2018-04-04T18:37:06.931417204Z: [    1.944176] 9p: Installing v9fs 9p2000 file system support
[STDERR  ] 2018-04-04T18:37:06.931429097Z: [    1.951203] FS-Cache: Netfs '9p' registered for caching
[STDERR  ] 2018-04-04T18:37:06.931437729Z: [    1.958959] NET: Registered protocol family 38
[STDERR  ] 2018-04-04T18:37:06.931445899Z: [    1.964640] Key type asymmetric registered
[STDERR  ] 2018-04-04T18:37:06.931453988Z: [    1.969683] Asymmetric key parser 'x509' registered
[STDERR  ] 2018-04-04T18:37:06.931463044Z: [    1.975938] Block layer SCSI generic (bsg) driver version 0.4 loaded (major 247)
[STDERR  ] 2018-04-04T18:37:06.931472179Z: [    1.985475] io scheduler noop registered
[STDERR  ] 2018-04-04T18:37:06.931480077Z: [    1.990499] io scheduler deadline registered (default)
[STDERR  ] 2018-04-04T18:37:06.931488748Z: [    1.997105] io scheduler cfq registered
[STDERR  ] 2018-04-04T18:37:06.931496997Z: [    2.002127] io scheduler mq-deadline registered (default)
[STDERR  ] 2018-04-04T18:37:06.931504738Z: [    2.008837] io scheduler kyber registered
[STDERR  ] 2018-04-04T18:37:06.931513469Z: [    2.014273] shpchp: Standard Hot Plug PCI Controller Driver version: 0.4
[STDERR  ] 2018-04-04T18:37:06.931521520Z: [    2.022905] hv_vmbus: registering driver hyperv_fb
[STDERR  ] 2018-04-04T18:37:06.931529219Z: [    2.029045] input: Power Button as /devices/LNXSYSTM:00/LNXPWRBN:00/input/input0
[STDERR  ] 2018-04-04T18:37:06.931537188Z: [    2.038387] ACPI: Power Button [PWRF]
[STDERR  ] 2018-04-04T18:37:06.931545426Z: [    2.043855] ACPI: PCI Interrupt Link [GSIG] enabled at IRQ 22
[STDERR  ] 2018-04-04T18:37:06.931553472Z: [    2.056864] ACPI: PCI Interrupt Link [GSIH] enabled at IRQ 23
[STDERR  ] 2018-04-04T18:37:06.931561282Z: [    2.070126] Serial: 8250/16550 driver, 4 ports, IRQ sharing disabled
[STDERR  ] 2018-04-04T18:37:06.931569173Z: [    2.112298] 00:04: ttyS0 at I/O 0x3f8 (irq = 4, base_baud = 115200) is a 16550A
[STDERR  ] 2018-04-04T18:37:06.931577753Z: [    2.122944] Non-volatile memory driver v1.3
[STDERR  ] 2018-04-04T18:37:06.931585603Z: [    2.130426] Hangcheck: starting hangcheck timer 0.9.1 (tick is 180 seconds, margin is 60 seconds).
[STDERR  ] 2018-04-04T18:37:06.931593396Z: [    2.141648] random: crng init done
[STDERR  ] 2018-04-04T18:37:06.931600933Z: [    2.149342] brd: module loaded
[STDERR  ] 2018-04-04T18:37:06.931609733Z: [    2.156091] loop: module loaded
[STDERR  ] 2018-04-04T18:37:06.931617250Z: [    2.163679] lpc_ich 0000:00:1f.0: I/O space for GPIO uninitialized
[STDERR  ] 2018-04-04T18:37:06.931625378Z: [    2.171606] VMware PVSCSI driver - version 1.0.7.0-k
[STDERR  ] 2018-04-04T18:37:06.931634206Z: [    2.177938] hv_vmbus: registering driver hv_storvsc
[STDERR  ] 2018-04-04T18:37:06.931642423Z: [    2.184624] ACPI: PCI Interrupt Link [GSIA] enabled at IRQ 16
[STDERR  ] 2018-04-04T18:37:06.931650600Z: [    2.194808] ahci 0000:00:1f.2: AHCI 0001.0000 32 slots 6 ports 1.5 Gbps 0x3f impl SATA mode
[STDERR  ] 2018-04-04T18:37:06.931660122Z: [    2.205473] ahci 0000:00:1f.2: flags: 64bit ncq only 
[STDERR  ] 2018-04-04T18:37:06.931671293Z: [    2.215318] scsi host0: ahci
[STDERR  ] 2018-04-04T18:37:06.931679346Z: [    2.219157] scsi host1: ahci
[STDERR  ] 2018-04-04T18:37:06.931687519Z: [    2.223081] scsi host2: ahci
[STDERR  ] 2018-04-04T18:37:06.931695900Z: [    2.226783] scsi host3: ahci
[STDERR  ] 2018-04-04T18:37:06.931709698Z: [    2.230717] scsi host4: ahci
[STDERR  ] 2018-04-04T18:37:06.931718472Z: [    2.234450] scsi host5: ahci
[STDERR  ] 2018-04-04T18:37:06.931727478Z: [    2.238457] ata1: SATA max UDMA/133 abar m4096@0xfebd2000 port 0xfebd2100 irq 24
[STDERR  ] 2018-04-04T18:37:06.931738405Z: [    2.247702] ata2: SATA max UDMA/133 abar m4096@0xfebd2000 port 0xfebd2180 irq 24
[STDERR  ] 2018-04-04T18:37:06.931747114Z: [    2.257079] ata3: SATA max UDMA/133 abar m4096@0xfebd2000 port 0xfebd2200 irq 24
[STDERR  ] 2018-04-04T18:37:06.931755382Z: [    2.266680] ata4: SATA max UDMA/133 abar m4096@0xfebd2000 port 0xfebd2280 irq 24
[STDERR  ] 2018-04-04T18:37:06.931763931Z: [    2.275841] ata5: SATA max UDMA/133 abar m4096@0xfebd2000 port 0xfebd2300 irq 24
[STDERR  ] 2018-04-04T18:37:06.931775461Z: [    2.285265] ata6: SATA max UDMA/133 abar m4096@0xfebd2000 port 0xfebd2380 irq 24
[STDERR  ] 2018-04-04T18:37:06.931784530Z: [    2.296403] tun: Universal TUN/TAP device driver, 1.6
[STDERR  ] 2018-04-04T18:37:06.931793337Z: [    2.307193] VMware vmxnet3 virtual NIC driver - version 1.4.a.0-k-NAPI
[STDERR  ] 2018-04-04T18:37:06.931802395Z: [    2.315516] hv_vmbus: registering driver hv_netvsc
[STDERR  ] 2018-04-04T18:37:06.931810157Z: [    2.321656] Fusion MPT base driver 3.04.20
[STDERR  ] 2018-04-04T18:37:06.931818750Z: [    2.326702] Copyright (c) 1999-2008 LSI Corporation
[STDERR  ] 2018-04-04T18:37:06.931827860Z: [    2.332805] Fusion MPT SPI Host driver 3.04.20
[STDERR  ] 2018-04-04T18:37:06.931836224Z: [    2.338322] i8042: PNP: PS/2 Controller [PNP0303:KBD,PNP0f13:MOU] at 0x60,0x64 irq 1,12
[STDERR  ] 2018-04-04T18:37:06.931844907Z: [    2.352025] serio: i8042 KBD port at 0x60,0x64 irq 1
[STDERR  ] 2018-04-04T18:37:06.931853014Z: [    2.358363] serio: i8042 AUX port at 0x60,0x64 irq 12
[STDERR  ] 2018-04-04T18:37:06.931867087Z: [    2.365047] hv_vmbus: registering driver hyperv_keyboard
[STDERR  ] 2018-04-04T18:37:06.931881554Z: [    2.371765] mousedev: PS/2 mouse device common for all mice
[STDERR  ] 2018-04-04T18:37:06.931895463Z: [    2.379931] input: AT Translated Set 2 keyboard as /devices/platform/i8042/serio0/input/input1
[STDERR  ] 2018-04-04T18:37:06.931904597Z: [    2.390869] input: PC Speaker as /devices/platform/pcspkr/input/input2
[STDERR  ] 2018-04-04T18:37:06.931913847Z: [    2.399246] rtc_cmos 00:00: RTC can wake from S4
[STDERR  ] 2018-04-04T18:37:06.931922435Z: [    2.407236] rtc_cmos 00:00: rtc core: registered rtc_cmos as rtc0
[STDERR  ] 2018-04-04T18:37:06.931930547Z: [    2.415706] rtc_cmos 00:00: alarms up to one day, y3k, 114 bytes nvram, hpet irqs
[STDERR  ] 2018-04-04T18:37:06.931939257Z: [    2.424952] i2c /dev entries driver
[STDERR  ] 2018-04-04T18:37:06.931947190Z: [    2.429620] device-mapper: ioctl: 4.37.0-ioctl (2017-09-20) initialised: dm-devel@redhat.com
[STDERR  ] 2018-04-04T18:37:06.931956154Z: [    2.441304] usbcore: registered new interface driver usbhid
[STDERR  ] 2018-04-04T18:37:06.931964076Z: [    2.448551] usbhid: USB HID core driver
[STDERR  ] 2018-04-04T18:37:06.931972124Z: [    2.453847] hv_utils: Registering HyperV Utility Driver
[STDERR  ] 2018-04-04T18:37:06.931980213Z: [    2.460482] hv_vmbus: registering driver hv_util
[STDERR  ] 2018-04-04T18:37:06.931988367Z: [    2.466288] hv_vmbus: registering driver hv_balloon
[STDERR  ] 2018-04-04T18:37:06.931996255Z: [    2.472494] oprofile: using NMI interrupt.
[STDERR  ] 2018-04-04T18:37:06.932004771Z: [    2.477634] GACT probability on
[STDERR  ] 2018-04-04T18:37:06.932013184Z: [    2.481646] Mirror/redirect action on
[STDERR  ] 2018-04-04T18:37:06.932020934Z: [    2.486298] Simple TC action Loaded
[STDERR  ] 2018-04-04T18:37:06.932029480Z: [    2.490699] u32 classifier
[STDERR  ] 2018-04-04T18:37:06.932042124Z: [    2.494074]     Performance counters on
[STDERR  ] 2018-04-04T18:37:06.932050800Z: [    2.498915]     input device check on
[STDERR  ] 2018-04-04T18:37:06.932058654Z: [    2.503545]     Actions configured
[STDERR  ] 2018-04-04T18:37:06.932066334Z: [    2.507794] Netfilter messages via NETLINK v0.30.
[STDERR  ] 2018-04-04T18:37:06.932076358Z: [    2.514163] nfnl_acct: registering with nfnetlink.
[STDERR  ] 2018-04-04T18:37:06.932086514Z: [    2.520437] nf_conntrack version 0.5.0 (8192 buckets, 32768 max)
[STDERR  ] 2018-04-04T18:37:06.932094431Z: [    2.528362] ctnetlink v0.93: registering with nfnetlink.
[STDERR  ] 2018-04-04T18:37:06.932102476Z: [    2.535306] nf_tables: (c) 2007-2009 Patrick McHardy <kaber@trash.net>
[STDERR  ] 2018-04-04T18:37:06.932111270Z: [    2.543707] nf_tables_compat: (c) 2012 Pablo Neira Ayuso <pablo@netfilter.org>
[STDERR  ] 2018-04-04T18:37:06.932119482Z: [    2.553011] xt_time: kernel timezone is -0000
[STDERR  ] 2018-04-04T18:37:06.932127133Z: [    2.558841] ip_set: protocol 6
[STDERR  ] 2018-04-04T18:37:06.932135610Z: [    2.562701] IPVS: Registered protocols (TCP, UDP, SCTP, AH, ESP)
[STDERR  ] 2018-04-04T18:37:06.932147148Z: [    2.570559] IPVS: Connection hash table configured (size=4096, memory=64Kbytes)
[STDERR  ] 2018-04-04T18:37:06.932155923Z: [    2.580085] IPVS: ipvs loaded.
[STDERR  ] 2018-04-04T18:37:06.932163743Z: [    2.583988] IPVS: [rr] scheduler registered.
[STDERR  ] 2018-04-04T18:37:06.932172083Z: [    2.589875] IPVS: [wrr] scheduler registered.
[STDERR  ] 2018-04-04T18:37:06.932180517Z: [    2.595675] IPVS: [lc] scheduler registered.
[STDERR  ] 2018-04-04T18:37:06.932188643Z: [    2.601150] IPVS: [wlc] scheduler registered.
[STDERR  ] 2018-04-04T18:37:06.932196331Z: [    2.606891] IPVS: [fo] scheduler registered.
[STDERR  ] 2018-04-04T18:37:06.932204217Z: [    2.612568] IPVS: [ovf] scheduler registered.
[STDERR  ] 2018-04-04T18:37:06.932211983Z: [    2.618308] IPVS: [lblc] scheduler registered.
[STDERR  ] 2018-04-04T18:37:06.932219795Z: [    2.624448] ata3: SATA link up 1.5 Gbps (SStatus 113 SControl 300)
[STDERR  ] 2018-04-04T18:37:06.932228556Z: [    2.633016] ata2: SATA link down (SStatus 0 SControl 300)
[STDERR  ] 2018-04-04T18:37:06.932236457Z: [    2.640539] ata1: SATA link down (SStatus 0 SControl 300)
[STDERR  ] 2018-04-04T18:37:06.932244203Z: [    2.647931] ata6: SATA link down (SStatus 0 SControl 300)
[STDERR  ] 2018-04-04T18:37:06.932251883Z: [    2.655458] ata5: SATA link down (SStatus 0 SControl 300)
[STDERR  ] 2018-04-04T18:37:06.932259506Z: [    2.662977] ata4: SATA link down (SStatus 0 SControl 300)
[STDERR  ] 2018-04-04T18:37:06.932267297Z: [    2.669945] IPVS: [lblcr] scheduler registered.
[STDERR  ] 2018-04-04T18:37:06.932274975Z: [    2.675672] ata3.00: ATAPI: QEMU DVD-ROM, 2.5+, max UDMA/100
[STDERR  ] 2018-04-04T18:37:06.932282723Z: [    2.682701] ata3.00: applying bridge limits
[STDERR  ] 2018-04-04T18:37:06.932290732Z: [    2.688164] IPVS: [dh] scheduler registered.
[STDERR  ] 2018-04-04T18:37:06.932298263Z: [    2.693659] IPVS: [sh] scheduler registered.
[STDERR  ] 2018-04-04T18:37:06.932305691Z: [    2.698973] IPVS: [sed] scheduler registered.
[STDERR  ] 2018-04-04T18:37:06.932313208Z: [    2.705023] ata3.00: configured for UDMA/100
[STDERR  ] 2018-04-04T18:37:06.932323556Z: [    2.711058] IPVS: [nq] scheduler registered.
[STDERR  ] 2018-04-04T18:37:06.932331190Z: [    2.716397] IPVS: ftp: loaded support on port[0] = 21
[STDERR  ] 2018-04-04T18:37:06.932338972Z: [    2.723597] scsi 2:0:0:0: CD-ROM            QEMU     QEMU DVD-ROM     2.5+ PQ: 0 ANSI: 5
[STDERR  ] 2018-04-04T18:37:06.932347524Z: [    2.735212] ipip: IPv4 and MPLS over IPv4 tunneling driver
[STDERR  ] 2018-04-04T18:37:06.932355442Z: [    2.742407] gre: GRE over IPv4 demultiplexor driver
[STDERR  ] 2018-04-04T18:37:06.932365382Z: [    2.748682] ip_tables: (C) 2000-2006 Netfilter Core Team
[STDERR  ] 2018-04-04T18:37:06.932375104Z: [    2.755541] ipt_CLUSTERIP: ClusterIP Version 0.8 loaded successfully
[STDERR  ] 2018-04-04T18:37:06.932384066Z: [    2.763389] arp_tables: arp_tables: (C) 2002 David S. Miller
[STDERR  ] 2018-04-04T18:37:06.932395577Z: [    2.770450] NET: Registered protocol family 10
[STDERR  ] 2018-04-04T18:37:06.932403604Z: [    2.776254] Segment Routing with IPv6
[STDERR  ] 2018-04-04T18:37:06.932411532Z: [    2.781571] sr 2:0:0:0: [sr0] scsi3-mmc drive: 4x/4x cd/rw xa/form2 tray
[STDERR  ] 2018-04-04T18:37:06.932420256Z: [    2.790169] cdrom: Uniform CD-ROM driver Revision: 3.20
[STDERR  ] 2018-04-04T18:37:06.932427993Z: [    2.796728] ip6_tables: (C) 2000-2006 Netfilter Core Team
[STDERR  ] 2018-04-04T18:37:06.932435973Z: [    2.803861] NET: Registered protocol family 17
[STDERR  ] 2018-04-04T18:37:06.932443668Z: [    2.809401] Bridge firewalling registered
[STDERR  ] 2018-04-04T18:37:06.932452159Z: [    2.815007] sr 2:0:0:0: Attached scsi generic sg0 type 5
[STDERR  ] 2018-04-04T18:37:06.932460024Z: [    2.821978] Ebtables v2.0 registered
[STDERR  ] 2018-04-04T18:37:06.932467837Z: [    2.826540] 8021q: 802.1Q VLAN Support v1.8
[STDERR  ] 2018-04-04T18:37:06.932484624Z: [    2.831895] 9pnet: Installing 9P2000 support
[STDERR  ] 2018-04-04T18:37:06.932504156Z: [    2.837261] Key type dns_resolver registered
[STDERR  ] 2018-04-04T18:37:06.932516630Z: [    2.842898] registered taskstats version 1
[STDERR  ] 2018-04-04T18:37:06.932524765Z: [    2.854128] Key type big_key registered
[STDERR  ] 2018-04-04T18:37:06.932532680Z: [    2.862107] Key type trusted registered
[STDERR  ] 2018-04-04T18:37:06.932540738Z: [    2.869963] Key type encrypted registered
[STDERR  ] 2018-04-04T18:37:06.932572470Z: [    2.875051] ima: No TPM chip found, activating TPM-bypass! (rc=-19)
[STDERR  ] 2018-04-04T18:37:06.932589516Z: [    2.883517] evm: HMAC attrs: 0x1
[STDERR  ] 2018-04-04T18:37:06.932604723Z: [    2.889290] rtc_cmos 00:00: setting system clock to 2018-04-04 18:37:01 UTC (1522867021)
[STDERR  ] 2018-04-04T18:37:06.932619053Z: [    2.903826] Freeing unused kernel memory: 1516K
[STDERR  ] 2018-04-04T18:37:06.932632440Z: [    2.909683] Write protecting the kernel read-only data: 18432k
[STDERR  ] 2018-04-04T18:37:06.932644540Z: [    2.917967] Freeing unused kernel memory: 2024K
[STDERR  ] 2018-04-04T18:37:06.932652634Z: [    2.927331] Freeing unused kernel memory: 1084K
[STDERR  ] 2018-04-04T18:37:06.932660494Z: 
[STDERR  ] 2018-04-04T18:37:06.932668534Z: Welcome to LinuxKit
[STDERR  ] 2018-04-04T18:37:06.932676731Z: 
[STDERR  ] 2018-04-04T18:37:06.932684581Z:                         ##         .
[STDERR  ] 2018-04-04T18:37:06.932693080Z:                   ## ## ##        ==
[STDERR  ] 2018-04-04T18:37:06.932701447Z:                ## ## ## ## ##    ===
[STDERR  ] 2018-04-04T18:37:06.932716379Z:            /"""""""""""""""""\___/ ===
[STDERR  ] 2018-04-04T18:37:06.932724354Z:           {                       /  ===-
[STDERR  ] 2018-04-04T18:37:06.932732187Z:            \______ O           __/
[STDERR  ] 2018-04-04T18:37:06.932741154Z:              \    \         __/
[STDERR  ] 2018-04-04T18:37:06.932749819Z:               \____\_______/
[STDERR  ] 2018-04-04T18:37:06.932757602Z: 
[STDERR  ] 2018-04-04T18:37:06.932768046Z: [    3.749803] RPC: Registered named UNIX socket transport module.
[STDERR  ] 2018-04-04T18:37:06.932776304Z: [    3.757373] RPC: Registered udp transport module.
[STDERR  ] 2018-04-04T18:37:06.932784151Z: [    3.763305] RPC: Registered tcp transport module.
[STDERR  ] 2018-04-04T18:37:06.932792097Z: [    3.769262] RPC: Registered tcp NFSv4.1 backchannel transport module.
[STDERR  ] 2018-04-04T18:37:06.932801271Z: [    3.782588] FS-Cache: Netfs 'nfs' registered for caching
[STDERR  ] 2018-04-04T18:37:06.932809284Z: [    3.793819] Installing knfsd (copyright (C) 1996 okir@monad.swb.de).
[STDERR  ] 2018-04-04T18:37:06.932818067Z: [    3.802521] ntfs: driver 2.1.32 [Flags: R/O MODULE].
[STDERR  ] 2018-04-04T18:37:06.932825744Z: starting kernel config sanity test with /proc/config.gz
[STDERR  ] 2018-04-04T18:37:06.932833374Z: kernel config test succeeded!
[STDERR  ] 2018-04-04T18:37:06.932841364Z: [37minfo: reading kernel config from /proc/config.gz ...[m
[STDERR  ] 2018-04-04T18:37:06.932854077Z: 
[STDERR  ] 2018-04-04T18:37:06.932862061Z: Generally Necessary:
[STDERR  ] 2018-04-04T18:37:06.932870648Z: - [37mcgroup hierarchy[m: [32mproperly mounted[m [/sys/fs/cgroup]
[STDERR  ] 2018-04-04T18:37:06.932879206Z: - [37mCONFIG_NAMESPACES[m: [32menabled[m
[STDERR  ] 2018-04-04T18:37:06.932889146Z: - [37mCONFIG_NET_NS[m: [32menabled[m
[STDERR  ] 2018-04-04T18:37:06.932896769Z: - [37mCONFIG_PID_NS[m: [32menabled[m
[STDERR  ] 2018-04-04T18:37:06.932904402Z: - [37mCONFIG_IPC_NS[m: [32menabled[m
[STDERR  ] 2018-04-04T18:37:06.932912085Z: - [37mCONFIG_UTS_NS[m: [32menabled[m
[STDERR  ] 2018-04-04T18:37:06.932919735Z: - [37mCONFIG_CGROUPS[m: [32menabled[m
[STDERR  ] 2018-04-04T18:37:06.932927402Z: - [37mCONFIG_CGROUP_CPUACCT[m: [32menabled[m
[STDERR  ] 2018-04-04T18:37:06.932935231Z: - [37mCONFIG_CGROUP_DEVICE[m: [32menabled[m
[STDERR  ] 2018-04-04T18:37:06.932942949Z: - [37mCONFIG_CGROUP_FREEZER[m: [32menabled[m
[STDERR  ] 2018-04-04T18:37:06.932951238Z: - [37mCONFIG_CGROUP_SCHED[m: [32menabled[m
[STDERR  ] 2018-04-04T18:37:06.932962522Z: - [37mCONFIG_CPUSETS[m: [32menabled[m
[STDERR  ] 2018-04-04T18:37:06.932971723Z: - [37mCONFIG_MEMCG[m: [32menabled[m
[STDERR  ] 2018-04-04T18:37:06.932984922Z: - [37mCONFIG_KEYS[m: [32menabled[m
[STDERR  ] 2018-04-04T18:37:06.932992955Z: - [37mCONFIG_VETH[m: [32menabled[m
[STDERR  ] 2018-04-04T18:37:06.933000929Z: - [37mCONFIG_BRIDGE[m: [32menabled[m
[STDERR  ] 2018-04-04T18:37:06.933013973Z: - [37mCONFIG_BRIDGE_NETFILTER[m: [32menabled[m
[STDERR  ] 2018-04-04T18:37:06.933023648Z: - [37mCONFIG_NF_NAT_IPV4[m: [32menabled[m
[STDERR  ] 2018-04-04T18:37:06.933031643Z: - [37mCONFIG_IP_NF_FILTER[m: [32menabled[m
[STDERR  ] 2018-04-04T18:37:06.933039411Z: - [37mCONFIG_IP_NF_TARGET_MASQUERADE[m: [32menabled[m
[STDERR  ] 2018-04-04T18:37:06.933049900Z: - [37mCONFIG_NETFILTER_XT_MATCH_ADDRTYPE[m: [32menabled[m
[STDERR  ] 2018-04-04T18:37:06.933057880Z: - [37mCONFIG_NETFILTER_XT_MATCH_CONNTRACK[m: [32menabled[m
[STDERR  ] 2018-04-04T18:37:06.933066227Z: - [37mCONFIG_NETFILTER_XT_MATCH_IPVS[m: [32menabled[m
[STDERR  ] 2018-04-04T18:37:06.933074226Z: - [37mCONFIG_IP_NF_NAT[m: [32menabled[m
[STDERR  ] 2018-04-04T18:37:06.933082101Z: - [37mCONFIG_NF_NAT[m: [32menabled[m
[STDERR  ] 2018-04-04T18:37:06.933092294Z: - [37mCONFIG_NF_NAT_NEEDED[m: [32menabled[m
[STDERR  ] 2018-04-04T18:37:06.933102188Z: - [37mCONFIG_POSIX_MQUEUE[m: [32menabled[m
[STDERR  ] 2018-04-04T18:37:06.933109921Z: 
[STDERR  ] 2018-04-04T18:37:06.933117892Z: Optional Features:
[STDERR  ] 2018-04-04T18:37:06.933126290Z: - [37mCONFIG_USER_NS[m: [32menabled[m
[STDERR  ] 2018-04-04T18:37:06.933134056Z: - [37mCONFIG_SECCOMP[m: [32menabled[m
[STDERR  ] 2018-04-04T18:37:06.933141803Z: - [37mCONFIG_CGROUP_PIDS[m: [32menabled[m
[STDERR  ] 2018-04-04T18:37:06.933149518Z: - [37mCONFIG_MEMCG_SWAP[m: [32menabled[m
[STDERR  ] 2018-04-04T18:37:06.933157216Z: - [37mCONFIG_MEMCG_SWAP_ENABLED[m: [32menabled[m
[STDERR  ] 2018-04-04T18:37:06.933165198Z:     [1;30m(cgroup swap accounting is currently enabled)[m
[STDERR  ] 2018-04-04T18:37:06.933173090Z: - [1mCONFIG_LEGACY_VSYSCALL_NONE[m: [1;31menabled[m
[STDERR  ] 2018-04-04T18:37:06.933181008Z:     [1;30m(containers using eglibc <= 2.13 will not work. Switch to[m
[STDERR  ] 2018-04-04T18:37:06.933189612Z:     [1;30m "CONFIG_VSYSCALL_[NATIVE|EMULATE]" or use "vsyscall=[native|emulate]"[m
[STDERR  ] 2018-04-04T18:37:06.933197498Z:     [1;30m on kernel command line. Note that this will disable ASLR for the,[m
[STDERR  ] 2018-04-04T18:37:06.933206016Z:     [1;30m VDSO which may assist in exploiting security vulnerabilities.)[m
[STDERR  ] 2018-04-04T18:37:06.933213721Z: - [37mCONFIG_BLK_CGROUP[m: [32menabled[m
[STDERR  ] 2018-04-04T18:37:06.933221418Z: - [37mCONFIG_BLK_DEV_THROTTLING[m: [32menabled[m
[STDERR  ] 2018-04-04T18:37:06.933230856Z: - [37mCONFIG_IOSCHED_CFQ[m: [32menabled[m
[STDERR  ] 2018-04-04T18:37:06.933238501Z: - [37mCONFIG_CFQ_GROUP_IOSCHED[m: [32menabled[m
[STDERR  ] 2018-04-04T18:37:06.933249974Z: - [37mCONFIG_CGROUP_PERF[m: [32menabled[m
[STDERR  ] 2018-04-04T18:37:06.933257696Z: - [37mCONFIG_CGROUP_HUGETLB[m: [32menabled[m
[STDERR  ] 2018-04-04T18:37:06.933265560Z: - [37mCONFIG_NET_CLS_CGROUP[m: [32menabled[m
[STDERR  ] 2018-04-04T18:37:06.933273371Z: - [37mCONFIG_CGROUP_NET_PRIO[m: [32menabled[m
[STDERR  ] 2018-04-04T18:37:06.933281253Z: - [37mCONFIG_CFS_BANDWIDTH[m: [32menabled[m
[STDERR  ] 2018-04-04T18:37:06.933296642Z: - [37mCONFIG_FAIR_GROUP_SCHED[m: [32menabled[m
[STDERR  ] 2018-04-04T18:37:06.933311488Z: - [37mCONFIG_RT_GROUP_SCHED[m: [32menabled[m
[STDERR  ] 2018-04-04T18:37:06.933326077Z: - [37mCONFIG_IP_VS[m: [32menabled[m
[STDERR  ] 2018-04-04T18:37:06.933340209Z: - [37mCONFIG_IP_VS_NFCT[m: [32menabled[m
[STDERR  ] 2018-04-04T18:37:06.933353222Z: - [37mCONFIG_IP_VS_RR[m: [32menabled[m
[STDERR  ] 2018-04-04T18:37:06.933362422Z: - [37mCONFIG_EXT4_FS[m: [32menabled[m
[STDERR  ] 2018-04-04T18:37:06.933373322Z: - [37mCONFIG_EXT4_FS_POSIX_ACL[m: [32menabled[m
[STDERR  ] 2018-04-04T18:37:06.933388519Z: - [37mCONFIG_EXT4_FS_SECURITY[m: [32menabled[m
[STDERR  ] 2018-04-04T18:37:06.933396828Z: - Network Drivers:
[STDERR  ] 2018-04-04T18:37:06.933405028Z:   - "[34moverlay[m":
[STDERR  ] 2018-04-04T18:37:06.933413524Z:     - [37mCONFIG_VXLAN[m: [32menabled[m
[STDERR  ] 2018-04-04T18:37:06.933421257Z:       Optional (for encrypted networks):
[STDERR  ] 2018-04-04T18:37:06.933428970Z:       - [37mCONFIG_CRYPTO[m: [32menabled[m
[STDERR  ] 2018-04-04T18:37:06.933439295Z:       - [37mCONFIG_CRYPTO_AEAD[m: [32menabled[m
[STDERR  ] 2018-04-04T18:37:06.933447003Z:       - [37mCONFIG_CRYPTO_GCM[m: [32menabled[m
[STDERR  ] 2018-04-04T18:37:06.933454696Z:       - [37mCONFIG_CRYPTO_SEQIV[m: [32menabled[m
[STDERR  ] 2018-04-04T18:37:06.933462420Z:       - [37mCONFIG_CRYPTO_GHASH[m: [32menabled[m
[STDERR  ] 2018-04-04T18:37:06.933470149Z:       - [37mCONFIG_XFRM[m: [32menabled[m
[STDERR  ] 2018-04-04T18:37:06.933477858Z:       - [37mCONFIG_XFRM_USER[m: [32menabled (as module)[m
[STDERR  ] 2018-04-04T18:37:06.933487823Z:       - [37mCONFIG_XFRM_ALGO[m: [32menabled (as module)[m
[STDERR  ] 2018-04-04T18:37:06.933502451Z:       - [37mCONFIG_INET_ESP[m: [32menabled (as module)[m
[STDERR  ] 2018-04-04T18:37:06.933510294Z:       - [37mCONFIG_INET_XFRM_MODE_TRANSPORT[m: [32menabled (as module)[m
[STDERR  ] 2018-04-04T18:37:06.933518503Z:   - "[34mipvlan[m":
[STDERR  ] 2018-04-04T18:37:06.933527251Z:     - [37mCONFIG_IPVLAN[m: [32menabled[m
[STDERR  ] 2018-04-04T18:37:06.933534963Z:   - "[34mmacvlan[m":
[STDERR  ] 2018-04-04T18:37:06.933542770Z:     - [37mCONFIG_MACVLAN[m: [32menabled[m
[STDERR  ] 2018-04-04T18:37:06.933550538Z:     - [37mCONFIG_DUMMY[m: [32menabled (as module)[m
[STDERR  ] 2018-04-04T18:37:06.933561160Z:   - "[34mftp,tftp client in container[m":
[STDERR  ] 2018-04-04T18:37:06.933569080Z:     - [37mCONFIG_NF_NAT_FTP[m: [32menabled[m
[STDERR  ] 2018-04-04T18:37:06.933577100Z:     - [37mCONFIG_NF_CONNTRACK_FTP[m: [32menabled[m
[STDERR  ] 2018-04-04T18:37:06.933585089Z:     - [37mCONFIG_NF_NAT_TFTP[m: [32menabled[m
[STDERR  ] 2018-04-04T18:37:06.933594854Z:     - [37mCONFIG_NF_CONNTRACK_TFTP[m: [32menabled[m
[STDERR  ] 2018-04-04T18:37:06.933602663Z: - Storage Drivers:
[STDERR  ] 2018-04-04T18:37:06.933610973Z:   - "[34maufs[m":
[STDERR  ] 2018-04-04T18:37:06.933618981Z:     - [1mCONFIG_AUFS_FS[m: [1;31mmissing[m
[STDERR  ] 2018-04-04T18:37:06.933626633Z:   - "[34mbtrfs[m":
[STDERR  ] 2018-04-04T18:37:06.933634434Z:     - [37mCONFIG_BTRFS_FS[m: [32menabled (as module)[m
[STDERR  ] 2018-04-04T18:37:06.933644030Z:     - [37mCONFIG_BTRFS_FS_POSIX_ACL[m: [32menabled[m
[STDERR  ] 2018-04-04T18:37:06.933651931Z:   - "[34mdevicemapper[m":
[STDERR  ] 2018-04-04T18:37:06.933659705Z:     - [37mCONFIG_BLK_DEV_DM[m: [32menabled[m
[STDERR  ] 2018-04-04T18:37:06.933667491Z:     - [37mCONFIG_DM_THIN_PROVISIONING[m: [32menabled[m
[STDERR  ] 2018-04-04T18:37:06.933679237Z:   - "[34moverlay[m":
[STDERR  ] 2018-04-04T18:37:06.933687917Z:     - [37mCONFIG_OVERLAY_FS[m: [32menabled[m
[STDERR  ] 2018-04-04T18:37:06.933695643Z:   - "[34mzfs[m":
[STDERR  ] 2018-04-04T18:37:06.933709528Z:     - [1m/dev/zfs[m: [1;31mmissing[m
[STDERR  ] 2018-04-04T18:37:06.933717652Z:     - [1mzfs command[m: [1;31mmissing[m
[STDERR  ] 2018-04-04T18:37:06.933725411Z:     - [1mzpool command[m: [1;31mmissing[m
[STDERR  ] 2018-04-04T18:37:06.933733030Z: 
[STDERR  ] 2018-04-04T18:37:06.933741097Z: Limits:
[STDERR  ] 2018-04-04T18:37:06.933749430Z: [37m- /proc/sys/kernel/keys/root_maxkeys[m: [32m1000000[m
[STDERR  ] 2018-04-04T18:37:06.933759061Z: 
[STDERR  ] 2018-04-04T18:37:06.933767085Z: Kernel config test suite PASSED
[STDERR  ] 2018-04-04T18:37:06.933775519Z: [    7.990848] ACPI: Preparing to enter system sleep state S5
[STDERR  ] 2018-04-04T18:37:06.933783419Z: [    7.997541] reboot: Power down
[STDERR  ] 2018-04-04T18:37:06.933791428Z: + grep -q suite PASSED
[STDERR  ] 2018-04-04T18:37:06.933803023Z: + exit 0
[STDERR  ] 2018-04-04T18:37:06.933811746Z: + clean_up
[STDERR  ] 2018-04-04T18:37:06.933820241Z: + rm -rf kconfig-cmdline kconfig-initrd.img kconfig-kernel kconfig-state
[PASS    ] linuxkit.kernel.config_4.15.x 31.80s
