[INFO    ] 2017-11-03T15:46:56.428920612Z: Running Test linuxkit.packages.extend.ext4 in /tmp/with_clone97b9c48/test/cases/040_packages/005_extend/000_ext4
[INFO    ] 2017-11-03T15:46:56.429067229Z: Running command: [/bin/sh -x /tmp/with_clone97b9c48/test/cases/040_packages/005_extend/000_ext4/test.sh]
[STDERR  ] 2017-11-03T15:46:56.429602395Z: + set -ex
[STDERR  ] 2017-11-03T15:46:56.429653491Z: + . /tmp/with_clone97b9c48/test/cases/_lib/lib.sh
[STDERR  ] 2017-11-03T15:46:56.42966843Z: + [ -f src/github.com/linuxkit/rtf/lib/lib.sh ]
[STDERR  ] 2017-11-03T15:46:56.429682321Z: + LINUXKIT_TMPDIR=/tmp/with_clone97b9c48/test/cases/_tmp
[STDERR  ] 2017-11-03T15:46:56.429696126Z: + [ -f /tmp/with_clone97b9c48/test/cases/_tmp/env.sh ]
[STDERR  ] 2017-11-03T15:46:56.429709816Z: + . /tmp/with_clone97b9c48/test/cases/_tmp/env.sh
[STDERR  ] 2017-11-03T15:46:56.429726003Z: + export LINUXKIT_EXAMPLES_DIR=/tmp/with_clone97b9c48/test/cases/../../examples
[STDERR  ] 2017-11-03T15:46:56.42974018Z: + export LINUXKIT_BLUEPRINTS_DIR=/tmp/with_clone97b9c48/test/cases/../../blueprints
[STDERR  ] 2017-11-03T15:46:56.429754446Z: + RT_CANCEL=253
[STDERR  ] 2017-11-03T15:46:56.429768884Z: + NAME_CREATE=create-ext4
[STDERR  ] 2017-11-03T15:46:56.429781647Z: + NAME_EXTEND=extend-ext4
[STDERR  ] 2017-11-03T15:46:56.42980462Z: + DISK=disk.img
[STDERR  ] 2017-11-03T15:46:56.429817266Z: + trap clean_up EXIT
[STDERR  ] 2017-11-03T15:46:56.429830484Z: + moby build -name create-ext4 -format kernel+initrd test-create.yml
[STDERR  ] 2017-11-03T15:46:56.439144264Z: Extract kernel image: linuxkit/kernel:4.9.59
[STDERR  ] 2017-11-03T15:47:01.877453633Z: Add init containers:
[STDERR  ] 2017-11-03T15:47:01.877521239Z: Process init image: linuxkit/init:42a92119e1ca10380e0d33e26c0cbcf85b9b3558
[STDERR  ] 2017-11-03T15:47:03.895096384Z: Process init image: linuxkit/runc:817fdc592eac6cb7804fa1721a43a7f6e23fb50f
[STDERR  ] 2017-11-03T15:47:05.530073099Z: Add onboot containers:
[STDERR  ] 2017-11-03T15:47:05.531333759Z:   Create OCI config for linuxkit/format:10e75e78e1f134d310c62e9a0352df1c67b0dd81
[STDERR  ] 2017-11-03T15:47:06.587650384Z: time="2017-11-03T15:47:06Z" level=warning msg="certificate with CN Rolf Neugebauer is near expiry" 
[STDERR  ] 2017-11-03T15:47:06.590199028Z: time="2017-11-03T15:47:06Z" level=warning msg="certificate with CN Rolf Neugebauer is near expiry" 
[STDERR  ] 2017-11-03T15:47:07.507848152Z:   Create OCI config for linuxkit/mount:41685ecc8039643948e5dff46e17584753469a7a
[STDERR  ] 2017-11-03T15:47:08.521222513Z: time="2017-11-03T15:47:08Z" level=warning msg="certificate with CN Rolf Neugebauer is near expiry" 
[STDERR  ] 2017-11-03T15:47:08.523826636Z: time="2017-11-03T15:47:08Z" level=warning msg="certificate with CN Rolf Neugebauer is near expiry" 
[STDERR  ] 2017-11-03T15:47:09.093096621Z:   Create OCI config for alpine:3.6
[STDERR  ] 2017-11-03T15:47:10.67273223Z:   Create OCI config for linuxkit/poweroff:280bd01daa8776fbe1f4d912977f1886b8374834
[STDERR  ] 2017-11-03T15:47:11.673868777Z: time="2017-11-03T15:47:11Z" level=warning msg="certificate with CN Rolf Neugebauer is near expiry" 
[STDERR  ] 2017-11-03T15:47:11.675438285Z: time="2017-11-03T15:47:11Z" level=warning msg="certificate with CN Rolf Neugebauer is near expiry" 
[STDERR  ] 2017-11-03T15:47:12.242148965Z: Create outputs:
[STDERR  ] 2017-11-03T15:47:17.485307266Z:   create-ext4-kernel create-ext4-initrd.img create-ext4-cmdline
[STDERR  ] 2017-11-03T15:47:17.726388526Z: + linuxkit run -disk file=disk.img,format=raw,size=256M create-ext4
[STDOUT  ] 2017-11-03T15:47:19.375338506Z: [    0.000000] Linux version 4.9.59-linuxkit (root@01324b49428a) (gcc version 6.3.0 (Alpine 6.3.0) ) #1 SMP Sat Oct 28 17:03:21 UTC 2017
[STDOUT  ] 2017-11-03T15:47:19.375968079Z: [    0.000000] Command line: console=ttyS0
[STDOUT  ] 2017-11-03T15:47:19.376509351Z: [    0.000000] x86/fpu: Legacy x87 FPU detected.
[STDOUT  ] 2017-11-03T15:47:19.377153162Z: [    0.000000] x86/fpu: Using 'eager' FPU context switches.
[STDOUT  ] 2017-11-03T15:47:19.377775353Z: [    0.000000] e820: BIOS-provided physical RAM map:
[STDOUT  ] 2017-11-03T15:47:19.378595364Z: [    0.000000] BIOS-e820: [mem 0x0000000000000000-0x000000000009fbff] usable
[STDOUT  ] 2017-11-03T15:47:19.379435591Z: [    0.000000] BIOS-e820: [mem 0x000000000009fc00-0x000000000009ffff] reserved
[STDOUT  ] 2017-11-03T15:47:19.38026882Z: [    0.000000] BIOS-e820: [mem 0x00000000000f0000-0x00000000000fffff] reserved
[STDOUT  ] 2017-11-03T15:47:19.381068978Z: [    0.000000] BIOS-e820: [mem 0x0000000000100000-0x000000003ffdefff] usable
[STDOUT  ] 2017-11-03T15:47:19.381905749Z: [    0.000000] BIOS-e820: [mem 0x000000003ffdf000-0x000000003fffffff] reserved
[STDOUT  ] 2017-11-03T15:47:19.38274026Z: [    0.000000] BIOS-e820: [mem 0x00000000b0000000-0x00000000bfffffff] reserved
[STDOUT  ] 2017-11-03T15:47:19.38355795Z: [    0.000000] BIOS-e820: [mem 0x00000000fed1c000-0x00000000fed1ffff] reserved
[STDOUT  ] 2017-11-03T15:47:19.384395031Z: [    0.000000] BIOS-e820: [mem 0x00000000fffc0000-0x00000000ffffffff] reserved
[STDOUT  ] 2017-11-03T15:47:19.38498512Z: [    0.000000] NX (Execute Disable) protection: active
[STDOUT  ] 2017-11-03T15:47:19.385385208Z: [    0.000000] SMBIOS 2.8 present.
[STDOUT  ] 2017-11-03T15:47:19.386096524Z: [    0.000000] e820: last_pfn = 0x3ffdf max_arch_pfn = 0x400000000
[STDOUT  ] 2017-11-03T15:47:19.386954283Z: [    0.000000] x86/PAT: Configuration [0-7]: WB  WC  UC- UC  WB  WC  UC- WT  
[STDOUT  ] 2017-11-03T15:47:19.388532226Z: [    0.000000] found SMP MP-table at [mem 0x000f6aa0-0x000f6aaf] mapped at [ffff9776400f6aa0]
[STDOUT  ] 2017-11-03T15:47:19.389117762Z: [    0.000000] RAMDISK: [mem 0x3e03e000-0x3ffcffff]
[STDOUT  ] 2017-11-03T15:47:19.389909472Z: [    0.000000] ACPI: Early table checksum verification disabled
[STDOUT  ] 2017-11-03T15:47:19.390610355Z: [    0.000000] ACPI: RSDP 0x00000000000F68C0 000014 (v00 BOCHS )
[STDOUT  ] 2017-11-03T15:47:19.391621423Z: [    0.000000] ACPI: RSDT 0x000000003FFE2404 000034 (v01 BOCHS  BXPCRSDT 00000001 BXPC 00000001)
[STDOUT  ] 2017-11-03T15:47:19.39271489Z: [    0.000000] ACPI: FACP 0x000000003FFE22A4 000074 (v01 BOCHS  BXPCFACP 00000001 BXPC 00000001)
[STDOUT  ] 2017-11-03T15:47:19.393731131Z: [    0.000000] ACPI: DSDT 0x000000003FFE0040 002264 (v01 BOCHS  BXPCDSDT 00000001 BXPC 00000001)
[STDOUT  ] 2017-11-03T15:47:19.394297598Z: [    0.000000] ACPI: FACS 0x000000003FFE0000 000040
[STDOUT  ] 2017-11-03T15:47:19.395315452Z: [    0.000000] ACPI: APIC 0x000000003FFE2318 000078 (v01 BOCHS  BXPCAPIC 00000001 BXPC 00000001)
[STDOUT  ] 2017-11-03T15:47:19.3963178Z: [    0.000000] ACPI: HPET 0x000000003FFE2390 000038 (v01 BOCHS  BXPCHPET 00000001 BXPC 00000001)
[STDOUT  ] 2017-11-03T15:47:19.397333197Z: [    0.000000] ACPI: MCFG 0x000000003FFE23C8 00003C (v01 BOCHS  BXPCMCFG 00000001 BXPC 00000001)
[STDOUT  ] 2017-11-03T15:47:19.397754535Z: [    0.000000] Zone ranges:
[STDOUT  ] 2017-11-03T15:47:19.398516121Z: [    0.000000]   DMA      [mem 0x0000000000001000-0x0000000000ffffff]
[STDOUT  ] 2017-11-03T15:47:19.398839066Z: [    0.000000]   DMA32    [mem 0x0000000001000000-0x000000003ffdefff]
[STDOUT  ] 2017-11-03T15:47:19.398999611Z: [    0.000000]   Normal   empty
[STDOUT  ] 2017-11-03T15:47:19.399225927Z: [    0.000000] Movable zone start for each node
[STDOUT  ] 2017-11-03T15:47:19.3994245Z: [    0.000000] Early memory node ranges
[STDOUT  ] 2017-11-03T15:47:19.399748043Z: [    0.000000]   node   0: [mem 0x0000000000001000-0x000000000009efff]
[STDOUT  ] 2017-11-03T15:47:19.400059047Z: [    0.000000]   node   0: [mem 0x0000000000100000-0x000000003ffdefff]
[STDOUT  ] 2017-11-03T15:47:19.400408557Z: [    0.000000] Initmem setup node 0 [mem 0x0000000000001000-0x000000003ffdefff]
[STDOUT  ] 2017-11-03T15:47:19.400616887Z: [    0.000000] ACPI: PM-Timer IO Port: 0x608
[STDOUT  ] 2017-11-03T15:47:19.400908392Z: [    0.000000] ACPI: LAPIC_NMI (acpi_id[0xff] dfl dfl lint[0x1])
[STDOUT  ] 2017-11-03T15:47:19.401257911Z: [    0.000000] IOAPIC[0]: apic_id 0, version 32, address 0xfec00000, GSI 0-23
[STDOUT  ] 2017-11-03T15:47:19.401579281Z: [    0.000000] ACPI: INT_SRC_OVR (bus 0 bus_irq 0 global_irq 2 dfl dfl)
[STDOUT  ] 2017-11-03T15:47:19.401887871Z: [    0.000000] ACPI: INT_SRC_OVR (bus 0 bus_irq 5 global_irq 5 high level)
[STDOUT  ] 2017-11-03T15:47:19.402203333Z: [    0.000000] ACPI: INT_SRC_OVR (bus 0 bus_irq 9 global_irq 9 high level)
[STDOUT  ] 2017-11-03T15:47:19.402537483Z: [    0.000000] ACPI: INT_SRC_OVR (bus 0 bus_irq 10 global_irq 10 high level)
[STDOUT  ] 2017-11-03T15:47:19.402868122Z: [    0.000000] ACPI: INT_SRC_OVR (bus 0 bus_irq 11 global_irq 11 high level)
[STDOUT  ] 2017-11-03T15:47:19.403165094Z: [    0.000000] Using ACPI (MADT) for SMP configuration information
[STDOUT  ] 2017-11-03T15:47:19.403433607Z: [    0.000000] ACPI: HPET id: 0x8086a201 base: 0xfed00000
[STDOUT  ] 2017-11-03T15:47:19.403677414Z: [    0.000000] smpboot: Allowing 1 CPUs, 0 hotplug CPUs
[STDOUT  ] 2017-11-03T15:47:19.404002889Z: [    0.000000] e820: [mem 0x40000000-0xafffffff] available for PCI devices
[STDOUT  ] 2017-11-03T15:47:19.404301052Z: [    0.000000] Booting paravirtualized kernel on bare hardware
[STDOUT  ] 2017-11-03T15:47:19.404804356Z: [    0.000000] clocksource: refined-jiffies: mask: 0xffffffff max_cycles: 0xffffffff, max_idle_ns: 19112604462750000 ns
[STDOUT  ] 2017-11-03T15:47:19.40518871Z: [    0.000000] setup_percpu: NR_CPUS:128 nr_cpumask_bits:128 nr_cpu_ids:1 nr_node_ids:1
[STDOUT  ] 2017-11-03T15:47:19.405591835Z: [    0.000000] percpu: Embedded 35 pages/cpu @ffff97767de00000 s105240 r8192 d29928 u2097152
[STDOUT  ] 2017-11-03T15:47:19.405993069Z: [    0.000000] Built 1 zonelists in Zone order, mobility grouping on.  Total pages: 257896
[STDOUT  ] 2017-11-03T15:47:19.406218995Z: [    0.000000] Kernel command line: console=ttyS0
[STDOUT  ] 2017-11-03T15:47:19.406519773Z: [    0.000000] PID hash table entries: 4096 (order: 3, 32768 bytes)
[STDOUT  ] 2017-11-03T15:47:19.406876796Z: [    0.000000] Dentry cache hash table entries: 131072 (order: 8, 1048576 bytes)
[STDOUT  ] 2017-11-03T15:47:19.407229518Z: [    0.000000] Inode-cache hash table entries: 65536 (order: 7, 524288 bytes)
[STDOUT  ] 2017-11-03T15:47:19.407889013Z: [    0.000000] Memory: 981844K/1048052K available (8053K kernel code, 1367K rwdata, 2704K rodata, 1380K init, 568K bss, 66208K reserved, 0K cma-reserved)
[STDOUT  ] 2017-11-03T15:47:19.408118314Z: [    0.000000] Hierarchical RCU implementation.
[STDOUT  ] 2017-11-03T15:47:19.408381731Z: [    0.000000] 	Build-time adjustment of leaf fanout to 64.
[STDOUT  ] 2017-11-03T15:47:19.408699828Z: [    0.000000] 	RCU restricting CPUs from NR_CPUS=128 to nr_cpu_ids=1.
[STDOUT  ] 2017-11-03T15:47:19.409038056Z: [    0.000000] RCU: Adjusting geometry for rcu_fanout_leaf=64, nr_cpu_ids=1
[STDOUT  ] 2017-11-03T15:47:19.409240246Z: [    0.000000] NR_IRQS:8448 nr_irqs:256 16
[STDOUT  ] 2017-11-03T15:47:19.409454657Z: [    0.000000] Console: colour VGA+ 80x25
[STDOUT  ] 2017-11-03T15:47:19.409752432Z: [    0.000000] console [ttyS0] enabled
[STDOUT  ] 2017-11-03T15:47:19.413105049Z: [    0.000000] clocksource: hpet: mask: 0xffffffff max_cycles: 0xffffffff, max_idle_ns: 19112604467 ns
[STDOUT  ] 2017-11-03T15:47:19.425680307Z: [    0.000000] tsc: Fast TSC calibration failed
[STDOUT  ] 2017-11-03T15:47:19.496607243Z: [    0.000000] tsc: Unable to calibrate against PIT
[STDOUT  ] 2017-11-03T15:47:19.496928919Z: [    0.000000] tsc: using HPET reference calibration
[STDOUT  ] 2017-11-03T15:47:19.497301485Z: [    0.000000] tsc: Detected 2292.747 MHz processor
[STDOUT  ] 2017-11-03T15:47:19.49952893Z: [    0.051347] Calibrating delay loop (skipped), value calculated using timer frequency.. 4585.49 BogoMIPS (lpj=22927470)
[STDOUT  ] 2017-11-03T15:47:19.499900746Z: [    0.052196] pid_max: default: 32768 minimum: 301
[STDOUT  ] 2017-11-03T15:47:19.500704799Z: [    0.053007] ACPI: Core revision 20160831
[STDOUT  ] 2017-11-03T15:47:19.544740467Z: [    0.099909] ACPI: 1 ACPI AML tables successfully acquired and loaded
[STDOUT  ] 2017-11-03T15:47:19.547744613Z: [    0.103042] Security Framework initialized
[STDOUT  ] 2017-11-03T15:47:19.548003884Z: [    0.103365] Yama: becoming mindful.
[STDOUT  ] 2017-11-03T15:47:19.550001264Z: [    0.105222] Mount-cache hash table entries: 2048 (order: 2, 16384 bytes)
[STDOUT  ] 2017-11-03T15:47:19.550423484Z: [    0.105629] Mountpoint-cache hash table entries: 2048 (order: 2, 16384 bytes)
[STDOUT  ] 2017-11-03T15:47:19.569030346Z: [    0.124361] Last level iTLB entries: 4KB 0, 2MB 0, 4MB 0
[STDOUT  ] 2017-11-03T15:47:19.569369643Z: [    0.124708] Last level dTLB entries: 4KB 0, 2MB 0, 4MB 0, 1GB 0
[STDOUT  ] 2017-11-03T15:47:19.873408479Z: [    0.428756] Freeing SMP alternatives memory: 20K
[STDOUT  ] 2017-11-03T15:47:19.881843902Z: [    0.437176] ftrace: allocating 35584 entries in 140 pages
[STDOUT  ] 2017-11-03T15:47:20.178650915Z: [    0.613595] smpboot: Max logical packages: 1
[STDOUT  ] 2017-11-03T15:47:20.183616982Z: [    0.618732] ..TIMER: vector=0x30 apic1=0 pin1=2 apic2=-1 pin2=-1
[STDOUT  ] 2017-11-03T15:47:20.395708662Z: [    0.720000] smpboot: CPU0: AMD QEMU Virtual CPU version 2.5+ (family: 0x6, model: 0x6, stepping: 0x3)
[STDOUT  ] 2017-11-03T15:47:20.396791748Z: [    0.720000] Performance Events: PMU not available due to virtualization, using software events only.
[STDOUT  ] 2017-11-03T15:47:20.412178977Z: [    0.726774] NMI watchdog: disabled (cpu0): hardware events not enabled
[STDOUT  ] 2017-11-03T15:47:20.412477378Z: [    0.727079] NMI watchdog: Shutting down hard lockup detector on all cpus
[STDOUT  ] 2017-11-03T15:47:20.415007089Z: [    0.729654] x86: Booted up 1 node, 1 CPUs
[STDOUT  ] 2017-11-03T15:47:20.415882275Z: [    0.730116] smpboot: Total of 1 processors activated (4585.49 BogoMIPS)
[STDOUT  ] 2017-11-03T15:47:20.429224323Z: [    0.743977] devtmpfs: initialized
[STDOUT  ] 2017-11-03T15:47:20.43379059Z: [    0.748539] x86/mm: Memory block size: 128MB
[STDOUT  ] 2017-11-03T15:47:20.496783739Z: [    0.811397] clocksource: jiffies: mask: 0xffffffff max_cycles: 0xffffffff, max_idle_ns: 19112604462750000 ns
[STDOUT  ] 2017-11-03T15:47:20.497279929Z: [    0.812035] futex hash table entries: 256 (order: 2, 16384 bytes)
[STDOUT  ] 2017-11-03T15:47:20.506008023Z: [    0.820766] NET: Registered protocol family 16
[STDOUT  ] 2017-11-03T15:47:20.514896905Z: [    0.829702] cpuidle: using governor ladder
[STDOUT  ] 2017-11-03T15:47:20.51537942Z: [    0.830147] cpuidle: using governor menu
[STDOUT  ] 2017-11-03T15:47:20.516367448Z: [    0.831131] ACPI: bus type PCI registered
[STDOUT  ] 2017-11-03T15:47:20.519256915Z: [    0.833849] PCI: MMCONFIG for domain 0000 [bus 00-ff] at [mem 0xb0000000-0xbfffffff] (base 0xb0000000)
[STDOUT  ] 2017-11-03T15:47:20.519712964Z: [    0.834401] PCI: MMCONFIG at [mem 0xb0000000-0xbfffffff] reserved in E820
[STDOUT  ] 2017-11-03T15:47:20.52083711Z: [    0.835535] PCI: Using configuration type 1 for base access
[STDOUT  ] 2017-11-03T15:47:20.57436203Z: [    0.889104] HugeTLB registered 2 MB page size, pre-allocated 0 pages
[STDOUT  ] 2017-11-03T15:47:20.584093063Z: [    0.898872] ACPI: Added _OSI(Module Device)
[STDOUT  ] 2017-11-03T15:47:20.584341593Z: [    0.899110] ACPI: Added _OSI(Processor Device)
[STDOUT  ] 2017-11-03T15:47:20.584551057Z: [    0.899329] ACPI: Added _OSI(3.0 _SCP Extensions)
[STDOUT  ] 2017-11-03T15:47:20.584781471Z: [    0.899540] ACPI: Added _OSI(Processor Aggregator Device)
[STDOUT  ] 2017-11-03T15:47:20.660133944Z: [    0.974893] ACPI: Interpreter enabled
[STDOUT  ] 2017-11-03T15:47:20.660810236Z: [    0.975602] ACPI: (supports S0 S5)
[STDOUT  ] 2017-11-03T15:47:20.661097222Z: [    0.975836] ACPI: Using IOAPIC for interrupt routing
[STDOUT  ] 2017-11-03T15:47:20.662893363Z: [    0.977492] PCI: Using host bridge windows from ACPI; if necessary, use "pci=nocrs" and report a bug
[STDOUT  ] 2017-11-03T15:47:20.724744944Z: [    1.039494] ACPI: PCI Root Bridge [PCI0] (domain 0000 [bus 00-ff])
[STDOUT  ] 2017-11-03T15:47:20.725704465Z: [    1.040377] acpi PNP0A08:00: _OSC: OS supports [ExtendedConfig ASPM ClockPM Segments MSI]
[STDOUT  ] 2017-11-03T15:47:20.73109253Z: [    1.045797] acpi PNP0A08:00: _OSC: OS now controls [PCIeHotplug PME PCIeCapability]
[STDOUT  ] 2017-11-03T15:47:20.734320649Z: [    1.049152] PCI host bridge to bus 0000:00
[STDOUT  ] 2017-11-03T15:47:20.734751722Z: [    1.049503] pci_bus 0000:00: root bus resource [io  0x0000-0x0cf7 window]
[STDOUT  ] 2017-11-03T15:47:20.735145271Z: [    1.049819] pci_bus 0000:00: root bus resource [io  0x0d00-0xffff window]
[STDOUT  ] 2017-11-03T15:47:20.735549818Z: [    1.050066] pci_bus 0000:00: root bus resource [mem 0x000a0000-0x000bffff window]
[STDOUT  ] 2017-11-03T15:47:20.735864521Z: [    1.050392] pci_bus 0000:00: root bus resource [mem 0xc0000000-0xfebfffff window]
[STDOUT  ] 2017-11-03T15:47:20.736278433Z: [    1.050845] pci_bus 0000:00: root bus resource [bus 00-ff]
[STDOUT  ] 2017-11-03T15:47:20.84177786Z: [    1.155333] pci 0000:00:1f.0: quirk: [io  0x0600-0x067f] claimed by ICH6 ACPI/GPIO/TCO
[STDOUT  ] 2017-11-03T15:47:20.90023837Z: [    1.214715] ACPI: PCI Interrupt Link [LNKA] (IRQs 5 *10 11)
[STDOUT  ] 2017-11-03T15:47:20.90198008Z: [    1.216633] ACPI: PCI Interrupt Link [LNKB] (IRQs 5 *10 11)
[STDOUT  ] 2017-11-03T15:47:20.903595425Z: [    1.218236] ACPI: PCI Interrupt Link [LNKC] (IRQs 5 10 *11)
[STDOUT  ] 2017-11-03T15:47:20.905492308Z: [    1.219845] ACPI: PCI Interrupt Link [LNKD] (IRQs 5 10 *11)
[STDOUT  ] 2017-11-03T15:47:20.907105447Z: [    1.221470] ACPI: PCI Interrupt Link [LNKE] (IRQs 5 *10 11)
[STDOUT  ] 2017-11-03T15:47:20.90886117Z: [    1.223232] ACPI: PCI Interrupt Link [LNKF] (IRQs 5 *10 11)
[STDOUT  ] 2017-11-03T15:47:20.910455276Z: [    1.224838] ACPI: PCI Interrupt Link [LNKG] (IRQs 5 10 *11)
[STDOUT  ] 2017-11-03T15:47:20.912053773Z: [    1.226438] ACPI: PCI Interrupt Link [LNKH] (IRQs 5 10 *11)
[STDOUT  ] 2017-11-03T15:47:20.912723778Z: [    1.227170] ACPI: PCI Interrupt Link [GSIA] (IRQs *16)
[STDOUT  ] 2017-11-03T15:47:20.913254384Z: [    1.227706] ACPI: PCI Interrupt Link [GSIB] (IRQs *17)
[STDOUT  ] 2017-11-03T15:47:20.913780727Z: [    1.228234] ACPI: PCI Interrupt Link [GSIC] (IRQs *18)
[STDOUT  ] 2017-11-03T15:47:20.914303708Z: [    1.228759] ACPI: PCI Interrupt Link [GSID] (IRQs *19)
[STDOUT  ] 2017-11-03T15:47:20.914824822Z: [    1.229282] ACPI: PCI Interrupt Link [GSIE] (IRQs *20)
[STDOUT  ] 2017-11-03T15:47:20.915462077Z: [    1.230139] ACPI: PCI Interrupt Link [GSIF] (IRQs *21)
[STDOUT  ] 2017-11-03T15:47:20.915988479Z: [    1.230688] ACPI: PCI Interrupt Link [GSIG] (IRQs *22)
[STDOUT  ] 2017-11-03T15:47:20.916513883Z: [    1.231214] ACPI: PCI Interrupt Link [GSIH] (IRQs *23)
[STDOUT  ] 2017-11-03T15:47:20.919927826Z: [    1.234641] ACPI: Enabled 2 GPEs in block 00 to 3F
[STDOUT  ] 2017-11-03T15:47:20.923868199Z: [    1.238673] SCSI subsystem initialized
[STDOUT  ] 2017-11-03T15:47:20.926000474Z: [    1.240124] ACPI: bus type USB registered
[STDOUT  ] 2017-11-03T15:47:20.927064497Z: [    1.241108] usbcore: registered new interface driver usbfs
[STDOUT  ] 2017-11-03T15:47:20.927853752Z: [    1.241944] usbcore: registered new interface driver hub
[STDOUT  ] 2017-11-03T15:47:20.928514452Z: [    1.242614] usbcore: registered new device driver usb
[STDOUT  ] 2017-11-03T15:47:20.929531738Z: [    1.243638] pps_core: LinuxPPS API ver. 1 registered
[STDOUT  ] 2017-11-03T15:47:20.929898198Z: [    1.243866] pps_core: Software ver. 5.3.6 - Copyright 2005-2007 Rodolfo Giometti <giometti@linux.it>
[STDOUT  ] 2017-11-03T15:47:20.93022895Z: [    1.244368] PTP clock support registered
[STDOUT  ] 2017-11-03T15:47:20.931238782Z: [    1.245416] wmi: Mapper loaded
[STDOUT  ] 2017-11-03T15:47:20.932229211Z: [    1.246367] PCI: Using ACPI for IRQ routing
[STDOUT  ] 2017-11-03T15:47:20.950061956Z: [    1.264899] NetLabel: Initializing
[STDOUT  ] 2017-11-03T15:47:20.950271408Z: [    1.265083] NetLabel:  domain hash size = 128
[STDOUT  ] 2017-11-03T15:47:20.950491001Z: [    1.265287] NetLabel:  protocols = UNLABELED CIPSOv4
[STDOUT  ] 2017-11-03T15:47:20.952260355Z: [    1.267008] NetLabel:  unlabeled traffic allowed by default
[STDOUT  ] 2017-11-03T15:47:20.953062649Z: [    1.267795] HPET: 3 timers in total, 0 timers will be used for per-cpu timer
[STDOUT  ] 2017-11-03T15:47:20.953746127Z: [    1.268377] hpet0: at MMIO 0xfed00000, IRQs 2, 8, 0
[STDOUT  ] 2017-11-03T15:47:20.954020187Z: [    1.268798] hpet0: 3 comparators, 64-bit 100.000000 MHz counter
[STDOUT  ] 2017-11-03T15:47:20.959144664Z: [    1.273620] clocksource: Switched to clocksource hpet
[STDOUT  ] 2017-11-03T15:47:21.219477475Z: [    1.530557] VFS: Disk quotas dquot_6.6.0
[STDOUT  ] 2017-11-03T15:47:21.220180759Z: [    1.531200] VFS: Dquot-cache hash table entries: 512 (order 0, 4096 bytes)
[STDOUT  ] 2017-11-03T15:47:21.222463792Z: [    1.533601] FS-Cache: Loaded
[STDOUT  ] 2017-11-03T15:47:21.227149153Z: [    1.538311] CacheFiles: Loaded
[STDOUT  ] 2017-11-03T15:47:21.2287219Z: [    1.539877] pnp: PnP ACPI init
[STDOUT  ] 2017-11-03T15:47:21.240267946Z: [    1.551375] pnp: PnP ACPI: found 5 devices
[STDOUT  ] 2017-11-03T15:47:21.289163401Z: [    1.600061] clocksource: acpi_pm: mask: 0xffffff max_cycles: 0xffffff, max_idle_ns: 2085701024 ns
[STDOUT  ] 2017-11-03T15:47:21.291664225Z: [    1.602765] NET: Registered protocol family 2
[STDOUT  ] 2017-11-03T15:47:21.298841415Z: [    1.609814] TCP established hash table entries: 8192 (order: 4, 65536 bytes)
[STDOUT  ] 2017-11-03T15:47:21.29953685Z: [    1.610566] TCP bind hash table entries: 8192 (order: 5, 131072 bytes)
[STDOUT  ] 2017-11-03T15:47:21.300080651Z: [    1.611114] TCP: Hash tables configured (established 8192 bind 8192)
[STDOUT  ] 2017-11-03T15:47:21.301810819Z: [    1.612861] UDP hash table entries: 512 (order: 2, 16384 bytes)
[STDOUT  ] 2017-11-03T15:47:21.302236092Z: [    1.613284] UDP-Lite hash table entries: 512 (order: 2, 16384 bytes)
[STDOUT  ] 2017-11-03T15:47:21.30428347Z: [    1.615398] NET: Registered protocol family 1
[STDOUT  ] 2017-11-03T15:47:21.305256799Z: [    1.616242] pci 0000:00:01.0: Video device with shadowed ROM at [mem 0x000c0000-0x000dffff]
[STDOUT  ] 2017-11-03T15:47:21.313057613Z: [    1.624194] Unpacking initramfs...
[STDOUT  ] 2017-11-03T15:47:26.398657219Z: [    6.709770] Freeing initrd memory: 32328K
[STDOUT  ] 2017-11-03T15:47:26.422167822Z: [    6.733234] PCLMULQDQ-NI instructions are not detected.
[STDOUT  ] 2017-11-03T15:47:26.423164593Z: [    6.734241] AVX or AES-NI instructions are not detected.
[STDOUT  ] 2017-11-03T15:47:26.423488919Z: [    6.734564] CPU feature 'AVX registers' is not supported.
[STDOUT  ] 2017-11-03T15:47:26.423771261Z: [    6.734859] CPU feature 'AVX registers' is not supported.
[STDOUT  ] 2017-11-03T15:47:26.424046571Z: [    6.735135] CPU feature 'AVX registers' is not supported.
[STDOUT  ] 2017-11-03T15:47:26.424323777Z: [    6.735413] CPU feature 'AVX registers' is not supported.
[STDOUT  ] 2017-11-03T15:47:26.424591851Z: [    6.735684] AVX2 or AES-NI instructions are not detected.
[STDOUT  ] 2017-11-03T15:47:26.4248324Z: [    6.735951] AVX2 instructions are not detected.
[STDOUT  ] 2017-11-03T15:47:26.431885436Z: [    6.742933] audit: initializing netlink subsys (disabled)
[STDOUT  ] 2017-11-03T15:47:26.433432475Z: [    6.744485] audit: type=2000 audit(1509724044.740:1): initialized
[STDOUT  ] 2017-11-03T15:47:26.440889834Z: [    6.751907] workingset: timestamp_bits=46 max_order=18 bucket_order=0
[STDOUT  ] 2017-11-03T15:47:26.445163453Z: [    6.756217] squashfs: version 4.0 (2009/01/31) Phillip Lougher
[STDOUT  ] 2017-11-03T15:47:26.450174501Z: [    6.761232] FS-Cache: Netfs 'cifs' registered for caching
[STDOUT  ] 2017-11-03T15:47:26.450883226Z: [    6.762002] fuse init (API version 7.26)
[STDOUT  ] 2017-11-03T15:47:26.452942904Z: [    6.763983] SGI XFS with ACLs, security attributes, no debug enabled
[STDOUT  ] 2017-11-03T15:47:26.45650351Z: [    6.767557] 9p: Installing v9fs 9p2000 file system support
[STDOUT  ] 2017-11-03T15:47:26.456839749Z: [    6.767936] FS-Cache: Netfs '9p' registered for caching
[STDOUT  ] 2017-11-03T15:47:26.489959619Z: [    6.801049] NET: Registered protocol family 38
[STDOUT  ] 2017-11-03T15:47:26.49039323Z: [    6.801509] Key type asymmetric registered
[STDOUT  ] 2017-11-03T15:47:26.490678368Z: [    6.801773] Asymmetric key parser 'x509' registered
[STDOUT  ] 2017-11-03T15:47:26.491385189Z: [    6.802390] Block layer SCSI generic (bsg) driver version 0.4 loaded (major 251)
[STDOUT  ] 2017-11-03T15:47:26.49244997Z: [    6.803571] io scheduler noop registered
[STDOUT  ] 2017-11-03T15:47:26.492729007Z: [    6.803819] io scheduler deadline registered (default)
[STDOUT  ] 2017-11-03T15:47:26.49323451Z: [    6.804366] io scheduler cfq registered
[STDOUT  ] 2017-11-03T15:47:26.49562726Z: [    6.806683] pci_hotplug: PCI Hot Plug PCI Core version: 0.5
[STDOUT  ] 2017-11-03T15:47:26.49610337Z: [    6.807151] pciehp: PCI Express Hot Plug Controller Driver version: 0.4
[STDOUT  ] 2017-11-03T15:47:26.496750731Z: [    6.807796] shpchp: Standard Hot Plug PCI Controller Driver version: 0.4
[STDOUT  ] 2017-11-03T15:47:26.497328755Z: [    6.808439] hv_vmbus: registering driver hyperv_fb
[STDOUT  ] 2017-11-03T15:47:26.501976974Z: [    6.812974] input: Power Button as /devices/LNXSYSTM:00/LNXPWRBN:00/input/input0
[STDOUT  ] 2017-11-03T15:47:26.505883356Z: [    6.814625] ACPI: Power Button [PWRF]
[STDOUT  ] 2017-11-03T15:47:26.509019121Z: [    6.820104] GHES: HEST is not enabled!
[STDOUT  ] 2017-11-03T15:47:26.52020919Z: [    6.831242] ACPI: PCI Interrupt Link [GSIG] enabled at IRQ 22
[STDOUT  ] 2017-11-03T15:47:26.532009044Z: [    6.843044] ACPI: PCI Interrupt Link [GSIH] enabled at IRQ 23
[STDOUT  ] 2017-11-03T15:47:26.535620164Z: [    6.846665] xenfs: not registering filesystem on non-xen platform
[STDOUT  ] 2017-11-03T15:47:26.53735613Z: [    6.848397] Serial: 8250/16550 driver, 4 ports, IRQ sharing disabled
[STDOUT  ] 2017-11-03T15:47:26.563282243Z: [    6.874284] 00:04: ttyS0 at I/O 0x3f8 (irq = 4, base_baud = 115200) is a 16550A
[STDOUT  ] 2017-11-03T15:47:26.573336582Z: [    6.884426] Non-volatile memory driver v1.3
[STDOUT  ] 2017-11-03T15:47:26.579639264Z: [    6.890578] Hangcheck: starting hangcheck timer 0.9.1 (tick is 180 seconds, margin is 60 seconds).
[STDOUT  ] 2017-11-03T15:47:26.584312574Z: [    6.895460] random: fast init done
[STDOUT  ] 2017-11-03T15:47:26.585439444Z: [    6.896592] random: crng init done
[STDOUT  ] 2017-11-03T15:47:26.623882847Z: [    6.935025] loop: module loaded
[STDOUT  ] 2017-11-03T15:47:26.637809253Z: [    6.948923] nbd: registered device at major 43
[STDOUT  ] 2017-11-03T15:47:26.678451086Z: [    6.989509] lpc_ich 0000:00:1f.0: I/O space for GPIO uninitialized
[STDOUT  ] 2017-11-03T15:47:26.68010802Z: [    6.991185] VMware PVSCSI driver - version 1.0.7.0-k
[STDOUT  ] 2017-11-03T15:47:26.680711444Z: [    6.991799] hv_vmbus: registering driver hv_storvsc
[STDOUT  ] 2017-11-03T15:47:26.690471834Z: [    7.001514] ACPI: PCI Interrupt Link [GSIA] enabled at IRQ 16
[STDOUT  ] 2017-11-03T15:47:26.696359501Z: [    7.007340] ahci 0000:00:1f.2: AHCI 0001.0000 32 slots 6 ports 1.5 Gbps 0x3f impl SATA mode
[STDOUT  ] 2017-11-03T15:47:26.696725937Z: [    7.007830] ahci 0000:00:1f.2: flags: 64bit ncq only 
[STDOUT  ] 2017-11-03T15:47:26.717078331Z: [    7.028240] scsi host0: ahci
[STDOUT  ] 2017-11-03T15:47:26.720807129Z: [    7.031951] scsi host1: ahci
[STDOUT  ] 2017-11-03T15:47:26.722958974Z: [    7.034111] scsi host2: ahci
[STDOUT  ] 2017-11-03T15:47:26.725052941Z: [    7.036214] scsi host3: ahci
[STDOUT  ] 2017-11-03T15:47:26.727170797Z: [    7.038339] scsi host4: ahci
[STDOUT  ] 2017-11-03T15:47:26.729531453Z: [    7.040676] scsi host5: ahci
[STDOUT  ] 2017-11-03T15:47:26.731373009Z: [    7.042373] ata1: SATA max UDMA/133 abar m4096@0xfebd2000 port 0xfebd2100 irq 24
[STDOUT  ] 2017-11-03T15:47:26.731738631Z: [    7.042749] ata2: SATA max UDMA/133 abar m4096@0xfebd2000 port 0xfebd2180 irq 24
[STDOUT  ] 2017-11-03T15:47:26.732047504Z: [    7.043056] ata3: SATA max UDMA/133 abar m4096@0xfebd2000 port 0xfebd2200 irq 24
[STDOUT  ] 2017-11-03T15:47:26.732375173Z: [    7.043366] ata4: SATA max UDMA/133 abar m4096@0xfebd2000 port 0xfebd2280 irq 24
[STDOUT  ] 2017-11-03T15:47:26.732656329Z: [    7.043671] ata5: SATA max UDMA/133 abar m4096@0xfebd2000 port 0xfebd2300 irq 24
[STDOUT  ] 2017-11-03T15:47:26.732965138Z: [    7.043974] ata6: SATA max UDMA/133 abar m4096@0xfebd2000 port 0xfebd2380 irq 24
[STDOUT  ] 2017-11-03T15:47:26.745080415Z: [    7.056165] tun: Universal TUN/TAP device driver, 1.6
[STDOUT  ] 2017-11-03T15:47:26.745343768Z: [    7.056407] tun: (C) 1999-2004 Max Krasnyansky <maxk@qualcomm.com>
[STDOUT  ] 2017-11-03T15:47:26.756880907Z: [    7.067921] VMware vmxnet3 virtual NIC driver - version 1.4.a.0-k-NAPI
[STDOUT  ] 2017-11-03T15:47:26.757523102Z: [    7.068609] hv_vmbus: registering driver hv_netvsc
[STDOUT  ] 2017-11-03T15:47:26.757750365Z: [    7.068886] Fusion MPT base driver 3.04.20
[STDOUT  ] 2017-11-03T15:47:26.757966121Z: [    7.069080] Copyright (c) 1999-2008 LSI Corporation
[STDOUT  ] 2017-11-03T15:47:26.758404198Z: [    7.069535] Fusion MPT SPI Host driver 3.04.20
[STDOUT  ] 2017-11-03T15:47:26.760683133Z: [    7.071647] i8042: PNP: PS/2 Controller [PNP0303:KBD,PNP0f13:MOU] at 0x60,0x64 irq 1,12
[STDOUT  ] 2017-11-03T15:47:26.764227115Z: [    7.075318] serio: i8042 KBD port at 0x60,0x64 irq 1
[STDOUT  ] 2017-11-03T15:47:26.764723968Z: [    7.075820] serio: i8042 AUX port at 0x60,0x64 irq 12
[STDOUT  ] 2017-11-03T15:47:26.767562057Z: [    7.078607] hv_vmbus: registering driver hyperv_keyboard
[STDOUT  ] 2017-11-03T15:47:26.769775447Z: [    7.080814] mousedev: PS/2 mouse device common for all mice
[STDOUT  ] 2017-11-03T15:47:26.774397056Z: [    7.085365] input: AT Translated Set 2 keyboard as /devices/platform/i8042/serio0/input/input1
[STDOUT  ] 2017-11-03T15:47:26.776886579Z: [    7.087933] input: PC Speaker as /devices/platform/pcspkr/input/input2
[STDOUT  ] 2017-11-03T15:47:26.780332374Z: [    7.091420] rtc_cmos 00:00: RTC can wake from S4
[STDOUT  ] 2017-11-03T15:47:26.783560235Z: [    7.094607] rtc_cmos 00:00: rtc core: registered rtc_cmos as rtc0
[STDOUT  ] 2017-11-03T15:47:26.784672164Z: [    7.095685] rtc_cmos 00:00: alarms up to one day, y3k, 114 bytes nvram, hpet irqs
[STDOUT  ] 2017-11-03T15:47:26.785059833Z: [    7.096210] i2c /dev entries driver
[STDOUT  ] 2017-11-03T15:47:26.786864631Z: [    7.097841] device-mapper: ioctl: 4.35.0-ioctl (2016-06-23) initialised: dm-devel@redhat.com
[STDOUT  ] 2017-11-03T15:47:26.791326393Z: [    7.102361] usbcore: registered new interface driver usbhid
[STDOUT  ] 2017-11-03T15:47:26.79149987Z: [    7.102628] usbhid: USB HID core driver
[STDOUT  ] 2017-11-03T15:47:26.79201695Z: [    7.103097] hv_utils: Registering HyperV Utility Driver
[STDOUT  ] 2017-11-03T15:47:26.792276439Z: [    7.103331] hv_vmbus: registering driver hv_util
[STDOUT  ] 2017-11-03T15:47:26.79261473Z: [    7.103597] hv_vmbus: registering driver hv_balloon
[STDOUT  ] 2017-11-03T15:47:26.792957735Z: [    7.104084] oprofile: using NMI interrupt.
[STDOUT  ] 2017-11-03T15:47:26.79383732Z: [    7.104988] GACT probability on
[STDOUT  ] 2017-11-03T15:47:26.794215106Z: [    7.105358] Mirror/redirect action on
[STDOUT  ] 2017-11-03T15:47:26.794933338Z: [    7.106081] Simple TC action Loaded
[STDOUT  ] 2017-11-03T15:47:26.79536167Z: [    7.106541] u32 classifier
[STDOUT  ] 2017-11-03T15:47:26.795546929Z: [    7.106684]     Performance counters on
[STDOUT  ] 2017-11-03T15:47:26.795719333Z: [    7.106869]     input device check on
[STDOUT  ] 2017-11-03T15:47:26.795879738Z: [    7.107039]     Actions configured
[STDOUT  ] 2017-11-03T15:47:26.796383761Z: [    7.107500] Netfilter messages via NETLINK v0.30.
[STDOUT  ] 2017-11-03T15:47:26.796822573Z: [    7.107935] nfnl_acct: registering with nfnetlink.
[STDOUT  ] 2017-11-03T15:47:26.798074139Z: [    7.109138] nf_conntrack version 0.5.0 (8192 buckets, 32768 max)
[STDOUT  ] 2017-11-03T15:47:26.801270584Z: [    7.112340] ctnetlink v0.93: registering with nfnetlink.
[STDOUT  ] 2017-11-03T15:47:26.804197063Z: [    7.115236] nf_tables: (c) 2007-2009 Patrick McHardy <kaber@trash.net>
[STDOUT  ] 2017-11-03T15:47:26.804885033Z: [    7.115905] nf_tables_compat: (c) 2012 Pablo Neira Ayuso <pablo@netfilter.org>
[STDOUT  ] 2017-11-03T15:47:26.806951064Z: [    7.118070] xt_time: kernel timezone is -0000
[STDOUT  ] 2017-11-03T15:47:26.80734781Z: [    7.118521] ip_set: protocol 6
[STDOUT  ] 2017-11-03T15:47:26.808075169Z: [    7.119133] IPVS: Registered protocols (TCP, UDP, SCTP, AH, ESP)
[STDOUT  ] 2017-11-03T15:47:26.808569788Z: [    7.119603] IPVS: Connection hash table configured (size=4096, memory=64Kbytes)
[STDOUT  ] 2017-11-03T15:47:26.810213126Z: [    7.121307] IPVS: Creating netns size=2104 id=0
[STDOUT  ] 2017-11-03T15:47:26.812620353Z: [    7.123760] IPVS: ipvs loaded.
[STDOUT  ] 2017-11-03T15:47:26.812934935Z: [    7.124051] IPVS: [rr] scheduler registered.
[STDOUT  ] 2017-11-03T15:47:26.813180297Z: [    7.124298] IPVS: [wrr] scheduler registered.
[STDOUT  ] 2017-11-03T15:47:26.813384539Z: [    7.124498] IPVS: [lc] scheduler registered.
[STDOUT  ] 2017-11-03T15:47:26.813589299Z: [    7.124704] IPVS: [wlc] scheduler registered.
[STDOUT  ] 2017-11-03T15:47:26.813788664Z: [    7.124908] IPVS: [fo] scheduler registered.
[STDOUT  ] 2017-11-03T15:47:26.813990377Z: [    7.125109] IPVS: [ovf] scheduler registered.
[STDOUT  ] 2017-11-03T15:47:26.814311508Z: [    7.125421] IPVS: [lblc] scheduler registered.
[STDOUT  ] 2017-11-03T15:47:26.81463085Z: [    7.125747] IPVS: [lblcr] scheduler registered.
[STDOUT  ] 2017-11-03T15:47:26.814848053Z: [    7.125974] IPVS: [dh] scheduler registered.
[STDOUT  ] 2017-11-03T15:47:26.815049586Z: [    7.126174] IPVS: [sh] scheduler registered.
[STDOUT  ] 2017-11-03T15:47:26.815253508Z: [    7.126374] IPVS: [sed] scheduler registered.
[STDOUT  ] 2017-11-03T15:47:26.815495874Z: [    7.126580] IPVS: [nq] scheduler registered.
[STDOUT  ] 2017-11-03T15:47:26.816096885Z: [    7.127198] IPVS: ftp: loaded support on port[0] = 21
[STDOUT  ] 2017-11-03T15:47:26.816869029Z: [    7.127940] ipip: IPv4 and MPLS over IPv4 tunneling driver
[STDOUT  ] 2017-11-03T15:47:26.821104438Z: [    7.132180] gre: GRE over IPv4 demultiplexor driver
[STDOUT  ] 2017-11-03T15:47:26.823639447Z: [    7.134710] ip_tables: (C) 2000-2006 Netfilter Core Team
[STDOUT  ] 2017-11-03T15:47:26.826638952Z: [    7.137681] ipt_CLUSTERIP: ClusterIP Version 0.8 loaded successfully
[STDOUT  ] 2017-11-03T15:47:26.827167745Z: [    7.138240] arp_tables: arp_tables: (C) 2002 David S. Miller
[STDOUT  ] 2017-11-03T15:47:26.829635977Z: [    7.140721] NET: Registered protocol family 10
[STDOUT  ] 2017-11-03T15:47:26.838458447Z: [    7.149543] ip6_tables: (C) 2000-2006 Netfilter Core Team
[STDOUT  ] 2017-11-03T15:47:26.846338709Z: [    7.157442] NET: Registered protocol family 17
[STDOUT  ] 2017-11-03T15:47:26.847199944Z: [    7.158336] Bridge firewalling registered
[STDOUT  ] 2017-11-03T15:47:26.847646956Z: [    7.158801] Ebtables v2.0 registered
[STDOUT  ] 2017-11-03T15:47:26.849782142Z: [    7.160871] 8021q: 802.1Q VLAN Support v1.8
[STDOUT  ] 2017-11-03T15:47:26.851068017Z: [    7.162175] 9pnet: Installing 9P2000 support
[STDOUT  ] 2017-11-03T15:47:26.852352332Z: [    7.163461] Key type dns_resolver registered
[STDOUT  ] 2017-11-03T15:47:26.85312375Z: [    7.164201] microcode: AMD CPU family 0x6 not supported
[STDOUT  ] 2017-11-03T15:47:26.856499324Z: [    7.167608] registered taskstats version 1
[STDOUT  ] 2017-11-03T15:47:27.013993478Z: [    7.325098] Key type big_key registered
[STDOUT  ] 2017-11-03T15:47:27.064514267Z: [    7.375528] ata1: SATA link up 1.5 Gbps (SStatus 113 SControl 300)
[STDOUT  ] 2017-11-03T15:47:27.069720693Z: [    7.380741] ata1.00: ATA-7: QEMU HARDDISK, 2.5+, max UDMA/100
[STDOUT  ] 2017-11-03T15:47:27.070017857Z: [    7.381051] ata1.00: 524288 sectors, multi 16: LBA48 NCQ (depth 31/32)
[STDOUT  ] 2017-11-03T15:47:27.070352896Z: [    7.381468] ata1.00: applying bridge limits
[STDOUT  ] 2017-11-03T15:47:27.071549619Z: [    7.382624] ata5: SATA link down (SStatus 0 SControl 300)
[STDOUT  ] 2017-11-03T15:47:27.072773963Z: [    7.383856] ata4: SATA link down (SStatus 0 SControl 300)
[STDOUT  ] 2017-11-03T15:47:27.073306877Z: [    7.384362] ata3: SATA link up 1.5 Gbps (SStatus 113 SControl 300)
[STDOUT  ] 2017-11-03T15:47:27.073917609Z: [    7.384961] ata3.00: ATAPI: QEMU DVD-ROM, 2.5+, max UDMA/100
[STDOUT  ] 2017-11-03T15:47:27.074142923Z: [    7.385271] ata3.00: applying bridge limits
[STDOUT  ] 2017-11-03T15:47:27.074985424Z: [    7.386107] ata3.00: configured for UDMA/100
[STDOUT  ] 2017-11-03T15:47:27.076762966Z: [    7.387847] ata2: SATA link down (SStatus 0 SControl 300)
[STDOUT  ] 2017-11-03T15:47:27.079537479Z: [    7.390639] ata1.00: configured for UDMA/100
[STDOUT  ] 2017-11-03T15:47:27.082658879Z: [    7.393727] ata6: SATA link down (SStatus 0 SControl 300)
[STDOUT  ] 2017-11-03T15:47:27.09596074Z: [    7.406940] scsi 0:0:0:0: Direct-Access     ATA      QEMU HARDDISK    2.5+ PQ: 0 ANSI: 5
[STDOUT  ] 2017-11-03T15:47:27.103656885Z: [    7.414665] sd 0:0:0:0: [sda] 524288 512-byte logical blocks: (268 MB/256 MiB)
[STDOUT  ] 2017-11-03T15:47:27.107619376Z: [    7.418723] sd 0:0:0:0: [sda] Write Protect is off
[STDOUT  ] 2017-11-03T15:47:27.109178339Z: [    7.420080] sd 0:0:0:0: [sda] Write cache: enabled, read cache: enabled, doesn't support DPO or FUA
[STDOUT  ] 2017-11-03T15:47:27.123230411Z: [    7.434294] sd 0:0:0:0: Attached scsi generic sg0 type 0
[STDOUT  ] 2017-11-03T15:47:27.129077622Z: [    7.440008] scsi 2:0:0:0: CD-ROM            QEMU     QEMU DVD-ROM     2.5+ PQ: 0 ANSI: 5
[STDOUT  ] 2017-11-03T15:47:27.151850054Z: [    7.462866] sr 2:0:0:0: [sr0] scsi3-mmc drive: 4x/4x cd/rw xa/form2 tray
[STDOUT  ] 2017-11-03T15:47:27.152259894Z: [    7.463344] cdrom: Uniform CD-ROM driver Revision: 3.20
[STDOUT  ] 2017-11-03T15:47:27.160657094Z: [    7.471721] sr 2:0:0:0: Attached scsi generic sg1 type 5
[STDOUT  ] 2017-11-03T15:47:27.165691224Z: [    7.476794] sd 0:0:0:0: [sda] Attached SCSI disk
[STDOUT  ] 2017-11-03T15:47:27.198257779Z: [    7.509379] Key type encrypted registered
[STDOUT  ] 2017-11-03T15:47:27.202511548Z: [    7.513497] rtc_cmos 00:00: setting system clock to 2017-11-03 15:47:26 UTC (1509724046)
[STDOUT  ] 2017-11-03T15:47:27.353558491Z: [    7.664639] Freeing unused kernel memory: 1380K
[STDOUT  ] 2017-11-03T15:47:27.35388318Z: [    7.664946] Write protecting the kernel read-only data: 12288k
[STDOUT  ] 2017-11-03T15:47:27.358942833Z: [    7.669992] Freeing unused kernel memory: 124K
[STDOUT  ] 2017-11-03T15:47:27.44795059Z: [    7.759041] Freeing unused kernel memory: 1392K
[STDOUT  ] 2017-11-03T15:47:27.449501149Z: [    7.760526] tsc: Refined TSC clocksource calibration: 2299.967 MHz
[STDOUT  ] 2017-11-03T15:47:27.449969189Z: [    7.760881] clocksource: tsc: mask: 0xffffffffffffffff max_cycles: 0x21271601a40, max_idle_ns: 440795209466 ns
[STDOUT  ] 2017-11-03T15:47:28.469359976Z: [    8.780398] clocksource: Switched to clocksource tsc
[STDOUT  ] 2017-11-03T15:47:36.401549721Z: 
[STDOUT  ] 2017-11-03T15:47:36.402036148Z: Welcome to LinuxKit
[STDOUT  ] 2017-11-03T15:47:36.402115705Z: 
[STDOUT  ] 2017-11-03T15:47:36.402384556Z:                         ##         .
[STDOUT  ] 2017-11-03T15:47:36.402647418Z:                   ## ## ##        ==
[STDOUT  ] 2017-11-03T15:47:36.402915665Z:                ## ## ## ## ##    ===
[STDOUT  ] 2017-11-03T15:47:36.403172132Z:            /"""""""""""""""""\___/ ===
[STDOUT  ] 2017-11-03T15:47:36.403464916Z:           {                       /  ===-
[STDOUT  ] 2017-11-03T15:47:36.403718936Z:            \______ O           __/
[STDOUT  ] 2017-11-03T15:47:36.403945902Z:              \    \         __/
[STDOUT  ] 2017-11-03T15:47:36.404170788Z:               \____\_______/
[STDOUT  ] 2017-11-03T15:47:36.40424422Z: 
[STDOUT  ] 2017-11-03T15:47:37.563857128Z: [   17.875194] IPVS: Creating netns size=2104 id=1
[STDOUT  ] 2017-11-03T15:47:37.56426158Z: [   17.875629] IPVS: ftp: loaded support on port[0] = 21
[STDOUT  ] 2017-11-03T15:47:38.715649301Z: 2017/11/03 15:47:37 Creating partition on /dev/sda
[STDOUT  ] 2017-11-03T15:47:38.805957059Z: [   19.117265]  sda:
[STDOUT  ] 2017-11-03T15:47:38.867312784Z: [   19.178650]  sda:
[STDOUT  ] 2017-11-03T15:47:38.893111952Z: [   19.204406]  sda: sda1
[STDOUT  ] 2017-11-03T15:47:38.960151015Z: [   19.271431]  sda: sda1
[STDOUT  ] 2017-11-03T15:47:40.787834889Z: 2017/11/03 15:47:39 Partition /dev/sda1 successfully created!
[STDOUT  ] 2017-11-03T15:47:41.809885011Z: [   22.121356] IPVS: Creating netns size=2104 id=2
[STDOUT  ] 2017-11-03T15:47:41.810206818Z: [   22.121697] IPVS: ftp: loaded support on port[0] = 21
[STDOUT  ] 2017-11-03T15:47:42.970880141Z: [   23.282285] EXT4-fs (sda1): couldn't mount as ext3 due to feature incompatibilities
[STDOUT  ] 2017-11-03T15:47:42.97701254Z: [   23.288457] EXT4-fs (sda1): couldn't mount as ext2 due to feature incompatibilities
[STDOUT  ] 2017-11-03T15:47:42.999148385Z: [   23.310572] EXT4-fs (sda1): mounted filesystem with ordered data mode. Opts: (null)
[STDOUT  ] 2017-11-03T15:47:56.386097036Z: [   36.698001] sd 0:0:0:0: [sda] Synchronizing SCSI cache
[STDOUT  ] 2017-11-03T15:47:56.386704859Z: [   36.698678] sd 0:0:0:0: [sda] Stopping disk
[STDOUT  ] 2017-11-03T15:47:56.389517053Z: [   36.701436] ACPI: Preparing to enter system sleep state S5
[STDOUT  ] 2017-11-03T15:47:56.390429628Z: [   36.702444] reboot: Power down
[STDERR  ] 2017-11-03T15:47:56.539535686Z: + [ -f disk.img ]
[STDERR  ] 2017-11-03T15:47:56.539596238Z: + dd if=/dev/zero bs=1048576 count=256
[STDERR  ] 2017-11-03T15:47:56.752355308Z: 256+0 records in
[STDERR  ] 2017-11-03T15:47:56.752401116Z: 256+0 records out
[STDERR  ] 2017-11-03T15:47:56.752846736Z: + moby build -format kernel+initrd -name extend-ext4 test.yml
[STDERR  ] 2017-11-03T15:47:56.763048136Z: Extract kernel image: linuxkit/kernel:4.9.59
[STDERR  ] 2017-11-03T15:48:02.426433803Z: Add init containers:
[STDERR  ] 2017-11-03T15:48:02.426528495Z: Process init image: linuxkit/init:42a92119e1ca10380e0d33e26c0cbcf85b9b3558
[STDERR  ] 2017-11-03T15:48:04.471548251Z: Process init image: linuxkit/runc:817fdc592eac6cb7804fa1721a43a7f6e23fb50f
[STDERR  ] 2017-11-03T15:48:06.12960141Z: Add onboot containers:
[STDERR  ] 2017-11-03T15:48:06.129666772Z:   Create OCI config for linuxkit/extend:8b6db5bf68330cc4e91c74532732a7e227ae12fd
[STDERR  ] 2017-11-03T15:48:07.15157668Z: time="2017-11-03T15:48:07Z" level=warning msg="certificate with CN Rolf Neugebauer is near expiry" 
[STDERR  ] 2017-11-03T15:48:07.151888764Z: time="2017-11-03T15:48:07Z" level=warning msg="certificate with CN Moby CI is near expiry" 
[STDERR  ] 2017-11-03T15:48:07.154123656Z: time="2017-11-03T15:48:07Z" level=warning msg="certificate with CN Rolf Neugebauer is near expiry" 
[STDERR  ] 2017-11-03T15:48:08.202825412Z:   Create OCI config for linuxkit/mount:41685ecc8039643948e5dff46e17584753469a7a
[STDERR  ] 2017-11-03T15:48:09.225549317Z: time="2017-11-03T15:48:09Z" level=warning msg="certificate with CN Rolf Neugebauer is near expiry" 
[STDERR  ] 2017-11-03T15:48:09.228293682Z: time="2017-11-03T15:48:09Z" level=warning msg="certificate with CN Rolf Neugebauer is near expiry" 
[STDERR  ] 2017-11-03T15:48:09.872876962Z:   Create OCI config for alpine:3.6
[STDERR  ] 2017-11-03T15:48:11.420270015Z:   Create OCI config for linuxkit/poweroff:280bd01daa8776fbe1f4d912977f1886b8374834
[STDERR  ] 2017-11-03T15:48:12.396503774Z: time="2017-11-03T15:48:12Z" level=warning msg="certificate with CN Rolf Neugebauer is near expiry" 
[STDERR  ] 2017-11-03T15:48:12.399093624Z: time="2017-11-03T15:48:12Z" level=warning msg="certificate with CN Rolf Neugebauer is near expiry" 
[STDERR  ] 2017-11-03T15:48:12.957707814Z: Add files:
[STDERR  ] 2017-11-03T15:48:12.957779882Z:   check.sh
[STDERR  ] 2017-11-03T15:48:12.957880716Z: Create outputs:
[STDERR  ] 2017-11-03T15:48:18.384394397Z:   extend-ext4-kernel extend-ext4-initrd.img extend-ext4-cmdline
[STDERR  ] 2017-11-03T15:48:18.606755923Z: + linuxkit run -disk file=disk.img extend-ext4
[STDERR  ] 2017-11-03T15:48:18.627909253Z: Using existing disk [disk.img] format 
[STDERR  ] 2017-11-03T15:48:18.647835358Z: WARNING: Image format was not specified for 'disk.img' and probing guessed raw.
[STDERR  ] 2017-11-03T15:48:18.647874755Z:          Automatically detecting the format is dangerous for raw images, write operations on block 0 will be restricted.
[STDERR  ] 2017-11-03T15:48:18.647896285Z:          Specify the 'raw' format explicitly to remove the restrictions.
[STDERR  ] 2017-11-03T15:48:39.768449775Z: main-loop: WARNING: I/O thread spun for 1000 iterations
[STDERR  ] 2017-11-03T15:48:59.082944789Z: + RESULT=[    0.000000] Linux version 4.9.59-linuxkit (root@01324b49428a) (gcc version 6.3.0 (Alpine 6.3.0) ) #1 SMP Sat Oct 28 17:03:21 UTC 2017
[STDERR  ] 2017-11-03T15:48:59.083009843Z: [    0.000000] Command line: console=ttyS0
[STDERR  ] 2017-11-03T15:48:59.083026598Z: [    0.000000] x86/fpu: Legacy x87 FPU detected.
[STDERR  ] 2017-11-03T15:48:59.083036877Z: [    0.000000] x86/fpu: Using 'eager' FPU context switches.
[STDERR  ] 2017-11-03T15:48:59.083044585Z: [    0.000000] e820: BIOS-provided physical RAM map:
[STDERR  ] 2017-11-03T15:48:59.083052482Z: [    0.000000] BIOS-e820: [mem 0x0000000000000000-0x000000000009fbff] usable
[STDERR  ] 2017-11-03T15:48:59.083060204Z: [    0.000000] BIOS-e820: [mem 0x000000000009fc00-0x000000000009ffff] reserved
[STDERR  ] 2017-11-03T15:48:59.083067601Z: [    0.000000] BIOS-e820: [mem 0x00000000000f0000-0x00000000000fffff] reserved
[STDERR  ] 2017-11-03T15:48:59.083074595Z: [    0.000000] BIOS-e820: [mem 0x0000000000100000-0x000000003ffdefff] usable
[STDERR  ] 2017-11-03T15:48:59.08308173Z: [    0.000000] BIOS-e820: [mem 0x000000003ffdf000-0x000000003fffffff] reserved
[STDERR  ] 2017-11-03T15:48:59.083090221Z: [    0.000000] BIOS-e820: [mem 0x00000000b0000000-0x00000000bfffffff] reserved
[STDERR  ] 2017-11-03T15:48:59.083097534Z: [    0.000000] BIOS-e820: [mem 0x00000000fed1c000-0x00000000fed1ffff] reserved
[STDERR  ] 2017-11-03T15:48:59.083104401Z: [    0.000000] BIOS-e820: [mem 0x00000000fffc0000-0x00000000ffffffff] reserved
[STDERR  ] 2017-11-03T15:48:59.083115516Z: [    0.000000] NX (Execute Disable) protection: active
[STDERR  ] 2017-11-03T15:48:59.083128655Z: [    0.000000] SMBIOS 2.8 present.
[STDERR  ] 2017-11-03T15:48:59.083141575Z: [    0.000000] e820: last_pfn = 0x3ffdf max_arch_pfn = 0x400000000
[STDERR  ] 2017-11-03T15:48:59.083158222Z: [    0.000000] x86/PAT: Configuration [0-7]: WB  WC  UC- UC  WB  WC  UC- WT  
[STDERR  ] 2017-11-03T15:48:59.083165601Z: [    0.000000] found SMP MP-table at [mem 0x000f6aa0-0x000f6aaf] mapped at [ffff9818000f6aa0]
[STDERR  ] 2017-11-03T15:48:59.08317323Z: [    0.000000] RAMDISK: [mem 0x3df2b000-0x3ffcffff]
[STDERR  ] 2017-11-03T15:48:59.083180339Z: [    0.000000] ACPI: Early table checksum verification disabled
[STDERR  ] 2017-11-03T15:48:59.08318761Z: [    0.000000] ACPI: RSDP 0x00000000000F68C0 000014 (v00 BOCHS )
[STDERR  ] 2017-11-03T15:48:59.083195116Z: [    0.000000] ACPI: RSDT 0x000000003FFE2404 000034 (v01 BOCHS  BXPCRSDT 00000001 BXPC 00000001)
[STDERR  ] 2017-11-03T15:48:59.083201842Z: [    0.000000] ACPI: FACP 0x000000003FFE22A4 000074 (v01 BOCHS  BXPCFACP 00000001 BXPC 00000001)
[STDERR  ] 2017-11-03T15:48:59.083208565Z: [    0.000000] ACPI: DSDT 0x000000003FFE0040 002264 (v01 BOCHS  BXPCDSDT 00000001 BXPC 00000001)
[STDERR  ] 2017-11-03T15:48:59.08321511Z: [    0.000000] ACPI: FACS 0x000000003FFE0000 000040
[STDERR  ] 2017-11-03T15:48:59.083222161Z: [    0.000000] ACPI: APIC 0x000000003FFE2318 000078 (v01 BOCHS  BXPCAPIC 00000001 BXPC 00000001)
[STDERR  ] 2017-11-03T15:48:59.083229973Z: [    0.000000] ACPI: HPET 0x000000003FFE2390 000038 (v01 BOCHS  BXPCHPET 00000001 BXPC 00000001)
[STDERR  ] 2017-11-03T15:48:59.083236724Z: [    0.000000] ACPI: MCFG 0x000000003FFE23C8 00003C (v01 BOCHS  BXPCMCFG 00000001 BXPC 00000001)
[STDERR  ] 2017-11-03T15:48:59.083243162Z: [    0.000000] Zone ranges:
[STDERR  ] 2017-11-03T15:48:59.083250207Z: [    0.000000]   DMA      [mem 0x0000000000001000-0x0000000000ffffff]
[STDERR  ] 2017-11-03T15:48:59.083257312Z: [    0.000000]   DMA32    [mem 0x0000000001000000-0x000000003ffdefff]
[STDERR  ] 2017-11-03T15:48:59.083264412Z: [    0.000000]   Normal   empty
[STDERR  ] 2017-11-03T15:48:59.083271414Z: [    0.000000] Movable zone start for each node
[STDERR  ] 2017-11-03T15:48:59.083282652Z: [    0.000000] Early memory node ranges
[STDERR  ] 2017-11-03T15:48:59.083294896Z: [    0.000000]   node   0: [mem 0x0000000000001000-0x000000000009efff]
[STDERR  ] 2017-11-03T15:48:59.083307692Z: [    0.000000]   node   0: [mem 0x0000000000100000-0x000000003ffdefff]
[STDERR  ] 2017-11-03T15:48:59.083320422Z: [    0.000000] Initmem setup node 0 [mem 0x0000000000001000-0x000000003ffdefff]
[STDERR  ] 2017-11-03T15:48:59.083330484Z: [    0.000000] ACPI: PM-Timer IO Port: 0x608
[STDERR  ] 2017-11-03T15:48:59.08334114Z: [    0.000000] ACPI: LAPIC_NMI (acpi_id[0xff] dfl dfl lint[0x1])
[STDERR  ] 2017-11-03T15:48:59.083348325Z: [    0.000000] IOAPIC[0]: apic_id 0, version 32, address 0xfec00000, GSI 0-23
[STDERR  ] 2017-11-03T15:48:59.083356181Z: [    0.000000] ACPI: INT_SRC_OVR (bus 0 bus_irq 0 global_irq 2 dfl dfl)
[STDERR  ] 2017-11-03T15:48:59.083363141Z: [    0.000000] ACPI: INT_SRC_OVR (bus 0 bus_irq 5 global_irq 5 high level)
[STDERR  ] 2017-11-03T15:48:59.083369835Z: [    0.000000] ACPI: INT_SRC_OVR (bus 0 bus_irq 9 global_irq 9 high level)
[STDERR  ] 2017-11-03T15:48:59.083376586Z: [    0.000000] ACPI: INT_SRC_OVR (bus 0 bus_irq 10 global_irq 10 high level)
[STDERR  ] 2017-11-03T15:48:59.083383515Z: [    0.000000] ACPI: INT_SRC_OVR (bus 0 bus_irq 11 global_irq 11 high level)
[STDERR  ] 2017-11-03T15:48:59.083390302Z: [    0.000000] Using ACPI (MADT) for SMP configuration information
[STDERR  ] 2017-11-03T15:48:59.08339795Z: [    0.000000] ACPI: HPET id: 0x8086a201 base: 0xfed00000
[STDERR  ] 2017-11-03T15:48:59.083405144Z: [    0.000000] smpboot: Allowing 1 CPUs, 0 hotplug CPUs
[STDERR  ] 2017-11-03T15:48:59.083411768Z: [    0.000000] e820: [mem 0x40000000-0xafffffff] available for PCI devices
[STDERR  ] 2017-11-03T15:48:59.083418483Z: [    0.000000] Booting paravirtualized kernel on bare hardware
[STDERR  ] 2017-11-03T15:48:59.083425175Z: [    0.000000] clocksource: refined-jiffies: mask: 0xffffffff max_cycles: 0xffffffff, max_idle_ns: 19112604462750000 ns
[STDERR  ] 2017-11-03T15:48:59.083435822Z: [    0.000000] setup_percpu: NR_CPUS:128 nr_cpumask_bits:128 nr_cpu_ids:1 nr_node_ids:1
[STDERR  ] 2017-11-03T15:48:59.083442667Z: [    0.000000] percpu: Embedded 35 pages/cpu @ffff98183dc00000 s105240 r8192 d29928 u2097152
[STDERR  ] 2017-11-03T15:48:59.083449659Z: [    0.000000] Built 1 zonelists in Zone order, mobility grouping on.  Total pages: 257896
[STDERR  ] 2017-11-03T15:48:59.083458093Z: [    0.000000] Kernel command line: console=ttyS0
[STDERR  ] 2017-11-03T15:48:59.083471336Z: [    0.000000] PID hash table entries: 4096 (order: 3, 32768 bytes)
[STDERR  ] 2017-11-03T15:48:59.083484884Z: [    0.000000] Dentry cache hash table entries: 131072 (order: 8, 1048576 bytes)
[STDERR  ] 2017-11-03T15:48:59.083496502Z: [    0.000000] Inode-cache hash table entries: 65536 (order: 7, 524288 bytes)
[STDERR  ] 2017-11-03T15:48:59.083504069Z: [    0.000000] Memory: 980744K/1048052K available (8053K kernel code, 1367K rwdata, 2704K rodata, 1380K init, 568K bss, 67308K reserved, 0K cma-reserved)
[STDERR  ] 2017-11-03T15:48:59.083513602Z: [    0.000000] Hierarchical RCU implementation.
[STDERR  ] 2017-11-03T15:48:59.083521072Z: [    0.000000] 	Build-time adjustment of leaf fanout to 64.
[STDERR  ] 2017-11-03T15:48:59.08352837Z: [    0.000000] 	RCU restricting CPUs from NR_CPUS=128 to nr_cpu_ids=1.
[STDERR  ] 2017-11-03T15:48:59.083535832Z: [    0.000000] RCU: Adjusting geometry for rcu_fanout_leaf=64, nr_cpu_ids=1
[STDERR  ] 2017-11-03T15:48:59.083542987Z: [    0.000000] NR_IRQS:8448 nr_irqs:256 16
[STDERR  ] 2017-11-03T15:48:59.083550101Z: [    0.000000] Console: colour VGA+ 80x25
[STDERR  ] 2017-11-03T15:48:59.083557385Z: [    0.000000] console [ttyS0] enabled
[STDERR  ] 2017-11-03T15:48:59.083564741Z: [    0.000000] clocksource: hpet: mask: 0xffffffff max_cycles: 0xffffffff, max_idle_ns: 19112604467 ns
[STDERR  ] 2017-11-03T15:48:59.083571622Z: [    0.000000] tsc: Fast TSC calibration using PIT
[STDERR  ] 2017-11-03T15:48:59.083578581Z: [    0.000000] tsc: Detected 2300.121 MHz processor
[STDERR  ] 2017-11-03T15:48:59.083585154Z: [    0.021305] Calibrating delay loop (skipped), value calculated using timer frequency.. 4600.24 BogoMIPS (lpj=23001210)
[STDERR  ] 2017-11-03T15:48:59.083592568Z: [    0.022140] pid_max: default: 32768 minimum: 301
[STDERR  ] 2017-11-03T15:48:59.08359929Z: [    0.022975] ACPI: Core revision 20160831
[STDERR  ] 2017-11-03T15:48:59.083605787Z: [    0.070921] ACPI: 1 ACPI AML tables successfully acquired and loaded
[STDERR  ] 2017-11-03T15:48:59.083612387Z: [    0.074024] Security Framework initialized
[STDERR  ] 2017-11-03T15:48:59.08362213Z: [    0.074397] Yama: becoming mindful.
[STDERR  ] 2017-11-03T15:48:59.083632706Z: [    0.076460] Mount-cache hash table entries: 2048 (order: 2, 16384 bytes)
[STDERR  ] 2017-11-03T15:48:59.083644418Z: [    0.076851] Mountpoint-cache hash table entries: 2048 (order: 2, 16384 bytes)
[STDERR  ] 2017-11-03T15:48:59.083656929Z: [    0.095985] Last level iTLB entries: 4KB 0, 2MB 0, 4MB 0
[STDERR  ] 2017-11-03T15:48:59.083668803Z: [    0.096453] Last level dTLB entries: 4KB 0, 2MB 0, 4MB 0, 1GB 0
[STDERR  ] 2017-11-03T15:48:59.083676255Z: [    0.406721] Freeing SMP alternatives memory: 20K
[STDERR  ] 2017-11-03T15:48:59.083683191Z: [    0.415173] ftrace: allocating 35584 entries in 140 pages
[STDERR  ] 2017-11-03T15:48:59.083690234Z: [    0.583449] smpboot: Max logical packages: 1
[STDERR  ] 2017-11-03T15:48:59.08369739Z: [    0.588609] ..TIMER: vector=0x30 apic1=0 pin1=2 apic2=-1 pin2=-1
[STDERR  ] 2017-11-03T15:48:59.083704898Z: [    0.690000] smpboot: CPU0: AMD QEMU Virtual CPU version 2.5+ (family: 0x6, model: 0x6, stepping: 0x3)
[STDERR  ] 2017-11-03T15:48:59.08371182Z: [    0.690000] Performance Events: PMU not available due to virtualization, using software events only.
[STDERR  ] 2017-11-03T15:48:59.083718675Z: [    0.696851] NMI watchdog: disabled (cpu0): hardware events not enabled
[STDERR  ] 2017-11-03T15:48:59.083726485Z: [    0.697241] NMI watchdog: Shutting down hard lockup detector on all cpus
[STDERR  ] 2017-11-03T15:48:59.083733214Z: [    0.700082] x86: Booted up 1 node, 1 CPUs
[STDERR  ] 2017-11-03T15:48:59.08374344Z: [    0.700397] smpboot: Total of 1 processors activated (4600.24 BogoMIPS)
[STDERR  ] 2017-11-03T15:48:59.083750466Z: [    0.714307] devtmpfs: initialized
[STDERR  ] 2017-11-03T15:48:59.083757588Z: [    0.718808] x86/mm: Memory block size: 128MB
[STDERR  ] 2017-11-03T15:48:59.083767147Z: [    0.782031] clocksource: jiffies: mask: 0xffffffff max_cycles: 0xffffffff, max_idle_ns: 19112604462750000 ns
[STDERR  ] 2017-11-03T15:48:59.083774527Z: [    0.782788] futex hash table entries: 256 (order: 2, 16384 bytes)
[STDERR  ] 2017-11-03T15:48:59.083781788Z: [    0.791690] NET: Registered protocol family 16
[STDERR  ] 2017-11-03T15:48:59.083788866Z: [    0.800901] cpuidle: using governor ladder
[STDERR  ] 2017-11-03T15:48:59.083795957Z: [    0.801288] cpuidle: using governor menu
[STDERR  ] 2017-11-03T15:48:59.083806586Z: [    0.802284] ACPI: bus type PCI registered
[STDERR  ] 2017-11-03T15:48:59.083818969Z: [    0.804983] PCI: MMCONFIG for domain 0000 [bus 00-ff] at [mem 0xb0000000-0xbfffffff] (base 0xb0000000)
[STDERR  ] 2017-11-03T15:48:59.083831174Z: [    0.805670] PCI: MMCONFIG at [mem 0xb0000000-0xbfffffff] reserved in E820
[STDERR  ] 2017-11-03T15:48:59.08384226Z: [    0.806888] PCI: Using configuration type 1 for base access
[STDERR  ] 2017-11-03T15:48:59.083849682Z: [    0.861603] HugeTLB registered 2 MB page size, pre-allocated 0 pages
[STDERR  ] 2017-11-03T15:48:59.083857055Z: [    0.871467] ACPI: Added _OSI(Module Device)
[STDERR  ] 2017-11-03T15:48:59.083863966Z: [    0.871772] ACPI: Added _OSI(Processor Device)
[STDERR  ] 2017-11-03T15:48:59.083870918Z: [    0.872025] ACPI: Added _OSI(3.0 _SCP Extensions)
[STDERR  ] 2017-11-03T15:48:59.083877967Z: [    0.872284] ACPI: Added _OSI(Processor Aggregator Device)
[STDERR  ] 2017-11-03T15:48:59.083884801Z: [    0.948749] ACPI: Interpreter enabled
[STDERR  ] 2017-11-03T15:48:59.083891501Z: [    0.949456] ACPI: (supports S0 S5)
[STDERR  ] 2017-11-03T15:48:59.083898161Z: [    0.949705] ACPI: Using IOAPIC for interrupt routing
[STDERR  ] 2017-11-03T15:48:59.083905215Z: [    0.951434] PCI: Using host bridge windows from ACPI; if necessary, use "pci=nocrs" and report a bug
[STDERR  ] 2017-11-03T15:48:59.083911962Z: [    1.014082] ACPI: PCI Root Bridge [PCI0] (domain 0000 [bus 00-ff])
[STDERR  ] 2017-11-03T15:48:59.083919017Z: [    1.014917] acpi PNP0A08:00: _OSC: OS supports [ExtendedConfig ASPM ClockPM Segments MSI]
[STDERR  ] 2017-11-03T15:48:59.083925526Z: [    1.020459] acpi PNP0A08:00: _OSC: OS now controls [PCIeHotplug PME PCIeCapability]
[STDERR  ] 2017-11-03T15:48:59.083935459Z: [    1.023849] PCI host bridge to bus 0000:00
[STDERR  ] 2017-11-03T15:48:59.083942278Z: [    1.024217] pci_bus 0000:00: root bus resource [io  0x0000-0x0cf7 window]
[STDERR  ] 2017-11-03T15:48:59.083949534Z: [    1.024610] pci_bus 0000:00: root bus resource [io  0x0d00-0xffff window]
[STDERR  ] 2017-11-03T15:48:59.083956568Z: [    1.024974] pci_bus 0000:00: root bus resource [mem 0x000a0000-0x000bffff window]
[STDERR  ] 2017-11-03T15:48:59.08396318Z: [    1.025378] pci_bus 0000:00: root bus resource [mem 0xc0000000-0xfebfffff window]
[STDERR  ] 2017-11-03T15:48:59.083970612Z: [    1.025923] pci_bus 0000:00: root bus resource [bus 00-ff]
[STDERR  ] 2017-11-03T15:48:59.083983119Z: [    1.163045] pci 0000:00:1f.0: quirk: [io  0x0600-0x067f] claimed by ICH6 ACPI/GPIO/TCO
[STDERR  ] 2017-11-03T15:48:59.083995529Z: [    1.225423] ACPI: PCI Interrupt Link [LNKA] (IRQs 5 *10 11)
[STDERR  ] 2017-11-03T15:48:59.084008766Z: [    1.227317] ACPI: PCI Interrupt Link [LNKB] (IRQs 5 *10 11)
[STDERR  ] 2017-11-03T15:48:59.084016899Z: [    1.228914] ACPI: PCI Interrupt Link [LNKC] (IRQs 5 10 *11)
[STDERR  ] 2017-11-03T15:48:59.084024166Z: [    1.230677] ACPI: PCI Interrupt Link [LNKD] (IRQs 5 10 *11)
[STDERR  ] 2017-11-03T15:48:59.084031132Z: [    1.232286] ACPI: PCI Interrupt Link [LNKE] (IRQs 5 *10 11)
[STDERR  ] 2017-11-03T15:48:59.084037764Z: [    1.233885] ACPI: PCI Interrupt Link [LNKF] (IRQs 5 *10 11)
[STDERR  ] 2017-11-03T15:48:59.084047444Z: [    1.235529] ACPI: PCI Interrupt Link [LNKG] (IRQs 5 10 *11)
[STDERR  ] 2017-11-03T15:48:59.084054294Z: [    1.237132] ACPI: PCI Interrupt Link [LNKH] (IRQs 5 10 *11)
[STDERR  ] 2017-11-03T15:48:59.084060976Z: [    1.237874] ACPI: PCI Interrupt Link [GSIA] (IRQs *16)
[STDERR  ] 2017-11-03T15:48:59.084068086Z: [    1.238433] ACPI: PCI Interrupt Link [GSIB] (IRQs *17)
[STDERR  ] 2017-11-03T15:48:59.084075584Z: [    1.238978] ACPI: PCI Interrupt Link [GSIC] (IRQs *18)
[STDERR  ] 2017-11-03T15:48:59.084085296Z: [    1.239529] ACPI: PCI Interrupt Link [GSID] (IRQs *19)
[STDERR  ] 2017-11-03T15:48:59.084092358Z: [    1.240368] ACPI: PCI Interrupt Link [GSIE] (IRQs *20)
[STDERR  ] 2017-11-03T15:48:59.084099438Z: [    1.240917] ACPI: PCI Interrupt Link [GSIF] (IRQs *21)
[STDERR  ] 2017-11-03T15:48:59.084105984Z: [    1.241454] ACPI: PCI Interrupt Link [GSIG] (IRQs *22)
[STDERR  ] 2017-11-03T15:48:59.084112872Z: [    1.241998] ACPI: PCI Interrupt Link [GSIH] (IRQs *23)
[STDERR  ] 2017-11-03T15:48:59.084119782Z: [    1.245331] ACPI: Enabled 2 GPEs in block 00 to 3F
[STDERR  ] 2017-11-03T15:48:59.084126728Z: [    1.249424] SCSI subsystem initialized
[STDERR  ] 2017-11-03T15:48:59.084133277Z: [    1.251362] ACPI: bus type USB registered
[STDERR  ] 2017-11-03T15:48:59.084140428Z: [    1.252364] usbcore: registered new interface driver usbfs
[STDERR  ] 2017-11-03T15:48:59.084151124Z: [    1.253167] usbcore: registered new interface driver hub
[STDERR  ] 2017-11-03T15:48:59.084163571Z: [    1.253857] usbcore: registered new device driver usb
[STDERR  ] 2017-11-03T15:48:59.084174959Z: [    1.254900] pps_core: LinuxPPS API ver. 1 registered
[STDERR  ] 2017-11-03T15:48:59.084182549Z: [    1.255183] pps_core: Software ver. 5.3.6 - Copyright 2005-2007 Rodolfo Giometti <giometti@linux.it>
[STDERR  ] 2017-11-03T15:48:59.084189252Z: [    1.256129] PTP clock support registered
[STDERR  ] 2017-11-03T15:48:59.08419622Z: [    1.257197] wmi: Mapper loaded
[STDERR  ] 2017-11-03T15:48:59.08420316Z: [    1.258154] PCI: Using ACPI for IRQ routing
[STDERR  ] 2017-11-03T15:48:59.084210072Z: [    1.276284] NetLabel: Initializing
[STDERR  ] 2017-11-03T15:48:59.084217285Z: [    1.276502] NetLabel:  domain hash size = 128
[STDERR  ] 2017-11-03T15:48:59.084224083Z: [    1.276745] NetLabel:  protocols = UNLABELED CIPSOv4
[STDERR  ] 2017-11-03T15:48:59.084231506Z: [    1.278467] NetLabel:  unlabeled traffic allowed by default
[STDERR  ] 2017-11-03T15:48:59.084238967Z: [    1.279280] HPET: 3 timers in total, 0 timers will be used for per-cpu timer
[STDERR  ] 2017-11-03T15:48:59.084251282Z: [    1.279917] hpet0: at MMIO 0xfed00000, IRQs 2, 8, 0
[STDERR  ] 2017-11-03T15:48:59.084258068Z: [    1.280454] hpet0: 3 comparators, 64-bit 100.000000 MHz counter
[STDERR  ] 2017-11-03T15:48:59.084264605Z: [    1.286508] clocksource: Switched to clocksource hpet
[STDERR  ] 2017-11-03T15:48:59.084271717Z: [    1.539950] VFS: Disk quotas dquot_6.6.0
[STDERR  ] 2017-11-03T15:48:59.084280576Z: [    1.540828] VFS: Dquot-cache hash table entries: 512 (order 0, 4096 bytes)
[STDERR  ] 2017-11-03T15:48:59.084288626Z: [    1.543233] FS-Cache: Loaded
[STDERR  ] 2017-11-03T15:48:59.084295988Z: [    1.547902] CacheFiles: Loaded
[STDERR  ] 2017-11-03T15:48:59.084302941Z: [    1.549461] pnp: PnP ACPI init
[STDERR  ] 2017-11-03T15:48:59.084309679Z: [    1.560731] pnp: PnP ACPI: found 5 devices
[STDERR  ] 2017-11-03T15:48:59.084320353Z: [    1.610325] clocksource: acpi_pm: mask: 0xffffff max_cycles: 0xffffff, max_idle_ns: 2085701024 ns
[STDERR  ] 2017-11-03T15:48:59.084333949Z: [    1.612894] NET: Registered protocol family 2
[STDERR  ] 2017-11-03T15:48:59.084345196Z: [    1.619739] TCP established hash table entries: 8192 (order: 4, 65536 bytes)
[STDERR  ] 2017-11-03T15:48:59.084352423Z: [    1.620561] TCP bind hash table entries: 8192 (order: 5, 131072 bytes)
[STDERR  ] 2017-11-03T15:48:59.084359218Z: [    1.621152] TCP: Hash tables configured (established 8192 bind 8192)
[STDERR  ] 2017-11-03T15:48:59.084365668Z: [    1.622955] UDP hash table entries: 512 (order: 2, 16384 bytes)
[STDERR  ] 2017-11-03T15:48:59.084375905Z: [    1.623423] UDP-Lite hash table entries: 512 (order: 2, 16384 bytes)
[STDERR  ] 2017-11-03T15:48:59.084382396Z: [    1.625591] NET: Registered protocol family 1
[STDERR  ] 2017-11-03T15:48:59.08438937Z: [    1.626438] pci 0000:00:01.0: Video device with shadowed ROM at [mem 0x000c0000-0x000dffff]
[STDERR  ] 2017-11-03T15:48:59.08439641Z: [    1.634428] Unpacking initramfs...
[STDERR  ] 2017-11-03T15:48:59.084403391Z: [    6.850992] Freeing initrd memory: 33428K
[STDERR  ] 2017-11-03T15:48:59.084410145Z: [    6.878647] PCLMULQDQ-NI instructions are not detected.
[STDERR  ] 2017-11-03T15:48:59.085571917Z: [    6.879834] AVX or AES-NI instructions are not detected.
[STDERR  ] 2017-11-03T15:48:59.085594611Z: [    6.880414] CPU feature 'AVX registers' is not supported.
[STDERR  ] 2017-11-03T15:48:59.085606684Z: [    6.881048] CPU feature 'AVX registers' is not supported.
[STDERR  ] 2017-11-03T15:48:59.085618538Z: [    6.881359] CPU feature 'AVX registers' is not supported.
[STDERR  ] 2017-11-03T15:48:59.085630441Z: [    6.881693] CPU feature 'AVX registers' is not supported.
[STDERR  ] 2017-11-03T15:48:59.085641853Z: [    6.882025] AVX2 or AES-NI instructions are not detected.
[STDERR  ] 2017-11-03T15:48:59.085653675Z: [    6.882326] AVX2 instructions are not detected.
[STDERR  ] 2017-11-03T15:48:59.085665272Z: [    6.887932] audit: initializing netlink subsys (disabled)
[STDERR  ] 2017-11-03T15:48:59.085676641Z: [    6.889751] audit: type=2000 audit(1509724105.880:1): initialized
[STDERR  ] 2017-11-03T15:48:59.085688855Z: [    6.898059] workingset: timestamp_bits=46 max_order=18 bucket_order=0
[STDERR  ] 2017-11-03T15:48:59.08570089Z: [    6.904312] squashfs: version 4.0 (2009/01/31) Phillip Lougher
[STDERR  ] 2017-11-03T15:48:59.085712794Z: [    6.906652] FS-Cache: Netfs 'cifs' registered for caching
[STDERR  ] 2017-11-03T15:48:59.085724852Z: [    6.907595] fuse init (API version 7.26)
[STDERR  ] 2017-11-03T15:48:59.085736569Z: [    6.909813] SGI XFS with ACLs, security attributes, no debug enabled
[STDERR  ] 2017-11-03T15:48:59.085748734Z: [    6.917134] 9p: Installing v9fs 9p2000 file system support
[STDERR  ] 2017-11-03T15:48:59.085760223Z: [    6.917566] FS-Cache: Netfs '9p' registered for caching
[STDERR  ] 2017-11-03T15:48:59.085773111Z: [    6.955937] NET: Registered protocol family 38
[STDERR  ] 2017-11-03T15:48:59.085784769Z: [    6.956433] Key type asymmetric registered
[STDERR  ] 2017-11-03T15:48:59.085796511Z: [    6.956727] Asymmetric key parser 'x509' registered
[STDERR  ] 2017-11-03T15:48:59.085815077Z: [    6.957391] Block layer SCSI generic (bsg) driver version 0.4 loaded (major 251)
[STDERR  ] 2017-11-03T15:48:59.085827754Z: [    6.958622] io scheduler noop registered
[STDERR  ] 2017-11-03T15:48:59.0858391Z: [    6.958909] io scheduler deadline registered (default)
[STDERR  ] 2017-11-03T15:48:59.085855382Z: [    6.959556] io scheduler cfq registered
[STDERR  ] 2017-11-03T15:48:59.085867148Z: [    6.963005] pci_hotplug: PCI Hot Plug PCI Core version: 0.5
[STDERR  ] 2017-11-03T15:48:59.0858789Z: [    6.964370] pciehp: PCI Express Hot Plug Controller Driver version: 0.4
[STDERR  ] 2017-11-03T15:48:59.085890871Z: [    6.965082] shpchp: Standard Hot Plug PCI Controller Driver version: 0.4
[STDERR  ] 2017-11-03T15:48:59.085902553Z: [    6.965795] hv_vmbus: registering driver hyperv_fb
[STDERR  ] 2017-11-03T15:48:59.085914189Z: [    6.968985] input: Power Button as /devices/LNXSYSTM:00/LNXPWRBN:00/input/input0
[STDERR  ] 2017-11-03T15:48:59.085925637Z: [    6.970000] ACPI: Power Button [PWRF]
[STDERR  ] 2017-11-03T15:48:59.085937295Z: [    6.976253] GHES: HEST is not enabled!
[STDERR  ] 2017-11-03T15:48:59.085949014Z: [    6.988056] ACPI: PCI Interrupt Link [GSIG] enabled at IRQ 22
[STDERR  ] 2017-11-03T15:48:59.085960475Z: [    7.001774] ACPI: PCI Interrupt Link [GSIH] enabled at IRQ 23
[STDERR  ] 2017-11-03T15:48:59.085972371Z: [    7.005680] xenfs: not registering filesystem on non-xen platform
[STDERR  ] 2017-11-03T15:48:59.085983991Z: [    7.007891] Serial: 8250/16550 driver, 4 ports, IRQ sharing disabled
[STDERR  ] 2017-11-03T15:48:59.086000027Z: [    7.034752] 00:04: ttyS0 at I/O 0x3f8 (irq = 4, base_baud = 115200) is a 16550A
[STDERR  ] 2017-11-03T15:48:59.086012097Z: [    7.045813] Non-volatile memory driver v1.3
[STDERR  ] 2017-11-03T15:48:59.086024772Z: [    7.052429] Hangcheck: starting hangcheck timer 0.9.1 (tick is 180 seconds, margin is 60 seconds).
[STDERR  ] 2017-11-03T15:48:59.086036453Z: [    7.057732] random: fast init done
[STDERR  ] 2017-11-03T15:48:59.086048294Z: [    7.059164] random: crng init done
[STDERR  ] 2017-11-03T15:48:59.086059916Z: [    7.096205] loop: module loaded
[STDERR  ] 2017-11-03T15:48:59.086071667Z: [    7.111650] nbd: registered device at major 43
[STDERR  ] 2017-11-03T15:48:59.086083234Z: [    7.157643] lpc_ich 0000:00:1f.0: I/O space for GPIO uninitialized
[STDERR  ] 2017-11-03T15:48:59.086095165Z: [    7.159231] VMware PVSCSI driver - version 1.0.7.0-k
[STDERR  ] 2017-11-03T15:48:59.086106636Z: [    7.159913] hv_vmbus: registering driver hv_storvsc
[STDERR  ] 2017-11-03T15:48:59.086119174Z: [    7.170752] ACPI: PCI Interrupt Link [GSIA] enabled at IRQ 16
[STDERR  ] 2017-11-03T15:48:59.086130782Z: [    7.177175] ahci 0000:00:1f.2: AHCI 0001.0000 32 slots 6 ports 1.5 Gbps 0x3f impl SATA mode
[STDERR  ] 2017-11-03T15:48:59.086142903Z: [    7.177760] ahci 0000:00:1f.2: flags: 64bit ncq only 
[STDERR  ] 2017-11-03T15:48:59.086154196Z: [    7.200017] scsi host0: ahci
[STDERR  ] 2017-11-03T15:48:59.086166173Z: [    7.204120] scsi host1: ahci
[STDERR  ] 2017-11-03T15:48:59.086178537Z: [    7.206325] scsi host2: ahci
[STDERR  ] 2017-11-03T15:48:59.086190779Z: [    7.208674] scsi host3: ahci
[STDERR  ] 2017-11-03T15:48:59.086205826Z: [    7.211935] scsi host4: ahci
[STDERR  ] 2017-11-03T15:48:59.086217848Z: [    7.214119] scsi host5: ahci
[STDERR  ] 2017-11-03T15:48:59.086229503Z: [    7.215817] ata1: SATA max UDMA/133 abar m4096@0xfebd2000 port 0xfebd2100 irq 24
[STDERR  ] 2017-11-03T15:48:59.086242093Z: [    7.216290] ata2: SATA max UDMA/133 abar m4096@0xfebd2000 port 0xfebd2180 irq 24
[STDERR  ] 2017-11-03T15:48:59.08625628Z: [    7.216690] ata3: SATA max UDMA/133 abar m4096@0xfebd2000 port 0xfebd2200 irq 24
[STDERR  ] 2017-11-03T15:48:59.086268701Z: [    7.217083] ata4: SATA max UDMA/133 abar m4096@0xfebd2000 port 0xfebd2280 irq 24
[STDERR  ] 2017-11-03T15:48:59.086280537Z: [    7.217486] ata5: SATA max UDMA/133 abar m4096@0xfebd2000 port 0xfebd2300 irq 24
[STDERR  ] 2017-11-03T15:48:59.086292057Z: [    7.218029] ata6: SATA max UDMA/133 abar m4096@0xfebd2000 port 0xfebd2380 irq 24
[STDERR  ] 2017-11-03T15:48:59.086310363Z: [    7.232956] tun: Universal TUN/TAP device driver, 1.6
[STDERR  ] 2017-11-03T15:48:59.086322325Z: [    7.233264] tun: (C) 1999-2004 Max Krasnyansky <maxk@qualcomm.com>
[STDERR  ] 2017-11-03T15:48:59.086333517Z: [    7.243768] VMware vmxnet3 virtual NIC driver - version 1.4.a.0-k-NAPI
[STDERR  ] 2017-11-03T15:48:59.086345994Z: [    7.244799] hv_vmbus: registering driver hv_netvsc
[STDERR  ] 2017-11-03T15:48:59.086357693Z: [    7.245099] Fusion MPT base driver 3.04.20
[STDERR  ] 2017-11-03T15:48:59.086369097Z: [    7.245331] Copyright (c) 1999-2008 LSI Corporation
[STDERR  ] 2017-11-03T15:48:59.08638053Z: [    7.245813] Fusion MPT SPI Host driver 3.04.20
[STDERR  ] 2017-11-03T15:48:59.08639189Z: [    7.247694] i8042: PNP: PS/2 Controller [PNP0303:KBD,PNP0f13:MOU] at 0x60,0x64 irq 1,12
[STDERR  ] 2017-11-03T15:48:59.086403993Z: [    7.252440] serio: i8042 KBD port at 0x60,0x64 irq 1
[STDERR  ] 2017-11-03T15:48:59.086415471Z: [    7.252991] serio: i8042 AUX port at 0x60,0x64 irq 12
[STDERR  ] 2017-11-03T15:48:59.086427298Z: [    7.256112] hv_vmbus: registering driver hyperv_keyboard
[STDERR  ] 2017-11-03T15:48:59.086440148Z: [    7.258166] mousedev: PS/2 mouse device common for all mice
[STDERR  ] 2017-11-03T15:48:59.086451919Z: [    7.263576] input: AT Translated Set 2 keyboard as /devices/platform/i8042/serio0/input/input1
[STDERR  ] 2017-11-03T15:48:59.086464131Z: [    7.266469] input: PC Speaker as /devices/platform/pcspkr/input/input2
[STDERR  ] 2017-11-03T15:48:59.086480512Z: [    7.270412] rtc_cmos 00:00: RTC can wake from S4
[STDERR  ] 2017-11-03T15:48:59.086491985Z: [    7.273499] rtc_cmos 00:00: rtc core: registered rtc_cmos as rtc0
[STDERR  ] 2017-11-03T15:48:59.086503888Z: [    7.274751] rtc_cmos 00:00: alarms up to one day, y3k, 114 bytes nvram, hpet irqs
[STDERR  ] 2017-11-03T15:48:59.086516464Z: [    7.275353] i2c /dev entries driver
[STDERR  ] 2017-11-03T15:48:59.086527115Z: [    7.277223] device-mapper: ioctl: 4.35.0-ioctl (2016-06-23) initialised: dm-devel@redhat.com
[STDERR  ] 2017-11-03T15:48:59.086539711Z: [    7.282533] usbcore: registered new interface driver usbhid
[STDERR  ] 2017-11-03T15:48:59.086550548Z: [    7.282854] usbhid: USB HID core driver
[STDERR  ] 2017-11-03T15:48:59.086561471Z: [    7.283334] hv_utils: Registering HyperV Utility Driver
[STDERR  ] 2017-11-03T15:48:59.086572809Z: [    7.283628] hv_vmbus: registering driver hv_util
[STDERR  ] 2017-11-03T15:48:59.086583477Z: [    7.283891] hv_vmbus: registering driver hv_balloon
[STDERR  ] 2017-11-03T15:48:59.08659492Z: [    7.284324] oprofile: using NMI interrupt.
[STDERR  ] 2017-11-03T15:48:59.08660586Z: [    7.285248] GACT probability on
[STDERR  ] 2017-11-03T15:48:59.086616765Z: [    7.285629] Mirror/redirect action on
[STDERR  ] 2017-11-03T15:48:59.086630587Z: [    7.286362] Simple TC action Loaded
[STDERR  ] 2017-11-03T15:48:59.086641288Z: [    7.286828] u32 classifier
[STDERR  ] 2017-11-03T15:48:59.086652904Z: [    7.286993]     Performance counters on
[STDERR  ] 2017-11-03T15:48:59.086664491Z: [    7.287216]     input device check on
[STDERR  ] 2017-11-03T15:48:59.08667611Z: [    7.287424]     Actions configured
[STDERR  ] 2017-11-03T15:48:59.086687392Z: [    7.287891] Netfilter messages via NETLINK v0.30.
[STDERR  ] 2017-11-03T15:48:59.086697802Z: [    7.288341] nfnl_acct: registering with nfnetlink.
[STDERR  ] 2017-11-03T15:48:59.086708361Z: [    7.289585] nf_conntrack version 0.5.0 (8192 buckets, 32768 max)
[STDERR  ] 2017-11-03T15:48:59.086719542Z: [    7.292925] ctnetlink v0.93: registering with nfnetlink.
[STDERR  ] 2017-11-03T15:48:59.086729842Z: [    7.295849] nf_tables: (c) 2007-2009 Patrick McHardy <kaber@trash.net>
[STDERR  ] 2017-11-03T15:48:59.086740754Z: [    7.296569] nf_tables_compat: (c) 2012 Pablo Neira Ayuso <pablo@netfilter.org>
[STDERR  ] 2017-11-03T15:48:59.086751191Z: [    7.298847] xt_time: kernel timezone is -0000
[STDERR  ] 2017-11-03T15:48:59.086761593Z: [    7.299355] ip_set: protocol 6
[STDERR  ] 2017-11-03T15:48:59.086776835Z: [    7.299922] IPVS: Registered protocols (TCP, UDP, SCTP, AH, ESP)
[STDERR  ] 2017-11-03T15:48:59.086787877Z: [    7.301613] IPVS: Connection hash table configured (size=4096, memory=64Kbytes)
[STDERR  ] 2017-11-03T15:48:59.086799559Z: [    7.303228] IPVS: Creating netns size=2104 id=0
[STDERR  ] 2017-11-03T15:48:59.086810713Z: [    7.306135] IPVS: ipvs loaded.
[STDERR  ] 2017-11-03T15:48:59.08682161Z: [    7.306437] IPVS: [rr] scheduler registered.
[STDERR  ] 2017-11-03T15:48:59.086833263Z: [    7.306717] IPVS: [wrr] scheduler registered.
[STDERR  ] 2017-11-03T15:48:59.086845037Z: [    7.306968] IPVS: [lc] scheduler registered.
[STDERR  ] 2017-11-03T15:48:59.086855896Z: [    7.307217] IPVS: [wlc] scheduler registered.
[STDERR  ] 2017-11-03T15:48:59.086866818Z: [    7.307465] IPVS: [fo] scheduler registered.
[STDERR  ] 2017-11-03T15:48:59.086877463Z: [    7.308008] IPVS: [ovf] scheduler registered.
[STDERR  ] 2017-11-03T15:48:59.086891638Z: [    7.308368] IPVS: [lblc] scheduler registered.
[STDERR  ] 2017-11-03T15:48:59.086902862Z: [    7.308717] IPVS: [lblcr] scheduler registered.
[STDERR  ] 2017-11-03T15:48:59.086913354Z: [    7.308991] IPVS: [dh] scheduler registered.
[STDERR  ] 2017-11-03T15:48:59.086925596Z: [    7.309276] IPVS: [sh] scheduler registered.
[STDERR  ] 2017-11-03T15:48:59.086936735Z: [    7.309533] IPVS: [sed] scheduler registered.
[STDERR  ] 2017-11-03T15:48:59.086948609Z: [    7.309789] IPVS: [nq] scheduler registered.
[STDERR  ] 2017-11-03T15:48:59.086960752Z: [    7.310768] IPVS: ftp: loaded support on port[0] = 21
[STDERR  ] 2017-11-03T15:48:59.086979722Z: [    7.311741] ipip: IPv4 and MPLS over IPv4 tunneling driver
[STDERR  ] 2017-11-03T15:48:59.086992515Z: [    7.316174] gre: GRE over IPv4 demultiplexor driver
[STDERR  ] 2017-11-03T15:48:59.087004731Z: [    7.318756] ip_tables: (C) 2000-2006 Netfilter Core Team
[STDERR  ] 2017-11-03T15:48:59.087016613Z: [    7.322509] ipt_CLUSTERIP: ClusterIP Version 0.8 loaded successfully
[STDERR  ] 2017-11-03T15:48:59.087031488Z: [    7.323412] arp_tables: arp_tables: (C) 2002 David S. Miller
[STDERR  ] 2017-11-03T15:48:59.087043614Z: [    7.325581] NET: Registered protocol family 10
[STDERR  ] 2017-11-03T15:48:59.087054992Z: [    7.335666] ip6_tables: (C) 2000-2006 Netfilter Core Team
[STDERR  ] 2017-11-03T15:48:59.08706782Z: [    7.344395] NET: Registered protocol family 17
[STDERR  ] 2017-11-03T15:48:59.087079516Z: [    7.345646] Bridge firewalling registered
[STDERR  ] 2017-11-03T15:48:59.087093934Z: [    7.346097] Ebtables v2.0 registered
[STDERR  ] 2017-11-03T15:48:59.087106162Z: [    7.347878] 8021q: 802.1Q VLAN Support v1.8
[STDERR  ] 2017-11-03T15:48:59.08711772Z: [    7.349398] 9pnet: Installing 9P2000 support
[STDERR  ] 2017-11-03T15:48:59.087128413Z: [    7.351185] Key type dns_resolver registered
[STDERR  ] 2017-11-03T15:48:59.087135123Z: [    7.351967] microcode: AMD CPU family 0x6 not supported
[STDERR  ] 2017-11-03T15:48:59.087141985Z: [    7.355826] registered taskstats version 1
[STDERR  ] 2017-11-03T15:48:59.087148519Z: [    7.534687] Key type big_key registered
[STDERR  ] 2017-11-03T15:48:59.087156659Z: [    7.552004] ata3: SATA link up 1.5 Gbps (SStatus 113 SControl 300)
[STDERR  ] 2017-11-03T15:48:59.087169382Z: [    7.555038] ata2: SATA link down (SStatus 0 SControl 300)
[STDERR  ] 2017-11-03T15:48:59.087181616Z: [    7.556504] ata1: SATA link up 1.5 Gbps (SStatus 113 SControl 300)
[STDERR  ] 2017-11-03T15:48:59.087192898Z: [    7.558462] ata1.00: ATA-7: QEMU HARDDISK, 2.5+, max UDMA/100
[STDERR  ] 2017-11-03T15:48:59.087201566Z: [    7.558822] ata1.00: 1048576 sectors, multi 16: LBA48 NCQ (depth 31/32)
[STDERR  ] 2017-11-03T15:48:59.087208711Z: [    7.559353] ata1.00: applying bridge limits
[STDERR  ] 2017-11-03T15:48:59.087215407Z: [    7.561119] ata5: SATA link down (SStatus 0 SControl 300)
[STDERR  ] 2017-11-03T15:48:59.087222053Z: [    7.561527] ata4: SATA link down (SStatus 0 SControl 300)
[STDERR  ] 2017-11-03T15:48:59.087228601Z: [    7.562264] ata3.00: ATAPI: QEMU DVD-ROM, 2.5+, max UDMA/100
[STDERR  ] 2017-11-03T15:48:59.087239885Z: [    7.562621] ata3.00: applying bridge limits
[STDERR  ] 2017-11-03T15:48:59.087246753Z: [    7.563508] ata3.00: configured for UDMA/100
[STDERR  ] 2017-11-03T15:48:59.087253291Z: [    7.567629] ata1.00: configured for UDMA/100
[STDERR  ] 2017-11-03T15:48:59.087259736Z: [    7.572745] ata6: SATA link down (SStatus 0 SControl 300)
[STDERR  ] 2017-11-03T15:48:59.087266293Z: [    7.592264] scsi 0:0:0:0: Direct-Access     ATA      QEMU HARDDISK    2.5+ PQ: 0 ANSI: 5
[STDERR  ] 2017-11-03T15:48:59.087273501Z: [    7.606151] sd 0:0:0:0: Attached scsi generic sg0 type 0
[STDERR  ] 2017-11-03T15:48:59.087280078Z: [    7.609481] sd 0:0:0:0: [sda] 1048576 512-byte logical blocks: (537 MB/512 MiB)
[STDERR  ] 2017-11-03T15:48:59.087286973Z: [    7.620710] sd 0:0:0:0: [sda] Write Protect is off
[STDERR  ] 2017-11-03T15:48:59.087293528Z: [    7.623099] scsi 2:0:0:0: CD-ROM            QEMU     QEMU DVD-ROM     2.5+ PQ: 0 ANSI: 5
[STDERR  ] 2017-11-03T15:48:59.087302515Z: [    7.627281] sd 0:0:0:0: [sda] Write cache: enabled, read cache: enabled, doesn't support DPO or FUA
[STDERR  ] 2017-11-03T15:48:59.087309256Z: [    7.643094] sr 2:0:0:0: [sr0] scsi3-mmc drive: 4x/4x cd/rw xa/form2 tray
[STDERR  ] 2017-11-03T15:48:59.087316238Z: [    7.643625] cdrom: Uniform CD-ROM driver Revision: 3.20
[STDERR  ] 2017-11-03T15:48:59.087322846Z: [    7.658866]  sda: sda1
[STDERR  ] 2017-11-03T15:48:59.08733059Z: [    7.660542] sr 2:0:0:0: Attached scsi generic sg1 type 5
[STDERR  ] 2017-11-03T15:48:59.087347293Z: [    7.682663] sd 0:0:0:0: [sda] Attached SCSI disk
[STDERR  ] 2017-11-03T15:48:59.087392567Z: [    7.736842] Key type encrypted registered
[STDERR  ] 2017-11-03T15:48:59.087401888Z: [    7.741389] rtc_cmos 00:00: setting system clock to 2017-11-03 15:48:27 UTC (1509724107)
[STDERR  ] 2017-11-03T15:48:59.08740928Z: [    7.898386] Freeing unused kernel memory: 1380K
[STDERR  ] 2017-11-03T15:48:59.087415916Z: [    7.898736] Write protecting the kernel read-only data: 12288k
[STDERR  ] 2017-11-03T15:48:59.087422524Z: [    7.904668] Freeing unused kernel memory: 124K
[STDERR  ] 2017-11-03T15:48:59.087429023Z: [    7.997755] Freeing unused kernel memory: 1392K
[STDERR  ] 2017-11-03T15:48:59.087435482Z: [    7.998362] tsc: Refined TSC clocksource calibration: 2299.983 MHz
[STDERR  ] 2017-11-03T15:48:59.087442661Z: [    7.998770] clocksource: tsc: mask: 0xffffffffffffffff max_cycles: 0x21272508849, max_idle_ns: 440795270635 ns
[STDERR  ] 2017-11-03T15:48:59.087449365Z: [    9.011159] clocksource: Switched to clocksource tsc
[STDERR  ] 2017-11-03T15:48:59.087455819Z: 
[STDERR  ] 2017-11-03T15:48:59.087462809Z: Welcome to LinuxKit
[STDERR  ] 2017-11-03T15:48:59.087469541Z: 
[STDERR  ] 2017-11-03T15:48:59.08747594Z:                         ##         .
[STDERR  ] 2017-11-03T15:48:59.087482771Z:                   ## ## ##        ==
[STDERR  ] 2017-11-03T15:48:59.087489434Z:                ## ## ## ## ##    ===
[STDERR  ] 2017-11-03T15:48:59.087496152Z:            /"""""""""""""""""\___/ ===
[STDERR  ] 2017-11-03T15:48:59.087502496Z:           {                       /  ===-
[STDERR  ] 2017-11-03T15:48:59.087508981Z:            \______ O           __/
[STDERR  ] 2017-11-03T15:48:59.087515355Z:              \    \         __/
[STDERR  ] 2017-11-03T15:48:59.087523539Z:               \____\_______/
[STDERR  ] 2017-11-03T15:48:59.087535158Z: 
[STDERR  ] 2017-11-03T15:48:59.087546714Z: [   18.192423] IPVS: Creating netns size=2104 id=1
[STDERR  ] 2017-11-03T15:48:59.087556164Z: [   18.192822] IPVS: ftp: loaded support on port[0] = 21
[STDERR  ] 2017-11-03T15:48:59.087562733Z: [   19.844621]  sda:
[STDERR  ] 2017-11-03T15:48:59.087569629Z: [   19.927639]  sda:
[STDERR  ] 2017-11-03T15:48:59.087576436Z: [   19.952814]  sda: sda1
[STDERR  ] 2017-11-03T15:48:59.087583332Z: [   20.029544]  sda: sda1
[STDERR  ] 2017-11-03T15:48:59.087590198Z: [   20.100889]  sda: sda1
[STDERR  ] 2017-11-03T15:48:59.087597164Z: 2017/11/03 15:48:42 Successfully resized /dev/sda
[STDERR  ] 2017-11-03T15:48:59.087603815Z: [   23.317405] IPVS: Creating netns size=2104 id=2
[STDERR  ] 2017-11-03T15:48:59.087614184Z: [   23.317741] IPVS: ftp: loaded support on port[0] = 21
[STDERR  ] 2017-11-03T15:48:59.08762109Z: [   24.453546] EXT4-fs (sda1): couldn't mount as ext3 due to feature incompatibilities
[STDERR  ] 2017-11-03T15:48:59.087628242Z: [   24.460799] EXT4-fs (sda1): couldn't mount as ext2 due to feature incompatibilities
[STDERR  ] 2017-11-03T15:48:59.087634944Z: [   24.485372] EXT4-fs (sda1): mounted filesystem with ordered data mode. Opts: (null)
[STDERR  ] 2017-11-03T15:48:59.087641831Z: + [ -f /var/lib/docker/bar ]
[STDERR  ] 2017-11-03T15:48:59.087648369Z: + touch /var/lib/docker/foo
[STDERR  ] 2017-11-03T15:48:59.087655369Z: + df -h
[STDERR  ] 2017-11-03T15:48:59.087662342Z: + grep -qE [4-5][0-9]{2}\.[0-9]{1,}M
[STDERR  ] 2017-11-03T15:48:59.087669062Z: + printf extend test suite PASSED\n
[STDERR  ] 2017-11-03T15:48:59.087675911Z: extend test suite PASSED
[STDERR  ] 2017-11-03T15:48:59.08768269Z: [   38.387994] sd 0:0:0:0: [sda] Synchronizing SCSI cache
[STDERR  ] 2017-11-03T15:48:59.087689354Z: [   38.388724] sd 0:0:0:0: [sda] Stopping disk
[STDERR  ] 2017-11-03T15:48:59.08770518Z: [   38.391504] ACPI: Preparing to enter system sleep state S5
[STDERR  ] 2017-11-03T15:48:59.0877351Z: [   38.392544] reboot: Power down
[STDERR  ] 2017-11-03T15:48:59.087742466Z: + echo [    0.000000] Linux version 4.9.59-linuxkit (root@01324b49428a) (gcc version 6.3.0 (Alpine 6.3.0) ) #1 SMP Sat Oct 28 17:03:21 UTC 2017
[STDERR  ] 2017-11-03T15:48:59.087749255Z: [    0.000000] Command line: console=ttyS0
[STDERR  ] 2017-11-03T15:48:59.08775965Z: [    0.000000] x86/fpu: Legacy x87 FPU detected.
[STDERR  ] 2017-11-03T15:48:59.08776662Z: [    0.000000] x86/fpu: Using 'eager' FPU context switches.
[STDERR  ] 2017-11-03T15:48:59.087773344Z: [    0.000000] e820: BIOS-provided physical RAM map:
[STDERR  ] 2017-11-03T15:48:59.087779954Z: [    0.000000] BIOS-e820: [mem 0x0000000000000000-0x000000000009fbff] usable
[STDERR  ] 2017-11-03T15:48:59.08778727Z: [    0.000000] BIOS-e820: [mem 0x000000000009fc00-0x000000000009ffff] reserved
[STDERR  ] 2017-11-03T15:48:59.087794548Z: [    0.000000] BIOS-e820: [mem 0x00000000000f0000-0x00000000000fffff] reserved
[STDERR  ] 2017-11-03T15:48:59.087801694Z: [    0.000000] BIOS-e820: [mem 0x0000000000100000-0x000000003ffdefff] usable
[STDERR  ] 2017-11-03T15:48:59.08780831Z: [    0.000000] BIOS-e820: [mem 0x000000003ffdf000-0x000000003fffffff] reserved
[STDERR  ] 2017-11-03T15:48:59.087814828Z: [    0.000000] BIOS-e820: [mem 0x00000000b0000000-0x00000000bfffffff] reserved
[STDERR  ] 2017-11-03T15:48:59.087821452Z: [    0.000000] BIOS-e820: [mem 0x00000000fed1c000-0x00000000fed1ffff] reserved
[STDERR  ] 2017-11-03T15:48:59.087827976Z: [    0.000000] BIOS-e820: [mem 0x00000000fffc0000-0x00000000ffffffff] reserved
[STDERR  ] 2017-11-03T15:48:59.087834544Z: [    0.000000] NX (Execute Disable) protection: active
[STDERR  ] 2017-11-03T15:48:59.08784103Z: [    0.000000] SMBIOS 2.8 present.
[STDERR  ] 2017-11-03T15:48:59.087851031Z: [    0.000000] e820: last_pfn = 0x3ffdf max_arch_pfn = 0x400000000
[STDERR  ] 2017-11-03T15:48:59.087857617Z: [    0.000000] x86/PAT: Configuration [0-7]: WB  WC  UC- UC  WB  WC  UC- WT  
[STDERR  ] 2017-11-03T15:48:59.087864099Z: [    0.000000] found SMP MP-table at [mem 0x000f6aa0-0x000f6aaf] mapped at [ffff9818000f6aa0]
[STDERR  ] 2017-11-03T15:48:59.08787226Z: [    0.000000] RAMDISK: [mem 0x3df2b000-0x3ffcffff]
[STDERR  ] 2017-11-03T15:48:59.087883854Z: [    0.000000] ACPI: Early table checksum verification disabled
[STDERR  ] 2017-11-03T15:48:59.087899368Z: [    0.000000] ACPI: RSDP 0x00000000000F68C0 000014 (v00 BOCHS )
[STDERR  ] 2017-11-03T15:48:59.087909079Z: [    0.000000] ACPI: RSDT 0x000000003FFE2404 000034 (v01 BOCHS  BXPCRSDT 00000001 BXPC 00000001)
[STDERR  ] 2017-11-03T15:48:59.087916524Z: [    0.000000] ACPI: FACP 0x000000003FFE22A4 000074 (v01 BOCHS  BXPCFACP 00000001 BXPC 00000001)
[STDERR  ] 2017-11-03T15:48:59.087923254Z: [    0.000000] ACPI: DSDT 0x000000003FFE0040 002264 (v01 BOCHS  BXPCDSDT 00000001 BXPC 00000001)
[STDERR  ] 2017-11-03T15:48:59.087932946Z: [    0.000000] ACPI: FACS 0x000000003FFE0000 000040
[STDERR  ] 2017-11-03T15:48:59.087939744Z: [    0.000000] ACPI: APIC 0x000000003FFE2318 000078 (v01 BOCHS  BXPCAPIC 00000001 BXPC 00000001)
[STDERR  ] 2017-11-03T15:48:59.08794621Z: [    0.000000] ACPI: HPET 0x000000003FFE2390 000038 (v01 BOCHS  BXPCHPET 00000001 BXPC 00000001)
[STDERR  ] 2017-11-03T15:48:59.087952823Z: [    0.000000] ACPI: MCFG 0x000000003FFE23C8 00003C (v01 BOCHS  BXPCMCFG 00000001 BXPC 00000001)
[STDERR  ] 2017-11-03T15:48:59.087960765Z: [    0.000000] Zone ranges:
[STDERR  ] 2017-11-03T15:48:59.08796794Z: [    0.000000]   DMA      [mem 0x0000000000001000-0x0000000000ffffff]
[STDERR  ] 2017-11-03T15:48:59.087974446Z: [    0.000000]   DMA32    [mem 0x0000000001000000-0x000000003ffdefff]
[STDERR  ] 2017-11-03T15:48:59.087981499Z: [    0.000000]   Normal   empty
[STDERR  ] 2017-11-03T15:48:59.087988115Z: [    0.000000] Movable zone start for each node
[STDERR  ] 2017-11-03T15:48:59.087994776Z: [    0.000000] Early memory node ranges
[STDERR  ] 2017-11-03T15:48:59.088001246Z: [    0.000000]   node   0: [mem 0x0000000000001000-0x000000000009efff]
[STDERR  ] 2017-11-03T15:48:59.088008485Z: [    0.000000]   node   0: [mem 0x0000000000100000-0x000000003ffdefff]
[STDERR  ] 2017-11-03T15:48:59.088014851Z: [    0.000000] Initmem setup node 0 [mem 0x0000000000001000-0x000000003ffdefff]
[STDERR  ] 2017-11-03T15:48:59.088021444Z: [    0.000000] ACPI: PM-Timer IO Port: 0x608
[STDERR  ] 2017-11-03T15:48:59.088030598Z: [    0.000000] ACPI: LAPIC_NMI (acpi_id[0xff] dfl dfl lint[0x1])
[STDERR  ] 2017-11-03T15:48:59.088037198Z: [    0.000000] IOAPIC[0]: apic_id 0, version 32, address 0xfec00000, GSI 0-23
[STDERR  ] 2017-11-03T15:48:59.08804473Z: [    0.000000] ACPI: INT_SRC_OVR (bus 0 bus_irq 0 global_irq 2 dfl dfl)
[STDERR  ] 2017-11-03T15:48:59.088056469Z: [    0.000000] ACPI: INT_SRC_OVR (bus 0 bus_irq 5 global_irq 5 high level)
[STDERR  ] 2017-11-03T15:48:59.088069687Z: [    0.000000] ACPI: INT_SRC_OVR (bus 0 bus_irq 9 global_irq 9 high level)
[STDERR  ] 2017-11-03T15:48:59.08807908Z: [    0.000000] ACPI: INT_SRC_OVR (bus 0 bus_irq 10 global_irq 10 high level)
[STDERR  ] 2017-11-03T15:48:59.088086087Z: [    0.000000] ACPI: INT_SRC_OVR (bus 0 bus_irq 11 global_irq 11 high level)
[STDERR  ] 2017-11-03T15:48:59.088093016Z: [    0.000000] Using ACPI (MADT) for SMP configuration information
[STDERR  ] 2017-11-03T15:48:59.088101833Z: [    0.000000] ACPI: HPET id: 0x8086a201 base: 0xfed00000
[STDERR  ] 2017-11-03T15:48:59.08810851Z: [    0.000000] smpboot: Allowing 1 CPUs, 0 hotplug CPUs
[STDERR  ] 2017-11-03T15:48:59.088114995Z: [    0.000000] e820: [mem 0x40000000-0xafffffff] available for PCI devices
[STDERR  ] 2017-11-03T15:48:59.08812164Z: [    0.000000] Booting paravirtualized kernel on bare hardware
[STDERR  ] 2017-11-03T15:48:59.088128154Z: [    0.000000] clocksource: refined-jiffies: mask: 0xffffffff max_cycles: 0xffffffff, max_idle_ns: 19112604462750000 ns
[STDERR  ] 2017-11-03T15:48:59.088137239Z: [    0.000000] setup_percpu: NR_CPUS:128 nr_cpumask_bits:128 nr_cpu_ids:1 nr_node_ids:1
[STDERR  ] 2017-11-03T15:48:59.088144017Z: [    0.000000] percpu: Embedded 35 pages/cpu @ffff98183dc00000 s105240 r8192 d29928 u2097152
[STDERR  ] 2017-11-03T15:48:59.088151011Z: [    0.000000] Built 1 zonelists in Zone order, mobility grouping on.  Total pages: 257896
[STDERR  ] 2017-11-03T15:48:59.088160506Z: [    0.000000] Kernel command line: console=ttyS0
[STDERR  ] 2017-11-03T15:48:59.088167524Z: [    0.000000] PID hash table entries: 4096 (order: 3, 32768 bytes)
[STDERR  ] 2017-11-03T15:48:59.088174257Z: [    0.000000] Dentry cache hash table entries: 131072 (order: 8, 1048576 bytes)
[STDERR  ] 2017-11-03T15:48:59.088181399Z: [    0.000000] Inode-cache hash table entries: 65536 (order: 7, 524288 bytes)
[STDERR  ] 2017-11-03T15:48:59.088188644Z: [    0.000000] Memory: 980744K/1048052K available (8053K kernel code, 1367K rwdata, 2704K rodata, 1380K init, 568K bss, 67308K reserved, 0K cma-reserved)
[STDERR  ] 2017-11-03T15:48:59.088195612Z: [    0.000000] Hierarchical RCU implementation.
[STDERR  ] 2017-11-03T15:48:59.088205404Z: [    0.000000] 	Build-time adjustment of leaf fanout to 64.
[STDERR  ] 2017-11-03T15:48:59.088212981Z: [    0.000000] 	RCU restricting CPUs from NR_CPUS=128 to nr_cpu_ids=1.
[STDERR  ] 2017-11-03T15:48:59.088224368Z: [    0.000000] RCU: Adjusting geometry for rcu_fanout_leaf=64, nr_cpu_ids=1
[STDERR  ] 2017-11-03T15:48:59.088237034Z: [    0.000000] NR_IRQS:8448 nr_irqs:256 16
[STDERR  ] 2017-11-03T15:48:59.088247668Z: [    0.000000] Console: colour VGA+ 80x25
[STDERR  ] 2017-11-03T15:48:59.088254503Z: [    0.000000] console [ttyS0] enabled
[STDERR  ] 2017-11-03T15:48:59.088260973Z: [    0.000000] clocksource: hpet: mask: 0xffffffff max_cycles: 0xffffffff, max_idle_ns: 19112604467 ns
[STDERR  ] 2017-11-03T15:48:59.088267779Z: [    0.000000] tsc: Fast TSC calibration using PIT
[STDERR  ] 2017-11-03T15:48:59.088274312Z: [    0.000000] tsc: Detected 2300.121 MHz processor
[STDERR  ] 2017-11-03T15:48:59.088280941Z: [    0.021305] Calibrating delay loop (skipped), value calculated using timer frequency.. 4600.24 BogoMIPS (lpj=23001210)
[STDERR  ] 2017-11-03T15:48:59.088288009Z: [    0.022140] pid_max: default: 32768 minimum: 301
[STDERR  ] 2017-11-03T15:48:59.088294402Z: [    0.022975] ACPI: Core revision 20160831
[STDERR  ] 2017-11-03T15:48:59.088300818Z: [    0.070921] ACPI: 1 ACPI AML tables successfully acquired and loaded
[STDERR  ] 2017-11-03T15:48:59.088308378Z: [    0.074024] Security Framework initialized
[STDERR  ] 2017-11-03T15:48:59.088318191Z: [    0.074397] Yama: becoming mindful.
[STDERR  ] 2017-11-03T15:48:59.088324798Z: [    0.076460] Mount-cache hash table entries: 2048 (order: 2, 16384 bytes)
[STDERR  ] 2017-11-03T15:48:59.088331877Z: [    0.076851] Mountpoint-cache hash table entries: 2048 (order: 2, 16384 bytes)
[STDERR  ] 2017-11-03T15:48:59.088338881Z: [    0.095985] Last level iTLB entries: 4KB 0, 2MB 0, 4MB 0
[STDERR  ] 2017-11-03T15:48:59.088345482Z: [    0.096453] Last level dTLB entries: 4KB 0, 2MB 0, 4MB 0, 1GB 0
[STDERR  ] 2017-11-03T15:48:59.088354426Z: [    0.406721] Freeing SMP alternatives memory: 20K
[STDERR  ] 2017-11-03T15:48:59.088361036Z: [    0.415173] ftrace: allocating 35584 entries in 140 pages
[STDERR  ] 2017-11-03T15:48:59.088367715Z: [    0.583449] smpboot: Max logical packages: 1
[STDERR  ] 2017-11-03T15:48:59.088374214Z: [    0.588609] ..TIMER: vector=0x30 apic1=0 pin1=2 apic2=-1 pin2=-1
[STDERR  ] 2017-11-03T15:48:59.08838083Z: [    0.690000] smpboot: CPU0: AMD QEMU Virtual CPU version 2.5+ (family: 0x6, model: 0x6, stepping: 0x3)
[STDERR  ] 2017-11-03T15:48:59.088390476Z: [    0.690000] Performance Events: PMU not available due to virtualization, using software events only.
[STDERR  ] 2017-11-03T15:48:59.088405746Z: [    0.696851] NMI watchdog: disabled (cpu0): hardware events not enabled
[STDERR  ] 2017-11-03T15:48:59.088417641Z: [    0.697241] NMI watchdog: Shutting down hard lockup detector on all cpus
[STDERR  ] 2017-11-03T15:48:59.088425054Z: [    0.700082] x86: Booted up 1 node, 1 CPUs
[STDERR  ] 2017-11-03T15:48:59.088431635Z: [    0.700397] smpboot: Total of 1 processors activated (4600.24 BogoMIPS)
[STDERR  ] 2017-11-03T15:48:59.088438549Z: [    0.714307] devtmpfs: initialized
[STDERR  ] 2017-11-03T15:48:59.088445628Z: [    0.718808] x86/mm: Memory block size: 128MB
[STDERR  ] 2017-11-03T15:48:59.088452278Z: [    0.782031] clocksource: jiffies: mask: 0xffffffff max_cycles: 0xffffffff, max_idle_ns: 19112604462750000 ns
[STDERR  ] 2017-11-03T15:48:59.088458787Z: [    0.782788] futex hash table entries: 256 (order: 2, 16384 bytes)
[STDERR  ] 2017-11-03T15:48:59.08846542Z: [    0.791690] NET: Registered protocol family 16
[STDERR  ] 2017-11-03T15:48:59.088471956Z: [    0.800901] cpuidle: using governor ladder
[STDERR  ] 2017-11-03T15:48:59.08847847Z: [    0.801288] cpuidle: using governor menu
[STDERR  ] 2017-11-03T15:48:59.088484968Z: [    0.802284] ACPI: bus type PCI registered
[STDERR  ] 2017-11-03T15:48:59.088491549Z: [    0.804983] PCI: MMCONFIG for domain 0000 [bus 00-ff] at [mem 0xb0000000-0xbfffffff] (base 0xb0000000)
[STDERR  ] 2017-11-03T15:48:59.088501274Z: [    0.805670] PCI: MMCONFIG at [mem 0xb0000000-0xbfffffff] reserved in E820
[STDERR  ] 2017-11-03T15:48:59.088508874Z: [    0.806888] PCI: Using configuration type 1 for base access
[STDERR  ] 2017-11-03T15:48:59.088515492Z: [    0.861603] HugeTLB registered 2 MB page size, pre-allocated 0 pages
[STDERR  ] 2017-11-03T15:48:59.088522958Z: [    0.871467] ACPI: Added _OSI(Module Device)
[STDERR  ] 2017-11-03T15:48:59.088529504Z: [    0.871772] ACPI: Added _OSI(Processor Device)
[STDERR  ] 2017-11-03T15:48:59.088538651Z: [    0.872025] ACPI: Added _OSI(3.0 _SCP Extensions)
[STDERR  ] 2017-11-03T15:48:59.088545199Z: [    0.872284] ACPI: Added _OSI(Processor Aggregator Device)
[STDERR  ] 2017-11-03T15:48:59.088551779Z: [    0.948749] ACPI: Interpreter enabled
[STDERR  ] 2017-11-03T15:48:59.088560811Z: [    0.949456] ACPI: (supports S0 S5)
[STDERR  ] 2017-11-03T15:48:59.088572569Z: [    0.949705] ACPI: Using IOAPIC for interrupt routing
[STDERR  ] 2017-11-03T15:48:59.088587187Z: [    0.951434] PCI: Using host bridge windows from ACPI; if necessary, use "pci=nocrs" and report a bug
[STDERR  ] 2017-11-03T15:48:59.088594517Z: [    1.014082] ACPI: PCI Root Bridge [PCI0] (domain 0000 [bus 00-ff])
[STDERR  ] 2017-11-03T15:48:59.088602103Z: [    1.014917] acpi PNP0A08:00: _OSC: OS supports [ExtendedConfig ASPM ClockPM Segments MSI]
[STDERR  ] 2017-11-03T15:48:59.088608762Z: [    1.020459] acpi PNP0A08:00: _OSC: OS now controls [PCIeHotplug PME PCIeCapability]
[STDERR  ] 2017-11-03T15:48:59.088618296Z: [    1.023849] PCI host bridge to bus 0000:00
[STDERR  ] 2017-11-03T15:48:59.088625004Z: [    1.024217] pci_bus 0000:00: root bus resource [io  0x0000-0x0cf7 window]
[STDERR  ] 2017-11-03T15:48:59.088634484Z: [    1.024610] pci_bus 0000:00: root bus resource [io  0x0d00-0xffff window]
[STDERR  ] 2017-11-03T15:48:59.088641866Z: [    1.024974] pci_bus 0000:00: root bus resource [mem 0x000a0000-0x000bffff window]
[STDERR  ] 2017-11-03T15:48:59.088648524Z: [    1.025378] pci_bus 0000:00: root bus resource [mem 0xc0000000-0xfebfffff window]
[STDERR  ] 2017-11-03T15:48:59.088655003Z: [    1.025923] pci_bus 0000:00: root bus resource [bus 00-ff]
[STDERR  ] 2017-11-03T15:48:59.088661541Z: [    1.163045] pci 0000:00:1f.0: quirk: [io  0x0600-0x067f] claimed by ICH6 ACPI/GPIO/TCO
[STDERR  ] 2017-11-03T15:48:59.088668851Z: [    1.225423] ACPI: PCI Interrupt Link [LNKA] (IRQs 5 *10 11)
[STDERR  ] 2017-11-03T15:48:59.088675378Z: [    1.227317] ACPI: PCI Interrupt Link [LNKB] (IRQs 5 *10 11)
[STDERR  ] 2017-11-03T15:48:59.088681953Z: [    1.228914] ACPI: PCI Interrupt Link [LNKC] (IRQs 5 10 *11)
[STDERR  ] 2017-11-03T15:48:59.088688361Z: [    1.230677] ACPI: PCI Interrupt Link [LNKD] (IRQs 5 10 *11)
[STDERR  ] 2017-11-03T15:48:59.088694862Z: [    1.232286] ACPI: PCI Interrupt Link [LNKE] (IRQs 5 *10 11)
[STDERR  ] 2017-11-03T15:48:59.088701256Z: [    1.233885] ACPI: PCI Interrupt Link [LNKF] (IRQs 5 *10 11)
[STDERR  ] 2017-11-03T15:48:59.088708096Z: [    1.235529] ACPI: PCI Interrupt Link [LNKG] (IRQs 5 10 *11)
[STDERR  ] 2017-11-03T15:48:59.08871446Z: [    1.237132] ACPI: PCI Interrupt Link [LNKH] (IRQs 5 10 *11)
[STDERR  ] 2017-11-03T15:48:59.088720979Z: [    1.237874] ACPI: PCI Interrupt Link [GSIA] (IRQs *16)
[STDERR  ] 2017-11-03T15:48:59.088729295Z: [    1.238433] ACPI: PCI Interrupt Link [GSIB] (IRQs *17)
[STDERR  ] 2017-11-03T15:48:59.088740957Z: [    1.238978] ACPI: PCI Interrupt Link [GSIC] (IRQs *18)
[STDERR  ] 2017-11-03T15:48:59.088752707Z: [    1.239529] ACPI: PCI Interrupt Link [GSID] (IRQs *19)
[STDERR  ] 2017-11-03T15:48:59.088761566Z: [    1.240368] ACPI: PCI Interrupt Link [GSIE] (IRQs *20)
[STDERR  ] 2017-11-03T15:48:59.08876797Z: [    1.240917] ACPI: PCI Interrupt Link [GSIF] (IRQs *21)
[STDERR  ] 2017-11-03T15:48:59.088774693Z: [    1.241454] ACPI: PCI Interrupt Link [GSIG] (IRQs *22)
[STDERR  ] 2017-11-03T15:48:59.088781116Z: [    1.241998] ACPI: PCI Interrupt Link [GSIH] (IRQs *23)
[STDERR  ] 2017-11-03T15:48:59.088787605Z: [    1.245331] ACPI: Enabled 2 GPEs in block 00 to 3F
[STDERR  ] 2017-11-03T15:48:59.088801441Z: [    1.249424] SCSI subsystem initialized
[STDERR  ] 2017-11-03T15:48:59.088808442Z: [    1.251362] ACPI: bus type USB registered
[STDERR  ] 2017-11-03T15:48:59.088814952Z: [    1.252364] usbcore: registered new interface driver usbfs
[STDERR  ] 2017-11-03T15:48:59.08882152Z: [    1.253167] usbcore: registered new interface driver hub
[STDERR  ] 2017-11-03T15:48:59.088827984Z: [    1.253857] usbcore: registered new device driver usb
[STDERR  ] 2017-11-03T15:48:59.088834476Z: [    1.254900] pps_core: LinuxPPS API ver. 1 registered
[STDERR  ] 2017-11-03T15:48:59.08884096Z: [    1.255183] pps_core: Software ver. 5.3.6 - Copyright 2005-2007 Rodolfo Giometti <giometti@linux.it>
[STDERR  ] 2017-11-03T15:48:59.08884961Z: [    1.256129] PTP clock support registered
[STDERR  ] 2017-11-03T15:48:59.088856078Z: [    1.257197] wmi: Mapper loaded
[STDERR  ] 2017-11-03T15:48:59.088862989Z: [    1.258154] PCI: Using ACPI for IRQ routing
[STDERR  ] 2017-11-03T15:48:59.088869399Z: [    1.276284] NetLabel: Initializing
[STDERR  ] 2017-11-03T15:48:59.088875875Z: [    1.276502] NetLabel:  domain hash size = 128
[STDERR  ] 2017-11-03T15:48:59.088882292Z: [    1.276745] NetLabel:  protocols = UNLABELED CIPSOv4
[STDERR  ] 2017-11-03T15:48:59.088889367Z: [    1.278467] NetLabel:  unlabeled traffic allowed by default
[STDERR  ] 2017-11-03T15:48:59.08889646Z: [    1.279280] HPET: 3 timers in total, 0 timers will be used for per-cpu timer
[STDERR  ] 2017-11-03T15:48:59.088913661Z: [    1.279917] hpet0: at MMIO 0xfed00000, IRQs 2, 8, 0
