[INFO    ] 2017-09-22T22:28:00.428799423Z: Running Test linuxkit.packages.format_mount.btrfs in /tmp/build/test/cases/040_packages/006_format_mount/003_btrfs
[INFO    ] 2017-09-22T22:28:00.428915286Z: Running command: [/bin/sh -x /tmp/build/test/cases/040_packages/006_format_mount/003_btrfs/test.sh]
[STDERR  ] 2017-09-22T22:28:00.451751315Z: + set -e
[STDERR  ] 2017-09-22T22:28:00.451865695Z: + . /tmp/build/test/cases/_lib/lib.sh
[STDERR  ] 2017-09-22T22:28:00.451878398Z: + [ -f src/github.com/linuxkit/rtf/lib/lib.sh ]
[STDERR  ] 2017-09-22T22:28:00.451889529Z: + LINUXKIT_TMPDIR=/tmp/build/test/cases/_tmp
[STDERR  ] 2017-09-22T22:28:00.45189863Z: + [ -f /tmp/build/test/cases/_tmp/env.sh ]
[STDERR  ] 2017-09-22T22:28:00.451908625Z: + . /tmp/build/test/cases/_tmp/env.sh
[STDERR  ] 2017-09-22T22:28:00.451919679Z: + export LINUXKIT_EXAMPLES_DIR=/tmp/build/test/cases/../../examples
[STDERR  ] 2017-09-22T22:28:00.451929819Z: + export LINUXKIT_BLUEPRINTS_DIR=/tmp/build/test/cases/../../blueprints
[STDERR  ] 2017-09-22T22:28:00.451941665Z: + RT_CANCEL=253
[STDERR  ] 2017-09-22T22:28:00.451951848Z: + NAME=test-format
[STDERR  ] 2017-09-22T22:28:00.451961329Z: + DISK=disk.img
[STDERR  ] 2017-09-22T22:28:00.451970455Z: + trap clean_up EXIT
[STDERR  ] 2017-09-22T22:28:00.451979598Z: + moby build -format kernel+initrd -name test-format test.yml
[STDERR  ] 2017-09-22T22:28:00.464207797Z: Extract kernel image: linuxkit/kernel:4.9.51
[STDERR  ] 2017-09-22T22:28:02.120193783Z: Add init containers:
[STDERR  ] 2017-09-22T22:28:02.120245835Z: Process init image: linuxkit/init:6fe9d31a53bbd200183bb31edd795305e868d5a7
[STDERR  ] 2017-09-22T22:28:03.392649547Z: Process init image: linuxkit/runc:a1b564248a0d0b118c11e61db9f84ecf41dd2d2a
[STDERR  ] 2017-09-22T22:28:04.668389995Z: Add onboot containers:
[STDERR  ] 2017-09-22T22:28:04.66844609Z:   Create OCI config for alpine:3.6
[STDERR  ] 2017-09-22T22:28:05.916832553Z:   Create OCI config for linuxkit/format:158d992b7bf7ab984100c697d7e72161ea7d7382
[STDERR  ] 2017-09-22T22:28:07.324346138Z:   Create OCI config for linuxkit/mount:4fe245efb01384e42622c36302e13e386bbaeb08
[STDERR  ] 2017-09-22T22:28:08.567127944Z:   Create OCI config for alpine:3.6
[STDERR  ] 2017-09-22T22:28:08.568406349Z:   Create OCI config for linuxkit/poweroff:1e9876c682c74d0602b7647c628bb0875fb13998
[STDERR  ] 2017-09-22T22:28:09.768108903Z: Add files:
[STDERR  ] 2017-09-22T22:28:09.768151389Z:   check.sh
[STDERR  ] 2017-09-22T22:28:09.777296199Z: Create outputs:
[STDERR  ] 2017-09-22T22:28:15.33667806Z:   test-format-kernel test-format-initrd.img test-format-cmdline
[STDERR  ] 2017-09-22T22:28:15.398039867Z: + linuxkit run -disk file=disk.img,size=512M test-format
[STDERR  ] 2017-09-22T22:28:15.417007833Z: Unable to find qemu-system-x86_64 within the $PATH. Using a container
[STDERR  ] 2017-09-22T22:28:59.488917835Z: + RESULT=[    0.000000] Linux version 4.9.51-linuxkit (root@3253c0754a54) (gcc version 6.3.0 (Alpine 6.3.0) ) #1 SMP Wed Sep 20 11:32:07 UTC 2017
[STDERR  ] 2017-09-22T22:28:59.488987729Z: [    0.000000] Command line: console=ttyS0
[STDERR  ] 2017-09-22T22:28:59.489000293Z: [    0.000000] x86/fpu: Legacy x87 FPU detected.
[STDERR  ] 2017-09-22T22:28:59.489011049Z: [    0.000000] x86/fpu: Using 'eager' FPU context switches.
[STDERR  ] 2017-09-22T22:28:59.489040819Z: [    0.000000] e820: BIOS-provided physical RAM map:
[STDERR  ] 2017-09-22T22:28:59.489056249Z: [    0.000000] BIOS-e820: [mem 0x0000000000000000-0x000000000009fbff] usable
[STDERR  ] 2017-09-22T22:28:59.489076583Z: [    0.000000] BIOS-e820: [mem 0x000000000009fc00-0x000000000009ffff] reserved
[STDERR  ] 2017-09-22T22:28:59.489087305Z: [    0.000000] BIOS-e820: [mem 0x00000000000f0000-0x00000000000fffff] reserved
[STDERR  ] 2017-09-22T22:28:59.489097754Z: [    0.000000] BIOS-e820: [mem 0x0000000000100000-0x000000003ffdefff] usable
[STDERR  ] 2017-09-22T22:28:59.489107609Z: [    0.000000] BIOS-e820: [mem 0x000000003ffdf000-0x000000003fffffff] reserved
[STDERR  ] 2017-09-22T22:28:59.489123029Z: [    0.000000] BIOS-e820: [mem 0x00000000b0000000-0x00000000bfffffff] reserved
[STDERR  ] 2017-09-22T22:28:59.489141743Z: [    0.000000] BIOS-e820: [mem 0x00000000fed1c000-0x00000000fed1ffff] reserved
[STDERR  ] 2017-09-22T22:28:59.489151715Z: [    0.000000] BIOS-e820: [mem 0x00000000fffc0000-0x00000000ffffffff] reserved
[STDERR  ] 2017-09-22T22:28:59.489168648Z: [    0.000000] NX (Execute Disable) protection: active
[STDERR  ] 2017-09-22T22:28:59.489178178Z: [    0.000000] SMBIOS 2.8 present.
[STDERR  ] 2017-09-22T22:28:59.489187888Z: [    0.000000] e820: last_pfn = 0x3ffdf max_arch_pfn = 0x400000000
[STDERR  ] 2017-09-22T22:28:59.489197275Z: [    0.000000] x86/PAT: Configuration [0-7]: WB  WC  UC- UC  WB  WC  UC- WT  
[STDERR  ] 2017-09-22T22:28:59.489206885Z: [    0.000000] found SMP MP-table at [mem 0x000f6aa0-0x000f6aaf] mapped at [ffff9372400f6aa0]
[STDERR  ] 2017-09-22T22:28:59.489223375Z: [    0.000000] RAMDISK: [mem 0x3e13e000-0x3ffcffff]
[STDERR  ] 2017-09-22T22:28:59.489232133Z: [    0.000000] ACPI: Early table checksum verification disabled
[STDERR  ] 2017-09-22T22:28:59.489240831Z: [    0.000000] ACPI: RSDP 0x00000000000F68C0 000014 (v00 BOCHS )
[STDERR  ] 2017-09-22T22:28:59.489249771Z: [    0.000000] ACPI: RSDT 0x000000003FFE2404 000034 (v01 BOCHS  BXPCRSDT 00000001 BXPC 00000001)
[STDERR  ] 2017-09-22T22:28:59.489259917Z: [    0.000000] ACPI: FACP 0x000000003FFE22A4 000074 (v01 BOCHS  BXPCFACP 00000001 BXPC 00000001)
[STDERR  ] 2017-09-22T22:28:59.489278503Z: [    0.000000] ACPI: DSDT 0x000000003FFE0040 002264 (v01 BOCHS  BXPCDSDT 00000001 BXPC 00000001)
[STDERR  ] 2017-09-22T22:28:59.489288794Z: [    0.000000] ACPI: FACS 0x000000003FFE0000 000040
[STDERR  ] 2017-09-22T22:28:59.489297979Z: [    0.000000] ACPI: APIC 0x000000003FFE2318 000078 (v01 BOCHS  BXPCAPIC 00000001 BXPC 00000001)
[STDERR  ] 2017-09-22T22:28:59.489307334Z: [    0.000000] ACPI: HPET 0x000000003FFE2390 000038 (v01 BOCHS  BXPCHPET 00000001 BXPC 00000001)
[STDERR  ] 2017-09-22T22:28:59.489318101Z: [    0.000000] ACPI: MCFG 0x000000003FFE23C8 00003C (v01 BOCHS  BXPCMCFG 00000001 BXPC 00000001)
[STDERR  ] 2017-09-22T22:28:59.489329167Z: [    0.000000] Zone ranges:
[STDERR  ] 2017-09-22T22:28:59.489338878Z: [    0.000000]   DMA      [mem 0x0000000000001000-0x0000000000ffffff]
[STDERR  ] 2017-09-22T22:28:59.489348277Z: [    0.000000]   DMA32    [mem 0x0000000001000000-0x000000003ffdefff]
[STDERR  ] 2017-09-22T22:28:59.489357574Z: [    0.000000]   Normal   empty
[STDERR  ] 2017-09-22T22:28:59.489366911Z: [    0.000000] Movable zone start for each node
[STDERR  ] 2017-09-22T22:28:59.489375901Z: [    0.000000] Early memory node ranges
[STDERR  ] 2017-09-22T22:28:59.489384808Z: [    0.000000]   node   0: [mem 0x0000000000001000-0x000000000009efff]
[STDERR  ] 2017-09-22T22:28:59.489393685Z: [    0.000000]   node   0: [mem 0x0000000000100000-0x000000003ffdefff]
[STDERR  ] 2017-09-22T22:28:59.489403497Z: [    0.000000] Initmem setup node 0 [mem 0x0000000000001000-0x000000003ffdefff]
[STDERR  ] 2017-09-22T22:28:59.489412761Z: [    0.000000] ACPI: PM-Timer IO Port: 0x608
[STDERR  ] 2017-09-22T22:28:59.489421683Z: [    0.000000] ACPI: LAPIC_NMI (acpi_id[0xff] dfl dfl lint[0x1])
[STDERR  ] 2017-09-22T22:28:59.489432993Z: [    0.000000] IOAPIC[0]: apic_id 0, version 32, address 0xfec00000, GSI 0-23
[STDERR  ] 2017-09-22T22:28:59.489442135Z: [    0.000000] ACPI: INT_SRC_OVR (bus 0 bus_irq 0 global_irq 2 dfl dfl)
[STDERR  ] 2017-09-22T22:28:59.489451031Z: [    0.000000] ACPI: INT_SRC_OVR (bus 0 bus_irq 5 global_irq 5 high level)
[STDERR  ] 2017-09-22T22:28:59.489459965Z: [    0.000000] ACPI: INT_SRC_OVR (bus 0 bus_irq 9 global_irq 9 high level)
[STDERR  ] 2017-09-22T22:28:59.489468947Z: [    0.000000] ACPI: INT_SRC_OVR (bus 0 bus_irq 10 global_irq 10 high level)
[STDERR  ] 2017-09-22T22:28:59.489478055Z: [    0.000000] ACPI: INT_SRC_OVR (bus 0 bus_irq 11 global_irq 11 high level)
[STDERR  ] 2017-09-22T22:28:59.489487051Z: [    0.000000] Using ACPI (MADT) for SMP configuration information
[STDERR  ] 2017-09-22T22:28:59.489495813Z: [    0.000000] ACPI: HPET id: 0x8086a201 base: 0xfed00000
[STDERR  ] 2017-09-22T22:28:59.489504703Z: [    0.000000] smpboot: Allowing 1 CPUs, 0 hotplug CPUs
[STDERR  ] 2017-09-22T22:28:59.489518054Z: [    0.000000] e820: [mem 0x40000000-0xafffffff] available for PCI devices
[STDERR  ] 2017-09-22T22:28:59.489532093Z: [    0.000000] Booting paravirtualized kernel on bare hardware
[STDERR  ] 2017-09-22T22:28:59.489541827Z: [    0.000000] clocksource: refined-jiffies: mask: 0xffffffff max_cycles: 0xffffffff, max_idle_ns: 19112604462750000 ns
[STDERR  ] 2017-09-22T22:28:59.489571239Z: [    0.000000] setup_percpu: NR_CPUS:128 nr_cpumask_bits:128 nr_cpu_ids:1 nr_node_ids:1
[STDERR  ] 2017-09-22T22:28:59.489581058Z: [    0.000000] percpu: Embedded 35 pages/cpu @ffff93727de00000 s105240 r8192 d29928 u2097152
[STDERR  ] 2017-09-22T22:28:59.489591368Z: [    0.000000] Built 1 zonelists in Zone order, mobility grouping on.  Total pages: 257896
[STDERR  ] 2017-09-22T22:28:59.489600995Z: [    0.000000] Kernel command line: console=ttyS0
[STDERR  ] 2017-09-22T22:28:59.489609935Z: [    0.000000] PID hash table entries: 4096 (order: 3, 32768 bytes)
[STDERR  ] 2017-09-22T22:28:59.489619025Z: [    0.000000] Dentry cache hash table entries: 131072 (order: 8, 1048576 bytes)
[STDERR  ] 2017-09-22T22:28:59.489627829Z: [    0.000000] Inode-cache hash table entries: 65536 (order: 7, 524288 bytes)
[STDERR  ] 2017-09-22T22:28:59.489636587Z: [    0.000000] Memory: 982868K/1048052K available (8036K kernel code, 1367K rwdata, 2696K rodata, 1380K init, 568K bss, 65184K reserved, 0K cma-reserved)
[STDERR  ] 2017-09-22T22:28:59.489654834Z: [    0.000000] Hierarchical RCU implementation.
[STDERR  ] 2017-09-22T22:28:59.489664811Z: [    0.000000] 	Build-time adjustment of leaf fanout to 64.
[STDERR  ] 2017-09-22T22:28:59.489673968Z: [    0.000000] 	RCU restricting CPUs from NR_CPUS=128 to nr_cpu_ids=1.
[STDERR  ] 2017-09-22T22:28:59.489682243Z: [    0.000000] RCU: Adjusting geometry for rcu_fanout_leaf=64, nr_cpu_ids=1
[STDERR  ] 2017-09-22T22:28:59.489713363Z: [    0.000000] NR_IRQS:8448 nr_irqs:256 16
[STDERR  ] 2017-09-22T22:28:59.489722768Z: [    0.000000] Console: colour VGA+ 80x25
[STDERR  ] 2017-09-22T22:28:59.489731304Z: [    0.000000] console [ttyS0] enabled
[STDERR  ] 2017-09-22T22:28:59.489739849Z: [    0.000000] clocksource: hpet: mask: 0xffffffff max_cycles: 0xffffffff, max_idle_ns: 19112604467 ns
[STDERR  ] 2017-09-22T22:28:59.489751474Z: [    0.000000] tsc: Fast TSC calibration using PIT
[STDERR  ] 2017-09-22T22:28:59.489760259Z: [    0.000000] tsc: Detected 2599.989 MHz processor
[STDERR  ] 2017-09-22T22:28:59.489775053Z: [    0.022469] Calibrating delay loop (skipped), value calculated using timer frequency.. 5199.97 BogoMIPS (lpj=25999890)
[STDERR  ] 2017-09-22T22:28:59.489788381Z: [    0.023419] pid_max: default: 32768 minimum: 301
[STDERR  ] 2017-09-22T22:28:59.489798587Z: [    0.024501] ACPI: Core revision 20160831
[STDERR  ] 2017-09-22T22:28:59.489808009Z: [    0.072883] ACPI: 1 ACPI AML tables successfully acquired and loaded
[STDERR  ] 2017-09-22T22:28:59.489817395Z: [    0.077344] Security Framework initialized
[STDERR  ] 2017-09-22T22:28:59.489826791Z: [    0.077791] Yama: becoming mindful.
[STDERR  ] 2017-09-22T22:28:59.489836258Z: [    0.080312] Mount-cache hash table entries: 2048 (order: 2, 16384 bytes)
[STDERR  ] 2017-09-22T22:28:59.489844884Z: [    0.080891] Mountpoint-cache hash table entries: 2048 (order: 2, 16384 bytes)
[STDERR  ] 2017-09-22T22:28:59.489853184Z: [    0.099755] Last level iTLB entries: 4KB 0, 2MB 0, 4MB 0
[STDERR  ] 2017-09-22T22:28:59.489861479Z: [    0.100115] Last level dTLB entries: 4KB 0, 2MB 0, 4MB 0, 1GB 0
[STDERR  ] 2017-09-22T22:28:59.489869553Z: [    0.423795] Freeing SMP alternatives memory: 20K
[STDERR  ] 2017-09-22T22:28:59.489877724Z: [    0.435410] ftrace: allocating 35528 entries in 139 pages
[STDERR  ] 2017-09-22T22:28:59.489885833Z: [    0.612695] smpboot: Max logical packages: 1
[STDOUT  ] 2017-09-22T22:28:59.489849378Z: [    0.000000] Linux version 4.9.51-linuxkit (root@3253c0754a54) (gcc version 6.3.0 (Alpine 6.3.0) ) #1 SMP Wed Sep 20 11:32:07 UTC 2017
[STDERR  ] 2017-09-22T22:28:59.489894325Z: [    0.619998] ..TIMER: vector=0x30 apic1=0 pin1=2 apic2=-1 pin2=-1
[STDOUT  ] 2017-09-22T22:28:59.489906145Z: [    0.000000] Command line: console=ttyS0
[STDERR  ] 2017-09-22T22:28:59.489912115Z: [    0.720000] smpboot: CPU0: AMD QEMU Virtual CPU version 2.5+ (family: 0x6, model: 0x6, stepping: 0x3)
[STDOUT  ] 2017-09-22T22:28:59.489917095Z: [    0.000000] x86/fpu: Legacy x87 FPU detected.
[STDERR  ] 2017-09-22T22:28:59.489921824Z: [    0.720000] Performance Events: PMU not available due to virtualization, using software events only.
[STDERR  ] 2017-09-22T22:28:59.489930637Z: [    0.730097] NMI watchdog: disabled (cpu0): hardware events not enabled
[STDOUT  ] 2017-09-22T22:28:59.489929967Z: [    0.000000] x86/fpu: Using 'eager' FPU context switches.
[STDERR  ] 2017-09-22T22:28:59.489939541Z: [    0.730613] NMI watchdog: Shutting down hard lockup detector on all cpus
[STDOUT  ] 2017-09-22T22:28:59.489941539Z: [    0.000000] e820: BIOS-provided physical RAM map:
[STDERR  ] 2017-09-22T22:28:59.489948488Z: [    0.734513] x86: Booted up 1 node, 1 CPUs
[STDERR  ] 2017-09-22T22:28:59.489961465Z: [    0.735002] smpboot: Total of 1 processors activated (5199.97 BogoMIPS)
[STDOUT  ] 2017-09-22T22:28:59.489959137Z: [    0.000000] BIOS-e820: [mem 0x0000000000000000-0x000000000009fbff] usable
[STDERR  ] 2017-09-22T22:28:59.489970213Z: [    0.750824] devtmpfs: initialized
[STDOUT  ] 2017-09-22T22:28:59.489972195Z: [    0.000000] BIOS-e820: [mem 0x000000000009fc00-0x000000000009ffff] reserved
[STDERR  ] 2017-09-22T22:28:59.489984054Z: [    0.757683] x86/mm: Memory block size: 128MB
[STDOUT  ] 2017-09-22T22:28:59.489985601Z: [    0.000000] BIOS-e820: [mem 0x00000000000f0000-0x00000000000fffff] reserved
[STDERR  ] 2017-09-22T22:28:59.489993374Z: [    0.825726] clocksource: jiffies: mask: 0xffffffff max_cycles: 0xffffffff, max_idle_ns: 19112604462750000 ns
[STDOUT  ] 2017-09-22T22:28:59.489994951Z: [    0.000000] BIOS-e820: [mem 0x0000000000100000-0x000000003ffdefff] usable
[STDERR  ] 2017-09-22T22:28:59.490002924Z: [    0.826773] futex hash table entries: 256 (order: 2, 16384 bytes)
[STDOUT  ] 2017-09-22T22:28:59.490004644Z: [    0.000000] BIOS-e820: [mem 0x000000003ffdf000-0x000000003fffffff] reserved
[STDERR  ] 2017-09-22T22:28:59.490011715Z: [    0.837347] NET: Registered protocol family 16
[STDOUT  ] 2017-09-22T22:28:59.490014688Z: [    0.000000] BIOS-e820: [mem 0x00000000b0000000-0x00000000bfffffff] reserved
[STDERR  ] 2017-09-22T22:28:59.490020741Z: [    0.848863] cpuidle: using governor ladder
[STDOUT  ] 2017-09-22T22:28:59.490023751Z: [    0.000000] BIOS-e820: [mem 0x00000000fed1c000-0x00000000fed1ffff] reserved
[STDERR  ] 2017-09-22T22:28:59.490029915Z: [    0.849361] cpuidle: using governor menu
[STDOUT  ] 2017-09-22T22:28:59.490033137Z: [    0.000000] BIOS-e820: [mem 0x00000000fffc0000-0x00000000ffffffff] reserved
[STDERR  ] 2017-09-22T22:28:59.490038761Z: [    0.851187] ACPI: bus type PCI registered
[STDOUT  ] 2017-09-22T22:28:59.490042543Z: [    0.000000] NX (Execute Disable) protection: active
[STDERR  ] 2017-09-22T22:28:59.490050107Z: [    0.854506] PCI: MMCONFIG for domain 0000 [bus 00-ff] at [mem 0xb0000000-0xbfffffff] (base 0xb0000000)
[STDOUT  ] 2017-09-22T22:28:59.490053573Z: [    0.000000] SMBIOS 2.8 present.
[STDERR  ] 2017-09-22T22:28:59.490059531Z: [    0.855255] PCI: MMCONFIG at [mem 0xb0000000-0xbfffffff] reserved in E820
[STDOUT  ] 2017-09-22T22:28:59.490063195Z: [    0.000000] e820: last_pfn = 0x3ffdf max_arch_pfn = 0x400000000
[STDERR  ] 2017-09-22T22:28:59.490068337Z: [    0.856719] PCI: Using configuration type 1 for base access
[STDOUT  ] 2017-09-22T22:28:59.490074115Z: [    0.000000] x86/PAT: Configuration [0-7]: WB  WC  UC- UC  WB  WC  UC- WT  
[STDERR  ] 2017-09-22T22:28:59.490082877Z: [    0.920303] HugeTLB registered 2 MB page size, pre-allocated 0 pages
[STDOUT  ] 2017-09-22T22:28:59.490087604Z: [    0.000000] found SMP MP-table at [mem 0x000f6aa0-0x000f6aaf] mapped at [ffff9372400f6aa0]
[STDERR  ] 2017-09-22T22:28:59.490091961Z: [    0.932334] ACPI: Added _OSI(Module Device)
[STDOUT  ] 2017-09-22T22:28:59.490097197Z: [    0.000000] RAMDISK: [mem 0x3e13e000-0x3ffcffff]
[STDERR  ] 2017-09-22T22:28:59.490104857Z: [    0.932664] ACPI: Added _OSI(Processor Device)
[STDOUT  ] 2017-09-22T22:28:59.490106299Z: [    0.000000] ACPI: Early table checksum verification disabled
[STDERR  ] 2017-09-22T22:28:59.490114069Z: [    0.932996] ACPI: Added _OSI(3.0 _SCP Extensions)
[STDOUT  ] 2017-09-22T22:28:59.490115728Z: [    0.000000] ACPI: RSDP 0x00000000000F68C0 000014 (v00 BOCHS )
[STDERR  ] 2017-09-22T22:28:59.490123034Z: [    0.933340] ACPI: Added _OSI(Processor Aggregator Device)
[STDOUT  ] 2017-09-22T22:28:59.490125115Z: [    0.000000] ACPI: RSDT 0x000000003FFE2404 000034 (v01 BOCHS  BXPCRSDT 00000001 BXPC 00000001)
[STDERR  ] 2017-09-22T22:28:59.490132024Z: [    1.012510] ACPI: Interpreter enabled
[STDOUT  ] 2017-09-22T22:28:59.490134773Z: [    0.000000] ACPI: FACP 0x000000003FFE22A4 000074 (v01 BOCHS  BXPCFACP 00000001 BXPC 00000001)
[STDERR  ] 2017-09-22T22:28:59.490140988Z: [    1.013491] ACPI: (supports S0 S5)
[STDOUT  ] 2017-09-22T22:28:59.490144415Z: [    0.000000] ACPI: DSDT 0x000000003FFE0040 002264 (v01 BOCHS  BXPCDSDT 00000001 BXPC 00000001)
[STDERR  ] 2017-09-22T22:28:59.490149701Z: [    1.013873] ACPI: Using IOAPIC for interrupt routing
[STDOUT  ] 2017-09-22T22:28:59.490154825Z: [    0.000000] ACPI: FACS 0x000000003FFE0000 000040
[STDERR  ] 2017-09-22T22:28:59.490158597Z: [    1.016556] PCI: Using host bridge windows from ACPI; if necessary, use "pci=nocrs" and report a bug
[STDOUT  ] 2017-09-22T22:28:59.490170995Z: [    0.000000] ACPI: APIC 0x000000003FFE2318 000078 (v01 BOCHS  BXPCAPIC 00000001 BXPC 00000001)
[STDERR  ] 2017-09-22T22:28:59.490172583Z: [    1.094981] ACPI: PCI Root Bridge [PCI0] (domain 0000 [bus 00-ff])
[STDERR  ] 2017-09-22T22:28:59.490182005Z: [    1.096207] acpi PNP0A08:00: _OSC: OS supports [ExtendedConfig ASPM ClockPM Segments MSI]
[STDOUT  ] 2017-09-22T22:28:59.490180485Z: [    0.000000] ACPI: HPET 0x000000003FFE2390 000038 (v01 BOCHS  BXPCHPET 00000001 BXPC 00000001)
[STDERR  ] 2017-09-22T22:28:59.490191333Z: [    1.103875] acpi PNP0A08:00: _OSC: OS now controls [PCIeHotplug PME PCIeCapability]
[STDOUT  ] 2017-09-22T22:28:59.490198109Z: [    0.000000] ACPI: MCFG 0x000000003FFE23C8 00003C (v01 BOCHS  BXPCMCFG 00000001 BXPC 00000001)
[STDERR  ] 2017-09-22T22:28:59.490200859Z: [    1.108339] PCI host bridge to bus 0000:00
[STDOUT  ] 2017-09-22T22:28:59.490209481Z: [    0.000000] Zone ranges:
[STDERR  ] 2017-09-22T22:28:59.490209671Z: [    1.108843] pci_bus 0000:00: root bus resource [io  0x0000-0x0cf7 window]
[STDOUT  ] 2017-09-22T22:28:59.490219028Z: [    0.000000]   DMA      [mem 0x0000000000001000-0x0000000000ffffff]
[STDOUT  ] 2017-09-22T22:28:59.490228445Z: [    0.000000]   DMA32    [mem 0x0000000001000000-0x000000003ffdefff]
[STDERR  ] 2017-09-22T22:28:59.490220598Z: [    1.109358] pci_bus 0000:00: root bus resource [io  0x0d00-0xffff window]
[STDERR  ] 2017-09-22T22:28:59.490234987Z: [    1.109829] pci_bus 0000:00: root bus resource [mem 0x000a0000-0x000bffff window]
[STDOUT  ] 2017-09-22T22:28:59.490238134Z: [    0.000000]   Normal   empty
[STDERR  ] 2017-09-22T22:28:59.490243887Z: [    1.110124] pci_bus 0000:00: root bus resource [mem 0xc0000000-0xfebfffff window]
[STDOUT  ] 2017-09-22T22:28:59.490252463Z: [    0.000000] Movable zone start for each node
[STDERR  ] 2017-09-22T22:28:59.490253777Z: [    1.110835] pci_bus 0000:00: root bus resource [bus 00-ff]
[STDOUT  ] 2017-09-22T22:28:59.490261793Z: [    0.000000] Early memory node ranges
[STDERR  ] 2017-09-22T22:28:59.490263118Z: [    1.235695] pci 0000:00:1f.0: quirk: [io  0x0600-0x067f] claimed by ICH6 ACPI/GPIO/TCO
[STDOUT  ] 2017-09-22T22:28:59.490271369Z: [    0.000000]   node   0: [mem 0x0000000000001000-0x000000000009efff]
[STDOUT  ] 2017-09-22T22:28:59.490280587Z: [    0.000000]   node   0: [mem 0x0000000000100000-0x000000003ffdefff]
[STDERR  ] 2017-09-22T22:28:59.490273095Z: [    1.302380] ACPI: PCI Interrupt Link [LNKA] (IRQs 5 *10 11)
[STDOUT  ] 2017-09-22T22:28:59.490289743Z: [    0.000000] Initmem setup node 0 [mem 0x0000000000001000-0x000000003ffdefff]
[STDERR  ] 2017-09-22T22:28:59.490291351Z: [    1.305241] ACPI: PCI Interrupt Link [LNKB] (IRQs 5 *10 11)
[STDOUT  ] 2017-09-22T22:28:59.490303435Z: [    0.000000] ACPI: PM-Timer IO Port: 0x608
[STDERR  ] 2017-09-22T22:28:59.490306268Z: [    1.307567] ACPI: PCI Interrupt Link [LNKC] (IRQs 5 10 *11)
[STDOUT  ] 2017-09-22T22:28:59.490312978Z: [    0.000000] ACPI: LAPIC_NMI (acpi_id[0xff] dfl dfl lint[0x1])
[STDERR  ] 2017-09-22T22:28:59.490315307Z: [    1.310570] ACPI: PCI Interrupt Link [LNKD] (IRQs 5 10 *11)
[STDERR  ] 2017-09-22T22:28:59.490324204Z: [    1.313014] ACPI: PCI Interrupt Link [LNKE] (IRQs 5 *10 11)
[STDOUT  ] 2017-09-22T22:28:59.490322378Z: [    0.000000] IOAPIC[0]: apic_id 0, version 32, address 0xfec00000, GSI 0-23
[STDOUT  ] 2017-09-22T22:28:59.490335605Z: [    0.000000] ACPI: INT_SRC_OVR (bus 0 bus_irq 0 global_irq 2 dfl dfl)
[STDERR  ] 2017-09-22T22:28:59.490333117Z: [    1.315307] ACPI: PCI Interrupt Link [LNKF] (IRQs 5 *10 11)
[STDERR  ] 2017-09-22T22:28:59.490342089Z: [    1.317571] ACPI: PCI Interrupt Link [LNKG] (IRQs 5 10 *11)
[STDOUT  ] 2017-09-22T22:28:59.490344884Z: [    0.000000] ACPI: INT_SRC_OVR (bus 0 bus_irq 5 global_irq 5 high level)
[STDERR  ] 2017-09-22T22:28:59.490351337Z: [    1.319575] ACPI: PCI Interrupt Link [LNKH] (IRQs 5 10 *11)
[STDOUT  ] 2017-09-22T22:28:59.490354154Z: [    0.000000] ACPI: INT_SRC_OVR (bus 0 bus_irq 9 global_irq 9 high level)
[STDERR  ] 2017-09-22T22:28:59.490364761Z: [    1.320809] ACPI: PCI Interrupt Link [GSIA] (IRQs *16)
[STDOUT  ] 2017-09-22T22:28:59.490366199Z: [    0.000000] ACPI: INT_SRC_OVR (bus 0 bus_irq 10 global_irq 10 high level)
[STDERR  ] 2017-09-22T22:28:59.490373849Z: [    1.321637] ACPI: PCI Interrupt Link [GSIB] (IRQs *17)
[STDOUT  ] 2017-09-22T22:28:59.490375399Z: [    0.000000] ACPI: INT_SRC_OVR (bus 0 bus_irq 11 global_irq 11 high level)
[STDERR  ] 2017-09-22T22:28:59.490382828Z: [    1.322404] ACPI: PCI Interrupt Link [GSIC] (IRQs *18)
[STDOUT  ] 2017-09-22T22:28:59.490384539Z: [    0.000000] Using ACPI (MADT) for SMP configuration information
[STDOUT  ] 2017-09-22T22:28:59.490393844Z: [    0.000000] ACPI: HPET id: 0x8086a201 base: 0xfed00000
[STDERR  ] 2017-09-22T22:28:59.490391858Z: [    1.323196] ACPI: PCI Interrupt Link [GSID] (IRQs *19)
[STDOUT  ] 2017-09-22T22:28:59.490403513Z: [    0.000000] smpboot: Allowing 1 CPUs, 0 hotplug CPUs
[STDERR  ] 2017-09-22T22:28:59.490400684Z: [    1.323939] ACPI: PCI Interrupt Link [GSIE] (IRQs *20)
[STDERR  ] 2017-09-22T22:28:59.490409837Z: [    1.324725] ACPI: PCI Interrupt Link [GSIF] (IRQs *21)
[STDOUT  ] 2017-09-22T22:28:59.490412671Z: [    0.000000] e820: [mem 0x40000000-0xafffffff] available for PCI devices
[STDOUT  ] 2017-09-22T22:28:59.490422253Z: [    0.000000] Booting paravirtualized kernel on bare hardware
[STDERR  ] 2017-09-22T22:28:59.490424124Z: [    1.325430] ACPI: PCI Interrupt Link [GSIG] (IRQs *22)
[STDOUT  ] 2017-09-22T22:28:59.490431318Z: [    0.000000] clocksource: refined-jiffies: mask: 0xffffffff max_cycles: 0xffffffff, max_idle_ns: 19112604462750000 ns
[STDERR  ] 2017-09-22T22:28:59.490436828Z: [    1.326216] ACPI: PCI Interrupt Link [GSIH] (IRQs *23)
[STDOUT  ] 2017-09-22T22:28:59.490443951Z: [    0.000000] setup_percpu: NR_CPUS:128 nr_cpumask_bits:128 nr_cpu_ids:1 nr_node_ids:1
[STDERR  ] 2017-09-22T22:28:59.490445663Z: [    1.331529] ACPI: Enabled 2 GPEs in block 00 to 3F
[STDOUT  ] 2017-09-22T22:28:59.490453607Z: [    0.000000] percpu: Embedded 35 pages/cpu @ffff93727de00000 s105240 r8192 d29928 u2097152
[STDERR  ] 2017-09-22T22:28:59.490457139Z: [    1.337752] SCSI subsystem initialized
[STDOUT  ] 2017-09-22T22:28:59.490463449Z: [    0.000000] Built 1 zonelists in Zone order, mobility grouping on.  Total pages: 257896
[STDERR  ] 2017-09-22T22:28:59.490466255Z: [    1.340315] ACPI: bus type USB registered
[STDOUT  ] 2017-09-22T22:28:59.490472499Z: [    0.000000] Kernel command line: console=ttyS0
[STDERR  ] 2017-09-22T22:28:59.490475284Z: [    1.341683] usbcore: registered new interface driver usbfs
[STDOUT  ] 2017-09-22T22:28:59.490481621Z: [    0.000000] PID hash table entries: 4096 (order: 3, 32768 bytes)
[STDERR  ] 2017-09-22T22:28:59.490484268Z: [    1.342776] usbcore: registered new interface driver hub
[STDERR  ] 2017-09-22T22:28:59.490496433Z: [    1.343642] usbcore: registered new device driver usb
[STDOUT  ] 2017-09-22T22:28:59.490496829Z: [    0.000000] Dentry cache hash table entries: 131072 (order: 8, 1048576 bytes)
[STDERR  ] 2017-09-22T22:28:59.490505694Z: [    1.345290] pps_core: LinuxPPS API ver. 1 registered
[STDOUT  ] 2017-09-22T22:28:59.490507269Z: [    0.000000] Inode-cache hash table entries: 65536 (order: 7, 524288 bytes)
[STDERR  ] 2017-09-22T22:28:59.490514735Z: [    1.345568] pps_core: Software ver. 5.3.6 - Copyright 2005-2007 Rodolfo Giometti <giometti@linux.it>
[STDOUT  ] 2017-09-22T22:28:59.490517987Z: [    0.000000] Memory: 982868K/1048052K available (8036K kernel code, 1367K rwdata, 2696K rodata, 1380K init, 568K bss, 65184K reserved, 0K cma-reserved)
[STDERR  ] 2017-09-22T22:28:59.490523843Z: [    1.346387] PTP clock support registered
[STDOUT  ] 2017-09-22T22:28:59.490531293Z: [    0.000000] Hierarchical RCU implementation.
[STDERR  ] 2017-09-22T22:28:59.490532765Z: [    1.347932] wmi: Mapper loaded
[STDERR  ] 2017-09-22T22:28:59.490542141Z: [    1.349174] PCI: Using ACPI for IRQ routing
[STDOUT  ] 2017-09-22T22:28:59.490540455Z: [    0.000000] 	Build-time adjustment of leaf fanout to 64.
[STDERR  ] 2017-09-22T22:28:59.490555241Z: [    1.374228] NetLabel: Initializing
[STDOUT  ] 2017-09-22T22:28:59.490559259Z: [    0.000000] 	RCU restricting CPUs from NR_CPUS=128 to nr_cpu_ids=1.
[STDERR  ] 2017-09-22T22:28:59.490564387Z: [    1.374451] NetLabel:  domain hash size = 128
[STDOUT  ] 2017-09-22T22:28:59.490568767Z: [    0.000000] RCU: Adjusting geometry for rcu_fanout_leaf=64, nr_cpu_ids=1
[STDERR  ] 2017-09-22T22:28:59.490574331Z: [    1.374860] NetLabel:  protocols = UNLABELED CIPSOv4
[STDOUT  ] 2017-09-22T22:28:59.490582887Z: [    0.000000] NR_IRQS:8448 nr_irqs:256 16
[STDERR  ] 2017-09-22T22:28:59.490584363Z: [    1.377708] NetLabel:  unlabeled traffic allowed by default
[STDOUT  ] 2017-09-22T22:28:59.490592338Z: [    0.000000] Console: colour VGA+ 80x25
[STDERR  ] 2017-09-22T22:28:59.490593733Z: [    1.379002] HPET: 3 timers in total, 0 timers will be used for per-cpu timer
[STDOUT  ] 2017-09-22T22:28:59.490601593Z: [    0.000000] console [ttyS0] enabled
[STDERR  ] 2017-09-22T22:28:59.490602658Z: [    1.380107] hpet0: at MMIO 0xfed00000, IRQs 2, 8, 0
[STDOUT  ] 2017-09-22T22:28:59.490610905Z: [    0.000000] clocksource: hpet: mask: 0xffffffff max_cycles: 0xffffffff, max_idle_ns: 19112604467 ns
[STDERR  ] 2017-09-22T22:28:59.490612545Z: [    1.380683] hpet0: 3 comparators, 64-bit 100.000000 MHz counter
[STDOUT  ] 2017-09-22T22:28:59.490620851Z: [    0.000000] tsc: Fast TSC calibration using PIT
[STDERR  ] 2017-09-22T22:28:59.490622193Z: [    1.386068] clocksource: Switched to clocksource hpet
[STDOUT  ] 2017-09-22T22:28:59.490630157Z: [    0.000000] tsc: Detected 2599.989 MHz processor
[STDERR  ] 2017-09-22T22:28:59.490631555Z: [    1.669549] VFS: Disk quotas dquot_6.6.0
[STDERR  ] 2017-09-22T22:28:59.490641028Z: [    1.670644] VFS: Dquot-cache hash table entries: 512 (order 0, 4096 bytes)
[STDOUT  ] 2017-09-22T22:28:59.490639457Z: [    0.022469] Calibrating delay loop (skipped), value calculated using timer frequency.. 5199.97 BogoMIPS (lpj=25999890)
[STDOUT  ] 2017-09-22T22:28:59.490648753Z: [    0.023419] pid_max: default: 32768 minimum: 301
[STDERR  ] 2017-09-22T22:28:59.490650047Z: [    1.674148] FS-Cache: Loaded
[STDOUT  ] 2017-09-22T22:28:59.490657943Z: [    0.024501] ACPI: Core revision 20160831
[STDERR  ] 2017-09-22T22:28:59.490659363Z: [    1.679525] CacheFiles: Loaded
[STDOUT  ] 2017-09-22T22:28:59.490667095Z: [    0.072883] ACPI: 1 ACPI AML tables successfully acquired and loaded
[STDERR  ] 2017-09-22T22:28:59.490668635Z: [    1.681540] pnp: PnP ACPI init
[STDOUT  ] 2017-09-22T22:28:59.490676168Z: [    0.077344] Security Framework initialized
[STDERR  ] 2017-09-22T22:28:59.490677721Z: [    1.693247] pnp: PnP ACPI: found 5 devices
[STDOUT  ] 2017-09-22T22:28:59.490685114Z: [    0.077791] Yama: becoming mindful.
[STDOUT  ] 2017-09-22T22:28:59.490698404Z: [    0.080312] Mount-cache hash table entries: 2048 (order: 2, 16384 bytes)
[STDERR  ] 2017-09-22T22:28:59.490697253Z: [    1.748039] clocksource: acpi_pm: mask: 0xffffff max_cycles: 0xffffff, max_idle_ns: 2085701024 ns
[STDOUT  ] 2017-09-22T22:28:59.490707478Z: [    0.080891] Mountpoint-cache hash table entries: 2048 (order: 2, 16384 bytes)
[STDERR  ] 2017-09-22T22:28:59.490711409Z: [    1.752662] NET: Registered protocol family 2
[STDOUT  ] 2017-09-22T22:28:59.490716628Z: [    0.099755] Last level iTLB entries: 4KB 0, 2MB 0, 4MB 0
[STDOUT  ] 2017-09-22T22:28:59.490726241Z: [    0.100115] Last level dTLB entries: 4KB 0, 2MB 0, 4MB 0, 1GB 0
[STDERR  ] 2017-09-22T22:28:59.490734265Z: [    1.760341] TCP established hash table entries: 8192 (order: 4, 65536 bytes)
[STDOUT  ] 2017-09-22T22:28:59.490735255Z: [    0.423795] Freeing SMP alternatives memory: 20K
[STDOUT  ] 2017-09-22T22:28:59.490744287Z: [    0.435410] ftrace: allocating 35528 entries in 139 pages
[STDERR  ] 2017-09-22T22:28:59.490743529Z: [    1.761189] TCP bind hash table entries: 8192 (order: 5, 131072 bytes)
[STDERR  ] 2017-09-22T22:28:59.490752657Z: [    1.762000] TCP: Hash tables configured (established 8192 bind 8192)
[STDOUT  ] 2017-09-22T22:28:59.490753218Z: [    0.612695] smpboot: Max logical packages: 1
[STDOUT  ] 2017-09-22T22:28:59.490766501Z: [    0.619998] ..TIMER: vector=0x30 apic1=0 pin1=2 apic2=-1 pin2=-1
[STDERR  ] 2017-09-22T22:28:59.490763858Z: [    1.763948] UDP hash table entries: 512 (order: 2, 16384 bytes)
[STDERR  ] 2017-09-22T22:28:59.490772909Z: [    1.764605] UDP-Lite hash table entries: 512 (order: 2, 16384 bytes)
[STDOUT  ] 2017-09-22T22:28:59.490775729Z: [    0.720000] smpboot: CPU0: AMD QEMU Virtual CPU version 2.5+ (family: 0x6, model: 0x6, stepping: 0x3)
[STDERR  ] 2017-09-22T22:28:59.490782353Z: [    1.766969] NET: Registered protocol family 1
[STDOUT  ] 2017-09-22T22:28:59.490785718Z: [    0.720000] Performance Events: PMU not available due to virtualization, using software events only.
[STDERR  ] 2017-09-22T22:28:59.490792414Z: [    1.768172] pci 0000:00:01.0: Video device with shadowed ROM at [mem 0x000c0000-0x000dffff]
[STDOUT  ] 2017-09-22T22:28:59.490795151Z: [    0.730097] NMI watchdog: disabled (cpu0): hardware events not enabled
[STDERR  ] 2017-09-22T22:28:59.490801489Z: [    1.775788] Unpacking initramfs...
[STDOUT  ] 2017-09-22T22:28:59.490804253Z: [    0.730613] NMI watchdog: Shutting down hard lockup detector on all cpus
[STDERR  ] 2017-09-22T22:28:59.490810785Z: [    6.835826] Freeing initrd memory: 31304K
[STDOUT  ] 2017-09-22T22:28:59.490813561Z: [    0.734513] x86: Booted up 1 node, 1 CPUs
[STDERR  ] 2017-09-22T22:28:59.490820167Z: [    6.862849] PCLMULQDQ-NI instructions are not detected.
[STDOUT  ] 2017-09-22T22:28:59.490828617Z: [    0.735002] smpboot: Total of 1 processors activated (5199.97 BogoMIPS)
[STDERR  ] 2017-09-22T22:28:59.490833915Z: [    6.864585] AVX or AES-NI instructions are not detected.
[STDOUT  ] 2017-09-22T22:28:59.490837969Z: [    0.750824] devtmpfs: initialized
[STDERR  ] 2017-09-22T22:28:59.490843494Z: [    6.865108] CPU feature 'AVX registers' is not supported.
[STDOUT  ] 2017-09-22T22:28:59.490847175Z: [    0.757683] x86/mm: Memory block size: 128MB
[STDERR  ] 2017-09-22T22:28:59.490853581Z: [    6.865513] CPU feature 'AVX registers' is not supported.
[STDOUT  ] 2017-09-22T22:28:59.490861469Z: [    0.825726] clocksource: jiffies: mask: 0xffffffff max_cycles: 0xffffffff, max_idle_ns: 19112604462750000 ns
[STDOUT  ] 2017-09-22T22:28:59.490870707Z: [    0.826773] futex hash table entries: 256 (order: 2, 16384 bytes)
[STDERR  ] 2017-09-22T22:28:59.490862885Z: [    6.865911] CPU feature 'AVX registers' is not supported.
[STDERR  ] 2017-09-22T22:28:59.490880029Z: [    6.866360] CPU feature 'AVX registers' is not supported.
[STDOUT  ] 2017-09-22T22:28:59.490880155Z: [    0.837347] NET: Registered protocol family 16
[STDOUT  ] 2017-09-22T22:28:59.490890508Z: [    0.848863] cpuidle: using governor ladder
[STDERR  ] 2017-09-22T22:28:59.490888954Z: [    6.866774] AVX2 or AES-NI instructions are not detected.
[STDOUT  ] 2017-09-22T22:28:59.490903329Z: [    0.849361] cpuidle: using governor menu
[STDERR  ] 2017-09-22T22:28:59.490900565Z: [    6.867224] AVX2 instructions are not detected.
[STDERR  ] 2017-09-22T22:28:59.490909838Z: [    6.875538] audit: initializing netlink subsys (disabled)
[STDOUT  ] 2017-09-22T22:28:59.490912668Z: [    0.851187] ACPI: bus type PCI registered
[STDERR  ] 2017-09-22T22:28:59.490918644Z: [    6.877480] audit: type=2000 audit(1506119303.870:1): initialized
[STDERR  ] 2017-09-22T22:28:59.490927458Z: [    6.886088] workingset: timestamp_bits=46 max_order=18 bucket_order=0
[STDOUT  ] 2017-09-22T22:28:59.490922041Z: [    0.854506] PCI: MMCONFIG for domain 0000 [bus 00-ff] at [mem 0xb0000000-0xbfffffff] (base 0xb0000000)
[STDERR  ] 2017-09-22T22:28:59.490936121Z: [    6.893682] FS-Cache: Netfs 'cifs' registered for caching
[STDOUT  ] 2017-09-22T22:28:59.490937585Z: [    0.855255] PCI: MMCONFIG at [mem 0xb0000000-0xbfffffff] reserved in E820
[STDERR  ] 2017-09-22T22:28:59.490945197Z: [    6.894866] fuse init (API version 7.26)
[STDERR  ] 2017-09-22T22:28:59.490954601Z: [    6.897605] SGI XFS with ACLs, security attributes, no debug enabled
[STDOUT  ] 2017-09-22T22:28:59.490946877Z: [    0.856719] PCI: Using configuration type 1 for base access
[STDOUT  ] 2017-09-22T22:28:59.490960923Z: [    0.920303] HugeTLB registered 2 MB page size, pre-allocated 0 pages
[STDERR  ] 2017-09-22T22:28:59.490963739Z: [    6.902804] 9p: Installing v9fs 9p2000 file system support
[STDERR  ] 2017-09-22T22:28:59.490972819Z: [    6.903400] FS-Cache: Netfs '9p' registered for caching
[STDOUT  ] 2017-09-22T22:28:59.490969957Z: [    0.932334] ACPI: Added _OSI(Module Device)
[STDOUT  ] 2017-09-22T22:28:59.490979161Z: [    0.932664] ACPI: Added _OSI(Processor Device)
[STDERR  ] 2017-09-22T22:28:59.490981845Z: [    6.947403] NET: Registered protocol family 38
[STDOUT  ] 2017-09-22T22:28:59.490988268Z: [    0.932996] ACPI: Added _OSI(3.0 _SCP Extensions)
[STDERR  ] 2017-09-22T22:28:59.490991911Z: [    6.948006] Key type asymmetric registered
[STDOUT  ] 2017-09-22T22:28:59.490997664Z: [    0.933340] ACPI: Added _OSI(Processor Aggregator Device)
[STDERR  ] 2017-09-22T22:28:59.491000811Z: [    6.948346] Asymmetric key parser 'x509' registered
[STDOUT  ] 2017-09-22T22:28:59.491006734Z: [    1.012510] ACPI: Interpreter enabled
[STDERR  ] 2017-09-22T22:28:59.491009829Z: [    6.949483] Block layer SCSI generic (bsg) driver version 0.4 loaded (major 251)
[STDOUT  ] 2017-09-22T22:28:59.491015797Z: [    1.013491] ACPI: (supports S0 S5)
[STDERR  ] 2017-09-22T22:28:59.491019225Z: [    6.952194] io scheduler noop registered
[STDOUT  ] 2017-09-22T22:28:59.491024891Z: [    1.013873] ACPI: Using IOAPIC for interrupt routing
[STDERR  ] 2017-09-22T22:28:59.491028219Z: [    6.952551] io scheduler deadline registered (default)
[STDOUT  ] 2017-09-22T22:28:59.491034085Z: [    1.016556] PCI: Using host bridge windows from ACPI; if necessary, use "pci=nocrs" and report a bug
[STDERR  ] 2017-09-22T22:28:59.491037211Z: [    6.953510] io scheduler cfq registered
[STDOUT  ] 2017-09-22T22:28:59.491043393Z: [    1.094981] ACPI: PCI Root Bridge [PCI0] (domain 0000 [bus 00-ff])
[STDERR  ] 2017-09-22T22:28:59.491046159Z: [    6.956757] pci_hotplug: PCI Hot Plug PCI Core version: 0.5
[STDOUT  ] 2017-09-22T22:28:59.491052477Z: [    1.096207] acpi PNP0A08:00: _OSC: OS supports [ExtendedConfig ASPM ClockPM Segments MSI]
[STDERR  ] 2017-09-22T22:28:59.491055059Z: [    6.957397] pciehp: PCI Express Hot Plug Controller Driver version: 0.4
[STDOUT  ] 2017-09-22T22:28:59.491062144Z: [    1.103875] acpi PNP0A08:00: _OSC: OS now controls [PCIeHotplug PME PCIeCapability]
[STDERR  ] 2017-09-22T22:28:59.491064127Z: [    6.958242] shpchp: Standard Hot Plug PCI Controller Driver version: 0.4
[STDOUT  ] 2017-09-22T22:28:59.491071161Z: [    1.108339] PCI host bridge to bus 0000:00
[STDERR  ] 2017-09-22T22:28:59.491073277Z: [    6.959089] hv_vmbus: registering driver hyperv_fb
[STDOUT  ] 2017-09-22T22:28:59.491080245Z: [    1.108843] pci_bus 0000:00: root bus resource [io  0x0000-0x0cf7 window]
[STDERR  ] 2017-09-22T22:28:59.491086111Z: [    6.963871] input: Power Button as /devices/LNXSYSTM:00/LNXPWRBN:00/input/input0
[STDOUT  ] 2017-09-22T22:28:59.491089578Z: [    1.109358] pci_bus 0000:00: root bus resource [io  0x0d00-0xffff window]
[STDERR  ] 2017-09-22T22:28:59.491095108Z: [    6.964994] ACPI: Power Button [PWRF]
[STDOUT  ] 2017-09-22T22:28:59.491098915Z: [    1.109829] pci_bus 0000:00: root bus resource [mem 0x000a0000-0x000bffff window]
[STDERR  ] 2017-09-22T22:28:59.491104673Z: [    6.971266] GHES: HEST is not enabled!
[STDOUT  ] 2017-09-22T22:28:59.491110175Z: [    1.110124] pci_bus 0000:00: root bus resource [mem 0xc0000000-0xfebfffff window]
[STDERR  ] 2017-09-22T22:28:59.491113667Z: [    6.985806] ACPI: PCI Interrupt Link [GSIG] enabled at IRQ 22
[STDERR  ] 2017-09-22T22:28:59.491122767Z: [    7.003304] ACPI: PCI Interrupt Link [GSIH] enabled at IRQ 23
[STDOUT  ] 2017-09-22T22:28:59.491120048Z: [    1.110835] pci_bus 0000:00: root bus resource [bus 00-ff]
[STDERR  ] 2017-09-22T22:28:59.491131908Z: [    7.009055] xenfs: not registering filesystem on non-xen platform
[STDOUT  ] 2017-09-22T22:28:59.491129293Z: [    1.235695] pci 0000:00:1f.0: quirk: [io  0x0600-0x067f] claimed by ICH6 ACPI/GPIO/TCO
[STDOUT  ] 2017-09-22T22:28:59.491138631Z: [    1.302380] ACPI: PCI Interrupt Link [LNKA] (IRQs 5 *10 11)
[STDERR  ] 2017-09-22T22:28:59.491145315Z: [    7.011825] Serial: 8250/16550 driver, 4 ports, IRQ sharing disabled
[STDOUT  ] 2017-09-22T22:28:59.491151115Z: [    1.305241] ACPI: PCI Interrupt Link [LNKB] (IRQs 5 *10 11)
[STDERR  ] 2017-09-22T22:28:59.491154688Z: [    7.037254] 00:04: ttyS0 at I/O 0x3f8 (irq = 4, base_baud = 115200) is a 16550A
[STDOUT  ] 2017-09-22T22:28:59.491161085Z: [    1.307567] ACPI: PCI Interrupt Link [LNKC] (IRQs 5 10 *11)
[STDERR  ] 2017-09-22T22:28:59.491169873Z: [    7.051328] Non-volatile memory driver v1.3
[STDOUT  ] 2017-09-22T22:28:59.491171301Z: [    1.310570] ACPI: PCI Interrupt Link [LNKD] (IRQs 5 10 *11)
[STDERR  ] 2017-09-22T22:28:59.491179135Z: [    7.058668] Hangcheck: starting hangcheck timer 0.9.1 (tick is 180 seconds, margin is 60 seconds).
[STDOUT  ] 2017-09-22T22:28:59.491180721Z: [    1.313014] ACPI: PCI Interrupt Link [LNKE] (IRQs 5 *10 11)
[STDOUT  ] 2017-09-22T22:28:59.491195807Z: [    1.315307] ACPI: PCI Interrupt Link [LNKF] (IRQs 5 *10 11)
[STDERR  ] 2017-09-22T22:28:59.491193489Z: [    7.105770] loop: module loaded
[STDERR  ] 2017-09-22T22:28:59.491202571Z: [    7.125127] nbd: registered device at major 43
[STDOUT  ] 2017-09-22T22:28:59.491204917Z: [    1.317571] ACPI: PCI Interrupt Link [LNKG] (IRQs 5 10 *11)
[STDERR  ] 2017-09-22T22:28:59.491211631Z: [    7.177627] lpc_ich 0000:00:1f.0: I/O space for GPIO uninitialized
[STDERR  ] 2017-09-22T22:28:59.491220548Z: [    7.179963] VMware PVSCSI driver - version 1.0.7.0-k
[STDOUT  ] 2017-09-22T22:28:59.491214191Z: [    1.319575] ACPI: PCI Interrupt Link [LNKH] (IRQs 5 10 *11)
[STDERR  ] 2017-09-22T22:28:59.491229351Z: [    7.181358] hv_vmbus: registering driver hv_storvsc
[STDOUT  ] 2017-09-22T22:28:59.491235888Z: [    1.320809] ACPI: PCI Interrupt Link [GSIA] (IRQs *16)
[STDERR  ] 2017-09-22T22:28:59.491238521Z: [    7.194188] ACPI: PCI Interrupt Link [GSIA] enabled at IRQ 16
[STDOUT  ] 2017-09-22T22:28:59.491244879Z: [    1.321637] ACPI: PCI Interrupt Link [GSIB] (IRQs *17)
[STDERR  ] 2017-09-22T22:28:59.491247578Z: [    7.202901] ahci 0000:00:1f.2: AHCI 0001.0000 32 slots 6 ports 1.5 Gbps 0x3f impl SATA mode
[STDOUT  ] 2017-09-22T22:28:59.491253995Z: [    1.322404] ACPI: PCI Interrupt Link [GSIC] (IRQs *18)
[STDERR  ] 2017-09-22T22:28:59.491256688Z: [    7.203654] ahci 0000:00:1f.2: flags: 64bit ncq only 
[STDOUT  ] 2017-09-22T22:28:59.491263047Z: [    1.323196] ACPI: PCI Interrupt Link [GSID] (IRQs *19)
[STDOUT  ] 2017-09-22T22:28:59.491272529Z: [    1.323939] ACPI: PCI Interrupt Link [GSIE] (IRQs *20)
[STDERR  ] 2017-09-22T22:28:59.491271123Z: [    7.229232] scsi host0: ahci
[STDOUT  ] 2017-09-22T22:28:59.491281671Z: [    1.324725] ACPI: PCI Interrupt Link [GSIF] (IRQs *21)
[STDERR  ] 2017-09-22T22:28:59.491283177Z: [    7.234666] scsi host1: ahci
[STDOUT  ] 2017-09-22T22:28:59.491290987Z: [    1.325430] ACPI: PCI Interrupt Link [GSIG] (IRQs *22)
[STDERR  ] 2017-09-22T22:28:59.491292499Z: [    7.237714] scsi host2: ahci
[STDERR  ] 2017-09-22T22:28:59.491301403Z: [    7.240393] scsi host3: ahci
[STDOUT  ] 2017-09-22T22:28:59.491300304Z: [    1.326216] ACPI: PCI Interrupt Link [GSIH] (IRQs *23)
[STDOUT  ] 2017-09-22T22:28:59.491309569Z: [    1.331529] ACPI: Enabled 2 GPEs in block 00 to 3F
[STDERR  ] 2017-09-22T22:28:59.491310391Z: [    7.242682] scsi host4: ahci
[STDOUT  ] 2017-09-22T22:28:59.491318859Z: [    1.337752] SCSI subsystem initialized
[STDERR  ] 2017-09-22T22:28:59.491319233Z: [    7.244956] scsi host5: ahci
[STDOUT  ] 2017-09-22T22:28:59.491328098Z: [    1.340315] ACPI: bus type USB registered
[STDERR  ] 2017-09-22T22:28:59.491328179Z: [    7.246754] ata1: SATA max UDMA/133 abar m4096@0xfebd2000 port 0xfebd2100 irq 24
[STDOUT  ] 2017-09-22T22:28:59.491337005Z: [    1.341683] usbcore: registered new interface driver usbfs
[STDERR  ] 2017-09-22T22:28:59.491342434Z: [    7.247334] ata2: SATA max UDMA/133 abar m4096@0xfebd2000 port 0xfebd2180 irq 24
[STDOUT  ] 2017-09-22T22:28:59.491346184Z: [    1.342776] usbcore: registered new interface driver hub
[STDERR  ] 2017-09-22T22:28:59.491356561Z: [    7.247788] ata3: SATA max UDMA/133 abar m4096@0xfebd2000 port 0xfebd2200 irq 24
[STDOUT  ] 2017-09-22T22:28:59.491359194Z: [    1.343642] usbcore: registered new device driver usb
[STDERR  ] 2017-09-22T22:28:59.491365841Z: [    7.248248] ata4: SATA max UDMA/133 abar m4096@0xfebd2000 port 0xfebd2280 irq 24
[STDOUT  ] 2017-09-22T22:28:59.491368248Z: [    1.345290] pps_core: LinuxPPS API ver. 1 registered
[STDERR  ] 2017-09-22T22:28:59.491374809Z: [    7.248683] ata5: SATA max UDMA/133 abar m4096@0xfebd2000 port 0xfebd2300 irq 24
[STDERR  ] 2017-09-22T22:28:59.491385595Z: [    7.249174] ata6: SATA max UDMA/133 abar m4096@0xfebd2000 port 0xfebd2380 irq 24
[STDOUT  ] 2017-09-22T22:28:59.491382635Z: [    1.345568] pps_core: Software ver. 5.3.6 - Copyright 2005-2007 Rodolfo Giometti <giometti@linux.it>
[STDOUT  ] 2017-09-22T22:28:59.491392005Z: [    1.346387] PTP clock support registered
[STDERR  ] 2017-09-22T22:28:59.491394683Z: [    7.265330] tun: Universal TUN/TAP device driver, 1.6
[STDOUT  ] 2017-09-22T22:28:59.491401071Z: [    1.347932] wmi: Mapper loaded
[STDERR  ] 2017-09-22T22:28:59.491403779Z: [    7.265731] tun: (C) 1999-2004 Max Krasnyansky <maxk@qualcomm.com>
[STDOUT  ] 2017-09-22T22:28:59.491410448Z: [    1.349174] PCI: Using ACPI for IRQ routing
[STDERR  ] 2017-09-22T22:28:59.491412737Z: [    7.279305] VMware vmxnet3 virtual NIC driver - version 1.4.a.0-k-NAPI
[STDOUT  ] 2017-09-22T22:28:59.491419474Z: [    1.374228] NetLabel: Initializing
[STDERR  ] 2017-09-22T22:28:59.491421703Z: [    7.280730] hv_vmbus: registering driver hv_netvsc
[STDOUT  ] 2017-09-22T22:28:59.491428497Z: [    1.374451] NetLabel:  domain hash size = 128
[STDERR  ] 2017-09-22T22:28:59.491430674Z: [    7.281093] Fusion MPT base driver 3.04.20
[STDOUT  ] 2017-09-22T22:28:59.491437548Z: [    1.374860] NetLabel:  protocols = UNLABELED CIPSOv4
[STDERR  ] 2017-09-22T22:28:59.491439544Z: [    7.281367] Copyright (c) 1999-2008 LSI Corporation
[STDOUT  ] 2017-09-22T22:28:59.491446643Z: [    1.377708] NetLabel:  unlabeled traffic allowed by default
[STDERR  ] 2017-09-22T22:28:59.491448499Z: [    7.282048] Fusion MPT SPI Host driver 3.04.20
[STDERR  ] 2017-09-22T22:28:59.491457449Z: [    7.284171] i8042: PNP: PS/2 Controller [PNP0303:KBD,PNP0f13:MOU] at 0x60,0x64 irq 1,12
[STDOUT  ] 2017-09-22T22:28:59.491455837Z: [    1.379002] HPET: 3 timers in total, 0 timers will be used for per-cpu timer
[STDOUT  ] 2017-09-22T22:28:59.491464864Z: [    1.380107] hpet0: at MMIO 0xfed00000, IRQs 2, 8, 0
[STDERR  ] 2017-09-22T22:28:59.491466689Z: [    7.288064] serio: i8042 KBD port at 0x60,0x64 irq 1
[STDOUT  ] 2017-09-22T22:28:59.491473899Z: [    1.380683] hpet0: 3 comparators, 64-bit 100.000000 MHz counter
[STDERR  ] 2017-09-22T22:28:59.491479157Z: [    7.288732] serio: i8042 AUX port at 0x60,0x64 irq 12
[STDERR  ] 2017-09-22T22:28:59.491488305Z: [    7.292132] hv_vmbus: registering driver hyperv_keyboard
[STDOUT  ] 2017-09-22T22:28:59.491483327Z: [    1.386068] clocksource: Switched to clocksource hpet
[STDERR  ] 2017-09-22T22:28:59.491497299Z: [    7.294335] mousedev: PS/2 mouse device common for all mice
[STDOUT  ] 2017-09-22T22:28:59.491497774Z: [    1.669549] VFS: Disk quotas dquot_6.6.0
[STDERR  ] 2017-09-22T22:28:59.491506304Z: [    7.299995] input: AT Translated Set 2 keyboard as /devices/platform/i8042/serio0/input/input1
[STDOUT  ] 2017-09-22T22:28:59.491507787Z: [    1.670644] VFS: Dquot-cache hash table entries: 512 (order 0, 4096 bytes)
[STDERR  ] 2017-09-22T22:28:59.491515525Z: [    7.302739] input: PC Speaker as /devices/platform/pcspkr/input/input2
[STDOUT  ] 2017-09-22T22:28:59.491522227Z: [    1.674148] FS-Cache: Loaded
[STDERR  ] 2017-09-22T22:28:59.491524737Z: [    7.308398] rtc_cmos 00:00: RTC can wake from S4
[STDOUT  ] 2017-09-22T22:28:59.491531391Z: [    1.679525] CacheFiles: Loaded
[STDERR  ] 2017-09-22T22:28:59.491533765Z: [    7.313096] rtc_cmos 00:00: rtc core: registered rtc_cmos as rtc0
[STDOUT  ] 2017-09-22T22:28:59.491540817Z: [    1.681540] pnp: PnP ACPI init
[STDOUT  ] 2017-09-22T22:28:59.491550098Z: [    1.693247] pnp: PnP ACPI: found 5 devices
[STDERR  ] 2017-09-22T22:28:59.491546675Z: [    7.314395] rtc_cmos 00:00: alarms up to one day, y3k, 114 bytes nvram, hpet irqs
[STDERR  ] 2017-09-22T22:28:59.491556548Z: [    7.315160] i2c /dev entries driver
[STDOUT  ] 2017-09-22T22:28:59.491559304Z: [    1.748039] clocksource: acpi_pm: mask: 0xffffff max_cycles: 0xffffff, max_idle_ns: 2085701024 ns
[STDERR  ] 2017-09-22T22:28:59.491571455Z: [    7.317523] device-mapper: ioctl: 4.35.0-ioctl (2016-06-23) initialised: dm-devel@redhat.com
[STDOUT  ] 2017-09-22T22:28:59.491574465Z: [    1.752662] NET: Registered protocol family 2
[STDERR  ] 2017-09-22T22:28:59.491580628Z: [    7.323618] usbcore: registered new interface driver usbhid
[STDOUT  ] 2017-09-22T22:28:59.491588945Z: [    1.760341] TCP established hash table entries: 8192 (order: 4, 65536 bytes)
[STDERR  ] 2017-09-22T22:28:59.491590455Z: [    7.324082] usbhid: USB HID core driver
[STDOUT  ] 2017-09-22T22:28:59.491598451Z: [    1.761189] TCP bind hash table entries: 8192 (order: 5, 131072 bytes)
[STDERR  ] 2017-09-22T22:28:59.491599917Z: [    7.324721] hv_utils: Registering HyperV Utility Driver
[STDOUT  ] 2017-09-22T22:28:59.491607645Z: [    1.762000] TCP: Hash tables configured (established 8192 bind 8192)
[STDERR  ] 2017-09-22T22:28:59.491609124Z: [    7.324995] hv_vmbus: registering driver hv_util
[STDOUT  ] 2017-09-22T22:28:59.491616831Z: [    1.763948] UDP hash table entries: 512 (order: 2, 16384 bytes)
[STDERR  ] 2017-09-22T22:28:59.491618248Z: [    7.325306] hv_vmbus: registering driver hv_balloon
[STDOUT  ] 2017-09-22T22:28:59.491626093Z: [    1.764605] UDP-Lite hash table entries: 512 (order: 2, 16384 bytes)
[STDERR  ] 2017-09-22T22:28:59.491627575Z: [    7.325858] oprofile: using NMI interrupt.
[STDOUT  ] 2017-09-22T22:28:59.491635241Z: [    1.766969] NET: Registered protocol family 1
[STDERR  ] 2017-09-22T22:28:59.491636668Z: [    7.327035] GACT probability on
[STDOUT  ] 2017-09-22T22:28:59.491644499Z: [    1.768172] pci 0000:00:01.0: Video device with shadowed ROM at [mem 0x000c0000-0x000dffff]
[STDERR  ] 2017-09-22T22:28:59.491645995Z: [    7.327550] Mirror/redirect action on
[STDERR  ] 2017-09-22T22:28:59.491655099Z: [    7.328489] Simple TC action Loaded
[STDOUT  ] 2017-09-22T22:28:59.491653757Z: [    1.775788] Unpacking initramfs...
[STDOUT  ] 2017-09-22T22:28:59.491662953Z: [    6.835826] Freeing initrd memory: 31304K
[STDERR  ] 2017-09-22T22:28:59.491663977Z: [    7.329038] u32 classifier
[STDOUT  ] 2017-09-22T22:28:59.491672277Z: [    6.862849] PCLMULQDQ-NI instructions are not detected.
[STDERR  ] 2017-09-22T22:28:59.491678628Z: [    7.329270]     Performance counters on
[STDOUT  ] 2017-09-22T22:28:59.491686554Z: [    6.864585] AVX or AES-NI instructions are not detected.
[STDERR  ] 2017-09-22T22:28:59.491694091Z: [    7.329547]     input device check on
[STDOUT  ] 2017-09-22T22:28:59.491695355Z: [    6.865108] CPU feature 'AVX registers' is not supported.
[STDERR  ] 2017-09-22T22:28:59.491703341Z: [    7.330424]     Actions configured
[STDOUT  ] 2017-09-22T22:28:59.491705454Z: [    6.865513] CPU feature 'AVX registers' is not supported.
[STDERR  ] 2017-09-22T22:28:59.491712394Z: [    7.331102] Netfilter messages via NETLINK v0.30.
[STDOUT  ] 2017-09-22T22:28:59.491714647Z: [    6.865911] CPU feature 'AVX registers' is not supported.
[STDERR  ] 2017-09-22T22:28:59.491721397Z: [    7.331731] nfnl_acct: registering with nfnetlink.
[STDOUT  ] 2017-09-22T22:28:59.491723748Z: [    6.866360] CPU feature 'AVX registers' is not supported.
[STDERR  ] 2017-09-22T22:28:59.491730388Z: [    7.333111] nf_conntrack version 0.5.0 (8192 buckets, 32768 max)
[STDOUT  ] 2017-09-22T22:28:59.491732718Z: [    6.866774] AVX2 or AES-NI instructions are not detected.
[STDERR  ] 2017-09-22T22:28:59.491739358Z: [    7.336135] ctnetlink v0.93: registering with nfnetlink.
[STDERR  ] 2017-09-22T22:28:59.491748438Z: [    7.339351] nf_tables: (c) 2007-2009 Patrick McHardy <kaber@trash.net>
[STDOUT  ] 2017-09-22T22:28:59.491741627Z: [    6.867224] AVX2 instructions are not detected.
[STDOUT  ] 2017-09-22T22:28:59.491754899Z: [    6.875538] audit: initializing netlink subsys (disabled)
[STDERR  ] 2017-09-22T22:28:59.491757785Z: [    7.340578] nf_tables_compat: (c) 2012 Pablo Neira Ayuso <pablo@netfilter.org>
[STDOUT  ] 2017-09-22T22:28:59.491763998Z: [    6.877480] audit: type=2000 audit(1506119303.870:1): initialized
[STDERR  ] 2017-09-22T22:28:59.491767214Z: [    7.343779] xt_time: kernel timezone is -0000
[STDOUT  ] 2017-09-22T22:28:59.491773068Z: [    6.886088] workingset: timestamp_bits=46 max_order=18 bucket_order=0
[STDERR  ] 2017-09-22T22:28:59.491776419Z: [    7.344480] ip_set: protocol 6
[STDOUT  ] 2017-09-22T22:28:59.491782813Z: [    6.893682] FS-Cache: Netfs 'cifs' registered for caching
[STDERR  ] 2017-09-22T22:28:59.491785453Z: [    7.345204] IPVS: Registered protocols (TCP, UDP, SCTP, AH, ESP)
[STDOUT  ] 2017-09-22T22:28:59.491793851Z: [    6.894866] fuse init (API version 7.26)
[STDERR  ] 2017-09-22T22:28:59.491794204Z: [    7.346087] IPVS: Connection hash table configured (size=4096, memory=64Kbytes)
[STDERR  ] 2017-09-22T22:28:59.491803314Z: [    7.348126] IPVS: Creating netns size=2104 id=0
[STDOUT  ] 2017-09-22T22:28:59.491803221Z: [    6.897605] SGI XFS with ACLs, security attributes, no debug enabled
[STDERR  ] 2017-09-22T22:28:59.491812405Z: [    7.351550] IPVS: ipvs loaded.
[STDOUT  ] 2017-09-22T22:28:59.491812441Z: [    6.902804] 9p: Installing v9fs 9p2000 file system support
[STDERR  ] 2017-09-22T22:28:59.491821589Z: [    7.351914] IPVS: [rr] scheduler registered.
[STDOUT  ] 2017-09-22T22:28:59.491828328Z: [    6.903400] FS-Cache: Netfs '9p' registered for caching
[STDERR  ] 2017-09-22T22:28:59.491830533Z: [    7.352284] IPVS: [wrr] scheduler registered.
[STDOUT  ] 2017-09-22T22:28:59.491837613Z: [    6.947403] NET: Registered protocol family 38
[STDERR  ] 2017-09-22T22:28:59.491845304Z: [    7.352595] IPVS: [lc] scheduler registered.
[STDOUT  ] 2017-09-22T22:28:59.491846728Z: [    6.948006] Key type asymmetric registered
[STDERR  ] 2017-09-22T22:28:59.491854494Z: [    7.352878] IPVS: [wlc] scheduler registered.
[STDOUT  ] 2017-09-22T22:28:59.491855657Z: [    6.948346] Asymmetric key parser 'x509' registered
[STDERR  ] 2017-09-22T22:28:59.491863565Z: [    7.353160] IPVS: [fo] scheduler registered.
[STDOUT  ] 2017-09-22T22:28:59.491865003Z: [    6.949483] Block layer SCSI generic (bsg) driver version 0.4 loaded (major 251)
[STDERR  ] 2017-09-22T22:28:59.491872648Z: [    7.353455] IPVS: [ovf] scheduler registered.
[STDOUT  ] 2017-09-22T22:28:59.491874155Z: [    6.952194] io scheduler noop registered
[STDERR  ] 2017-09-22T22:28:59.491881621Z: [    7.353974] IPVS: [lblc] scheduler registered.
[STDOUT  ] 2017-09-22T22:28:59.491883133Z: [    6.952551] io scheduler deadline registered (default)
[STDERR  ] 2017-09-22T22:28:59.491894333Z: [    7.354423] IPVS: [lblcr] scheduler registered.
[STDOUT  ] 2017-09-22T22:28:59.491895933Z: [    6.953510] io scheduler cfq registered
[STDERR  ] 2017-09-22T22:28:59.491903625Z: [    7.354740] IPVS: [dh] scheduler registered.
[STDERR  ] 2017-09-22T22:28:59.491912651Z: [    7.355054] IPVS: [sh] scheduler registered.
[STDOUT  ] 2017-09-22T22:28:59.491910418Z: [    6.956757] pci_hotplug: PCI Hot Plug PCI Core version: 0.5
[STDOUT  ] 2017-09-22T22:28:59.491919444Z: [    6.957397] pciehp: PCI Express Hot Plug Controller Driver version: 0.4
[STDERR  ] 2017-09-22T22:28:59.491926941Z: [    7.355372] IPVS: [sed] scheduler registered.
[STDOUT  ] 2017-09-22T22:28:59.491928145Z: [    6.958242] shpchp: Standard Hot Plug PCI Controller Driver version: 0.4
[STDERR  ] 2017-09-22T22:28:59.491936327Z: [    7.355694] IPVS: [nq] scheduler registered.
[STDOUT  ] 2017-09-22T22:28:59.491937587Z: [    6.959089] hv_vmbus: registering driver hyperv_fb
[STDERR  ] 2017-09-22T22:28:59.491945347Z: [    7.356449] IPVS: ftp: loaded support on port[0] = 21
[STDOUT  ] 2017-09-22T22:28:59.491946849Z: [    6.963871] input: Power Button as /devices/LNXSYSTM:00/LNXPWRBN:00/input/input0
[STDOUT  ] 2017-09-22T22:28:59.491955823Z: [    6.964994] ACPI: Power Button [PWRF]
[STDERR  ] 2017-09-22T22:28:59.491958138Z: [    7.357363] ipip: IPv4 and MPLS over IPv4 tunneling driver
[STDOUT  ] 2017-09-22T22:28:59.491965369Z: [    6.971266] GHES: HEST is not enabled!
[STDERR  ] 2017-09-22T22:28:59.491967198Z: [    7.362108] gre: GRE over IPv4 demultiplexor driver
[STDOUT  ] 2017-09-22T22:28:59.491974418Z: [    6.985806] ACPI: PCI Interrupt Link [GSIG] enabled at IRQ 22
[STDERR  ] 2017-09-22T22:28:59.491982124Z: [    7.364865] ip_tables: (C) 2000-2006 Netfilter Core Team
[STDOUT  ] 2017-09-22T22:28:59.491988814Z: [    7.003304] ACPI: PCI Interrupt Link [GSIH] enabled at IRQ 23
[STDERR  ] 2017-09-22T22:28:59.491991265Z: [    7.368030] ipt_CLUSTERIP: ClusterIP Version 0.8 loaded successfully
[STDOUT  ] 2017-09-22T22:28:59.491997907Z: [    7.009055] xenfs: not registering filesystem on non-xen platform
[STDERR  ] 2017-09-22T22:28:59.492000455Z: [    7.368751] arp_tables: arp_tables: (C) 2002 David S. Miller
[STDOUT  ] 2017-09-22T22:28:59.492006904Z: [    7.011825] Serial: 8250/16550 driver, 4 ports, IRQ sharing disabled
[STDERR  ] 2017-09-22T22:28:59.492009365Z: [    7.371787] NET: Registered protocol family 10
[STDOUT  ] 2017-09-22T22:28:59.492015911Z: [    7.037254] 00:04: ttyS0 at I/O 0x3f8 (irq = 4, base_baud = 115200) is a 16550A
[STDERR  ] 2017-09-22T22:28:59.492018321Z: [    7.381642] ip6_tables: (C) 2000-2006 Netfilter Core Team
[STDOUT  ] 2017-09-22T22:28:59.492025053Z: [    7.051328] Non-volatile memory driver v1.3
[STDERR  ] 2017-09-22T22:28:59.492027221Z: [    7.389921] NET: Registered protocol family 17
[STDOUT  ] 2017-09-22T22:28:59.492034111Z: [    7.058668] Hangcheck: starting hangcheck timer 0.9.1 (tick is 180 seconds, margin is 60 seconds).
[STDERR  ] 2017-09-22T22:28:59.492036251Z: [    7.391470] Bridge firewalling registered
[STDOUT  ] 2017-09-22T22:28:59.492043505Z: [    7.105770] loop: module loaded
[STDERR  ] 2017-09-22T22:28:59.492045265Z: [    7.391973] Ebtables v2.0 registered
[STDOUT  ] 2017-09-22T22:28:59.492052424Z: [    7.125127] nbd: registered device at major 43
[STDERR  ] 2017-09-22T22:28:59.492054335Z: [    7.393885] 8021q: 802.1Q VLAN Support v1.8
[STDOUT  ] 2017-09-22T22:28:59.492061403Z: [    7.177627] lpc_ich 0000:00:1f.0: I/O space for GPIO uninitialized
[STDERR  ] 2017-09-22T22:28:59.492063439Z: [    7.395347] 9pnet: Installing 9P2000 support
[STDOUT  ] 2017-09-22T22:28:59.492070311Z: [    7.179963] VMware PVSCSI driver - version 1.0.7.0-k
[STDERR  ] 2017-09-22T22:28:59.492072338Z: [    7.397046] Key type dns_resolver registered
[STDOUT  ] 2017-09-22T22:28:59.492079259Z: [    7.181358] hv_vmbus: registering driver hv_storvsc
[STDERR  ] 2017-09-22T22:28:59.492082893Z: [    7.398174] microcode: AMD CPU family 0x6 not supported
[STDERR  ] 2017-09-22T22:28:59.492093523Z: [    7.403243] registered taskstats version 1
[STDOUT  ] 2017-09-22T22:28:59.492092033Z: [    7.194188] ACPI: PCI Interrupt Link [GSIA] enabled at IRQ 16
[STDOUT  ] 2017-09-22T22:28:59.492101163Z: [    7.202901] ahci 0000:00:1f.2: AHCI 0001.0000 32 slots 6 ports 1.5 Gbps 0x3f impl SATA mode
[STDERR  ] 2017-09-22T22:28:59.492102621Z: [    7.585841] ata1: SATA link up 1.5 Gbps (SStatus 113 SControl 300)
[STDOUT  ] 2017-09-22T22:28:59.492110364Z: [    7.203654] ahci 0000:00:1f.2: flags: 64bit ncq only 
[STDERR  ] 2017-09-22T22:28:59.492117048Z: [    7.590746] ata6: SATA link down (SStatus 0 SControl 300)
[STDOUT  ] 2017-09-22T22:28:59.492119667Z: [    7.229232] scsi host0: ahci
[STDERR  ] 2017-09-22T22:28:59.492126041Z: [    7.592841] ata2: SATA link down (SStatus 0 SControl 300)
[STDOUT  ] 2017-09-22T22:28:59.492128695Z: [    7.234666] scsi host1: ahci
[STDERR  ] 2017-09-22T22:28:59.492134939Z: [    7.593576] ata3: SATA link up 1.5 Gbps (SStatus 113 SControl 300)
[STDOUT  ] 2017-09-22T22:28:59.492137769Z: [    7.237714] scsi host2: ahci
[STDERR  ] 2017-09-22T22:28:59.492143903Z: [    7.595408] ata3.00: ATAPI: QEMU DVD-ROM, 2.5+, max UDMA/100
[STDOUT  ] 2017-09-22T22:28:59.492146707Z: [    7.240393] scsi host3: ahci
[STDOUT  ] 2017-09-22T22:28:59.492155923Z: [    7.242682] scsi host4: ahci
[STDERR  ] 2017-09-22T22:28:59.492157707Z: [    7.595886] ata3.00: applying bridge limits
[STDOUT  ] 2017-09-22T22:28:59.492165094Z: [    7.244956] scsi host5: ahci
[STDERR  ] 2017-09-22T22:28:59.492166953Z: [    7.597686] ata3.00: configured for UDMA/100
[STDOUT  ] 2017-09-22T22:28:59.492174139Z: [    7.246754] ata1: SATA max UDMA/133 abar m4096@0xfebd2000 port 0xfebd2100 irq 24
[STDERR  ] 2017-09-22T22:28:59.492175884Z: [    7.599486] ata4: SATA link down (SStatus 0 SControl 300)
[STDERR  ] 2017-09-22T22:28:59.492184799Z: [    7.600085] ata5: SATA link down (SStatus 0 SControl 300)
[STDOUT  ] 2017-09-22T22:28:59.492183163Z: [    7.247334] ata2: SATA max UDMA/133 abar m4096@0xfebd2000 port 0xfebd2180 irq 24
[STDERR  ] 2017-09-22T22:28:59.492193367Z: [    7.607339] ata1.00: ATA-7: QEMU HARDDISK, 2.5+, max UDMA/100
[STDERR  ] 2017-09-22T22:28:59.492202438Z: [    7.607769] ata1.00: 1048576 sectors, multi 16: LBA48 NCQ (depth 31/32)
[STDOUT  ] 2017-09-22T22:28:59.492197603Z: [    7.247788] ata3: SATA max UDMA/133 abar m4096@0xfebd2000 port 0xfebd2200 irq 24
[STDERR  ] 2017-09-22T22:28:59.492211473Z: [    7.608288] ata1.00: applying bridge limits
[STDOUT  ] 2017-09-22T22:28:59.492212153Z: [    7.248248] ata4: SATA max UDMA/133 abar m4096@0xfebd2000 port 0xfebd2280 irq 24
[STDERR  ] 2017-09-22T22:28:59.492220828Z: [    7.609153] ata1.00: configured for UDMA/100
[STDOUT  ] 2017-09-22T22:28:59.492222204Z: [    7.248683] ata5: SATA max UDMA/133 abar m4096@0xfebd2000 port 0xfebd2300 irq 24
[STDOUT  ] 2017-09-22T22:28:59.492231303Z: [    7.249174] ata6: SATA max UDMA/133 abar m4096@0xfebd2000 port 0xfebd2380 irq 24
[STDERR  ] 2017-09-22T22:28:59.492229869Z: [    7.629341] scsi 0:0:0:0: Direct-Access     ATA      QEMU HARDDISK    2.5+ PQ: 0 ANSI: 5
[STDERR  ] 2017-09-22T22:28:59.492239005Z: [    7.645470] sd 0:0:0:0: Attached scsi generic sg0 type 0
[STDOUT  ] 2017-09-22T22:28:59.492240411Z: [    7.265330] tun: Universal TUN/TAP device driver, 1.6
[STDOUT  ] 2017-09-22T22:28:59.492249505Z: [    7.265731] tun: (C) 1999-2004 Max Krasnyansky <maxk@qualcomm.com>
[STDERR  ] 2017-09-22T22:28:59.492248029Z: [    7.650860] sd 0:0:0:0: [sda] 1048576 512-byte logical blocks: (537 MB/512 MiB)
[STDOUT  ] 2017-09-22T22:28:59.492258399Z: [    7.279305] VMware vmxnet3 virtual NIC driver - version 1.4.a.0-k-NAPI
[STDERR  ] 2017-09-22T22:28:59.492256978Z: [    7.655484] sd 0:0:0:0: [sda] Write Protect is off
[STDERR  ] 2017-09-22T22:28:59.492266075Z: [    7.662083] scsi 2:0:0:0: CD-ROM            QEMU     QEMU DVD-ROM     2.5+ PQ: 0 ANSI: 5
[STDOUT  ] 2017-09-22T22:28:59.492267219Z: [    7.280730] hv_vmbus: registering driver hv_netvsc
[STDERR  ] 2017-09-22T22:28:59.492275287Z: [    7.667906] sd 0:0:0:0: [sda] Write cache: enabled, read cache: enabled, doesn't support DPO or FUA
[STDOUT  ] 2017-09-22T22:28:59.492280034Z: [    7.281093] Fusion MPT base driver 3.04.20
[STDERR  ] 2017-09-22T22:28:59.492286453Z: [    7.682639] sr 2:0:0:0: [sr0] scsi3-mmc drive: 4x/4x cd/rw xa/form2 tray
[STDOUT  ] 2017-09-22T22:28:59.492289203Z: [    7.281367] Copyright (c) 1999-2008 LSI Corporation
[STDERR  ] 2017-09-22T22:28:59.492295429Z: [    7.683389] cdrom: Uniform CD-ROM driver Revision: 3.20
[STDOUT  ] 2017-09-22T22:28:59.492298227Z: [    7.282048] Fusion MPT SPI Host driver 3.04.20
[STDERR  ] 2017-09-22T22:28:59.492304595Z: [    7.690591] Key type big_key registered
[STDOUT  ] 2017-09-22T22:28:59.492307235Z: [    7.284171] i8042: PNP: PS/2 Controller [PNP0303:KBD,PNP0f13:MOU] at 0x60,0x64 irq 1,12
[STDERR  ] 2017-09-22T22:28:59.492313624Z: [    7.712275] sr 2:0:0:0: Attached scsi generic sg1 type 5
[STDOUT  ] 2017-09-22T22:28:59.492316468Z: [    7.288064] serio: i8042 KBD port at 0x60,0x64 irq 1
[STDOUT  ] 2017-09-22T22:28:59.492325403Z: [    7.288732] serio: i8042 AUX port at 0x60,0x64 irq 12
[STDERR  ] 2017-09-22T22:28:59.492322609Z: [    7.725066] sd 0:0:0:0: [sda] Attached SCSI disk
[STDOUT  ] 2017-09-22T22:28:59.492334643Z: [    7.292132] hv_vmbus: registering driver hyperv_keyboard
[STDERR  ] 2017-09-22T22:28:59.492331818Z: [    7.765176] Key type encrypted registered
[STDOUT  ] 2017-09-22T22:28:59.492346567Z: [    7.294335] mousedev: PS/2 mouse device common for all mice
[STDERR  ] 2017-09-22T22:28:59.492351393Z: [    7.771470] rtc_cmos 00:00: setting system clock to 2017-09-22 22:28:25 UTC (1506119305)
[STDOUT  ] 2017-09-22T22:28:59.492355589Z: [    7.299995] input: AT Translated Set 2 keyboard as /devices/platform/i8042/serio0/input/input1
[STDERR  ] 2017-09-22T22:28:59.492360591Z: [    7.919548] Freeing unused kernel memory: 1380K
[STDOUT  ] 2017-09-22T22:28:59.492364925Z: [    7.302739] input: PC Speaker as /devices/platform/pcspkr/input/input2
[STDERR  ] 2017-09-22T22:28:59.492369573Z: [    7.920043] Write protecting the kernel read-only data: 12288k
[STDOUT  ] 2017-09-22T22:28:59.492374057Z: [    7.308398] rtc_cmos 00:00: RTC can wake from S4
[STDERR  ] 2017-09-22T22:28:59.492378694Z: [    7.923148] tsc: Refined TSC clocksource calibration: 2600.003 MHz
[STDOUT  ] 2017-09-22T22:28:59.492383064Z: [    7.313096] rtc_cmos 00:00: rtc core: registered rtc_cmos as rtc0
[STDERR  ] 2017-09-22T22:28:59.492389295Z: [    7.923739] clocksource: tsc: mask: 0xffffffffffffffff max_cycles: 0x257a3ef07ae, max_idle_ns: 440795268508 ns
[STDERR  ] 2017-09-22T22:28:59.492398354Z: [    7.929022] Freeing unused kernel memory: 140K
[STDOUT  ] 2017-09-22T22:28:59.492392087Z: [    7.314395] rtc_cmos 00:00: alarms up to one day, y3k, 114 bytes nvram, hpet irqs
[STDOUT  ] 2017-09-22T22:28:59.492406471Z: [    7.315160] i2c /dev entries driver
[STDOUT  ] 2017-09-22T22:28:59.492415501Z: [    7.317523] device-mapper: ioctl: 4.35.0-ioctl (2016-06-23) initialised: dm-devel@redhat.com
[STDERR  ] 2017-09-22T22:28:59.492407233Z: [    8.047910] Freeing unused kernel memory: 1400K
[STDERR  ] 2017-09-22T22:28:59.492422315Z: [    8.936273] clocksource: Switched to clocksource tsc
[STDOUT  ] 2017-09-22T22:28:59.492426369Z: [    7.323618] usbcore: registered new interface driver usbhid
[STDERR  ] 2017-09-22T22:28:59.492431419Z: 
[STDERR  ] 2017-09-22T22:28:59.492440945Z: Welcome to LinuxKit
[STDOUT  ] 2017-09-22T22:28:59.492435588Z: [    7.324082] usbhid: USB HID core driver
[STDERR  ] 2017-09-22T22:28:59.492449849Z: 
[STDOUT  ] 2017-09-22T22:28:59.492452427Z: [    7.324721] hv_utils: Registering HyperV Utility Driver
[STDERR  ] 2017-09-22T22:28:59.492459354Z:                         ##         .
[STDOUT  ] 2017-09-22T22:28:59.492461398Z: [    7.324995] hv_vmbus: registering driver hv_util
[STDERR  ] 2017-09-22T22:28:59.492468439Z:                   ## ## ##        ==
[STDOUT  ] 2017-09-22T22:28:59.492475993Z: [    7.325306] hv_vmbus: registering driver hv_balloon
[STDERR  ] 2017-09-22T22:28:59.492477389Z:                ## ## ## ## ##    ===
[STDOUT  ] 2017-09-22T22:28:59.492488939Z: [    7.325858] oprofile: using NMI interrupt.
[STDERR  ] 2017-09-22T22:28:59.492490577Z:            /"""""""""""""""""\___/ ===
[STDERR  ] 2017-09-22T22:28:59.492499544Z:           {                       /  ===-
[STDOUT  ] 2017-09-22T22:28:59.492498087Z: [    7.327035] GACT probability on
[STDOUT  ] 2017-09-22T22:28:59.492512594Z: [    7.327550] Mirror/redirect action on
[STDERR  ] 2017-09-22T22:28:59.492508509Z:            \______ O           __/
[STDOUT  ] 2017-09-22T22:28:59.492522375Z: [    7.328489] Simple TC action Loaded
[STDERR  ] 2017-09-22T22:28:59.492518855Z:              \    \         __/
[STDERR  ] 2017-09-22T22:28:59.492528643Z:               \____\_______/
[STDOUT  ] 2017-09-22T22:28:59.492531444Z: [    7.329038] u32 classifier
[STDERR  ] 2017-09-22T22:28:59.492537669Z: 
[STDOUT  ] 2017-09-22T22:28:59.492540584Z: [    7.329270]     Performance counters on
[STDERR  ] 2017-09-22T22:28:59.492548845Z: [   20.220396] raid6: sse2x1   gen()   348 MB/s
[STDOUT  ] 2017-09-22T22:28:59.492550194Z: [    7.329547]     input device check on
[STDERR  ] 2017-09-22T22:28:59.492557884Z: [   20.390398] raid6: sse2x1   xor()   166 MB/s
[STDOUT  ] 2017-09-22T22:28:59.492559471Z: [    7.330424]     Actions configured
[STDERR  ] 2017-09-22T22:28:59.492566908Z: [   20.561066] raid6: sse2x2   gen()   260 MB/s
[STDOUT  ] 2017-09-22T22:28:59.492572887Z: [    7.331102] Netfilter messages via NETLINK v0.30.
[STDERR  ] 2017-09-22T22:28:59.492578647Z: [   20.730497] raid6: sse2x2   xor()   179 MB/s
[STDOUT  ] 2017-09-22T22:28:59.492582203Z: [    7.331731] nfnl_acct: registering with nfnetlink.
[STDERR  ] 2017-09-22T22:28:59.492588018Z: [   20.900390] raid6: sse2x4   gen()   324 MB/s
[STDOUT  ] 2017-09-22T22:28:59.492596809Z: [    7.333111] nf_conntrack version 0.5.0 (8192 buckets, 32768 max)
[STDERR  ] 2017-09-22T22:28:59.492598297Z: [   21.070476] raid6: sse2x4   xor()   187 MB/s
[STDERR  ] 2017-09-22T22:28:59.492607567Z: [   21.070914] raid6: using algorithm sse2x1 gen() 348 MB/s
[STDOUT  ] 2017-09-22T22:28:59.492606064Z: [    7.336135] ctnetlink v0.93: registering with nfnetlink.
[STDOUT  ] 2017-09-22T22:28:59.492615123Z: [    7.339351] nf_tables: (c) 2007-2009 Patrick McHardy <kaber@trash.net>
[STDOUT  ] 2017-09-22T22:28:59.492624308Z: [    7.340578] nf_tables_compat: (c) 2012 Pablo Neira Ayuso <pablo@netfilter.org>
[STDERR  ] 2017-09-22T22:28:59.492616583Z: [   21.071288] raid6: .... xor() 166 MB/s, rmw enabled
[STDERR  ] 2017-09-22T22:28:59.492630773Z: [   21.071833] raid6: using intx1 recovery algorithm
[STDOUT  ] 2017-09-22T22:28:59.492633533Z: [    7.343779] xt_time: kernel timezone is -0000
[STDERR  ] 2017-09-22T22:28:59.492639791Z: [   21.091936] xor: measuring software checksum speed
[STDOUT  ] 2017-09-22T22:28:59.492642523Z: [    7.344480] ip_set: protocol 6
[STDOUT  ] 2017-09-22T22:28:59.492651579Z: [    7.345204] IPVS: Registered protocols (TCP, UDP, SCTP, AH, ESP)
[STDERR  ] 2017-09-22T22:28:59.492648828Z: [   21.190314]    prefetch64-sse:   658.400 MB/sec
[STDOUT  ] 2017-09-22T22:28:59.492660617Z: [    7.346087] IPVS: Connection hash table configured (size=4096, memory=64Kbytes)
[STDERR  ] 2017-09-22T22:28:59.492658015Z: [   21.290304]    generic_sse:   638.000 MB/sec
[STDERR  ] 2017-09-22T22:28:59.492667175Z: [   21.290730] xor: using function: prefetch64-sse (658.400 MB/sec)
[STDOUT  ] 2017-09-22T22:28:59.492669805Z: [    7.348126] IPVS: Creating netns size=2104 id=0
[STDERR  ] 2017-09-22T22:28:59.492676224Z: [   21.442653] Btrfs loaded, crc32c=crc32c-generic
[STDOUT  ] 2017-09-22T22:28:59.492678907Z: [    7.351550] IPVS: ipvs loaded.
[STDOUT  ] 2017-09-22T22:28:59.492687814Z: [    7.351914] IPVS: [rr] scheduler registered.
[STDERR  ] 2017-09-22T22:28:59.492685185Z: [   21.764686] IPVS: Creating netns size=2104 id=1
[STDERR  ] 2017-09-22T22:28:59.492699194Z: [   21.765217] IPVS: ftp: loaded support on port[0] = 21
[STDOUT  ] 2017-09-22T22:28:59.492697138Z: [    7.352284] IPVS: [wrr] scheduler registered.
[STDOUT  ] 2017-09-22T22:28:59.492710135Z: [    7.352595] IPVS: [lc] scheduler registered.
[STDERR  ] 2017-09-22T22:28:59.492714057Z: 2017/09/22 22:28:40 Creating partition on /dev/sda
[STDOUT  ] 2017-09-22T22:28:59.492719461Z: [    7.352878] IPVS: [wlc] scheduler registered.
[STDERR  ] 2017-09-22T22:28:59.492723707Z: [   23.124791] random: fdisk: uninitialized urandom read (4 bytes read)
[STDOUT  ] 2017-09-22T22:28:59.492728757Z: [    7.353160] IPVS: [fo] scheduler registered.
[STDERR  ] 2017-09-22T22:28:59.492732877Z: [   23.154707]  sda:
[STDERR  ] 2017-09-22T22:28:59.492742047Z: [   23.221284]  sda:
[STDOUT  ] 2017-09-22T22:28:59.492737979Z: [    7.353455] IPVS: [ovf] scheduler registered.
[STDOUT  ] 2017-09-22T22:28:59.492748257Z: [    7.353974] IPVS: [lblc] scheduler registered.
[STDERR  ] 2017-09-22T22:28:59.492751077Z: [   23.228080] random: sfdisk: uninitialized urandom read (4 bytes read)
[STDERR  ] 2017-09-22T22:28:59.492760059Z: [   23.252218]  sda: sda1
[STDOUT  ] 2017-09-22T22:28:59.492757254Z: [    7.354423] IPVS: [lblcr] scheduler registered.
[STDOUT  ] 2017-09-22T22:28:59.492766445Z: [    7.354740] IPVS: [dh] scheduler registered.
[STDERR  ] 2017-09-22T22:28:59.492769123Z: [   23.321799]  sda: sda1
[STDOUT  ] 2017-09-22T22:28:59.492775591Z: [    7.355054] IPVS: [sh] scheduler registered.
[STDERR  ] 2017-09-22T22:28:59.492786885Z: [   24.917982] random: mkfs.btrfs: uninitialized urandom read (16 bytes read)
[STDOUT  ] 2017-09-22T22:28:59.492784923Z: [    7.355372] IPVS: [sed] scheduler registered.
[STDERR  ] 2017-09-22T22:28:59.492796135Z: [   24.919940] random: mkfs.btrfs: uninitialized urandom read (16 bytes read)
[STDOUT  ] 2017-09-22T22:28:59.492799509Z: [    7.355694] IPVS: [nq] scheduler registered.
[STDOUT  ] 2017-09-22T22:28:59.492808558Z: [    7.356449] IPVS: ftp: loaded support on port[0] = 21
[STDERR  ] 2017-09-22T22:28:59.492805097Z: [   24.921644] random: mkfs.btrfs: uninitialized urandom read (16 bytes read)
[STDERR  ] 2017-09-22T22:28:59.492814985Z: [   25.085903] BTRFS: device fsid e84e028c-fd4d-4dde-8229-9f5b27627e2f devid 1 transid 5 /dev/sda1
[STDOUT  ] 2017-09-22T22:28:59.492817681Z: [    7.357363] ipip: IPv4 and MPLS over IPv4 tunneling driver
[STDERR  ] 2017-09-22T22:28:59.492825925Z: 2017/09/22 22:28:42 Partition /dev/sda1 successfully created!
[STDOUT  ] 2017-09-22T22:28:59.492826548Z: [    7.362108] gre: GRE over IPv4 demultiplexor driver
[STDOUT  ] 2017-09-22T22:28:59.492836559Z: [    7.364865] ip_tables: (C) 2000-2006 Netfilter Core Team
[STDERR  ] 2017-09-22T22:28:59.492835095Z: [   25.650881] IPVS: Creating netns size=2104 id=2
[STDERR  ] 2017-09-22T22:28:59.492844049Z: [   25.651398] IPVS: ftp: loaded support on port[0] = 21
[STDOUT  ] 2017-09-22T22:28:59.492845611Z: [    7.368030] ipt_CLUSTERIP: ClusterIP Version 0.8 loaded successfully
[STDERR  ] 2017-09-22T22:28:59.492853095Z: [   27.166862] FAT-fs (sda1): utf8 is not a recommended IO charset for FAT filesystems, filesystem will be case sensitive!
[STDOUT  ] 2017-09-22T22:28:59.492854559Z: [    7.368751] arp_tables: arp_tables: (C) 2002 David S. Miller
[STDOUT  ] 2017-09-22T22:28:59.492864309Z: [    7.371787] NET: Registered protocol family 10
[STDERR  ] 2017-09-22T22:28:59.492863074Z: [   27.172373] FAT-fs (sda1): utf8 is not a recommended IO charset for FAT filesystems, filesystem will be case sensitive!
[STDOUT  ] 2017-09-22T22:28:59.492873554Z: [    7.381642] ip6_tables: (C) 2000-2006 Netfilter Core Team
[STDERR  ] 2017-09-22T22:28:59.492880599Z: [   27.176028] mount: sending ioctl 5310 to a partition!
[STDOUT  ] 2017-09-22T22:28:59.492882423Z: [    7.389921] NET: Registered protocol family 17
[STDERR  ] 2017-09-22T22:28:59.492889671Z: [   27.214194] mount: sending ioctl 5310 to a partition!
[STDOUT  ] 2017-09-22T22:28:59.492891487Z: [    7.391470] Bridge firewalling registered
[STDOUT  ] 2017-09-22T22:28:59.492900547Z: [    7.391973] Ebtables v2.0 registered
[STDERR  ] 2017-09-22T22:28:59.492898609Z: [   27.215635] UDF-fs: warning (device sda1): udf_fill_super: No partition found (2)
[STDERR  ] 2017-09-22T22:28:59.492907655Z: [   27.241959] BTRFS info (device sda1): disk space caching is enabled
[STDOUT  ] 2017-09-22T22:28:59.492909571Z: [    7.393885] 8021q: 802.1Q VLAN Support v1.8
[STDERR  ] 2017-09-22T22:28:59.492921121Z: [   27.242335] BTRFS info (device sda1): has skinny extents
[STDOUT  ] 2017-09-22T22:28:59.492927098Z: [    7.395347] 9pnet: Installing 9P2000 support
[STDERR  ] 2017-09-22T22:28:59.492935598Z: [   27.242545] BTRFS info (device sda1): flagging fs with big metadata feature
[STDOUT  ] 2017-09-22T22:28:59.492937108Z: [    7.397046] Key type dns_resolver registered
[STDERR  ] 2017-09-22T22:28:59.492944719Z: [   27.292867] BTRFS info (device sda1): creating UUID tree
[STDOUT  ] 2017-09-22T22:28:59.492946088Z: [    7.398174] microcode: AMD CPU family 0x6 not supported
[STDERR  ] 2017-09-22T22:28:59.492953867Z: format_mount test suite PASSED
[STDOUT  ] 2017-09-22T22:28:59.492955483Z: [    7.403243] registered taskstats version 1
[STDERR  ] 2017-09-22T22:28:59.492962877Z: [   40.384564] sd 0:0:0:0: [sda] Synchronizing SCSI cache
[STDOUT  ] 2017-09-22T22:28:59.492964488Z: [    7.585841] ata1: SATA link up 1.5 Gbps (SStatus 113 SControl 300)
[STDERR  ] 2017-09-22T22:28:59.492972054Z: [   40.387739] sd 0:0:0:0: [sda] Stopping disk
[STDOUT  ] 2017-09-22T22:28:59.492973488Z: [    7.590746] ata6: SATA link down (SStatus 0 SControl 300)
[STDERR  ] 2017-09-22T22:28:59.492981331Z: [   40.391363] ACPI: Preparing to enter system sleep state S5
[STDOUT  ] 2017-09-22T22:28:59.492987111Z: [    7.592841] ata2: SATA link down (SStatus 0 SControl 300)
[STDERR  ] 2017-09-22T22:28:59.492990821Z: [   40.392584] reboot: Power down
[STDOUT  ] 2017-09-22T22:28:59.492997215Z: [    7.593576] ata3: SATA link up 1.5 Gbps (SStatus 113 SControl 300)
[STDERR  ] 2017-09-22T22:28:59.493000135Z: + echo [    0.000000] Linux version 4.9.51-linuxkit (root@3253c0754a54) (gcc version 6.3.0 (Alpine 6.3.0) ) #1 SMP Wed Sep 20 11:32:07 UTC 2017
[STDOUT  ] 2017-09-22T22:28:59.493005948Z: [    7.595408] ata3.00: ATAPI: QEMU DVD-ROM, 2.5+, max UDMA/100
[STDERR  ] 2017-09-22T22:28:59.493010034Z: [    0.000000] Command line: console=ttyS0
[STDERR  ] 2017-09-22T22:28:59.493019081Z: [    0.000000] x86/fpu: Legacy x87 FPU detected.
[STDOUT  ] 2017-09-22T22:28:59.493016448Z: [    7.595886] ata3.00: applying bridge limits
[STDOUT  ] 2017-09-22T22:28:59.493025423Z: [    7.597686] ata3.00: configured for UDMA/100
[STDOUT  ] 2017-09-22T22:28:59.493033887Z: [    7.599486] ata4: SATA link down (SStatus 0 SControl 300)
[STDERR  ] 2017-09-22T22:28:59.493028227Z: [    0.000000] x86/fpu: Using 'eager' FPU context switches.
[STDOUT  ] 2017-09-22T22:28:59.493042801Z: [    7.600085] ata5: SATA link down (SStatus 0 SControl 300)
[STDERR  ] 2017-09-22T22:28:59.493049331Z: [    0.000000] e820: BIOS-provided physical RAM map:
[STDOUT  ] 2017-09-22T22:28:59.493052217Z: [    7.607339] ata1.00: ATA-7: QEMU HARDDISK, 2.5+, max UDMA/100
[STDERR  ] 2017-09-22T22:28:59.493058283Z: [    0.000000] BIOS-e820: [mem 0x0000000000000000-0x000000000009fbff] usable
[STDOUT  ] 2017-09-22T22:28:59.493061278Z: [    7.607769] ata1.00: 1048576 sectors, multi 16: LBA48 NCQ (depth 31/32)
[STDERR  ] 2017-09-22T22:28:59.493067587Z: [    0.000000] BIOS-e820: [mem 0x000000000009fc00-0x000000000009ffff] reserved
[STDOUT  ] 2017-09-22T22:28:59.493070529Z: [    7.608288] ata1.00: applying bridge limits
[STDOUT  ] 2017-09-22T22:28:59.493088105Z: [    7.609153] ata1.00: configured for UDMA/100
[STDERR  ] 2017-09-22T22:28:59.493083701Z: [    0.000000] BIOS-e820: [mem 0x00000000000f0000-0x00000000000fffff] reserved
[STDOUT  ] 2017-09-22T22:28:59.493097103Z: [    7.629341] scsi 0:0:0:0: Direct-Access     ATA      QEMU HARDDISK    2.5+ PQ: 0 ANSI: 5
[STDERR  ] 2017-09-22T22:28:59.493094283Z: [    0.000000] BIOS-e820: [mem 0x0000000000100000-0x000000003ffdefff] usable
[STDERR  ] 2017-09-22T22:28:59.493103549Z: [    0.000000] BIOS-e820: [mem 0x000000003ffdf000-0x000000003fffffff] reserved
[STDOUT  ] 2017-09-22T22:28:59.493106494Z: [    7.645470] sd 0:0:0:0: Attached scsi generic sg0 type 0
[STDERR  ] 2017-09-22T22:28:59.493112453Z: [    0.000000] BIOS-e820: [mem 0x00000000b0000000-0x00000000bfffffff] reserved
[STDOUT  ] 2017-09-22T22:28:59.493115634Z: [    7.650860] sd 0:0:0:0: [sda] 1048576 512-byte logical blocks: (537 MB/512 MiB)
[STDERR  ] 2017-09-22T22:28:59.493125461Z: [    0.000000] BIOS-e820: [mem 0x00000000fed1c000-0x00000000fed1ffff] reserved
[STDOUT  ] 2017-09-22T22:28:59.493127157Z: [    7.655484] sd 0:0:0:0: [sda] Write Protect is off
[STDERR  ] 2017-09-22T22:28:59.493134821Z: [    0.000000] BIOS-e820: [mem 0x00000000fffc0000-0x00000000ffffffff] reserved
[STDOUT  ] 2017-09-22T22:28:59.493143091Z: [    7.662083] scsi 2:0:0:0: CD-ROM            QEMU     QEMU DVD-ROM     2.5+ PQ: 0 ANSI: 5
[STDERR  ] 2017-09-22T22:28:59.493144578Z: [    0.000000] NX (Execute Disable) protection: active
[STDOUT  ] 2017-09-22T22:28:59.493152407Z: [    7.667906] sd 0:0:0:0: [sda] Write cache: enabled, read cache: enabled, doesn't support DPO or FUA
[STDERR  ] 2017-09-22T22:28:59.493153715Z: [    0.000000] SMBIOS 2.8 present.
[STDERR  ] 2017-09-22T22:28:59.493163124Z: [    0.000000] e820: last_pfn = 0x3ffdf max_arch_pfn = 0x400000000
[STDOUT  ] 2017-09-22T22:28:59.493163795Z: [    7.682639] sr 2:0:0:0: [sr0] scsi3-mmc drive: 4x/4x cd/rw xa/form2 tray
[STDERR  ] 2017-09-22T22:28:59.493172443Z: [    0.000000] x86/PAT: Configuration [0-7]: WB  WC  UC- UC  WB  WC  UC- WT  
[STDOUT  ] 2017-09-22T22:28:59.493179443Z: [    7.683389] cdrom: Uniform CD-ROM driver Revision: 3.20
[STDERR  ] 2017-09-22T22:28:59.493185324Z: [    0.000000] found SMP MP-table at [mem 0x000f6aa0-0x000f6aaf] mapped at [ffff9372400f6aa0]
[STDERR  ] 2017-09-22T22:28:59.493195405Z: [    0.000000] RAMDISK: [mem 0x3e13e000-0x3ffcffff]
[STDOUT  ] 2017-09-22T22:28:59.493194014Z: [    7.690591] Key type big_key registered
[STDERR  ] 2017-09-22T22:28:59.493204463Z: [    0.000000] ACPI: Early table checksum verification disabled
[STDOUT  ] 2017-09-22T22:28:59.493203335Z: [    7.712275] sr 2:0:0:0: Attached scsi generic sg1 type 5
[STDOUT  ] 2017-09-22T22:28:59.493212393Z: [    7.725066] sd 0:0:0:0: [sda] Attached SCSI disk
[STDERR  ] 2017-09-22T22:28:59.493213519Z: [    0.000000] ACPI: RSDP 0x00000000000F68C0 000014 (v00 BOCHS )
[STDOUT  ] 2017-09-22T22:28:59.493221773Z: [    7.765176] Key type encrypted registered
[STDERR  ] 2017-09-22T22:28:59.493222524Z: [    0.000000] ACPI: RSDT 0x000000003FFE2404 000034 (v01 BOCHS  BXPCRSDT 00000001 BXPC 00000001)
[STDOUT  ] 2017-09-22T22:28:59.493230834Z: [    7.771470] rtc_cmos 00:00: setting system clock to 2017-09-22 22:28:25 UTC (1506119305)
[STDERR  ] 2017-09-22T22:28:59.493232357Z: [    0.000000] ACPI: FACP 0x000000003FFE22A4 000074 (v01 BOCHS  BXPCFACP 00000001 BXPC 00000001)
[STDOUT  ] 2017-09-22T22:28:59.493240028Z: [    7.919548] Freeing unused kernel memory: 1380K
[STDERR  ] 2017-09-22T22:28:59.493246808Z: [    0.000000] ACPI: DSDT 0x000000003FFE0040 002264 (v01 BOCHS  BXPCDSDT 00000001 BXPC 00000001)
[STDOUT  ] 2017-09-22T22:28:59.493249105Z: [    7.920043] Write protecting the kernel read-only data: 12288k
[STDERR  ] 2017-09-22T22:28:59.493256111Z: [    0.000000] ACPI: FACS 0x000000003FFE0000 000040
[STDOUT  ] 2017-09-22T22:28:59.493258309Z: [    7.923148] tsc: Refined TSC clocksource calibration: 2600.003 MHz
[STDERR  ] 2017-09-22T22:28:59.493265121Z: [    0.000000] ACPI: APIC 0x000000003FFE2318 000078 (v01 BOCHS  BXPCAPIC 00000001 BXPC 00000001)
[STDOUT  ] 2017-09-22T22:28:59.493267391Z: [    7.923739] clocksource: tsc: mask: 0xffffffffffffffff max_cycles: 0x257a3ef07ae, max_idle_ns: 440795268508 ns
[STDERR  ] 2017-09-22T22:28:59.493280124Z: [    0.000000] ACPI: HPET 0x000000003FFE2390 000038 (v01 BOCHS  BXPCHPET 00000001 BXPC 00000001)
[STDOUT  ] 2017-09-22T22:28:59.493277004Z: [    7.929022] Freeing unused kernel memory: 140K
[STDOUT  ] 2017-09-22T22:28:59.493286397Z: [    8.047910] Freeing unused kernel memory: 1400K
[STDERR  ] 2017-09-22T22:28:59.493289184Z: [    0.000000] ACPI: MCFG 0x000000003FFE23C8 00003C (v01 BOCHS  BXPCMCFG 00000001 BXPC 00000001)
[STDOUT  ] 2017-09-22T22:28:59.493295341Z: [    8.936273] clocksource: Switched to clocksource tsc
[STDERR  ] 2017-09-22T22:28:59.493298257Z: [    0.000000] Zone ranges:
[STDERR  ] 2017-09-22T22:28:59.493307288Z: [    0.000000]   DMA      [mem 0x0000000000001000-0x0000000000ffffff]
[STDOUT  ] 2017-09-22T22:28:59.493308529Z: 
[STDOUT  ] 2017-09-22T22:28:59.493317971Z: Welcome to LinuxKit
[STDERR  ] 2017-09-22T22:28:59.493316348Z: [    0.000000]   DMA32    [mem 0x0000000001000000-0x000000003ffdefff]
[STDERR  ] 2017-09-22T22:28:59.493325331Z: [    0.000000]   Normal   empty
[STDOUT  ] 2017-09-22T22:28:59.493326944Z: 
[STDERR  ] 2017-09-22T22:28:59.493334385Z: [    0.000000] Movable zone start for each node
[STDOUT  ] 2017-09-22T22:28:59.493336154Z:                         ##         .
[STDERR  ] 2017-09-22T22:28:59.493343427Z: [    0.000000] Early memory node ranges
[STDOUT  ] 2017-09-22T22:28:59.493345195Z:                   ## ## ##        ==
[STDOUT  ] 2017-09-22T22:28:59.493354175Z:                ## ## ## ## ##    ===
[STDERR  ] 2017-09-22T22:28:59.493352339Z: [    0.000000]   node   0: [mem 0x0000000000001000-0x000000000009efff]
[STDERR  ] 2017-09-22T22:28:59.493361295Z: [    0.000000]   node   0: [mem 0x0000000000100000-0x000000003ffdefff]
[STDOUT  ] 2017-09-22T22:28:59.493363127Z:            /"""""""""""""""""\___/ ===
[STDERR  ] 2017-09-22T22:28:59.493370249Z: [    0.000000] Initmem setup node 0 [mem 0x0000000000001000-0x000000003ffdefff]
[STDOUT  ] 2017-09-22T22:28:59.493378207Z:           {                       /  ===-
[STDERR  ] 2017-09-22T22:28:59.493383574Z: [    0.000000] ACPI: PM-Timer IO Port: 0x608
[STDOUT  ] 2017-09-22T22:28:59.493387573Z:            \______ O           __/
[STDOUT  ] 2017-09-22T22:28:59.493396619Z:              \    \         __/
[STDERR  ] 2017-09-22T22:28:59.493393898Z: [    0.000000] ACPI: LAPIC_NMI (acpi_id[0xff] dfl dfl lint[0x1])
[STDOUT  ] 2017-09-22T22:28:59.493405611Z:               \____\_______/
[STDERR  ] 2017-09-22T22:28:59.493409448Z: [    0.000000] IOAPIC[0]: apic_id 0, version 32, address 0xfec00000, GSI 0-23
[STDOUT  ] 2017-09-22T22:28:59.493414495Z: 
[STDERR  ] 2017-09-22T22:28:59.493418451Z: [    0.000000] ACPI: INT_SRC_OVR (bus 0 bus_irq 0 global_irq 2 dfl dfl)
[STDOUT  ] 2017-09-22T22:28:59.493424351Z: [   20.220396] raid6: sse2x1   gen()   348 MB/s
[STDERR  ] 2017-09-22T22:28:59.493429887Z: [    0.000000] ACPI: INT_SRC_OVR (bus 0 bus_irq 5 global_irq 5 high level)
[STDERR  ] 2017-09-22T22:28:59.493438813Z: [    0.000000] ACPI: INT_SRC_OVR (bus 0 bus_irq 9 global_irq 9 high level)
[STDOUT  ] 2017-09-22T22:28:59.493433357Z: [   20.390398] raid6: sse2x1   xor()   166 MB/s
[STDOUT  ] 2017-09-22T22:28:59.493448323Z: [   20.561066] raid6: sse2x2   gen()   260 MB/s
[STDERR  ] 2017-09-22T22:28:59.493454329Z: [    0.000000] ACPI: INT_SRC_OVR (bus 0 bus_irq 10 global_irq 10 high level)
[STDOUT  ] 2017-09-22T22:28:59.493457148Z: [   20.730497] raid6: sse2x2   xor()   179 MB/s
[STDERR  ] 2017-09-22T22:28:59.493463391Z: [    0.000000] ACPI: INT_SRC_OVR (bus 0 bus_irq 11 global_irq 11 high level)
[STDOUT  ] 2017-09-22T22:28:59.493466267Z: [   20.900390] raid6: sse2x4   gen()   324 MB/s
[STDOUT  ] 2017-09-22T22:28:59.493475363Z: [   21.070476] raid6: sse2x4   xor()   187 MB/s
[STDERR  ] 2017-09-22T22:28:59.493472415Z: [    0.000000] Using ACPI (MADT) for SMP configuration information
[STDOUT  ] 2017-09-22T22:28:59.493484203Z: [   21.070914] raid6: using algorithm sse2x1 gen() 348 MB/s
[STDERR  ] 2017-09-22T22:28:59.493486858Z: [    0.000000] ACPI: HPET id: 0x8086a201 base: 0xfed00000
[STDOUT  ] 2017-09-22T22:28:59.493493343Z: [   21.071288] raid6: .... xor() 166 MB/s, rmw enabled
[STDERR  ] 2017-09-22T22:28:59.493495913Z: [    0.000000] smpboot: Allowing 1 CPUs, 0 hotplug CPUs
[STDOUT  ] 2017-09-22T22:28:59.493502377Z: [   21.071833] raid6: using intx1 recovery algorithm
[STDERR  ] 2017-09-22T22:28:59.493504924Z: [    0.000000] e820: [mem 0x40000000-0xafffffff] available for PCI devices
[STDERR  ] 2017-09-22T22:28:59.493513987Z: [    0.000000] Booting paravirtualized kernel on bare hardware
[STDOUT  ] 2017-09-22T22:28:59.493511439Z: [   21.091936] xor: measuring software checksum speed
[STDERR  ] 2017-09-22T22:28:59.493523167Z: [    0.000000] clocksource: refined-jiffies: mask: 0xffffffff max_cycles: 0xffffffff, max_idle_ns: 19112604462750000 ns
[STDOUT  ] 2017-09-22T22:28:59.493524675Z: [   21.190314]    prefetch64-sse:   658.400 MB/sec
[STDOUT  ] 2017-09-22T22:28:59.493533469Z: [   21.290304]    generic_sse:   638.000 MB/sec
[STDERR  ] 2017-09-22T22:28:59.493533403Z: [    0.000000] setup_percpu: NR_CPUS:128 nr_cpumask_bits:128 nr_cpu_ids:1 nr_node_ids:1
[STDOUT  ] 2017-09-22T22:28:59.493542667Z: [   21.290730] xor: using function: prefetch64-sse (658.400 MB/sec)
[STDOUT  ] 2017-09-22T22:28:59.493565139Z: [   21.442653] Btrfs loaded, crc32c=crc32c-generic
[STDERR  ] 2017-09-22T22:28:59.493544085Z: [    0.000000] percpu: Embedded 35 pages/cpu @ffff93727de00000 s105240 r8192 d29928 u2097152
[STDOUT  ] 2017-09-22T22:28:59.493574321Z: [   21.764686] IPVS: Creating netns size=2104 id=1
[STDERR  ] 2017-09-22T22:28:59.493581769Z: [    0.000000] Built 1 zonelists in Zone order, mobility grouping on.  Total pages: 257896
[STDOUT  ] 2017-09-22T22:28:59.493583279Z: [   21.765217] IPVS: ftp: loaded support on port[0] = 21
[STDOUT  ] 2017-09-22T22:28:59.493592538Z: 2017/09/22 22:28:40 Creating partition on /dev/sda
[STDERR  ] 2017-09-22T22:28:59.493591131Z: [    0.000000] Kernel command line: console=ttyS0
[STDERR  ] 2017-09-22T22:28:59.493600308Z: [    0.000000] PID hash table entries: 4096 (order: 3, 32768 bytes)
[STDOUT  ] 2017-09-22T22:28:59.493606991Z: [   23.124791] random: fdisk: uninitialized urandom read (4 bytes read)
[STDERR  ] 2017-09-22T22:28:59.493609557Z: [    0.000000] Dentry cache hash table entries: 131072 (order: 8, 1048576 bytes)
[STDOUT  ] 2017-09-22T22:28:59.493616244Z: [   23.154707]  sda:
[STDERR  ] 2017-09-22T22:28:59.493618727Z: [    0.000000] Inode-cache hash table entries: 65536 (order: 7, 524288 bytes)
[STDOUT  ] 2017-09-22T22:28:59.493625374Z: [   23.221284]  sda:
[STDERR  ] 2017-09-22T22:28:59.493628029Z: [    0.000000] Memory: 982868K/1048052K available (8036K kernel code, 1367K rwdata, 2696K rodata, 1380K init, 568K bss, 65184K reserved, 0K cma-reserved)
[STDOUT  ] 2017-09-22T22:28:59.493634231Z: [   23.228080] random: sfdisk: uninitialized urandom read (4 bytes read)
[STDERR  ] 2017-09-22T22:28:59.493651678Z: [    0.000000] Hierarchical RCU implementation.
[STDOUT  ] 2017-09-22T22:28:59.493660038Z: [   23.252218]  sda: sda1
[STDERR  ] 2017-09-22T22:28:59.493661483Z: [    0.000000] 	Build-time adjustment of leaf fanout to 64.
[STDOUT  ] 2017-09-22T22:28:59.493669267Z: [   23.321799]  sda: sda1
[STDERR  ] 2017-09-22T22:28:59.493670709Z: [    0.000000] 	RCU restricting CPUs from NR_CPUS=128 to nr_cpu_ids=1.
[STDOUT  ] 2017-09-22T22:28:59.493678279Z: [   24.917982] random: mkfs.btrfs: uninitialized urandom read (16 bytes read)
[STDOUT  ] 2017-09-22T22:28:59.493687283Z: [   24.919940] random: mkfs.btrfs: uninitialized urandom read (16 bytes read)
[STDERR  ] 2017-09-22T22:28:59.493679757Z: [    0.000000] RCU: Adjusting geometry for rcu_fanout_leaf=64, nr_cpu_ids=1
[STDOUT  ] 2017-09-22T22:28:59.493696413Z: [   24.921644] random: mkfs.btrfs: uninitialized urandom read (16 bytes read)
[STDERR  ] 2017-09-22T22:28:59.493698468Z: [    0.000000] NR_IRQS:8448 nr_irqs:256 16
[STDOUT  ] 2017-09-22T22:28:59.493705751Z: [   25.085903] BTRFS: device fsid e84e028c-fd4d-4dde-8229-9f5b27627e2f devid 1 transid 5 /dev/sda1
[STDOUT  ] 2017-09-22T22:28:59.493715021Z: 2017/09/22 22:28:42 Partition /dev/sda1 successfully created!
[STDERR  ] 2017-09-22T22:28:59.493707704Z: [    0.000000] Console: colour VGA+ 80x25
[STDERR  ] 2017-09-22T22:28:59.493728015Z: [    0.000000] console [ttyS0] enabled
[STDOUT  ] 2017-09-22T22:28:59.493724443Z: [   25.650881] IPVS: Creating netns size=2104 id=2
[STDOUT  ] 2017-09-22T22:28:59.493734261Z: [   25.651398] IPVS: ftp: loaded support on port[0] = 21
[STDERR  ] 2017-09-22T22:28:59.493737137Z: [    0.000000] clocksource: hpet: mask: 0xffffffff max_cycles: 0xffffffff, max_idle_ns: 19112604467 ns
[STDERR  ] 2017-09-22T22:28:59.493746199Z: [    0.000000] tsc: Fast TSC calibration using PIT
[STDOUT  ] 2017-09-22T22:28:59.493750607Z: [   27.166862] FAT-fs (sda1): utf8 is not a recommended IO charset for FAT filesystems, filesystem will be case sensitive!
[STDERR  ] 2017-09-22T22:28:59.493761139Z: [    0.000000] tsc: Detected 2599.989 MHz processor
[STDOUT  ] 2017-09-22T22:28:59.493766301Z: [   27.172373] FAT-fs (sda1): utf8 is not a recommended IO charset for FAT filesystems, filesystem will be case sensitive!
[STDERR  ] 2017-09-22T22:28:59.493770388Z: [    0.022469] Calibrating delay loop (skipped), value calculated using timer frequency.. 5199.97 BogoMIPS (lpj=25999890)
[STDOUT  ] 2017-09-22T22:28:59.493776674Z: [   27.176028] mount: sending ioctl 5310 to a partition!
[STDERR  ] 2017-09-22T22:28:59.493779703Z: [    0.023419] pid_max: default: 32768 minimum: 301
[STDOUT  ] 2017-09-22T22:28:59.493785978Z: [   27.214194] mount: sending ioctl 5310 to a partition!
[STDOUT  ] 2017-09-22T22:28:59.493794704Z: [   27.215635] UDF-fs: warning (device sda1): udf_fill_super: No partition found (2)
[STDOUT  ] 2017-09-22T22:28:59.493804183Z: [   27.241959] BTRFS info (device sda1): disk space caching is enabled
[STDERR  ] 2017-09-22T22:28:59.493788927Z: [    0.024501] ACPI: Core revision 20160831
[STDERR  ] 2017-09-22T22:28:59.493810867Z: [    0.072883] ACPI: 1 ACPI AML tables successfully acquired and loaded
[STDOUT  ] 2017-09-22T22:28:59.493813568Z: [   27.242335] BTRFS info (device sda1): has skinny extents
[STDERR  ] 2017-09-22T22:28:59.493824457Z: [    0.077344] Security Framework initialized
[STDOUT  ] 2017-09-22T22:28:59.493827288Z: [   27.242545] BTRFS info (device sda1): flagging fs with big metadata feature
[STDOUT  ] 2017-09-22T22:28:59.493836431Z: [   27.292867] BTRFS info (device sda1): creating UUID tree
[STDERR  ] 2017-09-22T22:28:59.493833434Z: [    0.077791] Yama: becoming mindful.
[STDERR  ] 2017-09-22T22:28:59.493842713Z: [    0.080312] Mount-cache hash table entries: 2048 (order: 2, 16384 bytes)
[STDOUT  ] 2017-09-22T22:28:59.493845691Z: format_mount test suite PASSED
[STDOUT  ] 2017-09-22T22:28:59.493854711Z: [   40.384564] sd 0:0:0:0: [sda] Synchronizing SCSI cache
[STDERR  ] 2017-09-22T22:28:59.493851671Z: [    0.080891] Mountpoint-cache hash table entries: 2048 (order: 2, 16384 bytes)
[STDOUT  ] 2017-09-22T22:28:59.493863999Z: [   40.387739] sd 0:0:0:0: [sda] Stopping disk
[STDERR  ] 2017-09-22T22:28:59.493861074Z: [    0.099755] Last level iTLB entries: 4KB 0, 2MB 0, 4MB 0
[STDOUT  ] 2017-09-22T22:28:59.493872927Z: [   40.391363] ACPI: Preparing to enter system sleep state S5
[STDERR  ] 2017-09-22T22:28:59.493880627Z: [    0.100115] Last level dTLB entries: 4KB 0, 2MB 0, 4MB 0, 1GB 0
[STDOUT  ] 2017-09-22T22:28:59.493882129Z: [   40.392584] reboot: Power down
[STDERR  ] 2017-09-22T22:28:59.493890138Z: [    0.423795] Freeing SMP alternatives memory: 20K
[STDERR  ] 2017-09-22T22:28:59.493898798Z: [    0.435410] ftrace: allocating 35528 entries in 139 pages
[STDERR  ] 2017-09-22T22:28:59.493907331Z: [    0.612695] smpboot: Max logical packages: 1
[STDERR  ] 2017-09-22T22:28:59.493916797Z: [    0.619998] ..TIMER: vector=0x30 apic1=0 pin1=2 apic2=-1 pin2=-1
[STDERR  ] 2017-09-22T22:28:59.493928007Z: [    0.720000] smpboot: CPU0: AMD QEMU Virtual CPU version 2.5+ (family: 0x6, model: 0x6, stepping: 0x3)
[STDERR  ] 2017-09-22T22:28:59.493936444Z: [    0.720000] Performance Events: PMU not available due to virtualization, using software events only.
[STDERR  ] 2017-09-22T22:28:59.493944705Z: [    0.730097] NMI watchdog: disabled (cpu0): hardware events not enabled
[STDERR  ] 2017-09-22T22:28:59.493965589Z: [    0.730613] NMI watchdog: Shutting down hard lockup detector on all cpus
[STDERR  ] 2017-09-22T22:28:59.493974688Z: [    0.734513] x86: Booted up 1 node, 1 CPUs
[STDERR  ] 2017-09-22T22:28:59.493984203Z: [    0.735002] smpboot: Total of 1 processors activated (5199.97 BogoMIPS)
[STDERR  ] 2017-09-22T22:28:59.493993277Z: [    0.750824] devtmpfs: initialized
[STDERR  ] 2017-09-22T22:28:59.494010797Z: [    0.757683] x86/mm: Memory block size: 128MB
[STDERR  ] 2017-09-22T22:28:59.494020393Z: [    0.825726] clocksource: jiffies: mask: 0xffffffff max_cycles: 0xffffffff, max_idle_ns: 19112604462750000 ns
[STDERR  ] 2017-09-22T22:28:59.494058018Z: [    0.826773] futex hash table entries: 256 (order: 2, 16384 bytes)
[STDERR  ] 2017-09-22T22:28:59.494066608Z: [    0.837347] NET: Registered protocol family 16
[STDERR  ] 2017-09-22T22:28:59.494081046Z: [    0.848863] cpuidle: using governor ladder
[STDERR  ] 2017-09-22T22:28:59.494090277Z: [    0.849361] cpuidle: using governor menu
[STDERR  ] 2017-09-22T22:28:59.494098897Z: [    0.851187] ACPI: bus type PCI registered
[STDERR  ] 2017-09-22T22:28:59.494107407Z: [    0.854506] PCI: MMCONFIG for domain 0000 [bus 00-ff] at [mem 0xb0000000-0xbfffffff] (base 0xb0000000)
[STDERR  ] 2017-09-22T22:28:59.494129432Z: [    0.855255] PCI: MMCONFIG at [mem 0xb0000000-0xbfffffff] reserved in E820
[STDERR  ] 2017-09-22T22:28:59.494140887Z: [    0.856719] PCI: Using configuration type 1 for base access
[STDERR  ] 2017-09-22T22:28:59.494149616Z: [    0.920303] HugeTLB registered 2 MB page size, pre-allocated 0 pages
[STDERR  ] 2017-09-22T22:28:59.494158327Z: [    0.932334] ACPI: Added _OSI(Module Device)
[STDERR  ] 2017-09-22T22:28:59.494166814Z: [    0.932664] ACPI: Added _OSI(Processor Device)
[STDERR  ] 2017-09-22T22:28:59.494175464Z: [    0.932996] ACPI: Added _OSI(3.0 _SCP Extensions)
[STDERR  ] 2017-09-22T22:28:59.494199963Z: [    0.933340] ACPI: Added _OSI(Processor Aggregator Device)
[STDERR  ] 2017-09-22T22:28:59.494209957Z: [    1.012510] ACPI: Interpreter enabled
[STDERR  ] 2017-09-22T22:28:59.49421833Z: [    1.013491] ACPI: (supports S0 S5)
[STDERR  ] 2017-09-22T22:28:59.494226737Z: [    1.013873] ACPI: Using IOAPIC for interrupt routing
[STDERR  ] 2017-09-22T22:28:59.494235793Z: [    1.016556] PCI: Using host bridge windows from ACPI; if necessary, use "pci=nocrs" and report a bug
[STDERR  ] 2017-09-22T22:28:59.494244702Z: [    1.094981] ACPI: PCI Root Bridge [PCI0] (domain 0000 [bus 00-ff])
[STDERR  ] 2017-09-22T22:28:59.494259502Z: [    1.096207] acpi PNP0A08:00: _OSC: OS supports [ExtendedConfig ASPM ClockPM Segments MSI]
[STDERR  ] 2017-09-22T22:28:59.494279577Z: [    1.103875] acpi PNP0A08:00: _OSC: OS now controls [PCIeHotplug PME PCIeCapability]
[STDERR  ] 2017-09-22T22:28:59.494288788Z: [    1.108339] PCI host bridge to bus 0000:00
[STDERR  ] 2017-09-22T22:28:59.494297172Z: [    1.108843] pci_bus 0000:00: root bus resource [io  0x0000-0x0cf7 window]
[STDERR  ] 2017-09-22T22:28:59.494305668Z: [    1.109358] pci_bus 0000:00: root bus resource [io  0x0d00-0xffff window]
[STDERR  ] 2017-09-22T22:28:59.494313927Z: [    1.109829] pci_bus 0000:00: root bus resource [mem 0x000a0000-0x000bffff window]
[STDERR  ] 2017-09-22T22:28:59.494322172Z: [    1.110124] pci_bus 0000:00: root bus resource [mem 0xc0000000-0xfebfffff window]
[STDERR  ] 2017-09-22T22:28:59.494330478Z: [    1.110835] pci_bus 0000:00: root bus resource [bus 00-ff]
[STDERR  ] 2017-09-22T22:28:59.494338753Z: [    1.235695] pci 0000:00:1f.0: quirk: [io  0x0600-0x067f] claimed by ICH6 ACPI/GPIO/TCO
[STDERR  ] 2017-09-22T22:28:59.494367013Z: [    1.302380] ACPI: PCI Interrupt Link [LNKA] (IRQs 5 *10 11)
[STDERR  ] 2017-09-22T22:28:59.494377056Z: [    1.305241] ACPI: PCI Interrupt Link [LNKB] (IRQs 5 *10 11)
[STDERR  ] 2017-09-22T22:28:59.494386393Z: [    1.307567] ACPI: PCI Interrupt Link [LNKC] (IRQs 5 10 *11)
[STDERR  ] 2017-09-22T22:28:59.494401388Z: [    1.310570] ACPI: PCI Interrupt Link [LNKD] (IRQs 5 10 *11)
[STDERR  ] 2017-09-22T22:28:59.49441043Z: [    1.313014] ACPI: PCI Interrupt Link [LNKE] (IRQs 5 *10 11)
[STDERR  ] 2017-09-22T22:28:59.494420812Z: [    1.315307] ACPI: PCI Interrupt Link [LNKF] (IRQs 5 *10 11)
[STDERR  ] 2017-09-22T22:28:59.494442207Z: [    1.317571] ACPI: PCI Interrupt Link [LNKG] (IRQs 5 10 *11)
[STDERR  ] 2017-09-22T22:28:59.494451304Z: [    1.319575] ACPI: PCI Interrupt Link [LNKH] (IRQs 5 10 *11)
[STDERR  ] 2017-09-22T22:28:59.4944603Z: [    1.320809] ACPI: PCI Interrupt Link [GSIA] (IRQs *16)
[STDERR  ] 2017-09-22T22:28:59.494469492Z: [    1.321637] ACPI: PCI Interrupt Link [GSIB] (IRQs *17)
[STDERR  ] 2017-09-22T22:28:59.494483244Z: [    1.322404] ACPI: PCI Interrupt Link [GSIC] (IRQs *18)
[STDERR  ] 2017-09-22T22:28:59.494492486Z: [    1.323196] ACPI: PCI Interrupt Link [GSID] (IRQs *19)
[STDERR  ] 2017-09-22T22:28:59.494512307Z: [    1.323939] ACPI: PCI Interrupt Link [GSIE] (IRQs *20)
[STDERR  ] 2017-09-22T22:28:59.49452201Z: [    1.324725] ACPI: PCI Interrupt Link [GSIF] (IRQs *21)
[STDERR  ] 2017-09-22T22:28:59.494530953Z: [    1.325430] ACPI: PCI Interrupt Link [GSIG] (IRQs *22)
[STDERR  ] 2017-09-22T22:28:59.494539736Z: [    1.326216] ACPI: PCI Interrupt Link [GSIH] (IRQs *23)
[STDERR  ] 2017-09-22T22:28:59.494548646Z: [    1.331529] ACPI: Enabled 2 GPEs in block 00 to 3F
[STDERR  ] 2017-09-22T22:28:59.494557528Z: [    1.337752] SCSI subsystem initialized
[STDERR  ] 2017-09-22T22:28:59.494566528Z: [    1.340315] ACPI: bus type USB registered
[STDERR  ] 2017-09-22T22:28:59.494575386Z: [    1.341683] usbcore: registered new interface driver usbfs
[STDERR  ] 2017-09-22T22:28:59.494594188Z: [    1.342776] usbcore: registered new interface driver hub
[STDERR  ] 2017-09-22T22:28:59.494603222Z: [    1.343642] usbcore: registered new device driver usb
[STDERR  ] 2017-09-22T22:28:59.494618242Z: [    1.345290] pps_core: LinuxPPS API ver. 1 registered
[STDERR  ] 2017-09-22T22:28:59.494636898Z: [    1.345568] pps_core: Software ver. 5.3.6 - Copyright 2005-2007 Rodolfo Giometti <giometti@linux.it>
[STDERR  ] 2017-09-22T22:28:59.494646183Z: [    1.346387] PTP clock support registered
[STDERR  ] 2017-09-22T22:28:59.494655453Z: [    1.347932] wmi: Mapper loaded
