[INFO    ] 2017-07-13T14:57:43.160431399Z: Running Test linuxkit.packages.binfmt in /tmp/build/test/cases/040_packages/002_binfmt
[INFO    ] 2017-07-13T14:57:43.160552249Z: Running command: [/bin/sh -x /tmp/build/test/cases/040_packages/002_binfmt/test.sh]
[STDERR  ] 2017-07-13T14:57:43.162374416Z: + set -e
[STDERR  ] 2017-07-13T14:57:43.162384715Z: + . /tmp/build/test/cases/_lib/lib.sh
[STDERR  ] 2017-07-13T14:57:43.162406045Z: + [ -f src/github.com/linuxkit/rtf/lib/lib.sh ]
[STDERR  ] 2017-07-13T14:57:43.162415875Z: + LINUXKIT_TMPDIR=/tmp/build/test/cases/_tmp
[STDERR  ] 2017-07-13T14:57:43.162426837Z: + [ -f /tmp/build/test/cases/_tmp/env.sh ]
[STDERR  ] 2017-07-13T14:57:43.16243642Z: + . /tmp/build/test/cases/_tmp/env.sh
[STDERR  ] 2017-07-13T14:57:43.162442362Z: + export LINUXKIT_EXAMPLES_DIR=/tmp/build/test/cases/../../examples
[STDERR  ] 2017-07-13T14:57:43.162453962Z: + export LINUXKIT_BLUEPRINTS_DIR=/tmp/build/test/cases/../../blueprints
[STDERR  ] 2017-07-13T14:57:43.162470459Z: + RT_CANCEL=253
[STDERR  ] 2017-07-13T14:57:43.162479995Z: + trap clean_up EXIT
[STDERR  ] 2017-07-13T14:57:43.162490739Z: + moby build -output kernel+initrd test-binfmt.yml
[STDERR  ] 2017-07-13T14:57:43.174355451Z: Extract kernel image: linuxkit/kernel:4.9.36
[STDERR  ] 2017-07-13T14:57:44.825817853Z: Add init containers:
[STDERR  ] 2017-07-13T14:57:44.825868383Z: Process init image: linuxkit/init:14a38303ee9dcb4541c00e2b87404befc1ba2083
[STDERR  ] 2017-07-13T14:57:46.069492886Z: Process init image: linuxkit/runc:2310ad9d266cf5d9c4d07613bd2135ed7eb8a21f
[STDERR  ] 2017-07-13T14:57:47.247623683Z: Process init image: linuxkit/containerd:c977f27c234d55b85172813b8451f67ea86be4a3
[STDERR  ] 2017-07-13T14:57:48.832142973Z: Add onboot containers:
[STDERR  ] 2017-07-13T14:57:48.832151567Z:   Create OCI config for linuxkit/binfmt:0bde4ebd422099f45c5ee03217413523ad2223e5
[STDERR  ] 2017-07-13T14:57:50.055380898Z:   Create OCI config for alpine:3.6
[STDERR  ] 2017-07-13T14:57:51.534431606Z:   Create OCI config for linuxkit/poweroff:bce51402e293da0b653923a43c3c7be6e0effa05
[STDERR  ] 2017-07-13T14:57:52.770197684Z: Add files:
[STDERR  ] 2017-07-13T14:57:52.77020879Z:   check.sh
[STDERR  ] 2017-07-13T14:57:52.771004471Z: Create outputs:
[STDERR  ] 2017-07-13T14:58:01.58728083Z:   test-binfmt-kernel test-binfmt-initrd.img test-binfmt-cmdline
[STDERR  ] 2017-07-13T14:58:01.66140549Z: + linuxkit run test-binfmt
[STDERR  ] 2017-07-13T14:58:01.678916656Z: Unable to find qemu-system-x86_64 within the $PATH. Using a container
[STDERR  ] 2017-07-13T14:58:35.802982743Z: + RESULT=[    0.000000] Linux version 4.9.36-linuxkit (root@e1ede117fb1e) (gcc version 6.3.0 (Alpine 6.3.0) ) #1 SMP Wed Jul 12 17:30:01 UTC 2017
[STDERR  ] 2017-07-13T14:58:35.80300292Z: [    0.000000] Command line: console=ttyS0 page_poison=1
[STDERR  ] 2017-07-13T14:58:35.803014579Z: [    0.000000] x86/fpu: Legacy x87 FPU detected.
[STDERR  ] 2017-07-13T14:58:35.803019861Z: [    0.000000] x86/fpu: Using 'eager' FPU context switches.
[STDERR  ] 2017-07-13T14:58:35.803035536Z: [    0.000000] e820: BIOS-provided physical RAM map:
[STDERR  ] 2017-07-13T14:58:35.803040914Z: [    0.000000] BIOS-e820: [mem 0x0000000000000000-0x000000000009fbff] usable
[STDERR  ] 2017-07-13T14:58:35.80305705Z: [    0.000000] BIOS-e820: [mem 0x000000000009fc00-0x000000000009ffff] reserved
[STDERR  ] 2017-07-13T14:58:35.8030621Z: [    0.000000] BIOS-e820: [mem 0x00000000000f0000-0x00000000000fffff] reserved
[STDERR  ] 2017-07-13T14:58:35.803078679Z: [    0.000000] BIOS-e820: [mem 0x0000000000100000-0x000000003ffdefff] usable
[STDERR  ] 2017-07-13T14:58:35.80308399Z: [    0.000000] BIOS-e820: [mem 0x000000003ffdf000-0x000000003fffffff] reserved
[STDERR  ] 2017-07-13T14:58:35.803098823Z: [    0.000000] BIOS-e820: [mem 0x00000000b0000000-0x00000000bfffffff] reserved
[STDERR  ] 2017-07-13T14:58:35.803108565Z: [    0.000000] BIOS-e820: [mem 0x00000000fed1c000-0x00000000fed1ffff] reserved
[STDERR  ] 2017-07-13T14:58:35.803118166Z: [    0.000000] BIOS-e820: [mem 0x00000000fffc0000-0x00000000ffffffff] reserved
[STDERR  ] 2017-07-13T14:58:35.803127963Z: [    0.000000] NX (Execute Disable) protection: active
[STDERR  ] 2017-07-13T14:58:35.803148685Z: [    0.000000] SMBIOS 2.8 present.
[STDERR  ] 2017-07-13T14:58:35.803158116Z: [    0.000000] e820: last_pfn = 0x3ffdf max_arch_pfn = 0x400000000
[STDERR  ] 2017-07-13T14:58:35.803169019Z: [    0.000000] x86/PAT: Configuration [0-7]: WB  WC  UC- UC  WB  WC  UC- WT  
[STDERR  ] 2017-07-13T14:58:35.803187109Z: [    0.000000] found SMP MP-table at [mem 0x000f6aa0-0x000f6aaf] mapped at [ffff8fa6000f6aa0]
[STDERR  ] 2017-07-13T14:58:35.803196899Z: [    0.000000] RAMDISK: [mem 0x3d0c1000-0x3ffcffff]
[STDERR  ] 2017-07-13T14:58:35.803207453Z: [    0.000000] ACPI: Early table checksum verification disabled
[STDERR  ] 2017-07-13T14:58:35.803217355Z: [    0.000000] ACPI: RSDP 0x00000000000F68C0 000014 (v00 BOCHS )
[STDERR  ] 2017-07-13T14:58:35.803226522Z: [    0.000000] ACPI: RSDT 0x000000003FFE2404 000034 (v01 BOCHS  BXPCRSDT 00000001 BXPC 00000001)
[STDERR  ] 2017-07-13T14:58:35.803231225Z: [    0.000000] ACPI: FACP 0x000000003FFE22A4 000074 (v01 BOCHS  BXPCFACP 00000001 BXPC 00000001)
[STDERR  ] 2017-07-13T14:58:35.803240615Z: [    0.000000] ACPI: DSDT 0x000000003FFE0040 002264 (v01 BOCHS  BXPCDSDT 00000001 BXPC 00000001)
[STDERR  ] 2017-07-13T14:58:35.803255316Z: [    0.000000] ACPI: FACS 0x000000003FFE0000 000040
[STDERR  ] 2017-07-13T14:58:35.803264995Z: [    0.000000] ACPI: APIC 0x000000003FFE2318 000078 (v01 BOCHS  BXPCAPIC 00000001 BXPC 00000001)
[STDERR  ] 2017-07-13T14:58:35.80326994Z: [    0.000000] ACPI: HPET 0x000000003FFE2390 000038 (v01 BOCHS  BXPCHPET 00000001 BXPC 00000001)
[STDERR  ] 2017-07-13T14:58:35.80328707Z: [    0.000000] ACPI: MCFG 0x000000003FFE23C8 00003C (v01 BOCHS  BXPCMCFG 00000001 BXPC 00000001)
[STDERR  ] 2017-07-13T14:58:35.803302313Z: [    0.000000] Zone ranges:
[STDERR  ] 2017-07-13T14:58:35.80331387Z: [    0.000000]   DMA      [mem 0x0000000000001000-0x0000000000ffffff]
[STDERR  ] 2017-07-13T14:58:35.80332333Z: [    0.000000]   DMA32    [mem 0x0000000001000000-0x000000003ffdefff]
[STDERR  ] 2017-07-13T14:58:35.803333545Z: [    0.000000]   Normal   empty
[STDERR  ] 2017-07-13T14:58:35.803338893Z: [    0.000000] Movable zone start for each node
[STDERR  ] 2017-07-13T14:58:35.803348796Z: [    0.000000] Early memory node ranges
[STDERR  ] 2017-07-13T14:58:35.803372288Z: [    0.000000]   node   0: [mem 0x0000000000001000-0x000000000009efff]
[STDERR  ] 2017-07-13T14:58:35.803384078Z: [    0.000000]   node   0: [mem 0x0000000000100000-0x000000003ffdefff]
[STDERR  ] 2017-07-13T14:58:35.803389322Z: [    0.000000] Initmem setup node 0 [mem 0x0000000000001000-0x000000003ffdefff]
[STDERR  ] 2017-07-13T14:58:35.803398749Z: [    0.000000] ACPI: PM-Timer IO Port: 0x608
[STDERR  ] 2017-07-13T14:58:35.803413252Z: [    0.000000] ACPI: LAPIC_NMI (acpi_id[0xff] dfl dfl lint[0x1])
[STDERR  ] 2017-07-13T14:58:35.803424649Z: [    0.000000] IOAPIC[0]: apic_id 0, version 32, address 0xfec00000, GSI 0-23
[STDERR  ] 2017-07-13T14:58:35.803437215Z: [    0.000000] ACPI: INT_SRC_OVR (bus 0 bus_irq 0 global_irq 2 dfl dfl)
[STDERR  ] 2017-07-13T14:58:35.803446785Z: [    0.000000] ACPI: INT_SRC_OVR (bus 0 bus_irq 5 global_irq 5 high level)
[STDERR  ] 2017-07-13T14:58:35.80345678Z: [    0.000000] ACPI: INT_SRC_OVR (bus 0 bus_irq 9 global_irq 9 high level)
[STDERR  ] 2017-07-13T14:58:35.803467425Z: [    0.000000] ACPI: INT_SRC_OVR (bus 0 bus_irq 10 global_irq 10 high level)
[STDERR  ] 2017-07-13T14:58:35.803477462Z: [    0.000000] ACPI: INT_SRC_OVR (bus 0 bus_irq 11 global_irq 11 high level)
[STDERR  ] 2017-07-13T14:58:35.803487182Z: [    0.000000] Using ACPI (MADT) for SMP configuration information
[STDERR  ] 2017-07-13T14:58:35.803497079Z: [    0.000000] ACPI: HPET id: 0x8086a201 base: 0xfed00000
[STDERR  ] 2017-07-13T14:58:35.803506412Z: [    0.000000] smpboot: Allowing 1 CPUs, 0 hotplug CPUs
[STDERR  ] 2017-07-13T14:58:35.803516763Z: [    0.000000] e820: [mem 0x40000000-0xafffffff] available for PCI devices
[STDERR  ] 2017-07-13T14:58:35.803525879Z: [    0.000000] Booting paravirtualized kernel on bare hardware
[STDERR  ] 2017-07-13T14:58:35.803542476Z: [    0.000000] clocksource: refined-jiffies: mask: 0xffffffff max_cycles: 0xffffffff, max_idle_ns: 19112604462750000 ns
[STDERR  ] 2017-07-13T14:58:35.803547936Z: [    0.000000] setup_percpu: NR_CPUS:128 nr_cpumask_bits:128 nr_cpu_ids:1 nr_node_ids:1
[STDERR  ] 2017-07-13T14:58:35.803562289Z: [    0.000000] percpu: Embedded 35 pages/cpu @ffff8fa63ce00000 s105176 r8192 d29992 u2097152
[STDERR  ] 2017-07-13T14:58:35.803571862Z: [    0.000000] Built 1 zonelists in Zone order, mobility grouping on.  Total pages: 257896
[STDERR  ] 2017-07-13T14:58:35.803576575Z: [    0.000000] Kernel command line: console=ttyS0 page_poison=1
[STDERR  ] 2017-07-13T14:58:35.803595995Z: [    0.000000] PID hash table entries: 4096 (order: 3, 32768 bytes)
[STDERR  ] 2017-07-13T14:58:35.803605799Z: [    0.000000] Dentry cache hash table entries: 131072 (order: 8, 1048576 bytes)
[STDERR  ] 2017-07-13T14:58:35.803614694Z: [    0.000000] Inode-cache hash table entries: 65536 (order: 7, 524288 bytes)
[STDERR  ] 2017-07-13T14:58:35.803619864Z: [    0.000000] Memory: 965984K/1048052K available (8026K kernel code, 1366K rwdata, 2696K rodata, 1380K init, 568K bss, 82068K reserved, 0K cma-reserved)
[STDERR  ] 2017-07-13T14:58:35.803632899Z: [    0.000000] Hierarchical RCU implementation.
[STDERR  ] 2017-07-13T14:58:35.803648124Z: [    0.000000] 	Build-time adjustment of leaf fanout to 64.
[STDERR  ] 2017-07-13T14:58:35.803663359Z: [    0.000000] 	RCU restricting CPUs from NR_CPUS=128 to nr_cpu_ids=1.
[STDERR  ] 2017-07-13T14:58:35.803673759Z: [    0.000000] RCU: Adjusting geometry for rcu_fanout_leaf=64, nr_cpu_ids=1
[STDERR  ] 2017-07-13T14:58:35.803683008Z: [    0.000000] NR_IRQS:8448 nr_irqs:256 16
[STDERR  ] 2017-07-13T14:58:35.803693729Z: [    0.000000] Console: colour VGA+ 80x25
[STDERR  ] 2017-07-13T14:58:35.803721014Z: [    0.000000] console [ttyS0] enabled
[STDERR  ] 2017-07-13T14:58:35.803730764Z: [    0.000000] allocated 2097152 bytes of page_ext
[STDERR  ] 2017-07-13T14:58:35.803741472Z: [    0.000000] clocksource: hpet: mask: 0xffffffff max_cycles: 0xffffffff, max_idle_ns: 19112604467 ns
[STDERR  ] 2017-07-13T14:58:35.803747378Z: [    0.000000] tsc: Fast TSC calibration using PIT
[STDERR  ] 2017-07-13T14:58:35.803762152Z: [    0.000000] tsc: Detected 2600.002 MHz processor
[STDERR  ] 2017-07-13T14:58:35.803766575Z: [    0.022263] Calibrating delay loop (skipped), value calculated using timer frequency.. 5200.00 BogoMIPS (lpj=26000020)
[STDERR  ] 2017-07-13T14:58:35.803787725Z: [    0.031219] pid_max: default: 32768 minimum: 301
[STDERR  ] 2017-07-13T14:58:35.803796878Z: [    0.032349] ACPI: Core revision 20160831
[STDERR  ] 2017-07-13T14:58:35.803802111Z: [    0.074507] ACPI: 1 ACPI AML tables successfully acquired and loaded
[STDERR  ] 2017-07-13T14:58:35.803823869Z: [    0.079448] Security Framework initialized
[STDERR  ] 2017-07-13T14:58:35.803836031Z: [    0.080049] Yama: becoming mindful.
[STDERR  ] 2017-07-13T14:58:35.803840675Z: [    0.083179] Mount-cache hash table entries: 2048 (order: 2, 16384 bytes)
[STDERR  ] 2017-07-13T14:58:35.803854285Z: [    0.084180] Mountpoint-cache hash table entries: 2048 (order: 2, 16384 bytes)
[STDERR  ] 2017-07-13T14:58:35.803858872Z: [    0.104049] Last level iTLB entries: 4KB 0, 2MB 0, 4MB 0
[STDERR  ] 2017-07-13T14:58:35.803867548Z: [    0.104554] Last level dTLB entries: 4KB 0, 2MB 0, 4MB 0, 1GB 0
[STDERR  ] 2017-07-13T14:58:35.803881018Z: [    0.401203] Freeing SMP alternatives memory: 20K (ffffffff8feb0000 - ffffffff8feb5000)
[STDERR  ] 2017-07-13T14:58:35.803890231Z: [    0.411802] ftrace: allocating 35489 entries in 139 pages
[STDOUT  ] 2017-07-13T14:58:35.803896811Z: [    0.000000] Linux version 4.9.36-linuxkit (root@e1ede117fb1e) (gcc version 6.3.0 (Alpine 6.3.0) ) #1 SMP Wed Jul 12 17:30:01 UTC 2017
[STDERR  ] 2017-07-13T14:58:35.803899835Z: [    0.572233] smpboot: Max logical packages: 1
[STDERR  ] 2017-07-13T14:58:35.803909312Z: [    0.579456] ..TIMER: vector=0x30 apic1=0 pin1=2 apic2=-1 pin2=-1
[STDOUT  ] 2017-07-13T14:58:35.803910824Z: [    0.000000] Command line: console=ttyS0 page_poison=1
[STDERR  ] 2017-07-13T14:58:35.803920904Z: [    0.680000] smpboot: CPU0: AMD QEMU Virtual CPU version 2.5+ (family: 0x6, model: 0x6, stepping: 0x3)
[STDERR  ] 2017-07-13T14:58:35.803927709Z: [    0.680000] Performance Events: PMU not available due to virtualization, using software events only.
[STDOUT  ] 2017-07-13T14:58:35.803930642Z: [    0.000000] x86/fpu: Legacy x87 FPU detected.
[STDERR  ] 2017-07-13T14:58:35.803937719Z: [    0.689167] NMI watchdog: disabled (cpu0): hardware events not enabled
[STDOUT  ] 2017-07-13T14:58:35.803940511Z: [    0.000000] x86/fpu: Using 'eager' FPU context switches.
[STDOUT  ] 2017-07-13T14:58:35.803950407Z: [    0.000000] e820: BIOS-provided physical RAM map:
[STDERR  ] 2017-07-13T14:58:35.803951902Z: [    0.689669] NMI watchdog: Shutting down hard lockup detector on all cpus
[STDERR  ] 2017-07-13T14:58:35.803957042Z: [    0.693705] x86: Booted up 1 node, 1 CPUs
[STDOUT  ] 2017-07-13T14:58:35.803965891Z: [    0.000000] BIOS-e820: [mem 0x0000000000000000-0x000000000009fbff] usable
[STDERR  ] 2017-07-13T14:58:35.803967607Z: [    0.694094] smpboot: Total of 1 processors activated (5200.00 BogoMIPS)
[STDOUT  ] 2017-07-13T14:58:35.803975502Z: [    0.000000] BIOS-e820: [mem 0x000000000009fc00-0x000000000009ffff] reserved
[STDERR  ] 2017-07-13T14:58:35.803983327Z: [    0.708460] devtmpfs: initialized
[STDOUT  ] 2017-07-13T14:58:35.803984854Z: [    0.000000] BIOS-e820: [mem 0x00000000000f0000-0x00000000000fffff] reserved
[STDERR  ] 2017-07-13T14:58:35.803998654Z: [    0.715433] x86/mm: Memory block size: 128MB
[STDOUT  ] 2017-07-13T14:58:35.803999978Z: [    0.000000] BIOS-e820: [mem 0x0000000000100000-0x000000003ffdefff] usable
[STDERR  ] 2017-07-13T14:58:35.804004448Z: [    0.781493] clocksource: jiffies: mask: 0xffffffff max_cycles: 0xffffffff, max_idle_ns: 19112604462750000 ns
[STDOUT  ] 2017-07-13T14:58:35.804009762Z: [    0.000000] BIOS-e820: [mem 0x000000003ffdf000-0x000000003fffffff] reserved
[STDOUT  ] 2017-07-13T14:58:35.804019154Z: [    0.000000] BIOS-e820: [mem 0x00000000b0000000-0x00000000bfffffff] reserved
[STDERR  ] 2017-07-13T14:58:35.804020579Z: [    0.782494] futex hash table entries: 256 (order: 2, 16384 bytes)
[STDERR  ] 2017-07-13T14:58:35.804025388Z: [    0.791701] NET: Registered protocol family 16
[STDOUT  ] 2017-07-13T14:58:35.804028498Z: [    0.000000] BIOS-e820: [mem 0x00000000fed1c000-0x00000000fed1ffff] reserved
[STDOUT  ] 2017-07-13T14:58:35.804037835Z: [    0.000000] BIOS-e820: [mem 0x00000000fffc0000-0x00000000ffffffff] reserved
[STDERR  ] 2017-07-13T14:58:35.804039815Z: [    0.801386] cpuidle: using governor ladder
[STDOUT  ] 2017-07-13T14:58:35.804059174Z: [    0.000000] NX (Execute Disable) protection: active
[STDERR  ] 2017-07-13T14:58:35.804060548Z: [    0.801886] cpuidle: using governor menu
[STDERR  ] 2017-07-13T14:58:35.804065732Z: [    0.803158] ACPI: bus type PCI registered
[STDOUT  ] 2017-07-13T14:58:35.804069082Z: [    0.000000] SMBIOS 2.8 present.
[STDOUT  ] 2017-07-13T14:58:35.804073978Z: [    0.000000] e820: last_pfn = 0x3ffdf max_arch_pfn = 0x400000000
[STDERR  ] 2017-07-13T14:58:35.804077019Z: [    0.805943] PCI: MMCONFIG for domain 0000 [bus 00-ff] at [mem 0xb0000000-0xbfffffff] (base 0xb0000000)
[STDOUT  ] 2017-07-13T14:58:35.804088417Z: [    0.000000] x86/PAT: Configuration [0-7]: WB  WC  UC- UC  WB  WC  UC- WT  
[STDERR  ] 2017-07-13T14:58:35.804092032Z: [    0.806753] PCI: MMCONFIG at [mem 0xb0000000-0xbfffffff] reserved in E820
[STDERR  ] 2017-07-13T14:58:35.804097062Z: [    0.808115] PCI: Using configuration type 1 for base access
[STDOUT  ] 2017-07-13T14:58:35.804097537Z: [    0.000000] found SMP MP-table at [mem 0x000f6aa0-0x000f6aaf] mapped at [ffff8fa6000f6aa0]
[STDOUT  ] 2017-07-13T14:58:35.804107891Z: [    0.000000] RAMDISK: [mem 0x3d0c1000-0x3ffcffff]
[STDERR  ] 2017-07-13T14:58:35.804110952Z: [    0.863571] HugeTLB registered 2 MB page size, pre-allocated 0 pages
[STDOUT  ] 2017-07-13T14:58:35.804117661Z: [    0.000000] ACPI: Early table checksum verification disabled
[STDERR  ] 2017-07-13T14:58:35.804120561Z: [    0.877870] ACPI: Added _OSI(Module Device)
[STDOUT  ] 2017-07-13T14:58:35.804123759Z: [    0.000000] ACPI: RSDP 0x00000000000F68C0 000014 (v00 BOCHS )
[STDERR  ] 2017-07-13T14:58:35.804134944Z: [    0.878257] ACPI: Added _OSI(Processor Device)
[STDOUT  ] 2017-07-13T14:58:35.804141026Z: [    0.000000] ACPI: RSDT 0x000000003FFE2404 000034 (v01 BOCHS  BXPCRSDT 00000001 BXPC 00000001)
[STDERR  ] 2017-07-13T14:58:35.804145946Z: [    0.878583] ACPI: Added _OSI(3.0 _SCP Extensions)
[STDOUT  ] 2017-07-13T14:58:35.804150416Z: [    0.000000] ACPI: FACP 0x000000003FFE22A4 000074 (v01 BOCHS  BXPCFACP 00000001 BXPC 00000001)
[STDERR  ] 2017-07-13T14:58:35.804151134Z: [    0.878935] ACPI: Added _OSI(Processor Aggregator Device)
[STDOUT  ] 2017-07-13T14:58:35.804159873Z: [    0.000000] ACPI: DSDT 0x000000003FFE0040 002264 (v01 BOCHS  BXPCDSDT 00000001 BXPC 00000001)
[STDOUT  ] 2017-07-13T14:58:35.80416471Z: [    0.000000] ACPI: FACS 0x000000003FFE0000 000040
[STDERR  ] 2017-07-13T14:58:35.804166558Z: [    0.948737] ACPI: Interpreter enabled
[STDERR  ] 2017-07-13T14:58:35.80417604Z: [    0.950695] ACPI: (supports S0 S5)
[STDOUT  ] 2017-07-13T14:58:35.804178794Z: [    0.000000] ACPI: APIC 0x000000003FFE2318 000078 (v01 BOCHS  BXPCAPIC 00000001 BXPC 00000001)
[STDERR  ] 2017-07-13T14:58:35.804184318Z: [    0.951083] ACPI: Using IOAPIC for interrupt routing
[STDOUT  ] 2017-07-13T14:58:35.804190068Z: [    0.000000] ACPI: HPET 0x000000003FFE2390 000038 (v01 BOCHS  BXPCHPET 00000001 BXPC 00000001)
[STDERR  ] 2017-07-13T14:58:35.80419826Z: [    0.953919] PCI: Using host bridge windows from ACPI; if necessary, use "pci=nocrs" and report a bug
[STDOUT  ] 2017-07-13T14:58:35.804194877Z: [    0.000000] ACPI: MCFG 0x000000003FFE23C8 00003C (v01 BOCHS  BXPCMCFG 00000001 BXPC 00000001)
[STDERR  ] 2017-07-13T14:58:35.804216356Z: [    1.016526] ACPI: PCI Root Bridge [PCI0] (domain 0000 [bus 00-ff])
[STDOUT  ] 2017-07-13T14:58:35.804218541Z: [    0.000000] Zone ranges:
[STDERR  ] 2017-07-13T14:58:35.80422563Z: [    1.017760] acpi PNP0A08:00: _OSC: OS supports [ExtendedConfig ASPM ClockPM Segments MSI]
[STDOUT  ] 2017-07-13T14:58:35.804228123Z: [    0.000000]   DMA      [mem 0x0000000000001000-0x0000000000ffffff]
[STDERR  ] 2017-07-13T14:58:35.80423508Z: [    1.024387] acpi PNP0A08:00: _OSC: OS now controls [PCIeHotplug PME PCIeCapability]
[STDOUT  ] 2017-07-13T14:58:35.804237957Z: [    0.000000]   DMA32    [mem 0x0000000001000000-0x000000003ffdefff]
[STDERR  ] 2017-07-13T14:58:35.804240038Z: [    1.028043] PCI host bridge to bus 0000:00
[STDOUT  ] 2017-07-13T14:58:35.804247313Z: [    0.000000]   Normal   empty
[STDERR  ] 2017-07-13T14:58:35.804249274Z: [    1.028612] pci_bus 0000:00: root bus resource [io  0x0000-0x0cf7 window]
[STDOUT  ] 2017-07-13T14:58:35.80425341Z: [    0.000000] Movable zone start for each node
[STDERR  ] 2017-07-13T14:58:35.804264446Z: [    1.029114] pci_bus 0000:00: root bus resource [io  0x0d00-0xffff window]
[STDOUT  ] 2017-07-13T14:58:35.804267913Z: [    0.000000] Early memory node ranges
[STDOUT  ] 2017-07-13T14:58:35.804272731Z: [    0.000000]   node   0: [mem 0x0000000000001000-0x000000000009efff]
[STDERR  ] 2017-07-13T14:58:35.804273616Z: [    1.029608] pci_bus 0000:00: root bus resource [mem 0x000a0000-0x000bffff window]
[STDERR  ] 2017-07-13T14:58:35.804283664Z: [    1.030107] pci_bus 0000:00: root bus resource [mem 0xc0000000-0xfebfffff window]
[STDOUT  ] 2017-07-13T14:58:35.804286753Z: [    0.000000]   node   0: [mem 0x0000000000100000-0x000000003ffdefff]
[STDERR  ] 2017-07-13T14:58:35.804288627Z: [    1.030775] pci_bus 0000:00: root bus resource [bus 00-ff]
[STDOUT  ] 2017-07-13T14:58:35.804296204Z: [    0.000000] Initmem setup node 0 [mem 0x0000000000001000-0x000000003ffdefff]
[STDERR  ] 2017-07-13T14:58:35.804302611Z: [    1.117702] pci 0000:00:1f.0: quirk: [io  0x0600-0x067f] claimed by ICH6 ACPI/GPIO/TCO
[STDOUT  ] 2017-07-13T14:58:35.804305531Z: [    0.000000] ACPI: PM-Timer IO Port: 0x608
[STDERR  ] 2017-07-13T14:58:35.804307368Z: [    1.175325] ACPI: PCI Interrupt Link [LNKA] (IRQs 5 *10 11)
[STDOUT  ] 2017-07-13T14:58:35.804314961Z: [    0.000000] ACPI: LAPIC_NMI (acpi_id[0xff] dfl dfl lint[0x1])
[STDOUT  ] 2017-07-13T14:58:35.804324496Z: [    0.000000] IOAPIC[0]: apic_id 0, version 32, address 0xfec00000, GSI 0-23
[STDERR  ] 2017-07-13T14:58:35.804325967Z: [    1.178243] ACPI: PCI Interrupt Link [LNKB] (IRQs 5 *10 11)
[STDOUT  ] 2017-07-13T14:58:35.80433332Z: [    0.000000] ACPI: INT_SRC_OVR (bus 0 bus_irq 0 global_irq 2 dfl dfl)
[STDERR  ] 2017-07-13T14:58:35.804337687Z: [    1.181238] ACPI: PCI Interrupt Link [LNKC] (IRQs 5 10 *11)
[STDERR  ] 2017-07-13T14:58:35.804343028Z: [    1.183056] ACPI: PCI Interrupt Link [LNKD] (IRQs 5 10 *11)
[STDOUT  ] 2017-07-13T14:58:35.804342386Z: [    0.000000] ACPI: INT_SRC_OVR (bus 0 bus_irq 5 global_irq 5 high level)
[STDOUT  ] 2017-07-13T14:58:35.804356326Z: [    0.000000] ACPI: INT_SRC_OVR (bus 0 bus_irq 9 global_irq 9 high level)
[STDERR  ] 2017-07-13T14:58:35.804357776Z: [    1.184923] ACPI: PCI Interrupt Link [LNKE] (IRQs 5 *10 11)
[STDOUT  ] 2017-07-13T14:58:35.804365673Z: [    0.000000] ACPI: INT_SRC_OVR (bus 0 bus_irq 10 global_irq 10 high level)
[STDERR  ] 2017-07-13T14:58:35.804367126Z: [    1.186754] ACPI: PCI Interrupt Link [LNKF] (IRQs 5 *10 11)
[STDOUT  ] 2017-07-13T14:58:35.804374916Z: [    0.000000] ACPI: INT_SRC_OVR (bus 0 bus_irq 11 global_irq 11 high level)
[STDERR  ] 2017-07-13T14:58:35.804374823Z: [    1.188543] ACPI: PCI Interrupt Link [LNKG] (IRQs 5 10 *11)
[STDOUT  ] 2017-07-13T14:58:35.804383987Z: [    0.000000] Using ACPI (MADT) for SMP configuration information
[STDOUT  ] 2017-07-13T14:58:35.80439369Z: [    0.000000] ACPI: HPET id: 0x8086a201 base: 0xfed00000
[STDERR  ] 2017-07-13T14:58:35.804395293Z: [    1.190493] ACPI: PCI Interrupt Link [LNKH] (IRQs 5 10 *11)
[STDOUT  ] 2017-07-13T14:58:35.804403487Z: [    0.000000] smpboot: Allowing 1 CPUs, 0 hotplug CPUs
[STDERR  ] 2017-07-13T14:58:35.804404917Z: [    1.191505] ACPI: PCI Interrupt Link [GSIA] (IRQs *16)
[STDOUT  ] 2017-07-13T14:58:35.804408526Z: [    0.000000] e820: [mem 0x40000000-0xafffffff] available for PCI devices
[STDERR  ] 2017-07-13T14:58:35.804414326Z: [    1.192255] ACPI: PCI Interrupt Link [GSIB] (IRQs *17)
[STDOUT  ] 2017-07-13T14:58:35.804422727Z: [    0.000000] Booting paravirtualized kernel on bare hardware
[STDERR  ] 2017-07-13T14:58:35.804424187Z: [    1.193052] ACPI: PCI Interrupt Link [GSIC] (IRQs *18)
[STDOUT  ] 2017-07-13T14:58:35.804427357Z: [    0.000000] clocksource: refined-jiffies: mask: 0xffffffff max_cycles: 0xffffffff, max_idle_ns: 19112604462750000 ns
[STDERR  ] 2017-07-13T14:58:35.804435076Z: [    1.193820] ACPI: PCI Interrupt Link [GSID] (IRQs *19)
[STDERR  ] 2017-07-13T14:58:35.804444413Z: [    1.194590] ACPI: PCI Interrupt Link [GSIE] (IRQs *20)
[STDOUT  ] 2017-07-13T14:58:35.804447493Z: [    0.000000] setup_percpu: NR_CPUS:128 nr_cpumask_bits:128 nr_cpu_ids:1 nr_node_ids:1
[STDOUT  ] 2017-07-13T14:58:35.804452603Z: [    0.000000] percpu: Embedded 35 pages/cpu @ffff8fa63ce00000 s105176 r8192 d29992 u2097152
[STDERR  ] 2017-07-13T14:58:35.804453343Z: [    1.195327] ACPI: PCI Interrupt Link [GSIF] (IRQs *21)
[STDERR  ] 2017-07-13T14:58:35.804459037Z: [    1.196087] ACPI: PCI Interrupt Link [GSIG] (IRQs *22)
[STDOUT  ] 2017-07-13T14:58:35.804466581Z: [    0.000000] Built 1 zonelists in Zone order, mobility grouping on.  Total pages: 257896
[STDERR  ] 2017-07-13T14:58:35.804468303Z: [    1.196852] ACPI: PCI Interrupt Link [GSIH] (IRQs *23)
[STDOUT  ] 2017-07-13T14:58:35.80447609Z: [    0.000000] Kernel command line: console=ttyS0 page_poison=1
[STDERR  ] 2017-07-13T14:58:35.804482307Z: [    1.200796] ACPI: Enabled 2 GPEs in block 00 to 3F
[STDOUT  ] 2017-07-13T14:58:35.804482724Z: [    0.000000] PID hash table entries: 4096 (order: 3, 32768 bytes)
[STDERR  ] 2017-07-13T14:58:35.804491754Z: [    1.205022] SCSI subsystem initialized
[STDOUT  ] 2017-07-13T14:58:35.804498183Z: [    0.000000] Dentry cache hash table entries: 131072 (order: 8, 1048576 bytes)
[STDERR  ] 2017-07-13T14:58:35.804501213Z: [    1.206892] ACPI: bus type USB registered
[STDOUT  ] 2017-07-13T14:58:35.804503047Z: [    0.000000] Inode-cache hash table entries: 65536 (order: 7, 524288 bytes)
[STDERR  ] 2017-07-13T14:58:35.804514713Z: [    1.208062] usbcore: registered new interface driver usbfs
[STDERR  ] 2017-07-13T14:58:35.804524701Z: [    1.209116] usbcore: registered new interface driver hub
[STDOUT  ] 2017-07-13T14:58:35.80451849Z: [    0.000000] Memory: 965984K/1048052K available (8026K kernel code, 1366K rwdata, 2696K rodata, 1380K init, 568K bss, 82068K reserved, 0K cma-reserved)
[STDERR  ] 2017-07-13T14:58:35.80453687Z: [    1.210118] usbcore: registered new device driver usb
[STDOUT  ] 2017-07-13T14:58:35.804543254Z: [    0.000000] Hierarchical RCU implementation.
[STDERR  ] 2017-07-13T14:58:35.804551484Z: [    1.211678] pps_core: LinuxPPS API ver. 1 registered
[STDOUT  ] 2017-07-13T14:58:35.80455385Z: [    0.000000] 	Build-time adjustment of leaf fanout to 64.
[STDERR  ] 2017-07-13T14:58:35.804563188Z: [    1.211986] pps_core: Software ver. 5.3.6 - Copyright 2005-2007 Rodolfo Giometti <giometti@linux.it>
[STDOUT  ] 2017-07-13T14:58:35.804568896Z: [    0.000000] 	RCU restricting CPUs from NR_CPUS=128 to nr_cpu_ids=1.
[STDERR  ] 2017-07-13T14:58:35.804572874Z: [    1.212785] PTP clock support registered
[STDOUT  ] 2017-07-13T14:58:35.804578067Z: [    0.000000] RCU: Adjusting geometry for rcu_fanout_leaf=64, nr_cpu_ids=1
[STDERR  ] 2017-07-13T14:58:35.804582416Z: [    1.214026] wmi: Mapper loaded
[STDOUT  ] 2017-07-13T14:58:35.80459332Z: [    0.000000] NR_IRQS:8448 nr_irqs:256 16
[STDERR  ] 2017-07-13T14:58:35.804594917Z: [    1.215244] PCI: Using ACPI for IRQ routing
[STDOUT  ] 2017-07-13T14:58:35.804603223Z: [    0.000000] Console: colour VGA+ 80x25
[STDERR  ] 2017-07-13T14:58:35.80460473Z: [    1.233603] NetLabel: Initializing
[STDERR  ] 2017-07-13T14:58:35.80460993Z: [    1.233864] NetLabel:  domain hash size = 128
[STDOUT  ] 2017-07-13T14:58:35.804612843Z: [    0.000000] console [ttyS0] enabled
[STDOUT  ] 2017-07-13T14:58:35.804617537Z: [    0.000000] allocated 2097152 bytes of page_ext
[STDERR  ] 2017-07-13T14:58:35.804625773Z: [    1.234206] NetLabel:  protocols = UNLABELED CIPSOv4
[STDOUT  ] 2017-07-13T14:58:35.80462736Z: [    0.000000] clocksource: hpet: mask: 0xffffffff max_cycles: 0xffffffff, max_idle_ns: 19112604467 ns
[STDERR  ] 2017-07-13T14:58:35.804635456Z: [    1.236969] NetLabel:  unlabeled traffic allowed by default
[STDOUT  ] 2017-07-13T14:58:35.804641718Z: [    0.000000] tsc: Fast TSC calibration using PIT
[STDERR  ] 2017-07-13T14:58:35.804645047Z: [    1.238308] HPET: 3 timers in total, 0 timers will be used for per-cpu timer
[STDOUT  ] 2017-07-13T14:58:35.804646891Z: [    0.000000] tsc: Detected 2600.002 MHz processor
[STDERR  ] 2017-07-13T14:58:35.804654183Z: [    1.239101] hpet0: at MMIO 0xfed00000, IRQs 2, 8, 0
[STDOUT  ] 2017-07-13T14:58:35.804656659Z: [    0.022263] Calibrating delay loop (skipped), value calculated using timer frequency.. 5200.00 BogoMIPS (lpj=26000020)
[STDERR  ] 2017-07-13T14:58:35.804664873Z: [    1.239686] hpet0: 3 comparators, 64-bit 100.000000 MHz counter
[STDERR  ] 2017-07-13T14:58:35.804669857Z: [    1.247883] clocksource: Switched to clocksource hpet
[STDOUT  ] 2017-07-13T14:58:35.804671276Z: [    0.031219] pid_max: default: 32768 minimum: 301
[STDOUT  ] 2017-07-13T14:58:35.804680637Z: [    0.032349] ACPI: Core revision 20160831
[STDERR  ] 2017-07-13T14:58:35.80468388Z: [    1.492058] VFS: Disk quotas dquot_6.6.0
[STDERR  ] 2017-07-13T14:58:35.80468898Z: [    1.492972] VFS: Dquot-cache hash table entries: 512 (order 0, 4096 bytes)
[STDOUT  ] 2017-07-13T14:58:35.804689773Z: [    0.074507] ACPI: 1 ACPI AML tables successfully acquired and loaded
[STDOUT  ] 2017-07-13T14:58:35.804695733Z: [    0.079448] Security Framework initialized
[STDOUT  ] 2017-07-13T14:58:35.804704407Z: [    0.080049] Yama: becoming mindful.
[STDERR  ] 2017-07-13T14:58:35.804705843Z: [    1.499252] FS-Cache: Loaded
[STDOUT  ] 2017-07-13T14:58:35.804719512Z: [    0.083179] Mount-cache hash table entries: 2048 (order: 2, 16384 bytes)
[STDERR  ] 2017-07-13T14:58:35.804720993Z: [    1.504316] CacheFiles: Loaded
[STDOUT  ] 2017-07-13T14:58:35.804728966Z: [    0.084180] Mountpoint-cache hash table entries: 2048 (order: 2, 16384 bytes)
[STDERR  ] 2017-07-13T14:58:35.804734503Z: [    1.505970] pnp: PnP ACPI init
[STDOUT  ] 2017-07-13T14:58:35.804738652Z: [    0.104049] Last level iTLB entries: 4KB 0, 2MB 0, 4MB 0
[STDERR  ] 2017-07-13T14:58:35.804743917Z: [    1.517078] pnp: PnP ACPI: found 5 devices
[STDOUT  ] 2017-07-13T14:58:35.804748109Z: [    0.104554] Last level dTLB entries: 4KB 0, 2MB 0, 4MB 0, 1GB 0
[STDOUT  ] 2017-07-13T14:58:35.80475741Z: [    0.401203] Freeing SMP alternatives memory: 20K (ffffffff8feb0000 - ffffffff8feb5000)
[STDERR  ] 2017-07-13T14:58:35.804759353Z: [    1.565720] clocksource: acpi_pm: mask: 0xffffff max_cycles: 0xffffff, max_idle_ns: 2085701024 ns
[STDOUT  ] 2017-07-13T14:58:35.80476706Z: [    0.411802] ftrace: allocating 35489 entries in 139 pages
[STDERR  ] 2017-07-13T14:58:35.80476878Z: [    1.570626] NET: Registered protocol family 2
[STDOUT  ] 2017-07-13T14:58:35.804779543Z: [    0.572233] smpboot: Max logical packages: 1
[STDERR  ] 2017-07-13T14:58:35.804781005Z: [    1.577583] TCP established hash table entries: 8192 (order: 4, 65536 bytes)
[STDOUT  ] 2017-07-13T14:58:35.804784646Z: [    0.579456] ..TIMER: vector=0x30 apic1=0 pin1=2 apic2=-1 pin2=-1
[STDERR  ] 2017-07-13T14:58:35.804790665Z: [    1.578408] TCP bind hash table entries: 8192 (order: 5, 131072 bytes)
[STDOUT  ] 2017-07-13T14:58:35.804802937Z: [    0.680000] smpboot: CPU0: AMD QEMU Virtual CPU version 2.5+ (family: 0x6, model: 0x6, stepping: 0x3)
[STDERR  ] 2017-07-13T14:58:35.804804743Z: [    1.579137] TCP: Hash tables configured (established 8192 bind 8192)
[STDOUT  ] 2017-07-13T14:58:35.804813203Z: [    0.680000] Performance Events: PMU not available due to virtualization, using software events only.
[STDERR  ] 2017-07-13T14:58:35.804814805Z: [    1.581253] UDP hash table entries: 512 (order: 2, 16384 bytes)
[STDOUT  ] 2017-07-13T14:58:35.804822786Z: [    0.689167] NMI watchdog: disabled (cpu0): hardware events not enabled
[STDERR  ] 2017-07-13T14:58:35.804824355Z: [    1.581900] UDP-Lite hash table entries: 512 (order: 2, 16384 bytes)
[STDOUT  ] 2017-07-13T14:58:35.804827747Z: [    0.689669] NMI watchdog: Shutting down hard lockup detector on all cpus
[STDERR  ] 2017-07-13T14:58:35.80483382Z: [    1.584271] NET: Registered protocol family 1
[STDOUT  ] 2017-07-13T14:58:35.804842085Z: [    0.693705] x86: Booted up 1 node, 1 CPUs
[STDERR  ] 2017-07-13T14:58:35.804844206Z: [    1.585286] pci 0000:00:01.0: Video device with shadowed ROM at [mem 0x000c0000-0x000dffff]
[STDOUT  ] 2017-07-13T14:58:35.804851872Z: [    0.694094] smpboot: Total of 1 processors activated (5200.00 BogoMIPS)
[STDERR  ] 2017-07-13T14:58:35.80485347Z: [    1.593499] Unpacking initramfs...
[STDOUT  ] 2017-07-13T14:58:35.804861327Z: [    0.708460] devtmpfs: initialized
[STDERR  ] 2017-07-13T14:58:35.804862856Z: [    7.716807] Freeing initrd memory: 48188K (ffff8fa63d0c1000 - ffff8fa63ffd0000)
[STDOUT  ] 2017-07-13T14:58:35.804871042Z: [    0.715433] x86/mm: Memory block size: 128MB
[STDERR  ] 2017-07-13T14:58:35.8048725Z: [    7.742113] PCLMULQDQ-NI instructions are not detected.
[STDOUT  ] 2017-07-13T14:58:35.804880829Z: [    0.781493] clocksource: jiffies: mask: 0xffffffff max_cycles: 0xffffffff, max_idle_ns: 19112604462750000 ns
[STDERR  ] 2017-07-13T14:58:35.804882266Z: [    7.743689] AVX or AES-NI instructions are not detected.
[STDOUT  ] 2017-07-13T14:58:35.804890249Z: [    0.782494] futex hash table entries: 256 (order: 2, 16384 bytes)
[STDERR  ] 2017-07-13T14:58:35.80489198Z: [    7.744182] CPU feature 'AVX registers' is not supported.
[STDERR  ] 2017-07-13T14:58:35.804896655Z: [    7.744661] CPU feature 'AVX registers' is not supported.
[STDOUT  ] 2017-07-13T14:58:35.804899699Z: [    0.791701] NET: Registered protocol family 16
[STDOUT  ] 2017-07-13T14:58:35.804909455Z: [    0.801386] cpuidle: using governor ladder
[STDERR  ] 2017-07-13T14:58:35.804910917Z: [    7.745102] CPU feature 'AVX registers' is not supported.
[STDOUT  ] 2017-07-13T14:58:35.804919506Z: [    0.801886] cpuidle: using governor menu
[STDERR  ] 2017-07-13T14:58:35.804924336Z: [    7.745584] CPU feature 'AVX registers' is not supported.
[STDOUT  ] 2017-07-13T14:58:35.804929173Z: [    0.803158] ACPI: bus type PCI registered
[STDERR  ] 2017-07-13T14:58:35.804933409Z: [    7.746028] AVX2 or AES-NI instructions are not detected.
[STDOUT  ] 2017-07-13T14:58:35.804934329Z: [    0.805943] PCI: MMCONFIG for domain 0000 [bus 00-ff] at [mem 0xb0000000-0xbfffffff] (base 0xb0000000)
[STDERR  ] 2017-07-13T14:58:35.804942455Z: [    7.746512] AVX2 instructions are not detected.
[STDERR  ] 2017-07-13T14:58:35.804947062Z: [    7.754525] audit: initializing netlink subsys (disabled)
[STDOUT  ] 2017-07-13T14:58:35.80494876Z: [    0.806753] PCI: MMCONFIG at [mem 0xb0000000-0xbfffffff] reserved in E820
[STDOUT  ] 2017-07-13T14:58:35.804953625Z: [    0.808115] PCI: Using configuration type 1 for base access
[STDERR  ] 2017-07-13T14:58:35.804960925Z: [    7.756202] audit: type=2000 audit(1499957890.750:1): initialized
[STDERR  ] 2017-07-13T14:58:35.804970779Z: [    7.764073] workingset: timestamp_bits=46 max_order=18 bucket_order=0
[STDOUT  ] 2017-07-13T14:58:35.804973065Z: [    0.863571] HugeTLB registered 2 MB page size, pre-allocated 0 pages
[STDERR  ] 2017-07-13T14:58:35.804980277Z: [    7.770900] FS-Cache: Netfs 'cifs' registered for caching
[STDOUT  ] 2017-07-13T14:58:35.804982582Z: [    0.877870] ACPI: Added _OSI(Module Device)
[STDOUT  ] 2017-07-13T14:58:35.804988149Z: [    0.878257] ACPI: Added _OSI(Processor Device)
[STDERR  ] 2017-07-13T14:58:35.804993585Z: [    7.772035] fuse init (API version 7.26)
[STDOUT  ] 2017-07-13T14:58:35.804997787Z: [    0.878583] ACPI: Added _OSI(3.0 _SCP Extensions)
[STDERR  ] 2017-07-13T14:58:35.805002715Z: [    7.776836] SGI XFS with ACLs, security attributes, no debug enabled
[STDERR  ] 2017-07-13T14:58:35.805007299Z: [    7.781042] 9p: Installing v9fs 9p2000 file system support
[STDOUT  ] 2017-07-13T14:58:35.805012207Z: [    0.878935] ACPI: Added _OSI(Processor Aggregator Device)
[STDOUT  ] 2017-07-13T14:58:35.805022843Z: [    0.948737] ACPI: Interpreter enabled
[STDERR  ] 2017-07-13T14:58:35.80502645Z: [    7.781595] FS-Cache: Netfs '9p' registered for caching
[STDOUT  ] 2017-07-13T14:58:35.805032529Z: [    0.950695] ACPI: (supports S0 S5)
[STDERR  ] 2017-07-13T14:58:35.80503562Z: [    7.815056] NET: Registered protocol family 38
[STDOUT  ] 2017-07-13T14:58:35.805041836Z: [    0.951083] ACPI: Using IOAPIC for interrupt routing
[STDERR  ] 2017-07-13T14:58:35.805045807Z: [    7.815630] Key type asymmetric registered
[STDOUT  ] 2017-07-13T14:58:35.805051673Z: [    0.953919] PCI: Using host bridge windows from ACPI; if necessary, use "pci=nocrs" and report a bug
[STDERR  ] 2017-07-13T14:58:35.805054876Z: [    7.815998] Asymmetric key parser 'x509' registered
[STDOUT  ] 2017-07-13T14:58:35.805061466Z: [    1.016526] ACPI: PCI Root Bridge [PCI0] (domain 0000 [bus 00-ff])
[STDERR  ] 2017-07-13T14:58:35.80506389Z: [    7.817117] Block layer SCSI generic (bsg) driver version 0.4 loaded (major 251)
[STDERR  ] 2017-07-13T14:58:35.805068462Z: [    7.818918] io scheduler noop registered
[STDOUT  ] 2017-07-13T14:58:35.805070849Z: [    1.017760] acpi PNP0A08:00: _OSC: OS supports [ExtendedConfig ASPM ClockPM Segments MSI]
[STDOUT  ] 2017-07-13T14:58:35.805080327Z: [    1.024387] acpi PNP0A08:00: _OSC: OS now controls [PCIeHotplug PME PCIeCapability]
[STDERR  ] 2017-07-13T14:58:35.805082077Z: [    7.819266] io scheduler deadline registered (default)
[STDERR  ] 2017-07-13T14:58:35.805086846Z: [    7.820014] io scheduler cfq registered
[STDOUT  ] 2017-07-13T14:58:35.805089726Z: [    1.028043] PCI host bridge to bus 0000:00
[STDOUT  ] 2017-07-13T14:58:35.805099157Z: [    1.028612] pci_bus 0000:00: root bus resource [io  0x0000-0x0cf7 window]
[STDERR  ] 2017-07-13T14:58:35.805100597Z: [    7.823742] pci_hotplug: PCI Hot Plug PCI Core version: 0.5
[STDERR  ] 2017-07-13T14:58:35.805105695Z: [    7.824389] pciehp: PCI Express Hot Plug Controller Driver version: 0.4
[STDOUT  ] 2017-07-13T14:58:35.805110586Z: [    1.029114] pci_bus 0000:00: root bus resource [io  0x0d00-0xffff window]
[STDOUT  ] 2017-07-13T14:58:35.805125139Z: [    1.029608] pci_bus 0000:00: root bus resource [mem 0x000a0000-0x000bffff window]
[STDERR  ] 2017-07-13T14:58:35.805128503Z: [    7.825324] shpchp: Standard Hot Plug PCI Controller Driver version: 0.4
[STDOUT  ] 2017-07-13T14:58:35.805134206Z: [    1.030107] pci_bus 0000:00: root bus resource [mem 0xc0000000-0xfebfffff window]
[STDERR  ] 2017-07-13T14:58:35.805138056Z: [    7.826224] hv_vmbus: registering driver hyperv_fb
[STDOUT  ] 2017-07-13T14:58:35.805139109Z: [    1.030775] pci_bus 0000:00: root bus resource [bus 00-ff]
[STDERR  ] 2017-07-13T14:58:35.805147395Z: [    7.829366] input: Power Button as /devices/LNXSYSTM:00/LNXPWRBN:00/input/input0
[STDOUT  ] 2017-07-13T14:58:35.805150872Z: [    1.117702] pci 0000:00:1f.0: quirk: [io  0x0600-0x067f] claimed by ICH6 ACPI/GPIO/TCO
[STDERR  ] 2017-07-13T14:58:35.805152535Z: [    7.831787] ACPI: Power Button [PWRF]
[STDERR  ] 2017-07-13T14:58:35.805166553Z: [    7.836642] GHES: HEST is not enabled!
[STDOUT  ] 2017-07-13T14:58:35.805168966Z: [    1.175325] ACPI: PCI Interrupt Link [LNKA] (IRQs 5 *10 11)
[STDERR  ] 2017-07-13T14:58:35.805175882Z: [    7.847550] ACPI: PCI Interrupt Link [GSIH] enabled at IRQ 23
[STDOUT  ] 2017-07-13T14:58:35.805178309Z: [    1.178243] ACPI: PCI Interrupt Link [LNKB] (IRQs 5 *10 11)
[STDERR  ] 2017-07-13T14:58:35.805180639Z: [    7.855149] xenfs: not registering filesystem on non-xen platform
[STDOUT  ] 2017-07-13T14:58:35.805192144Z: [    1.181238] ACPI: PCI Interrupt Link [LNKC] (IRQs 5 10 *11)
[STDERR  ] 2017-07-13T14:58:35.805198609Z: [    7.857970] Serial: 8250/16550 driver, 4 ports, IRQ sharing disabled
[STDOUT  ] 2017-07-13T14:58:35.805207585Z: [    1.183056] ACPI: PCI Interrupt Link [LNKD] (IRQs 5 10 *11)
[STDERR  ] 2017-07-13T14:58:35.805209145Z: [    7.882899] 00:04: ttyS0 at I/O 0x3f8 (irq = 4, base_baud = 115200) is a 16550A
[STDOUT  ] 2017-07-13T14:58:35.805217012Z: [    1.184923] ACPI: PCI Interrupt Link [LNKE] (IRQs 5 *10 11)
[STDERR  ] 2017-07-13T14:58:35.805218686Z: [    7.895564] Non-volatile memory driver v1.3
[STDOUT  ] 2017-07-13T14:58:35.805226332Z: [    1.186754] ACPI: PCI Interrupt Link [LNKF] (IRQs 5 *10 11)
[STDOUT  ] 2017-07-13T14:58:35.805231109Z: [    1.188543] ACPI: PCI Interrupt Link [LNKG] (IRQs 5 10 *11)
[STDERR  ] 2017-07-13T14:58:35.805228396Z: [    7.901929] Hangcheck: starting hangcheck timer 0.9.1 (tick is 180 seconds, margin is 60 seconds).
[STDERR  ] 2017-07-13T14:58:35.805243411Z: [    7.940694] loop: module loaded
[STDOUT  ] 2017-07-13T14:58:35.805250484Z: [    1.190493] ACPI: PCI Interrupt Link [LNKH] (IRQs 5 10 *11)
[STDERR  ] 2017-07-13T14:58:35.805253809Z: [    7.957909] nbd: registered device at major 43
[STDERR  ] 2017-07-13T14:58:35.805258822Z: [    8.004607] lpc_ich 0000:00:1f.0: I/O space for GPIO uninitialized
[STDOUT  ] 2017-07-13T14:58:35.805259555Z: [    1.191505] ACPI: PCI Interrupt Link [GSIA] (IRQs *16)
[STDERR  ] 2017-07-13T14:58:35.805268129Z: [    8.007009] VMware PVSCSI driver - version 1.0.7.0-k
[STDOUT  ] 2017-07-13T14:58:35.805269502Z: [    1.192255] ACPI: PCI Interrupt Link [GSIB] (IRQs *17)
[STDOUT  ] 2017-07-13T14:58:35.805274411Z: [    1.193052] ACPI: PCI Interrupt Link [GSIC] (IRQs *18)
[STDERR  ] 2017-07-13T14:58:35.805282168Z: [    8.007969] hv_vmbus: registering driver hv_storvsc
[STDOUT  ] 2017-07-13T14:58:35.805288449Z: [    1.193820] ACPI: PCI Interrupt Link [GSID] (IRQs *19)
[STDERR  ] 2017-07-13T14:58:35.805293261Z: [    8.019465] ACPI: PCI Interrupt Link [GSIA] enabled at IRQ 16
[STDOUT  ] 2017-07-13T14:58:35.805297744Z: [    1.194590] ACPI: PCI Interrupt Link [GSIE] (IRQs *20)
[STDERR  ] 2017-07-13T14:58:35.805302478Z: [    8.025989] ahci 0000:00:1f.2: AHCI 0001.0000 32 slots 6 ports 1.5 Gbps 0x3f impl SATA mode
[STDOUT  ] 2017-07-13T14:58:35.805307002Z: [    1.195327] ACPI: PCI Interrupt Link [GSIF] (IRQs *21)
[STDERR  ] 2017-07-13T14:58:35.805311882Z: [    8.026695] ahci 0000:00:1f.2: flags: 64bit ncq only 
[STDOUT  ] 2017-07-13T14:58:35.805316164Z: [    1.196087] ACPI: PCI Interrupt Link [GSIG] (IRQs *22)
[STDERR  ] 2017-07-13T14:58:35.805326872Z: [    8.050019] scsi host0: ahci
[STDOUT  ] 2017-07-13T14:58:35.805328331Z: [    1.196852] ACPI: PCI Interrupt Link [GSIH] (IRQs *23)
[STDERR  ] 2017-07-13T14:58:35.805336579Z: [    8.056000] scsi host1: ahci
[STDOUT  ] 2017-07-13T14:58:35.805338066Z: [    1.200796] ACPI: Enabled 2 GPEs in block 00 to 3F
[STDERR  ] 2017-07-13T14:58:35.805345976Z: [    8.058414] scsi host2: ahci
[STDOUT  ] 2017-07-13T14:58:35.805347742Z: [    1.205022] SCSI subsystem initialized
[STDERR  ] 2017-07-13T14:58:35.805355176Z: [    8.061176] scsi host3: ahci
[STDOUT  ] 2017-07-13T14:58:35.805357215Z: [    1.206892] ACPI: bus type USB registered
[STDERR  ] 2017-07-13T14:58:35.805365906Z: [    8.063805] scsi host4: ahci
[STDOUT  ] 2017-07-13T14:58:35.805367372Z: [    1.208062] usbcore: registered new interface driver usbfs
[STDERR  ] 2017-07-13T14:58:35.805375346Z: [    8.066400] scsi host5: ahci
[STDOUT  ] 2017-07-13T14:58:35.805376831Z: [    1.209116] usbcore: registered new interface driver hub
[STDERR  ] 2017-07-13T14:58:35.805380271Z: [    8.068368] ata1: SATA max UDMA/133 abar m4096@0xfebf1000 port 0xfebf1100 irq 24
[STDOUT  ] 2017-07-13T14:58:35.805386051Z: [    1.210118] usbcore: registered new device driver usb
[STDERR  ] 2017-07-13T14:58:35.805389314Z: [    8.068943] ata2: SATA max UDMA/133 abar m4096@0xfebf1000 port 0xfebf1180 irq 24
[STDOUT  ] 2017-07-13T14:58:35.805390956Z: [    1.211678] pps_core: LinuxPPS API ver. 1 registered
[STDERR  ] 2017-07-13T14:58:35.805405584Z: [    8.069433] ata3: SATA max UDMA/133 abar m4096@0xfebf1000 port 0xfebf1200 irq 24
[STDOUT  ] 2017-07-13T14:58:35.805404205Z: [    1.211986] pps_core: Software ver. 5.3.6 - Copyright 2005-2007 Rodolfo Giometti <giometti@linux.it>
[STDERR  ] 2017-07-13T14:58:35.805414981Z: [    8.069967] ata4: SATA max UDMA/133 abar m4096@0xfebf1000 port 0xfebf1280 irq 24
[STDOUT  ] 2017-07-13T14:58:35.805421019Z: [    1.212785] PTP clock support registered
[STDERR  ] 2017-07-13T14:58:35.805429338Z: [    8.070827] ata5: SATA max UDMA/133 abar m4096@0xfebf1000 port 0xfebf1300 irq 24
[STDOUT  ] 2017-07-13T14:58:35.805431125Z: [    1.214026] wmi: Mapper loaded
[STDERR  ] 2017-07-13T14:58:35.805440388Z: [    8.071321] ata6: SATA max UDMA/133 abar m4096@0xfebf1000 port 0xfebf1380 irq 24
[STDOUT  ] 2017-07-13T14:58:35.805441905Z: [    1.215244] PCI: Using ACPI for IRQ routing
[STDERR  ] 2017-07-13T14:58:35.805449571Z: [    8.085977] tun: Universal TUN/TAP device driver, 1.6
[STDOUT  ] 2017-07-13T14:58:35.805451939Z: [    1.233603] NetLabel: Initializing
[STDERR  ] 2017-07-13T14:58:35.805460528Z: [    8.086353] tun: (C) 1999-2004 Max Krasnyansky <maxk@qualcomm.com>
[STDOUT  ] 2017-07-13T14:58:35.805461988Z: [    1.233864] NetLabel:  domain hash size = 128
[STDERR  ] 2017-07-13T14:58:35.805469854Z: [    8.089228] VMware vmxnet3 virtual NIC driver - version 1.4.a.0-k-NAPI
[STDOUT  ] 2017-07-13T14:58:35.805471359Z: [    1.234206] NetLabel:  protocols = UNLABELED CIPSOv4
[STDERR  ] 2017-07-13T14:58:35.805479014Z: [    8.090935] hv_vmbus: registering driver hv_netvsc
[STDOUT  ] 2017-07-13T14:58:35.805480712Z: [    1.236969] NetLabel:  unlabeled traffic allowed by default
[STDERR  ] 2017-07-13T14:58:35.805488436Z: [    8.091333] Fusion MPT base driver 3.04.20
[STDOUT  ] 2017-07-13T14:58:35.805489995Z: [    1.238308] HPET: 3 timers in total, 0 timers will be used for per-cpu timer
[STDERR  ] 2017-07-13T14:58:35.805498619Z: [    8.091657] Copyright (c) 1999-2008 LSI Corporation
[STDOUT  ] 2017-07-13T14:58:35.805500836Z: [    1.239101] hpet0: at MMIO 0xfed00000, IRQs 2, 8, 0
[STDERR  ] 2017-07-13T14:58:35.805507889Z: [    8.092325] Fusion MPT SPI Host driver 3.04.20
[STDOUT  ] 2017-07-13T14:58:35.805510346Z: [    1.239686] hpet0: 3 comparators, 64-bit 100.000000 MHz counter
[STDERR  ] 2017-07-13T14:58:35.805516998Z: [    8.094453] i8042: PNP: PS/2 Controller [PNP0303:KBD,PNP0f13:MOU] at 0x60,0x64 irq 1,12
[STDERR  ] 2017-07-13T14:58:35.805522142Z: [    8.098982] serio: i8042 KBD port at 0x60,0x64 irq 1
[STDOUT  ] 2017-07-13T14:58:35.805523761Z: [    1.247883] clocksource: Switched to clocksource hpet
[STDOUT  ] 2017-07-13T14:58:35.805536965Z: [    1.492058] VFS: Disk quotas dquot_6.6.0
[STDERR  ] 2017-07-13T14:58:35.805540056Z: [    8.099708] serio: i8042 AUX port at 0x60,0x64 irq 12
[STDERR  ] 2017-07-13T14:58:35.805545834Z: [    8.103416] hv_vmbus: registering driver hyperv_keyboard
[STDOUT  ] 2017-07-13T14:58:35.805547396Z: [    1.492972] VFS: Dquot-cache hash table entries: 512 (order 0, 4096 bytes)
[STDOUT  ] 2017-07-13T14:58:35.805557222Z: [    1.499252] FS-Cache: Loaded
[STDOUT  ] 2017-07-13T14:58:35.805562064Z: [    1.504316] CacheFiles: Loaded
[STDERR  ] 2017-07-13T14:58:35.805559892Z: [    8.106021] mousedev: PS/2 mouse device common for all mice
[STDOUT  ] 2017-07-13T14:58:35.805571724Z: [    1.505970] pnp: PnP ACPI init
[STDERR  ] 2017-07-13T14:58:35.805574392Z: [    8.111439] input: AT Translated Set 2 keyboard as /devices/platform/i8042/serio0/input/input1
[STDERR  ] 2017-07-13T14:58:35.805583852Z: [    8.114483] input: PC Speaker as /devices/platform/pcspkr/input/input2
[STDOUT  ] 2017-07-13T14:58:35.805586019Z: [    1.517078] pnp: PnP ACPI: found 5 devices
[STDERR  ] 2017-07-13T14:58:35.805593388Z: [    8.118369] rtc_cmos 00:00: RTC can wake from S4
[STDOUT  ] 2017-07-13T14:58:35.805595336Z: [    1.565720] clocksource: acpi_pm: mask: 0xffffff max_cycles: 0xffffff, max_idle_ns: 2085701024 ns
[STDERR  ] 2017-07-13T14:58:35.805606621Z: [    8.122345] rtc_cmos 00:00: rtc core: registered rtc_cmos as rtc0
[STDOUT  ] 2017-07-13T14:58:35.805608051Z: [    1.570626] NET: Registered protocol family 2
[STDERR  ] 2017-07-13T14:58:35.805616409Z: [    8.123825] rtc_cmos 00:00: alarms up to one day, y3k, 114 bytes nvram, hpet irqs
[STDOUT  ] 2017-07-13T14:58:35.805618001Z: [    1.577583] TCP established hash table entries: 8192 (order: 4, 65536 bytes)
[STDERR  ] 2017-07-13T14:58:35.805625619Z: [    8.124577] i2c /dev entries driver
[STDOUT  ] 2017-07-13T14:58:35.805627346Z: [    1.578408] TCP bind hash table entries: 8192 (order: 5, 131072 bytes)
[STDOUT  ] 2017-07-13T14:58:35.805632319Z: [    1.579137] TCP: Hash tables configured (established 8192 bind 8192)
[STDERR  ] 2017-07-13T14:58:35.805635368Z: [    8.126808] device-mapper: ioctl: 4.35.0-ioctl (2016-06-23) initialised: dm-devel@redhat.com
[STDOUT  ] 2017-07-13T14:58:35.805641576Z: [    1.581253] UDP hash table entries: 512 (order: 2, 16384 bytes)
[STDERR  ] 2017-07-13T14:58:35.805644742Z: [    8.132367] usbcore: registered new interface driver usbhid
[STDERR  ] 2017-07-13T14:58:35.805654011Z: [    8.132789] usbhid: USB HID core driver
[STDOUT  ] 2017-07-13T14:58:35.805657168Z: [    1.581900] UDP-Lite hash table entries: 512 (order: 2, 16384 bytes)
[STDERR  ] 2017-07-13T14:58:35.805663394Z: [    8.133372] hv_utils: Registering HyperV Utility Driver
[STDOUT  ] 2017-07-13T14:58:35.805666649Z: [    1.584271] NET: Registered protocol family 1
[STDERR  ] 2017-07-13T14:58:35.805673012Z: [    8.133712] hv_vmbus: registering driver hv_util
[STDOUT  ] 2017-07-13T14:58:35.805676341Z: [    1.585286] pci 0000:00:01.0: Video device with shadowed ROM at [mem 0x000c0000-0x000dffff]
[STDERR  ] 2017-07-13T14:58:35.805682044Z: [    8.134025] hv_vmbus: registering driver hv_balloon
[STDOUT  ] 2017-07-13T14:58:35.805686159Z: [    1.593499] Unpacking initramfs...
[STDERR  ] 2017-07-13T14:58:35.805690969Z: [    8.134600] oprofile: using NMI interrupt.
[STDOUT  ] 2017-07-13T14:58:35.805695525Z: [    7.716807] Freeing initrd memory: 48188K (ffff8fa63d0c1000 - ffff8fa63ffd0000)
[STDOUT  ] 2017-07-13T14:58:35.805704627Z: [    7.742113] PCLMULQDQ-NI instructions are not detected.
[STDERR  ] 2017-07-13T14:58:35.805706675Z: [    8.135884] GACT probability on
[STDOUT  ] 2017-07-13T14:58:35.805714054Z: [    7.743689] AVX or AES-NI instructions are not detected.
[STDERR  ] 2017-07-13T14:58:35.805715658Z: [    8.136397] Mirror/redirect action on
[STDOUT  ] 2017-07-13T14:58:35.805724437Z: [    7.744182] CPU feature 'AVX registers' is not supported.
[STDERR  ] 2017-07-13T14:58:35.805725898Z: [    8.137345] Simple TC action Loaded
[STDOUT  ] 2017-07-13T14:58:35.805737871Z: [    7.744661] CPU feature 'AVX registers' is not supported.
[STDERR  ] 2017-07-13T14:58:35.805739334Z: [    8.138013] u32 classifier
[STDOUT  ] 2017-07-13T14:58:35.805747113Z: [    7.745102] CPU feature 'AVX registers' is not supported.
[STDERR  ] 2017-07-13T14:58:35.805748855Z: [    8.138204]     Performance counters on
[STDOUT  ] 2017-07-13T14:58:35.805756321Z: [    7.745584] CPU feature 'AVX registers' is not supported.
[STDERR  ] 2017-07-13T14:58:35.80575947Z: [    8.138482]     input device check on
[STDOUT  ] 2017-07-13T14:58:35.805765545Z: [    7.746028] AVX2 or AES-NI instructions are not detected.
[STDERR  ] 2017-07-13T14:58:35.80576911Z: [    8.138753]     Actions configured
[STDOUT  ] 2017-07-13T14:58:35.805774834Z: [    7.746512] AVX2 instructions are not detected.
[STDERR  ] 2017-07-13T14:58:35.805778438Z: [    8.139629] Netfilter messages via NETLINK v0.30.
[STDOUT  ] 2017-07-13T14:58:35.805784091Z: [    7.754525] audit: initializing netlink subsys (disabled)
[STDERR  ] 2017-07-13T14:58:35.805787431Z: [    8.140750] nfnl_acct: registering with nfnetlink.
[STDOUT  ] 2017-07-13T14:58:35.80579675Z: [    7.756202] audit: type=2000 audit(1499957890.750:1): initialized
[STDERR  ] 2017-07-13T14:58:35.805798187Z: [    8.142648] nf_conntrack version 0.5.0 (8192 buckets, 32768 max)
[STDOUT  ] 2017-07-13T14:58:35.805810685Z: [    7.764073] workingset: timestamp_bits=46 max_order=18 bucket_order=0
[STDERR  ] 2017-07-13T14:58:35.805812505Z: [    8.146220] ctnetlink v0.93: registering with nfnetlink.
[STDOUT  ] 2017-07-13T14:58:35.805820464Z: [    7.770900] FS-Cache: Netfs 'cifs' registered for caching
[STDERR  ] 2017-07-13T14:58:35.805821991Z: [    8.149377] nf_tables: (c) 2007-2009 Patrick McHardy <kaber@trash.net>
[STDOUT  ] 2017-07-13T14:58:35.80582984Z: [    7.772035] fuse init (API version 7.26)
[STDERR  ] 2017-07-13T14:58:35.805831397Z: [    8.150640] nf_tables_compat: (c) 2012 Pablo Neira Ayuso <pablo@netfilter.org>
[STDOUT  ] 2017-07-13T14:58:35.805839015Z: [    7.776836] SGI XFS with ACLs, security attributes, no debug enabled
[STDERR  ] 2017-07-13T14:58:35.805840718Z: [    8.153121] xt_time: kernel timezone is -0000
[STDOUT  ] 2017-07-13T14:58:35.805848237Z: [    7.781042] 9p: Installing v9fs 9p2000 file system support
[STDERR  ] 2017-07-13T14:58:35.805850078Z: [    8.153706] ip_set: protocol 6
[STDOUT  ] 2017-07-13T14:58:35.805857447Z: [    7.781595] FS-Cache: Netfs '9p' registered for caching
[STDERR  ] 2017-07-13T14:58:35.805859384Z: [    8.154415] IPVS: Registered protocols (TCP, UDP, SCTP, AH, ESP)
[STDOUT  ] 2017-07-13T14:58:35.805867043Z: [    7.815056] NET: Registered protocol family 38
[STDERR  ] 2017-07-13T14:58:35.805868631Z: [    8.155277] IPVS: Connection hash table configured (size=4096, memory=64Kbytes)
[STDOUT  ] 2017-07-13T14:58:35.805872018Z: [    7.815630] Key type asymmetric registered
[STDERR  ] 2017-07-13T14:58:35.805877921Z: [    8.157026] IPVS: Creating netns size=2104 id=0
[STDOUT  ] 2017-07-13T14:58:35.805886171Z: [    7.815998] Asymmetric key parser 'x509' registered
[STDERR  ] 2017-07-13T14:58:35.805887628Z: [    8.159705] IPVS: ipvs loaded.
[STDOUT  ] 2017-07-13T14:58:35.80589121Z: [    7.817117] Block layer SCSI generic (bsg) driver version 0.4 loaded (major 251)
[STDERR  ] 2017-07-13T14:58:35.805897191Z: [    8.160629] IPVS: [rr] scheduler registered.
[STDOUT  ] 2017-07-13T14:58:35.805905205Z: [    7.818918] io scheduler noop registered
[STDERR  ] 2017-07-13T14:58:35.805906665Z: [    8.161034] IPVS: [wrr] scheduler registered.
[STDOUT  ] 2017-07-13T14:58:35.805914574Z: [    7.819266] io scheduler deadline registered (default)
[STDERR  ] 2017-07-13T14:58:35.805916058Z: [    8.161365] IPVS: [lc] scheduler registered.
[STDOUT  ] 2017-07-13T14:58:35.805919553Z: [    7.820014] io scheduler cfq registered
[STDERR  ] 2017-07-13T14:58:35.80592552Z: [    8.161690] IPVS: [wlc] scheduler registered.
[STDOUT  ] 2017-07-13T14:58:35.805929038Z: [    7.823742] pci_hotplug: PCI Hot Plug PCI Core version: 0.5
[STDERR  ] 2017-07-13T14:58:35.805934591Z: [    8.162008] IPVS: [fo] scheduler registered.
[STDERR  ] 2017-07-13T14:58:35.805945404Z: [    8.162292] IPVS: [ovf] scheduler registered.
[STDOUT  ] 2017-07-13T14:58:35.805954524Z: [    7.824389] pciehp: PCI Express Hot Plug Controller Driver version: 0.4
[STDERR  ] 2017-07-13T14:58:35.805959253Z: [    8.162819] IPVS: [lblc] scheduler registered.
[STDERR  ] 2017-07-13T14:58:35.805964091Z: [    8.163278] IPVS: [lblcr] scheduler registered.
[STDOUT  ] 2017-07-13T14:58:35.805964211Z: [    7.825324] shpchp: Standard Hot Plug PCI Controller Driver version: 0.4
[STDOUT  ] 2017-07-13T14:58:35.805974498Z: [    7.826224] hv_vmbus: registering driver hyperv_fb
[STDERR  ] 2017-07-13T14:58:35.805977514Z: [    8.163609] IPVS: [dh] scheduler registered.
[STDERR  ] 2017-07-13T14:58:35.805982168Z: [    8.163921] IPVS: [sh] scheduler registered.
[STDOUT  ] 2017-07-13T14:58:35.805983838Z: [    7.829366] input: Power Button as /devices/LNXSYSTM:00/LNXPWRBN:00/input/input0
[STDOUT  ] 2017-07-13T14:58:35.805993468Z: [    7.831787] ACPI: Power Button [PWRF]
[STDERR  ] 2017-07-13T14:58:35.80599547Z: [    8.164221] IPVS: [sed] scheduler registered.
[STDOUT  ] 2017-07-13T14:58:35.806002981Z: [    7.836642] GHES: HEST is not enabled!
[STDERR  ] 2017-07-13T14:58:35.8060045Z: [    8.164530] IPVS: [nq] scheduler registered.
[STDERR  ] 2017-07-13T14:58:35.806014541Z: [    8.165330] IPVS: ftp: loaded support on port[0] = 21
[STDERR  ] 2017-07-13T14:58:35.80601984Z: [    8.166189] ipip: IPv4 and MPLS over IPv4 tunneling driver
[STDOUT  ] 2017-07-13T14:58:35.80602109Z: [    7.847550] ACPI: PCI Interrupt Link [GSIH] enabled at IRQ 23
[STDOUT  ] 2017-07-13T14:58:35.80602644Z: [    7.855149] xenfs: not registering filesystem on non-xen platform
[STDERR  ] 2017-07-13T14:58:35.806034481Z: [    8.171549] gre: GRE over IPv4 demultiplexor driver
[STDERR  ] 2017-07-13T14:58:35.806043703Z: [    8.174256] ip_tables: (C) 2000-2006 Netfilter Core Team
[STDOUT  ] 2017-07-13T14:58:35.806045135Z: [    7.857970] Serial: 8250/16550 driver, 4 ports, IRQ sharing disabled
[STDOUT  ] 2017-07-13T14:58:35.806049905Z: [    7.882899] 00:04: ttyS0 at I/O 0x3f8 (irq = 4, base_baud = 115200) is a 16550A
[STDERR  ] 2017-07-13T14:58:35.806052995Z: [    8.177514] ipt_CLUSTERIP: ClusterIP Version 0.8 loaded successfully
[STDOUT  ] 2017-07-13T14:58:35.806063308Z: [    7.895564] Non-volatile memory driver v1.3
[STDERR  ] 2017-07-13T14:58:35.806064768Z: [    8.178277] arp_tables: arp_tables: (C) 2002 David S. Miller
[STDOUT  ] 2017-07-13T14:58:35.806072803Z: [    7.901929] Hangcheck: starting hangcheck timer 0.9.1 (tick is 180 seconds, margin is 60 seconds).
[STDERR  ] 2017-07-13T14:58:35.806074335Z: [    8.181054] NET: Registered protocol family 10
[STDOUT  ] 2017-07-13T14:58:35.806082255Z: [    7.940694] loop: module loaded
[STDERR  ] 2017-07-13T14:58:35.80608371Z: [    8.189746] ip6_tables: (C) 2000-2006 Netfilter Core Team
[STDOUT  ] 2017-07-13T14:58:35.806091588Z: [    7.957909] nbd: registered device at major 43
[STDERR  ] 2017-07-13T14:58:35.806093071Z: [    8.198382] NET: Registered protocol family 17
[STDERR  ] 2017-07-13T14:58:35.806097838Z: [    8.199516] Bridge firewalling registered
[STDOUT  ] 2017-07-13T14:58:35.806100995Z: [    8.004607] lpc_ich 0000:00:1f.0: I/O space for GPIO uninitialized
[STDOUT  ] 2017-07-13T14:58:35.806110328Z: [    8.007009] VMware PVSCSI driver - version 1.0.7.0-k
[STDERR  ] 2017-07-13T14:58:35.806112084Z: [    8.200609] Ebtables v2.0 registered
[STDOUT  ] 2017-07-13T14:58:35.80611977Z: [    8.007969] hv_vmbus: registering driver hv_storvsc
[STDERR  ] 2017-07-13T14:58:35.806121244Z: [    8.202560] 8021q: 802.1Q VLAN Support v1.8
[STDOUT  ] 2017-07-13T14:58:35.806129268Z: [    8.019465] ACPI: PCI Interrupt Link [GSIA] enabled at IRQ 16
[STDERR  ] 2017-07-13T14:58:35.806130727Z: [    8.203953] 9pnet: Installing 9P2000 support
[STDOUT  ] 2017-07-13T14:58:35.806138808Z: [    8.025989] ahci 0000:00:1f.2: AHCI 0001.0000 32 slots 6 ports 1.5 Gbps 0x3f impl SATA mode
[STDERR  ] 2017-07-13T14:58:35.806140254Z: [    8.205493] Key type dns_resolver registered
[STDOUT  ] 2017-07-13T14:58:35.806152405Z: [    8.026695] ahci 0000:00:1f.2: flags: 64bit ncq only 
[STDERR  ] 2017-07-13T14:58:35.806155155Z: [    8.206495] microcode: AMD CPU family 0x6 not supported
[STDOUT  ] 2017-07-13T14:58:35.806161834Z: [    8.050019] scsi host0: ahci
[STDERR  ] 2017-07-13T14:58:35.806164233Z: [    8.210564] registered taskstats version 1
[STDOUT  ] 2017-07-13T14:58:35.806166938Z: [    8.056000] scsi host1: ahci
[STDERR  ] 2017-07-13T14:58:35.806173198Z: [    8.401082] ata2: SATA link down (SStatus 0 SControl 300)
[STDOUT  ] 2017-07-13T14:58:35.806181131Z: [    8.058414] scsi host2: ahci
[STDERR  ] 2017-07-13T14:58:35.806182597Z: [    8.404066] ata1: SATA link down (SStatus 0 SControl 300)
[STDOUT  ] 2017-07-13T14:58:35.806185828Z: [    8.061176] scsi host3: ahci
[STDERR  ] 2017-07-13T14:58:35.806191643Z: [    8.410455] ata4: SATA link down (SStatus 0 SControl 300)
[STDOUT  ] 2017-07-13T14:58:35.806206058Z: [    8.063805] scsi host4: ahci
[STDERR  ] 2017-07-13T14:58:35.806207474Z: [    8.411409] ata3: SATA link up 1.5 Gbps (SStatus 113 SControl 300)
[STDERR  ] 2017-07-13T14:58:35.806212475Z: [    8.414759] ata3.00: ATAPI: QEMU DVD-ROM, 2.5+, max UDMA/100
[STDOUT  ] 2017-07-13T14:58:35.806215241Z: [    8.066400] scsi host5: ahci
[STDERR  ] 2017-07-13T14:58:35.80622152Z: [    8.415474] ata3.00: applying bridge limits
[STDOUT  ] 2017-07-13T14:58:35.806224574Z: [    8.068368] ata1: SATA max UDMA/133 abar m4096@0xfebf1000 port 0xfebf1100 irq 24
[STDOUT  ] 2017-07-13T14:58:35.80623652Z: [    8.068943] ata2: SATA max UDMA/133 abar m4096@0xfebf1000 port 0xfebf1180 irq 24
[STDERR  ] 2017-07-13T14:58:35.806241606Z: [    8.416815] ata5: SATA link down (SStatus 0 SControl 300)
[STDOUT  ] 2017-07-13T14:58:35.80624618Z: [    8.069433] ata3: SATA max UDMA/133 abar m4096@0xfebf1000 port 0xfebf1200 irq 24
[STDERR  ] 2017-07-13T14:58:35.806246593Z: [    8.417462] ata6: SATA link down (SStatus 0 SControl 300)
[STDOUT  ] 2017-07-13T14:58:35.806251142Z: [    8.069967] ata4: SATA max UDMA/133 abar m4096@0xfebf1000 port 0xfebf1280 irq 24
[STDERR  ] 2017-07-13T14:58:35.806261653Z: [    8.421236] ata3.00: configured for UDMA/100
[STDOUT  ] 2017-07-13T14:58:35.806264922Z: [    8.070827] ata5: SATA max UDMA/133 abar m4096@0xfebf1000 port 0xfebf1300 irq 24
[STDERR  ] 2017-07-13T14:58:35.806266289Z: [    8.439308] scsi 2:0:0:0: CD-ROM            QEMU     QEMU DVD-ROM     2.5+ PQ: 0 ANSI: 5
[STDOUT  ] 2017-07-13T14:58:35.806274229Z: [    8.071321] ata6: SATA max UDMA/133 abar m4096@0xfebf1000 port 0xfebf1380 irq 24
[STDOUT  ] 2017-07-13T14:58:35.80627908Z: [    8.085977] tun: Universal TUN/TAP device driver, 1.6
[STDERR  ] 2017-07-13T14:58:35.806280537Z: [    8.451891] Key type big_key registered
[STDERR  ] 2017-07-13T14:58:35.806289707Z: [    8.463500] sr 2:0:0:0: [sr0] scsi3-mmc drive: 4x/4x cd/rw xa/form2 tray
[STDOUT  ] 2017-07-13T14:58:35.806292787Z: [    8.086353] tun: (C) 1999-2004 Max Krasnyansky <maxk@qualcomm.com>
[STDERR  ] 2017-07-13T14:58:35.806299054Z: [    8.464357] cdrom: Uniform CD-ROM driver Revision: 3.20
[STDOUT  ] 2017-07-13T14:58:35.806301799Z: [    8.089228] VMware vmxnet3 virtual NIC driver - version 1.4.a.0-k-NAPI
[STDERR  ] 2017-07-13T14:58:35.80630806Z: [    8.471198] sr 2:0:0:0: Attached scsi generic sg0 type 5
[STDOUT  ] 2017-07-13T14:58:35.806311023Z: [    8.090935] hv_vmbus: registering driver hv_netvsc
[STDOUT  ] 2017-07-13T14:58:35.806320084Z: [    8.091333] Fusion MPT base driver 3.04.20
[STDERR  ] 2017-07-13T14:58:35.806321669Z: [    8.514603] Key type encrypted registered
[STDOUT  ] 2017-07-13T14:58:35.806329512Z: [    8.091657] Copyright (c) 1999-2008 LSI Corporation
[STDERR  ] 2017-07-13T14:58:35.80633107Z: [    8.521072] rtc_cmos 00:00: setting system clock to 2017-07-13 14:58:12 UTC (1499957892)
[STDOUT  ] 2017-07-13T14:58:35.806334386Z: [    8.092325] Fusion MPT SPI Host driver 3.04.20
[STDERR  ] 2017-07-13T14:58:35.80633585Z: [    8.669452] Freeing unused kernel memory: 1380K (ffffffff8fd57000 - ffffffff8feb0000)
[STDOUT  ] 2017-07-13T14:58:35.806348049Z: [    8.094453] i8042: PNP: PS/2 Controller [PNP0303:KBD,PNP0f13:MOU] at 0x60,0x64 irq 1,12
[STDOUT  ] 2017-07-13T14:58:35.806352979Z: [    8.098982] serio: i8042 KBD port at 0x60,0x64 irq 1
[STDERR  ] 2017-07-13T14:58:35.806354233Z: [    8.670134] Write protecting the kernel read-only data: 12288k
[STDERR  ] 2017-07-13T14:58:35.806363773Z: [    8.677766] Freeing unused kernel memory: 152K (ffff8fa6077da000 - ffff8fa607800000)
[STDOUT  ] 2017-07-13T14:58:35.806366794Z: [    8.099708] serio: i8042 AUX port at 0x60,0x64 irq 12
[STDERR  ] 2017-07-13T14:58:35.806368427Z: [    8.799731] Freeing unused kernel memory: 1400K (ffff8fa607aa2000 - ffff8fa607c00000)
[STDOUT  ] 2017-07-13T14:58:35.806375922Z: [    8.103416] hv_vmbus: registering driver hyperv_keyboard
[STDERR  ] 2017-07-13T14:58:35.806382167Z: [    8.801409] tsc: Refined TSC clocksource calibration: 2600.007 MHz
[STDOUT  ] 2017-07-13T14:58:35.806385094Z: [    8.106021] mousedev: PS/2 mouse device common for all mice
[STDERR  ] 2017-07-13T14:58:35.806391592Z: [    8.801948] clocksource: tsc: mask: 0xffffffffffffffff max_cycles: 0x257a42b61ea, max_idle_ns: 440795254678 ns
[STDOUT  ] 2017-07-13T14:58:35.806394383Z: [    8.111439] input: AT Translated Set 2 keyboard as /devices/platform/i8042/serio0/input/input1
[STDERR  ] 2017-07-13T14:58:35.806396389Z: [    9.820827] clocksource: Switched to clocksource tsc
[STDOUT  ] 2017-07-13T14:58:35.806405479Z: [    8.114483] input: PC Speaker as /devices/platform/pcspkr/input/input2
[STDOUT  ] 2017-07-13T14:58:35.806415146Z: [    8.118369] rtc_cmos 00:00: RTC can wake from S4
[STDERR  ] 2017-07-13T14:58:35.80641666Z: [   15.502472] e1000: Intel(R) PRO/1000 Network Driver - version 7.3.21-k8-NAPI
[STDOUT  ] 2017-07-13T14:58:35.806424339Z: [    8.122345] rtc_cmos 00:00: rtc core: registered rtc_cmos as rtc0
[STDERR  ] 2017-07-13T14:58:35.806425976Z: [   15.503045] e1000: Copyright (c) 1999-2006 Intel Corporation.
[STDOUT  ] 2017-07-13T14:58:35.806433414Z: [    8.123825] rtc_cmos 00:00: alarms up to one day, y3k, 114 bytes nvram, hpet irqs
[STDERR  ] 2017-07-13T14:58:35.806435113Z: [   15.522533] ACPI: PCI Interrupt Link [GSIG] enabled at IRQ 22
[STDERR  ] 2017-07-13T14:58:35.806444433Z: [   15.886979] e1000 0000:00:02.0 eth0: (PCI:33MHz:32-bit) 52:54:00:12:34:56
[STDOUT  ] 2017-07-13T14:58:35.806446642Z: [    8.124577] i2c /dev entries driver
[STDERR  ] 2017-07-13T14:58:35.80645389Z: [   15.887913] e1000 0000:00:02.0 eth0: Intel(R) PRO/1000 Network Connection
[STDOUT  ] 2017-07-13T14:58:35.806458036Z: [    8.126808] device-mapper: ioctl: 4.35.0-ioctl (2016-06-23) initialised: dm-devel@redhat.com
[STDERR  ] 2017-07-13T14:58:35.806467506Z: 
[STDOUT  ] 2017-07-13T14:58:35.806468953Z: [    8.132367] usbcore: registered new interface driver usbhid
[STDERR  ] 2017-07-13T14:58:35.806472139Z: Starting containerd
[STDOUT  ] 2017-07-13T14:58:35.806478149Z: [    8.132789] usbhid: USB HID core driver
[STDOUT  ] 2017-07-13T14:58:35.80648309Z: [    8.133372] hv_utils: Registering HyperV Utility Driver
[STDERR  ] 2017-07-13T14:58:35.80648582Z: 
[STDERR  ] 2017-07-13T14:58:35.806490619Z: Welcome to LinuxKit
[STDOUT  ] 2017-07-13T14:58:35.806496843Z: [    8.133712] hv_vmbus: registering driver hv_util
[STDERR  ] 2017-07-13T14:58:35.806499733Z: 
[STDOUT  ] 2017-07-13T14:58:35.806505999Z: [    8.134025] hv_vmbus: registering driver hv_balloon
[STDOUT  ] 2017-07-13T14:58:35.806510567Z: [    8.134600] oprofile: using NMI interrupt.
[STDERR  ] 2017-07-13T14:58:35.806516204Z:                         ##         .
[STDOUT  ] 2017-07-13T14:58:35.806523753Z: [    8.135884] GACT probability on
[STDERR  ] 2017-07-13T14:58:35.806525543Z:                   ## ## ##        ==
[STDERR  ] 2017-07-13T14:58:35.806534609Z:                ## ## ## ## ##    ===
[STDOUT  ] 2017-07-13T14:58:35.806532902Z: [    8.136397] Mirror/redirect action on
[STDERR  ] 2017-07-13T14:58:35.806544126Z:            /"""""""""""""""""\___/ ===
[STDOUT  ] 2017-07-13T14:58:35.806546103Z: [    8.137345] Simple TC action Loaded
[STDERR  ] 2017-07-13T14:58:35.806548944Z:           {                       /  ===-
[STDOUT  ] 2017-07-13T14:58:35.806560617Z: [    8.138013] u32 classifier
[STDERR  ] 2017-07-13T14:58:35.80656454Z:            \______ O           __/
[STDOUT  ] 2017-07-13T14:58:35.80657135Z: [    8.138204]     Performance counters on
[STDERR  ] 2017-07-13T14:58:35.80657824Z:              \    \         __/
[STDOUT  ] 2017-07-13T14:58:35.806580557Z: [    8.138482]     input device check on
[STDERR  ] 2017-07-13T14:58:35.806588004Z:               \____\_______/
[STDOUT  ] 2017-07-13T14:58:35.806589542Z: [    8.138753]     Actions configured
[STDERR  ] 2017-07-13T14:58:35.80659738Z: 
[STDOUT  ] 2017-07-13T14:58:35.806598813Z: [    8.139629] Netfilter messages via NETLINK v0.30.
[STDERR  ] 2017-07-13T14:58:35.806619436Z: [34mINFO[0m[0000] starting containerd boot...                   [34mmodule[0m=containerd
[STDOUT  ] 2017-07-13T14:58:35.80662095Z: [    8.140750] nfnl_acct: registering with nfnetlink.
[STDERR  ] 2017-07-13T14:58:35.806630377Z: [34mINFO[0m[0000] starting debug API...                         [34mdebug[0m="/run/containerd/debug.sock" [34mmodule[0m=containerd
[STDOUT  ] 2017-07-13T14:58:35.806631797Z: [    8.142648] nf_conntrack version 0.5.0 (8192 buckets, 32768 max)
[STDERR  ] 2017-07-13T14:58:35.806640409Z: [34mINFO[0m[0000] loading plugin "io.containerd.content.v1.content"...  [34mmodule[0m=containerd [34mtype[0m=io.containerd.content.v1
[STDOUT  ] 2017-07-13T14:58:35.806650453Z: [    8.146220] ctnetlink v0.93: registering with nfnetlink.
[STDERR  ] 2017-07-13T14:58:35.80665198Z: [34mINFO[0m[0000] loading plugin "io.containerd.snapshotter.v1.btrfs"...  [34mmodule[0m=containerd [34mtype[0m=io.containerd.snapshotter.v1
[STDERR  ] 2017-07-13T14:58:35.806663746Z: [34mINFO[0m[0000] loading plugin "io.containerd.snapshotter.v1.overlayfs"...  [34mmodule[0m=containerd [34mtype[0m=io.containerd.snapshotter.v1
[STDOUT  ] 2017-07-13T14:58:35.806665289Z: [    8.149377] nf_tables: (c) 2007-2009 Patrick McHardy <kaber@trash.net>
[STDERR  ] 2017-07-13T14:58:35.80667363Z: [34mINFO[0m[0000] loading plugin "io.containerd.differ.v1.base-diff"...  [34mmodule[0m=containerd [34mtype[0m=io.containerd.differ.v1
[STDOUT  ] 2017-07-13T14:58:35.806675057Z: [    8.150640] nf_tables_compat: (c) 2012 Pablo Neira Ayuso <pablo@netfilter.org>
[STDERR  ] 2017-07-13T14:58:35.806679826Z: [34mINFO[0m[0000] loading plugin "io.containerd.metadata.v1.bolt"...  [34mmodule[0m=containerd [34mtype[0m=io.containerd.metadata.v1
[STDOUT  ] 2017-07-13T14:58:35.806685277Z: [    8.153121] xt_time: kernel timezone is -0000
[STDERR  ] 2017-07-13T14:58:35.806690487Z: [34mINFO[0m[0000] loading plugin "io.containerd.grpc.v1.containers"...  [34mmodule[0m=containerd [34mtype[0m=io.containerd.grpc.v1
[STDOUT  ] 2017-07-13T14:58:35.806694533Z: [    8.153706] ip_set: protocol 6
[STDOUT  ] 2017-07-13T14:58:35.806703917Z: [    8.154415] IPVS: Registered protocols (TCP, UDP, SCTP, AH, ESP)
[STDERR  ] 2017-07-13T14:58:35.806710973Z: [34mINFO[0m[0000] loading plugin "io.containerd.grpc.v1.content"...  [34mmodule[0m=containerd [34mtype[0m=io.containerd.grpc.v1
[STDOUT  ] 2017-07-13T14:58:35.806713293Z: [    8.155277] IPVS: Connection hash table configured (size=4096, memory=64Kbytes)
[STDERR  ] 2017-07-13T14:58:35.806721216Z: [34mINFO[0m[0000] loading plugin "io.containerd.grpc.v1.diff"...  [34mmodule[0m=containerd [34mtype[0m=io.containerd.grpc.v1
[STDOUT  ] 2017-07-13T14:58:35.806722656Z: [    8.157026] IPVS: Creating netns size=2104 id=0
[STDERR  ] 2017-07-13T14:58:35.806731164Z: [34mINFO[0m[0000] loading plugin "io.containerd.monitor.v1.cgroups"...  [34mmodule[0m=containerd [34mtype[0m=io.containerd.monitor.v1
[STDOUT  ] 2017-07-13T14:58:35.806732642Z: [    8.159705] IPVS: ipvs loaded.
[STDOUT  ] 2017-07-13T14:58:35.80674245Z: [    8.160629] IPVS: [rr] scheduler registered.
[STDERR  ] 2017-07-13T14:58:35.806744912Z: [34mINFO[0m[0000] loading plugin "io.containerd.runtime.v1.linux"...  [34mmodule[0m=containerd [34mtype[0m=io.containerd.runtime.v1
[STDOUT  ] 2017-07-13T14:58:35.806751259Z: [    8.161034] IPVS: [wrr] scheduler registered.
[STDOUT  ] 2017-07-13T14:58:35.806756564Z: [    8.161365] IPVS: [lc] scheduler registered.
[STDERR  ] 2017-07-13T14:58:35.806761546Z: [34mINFO[0m[0000] loading plugin "io.containerd.grpc.v1.tasks"...  [34mmodule[0m=containerd [34mtype[0m=io.containerd.grpc.v1
[STDOUT  ] 2017-07-13T14:58:35.806770448Z: [    8.161690] IPVS: [wlc] scheduler registered.
[STDOUT  ] 2017-07-13T14:58:35.806775298Z: [    8.162008] IPVS: [fo] scheduler registered.
[STDERR  ] 2017-07-13T14:58:35.806775325Z: [34mINFO[0m[0000] loading plugin "io.containerd.grpc.v1.healthcheck"...  [34mmodule[0m=containerd [34mtype[0m=io.containerd.grpc.v1
[STDERR  ] 2017-07-13T14:58:35.806785916Z: [34mINFO[0m[0000] loading plugin "io.containerd.grpc.v1.images"...  [34mmodule[0m=containerd [34mtype[0m=io.containerd.grpc.v1
[STDOUT  ] 2017-07-13T14:58:35.806788773Z: [    8.162292] IPVS: [ovf] scheduler registered.
[STDOUT  ] 2017-07-13T14:58:35.806793763Z: [    8.162819] IPVS: [lblc] scheduler registered.
[STDERR  ] 2017-07-13T14:58:35.806795321Z: [34mINFO[0m[0000] loading plugin "io.containerd.grpc.v1.namespaces"...  [34mmodule[0m=containerd [34mtype[0m=io.containerd.grpc.v1
[STDOUT  ] 2017-07-13T14:58:35.806802888Z: [    8.163278] IPVS: [lblcr] scheduler registered.
[STDERR  ] 2017-07-13T14:58:35.806804552Z: [34mINFO[0m[0000] loading plugin "io.containerd.grpc.v1.snapshots"...  [34mmodule[0m=containerd [34mtype[0m=io.containerd.grpc.v1
[STDERR  ] 2017-07-13T14:58:35.806817483Z: [34mINFO[0m[0000] loading plugin "io.containerd.grpc.v1.version"...  [34mmodule[0m=containerd [34mtype[0m=io.containerd.grpc.v1
[STDOUT  ] 2017-07-13T14:58:35.806826251Z: [    8.163609] IPVS: [dh] scheduler registered.
[STDERR  ] 2017-07-13T14:58:35.806827799Z: [   16.968432] random: fast init done
[STDOUT  ] 2017-07-13T14:58:35.806835581Z: [    8.163921] IPVS: [sh] scheduler registered.
[STDERR  ] 2017-07-13T14:58:35.806837218Z: [34mINFO[0m[0000] starting GRPC API server...                   [34mmodule[0m=containerd
[STDOUT  ] 2017-07-13T14:58:35.806844911Z: [    8.164221] IPVS: [sed] scheduler registered.
[STDERR  ] 2017-07-13T14:58:35.806846463Z: [34mINFO[0m[0000] containerd successfully booted in 0.237647s   [34mmodule[0m=containerd
[STDOUT  ] 2017-07-13T14:58:35.806854131Z: [    8.164530] IPVS: [nq] scheduler registered.
[STDERR  ] 2017-07-13T14:58:35.806855895Z: [   17.454442] IPVS: Creating netns size=2104 id=1
[STDOUT  ] 2017-07-13T14:58:35.806859091Z: [    8.165330] IPVS: ftp: loaded support on port[0] = 21
[STDERR  ] 2017-07-13T14:58:35.806860571Z: [   17.454987] IPVS: ftp: loaded support on port[0] = 21
[STDOUT  ] 2017-07-13T14:58:35.806868303Z: [    8.166189] ipip: IPv4 and MPLS over IPv4 tunneling driver
[STDERR  ] 2017-07-13T14:58:35.806878913Z:  - 000-binfmt
[STDOUT  ] 2017-07-13T14:58:35.806882168Z: [    8.171549] gre: GRE over IPv4 demultiplexor driver
[STDERR  ] 2017-07-13T14:58:35.806888548Z: binfmt test suite PASSED
[STDOUT  ] 2017-07-13T14:58:35.806891279Z: [    8.174256] ip_tables: (C) 2000-2006 Netfilter Core Team
[STDERR  ] 2017-07-13T14:58:35.806897818Z:  - 001-test
[STDOUT  ] 2017-07-13T14:58:35.806900768Z: [    8.177514] ipt_CLUSTERIP: ClusterIP Version 0.8 loaded successfully
[STDERR  ] 2017-07-13T14:58:35.806907241Z: [   31.061040] ACPI: Preparing to enter system sleep state S5
[STDOUT  ] 2017-07-13T14:58:35.806909949Z: [    8.178277] arp_tables: arp_tables: (C) 2002 David S. Miller
[STDERR  ] 2017-07-13T14:58:35.806912022Z: [   31.062756] reboot: Power down
[STDOUT  ] 2017-07-13T14:58:35.806919089Z: [    8.181054] NET: Registered protocol family 10
[STDERR  ] 2017-07-13T14:58:35.806926098Z: + echo [    0.000000] Linux version 4.9.36-linuxkit (root@e1ede117fb1e) (gcc version 6.3.0 (Alpine 6.3.0) ) #1 SMP Wed Jul 12 17:30:01 UTC 2017
[STDOUT  ] 2017-07-13T14:58:35.806928212Z: [    8.189746] ip6_tables: (C) 2000-2006 Netfilter Core Team
[STDERR  ] 2017-07-13T14:58:35.806931032Z: [    0.000000] Command line: console=ttyS0 page_poison=1
[STDOUT  ] 2017-07-13T14:58:35.806937159Z: [    8.198382] NET: Registered protocol family 17
[STDERR  ] 2017-07-13T14:58:35.806944235Z: [    0.000000] x86/fpu: Legacy x87 FPU detected.
[STDOUT  ] 2017-07-13T14:58:35.806946611Z: [    8.199516] Bridge firewalling registered
[STDOUT  ] 2017-07-13T14:58:35.806951522Z: [    8.200609] Ebtables v2.0 registered
[STDERR  ] 2017-07-13T14:58:35.806957869Z: [    0.000000] x86/fpu: Using 'eager' FPU context switches.
[STDOUT  ] 2017-07-13T14:58:35.806960672Z: [    8.202560] 8021q: 802.1Q VLAN Support v1.8
[STDERR  ] 2017-07-13T14:58:35.806967082Z: [    0.000000] e820: BIOS-provided physical RAM map:
[STDOUT  ] 2017-07-13T14:58:35.806974429Z: [    8.203953] 9pnet: Installing 9P2000 support
[STDERR  ] 2017-07-13T14:58:35.806976316Z: [    0.000000] BIOS-e820: [mem 0x0000000000000000-0x000000000009fbff] usable
[STDOUT  ] 2017-07-13T14:58:35.806983702Z: [    8.205493] Key type dns_resolver registered
[STDERR  ] 2017-07-13T14:58:35.806985508Z: [    0.000000] BIOS-e820: [mem 0x000000000009fc00-0x000000000009ffff] reserved
[STDOUT  ] 2017-07-13T14:58:35.806992881Z: [    8.206495] microcode: AMD CPU family 0x6 not supported
[STDERR  ] 2017-07-13T14:58:35.806994702Z: [    0.000000] BIOS-e820: [mem 0x00000000000f0000-0x00000000000fffff] reserved
[STDOUT  ] 2017-07-13T14:58:35.807002295Z: [    8.210564] registered taskstats version 1
[STDOUT  ] 2017-07-13T14:58:35.807007248Z: [    8.401082] ata2: SATA link down (SStatus 0 SControl 300)
[STDERR  ] 2017-07-13T14:58:35.807007572Z: [    0.000000] BIOS-e820: [mem 0x0000000000100000-0x000000003ffdefff] usable
[STDERR  ] 2017-07-13T14:58:35.807013533Z: [    0.000000] BIOS-e820: [mem 0x000000003ffdf000-0x000000003fffffff] reserved
[STDOUT  ] 2017-07-13T14:58:35.807017723Z: [    8.404066] ata1: SATA link down (SStatus 0 SControl 300)
[STDERR  ] 2017-07-13T14:58:35.807028118Z: [    0.000000] BIOS-e820: [mem 0x00000000b0000000-0x00000000bfffffff] reserved
[STDOUT  ] 2017-07-13T14:58:35.807031513Z: [    8.410455] ata4: SATA link down (SStatus 0 SControl 300)
[STDERR  ] 2017-07-13T14:58:35.807037159Z: [    0.000000] BIOS-e820: [mem 0x00000000fed1c000-0x00000000fed1ffff] reserved
[STDOUT  ] 2017-07-13T14:58:35.807040646Z: [    8.411409] ata3: SATA link up 1.5 Gbps (SStatus 113 SControl 300)
[STDERR  ] 2017-07-13T14:58:35.807046318Z: [    0.000000] BIOS-e820: [mem 0x00000000fffc0000-0x00000000ffffffff] reserved
[STDOUT  ] 2017-07-13T14:58:35.807049991Z: [    8.414759] ata3.00: ATAPI: QEMU DVD-ROM, 2.5+, max UDMA/100
[STDOUT  ] 2017-07-13T14:58:35.807054682Z: [    8.415474] ata3.00: applying bridge limits
[STDERR  ] 2017-07-13T14:58:35.807055599Z: [    0.000000] NX (Execute Disable) protection: active
[STDERR  ] 2017-07-13T14:58:35.807065512Z: [    0.000000] SMBIOS 2.8 present.
[STDOUT  ] 2017-07-13T14:58:35.807072035Z: [    8.416815] ata5: SATA link down (SStatus 0 SControl 300)
[STDOUT  ] 2017-07-13T14:58:35.807076526Z: [    8.417462] ata6: SATA link down (SStatus 0 SControl 300)
[STDERR  ] 2017-07-13T14:58:35.807076302Z: [    0.000000] e820: last_pfn = 0x3ffdf max_arch_pfn = 0x400000000
[STDERR  ] 2017-07-13T14:58:35.807082356Z: [    0.000000] x86/PAT: Configuration [0-7]: WB  WC  UC- UC  WB  WC  UC- WT  
[STDOUT  ] 2017-07-13T14:58:35.807090173Z: [    8.421236] ata3.00: configured for UDMA/100
[STDERR  ] 2017-07-13T14:58:35.807096476Z: [    0.000000] found SMP MP-table at [mem 0x000f6aa0-0x000f6aaf] mapped at [ffff8fa6000f6aa0]
[STDOUT  ] 2017-07-13T14:58:35.807099486Z: [    8.439308] scsi 2:0:0:0: CD-ROM            QEMU     QEMU DVD-ROM     2.5+ PQ: 0 ANSI: 5
[STDERR  ] 2017-07-13T14:58:35.807105701Z: [    0.000000] RAMDISK: [mem 0x3d0c1000-0x3ffcffff]
[STDOUT  ] 2017-07-13T14:58:35.807108819Z: [    8.451891] Key type big_key registered
[STDERR  ] 2017-07-13T14:58:35.807115036Z: [    0.000000] ACPI: Early table checksum verification disabled
[STDOUT  ] 2017-07-13T14:58:35.807118102Z: [    8.463500] sr 2:0:0:0: [sr0] scsi3-mmc drive: 4x/4x cd/rw xa/form2 tray
[STDERR  ] 2017-07-13T14:58:35.807119859Z: [    0.000000] ACPI: RSDP 0x00000000000F68C0 000014 (v00 BOCHS )
[STDOUT  ] 2017-07-13T14:58:35.807123222Z: [    8.464357] cdrom: Uniform CD-ROM driver Revision: 3.20
[STDOUT  ] 2017-07-13T14:58:35.807134388Z: [    8.471198] sr 2:0:0:0: Attached scsi generic sg0 type 5
[STDERR  ] 2017-07-13T14:58:35.807137621Z: [    0.000000] ACPI: RSDT 0x000000003FFE2404 000034 (v01 BOCHS  BXPCRSDT 00000001 BXPC 00000001)
[STDERR  ] 2017-07-13T14:58:35.807147072Z: [    0.000000] ACPI: FACP 0x000000003FFE22A4 000074 (v01 BOCHS  BXPCFACP 00000001 BXPC 00000001)
[STDOUT  ] 2017-07-13T14:58:35.807148502Z: [    8.514603] Key type encrypted registered
[STDERR  ] 2017-07-13T14:58:35.807151918Z: [    0.000000] ACPI: DSDT 0x000000003FFE0040 002264 (v01 BOCHS  BXPCDSDT 00000001 BXPC 00000001)
[STDOUT  ] 2017-07-13T14:58:35.807153486Z: [    8.521072] rtc_cmos 00:00: setting system clock to 2017-07-13 14:58:12 UTC (1499957892)
[STDOUT  ] 2017-07-13T14:58:35.807162736Z: [    8.669452] Freeing unused kernel memory: 1380K (ffffffff8fd57000 - ffffffff8feb0000)
[STDERR  ] 2017-07-13T14:58:35.807165832Z: [    0.000000] ACPI: FACS 0x000000003FFE0000 000040
[STDERR  ] 2017-07-13T14:58:35.807175098Z: [    0.000000] ACPI: APIC 0x000000003FFE2318 000078 (v01 BOCHS  BXPCAPIC 00000001 BXPC 00000001)
[STDERR  ] 2017-07-13T14:58:35.807179751Z: [    0.000000] ACPI: HPET 0x000000003FFE2390 000038 (v01 BOCHS  BXPCHPET 00000001 BXPC 00000001)
[STDOUT  ] 2017-07-13T14:58:35.807176552Z: [    8.670134] Write protecting the kernel read-only data: 12288k
[STDERR  ] 2017-07-13T14:58:35.807189251Z: [    0.000000] ACPI: MCFG 0x000000003FFE23C8 00003C (v01 BOCHS  BXPCMCFG 00000001 BXPC 00000001)
[STDOUT  ] 2017-07-13T14:58:35.807204052Z: [    8.677766] Freeing unused kernel memory: 152K (ffff8fa6077da000 - ffff8fa607800000)
[STDERR  ] 2017-07-13T14:58:35.807210508Z: [    0.000000] Zone ranges:
[STDOUT  ] 2017-07-13T14:58:35.807214128Z: [    8.799731] Freeing unused kernel memory: 1400K (ffff8fa607aa2000 - ffff8fa607c00000)
[STDOUT  ] 2017-07-13T14:58:35.807219166Z: [    8.801409] tsc: Refined TSC clocksource calibration: 2600.007 MHz
[STDERR  ] 2017-07-13T14:58:35.807219493Z: [    0.000000]   DMA      [mem 0x0000000000001000-0x0000000000ffffff]
[STDOUT  ] 2017-07-13T14:58:35.807228252Z: [    8.801948] clocksource: tsc: mask: 0xffffffffffffffff max_cycles: 0x257a42b61ea, max_idle_ns: 440795254678 ns
[STDERR  ] 2017-07-13T14:58:35.807229745Z: [    0.000000]   DMA32    [mem 0x0000000001000000-0x000000003ffdefff]
[STDERR  ] 2017-07-13T14:58:35.807239372Z: [    0.000000]   Normal   empty
[STDOUT  ] 2017-07-13T14:58:35.807242815Z: [    9.820827] clocksource: Switched to clocksource tsc
[STDERR  ] 2017-07-13T14:58:35.807248506Z: [    0.000000] Movable zone start for each node
[STDOUT  ] 2017-07-13T14:58:35.807252136Z: [   15.502472] e1000: Intel(R) PRO/1000 Network Driver - version 7.3.21-k8-NAPI
[STDERR  ] 2017-07-13T14:58:35.807257641Z: [    0.000000] Early memory node ranges
[STDOUT  ] 2017-07-13T14:58:35.807261361Z: [   15.503045] e1000: Copyright (c) 1999-2006 Intel Corporation.
[STDERR  ] 2017-07-13T14:58:35.807262561Z: [    0.000000]   node   0: [mem 0x0000000000001000-0x000000000009efff]
[STDOUT  ] 2017-07-13T14:58:35.807270825Z: [   15.522533] ACPI: PCI Interrupt Link [GSIG] enabled at IRQ 22
[STDERR  ] 2017-07-13T14:58:35.807276943Z: [    0.000000]   node   0: [mem 0x0000000000100000-0x000000003ffdefff]
[STDOUT  ] 2017-07-13T14:58:35.807280193Z: [   15.886979] e1000 0000:00:02.0 eth0: (PCI:33MHz:32-bit) 52:54:00:12:34:56
[STDERR  ] 2017-07-13T14:58:35.807281531Z: [    0.000000] Initmem setup node 0 [mem 0x0000000000001000-0x000000003ffdefff]
[STDOUT  ] 2017-07-13T14:58:35.807289643Z: [   15.887913] e1000 0000:00:02.0 eth0: Intel(R) PRO/1000 Network Connection
[STDERR  ] 2017-07-13T14:58:35.807297305Z: [    0.000000] ACPI: PM-Timer IO Port: 0x608
[STDOUT  ] 2017-07-13T14:58:35.807298778Z: 
[STDOUT  ] 2017-07-13T14:58:35.807309776Z: Starting containerd
[STDERR  ] 2017-07-13T14:58:35.807308323Z: [    0.000000] ACPI: LAPIC_NMI (acpi_id[0xff] dfl dfl lint[0x1])
[STDOUT  ] 2017-07-13T14:58:35.807314579Z: 
[STDERR  ] 2017-07-13T14:58:35.80732175Z: [    0.000000] IOAPIC[0]: apic_id 0, version 32, address 0xfec00000, GSI 0-23
[STDERR  ] 2017-07-13T14:58:35.807331442Z: [    0.000000] ACPI: INT_SRC_OVR (bus 0 bus_irq 0 global_irq 2 dfl dfl)
[STDOUT  ] 2017-07-13T14:58:35.807336542Z: Welcome to LinuxKit
[STDERR  ] 2017-07-13T14:58:35.807340581Z: [    0.000000] ACPI: INT_SRC_OVR (bus 0 bus_irq 5 global_irq 5 high level)
[STDOUT  ] 2017-07-13T14:58:35.807341721Z: 
[STDERR  ] 2017-07-13T14:58:35.807349611Z: [    0.000000] ACPI: INT_SRC_OVR (bus 0 bus_irq 9 global_irq 9 high level)
[STDOUT  ] 2017-07-13T14:58:35.807356028Z:                         ##         .
[STDOUT  ] 2017-07-13T14:58:35.807364795Z:                   ## ## ##        ==
[STDERR  ] 2017-07-13T14:58:35.807368201Z: [    0.000000] ACPI: INT_SRC_OVR (bus 0 bus_irq 10 global_irq 10 high level)
[STDOUT  ] 2017-07-13T14:58:35.807369944Z:                ## ## ## ## ##    ===
[STDERR  ] 2017-07-13T14:58:35.80737734Z: [    0.000000] ACPI: INT_SRC_OVR (bus 0 bus_irq 11 global_irq 11 high level)
[STDOUT  ] 2017-07-13T14:58:35.80737893Z:            /"""""""""""""""""\___/ ===
[STDERR  ] 2017-07-13T14:58:35.807386618Z: [    0.000000] Using ACPI (MADT) for SMP configuration information
[STDOUT  ] 2017-07-13T14:58:35.807392835Z:           {                       /  ===-
[STDERR  ] 2017-07-13T14:58:35.807395831Z: [    0.000000] ACPI: HPET id: 0x8086a201 base: 0xfed00000
[STDOUT  ] 2017-07-13T14:58:35.807406827Z:            \______ O           __/
[STDERR  ] 2017-07-13T14:58:35.8074101Z: [    0.000000] smpboot: Allowing 1 CPUs, 0 hotplug CPUs
[STDOUT  ] 2017-07-13T14:58:35.807416457Z:              \    \         __/
[STDERR  ] 2017-07-13T14:58:35.8074195Z: [    0.000000] e820: [mem 0x40000000-0xafffffff] available for PCI devices
[STDOUT  ] 2017-07-13T14:58:35.807425918Z:               \____\_______/
[STDERR  ] 2017-07-13T14:58:35.8074288Z: [    0.000000] Booting paravirtualized kernel on bare hardware
[STDOUT  ] 2017-07-13T14:58:35.80743724Z: 
[STDERR  ] 2017-07-13T14:58:35.807442371Z: [    0.000000] clocksource: refined-jiffies: mask: 0xffffffff max_cycles: 0xffffffff, max_idle_ns: 19112604462750000 ns
[STDOUT  ] 2017-07-13T14:58:35.80744686Z: [34mINFO[0m[0000] starting containerd boot...                   [34mmodule[0m=containerd
[STDERR  ] 2017-07-13T14:58:35.807451648Z: [    0.000000] setup_percpu: NR_CPUS:128 nr_cpumask_bits:128 nr_cpu_ids:1 nr_node_ids:1
[STDOUT  ] 2017-07-13T14:58:35.807452078Z: [34mINFO[0m[0000] starting debug API...                         [34mdebug[0m="/run/containerd/debug.sock" [34mmodule[0m=containerd
[STDERR  ] 2017-07-13T14:58:35.807460912Z: [    0.000000] percpu: Embedded 35 pages/cpu @ffff8fa63ce00000 s105176 r8192 d29992 u2097152
[STDOUT  ] 2017-07-13T14:58:35.807467181Z: [34mINFO[0m[0000] loading plugin "io.containerd.content.v1.content"...  [34mmodule[0m=containerd [34mtype[0m=io.containerd.content.v1
[STDERR  ] 2017-07-13T14:58:35.807470194Z: [    0.000000] Built 1 zonelists in Zone order, mobility grouping on.  Total pages: 257896
[STDOUT  ] 2017-07-13T14:58:35.807472038Z: [34mINFO[0m[0000] loading plugin "io.containerd.snapshotter.v1.btrfs"...  [34mmodule[0m=containerd [34mtype[0m=io.containerd.snapshotter.v1
[STDERR  ] 2017-07-13T14:58:35.80747969Z: [    0.000000] Kernel command line: console=ttyS0 page_poison=1
[STDERR  ] 2017-07-13T14:58:35.807484547Z: [    0.000000] PID hash table entries: 4096 (order: 3, 32768 bytes)
[STDOUT  ] 2017-07-13T14:58:35.807486084Z: [34mINFO[0m[0000] loading plugin "io.containerd.snapshotter.v1.overlayfs"...  [34mmodule[0m=containerd [34mtype[0m=io.containerd.snapshotter.v1
[STDOUT  ] 2017-07-13T14:58:35.807495275Z: [34mINFO[0m[0000] loading plugin "io.containerd.differ.v1.base-diff"...  [34mmodule[0m=containerd [34mtype[0m=io.containerd.differ.v1
[STDERR  ] 2017-07-13T14:58:35.807498245Z: [    0.000000] Dentry cache hash table entries: 131072 (order: 8, 1048576 bytes)
[STDERR  ] 2017-07-13T14:58:35.807502935Z: [    0.000000] Inode-cache hash table entries: 65536 (order: 7, 524288 bytes)
[STDOUT  ] 2017-07-13T14:58:35.807504618Z: [34mINFO[0m[0000] loading plugin "io.containerd.metadata.v1.bolt"...  [34mmodule[0m=containerd [34mtype[0m=io.containerd.metadata.v1
[STDOUT  ] 2017-07-13T14:58:35.807513061Z: [34mINFO[0m[0000] loading plugin "io.containerd.grpc.v1.containers"...  [34mmodule[0m=containerd [34mtype[0m=io.containerd.grpc.v1
[STDERR  ] 2017-07-13T14:58:35.807521254Z: [    0.000000] Memory: 965984K/1048052K available (8026K kernel code, 1366K rwdata, 2696K rodata, 1380K init, 568K bss, 82068K reserved, 0K cma-reserved)
[STDOUT  ] 2017-07-13T14:58:35.807522874Z: [34mINFO[0m[0000] loading plugin "io.containerd.grpc.v1.content"...  [34mmodule[0m=containerd [34mtype[0m=io.containerd.grpc.v1
[STDERR  ] 2017-07-13T14:58:35.807530902Z: [    0.000000] Hierarchical RCU implementation.
[STDERR  ] 2017-07-13T14:58:35.807535815Z: [    0.000000] 	Build-time adjustment of leaf fanout to 64.
[STDOUT  ] 2017-07-13T14:58:35.807537097Z: [34mINFO[0m[0000] loading plugin "io.containerd.grpc.v1.diff"...  [34mmodule[0m=containerd [34mtype[0m=io.containerd.grpc.v1
[STDOUT  ] 2017-07-13T14:58:35.807546635Z: [34mINFO[0m[0000] loading plugin "io.containerd.monitor.v1.cgroups"...  [34mmodule[0m=containerd [34mtype[0m=io.containerd.monitor.v1
[STDERR  ] 2017-07-13T14:58:35.807549788Z: [    0.000000] 	RCU restricting CPUs from NR_CPUS=128 to nr_cpu_ids=1.
[STDERR  ] 2017-07-13T14:58:35.807562925Z: [    0.000000] RCU: Adjusting geometry for rcu_fanout_leaf=64, nr_cpu_ids=1
[STDOUT  ] 2017-07-13T14:58:35.807564407Z: [34mINFO[0m[0000] loading plugin "io.containerd.runtime.v1.linux"...  [34mmodule[0m=containerd [34mtype[0m=io.containerd.runtime.v1
[STDERR  ] 2017-07-13T14:58:35.807567695Z: [    0.000000] NR_IRQS:8448 nr_irqs:256 16
[STDOUT  ] 2017-07-13T14:58:35.807573782Z: [34mINFO[0m[0000] loading plugin "io.containerd.grpc.v1.tasks"...  [34mmodule[0m=containerd [34mtype[0m=io.containerd.grpc.v1
[STDERR  ] 2017-07-13T14:58:35.807581564Z: [    0.000000] Console: colour VGA+ 80x25
[STDOUT  ] 2017-07-13T14:58:35.807587078Z: [34mINFO[0m[0000] loading plugin "io.containerd.grpc.v1.healthcheck"...  [34mmodule[0m=containerd [34mtype[0m=io.containerd.grpc.v1
[STDERR  ] 2017-07-13T14:58:35.807591162Z: [    0.000000] console [ttyS0] enabled
[STDOUT  ] 2017-07-13T14:58:35.80759168Z: [34mINFO[0m[0000] loading plugin "io.containerd.grpc.v1.images"...  [34mmodule[0m=containerd [34mtype[0m=io.containerd.grpc.v1
[STDERR  ] 2017-07-13T14:58:35.807600455Z: [    0.000000] allocated 2097152 bytes of page_ext
[STDERR  ] 2017-07-13T14:58:35.807610277Z: [    0.000000] clocksource: hpet: mask: 0xffffffff max_cycles: 0xffffffff, max_idle_ns: 19112604467 ns
[STDOUT  ] 2017-07-13T14:58:35.807611715Z: [34mINFO[0m[0000] loading plugin "io.containerd.grpc.v1.namespaces"...  [34mmodule[0m=containerd [34mtype[0m=io.containerd.grpc.v1
[STDERR  ] 2017-07-13T14:58:35.807619612Z: [    0.000000] tsc: Fast TSC calibration using PIT
[STDOUT  ] 2017-07-13T14:58:35.807621047Z: [34mINFO[0m[0000] loading plugin "io.containerd.grpc.v1.snapshots"...  [34mmodule[0m=containerd [34mtype[0m=io.containerd.grpc.v1
[STDERR  ] 2017-07-13T14:58:35.807624235Z: [    0.000000] tsc: Detected 2600.002 MHz processor
[STDOUT  ] 2017-07-13T14:58:35.807630525Z: [34mINFO[0m[0000] loading plugin "io.containerd.grpc.v1.version"...  [34mmodule[0m=containerd [34mtype[0m=io.containerd.grpc.v1
[STDERR  ] 2017-07-13T14:58:35.807633441Z: [    0.022263] Calibrating delay loop (skipped), value calculated using timer frequency.. 5200.00 BogoMIPS (lpj=26000020)
[STDOUT  ] 2017-07-13T14:58:35.807635455Z: [   16.968432] random: fast init done
[STDERR  ] 2017-07-13T14:58:35.80764734Z: [    0.031219] pid_max: default: 32768 minimum: 301
[STDOUT  ] 2017-07-13T14:58:35.807649134Z: [34mINFO[0m[0000] starting GRPC API server...                   [34mmodule[0m=containerd
[STDERR  ] 2017-07-13T14:58:35.807652207Z: [    0.032349] ACPI: Core revision 20160831
[STDOUT  ] 2017-07-13T14:58:35.80765839Z: [34mINFO[0m[0000] containerd successfully booted in 0.237647s   [34mmodule[0m=containerd
[STDOUT  ] 2017-07-13T14:58:35.80766821Z: [   17.454442] IPVS: Creating netns size=2104 id=1
[STDERR  ] 2017-07-13T14:58:35.807670977Z: [    0.074507] ACPI: 1 ACPI AML tables successfully acquired and loaded
[STDERR  ] 2017-07-13T14:58:35.807680421Z: [    0.079448] Security Framework initialized
[STDERR  ] 2017-07-13T14:58:35.807685192Z: [    0.080049] Yama: becoming mindful.
[STDOUT  ] 2017-07-13T14:58:35.807686732Z: [   17.454987] IPVS: ftp: loaded support on port[0] = 21
[STDOUT  ] 2017-07-13T14:58:35.807691517Z:  - 000-binfmt
[STDOUT  ] 2017-07-13T14:58:35.807700408Z: binfmt test suite PASSED
[STDERR  ] 2017-07-13T14:58:35.807705491Z: [    0.083179] Mount-cache hash table entries: 2048 (order: 2, 16384 bytes)
[STDERR  ] 2017-07-13T14:58:35.807714684Z: [    0.084180] Mountpoint-cache hash table entries: 2048 (order: 2, 16384 bytes)
[STDOUT  ] 2017-07-13T14:58:35.807716132Z:  - 001-test
[STDOUT  ] 2017-07-13T14:58:35.807720945Z: [   31.061040] ACPI: Preparing to enter system sleep state S5
[STDERR  ] 2017-07-13T14:58:35.80772425Z: [    0.104049] Last level iTLB entries: 4KB 0, 2MB 0, 4MB 0
[STDERR  ] 2017-07-13T14:58:35.80773349Z: [    0.104554] Last level dTLB entries: 4KB 0, 2MB 0, 4MB 0, 1GB 0
[STDOUT  ] 2017-07-13T14:58:35.807735045Z: [   31.062756] reboot: Power down
[STDERR  ] 2017-07-13T14:58:35.807746845Z: [    0.401203] Freeing SMP alternatives memory: 20K (ffffffff8feb0000 - ffffffff8feb5000)
[STDERR  ] 2017-07-13T14:58:35.807751545Z: [    0.411802] ftrace: allocating 35489 entries in 139 pages
[STDERR  ] 2017-07-13T14:58:35.807765371Z: [    0.572233] smpboot: Max logical packages: 1
[STDERR  ] 2017-07-13T14:58:35.807778974Z: [    0.579456] ..TIMER: vector=0x30 apic1=0 pin1=2 apic2=-1 pin2=-1
[STDERR  ] 2017-07-13T14:58:35.807787471Z: [    0.680000] smpboot: CPU0: AMD QEMU Virtual CPU version 2.5+ (family: 0x6, model: 0x6, stepping: 0x3)
[STDERR  ] 2017-07-13T14:58:35.807796151Z: [    0.680000] Performance Events: PMU not available due to virtualization, using software events only.
[STDERR  ] 2017-07-13T14:58:35.807804491Z: [    0.689167] NMI watchdog: disabled (cpu0): hardware events not enabled
[STDERR  ] 2017-07-13T14:58:35.807812674Z: [    0.689669] NMI watchdog: Shutting down hard lockup detector on all cpus
[STDERR  ] 2017-07-13T14:58:35.807820985Z: [    0.693705] x86: Booted up 1 node, 1 CPUs
[STDERR  ] 2017-07-13T14:58:35.807829324Z: [    0.694094] smpboot: Total of 1 processors activated (5200.00 BogoMIPS)
[STDERR  ] 2017-07-13T14:58:35.807840787Z: [    0.708460] devtmpfs: initialized
[STDERR  ] 2017-07-13T14:58:35.807850204Z: [    0.715433] x86/mm: Memory block size: 128MB
[STDERR  ] 2017-07-13T14:58:35.807858572Z: [    0.781493] clocksource: jiffies: mask: 0xffffffff max_cycles: 0xffffffff, max_idle_ns: 19112604462750000 ns
[STDERR  ] 2017-07-13T14:58:35.807867022Z: [    0.782494] futex hash table entries: 256 (order: 2, 16384 bytes)
[STDERR  ] 2017-07-13T14:58:35.807876307Z: [    0.791701] NET: Registered protocol family 16
[STDERR  ] 2017-07-13T14:58:35.807887359Z: [    0.801386] cpuidle: using governor ladder
[STDERR  ] 2017-07-13T14:58:35.807896146Z: [    0.801886] cpuidle: using governor menu
[STDERR  ] 2017-07-13T14:58:35.807907654Z: [    0.803158] ACPI: bus type PCI registered
[STDERR  ] 2017-07-13T14:58:35.80792279Z: [    0.805943] PCI: MMCONFIG for domain 0000 [bus 00-ff] at [mem 0xb0000000-0xbfffffff] (base 0xb0000000)
[STDERR  ] 2017-07-13T14:58:35.807936286Z: [    0.806753] PCI: MMCONFIG at [mem 0xb0000000-0xbfffffff] reserved in E820
[STDERR  ] 2017-07-13T14:58:35.807945507Z: [    0.808115] PCI: Using configuration type 1 for base access
[STDERR  ] 2017-07-13T14:58:35.80795438Z: [    0.863571] HugeTLB registered 2 MB page size, pre-allocated 0 pages
[STDERR  ] 2017-07-13T14:58:35.807959217Z: [    0.877870] ACPI: Added _OSI(Module Device)
[STDERR  ] 2017-07-13T14:58:35.807974523Z: [    0.878257] ACPI: Added _OSI(Processor Device)
[STDERR  ] 2017-07-13T14:58:35.807979017Z: [    0.878583] ACPI: Added _OSI(3.0 _SCP Extensions)
[STDERR  ] 2017-07-13T14:58:35.807998001Z: [    0.878935] ACPI: Added _OSI(Processor Aggregator Device)
[STDERR  ] 2017-07-13T14:58:35.808006597Z: [    0.948737] ACPI: Interpreter enabled
[STDERR  ] 2017-07-13T14:58:35.808014921Z: [    0.950695] ACPI: (supports S0 S5)
[STDERR  ] 2017-07-13T14:58:35.808023334Z: [    0.951083] ACPI: Using IOAPIC for interrupt routing
[STDERR  ] 2017-07-13T14:58:35.808031943Z: [    0.953919] PCI: Using host bridge windows from ACPI; if necessary, use "pci=nocrs" and report a bug
[STDERR  ] 2017-07-13T14:58:35.808040646Z: [    1.016526] ACPI: PCI Root Bridge [PCI0] (domain 0000 [bus 00-ff])
[STDERR  ] 2017-07-13T14:58:35.808049686Z: [    1.017760] acpi PNP0A08:00: _OSC: OS supports [ExtendedConfig ASPM ClockPM Segments MSI]
[STDERR  ] 2017-07-13T14:58:35.808059033Z: [    1.024387] acpi PNP0A08:00: _OSC: OS now controls [PCIeHotplug PME PCIeCapability]
[STDERR  ] 2017-07-13T14:58:35.808068154Z: [    1.028043] PCI host bridge to bus 0000:00
[STDERR  ] 2017-07-13T14:58:35.808077233Z: [    1.028612] pci_bus 0000:00: root bus resource [io  0x0000-0x0cf7 window]
[STDERR  ] 2017-07-13T14:58:35.80808678Z: [    1.029114] pci_bus 0000:00: root bus resource [io  0x0d00-0xffff window]
[STDERR  ] 2017-07-13T14:58:35.808096606Z: [    1.029608] pci_bus 0000:00: root bus resource [mem 0x000a0000-0x000bffff window]
[STDERR  ] 2017-07-13T14:58:35.808106259Z: [    1.030107] pci_bus 0000:00: root bus resource [mem 0xc0000000-0xfebfffff window]
[STDERR  ] 2017-07-13T14:58:35.808110811Z: [    1.030775] pci_bus 0000:00: root bus resource [bus 00-ff]
[STDERR  ] 2017-07-13T14:58:35.808126736Z: [    1.117702] pci 0000:00:1f.0: quirk: [io  0x0600-0x067f] claimed by ICH6 ACPI/GPIO/TCO
[STDERR  ] 2017-07-13T14:58:35.80814088Z: [    1.175325] ACPI: PCI Interrupt Link [LNKA] (IRQs 5 *10 11)
[STDERR  ] 2017-07-13T14:58:35.808155119Z: [    1.178243] ACPI: PCI Interrupt Link [LNKB] (IRQs 5 *10 11)
[STDERR  ] 2017-07-13T14:58:35.808160233Z: [    1.181238] ACPI: PCI Interrupt Link [LNKC] (IRQs 5 10 *11)
[STDERR  ] 2017-07-13T14:58:35.808168996Z: [    1.183056] ACPI: PCI Interrupt Link [LNKD] (IRQs 5 10 *11)
[STDERR  ] 2017-07-13T14:58:35.808182606Z: [    1.184923] ACPI: PCI Interrupt Link [LNKE] (IRQs 5 *10 11)
[STDERR  ] 2017-07-13T14:58:35.808192294Z: [    1.186754] ACPI: PCI Interrupt Link [LNKF] (IRQs 5 *10 11)
[STDERR  ] 2017-07-13T14:58:35.808202829Z: [    1.188543] ACPI: PCI Interrupt Link [LNKG] (IRQs 5 10 *11)
[STDERR  ] 2017-07-13T14:58:35.80820801Z: [    1.190493] ACPI: PCI Interrupt Link [LNKH] (IRQs 5 10 *11)
[STDERR  ] 2017-07-13T14:58:35.808217821Z: [    1.191505] ACPI: PCI Interrupt Link [GSIA] (IRQs *16)
[STDERR  ] 2017-07-13T14:58:35.808230844Z: [    1.192255] ACPI: PCI Interrupt Link [GSIB] (IRQs *17)
[STDERR  ] 2017-07-13T14:58:35.808239451Z: [    1.193052] ACPI: PCI Interrupt Link [GSIC] (IRQs *18)
[STDERR  ] 2017-07-13T14:58:35.808247934Z: [    1.193820] ACPI: PCI Interrupt Link [GSID] (IRQs *19)
[STDERR  ] 2017-07-13T14:58:35.808256721Z: [    1.194590] ACPI: PCI Interrupt Link [GSIE] (IRQs *20)
[STDERR  ] 2017-07-13T14:58:35.80826511Z: [    1.195327] ACPI: PCI Interrupt Link [GSIF] (IRQs *21)
[STDERR  ] 2017-07-13T14:58:35.80826977Z: [    1.196087] ACPI: PCI Interrupt Link [GSIG] (IRQs *22)
[STDERR  ] 2017-07-13T14:58:35.808278024Z: [    1.196852] ACPI: PCI Interrupt Link [GSIH] (IRQs *23)
[STDERR  ] 2017-07-13T14:58:35.808291089Z: [    1.200796] ACPI: Enabled 2 GPEs in block 00 to 3F
[STDERR  ] 2017-07-13T14:58:35.808300367Z: [    1.205022] SCSI subsystem initialized
[STDERR  ] 2017-07-13T14:58:35.808309227Z: [    1.206892] ACPI: bus type USB registered
[STDERR  ] 2017-07-13T14:58:35.808318176Z: [    1.208062] usbcore: registered new interface driver usbfs
[STDERR  ] 2017-07-13T14:58:35.808327681Z: [    1.209116] usbcore: registered new interface driver hub
[STDERR  ] 2017-07-13T14:58:35.808342174Z: [    1.210118] usbcore: registered new device driver usb
[STDERR  ] 2017-07-13T14:58:35.808350894Z: [    1.211678] pps_core: LinuxPPS API ver. 1 registered
[STDERR  ] 2017-07-13T14:58:35.808359996Z: [    1.211986] pps_core: Software ver. 5.3.6 - Copyright 2005-2007 Rodolfo Giometti <giometti@linux.it>
[STDERR  ] 2017-07-13T14:58:35.808374573Z: [    1.212785] PTP clock support registered
[STDERR  ] 2017-07-13T14:58:35.808379356Z: [    1.214026] wmi: Mapper loaded
[STDERR  ] 2017-07-13T14:58:35.808388857Z: [    1.215244] PCI: Using ACPI for IRQ routing
[STDERR  ] 2017-07-13T14:58:35.808402336Z: [    1.233603] NetLabel: Initializing
[STDERR  ] 2017-07-13T14:58:35.808416609Z: [    1.233864] NetLabel:  domain hash size = 128
[STDERR  ] 2017-07-13T14:58:35.808430201Z: [    1.234206] NetLabel:  protocols = UNLABELED CIPSOv4
[STDERR  ] 2017-07-13T14:58:35.808434526Z: [    1.236969] NetLabel:  unlabeled traffic allowed by default
[STDERR  ] 2017-07-13T14:58:35.808447128Z: [    1.238308] HPET: 3 timers in total, 0 timers will be used for per-cpu timer
[STDERR  ] 2017-07-13T14:58:35.808451435Z: [    1.239101] hpet0: at MMIO 0xfed00000, IRQs 2, 8, 0
[STDERR  ] 2017-07-13T14:58:35.80846396Z: [    1.239686] hpet0: 3 comparators, 64-bit 100.000000 MHz counter
[STDERR  ] 2017-07-13T14:58:35.808472609Z: [    1.247883] clocksource: Switched to clocksource hpet
[STDERR  ] 2017-07-13T14:58:35.808476885Z: [    1.492058] VFS: Disk quotas dquot_6.6.0
[STDERR  ] 2017-07-13T14:58:35.808486156Z: [    1.492972] VFS: Dquot-cache hash table entries: 512 (order 0, 4096 bytes)
[STDERR  ] 2017-07-13T14:58:35.80850015Z: [    1.499252] FS-Cache: Loaded
[STDERR  ] 2017-07-13T14:58:35.808516722Z: [    1.504316] CacheFiles: Loaded
[STDERR  ] 2017-07-13T14:58:35.808526328Z: [    1.505970] pnp: PnP ACPI init
