[INFO    ] 2019-04-18T19:24:59.399522794Z: Running Test linuxkit.packages.dm-crypt.luks in /tmp/with_clone3604a425/test/cases/040_packages/004_dm-crypt/001_luks
[STDERR  ] 2019-04-18T19:24:59.399665478Z: [    1.007668] hpet0: 3 comparators, 64-bit 100.000000 MHz counter
[STDERR  ] 2019-04-18T19:24:59.399704964Z: [    1.015988] clocksource: Switched to clocksource hpet
[STDERR  ] 2019-04-18T19:24:59.399734648Z: [    1.384364] VFS: Disk quotas dquot_6.6.0
[STDERR  ] 2019-04-18T19:24:59.399773385Z: [    1.385524] VFS: Dquot-cache hash table entries: 512 (order 0, 4096 bytes)
[INFO    ] 2019-04-18T19:24:59.399928961Z: Running command: [/bin/sh -x /tmp/with_clone3604a425/test/cases/040_packages/004_dm-crypt/001_luks/test.sh]
[STDERR  ] 2019-04-18T19:24:59.399936368Z: [    1.389504] FS-Cache: Loaded
[STDERR  ] 2019-04-18T19:24:59.399969095Z: [    1.396393] CacheFiles: Loaded
[STDERR  ] 2019-04-18T19:24:59.399997643Z: [    1.397882] pnp: PnP ACPI init
[STDERR  ] 2019-04-18T19:24:59.400027156Z: [    1.411916] pnp: PnP ACPI: found 5 devices
[STDERR  ] 2019-04-18T19:24:59.400056897Z: [    1.462282] clocksource: acpi_pm: mask: 0xffffff max_cycles: 0xffffff, max_idle_ns: 2085701024 ns
[STDERR  ] 2019-04-18T19:24:59.400086180Z: [    1.465985] NET: Registered protocol family 2
[STDERR  ] 2019-04-18T19:24:59.400140120Z: [    1.475718] TCP established hash table entries: 8192 (order: 4, 65536 bytes)
[STDERR  ] 2019-04-18T19:24:59.400190701Z: [    1.476862] TCP bind hash table entries: 8192 (order: 5, 131072 bytes)
[STDERR  ] 2019-04-18T19:24:59.400216328Z: [    1.478789] TCP: Hash tables configured (established 8192 bind 8192)
[STDERR  ] 2019-04-18T19:24:59.400240779Z: [    1.482041] UDP hash table entries: 512 (order: 2, 16384 bytes)
[STDERR  ] 2019-04-18T19:24:59.400262801Z: [    1.483029] UDP-Lite hash table entries: 512 (order: 2, 16384 bytes)
[STDERR  ] 2019-04-18T19:24:59.400284082Z: [    1.486559] NET: Registered protocol family 1
[STDERR  ] 2019-04-18T19:24:59.400305007Z: [    1.487908] pci 0000:00:01.0: Video device with shadowed ROM at [mem 0x000c0000-0x000dffff]
[STDERR  ] 2019-04-18T19:24:59.400326737Z: [    1.496506] Trying to unpack rootfs image as initramfs...
[STDERR  ] 2019-04-18T19:24:59.400347684Z: [    6.828415] Freeing initrd memory: 33908K
[STDERR  ] 2019-04-18T19:24:59.400368361Z: [    6.861068] PCLMULQDQ-NI instructions are not detected.
[STDERR  ] 2019-04-18T19:24:59.400389323Z: [    6.862991] AVX or AES-NI instructions are not detected.
[STDERR  ] 2019-04-18T19:24:59.400410355Z: [    6.863933] CPU feature 'AVX registers' is not supported.
[STDERR  ] 2019-04-18T19:24:59.400430873Z: [    6.864658] CPU feature 'AVX registers' is not supported.
[STDERR  ] 2019-04-18T19:24:59.400467510Z: [    6.865380] CPU feature 'AVX registers' is not supported.
[STDERR  ] 2019-04-18T19:24:59.400495516Z: [    6.865909] CPU feature 'AVX registers' is not supported.
[STDERR  ] 2019-04-18T19:24:59.400523324Z: [    6.866584] AVX2 or AES-NI instructions are not detected.
[STDERR  ] 2019-04-18T19:24:59.400545716Z: [    6.867261] AVX2 instructions are not detected.
[STDERR  ] 2019-04-18T19:24:59.400566341Z: [    6.874954] audit: initializing netlink subsys (disabled)
[STDERR  ] 2019-04-18T19:24:59.400595644Z: [    6.880599] audit: type=2
[STDERR  ] 2019-04-18T19:24:59.400939242Z: + set -e
[STDERR  ] 2019-04-18T19:24:59.401043715Z: + . /tmp/with_clone3604a425/test/cases/_lib/lib.sh
[STDERR  ] 2019-04-18T19:24:59.401100298Z: + [ -f src/github.com/linuxkit/rtf/lib/lib.sh ]
[STDERR  ] 2019-04-18T19:24:59.401122272Z: + LINUXKIT_TMPDIR=/tmp/with_clone3604a425/test/cases/_tmp
[STDERR  ] 2019-04-18T19:24:59.401147617Z: + [ -f /tmp/with_clone3604a425/test/cases/_tmp/env.sh ]
[STDERR  ] 2019-04-18T19:24:59.401186287Z: + . /tmp/with_clone3604a425/test/cases/_tmp/env.sh
[STDERR  ] 2019-04-18T19:24:59.401224017Z: + export LINUXKIT_EXAMPLES_DIR=/tmp/with_clone3604a425/test/cases/../../examples
[STDERR  ] 2019-04-18T19:24:59.401249647Z: + RT_CANCEL=253
[STDERR  ] 2019-04-18T19:24:59.401276771Z: + NAME=dm-crypt
[STDERR  ] 2019-04-18T19:24:59.401297643Z: + DISK=disk.img
[STDERR  ] 2019-04-18T19:24:59.401326372Z: + trap clean_up EXIT
[STDERR  ] 2019-04-18T19:24:59.401393089Z: + linuxkit build -format kernel+initrd -name dm-crypt test.yml
[STDERR  ] 2019-04-18T19:24:59.459888610Z: Extract kernel image: linuxkit/kernel:4.14.88
[STDERR  ] 2019-04-18T19:25:04.623279416Z: Add init containers:
[STDERR  ] 2019-04-18T19:25:04.623377941Z: Process init image: linuxkit/init:v0.7
[STDERR  ] 2019-04-18T19:25:06.511951523Z: Process init image: linuxkit/runc:v0.7
[STDERR  ] 2019-04-18T19:25:08.263417378Z: Add onboot containers:
[STDERR  ] 2019-04-18T19:25:08.263542473Z:   Create OCI config for linuxkit/dm-crypt:v0.7
[STDERR  ] 2019-04-18T19:25:09.975809804Z:   Create OCI config for alpine:3.9
[STDERR  ] 2019-04-18T19:25:11.707748883Z:   Create OCI config for linuxkit/poweroff:b498d30dd9660090565537fceb9e757618737a85
[STDERR  ] 2019-04-18T19:25:13.391574222Z: Add files:
[STDERR  ] 2019-04-18T19:25:13.391674474Z:   check.sh
[STDERR  ] 2019-04-18T19:25:13.391709048Z:   etc/dm-crypt/key
[STDERR  ] 2019-04-18T19:25:13.391881063Z: Create outputs:
[STDERR  ] 2019-04-18T19:25:19.145583818Z:   dm-crypt-kernel dm-crypt-initrd.img dm-crypt-cmdline
[STDERR  ] 2019-04-18T19:25:19.237904798Z: + linuxkit run -disk file=disk.img,size=8M dm-crypt
[STDERR  ] 2019-04-18T19:26:33.476150739Z: + RESULT=[    0.000000] Linux version 4.14.88-linuxkit (root@e9515dce7e93) (gcc version 6.4.0 (Alpine 6.4.0)) #1 SMP Thu Dec 13 23:53:55 UTC 2018
[STDERR  ] 2019-04-18T19:26:33.476360525Z: [    0.000000] Command line: console=ttyS0 console=ttyAMA0
[STDERR  ] 2019-04-18T19:26:33.476389645Z: [    0.000000] x86/fpu: x87 FPU will use FXSAVE
[STDERR  ] 2019-04-18T19:26:33.476414729Z: [    0.000000] e820: BIOS-provided physical RAM map:
[STDERR  ] 2019-04-18T19:26:33.476439535Z: [    0.000000] BIOS-e820: [mem 0x0000000000000000-0x000000000009fbff] usable
[STDERR  ] 2019-04-18T19:26:33.476464840Z: [    0.000000] BIOS-e820: [mem 0x000000000009fc00-0x000000000009ffff] reserved
[STDERR  ] 2019-04-18T19:26:33.476487470Z: [    0.000000] BIOS-e820: [mem 0x00000000000f0000-0x00000000000fffff] reserved
[STDERR  ] 2019-04-18T19:26:33.476509426Z: [    0.000000] BIOS-e820: [mem 0x0000000000100000-0x000000003ffdefff] usable
[STDERR  ] 2019-04-18T19:26:33.476532416Z: [    0.000000] BIOS-e820: [mem 0x000000003ffdf000-0x000000003fffffff] reserved
[STDERR  ] 2019-04-18T19:26:33.476555156Z: [    0.000000] BIOS-e820: [mem 0x00000000b0000000-0x00000000bfffffff] reserved
[STDERR  ] 2019-04-18T19:26:33.476577684Z: [    0.000000] BIOS-e820: [mem 0x00000000fed1c000-0x00000000fed1ffff] reserved
[STDERR  ] 2019-04-18T19:26:33.476599874Z: [    0.000000] BIOS-e820: [mem 0x00000000fffc0000-0x00000000ffffffff] reserved
[STDERR  ] 2019-04-18T19:26:33.476621857Z: [    0.000000] NX (Execute Disable) protection: active
[STDERR  ] 2019-04-18T19:26:33.476643916Z: [    0.000000] SMBIOS 2.8 present.
[STDERR  ] 2019-04-18T19:26:33.476665980Z: [    0.000000] DMI: QEMU Standard PC (Q35 + ICH9, 2009), BIOS rel-1.10.2-0-g5f4c7b1-prebuilt.qemu-project.org 04/01/2014
[STDERR  ] 2019-04-18T19:26:33.476692124Z: [    0.000000] tsc: Fast TSC calibration using PIT
[STDERR  ] 2019-04-18T19:26:33.476713776Z: [    0.000000] e820: last_pfn = 0x3ffdf max_arch_pfn = 0x400000000
[STDERR  ] 2019-04-18T19:26:33.476735385Z: [    0.000000] x86/PAT: Configuration [0-7]: WB  WC  UC- UC  WB  WP  UC- WT  
[STDERR  ] 2019-04-18T19:26:33.476765478Z: [    0.000000] found SMP MP-table at [mem 0x000f6aa0-0x000f6aaf] mapped at [ffffffffff200aa0]
[STDERR  ] 2019-04-18T19:26:33.476788745Z: [    0.000000] RAMDISK: [mem 0x3deb3000-0x3ffcffff]
[STDERR  ] 2019-04-18T19:26:33.476813330Z: [    0.000000] ACPI: Early table checksum verification disabled
[STDERR  ] 2019-04-18T19:26:33.476876347Z: [    0.000000] ACPI: RSDP 0x00000000000F68C0 000014 (v00 BOCHS )
[STDERR  ] 2019-04-18T19:26:33.476898584Z: [    0.000000] ACPI: RSDT 0x000000003FFE2404 000034 (v01 BOCHS  BXPCRSDT 00000001 BXPC 00000001)
[STDERR  ] 2019-04-18T19:26:33.476920685Z: [    0.000000] ACPI: FACP 0x000000003FFE22A4 000074 (v01 BOCHS  BXPCFACP 00000001 BXPC 00000001)
[STDERR  ] 2019-04-18T19:26:33.476948526Z: [    0.000000] ACPI: DSDT 0x000000003FFE0040 002264 (v01 BOCHS  BXPCDSDT 00000001 BXPC 00000001)
[STDERR  ] 2019-04-18T19:26:33.476976248Z: [    0.000000] ACPI: FACS 0x000000003FFE0000 000040
[STDERR  ] 2019-04-18T19:26:33.476998495Z: [    0.000000] ACPI: APIC 0x000000003FFE2318 000078 (v01 BOCHS  BXPCAPIC 00000001 BXPC 00000001)
[STDERR  ] 2019-04-18T19:26:33.477019838Z: [    0.000000] ACPI: HPET 0x000000003FFE2390 000038 (v01 BOCHS  BXPCHPET 00000001 BXPC 00000001)
[STDERR  ] 2019-04-18T19:26:33.477041243Z: [    0.000000] ACPI: MCFG 0x000000003FFE23C8 00003C (v01 BOCHS  BXPCMCFG 00000001 BXPC 00000001)
[STDERR  ] 2019-04-18T19:26:33.477068540Z: [    0.000000] Zone ranges:
[STDERR  ] 2019-04-18T19:26:33.477089565Z: [    0.000000]   DMA      [mem 0x0000000000001000-0x0000000000ffffff]
[STDERR  ] 2019-04-18T19:26:33.477110182Z: [    0.000000]   DMA32    [mem 0x0000000001000000-0x000000003ffdefff]
[STDERR  ] 2019-04-18T19:26:33.477131491Z: [    0.000000]   Normal   empty
[STDERR  ] 2019-04-18T19:26:33.477153876Z: [    0.000000]   Device   empty
[STDERR  ] 2019-04-18T19:26:33.477185434Z: [    0.000000] Movable zone start for each node
[STDERR  ] 2019-04-18T19:26:33.477205852Z: [    0.000000] Early memory node ranges
[STDERR  ] 2019-04-18T19:26:33.477233279Z: [    0.000000]   node   0: [mem 0x0000000000001000-0x000000000009efff]
[STDERR  ] 2019-04-18T19:26:33.477254921Z: [    0.000000]   node   0: [mem 0x0000000000100000-0x000000003ffdefff]
[STDERR  ] 2019-04-18T19:26:33.477284984Z: [    0.000000] Initmem setup node 0 [mem 0x0000000000001000-0x000000003ffdefff]
[STDERR  ] 2019-04-18T19:26:33.477306330Z: [    0.000000] ACPI: PM-Timer IO Port: 0x608
[STDERR  ] 2019-04-18T19:26:33.477344047Z: [    0.000000] ACPI: LAPIC_NMI (acpi_id[0xff] dfl dfl lint[0x1])
[STDERR  ] 2019-04-18T19:26:33.477365840Z: [    0.000000] IOAPIC[0]: apic_id 0, version 32, address 0xfec00000, GSI 0-23
[STDERR  ] 2019-04-18T19:26:33.477387295Z: [    0.000000] ACPI: INT_SRC_OVR (bus 0 bus_irq 0 global_irq 2 dfl dfl)
[STDERR  ] 2019-04-18T19:26:33.477421362Z: [    0.000000] ACPI: INT_SRC_OVR (bus 0 bus_irq 5 global_irq 5 high level)
[STDERR  ] 2019-04-18T19:26:33.477448828Z: [    0.000000] ACPI: INT_SRC_OVR (bus 0 bus_irq 9 global_irq 9 high level)
[STDERR  ] 2019-04-18T19:26:33.477470400Z: [    0.000000] ACPI: INT_SRC_OVR (bus 0 bus_irq 10 global_irq 10 high level)
[STDERR  ] 2019-04-18T19:26:33.477493445Z: [    0.000000] ACPI: INT_SRC_OVR (bus 0 bus_irq 11 global_irq 11 high level)
[STDERR  ] 2019-04-18T19:26:33.477523785Z: [    0.000000] Using ACPI (MADT) for SMP configuration information
[STDERR  ] 2019-04-18T19:26:33.477545119Z: [    0.000000] ACPI: HPET id: 0x8086a201 base: 0xfed00000
[STDERR  ] 2019-04-18T19:26:33.477566306Z: [    0.000000] smpboot: Allowing 1 CPUs, 0 hotplug CPUs
[STDERR  ] 2019-04-18T19:26:33.477591289Z: [    0.000000] e820: [mem 0x40000000-0xafffffff] available for PCI devices
[STDERR  ] 2019-04-18T19:26:33.477612730Z: [    0.000000] Booting paravirtualized kernel on bare hardware
[STDERR  ] 2019-04-18T19:26:33.477638234Z: [    0.000000] clocksource: refined-jiffies: mask: 0xffffffff max_cycles: 0xffffffff, max_idle_ns: 1910969940391419 ns
[STDERR  ] 2019-04-18T19:26:33.477660145Z: [    0.000000] random: get_random_bytes called from start_kernel+0x92/0x4d1 with crng_init=0
[STDERR  ] 2019-04-18T19:26:33.477682333Z: [    0.000000] setup_percpu: NR_CPUS:128 nr_cpumask_bits:128 nr_cpu_ids:1 nr_node_ids:1
[STDERR  ] 2019-04-18T19:26:33.477720207Z: [    0.000000] percpu: Embedded 45 pages/cpu @ffff91ebfdc00000 s144216 r8192 d31912 u2097152
[STDERR  ] 2019-04-18T19:26:33.477743449Z: [    0.000000] Built 1 zonelists, mobility grouping on.  Total pages: 257896
[STDERR  ] 2019-04-18T19:26:33.477771966Z: [    0.000000] Kernel command line: console=ttyS0 console=ttyAMA0
[STDERR  ] 2019-04-18T19:26:33.477793175Z: [    0.000000] PID hash table entries: 4096 (order: 3, 32768 bytes)
[STDERR  ] 2019-04-18T19:26:33.477815395Z: [    0.000000] Dentry cache hash table entries: 131072 (order: 8, 1048576 bytes)
[STDERR  ] 2019-04-18T19:26:33.477841307Z: [    0.000000] Inode-cache hash table entries: 65536 (order: 7, 524288 bytes)
[STDERR  ] 2019-04-18T19:26:33.477864203Z: [    0.000000] Memory: 970964K/1048052K available (12300K kernel code, 1445K rwdata, 2964K rodata, 1532K init, 580K bss, 77088K reserved, 0K cma-reserved)
[STDERR  ] 2019-04-18T19:26:33.477893870Z: [    0.000000] ftrace: allocating 40620 entries in 159 pages
[STDERR  ] 2019-04-18T19:26:33.477916656Z: [    0.000000] Hierarchical RCU implementation.
[STDERR  ] 2019-04-18T19:26:33.477938707Z: [    0.000000] 	RCU restricting CPUs from NR_CPUS=128 to nr_cpu_ids=1.
[STDERR  ] 2019-04-18T19:26:33.477960001Z: [    0.000000] RCU: Adjusting geometry for rcu_fanout_leaf=16, nr_cpu_ids=1
[STDERR  ] 2019-04-18T19:26:33.477981192Z: [    0.000000] NR_IRQS: 8448, nr_irqs: 256, preallocated irqs: 16
[STDERR  ] 2019-04-18T19:26:33.478018210Z: [    0.000000] Console: colour VGA+ 80x25
[STDERR  ] 2019-04-18T19:26:33.478039252Z: [    0.000000] console [ttyS0] enabled
[STDERR  ] 2019-04-18T19:26:33.478061732Z: [    0.000000] clocksource: hpet: mask: 0xffffffff max_cycles: 0xffffffff, max_idle_ns: 19112604467 ns
[STDERR  ] 2019-04-18T19:26:33.478083036Z: [    0.002000] tsc: Fast TSC calibration using PIT
[STDERR  ] 2019-04-18T19:26:33.478103951Z: [    0.003000] tsc: Detected 2599.828 MHz processor
[STDERR  ] 2019-04-18T19:26:33.478124939Z: [    0.006095] Calibrating delay loop (skipped), value calculated using timer frequency.. 5199.65 BogoMIPS (lpj=2599828)
[STDERR  ] 2019-04-18T19:26:33.478147476Z: [    0.007125] pid_max: default: 32768 minimum: 301
[STDERR  ] 2019-04-18T19:26:33.478176144Z: [    0.008538] ACPI: Core revision 20170728
[STDERR  ] 2019-04-18T19:26:33.478197191Z: [    0.050430] ACPI: 1 ACPI AML tables successfully acquired and loaded
[STDERR  ] 2019-04-18T19:26:33.478223202Z: [    0.055234] Security Framework initialized
[STDERR  ] 2019-04-18T19:26:33.478270568Z: [    0.055754] Yama: becoming mindful.
[STDERR  ] 2019-04-18T19:26:33.478294670Z: [    0.058218] Mount-cache hash table entries: 2048 (order: 2, 16384 bytes)
[STDERR  ] 2019-04-18T19:26:33.478322127Z: [    0.058838] Mountpoint-cache hash table entries: 2048 (order: 2, 16384 bytes)
[STDERR  ] 2019-04-18T19:26:33.478350108Z: [    0.081603] Last level iTLB entries: 4KB 0, 2MB 0, 4MB 0
[STDERR  ] 2019-04-18T19:26:33.478370711Z: [    0.082054] Last level dTLB entries: 4KB 0, 2MB 0, 4MB 0, 1GB 0
[STDERR  ] 2019-04-18T19:26:33.478391626Z: [    0.083192] Spectre V2 : Spectre mitigation: LFENCE not serializing, switching to generic retpoline
[STDERR  ] 2019-04-18T19:26:33.478413222Z: [    0.084056] Spectre V2 : Mitigation: Full generic retpoline
[STDERR  ] 2019-04-18T19:26:33.478434653Z: [    0.084590] Spectre V2 : Spectre v2 / SpectreRSB mitigation: Filling RSB on context switch
[STDERR  ] 2019-04-18T19:26:33.478455643Z: [    0.085128] Speculative Store Bypass: Vulnerable
[STDERR  ] 2019-04-18T19:26:33.478476396Z: [    0.256412] random: fast init done
[STDERR  ] 2019-04-18T19:26:33.478497960Z: [    0.422546] Freeing SMP alternatives memory: 20K
[STDERR  ] 2019-04-18T19:26:33.478523919Z: [    0.446505] smpboot: Max logical packages: 1
[STDERR  ] 2019-04-18T19:26:33.478550529Z: [    0.453000] ..TIMER: vector=0x30 apic1=0 pin1=2 apic2=-1 pin2=-1
[STDERR  ] 2019-04-18T19:26:33.478572375Z: [    0.463000] smpboot: CPU0: AMD QEMU Virtual CPU version 2.5+ (family: 0x6, model: 0x6, stepping: 0x3)
[STDERR  ] 2019-04-18T19:26:33.478593801Z: [    0.470391] Performance Events: PMU not available due to virtualization, using software events only.
[STDERR  ] 2019-04-18T19:26:33.478615167Z: [    0.475107] Hierarchical SRCU implementation.
[STDERR  ] 2019-04-18T19:26:33.478639922Z: [    0.481467] NMI watchdog: Perf event create on CPU 0 failed with -2
[STDERR  ] 2019-04-18T19:26:33.478689585Z: [    0.482062] NMI watchdog: Perf NMI watchdog permanently disabled
[STDERR  ] 2019-04-18T19:26:33.478710541Z: [    0.486240] smp: Bringing up secondary CPUs ...
[STDERR  ] 2019-04-18T19:26:33.478732359Z: [    0.487107] smp: Brought up 1 node, 1 CPU
[STDERR  ] 2019-04-18T19:26:33.478758860Z: [    0.487580] smpboot: Total of 1 processors activated (5199.65 BogoMIPS)
[STDERR  ] 2019-04-18T19:26:33.478780150Z: [    0.507475] devtmpfs: initialized
[STDERR  ] 2019-04-18T19:26:33.478800850Z: [    0.512904] x86/mm: Memory block size: 128MB
[STDERR  ] 2019-04-18T19:26:33.478823161Z: [    0.520204] evm: security.ima
[STDERR  ] 2019-04-18T19:26:33.478864675Z: [    0.520593] evm: security.capability
[STDERR  ] 2019-04-18T19:26:33.478892666Z: [    0.524708] clocksource: jiffies: mask: 0xffffffff max_cycles: 0xffffffff, max_idle_ns: 1911260446275000 ns
[STDERR  ] 2019-04-18T19:26:33.478914300Z: [    0.526036] futex hash table entries: 256 (order: 2, 16384 bytes)
[STDERR  ] 2019-04-18T19:26:33.478935259Z: [    0.539135] NET: Registered protocol family 16
[STDERR  ] 2019-04-18T19:26:33.478964654Z: [    0.547502] cpuidle: using governor ladder
[STDERR  ] 2019-04-18T19:26:33.478985673Z: [    0.548160] cpuidle: using governor menu
[STDERR  ] 2019-04-18T19:26:33.479006362Z: [    0.550241] ACPI: bus type PCI registered
[STDERR  ] 2019-04-18T19:26:33.479031231Z: [    0.554602] PCI: MMCONFIG for domain 0000 [bus 00-ff] at [mem 0xb0000000-0xbfffffff] (base 0xb0000000)
[STDERR  ] 2019-04-18T19:26:33.479052485Z: [    0.556167] PCI: MMCONFIG at [mem 0xb0000000-0xbfffffff] reserved in E820
[STDERR  ] 2019-04-18T19:26:33.479074404Z: [    0.557531] PCI: Using configuration type 1 for base access
[STDERR  ] 2019-04-18T19:26:33.479095326Z: [    0.627680] HugeTLB registered 2.00 MiB page size, pre-allocated 0 pages
[STDERR  ] 2019-04-18T19:26:33.479116441Z: [    0.640620] ACPI: Added _OSI(Module Device)
[STDERR  ] 2019-04-18T19:26:33.479137412Z: [    0.641072] ACPI: Added _OSI(Processor Device)
[STDERR  ] 2019-04-18T19:26:33.479165955Z: [    0.641429] ACPI: Added _OSI(3.0 _SCP Extensions)
[STDERR  ] 2019-04-18T19:26:33.479188648Z: [    0.642080] ACPI: Added _OSI(Processor Aggregator Device)
[STDERR  ] 2019-04-18T19:26:33.479210210Z: [    0.732394] ACPI: Interpreter enabled
[STDERR  ] 2019-04-18T19:26:33.479231095Z: [    0.733479] ACPI: (supports S0 S5)
[STDERR  ] 2019-04-18T19:26:33.479252316Z: [    0.733833] ACPI: Using IOAPIC for interrupt routing
[STDERR  ] 2019-04-18T19:26:33.479274335Z: [    0.736343] PCI: Using host bridge windows from ACPI; if necessary, use "pci=nocrs" and report a bug
[STDERR  ] 2019-04-18T19:26:33.479295020Z: [    0.741818] ACPI: Enabled 2 GPEs in block 00 to 3F
[STDERR  ] 2019-04-18T19:26:33.479320254Z: [    0.820104] ACPI: PCI Root Bridge [PCI0] (domain 0000 [bus 00-ff])
[STDERR  ] 2019-04-18T19:26:33.479340972Z: [    0.821296] acpi PNP0A08:00: _OSC: OS supports [ExtendedConfig ASPM ClockPM Segments MSI]
[STDERR  ] 2019-04-18T19:26:33.479361864Z: [    0.827242] acpi PNP0A08:00: _OSC: OS now controls [PCIeHotplug PME PCIeCapability]
[STDERR  ] 2019-04-18T19:26:33.479382630Z: [    0.831731] PCI host bridge to bus 0000:00
[STDERR  ] 2019-04-18T19:26:33.479403408Z: [    0.832272] pci_bus 0000:00: root bus resource [io  0x0000-0x0cf7 window]
[STDERR  ] 2019-04-18T19:26:33.479425545Z: [    0.833083] pci_bus 0000:00: root bus resource [io  0x0d00-0xffff window]
[STDERR  ] 2019-04-18T19:26:33.479446875Z: [    0.833616] pci_bus 0000:00: root bus resource [mem 0x000a0000-0x000bffff window]
[STDERR  ] 2019-04-18T19:26:33.479467633Z: [    0.834055] pci_bus 0000:00: root bus resource [mem 0xc0000000-0xfebfffff window]
[STDERR  ] 2019-04-18T19:26:33.479493958Z: [    0.835143] pci_bus 0000:00: root bus resource [bus 00-ff]
[STDERR  ] 2019-04-18T19:26:33.479514500Z: [    0.897506] pci 0000:00:1f.0: quirk: [io  0x0600-0x067f] claimed by ICH6 ACPI/GPIO/TCO
[STDERR  ] 2019-04-18T19:26:33.479535389Z: [    0.943275] ACPI: PCI Interrupt Link [LNKA] (IRQs 5 *10 11)
[STDERR  ] 2019-04-18T19:26:33.479562193Z: [    0.945697] ACPI: PCI Interrupt Link [LNKB] (IRQs 5 *10 11)
[STDERR  ] 2019-04-18T19:26:33.479583759Z: [    0.948241] ACPI: PCI Interrupt Link [LNKC] (IRQs 5 10 *11)
[STDERR  ] 2019-04-18T19:26:33.479605770Z: [    0.950387] ACPI: PCI Interrupt Link [LNKD] (IRQs 5 10 *11)
[STDERR  ] 2019-04-18T19:26:33.479631321Z: [    0.952506] ACPI: PCI Interrupt Link [LNKE] (IRQs 5 *10 11)
[STDERR  ] 2019-04-18T19:26:33.479652140Z: [    0.954598] ACPI: PCI Interrupt Link [LNKF] (IRQs 5 *10 11)
[STDERR  ] 2019-04-18T19:26:33.479675637Z: [    0.956688] ACPI: PCI Interrupt Link [LNKG] (IRQs 5 10 *11)
[STDERR  ] 2019-04-18T19:26:33.479696472Z: [    0.958796] ACPI: PCI Interrupt Link [LNKH] (IRQs 5 10 *11)
[STDERR  ] 2019-04-18T19:26:33.479717219Z: [    0.960050] ACPI: PCI Interrupt Link [GSIA] (IRQs *16)
[STDERR  ] 2019-04-18T19:26:33.479789285Z: [    0.960785] ACPI: PCI Interrupt Link [GSIB] (IRQs *17)
[STDERR  ] 2019-04-18T19:26:33.479810760Z: [    0.961331] ACPI: PCI Interrupt Link [GSIC] (IRQs *18)
[STDERR  ] 2019-04-18T19:26:33.479833261Z: [    0.962334] ACPI: PCI Interrupt Link [GSID] (IRQs *19)
[STDERR  ] 2019-04-18T19:26:33.479854028Z: [    0.963326] ACPI: PCI Interrupt Link [GSIE] (IRQs *20)
[STDERR  ] 2019-04-18T19:26:33.479875553Z: [    0.964282] ACPI: PCI Interrupt Link [GSIF] (IRQs *21)
[STDERR  ] 2019-04-18T19:26:33.479896207Z: [    0.965118] ACPI: PCI Interrupt Link [GSIG] (IRQs *22)
[STDERR  ] 2019-04-18T19:26:33.479917696Z: [    0.965831] ACPI: PCI Interrupt Link [GSIH] (IRQs *23)
[STDERR  ] 2019-04-18T19:26:33.479938762Z: [    0.975330] SCSI subsystem initialized
[STDERR  ] 2019-04-18T19:26:33.479959245Z: [    0.978704] ACPI: bus type USB registered
[STDERR  ] 2019-04-18T19:26:33.479981252Z: [    0.980275] usbcore: registered new interface driver usbfs
[STDERR  ] 2019-04-18T19:26:33.480003062Z: [    0.981295] usbcore: registered new interface driver hub
[STDERR  ] 2019-04-18T19:26:33.480024456Z: [    0.982199] usbcore: registered new device driver usb
[STDERR  ] 2019-04-18T19:26:33.480044884Z: [    0.983352] pps_core: LinuxPPS API ver. 1 registered
[STDERR  ] 2019-04-18T19:26:33.480065356Z: [    0.983791] pps_core: Software ver. 5.3.6 - Copyright 2005-2007 Rodolfo Giometti <giometti@linux.it>
[STDERR  ] 2019-04-18T19:26:33.480094702Z: [    0.984218] PTP clock support registered
[STDERR  ] 2019-04-18T19:26:33.480115777Z: [    0.987318] PCI: Using ACPI for IRQ routing
[STDERR  ] 2019-04-18T19:26:33.480136739Z: [    1.009248] NetLabel: Initializing
[STDERR  ] 2019-04-18T19:26:33.480157162Z: [    1.009598] NetLabel:  domain hash size = 128
[STDERR  ] 2019-04-18T19:26:33.480186430Z: [    1.009972] NetLabel:  protocols = UNLABELED CIPSOv4 CALIPSO
[STDERR  ] 2019-04-18T19:26:33.480266980Z: [    1.012494] NetLabel:  unlabeled traffic allowed by default
[STDERR  ] 2019-04-18T19:26:33.480287974Z: [    1.013739] HPET: 3 timers in total, 0 timers will be used for per-cpu timer
[STDERR  ] 2019-04-18T19:26:33.480313079Z: [    1.014322] hpet0: at MMIO 0xfed00000, IRQs 2, 8, 0
[STDERR  ] 2019-04-18T19:26:33.480334454Z: [    1.015054] hpet0: 3 comparators, 64-bit 100.000000 MHz counter
[STDERR  ] 2019-04-18T19:26:33.480355771Z: [    1.020713] clocksource: Switched to clocksource hpet
[STDERR  ] 2019-04-18T19:26:33.480377313Z: [    1.387807] VFS: Disk quotas dquot_6.6.0
[STDERR  ] 2019-04-18T19:26:33.480407332Z: [    1.388873] VFS: Dquot-cache hash table entries: 512 (order 0, 4096 bytes)
[STDERR  ] 2019-04-18T19:26:33.480428294Z: [    1.392479] FS-Cache: Loaded
[STDERR  ] 2019-04-18T19:26:33.480450015Z: [    1.399028] CacheFiles: Loaded
[STDERR  ] 2019-04-18T19:26:33.480475229Z: [    1.400565] pnp: PnP ACPI init
[STDERR  ] 2019-04-18T19:26:33.480495994Z: [    1.415791] pnp: PnP ACPI: found 5 devices
[STDERR  ] 2019-04-18T19:26:33.480518670Z: [    1.465480] clocksource: acpi_pm: mask: 0xffffff max_cycles: 0xffffff, max_idle_ns: 2085701024 ns
[STDERR  ] 2019-04-18T19:26:33.480539652Z: [    1.469068] NET: Registered protocol family 2
[STDERR  ] 2019-04-18T19:26:33.480566275Z: [    1.479835] TCP established hash table entries: 8192 (order: 4, 65536 bytes)
[STDERR  ] 2019-04-18T19:26:33.480587997Z: [    1.480957] TCP bind hash table entries: 8192 (order: 5, 131072 bytes)
[STDERR  ] 2019-04-18T19:26:33.480609767Z: [    1.482898] TCP: Hash tables configured (established 8192 bind 8192)
[STDERR  ] 2019-04-18T19:26:33.480630572Z: [    1.485771] UDP hash table entries: 512 (order: 2, 16384 bytes)
[STDERR  ] 2019-04-18T19:26:33.480655933Z: [    1.486765] UDP-Lite hash table entries: 512 (order: 2, 16384 bytes)
[STDERR  ] 2019-04-18T19:26:33.480676718Z: [    1.490012] NET: Registered protocol family 1
[STDERR  ] 2019-04-18T19:26:33.480699557Z: [    1.491628] pci 0000:00:01.0: Video device with shadowed ROM at [mem 0x000c0000-0x000dffff]
[STDERR  ] 2019-04-18T19:26:33.480722861Z: [    1.500865] Trying to unpack rootfs image as initramfs...
[STDERR  ] 2019-04-18T19:26:33.480745687Z: [    6.871796] Freeing initrd memory: 33908K
[STDERR  ] 2019-04-18T19:26:33.480767313Z: [    6.905529] PCLMULQDQ-NI instructions are not detected.
[STDERR  ] 2019-04-18T19:26:33.480789868Z: [    6.907534] AVX or AES-NI instructions are not detected.
[STDERR  ] 2019-04-18T19:26:33.480811249Z: [    6.908385] CPU feature 'AVX registers' is not supported.
[STDERR  ] 2019-04-18T19:26:33.480834616Z: [    6.908979] CPU feature 'AVX registers' is not supported.
[STDERR  ] 2019-04-18T19:26:33.480855726Z: [    6.909787] CPU feature 'AVX registers' is not supported.
[STDERR  ] 2019-04-18T19:26:33.480876375Z: [    6.910534] CPU feature 'AVX registers' is not supported.
[STDERR  ] 2019-04-18T19:26:33.480897650Z: [    6.911327] AVX2 or AES-NI instructions are not detected.
[STDERR  ] 2019-04-18T19:26:33.480918444Z: [    6.911945] AVX2 instructions are not detected.
[STDERR  ] 2019-04-18T19:26:33.480939113Z: [    6.919221] audit: initializing netlink subsys (disabled)
[STDERR  ] 2019-04-18T19:26:33.480961512Z: [    6.924765] audit: type=2000 audit(1555615530.921:1): state=initialized audit_enabled=0 res=1
[STDERR  ] 2019-04-18T19:26:33.480982138Z: [    6.929742] workingset: timestamp_bits=46 max_order=18 bucket_order=0
[STDERR  ] 2019-04-18T19:26:33.481003337Z: [    6.937887] squashfs: version 4.0 (2009/01/31) Phillip Lougher
[STDERR  ] 2019-04-18T19:26:33.481024283Z: [    6.940908] FS-Cache: Netfs 'cifs' registered for caching
[STDERR  ] 2019-04-18T19:26:33.481045017Z: [    6.942265] fuse init (API version 7.26)
[STDERR  ] 2019-04-18T19:26:33.481065591Z: [    6.945291] SGI XFS with ACLs, security attributes, no debug enabled
[STDERR  ] 2019-04-18T19:26:33.481086123Z: [    6.950910] 9p: Installing v9fs 9p2000 file system support
[STDERR  ] 2019-04-18T19:26:33.481107151Z: [    6.951957] FS-Cache: Netfs '9p' registered for caching
[STDERR  ] 2019-04-18T19:26:33.481127994Z: [    7.005332] NET: Registered protocol family 38
[STDERR  ] 2019-04-18T19:26:33.481148926Z: [    7.006232] Key type asymmetric registered
[STDERR  ] 2019-04-18T19:26:33.481178812Z: [    7.006760] Asymmetric key parser 'x509' registered
[STDERR  ] 2019-04-18T19:26:33.481201854Z: [    7.007800] Block layer SCSI generic (bsg) driver version 0.4 loaded (major 247)
[STDERR  ] 2019-04-18T19:26:33.481227502Z: [    7.009954] io scheduler noop registered
[STDERR  ] 2019-04-18T19:26:33.481248128Z: [    7.010561] io scheduler deadline registered (default)
[STDERR  ] 2019-04-18T19:26:33.481271249Z: [    7.011701] io scheduler cfq registered
[STDERR  ] 2019-04-18T19:26:33.481291785Z: [    7.012042] io scheduler mq-deadline registered
[STDERR  ] 2019-04-18T19:26:33.481317498Z: [    7.012642] io scheduler kyber registered
[STDERR  ] 2019-04-18T19:26:33.481338791Z: [    7.016796] shpchp: Standard Hot Plug PCI Controller Driver version: 0.4
[STDERR  ] 2019-04-18T19:26:33.481359349Z: [    7.017839] hv_vmbus: registering driver hyperv_fb
[STDERR  ] 2019-04-18T19:26:33.481384850Z: [    7.022009] input: Power Button as /devices/LNXSYSTM:00/LNXPWRBN:00/input/input0
[STDERR  ] 2019-04-18T19:26:33.481406534Z: [    7.026078] ACPI: Power Button [PWRF]
[STDERR  ] 2019-04-18T19:26:33.481427315Z: [    7.048694] ACPI: PCI Interrupt Link [GSIG] enabled at IRQ 22
[STDERR  ] 2019-04-18T19:26:33.481454371Z: [    7.064354] ACPI: PCI Interrupt Link [GSIH] enabled at IRQ 23
[STDERR  ] 2019-04-18T19:26:33.481475234Z: [    7.071782] Serial: 8250/16550 driver, 4 ports, IRQ sharing disabled
[STDERR  ] 2019-04-18T19:26:33.481496170Z: [    7.097438] 00:04: ttyS0 at I/O 0x3f8 (irq = 4, base_baud = 115200) is a 16550A
[STDERR  ] 2019-04-18T19:26:33.481521950Z: [    7.109800] Non-volatile memory driver v1.3
[STDERR  ] 2019-04-18T19:26:33.481546060Z: [    7.118432] Hangcheck: starting hangcheck timer 0.9.1 (tick is 180 seconds, margin is 60 seconds).
[STDERR  ] 2019-04-18T19:26:33.481569806Z: [    7.128042] random: crng init done
[STDERR  ] 2019-04-18T19:26:33.481590083Z: [    7.203938] brd: module loaded
[STDERR  ] 2019-04-18T19:26:33.481610738Z: [    7.242737] loop: module loaded
[STDERR  ] 2019-04-18T19:26:33.481631491Z: [    7.313508] lpc_ich 0000:00:1f.0: I/O space for GPIO uninitialized
[STDERR  ] 2019-04-18T19:26:33.481653582Z: [    7.316464] VMware PVSCSI driver - version 1.0.7.0-k
[STDERR  ] 2019-04-18T19:26:33.481674309Z: [    7.317345] hv_vmbus: registering driver hv_storvsc
[STDERR  ] 2019-04-18T19:26:33.481694796Z: [    7.329871] ACPI: PCI Interrupt Link [GSIA] enabled at IRQ 16
[STDERR  ] 2019-04-18T19:26:33.481716134Z: [    7.338016] ahci 0000:00:1f.2: AHCI 0001.0000 32 slots 6 ports 1.5 Gbps 0x3f impl SATA mode
[STDERR  ] 2019-04-18T19:26:33.481740760Z: [    7.339230] ahci 0000:00:1f.2: flags: 64bit ncq only 
[STDERR  ] 2019-04-18T19:26:33.481761359Z: [    7.357994] scsi host0: ahci
[STDERR  ] 2019-04-18T19:26:33.481782039Z: [    7.362293] scsi host1: ahci
[STDERR  ] 2019-04-18T19:26:33.481802717Z: [    7.364663] scsi host2: ahci
[STDERR  ] 2019-04-18T19:26:33.481824766Z: [    7.367013] scsi host3: ahci
[STDERR  ] 2019-04-18T19:26:33.481845002Z: [    7.369497] scsi host4: ahci
[STDERR  ] 2019-04-18T19:26:33.481883929Z: [    7.371779] scsi host5: ahci
[STDERR  ] 2019-04-18T19:26:33.481904771Z: [    7.373534] ata1: SATA max UDMA/133 abar m4096@0xfebd2000 port 0xfebd2100 irq 24
[STDERR  ] 2019-04-18T19:26:33.481935925Z: [    7.374341] ata2: SATA max UDMA/133 abar m4096@0xfebd2000 port 0xfebd2180 irq 24
[STDERR  ] 2019-04-18T19:26:33.481962445Z: [    7.374917] ata3: SATA max UDMA/133 abar m4096@0xfebd2000 port 0xfebd2200 irq 24
[STDERR  ] 2019-04-18T19:26:33.481982999Z: [    7.375668] ata4: SATA max UDMA/133 abar m4096@0xfebd2000 port 0xfebd2280 irq 24
[STDERR  ] 2019-04-18T19:26:33.482004707Z: [    7.376347] ata5: SATA max UDMA/133 abar m4096@0xfebd2000 port 0xfebd2300 irq 24
[STDERR  ] 2019-04-18T19:26:33.482025134Z: [    7.376886] ata6: SATA max UDMA/133 abar m4096@0xfebd2000 port 0xfebd2380 irq 24
[STDERR  ] 2019-04-18T19:26:33.482053539Z: [    7.393351] tun: Universal TUN/TAP device driver, 1.6
[STDERR  ] 2019-04-18T19:26:33.482074475Z: [    7.406404] VMware vmxnet3 virtual NIC driver - version 1.4.a.0-k-NAPI
[STDERR  ] 2019-04-18T19:26:33.482095276Z: [    7.407565] hv_vmbus: registering driver hv_netvsc
[STDERR  ] 2019-04-18T19:26:33.482115828Z: [    7.407978] Fusion MPT base driver 3.04.20
[STDERR  ] 2019-04-18T19:26:33.482140523Z: [    7.408466] Copyright (c) 1999-2008 LSI Corporation
[STDERR  ] 2019-04-18T19:26:33.482174428Z: [    7.409040] Fusion MPT SPI Host driver 3.04.20
[STDERR  ] 2019-04-18T19:26:33.482199294Z: [    7.412275] i8042: PNP: PS/2 Controller [PNP0303:KBD,PNP0f13:MOU] at 0x60,0x64 irq 1,12
[STDERR  ] 2019-04-18T19:26:33.482220308Z: [    7.417980] serio: i8042 KBD port at 0x60,0x64 irq 1
[STDERR  ] 2019-04-18T19:26:33.482241519Z: [    7.419200] serio: i8042 AUX port at 0x60,0x64 irq 12
[STDERR  ] 2019-04-18T19:26:33.482280940Z: [    7.422681] hv_vmbus: registering driver hyperv_keyboard
[STDERR  ] 2019-04-18T19:26:33.482305973Z: [    7.425228] mousedev: PS/2 mouse device common for all mice
[STDERR  ] 2019-04-18T19:26:33.482331788Z: [    7.442531] input: PC Speaker as /devices/platform/pcspkr/input/input2
[STDERR  ] 2019-04-18T19:26:33.482352480Z: [    7.444560] input: AT Translated Set 2 keyboard as /devices/platform/i8042/serio0/input/input1
[STDERR  ] 2019-04-18T19:26:33.482386937Z: [    7.450842] rtc_cmos 00:00: RTC can wake from S4
[STDERR  ] 2019-04-18T19:26:33.482407493Z: [    7.455411] rtc_cmos 00:00: rtc core: registered rtc_cmos as rtc0
[STDERR  ] 2019-04-18T19:26:33.482428020Z: [    7.457369] rtc_cmos 00:00: alarms up to one day, y3k, 114 bytes nvram, hpet irqs
[STDERR  ] 2019-04-18T19:26:33.482455170Z: [    7.458697] i2c /dev entries driver
[STDERR  ] 2019-04-18T19:26:33.482529018Z: [    7.462433] device-mapper: ioctl: 4.37.0-ioctl (2017-09-20) initialised: dm-devel@redhat.com
[STDERR  ] 2019-04-18T19:26:33.482550101Z: [    7.468820] usbcore: registered new interface driver usbhid
[STDERR  ] 2019-04-18T19:26:33.482571028Z: [    7.469931] usbhid: USB HID core driver
[STDERR  ] 2019-04-18T19:26:33.482592241Z: [    7.470910] hv_utils: Registering HyperV Utility Driver
[STDERR  ] 2019-04-18T19:26:33.482614117Z: [    7.471685] hv_vmbus: registering driver hv_util
[STDERR  ] 2019-04-18T19:26:33.482634670Z: [    7.472376] hv_vmbus: registering driver hv_balloon
[STDERR  ] 2019-04-18T19:26:33.482655878Z: [    7.473437] oprofile: using NMI interrupt.
[STDERR  ] 2019-04-18T19:26:33.482676911Z: [    7.475258] GACT probability on
[STDERR  ] 2019-04-18T19:26:33.482698348Z: [    7.475705] Mirror/redirect action on
[STDERR  ] 2019-04-18T19:26:33.482719406Z: [    7.476651] Simple TC action Loaded
[STDERR  ] 2019-04-18T19:26:33.482740333Z: [    7.477565] u32 classifier
[STDERR  ] 2019-04-18T19:26:33.482767717Z: [    7.477821]     Performance counters on
[STDERR  ] 2019-04-18T19:26:33.482788402Z: [    7.478354]     input device check on
[STDERR  ] 2019-04-18T19:26:33.482812405Z: [    7.478701]     Actions configured
[STDERR  ] 2019-04-18T19:26:33.482833433Z: [    7.479763] Netfilter messages via NETLINK v0.30.
[STDERR  ] 2019-04-18T19:26:33.482854038Z: [    7.480610] nfnl_acct: registering with nfnetlink.
[STDERR  ] 2019-04-18T19:26:33.482874277Z: [    7.482442] nf_conntrack version 0.5.0 (8192 buckets, 32768 max)
[STDERR  ] 2019-04-18T19:26:33.482896613Z: [    7.485690] ctnetlink v0.93: registering with nfnetlink.
[STDERR  ] 2019-04-18T19:26:33.482922397Z: [    7.489967] nf_tables: (c) 2007-2009 Patrick McHardy <kaber@trash.net>
[STDERR  ] 2019-04-18T19:26:33.482943131Z: [    7.491487] nf_tables_compat: (c) 2012 Pablo Neira Ayuso <pablo@netfilter.org>
[STDERR  ] 2019-04-18T19:26:33.482966868Z: [    7.494841] xt_time: kernel timezone is -0000
[STDERR  ] 2019-04-18T19:26:33.482992065Z: [    7.495823] ip_set: protocol 6
[STDERR  ] 2019-04-18T19:26:33.483012539Z: [    7.497453] ipip: IPv4 and MPLS over IPv4 tunneling driver
[STDERR  ] 2019-04-18T19:26:33.483033138Z: [    7.503301] gre: GRE over IPv4 demultiplexor driver
[STDERR  ] 2019-04-18T19:26:33.483053865Z: [    7.507463] ip_tables: (C) 2000-2006 Netfilter Core Team
[STDERR  ] 2019-04-18T19:26:33.483075233Z: [    7.515031] arp_tables: arp_tables: (C) 2002 David S. Miller
[STDERR  ] 2019-04-18T19:26:33.483095603Z: [    7.518308] NET: Registered protocol family 10
[STDERR  ] 2019-04-18T19:26:33.483120390Z: [    7.530572] Segment Routing with IPv6
[STDERR  ] 2019-04-18T19:26:33.483141123Z: [    7.531902] ip6_tables: (C) 2000-2006 Netfilter Core Team
[STDERR  ] 2019-04-18T19:26:33.483168590Z: [    7.544075] NET: Registered protocol family 17
[STDERR  ] 2019-04-18T19:26:33.483193520Z: [    7.545589] Bridge firewalling registered
[STDERR  ] 2019-04-18T19:26:33.483213863Z: [    7.546550] 8021q: 802.1Q VLAN Support v1.8
[STDERR  ] 2019-04-18T19:26:33.483234243Z: [    7.548638] 9pnet: Installing 9P2000 support
[STDERR  ] 2019-04-18T19:26:33.483254755Z: [    7.551253] Key type dns_resolver registered
[STDERR  ] 2019-04-18T19:26:33.483275254Z: [    7.553001] sched_clock: Marking stable (7552121450, 0)->(7808204278, -256082828)
[STDERR  ] 2019-04-18T19:26:33.483295831Z: [    7.557822] registered taskstats version 1
[STDERR  ] 2019-04-18T19:26:33.483324767Z: [    7.698943] ata3: SATA link up 1.5 Gbps (SStatus 113 SControl 300)
[STDERR  ] 2019-04-18T19:26:33.483349062Z: [    7.703433] ata2: SATA link down (SStatus 0 SControl 300)
[STDERR  ] 2019-04-18T19:26:33.483375410Z: [    7.705448] ata1: SATA link up 1.5 Gbps (SStatus 113 SControl 300)
[STDERR  ] 2019-04-18T19:26:33.483395981Z: [    7.706535] ata5: SATA link down (SStatus 0 SControl 300)
[STDERR  ] 2019-04-18T19:26:33.483416348Z: [    7.707296] ata4: SATA link down (SStatus 0 SControl 300)
[STDERR  ] 2019-04-18T19:26:33.483447290Z: [    7.707837] ata6: SATA link down (SStatus 0 SControl 300)
[STDERR  ] 2019-04-18T19:26:33.483468189Z: [    7.710860] ata1.00: ATA-7: QEMU HARDDISK, 2.5+, max UDMA/100
[STDERR  ] 2019-04-18T19:26:33.483489504Z: [    7.711629] ata1.00: 16384 sectors, multi 16: LBA48 NCQ (depth 31/32)
[STDERR  ] 2019-04-18T19:26:33.483510386Z: [    7.712617] ata1.00: applying bridge limits
[STDERR  ] 2019-04-18T19:26:33.483542123Z: [    7.717744] ata3.00: ATAPI: QEMU DVD-ROM, 2.5+, max UDMA/100
[STDERR  ] 2019-04-18T19:26:33.483562949Z: [    7.718617] ata3.00: applying bridge limits
[STDERR  ] 2019-04-18T19:26:33.483583404Z: [    7.722950] ata3.00: configured for UDMA/100
[STDERR  ] 2019-04-18T19:26:33.483614626Z: [    7.724904] ata1.00: configured for UDMA/100
[STDERR  ] 2019-04-18T19:26:33.483635744Z: [    7.751828] scsi 0:0:0:0: Direct-Access     ATA      QEMU HARDDISK    2.5+ PQ: 0 ANSI: 5
[STDERR  ] 2019-04-18T19:26:33.483656799Z: [    7.770870] sd 0:0:0:0: [sda] 16384 512-byte logical blocks: (8.39 MB/8.00 MiB)
[STDERR  ] 2019-04-18T19:26:33.483677102Z: [    7.774813] sd 0:0:0:0: [sda] Write Protect is off
[STDERR  ] 2019-04-18T19:26:33.483697642Z: [    7.778590] sd 0:0:0:0: Attached scsi generic sg0 type 0
[STDERR  ] 2019-04-18T19:26:33.483722940Z: [    7.781302] sd 0:0:0:0: [sda] Write cache: enabled, read cache: enabled, doesn't support DPO or FUA
[STDERR  ] 2019-04-18T19:26:33.483743997Z: [    7.786289] scsi 2:0:0:0: CD-ROM            QEMU     QEMU DVD-ROM     2.5+ PQ: 0 ANSI: 5
[STDERR  ] 2019-04-18T19:26:33.483764422Z: [    7.815294] sr 2:0:0:0: [sr0] scsi3-mmc drive: 4x/4x cd/rw xa/form2 tray
[STDERR  ] 2019-04-18T19:26:33.483792312Z: [    7.816269] cdrom: Uniform CD-ROM driver Revision: 3.20
[STDERR  ] 2019-04-18T19:26:33.483816848Z: [    7.833038] sr 2:0:0:0: Attached scsi generic sg1 type 5
[STDERR  ] 2019-04-18T19:26:33.483837297Z: [    7.838690] sd 0:0:0:0: [sda] Attached SCSI disk
[STDERR  ] 2019-04-18T19:26:33.483862258Z: [    7.904609] tsc: Refined TSC clocksource calibration: 2599.830 MHz
[STDERR  ] 2019-04-18T19:26:33.483883307Z: [    7.905621] clocksource: tsc: mask: 0xffffffffffffffff max_cycles: 0x25799bb974d, max_idle_ns: 440795294778 ns
[STDERR  ] 2019-04-18T19:26:33.483904157Z: [    7.988885] Key type big_key registered
[STDERR  ] 2019-04-18T19:26:33.483924416Z: [    8.109489] Key type trusted registered
[STDERR  ] 2019-04-18T19:26:33.483944781Z: [    8.227981] Key type encrypted registered
[STDERR  ] 2019-04-18T19:26:33.483965555Z: [    8.229297] ima: No TPM chip found, activating TPM-bypass! (rc=-19)
[STDERR  ] 2019-04-18T19:26:33.483985967Z: [    8.229898] ima: Allocated hash algorithm: sha256
[STDERR  ] 2019-04-18T19:26:33.484006685Z: [    8.234600] evm: HMAC attrs: 0x1
[STDERR  ] 2019-04-18T19:26:33.484027093Z: [    8.241608] rtc_cmos 00:00: setting system clock to 2019-04-18 19:25:33 UTC (1555615533)
[STDERR  ] 2019-04-18T19:26:33.484053007Z: [    8.421363] Freeing unused kernel memory: 1532K
[STDERR  ] 2019-04-18T19:26:33.484073761Z: [    8.422779] Write protecting the kernel read-only data: 18432k
[STDERR  ] 2019-04-18T19:26:33.484094787Z: [    8.443343] Freeing unused kernel memory: 2024K
[STDERR  ] 2019-04-18T19:26:33.484115332Z: [    8.558591] Freeing unused kernel memory: 1132K
[STDERR  ] 2019-04-18T19:26:33.484135447Z: [    8.916930] clocksource: Switched to clocksource tsc
[STDERR  ] 2019-04-18T19:26:33.484155653Z: 
[STDERR  ] 2019-04-18T19:26:33.484184960Z: Welcome to LinuxKit
[STDERR  ] 2019-04-18T19:26:33.484205676Z: 
[STDERR  ] 2019-04-18T19:26:33.484226278Z:                         ##         .
[STDERR  ] 2019-04-18T19:26:33.484251755Z:                   ## ## ##        ==
[STDERR  ] 2019-04-18T19:26:33.484283104Z:                ## ## ## ## ##    ===
[STDERR  ] 2019-04-18T19:26:33.484304014Z:            /"""""""""""""""""\___/ ===
[STDERR  ] 2019-04-18T19:26:33.484329475Z:           {                       /  ===-
[STDERR  ] 2019-04-18T19:26:33.484349867Z:            \______ O           __/
[STDERR  ] 2019-04-18T19:26:33.484375235Z:              \    \         __/
[STDERR  ] 2019-04-18T19:26:33.484395948Z:               \____\_______/
[STDERR  ] 2019-04-18T19:26:33.484416509Z: 
[STDERR  ] 2019-04-18T19:26:33.484436992Z: Creating cryptsetup lock directory
[STDERR  ] 2019-04-18T19:26:33.484457471Z: Creating dm-crypt LUKS mapping for /dev/sda under /dev/mapper/it_is_encrypted
[STDERR  ] 2019-04-18T19:26:33.484478141Z: Device /dev/sda doesn't seem to have a valid LUKS setup so one will be created.
[STDERR  ] 2019-04-18T19:26:33.484498839Z: Device /dev/mapper/it_is_encrypted doesn't seem to contain a filesystem, creating one.
[STDERR  ] 2019-04-18T19:26:33.484520143Z: Creating filesystem with 6144 1k blocks and 1536 inodes
[STDERR  ] 2019-04-18T19:26:33.484545950Z: 
[STDERR  ] 2019-04-18T19:26:33.484566602Z: Allocating group tables: 0/1   done                            
[STDERR  ] 2019-04-18T19:26:33.484591170Z: Writing inode tables: 0/1   done                            
[STDERR  ] 2019-04-18T19:26:33.484612206Z: Creating journal (1024 blocks): done
[STDERR  ] 2019-04-18T19:26:33.484636427Z: Writing superblocks and filesystem accounting information: 0/1   done
[STDERR  ] 2019-04-18T19:26:33.484657277Z: 
[STDERR  ] 2019-04-18T19:26:33.484677723Z: dd: writing '/dev/mapper/it_is_encrypted': No space left on device
[STDERR  ] 2019-04-18T19:26:33.484698460Z: 12289+0 records in
[STDERR  ] 2019-04-18T19:26:33.484718863Z: 12288+0 records out
[STDERR  ] 2019-04-18T19:26:33.484739666Z: mke2fs 1.44.5 (15-Dec-2018)
[STDERR  ] 2019-04-18T19:26:33.484759871Z: dm-crypt test suite PASSED
[STDERR  ] 2019-04-18T19:26:33.484781860Z: [   67.739027] sd 0:0:0:0: [sda] Synchronizing SCSI cache
[STDERR  ] 2019-04-18T19:26:33.484802219Z: [   67.740589] sd 0:0:0:0: [sda] Stopping disk
[STDERR  ] 2019-04-18T19:26:33.484824343Z: [   67.744923] ACPI: Preparing to enter system sleep state S5
[STDERR  ] 2019-04-18T19:26:33.484844716Z: [   67.746699] reboot: Power down
[STDERR  ] 2019-04-18T19:26:33.484865139Z: + echo [    0.000000] Linux version 4.14.88-linuxkit (root@e9515dce7e93) (gcc version 6.4.0 (Alpine 6.4.0)) #1 SMP Thu Dec 13 23:53:55 UTC 2018
[STDERR  ] 2019-04-18T19:26:33.484886806Z: [    0.000000] Command line: console=ttyS0 console=ttyAMA0
[STDERR  ] 2019-04-18T19:26:33.484907100Z: [    0.000000] x86/fpu: x87 FPU will use FXSAVE
[STDERR  ] 2019-04-18T19:26:33.484933876Z: [    0.000000] e820: BIOS-provided physical RAM map:
[STDERR  ] 2019-04-18T19:26:33.484956593Z: [    0.000000] BIOS-e820: [mem 0x0000000000000000-0x000000000009fbff] usable
[STDERR  ] 2019-04-18T19:26:33.484985578Z: [    0.000000] BIOS-e820: [mem 0x000000000009fc00-0x000000000009ffff] reserved
[STDERR  ] 2019-04-18T19:26:33.485010464Z: [    0.000000] BIOS-e820: [mem 0x00000000000f0000-0x00000000000fffff] reserved
[STDERR  ] 2019-04-18T19:26:33.485031435Z: [    0.000000] BIOS-e820: [mem 0x0000000000100000-0x000000003ffdefff] usable
[STDERR  ] 2019-04-18T19:26:33.485052142Z: [    0.000000] BIOS-e820: [mem 0x000000003ffdf000-0x000000003fffffff] reserved
[STDERR  ] 2019-04-18T19:26:33.485072879Z: [    0.000000] BIOS-e820: [mem 0x00000000b0000000-0x00000000bfffffff] reserved
[STDERR  ] 2019-04-18T19:26:33.485093263Z: [    0.000000] BIOS-e820: [mem 0x00000000fed1c000-0x00000000fed1ffff] reserved
[STDERR  ] 2019-04-18T19:26:33.485119657Z: [    0.000000] BIOS-e820: [mem 0x00000000fffc0000-0x00000000ffffffff] reserved
[STDERR  ] 2019-04-18T19:26:33.485146508Z: [    0.000000] NX (Execute Disable) protection: active
[STDERR  ] 2019-04-18T19:26:33.485180772Z: [    0.000000] SMBIOS 2.8 present.
[STDERR  ] 2019-04-18T19:26:33.485201373Z: [    0.000000] DMI: QEMU Standard PC (Q35 + ICH9, 2009), BIOS rel-1.10.2-0-g5f4c7b1-prebuilt.qemu-project.org 04/01/2014
[STDERR  ] 2019-04-18T19:26:33.485240294Z: [    0.000000] tsc: Fast TSC calibration using PIT
[STDERR  ] 2019-04-18T19:26:33.485261091Z: [    0.000000] e820: last_pfn = 0x3ffdf max_arch_pfn = 0x400000000
[STDERR  ] 2019-04-18T19:26:33.485281547Z: [    0.000000] x86/PAT: Configuration [0-7]: WB  WC  UC- UC  WB  WP  UC- WT  
[STDERR  ] 2019-04-18T19:26:33.485307186Z: [    0.000000] found SMP MP-table at [mem 0x000f6aa0-0x000f6aaf] mapped at [ffffffffff200aa0]
[STDERR  ] 2019-04-18T19:26:33.485333881Z: [    0.000000] RAMDISK: [mem 0x3deb3000-0x3ffcffff]
[STDERR  ] 2019-04-18T19:26:33.485354245Z: [    0.000000] ACPI: Early table checksum verification disabled
[STDERR  ] 2019-04-18T19:26:33.485377927Z: [    0.000000] ACPI: RSDP 0x00000000000F68C0 000014 (v00 BOCHS )
[STDERR  ] 2019-04-18T19:26:33.485399560Z: [    0.000000] ACPI: RSDT 0x000000003FFE2404 000034 (v01 BOCHS  BXPCRSDT 00000001 BXPC 00000001)
[STDERR  ] 2019-04-18T19:26:33.485425570Z: [    0.000000] ACPI: FACP 0x000000003FFE22A4 000074 (v01 BOCHS  BXPCFACP 00000001 BXPC 00000001)
[STDERR  ] 2019-04-18T19:26:33.485446357Z: [    0.000000] ACPI: DSDT 0x000000003FFE0040 002264 (v01 BOCHS  BXPCDSDT 00000001 BXPC 00000001)
[STDERR  ] 2019-04-18T19:26:33.485466830Z: [    0.000000] ACPI: FACS 0x000000003FFE0000 000040
[STDERR  ] 2019-04-18T19:26:33.485493686Z: [    0.000000] ACPI: APIC 0x000000003FFE2318 000078 (v01 BOCHS  BXPCAPIC 00000001 BXPC 00000001)
[STDERR  ] 2019-04-18T19:26:33.485519191Z: [    0.000000] ACPI: HPET 0x000000003FFE2390 000038 (v01 BOCHS  BXPCHPET 00000001 BXPC 00000001)
[STDERR  ] 2019-04-18T19:26:33.485539859Z: [    0.000000] ACPI: MCFG 0x000000003FFE23C8 00003C (v01 BOCHS  BXPCMCFG 00000001 BXPC 00000001)
[STDERR  ] 2019-04-18T19:26:33.485566340Z: [    0.000000] Zone ranges:
[STDERR  ] 2019-04-18T19:26:33.485587001Z: [    0.000000]   DMA      [mem 0x0000000000001000-0x0000000000ffffff]
[STDERR  ] 2019-04-18T19:26:33.485607142Z: [    0.000000]   DMA32    [mem 0x0000000001000000-0x000000003ffdefff]
[STDERR  ] 2019-04-18T19:26:33.485630751Z: [    0.000000]   Normal   empty
[STDERR  ] 2019-04-18T19:26:33.485656301Z: [    0.000000]   Device   empty
[STDERR  ] 2019-04-18T19:26:33.485676738Z: [    0.000000] Movable zone start for each node
[STDERR  ] 2019-04-18T19:26:33.485702099Z: [    0.000000] Early memory node ranges
[STDERR  ] 2019-04-18T19:26:33.485723146Z: [    0.000000]   node   0: [mem 0x0000000000001000-0x000000000009efff]
[STDERR  ] 2019-04-18T19:26:33.485743721Z: [    0.000000]   node   0: [mem 0x0000000000100000-0x000000003ffdefff]
[STDERR  ] 2019-04-18T19:26:33.485768700Z: [    0.000000] Initmem setup node 0 [mem 0x0000000000001000-0x000000003ffdefff]
[STDERR  ] 2019-04-18T19:26:33.485789761Z: [    0.000000] ACPI: PM-Timer IO Port: 0x608
[STDERR  ] 2019-04-18T19:26:33.485810790Z: [    0.000000] ACPI: LAPIC_NMI (acpi_id[0xff] dfl dfl lint[0x1])
[STDERR  ] 2019-04-18T19:26:33.485832673Z: [    0.000000] IOAPIC[0]: apic_id 0, version 32, address 0xfec00000, GSI 0-23
[STDERR  ] 2019-04-18T19:26:33.485853729Z: [    0.000000] ACPI: INT_SRC_OVR (bus 0 bus_irq 0 global_irq 2 dfl dfl)
[STDERR  ] 2019-04-18T19:26:33.485873922Z: [    0.000000] ACPI: INT_SRC_OVR (bus 0 bus_irq 5 global_irq 5 high level)
[STDERR  ] 2019-04-18T19:26:33.485894738Z: [    0.000000] ACPI: INT_SRC_OVR (bus 0 bus_irq 9 global_irq 9 high level)
[STDERR  ] 2019-04-18T19:26:33.485919813Z: [    0.000000] ACPI: INT_SRC_OVR (bus 0 bus_irq 10 global_irq 10 high level)
[STDERR  ] 2019-04-18T19:26:33.485940392Z: [    0.000000] ACPI: INT_SRC_OVR (bus 0 bus_irq 11 global_irq 11 high level)
[STDERR  ] 2019-04-18T19:26:33.485960885Z: [    0.000000] Using ACPI (MADT) for SMP configuration information
[STDERR  ] 2019-04-18T19:26:33.485981203Z: [    0.000000] ACPI: HPET id: 0x8086a201 base: 0xfed00000
[STDERR  ] 2019-04-18T19:26:33.486002149Z: [    0.000000] smpboot: Allowing 1 CPUs, 0 hotplug CPUs
[STDERR  ] 2019-04-18T19:26:33.486022625Z: [    0.000000] e820: [mem 0x40000000-0xafffffff] available for PCI devices
[STDERR  ] 2019-04-18T19:26:33.486042937Z: [    0.000000] Booting paravirtualized kernel on bare hardware
[STDERR  ] 2019-04-18T19:26:33.486074084Z: [    0.000000] clocksource: refined-jiffies: mask: 0xffffffff max_cycles: 0xffffffff, max_idle_ns: 1910969940391419 ns
[STDERR  ] 2019-04-18T19:26:33.486095338Z: [    0.000000] random: get_random_bytes called from start_kernel+0x92/0x4d1 with crng_init=0
[STDERR  ] 2019-04-18T19:26:33.486126578Z: [    0.000000] setup_percpu: NR_CPUS:128 nr_cpumask_bits:128 nr_cpu_ids:1 nr_node_ids:1
[STDERR  ] 2019-04-18T19:26:33.486152769Z: [    0.000000] percpu: Embedded 45 pages/cpu @ffff91ebfdc00000 s144216 r8192 d31912 u2097152
[STDERR  ] 2019-04-18T19:26:33.486183287Z: [    0.000000] Built 1 zonelists, mobility grouping on.  Total pages: 257896
[STDERR  ] 2019-04-18T19:26:33.486213519Z: [    0.000000] Kernel command line: console=ttyS0 console=ttyAMA0
[STDERR  ] 2019-04-18T19:26:33.486234849Z: [    0.000000] PID hash table entries: 4096 (order: 3, 32768 bytes)
[STDERR  ] 2019-04-18T19:26:33.486277055Z: [    0.000000] Dentry cache hash table entries: 131072 (order: 8, 1048576 bytes)
[STDERR  ] 2019-04-18T19:26:33.486298501Z: [    0.000000] Inode-cache hash table entries: 65536 (order: 7, 524288 bytes)
[STDERR  ] 2019-04-18T19:26:33.486328419Z: [    0.000000] Memory: 970964K/1048052K available (12300K kernel code, 1445K rwdata, 2964K rodata, 1532K init, 580K bss, 77088K reserved, 0K cma-reserved)
[STDERR  ] 2019-04-18T19:26:33.486353160Z: [    0.000000] ftrace: allocating 40620 entries in 159 pages
[STDERR  ] 2019-04-18T19:26:33.486380168Z: [    0.000000] Hierarchical RCU implementation.
[STDERR  ] 2019-04-18T19:26:33.486400698Z: [    0.000000] 	RCU restricting CPUs from NR_CPUS=128 to nr_cpu_ids=1.
[STDERR  ] 2019-04-18T19:26:33.486425643Z: [    0.000000] RCU: Adjusting geometry for rcu_fanout_leaf=16, nr_cpu_ids=1
[STDERR  ] 2019-04-18T19:26:33.486446494Z: [    0.000000] NR_IRQS: 8448, nr_irqs: 256, preallocated irqs: 16
[STDERR  ] 2019-04-18T19:26:33.486473391Z: [    0.000000] Console: colour VGA+ 80x25
[STDERR  ] 2019-04-18T19:26:33.486500524Z: [    0.000000] console [ttyS0] enabled
[STDERR  ] 2019-04-18T19:26:33.486525883Z: [    0.000000] clocksource: hpet: mask: 0xffffffff max_cycles: 0xffffffff, max_idle_ns: 19112604467 ns
[STDERR  ] 2019-04-18T19:26:33.486546955Z: [    0.002000] tsc: Fast TSC calibration using PIT
[STDERR  ] 2019-04-18T19:26:33.486567546Z: [    0.003000] tsc: Detected 2599.828 MHz processor
[STDERR  ] 2019-04-18T19:26:33.486588055Z: [    0.006095] Calibrating delay loop (skipped), value calculated using timer frequency.. 5199.65 BogoMIPS (lpj=2599828)
[STDERR  ] 2019-04-18T19:26:33.486613625Z: [    0.007125] pid_max: default: 32768 minimum: 301
[STDERR  ] 2019-04-18T19:26:33.486637755Z: [    0.008538] ACPI: Core revision 20170728
[STDERR  ] 2019-04-18T19:26:33.486664287Z: [    0.050430] ACPI: 1 ACPI AML tables successfully acquired and loaded
[STDERR  ] 2019-04-18T19:26:33.486691338Z: [    0.055234] Security Framework initialized
[STDERR  ] 2019-04-18T19:26:33.486714312Z: [    0.055754] Yama: becoming mindful.
[STDERR  ] 2019-04-18T19:26:33.486740097Z: [    0.058218] Mount-cache hash table entries: 2048 (order: 2, 16384 bytes)
[STDOUT  ] 2019-04-18T19:26:33.486689966Z: [    0.000000] Linux version 4.14.88-linuxkit (root@e9515dce7e93) (gcc version 6.4.0 (Alpine 6.4.0)) #1 SMP Thu Dec 13 23:53:55 UTC 2018
[STDERR  ] 2019-04-18T19:26:33.486784801Z: [    0.058838] Mountpoint-cache hash table entries: 2048 (order: 2, 16384 bytes)
[STDERR  ] 2019-04-18T19:26:33.486951366Z: [    0.081603] Last level iTLB entries: 4KB 0, 2MB 0, 4MB 0
[STDERR  ] 2019-04-18T19:26:33.486979217Z: [    0.082054] Last level dTLB entries: 4KB 0, 2MB 0, 4MB 0, 1GB 0
[STDERR  ] 2019-04-18T19:26:33.487000801Z: [    0.083192] Spectre V2 : Spectre mitigation: LFENCE not serializing, switching to generic retpoline
[STDOUT  ] 2019-04-18T19:26:33.486840541Z: [    0.000000] Command line: console=ttyS0 console=ttyAMA0
[STDOUT  ] 2019-04-18T19:26:33.487042947Z: [    0.000000] x86/fpu: x87 FPU will use FXSAVE
[STDOUT  ] 2019-04-18T19:26:33.487061775Z: [    0.000000] e820: BIOS-provided physical RAM map:
[STDOUT  ] 2019-04-18T19:26:33.487088706Z: [    0.000000] BIOS-e820: [mem 0x0000000000000000-0x000000000009fbff] usable
[STDOUT  ] 2019-04-18T19:26:33.487104753Z: [    0.000000] BIOS-e820: [mem 0x000000000009fc00-0x000000000009ffff] reserved
[STDOUT  ] 2019-04-18T19:26:33.487120325Z: [    0.000000] BIOS-e820: [mem 0x00000000000f0000-0x00000000000fffff] reserved
[STDERR  ] 2019-04-18T19:26:33.487028038Z: [    0.084056] Spectre V2 : Mitigation: Full generic retpoline
[STDERR  ] 2019-04-18T19:26:33.487257993Z: [    0.084590] Spectre V2 : Spectre v2 / SpectreRSB mitigation: Filling RSB on context switch
[STDERR  ] 2019-04-18T19:26:33.487284389Z: [    0.085128] Speculative Store Bypass: Vulnerable
[STDERR  ] 2019-04-18T19:26:33.487305580Z: [    0.256412] random: fast init done
[STDERR  ] 2019-04-18T19:26:33.487326328Z: [    0.422546] Freeing SMP alternatives memory: 20K
[STDOUT  ] 2019-04-18T19:26:33.487142287Z: [    0.000000] BIOS-e820: [mem 0x0000000000100000-0x000000003ffdefff] usable
[STDERR  ] 2019-04-18T19:26:33.487351755Z: [    0.446505] smpboot: Max logical packages: 1
[STDERR  ] 2019-04-18T19:26:33.487374203Z: [    0.453000] ..TIMER: vector=0x30 apic1=0 pin1=2 apic2=-1 pin2=-1
[STDOUT  ] 2019-04-18T19:26:33.487369841Z: [    0.000000] BIOS-e820: [mem 0x000000003ffdf000-0x000000003fffffff] reserved
[STDOUT  ] 2019-04-18T19:26:33.487395023Z: [    0.000000] BIOS-e820: [mem 0x00000000b0000000-0x00000000bfffffff] reserved
[STDOUT  ] 2019-04-18T19:26:33.487411267Z: [    0.000000] BIOS-e820: [mem 0x00000000fed1c000-0x00000000fed1ffff] reserved
[STDOUT  ] 2019-04-18T19:26:33.487426475Z: [    0.000000] BIOS-e820: [mem 0x00000000fffc0000-0x00000000ffffffff] reserved
[STDOUT  ] 2019-04-18T19:26:33.487441723Z: [    0.000000] NX (Execute Disable) protection: active
[STDERR  ] 2019-04-18T19:26:33.487465009Z: [    0.463000] smpboot: CPU0: AMD QEMU Virtual CPU version 2.5+ (family: 0x6, model: 0x6, stepping: 0x3)
[STDERR  ] 2019-04-18T19:26:33.487508470Z: [    0.470391] Performance Events: PMU not available due to virtualization, using software events only.
[STDERR  ] 2019-04-18T19:26:33.487531023Z: [    0.475107] Hierarchical SRCU implementation.
[STDERR  ] 2019-04-18T19:26:33.487553494Z: [    0.481467] NMI watchdog: Perf event create on CPU 0 failed with -2
[STDOUT  ] 2019-04-18T19:26:33.487588696Z: [    0.000000] SMBIOS 2.8 present.
[STDOUT  ] 2019-04-18T19:26:33.487608250Z: [    0.000000] DMI: QEMU Standard PC (Q35 + ICH9, 2009), BIOS rel-1.10.2-0-g5f4c7b1-prebuilt.qemu-project.org 04/01/2014
[STDOUT  ] 2019-04-18T19:26:33.487625268Z: [    0.000000] tsc: Fast TSC calibration using PIT
[STDOUT  ] 2019-04-18T19:26:33.487641240Z: [    0.000000] e820: last_pfn = 0x3ffdf max_arch_pfn = 0x400000000
[STDOUT  ] 2019-04-18T19:26:33.487657056Z: [    0.000000] x86/PAT: Configuration [0-7]: WB  WC  UC- UC  WB  WP  UC- WT  
[STDOUT  ] 2019-04-18T19:26:33.487675475Z: [    0.000000] found SMP MP-table at [mem 0x000f6aa0-0x000f6aaf] mapped at [ffffffffff200aa0]
[STDERR  ] 2019-04-18T19:26:33.487575928Z: [    0.482062] NMI watchdog: Perf NMI watchdog permanently disabled
[STDERR  ] 2019-04-18T19:26:33.487719978Z: [    0.486240] smp: Bringing up secondary CPUs ...
[STDERR  ] 2019-04-18T19:26:33.487747578Z: [    0.487107] smp: Brought up 1 node, 1 CPU
[STDERR  ] 2019-04-18T19:26:33.487770800Z: [    0.487580] smpboot: Total of 1 processors activated (5199.65 BogoMIPS)
[STDOUT  ] 2019-04-18T19:26:33.487691513Z: [    0.000000] RAMDISK: [mem 0x3deb3000-0x3ffcffff]
[STDERR  ] 2019-04-18T19:26:33.487791772Z: [    0.507475] devtmpfs: initialized
[STDOUT  ] 2019-04-18T19:26:33.487805357Z: [    0.000000] ACPI: Early table checksum verification disabled
[STDERR  ] 2019-04-18T19:26:33.487815674Z: [    0.512904] x86/mm: Memory block size: 128MB
[STDERR  ] 2019-04-18T19:26:33.487845605Z: [    0.520204] evm: security.ima
[STDERR  ] 2019-04-18T19:26:33.487867397Z: [    0.520593] evm: security.capability
[STDERR  ] 2019-04-18T19:26:33.487905023Z: [    0.524708] clocksource: jiffies: mask: 0xffffffff max_cycles: 0xffffffff, max_idle_ns: 1911260446275000 ns
[STDERR  ] 2019-04-18T19:26:33.487926091Z: [    0.526036] futex hash table entries: 256 (order: 2, 16384 bytes)
[STDERR  ] 2019-04-18T19:26:33.487947928Z: [    0.539135] NET: Registered protocol family 16
[STDERR  ] 2019-04-18T19:26:33.487973239Z: [    0.547502] cpuidle: using governor ladder
[STDERR  ] 2019-04-18T19:26:33.487994353Z: [    0.548160] cpuidle: using governor menu
[STDERR  ] 2019-04-18T19:26:33.488023866Z: [    0.550241] ACPI: bus type PCI registered
[STDERR  ] 2019-04-18T19:26:33.488046143Z: [    0.554602] PCI: MMCONFIG for domain 0000 [bus 00-ff] at [mem 0xb0000000-0xbfffffff] (base 0xb0000000)
[STDERR  ] 2019-04-18T19:26:33.488067234Z: [    0.556167] PCI: MMCONFIG at [mem 0xb0000000-0xbfffffff] reserved in E820
[STDERR  ] 2019-04-18T19:26:33.488092157Z: [    0.557531] PCI: Using configuration type 1 for base access
[STDERR  ] 2019-04-18T19:26:33.488113536Z: [    0.627680] HugeTLB registered 2.00 MiB page size, pre-allocated 0 pages
[STDOUT  ] 2019-04-18T19:26:33.487828312Z: [    0.000000] ACPI: RSDP 0x00000000000F68C0 000014 (v00 BOCHS )
[STDOUT  ] 2019-04-18T19:26:33.488206026Z: [    0.000000] ACPI: RSDT 0x000000003FFE2404 000034 (v01 BOCHS  BXPCRSDT 00000001 BXPC 00000001)
[STDOUT  ] 2019-04-18T19:26:33.488244172Z: [    0.000000] ACPI: FACP 0x000000003FFE22A4 000074 (v01 BOCHS  BXPCFACP 00000001 BXPC 00000001)
[STDOUT  ] 2019-04-18T19:26:33.488260457Z: [    0.000000] ACPI: DSDT 0x000000003FFE0040 002264 (v01 BOCHS  BXPCDSDT 00000001 BXPC 00000001)
[STDERR  ] 2019-04-18T19:26:33.488143416Z: [    0.640620] ACPI: Added _OSI(Module Device)
[STDERR  ] 2019-04-18T19:26:33.488291829Z: [    0.641072] ACPI: Added _OSI(Processor Device)
[STDERR  ] 2019-04-18T19:26:33.488324991Z: [    0.641429] ACPI: Added _OSI(3.0 _SCP Extensions)
[STDERR  ] 2019-04-18T19:26:33.488345595Z: [    0.642080] ACPI: Added _OSI(Processor Aggregator Device)
[STDOUT  ] 2019-04-18T19:26:33.488277268Z: [    0.000000] ACPI: FACS 0x000000003FFE0000 000040
[STDERR  ] 2019-04-18T19:26:33.488369638Z: [    0.732394] ACPI: Interpreter enabled
[STDERR  ] 2019-04-18T19:26:33.488400006Z: [    0.733479] ACPI: (supports S0 S5)
[STDOUT  ] 2019-04-18T19:26:33.488390397Z: [    0.000000] ACPI: APIC 0x000000003FFE2318 000078 (v01 BOCHS  BXPCAPIC 00000001 BXPC 00000001)
[STDERR  ] 2019-04-18T19:26:33.488432822Z: [    0.733833] ACPI: Using IOAPIC for interrupt routing
[STDERR  ] 2019-04-18T19:26:33.488465603Z: [    0.736343] PCI: Using host bridge windows from ACPI; if necessary, use "pci=nocrs" and report a bug
[STDERR  ] 2019-04-18T19:26:33.488486535Z: [    0.741818] ACPI: Enabled 2 GPEs in block 00 to 3F
[STDERR  ] 2019-04-18T19:26:33.488512017Z: [    0.820104] ACPI: PCI Root Bridge [PCI0] (domain 0000 [bus 00-ff])
[STDOUT  ] 2019-04-18T19:26:33.488436790Z: [    0.000000] ACPI: HPET 0x000000003FFE2390 000038 (v01 BOCHS  BXPCHPET 00000001 BXPC 00000001)
[STDOUT  ] 2019-04-18T19:26:33.488546900Z: [    0.000000] ACPI: MCFG 0x000000003FFE23C8 00003C (v01 BOCHS  BXPCMCFG 00000001 BXPC 00000001)
[STDOUT  ] 2019-04-18T19:26:33.488563210Z: [    0.000000] Zone ranges:
[STDOUT  ] 2019-04-18T19:26:33.488580592Z: [    0.000000]   DMA      [mem 0x0000000000001000-0x0000000000ffffff]
[STDERR  ] 2019-04-18T19:26:33.488616407Z: [    0.821296] acpi PNP0A08:00: _OSC: OS supports [ExtendedConfig ASPM ClockPM Segments MSI]
[STDERR  ] 2019-04-18T19:26:33.488650679Z: [    0.827242] acpi PNP0A08:00: _OSC: OS now controls [PCIeHotplug PME PCIeCapability]
[STDERR  ] 2019-04-18T19:26:33.488677052Z: [    0.831731] PCI host bridge to bus 0000:00
[STDERR  ] 2019-04-18T19:26:33.488705990Z: [    0.832272] pci_bus 0000:00: root bus resource [io  0x0000-0x0cf7 window]
[STDOUT  ] 2019-04-18T19:26:33.488632842Z: [    0.000000]   DMA32    [mem 0x0000000001000000-0x000000003ffdefff]
[STDOUT  ] 2019-04-18T19:26:33.488734351Z: [    0.000000]   Normal   empty
[STDERR  ] 2019-04-18T19:26:33.488727070Z: [    0.833083] pci_bus 0000:00: root bus resource [io  0x0d00-0xffff window]
[STDERR  ] 2019-04-18T19:26:33.488784327Z: [    0.833616] pci_bus 0000:00: root bus resource [mem 0x000a0000-0x000bffff window]
[STDOUT  ] 2019-04-18T19:26:33.488763507Z: [    0.000000]   Device   empty
[STDOUT  ] 2019-04-18T19:26:33.488803100Z: [    0.000000] Movable zone start for each node
[STDERR  ] 2019-04-18T19:26:33.488813166Z: [    0.834055] pci_bus 0000:00: root bus resource [mem 0xc0000000-0xfebfffff window]
[STDOUT  ] 2019-04-18T19:26:33.488821104Z: [    0.000000] Early memory node ranges
[STDOUT  ] 2019-04-18T19:26:33.488881974Z: [    0.000000]   node   0: [mem 0x0000000000001000-0x000000000009efff]
[STDOUT  ] 2019-04-18T19:26:33.488899184Z: [    0.000000]   node   0: [mem 0x0000000000100000-0x000000003ffdefff]
[STDOUT  ] 2019-04-18T19:26:33.488915072Z: [    0.000000] Initmem setup node 0 [mem 0x0000000000001000-0x000000003ffdefff]
[STDOUT  ] 2019-04-18T19:26:33.488931120Z: [    0.000000] ACPI: PM-Timer IO Port: 0x608
[STDERR  ] 2019-04-18T19:26:33.488856916Z: [    0.835143] pci_bus 0000:00: root bus resource [bus 00-ff]
[STDERR  ] 2019-04-18T19:26:33.488999652Z: [    0.897506] pci 0000:00:1f.0: quirk: [io  0x0600-0x067f] claimed by ICH6 ACPI/GPIO/TCO
[STDERR  ] 2019-04-18T19:26:33.489033441Z: [    0.943275] ACPI: PCI Interrupt Link [LNKA] (IRQs 5 *10 11)
[STDERR  ] 2019-04-18T19:26:33.489059943Z: [    0.945697] ACPI: PCI Interrupt Link [LNKB] (IRQs 5 *10 11)
[STDERR  ] 2019-04-18T19:26:33.489082222Z: [    0.948241] ACPI: PCI Interrupt Link [LNKC] (IRQs 5 10 *11)
[STDERR  ] 2019-04-18T19:26:33.489102520Z: [    0.950387] ACPI: PCI Interrupt Link [LNKD] (IRQs 5 10 *11)
[STDERR  ] 2019-04-18T19:26:33.489123660Z: [    0.952506] ACPI: PCI Interrupt Link [LNKE] (IRQs 5 *10 11)
[STDOUT  ] 2019-04-18T19:26:33.488947108Z: [    0.000000] ACPI: LAPIC_NMI (acpi_id[0xff] dfl dfl lint[0x1])
[STDOUT  ] 2019-04-18T19:26:33.489186341Z: [    0.000000] IOAPIC[0]: apic_id 0, version 32, address 0xfec00000, GSI 0-23
[STDOUT  ] 2019-04-18T19:26:33.489204413Z: [    0.000000] ACPI: INT_SRC_OVR (bus 0 bus_irq 0 global_irq 2 dfl dfl)
[STDOUT  ] 2019-04-18T19:26:33.489220188Z: [    0.000000] ACPI: INT_SRC_OVR (bus 0 bus_irq 5 global_irq 5 high level)
[STDOUT  ] 2019-04-18T19:26:33.489241351Z: [    0.000000] ACPI: INT_SRC_OVR (bus 0 bus_irq 9 global_irq 9 high level)
[STDOUT  ] 2019-04-18T19:26:33.489257751Z: [    0.000000] ACPI: INT_SRC_OVR (bus 0 bus_irq 10 global_irq 10 high level)
[STDOUT  ] 2019-04-18T19:26:33.489273688Z: [    0.000000] ACPI: INT_SRC_OVR (bus 0 bus_irq 11 global_irq 11 high level)
[STDOUT  ] 2019-04-18T19:26:33.489289432Z: [    0.000000] Using ACPI (MADT) for SMP configuration information
[STDOUT  ] 2019-04-18T19:26:33.489305136Z: [    0.000000] ACPI: HPET id: 0x8086a201 base: 0xfed00000
[STDOUT  ] 2019-04-18T19:26:33.489321353Z: [    0.000000] smpboot: Allowing 1 CPUs, 0 hotplug CPUs
[STDOUT  ] 2019-04-18T19:26:33.489336738Z: [    0.000000] e820: [mem 0x40000000-0xafffffff] available for PCI devices
[STDERR  ] 2019-04-18T19:26:33.489144720Z: [    0.954598] ACPI: PCI Interrupt Link [LNKF] (IRQs 5 *10 11)
[STDOUT  ] 2019-04-18T19:26:33.489352267Z: [    0.000000] Booting paravirtualized kernel on bare hardware
[STDOUT  ] 2019-04-18T19:26:33.489371032Z: [    0.000000] clocksource: refined-jiffies: mask: 0xffffffff max_cycles: 0xffffffff, max_idle_ns: 1910969940391419 ns
[STDERR  ] 2019-04-18T19:26:33.489360487Z: [    0.956688] ACPI: PCI Interrupt Link [LNKG] (IRQs 5 10 *11)
[STDOUT  ] 2019-04-18T19:26:33.489388755Z: [    0.000000] random: get_random_bytes called from start_kernel+0x92/0x4d1 with crng_init=0
[STDERR  ] 2019-04-18T19:26:33.489390414Z: [    0.958796] ACPI: PCI Interrupt Link [LNKH] (IRQs 5 10 *11)
[STDOUT  ] 2019-04-18T19:26:33.489407360Z: [    0.000000] setup_percpu: NR_CPUS:128 nr_cpumask_bits:128 nr_cpu_ids:1 nr_node_ids:1
[STDERR  ] 2019-04-18T19:26:33.489415677Z: [    0.960050] ACPI: PCI Interrupt Link [GSIA] (IRQs *16)
[STDOUT  ] 2019-04-18T19:26:33.489437694Z: [    0.000000] percpu: Embedded 45 pages/cpu @ffff91ebfdc00000 s144216 r8192 d31912 u2097152
[STDERR  ] 2019-04-18T19:26:33.489439810Z: [    0.960785] ACPI: PCI Interrupt Link [GSIB] (IRQs *17)
[STDOUT  ] 2019-04-18T19:26:33.489456108Z: [    0.000000] Built 1 zonelists, mobility grouping on.  Total pages: 257896
[STDERR  ] 2019-04-18T19:26:33.489472431Z: [    0.961331] ACPI: PCI Interrupt Link [GSIC] (IRQs *18)
[STDERR  ] 2019-04-18T19:26:33.489503392Z: [    0.962334] ACPI: PCI Interrupt Link [GSID] (IRQs *19)
[STDERR  ] 2019-04-18T19:26:33.489526032Z: [    0.963326] ACPI: PCI Interrupt Link [GSIE] (IRQs *20)
[STDERR  ] 2019-04-18T19:26:33.489562462Z: [    0.964282] ACPI: PCI Interrupt Link [GSIF] (IRQs *21)
[STDOUT  ] 2019-04-18T19:26:33.489481488Z: [    0.000000] Kernel command line: console=ttyS0 console=ttyAMA0
[STDERR  ] 2019-04-18T19:26:33.489583825Z: [    0.965118] ACPI: PCI Interrupt Link [GSIG] (IRQs *22)
[PASS    ] linuxkit.packages.dm-crypt.luks 94.09s
[STDOUT  ] 2019-04-18T19:26:33.489614829Z: [    0.000000] PID hash table entries: 4096 (order: 3, 32768 bytes)
