[INFO    ] 2017-10-26T16:11:51.727639876Z: Running Test linuxkit.packages.extend.btrfs in /tmp/with_clone1eaca721/test/cases/040_packages/005_extend/001_btrfs
[INFO    ] 2017-10-26T16:11:51.727788747Z: Running command: [/bin/sh -x /tmp/with_clone1eaca721/test/cases/040_packages/005_extend/001_btrfs/test.sh]
[STDERR  ] 2017-10-26T16:11:51.73086753Z: + set -ex
[STDERR  ] 2017-10-26T16:11:51.731009528Z: + . /tmp/with_clone1eaca721/test/cases/_lib/lib.sh
[STDERR  ] 2017-10-26T16:11:51.731166073Z: + [ -f src/github.com/linuxkit/rtf/lib/lib.sh ]
[STDERR  ] 2017-10-26T16:11:51.750219715Z: + LINUXKIT_TMPDIR=/tmp/with_clone1eaca721/test/cases/_tmp
[STDERR  ] 2017-10-26T16:11:51.750251481Z: + [ -f /tmp/with_clone1eaca721/test/cases/_tmp/env.sh ]
[STDERR  ] 2017-10-26T16:11:51.750270038Z: + . /tmp/with_clone1eaca721/test/cases/_tmp/env.sh
[STDERR  ] 2017-10-26T16:11:51.75028246Z: + export LINUXKIT_EXAMPLES_DIR=/tmp/with_clone1eaca721/test/cases/../../examples
[STDERR  ] 2017-10-26T16:11:51.750294783Z: + export LINUXKIT_BLUEPRINTS_DIR=/tmp/with_clone1eaca721/test/cases/../../blueprints
[STDERR  ] 2017-10-26T16:11:51.750306738Z: + RT_CANCEL=253
[STDERR  ] 2017-10-26T16:11:51.750318307Z: + NAME_CREATE=extend-btrfs
[STDERR  ] 2017-10-26T16:11:51.750330882Z: + NAME_EXTEND=extend-btrfs
[STDERR  ] 2017-10-26T16:11:51.750342554Z: + DISK=disk.img
[STDERR  ] 2017-10-26T16:11:51.750352873Z: + trap clean_up EXIT
[STDERR  ] 2017-10-26T16:11:51.7503698Z: + moby build -name extend-btrfs -format kernel+initrd test-create.yml
[STDERR  ] 2017-10-26T16:11:51.76500537Z: Extract kernel image: linuxkit/kernel:4.9.58
[STDERR  ] 2017-10-26T16:11:58.855823023Z: Add init containers:
[STDERR  ] 2017-10-26T16:12:03.469026374Z: Add onboot containers:
[STDERR  ] 2017-10-26T16:12:03.469092215Z:   Create OCI config for alpine:3.6
[STDERR  ] 2017-10-26T16:12:05.121158061Z:   Create OCI config for linuxkit/format:10e75e78e1f134d310c62e9a0352df1c67b0dd81
[STDERR  ] 2017-10-26T16:12:06.13862048Z: time="2017-10-26T16:12:06Z" level=warning msg="certificate with CN Rolf Neugebauer is near expiry" 
[STDERR  ] 2017-10-26T16:12:06.142863836Z: time="2017-10-26T16:12:06Z" level=warning msg="certificate with CN Rolf Neugebauer is near expiry" 
[STDERR  ] 2017-10-26T16:12:07.416099675Z:   Create OCI config for linuxkit/mount:41685ecc8039643948e5dff46e17584753469a7a
[STDERR  ] 2017-10-26T16:12:08.428337747Z: time="2017-10-26T16:12:08Z" level=warning msg="certificate with CN Rolf Neugebauer is near expiry" 
[STDERR  ] 2017-10-26T16:12:08.434315386Z: time="2017-10-26T16:12:08Z" level=warning msg="certificate with CN Rolf Neugebauer is near expiry" 
[STDERR  ] 2017-10-26T16:12:09.116292857Z:   Create OCI config for alpine:3.6
[STDERR  ] 2017-10-26T16:12:10.828196919Z:   Create OCI config for linuxkit/poweroff:280bd01daa8776fbe1f4d912977f1886b8374834
[STDERR  ] 2017-10-26T16:12:11.821331625Z: time="2017-10-26T16:12:11Z" level=warning msg="certificate with CN Rolf Neugebauer is near expiry" 
[STDERR  ] 2017-10-26T16:12:11.822883959Z: time="2017-10-26T16:12:11Z" level=warning msg="certificate with CN Rolf Neugebauer is near expiry" 
[STDERR  ] 2017-10-26T16:12:12.366733077Z: Create outputs:
[STDERR  ] 2017-10-26T16:12:20.137897705Z:   extend-btrfs-kernel extend-btrfs-initrd.img extend-btrfs-cmdline
[STDERR  ] 2017-10-26T16:12:20.417199772Z: + linuxkit run -disk file=disk.img,format=raw,size=256M extend-btrfs
[STDOUT  ] 2017-10-26T16:12:23.155065534Z: [    0.000000] Linux version 4.9.58-linuxkit (root@a45585ce5a88) (gcc version 6.3.0 (Alpine 6.3.0) ) #1 SMP Sun Oct 22 16:44:43 UTC 2017
[STDOUT  ] 2017-10-26T16:12:23.156100934Z: [    0.000000] Command line: console=ttyS0
[STDOUT  ] 2017-10-26T16:12:23.157043406Z: [    0.000000] x86/fpu: Legacy x87 FPU detected.
[STDOUT  ] 2017-10-26T16:12:23.158201572Z: [    0.000000] x86/fpu: Using 'eager' FPU context switches.
[STDOUT  ] 2017-10-26T16:12:23.159197216Z: [    0.000000] e820: BIOS-provided physical RAM map:
[STDOUT  ] 2017-10-26T16:12:23.16062431Z: [    0.000000] BIOS-e820: [mem 0x0000000000000000-0x000000000009fbff] usable
[STDOUT  ] 2017-10-26T16:12:23.162088229Z: [    0.000000] BIOS-e820: [mem 0x000000000009fc00-0x000000000009ffff] reserved
[STDOUT  ] 2017-10-26T16:12:23.163565194Z: [    0.000000] BIOS-e820: [mem 0x00000000000f0000-0x00000000000fffff] reserved
[STDOUT  ] 2017-10-26T16:12:23.164943202Z: [    0.000000] BIOS-e820: [mem 0x0000000000100000-0x000000003ffdefff] usable
[STDOUT  ] 2017-10-26T16:12:23.166370933Z: [    0.000000] BIOS-e820: [mem 0x000000003ffdf000-0x000000003fffffff] reserved
[STDOUT  ] 2017-10-26T16:12:23.167832577Z: [    0.000000] BIOS-e820: [mem 0x00000000b0000000-0x00000000bfffffff] reserved
[STDOUT  ] 2017-10-26T16:12:23.169229599Z: [    0.000000] BIOS-e820: [mem 0x00000000fed1c000-0x00000000fed1ffff] reserved
[STDOUT  ] 2017-10-26T16:12:23.170649085Z: [    0.000000] BIOS-e820: [mem 0x00000000fffc0000-0x00000000ffffffff] reserved
[STDOUT  ] 2017-10-26T16:12:23.171662248Z: [    0.000000] NX (Execute Disable) protection: active
[STDOUT  ] 2017-10-26T16:12:23.172343217Z: [    0.000000] SMBIOS 2.8 present.
[STDOUT  ] 2017-10-26T16:12:23.173556345Z: [    0.000000] e820: last_pfn = 0x3ffdf max_arch_pfn = 0x400000000
[STDOUT  ] 2017-10-26T16:12:23.174998611Z: [    0.000000] x86/PAT: Configuration [0-7]: WB  WC  UC- UC  WB  WC  UC- WT  
[STDOUT  ] 2017-10-26T16:12:23.176619856Z: [    0.000000] found SMP MP-table at [mem 0x000f6aa0-0x000f6aaf] mapped at [ffff8998400f6aa0]
[STDOUT  ] 2017-10-26T16:12:23.177574584Z: [    0.000000] RAMDISK: [mem 0x3de59000-0x3ffcffff]
[STDOUT  ] 2017-10-26T16:12:23.178725347Z: [    0.000000] ACPI: Early table checksum verification disabled
[STDOUT  ] 2017-10-26T16:12:23.179892924Z: [    0.000000] ACPI: RSDP 0x00000000000F68C0 000014 (v00 BOCHS )
[STDOUT  ] 2017-10-26T16:12:23.18161498Z: [    0.000000] ACPI: RSDT 0x000000003FFE2404 000034 (v01 BOCHS  BXPCRSDT 00000001 BXPC 00000001)
[STDOUT  ] 2017-10-26T16:12:23.183347117Z: [    0.000000] ACPI: FACP 0x000000003FFE22A4 000074 (v01 BOCHS  BXPCFACP 00000001 BXPC 00000001)
[STDOUT  ] 2017-10-26T16:12:23.185095835Z: [    0.000000] ACPI: DSDT 0x000000003FFE0040 002264 (v01 BOCHS  BXPCDSDT 00000001 BXPC 00000001)
[STDOUT  ] 2017-10-26T16:12:23.18608107Z: [    0.000000] ACPI: FACS 0x000000003FFE0000 000040
[STDOUT  ] 2017-10-26T16:12:23.187871983Z: [    0.000000] ACPI: APIC 0x000000003FFE2318 000078 (v01 BOCHS  BXPCAPIC 00000001 BXPC 00000001)
[STDOUT  ] 2017-10-26T16:12:23.189602474Z: [    0.000000] ACPI: HPET 0x000000003FFE2390 000038 (v01 BOCHS  BXPCHPET 00000001 BXPC 00000001)
[STDOUT  ] 2017-10-26T16:12:23.191348697Z: [    0.000000] ACPI: MCFG 0x000000003FFE23C8 00003C (v01 BOCHS  BXPCMCFG 00000001 BXPC 00000001)
[STDOUT  ] 2017-10-26T16:12:23.191901873Z: [    0.000000] Zone ranges:
[STDOUT  ] 2017-10-26T16:12:23.193350708Z: [    0.000000]   DMA      [mem 0x0000000000001000-0x0000000000ffffff]
[STDOUT  ] 2017-10-26T16:12:23.194628371Z: [    0.000000]   DMA32    [mem 0x0000000001000000-0x000000003ffdefff]
[STDOUT  ] 2017-10-26T16:12:23.195055558Z: [    0.000000]   Normal   empty
[STDOUT  ] 2017-10-26T16:12:23.195569476Z: [    0.000000] Movable zone start for each node
[STDOUT  ] 2017-10-26T16:12:23.195991377Z: [    0.000000] Early memory node ranges
[STDOUT  ] 2017-10-26T16:12:23.1967089Z: [    0.000000]   node   0: [mem 0x0000000000001000-0x000000000009efff]
[STDOUT  ] 2017-10-26T16:12:23.197422361Z: [    0.000000]   node   0: [mem 0x0000000000100000-0x000000003ffdefff]
[STDOUT  ] 2017-10-26T16:12:23.198259627Z: [    0.000000] Initmem setup node 0 [mem 0x0000000000001000-0x000000003ffdefff]
[STDOUT  ] 2017-10-26T16:12:23.198741389Z: [    0.000000] ACPI: PM-Timer IO Port: 0x608
[STDOUT  ] 2017-10-26T16:12:23.199616531Z: [    0.000000] ACPI: LAPIC_NMI (acpi_id[0xff] dfl dfl lint[0x1])
[STDOUT  ] 2017-10-26T16:12:23.200400226Z: [    0.000000] IOAPIC[0]: apic_id 0, version 32, address 0xfec00000, GSI 0-23
[STDOUT  ] 2017-10-26T16:12:23.201119308Z: [    0.000000] ACPI: INT_SRC_OVR (bus 0 bus_irq 0 global_irq 2 dfl dfl)
[STDOUT  ] 2017-10-26T16:12:23.201865329Z: [    0.000000] ACPI: INT_SRC_OVR (bus 0 bus_irq 5 global_irq 5 high level)
[STDOUT  ] 2017-10-26T16:12:23.20262418Z: [    0.000000] ACPI: INT_SRC_OVR (bus 0 bus_irq 9 global_irq 9 high level)
[STDOUT  ] 2017-10-26T16:12:23.203402191Z: [    0.000000] ACPI: INT_SRC_OVR (bus 0 bus_irq 10 global_irq 10 high level)
[STDOUT  ] 2017-10-26T16:12:23.204198841Z: [    0.000000] ACPI: INT_SRC_OVR (bus 0 bus_irq 11 global_irq 11 high level)
[STDOUT  ] 2017-10-26T16:12:23.204903072Z: [    0.000000] Using ACPI (MADT) for SMP configuration information
[STDOUT  ] 2017-10-26T16:12:23.205507099Z: [    0.000000] ACPI: HPET id: 0x8086a201 base: 0xfed00000
[STDOUT  ] 2017-10-26T16:12:23.206113379Z: [    0.000000] smpboot: Allowing 1 CPUs, 0 hotplug CPUs
[STDOUT  ] 2017-10-26T16:12:23.206877403Z: [    0.000000] e820: [mem 0x40000000-0xafffffff] available for PCI devices
[STDOUT  ] 2017-10-26T16:12:23.20757781Z: [    0.000000] Booting paravirtualized kernel on bare hardware
[STDOUT  ] 2017-10-26T16:12:23.208818567Z: [    0.000000] clocksource: refined-jiffies: mask: 0xffffffff max_cycles: 0xffffffff, max_idle_ns: 19112604462750000 ns
[STDOUT  ] 2017-10-26T16:12:23.209869049Z: [    0.000000] setup_percpu: NR_CPUS:128 nr_cpumask_bits:128 nr_cpu_ids:1 nr_node_ids:1
[STDOUT  ] 2017-10-26T16:12:23.210826445Z: [    0.000000] percpu: Embedded 35 pages/cpu @ffff89987dc00000 s105240 r8192 d29928 u2097152
[STDOUT  ] 2017-10-26T16:12:23.211743532Z: [    0.000000] Built 1 zonelists in Zone order, mobility grouping on.  Total pages: 257896
[STDOUT  ] 2017-10-26T16:12:23.21227755Z: [    0.000000] Kernel command line: console=ttyS0
[STDOUT  ] 2017-10-26T16:12:23.21299072Z: [    0.000000] PID hash table entries: 4096 (order: 3, 32768 bytes)
[STDOUT  ] 2017-10-26T16:12:23.213820666Z: [    0.000000] Dentry cache hash table entries: 131072 (order: 8, 1048576 bytes)
[STDOUT  ] 2017-10-26T16:12:23.21463446Z: [    0.000000] Inode-cache hash table entries: 65536 (order: 7, 524288 bytes)
[STDOUT  ] 2017-10-26T16:12:23.216169139Z: [    0.000000] Memory: 979904K/1048052K available (8053K kernel code, 1367K rwdata, 2704K rodata, 1380K init, 568K bss, 68148K reserved, 0K cma-reserved)
[STDOUT  ] 2017-10-26T16:12:23.216694594Z: [    0.000000] Hierarchical RCU implementation.
[STDOUT  ] 2017-10-26T16:12:23.217312687Z: [    0.000000] 	Build-time adjustment of leaf fanout to 64.
[STDOUT  ] 2017-10-26T16:12:23.218093559Z: [    0.000000] 	RCU restricting CPUs from NR_CPUS=128 to nr_cpu_ids=1.
[STDOUT  ] 2017-10-26T16:12:23.21897455Z: [    0.000000] RCU: Adjusting geometry for rcu_fanout_leaf=64, nr_cpu_ids=1
[STDOUT  ] 2017-10-26T16:12:23.219825125Z: [    0.000000] NR_IRQS:8448 nr_irqs:256 16
[STDOUT  ] 2017-10-26T16:12:23.220609271Z: [    0.000000] Console: colour VGA+ 80x25
[STDOUT  ] 2017-10-26T16:12:23.221510425Z: [    0.000000] console [ttyS0] enabled
[STDOUT  ] 2017-10-26T16:12:23.228369834Z: [    0.000000] clocksource: hpet: mask: 0xffffffff max_cycles: 0xffffffff, max_idle_ns: 19112604467 ns
[STDOUT  ] 2017-10-26T16:12:23.31011639Z: [    0.000000] tsc: Unable to calibrate against PIT
[STDOUT  ] 2017-10-26T16:12:23.311176809Z: [    0.000000] tsc: using HPET reference calibration
[STDOUT  ] 2017-10-26T16:12:23.31194725Z: [    0.000000] tsc: Detected 2300.124 MHz processor
[STDOUT  ] 2017-10-26T16:12:23.314830823Z: [    0.051334] Calibrating delay loop (skipped), value calculated using timer frequency.. 4600.24 BogoMIPS (lpj=23001240)
[STDOUT  ] 2017-10-26T16:12:23.315502384Z: [    0.052873] pid_max: default: 32768 minimum: 301
[STDOUT  ] 2017-10-26T16:12:23.316572148Z: [    0.054001] ACPI: Core revision 20160831
[STDOUT  ] 2017-10-26T16:12:23.376127812Z: [    0.114866] ACPI: 1 ACPI AML tables successfully acquired and loaded
[STDOUT  ] 2017-10-26T16:12:23.37963338Z: [    0.118610] Security Framework initialized
[STDOUT  ] 2017-10-26T16:12:23.380169023Z: [    0.119290] Yama: becoming mindful.
[STDOUT  ] 2017-10-26T16:12:23.38281462Z: [    0.121566] Mount-cache hash table entries: 2048 (order: 2, 16384 bytes)
[STDOUT  ] 2017-10-26T16:12:23.383718731Z: [    0.122435] Mountpoint-cache hash table entries: 2048 (order: 2, 16384 bytes)
[STDOUT  ] 2017-10-26T16:12:23.407599021Z: [    0.145870] Last level iTLB entries: 4KB 0, 2MB 0, 4MB 0
[STDOUT  ] 2017-10-26T16:12:23.408910217Z: [    0.147215] Last level dTLB entries: 4KB 0, 2MB 0, 4MB 0, 1GB 0
[STDOUT  ] 2017-10-26T16:12:23.885291888Z: [    0.623675] Freeing SMP alternatives memory: 20K
[STDOUT  ] 2017-10-26T16:12:23.900699595Z: [    0.638854] ftrace: allocating 35584 entries in 140 pages
[STDOUT  ] 2017-10-26T16:12:24.398790635Z: [    0.916067] smpboot: Max logical packages: 1
[STDOUT  ] 2017-10-26T16:12:24.409434951Z: [    0.927850] ..TIMER: vector=0x30 apic1=0 pin1=2 apic2=-1 pin2=-1
[STDOUT  ] 2017-10-26T16:12:24.623962915Z: [    1.030000] smpboot: CPU0: AMD QEMU Virtual CPU version 2.5+ (family: 0x6, model: 0x6, stepping: 0x3)
[STDOUT  ] 2017-10-26T16:12:24.626893494Z: [    1.030000] Performance Events: PMU not available due to virtualization, using software events only.
[STDOUT  ] 2017-10-26T16:12:24.655039029Z: [    1.052072] NMI watchdog: disabled (cpu0): hardware events not enabled
[STDOUT  ] 2017-10-26T16:12:24.656377887Z: [    1.053420] NMI watchdog: Shutting down hard lockup detector on all cpus
[STDOUT  ] 2017-10-26T16:12:24.660904588Z: [    1.058436] x86: Booted up 1 node, 1 CPUs
[STDOUT  ] 2017-10-26T16:12:24.662430874Z: [    1.059427] smpboot: Total of 1 processors activated (4600.24 BogoMIPS)
[STDOUT  ] 2017-10-26T16:12:24.687245216Z: [    1.084940] devtmpfs: initialized
[STDOUT  ] 2017-10-26T16:12:24.695898959Z: [    1.093417] x86/mm: Memory block size: 128MB
[STDOUT  ] 2017-10-26T16:12:24.81360253Z: [    1.209990] clocksource: jiffies: mask: 0xffffffff max_cycles: 0xffffffff, max_idle_ns: 19112604462750000 ns
[STDOUT  ] 2017-10-26T16:12:24.815211739Z: [    1.212386] futex hash table entries: 256 (order: 2, 16384 bytes)
[STDOUT  ] 2017-10-26T16:12:24.830782085Z: [    1.228277] NET: Registered protocol family 16
[STDOUT  ] 2017-10-26T16:12:24.847766443Z: [    1.245349] cpuidle: using governor ladder
[STDOUT  ] 2017-10-26T16:12:24.84882669Z: [    1.246478] cpuidle: using governor menu
[STDOUT  ] 2017-10-26T16:12:24.851045357Z: [    1.248666] ACPI: bus type PCI registered
[STDOUT  ] 2017-10-26T16:12:24.857324368Z: [    1.253991] PCI: MMCONFIG for domain 0000 [bus 00-ff] at [mem 0xb0000000-0xbfffffff] (base 0xb0000000)
[STDOUT  ] 2017-10-26T16:12:24.858969685Z: [    1.256091] PCI: MMCONFIG at [mem 0xb0000000-0xbfffffff] reserved in E820
[STDOUT  ] 2017-10-26T16:12:24.861677252Z: [    1.258944] PCI: Using configuration type 1 for base access
[STDOUT  ] 2017-10-26T16:12:24.956417093Z: [    1.353544] HugeTLB registered 2 MB page size, pre-allocated 0 pages
[STDOUT  ] 2017-10-26T16:12:24.972995333Z: [    1.370552] ACPI: Added _OSI(Module Device)
[STDOUT  ] 2017-10-26T16:12:24.973981502Z: [    1.371492] ACPI: Added _OSI(Processor Device)
[STDOUT  ] 2017-10-26T16:12:24.974930696Z: [    1.372398] ACPI: Added _OSI(3.0 _SCP Extensions)
[STDOUT  ] 2017-10-26T16:12:24.97597601Z: [    1.373344] ACPI: Added _OSI(Processor Aggregator Device)
[STDOUT  ] 2017-10-26T16:12:25.111955717Z: [    1.509350] ACPI: Interpreter enabled
[STDOUT  ] 2017-10-26T16:12:25.113678981Z: [    1.510902] ACPI: (supports S0 S5)
[STDOUT  ] 2017-10-26T16:12:25.115245214Z: [    1.512234] ACPI: Using IOAPIC for interrupt routing
[STDOUT  ] 2017-10-26T16:12:25.119462161Z: [    1.515677] PCI: Using host bridge windows from ACPI; if necessary, use "pci=nocrs" and report a bug
[STDOUT  ] 2017-10-26T16:12:25.226825406Z: [    1.624051] ACPI: PCI Root Bridge [PCI0] (domain 0000 [bus 00-ff])
[STDOUT  ] 2017-10-26T16:12:25.229300675Z: [    1.626162] acpi PNP0A08:00: _OSC: OS supports [ExtendedConfig ASPM ClockPM Segments MSI]
[STDOUT  ] 2017-10-26T16:12:25.244568476Z: [    1.641337] acpi PNP0A08:00: _OSC: OS now controls [PCIeHotplug PME PCIeCapability]
[STDOUT  ] 2017-10-26T16:12:25.250692102Z: [    1.648211] PCI host bridge to bus 0000:00
[STDOUT  ] 2017-10-26T16:12:25.252304182Z: [    1.649304] pci_bus 0000:00: root bus resource [io  0x0000-0x0cf7 window]
[STDOUT  ] 2017-10-26T16:12:25.253781991Z: [    1.650116] pci_bus 0000:00: root bus resource [io  0x0d00-0xffff window]
[STDOUT  ] 2017-10-26T16:12:25.255222928Z: [    1.651449] pci_bus 0000:00: root bus resource [mem 0x000a0000-0x000bffff window]
[STDOUT  ] 2017-10-26T16:12:25.256736375Z: [    1.652931] pci_bus 0000:00: root bus resource [mem 0xc0000000-0xfebfffff window]
[STDOUT  ] 2017-10-26T16:12:25.258086737Z: [    1.654627] pci_bus 0000:00: root bus resource [bus 00-ff]
[STDOUT  ] 2017-10-26T16:12:25.434683794Z: [    1.831236] pci 0000:00:1f.0: quirk: [io  0x0600-0x067f] claimed by ICH6 ACPI/GPIO/TCO
[STDOUT  ] 2017-10-26T16:12:25.53906027Z: [    1.935781] ACPI: PCI Interrupt Link [LNKA] (IRQs 5 *10 11)
[STDOUT  ] 2017-10-26T16:12:25.542942359Z: [    1.939644] ACPI: PCI Interrupt Link [LNKB] (IRQs 5 *10 11)
[STDOUT  ] 2017-10-26T16:12:25.546416034Z: [    1.942666] ACPI: PCI Interrupt Link [LNKC] (IRQs 5 10 *11)
[STDOUT  ] 2017-10-26T16:12:25.549790888Z: [    1.946040] ACPI: PCI Interrupt Link [LNKD] (IRQs 5 10 *11)
[STDOUT  ] 2017-10-26T16:12:25.553284505Z: [    1.950439] ACPI: PCI Interrupt Link [LNKE] (IRQs 5 *10 11)
[STDOUT  ] 2017-10-26T16:12:25.556669446Z: [    1.953827] ACPI: PCI Interrupt Link [LNKF] (IRQs 5 *10 11)
[STDOUT  ] 2017-10-26T16:12:25.560051837Z: [    1.957193] ACPI: PCI Interrupt Link [LNKG] (IRQs 5 10 *11)
[STDOUT  ] 2017-10-26T16:12:25.563664141Z: [    1.960723] ACPI: PCI Interrupt Link [LNKH] (IRQs 5 10 *11)
[STDOUT  ] 2017-10-26T16:12:25.565415082Z: [    1.962710] ACPI: PCI Interrupt Link [GSIA] (IRQs *16)
[STDOUT  ] 2017-10-26T16:12:25.566993734Z: [    1.964264] ACPI: PCI Interrupt Link [GSIB] (IRQs *17)
[STDOUT  ] 2017-10-26T16:12:25.568555662Z: [    1.965837] ACPI: PCI Interrupt Link [GSIC] (IRQs *18)
[STDOUT  ] 2017-10-26T16:12:25.570086681Z: [    1.967384] ACPI: PCI Interrupt Link [GSID] (IRQs *19)
[STDOUT  ] 2017-10-26T16:12:25.571789158Z: [    1.968910] ACPI: PCI Interrupt Link [GSIE] (IRQs *20)
[STDOUT  ] 2017-10-26T16:12:25.573310194Z: [    1.970618] ACPI: PCI Interrupt Link [GSIF] (IRQs *21)
[STDOUT  ] 2017-10-26T16:12:25.574846596Z: [    1.972120] ACPI: PCI Interrupt Link [GSIG] (IRQs *22)
[STDOUT  ] 2017-10-26T16:12:25.576373511Z: [    1.973653] ACPI: PCI Interrupt Link [GSIH] (IRQs *23)
[STDOUT  ] 2017-10-26T16:12:25.582820626Z: [    1.980000] ACPI: Enabled 2 GPEs in block 00 to 3F
[STDOUT  ] 2017-10-26T16:12:25.590351538Z: [    1.986555] SCSI subsystem initialized
[STDOUT  ] 2017-10-26T16:12:25.594234299Z: [    1.991798] ACPI: bus type USB registered
[STDOUT  ] 2017-10-26T16:12:25.596668846Z: [    1.993967] usbcore: registered new interface driver usbfs
[STDOUT  ] 2017-10-26T16:12:25.598696869Z: [    1.996018] usbcore: registered new interface driver hub
[STDOUT  ] 2017-10-26T16:12:25.600450168Z: [    1.997832] usbcore: registered new device driver usb
[STDOUT  ] 2017-10-26T16:12:25.603019276Z: [    2.000411] pps_core: LinuxPPS API ver. 1 registered
[STDOUT  ] 2017-10-26T16:12:25.604775236Z: [    2.001455] pps_core: Software ver. 5.3.6 - Copyright 2005-2007 Rodolfo Giometti <giometti@linux.it>
[STDOUT  ] 2017-10-26T16:12:25.605858522Z: [    2.003441] PTP clock support registered
[STDOUT  ] 2017-10-26T16:12:25.608010018Z: [    2.005755] wmi: Mapper loaded
[STDOUT  ] 2017-10-26T16:12:25.610224657Z: [    2.007779] PCI: Using ACPI for IRQ routing
[STDOUT  ] 2017-10-26T16:12:25.645184485Z: [    2.042828] NetLabel: Initializing
[STDOUT  ] 2017-10-26T16:12:25.646097402Z: [    2.043593] NetLabel:  domain hash size = 128
[STDOUT  ] 2017-10-26T16:12:25.647088541Z: [    2.044492] NetLabel:  protocols = UNLABELED CIPSOv4
[STDOUT  ] 2017-10-26T16:12:25.650891426Z: [    2.048161] NetLabel:  unlabeled traffic allowed by default
[STDOUT  ] 2017-10-26T16:12:25.653391607Z: [    2.050410] HPET: 3 timers in total, 0 timers will be used for per-cpu timer
[STDOUT  ] 2017-10-26T16:12:25.655119635Z: [    2.052256] hpet0: at MMIO 0xfed00000, IRQs 2, 8, 0
[STDOUT  ] 2017-10-26T16:12:25.656324832Z: [    2.053572] hpet0: 3 comparators, 64-bit 100.000000 MHz counter
[STDOUT  ] 2017-10-26T16:12:25.664533717Z: [    2.061921] clocksource: Switched to clocksource hpet
[STDOUT  ] 2017-10-26T16:12:26.139510202Z: [    2.535488] VFS: Disk quotas dquot_6.6.0
[STDOUT  ] 2017-10-26T16:12:26.141582257Z: [    2.537117] VFS: Dquot-cache hash table entries: 512 (order 0, 4096 bytes)
[STDOUT  ] 2017-10-26T16:12:26.147680298Z: [    2.543876] FS-Cache: Loaded
[STDOUT  ] 2017-10-26T16:12:26.156577486Z: [    2.552787] CacheFiles: Loaded
[STDOUT  ] 2017-10-26T16:12:26.159508501Z: [    2.555710] pnp: PnP ACPI init
[STDOUT  ] 2017-10-26T16:12:26.17992538Z: [    2.575876] pnp: PnP ACPI: found 5 devices
[STDOUT  ] 2017-10-26T16:12:26.262192486Z: [    2.657410] clocksource: acpi_pm: mask: 0xffffff max_cycles: 0xffffff, max_idle_ns: 2085701024 ns
[STDOUT  ] 2017-10-26T16:12:26.266875357Z: [    2.662846] NET: Registered protocol family 2
[STDOUT  ] 2017-10-26T16:12:26.27924504Z: [    2.674777] TCP established hash table entries: 8192 (order: 4, 65536 bytes)
[STDOUT  ] 2017-10-26T16:12:26.28087181Z: [    2.676560] TCP bind hash table entries: 8192 (order: 5, 131072 bytes)
[STDOUT  ] 2017-10-26T16:12:26.282457846Z: [    2.678113] TCP: Hash tables configured (established 8192 bind 8192)
[STDOUT  ] 2017-10-26T16:12:26.285978778Z: [    2.681662] UDP hash table entries: 512 (order: 2, 16384 bytes)
[STDOUT  ] 2017-10-26T16:12:26.287448595Z: [    2.683088] UDP-Lite hash table entries: 512 (order: 2, 16384 bytes)
[STDOUT  ] 2017-10-26T16:12:26.291386028Z: [    2.687409] NET: Registered protocol family 1
[STDOUT  ] 2017-10-26T16:12:26.293960382Z: [    2.689295] pci 0000:00:01.0: Video device with shadowed ROM at [mem 0x000c0000-0x000dffff]
[STDOUT  ] 2017-10-26T16:12:26.308529147Z: [    2.704685] Unpacking initramfs...
[STDOUT  ] 2017-10-26T16:12:32.895266015Z: [    9.291862] Freeing initrd memory: 34268K
[STDOUT  ] 2017-10-26T16:12:32.918319848Z: [    9.314894] PCLMULQDQ-NI instructions are not detected.
[STDOUT  ] 2017-10-26T16:12:32.919313677Z: [    9.315897] AVX or AES-NI instructions are not detected.
[STDOUT  ] 2017-10-26T16:12:32.919626358Z: [    9.316216] CPU feature 'AVX registers' is not supported.
[STDOUT  ] 2017-10-26T16:12:32.919918582Z: [    9.316507] CPU feature 'AVX registers' is not supported.
[STDOUT  ] 2017-10-26T16:12:32.920192469Z: [    9.316786] CPU feature 'AVX registers' is not supported.
[STDOUT  ] 2017-10-26T16:12:32.920463818Z: [    9.317056] CPU feature 'AVX registers' is not supported.
[STDOUT  ] 2017-10-26T16:12:32.920729108Z: [    9.317321] AVX2 or AES-NI instructions are not detected.
[STDOUT  ] 2017-10-26T16:12:32.920966272Z: [    9.317586] AVX2 instructions are not detected.
[STDOUT  ] 2017-10-26T16:12:32.926894238Z: [    9.323467] audit: initializing netlink subsys (disabled)
[STDOUT  ] 2017-10-26T16:12:32.928377359Z: [    9.324935] audit: type=2000 audit(1509034351.320:1): initialized
[STDOUT  ] 2017-10-26T16:12:32.936105877Z: [    9.332635] workingset: timestamp_bits=46 max_order=18 bucket_order=0
[STDOUT  ] 2017-10-26T16:12:32.940353478Z: [    9.336896] squashfs: version 4.0 (2009/01/31) Phillip Lougher
[STDOUT  ] 2017-10-26T16:12:32.942556217Z: [    9.339128] FS-Cache: Netfs 'cifs' registered for caching
[STDOUT  ] 2017-10-26T16:12:32.943338865Z: [    9.339923] fuse init (API version 7.26)
[STDOUT  ] 2017-10-26T16:12:32.945861551Z: [    9.342407] SGI XFS with ACLs, security attributes, no debug enabled
[STDOUT  ] 2017-10-26T16:12:32.952098002Z: [    9.348665] 9p: Installing v9fs 9p2000 file system support
[STDOUT  ] 2017-10-26T16:12:32.952462087Z: [    9.349049] FS-Cache: Netfs '9p' registered for caching
[STDOUT  ] 2017-10-26T16:12:32.985723399Z: [    9.382326] NET: Registered protocol family 38
[STDOUT  ] 2017-10-26T16:12:32.986136978Z: [    9.382766] Key type asymmetric registered
[STDOUT  ] 2017-10-26T16:12:32.986421446Z: [    9.383028] Asymmetric key parser 'x509' registered
[STDOUT  ] 2017-10-26T16:12:32.987137839Z: [    9.383655] Block layer SCSI generic (bsg) driver version 0.4 loaded (major 251)
[STDOUT  ] 2017-10-26T16:12:32.988237211Z: [    9.384867] io scheduler noop registered
[STDOUT  ] 2017-10-26T16:12:32.988516098Z: [    9.385106] io scheduler deadline registered (default)
[STDOUT  ] 2017-10-26T16:12:32.989420028Z: [    9.386051] io scheduler cfq registered
[STDOUT  ] 2017-10-26T16:12:32.991876168Z: [    9.388452] pci_hotplug: PCI Hot Plug PCI Core version: 0.5
[STDOUT  ] 2017-10-26T16:12:32.992468994Z: [    9.388915] pciehp: PCI Express Hot Plug Controller Driver version: 0.4
[STDOUT  ] 2017-10-26T16:12:32.993087406Z: [    9.389626] shpchp: Standard Hot Plug PCI Controller Driver version: 0.4
[STDOUT  ] 2017-10-26T16:12:32.994681517Z: [    9.391278] hv_vmbus: registering driver hyperv_fb
[STDOUT  ] 2017-10-26T16:12:32.997691214Z: [    9.394206] input: Power Button as /devices/LNXSYSTM:00/LNXPWRBN:00/input/input0
[STDOUT  ] 2017-10-26T16:12:32.99844734Z: [    9.395090] ACPI: Power Button [PWRF]
[STDOUT  ] 2017-10-26T16:12:33.003117509Z: [    9.399742] GHES: HEST is not enabled!
[STDOUT  ] 2017-10-26T16:12:33.015223957Z: [    9.411786] ACPI: PCI Interrupt Link [GSIG] enabled at IRQ 22
[STDOUT  ] 2017-10-26T16:12:33.027668134Z: [    9.424195] ACPI: PCI Interrupt Link [GSIH] enabled at IRQ 23
[STDOUT  ] 2017-10-26T16:12:33.031440919Z: [    9.427959] xenfs: not registering filesystem on non-xen platform
[STDOUT  ] 2017-10-26T16:12:33.0333651Z: [    9.429843] Serial: 8250/16550 driver, 4 ports, IRQ sharing disabled
[STDOUT  ] 2017-10-26T16:12:33.059778756Z: [    9.456296] 00:04: ttyS0 at I/O 0x3f8 (irq = 4, base_baud = 115200) is a 16550A
[STDOUT  ] 2017-10-26T16:12:33.070233499Z: [    9.466842] Non-volatile memory driver v1.3
[STDOUT  ] 2017-10-26T16:12:33.076392526Z: [    9.472849] Hangcheck: starting hangcheck timer 0.9.1 (tick is 180 seconds, margin is 60 seconds).
[STDOUT  ] 2017-10-26T16:12:33.081016617Z: [    9.477661] random: fast init done
[STDOUT  ] 2017-10-26T16:12:33.08279936Z: [    9.479448] random: crng init done
[STDOUT  ] 2017-10-26T16:12:33.145086276Z: [    9.541678] loop: module loaded
[STDOUT  ] 2017-10-26T16:12:33.169692687Z: [    9.565592] nbd: registered device at major 43
[STDOUT  ] 2017-10-26T16:12:33.232716586Z: [    9.629227] lpc_ich 0000:00:1f.0: I/O space for GPIO uninitialized
[STDOUT  ] 2017-10-26T16:12:33.234397574Z: [    9.630989] VMware PVSCSI driver - version 1.0.7.0-k
[STDOUT  ] 2017-10-26T16:12:33.235040103Z: [    9.631639] hv_vmbus: registering driver hv_storvsc
[STDOUT  ] 2017-10-26T16:12:33.245201843Z: [    9.641746] ACPI: PCI Interrupt Link [GSIA] enabled at IRQ 16
[STDOUT  ] 2017-10-26T16:12:33.25217779Z: [    9.648648] ahci 0000:00:1f.2: AHCI 0001.0000 32 slots 6 ports 1.5 Gbps 0x3f impl SATA mode
[STDOUT  ] 2017-10-26T16:12:33.252540774Z: [    9.649138] ahci 0000:00:1f.2: flags: 64bit ncq only 
[STDOUT  ] 2017-10-26T16:12:33.272906847Z: [    9.669559] scsi host0: ahci
[STDOUT  ] 2017-10-26T16:12:33.276514947Z: [    9.673174] scsi host1: ahci
[STDOUT  ] 2017-10-26T16:12:33.278685085Z: [    9.675345] scsi host2: ahci
[STDOUT  ] 2017-10-26T16:12:33.280755412Z: [    9.677416] scsi host3: ahci
[STDOUT  ] 2017-10-26T16:12:33.282843304Z: [    9.679504] scsi host4: ahci
[STDOUT  ] 2017-10-26T16:12:33.285058664Z: [    9.681717] scsi host5: ahci
[STDOUT  ] 2017-10-26T16:12:33.286927869Z: [    9.683442] ata1: SATA max UDMA/133 abar m4096@0xfebd2000 port 0xfebd2100 irq 24
[STDOUT  ] 2017-10-26T16:12:33.287284531Z: [    9.683807] ata2: SATA max UDMA/133 abar m4096@0xfebd2000 port 0xfebd2180 irq 24
[STDOUT  ] 2017-10-26T16:12:33.287604005Z: [    9.684107] ata3: SATA max UDMA/133 abar m4096@0xfebd2000 port 0xfebd2200 irq 24
[STDOUT  ] 2017-10-26T16:12:33.287916885Z: [    9.684429] ata4: SATA max UDMA/133 abar m4096@0xfebd2000 port 0xfebd2280 irq 24
[STDOUT  ] 2017-10-26T16:12:33.288204928Z: [    9.684724] ata5: SATA max UDMA/133 abar m4096@0xfebd2000 port 0xfebd2300 irq 24
[STDOUT  ] 2017-10-26T16:12:33.288505152Z: [    9.685024] ata6: SATA max UDMA/133 abar m4096@0xfebd2000 port 0xfebd2380 irq 24
[STDOUT  ] 2017-10-26T16:12:33.30068348Z: [    9.697265] tun: Universal TUN/TAP device driver, 1.6
[STDOUT  ] 2017-10-26T16:12:33.300948717Z: [    9.697506] tun: (C) 1999-2004 Max Krasnyansky <maxk@qualcomm.com>
[STDOUT  ] 2017-10-26T16:12:33.311748744Z: [    9.708266] VMware vmxnet3 virtual NIC driver - version 1.4.a.0-k-NAPI
[STDOUT  ] 2017-10-26T16:12:33.312349844Z: [    9.708952] hv_vmbus: registering driver hv_netvsc
[STDOUT  ] 2017-10-26T16:12:33.312573355Z: [    9.709199] Fusion MPT base driver 3.04.20
[STDOUT  ] 2017-10-26T16:12:33.312786213Z: [    9.709390] Copyright (c) 1999-2008 LSI Corporation
[STDOUT  ] 2017-10-26T16:12:33.313223506Z: [    9.709843] Fusion MPT SPI Host driver 3.04.20
[STDOUT  ] 2017-10-26T16:12:33.315476188Z: [    9.711968] i8042: PNP: PS/2 Controller [PNP0303:KBD,PNP0f13:MOU] at 0x60,0x64 irq 1,12
[STDOUT  ] 2017-10-26T16:12:33.319113852Z: [    9.715704] serio: i8042 KBD port at 0x60,0x64 irq 1
[STDOUT  ] 2017-10-26T16:12:33.31960716Z: [    9.716205] serio: i8042 AUX port at 0x60,0x64 irq 12
[STDOUT  ] 2017-10-26T16:12:33.322423867Z: [    9.719004] hv_vmbus: registering driver hyperv_keyboard
[STDOUT  ] 2017-10-26T16:12:33.324595216Z: [    9.721166] mousedev: PS/2 mouse device common for all mice
[STDOUT  ] 2017-10-26T16:12:33.329217143Z: [    9.725667] input: AT Translated Set 2 keyboard as /devices/platform/i8042/serio0/input/input1
[STDOUT  ] 2017-10-26T16:12:33.331726289Z: [    9.728254] input: PC Speaker as /devices/platform/pcspkr/input/input2
[STDOUT  ] 2017-10-26T16:12:33.335183131Z: [    9.731784] rtc_cmos 00:00: RTC can wake from S4
[STDOUT  ] 2017-10-26T16:12:33.338287474Z: [    9.734829] rtc_cmos 00:00: rtc core: registered rtc_cmos as rtc0
[STDOUT  ] 2017-10-26T16:12:33.339355094Z: [    9.735844] rtc_cmos 00:00: alarms up to one day, y3k, 114 bytes nvram, hpet irqs
[STDOUT  ] 2017-10-26T16:12:33.339750926Z: [    9.736397] i2c /dev entries driver
[STDOUT  ] 2017-10-26T16:12:33.341560604Z: [    9.738037] device-mapper: ioctl: 4.35.0-ioctl (2016-06-23) initialised: dm-devel@redhat.com
[STDOUT  ] 2017-10-26T16:12:33.345989678Z: [    9.742559] usbcore: registered new interface driver usbhid
[STDOUT  ] 2017-10-26T16:12:33.346203493Z: [    9.742822] usbhid: USB HID core driver
[STDOUT  ] 2017-10-26T16:12:33.346720422Z: [    9.743311] hv_utils: Registering HyperV Utility Driver
[STDOUT  ] 2017-10-26T16:12:33.346921047Z: [    9.743538] hv_vmbus: registering driver hv_util
[STDOUT  ] 2017-10-26T16:12:33.347139945Z: [    9.743743] hv_vmbus: registering driver hv_balloon
[STDOUT  ] 2017-10-26T16:12:33.34753389Z: [    9.744148] oprofile: using NMI interrupt.
[STDOUT  ] 2017-10-26T16:12:33.348433787Z: [    9.745084] GACT probability on
[STDOUT  ] 2017-10-26T16:12:33.348810838Z: [    9.745454] Mirror/redirect action on
[STDOUT  ] 2017-10-26T16:12:33.349540371Z: [    9.746188] Simple TC action Loaded
[STDOUT  ] 2017-10-26T16:12:33.349981102Z: [    9.746655] u32 classifier
[STDOUT  ] 2017-10-26T16:12:33.350157352Z: [    9.746795]     Performance counters on
[STDOUT  ] 2017-10-26T16:12:33.350330452Z: [    9.746974]     input device check on
[STDOUT  ] 2017-10-26T16:12:33.350495823Z: [    9.747151]     Actions configured
[STDOUT  ] 2017-10-26T16:12:33.351005887Z: [    9.747615] Netfilter messages via NETLINK v0.30.
[STDOUT  ] 2017-10-26T16:12:33.351473077Z: [    9.748078] nfnl_acct: registering with nfnetlink.
[STDOUT  ] 2017-10-26T16:12:33.352687029Z: [    9.749244] nf_conntrack version 0.5.0 (8192 buckets, 32768 max)
[STDOUT  ] 2017-10-26T16:12:33.35596507Z: [    9.752543] ctnetlink v0.93: registering with nfnetlink.
[STDOUT  ] 2017-10-26T16:12:33.358968448Z: [    9.755510] nf_tables: (c) 2007-2009 Patrick McHardy <kaber@trash.net>
[STDOUT  ] 2017-10-26T16:12:33.359658551Z: [    9.756185] nf_tables_compat: (c) 2012 Pablo Neira Ayuso <pablo@netfilter.org>
[STDOUT  ] 2017-10-26T16:12:33.361810317Z: [    9.758423] xt_time: kernel timezone is -0000
[STDOUT  ] 2017-10-26T16:12:33.362184987Z: [    9.758847] ip_set: protocol 6
[STDOUT  ] 2017-10-26T16:12:33.362845824Z: [    9.759394] IPVS: Registered protocols (TCP, UDP, SCTP, AH, ESP)
[STDOUT  ] 2017-10-26T16:12:33.363387418Z: [    9.759856] IPVS: Connection hash table configured (size=4096, memory=64Kbytes)
[STDOUT  ] 2017-10-26T16:12:33.365002419Z: [    9.761611] IPVS: Creating netns size=2104 id=0
[STDOUT  ] 2017-10-26T16:12:33.367474821Z: [    9.764093] IPVS: ipvs loaded.
[STDOUT  ] 2017-10-26T16:12:33.367865364Z: [    9.764486] IPVS: [rr] scheduler registered.
[STDOUT  ] 2017-10-26T16:12:33.368111131Z: [    9.764734] IPVS: [wrr] scheduler registered.
[STDOUT  ] 2017-10-26T16:12:33.368323405Z: [    9.764933] IPVS: [lc] scheduler registered.
[STDOUT  ] 2017-10-26T16:12:33.368511157Z: [    9.765134] IPVS: [wlc] scheduler registered.
[STDOUT  ] 2017-10-26T16:12:33.368737162Z: [    9.765333] IPVS: [fo] scheduler registered.
[STDOUT  ] 2017-10-26T16:12:33.3689319Z: [    9.765558] IPVS: [ovf] scheduler registered.
[STDOUT  ] 2017-10-26T16:12:33.369252809Z: [    9.765872] IPVS: [lblc] scheduler registered.
[STDOUT  ] 2017-10-26T16:12:33.369571977Z: [    9.766190] IPVS: [lblcr] scheduler registered.
[STDOUT  ] 2017-10-26T16:12:33.369792384Z: [    9.766413] IPVS: [dh] scheduler registered.
[STDOUT  ] 2017-10-26T16:12:33.369986527Z: [    9.766613] IPVS: [sh] scheduler registered.
[STDOUT  ] 2017-10-26T16:12:33.370236633Z: [    9.766809] IPVS: [sed] scheduler registered.
[STDOUT  ] 2017-10-26T16:12:33.370424394Z: [    9.767050] IPVS: [nq] scheduler registered.
[STDOUT  ] 2017-10-26T16:12:33.371026165Z: [    9.767622] IPVS: ftp: loaded support on port[0] = 21
[STDOUT  ] 2017-10-26T16:12:33.371808373Z: [    9.768373] ipip: IPv4 and MPLS over IPv4 tunneling driver
[STDOUT  ] 2017-10-26T16:12:33.375966524Z: [    9.772560] gre: GRE over IPv4 demultiplexor driver
[STDOUT  ] 2017-10-26T16:12:33.378577312Z: [    9.775146] ip_tables: (C) 2000-2006 Netfilter Core Team
[STDOUT  ] 2017-10-26T16:12:33.38212786Z: [    9.778666] ipt_CLUSTERIP: ClusterIP Version 0.8 loaded successfully
[STDOUT  ] 2017-10-26T16:12:33.382680596Z: [    9.779228] arp_tables: arp_tables: (C) 2002 David S. Miller
[STDOUT  ] 2017-10-26T16:12:33.385133584Z: [    9.781703] NET: Registered protocol family 10
[STDOUT  ] 2017-10-26T16:12:33.395177374Z: [    9.791746] ip6_tables: (C) 2000-2006 Netfilter Core Team
[STDOUT  ] 2017-10-26T16:12:33.402826641Z: [    9.799425] NET: Registered protocol family 17
[STDOUT  ] 2017-10-26T16:12:33.404510029Z: [    9.801130] Bridge firewalling registered
[STDOUT  ] 2017-10-26T16:12:33.404905497Z: [    9.801550] Ebtables v2.0 registered
[STDOUT  ] 2017-10-26T16:12:33.406690955Z: [    9.803297] 8021q: 802.1Q VLAN Support v1.8
[STDOUT  ] 2017-10-26T16:12:33.408019425Z: [    9.804639] 9pnet: Installing 9P2000 support
[STDOUT  ] 2017-10-26T16:12:33.409295773Z: [    9.805913] Key type dns_resolver registered
[STDOUT  ] 2017-10-26T16:12:33.410076711Z: [    9.806666] microcode: AMD CPU family 0x6 not supported
[STDOUT  ] 2017-10-26T16:12:33.413816647Z: [    9.810434] registered taskstats version 1
[STDOUT  ] 2017-10-26T16:12:33.572147994Z: [    9.968604] Key type big_key registered
[STDOUT  ] 2017-10-26T16:12:33.617446196Z: [   10.013920] ata1: SATA link up 1.5 Gbps (SStatus 113 SControl 300)
[STDOUT  ] 2017-10-26T16:12:33.621618768Z: [   10.018153] ata1.00: ATA-7: QEMU HARDDISK, 2.5+, max UDMA/100
[STDOUT  ] 2017-10-26T16:12:33.621907081Z: [   10.018452] ata1.00: 524288 sectors, multi 16: LBA48 NCQ (depth 31/32)
[STDOUT  ] 2017-10-26T16:12:33.622236628Z: [   10.018866] ata1.00: applying bridge limits
[STDOUT  ] 2017-10-26T16:12:33.623727162Z: [   10.020310] ata2: SATA link down (SStatus 0 SControl 300)
[STDOUT  ] 2017-10-26T16:12:33.628998649Z: [   10.025531] ata3: SATA link up 1.5 Gbps (SStatus 113 SControl 300)
[STDOUT  ] 2017-10-26T16:12:33.629618705Z: [   10.026174] ata3.00: ATAPI: QEMU DVD-ROM, 2.5+, max UDMA/100
[STDOUT  ] 2017-10-26T16:12:33.629848931Z: [   10.026477] ata3.00: applying bridge limits
[STDOUT  ] 2017-10-26T16:12:33.630690453Z: [   10.027312] ata3.00: configured for UDMA/100
[STDOUT  ] 2017-10-26T16:12:33.632295949Z: [   10.028878] ata4: SATA link down (SStatus 0 SControl 300)
[STDOUT  ] 2017-10-26T16:12:33.632816565Z: [   10.029437] ata1.00: configured for UDMA/100
[STDOUT  ] 2017-10-26T16:12:33.634599666Z: [   10.031182] ata6: SATA link down (SStatus 0 SControl 300)
[STDOUT  ] 2017-10-26T16:12:33.635026716Z: [   10.031589] ata5: SATA link down (SStatus 0 SControl 300)
[STDOUT  ] 2017-10-26T16:12:33.651737824Z: [   10.048216] scsi 0:0:0:0: Direct-Access     ATA      QEMU HARDDISK    2.5+ PQ: 0 ANSI: 5
[STDOUT  ] 2017-10-26T16:12:33.659497836Z: [   10.056010] sd 0:0:0:0: [sda] 524288 512-byte logical blocks: (268 MB/256 MiB)
[STDOUT  ] 2017-10-26T16:12:33.663352461Z: [   10.059895] sd 0:0:0:0: [sda] Write Protect is off
[STDOUT  ] 2017-10-26T16:12:33.674730478Z: [   10.071176] sd 0:0:0:0: [sda] Write cache: enabled, read cache: enabled, doesn't support DPO or FUA
[STDOUT  ] 2017-10-26T16:12:33.677228167Z: [   10.073804] sd 0:0:0:0: Attached scsi generic sg0 type 0
[STDOUT  ] 2017-10-26T16:12:33.685619307Z: [   10.082049] scsi 2:0:0:0: CD-ROM            QEMU     QEMU DVD-ROM     2.5+ PQ: 0 ANSI: 5
[STDOUT  ] 2017-10-26T16:12:33.705805849Z: [   10.102330] sr 2:0:0:0: [sr0] scsi3-mmc drive: 4x/4x cd/rw xa/form2 tray
[STDOUT  ] 2017-10-26T16:12:33.706241487Z: [   10.102794] cdrom: Uniform CD-ROM driver Revision: 3.20
[STDOUT  ] 2017-10-26T16:12:33.715170459Z: [   10.111743] sr 2:0:0:0: Attached scsi generic sg1 type 5
[STDOUT  ] 2017-10-26T16:12:33.727018878Z: [   10.123583] sd 0:0:0:0: [sda] Attached SCSI disk
[STDOUT  ] 2017-10-26T16:12:33.754519188Z: [   10.151133] Key type encrypted registered
[STDOUT  ] 2017-10-26T16:12:33.758508013Z: [   10.155000] rtc_cmos 00:00: setting system clock to 2017-10-26 16:12:33 UTC (1509034353)
[STDOUT  ] 2017-10-26T16:12:33.910166632Z: [   10.306749] Freeing unused kernel memory: 1380K
[STDOUT  ] 2017-10-26T16:12:33.910482369Z: [   10.307047] Write protecting the kernel read-only data: 12288k
[STDOUT  ] 2017-10-26T16:12:33.916231855Z: [   10.312831] Freeing unused kernel memory: 124K
[STDOUT  ] 2017-10-26T16:12:34.004989976Z: [   10.401586] Freeing unused kernel memory: 1392K
[STDOUT  ] 2017-10-26T16:12:34.005491915Z: [   10.402042] tsc: Refined TSC clocksource calibration: 2300.041 MHz
[STDOUT  ] 2017-10-26T16:12:34.005954984Z: [   10.402381] clocksource: tsc: mask: 0xffffffffffffffff max_cycles: 0x21275bc6978, max_idle_ns: 440795241275 ns
[STDOUT  ] 2017-10-26T16:12:35.024568734Z: [   11.421120] clocksource: Switched to clocksource tsc
[STDOUT  ] 2017-10-26T16:12:46.286126785Z: 
[STDOUT  ] 2017-10-26T16:12:46.286758353Z: Welcome to LinuxKit
[STDOUT  ] 2017-10-26T16:12:46.286882429Z: 
[STDOUT  ] 2017-10-26T16:12:46.287397478Z:                         ##         .
[STDOUT  ] 2017-10-26T16:12:46.287906308Z:                   ## ## ##        ==
[STDOUT  ] 2017-10-26T16:12:46.288422598Z:                ## ## ## ## ##    ===
[STDOUT  ] 2017-10-26T16:12:46.288940047Z:            /"""""""""""""""""\___/ ===
[STDOUT  ] 2017-10-26T16:12:46.289482608Z:           {                       /  ===-
[STDOUT  ] 2017-10-26T16:12:46.290005696Z:            \______ O           __/
[STDOUT  ] 2017-10-26T16:12:46.290457118Z:              \    \         __/
[STDOUT  ] 2017-10-26T16:12:46.290956355Z:               \____\_______/
[STDOUT  ] 2017-10-26T16:12:46.291078243Z: 
[STDOUT  ] 2017-10-26T16:12:48.514200374Z: [   24.910366] raid6: sse2x1   gen()   335 MB/s
[STDOUT  ] 2017-10-26T16:12:48.683766285Z: [   25.080334] raid6: sse2x1   xor()   159 MB/s
[STDOUT  ] 2017-10-26T16:12:48.854010286Z: [   25.250261] raid6: sse2x2   gen()   244 MB/s
[STDOUT  ] 2017-10-26T16:12:49.024087985Z: [   25.420337] raid6: sse2x2   xor()   174 MB/s
[STDOUT  ] 2017-10-26T16:12:49.194050508Z: [   25.590272] raid6: sse2x4   gen()   283 MB/s
[STDOUT  ] 2017-10-26T16:12:49.364560334Z: [   25.760409] raid6: sse2x4   xor()   128 MB/s
[STDOUT  ] 2017-10-26T16:12:49.365875245Z: [   25.761576] raid6: using algorithm sse2x1 gen() 335 MB/s
[STDOUT  ] 2017-10-26T16:12:49.366967437Z: [   25.762740] raid6: .... xor() 159 MB/s, rmw enabled
[STDOUT  ] 2017-10-26T16:12:49.368219702Z: [   25.764007] raid6: using intx1 recovery algorithm
[STDOUT  ] 2017-10-26T16:12:49.392332508Z: [   25.788518] xor: measuring software checksum speed
[STDOUT  ] 2017-10-26T16:12:49.484071472Z: [   25.880263]    prefetch64-sse:   622.400 MB/sec
[STDOUT  ] 2017-10-26T16:12:49.583967844Z: [   25.980190]    generic_sse:   616.000 MB/sec
[STDOUT  ] 2017-10-26T16:12:49.584791711Z: [   25.980834] xor: using function: prefetch64-sse (622.400 MB/sec)
[STDOUT  ] 2017-10-26T16:12:49.736286722Z: [   26.132472] Btrfs loaded, crc32c=crc32c-generic
[STDOUT  ] 2017-10-26T16:12:50.227584207Z: [   26.623729] IPVS: Creating netns size=2104 id=1
[STDOUT  ] 2017-10-26T16:12:50.22835329Z: [   26.624588] IPVS: ftp: loaded support on port[0] = 21
[STDERR  ] 2017-10-26T16:12:51.498544961Z: main-loop: WARNING: I/O thread spun for 1000 iterations
[STDOUT  ] 2017-10-26T16:12:51.718830191Z: 2017/10/26 16:12:50 Creating partition on /dev/sda
[STDOUT  ] 2017-10-26T16:12:51.819168078Z: [   28.215781]  sda:
[STDOUT  ] 2017-10-26T16:12:51.882460283Z: [   28.279076]  sda:
[STDOUT  ] 2017-10-26T16:12:51.908090754Z: [   28.304708]  sda: sda1
[STDOUT  ] 2017-10-26T16:12:51.968888881Z: [   28.365321]  sda: sda1
[STDOUT  ] 2017-10-26T16:12:53.836937071Z: [   30.233260] BTRFS: device fsid f5c57cbf-6c40-46ca-bece-963f5bbcee00 devid 1 transid 5 /dev/sda1
[STDOUT  ] 2017-10-26T16:12:53.84460491Z: 2017/10/26 16:12:52 Partition /dev/sda1 successfully created!
[STDOUT  ] 2017-10-26T16:12:54.497258638Z: [   30.893766] IPVS: Creating netns size=2104 id=2
[STDOUT  ] 2017-10-26T16:12:54.497599261Z: [   30.894131] IPVS: ftp: loaded support on port[0] = 21
[STDOUT  ] 2017-10-26T16:12:55.779847197Z: [   32.175382] FAT-fs (sda1): utf8 is not a recommended IO charset for FAT filesystems, filesystem will be case sensitive!
[STDOUT  ] 2017-10-26T16:12:55.784137853Z: [   32.179632] FAT-fs (sda1): utf8 is not a recommended IO charset for FAT filesystems, filesystem will be case sensitive!
[STDOUT  ] 2017-10-26T16:12:55.78804096Z: [   32.183997] mount: sending ioctl 5310 to a partition!
[STDOUT  ] 2017-10-26T16:12:55.821315646Z: [   32.217485] mount: sending ioctl 5310 to a partition!
[STDOUT  ] 2017-10-26T16:12:55.823035828Z: [   32.218921] UDF-fs: warning (device sda1): udf_fill_super: No partition found (2)
[STDOUT  ] 2017-10-26T16:12:55.843765058Z: [   32.239667] BTRFS info (device sda1): disk space caching is enabled
[STDOUT  ] 2017-10-26T16:12:55.844784693Z: [   32.240942] BTRFS info (device sda1): has skinny extents
[STDOUT  ] 2017-10-26T16:12:55.845576735Z: [   32.241592] BTRFS info (device sda1): flagging fs with big metadata feature
[STDOUT  ] 2017-10-26T16:12:55.895305244Z: [   32.291423] BTRFS info (device sda1): creating UUID tree
[STDOUT  ] 2017-10-26T16:13:12.339961405Z: [   48.736397] sd 0:0:0:0: [sda] Synchronizing SCSI cache
[STDOUT  ] 2017-10-26T16:13:12.349340553Z: [   48.745856] sd 0:0:0:0: [sda] Stopping disk
[STDOUT  ] 2017-10-26T16:13:12.361521198Z: [   48.757992] ACPI: Preparing to enter system sleep state S5
[STDOUT  ] 2017-10-26T16:13:12.36293704Z: [   48.759503] reboot: Power down
[STDERR  ] 2017-10-26T16:13:12.655661952Z: + [ -f disk.img ]
[STDERR  ] 2017-10-26T16:13:12.65572306Z: + dd if=/dev/zero bs=1048576 count=256
[STDERR  ] 2017-10-26T16:13:13.337261973Z: 256+0 records in
[STDERR  ] 2017-10-26T16:13:13.337315599Z: 256+0 records out
[STDERR  ] 2017-10-26T16:13:13.337890044Z: + moby build -format kernel+initrd -name extend-btrfs test.yml
[STDERR  ] 2017-10-26T16:13:13.383212254Z: Extract kernel image: linuxkit/kernel:4.9.58
[STDERR  ] 2017-10-26T16:13:19.912934361Z: Add init containers:
[STDERR  ] 2017-10-26T16:13:23.904484042Z: Add onboot containers:
[STDERR  ] 2017-10-26T16:13:23.90460222Z:   Create OCI config for alpine:3.6
[STDERR  ] 2017-10-26T16:13:25.473917655Z:   Create OCI config for linuxkit/extend:8b6db5bf68330cc4e91c74532732a7e227ae12fd
[STDERR  ] 2017-10-26T16:13:26.495475052Z: time="2017-10-26T16:13:26Z" level=warning msg="certificate with CN Rolf Neugebauer is near expiry" 
[STDERR  ] 2017-10-26T16:13:26.495910342Z: time="2017-10-26T16:13:26Z" level=warning msg="certificate with CN Moby CI is near expiry" 
[STDERR  ] 2017-10-26T16:13:26.49831847Z: time="2017-10-26T16:13:26Z" level=warning msg="certificate with CN Rolf Neugebauer is near expiry" 
[STDERR  ] 2017-10-26T16:13:27.635083735Z:   Create OCI config for linuxkit/mount:41685ecc8039643948e5dff46e17584753469a7a
[STDERR  ] 2017-10-26T16:13:28.693129976Z: time="2017-10-26T16:13:28Z" level=warning msg="certificate with CN Rolf Neugebauer is near expiry" 
[STDERR  ] 2017-10-26T16:13:28.697797668Z: time="2017-10-26T16:13:28Z" level=warning msg="certificate with CN Rolf Neugebauer is near expiry" 
[STDERR  ] 2017-10-26T16:13:29.334495574Z:   Create OCI config for alpine:3.6
[STDERR  ] 2017-10-26T16:13:31.003808429Z:   Create OCI config for linuxkit/poweroff:280bd01daa8776fbe1f4d912977f1886b8374834
[STDERR  ] 2017-10-26T16:13:32.008457495Z: time="2017-10-26T16:13:32Z" level=warning msg="certificate with CN Rolf Neugebauer is near expiry" 
[STDERR  ] 2017-10-26T16:13:32.010204203Z: time="2017-10-26T16:13:32Z" level=warning msg="certificate with CN Rolf Neugebauer is near expiry" 
[STDERR  ] 2017-10-26T16:13:32.551392335Z: Add files:
[STDERR  ] 2017-10-26T16:13:32.55265054Z:   check.sh
[STDERR  ] 2017-10-26T16:13:32.552752585Z: Create outputs:
[STDERR  ] 2017-10-26T16:13:41.142862841Z:   extend-btrfs-kernel extend-btrfs-initrd.img extend-btrfs-cmdline
[STDERR  ] 2017-10-26T16:13:41.765924312Z: + linuxkit run -disk file=disk.img extend-btrfs
[STDERR  ] 2017-10-26T16:13:41.791142596Z: Using existing disk [disk.img] format 
[STDERR  ] 2017-10-26T16:13:41.825362396Z: WARNING: Image format was not specified for 'disk.img' and probing guessed raw.
[STDERR  ] 2017-10-26T16:13:41.825402501Z:          Automatically detecting the format is dangerous for raw images, write operations on block 0 will be restricted.
[STDERR  ] 2017-10-26T16:13:41.82541742Z:          Specify the 'raw' format explicitly to remove the restrictions.
[STDERR  ] 2017-10-26T16:14:34.210268767Z: main-loop: WARNING: I/O thread spun for 1000 iterations
[STDERR  ] 2017-10-26T16:14:34.432764755Z: + RESULT=[    0.000000] Linux version 4.9.58-linuxkit (root@a45585ce5a88) (gcc version 6.3.0 (Alpine 6.3.0) ) #1 SMP Sun Oct 22 16:44:43 UTC 2017
[STDERR  ] 2017-10-26T16:14:34.432864426Z: [    0.000000] Command line: console=ttyS0
[STDERR  ] 2017-10-26T16:14:34.432880259Z: [    0.000000] x86/fpu: Legacy x87 FPU detected.
[STDERR  ] 2017-10-26T16:14:34.432894048Z: [    0.000000] x86/fpu: Using 'eager' FPU context switches.
[STDERR  ] 2017-10-26T16:14:34.432907663Z: [    0.000000] e820: BIOS-provided physical RAM map:
[STDERR  ] 2017-10-26T16:14:34.432922324Z: [    0.000000] BIOS-e820: [mem 0x0000000000000000-0x000000000009fbff] usable
[STDERR  ] 2017-10-26T16:14:34.432937133Z: [    0.000000] BIOS-e820: [mem 0x000000000009fc00-0x000000000009ffff] reserved
[STDERR  ] 2017-10-26T16:14:34.432951989Z: [    0.000000] BIOS-e820: [mem 0x00000000000f0000-0x00000000000fffff] reserved
[STDERR  ] 2017-10-26T16:14:34.432966007Z: [    0.000000] BIOS-e820: [mem 0x0000000000100000-0x000000003ffdefff] usable
[STDERR  ] 2017-10-26T16:14:34.432991944Z: [    0.000000] BIOS-e820: [mem 0x000000003ffdf000-0x000000003fffffff] reserved
[STDERR  ] 2017-10-26T16:14:34.4330068Z: [    0.000000] BIOS-e820: [mem 0x00000000b0000000-0x00000000bfffffff] reserved
[STDERR  ] 2017-10-26T16:14:34.433018639Z: [    0.000000] BIOS-e820: [mem 0x00000000fed1c000-0x00000000fed1ffff] reserved
[STDERR  ] 2017-10-26T16:14:34.433031289Z: [    0.000000] BIOS-e820: [mem 0x00000000fffc0000-0x00000000ffffffff] reserved
[STDERR  ] 2017-10-26T16:14:34.433043686Z: [    0.000000] NX (Execute Disable) protection: active
[STDERR  ] 2017-10-26T16:14:34.433056518Z: [    0.000000] SMBIOS 2.8 present.
[STDERR  ] 2017-10-26T16:14:34.43306921Z: [    0.000000] e820: last_pfn = 0x3ffdf max_arch_pfn = 0x400000000
[STDERR  ] 2017-10-26T16:14:34.433082455Z: [    0.000000] x86/PAT: Configuration [0-7]: WB  WC  UC- UC  WB  WC  UC- WT  
[STDERR  ] 2017-10-26T16:14:34.433094865Z: [    0.000000] found SMP MP-table at [mem 0x000f6aa0-0x000f6aaf] mapped at [ffff8a90000f6aa0]
[STDERR  ] 2017-10-26T16:14:34.433108548Z: [    0.000000] RAMDISK: [mem 0x3dd46000-0x3ffcffff]
[STDERR  ] 2017-10-26T16:14:34.433121323Z: [    0.000000] ACPI: Early table checksum verification disabled
[STDERR  ] 2017-10-26T16:14:34.433134458Z: [    0.000000] ACPI: RSDP 0x00000000000F68C0 000014 (v00 BOCHS )
[STDERR  ] 2017-10-26T16:14:34.433155775Z: [    0.000000] ACPI: RSDT 0x000000003FFE2404 000034 (v01 BOCHS  BXPCRSDT 00000001 BXPC 00000001)
[STDERR  ] 2017-10-26T16:14:34.433203209Z: [    0.000000] ACPI: FACP 0x000000003FFE22A4 000074 (v01 BOCHS  BXPCFACP 00000001 BXPC 00000001)
[STDERR  ] 2017-10-26T16:14:34.433217923Z: [    0.000000] ACPI: DSDT 0x000000003FFE0040 002264 (v01 BOCHS  BXPCDSDT 00000001 BXPC 00000001)
[STDERR  ] 2017-10-26T16:14:34.433230752Z: [    0.000000] ACPI: FACS 0x000000003FFE0000 000040
[STDERR  ] 2017-10-26T16:14:34.43324281Z: [    0.000000] ACPI: APIC 0x000000003FFE2318 000078 (v01 BOCHS  BXPCAPIC 00000001 BXPC 00000001)
[STDERR  ] 2017-10-26T16:14:34.433254006Z: [    0.000000] ACPI: HPET 0x000000003FFE2390 000038 (v01 BOCHS  BXPCHPET 00000001 BXPC 00000001)
[STDERR  ] 2017-10-26T16:14:34.433265849Z: [    0.000000] ACPI: MCFG 0x000000003FFE23C8 00003C (v01 BOCHS  BXPCMCFG 00000001 BXPC 00000001)
[STDERR  ] 2017-10-26T16:14:34.433277561Z: [    0.000000] Zone ranges:
[STDERR  ] 2017-10-26T16:14:34.433289891Z: [    0.000000]   DMA      [mem 0x0000000000001000-0x0000000000ffffff]
[STDERR  ] 2017-10-26T16:14:34.43330199Z: [    0.000000]   DMA32    [mem 0x0000000001000000-0x000000003ffdefff]
[STDERR  ] 2017-10-26T16:14:34.433314607Z: [    0.000000]   Normal   empty
[STDERR  ] 2017-10-26T16:14:34.433326785Z: [    0.000000] Movable zone start for each node
[STDERR  ] 2017-10-26T16:14:34.433353647Z: [    0.000000] Early memory node ranges
[STDERR  ] 2017-10-26T16:14:34.433366248Z: [    0.000000]   node   0: [mem 0x0000000000001000-0x000000000009efff]
[STDERR  ] 2017-10-26T16:14:34.433389397Z: [    0.000000]   node   0: [mem 0x0000000000100000-0x000000003ffdefff]
[STDERR  ] 2017-10-26T16:14:34.433404144Z: [    0.000000] Initmem setup node 0 [mem 0x0000000000001000-0x000000003ffdefff]
[STDERR  ] 2017-10-26T16:14:34.433415917Z: [    0.000000] ACPI: PM-Timer IO Port: 0x608
[STDERR  ] 2017-10-26T16:14:34.4334274Z: [    0.000000] ACPI: LAPIC_NMI (acpi_id[0xff] dfl dfl lint[0x1])
[STDERR  ] 2017-10-26T16:14:34.433441602Z: [    0.000000] IOAPIC[0]: apic_id 0, version 32, address 0xfec00000, GSI 0-23
[STDERR  ] 2017-10-26T16:14:34.433454029Z: [    0.000000] ACPI: INT_SRC_OVR (bus 0 bus_irq 0 global_irq 2 dfl dfl)
[STDERR  ] 2017-10-26T16:14:34.433465616Z: [    0.000000] ACPI: INT_SRC_OVR (bus 0 bus_irq 5 global_irq 5 high level)
[STDERR  ] 2017-10-26T16:14:34.433478223Z: [    0.000000] ACPI: INT_SRC_OVR (bus 0 bus_irq 9 global_irq 9 high level)
[STDERR  ] 2017-10-26T16:14:34.433490602Z: [    0.000000] ACPI: INT_SRC_OVR (bus 0 bus_irq 10 global_irq 10 high level)
[STDERR  ] 2017-10-26T16:14:34.433502271Z: [    0.000000] ACPI: INT_SRC_OVR (bus 0 bus_irq 11 global_irq 11 high level)
[STDERR  ] 2017-10-26T16:14:34.433523578Z: [    0.000000] Using ACPI (MADT) for SMP configuration information
[STDERR  ] 2017-10-26T16:14:34.43353655Z: [    0.000000] ACPI: HPET id: 0x8086a201 base: 0xfed00000
[STDERR  ] 2017-10-26T16:14:34.43354891Z: [    0.000000] smpboot: Allowing 1 CPUs, 0 hotplug CPUs
[STDERR  ] 2017-10-26T16:14:34.433560765Z: [    0.000000] e820: [mem 0x40000000-0xafffffff] available for PCI devices
[STDERR  ] 2017-10-26T16:14:34.433573353Z: [    0.000000] Booting paravirtualized kernel on bare hardware
[STDERR  ] 2017-10-26T16:14:34.433585292Z: [    0.000000] clocksource: refined-jiffies: mask: 0xffffffff max_cycles: 0xffffffff, max_idle_ns: 19112604462750000 ns
[STDERR  ] 2017-10-26T16:14:34.433601679Z: [    0.000000] setup_percpu: NR_CPUS:128 nr_cpumask_bits:128 nr_cpu_ids:1 nr_node_ids:1
[STDERR  ] 2017-10-26T16:14:34.433614173Z: [    0.000000] percpu: Embedded 35 pages/cpu @ffff8a903da00000 s105240 r8192 d29928 u2097152
[STDERR  ] 2017-10-26T16:14:34.433626176Z: [    0.000000] Built 1 zonelists in Zone order, mobility grouping on.  Total pages: 257896
[STDERR  ] 2017-10-26T16:14:34.433638036Z: [    0.000000] Kernel command line: console=ttyS0
[STDERR  ] 2017-10-26T16:14:34.433650279Z: [    0.000000] PID hash table entries: 4096 (order: 3, 32768 bytes)
[STDERR  ] 2017-10-26T16:14:34.433662616Z: [    0.000000] Dentry cache hash table entries: 131072 (order: 8, 1048576 bytes)
[STDERR  ] 2017-10-26T16:14:34.433680543Z: [    0.000000] Inode-cache hash table entries: 65536 (order: 7, 524288 bytes)
[STDERR  ] 2017-10-26T16:14:34.433694688Z: [    0.000000] Memory: 978804K/1048052K available (8053K kernel code, 1367K rwdata, 2704K rodata, 1380K init, 568K bss, 69248K reserved, 0K cma-reserved)
[STDERR  ] 2017-10-26T16:14:34.433712832Z: [    0.000000] Hierarchical RCU implementation.
[STDERR  ] 2017-10-26T16:14:34.433724858Z: [    0.000000] 	Build-time adjustment of leaf fanout to 64.
[STDERR  ] 2017-10-26T16:14:34.433736951Z: [    0.000000] 	RCU restricting CPUs from NR_CPUS=128 to nr_cpu_ids=1.
[STDERR  ] 2017-10-26T16:14:34.433749973Z: [    0.000000] RCU: Adjusting geometry for rcu_fanout_leaf=64, nr_cpu_ids=1
[STDERR  ] 2017-10-26T16:14:34.433762103Z: [    0.000000] NR_IRQS:8448 nr_irqs:256 16
[STDERR  ] 2017-10-26T16:14:34.433774094Z: [    0.000000] Console: colour VGA+ 80x25
[STDERR  ] 2017-10-26T16:14:34.43378586Z: [    0.000000] console [ttyS0] enabled
[STDERR  ] 2017-10-26T16:14:34.433797964Z: [    0.000000] clocksource: hpet: mask: 0xffffffff max_cycles: 0xffffffff, max_idle_ns: 19112604467 ns
[STDERR  ] 2017-10-26T16:14:34.433809964Z: [    0.000000] tsc: Fast TSC calibration failed
[STDERR  ] 2017-10-26T16:14:34.433822108Z: [    0.000000] tsc: Unable to calibrate against PIT
[STDERR  ] 2017-10-26T16:14:34.433834147Z: [    0.000000] tsc: using HPET reference calibration
[STDERR  ] 2017-10-26T16:14:34.433845439Z: [    0.000000] tsc: Detected 2300.111 MHz processor
[STDERR  ] 2017-10-26T16:14:34.433858451Z: [    0.041401] Calibrating delay loop (skipped), value calculated using timer frequency.. 4600.22 BogoMIPS (lpj=23001110)
[STDERR  ] 2017-10-26T16:14:34.433870819Z: [    0.042468] pid_max: default: 32768 minimum: 301
[STDERR  ] 2017-10-26T16:14:34.433882507Z: [    0.043336] ACPI: Core revision 20160831
[STDERR  ] 2017-10-26T16:14:34.433895518Z: [    0.089449] ACPI: 1 ACPI AML tables successfully acquired and loaded
[STDERR  ] 2017-10-26T16:14:34.433907436Z: [    0.092726] Security Framework initialized
[STDERR  ] 2017-10-26T16:14:34.43391978Z: [    0.093093] Yama: becoming mindful.
[STDERR  ] 2017-10-26T16:14:34.433931606Z: [    0.094997] Mount-cache hash table entries: 2048 (order: 2, 16384 bytes)
[STDERR  ] 2017-10-26T16:14:34.433944246Z: [    0.095517] Mountpoint-cache hash table entries: 2048 (order: 2, 16384 bytes)
[STDERR  ] 2017-10-26T16:14:34.4339562Z: [    0.116023] Last level iTLB entries: 4KB 0, 2MB 0, 4MB 0
[STDERR  ] 2017-10-26T16:14:34.433968531Z: [    0.116726] Last level dTLB entries: 4KB 0, 2MB 0, 4MB 0, 1GB 0
[STDERR  ] 2017-10-26T16:14:34.433986091Z: [    0.424038] Freeing SMP alternatives memory: 20K
[STDERR  ] 2017-10-26T16:14:34.433998128Z: [    0.432697] ftrace: allocating 35584 entries in 140 pages
[STDERR  ] 2017-10-26T16:14:34.434010739Z: [    0.596064] smpboot: Max logical packages: 1
[STDERR  ] 2017-10-26T16:14:34.434023781Z: [    0.602043] ..TIMER: vector=0x30 apic1=0 pin1=2 apic2=-1 pin2=-1
[STDERR  ] 2017-10-26T16:14:34.434036011Z: [    0.710000] smpboot: CPU0: AMD QEMU Virtual CPU version 2.5+ (family: 0x6, model: 0x6, stepping: 0x3)
[STDERR  ] 2017-10-26T16:14:34.434047963Z: [    0.710000] Performance Events: PMU not available due to virtualization, using software events only.
[STDERR  ] 2017-10-26T16:14:34.434060015Z: [    0.716797] NMI watchdog: disabled (cpu0): hardware events not enabled
[STDERR  ] 2017-10-26T16:14:34.434072635Z: [    0.717120] NMI watchdog: Shutting down hard lockup detector on all cpus
[STDERR  ] 2017-10-26T16:14:34.434084884Z: [    0.720140] x86: Booted up 1 node, 1 CPUs
[STDERR  ] 2017-10-26T16:14:34.434097147Z: [    0.720459] smpboot: Total of 1 processors activated (4600.22 BogoMIPS)
[STDERR  ] 2017-10-26T16:14:34.434108842Z: [    0.733916] devtmpfs: initialized
[STDERR  ] 2017-10-26T16:14:34.434120915Z: [    0.739000] x86/mm: Memory block size: 128MB
[STDERR  ] 2017-10-26T16:14:34.434144109Z: [    0.805234] clocksource: jiffies: mask: 0xffffffff max_cycles: 0xffffffff, max_idle_ns: 19112604462750000 ns
[STDERR  ] 2017-10-26T16:14:34.43416477Z: [    0.805995] futex hash table entries: 256 (order: 2, 16384 bytes)
[STDERR  ] 2017-10-26T16:14:34.434179362Z: [    0.813641] NET: Registered protocol family 16
[STDERR  ] 2017-10-26T16:14:34.434191785Z: [    0.823443] cpuidle: using governor ladder
[STDERR  ] 2017-10-26T16:14:34.434204931Z: [    0.823854] cpuidle: using governor menu
[STDERR  ] 2017-10-26T16:14:34.434217106Z: [    0.824884] ACPI: bus type PCI registered
[STDERR  ] 2017-10-26T16:14:34.434229141Z: [    0.827561] PCI: MMCONFIG for domain 0000 [bus 00-ff] at [mem 0xb0000000-0xbfffffff] (base 0xb0000000)
[STDERR  ] 2017-10-26T16:14:34.434241073Z: [    0.828228] PCI: MMCONFIG at [mem 0xb0000000-0xbfffffff] reserved in E820
[STDERR  ] 2017-10-26T16:14:34.434252762Z: [    0.829455] PCI: Using configuration type 1 for base access
[STDERR  ] 2017-10-26T16:14:34.434268817Z: [    0.885041] HugeTLB registered 2 MB page size, pre-allocated 0 pages
[STDERR  ] 2017-10-26T16:14:34.434284124Z: [    0.895128] ACPI: Added _OSI(Module Device)
[STDERR  ] 2017-10-26T16:14:34.434296381Z: [    0.895412] ACPI: Added _OSI(Processor Device)
[STDERR  ] 2017-10-26T16:14:34.434308479Z: [    0.895683] ACPI: Added _OSI(3.0 _SCP Extensions)
[STDERR  ] 2017-10-26T16:14:34.434320191Z: [    0.895946] ACPI: Added _OSI(Processor Aggregator Device)
[STDERR  ] 2017-10-26T16:14:34.434331757Z: [    0.973570] ACPI: Interpreter enabled
[STDERR  ] 2017-10-26T16:14:34.434343919Z: [    0.974296] ACPI: (supports S0 S5)
[STDERR  ] 2017-10-26T16:14:34.434356195Z: [    0.974554] ACPI: Using IOAPIC for interrupt routing
[STDERR  ] 2017-10-26T16:14:34.434368465Z: [    0.976245] PCI: Using host bridge windows from ACPI; if necessary, use "pci=nocrs" and report a bug
[STDERR  ] 2017-10-26T16:14:34.434380422Z: [    1.039614] ACPI: PCI Root Bridge [PCI0] (domain 0000 [bus 00-ff])
[STDERR  ] 2017-10-26T16:14:34.434392586Z: [    1.040527] acpi PNP0A08:00: _OSC: OS supports [ExtendedConfig ASPM ClockPM Segments MSI]
[STDERR  ] 2017-10-26T16:14:34.43440433Z: [    1.046149] acpi PNP0A08:00: _OSC: OS now controls [PCIeHotplug PME PCIeCapability]
[STDERR  ] 2017-10-26T16:14:34.434416143Z: [    1.049579] PCI host bridge to bus 0000:00
[STDERR  ] 2017-10-26T16:14:34.43442818Z: [    1.050211] pci_bus 0000:00: root bus resource [io  0x0000-0x0cf7 window]
[STDERR  ] 2017-10-26T16:14:34.434440453Z: [    1.050610] pci_bus 0000:00: root bus resource [io  0x0d00-0xffff window]
[STDERR  ] 2017-10-26T16:14:34.434453023Z: [    1.050977] pci_bus 0000:00: root bus resource [mem 0x000a0000-0x000bffff window]
[STDERR  ] 2017-10-26T16:14:34.434464961Z: [    1.051381] pci_bus 0000:00: root bus resource [mem 0xc0000000-0xfebfffff window]
[STDERR  ] 2017-10-26T16:14:34.434485136Z: [    1.051925] pci_bus 0000:00: root bus resource [bus 00-ff]
[STDERR  ] 2017-10-26T16:14:34.434497491Z: [    1.155200] pci 0000:00:1f.0: quirk: [io  0x0600-0x067f] claimed by ICH6 ACPI/GPIO/TCO
[STDERR  ] 2017-10-26T16:14:34.434510568Z: [    1.216313] ACPI: PCI Interrupt Link [LNKA] (IRQs 5 *10 11)
[STDERR  ] 2017-10-26T16:14:34.434523299Z: [    1.218206] ACPI: PCI Interrupt Link [LNKB] (IRQs 5 *10 11)
[STDERR  ] 2017-10-26T16:14:34.434535022Z: [    1.220000] ACPI: PCI Interrupt Link [LNKC] (IRQs 5 10 *11)
[STDERR  ] 2017-10-26T16:14:34.434546571Z: [    1.221817] ACPI: PCI Interrupt Link [LNKD] (IRQs 5 10 *11)
[STDERR  ] 2017-10-26T16:14:34.43455841Z: [    1.223447] ACPI: PCI Interrupt Link [LNKE] (IRQs 5 *10 11)
[STDERR  ] 2017-10-26T16:14:34.434570935Z: [    1.225079] ACPI: PCI Interrupt Link [LNKF] (IRQs 5 *10 11)
[STDERR  ] 2017-10-26T16:14:34.434583395Z: [    1.226726] ACPI: PCI Interrupt Link [LNKG] (IRQs 5 10 *11)
[STDERR  ] 2017-10-26T16:14:34.434595451Z: [    1.228339] ACPI: PCI Interrupt Link [LNKH] (IRQs 5 10 *11)
[STDERR  ] 2017-10-26T16:14:34.434606813Z: [    1.229084] ACPI: PCI Interrupt Link [GSIA] (IRQs *16)
[STDERR  ] 2017-10-26T16:14:34.434617691Z: [    1.230263] ACPI: PCI Interrupt Link [GSIB] (IRQs *17)
[STDERR  ] 2017-10-26T16:14:34.434628913Z: [    1.230812] ACPI: PCI Interrupt Link [GSIC] (IRQs *18)
[STDERR  ] 2017-10-26T16:14:34.434645198Z: [    1.231362] ACPI: PCI Interrupt Link [GSID] (IRQs *19)
[STDERR  ] 2017-10-26T16:14:34.434656409Z: [    1.231911] ACPI: PCI Interrupt Link [GSIE] (IRQs *20)
[STDERR  ] 2017-10-26T16:14:34.434670139Z: [    1.232483] ACPI: PCI Interrupt Link [GSIF] (IRQs *21)
[STDERR  ] 2017-10-26T16:14:34.43468249Z: [    1.233039] ACPI: PCI Interrupt Link [GSIG] (IRQs *22)
[STDERR  ] 2017-10-26T16:14:34.434694166Z: [    1.233592] ACPI: PCI Interrupt Link [GSIH] (IRQs *23)
[STDERR  ] 2017-10-26T16:14:34.434704946Z: [    1.236979] ACPI: Enabled 2 GPEs in block 00 to 3F
[STDERR  ] 2017-10-26T16:14:34.434716456Z: [    1.241231] SCSI subsystem initialized
[STDERR  ] 2017-10-26T16:14:34.43472758Z: [    1.243119] ACPI: bus type USB registered
[STDERR  ] 2017-10-26T16:14:34.43473952Z: [    1.244142] usbcore: registered new interface driver usbfs
[STDERR  ] 2017-10-26T16:14:34.434751263Z: [    1.244965] usbcore: registered new interface driver hub
[STDERR  ] 2017-10-26T16:14:34.434763242Z: [    1.245690] usbcore: registered new device driver usb
[STDERR  ] 2017-10-26T16:14:34.434774811Z: [    1.246757] pps_core: LinuxPPS API ver. 1 registered
[STDERR  ] 2017-10-26T16:14:34.434785786Z: [    1.247048] pps_core: Software ver. 5.3.6 - Copyright 2005-2007 Rodolfo Giometti <giometti@linux.it>
[STDERR  ] 2017-10-26T16:14:34.434797052Z: [    1.247661] PTP clock support registered
[STDERR  ] 2017-10-26T16:14:34.434808284Z: [    1.248735] wmi: Mapper loaded
[STDERR  ] 2017-10-26T16:14:34.434819446Z: [    1.249698] PCI: Using ACPI for IRQ routing
[STDERR  ] 2017-10-26T16:14:34.434831965Z: [    1.269091] NetLabel: Initializing
[STDERR  ] 2017-10-26T16:14:34.434843415Z: [    1.269328] NetLabel:  domain hash size = 128
[STDERR  ] 2017-10-26T16:14:34.434854567Z: [    1.269590] NetLabel:  protocols = UNLABELED CIPSOv4
[STDERR  ] 2017-10-26T16:14:34.434867201Z: [    1.271490] NetLabel:  unlabeled traffic allowed by default
[STDERR  ] 2017-10-26T16:14:34.434878359Z: [    1.272318] HPET: 3 timers in total, 0 timers will be used for per-cpu timer
[STDERR  ] 2017-10-26T16:14:34.434889084Z: [    1.272968] hpet0: at MMIO 0xfed00000, IRQs 2, 8, 0
[STDERR  ] 2017-10-26T16:14:34.434900334Z: [    1.273401] hpet0: 3 comparators, 64-bit 100.000000 MHz counter
[STDERR  ] 2017-10-26T16:14:34.434912236Z: [    1.278448] clocksource: Switched to clocksource hpet
[STDERR  ] 2017-10-26T16:14:34.434923288Z: [    1.533203] VFS: Disk quotas dquot_6.6.0
[STDERR  ] 2017-10-26T16:14:34.434943644Z: [    1.533853] VFS: Dquot-cache hash table entries: 512 (order 0, 4096 bytes)
[STDERR  ] 2017-10-26T16:14:34.434964617Z: [    1.536450] FS-Cache: Loaded
[STDERR  ] 2017-10-26T16:14:34.434976555Z: [    1.541938] CacheFiles: Loaded
[STDERR  ] 2017-10-26T16:14:34.43498919Z: [    1.543452] pnp: PnP ACPI init
[STDERR  ] 2017-10-26T16:14:34.435001526Z: [    1.554635] pnp: PnP ACPI: found 5 devices
[STDERR  ] 2017-10-26T16:14:34.435013249Z: [    1.605663] clocksource: acpi_pm: mask: 0xffffff max_cycles: 0xffffff, max_idle_ns: 2085701024 ns
[STDERR  ] 2017-10-26T16:14:34.435025825Z: [    1.608229] NET: Registered protocol family 2
[STDERR  ] 2017-10-26T16:14:34.435037663Z: [    1.615566] TCP established hash table entries: 8192 (order: 4, 65536 bytes)
[STDERR  ] 2017-10-26T16:14:34.435049613Z: [    1.616225] TCP bind hash table entries: 8192 (order: 5, 131072 bytes)
[STDERR  ] 2017-10-26T16:14:34.435062323Z: [    1.616824] TCP: Hash tables configured (established 8192 bind 8192)
[STDERR  ] 2017-10-26T16:14:34.435077752Z: [    1.618934] UDP hash table entries: 512 (order: 2, 16384 bytes)
[STDERR  ] 2017-10-26T16:14:34.43509039Z: [    1.619418] UDP-Lite hash table entries: 512 (order: 2, 16384 bytes)
[STDERR  ] 2017-10-26T16:14:34.435103246Z: [    1.621752] NET: Registered protocol family 1
[STDERR  ] 2017-10-26T16:14:34.435116343Z: [    1.622629] pci 0000:00:01.0: Video device with shadowed ROM at [mem 0x000c0000-0x000dffff]
[STDERR  ] 2017-10-26T16:14:34.435128601Z: [    1.629274] Unpacking initramfs...
[STDERR  ] 2017-10-26T16:14:34.435139902Z: [    7.117765] Freeing initrd memory: 35368K
[STDERR  ] 2017-10-26T16:14:34.435158784Z: [    7.141197] PCLMULQDQ-NI instructions are not detected.
[STDERR  ] 2017-10-26T16:14:34.435171614Z: [    7.142285] AVX or AES-NI instructions are not detected.
[STDERR  ] 2017-10-26T16:14:34.43518388Z: [    7.142682] CPU feature 'AVX registers' is not supported.
[STDERR  ] 2017-10-26T16:14:34.435196419Z: [    7.143028] CPU feature 'AVX registers' is not supported.
[STDERR  ] 2017-10-26T16:14:34.435209656Z: [    7.143368] CPU feature 'AVX registers' is not supported.
[STDERR  ] 2017-10-26T16:14:34.435221868Z: [    7.143781] CPU feature 'AVX registers' is not supported.
[STDERR  ] 2017-10-26T16:14:34.435234056Z: [    7.144118] AVX2 or AES-NI instructions are not detected.
[STDERR  ] 2017-10-26T16:14:34.435245897Z: [    7.144453] AVX2 instructions are not detected.
[STDERR  ] 2017-10-26T16:14:34.435258546Z: [    7.151628] audit: initializing netlink subsys (disabled)
[STDERR  ] 2017-10-26T16:14:34.435271079Z: [    7.153121] audit: type=2000 audit(1509034430.150:1): initialized
[STDERR  ] 2017-10-26T16:14:34.435282986Z: [    7.159680] workingset: timestamp_bits=46 max_order=18 bucket_order=0
[STDERR  ] 2017-10-26T16:14:34.435295462Z: [    7.167047] squashfs: version 4.0 (2009/01/31) Phillip Lougher
[STDERR  ] 2017-10-26T16:14:34.435307254Z: [    7.169308] FS-Cache: Netfs 'cifs' registered for caching
[STDERR  ] 2017-10-26T16:14:34.43531908Z: [    7.170396] fuse init (API version 7.26)
[STDERR  ] 2017-10-26T16:14:34.435331221Z: [    7.173202] SGI XFS with ACLs, security attributes, no debug enabled
[STDERR  ] 2017-10-26T16:14:34.435343937Z: [    7.176917] 9p: Installing v9fs 9p2000 file system support
[STDERR  ] 2017-10-26T16:14:34.435356125Z: [    7.177377] FS-Cache: Netfs '9p' registered for caching
[STDERR  ] 2017-10-26T16:14:34.435368085Z: [    7.211343] NET: Registered protocol family 38
[STDERR  ] 2017-10-26T16:14:34.435380024Z: [    7.212209] Key type asymmetric registered
[STDERR  ] 2017-10-26T16:14:34.43539198Z: [    7.212518] Asymmetric key parser 'x509' registered
[STDERR  ] 2017-10-26T16:14:34.435403625Z: [    7.213200] Block layer SCSI generic (bsg) driver version 0.4 loaded (major 251)
[STDERR  ] 2017-10-26T16:14:34.435415494Z: [    7.214448] io scheduler noop registered
[STDERR  ] 2017-10-26T16:14:34.435427122Z: [    7.214736] io scheduler deadline registered (default)
[STDERR  ] 2017-10-26T16:14:34.435439096Z: [    7.215332] io scheduler cfq registered
[STDERR  ] 2017-10-26T16:14:34.43545172Z: [    7.217774] pci_hotplug: PCI Hot Plug PCI Core version: 0.5
[STDERR  ] 2017-10-26T16:14:34.435463504Z: [    7.218304] pciehp: PCI Express Hot Plug Controller Driver version: 0.4
[STDERR  ] 2017-10-26T16:14:34.435481003Z: [    7.219002] shpchp: Standard Hot Plug PCI Controller Driver version: 0.4
[STDERR  ] 2017-10-26T16:14:34.435493461Z: [    7.219729] hv_vmbus: registering driver hyperv_fb
[STDERR  ] 2017-10-26T16:14:34.435505054Z: [    7.224533] input: Power Button as /devices/LNXSYSTM:00/LNXPWRBN:00/input/input0
[STDERR  ] 2017-10-26T16:14:34.43551727Z: [    7.225518] ACPI: Power Button [PWRF]
[STDERR  ] 2017-10-26T16:14:34.43552954Z: [    7.230459] GHES: HEST is not enabled!
[STDERR  ] 2017-10-26T16:14:34.435541444Z: [    7.242440] ACPI: PCI Interrupt Link [GSIG] enabled at IRQ 22
[STDERR  ] 2017-10-26T16:14:34.435554124Z: [    7.254815] ACPI: PCI Interrupt Link [GSIH] enabled at IRQ 23
[STDERR  ] 2017-10-26T16:14:34.435566842Z: [    7.258618] xenfs: not registering filesystem on non-xen platform
[STDERR  ] 2017-10-26T16:14:34.435578729Z: [    7.260907] Serial: 8250/16550 driver, 4 ports, IRQ sharing disabled
[STDERR  ] 2017-10-26T16:14:34.435590694Z: [    7.286997] 00:04: ttyS0 at I/O 0x3f8 (irq = 4, base_baud = 115200) is a 16550A
[STDERR  ] 2017-10-26T16:14:34.435602438Z: [    7.297505] Non-volatile memory driver v1.3
[STDERR  ] 2017-10-26T16:14:34.4356143Z: [    7.303676] Hangcheck: starting hangcheck timer 0.9.1 (tick is 180 seconds, margin is 60 seconds).
[STDERR  ] 2017-10-26T16:14:34.435626612Z: [    7.308568] random: fast init done
[STDERR  ] 2017-10-26T16:14:34.435643916Z: [    7.309730] random: crng init done
[STDERR  ] 2017-10-26T16:14:34.435656235Z: [    7.344221] loop: module loaded
[STDERR  ] 2017-10-26T16:14:34.435669151Z: [    7.357815] nbd: registered device at major 43
[STDERR  ] 2017-10-26T16:14:34.435681301Z: [    7.400318] lpc_ich 0000:00:1f.0: I/O space for GPIO uninitialized
[STDERR  ] 2017-10-26T16:14:34.435693197Z: [    7.402001] VMware PVSCSI driver - version 1.0.7.0-k
[STDERR  ] 2017-10-26T16:14:34.435704895Z: [    7.402655] hv_vmbus: registering driver hv_storvsc
[STDERR  ] 2017-10-26T16:14:34.435717127Z: [    7.413760] ACPI: PCI Interrupt Link [GSIA] enabled at IRQ 16
[STDERR  ] 2017-10-26T16:14:34.4357291Z: [    7.424044] ahci 0000:00:1f.2: AHCI 0001.0000 32 slots 6 ports 1.5 Gbps 0x3f impl SATA mode
[STDERR  ] 2017-10-26T16:14:34.435741886Z: [    7.424762] ahci 0000:00:1f.2: flags: 64bit ncq only 
[STDERR  ] 2017-10-26T16:14:34.435753523Z: [    7.458673] scsi host0: ahci
[STDERR  ] 2017-10-26T16:14:34.43576561Z: [    7.464817] scsi host1: ahci
[STDERR  ] 2017-10-26T16:14:34.435777537Z: [    7.468329] scsi host2: ahci
[STDERR  ] 2017-10-26T16:14:34.435789358Z: [    7.472042] scsi host3: ahci
[STDERR  ] 2017-10-26T16:14:34.435806096Z: [    7.475499] scsi host4: ahci
[STDERR  ] 2017-10-26T16:14:34.435818149Z: [    7.478893] scsi host5: ahci
[STDERR  ] 2017-10-26T16:14:34.435829906Z: [    7.482004] ata1: SATA max UDMA/133 abar m4096@0xfebd2000 port 0xfebd2100 irq 24
[STDERR  ] 2017-10-26T16:14:34.435842061Z: [    7.482565] ata2: SATA max UDMA/133 abar m4096@0xfebd2000 port 0xfebd2180 irq 24
[STDERR  ] 2017-10-26T16:14:34.435854022Z: [    7.483014] ata3: SATA max UDMA/133 abar m4096@0xfebd2000 port 0xfebd2200 irq 24
[STDERR  ] 2017-10-26T16:14:34.43586727Z: [    7.483470] ata4: SATA max UDMA/133 abar m4096@0xfebd2000 port 0xfebd2280 irq 24
[STDERR  ] 2017-10-26T16:14:34.43588236Z: [    7.483910] ata5: SATA max UDMA/133 abar m4096@0xfebd2000 port 0xfebd2300 irq 24
[STDERR  ] 2017-10-26T16:14:34.43589502Z: [    7.484433] ata6: SATA max UDMA/133 abar m4096@0xfebd2000 port 0xfebd2380 irq 24
[STDERR  ] 2017-10-26T16:14:34.435906956Z: [    7.518130] tun: Universal TUN/TAP device driver, 1.6
[STDERR  ] 2017-10-26T16:14:34.435918728Z: [    7.518485] tun: (C) 1999-2004 Max Krasnyansky <maxk@qualcomm.com>
[STDERR  ] 2017-10-26T16:14:34.435930567Z: [    7.532498] VMware vmxnet3 virtual NIC driver - version 1.4.a.0-k-NAPI
[STDERR  ] 2017-10-26T16:14:34.435942696Z: [    7.533300] hv_vmbus: registering driver hv_netvsc
[STDERR  ] 2017-10-26T16:14:34.435954476Z: [    7.533647] Fusion MPT base driver 3.04.20
[STDERR  ] 2017-10-26T16:14:34.435971987Z: [    7.533923] Copyright (c) 1999-2008 LSI Corporation
[STDERR  ] 2017-10-26T16:14:34.435984624Z: [    7.534446] Fusion MPT SPI Host driver 3.04.20
[STDERR  ] 2017-10-26T16:14:34.435997039Z: [    7.536445] i8042: PNP: PS/2 Controller [PNP0303:KBD,PNP0f13:MOU] at 0x60,0x64 irq 1,12
[STDERR  ] 2017-10-26T16:14:34.436009455Z: [    7.540671] serio: i8042 KBD port at 0x60,0x64 irq 1
[STDERR  ] 2017-10-26T16:14:34.436021342Z: [    7.541245] serio: i8042 AUX port at 0x60,0x64 irq 12
[STDERR  ] 2017-10-26T16:14:34.436033245Z: [    7.544255] hv_vmbus: registering driver hyperv_keyboard
[STDERR  ] 2017-10-26T16:14:34.436045023Z: [    7.546226] mousedev: PS/2 mouse device common for all mice
[STDERR  ] 2017-10-26T16:14:34.436056741Z: [    7.551701] input: AT Translated Set 2 keyboard as /devices/platform/i8042/serio0/input/input1
[STDERR  ] 2017-10-26T16:14:34.436068747Z: [    7.554503] input: PC Speaker as /devices/platform/pcspkr/input/input2
[STDERR  ] 2017-10-26T16:14:34.436081353Z: [    7.557871] rtc_cmos 00:00: RTC can wake from S4
[STDERR  ] 2017-10-26T16:14:34.436093736Z: [    7.561293] rtc_cmos 00:00: rtc core: registered rtc_cmos as rtc0
[STDERR  ] 2017-10-26T16:14:34.436105918Z: [    7.562545] rtc_cmos 00:00: alarms up to one day, y3k, 114 bytes nvram, hpet irqs
[STDERR  ] 2017-10-26T16:14:34.436117827Z: [    7.563228] i2c /dev entries driver
[STDERR  ] 2017-10-26T16:14:34.436129657Z: [    7.564963] device-mapper: ioctl: 4.35.0-ioctl (2016-06-23) initialised: dm-devel@redhat.com
[STDERR  ] 2017-10-26T16:14:34.436145981Z: [    7.569454] usbcore: registered new interface driver usbhid
[STDERR  ] 2017-10-26T16:14:34.436157925Z: [    7.569847] usbhid: USB HID core driver
[STDERR  ] 2017-10-26T16:14:34.436223225Z: [    7.570705] hv_utils: Registering HyperV Utility Driver
[STDERR  ] 2017-10-26T16:14:34.436238989Z: [    7.571061] hv_vmbus: registering driver hv_util
[STDERR  ] 2017-10-26T16:14:34.436251811Z: [    7.571370] hv_vmbus: registering driver hv_balloon
[STDERR  ] 2017-10-26T16:14:34.436266744Z: [    7.571885] oprofile: using NMI interrupt.
[STDERR  ] 2017-10-26T16:14:34.436278654Z: [    7.572832] GACT probability on
[STDERR  ] 2017-10-26T16:14:34.436290494Z: [    7.573239] Mirror/redirect action on
[STDERR  ] 2017-10-26T16:14:34.436302084Z: [    7.574017] Simple TC action Loaded
[STDERR  ] 2017-10-26T16:14:34.436313721Z: [    7.574534] u32 classifier
[STDERR  ] 2017-10-26T16:14:34.436325282Z: [    7.574732]     Performance counters on
[STDERR  ] 2017-10-26T16:14:34.436337326Z: [    7.574986]     input device check on
[STDERR  ] 2017-10-26T16:14:34.436349504Z: [    7.575229]     Actions configured
[STDOUT  ] 2017-10-26T16:14:34.432762543Z: [    0.000000] Linux version 4.9.58-linuxkit (root@a45585ce5a88) (gcc version 6.3.0 (Alpine 6.3.0) ) #1 SMP Sun Oct 22 16:44:43 UTC 2017
[STDOUT  ] 2017-10-26T16:14:34.436386163Z: [    0.000000] Command line: console=ttyS0
[STDERR  ] 2017-10-26T16:14:34.436361091Z: [    7.575731] Netfilter messages via NETLINK v0.30.
[STDERR  ] 2017-10-26T16:14:34.436430515Z: [    7.576265] nfnl_acct: registering with nfnetlink.
[STDERR  ] 2017-10-26T16:14:34.436442692Z: [    7.577489] nf_conntrack version 0.5.0 (8192 buckets, 32768 max)
[STDERR  ] 2017-10-26T16:14:34.43645417Z: [    7.580949] ctnetlink v0.93: registering with nfnetlink.
[STDERR  ] 2017-10-26T16:14:34.436465646Z: [    7.583995] nf_tables: (c) 2007-2009 Patrick McHardy <kaber@trash.net>
[STDERR  ] 2017-10-26T16:14:34.43647734Z: [    7.584830] nf_tables_compat: (c) 2012 Pablo Neira Ayuso <pablo@netfilter.org>
[STDERR  ] 2017-10-26T16:14:34.436489733Z: [    7.587092] xt_time: kernel timezone is -0000
[STDERR  ] 2017-10-26T16:14:34.436502007Z: [    7.587596] ip_set: protocol 6
[STDERR  ] 2017-10-26T16:14:34.436513739Z: [    7.588176] IPVS: Registered protocols (TCP, UDP, SCTP, AH, ESP)
[STDERR  ] 2017-10-26T16:14:34.436525615Z: [    7.588717] IPVS: Connection hash table configured (size=4096, memory=64Kbytes)
[STDERR  ] 2017-10-26T16:14:34.43653982Z: [    7.590626] IPVS: Creating netns size=2104 id=0
[STDERR  ] 2017-10-26T16:14:34.436552394Z: [    7.593246] IPVS: ipvs loaded.
[STDERR  ] 2017-10-26T16:14:34.436606818Z: [    7.593637] IPVS: [rr] scheduler registered.
[STDERR  ] 2017-10-26T16:14:34.43661967Z: [    7.593965] IPVS: [wrr] scheduler registered.
[STDERR  ] 2017-10-26T16:14:34.436632796Z: [    7.594259] IPVS: [lc] scheduler registered.
[STDERR  ] 2017-10-26T16:14:34.436645132Z: [    7.594543] IPVS: [wlc] scheduler registered.
[STDERR  ] 2017-10-26T16:14:34.436657228Z: [    7.594831] IPVS: [fo] scheduler registered.
[STDERR  ] 2017-10-26T16:14:34.436668964Z: [    7.595114] IPVS: [ovf] scheduler registered.
[STDERR  ] 2017-10-26T16:14:34.436680974Z: [    7.595500] IPVS: [lblc] scheduler registered.
[STDERR  ] 2017-10-26T16:14:34.436693211Z: [    7.595891] IPVS: [lblcr] scheduler registered.
[STDERR  ] 2017-10-26T16:14:34.436709206Z: [    7.596209] IPVS: [dh] scheduler registered.
[STDERR  ] 2017-10-26T16:14:34.43672047Z: [    7.596496] IPVS: [sh] scheduler registered.
[STDERR  ] 2017-10-26T16:14:34.436731845Z: [    7.596784] IPVS: [sed] scheduler registered.
[STDERR  ] 2017-10-26T16:14:34.436773954Z: [    7.597073] IPVS: [nq] scheduler registered.
[STDERR  ] 2017-10-26T16:14:34.436789544Z: [    7.597706] IPVS: ftp: loaded support on port[0] = 21
[STDERR  ] 2017-10-26T16:14:34.436800927Z: [    7.598531] ipip: IPv4 and MPLS over IPv4 tunneling driver
[STDERR  ] 2017-10-26T16:14:34.436812557Z: [    7.602904] gre: GRE over IPv4 demultiplexor driver
[STDERR  ] 2017-10-26T16:14:34.436831785Z: [    7.605499] ip_tables: (C) 2000-2006 Netfilter Core Team
[STDERR  ] 2017-10-26T16:14:34.436844297Z: [    7.608541] ipt_CLUSTERIP: ClusterIP Version 0.8 loaded successfully
[STDERR  ] 2017-10-26T16:14:34.436869096Z: [    7.609227] arp_tables: arp_tables: (C) 2002 David S. Miller
[STDERR  ] 2017-10-26T16:14:34.436888464Z: [    7.611800] NET: Registered protocol family 10
[STDERR  ] 2017-10-26T16:14:34.436901233Z: [    7.621466] ip6_tables: (C) 2000-2006 Netfilter Core Team
[STDERR  ] 2017-10-26T16:14:34.436913357Z: [    7.629439] NET: Registered protocol family 17
[STDERR  ] 2017-10-26T16:14:34.436962105Z: [    7.630787] Bridge firewalling registered
[STDERR  ] 2017-10-26T16:14:34.436974224Z: [    7.631271] Ebtables v2.0 registered
[STDERR  ] 2017-10-26T16:14:34.436985928Z: [    7.633098] 8021q: 802.1Q VLAN Support v1.8
[STDERR  ] 2017-10-26T16:14:34.436997439Z: [    7.634466] 9pnet: Installing 9P2000 support
[STDERR  ] 2017-10-26T16:14:34.437008704Z: [    7.635914] Key type dns_resolver registered
[STDERR  ] 2017-10-26T16:14:34.437021253Z: [    7.636755] microcode: AMD CPU family 0x6 not supported
[STDERR  ] 2017-10-26T16:14:34.437032836Z: [    7.640583] registered taskstats version 1
[STDERR  ] 2017-10-26T16:14:34.437044618Z: [    7.808783] Key type big_key registered
[STDERR  ] 2017-10-26T16:14:34.437055927Z: [    7.821395] ata3: SATA link up 1.5 Gbps (SStatus 113 SControl 300)
[STDERR  ] 2017-10-26T16:14:34.437068653Z: [    7.825342] ata3.00: ATAPI: QEMU DVD-ROM, 2.5+, max UDMA/100
[STDERR  ] 2017-10-26T16:14:34.43708113Z: [    7.826032] ata3.00: applying bridge limits
[STDOUT  ] 2017-10-26T16:14:34.43711395Z: [    0.000000] x86/fpu: Legacy x87 FPU detected.
[STDOUT  ] 2017-10-26T16:14:34.437129081Z: [    0.000000] x86/fpu: Using 'eager' FPU context switches.
[STDOUT  ] 2017-10-26T16:14:34.437144757Z: [    0.000000] e820: BIOS-provided physical RAM map:
[STDOUT  ] 2017-10-26T16:14:34.437157164Z: [    0.000000] BIOS-e820: [mem 0x0000000000000000-0x000000000009fbff] usable
[STDOUT  ] 2017-10-26T16:14:34.437169802Z: [    0.000000] BIOS-e820: [mem 0x000000000009fc00-0x000000000009ffff] reserved
[STDOUT  ] 2017-10-26T16:14:34.437181337Z: [    0.000000] BIOS-e820: [mem 0x00000000000f0000-0x00000000000fffff] reserved
[STDOUT  ] 2017-10-26T16:14:34.43719309Z: [    0.000000] BIOS-e820: [mem 0x0000000000100000-0x000000003ffdefff] usable
[STDOUT  ] 2017-10-26T16:14:34.437205087Z: [    0.000000] BIOS-e820: [mem 0x000000003ffdf000-0x000000003fffffff] reserved
[STDOUT  ] 2017-10-26T16:14:34.437216535Z: [    0.000000] BIOS-e820: [mem 0x00000000b0000000-0x00000000bfffffff] reserved
[STDOUT  ] 2017-10-26T16:14:34.437236713Z: [    0.000000] BIOS-e820: [mem 0x00000000fed1c000-0x00000000fed1ffff] reserved
[STDOUT  ] 2017-10-26T16:14:34.437248845Z: [    0.000000] BIOS-e820: [mem 0x00000000fffc0000-0x00000000ffffffff] reserved
[STDOUT  ] 2017-10-26T16:14:34.437260689Z: [    0.000000] NX (Execute Disable) protection: active
[STDOUT  ] 2017-10-26T16:14:34.437272535Z: [    0.000000] SMBIOS 2.8 present.
[STDOUT  ] 2017-10-26T16:14:34.437284408Z: [    0.000000] e820: last_pfn = 0x3ffdf max_arch_pfn = 0x400000000
[STDOUT  ] 2017-10-26T16:14:34.437296405Z: [    0.000000] x86/PAT: Configuration [0-7]: WB  WC  UC- UC  WB  WC  UC- WT  
[STDOUT  ] 2017-10-26T16:14:34.437310577Z: [    0.000000] found SMP MP-table at [mem 0x000f6aa0-0x000f6aaf] mapped at [ffff8a90000f6aa0]
[STDOUT  ] 2017-10-26T16:14:34.437322829Z: [    0.000000] RAMDISK: [mem 0x3dd46000-0x3ffcffff]
[STDOUT  ] 2017-10-26T16:14:34.437336848Z: [    0.000000] ACPI: Early table checksum verification disabled
[STDOUT  ] 2017-10-26T16:14:34.437348561Z: [    0.000000] ACPI: RSDP 0x00000000000F68C0 000014 (v00 BOCHS )
[STDOUT  ] 2017-10-26T16:14:34.437386921Z: [    0.000000] ACPI: RSDT 0x000000003FFE2404 000034 (v01 BOCHS  BXPCRSDT 00000001 BXPC 00000001)
[STDOUT  ] 2017-10-26T16:14:34.437406248Z: [    0.000000] ACPI: FACP 0x000000003FFE22A4 000074 (v01 BOCHS  BXPCFACP 00000001 BXPC 00000001)
[STDOUT  ] 2017-10-26T16:14:34.437427837Z: [    0.000000] ACPI: DSDT 0x000000003FFE0040 002264 (v01 BOCHS  BXPCDSDT 00000001 BXPC 00000001)
[STDOUT  ] 2017-10-26T16:14:34.437443456Z: [    0.000000] ACPI: FACS 0x000000003FFE0000 000040
[STDOUT  ] 2017-10-26T16:14:34.437455077Z: [    0.000000] ACPI: APIC 0x000000003FFE2318 000078 (v01 BOCHS  BXPCAPIC 00000001 BXPC 00000001)
[STDOUT  ] 2017-10-26T16:14:34.437469112Z: [    0.000000] ACPI: HPET 0x000000003FFE2390 000038 (v01 BOCHS  BXPCHPET 00000001 BXPC 00000001)
[STDOUT  ] 2017-10-26T16:14:34.437482285Z: [    0.000000] ACPI: MCFG 0x000000003FFE23C8 00003C (v01 BOCHS  BXPCMCFG 00000001 BXPC 00000001)
[STDOUT  ] 2017-10-26T16:14:34.437494925Z: [    0.000000] Zone ranges:
[STDOUT  ] 2017-10-26T16:14:34.437509168Z: [    0.000000]   DMA      [mem 0x0000000000001000-0x0000000000ffffff]
[STDOUT  ] 2017-10-26T16:14:34.437521064Z: [    0.000000]   DMA32    [mem 0x0000000001000000-0x000000003ffdefff]
[STDOUT  ] 2017-10-26T16:14:34.437535594Z: [    0.000000]   Normal   empty
[STDOUT  ] 2017-10-26T16:14:34.437547181Z: [    0.000000] Movable zone start for each node
[STDOUT  ] 2017-10-26T16:14:34.437559406Z: [    0.000000] Early memory node ranges
[STDOUT  ] 2017-10-26T16:14:34.437571825Z: [    0.000000]   node   0: [mem 0x0000000000001000-0x000000000009efff]
[STDOUT  ] 2017-10-26T16:14:34.437585776Z: [    0.000000]   node   0: [mem 0x0000000000100000-0x000000003ffdefff]
[STDOUT  ] 2017-10-26T16:14:34.437598669Z: [    0.000000] Initmem setup node 0 [mem 0x0000000000001000-0x000000003ffdefff]
[STDOUT  ] 2017-10-26T16:14:34.437612304Z: [    0.000000] ACPI: PM-Timer IO Port: 0x608
[STDOUT  ] 2017-10-26T16:14:34.437625776Z: [    0.000000] ACPI: LAPIC_NMI (acpi_id[0xff] dfl dfl lint[0x1])
[STDOUT  ] 2017-10-26T16:14:34.437636694Z: [    0.000000] IOAPIC[0]: apic_id 0, version 32, address 0xfec00000, GSI 0-23
[STDOUT  ] 2017-10-26T16:14:34.437650111Z: [    0.000000] ACPI: INT_SRC_OVR (bus 0 bus_irq 0 global_irq 2 dfl dfl)
[STDOUT  ] 2017-10-26T16:14:34.43766283Z: [    0.000000] ACPI: INT_SRC_OVR (bus 0 bus_irq 5 global_irq 5 high level)
[STDOUT  ] 2017-10-26T16:14:34.437685427Z: [    0.000000] ACPI: INT_SRC_OVR (bus 0 bus_irq 9 global_irq 9 high level)
[STDOUT  ] 2017-10-26T16:14:34.437698971Z: [    0.000000] ACPI: INT_SRC_OVR (bus 0 bus_irq 10 global_irq 10 high level)
[STDOUT  ] 2017-10-26T16:14:34.437711262Z: [    0.000000] ACPI: INT_SRC_OVR (bus 0 bus_irq 11 global_irq 11 high level)
[STDOUT  ] 2017-10-26T16:14:34.437725252Z: [    0.000000] Using ACPI (MADT) for SMP configuration information
[STDOUT  ] 2017-10-26T16:14:34.437737186Z: [    0.000000] ACPI: HPET id: 0x8086a201 base: 0xfed00000
[STDOUT  ] 2017-10-26T16:14:34.437762615Z: [    0.000000] smpboot: Allowing 1 CPUs, 0 hotplug CPUs
[STDOUT  ] 2017-10-26T16:14:34.437776058Z: [    0.000000] e820: [mem 0x40000000-0xafffffff] available for PCI devices
[STDOUT  ] 2017-10-26T16:14:34.437788633Z: [    0.000000] Booting paravirtualized kernel on bare hardware
[STDOUT  ] 2017-10-26T16:14:34.437801285Z: [    0.000000] clocksource: refined-jiffies: mask: 0xffffffff max_cycles: 0xffffffff, max_idle_ns: 19112604462750000 ns
[STDOUT  ] 2017-10-26T16:14:34.437818009Z: [    0.000000] setup_percpu: NR_CPUS:128 nr_cpumask_bits:128 nr_cpu_ids:1 nr_node_ids:1
[STDOUT  ] 2017-10-26T16:14:34.437831747Z: [    0.000000] percpu: Embedded 35 pages/cpu @ffff8a903da00000 s105240 r8192 d29928 u2097152
[STDOUT  ] 2017-10-26T16:14:34.437845177Z: [    0.000000] Built 1 zonelists in Zone order, mobility grouping on.  Total pages: 257896
[STDOUT  ] 2017-10-26T16:14:34.43785789Z: [    0.000000] Kernel command line: console=ttyS0
[STDOUT  ] 2017-10-26T16:14:34.437870663Z: [    0.000000] PID hash table entries: 4096 (order: 3, 32768 bytes)
[STDOUT  ] 2017-10-26T16:14:34.437882267Z: [    0.000000] Dentry cache hash table entries: 131072 (order: 8, 1048576 bytes)
[STDOUT  ] 2017-10-26T16:14:34.437896229Z: [    0.000000] Inode-cache hash table entries: 65536 (order: 7, 524288 bytes)
[STDOUT  ] 2017-10-26T16:14:34.437911498Z: [    0.000000] Memory: 978804K/1048052K available (8053K kernel code, 1367K rwdata, 2704K rodata, 1380K init, 568K bss, 69248K reserved, 0K cma-reserved)
[STDOUT  ] 2017-10-26T16:14:34.437937329Z: [    0.000000] Hierarchical RCU implementation.
[STDOUT  ] 2017-10-26T16:14:34.437949532Z: [    0.000000] 	Build-time adjustment of leaf fanout to 64.
[STDOUT  ] 2017-10-26T16:14:34.437961459Z: [    0.000000] 	RCU restricting CPUs from NR_CPUS=128 to nr_cpu_ids=1.
[STDOUT  ] 2017-10-26T16:14:34.43797366Z: [    0.000000] RCU: Adjusting geometry for rcu_fanout_leaf=64, nr_cpu_ids=1
[STDOUT  ] 2017-10-26T16:14:34.437988145Z: [    0.000000] NR_IRQS:8448 nr_irqs:256 16
[STDOUT  ] 2017-10-26T16:14:34.438002782Z: [    0.000000] Console: colour VGA+ 80x25
[STDOUT  ] 2017-10-26T16:14:34.438016595Z: [    0.000000] console [ttyS0] enabled
[STDOUT  ] 2017-10-26T16:14:34.438027895Z: [    0.000000] clocksource: hpet: mask: 0xffffffff max_cycles: 0xffffffff, max_idle_ns: 19112604467 ns
[STDOUT  ] 2017-10-26T16:14:34.438039599Z: [    0.000000] tsc: Fast TSC calibration failed
[STDOUT  ] 2017-10-26T16:14:34.438054005Z: [    0.000000] tsc: Unable to calibrate against PIT
[STDOUT  ] 2017-10-26T16:14:34.43806517Z: [    0.000000] tsc: using HPET reference calibration
[STDOUT  ] 2017-10-26T16:14:34.438078146Z: [    0.000000] tsc: Detected 2300.111 MHz processor
[STDOUT  ] 2017-10-26T16:14:34.438090072Z: [    0.041401] Calibrating delay loop (skipped), value calculated using timer frequency.. 4600.22 BogoMIPS (lpj=23001110)
[STDOUT  ] 2017-10-26T16:14:34.438103065Z: [    0.042468] pid_max: default: 32768 minimum: 301
[STDOUT  ] 2017-10-26T16:14:34.438114579Z: [    0.043336] ACPI: Core revision 20160831
[STDOUT  ] 2017-10-26T16:14:34.438131295Z: [    0.089449] ACPI: 1 ACPI AML tables successfully acquired and loaded
[STDOUT  ] 2017-10-26T16:14:34.438143975Z: [    0.092726] Security Framework initialized
[STDOUT  ] 2017-10-26T16:14:34.438156617Z: [    0.093093] Yama: becoming mindful.
[STDOUT  ] 2017-10-26T16:14:34.438169448Z: [    0.094997] Mount-cache hash table entries: 2048 (order: 2, 16384 bytes)
[STDOUT  ] 2017-10-26T16:14:34.438181755Z: [    0.095517] Mountpoint-cache hash table entries: 2048 (order: 2, 16384 bytes)
[STDOUT  ] 2017-10-26T16:14:34.438196695Z: [    0.116023] Last level iTLB entries: 4KB 0, 2MB 0, 4MB 0
[STDOUT  ] 2017-10-26T16:14:34.438208719Z: [    0.116726] Last level dTLB entries: 4KB 0, 2MB 0, 4MB 0, 1GB 0
[STDOUT  ] 2017-10-26T16:14:34.438221563Z: [    0.424038] Freeing SMP alternatives memory: 20K
[STDOUT  ] 2017-10-26T16:14:34.438234248Z: [    0.432697] ftrace: allocating 35584 entries in 140 pages
[STDOUT  ] 2017-10-26T16:14:34.438245828Z: [    0.596064] smpboot: Max logical packages: 1
[STDOUT  ] 2017-10-26T16:14:34.438267386Z: [    0.602043] ..TIMER: vector=0x30 apic1=0 pin1=2 apic2=-1 pin2=-1
[STDOUT  ] 2017-10-26T16:14:34.438279137Z: [    0.710000] smpboot: CPU0: AMD QEMU Virtual CPU version 2.5+ (family: 0x6, model: 0x6, stepping: 0x3)
[STDOUT  ] 2017-10-26T16:14:34.438291356Z: [    0.710000] Performance Events: PMU not available due to virtualization, using software events only.
[STDOUT  ] 2017-10-26T16:14:34.438305321Z: [    0.716797] NMI watchdog: disabled (cpu0): hardware events not enabled
[STDOUT  ] 2017-10-26T16:14:34.438318023Z: [    0.717120] NMI watchdog: Shutting down hard lockup detector on all cpus
[STDOUT  ] 2017-10-26T16:14:34.43833114Z: [    0.720140] x86: Booted up 1 node, 1 CPUs
[STDOUT  ] 2017-10-26T16:14:34.438347143Z: [    0.720459] smpboot: Total of 1 processors activated (4600.22 BogoMIPS)
[STDOUT  ] 2017-10-26T16:14:34.438358503Z: [    0.733916] devtmpfs: initialized
[STDOUT  ] 2017-10-26T16:14:34.438371861Z: [    0.739000] x86/mm: Memory block size: 128MB
[STDOUT  ] 2017-10-26T16:14:34.438384321Z: [    0.805234] clocksource: jiffies: mask: 0xffffffff max_cycles: 0xffffffff, max_idle_ns: 19112604462750000 ns
[STDOUT  ] 2017-10-26T16:14:34.438397183Z: [    0.805995] futex hash table entries: 256 (order: 2, 16384 bytes)
[STDOUT  ] 2017-10-26T16:14:34.438409685Z: [    0.813641] NET: Registered protocol family 16
[STDOUT  ] 2017-10-26T16:14:34.438421621Z: [    0.823443] cpuidle: using governor ladder
[STDOUT  ] 2017-10-26T16:14:34.438440342Z: [    0.823854] cpuidle: using governor menu
[STDOUT  ] 2017-10-26T16:14:34.438452057Z: [    0.824884] ACPI: bus type PCI registered
[STDOUT  ] 2017-10-26T16:14:34.43846418Z: [    0.827561] PCI: MMCONFIG for domain 0000 [bus 00-ff] at [mem 0xb0000000-0xbfffffff] (base 0xb0000000)
[STDOUT  ] 2017-10-26T16:14:34.438484073Z: [    0.828228] PCI: MMCONFIG at [mem 0xb0000000-0xbfffffff] reserved in E820
[STDOUT  ] 2017-10-26T16:14:34.438497654Z: [    0.829455] PCI: Using configuration type 1 for base access
[STDOUT  ] 2017-10-26T16:14:34.438513307Z: [    0.885041] HugeTLB registered 2 MB page size, pre-allocated 0 pages
[STDOUT  ] 2017-10-26T16:14:34.438526266Z: [    0.895128] ACPI: Added _OSI(Module Device)
[STDOUT  ] 2017-10-26T16:14:34.43853881Z: [    0.895412] ACPI: Added _OSI(Processor Device)
[STDOUT  ] 2017-10-26T16:14:34.438552422Z: [    0.895683] ACPI: Added _OSI(3.0 _SCP Extensions)
[STDOUT  ] 2017-10-26T16:14:34.438563945Z: [    0.895946] ACPI: Added _OSI(Processor Aggregator Device)
[STDOUT  ] 2017-10-26T16:14:34.438576789Z: [    0.973570] ACPI: Interpreter enabled
[STDOUT  ] 2017-10-26T16:14:34.438588382Z: [    0.974296] ACPI: (supports S0 S5)
[STDOUT  ] 2017-10-26T16:14:34.43859986Z: [    0.974554] ACPI: Using IOAPIC for interrupt routing
[STDOUT  ] 2017-10-26T16:14:34.438613489Z: [    0.976245] PCI: Using host bridge windows from ACPI; if necessary, use "pci=nocrs" and report a bug
[STDOUT  ] 2017-10-26T16:14:34.438624831Z: [    1.039614] ACPI: PCI Root Bridge [PCI0] (domain 0000 [bus 00-ff])
[STDOUT  ] 2017-10-26T16:14:34.438636877Z: [    1.040527] acpi PNP0A08:00: _OSC: OS supports [ExtendedConfig ASPM ClockPM Segments MSI]
[STDOUT  ] 2017-10-26T16:14:34.438651182Z: [    1.046149] acpi PNP0A08:00: _OSC: OS now controls [PCIeHotplug PME PCIeCapability]
[STDOUT  ] 2017-10-26T16:14:34.438662998Z: [    1.049579] PCI host bridge to bus 0000:00
[STDOUT  ] 2017-10-26T16:14:34.438674898Z: [    1.050211] pci_bus 0000:00: root bus resource [io  0x0000-0x0cf7 window]
[STDOUT  ] 2017-10-26T16:14:34.438686973Z: [    1.050610] pci_bus 0000:00: root bus resource [io  0x0d00-0xffff window]
[STDOUT  ] 2017-10-26T16:14:34.438701908Z: [    1.050977] pci_bus 0000:00: root bus resource [mem 0x000a0000-0x000bffff window]
[STDOUT  ] 2017-10-26T16:14:34.438713176Z: [    1.051381] pci_bus 0000:00: root bus resource [mem 0xc0000000-0xfebfffff window]
[STDOUT  ] 2017-10-26T16:14:34.438725973Z: [    1.051925] pci_bus 0000:00: root bus resource [bus 00-ff]
[STDOUT  ] 2017-10-26T16:14:34.438738623Z: [    1.155200] pci 0000:00:1f.0: quirk: [io  0x0600-0x067f] claimed by ICH6 ACPI/GPIO/TCO
[STDOUT  ] 2017-10-26T16:14:34.438758207Z: [    1.216313] ACPI: PCI Interrupt Link [LNKA] (IRQs 5 *10 11)
[STDOUT  ] 2017-10-26T16:14:34.438770966Z: [    1.218206] ACPI: PCI Interrupt Link [LNKB] (IRQs 5 *10 11)
[STDOUT  ] 2017-10-26T16:14:34.438782373Z: [    1.220000] ACPI: PCI Interrupt Link [LNKC] (IRQs 5 10 *11)
[STDOUT  ] 2017-10-26T16:14:34.438796111Z: [    1.221817] ACPI: PCI Interrupt Link [LNKD] (IRQs 5 10 *11)
[STDOUT  ] 2017-10-26T16:14:34.438807511Z: [    1.223447] ACPI: PCI Interrupt Link [LNKE] (IRQs 5 *10 11)
[STDOUT  ] 2017-10-26T16:14:34.438818785Z: [    1.225079] ACPI: PCI Interrupt Link [LNKF] (IRQs 5 *10 11)
[STDOUT  ] 2017-10-26T16:14:34.438830901Z: [    1.226726] ACPI: PCI Interrupt Link [LNKG] (IRQs 5 10 *11)
[STDOUT  ] 2017-10-26T16:14:34.43884772Z: [    1.228339] ACPI: PCI Interrupt Link [LNKH] (IRQs 5 10 *11)
[STDOUT  ] 2017-10-26T16:14:34.438859705Z: [    1.229084] ACPI: PCI Interrupt Link [GSIA] (IRQs *16)
[STDOUT  ] 2017-10-26T16:14:34.438872127Z: [    1.230263] ACPI: PCI Interrupt Link [GSIB] (IRQs *17)
[STDOUT  ] 2017-10-26T16:14:34.438885558Z: [    1.230812] ACPI: PCI Interrupt Link [GSIC] (IRQs *18)
[STDOUT  ] 2017-10-26T16:14:34.438896981Z: [    1.231362] ACPI: PCI Interrupt Link [GSID] (IRQs *19)
[STDOUT  ] 2017-10-26T16:14:34.438909209Z: [    1.231911] ACPI: PCI Interrupt Link [GSIE] (IRQs *20)
[STDOUT  ] 2017-10-26T16:14:34.438921196Z: [    1.232483] ACPI: PCI Interrupt Link [GSIF] (IRQs *21)
[STDOUT  ] 2017-10-26T16:14:34.438939315Z: [    1.233039] ACPI: PCI Interrupt Link [GSIG] (IRQs *22)
[STDOUT  ] 2017-10-26T16:14:34.438956221Z: [    1.233592] ACPI: PCI Interrupt Link [GSIH] (IRQs *23)
[STDOUT  ] 2017-10-26T16:14:34.438967695Z: [    1.236979] ACPI: Enabled 2 GPEs in block 00 to 3F
[STDOUT  ] 2017-10-26T16:14:34.438979969Z: [    1.241231] SCSI subsystem initialized
[STDOUT  ] 2017-10-26T16:14:34.438991923Z: [    1.243119] ACPI: bus type USB registered
[STDOUT  ] 2017-10-26T16:14:34.439003045Z: [    1.244142] usbcore: registered new interface driver usbfs
[STDOUT  ] 2017-10-26T16:14:34.439016041Z: [    1.244965] usbcore: registered new interface driver hub
[STDOUT  ] 2017-10-26T16:14:34.43902865Z: [    1.245690] usbcore: registered new device driver usb
[STDOUT  ] 2017-10-26T16:14:34.439040607Z: [    1.246757] pps_core: LinuxPPS API ver. 1 registered
[STDOUT  ] 2017-10-26T16:14:34.439052881Z: [    1.247048] pps_core: Software ver. 5.3.6 - Copyright 2005-2007 Rodolfo Giometti <giometti@linux.it>
[STDOUT  ] 2017-10-26T16:14:34.439065993Z: [    1.247661] PTP clock support registered
[STDOUT  ] 2017-10-26T16:14:34.43907707Z: [    1.248735] wmi: Mapper loaded
[STDOUT  ] 2017-10-26T16:14:34.439091414Z: [    1.249698] PCI: Using ACPI for IRQ routing
[STDOUT  ] 2017-10-26T16:14:34.439106067Z: [    1.269091] NetLabel: Initializing
[STDOUT  ] 2017-10-26T16:14:34.439119Z: [    1.269328] NetLabel:  domain hash size = 128
[STDOUT  ] 2017-10-26T16:14:34.439131716Z: [    1.269590] NetLabel:  protocols = UNLABELED CIPSOv4
[STDOUT  ] 2017-10-26T16:14:34.439143969Z: [    1.271490] NetLabel:  unlabeled traffic allowed by default
[STDOUT  ] 2017-10-26T16:14:34.439156563Z: [    1.272318] HPET: 3 timers in total, 0 timers will be used for per-cpu timer
[STDOUT  ] 2017-10-26T16:14:34.439169208Z: [    1.272968] hpet0: at MMIO 0xfed00000, IRQs 2, 8, 0
[STDOUT  ] 2017-10-26T16:14:34.439180437Z: [    1.273401] hpet0: 3 comparators, 64-bit 100.000000 MHz counter
[STDOUT  ] 2017-10-26T16:14:34.439193978Z: [    1.278448] clocksource: Switched to clocksource hpet
[STDOUT  ] 2017-10-26T16:14:34.439206797Z: [    1.533203] VFS: Disk quotas dquot_6.6.0
[STDOUT  ] 2017-10-26T16:14:34.43921848Z: [    1.533853] VFS: Dquot-cache hash table entries: 512 (order 0, 4096 bytes)
[STDOUT  ] 2017-10-26T16:14:34.439231483Z: [    1.536450] FS-Cache: Loaded
[STDOUT  ] 2017-10-26T16:14:34.439243557Z: [    1.541938] CacheFiles: Loaded
[STDOUT  ] 2017-10-26T16:14:34.439255443Z: [    1.543452] pnp: PnP ACPI init
[STDOUT  ] 2017-10-26T16:14:34.439268016Z: [    1.554635] pnp: PnP ACPI: found 5 devices
[STDOUT  ] 2017-10-26T16:14:34.439286058Z: [    1.605663] clocksource: acpi_pm: mask: 0xffffff max_cycles: 0xffffff, max_idle_ns: 2085701024 ns
[STDOUT  ] 2017-10-26T16:14:34.439299844Z: [    1.608229] NET: Registered protocol family 2
[STDOUT  ] 2017-10-26T16:14:34.439311679Z: [    1.615566] TCP established hash table entries: 8192 (order: 4, 65536 bytes)
[STDOUT  ] 2017-10-26T16:14:34.439327064Z: [    1.616225] TCP bind hash table entries: 8192 (order: 5, 131072 bytes)
[STDOUT  ] 2017-10-26T16:14:34.439341784Z: [    1.616824] TCP: Hash tables configured (established 8192 bind 8192)
[STDOUT  ] 2017-10-26T16:14:34.439354229Z: [    1.618934] UDP hash table entries: 512 (order: 2, 16384 bytes)
[STDOUT  ] 2017-10-26T16:14:34.439365906Z: [    1.619418] UDP-Lite hash table entries: 512 (order: 2, 16384 bytes)
[STDOUT  ] 2017-10-26T16:14:34.439380904Z: [    1.621752] NET: Registered protocol family 1
[STDOUT  ] 2017-10-26T16:14:34.43939249Z: [    1.622629] pci 0000:00:01.0: Video device with shadowed ROM at [mem 0x000c0000-0x000dffff]
[STDOUT  ] 2017-10-26T16:14:34.439404908Z: [    1.629274] Unpacking initramfs...
[STDOUT  ] 2017-10-26T16:14:34.439417431Z: [    7.117765] Freeing initrd memory: 35368K
[STDOUT  ] 2017-10-26T16:14:34.439430585Z: [    7.141197] PCLMULQDQ-NI instructions are not detected.
[STDOUT  ] 2017-10-26T16:14:34.439442069Z: [    7.142285] AVX or AES-NI instructions are not detected.
[STDOUT  ] 2017-10-26T16:14:34.439461558Z: [    7.142682] CPU feature 'AVX registers' is not supported.
[STDOUT  ] 2017-10-26T16:14:34.43947322Z: [    7.143028] CPU feature 'AVX registers' is not supported.
[STDOUT  ] 2017-10-26T16:14:34.439485459Z: [    7.143368] CPU feature 'AVX registers' is not supported.
[STDOUT  ] 2017-10-26T16:14:34.439501468Z: [    7.143781] CPU feature 'AVX registers' is not supported.
[STDOUT  ] 2017-10-26T16:14:34.439513933Z: [    7.144118] AVX2 or AES-NI instructions are not detected.
[STDOUT  ] 2017-10-26T16:14:34.439526626Z: [    7.144453] AVX2 instructions are not detected.
[STDOUT  ] 2017-10-26T16:14:34.439538015Z: [    7.151628] audit: initializing netlink subsys (disabled)
[STDOUT  ] 2017-10-26T16:14:34.439549376Z: [    7.153121] audit: type=2000 audit(1509034430.150:1): initialized
[STDOUT  ] 2017-10-26T16:14:34.43956221Z: [    7.159680] workingset: timestamp_bits=46 max_order=18 bucket_order=0
[STDOUT  ] 2017-10-26T16:14:34.439575852Z: [    7.167047] squashfs: version 4.0 (2009/01/31) Phillip Lougher
[STDOUT  ] 2017-10-26T16:14:34.439587659Z: [    7.169308] FS-Cache: Netfs 'cifs' registered for caching
[STDOUT  ] 2017-10-26T16:14:34.439600214Z: [    7.170396] fuse init (API version 7.26)
[STDOUT  ] 2017-10-26T16:14:34.439613184Z: [    7.173202] SGI XFS with ACLs, security attributes, no debug enabled
[STDOUT  ] 2017-10-26T16:14:34.439625307Z: [    7.176917] 9p: Installing v9fs 9p2000 file system support
[STDOUT  ] 2017-10-26T16:14:34.439637444Z: [    7.177377] FS-Cache: Netfs '9p' registered for caching
[STDOUT  ] 2017-10-26T16:14:34.439650229Z: [    7.211343] NET: Registered protocol family 38
