[INFO    ] 2017-07-26T17:27:49.907530612Z: Running Test linuxkit.security.ports in /tmp/with_clone3bc49a27/test/cases/030_security/010_ports
[INFO    ] 2017-07-26T17:27:49.907609609Z: Running command: [/bin/sh -x /tmp/with_clone3bc49a27/test/cases/030_security/010_ports/test.sh]
[STDERR  ] 2017-07-26T17:27:49.908542883Z: + set -e
[STDERR  ] 2017-07-26T17:27:49.908623652Z: + . /tmp/with_clone3bc49a27/test/cases/_lib/lib.sh
[STDERR  ] 2017-07-26T17:27:49.908686566Z: + [ -f src/github.com/linuxkit/rtf/lib/lib.sh ]
[STDERR  ] 2017-07-26T17:27:49.908732416Z: + LINUXKIT_TMPDIR=/tmp/with_clone3bc49a27/test/cases/_tmp
[STDERR  ] 2017-07-26T17:27:49.90878835Z: + [ -f /tmp/with_clone3bc49a27/test/cases/_tmp/env.sh ]
[STDERR  ] 2017-07-26T17:27:49.908823284Z: + . /tmp/with_clone3bc49a27/test/cases/_tmp/env.sh
[STDERR  ] 2017-07-26T17:27:49.90885945Z: + export LINUXKIT_EXAMPLES_DIR=/tmp/with_clone3bc49a27/test/cases/../../examples
[STDERR  ] 2017-07-26T17:27:49.908899323Z: + export LINUXKIT_BLUEPRINTS_DIR=/tmp/with_clone3bc49a27/test/cases/../../blueprints
[STDERR  ] 2017-07-26T17:27:49.90892501Z: + RT_CANCEL=253
[STDERR  ] 2017-07-26T17:27:49.908965022Z: + NAME=lsof
[STDERR  ] 2017-07-26T17:27:49.909000257Z: + trap clean_up EXIT
[STDERR  ] 2017-07-26T17:27:49.909046677Z: + moby build -output kernel+initrd -name lsof test.yml
[STDERR  ] 2017-07-26T17:27:49.919475779Z: Extract kernel image: linuxkit/kernel:4.9.39
[STDERR  ] 2017-07-26T17:27:57.393821677Z: Add init containers:
[STDERR  ] 2017-07-26T17:27:57.393890085Z: Process init image: linuxkit/init:4dcee04c04c900a5796dc719f8d16fea7e771059
[STDERR  ] 2017-07-26T17:27:58.95937038Z: Process init image: linuxkit/runc:f5960b83a8766ae083efc744fa63dbf877450e4f
[STDERR  ] 2017-07-26T17:28:00.881056335Z: Add onboot containers:
[STDERR  ] 2017-07-26T17:28:00.881145256Z:   Create OCI config for alpine:3.6
[STDERR  ] 2017-07-26T17:28:01.372412819Z:   Create OCI config for linuxkit/poweroff:bce51402e293da0b653923a43c3c7be6e0effa05
[STDERR  ] 2017-07-26T17:28:02.920503379Z: Add files:
[STDERR  ] 2017-07-26T17:28:02.920561907Z:   check.sh
[STDERR  ] 2017-07-26T17:28:02.920574848Z: Create outputs:
[STDERR  ] 2017-07-26T17:28:06.306845271Z:   lsof-kernel lsof-initrd.img lsof-cmdline
[STDERR  ] 2017-07-26T17:28:06.487223813Z: + linuxkit run qemu -kernel lsof
[STDOUT  ] 2017-07-26T17:28:08.115353877Z: [    0.000000] Linux version 4.9.39-linuxkit (root@e1ede117fb1e) (gcc version 6.3.0 (Alpine 6.3.0) ) #1 SMP Wed Jul 26 10:03:32 UTC 2017
[STDOUT  ] 2017-07-26T17:28:08.115905004Z: [    0.000000] Command line: console=ttyS0 page_poison=1
[STDOUT  ] 2017-07-26T17:28:08.116269485Z: [    0.000000] x86/fpu: Legacy x87 FPU detected.
[STDOUT  ] 2017-07-26T17:28:08.116677329Z: [    0.000000] x86/fpu: Using 'eager' FPU context switches.
[STDOUT  ] 2017-07-26T17:28:08.117055399Z: [    0.000000] e820: BIOS-provided physical RAM map:
[STDOUT  ] 2017-07-26T17:28:08.117628667Z: [    0.000000] BIOS-e820: [mem 0x0000000000000000-0x000000000009fbff] usable
[STDOUT  ] 2017-07-26T17:28:08.118197531Z: [    0.000000] BIOS-e820: [mem 0x000000000009fc00-0x000000000009ffff] reserved
[STDOUT  ] 2017-07-26T17:28:08.118796327Z: [    0.000000] BIOS-e820: [mem 0x00000000000f0000-0x00000000000fffff] reserved
[STDOUT  ] 2017-07-26T17:28:08.119318962Z: [    0.000000] BIOS-e820: [mem 0x0000000000100000-0x000000003ffdefff] usable
[STDOUT  ] 2017-07-26T17:28:08.119858861Z: [    0.000000] BIOS-e820: [mem 0x000000003ffdf000-0x000000003fffffff] reserved
[STDOUT  ] 2017-07-26T17:28:08.120386194Z: [    0.000000] BIOS-e820: [mem 0x00000000b0000000-0x00000000bfffffff] reserved
[STDOUT  ] 2017-07-26T17:28:08.120912737Z: [    0.000000] BIOS-e820: [mem 0x00000000fed1c000-0x00000000fed1ffff] reserved
[STDOUT  ] 2017-07-26T17:28:08.121450922Z: [    0.000000] BIOS-e820: [mem 0x00000000fffc0000-0x00000000ffffffff] reserved
[STDOUT  ] 2017-07-26T17:28:08.121869915Z: [    0.000000] NX (Execute Disable) protection: active
[STDOUT  ] 2017-07-26T17:28:08.122135143Z: [    0.000000] SMBIOS 2.8 present.
[STDOUT  ] 2017-07-26T17:28:08.122596702Z: [    0.000000] e820: last_pfn = 0x3ffdf max_arch_pfn = 0x400000000
[STDOUT  ] 2017-07-26T17:28:08.123127415Z: [    0.000000] x86/PAT: Configuration [0-7]: WB  WC  UC- UC  WB  WC  UC- WT  
[STDOUT  ] 2017-07-26T17:28:08.123733882Z: [    0.000000] found SMP MP-table at [mem 0x000f6aa0-0x000f6aaf] mapped at [ffff9349000f6aa0]
[STDOUT  ] 2017-07-26T17:28:08.124074021Z: [    0.000000] RAMDISK: [mem 0x3ed78000-0x3ffcffff]
[STDOUT  ] 2017-07-26T17:28:08.124492111Z: [    0.000000] ACPI: Early table checksum verification disabled
[STDOUT  ] 2017-07-26T17:28:08.124903467Z: [    0.000000] ACPI: RSDP 0x00000000000F68C0 000014 (v00 BOCHS )
[STDOUT  ] 2017-07-26T17:28:08.125497681Z: [    0.000000] ACPI: RSDT 0x000000003FFE2404 000034 (v01 BOCHS  BXPCRSDT 00000001 BXPC 00000001)
[STDOUT  ] 2017-07-26T17:28:08.126104744Z: [    0.000000] ACPI: FACP 0x000000003FFE22A4 000074 (v01 BOCHS  BXPCFACP 00000001 BXPC 00000001)
[STDOUT  ] 2017-07-26T17:28:08.126700098Z: [    0.000000] ACPI: DSDT 0x000000003FFE0040 002264 (v01 BOCHS  BXPCDSDT 00000001 BXPC 00000001)
[STDOUT  ] 2017-07-26T17:28:08.127036361Z: [    0.000000] ACPI: FACS 0x000000003FFE0000 000040
[STDOUT  ] 2017-07-26T17:28:08.127646553Z: [    0.000000] ACPI: APIC 0x000000003FFE2318 000078 (v01 BOCHS  BXPCAPIC 00000001 BXPC 00000001)
[STDOUT  ] 2017-07-26T17:28:08.128246157Z: [    0.000000] ACPI: HPET 0x000000003FFE2390 000038 (v01 BOCHS  BXPCHPET 00000001 BXPC 00000001)
[STDOUT  ] 2017-07-26T17:28:08.12885549Z: [    0.000000] ACPI: MCFG 0x000000003FFE23C8 00003C (v01 BOCHS  BXPCMCFG 00000001 BXPC 00000001)
[STDOUT  ] 2017-07-26T17:28:08.129058587Z: [    0.000000] Zone ranges:
[STDOUT  ] 2017-07-26T17:28:08.129498167Z: [    0.000000]   DMA      [mem 0x0000000000001000-0x0000000000ffffff]
[STDOUT  ] 2017-07-26T17:28:08.129937324Z: [    0.000000]   DMA32    [mem 0x0000000001000000-0x000000003ffdefff]
[STDOUT  ] 2017-07-26T17:28:08.13015741Z: [    0.000000]   Normal   empty
[STDOUT  ] 2017-07-26T17:28:08.130470679Z: [    0.000000] Movable zone start for each node
[STDOUT  ] 2017-07-26T17:28:08.130738395Z: [    0.000000] Early memory node ranges
[STDOUT  ] 2017-07-26T17:28:08.131246847Z: [    0.000000]   node   0: [mem 0x0000000000001000-0x000000000009efff]
[STDOUT  ] 2017-07-26T17:28:08.131698123Z: [    0.000000]   node   0: [mem 0x0000000000100000-0x000000003ffdefff]
[STDOUT  ] 2017-07-26T17:28:08.132195337Z: [    0.000000] Initmem setup node 0 [mem 0x0000000000001000-0x000000003ffdefff]
[STDOUT  ] 2017-07-26T17:28:08.132492539Z: [    0.000000] ACPI: PM-Timer IO Port: 0x608
[STDOUT  ] 2017-07-26T17:28:08.132903455Z: [    0.000000] ACPI: LAPIC_NMI (acpi_id[0xff] dfl dfl lint[0x1])
[STDOUT  ] 2017-07-26T17:28:08.133388435Z: [    0.000000] IOAPIC[0]: apic_id 0, version 32, address 0xfec00000, GSI 0-23
[STDOUT  ] 2017-07-26T17:28:08.133851084Z: [    0.000000] ACPI: INT_SRC_OVR (bus 0 bus_irq 0 global_irq 2 dfl dfl)
[STDOUT  ] 2017-07-26T17:28:08.13432497Z: [    0.000000] ACPI: INT_SRC_OVR (bus 0 bus_irq 5 global_irq 5 high level)
[STDOUT  ] 2017-07-26T17:28:08.134804072Z: [    0.000000] ACPI: INT_SRC_OVR (bus 0 bus_irq 9 global_irq 9 high level)
[STDOUT  ] 2017-07-26T17:28:08.135284504Z: [    0.000000] ACPI: INT_SRC_OVR (bus 0 bus_irq 10 global_irq 10 high level)
[STDOUT  ] 2017-07-26T17:28:08.135765707Z: [    0.000000] ACPI: INT_SRC_OVR (bus 0 bus_irq 11 global_irq 11 high level)
[STDOUT  ] 2017-07-26T17:28:08.1361906Z: [    0.000000] Using ACPI (MADT) for SMP configuration information
[STDOUT  ] 2017-07-26T17:28:08.13655976Z: [    0.000000] ACPI: HPET id: 0x8086a201 base: 0xfed00000
[STDOUT  ] 2017-07-26T17:28:08.136919444Z: [    0.000000] smpboot: Allowing 1 CPUs, 0 hotplug CPUs
[STDOUT  ] 2017-07-26T17:28:08.137422124Z: [    0.000000] e820: [mem 0x40000000-0xafffffff] available for PCI devices
[STDOUT  ] 2017-07-26T17:28:08.137829345Z: [    0.000000] Booting paravirtualized kernel on bare hardware
[STDOUT  ] 2017-07-26T17:28:08.138561539Z: [    0.000000] clocksource: refined-jiffies: mask: 0xffffffff max_cycles: 0xffffffff, max_idle_ns: 19112604462750000 ns
[STDOUT  ] 2017-07-26T17:28:08.13913497Z: [    0.000000] setup_percpu: NR_CPUS:128 nr_cpumask_bits:128 nr_cpu_ids:1 nr_node_ids:1
[STDOUT  ] 2017-07-26T17:28:08.139716055Z: [    0.000000] percpu: Embedded 35 pages/cpu @ffff93493ea00000 s105240 r8192 d29928 u2097152
[STDOUT  ] 2017-07-26T17:28:08.14028033Z: [    0.000000] Built 1 zonelists in Zone order, mobility grouping on.  Total pages: 257896
[STDOUT  ] 2017-07-26T17:28:08.140685906Z: [    0.000000] Kernel command line: console=ttyS0 page_poison=1
[STDOUT  ] 2017-07-26T17:28:08.141113251Z: [    0.000000] PID hash table entries: 4096 (order: 3, 32768 bytes)
[STDOUT  ] 2017-07-26T17:28:08.141615661Z: [    0.000000] Dentry cache hash table entries: 131072 (order: 8, 1048576 bytes)
[STDOUT  ] 2017-07-26T17:28:08.14210052Z: [    0.000000] Inode-cache hash table entries: 65536 (order: 7, 524288 bytes)
[STDOUT  ] 2017-07-26T17:28:08.143026231Z: [    0.000000] Memory: 995392K/1048052K available (8027K kernel code, 1366K rwdata, 2696K rodata, 1376K init, 568K bss, 52660K reserved, 0K cma-reserved)
[STDOUT  ] 2017-07-26T17:28:08.143349591Z: [    0.000000] Hierarchical RCU implementation.
[STDOUT  ] 2017-07-26T17:28:08.143746237Z: [    0.000000] 	Build-time adjustment of leaf fanout to 64.
[STDOUT  ] 2017-07-26T17:28:08.144193185Z: [    0.000000] 	RCU restricting CPUs from NR_CPUS=128 to nr_cpu_ids=1.
[STDOUT  ] 2017-07-26T17:28:08.144670298Z: [    0.000000] RCU: Adjusting geometry for rcu_fanout_leaf=64, nr_cpu_ids=1
[STDOUT  ] 2017-07-26T17:28:08.144952445Z: [    0.000000] NR_IRQS:8448 nr_irqs:256 16
[STDOUT  ] 2017-07-26T17:28:08.145228862Z: [    0.000000] Console: colour VGA+ 80x25
[STDOUT  ] 2017-07-26T17:28:08.145579265Z: [    0.000000] console [ttyS0] enabled
[STDOUT  ] 2017-07-26T17:28:08.147784952Z: [    0.000000] allocated 2097152 bytes of page_ext
[STDOUT  ] 2017-07-26T17:28:08.151383977Z: [    0.000000] clocksource: hpet: mask: 0xffffffff max_cycles: 0xffffffff, max_idle_ns: 19112604467 ns
[STDOUT  ] 2017-07-26T17:28:08.19571839Z: [    0.000000] tsc: Fast TSC calibration using PIT
[STDOUT  ] 2017-07-26T17:28:08.196393425Z: [    0.000000] tsc: Detected 2300.137 MHz processor
[STDOUT  ] 2017-07-26T17:28:08.199145072Z: [    0.021558] Calibrating delay loop (skipped), value calculated using timer frequency.. 4600.27 BogoMIPS (lpj=23001370)
[STDOUT  ] 2017-07-26T17:28:08.199661921Z: [    0.022741] pid_max: default: 32768 minimum: 301
[STDOUT  ] 2017-07-26T17:28:08.200630932Z: [    0.023753] ACPI: Core revision 20160831
[STDOUT  ] 2017-07-26T17:28:08.246163711Z: [    0.072981] ACPI: 1 ACPI AML tables successfully acquired and loaded
[STDOUT  ] 2017-07-26T17:28:08.249727486Z: [    0.076761] Security Framework initialized
[STDOUT  ] 2017-07-26T17:28:08.250125496Z: [    0.077212] Yama: becoming mindful.
[STDOUT  ] 2017-07-26T17:28:08.252441555Z: [    0.079293] Mount-cache hash table entries: 2048 (order: 2, 16384 bytes)
[STDOUT  ] 2017-07-26T17:28:08.253213543Z: [    0.080051] Mountpoint-cache hash table entries: 2048 (order: 2, 16384 bytes)
[STDOUT  ] 2017-07-26T17:28:08.273338702Z: [    0.100261] Last level iTLB entries: 4KB 0, 2MB 0, 4MB 0
[STDOUT  ] 2017-07-26T17:28:08.273859648Z: [    0.100760] Last level dTLB entries: 4KB 0, 2MB 0, 4MB 0, 1GB 0
[STDOUT  ] 2017-07-26T17:28:08.579278847Z: [    0.405935] Freeing SMP alternatives memory: 20K (ffffffff93eaf000 - ffffffff93eb4000)
[STDOUT  ] 2017-07-26T17:28:08.588807334Z: [    0.415694] ftrace: allocating 35482 entries in 139 pages
[STDOUT  ] 2017-07-26T17:28:08.8851727Z: [    0.582014] smpboot: Max logical packages: 1
[STDOUT  ] 2017-07-26T17:28:08.891096488Z: [    0.588052] ..TIMER: vector=0x30 apic1=0 pin1=2 apic2=-1 pin2=-1
[STDOUT  ] 2017-07-26T17:28:09.104315586Z: [    0.690000] smpboot: CPU0: AMD QEMU Virtual CPU version 2.5+ (family: 0x6, model: 0x6, stepping: 0x3)
[STDOUT  ] 2017-07-26T17:28:09.105739365Z: [    0.690000] Performance Events: PMU not available due to virtualization, using software events only.
[STDOUT  ] 2017-07-26T17:28:09.123413464Z: [    0.699406] NMI watchdog: disabled (cpu0): hardware events not enabled
[STDOUT  ] 2017-07-26T17:28:09.124023353Z: [    0.700062] NMI watchdog: Shutting down hard lockup detector on all cpus
[STDOUT  ] 2017-07-26T17:28:09.126762146Z: [    0.702963] x86: Booted up 1 node, 1 CPUs
[STDOUT  ] 2017-07-26T17:28:09.12737435Z: [    0.703401] smpboot: Total of 1 processors activated (4600.27 BogoMIPS)
[STDOUT  ] 2017-07-26T17:28:09.142414518Z: [    0.718445] devtmpfs: initialized
[STDOUT  ] 2017-07-26T17:28:09.148006786Z: [    0.724361] x86/mm: Memory block size: 128MB
[STDOUT  ] 2017-07-26T17:28:09.211426116Z: [    0.787446] clocksource: jiffies: mask: 0xffffffff max_cycles: 0xffffffff, max_idle_ns: 19112604462750000 ns
[STDOUT  ] 2017-07-26T17:28:09.212156677Z: [    0.788400] futex hash table entries: 256 (order: 2, 16384 bytes)
[STDOUT  ] 2017-07-26T17:28:09.222337327Z: [    0.798664] NET: Registered protocol family 16
[STDOUT  ] 2017-07-26T17:28:09.231694802Z: [    0.808066] cpuidle: using governor ladder
[STDOUT  ] 2017-07-26T17:28:09.232113224Z: [    0.808510] cpuidle: using governor menu
[STDOUT  ] 2017-07-26T17:28:09.23334242Z: [    0.809680] ACPI: bus type PCI registered
[STDOUT  ] 2017-07-26T17:28:09.236490735Z: [    0.812491] PCI: MMCONFIG for domain 0000 [bus 00-ff] at [mem 0xb0000000-0xbfffffff] (base 0xb0000000)
[STDOUT  ] 2017-07-26T17:28:09.237106973Z: [    0.813280] PCI: MMCONFIG at [mem 0xb0000000-0xbfffffff] reserved in E820
[STDOUT  ] 2017-07-26T17:28:09.23840089Z: [    0.814636] PCI: Using configuration type 1 for base access
[STDOUT  ] 2017-07-26T17:28:09.293405022Z: [    0.869590] HugeTLB registered 2 MB page size, pre-allocated 0 pages
[STDOUT  ] 2017-07-26T17:28:09.307434338Z: [    0.883768] ACPI: Added _OSI(Module Device)
[STDOUT  ] 2017-07-26T17:28:09.307847648Z: [    0.884205] ACPI: Added _OSI(Processor Device)
[STDOUT  ] 2017-07-26T17:28:09.308204609Z: [    0.884555] ACPI: Added _OSI(3.0 _SCP Extensions)
[STDOUT  ] 2017-07-26T17:28:09.308588019Z: [    0.884902] ACPI: Added _OSI(Processor Aggregator Device)
[STDOUT  ] 2017-07-26T17:28:09.387058237Z: [    0.963375] ACPI: Interpreter enabled
[STDOUT  ] 2017-07-26T17:28:09.388957155Z: [    0.965333] ACPI: (supports S0 S5)
[STDOUT  ] 2017-07-26T17:28:09.389389265Z: [    0.965681] ACPI: Using IOAPIC for interrupt routing
[STDOUT  ] 2017-07-26T17:28:09.391707996Z: [    0.967726] PCI: Using host bridge windows from ACPI; if necessary, use "pci=nocrs" and report a bug
[STDOUT  ] 2017-07-26T17:28:09.458234137Z: [    1.034441] ACPI: PCI Root Bridge [PCI0] (domain 0000 [bus 00-ff])
[STDOUT  ] 2017-07-26T17:28:09.459389694Z: [    1.035516] acpi PNP0A08:00: _OSC: OS supports [ExtendedConfig ASPM ClockPM Segments MSI]
[STDOUT  ] 2017-07-26T17:28:09.466082174Z: [    1.042285] acpi PNP0A08:00: _OSC: OS now controls [PCIeHotplug PME PCIeCapability]
[STDOUT  ] 2017-07-26T17:28:09.469638251Z: [    1.046086] PCI host bridge to bus 0000:00
[STDOUT  ] 2017-07-26T17:28:09.470223393Z: [    1.046525] pci_bus 0000:00: root bus resource [io  0x0000-0x0cf7 window]
[STDOUT  ] 2017-07-26T17:28:09.470713083Z: [    1.047021] pci_bus 0000:00: root bus resource [io  0x0d00-0xffff window]
[STDOUT  ] 2017-07-26T17:28:09.471205054Z: [    1.047476] pci_bus 0000:00: root bus resource [mem 0x000a0000-0x000bffff window]
[STDOUT  ] 2017-07-26T17:28:09.471693025Z: [    1.047965] pci_bus 0000:00: root bus resource [mem 0xc0000000-0xfebfffff window]
[STDOUT  ] 2017-07-26T17:28:09.472203268Z: [    1.048566] pci_bus 0000:00: root bus resource [bus 00-ff]
[STDOUT  ] 2017-07-26T17:28:09.57836355Z: [    1.154375] pci 0000:00:1f.0: quirk: [io  0x0600-0x067f] claimed by ICH6 ACPI/GPIO/TCO
[STDOUT  ] 2017-07-26T17:28:09.638431437Z: [    1.214479] ACPI: PCI Interrupt Link [LNKA] (IRQs 5 *10 11)
[STDOUT  ] 2017-07-26T17:28:09.640623315Z: [    1.216843] ACPI: PCI Interrupt Link [LNKB] (IRQs 5 *10 11)
[STDOUT  ] 2017-07-26T17:28:09.642628826Z: [    1.218839] ACPI: PCI Interrupt Link [LNKC] (IRQs 5 10 *11)
[STDOUT  ] 2017-07-26T17:28:09.64495703Z: [    1.220987] ACPI: PCI Interrupt Link [LNKD] (IRQs 5 10 *11)
[STDOUT  ] 2017-07-26T17:28:09.646914562Z: [    1.222975] ACPI: PCI Interrupt Link [LNKE] (IRQs 5 *10 11)
[STDOUT  ] 2017-07-26T17:28:09.648727405Z: [    1.224801] ACPI: PCI Interrupt Link [LNKF] (IRQs 5 *10 11)
[STDOUT  ] 2017-07-26T17:28:09.650470532Z: [    1.226544] ACPI: PCI Interrupt Link [LNKG] (IRQs 5 10 *11)
[STDOUT  ] 2017-07-26T17:28:09.652301918Z: [    1.228357] ACPI: PCI Interrupt Link [LNKH] (IRQs 5 10 *11)
[STDOUT  ] 2017-07-26T17:28:09.653070678Z: [    1.229197] ACPI: PCI Interrupt Link [GSIA] (IRQs *16)
[STDOUT  ] 2017-07-26T17:28:09.653857909Z: [    1.230138] ACPI: PCI Interrupt Link [GSIB] (IRQs *17)
[STDOUT  ] 2017-07-26T17:28:09.654488637Z: [    1.230815] ACPI: PCI Interrupt Link [GSIC] (IRQs *18)
[STDOUT  ] 2017-07-26T17:28:09.655136726Z: [    1.231461] ACPI: PCI Interrupt Link [GSID] (IRQs *19)
[STDOUT  ] 2017-07-26T17:28:09.6557489Z: [    1.232080] ACPI: PCI Interrupt Link [GSIE] (IRQs *20)
[STDOUT  ] 2017-07-26T17:28:09.656360246Z: [    1.232690] ACPI: PCI Interrupt Link [GSIF] (IRQs *21)
[STDOUT  ] 2017-07-26T17:28:09.656971173Z: [    1.233302] ACPI: PCI Interrupt Link [GSIG] (IRQs *22)
[STDOUT  ] 2017-07-26T17:28:09.657658325Z: [    1.233942] ACPI: PCI Interrupt Link [GSIH] (IRQs *23)
[STDOUT  ] 2017-07-26T17:28:09.661300597Z: [    1.237632] ACPI: Enabled 2 GPEs in block 00 to 3F
[STDOUT  ] 2017-07-26T17:28:09.665591806Z: [    1.241997] SCSI subsystem initialized
[STDOUT  ] 2017-07-26T17:28:09.667440783Z: [    1.243794] ACPI: bus type USB registered
[STDOUT  ] 2017-07-26T17:28:09.66861627Z: [    1.244935] usbcore: registered new interface driver usbfs
[STDOUT  ] 2017-07-26T17:28:09.669534201Z: [    1.245863] usbcore: registered new interface driver hub
[STDOUT  ] 2017-07-26T17:28:09.67031351Z: [    1.246657] usbcore: registered new device driver usb
[STDOUT  ] 2017-07-26T17:28:09.671424524Z: [    1.247775] pps_core: LinuxPPS API ver. 1 registered
[STDOUT  ] 2017-07-26T17:28:09.672012697Z: [    1.248132] pps_core: Software ver. 5.3.6 - Copyright 2005-2007 Rodolfo Giometti <giometti@linux.it>
[STDOUT  ] 2017-07-26T17:28:09.672420378Z: [    1.248835] PTP clock support registered
[STDOUT  ] 2017-07-26T17:28:09.673637988Z: [    1.250107] wmi: Mapper loaded
[STDOUT  ] 2017-07-26T17:28:09.674744262Z: [    1.251143] PCI: Using ACPI for IRQ routing
[STDOUT  ] 2017-07-26T17:28:09.693869848Z: [    1.270265] NetLabel: Initializing
[STDOUT  ] 2017-07-26T17:28:09.694225064Z: [    1.270588] NetLabel:  domain hash size = 128
[STDOUT  ] 2017-07-26T17:28:09.694593437Z: [    1.270924] NetLabel:  protocols = UNLABELED CIPSOv4
[STDOUT  ] 2017-07-26T17:28:09.696788127Z: [    1.273057] NetLabel:  unlabeled traffic allowed by default
[STDOUT  ] 2017-07-26T17:28:09.6979805Z: [    1.274142] HPET: 3 timers in total, 0 timers will be used for per-cpu timer
[STDOUT  ] 2017-07-26T17:28:09.698867104Z: [    1.274993] hpet0: at MMIO 0xfed00000, IRQs 2, 8, 0
[STDOUT  ] 2017-07-26T17:28:09.69933245Z: [    1.275607] hpet0: 3 comparators, 64-bit 100.000000 MHz counter
[STDOUT  ] 2017-07-26T17:28:09.705604955Z: [    1.281604] clocksource: Switched to clocksource hpet
[STDOUT  ] 2017-07-26T17:28:09.972054622Z: [    1.546671] VFS: Disk quotas dquot_6.6.0
[STDOUT  ] 2017-07-26T17:28:09.973000664Z: [    1.547487] VFS: Dquot-cache hash table entries: 512 (order 0, 4096 bytes)
[STDOUT  ] 2017-07-26T17:28:09.97603597Z: [    1.550767] FS-Cache: Loaded
[STDOUT  ] 2017-07-26T17:28:09.981496346Z: [    1.556241] CacheFiles: Loaded
[STDOUT  ] 2017-07-26T17:28:09.983092198Z: [    1.557839] pnp: PnP ACPI init
[STDOUT  ] 2017-07-26T17:28:09.994965875Z: [    1.569645] pnp: PnP ACPI: found 5 devices
[STDOUT  ] 2017-07-26T17:28:10.04567591Z: [    1.619897] clocksource: acpi_pm: mask: 0xffffff max_cycles: 0xffffff, max_idle_ns: 2085701024 ns
[STDOUT  ] 2017-07-26T17:28:10.04891092Z: [    1.623555] NET: Registered protocol family 2
[STDOUT  ] 2017-07-26T17:28:10.057199551Z: [    1.631708] TCP established hash table entries: 8192 (order: 4, 65536 bytes)
[STDOUT  ] 2017-07-26T17:28:10.057970114Z: [    1.632519] TCP bind hash table entries: 8192 (order: 5, 131072 bytes)
[STDOUT  ] 2017-07-26T17:28:10.058650695Z: [    1.633215] TCP: Hash tables configured (established 8192 bind 8192)
[STDOUT  ] 2017-07-26T17:28:10.060590825Z: [    1.635172] UDP hash table entries: 512 (order: 2, 16384 bytes)
[STDOUT  ] 2017-07-26T17:28:10.061171329Z: [    1.635736] UDP-Lite hash table entries: 512 (order: 2, 16384 bytes)
[STDOUT  ] 2017-07-26T17:28:10.06333931Z: [    1.638010] NET: Registered protocol family 1
[STDOUT  ] 2017-07-26T17:28:10.064530299Z: [    1.638953] pci 0000:00:01.0: Video device with shadowed ROM at [mem 0x000c0000-0x000dffff]
[STDOUT  ] 2017-07-26T17:28:10.071454834Z: [    1.646172] Unpacking initramfs...
[STDOUT  ] 2017-07-26T17:28:12.717093388Z: [    4.291633] Freeing initrd memory: 18784K (ffff93493ed78000 - ffff93493ffd0000)
[STDOUT  ] 2017-07-26T17:28:12.741079035Z: [    4.315741] PCLMULQDQ-NI instructions are not detected.
[STDOUT  ] 2017-07-26T17:28:12.74222764Z: [    4.316873] AVX or AES-NI instructions are not detected.
[STDOUT  ] 2017-07-26T17:28:12.742616394Z: [    4.317292] CPU feature 'AVX registers' is not supported.
[STDOUT  ] 2017-07-26T17:28:12.742980215Z: [    4.317647] CPU feature 'AVX registers' is not supported.
[STDOUT  ] 2017-07-26T17:28:12.743332382Z: [    4.318009] CPU feature 'AVX registers' is not supported.
[STDOUT  ] 2017-07-26T17:28:12.743683519Z: [    4.318354] CPU feature 'AVX registers' is not supported.
[STDOUT  ] 2017-07-26T17:28:12.744038118Z: [    4.318703] AVX2 or AES-NI instructions are not detected.
[STDOUT  ] 2017-07-26T17:28:12.7443558Z: [    4.319063] AVX2 instructions are not detected.
[STDOUT  ] 2017-07-26T17:28:12.750706488Z: [    4.325354] audit: initializing netlink subsys (disabled)
[STDOUT  ] 2017-07-26T17:28:12.752263368Z: [    4.326877] audit: type=2000 audit(1501090091.320:1): initialized
[STDOUT  ] 2017-07-26T17:28:12.760329274Z: [    4.334916] workingset: timestamp_bits=46 max_order=18 bucket_order=0
[STDOUT  ] 2017-07-26T17:28:12.766698153Z: [    4.341337] FS-Cache: Netfs 'cifs' registered for caching
[STDOUT  ] 2017-07-26T17:28:12.767520651Z: [    4.342219] fuse init (API version 7.26)
[STDOUT  ] 2017-07-26T17:28:12.769782744Z: [    4.344401] SGI XFS with ACLs, security attributes, no debug enabled
[STDOUT  ] 2017-07-26T17:28:12.776224467Z: [    4.350856] 9p: Installing v9fs 9p2000 file system support
[STDOUT  ] 2017-07-26T17:28:12.776642969Z: [    4.351313] FS-Cache: Netfs '9p' registered for caching
[STDOUT  ] 2017-07-26T17:28:12.809822349Z: [    4.384515] NET: Registered protocol family 38
[STDOUT  ] 2017-07-26T17:28:12.81033261Z: [    4.385049] Key type asymmetric registered
[STDOUT  ] 2017-07-26T17:28:12.810661529Z: [    4.385364] Asymmetric key parser 'x509' registered
[STDOUT  ] 2017-07-26T17:28:12.811524983Z: [    4.386106] Block layer SCSI generic (bsg) driver version 0.4 loaded (major 251)
[STDOUT  ] 2017-07-26T17:28:12.812562808Z: [    4.387302] io scheduler noop registered
[STDOUT  ] 2017-07-26T17:28:12.812902745Z: [    4.387588] io scheduler deadline registered (default)
[STDOUT  ] 2017-07-26T17:28:12.813370095Z: [    4.388125] io scheduler cfq registered
[STDOUT  ] 2017-07-26T17:28:12.817260982Z: [    4.391916] pci_hotplug: PCI Hot Plug PCI Core version: 0.5
[STDOUT  ] 2017-07-26T17:28:12.81787808Z: [    4.392490] pciehp: PCI Express Hot Plug Controller Driver version: 0.4
[STDOUT  ] 2017-07-26T17:28:12.81865292Z: [    4.393249] shpchp: Standard Hot Plug PCI Controller Driver version: 0.4
[STDOUT  ] 2017-07-26T17:28:12.819318268Z: [    4.394005] hv_vmbus: registering driver hyperv_fb
[STDOUT  ] 2017-07-26T17:28:12.822566449Z: [    4.397122] input: Power Button as /devices/LNXSYSTM:00/LNXPWRBN:00/input/input0
[STDOUT  ] 2017-07-26T17:28:12.823358181Z: [    4.398108] ACPI: Power Button [PWRF]
[STDOUT  ] 2017-07-26T17:28:12.829538912Z: [    4.404265] GHES: HEST is not enabled!
[STDOUT  ] 2017-07-26T17:28:12.840968502Z: [    4.415589] ACPI: PCI Interrupt Link [GSIG] enabled at IRQ 22
[STDOUT  ] 2017-07-26T17:28:12.853781003Z: [    4.428394] ACPI: PCI Interrupt Link [GSIH] enabled at IRQ 23
[STDOUT  ] 2017-07-26T17:28:12.857743121Z: [    4.432348] xenfs: not registering filesystem on non-xen platform
[STDOUT  ] 2017-07-26T17:28:12.859665437Z: [    4.434273] Serial: 8250/16550 driver, 4 ports, IRQ sharing disabled
[STDOUT  ] 2017-07-26T17:28:12.886499022Z: [    4.461055] 00:04: ttyS0 at I/O 0x3f8 (irq = 4, base_baud = 115200) is a 16550A
[STDOUT  ] 2017-07-26T17:28:12.89771869Z: [    4.472430] Non-volatile memory driver v1.3
[STDOUT  ] 2017-07-26T17:28:12.90440998Z: [    4.478893] Hangcheck: starting hangcheck timer 0.9.1 (tick is 180 seconds, margin is 60 seconds).
[STDOUT  ] 2017-07-26T17:28:12.909574239Z: [    4.484313] random: fast init done
[STDOUT  ] 2017-07-26T17:28:12.910674236Z: [    4.485420] random: crng init done
[STDOUT  ] 2017-07-26T17:28:12.946143892Z: [    4.520902] loop: module loaded
[STDOUT  ] 2017-07-26T17:28:12.961517427Z: [    4.536229] nbd: registered device at major 43
[STDOUT  ] 2017-07-26T17:28:13.005684026Z: [    4.580302] lpc_ich 0000:00:1f.0: I/O space for GPIO uninitialized
[STDOUT  ] 2017-07-26T17:28:13.007385696Z: [    4.582052] VMware PVSCSI driver - version 1.0.7.0-k
[STDOUT  ] 2017-07-26T17:28:13.00809262Z: [    4.582773] hv_vmbus: registering driver hv_storvsc
[STDOUT  ] 2017-07-26T17:28:13.019265057Z: [    4.593876] ACPI: PCI Interrupt Link [GSIA] enabled at IRQ 16
[STDOUT  ] 2017-07-26T17:28:13.026217772Z: [    4.600705] ahci 0000:00:1f.2: AHCI 0001.0000 32 slots 6 ports 1.5 Gbps 0x3f impl SATA mode
[STDOUT  ] 2017-07-26T17:28:13.026641282Z: [    4.601318] ahci 0000:00:1f.2: flags: 64bit ncq only 
[STDOUT  ] 2017-07-26T17:28:13.047696896Z: [    4.622462] scsi host0: ahci
[STDOUT  ] 2017-07-26T17:28:13.051708946Z: [    4.626501] scsi host1: ahci
[STDOUT  ] 2017-07-26T17:28:13.054106407Z: [    4.628885] scsi host2: ahci
[STDOUT  ] 2017-07-26T17:28:13.056680877Z: [    4.631437] scsi host3: ahci
[STDOUT  ] 2017-07-26T17:28:13.058983667Z: [    4.633764] scsi host4: ahci
[STDOUT  ] 2017-07-26T17:28:13.06117724Z: [    4.635955] scsi host5: ahci
[STDOUT  ] 2017-07-26T17:28:13.063202121Z: [    4.637748] ata1: SATA max UDMA/133 abar m4096@0xfebd2000 port 0xfebd2100 irq 24
[STDOUT  ] 2017-07-26T17:28:13.06366596Z: [    4.638239] ata2: SATA max UDMA/133 abar m4096@0xfebd2000 port 0xfebd2180 irq 24
[STDOUT  ] 2017-07-26T17:28:13.064090841Z: [    4.638653] ata3: SATA max UDMA/133 abar m4096@0xfebd2000 port 0xfebd2200 irq 24
[STDOUT  ] 2017-07-26T17:28:13.064508543Z: [    4.639070] ata4: SATA max UDMA/133 abar m4096@0xfebd2000 port 0xfebd2280 irq 24
[STDOUT  ] 2017-07-26T17:28:13.064924841Z: [    4.639492] ata5: SATA max UDMA/133 abar m4096@0xfebd2000 port 0xfebd2300 irq 24
[STDOUT  ] 2017-07-26T17:28:13.065425962Z: [    4.639908] ata6: SATA max UDMA/133 abar m4096@0xfebd2000 port 0xfebd2380 irq 24
[STDOUT  ] 2017-07-26T17:28:13.078991467Z: [    4.653656] tun: Universal TUN/TAP device driver, 1.6
[STDOUT  ] 2017-07-26T17:28:13.079349856Z: [    4.653985] tun: (C) 1999-2004 Max Krasnyansky <maxk@qualcomm.com>
[STDOUT  ] 2017-07-26T17:28:13.090652587Z: [    4.665237] VMware vmxnet3 virtual NIC driver - version 1.4.a.0-k-NAPI
[STDOUT  ] 2017-07-26T17:28:13.091336477Z: [    4.666026] hv_vmbus: registering driver hv_netvsc
[STDOUT  ] 2017-07-26T17:28:13.09161996Z: [    4.666347] Fusion MPT base driver 3.04.20
[STDOUT  ] 2017-07-26T17:28:13.091899987Z: [    4.666598] Copyright (c) 1999-2008 LSI Corporation
[STDOUT  ] 2017-07-26T17:28:13.092393525Z: [    4.667102] Fusion MPT SPI Host driver 3.04.20
[STDOUT  ] 2017-07-26T17:28:13.094555348Z: [    4.669069] i8042: PNP: PS/2 Controller [PNP0303:KBD,PNP0f13:MOU] at 0x60,0x64 irq 1,12
[STDOUT  ] 2017-07-26T17:28:13.098647108Z: [    4.673319] serio: i8042 KBD port at 0x60,0x64 irq 1
[STDOUT  ] 2017-07-26T17:28:13.099211183Z: [    4.673888] serio: i8042 AUX port at 0x60,0x64 irq 12
[STDOUT  ] 2017-07-26T17:28:13.102139847Z: [    4.676801] hv_vmbus: registering driver hyperv_keyboard
[STDOUT  ] 2017-07-26T17:28:13.104289575Z: [    4.678930] mousedev: PS/2 mouse device common for all mice
[STDOUT  ] 2017-07-26T17:28:13.109386944Z: [    4.683881] input: AT Translated Set 2 keyboard as /devices/platform/i8042/serio0/input/input1
[STDOUT  ] 2017-07-26T17:28:13.112001249Z: [    4.686598] input: PC Speaker as /devices/platform/pcspkr/input/input2
[STDOUT  ] 2017-07-26T17:28:13.115316404Z: [    4.689944] rtc_cmos 00:00: RTC can wake from S4
[STDOUT  ] 2017-07-26T17:28:13.118772814Z: [    4.693391] rtc_cmos 00:00: rtc core: registered rtc_cmos as rtc0
[STDOUT  ] 2017-07-26T17:28:13.119932266Z: [    4.694491] rtc_cmos 00:00: alarms up to one day, y3k, 114 bytes nvram, hpet irqs
[STDOUT  ] 2017-07-26T17:28:13.120354946Z: [    4.695108] i2c /dev entries driver
[STDOUT  ] 2017-07-26T17:28:13.122394655Z: [    4.696894] device-mapper: ioctl: 4.35.0-ioctl (2016-06-23) initialised: dm-devel@redhat.com
[STDOUT  ] 2017-07-26T17:28:13.127572506Z: [    4.702181] usbcore: registered new interface driver usbhid
[STDOUT  ] 2017-07-26T17:28:13.127829604Z: [    4.702577] usbhid: USB HID core driver
[STDOUT  ] 2017-07-26T17:28:13.128421709Z: [    4.703090] hv_utils: Registering HyperV Utility Driver
[STDOUT  ] 2017-07-26T17:28:13.128705229Z: [    4.703407] hv_vmbus: registering driver hv_util
[STDOUT  ] 2017-07-26T17:28:13.12900199Z: [    4.703690] hv_vmbus: registering driver hv_balloon
[STDOUT  ] 2017-07-26T17:28:13.129440688Z: [    4.704166] oprofile: using NMI interrupt.
[STDOUT  ] 2017-07-26T17:28:13.130385523Z: [    4.705155] GACT probability on
[STDOUT  ] 2017-07-26T17:28:13.13083144Z: [    4.705585] Mirror/redirect action on
[STDOUT  ] 2017-07-26T17:28:13.131604835Z: [    4.706358] Simple TC action Loaded
[STDOUT  ] 2017-07-26T17:28:13.13205418Z: [    4.706856] u32 classifier
[STDOUT  ] 2017-07-26T17:28:13.132294893Z: [    4.707039]     Performance counters on
[STDOUT  ] 2017-07-26T17:28:13.132529352Z: [    4.707277]     input device check on
[STDOUT  ] 2017-07-26T17:28:13.13274371Z: [    4.707509]     Actions configured
[STDOUT  ] 2017-07-26T17:28:13.133315925Z: [    4.708012] Netfilter messages via NETLINK v0.30.
[STDOUT  ] 2017-07-26T17:28:13.133837208Z: [    4.708533] nfnl_acct: registering with nfnetlink.
[STDOUT  ] 2017-07-26T17:28:13.135222082Z: [    4.709744] nf_conntrack version 0.5.0 (8192 buckets, 32768 max)
[STDOUT  ] 2017-07-26T17:28:13.138537555Z: [    4.713181] ctnetlink v0.93: registering with nfnetlink.
[STDOUT  ] 2017-07-26T17:28:13.141665228Z: [    4.716258] nf_tables: (c) 2007-2009 Patrick McHardy <kaber@trash.net>
[STDOUT  ] 2017-07-26T17:28:13.142443244Z: [    4.717013] nf_tables_compat: (c) 2012 Pablo Neira Ayuso <pablo@netfilter.org>
[STDOUT  ] 2017-07-26T17:28:13.144511547Z: [    4.719231] xt_time: kernel timezone is -0000
[STDOUT  ] 2017-07-26T17:28:13.144922591Z: [    4.719702] ip_set: protocol 6
[STDOUT  ] 2017-07-26T17:28:13.1459146Z: [    4.720550] IPVS: Registered protocols (TCP, UDP, SCTP, AH, ESP)
[STDOUT  ] 2017-07-26T17:28:13.146512078Z: [    4.721073] IPVS: Connection hash table configured (size=4096, memory=64Kbytes)
[STDOUT  ] 2017-07-26T17:28:13.148114756Z: [    4.722812] IPVS: Creating netns size=2104 id=0
[STDOUT  ] 2017-07-26T17:28:13.150633584Z: [    4.725358] IPVS: ipvs loaded.
[STDOUT  ] 2017-07-26T17:28:13.151018359Z: [    4.725723] IPVS: [rr] scheduler registered.
[STDOUT  ] 2017-07-26T17:28:13.15133414Z: [    4.726041] IPVS: [wrr] scheduler registered.
[STDOUT  ] 2017-07-26T17:28:13.151604391Z: [    4.726320] IPVS: [lc] scheduler registered.
[STDOUT  ] 2017-07-26T17:28:13.1518768Z: [    4.726590] IPVS: [wlc] scheduler registered.
[STDOUT  ] 2017-07-26T17:28:13.152145605Z: [    4.726865] IPVS: [fo] scheduler registered.
[STDOUT  ] 2017-07-26T17:28:13.152406052Z: [    4.727129] IPVS: [ovf] scheduler registered.
[STDOUT  ] 2017-07-26T17:28:13.152791997Z: [    4.727499] IPVS: [lblc] scheduler registered.
[STDOUT  ] 2017-07-26T17:28:13.153167171Z: [    4.727873] IPVS: [lblcr] scheduler registered.
[STDOUT  ] 2017-07-26T17:28:13.153440526Z: [    4.728168] IPVS: [dh] scheduler registered.
[STDOUT  ] 2017-07-26T17:28:13.153707686Z: [    4.728430] IPVS: [sh] scheduler registered.
[STDOUT  ] 2017-07-26T17:28:13.153969279Z: [    4.728693] IPVS: [sed] scheduler registered.
[STDOUT  ] 2017-07-26T17:28:13.15423458Z: [    4.728953] IPVS: [nq] scheduler registered.
[STDOUT  ] 2017-07-26T17:28:13.154908224Z: [    4.729578] IPVS: ftp: loaded support on port[0] = 21
[STDOUT  ] 2017-07-26T17:28:13.156111051Z: [    4.730748] ipip: IPv4 and MPLS over IPv4 tunneling driver
[STDOUT  ] 2017-07-26T17:28:13.16022227Z: [    4.734899] gre: GRE over IPv4 demultiplexor driver
[STDOUT  ] 2017-07-26T17:28:13.162851785Z: [    4.737494] ip_tables: (C) 2000-2006 Netfilter Core Team
[STDOUT  ] 2017-07-26T17:28:13.166407252Z: [    4.741003] ipt_CLUSTERIP: ClusterIP Version 0.8 loaded successfully
[STDOUT  ] 2017-07-26T17:28:13.166997436Z: [    4.741649] arp_tables: arp_tables: (C) 2002 David S. Miller
[STDOUT  ] 2017-07-26T17:28:13.169208456Z: [    4.743894] NET: Registered protocol family 10
[STDOUT  ] 2017-07-26T17:28:13.178592027Z: [    4.753251] ip6_tables: (C) 2000-2006 Netfilter Core Team
[STDOUT  ] 2017-07-26T17:28:13.186845777Z: [    4.761516] NET: Registered protocol family 17
[STDOUT  ] 2017-07-26T17:28:13.188283097Z: [    4.763008] Bridge firewalling registered
[STDOUT  ] 2017-07-26T17:28:13.188722578Z: [    4.763480] Ebtables v2.0 registered
[STDOUT  ] 2017-07-26T17:28:13.190554001Z: [    4.765260] 8021q: 802.1Q VLAN Support v1.8
[STDOUT  ] 2017-07-26T17:28:13.191892673Z: [    4.766613] 9pnet: Installing 9P2000 support
[STDOUT  ] 2017-07-26T17:28:13.19337688Z: [    4.768087] Key type dns_resolver registered
[STDOUT  ] 2017-07-26T17:28:13.194276056Z: [    4.768932] microcode: AMD CPU family 0x6 not supported
[STDOUT  ] 2017-07-26T17:28:13.198114725Z: [    4.772830] registered taskstats version 1
[STDOUT  ] 2017-07-26T17:28:13.363952249Z: [    4.938577] Key type big_key registered
[STDOUT  ] 2017-07-26T17:28:13.401094446Z: [    4.975642] ata2: SATA link down (SStatus 0 SControl 300)
[STDOUT  ] 2017-07-26T17:28:13.403233932Z: [    4.977826] ata1: SATA link down (SStatus 0 SControl 300)
[STDOUT  ] 2017-07-26T17:28:13.405974773Z: [    4.980560] ata5: SATA link down (SStatus 0 SControl 300)
[STDOUT  ] 2017-07-26T17:28:13.406525389Z: [    4.981105] ata4: SATA link down (SStatus 0 SControl 300)
[STDOUT  ] 2017-07-26T17:28:13.409624275Z: [    4.984207] ata3: SATA link up 1.5 Gbps (SStatus 113 SControl 300)
[STDOUT  ] 2017-07-26T17:28:13.417102349Z: [    4.991694] ata3.00: ATAPI: QEMU DVD-ROM, 2.5+, max UDMA/100
[STDOUT  ] 2017-07-26T17:28:13.417614878Z: [    4.992309] ata3.00: applying bridge limits
[STDOUT  ] 2017-07-26T17:28:13.418848658Z: [    4.993520] ata6: SATA link down (SStatus 0 SControl 300)
[STDOUT  ] 2017-07-26T17:28:13.419792064Z: [    4.994506] ata3.00: configured for UDMA/100
[STDOUT  ] 2017-07-26T17:28:13.43599969Z: [    5.010501] scsi 2:0:0:0: CD-ROM            QEMU     QEMU DVD-ROM     2.5+ PQ: 0 ANSI: 5
[STDOUT  ] 2017-07-26T17:28:13.457209415Z: [    5.031919] Key type encrypted registered
[STDOUT  ] 2017-07-26T17:28:13.461862646Z: [    5.036383] rtc_cmos 00:00: setting system clock to 2017-07-26 17:28:12 UTC (1501090092)
[STDOUT  ] 2017-07-26T17:28:13.468467505Z: [    5.043052] sr 2:0:0:0: [sr0] scsi3-mmc drive: 4x/4x cd/rw xa/form2 tray
[STDOUT  ] 2017-07-26T17:28:13.468943083Z: [    5.043617] cdrom: Uniform CD-ROM driver Revision: 3.20
[STDOUT  ] 2017-07-26T17:28:13.479958789Z: [    5.054595] sr 2:0:0:0: Attached scsi generic sg0 type 5
[STDOUT  ] 2017-07-26T17:28:13.626121882Z: [    5.200650] Freeing unused kernel memory: 1376K (ffffffff93d57000 - ffffffff93eaf000)
[STDOUT  ] 2017-07-26T17:28:13.626518857Z: [    5.201170] Write protecting the kernel read-only data: 12288k
[STDOUT  ] 2017-07-26T17:28:13.633197467Z: [    5.207704] Freeing unused kernel memory: 152K (ffff93490a7da000 - ffff93490a800000)
[STDOUT  ] 2017-07-26T17:28:13.754563224Z: [    5.329071] Freeing unused kernel memory: 1400K (ffff93490aaa2000 - ffff93490ac00000)
[STDOUT  ] 2017-07-26T17:28:13.786251162Z: [    5.360854] tsc: Refined TSC clocksource calibration: 2300.038 MHz
[STDOUT  ] 2017-07-26T17:28:13.786864824Z: [    5.361319] clocksource: tsc: mask: 0xffffffffffffffff max_cycles: 0x212759179c6, max_idle_ns: 440795240051 ns
[STDOUT  ] 2017-07-26T17:28:14.800682761Z: [    6.375172] clocksource: Switched to clocksource tsc
[STDOUT  ] 2017-07-26T17:28:20.300355184Z: 
[STDOUT  ] 2017-07-26T17:28:20.300923361Z: Welcome to LinuxKit
[STDOUT  ] 2017-07-26T17:28:20.301024371Z: 
[STDOUT  ] 2017-07-26T17:28:20.301363726Z:                         ##         .
[STDOUT  ] 2017-07-26T17:28:20.301704018Z:                   ## ## ##        ==
[STDOUT  ] 2017-07-26T17:28:20.302046417Z:                ## ## ## ## ##    ===
[STDOUT  ] 2017-07-26T17:28:20.302414659Z:            /"""""""""""""""""\___/ ===
[STDOUT  ] 2017-07-26T17:28:20.302783683Z:           {                       /  ===-
[STDOUT  ] 2017-07-26T17:28:20.303112943Z:            \______ O           __/
[STDOUT  ] 2017-07-26T17:28:20.30341629Z:              \    \         __/
[STDOUT  ] 2017-07-26T17:28:20.303706831Z:               \____\_______/
[STDOUT  ] 2017-07-26T17:28:20.303780449Z: 
[STDOUT  ] 2017-07-26T17:28:21.833357206Z: Ports test case PASSED
[STDOUT  ] 2017-07-26T17:28:33.213544524Z: [   24.788143] ACPI: Preparing to enter system sleep state S5
[STDOUT  ] 2017-07-26T17:28:33.214579408Z: [   24.789321] reboot: Power down
[STDERR  ] 2017-07-26T17:28:33.309055505Z: + exit 0
[STDERR  ] 2017-07-26T17:28:33.309111482Z: + clean_up
[STDERR  ] 2017-07-26T17:28:33.309125165Z: + rm -rf lsof-cmdline lsof-initrd.img lsof-kernel
[PASS    ] linuxkit.security.ports 43.41s
