[INFO    ] 2017-12-26T20:18:48.502815086Z: Running Test linuxkit.kernel.kmod_4.14.x in /tmp/build/test/cases/020_kernel/016_kmod_4.14.x
[INFO    ] 2017-12-26T20:18:48.502931763Z: Running command: [/bin/sh -x /tmp/build/test/cases/020_kernel/016_kmod_4.14.x/test.sh]
[STDERR  ] 2017-12-26T20:18:48.503524559Z: + set -e
[STDERR  ] 2017-12-26T20:18:48.503572474Z: + . /tmp/build/test/cases/_lib/lib.sh
[STDERR  ] 2017-12-26T20:18:48.503583998Z: + [ -f src/github.com/linuxkit/rtf/lib/lib.sh ]
[STDERR  ] 2017-12-26T20:18:48.503594159Z: + LINUXKIT_TMPDIR=/tmp/build/test/cases/_tmp
[STDERR  ] 2017-12-26T20:18:48.503604872Z: + [ -f /tmp/build/test/cases/_tmp/env.sh ]
[STDERR  ] 2017-12-26T20:18:48.503616105Z: + . /tmp/build/test/cases/_tmp/env.sh
[STDERR  ] 2017-12-26T20:18:48.503626905Z: + export LINUXKIT_EXAMPLES_DIR=/tmp/build/test/cases/../../examples
[STDERR  ] 2017-12-26T20:18:48.503640945Z: + export LINUXKIT_BLUEPRINTS_DIR=/tmp/build/test/cases/../../blueprints
[STDERR  ] 2017-12-26T20:18:48.503651581Z: + RT_CANCEL=253
[STDERR  ] 2017-12-26T20:18:48.503662271Z: + NAME=kmod
[STDERR  ] 2017-12-26T20:18:48.503672234Z: + IMAGE_NAME=kmod-test
[STDERR  ] 2017-12-26T20:18:48.503685261Z: + trap clean_up EXIT
[STDERR  ] 2017-12-26T20:18:48.503695155Z: + docker pull linuxkit/kernel:4.9.70
[STDOUT  ] 2017-12-26T20:18:50.060144767Z: 4.9.70: Pulling from linuxkit/kernel
[STDOUT  ] 2017-12-26T20:18:50.422346145Z: Digest: sha256:f3366afac68d59c9b25feb704463997ff617e13d8d9153fb70543142392ee2a9
[STDOUT  ] 2017-12-26T20:18:50.422411054Z: Status: Image is up to date for linuxkit/kernel:4.9.70
[STDERR  ] 2017-12-26T20:18:50.423654994Z: + docker build -t kmod-test .
[STDOUT  ] 2017-12-26T20:18:50.5243615Z: Sending build context to Docker daemon  8.704kB
[STDOUT  ] 2017-12-26T20:18:50.637231629Z: Step 1/12 : FROM linuxkit/kernel:4.14.7 AS ksrc
[STDOUT  ] 2017-12-26T20:18:51.716818856Z: 4.14.7: Pulling from linuxkit/kernel
[STDOUT  ] 2017-12-26T20:18:52.12934854Z: Digest: sha256:66f12bde5be596c2eabefea19bd691d7c05012b9ac3254d01624ffaea38d61b5
[STDOUT  ] 2017-12-26T20:18:52.13327443Z: Status: Downloaded newer image for linuxkit/kernel:4.14.7
[STDOUT  ] 2017-12-26T20:18:52.133960465Z:  ---> 03ac3bef3fbb
[STDOUT  ] 2017-12-26T20:18:52.134001043Z: Step 2/12 : FROM linuxkit/alpine:d307c8a386fa3f32cddda9409b9687e191cdd6f1 AS build
[STDOUT  ] 2017-12-26T20:18:52.134583497Z:  ---> 4d01d9a77113
[STDOUT  ] 2017-12-26T20:18:52.134607349Z: Step 3/12 : RUN apk add build-base libelf-dev
[STDOUT  ] 2017-12-26T20:18:52.135037255Z:  ---> Using cache
[STDOUT  ] 2017-12-26T20:18:52.135060376Z:  ---> aeadb8c52220
[STDOUT  ] 2017-12-26T20:18:52.135141631Z: Step 4/12 : COPY --from=ksrc /kernel-dev.tar /
[STDOUT  ] 2017-12-26T20:18:54.1494777Z:  ---> cd5750a738bc
[STDOUT  ] 2017-12-26T20:18:54.207588633Z: Removing intermediate container 523b9818567b
[STDOUT  ] 2017-12-26T20:18:54.207640397Z: Step 5/12 : RUN tar xf kernel-dev.tar
[STDOUT  ] 2017-12-26T20:18:54.27787143Z:  ---> Running in ae173dcf9c5a
[STDOUT  ] 2017-12-26T20:19:00.787124711Z:  ---> 456e7fad3ffa
[STDOUT  ] 2017-12-26T20:19:01.203512137Z: Removing intermediate container ae173dcf9c5a
[STDOUT  ] 2017-12-26T20:19:01.203567538Z: Step 6/12 : WORKDIR /kmod
[STDOUT  ] 2017-12-26T20:19:01.517990482Z:  ---> 81133b89ac50
[STDOUT  ] 2017-12-26T20:19:01.54477208Z: Removing intermediate container 75517b41e08c
[STDOUT  ] 2017-12-26T20:19:01.544837645Z: Step 7/12 : COPY ./src/* ./
[STDOUT  ] 2017-12-26T20:19:02.045963244Z:  ---> 35e9b108074f
[STDOUT  ] 2017-12-26T20:19:02.053119185Z: Removing intermediate container 0707ff1f7894
[STDOUT  ] 2017-12-26T20:19:02.053158653Z: Step 8/12 : RUN make all
[STDOUT  ] 2017-12-26T20:19:02.128332331Z:  ---> Running in 2a487e315306
[STDOUT  ] 2017-12-26T20:19:02.475452483Z: make -C /usr/src/linux-headers-4.14.7-linuxkit M=/kmod modules
[STDOUT  ] 2017-12-26T20:19:02.476535401Z: make[1]: Entering directory '/usr/src/linux-headers-4.14.7-linuxkit'
[STDOUT  ] 2017-12-26T20:19:02.478927897Z: [91mgetconf: LFS_CFLAGS: unknown variable
[STDOUT  ] 2017-12-26T20:19:02.479150493Z: [0m[91mgetconf: LFS_LDFLAGS: unknown variable
[STDOUT  ] 2017-12-26T20:19:02.47947614Z: [0m[91mgetconf: LFS_LIBS: unknown variable
[STDOUT  ] 2017-12-26T20:19:03.445386958Z: [0m  CC [M]  /kmod/hello_world.o
[STDOUT  ] 2017-12-26T20:19:03.691342091Z:   Building modules, stage 2.
[STDOUT  ] 2017-12-26T20:19:03.69957092Z:   MODPOST 1 modules
[STDOUT  ] 2017-12-26T20:19:03.712735154Z:   CC      /kmod/hello_world.mod.o
[STDOUT  ] 2017-12-26T20:19:03.910158986Z:   LD [M]  /kmod/hello_world.ko
[STDOUT  ] 2017-12-26T20:19:03.913289331Z: make[1]: Leaving directory '/usr/src/linux-headers-4.14.7-linuxkit'
[STDOUT  ] 2017-12-26T20:19:04.362294936Z:  ---> 8dffd03e0352
[STDOUT  ] 2017-12-26T20:19:04.370002671Z: Removing intermediate container 2a487e315306
[STDOUT  ] 2017-12-26T20:19:04.370061966Z: Step 9/12 : FROM alpine:3.7
[STDOUT  ] 2017-12-26T20:19:04.370464158Z:  ---> e21c333399e0
[STDOUT  ] 2017-12-26T20:19:04.370537649Z: Step 10/12 : COPY --from=build /kmod/hello_world.ko /
[STDOUT  ] 2017-12-26T20:19:04.785860517Z:  ---> 0612855bb8dc
[STDOUT  ] 2017-12-26T20:19:04.791874791Z: Removing intermediate container cf3afe6c94fc
[STDOUT  ] 2017-12-26T20:19:04.791918719Z: Step 11/12 : COPY check.sh /check.sh
[STDOUT  ] 2017-12-26T20:19:05.126955701Z:  ---> d5f7ff596827
[STDOUT  ] 2017-12-26T20:19:05.143585162Z: Removing intermediate container 0927bbc81b55
[STDOUT  ] 2017-12-26T20:19:05.143644546Z: Step 12/12 : ENTRYPOINT /bin/sh /check.sh
[STDOUT  ] 2017-12-26T20:19:05.259457859Z:  ---> Running in 90527b170aec
[STDOUT  ] 2017-12-26T20:19:05.411313216Z:  ---> a58abc1d7590
[STDOUT  ] 2017-12-26T20:19:05.417659501Z: Removing intermediate container 90527b170aec
[STDOUT  ] 2017-12-26T20:19:05.41771077Z: Successfully built a58abc1d7590
[STDOUT  ] 2017-12-26T20:19:05.421521423Z: Successfully tagged kmod-test:latest
[STDERR  ] 2017-12-26T20:19:05.456471308Z: + linuxkit build -format kernel+initrd -name kmod test.yml
[STDERR  ] 2017-12-26T20:19:05.483973949Z: Extract kernel image: linuxkit/kernel:4.14.7
[STDERR  ] 2017-12-26T20:19:06.648802067Z: time="2017-12-26T20:19:06Z" level=warning msg="certificate with CN Justin Cormack is near expiry" 
[STDERR  ] 2017-12-26T20:19:06.649109217Z: time="2017-12-26T20:19:06Z" level=warning msg="certificate with CN  is near expiry" 
[STDERR  ] 2017-12-26T20:19:06.6493686Z: time="2017-12-26T20:19:06Z" level=warning msg="certificate with CN  is near expiry" 
[STDERR  ] 2017-12-26T20:19:06.690325139Z: time="2017-12-26T20:19:06Z" level=warning msg="certificate with CN Justin Cormack is near expiry" 
[STDERR  ] 2017-12-26T20:19:07.363348761Z: Add init containers:
[STDERR  ] 2017-12-26T20:19:07.363401024Z: Process init image: linuxkit/init:9250948d0de494df8a811edb3242b4584057cfe4
[STDERR  ] 2017-12-26T20:19:08.390283716Z: time="2017-12-26T20:19:08Z" level=warning msg="certificate with CN Justin Cormack is near expiry" 
[STDERR  ] 2017-12-26T20:19:08.39045484Z: time="2017-12-26T20:19:08Z" level=warning msg="certificate with CN  is near expiry" 
[STDERR  ] 2017-12-26T20:19:08.390562184Z: time="2017-12-26T20:19:08Z" level=warning msg="certificate with CN  is near expiry" 
[STDERR  ] 2017-12-26T20:19:08.394245902Z: time="2017-12-26T20:19:08Z" level=warning msg="certificate with CN Justin Cormack is near expiry" 
[STDERR  ] 2017-12-26T20:19:08.395694198Z: time="2017-12-26T20:19:08Z" level=warning msg="certificate with CN  is near expiry" 
[STDERR  ] 2017-12-26T20:19:08.576482002Z: Process init image: linuxkit/runc:abc3f292653e64a2fd488e9675ace19a55ec7023
[STDERR  ] 2017-12-26T20:19:09.664912955Z: time="2017-12-26T20:19:09Z" level=warning msg="certificate with CN  is near expiry" 
[STDERR  ] 2017-12-26T20:19:09.664984176Z: time="2017-12-26T20:19:09Z" level=warning msg="certificate with CN  is near expiry" 
[STDERR  ] 2017-12-26T20:19:09.66523147Z: time="2017-12-26T20:19:09Z" level=warning msg="certificate with CN Justin Cormack is near expiry" 
[STDERR  ] 2017-12-26T20:19:09.667209403Z: time="2017-12-26T20:19:09Z" level=warning msg="certificate with CN Justin Cormack is near expiry" 
[STDERR  ] 2017-12-26T20:19:09.668562711Z: time="2017-12-26T20:19:09Z" level=warning msg="certificate with CN  is near expiry" 
[STDERR  ] 2017-12-26T20:19:09.834996883Z: Add onboot containers:
[STDERR  ] 2017-12-26T20:19:09.83505012Z:   Create OCI config for kmod-test
[STDERR  ] 2017-12-26T20:19:09.986674819Z:   Create OCI config for linuxkit/poweroff:bccfe1cb04fc7bb9f03613d2314f38abd2620f29
[STDERR  ] 2017-12-26T20:19:11.019206616Z: time="2017-12-26T20:19:11Z" level=warning msg="certificate with CN Justin Cormack is near expiry" 
[STDERR  ] 2017-12-26T20:19:11.019451472Z: time="2017-12-26T20:19:11Z" level=warning msg="certificate with CN Rolf Neugebauer is near expiry" 
[STDERR  ] 2017-12-26T20:19:11.019541209Z: time="2017-12-26T20:19:11Z" level=warning msg="certificate with CN  is near expiry" 
[STDERR  ] 2017-12-26T20:19:11.019640244Z: time="2017-12-26T20:19:11Z" level=warning msg="certificate with CN  is near expiry" 
[STDERR  ] 2017-12-26T20:19:11.021472133Z: time="2017-12-26T20:19:11Z" level=warning msg="certificate with CN Rolf Neugebauer is near expiry" 
[STDERR  ] 2017-12-26T20:19:11.022211116Z: time="2017-12-26T20:19:11Z" level=warning msg="certificate with CN  is near expiry" 
[STDERR  ] 2017-12-26T20:19:11.169508288Z: Create outputs:
[STDERR  ] 2017-12-26T20:19:15.753566262Z:   kmod-kernel kmod-initrd.img kmod-cmdline
[STDERR  ] 2017-12-26T20:19:15.804559857Z: + linuxkit run kmod
[STDERR  ] 2017-12-26T20:19:15.830959643Z: Unable to find qemu-system-x86_64 within the $PATH. Using a container
[STDERR  ] 2017-12-26T20:19:36.405710994Z: + RESULT=[    0.000000] Linux version 4.14.7-linuxkit (root@91dd32dfffb9) (gcc version 6.4.0 (Alpine 6.4.0)) #1 SMP Mon Dec 18 13:42:45 UTC 2017
[STDERR  ] 2017-12-26T20:19:36.405772926Z: [    0.000000] Command line: console=ttyS0 console=ttyAMA0
[STDERR  ] 2017-12-26T20:19:36.405785479Z: [    0.000000] x86/fpu: x87 FPU will use FXSAVE
[STDERR  ] 2017-12-26T20:19:36.405797488Z: [    0.000000] e820: BIOS-provided physical RAM map:
[STDERR  ] 2017-12-26T20:19:36.405813685Z: [    0.000000] BIOS-e820: [mem 0x0000000000000000-0x000000000009fbff] usable
[STDERR  ] 2017-12-26T20:19:36.405824759Z: [    0.000000] BIOS-e820: [mem 0x000000000009fc00-0x000000000009ffff] reserved
[STDERR  ] 2017-12-26T20:19:36.405847912Z: [    0.000000] BIOS-e820: [mem 0x00000000000f0000-0x00000000000fffff] reserved
[STDERR  ] 2017-12-26T20:19:36.405859446Z: [    0.000000] BIOS-e820: [mem 0x0000000000100000-0x000000003ffdefff] usable
[STDERR  ] 2017-12-26T20:19:36.405870432Z: [    0.000000] BIOS-e820: [mem 0x000000003ffdf000-0x000000003fffffff] reserved
[STDERR  ] 2017-12-26T20:19:36.405881376Z: [    0.000000] BIOS-e820: [mem 0x00000000b0000000-0x00000000bfffffff] reserved
[STDERR  ] 2017-12-26T20:19:36.405891714Z: [    0.000000] BIOS-e820: [mem 0x00000000fed1c000-0x00000000fed1ffff] reserved
[STDERR  ] 2017-12-26T20:19:36.405901852Z: [    0.000000] BIOS-e820: [mem 0x00000000fffc0000-0x00000000ffffffff] reserved
[STDERR  ] 2017-12-26T20:19:36.405912166Z: [    0.000000] NX (Execute Disable) protection: active
[STDERR  ] 2017-12-26T20:19:36.405921862Z: [    0.000000] random: fast init done
[STDERR  ] 2017-12-26T20:19:36.405931726Z: [    0.000000] SMBIOS 2.8 present.
[STDERR  ] 2017-12-26T20:19:36.405940941Z: [    0.000000] DMI: QEMU Standard PC (Q35 + ICH9, 2009), BIOS rel-1.10.2-0-g5f4c7b1-prebuilt.qemu-project.org 04/01/2014
[STDERR  ] 2017-12-26T20:19:36.405954012Z: [    0.000000] tsc: Fast TSC calibration using PIT
[STDERR  ] 2017-12-26T20:19:36.405963634Z: [    0.000000] e820: last_pfn = 0x3ffdf max_arch_pfn = 0x400000000
[STDERR  ] 2017-12-26T20:19:36.405974255Z: [    0.000000] x86/PAT: Configuration [0-7]: WB  WC  UC- UC  WB  WP  UC- WT  
[STDERR  ] 2017-12-26T20:19:36.405984109Z: [    0.000000] found SMP MP-table at [mem 0x000f6aa0-0x000f6aaf] mapped at [ffffffffff200aa0]
[STDERR  ] 2017-12-26T20:19:36.405998124Z: [    0.000000] RAMDISK: [mem 0x3e6e5000-0x3ffcffff]
[STDERR  ] 2017-12-26T20:19:36.406008698Z: [    0.000000] ACPI: Early table checksum verification disabled
[STDERR  ] 2017-12-26T20:19:36.406019684Z: [    0.000000] ACPI: RSDP 0x00000000000F68B0 000014 (v00 BOCHS )
[STDERR  ] 2017-12-26T20:19:36.406036169Z: [    0.000000] ACPI: RSDT 0x000000003FFE20A8 000034 (v01 BOCHS  BXPCRSDT 00000001 BXPC 00000001)
[STDERR  ] 2017-12-26T20:19:36.406047042Z: [    0.000000] ACPI: FACP 0x000000003FFE1EC8 0000F4 (v03 BOCHS  BXPCFACP 00000001 BXPC 00000001)
[STDERR  ] 2017-12-26T20:19:36.406060227Z: [    0.000000] ACPI: DSDT 0x000000003FFE0040 001E88 (v01 BOCHS  BXPCDSDT 00000001 BXPC 00000001)
[STDERR  ] 2017-12-26T20:19:36.40607005Z: [    0.000000] ACPI: FACS 0x000000003FFE0000 000040
[STDERR  ] 2017-12-26T20:19:36.406080082Z: [    0.000000] ACPI: APIC 0x000000003FFE1FBC 000078 (v01 BOCHS  BXPCAPIC 00000001 BXPC 00000001)
[STDERR  ] 2017-12-26T20:19:36.406089425Z: [    0.000000] ACPI: HPET 0x000000003FFE2034 000038 (v01 BOCHS  BXPCHPET 00000001 BXPC 00000001)
[STDERR  ] 2017-12-26T20:19:36.40609797Z: [    0.000000] ACPI: MCFG 0x000000003FFE206C 00003C (v01 BOCHS  BXPCMCFG 00000001 BXPC 00000001)
[STDERR  ] 2017-12-26T20:19:36.40610682Z: [    0.000000] Zone ranges:
[STDERR  ] 2017-12-26T20:19:36.406116573Z: [    0.000000]   DMA      [mem 0x0000000000001000-0x0000000000ffffff]
[STDERR  ] 2017-12-26T20:19:36.406126613Z: [    0.000000]   DMA32    [mem 0x0000000001000000-0x000000003ffdefff]
[STDERR  ] 2017-12-26T20:19:36.406137822Z: [    0.000000]   Normal   empty
[STDERR  ] 2017-12-26T20:19:36.406147127Z: [    0.000000]   Device   empty
[STDERR  ] 2017-12-26T20:19:36.406156835Z: [    0.000000] Movable zone start for each node
[STDERR  ] 2017-12-26T20:19:36.406166187Z: [    0.000000] Early memory node ranges
[STDERR  ] 2017-12-26T20:19:36.40617591Z: [    0.000000]   node   0: [mem 0x0000000000001000-0x000000000009efff]
[STDERR  ] 2017-12-26T20:19:36.406185415Z: [    0.000000]   node   0: [mem 0x0000000000100000-0x000000003ffdefff]
[STDERR  ] 2017-12-26T20:19:36.406195006Z: [    0.000000] Initmem setup node 0 [mem 0x0000000000001000-0x000000003ffdefff]
[STDERR  ] 2017-12-26T20:19:36.406204873Z: [    0.000000] ACPI: PM-Timer IO Port: 0x608
[STDERR  ] 2017-12-26T20:19:36.406214393Z: [    0.000000] ACPI: LAPIC_NMI (acpi_id[0xff] dfl dfl lint[0x1])
[STDERR  ] 2017-12-26T20:19:36.40622473Z: [    0.000000] IOAPIC[0]: apic_id 0, version 32, address 0xfec00000, GSI 0-23
[STDERR  ] 2017-12-26T20:19:36.406241887Z: [    0.000000] ACPI: INT_SRC_OVR (bus 0 bus_irq 0 global_irq 2 dfl dfl)
[STDERR  ] 2017-12-26T20:19:36.406252255Z: [    0.000000] ACPI: INT_SRC_OVR (bus 0 bus_irq 5 global_irq 5 high level)
[STDERR  ] 2017-12-26T20:19:36.406265849Z: [    0.000000] ACPI: INT_SRC_OVR (bus 0 bus_irq 9 global_irq 9 high level)
[STDERR  ] 2017-12-26T20:19:36.406276413Z: [    0.000000] ACPI: INT_SRC_OVR (bus 0 bus_irq 10 global_irq 10 high level)
[STDERR  ] 2017-12-26T20:19:36.40628683Z: [    0.000000] ACPI: INT_SRC_OVR (bus 0 bus_irq 11 global_irq 11 high level)
[STDERR  ] 2017-12-26T20:19:36.406297715Z: [    0.000000] Using ACPI (MADT) for SMP configuration information
[STDERR  ] 2017-12-26T20:19:36.406307073Z: [    0.000000] ACPI: HPET id: 0x8086a201 base: 0xfed00000
[STDERR  ] 2017-12-26T20:19:36.406320443Z: [    0.000000] smpboot: Allowing 1 CPUs, 0 hotplug CPUs
[STDERR  ] 2017-12-26T20:19:36.406330799Z: [    0.000000] e820: [mem 0x40000000-0xafffffff] available for PCI devices
[STDERR  ] 2017-12-26T20:19:36.406340806Z: [    0.000000] Booting paravirtualized kernel on bare hardware
[STDERR  ] 2017-12-26T20:19:36.406349852Z: [    0.000000] clocksource: refined-jiffies: mask: 0xffffffff max_cycles: 0xffffffff, max_idle_ns: 19112604462750000 ns
[STDERR  ] 2017-12-26T20:19:36.406359863Z: [    0.000000] setup_percpu: NR_CPUS:128 nr_cpumask_bits:128 nr_cpu_ids:1 nr_node_ids:1
[STDERR  ] 2017-12-26T20:19:36.40637994Z: [    0.000000] percpu: Embedded 38 pages/cpu @ffff96f03e400000 s115928 r8192 d31528 u2097152
[STDERR  ] 2017-12-26T20:19:36.406389126Z: [    0.000000] Built 1 zonelists, mobility grouping on.  Total pages: 257896
[STDERR  ] 2017-12-26T20:19:36.406398502Z: [    0.000000] Kernel command line: console=ttyS0 console=ttyAMA0
[STDERR  ] 2017-12-26T20:19:36.4064073Z: [    0.000000] PID hash table entries: 4096 (order: 3, 32768 bytes)
[STDERR  ] 2017-12-26T20:19:36.406421582Z: [    0.000000] Dentry cache hash table entries: 131072 (order: 8, 1048576 bytes)
[STDERR  ] 2017-12-26T20:19:36.406432291Z: [    0.000000] Inode-cache hash table entries: 65536 (order: 7, 524288 bytes)
[STDERR  ] 2017-12-26T20:19:36.406444448Z: [    0.000000] Memory: 983588K/1048052K available (8712K kernel code, 1437K rwdata, 2952K rodata, 1456K init, 660K bss, 64464K reserved, 0K cma-reserved)
[STDERR  ] 2017-12-26T20:19:36.406457246Z: [    0.000000] ftrace: allocating 40596 entries in 159 pages
[STDERR  ] 2017-12-26T20:19:36.406467233Z: [    0.000000] Hierarchical RCU implementation.
[STDERR  ] 2017-12-26T20:19:36.406476696Z: [    0.000000] 	RCU restricting CPUs from NR_CPUS=128 to nr_cpu_ids=1.
[STDERR  ] 2017-12-26T20:19:36.406486284Z: [    0.000000] RCU: Adjusting geometry for rcu_fanout_leaf=16, nr_cpu_ids=1
[STDERR  ] 2017-12-26T20:19:36.406497156Z: [    0.000000] NR_IRQS: 8448, nr_irqs: 256, preallocated irqs: 16
[STDERR  ] 2017-12-26T20:19:36.406556028Z: [    0.000000] Console: colour VGA+ 80x25
[STDERR  ] 2017-12-26T20:19:36.406566071Z: [    0.000000] console [ttyS0] enabled
[STDERR  ] 2017-12-26T20:19:36.406578548Z: [    0.000000] clocksource: hpet: mask: 0xffffffff max_cycles: 0xffffffff, max_idle_ns: 19112604467 ns
[STDERR  ] 2017-12-26T20:19:36.406588146Z: [    0.000000] tsc: Fast TSC calibration using PIT
[STDERR  ] 2017-12-26T20:19:36.406597026Z: [    0.000000] tsc: Detected 2599.817 MHz processor
[STDERR  ] 2017-12-26T20:19:36.406605821Z: [    0.001531] Calibrating delay loop (skipped), value calculated using timer frequency.. 5199.63 BogoMIPS (lpj=25998170)
[STDERR  ] 2017-12-26T20:19:36.406615194Z: [    0.002013] pid_max: default: 32768 minimum: 301
[STDERR  ] 2017-12-26T20:19:36.406623798Z: [    0.002776] ACPI: Core revision 20170728
[STDERR  ] 2017-12-26T20:19:36.406632528Z: [    0.033770] ACPI: 1 ACPI AML tables successfully acquired and loaded
[STDERR  ] 2017-12-26T20:19:36.406642068Z: [    0.038857] Security Framework initialized
[STDERR  ] 2017-12-26T20:19:36.406651624Z: [    0.039315] Yama: becoming mindful.
[STDERR  ] 2017-12-26T20:19:36.4066609Z: [    0.042195] Mount-cache hash table entries: 2048 (order: 2, 16384 bytes)
[STDERR  ] 2017-12-26T20:19:36.40667719Z: [    0.042460] Mountpoint-cache hash table entries: 2048 (order: 2, 16384 bytes)
[STDERR  ] 2017-12-26T20:19:36.406686951Z: [    0.058088] Last level iTLB entries: 4KB 0, 2MB 0, 4MB 0
[STDERR  ] 2017-12-26T20:19:36.406695796Z: [    0.058514] Last level dTLB entries: 4KB 0, 2MB 0, 4MB 0, 1GB 0
[STDERR  ] 2017-12-26T20:19:36.406704271Z: [    0.333574] Freeing SMP alternatives memory: 20K
[STDERR  ] 2017-12-26T20:19:36.4067129Z: [    0.356603] smpboot: Max logical packages: 1
[STDERR  ] 2017-12-26T20:19:36.406725987Z: [    0.363475] ..TIMER: vector=0x30 apic1=0 pin1=2 apic2=-1 pin2=-1
[STDERR  ] 2017-12-26T20:19:36.406734634Z: [    0.470000] smpboot: CPU0: AMD QEMU Virtual CPU version 2.5+ (family: 0x6, model: 0x6, stepping: 0x3)
[STDERR  ] 2017-12-26T20:19:36.406744104Z: [    0.470000] Performance Events: PMU not available due to virtualization, using software events only.
[STDERR  ] 2017-12-26T20:19:36.40675326Z: [    0.471815] Hierarchical SRCU implementation.
[STDERR  ] 2017-12-26T20:19:36.40676267Z: [    0.478378] NMI watchdog: Perf event create on CPU 0 failed with -2
[STDERR  ] 2017-12-26T20:19:36.4067721Z: [    0.478720] NMI watchdog: Perf NMI watchdog permanently disabled
[STDERR  ] 2017-12-26T20:19:36.406781188Z: [    0.483298] smp: Bringing up secondary CPUs ...
[STDERR  ] 2017-12-26T20:19:36.406790707Z: [    0.483566] smp: Brought up 1 node, 1 CPU
[STDERR  ] 2017-12-26T20:19:36.40679957Z: [    0.483943] smpboot: Total of 1 processors activated (5199.63 BogoMIPS)
[STDERR  ] 2017-12-26T20:19:36.406809233Z: [    0.503002] devtmpfs: initialized
[STDERR  ] 2017-12-26T20:19:36.406818928Z: [    0.509559] x86/mm: Memory block size: 128MB
[STDERR  ] 2017-12-26T20:19:36.406828315Z: [    0.519353] clocksource: jiffies: mask: 0xffffffff max_cycles: 0xffffffff, max_idle_ns: 19112604462750000 ns
[STDERR  ] 2017-12-26T20:19:36.406842904Z: [    0.520226] futex hash table entries: 256 (order: 2, 16384 bytes)
[STDERR  ] 2017-12-26T20:19:36.406852468Z: [    0.531053] NET: Registered protocol family 16
[STDERR  ] 2017-12-26T20:19:36.406861605Z: [    0.536751] cpuidle: using governor ladder
[STDERR  ] 2017-12-26T20:19:36.406871525Z: [    0.537198] cpuidle: using governor menu
[STDERR  ] 2017-12-26T20:19:36.406881091Z: [    0.539304] ACPI: bus type PCI registered
[STDERR  ] 2017-12-26T20:19:36.406898242Z: [    0.542007] PCI: MMCONFIG for domain 0000 [bus 00-ff] at [mem 0xb0000000-0xbfffffff] (base 0xb0000000)
[STDERR  ] 2017-12-26T20:19:36.406907757Z: [    0.542767] PCI: MMCONFIG at [mem 0xb0000000-0xbfffffff] reserved in E820
[STDERR  ] 2017-12-26T20:19:36.406920579Z: [    0.543690] PCI: Using configuration type 1 for base access
[STDERR  ] 2017-12-26T20:19:36.406929844Z: [    0.586629] HugeTLB registered 2.00 MiB page size, pre-allocated 0 pages
[STDERR  ] 2017-12-26T20:19:36.406939864Z: [    0.599429] ACPI: Added _OSI(Module Device)
[STDERR  ] 2017-12-26T20:19:36.406950004Z: [    0.599664] ACPI: Added _OSI(Processor Device)
[STDERR  ] 2017-12-26T20:19:36.406959567Z: [    0.600239] ACPI: Added _OSI(3.0 _SCP Extensions)
[STDERR  ] 2017-12-26T20:19:36.406969155Z: [    0.600521] ACPI: Added _OSI(Processor Aggregator Device)
[STDERR  ] 2017-12-26T20:19:36.406977672Z: [    0.656468] ACPI: Interpreter enabled
[STDERR  ] 2017-12-26T20:19:36.406986648Z: [    0.657382] ACPI: (supports S0 S5)
[STDERR  ] 2017-12-26T20:19:36.406995175Z: [    0.657695] ACPI: Using IOAPIC for interrupt routing
[STDERR  ] 2017-12-26T20:19:36.407000854Z: [    0.660431] PCI: Using host bridge windows from ACPI; if necessary, use "pci=nocrs" and report a bug
[STDERR  ] 2017-12-26T20:19:36.407006489Z: [    0.663186] ACPI: Enabled 1 GPEs in block 00 to 3F
[STDERR  ] 2017-12-26T20:19:36.407012055Z: [    0.709971] ACPI: PCI Root Bridge [PCI0] (domain 0000 [bus 00-ff])
[STDERR  ] 2017-12-26T20:19:36.407020581Z: [    0.711147] acpi PNP0A08:00: _OSC: OS supports [ExtendedConfig ASPM ClockPM Segments MSI]
[STDERR  ] 2017-12-26T20:19:36.407026605Z: [    0.715786] acpi PNP0A08:00: _OSC: OS now controls [PCIeHotplug PME PCIeCapability]
[STDERR  ] 2017-12-26T20:19:36.407037745Z: [    0.721023] PCI host bridge to bus 0000:00
[STDERR  ] 2017-12-26T20:19:36.407043434Z: [    0.721591] pci_bus 0000:00: root bus resource [io  0x0000-0x0cf7 window]
[STDERR  ] 2017-12-26T20:19:36.407049222Z: [    0.721975] pci_bus 0000:00: root bus resource [io  0x0d00-0xffff window]
[STDERR  ] 2017-12-26T20:19:36.407054915Z: [    0.722268] pci_bus 0000:00: root bus resource [mem 0x000a0000-0x000bffff window]
[STDERR  ] 2017-12-26T20:19:36.407060261Z: [    0.722624] pci_bus 0000:00: root bus resource [mem 0xc0000000-0xfebfffff window]
[STDERR  ] 2017-12-26T20:19:36.407065662Z: [    0.723148] pci_bus 0000:00: root bus resource [bus 00-ff]
[STDERR  ] 2017-12-26T20:19:36.407070952Z: [    0.851460] pci 0000:00:1f.0: quirk: [io  0x0600-0x067f] claimed by ICH6 ACPI/GPIO/TCO
[STDERR  ] 2017-12-26T20:19:36.407076575Z: [    0.918331] ACPI: PCI Interrupt Link [LNKA] (IRQs 5 *10 11)
[STDERR  ] 2017-12-26T20:19:36.407084439Z: [    0.921463] ACPI: PCI Interrupt Link [LNKB] (IRQs 5 *10 11)
[STDERR  ] 2017-12-26T20:19:36.407091835Z: [    0.923428] ACPI: PCI Interrupt Link [LNKC] (IRQs 5 10 *11)
[STDERR  ] 2017-12-26T20:19:36.407097578Z: [    0.924897] ACPI: PCI Interrupt Link [LNKD] (IRQs 5 10 *11)
[STDERR  ] 2017-12-26T20:19:36.407103051Z: [    0.926437] ACPI: PCI Interrupt Link [LNKE] (IRQs 5 *10 11)
[STDERR  ] 2017-12-26T20:19:36.407108514Z: [    0.927868] ACPI: PCI Interrupt Link [LNKF] (IRQs 5 *10 11)
[STDERR  ] 2017-12-26T20:19:36.407113879Z: [    0.930214] ACPI: PCI Interrupt Link [LNKG] (IRQs 5 10 *11)
[STDERR  ] 2017-12-26T20:19:36.407124275Z: [    0.932077] ACPI: PCI Interrupt Link [LNKH] (IRQs 5 10 *11)
[STDERR  ] 2017-12-26T20:19:36.407129794Z: [    0.932625] ACPI: PCI Interrupt Link [GSIA] (IRQs *16)
[STDERR  ] 2017-12-26T20:19:36.407135248Z: [    0.933214] ACPI: PCI Interrupt Link [GSIB] (IRQs *17)
[STDERR  ] 2017-12-26T20:19:36.407144464Z: [    0.933822] ACPI: PCI Interrupt Link [GSIC] (IRQs *18)
[STDERR  ] 2017-12-26T20:19:36.407150249Z: [    0.934426] ACPI: PCI Interrupt Link [GSID] (IRQs *19)
[STDERR  ] 2017-12-26T20:19:36.407155685Z: [    0.935042] ACPI: PCI Interrupt Link [GSIE] (IRQs *20)
[STDERR  ] 2017-12-26T20:19:36.407161081Z: [    0.935646] ACPI: PCI Interrupt Link [GSIF] (IRQs *21)
[STDERR  ] 2017-12-26T20:19:36.407166501Z: [    0.936225] ACPI: PCI Interrupt Link [GSIG] (IRQs *22)
[STDERR  ] 2017-12-26T20:19:36.407171869Z: [    0.936826] ACPI: PCI Interrupt Link [GSIH] (IRQs *23)
[STDERR  ] 2017-12-26T20:19:36.407177421Z: [    0.943585] SCSI subsystem initialized
[STDERR  ] 2017-12-26T20:19:36.407182922Z: [    0.945895] ACPI: bus type USB registered
[STDERR  ] 2017-12-26T20:19:36.407188299Z: [    0.946819] usbcore: registered new interface driver usbfs
[STDERR  ] 2017-12-26T20:19:36.407193783Z: [    0.947511] usbcore: registered new interface driver hub
[STDERR  ] 2017-12-26T20:19:36.407199445Z: [    0.948301] usbcore: registered new device driver usb
[STDERR  ] 2017-12-26T20:19:36.407206916Z: [    0.949337] pps_core: LinuxPPS API ver. 1 registered
[STDERR  ] 2017-12-26T20:19:36.407212466Z: [    0.949616] pps_core: Software ver. 5.3.6 - Copyright 2005-2007 Rodolfo Giometti <giometti@linux.it>
[STDERR  ] 2017-12-26T20:19:36.407218149Z: [    0.950293] PTP clock support registered
[STDERR  ] 2017-12-26T20:19:36.407225943Z: [    0.952667] PCI: Using ACPI for IRQ routing
[STDERR  ] 2017-12-26T20:19:36.40723516Z: [    0.970809] NetLabel: Initializing
[STDERR  ] 2017-12-26T20:19:36.40724103Z: [    0.971050] NetLabel:  domain hash size = 128
[STDERR  ] 2017-12-26T20:19:36.407246432Z: [    0.971355] NetLabel:  protocols = UNLABELED CIPSOv4 CALIPSO
[STDERR  ] 2017-12-26T20:19:36.407251843Z: [    0.974429] NetLabel:  unlabeled traffic allowed by default
[STDERR  ] 2017-12-26T20:19:36.407257189Z: [    0.975719] HPET: 3 timers in total, 0 timers will be used for per-cpu timer
[STDERR  ] 2017-12-26T20:19:36.407262533Z: [    0.976387] hpet0: at MMIO 0xfed00000, IRQs 2, 8, 0
[STDERR  ] 2017-12-26T20:19:36.407267875Z: [    0.976715] hpet0: 3 comparators, 64-bit 100.000000 MHz counter
[STDERR  ] 2017-12-26T20:19:36.407276596Z: [    0.982123] clocksource: Switched to clocksource hpet
[STDERR  ] 2017-12-26T20:19:36.407282028Z: [    1.241133] VFS: Disk quotas dquot_6.6.0
[STDERR  ] 2017-12-26T20:19:36.407287462Z: [    1.241806] VFS: Dquot-cache hash table entries: 512 (order 0, 4096 bytes)
[STDERR  ] 2017-12-26T20:19:36.407292788Z: [    1.245387] FS-Cache: Loaded
[STDERR  ] 2017-12-26T20:19:36.407298542Z: [    1.254965] CacheFiles: Loaded
[STDERR  ] 2017-12-26T20:19:36.407306765Z: [    1.256116] pnp: PnP ACPI init
[STDERR  ] 2017-12-26T20:19:36.407312343Z: [    1.265818] pnp: PnP ACPI: found 5 devices
[STDERR  ] 2017-12-26T20:19:36.407317826Z: [    1.310345] clocksource: acpi_pm: mask: 0xffffff max_cycles: 0xffffff, max_idle_ns: 2085701024 ns
[STDERR  ] 2017-12-26T20:19:36.407323416Z: [    1.313883] NET: Registered protocol family 2
[STDERR  ] 2017-12-26T20:19:36.407328845Z: [    1.321271] TCP established hash table entries: 8192 (order: 4, 65536 bytes)
[STDERR  ] 2017-12-26T20:19:36.407334979Z: [    1.322045] TCP bind hash table entries: 8192 (order: 5, 131072 bytes)
[STDERR  ] 2017-12-26T20:19:36.407341056Z: [    1.322748] TCP: Hash tables configured (established 8192 bind 8192)
[STDERR  ] 2017-12-26T20:19:36.407348448Z: [    1.325062] UDP hash table entries: 512 (order: 2, 16384 bytes)
[STDERR  ] 2017-12-26T20:19:36.407353978Z: [    1.325694] UDP-Lite hash table entries: 512 (order: 2, 16384 bytes)
[STDERR  ] 2017-12-26T20:19:36.407359378Z: [    1.328016] NET: Registered protocol family 1
[STDERR  ] 2017-12-26T20:19:36.407364832Z: [    1.328889] pci 0000:00:01.0: Video device with shadowed ROM at [mem 0x000c0000-0x000dffff]
[STDERR  ] 2017-12-26T20:19:36.40737044Z: [    1.334253] Trying to unpack rootfs image as initramfs...
[STDERR  ] 2017-12-26T20:19:36.40737591Z: [    5.058095] Freeing initrd memory: 25516K
[STDERR  ] 2017-12-26T20:19:36.40738427Z: [    5.082380] PCLMULQDQ-NI instructions are not detected.
[STDERR  ] 2017-12-26T20:19:36.407389943Z: [    5.083832] AVX or AES-NI instructions are not detected.
[STDERR  ] 2017-12-26T20:19:36.407395308Z: [    5.084267] CPU feature 'AVX registers' is not supported.
[STDERR  ] 2017-12-26T20:19:36.40740065Z: [    5.084627] CPU feature 'AVX registers' is not supported.
[STDERR  ] 2017-12-26T20:19:36.407405955Z: [    5.084998] CPU feature 'AVX registers' is not supported.
[STDERR  ] 2017-12-26T20:19:36.40741133Z: [    5.085371] CPU feature 'AVX registers' is not supported.
[STDERR  ] 2017-12-26T20:19:36.407416746Z: [    5.085671] AVX2 or AES-NI instructions are not detected.
[STDERR  ] 2017-12-26T20:19:36.407422138Z: [    5.086027] AVX2 instructions are not detected.
[STDERR  ] 2017-12-26T20:19:36.407427439Z: [    5.092678] audit: initializing netlink subsys (disabled)
[STDERR  ] 2017-12-26T20:19:36.407432802Z: [    5.099439] audit: type=2000 audit(1514319563.090:1): state=initialized audit_enabled=0 res=1
[STDERR  ] 2017-12-26T20:19:36.407438298Z: [    5.102034] workingset: timestamp_bits=46 max_order=18 bucket_order=0
[STDERR  ] 2017-12-26T20:19:36.407443746Z: [    5.105459] squashfs: version 4.0 (2009/01/31) Phillip Lougher
[STDERR  ] 2017-12-26T20:19:36.407449098Z: [    5.107532] FS-Cache: Netfs 'cifs' registered for caching
[STDERR  ] 2017-12-26T20:19:36.407456902Z: [    5.111372] fuse init (API version 7.26)
[STDERR  ] 2017-12-26T20:19:36.407462323Z: [    5.113321] SGI XFS with ACLs, security attributes, no debug enabled
[STDERR  ] 2017-12-26T20:19:36.407468Z: [    5.116596] 9p: Installing v9fs 9p2000 file system support
[STDERR  ] 2017-12-26T20:19:36.407473472Z: [    5.117134] FS-Cache: Netfs '9p' registered for caching
[STDERR  ] 2017-12-26T20:19:36.407478763Z: [    5.148502] NET: Registered protocol family 38
[STDERR  ] 2017-12-26T20:19:36.407484238Z: [    5.149127] Key type asymmetric registered
[STDERR  ] 2017-12-26T20:19:36.407489633Z: [    5.149509] Asymmetric key parser 'x509' registered
[STDERR  ] 2017-12-26T20:19:36.407495128Z: [    5.151772] Block layer SCSI generic (bsg) driver version 0.4 loaded (major 248)
[STDERR  ] 2017-12-26T20:19:36.407512715Z: [    5.153620] io scheduler noop registered
[STDERR  ] 2017-12-26T20:19:36.407518306Z: [    5.153919] io scheduler deadline registered (default)
[STDERR  ] 2017-12-26T20:19:36.40752376Z: [    5.154802] io scheduler cfq registered
[STDERR  ] 2017-12-26T20:19:36.407529198Z: [    5.155068] io scheduler mq-deadline registered
[STDERR  ] 2017-12-26T20:19:36.407534538Z: [    5.155332] io scheduler kyber registered
[STDERR  ] 2017-12-26T20:19:36.407539825Z: [    5.158065] shpchp: Standard Hot Plug PCI Controller Driver version: 0.4
[STDERR  ] 2017-12-26T20:19:36.407545755Z: [    5.158756] hv_vmbus: registering driver hyperv_fb
[STDERR  ] 2017-12-26T20:19:36.407551055Z: [    5.162100] input: Power Button as /devices/LNXSYSTM:00/LNXPWRBN:00/input/input0
[STDERR  ] 2017-12-26T20:19:36.407556835Z: [    5.164666] ACPI: Power Button [PWRF]
[STDERR  ] 2017-12-26T20:19:36.407564702Z: [    5.176444] ACPI: PCI Interrupt Link [GSIG] enabled at IRQ 22
[STDERR  ] 2017-12-26T20:19:36.407570088Z: [    5.185855] ACPI: PCI Interrupt Link [GSIH] enabled at IRQ 23
[STDERR  ] 2017-12-26T20:19:36.407575514Z: [    5.191569] Serial: 8250/16550 driver, 4 ports, IRQ sharing disabled
[STDERR  ] 2017-12-26T20:19:36.407581441Z: [    5.215390] 00:04: ttyS0 at I/O 0x3f8 (irq = 4, base_baud = 115200) is a 16550A
[STDERR  ] 2017-12-26T20:19:36.407587117Z: [    5.225104] Non-volatile memory driver v1.3
[STDERR  ] 2017-12-26T20:19:36.407592571Z: [    5.232824] Hangcheck: starting hangcheck timer 0.9.1 (tick is 180 seconds, margin is 60 seconds).
[STDERR  ] 2017-12-26T20:19:36.407598116Z: [    5.241300] random: crng init done
[STDERR  ] 2017-12-26T20:19:36.407603404Z: [    5.285827] brd: module loaded
[STDERR  ] 2017-12-26T20:19:36.407610617Z: [    5.311590] loop: module loaded
[STDERR  ] 2017-12-26T20:19:36.407615956Z: [    5.356062] lpc_ich 0000:00:1f.0: I/O space for GPIO uninitialized
[STDERR  ] 2017-12-26T20:19:36.407624594Z: [    5.358434] VMware PVSCSI driver - version 1.0.7.0-k
[STDERR  ] 2017-12-26T20:19:36.407630331Z: [    5.359188] hv_vmbus: registering driver hv_storvsc
[STDERR  ] 2017-12-26T20:19:36.407635721Z: [    5.366222] ACPI: PCI Interrupt Link [GSIA] enabled at IRQ 16
[STDERR  ] 2017-12-26T20:19:36.407641099Z: [    5.373914] ahci 0000:00:1f.2: AHCI 0001.0000 32 slots 6 ports 1.5 Gbps 0x3f impl SATA mode
[STDERR  ] 2017-12-26T20:19:36.40764664Z: [    5.374541] ahci 0000:00:1f.2: flags: 64bit ncq only 
[STDERR  ] 2017-12-26T20:19:36.407652037Z: [    5.390342] scsi host0: ahci
[STDERR  ] 2017-12-26T20:19:36.407657554Z: [    5.393145] scsi host1: ahci
[STDERR  ] 2017-12-26T20:19:36.407662914Z: [    5.394548] scsi host2: ahci
[STDERR  ] 2017-12-26T20:19:36.407668164Z: [    5.396017] scsi host3: ahci
[STDERR  ] 2017-12-26T20:19:36.407673564Z: [    5.397351] scsi host4: ahci
[STDERR  ] 2017-12-26T20:19:36.407678771Z: [    5.398779] scsi host5: ahci
[STDERR  ] 2017-12-26T20:19:36.407684186Z: [    5.399898] ata1: SATA max UDMA/133 abar m4096@0xfebd2000 port 0xfebd2100 irq 24
[STDERR  ] 2017-12-26T20:19:36.407689573Z: [    5.400637] ata2: SATA max UDMA/133 abar m4096@0xfebd2000 port 0xfebd2180 irq 24
[STDERR  ] 2017-12-26T20:19:36.40769498Z: [    5.400985] ata3: SATA max UDMA/133 abar m4096@0xfebd2000 port 0xfebd2200 irq 24
[STDERR  ] 2017-12-26T20:19:36.40770056Z: [    5.401357] ata4: SATA max UDMA/133 abar m4096@0xfebd2000 port 0xfebd2280 irq 24
[STDERR  ] 2017-12-26T20:19:36.407706883Z: [    5.401685] ata5: SATA max UDMA/133 abar m4096@0xfebd2000 port 0xfebd2300 irq 24
[STDERR  ] 2017-12-26T20:19:36.407712686Z: [    5.402032] ata6: SATA max UDMA/133 abar m4096@0xfebd2000 port 0xfebd2380 irq 24
[STDERR  ] 2017-12-26T20:19:36.40771813Z: [    5.411933] tun: Universal TUN/TAP device driver, 1.6
[STDERR  ] 2017-12-26T20:19:36.407742286Z: [    5.421909] VMware vmxnet3 virtual NIC driver - version 1.4.a.0-k-NAPI
[STDERR  ] 2017-12-26T20:19:36.407756164Z: [    5.423065] hv_vmbus: registering driver hv_netvsc
[STDERR  ] 2017-12-26T20:19:36.407768304Z: [    5.423366] Fusion MPT base driver 3.04.20
[STDERR  ] 2017-12-26T20:19:36.407784437Z: [    5.423597] Copyright (c) 1999-2008 LSI Corporation
[STDERR  ] 2017-12-26T20:19:36.40779392Z: [    5.424125] Fusion MPT SPI Host driver 3.04.20
[STDERR  ] 2017-12-26T20:19:36.40780282Z: [    5.425987] i8042: PNP: PS/2 Controller [PNP0303:KBD,PNP0f13:MOU] at 0x60,0x64 irq 1,12
[STDERR  ] 2017-12-26T20:19:36.407815743Z: [    5.430637] serio: i8042 KBD port at 0x60,0x64 irq 1
[STDERR  ] 2017-12-26T20:19:36.407825721Z: [    5.431197] serio: i8042 AUX port at 0x60,0x64 irq 12
[STDERR  ] 2017-12-26T20:19:36.407835913Z: [    5.433354] hv_vmbus: registering driver hyperv_keyboard
[STDERR  ] 2017-12-26T20:19:36.407846499Z: [    5.435054] mousedev: PS/2 mouse device common for all mice
[STDERR  ] 2017-12-26T20:19:36.407859931Z: [    5.438730] input: AT Translated Set 2 keyboard as /devices/platform/i8042/serio0/input/input1
[STDERR  ] 2017-12-26T20:19:36.407869941Z: [    5.441286] input: PC Speaker as /devices/platform/pcspkr/input/input2
[STDERR  ] 2017-12-26T20:19:36.407880267Z: [    5.444671] rtc_cmos 00:00: RTC can wake from S4
[STDERR  ] 2017-12-26T20:19:36.407889099Z: [    5.447397] rtc_cmos 00:00: rtc core: registered rtc_cmos as rtc0
[STDERR  ] 2017-12-26T20:19:36.407898081Z: [    5.448609] rtc_cmos 00:00: alarms up to one day, y3k, 114 bytes nvram, hpet irqs
[STDERR  ] 2017-12-26T20:19:36.407907316Z: [    5.449239] i2c /dev entries driver
[STDERR  ] 2017-12-26T20:19:36.407916453Z: [    5.451540] device-mapper: ioctl: 4.37.0-ioctl (2017-09-20) initialised: dm-devel@redhat.com
[STDERR  ] 2017-12-26T20:19:36.407925399Z: [    5.455064] usbcore: registered new interface driver usbhid
[STDERR  ] 2017-12-26T20:19:36.407934081Z: [    5.455351] usbhid: USB HID core driver
[STDERR  ] 2017-12-26T20:19:36.407942887Z: [    5.456115] hv_utils: Registering HyperV Utility Driver
[STDERR  ] 2017-12-26T20:19:36.407951694Z: [    5.456403] hv_vmbus: registering driver hv_util
[STDERR  ] 2017-12-26T20:19:36.407965551Z: [    5.456676] hv_vmbus: registering driver hv_balloon
[STDERR  ] 2017-12-26T20:19:36.407975897Z: [    5.457190] oprofile: using NMI interrupt.
[STDERR  ] 2017-12-26T20:19:36.407987681Z: [    5.458245] GACT probability on
[STDERR  ] 2017-12-26T20:19:36.408000587Z: [    5.458637] Mirror/redirect action on
[STDERR  ] 2017-12-26T20:19:36.408010438Z: [    5.459221] Simple TC action Loaded
[STDERR  ] 2017-12-26T20:19:36.408020097Z: [    5.459748] u32 classifier
[STDERR  ] 2017-12-26T20:19:36.408030294Z: [    5.459930]     Performance counters on
[STDERR  ] 2017-12-26T20:19:36.408039724Z: [    5.460543]     input device check on
[STDERR  ] 2017-12-26T20:19:36.408048497Z: [    5.460748]     Actions configured
[STDERR  ] 2017-12-26T20:19:36.408056955Z: [    5.461485] Netfilter messages via NETLINK v0.30.
[STDERR  ] 2017-12-26T20:19:36.408065471Z: [    5.461963] nfnl_acct: registering with nfnetlink.
[STDERR  ] 2017-12-26T20:19:36.408074792Z: [    5.463193] nf_conntrack version 0.5.0 (8192 buckets, 32768 max)
[STDERR  ] 2017-12-26T20:19:36.408083457Z: [    5.465429] ctnetlink v0.93: registering with nfnetlink.
[STDERR  ] 2017-12-26T20:19:36.40809222Z: [    5.468062] nf_tables: (c) 2007-2009 Patrick McHardy <kaber@trash.net>
[STDERR  ] 2017-12-26T20:19:36.408102447Z: [    5.468863] nf_tables_compat: (c) 2012 Pablo Neira Ayuso <pablo@netfilter.org>
[STDERR  ] 2017-12-26T20:19:36.408112155Z: [    5.471348] xt_time: kernel timezone is -0000
[STDERR  ] 2017-12-26T20:19:36.408121017Z: [    5.471861] ip_set: protocol 6
[STDERR  ] 2017-12-26T20:19:36.408129958Z: [    5.472569] IPVS: Registered protocols (TCP, UDP, SCTP, AH, ESP)
[STDERR  ] 2017-12-26T20:19:36.40813878Z: [    5.473102] IPVS: Connection hash table configured (size=4096, memory=64Kbytes)
[STDERR  ] 2017-12-26T20:19:36.408148222Z: [    5.476736] IPVS: ipvs loaded.
[STDERR  ] 2017-12-26T20:19:36.408156995Z: [    5.477093] IPVS: [rr] scheduler registered.
[STDERR  ] 2017-12-26T20:19:36.408165608Z: [    5.477419] IPVS: [wrr] scheduler registered.
[STDERR  ] 2017-12-26T20:19:36.408176687Z: [    5.477678] IPVS: [lc] scheduler registered.
[STDERR  ] 2017-12-26T20:19:36.40819516Z: [    5.477909] IPVS: [wlc] scheduler registered.
[STDERR  ] 2017-12-26T20:19:36.408204784Z: [    5.478189] IPVS: [fo] scheduler registered.
[STDERR  ] 2017-12-26T20:19:36.408214171Z: [    5.478411] IPVS: [ovf] scheduler registered.
[STDERR  ] 2017-12-26T20:19:36.408223634Z: [    5.478822] IPVS: [lblc] scheduler registered.
[STDERR  ] 2017-12-26T20:19:36.408232847Z: [    5.479191] IPVS: [lblcr] scheduler registered.
[STDERR  ] 2017-12-26T20:19:36.408242457Z: [    5.479466] IPVS: [dh] scheduler registered.
[STDERR  ] 2017-12-26T20:19:36.408251855Z: [    5.479747] IPVS: [sh] scheduler registered.
[STDERR  ] 2017-12-26T20:19:36.408262285Z: [    5.480004] IPVS: [sed] scheduler registered.
[STDERR  ] 2017-12-26T20:19:36.408271551Z: [    5.481026] IPVS: [nq] scheduler registered.
[STDERR  ] 2017-12-26T20:19:36.408280235Z: [    5.481725] IPVS: ftp: loaded support on port[0] = 21
[STDERR  ] 2017-12-26T20:19:36.408289972Z: [    5.482467] ipip: IPv4 and MPLS over IPv4 tunneling driver
[STDERR  ] 2017-12-26T20:19:36.408299582Z: [    5.485599] gre: GRE over IPv4 demultiplexor driver
[STDERR  ] 2017-12-26T20:19:36.408309247Z: [    5.487931] ip_tables: (C) 2000-2006 Netfilter Core Team
[STDERR  ] 2017-12-26T20:19:36.408318359Z: [    5.491830] ipt_CLUSTERIP: ClusterIP Version 0.8 loaded successfully
[STDERR  ] 2017-12-26T20:19:36.408328202Z: [    5.492384] arp_tables: arp_tables: (C) 2002 David S. Miller
[STDERR  ] 2017-12-26T20:19:36.408337642Z: [    5.494426] NET: Registered protocol family 10
[STDERR  ] 2017-12-26T20:19:36.408346823Z: [    5.503137] Segment Routing with IPv6
[STDERR  ] 2017-12-26T20:19:36.408355868Z: [    5.504052] ip6_tables: (C) 2000-2006 Netfilter Core Team
[STDERR  ] 2017-12-26T20:19:36.408364958Z: [    5.511320] NET: Registered protocol family 17
[STDERR  ] 2017-12-26T20:19:36.408373995Z: [    5.512347] Bridge firewalling registered
[STDERR  ] 2017-12-26T20:19:36.408387913Z: [    5.512894] Ebtables v2.0 registered
[STDERR  ] 2017-12-26T20:19:36.408397488Z: [    5.514675] 8021q: 802.1Q VLAN Support v1.8
[STDERR  ] 2017-12-26T20:19:36.408406695Z: [    5.515980] 9pnet: Installing 9P2000 support
[STDERR  ] 2017-12-26T20:19:36.408415872Z: [    5.517377] Key type dns_resolver registered
[STDERR  ] 2017-12-26T20:19:36.408425092Z: [    5.518636] sched_clock: Marking stable (5510268290, 0)->(5628988287, -118719997)
[STDERR  ] 2017-12-26T20:19:36.408434679Z: [    5.522135] registered taskstats version 1
[STDERR  ] 2017-12-26T20:19:36.408444166Z: [    5.698914] Key type big_key registered
[STDERR  ] 2017-12-26T20:19:36.408453382Z: [    5.732985] ata1: SATA link down (SStatus 0 SControl 300)
[STDERR  ] 2017-12-26T20:19:36.408462536Z: [    5.742789] ata4: SATA link down (SStatus 0 SControl 300)
[STDERR  ] 2017-12-26T20:19:36.408471598Z: [    5.743671] ata3: SATA link up 1.5 Gbps (SStatus 113 SControl 300)
[STDERR  ] 2017-12-26T20:19:36.408484615Z: [    5.746729] ata3.00: ATAPI: QEMU DVD-ROM, 2.5+, max UDMA/100
[STDERR  ] 2017-12-26T20:19:36.408494632Z: [    5.747131] ata3.00: applying bridge limits
[STDERR  ] 2017-12-26T20:19:36.408517873Z: [    5.748831] ata2: SATA link down (SStatus 0 SControl 300)
[STDERR  ] 2017-12-26T20:19:36.408530081Z: [    5.754140] ata6: SATA link down (SStatus 0 SControl 300)
[STDERR  ] 2017-12-26T20:19:36.408538996Z: [    5.754891] ata5: SATA link down (SStatus 0 SControl 300)
[STDERR  ] 2017-12-26T20:19:36.408547668Z: [    5.756017] ata3.00: configured for UDMA/100
[STDERR  ] 2017-12-26T20:19:36.408556308Z: [    5.766867] scsi 2:0:0:0: CD-ROM            QEMU     QEMU DVD-ROM     2.5+ PQ: 0 ANSI: 5
[STDERR  ] 2017-12-26T20:19:36.408566028Z: [    5.797418] Key type encrypted registered
[STDERR  ] 2017-12-26T20:19:36.408576178Z: [    5.803930] sr 2:0:0:0: [sr0] scsi3-mmc drive: 4x/4x cd/rw xa/form2 tray
[STDERR  ] 2017-12-26T20:19:36.408585829Z: [    5.804656] cdrom: Uniform CD-ROM driver Revision: 3.20
[STDERR  ] 2017-12-26T20:19:36.408595619Z: [    5.812472] rtc_cmos 00:00: setting system clock to 2017-12-26 20:19:24 UTC (1514319564)
[STDERR  ] 2017-12-26T20:19:36.408609956Z: [    5.821334] sr 2:0:0:0: Attached scsi generic sg0 type 5
[STDERR  ] 2017-12-26T20:19:36.408618873Z: [    5.953686] Freeing unused kernel memory: 1456K
[STDERR  ] 2017-12-26T20:19:36.408627748Z: [    5.954047] Write protecting the kernel read-only data: 14336k
[STDERR  ] 2017-12-26T20:19:36.408636783Z: [    5.965148] Freeing unused kernel memory: 1516K
[STDERR  ] 2017-12-26T20:19:36.408646519Z: [    6.015276] Freeing unused kernel memory: 1144K
[STDERR  ] 2017-12-26T20:19:36.408655238Z: [    6.080970] tsc: Refined TSC clocksource calibration: 2599.994 MHz
[STDERR  ] 2017-12-26T20:19:36.408665632Z: [    6.081565] clocksource: tsc: mask: 0xffffffffffffffff max_cycles: 0x257a36b5a3d, max_idle_ns: 440795326591 ns
[STDERR  ] 2017-12-26T20:19:36.408674862Z: [    7.097185] clocksource: Switched to clocksource tsc
[STDERR  ] 2017-12-26T20:19:36.408683742Z: 
[STDERR  ] 2017-12-26T20:19:36.408693386Z: Welcome to LinuxKit
[STDERR  ] 2017-12-26T20:19:36.408702964Z: 
[STDERR  ] 2017-12-26T20:19:36.408711722Z:                         ##         .
[STDERR  ] 2017-12-26T20:19:36.408720592Z:                   ## ## ##        ==
[STDERR  ] 2017-12-26T20:19:36.408728884Z:                ## ## ## ## ##    ===
[STDERR  ] 2017-12-26T20:19:36.408738159Z:            /"""""""""""""""""\___/ ===
[STDERR  ] 2017-12-26T20:19:36.408747554Z:           {                       /  ===-
[STDERR  ] 2017-12-26T20:19:36.408756752Z:            \______ O           __/
[STDERR  ] 2017-12-26T20:19:36.408765916Z:              \    \         __/
[STDERR  ] 2017-12-26T20:19:36.408775402Z:               \____\_______/
[STDERR  ] 2017-12-26T20:19:36.408784229Z: 
[STDERR  ] 2017-12-26T20:19:36.40879327Z: Linux linuxkit-caf4fcdcf957 4.14.7-linuxkit #1 SMP Mon Dec 18 13:42:45 UTC 2017 x86_64 Linux
[STDERR  ] 2017-12-26T20:19:36.408802782Z: filename:       hello_world.ko
[STDERR  ] 2017-12-26T20:19:36.408821392Z: author:         Rolf Neugebauer <rolf.neugebauer@docker.com>
[STDERR  ] 2017-12-26T20:19:36.408831452Z: description:    A simple Hello World kernel module for testing
[STDERR  ] 2017-12-26T20:19:36.40884432Z: license:        GPL
[STDERR  ] 2017-12-26T20:19:36.408854084Z: depends:        
[STDERR  ] 2017-12-26T20:19:36.408863833Z: vermagic:       4.14.7-linuxkit SMP mod_unload modversions RANDSTRUCT_PLUGIN_3f769827fcee82c01b2bc727dc596e442c690744f8f6068e6973b53dda56f964
[STDERR  ] 2017-12-26T20:19:36.408874117Z: [   12.722809] hello_world: loading out-of-tree module taints kernel.
[STDERR  ] 2017-12-26T20:19:36.40888466Z: [   12.731471] Hello LinuxKit
[STDERR  ] 2017-12-26T20:19:36.408893806Z: [   12.813603] Goodbye LinuxKit.
[STDERR  ] 2017-12-26T20:19:36.408902754Z: Kernel module test suite PASSED
[STDERR  ] 2017-12-26T20:19:36.408911629Z: [   17.000753] ACPI: Preparing to enter system sleep state S5
[STDERR  ] 2017-12-26T20:19:36.408921152Z: [   17.002298] reboot: Power down
[STDERR  ] 2017-12-26T20:19:36.408930209Z: + grep -q Hello LinuxKit
[STDERR  ] 2017-12-26T20:19:36.408942197Z: + echo [    0.000000] Linux version 4.14.7-linuxkit (root@91dd32dfffb9) (gcc version 6.4.0 (Alpine 6.4.0)) #1 SMP Mon Dec 18 13:42:45 UTC 2017
[STDERR  ] 2017-12-26T20:19:36.408952792Z: [    0.000000] Command line: console=ttyS0 console=ttyAMA0
[STDERR  ] 2017-12-26T20:19:36.408962349Z: [    0.000000] x86/fpu: x87 FPU will use FXSAVE
[STDERR  ] 2017-12-26T20:19:36.408971977Z: [    0.000000] e820: BIOS-provided physical RAM map:
[STDERR  ] 2017-12-26T20:19:36.40898139Z: [    0.000000] BIOS-e820: [mem 0x0000000000000000-0x000000000009fbff] usable
[STDERR  ] 2017-12-26T20:19:36.408990626Z: [    0.000000] BIOS-e820: [mem 0x000000000009fc00-0x000000000009ffff] reserved
[STDERR  ] 2017-12-26T20:19:36.409000847Z: [    0.000000] BIOS-e820: [mem 0x00000000000f0000-0x00000000000fffff] reserved
[STDERR  ] 2017-12-26T20:19:36.409006762Z: [    0.000000] BIOS-e820: [mem 0x0000000000100000-0x000000003ffdefff] usable
[STDERR  ] 2017-12-26T20:19:36.409012146Z: [    0.000000] BIOS-e820: [mem 0x000000003ffdf000-0x000000003fffffff] reserved
[STDERR  ] 2017-12-26T20:19:36.40902245Z: [    0.000000] BIOS-e820: [mem 0x00000000b0000000-0x00000000bfffffff] reserved
[STDERR  ] 2017-12-26T20:19:36.40902794Z: [    0.000000] BIOS-e820: [mem 0x00000000fed1c000-0x00000000fed1ffff] reserved
[STDERR  ] 2017-12-26T20:19:36.409033554Z: [    0.000000] BIOS-e820: [mem 0x00000000fffc0000-0x00000000ffffffff] reserved
[STDERR  ] 2017-12-26T20:19:36.409039164Z: [    0.000000] NX (Execute Disable) protection: active
[STDERR  ] 2017-12-26T20:19:36.409044663Z: [    0.000000] random: fast init done
[STDERR  ] 2017-12-26T20:19:36.409050168Z: [    0.000000] SMBIOS 2.8 present.
[STDERR  ] 2017-12-26T20:19:36.409055561Z: [    0.000000] DMI: QEMU Standard PC (Q35 + ICH9, 2009), BIOS rel-1.10.2-0-g5f4c7b1-prebuilt.qemu-project.org 04/01/2014
[STDERR  ] 2017-12-26T20:19:36.409061585Z: [    0.000000] tsc: Fast TSC calibration using PIT
[STDERR  ] 2017-12-26T20:19:36.409066987Z: [    0.000000] e820: last_pfn = 0x3ffdf max_arch_pfn = 0x400000000
[STDERR  ] 2017-12-26T20:19:36.409072387Z: [    0.000000] x86/PAT: Configuration [0-7]: WB  WC  UC- UC  WB  WP  UC- WT  
[STDERR  ] 2017-12-26T20:19:36.409078284Z: [    0.000000] found SMP MP-table at [mem 0x000f6aa0-0x000f6aaf] mapped at [ffffffffff200aa0]
[STDERR  ] 2017-12-26T20:19:36.409083808Z: [    0.000000] RAMDISK: [mem 0x3e6e5000-0x3ffcffff]
[STDERR  ] 2017-12-26T20:19:36.409089151Z: [    0.000000] ACPI: Early table checksum verification disabled
[STDERR  ] 2017-12-26T20:19:36.4090947Z: [    0.000000] ACPI: RSDP 0x00000000000F68B0 000014 (v00 BOCHS )
[STDERR  ] 2017-12-26T20:19:36.4091002Z: [    0.000000] ACPI: RSDT 0x000000003FFE20A8 000034 (v01 BOCHS  BXPCRSDT 00000001 BXPC 00000001)
[STDERR  ] 2017-12-26T20:19:36.409105847Z: [    0.000000] ACPI: FACP 0x000000003FFE1EC8 0000F4 (v03 BOCHS  BXPCFACP 00000001 BXPC 00000001)
[STDERR  ] 2017-12-26T20:19:36.409111248Z: [    0.000000] ACPI: DSDT 0x000000003FFE0040 001E88 (v01 BOCHS  BXPCDSDT 00000001 BXPC 00000001)
[STDERR  ] 2017-12-26T20:19:36.409119964Z: [    0.000000] ACPI: FACS 0x000000003FFE0000 000040
[STDERR  ] 2017-12-26T20:19:36.409128447Z: [    0.000000] ACPI: APIC 0x000000003FFE1FBC 000078 (v01 BOCHS  BXPCAPIC 00000001 BXPC 00000001)
[STDERR  ] 2017-12-26T20:19:36.409133974Z: [    0.000000] ACPI: HPET 0x000000003FFE2034 000038 (v01 BOCHS  BXPCHPET 00000001 BXPC 00000001)
[STDERR  ] 2017-12-26T20:19:36.409139318Z: [    0.000000] ACPI: MCFG 0x000000003FFE206C 00003C (v01 BOCHS  BXPCMCFG 00000001 BXPC 00000001)
[STDERR  ] 2017-12-26T20:19:36.409144907Z: [    0.000000] Zone ranges:
[STDERR  ] 2017-12-26T20:19:36.409150324Z: [    0.000000]   DMA      [mem 0x0000000000001000-0x0000000000ffffff]
[STDERR  ] 2017-12-26T20:19:36.409156147Z: [    0.000000]   DMA32    [mem 0x0000000001000000-0x000000003ffdefff]
[STDERR  ] 2017-12-26T20:19:36.40916153Z: [    0.000000]   Normal   empty
[STDERR  ] 2017-12-26T20:19:36.409166945Z: [    0.000000]   Device   empty
[STDERR  ] 2017-12-26T20:19:36.409172435Z: [    0.000000] Movable zone start for each node
[STDERR  ] 2017-12-26T20:19:36.409180265Z: [    0.000000] Early memory node ranges
[STDERR  ] 2017-12-26T20:19:36.409185627Z: [    0.000000]   node   0: [mem 0x0000000000001000-0x000000000009efff]
[STDERR  ] 2017-12-26T20:19:36.409191105Z: [    0.000000]   node   0: [mem 0x0000000000100000-0x000000003ffdefff]
[STDERR  ] 2017-12-26T20:19:36.409196851Z: [    0.000000] Initmem setup node 0 [mem 0x0000000000001000-0x000000003ffdefff]
[STDERR  ] 2017-12-26T20:19:36.409203014Z: [    0.000000] ACPI: PM-Timer IO Port: 0x608
[STDERR  ] 2017-12-26T20:19:36.409208454Z: [    0.000000] ACPI: LAPIC_NMI (acpi_id[0xff] dfl dfl lint[0x1])
[STDERR  ] 2017-12-26T20:19:36.409213855Z: [    0.000000] IOAPIC[0]: apic_id 0, version 32, address 0xfec00000, GSI 0-23
[STDERR  ] 2017-12-26T20:19:36.409219227Z: [    0.000000] ACPI: INT_SRC_OVR (bus 0 bus_irq 0 global_irq 2 dfl dfl)
[STDERR  ] 2017-12-26T20:19:36.409226535Z: [    0.000000] ACPI: INT_SRC_OVR (bus 0 bus_irq 5 global_irq 5 high level)
[STDERR  ] 2017-12-26T20:19:36.40923182Z: [    0.000000] ACPI: INT_SRC_OVR (bus 0 bus_irq 9 global_irq 9 high level)
[STDERR  ] 2017-12-26T20:19:36.40924062Z: [    0.000000] ACPI: INT_SRC_OVR (bus 0 bus_irq 10 global_irq 10 high level)
[STDERR  ] 2017-12-26T20:19:36.4092461Z: [    0.000000] ACPI: INT_SRC_OVR (bus 0 bus_irq 11 global_irq 11 high level)
[STDERR  ] 2017-12-26T20:19:36.409251485Z: [    0.000000] Using ACPI (MADT) for SMP configuration information
[STDERR  ] 2017-12-26T20:19:36.409256957Z: [    0.000000] ACPI: HPET id: 0x8086a201 base: 0xfed00000
[STDERR  ] 2017-12-26T20:19:36.409262324Z: [    0.000000] smpboot: Allowing 1 CPUs, 0 hotplug CPUs
[STDERR  ] 2017-12-26T20:19:36.40927005Z: [    0.000000] e820: [mem 0x40000000-0xafffffff] available for PCI devices
[STDERR  ] 2017-12-26T20:19:36.409275503Z: [    0.000000] Booting paravirtualized kernel on bare hardware
[STDERR  ] 2017-12-26T20:19:36.40928084Z: [    0.000000] clocksource: refined-jiffies: mask: 0xffffffff max_cycles: 0xffffffff, max_idle_ns: 19112604462750000 ns
[STDERR  ] 2017-12-26T20:19:36.409289155Z: [    0.000000] setup_percpu: NR_CPUS:128 nr_cpumask_bits:128 nr_cpu_ids:1 nr_node_ids:1
[STDERR  ] 2017-12-26T20:19:36.409294711Z: [    0.000000] percpu: Embedded 38 pages/cpu @ffff96f03e400000 s115928 r8192 d31528 u2097152
[STDERR  ] 2017-12-26T20:19:36.40930392Z: [    0.000000] Built 1 zonelists, mobility grouping on.  Total pages: 257896
[STDERR  ] 2017-12-26T20:19:36.409309613Z: [    0.000000] Kernel command line: console=ttyS0 console=ttyAMA0
[STDERR  ] 2017-12-26T20:19:36.409314971Z: [    0.000000] PID hash table entries: 4096 (order: 3, 32768 bytes)
[STDERR  ] 2017-12-26T20:19:36.40932031Z: [    0.000000] Dentry cache hash table entries: 131072 (order: 8, 1048576 bytes)
[STDERR  ] 2017-12-26T20:19:36.409325668Z: [    0.000000] Inode-cache hash table entries: 65536 (order: 7, 524288 bytes)
[STDERR  ] 2017-12-26T20:19:36.40933107Z: [    0.000000] Memory: 983588K/1048052K available (8712K kernel code, 1437K rwdata, 2952K rodata, 1456K init, 660K bss, 64464K reserved, 0K cma-reserved)
[STDERR  ] 2017-12-26T20:19:36.409340978Z: [    0.000000] ftrace: allocating 40596 entries in 159 pages
[STDERR  ] 2017-12-26T20:19:36.409346421Z: [    0.000000] Hierarchical RCU implementation.
[STDERR  ] 2017-12-26T20:19:36.409351761Z: [    0.000000] 	RCU restricting CPUs from NR_CPUS=128 to nr_cpu_ids=1.
[STDERR  ] 2017-12-26T20:19:36.409357051Z: [    0.000000] RCU: Adjusting geometry for rcu_fanout_leaf=16, nr_cpu_ids=1
[STDERR  ] 2017-12-26T20:19:36.409362374Z: [    0.000000] NR_IRQS: 8448, nr_irqs: 256, preallocated irqs: 16
[STDERR  ] 2017-12-26T20:19:36.4093678Z: [    0.000000] Console: colour VGA+ 80x25
[STDERR  ] 2017-12-26T20:19:36.40937559Z: [    0.000000] console [ttyS0] enabled
[STDERR  ] 2017-12-26T20:19:36.409380988Z: [    0.000000] clocksource: hpet: mask: 0xffffffff max_cycles: 0xffffffff, max_idle_ns: 19112604467 ns
[STDERR  ] 2017-12-26T20:19:36.409386607Z: [    0.000000] tsc: Fast TSC calibration using PIT
[STDERR  ] 2017-12-26T20:19:36.409391923Z: [    0.000000] tsc: Detected 2599.817 MHz processor
[STDERR  ] 2017-12-26T20:19:36.409397213Z: [    0.001531] Calibrating delay loop (skipped), value calculated using timer frequency.. 5199.63 BogoMIPS (lpj=25998170)
[STDERR  ] 2017-12-26T20:19:36.409402924Z: [    0.002013] pid_max: default: 32768 minimum: 301
[STDERR  ] 2017-12-26T20:19:36.409408509Z: [    0.002776] ACPI: Core revision 20170728
[STDERR  ] 2017-12-26T20:19:36.409417394Z: [    0.033770] ACPI: 1 ACPI AML tables successfully acquired and loaded
[STDERR  ] 2017-12-26T20:19:36.409426318Z: [    0.038857] Security Framework initialized
[STDERR  ] 2017-12-26T20:19:36.409435588Z: [    0.039315] Yama: becoming mindful.
[STDERR  ] 2017-12-26T20:19:36.409444858Z: [    0.042195] Mount-cache hash table entries: 2048 (order: 2, 16384 bytes)
[STDERR  ] 2017-12-26T20:19:36.409453885Z: [    0.042460] Mountpoint-cache hash table entries: 2048 (order: 2, 16384 bytes)
[STDERR  ] 2017-12-26T20:19:36.409462821Z: [    0.058088] Last level iTLB entries: 4KB 0, 2MB 0, 4MB 0
[STDERR  ] 2017-12-26T20:19:36.409471951Z: [    0.058514] Last level dTLB entries: 4KB 0, 2MB 0, 4MB 0, 1GB 0
[STDERR  ] 2017-12-26T20:19:36.409486526Z: [    0.333574] Freeing SMP alternatives memory: 20K
[STDERR  ] 2017-12-26T20:19:36.409495705Z: [    0.356603] smpboot: Max logical packages: 1
[STDERR  ] 2017-12-26T20:19:36.409516081Z: [    0.363475] ..TIMER: vector=0x30 apic1=0 pin1=2 apic2=-1 pin2=-1
[STDERR  ] 2017-12-26T20:19:36.409525731Z: [    0.470000] smpboot: CPU0: AMD QEMU Virtual CPU version 2.5+ (family: 0x6, model: 0x6, stepping: 0x3)
[STDERR  ] 2017-12-26T20:19:36.409536582Z: [    0.470000] Performance Events: PMU not available due to virtualization, using software events only.
[STDERR  ] 2017-12-26T20:19:36.409547092Z: [    0.471815] Hierarchical SRCU implementation.
[STDERR  ] 2017-12-26T20:19:36.409556921Z: [    0.478378] NMI watchdog: Perf event create on CPU 0 failed with -2
[STDERR  ] 2017-12-26T20:19:36.409566585Z: [    0.478720] NMI watchdog: Perf NMI watchdog permanently disabled
[STDERR  ] 2017-12-26T20:19:36.409574705Z: [    0.483298] smp: Bringing up secondary CPUs ...
[STDERR  ] 2017-12-26T20:19:36.409580268Z: [    0.483566] smp: Brought up 1 node, 1 CPU
[STDERR  ] 2017-12-26T20:19:36.409585704Z: [    0.483943] smpboot: Total of 1 processors activated (5199.63 BogoMIPS)
[STDERR  ] 2017-12-26T20:19:36.409597699Z: [    0.503002] devtmpfs: initialized
[STDERR  ] 2017-12-26T20:19:36.409603454Z: [    0.509559] x86/mm: Memory block size: 128MB
[STDERR  ] 2017-12-26T20:19:36.409608881Z: [    0.519353] clocksource: jiffies: mask: 0xffffffff max_cycles: 0xffffffff, max_idle_ns: 19112604462750000 ns
[STDERR  ] 2017-12-26T20:19:36.409619251Z: [    0.520226] futex hash table entries: 256 (order: 2, 16384 bytes)
[STDERR  ] 2017-12-26T20:19:36.409624766Z: [    0.531053] NET: Registered protocol family 16
[STDERR  ] 2017-12-26T20:19:36.409630268Z: [    0.536751] cpuidle: using governor ladder
[STDERR  ] 2017-12-26T20:19:36.409635748Z: [    0.537198] cpuidle: using governor menu
[STDERR  ] 2017-12-26T20:19:36.409645559Z: [    0.539304] ACPI: bus type PCI registered
[STDERR  ] 2017-12-26T20:19:36.409651168Z: [    0.542007] PCI: MMCONFIG for domain 0000 [bus 00-ff] at [mem 0xb0000000-0xbfffffff] (base 0xb0000000)
[STDERR  ] 2017-12-26T20:19:36.409656668Z: [    0.542767] PCI: MMCONFIG at [mem 0xb0000000-0xbfffffff] reserved in E820
[STDERR  ] 2017-12-26T20:19:36.409662122Z: [    0.543690] PCI: Using configuration type 1 for base access
[STDERR  ] 2017-12-26T20:19:36.409667538Z: [    0.586629] HugeTLB registered 2.00 MiB page size, pre-allocated 0 pages
[STDERR  ] 2017-12-26T20:19:36.409672948Z: [    0.599429] ACPI: Added _OSI(Module Device)
[STDERR  ] 2017-12-26T20:19:36.409678388Z: [    0.599664] ACPI: Added _OSI(Processor Device)
[STDERR  ] 2017-12-26T20:19:36.409683738Z: [    0.600239] ACPI: Added _OSI(3.0 _SCP Extensions)
[STDERR  ] 2017-12-26T20:19:36.409689058Z: [    0.600521] ACPI: Added _OSI(Processor Aggregator Device)
[STDERR  ] 2017-12-26T20:19:36.409694431Z: [    0.656468] ACPI: Interpreter enabled
[STDERR  ] 2017-12-26T20:19:36.409705168Z: [    0.657382] ACPI: (supports S0 S5)
[STDERR  ] 2017-12-26T20:19:36.409710761Z: [    0.657695] ACPI: Using IOAPIC for interrupt routing
[STDERR  ] 2017-12-26T20:19:36.409716079Z: [    0.660431] PCI: Using host bridge windows from ACPI; if necessary, use "pci=nocrs" and report a bug
[STDERR  ] 2017-12-26T20:19:36.409721466Z: [    0.663186] ACPI: Enabled 1 GPEs in block 00 to 3F
[STDERR  ] 2017-12-26T20:19:36.409726875Z: [    0.709971] ACPI: PCI Root Bridge [PCI0] (domain 0000 [bus 00-ff])
[STDERR  ] 2017-12-26T20:19:36.409732276Z: [    0.711147] acpi PNP0A08:00: _OSC: OS supports [ExtendedConfig ASPM ClockPM Segments MSI]
[STDERR  ] 2017-12-26T20:19:36.409740361Z: [    0.715786] acpi PNP0A08:00: _OSC: OS now controls [PCIeHotplug PME PCIeCapability]
[STDERR  ] 2017-12-26T20:19:36.409746092Z: [    0.721023] PCI host bridge to bus 0000:00
[STDERR  ] 2017-12-26T20:19:36.409755898Z: [    0.721591] pci_bus 0000:00: root bus resource [io  0x0000-0x0cf7 window]
[STDERR  ] 2017-12-26T20:19:36.409761331Z: [    0.721975] pci_bus 0000:00: root bus resource [io  0x0d00-0xffff window]
[STDERR  ] 2017-12-26T20:19:36.40977029Z: [    0.722268] pci_bus 0000:00: root bus resource [mem 0x000a0000-0x000bffff window]
[STDERR  ] 2017-12-26T20:19:36.409775922Z: [    0.722624] pci_bus 0000:00: root bus resource [mem 0xc0000000-0xfebfffff window]
[STDERR  ] 2017-12-26T20:19:36.409781346Z: [    0.723148] pci_bus 0000:00: root bus resource [bus 00-ff]
[STDERR  ] 2017-12-26T20:19:36.409786853Z: [    0.851460] pci 0000:00:1f.0: quirk: [io  0x0600-0x067f] claimed by ICH6 ACPI/GPIO/TCO
[STDERR  ] 2017-12-26T20:19:36.409792412Z: [    0.918331] ACPI: PCI Interrupt Link [LNKA] (IRQs 5 *10 11)
[STDERR  ] 2017-12-26T20:19:36.409797847Z: [    0.921463] ACPI: PCI Interrupt Link [LNKB] (IRQs 5 *10 11)
[STDERR  ] 2017-12-26T20:19:36.409807453Z: [    0.923428] ACPI: PCI Interrupt Link [LNKC] (IRQs 5 10 *11)
[STDERR  ] 2017-12-26T20:19:36.409813057Z: [    0.924897] ACPI: PCI Interrupt Link [LNKD] (IRQs 5 10 *11)
[STDERR  ] 2017-12-26T20:19:36.409818406Z: [    0.926437] ACPI: PCI Interrupt Link [LNKE] (IRQs 5 *10 11)
[STDERR  ] 2017-12-26T20:19:36.409823723Z: [    0.927868] ACPI: PCI Interrupt Link [LNKF] (IRQs 5 *10 11)
[STDERR  ] 2017-12-26T20:19:36.409829062Z: [    0.930214] ACPI: PCI Interrupt Link [LNKG] (IRQs 5 10 *11)
[STDERR  ] 2017-12-26T20:19:36.409834449Z: [    0.932077] ACPI: PCI Interrupt Link [LNKH] (IRQs 5 10 *11)
[STDERR  ] 2017-12-26T20:19:36.409839729Z: [    0.932625] ACPI: PCI Interrupt Link [GSIA] (IRQs *16)
[STDERR  ] 2017-12-26T20:19:36.409845096Z: [    0.933214] ACPI: PCI Interrupt Link [GSIB] (IRQs *17)
[STDERR  ] 2017-12-26T20:19:36.409850447Z: [    0.933822] ACPI: PCI Interrupt Link [GSIC] (IRQs *18)
[STDERR  ] 2017-12-26T20:19:36.409855856Z: [    0.934426] ACPI: PCI Interrupt Link [GSID] (IRQs *19)
[STDERR  ] 2017-12-26T20:19:36.40986112Z: [    0.935042] ACPI: PCI Interrupt Link [GSIE] (IRQs *20)
[STDERR  ] 2017-12-26T20:19:36.409866447Z: [    0.935646] ACPI: PCI Interrupt Link [GSIF] (IRQs *21)
[STDERR  ] 2017-12-26T20:19:36.409874679Z: [    0.936225] ACPI: PCI Interrupt Link [GSIG] (IRQs *22)
[STDERR  ] 2017-12-26T20:19:36.4098803Z: [    0.936826] ACPI: PCI Interrupt Link [GSIH] (IRQs *23)
[STDERR  ] 2017-12-26T20:19:36.40988572Z: [    0.943585] SCSI subsystem initialized
[STDERR  ] 2017-12-26T20:19:36.409891186Z: [    0.945895] ACPI: bus type USB registered
[STDERR  ] 2017-12-26T20:19:36.409896633Z: [    0.946819] usbcore: registered new interface driver usbfs
[STDERR  ] 2017-12-26T20:19:36.409902002Z: [    0.947511] usbcore: registered new interface driver hub
[STDERR  ] 2017-12-26T20:19:36.409907479Z: [    0.948301] usbcore: registered new device driver usb
[STDERR  ] 2017-12-26T20:19:36.409912842Z: [    0.949337] pps_core: LinuxPPS API ver. 1 registered
[STDERR  ] 2017-12-26T20:19:36.409919877Z: [    0.949616] pps_core: Software ver. 5.3.6 - Copyright 2005-2007 Rodolfo Giometti <giometti@linux.it>
[STDERR  ] 2017-12-26T20:19:36.409925547Z: [    0.950293] PTP clock support registered
[STDERR  ] 2017-12-26T20:19:36.409930966Z: [    0.952667] PCI: Using ACPI for IRQ routing
[STDERR  ] 2017-12-26T20:19:36.409936265Z: [    0.970809] NetLabel: Initializing
[STDERR  ] 2017-12-26T20:19:36.409941682Z: [    0.971050] NetLabel:  domain hash size = 128
[STDERR  ] 2017-12-26T20:19:36.409947045Z: [    0.971355] NetLabel:  protocols = UNLABELED CIPSOv4 CALIPSO
[STDERR  ] 2017-12-26T20:19:36.40995241Z: [    0.974429] NetLabel:  unlabeled traffic allowed by default
[STDERR  ] 2017-12-26T20:19:36.409957827Z: [    0.975719] HPET: 3 timers in total, 0 timers will be used for per-cpu timer
[STDERR  ] 2017-12-26T20:19:36.409965493Z: [    0.976387] hpet0: at MMIO 0xfed00000, IRQs 2, 8, 0
[STDERR  ] 2017-12-26T20:19:36.409970979Z: [    0.976715] hpet0: 3 comparators, 64-bit 100.000000 MHz counter
[STDERR  ] 2017-12-26T20:19:36.409976415Z: [    0.982123] clocksource: Switched to clocksource hpet
[STDERR  ] 2017-12-26T20:19:36.409981793Z: [    1.241133] VFS: Disk quotas dquot_6.6.0
[STDERR  ] 2017-12-26T20:19:36.409987247Z: [    1.241806] VFS: Dquot-cache hash table entries: 512 (order 0, 4096 bytes)
[STDERR  ] 2017-12-26T20:19:36.409996173Z: [    1.245387] FS-Cache: Loaded
[STDERR  ] 2017-12-26T20:19:36.410001777Z: [    1.254965] CacheFiles: Loaded
[STDERR  ] 2017-12-26T20:19:36.410007267Z: [    1.256116] pnp: PnP ACPI init
[STDERR  ] 2017-12-26T20:19:36.410014722Z: [    1.265818] pnp: PnP ACPI: found 5 devices
[STDERR  ] 2017-12-26T20:19:36.410020325Z: [    1.310345] clocksource: acpi_pm: mask: 0xffffff max_cycles: 0xffffff, max_idle_ns: 2085701024 ns
[STDERR  ] 2017-12-26T20:19:36.410026047Z: [    1.313883] NET: Registered protocol family 2
[STDERR  ] 2017-12-26T20:19:36.410031466Z: [    1.321271] TCP established hash table entries: 8192 (order: 4, 65536 bytes)
[STDERR  ] 2017-12-26T20:19:36.410037033Z: [    1.322045] TCP bind hash table entries: 8192 (order: 5, 131072 bytes)
[STDERR  ] 2017-12-26T20:19:36.410043257Z: [    1.322748] TCP: Hash tables configured (established 8192 bind 8192)
[STDERR  ] 2017-12-26T20:19:36.41005266Z: [    1.325062] UDP hash table entries: 512 (order: 2, 16384 bytes)
[STDERR  ] 2017-12-26T20:19:36.410061172Z: [    1.325694] UDP-Lite hash table entries: 512 (order: 2, 16384 bytes)
[STDERR  ] 2017-12-26T20:19:36.410070056Z: [    1.328016] NET: Registered protocol family 1
[STDERR  ] 2017-12-26T20:19:36.410078785Z: [    1.328889] pci 0000:00:01.0: Video device with shadowed ROM at [mem 0x000c0000-0x000dffff]
[STDERR  ] 2017-12-26T20:19:36.41008812Z: [    1.334253] Trying to unpack rootfs image as initramfs...
[STDERR  ] 2017-12-26T20:19:36.410097522Z: [    5.058095] Freeing initrd memory: 25516K
[STDERR  ] 2017-12-26T20:19:36.410107722Z: [    5.082380] PCLMULQDQ-NI instructions are not detected.
[STDERR  ] 2017-12-26T20:19:36.410117323Z: [    5.083832] AVX or AES-NI instructions are not detected.
[STDERR  ] 2017-12-26T20:19:36.410126966Z: [    5.084267] CPU feature 'AVX registers' is not supported.
[STDERR  ] 2017-12-26T20:19:36.410136358Z: [    5.084627] CPU feature 'AVX registers' is not supported.
[STDERR  ] 2017-12-26T20:19:36.410151296Z: [    5.084998] CPU feature 'AVX registers' is not supported.
[STDERR  ] 2017-12-26T20:19:36.410160727Z: [    5.085371] CPU feature 'AVX registers' is not supported.
[STDERR  ] 2017-12-26T20:19:36.410169863Z: [    5.085671] AVX2 or AES-NI instructions are not detected.
[STDERR  ] 2017-12-26T20:19:36.410181988Z: [    5.086027] AVX2 instructions are not detected.
[STDERR  ] 2017-12-26T20:19:36.410197267Z: [    5.092678] audit: initializing netlink subsys (disabled)
[STDERR  ] 2017-12-26T20:19:36.410207094Z: [    5.099439] audit: type=2000 audit(1514319563.090:1): state=initialized audit_enabled=0 res=1
[STDERR  ] 2017-12-26T20:19:36.410217026Z: [    5.102034] workingset: timestamp_bits=46 max_order=18 bucket_order=0
[STDERR  ] 2017-12-26T20:19:36.410226668Z: [    5.105459] squashfs: version 4.0 (2009/01/31) Phillip Lougher
[STDERR  ] 2017-12-26T20:19:36.410236057Z: [    5.107532] FS-Cache: Netfs 'cifs' registered for caching
[STDERR  ] 2017-12-26T20:19:36.41024572Z: [    5.111372] fuse init (API version 7.26)
[STDERR  ] 2017-12-26T20:19:36.410251496Z: [    5.113321] SGI XFS with ACLs, security attributes, no debug enabled
[STDERR  ] 2017-12-26T20:19:36.41025692Z: [    5.116596] 9p: Installing v9fs 9p2000 file system support
[STDERR  ] 2017-12-26T20:19:36.410265136Z: [    5.117134] FS-Cache: Netfs '9p' registered for caching
[STDERR  ] 2017-12-26T20:19:36.410270494Z: [    5.148502] NET: Registered protocol family 38
[STDERR  ] 2017-12-26T20:19:36.410275906Z: [    5.149127] Key type asymmetric registered
[STDERR  ] 2017-12-26T20:19:36.410281197Z: [    5.149509] Asymmetric key parser 'x509' registered
[STDERR  ] 2017-12-26T20:19:36.4102865Z: [    5.151772] Block layer SCSI generic (bsg) driver version 0.4 loaded (major 248)
[STDERR  ] 2017-12-26T20:19:36.410294147Z: [    5.153620] io scheduler noop registered
[STDERR  ] 2017-12-26T20:19:36.410299614Z: [    5.153919] io scheduler deadline registered (default)
[STDERR  ] 2017-12-26T20:19:36.410304986Z: [    5.154802] io scheduler cfq registered
[STDERR  ] 2017-12-26T20:19:36.41031239Z: [    5.155068] io scheduler mq-deadline registered
[STDERR  ] 2017-12-26T20:19:36.41032291Z: [    5.155332] io scheduler kyber registered
[STDERR  ] 2017-12-26T20:19:36.410328397Z: [    5.158065] shpchp: Standard Hot Plug PCI Controller Driver version: 0.4
[STDERR  ] 2017-12-26T20:19:36.410333808Z: [    5.158756] hv_vmbus: registering driver hyperv_fb
[STDERR  ] 2017-12-26T20:19:36.410339177Z: [    5.162100] input: Power Button as /devices/LNXSYSTM:00/LNXPWRBN:00/input/input0
[STDERR  ] 2017-12-26T20:19:36.410344643Z: [    5.164666] ACPI: Power Button [PWRF]
[STDERR  ] 2017-12-26T20:19:36.410350026Z: [    5.176444] ACPI: PCI Interrupt Link [GSIG] enabled at IRQ 22
[STDERR  ] 2017-12-26T20:19:36.410355398Z: [    5.185855] ACPI: PCI Interrupt Link [GSIH] enabled at IRQ 23
[STDERR  ] 2017-12-26T20:19:36.410360801Z: [    5.191569] Serial: 8250/16550 driver, 4 ports, IRQ sharing disabled
[STDERR  ] 2017-12-26T20:19:36.410366201Z: [    5.215390] 00:04: ttyS0 at I/O 0x3f8 (irq = 4, base_baud = 115200) is a 16550A
[STDERR  ] 2017-12-26T20:19:36.41037172Z: [    5.225104] Non-volatile memory driver v1.3
[STDERR  ] 2017-12-26T20:19:36.410377078Z: [    5.232824] Hangcheck: starting hangcheck timer 0.9.1 (tick is 180 seconds, margin is 60 seconds).
[STDERR  ] 2017-12-26T20:19:36.410390034Z: [    5.241300] random: crng init done
[STDERR  ] 2017-12-26T20:19:36.410395466Z: [    5.285827] brd: module loaded
[STDERR  ] 2017-12-26T20:19:36.410400874Z: [    5.311590] loop: module loaded
[STDERR  ] 2017-12-26T20:19:36.410406263Z: [    5.356062] lpc_ich 0000:00:1f.0: I/O space for GPIO uninitialized
[STDERR  ] 2017-12-26T20:19:36.410411727Z: [    5.358434] VMware PVSCSI driver - version 1.0.7.0-k
[STDERR  ] 2017-12-26T20:19:36.410417064Z: [    5.359188] hv_vmbus: registering driver hv_storvsc
[STDERR  ] 2017-12-26T20:19:36.410422373Z: [    5.366222] ACPI: PCI Interrupt Link [GSIA] enabled at IRQ 16
[STDERR  ] 2017-12-26T20:19:36.410427987Z: [    5.373914] ahci 0000:00:1f.2: AHCI 0001.0000 32 slots 6 ports 1.5 Gbps 0x3f impl SATA mode
[STDERR  ] 2017-12-26T20:19:36.41043721Z: [    5.374541] ahci 0000:00:1f.2: flags: 64bit ncq only 
[STDERR  ] 2017-12-26T20:19:36.410442958Z: [    5.390342] scsi host0: ahci
[STDERR  ] 2017-12-26T20:19:36.410448388Z: [    5.393145] scsi host1: ahci
[STDERR  ] 2017-12-26T20:19:36.4104538Z: [    5.394548] scsi host2: ahci
[STDERR  ] 2017-12-26T20:19:36.410459236Z: [    5.396017] scsi host3: ahci
[STDERR  ] 2017-12-26T20:19:36.41046452Z: [    5.397351] scsi host4: ahci
[STDERR  ] 2017-12-26T20:19:36.410469947Z: [    5.398779] scsi host5: ahci
[STDERR  ] 2017-12-26T20:19:36.41047529Z: [    5.399898] ata1: SATA max UDMA/133 abar m4096@0xfebd2000 port 0xfebd2100 irq 24
[STDERR  ] 2017-12-26T20:19:36.410480778Z: [    5.400637] ata2: SATA max UDMA/133 abar m4096@0xfebd2000 port 0xfebd2180 irq 24
[STDERR  ] 2017-12-26T20:19:36.410486248Z: [    5.400985] ata3: SATA max UDMA/133 abar m4096@0xfebd2000 port 0xfebd2200 irq 24
[STDERR  ] 2017-12-26T20:19:36.410491668Z: [    5.401357] ata4: SATA max UDMA/133 abar m4096@0xfebd2000 port 0xfebd2280 irq 24
[STDERR  ] 2017-12-26T20:19:36.410497087Z: [    5.401685] ata5: SATA max UDMA/133 abar m4096@0xfebd2000 port 0xfebd2300 irq 24
[STDERR  ] 2017-12-26T20:19:36.410509104Z: [    5.402032] ata6: SATA max UDMA/133 abar m4096@0xfebd2000 port 0xfebd2380 irq 24
[STDERR  ] 2017-12-26T20:19:36.410514542Z: [    5.411933] tun: Universal TUN/TAP device driver, 1.6
[STDERR  ] 2017-12-26T20:19:36.410519942Z: [    5.421909] VMware vmxnet3 virtual NIC driver - version 1.4.a.0-k-NAPI
[STDERR  ] 2017-12-26T20:19:36.410525278Z: [    5.423065] hv_vmbus: registering driver hv_netvsc
[STDERR  ] 2017-12-26T20:19:36.410530612Z: [    5.423366] Fusion MPT base driver 3.04.20
[STDERR  ] 2017-12-26T20:19:36.410535931Z: [    5.423597] Copyright (c) 1999-2008 LSI Corporation
[STDERR  ] 2017-12-26T20:19:36.410541759Z: [    5.424125] Fusion MPT SPI Host driver 3.04.20
[STDERR  ] 2017-12-26T20:19:36.410551331Z: [    5.425987] i8042: PNP: PS/2 Controller [PNP0303:KBD,PNP0f13:MOU] at 0x60,0x64 irq 1,12
[STDERR  ] 2017-12-26T20:19:36.410560502Z: [    5.430637] serio: i8042 KBD port at 0x60,0x64 irq 1
[STDERR  ] 2017-12-26T20:19:36.410576458Z: [    5.431197] serio: i8042 AUX port at 0x60,0x64 irq 12
[STDERR  ] 2017-12-26T20:19:36.410586249Z: [    5.433354] hv_vmbus: registering driver hyperv_keyboard
[STDERR  ] 2017-12-26T20:19:36.410595194Z: [    5.435054] mousedev: PS/2 mouse device common for all mice
[STDERR  ] 2017-12-26T20:19:36.410603988Z: [    5.438730] input: AT Translated Set 2 keyboard as /devices/platform/i8042/serio0/input/input1
[STDERR  ] 2017-12-26T20:19:36.410612932Z: [    5.441286] input: PC Speaker as /devices/platform/pcspkr/input/input2
[STDERR  ] 2017-12-26T20:19:36.410622098Z: [    5.444671] rtc_cmos 00:00: RTC can wake from S4
[STDERR  ] 2017-12-26T20:19:36.410631217Z: [    5.447397] rtc_cmos 00:00: rtc core: registered rtc_cmos as rtc0
[STDERR  ] 2017-12-26T20:19:36.410650775Z: [    5.448609] rtc_cmos 00:00: alarms up to one day, y3k, 114 bytes nvram, hpet irqs
[STDERR  ] 2017-12-26T20:19:36.410661067Z: [    5.449239] i2c /dev entries driver
[STDERR  ] 2017-12-26T20:19:36.410670492Z: [    5.451540] device-mapper: ioctl: 4.37.0-ioctl (2017-09-20) initialised: dm-devel@redhat.com
[STDERR  ] 2017-12-26T20:19:36.410679854Z: [    5.455064] usbcore: registered new interface driver usbhid
[STDERR  ] 2017-12-26T20:19:36.410689107Z: [    5.455351] usbhid: USB HID core driver
[STDERR  ] 2017-12-26T20:19:36.410697914Z: [    5.456115] hv_utils: Registering HyperV Utility Driver
[STDERR  ] 2017-12-26T20:19:36.410707181Z: [    5.456403] hv_vmbus: registering driver hv_util
[STDERR  ] 2017-12-26T20:19:36.410716208Z: [    5.456676] hv_vmbus: registering driver hv_balloon
[STDERR  ] 2017-12-26T20:19:36.410725667Z: [    5.457190] oprofile: using NMI interrupt.
[STDERR  ] 2017-12-26T20:19:36.410735112Z: [    5.458245] GACT probability on
[STDERR  ] 2017-12-26T20:19:36.410744297Z: [    5.458637] Mirror/redirect action on
[STDERR  ] 2017-12-26T20:19:36.410760008Z: [    5.459221] Simple TC action Loaded
[STDERR  ] 2017-12-26T20:19:36.410770139Z: [    5.459748] u32 classifier
[STDERR  ] 2017-12-26T20:19:36.410780364Z: [    5.459930]     Performance counters on
[STDERR  ] 2017-12-26T20:19:36.410790121Z: [    5.460543]     input device check on
[STDERR  ] 2017-12-26T20:19:36.410799611Z: [    5.460748]     Actions configured
[STDERR  ] 2017-12-26T20:19:36.410809381Z: [    5.461485] Netfilter messages via NETLINK v0.30.
[STDERR  ] 2017-12-26T20:19:36.410818132Z: [    5.461963] nfnl_acct: registering with nfnetlink.
[STDERR  ] 2017-12-26T20:19:36.410827427Z: [    5.463193] nf_conntrack version 0.5.0 (8192 buckets, 32768 max)
[STDERR  ] 2017-12-26T20:19:36.410836695Z: [    5.465429] ctnetlink v0.93: registering with nfnetlink.
[STDERR  ] 2017-12-26T20:19:36.410846057Z: [    5.468062] nf_tables: (c) 2007-2009 Patrick McHardy <kaber@trash.net>
[STDERR  ] 2017-12-26T20:19:36.410859269Z: [    5.468863] nf_tables_compat: (c) 2012 Pablo Neira Ayuso <pablo@netfilter.org>
[STDERR  ] 2017-12-26T20:19:36.41087145Z: [    5.471348] xt_time: kernel timezone is -0000
[STDERR  ] 2017-12-26T20:19:36.410878606Z: [    5.471861] ip_set: protocol 6
[STDERR  ] 2017-12-26T20:19:36.410884133Z: [    5.472569] IPVS: Registered protocols (TCP, UDP, SCTP, AH, ESP)
[STDERR  ] 2017-12-26T20:19:36.410889595Z: [    5.473102] IPVS: Connection hash table configured (size=4096, memory=64Kbytes)
[STDERR  ] 2017-12-26T20:19:36.410895038Z: [    5.476736] IPVS: ipvs loaded.
[STDERR  ] 2017-12-26T20:19:36.410900528Z: [    5.477093] IPVS: [rr] scheduler registered.
[STDERR  ] 2017-12-26T20:19:36.410912679Z: [    5.477419] IPVS: [wrr] scheduler registered.
[STDERR  ] 2017-12-26T20:19:36.410918072Z: [    5.477678] IPVS: [lc] scheduler registered.
[STDERR  ] 2017-12-26T20:19:36.410923489Z: [    5.477909] IPVS: [wlc] scheduler registered.
[STDERR  ] 2017-12-26T20:19:36.410928812Z: [    5.478189] IPVS: [fo] scheduler registered.
[STDERR  ] 2017-12-26T20:19:36.41093686Z: [    5.478411] IPVS: [ovf] scheduler registered.
[STDERR  ] 2017-12-26T20:19:36.410942193Z: [    5.478822] IPVS: [lblc] scheduler registered.
[STDERR  ] 2017-12-26T20:19:36.410952852Z: [    5.479191] IPVS: [lblcr] scheduler registered.
[STDERR  ] 2017-12-26T20:19:36.410958306Z: [    5.479466] IPVS: [dh] scheduler registered.
[STDERR  ] 2017-12-26T20:19:36.410963683Z: [    5.479747] IPVS: [sh] scheduler registered.
[STDERR  ] 2017-12-26T20:19:36.410968925Z: [    5.480004] IPVS: [sed] scheduler registered.
[STDERR  ] 2017-12-26T20:19:36.410974468Z: [    5.481026] IPVS: [nq] scheduler registered.
[STDERR  ] 2017-12-26T20:19:36.410979823Z: [    5.481725] IPVS: ftp: loaded support on port[0] = 21
[STDERR  ] 2017-12-26T20:19:36.410985239Z: [    5.482467] ipip: IPv4 and MPLS over IPv4 tunneling driver
[STDERR  ] 2017-12-26T20:19:36.410990516Z: [    5.485599] gre: GRE over IPv4 demultiplexor driver
[STDERR  ] 2017-12-26T20:19:36.410995802Z: [    5.487931] ip_tables: (C) 2000-2006 Netfilter Core Team
[STDERR  ] 2017-12-26T20:19:36.411001096Z: [    5.491830] ipt_CLUSTERIP: ClusterIP Version 0.8 loaded successfully
[STDERR  ] 2017-12-26T20:19:36.411006488Z: [    5.492384] arp_tables: arp_tables: (C) 2002 David S. Miller
[STDERR  ] 2017-12-26T20:19:36.411011809Z: [    5.494426] NET: Registered protocol family 10
[STDERR  ] 2017-12-26T20:19:36.411019335Z: [    5.503137] Segment Routing with IPv6
[STDERR  ] 2017-12-26T20:19:36.41102476Z: [    5.504052] ip6_tables: (C) 2000-2006 Netfilter Core Team
[STDERR  ] 2017-12-26T20:19:36.411030215Z: [    5.511320] NET: Registered protocol family 17
[STDERR  ] 2017-12-26T20:19:36.411035732Z: [    5.512347] Bridge firewalling registered
[STDERR  ] 2017-12-26T20:19:36.411041229Z: [    5.512894] Ebtables v2.0 registered
[STDERR  ] 2017-12-26T20:19:36.411046729Z: [    5.514675] 8021q: 802.1Q VLAN Support v1.8
[STDERR  ] 2017-12-26T20:19:36.411052112Z: [    5.515980] 9pnet: Installing 9P2000 support
[STDERR  ] 2017-12-26T20:19:36.41105761Z: [    5.517377] Key type dns_resolver registered
[STDERR  ] 2017-12-26T20:19:36.411068585Z: [    5.518636] sched_clock: Marking stable (5510268290, 0)->(5628988287, -118719997)
[STDERR  ] 2017-12-26T20:19:36.411074423Z: [    5.522135] registered taskstats version 1
[STDERR  ] 2017-12-26T20:19:36.411080042Z: [    5.698914] Key type big_key registered
[STDERR  ] 2017-12-26T20:19:36.411085443Z: [    5.732985] ata1: SATA link down (SStatus 0 SControl 300)
[STDERR  ] 2017-12-26T20:19:36.411090845Z: [    5.742789] ata4: SATA link down (SStatus 0 SControl 300)
[STDERR  ] 2017-12-26T20:19:36.411096372Z: [    5.743671] ata3: SATA link up 1.5 Gbps (SStatus 113 SControl 300)
[STDERR  ] 2017-12-26T20:19:36.411101858Z: [    5.746729] ata3.00: ATAPI: QEMU DVD-ROM, 2.5+, max UDMA/100
[STDERR  ] 2017-12-26T20:19:36.411107325Z: [    5.747131] ata3.00: applying bridge limits
[STDERR  ] 2017-12-26T20:19:36.411112705Z: [    5.748831] ata2: SATA link down (SStatus 0 SControl 300)
[STDERR  ] 2017-12-26T20:19:36.41111812Z: [    5.754140] ata6: SATA link down (SStatus 0 SControl 300)
[STDERR  ] 2017-12-26T20:19:36.411127845Z: [    5.754891] ata5: SATA link down (SStatus 0 SControl 300)
[STDERR  ] 2017-12-26T20:19:36.411133393Z: [    5.756017] ata3.00: configured for UDMA/100
[STDERR  ] 2017-12-26T20:19:36.411138812Z: [    5.766867] scsi 2:0:0:0: CD-ROM            QEMU     QEMU DVD-ROM     2.5+ PQ: 0 ANSI: 5
[STDERR  ] 2017-12-26T20:19:36.411144466Z: [    5.797418] Key type encrypted registered
[STDERR  ] 2017-12-26T20:19:36.411149885Z: [    5.803930] sr 2:0:0:0: [sr0] scsi3-mmc drive: 4x/4x cd/rw xa/form2 tray
[STDERR  ] 2017-12-26T20:19:36.411155446Z: [    5.804656] cdrom: Uniform CD-ROM driver Revision: 3.20
[STDERR  ] 2017-12-26T20:19:36.41116091Z: [    5.812472] rtc_cmos 00:00: setting system clock to 2017-12-26 20:19:24 UTC (1514319564)
[STDERR  ] 2017-12-26T20:19:36.411166409Z: [    5.821334] sr 2:0:0:0: Attached scsi generic sg0 type 5
[STDERR  ] 2017-12-26T20:19:36.411174416Z: [    5.953686] Freeing unused kernel memory: 1456K
[STDERR  ] 2017-12-26T20:19:36.411180059Z: [    5.954047] Write protecting the kernel read-only data: 14336k
[STDERR  ] 2017-12-26T20:19:36.411185518Z: [    5.965148] Freeing unused kernel memory: 1516K
[STDERR  ] 2017-12-26T20:19:36.411195815Z: [    6.015276] Freeing unused kernel memory: 1144K
[STDERR  ] 2017-12-26T20:19:36.41120135Z: [    6.080970] tsc: Refined TSC clocksource calibration: 2599.994 MHz
[STDERR  ] 2017-12-26T20:19:36.411206946Z: [    6.081565] clocksource: tsc: mask: 0xffffffffffffffff max_cycles: 0x257a36b5a3d, max_idle_ns: 440795326591 ns
[STDERR  ] 2017-12-26T20:19:36.411212703Z: [    7.097185] clocksource: Switched to clocksource tsc
[STDERR  ] 2017-12-26T20:19:36.411218183Z: 
[STDERR  ] 2017-12-26T20:19:36.411223825Z: Welcome to LinuxKit
[STDERR  ] 2017-12-26T20:19:36.411229263Z: 
[STDERR  ] 2017-12-26T20:19:36.411234686Z:                         ##         .
[STDERR  ] 2017-12-26T20:19:36.411240276Z:                   ## ## ##        ==
[STDERR  ] 2017-12-26T20:19:36.411245676Z:                ## ## ## ## ##    ===
[STDERR  ] 2017-12-26T20:19:36.41125104Z:            /"""""""""""""""""\___/ ===
[STDERR  ] 2017-12-26T20:19:36.411256701Z:           {                       /  ===-
[STDERR  ] 2017-12-26T20:19:36.411262116Z:            \______ O           __/
[STDERR  ] 2017-12-26T20:19:36.411267633Z:              \    \         __/
[STDERR  ] 2017-12-26T20:19:36.411273151Z:               \____\_______/
[STDERR  ] 2017-12-26T20:19:36.411278536Z: 
[STDERR  ] 2017-12-26T20:19:36.411284019Z: Linux linuxkit-caf4fcdcf957 4.14.7-linuxkit #1 SMP Mon Dec 18 13:42:45 UTC 2017 x86_64 Linux
[STDERR  ] 2017-12-26T20:19:36.411289583Z: filename:       hello_world.ko
[STDERR  ] 2017-12-26T20:19:36.411295069Z: author:         Rolf Neugebauer <rolf.neugebauer@docker.com>
[STDERR  ] 2017-12-26T20:19:36.411300544Z: description:    A simple Hello World kernel module for testing
[STDERR  ] 2017-12-26T20:19:36.411306083Z: license:        GPL
[STDERR  ] 2017-12-26T20:19:36.411311716Z: depends:        
[STDERR  ] 2017-12-26T20:19:36.411318846Z: vermagic:       4.14.7-linuxkit SMP mod_unload modversions RANDSTRUCT_PLUGIN_3f769827fcee82c01b2bc727dc596e442c690744f8f6068e6973b53dda56f964
[STDERR  ] 2017-12-26T20:19:36.411328446Z: [   12.722809] hello_world: loading out-of-tree module taints kernel.
[STDERR  ] 2017-12-26T20:19:36.411338447Z: [   12.731471] Hello LinuxKit
[STDERR  ] 2017-12-26T20:19:36.411346956Z: [   12.813603] Goodbye LinuxKit.
[STDERR  ] 2017-12-26T20:19:36.411352526Z: Kernel module test suite PASSED
[STDERR  ] 2017-12-26T20:19:36.411358004Z: [   17.000753] ACPI: Preparing to enter system sleep state S5
[STDERR  ] 2017-12-26T20:19:36.411363587Z: [   17.002298] reboot: Power down
[STDERR  ] 2017-12-26T20:19:36.41136934Z: + exit 0
[STDERR  ] 2017-12-26T20:19:36.41137492Z: + clean_up
[STDERR  ] 2017-12-26T20:19:36.411380424Z: + docker rmi kmod-test
[STDOUT  ] 2017-12-26T20:19:36.431232976Z: Untagged: kmod-test:latest
[STDOUT  ] 2017-12-26T20:19:36.431284436Z: Deleted: sha256:a58abc1d7590d5817c86be29280513953e5dee40af93589fb50989bbdd110bfe
[STDOUT  ] 2017-12-26T20:19:36.431296922Z: Deleted: sha256:d5f7ff5968278ff9bd3b81c293889d20ec99e8e9da0061537f05b83734e15ac9
[STDOUT  ] 2017-12-26T20:19:36.431307331Z: Deleted: sha256:646abae816a76ed77db0d7ed7c45b11a3fffd23d856cc23dba9fb2742ed66b15
[STDOUT  ] 2017-12-26T20:19:36.431316906Z: Deleted: sha256:0612855bb8dcae151851cc4612c3ff838588517478f81edb4988550cba5073ff
[STDOUT  ] 2017-12-26T20:19:36.431326862Z: Deleted: sha256:375af2e0f71861a703f5414c56c9297b4f1ef6f8eea710461d7a935efe1621ad
[STDERR  ] 2017-12-26T20:19:36.432038274Z: + rm -rf kmod-cmdline kmod-initrd.img kmod-kernel kmod-state
[PASS    ] linuxkit.kernel.kmod_4.14.x 47.94s
