[INFO    ] 2018-03-05T15:02:05.136217360Z: Running Test linuxkit.kernel.config_4.9.x in /tmp/with_clone3d493530/test/cases/020_kernel/001_config_4.9.x
[INFO    ] 2018-03-05T15:02:05.136401686Z: Running command: [/bin/sh -x /tmp/with_clone3d493530/test/cases/020_kernel/001_config_4.9.x/test.sh]
[STDERR  ] 2018-03-05T15:02:05.136882436Z: + set -e
[STDERR  ] 2018-03-05T15:02:05.137006031Z: + . /tmp/with_clone3d493530/test/cases/_lib/lib.sh
[STDERR  ] 2018-03-05T15:02:05.137122805Z: + [ -f src/github.com/linuxkit/rtf/lib/lib.sh ]
[STDERR  ] 2018-03-05T15:02:05.137212606Z: + LINUXKIT_TMPDIR=/tmp/with_clone3d493530/test/cases/_tmp
[STDERR  ] 2018-03-05T15:02:05.137309103Z: + [ -f /tmp/with_clone3d493530/test/cases/_tmp/env.sh ]
[STDERR  ] 2018-03-05T15:02:05.137434054Z: + . /tmp/with_clone3d493530/test/cases/_tmp/env.sh
[STDERR  ] 2018-03-05T15:02:05.137530610Z: + export LINUXKIT_EXAMPLES_DIR=/tmp/with_clone3d493530/test/cases/../../examples
[STDERR  ] 2018-03-05T15:02:05.137604849Z: + RT_CANCEL=253
[STDERR  ] 2018-03-05T15:02:05.137669915Z: + NAME=kconfig
[STDERR  ] 2018-03-05T15:02:05.137772040Z: + trap clean_up EXIT
[STDERR  ] 2018-03-05T15:02:05.137886722Z: + linuxkit build -format kernel+initrd -name kconfig test.yml
[STDERR  ] 2018-03-05T15:02:05.171449300Z: Extract kernel image: linuxkit/kernel:4.9.85
[STDERR  ] 2018-03-05T15:02:06.205983933Z: time="2018-03-05T15:02:06Z" level=warning msg="certificate with CN Justin Cormack is near expiry"
[STDERR  ] 2018-03-05T15:02:06.206169811Z: time="2018-03-05T15:02:06Z" level=warning msg="certificate with CN  is near expiry"
[STDERR  ] 2018-03-05T15:02:06.206325534Z: time="2018-03-05T15:02:06Z" level=warning msg="certificate with CN  is near expiry"
[STDERR  ] 2018-03-05T15:02:06.206558614Z: time="2018-03-05T15:02:06Z" level=warning msg="certificate with CN avi@atomicinc.com is near expiry"
[STDERR  ] 2018-03-05T15:02:06.206720499Z: time="2018-03-05T15:02:06Z" level=warning msg="certificate with CN Ian Campbell is near expiry"
[STDERR  ] 2018-03-05T15:02:06.276850769Z: time="2018-03-05T15:02:06Z" level=warning msg="certificate with CN Justin Cormack is near expiry"
[STDERR  ] 2018-03-05T15:02:09.210698627Z: Add init containers:
[STDERR  ] 2018-03-05T15:02:09.210770032Z: Process init image: linuxkit/init:b212cfeb4bb6330e0a7547d8010fe2e8489b677a
[STDERR  ] 2018-03-05T15:02:10.229560867Z: time="2018-03-05T15:02:10Z" level=warning msg="certificate with CN Ian Campbell is near expiry"
[STDERR  ] 2018-03-05T15:02:10.230064581Z: time="2018-03-05T15:02:10Z" level=warning msg="certificate with CN Justin Cormack is near expiry"
[STDERR  ] 2018-03-05T15:02:10.230451154Z: time="2018-03-05T15:02:10Z" level=warning msg="certificate with CN  is near expiry"
[STDERR  ] 2018-03-05T15:02:10.234650664Z: time="2018-03-05T15:02:10Z" level=warning msg="certificate with CN  is near expiry"
[STDERR  ] 2018-03-05T15:02:10.235290558Z: time="2018-03-05T15:02:10Z" level=warning msg="certificate with CN avi@atomicinc.com is near expiry"
[STDERR  ] 2018-03-05T15:02:10.258515159Z: time="2018-03-05T15:02:10Z" level=warning msg="certificate with CN Justin Cormack is near expiry"
[STDERR  ] 2018-03-05T15:02:10.261618853Z: time="2018-03-05T15:02:10Z" level=warning msg="certificate with CN  is near expiry"
[STDERR  ] 2018-03-05T15:02:10.261920244Z: time="2018-03-05T15:02:10Z" level=warning msg="certificate with CN Ian Campbell is near expiry"
[STDERR  ] 2018-03-05T15:02:10.264947742Z: time="2018-03-05T15:02:10Z" level=warning msg="certificate with CN  is near expiry"
[STDERR  ] 2018-03-05T15:02:10.265237733Z: time="2018-03-05T15:02:10Z" level=warning msg="certificate with CN avi@atomicinc.com is near expiry"
[STDERR  ] 2018-03-05T15:02:11.251394610Z: Process init image: linuxkit/runc:7c39a68490a12cde830e1922f171c451fb08e731
[STDERR  ] 2018-03-05T15:02:12.190035060Z: time="2018-03-05T15:02:12Z" level=warning msg="certificate with CN Ian Campbell is near expiry"
[STDERR  ] 2018-03-05T15:02:12.190233541Z: time="2018-03-05T15:02:12Z" level=warning msg="certificate with CN Justin Cormack is near expiry"
[STDERR  ] 2018-03-05T15:02:12.190734156Z: time="2018-03-05T15:02:12Z" level=warning msg="certificate with CN  is near expiry"
[STDERR  ] 2018-03-05T15:02:12.190906705Z: time="2018-03-05T15:02:12Z" level=warning msg="certificate with CN  is near expiry"
[STDERR  ] 2018-03-05T15:02:12.191107667Z: time="2018-03-05T15:02:12Z" level=warning msg="certificate with CN avi@atomicinc.com is near expiry"
[STDERR  ] 2018-03-05T15:02:12.198684951Z: time="2018-03-05T15:02:12Z" level=warning msg="certificate with CN Justin Cormack is near expiry"
[STDERR  ] 2018-03-05T15:02:12.200914366Z: time="2018-03-05T15:02:12Z" level=warning msg="certificate with CN Ian Campbell is near expiry"
[STDERR  ] 2018-03-05T15:02:12.201587209Z: time="2018-03-05T15:02:12Z" level=warning msg="certificate with CN  is near expiry"
[STDERR  ] 2018-03-05T15:02:12.842340757Z: Add onboot containers:
[STDERR  ] 2018-03-05T15:02:12.842445885Z:   Create OCI config for linuxkit/test-kernel-config:f658811da20f069f71a863ba9469b4a2ae8910e1
[STDERR  ] 2018-03-05T15:02:13.818488969Z: time="2018-03-05T15:02:13Z" level=warning msg="certificate with CN Justin Cormack is near expiry"
[STDERR  ] 2018-03-05T15:02:13.818806635Z: time="2018-03-05T15:02:13Z" level=warning msg="certificate with CN Rolf Neugebauer is near expiry"
[STDERR  ] 2018-03-05T15:02:13.818956211Z: time="2018-03-05T15:02:13Z" level=warning msg="certificate with CN  is near expiry"
[STDERR  ] 2018-03-05T15:02:13.819114316Z: time="2018-03-05T15:02:13Z" level=warning msg="certificate with CN  is near expiry"
[STDERR  ] 2018-03-05T15:02:13.819276487Z: time="2018-03-05T15:02:13Z" level=warning msg="certificate with CN avi@atomicinc.com is near expiry"
[STDERR  ] 2018-03-05T15:02:13.819445541Z: time="2018-03-05T15:02:13Z" level=warning msg="certificate with CN Ian Campbell is near expiry"
[STDERR  ] 2018-03-05T15:02:13.821086322Z: time="2018-03-05T15:02:13Z" level=warning msg="certificate with CN Justin Cormack is near expiry"
[STDERR  ] 2018-03-05T15:02:13.824335145Z: time="2018-03-05T15:02:13Z" level=warning msg="certificate with CN Rolf Neugebauer is near expiry"
[STDERR  ] 2018-03-05T15:02:13.826627698Z: time="2018-03-05T15:02:13Z" level=warning msg="certificate with CN  is near expiry"
[STDERR  ] 2018-03-05T15:02:13.826780925Z: time="2018-03-05T15:02:13Z" level=warning msg="certificate with CN Ian Campbell is near expiry"
[STDERR  ] 2018-03-05T15:02:14.601309995Z:   Create OCI config for linuxkit/poweroff:f9a0a5e52fd2a97908bda33db2afffafe4a6a67d
[STDERR  ] 2018-03-05T15:02:15.588252827Z: time="2018-03-05T15:02:15Z" level=warning msg="certificate with CN Rolf Neugebauer is near expiry"
[STDERR  ] 2018-03-05T15:02:15.588330031Z: time="2018-03-05T15:02:15Z" level=warning msg="certificate with CN  is near expiry"
[STDERR  ] 2018-03-05T15:02:15.588497348Z: time="2018-03-05T15:02:15Z" level=warning msg="certificate with CN  is near expiry"
[STDERR  ] 2018-03-05T15:02:15.588648615Z: time="2018-03-05T15:02:15Z" level=warning msg="certificate with CN avi@atomicinc.com is near expiry"
[STDERR  ] 2018-03-05T15:02:15.588823795Z: time="2018-03-05T15:02:15Z" level=warning msg="certificate with CN Ian Campbell is near expiry"
[STDERR  ] 2018-03-05T15:02:15.588996994Z: time="2018-03-05T15:02:15Z" level=warning msg="certificate with CN Justin Cormack is near expiry"
[STDERR  ] 2018-03-05T15:02:15.590790774Z: time="2018-03-05T15:02:15Z" level=warning msg="certificate with CN Rolf Neugebauer is near expiry"
[STDERR  ] 2018-03-05T15:02:15.591644099Z: time="2018-03-05T15:02:15Z" level=warning msg="certificate with CN  is near expiry"
[STDERR  ] 2018-03-05T15:02:15.591816373Z: time="2018-03-05T15:02:15Z" level=warning msg="certificate with CN Ian Campbell is near expiry"
[STDERR  ] 2018-03-05T15:02:16.119373802Z: Create outputs:
[STDERR  ] 2018-03-05T15:02:20.380335828Z:   kconfig-kernel kconfig-initrd.img kconfig-cmdline
[STDERR  ] 2018-03-05T15:02:20.489303635Z: + linuxkit run kconfig
[STDERR  ] 2018-03-05T15:03:07.214336819Z: + RESULT=[    0.000000] Linux version 4.9.85-linuxkit (root@52de3c28e886) (gcc version 6.4.0 (Alpine 6.4.0) ) #1 SMP Wed Feb 28 11:34:44 UTC 2018
[STDERR  ] 2018-03-05T15:03:07.214427771Z: [    0.000000] Command line: console=ttyS0 console=ttyAMA0
[STDERR  ] 2018-03-05T15:03:07.214446314Z: [    0.000000] x86/fpu: Legacy x87 FPU detected.
[STDERR  ] 2018-03-05T15:03:07.214463557Z: [    0.000000] x86/fpu: Using 'eager' FPU context switches.
[STDERR  ] 2018-03-05T15:03:07.214480025Z: [    0.000000] e820: BIOS-provided physical RAM map:
[STDERR  ] 2018-03-05T15:03:07.214496919Z: [    0.000000] BIOS-e820: [mem 0x0000000000000000-0x000000000009fbff] usable
[STDERR  ] 2018-03-05T15:03:07.214513704Z: [    0.000000] BIOS-e820: [mem 0x000000000009fc00-0x000000000009ffff] reserved
[STDERR  ] 2018-03-05T15:03:07.214529634Z: [    0.000000] BIOS-e820: [mem 0x00000000000f0000-0x00000000000fffff] reserved
[STDERR  ] 2018-03-05T15:03:07.214545849Z: [    0.000000] BIOS-e820: [mem 0x0000000000100000-0x000000003ffdefff] usable
[STDERR  ] 2018-03-05T15:03:07.214562152Z: [    0.000000] BIOS-e820: [mem 0x000000003ffdf000-0x000000003fffffff] reserved
[STDERR  ] 2018-03-05T15:03:07.214578327Z: [    0.000000] BIOS-e820: [mem 0x00000000b0000000-0x00000000bfffffff] reserved
[STDERR  ] 2018-03-05T15:03:07.214597436Z: [    0.000000] BIOS-e820: [mem 0x00000000fed1c000-0x00000000fed1ffff] reserved
[STDERR  ] 2018-03-05T15:03:07.214613148Z: [    0.000000] BIOS-e820: [mem 0x00000000fffc0000-0x00000000ffffffff] reserved
[STDERR  ] 2018-03-05T15:03:07.214628643Z: [    0.000000] NX (Execute Disable) protection: active
[STDERR  ] 2018-03-05T15:03:07.214645157Z: [    0.000000] SMBIOS 2.8 present.
[STDERR  ] 2018-03-05T15:03:07.214661225Z: [    0.000000] Kernel/User page tables isolation: disabled
[STDERR  ] 2018-03-05T15:03:07.214677360Z: [    0.000000] e820: last_pfn = 0x3ffdf max_arch_pfn = 0x400000000
[STDERR  ] 2018-03-05T15:03:07.214693519Z: [    0.000000] x86/PAT: Configuration [0-7]: WB  WC  UC- UC  WB  WC  UC- WT  
[STDERR  ] 2018-03-05T15:03:07.214709776Z: [    0.000000] found SMP MP-table at [mem 0x000f6aa0-0x000f6aaf] mapped at [ffff9b40000f6aa0]
[STDERR  ] 2018-03-05T15:03:07.214725892Z: [    0.000000] RAMDISK: [mem 0x3e7f0000-0x3ffcffff]
[STDERR  ] 2018-03-05T15:03:07.214741453Z: [    0.000000] ACPI: Early table checksum verification disabled
[STDERR  ] 2018-03-05T15:03:07.214757016Z: [    0.000000] ACPI: RSDP 0x00000000000F68C0 000014 (v00 BOCHS )
[STDERR  ] 2018-03-05T15:03:07.214773314Z: [    0.000000] ACPI: RSDT 0x000000003FFE2404 000034 (v01 BOCHS  BXPCRSDT 00000001 BXPC 00000001)
[STDERR  ] 2018-03-05T15:03:07.214789693Z: [    0.000000] ACPI: FACP 0x000000003FFE22A4 000074 (v01 BOCHS  BXPCFACP 00000001 BXPC 00000001)
[STDERR  ] 2018-03-05T15:03:07.214807596Z: [    0.000000] ACPI: DSDT 0x000000003FFE0040 002264 (v01 BOCHS  BXPCDSDT 00000001 BXPC 00000001)
[STDERR  ] 2018-03-05T15:03:07.214823685Z: [    0.000000] ACPI: FACS 0x000000003FFE0000 000040
[STDERR  ] 2018-03-05T15:03:07.214845186Z: [    0.000000] ACPI: APIC 0x000000003FFE2318 000078 (v01 BOCHS  BXPCAPIC 00000001 BXPC 00000001)
[STDERR  ] 2018-03-05T15:03:07.214864120Z: [    0.000000] ACPI: HPET 0x000000003FFE2390 000038 (v01 BOCHS  BXPCHPET 00000001 BXPC 00000001)
[STDERR  ] 2018-03-05T15:03:07.214880426Z: [    0.000000] ACPI: MCFG 0x000000003FFE23C8 00003C (v01 BOCHS  BXPCMCFG 00000001 BXPC 00000001)
[STDERR  ] 2018-03-05T15:03:07.214896977Z: [    0.000000] Zone ranges:
[STDERR  ] 2018-03-05T15:03:07.214913442Z: [    0.000000]   DMA      [mem 0x0000000000001000-0x0000000000ffffff]
[STDERR  ] 2018-03-05T15:03:07.214929969Z: [    0.000000]   DMA32    [mem 0x0000000001000000-0x000000003ffdefff]
[STDERR  ] 2018-03-05T15:03:07.214946025Z: [    0.000000]   Normal   empty
[STDERR  ] 2018-03-05T15:03:07.214961927Z: [    0.000000] Movable zone start for each node
[STDERR  ] 2018-03-05T15:03:07.214977561Z: [    0.000000] Early memory node ranges
[STDERR  ] 2018-03-05T15:03:07.214995339Z: [    0.000000]   node   0: [mem 0x0000000000001000-0x000000000009efff]
[STDERR  ] 2018-03-05T15:03:07.215020672Z: [    0.000000]   node   0: [mem 0x0000000000100000-0x000000003ffdefff]
[STDERR  ] 2018-03-05T15:03:07.215062271Z: [    0.000000] Initmem setup node 0 [mem 0x0000000000001000-0x000000003ffdefff]
[STDERR  ] 2018-03-05T15:03:07.215082969Z: [    0.000000] ACPI: PM-Timer IO Port: 0x608
[STDERR  ] 2018-03-05T15:03:07.215098975Z: [    0.000000] ACPI: LAPIC_NMI (acpi_id[0xff] dfl dfl lint[0x1])
[STDERR  ] 2018-03-05T15:03:07.215115032Z: [    0.000000] IOAPIC[0]: apic_id 0, version 32, address 0xfec00000, GSI 0-23
[STDERR  ] 2018-03-05T15:03:07.215131320Z: [    0.000000] ACPI: INT_SRC_OVR (bus 0 bus_irq 0 global_irq 2 dfl dfl)
[STDERR  ] 2018-03-05T15:03:07.215149564Z: [    0.000000] ACPI: INT_SRC_OVR (bus 0 bus_irq 5 global_irq 5 high level)
[STDERR  ] 2018-03-05T15:03:07.215165806Z: [    0.000000] ACPI: INT_SRC_OVR (bus 0 bus_irq 9 global_irq 9 high level)
[STDERR  ] 2018-03-05T15:03:07.215183918Z: [    0.000000] ACPI: INT_SRC_OVR (bus 0 bus_irq 10 global_irq 10 high level)
[STDERR  ] 2018-03-05T15:03:07.215204888Z: [    0.000000] ACPI: INT_SRC_OVR (bus 0 bus_irq 11 global_irq 11 high level)
[STDERR  ] 2018-03-05T15:03:07.215220827Z: [    0.000000] Using ACPI (MADT) for SMP configuration information
[STDERR  ] 2018-03-05T15:03:07.215236432Z: [    0.000000] ACPI: HPET id: 0x8086a201 base: 0xfed00000
[STDERR  ] 2018-03-05T15:03:07.215251684Z: [    0.000000] smpboot: Allowing 1 CPUs, 0 hotplug CPUs
[STDERR  ] 2018-03-05T15:03:07.215266121Z: [    0.000000] e820: [mem 0x40000000-0xafffffff] available for PCI devices
[STDERR  ] 2018-03-05T15:03:07.215280630Z: [    0.000000] Booting paravirtualized kernel on bare hardware
[STDERR  ] 2018-03-05T15:03:07.215295958Z: [    0.000000] clocksource: refined-jiffies: mask: 0xffffffff max_cycles: 0xffffffff, max_idle_ns: 19112604462750000 ns
[STDERR  ] 2018-03-05T15:03:07.215311178Z: [    0.000000] setup_percpu: NR_CPUS:128 nr_cpumask_bits:128 nr_cpu_ids:1 nr_node_ids:1
[STDERR  ] 2018-03-05T15:03:07.215326062Z: [    0.000000] percpu: Embedded 36 pages/cpu @ffff9b403e400000 s106904 r8192 d32360 u2097152
[STDERR  ] 2018-03-05T15:03:07.215340954Z: [    0.000000] Built 1 zonelists in Zone order, mobility grouping on.  Total pages: 257896
[STDERR  ] 2018-03-05T15:03:07.215356083Z: [    0.000000] Kernel command line: console=ttyS0 console=ttyAMA0
[STDERR  ] 2018-03-05T15:03:07.215374003Z: [    0.000000] PID hash table entries: 4096 (order: 3, 32768 bytes)
[STDERR  ] 2018-03-05T15:03:07.215389134Z: [    0.000000] Dentry cache hash table entries: 131072 (order: 8, 1048576 bytes)
[STDERR  ] 2018-03-05T15:03:07.215404405Z: [    0.000000] Inode-cache hash table entries: 65536 (order: 7, 524288 bytes)
[STDERR  ] 2018-03-05T15:03:07.215419196Z: [    0.000000] Memory: 989676K/1048052K available (8056K kernel code, 1391K rwdata, 2700K rodata, 1404K init, 564K bss, 58376K reserved, 0K cma-reserved)
[STDERR  ] 2018-03-05T15:03:07.215434392Z: [    0.000000] Hierarchical RCU implementation.
[STDERR  ] 2018-03-05T15:03:07.215448759Z: [    0.000000] 	Build-time adjustment of leaf fanout to 64.
[STDERR  ] 2018-03-05T15:03:07.215463059Z: [    0.000000] 	RCU restricting CPUs from NR_CPUS=128 to nr_cpu_ids=1.
[STDERR  ] 2018-03-05T15:03:07.215477420Z: [    0.000000] RCU: Adjusting geometry for rcu_fanout_leaf=64, nr_cpu_ids=1
[STDERR  ] 2018-03-05T15:03:07.215494232Z: [    0.000000] NR_IRQS:8448 nr_irqs:256 16
[STDERR  ] 2018-03-05T15:03:07.215508592Z: [    0.000000] Console: colour VGA+ 80x25
[STDERR  ] 2018-03-05T15:03:07.215522771Z: [    0.000000] console [ttyS0] enabled
[STDERR  ] 2018-03-05T15:03:07.215536881Z: [    0.000000] clocksource: hpet: mask: 0xffffffff max_cycles: 0xffffffff, max_idle_ns: 19112604467 ns
[STDERR  ] 2018-03-05T15:03:07.215552299Z: [    0.000000] tsc: Fast TSC calibration using PIT
[STDERR  ] 2018-03-05T15:03:07.215567268Z: [    0.000000] tsc: Detected 2300.106 MHz processor
[STDERR  ] 2018-03-05T15:03:07.215581903Z: [    0.011333] Calibrating delay loop (skipped), value calculated using timer frequency.. 4600.21 BogoMIPS (lpj=23001060)
[STDERR  ] 2018-03-05T15:03:07.215598088Z: [    0.012402] pid_max: default: 32768 minimum: 301
[STDERR  ] 2018-03-05T15:03:07.215617487Z: [    0.020273] ACPI: Core revision 20160831
[STDERR  ] 2018-03-05T15:03:07.215635738Z: [    0.065320] ACPI: 1 ACPI AML tables successfully acquired and loaded
[STDERR  ] 2018-03-05T15:03:07.215650864Z: [    0.068431] Security Framework initialized
[STDERR  ] 2018-03-05T15:03:07.215666308Z: [    0.068832] Yama: becoming mindful.
[STDERR  ] 2018-03-05T15:03:07.215688548Z: [    0.070852] Mount-cache hash table entries: 2048 (order: 2, 16384 bytes)
[STDERR  ] 2018-03-05T15:03:07.215704823Z: [    0.071481] Mountpoint-cache hash table entries: 2048 (order: 2, 16384 bytes)
[STDERR  ] 2018-03-05T15:03:07.215727240Z: [    0.094723] Last level iTLB entries: 4KB 0, 2MB 0, 4MB 0
[STDERR  ] 2018-03-05T15:03:07.215743905Z: [    0.095175] Last level dTLB entries: 4KB 0, 2MB 0, 4MB 0, 1GB 0
[STDERR  ] 2018-03-05T15:03:07.215759259Z: [    0.095709] Spectre V2 : Spectre mitigation: LFENCE not serializing, switching to generic retpoline
[STDERR  ] 2018-03-05T15:03:07.215776863Z: [    0.096408] Spectre V2 : Vulnerable: Minimal generic ASM retpoline
[STDERR  ] 2018-03-05T15:03:07.215792868Z: [    0.096905] Spectre V2 : Spectre v2 mitigation: Filling RSB on context switch
[STDERR  ] 2018-03-05T15:03:07.215807954Z: [    0.432872] Freeing SMP alternatives memory: 20K
[STDERR  ] 2018-03-05T15:03:07.215823450Z: [    0.441776] ftrace: allocating 35569 entries in 139 pages
[STDERR  ] 2018-03-05T15:03:07.215839895Z: [    0.601024] smpboot: Max logical packages: 1
[STDERR  ] 2018-03-05T15:03:07.215854951Z: [    0.606425] ..TIMER: vector=0x30 apic1=0 pin1=2 apic2=-1 pin2=-1
[STDERR  ] 2018-03-05T15:03:07.215870007Z: [    0.710000] smpboot: CPU0: AMD QEMU Virtual CPU version 2.5+ (family: 0x6, model: 0x6, stepping: 0x3)
[STDERR  ] 2018-03-05T15:03:07.215886405Z: [    0.710000] Performance Events: PMU not available due to virtualization, using software events only.
[STDERR  ] 2018-03-05T15:03:07.215903072Z: [    0.717883] NMI watchdog: disabled (cpu0): hardware events not enabled
[STDERR  ] 2018-03-05T15:03:07.215918606Z: [    0.718373] NMI watchdog: Shutting down hard lockup detector on all cpus
[STDERR  ] 2018-03-05T15:03:07.215933551Z: [    0.720843] x86: Booted up 1 node, 1 CPUs
[STDERR  ] 2018-03-05T15:03:07.215949116Z: [    0.721222] smpboot: Total of 1 processors activated (4600.21 BogoMIPS)
[STDERR  ] 2018-03-05T15:03:07.215964281Z: [    0.735500] devtmpfs: initialized
[STDERR  ] 2018-03-05T15:03:07.215980045Z: [    0.740390] x86/mm: Memory block size: 128MB
[STDERR  ] 2018-03-05T15:03:07.215995599Z: [    0.802251] clocksource: jiffies: mask: 0xffffffff max_cycles: 0xffffffff, max_idle_ns: 19112604462750000 ns
[STDERR  ] 2018-03-05T15:03:07.216012754Z: [    0.803146] futex hash table entries: 256 (order: 2, 16384 bytes)
[STDERR  ] 2018-03-05T15:03:07.216027694Z: [    0.813504] NET: Registered protocol family 16
[STDERR  ] 2018-03-05T15:03:07.216042768Z: [    0.822904] cpuidle: using governor ladder
[STDERR  ] 2018-03-05T15:03:07.216058962Z: [    0.823340] cpuidle: using governor menu
[STDERR  ] 2018-03-05T15:03:07.216074315Z: [    0.824411] ACPI: bus type PCI registered
[STDERR  ] 2018-03-05T15:03:07.216096998Z: [    0.827117] PCI: MMCONFIG for domain 0000 [bus 00-ff] at [mem 0xb0000000-0xbfffffff] (base 0xb0000000)
[STDERR  ] 2018-03-05T15:03:07.216115278Z: [    0.827907] PCI: MMCONFIG at [mem 0xb0000000-0xbfffffff] reserved in E820
[STDERR  ] 2018-03-05T15:03:07.216130646Z: [    0.829303] PCI: Using configuration type 1 for base access
[STDERR  ] 2018-03-05T15:03:07.216145699Z: [    0.886159] HugeTLB registered 2 MB page size, pre-allocated 0 pages
[STDERR  ] 2018-03-05T15:03:07.216160864Z: [    0.897281] ACPI: Added _OSI(Module Device)
[STDERR  ] 2018-03-05T15:03:07.216176458Z: [    0.897625] ACPI: Added _OSI(Processor Device)
[STDERR  ] 2018-03-05T15:03:07.216191442Z: [    0.897942] ACPI: Added _OSI(3.0 _SCP Extensions)
[STDERR  ] 2018-03-05T15:03:07.216207146Z: [    0.898270] ACPI: Added _OSI(Processor Aggregator Device)
[STDERR  ] 2018-03-05T15:03:07.216228918Z: [    0.974129] ACPI: Interpreter enabled
[STDERR  ] 2018-03-05T15:03:07.216244086Z: [    0.974933] ACPI: (supports S0 S5)
[STDERR  ] 2018-03-05T15:03:07.216264074Z: [    0.975240] ACPI: Using IOAPIC for interrupt routing
[STDERR  ] 2018-03-05T15:03:07.216279838Z: [    0.977127] PCI: Using host bridge windows from ACPI; if necessary, use "pci=nocrs" and report a bug
[STDERR  ] 2018-03-05T15:03:07.216295922Z: [    1.041962] ACPI: PCI Root Bridge [PCI0] (domain 0000 [bus 00-ff])
[STDERR  ] 2018-03-05T15:03:07.216311054Z: [    1.042897] acpi PNP0A08:00: _OSC: OS supports [ExtendedConfig ASPM ClockPM Segments MSI]
[STDERR  ] 2018-03-05T15:03:07.216328698Z: [    1.048523] acpi PNP0A08:00: _OSC: OS now controls [PCIeHotplug PME PCIeCapability]
[STDERR  ] 2018-03-05T15:03:07.216344534Z: [    1.052322] PCI host bridge to bus 0000:00
[STDERR  ] 2018-03-05T15:03:07.216369191Z: [    1.052759] pci_bus 0000:00: root bus resource [io  0x0000-0x0cf7 window]
[STDERR  ] 2018-03-05T15:03:07.216385588Z: [    1.053336] pci_bus 0000:00: root bus resource [io  0x0d00-0xffff window]
[STDERR  ] 2018-03-05T15:03:07.216401292Z: [    1.053811] pci_bus 0000:00: root bus resource [mem 0x000a0000-0x000bffff window]
[STDERR  ] 2018-03-05T15:03:07.216421743Z: [    1.054321] pci_bus 0000:00: root bus resource [mem 0xc0000000-0xfebfffff window]
[STDERR  ] 2018-03-05T15:03:07.216442756Z: [    1.054949] pci_bus 0000:00: root bus resource [bus 00-ff]
[STDERR  ] 2018-03-05T15:03:07.216464115Z: [    1.161599] pci 0000:00:1f.0: quirk: [io  0x0600-0x067f] claimed by ICH6 ACPI/GPIO/TCO
[STDERR  ] 2018-03-05T15:03:07.216480112Z: [    1.222232] ACPI: PCI Interrupt Link [LNKA] (IRQs 5 *10 11)
[STDERR  ] 2018-03-05T15:03:07.216495843Z: [    1.224231] ACPI: PCI Interrupt Link [LNKB] (IRQs 5 *10 11)
[STDERR  ] 2018-03-05T15:03:07.216511483Z: [    1.225938] ACPI: PCI Interrupt Link [LNKC] (IRQs 5 10 *11)
[STDERR  ] 2018-03-05T15:03:07.216527125Z: [    1.227648] ACPI: PCI Interrupt Link [LNKD] (IRQs 5 10 *11)
[STDERR  ] 2018-03-05T15:03:07.216542546Z: [    1.229352] ACPI: PCI Interrupt Link [LNKE] (IRQs 5 *10 11)
[STDERR  ] 2018-03-05T15:03:07.216558182Z: [    1.231301] ACPI: PCI Interrupt Link [LNKF] (IRQs 5 *10 11)
[STDERR  ] 2018-03-05T15:03:07.216573675Z: [    1.232976] ACPI: PCI Interrupt Link [LNKG] (IRQs 5 10 *11)
[STDERR  ] 2018-03-05T15:03:07.216589008Z: [    1.234637] ACPI: PCI Interrupt Link [LNKH] (IRQs 5 10 *11)
[STDERR  ] 2018-03-05T15:03:07.216604517Z: [    1.235392] ACPI: PCI Interrupt Link [GSIA] (IRQs *16)
[STDERR  ] 2018-03-05T15:03:07.216620050Z: [    1.235941] ACPI: PCI Interrupt Link [GSIB] (IRQs *17)
[STDERR  ] 2018-03-05T15:03:07.216635852Z: [    1.236482] ACPI: PCI Interrupt Link [GSIC] (IRQs *18)
[STDERR  ] 2018-03-05T15:03:07.216651257Z: [    1.237015] ACPI: PCI Interrupt Link [GSID] (IRQs *19)
[STDERR  ] 2018-03-05T15:03:07.216672663Z: [    1.237560] ACPI: PCI Interrupt Link [GSIE] (IRQs *20)
[STDERR  ] 2018-03-05T15:03:07.216688175Z: [    1.238098] ACPI: PCI Interrupt Link [GSIF] (IRQs *21)
[STDERR  ] 2018-03-05T15:03:07.216709097Z: [    1.238637] ACPI: PCI Interrupt Link [GSIG] (IRQs *22)
[STDERR  ] 2018-03-05T15:03:07.216724790Z: [    1.239177] ACPI: PCI Interrupt Link [GSIH] (IRQs *23)
[STDERR  ] 2018-03-05T15:03:07.216740211Z: [    1.242835] ACPI: Enabled 2 GPEs in block 00 to 3F
[STDERR  ] 2018-03-05T15:03:07.216755725Z: [    1.246728] SCSI subsystem initialized
[STDERR  ] 2018-03-05T15:03:07.216771323Z: [    1.248467] ACPI: bus type USB registered
[STDERR  ] 2018-03-05T15:03:07.216787073Z: [    1.249507] usbcore: registered new interface driver usbfs
[STDERR  ] 2018-03-05T15:03:07.216802868Z: [    1.250402] usbcore: registered new interface driver hub
[STDERR  ] 2018-03-05T15:03:07.216818409Z: [    1.251162] usbcore: registered new device driver usb
[STDERR  ] 2018-03-05T15:03:07.216834070Z: [    1.252258] pps_core: LinuxPPS API ver. 1 registered
[STDERR  ] 2018-03-05T15:03:07.216850673Z: [    1.252575] pps_core: Software ver. 5.3.6 - Copyright 2005-2007 Rodolfo Giometti <giometti@linux.it>
[STDERR  ] 2018-03-05T15:03:07.216872436Z: [    1.253229] PTP clock support registered
[STDERR  ] 2018-03-05T15:03:07.216888238Z: [    1.254866] PCI: Using ACPI for IRQ routing
[STDERR  ] 2018-03-05T15:03:07.216907868Z: [    1.273495] NetLabel: Initializing
[STDERR  ] 2018-03-05T15:03:07.216923551Z: [    1.273714] NetLabel:  domain hash size = 128
[STDERR  ] 2018-03-05T15:03:07.216939288Z: [    1.273943] NetLabel:  protocols = UNLABELED CIPSOv4
[STDERR  ] 2018-03-05T15:03:07.216955158Z: [    1.275656] NetLabel:  unlabeled traffic allowed by default
[STDERR  ] 2018-03-05T15:03:07.216971070Z: [    1.276340] wmi: Mapper loaded
[STDERR  ] 2018-03-05T15:03:07.216987479Z: [    1.277039] HPET: 3 timers in total, 0 timers will be used for per-cpu timer
[STDERR  ] 2018-03-05T15:03:07.217003375Z: [    1.277646] hpet0: at MMIO 0xfed00000, IRQs 2, 8, 0
[STDERR  ] 2018-03-05T15:03:07.217026956Z: [    1.278072] hpet0: 3 comparators, 64-bit 100.000000 MHz counter
[STDERR  ] 2018-03-05T15:03:07.217042708Z: [    1.284760] clocksource: Switched to clocksource hpet
[STDERR  ] 2018-03-05T15:03:07.217058622Z: [    1.549931] VFS: Disk quotas dquot_6.6.0
[STDERR  ] 2018-03-05T15:03:07.217074362Z: [    1.550846] VFS: Dquot-cache hash table entries: 512 (order 0, 4096 bytes)
[STDERR  ] 2018-03-05T15:03:07.217090170Z: [    1.553316] FS-Cache: Loaded
[STDERR  ] 2018-03-05T15:03:07.217106611Z: [    1.558043] CacheFiles: Loaded
[STDERR  ] 2018-03-05T15:03:07.217122701Z: [    1.559567] pnp: PnP ACPI init
[STDERR  ] 2018-03-05T15:03:07.217138463Z: [    1.571342] pnp: PnP ACPI: found 5 devices
[STDERR  ] 2018-03-05T15:03:07.217154422Z: [    1.622398] clocksource: acpi_pm: mask: 0xffffff max_cycles: 0xffffff, max_idle_ns: 2085701024 ns
[STDERR  ] 2018-03-05T15:03:07.217170741Z: [    1.624968] NET: Registered protocol family 2
[STDERR  ] 2018-03-05T15:03:07.217186419Z: [    1.632792] TCP established hash table entries: 8192 (order: 4, 65536 bytes)
[STDERR  ] 2018-03-05T15:03:07.217205509Z: [    1.633402] TCP bind hash table entries: 8192 (order: 5, 131072 bytes)
[STDERR  ] 2018-03-05T15:03:07.217221614Z: [    1.633960] TCP: Hash tables configured (established 8192 bind 8192)
[STDERR  ] 2018-03-05T15:03:07.217237349Z: [    1.635753] UDP hash table entries: 512 (order: 2, 16384 bytes)
[STDERR  ] 2018-03-05T15:03:07.217258702Z: [    1.636202] UDP-Lite hash table entries: 512 (order: 2, 16384 bytes)
[STDERR  ] 2018-03-05T15:03:07.217274698Z: [    1.638287] NET: Registered protocol family 1
[STDERR  ] 2018-03-05T15:03:07.217290472Z: [    1.639117] pci 0000:00:01.0: Video device with shadowed ROM at [mem 0x000c0000-0x000dffff]
[STDERR  ] 2018-03-05T15:03:07.217307114Z: [    1.645934] Unpacking initramfs...
[STDERR  ] 2018-03-05T15:03:07.217328373Z: [    5.737228] Freeing initrd memory: 24448K
[STDERR  ] 2018-03-05T15:03:07.217344133Z: [    5.761291] PCLMULQDQ-NI instructions are not detected.
[STDERR  ] 2018-03-05T15:03:07.219895755Z: [    5.762406] AVX or AES-NI instructions are not detected.
[STDERR  ] 2018-03-05T15:03:07.219937434Z: [    5.762832] CPU feature 'AVX registers' is not supported.
[STDERR  ] 2018-03-05T15:03:07.219954445Z: [    5.763210] CPU feature 'AVX registers' is not supported.
[STDERR  ] 2018-03-05T15:03:07.219972141Z: [    5.763576] CPU feature 'AVX registers' is not supported.
[STDERR  ] 2018-03-05T15:03:07.219988132Z: [    5.763939] CPU feature 'AVX registers' is not supported.
[STDERR  ] 2018-03-05T15:03:07.220005820Z: [    5.764304] AVX2 or AES-NI instructions are not detected.
[STDERR  ] 2018-03-05T15:03:07.220024163Z: [    5.764674] AVX2 instructions are not detected.
[STDERR  ] 2018-03-05T15:03:07.220166092Z: [    5.772031] audit: initializing netlink subsys (disabled)
[STDERR  ] 2018-03-05T15:03:07.220189850Z: [    5.773837] audit: type=2000 audit(1520262146.770:1): initialized
[STDERR  ] 2018-03-05T15:03:07.220284795Z: [    5.781835] workingset: timestamp_bits=46 max_order=18 bucket_order=0
[STDERR  ] 2018-03-05T15:03:07.220303943Z: [    5.788470] squashfs: version 4.0 (2009/01/31) Phillip Lougher
[STDERR  ] 2018-03-05T15:03:07.220321303Z: [    5.791081] FS-Cache: Netfs 'cifs' registered for caching
[STDERR  ] 2018-03-05T15:03:07.220347063Z: [    5.791947] fuse init (API version 7.26)
[STDERR  ] 2018-03-05T15:03:07.220481514Z: [    5.794075] SGI XFS with ACLs, security attributes, no debug enabled
[STDERR  ] 2018-03-05T15:03:07.220506007Z: [    5.798274] 9p: Installing v9fs 9p2000 file system support
[STDERR  ] 2018-03-05T15:03:07.220524241Z: [    5.798729] FS-Cache: Netfs '9p' registered for caching
[STDERR  ] 2018-03-05T15:03:07.220552616Z: [    5.839003] NET: Registered protocol family 38
[STDERR  ] 2018-03-05T15:03:07.220642285Z: [    5.839510] Key type asymmetric registered
[STDERR  ] 2018-03-05T15:03:07.220659816Z: [    5.839830] Asymmetric key parser 'x509' registered
[STDERR  ] 2018-03-05T15:03:07.220675942Z: [    5.841786] Block layer SCSI generic (bsg) driver version 0.4 loaded (major 251)
[STDERR  ] 2018-03-05T15:03:07.220694338Z: [    5.843022] io scheduler noop registered
[STDERR  ] 2018-03-05T15:03:07.220806357Z: [    5.843333] io scheduler deadline registered (default)
[STDERR  ] 2018-03-05T15:03:07.220829971Z: [    5.843982] io scheduler cfq registered
[STDERR  ] 2018-03-05T15:03:07.220846155Z: [    5.846657] pci_hotplug: PCI Hot Plug PCI Core version: 0.5
[STDERR  ] 2018-03-05T15:03:07.220863874Z: [    5.847198] pciehp: PCI Express Hot Plug Controller Driver version: 0.4
[STDERR  ] 2018-03-05T15:03:07.220974487Z: [    5.847932] shpchp: Standard Hot Plug PCI Controller Driver version: 0.4
[STDERR  ] 2018-03-05T15:03:07.220991806Z: [    5.848647] hv_vmbus: registering driver hyperv_fb
[STDERR  ] 2018-03-05T15:03:07.221008449Z: [    5.852416] input: Power Button as /devices/LNXSYSTM:00/LNXPWRBN:00/input/input0
[STDERR  ] 2018-03-05T15:03:07.221026090Z: [    5.853445] ACPI: Power Button [PWRF]
[STDERR  ] 2018-03-05T15:03:07.221042369Z: [    5.858203] GHES: HEST is not enabled!
[STDERR  ] 2018-03-05T15:03:07.221172722Z: [    5.869355] ACPI: PCI Interrupt Link [GSIG] enabled at IRQ 22
[STDERR  ] 2018-03-05T15:03:07.221190783Z: [    5.882795] ACPI: PCI Interrupt Link [GSIH] enabled at IRQ 23
[STDERR  ] 2018-03-05T15:03:07.221207225Z: [    5.886620] xenfs: not registering filesystem on non-xen platform
[STDERR  ] 2018-03-05T15:03:07.221307875Z: [    5.888546] Serial: 8250/16550 driver, 4 ports, IRQ sharing disabled
[STDERR  ] 2018-03-05T15:03:07.221335168Z: [    5.919041] 00:04: ttyS0 at I/O 0x3f8 (irq = 4, base_baud = 115200) is a 16550A
[STDERR  ] 2018-03-05T15:03:07.221353098Z: [    5.929548] Non-volatile memory driver v1.3
[STDERR  ] 2018-03-05T15:03:07.221369608Z: [    5.935513] Hangcheck: starting hangcheck timer 0.9.1 (tick is 180 seconds, margin is 60 seconds).
[STDERR  ] 2018-03-05T15:03:07.221492301Z: [    5.940443] random: fast init done
[STDERR  ] 2018-03-05T15:03:07.221511271Z: [    5.941544] random: crng init done
[STDERR  ] 2018-03-05T15:03:07.221529542Z: [    5.975594] loop: module loaded
[STDERR  ] 2018-03-05T15:03:07.221629545Z: [    5.990359] nbd: registered device at major 43
[STDERR  ] 2018-03-05T15:03:07.221655669Z: [    6.034402] lpc_ich 0000:00:1f.0: I/O space for GPIO uninitialized
[STDERR  ] 2018-03-05T15:03:07.221673725Z: [    6.036087] VMware PVSCSI driver - version 1.0.7.0-k
[STDERR  ] 2018-03-05T15:03:07.221700015Z: [    6.036748] hv_vmbus: registering driver hv_storvsc
[STDERR  ] 2018-03-05T15:03:07.221812739Z: [    6.046905] ACPI: PCI Interrupt Link [GSIA] enabled at IRQ 16
[STDERR  ] 2018-03-05T15:03:07.221835991Z: [    6.053124] ahci 0000:00:1f.2: AHCI 0001.0000 32 slots 6 ports 1.5 Gbps 0x3f impl SATA mode
[STDERR  ] 2018-03-05T15:03:07.221855474Z: [    6.053758] ahci 0000:00:1f.2: flags: 64bit ncq only 
[STDERR  ] 2018-03-05T15:03:07.221871796Z: [    6.074003] scsi host0: ahci
[STDERR  ] 2018-03-05T15:03:07.221974840Z: [    6.077526] scsi host1: ahci
[STDERR  ] 2018-03-05T15:03:07.221993116Z: [    6.079718] scsi host2: ahci
[STDERR  ] 2018-03-05T15:03:07.222010067Z: [    6.082054] scsi host3: ahci
[STDERR  ] 2018-03-05T15:03:07.222027296Z: [    6.084231] scsi host4: ahci
[STDERR  ] 2018-03-05T15:03:07.222044065Z: [    6.086503] scsi host5: ahci
[STDERR  ] 2018-03-05T15:03:07.222169241Z: [    6.088221] ata1: SATA max UDMA/133 abar m4096@0xfebd2000 port 0xfebd2100 irq 24
[STDERR  ] 2018-03-05T15:03:07.222193640Z: [    6.088729] ata2: SATA max UDMA/133 abar m4096@0xfebd2000 port 0xfebd2180 irq 24
[STDERR  ] 2018-03-05T15:03:07.222209930Z: [    6.089176] ata3: SATA max UDMA/133 abar m4096@0xfebd2000 port 0xfebd2200 irq 24
[STDERR  ] 2018-03-05T15:03:07.222310199Z: [    6.089610] ata4: SATA max UDMA/133 abar m4096@0xfebd2000 port 0xfebd2280 irq 24
[STDERR  ] 2018-03-05T15:03:07.222334195Z: [    6.090313] ata5: SATA max UDMA/133 abar m4096@0xfebd2000 port 0xfebd2300 irq 24
[STDERR  ] 2018-03-05T15:03:07.222360802Z: [    6.090764] ata6: SATA max UDMA/133 abar m4096@0xfebd2000 port 0xfebd2380 irq 24
[STDERR  ] 2018-03-05T15:03:07.222377342Z: [    6.103891] tun: Universal TUN/TAP device driver, 1.6
[STDERR  ] 2018-03-05T15:03:07.222495950Z: [    6.104249] tun: (C) 1999-2004 Max Krasnyansky <maxk@qualcomm.com>
[STDERR  ] 2018-03-05T15:03:07.222513387Z: [    6.114675] VMware vmxnet3 virtual NIC driver - version 1.4.a.0-k-NAPI
[STDERR  ] 2018-03-05T15:03:07.222531996Z: [    6.115513] hv_vmbus: registering driver hv_netvsc
[STDERR  ] 2018-03-05T15:03:07.222635463Z: [    6.115859] Fusion MPT base driver 3.04.20
[STDERR  ] 2018-03-05T15:03:07.222661352Z: [    6.116124] Copyright (c) 1999-2008 LSI Corporation
[STDERR  ] 2018-03-05T15:03:07.222677738Z: [    6.116628] Fusion MPT SPI Host driver 3.04.20
[STDERR  ] 2018-03-05T15:03:07.222705496Z: [    6.118491] i8042: PNP: PS/2 Controller [PNP0303:KBD,PNP0f13:MOU] at 0x60,0x64 irq 1,12
[STDERR  ] 2018-03-05T15:03:07.222805316Z: [    6.122716] serio: i8042 KBD port at 0x60,0x64 irq 1
[STDERR  ] 2018-03-05T15:03:07.222822278Z: [    6.123296] serio: i8042 AUX port at 0x60,0x64 irq 12
[STDERR  ] 2018-03-05T15:03:07.222839944Z: [    6.126262] hv_vmbus: registering driver hyperv_keyboard
[STDERR  ] 2018-03-05T15:03:07.222856983Z: [    6.128324] mousedev: PS/2 mouse device common for all mice
[STDERR  ] 2018-03-05T15:03:07.222979484Z: [    6.133245] input: AT Translated Set 2 keyboard as /devices/platform/i8042/serio0/input/input1
[STDERR  ] 2018-03-05T15:03:07.223007740Z: [    6.136090] input: PC Speaker as /devices/platform/pcspkr/input/input2
[STDERR  ] 2018-03-05T15:03:07.223025358Z: [    6.139462] rtc_cmos 00:00: RTC can wake from S4
[STDERR  ] 2018-03-05T15:03:07.223041252Z: [    6.142871] rtc_cmos 00:00: rtc core: registered rtc_cmos as rtc0
[STDERR  ] 2018-03-05T15:03:07.223144324Z: [    6.143929] rtc_cmos 00:00: alarms up to one day, y3k, 114 bytes nvram, hpet irqs
[STDERR  ] 2018-03-05T15:03:07.223162054Z: [    6.144576] i2c /dev entries driver
[STDERR  ] 2018-03-05T15:03:07.223178436Z: [    6.146391] device-mapper: ioctl: 4.35.0-ioctl (2016-06-23) initialised: dm-devel@redhat.com
[STDERR  ] 2018-03-05T15:03:07.223199129Z: [    6.151184] usbcore: registered new interface driver usbhid
[STDERR  ] 2018-03-05T15:03:07.223327314Z: [    6.151576] usbhid: USB HID core driver
[STDERR  ] 2018-03-05T15:03:07.223344183Z: [    6.152089] hv_utils: Registering HyperV Utility Driver
[STDERR  ] 2018-03-05T15:03:07.223362670Z: [    6.152420] hv_vmbus: registering driver hv_util
[STDERR  ] 2018-03-05T15:03:07.223390982Z: [    6.152713] hv_vmbus: registering driver hv_balloon
[STDERR  ] 2018-03-05T15:03:07.223485995Z: [    6.153176] oprofile: using NMI interrupt.
[STDERR  ] 2018-03-05T15:03:07.223503988Z: [    6.154108] GACT probability on
[STDERR  ] 2018-03-05T15:03:07.223522915Z: [    6.154519] Mirror/redirect action on
[STDERR  ] 2018-03-05T15:03:07.223538952Z: [    6.155326] Simple TC action Loaded
[STDERR  ] 2018-03-05T15:03:07.223644032Z: [    6.155832] u32 classifier
[STDERR  ] 2018-03-05T15:03:07.223662845Z: [    6.156016]     Performance counters on
[STDERR  ] 2018-03-05T15:03:07.223679626Z: [    6.156252]     input device check on
[STDERR  ] 2018-03-05T15:03:07.223697646Z: [    6.156481]     Actions configured
[STDERR  ] 2018-03-05T15:03:07.223805664Z: [    6.156973] Netfilter messages via NETLINK v0.30.
[STDERR  ] 2018-03-05T15:03:07.223836791Z: [    6.157444] nfnl_acct: registering with nfnetlink.
[STDERR  ] 2018-03-05T15:03:07.223855236Z: [    6.158731] nf_conntrack version 0.5.0 (8192 buckets, 32768 max)
[STDERR  ] 2018-03-05T15:03:07.223877960Z: [    6.162593] ctnetlink v0.93: registering with nfnetlink.
[STDERR  ] 2018-03-05T15:03:07.223982807Z: [    6.165376] nf_tables: (c) 2007-2009 Patrick McHardy <kaber@trash.net>
[STDERR  ] 2018-03-05T15:03:07.224000834Z: [    6.166263] nf_tables_compat: (c) 2012 Pablo Neira Ayuso <pablo@netfilter.org>
[STDERR  ] 2018-03-05T15:03:07.224018841Z: [    6.168490] xt_time: kernel timezone is -0000
[STDERR  ] 2018-03-05T15:03:07.224035535Z: [    6.168968] ip_set: protocol 6
[STDERR  ] 2018-03-05T15:03:07.224147147Z: [    6.169545] IPVS: Registered protocols (TCP, UDP, SCTP, AH, ESP)
[STDERR  ] 2018-03-05T15:03:07.224165601Z: [    6.170262] IPVS: Connection hash table configured (size=4096, memory=64Kbytes)
[STDERR  ] 2018-03-05T15:03:07.224183105Z: [    6.171925] IPVS: Creating netns size=2104 id=0
[STDERR  ] 2018-03-05T15:03:07.224300687Z: [    6.174565] IPVS: ipvs loaded.
[STDERR  ] 2018-03-05T15:03:07.224327016Z: [    6.174848] IPVS: [rr] scheduler registered.
[STDERR  ] 2018-03-05T15:03:07.224343587Z: [    6.175155] IPVS: [wrr] scheduler registered.
[STDERR  ] 2018-03-05T15:03:07.224360736Z: [    6.175377] IPVS: [lc] scheduler registered.
[STDERR  ] 2018-03-05T15:03:07.224466584Z: [    6.175656] IPVS: [wlc] scheduler registered.
[STDERR  ] 2018-03-05T15:03:07.224500163Z: [    6.175928] IPVS: [fo] scheduler registered.
[STDERR  ] 2018-03-05T15:03:07.224519378Z: [    6.176202] IPVS: [ovf] scheduler registered.
[STDERR  ] 2018-03-05T15:03:07.224536381Z: [    6.176575] IPVS: [lblc] scheduler registered.
[STDERR  ] 2018-03-05T15:03:07.224638089Z: [    6.176952] IPVS: [lblcr] scheduler registered.
[STDERR  ] 2018-03-05T15:03:07.224657076Z: [    6.177258] IPVS: [dh] scheduler registered.
[STDERR  ] 2018-03-05T15:03:07.224674165Z: [    6.177529] IPVS: [sh] scheduler registered.
[STDERR  ] 2018-03-05T15:03:07.224698754Z: [    6.177798] IPVS: [sed] scheduler registered.
[STDERR  ] 2018-03-05T15:03:07.224804642Z: [    6.178071] IPVS: [nq] scheduler registered.
[STDERR  ] 2018-03-05T15:03:07.224824373Z: [    6.178683] IPVS: ftp: loaded support on port[0] = 21
[STDERR  ] 2018-03-05T15:03:07.224840410Z: [    6.179405] ipip: IPv4 and MPLS over IPv4 tunneling driver
[STDERR  ] 2018-03-05T15:03:07.224858270Z: [    6.183700] gre: GRE over IPv4 demultiplexor driver
[STDERR  ] 2018-03-05T15:03:07.224886273Z: [    6.186296] ip_tables: (C) 2000-2006 Netfilter Core Team
[STDERR  ] 2018-03-05T15:03:07.224994008Z: [    6.189355] ipt_CLUSTERIP: ClusterIP Version 0.8 loaded successfully
[STDERR  ] 2018-03-05T15:03:07.225011129Z: [    6.190354] arp_tables: arp_tables: (C) 2002 David S. Miller
[STDERR  ] 2018-03-05T15:03:07.225028108Z: [    6.192725] NET: Registered protocol family 10
[STDERR  ] 2018-03-05T15:03:07.225143624Z: [    6.201997] ip6_tables: (C) 2000-2006 Netfilter Core Team
[STDERR  ] 2018-03-05T15:03:07.225169531Z: [    6.209880] NET: Registered protocol family 17
[STDERR  ] 2018-03-05T15:03:07.225187310Z: [    6.211191] Bridge firewalling registered
[STDERR  ] 2018-03-05T15:03:07.225296518Z: [    6.211668] Ebtables v2.0 registered
[STDERR  ] 2018-03-05T15:03:07.225321877Z: [    6.213456] 8021q: 802.1Q VLAN Support v1.8
[STDERR  ] 2018-03-05T15:03:07.225338785Z: [    6.214830] 9pnet: Installing 9P2000 support
[STDERR  ] 2018-03-05T15:03:07.225360569Z: [    6.216224] Key type dns_resolver registered
[STDERR  ] 2018-03-05T15:03:07.225466681Z: [    6.220613] registered taskstats version 1
[STDERR  ] 2018-03-05T15:03:07.225487069Z: [    6.416610] Key type big_key registered
[STDERR  ] 2018-03-05T15:03:07.225503738Z: [    6.423684] ata2: SATA link down (SStatus 0 SControl 300)
[STDERR  ] 2018-03-05T15:03:07.225520819Z: [    6.425606] ata1: SATA link down (SStatus 0 SControl 300)
[STDERR  ] 2018-03-05T15:03:07.225624835Z: [    6.433174] ata4: SATA link down (SStatus 0 SControl 300)
[STDERR  ] 2018-03-05T15:03:07.225656326Z: [    6.433659] ata5: SATA link down (SStatus 0 SControl 300)
[STDERR  ] 2018-03-05T15:03:07.225675254Z: [    6.434336] ata3: SATA link up 1.5 Gbps (SStatus 113 SControl 300)
[STDERR  ] 2018-03-05T15:03:07.225697976Z: [    6.437842] ata3.00: ATAPI: QEMU DVD-ROM, 2.5+, max UDMA/100
[STDERR  ] 2018-03-05T15:03:07.225798838Z: [    6.438242] ata3.00: applying bridge limits
[STDERR  ] 2018-03-05T15:03:07.225817438Z: [    6.439931] ata3.00: configured for UDMA/100
[STDERR  ] 2018-03-05T15:03:07.225834452Z: [    6.444650] ata6: SATA link down (SStatus 0 SControl 300)
[STDERR  ] 2018-03-05T15:03:07.225851450Z: [    6.456445] scsi 2:0:0:0: CD-ROM            QEMU     QEMU DVD-ROM     2.5+ PQ: 0 ANSI: 5
[STDERR  ] 2018-03-05T15:03:07.225963692Z: [    6.493584] sr 2:0:0:0: [sr0] scsi3-mmc drive: 4x/4x cd/rw xa/form2 tray
[STDERR  ] 2018-03-05T15:03:07.226001428Z: [    6.494188] cdrom: Uniform CD-ROM driver Revision: 3.20
[STDERR  ] 2018-03-05T15:03:07.226017550Z: [    6.504790] sr 2:0:0:0: Attached scsi generic sg0 type 5
[STDERR  ] 2018-03-05T15:03:07.226122133Z: [    6.588290] Key type encrypted registered
[STDERR  ] 2018-03-05T15:03:07.226140493Z: [    6.592892] rtc_cmos 00:00: setting system clock to 2018-03-05 15:02:28 UTC (1520262148)
[STDERR  ] 2018-03-05T15:03:07.226158170Z: [    6.746540] Freeing unused kernel memory: 1404K
[STDERR  ] 2018-03-05T15:03:07.226176994Z: [    6.746936] Write protecting the kernel read-only data: 12288k
[STDERR  ] 2018-03-05T15:03:07.226193313Z: [    6.752581] Freeing unused kernel memory: 120K
[STDERR  ] 2018-03-05T15:03:07.226246485Z: [    6.859806] Freeing unused kernel memory: 1396K
[STDERR  ] 2018-03-05T15:03:07.226264957Z: [    6.860626] tsc: Refined TSC clocksource calibration: 2300.046 MHz
[STDERR  ] 2018-03-05T15:03:07.226281987Z: [    6.861090] clocksource: tsc: mask: 0xffffffffffffffff max_cycles: 0x2127609b296, max_idle_ns: 440795270637 ns
[STDERR  ] 2018-03-05T15:03:07.226299335Z: [    7.880992] clocksource: Switched to clocksource tsc
[STDERR  ] 2018-03-05T15:03:07.226317466Z: 
[STDERR  ] 2018-03-05T15:03:07.226334296Z: Welcome to LinuxKit
[STDERR  ] 2018-03-05T15:03:07.226351524Z: 
[STDERR  ] 2018-03-05T15:03:07.226529841Z:                         ##         .
[STDERR  ] 2018-03-05T15:03:07.226589081Z:                   ## ## ##        ==
[STDERR  ] 2018-03-05T15:03:07.226606640Z:                ## ## ## ## ##    ===
[STDERR  ] 2018-03-05T15:03:07.226624129Z:            /"""""""""""""""""\___/ ===
[STDERR  ] 2018-03-05T15:03:07.226648791Z:           {                       /  ===-
[STDERR  ] 2018-03-05T15:03:07.226667624Z:            \______ O           __/
[STDERR  ] 2018-03-05T15:03:07.226684151Z:              \    \         __/
[STDERR  ] 2018-03-05T15:03:07.226702547Z:               \____\_______/
[STDERR  ] 2018-03-05T15:03:07.226829733Z: 
[STDERR  ] 2018-03-05T15:03:07.226848001Z: [   24.092556] RPC: Registered named UNIX socket transport module.
[STDERR  ] 2018-03-05T15:03:07.226867048Z: [   24.093055] RPC: Registered udp transport module.
[STDERR  ] 2018-03-05T15:03:07.226961850Z: [   24.093370] RPC: Registered tcp transport module.
[STDERR  ] 2018-03-05T15:03:07.226979547Z: [   24.093666] RPC: Registered tcp NFSv4.1 backchannel transport module.
[STDERR  ] 2018-03-05T15:03:07.226996173Z: [   24.215786] FS-Cache: Netfs 'nfs' registered for caching
[STDERR  ] 2018-03-05T15:03:07.227017337Z: [   24.330848] Installing knfsd (copyright (C) 1996 okir@monad.swb.de).
[STDERR  ] 2018-03-05T15:03:07.227034528Z: [   24.392533] ntfs: driver 2.1.32 [Flags: R/O MODULE].
[STDERR  ] 2018-03-05T15:03:07.227184489Z: starting kernel config sanity test with /proc/config.gz
[STDERR  ] 2018-03-05T15:03:07.227272592Z: kernel config test succeeded!
[STDERR  ] 2018-03-05T15:03:07.227332794Z: [37minfo: reading kernel config from /proc/config.gz ...[m
[STDERR  ] 2018-03-05T15:03:07.227489358Z: 
[STDERR  ] 2018-03-05T15:03:07.227511592Z: Generally Necessary:
[STDERR  ] 2018-03-05T15:03:07.227528744Z: - [37mcgroup hierarchy[m: [32mproperly mounted[m [/sys/fs/cgroup]
[STDERR  ] 2018-03-05T15:03:07.227631056Z: - [37mCONFIG_NAMESPACES[m: [32menabled[m
[STDERR  ] 2018-03-05T15:03:07.227655207Z: - [37mCONFIG_NET_NS[m: [32menabled[m
[STDERR  ] 2018-03-05T15:03:07.227679447Z: - [37mCONFIG_PID_NS[m: [32menabled[m
[STDERR  ] 2018-03-05T15:03:07.227701629Z: - [37mCONFIG_IPC_NS[m: [32menabled[m
[STDERR  ] 2018-03-05T15:03:07.227718708Z: - [37mCONFIG_UTS_NS[m: [32menabled[m
[STDERR  ] 2018-03-05T15:03:07.227849253Z: - [37mCONFIG_CGROUPS[m: [32menabled[m
[STDERR  ] 2018-03-05T15:03:07.227924978Z: - [37mCONFIG_CGROUP_CPUACCT[m: [32menabled[m
[STDERR  ] 2018-03-05T15:03:07.227989543Z: - [37mCONFIG_CGROUP_DEVICE[m: [32menabled[m
[STDERR  ] 2018-03-05T15:03:07.228044538Z: - [37mCONFIG_CGROUP_FREEZER[m: [32menabled[m
[STDERR  ] 2018-03-05T15:03:07.228126575Z: - [37mCONFIG_CGROUP_SCHED[m: [32menabled[m
[STDERR  ] 2018-03-05T15:03:07.228183392Z: - [37mCONFIG_CPUSETS[m: [32menabled[m
[STDERR  ] 2018-03-05T15:03:07.228201959Z: - [37mCONFIG_MEMCG[m: [32menabled[m
[STDERR  ] 2018-03-05T15:03:07.228296125Z: - [37mCONFIG_KEYS[m: [32menabled[m
[STDERR  ] 2018-03-05T15:03:07.228351383Z: - [37mCONFIG_VETH[m: [32menabled[m
[STDERR  ] 2018-03-05T15:03:07.228411932Z: - [37mCONFIG_BRIDGE[m: [32menabled[m
[STDERR  ] 2018-03-05T15:03:07.228501101Z: - [37mCONFIG_BRIDGE_NETFILTER[m: [32menabled[m
[STDERR  ] 2018-03-05T15:03:07.228521497Z: - [37mCONFIG_NF_NAT_IPV4[m: [32menabled[m
[STDERR  ] 2018-03-05T15:03:07.228540179Z: - [37mCONFIG_IP_NF_FILTER[m: [32menabled[m
[STDERR  ] 2018-03-05T15:03:07.228561016Z: - [37mCONFIG_IP_NF_TARGET_MASQUERADE[m: [32menabled[m
[STDERR  ] 2018-03-05T15:03:07.228578188Z: - [37mCONFIG_NETFILTER_XT_MATCH_ADDRTYPE[m: [32menabled[m
[STDERR  ] 2018-03-05T15:03:07.228597848Z: - [37mCONFIG_NETFILTER_XT_MATCH_CONNTRACK[m: [32menabled[m
[STDERR  ] 2018-03-05T15:03:07.228614822Z: - [37mCONFIG_NETFILTER_XT_MATCH_IPVS[m: [32menabled[m
[STDERR  ] 2018-03-05T15:03:07.228631310Z: - [37mCONFIG_IP_NF_NAT[m: [32menabled[m
[STDERR  ] 2018-03-05T15:03:07.228649039Z: - [37mCONFIG_NF_NAT[m: [32menabled[m
[STDERR  ] 2018-03-05T15:03:07.228665720Z: - [37mCONFIG_NF_NAT_NEEDED[m: [32menabled[m
[STDERR  ] 2018-03-05T15:03:07.228683488Z: - [37mCONFIG_POSIX_MQUEUE[m: [32menabled[m
[STDERR  ] 2018-03-05T15:03:07.228845205Z: 
[STDERR  ] 2018-03-05T15:03:07.228901849Z: Optional Features:
[STDERR  ] 2018-03-05T15:03:07.228959001Z: - [37mCONFIG_USER_NS[m: [32menabled[m
[STDERR  ] 2018-03-05T15:03:07.229016454Z: - [37mCONFIG_SECCOMP[m: [32menabled[m
[STDERR  ] 2018-03-05T15:03:07.229073581Z: - [37mCONFIG_CGROUP_PIDS[m: [32menabled[m
[STDERR  ] 2018-03-05T15:03:07.229148224Z: - [37mCONFIG_MEMCG_SWAP[m: [32menabled[m
[STDERR  ] 2018-03-05T15:03:07.229222386Z: - [37mCONFIG_MEMCG_SWAP_ENABLED[m: [32menabled[m
[STDERR  ] 2018-03-05T15:03:07.229285967Z:     [1;30m(cgroup swap accounting is currently enabled)[m
[STDERR  ] 2018-03-05T15:03:07.229344847Z: - [1mCONFIG_LEGACY_VSYSCALL_NONE[m: [1;31menabled[m
[STDERR  ] 2018-03-05T15:03:07.229402540Z:     [1;30m(containers using eglibc <= 2.13 will not work. Switch to[m
[STDERR  ] 2018-03-05T15:03:07.229456827Z:     [1;30m "CONFIG_VSYSCALL_[NATIVE|EMULATE]" or use "vsyscall=[native|emulate]"[m
[STDERR  ] 2018-03-05T15:03:07.229516744Z:     [1;30m on kernel command line. Note that this will disable ASLR for the,[m
[STDERR  ] 2018-03-05T15:03:07.229573061Z:     [1;30m VDSO which may assist in exploiting security vulnerabilities.)[m
[STDERR  ] 2018-03-05T15:03:07.229629168Z: - [37mCONFIG_BLK_CGROUP[m: [32menabled[m
[STDERR  ] 2018-03-05T15:03:07.229693472Z: - [37mCONFIG_BLK_DEV_THROTTLING[m: [32menabled[m
[STDERR  ] 2018-03-05T15:03:07.229751795Z: - [37mCONFIG_IOSCHED_CFQ[m: [32menabled[m
[STDERR  ] 2018-03-05T15:03:07.229805322Z: - [37mCONFIG_CFQ_GROUP_IOSCHED[m: [32menabled[m
[STDERR  ] 2018-03-05T15:03:07.229865316Z: - [37mCONFIG_CGROUP_PERF[m: [32menabled[m
[STDERR  ] 2018-03-05T15:03:07.229946635Z: - [37mCONFIG_CGROUP_HUGETLB[m: [32menabled[m
[STDERR  ] 2018-03-05T15:03:07.230016213Z: - [37mCONFIG_NET_CLS_CGROUP[m: [32menabled[m
[STDERR  ] 2018-03-05T15:03:07.230072829Z: - [37mCONFIG_CGROUP_NET_PRIO[m: [32menabled[m
[STDERR  ] 2018-03-05T15:03:07.230134503Z: - [37mCONFIG_CFS_BANDWIDTH[m: [32menabled[m
[STDERR  ] 2018-03-05T15:03:07.230194671Z: - [37mCONFIG_FAIR_GROUP_SCHED[m: [32menabled[m
[STDERR  ] 2018-03-05T15:03:07.230215344Z: - [37mCONFIG_RT_GROUP_SCHED[m: [32menabled[m
[STDERR  ] 2018-03-05T15:03:07.230232766Z: - [37mCONFIG_IP_VS[m: [32menabled[m
[STDERR  ] 2018-03-05T15:03:07.230248779Z: - [37mCONFIG_IP_VS_NFCT[m: [32menabled[m
[STDERR  ] 2018-03-05T15:03:07.230271129Z: - [37mCONFIG_IP_VS_RR[m: [32menabled[m
[STDERR  ] 2018-03-05T15:03:07.230289256Z: - [37mCONFIG_EXT4_FS[m: [32menabled[m
[STDERR  ] 2018-03-05T15:03:07.230305102Z: - [37mCONFIG_EXT4_FS_POSIX_ACL[m: [32menabled[m
[STDERR  ] 2018-03-05T15:03:07.230322479Z: - [37mCONFIG_EXT4_FS_SECURITY[m: [32menabled[m
[STDERR  ] 2018-03-05T15:03:07.230338851Z: - Network Drivers:
[STDERR  ] 2018-03-05T15:03:07.230356194Z:   - "[34moverlay[m":
[STDERR  ] 2018-03-05T15:03:07.230374026Z:     - [37mCONFIG_VXLAN[m: [32menabled[m
[STDERR  ] 2018-03-05T15:03:07.230390379Z:       Optional (for encrypted networks):
[STDERR  ] 2018-03-05T15:03:07.230407360Z:       - [37mCONFIG_CRYPTO[m: [32menabled[m
[STDERR  ] 2018-03-05T15:03:07.230424991Z:       - [37mCONFIG_CRYPTO_AEAD[m: [32menabled[m
[STDERR  ] 2018-03-05T15:03:07.230441328Z:       - [37mCONFIG_CRYPTO_GCM[m: [32menabled[m
[STDERR  ] 2018-03-05T15:03:07.230459892Z:       - [37mCONFIG_CRYPTO_SEQIV[m: [32menabled[m
[STDERR  ] 2018-03-05T15:03:07.230475520Z:       - [37mCONFIG_CRYPTO_GHASH[m: [32menabled[m
[STDERR  ] 2018-03-05T15:03:07.230493150Z:       - [37mCONFIG_XFRM[m: [32menabled[m
[STDERR  ] 2018-03-05T15:03:07.230510202Z:       - [37mCONFIG_XFRM_USER[m: [32menabled (as module)[m
[STDERR  ] 2018-03-05T15:03:07.230524188Z:       - [37mCONFIG_XFRM_ALGO[m: [32menabled (as module)[m
[STDERR  ] 2018-03-05T15:03:07.230538995Z:       - [37mCONFIG_INET_ESP[m: [32menabled (as module)[m
[STDERR  ] 2018-03-05T15:03:07.230562477Z:       - [37mCONFIG_INET_XFRM_MODE_TRANSPORT[m: [32menabled (as module)[m
[PASS    ] linuxkit.kernel.config_4.9.x 62.10s
[STDERR  ] 2018-03-05T15:03:07.230579431Z:   - "[34mipvlan[m":
