[INFO    ] 2017-10-20T14:51:40.556387808Z: Running Test linuxkit.packages.mkimage in /tmp/with_clone8463688/test/cases/040_packages/013_mkimage
[INFO    ] 2017-10-20T14:51:40.556505707Z: Running command: [/bin/sh -x /tmp/with_clone8463688/test/cases/040_packages/013_mkimage/test.sh]
[STDERR  ] 2017-10-20T14:51:40.57938411Z: + set -e
[STDERR  ] 2017-10-20T14:51:40.579525568Z: + . /tmp/with_clone8463688/test/cases/_lib/lib.sh
[STDERR  ] 2017-10-20T14:51:40.579709007Z: + [ -f src/github.com/linuxkit/rtf/lib/lib.sh ]
[STDERR  ] 2017-10-20T14:51:40.579837338Z: + LINUXKIT_TMPDIR=/tmp/with_clone8463688/test/cases/_tmp
[STDERR  ] 2017-10-20T14:51:40.579938368Z: + [ -f /tmp/with_clone8463688/test/cases/_tmp/env.sh ]
[STDERR  ] 2017-10-20T14:51:40.580048819Z: + . /tmp/with_clone8463688/test/cases/_tmp/env.sh
[STDERR  ] 2017-10-20T14:51:40.580136716Z: + export LINUXKIT_EXAMPLES_DIR=/tmp/with_clone8463688/test/cases/../../examples
[STDERR  ] 2017-10-20T14:51:40.580244163Z: + export LINUXKIT_BLUEPRINTS_DIR=/tmp/with_clone8463688/test/cases/../../blueprints
[STDERR  ] 2017-10-20T14:51:40.58031149Z: + RT_CANCEL=253
[STDERR  ] 2017-10-20T14:51:40.580454847Z: + trap clean_up EXIT
[STDERR  ] 2017-10-20T14:51:40.580558396Z: + moby build -format kernel+initrd run.yml
[STDERR  ] 2017-10-20T14:51:40.598774532Z: Extract kernel image: linuxkit/kernel:4.9.54
[STDERR  ] 2017-10-20T14:51:46.965695612Z: Add init containers:
[STDERR  ] 2017-10-20T14:51:51.100257165Z: Add onboot containers:
[STDERR  ] 2017-10-20T14:51:51.100393561Z:   Create OCI config for linuxkit/poweroff:ffd3f539a6f4e67d4cd4ff36503636de35edd7b2
[STDERR  ] 2017-10-20T14:51:52.170103967Z: time="2017-10-20T14:51:52Z" level=warning msg="certificate with CN Rolf Neugebauer is near expiry" 
[STDERR  ] 2017-10-20T14:51:52.173060667Z: time="2017-10-20T14:51:52Z" level=warning msg="certificate with CN Rolf Neugebauer is near expiry" 
[STDERR  ] 2017-10-20T14:51:52.664179665Z: Create outputs:
[STDERR  ] 2017-10-20T14:52:02.14791984Z:   run-kernel run-initrd.img run-cmdline
[STDERR  ] 2017-10-20T14:52:02.520299229Z: + moby build -format kernel+initrd mkimage.yml
[STDERR  ] 2017-10-20T14:52:02.54666653Z: Extract kernel image: linuxkit/kernel:4.9.54
[STDERR  ] 2017-10-20T14:52:10.111442399Z: Add init containers:
[STDERR  ] 2017-10-20T14:52:14.03068296Z: Add onboot containers:
[STDERR  ] 2017-10-20T14:52:14.03077794Z:   Create OCI config for linuxkit/mkimage:13b6efeefd97fed9043c9cd3a8fe1fe7ad1cda12
[STDERR  ] 2017-10-20T14:52:15.076786385Z: time="2017-10-20T14:52:15Z" level=warning msg="certificate with CN Rolf Neugebauer is near expiry" 
[STDERR  ] 2017-10-20T14:52:15.079119451Z: time="2017-10-20T14:52:15Z" level=warning msg="certificate with CN Rolf Neugebauer is near expiry" 
[STDERR  ] 2017-10-20T14:52:15.969830523Z:   Create OCI config for linuxkit/poweroff:ffd3f539a6f4e67d4cd4ff36503636de35edd7b2
[STDERR  ] 2017-10-20T14:52:17.002944113Z: time="2017-10-20T14:52:17Z" level=warning msg="certificate with CN Rolf Neugebauer is near expiry" 
[STDERR  ] 2017-10-20T14:52:17.004416923Z: time="2017-10-20T14:52:17Z" level=warning msg="certificate with CN Rolf Neugebauer is near expiry" 
[STDERR  ] 2017-10-20T14:52:17.510644993Z: Create outputs:
[STDERR  ] 2017-10-20T14:52:22.309813247Z:   mkimage-kernel mkimage-initrd.img mkimage-cmdline
[STDERR  ] 2017-10-20T14:52:22.525593074Z: + tar cf tarball.img run-kernel run-initrd.img run-cmdline
[STDERR  ] 2017-10-20T14:52:22.570129272Z: + linuxkit run qemu -disk disk.qcow2,size=200M,format=qcow2 -disk tarball.img,format=raw -kernel mkimage
[STDERR  ] 2017-10-20T14:52:22.602548619Z: Using existing disk [tarball.img] format raw
[STDOUT  ] 2017-10-20T14:52:24.176883029Z: [    0.000000] Linux version 4.9.54-linuxkit (root@e73ac76f2f14) (gcc version 6.3.0 (Alpine 6.3.0) ) #1 SMP Wed Oct 11 11:30:59 UTC 2017
[STDOUT  ] 2017-10-20T14:52:24.177585508Z: [    0.000000] Command line: console=ttyS0
[STDOUT  ] 2017-10-20T14:52:24.178231294Z: [    0.000000] x86/fpu: Legacy x87 FPU detected.
[STDOUT  ] 2017-10-20T14:52:24.178926793Z: [    0.000000] x86/fpu: Using 'eager' FPU context switches.
[STDOUT  ] 2017-10-20T14:52:24.179547867Z: [    0.000000] e820: BIOS-provided physical RAM map:
[STDOUT  ] 2017-10-20T14:52:24.180377026Z: [    0.000000] BIOS-e820: [mem 0x0000000000000000-0x000000000009fbff] usable
[STDOUT  ] 2017-10-20T14:52:24.181220932Z: [    0.000000] BIOS-e820: [mem 0x000000000009fc00-0x000000000009ffff] reserved
[STDOUT  ] 2017-10-20T14:52:24.182064321Z: [    0.000000] BIOS-e820: [mem 0x00000000000f0000-0x00000000000fffff] reserved
[STDOUT  ] 2017-10-20T14:52:24.182955628Z: [    0.000000] BIOS-e820: [mem 0x0000000000100000-0x000000003ffddfff] usable
[STDOUT  ] 2017-10-20T14:52:24.183817579Z: [    0.000000] BIOS-e820: [mem 0x000000003ffde000-0x000000003fffffff] reserved
[STDOUT  ] 2017-10-20T14:52:24.18465798Z: [    0.000000] BIOS-e820: [mem 0x00000000b0000000-0x00000000bfffffff] reserved
[STDOUT  ] 2017-10-20T14:52:24.18576046Z: [    0.000000] BIOS-e820: [mem 0x00000000fed1c000-0x00000000fed1ffff] reserved
[STDOUT  ] 2017-10-20T14:52:24.18665025Z: [    0.000000] BIOS-e820: [mem 0x00000000fffc0000-0x00000000ffffffff] reserved
[STDOUT  ] 2017-10-20T14:52:24.187263698Z: [    0.000000] NX (Execute Disable) protection: active
[STDOUT  ] 2017-10-20T14:52:24.187737776Z: [    0.000000] SMBIOS 2.8 present.
[STDOUT  ] 2017-10-20T14:52:24.188544376Z: [    0.000000] e820: last_pfn = 0x3ffde max_arch_pfn = 0x400000000
[STDOUT  ] 2017-10-20T14:52:24.189462079Z: [    0.000000] x86/PAT: Configuration [0-7]: WB  WC  UC- UC  WB  WC  UC- WT  
[STDOUT  ] 2017-10-20T14:52:24.190538598Z: [    0.000000] found SMP MP-table at [mem 0x000f6aa0-0x000f6aaf] mapped at [ffff9dcb000f6aa0]
[STDOUT  ] 2017-10-20T14:52:24.191177368Z: [    0.000000] RAMDISK: [mem 0x3e374000-0x3ffcffff]
[STDOUT  ] 2017-10-20T14:52:24.191976218Z: [    0.000000] ACPI: Early table checksum verification disabled
[STDOUT  ] 2017-10-20T14:52:24.192812562Z: [    0.000000] ACPI: RSDP 0x00000000000F68C0 000014 (v00 BOCHS )
[STDOUT  ] 2017-10-20T14:52:24.193941877Z: [    0.000000] ACPI: RSDT 0x000000003FFE2404 000034 (v01 BOCHS  BXPCRSDT 00000001 BXPC 00000001)
[STDOUT  ] 2017-10-20T14:52:24.195067863Z: [    0.000000] ACPI: FACP 0x000000003FFE22A4 000074 (v01 BOCHS  BXPCFACP 00000001 BXPC 00000001)
[STDOUT  ] 2017-10-20T14:52:24.196175681Z: [    0.000000] ACPI: DSDT 0x000000003FFE0040 002264 (v01 BOCHS  BXPCDSDT 00000001 BXPC 00000001)
[STDOUT  ] 2017-10-20T14:52:24.196797321Z: [    0.000000] ACPI: FACS 0x000000003FFE0000 000040
[STDOUT  ] 2017-10-20T14:52:24.197958717Z: [    0.000000] ACPI: APIC 0x000000003FFE2318 000078 (v01 BOCHS  BXPCAPIC 00000001 BXPC 00000001)
[STDOUT  ] 2017-10-20T14:52:24.198992803Z: [    0.000000] ACPI: HPET 0x000000003FFE2390 000038 (v01 BOCHS  BXPCHPET 00000001 BXPC 00000001)
[STDOUT  ] 2017-10-20T14:52:24.200120707Z: [    0.000000] ACPI: MCFG 0x000000003FFE23C8 00003C (v01 BOCHS  BXPCMCFG 00000001 BXPC 00000001)
[STDOUT  ] 2017-10-20T14:52:24.200481362Z: [    0.000000] Zone ranges:
[STDOUT  ] 2017-10-20T14:52:24.20128483Z: [    0.000000]   DMA      [mem 0x0000000000001000-0x0000000000ffffff]
[STDOUT  ] 2017-10-20T14:52:24.202045096Z: [    0.000000]   DMA32    [mem 0x0000000001000000-0x000000003ffddfff]
[STDOUT  ] 2017-10-20T14:52:24.202413467Z: [    0.000000]   Normal   empty
[STDOUT  ] 2017-10-20T14:52:24.202945402Z: [    0.000000] Movable zone start for each node
[STDOUT  ] 2017-10-20T14:52:24.20340157Z: [    0.000000] Early memory node ranges
[STDOUT  ] 2017-10-20T14:52:24.204152622Z: [    0.000000]   node   0: [mem 0x0000000000001000-0x000000000009efff]
[STDOUT  ] 2017-10-20T14:52:24.204914477Z: [    0.000000]   node   0: [mem 0x0000000000100000-0x000000003ffddfff]
[STDOUT  ] 2017-10-20T14:52:24.205753104Z: [    0.000000] Initmem setup node 0 [mem 0x0000000000001000-0x000000003ffddfff]
[STDOUT  ] 2017-10-20T14:52:24.206299527Z: [    0.000000] ACPI: PM-Timer IO Port: 0x608
[STDOUT  ] 2017-10-20T14:52:24.207077201Z: [    0.000000] ACPI: LAPIC_NMI (acpi_id[0xff] dfl dfl lint[0x1])
[STDOUT  ] 2017-10-20T14:52:24.208012705Z: [    0.000000] IOAPIC[0]: apic_id 0, version 32, address 0xfec00000, GSI 0-23
[STDOUT  ] 2017-10-20T14:52:24.208859494Z: [    0.000000] ACPI: INT_SRC_OVR (bus 0 bus_irq 0 global_irq 2 dfl dfl)
[STDOUT  ] 2017-10-20T14:52:24.209917094Z: [    0.000000] ACPI: INT_SRC_OVR (bus 0 bus_irq 5 global_irq 5 high level)
[STDOUT  ] 2017-10-20T14:52:24.210470093Z: [    0.000000] ACPI: INT_SRC_OVR (bus 0 bus_irq 9 global_irq 9 high level)
[STDOUT  ] 2017-10-20T14:52:24.210863885Z: [    0.000000] ACPI: INT_SRC_OVR (bus 0 bus_irq 10 global_irq 10 high level)
[STDOUT  ] 2017-10-20T14:52:24.211288315Z: [    0.000000] ACPI: INT_SRC_OVR (bus 0 bus_irq 11 global_irq 11 high level)
[STDOUT  ] 2017-10-20T14:52:24.211628784Z: [    0.000000] Using ACPI (MADT) for SMP configuration information
[STDOUT  ] 2017-10-20T14:52:24.211906244Z: [    0.000000] ACPI: HPET id: 0x8086a201 base: 0xfed00000
[STDOUT  ] 2017-10-20T14:52:24.212214507Z: [    0.000000] smpboot: Allowing 1 CPUs, 0 hotplug CPUs
[STDOUT  ] 2017-10-20T14:52:24.212584708Z: [    0.000000] e820: [mem 0x40000000-0xafffffff] available for PCI devices
[STDOUT  ] 2017-10-20T14:52:24.212902444Z: [    0.000000] Booting paravirtualized kernel on bare hardware
[STDOUT  ] 2017-10-20T14:52:24.213489035Z: [    0.000000] clocksource: refined-jiffies: mask: 0xffffffff max_cycles: 0xffffffff, max_idle_ns: 19112604462750000 ns
[STDOUT  ] 2017-10-20T14:52:24.213921981Z: [    0.000000] setup_percpu: NR_CPUS:128 nr_cpumask_bits:128 nr_cpu_ids:1 nr_node_ids:1
[STDOUT  ] 2017-10-20T14:52:24.214402625Z: [    0.000000] percpu: Embedded 35 pages/cpu @ffff9dcb3e000000 s105240 r8192 d29928 u2097152
[STDOUT  ] 2017-10-20T14:52:24.214847222Z: [    0.000000] Built 1 zonelists in Zone order, mobility grouping on.  Total pages: 257895
[STDOUT  ] 2017-10-20T14:52:24.215108745Z: [    0.000000] Kernel command line: console=ttyS0
[STDOUT  ] 2017-10-20T14:52:24.215447901Z: [    0.000000] PID hash table entries: 4096 (order: 3, 32768 bytes)
[STDOUT  ] 2017-10-20T14:52:24.215842858Z: [    0.000000] Dentry cache hash table entries: 131072 (order: 8, 1048576 bytes)
[STDOUT  ] 2017-10-20T14:52:24.216237911Z: [    0.000000] Inode-cache hash table entries: 65536 (order: 7, 524288 bytes)
[STDOUT  ] 2017-10-20T14:52:24.216968282Z: [    0.000000] Memory: 985128K/1048048K available (8052K kernel code, 1367K rwdata, 2704K rodata, 1380K init, 568K bss, 62920K reserved, 0K cma-reserved)
[STDOUT  ] 2017-10-20T14:52:24.217219602Z: [    0.000000] Hierarchical RCU implementation.
[STDOUT  ] 2017-10-20T14:52:24.217552557Z: [    0.000000] 	Build-time adjustment of leaf fanout to 64.
[STDOUT  ] 2017-10-20T14:52:24.217909755Z: [    0.000000] 	RCU restricting CPUs from NR_CPUS=128 to nr_cpu_ids=1.
[STDOUT  ] 2017-10-20T14:52:24.218292513Z: [    0.000000] RCU: Adjusting geometry for rcu_fanout_leaf=64, nr_cpu_ids=1
[STDOUT  ] 2017-10-20T14:52:24.218532604Z: [    0.000000] NR_IRQS:8448 nr_irqs:256 16
[STDOUT  ] 2017-10-20T14:52:24.218735891Z: [    0.000000] Console: colour VGA+ 80x25
[STDOUT  ] 2017-10-20T14:52:24.219037239Z: [    0.000000] console [ttyS0] enabled
[STDOUT  ] 2017-10-20T14:52:24.222490991Z: [    0.000000] clocksource: hpet: mask: 0xffffffff max_cycles: 0xffffffff, max_idle_ns: 19112604467 ns
[STDOUT  ] 2017-10-20T14:52:24.266094069Z: [    0.000000] tsc: Fast TSC calibration using PIT
[STDOUT  ] 2017-10-20T14:52:24.267090494Z: [    0.000000] tsc: Detected 2300.078 MHz processor
[STDOUT  ] 2017-10-20T14:52:24.269452001Z: [    0.021364] Calibrating delay loop (skipped), value calculated using timer frequency.. 4600.15 BogoMIPS (lpj=23000780)
[STDOUT  ] 2017-10-20T14:52:24.269885121Z: [    0.022352] pid_max: default: 32768 minimum: 301
[STDOUT  ] 2017-10-20T14:52:24.270700193Z: [    0.023220] ACPI: Core revision 20160831
[STDOUT  ] 2017-10-20T14:52:24.313646459Z: [    0.069467] ACPI: 1 ACPI AML tables successfully acquired and loaded
[STDOUT  ] 2017-10-20T14:52:24.317198979Z: [    0.073182] Security Framework initialized
[STDOUT  ] 2017-10-20T14:52:24.31754978Z: [    0.073542] Yama: becoming mindful.
[STDOUT  ] 2017-10-20T14:52:24.319630375Z: [    0.075475] Mount-cache hash table entries: 2048 (order: 2, 16384 bytes)
[STDOUT  ] 2017-10-20T14:52:24.320082278Z: [    0.075941] Mountpoint-cache hash table entries: 2048 (order: 2, 16384 bytes)
[STDOUT  ] 2017-10-20T14:52:24.338720831Z: [    0.094600] Last level iTLB entries: 4KB 0, 2MB 0, 4MB 0
[STDOUT  ] 2017-10-20T14:52:24.339120807Z: [    0.095006] Last level dTLB entries: 4KB 0, 2MB 0, 4MB 0, 1GB 0
[STDOUT  ] 2017-10-20T14:52:24.650226901Z: [    0.406139] Freeing SMP alternatives memory: 20K
[STDOUT  ] 2017-10-20T14:52:24.658691404Z: [    0.414471] ftrace: allocating 35580 entries in 139 pages
[STDOUT  ] 2017-10-20T14:52:24.961767234Z: [    0.577587] smpboot: Max logical packages: 1
[STDOUT  ] 2017-10-20T14:52:24.968607449Z: [    0.584458] ..TIMER: vector=0x30 apic1=0 pin1=2 apic2=-1 pin2=-1
[STDOUT  ] 2017-10-20T14:52:25.185199805Z: [    0.690000] smpboot: CPU0: AMD QEMU Virtual CPU version 2.5+ (family: 0x6, model: 0x6, stepping: 0x3)
[STDOUT  ] 2017-10-20T14:52:25.186321977Z: [    0.690000] Performance Events: PMU not available due to virtualization, using software events only.
[STDOUT  ] 2017-10-20T14:52:25.201614032Z: [    0.696691] NMI watchdog: disabled (cpu0): hardware events not enabled
[STDOUT  ] 2017-10-20T14:52:25.20197973Z: [    0.697075] NMI watchdog: Shutting down hard lockup detector on all cpus
[STDOUT  ] 2017-10-20T14:52:25.204507554Z: [    0.699685] x86: Booted up 1 node, 1 CPUs
[STDOUT  ] 2017-10-20T14:52:25.205427165Z: [    0.700113] smpboot: Total of 1 processors activated (4600.15 BogoMIPS)
[STDOUT  ] 2017-10-20T14:52:25.218355043Z: [    0.713708] devtmpfs: initialized
[STDOUT  ] 2017-10-20T14:52:25.222830899Z: [    0.718138] x86/mm: Memory block size: 128MB
[STDOUT  ] 2017-10-20T14:52:25.291007772Z: [    0.785272] clocksource: jiffies: mask: 0xffffffff max_cycles: 0xffffffff, max_idle_ns: 19112604462750000 ns
[STDOUT  ] 2017-10-20T14:52:25.291978938Z: [    0.786809] futex hash table entries: 256 (order: 2, 16384 bytes)
[STDOUT  ] 2017-10-20T14:52:25.301327284Z: [    0.796278] NET: Registered protocol family 16
[STDOUT  ] 2017-10-20T14:52:25.310713283Z: [    0.805724] cpuidle: using governor ladder
[STDOUT  ] 2017-10-20T14:52:25.31135979Z: [    0.806421] cpuidle: using governor menu
[STDOUT  ] 2017-10-20T14:52:25.312727265Z: [    0.807723] ACPI: bus type PCI registered
[STDOUT  ] 2017-10-20T14:52:25.316560621Z: [    0.810705] PCI: MMCONFIG for domain 0000 [bus 00-ff] at [mem 0xb0000000-0xbfffffff] (base 0xb0000000)
[STDOUT  ] 2017-10-20T14:52:25.317585973Z: [    0.812081] PCI: MMCONFIG at [mem 0xb0000000-0xbfffffff] reserved in E820
[STDOUT  ] 2017-10-20T14:52:25.319171021Z: [    0.813768] PCI: Using configuration type 1 for base access
[STDOUT  ] 2017-10-20T14:52:25.372733023Z: [    0.867545] HugeTLB registered 2 MB page size, pre-allocated 0 pages
[STDOUT  ] 2017-10-20T14:52:25.383816043Z: [    0.878823] ACPI: Added _OSI(Module Device)
[STDOUT  ] 2017-10-20T14:52:25.384484438Z: [    0.879415] ACPI: Added _OSI(Processor Device)
[STDOUT  ] 2017-10-20T14:52:25.385146789Z: [    0.880067] ACPI: Added _OSI(3.0 _SCP Extensions)
[STDOUT  ] 2017-10-20T14:52:25.385787266Z: [    0.880646] ACPI: Added _OSI(Processor Aggregator Device)
[STDOUT  ] 2017-10-20T14:52:25.46137004Z: [    0.956342] ACPI: Interpreter enabled
[STDOUT  ] 2017-10-20T14:52:25.462339811Z: [    0.957420] ACPI: (supports S0 S5)
[STDOUT  ] 2017-10-20T14:52:25.463049459Z: [    0.957913] ACPI: Using IOAPIC for interrupt routing
[STDOUT  ] 2017-10-20T14:52:25.46575987Z: [    0.960168] PCI: Using host bridge windows from ACPI; if necessary, use "pci=nocrs" and report a bug
[STDOUT  ] 2017-10-20T14:52:25.527137963Z: [    1.021942] ACPI: PCI Root Bridge [PCI0] (domain 0000 [bus 00-ff])
[STDOUT  ] 2017-10-20T14:52:25.528601494Z: [    1.023218] acpi PNP0A08:00: _OSC: OS supports [ExtendedConfig ASPM ClockPM Segments MSI]
[STDOUT  ] 2017-10-20T14:52:25.534450035Z: [    1.028941] acpi PNP0A08:00: _OSC: OS now controls [PCIeHotplug PME PCIeCapability]
[STDOUT  ] 2017-10-20T14:52:25.538066732Z: [    1.033049] PCI host bridge to bus 0000:00
[STDOUT  ] 2017-10-20T14:52:25.539011539Z: [    1.033725] pci_bus 0000:00: root bus resource [io  0x0000-0x0cf7 window]
[STDOUT  ] 2017-10-20T14:52:25.539825172Z: [    1.034553] pci_bus 0000:00: root bus resource [io  0x0d00-0xffff window]
[STDOUT  ] 2017-10-20T14:52:25.540686096Z: [    1.035348] pci_bus 0000:00: root bus resource [mem 0x000a0000-0x000bffff window]
[STDOUT  ] 2017-10-20T14:52:25.541627619Z: [    1.036196] pci_bus 0000:00: root bus resource [mem 0xc0000000-0xfebfffff window]
[STDOUT  ] 2017-10-20T14:52:25.542481178Z: [    1.037282] pci_bus 0000:00: root bus resource [bus 00-ff]
[STDOUT  ] 2017-10-20T14:52:25.648729502Z: [    1.142286] pci 0000:00:1f.0: quirk: [io  0x0600-0x067f] claimed by ICH6 ACPI/GPIO/TCO
[STDOUT  ] 2017-10-20T14:52:25.707231924Z: [    1.201885] ACPI: PCI Interrupt Link [LNKA] (IRQs 5 *10 11)
[STDOUT  ] 2017-10-20T14:52:25.709417573Z: [    1.204205] ACPI: PCI Interrupt Link [LNKB] (IRQs 5 *10 11)
[STDOUT  ] 2017-10-20T14:52:25.711393043Z: [    1.206176] ACPI: PCI Interrupt Link [LNKC] (IRQs 5 10 *11)
[STDOUT  ] 2017-10-20T14:52:25.713314766Z: [    1.208129] ACPI: PCI Interrupt Link [LNKD] (IRQs 5 10 *11)
[STDOUT  ] 2017-10-20T14:52:25.715414147Z: [    1.210219] ACPI: PCI Interrupt Link [LNKE] (IRQs 5 *10 11)
[STDOUT  ] 2017-10-20T14:52:25.717555082Z: [    1.212265] ACPI: PCI Interrupt Link [LNKF] (IRQs 5 *10 11)
[STDOUT  ] 2017-10-20T14:52:25.719506875Z: [    1.214338] ACPI: PCI Interrupt Link [LNKG] (IRQs 5 10 *11)
[STDOUT  ] 2017-10-20T14:52:25.721434961Z: [    1.216270] ACPI: PCI Interrupt Link [LNKH] (IRQs 5 10 *11)
[STDOUT  ] 2017-10-20T14:52:25.722462604Z: [    1.217378] ACPI: PCI Interrupt Link [GSIA] (IRQs *16)
[STDOUT  ] 2017-10-20T14:52:25.723384688Z: [    1.218281] ACPI: PCI Interrupt Link [GSIB] (IRQs *17)
[STDOUT  ] 2017-10-20T14:52:25.724343499Z: [    1.219208] ACPI: PCI Interrupt Link [GSIC] (IRQs *18)
[STDOUT  ] 2017-10-20T14:52:25.725384952Z: [    1.220267] ACPI: PCI Interrupt Link [GSID] (IRQs *19)
[STDOUT  ] 2017-10-20T14:52:25.726361297Z: [    1.221199] ACPI: PCI Interrupt Link [GSIE] (IRQs *20)
[STDOUT  ] 2017-10-20T14:52:25.727314276Z: [    1.222161] ACPI: PCI Interrupt Link [GSIF] (IRQs *21)
[STDOUT  ] 2017-10-20T14:52:25.728253603Z: [    1.223142] ACPI: PCI Interrupt Link [GSIG] (IRQs *22)
[STDOUT  ] 2017-10-20T14:52:25.729216091Z: [    1.224058] ACPI: PCI Interrupt Link [GSIH] (IRQs *23)
[STDOUT  ] 2017-10-20T14:52:25.73290351Z: [    1.227809] ACPI: Enabled 2 GPEs in block 00 to 3F
[STDOUT  ] 2017-10-20T14:52:25.737330816Z: [    1.232400] SCSI subsystem initialized
[STDOUT  ] 2017-10-20T14:52:25.739446166Z: [    1.234493] ACPI: bus type USB registered
[STDOUT  ] 2017-10-20T14:52:25.740884025Z: [    1.235783] usbcore: registered new interface driver usbfs
[STDOUT  ] 2017-10-20T14:52:25.742047661Z: [    1.236968] usbcore: registered new interface driver hub
[STDOUT  ] 2017-10-20T14:52:25.743096442Z: [    1.238038] usbcore: registered new device driver usb
[STDOUT  ] 2017-10-20T14:52:25.744570471Z: [    1.239439] pps_core: LinuxPPS API ver. 1 registered
[STDOUT  ] 2017-10-20T14:52:25.745889438Z: [    1.240068] pps_core: Software ver. 5.3.6 - Copyright 2005-2007 Rodolfo Giometti <giometti@linux.it>
[STDOUT  ] 2017-10-20T14:52:25.746619336Z: [    1.241496] PTP clock support registered
[STDOUT  ] 2017-10-20T14:52:25.748007902Z: [    1.242960] wmi: Mapper loaded
[STDOUT  ] 2017-10-20T14:52:25.749379445Z: [    1.244252] PCI: Using ACPI for IRQ routing
[STDOUT  ] 2017-10-20T14:52:25.767706881Z: [    1.262666] NetLabel: Initializing
[STDOUT  ] 2017-10-20T14:52:25.768305958Z: [    1.263212] NetLabel:  domain hash size = 128
[STDOUT  ] 2017-10-20T14:52:25.768972185Z: [    1.263800] NetLabel:  protocols = UNLABELED CIPSOv4
[STDOUT  ] 2017-10-20T14:52:25.771946779Z: [    1.266681] NetLabel:  unlabeled traffic allowed by default
[STDOUT  ] 2017-10-20T14:52:25.773372399Z: [    1.267994] HPET: 3 timers in total, 0 timers will be used for per-cpu timer
[STDOUT  ] 2017-10-20T14:52:25.774543309Z: [    1.269135] hpet0: at MMIO 0xfed00000, IRQs 2, 8, 0
[STDOUT  ] 2017-10-20T14:52:25.775278667Z: [    1.270138] hpet0: 3 comparators, 64-bit 100.000000 MHz counter
[STDOUT  ] 2017-10-20T14:52:25.781742551Z: [    1.276615] clocksource: Switched to clocksource hpet
[STDOUT  ] 2017-10-20T14:52:26.056715919Z: [    1.545320] VFS: Disk quotas dquot_6.6.0
[STDOUT  ] 2017-10-20T14:52:26.058073742Z: [    1.546341] VFS: Dquot-cache hash table entries: 512 (order 0, 4096 bytes)
[STDOUT  ] 2017-10-20T14:52:26.060616643Z: [    1.549379] FS-Cache: Loaded
[STDOUT  ] 2017-10-20T14:52:26.065929255Z: [    1.554630] CacheFiles: Loaded
[STDOUT  ] 2017-10-20T14:52:26.067725079Z: [    1.556453] pnp: PnP ACPI init
[STDOUT  ] 2017-10-20T14:52:26.078944517Z: [    1.567696] pnp: PnP ACPI: found 5 devices
[STDOUT  ] 2017-10-20T14:52:26.128051383Z: [    1.616762] clocksource: acpi_pm: mask: 0xffffff max_cycles: 0xffffff, max_idle_ns: 2085701024 ns
[STDOUT  ] 2017-10-20T14:52:26.130424844Z: [    1.619322] NET: Registered protocol family 2
[STDOUT  ] 2017-10-20T14:52:26.138621542Z: [    1.627398] TCP established hash table entries: 8192 (order: 4, 65536 bytes)
[STDOUT  ] 2017-10-20T14:52:26.13921675Z: [    1.628035] TCP bind hash table entries: 8192 (order: 5, 131072 bytes)
[STDOUT  ] 2017-10-20T14:52:26.139784448Z: [    1.628621] TCP: Hash tables configured (established 8192 bind 8192)
[STDOUT  ] 2017-10-20T14:52:26.141762358Z: [    1.630617] UDP hash table entries: 512 (order: 2, 16384 bytes)
[STDOUT  ] 2017-10-20T14:52:26.142229243Z: [    1.631070] UDP-Lite hash table entries: 512 (order: 2, 16384 bytes)
[STDOUT  ] 2017-10-20T14:52:26.15910618Z: [    1.647973] NET: Registered protocol family 1
[STDOUT  ] 2017-10-20T14:52:26.177436317Z: [    1.649912] pci 0000:00:01.0: Video device with shadowed ROM at [mem 0x000c0000-0x000dffff]
[STDOUT  ] 2017-10-20T14:52:26.177496362Z: [    1.664265] Unpacking initramfs...
[STDOUT  ] 2017-10-20T14:52:29.945654681Z: [    5.434562] Freeing initrd memory: 29040K
[STDOUT  ] 2017-10-20T14:52:29.968282837Z: [    5.457109] PCLMULQDQ-NI instructions are not detected.
[STDOUT  ] 2017-10-20T14:52:29.969325359Z: [    5.458177] AVX or AES-NI instructions are not detected.
[STDOUT  ] 2017-10-20T14:52:29.969681232Z: [    5.458544] CPU feature 'AVX registers' is not supported.
[STDOUT  ] 2017-10-20T14:52:29.970006254Z: [    5.458878] CPU feature 'AVX registers' is not supported.
[STDOUT  ] 2017-10-20T14:52:29.970355321Z: [    5.459207] CPU feature 'AVX registers' is not supported.
[STDOUT  ] 2017-10-20T14:52:29.97074129Z: [    5.459549] CPU feature 'AVX registers' is not supported.
[STDOUT  ] 2017-10-20T14:52:29.971107727Z: [    5.459930] AVX2 or AES-NI instructions are not detected.
[STDOUT  ] 2017-10-20T14:52:29.971571571Z: [    5.460473] AVX2 instructions are not detected.
[STDOUT  ] 2017-10-20T14:52:29.976696897Z: [    5.465532] audit: initializing netlink subsys (disabled)
[STDOUT  ] 2017-10-20T14:52:29.978212984Z: [    5.467043] audit: type=2000 audit(1508511148.460:1): initialized
[STDOUT  ] 2017-10-20T14:52:29.98607458Z: [    5.474853] workingset: timestamp_bits=46 max_order=18 bucket_order=0
[STDOUT  ] 2017-10-20T14:52:29.994038004Z: [    5.482843] squashfs: version 4.0 (2009/01/31) Phillip Lougher
[STDOUT  ] 2017-10-20T14:52:29.996264233Z: [    5.485099] FS-Cache: Netfs 'cifs' registered for caching
[STDOUT  ] 2017-10-20T14:52:29.997506434Z: [    5.486398] fuse init (API version 7.26)
[STDOUT  ] 2017-10-20T14:52:29.999690662Z: [    5.488494] SGI XFS with ACLs, security attributes, no debug enabled
[STDOUT  ] 2017-10-20T14:52:30.003789698Z: [    5.492628] 9p: Installing v9fs 9p2000 file system support
[STDOUT  ] 2017-10-20T14:52:30.004202617Z: [    5.493073] FS-Cache: Netfs '9p' registered for caching
[STDOUT  ] 2017-10-20T14:52:30.036538319Z: [    5.525416] NET: Registered protocol family 38
[STDOUT  ] 2017-10-20T14:52:30.044945564Z: [    5.525969] Key type asymmetric registered
[STDOUT  ] 2017-10-20T14:52:30.044988397Z: [    5.526271] Asymmetric key parser 'x509' registered
[STDOUT  ] 2017-10-20T14:52:30.045009361Z: [    5.527363] Block layer SCSI generic (bsg) driver version 0.4 loaded (major 251)
[STDOUT  ] 2017-10-20T14:52:30.045023204Z: [    5.529419] io scheduler noop registered
[STDOUT  ] 2017-10-20T14:52:30.045090234Z: [    5.529747] io scheduler deadline registered (default)
[STDOUT  ] 2017-10-20T14:52:30.04510462Z: [    5.531077] io scheduler cfq registered
[STDOUT  ] 2017-10-20T14:52:30.045912345Z: [    5.534761] pci_hotplug: PCI Hot Plug PCI Core version: 0.5
[STDOUT  ] 2017-10-20T14:52:30.046441886Z: [    5.535270] pciehp: PCI Express Hot Plug Controller Driver version: 0.4
[STDOUT  ] 2017-10-20T14:52:30.047117487Z: [    5.535941] shpchp: Standard Hot Plug PCI Controller Driver version: 0.4
[STDOUT  ] 2017-10-20T14:52:30.047779533Z: [    5.536654] hv_vmbus: registering driver hyperv_fb
[STDOUT  ] 2017-10-20T14:52:30.051959893Z: [    5.539904] input: Power Button as /devices/LNXSYSTM:00/LNXPWRBN:00/input/input0
[STDOUT  ] 2017-10-20T14:52:30.053433255Z: [    5.542363] ACPI: Power Button [PWRF]
[STDOUT  ] 2017-10-20T14:52:30.058000599Z: [    5.546927] GHES: HEST is not enabled!
[STDOUT  ] 2017-10-20T14:52:30.068712069Z: [    5.557538] ACPI: PCI Interrupt Link [GSIG] enabled at IRQ 22
[STDOUT  ] 2017-10-20T14:52:30.080529817Z: [    5.569361] ACPI: PCI Interrupt Link [GSIH] enabled at IRQ 23
[STDOUT  ] 2017-10-20T14:52:30.084550218Z: [    5.573374] xenfs: not registering filesystem on non-xen platform
[STDOUT  ] 2017-10-20T14:52:30.086373177Z: [    5.575202] Serial: 8250/16550 driver, 4 ports, IRQ sharing disabled
[STDOUT  ] 2017-10-20T14:52:30.112354979Z: [    5.601126] 00:04: ttyS0 at I/O 0x3f8 (irq = 4, base_baud = 115200) is a 16550A
[STDOUT  ] 2017-10-20T14:52:30.122403906Z: [    5.611256] Non-volatile memory driver v1.3
[STDOUT  ] 2017-10-20T14:52:30.128312752Z: [    5.616990] Hangcheck: starting hangcheck timer 0.9.1 (tick is 180 seconds, margin is 60 seconds).
[STDOUT  ] 2017-10-20T14:52:30.131648512Z: [    5.620603] random: fast init done
[STDOUT  ] 2017-10-20T14:52:30.132756109Z: [    5.621700] random: crng init done
[STDOUT  ] 2017-10-20T14:52:30.167785474Z: [    5.656723] loop: module loaded
[STDOUT  ] 2017-10-20T14:52:30.182949541Z: [    5.671801] nbd: registered device at major 43
[STDOUT  ] 2017-10-20T14:52:30.223754734Z: [    5.712563] lpc_ich 0000:00:1f.0: I/O space for GPIO uninitialized
[STDOUT  ] 2017-10-20T14:52:30.225212465Z: [    5.714082] VMware PVSCSI driver - version 1.0.7.0-k
[STDOUT  ] 2017-10-20T14:52:30.225825565Z: [    5.714715] hv_vmbus: registering driver hv_storvsc
[STDOUT  ] 2017-10-20T14:52:30.235307838Z: [    5.724127] ACPI: PCI Interrupt Link [GSIA] enabled at IRQ 16
[STDOUT  ] 2017-10-20T14:52:30.241525514Z: [    5.730121] ahci 0000:00:1f.2: AHCI 0001.0000 32 slots 6 ports 1.5 Gbps 0x3f impl SATA mode
[STDOUT  ] 2017-10-20T14:52:30.241924481Z: [    5.730803] ahci 0000:00:1f.2: flags: 64bit ncq only 
[STDOUT  ] 2017-10-20T14:52:30.261823305Z: [    5.750768] scsi host0: ahci
[STDOUT  ] 2017-10-20T14:52:30.265228136Z: [    5.754175] scsi host1: ahci
[STDOUT  ] 2017-10-20T14:52:30.267321133Z: [    5.756281] scsi host2: ahci
[STDOUT  ] 2017-10-20T14:52:30.269387375Z: [    5.758349] scsi host3: ahci
[STDOUT  ] 2017-10-20T14:52:30.271766514Z: [    5.760728] scsi host4: ahci
[STDOUT  ] 2017-10-20T14:52:30.273791925Z: [    5.762767] scsi host5: ahci
[STDOUT  ] 2017-10-20T14:52:30.275637317Z: [    5.764412] ata1: SATA max UDMA/133 abar m4096@0xfebd2000 port 0xfebd2100 irq 24
[STDOUT  ] 2017-10-20T14:52:30.276066457Z: [    5.764854] ata2: SATA max UDMA/133 abar m4096@0xfebd2000 port 0xfebd2180 irq 24
[STDOUT  ] 2017-10-20T14:52:30.276428734Z: [    5.765214] ata3: SATA max UDMA/133 abar m4096@0xfebd2000 port 0xfebd2200 irq 24
[STDOUT  ] 2017-10-20T14:52:30.276793311Z: [    5.765577] ata4: SATA max UDMA/133 abar m4096@0xfebd2000 port 0xfebd2280 irq 24
[STDOUT  ] 2017-10-20T14:52:30.277153489Z: [    5.765943] ata5: SATA max UDMA/133 abar m4096@0xfebd2000 port 0xfebd2300 irq 24
[STDOUT  ] 2017-10-20T14:52:30.277518135Z: [    5.766298] ata6: SATA max UDMA/133 abar m4096@0xfebd2000 port 0xfebd2380 irq 24
[STDOUT  ] 2017-10-20T14:52:30.289283725Z: [    5.778134] tun: Universal TUN/TAP device driver, 1.6
[STDOUT  ] 2017-10-20T14:52:30.289603792Z: [    5.778425] tun: (C) 1999-2004 Max Krasnyansky <maxk@qualcomm.com>
[STDOUT  ] 2017-10-20T14:52:30.300657468Z: [    5.789438] VMware vmxnet3 virtual NIC driver - version 1.4.a.0-k-NAPI
[STDOUT  ] 2017-10-20T14:52:30.301752522Z: [    5.790622] hv_vmbus: registering driver hv_netvsc
[STDOUT  ] 2017-10-20T14:52:30.302000925Z: [    5.790922] Fusion MPT base driver 3.04.20
[STDOUT  ] 2017-10-20T14:52:30.302285504Z: [    5.791149] Copyright (c) 1999-2008 LSI Corporation
[STDOUT  ] 2017-10-20T14:52:30.302768401Z: [    5.791653] Fusion MPT SPI Host driver 3.04.20
[STDOUT  ] 2017-10-20T14:52:30.304890182Z: [    5.793630] i8042: PNP: PS/2 Controller [PNP0303:KBD,PNP0f13:MOU] at 0x60,0x64 irq 1,12
[STDOUT  ] 2017-10-20T14:52:30.308543639Z: [    5.797406] serio: i8042 KBD port at 0x60,0x64 irq 1
[STDOUT  ] 2017-10-20T14:52:30.309068866Z: [    5.797943] serio: i8042 AUX port at 0x60,0x64 irq 12
[STDOUT  ] 2017-10-20T14:52:30.312419538Z: [    5.801266] hv_vmbus: registering driver hyperv_keyboard
[STDOUT  ] 2017-10-20T14:52:30.31445982Z: [    5.803267] mousedev: PS/2 mouse device common for all mice
[STDOUT  ] 2017-10-20T14:52:30.319125036Z: [    5.807825] input: AT Translated Set 2 keyboard as /devices/platform/i8042/serio0/input/input1
[STDOUT  ] 2017-10-20T14:52:30.321880355Z: [    5.810678] input: PC Speaker as /devices/platform/pcspkr/input/input2
[STDOUT  ] 2017-10-20T14:52:30.325065805Z: [    5.813943] rtc_cmos 00:00: RTC can wake from S4
[STDOUT  ] 2017-10-20T14:52:30.328245578Z: [    5.817060] rtc_cmos 00:00: rtc core: registered rtc_cmos as rtc0
[STDOUT  ] 2017-10-20T14:52:30.329390136Z: [    5.818170] rtc_cmos 00:00: alarms up to one day, y3k, 114 bytes nvram, hpet irqs
[STDOUT  ] 2017-10-20T14:52:30.329806795Z: [    5.818757] i2c /dev entries driver
[STDOUT  ] 2017-10-20T14:52:30.332022045Z: [    5.820740] device-mapper: ioctl: 4.35.0-ioctl (2016-06-23) initialised: dm-devel@redhat.com
[STDOUT  ] 2017-10-20T14:52:30.336189331Z: [    5.825013] usbcore: registered new interface driver usbhid
[STDOUT  ] 2017-10-20T14:52:30.33640904Z: [    5.825354] usbhid: USB HID core driver
[STDOUT  ] 2017-10-20T14:52:30.336983652Z: [    5.825842] hv_utils: Registering HyperV Utility Driver
[STDOUT  ] 2017-10-20T14:52:30.337239007Z: [    5.826127] hv_vmbus: registering driver hv_util
[STDOUT  ] 2017-10-20T14:52:30.337538745Z: [    5.826389] hv_vmbus: registering driver hv_balloon
[STDOUT  ] 2017-10-20T14:52:30.337942689Z: [    5.826872] oprofile: using NMI interrupt.
[STDOUT  ] 2017-10-20T14:52:30.338853904Z: [    5.827821] GACT probability on
[STDOUT  ] 2017-10-20T14:52:30.339251686Z: [    5.828200] Mirror/redirect action on
[STDOUT  ] 2017-10-20T14:52:30.340117253Z: [    5.829065] Simple TC action Loaded
[STDOUT  ] 2017-10-20T14:52:30.340609343Z: [    5.829594] u32 classifier
[STDOUT  ] 2017-10-20T14:52:30.340809064Z: [    5.829754]     Performance counters on
[STDOUT  ] 2017-10-20T14:52:30.341063442Z: [    5.829956]     input device check on
[STDOUT  ] 2017-10-20T14:52:30.341403667Z: [    5.830355]     Actions configured
[STDOUT  ] 2017-10-20T14:52:30.342017886Z: [    5.830927] Netfilter messages via NETLINK v0.30.
[STDOUT  ] 2017-10-20T14:52:30.342511209Z: [    5.831400] nfnl_acct: registering with nfnetlink.
[STDOUT  ] 2017-10-20T14:52:30.343757505Z: [    5.832611] nf_conntrack version 0.5.0 (8192 buckets, 32768 max)
[STDOUT  ] 2017-10-20T14:52:30.346819635Z: [    5.835695] ctnetlink v0.93: registering with nfnetlink.
[STDOUT  ] 2017-10-20T14:52:30.349862602Z: [    5.838655] nf_tables: (c) 2007-2009 Patrick McHardy <kaber@trash.net>
[STDOUT  ] 2017-10-20T14:52:30.350612767Z: [    5.839405] nf_tables_compat: (c) 2012 Pablo Neira Ayuso <pablo@netfilter.org>
[STDOUT  ] 2017-10-20T14:52:30.353347697Z: [    5.842229] xt_time: kernel timezone is -0000
[STDOUT  ] 2017-10-20T14:52:30.353746459Z: [    5.842713] ip_set: protocol 6
[STDOUT  ] 2017-10-20T14:52:30.354444269Z: [    5.843282] IPVS: Registered protocols (TCP, UDP, SCTP, AH, ESP)
[STDOUT  ] 2017-10-20T14:52:30.354998499Z: [    5.843764] IPVS: Connection hash table configured (size=4096, memory=64Kbytes)
[STDOUT  ] 2017-10-20T14:52:30.356411052Z: [    5.845300] IPVS: Creating netns size=2104 id=0
[STDOUT  ] 2017-10-20T14:52:30.359049989Z: [    5.848000] IPVS: ipvs loaded.
[STDOUT  ] 2017-10-20T14:52:30.359388043Z: [    5.848311] IPVS: [rr] scheduler registered.
[STDOUT  ] 2017-10-20T14:52:30.359653808Z: [    5.848583] IPVS: [wrr] scheduler registered.
[STDOUT  ] 2017-10-20T14:52:30.359879047Z: [    5.848805] IPVS: [lc] scheduler registered.
[STDOUT  ] 2017-10-20T14:52:30.360161403Z: [    5.849029] IPVS: [wlc] scheduler registered.
[STDOUT  ] 2017-10-20T14:52:30.360375143Z: [    5.849301] IPVS: [fo] scheduler registered.
[STDOUT  ] 2017-10-20T14:52:30.36060172Z: [    5.849527] IPVS: [ovf] scheduler registered.
[STDOUT  ] 2017-10-20T14:52:30.361011944Z: [    5.849872] IPVS: [lblc] scheduler registered.
[STDOUT  ] 2017-10-20T14:52:30.361643924Z: [    5.850559] IPVS: [lblcr] scheduler registered.
[STDOUT  ] 2017-10-20T14:52:30.361891636Z: [    5.850816] IPVS: [dh] scheduler registered.
[STDOUT  ] 2017-10-20T14:52:30.36211288Z: [    5.851044] IPVS: [sh] scheduler registered.
[STDOUT  ] 2017-10-20T14:52:30.362337846Z: [    5.851266] IPVS: [sed] scheduler registered.
[STDOUT  ] 2017-10-20T14:52:30.362569477Z: [    5.851490] IPVS: [nq] scheduler registered.
[STDOUT  ] 2017-10-20T14:52:30.36320965Z: [    5.852098] IPVS: ftp: loaded support on port[0] = 21
[STDOUT  ] 2017-10-20T14:52:30.36400742Z: [    5.852870] ipip: IPv4 and MPLS over IPv4 tunneling driver
[STDOUT  ] 2017-10-20T14:52:30.367815287Z: [    5.856683] gre: GRE over IPv4 demultiplexor driver
[STDOUT  ] 2017-10-20T14:52:30.370404507Z: [    5.859240] ip_tables: (C) 2000-2006 Netfilter Core Team
[STDOUT  ] 2017-10-20T14:52:30.373989089Z: [    5.862798] ipt_CLUSTERIP: ClusterIP Version 0.8 loaded successfully
[STDOUT  ] 2017-10-20T14:52:30.374579453Z: [    5.863424] arp_tables: arp_tables: (C) 2002 David S. Miller
[STDOUT  ] 2017-10-20T14:52:30.376665987Z: [    5.865566] NET: Registered protocol family 10
[STDOUT  ] 2017-10-20T14:52:30.385778614Z: [    5.874623] ip6_tables: (C) 2000-2006 Netfilter Core Team
[STDOUT  ] 2017-10-20T14:52:30.393943527Z: [    5.882795] NET: Registered protocol family 17
[STDOUT  ] 2017-10-20T14:52:30.394836059Z: [    5.883749] Bridge firewalling registered
[STDOUT  ] 2017-10-20T14:52:30.395288757Z: [    5.884220] Ebtables v2.0 registered
[STDOUT  ] 2017-10-20T14:52:30.397135307Z: [    5.886034] 8021q: 802.1Q VLAN Support v1.8
[STDOUT  ] 2017-10-20T14:52:30.398503006Z: [    5.887390] 9pnet: Installing 9P2000 support
[STDOUT  ] 2017-10-20T14:52:30.399826923Z: [    5.888711] Key type dns_resolver registered
[STDOUT  ] 2017-10-20T14:52:30.400676235Z: [    5.889518] microcode: AMD CPU family 0x6 not supported
[STDOUT  ] 2017-10-20T14:52:30.404537668Z: [    5.893391] registered taskstats version 1
[STDOUT  ] 2017-10-20T14:52:30.565118206Z: [    6.054018] Key type big_key registered
[STDOUT  ] 2017-10-20T14:52:30.614717807Z: [    6.103562] ata4: SATA link down (SStatus 0 SControl 300)
[STDOUT  ] 2017-10-20T14:52:30.616907459Z: [    6.105729] ata3: SATA link up 1.5 Gbps (SStatus 113 SControl 300)
[STDOUT  ] 2017-10-20T14:52:30.620290215Z: [    6.109116] ata3.00: ATAPI: QEMU DVD-ROM, 2.5+, max UDMA/100
[STDOUT  ] 2017-10-20T14:52:30.620669559Z: [    6.109559] ata3.00: applying bridge limits
[STDOUT  ] 2017-10-20T14:52:30.622061393Z: [    6.110909] ata5: SATA link down (SStatus 0 SControl 300)
[STDOUT  ] 2017-10-20T14:52:30.622607041Z: [    6.111418] ata2: SATA link up 1.5 Gbps (SStatus 113 SControl 300)
[STDOUT  ] 2017-10-20T14:52:30.623434067Z: [    6.112269] ata2.00: ATA-7: QEMU HARDDISK, 2.5+, max UDMA/100
[STDOUT  ] 2017-10-20T14:52:30.623786538Z: [    6.112606] ata2.00: 59240 sectors, multi 16: LBA48 NCQ (depth 31/32)
[STDOUT  ] 2017-10-20T14:52:30.624138648Z: [    6.113039] ata2.00: applying bridge limits
[STDOUT  ] 2017-10-20T14:52:30.625089306Z: [    6.113959] ata2.00: configured for UDMA/100
[STDOUT  ] 2017-10-20T14:52:30.625655522Z: [    6.114478] ata1: SATA link up 1.5 Gbps (SStatus 113 SControl 300)
[STDOUT  ] 2017-10-20T14:52:30.626115451Z: [    6.114954] ata1.00: ATA-7: QEMU HARDDISK, 2.5+, max UDMA/100
[STDOUT  ] 2017-10-20T14:52:30.626456992Z: [    6.115260] ata1.00: 409600 sectors, multi 16: LBA48 NCQ (depth 31/32)
[STDOUT  ] 2017-10-20T14:52:30.626697801Z: [    6.115619] ata1.00: applying bridge limits
[STDOUT  ] 2017-10-20T14:52:30.627182367Z: [    6.116068] ata1.00: configured for UDMA/100
[STDOUT  ] 2017-10-20T14:52:30.637664167Z: [    6.126469] ata6: SATA link down (SStatus 0 SControl 300)
[STDOUT  ] 2017-10-20T14:52:30.639712005Z: [    6.128582] ata3.00: configured for UDMA/100
[STDOUT  ] 2017-10-20T14:52:30.64709024Z: [    6.135805] scsi 0:0:0:0: Direct-Access     ATA      QEMU HARDDISK    2.5+ PQ: 0 ANSI: 5
[STDOUT  ] 2017-10-20T14:52:30.664871361Z: [    6.153607] sd 0:0:0:0: [sda] 409600 512-byte logical blocks: (210 MB/200 MiB)
[STDOUT  ] 2017-10-20T14:52:30.667778348Z: [    6.156616] sd 0:0:0:0: Attached scsi generic sg0 type 0
[STDOUT  ] 2017-10-20T14:52:30.669150425Z: [    6.158015] sd 0:0:0:0: [sda] Write Protect is off
[STDOUT  ] 2017-10-20T14:52:30.671791062Z: [    6.160449] sd 0:0:0:0: [sda] Write cache: enabled, read cache: enabled, doesn't support DPO or FUA
[STDOUT  ] 2017-10-20T14:52:30.675780289Z: [    6.164478] scsi 1:0:0:0: Direct-Access     ATA      QEMU HARDDISK    2.5+ PQ: 0 ANSI: 5
[STDOUT  ] 2017-10-20T14:52:30.67925166Z: [    6.168024] sd 1:0:0:0: [sdb] 59240 512-byte logical blocks: (30.3 MB/28.9 MiB)
[STDOUT  ] 2017-10-20T14:52:30.681944609Z: [    6.170806] sd 1:0:0:0: [sdb] Write Protect is off
[STDOUT  ] 2017-10-20T14:52:30.68471706Z: [    6.173397] sd 1:0:0:0: [sdb] Write cache: enabled, read cache: enabled, doesn't support DPO or FUA
[STDOUT  ] 2017-10-20T14:52:30.685887532Z: [    6.174752] sd 1:0:0:0: Attached scsi generic sg1 type 0
[STDOUT  ] 2017-10-20T14:52:30.695934836Z: [    6.184645] scsi 2:0:0:0: CD-ROM            QEMU     QEMU DVD-ROM     2.5+ PQ: 0 ANSI: 5
[STDOUT  ] 2017-10-20T14:52:30.722200593Z: [    6.210964] sr 2:0:0:0: [sr0] scsi3-mmc drive: 4x/4x cd/rw xa/form2 tray
[STDOUT  ] 2017-10-20T14:52:30.722652754Z: [    6.211530] cdrom: Uniform CD-ROM driver Revision: 3.20
[STDOUT  ] 2017-10-20T14:52:30.72878837Z: [    6.217652] sd 1:0:0:0: [sdb] Attached SCSI disk
[STDOUT  ] 2017-10-20T14:52:30.730501027Z: [    6.219365] sr 2:0:0:0: Attached scsi generic sg2 type 5
[STDOUT  ] 2017-10-20T14:52:30.754781605Z: [    6.243644] sd 0:0:0:0: [sda] Attached SCSI disk
[STDOUT  ] 2017-10-20T14:52:30.76926319Z: [    6.258166] Key type encrypted registered
[STDOUT  ] 2017-10-20T14:52:30.77386428Z: [    6.262621] rtc_cmos 00:00: setting system clock to 2017-10-20 14:52:30 UTC (1508511150)
[STDOUT  ] 2017-10-20T14:52:30.923419207Z: [    6.412267] Freeing unused kernel memory: 1380K
[STDOUT  ] 2017-10-20T14:52:30.923779068Z: [    6.412627] Write protecting the kernel read-only data: 12288k
[STDOUT  ] 2017-10-20T14:52:30.929366949Z: [    6.418220] Freeing unused kernel memory: 124K
[STDOUT  ] 2017-10-20T14:52:31.019077585Z: [    6.507903] Freeing unused kernel memory: 1392K
[STDOUT  ] 2017-10-20T14:52:31.019760527Z: [    6.508571] tsc: Refined TSC clocksource calibration: 2300.043 MHz
[STDOUT  ] 2017-10-20T14:52:31.020337144Z: [    6.508998] clocksource: tsc: mask: 0xffffffffffffffff max_cycles: 0x21275dec2d7, max_idle_ns: 440795269413 ns
[STDOUT  ] 2017-10-20T14:52:32.025352554Z: [    7.513827] clocksource: Switched to clocksource tsc
[STDOUT  ] 2017-10-20T14:52:37.518552422Z: 
[STDOUT  ] 2017-10-20T14:52:37.519078962Z: Welcome to LinuxKit
[STDOUT  ] 2017-10-20T14:52:37.519163259Z: 
[STDOUT  ] 2017-10-20T14:52:37.519440767Z:                         ##         .
[STDOUT  ] 2017-10-20T14:52:37.51971841Z:                   ## ## ##        ==
[STDOUT  ] 2017-10-20T14:52:37.520020241Z:                ## ## ## ## ##    ===
[STDOUT  ] 2017-10-20T14:52:37.520293942Z:            /"""""""""""""""""\___/ ===
[STDOUT  ] 2017-10-20T14:52:37.520594711Z:           {                       /  ===-
[STDOUT  ] 2017-10-20T14:52:37.52087789Z:            \______ O           __/
[STDOUT  ] 2017-10-20T14:52:37.521559521Z:              \    \         __/
[STDOUT  ] 2017-10-20T14:52:37.521827347Z:               \____\_______/
[STDOUT  ] 2017-10-20T14:52:37.521906531Z: 
[STDOUT  ] 2017-10-20T14:52:40.567729099Z: [   16.056703]  sda:
[STDOUT  ] 2017-10-20T14:52:40.686844251Z: [   16.175762]  sda:
[STDOUT  ] 2017-10-20T14:52:40.746986926Z: [   16.235900]  sda: sda1
[STDOUT  ] 2017-10-20T14:52:40.875409916Z: [   16.364347]  sda: sda1
[STDOUT  ] 2017-10-20T14:53:15.314141421Z: [   50.801671] EXT4-fs (sda1): couldn't mount as ext3 due to feature incompatibilities
[STDOUT  ] 2017-10-20T14:53:15.322594743Z: [   50.811194] EXT4-fs (sda1): couldn't mount as ext2 due to feature incompatibilities
[STDOUT  ] 2017-10-20T14:53:15.358626893Z: [   50.847223] EXT4-fs (sda1): mounted filesystem with ordered data mode. Opts: (null)
[STDOUT  ] 2017-10-20T14:53:18.366916263Z: /mnt is device /dev/sda1
[STDOUT  ] 2017-10-20T14:53:18.463169389Z: [   53.951817] extlinux: sending ioctl 4c05 to a partition!
[STDOUT  ] 2017-10-20T14:53:18.463571769Z: [   53.952295] extlinux: sending ioctl 4c03 to a partition!
[STDOUT  ] 2017-10-20T14:53:19.756950514Z: [   55.245598] umount: sending ioctl 4c01 to a partition!
[STDOUT  ] 2017-10-20T14:53:19.82976308Z: 1+0 records in
[STDOUT  ] 2017-10-20T14:53:19.82998047Z: 1+0 records out
[STDOUT  ] 2017-10-20T14:53:19.945128943Z: The bootable flag on partition 1 is enabled now.
[STDOUT  ] 2017-10-20T14:53:19.94690268Z: 
[STDOUT  ] 2017-10-20T14:53:19.954511469Z: The partition table has been altered.
[STDOUT  ] 2017-10-20T14:53:19.960760283Z: Calling ioctl() to re-read partition table.
[STDOUT  ] 2017-10-20T14:53:20.021140122Z: [   55.507714]  sda: sda1
[STDOUT  ] 2017-10-20T14:53:20.034359959Z: Syncing disks.
[STDOUT  ] 2017-10-20T14:53:55.568344722Z: [   91.055930] sd 1:0:0:0: [sdb] Synchronizing SCSI cache
[STDOUT  ] 2017-10-20T14:53:55.57019453Z: [   91.058220] sd 1:0:0:0: [sdb] Stopping disk
[STDOUT  ] 2017-10-20T14:53:55.572008683Z: [   91.059796] sd 0:0:0:0: [sda] Synchronizing SCSI cache
[STDOUT  ] 2017-10-20T14:53:55.573622087Z: [   91.061654] sd 0:0:0:0: [sda] Stopping disk
[STDOUT  ] 2017-10-20T14:53:55.57859112Z: [   91.066260] ACPI: Preparing to enter system sleep state S5
[STDOUT  ] 2017-10-20T14:53:55.580530262Z: [   91.068782] reboot: Power down
[STDERR  ] 2017-10-20T14:53:55.740472399Z: + linuxkit run qemu disk.qcow2
[STDERR  ] 2017-10-20T14:53:55.765218415Z: Using existing disk [disk.qcow2] format 
[STDOUT  ] 2017-10-20T14:54:05.667157242Z: [    0.000000] Linux version 4.9.54-linuxkit (root@e73ac76f2f14) (gcc version 6.3.0 (Alpine 6.3.0) ) #1 SMP Wed Oct 11 11:30:59 UTC 2017
[STDOUT  ] 2017-10-20T14:54:05.668979165Z: [    0.000000] Command line: BOOT_IMAGE=/kernel console=ttyS0 initrd=/initrd.img
[STDOUT  ] 2017-10-20T14:54:05.66994814Z: [    0.000000] x86/fpu: Legacy x87 FPU detected.
[STDOUT  ] 2017-10-20T14:54:05.671104248Z: [    0.000000] x86/fpu: Using 'eager' FPU context switches.
[STDOUT  ] 2017-10-20T14:54:05.672105301Z: [    0.000000] e820: BIOS-provided physical RAM map:
[STDOUT  ] 2017-10-20T14:54:05.673556963Z: [    0.000000] BIOS-e820: [mem 0x0000000000000000-0x000000000009fbff] usable
[STDOUT  ] 2017-10-20T14:54:05.675221167Z: [    0.000000] BIOS-e820: [mem 0x000000000009fc00-0x000000000009ffff] reserved
[STDOUT  ] 2017-10-20T14:54:05.676788914Z: [    0.000000] BIOS-e820: [mem 0x00000000000f0000-0x00000000000fffff] reserved
[STDOUT  ] 2017-10-20T14:54:05.677769438Z: [    0.000000] BIOS-e820: [mem 0x0000000000100000-0x000000003ffdefff] usable
[STDOUT  ] 2017-10-20T14:54:05.678113011Z: [    0.000000] BIOS-e820: [mem 0x000000003ffdf000-0x000000003fffffff] reserved
[STDOUT  ] 2017-10-20T14:54:05.678470731Z: [    0.000000] BIOS-e820: [mem 0x00000000b0000000-0x00000000bfffffff] reserved
[STDOUT  ] 2017-10-20T14:54:05.67883336Z: [    0.000000] BIOS-e820: [mem 0x00000000fed1c000-0x00000000fed1ffff] reserved
[STDOUT  ] 2017-10-20T14:54:05.679188986Z: [    0.000000] BIOS-e820: [mem 0x00000000fffc0000-0x00000000ffffffff] reserved
[STDOUT  ] 2017-10-20T14:54:05.67944254Z: [    0.000000] NX (Execute Disable) protection: active
[STDOUT  ] 2017-10-20T14:54:05.679612908Z: [    0.000000] SMBIOS 2.8 present.
[STDOUT  ] 2017-10-20T14:54:05.679916423Z: [    0.000000] e820: last_pfn = 0x3ffdf max_arch_pfn = 0x400000000
[STDOUT  ] 2017-10-20T14:54:05.68027661Z: [    0.000000] x86/PAT: Configuration [0-7]: WB  WC  UC- UC  WB  WC  UC- WT  
[STDOUT  ] 2017-10-20T14:54:05.680680596Z: [    0.000000] found SMP MP-table at [mem 0x000f6aa0-0x000f6aaf] mapped at [ffff914e400f6aa0]
[STDOUT  ] 2017-10-20T14:54:05.680928978Z: [    0.000000] RAMDISK: [mem 0x3e938000-0x3ffdefff]
[STDOUT  ] 2017-10-20T14:54:05.681221921Z: [    0.000000] ACPI: Early table checksum verification disabled
[STDOUT  ] 2017-10-20T14:54:05.681541959Z: [    0.000000] ACPI: RSDP 0x00000000000F68C0 000014 (v00 BOCHS )
[STDOUT  ] 2017-10-20T14:54:05.681939967Z: [    0.000000] ACPI: RSDT 0x000000003FFE2404 000034 (v01 BOCHS  BXPCRSDT 00000001 BXPC 00000001)
[STDOUT  ] 2017-10-20T14:54:05.682360063Z: [    0.000000] ACPI: FACP 0x000000003FFE22A4 000074 (v01 BOCHS  BXPCFACP 00000001 BXPC 00000001)
[STDOUT  ] 2017-10-20T14:54:05.68770378Z: [    0.000000] ACPI: DSDT 0x000000003FFE0040 002264 (v01 BOCHS  BXPCDSDT 00000001 BXPC 00000001)
[STDOUT  ] 2017-10-20T14:54:05.687948527Z: [    0.000000] ACPI: FACS 0x000000003FFE0000 000040
[STDOUT  ] 2017-10-20T14:54:05.688376028Z: [    0.000000] ACPI: APIC 0x000000003FFE2318 000078 (v01 BOCHS  BXPCAPIC 00000001 BXPC 00000001)
[STDOUT  ] 2017-10-20T14:54:05.689020513Z: [    0.000000] ACPI: HPET 0x000000003FFE2390 000038 (v01 BOCHS  BXPCHPET 00000001 BXPC 00000001)
[STDOUT  ] 2017-10-20T14:54:05.689441747Z: [    0.000000] ACPI: MCFG 0x000000003FFE23C8 00003C (v01 BOCHS  BXPCMCFG 00000001 BXPC 00000001)
[STDOUT  ] 2017-10-20T14:54:05.689590314Z: [    0.000000] Zone ranges:
[STDOUT  ] 2017-10-20T14:54:05.689908034Z: [    0.000000]   DMA      [mem 0x0000000000001000-0x0000000000ffffff]
[STDOUT  ] 2017-10-20T14:54:05.690222692Z: [    0.000000]   DMA32    [mem 0x0000000001000000-0x000000003ffdefff]
[STDOUT  ] 2017-10-20T14:54:05.69038984Z: [    0.000000]   Normal   empty
[STDOUT  ] 2017-10-20T14:54:05.690618532Z: [    0.000000] Movable zone start for each node
[STDOUT  ] 2017-10-20T14:54:05.690808701Z: [    0.000000] Early memory node ranges
[STDOUT  ] 2017-10-20T14:54:05.691121571Z: [    0.000000]   node   0: [mem 0x0000000000001000-0x000000000009efff]
[STDOUT  ] 2017-10-20T14:54:05.691440573Z: [    0.000000]   node   0: [mem 0x0000000000100000-0x000000003ffdefff]
[STDOUT  ] 2017-10-20T14:54:05.691794158Z: [    0.000000] Initmem setup node 0 [mem 0x0000000000001000-0x000000003ffdefff]
[STDOUT  ] 2017-10-20T14:54:05.692006143Z: [    0.000000] ACPI: PM-Timer IO Port: 0x608
[STDOUT  ] 2017-10-20T14:54:05.69229642Z: [    0.000000] ACPI: LAPIC_NMI (acpi_id[0xff] dfl dfl lint[0x1])
[STDOUT  ] 2017-10-20T14:54:05.692649086Z: [    0.000000] IOAPIC[0]: apic_id 0, version 32, address 0xfec00000, GSI 0-23
[STDOUT  ] 2017-10-20T14:54:05.692976523Z: [    0.000000] ACPI: INT_SRC_OVR (bus 0 bus_irq 0 global_irq 2 dfl dfl)
[STDOUT  ] 2017-10-20T14:54:05.693313562Z: [    0.000000] ACPI: INT_SRC_OVR (bus 0 bus_irq 5 global_irq 5 high level)
[STDOUT  ] 2017-10-20T14:54:05.693646305Z: [    0.000000] ACPI: INT_SRC_OVR (bus 0 bus_irq 9 global_irq 9 high level)
[STDOUT  ] 2017-10-20T14:54:05.693994846Z: [    0.000000] ACPI: INT_SRC_OVR (bus 0 bus_irq 10 global_irq 10 high level)
[STDOUT  ] 2017-10-20T14:54:05.694336853Z: [    0.000000] ACPI: INT_SRC_OVR (bus 0 bus_irq 11 global_irq 11 high level)
[STDOUT  ] 2017-10-20T14:54:05.694642852Z: [    0.000000] Using ACPI (MADT) for SMP configuration information
[STDOUT  ] 2017-10-20T14:54:05.694911027Z: [    0.000000] ACPI: HPET id: 0x8086a201 base: 0xfed00000
[STDOUT  ] 2017-10-20T14:54:05.695175719Z: [    0.000000] smpboot: Allowing 1 CPUs, 0 hotplug CPUs
[STDOUT  ] 2017-10-20T14:54:05.695514462Z: [    0.000000] e820: [mem 0x40000000-0xafffffff] available for PCI devices
[STDOUT  ] 2017-10-20T14:54:05.695801609Z: [    0.000000] Booting paravirtualized kernel on bare hardware
[STDOUT  ] 2017-10-20T14:54:05.69632038Z: [    0.000000] clocksource: refined-jiffies: mask: 0xffffffff max_cycles: 0xffffffff, max_idle_ns: 19112604462750000 ns
[STDOUT  ] 2017-10-20T14:54:05.6967075Z: [    0.000000] setup_percpu: NR_CPUS:128 nr_cpumask_bits:128 nr_cpu_ids:1 nr_node_ids:1
[STDOUT  ] 2017-10-20T14:54:05.697117325Z: [    0.000000] percpu: Embedded 35 pages/cpu @ffff914e7e600000 s105240 r8192 d29928 u2097152
[STDOUT  ] 2017-10-20T14:54:05.707346917Z: [    0.000000] Built 1 zonelists in Zone order, mobility grouping on.  Total pages: 257896
[STDOUT  ] 2017-10-20T14:54:05.707380618Z: [    0.000000] Kernel command line: BOOT_IMAGE=/kernel console=ttyS0 initrd=/initrd.img
[STDOUT  ] 2017-10-20T14:54:05.707396213Z: [    0.000000] PID hash table entries: 4096 (order: 3, 32768 bytes)
[STDOUT  ] 2017-10-20T14:54:05.707409695Z: [    0.000000] Dentry cache hash table entries: 131072 (order: 8, 1048576 bytes)
[STDOUT  ] 2017-10-20T14:54:05.707423199Z: [    0.000000] Inode-cache hash table entries: 65536 (order: 7, 524288 bytes)
[STDOUT  ] 2017-10-20T14:54:05.707442285Z: [    0.000000] Memory: 990976K/1048052K available (8052K kernel code, 1367K rwdata, 2704K rodata, 1380K init, 568K bss, 57076K reserved, 0K cma-reserved)
[STDOUT  ] 2017-10-20T14:54:05.707543799Z: [    0.000000] Hierarchical RCU implementation.
[STDOUT  ] 2017-10-20T14:54:05.707556969Z: [    0.000000] 	Build-time adjustment of leaf fanout to 64.
[STDOUT  ] 2017-10-20T14:54:05.707571364Z: [    0.000000] 	RCU restricting CPUs from NR_CPUS=128 to nr_cpu_ids=1.
[STDOUT  ] 2017-10-20T14:54:05.707584623Z: [    0.000000] RCU: Adjusting geometry for rcu_fanout_leaf=64, nr_cpu_ids=1
[STDOUT  ] 2017-10-20T14:54:05.707597441Z: [    0.000000] NR_IRQS:8448 nr_irqs:256 16
[STDOUT  ] 2017-10-20T14:54:05.707610147Z: [    0.000000] Console: colour VGA+ 80x25
[STDOUT  ] 2017-10-20T14:54:05.707623018Z: [    0.000000] console [ttyS0] enabled
[STDOUT  ] 2017-10-20T14:54:05.707636284Z: [    0.000000] clocksource: hpet: mask: 0xffffffff max_cycles: 0xffffffff, max_idle_ns: 19112604467 ns
[STDOUT  ] 2017-10-20T14:54:05.787791566Z: [    0.000000] tsc: Unable to calibrate against PIT
[STDOUT  ] 2017-10-20T14:54:05.788110897Z: [    0.000000] tsc: using HPET reference calibration
[STDOUT  ] 2017-10-20T14:54:05.788562904Z: [    0.000000] tsc: Detected 2300.090 MHz processor
[STDOUT  ] 2017-10-20T14:54:05.792391778Z: [    0.052729] Calibrating delay loop (skipped), value calculated using timer frequency.. 4600.18 BogoMIPS (lpj=23000900)
[STDOUT  ] 2017-10-20T14:54:05.793066614Z: [    0.053991] pid_max: default: 32768 minimum: 301
[STDOUT  ] 2017-10-20T14:54:05.794279771Z: [    0.055271] ACPI: Core revision 20160831
[STDOUT  ] 2017-10-20T14:54:05.872839081Z: [    0.133470] ACPI: 1 ACPI AML tables successfully acquired and loaded
[STDOUT  ] 2017-10-20T14:54:05.877850103Z: [    0.138641] Security Framework initialized
[STDOUT  ] 2017-10-20T14:54:05.878195005Z: [    0.139021] Yama: becoming mindful.
[STDOUT  ] 2017-10-20T14:54:05.881734802Z: [    0.142381] Mount-cache hash table entries: 2048 (order: 2, 16384 bytes)
[STDOUT  ] 2017-10-20T14:54:05.882228037Z: [    0.142853] Mountpoint-cache hash table entries: 2048 (order: 2, 16384 bytes)
[STDOUT  ] 2017-10-20T14:54:05.915576865Z: [    0.176261] Last level iTLB entries: 4KB 0, 2MB 0, 4MB 0
[STDOUT  ] 2017-10-20T14:54:05.915927465Z: [    0.176615] Last level dTLB entries: 4KB 0, 2MB 0, 4MB 0, 1GB 0
[STDOUT  ] 2017-10-20T14:54:06.494690287Z: [    0.755264] Freeing SMP alternatives memory: 20K
[STDOUT  ] 2017-10-20T14:54:06.509988462Z: [    0.770502] ftrace: allocating 35580 entries in 139 pages
[STDOUT  ] 2017-10-20T14:54:07.04353486Z: [    1.053812] smpboot: Max logical packages: 1
[STDOUT  ] 2017-10-20T14:54:07.053503907Z: [    1.064216] ..TIMER: vector=0x30 apic1=0 pin1=2 apic2=-1 pin2=-1
[STDOUT  ] 2017-10-20T14:54:07.27111442Z: [    1.170000] smpboot: CPU0: AMD QEMU Virtual CPU version 2.5+ (family: 0x6, model: 0x6, stepping: 0x3)
[STDOUT  ] 2017-10-20T14:54:07.272644029Z: [    1.170000] Performance Events: PMU not available due to virtualization, using software events only.
[STDOUT  ] 2017-10-20T14:54:07.29954181Z: [    1.189055] NMI watchdog: disabled (cpu0): hardware events not enabled
[STDOUT  ] 2017-10-20T14:54:07.299856749Z: [    1.189398] NMI watchdog: Shutting down hard lockup detector on all cpus
[STDOUT  ] 2017-10-20T14:54:07.303736651Z: [    1.193038] x86: Booted up 1 node, 1 CPUs
[STDOUT  ] 2017-10-20T14:54:07.30416674Z: [    1.193374] smpboot: Total of 1 processors activated (4600.18 BogoMIPS)
[STDOUT  ] 2017-10-20T14:54:07.329117529Z: [    1.218745] devtmpfs: initialized
[STDOUT  ] 2017-10-20T14:54:07.33867552Z: [    1.228305] x86/mm: Memory block size: 128MB
[STDOUT  ] 2017-10-20T14:54:07.461807285Z: [    1.351186] clocksource: jiffies: mask: 0xffffffff max_cycles: 0xffffffff, max_idle_ns: 19112604462750000 ns
[STDOUT  ] 2017-10-20T14:54:07.462418959Z: [    1.351983] futex hash table entries: 256 (order: 2, 16384 bytes)
[STDOUT  ] 2017-10-20T14:54:07.475636843Z: [    1.365198] NET: Registered protocol family 16
[STDOUT  ] 2017-10-20T14:54:07.492261132Z: [    1.381839] cpuidle: using governor ladder
[STDOUT  ] 2017-10-20T14:54:07.492668363Z: [    1.382319] cpuidle: using governor menu
[STDOUT  ] 2017-10-20T14:54:07.494433149Z: [    1.384066] ACPI: bus type PCI registered
[STDOUT  ] 2017-10-20T14:54:07.499050862Z: [    1.388490] PCI: MMCONFIG for domain 0000 [bus 00-ff] at [mem 0xb0000000-0xbfffffff] (base 0xb0000000)
[STDOUT  ] 2017-10-20T14:54:07.499630728Z: [    1.389178] PCI: MMCONFIG at [mem 0xb0000000-0xbfffffff] reserved in E820
[STDOUT  ] 2017-10-20T14:54:07.501553285Z: [    1.391120] PCI: Using configuration type 1 for base access
[STDOUT  ] 2017-10-20T14:54:07.604857829Z: [    1.494373] HugeTLB registered 2 MB page size, pre-allocated 0 pages
[STDOUT  ] 2017-10-20T14:54:07.620611745Z: [    1.510220] ACPI: Added _OSI(Module Device)
[STDOUT  ] 2017-10-20T14:54:07.621740836Z: [    1.510486] ACPI: Added _OSI(Processor Device)
[STDOUT  ] 2017-10-20T14:54:07.621761158Z: [    1.510687] ACPI: Added _OSI(3.0 _SCP Extensions)
[STDOUT  ] 2017-10-20T14:54:07.621801186Z: [    1.510896] ACPI: Added _OSI(Processor Aggregator Device)
[STDOUT  ] 2017-10-20T14:54:07.748189495Z: [    1.637673] ACPI: Interpreter enabled
[STDOUT  ] 2017-10-20T14:54:07.74919631Z: [    1.638735] ACPI: (supports S0 S5)
[STDOUT  ] 2017-10-20T14:54:07.749518042Z: [    1.639013] ACPI: Using IOAPIC for interrupt routing
[STDOUT  ] 2017-10-20T14:54:07.752509997Z: [    1.641968] PCI: Using host bridge windows from ACPI; if necessary, use "pci=nocrs" and report a bug
[STDOUT  ] 2017-10-20T14:54:07.857203803Z: [    1.746736] ACPI: PCI Root Bridge [PCI0] (domain 0000 [bus 00-ff])
[STDOUT  ] 2017-10-20T14:54:07.858416743Z: [    1.747902] acpi PNP0A08:00: _OSC: OS supports [ExtendedConfig ASPM ClockPM Segments MSI]
[STDOUT  ] 2017-10-20T14:54:07.867152116Z: [    1.756652] acpi PNP0A08:00: _OSC: OS now controls [PCIeHotplug PME PCIeCapability]
[STDOUT  ] 2017-10-20T14:54:07.873187914Z: [    1.762818] PCI host bridge to bus 0000:00
[STDOUT  ] 2017-10-20T14:54:07.873696975Z: [    1.763252] pci_bus 0000:00: root bus resource [io  0x0000-0x0cf7 window]
[STDOUT  ] 2017-10-20T14:54:07.874035177Z: [    1.763592] pci_bus 0000:00: root bus resource [io  0x0d00-0xffff window]
[STDOUT  ] 2017-10-20T14:54:07.874370739Z: [    1.763909] pci_bus 0000:00: root bus resource [mem 0x000a0000-0x000bffff window]
[STDOUT  ] 2017-10-20T14:54:07.874709141Z: [    1.764241] pci_bus 0000:00: root bus resource [mem 0xc0000000-0xfebfffff window]
[STDOUT  ] 2017-10-20T14:54:07.875168332Z: [    1.764769] pci_bus 0000:00: root bus resource [bus 00-ff]
[STDOUT  ] 2017-10-20T14:54:08.053738392Z: [    1.943185] pci 0000:00:1f.0: quirk: [io  0x0600-0x067f] claimed by ICH6 ACPI/GPIO/TCO
[STDOUT  ] 2017-10-20T14:54:08.165829608Z: [    2.055069] ACPI: PCI Interrupt Link [LNKA] (IRQs 5 *10 11)
[STDOUT  ] 2017-10-20T14:54:08.173441276Z: [    2.060407] ACPI: PCI Interrupt Link [LNKB] (IRQs 5 *10 11)
[STDOUT  ] 2017-10-20T14:54:08.175790165Z: [    2.062755] ACPI: PCI Interrupt Link [LNKC] (IRQs 5 10 *11)
[STDOUT  ] 2017-10-20T14:54:08.178218569Z: [    2.065190] ACPI: PCI Interrupt Link [LNKD] (IRQs 5 10 *11)
[STDOUT  ] 2017-10-20T14:54:08.180706097Z: [    2.070169] ACPI: PCI Interrupt Link [LNKE] (IRQs 5 *10 11)
[STDOUT  ] 2017-10-20T14:54:08.183094077Z: [    2.072561] ACPI: PCI Interrupt Link [LNKF] (IRQs 5 *10 11)
[STDOUT  ] 2017-10-20T14:54:08.185433177Z: [    2.074905] ACPI: PCI Interrupt Link [LNKG] (IRQs 5 10 *11)
[STDOUT  ] 2017-10-20T14:54:08.190661547Z: [    2.080127] ACPI: PCI Interrupt Link [LNKH] (IRQs 5 10 *11)
[STDOUT  ] 2017-10-20T14:54:08.191582835Z: [    2.081122] ACPI: PCI Interrupt Link [GSIA] (IRQs *16)
[STDOUT  ] 2017-10-20T14:54:08.192268434Z: [    2.081816] ACPI: PCI Interrupt Link [GSIB] (IRQs *17)
[STDOUT  ] 2017-10-20T14:54:08.193225278Z: [    2.082701] ACPI: PCI Interrupt Link [GSIC] (IRQs *18)
[STDOUT  ] 2017-10-20T14:54:08.193944159Z: [    2.083491] ACPI: PCI Interrupt Link [GSID] (IRQs *19)
[STDOUT  ] 2017-10-20T14:54:08.194628679Z: [    2.084176] ACPI: PCI Interrupt Link [GSIE] (IRQs *20)
[STDOUT  ] 2017-10-20T14:54:08.195309105Z: [    2.084860] ACPI: PCI Interrupt Link [GSIF] (IRQs *21)
[STDOUT  ] 2017-10-20T14:54:08.1959855Z: [    2.085539] ACPI: PCI Interrupt Link [GSIG] (IRQs *22)
[STDOUT  ] 2017-10-20T14:54:08.196671068Z: [    2.086215] ACPI: PCI Interrupt Link [GSIH] (IRQs *23)
[STDOUT  ] 2017-10-20T14:54:08.202329958Z: [    2.091845] ACPI: Enabled 2 GPEs in block 00 to 3F
[STDOUT  ] 2017-10-20T14:54:08.209035827Z: [    2.098641] SCSI subsystem initialized
[STDOUT  ] 2017-10-20T14:54:08.211963102Z: [    2.101629] ACPI: bus type USB registered
[STDOUT  ] 2017-10-20T14:54:08.213509393Z: [    2.103118] usbcore: registered new interface driver usbfs
[STDOUT  ] 2017-10-20T14:54:08.214603237Z: [    2.104234] usbcore: registered new interface driver hub
[STDOUT  ] 2017-10-20T14:54:08.215643626Z: [    2.105269] usbcore: registered new device driver usb
[STDOUT  ] 2017-10-20T14:54:08.217133346Z: [    2.106781] pps_core: LinuxPPS API ver. 1 registered
[STDOUT  ] 2017-10-20T14:54:08.217573567Z: [    2.107032] pps_core: Software ver. 5.3.6 - Copyright 2005-2007 Rodolfo Giometti <giometti@linux.it>
[STDOUT  ] 2017-10-20T14:54:08.218000141Z: [    2.107681] PTP clock support registered
[STDOUT  ] 2017-10-20T14:54:08.219580228Z: [    2.109287] wmi: Mapper loaded
[STDOUT  ] 2017-10-20T14:54:08.221234598Z: [    2.110834] PCI: Using ACPI for IRQ routing
[STDOUT  ] 2017-10-20T14:54:08.252213802Z: [    2.141829] NetLabel: Initializing
[STDOUT  ] 2017-10-20T14:54:08.252427887Z: [    2.142046] NetLabel:  domain hash size = 128
[STDOUT  ] 2017-10-20T14:54:08.252667717Z: [    2.142255] NetLabel:  protocols = UNLABELED CIPSOv4
[STDOUT  ] 2017-10-20T14:54:08.255563356Z: [    2.145111] NetLabel:  unlabeled traffic allowed by default
[STDOUT  ] 2017-10-20T14:54:08.256966209Z: [    2.146465] HPET: 3 timers in total, 0 timers will be used for per-cpu timer
[STDOUT  ] 2017-10-20T14:54:08.258139184Z: [    2.147297] hpet0: at MMIO 0xfed00000, IRQs 2, 8, 0
[STDOUT  ] 2017-10-20T14:54:08.258442917Z: [    2.148002] hpet0: 3 comparators, 64-bit 100.000000 MHz counter
[STDOUT  ] 2017-10-20T14:54:08.266824769Z: [    2.155703] clocksource: Switched to clocksource hpet
[STDOUT  ] 2017-10-20T14:54:08.776042055Z: [    2.659585] VFS: Disk quotas dquot_6.6.0
[STDOUT  ] 2017-10-20T14:54:08.777299016Z: [    2.660761] VFS: Dquot-cache hash table entries: 512 (order 0, 4096 bytes)
[STDOUT  ] 2017-10-20T14:54:08.781114216Z: [    2.664729] FS-Cache: Loaded
[STDOUT  ] 2017-10-20T14:54:08.789660867Z: [    2.673271] CacheFiles: Loaded
[STDOUT  ] 2017-10-20T14:54:08.792088707Z: [    2.675704] pnp: PnP ACPI init
[STDOUT  ] 2017-10-20T14:54:08.811435638Z: [    2.695005] pnp: PnP ACPI: found 5 devices
[STDOUT  ] 2017-10-20T14:54:08.8937953Z: [    2.777179] clocksource: acpi_pm: mask: 0xffffff max_cycles: 0xffffff, max_idle_ns: 2085701024 ns
[STDOUT  ] 2017-10-20T14:54:08.897975345Z: [    2.781552] NET: Registered protocol family 2
[STDOUT  ] 2017-10-20T14:54:08.909988768Z: [    2.793466] TCP established hash table entries: 8192 (order: 4, 65536 bytes)
[STDOUT  ] 2017-10-20T14:54:08.910703348Z: [    2.794200] TCP bind hash table entries: 8192 (order: 5, 131072 bytes)
[STDOUT  ] 2017-10-20T14:54:08.911369496Z: [    2.794883] TCP: Hash tables configured (established 8192 bind 8192)
[STDOUT  ] 2017-10-20T14:54:08.913771903Z: [    2.797287] UDP hash table entries: 512 (order: 2, 16384 bytes)
[STDOUT  ] 2017-10-20T14:54:08.914310759Z: [    2.797814] UDP-Lite hash table entries: 512 (order: 2, 16384 bytes)
[STDOUT  ] 2017-10-20T14:54:08.918035429Z: [    2.801601] NET: Registered protocol family 1
[STDOUT  ] 2017-10-20T14:54:08.919410802Z: [    2.802849] pci 0000:00:01.0: Video device with shadowed ROM at [mem 0x000c0000-0x000dffff]
[STDOUT  ] 2017-10-20T14:54:08.933876789Z: [    2.817470] Unpacking initramfs...
[STDOUT  ] 2017-10-20T14:54:14.475321749Z: [    8.358244] Freeing initrd memory: 23196K
[STDOUT  ] 2017-10-20T14:54:14.515169167Z: [    8.397882] PCLMULQDQ-NI instructions are not detected.
[STDOUT  ] 2017-10-20T14:54:14.518885298Z: [    8.401611] AVX or AES-NI instructions are not detected.
[STDOUT  ] 2017-10-20T14:54:14.520131519Z: [    8.402877] CPU feature 'AVX registers' is not supported.
[STDOUT  ] 2017-10-20T14:54:14.521313073Z: [    8.404063] CPU feature 'AVX registers' is not supported.
[STDOUT  ] 2017-10-20T14:54:14.522512276Z: [    8.405264] CPU feature 'AVX registers' is not supported.
[STDOUT  ] 2017-10-20T14:54:14.523693374Z: [    8.406442] CPU feature 'AVX registers' is not supported.
[STDOUT  ] 2017-10-20T14:54:14.524860545Z: [    8.407617] AVX2 or AES-NI instructions are not detected.
[STDOUT  ] 2017-10-20T14:54:14.525876137Z: [    8.408767] AVX2 instructions are not detected.
[STDOUT  ] 2017-10-20T14:54:14.540102098Z: [    8.422806] audit: initializing netlink subsys (disabled)
[STDOUT  ] 2017-10-20T14:54:14.54328007Z: [    8.425906] audit: type=2000 audit(1508511252.420:1): initialized
[STDOUT  ] 2017-10-20T14:54:14.555776069Z: [    8.438292] workingset: timestamp_bits=46 max_order=18 bucket_order=0
[STDOUT  ] 2017-10-20T14:54:14.564169138Z: [    8.446808] squashfs: version 4.0 (2009/01/31) Phillip Lougher
[STDOUT  ] 2017-10-20T14:54:14.568832688Z: [    8.451556] FS-Cache: Netfs 'cifs' registered for caching
[STDOUT  ] 2017-10-20T14:54:14.570536643Z: [    8.453554] fuse init (API version 7.26)
[STDOUT  ] 2017-10-20T14:54:14.574819191Z: [    8.457363] SGI XFS with ACLs, security attributes, no debug enabled
[STDOUT  ] 2017-10-20T14:54:14.582045958Z: [    8.464747] 9p: Installing v9fs 9p2000 file system support
[STDOUT  ] 2017-10-20T14:54:14.583346323Z: [    8.466105] FS-Cache: Netfs '9p' registered for caching
[STDOUT  ] 2017-10-20T14:54:14.64313967Z: [    8.526032] NET: Registered protocol family 38
[STDOUT  ] 2017-10-20T14:54:14.64437006Z: [    8.527364] Key type asymmetric registered
[STDOUT  ] 2017-10-20T14:54:14.645449273Z: [    8.528315] Asymmetric key parser 'x509' registered
[STDOUT  ] 2017-10-20T14:54:14.647703262Z: [    8.529934] Block layer SCSI generic (bsg) driver version 0.4 loaded (major 251)
[STDOUT  ] 2017-10-20T14:54:14.650882046Z: [    8.533890] io scheduler noop registered
[STDOUT  ] 2017-10-20T14:54:14.652008959Z: [    8.534817] io scheduler deadline registered (default)
[STDOUT  ] 2017-10-20T14:54:14.653304975Z: [    8.536339] io scheduler cfq registered
[STDOUT  ] 2017-10-20T14:54:14.659228989Z: [    8.541922] pci_hotplug: PCI Hot Plug PCI Core version: 0.5
[STDOUT  ] 2017-10-20T14:54:14.660894344Z: [    8.543406] pciehp: PCI Express Hot Plug Controller Driver version: 0.4
[STDOUT  ] 2017-10-20T14:54:14.662811718Z: [    8.545319] shpchp: Standard Hot Plug PCI Controller Driver version: 0.4
[STDOUT  ] 2017-10-20T14:54:14.664392812Z: [    8.547250] hv_vmbus: registering driver hyperv_fb
[STDOUT  ] 2017-10-20T14:54:14.670885113Z: [    8.553229] input: Power Button as /devices/LNXSYSTM:00/LNXPWRBN:00/input/input0
[STDOUT  ] 2017-10-20T14:54:14.672648981Z: [    8.555710] ACPI: Power Button [PWRF]
[STDOUT  ] 2017-10-20T14:54:14.680835408Z: [    8.563861] GHES: HEST is not enabled!
[STDOUT  ] 2017-10-20T14:54:14.702313751Z: [    8.581898] ACPI: PCI Interrupt Link [GSIG] enabled at IRQ 22
[STDOUT  ] 2017-10-20T14:54:14.723323441Z: [    8.605641] ACPI: PCI Interrupt Link [GSIH] enabled at IRQ 23
[STDOUT  ] 2017-10-20T14:54:14.730702609Z: [    8.613296] xenfs: not registering filesystem on non-xen platform
[STDOUT  ] 2017-10-20T14:54:14.734555538Z: [    8.617087] Serial: 8250/16550 driver, 4 ports, IRQ sharing disabled
[STDOUT  ] 2017-10-20T14:54:14.764588583Z: [    8.646970] 00:04: ttyS0 at I/O 0x3f8 (irq = 4, base_baud = 115200) is a 16550A
[STDOUT  ] 2017-10-20T14:54:14.782061564Z: [    8.664997] Non-volatile memory driver v1.3
[STDOUT  ] 2017-10-20T14:54:14.793642367Z: [    8.675526] Hangcheck: starting hangcheck timer 0.9.1 (tick is 180 seconds, margin is 60 seconds).
[STDOUT  ] 2017-10-20T14:54:14.797911025Z: [    8.680954] random: fast init done
[STDOUT  ] 2017-10-20T14:54:14.800873784Z: [    8.683965] random: crng init done
[STDOUT  ] 2017-10-20T14:54:14.853118969Z: [    8.736460] loop: module loaded
[STDOUT  ] 2017-10-20T14:54:14.868444494Z: [    8.751659] nbd: registered device at major 43
[STDOUT  ] 2017-10-20T14:54:14.910035994Z: [    8.793035] lpc_ich 0000:00:1f.0: I/O space for GPIO uninitialized
[STDOUT  ] 2017-10-20T14:54:14.912134769Z: [    8.795292] VMware PVSCSI driver - version 1.0.7.0-k
[STDOUT  ] 2017-10-20T14:54:14.91316133Z: [    8.796341] hv_vmbus: registering driver hv_storvsc
[STDOUT  ] 2017-10-20T14:54:14.923054197Z: [    8.806191] ACPI: PCI Interrupt Link [GSIA] enabled at IRQ 16
[STDOUT  ] 2017-10-20T14:54:14.930463906Z: [    8.813236] ahci 0000:00:1f.2: AHCI 0001.0000 32 slots 6 ports 1.5 Gbps 0x3f impl SATA mode
[STDOUT  ] 2017-10-20T14:54:14.931204208Z: [    8.814437] ahci 0000:00:1f.2: flags: 64bit ncq only 
[STDOUT  ] 2017-10-20T14:54:14.961969171Z: [    8.845159] scsi host0: ahci
[STDOUT  ] 2017-10-20T14:54:14.968612576Z: [    8.851714] scsi host1: ahci
[STDOUT  ] 2017-10-20T14:54:14.972639014Z: [    8.855825] scsi host2: ahci
[STDOUT  ] 2017-10-20T14:54:14.976500688Z: [    8.859680] scsi host3: ahci
[STDOUT  ] 2017-10-20T14:54:14.980636379Z: [    8.863825] scsi host4: ahci
[STDOUT  ] 2017-10-20T14:54:14.984597327Z: [    8.867720] scsi host5: ahci
[STDOUT  ] 2017-10-20T14:54:14.988925707Z: [    8.871279] ata1: SATA max UDMA/133 abar m4096@0xfebd2000 port 0xfebd2100 irq 24
[STDOUT  ] 2017-10-20T14:54:14.990496433Z: [    8.872891] ata2: SATA max UDMA/133 abar m4096@0xfebd2000 port 0xfebd2180 irq 24
[STDOUT  ] 2017-10-20T14:54:14.991966377Z: [    8.874358] ata3: SATA max UDMA/133 abar m4096@0xfebd2000 port 0xfebd2200 irq 24
[STDOUT  ] 2017-10-20T14:54:14.993577986Z: [    8.875840] ata4: SATA max UDMA/133 abar m4096@0xfebd2000 port 0xfebd2280 irq 24
[STDOUT  ] 2017-10-20T14:54:14.995065304Z: [    8.877447] ata5: SATA max UDMA/133 abar m4096@0xfebd2000 port 0xfebd2300 irq 24
[STDOUT  ] 2017-10-20T14:54:14.996608927Z: [    8.878916] ata6: SATA max UDMA/133 abar m4096@0xfebd2000 port 0xfebd2380 irq 24
[STDOUT  ] 2017-10-20T14:54:15.019150696Z: [    8.901894] tun: Universal TUN/TAP device driver, 1.6
[STDOUT  ] 2017-10-20T14:54:15.020445825Z: [    8.903061] tun: (C) 1999-2004 Max Krasnyansky <maxk@qualcomm.com>
[STDOUT  ] 2017-10-20T14:54:15.038540165Z: [    8.920984] VMware vmxnet3 virtual NIC driver - version 1.4.a.0-k-NAPI
[STDOUT  ] 2017-10-20T14:54:15.040262241Z: [    8.923025] hv_vmbus: registering driver hv_netvsc
[STDOUT  ] 2017-10-20T14:54:15.041166274Z: [    8.924172] Fusion MPT base driver 3.04.20
[STDOUT  ] 2017-10-20T14:54:15.042150944Z: [    8.925018] Copyright (c) 1999-2008 LSI Corporation
[STDOUT  ] 2017-10-20T14:54:15.0434581Z: [    8.926370] Fusion MPT SPI Host driver 3.04.20
[STDOUT  ] 2017-10-20T14:54:15.047945726Z: [    8.930084] i8042: PNP: PS/2 Controller [PNP0303:KBD,PNP0f13:MOU] at 0x60,0x64 irq 1,12
[STDOUT  ] 2017-10-20T14:54:15.05496019Z: [    8.937775] serio: i8042 KBD port at 0x60,0x64 irq 1
[STDOUT  ] 2017-10-20T14:54:15.056499439Z: [    8.939220] serio: i8042 AUX port at 0x60,0x64 irq 12
[STDOUT  ] 2017-10-20T14:54:15.062113431Z: [    8.944840] hv_vmbus: registering driver hyperv_keyboard
[STDOUT  ] 2017-10-20T14:54:15.066126208Z: [    8.948811] mousedev: PS/2 mouse device common for all mice
[STDOUT  ] 2017-10-20T14:54:15.075358066Z: [    8.957489] input: AT Translated Set 2 keyboard as /devices/platform/i8042/serio0/input/input1
[STDOUT  ] 2017-10-20T14:54:15.08002693Z: [    8.962530] input: PC Speaker as /devices/platform/pcspkr/input/input2
[STDOUT  ] 2017-10-20T14:54:15.085246335Z: [    8.968102] rtc_cmos 00:00: RTC can wake from S4
[STDOUT  ] 2017-10-20T14:54:15.093110923Z: [    8.975715] rtc_cmos 00:00: rtc core: registered rtc_cmos as rtc0
[STDOUT  ] 2017-10-20T14:54:15.095811222Z: [    8.978161] rtc_cmos 00:00: alarms up to one day, y3k, 114 bytes nvram, hpet irqs
[STDOUT  ] 2017-10-20T14:54:15.096986467Z: [    8.980001] i2c /dev entries driver
[STDOUT  ] 2017-10-20T14:54:15.101370525Z: [    8.983533] device-mapper: ioctl: 4.35.0-ioctl (2016-06-23) initialised: dm-devel@redhat.com
[STDOUT  ] 2017-10-20T14:54:15.109868671Z: [    8.992485] usbcore: registered new interface driver usbhid
[STDOUT  ] 2017-10-20T14:54:15.110974383Z: [    8.994016] usbhid: USB HID core driver
[STDOUT  ] 2017-10-20T14:54:15.112504966Z: [    8.995272] hv_utils: Registering HyperV Utility Driver
[STDOUT  ] 2017-10-20T14:54:15.113444563Z: [    8.996366] hv_vmbus: registering driver hv_util
[STDOUT  ] 2017-10-20T14:54:15.114445306Z: [    8.997313] hv_vmbus: registering driver hv_balloon
[STDOUT  ] 2017-10-20T14:54:15.115602616Z: [    8.998589] oprofile: using NMI interrupt.
[STDOUT  ] 2017-10-20T14:54:15.117897039Z: [    9.001016] GACT probability on
[STDOUT  ] 2017-10-20T14:54:15.119042254Z: [    9.002102] Mirror/redirect action on
[STDOUT  ] 2017-10-20T14:54:15.120809962Z: [    9.003891] Simple TC action Loaded
[STDOUT  ] 2017-10-20T14:54:15.121921942Z: [    9.005170] u32 classifier
[STDOUT  ] 2017-10-20T14:54:15.122735441Z: [    9.005788]     Performance counters on
[STDOUT  ] 2017-10-20T14:54:15.123520707Z: [    9.006600]     input device check on
[STDOUT  ] 2017-10-20T14:54:15.124278966Z: [    9.007400]     Actions configured
[STDOUT  ] 2017-10-20T14:54:15.125810168Z: [    9.008631] Netfilter messages via NETLINK v0.30.
[STDOUT  ] 2017-10-20T14:54:15.127257858Z: [    9.010060] nfnl_acct: registering with nfnetlink.
[STDOUT  ] 2017-10-20T14:54:15.130376421Z: [    9.013001] nf_conntrack version 0.5.0 (8192 buckets, 32768 max)
[STDOUT  ] 2017-10-20T14:54:15.135776274Z: [    9.018511] ctnetlink v0.93: registering with nfnetlink.
[STDOUT  ] 2017-10-20T14:54:15.142237046Z: [    9.024740] nf_tables: (c) 2007-2009 Patrick McHardy <kaber@trash.net>
[STDOUT  ] 2017-10-20T14:54:15.144334187Z: [    9.026748] nf_tables_compat: (c) 2012 Pablo Neira Ayuso <pablo@netfilter.org>
[STDOUT  ] 2017-10-20T14:54:15.148713487Z: [    9.031629] xt_time: kernel timezone is -0000
[STDOUT  ] 2017-10-20T14:54:15.149770542Z: [    9.032949] ip_set: protocol 6
[STDOUT  ] 2017-10-20T14:54:15.151633902Z: [    9.034274] IPVS: Registered protocols (TCP, UDP, SCTP, AH, ESP)
[STDOUT  ] 2017-10-20T14:54:15.153381691Z: [    9.035770] IPVS: Connection hash table configured (size=4096, memory=64Kbytes)
[STDOUT  ] 2017-10-20T14:54:15.156389541Z: [    9.039223] IPVS: Creating netns size=2104 id=0
[STDOUT  ] 2017-10-20T14:54:15.161568625Z: [    9.044704] IPVS: ipvs loaded.
[STDOUT  ] 2017-10-20T14:54:15.162638538Z: [    9.045575] IPVS: [rr] scheduler registered.
[STDOUT  ] 2017-10-20T14:54:15.16362108Z: [    9.046545] IPVS: [wrr] scheduler registered.
[STDOUT  ] 2017-10-20T14:54:15.164506864Z: [    9.047472] IPVS: [lc] scheduler registered.
[STDOUT  ] 2017-10-20T14:54:15.165426262Z: [    9.048376] IPVS: [wlc] scheduler registered.
[STDOUT  ] 2017-10-20T14:54:15.166304225Z: [    9.049278] IPVS: [fo] scheduler registered.
[STDOUT  ] 2017-10-20T14:54:15.167762071Z: [    9.050639] IPVS: [ovf] scheduler registered.
[STDOUT  ] 2017-10-20T14:54:15.168909729Z: [    9.051826] IPVS: [lblc] scheduler registered.
[STDOUT  ] 2017-10-20T14:54:15.170043151Z: [    9.052949] IPVS: [lblcr] scheduler registered.
[STDOUT  ] 2017-10-20T14:54:15.170985191Z: [    9.053941] IPVS: [dh] scheduler registered.
[STDOUT  ] 2017-10-20T14:54:15.171866187Z: [    9.054838] IPVS: [sh] scheduler registered.
[STDOUT  ] 2017-10-20T14:54:15.172808307Z: [    9.055749] IPVS: [sed] scheduler registered.
[STDOUT  ] 2017-10-20T14:54:15.173764995Z: [    9.056659] IPVS: [nq] scheduler registered.
[STDOUT  ] 2017-10-20T14:54:15.17542658Z: [    9.058239] IPVS: ftp: loaded support on port[0] = 21
[STDOUT  ] 2017-10-20T14:54:15.177727576Z: [    9.060419] ipip: IPv4 and MPLS over IPv4 tunneling driver
[STDOUT  ] 2017-10-20T14:54:15.184840689Z: [    9.067670] gre: GRE over IPv4 demultiplexor driver
[STDOUT  ] 2017-10-20T14:54:15.190426404Z: [    9.073151] ip_tables: (C) 2000-2006 Netfilter Core Team
[STDOUT  ] 2017-10-20T14:54:15.196768073Z: [    9.079214] ipt_CLUSTERIP: ClusterIP Version 0.8 loaded successfully
[STDOUT  ] 2017-10-20T14:54:15.198878142Z: [    9.081561] arp_tables: arp_tables: (C) 2002 David S. Miller
[STDOUT  ] 2017-10-20T14:54:15.202972144Z: [    9.085867] NET: Registered protocol family 10
[STDOUT  ] 2017-10-20T14:54:15.220705916Z: [    9.103400] ip6_tables: (C) 2000-2006 Netfilter Core Team
[STDOUT  ] 2017-10-20T14:54:15.236977694Z: [    9.119799] NET: Registered protocol family 17
[STDOUT  ] 2017-10-20T14:54:15.240091356Z: [    9.123088] Bridge firewalling registered
[STDOUT  ] 2017-10-20T14:54:15.241358174Z: [    9.124426] Ebtables v2.0 registered
[STDOUT  ] 2017-10-20T14:54:15.245900537Z: [    9.128833] 8021q: 802.1Q VLAN Support v1.8
[STDOUT  ] 2017-10-20T14:54:15.249381525Z: [    9.132318] 9pnet: Installing 9P2000 support
[STDOUT  ] 2017-10-20T14:54:15.252721576Z: [    9.135649] Key type dns_resolver registered
[STDOUT  ] 2017-10-20T14:54:15.254866837Z: [    9.137628] microcode: AMD CPU family 0x6 not supported
[STDOUT  ] 2017-10-20T14:54:15.27163073Z: [    9.154592] registered taskstats version 1
[STDOUT  ] 2017-10-20T14:54:15.341543197Z: [    9.224005] ata6: SATA link down (SStatus 0 SControl 300)
[STDOUT  ] 2017-10-20T14:54:15.346911489Z: [    9.228920] ata1: SATA link up 1.5 Gbps (SStatus 113 SControl 300)
[STDOUT  ] 2017-10-20T14:54:15.352056342Z: [    9.234440] ata4: SATA link down (SStatus 0 SControl 300)
[STDOUT  ] 2017-10-20T14:54:15.353591873Z: [    9.236159] ata2: SATA link down (SStatus 0 SControl 300)
[STDOUT  ] 2017-10-20T14:54:15.355013834Z: [    9.237633] ata5: SATA link down (SStatus 0 SControl 300)
[STDOUT  ] 2017-10-20T14:54:15.356563666Z: [    9.239092] ata3: SATA link up 1.5 Gbps (SStatus 113 SControl 300)
[STDOUT  ] 2017-10-20T14:54:15.360703086Z: [    9.243204] ata3.00: ATAPI: QEMU DVD-ROM, 2.5+, max UDMA/100
[STDOUT  ] 2017-10-20T14:54:15.36190052Z: [    9.244736] ata3.00: applying bridge limits
[STDOUT  ] 2017-10-20T14:54:15.365634618Z: [    9.248551] ata3.00: configured for UDMA/100
[STDOUT  ] 2017-10-20T14:54:15.379064358Z: [    9.261541] ata1.00: ATA-7: QEMU HARDDISK, 2.5+, max UDMA/100
[STDOUT  ] 2017-10-20T14:54:15.381470378Z: [    9.263076] ata1.00: 409600 sectors, multi 16: LBA48 NCQ (depth 31/32)
[STDOUT  ] 2017-10-20T14:54:15.382555305Z: [    9.265492] ata1.00: applying bridge limits
[STDOUT  ] 2017-10-20T14:54:15.384090743Z: [    9.266868] ata1.00: configured for UDMA/100
[STDOUT  ] 2017-10-20T14:54:15.421782212Z: [    9.303857] scsi 0:0:0:0: Direct-Access     ATA      QEMU HARDDISK    2.5+ PQ: 0 ANSI: 5
[STDOUT  ] 2017-10-20T14:54:15.464192104Z: [    9.346508] sd 0:0:0:0: [sda] 409600 512-byte logical blocks: (210 MB/200 MiB)
[STDOUT  ] 2017-10-20T14:54:15.466141884Z: [    9.348872] sd 0:0:0:0: Attached scsi generic sg0 type 0
[STDOUT  ] 2017-10-20T14:54:15.477570671Z: [    9.359103] scsi 2:0:0:0: CD-ROM            QEMU     QEMU DVD-ROM     2.5+ PQ: 0 ANSI: 5
[STDOUT  ] 2017-10-20T14:54:15.488188011Z: [    9.371007] sd 0:0:0:0: [sda] Write Protect is off
[STDOUT  ] 2017-10-20T14:54:15.498213839Z: [    9.379874] sd 0:0:0:0: [sda] Write cache: enabled, read cache: enabled, doesn't support DPO or FUA
[STDOUT  ] 2017-10-20T14:54:15.513143587Z: [    9.395413] sr 2:0:0:0: [sr0] scsi3-mmc drive: 4x/4x cd/rw xa/form2 tray
[STDOUT  ] 2017-10-20T14:54:15.51470355Z: [    9.397293] cdrom: Uniform CD-ROM driver Revision: 3.20
[STDOUT  ] 2017-10-20T14:54:15.548362277Z: [    9.431792]  sda: sda1
[STDOUT  ] 2017-10-20T14:54:15.551004239Z: [    9.434008] sr 2:0:0:0: Attached scsi generic sg1 type 5
[STDOUT  ] 2017-10-20T14:54:15.5586206Z: [    9.440570] tsc: Refined TSC clocksource calibration: 2300.040 MHz
[STDOUT  ] 2017-10-20T14:54:15.559951605Z: [    9.442552] clocksource: tsc: mask: 0xffffffffffffffff max_cycles: 0x21275af87f5, max_idle_ns: 440795281647 ns
[STDOUT  ] 2017-10-20T14:54:15.572742058Z: [    9.455909] sd 0:0:0:0: [sda] Attached SCSI disk
[STDOUT  ] 2017-10-20T14:54:15.682587087Z: [    9.565374] Key type big_key registered
[STDOUT  ] 2017-10-20T14:54:15.916074227Z: [    9.799184] Key type encrypted registered
[STDOUT  ] 2017-10-20T14:54:15.925764012Z: [    9.808076] rtc_cmos 00:00: setting system clock to 2017-10-20 14:54:15 UTC (1508511255)
[STDOUT  ] 2017-10-20T14:54:16.30923636Z: [   10.192755] Freeing unused kernel memory: 1380K
[STDOUT  ] 2017-10-20T14:54:16.309583719Z: [   10.193114] Write protecting the kernel read-only data: 12288k
[STDOUT  ] 2017-10-20T14:54:16.327057902Z: [   10.210596] Freeing unused kernel memory: 124K
[STDOUT  ] 2017-10-20T14:54:16.467662832Z: [   10.350530] Freeing unused kernel memory: 1392K
[STDOUT  ] 2017-10-20T14:54:16.57584283Z: [   10.458574] clocksource: Switched to clocksource tsc
[STDOUT  ] 2017-10-20T14:54:33.187527387Z: 
[STDOUT  ] 2017-10-20T14:54:33.188604726Z: Welcome to LinuxKit
[STDOUT  ] 2017-10-20T14:54:33.188767956Z: 
[STDOUT  ] 2017-10-20T14:54:33.189607368Z:                         ##         .
[STDOUT  ] 2017-10-20T14:54:33.190431882Z:                   ## ## ##        ==
[STDOUT  ] 2017-10-20T14:54:33.191272529Z:                ## ## ## ## ##    ===
[STDOUT  ] 2017-10-20T14:54:33.192176927Z:            /"""""""""""""""""\___/ ===
[STDOUT  ] 2017-10-20T14:54:33.193312501Z:           {                       /  ===-
[STDOUT  ] 2017-10-20T14:54:33.194145517Z:            \______ O           __/
[STDOUT  ] 2017-10-20T14:54:33.194924023Z:              \    \         __/
[STDOUT  ] 2017-10-20T14:54:33.195603109Z:               \____\_______/
[STDOUT  ] 2017-10-20T14:54:33.195776386Z: 
[STDOUT  ] 2017-10-20T14:55:07.26240447Z: [   61.144892] sd 0:0:0:0: [sda] Synchronizing SCSI cache
[STDOUT  ] 2017-10-20T14:55:07.264396781Z: [   61.147225] sd 0:0:0:0: [sda] Stopping disk
[STDOUT  ] 2017-10-20T14:55:07.270015769Z: [   61.152578] ACPI: Preparing to enter system sleep state S5
[STDOUT  ] 2017-10-20T14:55:07.272055914Z: [   61.155018] reboot: Power down
[STDERR  ] 2017-10-20T14:55:07.37576242Z: + exit 0
[STDERR  ] 2017-10-20T14:55:07.375825414Z: + clean_up
[STDERR  ] 2017-10-20T14:55:07.375842053Z: + find . -depth -iname run* -not -iname *.yml -exec rm -rf {} ;
[STDERR  ] 2017-10-20T14:55:07.394936108Z: + find . -depth -iname mkimage* -not -iname *.yml -exec rm -rf {} ;
[STDERR  ] 2017-10-20T14:55:07.419024675Z: + find . -depth -iname disk.qcow2* -not -iname *.yml -exec rm -rf {} ;
[STDERR  ] 2017-10-20T14:55:07.443471951Z: + rm -f tarball.img
[PASS    ] linuxkit.packages.mkimage 206.91s
