[INFO    ] 2017-08-15T14:18:51.328776734Z: Running Test linuxkit.packages.getty-containerd in /tmp/build/test/cases/040_packages/007_getty-containerd
[INFO    ] 2017-08-15T14:18:51.328863109Z: Running command: [/bin/sh -x /tmp/build/test/cases/040_packages/007_getty-containerd/test.sh]
[STDERR  ] 2017-08-15T14:18:51.360682373Z: + set -e
[STDERR  ] 2017-08-15T14:18:51.360772219Z: + . /tmp/build/test/cases/_lib/lib.sh
[STDERR  ] 2017-08-15T14:18:51.360786198Z: + [ -f src/github.com/linuxkit/rtf/lib/lib.sh ]
[STDERR  ] 2017-08-15T14:18:51.360796293Z: + LINUXKIT_TMPDIR=/tmp/build/test/cases/_tmp
[STDERR  ] 2017-08-15T14:18:51.360806598Z: + [ -f /tmp/build/test/cases/_tmp/env.sh ]
[STDERR  ] 2017-08-15T14:18:51.360817768Z: + . /tmp/build/test/cases/_tmp/env.sh
[STDERR  ] 2017-08-15T14:18:51.360828893Z: + export LINUXKIT_EXAMPLES_DIR=/tmp/build/test/cases/../../examples
[STDERR  ] 2017-08-15T14:18:51.36084055Z: + export LINUXKIT_BLUEPRINTS_DIR=/tmp/build/test/cases/../../blueprints
[STDERR  ] 2017-08-15T14:18:51.360851389Z: + RT_CANCEL=253
[STDERR  ] 2017-08-15T14:18:51.360862122Z: + NAME=test-ctr
[STDERR  ] 2017-08-15T14:18:51.360871329Z: + trap clean_up EXIT
[STDERR  ] 2017-08-15T14:18:51.360880472Z: + moby build test-ctr.yml
[STDERR  ] 2017-08-15T14:18:51.376449538Z: Extract kernel image: linuxkit/kernel:4.9.x
[STDERR  ] 2017-08-15T14:18:53.702597911Z: Pull image: docker.io/linuxkit/kernel:4.9.x@sha256:4e75a4717ea3adb578e611076a38722d27c98676e90f84c8ae7edccce359b5ba
[STDERR  ] 2017-08-15T14:18:59.406462777Z: Add init containers:
[STDERR  ] 2017-08-15T14:18:59.406525433Z: Process init image: linuxkit/init:c7d651da1a5e308c757bc61ce6a41804ea843426
[STDERR  ] 2017-08-15T14:19:00.66936051Z: Process init image: linuxkit/runc:838259153885c0c40460379d6cdb7baebaf3fa36
[STDERR  ] 2017-08-15T14:19:01.994429915Z: Process init image: linuxkit/containerd:09a21d6606a4011efebacff62a88b956ecac01be
[STDERR  ] 2017-08-15T14:19:05.30219743Z: Process init image: linuxkit/ca-certificates:e44b0a66df5a102c0e220f0066b0d904710dcb10
[STDERR  ] 2017-08-15T14:19:06.597555052Z: Add onboot containers:
[STDERR  ] 2017-08-15T14:19:06.597615897Z:   Create OCI config for linuxkit/dhcpcd:f3f5413abb78fae9020e35bd4788fa93df4530b7
[STDERR  ] 2017-08-15T14:19:07.872798707Z: Add service containers:
[STDERR  ] 2017-08-15T14:19:07.872858229Z:   Create OCI config for linuxkit/getty:797cb79e0a229fcd16ebf44a0da74bcec03968ec
[STDERR  ] 2017-08-15T14:19:09.672655322Z: Add files:
[STDERR  ] 2017-08-15T14:19:09.672739069Z:   etc/getty.shadow
[STDERR  ] 2017-08-15T14:19:09.672762802Z: Create outputs:
[STDERR  ] 2017-08-15T14:19:17.111104036Z:   test-ctr-kernel test-ctr-initrd.img test-ctr-cmdline
[STDERR  ] 2017-08-15T14:19:17.17934849Z: + [ -f test-ctr-kernel ]
[STDERR  ] 2017-08-15T14:19:17.179403057Z: + [ -f test-ctr-initrd.img ]
[STDERR  ] 2017-08-15T14:19:17.17941399Z: + [ -f test-ctr-cmdline ]
[STDERR  ] 2017-08-15T14:19:17.179423786Z: + ./test.exp
[STDOUT  ] 2017-08-15T14:19:17.605621517Z: spawn linuxkit run test-ctr
[STDOUT  ] 2017-08-15T14:19:17.708531521Z: Unable to find qemu-system-x86_64 within the $PATH. Using a container
[STDOUT  ] 2017-08-15T14:19:19.67234477Z: [    0.000000] Linux version 4.9.34-linuxkit (root@b147ce67977e) (gcc version 6.3.0 (Alpine 6.3.0) ) #1 SMP Tue Jun 27 09:54:32 UTC 2017
[STDOUT  ] 2017-08-15T14:19:19.672827318Z: [    0.000000] Command line: console=ttyS0 page_poison=1
[STDOUT  ] 2017-08-15T14:19:19.672996682Z: [    0.000000] x86/fpu: Legacy x87 FPU detected.
[STDOUT  ] 2017-08-15T14:19:19.673323857Z: [    0.000000] x86/fpu: Using 'eager' FPU context switches.
[STDOUT  ] 2017-08-15T14:19:19.673588576Z: [    0.000000] e820: BIOS-provided physical RAM map:
[STDOUT  ] 2017-08-15T14:19:19.674028535Z: [    0.000000] BIOS-e820: [mem 0x0000000000000000-0x000000000009fbff] usable
[STDOUT  ] 2017-08-15T14:19:19.674436534Z: [    0.000000] BIOS-e820: [mem 0x000000000009fc00-0x000000000009ffff] reserved
[STDOUT  ] 2017-08-15T14:19:19.675009151Z: [    0.000000] BIOS-e820: [mem 0x00000000000f0000-0x00000000000fffff] reserved
[STDOUT  ] 2017-08-15T14:19:19.675389881Z: [    0.000000] BIOS-e820: [mem 0x0000000000100000-0x000000003ffdefff] usable
[STDOUT  ] 2017-08-15T14:19:19.675894219Z: [    0.000000] BIOS-e820: [mem 0x000000003ffdf000-0x000000003fffffff] reserved
[STDOUT  ] 2017-08-15T14:19:19.676369321Z: [    0.000000] BIOS-e820: [mem 0x00000000b0000000-0x00000000bfffffff] reserved
[STDOUT  ] 2017-08-15T14:19:19.676690597Z: [    0.000000] BIOS-e820: [mem 0x00000000fed1c000-0x00000000fed1ffff] reserved
[STDOUT  ] 2017-08-15T14:19:19.677245569Z: [    0.000000] BIOS-e820: [mem 0x00000000fffc0000-0x00000000ffffffff] reserved
[STDOUT  ] 2017-08-15T14:19:19.677496881Z: [    0.000000] NX (Execute Disable) protection: active
[STDOUT  ] 2017-08-15T14:19:19.677772426Z: [    0.000000] SMBIOS 2.8 present.
[STDOUT  ] 2017-08-15T14:19:19.678244269Z: [    0.000000] e820: last_pfn = 0x3ffdf max_arch_pfn = 0x400000000
[STDOUT  ] 2017-08-15T14:19:19.678625497Z: [    0.000000] x86/PAT: Configuration [0-7]: WB  WC  UC- UC  WB  WC  UC- WT  
[STDOUT  ] 2017-08-15T14:19:19.679225243Z: [    0.000000] found SMP MP-table at [mem 0x000f6aa0-0x000f6aaf] mapped at [ffff9a2dc00f6aa0]
[STDOUT  ] 2017-08-15T14:19:19.679382934Z: [    0.000000] RAMDISK: [mem 0x3d857000-0x3ffcffff]
[STDOUT  ] 2017-08-15T14:19:19.679767814Z: [    0.000000] ACPI: Early table checksum verification disabled
[STDOUT  ] 2017-08-15T14:19:19.680178183Z: [    0.000000] ACPI: RSDP 0x00000000000F68C0 000014 (v00 BOCHS )
[STDOUT  ] 2017-08-15T14:19:19.680645424Z: [    0.000000] ACPI: RSDT 0x000000003FFE2404 000034 (v01 BOCHS  BXPCRSDT 00000001 BXPC 00000001)
[STDOUT  ] 2017-08-15T14:19:19.681219763Z: [    0.000000] ACPI: FACP 0x000000003FFE22A4 000074 (v01 BOCHS  BXPCFACP 00000001 BXPC 00000001)
[STDOUT  ] 2017-08-15T14:19:19.681865105Z: [    0.000000] ACPI: DSDT 0x000000003FFE0040 002264 (v01 BOCHS  BXPCDSDT 00000001 BXPC 00000001)
[STDOUT  ] 2017-08-15T14:19:19.682191255Z: [    0.000000] ACPI: FACS 0x000000003FFE0000 000040
[STDOUT  ] 2017-08-15T14:19:19.682686495Z: [    0.000000] ACPI: APIC 0x000000003FFE2318 000078 (v01 BOCHS  BXPCAPIC 00000001 BXPC 00000001)
[STDOUT  ] 2017-08-15T14:19:19.683082865Z: [    0.000000] ACPI: HPET 0x000000003FFE2390 000038 (v01 BOCHS  BXPCHPET 00000001 BXPC 00000001)
[STDOUT  ] 2017-08-15T14:19:19.683636764Z: [    0.000000] ACPI: MCFG 0x000000003FFE23C8 00003C (v01 BOCHS  BXPCMCFG 00000001 BXPC 00000001)
[STDOUT  ] 2017-08-15T14:19:19.683943325Z: [    0.000000] Zone ranges:
[STDOUT  ] 2017-08-15T14:19:19.684374225Z: [    0.000000]   DMA      [mem 0x0000000000001000-0x0000000000ffffff]
[STDOUT  ] 2017-08-15T14:19:19.684881695Z: [    0.000000]   DMA32    [mem 0x0000000001000000-0x000000003ffdefff]
[STDOUT  ] 2017-08-15T14:19:19.684900292Z: [    0.000000]   Normal   empty
[STDOUT  ] 2017-08-15T14:19:19.685300005Z: [    0.000000] Movable zone start for each node
[STDOUT  ] 2017-08-15T14:19:19.685595869Z: [    0.000000] Early memory node ranges
[STDOUT  ] 2017-08-15T14:19:19.685896209Z: [    0.000000]   node   0: [mem 0x0000000000001000-0x000000000009efff]
[STDOUT  ] 2017-08-15T14:19:19.686444443Z: [    0.000000]   node   0: [mem 0x0000000000100000-0x000000003ffdefff]
[STDOUT  ] 2017-08-15T14:19:19.686910605Z: [    0.000000] Initmem setup node 0 [mem 0x0000000000001000-0x000000003ffdefff]
[STDOUT  ] 2017-08-15T14:19:19.687301292Z: [    0.000000] ACPI: PM-Timer IO Port: 0x608
[STDOUT  ] 2017-08-15T14:19:19.687320895Z: [    0.000000] ACPI: LAPIC_NMI (acpi_id[0xff] dfl dfl lint[0x1])
[STDOUT  ] 2017-08-15T14:19:19.687832509Z: [    0.000000] IOAPIC[0]: apic_id 0, version 32, address 0xfec00000, GSI 0-23
[STDOUT  ] 2017-08-15T14:19:19.688228939Z: [    0.000000] ACPI: INT_SRC_OVR (bus 0 bus_irq 0 global_irq 2 dfl dfl)
[STDOUT  ] 2017-08-15T14:19:19.688656694Z: [    0.000000] ACPI: INT_SRC_OVR (bus 0 bus_irq 5 global_irq 5 high level)
[STDOUT  ] 2017-08-15T14:19:19.689125649Z: [    0.000000] ACPI: INT_SRC_OVR (bus 0 bus_irq 9 global_irq 9 high level)
[STDOUT  ] 2017-08-15T14:19:19.689900284Z: [    0.000000] ACPI: INT_SRC_OVR (bus 0 bus_irq 10 global_irq 10 high level)
[STDOUT  ] 2017-08-15T14:19:19.689936174Z: [    0.000000] ACPI: INT_SRC_OVR (bus 0 bus_irq 11 global_irq 11 high level)
[STDOUT  ] 2017-08-15T14:19:19.690335389Z: [    0.000000] Using ACPI (MADT) for SMP configuration information
[STDOUT  ] 2017-08-15T14:19:19.690714145Z: [    0.000000] ACPI: HPET id: 0x8086a201 base: 0xfed00000
[STDOUT  ] 2017-08-15T14:19:19.691136816Z: [    0.000000] smpboot: Allowing 1 CPUs, 0 hotplug CPUs
[STDOUT  ] 2017-08-15T14:19:19.691504808Z: [    0.000000] e820: [mem 0x40000000-0xafffffff] available for PCI devices
[STDOUT  ] 2017-08-15T14:19:19.692089064Z: [    0.000000] Booting paravirtualized kernel on bare hardware
[STDOUT  ] 2017-08-15T14:19:19.692524648Z: [    0.000000] clocksource: refined-jiffies: mask: 0xffffffff max_cycles: 0xffffffff, max_idle_ns: 19112604462750000 ns
[STDOUT  ] 2017-08-15T14:19:19.692927148Z: [    0.000000] setup_percpu: NR_CPUS:128 nr_cpumask_bits:128 nr_cpu_ids:1 nr_node_ids:1
[STDOUT  ] 2017-08-15T14:19:19.693499282Z: [    0.000000] percpu: Embedded 35 pages/cpu @ffff9a2dfd600000 s105112 r8192 d30056 u2097152
[STDOUT  ] 2017-08-15T14:19:19.694078712Z: [    0.000000] Built 1 zonelists in Zone order, mobility grouping on.  Total pages: 257896
[STDOUT  ] 2017-08-15T14:19:19.694401866Z: [    0.000000] Kernel command line: console=ttyS0 page_poison=1
[STDOUT  ] 2017-08-15T14:19:19.694859232Z: [    0.000000] PID hash table entries: 4096 (order: 3, 32768 bytes)
[STDOUT  ] 2017-08-15T14:19:19.695203042Z: [    0.000000] Dentry cache hash table entries: 131072 (order: 8, 1048576 bytes)
[STDOUT  ] 2017-08-15T14:19:19.695574058Z: [    0.000000] Inode-cache hash table entries: 65536 (order: 7, 524288 bytes)
[STDOUT  ] 2017-08-15T14:19:19.696835437Z: [    0.000000] Memory: 973792K/1048052K available (8023K kernel code, 1336K rwdata, 2692K rodata, 1372K init, 564K bss, 74260K reserved, 0K cma-reserved)
[STDOUT  ] 2017-08-15T14:19:19.696871112Z: [    0.000000] Hierarchical RCU implementation.
[STDOUT  ] 2017-08-15T14:19:19.697194977Z: [    0.000000] 	Build-time adjustment of leaf fanout to 64.
[STDOUT  ] 2017-08-15T14:19:19.697586517Z: [    0.000000] 	RCU restricting CPUs from NR_CPUS=128 to nr_cpu_ids=1.
[STDOUT  ] 2017-08-15T14:19:19.698284007Z: [    0.000000] RCU: Adjusting geometry for rcu_fanout_leaf=64, nr_cpu_ids=1
[STDOUT  ] 2017-08-15T14:19:19.698302171Z: [    0.000000] NR_IRQS:8448 nr_irqs:256 16
[STDOUT  ] 2017-08-15T14:19:19.698433073Z: [    0.000000] Console: colour VGA+ 80x25
[STDOUT  ] 2017-08-15T14:19:19.69887769Z: [    0.000000] console [ttyS0] enabled
[STDOUT  ] 2017-08-15T14:19:19.701260286Z: [    0.000000] allocated 2097152 bytes of page_ext
[STDOUT  ] 2017-08-15T14:19:19.704823236Z: [    0.000000] clocksource: hpet: mask: 0xffffffff max_cycles: 0xffffffff, max_idle_ns: 19112604467 ns
[STDOUT  ] 2017-08-15T14:19:19.739107766Z: [    0.000000] tsc: Fast TSC calibration using PIT
[STDOUT  ] 2017-08-15T14:19:19.744794734Z: [    0.000000] tsc: Detected 2600.012 MHz processor
[STDOUT  ] 2017-08-15T14:19:19.746621566Z: [    0.010557] Calibrating delay loop (skipped), value calculated using timer frequency.. 5200.02 BogoMIPS (lpj=26000120)
[STDOUT  ] 2017-08-15T14:19:19.746967058Z: [    0.011623] pid_max: default: 32768 minimum: 301
[STDOUT  ] 2017-08-15T14:19:19.748041158Z: [    0.020356] ACPI: Core revision 20160831
[STDOUT  ] 2017-08-15T14:19:19.79101827Z: [    0.064145] ACPI: 1 ACPI AML tables successfully acquired and loaded
[STDOUT  ] 2017-08-15T14:19:19.795734359Z: [    0.068996] Security Framework initialized
[STDOUT  ] 2017-08-15T14:19:19.796030679Z: [    0.069434] Yama: becoming mindful.
[STDOUT  ] 2017-08-15T14:19:19.798762552Z: [    0.071438] Mount-cache hash table entries: 2048 (order: 2, 16384 bytes)
[STDOUT  ] 2017-08-15T14:19:19.798947203Z: [    0.071983] Mountpoint-cache hash table entries: 2048 (order: 2, 16384 bytes)
[STDOUT  ] 2017-08-15T14:19:19.818295574Z: [    0.091210] Last level iTLB entries: 4KB 0, 2MB 0, 4MB 0
[STDOUT  ] 2017-08-15T14:19:19.81835325Z: [    0.091617] Last level dTLB entries: 4KB 0, 2MB 0, 4MB 0, 1GB 0
[STDOUT  ] 2017-08-15T14:19:20.116837925Z: [    0.389873] Freeing SMP alternatives memory: 20K (ffffffff91ea7000 - ffffffff91eac000)
[STDOUT  ] 2017-08-15T14:19:20.127474838Z: [    0.400816] ftrace: allocating 35396 entries in 139 pages
[STDOUT  ] 2017-08-15T14:19:20.411829114Z: [    0.554507] smpboot: Max logical packages: 1
[STDOUT  ] 2017-08-15T14:19:20.419681096Z: [    0.562678] ..TIMER: vector=0x30 apic1=0 pin1=2 apic2=-1 pin2=-1
[STDOUT  ] 2017-08-15T14:19:20.637984412Z: [    0.670000] smpboot: CPU0: AMD QEMU Virtual CPU version 2.5+ (family: 0x6, model: 0x6, stepping: 0x3)
[STDOUT  ] 2017-08-15T14:19:20.639389461Z: [    0.670000] Performance Events: PMU not available due to virtualization, using software events only.
[STDOUT  ] 2017-08-15T14:19:20.657061839Z: [    0.679367] NMI watchdog: disabled (cpu0): hardware events not enabled
[STDOUT  ] 2017-08-15T14:19:20.657272868Z: [    0.679777] NMI watchdog: Shutting down hard lockup detector on all cpus
[STDOUT  ] 2017-08-15T14:19:20.661206107Z: [    0.683029] x86: Booted up 1 node, 1 CPUs
[STDOUT  ] 2017-08-15T14:19:20.661800023Z: [    0.683423] smpboot: Total of 1 processors activated (5200.02 BogoMIPS)
[STDOUT  ] 2017-08-15T14:19:20.675985786Z: [    0.698355] devtmpfs: initialized
[STDOUT  ] 2017-08-15T14:19:20.682908461Z: [    0.705556] x86/mm: Memory block size: 128MB
[STDOUT  ] 2017-08-15T14:19:20.744071107Z: [    0.766640] clocksource: jiffies: mask: 0xffffffff max_cycles: 0xffffffff, max_idle_ns: 19112604462750000 ns
[STDOUT  ] 2017-08-15T14:19:20.744914861Z: [    0.767485] futex hash table entries: 256 (order: 2, 16384 bytes)
[STDOUT  ] 2017-08-15T14:19:20.755127837Z: [    0.776919] NET: Registered protocol family 16
[STDOUT  ] 2017-08-15T14:19:20.764539115Z: [    0.787308] cpuidle: using governor ladder
[STDOUT  ] 2017-08-15T14:19:20.765054335Z: [    0.787776] cpuidle: using governor menu
[STDOUT  ] 2017-08-15T14:19:20.766408433Z: [    0.789021] ACPI: bus type PCI registered
[STDOUT  ] 2017-08-15T14:19:20.769802357Z: [    0.792187] PCI: MMCONFIG for domain 0000 [bus 00-ff] at [mem 0xb0000000-0xbfffffff] (base 0xb0000000)
[STDOUT  ] 2017-08-15T14:19:20.77044997Z: [    0.792990] PCI: MMCONFIG at [mem 0xb0000000-0xbfffffff] reserved in E820
[STDOUT  ] 2017-08-15T14:19:20.771790796Z: [    0.794394] PCI: Using configuration type 1 for base access
[STDOUT  ] 2017-08-15T14:19:20.82894865Z: [    0.851556] HugeTLB registered 2 MB page size, pre-allocated 0 pages
[STDOUT  ] 2017-08-15T14:19:20.843259432Z: [    0.865746] ACPI: Added _OSI(Module Device)
[STDOUT  ] 2017-08-15T14:19:20.843607986Z: [    0.866057] ACPI: Added _OSI(Processor Device)
[STDOUT  ] 2017-08-15T14:19:20.843640837Z: [    0.866307] ACPI: Added _OSI(3.0 _SCP Extensions)
[STDOUT  ] 2017-08-15T14:19:20.843904563Z: [    0.866579] ACPI: Added _OSI(Processor Aggregator Device)
[STDOUT  ] 2017-08-15T14:19:20.916815964Z: [    0.939317] ACPI: Interpreter enabled
[STDOUT  ] 2017-08-15T14:19:20.918077703Z: [    0.940323] ACPI: (supports S0 S5)
[STDOUT  ] 2017-08-15T14:19:20.918683614Z: [    0.940635] ACPI: Using IOAPIC for interrupt routing
[STDOUT  ] 2017-08-15T14:19:20.921601539Z: [    0.943352] PCI: Using host bridge windows from ACPI; if necessary, use "pci=nocrs" and report a bug
[STDOUT  ] 2017-08-15T14:19:20.985513569Z: [    1.007886] ACPI: PCI Root Bridge [PCI0] (domain 0000 [bus 00-ff])
[STDOUT  ] 2017-08-15T14:19:20.986667158Z: [    1.008977] acpi PNP0A08:00: _OSC: OS supports [ExtendedConfig ASPM ClockPM Segments MSI]
[STDOUT  ] 2017-08-15T14:19:20.993663567Z: [    1.016010] acpi PNP0A08:00: _OSC: OS now controls [PCIeHotplug PME PCIeCapability]
[STDOUT  ] 2017-08-15T14:19:20.997197857Z: [    1.019647] PCI host bridge to bus 0000:00
[STDOUT  ] 2017-08-15T14:19:20.997923875Z: [    1.020000] pci_bus 0000:00: root bus resource [io  0x0000-0x0cf7 window]
[STDOUT  ] 2017-08-15T14:19:20.998318551Z: [    1.020532] pci_bus 0000:00: root bus resource [io  0x0d00-0xffff window]
[STDOUT  ] 2017-08-15T14:19:20.998875495Z: [    1.020928] pci_bus 0000:00: root bus resource [mem 0x000a0000-0x000bffff window]
[STDOUT  ] 2017-08-15T14:19:20.999456783Z: [    1.021356] pci_bus 0000:00: root bus resource [mem 0xc0000000-0xfebfffff window]
[STDOUT  ] 2017-08-15T14:19:20.999864509Z: [    1.021965] pci_bus 0000:00: root bus resource [bus 00-ff]
[STDOUT  ] 2017-08-15T14:19:21.110321136Z: [    1.132105] pci 0000:00:1f.0: quirk: [io  0x0600-0x067f] claimed by ICH6 ACPI/GPIO/TCO
[STDOUT  ] 2017-08-15T14:19:21.17403699Z: [    1.194886] ACPI: PCI Interrupt Link [LNKA] (IRQs 5 *10 11)
[STDOUT  ] 2017-08-15T14:19:21.177026316Z: [    1.198765] ACPI: PCI Interrupt Link [LNKB] (IRQs 5 *10 11)
[STDOUT  ] 2017-08-15T14:19:21.179372079Z: [    1.201467] ACPI: PCI Interrupt Link [LNKC] (IRQs 5 10 *11)
[STDOUT  ] 2017-08-15T14:19:21.181428579Z: [    1.203455] ACPI: PCI Interrupt Link [LNKD] (IRQs 5 10 *11)
[STDOUT  ] 2017-08-15T14:19:21.183458258Z: [    1.205510] ACPI: PCI Interrupt Link [LNKE] (IRQs 5 *10 11)
[STDOUT  ] 2017-08-15T14:19:21.185439532Z: [    1.207486] ACPI: PCI Interrupt Link [LNKF] (IRQs 5 *10 11)
[STDOUT  ] 2017-08-15T14:19:21.187500152Z: [    1.210106] ACPI: PCI Interrupt Link [LNKG] (IRQs 5 10 *11)
[STDOUT  ] 2017-08-15T14:19:21.189565811Z: [    1.212099] ACPI: PCI Interrupt Link [LNKH] (IRQs 5 10 *11)
[STDOUT  ] 2017-08-15T14:19:21.190521183Z: [    1.213186] ACPI: PCI Interrupt Link [GSIA] (IRQs *16)
[STDOUT  ] 2017-08-15T14:19:21.191428924Z: [    1.214054] ACPI: PCI Interrupt Link [GSIB] (IRQs *17)
[STDOUT  ] 2017-08-15T14:19:21.192284803Z: [    1.214913] ACPI: PCI Interrupt Link [GSIC] (IRQs *18)
[STDOUT  ] 2017-08-15T14:19:21.193169885Z: [    1.215758] ACPI: PCI Interrupt Link [GSID] (IRQs *19)
[STDOUT  ] 2017-08-15T14:19:21.193980417Z: [    1.216671] ACPI: PCI Interrupt Link [GSIE] (IRQs *20)
[STDOUT  ] 2017-08-15T14:19:21.19476682Z: [    1.217467] ACPI: PCI Interrupt Link [GSIF] (IRQs *21)
[STDOUT  ] 2017-08-15T14:19:21.195589048Z: [    1.218284] ACPI: PCI Interrupt Link [GSIG] (IRQs *22)
[STDOUT  ] 2017-08-15T14:19:21.19633254Z: [    1.219079] ACPI: PCI Interrupt Link [GSIH] (IRQs *23)
[STDOUT  ] 2017-08-15T14:19:21.200476927Z: [    1.223152] ACPI: Enabled 2 GPEs in block 00 to 3F
[STDOUT  ] 2017-08-15T14:19:21.204587483Z: [    1.227504] SCSI subsystem initialized
[STDOUT  ] 2017-08-15T14:19:21.206558398Z: [    1.229338] ACPI: bus type USB registered
[STDOUT  ] 2017-08-15T14:19:21.208038814Z: [    1.230755] usbcore: registered new interface driver usbfs
[STDOUT  ] 2017-08-15T14:19:21.20904252Z: [    1.231799] usbcore: registered new interface driver hub
[STDOUT  ] 2017-08-15T14:19:21.209929708Z: [    1.232686] usbcore: registered new device driver usb
[STDOUT  ] 2017-08-15T14:19:21.211580616Z: [    1.233903] pps_core: LinuxPPS API ver. 1 registered
[STDOUT  ] 2017-08-15T14:19:21.211602218Z: [    1.234245] pps_core: Software ver. 5.3.6 - Copyright 2005-2007 Rodolfo Giometti <giometti@linux.it>
[STDOUT  ] 2017-08-15T14:19:21.212269842Z: [    1.235026] PTP clock support registered
[STDOUT  ] 2017-08-15T14:19:21.213475471Z: [    1.236349] wmi: Mapper loaded
[STDOUT  ] 2017-08-15T14:19:21.214705409Z: [    1.237503] PCI: Using ACPI for IRQ routing
[STDOUT  ] 2017-08-15T14:19:21.233817544Z: [    1.256590] NetLabel: Initializing
[STDOUT  ] 2017-08-15T14:19:21.234497476Z: [    1.256856] NetLabel:  domain hash size = 128
[STDOUT  ] 2017-08-15T14:19:21.234924736Z: [    1.257518] NetLabel:  protocols = UNLABELED CIPSOv4
[STDOUT  ] 2017-08-15T14:19:21.238197909Z: [    1.260718] NetLabel:  unlabeled traffic allowed by default
[STDOUT  ] 2017-08-15T14:19:21.239836542Z: [    1.262312] HPET: 3 timers in total, 0 timers will be used for per-cpu timer
[STDOUT  ] 2017-08-15T14:19:21.241005108Z: [    1.263400] hpet0: at MMIO 0xfed00000, IRQs 2, 8, 0
[STDOUT  ] 2017-08-15T14:19:21.24185967Z: [    1.264314] hpet0: 3 comparators, 64-bit 100.000000 MHz counter
[STDOUT  ] 2017-08-15T14:19:21.248318961Z: [    1.271097] clocksource: Switched to clocksource hpet
[STDOUT  ] 2017-08-15T14:19:21.530846892Z: [    1.552721] VFS: Disk quotas dquot_6.6.0
[STDOUT  ] 2017-08-15T14:19:21.531857048Z: [    1.553698] VFS: Dquot-cache hash table entries: 512 (order 0, 4096 bytes)
[STDOUT  ] 2017-08-15T14:19:21.535533028Z: [    1.557662] FS-Cache: Loaded
[STDOUT  ] 2017-08-15T14:19:21.542397234Z: [    1.564484] CacheFiles: Loaded
[STDOUT  ] 2017-08-15T14:19:21.544472306Z: [    1.566428] pnp: PnP ACPI init
[STDOUT  ] 2017-08-15T14:19:21.55607997Z: [    1.578032] pnp: PnP ACPI: found 5 devices
[STDOUT  ] 2017-08-15T14:19:21.608580468Z: [    1.630398] clocksource: acpi_pm: mask: 0xffffff max_cycles: 0xffffff, max_idle_ns: 2085701024 ns
[STDOUT  ] 2017-08-15T14:19:21.612773772Z: [    1.634671] NET: Registered protocol family 2
[STDOUT  ] 2017-08-15T14:19:21.620429136Z: [    1.642293] TCP established hash table entries: 8192 (order: 4, 65536 bytes)
[STDOUT  ] 2017-08-15T14:19:21.621183294Z: [    1.643109] TCP bind hash table entries: 8192 (order: 5, 131072 bytes)
[STDOUT  ] 2017-08-15T14:19:21.621928256Z: [    1.643865] TCP: Hash tables configured (established 8192 bind 8192)
[STDOUT  ] 2017-08-15T14:19:21.623953312Z: [    1.645763] UDP hash table entries: 512 (order: 2, 16384 bytes)
[STDOUT  ] 2017-08-15T14:19:21.624510056Z: [    1.646432] UDP-Lite hash table entries: 512 (order: 2, 16384 bytes)
[STDOUT  ] 2017-08-15T14:19:21.6269506Z: [    1.648821] NET: Registered protocol family 1
[STDOUT  ] 2017-08-15T14:19:21.62829988Z: [    1.649870] pci 0000:00:01.0: Video device with shadowed ROM at [mem 0x000c0000-0x000dffff]
[STDOUT  ] 2017-08-15T14:19:21.634944469Z: [    1.656995] Unpacking initramfs...
[STDOUT  ] 2017-08-15T14:19:30.284694831Z: [   10.306102] Freeing initrd memory: 40420K (ffff9a2dfd857000 - ffff9a2dfffd0000)
[STDOUT  ] 2017-08-15T14:19:30.310181524Z: [   10.331939] PCLMULQDQ-NI instructions are not detected.
[STDOUT  ] 2017-08-15T14:19:30.311843832Z: [   10.333453] AVX or AES-NI instructions are not detected.
[STDOUT  ] 2017-08-15T14:19:30.312308844Z: [   10.333928] CPU feature 'AVX registers' is not supported.
[STDOUT  ] 2017-08-15T14:19:30.312565848Z: [   10.334383] CPU feature 'AVX registers' is not supported.
[STDOUT  ] 2017-08-15T14:19:30.313089218Z: [   10.334793] CPU feature 'AVX registers' is not supported.
[STDOUT  ] 2017-08-15T14:19:30.313543072Z: [   10.335229] CPU feature 'AVX registers' is not supported.
[STDOUT  ] 2017-08-15T14:19:30.313761673Z: [   10.335618] AVX2 or AES-NI instructions are not detected.
[STDOUT  ] 2017-08-15T14:19:30.314218743Z: [   10.336049] AVX2 instructions are not detected.
[STDOUT  ] 2017-08-15T14:19:30.321860857Z: [   10.343705] audit: initializing netlink subsys (disabled)
[STDOUT  ] 2017-08-15T14:19:30.323558893Z: [   10.345402] audit: type=2000 audit(1502806769.340:1): initialized
[STDOUT  ] 2017-08-15T14:19:30.333311641Z: [   10.353530] workingset: timestamp_bits=46 max_order=18 bucket_order=0
[STDOUT  ] 2017-08-15T14:19:30.341504805Z: [   10.363364] FS-Cache: Netfs 'cifs' registered for caching
[STDOUT  ] 2017-08-15T14:19:30.34320394Z: [   10.365080] fuse init (API version 7.26)
[STDOUT  ] 2017-08-15T14:19:30.345957309Z: [   10.367734] SGI XFS with ACLs, security attributes, no debug enabled
[STDOUT  ] 2017-08-15T14:19:30.350289293Z: [   10.372025] 9p: Installing v9fs 9p2000 file system support
[STDOUT  ] 2017-08-15T14:19:30.350702289Z: [   10.372569] FS-Cache: Netfs '9p' registered for caching
[STDOUT  ] 2017-08-15T14:19:30.383485553Z: [   10.405265] NET: Registered protocol family 38
[STDOUT  ] 2017-08-15T14:19:30.384062527Z: [   10.405940] Key type asymmetric registered
[STDOUT  ] 2017-08-15T14:19:30.384676753Z: [   10.406359] Asymmetric key parser 'x509' registered
[STDOUT  ] 2017-08-15T14:19:30.385909215Z: [   10.407467] Block layer SCSI generic (bsg) driver version 0.4 loaded (major 251)
[STDOUT  ] 2017-08-15T14:19:30.387488462Z: [   10.409202] io scheduler noop registered
[STDOUT  ] 2017-08-15T14:19:30.387769353Z: [   10.409570] io scheduler deadline registered (default)
[STDOUT  ] 2017-08-15T14:19:30.390464743Z: [   10.412321] io scheduler cfq registered
[STDOUT  ] 2017-08-15T14:19:30.393356668Z: [   10.415159] pci_hotplug: PCI Hot Plug PCI Core version: 0.5
[STDOUT  ] 2017-08-15T14:19:30.394391334Z: [   10.415999] pciehp: PCI Express Hot Plug Controller Driver version: 0.4
[STDOUT  ] 2017-08-15T14:19:30.395297762Z: [   10.417030] shpchp: Standard Hot Plug PCI Controller Driver version: 0.4
[STDOUT  ] 2017-08-15T14:19:30.397489471Z: [   10.417985] hv_vmbus: registering driver hyperv_fb
[STDOUT  ] 2017-08-15T14:19:30.400971905Z: [   10.422726] input: Power Button as /devices/LNXSYSTM:00/LNXPWRBN:00/input/input0
[STDOUT  ] 2017-08-15T14:19:30.402103305Z: [   10.423941] ACPI: Power Button [PWRF]
[STDOUT  ] 2017-08-15T14:19:30.407009742Z: [   10.428937] GHES: HEST is not enabled!
[STDOUT  ] 2017-08-15T14:19:30.420529005Z: [   10.442272] ACPI: PCI Interrupt Link [GSIG] enabled at IRQ 22
[STDOUT  ] 2017-08-15T14:19:30.436514159Z: [   10.458339] ACPI: PCI Interrupt Link [GSIH] enabled at IRQ 23
[STDOUT  ] 2017-08-15T14:19:30.442980042Z: [   10.464873] xenfs: not registering filesystem on non-xen platform
[STDOUT  ] 2017-08-15T14:19:30.445933736Z: [   10.467759] Serial: 8250/16550 driver, 4 ports, IRQ sharing disabled
[STDOUT  ] 2017-08-15T14:19:30.472049145Z: [   10.493852] 00:04: ttyS0 at I/O 0x3f8 (irq = 4, base_baud = 115200) is a 16550A
[STDOUT  ] 2017-08-15T14:19:30.484859513Z: [   10.506747] Non-volatile memory driver v1.3
[STDOUT  ] 2017-08-15T14:19:30.491839836Z: [   10.513622] Hangcheck: starting hangcheck timer 0.9.1 (tick is 180 seconds, margin is 60 seconds).
[STDOUT  ] 2017-08-15T14:19:30.531120196Z: [   10.552894] loop: module loaded
[STDOUT  ] 2017-08-15T14:19:30.548539312Z: [   10.570348] nbd: registered device at major 43
[STDOUT  ] 2017-08-15T14:19:30.593357867Z: [   10.615144] lpc_ich 0000:00:1f.0: I/O space for GPIO uninitialized
[STDOUT  ] 2017-08-15T14:19:30.595627858Z: [   10.617460] VMware PVSCSI driver - version 1.0.7.0-k
[STDOUT  ] 2017-08-15T14:19:30.597986476Z: [   10.618469] hv_vmbus: registering driver hv_storvsc
[STDOUT  ] 2017-08-15T14:19:30.607813004Z: [   10.629625] ACPI: PCI Interrupt Link [GSIA] enabled at IRQ 16
[STDOUT  ] 2017-08-15T14:19:30.616254983Z: [   10.637952] ahci 0000:00:1f.2: AHCI 0001.0000 32 slots 6 ports 1.5 Gbps 0x3f impl SATA mode
[STDOUT  ] 2017-08-15T14:19:30.616964313Z: [   10.638733] ahci 0000:00:1f.2: flags: 64bit ncq only 
[STDOUT  ] 2017-08-15T14:19:30.638697101Z: [   10.660535] scsi host0: ahci
[STDOUT  ] 2017-08-15T14:19:30.644389502Z: [   10.666399] scsi host1: ahci
[STDOUT  ] 2017-08-15T14:19:30.647900086Z: [   10.669746] scsi host2: ahci
[STDOUT  ] 2017-08-15T14:19:30.651053105Z: [   10.672884] scsi host3: ahci
[STDOUT  ] 2017-08-15T14:19:30.653671796Z: [   10.675637] scsi host4: ahci
[STDOUT  ] 2017-08-15T14:19:30.655949399Z: [   10.677987] scsi host5: ahci
[STDOUT  ] 2017-08-15T14:19:30.658197961Z: [   10.679910] ata1: SATA max UDMA/133 abar m4096@0xfebd2000 port 0xfebd2100 irq 24
[STDOUT  ] 2017-08-15T14:19:30.65918445Z: [   10.680777] ata2: SATA max UDMA/133 abar m4096@0xfebd2000 port 0xfebd2180 irq 24
[STDOUT  ] 2017-08-15T14:19:30.659423178Z: [   10.681250] ata3: SATA max UDMA/133 abar m4096@0xfebd2000 port 0xfebd2200 irq 24
[STDOUT  ] 2017-08-15T14:19:30.660200965Z: [   10.681743] ata4: SATA max UDMA/133 abar m4096@0xfebd2000 port 0xfebd2280 irq 24
[STDOUT  ] 2017-08-15T14:19:30.660579041Z: [   10.682236] ata5: SATA max UDMA/133 abar m4096@0xfebd2000 port 0xfebd2300 irq 24
[STDOUT  ] 2017-08-15T14:19:30.660989879Z: [   10.682713] ata6: SATA max UDMA/133 abar m4096@0xfebd2000 port 0xfebd2380 irq 24
[STDOUT  ] 2017-08-15T14:19:30.674095541Z: [   10.695993] tun: Universal TUN/TAP device driver, 1.6
[STDOUT  ] 2017-08-15T14:19:30.674596747Z: [   10.696400] tun: (C) 1999-2004 Max Krasnyansky <maxk@qualcomm.com>
[STDOUT  ] 2017-08-15T14:19:30.686718378Z: [   10.708614] VMware vmxnet3 virtual NIC driver - version 1.4.a.0-k-NAPI
[STDOUT  ] 2017-08-15T14:19:30.687579366Z: [   10.709579] hv_vmbus: registering driver hv_netvsc
[STDOUT  ] 2017-08-15T14:19:30.688027071Z: [   10.709948] Fusion MPT base driver 3.04.20
[STDOUT  ] 2017-08-15T14:19:30.688920025Z: [   10.710669] Copyright (c) 1999-2008 LSI Corporation
[STDOUT  ] 2017-08-15T14:19:30.689618861Z: [   10.711571] Fusion MPT SPI Host driver 3.04.20
[STDOUT  ] 2017-08-15T14:19:30.692165411Z: [   10.713748] i8042: PNP: PS/2 Controller [PNP0303:KBD,PNP0f13:MOU] at 0x60,0x64 irq 1,12
[STDOUT  ] 2017-08-15T14:19:30.695877326Z: [   10.717846] serio: i8042 KBD port at 0x60,0x64 irq 1
[STDOUT  ] 2017-08-15T14:19:30.696869157Z: [   10.718568] serio: i8042 AUX port at 0x60,0x64 irq 12
[STDOUT  ] 2017-08-15T14:19:30.700397133Z: [   10.722205] hv_vmbus: registering driver hyperv_keyboard
[STDOUT  ] 2017-08-15T14:19:30.702702506Z: [   10.724540] mousedev: PS/2 mouse device common for all mice
[STDOUT  ] 2017-08-15T14:19:30.707747368Z: [   10.729376] input: AT Translated Set 2 keyboard as /devices/platform/i8042/serio0/input/input1
[STDOUT  ] 2017-08-15T14:19:30.711335437Z: [   10.732092] input: PC Speaker as /devices/platform/pcspkr/input/input2
[STDOUT  ] 2017-08-15T14:19:30.715304251Z: [   10.737103] rtc_cmos 00:00: RTC can wake from S4
[STDOUT  ] 2017-08-15T14:19:30.719003621Z: [   10.740817] rtc_cmos 00:00: rtc core: registered rtc_cmos as rtc0
[STDOUT  ] 2017-08-15T14:19:30.720515673Z: [   10.742125] rtc_cmos 00:00: alarms up to one day, y3k, 114 bytes nvram, hpet irqs
[STDOUT  ] 2017-08-15T14:19:30.721129761Z: [   10.742976] i2c /dev entries driver
[STDOUT  ] 2017-08-15T14:19:30.723544143Z: [   10.745112] device-mapper: ioctl: 4.35.0-ioctl (2016-06-23) initialised: dm-devel@redhat.com
[STDOUT  ] 2017-08-15T14:19:30.728289191Z: [   10.750009] usbcore: registered new interface driver usbhid
[STDOUT  ] 2017-08-15T14:19:30.728976432Z: [   10.750161] usbhid: USB HID core driver
[STDOUT  ] 2017-08-15T14:19:30.729916319Z: [   10.751732] hv_utils: Registering HyperV Utility Driver
[STDOUT  ] 2017-08-15T14:19:30.730181079Z: [   10.752095] hv_vmbus: registering driver hv_util
[STDOUT  ] 2017-08-15T14:19:30.73040369Z: [   10.752416] hv_vmbus: registering driver hv_balloon
[STDOUT  ] 2017-08-15T14:19:30.731189802Z: [   10.752981] oprofile: using NMI interrupt.
[STDOUT  ] 2017-08-15T14:19:30.732273942Z: [   10.754185] GACT probability on
[STDOUT  ] 2017-08-15T14:19:30.73284571Z: [   10.754784] Mirror/redirect action on
[STDOUT  ] 2017-08-15T14:19:30.73400564Z: [   10.755816] Simple TC action Loaded
[STDOUT  ] 2017-08-15T14:19:30.734740464Z: [   10.756561] u32 classifier
[STDOUT  ] 2017-08-15T14:19:30.734763081Z: [   10.756778]     Performance counters on
[STDOUT  ] 2017-08-15T14:19:30.735079424Z: [   10.757037]     input device check on
[STDOUT  ] 2017-08-15T14:19:30.735265915Z: [   10.757324]     Actions configured
[STDOUT  ] 2017-08-15T14:19:30.73699459Z: [   10.758225] Netfilter messages via NETLINK v0.30.
[STDOUT  ] 2017-08-15T14:19:30.73701809Z: [   10.758831] nfnl_acct: registering with nfnetlink.
[STDOUT  ] 2017-08-15T14:19:30.738793579Z: [   10.760716] nf_conntrack version 0.5.0 (8192 buckets, 32768 max)
[STDOUT  ] 2017-08-15T14:19:30.742049828Z: [   10.763931] ctnetlink v0.93: registering with nfnetlink.
[STDOUT  ] 2017-08-15T14:19:30.745420184Z: [   10.767118] nf_tables: (c) 2007-2009 Patrick McHardy <kaber@trash.net>
[STDOUT  ] 2017-08-15T14:19:30.746470962Z: [   10.768151] nf_tables_compat: (c) 2012 Pablo Neira Ayuso <pablo@netfilter.org>
[STDOUT  ] 2017-08-15T14:19:30.74916796Z: [   10.771081] xt_time: kernel timezone is -0000
[STDOUT  ] 2017-08-15T14:19:30.749777348Z: [   10.771762] ip_set: protocol 6
[STDOUT  ] 2017-08-15T14:19:30.750667514Z: [   10.772558] IPVS: Registered protocols (TCP, UDP, SCTP, AH, ESP)
[STDOUT  ] 2017-08-15T14:19:30.751660759Z: [   10.773339] IPVS: Connection hash table configured (size=4096, memory=64Kbytes)
[STDOUT  ] 2017-08-15T14:19:30.753346357Z: [   10.775266] IPVS: Creating netns size=2104 id=0
[STDOUT  ] 2017-08-15T14:19:30.754369293Z: [   10.776303] IPVS: ipvs loaded.
[STDOUT  ] 2017-08-15T14:19:30.754822739Z: [   10.776755] IPVS: [rr] scheduler registered.
[STDOUT  ] 2017-08-15T14:19:30.755410702Z: [   10.777214] IPVS: [wrr] scheduler registered.
[STDOUT  ] 2017-08-15T14:19:30.755943809Z: [   10.777589] IPVS: [lc] scheduler registered.
[STDOUT  ] 2017-08-15T14:19:30.755982536Z: [   10.777975] IPVS: [wlc] scheduler registered.
[STDOUT  ] 2017-08-15T14:19:30.756571261Z: [   10.778415] IPVS: [fo] scheduler registered.
[STDOUT  ] 2017-08-15T14:19:30.756967171Z: [   10.778793] IPVS: [ovf] scheduler registered.
[STDOUT  ] 2017-08-15T14:19:30.757407029Z: [   10.779372] IPVS: [lblc] scheduler registered.
[STDOUT  ] 2017-08-15T14:19:30.757984638Z: [   10.779965] IPVS: [lblcr] scheduler registered.
[STDOUT  ] 2017-08-15T14:19:30.758428362Z: [   10.780231] IPVS: [dh] scheduler registered.
[STDOUT  ] 2017-08-15T14:19:30.758900606Z: [   10.780231] IPVS: [sh] scheduler registered.
[STDOUT  ] 2017-08-15T14:19:30.759106709Z: [   10.780231] IPVS: [sed] scheduler registered.
[STDOUT  ] 2017-08-15T14:19:30.759601862Z: [   10.780231] IPVS: [nq] scheduler registered.
[STDOUT  ] 2017-08-15T14:19:30.760966462Z: [   10.782867] IPVS: ftp: loaded support on port[0] = 21
[STDOUT  ] 2017-08-15T14:19:30.762104386Z: [   10.783934] ipip: IPv4 and MPLS over IPv4 tunneling driver
[STDOUT  ] 2017-08-15T14:19:30.766741691Z: [   10.788661] gre: GRE over IPv4 demultiplexor driver
[STDOUT  ] 2017-08-15T14:19:30.769481531Z: [   10.791298] ip_tables: (C) 2000-2006 Netfilter Core Team
[STDOUT  ] 2017-08-15T14:19:30.772632539Z: [   10.794470] ipt_CLUSTERIP: ClusterIP Version 0.8 loaded successfully
[STDOUT  ] 2017-08-15T14:19:30.773444499Z: [   10.795279] arp_tables: arp_tables: (C) 2002 David S. Miller
[STDOUT  ] 2017-08-15T14:19:30.775536265Z: [   10.797519] NET: Registered protocol family 10
[STDOUT  ] 2017-08-15T14:19:30.785339309Z: [   10.807167] ip6_tables: (C) 2000-2006 Netfilter Core Team
[STDOUT  ] 2017-08-15T14:19:30.793175787Z: [   10.815066] NET: Registered protocol family 17
[STDOUT  ] 2017-08-15T14:19:30.794306964Z: [   10.816240] Bridge firewalling registered
[STDOUT  ] 2017-08-15T14:19:30.794940627Z: [   10.816906] Ebtables v2.0 registered
[STDOUT  ] 2017-08-15T14:19:30.796477876Z: [   10.818439] 8021q: 802.1Q VLAN Support v1.8
[STDOUT  ] 2017-08-15T14:19:30.797954374Z: [   10.819935] 9pnet: Installing 9P2000 support
[STDOUT  ] 2017-08-15T14:19:30.800329032Z: [   10.822208] Key type dns_resolver registered
[STDOUT  ] 2017-08-15T14:19:30.801438196Z: [   10.823334] microcode: AMD CPU family 0x6 not supported
[STDOUT  ] 2017-08-15T14:19:30.805199152Z: [   10.827140] registered taskstats version 1
[STDOUT  ] 2017-08-15T14:19:30.990396948Z: [   11.012193] ata2: SATA link down (SStatus 0 SControl 300)
[STDOUT  ] 2017-08-15T14:19:30.993209929Z: [   11.015091] ata1: SATA link down (SStatus 0 SControl 300)
[STDOUT  ] 2017-08-15T14:19:30.999086192Z: [   11.020983] ata6: SATA link down (SStatus 0 SControl 300)
[STDOUT  ] 2017-08-15T14:19:30.999680641Z: [   11.021567] ata5: SATA link down (SStatus 0 SControl 300)
[STDOUT  ] 2017-08-15T14:19:31.000200515Z: [   11.022152] ata4: SATA link down (SStatus 0 SControl 300)
[STDOUT  ] 2017-08-15T14:19:31.001203051Z: [   11.023027] ata3: SATA link up 1.5 Gbps (SStatus 113 SControl 300)
[STDOUT  ] 2017-08-15T14:19:31.004860152Z: [   11.026512] ata3.00: ATAPI: QEMU DVD-ROM, 2.5+, max UDMA/100
[STDOUT  ] 2017-08-15T14:19:31.005238191Z: [   11.027045] ata3.00: applying bridge limits
[STDOUT  ] 2017-08-15T14:19:31.007049518Z: [   11.028904] ata3.00: configured for UDMA/100
[STDOUT  ] 2017-08-15T14:19:31.02773558Z: [   11.049447] scsi 2:0:0:0: CD-ROM            QEMU     QEMU DVD-ROM     2.5+ PQ: 0 ANSI: 5
[STDOUT  ] 2017-08-15T14:19:31.042856142Z: [   11.064702] Key type big_key registered
[STDOUT  ] 2017-08-15T14:19:31.061908402Z: [   11.083757] sr 2:0:0:0: [sr0] scsi3-mmc drive: 4x/4x cd/rw xa/form2 tray
[STDOUT  ] 2017-08-15T14:19:31.06264502Z: [   11.084467] cdrom: Uniform CD-ROM driver Revision: 3.20
[STDOUT  ] 2017-08-15T14:19:31.08061464Z: [   11.102446] sr 2:0:0:0: Attached scsi generic sg0 type 5
[STDOUT  ] 2017-08-15T14:19:31.10935877Z: [   11.131247] Key type encrypted registered
[STDOUT  ] 2017-08-15T14:19:31.115538447Z: [   11.137304] rtc_cmos 00:00: setting system clock to 2017-08-15 14:19:30 UTC (1502806770)
[STDOUT  ] 2017-08-15T14:19:31.253964771Z: [   11.275779] Freeing unused kernel memory: 1372K (ffffffff91d50000 - ffffffff91ea7000)
[STDOUT  ] 2017-08-15T14:19:31.254622983Z: [   11.276336] Write protecting the kernel read-only data: 12288k
[STDOUT  ] 2017-08-15T14:19:31.263046076Z: [   11.284651] Freeing unused kernel memory: 156K (ffff9a2df47d9000 - ffff9a2df4800000)
[STDOUT  ] 2017-08-15T14:19:31.369022055Z: [   11.390879] Freeing unused kernel memory: 1404K (ffff9a2df4aa1000 - ffff9a2df4c00000)
[STDOUT  ] 2017-08-15T14:19:31.369980777Z: [   11.391863] tsc: Refined TSC clocksource calibration: 2600.002 MHz
[STDOUT  ] 2017-08-15T14:19:31.370614391Z: [   11.392361] clocksource: tsc: mask: 0xffffffffffffffff max_cycles: 0x257a3e40e8d, max_idle_ns: 440795298933 ns
[STDOUT  ] 2017-08-15T14:19:32.389387486Z: [   12.411188] clocksource: Switched to clocksource tsc
[STDOUT  ] 2017-08-15T14:19:42.882283842Z: 
[STDOUT  ] 2017-08-15T14:19:42.8823558Z: Welcome to LinuxKit
[STDOUT  ] 2017-08-15T14:19:42.882377448Z: 
[STDOUT  ] 2017-08-15T14:19:42.882396976Z:                         ##         .
[STDOUT  ] 2017-08-15T14:19:42.882416581Z:                   ## ## ##        ==
[STDOUT  ] 2017-08-15T14:19:42.882438956Z:                ## ## ## ## ##    ===SUCCESS boot
[STDOUT  ] 2017-08-15T14:19:42.882914798Z: 
[STDOUT  ] 2017-08-15T14:19:42.882948374Z:            /"""""""""""""""""\___/ ===
[STDOUT  ] 2017-08-15T14:19:42.88332248Z:           {                       /  ===-
[STDOUT  ] 2017-08-15T14:19:42.883760224Z:            \______ O           __/
[STDOUT  ] 2017-08-15T14:19:42.884073211Z:              \    \         __/
[STDOUT  ] 2017-08-15T14:19:42.88456833Z:               \____\_______/
[STDOUT  ] 2017-08-15T14:19:42.884590442Z: 
[STDOUT  ] 2017-08-15T14:19:44.440240291Z: [   24.462065] 8021q: adding VLAN 0 to HW filter on device eth0
[STDOUT  ] 2017-08-15T14:19:44.443200699Z: eth0: waiting for carrier
[STDOUT  ] 2017-08-15T14:19:44.519353327Z: [   24.541172] random: dhcpcd: uninitialized urandom read (112 bytes read)
[STDOUT  ] 2017-08-15T14:19:44.84421197Z: eth0: carrier acquired
[STDOUT  ] 2017-08-15T14:19:44.844668068Z: DUID 00:01:00:01:21:25:bf:7f:1a:28:b2:45:4b:e5
[STDOUT  ] 2017-08-15T14:19:44.845031759Z: eth0: IAID b2:45:4b:e5
[STDOUT  ] 2017-08-15T14:19:44.845414049Z: eth0: adding address fe80::1754:cac:b5a9:8a65
[STDOUT  ] 2017-08-15T14:19:44.845734724Z: eth0: soliciting an IPv6 router
[STDOUT  ] 2017-08-15T14:19:44.846039664Z: eth0: soliciting a DHCP lease
[STDOUT  ] 2017-08-15T14:19:44.846419714Z: eth0: offered 10.0.2.15 from 10.0.2.2
[STDOUT  ] 2017-08-15T14:19:44.846964212Z: eth0: leased 10.0.2.15 for 86400 seconds
[STDOUT  ] 2017-08-15T14:19:44.847299098Z: eth0: adding route to 10.0.2.0/24
[STDOUT  ] 2017-08-15T14:19:44.847736884Z: eth0: adding default route via 10.0.2.2
[STDOUT  ] 2017-08-15T14:19:44.847905129Z: exiting due to oneshot
[STDOUT  ] 2017-08-15T14:19:44.853814977Z: dhcpcd exited
[STDOUT  ] 2017-08-15T14:19:46.071681696Z: [34mINFO[0m[0000] starting containerd                           [34mmodule[0m=containerd [34mrevision[0m=56d499e114cd0289a68338d32d997346f3bb1dcd [34mversion[0m=v1.0.0-alpha4
[STDOUT  ] 2017-08-15T14:19:46.081183455Z: [34mINFO[0m[0000] loading plugin "io.containerd.content.v1.content"...  [34mmodule[0m=containerd [34mtype[0m=io.containerd.content.v1
[STDOUT  ] 2017-08-15T14:19:46.084071437Z: [34mINFO[0m[0000] loading plugin "io.containerd.metadata.v1.bolt"...  [34mmodule[0m=containerd [34mtype[0m=io.containerd.metadata.v1
[STDOUT  ] 2017-08-15T14:19:46.090232133Z: [34mINFO[0m[0000] loading plugin "io.containerd.differ.v1.base-diff"...  [34mmodule[0m=containerd [34mtype[0m=io.containerd.differ.v1
[STDOUT  ] 2017-08-15T14:19:46.092246828Z: [34mINFO[0m[0000] loading plugin "io.containerd.grpc.v1.containers"...  [34mmodule[0m=containerd [34mtype[0m=io.containerd.grpc.v1
[STDOUT  ] 2017-08-15T14:19:46.094284529Z: [34mINFO[0m[0000] loading plugin "io.containerd.grpc.v1.content"...  [34mmodule[0m=containerd [34mtype[0m=io.containerd.grpc.v1
[STDOUT  ] 2017-08-15T14:19:46.096180521Z: [34mINFO[0m[0000] loading plugin "io.containerd.grpc.v1.diff"...  [34mmodule[0m=containerd [34mtype[0m=io.containerd.grpc.v1
[STDOUT  ] 2017-08-15T14:19:46.097908717Z: [34mINFO[0m[0000] loading plugin "io.containerd.grpc.v1.events"...  [34mmodule[0m=containerd [34mtype[0m=io.containerd.grpc.v1
[STDOUT  ] 2017-08-15T14:19:46.100183648Z: [34mINFO[0m[0000] loading plugin "io.containerd.grpc.v1.healthcheck"...  [34mmodule[0m=containerd [34mtype[0m=io.containerd.grpc.v1
[STDOUT  ] 2017-08-15T14:19:46.102180648Z: [34mINFO[0m[0000] loading plugin "io.containerd.grpc.v1.images"...  [34mmodule[0m=containerd [34mtype[0m=io.containerd.grpc.v1
[STDOUT  ] 2017-08-15T14:19:46.103940112Z: [34mINFO[0m[0000] loading plugin "io.containerd.grpc.v1.namespaces"...  [34mmodule[0m=containerd [34mtype[0m=io.containerd.grpc.v1
[STDOUT  ] 2017-08-15T14:19:46.105807713Z: [34mINFO[0m[0000] loading plugin "io.containerd.snapshotter.v1.btrfs"...  [34mmodule[0m=containerd [34mtype[0m=io.containerd.snapshotter.v1
[STDOUT  ] 2017-08-15T14:19:46.121233424Z: [33mWARN[0m[0000] failed to load plugin io.containerd.snapshotter.v1.btrfs  [33merror[0m="path /var/lib/containerd/io.containerd.snapshotter.v1.btrfs must be a btrfs filesystem to be used with the btrfs snapshotter" [33mmodule[0m=containerd
[STDOUT  ] 2017-08-15T14:19:46.123570506Z: [34mINFO[0m[0000] loading plugin "io.containerd.snapshotter.v1.overlayfs"...  [34mmodule[0m=containerd [34mtype[0m=io.containerd.snapshotter.v1
[STDOUT  ] 2017-08-15T14:19:46.131160379Z: [34mINFO[0m[0000] loading plugin "io.containerd.grpc.v1.snapshots"...  [34mmodule[0m=containerd [34mtype[0m=io.containerd.grpc.v1
[STDOUT  ] 2017-08-15T14:19:46.133805273Z: [34mINFO[0m[0000] loading plugin "io.containerd.monitor.v1.cgroups"...  [34mmodule[0m=containerd [34mtype[0m=io.containerd.monitor.v1
[STDOUT  ] 2017-08-15T14:19:46.18441624Z: [34mINFO[0m[0000] loading plugin "io.containerd.runtime.v1.linux"...  [34mmodule[0m=containerd [34mtype[0m=io.containerd.runtime.v1
[STDOUT  ] 2017-08-15T14:19:46.191011064Z: [34mINFO[0m[0000] loading plugin "io.containerd.grpc.v1.tasks"...  [34mmodule[0m=containerd [34mtype[0m=io.containerd.grpc.v1
[STDOUT  ] 2017-08-15T14:19:46.200516922Z: [34mINFO[0m[0000] loading plugin "io.containerd.grpc.v1.version"...  [34mmodule[0m=containerd [34mtype[0m=io.containerd.grpc.v1
[STDOUT  ] 2017-08-15T14:19:46.228475803Z: [34mINFO[0m[0000] serving...                                    [34maddress[0m="/run/containerd/debug.sock" [34mmodule[0m="containerd/debug"
[STDOUT  ] 2017-08-15T14:19:46.232456521Z: [34mINFO[0m[0000] serving...                                    [34maddress[0m="/run/containerd/containerd.sock" [34mmodule[0m="containerd/grpc"
[STDOUT  ] 2017-08-15T14:19:46.235399906Z: [34mINFO[0m[0000] containerd successfully booted in 0.189018s   [34mmodule[0m=containerd
[STDOUT  ] 2017-08-15T14:19:46.662276312Z: [34mINFO[0m[0000] shim containerd-shim started                  [34maddress[0m="/containerd-shim/default/getty/shim.sock" [34mdebug[0m=false [34mmodule[0m="containerd/tasks" [34mpid[0m=346
[STDOUT  ] 2017-08-15T14:19:50.440789516Z: 
[STDOUT  ] 2017-08-15T14:19:50.451657775Z: linuxkit-1a28b2454be5 login: root
[STDOUT  ] 2017-08-15T14:19:50.475258082Z: Password: 
[STDOUT  ] 2017-08-15T14:19:50.511386824Z: Welcome to LinuxKit!
[STDOUT  ] 2017-08-15T14:19:50.511441222Z: 
[STDOUT  ] 2017-08-15T14:19:50.511946055Z: NOTE: This system is namespaced.
[STDOUT  ] 2017-08-15T14:19:50.512592856Z: The namespace you are currently in may not be the root.
[STDOUT  ] 2017-08-15T14:19:50.512764761Z: [   30.534668] random: fast init done
[STDOUT  ] 2017-08-15T14:19:50.517245163Z: login[389]: root login on 'ttyS0'
[STDOUT  ] 2017-08-15T14:19:50.563771496Z: (ns: getty) linuxkit-1a28b2454be5:~# [6nctr pull docker.io/library/hello-world@sha2
[STDOUT  ] 2017-08-15T14:19:50.579481808Z: 56:f3b3b28a45160805bb16542c9531888519430e9e6d6ffc09d72261b0d26ff74f
[STDOUT  ] 2017-08-15T14:19:51.185374214Z: docker.io/library/hello-world@sha256:f3b3b28a45160805bb16542c9531888519430e9e6d6ffc09d72261b0d26ff74f: resolving      |[32m[0m--------------------------------------| 
[STDOUT  ] 2017-08-15T14:19:51.187660333Z: elapsed: 0.2 s                                                                                         total:   0.0 B (0.0 B/s)                                         
[STDOUT  ] 2017-08-15T14:19:51.29913485Z: [0A[2K[0A[2Kdocker.io/library/hello-world@sha256:f3b3b28a45160805bb16542c9531888519430e9e6d6ffc09d72261b0d26ff74f: resolving      |[32m[0m--------------------------------------| 
[STDOUT  ] 2017-08-15T14:19:51.300468223Z: elapsed: 0.3 s                                                                                         total:   0.0 B (0.0 B/s)                                         
[STDOUT  ] 2017-08-15T14:19:51.407708904Z: [0A[2K[0A[2Kdocker.io/library/hello-world@sha256:f3b3b28a45160805bb16542c9531888519430e9e6d6ffc09d72261b0d26ff74f: resolving      |[32m[0m--------------------------------------| 
[STDOUT  ] 2017-08-15T14:19:51.409423749Z: elapsed: 0.4 s                                                                                         total:   0.0 B (0.0 B/s)                                         
[STDOUT  ] 2017-08-15T14:19:51.495442074Z: [0A[2K[0A[2Kdocker.io/library/hello-world@sha256:f3b3b28a45160805bb16542c9531888519430e9e6d6ffc09d72261b0d26ff74f: resolving      |[32m[0m--------------------------------------| 
[STDOUT  ] 2017-08-15T14:19:51.496645131Z: elapsed: 0.5 s                                                                                         total:   0.0 B (0.0 B/s)                                         
[STDOUT  ] 2017-08-15T14:19:51.590616702Z: [0A[2K[0A[2Kdocker.io/library/hello-world@sha256:f3b3b28a45160805bb16542c9531888519430e9e6d6ffc09d72261b0d26ff74f: resolving      |[32m[0m--------------------------------------| 
[STDOUT  ] 2017-08-15T14:19:51.591608762Z: elapsed: 0.6 s                                                                                         total:   0.0 B (0.0 B/s)                                         
[STDOUT  ] 2017-08-15T14:19:51.680352015Z: [0A[2K[0A[2Kdocker.io/library/hello-world@sha256:f3b3b28a45160805bb16542c9531888519430e9e6d6ffc09d72261b0d26ff74f: resolving      |[32m[0m--------------------------------------| 
[STDOUT  ] 2017-08-15T14:19:51.681439485Z: elapsed: 0.6 s                                                                                         total:   0.0 B (0.0 B/s)                                         
[STDOUT  ] 2017-08-15T14:19:51.80077805Z: [0A[2K[0A[2Kdocker.io/library/hello-world@sha256:f3b3b28a45160805bb16542c9531888519430e9e6d6ffc09d72261b0d26ff74f: resolving      |[32m[0m--------------------------------------| 
[STDOUT  ] 2017-08-15T14:19:51.801962144Z: elapsed: 0.7 s                                                                                         total:   0.0 B (0.0 B/s)                                         
[STDOUT  ] 2017-08-15T14:19:51.899588582Z: [0A[2K[0A[2Kdocker.io/library/hello-world@sha256:f3b3b28a45160805bb16542c9531888519430e9e6d6ffc09d72261b0d26ff74f: resolving      |[32m[0m--------------------------------------| 
[STDOUT  ] 2017-08-15T14:19:51.90074169Z: elapsed: 0.9 s                                                                                         total:   0.0 B (0.0 B/s)                                         
[STDOUT  ] 2017-08-15T14:19:51.99430605Z: [0A[2K[0A[2Kdocker.io/library/hello-world@sha256:f3b3b28a45160805bb16542c9531888519430e9e6d6ffc09d72261b0d26ff74f: resolving      |[32m[0m--------------------------------------| 
[STDOUT  ] 2017-08-15T14:19:51.995502433Z: elapsed: 1.0 s                                                                                         total:   0.0 B (0.0 B/s)                                         
[STDOUT  ] 2017-08-15T14:19:52.100466788Z: [0A[2K[0A[2Kdocker.io/library/hello-world@sha256:f3b3b28a45160805bb16542c9531888519430e9e6d6ffc09d72261b0d26ff74f: resolving      |[32m[0m--------------------------------------| 
[STDOUT  ] 2017-08-15T14:19:52.101634858Z: elapsed: 1.0 s                                                                                         total:   0.0 B (0.0 B/s)                                         
[STDOUT  ] 2017-08-15T14:19:52.18718924Z: [0A[2K[0A[2Kdocker.io/library/hello-world@sha256:f3b3b28a45160805bb16542c9531888519430e9e6d6ffc09d72261b0d26ff74f: resolving      |[32m[0m--------------------------------------| 
[STDOUT  ] 2017-08-15T14:19:52.18847143Z: elapsed: 1.2 s                                                                                         total:   0.0 B (0.0 B/s)                                         
[STDOUT  ] 2017-08-15T14:19:52.280479068Z: [0A[2K[0A[2Kdocker.io/library/hello-world@sha256:f3b3b28a45160805bb16542c9531888519430e9e6d6ffc09d72261b0d26ff74f: resolving      |[32m[0m--------------------------------------| 
[STDOUT  ] 2017-08-15T14:19:52.28187546Z: elapsed: 1.2 s                                                                                         total:   0.0 B (0.0 B/s)                                         
[STDOUT  ] 2017-08-15T14:19:52.390838347Z: [0A[2K[0A[2Kdocker.io/library/hello-world@sha256:f3b3b28a45160805bb16542c9531888519430e9e6d6ffc09d72261b0d26ff74f: resolving      |[32m[0m--------------------------------------| 
[STDOUT  ] 2017-08-15T14:19:52.391975511Z: elapsed: 1.3 s                                                                                         total:   0.0 B (0.0 B/s)                                         
[STDOUT  ] 2017-08-15T14:19:52.47922257Z: [0A[2K[0A[2Kdocker.io/library/hello-world@sha256:f3b3b28a45160805bb16542c9531888519430e9e6d6ffc09d72261b0d26ff74f: resolving      |[32m[0m--------------------------------------| 
[STDOUT  ] 2017-08-15T14:19:52.480690776Z: elapsed: 1.4 s                                                                                         total:   0.0 B (0.0 B/s)                                         
[STDOUT  ] 2017-08-15T14:19:52.575752549Z: [0A[2K[0A[2Kdocker.io/library/hello-world@sha256:f3b3b28a45160805bb16542c9531888519430e9e6d6ffc09d72261b0d26ff74f: resolving      |[32m[0m--------------------------------------| 
[STDOUT  ] 2017-08-15T14:19:52.576965557Z: elapsed: 1.5 s                                                                                         total:   0.0 B (0.0 B/s)                                         
[STDOUT  ] 2017-08-15T14:19:52.672629149Z: [0A[2K[0A[2Kdocker.io/library/hello-world@sha256:f3b3b28a45160805bb16542c9531888519430e9e6d6ffc09d72261b0d26ff74f: resolving      |[32m[0m--------------------------------------| 
[STDOUT  ] 2017-08-15T14:19:52.674544864Z: elapsed: 1.6 s                                                                                         total:   0.0 B (0.0 B/s)                                         
[STDOUT  ] 2017-08-15T14:19:52.771578463Z: [0A[2K[0A[2Kdocker.io/library/hello-world@sha256:f3b3b28a45160805bb16542c9531888519430e9e6d6ffc09d72261b0d26ff74f: resolving      |[32m[0m--------------------------------------| 
[STDOUT  ] 2017-08-15T14:19:52.772875087Z: elapsed: 1.7 s                                                                                         total:   0.0 B (0.0 B/s)                                         
[STDOUT  ] 2017-08-15T14:19:52.87485566Z: [0A[2K[0A[2Kdocker.io/library/hello-world@sha256:f3b3b28a45160805bb16542c9531888519430e9e6d6ffc09d72261b0d26ff74f: resolving      |[32m[0m--------------------------------------| 
[STDOUT  ] 2017-08-15T14:19:52.875966855Z: elapsed: 1.8 s                                                                                         total:   0.0 B (0.0 B/s)                                         
[STDOUT  ] 2017-08-15T14:19:52.97663614Z: [0A[2K[0A[2Kdocker.io/library/hello-world@sha256:f3b3b28a45160805bb16542c9531888519430e9e6d6ffc09d72261b0d26ff74f: resolving      |[32m[0m--------------------------------------| 
[STDOUT  ] 2017-08-15T14:19:52.97792931Z: elapsed: 1.9 s                                                                                         total:   0.0 B (0.0 B/s)                                         
[STDOUT  ] 2017-08-15T14:19:53.076589258Z: [0A[2K[0A[2Kdocker.io/library/hello-world@sha256:f3b3b28a45160805bb16542c9531888519430e9e6d6ffc09d72261b0d26ff74f: resolving      |[32m[0m--------------------------------------| 
[STDOUT  ] 2017-08-15T14:19:53.078644969Z: elapsed: 2.0 s                                                                                         total:   0.0 B (0.0 B/s)                                         
[STDOUT  ] 2017-08-15T14:19:53.176303022Z: [0A[2K[0A[2Kdocker.io/library/hello-world@sha256:f3b3b28a45160805bb16542c9531888519430e9e6d6ffc09d72261b0d26ff74f: resolving      |[32m[0m--------------------------------------| 
[STDOUT  ] 2017-08-15T14:19:53.178182302Z: elapsed: 2.1 s                                                                                         total:   0.0 B (0.0 B/s)                                         
[STDOUT  ] 2017-08-15T14:19:53.273903513Z: [0A[2K[0A[2Kdocker.io/library/hello-world@sha256:f3b3b28a45160805bb16542c9531888519430e9e6d6ffc09d72261b0d26ff74f: resolving      |[32m[0m--------------------------------------| 
[STDOUT  ] 2017-08-15T14:19:53.275334551Z: elapsed: 2.3 s                                                                                         total:   0.0 B (0.0 B/s)                                         
[STDOUT  ] 2017-08-15T14:19:53.376636377Z: [0A[2K[0A[2Kdocker.io/library/hello-world@sha256:f3b3b28a45160805bb16542c9531888519430e9e6d6ffc09d72261b0d26ff74f: resolving      |[32m[0m--------------------------------------| 
[STDOUT  ] 2017-08-15T14:19:53.377853236Z: elapsed: 2.3 s                                                                                         total:   0.0 B (0.0 B/s)                                         
[STDOUT  ] 2017-08-15T14:19:53.4720495Z: [0A[2K[0A[2Kdocker.io/library/hello-world@sha256:f3b3b28a45160805bb16542c9531888519430e9e6d6ffc09d72261b0d26ff74f: resolving      |[32m[0m--------------------------------------| 
[STDOUT  ] 2017-08-15T14:19:53.473160608Z: elapsed: 2.4 s                                                                                         total:   0.0 B (0.0 B/s)                                         
[STDOUT  ] 2017-08-15T14:19:53.583147688Z: [0A[2K[0A[2Kdocker.io/library/hello-world@sha256:f3b3b28a45160805bb16542c9531888519430e9e6d6ffc09d72261b0d26ff74f: resolved       |[32m++++++++++++++++++++++++++++++++++++++[0m| 
[STDOUT  ] 2017-08-15T14:19:53.584420854Z: manifest-sha256:f3b3b28a45160805bb16542c9531888519430e9e6d6ffc09d72261b0d26ff74f:                      waiting        |[32m[0m--------------------------------------| 
[STDOUT  ] 2017-08-15T14:19:53.585702001Z: elapsed: 2.6 s                                                                                         total:   0.0 B (0.0 B/s)                                         
[STDOUT  ] 2017-08-15T14:19:53.690631725Z: [0A[2K[0A[2K[0A[2Kdocker.io/library/hello-world@sha256:f3b3b28a45160805bb16542c9531888519430e9e6d6ffc09d72261b0d26ff74f: resolved       |[32m++++++++++++++++++++++++++++++++++++++[0m| 
[STDOUT  ] 2017-08-15T14:19:53.692085915Z: manifest-sha256:f3b3b28a45160805bb16542c9531888519430e9e6d6ffc09d72261b0d26ff74f:                      downloading    |[32m[0m--------------------------------------|    0.0 B/524.0 B 
[STDOUT  ] 2017-08-15T14:19:53.69313279Z: elapsed: 2.6 s                                                                                         total:   0.0 B (0.0 B/s)                                         
[STDOUT  ] 2017-08-15T14:19:53.778091339Z: [0A[2K[0A[2K[0A[2Kdocker.io/library/hello-world@sha256:f3b3b28a45160805bb16542c9531888519430e9e6d6ffc09d72261b0d26ff74f: resolved       |[32m++++++++++++++++++++++++++++++++++++++[0m| 
[STDOUT  ] 2017-08-15T14:19:53.789476598Z: manifest-sha256:f3b3b28a45160805bb16542c9531888519430e9e6d6ffc09d72261b0d26ff74f:                      downloading    |[32m[0m--------------------------------------|    0.0 B/524.0 B 
[STDOUT  ] 2017-08-15T14:19:53.792294705Z: elapsed: 2.8 s                                                                                         total:   0.0 B (0.0 B/s)                                         
[STDOUT  ] 2017-08-15T14:19:53.880181958Z: [0A[2K[0A[2K[0A[2Kdocker.io/library/hello-world@sha256:f3b3b28a45160805bb16542c9531888519430e9e6d6ffc09d72261b0d26ff74f: resolved       |[32m++++++++++++++++++++++++++++++++++++++[0m| 
[STDOUT  ] 2017-08-15T14:19:53.881940911Z: manifest-sha256:f3b3b28a45160805bb16542c9531888519430e9e6d6ffc09d72261b0d26ff74f:                      downloading    |[32m[0m--------------------------------------|    0.0 B/524.0 B 
[STDOUT  ] 2017-08-15T14:19:53.883650151Z: elapsed: 2.9 s                                                                                         total:   0.0 B (0.0 B/s)                                         
[STDOUT  ] 2017-08-15T14:19:53.978247994Z: [0A[2K[0A[2K[0A[2Kdocker.io/library/hello-world@sha256:f3b3b28a45160805bb16542c9531888519430e9e6d6ffc09d72261b0d26ff74f: resolved       |[32m++++++++++++++++++++++++++++++++++++++[0m| 
[STDOUT  ] 2017-08-15T14:19:53.981282977Z: manifest-sha256:f3b3b28a45160805bb16542c9531888519430e9e6d6ffc09d72261b0d26ff74f:                      downloading    |[32m[0m--------------------------------------|    0.0 B/524.0 B 
[STDOUT  ] 2017-08-15T14:19:53.982760614Z: elapsed: 2.9 s                                                                                         total:   0.0 B (0.0 B/s)                                         
[STDOUT  ] 2017-08-15T14:19:54.076237971Z: [0A[2K[0A[2K[0A[2Kdocker.io/library/hello-world@sha256:f3b3b28a45160805bb16542c9531888519430e9e6d6ffc09d72261b0d26ff74f: resolved       |[32m++++++++++++++++++++++++++++++++++++++[0m| 
[STDOUT  ] 2017-08-15T14:19:54.077635572Z: manifest-sha256:f3b3b28a45160805bb16542c9531888519430e9e6d6ffc09d72261b0d26ff74f:                      downloading    |[32m[0m--------------------------------------|    0.0 B/524.0 B 
[STDOUT  ] 2017-08-15T14:19:54.085890609Z: elapsed: 3.1 s                                                                                         total:   0.0 B (0.0 B/s)                                         
[STDOUT  ] 2017-08-15T14:19:54.172891674Z: [0A[2K[0A[2K[0A[2Kdocker.io/library/hello-world@sha256:f3b3b28a45160805bb16542c9531888519430e9e6d6ffc09d72261b0d26ff74f: resolved       |[32m++++++++++++++++++++++++++++++++++++++[0m| 
[STDOUT  ] 2017-08-15T14:19:54.17435216Z: manifest-sha256:f3b3b28a45160805bb16542c9531888519430e9e6d6ffc09d72261b0d26ff74f:                      downloading    |[32m[0m--------------------------------------|    0.0 B/524.0 B 
[STDOUT  ] 2017-08-15T14:19:54.175708209Z: elapsed: 3.1 s                                                                                         total:   0.0 B (0.0 B/s)                                         
[STDOUT  ] 2017-08-15T14:19:54.280267977Z: [0A[2K[0A[2K[0A[2Kdocker.io/library/hello-world@sha256:f3b3b28a45160805bb16542c9531888519430e9e6d6ffc09d72261b0d26ff74f: resolved       |[32m++++++++++++++++++++++++++++++++++++++[0m| 
[STDOUT  ] 2017-08-15T14:19:54.282032304Z: manifest-sha256:f3b3b28a45160805bb16542c9531888519430e9e6d6ffc09d72261b0d26ff74f:                      downloading    |[32m[0m--------------------------------------|    0.0 B/524.0 B 
[STDOUT  ] 2017-08-15T14:19:54.283236721Z: elapsed: 3.2 s                                                                                         total:   0.0 B (0.0 B/s)                                         
[STDOUT  ] 2017-08-15T14:19:54.374929507Z: [0A[2K[0A[2K[0A[2Kdocker.io/library/hello-world@sha256:f3b3b28a45160805bb16542c9531888519430e9e6d6ffc09d72261b0d26ff74f: resolved       |[32m++++++++++++++++++++++++++++++++++++++[0m| 
[STDOUT  ] 2017-08-15T14:19:54.376595548Z: manifest-sha256:f3b3b28a45160805bb16542c9531888519430e9e6d6ffc09d72261b0d26ff74f:                      downloading    |[32m[0m--------------------------------------|    0.0 B/524.0 B 
[STDOUT  ] 2017-08-15T14:19:54.378087551Z: elapsed: 3.3 s                                                                                         total:   0.0 B (0.0 B/s)                                         
[STDOUT  ] 2017-08-15T14:19:54.472354401Z: [0A[2K[0A[2K[0A[2Kdocker.io/library/hello-world@sha256:f3b3b28a45160805bb16542c9531888519430e9e6d6ffc09d72261b0d26ff74f: resolved       |[32m++++++++++++++++++++++++++++++++++++++[0m| 
[STDOUT  ] 2017-08-15T14:19:54.473784286Z: manifest-sha256:f3b3b28a45160805bb16542c9531888519430e9e6d6ffc09d72261b0d26ff74f:                      downloading    |[32m[0m--------------------------------------|    0.0 B/524.0 B 
[STDOUT  ] 2017-08-15T14:19:54.475175851Z: elapsed: 3.5 s                                                                                         total:   0.0 B (0.0 B/s)                                         
[STDOUT  ] 2017-08-15T14:19:54.581709114Z: [0A[2K[0A[2K[0A[2Kdocker.io/library/hello-world@sha256:f3b3b28a45160805bb16542c9531888519430e9e6d6ffc09d72261b0d26ff74f: resolved       |[32m++++++++++++++++++++++++++++++++++++++[0m| 
[STDOUT  ] 2017-08-15T14:19:54.583485951Z: manifest-sha256:f3b3b28a45160805bb16542c9531888519430e9e6d6ffc09d72261b0d26ff74f:                      downloading    |[32m++++++++++++++++++++++++++++++++++++++[0m|  524.0 B/524.0 B 
[STDOUT  ] 2017-08-15T14:19:54.584837051Z: elapsed: 3.5 s                                                                                         total:  524.0  (147.0 B/s)                                       
[STDOUT  ] 2017-08-15T14:19:54.721267592Z: [0A[2K[0A[2K[0A[2Kdocker.io/library/hello-world@sha256:f3b3b28a45160805bb16542c9531888519430e9e6d6ffc09d72261b0d26ff74f: resolved       |[32m++++++++++++++++++++++++++++++++++++++[0m| 
[STDOUT  ] 2017-08-15T14:19:54.728375673Z: manifest-sha256:f3b3b28a45160805bb16542c9531888519430e9e6d6ffc09d72261b0d26ff74f:                      done           |[32m++++++++++++++++++++++++++++++++++++++[0m| 
[STDOUT  ] 2017-08-15T14:19:54.731116336Z: elapsed: 3.7 s                                                                                         total:  524.0  (140.0 B/s)                                       
[STDOUT  ] 2017-08-15T14:19:54.826104345Z: [0A[2K[0A[2K[0A[2Kdocker.io/library/hello-world@sha256:f3b3b28a45160805bb16542c9531888519430e9e6d6ffc09d72261b0d26ff74f: resolved       |[32m++++++++++++++++++++++++++++++++++++++[0m| 
[STDOUT  ] 2017-08-15T14:19:54.831799547Z: manifest-sha256:f3b3b28a45160805bb16542c9531888519430e9e6d6ffc09d72261b0d26ff74f:                      done           |[32m++++++++++++++++++++++++++++++++++++++[0m| 
[STDOUT  ] 2017-08-15T14:19:54.834812185Z: layer-sha256:b04784fba78d739b526e27edc02a5a8cd07b1052e9283f5fc155828f4b614c28:                         downloading    |[32m[0m--------------------------------------|    0.0 B/972.0 B 
[STDOUT  ] 2017-08-15T14:19:54.8380835Z: config-sha256:1815c82652c03bfd8644afda26fb184f2ed891d921b20a0703b46768f9755c57:                        waiting        |[32m[0m--------------------------------------| 
[STDOUT  ] 2017-08-15T14:19:54.840936885Z: elapsed: 3.8 s                                                                                         total:  524.0  (137.0 B/s)                                       
[STDOUT  ] 2017-08-15T14:19:54.911073674Z: [0A[2K[0A[2K[0A[2K[0A[2K[0A[2Kdocker.io/library/hello-world@sha256:f3b3b28a45160805bb16542c9531888519430e9e6d6ffc09d72261b0d26ff74f: resolved       |[32m++++++++++++++++++++++++++++++++++++++[0m| 
[STDOUT  ] 2017-08-15T14:19:54.91383449Z: manifest-sha256:f3b3b28a45160805bb16542c9531888519430e9e6d6ffc09d72261b0d26ff74f:                      done           |[32m++++++++++++++++++++++++++++++++++++++[0m| 
[STDOUT  ] 2017-08-15T14:19:54.921008336Z: layer-sha256:b04784fba78d739b526e27edc02a5a8cd07b1052e9283f5fc155828f4b614c28:                         downloading    |[32m[0m--------------------------------------|    0.0 B/972.0 B 
[STDOUT  ] 2017-08-15T14:19:54.924019946Z: config-sha256:1815c82652c03bfd8644afda26fb184f2ed891d921b20a0703b46768f9755c57:                        downloading    |[32m[0m--------------------------------------|    0.0 B/1.5 KiB 
[STDOUT  ] 2017-08-15T14:19:54.927064613Z: elapsed: 3.9 s                                                                                         total:  524.0  (133.0 B/s)                                       
[STDOUT  ] 2017-08-15T14:19:54.986986146Z: [0A[2K[0A[2K[0A[2K[0A[2K[0A[2Kdocker.io/library/hello-world@sha256:f3b3b28a45160805bb16542c9531888519430e9e6d6ffc09d72261b0d26ff74f: resolved       |[32m++++++++++++++++++++++++++++++++++++++[0m| 
[STDOUT  ] 2017-08-15T14:19:54.990571739Z: manifest-sha256:f3b3b28a45160805bb16542c9531888519430e9e6d6ffc09d72261b0d26ff74f:                      done           |[32m++++++++++++++++++++++++++++++++++++++[0m| 
[STDOUT  ] 2017-08-15T14:19:54.993537683Z: layer-sha256:b04784fba78d739b526e27edc02a5a8cd07b1052e9283f5fc155828f4b614c28:                         downloading    |[32m[0m--------------------------------------|    0.0 B/972.0 B 
[STDOUT  ] 2017-08-15T14:19:54.996429366Z: config-sha256:1815c82652c03bfd8644afda26fb184f2ed891d921b20a0703b46768f9755c57:                        downloading    |[32m[0m--------------------------------------|    0.0 B/1.5 KiB 
[STDOUT  ] 2017-08-15T14:19:55.00016815Z: elapsed: 4.0 s                                                                                         total:  524.0  (131.0 B/s)                                       
[STDOUT  ] 2017-08-15T14:19:55.08272906Z: [0A[2K[0A[2K[0A[2K[0A[2K[0A[2Kdocker.io/library/hello-world@sha256:f3b3b28a45160805bb16542c9531888519430e9e6d6ffc09d72261b0d26ff74f: resolved       |[32m++++++++++++++++++++++++++++++++++++++[0m| 
[STDOUT  ] 2017-08-15T14:19:55.085743182Z: manifest-sha256:f3b3b28a45160805bb16542c9531888519430e9e6d6ffc09d72261b0d26ff74f:                      done           |[32m++++++++++++++++++++++++++++++++++++++[0m| 
[STDOUT  ] 2017-08-15T14:19:55.089265032Z: layer-sha256:b04784fba78d739b526e27edc02a5a8cd07b1052e9283f5fc155828f4b614c28:                         downloading    |[32m[0m--------------------------------------|    0.0 B/972.0 B 
[STDOUT  ] 2017-08-15T14:19:55.091979862Z: config-sha256:1815c82652c03bfd8644afda26fb184f2ed891d921b20a0703b46768f9755c57:                        downloading    |[32m[0m--------------------------------------|    0.0 B/1.5 KiB 
[STDOUT  ] 2017-08-15T14:19:55.095188925Z: elapsed: 4.1 s                                                                                         total:  524.0  (128.0 B/s)                                       
[STDOUT  ] 2017-08-15T14:19:55.174964672Z: [0A[2K[0A[2K[0A[2K[0A[2K[0A[2Kdocker.io/library/hello-world@sha256:f3b3b28a45160805bb16542c9531888519430e9e6d6ffc09d72261b0d26ff74f: resolved       |[32m++++++++++++++++++++++++++++++++++++++[0m| 
[STDOUT  ] 2017-08-15T14:19:55.179450133Z: manifest-sha256:f3b3b28a45160805bb16542c9531888519430e9e6d6ffc09d72261b0d26ff74f:                      done           |[32m++++++++++++++++++++++++++++++++++++++[0m| 
[STDOUT  ] 2017-08-15T14:19:55.183361792Z: layer-sha256:b04784fba78d739b526e27edc02a5a8cd07b1052e9283f5fc155828f4b614c28:                         downloading    |[32m[0m--------------------------------------|    0.0 B/972.0 B 
[STDOUT  ] 2017-08-15T14:19:55.186748345Z: config-sha256:1815c82652c03bfd8644afda26fb184f2ed891d921b20a0703b46768f9755c57:                        downloading    |[32m[0m--------------------------------------|    0.0 B/1.5 KiB 
[STDOUT  ] 2017-08-15T14:19:55.191462598Z: elapsed: 4.2 s                                                                                         total:  524.0  (124.0 B/s)                                       
[STDOUT  ] 2017-08-15T14:19:55.303409917Z: [0A[2K[0A[2K[0A[2K[0A[2K[0A[2Kdocker.io/library/hello-world@sha256:f3b3b28a45160805bb16542c9531888519430e9e6d6ffc09d72261b0d26ff74f: resolved       |[32m++++++++++++++++++++++++++++++++++++++[0m| 
[STDOUT  ] 2017-08-15T14:19:55.305198222Z: manifest-sha256:f3b3b28a45160805bb16542c9531888519430e9e6d6ffc09d72261b0d26ff74f:                      done           |[32m++++++++++++++++++++++++++++++++++++++[0m| 
[STDOUT  ] 2017-08-15T14:19:55.306485134Z: layer-sha256:b04784fba78d739b526e27edc02a5a8cd07b1052e9283f5fc155828f4b614c28:                         downloading    |[32m[0m--------------------------------------|    0.0 B/972.0 B 
[STDOUT  ] 2017-08-15T14:19:55.307917931Z: config-sha256:1815c82652c03bfd8644afda26fb184f2ed891d921b20a0703b46768f9755c57:                        downloading    |[32m[0m--------------------------------------|    0.0 B/1.5 KiB 
[STDOUT  ] 2017-08-15T14:19:55.308944392Z: elapsed: 4.3 s                                                                                         total:  524.0  (122.0 B/s)                                       
[STDOUT  ] 2017-08-15T14:19:55.391840402Z: [0A[2K[0A[2K[0A[2K[0A[2K[0A[2Kdocker.io/library/hello-world@sha256:f3b3b28a45160805bb16542c9531888519430e9e6d6ffc09d72261b0d26ff74f: resolved       |[32m++++++++++++++++++++++++++++++++++++++[0m| 
[STDOUT  ] 2017-08-15T14:19:55.393206534Z: manifest-sha256:f3b3b28a45160805bb16542c9531888519430e9e6d6ffc09d72261b0d26ff74f:                      done           |[32m++++++++++++++++++++++++++++++++++++++[0m| 
[STDOUT  ] 2017-08-15T14:19:55.394247277Z: layer-sha256:b04784fba78d739b526e27edc02a5a8cd07b1052e9283f5fc155828f4b614c28:                         done           |[32m++++++++++++++++++++++++++++++++++++++[0m| 
[STDOUT  ] 2017-08-15T14:19:55.39552489Z: config-sha256:1815c82652c03bfd8644afda26fb184f2ed891d921b20a0703b46768f9755c57:                        downloading    |[32m[0m--------------------------------------|    0.0 B/1.5 KiB 
[STDOUT  ] 2017-08-15T14:19:55.396531094Z: elapsed: 4.4 s                                                                                         total:  1.5 Ki (340.0 B/s)                                       
[STDOUT  ] 2017-08-15T14:19:55.523015527Z: [0A[2K[0A[2K[0A[2K[0A[2K[0A[2Kdocker.io/library/hello-world@sha256:f3b3b28a45160805bb16542c9531888519430e9e6d6ffc09d72261b0d26ff74f: resolved       |[32m++++++++++++++++++++++++++++++++++++++[0m| 
[STDOUT  ] 2017-08-15T14:19:55.525776228Z: manifest-sha256:f3b3b28a45160805bb16542c9531888519430e9e6d6ffc09d72261b0d26ff74f:                      done           |[32m++++++++++++++++++++++++++++++++++++++[0m| 
[STDOUT  ] 2017-08-15T14:19:55.525797649Z: layer-sha256:b04784fba78d739b526e27edc02a5a8cd07b1052e9283f5fc155828f4b614c28:                         done           |[32m++++++++++++++++++++++++++++++++++++++[0m| 
[STDOUT  ] 2017-08-15T14:19:55.526473086Z: config-sha256:1815c82652c03bfd8644afda26fb184f2ed891d921b20a0703b46768f9755c57:                        done           |[32m++++++++++++++++++++++++++++++++++++++[0m| 
[STDOUT  ] 2017-08-15T14:19:55.527438203Z: elapsed: 4.6 s                                                                                         total:  2.9 Ki (662.0 B/s)                                       
[STDOUT  ] 2017-08-15T14:19:55.546307816Z: [31mERRO[0m[0004] active check failed                           [31merror[0m="context canceled: unknown"
[STDOUT  ] 2017-08-15T14:19:55.583871291Z: [0A[2K[0A[2K[0A[2K[0A[2K[0A[2Kdocker.io/library/hello-world@sha256:f3b3b28a45160805bb16542c9531888519430e9e6d6ffc09d72261b0d26ff74f: resolved       |[32m++++++++++++++++++++++++++++++++++++++[0m| 
[STDOUT  ] 2017-08-15T14:19:55.584914511Z: manifest-sha256:f3b3b28a45160805bb16542c9531888519430e9e6d6ffc09d72261b0d26ff74f:                      done           |[32m++++++++++++++++++++++++++++++++++++++[0m| 
[STDOUT  ] 2017-08-15T14:19:55.585953863Z: layer-sha256:b04784fba78d739b526e27edc02a5a8cd07b1052e9283f5fc155828f4b614c28:                         done           |[32m++++++++++++++++++++++++++++++++++++++[0m| 
[STDOUT  ] 2017-08-15T14:19:55.587362277Z: config-sha256:1815c82652c03bfd8644afda26fb184f2ed891d921b20a0703b46768f9755c57:                        done           |[32m++++++++++++++++++++++++++++++++++++++[0m| 
[STDOUT  ] 2017-08-15T14:19:55.588197256Z: elapsed: 4.6 s                                                                                         total:  2.9 Ki (654.0 B/s)                                       
[STDOUT  ] 2017-08-15T14:19:56.012888935Z: unpacking sha256:f3b3b28a45160805bb16542c9531888519430e9e6d6ffc09d72261b0d26ff74f...done
[STDOUT  ] 2017-08-15T14:19:56.067575791Z: (ns: getty) linuxkit-1a28b2454be5:~# [6nSUCCESS ctr pull
[STDOUT  ] 2017-08-15T14:19:56.082584187Z: ctr run -t docker.io/library/hello-world@sh
[STDOUT  ] 2017-08-15T14:19:56.102253777Z: a256:f3b3b28a45160805bb16542c9531888519430e9e6d6ffc09d72261b0d26ff74f test
[STDOUT  ] 2017-08-15T14:19:57.071829181Z: [34mINFO[0m[0011] shim containerd-shim started                  [34maddress[0m="/containerd-shim/default/test/shim.sock" [34mdebug[0m=false [34mmodule[0m="containerd/tasks" [34mpid[0m=406
[STDOUT  ] 2017-08-15T14:19:57.74117399Z: [   37.763057] IPVS: Creating netns size=2104 id=1
[STDOUT  ] 2017-08-15T14:19:57.741763768Z: [   37.763675] IPVS: ftp: loaded support on port[0] = 21
[STDOUT  ] 2017-08-15T14:20:00.180467948Z: 
[STDOUT  ] 2017-08-15T14:20:00.180870181Z: Hello from Docker!
[STDOUT  ] 2017-08-15T14:20:00.180893598Z: This message shows thatSUCCESS ctr run
[STDOUT  ] 2017-08-15T14:20:00.181145445Z:  your installation appears to be working correctly.
[STDOUT  ] 2017-08-15T14:20:00.181323625Z: 
[STDOUT  ] 2017-08-15T14:20:00.182240654Z: To generate this message, Docker took the following steps:
[STDOUT  ] 2017-08-15T14:20:00.184244771Z:  1. The Docker client contacted the Docker daemon.
[STDOUT  ] 2017-08-15T14:20:00.185100051Z:  2. The Docker daemon pulled the "hello-world" image from the Docker Hub.
[STDOUT  ] 2017-08-15T14:20:00.185580245Z:  3. The Docker daemon created a new container from that image which runs the
[STDOUT  ] 2017-08-15T14:20:00.186169188Z:     executable that produces the output you are currently reading.
[STDOUT  ] 2017-08-15T14:20:00.186995659Z:  4. The Docker daemon streamed that output to the Docker client, which sent it
[STDOUT  ] 2017-08-15T14:20:00.187334969Z:     to your terminal.
[STDOUT  ] 2017-08-15T14:20:00.187542857Z: 
[STDOUT  ] 2017-08-15T14:20:00.269254325Z: To try something more ambitious, you can run an Ubuntu container with:
[STDOUT  ] 2017-08-15T14:20:00.269645025Z:  $ docker run -it ubuntu bash
[STDOUT  ] 2017-08-15T14:20:00.26987832Z: 
[STDOUT  ] 2017-08-15T14:20:00.270280189Z: Share images, automate workflows, and more with a free Docker ID:
[STDOUT  ] 2017-08-15T14:20:00.270514449Z:  https://cloud.docker.com/
[STDOUT  ] 2017-08-15T14:20:00.270763442Z: 
[STDOUT  ] 2017-08-15T14:20:00.271101729Z: For more examples and ideas, visit:
[STDOUT  ] 2017-08-15T14:20:00.271466728Z:  https://docs.docker.com/engine/userguide/
[STDOUT  ] 2017-08-15T14:20:00.271614608Z: 
[STDOUT  ] 2017-08-15T14:20:00.783183364Z: ^C[31mERRO[0m[0004] resize pty                                    [31merror[0m="rpc error: code = Unknown desc = bad file descriptor: unknown"
[STDOUT  ] 2017-08-15T14:20:02.713200567Z: (ns: getty) linuxkit-1a28b2454be5:~# [6npoweroff -f
[STDOUT  ] 2017-08-15T14:20:02.764709981Z: [   42.785631] ACPI: Preparing to enter system sleep state S5
[STDOUT  ] 2017-08-15T14:20:02.77008559Z: [   42.792196] reboot: Power down
[STDOUT  ] 2017-08-15T14:20:02.770140291Z: SUCCESS poweroff
[STDERR  ] 2017-08-15T14:20:03.235968723Z: + exit 0
[STDERR  ] 2017-08-15T14:20:03.236031147Z: + clean_up
[STDERR  ] 2017-08-15T14:20:03.236044568Z: + find . -depth -iname test-ctr* -not -iname *.yml -exec rm -rf {} ;
[PASS    ] linuxkit.packages.getty-containerd 71.92s
