[INFO    ] 2017-08-15T18:46:45.033234748Z: Running Test linuxkit.packages.getty-containerd in /tmp/with_clone3bb3cad8/test/cases/040_packages/007_getty-containerd
[INFO    ] 2017-08-15T18:46:45.033353394Z: Running command: [/bin/sh -x /tmp/with_clone3bb3cad8/test/cases/040_packages/007_getty-containerd/test.sh]
[STDERR  ] 2017-08-15T18:46:45.034532376Z: + set -e
[STDERR  ] 2017-08-15T18:46:45.034592614Z: + . /tmp/with_clone3bb3cad8/test/cases/_lib/lib.sh
[STDERR  ] 2017-08-15T18:46:45.03461171Z: + [ -f src/github.com/linuxkit/rtf/lib/lib.sh ]
[STDERR  ] 2017-08-15T18:46:45.034642934Z: + LINUXKIT_TMPDIR=/tmp/with_clone3bb3cad8/test/cases/_tmp
[STDERR  ] 2017-08-15T18:46:45.034663075Z: + [ -f /tmp/with_clone3bb3cad8/test/cases/_tmp/env.sh ]
[STDERR  ] 2017-08-15T18:46:45.034694561Z: + . /tmp/with_clone3bb3cad8/test/cases/_tmp/env.sh
[STDERR  ] 2017-08-15T18:46:45.034714669Z: + export LINUXKIT_EXAMPLES_DIR=/tmp/with_clone3bb3cad8/test/cases/../../examples
[STDERR  ] 2017-08-15T18:46:45.034729141Z: + export LINUXKIT_BLUEPRINTS_DIR=/tmp/with_clone3bb3cad8/test/cases/../../blueprints
[STDERR  ] 2017-08-15T18:46:45.034742344Z: + RT_CANCEL=253
[STDERR  ] 2017-08-15T18:46:45.034754808Z: + NAME=test-ctr
[STDERR  ] 2017-08-15T18:46:45.03479661Z: + trap clean_up EXIT
[STDERR  ] 2017-08-15T18:46:45.034830659Z: + moby build test-ctr.yml
[STDERR  ] 2017-08-15T18:46:45.045228665Z: Extract kernel image: linuxkit/kernel:4.9.x
[STDERR  ] 2017-08-15T18:46:53.177789963Z: Add init containers:
[STDERR  ] 2017-08-15T18:46:53.177856858Z: Process init image: linuxkit/init:c7d651da1a5e308c757bc61ce6a41804ea843426
[STDERR  ] 2017-08-15T18:46:54.803427909Z: Process init image: linuxkit/runc:838259153885c0c40460379d6cdb7baebaf3fa36
[STDERR  ] 2017-08-15T18:46:56.746888319Z: Process init image: linuxkit/containerd:09a21d6606a4011efebacff62a88b956ecac01be
[STDERR  ] 2017-08-15T18:47:02.548119097Z: Process init image: linuxkit/ca-certificates:e44b0a66df5a102c0e220f0066b0d904710dcb10
[STDERR  ] 2017-08-15T18:47:03.9151132Z: Add onboot containers:
[STDERR  ] 2017-08-15T18:47:03.915181341Z:   Create OCI config for linuxkit/dhcpcd:f3f5413abb78fae9020e35bd4788fa93df4530b7
[STDERR  ] 2017-08-15T18:47:05.443450124Z: Add service containers:
[STDERR  ] 2017-08-15T18:47:05.443519024Z:   Create OCI config for linuxkit/getty:797cb79e0a229fcd16ebf44a0da74bcec03968ec
[STDERR  ] 2017-08-15T18:47:07.807323429Z: Add files:
[STDERR  ] 2017-08-15T18:47:07.807472701Z:   etc/getty.shadow
[STDERR  ] 2017-08-15T18:47:07.807500209Z: Create outputs:
[STDERR  ] 2017-08-15T18:47:15.250687382Z:   test-ctr-kernel test-ctr-initrd.img test-ctr-cmdline
[STDERR  ] 2017-08-15T18:47:15.575716685Z: + [ -f test-ctr-kernel ]
[STDERR  ] 2017-08-15T18:47:15.575785767Z: + [ -f test-ctr-initrd.img ]
[STDERR  ] 2017-08-15T18:47:15.575799601Z: + [ -f test-ctr-cmdline ]
[STDERR  ] 2017-08-15T18:47:15.575811288Z: + ./test.exp
[STDOUT  ] 2017-08-15T18:47:15.579582945Z: spawn linuxkit run test-ctr
[STDOUT  ] 2017-08-15T18:47:17.138268088Z: [    0.000000] Linux version 4.9.34-linuxkit (root@b147ce67977e) (gcc version 6.3.0 (Alpine 6.3.0) ) #1 SMP Tue Jun 27 09:54:32 UTC 2017
[STDOUT  ] 2017-08-15T18:47:17.140205659Z: [    0.000000] Command line: console=ttyS0 page_poison=1
[STDOUT  ] 2017-08-15T18:47:17.141789777Z: [    0.000000] x86/fpu: Legacy x87 FPU detected.
[STDOUT  ] 2017-08-15T18:47:17.143680723Z: [    0.000000] x86/fpu: Using 'eager' FPU context switches.
[STDOUT  ] 2017-08-15T18:47:17.145460435Z: [    0.000000] e820: BIOS-provided physical RAM map:
[STDOUT  ] 2017-08-15T18:47:17.148260254Z: [    0.000000] BIOS-e820: [mem 0x0000000000000000-0x000000000009fbff] usable
[STDOUT  ] 2017-08-15T18:47:17.149578307Z: [    0.000000] BIOS-e820: [mem 0x000000000009fc00-0x000000000009ffff] reserved
[STDOUT  ] 2017-08-15T18:47:17.150417084Z: [    0.000000] BIOS-e820: [mem 0x00000000000f0000-0x00000000000fffff] reserved
[STDOUT  ] 2017-08-15T18:47:17.151277142Z: [    0.000000] BIOS-e820: [mem 0x0000000000100000-0x000000003ffdefff] usable
[STDOUT  ] 2017-08-15T18:47:17.152207564Z: [    0.000000] BIOS-e820: [mem 0x000000003ffdf000-0x000000003fffffff] reserved
[STDOUT  ] 2017-08-15T18:47:17.153012495Z: [    0.000000] BIOS-e820: [mem 0x00000000b0000000-0x00000000bfffffff] reserved
[STDOUT  ] 2017-08-15T18:47:17.153915514Z: [    0.000000] BIOS-e820: [mem 0x00000000fed1c000-0x00000000fed1ffff] reserved
[STDOUT  ] 2017-08-15T18:47:17.154636865Z: [    0.000000] BIOS-e820: [mem 0x00000000fffc0000-0x00000000ffffffff] reserved
[STDOUT  ] 2017-08-15T18:47:17.155234085Z: [    0.000000] NX (Execute Disable) protection: active
[STDOUT  ] 2017-08-15T18:47:17.155590601Z: [    0.000000] SMBIOS 2.8 present.
[STDOUT  ] 2017-08-15T18:47:17.156278346Z: [    0.000000] e820: last_pfn = 0x3ffdf max_arch_pfn = 0x400000000
[STDOUT  ] 2017-08-15T18:47:17.157080443Z: [    0.000000] x86/PAT: Configuration [0-7]: WB  WC  UC- UC  WB  WC  UC- WT  
[STDOUT  ] 2017-08-15T18:47:17.158095597Z: [    0.000000] found SMP MP-table at [mem 0x000f6aa0-0x000f6aaf] mapped at [ffff8b0ec00f6aa0]
[STDOUT  ] 2017-08-15T18:47:17.158633095Z: [    0.000000] RAMDISK: [mem 0x3d857000-0x3ffcffff]
[STDOUT  ] 2017-08-15T18:47:17.159287925Z: [    0.000000] ACPI: Early table checksum verification disabled
[STDOUT  ] 2017-08-15T18:47:17.159955275Z: [    0.000000] ACPI: RSDP 0x00000000000F68C0 000014 (v00 BOCHS )
[STDOUT  ] 2017-08-15T18:47:17.160896901Z: [    0.000000] ACPI: RSDT 0x000000003FFE2404 000034 (v01 BOCHS  BXPCRSDT 00000001 BXPC 00000001)
[STDOUT  ] 2017-08-15T18:47:17.161856947Z: [    0.000000] ACPI: FACP 0x000000003FFE22A4 000074 (v01 BOCHS  BXPCFACP 00000001 BXPC 00000001)
[STDOUT  ] 2017-08-15T18:47:17.162856867Z: [    0.000000] ACPI: DSDT 0x000000003FFE0040 002264 (v01 BOCHS  BXPCDSDT 00000001 BXPC 00000001)
[STDOUT  ] 2017-08-15T18:47:17.163296318Z: [    0.000000] ACPI: FACS 0x000000003FFE0000 000040
[STDOUT  ] 2017-08-15T18:47:17.165782738Z: [    0.000000] ACPI: APIC 0x000000003FFE2318 000078 (v01 BOCHS  BXPCAPIC 00000001 BXPC 00000001)
[STDOUT  ] 2017-08-15T18:47:17.165827007Z: [    0.000000] ACPI: HPET 0x000000003FFE2390 000038 (v01 BOCHS  BXPCHPET 00000001 BXPC 00000001)
[STDOUT  ] 2017-08-15T18:47:17.165841201Z: [    0.000000] ACPI: MCFG 0x000000003FFE23C8 00003C (v01 BOCHS  BXPCMCFG 00000001 BXPC 00000001)
[STDOUT  ] 2017-08-15T18:47:17.165854748Z: [    0.000000] Zone ranges:
[STDOUT  ] 2017-08-15T18:47:17.166474756Z: [    0.000000]   DMA      [mem 0x0000000000001000-0x0000000000ffffff]
[STDOUT  ] 2017-08-15T18:47:17.167084356Z: [    0.000000]   DMA32    [mem 0x0000000001000000-0x000000003ffdefff]
[STDOUT  ] 2017-08-15T18:47:17.167439272Z: [    0.000000]   Normal   empty
[STDOUT  ] 2017-08-15T18:47:17.167922025Z: [    0.000000] Movable zone start for each node
[STDOUT  ] 2017-08-15T18:47:17.168340376Z: [    0.000000] Early memory node ranges
[STDOUT  ] 2017-08-15T18:47:17.169057821Z: [    0.000000]   node   0: [mem 0x0000000000001000-0x000000000009efff]
[STDOUT  ] 2017-08-15T18:47:17.16970039Z: [    0.000000]   node   0: [mem 0x0000000000100000-0x000000003ffdefff]
[STDOUT  ] 2017-08-15T18:47:17.170430337Z: [    0.000000] Initmem setup node 0 [mem 0x0000000000001000-0x000000003ffdefff]
[STDOUT  ] 2017-08-15T18:47:17.17085407Z: [    0.000000] ACPI: PM-Timer IO Port: 0x608
[STDOUT  ] 2017-08-15T18:47:17.171511287Z: [    0.000000] ACPI: LAPIC_NMI (acpi_id[0xff] dfl dfl lint[0x1])
[STDOUT  ] 2017-08-15T18:47:17.172228332Z: [    0.000000] IOAPIC[0]: apic_id 0, version 32, address 0xfec00000, GSI 0-23
[STDOUT  ] 2017-08-15T18:47:17.172897447Z: [    0.000000] ACPI: INT_SRC_OVR (bus 0 bus_irq 0 global_irq 2 dfl dfl)
[STDOUT  ] 2017-08-15T18:47:17.173522275Z: [    0.000000] ACPI: INT_SRC_OVR (bus 0 bus_irq 5 global_irq 5 high level)
[STDOUT  ] 2017-08-15T18:47:17.174252467Z: [    0.000000] ACPI: INT_SRC_OVR (bus 0 bus_irq 9 global_irq 9 high level)
[STDOUT  ] 2017-08-15T18:47:17.174952399Z: [    0.000000] ACPI: INT_SRC_OVR (bus 0 bus_irq 10 global_irq 10 high level)
[STDOUT  ] 2017-08-15T18:47:17.175669134Z: [    0.000000] ACPI: INT_SRC_OVR (bus 0 bus_irq 11 global_irq 11 high level)
[STDOUT  ] 2017-08-15T18:47:17.17629015Z: [    0.000000] Using ACPI (MADT) for SMP configuration information
[STDOUT  ] 2017-08-15T18:47:17.176845172Z: [    0.000000] ACPI: HPET id: 0x8086a201 base: 0xfed00000
[STDOUT  ] 2017-08-15T18:47:17.177320027Z: [    0.000000] smpboot: Allowing 1 CPUs, 0 hotplug CPUs
[STDOUT  ] 2017-08-15T18:47:17.178030145Z: [    0.000000] e820: [mem 0x40000000-0xafffffff] available for PCI devices
[STDOUT  ] 2017-08-15T18:47:17.178603Z: [    0.000000] Booting paravirtualized kernel on bare hardware
[STDOUT  ] 2017-08-15T18:47:17.179656292Z: [    0.000000] clocksource: refined-jiffies: mask: 0xffffffff max_cycles: 0xffffffff, max_idle_ns: 19112604462750000 ns
[STDOUT  ] 2017-08-15T18:47:17.180419179Z: [    0.000000] setup_percpu: NR_CPUS:128 nr_cpumask_bits:128 nr_cpu_ids:1 nr_node_ids:1
[STDOUT  ] 2017-08-15T18:47:17.18117067Z: [    0.000000] percpu: Embedded 35 pages/cpu @ffff8b0efd600000 s105112 r8192 d30056 u2097152
[STDOUT  ] 2017-08-15T18:47:17.181984389Z: [    0.000000] Built 1 zonelists in Zone order, mobility grouping on.  Total pages: 257896
[STDOUT  ] 2017-08-15T18:47:17.18263896Z: [    0.000000] Kernel command line: console=ttyS0 page_poison=1
[STDOUT  ] 2017-08-15T18:47:17.18324761Z: [    0.000000] PID hash table entries: 4096 (order: 3, 32768 bytes)
[STDOUT  ] 2017-08-15T18:47:17.183969134Z: [    0.000000] Dentry cache hash table entries: 131072 (order: 8, 1048576 bytes)
[STDOUT  ] 2017-08-15T18:47:17.184650026Z: [    0.000000] Inode-cache hash table entries: 65536 (order: 7, 524288 bytes)
[STDOUT  ] 2017-08-15T18:47:17.186001815Z: [    0.000000] Memory: 973792K/1048052K available (8023K kernel code, 1336K rwdata, 2692K rodata, 1372K init, 564K bss, 74260K reserved, 0K cma-reserved)
[STDOUT  ] 2017-08-15T18:47:17.186458626Z: [    0.000000] Hierarchical RCU implementation.
[STDOUT  ] 2017-08-15T18:47:17.18708405Z: [    0.000000] 	Build-time adjustment of leaf fanout to 64.
[STDOUT  ] 2017-08-15T18:47:17.187738546Z: [    0.000000] 	RCU restricting CPUs from NR_CPUS=128 to nr_cpu_ids=1.
[STDOUT  ] 2017-08-15T18:47:17.188358876Z: [    0.000000] RCU: Adjusting geometry for rcu_fanout_leaf=64, nr_cpu_ids=1
[STDOUT  ] 2017-08-15T18:47:17.188830634Z: [    0.000000] NR_IRQS:8448 nr_irqs:256 16
[STDOUT  ] 2017-08-15T18:47:17.189206728Z: [    0.000000] Console: colour VGA+ 80x25
[STDOUT  ] 2017-08-15T18:47:17.189756753Z: [    0.000000] console [ttyS0] enabled
[STDOUT  ] 2017-08-15T18:47:17.192175233Z: [    0.000000] allocated 2097152 bytes of page_ext
[STDOUT  ] 2017-08-15T18:47:17.196706138Z: [    0.000000] clocksource: hpet: mask: 0xffffffff max_cycles: 0xffffffff, max_idle_ns: 19112604467 ns
[STDOUT  ] 2017-08-15T18:47:17.212608994Z: [    0.000000] tsc: Fast TSC calibration failed
[STDOUT  ] 2017-08-15T18:47:17.283923767Z: [    0.000000] tsc: Unable to calibrate against PIT
[STDOUT  ] 2017-08-15T18:47:17.284532666Z: [    0.000000] tsc: using HPET reference calibration
[STDOUT  ] 2017-08-15T18:47:17.28518766Z: [    0.000000] tsc: Detected 2300.106 MHz processor
[STDOUT  ] 2017-08-15T18:47:17.287321785Z: [    0.050540] Calibrating delay loop (skipped), value calculated using timer frequency.. 4600.21 BogoMIPS (lpj=23001060)
[STDOUT  ] 2017-08-15T18:47:17.288053054Z: [    0.052107] pid_max: default: 32768 minimum: 301
[STDOUT  ] 2017-08-15T18:47:17.289298162Z: [    0.060654] ACPI: Core revision 20160831
[STDOUT  ] 2017-08-15T18:47:17.337459122Z: [    0.105874] ACPI: 1 ACPI AML tables successfully acquired and loaded
[STDOUT  ] 2017-08-15T18:47:17.340387979Z: [    0.110000] Security Framework initialized
[STDOUT  ] 2017-08-15T18:47:17.340728052Z: [    0.110176] Yama: becoming mindful.
[STDOUT  ] 2017-08-15T18:47:17.343913882Z: [    0.113184] Mount-cache hash table entries: 2048 (order: 2, 16384 bytes)
[STDOUT  ] 2017-08-15T18:47:17.344742156Z: [    0.113995] Mountpoint-cache hash table entries: 2048 (order: 2, 16384 bytes)
[STDOUT  ] 2017-08-15T18:47:17.365024518Z: [    0.136292] Last level iTLB entries: 4KB 0, 2MB 0, 4MB 0
[STDOUT  ] 2017-08-15T18:47:17.365720948Z: [    0.136927] Last level dTLB entries: 4KB 0, 2MB 0, 4MB 0, 1GB 0
[STDOUT  ] 2017-08-15T18:47:17.685364809Z: [    0.456273] Freeing SMP alternatives memory: 20K (ffffffff8dea7000 - ffffffff8deac000)
[STDOUT  ] 2017-08-15T18:47:17.695069009Z: [    0.466248] ftrace: allocating 35396 entries in 139 pages
[STDOUT  ] 2017-08-15T18:47:18.004096765Z: [    0.642412] smpboot: Max logical packages: 1
[STDOUT  ] 2017-08-15T18:47:18.014720637Z: [    0.652175] ..TIMER: vector=0x30 apic1=0 pin1=2 apic2=-1 pin2=-1
[STDOUT  ] 2017-08-15T18:47:18.230197419Z: [    0.760000] smpboot: CPU0: AMD QEMU Virtual CPU version 2.5+ (family: 0x6, model: 0x6, stepping: 0x3)
[STDOUT  ] 2017-08-15T18:47:18.231999595Z: [    0.760000] Performance Events: PMU not available due to virtualization, using software events only.
[STDOUT  ] 2017-08-15T18:47:18.248972519Z: [    0.769333] NMI watchdog: disabled (cpu0): hardware events not enabled
[STDOUT  ] 2017-08-15T18:47:18.249895543Z: [    0.770066] NMI watchdog: Shutting down hard lockup detector on all cpus
[STDOUT  ] 2017-08-15T18:47:18.252737757Z: [    0.773208] x86: Booted up 1 node, 1 CPUs
[STDOUT  ] 2017-08-15T18:47:18.253544564Z: [    0.773797] smpboot: Total of 1 processors activated (4600.21 BogoMIPS)
[STDOUT  ] 2017-08-15T18:47:18.268551181Z: [    0.788997] devtmpfs: initialized
[STDOUT  ] 2017-08-15T18:47:18.274308868Z: [    0.795075] x86/mm: Memory block size: 128MB
[STDOUT  ] 2017-08-15T18:47:18.337420051Z: [    0.857842] clocksource: jiffies: mask: 0xffffffff max_cycles: 0xffffffff, max_idle_ns: 19112604462750000 ns
[STDOUT  ] 2017-08-15T18:47:18.338330609Z: [    0.859085] futex hash table entries: 256 (order: 2, 16384 bytes)
[STDOUT  ] 2017-08-15T18:47:18.349956934Z: [    0.870773] NET: Registered protocol family 16
[STDOUT  ] 2017-08-15T18:47:18.360346728Z: [    0.881268] cpuidle: using governor ladder
[STDOUT  ] 2017-08-15T18:47:18.360900581Z: [    0.881860] cpuidle: using governor menu
[STDOUT  ] 2017-08-15T18:47:18.362153698Z: [    0.883106] ACPI: bus type PCI registered
[STDOUT  ] 2017-08-15T18:47:18.365534638Z: [    0.886021] PCI: MMCONFIG for domain 0000 [bus 00-ff] at [mem 0xb0000000-0xbfffffff] (base 0xb0000000)
[STDOUT  ] 2017-08-15T18:47:18.366326296Z: [    0.887053] PCI: MMCONFIG at [mem 0xb0000000-0xbfffffff] reserved in E820
[STDOUT  ] 2017-08-15T18:47:18.367800703Z: [    0.888549] PCI: Using configuration type 1 for base access
[STDOUT  ] 2017-08-15T18:47:18.425965226Z: [    0.946099] HugeTLB registered 2 MB page size, pre-allocated 0 pages
[STDOUT  ] 2017-08-15T18:47:18.439629588Z: [    0.960489] ACPI: Added _OSI(Module Device)
[STDOUT  ] 2017-08-15T18:47:18.440084571Z: [    0.960955] ACPI: Added _OSI(Processor Device)
[STDOUT  ] 2017-08-15T18:47:18.440524093Z: [    0.961402] ACPI: Added _OSI(3.0 _SCP Extensions)
[STDOUT  ] 2017-08-15T18:47:18.440996025Z: [    0.961838] ACPI: Added _OSI(Processor Aggregator Device)
[STDOUT  ] 2017-08-15T18:47:18.515325007Z: [    1.036249] ACPI: Interpreter enabled
[STDOUT  ] 2017-08-15T18:47:18.516323642Z: [    1.037312] ACPI: (supports S0 S5)
[STDOUT  ] 2017-08-15T18:47:18.516848271Z: [    1.037776] ACPI: Using IOAPIC for interrupt routing
[STDOUT  ] 2017-08-15T18:47:18.519511212Z: [    1.039883] PCI: Using host bridge windows from ACPI; if necessary, use "pci=nocrs" and report a bug
[STDOUT  ] 2017-08-15T18:47:18.583528406Z: [    1.104400] ACPI: PCI Root Bridge [PCI0] (domain 0000 [bus 00-ff])
[STDOUT  ] 2017-08-15T18:47:18.592833579Z: [    1.105867] acpi PNP0A08:00: _OSC: OS supports [ExtendedConfig ASPM ClockPM Segments MSI]
[STDOUT  ] 2017-08-15T18:47:18.596266517Z: [    1.112564] acpi PNP0A08:00: _OSC: OS now controls [PCIeHotplug PME PCIeCapability]
[STDOUT  ] 2017-08-15T18:47:18.602136707Z: [    1.123114] PCI host bridge to bus 0000:00
[STDOUT  ] 2017-08-15T18:47:18.603025291Z: [    1.123803] pci_bus 0000:00: root bus resource [io  0x0000-0x0cf7 window]
[STDOUT  ] 2017-08-15T18:47:18.603702795Z: [    1.124441] pci_bus 0000:00: root bus resource [io  0x0d00-0xffff window]
[STDOUT  ] 2017-08-15T18:47:18.604372859Z: [    1.125167] pci_bus 0000:00: root bus resource [mem 0x000a0000-0x000bffff window]
[STDOUT  ] 2017-08-15T18:47:18.607455847Z: [    1.125871] pci_bus 0000:00: root bus resource [mem 0xc0000000-0xfebfffff window]
[STDOUT  ] 2017-08-15T18:47:18.607485668Z: [    1.126617] pci_bus 0000:00: root bus resource [bus 00-ff]
[STDOUT  ] 2017-08-15T18:47:18.866990199Z: [    1.357282] pci 0000:00:1f.0: quirk: [io  0x0600-0x067f] claimed by ICH6 ACPI/GPIO/TCO
[STDOUT  ] 2017-08-15T18:47:18.9616775Z: [    1.452170] ACPI: PCI Interrupt Link [LNKA] (IRQs 5 *10 11)
[STDOUT  ] 2017-08-15T18:47:18.964524085Z: [    1.455295] ACPI: PCI Interrupt Link [LNKB] (IRQs 5 *10 11)
[STDOUT  ] 2017-08-15T18:47:18.967172634Z: [    1.457940] ACPI: PCI Interrupt Link [LNKC] (IRQs 5 10 *11)
[STDOUT  ] 2017-08-15T18:47:18.970031729Z: [    1.460964] ACPI: PCI Interrupt Link [LNKD] (IRQs 5 10 *11)
[STDOUT  ] 2017-08-15T18:47:18.972607242Z: [    1.463564] ACPI: PCI Interrupt Link [LNKE] (IRQs 5 *10 11)
[STDOUT  ] 2017-08-15T18:47:18.975283129Z: [    1.466240] ACPI: PCI Interrupt Link [LNKF] (IRQs 5 *10 11)
[STDOUT  ] 2017-08-15T18:47:18.977909785Z: [    1.468862] ACPI: PCI Interrupt Link [LNKG] (IRQs 5 10 *11)
[STDOUT  ] 2017-08-15T18:47:18.980723206Z: [    1.471716] ACPI: PCI Interrupt Link [LNKH] (IRQs 5 10 *11)
[STDOUT  ] 2017-08-15T18:47:18.98188804Z: [    1.472986] ACPI: PCI Interrupt Link [GSIA] (IRQs *16)
[STDOUT  ] 2017-08-15T18:47:18.982822811Z: [    1.473957] ACPI: PCI Interrupt Link [GSIB] (IRQs *17)
[STDOUT  ] 2017-08-15T18:47:18.987587952Z: [    1.474913] ACPI: PCI Interrupt Link [GSIC] (IRQs *18)
[STDOUT  ] 2017-08-15T18:47:18.987617129Z: [    1.475704] ACPI: PCI Interrupt Link [GSID] (IRQs *19)
[STDOUT  ] 2017-08-15T18:47:18.987629218Z: [    1.476488] ACPI: PCI Interrupt Link [GSIE] (IRQs *20)
[STDOUT  ] 2017-08-15T18:47:18.987642699Z: [    1.477271] ACPI: PCI Interrupt Link [GSIF] (IRQs *21)
[STDOUT  ] 2017-08-15T18:47:18.987655637Z: [    1.478089] ACPI: PCI Interrupt Link [GSIG] (IRQs *22)
[STDOUT  ] 2017-08-15T18:47:18.987954121Z: [    1.478880] ACPI: PCI Interrupt Link [GSIH] (IRQs *23)
[STDOUT  ] 2017-08-15T18:47:18.993816577Z: [    1.484914] ACPI: Enabled 2 GPEs in block 00 to 3F
[STDOUT  ] 2017-08-15T18:47:19.001018256Z: [    1.492256] SCSI subsystem initialized
[STDOUT  ] 2017-08-15T18:47:19.009042194Z: [    1.500303] ACPI: bus type USB registered
[STDOUT  ] 2017-08-15T18:47:19.010892761Z: [    1.502084] usbcore: registered new interface driver usbfs
[STDOUT  ] 2017-08-15T18:47:19.012368417Z: [    1.503495] usbcore: registered new interface driver hub
[STDOUT  ] 2017-08-15T18:47:19.017622255Z: [    1.504729] usbcore: registered new device driver usb
[STDOUT  ] 2017-08-15T18:47:19.019556115Z: [    1.510757] pps_core: LinuxPPS API ver. 1 registered
[STDOUT  ] 2017-08-15T18:47:19.020358072Z: [    1.511236] pps_core: Software ver. 5.3.6 - Copyright 2005-2007 Rodolfo Giometti <giometti@linux.it>
[STDOUT  ] 2017-08-15T18:47:19.020971565Z: [    1.512302] PTP clock support registered
[STDOUT  ] 2017-08-15T18:47:19.022718199Z: [    1.514061] wmi: Mapper loaded
[STDOUT  ] 2017-08-15T18:47:19.02777106Z: [    1.515753] PCI: Using ACPI for IRQ routing
[STDOUT  ] 2017-08-15T18:47:19.089817482Z: [    1.581027] NetLabel: Initializing
[STDOUT  ] 2017-08-15T18:47:19.090266374Z: [    1.581448] NetLabel:  domain hash size = 128
[STDOUT  ] 2017-08-15T18:47:19.090733436Z: [    1.581929] NetLabel:  protocols = UNLABELED CIPSOv4
[STDOUT  ] 2017-08-15T18:47:19.097448882Z: [    1.584770] NetLabel:  unlabeled traffic allowed by default
[STDOUT  ] 2017-08-15T18:47:19.09922828Z: [    1.590292] HPET: 3 timers in total, 0 timers will be used for per-cpu timer
[STDOUT  ] 2017-08-15T18:47:19.100382215Z: [    1.591399] hpet0: at MMIO 0xfed00000, IRQs 2, 8, 0
[STDOUT  ] 2017-08-15T18:47:19.101052642Z: [    1.592168] hpet0: 3 comparators, 64-bit 100.000000 MHz counter
[STDOUT  ] 2017-08-15T18:47:19.117655738Z: [    1.598645] clocksource: Switched to clocksource hpet
[STDOUT  ] 2017-08-15T18:47:19.873693341Z: [    2.354336] VFS: Disk quotas dquot_6.6.0
[STDOUT  ] 2017-08-15T18:47:19.879458015Z: [    2.357641] VFS: Dquot-cache hash table entries: 512 (order 0, 4096 bytes)
[STDOUT  ] 2017-08-15T18:47:19.884215231Z: [    2.365529] FS-Cache: Loaded
[STDOUT  ] 2017-08-15T18:47:19.89129616Z: [    2.372543] CacheFiles: Loaded
[STDOUT  ] 2017-08-15T18:47:19.894912507Z: [    2.376120] pnp: PnP ACPI init
[STDOUT  ] 2017-08-15T18:47:19.909277669Z: [    2.389708] pnp: PnP ACPI: found 5 devices
[STDOUT  ] 2017-08-15T18:47:19.965597565Z: [    2.442061] clocksource: acpi_pm: mask: 0xffffff max_cycles: 0xffffff, max_idle_ns: 2085701024 ns
[STDOUT  ] 2017-08-15T18:47:19.971658462Z: [    2.451783] NET: Registered protocol family 2
[STDOUT  ] 2017-08-15T18:47:19.98381191Z: [    2.462126] TCP established hash table entries: 8192 (order: 4, 65536 bytes)
[STDOUT  ] 2017-08-15T18:47:19.989135361Z: [    2.467584] TCP bind hash table entries: 8192 (order: 5, 131072 bytes)
[STDOUT  ] 2017-08-15T18:47:19.992075426Z: [    2.472887] TCP: Hash tables configured (established 8192 bind 8192)
[STDOUT  ] 2017-08-15T18:47:19.995006078Z: [    2.475417] UDP hash table entries: 512 (order: 2, 16384 bytes)
[STDOUT  ] 2017-08-15T18:47:19.9965539Z: [    2.478363] UDP-Lite hash table entries: 512 (order: 2, 16384 bytes)
[STDOUT  ] 2017-08-15T18:47:20.002211039Z: [    2.481556] NET: Registered protocol family 1
[STDOUT  ] 2017-08-15T18:47:20.006751734Z: [    2.485556] pci 0000:00:01.0: Video device with shadowed ROM at [mem 0x000c0000-0x000dffff]
[STDOUT  ] 2017-08-15T18:47:20.013114109Z: [    2.493949] Unpacking initramfs...
[STDOUT  ] 2017-08-15T18:47:28.726751211Z: [   11.204047] Freeing initrd memory: 40420K (ffff8b0efd857000 - ffff8b0efffd0000)
[STDOUT  ] 2017-08-15T18:47:28.753514624Z: [   11.232602] PCLMULQDQ-NI instructions are not detected.
[STDOUT  ] 2017-08-15T18:47:28.758747665Z: [   11.237956] AVX or AES-NI instructions are not detected.
[STDOUT  ] 2017-08-15T18:47:28.763472842Z: [   11.243082] CPU feature 'AVX registers' is not supported.
[STDOUT  ] 2017-08-15T18:47:28.764412818Z: [   11.247013] CPU feature 'AVX registers' is not supported.
[STDOUT  ] 2017-08-15T18:47:28.765013221Z: [   11.247780] CPU feature 'AVX registers' is not supported.
[STDOUT  ] 2017-08-15T18:47:28.765620717Z: [   11.248381] CPU feature 'AVX registers' is not supported.
[STDOUT  ] 2017-08-15T18:47:28.766135552Z: [   11.248987] AVX2 or AES-NI instructions are not detected.
[STDOUT  ] 2017-08-15T18:47:28.766915805Z: [   11.249664] AVX2 instructions are not detected.
[STDOUT  ] 2017-08-15T18:47:28.775921823Z: [   11.255497] audit: initializing netlink subsys (disabled)
[STDOUT  ] 2017-08-15T18:47:28.782653346Z: [   11.261589] audit: type=2000 audit(1502822847.260:1): initialized
[STDOUT  ] 2017-08-15T18:47:28.794579473Z: [   11.273316] workingset: timestamp_bits=46 max_order=18 bucket_order=0
[STDOUT  ] 2017-08-15T18:47:28.804417612Z: [   11.283937] FS-Cache: Netfs 'cifs' registered for caching
[STDOUT  ] 2017-08-15T18:47:28.808557834Z: [   11.288933] fuse init (API version 7.26)
[STDOUT  ] 2017-08-15T18:47:28.815543971Z: [   11.294209] SGI XFS with ACLs, security attributes, no debug enabled
[STDOUT  ] 2017-08-15T18:47:28.823200076Z: [   11.302454] 9p: Installing v9fs 9p2000 file system support
[STDOUT  ] 2017-08-15T18:47:28.827425239Z: [   11.306807] FS-Cache: Netfs '9p' registered for caching
[STDOUT  ] 2017-08-15T18:47:28.864035438Z: [   11.343912] NET: Registered protocol family 38
[STDOUT  ] 2017-08-15T18:47:28.867846429Z: [   11.347785] Key type asymmetric registered
[STDOUT  ] 2017-08-15T18:47:28.872989876Z: [   11.352582] Asymmetric key parser 'x509' registered
[STDOUT  ] 2017-08-15T18:47:28.876319218Z: [   11.356955] Block layer SCSI generic (bsg) driver version 0.4 loaded (major 251)
[STDOUT  ] 2017-08-15T18:47:28.877743091Z: [   11.359657] io scheduler noop registered
[STDOUT  ] 2017-08-15T18:47:28.879272685Z: [   11.361391] io scheduler deadline registered (default)
[STDOUT  ] 2017-08-15T18:47:28.882712703Z: [   11.362620] io scheduler cfq registered
[STDOUT  ] 2017-08-15T18:47:28.886698411Z: [   11.366050] pci_hotplug: PCI Hot Plug PCI Core version: 0.5
[STDOUT  ] 2017-08-15T18:47:28.888227162Z: [   11.370040] pciehp: PCI Express Hot Plug Controller Driver version: 0.4
[STDOUT  ] 2017-08-15T18:47:28.889869238Z: [   11.372286] shpchp: Standard Hot Plug PCI Controller Driver version: 0.4
[STDOUT  ] 2017-08-15T18:47:28.890311622Z: [   11.373246] hv_vmbus: registering driver hyperv_fb
[STDOUT  ] 2017-08-15T18:47:28.893747988Z: [   11.376511] input: Power Button as /devices/LNXSYSTM:00/LNXPWRBN:00/input/input0
[STDOUT  ] 2017-08-15T18:47:28.894735586Z: [   11.377780] ACPI: Power Button [PWRF]
[STDOUT  ] 2017-08-15T18:47:28.900016718Z: [   11.383041] GHES: HEST is not enabled!
[STDOUT  ] 2017-08-15T18:47:28.91118423Z: [   11.394075] ACPI: PCI Interrupt Link [GSIG] enabled at IRQ 22
[STDOUT  ] 2017-08-15T18:47:28.923553372Z: [   11.406352] ACPI: PCI Interrupt Link [GSIH] enabled at IRQ 23
[STDOUT  ] 2017-08-15T18:47:28.928386256Z: [   11.411245] xenfs: not registering filesystem on non-xen platform
[STDOUT  ] 2017-08-15T18:47:28.930544857Z: [   11.413420] Serial: 8250/16550 driver, 4 ports, IRQ sharing disabled
[STDOUT  ] 2017-08-15T18:47:28.958277032Z: [   11.440984] 00:04: ttyS0 at I/O 0x3f8 (irq = 4, base_baud = 115200) is a 16550A
[STDOUT  ] 2017-08-15T18:47:28.969923662Z: [   11.452840] Non-volatile memory driver v1.3
[STDOUT  ] 2017-08-15T18:47:28.977288869Z: [   11.459738] Hangcheck: starting hangcheck timer 0.9.1 (tick is 180 seconds, margin is 60 seconds).
[STDOUT  ] 2017-08-15T18:47:28.982466867Z: [   11.465546] random: fast init done
[STDOUT  ] 2017-08-15T18:47:28.983807282Z: [   11.466895] random: crng init done
[STDOUT  ] 2017-08-15T18:47:29.019148801Z: [   11.502163] loop: module loaded
[STDOUT  ] 2017-08-15T18:47:29.034635978Z: [   11.517515] nbd: registered device at major 43
[STDOUT  ] 2017-08-15T18:47:29.07843814Z: [   11.561216] lpc_ich 0000:00:1f.0: I/O space for GPIO uninitialized
[STDOUT  ] 2017-08-15T18:47:29.080528823Z: [   11.563444] VMware PVSCSI driver - version 1.0.7.0-k
[STDOUT  ] 2017-08-15T18:47:29.081529338Z: [   11.564447] hv_vmbus: registering driver hv_storvsc
[STDOUT  ] 2017-08-15T18:47:29.092321694Z: [   11.575177] ACPI: PCI Interrupt Link [GSIA] enabled at IRQ 16
[STDOUT  ] 2017-08-15T18:47:29.098914759Z: [   11.581642] ahci 0000:00:1f.2: AHCI 0001.0000 32 slots 6 ports 1.5 Gbps 0x3f impl SATA mode
[STDOUT  ] 2017-08-15T18:47:29.09960068Z: [   11.582527] ahci 0000:00:1f.2: flags: 64bit ncq only 
[STDOUT  ] 2017-08-15T18:47:29.120012638Z: [   11.603027] scsi host0: ahci
[STDOUT  ] 2017-08-15T18:47:29.124393227Z: [   11.607445] scsi host1: ahci
[STDOUT  ] 2017-08-15T18:47:29.127073516Z: [   11.610054] scsi host2: ahci
[STDOUT  ] 2017-08-15T18:47:29.129700562Z: [   11.612810] scsi host3: ahci
[STDOUT  ] 2017-08-15T18:47:29.132076135Z: [   11.615189] scsi host4: ahci
[STDOUT  ] 2017-08-15T18:47:29.134281343Z: [   11.617397] scsi host5: ahci
[STDOUT  ] 2017-08-15T18:47:29.136513751Z: [   11.619263] ata1: SATA max UDMA/133 abar m4096@0xfebd2000 port 0xfebd2100 irq 24
[STDOUT  ] 2017-08-15T18:47:29.13743075Z: [   11.620043] ata2: SATA max UDMA/133 abar m4096@0xfebd2000 port 0xfebd2180 irq 24
[STDOUT  ] 2017-08-15T18:47:29.138236062Z: [   11.620997] ata3: SATA max UDMA/133 abar m4096@0xfebd2000 port 0xfebd2200 irq 24
[STDOUT  ] 2017-08-15T18:47:29.138939639Z: [   11.621648] ata4: SATA max UDMA/133 abar m4096@0xfebd2000 port 0xfebd2280 irq 24
[STDOUT  ] 2017-08-15T18:47:29.139626941Z: [   11.622346] ata5: SATA max UDMA/133 abar m4096@0xfebd2000 port 0xfebd2300 irq 24
[STDOUT  ] 2017-08-15T18:47:29.140372233Z: [   11.623088] ata6: SATA max UDMA/133 abar m4096@0xfebd2000 port 0xfebd2380 irq 24
[STDOUT  ] 2017-08-15T18:47:29.15318897Z: [   11.636110] tun: Universal TUN/TAP device driver, 1.6
[STDOUT  ] 2017-08-15T18:47:29.153751192Z: [   11.636579] tun: (C) 1999-2004 Max Krasnyansky <maxk@qualcomm.com>
[STDOUT  ] 2017-08-15T18:47:29.16385803Z: [   11.646676] VMware vmxnet3 virtual NIC driver - version 1.4.a.0-k-NAPI
[STDOUT  ] 2017-08-15T18:47:29.164708602Z: [   11.647711] hv_vmbus: registering driver hv_netvsc
[STDOUT  ] 2017-08-15T18:47:29.165215387Z: [   11.648231] Fusion MPT base driver 3.04.20
[STDOUT  ] 2017-08-15T18:47:29.165623939Z: [   11.648604] Copyright (c) 1999-2008 LSI Corporation
[STDOUT  ] 2017-08-15T18:47:29.166341222Z: [   11.649332] Fusion MPT SPI Host driver 3.04.20
[STDOUT  ] 2017-08-15T18:47:29.1690827Z: [   11.651778] i8042: PNP: PS/2 Controller [PNP0303:KBD,PNP0f13:MOU] at 0x60,0x64 irq 1,12
[STDOUT  ] 2017-08-15T18:47:29.173537852Z: [   11.656446] serio: i8042 KBD port at 0x60,0x64 irq 1
[STDOUT  ] 2017-08-15T18:47:29.174315496Z: [   11.657237] serio: i8042 AUX port at 0x60,0x64 irq 12
[STDOUT  ] 2017-08-15T18:47:29.177698821Z: [   11.660568] hv_vmbus: registering driver hyperv_keyboard
[STDOUT  ] 2017-08-15T18:47:29.180100987Z: [   11.662845] mousedev: PS/2 mouse device common for all mice
[STDOUT  ] 2017-08-15T18:47:29.185083271Z: [   11.667772] input: AT Translated Set 2 keyboard as /devices/platform/i8042/serio0/input/input1
[STDOUT  ] 2017-08-15T18:47:29.18826083Z: [   11.671062] input: PC Speaker as /devices/platform/pcspkr/input/input2
[STDOUT  ] 2017-08-15T18:47:29.191787563Z: [   11.674731] rtc_cmos 00:00: RTC can wake from S4
[STDOUT  ] 2017-08-15T18:47:29.195326424Z: [   11.678196] rtc_cmos 00:00: rtc core: registered rtc_cmos as rtc0
[STDOUT  ] 2017-08-15T18:47:29.196809231Z: [   11.679540] rtc_cmos 00:00: alarms up to one day, y3k, 114 bytes nvram, hpet irqs
[STDOUT  ] 2017-08-15T18:47:29.197715196Z: [   11.680740] i2c /dev entries driver
[STDOUT  ] 2017-08-15T18:47:29.200094639Z: [   11.682712] device-mapper: ioctl: 4.35.0-ioctl (2016-06-23) initialised: dm-devel@redhat.com
[STDOUT  ] 2017-08-15T18:47:29.20471508Z: [   11.687644] usbcore: registered new interface driver usbhid
[STDOUT  ] 2017-08-15T18:47:29.205182769Z: [   11.688203] usbhid: USB HID core driver
[STDOUT  ] 2017-08-15T18:47:29.206015718Z: [   11.688950] hv_utils: Registering HyperV Utility Driver
[STDOUT  ] 2017-08-15T18:47:29.206520342Z: [   11.689426] hv_vmbus: registering driver hv_util
[STDOUT  ] 2017-08-15T18:47:29.206996637Z: [   11.689896] hv_vmbus: registering driver hv_balloon
[STDOUT  ] 2017-08-15T18:47:29.207911092Z: [   11.690908] oprofile: using NMI interrupt.
[STDOUT  ] 2017-08-15T18:47:29.208986462Z: [   11.692067] GACT probability on
[STDOUT  ] 2017-08-15T18:47:29.209548213Z: [   11.692644] Mirror/redirect action on
[STDOUT  ] 2017-08-15T18:47:29.210583165Z: [   11.693664] Simple TC action Loaded
[STDOUT  ] 2017-08-15T18:47:29.211321004Z: [   11.694361] u32 classifier
[STDOUT  ] 2017-08-15T18:47:29.211720329Z: [   11.694644]     Performance counters on
[STDOUT  ] 2017-08-15T18:47:29.212285807Z: [   11.695328]     input device check on
[STDOUT  ] 2017-08-15T18:47:29.212681381Z: [   11.695718]     Actions configured
[STDOUT  ] 2017-08-15T18:47:29.213445468Z: [   11.696411] Netfilter messages via NETLINK v0.30.
[STDOUT  ] 2017-08-15T18:47:29.21412398Z: [   11.697080] nfnl_acct: registering with nfnetlink.
[STDOUT  ] 2017-08-15T18:47:29.215677918Z: [   11.698484] nf_conntrack version 0.5.0 (8192 buckets, 32768 max)
[STDOUT  ] 2017-08-15T18:47:29.219319066Z: [   11.702206] ctnetlink v0.93: registering with nfnetlink.
[STDOUT  ] 2017-08-15T18:47:29.222777068Z: [   11.705605] nf_tables: (c) 2007-2009 Patrick McHardy <kaber@trash.net>
[STDOUT  ] 2017-08-15T18:47:29.223935477Z: [   11.706622] nf_tables_compat: (c) 2012 Pablo Neira Ayuso <pablo@netfilter.org>
[STDOUT  ] 2017-08-15T18:47:29.226271432Z: [   11.709229] xt_time: kernel timezone is -0000
[STDOUT  ] 2017-08-15T18:47:29.226896565Z: [   11.709939] ip_set: protocol 6
[STDOUT  ] 2017-08-15T18:47:29.228156653Z: [   11.711036] IPVS: Registered protocols (TCP, UDP, SCTP, AH, ESP)
[STDOUT  ] 2017-08-15T18:47:29.229095806Z: [   11.711821] IPVS: Connection hash table configured (size=4096, memory=64Kbytes)
[STDOUT  ] 2017-08-15T18:47:29.230831995Z: [   11.713781] IPVS: Creating netns size=2104 id=0
[STDOUT  ] 2017-08-15T18:47:29.231760818Z: [   11.714853] IPVS: ipvs loaded.
[STDOUT  ] 2017-08-15T18:47:29.232283478Z: [   11.715326] IPVS: [rr] scheduler registered.
[STDOUT  ] 2017-08-15T18:47:29.232758335Z: [   11.715796] IPVS: [wrr] scheduler registered.
[STDOUT  ] 2017-08-15T18:47:29.233202023Z: [   11.716229] IPVS: [lc] scheduler registered.
[STDOUT  ] 2017-08-15T18:47:29.233634457Z: [   11.716662] IPVS: [wlc] scheduler registered.
[STDOUT  ] 2017-08-15T18:47:29.234075345Z: [   11.717102] IPVS: [fo] scheduler registered.
[STDOUT  ] 2017-08-15T18:47:29.234511764Z: [   11.717538] IPVS: [ovf] scheduler registered.
[STDOUT  ] 2017-08-15T18:47:29.23507678Z: [   11.718094] IPVS: [lblc] scheduler registered.
[STDOUT  ] 2017-08-15T18:47:29.235629929Z: [   11.718649] IPVS: [lblcr] scheduler registered.
[STDOUT  ] 2017-08-15T18:47:29.236096774Z: [   11.719121] IPVS: [dh] scheduler registered.
[STDOUT  ] 2017-08-15T18:47:29.236548951Z: [   11.719548] IPVS: [sh] scheduler registered.
[STDOUT  ] 2017-08-15T18:47:29.237082822Z: [   11.719941] IPVS: [sed] scheduler registered.
[STDOUT  ] 2017-08-15T18:47:29.237817056Z: [   11.720776] IPVS: [nq] scheduler registered.
[STDOUT  ] 2017-08-15T18:47:29.238728133Z: [   11.721658] IPVS: ftp: loaded support on port[0] = 21
[STDOUT  ] 2017-08-15T18:47:29.239825025Z: [   11.722743] ipip: IPv4 and MPLS over IPv4 tunneling driver
[STDOUT  ] 2017-08-15T18:47:29.244013236Z: [   11.726982] gre: GRE over IPv4 demultiplexor driver
[STDOUT  ] 2017-08-15T18:47:29.246274174Z: [   11.729177] ip_tables: (C) 2000-2006 Netfilter Core Team
[STDOUT  ] 2017-08-15T18:47:29.249863933Z: [   11.732679] ipt_CLUSTERIP: ClusterIP Version 0.8 loaded successfully
[STDOUT  ] 2017-08-15T18:47:29.25064489Z: [   11.733552] arp_tables: arp_tables: (C) 2002 David S. Miller
[STDOUT  ] 2017-08-15T18:47:29.252769077Z: [   11.735725] NET: Registered protocol family 10
[STDOUT  ] 2017-08-15T18:47:29.262173739Z: [   11.745108] ip6_tables: (C) 2000-2006 Netfilter Core Team
[STDOUT  ] 2017-08-15T18:47:29.269677978Z: [   11.752683] NET: Registered protocol family 17
[STDOUT  ] 2017-08-15T18:47:29.270884143Z: [   11.753832] Bridge firewalling registered
[STDOUT  ] 2017-08-15T18:47:29.271508357Z: [   11.754541] Ebtables v2.0 registered
[STDOUT  ] 2017-08-15T18:47:29.273064199Z: [   11.756088] 8021q: 802.1Q VLAN Support v1.8
[STDOUT  ] 2017-08-15T18:47:29.27458071Z: [   11.757603] 9pnet: Installing 9P2000 support
[STDOUT  ] 2017-08-15T18:47:29.276123135Z: [   11.759131] Key type dns_resolver registered
[STDOUT  ] 2017-08-15T18:47:29.277453246Z: [   11.760364] microcode: AMD CPU family 0x6 not supported
[STDOUT  ] 2017-08-15T18:47:29.281385659Z: [   11.764382] registered taskstats version 1
[STDOUT  ] 2017-08-15T18:47:29.436499287Z: [   11.919412] Key type big_key registered
[STDOUT  ] 2017-08-15T18:47:29.468337974Z: [   11.951099] ata2: SATA link down (SStatus 0 SControl 300)
[STDOUT  ] 2017-08-15T18:47:29.470670093Z: [   11.953514] ata1: SATA link down (SStatus 0 SControl 300)
[STDOUT  ] 2017-08-15T18:47:29.472195645Z: [   11.954937] ata3: SATA link up 1.5 Gbps (SStatus 113 SControl 300)
[STDOUT  ] 2017-08-15T18:47:29.476556146Z: [   11.959356] ata3.00: ATAPI: QEMU DVD-ROM, 2.5+, max UDMA/100
[STDOUT  ] 2017-08-15T18:47:29.477333957Z: [   11.960340] ata3.00: applying bridge limits
[STDOUT  ] 2017-08-15T18:47:29.478840674Z: [   11.961752] ata6: SATA link down (SStatus 0 SControl 300)
[STDOUT  ] 2017-08-15T18:47:29.480196939Z: [   11.963176] ata3.00: configured for UDMA/100
[STDOUT  ] 2017-08-15T18:47:29.481550014Z: [   11.964466] ata4: SATA link down (SStatus 0 SControl 300)
[STDOUT  ] 2017-08-15T18:47:29.48222643Z: [   11.965157] ata5: SATA link down (SStatus 0 SControl 300)
[STDOUT  ] 2017-08-15T18:47:29.498281516Z: [   11.980880] scsi 2:0:0:0: CD-ROM            QEMU     QEMU DVD-ROM     2.5+ PQ: 0 ANSI: 5
[STDOUT  ] 2017-08-15T18:47:29.520763669Z: [   12.003483] sr 2:0:0:0: [sr0] scsi3-mmc drive: 4x/4x cd/rw xa/form2 tray
[STDOUT  ] 2017-08-15T18:47:29.521626338Z: [   12.004436] cdrom: Uniform CD-ROM driver Revision: 3.20
[STDOUT  ] 2017-08-15T18:47:29.531924209Z: [   12.014701] sr 2:0:0:0: Attached scsi generic sg0 type 5
[STDOUT  ] 2017-08-15T18:47:29.541414386Z: [   12.024411] Key type encrypted registered
[STDOUT  ] 2017-08-15T18:47:29.54596453Z: [   12.028685] rtc_cmos 00:00: setting system clock to 2017-08-15 18:47:28 UTC (1502822848)
[STDOUT  ] 2017-08-15T18:47:29.690538261Z: [   12.173105] Freeing unused kernel memory: 1372K (ffffffff8dd50000 - ffffffff8dea7000)
[STDOUT  ] 2017-08-15T18:47:29.691303261Z: [   12.174108] Write protecting the kernel read-only data: 12288k
[STDOUT  ] 2017-08-15T18:47:29.701403311Z: [   12.182285] Freeing unused kernel memory: 156K (ffff8b0ed77d9000 - ffff8b0ed7800000)
[STDOUT  ] 2017-08-15T18:47:29.806324689Z: [   12.288942] Freeing unused kernel memory: 1404K (ffff8b0ed7aa1000 - ffff8b0ed7c00000)
[STDOUT  ] 2017-08-15T18:47:29.807712777Z: [   12.290530] tsc: Refined TSC clocksource calibration: 2300.038 MHz
[STDOUT  ] 2017-08-15T18:47:29.808856496Z: [   12.291289] clocksource: tsc: mask: 0xffffffffffffffff max_cycles: 0x212759179c6, max_idle_ns: 440795240051 ns
[STDOUT  ] 2017-08-15T18:47:30.826555624Z: [   13.309428] clocksource: Switched to clocksource tsc
[STDOUT  ] 2017-08-15T18:47:41.712946531Z: 
[STDOUT  ] 2017-08-15T18:47:41.714637603Z: Welcome to LinuxKitSUCCESS boot
[STDOUT  ] 2017-08-15T18:47:41.714809107Z: 
[STDOUT  ] 2017-08-15T18:47:41.714958719Z: 
[STDOUT  ] 2017-08-15T18:47:41.716493214Z:                         ##         .
[STDOUT  ] 2017-08-15T18:47:41.718489579Z:                   ## ## ##        ==
[STDOUT  ] 2017-08-15T18:47:41.7200521Z:                ## ## ## ## ##    ===
[STDOUT  ] 2017-08-15T18:47:41.721719665Z:            /"""""""""""""""""\___/ ===
[STDOUT  ] 2017-08-15T18:47:41.723587748Z:           {                       /  ===-
[STDOUT  ] 2017-08-15T18:47:41.725194929Z:            \______ O           __/
[STDOUT  ] 2017-08-15T18:47:41.726679014Z:              \    \         __/
[STDOUT  ] 2017-08-15T18:47:41.728419358Z:               \____\_______/
[STDOUT  ] 2017-08-15T18:47:41.728573751Z: 
[STDOUT  ] 2017-08-15T18:47:43.671516017Z: [   26.152203] 8021q: adding VLAN 0 to HW filter on device eth0
[STDOUT  ] 2017-08-15T18:47:43.674485575Z: eth0: waiting for carrier
[STDOUT  ] 2017-08-15T18:47:44.062043243Z: eth0: carrier acquired
[STDOUT  ] 2017-08-15T18:47:44.068715897Z: DUID 00:01:00:01:21:25:fe:4e:e6:d8:e6:99:58:53
[STDOUT  ] 2017-08-15T18:47:44.070114Z: eth0: IAID e6:99:58:53
[STDOUT  ] 2017-08-15T18:47:44.072214561Z: eth0: adding address fe80::f860:dd90:84d7:fddd
[STDOUT  ] 2017-08-15T18:47:44.073694299Z: eth0: soliciting an IPv6 router
[STDOUT  ] 2017-08-15T18:47:44.075147205Z: eth0: soliciting a DHCP lease
[STDOUT  ] 2017-08-15T18:47:44.085457603Z: eth0: offered 10.0.2.15 from 10.0.2.2
[STDOUT  ] 2017-08-15T18:47:44.092396428Z: eth0: leased 10.0.2.15 for 86400 seconds
[STDOUT  ] 2017-08-15T18:47:44.097913939Z: eth0: adding route to 10.0.2.0/24
[STDOUT  ] 2017-08-15T18:47:44.104171723Z: eth0: adding default route via 10.0.2.2
[STDOUT  ] 2017-08-15T18:47:44.106474464Z: exiting due to oneshot
[STDOUT  ] 2017-08-15T18:47:44.112743363Z: dhcpcd exited
[STDOUT  ] 2017-08-15T18:47:45.406041705Z: [34mINFO[0m[0000] starting containerd                           [34mmodule[0m=containerd [34mrevision[0m=56d499e114cd0289a68338d32d997346f3bb1dcd [34mversion[0m=v1.0.0-alpha4
[STDOUT  ] 2017-08-15T18:47:45.421605321Z: [34mINFO[0m[0000] loading plugin "io.containerd.content.v1.content"...  [34mmodule[0m=containerd [34mtype[0m=io.containerd.content.v1
[STDOUT  ] 2017-08-15T18:47:45.431672813Z: [34mINFO[0m[0000] loading plugin "io.containerd.metadata.v1.bolt"...  [34mmodule[0m=containerd [34mtype[0m=io.containerd.metadata.v1
[STDOUT  ] 2017-08-15T18:47:45.445814214Z: [34mINFO[0m[0000] loading plugin "io.containerd.differ.v1.base-diff"...  [34mmodule[0m=containerd [34mtype[0m=io.containerd.differ.v1
[STDOUT  ] 2017-08-15T18:47:45.449830978Z: [34mINFO[0m[0000] loading plugin "io.containerd.grpc.v1.containers"...  [34mmodule[0m=containerd [34mtype[0m=io.containerd.grpc.v1
[STDOUT  ] 2017-08-15T18:47:45.45078815Z: [34mINFO[0m[0000] loading plugin "io.containerd.grpc.v1.content"...  [34mmodule[0m=containerd [34mtype[0m=io.containerd.grpc.v1
[STDOUT  ] 2017-08-15T18:47:45.453141648Z: [34mINFO[0m[0000] loading plugin "io.containerd.grpc.v1.diff"...  [34mmodule[0m=containerd [34mtype[0m=io.containerd.grpc.v1
[STDOUT  ] 2017-08-15T18:47:45.454856704Z: [34mINFO[0m[0000] loading plugin "io.containerd.grpc.v1.events"...  [34mmodule[0m=containerd [34mtype[0m=io.containerd.grpc.v1
[STDOUT  ] 2017-08-15T18:47:45.457284314Z: [34mINFO[0m[0000] loading plugin "io.containerd.grpc.v1.healthcheck"...  [34mmodule[0m=containerd [34mtype[0m=io.containerd.grpc.v1
[STDOUT  ] 2017-08-15T18:47:45.45945737Z: [34mINFO[0m[0000] loading plugin "io.containerd.grpc.v1.images"...  [34mmodule[0m=containerd [34mtype[0m=io.containerd.grpc.v1
[STDOUT  ] 2017-08-15T18:47:45.461600618Z: [34mINFO[0m[0000] loading plugin "io.containerd.grpc.v1.namespaces"...  [34mmodule[0m=containerd [34mtype[0m=io.containerd.grpc.v1
[STDOUT  ] 2017-08-15T18:47:45.464467786Z: [34mINFO[0m[0000] loading plugin "io.containerd.snapshotter.v1.btrfs"...  [34mmodule[0m=containerd [34mtype[0m=io.containerd.snapshotter.v1
[STDOUT  ] 2017-08-15T18:47:45.486443895Z: [33mWARN[0m[0000] failed to load plugin io.containerd.snapshotter.v1.btrfs  [33merror[0m="path /var/lib/containerd/io.containerd.snapshotter.v1.btrfs must be a btrfs filesystem to be used with the btrfs snapshotter" [33mmodule[0m=containerd
[STDOUT  ] 2017-08-15T18:47:45.489307305Z: [34mINFO[0m[0000] loading plugin "io.containerd.snapshotter.v1.overlayfs"...  [34mmodule[0m=containerd [34mtype[0m=io.containerd.snapshotter.v1
[STDOUT  ] 2017-08-15T18:47:45.495816632Z: [34mINFO[0m[0000] loading plugin "io.containerd.grpc.v1.snapshots"...  [34mmodule[0m=containerd [34mtype[0m=io.containerd.grpc.v1
[STDOUT  ] 2017-08-15T18:47:45.498733732Z: [34mINFO[0m[0000] loading plugin "io.containerd.monitor.v1.cgroups"...  [34mmodule[0m=containerd [34mtype[0m=io.containerd.monitor.v1
[STDOUT  ] 2017-08-15T18:47:45.556417722Z: [34mINFO[0m[0000] loading plugin "io.containerd.runtime.v1.linux"...  [34mmodule[0m=containerd [34mtype[0m=io.containerd.runtime.v1
[STDOUT  ] 2017-08-15T18:47:45.566301035Z: [34mINFO[0m[0000] loading plugin "io.containerd.grpc.v1.tasks"...  [34mmodule[0m=containerd [34mtype[0m=io.containerd.grpc.v1
[STDOUT  ] 2017-08-15T18:47:45.570573308Z: [34mINFO[0m[0000] loading plugin "io.containerd.grpc.v1.version"...  [34mmodule[0m=containerd [34mtype[0m=io.containerd.grpc.v1
[STDOUT  ] 2017-08-15T18:47:45.604151087Z: [34mINFO[0m[0000] serving...                                    [34maddress[0m="/run/containerd/debug.sock" [34mmodule[0m="containerd/debug"
[STDOUT  ] 2017-08-15T18:47:45.608299617Z: [34mINFO[0m[0000] serving...                                    [34maddress[0m="/run/containerd/containerd.sock" [34mmodule[0m="containerd/grpc"
[STDOUT  ] 2017-08-15T18:47:45.612271686Z: [34mINFO[0m[0000] containerd successfully booted in 0.239002s   [34mmodule[0m=containerd
[STDOUT  ] 2017-08-15T18:47:46.055766956Z: [34mINFO[0m[0000] shim containerd-shim started                  [34maddress[0m="/containerd-shim/default/getty/shim.sock" [34mdebug[0m=false [34mmodule[0m="containerd/tasks" [34mpid[0m=346
[STDOUT  ] 2017-08-15T18:47:50.341519868Z: 
[STDOUT  ] 2017-08-15T18:47:50.351030148Z: linuxkit-e6d8e6995853 login: root
[STDOUT  ] 2017-08-15T18:47:50.372153623Z: Password: abcdefgh
[STDOUT  ] 2017-08-15T18:47:50.373422562Z: 
[STDOUT  ] 2017-08-15T18:47:50.408597815Z: Welcome to LinuxKit!
[STDOUT  ] 2017-08-15T18:47:50.408741691Z: 
[STDOUT  ] 2017-08-15T18:47:50.409715857Z: NOTE: This system is namespaced.
[STDOUT  ] 2017-08-15T18:47:50.411137741Z: The namespace you are currently in may not be the root.
[STDOUT  ] 2017-08-15T18:47:50.415061249Z: login[390]: root login on 'ttyS0'
[STDOUT  ] 2017-08-15T18:47:50.459788988Z: (ns: getty) linuxkit-e6d8e6995853:~# [6nctr pull docker.io/library/hello-world@sha2
[STDOUT  ] 2017-08-15T18:47:50.472959677Z: 56:f3b3b28a45160805bb16542c9531888519430e9e6d6ffc09d72261b0d26ff74f
[STDOUT  ] 2017-08-15T18:47:51.067858949Z: docker.io/library/hello-world@sha256:f3b3b28a45160805bb16542c9531888519430e9e6d6ffc09d72261b0d26ff74f: resolving      |[32m[0m--------------------------------------| 
[STDOUT  ] 2017-08-15T18:47:51.07240649Z: elapsed: 0.2 s                                                                                         total:   0.0 B (0.0 B/s)                                         
[STDOUT  ] 2017-08-15T18:47:51.163374679Z: [0A[2K[0A[2Kdocker.io/library/hello-world@sha256:f3b3b28a45160805bb16542c9531888519430e9e6d6ffc09d72261b0d26ff74f: resolving      |[32m[0m--------------------------------------| 
[STDOUT  ] 2017-08-15T18:47:51.168514148Z: elapsed: 0.2 s                                                                                         total:   0.0 B (0.0 B/s)                                         
[STDOUT  ] 2017-08-15T18:47:51.257569903Z: [0A[2K[0A[2Kdocker.io/library/hello-world@sha256:f3b3b28a45160805bb16542c9531888519430e9e6d6ffc09d72261b0d26ff74f: resolving      |[32m[0m--------------------------------------| 
[STDOUT  ] 2017-08-15T18:47:51.262928849Z: elapsed: 0.3 s                                                                                         total:   0.0 B (0.0 B/s)                                         
[STDOUT  ] 2017-08-15T18:47:51.353530483Z: [0A[2K[0A[2Kdocker.io/library/hello-world@sha256:f3b3b28a45160805bb16542c9531888519430e9e6d6ffc09d72261b0d26ff74f: resolving      |[32m[0m--------------------------------------| 
[STDOUT  ] 2017-08-15T18:47:51.359464631Z: elapsed: 0.4 s                                                                                         total:   0.0 B (0.0 B/s)                                         
[STDOUT  ] 2017-08-15T18:47:51.477736826Z: [0A[2K[0A[2Kdocker.io/library/hello-world@sha256:f3b3b28a45160805bb16542c9531888519430e9e6d6ffc09d72261b0d26ff74f: resolving      |[32m[0m--------------------------------------| 
[STDOUT  ] 2017-08-15T18:47:51.48320031Z: elapsed: 0.5 s                                                                                         total:   0.0 B (0.0 B/s)                                         
[STDOUT  ] 2017-08-15T18:47:51.558665398Z: [0A[2K[0A[2Kdocker.io/library/hello-world@sha256:f3b3b28a45160805bb16542c9531888519430e9e6d6ffc09d72261b0d26ff74f: resolving      |[32m[0m--------------------------------------| 
[STDOUT  ] 2017-08-15T18:47:51.56439449Z: elapsed: 0.7 s                                                                                         total:   0.0 B (0.0 B/s)                                         
[STDOUT  ] 2017-08-15T18:47:51.66678542Z: [0A[2K[0A[2Kdocker.io/library/hello-world@sha256:f3b3b28a45160805bb16542c9531888519430e9e6d6ffc09d72261b0d26ff74f: resolving      |[32m[0m--------------------------------------| 
[STDOUT  ] 2017-08-15T18:47:51.671649687Z: elapsed: 0.8 s                                                                                         total:   0.0 B (0.0 B/s)                                         
[STDOUT  ] 2017-08-15T18:47:51.775804647Z: [0A[2K[0A[2Kdocker.io/library/hello-world@sha256:f3b3b28a45160805bb16542c9531888519430e9e6d6ffc09d72261b0d26ff74f: resolving      |[32m[0m--------------------------------------| 
[STDOUT  ] 2017-08-15T18:47:51.78185076Z: elapsed: 0.9 s                                                                                         total:   0.0 B (0.0 B/s)                                         
[STDOUT  ] 2017-08-15T18:47:51.879966056Z: [0A[2K[0A[2Kdocker.io/library/hello-world@sha256:f3b3b28a45160805bb16542c9531888519430e9e6d6ffc09d72261b0d26ff74f: resolving      |[32m[0m--------------------------------------| 
[STDOUT  ] 2017-08-15T18:47:51.885951526Z: elapsed: 1.0 s                                                                                         total:   0.0 B (0.0 B/s)                                         
[STDOUT  ] 2017-08-15T18:47:51.959122094Z: [0A[2K[0A[2Kdocker.io/library/hello-world@sha256:f3b3b28a45160805bb16542c9531888519430e9e6d6ffc09d72261b0d26ff74f: resolving      |[32m[0m--------------------------------------| 
[STDOUT  ] 2017-08-15T18:47:51.966038884Z: elapsed: 1.1 s                                                                                         total:   0.0 B (0.0 B/s)                                         
[STDOUT  ] 2017-08-15T18:47:52.062516379Z: [0A[2K[0A[2Kdocker.io/library/hello-world@sha256:f3b3b28a45160805bb16542c9531888519430e9e6d6ffc09d72261b0d26ff74f: resolving      |[32m[0m--------------------------------------| 
[STDOUT  ] 2017-08-15T18:47:52.070185962Z: elapsed: 1.2 s                                                                                         total:   0.0 B (0.0 B/s)                                         
[STDOUT  ] 2017-08-15T18:47:52.168005508Z: [0A[2K[0A[2Kdocker.io/library/hello-world@sha256:f3b3b28a45160805bb16542c9531888519430e9e6d6ffc09d72261b0d26ff74f: resolving      |[32m[0m--------------------------------------| 
[STDOUT  ] 2017-08-15T18:47:52.176131877Z: elapsed: 1.3 s                                                                                         total:   0.0 B (0.0 B/s)                                         
[STDOUT  ] 2017-08-15T18:47:52.263249313Z: [0A[2K[0A[2Kdocker.io/library/hello-world@sha256:f3b3b28a45160805bb16542c9531888519430e9e6d6ffc09d72261b0d26ff74f: resolving      |[32m[0m--------------------------------------| 
[STDOUT  ] 2017-08-15T18:47:52.285979601Z: elapsed: 1.4 s                                                                                         total:   0.0 B (0.0 B/s)                                         
[STDOUT  ] 2017-08-15T18:47:52.374016424Z: [0A[2K[0A[2Kdocker.io/library/hello-world@sha256:f3b3b28a45160805bb16542c9531888519430e9e6d6ffc09d72261b0d26ff74f: resolving      |[32m[0m--------------------------------------| 
[STDOUT  ] 2017-08-15T18:47:52.380976711Z: elapsed: 1.5 s                                                                                         total:   0.0 B (0.0 B/s)                                         
[STDOUT  ] 2017-08-15T18:47:52.477567835Z: [0A[2K[0A[2Kdocker.io/library/hello-world@sha256:f3b3b28a45160805bb16542c9531888519430e9e6d6ffc09d72261b0d26ff74f: resolving      |[32m[0m--------------------------------------| 
[STDOUT  ] 2017-08-15T18:47:52.484229589Z: elapsed: 1.6 s                                                                                         total:   0.0 B (0.0 B/s)                                         
[STDOUT  ] 2017-08-15T18:47:52.560510387Z: [0A[2K[0A[2Kdocker.io/library/hello-world@sha256:f3b3b28a45160805bb16542c9531888519430e9e6d6ffc09d72261b0d26ff74f: resolving      |[32m[0m--------------------------------------| 
[STDOUT  ] 2017-08-15T18:47:52.566756219Z: elapsed: 1.7 s                                                                                         total:   0.0 B (0.0 B/s)                                         
[STDOUT  ] 2017-08-15T18:47:52.657508603Z: [0A[2K[0A[2Kdocker.io/library/hello-world@sha256:f3b3b28a45160805bb16542c9531888519430e9e6d6ffc09d72261b0d26ff74f: resolving      |[32m[0m--------------------------------------| 
[STDOUT  ] 2017-08-15T18:47:52.665299736Z: elapsed: 1.8 s                                                                                         total:   0.0 B (0.0 B/s)                                         
[STDOUT  ] 2017-08-15T18:47:52.75009472Z: [0A[2K[0A[2Kdocker.io/library/hello-world@sha256:f3b3b28a45160805bb16542c9531888519430e9e6d6ffc09d72261b0d26ff74f: resolving      |[32m[0m--------------------------------------| 
[STDOUT  ] 2017-08-15T18:47:52.756809786Z: elapsed: 1.8 s                                                                                         total:   0.0 B (0.0 B/s)                                         
[STDOUT  ] 2017-08-15T18:47:52.854711572Z: [0A[2K[0A[2Kdocker.io/library/hello-world@sha256:f3b3b28a45160805bb16542c9531888519430e9e6d6ffc09d72261b0d26ff74f: resolving      |[32m[0m--------------------------------------| 
[STDOUT  ] 2017-08-15T18:47:52.861509807Z: elapsed: 1.9 s                                                                                         total:   0.0 B (0.0 B/s)                                         
[STDOUT  ] 2017-08-15T18:47:52.960374889Z: [0A[2K[0A[2Kdocker.io/library/hello-world@sha256:f3b3b28a45160805bb16542c9531888519430e9e6d6ffc09d72261b0d26ff74f: resolving      |[32m[0m--------------------------------------| 
[STDOUT  ] 2017-08-15T18:47:52.966745423Z: elapsed: 2.0 s                                                                                         total:   0.0 B (0.0 B/s)                                         
[STDOUT  ] 2017-08-15T18:47:53.056255419Z: [0A[2K[0A[2Kdocker.io/library/hello-world@sha256:f3b3b28a45160805bb16542c9531888519430e9e6d6ffc09d72261b0d26ff74f: resolving      |[32m[0m--------------------------------------| 
[STDOUT  ] 2017-08-15T18:47:53.062446523Z: elapsed: 2.1 s                                                                                         total:   0.0 B (0.0 B/s)                                         
[STDOUT  ] 2017-08-15T18:47:53.162784308Z: [0A[2K[0A[2Kdocker.io/library/hello-world@sha256:f3b3b28a45160805bb16542c9531888519430e9e6d6ffc09d72261b0d26ff74f: resolving      |[32m[0m--------------------------------------| 
[STDOUT  ] 2017-08-15T18:47:53.170330041Z: elapsed: 2.3 s                                                                                         total:   0.0 B (0.0 B/s)                                         
[STDOUT  ] 2017-08-15T18:47:53.25068936Z: [0A[2K[0A[2Kdocker.io/library/hello-world@sha256:f3b3b28a45160805bb16542c9531888519430e9e6d6ffc09d72261b0d26ff74f: resolving      |[32m[0m--------------------------------------| 
[STDOUT  ] 2017-08-15T18:47:53.257857358Z: elapsed: 2.3 s                                                                                         total:   0.0 B (0.0 B/s)                                         
[STDOUT  ] 2017-08-15T18:47:53.349076412Z: [0A[2K[0A[2Kdocker.io/library/hello-world@sha256:f3b3b28a45160805bb16542c9531888519430e9e6d6ffc09d72261b0d26ff74f: resolving      |[32m[0m--------------------------------------| 
[STDOUT  ] 2017-08-15T18:47:53.356780016Z: elapsed: 2.4 s                                                                                         total:   0.0 B (0.0 B/s)                                         
[STDOUT  ] 2017-08-15T18:47:53.454864427Z: [0A[2K[0A[2Kdocker.io/library/hello-world@sha256:f3b3b28a45160805bb16542c9531888519430e9e6d6ffc09d72261b0d26ff74f: resolving      |[32m[0m--------------------------------------| 
[STDOUT  ] 2017-08-15T18:47:53.458592926Z: elapsed: 2.5 s                                                                                         total:   0.0 B (0.0 B/s)                                         
[STDOUT  ] 2017-08-15T18:47:53.571401435Z: [0A[2K[0A[2Kdocker.io/library/hello-world@sha256:f3b3b28a45160805bb16542c9531888519430e9e6d6ffc09d72261b0d26ff74f: resolving      |[32m[0m--------------------------------------| 
[STDOUT  ] 2017-08-15T18:47:53.595421846Z: elapsed: 2.6 s                                                                                         total:   0.0 B (0.0 B/s)                                         
[STDOUT  ] 2017-08-15T18:47:53.681654057Z: [0A[2K[0A[2Kdocker.io/library/hello-world@sha256:f3b3b28a45160805bb16542c9531888519430e9e6d6ffc09d72261b0d26ff74f: resolved       |[32m++++++++++++++++++++++++++++++++++++++[0m| 
[STDOUT  ] 2017-08-15T18:47:53.684682849Z: manifest-sha256:f3b3b28a45160805bb16542c9531888519430e9e6d6ffc09d72261b0d26ff74f:                      downloading    |[32m[0m--------------------------------------|    0.0 B/524.0 B 
[STDOUT  ] 2017-08-15T18:47:53.687320338Z: elapsed: 2.8 s                                                                                         total:   0.0 B (0.0 B/s)                                         
[STDOUT  ] 2017-08-15T18:47:53.75342495Z: [0A[2K[0A[2K[0A[2Kdocker.io/library/hello-world@sha256:f3b3b28a45160805bb16542c9531888519430e9e6d6ffc09d72261b0d26ff74f: resolved       |[32m++++++++++++++++++++++++++++++++++++++[0m| 
[STDOUT  ] 2017-08-15T18:47:53.757512702Z: manifest-sha256:f3b3b28a45160805bb16542c9531888519430e9e6d6ffc09d72261b0d26ff74f:                      downloading    |[32m[0m--------------------------------------|    0.0 B/524.0 B 
[STDOUT  ] 2017-08-15T18:47:53.759120447Z: elapsed: 2.9 s                                                                                         total:   0.0 B (0.0 B/s)                                         
[STDOUT  ] 2017-08-15T18:47:53.881794572Z: [0A[2K[0A[2K[0A[2Kdocker.io/library/hello-world@sha256:f3b3b28a45160805bb16542c9531888519430e9e6d6ffc09d72261b0d26ff74f: resolved       |[32m++++++++++++++++++++++++++++++++++++++[0m| 
[STDOUT  ] 2017-08-15T18:47:53.885673412Z: manifest-sha256:f3b3b28a45160805bb16542c9531888519430e9e6d6ffc09d72261b0d26ff74f:                      downloading    |[32m[0m--------------------------------------|    0.0 B/524.0 B 
[STDOUT  ] 2017-08-15T18:47:53.887950507Z: elapsed: 2.9 s                                                                                         total:   0.0 B (0.0 B/s)                                         
[STDOUT  ] 2017-08-15T18:47:53.974637735Z: [0A[2K[0A[2K[0A[2Kdocker.io/library/hello-world@sha256:f3b3b28a45160805bb16542c9531888519430e9e6d6ffc09d72261b0d26ff74f: resolved       |[32m++++++++++++++++++++++++++++++++++++++[0m| 
[STDOUT  ] 2017-08-15T18:47:53.977671157Z: manifest-sha256:f3b3b28a45160805bb16542c9531888519430e9e6d6ffc09d72261b0d26ff74f:                      downloading    |[32m[0m--------------------------------------|    0.0 B/524.0 B 
[STDOUT  ] 2017-08-15T18:47:53.979659719Z: elapsed: 3.1 s                                                                                         total:   0.0 B (0.0 B/s)                                         
[STDOUT  ] 2017-08-15T18:47:54.080040481Z: [0A[2K[0A[2K[0A[2Kdocker.io/library/hello-world@sha256:f3b3b28a45160805bb16542c9531888519430e9e6d6ffc09d72261b0d26ff74f: resolved       |[32m++++++++++++++++++++++++++++++++++++++[0m| 
[STDOUT  ] 2017-08-15T18:47:54.091057207Z: manifest-sha256:f3b3b28a45160805bb16542c9531888519430e9e6d6ffc09d72261b0d26ff74f:                      downloading    |[32m[0m--------------------------------------|    0.0 B/524.0 B 
[STDOUT  ] 2017-08-15T18:47:54.097179916Z: elapsed: 3.2 s                                                                                         total:   0.0 B (0.0 B/s)                                         
[STDOUT  ] 2017-08-15T18:47:54.143510933Z: [0A[2K[0A[2K[0A[2Kdocker.io/library/hello-world@sha256:f3b3b28a45160805bb16542c9531888519430e9e6d6ffc09d72261b0d26ff74f: resolved       |[32m++++++++++++++++++++++++++++++++++++++[0m| 
[STDOUT  ] 2017-08-15T18:47:54.145579745Z: manifest-sha256:f3b3b28a45160805bb16542c9531888519430e9e6d6ffc09d72261b0d26ff74f:                      downloading    |[32m[0m--------------------------------------|    0.0 B/524.0 B 
[STDOUT  ] 2017-08-15T18:47:54.14798216Z: elapsed: 3.3 s                                                                                         total:   0.0 B (0.0 B/s)                                         
[STDOUT  ] 2017-08-15T18:47:54.245701868Z: [0A[2K[0A[2K[0A[2Kdocker.io/library/hello-world@sha256:f3b3b28a45160805bb16542c9531888519430e9e6d6ffc09d72261b0d26ff74f: resolved       |[32m++++++++++++++++++++++++++++++++++++++[0m| 
[STDOUT  ] 2017-08-15T18:47:54.248286627Z: manifest-sha256:f3b3b28a45160805bb16542c9531888519430e9e6d6ffc09d72261b0d26ff74f:                      downloading    |[32m[0m--------------------------------------|    0.0 B/524.0 B 
[STDOUT  ] 2017-08-15T18:47:54.250101127Z: elapsed: 3.3 s                                                                                         total:   0.0 B (0.0 B/s)                                         
[STDOUT  ] 2017-08-15T18:47:54.343767198Z: [0A[2K[0A[2K[0A[2Kdocker.io/library/hello-world@sha256:f3b3b28a45160805bb16542c9531888519430e9e6d6ffc09d72261b0d26ff74f: resolved       |[32m++++++++++++++++++++++++++++++++++++++[0m| 
[STDOUT  ] 2017-08-15T18:47:54.34583273Z: manifest-sha256:f3b3b28a45160805bb16542c9531888519430e9e6d6ffc09d72261b0d26ff74f:                      downloading    |[32m[0m--------------------------------------|    0.0 B/524.0 B 
[STDOUT  ] 2017-08-15T18:47:54.348961833Z: elapsed: 3.4 s                                                                                         total:   0.0 B (0.0 B/s)                                         
[STDOUT  ] 2017-08-15T18:47:54.450586271Z: [0A[2K[0A[2K[0A[2Kdocker.io/library/hello-world@sha256:f3b3b28a45160805bb16542c9531888519430e9e6d6ffc09d72261b0d26ff74f: resolved       |[32m++++++++++++++++++++++++++++++++++++++[0m| 
[STDOUT  ] 2017-08-15T18:47:54.452593227Z: manifest-sha256:f3b3b28a45160805bb16542c9531888519430e9e6d6ffc09d72261b0d26ff74f:                      downloading    |[32m[0m--------------------------------------|    0.0 B/524.0 B 
[STDOUT  ] 2017-08-15T18:47:54.454413352Z: elapsed: 3.5 s                                                                                         total:   0.0 B (0.0 B/s)                                         
[STDOUT  ] 2017-08-15T18:47:54.555454076Z: [0A[2K[0A[2K[0A[2Kdocker.io/library/hello-world@sha256:f3b3b28a45160805bb16542c9531888519430e9e6d6ffc09d72261b0d26ff74f: resolved       |[32m++++++++++++++++++++++++++++++++++++++[0m| 
[STDOUT  ] 2017-08-15T18:47:54.557727572Z: manifest-sha256:f3b3b28a45160805bb16542c9531888519430e9e6d6ffc09d72261b0d26ff74f:                      downloading    |[32m[0m--------------------------------------|    0.0 B/524.0 B 
[STDOUT  ] 2017-08-15T18:47:54.565069791Z: elapsed: 3.7 s                                                                                         total:   0.0 B (0.0 B/s)                                         
[STDOUT  ] 2017-08-15T18:47:54.651174506Z: [0A[2K[0A[2K[0A[2Kdocker.io/library/hello-world@sha256:f3b3b28a45160805bb16542c9531888519430e9e6d6ffc09d72261b0d26ff74f: resolved       |[32m++++++++++++++++++++++++++++++++++++++[0m| 
[STDOUT  ] 2017-08-15T18:47:54.653095662Z: manifest-sha256:f3b3b28a45160805bb16542c9531888519430e9e6d6ffc09d72261b0d26ff74f:                      done           |[32m++++++++++++++++++++++++++++++++++++++[0m| 
[STDOUT  ] 2017-08-15T18:47:54.661120736Z: elapsed: 3.8 s                                                                                         total:  524.0  (138.0 B/s)                                       
[STDOUT  ] 2017-08-15T18:47:54.757522609Z: [0A[2K[0A[2K[0A[2Kdocker.io/library/hello-world@sha256:f3b3b28a45160805bb16542c9531888519430e9e6d6ffc09d72261b0d26ff74f: resolved       |[32m++++++++++++++++++++++++++++++++++++++[0m| 
[STDOUT  ] 2017-08-15T18:47:54.774653841Z: manifest-sha256:f3b3b28a45160805bb16542c9531888519430e9e6d6ffc09d72261b0d26ff74f:                      done           |[32m++++++++++++++++++++++++++++++++++++++[0m| 
[STDOUT  ] 2017-08-15T18:47:54.776339513Z: elapsed: 3.9 s                                                                                         total:  524.0  (135.0 B/s)                                       
[STDOUT  ] 2017-08-15T18:47:54.856126522Z: [0A[2K[0A[2K[0A[2Kdocker.io/library/hello-world@sha256:f3b3b28a45160805bb16542c9531888519430e9e6d6ffc09d72261b0d26ff74f: resolved       |[32m++++++++++++++++++++++++++++++++++++++[0m| 
[STDOUT  ] 2017-08-15T18:47:54.858058214Z: manifest-sha256:f3b3b28a45160805bb16542c9531888519430e9e6d6ffc09d72261b0d26ff74f:                      done           |[32m++++++++++++++++++++++++++++++++++++++[0m| 
[STDOUT  ] 2017-08-15T18:47:54.860638611Z: layer-sha256:b04784fba78d739b526e27edc02a5a8cd07b1052e9283f5fc155828f4b614c28:                         downloading    |[32m[0m--------------------------------------|    0.0 B/972.0 B 
[STDOUT  ] 2017-08-15T18:47:54.863263715Z: config-sha256:1815c82652c03bfd8644afda26fb184f2ed891d921b20a0703b46768f9755c57:                        downloading    |[32m[0m--------------------------------------|    0.0 B/1.5 KiB 
[STDOUT  ] 2017-08-15T18:47:54.864922582Z: elapsed: 4.0 s                                                                                         total:  524.0  (130.0 B/s)                                       
[STDOUT  ] 2017-08-15T18:47:54.943980999Z: [0A[2K[0A[2K[0A[2K[0A[2K[0A[2Kdocker.io/library/hello-world@sha256:f3b3b28a45160805bb16542c9531888519430e9e6d6ffc09d72261b0d26ff74f: resolved       |[32m++++++++++++++++++++++++++++++++++++++[0m| 
[STDOUT  ] 2017-08-15T18:47:54.945865049Z: manifest-sha256:f3b3b28a45160805bb16542c9531888519430e9e6d6ffc09d72261b0d26ff74f:                      done           |[32m++++++++++++++++++++++++++++++++++++++[0m| 
[STDOUT  ] 2017-08-15T18:47:54.947956808Z: layer-sha256:b04784fba78d739b526e27edc02a5a8cd07b1052e9283f5fc155828f4b614c28:                         downloading    |[32m[0m--------------------------------------|    0.0 B/972.0 B 
[STDOUT  ] 2017-08-15T18:47:54.950821897Z: config-sha256:1815c82652c03bfd8644afda26fb184f2ed891d921b20a0703b46768f9755c57:                        downloading    |[32m[0m--------------------------------------|    0.0 B/1.5 KiB 
[STDOUT  ] 2017-08-15T18:47:54.952735421Z: elapsed: 4.1 s                                                                                         total:  524.0  (129.0 B/s)                                       
[STDOUT  ] 2017-08-15T18:47:55.050619843Z: [0A[2K[0A[2K[0A[2K[0A[2K[0A[2Kdocker.io/library/hello-world@sha256:f3b3b28a45160805bb16542c9531888519430e9e6d6ffc09d72261b0d26ff74f: resolved       |[32m++++++++++++++++++++++++++++++++++++++[0m| 
[STDOUT  ] 2017-08-15T18:47:55.052517014Z: manifest-sha256:f3b3b28a45160805bb16542c9531888519430e9e6d6ffc09d72261b0d26ff74f:                      done           |[32m++++++++++++++++++++++++++++++++++++++[0m| 
[STDOUT  ] 2017-08-15T18:47:55.054511949Z: layer-sha256:b04784fba78d739b526e27edc02a5a8cd07b1052e9283f5fc155828f4b614c28:                         downloading    |[32m[0m--------------------------------------|    0.0 B/972.0 B 
[STDOUT  ] 2017-08-15T18:47:55.056450248Z: config-sha256:1815c82652c03bfd8644afda26fb184f2ed891d921b20a0703b46768f9755c57:                        downloading    |[32m[0m--------------------------------------|    0.0 B/1.5 KiB 
[STDOUT  ] 2017-08-15T18:47:55.058718246Z: elapsed: 4.1 s                                                                                         total:  524.0  (126.0 B/s)                                       
[STDOUT  ] 2017-08-15T18:47:55.155387289Z: [0A[2K[0A[2K[0A[2K[0A[2K[0A[2Kdocker.io/library/hello-world@sha256:f3b3b28a45160805bb16542c9531888519430e9e6d6ffc09d72261b0d26ff74f: resolved       |[32m++++++++++++++++++++++++++++++++++++++[0m| 
[STDOUT  ] 2017-08-15T18:47:55.157241948Z: manifest-sha256:f3b3b28a45160805bb16542c9531888519430e9e6d6ffc09d72261b0d26ff74f:                      done           |[32m++++++++++++++++++++++++++++++++++++++[0m| 
[STDOUT  ] 2017-08-15T18:47:55.159604389Z: layer-sha256:b04784fba78d739b526e27edc02a5a8cd07b1052e9283f5fc155828f4b614c28:                         downloading    |[32m[0m--------------------------------------|    0.0 B/972.0 B 
[STDOUT  ] 2017-08-15T18:47:55.162260816Z: config-sha256:1815c82652c03bfd8644afda26fb184f2ed891d921b20a0703b46768f9755c57:                        downloading    |[32m[0m--------------------------------------|    0.0 B/1.5 KiB 
[STDOUT  ] 2017-08-15T18:47:55.163857822Z: elapsed: 4.3 s                                                                                         total:  524.0  (122.0 B/s)                                       
[STDOUT  ] 2017-08-15T18:47:55.254568087Z: [0A[2K[0A[2K[0A[2K[0A[2K[0A[2Kdocker.io/library/hello-world@sha256:f3b3b28a45160805bb16542c9531888519430e9e6d6ffc09d72261b0d26ff74f: resolved       |[32m++++++++++++++++++++++++++++++++++++++[0m| 
[STDOUT  ] 2017-08-15T18:47:55.256485394Z: manifest-sha256:f3b3b28a45160805bb16542c9531888519430e9e6d6ffc09d72261b0d26ff74f:                      done           |[32m++++++++++++++++++++++++++++++++++++++[0m| 
[STDOUT  ] 2017-08-15T18:47:55.259043054Z: layer-sha256:b04784fba78d739b526e27edc02a5a8cd07b1052e9283f5fc155828f4b614c28:                         downloading    |[32m[0m--------------------------------------|    0.0 B/972.0 B 
[STDOUT  ] 2017-08-15T18:47:55.269299217Z: config-sha256:1815c82652c03bfd8644afda26fb184f2ed891d921b20a0703b46768f9755c57:                        downloading    |[32m[0m--------------------------------------|    0.0 B/1.5 KiB 
[STDOUT  ] 2017-08-15T18:47:55.271266089Z: elapsed: 4.4 s                                                                                         total:  524.0  (120.0 B/s)                                       
[STDOUT  ] 2017-08-15T18:47:55.358262887Z: [0A[2K[0A[2K[0A[2K[0A[2K[0A[2Kdocker.io/library/hello-world@sha256:f3b3b28a45160805bb16542c9531888519430e9e6d6ffc09d72261b0d26ff74f: resolved       |[32m++++++++++++++++++++++++++++++++++++++[0m| 
[STDOUT  ] 2017-08-15T18:47:55.365097678Z: manifest-sha256:f3b3b28a45160805bb16542c9531888519430e9e6d6ffc09d72261b0d26ff74f:                      done           |[32m++++++++++++++++++++++++++++++++++++++[0m| 
[STDOUT  ] 2017-08-15T18:47:55.370350715Z: layer-sha256:b04784fba78d739b526e27edc02a5a8cd07b1052e9283f5fc155828f4b614c28:                         downloading    |[32m[0m--------------------------------------|    0.0 B/972.0 B 
[STDOUT  ] 2017-08-15T18:47:55.37218294Z: config-sha256:1815c82652c03bfd8644afda26fb184f2ed891d921b20a0703b46768f9755c57:                        downloading    |[32m[0m--------------------------------------|    0.0 B/1.5 KiB 
[STDOUT  ] 2017-08-15T18:47:55.373764903Z: elapsed: 4.5 s                                                                                         total:  524.0  (117.0 B/s)                                       
[STDOUT  ] 2017-08-15T18:47:55.444578932Z: [0A[2K[0A[2K[0A[2K[0A[2K[0A[2Kdocker.io/library/hello-world@sha256:f3b3b28a45160805bb16542c9531888519430e9e6d6ffc09d72261b0d26ff74f: resolved       |[32m++++++++++++++++++++++++++++++++++++++[0m| 
[STDOUT  ] 2017-08-15T18:47:55.446433358Z: manifest-sha256:f3b3b28a45160805bb16542c9531888519430e9e6d6ffc09d72261b0d26ff74f:                      done           |[32m++++++++++++++++++++++++++++++++++++++[0m| 
[STDOUT  ] 2017-08-15T18:47:55.448291538Z: layer-sha256:b04784fba78d739b526e27edc02a5a8cd07b1052e9283f5fc155828f4b614c28:                         done           |[32m++++++++++++++++++++++++++++++++++++++[0m| 
[STDOUT  ] 2017-08-15T18:47:55.450635892Z: config-sha256:1815c82652c03bfd8644afda26fb184f2ed891d921b20a0703b46768f9755c57:                        downloading    |[32m[0m--------------------------------------|    0.0 B/1.5 KiB 
[STDOUT  ] 2017-08-15T18:47:55.452889771Z: elapsed: 4.6 s                                                                                         total:  1.5 Ki (327.0 B/s)                                       
[STDOUT  ] 2017-08-15T18:47:55.535671228Z: [31mERRO[0m[0010] (*Service).Write failed                       [31merror[0m="rpc error: code = Canceled desc = context canceled" [31mexpected[0m=sha256:1815c82652c03bfd8644afda26fb184f2ed891d921b20a0703b46768f9755c57 [31mref[0m="config-sha256:1815c82652c03bfd8644afda26fb184f2ed891d921b20a0703b46768f9755c57" [31mtotal[0m=1520
[STDOUT  ] 2017-08-15T18:47:55.552548726Z: [0A[2K[0A[2K[0A[2K[0A[2K[0A[2Kdocker.io/library/hello-world@sha256:f3b3b28a45160805bb16542c9531888519430e9e6d6ffc09d72261b0d26ff74f: resolved       |[32m++++++++++++++++++++++++++++++++++++++[0m| 
[STDOUT  ] 2017-08-15T18:47:55.554394294Z: manifest-sha256:f3b3b28a45160805bb16542c9531888519430e9e6d6ffc09d72261b0d26ff74f:                      done           |[32m++++++++++++++++++++++++++++++++++++++[0m| 
[STDOUT  ] 2017-08-15T18:47:55.556242961Z: layer-sha256:b04784fba78d739b526e27edc02a5a8cd07b1052e9283f5fc155828f4b614c28:                         done           |[32m++++++++++++++++++++++++++++++++++++++[0m| 
[STDOUT  ] 2017-08-15T18:47:55.570917466Z: config-sha256:1815c82652c03bfd8644afda26fb184f2ed891d921b20a0703b46768f9755c57:                        downloading    |[32m[0m--------------------------------------|    0.0 B/1.5 KiB 
[STDOUT  ] 2017-08-15T18:47:55.572920947Z: elapsed: 4.6 s                                                                                         total:  1.5 Ki (323.0 B/s)                                       
[STDOUT  ] 2017-08-15T18:47:55.659695368Z: [31mERRO[0m[0005] failed to get content info                    [31merror[0m="context canceled: unknown"
[STDOUT  ] 2017-08-15T18:47:55.671964594Z: [0A[2K[0A[2K[0A[2K[0A[2K[0A[2Kdocker.io/library/hello-world@sha256:f3b3b28a45160805bb16542c9531888519430e9e6d6ffc09d72261b0d26ff74f: resolved       |[32m++++++++++++++++++++++++++++++++++++++[0m| 
[STDOUT  ] 2017-08-15T18:47:55.674247525Z: manifest-sha256:f3b3b28a45160805bb16542c9531888519430e9e6d6ffc09d72261b0d26ff74f:                      done           |[32m++++++++++++++++++++++++++++++++++++++[0m| 
[STDOUT  ] 2017-08-15T18:47:55.675911195Z: layer-sha256:b04784fba78d739b526e27edc02a5a8cd07b1052e9283f5fc155828f4b614c28:                         done           |[32m++++++++++++++++++++++++++++++++++++++[0m| 
[STDOUT  ] 2017-08-15T18:47:55.677585689Z: config-sha256:1815c82652c03bfd8644afda26fb184f2ed891d921b20a0703b46768f9755c57:                        done           |[32m++++++++++++++++++++++++++++++++++++++[0m| 
[STDOUT  ] 2017-08-15T18:47:55.679409428Z: elapsed: 4.8 s                                                                                         total:  1.5 Ki (310.0 B/s)                                       
[STDOUT  ] 2017-08-15T18:47:56.066142522Z: unpacking sha256:f3b3b28a45160805bb16542c9531888519430e9e6d6ffc09d72261b0d26ff74f...done
[STDOUT  ] 2017-08-15T18:47:56.123825263Z: (ns: getty) linuxkit-e6d8e6995853:~# [6nSUCCESS ctr pull
[STDOUT  ] 2017-08-15T18:47:56.13775964Z: ctr run -t docker.io/library/hello-world@sh
[STDOUT  ] 2017-08-15T18:47:56.159164146Z: a256:f3b3b28a45160805bb16542c9531888519430e9e6d6ffc09d72261b0d26ff74f test
[STDOUT  ] 2017-08-15T18:47:57.075230175Z: [34mINFO[0m[0011] shim containerd-shim started                  [34maddress[0m="/containerd-shim/default/test/shim.sock" [34mdebug[0m=false [34mmodule[0m="containerd/tasks" [34mpid[0m=406
[STDOUT  ] 2017-08-15T18:47:57.811589834Z: [   40.294332] IPVS: Creating netns size=2104 id=1
[STDOUT  ] 2017-08-15T18:47:57.81248462Z: [   40.295225] IPVS: ftp: loaded support on port[0] = 21
[STDOUT  ] 2017-08-15T18:48:00.381938569Z: 
[STDOUT  ] 2017-08-15T18:48:00.382354035Z: Hello from Docker!SUCCESS ctr run
[STDOUT  ] 2017-08-15T18:48:00.38244269Z: 
[STDOUT  ] 2017-08-15T18:48:00.385135048Z: This message shows that your installation appears to be working correctly.
[STDOUT  ] 2017-08-15T18:48:00.385677423Z: 
[STDOUT  ] 2017-08-15T18:48:00.393829484Z: To generate this message, Docker took the following steps:
[STDOUT  ] 2017-08-15T18:48:00.394947967Z:  1. The Docker client contacted the Docker daemon.
[STDOUT  ] 2017-08-15T18:48:00.395948631Z:  2. The Docker daemon pulled the "hello-world" image from the Docker Hub.
[STDOUT  ] 2017-08-15T18:48:00.447337125Z:  3. The Docker daemon created a new container from that image which runs the
[STDOUT  ] 2017-08-15T18:48:00.448081402Z:     executable that produces the output you are currently reading.
[STDOUT  ] 2017-08-15T18:48:00.449073296Z:  4. The Docker daemon streamed that output to the Docker client, which sent it
[STDOUT  ] 2017-08-15T18:48:00.449465569Z:     to your terminal.
[STDOUT  ] 2017-08-15T18:48:00.449645252Z: 
[STDOUT  ] 2017-08-15T18:48:00.450593298Z: To try something more ambitious, you can run an Ubuntu container with:
[STDOUT  ] 2017-08-15T18:48:00.451050813Z:  $ docker run -it ubuntu bash
[STDOUT  ] 2017-08-15T18:48:00.451235265Z: 
[STDOUT  ] 2017-08-15T18:48:00.452052169Z: Share images, automate workflows, and more with a free Docker ID:
[STDOUT  ] 2017-08-15T18:48:00.452497018Z:  https://cloud.docker.com/
[STDOUT  ] 2017-08-15T18:48:00.452680548Z: 
[STDOUT  ] 2017-08-15T18:48:00.453231765Z: For more examples and ideas, visit:
[STDOUT  ] 2017-08-15T18:48:00.453791189Z:  https://docs.docker.com/engine/userguide/
[STDOUT  ] 2017-08-15T18:48:00.453969831Z: 
[STDOUT  ] 2017-08-15T18:48:01.631486944Z: ^C[31mERRO[0m[0005] resize pty                                    [31merror[0m="rpc error: code = Unknown desc = bad file descriptor: unknown"
[STDOUT  ] 2017-08-15T18:48:03.430292753Z: (ns: getty) linuxkit-e6d8e6995853:~# [6npoweroff -f
[STDOUT  ] 2017-08-15T18:48:03.481256644Z: [   45.962731] ACPI: Preparing to enter system sleep state S5
[STDOUT  ] 2017-08-15T18:48:03.484940766Z: [   45.967753] reboot: Power down
[STDOUT  ] 2017-08-15T18:48:03.484978265Z: SUCCESS poweroff
[STDERR  ] 2017-08-15T18:48:03.669418148Z: + exit 0
[STDERR  ] 2017-08-15T18:48:03.669483128Z: + clean_up
[STDERR  ] 2017-08-15T18:48:03.669496209Z: + find . -depth -iname test-ctr* -not -iname *.yml -exec rm -rf {} ;
[PASS    ] linuxkit.packages.getty-containerd 78.66s
