[INFO    ] 2017-06-15T13:54:21.933017813Z: Running Test linuxkit.packages.ca-certificates in /tmp/build/test/cases/040_packages/003_ca-certificates
[INFO    ] 2017-06-15T13:54:21.933092596Z: Running command: [/bin/sh -x /tmp/build/test/cases/040_packages/003_ca-certificates/test.sh]
[STDERR  ] 2017-06-15T13:54:21.969577596Z: + set -e
[STDERR  ] 2017-06-15T13:54:21.969630165Z: + . /tmp/build/test/cases/_lib/lib.sh
[STDERR  ] 2017-06-15T13:54:21.969690636Z: + [ -f src/github.com/linuxkit/rtf/lib/lib.sh ]
[STDERR  ] 2017-06-15T13:54:21.969736664Z: + LINUXKIT_TMPDIR=/tmp/build/test/cases/_tmp
[STDERR  ] 2017-06-15T13:54:21.969777318Z: + [ -f /tmp/build/test/cases/_tmp/env.sh ]
[STDERR  ] 2017-06-15T13:54:21.969817181Z: + . /tmp/build/test/cases/_tmp/env.sh
[STDERR  ] 2017-06-15T13:54:21.969876297Z: + export LINUXKIT_EXAMPLES_DIR=/tmp/build/test/cases/../../examples
[STDERR  ] 2017-06-15T13:54:21.969901196Z: + RT_CANCEL=253
[STDERR  ] 2017-06-15T13:54:21.96993891Z: + trap clean_up EXIT
[STDERR  ] 2017-06-15T13:54:21.969973594Z: + moby build -output kernel+initrd test-ca-certificates.yml
[STDERR  ] 2017-06-15T13:54:21.979379521Z: Extract kernel image: linuxkit/kernel:4.9.x
[STDERR  ] 2017-06-15T13:54:23.514532402Z: Add init containers:
[STDERR  ] 2017-06-15T13:54:23.514577087Z: Process init image: linuxkit/init:e9e65f0bc22a37b74a569a4d48a25a7df186cd96
[STDERR  ] 2017-06-15T13:54:24.715130185Z: Process init image: linuxkit/runc:3a4e6cbf15470f62501b019b55e1caac5ee7689f
[STDERR  ] 2017-06-15T13:54:25.939183897Z: Process init image: linuxkit/containerd:de224b705c10677bb3dc1681ad880b9078a2e289
[STDERR  ] 2017-06-15T13:54:27.585891023Z: Process init image: linuxkit/ca-certificates:75cf419fb58770884c3464eb687ec8dfc704169d
[STDERR  ] 2017-06-15T13:54:28.859764166Z: Add onboot containers:
[STDERR  ] 2017-06-15T13:54:28.859816154Z:   Create OCI config for alpine:3.6
[STDERR  ] 2017-06-15T13:54:30.144244341Z:   Create OCI config for linuxkit/poweroff:7404cf2295df89ccfa2dda41997a28307a90cf28
[STDERR  ] 2017-06-15T13:54:31.416464041Z: Add files:
[STDERR  ] 2017-06-15T13:54:31.416538213Z:   check.sh
[STDERR  ] 2017-06-15T13:54:31.438294469Z: Create outputs:
[STDERR  ] 2017-06-15T13:54:38.475154687Z:   test-ca-certificates-kernel test-ca-certificates-initrd.img test-ca-certificates-cmdline
[STDERR  ] 2017-06-15T13:54:38.523402576Z: + linuxkit run test-ca-certificates
[STDERR  ] 2017-06-15T13:54:38.538972463Z: Unable to find qemu-system-x86_64 within the $PATH. Using a container
[STDERR  ] 2017-06-15T13:55:10.17106856Z: + RESULT=[    0.000000] Linux version 4.9.31-linuxkit (root@84baa8e89c00) (gcc version 6.2.1 20160822 (Alpine 6.2.1) ) #1 SMP Wed Jun 7 21:45:43 UTC 2017
[STDERR  ] 2017-06-15T13:55:10.171119624Z: [    0.000000] Command line: console=ttyS0 page_poison=1
[STDERR  ] 2017-06-15T13:55:10.171127666Z: [    0.000000] x86/fpu: Legacy x87 FPU detected.
[STDERR  ] 2017-06-15T13:55:10.17113474Z: [    0.000000] x86/fpu: Using 'eager' FPU context switches.
[STDERR  ] 2017-06-15T13:55:10.171138044Z: [    0.000000] e820: BIOS-provided physical RAM map:
[STDERR  ] 2017-06-15T13:55:10.171157957Z: [    0.000000] BIOS-e820: [mem 0x0000000000000000-0x000000000009fbff] usable
[STDERR  ] 2017-06-15T13:55:10.171170562Z: [    0.000000] BIOS-e820: [mem 0x000000000009fc00-0x000000000009ffff] reserved
[STDERR  ] 2017-06-15T13:55:10.171174105Z: [    0.000000] BIOS-e820: [mem 0x00000000000f0000-0x00000000000fffff] reserved
[STDERR  ] 2017-06-15T13:55:10.171188104Z: [    0.000000] BIOS-e820: [mem 0x0000000000100000-0x000000003ffdefff] usable
[STDERR  ] 2017-06-15T13:55:10.171191508Z: [    0.000000] BIOS-e820: [mem 0x000000003ffdf000-0x000000003fffffff] reserved
[STDERR  ] 2017-06-15T13:55:10.171200732Z: [    0.000000] BIOS-e820: [mem 0x00000000b0000000-0x00000000bfffffff] reserved
[STDERR  ] 2017-06-15T13:55:10.171204002Z: [    0.000000] BIOS-e820: [mem 0x00000000fed1c000-0x00000000fed1ffff] reserved
[STDERR  ] 2017-06-15T13:55:10.171213178Z: [    0.000000] BIOS-e820: [mem 0x00000000fffc0000-0x00000000ffffffff] reserved
[STDERR  ] 2017-06-15T13:55:10.171216267Z: [    0.000000] NX (Execute Disable) protection: active
[STDERR  ] 2017-06-15T13:55:10.171241988Z: [    0.000000] SMBIOS 2.8 present.
[STDERR  ] 2017-06-15T13:55:10.171251071Z: [    0.000000] e820: last_pfn = 0x3ffdf max_arch_pfn = 0x400000000
[STDERR  ] 2017-06-15T13:55:10.171257061Z: [    0.000000] x86/PAT: Configuration [0-7]: WB  WC  UC- UC  WB  WC  UC- WT  
[STDERR  ] 2017-06-15T13:55:10.171263469Z: [    0.000000] found SMP MP-table at [mem 0x000f6aa0-0x000f6aaf] mapped at [ffff8b6b400f6aa0]
[STDERR  ] 2017-06-15T13:55:10.171269399Z: [    0.000000] RAMDISK: [mem 0x3dd7c000-0x3ffcffff]
[STDERR  ] 2017-06-15T13:55:10.171275412Z: [    0.000000] ACPI: Early table checksum verification disabled
[STDERR  ] 2017-06-15T13:55:10.171280909Z: [    0.000000] ACPI: RSDP 0x00000000000F68C0 000014 (v00 BOCHS )
[STDERR  ] 2017-06-15T13:55:10.171286594Z: [    0.000000] ACPI: RSDT 0x000000003FFE2404 000034 (v01 BOCHS  BXPCRSDT 00000001 BXPC 00000001)
[STDERR  ] 2017-06-15T13:55:10.171297251Z: [    0.000000] ACPI: FACP 0x000000003FFE22A4 000074 (v01 BOCHS  BXPCFACP 00000001 BXPC 00000001)
[STDERR  ] 2017-06-15T13:55:10.171304029Z: [    0.000000] ACPI: DSDT 0x000000003FFE0040 002264 (v01 BOCHS  BXPCDSDT 00000001 BXPC 00000001)
[STDERR  ] 2017-06-15T13:55:10.171309734Z: [    0.000000] ACPI: FACS 0x000000003FFE0000 000040
[STDERR  ] 2017-06-15T13:55:10.171315399Z: [    0.000000] ACPI: APIC 0x000000003FFE2318 000078 (v01 BOCHS  BXPCAPIC 00000001 BXPC 00000001)
[STDERR  ] 2017-06-15T13:55:10.171320659Z: [    0.000000] ACPI: HPET 0x000000003FFE2390 000038 (v01 BOCHS  BXPCHPET 00000001 BXPC 00000001)
[STDERR  ] 2017-06-15T13:55:10.171325992Z: [    0.000000] ACPI: MCFG 0x000000003FFE23C8 00003C (v01 BOCHS  BXPCMCFG 00000001 BXPC 00000001)
[STDERR  ] 2017-06-15T13:55:10.171329058Z: [    0.000000] Zone ranges:
[STDERR  ] 2017-06-15T13:55:10.171338244Z: [    0.000000]   DMA      [mem 0x0000000000001000-0x0000000000ffffff]
[STDERR  ] 2017-06-15T13:55:10.171343732Z: [    0.000000]   DMA32    [mem 0x0000000001000000-0x000000003ffdefff]
[STDERR  ] 2017-06-15T13:55:10.171346471Z: [    0.000000]   Normal   empty
[STDERR  ] 2017-06-15T13:55:10.171354661Z: [    0.000000] Movable zone start for each node
[STDERR  ] 2017-06-15T13:55:10.171357517Z: [    0.000000] Early memory node ranges
[STDERR  ] 2017-06-15T13:55:10.171362869Z: [    0.000000]   node   0: [mem 0x0000000000001000-0x000000000009efff]
[STDERR  ] 2017-06-15T13:55:10.171370805Z: [    0.000000]   node   0: [mem 0x0000000000100000-0x000000003ffdefff]
[STDERR  ] 2017-06-15T13:55:10.171373769Z: [    0.000000] Initmem setup node 0 [mem 0x0000000000001000-0x000000003ffdefff]
[STDERR  ] 2017-06-15T13:55:10.171379239Z: [    0.000000] ACPI: PM-Timer IO Port: 0x608
[STDERR  ] 2017-06-15T13:55:10.171387534Z: [    0.000000] ACPI: LAPIC_NMI (acpi_id[0xff] dfl dfl lint[0x1])
[STDERR  ] 2017-06-15T13:55:10.171391562Z: [    0.000000] IOAPIC[0]: apic_id 0, version 32, address 0xfec00000, GSI 0-23
[STDERR  ] 2017-06-15T13:55:10.171399681Z: [    0.000000] ACPI: INT_SRC_OVR (bus 0 bus_irq 0 global_irq 2 dfl dfl)
[STDERR  ] 2017-06-15T13:55:10.171407867Z: [    0.000000] ACPI: INT_SRC_OVR (bus 0 bus_irq 5 global_irq 5 high level)
[STDERR  ] 2017-06-15T13:55:10.171413135Z: [    0.000000] ACPI: INT_SRC_OVR (bus 0 bus_irq 9 global_irq 9 high level)
[STDERR  ] 2017-06-15T13:55:10.171422022Z: [    0.000000] ACPI: INT_SRC_OVR (bus 0 bus_irq 10 global_irq 10 high level)
[STDERR  ] 2017-06-15T13:55:10.171427255Z: [    0.000000] ACPI: INT_SRC_OVR (bus 0 bus_irq 11 global_irq 11 high level)
[STDERR  ] 2017-06-15T13:55:10.171432805Z: [    0.000000] Using ACPI (MADT) for SMP configuration information
[STDERR  ] 2017-06-15T13:55:10.171438602Z: [    0.000000] ACPI: HPET id: 0x8086a201 base: 0xfed00000
[STDERR  ] 2017-06-15T13:55:10.171444574Z: [    0.000000] smpboot: Allowing 1 CPUs, 0 hotplug CPUs
[STDERR  ] 2017-06-15T13:55:10.171449934Z: [    0.000000] e820: [mem 0x40000000-0xafffffff] available for PCI devices
[STDERR  ] 2017-06-15T13:55:10.171452914Z: [    0.000000] Booting paravirtualized kernel on bare hardware
[STDERR  ] 2017-06-15T13:55:10.171467055Z: [    0.000000] clocksource: refined-jiffies: mask: 0xffffffff max_cycles: 0xffffffff, max_idle_ns: 19112604462750000 ns
[STDERR  ] 2017-06-15T13:55:10.171473705Z: [    0.000000] setup_percpu: NR_CPUS:128 nr_cpumask_bits:128 nr_cpu_ids:1 nr_node_ids:1
[STDERR  ] 2017-06-15T13:55:10.171481902Z: [    0.000000] percpu: Embedded 35 pages/cpu @ffff8b6b7da00000 s105240 r8192 d29928 u2097152
[STDERR  ] 2017-06-15T13:55:10.171487244Z: [    0.000000] Built 1 zonelists in Zone order, mobility grouping on.  Total pages: 257896
[STDERR  ] 2017-06-15T13:55:10.171492888Z: [    0.000000] Kernel command line: console=ttyS0 page_poison=1
[STDERR  ] 2017-06-15T13:55:10.171495728Z: [    0.000000] PID hash table entries: 4096 (order: 3, 32768 bytes)
[STDERR  ] 2017-06-15T13:55:10.171500898Z: [    0.000000] Dentry cache hash table entries: 131072 (order: 8, 1048576 bytes)
[STDERR  ] 2017-06-15T13:55:10.171508964Z: [    0.000000] Inode-cache hash table entries: 65536 (order: 7, 524288 bytes)
[STDERR  ] 2017-06-15T13:55:10.171512144Z: [    0.000000] Memory: 976628K/1048052K available (9526K kernel code, 1595K rwdata, 3120K rodata, 1456K init, 604K bss, 71424K reserved, 0K cma-reserved)
[STDERR  ] 2017-06-15T13:55:10.171518665Z: [    0.000000] Hierarchical RCU implementation.
[STDERR  ] 2017-06-15T13:55:10.171530737Z: [    0.000000] 	Build-time adjustment of leaf fanout to 64.
[STDERR  ] 2017-06-15T13:55:10.171533741Z: [    0.000000] 	RCU restricting CPUs from NR_CPUS=128 to nr_cpu_ids=1.
[STDERR  ] 2017-06-15T13:55:10.171541632Z: [    0.000000] RCU: Adjusting geometry for rcu_fanout_leaf=64, nr_cpu_ids=1
[STDERR  ] 2017-06-15T13:55:10.171546928Z: [    0.000000] NR_IRQS:8448 nr_irqs:256 16
[STDERR  ] 2017-06-15T13:55:10.171549625Z: [    0.000000] Console: colour VGA+ 80x25
[STDERR  ] 2017-06-15T13:55:10.171557518Z: [    0.000000] console [ttyS0] enabled
[STDERR  ] 2017-06-15T13:55:10.171560261Z: [    0.000000] allocated 2097152 bytes of page_ext
[STDERR  ] 2017-06-15T13:55:10.171568748Z: [    0.000000] clocksource: hpet: mask: 0xffffffff max_cycles: 0xffffffff, max_idle_ns: 19112604467 ns
[STDERR  ] 2017-06-15T13:55:10.171572031Z: [    0.000000] tsc: Fast TSC calibration failed
[STDERR  ] 2017-06-15T13:55:10.171584681Z: [    0.000000] tsc: Unable to calibrate against PIT
[STDERR  ] 2017-06-15T13:55:10.171589979Z: [    0.000000] tsc: using HPET reference calibration
[STDERR  ] 2017-06-15T13:55:10.171595184Z: [    0.000000] tsc: Detected 2600.048 MHz processor
[STDERR  ] 2017-06-15T13:55:10.171600965Z: [    0.051339] Calibrating delay loop (skipped), value calculated using timer frequency.. 5200.09 BogoMIPS (lpj=26000480)
[STDERR  ] 2017-06-15T13:55:10.171610597Z: [    0.060631] pid_max: default: 32768 minimum: 301
[STDERR  ] 2017-06-15T13:55:10.171615959Z: [    0.061826] ACPI: Core revision 20160831
[STDERR  ] 2017-06-15T13:55:10.171624848Z: [    0.105797] ACPI: 1 ACPI AML tables successfully acquired and loaded
[STDERR  ] 2017-06-15T13:55:10.171634295Z: [    0.109609] Security Framework initialized
[STDERR  ] 2017-06-15T13:55:10.171639804Z: [    0.110125] Yama: becoming mindful.
[STDERR  ] 2017-06-15T13:55:10.171648724Z: [    0.112133] Mount-cache hash table entries: 2048 (order: 2, 16384 bytes)
[STDERR  ] 2017-06-15T13:55:10.171654041Z: [    0.112900] Mountpoint-cache hash table entries: 2048 (order: 2, 16384 bytes)
[STDERR  ] 2017-06-15T13:55:10.171659641Z: [    0.132122] Last level iTLB entries: 4KB 0, 2MB 0, 4MB 0
[STDERR  ] 2017-06-15T13:55:10.171665667Z: [    0.132850] Last level dTLB entries: 4KB 0, 2MB 0, 4MB 0, 1GB 0
[STDERR  ] 2017-06-15T13:55:10.171672601Z: [    0.498436] Freeing SMP alternatives memory: 24K (ffffffffa70fc000 - ffffffffa7102000)
[STDERR  ] 2017-06-15T13:55:10.171681997Z: [    0.508244] ftrace: allocating 41866 entries in 164 pages
[STDERR  ] 2017-06-15T13:55:10.171689951Z: [    0.702302] smpboot: Max logical packages: 1
[STDERR  ] 2017-06-15T13:55:10.171695161Z: [    0.707810] ..TIMER: vector=0x30 apic1=0 pin1=2 apic2=-1 pin2=-1
[STDERR  ] 2017-06-15T13:55:10.171704418Z: [    0.810000] smpboot: CPU0: AMD QEMU Virtual CPU version 2.5+ (family: 0x6, model: 0x6, stepping: 0x3)
[STDERR  ] 2017-06-15T13:55:10.171713712Z: [    0.810000] Performance Events: PMU not available due to virtualization, using software events only.
[STDERR  ] 2017-06-15T13:55:10.171717831Z: [    0.820245] NMI watchdog: disabled (cpu0): hardware events not enabled
[STDERR  ] 2017-06-15T13:55:10.171725699Z: [    0.820981] NMI watchdog: Shutting down hard lockup detector on all cpus
[STDERR  ] 2017-06-15T13:55:10.171731959Z: [    0.823859] x86: Booted up 1 node, 1 CPUs
[STDERR  ] 2017-06-15T13:55:10.171737377Z: [    0.824365] smpboot: Total of 1 processors activated (5200.09 BogoMIPS)
[STDERR  ] 2017-06-15T13:55:10.171743048Z: [    0.839004] devtmpfs: initialized
[STDERR  ] 2017-06-15T13:55:10.171748397Z: [    0.846920] x86/mm: Memory block size: 128MB
[STDERR  ] 2017-06-15T13:55:10.171751092Z: [    0.916535] clocksource: jiffies: mask: 0xffffffff max_cycles: 0xffffffff, max_idle_ns: 19112604462750000 ns
[STDERR  ] 2017-06-15T13:55:10.171759807Z: [    0.917961] futex hash table entries: 256 (order: 2, 16384 bytes)
[STDERR  ] 2017-06-15T13:55:10.171762529Z: [    0.926447] NET: Registered protocol family 16
[STDERR  ] 2017-06-15T13:55:10.171770364Z: [    0.936437] cpuidle: using governor ladder
[STDERR  ] 2017-06-15T13:55:10.171777141Z: [    0.937227] cpuidle: using governor menu
[STDERR  ] 2017-06-15T13:55:10.171782397Z: [    0.938636] ACPI: bus type PCI registered
[STDERR  ] 2017-06-15T13:55:10.171791189Z: [    0.941825] PCI: MMCONFIG for domain 0000 [bus 00-ff] at [mem 0xb0000000-0xbfffffff] (base 0xb0000000)
[STDERR  ] 2017-06-15T13:55:10.171794327Z: [    0.942995] PCI: MMCONFIG at [mem 0xb0000000-0xbfffffff] reserved in E820
[STDERR  ] 2017-06-15T13:55:10.171802165Z: [    0.944561] PCI: Using configuration type 1 for base access
[STDERR  ] 2017-06-15T13:55:10.171805062Z: [    1.012449] HugeTLB registered 2 MB page size, pre-allocated 0 pages
[STDERR  ] 2017-06-15T13:55:10.171810211Z: [    1.025849] ACPI: Added _OSI(Module Device)
[STDERR  ] 2017-06-15T13:55:10.171818151Z: [    1.026421] ACPI: Added _OSI(Processor Device)
[STDERR  ] 2017-06-15T13:55:10.171820901Z: [    1.026858] ACPI: Added _OSI(3.0 _SCP Extensions)
[STDERR  ] 2017-06-15T13:55:10.171826085Z: [    1.027277] ACPI: Added _OSI(Processor Aggregator Device)
[STDERR  ] 2017-06-15T13:55:10.171833948Z: [    1.103761] ACPI: Interpreter enabled
[STDERR  ] 2017-06-15T13:55:10.171839077Z: [    1.104953] ACPI: (supports S0 S5)
[STDERR  ] 2017-06-15T13:55:10.171844345Z: [    1.105359] ACPI: Using IOAPIC for interrupt routing
[STDERR  ] 2017-06-15T13:55:10.171847094Z: [    1.107632] PCI: Using host bridge windows from ACPI; if necessary, use "pci=nocrs" and report a bug
[STDERR  ] 2017-06-15T13:55:10.171856057Z: [    1.174595] ACPI: PCI Root Bridge [PCI0] (domain 0000 [bus 00-ff])
[STDERR  ] 2017-06-15T13:55:10.171862395Z: [    1.176022] acpi PNP0A08:00: _OSC: OS supports [ExtendedConfig ASPM ClockPM Segments MSI]
[STDERR  ] 2017-06-15T13:55:10.171870474Z: [    1.182591] acpi PNP0A08:00: _OSC: OS now controls [PCIeHotplug PME PCIeCapability]
[STDERR  ] 2017-06-15T13:55:10.171875771Z: [    1.187271] PCI host bridge to bus 0000:00
[STDERR  ] 2017-06-15T13:55:10.171881122Z: [    1.188039] pci_bus 0000:00: root bus resource [io  0x0000-0x0cf7 window]
[STDERR  ] 2017-06-15T13:55:10.171886349Z: [    1.188683] pci_bus 0000:00: root bus resource [io  0x0d00-0xffff window]
[STDERR  ] 2017-06-15T13:55:10.171891715Z: [    1.189341] pci_bus 0000:00: root bus resource [mem 0x000a0000-0x000bffff window]
[STDERR  ] 2017-06-15T13:55:10.171896949Z: [    1.190225] pci_bus 0000:00: root bus resource [mem 0xc0000000-0xfebfffff window]
[STDERR  ] 2017-06-15T13:55:10.171899751Z: [    1.191203] pci_bus 0000:00: root bus resource [bus 00-ff]
[STDERR  ] 2017-06-15T13:55:10.171904928Z: [    1.282532] pci 0000:00:1f.0: quirk: [io  0x0600-0x067f] claimed by ICH6 ACPI/GPIO/TCO
[STDERR  ] 2017-06-15T13:55:10.171912927Z: [    1.348193] ACPI: PCI Interrupt Link [LNKA] (IRQs 5 *10 11)
[STDERR  ] 2017-06-15T13:55:10.171921185Z: [    1.351894] ACPI: PCI Interrupt Link [LNKB] (IRQs 5 *10 11)
[STDERR  ] 2017-06-15T13:55:10.171929305Z: [    1.354176] ACPI: PCI Interrupt Link [LNKC] (IRQs 5 10 *11)
[STDERR  ] 2017-06-15T13:55:10.171935311Z: [    1.356624] ACPI: PCI Interrupt Link [LNKD] (IRQs 5 10 *11)
[STDERR  ] 2017-06-15T13:55:10.171943104Z: [    1.359303] ACPI: PCI Interrupt Link [LNKE] (IRQs 5 *10 11)
[STDERR  ] 2017-06-15T13:55:10.171945722Z: [    1.361829] ACPI: PCI Interrupt Link [LNKF] (IRQs 5 *10 11)
[STDERR  ] 2017-06-15T13:55:10.171953409Z: [    1.363993] ACPI: PCI Interrupt Link [LNKG] (IRQs 5 10 *11)
[STDERR  ] 2017-06-15T13:55:10.171956164Z: [    1.366145] ACPI: PCI Interrupt Link [LNKH] (IRQs 5 10 *11)
[STDERR  ] 2017-06-15T13:55:10.171961339Z: [    1.367425] ACPI: PCI Interrupt Link [GSIA] (IRQs *16)
[STDERR  ] 2017-06-15T13:55:10.171969171Z: [    1.368387] ACPI: PCI Interrupt Link [GSIB] (IRQs *17)
[STDERR  ] 2017-06-15T13:55:10.171977768Z: [    1.369288] ACPI: PCI Interrupt Link [GSIC] (IRQs *18)
[STDERR  ] 2017-06-15T13:55:10.171982921Z: [    1.370637] ACPI: PCI Interrupt Link [GSID] (IRQs *19)
[STDERR  ] 2017-06-15T13:55:10.171988017Z: [    1.371538] ACPI: PCI Interrupt Link [GSIE] (IRQs *20)
[STDERR  ] 2017-06-15T13:55:10.171990869Z: [    1.372426] ACPI: PCI Interrupt Link [GSIF] (IRQs *21)
[STDERR  ] 2017-06-15T13:55:10.171998502Z: [    1.373319] ACPI: PCI Interrupt Link [GSIG] (IRQs *22)
[STDERR  ] 2017-06-15T13:55:10.172001144Z: [    1.374225] ACPI: PCI Interrupt Link [GSIH] (IRQs *23)
[STDERR  ] 2017-06-15T13:55:10.172008869Z: [    1.378271] ACPI: Enabled 2 GPEs in block 00 to 3F
[STDERR  ] 2017-06-15T13:55:10.172011762Z: [    1.384865] SCSI subsystem initialized
[STDERR  ] 2017-06-15T13:55:10.172016841Z: [    1.389313] pps_core: LinuxPPS API ver. 1 registered
[STDERR  ] 2017-06-15T13:55:10.172025144Z: [    1.390289] pps_core: Software ver. 5.3.6 - Copyright 2005-2007 Rodolfo Giometti <giometti@linux.it>
[STDERR  ] 2017-06-15T13:55:10.172037381Z: [    1.391732] PTP clock support registered
[STDERR  ] 2017-06-15T13:55:10.172043068Z: [    1.393310] wmi: Mapper loaded
[STDERR  ] 2017-06-15T13:55:10.172048525Z: [    1.394838] PCI: Using ACPI for IRQ routing
[STDERR  ] 2017-06-15T13:55:10.172053889Z: [    1.416866] NetLabel: Initializing
[STDERR  ] 2017-06-15T13:55:10.172059469Z: [    1.417439] NetLabel:  domain hash size = 128
[STDERR  ] 2017-06-15T13:55:10.172064689Z: [    1.417908] NetLabel:  protocols = UNLABELED CIPSOv4
[STDERR  ] 2017-06-15T13:55:10.172067457Z: [    1.420588] NetLabel:  unlabeled traffic allowed by default
[STDERR  ] 2017-06-15T13:55:10.172075114Z: [    1.422126] HPET: 3 timers in total, 0 timers will be used for per-cpu timer
[STDERR  ] 2017-06-15T13:55:10.172080394Z: [    1.423258] hpet0: at MMIO 0xfed00000, IRQs 2, 8, 0
[STDERR  ] 2017-06-15T13:55:10.172085734Z: [    1.423947] hpet0: 3 comparators, 64-bit 100.000000 MHz counter
[STDERR  ] 2017-06-15T13:55:10.172088408Z: [    1.429706] clocksource: Switched to clocksource hpet
[STDERR  ] 2017-06-15T13:55:10.172096274Z: [    1.715029] VFS: Disk quotas dquot_6.6.0
[STDERR  ] 2017-06-15T13:55:10.172101649Z: [    1.716141] VFS: Dquot-cache hash table entries: 512 (order 0, 4096 bytes)
[STDERR  ] 2017-06-15T13:55:10.172107171Z: [    1.719225] FS-Cache: Loaded
[STDERR  ] 2017-06-15T13:55:10.172116418Z: [    1.725207] CacheFiles: Loaded
[STDERR  ] 2017-06-15T13:55:10.172121677Z: [    1.727168] pnp: PnP ACPI init
[STDERR  ] 2017-06-15T13:55:10.172126867Z: [    1.739682] pnp: PnP ACPI: found 5 devices
[STDERR  ] 2017-06-15T13:55:10.172136269Z: [    1.791668] clocksource: acpi_pm: mask: 0xffffff max_cycles: 0xffffff, max_idle_ns: 2085701024 ns
[STDERR  ] 2017-06-15T13:55:10.172144794Z: [    1.795201] NET: Registered protocol family 2
[STDERR  ] 2017-06-15T13:55:10.172153219Z: [    1.802900] TCP established hash table entries: 8192 (order: 4, 65536 bytes)
[STDERR  ] 2017-06-15T13:55:10.172162034Z: [    1.804159] TCP bind hash table entries: 8192 (order: 5, 131072 bytes)
[STDERR  ] 2017-06-15T13:55:10.172168915Z: [    1.805620] TCP: Hash tables configured (established 8192 bind 8192)
[STDERR  ] 2017-06-15T13:55:10.172189684Z: [    1.807498] UDP hash table entries: 512 (order: 2, 16384 bytes)
[STDERR  ] 2017-06-15T13:55:10.172192691Z: [    1.809005] UDP-Lite hash table entries: 512 (order: 2, 16384 bytes)
[STDERR  ] 2017-06-15T13:55:10.172200699Z: [    1.811984] NET: Registered protocol family 1
[STDERR  ] 2017-06-15T13:55:10.172203448Z: [    1.816072] RPC: Registered named UNIX socket transport module.
[STDERR  ] 2017-06-15T13:55:10.172208587Z: [    1.816763] RPC: Registered udp transport module.
[STDERR  ] 2017-06-15T13:55:10.172216457Z: [    1.817363] RPC: Registered tcp transport module.
[STDERR  ] 2017-06-15T13:55:10.172221692Z: [    1.817993] RPC: Registered tcp NFSv4.1 backchannel transport module.
[STDERR  ] 2017-06-15T13:55:10.172227037Z: [    1.819173] pci 0000:00:01.0: Video device with shadowed ROM at [mem 0x000c0000-0x000dffff]
[STDERR  ] 2017-06-15T13:55:10.172229982Z: [    1.828657] Unpacking initramfs...
[STDERR  ] 2017-06-15T13:55:10.172235087Z: [    8.846198] Freeing initrd memory: 35152K (ffff8b6b7dd7c000 - ffff8b6b7ffd0000)
[STDERR  ] 2017-06-15T13:55:10.172242864Z: [    8.870718] PCLMULQDQ-NI instructions are not detected.
[STDERR  ] 2017-06-15T13:55:10.172248017Z: [    8.872327] AVX or AES-NI instructions are not detected.
[STDERR  ] 2017-06-15T13:55:10.172261385Z: [    8.873028] CPU feature 'AVX registers' is not supported.
[STDERR  ] 2017-06-15T13:55:10.172266841Z: [    8.873589] CPU feature 'AVX registers' is not supported.
[STDERR  ] 2017-06-15T13:55:10.172272022Z: [    8.874206] CPU feature 'AVX registers' is not supported.
[STDERR  ] 2017-06-15T13:55:10.172277181Z: [    8.874827] CPU feature 'AVX registers' is not supported.
[STDERR  ] 2017-06-15T13:55:10.172282382Z: [    8.875392] AVX2 or AES-NI instructions are not detected.
[STDERR  ] 2017-06-15T13:55:10.172287569Z: [    8.875912] AVX2 instructions are not detected.
[STDERR  ] 2017-06-15T13:55:10.172290299Z: [    8.883282] audit: initializing netlink subsys (disabled)
[STDERR  ] 2017-06-15T13:55:10.172298025Z: [    8.885054] audit: type=2000 audit(1497534887.880:1): initialized
[STDERR  ] 2017-06-15T13:55:10.172303252Z: [    8.895714] workingset: timestamp_bits=46 max_order=18 bucket_order=0
[STDERR  ] 2017-06-15T13:55:10.172305899Z: [    8.901759] FS-Cache: Netfs 'nfs' registered for caching
[STDERR  ] 2017-06-15T13:55:10.172313711Z: [    8.904210] NFS: Registering the id_resolver key type
[STDERR  ] 2017-06-15T13:55:10.172318969Z: [    8.905750] Key type id_resolver registered
[STDERR  ] 2017-06-15T13:55:10.172324252Z: [    8.906212] Key type id_legacy registered
[STDERR  ] 2017-06-15T13:55:10.172329424Z: [    8.906884] nfs4filelayout_init: NFSv4 File Layout Driver Registering...
[STDERR  ] 2017-06-15T13:55:10.172332208Z: [    8.908334] Installing knfsd (copyright (C) 1996 okir@monad.swb.de).
[STDERR  ] 2017-06-15T13:55:10.172337235Z: [    8.912779] FS-Cache: Netfs 'cifs' registered for caching
[STDERR  ] 2017-06-15T13:55:10.172345114Z: [    8.914074] ntfs: driver 2.1.32 [Flags: R/O].
[STDERR  ] 2017-06-15T13:55:10.172350487Z: [    8.914827] fuse init (API version 7.26)
[STDERR  ] 2017-06-15T13:55:10.172355761Z: [    8.917393] SGI XFS with ACLs, security attributes, no debug enabled
[STDERR  ] 2017-06-15T13:55:10.172365167Z: [    8.922318] 9p: Installing v9fs 9p2000 file system support
[STDERR  ] 2017-06-15T13:55:10.172367994Z: [    8.923203] FS-Cache: Netfs '9p' registered for caching
[STDERR  ] 2017-06-15T13:55:10.172381359Z: [    8.957968] NET: Registered protocol family 38
[STDERR  ] 2017-06-15T13:55:10.172386657Z: [    8.958888] Key type asymmetric registered
[STDERR  ] 2017-06-15T13:55:10.172389277Z: [    8.959353] Asymmetric key parser 'x509' registered
[STDERR  ] 2017-06-15T13:55:10.172397067Z: [    8.961388] Block layer SCSI generic (bsg) driver version 0.4 loaded (major 251)
[STDERR  ] 2017-06-15T13:55:10.172402401Z: [    8.963021] io scheduler noop registered
[STDERR  ] 2017-06-15T13:55:10.172407601Z: [    8.963484] io scheduler deadline registered (default)
[STDERR  ] 2017-06-15T13:55:10.172415661Z: [    8.964317] io scheduler cfq registered
[STDERR  ] 2017-06-15T13:55:10.172423708Z: [    8.967104] pci_hotplug: PCI Hot Plug PCI Core version: 0.5
[STDERR  ] 2017-06-15T13:55:10.172428945Z: [    8.967948] pciehp: PCI Express Hot Plug Controller Driver version: 0.4
[STDERR  ] 2017-06-15T13:55:10.172434127Z: [    8.969135] shpchp: Standard Hot Plug PCI Controller Driver version: 0.4
[STDERR  ] 2017-06-15T13:55:10.172436864Z: [    8.971359] hv_vmbus: registering driver hyperv_fb
[STDERR  ] 2017-06-15T13:55:10.172441975Z: [    8.974757] input: Power Button as /devices/LNXSYSTM:00/LNXPWRBN:00/input/input0
[STDERR  ] 2017-06-15T13:55:10.172449781Z: [    8.976161] ACPI: Power Button [PWRF]
[STDERR  ] 2017-06-15T13:55:10.172454915Z: [    8.981586] GHES: HEST is not enabled!
[STDERR  ] 2017-06-15T13:55:10.172460221Z: [    8.993663] ACPI: PCI Interrupt Link [GSIH] enabled at IRQ 23
[STDERR  ] 2017-06-15T13:55:10.172465481Z: [    9.000896] xenfs: not registering filesystem on non-xen platform
[STDERR  ] 2017-06-15T13:55:10.172470682Z: [    9.003327] Serial: 8250/16550 driver, 4 ports, IRQ sharing disabled
[STDERR  ] 2017-06-15T13:55:10.172475895Z: [    9.030029] 00:04: ttyS0 at I/O 0x3f8 (irq = 4, base_baud = 115200) is a 16550A
[STDERR  ] 2017-06-15T13:55:10.172481208Z: [    9.037944] Initializing Nozomi driver 2.1d
[STDERR  ] 2017-06-15T13:55:10.172486467Z: [    9.042933] Non-volatile memory driver v1.3
[STDERR  ] 2017-06-15T13:55:10.172498765Z: [    9.049400] Hangcheck: starting hangcheck timer 0.9.1 (tick is 180 seconds, margin is 60 seconds).
[STDERR  ] 2017-06-15T13:55:10.172504799Z: [    9.090340] loop: module loaded
[STDERR  ] 2017-06-15T13:55:10.172510038Z: [    9.106147] nbd: registered device at major 43
[STDERR  ] 2017-06-15T13:55:10.172515275Z: [    9.150068] lpc_ich 0000:00:1f.0: I/O space for GPIO uninitialized
[STDERR  ] 2017-06-15T13:55:10.172524315Z: [    9.152394] VMware PVSCSI driver - version 1.0.7.0-k
[STDERR  ] 2017-06-15T13:55:10.172529675Z: [    9.153394] hv_vmbus: registering driver hv_storvsc
[STDERR  ] 2017-06-15T13:55:10.172534851Z: [    9.164228] ACPI: PCI Interrupt Link [GSIA] enabled at IRQ 16
[STDERR  ] 2017-06-15T13:55:10.172540132Z: [    9.170965] ahci 0000:00:1f.2: AHCI 0001.0000 32 slots 6 ports 1.5 Gbps 0x3f impl SATA mode
[STDERR  ] 2017-06-15T13:55:10.172545392Z: [    9.172066] ahci 0000:00:1f.2: flags: 64bit ncq only 
[STDERR  ] 2017-06-15T13:55:10.172550601Z: [    9.193853] scsi host0: ahci
[STDERR  ] 2017-06-15T13:55:10.172559698Z: [    9.197923] scsi host1: ahci
[STDERR  ] 2017-06-15T13:55:10.172564902Z: [    9.200808] scsi host2: ahci
[STDERR  ] 2017-06-15T13:55:10.172567648Z: [    9.203279] scsi host3: ahci
[STDERR  ] 2017-06-15T13:55:10.172574192Z: [    9.205707] scsi host4: ahci
[STDERR  ] 2017-06-15T13:55:10.172582175Z: [    9.208105] scsi host5: ahci
[STDERR  ] 2017-06-15T13:55:10.172587388Z: [    9.210369] ata1: SATA max UDMA/133 abar m4096@0xfebf1000 port 0xfebf1100 irq 24
[STDERR  ] 2017-06-15T13:55:10.172597015Z: [    9.211186] ata2: SATA max UDMA/133 abar m4096@0xfebf1000 port 0xfebf1180 irq 24
[STDERR  ] 2017-06-15T13:55:10.172602302Z: [    9.211893] ata3: SATA max UDMA/133 abar m4096@0xfebf1000 port 0xfebf1200 irq 24
[STDERR  ] 2017-06-15T13:55:10.172607531Z: [    9.212574] ata4: SATA max UDMA/133 abar m4096@0xfebf1000 port 0xfebf1280 irq 24
[STDERR  ] 2017-06-15T13:55:10.172612699Z: [    9.213249] ata5: SATA max UDMA/133 abar m4096@0xfebf1000 port 0xfebf1300 irq 24
[STDERR  ] 2017-06-15T13:55:10.172615419Z: [    9.213905] ata6: SATA max UDMA/133 abar m4096@0xfebf1000 port 0xfebf1380 irq 24
[STDERR  ] 2017-06-15T13:55:10.172623069Z: [    9.224395] Ethernet Channel Bonding Driver: v3.7.1 (April 27, 2011)
[STDERR  ] 2017-06-15T13:55:10.172628297Z: [    9.243660] tun: Universal TUN/TAP device driver, 1.6
[STDERR  ] 2017-06-15T13:55:10.172633514Z: [    9.244267] tun: (C) 1999-2004 Max Krasnyansky <maxk@qualcomm.com>
[STDERR  ] 2017-06-15T13:55:10.172636144Z: [    9.246254] ena: Elastic Network Adapter (ENA) v1.0.2
[STDERR  ] 2017-06-15T13:55:10.172647089Z: [    9.248302] e1000: Intel(R) PRO/1000 Network Driver - version 7.3.21-k8-NAPI
[STDERR  ] 2017-06-15T13:55:10.172656557Z: [    9.248989] e1000: Copyright (c) 1999-2006 Intel Corporation.
[STDERR  ] 2017-06-15T13:55:10.172664612Z: [    9.258453] ACPI: PCI Interrupt Link [GSIG] enabled at IRQ 22
[STDERR  ] 2017-06-15T13:55:10.172667305Z: [    9.540991] ata2: SATA link down (SStatus 0 SControl 300)
[STDERR  ] 2017-06-15T13:55:10.172675142Z: [    9.543435] ata1: SATA link down (SStatus 0 SControl 300)
[STDERR  ] 2017-06-15T13:55:10.172680352Z: [    9.551928] ata5: SATA link down (SStatus 0 SControl 300)
[STDERR  ] 2017-06-15T13:55:10.172685512Z: [    9.552908] ata4: SATA link down (SStatus 0 SControl 300)
[STDERR  ] 2017-06-15T13:55:10.172688211Z: [    9.553888] ata3: SATA link up 1.5 Gbps (SStatus 113 SControl 300)
[STDERR  ] 2017-06-15T13:55:10.172693342Z: [    9.558341] ata3.00: ATAPI: QEMU DVD-ROM, 2.5+, max UDMA/100
[STDERR  ] 2017-06-15T13:55:10.172701199Z: [    9.559112] ata3.00: applying bridge limits
[STDERR  ] 2017-06-15T13:55:10.172706377Z: [    9.560933] ata6: SATA link down (SStatus 0 SControl 300)
[STDERR  ] 2017-06-15T13:55:10.172713612Z: [    9.573255] ata3.00: configured for UDMA/100
[STDERR  ] 2017-06-15T13:55:10.172722498Z: [    9.586712] scsi 2:0:0:0: CD-ROM            QEMU     QEMU DVD-ROM     2.5+ PQ: 0 ANSI: 5
[STDERR  ] 2017-06-15T13:55:10.172730788Z: [    9.613368] sr 2:0:0:0: [sr0] scsi3-mmc drive: 4x/4x cd/rw xa/form2 tray
[STDERR  ] 2017-06-15T13:55:10.172738729Z: [    9.614515] cdrom: Uniform CD-ROM driver Revision: 3.20
[STDERR  ] 2017-06-15T13:55:10.172747195Z: [    9.621692] sr 2:0:0:0: Attached scsi generic sg0 type 5
[STDERR  ] 2017-06-15T13:55:10.172755311Z: [    9.654244] e1000 0000:00:02.0 eth0: (PCI:33MHz:32-bit) 52:54:00:12:34:56
[STDERR  ] 2017-06-15T13:55:10.172762635Z: [    9.655302] e1000 0000:00:02.0 eth0: Intel(R) PRO/1000 Network Connection
[STDERR  ] 2017-06-15T13:55:10.172770162Z: [    9.656550] e1000e: Intel(R) PRO/1000 Network Driver - 3.2.6-k
[STDERR  ] 2017-06-15T13:55:10.172777625Z: [    9.657105] e1000e: Copyright(c) 1999 - 2015 Intel Corporation.
[STDERR  ] 2017-06-15T13:55:10.172785032Z: [    9.658135] igb: Intel(R) Gigabit Ethernet Network Driver - version 5.4.0-k
[STDERR  ] 2017-06-15T13:55:10.172792778Z: [    9.658789] igb: Copyright (c) 2007-2014 Intel Corporation.
[STDERR  ] 2017-06-15T13:55:10.172807631Z: [    9.659787] igbvf: Intel(R) Gigabit Virtual Function Network Driver - version 2.4.0-k
[STDERR  ] 2017-06-15T13:55:10.172816171Z: [    9.660967] igbvf: Copyright (c) 2009 - 2012 Intel Corporation.
[STDERR  ] 2017-06-15T13:55:10.172824379Z: [    9.662118] ixgbe: Intel(R) 10 Gigabit PCI Express Network Driver - version 4.4.0-k
[STDERR  ] 2017-06-15T13:55:10.172829162Z: [    9.662830] ixgbe: Copyright (c) 1999-2016 Intel Corporation.
[STDERR  ] 2017-06-15T13:55:10.172837942Z: [    9.664701] ixgbevf: Intel(R) 10 Gigabit PCI Express Virtual Function Network Driver - version 3.2.2-k
[STDERR  ] 2017-06-15T13:55:10.172850482Z: [    9.665567] ixgbevf: Copyright (c) 2009 - 2015 Intel Corporation.
[STDERR  ] 2017-06-15T13:55:10.172855698Z: [    9.667153] ixgb: Intel(R) PRO/10GbE Network Driver - version 1.0.135-k2-NAPI
[STDERR  ] 2017-06-15T13:55:10.172860888Z: [    9.667837] ixgb: Copyright (c) 1999-2008 Intel Corporation.
[STDERR  ] 2017-06-15T13:55:10.172866263Z: [    9.669142] PPP generic driver version 2.4.2
[STDERR  ] 2017-06-15T13:55:10.17287138Z: [    9.671115] PPP BSD Compression module registered
[STDERR  ] 2017-06-15T13:55:10.172874162Z: [    9.671654] PPP Deflate Compression module registered
[STDERR  ] 2017-06-15T13:55:10.17287924Z: [    9.672436] PPP MPPE Compression module registered
[STDERR  ] 2017-06-15T13:55:10.172886928Z: [    9.672959] NET: Registered protocol family 24
[STDERR  ] 2017-06-15T13:55:10.172892005Z: [    9.673755] PPTP driver version 0.8.5
[STDERR  ] 2017-06-15T13:55:10.17289469Z: [    9.674890] VMware vmxnet3 virtual NIC driver - version 1.4.a.0-k-NAPI
[STDERR  ] 2017-06-15T13:55:10.172907949Z: [    9.676420] hv_vmbus: registering driver hv_netvsc
[STDERR  ] 2017-06-15T13:55:10.172915188Z: [    9.676917] Fusion MPT base driver 3.04.20
[STDERR  ] 2017-06-15T13:55:10.172926465Z: [    9.677333] Copyright (c) 1999-2008 LSI Corporation
[STDERR  ] 2017-06-15T13:55:10.17293166Z: [    9.678112] Fusion MPT SPI Host driver 3.04.20
[STDERR  ] 2017-06-15T13:55:10.172936932Z: [    9.684500] aoe: AoE v85 initialised.
[STDERR  ] 2017-06-15T13:55:10.172942173Z: [    9.687351] i8042: PNP: PS/2 Controller [PNP0303:KBD,PNP0f13:MOU] at 0x60,0x64 irq 1,12
[STDERR  ] 2017-06-15T13:55:10.17294734Z: [    9.691866] serio: i8042 KBD port at 0x60,0x64 irq 1
[STDERR  ] 2017-06-15T13:55:10.172952485Z: [    9.693037] serio: i8042 AUX port at 0x60,0x64 irq 12
[STDERR  ] 2017-06-15T13:55:10.172957645Z: [    9.696398] hv_vmbus: registering driver hyperv_keyboard
[STDERR  ] 2017-06-15T13:55:10.172960355Z: [    9.698938] mousedev: PS/2 mouse device common for all mice
[STDERR  ] 2017-06-15T13:55:10.172965352Z: [    9.704448] input: AT Translated Set 2 keyboard as /devices/platform/i8042/serio0/input/input1
[STDERR  ] 2017-06-15T13:55:10.172973263Z: [    9.707809] input: PC Speaker as /devices/platform/pcspkr/input/input2
[STDERR  ] 2017-06-15T13:55:10.172980309Z: [    9.711772] rtc_cmos 00:00: RTC can wake from S4
[STDERR  ] 2017-06-15T13:55:10.172985532Z: [    9.715220] rtc_cmos 00:00: rtc core: registered rtc_cmos as rtc0
[STDERR  ] 2017-06-15T13:55:10.172988212Z: [    9.716654] rtc_cmos 00:00: alarms up to one day, y3k, 114 bytes nvram, hpet irqs
[STDERR  ] 2017-06-15T13:55:10.172993403Z: [    9.717667] i2c /dev entries driver
[STDERR  ] 2017-06-15T13:55:10.17300113Z: [    9.719727] device-mapper: ioctl: 4.35.0-ioctl (2016-06-23) initialised: dm-devel@redhat.com
[STDERR  ] 2017-06-15T13:55:10.173006303Z: [    9.725052] hv_utils: Registering HyperV Utility Driver
[STDERR  ] 2017-06-15T13:55:10.173009003Z: [    9.725619] hv_vmbus: registering driver hv_util
[STDERR  ] 2017-06-15T13:55:10.173016575Z: [    9.726066] hv_vmbus: registering driver hv_balloon
[STDERR  ] 2017-06-15T13:55:10.173019183Z: [    9.726861] oprofile: using NMI interrupt.
[STDERR  ] 2017-06-15T13:55:10.173033306Z: [    9.728260] GACT probability on
[STDERR  ] 2017-06-15T13:55:10.17303876Z: [    9.728895] Mirror/redirect action on
[STDERR  ] 2017-06-15T13:55:10.17304695Z: [    9.729932] Simple TC action Loaded
[STDERR  ] 2017-06-15T13:55:10.173052128Z: [    9.733974] netem: version 1.3
[STDERR  ] 2017-06-15T13:55:10.173054883Z: [    9.734378] u32 classifier
[STDERR  ] 2017-06-15T13:55:10.173062608Z: [    9.734664]     Performance counters on
[STDERR  ] 2017-06-15T13:55:10.173067778Z: [    9.735017]     input device check on
[STDERR  ] 2017-06-15T13:55:10.173072875Z: [    9.735377]     Actions configured
[STDERR  ] 2017-06-15T13:55:10.173075438Z: [    9.736130] Netfilter messages via NETLINK v0.30.
[STDERR  ] 2017-06-15T13:55:10.17309054Z: [    9.736963] nfnl_acct: registering with nfnetlink.
[STDERR  ] 2017-06-15T13:55:10.173095809Z: [    9.738450] nf_conntrack version 0.5.0 (8192 buckets, 32768 max)
[STDERR  ] 2017-06-15T13:55:10.173100986Z: [    9.741974] ctnetlink v0.93: registering with nfnetlink.
[STDERR  ] 2017-06-15T13:55:10.173106122Z: [    9.745335] nf_tables: (c) 2007-2009 Patrick McHardy <kaber@trash.net>
[STDERR  ] 2017-06-15T13:55:10.173111343Z: [    9.746474] nf_tables_compat: (c) 2012 Pablo Neira Ayuso <pablo@netfilter.org>
[STDERR  ] 2017-06-15T13:55:10.173116596Z: [    9.749196] xt_time: kernel timezone is -0000
[STDERR  ] 2017-06-15T13:55:10.17312182Z: [    9.749931] ip_set: protocol 6
[STDERR  ] 2017-06-15T13:55:10.17313096Z: [    9.751162] IPVS: Registered protocols (TCP, UDP, SCTP, AH, ESP)
[STDERR  ] 2017-06-15T13:55:10.173136338Z: [    9.752079] IPVS: Connection hash table configured (size=4096, memory=64Kbytes)
[STDERR  ] 2017-06-15T13:55:10.173139058Z: [    9.754032] IPVS: Creating netns size=2104 id=0
[STDERR  ] 2017-06-15T13:55:10.17314663Z: [    9.756878] IPVS: ipvs loaded.
[STDERR  ] 2017-06-15T13:55:10.173149353Z: [    9.757454] IPVS: [rr] scheduler registered.
[STDERR  ] 2017-06-15T13:55:10.17316572Z: [    9.757920] IPVS: [wrr] scheduler registered.
[STDERR  ] 2017-06-15T13:55:10.173174178Z: [    9.758360] IPVS: [lc] scheduler registered.
[STDERR  ] 2017-06-15T13:55:10.173179418Z: [    9.758761] IPVS: [wlc] scheduler registered.
[STDERR  ] 2017-06-15T13:55:10.173184675Z: [    9.759173] IPVS: [fo] scheduler registered.
[STDERR  ] 2017-06-15T13:55:10.173189866Z: [    9.759579] IPVS: [ovf] scheduler registered.
[STDERR  ] 2017-06-15T13:55:10.173195002Z: [    9.760737] IPVS: [lblc] scheduler registered.
[STDERR  ] 2017-06-15T13:55:10.173200126Z: [    9.761478] IPVS: [lblcr] scheduler registered.
[STDERR  ] 2017-06-15T13:55:10.173202813Z: [    9.761937] IPVS: [dh] scheduler registered.
[STDERR  ] 2017-06-15T13:55:10.173207849Z: [    9.762373] IPVS: [sh] scheduler registered.
[STDERR  ] 2017-06-15T13:55:10.173220126Z: [    9.762775] IPVS: [sed] scheduler registered.
[STDERR  ] 2017-06-15T13:55:10.173225243Z: [    9.763186] IPVS: [nq] scheduler registered.
[STDERR  ] 2017-06-15T13:55:10.173227983Z: [    9.764078] IPVS: ftp: loaded support on port[0] = 21
[STDERR  ] 2017-06-15T13:55:10.173233006Z: [    9.765170] ipip: IPv4 and MPLS over IPv4 tunneling driver
[STDERR  ] 2017-06-15T13:55:10.17324481Z: [    9.769523] gre: GRE over IPv4 demultiplexor driver
[STDERR  ] 2017-06-15T13:55:10.173253536Z: [    9.770529] ip_gre: GRE over IPv4 tunneling driver
[STDERR  ] 2017-06-15T13:55:10.173262388Z: [    9.776396] IPv4 over IPsec tunneling driver
[STDERR  ] 2017-06-15T13:55:10.173269679Z: [    9.782521] ip_tables: (C) 2000-2006 Netfilter Core Team
[STDERR  ] 2017-06-15T13:55:10.173277595Z: [    9.785961] ipt_CLUSTERIP: ClusterIP Version 0.8 loaded successfully
[STDERR  ] 2017-06-15T13:55:10.173285272Z: [    9.786993] arp_tables: arp_tables: (C) 2002 David S. Miller
[STDERR  ] 2017-06-15T13:55:10.173293982Z: [    9.789017] Initializing XFRM netlink socket
[STDERR  ] 2017-06-15T13:55:10.173303109Z: [    9.790792] NET: Registered protocol family 10
[STDERR  ] 2017-06-15T13:55:10.173312113Z: [    9.803262] mip6: Mobile IPv6
[STDERR  ] 2017-06-15T13:55:10.173334528Z: [    9.804552] ip6_tables: (C) 2000-2006 Netfilter Core Team
[STDERR  ] 2017-06-15T13:55:10.173337926Z: [    9.812789] sit: IPv6, IPv4 and MPLS over IPv4 tunneling driver
[STDERR  ] 2017-06-15T13:55:10.173343043Z: [    9.819935] ip6_gre: GRE over IPv6 tunneling driver
[STDERR  ] 2017-06-15T13:55:10.17335328Z: [    9.824336] NET: Registered protocol family 17
[STDERR  ] 2017-06-15T13:55:10.173359463Z: [    9.825215] NET: Registered protocol family 15
[STDERR  ] 2017-06-15T13:55:10.173369502Z: [    9.826334] Bridge firewalling registered
[STDERR  ] 2017-06-15T13:55:10.173374759Z: [    9.827052] Ebtables v2.0 registered
[STDERR  ] 2017-06-15T13:55:10.173379958Z: [    9.830626] l2tp_core: L2TP core driver, V2.0
[STDERR  ] 2017-06-15T13:55:10.173385209Z: [    9.831337] l2tp_ppp: PPPoL2TP kernel driver, V2.0
[STDERR  ] 2017-06-15T13:55:10.173390415Z: [    9.831814] 8021q: 802.1Q VLAN Support v1.8
[STDERR  ] 2017-06-15T13:55:10.173395605Z: [    9.833449] 9pnet: Installing 9P2000 support
[STDERR  ] 2017-06-15T13:55:10.173400722Z: [    9.834498] Key type dns_resolver registered
[STDERR  ] 2017-06-15T13:55:10.173405942Z: [    9.834977] openvswitch: Open vSwitch switching datapath
[STDERR  ] 2017-06-15T13:55:10.173411132Z: [    9.837233] mpls_gso: MPLS GSO support
[STDERR  ] 2017-06-15T13:55:10.173413808Z: [    9.838013] microcode: AMD CPU family 0x6 not supported
[STDERR  ] 2017-06-15T13:55:10.17341881Z: [    9.842311] registered taskstats version 1
[STDERR  ] 2017-06-15T13:55:10.173426568Z: [    9.921267] tsc: Refined TSC clocksource calibration: 2599.999 MHz
[STDERR  ] 2017-06-15T13:55:10.17342938Z: [    9.922249] clocksource: tsc: mask: 0xffffffffffffffff max_cycles: 0x257a3b2ad7e, max_idle_ns: 440795282337 ns
[STDERR  ] 2017-06-15T13:55:10.173438573Z: [   10.032681] Key type big_key registered
[STDERR  ] 2017-06-15T13:55:10.17344643Z: [   10.074380] Key type encrypted registered
[STDERR  ] 2017-06-15T13:55:10.173449139Z: [   10.079069] rtc_cmos 00:00: setting system clock to 2017-06-15 13:54:49 UTC (1497534889)
[STDERR  ] 2017-06-15T13:55:10.173471262Z: [   10.231596] Freeing unused kernel memory: 1456K (ffffffffa6f90000 - ffffffffa70fc000)
[STDERR  ] 2017-06-15T13:55:10.173476773Z: [   10.232521] Write protecting the kernel read-only data: 14336k
[STDERR  ] 2017-06-15T13:55:10.173479476Z: [   10.242574] Freeing unused kernel memory: 700K (ffff8b6b49951000 - ffff8b6b49a00000)
[STDERR  ] 2017-06-15T13:55:10.17348715Z: [   10.305191] Freeing unused kernel memory: 976K (ffff8b6b49d0c000 - ffff8b6b49e00000)
[STDERR  ] 2017-06-15T13:55:10.173492365Z: [   10.940863] clocksource: Switched to clocksource tsc
[STDERR  ] 2017-06-15T13:55:10.173497733Z: 
[STDERR  ] 2017-06-15T13:55:10.17350326Z: Starting containerd
[STDERR  ] 2017-06-15T13:55:10.17350838Z: 
[STDERR  ] 2017-06-15T13:55:10.173511163Z: Welcome to LinuxKit
[STDERR  ] 2017-06-15T13:55:10.173518692Z: 
[STDERR  ] 2017-06-15T13:55:10.173527722Z:                         ##         .
[STDERR  ] 2017-06-15T13:55:10.173533072Z:                   ## ## ##        ==
[STDERR  ] 2017-06-15T13:55:10.173538158Z:                ## ## ## ## ##    ===
[STDERR  ] 2017-06-15T13:55:10.173543362Z:            /"""""""""""""""""\___/ ===
[STDERR  ] 2017-06-15T13:55:10.173545936Z:       ~~~ {~~ ~~~~ ~~~ ~~~~ ~~~ ~ /  ===- ~~~
[STDERR  ] 2017-06-15T13:55:10.173553649Z:            \______ o           __/
[STDERR  ] 2017-06-15T13:55:10.173558776Z:              \    \         __/
[STDERR  ] 2017-06-15T13:55:10.173567626Z:               \____\_______/
[STDERR  ] 2017-06-15T13:55:10.17357037Z: 
[STDERR  ] 2017-06-15T13:55:10.173578285Z: [34mINFO[0m[0000] starting containerd boot...                   [34mmodule[0m=containerd
[STDERR  ] 2017-06-15T13:55:10.173585266Z: [34mINFO[0m[0000] starting debug API...                         [34mdebug[0m="/run/containerd/debug.sock" [34mmodule[0m=containerd
[STDERR  ] 2017-06-15T13:55:10.173588342Z: [34mINFO[0m[0000] loading plugin "io.containerd.content.v1.content"...  [34mmodule[0m=containerd [34mtype[0m=io.containerd.content.v1
[STDERR  ] 2017-06-15T13:55:10.173596342Z: [34mINFO[0m[0000] loading plugin "io.containerd.snapshotter.v1.btrfs"...  [34mmodule[0m=containerd [34mtype[0m=io.containerd.snapshotter.v1
[STDERR  ] 2017-06-15T13:55:10.173602056Z: [34mINFO[0m[0000] loading plugin "io.containerd.snapshotter.v1.overlayfs"...  [34mmodule[0m=containerd [34mtype[0m=io.containerd.snapshotter.v1
[STDERR  ] 2017-06-15T13:55:10.173607799Z: [34mINFO[0m[0000] loading plugin "io.containerd.differ.v1.base-diff"...  [34mmodule[0m=containerd [34mtype[0m=io.containerd.differ.v1
[STDERR  ] 2017-06-15T13:55:10.173614292Z: [34mINFO[0m[0000] loading plugin "io.containerd.metadata.v1.bolt"...  [34mmodule[0m=containerd [34mtype[0m=io.containerd.metadata.v1
[STDERR  ] 2017-06-15T13:55:10.173620259Z: [34mINFO[0m[0000] loading plugin "io.containerd.grpc.v1.containers"...  [34mmodule[0m=containerd [34mtype[0m=io.containerd.grpc.v1
[STDERR  ] 2017-06-15T13:55:10.173626099Z: [34mINFO[0m[0000] loading plugin "io.containerd.grpc.v1.content"...  [34mmodule[0m=containerd [34mtype[0m=io.containerd.grpc.v1
[STDERR  ] 2017-06-15T13:55:10.173631739Z: [34mINFO[0m[0000] loading plugin "io.containerd.grpc.v1.diff"...  [34mmodule[0m=containerd [34mtype[0m=io.containerd.grpc.v1
[STDERR  ] 2017-06-15T13:55:10.17363719Z: [34mINFO[0m[0000] loading plugin "io.containerd.monitor.v1.cgroups"...  [34mmodule[0m=containerd [34mtype[0m=io.containerd.monitor.v1
[STDERR  ] 2017-06-15T13:55:10.173642309Z: [34mINFO[0m[0000] loading plugin "io.containerd.runtime.v1.linux"...  [34mmodule[0m=containerd [34mtype[0m=io.containerd.runtime.v1
[STDERR  ] 2017-06-15T13:55:10.17364853Z: [34mINFO[0m[0000] loading plugin "io.containerd.grpc.v1.tasks"...  [34mmodule[0m=containerd [34mtype[0m=io.containerd.grpc.v1
[STDERR  ] 2017-06-15T13:55:10.173653948Z: [34mINFO[0m[0000] loading plugin "io.containerd.grpc.v1.healthcheck"...  [34mmodule[0m=containerd [34mtype[0m=io.containerd.grpc.v1
[STDERR  ] 2017-06-15T13:55:10.173666679Z: [34mINFO[0m[0000] loading plugin "io.containerd.grpc.v1.images"...  [34mmodule[0m=containerd [34mtype[0m=io.containerd.grpc.v1
[STDERR  ] 2017-06-15T13:55:10.173677335Z: [34mINFO[0m[0000] loading plugin "io.containerd.grpc.v1.namespaces"...  [34mmodule[0m=containerd [34mtype[0m=io.containerd.grpc.v1[   16.690897] random: fast init done
[STDERR  ] 2017-06-15T13:55:10.173683005Z: 
[STDERR  ] 2017-06-15T13:55:10.173688195Z: [34mINFO[0m[0000] loading plugin "io.containerd.grpc.v1.snapshots"...  [34mmodule[0m=containerd [34mtype[0m=io.containerd.grpc.v1
[STDERR  ] 2017-06-15T13:55:10.173693365Z: [34mINFO[0m[0000] loading plugin "io.containerd.grpc.v1.version"...  [34mmodule[0m=containerd [34mtype[0m=io.containerd.grpc.v1
[STDERR  ] 2017-06-15T13:55:10.173698579Z: [34mINFO[0m[0000] starting GRPC API server...                   [34mmodule[0m=containerd
[STDERR  ] 2017-06-15T13:55:10.173703678Z: [34mINFO[0m[0000] containerd successfully booted in 0.212616s   [34mmodule[0m=containerd
[STDERR  ] 2017-06-15T13:55:10.173708853Z: ca-certificates test suite PASSED
[STDERR  ] 2017-06-15T13:55:10.173714096Z:  - 000-test
[STDERR  ] 2017-06-15T13:55:10.173719286Z: [   29.284011] ACPI: Preparing to enter system sleep state S5
[STDERR  ] 2017-06-15T13:55:10.173724476Z: [   29.285680] reboot: Power down
[STDERR  ] 2017-06-15T13:55:10.173729705Z: + echo [    0.000000] Linux version 4.9.31-linuxkit (root@84baa8e89c00) (gcc version 6.2.1 20160822 (Alpine 6.2.1) ) #1 SMP Wed Jun 7 21:45:43 UTC 2017
[STDERR  ] 2017-06-15T13:55:10.173739196Z: [    0.000000] Command line: console=ttyS0 page_poison=1
[STDERR  ] 2017-06-15T13:55:10.17374448Z: [    0.000000] x86/fpu: Legacy x87 FPU detected.
[STDERR  ] 2017-06-15T13:55:10.173749526Z: [    0.000000] x86/fpu: Using 'eager' FPU context switches.
[STDERR  ] 2017-06-15T13:55:10.173754646Z: [    0.000000] e820: BIOS-provided physical RAM map:
[STDERR  ] 2017-06-15T13:55:10.1737598Z: [    0.000000] BIOS-e820: [mem 0x0000000000000000-0x000000000009fbff] usable
[STDERR  ] 2017-06-15T13:55:10.173766429Z: [    0.000000] BIOS-e820: [mem 0x000000000009fc00-0x000000000009ffff] reserved
[STDERR  ] 2017-06-15T13:55:10.173772425Z: [    0.000000] BIOS-e820: [mem 0x00000000000f0000-0x00000000000fffff] reserved
[STDERR  ] 2017-06-15T13:55:10.173777625Z: [    0.000000] BIOS-e820: [mem 0x0000000000100000-0x000000003ffdefff] usable
[STDERR  ] 2017-06-15T13:55:10.173785349Z: [    0.000000] BIOS-e820: [mem 0x000000003ffdf000-0x000000003fffffff] reserved
[STDERR  ] 2017-06-15T13:55:10.173788049Z: [    0.000000] BIOS-e820: [mem 0x00000000b0000000-0x00000000bfffffff] reserved
[STDERR  ] 2017-06-15T13:55:10.173793102Z: [    0.000000] BIOS-e820: [mem 0x00000000fed1c000-0x00000000fed1ffff] reserved
[STDERR  ] 2017-06-15T13:55:10.173800726Z: [    0.000000] BIOS-e820: [mem 0x00000000fffc0000-0x00000000ffffffff] reserved
[STDERR  ] 2017-06-15T13:55:10.173803403Z: [    0.000000] NX (Execute Disable) protection: active
[STDERR  ] 2017-06-15T13:55:10.173814665Z: [    0.000000] SMBIOS 2.8 present.
[STDERR  ] 2017-06-15T13:55:10.173817268Z: [    0.000000] e820: last_pfn = 0x3ffdf max_arch_pfn = 0x400000000
[STDERR  ] 2017-06-15T13:55:10.173824973Z: [    0.000000] x86/PAT: Configuration [0-7]: WB  WC  UC- UC  WB  WC  UC- WT  
[STDERR  ] 2017-06-15T13:55:10.173827652Z: [    0.000000] found SMP MP-table at [mem 0x000f6aa0-0x000f6aaf] mapped at [ffff8b6b400f6aa0]
[STDERR  ] 2017-06-15T13:55:10.173832768Z: [    0.000000] RAMDISK: [mem 0x3dd7c000-0x3ffcffff]
[STDERR  ] 2017-06-15T13:55:10.173840526Z: [    0.000000] ACPI: Early table checksum verification disabled
[STDERR  ] 2017-06-15T13:55:10.17384561Z: [    0.000000] ACPI: RSDP 0x00000000000F68C0 000014 (v00 BOCHS )
[STDERR  ] 2017-06-15T13:55:10.173850796Z: [    0.000000] ACPI: RSDT 0x000000003FFE2404 000034 (v01 BOCHS  BXPCRSDT 00000001 BXPC 00000001)
[STDERR  ] 2017-06-15T13:55:10.173853556Z: [    0.000000] ACPI: FACP 0x000000003FFE22A4 000074 (v01 BOCHS  BXPCFACP 00000001 BXPC 00000001)
[STDERR  ] 2017-06-15T13:55:10.173864282Z: [    0.000000] ACPI: DSDT 0x000000003FFE0040 002264 (v01 BOCHS  BXPCDSDT 00000001 BXPC 00000001)
[STDERR  ] 2017-06-15T13:55:10.173875028Z: [    0.000000] ACPI: FACS 0x000000003FFE0000 000040
[STDERR  ] 2017-06-15T13:55:10.173883225Z: [    0.000000] ACPI: APIC 0x000000003FFE2318 000078 (v01 BOCHS  BXPCAPIC 00000001 BXPC 00000001)
[STDERR  ] 2017-06-15T13:55:10.173892316Z: [    0.000000] ACPI: HPET 0x000000003FFE2390 000038 (v01 BOCHS  BXPCHPET 00000001 BXPC 00000001)
[STDERR  ] 2017-06-15T13:55:10.173897625Z: [    0.000000] ACPI: MCFG 0x000000003FFE23C8 00003C (v01 BOCHS  BXPCMCFG 00000001 BXPC 00000001)
[STDERR  ] 2017-06-15T13:55:10.173902732Z: [    0.000000] Zone ranges:
[STDERR  ] 2017-06-15T13:55:10.173907888Z: [    0.000000]   DMA      [mem 0x0000000000001000-0x0000000000ffffff]
[STDERR  ] 2017-06-15T13:55:10.173913103Z: [    0.000000]   DMA32    [mem 0x0000000001000000-0x000000003ffdefff]
[STDERR  ] 2017-06-15T13:55:10.173915812Z: [    0.000000]   Normal   empty
[STDERR  ] 2017-06-15T13:55:10.173928073Z: [    0.000000] Movable zone start for each node
[STDERR  ] 2017-06-15T13:55:10.173933456Z: [    0.000000] Early memory node ranges
[STDERR  ] 2017-06-15T13:55:10.173938619Z: [    0.000000]   node   0: [mem 0x0000000000001000-0x000000000009efff]
[STDERR  ] 2017-06-15T13:55:10.173941179Z: [    0.000000]   node   0: [mem 0x0000000000100000-0x000000003ffdefff]
[STDERR  ] 2017-06-15T13:55:10.173948818Z: [    0.000000] Initmem setup node 0 [mem 0x0000000000001000-0x000000003ffdefff]
[STDERR  ] 2017-06-15T13:55:10.173951612Z: [    0.000000] ACPI: PM-Timer IO Port: 0x608
[STDERR  ] 2017-06-15T13:55:10.173966728Z: [    0.000000] ACPI: LAPIC_NMI (acpi_id[0xff] dfl dfl lint[0x1])
[STDERR  ] 2017-06-15T13:55:10.173971893Z: [    0.000000] IOAPIC[0]: apic_id 0, version 32, address 0xfec00000, GSI 0-23
[STDERR  ] 2017-06-15T13:55:10.173978359Z: [    0.000000] ACPI: INT_SRC_OVR (bus 0 bus_irq 0 global_irq 2 dfl dfl)
[STDERR  ] 2017-06-15T13:55:10.173986083Z: [    0.000000] ACPI: INT_SRC_OVR (bus 0 bus_irq 5 global_irq 5 high level)
[STDERR  ] 2017-06-15T13:55:10.173991175Z: [    0.000000] ACPI: INT_SRC_OVR (bus 0 bus_irq 9 global_irq 9 high level)
[STDERR  ] 2017-06-15T13:55:10.173999995Z: [    0.000000] ACPI: INT_SRC_OVR (bus 0 bus_irq 10 global_irq 10 high level)
[STDERR  ] 2017-06-15T13:55:10.174005245Z: [    0.000000] ACPI: INT_SRC_OVR (bus 0 bus_irq 11 global_irq 11 high level)
[STDERR  ] 2017-06-15T13:55:10.174010352Z: [    0.000000] Using ACPI (MADT) for SMP configuration information
[STDERR  ] 2017-06-15T13:55:10.17401306Z: [    0.000000] ACPI: HPET id: 0x8086a201 base: 0xfed00000
[STDERR  ] 2017-06-15T13:55:10.174018168Z: [    0.000000] smpboot: Allowing 1 CPUs, 0 hotplug CPUs
[STDERR  ] 2017-06-15T13:55:10.174031078Z: [    0.000000] e820: [mem 0x40000000-0xafffffff] available for PCI devices
[STDERR  ] 2017-06-15T13:55:10.174036708Z: [    0.000000] Booting paravirtualized kernel on bare hardware
[STDERR  ] 2017-06-15T13:55:10.174042232Z: [    0.000000] clocksource: refined-jiffies: mask: 0xffffffff max_cycles: 0xffffffff, max_idle_ns: 19112604462750000 ns
[STDERR  ] 2017-06-15T13:55:10.17404782Z: [    0.000000] setup_percpu: NR_CPUS:128 nr_cpumask_bits:128 nr_cpu_ids:1 nr_node_ids:1
[STDERR  ] 2017-06-15T13:55:10.174052976Z: [    0.000000] percpu: Embedded 35 pages/cpu @ffff8b6b7da00000 s105240 r8192 d29928 u2097152
[STDERR  ] 2017-06-15T13:55:10.17405565Z: [    0.000000] Built 1 zonelists in Zone order, mobility grouping on.  Total pages: 257896
[STDERR  ] 2017-06-15T13:55:10.174060656Z: [    0.000000] Kernel command line: console=ttyS0 page_poison=1
[STDERR  ] 2017-06-15T13:55:10.174070986Z: [    0.000000] PID hash table entries: 4096 (order: 3, 32768 bytes)
[STDERR  ] 2017-06-15T13:55:10.174076482Z: [    0.000000] Dentry cache hash table entries: 131072 (order: 8, 1048576 bytes)
[STDERR  ] 2017-06-15T13:55:10.17408164Z: [    0.000000] Inode-cache hash table entries: 65536 (order: 7, 524288 bytes)
[STDERR  ] 2017-06-15T13:55:10.174090272Z: [    0.000000] Memory: 976628K/1048052K available (9526K kernel code, 1595K rwdata, 3120K rodata, 1456K init, 604K bss, 71424K reserved, 0K cma-reserved)
[STDERR  ] 2017-06-15T13:55:10.174100532Z: [    0.000000] Hierarchical RCU implementation.
[STDERR  ] 2017-06-15T13:55:10.174103256Z: [    0.000000] 	Build-time adjustment of leaf fanout to 64.
[STDERR  ] 2017-06-15T13:55:10.174112223Z: [    0.000000] 	RCU restricting CPUs from NR_CPUS=128 to nr_cpu_ids=1.
[STDERR  ] 2017-06-15T13:55:10.174114873Z: [    0.000000] RCU: Adjusting geometry for rcu_fanout_leaf=64, nr_cpu_ids=1
[STDERR  ] 2017-06-15T13:55:10.174122728Z: [    0.000000] NR_IRQS:8448 nr_irqs:256 16
[STDERR  ] 2017-06-15T13:55:10.174127909Z: [    0.000000] Console: colour VGA+ 80x25
[STDERR  ] 2017-06-15T13:55:10.174133032Z: [    0.000000] console [ttyS0] enabled
[STDERR  ] 2017-06-15T13:55:10.174138143Z: [    0.000000] allocated 2097152 bytes of page_ext
[STDERR  ] 2017-06-15T13:55:10.174146005Z: [    0.000000] clocksource: hpet: mask: 0xffffffff max_cycles: 0xffffffff, max_idle_ns: 19112604467 ns
[STDERR  ] 2017-06-15T13:55:10.17415145Z: [    0.000000] tsc: Fast TSC calibration failed
[STDERR  ] 2017-06-15T13:55:10.174154313Z: [    0.000000] tsc: Unable to calibrate against PIT
[STDERR  ] 2017-06-15T13:55:10.174161985Z: [    0.000000] tsc: using HPET reference calibration
[STDERR  ] 2017-06-15T13:55:10.174167259Z: [    0.000000] tsc: Detected 2600.048 MHz processor
[STDERR  ] 2017-06-15T13:55:10.174172608Z: [    0.051339] Calibrating delay loop (skipped), value calculated using timer frequency.. 5200.09 BogoMIPS (lpj=26000480)
[STDERR  ] 2017-06-15T13:55:10.174175693Z: [    0.060631] pid_max: default: 32768 minimum: 301
[STDERR  ] 2017-06-15T13:55:10.17418346Z: [    0.061826] ACPI: Core revision 20160831
[STDERR  ] 2017-06-15T13:55:10.174189922Z: [    0.105797] ACPI: 1 ACPI AML tables successfully acquired and loaded
[STDERR  ] 2017-06-15T13:55:10.174195189Z: [    0.109609] Security Framework initialized
[STDERR  ] 2017-06-15T13:55:10.174203009Z: [    0.110125] Yama: becoming mindful.
[STDERR  ] 2017-06-15T13:55:10.174208223Z: [    0.112133] Mount-cache hash table entries: 2048 (order: 2, 16384 bytes)
[STDERR  ] 2017-06-15T13:55:10.174213439Z: [    0.112900] Mountpoint-cache hash table entries: 2048 (order: 2, 16384 bytes)
[STDERR  ] 2017-06-15T13:55:10.174218655Z: [    0.132122] Last level iTLB entries: 4KB 0, 2MB 0, 4MB 0
[STDERR  ] 2017-06-15T13:55:10.174227355Z: [    0.132850] Last level dTLB entries: 4KB 0, 2MB 0, 4MB 0, 1GB 0
[STDERR  ] 2017-06-15T13:55:10.174232952Z: [    0.498436] Freeing SMP alternatives memory: 24K (ffffffffa70fc000 - ffffffffa7102000)
[STDERR  ] 2017-06-15T13:55:10.174238163Z: [    0.508244] ftrace: allocating 41866 entries in 164 pages
[STDERR  ] 2017-06-15T13:55:10.17424344Z: [    0.702302] smpboot: Max logical packages: 1
[STDERR  ] 2017-06-15T13:55:10.174248692Z: [    0.707810] ..TIMER: vector=0x30 apic1=0 pin1=2 apic2=-1 pin2=-1
[STDERR  ] 2017-06-15T13:55:10.174254023Z: [    0.810000] smpboot: CPU0: AMD QEMU Virtual CPU version 2.5+ (family: 0x6, model: 0x6, stepping: 0x3)
[STDERR  ] 2017-06-15T13:55:10.174259248Z: [    0.810000] Performance Events: PMU not available due to virtualization, using software events only.
[STDERR  ] 2017-06-15T13:55:10.17426453Z: [    0.820245] NMI watchdog: disabled (cpu0): hardware events not enabled
[STDERR  ] 2017-06-15T13:55:10.174269759Z: [    0.820981] NMI watchdog: Shutting down hard lockup detector on all cpus
[STDERR  ] 2017-06-15T13:55:10.174272613Z: [    0.823859] x86: Booted up 1 node, 1 CPUs
[STDERR  ] 2017-06-15T13:55:10.174280375Z: [    0.824365] smpboot: Total of 1 processors activated (5200.09 BogoMIPS)
[STDERR  ] 2017-06-15T13:55:10.174283105Z: [    0.839004] devtmpfs: initialized
[STDERR  ] 2017-06-15T13:55:10.174290959Z: [    0.846920] x86/mm: Memory block size: 128MB
[STDERR  ] 2017-06-15T13:55:10.174296282Z: [    0.916535] clocksource: jiffies: mask: 0xffffffff max_cycles: 0xffffffff, max_idle_ns: 19112604462750000 ns
[STDERR  ] 2017-06-15T13:55:10.174301468Z: [    0.917961] futex hash table entries: 256 (order: 2, 16384 bytes)
[STDERR  ] 2017-06-15T13:55:10.174309759Z: [    0.926447] NET: Registered protocol family 16
[STDERR  ] 2017-06-15T13:55:10.174317653Z: [    0.936437] cpuidle: using governor ladder
[STDERR  ] 2017-06-15T13:55:10.174322993Z: [    0.937227] cpuidle: using governor menu
[STDERR  ] 2017-06-15T13:55:10.174328302Z: [    0.938636] ACPI: bus type PCI registered
[STDERR  ] 2017-06-15T13:55:10.174335919Z: [    0.941825] PCI: MMCONFIG for domain 0000 [bus 00-ff] at [mem 0xb0000000-0xbfffffff] (base 0xb0000000)
[STDERR  ] 2017-06-15T13:55:10.17434144Z: [    0.942995] PCI: MMCONFIG at [mem 0xb0000000-0xbfffffff] reserved in E820
[STDERR  ] 2017-06-15T13:55:10.174354335Z: [    0.944561] PCI: Using configuration type 1 for base access
[STDERR  ] 2017-06-15T13:55:10.174359746Z: [    1.012449] HugeTLB registered 2 MB page size, pre-allocated 0 pages
[STDERR  ] 2017-06-15T13:55:10.174365028Z: [    1.025849] ACPI: Added _OSI(Module Device)
[STDERR  ] 2017-06-15T13:55:10.174370243Z: [    1.026421] ACPI: Added _OSI(Processor Device)
[STDERR  ] 2017-06-15T13:55:10.17437305Z: [    1.026858] ACPI: Added _OSI(3.0 _SCP Extensions)
[STDERR  ] 2017-06-15T13:55:10.174380812Z: [    1.027277] ACPI: Added _OSI(Processor Aggregator Device)
[STDERR  ] 2017-06-15T13:55:10.174383442Z: [    1.103761] ACPI: Interpreter enabled
[STDERR  ] 2017-06-15T13:55:10.17439143Z: [    1.104953] ACPI: (supports S0 S5)
[STDERR  ] 2017-06-15T13:55:10.174396663Z: [    1.105359] ACPI: Using IOAPIC for interrupt routing
[STDERR  ] 2017-06-15T13:55:10.17440192Z: [    1.107632] PCI: Using host bridge windows from ACPI; if necessary, use "pci=nocrs" and report a bug
[STDERR  ] 2017-06-15T13:55:10.174410979Z: [    1.174595] ACPI: PCI Root Bridge [PCI0] (domain 0000 [bus 00-ff])
[STDERR  ] 2017-06-15T13:55:10.174416416Z: [    1.176022] acpi PNP0A08:00: _OSC: OS supports [ExtendedConfig ASPM ClockPM Segments MSI]
[STDERR  ] 2017-06-15T13:55:10.174421735Z: [    1.182591] acpi PNP0A08:00: _OSC: OS now controls [PCIeHotplug PME PCIeCapability]
[STDERR  ] 2017-06-15T13:55:10.1744272Z: [    1.187271] PCI host bridge to bus 0000:00
[STDERR  ] 2017-06-15T13:55:10.174432423Z: [    1.188039] pci_bus 0000:00: root bus resource [io  0x0000-0x0cf7 window]
[STDERR  ] 2017-06-15T13:55:10.174437665Z: [    1.188683] pci_bus 0000:00: root bus resource [io  0x0d00-0xffff window]
[STDERR  ] 2017-06-15T13:55:10.174442845Z: [    1.189341] pci_bus 0000:00: root bus resource [mem 0x000a0000-0x000bffff window]
[STDERR  ] 2017-06-15T13:55:10.174448029Z: [    1.190225] pci_bus 0000:00: root bus resource [mem 0xc0000000-0xfebfffff window]
[STDERR  ] 2017-06-15T13:55:10.174453276Z: [    1.191203] pci_bus 0000:00: root bus resource [bus 00-ff]
[STDERR  ] 2017-06-15T13:55:10.174458509Z: [    1.282532] pci 0000:00:1f.0: quirk: [io  0x0600-0x067f] claimed by ICH6 ACPI/GPIO/TCO
[STDERR  ] 2017-06-15T13:55:10.174465165Z: [    1.348193] ACPI: PCI Interrupt Link [LNKA] (IRQs 5 *10 11)
[STDERR  ] 2017-06-15T13:55:10.174470416Z: [    1.351894] ACPI: PCI Interrupt Link [LNKB] (IRQs 5 *10 11)
[STDERR  ] 2017-06-15T13:55:10.174475583Z: [    1.354176] ACPI: PCI Interrupt Link [LNKC] (IRQs 5 10 *11)
[STDERR  ] 2017-06-15T13:55:10.174478339Z: [    1.356624] ACPI: PCI Interrupt Link [LNKD] (IRQs 5 10 *11)
[STDERR  ] 2017-06-15T13:55:10.174491306Z: [    1.359303] ACPI: PCI Interrupt Link [LNKE] (IRQs 5 *10 11)
[STDERR  ] 2017-06-15T13:55:10.174496642Z: [    1.361829] ACPI: PCI Interrupt Link [LNKF] (IRQs 5 *10 11)
[STDERR  ] 2017-06-15T13:55:10.1744993Z: [    1.363993] ACPI: PCI Interrupt Link [LNKG] (IRQs 5 10 *11)
[STDERR  ] 2017-06-15T13:55:10.174510397Z: [    1.366145] ACPI: PCI Interrupt Link [LNKH] (IRQs 5 10 *11)
[STDERR  ] 2017-06-15T13:55:10.174515676Z: [    1.367425] ACPI: PCI Interrupt Link [GSIA] (IRQs *16)
[STDERR  ] 2017-06-15T13:55:10.174520974Z: [    1.368387] ACPI: PCI Interrupt Link [GSIB] (IRQs *17)
[STDERR  ] 2017-06-15T13:55:10.174523736Z: [    1.369288] ACPI: PCI Interrupt Link [GSIC] (IRQs *18)
[STDERR  ] 2017-06-15T13:55:10.174528901Z: [    1.370637] ACPI: PCI Interrupt Link [GSID] (IRQs *19)
[STDERR  ] 2017-06-15T13:55:10.174539789Z: [    1.371538] ACPI: PCI Interrupt Link [GSIE] (IRQs *20)
[STDERR  ] 2017-06-15T13:55:10.174547983Z: [    1.372426] ACPI: PCI Interrupt Link [GSIF] (IRQs *21)
[STDERR  ] 2017-06-15T13:55:10.174557727Z: [    1.373319] ACPI: PCI Interrupt Link [GSIG] (IRQs *22)
[STDERR  ] 2017-06-15T13:55:10.174563183Z: [    1.374225] ACPI: PCI Interrupt Link [GSIH] (IRQs *23)
[STDERR  ] 2017-06-15T13:55:10.174568463Z: [    1.378271] ACPI: Enabled 2 GPEs in block 00 to 3F
[STDERR  ] 2017-06-15T13:55:10.174573709Z: [    1.384865] SCSI subsystem initialized
[STDERR  ] 2017-06-15T13:55:10.1745789Z: [    1.389313] pps_core: LinuxPPS API ver. 1 registered
[STDERR  ] 2017-06-15T13:55:10.174584231Z: [    1.390289] pps_core: Software ver. 5.3.6 - Copyright 2005-2007 Rodolfo Giometti <giometti@linux.it>
[STDERR  ] 2017-06-15T13:55:10.17458956Z: [    1.391732] PTP clock support registered
[STDERR  ] 2017-06-15T13:55:10.174593316Z: [    1.393310] wmi: Mapper loaded
[STDERR  ] 2017-06-15T13:55:10.174601346Z: [    1.394838] PCI: Using ACPI for IRQ routing
[STDERR  ] 2017-06-15T13:55:10.17460396Z: [    1.416866] NetLabel: Initializing
[STDERR  ] 2017-06-15T13:55:10.174611816Z: [    1.417439] NetLabel:  domain hash size = 128
[STDERR  ] 2017-06-15T13:55:10.174616997Z: [    1.417908] NetLabel:  protocols = UNLABELED CIPSOv4
[STDERR  ] 2017-06-15T13:55:10.174622191Z: [    1.420588] NetLabel:  unlabeled traffic allowed by default
[STDERR  ] 2017-06-15T13:55:10.174627461Z: [    1.422126] HPET: 3 timers in total, 0 timers will be used for per-cpu timer
[STDERR  ] 2017-06-15T13:55:10.1746327Z: [    1.423258] hpet0: at MMIO 0xfed00000, IRQs 2, 8, 0
[STDERR  ] 2017-06-15T13:55:10.17464247Z: [    1.423947] hpet0: 3 comparators, 64-bit 100.000000 MHz counter
[STDERR  ] 2017-06-15T13:55:10.174647927Z: [    1.429706] clocksource: Switched to clocksource hpet
[STDERR  ] 2017-06-15T13:55:10.174653311Z: [    1.715029] VFS: Disk quotas dquot_6.6.0
[STDERR  ] 2017-06-15T13:55:10.17465856Z: [    1.716141] VFS: Dquot-cache hash table entries: 512 (order 0, 4096 bytes)
[STDERR  ] 2017-06-15T13:55:10.174661313Z: [    1.719225] FS-Cache: Loaded
[STDERR  ] 2017-06-15T13:55:10.174666531Z: [    1.725207] CacheFiles: Loaded
[STDERR  ] 2017-06-15T13:55:10.17467435Z: [    1.727168] pnp: PnP ACPI init
[STDERR  ] 2017-06-15T13:55:10.174679719Z: [    1.739682] pnp: PnP ACPI: found 5 devices
[STDERR  ] 2017-06-15T13:55:10.174684954Z: [    1.791668] clocksource: acpi_pm: mask: 0xffffff max_cycles: 0xffffff, max_idle_ns: 2085701024 ns
[STDERR  ] 2017-06-15T13:55:10.174690343Z: [    1.795201] NET: Registered protocol family 2
[STDERR  ] 2017-06-15T13:55:10.174693063Z: [    1.802900] TCP established hash table entries: 8192 (order: 4, 65536 bytes)
[STDERR  ] 2017-06-15T13:55:10.174700766Z: [    1.804159] TCP bind hash table entries: 8192 (order: 5, 131072 bytes)
[STDERR  ] 2017-06-15T13:55:10.174706031Z: [    1.805620] TCP: Hash tables configured (established 8192 bind 8192)
[STDERR  ] 2017-06-15T13:55:10.17470867Z: [    1.807498] UDP hash table entries: 512 (order: 2, 16384 bytes)
[STDERR  ] 2017-06-15T13:55:10.174720899Z: [    1.809005] UDP-Lite hash table entries: 512 (order: 2, 16384 bytes)
[STDERR  ] 2017-06-15T13:55:10.174726276Z: [    1.811984] NET: Registered protocol family 1
[STDERR  ] 2017-06-15T13:55:10.174731589Z: [    1.816072] RPC: Registered named UNIX socket transport module.
[STDERR  ] 2017-06-15T13:55:10.174736861Z: [    1.816763] RPC: Registered udp transport module.
[STDERR  ] 2017-06-15T13:55:10.174739609Z: [    1.817363] RPC: Registered tcp transport module.
[STDERR  ] 2017-06-15T13:55:10.174744747Z: [    1.817993] RPC: Registered tcp NFSv4.1 backchannel transport module.
[STDERR  ] 2017-06-15T13:55:10.174752657Z: [    1.819173] pci 0000:00:01.0: Video device with shadowed ROM at [mem 0x000c0000-0x000dffff]
[STDERR  ] 2017-06-15T13:55:10.174757947Z: [    1.828657] Unpacking initramfs...
[STDERR  ] 2017-06-15T13:55:10.1747632Z: [    8.846198] Freeing initrd memory: 35152K (ffff8b6b7dd7c000 - ffff8b6b7ffd0000)
[STDERR  ] 2017-06-15T13:55:10.17476597Z: [    8.870718] PCLMULQDQ-NI instructions are not detected.
[STDERR  ] 2017-06-15T13:55:10.1747795Z: [    8.872327] AVX or AES-NI instructions are not detected.
[STDERR  ] 2017-06-15T13:55:10.174784907Z: [    8.873028] CPU feature 'AVX registers' is not supported.
[STDERR  ] 2017-06-15T13:55:10.174787581Z: [    8.873589] CPU feature 'AVX registers' is not supported.
[STDERR  ] 2017-06-15T13:55:10.174799584Z: [    8.874206] CPU feature 'AVX registers' is not supported.
[STDERR  ] 2017-06-15T13:55:10.174804794Z: [    8.874827] CPU feature 'AVX registers' is not supported.
[STDERR  ] 2017-06-15T13:55:10.174809951Z: [    8.875392] AVX2 or AES-NI instructions are not detected.
[STDERR  ] 2017-06-15T13:55:10.17481519Z: [    8.875912] AVX2 instructions are not detected.
[STDERR  ] 2017-06-15T13:55:10.174820354Z: [    8.883282] audit: initializing netlink subsys (disabled)
[STDERR  ] 2017-06-15T13:55:10.174830184Z: [    8.885054] audit: type=2000 audit(1497534887.880:1): initialized
[STDERR  ] 2017-06-15T13:55:10.174835457Z: [    8.895714] workingset: timestamp_bits=46 max_order=18 bucket_order=0
[STDERR  ] 2017-06-15T13:55:10.174840601Z: [    8.901759] FS-Cache: Netfs 'nfs' registered for caching
[STDERR  ] 2017-06-15T13:55:10.174843339Z: [    8.904210] NFS: Registering the id_resolver key type
[STDERR  ] 2017-06-15T13:55:10.174851149Z: [    8.905750] Key type id_resolver registered
[STDERR  ] 2017-06-15T13:55:10.17486116Z: [    8.906212] Key type id_legacy registered
[STDERR  ] 2017-06-15T13:55:10.174865474Z: [    8.906884] nfs4filelayout_init: NFSv4 File Layout Driver Registering...
[STDERR  ] 2017-06-15T13:55:10.17487355Z: [    8.908334] Installing knfsd (copyright (C) 1996 okir@monad.swb.de).
[STDERR  ] 2017-06-15T13:55:10.174878843Z: [    8.912779] FS-Cache: Netfs 'cifs' registered for caching
[STDERR  ] 2017-06-15T13:55:10.174884131Z: [    8.914074] ntfs: driver 2.1.32 [Flags: R/O].
[STDERR  ] 2017-06-15T13:55:10.17488938Z: [    8.914827] fuse init (API version 7.26)
[STDERR  ] 2017-06-15T13:55:10.17489211Z: [    8.917393] SGI XFS with ACLs, security attributes, no debug enabled
[STDERR  ] 2017-06-15T13:55:10.174903757Z: [    8.922318] 9p: Installing v9fs 9p2000 file system support
[STDERR  ] 2017-06-15T13:55:10.1749117Z: [    8.923203] FS-Cache: Netfs '9p' registered for caching
[STDERR  ] 2017-06-15T13:55:10.174914481Z: [    8.957968] NET: Registered protocol family 38
[STDERR  ] 2017-06-15T13:55:10.174922374Z: [    8.958888] Key type asymmetric registered
[STDERR  ] 2017-06-15T13:55:10.174925191Z: [    8.959353] Asymmetric key parser 'x509' registered
[STDERR  ] 2017-06-15T13:55:10.174933026Z: [    8.961388] Block layer SCSI generic (bsg) driver version 0.4 loaded (major 251)
[STDERR  ] 2017-06-15T13:55:10.17493589Z: [    8.963021] io scheduler noop registered
[STDERR  ] 2017-06-15T13:55:10.174943554Z: [    8.963484] io scheduler deadline registered (default)
[STDERR  ] 2017-06-15T13:55:10.174948969Z: [    8.964317] io scheduler cfq registered
[STDERR  ] 2017-06-15T13:55:10.174954109Z: [    8.967104] pci_hotplug: PCI Hot Plug PCI Core version: 0.5
[STDERR  ] 2017-06-15T13:55:10.174959381Z: [    8.967948] pciehp: PCI Express Hot Plug Controller Driver version: 0.4
[STDERR  ] 2017-06-15T13:55:10.174964659Z: [    8.969135] shpchp: Standard Hot Plug PCI Controller Driver version: 0.4
[STDERR  ] 2017-06-15T13:55:10.174967366Z: [    8.971359] hv_vmbus: registering driver hyperv_fb
[STDERR  ] 2017-06-15T13:55:10.174975306Z: [    8.974757] input: Power Button as /devices/LNXSYSTM:00/LNXPWRBN:00/input/input0
[STDERR  ] 2017-06-15T13:55:10.174980587Z: [    8.976161] ACPI: Power Button [PWRF]
[STDERR  ] 2017-06-15T13:55:10.174983514Z: [    8.981586] GHES: HEST is not enabled!
[STDERR  ] 2017-06-15T13:55:10.174991184Z: [    8.993663] ACPI: PCI Interrupt Link [GSIH] enabled at IRQ 23
[STDERR  ] 2017-06-15T13:55:10.174996454Z: [    9.000896] xenfs: not registering filesystem on non-xen platform
[STDERR  ] 2017-06-15T13:55:10.175001669Z: [    9.003327] Serial: 8250/16550 driver, 4 ports, IRQ sharing disabled
[STDERR  ] 2017-06-15T13:55:10.175009623Z: [    9.030029] 00:04: ttyS0 at I/O 0x3f8 (irq = 4, base_baud = 115200) is a 16550A
[STDERR  ] 2017-06-15T13:55:10.175015281Z: [    9.037944] Initializing Nozomi driver 2.1d
[STDERR  ] 2017-06-15T13:55:10.175023589Z: [    9.042933] Non-volatile memory driver v1.3
[STDOUT  ] 2017-06-15T13:55:10.175076069Z: [    0.000000] Linux version 4.9.31-linuxkit (root@84baa8e89c00) (gcc version 6.2.1 20160822 (Alpine 6.2.1) ) #1 SMP Wed Jun 7 21:45:43 UTC 2017
[STDOUT  ] 2017-06-15T13:55:10.176823377Z: [    0.000000] Command line: console=ttyS0 page_poison=1
[STDOUT  ] 2017-06-15T13:55:10.176829942Z: [    0.000000] x86/fpu: Legacy x87 FPU detected.
[STDOUT  ] 2017-06-15T13:55:10.176835267Z: [    0.000000] x86/fpu: Using 'eager' FPU context switches.
[STDOUT  ] 2017-06-15T13:55:10.176846658Z: [    0.000000] e820: BIOS-provided physical RAM map:
[STDOUT  ] 2017-06-15T13:55:10.176852327Z: [    0.000000] BIOS-e820: [mem 0x0000000000000000-0x000000000009fbff] usable
[STDOUT  ] 2017-06-15T13:55:10.176857662Z: [    0.000000] BIOS-e820: [mem 0x000000000009fc00-0x000000000009ffff] reserved
[STDOUT  ] 2017-06-15T13:55:10.176860461Z: [    0.000000] BIOS-e820: [mem 0x00000000000f0000-0x00000000000fffff] reserved
[STDOUT  ] 2017-06-15T13:55:10.176865642Z: [    0.000000] BIOS-e820: [mem 0x0000000000100000-0x000000003ffdefff] usable
[STDOUT  ] 2017-06-15T13:55:10.176873455Z: [    0.000000] BIOS-e820: [mem 0x000000003ffdf000-0x000000003fffffff] reserved
[STDOUT  ] 2017-06-15T13:55:10.176876447Z: [    0.000000] BIOS-e820: [mem 0x00000000b0000000-0x00000000bfffffff] reserved
[STDOUT  ] 2017-06-15T13:55:10.176890517Z: [    0.000000] BIOS-e820: [mem 0x00000000fed1c000-0x00000000fed1ffff] reserved
[STDOUT  ] 2017-06-15T13:55:10.176893345Z: [    0.000000] BIOS-e820: [mem 0x00000000fffc0000-0x00000000ffffffff] reserved
[STDOUT  ] 2017-06-15T13:55:10.1769013Z: [    0.000000] NX (Execute Disable) protection: active
[STDOUT  ] 2017-06-15T13:55:10.176906707Z: [    0.000000] SMBIOS 2.8 present.
[STDOUT  ] 2017-06-15T13:55:10.17691191Z: [    0.000000] e820: last_pfn = 0x3ffdf max_arch_pfn = 0x400000000
[STDOUT  ] 2017-06-15T13:55:10.176917311Z: [    0.000000] x86/PAT: Configuration [0-7]: WB  WC  UC- UC  WB  WC  UC- WT  
[STDOUT  ] 2017-06-15T13:55:10.176922878Z: [    0.000000] found SMP MP-table at [mem 0x000f6aa0-0x000f6aaf] mapped at [ffff8b6b400f6aa0]
[STDOUT  ] 2017-06-15T13:55:10.176933674Z: [    0.000000] RAMDISK: [mem 0x3dd7c000-0x3ffcffff]
[STDOUT  ] 2017-06-15T13:55:10.176936778Z: [    0.000000] ACPI: Early table checksum verification disabled
[STDOUT  ] 2017-06-15T13:55:10.176944622Z: [    0.000000] ACPI: RSDP 0x00000000000F68C0 000014 (v00 BOCHS )
[STDOUT  ] 2017-06-15T13:55:10.176947471Z: [    0.000000] ACPI: RSDT 0x000000003FFE2404 000034 (v01 BOCHS  BXPCRSDT 00000001 BXPC 00000001)
[STDOUT  ] 2017-06-15T13:55:10.17695887Z: [    0.000000] ACPI: FACP 0x000000003FFE22A4 000074 (v01 BOCHS  BXPCFACP 00000001 BXPC 00000001)
[STDOUT  ] 2017-06-15T13:55:10.176964291Z: [    0.000000] ACPI: DSDT 0x000000003FFE0040 002264 (v01 BOCHS  BXPCDSDT 00000001 BXPC 00000001)
[STDOUT  ] 2017-06-15T13:55:10.176969638Z: [    0.000000] ACPI: FACS 0x000000003FFE0000 000040
[STDOUT  ] 2017-06-15T13:55:10.17697485Z: [    0.000000] ACPI: APIC 0x000000003FFE2318 000078 (v01 BOCHS  BXPCAPIC 00000001 BXPC 00000001)
[STDOUT  ] 2017-06-15T13:55:10.17698002Z: [    0.000000] ACPI: HPET 0x000000003FFE2390 000038 (v01 BOCHS  BXPCHPET 00000001 BXPC 00000001)
[STDOUT  ] 2017-06-15T13:55:10.176985197Z: [    0.000000] ACPI: MCFG 0x000000003FFE23C8 00003C (v01 BOCHS  BXPCMCFG 00000001 BXPC 00000001)
[STDOUT  ] 2017-06-15T13:55:10.176990442Z: [    0.000000] Zone ranges:
[STDOUT  ] 2017-06-15T13:55:10.17699902Z: [    0.000000]   DMA      [mem 0x0000000000001000-0x0000000000ffffff]
[STDOUT  ] 2017-06-15T13:55:10.177004498Z: [    0.000000]   DMA32    [mem 0x0000000001000000-0x000000003ffdefff]
[STDOUT  ] 2017-06-15T13:55:10.177009882Z: [    0.000000]   Normal   empty
[STDOUT  ] 2017-06-15T13:55:10.177015288Z: [    0.000000] Movable zone start for each node
[STDOUT  ] 2017-06-15T13:55:10.177033084Z: [    0.000000] Early memory node ranges
[STDOUT  ] 2017-06-15T13:55:10.177042077Z: [    0.000000]   node   0: [mem 0x0000000000001000-0x000000000009efff]
[STDOUT  ] 2017-06-15T13:55:10.17704744Z: [    0.000000]   node   0: [mem 0x0000000000100000-0x000000003ffdefff]
[STDOUT  ] 2017-06-15T13:55:10.177052687Z: [    0.000000] Initmem setup node 0 [mem 0x0000000000001000-0x000000003ffdefff]
[STDOUT  ] 2017-06-15T13:55:10.177058184Z: [    0.000000] ACPI: PM-Timer IO Port: 0x608
[STDOUT  ] 2017-06-15T13:55:10.177067082Z: [    0.000000] ACPI: LAPIC_NMI (acpi_id[0xff] dfl dfl lint[0x1])
[STDOUT  ] 2017-06-15T13:55:10.177072402Z: [    0.000000] IOAPIC[0]: apic_id 0, version 32, address 0xfec00000, GSI 0-23
[STDOUT  ] 2017-06-15T13:55:10.177075131Z: [    0.000000] ACPI: INT_SRC_OVR (bus 0 bus_irq 0 global_irq 2 dfl dfl)
[STDOUT  ] 2017-06-15T13:55:10.177080184Z: [    0.000000] ACPI: INT_SRC_OVR (bus 0 bus_irq 5 global_irq 5 high level)
[STDOUT  ] 2017-06-15T13:55:10.177088117Z: [    0.000000] ACPI: INT_SRC_OVR (bus 0 bus_irq 9 global_irq 9 high level)
[STDOUT  ] 2017-06-15T13:55:10.177091011Z: [    0.000000] ACPI: INT_SRC_OVR (bus 0 bus_irq 10 global_irq 10 high level)
[STDOUT  ] 2017-06-15T13:55:10.17709891Z: [    0.000000] ACPI: INT_SRC_OVR (bus 0 bus_irq 11 global_irq 11 high level)
[STDOUT  ] 2017-06-15T13:55:10.177101557Z: [    0.000000] Using ACPI (MADT) for SMP configuration information
[STDOUT  ] 2017-06-15T13:55:10.17711247Z: [    0.000000] ACPI: HPET id: 0x8086a201 base: 0xfed00000
[STDOUT  ] 2017-06-15T13:55:10.177115238Z: [    0.000000] smpboot: Allowing 1 CPUs, 0 hotplug CPUs
[STDOUT  ] 2017-06-15T13:55:10.177122921Z: [    0.000000] e820: [mem 0x40000000-0xafffffff] available for PCI devices
[STDOUT  ] 2017-06-15T13:55:10.17712574Z: [    0.000000] Booting paravirtualized kernel on bare hardware
[STDOUT  ] 2017-06-15T13:55:10.17713422Z: [    0.000000] clocksource: refined-jiffies: mask: 0xffffffff max_cycles: 0xffffffff, max_idle_ns: 19112604462750000 ns
[STDOUT  ] 2017-06-15T13:55:10.177140131Z: [    0.000000] setup_percpu: NR_CPUS:128 nr_cpumask_bits:128 nr_cpu_ids:1 nr_node_ids:1
[STDOUT  ] 2017-06-15T13:55:10.177145475Z: [    0.000000] percpu: Embedded 35 pages/cpu @ffff8b6b7da00000 s105240 r8192 d29928 u2097152
[STDOUT  ] 2017-06-15T13:55:10.177148285Z: [    0.000000] Built 1 zonelists in Zone order, mobility grouping on.  Total pages: 257896
[STDOUT  ] 2017-06-15T13:55:10.177153674Z: [    0.000000] Kernel command line: console=ttyS0 page_poison=1
[STDOUT  ] 2017-06-15T13:55:10.177163998Z: [    0.000000] PID hash table entries: 4096 (order: 3, 32768 bytes)
[STDOUT  ] 2017-06-15T13:55:10.177169418Z: [    0.000000] Dentry cache hash table entries: 131072 (order: 8, 1048576 bytes)
[STDOUT  ] 2017-06-15T13:55:10.177174648Z: [    0.000000] Inode-cache hash table entries: 65536 (order: 7, 524288 bytes)
[STDOUT  ] 2017-06-15T13:55:10.177180671Z: [    0.000000] Memory: 976628K/1048052K available (9526K kernel code, 1595K rwdata, 3120K rodata, 1456K init, 604K bss, 71424K reserved, 0K cma-reserved)
[STDOUT  ] 2017-06-15T13:55:10.17718396Z: [    0.000000] Hierarchical RCU implementation.
[STDOUT  ] 2017-06-15T13:55:10.177191901Z: [    0.000000] 	Build-time adjustment of leaf fanout to 64.
[STDOUT  ] 2017-06-15T13:55:10.17719462Z: [    0.000000] 	RCU restricting CPUs from NR_CPUS=128 to nr_cpu_ids=1.
[STDOUT  ] 2017-06-15T13:55:10.177202507Z: [    0.000000] RCU: Adjusting geometry for rcu_fanout_leaf=64, nr_cpu_ids=1
[STDOUT  ] 2017-06-15T13:55:10.177209458Z: [    0.000000] NR_IRQS:8448 nr_irqs:256 16
[STDOUT  ] 2017-06-15T13:55:10.177214872Z: [    0.000000] Console: colour VGA+ 80x25
[STDOUT  ] 2017-06-15T13:55:10.177222751Z: [    0.000000] console [ttyS0] enabled
[STDOUT  ] 2017-06-15T13:55:10.17722791Z: [    0.000000] allocated 2097152 bytes of page_ext
[STDOUT  ] 2017-06-15T13:55:10.177233258Z: [    0.000000] clocksource: hpet: mask: 0xffffffff max_cycles: 0xffffffff, max_idle_ns: 19112604467 ns
[STDOUT  ] 2017-06-15T13:55:10.177238702Z: [    0.000000] tsc: Fast TSC calibration failed
[STDOUT  ] 2017-06-15T13:55:10.177247257Z: [    0.000000] tsc: Unable to calibrate against PIT
[STDOUT  ] 2017-06-15T13:55:10.177254825Z: [    0.000000] tsc: using HPET reference calibration
[STDOUT  ] 2017-06-15T13:55:10.177260107Z: [    0.000000] tsc: Detected 2600.048 MHz processor
[STDOUT  ] 2017-06-15T13:55:10.177265545Z: [    0.051339] Calibrating delay loop (skipped), value calculated using timer frequency.. 5200.09 BogoMIPS (lpj=26000480)
[STDOUT  ] 2017-06-15T13:55:10.177274027Z: [    0.060631] pid_max: default: 32768 minimum: 301
[STDOUT  ] 2017-06-15T13:55:10.17727938Z: [    0.061826] ACPI: Core revision 20160831
[STDOUT  ] 2017-06-15T13:55:10.17729092Z: [    0.105797] ACPI: 1 ACPI AML tables successfully acquired and loaded
[STDOUT  ] 2017-06-15T13:55:10.177293955Z: [    0.109609] Security Framework initialized
[STDOUT  ] 2017-06-15T13:55:10.177301695Z: [    0.110125] Yama: becoming mindful.
[STDOUT  ] 2017-06-15T13:55:10.177307034Z: [    0.112133] Mount-cache hash table entries: 2048 (order: 2, 16384 bytes)
[STDOUT  ] 2017-06-15T13:55:10.177312314Z: [    0.112900] Mountpoint-cache hash table entries: 2048 (order: 2, 16384 bytes)
[STDOUT  ] 2017-06-15T13:55:10.177317575Z: [    0.132122] Last level iTLB entries: 4KB 0, 2MB 0, 4MB 0
[STDOUT  ] 2017-06-15T13:55:10.177320187Z: [    0.132850] Last level dTLB entries: 4KB 0, 2MB 0, 4MB 0, 1GB 0
[STDOUT  ] 2017-06-15T13:55:10.177328184Z: [    0.498436] Freeing SMP alternatives memory: 24K (ffffffffa70fc000 - ffffffffa7102000)
[STDOUT  ] 2017-06-15T13:55:10.17733345Z: [    0.508244] ftrace: allocating 41866 entries in 164 pages
[STDOUT  ] 2017-06-15T13:55:10.177338895Z: [    0.702302] smpboot: Max logical packages: 1
[STDOUT  ] 2017-06-15T13:55:10.17734413Z: [    0.707810] ..TIMER: vector=0x30 apic1=0 pin1=2 apic2=-1 pin2=-1
[STDOUT  ] 2017-06-15T13:55:10.177349415Z: [    0.810000] smpboot: CPU0: AMD QEMU Virtual CPU version 2.5+ (family: 0x6, model: 0x6, stepping: 0x3)
[STDOUT  ] 2017-06-15T13:55:10.177354834Z: [    0.810000] Performance Events: PMU not available due to virtualization, using software events only.
[STDOUT  ] 2017-06-15T13:55:10.177360131Z: [    0.820245] NMI watchdog: disabled (cpu0): hardware events not enabled
[STDOUT  ] 2017-06-15T13:55:10.177365378Z: [    0.820981] NMI watchdog: Shutting down hard lockup detector on all cpus
[STDOUT  ] 2017-06-15T13:55:10.177370771Z: [    0.823859] x86: Booted up 1 node, 1 CPUs
[STDOUT  ] 2017-06-15T13:55:10.177373532Z: [    0.824365] smpboot: Total of 1 processors activated (5200.09 BogoMIPS)
[STDOUT  ] 2017-06-15T13:55:10.177378741Z: [    0.839004] devtmpfs: initialized
[STDOUT  ] 2017-06-15T13:55:10.177386578Z: [    0.846920] x86/mm: Memory block size: 128MB
[STDOUT  ] 2017-06-15T13:55:10.177391861Z: [    0.916535] clocksource: jiffies: mask: 0xffffffff max_cycles: 0xffffffff, max_idle_ns: 19112604462750000 ns
[STDOUT  ] 2017-06-15T13:55:10.177400318Z: [    0.917961] futex hash table entries: 256 (order: 2, 16384 bytes)
[STDOUT  ] 2017-06-15T13:55:10.177405574Z: [    0.926447] NET: Registered protocol family 16
[STDOUT  ] 2017-06-15T13:55:10.177410802Z: [    0.936437] cpuidle: using governor ladder
[STDOUT  ] 2017-06-15T13:55:10.177415951Z: [    0.937227] cpuidle: using governor menu
[STDOUT  ] 2017-06-15T13:55:10.177421284Z: [    0.938636] ACPI: bus type PCI registered
[STDOUT  ] 2017-06-15T13:55:10.177426907Z: [    0.941825] PCI: MMCONFIG for domain 0000 [bus 00-ff] at [mem 0xb0000000-0xbfffffff] (base 0xb0000000)
[STDOUT  ] 2017-06-15T13:55:10.177434897Z: [    0.942995] PCI: MMCONFIG at [mem 0xb0000000-0xbfffffff] reserved in E820
[STDOUT  ] 2017-06-15T13:55:10.177437602Z: [    0.944561] PCI: Using configuration type 1 for base access
[STDOUT  ] 2017-06-15T13:55:10.177445485Z: [    1.012449] HugeTLB registered 2 MB page size, pre-allocated 0 pages
[STDOUT  ] 2017-06-15T13:55:10.177448601Z: [    1.025849] ACPI: Added _OSI(Module Device)
[STDOUT  ] 2017-06-15T13:55:10.177453711Z: [    1.026421] ACPI: Added _OSI(Processor Device)
[STDOUT  ] 2017-06-15T13:55:10.177461577Z: [    1.026858] ACPI: Added _OSI(3.0 _SCP Extensions)
[STDOUT  ] 2017-06-15T13:55:10.177469965Z: [    1.027277] ACPI: Added _OSI(Processor Aggregator Device)
[STDOUT  ] 2017-06-15T13:55:10.177477872Z: [    1.103761] ACPI: Interpreter enabled
[STDOUT  ] 2017-06-15T13:55:10.177483192Z: [    1.104953] ACPI: (supports S0 S5)
[STDOUT  ] 2017-06-15T13:55:10.177488374Z: [    1.105359] ACPI: Using IOAPIC for interrupt routing
[STDOUT  ] 2017-06-15T13:55:10.177493721Z: [    1.107632] PCI: Using host bridge windows from ACPI; if necessary, use "pci=nocrs" and report a bug
[STDOUT  ] 2017-06-15T13:55:10.177498975Z: [    1.174595] ACPI: PCI Root Bridge [PCI0] (domain 0000 [bus 00-ff])
[STDOUT  ] 2017-06-15T13:55:10.177504311Z: [    1.176022] acpi PNP0A08:00: _OSC: OS supports [ExtendedConfig ASPM ClockPM Segments MSI]
[STDOUT  ] 2017-06-15T13:55:10.177513135Z: [    1.182591] acpi PNP0A08:00: _OSC: OS now controls [PCIeHotplug PME PCIeCapability]
[STDOUT  ] 2017-06-15T13:55:10.177520721Z: [    1.187271] PCI host bridge to bus 0000:00
[STDOUT  ] 2017-06-15T13:55:10.177525975Z: [    1.188039] pci_bus 0000:00: root bus resource [io  0x0000-0x0cf7 window]
[STDOUT  ] 2017-06-15T13:55:10.177531182Z: [    1.188683] pci_bus 0000:00: root bus resource [io  0x0d00-0xffff window]
[STDOUT  ] 2017-06-15T13:55:10.177533954Z: [    1.189341] pci_bus 0000:00: root bus resource [mem 0x000a0000-0x000bffff window]
[STDOUT  ] 2017-06-15T13:55:10.17754163Z: [    1.190225] pci_bus 0000:00: root bus resource [mem 0xc0000000-0xfebfffff window]
[STDOUT  ] 2017-06-15T13:55:10.17754434Z: [    1.191203] pci_bus 0000:00: root bus resource [bus 00-ff]
[STDOUT  ] 2017-06-15T13:55:10.177552347Z: [    1.282532] pci 0000:00:1f.0: quirk: [io  0x0600-0x067f] claimed by ICH6 ACPI/GPIO/TCO
[STDOUT  ] 2017-06-15T13:55:10.177557644Z: [    1.348193] ACPI: PCI Interrupt Link [LNKA] (IRQs 5 *10 11)
[STDOUT  ] 2017-06-15T13:55:10.177565681Z: [    1.351894] ACPI: PCI Interrupt Link [LNKB] (IRQs 5 *10 11)
[STDOUT  ] 2017-06-15T13:55:10.17756846Z: [    1.354176] ACPI: PCI Interrupt Link [LNKC] (IRQs 5 10 *11)
[STDOUT  ] 2017-06-15T13:55:10.177573562Z: [    1.356624] ACPI: PCI Interrupt Link [LNKD] (IRQs 5 10 *11)
[STDOUT  ] 2017-06-15T13:55:10.177581342Z: [    1.359303] ACPI: PCI Interrupt Link [LNKE] (IRQs 5 *10 11)
[STDOUT  ] 2017-06-15T13:55:10.177584114Z: [    1.361829] ACPI: PCI Interrupt Link [LNKF] (IRQs 5 *10 11)
[STDOUT  ] 2017-06-15T13:55:10.17759189Z: [    1.363993] ACPI: PCI Interrupt Link [LNKG] (IRQs 5 10 *11)
[STDOUT  ] 2017-06-15T13:55:10.177597107Z: [    1.366145] ACPI: PCI Interrupt Link [LNKH] (IRQs 5 10 *11)
[STDOUT  ] 2017-06-15T13:55:10.177602351Z: [    1.367425] ACPI: PCI Interrupt Link [GSIA] (IRQs *16)
[STDOUT  ] 2017-06-15T13:55:10.177605015Z: [    1.368387] ACPI: PCI Interrupt Link [GSIB] (IRQs *17)
[STDOUT  ] 2017-06-15T13:55:10.177612861Z: [    1.369288] ACPI: PCI Interrupt Link [GSIC] (IRQs *18)
[STDOUT  ] 2017-06-15T13:55:10.177615615Z: [    1.370637] ACPI: PCI Interrupt Link [GSID] (IRQs *19)
[STDOUT  ] 2017-06-15T13:55:10.177620667Z: [    1.371538] ACPI: PCI Interrupt Link [GSIE] (IRQs *20)
[STDOUT  ] 2017-06-15T13:55:10.177628628Z: [    1.372426] ACPI: PCI Interrupt Link [GSIF] (IRQs *21)
[STDOUT  ] 2017-06-15T13:55:10.177633727Z: [    1.373319] ACPI: PCI Interrupt Link [GSIG] (IRQs *22)
[STDOUT  ] 2017-06-15T13:55:10.177638877Z: [    1.374225] ACPI: PCI Interrupt Link [GSIH] (IRQs *23)
[STDOUT  ] 2017-06-15T13:55:10.177644084Z: [    1.378271] ACPI: Enabled 2 GPEs in block 00 to 3F
[STDOUT  ] 2017-06-15T13:55:10.177649461Z: [    1.384865] SCSI subsystem initialized
[STDOUT  ] 2017-06-15T13:55:10.1776547Z: [    1.389313] pps_core: LinuxPPS API ver. 1 registered
[STDOUT  ] 2017-06-15T13:55:10.177657497Z: [    1.390289] pps_core: Software ver. 5.3.6 - Copyright 2005-2007 Rodolfo Giometti <giometti@linux.it>
[STDOUT  ] 2017-06-15T13:55:10.177662928Z: [    1.391732] PTP clock support registered
[STDOUT  ] 2017-06-15T13:55:10.177670862Z: [    1.393310] wmi: Mapper loaded
[STDOUT  ] 2017-06-15T13:55:10.177676201Z: [    1.394838] PCI: Using ACPI for IRQ routing
[STDOUT  ] 2017-06-15T13:55:10.177681428Z: [    1.416866] NetLabel: Initializing
[STDOUT  ] 2017-06-15T13:55:10.177686535Z: [    1.417439] NetLabel:  domain hash size = 128
[STDOUT  ] 2017-06-15T13:55:10.17769647Z: [    1.417908] NetLabel:  protocols = UNLABELED CIPSOv4
[STDOUT  ] 2017-06-15T13:55:10.177706262Z: [    1.420588] NetLabel:  unlabeled traffic allowed by default
[STDOUT  ] 2017-06-15T13:55:10.177710805Z: [    1.422126] HPET: 3 timers in total, 0 timers will be used for per-cpu timer
[STDOUT  ] 2017-06-15T13:55:10.177723897Z: [    1.423258] hpet0: at MMIO 0xfed00000, IRQs 2, 8, 0
[STDOUT  ] 2017-06-15T13:55:10.177728465Z: [    1.423947] hpet0: 3 comparators, 64-bit 100.000000 MHz counter
[STDOUT  ] 2017-06-15T13:55:10.17773714Z: [    1.429706] clocksource: Switched to clocksource hpet
[STDOUT  ] 2017-06-15T13:55:10.177749915Z: [    1.715029] VFS: Disk quotas dquot_6.6.0
[STDOUT  ] 2017-06-15T13:55:10.177757697Z: [    1.716141] VFS: Dquot-cache hash table entries: 512 (order 0, 4096 bytes)
[STDOUT  ] 2017-06-15T13:55:10.177766211Z: [    1.719225] FS-Cache: Loaded
[STDOUT  ] 2017-06-15T13:55:10.177779302Z: [    1.725207] CacheFiles: Loaded
[STDOUT  ] 2017-06-15T13:55:10.177788182Z: [    1.727168] pnp: PnP ACPI init
[STDOUT  ] 2017-06-15T13:55:10.177796094Z: [    1.739682] pnp: PnP ACPI: found 5 devices
[STDOUT  ] 2017-06-15T13:55:10.17780532Z: [    1.791668] clocksource: acpi_pm: mask: 0xffffff max_cycles: 0xffffff, max_idle_ns: 2085701024 ns
[STDOUT  ] 2017-06-15T13:55:10.177814047Z: [    1.795201] NET: Registered protocol family 2
[STDOUT  ] 2017-06-15T13:55:10.177823391Z: [    1.802900] TCP established hash table entries: 8192 (order: 4, 65536 bytes)
[STDOUT  ] 2017-06-15T13:55:10.17783875Z: [    1.804159] TCP bind hash table entries: 8192 (order: 5, 131072 bytes)
[STDOUT  ] 2017-06-15T13:55:10.17784462Z: [    1.805620] TCP: Hash tables configured (established 8192 bind 8192)
[STDOUT  ] 2017-06-15T13:55:10.17784737Z: [    1.807498] UDP hash table entries: 512 (order: 2, 16384 bytes)
[STDOUT  ] 2017-06-15T13:55:10.177852488Z: [    1.809005] UDP-Lite hash table entries: 512 (order: 2, 16384 bytes)
[STDOUT  ] 2017-06-15T13:55:10.177864832Z: [    1.811984] NET: Registered protocol family 1
[STDOUT  ] 2017-06-15T13:55:10.177867556Z: [    1.816072] RPC: Registered named UNIX socket transport module.
[STDOUT  ] 2017-06-15T13:55:10.177872678Z: [    1.816763] RPC: Registered udp transport module.
[STDOUT  ] 2017-06-15T13:55:10.177880498Z: [    1.817363] RPC: Registered tcp transport module.
[STDOUT  ] 2017-06-15T13:55:10.177885745Z: [    1.817993] RPC: Registered tcp NFSv4.1 backchannel transport module.
[STDOUT  ] 2017-06-15T13:55:10.177891015Z: [    1.819173] pci 0000:00:01.0: Video device with shadowed ROM at [mem 0x000c0000-0x000dffff]
[STDOUT  ] 2017-06-15T13:55:10.177896196Z: [    1.828657] Unpacking initramfs...
[STDOUT  ] 2017-06-15T13:55:10.177901312Z: [    8.846198] Freeing initrd memory: 35152K (ffff8b6b7dd7c000 - ffff8b6b7ffd0000)
[STDOUT  ] 2017-06-15T13:55:10.177906419Z: [    8.870718] PCLMULQDQ-NI instructions are not detected.
[STDOUT  ] 2017-06-15T13:55:10.177911555Z: [    8.872327] AVX or AES-NI instructions are not detected.
[STDOUT  ] 2017-06-15T13:55:10.177916688Z: [    8.873028] CPU feature 'AVX registers' is not supported.
[STDOUT  ] 2017-06-15T13:55:10.177921868Z: [    8.873589] CPU feature 'AVX registers' is not supported.
[STDOUT  ] 2017-06-15T13:55:10.177930362Z: [    8.874206] CPU feature 'AVX registers' is not supported.
[STDOUT  ] 2017-06-15T13:55:10.177935549Z: [    8.874827] CPU feature 'AVX registers' is not supported.
[STDOUT  ] 2017-06-15T13:55:10.177940295Z: [    8.875392] AVX2 or AES-NI instructions are not detected.
[STDOUT  ] 2017-06-15T13:55:10.177945802Z: [    8.875912] AVX2 instructions are not detected.
[STDOUT  ] 2017-06-15T13:55:10.177959401Z: [    8.883282] audit: initializing netlink subsys (disabled)
[STDOUT  ] 2017-06-15T13:55:10.177968526Z: [    8.885054] audit: type=2000 audit(1497534887.880:1): initialized
[STDOUT  ] 2017-06-15T13:55:10.177977615Z: [    8.895714] workingset: timestamp_bits=46 max_order=18 bucket_order=0
[STDOUT  ] 2017-06-15T13:55:10.177996059Z: [    8.901759] FS-Cache: Netfs 'nfs' registered for caching
[STDOUT  ] 2017-06-15T13:55:10.178005592Z: [    8.904210] NFS: Registering the id_resolver key type
[STDOUT  ] 2017-06-15T13:55:10.178017586Z: [    8.905750] Key type id_resolver registered
[STDOUT  ] 2017-06-15T13:55:10.178022892Z: [    8.906212] Key type id_legacy registered
[STDOUT  ] 2017-06-15T13:55:10.178034193Z: [    8.906884] nfs4filelayout_init: NFSv4 File Layout Driver Registering...
[STDOUT  ] 2017-06-15T13:55:10.178036988Z: [    8.908334] Installing knfsd (copyright (C) 1996 okir@monad.swb.de).
[STDOUT  ] 2017-06-15T13:55:10.178042209Z: [    8.912779] FS-Cache: Netfs 'cifs' registered for caching
[STDOUT  ] 2017-06-15T13:55:10.178054412Z: [    8.914074] ntfs: driver 2.1.32 [Flags: R/O].
[STDOUT  ] 2017-06-15T13:55:10.178059526Z: [    8.914827] fuse init (API version 7.26)
[STDOUT  ] 2017-06-15T13:55:10.178064686Z: [    8.917393] SGI XFS with ACLs, security attributes, no debug enabled
[STDOUT  ] 2017-06-15T13:55:10.178069871Z: [    8.922318] 9p: Installing v9fs 9p2000 file system support
[STDOUT  ] 2017-06-15T13:55:10.178075085Z: [    8.923203] FS-Cache: Netfs '9p' registered for caching
[STDOUT  ] 2017-06-15T13:55:10.178080251Z: [    8.957968] NET: Registered protocol family 38
[STDOUT  ] 2017-06-15T13:55:10.178085469Z: [    8.958888] Key type asymmetric registered
[STDOUT  ] 2017-06-15T13:55:10.178090543Z: [    8.959353] Asymmetric key parser 'x509' registered
[STDOUT  ] 2017-06-15T13:55:10.178095655Z: [    8.961388] Block layer SCSI generic (bsg) driver version 0.4 loaded (major 251)
[STDOUT  ] 2017-06-15T13:55:10.178100926Z: [    8.963021] io scheduler noop registered
[STDOUT  ] 2017-06-15T13:55:10.178110116Z: [    8.963484] io scheduler deadline registered (default)
[STDOUT  ] 2017-06-15T13:55:10.178115663Z: [    8.964317] io scheduler cfq registered
[STDOUT  ] 2017-06-15T13:55:10.178120818Z: [    8.967104] pci_hotplug: PCI Hot Plug PCI Core version: 0.5
[STDOUT  ] 2017-06-15T13:55:10.178125923Z: [    8.967948] pciehp: PCI Express Hot Plug Controller Driver version: 0.4
[STDOUT  ] 2017-06-15T13:55:10.178128668Z: [    8.969135] shpchp: Standard Hot Plug PCI Controller Driver version: 0.4
[STDOUT  ] 2017-06-15T13:55:10.178133732Z: [    8.971359] hv_vmbus: registering driver hyperv_fb
[STDOUT  ] 2017-06-15T13:55:10.178141418Z: [    8.974757] input: Power Button as /devices/LNXSYSTM:00/LNXPWRBN:00/input/input0
[STDOUT  ] 2017-06-15T13:55:10.178146571Z: [    8.976161] ACPI: Power Button [PWRF]
[STDOUT  ] 2017-06-15T13:55:10.178151708Z: [    8.981586] GHES: HEST is not enabled!
[STDOUT  ] 2017-06-15T13:55:10.178161026Z: [    8.993663] ACPI: PCI Interrupt Link [GSIH] enabled at IRQ 23
[STDOUT  ] 2017-06-15T13:55:10.178166262Z: [    9.000896] xenfs: not registering filesystem on non-xen platform
[STDOUT  ] 2017-06-15T13:55:10.178171471Z: [    9.003327] Serial: 8250/16550 driver, 4 ports, IRQ sharing disabled
[STDOUT  ] 2017-06-15T13:55:10.178176592Z: [    9.030029] 00:04: ttyS0 at I/O 0x3f8 (irq = 4, base_baud = 115200) is a 16550A
[STDOUT  ] 2017-06-15T13:55:10.178181888Z: [    9.037944] Initializing Nozomi driver 2.1d
[STDOUT  ] 2017-06-15T13:55:10.178191798Z: [    9.042933] Non-volatile memory driver v1.3
[STDOUT  ] 2017-06-15T13:55:10.178194645Z: [    9.049400] Hangcheck: starting hangcheck timer 0.9.1 (tick is 180 seconds, margin is 60 seconds).
[STDOUT  ] 2017-06-15T13:55:10.178199801Z: [    9.090340] loop: module loaded
[STDOUT  ] 2017-06-15T13:55:10.178207559Z: [    9.106147] nbd: registered device at major 43
[STDOUT  ] 2017-06-15T13:55:10.178212736Z: [    9.150068] lpc_ich 0000:00:1f.0: I/O space for GPIO uninitialized
[STDOUT  ] 2017-06-15T13:55:10.178217881Z: [    9.152394] VMware PVSCSI driver - version 1.0.7.0-k
[STDOUT  ] 2017-06-15T13:55:10.178222992Z: [    9.153394] hv_vmbus: registering driver hv_storvsc
[STDOUT  ] 2017-06-15T13:55:10.178228179Z: [    9.164228] ACPI: PCI Interrupt Link [GSIA] enabled at IRQ 16
[STDOUT  ] 2017-06-15T13:55:10.178241462Z: [    9.170965] ahci 0000:00:1f.2: AHCI 0001.0000 32 slots 6 ports 1.5 Gbps 0x3f impl SATA mode
[STDOUT  ] 2017-06-15T13:55:10.178249876Z: [    9.172066] ahci 0000:00:1f.2: flags: 64bit ncq only 
[STDOUT  ] 2017-06-15T13:55:10.178255068Z: [    9.193853] scsi host0: ahci
[STDOUT  ] 2017-06-15T13:55:10.178260255Z: [    9.197923] scsi host1: ahci
[STDOUT  ] 2017-06-15T13:55:10.178262952Z: [    9.200808] scsi host2: ahci
[STDOUT  ] 2017-06-15T13:55:10.178271366Z: [    9.203279] scsi host3: ahci
[STDOUT  ] 2017-06-15T13:55:10.178279273Z: [    9.205707] scsi host4: ahci
[STDOUT  ] 2017-06-15T13:55:10.178284419Z: [    9.208105] scsi host5: ahci
[STDOUT  ] 2017-06-15T13:55:10.178287142Z: [    9.210369] ata1: SATA max UDMA/133 abar m4096@0xfebf1000 port 0xfebf1100 irq 24
[STDOUT  ] 2017-06-15T13:55:10.178300496Z: [    9.211186] ata2: SATA max UDMA/133 abar m4096@0xfebf1000 port 0xfebf1180 irq 24
[STDOUT  ] 2017-06-15T13:55:10.178305682Z: [    9.211893] ata3: SATA max UDMA/133 abar m4096@0xfebf1000 port 0xfebf1200 irq 24
[STDOUT  ] 2017-06-15T13:55:10.178308309Z: [    9.212574] ata4: SATA max UDMA/133 abar m4096@0xfebf1000 port 0xfebf1280 irq 24
[STDOUT  ] 2017-06-15T13:55:10.178316038Z: [    9.213249] ata5: SATA max UDMA/133 abar m4096@0xfebf1000 port 0xfebf1300 irq 24
[STDOUT  ] 2017-06-15T13:55:10.178318756Z: [    9.213905] ata6: SATA max UDMA/133 abar m4096@0xfebf1000 port 0xfebf1380 irq 24
[STDOUT  ] 2017-06-15T13:55:10.178323806Z: [    9.224395] Ethernet Channel Bonding Driver: v3.7.1 (April 27, 2011)
[STDOUT  ] 2017-06-15T13:55:10.178331582Z: [    9.243660] tun: Universal TUN/TAP device driver, 1.6
[STDOUT  ] 2017-06-15T13:55:10.178336766Z: [    9.244267] tun: (C) 1999-2004 Max Krasnyansky <maxk@qualcomm.com>
[STDOUT  ] 2017-06-15T13:55:10.178341923Z: [    9.246254] ena: Elastic Network Adapter (ENA) v1.0.2
[STDOUT  ] 2017-06-15T13:55:10.178344699Z: [    9.248302] e1000: Intel(R) PRO/1000 Network Driver - version 7.3.21-k8-NAPI
[STDOUT  ] 2017-06-15T13:55:10.178349796Z: [    9.248989] e1000: Copyright (c) 1999-2006 Intel Corporation.
[STDOUT  ] 2017-06-15T13:55:10.178357628Z: [    9.258453] ACPI: PCI Interrupt Link [GSIG] enabled at IRQ 22
[STDOUT  ] 2017-06-15T13:55:10.178360292Z: [    9.540991] ata2: SATA link down (SStatus 0 SControl 300)
[STDOUT  ] 2017-06-15T13:55:10.178369758Z: [    9.543435] ata1: SATA link down (SStatus 0 SControl 300)
[STDOUT  ] 2017-06-15T13:55:10.178376795Z: [    9.551928] ata5: SATA link down (SStatus 0 SControl 300)
[STDOUT  ] 2017-06-15T13:55:10.178384591Z: [    9.552908] ata4: SATA link down (SStatus 0 SControl 300)
[STDOUT  ] 2017-06-15T13:55:10.178389852Z: [    9.553888] ata3: SATA link up 1.5 Gbps (SStatus 113 SControl 300)
[STDOUT  ] 2017-06-15T13:55:10.178395019Z: [    9.558341] ata3.00: ATAPI: QEMU DVD-ROM, 2.5+, max UDMA/100
[STDOUT  ] 2017-06-15T13:55:10.178400501Z: [    9.559112] ata3.00: applying bridge limits
[STDOUT  ] 2017-06-15T13:55:10.178403212Z: [    9.560933] ata6: SATA link down (SStatus 0 SControl 300)
[STDOUT  ] 2017-06-15T13:55:10.178410928Z: [    9.573255] ata3.00: configured for UDMA/100
[STDOUT  ] 2017-06-15T13:55:10.178413555Z: [    9.586712] scsi 2:0:0:0: CD-ROM            QEMU     QEMU DVD-ROM     2.5+ PQ: 0 ANSI: 5
[STDOUT  ] 2017-06-15T13:55:10.178421583Z: [    9.613368] sr 2:0:0:0: [sr0] scsi3-mmc drive: 4x/4x cd/rw xa/form2 tray
[STDOUT  ] 2017-06-15T13:55:10.178424286Z: [    9.614515] cdrom: Uniform CD-ROM driver Revision: 3.20
[STDOUT  ] 2017-06-15T13:55:10.178431969Z: [    9.621692] sr 2:0:0:0: Attached scsi generic sg0 type 5
[STDOUT  ] 2017-06-15T13:55:10.178437161Z: [    9.654244] e1000 0000:00:02.0 eth0: (PCI:33MHz:32-bit) 52:54:00:12:34:56
[STDOUT  ] 2017-06-15T13:55:10.178439755Z: [    9.655302] e1000 0000:00:02.0 eth0: Intel(R) PRO/1000 Network Connection
[STDOUT  ] 2017-06-15T13:55:10.178447503Z: [    9.656550] e1000e: Intel(R) PRO/1000 Network Driver - 3.2.6-k
[STDOUT  ] 2017-06-15T13:55:10.178452638Z: [    9.657105] e1000e: Copyright(c) 1999 - 2015 Intel Corporation.
[STDOUT  ] 2017-06-15T13:55:10.178457768Z: [    9.658135] igb: Intel(R) Gigabit Ethernet Network Driver - version 5.4.0-k
[STDOUT  ] 2017-06-15T13:55:10.178468582Z: [    9.658789] igb: Copyright (c) 2007-2014 Intel Corporation.
[STDOUT  ] 2017-06-15T13:55:10.178474101Z: [    9.659787] igbvf: Intel(R) Gigabit Virtual Function Network Driver - version 2.4.0-k
[STDOUT  ] 2017-06-15T13:55:10.178479342Z: [    9.660967] igbvf: Copyright (c) 2009 - 2012 Intel Corporation.
[STDOUT  ] 2017-06-15T13:55:10.178484532Z: [    9.662118] ixgbe: Intel(R) 10 Gigabit PCI Express Network Driver - version 4.4.0-k
[STDOUT  ] 2017-06-15T13:55:10.178494051Z: [    9.662830] ixgbe: Copyright (c) 1999-2016 Intel Corporation.
[STDOUT  ] 2017-06-15T13:55:10.178499531Z: [    9.664701] ixgbevf: Intel(R) 10 Gigabit PCI Express Virtual Function Network Driver - version 3.2.2-k
[STDOUT  ] 2017-06-15T13:55:10.178502408Z: [    9.665567] ixgbevf: Copyright (c) 2009 - 2015 Intel Corporation.
[STDOUT  ] 2017-06-15T13:55:10.178507506Z: [    9.667153] ixgb: Intel(R) PRO/10GbE Network Driver - version 1.0.135-k2-NAPI
[STDOUT  ] 2017-06-15T13:55:10.178515259Z: [    9.667837] ixgb: Copyright (c) 1999-2008 Intel Corporation.
[STDOUT  ] 2017-06-15T13:55:10.178520419Z: [    9.669142] PPP generic driver version 2.4.2
[STDOUT  ] 2017-06-15T13:55:10.178525612Z: [    9.671115] PPP BSD Compression module registered
[STDOUT  ] 2017-06-15T13:55:10.178528351Z: [    9.671654] PPP Deflate Compression module registered
[STDOUT  ] 2017-06-15T13:55:10.178533366Z: [    9.672436] PPP MPPE Compression module registered
[STDOUT  ] 2017-06-15T13:55:10.178541035Z: [    9.672959] NET: Registered protocol family 24
[STDOUT  ] 2017-06-15T13:55:10.178553868Z: [    9.673755] PPTP driver version 0.8.5
