[INFO    ] 2017-12-30T22:39:38.388259305Z: Running Test linuxkit.kernel.config_4.14.x in /tmp/build/test/cases/020_kernel/006_config_4.14.x
[INFO    ] 2017-12-30T22:39:38.38837685Z: Running command: [/bin/sh -x /tmp/build/test/cases/020_kernel/006_config_4.14.x/test.sh]
[STDERR  ] 2017-12-30T22:39:38.388920145Z: + set -e
[STDERR  ] 2017-12-30T22:39:38.388977247Z: + . /tmp/build/test/cases/_lib/lib.sh
[STDERR  ] 2017-12-30T22:39:38.388987841Z: + [ -f src/github.com/linuxkit/rtf/lib/lib.sh ]
[STDERR  ] 2017-12-30T22:39:38.388998095Z: + LINUXKIT_TMPDIR=/tmp/build/test/cases/_tmp
[STDERR  ] 2017-12-30T22:39:38.389007452Z: + [ -f /tmp/build/test/cases/_tmp/env.sh ]
[STDERR  ] 2017-12-30T22:39:38.389017521Z: + . /tmp/build/test/cases/_tmp/env.sh
[STDERR  ] 2017-12-30T22:39:38.389027377Z: + export LINUXKIT_EXAMPLES_DIR=/tmp/build/test/cases/../../examples
[STDERR  ] 2017-12-30T22:39:38.389046381Z: + export LINUXKIT_BLUEPRINTS_DIR=/tmp/build/test/cases/../../blueprints
[STDERR  ] 2017-12-30T22:39:38.389062231Z: + RT_CANCEL=253
[STDERR  ] 2017-12-30T22:39:38.389070995Z: + NAME=kconfig
[STDERR  ] 2017-12-30T22:39:38.38908049Z: + trap clean_up EXIT
[STDERR  ] 2017-12-30T22:39:38.389090177Z: + linuxkit build -format kernel+initrd -name kconfig test.yml
[STDERR  ] 2017-12-30T22:39:38.432882714Z: Extract kernel image: linuxkit/kernel:4.14.10
[STDERR  ] 2017-12-30T22:39:39.580590958Z: time="2017-12-30T22:39:39Z" level=warning msg="certificate with CN  is near expiry" 
[STDERR  ] 2017-12-30T22:39:39.580645546Z: time="2017-12-30T22:39:39Z" level=warning msg="certificate with CN  is near expiry" 
[STDERR  ] 2017-12-30T22:39:39.581030493Z: time="2017-12-30T22:39:39Z" level=warning msg="certificate with CN Justin Cormack is near expiry" 
[STDERR  ] 2017-12-30T22:39:39.623462057Z: time="2017-12-30T22:39:39Z" level=warning msg="certificate with CN Justin Cormack is near expiry" 
[STDERR  ] 2017-12-30T22:39:39.666056621Z: Pull image: docker.io/linuxkit/kernel:4.14.10@sha256:8693e703d042689904db86c19846c8d7518a7a463fdd3c5a29afc250ae773a11
[STDERR  ] 2017-12-30T22:39:49.168431018Z: Add init containers:
[STDERR  ] 2017-12-30T22:39:49.168485254Z: Process init image: linuxkit/init:9250948d0de494df8a811edb3242b4584057cfe4
[STDERR  ] 2017-12-30T22:39:50.19949499Z: time="2017-12-30T22:39:50Z" level=warning msg="certificate with CN  is near expiry" 
[STDERR  ] 2017-12-30T22:39:50.19958209Z: time="2017-12-30T22:39:50Z" level=warning msg="certificate with CN  is near expiry" 
[STDERR  ] 2017-12-30T22:39:50.199851769Z: time="2017-12-30T22:39:50Z" level=warning msg="certificate with CN Justin Cormack is near expiry" 
[STDERR  ] 2017-12-30T22:39:50.203465203Z: time="2017-12-30T22:39:50Z" level=warning msg="certificate with CN Justin Cormack is near expiry" 
[STDERR  ] 2017-12-30T22:39:50.204903021Z: time="2017-12-30T22:39:50Z" level=warning msg="certificate with CN  is near expiry" 
[STDERR  ] 2017-12-30T22:39:50.372814691Z: Process init image: linuxkit/runc:abc3f292653e64a2fd488e9675ace19a55ec7023
[STDERR  ] 2017-12-30T22:39:51.423078091Z: time="2017-12-30T22:39:51Z" level=warning msg="certificate with CN  is near expiry" 
[STDERR  ] 2017-12-30T22:39:51.423141473Z: time="2017-12-30T22:39:51Z" level=warning msg="certificate with CN  is near expiry" 
[STDERR  ] 2017-12-30T22:39:51.423383617Z: time="2017-12-30T22:39:51Z" level=warning msg="certificate with CN Justin Cormack is near expiry" 
[STDERR  ] 2017-12-30T22:39:51.425362851Z: time="2017-12-30T22:39:51Z" level=warning msg="certificate with CN Justin Cormack is near expiry" 
[STDERR  ] 2017-12-30T22:39:51.426607544Z: time="2017-12-30T22:39:51Z" level=warning msg="certificate with CN  is near expiry" 
[STDERR  ] 2017-12-30T22:39:51.555806001Z: Add onboot containers:
[STDERR  ] 2017-12-30T22:39:51.555856646Z:   Create OCI config for linuxkit/test-kernel-config:9c3668b834540d2e776d0bf4aff661b3bcc35616
[STDERR  ] 2017-12-30T22:39:52.599306965Z: time="2017-12-30T22:39:52Z" level=warning msg="certificate with CN Justin Cormack is near expiry" 
[STDERR  ] 2017-12-30T22:39:52.599475798Z: time="2017-12-30T22:39:52Z" level=warning msg="certificate with CN Rolf Neugebauer is near expiry" 
[STDERR  ] 2017-12-30T22:39:52.599566729Z: time="2017-12-30T22:39:52Z" level=warning msg="certificate with CN  is near expiry" 
[STDERR  ] 2017-12-30T22:39:52.599691671Z: time="2017-12-30T22:39:52Z" level=warning msg="certificate with CN  is near expiry" 
[STDERR  ] 2017-12-30T22:39:52.601379299Z: time="2017-12-30T22:39:52Z" level=warning msg="certificate with CN Justin Cormack is near expiry" 
[STDERR  ] 2017-12-30T22:39:52.602674483Z: time="2017-12-30T22:39:52Z" level=warning msg="certificate with CN Rolf Neugebauer is near expiry" 
[STDERR  ] 2017-12-30T22:39:52.603329773Z: time="2017-12-30T22:39:52Z" level=warning msg="certificate with CN  is near expiry" 
[STDERR  ] 2017-12-30T22:39:52.957438341Z:   Create OCI config for linuxkit/poweroff:bccfe1cb04fc7bb9f03613d2314f38abd2620f29
[STDERR  ] 2017-12-30T22:39:53.993016469Z: time="2017-12-30T22:39:53Z" level=warning msg="certificate with CN Justin Cormack is near expiry" 
[STDERR  ] 2017-12-30T22:39:53.993246981Z: time="2017-12-30T22:39:53Z" level=warning msg="certificate with CN Rolf Neugebauer is near expiry" 
[STDERR  ] 2017-12-30T22:39:53.993339666Z: time="2017-12-30T22:39:53Z" level=warning msg="certificate with CN  is near expiry" 
[STDERR  ] 2017-12-30T22:39:53.993396734Z: time="2017-12-30T22:39:53Z" level=warning msg="certificate with CN  is near expiry" 
[STDERR  ] 2017-12-30T22:39:53.994936447Z: time="2017-12-30T22:39:53Z" level=warning msg="certificate with CN Rolf Neugebauer is near expiry" 
[STDERR  ] 2017-12-30T22:39:53.995774409Z: time="2017-12-30T22:39:53Z" level=warning msg="certificate with CN  is near expiry" 
[STDERR  ] 2017-12-30T22:39:54.171819839Z: Create outputs:
[STDERR  ] 2017-12-30T22:39:58.787938995Z:   kconfig-kernel kconfig-initrd.img kconfig-cmdline
[STDERR  ] 2017-12-30T22:39:58.833031232Z: + linuxkit run kconfig
[STDERR  ] 2017-12-30T22:39:58.856219141Z: Unable to find qemu-system-x86_64 within the $PATH. Using a container
[STDERR  ] 2017-12-30T22:40:37.530753341Z: + RESULT=[    0.000000] Linux version 4.14.10-linuxkit (root@68b4d855812e) (gcc version 6.4.0 (Alpine 6.4.0)) #1 SMP Sat Dec 30 16:29:37 UTC 2017
[STDERR  ] 2017-12-30T22:40:37.530818135Z: [    0.000000] Command line: console=ttyS0 console=ttyAMA0
[STDERR  ] 2017-12-30T22:40:37.530831581Z: [    0.000000] x86/fpu: x87 FPU will use FXSAVE
[STDERR  ] 2017-12-30T22:40:37.530842753Z: [    0.000000] e820: BIOS-provided physical RAM map:
[STDERR  ] 2017-12-30T22:40:37.530853523Z: [    0.000000] BIOS-e820: [mem 0x0000000000000000-0x000000000009fbff] usable
[STDERR  ] 2017-12-30T22:40:37.53086608Z: [    0.000000] BIOS-e820: [mem 0x000000000009fc00-0x000000000009ffff] reserved
[STDERR  ] 2017-12-30T22:40:37.530875654Z: [    0.000000] BIOS-e820: [mem 0x00000000000f0000-0x00000000000fffff] reserved
[STDERR  ] 2017-12-30T22:40:37.53088568Z: [    0.000000] BIOS-e820: [mem 0x0000000000100000-0x000000003ffdefff] usable
[STDERR  ] 2017-12-30T22:40:37.53089905Z: [    0.000000] BIOS-e820: [mem 0x000000003ffdf000-0x000000003fffffff] reserved
[STDERR  ] 2017-12-30T22:40:37.530910639Z: [    0.000000] BIOS-e820: [mem 0x00000000b0000000-0x00000000bfffffff] reserved
[STDERR  ] 2017-12-30T22:40:37.530921597Z: [    0.000000] BIOS-e820: [mem 0x00000000fed1c000-0x00000000fed1ffff] reserved
[STDERR  ] 2017-12-30T22:40:37.530932291Z: [    0.000000] BIOS-e820: [mem 0x00000000fffc0000-0x00000000ffffffff] reserved
[STDERR  ] 2017-12-30T22:40:37.530943445Z: [    0.000000] NX (Execute Disable) protection: active
[STDERR  ] 2017-12-30T22:40:37.530953524Z: [    0.000000] random: fast init done
[STDERR  ] 2017-12-30T22:40:37.530963372Z: [    0.000000] SMBIOS 2.8 present.
[STDERR  ] 2017-12-30T22:40:37.530972922Z: [    0.000000] DMI: QEMU Standard PC (Q35 + ICH9, 2009), BIOS rel-1.10.2-0-g5f4c7b1-prebuilt.qemu-project.org 04/01/2014
[STDERR  ] 2017-12-30T22:40:37.530986396Z: [    0.000000] tsc: Fast TSC calibration using PIT
[STDERR  ] 2017-12-30T22:40:37.530995816Z: [    0.000000] e820: last_pfn = 0x3ffdf max_arch_pfn = 0x400000000
[STDERR  ] 2017-12-30T22:40:37.531004879Z: [    0.000000] x86/PAT: Configuration [0-7]: WB  WC  UC- UC  WB  WP  UC- WT  
[STDERR  ] 2017-12-30T22:40:37.531025501Z: [    0.000000] found SMP MP-table at [mem 0x000f6aa0-0x000f6aaf] mapped at [ffffffffff200aa0]
[STDERR  ] 2017-12-30T22:40:37.531035712Z: [    0.000000] RAMDISK: [mem 0x3e6d8000-0x3ffcffff]
[STDERR  ] 2017-12-30T22:40:37.53104614Z: [    0.000000] ACPI: Early table checksum verification disabled
[STDERR  ] 2017-12-30T22:40:37.531056562Z: [    0.000000] ACPI: RSDP 0x00000000000F68B0 000014 (v00 BOCHS )
[STDERR  ] 2017-12-30T22:40:37.531066573Z: [    0.000000] ACPI: RSDT 0x000000003FFE20A8 000034 (v01 BOCHS  BXPCRSDT 00000001 BXPC 00000001)
[STDERR  ] 2017-12-30T22:40:37.531077929Z: [    0.000000] ACPI: FACP 0x000000003FFE1EC8 0000F4 (v03 BOCHS  BXPCFACP 00000001 BXPC 00000001)
[STDERR  ] 2017-12-30T22:40:37.531088727Z: [    0.000000] ACPI: DSDT 0x000000003FFE0040 001E88 (v01 BOCHS  BXPCDSDT 00000001 BXPC 00000001)
[STDERR  ] 2017-12-30T22:40:37.531098738Z: [    0.000000] ACPI: FACS 0x000000003FFE0000 000040
[STDERR  ] 2017-12-30T22:40:37.531108185Z: [    0.000000] ACPI: APIC 0x000000003FFE1FBC 000078 (v01 BOCHS  BXPCAPIC 00000001 BXPC 00000001)
[STDERR  ] 2017-12-30T22:40:37.531117957Z: [    0.000000] ACPI: HPET 0x000000003FFE2034 000038 (v01 BOCHS  BXPCHPET 00000001 BXPC 00000001)
[STDERR  ] 2017-12-30T22:40:37.531127029Z: [    0.000000] ACPI: MCFG 0x000000003FFE206C 00003C (v01 BOCHS  BXPCMCFG 00000001 BXPC 00000001)
[STDERR  ] 2017-12-30T22:40:37.531136102Z: [    0.000000] Zone ranges:
[STDERR  ] 2017-12-30T22:40:37.531145375Z: [    0.000000]   DMA      [mem 0x0000000000001000-0x0000000000ffffff]
[STDERR  ] 2017-12-30T22:40:37.531154985Z: [    0.000000]   DMA32    [mem 0x0000000001000000-0x000000003ffdefff]
[STDERR  ] 2017-12-30T22:40:37.531173367Z: [    0.000000]   Normal   empty
[STDERR  ] 2017-12-30T22:40:37.531186195Z: [    0.000000]   Device   empty
[STDERR  ] 2017-12-30T22:40:37.531195114Z: [    0.000000] Movable zone start for each node
[STDERR  ] 2017-12-30T22:40:37.53120379Z: [    0.000000] Early memory node ranges
[STDERR  ] 2017-12-30T22:40:37.531212169Z: [    0.000000]   node   0: [mem 0x0000000000001000-0x000000000009efff]
[STDERR  ] 2017-12-30T22:40:37.531220984Z: [    0.000000]   node   0: [mem 0x0000000000100000-0x000000003ffdefff]
[STDERR  ] 2017-12-30T22:40:37.5312298Z: [    0.000000] Initmem setup node 0 [mem 0x0000000000001000-0x000000003ffdefff]
[STDERR  ] 2017-12-30T22:40:37.531238914Z: [    0.000000] ACPI: PM-Timer IO Port: 0x608
[STDERR  ] 2017-12-30T22:40:37.531247422Z: [    0.000000] ACPI: LAPIC_NMI (acpi_id[0xff] dfl dfl lint[0x1])
[STDERR  ] 2017-12-30T22:40:37.531256141Z: [    0.000000] IOAPIC[0]: apic_id 0, version 32, address 0xfec00000, GSI 0-23
[STDERR  ] 2017-12-30T22:40:37.53126498Z: [    0.000000] ACPI: INT_SRC_OVR (bus 0 bus_irq 0 global_irq 2 dfl dfl)
[STDERR  ] 2017-12-30T22:40:37.53127423Z: [    0.000000] ACPI: INT_SRC_OVR (bus 0 bus_irq 5 global_irq 5 high level)
[STDERR  ] 2017-12-30T22:40:37.531282451Z: [    0.000000] ACPI: INT_SRC_OVR (bus 0 bus_irq 9 global_irq 9 high level)
[STDERR  ] 2017-12-30T22:40:37.531290785Z: [    0.000000] ACPI: INT_SRC_OVR (bus 0 bus_irq 10 global_irq 10 high level)
[STDERR  ] 2017-12-30T22:40:37.531299099Z: [    0.000000] ACPI: INT_SRC_OVR (bus 0 bus_irq 11 global_irq 11 high level)
[STDERR  ] 2017-12-30T22:40:37.531306868Z: [    0.000000] Using ACPI (MADT) for SMP configuration information
[STDERR  ] 2017-12-30T22:40:37.531315602Z: [    0.000000] ACPI: HPET id: 0x8086a201 base: 0xfed00000
[STDERR  ] 2017-12-30T22:40:37.531323489Z: [    0.000000] smpboot: Allowing 1 CPUs, 0 hotplug CPUs
[STDERR  ] 2017-12-30T22:40:37.531331239Z: [    0.000000] e820: [mem 0x40000000-0xafffffff] available for PCI devices
[STDERR  ] 2017-12-30T22:40:37.531339003Z: [    0.000000] Booting paravirtualized kernel on bare hardware
[STDERR  ] 2017-12-30T22:40:37.53134671Z: [    0.000000] clocksource: refined-jiffies: mask: 0xffffffff max_cycles: 0xffffffff, max_idle_ns: 19112604462750000 ns
[STDERR  ] 2017-12-30T22:40:37.531354687Z: [    0.000000] setup_percpu: NR_CPUS:128 nr_cpumask_bits:128 nr_cpu_ids:1 nr_node_ids:1
[STDERR  ] 2017-12-30T22:40:37.531366504Z: [    0.000000] percpu: Embedded 40 pages/cpu @ffff93cd7e400000 s125144 r8192 d30504 u2097152
[STDERR  ] 2017-12-30T22:40:37.53137451Z: [    0.000000] Built 1 zonelists, mobility grouping on.  Total pages: 257896
[STDERR  ] 2017-12-30T22:40:37.531382116Z: [    0.000000] Kernel command line: console=ttyS0 console=ttyAMA0
[STDERR  ] 2017-12-30T22:40:37.531389809Z: [    0.000000] PID hash table entries: 4096 (order: 3, 32768 bytes)
[STDERR  ] 2017-12-30T22:40:37.531397401Z: [    0.000000] Dentry cache hash table entries: 131072 (order: 8, 1048576 bytes)
[STDERR  ] 2017-12-30T22:40:37.531405162Z: [    0.000000] Inode-cache hash table entries: 65536 (order: 7, 524288 bytes)
[STDERR  ] 2017-12-30T22:40:37.531413077Z: [    0.000000] Memory: 983412K/1048052K available (8720K kernel code, 1437K rwdata, 2952K rodata, 1464K init, 628K bss, 64640K reserved, 0K cma-reserved)
[STDERR  ] 2017-12-30T22:40:37.531423189Z: [    0.000000] ftrace: allocating 40608 entries in 159 pages
[STDERR  ] 2017-12-30T22:40:37.531431279Z: [    0.000000] Hierarchical RCU implementation.
[STDERR  ] 2017-12-30T22:40:37.531439796Z: [    0.000000] 	RCU restricting CPUs from NR_CPUS=128 to nr_cpu_ids=1.
[STDERR  ] 2017-12-30T22:40:37.531448011Z: [    0.000000] RCU: Adjusting geometry for rcu_fanout_leaf=16, nr_cpu_ids=1
[STDERR  ] 2017-12-30T22:40:37.531456559Z: [    0.000000] NR_IRQS: 8448, nr_irqs: 256, preallocated irqs: 16
[STDERR  ] 2017-12-30T22:40:37.531464879Z: [    0.000000] Console: colour VGA+ 80x25
[STDERR  ] 2017-12-30T22:40:37.531479703Z: [    0.000000] console [ttyS0] enabled
[STDERR  ] 2017-12-30T22:40:37.531488526Z: [    0.000000] clocksource: hpet: mask: 0xffffffff max_cycles: 0xffffffff, max_idle_ns: 19112604467 ns
[STDERR  ] 2017-12-30T22:40:37.531501657Z: [    0.010000] tsc: Fast TSC calibration using PIT
[STDERR  ] 2017-12-30T22:40:37.531512255Z: [    0.010000] tsc: Detected 2599.805 MHz processor
[STDERR  ] 2017-12-30T22:40:37.531522132Z: [    0.020193] Calibrating delay loop (skipped), value calculated using timer frequency.. 5199.61 BogoMIPS (lpj=25998050)
[STDERR  ] 2017-12-30T22:40:37.531530206Z: [    0.020977] pid_max: default: 32768 minimum: 301
[STDERR  ] 2017-12-30T22:40:37.531538961Z: [    0.021906] ACPI: Core revision 20170728
[STDERR  ] 2017-12-30T22:40:37.531547361Z: [    0.046730] ACPI: 1 ACPI AML tables successfully acquired and loaded
[STDERR  ] 2017-12-30T22:40:37.531556185Z: [    0.052744] Security Framework initialized
[STDERR  ] 2017-12-30T22:40:37.531565224Z: [    0.053365] Yama: becoming mindful.
[STDERR  ] 2017-12-30T22:40:37.531574035Z: [    0.055314] Mount-cache hash table entries: 2048 (order: 2, 16384 bytes)
[STDERR  ] 2017-12-30T22:40:37.531582882Z: [    0.055552] Mountpoint-cache hash table entries: 2048 (order: 2, 16384 bytes)
[STDERR  ] 2017-12-30T22:40:37.531591937Z: [    0.073694] Last level iTLB entries: 4KB 0, 2MB 0, 4MB 0
[STDERR  ] 2017-12-30T22:40:37.531602224Z: [    0.074162] Last level dTLB entries: 4KB 0, 2MB 0, 4MB 0, 1GB 0
[STDERR  ] 2017-12-30T22:40:37.531611493Z: [    0.348060] Freeing SMP alternatives memory: 20K
[STDERR  ] 2017-12-30T22:40:37.531620136Z: [    0.368452] smpboot: Max logical packages: 1
[STDERR  ] 2017-12-30T22:40:37.531629445Z: [    0.375142] ..TIMER: vector=0x30 apic1=0 pin1=2 apic2=-1 pin2=-1
[STDERR  ] 2017-12-30T22:40:37.531637951Z: [    0.480000] smpboot: CPU0: AMD QEMU Virtual CPU version 2.5+ (family: 0x6, model: 0x6, stepping: 0x3)
[STDERR  ] 2017-12-30T22:40:37.531647825Z: [    0.480000] Performance Events: PMU not available due to virtualization, using software events only.
[STDERR  ] 2017-12-30T22:40:37.531656594Z: [    0.480138] Hierarchical SRCU implementation.
[STDERR  ] 2017-12-30T22:40:37.53166579Z: [    0.486721] NMI watchdog: Perf event create on CPU 0 failed with -2
[STDERR  ] 2017-12-30T22:40:37.531675299Z: [    0.487163] NMI watchdog: Perf NMI watchdog permanently disabled
[STDERR  ] 2017-12-30T22:40:37.53168415Z: [    0.491018] smp: Bringing up secondary CPUs ...
[STDERR  ] 2017-12-30T22:40:37.531696846Z: [    0.491375] smp: Brought up 1 node, 1 CPU
[STDERR  ] 2017-12-30T22:40:37.531708145Z: [    0.491702] smpboot: Total of 1 processors activated (5199.61 BogoMIPS)
[STDERR  ] 2017-12-30T22:40:37.531717119Z: [    0.507198] devtmpfs: initialized
[STDERR  ] 2017-12-30T22:40:37.531726169Z: [    0.513169] x86/mm: Memory block size: 128MB
[STDERR  ] 2017-12-30T22:40:37.531735737Z: [    0.522097] clocksource: jiffies: mask: 0xffffffff max_cycles: 0xffffffff, max_idle_ns: 19112604462750000 ns
[STDERR  ] 2017-12-30T22:40:37.531744499Z: [    0.522514] futex hash table entries: 256 (order: 2, 16384 bytes)
[STDERR  ] 2017-12-30T22:40:37.531753539Z: [    0.530814] NET: Registered protocol family 16
[STDERR  ] 2017-12-30T22:40:37.53176263Z: [    0.536848] cpuidle: using governor ladder
[STDERR  ] 2017-12-30T22:40:37.531771682Z: [    0.537176] cpuidle: using governor menu
[STDERR  ] 2017-12-30T22:40:37.53178059Z: [    0.538710] ACPI: bus type PCI registered
[STDERR  ] 2017-12-30T22:40:37.53178941Z: [    0.541439] PCI: MMCONFIG for domain 0000 [bus 00-ff] at [mem 0xb0000000-0xbfffffff] (base 0xb0000000)
[STDERR  ] 2017-12-30T22:40:37.531797988Z: [    0.542064] PCI: MMCONFIG at [mem 0xb0000000-0xbfffffff] reserved in E820
[STDERR  ] 2017-12-30T22:40:37.531806833Z: [    0.542950] PCI: Using configuration type 1 for base access
[STDERR  ] 2017-12-30T22:40:37.531815703Z: [    0.584944] HugeTLB registered 2.00 MiB page size, pre-allocated 0 pages
[STDERR  ] 2017-12-30T22:40:37.531824197Z: [    0.595164] ACPI: Added _OSI(Module Device)
[STDERR  ] 2017-12-30T22:40:37.531832707Z: [    0.595548] ACPI: Added _OSI(Processor Device)
[STDERR  ] 2017-12-30T22:40:37.531841801Z: [    0.595675] ACPI: Added _OSI(3.0 _SCP Extensions)
[STDERR  ] 2017-12-30T22:40:37.531855668Z: [    0.595882] ACPI: Added _OSI(Processor Aggregator Device)
[STDERR  ] 2017-12-30T22:40:37.531864934Z: [    0.640577] ACPI: Interpreter enabled
[STDERR  ] 2017-12-30T22:40:37.531873698Z: [    0.641407] ACPI: (supports S0 S5)
[STDERR  ] 2017-12-30T22:40:37.531882475Z: [    0.641703] ACPI: Using IOAPIC for interrupt routing
[STDERR  ] 2017-12-30T22:40:37.531891344Z: [    0.643931] PCI: Using host bridge windows from ACPI; if necessary, use "pci=nocrs" and report a bug
[STDERR  ] 2017-12-30T22:40:37.531899904Z: [    0.646800] ACPI: Enabled 1 GPEs in block 00 to 3F
[STDERR  ] 2017-12-30T22:40:37.531908247Z: [    0.691953] ACPI: PCI Root Bridge [PCI0] (domain 0000 [bus 00-ff])
[STDERR  ] 2017-12-30T22:40:37.531916636Z: [    0.693045] acpi PNP0A08:00: _OSC: OS supports [ExtendedConfig ASPM ClockPM Segments MSI]
[STDERR  ] 2017-12-30T22:40:37.531925615Z: [    0.697204] acpi PNP0A08:00: _OSC: OS now controls [PCIeHotplug PME PCIeCapability]
[STDERR  ] 2017-12-30T22:40:37.531936566Z: [    0.700905] PCI host bridge to bus 0000:00
[STDERR  ] 2017-12-30T22:40:37.531945254Z: [    0.701565] pci_bus 0000:00: root bus resource [io  0x0000-0x0cf7 window]
[STDERR  ] 2017-12-30T22:40:37.531953668Z: [    0.701943] pci_bus 0000:00: root bus resource [io  0x0d00-0xffff window]
[STDERR  ] 2017-12-30T22:40:37.531962229Z: [    0.702268] pci_bus 0000:00: root bus resource [mem 0x000a0000-0x000bffff window]
[STDERR  ] 2017-12-30T22:40:37.531970846Z: [    0.702575] pci_bus 0000:00: root bus resource [mem 0xc0000000-0xfebfffff window]
[STDERR  ] 2017-12-30T22:40:37.531979653Z: [    0.703024] pci_bus 0000:00: root bus resource [bus 00-ff]
[STDERR  ] 2017-12-30T22:40:37.531988464Z: [    0.871913] pci 0000:00:1f.0: quirk: [io  0x0600-0x067f] claimed by ICH6 ACPI/GPIO/TCO
[STDERR  ] 2017-12-30T22:40:37.531996707Z: [    0.960909] ACPI: PCI Interrupt Link [LNKA] (IRQs 5 *10 11)
[STDERR  ] 2017-12-30T22:40:37.532005295Z: [    0.962634] ACPI: PCI Interrupt Link [LNKB] (IRQs 5 *10 11)
[STDERR  ] 2017-12-30T22:40:37.532014102Z: [    0.964143] ACPI: PCI Interrupt Link [LNKC] (IRQs 5 10 *11)
[STDERR  ] 2017-12-30T22:40:37.532023052Z: [    0.965612] ACPI: PCI Interrupt Link [LNKD] (IRQs 5 10 *11)
[STDERR  ] 2017-12-30T22:40:37.532031886Z: [    0.966810] ACPI: PCI Interrupt Link [LNKE] (IRQs 5 *10 11)
[STDERR  ] 2017-12-30T22:40:37.532046464Z: [    0.968231] ACPI: PCI Interrupt Link [LNKF] (IRQs 5 *10 11)
[STDERR  ] 2017-12-30T22:40:37.532055854Z: [    0.970428] ACPI: PCI Interrupt Link [LNKG] (IRQs 5 10 *11)
[STDERR  ] 2017-12-30T22:40:37.532064542Z: [    0.971466] ACPI: PCI Interrupt Link [LNKH] (IRQs 5 10 *11)
[STDERR  ] 2017-12-30T22:40:37.532073485Z: [    0.972063] ACPI: PCI Interrupt Link [GSIA] (IRQs *16)
[STDERR  ] 2017-12-30T22:40:37.532084686Z: [    0.972559] ACPI: PCI Interrupt Link [GSIB] (IRQs *17)
[STDERR  ] 2017-12-30T22:40:37.532092978Z: [    0.972985] ACPI: PCI Interrupt Link [GSIC] (IRQs *18)
[STDERR  ] 2017-12-30T22:40:37.532101109Z: [    0.973452] ACPI: PCI Interrupt Link [GSID] (IRQs *19)
[STDERR  ] 2017-12-30T22:40:37.532110697Z: [    0.973906] ACPI: PCI Interrupt Link [GSIE] (IRQs *20)
[STDERR  ] 2017-12-30T22:40:37.532119752Z: [    0.974357] ACPI: PCI Interrupt Link [GSIF] (IRQs *21)
[STDERR  ] 2017-12-30T22:40:37.532128683Z: [    0.974821] ACPI: PCI Interrupt Link [GSIG] (IRQs *22)
[STDERR  ] 2017-12-30T22:40:37.532136898Z: [    0.975296] ACPI: PCI Interrupt Link [GSIH] (IRQs *23)
[STDERR  ] 2017-12-30T22:40:37.532147498Z: [    0.981643] SCSI subsystem initialized
[STDERR  ] 2017-12-30T22:40:37.532157681Z: [    0.984670] ACPI: bus type USB registered
[STDERR  ] 2017-12-30T22:40:37.53216575Z: [    0.985663] usbcore: registered new interface driver usbfs
[STDERR  ] 2017-12-30T22:40:37.53217442Z: [    0.986417] usbcore: registered new interface driver hub
[STDERR  ] 2017-12-30T22:40:37.532184604Z: [    0.987206] usbcore: registered new device driver usb
[STDERR  ] 2017-12-30T22:40:37.532194056Z: [    0.988067] pps_core: LinuxPPS API ver. 1 registered
[STDERR  ] 2017-12-30T22:40:37.532206856Z: [    0.988314] pps_core: Software ver. 5.3.6 - Copyright 2005-2007 Rodolfo Giometti <giometti@linux.it>
[STDERR  ] 2017-12-30T22:40:37.532215036Z: [    0.988933] PTP clock support registered
[STDERR  ] 2017-12-30T22:40:37.532223858Z: [    0.991545] PCI: Using ACPI for IRQ routing
[STDERR  ] 2017-12-30T22:40:37.532232953Z: [    1.004536] NetLabel: Initializing
[STDERR  ] 2017-12-30T22:40:37.53224154Z: [    1.004717] NetLabel:  domain hash size = 128
[STDERR  ] 2017-12-30T22:40:37.532250714Z: [    1.005006] NetLabel:  protocols = UNLABELED CIPSOv4 CALIPSO
[STDERR  ] 2017-12-30T22:40:37.532259692Z: [    1.007041] NetLabel:  unlabeled traffic allowed by default
[STDERR  ] 2017-12-30T22:40:37.532266117Z: [    1.008080] HPET: 3 timers in total, 0 timers will be used for per-cpu timer
[STDERR  ] 2017-12-30T22:40:37.532273104Z: [    1.008762] hpet0: at MMIO 0xfed00000, IRQs 2, 8, 0
[STDERR  ] 2017-12-30T22:40:37.532278995Z: [    1.009091] hpet0: 3 comparators, 64-bit 100.000000 MHz counter
[STDERR  ] 2017-12-30T22:40:37.53228754Z: [    1.013640] clocksource: Switched to clocksource hpet
[STDERR  ] 2017-12-30T22:40:37.532293667Z: [    1.184694] VFS: Disk quotas dquot_6.6.0
[STDERR  ] 2017-12-30T22:40:37.532299804Z: [    1.185281] VFS: Dquot-cache hash table entries: 512 (order 0, 4096 bytes)
[STDERR  ] 2017-12-30T22:40:37.532305695Z: [    1.188334] FS-Cache: Loaded
[STDERR  ] 2017-12-30T22:40:37.532311912Z: [    1.193694] CacheFiles: Loaded
[STDERR  ] 2017-12-30T22:40:37.532317749Z: [    1.194955] pnp: PnP ACPI init
[STDERR  ] 2017-12-30T22:40:37.532324083Z: [    1.202575] pnp: PnP ACPI: found 5 devices
[STDERR  ] 2017-12-30T22:40:37.532330129Z: [    1.237555] clocksource: acpi_pm: mask: 0xffffff max_cycles: 0xffffff, max_idle_ns: 2085701024 ns
[STDERR  ] 2017-12-30T22:40:37.532336258Z: [    1.240864] NET: Registered protocol family 2
[STDERR  ] 2017-12-30T22:40:37.532341749Z: [    1.248142] TCP established hash table entries: 8192 (order: 4, 65536 bytes)
[STDERR  ] 2017-12-30T22:40:37.532347447Z: [    1.249029] TCP bind hash table entries: 8192 (order: 5, 131072 bytes)
[STDERR  ] 2017-12-30T22:40:37.532353138Z: [    1.249673] TCP: Hash tables configured (established 8192 bind 8192)
[STDERR  ] 2017-12-30T22:40:37.532359083Z: [    1.252266] UDP hash table entries: 512 (order: 2, 16384 bytes)
[STDERR  ] 2017-12-30T22:40:37.532369392Z: [    1.252845] UDP-Lite hash table entries: 512 (order: 2, 16384 bytes)
[STDERR  ] 2017-12-30T22:40:37.532375381Z: [    1.255528] NET: Registered protocol family 1
[STDERR  ] 2017-12-30T22:40:37.532381042Z: [    1.256498] pci 0000:00:01.0: Video device with shadowed ROM at [mem 0x000c0000-0x000dffff]
[STDERR  ] 2017-12-30T22:40:37.53238688Z: [    1.262286] Trying to unpack rootfs image as initramfs...
[STDERR  ] 2017-12-30T22:40:37.532392885Z: [    5.173348] Freeing initrd memory: 25568K
[STDERR  ] 2017-12-30T22:40:37.532398666Z: [    5.193713] PCLMULQDQ-NI instructions are not detected.
[STDERR  ] 2017-12-30T22:40:37.532404418Z: [    5.194986] AVX or AES-NI instructions are not detected.
[STDERR  ] 2017-12-30T22:40:37.532410559Z: [    5.195446] CPU feature 'AVX registers' is not supported.
[STDERR  ] 2017-12-30T22:40:37.532416322Z: [    5.195803] CPU feature 'AVX registers' is not supported.
[STDERR  ] 2017-12-30T22:40:37.532422305Z: [    5.196127] CPU feature 'AVX registers' is not supported.
[STDERR  ] 2017-12-30T22:40:37.532428471Z: [    5.196439] CPU feature 'AVX registers' is not supported.
[STDERR  ] 2017-12-30T22:40:37.532434123Z: [    5.196726] AVX2 or AES-NI instructions are not detected.
[STDERR  ] 2017-12-30T22:40:37.532439651Z: [    5.197023] AVX2 instructions are not detected.
[STDERR  ] 2017-12-30T22:40:37.532445469Z: [    5.201816] audit: initializing netlink subsys (disabled)
[STDERR  ] 2017-12-30T22:40:37.53245119Z: [    5.207168] audit: type=2000 audit(1514673606.200:1): state=initialized audit_enabled=0 res=1
[STDERR  ] 2017-12-30T22:40:37.532456873Z: [    5.208392] workingset: timestamp_bits=46 max_order=18 bucket_order=0
[STDERR  ] 2017-12-30T22:40:37.532465715Z: [    5.213155] squashfs: version 4.0 (2009/01/31) Phillip Lougher
[STDERR  ] 2017-12-30T22:40:37.532471408Z: [    5.216420] FS-Cache: Netfs 'cifs' registered for caching
[STDERR  ] 2017-12-30T22:40:37.532533063Z: [    5.217316] fuse init (API version 7.26)
[STDERR  ] 2017-12-30T22:40:37.532538695Z: [    5.219414] SGI XFS with ACLs, security attributes, no debug enabled
[STDERR  ] 2017-12-30T22:40:37.532546156Z: [    5.223107] 9p: Installing v9fs 9p2000 file system support
[STDERR  ] 2017-12-30T22:40:37.532553298Z: [    5.223568] FS-Cache: Netfs '9p' registered for caching
[STDERR  ] 2017-12-30T22:40:37.5325593Z: [    5.252007] NET: Registered protocol family 38
[STDERR  ] 2017-12-30T22:40:37.53256516Z: [    5.252613] Key type asymmetric registered
[STDERR  ] 2017-12-30T22:40:37.532570795Z: [    5.252984] Asymmetric key parser 'x509' registered
[STDERR  ] 2017-12-30T22:40:37.532576525Z: [    5.253698] Block layer SCSI generic (bsg) driver version 0.4 loaded (major 248)
[STDERR  ] 2017-12-30T22:40:37.532582789Z: [    5.255142] io scheduler noop registered
[STDERR  ] 2017-12-30T22:40:37.532589489Z: [    5.255485] io scheduler deadline registered (default)
[STDERR  ] 2017-12-30T22:40:37.532595165Z: [    5.256278] io scheduler cfq registered
[STDERR  ] 2017-12-30T22:40:37.532601014Z: [    5.256513] io scheduler mq-deadline registered
[STDERR  ] 2017-12-30T22:40:37.532609925Z: [    5.256718] io scheduler kyber registered
[STDERR  ] 2017-12-30T22:40:37.53261658Z: [    5.259371] shpchp: Standard Hot Plug PCI Controller Driver version: 0.4
[STDERR  ] 2017-12-30T22:40:37.532622415Z: [    5.260129] hv_vmbus: registering driver hyperv_fb
[STDERR  ] 2017-12-30T22:40:37.532628256Z: [    5.263726] input: Power Button as /devices/LNXSYSTM:00/LNXPWRBN:00/input/input0
[STDERR  ] 2017-12-30T22:40:37.532634528Z: [    5.266391] ACPI: Power Button [PWRF]
[STDERR  ] 2017-12-30T22:40:37.53264022Z: [    5.277170] ACPI: PCI Interrupt Link [GSIG] enabled at IRQ 22
[STDERR  ] 2017-12-30T22:40:37.532646094Z: [    5.288125] ACPI: PCI Interrupt Link [GSIH] enabled at IRQ 23
[STDERR  ] 2017-12-30T22:40:37.532651957Z: [    5.294156] Serial: 8250/16550 driver, 4 ports, IRQ sharing disabled
[STDERR  ] 2017-12-30T22:40:37.532657798Z: [    5.317789] 00:04: ttyS0 at I/O 0x3f8 (irq = 4, base_baud = 115200) is a 16550A
[STDERR  ] 2017-12-30T22:40:37.532666624Z: [    5.326968] Non-volatile memory driver v1.3
[STDERR  ] 2017-12-30T22:40:37.532672935Z: [    5.332884] Hangcheck: starting hangcheck timer 0.9.1 (tick is 180 seconds, margin is 60 seconds).
[STDERR  ] 2017-12-30T22:40:37.532679378Z: [    5.341269] random: crng init done
[STDERR  ] 2017-12-30T22:40:37.532685058Z: [    5.384532] brd: module loaded
[STDERR  ] 2017-12-30T22:40:37.532691169Z: [    5.407637] loop: module loaded
[STDERR  ] 2017-12-30T22:40:37.532696753Z: [    5.446864] lpc_ich 0000:00:1f.0: I/O space for GPIO uninitialized
[STDERR  ] 2017-12-30T22:40:37.532702541Z: [    5.448959] VMware PVSCSI driver - version 1.0.7.0-k
[STDERR  ] 2017-12-30T22:40:37.532708696Z: [    5.449623] hv_vmbus: registering driver hv_storvsc
[STDERR  ] 2017-12-30T22:40:37.532714966Z: [    5.455833] ACPI: PCI Interrupt Link [GSIA] enabled at IRQ 16
[STDERR  ] 2017-12-30T22:40:37.532720636Z: [    5.463185] ahci 0000:00:1f.2: AHCI 0001.0000 32 slots 6 ports 1.5 Gbps 0x3f impl SATA mode
[STDERR  ] 2017-12-30T22:40:37.532726521Z: [    5.463782] ahci 0000:00:1f.2: flags: 64bit ncq only 
[STDERR  ] 2017-12-30T22:40:37.532732028Z: [    5.476706] scsi host0: ahci
[STDERR  ] 2017-12-30T22:40:37.532737601Z: [    5.479257] scsi host1: ahci
[STDERR  ] 2017-12-30T22:40:37.532743212Z: [    5.481148] scsi host2: ahci
[STDERR  ] 2017-12-30T22:40:37.532749377Z: [    5.482657] scsi host3: ahci
[STDERR  ] 2017-12-30T22:40:37.532754973Z: [    5.484038] scsi host4: ahci
[STDERR  ] 2017-12-30T22:40:37.532760615Z: [    5.485398] scsi host5: ahci
[STDERR  ] 2017-12-30T22:40:37.532768616Z: [    5.486512] ata1: SATA max UDMA/133 abar m4096@0xfebd2000 port 0xfebd2100 irq 24
[STDERR  ] 2017-12-30T22:40:37.53277505Z: [    5.486964] ata2: SATA max UDMA/133 abar m4096@0xfebd2000 port 0xfebd2180 irq 24
[STDERR  ] 2017-12-30T22:40:37.532784361Z: [    5.487309] ata3: SATA max UDMA/133 abar m4096@0xfebd2000 port 0xfebd2200 irq 24
[STDERR  ] 2017-12-30T22:40:37.532790136Z: [    5.487634] ata4: SATA max UDMA/133 abar m4096@0xfebd2000 port 0xfebd2280 irq 24
[STDERR  ] 2017-12-30T22:40:37.53279592Z: [    5.487955] ata5: SATA max UDMA/133 abar m4096@0xfebd2000 port 0xfebd2300 irq 24
[STDERR  ] 2017-12-30T22:40:37.532801707Z: [    5.488257] ata6: SATA max UDMA/133 abar m4096@0xfebd2000 port 0xfebd2380 irq 24
[STDERR  ] 2017-12-30T22:40:37.532807438Z: [    5.498850] tun: Universal TUN/TAP device driver, 1.6
[STDERR  ] 2017-12-30T22:40:37.532812951Z: [    5.508769] VMware vmxnet3 virtual NIC driver - version 1.4.a.0-k-NAPI
[STDERR  ] 2017-12-30T22:40:37.532818469Z: [    5.509435] hv_vmbus: registering driver hv_netvsc
[STDERR  ] 2017-12-30T22:40:37.532824036Z: [    5.509875] Fusion MPT base driver 3.04.20
[STDERR  ] 2017-12-30T22:40:37.532829507Z: [    5.510351] Copyright (c) 1999-2008 LSI Corporation
[STDERR  ] 2017-12-30T22:40:37.532835057Z: [    5.510975] Fusion MPT SPI Host driver 3.04.20
[STDERR  ] 2017-12-30T22:40:37.532840531Z: [    5.512803] i8042: PNP: PS/2 Controller [PNP0303:KBD,PNP0f13:MOU] at 0x60,0x64 irq 1,12
[STDERR  ] 2017-12-30T22:40:37.532846366Z: [    5.516710] serio: i8042 KBD port at 0x60,0x64 irq 1
[STDERR  ] 2017-12-30T22:40:37.532851859Z: [    5.517332] serio: i8042 AUX port at 0x60,0x64 irq 12
[STDERR  ] 2017-12-30T22:40:37.532857346Z: [    5.519320] hv_vmbus: registering driver hyperv_keyboard
[STDERR  ] 2017-12-30T22:40:37.532862791Z: [    5.521358] mousedev: PS/2 mouse device common for all mice
[STDERR  ] 2017-12-30T22:40:37.532868891Z: [    5.525160] input: AT Translated Set 2 keyboard as /devices/platform/i8042/serio0/input/input1
[STDERR  ] 2017-12-30T22:40:37.53287455Z: [    5.527146] input: PC Speaker as /devices/platform/pcspkr/input/input2
[STDERR  ] 2017-12-30T22:40:37.532880031Z: [    5.530876] rtc_cmos 00:00: RTC can wake from S4
[STDERR  ] 2017-12-30T22:40:37.532885511Z: [    5.534159] rtc_cmos 00:00: rtc core: registered rtc_cmos as rtc0
[STDERR  ] 2017-12-30T22:40:37.532891008Z: [    5.535184] rtc_cmos 00:00: alarms up to one day, y3k, 114 bytes nvram, hpet irqs
[STDERR  ] 2017-12-30T22:40:37.532897342Z: [    5.535663] i2c /dev entries driver
[STDERR  ] 2017-12-30T22:40:37.532905984Z: [    5.537388] device-mapper: ioctl: 4.37.0-ioctl (2017-09-20) initialised: dm-devel@redhat.com
[STDERR  ] 2017-12-30T22:40:37.532911858Z: [    5.541373] usbcore: registered new interface driver usbhid
[STDERR  ] 2017-12-30T22:40:37.532917439Z: [    5.541539] usbhid: USB HID core driver
[STDERR  ] 2017-12-30T22:40:37.532922964Z: [    5.542046] hv_utils: Registering HyperV Utility Driver
[STDERR  ] 2017-12-30T22:40:37.532928379Z: [    5.542360] hv_vmbus: registering driver hv_util
[STDERR  ] 2017-12-30T22:40:37.532933839Z: [    5.542593] hv_vmbus: registering driver hv_balloon
[STDERR  ] 2017-12-30T22:40:37.532939403Z: [    5.543029] oprofile: using NMI interrupt.
[STDERR  ] 2017-12-30T22:40:37.532966297Z: [    5.544051] GACT probability on
[STDERR  ] 2017-12-30T22:40:37.532976145Z: [    5.544510] Mirror/redirect action on
[STDERR  ] 2017-12-30T22:40:37.532984667Z: [    5.545041] Simple TC action Loaded
[STDERR  ] 2017-12-30T22:40:37.5329932Z: [    5.545481] u32 classifier
[STDERR  ] 2017-12-30T22:40:37.533001871Z: [    5.545618]     Performance counters on
[STDERR  ] 2017-12-30T22:40:37.533011247Z: [    5.545801]     input device check on
[STDERR  ] 2017-12-30T22:40:37.533019974Z: [    5.545980]     Actions configured
[STDERR  ] 2017-12-30T22:40:37.533028335Z: [    5.546669] Netfilter messages via NETLINK v0.30.
[STDERR  ] 2017-12-30T22:40:37.533040811Z: [    5.547210] nfnl_acct: registering with nfnetlink.
[STDERR  ] 2017-12-30T22:40:37.533048843Z: [    5.548297] nf_conntrack version 0.5.0 (8192 buckets, 32768 max)
[STDERR  ] 2017-12-30T22:40:37.533057449Z: [    5.550759] ctnetlink v0.93: registering with nfnetlink.
[STDERR  ] 2017-12-30T22:40:37.533070026Z: [    5.553662] nf_tables: (c) 2007-2009 Patrick McHardy <kaber@trash.net>
[STDERR  ] 2017-12-30T22:40:37.533078666Z: [    5.554426] nf_tables_compat: (c) 2012 Pablo Neira Ayuso <pablo@netfilter.org>
[STDERR  ] 2017-12-30T22:40:37.533086559Z: [    5.556731] xt_time: kernel timezone is -0000
[STDERR  ] 2017-12-30T22:40:37.533095491Z: [    5.557125] ip_set: protocol 6
[STDERR  ] 2017-12-30T22:40:37.533103969Z: [    5.557811] IPVS: Registered protocols (TCP, UDP, SCTP, AH, ESP)
[STDERR  ] 2017-12-30T22:40:37.53311316Z: [    5.558291] IPVS: Connection hash table configured (size=4096, memory=64Kbytes)
[STDERR  ] 2017-12-30T22:40:37.533121243Z: [    5.562263] IPVS: ipvs loaded.
[STDERR  ] 2017-12-30T22:40:37.533129386Z: [    5.562623] IPVS: [rr] scheduler registered.
[STDERR  ] 2017-12-30T22:40:37.53313762Z: [    5.562894] IPVS: [wrr] scheduler registered.
[STDERR  ] 2017-12-30T22:40:37.53314688Z: [    5.563100] IPVS: [lc] scheduler registered.
[STDERR  ] 2017-12-30T22:40:37.533155684Z: [    5.563291] IPVS: [wlc] scheduler registered.
[STDERR  ] 2017-12-30T22:40:37.533164284Z: [    5.563523] IPVS: [fo] scheduler registered.
[STDERR  ] 2017-12-30T22:40:37.533173256Z: [    5.563710] IPVS: [ovf] scheduler registered.
[STDERR  ] 2017-12-30T22:40:37.533183955Z: [    5.564115] IPVS: [lblc] scheduler registered.
[STDERR  ] 2017-12-30T22:40:37.533190485Z: [    5.564440] IPVS: [lblcr] scheduler registered.
[STDERR  ] 2017-12-30T22:40:37.533196289Z: [    5.564673] IPVS: [dh] scheduler registered.
[STDERR  ] 2017-12-30T22:40:37.533201929Z: [    5.564876] IPVS: [sh] scheduler registered.
[STDERR  ] 2017-12-30T22:40:37.533207687Z: [    5.565092] IPVS: [sed] scheduler registered.
[STDERR  ] 2017-12-30T22:40:37.533213299Z: [    5.565276] IPVS: [nq] scheduler registered.
[STDERR  ] 2017-12-30T22:40:37.533219055Z: [    5.565944] IPVS: ftp: loaded support on port[0] = 21
[STDERR  ] 2017-12-30T22:40:37.53322585Z: [    5.566672] ipip: IPv4 and MPLS over IPv4 tunneling driver
[STDERR  ] 2017-12-30T22:40:37.533232116Z: [    5.570770] gre: GRE over IPv4 demultiplexor driver
[STDERR  ] 2017-12-30T22:40:37.53323819Z: [    5.573355] ip_tables: (C) 2000-2006 Netfilter Core Team
[STDERR  ] 2017-12-30T22:40:37.533243668Z: [    5.576440] ipt_CLUSTERIP: ClusterIP Version 0.8 loaded successfully
[STDERR  ] 2017-12-30T22:40:37.533256266Z: [    5.577049] arp_tables: arp_tables: (C) 2002 David S. Miller
[STDERR  ] 2017-12-30T22:40:37.533262261Z: [    5.579077] NET: Registered protocol family 10
[STDERR  ] 2017-12-30T22:40:37.533268098Z: [    5.587692] Segment Routing with IPv6
[STDERR  ] 2017-12-30T22:40:37.533276674Z: [    5.588441] ip6_tables: (C) 2000-2006 Netfilter Core Team
[STDERR  ] 2017-12-30T22:40:37.533282487Z: [    5.595585] NET: Registered protocol family 17
[STDERR  ] 2017-12-30T22:40:37.533288318Z: [    5.596616] Bridge firewalling registered
[STDERR  ] 2017-12-30T22:40:37.533294152Z: [    5.597091] Ebtables v2.0 registered
[STDERR  ] 2017-12-30T22:40:37.533299655Z: [    5.598916] 8021q: 802.1Q VLAN Support v1.8
[STDERR  ] 2017-12-30T22:40:37.533305346Z: [    5.600546] 9pnet: Installing 9P2000 support
[STDERR  ] 2017-12-30T22:40:37.533311077Z: [    5.602154] Key type dns_resolver registered
[STDERR  ] 2017-12-30T22:40:37.533319271Z: [    5.603378] sched_clock: Marking stable (5600203010, 0)->(5707687558, -107484548)
[STDERR  ] 2017-12-30T22:40:37.533325225Z: [    5.606284] registered taskstats version 1
[STDERR  ] 2017-12-30T22:40:37.533330813Z: [    5.795170] Key type big_key registered
[STDERR  ] 2017-12-30T22:40:37.533336288Z: [    5.821686] ata3: SATA link up 1.5 Gbps (SStatus 113 SControl 300)
[STDERR  ] 2017-12-30T22:40:37.533342194Z: [    5.825587] ata2: SATA link down (SStatus 0 SControl 300)
[STDERR  ] 2017-12-30T22:40:37.533348657Z: [    5.827300] ata1: SATA link down (SStatus 0 SControl 300)
[STDERR  ] 2017-12-30T22:40:37.533354573Z: [    5.829533] ata3.00: ATAPI: QEMU DVD-ROM, 2.5+, max UDMA/100
[STDERR  ] 2017-12-30T22:40:37.533360196Z: [    5.830017] ata3.00: applying bridge limits
[STDERR  ] 2017-12-30T22:40:37.53337045Z: [    5.832067] ata5: SATA link down (SStatus 0 SControl 300)
[STDERR  ] 2017-12-30T22:40:37.533376239Z: [    5.833544] ata4: SATA link down (SStatus 0 SControl 300)
[STDERR  ] 2017-12-30T22:40:37.533382301Z: [    5.834690] ata3.00: configured for UDMA/100
[STDERR  ] 2017-12-30T22:40:37.533388012Z: [    5.845624] ata6: SATA link down (SStatus 0 SControl 300)
[STDERR  ] 2017-12-30T22:40:37.533394289Z: [    5.851935] scsi 2:0:0:0: CD-ROM            QEMU     QEMU DVD-ROM     2.5+ PQ: 0 ANSI: 5
[STDERR  ] 2017-12-30T22:40:37.533400165Z: [    5.873783] sr 2:0:0:0: [sr0] scsi3-mmc drive: 4x/4x cd/rw xa/form2 tray
[STDERR  ] 2017-12-30T22:40:37.533406207Z: [    5.874446] cdrom: Uniform CD-ROM driver Revision: 3.20
[STDERR  ] 2017-12-30T22:40:37.53341188Z: [    5.884207] sr 2:0:0:0: Attached scsi generic sg0 type 5
[STDERR  ] 2017-12-30T22:40:37.53341745Z: [    5.906666] Key type encrypted registered
[STDERR  ] 2017-12-30T22:40:37.533422907Z: [    5.912221] rtc_cmos 00:00: setting system clock to 2017-12-30 22:40:07 UTC (1514673607)
[STDERR  ] 2017-12-30T22:40:37.533428854Z: [    6.051152] Freeing unused kernel memory: 1464K
[STDERR  ] 2017-12-30T22:40:37.533436808Z: [    6.051389] Write protecting the kernel read-only data: 14336k
[STDERR  ] 2017-12-30T22:40:37.533442608Z: [    6.061214] Freeing unused kernel memory: 1512K
[STDERR  ] 2017-12-30T22:40:37.533448038Z: [    6.092286] Freeing unused kernel memory: 1144K
[STDERR  ] 2017-12-30T22:40:37.533453458Z: [    6.240810] tsc: Refined TSC clocksource calibration: 2599.939 MHz
[STDERR  ] 2017-12-30T22:40:37.533459166Z: [    6.241188] clocksource: tsc: mask: 0xffffffffffffffff max_cycles: 0x257a0296a5d, max_idle_ns: 440795336269 ns
[STDERR  ] 2017-12-30T22:40:37.533464737Z: [    7.262004] clocksource: Switched to clocksource tsc
[STDERR  ] 2017-12-30T22:40:37.533470266Z: 
[STDERR  ] 2017-12-30T22:40:37.533481365Z: Welcome to LinuxKit
[STDERR  ] 2017-12-30T22:40:37.533487186Z: 
[STDERR  ] 2017-12-30T22:40:37.533495563Z:                         ##         .
[STDERR  ] 2017-12-30T22:40:37.533501232Z:                   ## ## ##        ==
[STDERR  ] 2017-12-30T22:40:37.533507141Z:                ## ## ## ## ##    ===
[STDERR  ] 2017-12-30T22:40:37.533512647Z:            /"""""""""""""""""\___/ ===
[STDERR  ] 2017-12-30T22:40:37.533518362Z:           {                       /  ===-
[STDERR  ] 2017-12-30T22:40:37.533526872Z:            \______ O           __/
[STDERR  ] 2017-12-30T22:40:37.533534081Z:              \    \         __/
[STDERR  ] 2017-12-30T22:40:37.533539833Z:               \____\_______/
[STDERR  ] 2017-12-30T22:40:37.533545448Z: 
[STDERR  ] 2017-12-30T22:40:37.533551207Z: starting kernel config sanity test with /proc/config.gz
[STDERR  ] 2017-12-30T22:40:37.533557661Z: [   17.833227] RPC: Registered named UNIX socket transport module.
[STDERR  ] 2017-12-30T22:40:37.533563282Z: [   17.833503] RPC: Registered udp transport module.
[STDERR  ] 2017-12-30T22:40:37.533568859Z: [   17.833999] RPC: Registered tcp transport module.
[STDERR  ] 2017-12-30T22:40:37.533574334Z: [   17.834169] RPC: Registered tcp NFSv4.1 backchannel transport module.
[STDERR  ] 2017-12-30T22:40:37.533580517Z: [   17.948338] FS-Cache: Netfs 'nfs' registered for caching
[STDERR  ] 2017-12-30T22:40:37.533585997Z: [   18.058198] Installing knfsd (copyright (C) 1996 okir@monad.swb.de).
[STDERR  ] 2017-12-30T22:40:37.533592121Z: [   18.120993] ntfs: driver 2.1.32 [Flags: R/O MODULE].
[STDERR  ] 2017-12-30T22:40:37.533597581Z: kernel config test succeeded!
[STDERR  ] 2017-12-30T22:40:37.533603284Z: [37minfo: reading kernel config from /proc/config.gz ...[m
[STDERR  ] 2017-12-30T22:40:37.533608762Z: 
[STDERR  ] 2017-12-30T22:40:37.533614364Z: Generally Necessary:
[STDERR  ] 2017-12-30T22:40:37.533620839Z: - [37mcgroup hierarchy[m: [32mproperly mounted[m [/sys/fs/cgroup]
[STDERR  ] 2017-12-30T22:40:37.533626393Z: - [37mCONFIG_NAMESPACES[m: [32menabled[m
[STDERR  ] 2017-12-30T22:40:37.533631836Z: - [37mCONFIG_NET_NS[m: [32menabled[m
[STDERR  ] 2017-12-30T22:40:37.533637442Z: - [37mCONFIG_PID_NS[m: [32menabled[m
[STDERR  ] 2017-12-30T22:40:37.533646061Z: - [37mCONFIG_IPC_NS[m: [32menabled[m
[STDERR  ] 2017-12-30T22:40:37.533651729Z: - [37mCONFIG_UTS_NS[m: [32menabled[m
[STDERR  ] 2017-12-30T22:40:37.533657299Z: - [37mCONFIG_CGROUPS[m: [32menabled[m
[STDERR  ] 2017-12-30T22:40:37.533662771Z: - [37mCONFIG_CGROUP_CPUACCT[m: [32menabled[m
[STDERR  ] 2017-12-30T22:40:37.533668333Z: - [37mCONFIG_CGROUP_DEVICE[m: [32menabled[m
[STDERR  ] 2017-12-30T22:40:37.533673913Z: - [37mCONFIG_CGROUP_FREEZER[m: [32menabled[m
[STDERR  ] 2017-12-30T22:40:37.533679399Z: - [37mCONFIG_CGROUP_SCHED[m: [32menabled[m
[STDERR  ] 2017-12-30T22:40:37.533685054Z: - [37mCONFIG_CPUSETS[m: [32menabled[m
[STDERR  ] 2017-12-30T22:40:37.533690593Z: - [37mCONFIG_MEMCG[m: [32menabled[m
[STDERR  ] 2017-12-30T22:40:37.533696078Z: - [37mCONFIG_KEYS[m: [32menabled[m
[STDERR  ] 2017-12-30T22:40:37.533701529Z: - [37mCONFIG_VETH[m: [32menabled[m
[STDERR  ] 2017-12-30T22:40:37.533706993Z: - [37mCONFIG_BRIDGE[m: [32menabled[m
[STDERR  ] 2017-12-30T22:40:37.533712601Z: - [37mCONFIG_BRIDGE_NETFILTER[m: [32menabled[m
[STDERR  ] 2017-12-30T22:40:37.533719931Z: - [37mCONFIG_NF_NAT_IPV4[m: [32menabled[m
[STDERR  ] 2017-12-30T22:40:37.533725404Z: - [37mCONFIG_IP_NF_FILTER[m: [32menabled[m
[STDERR  ] 2017-12-30T22:40:37.533730938Z: - [37mCONFIG_IP_NF_TARGET_MASQUERADE[m: [32menabled[m
[STDERR  ] 2017-12-30T22:40:37.533736435Z: - [37mCONFIG_NETFILTER_XT_MATCH_ADDRTYPE[m: [32menabled[m
[STDERR  ] 2017-12-30T22:40:37.533741964Z: - [37mCONFIG_NETFILTER_XT_MATCH_CONNTRACK[m: [32menabled[m
[STDERR  ] 2017-12-30T22:40:37.533747467Z: - [37mCONFIG_NETFILTER_XT_MATCH_IPVS[m: [32menabled[m
[STDERR  ] 2017-12-30T22:40:37.533753022Z: - [37mCONFIG_IP_NF_NAT[m: [32menabled[m
[STDERR  ] 2017-12-30T22:40:37.533759943Z: - [37mCONFIG_NF_NAT[m: [32menabled[m
[STDERR  ] 2017-12-30T22:40:37.533765469Z: - [37mCONFIG_NF_NAT_NEEDED[m: [32menabled[m
[STDERR  ] 2017-12-30T22:40:37.533770928Z: - [37mCONFIG_POSIX_MQUEUE[m: [32menabled[m
[STDERR  ] 2017-12-30T22:40:37.533776414Z: 
[STDERR  ] 2017-12-30T22:40:37.533781935Z: Optional Features:
[STDERR  ] 2017-12-30T22:40:37.533787446Z: - [37mCONFIG_USER_NS[m: [32menabled[m
[STDERR  ] 2017-12-30T22:40:37.533792936Z: - [37mCONFIG_SECCOMP[m: [32menabled[m
[STDERR  ] 2017-12-30T22:40:37.533801889Z: - [37mCONFIG_CGROUP_PIDS[m: [32menabled[m
[STDERR  ] 2017-12-30T22:40:37.533807492Z: - [37mCONFIG_MEMCG_SWAP[m: [32menabled[m
[STDERR  ] 2017-12-30T22:40:37.533812983Z: - [37mCONFIG_MEMCG_SWAP_ENABLED[m: [32menabled[m
[STDERR  ] 2017-12-30T22:40:37.533818456Z:     [1;30m(cgroup swap accounting is currently enabled)[m
[STDERR  ] 2017-12-30T22:40:37.533823934Z: - [1mCONFIG_LEGACY_VSYSCALL_NONE[m: [1;31menabled[m
[STDERR  ] 2017-12-30T22:40:37.533829471Z:     [1;30m(containers using eglibc <= 2.13 will not work. Switch to[m
[STDERR  ] 2017-12-30T22:40:37.533835138Z:     [1;30m "CONFIG_VSYSCALL_[NATIVE|EMULATE]" or use "vsyscall=[native|emulate]"[m
[STDERR  ] 2017-12-30T22:40:37.533840654Z:     [1;30m on kernel command line. Note that this will disable ASLR for the,[m
[STDERR  ] 2017-12-30T22:40:37.533846794Z:     [1;30m VDSO which may assist in exploiting security vulnerabilities.)[m
[STDERR  ] 2017-12-30T22:40:37.533852317Z: - [37mCONFIG_BLK_CGROUP[m: [32menabled[m
[STDERR  ] 2017-12-30T22:40:37.533857784Z: - [37mCONFIG_BLK_DEV_THROTTLING[m: [32menabled[m
[STDERR  ] 2017-12-30T22:40:37.533863275Z: - [37mCONFIG_IOSCHED_CFQ[m: [32menabled[m
[STDERR  ] 2017-12-30T22:40:37.53386874Z: - [37mCONFIG_CFQ_GROUP_IOSCHED[m: [32menabled[m
[STDERR  ] 2017-12-30T22:40:37.53387666Z: - [37mCONFIG_CGROUP_PERF[m: [32menabled[m
[STDERR  ] 2017-12-30T22:40:37.533882102Z: - [37mCONFIG_CGROUP_HUGETLB[m: [32menabled[m
[STDERR  ] 2017-12-30T22:40:37.533887548Z: - [37mCONFIG_NET_CLS_CGROUP[m: [32menabled[m
[STDERR  ] 2017-12-30T22:40:37.533892994Z: - [37mCONFIG_CGROUP_NET_PRIO[m: [32menabled[m
[STDERR  ] 2017-12-30T22:40:37.533901801Z: - [37mCONFIG_CFS_BANDWIDTH[m: [32menabled[m
[STDERR  ] 2017-12-30T22:40:37.533907655Z: - [37mCONFIG_FAIR_GROUP_SCHED[m: [32menabled[m
[STDERR  ] 2017-12-30T22:40:37.533915185Z: - [37mCONFIG_RT_GROUP_SCHED[m: [32menabled[m
[STDERR  ] 2017-12-30T22:40:37.533920735Z: - [37mCONFIG_IP_VS[m: [32menabled[m
[STDERR  ] 2017-12-30T22:40:37.53392628Z: - [37mCONFIG_IP_VS_NFCT[m: [32menabled[m
[STDERR  ] 2017-12-30T22:40:37.533931785Z: - [37mCONFIG_IP_VS_RR[m: [32menabled[m
[STDERR  ] 2017-12-30T22:40:37.533937256Z: - [37mCONFIG_EXT4_FS[m: [32menabled[m
[STDERR  ] 2017-12-30T22:40:37.533942671Z: - [37mCONFIG_EXT4_FS_POSIX_ACL[m: [32menabled[m
[STDERR  ] 2017-12-30T22:40:37.533948069Z: - [37mCONFIG_EXT4_FS_SECURITY[m: [32menabled[m
[STDERR  ] 2017-12-30T22:40:37.533953559Z: - Network Drivers:
[STDERR  ] 2017-12-30T22:40:37.533959256Z:   - "[34moverlay[m":
[STDERR  ] 2017-12-30T22:40:37.533964816Z:     - [37mCONFIG_VXLAN[m: [32menabled[m
[STDERR  ] 2017-12-30T22:40:37.533970323Z:       Optional (for encrypted networks):
[STDERR  ] 2017-12-30T22:40:37.533975793Z:       - [37mCONFIG_CRYPTO[m: [32menabled[m
[STDERR  ] 2017-12-30T22:40:37.533981233Z:       - [37mCONFIG_CRYPTO_AEAD[m: [32menabled[m
[STDERR  ] 2017-12-30T22:40:37.533986701Z:       - [37mCONFIG_CRYPTO_GCM[m: [32menabled[m
[STDERR  ] 2017-12-30T22:40:37.533992098Z:       - [37mCONFIG_CRYPTO_SEQIV[m: [32menabled[m
[STDERR  ] 2017-12-30T22:40:37.533997606Z:       - [37mCONFIG_CRYPTO_GHASH[m: [32menabled[m
[STDERR  ] 2017-12-30T22:40:37.534003062Z:       - [37mCONFIG_XFRM[m: [32menabled[m
[STDERR  ] 2017-12-30T22:40:37.534008619Z:       - [37mCONFIG_XFRM_USER[m: [32menabled (as module)[m
[STDERR  ] 2017-12-30T22:40:37.534014138Z:       - [37mCONFIG_XFRM_ALGO[m: [32menabled (as module)[m
[STDERR  ] 2017-12-30T22:40:37.534019963Z:       - [37mCONFIG_INET_ESP[m: [32menabled (as module)[m
[STDERR  ] 2017-12-30T22:40:37.534027059Z:       - [37mCONFIG_INET_XFRM_MODE_TRANSPORT[m: [32menabled (as module)[m
[STDERR  ] 2017-12-30T22:40:37.534033153Z:   - "[34mipvlan[m":
[STDERR  ] 2017-12-30T22:40:37.53403871Z:     - [37mCONFIG_IPVLAN[m: [32menabled[m
[STDERR  ] 2017-12-30T22:40:37.534044171Z:   - "[34mmacvlan[m":
[STDERR  ] 2017-12-30T22:40:37.534051879Z:     - [37mCONFIG_MACVLAN[m: [32menabled[m
[STDERR  ] 2017-12-30T22:40:37.534060153Z:     - [37mCONFIG_DUMMY[m: [32menabled (as module)[m
[STDERR  ] 2017-12-30T22:40:37.534065918Z:   - "[34mftp,tftp client in container[m":
[STDERR  ] 2017-12-30T22:40:37.534071417Z:     - [37mCONFIG_NF_NAT_FTP[m: [32menabled[m
[STDERR  ] 2017-12-30T22:40:37.534076919Z:     - [37mCONFIG_NF_CONNTRACK_FTP[m: [32menabled[m
[STDERR  ] 2017-12-30T22:40:37.534082406Z:     - [37mCONFIG_NF_NAT_TFTP[m: [32menabled[m
[STDERR  ] 2017-12-30T22:40:37.534087822Z:     - [37mCONFIG_NF_CONNTRACK_TFTP[m: [32menabled[m
[STDERR  ] 2017-12-30T22:40:37.53409333Z: - Storage Drivers:
[STDERR  ] 2017-12-30T22:40:37.534098884Z:   - "[34maufs[m":
[STDERR  ] 2017-12-30T22:40:37.534104406Z:     - [1mCONFIG_AUFS_FS[m: [1;31mmissing[m
[STDERR  ] 2017-12-30T22:40:37.53411189Z:   - "[34mbtrfs[m":
[STDERR  ] 2017-12-30T22:40:37.534117414Z:     - [37mCONFIG_BTRFS_FS[m: [32menabled (as module)[m
[STDERR  ] 2017-12-30T22:40:37.534122824Z:     - [37mCONFIG_BTRFS_FS_POSIX_ACL[m: [32menabled[m
[STDERR  ] 2017-12-30T22:40:37.534128263Z:   - "[34mdevicemapper[m":
[STDERR  ] 2017-12-30T22:40:37.534133746Z:     - [37mCONFIG_BLK_DEV_DM[m: [32menabled[m
[STDERR  ] 2017-12-30T22:40:37.534140307Z:     - [37mCONFIG_DM_THIN_PROVISIONING[m: [32menabled[m
[STDERR  ] 2017-12-30T22:40:37.534148131Z:   - "[34moverlay[m":
[STDERR  ] 2017-12-30T22:40:37.53415546Z:     - [37mCONFIG_OVERLAY_FS[m: [32menabled[m
[STDERR  ] 2017-12-30T22:40:37.534163335Z:   - "[34mzfs[m":
[STDERR  ] 2017-12-30T22:40:37.534171543Z:     - [1m/dev/zfs[m: [1;31mmissing[m
[STDERR  ] 2017-12-30T22:40:37.534179227Z:     - [1mzfs command[m: [1;31mmissing[m
[STDERR  ] 2017-12-30T22:40:37.5341908Z:     - [1mzpool command[m: [1;31mmissing[m
[STDERR  ] 2017-12-30T22:40:37.534198673Z: 
[STDERR  ] 2017-12-30T22:40:37.534206508Z: Limits:
[STDERR  ] 2017-12-30T22:40:37.534213358Z: [37m- /proc/sys/kernel/keys/root_maxkeys[m: [32m1000000[m
[STDERR  ] 2017-12-30T22:40:37.534218882Z: 
[STDERR  ] 2017-12-30T22:40:37.534224488Z: Kernel config test suite PASSED
[STDERR  ] 2017-12-30T22:40:37.534230082Z: [   34.935104] ACPI: Preparing to enter system sleep state S5
[STDERR  ] 2017-12-30T22:40:37.534235661Z: [   34.941088] reboot: Power down
[STDERR  ] 2017-12-30T22:40:37.534241803Z: + echo [    0.000000] Linux version 4.14.10-linuxkit (root@68b4d855812e) (gcc version 6.4.0 (Alpine 6.4.0)) #1 SMP Sat Dec 30 16:29:37 UTC 2017
[STDERR  ] 2017-12-30T22:40:37.53424827Z: [    0.000000] Command line: console=ttyS0 console=ttyAMA0
[STDERR  ] 2017-12-30T22:40:37.53425394Z: [    0.000000] x86/fpu: x87 FPU will use FXSAVE
[STDERR  ] 2017-12-30T22:40:37.534259565Z: [    0.000000] e820: BIOS-provided physical RAM map:
[STDERR  ] 2017-12-30T22:40:37.534265161Z: [    0.000000] BIOS-e820: [mem 0x0000000000000000-0x000000000009fbff] usable
[STDERR  ] 2017-12-30T22:40:37.534273046Z: [    0.000000] BIOS-e820: [mem 0x000000000009fc00-0x000000000009ffff] reserved
[STDERR  ] 2017-12-30T22:40:37.534280351Z: [    0.000000] BIOS-e820: [mem 0x00000000000f0000-0x00000000000fffff] reserved
[STDERR  ] 2017-12-30T22:40:37.534286046Z: [    0.000000] BIOS-e820: [mem 0x0000000000100000-0x000000003ffdefff] usable
[STDERR  ] 2017-12-30T22:40:37.534291598Z: [    0.000000] BIOS-e820: [mem 0x000000003ffdf000-0x000000003fffffff] reserved
[STDERR  ] 2017-12-30T22:40:37.534297506Z: [    0.000000] BIOS-e820: [mem 0x00000000b0000000-0x00000000bfffffff] reserved
[STDERR  ] 2017-12-30T22:40:37.534303266Z: [    0.000000] BIOS-e820: [mem 0x00000000fed1c000-0x00000000fed1ffff] reserved
[STDERR  ] 2017-12-30T22:40:37.534308734Z: [    0.000000] BIOS-e820: [mem 0x00000000fffc0000-0x00000000ffffffff] reserved
[STDERR  ] 2017-12-30T22:40:37.534314405Z: [    0.000000] NX (Execute Disable) protection: active
[STDERR  ] 2017-12-30T22:40:37.534319973Z: [    0.000000] random: fast init done
[STDERR  ] 2017-12-30T22:40:37.534325604Z: [    0.000000] SMBIOS 2.8 present.
[STDERR  ] 2017-12-30T22:40:37.53433109Z: [    0.000000] DMI: QEMU Standard PC (Q35 + ICH9, 2009), BIOS rel-1.10.2-0-g5f4c7b1-prebuilt.qemu-project.org 04/01/2014
[STDERR  ] 2017-12-30T22:40:37.534341159Z: [    0.000000] tsc: Fast TSC calibration using PIT
[STDERR  ] 2017-12-30T22:40:37.534346841Z: [    0.000000] e820: last_pfn = 0x3ffdf max_arch_pfn = 0x400000000
[STDERR  ] 2017-12-30T22:40:37.534352386Z: [    0.000000] x86/PAT: Configuration [0-7]: WB  WC  UC- UC  WB  WP  UC- WT  
[STDERR  ] 2017-12-30T22:40:37.534357924Z: [    0.000000] found SMP MP-table at [mem 0x000f6aa0-0x000f6aaf] mapped at [ffffffffff200aa0]
[STDERR  ] 2017-12-30T22:40:37.534364006Z: [    0.000000] RAMDISK: [mem 0x3e6d8000-0x3ffcffff]
[STDERR  ] 2017-12-30T22:40:37.534369662Z: [    0.000000] ACPI: Early table checksum verification disabled
[STDERR  ] 2017-12-30T22:40:37.534375323Z: [    0.000000] ACPI: RSDP 0x00000000000F68B0 000014 (v00 BOCHS )
[STDERR  ] 2017-12-30T22:40:37.534380873Z: [    0.000000] ACPI: RSDT 0x000000003FFE20A8 000034 (v01 BOCHS  BXPCRSDT 00000001 BXPC 00000001)
[STDERR  ] 2017-12-30T22:40:37.534386615Z: [    0.000000] ACPI: FACP 0x000000003FFE1EC8 0000F4 (v03 BOCHS  BXPCFACP 00000001 BXPC 00000001)
[STDERR  ] 2017-12-30T22:40:37.534392261Z: [    0.000000] ACPI: DSDT 0x000000003FFE0040 001E88 (v01 BOCHS  BXPCDSDT 00000001 BXPC 00000001)
[STDERR  ] 2017-12-30T22:40:37.534400409Z: [    0.000000] ACPI: FACS 0x000000003FFE0000 000040
[STDERR  ] 2017-12-30T22:40:37.534405941Z: [    0.000000] ACPI: APIC 0x000000003FFE1FBC 000078 (v01 BOCHS  BXPCAPIC 00000001 BXPC 00000001)
[STDERR  ] 2017-12-30T22:40:37.534411503Z: [    0.000000] ACPI: HPET 0x000000003FFE2034 000038 (v01 BOCHS  BXPCHPET 00000001 BXPC 00000001)
[STDERR  ] 2017-12-30T22:40:37.534417247Z: [    0.000000] ACPI: MCFG 0x000000003FFE206C 00003C (v01 BOCHS  BXPCMCFG 00000001 BXPC 00000001)
[STDERR  ] 2017-12-30T22:40:37.534426113Z: [    0.000000] Zone ranges:
[STDERR  ] 2017-12-30T22:40:37.53443194Z: [    0.000000]   DMA      [mem 0x0000000000001000-0x0000000000ffffff]
[STDERR  ] 2017-12-30T22:40:37.534437516Z: [    0.000000]   DMA32    [mem 0x0000000001000000-0x000000003ffdefff]
[STDERR  ] 2017-12-30T22:40:37.534443084Z: [    0.000000]   Normal   empty
[STDERR  ] 2017-12-30T22:40:37.534448605Z: [    0.000000]   Device   empty
[STDERR  ] 2017-12-30T22:40:37.534454199Z: [    0.000000] Movable zone start for each node
[STDERR  ] 2017-12-30T22:40:37.534459721Z: [    0.000000] Early memory node ranges
[STDERR  ] 2017-12-30T22:40:37.534465303Z: [    0.000000]   node   0: [mem 0x0000000000001000-0x000000000009efff]
[STDERR  ] 2017-12-30T22:40:37.534470872Z: [    0.000000]   node   0: [mem 0x0000000000100000-0x000000003ffdefff]
[STDERR  ] 2017-12-30T22:40:37.534480831Z: [    0.000000] Initmem setup node 0 [mem 0x0000000000001000-0x000000003ffdefff]
[STDERR  ] 2017-12-30T22:40:37.534486378Z: [    0.000000] ACPI: PM-Timer IO Port: 0x608
[STDERR  ] 2017-12-30T22:40:37.534491907Z: [    0.000000] ACPI: LAPIC_NMI (acpi_id[0xff] dfl dfl lint[0x1])
[STDERR  ] 2017-12-30T22:40:37.534497465Z: [    0.000000] IOAPIC[0]: apic_id 0, version 32, address 0xfec00000, GSI 0-23
[STDERR  ] 2017-12-30T22:40:37.534502985Z: [    0.000000] ACPI: INT_SRC_OVR (bus 0 bus_irq 0 global_irq 2 dfl dfl)
[STDERR  ] 2017-12-30T22:40:37.534508502Z: [    0.000000] ACPI: INT_SRC_OVR (bus 0 bus_irq 5 global_irq 5 high level)
[STDERR  ] 2017-12-30T22:40:37.534514122Z: [    0.000000] ACPI: INT_SRC_OVR (bus 0 bus_irq 9 global_irq 9 high level)
[STDERR  ] 2017-12-30T22:40:37.534519652Z: [    0.000000] ACPI: INT_SRC_OVR (bus 0 bus_irq 10 global_irq 10 high level)
[STDERR  ] 2017-12-30T22:40:37.534525875Z: [    0.000000] ACPI: INT_SRC_OVR (bus 0 bus_irq 11 global_irq 11 high level)
[STDERR  ] 2017-12-30T22:40:37.534531408Z: [    0.000000] Using ACPI (MADT) for SMP configuration information
[STDERR  ] 2017-12-30T22:40:37.53453713Z: [    0.000000] ACPI: HPET id: 0x8086a201 base: 0xfed00000
[STDERR  ] 2017-12-30T22:40:37.534542673Z: [    0.000000] smpboot: Allowing 1 CPUs, 0 hotplug CPUs
[STDERR  ] 2017-12-30T22:40:37.534550523Z: [    0.000000] e820: [mem 0x40000000-0xafffffff] available for PCI devices
[STDERR  ] 2017-12-30T22:40:37.534558702Z: [    0.000000] Booting paravirtualized kernel on bare hardware
[STDERR  ] 2017-12-30T22:40:37.534564496Z: [    0.000000] clocksource: refined-jiffies: mask: 0xffffffff max_cycles: 0xffffffff, max_idle_ns: 19112604462750000 ns
[STDERR  ] 2017-12-30T22:40:37.53457024Z: [    0.000000] setup_percpu: NR_CPUS:128 nr_cpumask_bits:128 nr_cpu_ids:1 nr_node_ids:1
[STDERR  ] 2017-12-30T22:40:37.534575948Z: [    0.000000] percpu: Embedded 40 pages/cpu @ffff93cd7e400000 s125144 r8192 d30504 u2097152
[STDERR  ] 2017-12-30T22:40:37.534581509Z: [    0.000000] Built 1 zonelists, mobility grouping on.  Total pages: 257896
[STDERR  ] 2017-12-30T22:40:37.534587168Z: [    0.000000] Kernel command line: console=ttyS0 console=ttyAMA0
[STDERR  ] 2017-12-30T22:40:37.534592717Z: [    0.000000] PID hash table entries: 4096 (order: 3, 32768 bytes)
[STDERR  ] 2017-12-30T22:40:37.534598317Z: [    0.000000] Dentry cache hash table entries: 131072 (order: 8, 1048576 bytes)
[STDERR  ] 2017-12-30T22:40:37.534603831Z: [    0.000000] Inode-cache hash table entries: 65536 (order: 7, 524288 bytes)
[STDERR  ] 2017-12-30T22:40:37.534610955Z: [    0.000000] Memory: 983412K/1048052K available (8720K kernel code, 1437K rwdata, 2952K rodata, 1464K init, 628K bss, 64640K reserved, 0K cma-reserved)
[STDERR  ] 2017-12-30T22:40:37.53461741Z: [    0.000000] ftrace: allocating 40608 entries in 159 pages
[STDERR  ] 2017-12-30T22:40:37.534623106Z: [    0.000000] Hierarchical RCU implementation.
[STDERR  ] 2017-12-30T22:40:37.534628591Z: [    0.000000] 	RCU restricting CPUs from NR_CPUS=128 to nr_cpu_ids=1.
[STDERR  ] 2017-12-30T22:40:37.534634265Z: [    0.000000] RCU: Adjusting geometry for rcu_fanout_leaf=16, nr_cpu_ids=1
[STDERR  ] 2017-12-30T22:40:37.53464352Z: [    0.000000] NR_IRQS: 8448, nr_irqs: 256, preallocated irqs: 16
[STDERR  ] 2017-12-30T22:40:37.534649264Z: [    0.000000] Console: colour VGA+ 80x25
[STDERR  ] 2017-12-30T22:40:37.534654885Z: [    0.000000] console [ttyS0] enabled
[STDERR  ] 2017-12-30T22:40:37.534662581Z: [    0.000000] clocksource: hpet: mask: 0xffffffff max_cycles: 0xffffffff, max_idle_ns: 19112604467 ns
[STDERR  ] 2017-12-30T22:40:37.53466825Z: [    0.010000] tsc: Fast TSC calibration using PIT
[STDERR  ] 2017-12-30T22:40:37.534673879Z: [    0.010000] tsc: Detected 2599.805 MHz processor
[STDERR  ] 2017-12-30T22:40:37.534681485Z: [    0.020193] Calibrating delay loop (skipped), value calculated using timer frequency.. 5199.61 BogoMIPS (lpj=25998050)
[STDERR  ] 2017-12-30T22:40:37.534688193Z: [    0.020977] pid_max: default: 32768 minimum: 301
[STDERR  ] 2017-12-30T22:40:37.534693665Z: [    0.021906] ACPI: Core revision 20170728
[STDERR  ] 2017-12-30T22:40:37.534699123Z: [    0.046730] ACPI: 1 ACPI AML tables successfully acquired and loaded
[STDERR  ] 2017-12-30T22:40:37.53470473Z: [    0.052744] Security Framework initialized
[STDERR  ] 2017-12-30T22:40:37.534710251Z: [    0.053365] Yama: becoming mindful.
[STDERR  ] 2017-12-30T22:40:37.534715724Z: [    0.055314] Mount-cache hash table entries: 2048 (order: 2, 16384 bytes)
[STDERR  ] 2017-12-30T22:40:37.534721243Z: [    0.055552] Mountpoint-cache hash table entries: 2048 (order: 2, 16384 bytes)
[STDERR  ] 2017-12-30T22:40:37.534727227Z: [    0.073694] Last level iTLB entries: 4KB 0, 2MB 0, 4MB 0
[STDERR  ] 2017-12-30T22:40:37.534732747Z: [    0.074162] Last level dTLB entries: 4KB 0, 2MB 0, 4MB 0, 1GB 0
[STDERR  ] 2017-12-30T22:40:37.534738274Z: [    0.348060] Freeing SMP alternatives memory: 20K
[STDERR  ] 2017-12-30T22:40:37.534743775Z: [    0.368452] smpboot: Max logical packages: 1
[STDERR  ] 2017-12-30T22:40:37.534749225Z: [    0.375142] ..TIMER: vector=0x30 apic1=0 pin1=2 apic2=-1 pin2=-1
[STDERR  ] 2017-12-30T22:40:37.534754819Z: [    0.480000] smpboot: CPU0: AMD QEMU Virtual CPU version 2.5+ (family: 0x6, model: 0x6, stepping: 0x3)
[STDERR  ] 2017-12-30T22:40:37.534760428Z: [    0.480000] Performance Events: PMU not available due to virtualization, using software events only.
[STDERR  ] 2017-12-30T22:40:37.534765974Z: [    0.480138] Hierarchical SRCU implementation.
[STDERR  ] 2017-12-30T22:40:37.53477503Z: [    0.486721] NMI watchdog: Perf event create on CPU 0 failed with -2
[STDERR  ] 2017-12-30T22:40:37.53478095Z: [    0.487163] NMI watchdog: Perf NMI watchdog permanently disabled
[STDERR  ] 2017-12-30T22:40:37.53478649Z: [    0.491018] smp: Bringing up secondary CPUs ...
[STDERR  ] 2017-12-30T22:40:37.53479201Z: [    0.491375] smp: Brought up 1 node, 1 CPU
[STDERR  ] 2017-12-30T22:40:37.534797516Z: [    0.491702] smpboot: Total of 1 processors activated (5199.61 BogoMIPS)
[STDERR  ] 2017-12-30T22:40:37.534803186Z: [    0.507198] devtmpfs: initialized
[STDERR  ] 2017-12-30T22:40:37.534810642Z: [    0.513169] x86/mm: Memory block size: 128MB
[STDERR  ] 2017-12-30T22:40:37.534816659Z: [    0.522097] clocksource: jiffies: mask: 0xffffffff max_cycles: 0xffffffff, max_idle_ns: 19112604462750000 ns
[STDERR  ] 2017-12-30T22:40:37.534823841Z: [    0.522514] futex hash table entries: 256 (order: 2, 16384 bytes)
[STDERR  ] 2017-12-30T22:40:37.534830826Z: [    0.530814] NET: Registered protocol family 16
[STDERR  ] 2017-12-30T22:40:37.534839497Z: [    0.536848] cpuidle: using governor ladder
[STDERR  ] 2017-12-30T22:40:37.534847164Z: [    0.537176] cpuidle: using governor menu
[STDERR  ] 2017-12-30T22:40:37.53485525Z: [    0.538710] ACPI: bus type PCI registered
[STDERR  ] 2017-12-30T22:40:37.534863416Z: [    0.541439] PCI: MMCONFIG for domain 0000 [bus 00-ff] at [mem 0xb0000000-0xbfffffff] (base 0xb0000000)
[STDERR  ] 2017-12-30T22:40:37.534871913Z: [    0.542064] PCI: MMCONFIG at [mem 0xb0000000-0xbfffffff] reserved in E820
[STDERR  ] 2017-12-30T22:40:37.534880419Z: [    0.542950] PCI: Using configuration type 1 for base access
[STDERR  ] 2017-12-30T22:40:37.534892044Z: [    0.584944] HugeTLB registered 2.00 MiB page size, pre-allocated 0 pages
[STDERR  ] 2017-12-30T22:40:37.534898758Z: [    0.595164] ACPI: Added _OSI(Module Device)
[STDERR  ] 2017-12-30T22:40:37.534904424Z: [    0.595548] ACPI: Added _OSI(Processor Device)
[STDERR  ] 2017-12-30T22:40:37.534910029Z: [    0.595675] ACPI: Added _OSI(3.0 _SCP Extensions)
[STDERR  ] 2017-12-30T22:40:37.534915563Z: [    0.595882] ACPI: Added _OSI(Processor Aggregator Device)
[STDERR  ] 2017-12-30T22:40:37.534921294Z: [    0.640577] ACPI: Interpreter enabled
[STDERR  ] 2017-12-30T22:40:37.534926812Z: [    0.641407] ACPI: (supports S0 S5)
[STDERR  ] 2017-12-30T22:40:37.534932346Z: [    0.641703] ACPI: Using IOAPIC for interrupt routing
[STDERR  ] 2017-12-30T22:40:37.534937829Z: [    0.643931] PCI: Using host bridge windows from ACPI; if necessary, use "pci=nocrs" and report a bug
[STDERR  ] 2017-12-30T22:40:37.534943415Z: [    0.646800] ACPI: Enabled 1 GPEs in block 00 to 3F
[STDERR  ] 2017-12-30T22:40:37.534948927Z: [    0.691953] ACPI: PCI Root Bridge [PCI0] (domain 0000 [bus 00-ff])
[STDERR  ] 2017-12-30T22:40:37.534954625Z: [    0.693045] acpi PNP0A08:00: _OSC: OS supports [ExtendedConfig ASPM ClockPM Segments MSI]
[STDERR  ] 2017-12-30T22:40:37.534960239Z: [    0.697204] acpi PNP0A08:00: _OSC: OS now controls [PCIeHotplug PME PCIeCapability]
[STDERR  ] 2017-12-30T22:40:37.534965885Z: [    0.700905] PCI host bridge to bus 0000:00
[STDERR  ] 2017-12-30T22:40:37.53497147Z: [    0.701565] pci_bus 0000:00: root bus resource [io  0x0000-0x0cf7 window]
[STDERR  ] 2017-12-30T22:40:37.534977503Z: [    0.701943] pci_bus 0000:00: root bus resource [io  0x0d00-0xffff window]
[STDERR  ] 2017-12-30T22:40:37.534985546Z: [    0.702268] pci_bus 0000:00: root bus resource [mem 0x000a0000-0x000bffff window]
[STDERR  ] 2017-12-30T22:40:37.53499311Z: [    0.702575] pci_bus 0000:00: root bus resource [mem 0xc0000000-0xfebfffff window]
[STDERR  ] 2017-12-30T22:40:37.534998738Z: [    0.703024] pci_bus 0000:00: root bus resource [bus 00-ff]
[STDERR  ] 2017-12-30T22:40:37.535004362Z: [    0.871913] pci 0000:00:1f.0: quirk: [io  0x0600-0x067f] claimed by ICH6 ACPI/GPIO/TCO
[STDERR  ] 2017-12-30T22:40:37.535010401Z: [    0.960909] ACPI: PCI Interrupt Link [LNKA] (IRQs 5 *10 11)
[STDERR  ] 2017-12-30T22:40:37.535016281Z: [    0.962634] ACPI: PCI Interrupt Link [LNKB] (IRQs 5 *10 11)
[STDERR  ] 2017-12-30T22:40:37.535028378Z: [    0.964143] ACPI: PCI Interrupt Link [LNKC] (IRQs 5 10 *11)
[STDERR  ] 2017-12-30T22:40:37.535034179Z: [    0.965612] ACPI: PCI Interrupt Link [LNKD] (IRQs 5 10 *11)
[STDERR  ] 2017-12-30T22:40:37.535039613Z: [    0.966810] ACPI: PCI Interrupt Link [LNKE] (IRQs 5 *10 11)
[STDERR  ] 2017-12-30T22:40:37.535045083Z: [    0.968231] ACPI: PCI Interrupt Link [LNKF] (IRQs 5 *10 11)
[STDERR  ] 2017-12-30T22:40:37.53505053Z: [    0.970428] ACPI: PCI Interrupt Link [LNKG] (IRQs 5 10 *11)
[STDERR  ] 2017-12-30T22:40:37.535055974Z: [    0.971466] ACPI: PCI Interrupt Link [LNKH] (IRQs 5 10 *11)
[STDERR  ] 2017-12-30T22:40:37.535061448Z: [    0.972063] ACPI: PCI Interrupt Link [GSIA] (IRQs *16)
[STDERR  ] 2017-12-30T22:40:37.5350694Z: [    0.972559] ACPI: PCI Interrupt Link [GSIB] (IRQs *17)
[STDERR  ] 2017-12-30T22:40:37.535074948Z: [    0.972985] ACPI: PCI Interrupt Link [GSIC] (IRQs *18)
[STDERR  ] 2017-12-30T22:40:37.535080416Z: [    0.973452] ACPI: PCI Interrupt Link [GSID] (IRQs *19)
[STDERR  ] 2017-12-30T22:40:37.535085873Z: [    0.973906] ACPI: PCI Interrupt Link [GSIE] (IRQs *20)
[STDERR  ] 2017-12-30T22:40:37.535091348Z: [    0.974357] ACPI: PCI Interrupt Link [GSIF] (IRQs *21)
[STDERR  ] 2017-12-30T22:40:37.535096773Z: [    0.974821] ACPI: PCI Interrupt Link [GSIG] (IRQs *22)
[STDERR  ] 2017-12-30T22:40:37.535102211Z: [    0.975296] ACPI: PCI Interrupt Link [GSIH] (IRQs *23)
[STDERR  ] 2017-12-30T22:40:37.535107769Z: [    0.981643] SCSI subsystem initialized
[STDERR  ] 2017-12-30T22:40:37.535113405Z: [    0.984670] ACPI: bus type USB registered
[STDERR  ] 2017-12-30T22:40:37.535118836Z: [    0.985663] usbcore: registered new interface driver usbfs
[STDERR  ] 2017-12-30T22:40:37.535127287Z: [    0.986417] usbcore: registered new interface driver hub
[STDERR  ] 2017-12-30T22:40:37.535132847Z: [    0.987206] usbcore: registered new device driver usb
[STDERR  ] 2017-12-30T22:40:37.535138366Z: [    0.988067] pps_core: LinuxPPS API ver. 1 registered
[STDERR  ] 2017-12-30T22:40:37.535146685Z: [    0.988314] pps_core: Software ver. 5.3.6 - Copyright 2005-2007 Rodolfo Giometti <giometti@linux.it>
[STDERR  ] 2017-12-30T22:40:37.535152214Z: [    0.988933] PTP clock support registered
[STDERR  ] 2017-12-30T22:40:37.535157658Z: [    0.991545] PCI: Using ACPI for IRQ routing
[STDERR  ] 2017-12-30T22:40:37.535163134Z: [    1.004536] NetLabel: Initializing
[STDERR  ] 2017-12-30T22:40:37.535176978Z: [    1.004717] NetLabel:  domain hash size = 128
[STDERR  ] 2017-12-30T22:40:37.535182607Z: [    1.005006] NetLabel:  protocols = UNLABELED CIPSOv4 CALIPSO
[STDERR  ] 2017-12-30T22:40:37.53518806Z: [    1.007041] NetLabel:  unlabeled traffic allowed by default
[STDERR  ] 2017-12-30T22:40:37.535193622Z: [    1.008080] HPET: 3 timers in total, 0 timers will be used for per-cpu timer
[STDERR  ] 2017-12-30T22:40:37.535199265Z: [    1.008762] hpet0: at MMIO 0xfed00000, IRQs 2, 8, 0
[STDERR  ] 2017-12-30T22:40:37.535204893Z: [    1.009091] hpet0: 3 comparators, 64-bit 100.000000 MHz counter
[STDERR  ] 2017-12-30T22:40:37.535210366Z: [    1.013640] clocksource: Switched to clocksource hpet
[STDERR  ] 2017-12-30T22:40:37.535215928Z: [    1.184694] VFS: Disk quotas dquot_6.6.0
[STDERR  ] 2017-12-30T22:40:37.535221628Z: [    1.185281] VFS: Dquot-cache hash table entries: 512 (order 0, 4096 bytes)
[STDERR  ] 2017-12-30T22:40:37.535227311Z: [    1.188334] FS-Cache: Loaded
[STDERR  ] 2017-12-30T22:40:37.535233358Z: [    1.193694] CacheFiles: Loaded
[STDERR  ] 2017-12-30T22:40:37.5352392Z: [    1.194955] pnp: PnP ACPI init
[STDERR  ] 2017-12-30T22:40:37.535244791Z: [    1.202575] pnp: PnP ACPI: found 5 devices
[STDERR  ] 2017-12-30T22:40:37.535250321Z: [    1.237555] clocksource: acpi_pm: mask: 0xffffff max_cycles: 0xffffff, max_idle_ns: 2085701024 ns
[STDERR  ] 2017-12-30T22:40:37.535255946Z: [    1.240864] NET: Registered protocol family 2
[STDERR  ] 2017-12-30T22:40:37.535261683Z: [    1.248142] TCP established hash table entries: 8192 (order: 4, 65536 bytes)
[STDERR  ] 2017-12-30T22:40:37.535271123Z: [    1.249029] TCP bind hash table entries: 8192 (order: 5, 131072 bytes)
[STDERR  ] 2017-12-30T22:40:37.535277009Z: [    1.249673] TCP: Hash tables configured (established 8192 bind 8192)
[STDERR  ] 2017-12-30T22:40:37.535282527Z: [    1.252266] UDP hash table entries: 512 (order: 2, 16384 bytes)
[STDERR  ] 2017-12-30T22:40:37.53528813Z: [    1.252845] UDP-Lite hash table entries: 512 (order: 2, 16384 bytes)
[STDERR  ] 2017-12-30T22:40:37.535293597Z: [    1.255528] NET: Registered protocol family 1
[STDERR  ] 2017-12-30T22:40:37.535299527Z: [    1.256498] pci 0000:00:01.0: Video device with shadowed ROM at [mem 0x000c0000-0x000dffff]
[STDERR  ] 2017-12-30T22:40:37.535305069Z: [    1.262286] Trying to unpack rootfs image as initramfs...
[STDERR  ] 2017-12-30T22:40:37.535310812Z: [    5.173348] Freeing initrd memory: 25568K
[STDERR  ] 2017-12-30T22:40:37.535316286Z: [    5.193713] PCLMULQDQ-NI instructions are not detected.
[STDERR  ] 2017-12-30T22:40:37.535321985Z: [    5.194986] AVX or AES-NI instructions are not detected.
[STDERR  ] 2017-12-30T22:40:37.535327552Z: [    5.195446] CPU feature 'AVX registers' is not supported.
[STDERR  ] 2017-12-30T22:40:37.535333186Z: [    5.195803] CPU feature 'AVX registers' is not supported.
[STDERR  ] 2017-12-30T22:40:37.535338719Z: [    5.196127] CPU feature 'AVX registers' is not supported.
[STDERR  ] 2017-12-30T22:40:37.535344369Z: [    5.196439] CPU feature 'AVX registers' is not supported.
[STDERR  ] 2017-12-30T22:40:37.535349854Z: [    5.196726] AVX2 or AES-NI instructions are not detected.
[STDERR  ] 2017-12-30T22:40:37.535355471Z: [    5.197023] AVX2 instructions are not detected.
[STDERR  ] 2017-12-30T22:40:37.535361008Z: [    5.201816] audit: initializing netlink subsys (disabled)
[STDERR  ] 2017-12-30T22:40:37.535370662Z: [    5.207168] audit: type=2000 audit(1514673606.200:1): state=initialized audit_enabled=0 res=1
[STDERR  ] 2017-12-30T22:40:37.535378925Z: [    5.208392] workingset: timestamp_bits=46 max_order=18 bucket_order=0
[STDERR  ] 2017-12-30T22:40:37.535386559Z: [    5.213155] squashfs: version 4.0 (2009/01/31) Phillip Lougher
[STDERR  ] 2017-12-30T22:40:37.535397136Z: [    5.216420] FS-Cache: Netfs 'cifs' registered for caching
[STDERR  ] 2017-12-30T22:40:37.535406139Z: [    5.217316] fuse init (API version 7.26)
[STDERR  ] 2017-12-30T22:40:37.535414092Z: [    5.219414] SGI XFS with ACLs, security attributes, no debug enabled
[STDERR  ] 2017-12-30T22:40:37.535422129Z: [    5.223107] 9p: Installing v9fs 9p2000 file system support
[STDERR  ] 2017-12-30T22:40:37.535431836Z: [    5.223568] FS-Cache: Netfs '9p' registered for caching
[STDERR  ] 2017-12-30T22:40:37.535438519Z: [    5.252007] NET: Registered protocol family 38
[STDERR  ] 2017-12-30T22:40:37.535444353Z: [    5.252613] Key type asymmetric registered
[STDERR  ] 2017-12-30T22:40:37.535450039Z: [    5.252984] Asymmetric key parser 'x509' registered
[STDERR  ] 2017-12-30T22:40:37.535455521Z: [    5.253698] Block layer SCSI generic (bsg) driver version 0.4 loaded (major 248)
[STDERR  ] 2017-12-30T22:40:37.535461331Z: [    5.255142] io scheduler noop registered
[STDERR  ] 2017-12-30T22:40:37.535466865Z: [    5.255485] io scheduler deadline registered (default)
[STDERR  ] 2017-12-30T22:40:37.535478886Z: [    5.256278] io scheduler cfq registered
[STDERR  ] 2017-12-30T22:40:37.535484581Z: [    5.256513] io scheduler mq-deadline registered
[STDERR  ] 2017-12-30T22:40:37.535490144Z: [    5.256718] io scheduler kyber registered
[STDERR  ] 2017-12-30T22:40:37.535495605Z: [    5.259371] shpchp: Standard Hot Plug PCI Controller Driver version: 0.4
[STDERR  ] 2017-12-30T22:40:37.535501565Z: [    5.260129] hv_vmbus: registering driver hyperv_fb
[STDERR  ] 2017-12-30T22:40:37.535507124Z: [    5.263726] input: Power Button as /devices/LNXSYSTM:00/LNXPWRBN:00/input/input0
[STDERR  ] 2017-12-30T22:40:37.535512945Z: [    5.266391] ACPI: Power Button [PWRF]
[STDERR  ] 2017-12-30T22:40:37.535520455Z: [    5.277170] ACPI: PCI Interrupt Link [GSIG] enabled at IRQ 22
[STDERR  ] 2017-12-30T22:40:37.535529632Z: [    5.288125] ACPI: PCI Interrupt Link [GSIH] enabled at IRQ 23
[STDERR  ] 2017-12-30T22:40:37.535535304Z: [    5.294156] Serial: 8250/16550 driver, 4 ports, IRQ sharing disabled
[STDERR  ] 2017-12-30T22:40:37.535541046Z: [    5.317789] 00:04: ttyS0 at I/O 0x3f8 (irq = 4, base_baud = 115200) is a 16550A
[STDERR  ] 2017-12-30T22:40:37.535546626Z: [    5.326968] Non-volatile memory driver v1.3
[STDERR  ] 2017-12-30T22:40:37.53555229Z: [    5.332884] Hangcheck: starting hangcheck timer 0.9.1 (tick is 180 seconds, margin is 60 seconds).
[STDERR  ] 2017-12-30T22:40:37.535558296Z: [    5.341269] random: crng init done
[STDERR  ] 2017-12-30T22:40:37.535563931Z: [    5.384532] brd: module loaded
[STDERR  ] 2017-12-30T22:40:37.535569638Z: [    5.407637] loop: module loaded
[STDERR  ] 2017-12-30T22:40:37.535575861Z: [    5.446864] lpc_ich 0000:00:1f.0: I/O space for GPIO uninitialized
[STDERR  ] 2017-12-30T22:40:37.535581496Z: [    5.448959] VMware PVSCSI driver - version 1.0.7.0-k
[STDERR  ] 2017-12-30T22:40:37.535587183Z: [    5.449623] hv_vmbus: registering driver hv_storvsc
[STDERR  ] 2017-12-30T22:40:37.535592734Z: [    5.455833] ACPI: PCI Interrupt Link [GSIA] enabled at IRQ 16
[STDERR  ] 2017-12-30T22:40:37.535598266Z: [    5.463185] ahci 0000:00:1f.2: AHCI 0001.0000 32 slots 6 ports 1.5 Gbps 0x3f impl SATA mode
[STDERR  ] 2017-12-30T22:40:37.535604023Z: [    5.463782] ahci 0000:00:1f.2: flags: 64bit ncq only 
[STDERR  ] 2017-12-30T22:40:37.535609464Z: [    5.476706] scsi host0: ahci
[STDERR  ] 2017-12-30T22:40:37.535615404Z: [    5.479257] scsi host1: ahci
[STDERR  ] 2017-12-30T22:40:37.535624262Z: [    5.481148] scsi host2: ahci
[STDERR  ] 2017-12-30T22:40:37.535629708Z: [    5.482657] scsi host3: ahci
[STDERR  ] 2017-12-30T22:40:37.53563877Z: [    5.484038] scsi host4: ahci
[STDERR  ] 2017-12-30T22:40:37.535644311Z: [    5.485398] scsi host5: ahci
[STDERR  ] 2017-12-30T22:40:37.535649989Z: [    5.486512] ata1: SATA max UDMA/133 abar m4096@0xfebd2000 port 0xfebd2100 irq 24
[STDERR  ] 2017-12-30T22:40:37.535655546Z: [    5.486964] ata2: SATA max UDMA/133 abar m4096@0xfebd2000 port 0xfebd2180 irq 24
[STDERR  ] 2017-12-30T22:40:37.535661362Z: [    5.487309] ata3: SATA max UDMA/133 abar m4096@0xfebd2000 port 0xfebd2200 irq 24
[STDERR  ] 2017-12-30T22:40:37.535667456Z: [    5.487634] ata4: SATA max UDMA/133 abar m4096@0xfebd2000 port 0xfebd2280 irq 24
[STDERR  ] 2017-12-30T22:40:37.535674877Z: [    5.487955] ata5: SATA max UDMA/133 abar m4096@0xfebd2000 port 0xfebd2300 irq 24
[STDERR  ] 2017-12-30T22:40:37.535682586Z: [    5.488257] ata6: SATA max UDMA/133 abar m4096@0xfebd2000 port 0xfebd2380 irq 24
[STDERR  ] 2017-12-30T22:40:37.535690802Z: [    5.498850] tun: Universal TUN/TAP device driver, 1.6
[STDERR  ] 2017-12-30T22:40:37.535696591Z: [    5.508769] VMware vmxnet3 virtual NIC driver - version 1.4.a.0-k-NAPI
[STDERR  ] 2017-12-30T22:40:37.535702389Z: [    5.509435] hv_vmbus: registering driver hv_netvsc
[STDERR  ] 2017-12-30T22:40:37.535708036Z: [    5.509875] Fusion MPT base driver 3.04.20
[STDERR  ] 2017-12-30T22:40:37.535713747Z: [    5.510351] Copyright (c) 1999-2008 LSI Corporation
[STDERR  ] 2017-12-30T22:40:37.535719364Z: [    5.510975] Fusion MPT SPI Host driver 3.04.20
[STDERR  ] 2017-12-30T22:40:37.535725007Z: [    5.512803] i8042: PNP: PS/2 Controller [PNP0303:KBD,PNP0f13:MOU] at 0x60,0x64 irq 1,12
[STDERR  ] 2017-12-30T22:40:37.535732735Z: [    5.516710] serio: i8042 KBD port at 0x60,0x64 irq 1
[STDERR  ] 2017-12-30T22:40:37.535738556Z: [    5.517332] serio: i8042 AUX port at 0x60,0x64 irq 12
[STDERR  ] 2017-12-30T22:40:37.535744217Z: [    5.519320] hv_vmbus: registering driver hyperv_keyboard
[STDERR  ] 2017-12-30T22:40:37.535749939Z: [    5.521358] mousedev: PS/2 mouse device common for all mice
[STDERR  ] 2017-12-30T22:40:37.535757321Z: [    5.525160] input: AT Translated Set 2 keyboard as /devices/platform/i8042/serio0/input/input1
[STDERR  ] 2017-12-30T22:40:37.535763192Z: [    5.527146] input: PC Speaker as /devices/platform/pcspkr/input/input2
[STDERR  ] 2017-12-30T22:40:37.535771749Z: [    5.530876] rtc_cmos 00:00: RTC can wake from S4
[STDERR  ] 2017-12-30T22:40:37.535777688Z: [    5.534159] rtc_cmos 00:00: rtc core: registered rtc_cmos as rtc0
[STDERR  ] 2017-12-30T22:40:37.535783341Z: [    5.535184] rtc_cmos 00:00: alarms up to one day, y3k, 114 bytes nvram, hpet irqs
[STDERR  ] 2017-12-30T22:40:37.535789536Z: [    5.535663] i2c /dev entries driver
[STDERR  ] 2017-12-30T22:40:37.535795128Z: [    5.537388] device-mapper: ioctl: 4.37.0-ioctl (2017-09-20) initialised: dm-devel@redhat.com
[STDERR  ] 2017-12-30T22:40:37.53580076Z: [    5.541373] usbcore: registered new interface driver usbhid
[STDERR  ] 2017-12-30T22:40:37.535806447Z: [    5.541539] usbhid: USB HID core driver
[STDERR  ] 2017-12-30T22:40:37.535812009Z: [    5.542046] hv_utils: Registering HyperV Utility Driver
[STDERR  ] 2017-12-30T22:40:37.535819185Z: [    5.542360] hv_vmbus: registering driver hv_util
[STDERR  ] 2017-12-30T22:40:37.535824899Z: [    5.542593] hv_vmbus: registering driver hv_balloon
[STDERR  ] 2017-12-30T22:40:37.535830542Z: [    5.543029] oprofile: using NMI interrupt.
[STDERR  ] 2017-12-30T22:40:37.535836118Z: [    5.544051] GACT probability on
[STDERR  ] 2017-12-30T22:40:37.535842081Z: [    5.544510] Mirror/redirect action on
[STDERR  ] 2017-12-30T22:40:37.535847586Z: [    5.545041] Simple TC action Loaded
[STDERR  ] 2017-12-30T22:40:37.535853134Z: [    5.545481] u32 classifier
[STDERR  ] 2017-12-30T22:40:37.53585994Z: [    5.545618]     Performance counters on
[STDERR  ] 2017-12-30T22:40:37.535868179Z: [    5.545801]     input device check on
[STDERR  ] 2017-12-30T22:40:37.535878499Z: [    5.545980]     Actions configured
[STDERR  ] 2017-12-30T22:40:37.535884661Z: [    5.546669] Netfilter messages via NETLINK v0.30.
[STDERR  ] 2017-12-30T22:40:37.535894441Z: [    5.547210] nfnl_acct: registering with nfnetlink.
[STDERR  ] 2017-12-30T22:40:37.535899957Z: [    5.548297] nf_conntrack version 0.5.0 (8192 buckets, 32768 max)
[STDERR  ] 2017-12-30T22:40:37.535905547Z: [    5.550759] ctnetlink v0.93: registering with nfnetlink.
[STDERR  ] 2017-12-30T22:40:37.535911036Z: [    5.553662] nf_tables: (c) 2007-2009 Patrick McHardy <kaber@trash.net>
[STDERR  ] 2017-12-30T22:40:37.535917131Z: [    5.554426] nf_tables_compat: (c) 2012 Pablo Neira Ayuso <pablo@netfilter.org>
[STDERR  ] 2017-12-30T22:40:37.535922981Z: [    5.556731] xt_time: kernel timezone is -0000
[STDERR  ] 2017-12-30T22:40:37.535928597Z: [    5.557125] ip_set: protocol 6
[STDERR  ] 2017-12-30T22:40:37.535934222Z: [    5.557811] IPVS: Registered protocols (TCP, UDP, SCTP, AH, ESP)
[STDERR  ] 2017-12-30T22:40:37.535939868Z: [    5.558291] IPVS: Connection hash table configured (size=4096, memory=64Kbytes)
[STDERR  ] 2017-12-30T22:40:37.535945396Z: [    5.562263] IPVS: ipvs loaded.
[STDERR  ] 2017-12-30T22:40:37.535951869Z: [    5.562623] IPVS: [rr] scheduler registered.
[STDERR  ] 2017-12-30T22:40:37.535957297Z: [    5.562894] IPVS: [wrr] scheduler registered.
[STDERR  ] 2017-12-30T22:40:37.535965338Z: [    5.563100] IPVS: [lc] scheduler registered.
[STDERR  ] 2017-12-30T22:40:37.53597081Z: [    5.563291] IPVS: [wlc] scheduler registered.
[STDERR  ] 2017-12-30T22:40:37.535976368Z: [    5.563523] IPVS: [fo] scheduler registered.
[STDERR  ] 2017-12-30T22:40:37.535981823Z: [    5.563710] IPVS: [ovf] scheduler registered.
[STDERR  ] 2017-12-30T22:40:37.535987338Z: [    5.564115] IPVS: [lblc] scheduler registered.
[STDERR  ] 2017-12-30T22:40:37.535992819Z: [    5.564440] IPVS: [lblcr] scheduler registered.
[STDERR  ] 2017-12-30T22:40:37.53599839Z: [    5.564673] IPVS: [dh] scheduler registered.
[STDERR  ] 2017-12-30T22:40:37.536003989Z: [    5.564876] IPVS: [sh] scheduler registered.
[STDERR  ] 2017-12-30T22:40:37.536009506Z: [    5.565092] IPVS: [sed] scheduler registered.
[STDERR  ] 2017-12-30T22:40:37.536015072Z: [    5.565276] IPVS: [nq] scheduler registered.
[STDERR  ] 2017-12-30T22:40:37.536020844Z: [    5.565944] IPVS: ftp: loaded support on port[0] = 21
[STDERR  ] 2017-12-30T22:40:37.53602642Z: [    5.566672] ipip: IPv4 and MPLS over IPv4 tunneling driver
[STDERR  ] 2017-12-30T22:40:37.53603498Z: [    5.570770] gre: GRE over IPv4 demultiplexor driver
[STDERR  ] 2017-12-30T22:40:37.536040613Z: [    5.573355] ip_tables: (C) 2000-2006 Netfilter Core Team
[STDERR  ] 2017-12-30T22:40:37.536046103Z: [    5.576440] ipt_CLUSTERIP: ClusterIP Version 0.8 loaded successfully
[STDERR  ] 2017-12-30T22:40:37.536051682Z: [    5.577049] arp_tables: arp_tables: (C) 2002 David S. Miller
[STDERR  ] 2017-12-30T22:40:37.536057269Z: [    5.579077] NET: Registered protocol family 10
[STDERR  ] 2017-12-30T22:40:37.536062729Z: [    5.587692] Segment Routing with IPv6
[STDERR  ] 2017-12-30T22:40:37.536068287Z: [    5.588441] ip6_tables: (C) 2000-2006 Netfilter Core Team
[STDERR  ] 2017-12-30T22:40:37.536073788Z: [    5.595585] NET: Registered protocol family 17
[STDERR  ] 2017-12-30T22:40:37.536079358Z: [    5.596616] Bridge firewalling registered
[STDERR  ] 2017-12-30T22:40:37.536084958Z: [    5.597091] Ebtables v2.0 registered
[STDERR  ] 2017-12-30T22:40:37.536090386Z: [    5.598916] 8021q: 802.1Q VLAN Support v1.8
[STDERR  ] 2017-12-30T22:40:37.536095981Z: [    5.600546] 9pnet: Installing 9P2000 support
[STDERR  ] 2017-12-30T22:40:37.536101483Z: [    5.602154] Key type dns_resolver registered
[STDERR  ] 2017-12-30T22:40:37.536106969Z: [    5.603378] sched_clock: Marking stable (5600203010, 0)->(5707687558, -107484548)
[STDERR  ] 2017-12-30T22:40:37.536112546Z: [    5.606284] registered taskstats version 1
[STDERR  ] 2017-12-30T22:40:37.536118064Z: [    5.795170] Key type big_key registered
[STDERR  ] 2017-12-30T22:40:37.536123574Z: [    5.821686] ata3: SATA link up 1.5 Gbps (SStatus 113 SControl 300)
[STDERR  ] 2017-12-30T22:40:37.536129126Z: [    5.825587] ata2: SATA link down (SStatus 0 SControl 300)
[STDERR  ] 2017-12-30T22:40:37.536137712Z: [    5.827300] ata1: SATA link down (SStatus 0 SControl 300)
[STDERR  ] 2017-12-30T22:40:37.536143295Z: [    5.829533] ata3.00: ATAPI: QEMU DVD-ROM, 2.5+, max UDMA/100
[STDERR  ] 2017-12-30T22:40:37.536148816Z: [    5.830017] ata3.00: applying bridge limits
[STDERR  ] 2017-12-30T22:40:37.536156347Z: [    5.832067] ata5: SATA link down (SStatus 0 SControl 300)
[STDERR  ] 2017-12-30T22:40:37.536161941Z: [    5.833544] ata4: SATA link down (SStatus 0 SControl 300)
[STDERR  ] 2017-12-30T22:40:37.536170243Z: [    5.834690] ata3.00: configured for UDMA/100
[STDERR  ] 2017-12-30T22:40:37.536175653Z: [    5.845624] ata6: SATA link down (SStatus 0 SControl 300)
[STDERR  ] 2017-12-30T22:40:37.53618111Z: [    5.851935] scsi 2:0:0:0: CD-ROM            QEMU     QEMU DVD-ROM     2.5+ PQ: 0 ANSI: 5
[STDERR  ] 2017-12-30T22:40:37.536186732Z: [    5.873783] sr 2:0:0:0: [sr0] scsi3-mmc drive: 4x/4x cd/rw xa/form2 tray
[STDERR  ] 2017-12-30T22:40:37.536192285Z: [    5.874446] cdrom: Uniform CD-ROM driver Revision: 3.20
[STDERR  ] 2017-12-30T22:40:37.536197787Z: [    5.884207] sr 2:0:0:0: Attached scsi generic sg0 type 5
[STDERR  ] 2017-12-30T22:40:37.536203241Z: [    5.906666] Key type encrypted registered
[STDERR  ] 2017-12-30T22:40:37.536208762Z: [    5.912221] rtc_cmos 00:00: setting system clock to 2017-12-30 22:40:07 UTC (1514673607)
[STDERR  ] 2017-12-30T22:40:37.536214262Z: [    6.051152] Freeing unused kernel memory: 1464K
[STDERR  ] 2017-12-30T22:40:37.536219815Z: [    6.051389] Write protecting the kernel read-only data: 14336k
[STDERR  ] 2017-12-30T22:40:37.536225343Z: [    6.061214] Freeing unused kernel memory: 1512K
[STDERR  ] 2017-12-30T22:40:37.536230784Z: [    6.092286] Freeing unused kernel memory: 1144K
[STDERR  ] 2017-12-30T22:40:37.536236246Z: [    6.240810] tsc: Refined TSC clocksource calibration: 2599.939 MHz
[STDERR  ] 2017-12-30T22:40:37.536242409Z: [    6.241188] clocksource: tsc: mask: 0xffffffffffffffff max_cycles: 0x257a0296a5d, max_idle_ns: 440795336269 ns
[STDERR  ] 2017-12-30T22:40:37.536249941Z: [    7.262004] clocksource: Switched to clocksource tsc
[STDERR  ] 2017-12-30T22:40:37.53625708Z: 
[STDERR  ] 2017-12-30T22:40:37.536262702Z: Welcome to LinuxKit
[STDERR  ] 2017-12-30T22:40:37.536268692Z: 
[STDERR  ] 2017-12-30T22:40:37.536277322Z:                         ##         .
[STDERR  ] 2017-12-30T22:40:37.536282946Z:                   ## ## ##        ==
[STDERR  ] 2017-12-30T22:40:37.536288494Z:                ## ## ## ## ##    ===
[STDERR  ] 2017-12-30T22:40:37.536293937Z:            /"""""""""""""""""\___/ ===
[STDERR  ] 2017-12-30T22:40:37.536299423Z:           {                       /  ===-
[STDERR  ] 2017-12-30T22:40:37.5363049Z:            \______ O           __/
[STDERR  ] 2017-12-30T22:40:37.536312758Z:              \    \         __/
[STDERR  ] 2017-12-30T22:40:37.536318326Z:               \____\_______/
[STDERR  ] 2017-12-30T22:40:37.536323721Z: 
[STDERR  ] 2017-12-30T22:40:37.536329112Z: starting kernel config sanity test with /proc/config.gz
[STDERR  ] 2017-12-30T22:40:37.536334681Z: [   17.833227] RPC: Registered named UNIX socket transport module.
[STDERR  ] 2017-12-30T22:40:37.536340181Z: [   17.833503] RPC: Registered udp transport module.
[STDERR  ] 2017-12-30T22:40:37.536345576Z: [   17.833999] RPC: Registered tcp transport module.
[STDERR  ] 2017-12-30T22:40:37.536353084Z: [   17.834169] RPC: Registered tcp NFSv4.1 backchannel transport module.
[STDERR  ] 2017-12-30T22:40:37.536360617Z: [   17.948338] FS-Cache: Netfs 'nfs' registered for caching
[STDERR  ] 2017-12-30T22:40:37.536368754Z: [   18.058198] Installing knfsd (copyright (C) 1996 okir@monad.swb.de).
[STDERR  ] 2017-12-30T22:40:37.536377189Z: [   18.120993] ntfs: driver 2.1.32 [Flags: R/O MODULE].
[STDERR  ] 2017-12-30T22:40:37.536385424Z: kernel config test succeeded!
[STDERR  ] 2017-12-30T22:40:37.536390952Z: [37minfo: reading kernel config from /proc/config.gz ...[m
[STDERR  ] 2017-12-30T22:40:37.536396378Z: 
[STDERR  ] 2017-12-30T22:40:37.536401781Z: Generally Necessary:
[STDERR  ] 2017-12-30T22:40:37.536410612Z: - [37mcgroup hierarchy[m: [32mproperly mounted[m [/sys/fs/cgroup]
[STDERR  ] 2017-12-30T22:40:37.536416887Z: - [37mCONFIG_NAMESPACES[m: [32menabled[m
[STDERR  ] 2017-12-30T22:40:37.536422395Z: - [37mCONFIG_NET_NS[m: [32menabled[m
[STDERR  ] 2017-12-30T22:40:37.536427836Z: - [37mCONFIG_PID_NS[m: [32menabled[m
[STDERR  ] 2017-12-30T22:40:37.536433238Z: - [37mCONFIG_IPC_NS[m: [32menabled[m
[STDERR  ] 2017-12-30T22:40:37.536438723Z: - [37mCONFIG_UTS_NS[m: [32menabled[m
[STDERR  ] 2017-12-30T22:40:37.536444137Z: - [37mCONFIG_CGROUPS[m: [32menabled[m
[STDERR  ] 2017-12-30T22:40:37.536449632Z: - [37mCONFIG_CGROUP_CPUACCT[m: [32menabled[m
[STDERR  ] 2017-12-30T22:40:37.536455253Z: - [37mCONFIG_CGROUP_DEVICE[m: [32menabled[m
[STDERR  ] 2017-12-30T22:40:37.536460706Z: - [37mCONFIG_CGROUP_FREEZER[m: [32menabled[m
[STDERR  ] 2017-12-30T22:40:37.536466187Z: - [37mCONFIG_CGROUP_SCHED[m: [32menabled[m
[STDERR  ] 2017-12-30T22:40:37.536471637Z: - [37mCONFIG_CPUSETS[m: [32menabled[m
[STDERR  ] 2017-12-30T22:40:37.536481853Z: - [37mCONFIG_MEMCG[m: [32menabled[m
[STDERR  ] 2017-12-30T22:40:37.5364943Z: - [37mCONFIG_KEYS[m: [32menabled[m
[STDERR  ] 2017-12-30T22:40:37.536499775Z: - [37mCONFIG_VETH[m: [32menabled[m
[STDERR  ] 2017-12-30T22:40:37.536505411Z: - [37mCONFIG_BRIDGE[m: [32menabled[m
[STDERR  ] 2017-12-30T22:40:37.536510809Z: - [37mCONFIG_BRIDGE_NETFILTER[m: [32menabled[m
[STDERR  ] 2017-12-30T22:40:37.536516527Z: - [37mCONFIG_NF_NAT_IPV4[m: [32menabled[m
[STDERR  ] 2017-12-30T22:40:37.536521995Z: - [37mCONFIG_IP_NF_FILTER[m: [32menabled[m
[STDERR  ] 2017-12-30T22:40:37.536527417Z: - [37mCONFIG_IP_NF_TARGET_MASQUERADE[m: [32menabled[m
[STDERR  ] 2017-12-30T22:40:37.536532845Z: - [37mCONFIG_NETFILTER_XT_MATCH_ADDRTYPE[m: [32menabled[m
[STDERR  ] 2017-12-30T22:40:37.536540785Z: - [37mCONFIG_NETFILTER_XT_MATCH_CONNTRACK[m: [32menabled[m
[STDERR  ] 2017-12-30T22:40:37.536546348Z: - [37mCONFIG_NETFILTER_XT_MATCH_IPVS[m: [32menabled[m
[STDERR  ] 2017-12-30T22:40:37.536551908Z: - [37mCONFIG_IP_NF_NAT[m: [32menabled[m
[STDERR  ] 2017-12-30T22:40:37.536557388Z: - [37mCONFIG_NF_NAT[m: [32menabled[m
[STDERR  ] 2017-12-30T22:40:37.536563359Z: - [37mCONFIG_NF_NAT_NEEDED[m: [32menabled[m
[STDERR  ] 2017-12-30T22:40:37.536571979Z: - [37mCONFIG_POSIX_MQUEUE[m: [32menabled[m
[STDERR  ] 2017-12-30T22:40:37.536577491Z: 
[STDERR  ] 2017-12-30T22:40:37.536583177Z: Optional Features:
[STDERR  ] 2017-12-30T22:40:37.536588825Z: - [37mCONFIG_USER_NS[m: [32menabled[m
[STDERR  ] 2017-12-30T22:40:37.53659427Z: - [37mCONFIG_SECCOMP[m: [32menabled[m
[STDERR  ] 2017-12-30T22:40:37.53659979Z: - [37mCONFIG_CGROUP_PIDS[m: [32menabled[m
[STDERR  ] 2017-12-30T22:40:37.536605325Z: - [37mCONFIG_MEMCG_SWAP[m: [32menabled[m
[STDERR  ] 2017-12-30T22:40:37.536610777Z: - [37mCONFIG_MEMCG_SWAP_ENABLED[m: [32menabled[m
[STDERR  ] 2017-12-30T22:40:37.536616224Z:     [1;30m(cgroup swap accounting is currently enabled)[m
[STDERR  ] 2017-12-30T22:40:37.536621933Z: - [1mCONFIG_LEGACY_VSYSCALL_NONE[m: [1;31menabled[m
[STDERR  ] 2017-12-30T22:40:37.536627442Z:     [1;30m(containers using eglibc <= 2.13 will not work. Switch to[m
[STDERR  ] 2017-12-30T22:40:37.536633285Z:     [1;30m "CONFIG_VSYSCALL_[NATIVE|EMULATE]" or use "vsyscall=[native|emulate]"[m
[STDERR  ] 2017-12-30T22:40:37.536639059Z:     [1;30m on kernel command line. Note that this will disable ASLR for the,[m
[STDERR  ] 2017-12-30T22:40:37.536644831Z:     [1;30m VDSO which may assist in exploiting security vulnerabilities.)[m
[STDERR  ] 2017-12-30T22:40:37.536650845Z: - [37mCONFIG_BLK_CGROUP[m: [32menabled[m
[STDERR  ] 2017-12-30T22:40:37.536658581Z: - [37mCONFIG_BLK_DEV_THROTTLING[m: [32menabled[m
[STDERR  ] 2017-12-30T22:40:37.536664144Z: - [37mCONFIG_IOSCHED_CFQ[m: [32menabled[m
[STDERR  ] 2017-12-30T22:40:37.536669692Z: - [37mCONFIG_CFQ_GROUP_IOSCHED[m: [32menabled[m
[STDERR  ] 2017-12-30T22:40:37.536675227Z: - [37mCONFIG_CGROUP_PERF[m: [32menabled[m
[STDERR  ] 2017-12-30T22:40:37.536686267Z: - [37mCONFIG_CGROUP_HUGETLB[m: [32menabled[m
[STDERR  ] 2017-12-30T22:40:37.536691862Z: - [37mCONFIG_NET_CLS_CGROUP[m: [32menabled[m
[STDERR  ] 2017-12-30T22:40:37.536699619Z: - [37mCONFIG_CGROUP_NET_PRIO[m: [32menabled[m
[STDERR  ] 2017-12-30T22:40:37.536705066Z: - [37mCONFIG_CFS_BANDWIDTH[m: [32menabled[m
[STDERR  ] 2017-12-30T22:40:37.536710489Z: - [37mCONFIG_FAIR_GROUP_SCHED[m: [32menabled[m
[STDERR  ] 2017-12-30T22:40:37.536715995Z: - [37mCONFIG_RT_GROUP_SCHED[m: [32menabled[m
[STDERR  ] 2017-12-30T22:40:37.536721416Z: - [37mCONFIG_IP_VS[m: [32menabled[m
[STDERR  ] 2017-12-30T22:40:37.536726949Z: - [37mCONFIG_IP_VS_NFCT[m: [32menabled[m
[STDERR  ] 2017-12-30T22:40:37.536732453Z: - [37mCONFIG_IP_VS_RR[m: [32menabled[m
[STDERR  ] 2017-12-30T22:40:37.536737887Z: - [37mCONFIG_EXT4_FS[m: [32menabled[m
[STDERR  ] 2017-12-30T22:40:37.536743366Z: - [37mCONFIG_EXT4_FS_POSIX_ACL[m: [32menabled[m
[STDERR  ] 2017-12-30T22:40:37.536748831Z: - [37mCONFIG_EXT4_FS_SECURITY[m: [32menabled[m
[STDERR  ] 2017-12-30T22:40:37.536754439Z: - Network Drivers:
[STDERR  ] 2017-12-30T22:40:37.536760175Z:   - "[34moverlay[m":
[STDERR  ] 2017-12-30T22:40:37.536765833Z:     - [37mCONFIG_VXLAN[m: [32menabled[m
[STDERR  ] 2017-12-30T22:40:37.536771335Z:       Optional (for encrypted networks):
[STDERR  ] 2017-12-30T22:40:37.536776774Z:       - [37mCONFIG_CRYPTO[m: [32menabled[m
[STDERR  ] 2017-12-30T22:40:37.536782269Z:       - [37mCONFIG_CRYPTO_AEAD[m: [32menabled[m
[STDERR  ] 2017-12-30T22:40:37.536789454Z:       - [37mCONFIG_CRYPTO_GCM[m: [32menabled[m
[STDERR  ] 2017-12-30T22:40:37.536795278Z:       - [37mCONFIG_CRYPTO_SEQIV[m: [32menabled[m
[STDERR  ] 2017-12-30T22:40:37.536800848Z:       - [37mCONFIG_CRYPTO_GHASH[m: [32menabled[m
[STDERR  ] 2017-12-30T22:40:37.536806372Z:       - [37mCONFIG_XFRM[m: [32menabled[m
[STDERR  ] 2017-12-30T22:40:37.536811888Z:       - [37mCONFIG_XFRM_USER[m: [32menabled (as module)[m
[STDERR  ] 2017-12-30T22:40:37.536817571Z:       - [37mCONFIG_XFRM_ALGO[m: [32menabled (as module)[m
[STDERR  ] 2017-12-30T22:40:37.536825335Z:       - [37mCONFIG_INET_ESP[m: [32menabled (as module)[m
[STDERR  ] 2017-12-30T22:40:37.536830805Z:       - [37mCONFIG_INET_XFRM_MODE_TRANSPORT[m: [32menabled (as module)[m
[STDERR  ] 2017-12-30T22:40:37.536840603Z:   - "[34mipvlan[m":
[STDERR  ] 2017-12-30T22:40:37.536846269Z:     - [37mCONFIG_IPVLAN[m: [32menabled[m
[STDERR  ] 2017-12-30T22:40:37.536851732Z:   - "[34mmacvlan[m":
[STDERR  ] 2017-12-30T22:40:37.536857238Z:     - [37mCONFIG_MACVLAN[m: [32menabled[m
[STDERR  ] 2017-12-30T22:40:37.536862715Z:     - [37mCONFIG_DUMMY[m: [32menabled (as module)[m
[STDERR  ] 2017-12-30T22:40:37.536868199Z:   - "[34mftp,tftp client in container[m":
[STDERR  ] 2017-12-30T22:40:37.536876193Z:     - [37mCONFIG_NF_NAT_FTP[m: [32menabled[m
[STDERR  ] 2017-12-30T22:40:37.536881647Z:     - [37mCONFIG_NF_CONNTRACK_FTP[m: [32menabled[m
[STDERR  ] 2017-12-30T22:40:37.536887043Z:     - [37mCONFIG_NF_NAT_TFTP[m: [32menabled[m
[STDERR  ] 2017-12-30T22:40:37.536892465Z:     - [37mCONFIG_NF_CONNTRACK_TFTP[m: [32menabled[m
[STDERR  ] 2017-12-30T22:40:37.536897985Z: - Storage Drivers:
[STDERR  ] 2017-12-30T22:40:37.53690352Z:   - "[34maufs[m":
[STDERR  ] 2017-12-30T22:40:37.536909121Z:     - [1mCONFIG_AUFS_FS[m: [1;31mmissing[m
[STDERR  ] 2017-12-30T22:40:37.536914585Z:   - "[34mbtrfs[m":
[STDERR  ] 2017-12-30T22:40:37.536919988Z:     - [37mCONFIG_BTRFS_FS[m: [32menabled (as module)[m
[STDERR  ] 2017-12-30T22:40:37.536925467Z:     - [37mCONFIG_BTRFS_FS_POSIX_ACL[m: [32menabled[m
[STDERR  ] 2017-12-30T22:40:37.53693092Z:   - "[34mdevicemapper[m":
[STDERR  ] 2017-12-30T22:40:37.536936578Z:     - [37mCONFIG_BLK_DEV_DM[m: [32menabled[m
[STDERR  ] 2017-12-30T22:40:37.536942154Z:     - [37mCONFIG_DM_THIN_PROVISIONING[m: [32menabled[m
[STDERR  ] 2017-12-30T22:40:37.536985878Z:   - "[34moverlay[m":
[STDERR  ] 2017-12-30T22:40:37.536999776Z:     - [37mCONFIG_OVERLAY_FS[m: [32menabled[m
[STDERR  ] 2017-12-30T22:40:37.537008291Z:   - "[34mzfs[m":
[STDERR  ] 2017-12-30T22:40:37.5370167Z:     - [1m/dev/zfs[m: [1;31mmissing[m
[STDERR  ] 2017-12-30T22:40:37.53702507Z:     - [1mzfs command[m: [1;31mmissing[m
[STDERR  ] 2017-12-30T22:40:37.537034153Z:     - [1mzpool command[m: [1;31mmissing[m
[STDERR  ] 2017-12-30T22:40:37.537055306Z: 
[STDERR  ] 2017-12-30T22:40:37.537064018Z: Limits:
[STDERR  ] 2017-12-30T22:40:37.537071591Z: [37m- /proc/sys/kernel/keys/root_maxkeys[m: [32m1000000[m
[STDERR  ] 2017-12-30T22:40:37.537079434Z: 
[STDERR  ] 2017-12-30T22:40:37.537087288Z: Kernel config test suite PASSED
[STDERR  ] 2017-12-30T22:40:37.537095617Z: [   34.935104] ACPI: Preparing to enter system sleep state S5
[STDERR  ] 2017-12-30T22:40:37.5371041Z: [   34.941088] reboot: Power down
[STDERR  ] 2017-12-30T22:40:37.537112241Z: + grep -q suite PASSED
[STDERR  ] 2017-12-30T22:40:37.538095651Z: + exit 0
[STDERR  ] 2017-12-30T22:40:37.538126789Z: + clean_up
[STDERR  ] 2017-12-30T22:40:37.538142658Z: + rm -rf kconfig-cmdline kconfig-initrd.img kconfig-kernel kconfig-state
[PASS    ] linuxkit.kernel.config_4.14.x 59.15s
