[INFO    ] 2018-05-03T21:55:09.026207563Z: Running Test linuxkit.packages.wireguard in /tmp/with_clone198e0aea/test/cases/040_packages/023_wireguard
[STDOUT  ] 2018-05-03T21:55:09.026282177Z: [    0.000000] BIOS-e820: [mem 0x00000000fed1c000-0x00000000fed1ffff] reserved
[STDOUT  ] 2018-05-03T21:55:09.026308086Z: [    0.000000] BIOS-e820: [mem 0x00000000fffc0000-0x00000000ffffffff] reserved
[STDOUT  ] 2018-05-03T21:55:09.026323941Z: [    0.000000] NX (Execute Disable) protection: active
[STDOUT  ] 2018-05-03T21:55:09.026340089Z: [    0.000000] SMBIOS 2.8 present.
[STDOUT  ] 2018-05-03T21:55:09.026379044Z: [    0.000000] DMI: QEMU Standard PC (Q35 + ICH9, 2009), BIOS rel-1.10.2-0-g5f4c7b1-prebuilt.qemu-project.org 04/01/2014
[STDOUT  ] 2018-05-03T21:55:09.026426636Z: [    0.000000] tsc: Fast TSC calibration using PIT
[STDOUT  ] 2018-05-03T21:55:09.026441671Z: [    0.000000] e820: last_pfn = 0x3ffdf max_arch_pfn = 0x400000000
[STDOUT  ] 2018-05-03T21:55:09.026456853Z: [    0.000000] x86/PAT: Configuration [0-7]: WB  WC  UC- UC  WB  WP  UC- WT  
[STDOUT  ] 2018-05-03T21:55:09.026471808Z: [    0.000000] found SMP MP-table at [mem 0x000f6aa0-0x000f6aaf] mapped at [ffffffffff200aa0]
[STDOUT  ] 2018-05-03T21:55:09.026487400Z: [    0.000000] RAMDISK: [mem 0x3e456000-0x3ffcffff]
[INFO    ] 2018-05-03T21:55:09.026520175Z: Running command: [/bin/sh -x /tmp/with_clone198e0aea/test/cases/040_packages/023_wireguard/test.sh]
[STDERR  ] 2018-05-03T21:55:09.026386886Z: [    0.717122] ACPI: (supports S0 S5)
[STDERR  ] 2018-05-03T21:55:09.026559276Z: [    0.717494] ACPI: Using IOAPIC for interrupt routing
[STDERR  ] 2018-05-03T21:55:09.026582333Z: [    0.719630] PCI: Using host bridge windows from ACPI; if necessary, use "pci=nocrs" and report a bug
[STDERR  ] 2018-05-03T21:55:09.026610329Z: [    0.723294] ACPI: Enabled 2 GPEs in block 00 to 3F
[STDERR  ] 2018-05-03T21:55:09.026631597Z: [    0.798190] ACPI: PCI Root Bridge [PCI0] (domain 0000 [bus 00-ff])
[STDERR  ] 2018-05-03T21:55:09.026655412Z: [    0.799333] acpi PNP0A08:00: _OSC: OS supports [ExtendedConfig ASPM ClockPM Segments MSI]
[STDOUT  ] 2018-05-03T21:55:09.026502085Z: [    0.000000] ACPI: Early table checksum verification disabled
[STDERR  ] 2018-05-03T21:55:09.026681437Z: [    0.804517] acpi PNP0A08:00: _OSC: OS now controls [PCIeHotplug PME PCIeCapability]
[STDERR  ] 2018-05-03T21:55:09.026705783Z: [    0.808327] PCI host bridge to bus 0000:00
[STDERR  ] 2018-05-03T21:55:09.026725955Z: [    0.808927] pci_bus 0000:00: root bus resource [io  0x0000-0x0cf7 window]
[STDERR  ] 2018-05-03T21:55:09.026745210Z: [    0.809512] pci_bus 0000:00: root bus resource [io  0x0d00-0xffff window]
[STDERR  ] 2018-05-03T21:55:09.026764769Z: [    0.810128] pci_bus 0000:00: root bus resource [mem 0x000a0000-0x000bffff window]
[STDOUT  ] 2018-05-03T21:55:09.026681927Z: [    0.000000] ACPI: RSDP 0x00000000000F68C0 000014 (v00 BOCHS )
[STDOUT  ] 2018-05-03T21:55:09.026798910Z: [    0.000000] ACPI: RSDT 0x000000003FFE2404 000034 (v01 BOCHS  BXPCRSDT 00000001 BXPC 00000001)
[STDOUT  ] 2018-05-03T21:55:09.026825286Z: [    0.000000] ACPI: FACP 0x000000003FFE22A4 000074 (v01 BOCHS  BXPCFACP 00000001 BXPC 00000001)
[STDOUT  ] 2018-05-03T21:55:09.026843867Z: [    0.000000] ACPI: DSDT 0x000000003FFE0040 002264 (v01 BOCHS  BXPCDSDT 00000001 BXPC 00000001)
[STDOUT  ] 2018-05-03T21:55:09.026862992Z: [    0.000000] ACPI: FACS 0x000000003FFE0000 000040
[STDOUT  ] 2018-05-03T21:55:09.026887761Z: [    0.000000] ACPI: APIC 0x000000003FFE2318 000078 (v01 BOCHS  BXPCAPIC 00000001 BXPC 00000001)
[STDOUT  ] 2018-05-03T21:55:09.026902371Z: [    0.000000] ACPI: HPET 0x000000003FFE2390 000038 (v01 BOCHS  BXPCHPET 00000001 BXPC 00000001)
[STDOUT  ] 2018-05-03T21:55:09.026917127Z: [    0.000000] ACPI: MCFG 0x000000003FFE23C8 00003C (v01 BOCHS  BXPCMCFG 00000001 BXPC 00000001)
[STDOUT  ] 2018-05-03T21:55:09.026932424Z: [    0.000000] Zone ranges:
[STDERR  ] 2018-05-03T21:55:09.026965460Z: [    0.810800] pci_bus 0000:00: root bus resource [mem 0xc0000000-0xfebfffff window]
[STDERR  ] 2018-05-03T21:55:09.026998054Z: [    0.811394] pci_bus 0000:00: root bus resource [bus 00-ff]
[STDERR  ] 2018-05-03T21:55:09.027035920Z: [    0.967148] pci 0000:00:1f.0: quirk: [io  0x0600-0x067f] claimed by ICH6 ACPI/GPIO/TCO
[STDERR  ] 2018-05-03T21:55:09.027056680Z: [    1.052087] ACPI: PCI Interrupt Link [LNKA] (IRQs 5 *10 11)
[STDERR  ] 2018-05-03T21:55:09.027076257Z: [    1.054204] ACPI: PCI Interrupt Link [LNKB] (IRQs 5 *10 11)
[STDERR  ] 2018-05-03T21:55:09.027104488Z: [    1.056016] ACPI: PCI Interrupt Link [LNKC] (IRQs 5 10 *11)
[STDERR  ] 2018-05-03T21:55:09.027124117Z: [    1.057875] ACPI: PCI Interrupt Link [LNKD] (IRQs 5 10 *11)
[STDOUT  ] 2018-05-03T21:55:09.026949363Z: [    0.000000]   DMA      [mem 0x0000000000001000-0x0000000000ffffff]
[STDOUT  ] 2018-05-03T21:55:09.027168266Z: [    0.000000]   DMA32    [mem 0x0000000001000000-0x000000003ffdefff]
[STDOUT  ] 2018-05-03T21:55:09.027183808Z: [    0.000000]   Normal   empty
[STDOUT  ] 2018-05-03T21:55:09.027198801Z: [    0.000000]   Device   empty
[STDOUT  ] 2018-05-03T21:55:09.027213260Z: [    0.000000] Movable zone start for each node
[STDOUT  ] 2018-05-03T21:55:09.027228331Z: [    0.000000] Early memory node ranges
[STDOUT  ] 2018-05-03T21:55:09.027242409Z: [    0.000000]   node   0: [mem 0x0000000000001000-0x000000000009efff]
[STDOUT  ] 2018-05-03T21:55:09.027256834Z: [    0.000000]   node   0: [mem 0x0000000000100000-0x000000003ffdefff]
[STDOUT  ] 2018-05-03T21:55:09.027271106Z: [    0.000000] Initmem setup node 0 [mem 0x0000000000001000-0x000000003ffdefff]
[STDOUT  ] 2018-05-03T21:55:09.027285461Z: [    0.000000] ACPI: PM-Timer IO Port: 0x608
[STDOUT  ] 2018-05-03T21:55:09.027304267Z: [    0.000000] ACPI: LAPIC_NMI (acpi_id[0xff] dfl dfl lint[0x1])
[STDOUT  ] 2018-05-03T21:55:09.027319025Z: [    0.000000] IOAPIC[0]: apic_id 0, version 32, address 0xfec00000, GSI 0-23
[STDOUT  ] 2018-05-03T21:55:09.027336874Z: [    0.000000] ACPI: INT_SRC_OVR (bus 0 bus_irq 0 global_irq 2 dfl dfl)
[STDOUT  ] 2018-05-03T21:55:09.027351011Z: [    0.000000] ACPI: INT_SRC_OVR (bus 0 bus_irq 5 global_irq 5 high level)
[STDOUT  ] 2018-05-03T21:55:09.027365120Z: [    0.000000] ACPI: INT_SRC_OVR (bus 0 bus_irq 9 global_irq 9 high level)
[STDOUT  ] 2018-05-03T21:55:09.027379237Z: [    0.000000] ACPI: INT_SRC_OVR (bus 0 bus_irq 10 global_irq 10 high level)
[STDOUT  ] 2018-05-03T21:55:09.027393378Z: [    0.000000] ACPI: INT_SRC_OVR (bus 0 bus_irq 11 global_irq 11 high level)
[STDOUT  ] 2018-05-03T21:55:09.027407926Z: [    0.000000] Using ACPI (MADT) for SMP configuration information
[STDERR  ] 2018-05-03T21:55:09.027377083Z: + set -e
[STDOUT  ] 2018-05-03T21:55:09.027429267Z: [    0.000000] ACPI: HPET id: 0x8086a201 base: 0xfed00000
[STDERR  ] 2018-05-03T21:55:09.027447030Z: + . /tmp/with_clone198e0aea/test/cases/_lib/lib.sh
[STDOUT  ] 2018-05-03T21:55:09.027460855Z: [    0.000000] smpboot: Allowing 1 CPUs, 0 hotplug CPUs
[STDERR  ] 2018-05-03T21:55:09.027482800Z: + [ -f src/github.com/linuxkit/rtf/lib/lib.sh ]
[STDOUT  ] 2018-05-03T21:55:09.027483404Z: [    0.000000] e820: [mem 0x40000000-0xafffffff] available for PCI devices
[STDOUT  ] 2018-05-03T21:55:09.027503866Z: [    0.000000] Booting paravirtualized kernel on bare hardware
[STDERR  ] 2018-05-03T21:55:09.027511194Z: + LINUXKIT_TMPDIR=/tmp/with_clone198e0aea/test/cases/_tmp
[STDOUT  ] 2018-05-03T21:55:09.027521731Z: [    0.000000] clocksource: refined-jiffies: mask: 0xffffffff max_cycles: 0xffffffff, max_idle_ns: 19112604462750000 ns
[STDERR  ] 2018-05-03T21:55:09.027535655Z: + [ -f /tmp/with_clone198e0aea/test/cases/_tmp/env.sh ]
[STDOUT  ] 2018-05-03T21:55:09.027546526Z: [    0.000000] random: get_random_bytes called from start_kernel+0x92/0x4c8 with crng_init=0
[STDOUT  ] 2018-05-03T21:55:09.027565266Z: [    0.000000] setup_percpu: NR_CPUS:128 nr_cpumask_bits:128 nr_cpu_ids:1 nr_node_ids:1
[STDERR  ] 2018-05-03T21:55:09.027144487Z: [    1.060695] ACPI: PCI Interrupt Link [LNKE] (IRQs 5 *10 11)
[STDOUT  ] 2018-05-03T21:55:09.027591867Z: [    0.000000] percpu: Embedded 44 pages/cpu @ffff8fc2fe200000 s143256 r819
[STDERR  ] 2018-05-03T21:55:09.027581753Z: + . /tmp/with_clone198e0aea/test/cases/_tmp/env.sh
[STDERR  ] 2018-05-03T21:55:09.027638847Z: + export LINUXKIT_EXAMPLES_DIR=/tmp/with_clone198e0aea/test/cases/../../examples
[STDERR  ] 2018-05-03T21:55:09.027672268Z: + RT_CANCEL=253
[STDERR  ] 2018-05-03T21:55:09.027598893Z: [    1.062458] ACPI: PCI Interrupt Link [LNKF] (IRQs 5 *10 11)
[STDERR  ] 2018-05-03T21:55:09.027716660Z: [    1.064175] ACPI: PCI Interrupt Link [LNKG] (IRQs 5 10 *11)
[STDERR  ] 2018-05-03T21:55:09.027743690Z: [    1.065881] ACPI: PCI Interrupt Link [LNKH] (IRQs 5 10 *11)
[STDERR  ] 2018-05-03T21:55:09.027699709Z: + NAME=wireguard
[STDERR  ] 2018-05-03T21:55:09.027769448Z: + trap clean_up EXIT
[STDERR  ] 2018-05-03T21:55:09.027826032Z: + linuxkit build -format kernel+initrd -name wireguard test.yml
[STDERR  ] 2018-05-03T21:55:09.027769534Z: [    1.066762] ACPI: PCI Interrupt Link [GSIA] (IR
[STDERR  ] 2018-05-03T21:55:09.071401613Z: Extract kernel image: linuxkit/kernel:4.14.39
[STDERR  ] 2018-05-03T21:55:12.640981996Z: Add init containers:
[STDERR  ] 2018-05-03T21:55:12.641127235Z: Process init image: linuxkit/init:11929b0007b87384f7372e9265067479c4616586
[STDERR  ] 2018-05-03T21:55:14.256982026Z: Process init image: linuxkit/runc:acba8886e4b1318457c711700f695a02fef9493d
[STDERR  ] 2018-05-03T21:55:15.803580908Z: Process init image: linuxkit/containerd:f197e7cbb2ede4370b75127c76de6f7b2e3d9873
[STDERR  ] 2018-05-03T21:55:17.907628852Z: Process init image: linuxkit/ca-certificates:fb5c7bf842a330f5b47cdf71f950fe0c85f4a772
[STDERR  ] 2018-05-03T21:55:19.356341952Z: Add onboot containers:
[STDERR  ] 2018-05-03T21:55:19.356458878Z:   Create OCI config for linuxkit/dhcpcd:01069780f536da8eb7745df7478a97253403b63d
[STDERR  ] 2018-05-03T21:55:20.828101480Z:   Create OCI config for linuxkit/ip:baf5dc379104f01356fb7ace881149a67d889e96
[STDERR  ] 2018-05-03T21:55:22.431899422Z:   Create OCI config for linuxkit/ip:baf5dc379104f01356fb7ace881149a67d889e96
[STDERR  ] 2018-05-03T21:55:24.022471966Z: Add onshutdown containers:
[STDERR  ] 2018-05-03T21:55:24.022572278Z:   Create OCI config for alpine:3.7
[STDERR  ] 2018-05-03T21:55:25.468478572Z: Add service containers:
[STDERR  ] 2018-05-03T21:55:25.468574450Z:   Create OCI config for nginx:1.13.7
[STDERR  ] 2018-05-03T21:55:28.203884142Z:   Create OCI config for alpine:3.7
[STDERR  ] 2018-05-03T21:55:29.633107367Z: Add files:
[STDERR  ] 2018-05-03T21:55:29.633235014Z:   etc/wireguard/wg0.conf
[STDERR  ] 2018-05-03T21:55:29.633270795Z:   etc/wireguard/wg1.conf
[STDERR  ] 2018-05-03T21:55:29.633298204Z:   check.sh
[STDERR  ] 2018-05-03T21:55:29.633324861Z: Create outputs:
[STDERR  ] 2018-05-03T21:55:45.328966525Z:   wireguard-kernel wireguard-initrd.img wireguard-cmdline
[STDERR  ] 2018-05-03T21:55:45.539865936Z: + linuxkit run wireguard
[STDERR  ] 2018-05-03T21:57:21.892335507Z: + RESULT=[    0.000000] Linux version 4.14.39-linuxkit (root@ad09bb30f72d) (gcc version 6.4.0 (Alpine 6.4.0)) #1 SMP Thu May 3 18:01:48 UTC 2018
[STDERR  ] 2018-05-03T21:57:21.892521499Z: [    0.000000] Command line: console=ttyS0 console=ttyAMA0
[STDERR  ] 2018-05-03T21:57:21.892557491Z: [    0.000000] x86/fpu: x87 FPU will use FXSAVE
[STDERR  ] 2018-05-03T21:57:21.892591759Z: [    0.000000] e820: BIOS-provided physical RAM map:
[STDERR  ] 2018-05-03T21:57:21.892625490Z: [    0.000000] BIOS-e820: [mem 0x0000000000000000-0x000000000009fbff] usable
[STDERR  ] 2018-05-03T21:57:21.892653917Z: [    0.000000] BIOS-e820: [mem 0x000000000009fc00-0x000000000009ffff] reserved
[STDERR  ] 2018-05-03T21:57:21.892681214Z: [    0.000000] BIOS-e820: [mem 0x00000000000f0000-0x00000000000fffff] reserved
[STDERR  ] 2018-05-03T21:57:21.892706639Z: [    0.000000] BIOS-e820: [mem 0x0000000000100000-0x000000003ffdefff] usable
[STDERR  ] 2018-05-03T21:57:21.892733590Z: [    0.000000] BIOS-e820: [mem 0x000000003ffdf000-0x000000003fffffff] reserved
[STDERR  ] 2018-05-03T21:57:21.892770348Z: [    0.000000] BIOS-e820: [mem 0x00000000b0000000-0x00000000bfffffff] reserved
[STDERR  ] 2018-05-03T21:57:21.892801132Z: [    0.000000] BIOS-e820: [mem 0x00000000fed1c000-0x00000000fed1ffff] reserved
[STDERR  ] 2018-05-03T21:57:21.892851507Z: [    0.000000] BIOS-e820: [mem 0x00000000fffc0000-0x00000000ffffffff] reserved
[STDERR  ] 2018-05-03T21:57:21.892912490Z: [    0.000000] NX (Execute Disable) protection: active
[STDERR  ] 2018-05-03T21:57:21.892939918Z: [    0.000000] SMBIOS 2.8 present.
[STDERR  ] 2018-05-03T21:57:21.892969753Z: [    0.000000] DMI: QEMU Standard PC (Q35 + ICH9, 2009), BIOS rel-1.10.2-0-g5f4c7b1-prebuilt.qemu-project.org 04/01/2014
[STDERR  ] 2018-05-03T21:57:21.893006894Z: [    0.000000] tsc: Fast TSC calibration using PIT
[STDERR  ] 2018-05-03T21:57:21.893037087Z: [    0.000000] e820: last_pfn = 0x3ffdf max_arch_pfn = 0x400000000
[STDERR  ] 2018-05-03T21:57:21.893078904Z: [    0.000000] x86/PAT: Configuration [0-7]: WB  WC  UC- UC  WB  WP  UC- WT  
[STDERR  ] 2018-05-03T21:57:21.893103456Z: [    0.000000] found SMP MP-table at [mem 0x000f6aa0-0x000f6aaf] mapped at [ffffffffff200aa0]
[STDERR  ] 2018-05-03T21:57:21.893133350Z: [    0.000000] RAMDISK: [mem 0x3a31f000-0x3ffcffff]
[STDERR  ] 2018-05-03T21:57:21.893157622Z: [    0.000000] ACPI: Early table checksum verification disabled
[STDERR  ] 2018-05-03T21:57:21.893187928Z: [    0.000000] ACPI: RSDP 0x00000000000F68C0 000014 (v00 BOCHS )
[STDERR  ] 2018-05-03T21:57:21.893212233Z: [    0.000000] ACPI: RSDT 0x000000003FFE2404 000034 (v01 BOCHS  BXPCRSDT 00000001 BXPC 00000001)
[STDERR  ] 2018-05-03T21:57:21.893237722Z: [    0.000000] ACPI: FACP 0x000000003FFE22A4 000074 (v01 BOCHS  BXPCFACP 00000001 BXPC 00000001)
[STDERR  ] 2018-05-03T21:57:21.893261287Z: [    0.000000] ACPI: DSDT 0x000000003FFE0040 002264 (v01 BOCHS  BXPCDSDT 00000001 BXPC 00000001)
[STDERR  ] 2018-05-03T21:57:21.893289104Z: [    0.000000] ACPI: FACS 0x000000003FFE0000 000040
[STDERR  ] 2018-05-03T21:57:21.893315513Z: [    0.000000] ACPI: APIC 0x000000003FFE2318 000078 (v01 BOCHS  BXPCAPIC 00000001 BXPC 00000001)
[STDERR  ] 2018-05-03T21:57:21.893337187Z: [    0.000000] ACPI: HPET 0x000000003FFE2390 000038 (v01 BOCHS  BXPCHPET 00000001 BXPC 00000001)
[STDERR  ] 2018-05-03T21:57:21.893368527Z: [    0.000000] ACPI: MCFG 0x000000003FFE23C8 00003C (v01 BOCHS  BXPCMCFG 00000001 BXPC 00000001)
[STDERR  ] 2018-05-03T21:57:21.893398194Z: [    0.000000] Zone ranges:
[STDERR  ] 2018-05-03T21:57:21.893418855Z: [    0.000000]   DMA      [mem 0x0000000000001000-0x0000000000ffffff]
[STDERR  ] 2018-05-03T21:57:21.893444392Z: [    0.000000]   DMA32    [mem 0x0000000001000000-0x000000003ffdefff]
[STDERR  ] 2018-05-03T21:57:21.893473127Z: [    0.000000]   Normal   empty
[STDERR  ] 2018-05-03T21:57:21.893493243Z: [    0.000000]   Device   empty
[STDERR  ] 2018-05-03T21:57:21.893512997Z: [    0.000000] Movable zone start for each node
[STDERR  ] 2018-05-03T21:57:21.893537997Z: [    0.000000] Early memory node ranges
[STDERR  ] 2018-05-03T21:57:21.893570619Z: [    0.000000]   node   0: [mem 0x0000000000001000-0x000000000009efff]
[STDERR  ] 2018-05-03T21:57:21.893593674Z: [    0.000000]   node   0: [mem 0x0000000000100000-0x000000003ffdefff]
[STDERR  ] 2018-05-03T21:57:21.893613948Z: [    0.000000] Initmem setup node 0 [mem 0x0000000000001000-0x000000003ffdefff]
[STDERR  ] 2018-05-03T21:57:21.893633847Z: [    0.000000] ACPI: PM-Timer IO Port: 0x608
[STDERR  ] 2018-05-03T21:57:21.893653236Z: [    0.000000] ACPI: LAPIC_NMI (acpi_id[0xff] dfl dfl lint[0x1])
[STDERR  ] 2018-05-03T21:57:21.893677290Z: [    0.000000] IOAPIC[0]: apic_id 0, version 32, address 0xfec00000, GSI 0-23
[STDERR  ] 2018-05-03T21:57:21.893698125Z: [    0.000000] ACPI: INT_SRC_OVR (bus 0 bus_irq 0 global_irq 2 dfl dfl)
[STDERR  ] 2018-05-03T21:57:21.893722656Z: [    0.000000] ACPI: INT_SRC_OVR (bus 0 bus_irq 5 global_irq 5 high level)
[STDERR  ] 2018-05-03T21:57:21.893741645Z: [    0.000000] ACPI: INT_SRC_OVR (bus 0 bus_irq 9 global_irq 9 high level)
[STDERR  ] 2018-05-03T21:57:21.893760862Z: [    0.000000] ACPI: INT_SRC_OVR (bus 0 bus_irq 10 global_irq 10 high level)
[STDERR  ] 2018-05-03T21:57:21.893780113Z: [    0.000000] ACPI: INT_SRC_OVR (bus 0 bus_irq 11 global_irq 11 high level)
[STDERR  ] 2018-05-03T21:57:21.893800876Z: [    0.000000] Using ACPI (MADT) for SMP configuration information
[STDERR  ] 2018-05-03T21:57:21.893827279Z: [    0.000000] ACPI: HPET id: 0x8086a201 base: 0xfed00000
[STDERR  ] 2018-05-03T21:57:21.893852811Z: [    0.000000] smpboot: Allowing 1 CPUs, 0 hotplug CPUs
[STDERR  ] 2018-05-03T21:57:21.893872754Z: [    0.000000] e820: [mem 0x40000000-0xafffffff] available for PCI devices
[STDERR  ] 2018-05-03T21:57:21.893891910Z: [    0.000000] Booting paravirtualized kernel on bare hardware
[STDERR  ] 2018-05-03T21:57:21.893911124Z: [    0.000000] clocksource: refined-jiffies: mask: 0xffffffff max_cycles: 0xffffffff, max_idle_ns: 19112604462750000 ns
[STDERR  ] 2018-05-03T21:57:21.893935413Z: [    0.000000] random: get_random_bytes called from start_kernel+0x92/0x4c8 with crng_init=0
[STDERR  ] 2018-05-03T21:57:21.893955830Z: [    0.000000] setup_percpu: NR_CPUS:128 nr_cpumask_bits:128 nr_cpu_ids:1 nr_node_ids:1
[STDERR  ] 2018-05-03T21:57:21.893983579Z: [    0.000000] percpu: Embedded 44 pages/cpu @ffffa063fa000000 s143256 r8192 d28776 u2097152
[STDERR  ] 2018-05-03T21:57:21.894002917Z: [    0.000000] Built 1 zonelists, mobility grouping on.  Total pages: 257896
[STDERR  ] 2018-05-03T21:57:21.894022210Z: [    0.000000] Kernel command line: console=ttyS0 console=ttyAMA0
[STDERR  ] 2018-05-03T21:57:21.894041312Z: [    0.000000] PID hash table entries: 4096 (order: 3, 32768 bytes)
[STDERR  ] 2018-05-03T21:57:21.894062160Z: [    0.000000] Dentry cache hash table entries: 131072 (order: 8, 1048576 bytes)
[STDERR  ] 2018-05-03T21:57:21.894081502Z: [    0.000000] Inode-cache hash table entries: 65536 (order: 7, 524288 bytes)
[STDERR  ] 2018-05-03T21:57:21.894107526Z: [    0.000000] Memory: 909884K/1048052K available (12300K kernel code, 1465K rwdata, 2992K rodata, 1508K init, 632K bss, 138168K reserved, 0K cma-reserved)
[STDERR  ] 2018-05-03T21:57:21.894133321Z: [    0.000000] ftrace: allocating 40969 entries in 161 pages
[STDERR  ] 2018-05-03T21:57:21.894153885Z: [    0.000000] Hierarchical RCU implementation.
[STDERR  ] 2018-05-03T21:57:21.894174799Z: [    0.000000] 	RCU restricting CPUs from NR_CPUS=128 to nr_cpu_ids=1.
[STDERR  ] 2018-05-03T21:57:21.894201456Z: [    0.000000] RCU: Adjusting geometry for rcu_fanout_leaf=16, nr_cpu_ids=1
[STDERR  ] 2018-05-03T21:57:21.894232141Z: [    0.000000] NR_IRQS: 8448, nr_irqs: 256, preallocated irqs: 16
[STDERR  ] 2018-05-03T21:57:21.894261284Z: [    0.000000] Console: colour VGA+ 80x25
[STDERR  ] 2018-05-03T21:57:21.894281568Z: [    0.000000] console [ttyS0] enabled
[STDERR  ] 2018-05-03T21:57:21.894300826Z: [    0.000000] clocksource: hpet: mask: 0xffffffff max_cycles: 0xffffffff, max_idle_ns: 19112604467 ns
[STDERR  ] 2018-05-03T21:57:21.894320788Z: [    0.010000] tsc: Fast TSC calibration using PIT
[STDERR  ] 2018-05-03T21:57:21.894342038Z: [    0.010000] tsc: Detected 2599.686 MHz processor
[STDERR  ] 2018-05-03T21:57:21.894384366Z: [    0.020244] Calibrating delay loop (skipped), value calculated using timer frequency.. 5199.37 BogoMIPS (lpj=25996860)
[STDERR  ] 2018-05-03T21:57:21.894404490Z: [    0.021311] pid_max: default: 32768 minimum: 301
[STDERR  ] 2018-05-03T21:57:21.894430426Z: [    0.022255] ACPI: Core revision 20170728
[STDERR  ] 2018-05-03T21:57:21.894460905Z: [    0.066696] ACPI: 1 ACPI AML tables successfully acquired and loaded
[STDERR  ] 2018-05-03T21:57:21.894494812Z: [    0.068789] Security Framework initialized
[STDERR  ] 2018-05-03T21:57:21.894523493Z: [    0.069288] Yama: becoming mindful.
[STDERR  ] 2018-05-03T21:57:21.894605660Z: [    0.071855] Mount-cache hash table entries: 2048 (order: 2, 16384 bytes)
[STDERR  ] 2018-05-03T21:57:21.894690933Z: [    0.072423] Mountpoint-cache hash table entries: 2048 (order: 2, 16384 bytes)
[STDERR  ] 2018-05-03T21:57:21.894721032Z: [    0.093125] Last level iTLB entries: 4KB 0, 2MB 0, 4MB 0
[STDERR  ] 2018-05-03T21:57:21.894752623Z: [    0.093640] Last level dTLB entries: 4KB 0, 2MB 0, 4MB 0, 1GB 0
[STDERR  ] 2018-05-03T21:57:21.894783487Z: [    0.094199] Spectre V2 : Spectre mitigation: LFENCE not serializing, switching to generic retpoline
[STDERR  ] 2018-05-03T21:57:21.894812532Z: [    0.094886] Spectre V2 : Vulnerable: Minimal generic ASM retpoline
[STDERR  ] 2018-05-03T21:57:21.894837872Z: [    0.095401] Spectre V2 : Spectre v2 mitigation: Filling RSB on context switch
[STDERR  ] 2018-05-03T21:57:21.894857493Z: [    0.367951] Freeing SMP alternatives memory: 20K
[STDERR  ] 2018-05-03T21:57:21.894882039Z: [    0.389140] smpboot: Max logical packages: 1
[STDERR  ] 2018-05-03T21:57:21.894901473Z: [    0.395535] ..TIMER: vector=0x30 apic1=0 pin1=2 apic2=-1 pin2=-1
[STDERR  ] 2018-05-03T21:57:21.894921835Z: [    0.500000] smpboot: CPU0: AMD QEMU Virtual CPU version 2.5+ (family: 0x6, model: 0x6, stepping: 0x3)
[STDERR  ] 2018-05-03T21:57:21.894949879Z: [    0.500000] Performance Events: PMU not available due to virtualization, using software events only.
[STDERR  ] 2018-05-03T21:57:21.894969524Z: [    0.501146] Hierarchical SRCU implementation.
[STDERR  ] 2018-05-03T21:57:21.895003495Z: [    0.507466] NMI watchdog: Perf event create on CPU 0 failed with -2
[STDERR  ] 2018-05-03T21:57:21.895028183Z: [    0.507991] NMI watchdog: Perf NMI watchdog permanently disabled
[STDERR  ] 2018-05-03T21:57:21.895058652Z: [    0.512239] smp: Bringing up secondary CPUs ...
[STDERR  ] 2018-05-03T21:57:21.895086751Z: [    0.512730] smp: Brought up 1 node, 1 CPU
[STDERR  ] 2018-05-03T21:57:21.895114306Z: [    0.513111] smpboot: Total of 1 processors activated (5199.37 BogoMIPS)
[STDERR  ] 2018-05-03T21:57:21.895143616Z: [    0.530405] devtmpfs: initialized
[STDERR  ] 2018-05-03T21:57:21.895168170Z: [    0.534767] x86/mm: Memory block size: 128MB
[STDERR  ] 2018-05-03T21:57:21.895191739Z: [    0.541091] evm: security.ima
[STDERR  ] 2018-05-03T21:57:21.895211635Z: [    0.541379] evm: security.capability
[STDERR  ] 2018-05-03T21:57:21.895236570Z: [    0.544753] clocksource: jiffies: mask: 0xffffffff max_cycles: 0xffffffff, max_idle_ns: 19112604462750000 ns
[STDERR  ] 2018-05-03T21:57:21.895256390Z: [    0.545606] futex hash table entries: 256 (order: 2, 16384 bytes)
[STDERR  ] 2018-05-03T21:57:21.895284017Z: [    0.557466] NET: Registered protocol family 16
[STDERR  ] 2018-05-03T21:57:21.895310099Z: [    0.564639] cpuidle: using governor ladder
[STDERR  ] 2018-05-03T21:57:21.895339462Z: [    0.565152] cpuidle: using governor menu
[STDERR  ] 2018-05-03T21:57:21.895362217Z: [    0.566777] ACPI: bus type PCI registered
[STDERR  ] 2018-05-03T21:57:21.895385455Z: [    0.569577] PCI: MMCONFIG for domain 0000 [bus 00-ff] at [mem 0xb0000000-0xbfffffff] (base 0xb0000000)
[STDERR  ] 2018-05-03T21:57:21.895404873Z: [    0.570307] PCI: MMCONFIG at [mem 0xb0000000-0xbfffffff] reserved in E820
[STDERR  ] 2018-05-03T21:57:21.895425492Z: [    0.571363] PCI: Using configuration type 1 for base access
[STDERR  ] 2018-05-03T21:57:21.895448850Z: [    0.627046] HugeTLB registered 2.00 MiB page size, pre-allocated 0 pages
[STDERR  ] 2018-05-03T21:57:21.895468539Z: [    0.637996] ACPI: Added _OSI(Module Device)
[STDERR  ] 2018-05-03T21:57:21.895489257Z: [    0.638395] ACPI: Added _OSI(Processor Device)
[STDERR  ] 2018-05-03T21:57:21.895512259Z: [    0.638703] ACPI: Added _OSI(3.0 _SCP Extensions)
[STDERR  ] 2018-05-03T21:57:21.895532064Z: [    0.639038] ACPI: Added _OSI(Processor Aggregator Device)
[STDERR  ] 2018-05-03T21:57:21.895556189Z: [    0.720959] ACPI: Interpreter enabled
[STDERR  ] 2018-05-03T21:57:21.895580561Z: [    0.722125] ACPI: (supports S0 S5)
[STDERR  ] 2018-05-03T21:57:21.895614841Z: [    0.722611] ACPI: Using IOAPIC for interrupt routing
[STDERR  ] 2018-05-03T21:57:21.895642658Z: [    0.725138] PCI: Using host bridge windows from ACPI; if necessary, use "pci=nocrs" and report a bug
[STDERR  ] 2018-05-03T21:57:21.895666964Z: [    0.728833] ACPI: Enabled 2 GPEs in block 00 to 3F
[STDERR  ] 2018-05-03T21:57:21.895688540Z: [    0.806854] ACPI: PCI Root Bridge [PCI0] (domain 0000 [bus 00-ff])
[STDERR  ] 2018-05-03T21:57:21.895721524Z: [    0.807932] acpi PNP0A08:00: _OSC: OS supports [ExtendedConfig ASPM ClockPM Segments MSI]
[STDERR  ] 2018-05-03T21:57:21.895746835Z: [    0.814086] acpi PNP0A08:00: _OSC: OS now controls [PCIeHotplug PME PCIeCapability]
[STDERR  ] 2018-05-03T21:57:21.895780250Z: [    0.817857] PCI host bridge to bus 0000:00
[STDERR  ] 2018-05-03T21:57:21.895810822Z: [    0.818372] pci_bus 0000:00: root bus resource [io  0x0000-0x0cf7 window]
[STDERR  ] 2018-05-03T21:57:21.895834491Z: [    0.818864] pci_bus 0000:00: root bus resource [io  0x0d00-0xffff window]
[STDERR  ] 2018-05-03T21:57:21.895855372Z: [    0.819328] pci_bus 0000:00: root bus resource [mem 0x000a0000-0x000bffff window]
[STDERR  ] 2018-05-03T21:57:21.895880911Z: [    0.819832] pci_bus 0000:00: root bus resource [mem 0xc0000000-0xfebfffff window]
[STDERR  ] 2018-05-03T21:57:21.895910033Z: [    0.820805] pci_bus 0000:00: root bus resource [bus 00-ff]
[STDERR  ] 2018-05-03T21:57:21.895931078Z: [    0.976879] pci 0000:00:1f.0: quirk: [io  0x0600-0x067f] claimed by ICH6 ACPI/GPIO/TCO
[STDERR  ] 2018-05-03T21:57:21.895951403Z: [    1.060975] ACPI: PCI Interrupt Link [LNKA] (IRQs 5 *10 11)
[STDERR  ] 2018-05-03T21:57:21.895970632Z: [    1.063069] ACPI: PCI Interrupt Link [LNKB] (IRQs 5 *10 11)
[STDERR  ] 2018-05-03T21:57:21.895993865Z: [    1.064918] ACPI: PCI Interrupt Link [LNKC] (IRQs 5 10 *11)
[STDERR  ] 2018-05-03T21:57:21.896017805Z: [    1.066631] ACPI: PCI Interrupt Link [LNKD] (IRQs 5 10 *11)
[STDERR  ] 2018-05-03T21:57:21.896040607Z: [    1.068389] ACPI: PCI Interrupt Link [LNKE] (IRQs 5 *10 11)
[STDERR  ] 2018-05-03T21:57:21.896061319Z: [    1.071219] ACPI: PCI Interrupt Link [LNKF] (IRQs 5 *10 11)
[STDERR  ] 2018-05-03T21:57:21.896080341Z: [    1.072915] ACPI: PCI Interrupt Link [LNKG] (IRQs 5 10 *11)
[STDERR  ] 2018-05-03T21:57:21.896099435Z: [    1.074579] ACPI: PCI Interrupt Link [LNKH] (IRQs 5 10 *11)
[STDERR  ] 2018-05-03T21:57:21.896123462Z: [    1.075440] ACPI: PCI Interrupt Link [GSIA] (IRQs *16)
[STDERR  ] 2018-05-03T21:57:21.896147869Z: [    1.076098] ACPI: PCI Interrupt Link [GSIB] (IRQs *17)
[STDERR  ] 2018-05-03T21:57:21.896176321Z: [    1.076731] ACPI: PCI Interrupt Link [GSIC] (IRQs *18)
[STDERR  ] 2018-05-03T21:57:21.896202399Z: [    1.077303] ACPI: PCI Interrupt Link [GSID] (IRQs *19)
[STDERR  ] 2018-05-03T21:57:21.896221645Z: [    1.077942] ACPI: PCI Interrupt Link [GSIE] (IRQs *20)
[STDERR  ] 2018-05-03T21:57:21.896240270Z: [    1.078576] ACPI: PCI Interrupt Link [GSIF] (IRQs *21)
[STDERR  ] 2018-05-03T21:57:21.896259141Z: [    1.079185] ACPI: PCI Interrupt Link [GSIG] (IRQs *22)
[STDERR  ] 2018-05-03T21:57:21.896278132Z: [    1.080078] ACPI: PCI Interrupt Link [GSIH] (IRQs *23)
[STDERR  ] 2018-05-03T21:57:21.896302430Z: [    1.088599] SCSI subsystem initialized
[STDERR  ] 2018-05-03T21:57:21.896323569Z: [    1.091485] ACPI: bus type USB registered
[STDERR  ] 2018-05-03T21:57:21.896347120Z: [    1.092495] usbcore: registered new interface driver usbfs
[STDERR  ] 2018-05-03T21:57:21.896366646Z: [    1.093380] usbcore: registered new interface driver hub
[STDERR  ] 2018-05-03T21:57:21.896386362Z: [    1.094285] usbcore: registered new device driver usb
[STDERR  ] 2018-05-03T21:57:21.896406783Z: [    1.095298] pps_core: LinuxPPS API ver. 1 registered
[STDERR  ] 2018-05-03T21:57:21.896430147Z: [    1.095657] pps_core: Software ver. 5.3.6 - Copyright 2005-2007 Rodolfo Giometti <giometti@linux.it>
[STDERR  ] 2018-05-03T21:57:21.896449376Z: [    1.096439] PTP clock support registered
[STDERR  ] 2018-05-03T21:57:21.896472169Z: [    1.098605] PCI: Using ACPI for IRQ routing
[STDERR  ] 2018-05-03T21:57:21.896496643Z: [    1.118785] NetLabel: Initializing
[STDERR  ] 2018-05-03T21:57:21.896526435Z: [    1.119117] NetLabel:  domain hash size = 128
[STDERR  ] 2018-05-03T21:57:21.896579567Z: [    1.119436] NetLabel:  protocols = UNLABELED CIPSOv4 CALIPSO
[STDERR  ] 2018-05-03T21:57:21.896608847Z: [    1.121961] NetLabel:  unlabeled traffic allowed by default
[STDERR  ] 2018-05-03T21:57:21.896637706Z: [    1.123667] HPET: 3 timers in total, 0 timers will be used for per-cpu timer
[STDERR  ] 2018-05-03T21:57:21.896675119Z: [    1.124482] hpet0: at MMIO 0xfed00000, IRQs 2, 8, 0
[STDERR  ] 2018-05-03T21:57:21.896700726Z: [    1.125030] hpet0: 3 comparators, 64-bit 100.000000 MHz counter
[STDERR  ] 2018-05-03T21:57:21.896733952Z: [    1.130801] clocksource: Switched to clocksource hpet
[STDERR  ] 2018-05-03T21:57:21.896755907Z: [    1.456666] VFS: Disk quotas dquot_6.6.0
[STDERR  ] 2018-05-03T21:57:21.896776596Z: [    1.457544] VFS: Dquot-cache hash table entries: 512 (order 0, 4096 bytes)
[STDERR  ] 2018-05-03T21:57:21.896796921Z: [    1.460720] FS-Cache: Loaded
[STDERR  ] 2018-05-03T21:57:21.896818263Z: [    1.466438] CacheFiles: Loaded
[STDERR  ] 2018-05-03T21:57:21.896837387Z: [    1.467649] pnp: PnP ACPI init
[STDERR  ] 2018-05-03T21:57:21.896866134Z: [    1.479739] pnp: PnP ACPI: found 5 devices
[STDERR  ] 2018-05-03T21:57:21.896886124Z: [    1.520465] clocksource: acpi_pm: mask: 0xffffff max_cycles: 0xffffff, max_idle_ns: 2085701024 ns
[STDERR  ] 2018-05-03T21:57:21.896913353Z: [    1.523458] NET: Registered protocol family 2
[STDERR  ] 2018-05-03T21:57:21.896932794Z: [    1.531504] TCP established hash table entries: 8192 (order: 4, 65536 bytes)
[STDERR  ] 2018-05-03T21:57:21.896952452Z: [    1.532420] TCP bind hash table entries: 8192 (order: 5, 131072 bytes)
[STDERR  ] 2018-05-03T21:57:21.896975689Z: [    1.533948] TCP: Hash tables configured (established 8192 bind 8192)
[STDERR  ] 2018-05-03T21:57:21.896995391Z: [    1.536061] UDP hash table entries: 512 (order: 2, 16384 bytes)
[STDERR  ] 2018-05-03T21:57:21.897015397Z: [    1.536825] UDP-Lite hash table entries: 512 (order: 2, 16384 bytes)
[STDERR  ] 2018-05-03T21:57:21.897034577Z: [    1.539390] NET: Registered protocol family 1
[STDERR  ] 2018-05-03T21:57:21.897053801Z: [    1.541065] pci 0000:00:01.0: Video device with shadowed ROM at [mem 0x000c0000-0x000dffff]
[STDERR  ] 2018-05-03T21:57:21.897074106Z: [    1.547712] Trying to unpack rootfs image as initramfs...
[STDERR  ] 2018-05-03T21:57:21.897093962Z: [   15.841015] Freeing initrd memory: 94916K
[STDERR  ] 2018-05-03T21:57:21.897114051Z: [   15.867251] PCLMULQDQ-NI instructions are not detected.
[STDERR  ] 2018-05-03T21:57:21.897138444Z: [   15.868712] AVX or AES-NI instructions are not detected.
[STDERR  ] 2018-05-03T21:57:21.897157745Z: [   15.869253] CPU feature 'AVX registers' is not supported.
[STDERR  ] 2018-05-03T21:57:21.897185001Z: [   15.869732] CPU feature 'AVX registers' is not supported.
[STDERR  ] 2018-05-03T21:57:21.897204043Z: [   15.870554] CPU feature 'AVX registers' is not supported.
[STDERR  ] 2018-05-03T21:57:21.897222888Z: [   15.871046] CPU feature 'AVX registers' is not supported.
[STDERR  ] 2018-05-03T21:57:21.897242038Z: [   15.871529] AVX2 or AES-NI instructions are not detected.
[STDERR  ] 2018-05-03T21:57:21.897260807Z: [   15.872012] AVX2 instructions are not detected.
[STDERR  ] 2018-05-03T21:57:21.897280720Z: [   15.876786] audit: initializing netlink subsys (disabled)
[STDERR  ] 2018-05-03T21:57:21.897299991Z: [   15.879546] audit: type=2000 audit(1525384564.870:1): state=initialized audit_enabled=0 res=1
[STDERR  ] 2018-05-03T21:57:21.897319398Z: [   15.886819] workingset: timestamp_bits=46 max_order=18 bucket_order=0
[STDERR  ] 2018-05-03T21:57:21.897340157Z: [   15.893078] squashfs: version 4.0 (2009/01/31) Phillip Lougher
[STDERR  ] 2018-05-03T21:57:21.897360131Z: [   15.895648] FS-Cache: Netfs 'cifs' registered for caching
[STDERR  ] 2018-05-03T21:57:21.897379586Z: [   15.896673] fuse init (API version 7.26)
[STDERR  ] 2018-05-03T21:57:21.897398964Z: [   15.899170] SGI XFS with ACLs, security attributes, no debug enabled
[STDERR  ] 2018-05-03T21:57:21.897418038Z: [   15.903866] 9p: Installing v9fs 9p2000 file system support
[STDERR  ] 2018-05-03T21:57:21.897437008Z: [   15.904479] FS-Cache: Netfs '9p' registered for caching
[STDERR  ] 2018-05-03T21:57:21.897456278Z: [   15.943065] NET: Registered protocol family 38
[STDERR  ] 2018-05-03T21:57:21.897475308Z: [   15.943832] Key type asymmetric registered
[STDERR  ] 2018-05-03T21:57:21.897494266Z: [   15.944302] Asymmetric key parser 'x509' registered
[STDERR  ] 2018-05-03T21:57:21.897513441Z: [   15.945155] Block layer SCSI generic (bsg) driver version 0.4 loaded (major 247)
[STDERR  ] 2018-05-03T21:57:21.897537686Z: [   15.946794] io scheduler noop registered
[STDERR  ] 2018-05-03T21:57:21.897564896Z: [   15.947208] io scheduler deadline registered (default)
[STDERR  ] 2018-05-03T21:57:21.897583988Z: [   15.948075] io scheduler cfq registered
[STDERR  ] 2018-05-03T21:57:21.897602921Z: [   15.948452] io scheduler mq-deadline registered
[STDERR  ] 2018-05-03T21:57:21.897622609Z: [   15.948852] io scheduler kyber registered
[STDERR  ] 2018-05-03T21:57:21.897648651Z: [   15.953073] shpchp: Standard Hot Plug PCI Controller Driver version: 0.4
[STDERR  ] 2018-05-03T21:57:21.897673043Z: [   15.953965] hv_vmbus: registering driver hyperv_fb
[STDERR  ] 2018-05-03T21:57:21.897692971Z: [   15.957519] input: Power Button as /devices/LNXSYSTM:00/LNXPWRBN:00/input/input0
[STDERR  ] 2018-05-03T21:57:21.897712799Z: [   15.961487] ACPI: Power Button [PWRF]
[STDERR  ] 2018-05-03T21:57:21.897731979Z: [   15.981021] ACPI: PCI Interrupt Link [GSIG] enabled at IRQ 22
[STDERR  ] 2018-05-03T21:57:21.897751072Z: [   15.996075] ACPI: PCI Interrupt Link [GSIH] enabled at IRQ 23
[STDERR  ] 2018-05-03T21:57:21.897774034Z: [   16.002969] Serial: 8250/16550 driver, 4 ports, IRQ sharing disabled
[STDERR  ] 2018-05-03T21:57:21.897796690Z: [   16.028576] 00:04: ttyS0 at I/O 0x3f8 (irq = 4, base_baud = 115200) is a 16550A
[STDERR  ] 2018-05-03T21:57:21.897815942Z: [   16.038525] Non-volatile memory driver v1.3
[STDERR  ] 2018-05-03T21:57:21.897835146Z: [   16.045767] Hangcheck: starting hangcheck timer 0.9.1 (tick is 180 seconds, margin is 60 seconds).
[STDERR  ] 2018-05-03T21:57:21.897861393Z: [   16.060849] random: fast init done
[STDERR  ] 2018-05-03T21:57:21.897880550Z: [   16.062473] random: crng init done
[STDERR  ] 2018-05-03T21:57:21.897899659Z: [   16.115023] brd: module loaded
[STDERR  ] 2018-05-03T21:57:21.897918846Z: [   16.151123] loop: module loaded
[STDERR  ] 2018-05-03T21:57:21.897938169Z: [   16.211952] lpc_ich 0000:00:1f.0: I/O space for GPIO uninitialized
[STDERR  ] 2018-05-03T21:57:21.897957481Z: [   16.214200] VMware PVSCSI driver - version 1.0.7.0-k
[STDERR  ] 2018-05-03T21:57:21.897980448Z: [   16.215155] hv_vmbus: registering driver hv_storvsc
[STDERR  ] 2018-05-03T21:57:21.898015642Z: [   16.227277] ACPI: PCI Interrupt Link [GSIA] enabled at IRQ 16
[STDERR  ] 2018-05-03T21:57:21.898039895Z: [   16.234658] ahci 0000:00:1f.2: AHCI 0001.0000 32 slots 6 ports 1.5 Gbps 0x3f impl SATA mode
[STDERR  ] 2018-05-03T21:57:21.898063085Z: [   16.235405] ahci 0000:00:1f.2: flags: 64bit ncq only 
[STDERR  ] 2018-05-03T21:57:21.898083405Z: [   16.252568] scsi host0: ahci
[STDERR  ] 2018-05-03T21:57:21.898106665Z: [   16.256077] scsi host1: ahci
[STDERR  ] 2018-05-03T21:57:21.898125601Z: [   16.257882] scsi host2: ahci
[STDERR  ] 2018-05-03T21:57:21.898144757Z: [   16.259747] scsi host3: ahci
[STDERR  ] 2018-05-03T21:57:21.898163584Z: [   16.261888] scsi host4: ahci
[STDERR  ] 2018-05-03T21:57:21.898186209Z: [   16.263657] scsi host5: ahci
[STDERR  ] 2018-05-03T21:57:21.898208755Z: [   16.265127] ata1: SATA max UDMA/133 abar m4096@0xfebd2000 port 0xfebd2100 irq 24
[STDERR  ] 2018-05-03T21:57:21.898228322Z: [   16.265735] ata2: SATA max UDMA/133 abar m4096@0xfebd2000 port 0xfebd2180 irq 24
[STDERR  ] 2018-05-03T21:57:21.898250167Z: [   16.266292] ata3: SATA max UDMA/133 abar m4096@0xfebd2000 port 0xfebd2200 irq 24
[STDERR  ] 2018-05-03T21:57:21.898279180Z: [   16.266839] ata4: SATA max UDMA/133 abar m4096@0xfebd2000 port 0xfebd2280 irq 24
[STDERR  ] 2018-05-03T21:57:21.898301931Z: [   16.267379] ata5: SATA max UDMA/133 abar m4096@0xfebd2000 port 0xfebd2300 irq 24
[STDERR  ] 2018-05-03T21:57:21.898321285Z: [   16.267943] ata6: SATA max UDMA/133 abar m4096@0xfebd2000 port 0xfebd2380 irq 24
[STDERR  ] 2018-05-03T21:57:21.898341301Z: [   16.281356] tun: Universal TUN/TAP device driver, 1.6
[STDERR  ] 2018-05-03T21:57:21.898387801Z: [   16.293493] VMware vmxnet3 virtual NIC driver - version 1.4.a.0-k-NAPI
[STDERR  ] 2018-05-03T21:57:21.898408905Z: [   16.294359] hv_vmbus: registering driver hv_netvsc
[STDERR  ] 2018-05-03T21:57:21.898437626Z: [   16.294756] Fusion MPT base driver 3.04.20
[STDERR  ] 2018-05-03T21:57:21.898461461Z: [   16.295077] Copyright (c) 1999-2008 LSI Corporation
[STDERR  ] 2018-05-03T21:57:21.898489103Z: [   16.295634] Fusion MPT SPI Host driver 3.04.20
[STDERR  ] 2018-05-03T21:57:21.898508516Z: [   16.297705] i8042: PNP: PS/2 Controller [PNP0303:KBD,PNP0f13:MOU] at 0x60,0x64 irq 1,12
[STDERR  ] 2018-05-03T21:57:21.898531444Z: [   16.302934] serio: i8042 KBD port at 0x60,0x64 irq 1
[STDERR  ] 2018-05-03T21:57:21.898555939Z: [   16.303619] serio: i8042 AUX port at 0x60,0x64 irq 12
[STDERR  ] 2018-05-03T21:57:21.898590501Z: [   16.306388] hv_vmbus: registering driver hyperv_keyboard
[STDERR  ] 2018-05-03T21:57:21.898614186Z: [   16.308680] mousedev: PS/2 mouse device common for all mice
[STDERR  ] 2018-05-03T21:57:21.898633803Z: [   16.313888] input: AT Translated Set 2 keyboard as /devices/platform/i8042/serio0/input/input1
[STDERR  ] 2018-05-03T21:57:21.898653057Z: [   16.316571] input: PC Speaker as /devices/platform/pcspkr/input/input2
[STDERR  ] 2018-05-03T21:57:21.898672207Z: [   16.321048] rtc_cmos 00:00: RTC can wake from S4
[STDERR  ] 2018-05-03T21:57:21.898691400Z: [   16.324197] rtc_cmos 00:00: rtc core: registered rtc_cmos as rtc0
[STDERR  ] 2018-05-03T21:57:21.898710869Z: [   16.325474] rtc_cmos 00:00: alarms up to one day, y3k, 114 bytes nvram, hpet irqs
[STDERR  ] 2018-05-03T21:57:21.898731510Z: [   16.326254] i2c /dev entries driver
[STDERR  ] 2018-05-03T21:57:21.898754701Z: [   16.328394] device-mapper: ioctl: 4.37.0-ioctl (2017-09-20) initialised: dm-devel@redhat.com
[STDERR  ] 2018-05-03T21:57:21.898773765Z: [   16.333453] usbcore: registered new interface driver usbhid
[STDERR  ] 2018-05-03T21:57:21.898792888Z: [   16.333877] usbhid: USB HID core driver
[STDERR  ] 2018-05-03T21:57:21.898812136Z: [   16.334649] hv_utils: Registering HyperV Utility Driver
[STDERR  ] 2018-05-03T21:57:21.898831311Z: [   16.335015] hv_vmbus: registering driver hv_util
[STDERR  ] 2018-05-03T21:57:21.898850165Z: [   16.335329] hv_vmbus: registering driver hv_balloon
[STDERR  ] 2018-05-03T21:57:21.898869263Z: [   16.335892] oprofile: using NMI interrupt.
[STDERR  ] 2018-05-03T21:57:21.898888326Z: [   16.337145] GACT probability on
[STDERR  ] 2018-05-03T21:57:21.898907294Z: [   16.337608] Mirror/redirect action on
[STDERR  ] 2018-05-03T21:57:21.898926702Z: [   16.338118] Simple TC action Loaded
[STDERR  ] 2018-05-03T21:57:21.898945651Z: [   16.338637] u32 classifier
[STDERR  ] 2018-05-03T21:57:21.898970612Z: [   16.338849]     Performance counters on
[STDERR  ] 2018-05-03T21:57:21.898989846Z: [   16.339128]     input device check on
[STDERR  ] 2018-05-03T21:57:21.899008846Z: [   16.339415]     Actions configured
[STDERR  ] 2018-05-03T21:57:21.899028034Z: [   16.340451] Netfilter messages via NETLINK v0.30.
[STDERR  ] 2018-05-03T21:57:21.899047598Z: [   16.341453] nfnl_acct: registering with nfnetlink.
[STDERR  ] 2018-05-03T21:57:21.899066941Z: [   16.342983] nf_conntrack version 0.5.0 (8192 buckets, 32768 max)
[STDERR  ] 2018-05-03T21:57:21.899085988Z: [   16.345655] ctnetlink v0.93: registering with nfnetlink.
[STDERR  ] 2018-05-03T21:57:21.899105041Z: [   16.348982] nf_tables: (c) 2007-2009 Patrick McHardy <kaber@trash.net>
[STDERR  ] 2018-05-03T21:57:21.899127973Z: [   16.349860] nf_tables_compat: (c) 2012 Pablo Neira Ayuso <pablo@netfilter.org>
[STDERR  ] 2018-05-03T21:57:21.899151985Z: [   16.353032] xt_time: kernel timezone is -0000
[STDERR  ] 2018-05-03T21:57:21.899178048Z: [   16.353660] ip_set: protocol 6
[STDERR  ] 2018-05-03T21:57:21.899196930Z: [   16.354427] IPVS: Registered protocols (TCP, UDP, SCTP, AH, ESP)
[STDERR  ] 2018-05-03T21:57:21.899215897Z: [   16.355062] IPVS: Connection hash table configured (size=4096, memory=64Kbytes)
[STDERR  ] 2018-05-03T21:57:21.899234720Z: [   16.359231] IPVS: ipvs loaded.
[STDERR  ] 2018-05-03T21:57:21.899256747Z: [   16.359629] IPVS: [rr] scheduler registered.
[STDERR  ] 2018-05-03T21:57:21.899275674Z: [   16.359996] IPVS: [wrr] scheduler registered.
[STDERR  ] 2018-05-03T21:57:21.899299538Z: [   16.360981] IPVS: [lc] scheduler registered.
[STDERR  ] 2018-05-03T21:57:21.899322623Z: [   16.361337] IPVS: [wlc] scheduler registered.
[STDERR  ] 2018-05-03T21:57:21.899341537Z: [   16.361659] IPVS: [fo] scheduler registered.
[STDERR  ] 2018-05-03T21:57:21.899360469Z: [   16.361976] IPVS: [ovf] scheduler registered.
[STDERR  ] 2018-05-03T21:57:21.899379451Z: [   16.362432] IPVS: [lblc] scheduler registered.
[STDERR  ] 2018-05-03T21:57:21.899398233Z: [   16.362863] IPVS: [lblcr] scheduler registered.
[STDERR  ] 2018-05-03T21:57:21.899417340Z: [   16.363223] IPVS: [dh] scheduler registered.
[STDERR  ] 2018-05-03T21:57:21.899444497Z: [   16.363556] IPVS: [sh] scheduler registered.
[STDERR  ] 2018-05-03T21:57:21.899463458Z: [   16.363942] IPVS: [sed] scheduler registered.
[STDERR  ] 2018-05-03T21:57:21.899486000Z: [   16.364273] IPVS: [nq] scheduler registered.
[STDERR  ] 2018-05-03T21:57:21.899504917Z: [   16.365011] IPVS: ftp: loaded support on port[0] = 21
[STDERR  ] 2018-05-03T21:57:21.899542685Z: [   16.365969] ipip: IPv4 and MPLS over IPv4 tunneling driver
[STDERR  ] 2018-05-03T21:57:21.899573960Z: [   16.370045] gre: GRE over IPv4 demultiplexor driver
[STDERR  ] 2018-05-03T21:57:21.899597654Z: [   16.373536] ip_tables: (C) 2000-2006 Netfilter Core Team
[STDERR  ] 2018-05-03T21:57:21.899616733Z: [   16.377377] ipt_CLUSTERIP: ClusterIP Version 0.8 loaded successfully
[STDERR  ] 2018-05-03T21:57:21.899635670Z: [   16.378130] arp_tables: arp_tables: (C) 2002 David S. Miller
[STDERR  ] 2018-05-03T21:57:21.899655278Z: [   16.381187] NET: Registered protocol family 10
[STDERR  ] 2018-05-03T21:57:21.899674107Z: [   16.392599] Segment Routing with IPv6
[STDERR  ] 2018-05-03T21:57:21.899697297Z: [   16.393579] ip6_tables: (C) 2000-2006 Netfilter Core Team
[STDERR  ] 2018-05-03T21:57:21.899716563Z: [   16.402239] NET: Registered protocol family 17
[STDERR  ] 2018-05-03T21:57:21.899735694Z: [   16.403370] Bridge firewalling registered
[STDERR  ] 2018-05-03T21:57:21.899754651Z: [   16.403974] Ebtables v2.0 registered
[STDERR  ] 2018-05-03T21:57:21.899774235Z: [   16.405945] 8021q: 802.1Q VLAN Support v1.8
[STDERR  ] 2018-05-03T21:57:21.899793854Z: [   16.407573] 9pnet: Installing 9P2000 support
[STDERR  ] 2018-05-03T21:57:21.899812817Z: [   16.409260] Key type dns_resolver registered
[STDERR  ] 2018-05-03T21:57:21.899831992Z: [   16.411398] sched_clock: Marking stable (16410253300, 0)->(16514112445, -103859145)
[STDERR  ] 2018-05-03T21:57:21.899851192Z: [   16.415140] registered taskstats version 1
[STDERR  ] 2018-05-03T21:57:21.899870229Z: [   16.604534] ata3: SATA link up 1.5 Gbps (SStatus 113 SControl 300)
[STDERR  ] 2018-05-03T21:57:21.899892463Z: [   16.609355] ata3.00: ATAPI: QEMU DVD-ROM, 2.5+, max UDMA/100
[STDERR  ] 2018-05-03T21:57:21.899911602Z: [   16.610459] ata3.00: applying bridge limits
[STDERR  ] 2018-05-03T21:57:21.899930542Z: [   16.612068] ata6: SATA link down (SStatus 0 SControl 300)
[STDERR  ] 2018-05-03T21:57:21.899949601Z: [   16.613727] ata2: SATA link down (SStatus 0 SControl 300)
[STDERR  ] 2018-05-03T21:57:21.899968595Z: [   16.614368] ata1: SATA link down (SStatus 0 SControl 300)
[STDERR  ] 2018-05-03T21:57:21.899987581Z: [   16.615452] ata4: SATA link down (SStatus 0 SControl 300)
[STDERR  ] 2018-05-03T21:57:21.900011243Z: [   16.616168] ata5: SATA link down (SStatus 0 SControl 300)
[STDERR  ] 2018-05-03T21:57:21.900030553Z: [   16.631517] ata3.00: configured for UDMA/100
[STDERR  ] 2018-05-03T21:57:21.900049527Z: [   16.645446] scsi 2:0:0:0: CD-ROM            QEMU     QEMU DVD-ROM     2.5+ PQ: 0 ANSI: 5
[STDERR  ] 2018-05-03T21:57:21.900068611Z: [   16.693864] sr 2:0:0:0: [sr0] scsi3-mmc drive: 4x/4x cd/rw xa/form2 tray
[STDERR  ] 2018-05-03T21:57:21.900087810Z: [   16.694608] cdrom: Uniform CD-ROM driver Revision: 3.20
[STDERR  ] 2018-05-03T21:57:21.900107086Z: [   16.704912] sr 2:0:0:0: Attached scsi generic sg0 type 5
[STDERR  ] 2018-05-03T21:57:21.900126329Z: [   16.716819] Key type big_key registered
[STDERR  ] 2018-05-03T21:57:21.900154423Z: [   16.805298] Key type trusted registered
[STDERR  ] 2018-05-03T21:57:21.900173440Z: [   16.880931] tsc: Refined TSC clocksource calibration: 2599.795 MHz
[STDERR  ] 2018-05-03T21:57:21.900192514Z: [   16.881914] clocksource: tsc: mask: 0xffffffffffffffff max_cycles: 0x25797a77879, max_idle_ns: 440795235314 ns
[STDERR  ] 2018-05-03T21:57:21.900212228Z: [   16.902003] Key type encrypted registered
[STDERR  ] 2018-05-03T21:57:21.900231342Z: [   16.902863] ima: No TPM chip found, activating TPM-bypass! (rc=-19)
[STDERR  ] 2018-05-03T21:57:21.900250393Z: [   16.906092] evm: HMAC attrs: 0x1
[STDERR  ] 2018-05-03T21:57:21.900274214Z: [   16.911800] rtc_cmos 00:00: setting system clock to 2018-05-03 21:56:06 UTC (1525384566)
[STDERR  ] 2018-05-03T21:57:21.900293477Z: [   17.084150] Freeing unused kernel memory: 1508K
[STDERR  ] 2018-05-03T21:57:21.900315418Z: [   17.084685] Write protecting the kernel read-only data: 18432k
[STDERR  ] 2018-05-03T21:57:21.900348553Z: [   17.100971] Freeing unused kernel memory: 2024K
[STDERR  ] 2018-05-03T21:57:21.900378700Z: [   17.173406] Freeing unused kernel memory: 1104K
[STDERR  ] 2018-05-03T21:57:21.900406646Z: [   17.901147] clocksource: Switched to clocksource tsc
[STDERR  ] 2018-05-03T21:57:21.900436253Z: 
[STDERR  ] 2018-05-03T21:57:21.900455379Z: Welcome to LinuxKit
[STDERR  ] 2018-05-03T21:57:21.900474637Z: 
[STDERR  ] 2018-05-03T21:57:21.900493605Z:                         ##         .
[STDERR  ] 2018-05-03T21:57:21.900513270Z:                   ## ## ##        ==
[STDERR  ] 2018-05-03T21:57:21.900532759Z:                ## ## ## ## ##    ===
[STDERR  ] 2018-05-03T21:57:21.900555944Z:            /"""""""""""""""""\___/ ===
[STDERR  ] 2018-05-03T21:57:21.900575297Z:           {                       /  ===-
[STDERR  ] 2018-05-03T21:57:21.900594771Z:            \______ O           __/
[STDERR  ] 2018-05-03T21:57:21.900619516Z:              \    \         __/
[STDERR  ] 2018-05-03T21:57:21.900638948Z:               \____\_______/
[STDERR  ] 2018-05-03T21:57:21.900658322Z: 
[STDERR  ] 2018-05-03T21:57:21.900677257Z: [   68.771483] 8021q: adding VLAN 0 to HW filter on device eth0
[STDERR  ] 2018-05-03T21:57:21.900696732Z: eth0: waiting for carrier
[STDERR  ] 2018-05-03T21:57:21.900719464Z: eth0: carrier acquired
[STDERR  ] 2018-05-03T21:57:21.900738578Z: DUID 00:01:00:01:22:7e:42:2a:56:ce:57:2e:47:88
[STDERR  ] 2018-05-03T21:57:21.900762802Z: eth0: IAID 57:2e:47:88
[STDERR  ] 2018-05-03T21:57:21.900781696Z: eth0: adding address fe80::1aa:6b73:d616:d130
[STDERR  ] 2018-05-03T21:57:21.900807880Z: eth0: soliciting an IPv6 router
[STDERR  ] 2018-05-03T21:57:21.900831953Z: eth0: soliciting a DHCP lease
[STDERR  ] 2018-05-03T21:57:21.900855471Z: eth0: offered 10.0.2.15 from 10.0.2.2
[STDERR  ] 2018-05-03T21:57:21.900874595Z: eth0: leased 10.0.2.15 for 86400 seconds
[STDERR  ] 2018-05-03T21:57:21.900893520Z: eth0: adding route to 10.0.2.0/24
[STDERR  ] 2018-05-03T21:57:21.900912732Z: eth0: adding default route via 10.0.2.2
[STDERR  ] 2018-05-03T21:57:21.900932221Z: exiting due to oneshot
[STDERR  ] 2018-05-03T21:57:21.900956254Z: dhcpcd exited
[STDERR  ] 2018-05-03T21:57:21.900976967Z: [   69.976588] IPVS: ftp: loaded support on port[0] = 21
[STDERR  ] 2018-05-03T21:57:21.901001751Z: [   70.782279] wireguard: loading out-of-tree module taints kernel.
[STDERR  ] 2018-05-03T21:57:21.901020834Z: [   70.821725] wireguard: WireGuard 0.0.20180420 loaded. See www.wireguard.com for information.
[STDERR  ] 2018-05-03T21:57:21.901040153Z: [   70.822541] wireguard: Copyright (C) 2015-2018 Jason A. Donenfeld <Jason@zx2c4.com>. All Rights Reserved.
[STDERR  ] 2018-05-03T21:57:21.901075209Z: Created interface wg0 type wireguard
[STDERR  ] 2018-05-03T21:57:21.901099181Z: Moved interface wg0 to pid 322
[STDERR  ] 2018-05-03T21:57:21.901118471Z: [#] wg setconf wg0 /dev/fd/63
[STDERR  ] 2018-05-03T21:57:21.901141208Z: [#] ip address add 192.168.2.1/24 dev wg0
[STDERR  ] 2018-05-03T21:57:21.901160572Z: [#] ip link set mtu 65456 dev wg0
[STDERR  ] 2018-05-03T21:57:21.901184644Z: [#] ip link set wg0 up
[STDERR  ] 2018-05-03T21:57:21.901209710Z: [#] ip route add 0.0.0.0/0 dev wg0
[STDERR  ] 2018-05-03T21:57:21.901233380Z: [   72.899826] IPVS: ftp: loaded support on port[0] = 21
[STDERR  ] 2018-05-03T21:57:21.901252618Z: Created interface wg1 type wireguard
[STDERR  ] 2018-05-03T21:57:21.901272324Z: Moved interface wg1 to pid 380
[STDERR  ] 2018-05-03T21:57:21.901295148Z: [#] wg setconf wg1 /dev/fd/63
[STDERR  ] 2018-05-03T21:57:21.901327056Z: [#] ip address add 192.168.2.2/24 dev wg1
[STDERR  ] 2018-05-03T21:57:21.901350834Z: [#] ip link set mtu 65456 dev wg1
[STDERR  ] 2018-05-03T21:57:21.901373729Z: [#] ip link set wg1 up
[STDERR  ] 2018-05-03T21:57:21.901398331Z: [#] ip route add 0.0.0.0/0 dev wg1
[STDERR  ] 2018-05-03T21:57:21.901417438Z: [34mINFO[0m[0000] starting containerd                           [34mrevision[0m=209a7fc3e4a32ef71a8c7b50c68fc8398415badf [34mversion[0m=v1.1.0
[STDERR  ] 2018-05-03T21:57:21.901438971Z: [34mINFO[0m[0000] loading plugin "io.containerd.content.v1.content"...  [34mtype[0m=io.containerd.content.v1
[STDERR  ] 2018-05-03T21:57:21.901462999Z: [34mINFO[0m[0000] loading plugin "io.containerd.snapshotter.v1.btrfs"...  [34mtype[0m=io.containerd.snapshotter.v1
[STDERR  ] 2018-05-03T21:57:21.901484953Z: [33mWARN[0m[0000] failed to load plugin io.containerd.snapshotter.v1.btrfs  [33merror[0m="path /var/lib/containerd/io.containerd.snapshotter.v1.btrfs must be a btrfs filesystem to be used with the btrfs snapshotter"
[STDERR  ] 2018-05-03T21:57:21.901511733Z: [34mINFO[0m[0000] loading plugin "io.containerd.snapshotter.v1.aufs"...  [34mtype[0m=io.containerd.snapshotter.v1
[STDERR  ] 2018-05-03T21:57:21.901531845Z: [33mWARN[0m[0000] failed to load plugin io.containerd.snapshotter.v1.aufs  [33merror[0m="modprobe aufs failed: "modprobe: module aufs not found in modules.dep\n": exit status 1"
[STDERR  ] 2018-05-03T21:57:21.901558667Z: [34mINFO[0m[0000] loading plugin "io.containerd.snapshotter.v1.native"...  [34mtype[0m=io.containerd.snapshotter.v1
[STDERR  ] 2018-05-03T21:57:21.901578685Z: [34mINFO[0m[0000] loading plugin "io.containerd.snapshotter.v1.overlayfs"...  [34mtype[0m=io.containerd.snapshotter.v1
[STDERR  ] 2018-05-03T21:57:21.901601663Z: [34mINFO[0m[0000] loading plugin "io.containerd.snapshotter.v1.zfs"...  [34mtype[0m=io.containerd.snapshotter.v1
[STDERR  ] 2018-05-03T21:57:21.901621302Z: [33mWARN[0m[0000] failed to load plugin io.containerd.snapshotter.v1.zfs  [33merror[0m="path /var/lib/containerd/io.containerd.snapshotter.v1.zfs must be a zfs filesystem to be used with the zfs snapshotter"
[STDERR  ] 2018-05-03T21:57:21.901652539Z: [34mINFO[0m[0000] loading plugin "io.containerd.metadata.v1.bolt"...  [34mtype[0m=io.containerd.metadata.v1
[STDERR  ] 2018-05-03T21:57:21.901672179Z: [33mWARN[0m[0000] could not use snapshotter btrfs in metadata plugin  [33merror[0m="path /var/lib/containerd/io.containerd.snapshotter.v1.btrfs must be a btrfs filesystem to be used with the btrfs snapshotter"
[STDERR  ] 2018-05-03T21:57:21.901691467Z: [33mWARN[0m[0000] could not use snapshotter aufs in metadata plugin  [33merror[0m="modprobe aufs failed: "modprobe: module aufs not found in modules.dep\n": exit status 1"
[STDERR  ] 2018-05-03T21:57:21.901712116Z: [33mWARN[0m[0000] could not use snapshotter zfs in metadata plugin  [33merror[0m="path /var/lib/containerd/io.containerd.snapshotter.v1.zfs must be a zfs filesystem to be used with the zfs snapshotter"
[STDERR  ] 2018-05-03T21:57:21.901735760Z: [34mINFO[0m[0000] loading plugin "io.containerd.differ.v1.walking"...  [34mtype[0m=io.containerd.differ.v1
[STDERR  ] 2018-05-03T21:57:21.901755119Z: [34mINFO[0m[0000] loading plugin "io.containerd.gc.v1.scheduler"...  [34mtype[0m=io.containerd.gc.v1
[STDERR  ] 2018-05-03T21:57:21.901774451Z: [34mINFO[0m[0000] loading plugin "io.containerd.service.v1.containers-service"...  [34mtype[0m=io.containerd.service.v1
[STDERR  ] 2018-05-03T21:57:21.901801122Z: [34mINFO[0m[0000] loading plugin "io.containerd.service.v1.content-service"...  [34mtype[0m=io.containerd.service.v1
[STDERR  ] 2018-05-03T21:57:21.901824980Z: [34mINFO[0m[0000] loading plugin "io.containerd.service.v1.diff-service"...  [34mtype[0m=io.containerd.service.v1
[STDERR  ] 2018-05-03T21:57:21.901848745Z: [34mINFO[0m[0000] loading plugin "io.containerd.service.v1.images-service"...  [34mtype[0m=io.containerd.service.v1
[STDERR  ] 2018-05-03T21:57:21.901868131Z: [34mINFO[0m[0000] loading plugin "io.containerd.service.v1.leases-service"...  [34mtype[0m=io.containerd.service.v1
[STDERR  ] 2018-05-03T21:57:21.901887585Z: [34mINFO[0m[0000] loading plugin "io.containerd.service.v1.namespaces-service"...  [34mtype[0m=io.containerd.service.v1
[STDERR  ] 2018-05-03T21:57:21.901914613Z: [34mINFO[0m[0000] loading plugin "io.containerd.service.v1.snapshots-service"...  [34mtype[0m=io.containerd.service.v1
[STDERR  ] 2018-05-03T21:57:21.901933927Z: [34mINFO[0m[0000] loading plugin "io.containerd.monitor.v1.cgroups"...  [34mtype[0m=io.containerd.monitor.v1
[STDERR  ] 2018-05-03T21:57:21.901955902Z: [34mINFO[0m[0000] loading plugin "io.containerd.runtime.v1.linux"...  [34mtype[0m=io.containerd.runtime.v1
[STDERR  ] 2018-05-03T21:57:21.901979071Z: [34mINFO[0m[0000] loading plugin "io.containerd.service.v1.tasks-service"...  [34mtype[0m=io.containerd.service.v1
[STDERR  ] 2018-05-03T21:57:21.902001832Z: [34mINFO[0m[0000] loading plugin "io.containerd.grpc.v1.containers"...  [34mtype[0m=io.containerd.grpc.v1
[STDERR  ] 2018-05-03T21:57:21.902021314Z: [34mINFO[0m[0000] loading plugin "io.containerd.grpc.v1.content"...  [34mtype[0m=io.containerd.grpc.v1
[STDERR  ] 2018-05-03T21:57:21.902040628Z: [34mINFO[0m[0000] loading plugin "io.containerd.grpc.v1.diff"...  [34mtype[0m=io.containerd.grpc.v1
[STDERR  ] 2018-05-03T21:57:21.902074743Z: [34mINFO[0m[0000] loading plugin "io.containerd.grpc.v1.events"...  [34mtype[0m=io.containerd.grpc.v1
[STDERR  ] 2018-05-03T21:57:21.902098428Z: [34mINFO[0m[0000] loading plugin "io.containerd.grpc.v1.healthcheck"...  [34mtype[0m=io.containerd.grpc.v1
[STDERR  ] 2018-05-03T21:57:21.902117639Z: [34mINFO[0m[0000] loading plugin "io.containerd.grpc.v1.images"...  [34mtype[0m=io.containerd.grpc.v1
[STDERR  ] 2018-05-03T21:57:21.902136629Z: [34mINFO[0m[0000] loading plugin "io.containerd.grpc.v1.leases"...  [34mtype[0m=io.containerd.grpc.v1
[STDERR  ] 2018-05-03T21:57:21.902156039Z: [34mINFO[0m[0000] loading plugin "io.containerd.grpc.v1.namespaces"...  [34mtype[0m=io.containerd.grpc.v1
[STDERR  ] 2018-05-03T21:57:21.902183341Z: [34mINFO[0m[0000] loading plugin "io.containerd.grpc.v1.snapshots"...  [34mtype[0m=io.containerd.grpc.v1
[STDERR  ] 2018-05-03T21:57:21.902202894Z: [34mINFO[0m[0000] loading plugin "io.containerd.grpc.v1.tasks"...  [34mtype[0m=io.containerd.grpc.v1
[STDERR  ] 2018-05-03T21:57:21.902222278Z: [34mINFO[0m[0000] loading plugin "io.containerd.grpc.v1.version"...  [34mtype[0m=io.containerd.grpc.v1
[STDERR  ] 2018-05-03T21:57:21.902245499Z: [34mINFO[0m[0000] loading plugin "io.containerd.grpc.v1.introspection"...  [34mtype[0m=io.containerd.grpc.v1
[STDERR  ] 2018-05-03T21:57:21.902264882Z: [34mINFO[0m[0000] serving...                                    [34maddress[0m="/run/containerd/debug.sock"
[STDERR  ] 2018-05-03T21:57:21.902284039Z: [34mINFO[0m[0000] serving...                                    [34maddress[0m="/run/containerd/containerd.sock"
[STDERR  ] 2018-05-03T21:57:21.902303916Z: [34mINFO[0m[0000] containerd successfully booted in 0.369253s  
[STDERR  ] 2018-05-03T21:57:21.902323191Z: [34mINFO[0m[0001] shim containerd-shim started                  [34maddress[0m="/containerd-shim/services.linuxkit/nginx/shim.sock" [34mdebug[0m=false [34mpid[0m=438
[STDERR  ] 2018-05-03T21:57:21.902367784Z: [34mINFO[0m[0005] shim containerd-shim started                  [34maddress[0m="/containerd-shim/services.linuxkit/test/shim.sock" [34mdebug[0m=false [34mpid[0m=480
[STDERR  ] 2018-05-03T21:57:21.902392427Z: wireguard test suite PASSED
[STDERR  ] 2018-05-03T21:57:21.902416518Z: [   91.054294] ACPI: Preparing to enter system sleep state S5
[STDERR  ] 2018-05-03T21:57:21.902440967Z: [   91.058981] reboot: Power down
[STDERR  ] 2018-05-03T21:57:21.902464110Z: + echo [    0.000000] Linux version 4.14.39-linuxkit (root@ad09bb30f72d) (gcc version 6.4.0 (Alpine 6.4.0)) #1 SMP Thu May 3 18:01:48 UTC 2018
[STDERR  ] 2018-05-03T21:57:21.902487270Z: [    0.000000] Command line: console=ttyS0 console=ttyAMA0
[STDERR  ] 2018-05-03T21:57:21.902509236Z: [    0.000000] x86/fpu: x87 FPU will use FXSAVE
[STDERR  ] 2018-05-03T21:57:21.902528595Z: [    0.000000] e820: BIOS-provided physical RAM map:
[STDERR  ] 2018-05-03T21:57:21.902560267Z: [    0.000000] BIOS-e820: [mem 0x0000000000000000-0x000000000009fbff] usable
[STDERR  ] 2018-05-03T21:57:21.902583523Z: [    0.000000] BIOS-e820: [mem 0x000000000009fc00-0x000000000009ffff] reserved
[STDERR  ] 2018-05-03T21:57:21.902605684Z: [    0.000000] BIOS-e820: [mem 0x00000000000f0000-0x00000000000fffff] reserved
[STDERR  ] 2018-05-03T21:57:21.902625407Z: [    0.000000] BIOS-e820: [mem 0x0000000000100000-0x000000003ffdefff] usable
[STDERR  ] 2018-05-03T21:57:21.902645476Z: [    0.000000] BIOS-e820: [mem 0x000000003ffdf000-0x000000003fffffff] reserved
[STDERR  ] 2018-05-03T21:57:21.902666329Z: [    0.000000] BIOS-e820: [mem 0x00000000b0000000-0x00000000bfffffff] reserved
[STDERR  ] 2018-05-03T21:57:21.902691183Z: [    0.000000] BIOS-e820: [mem 0x00000000fed1c000-0x00000000fed1ffff] reserved
[STDERR  ] 2018-05-03T21:57:21.902711535Z: [    0.000000] BIOS-e820: [mem 0x00000000fffc0000-0x00000000ffffffff] reserved
[STDERR  ] 2018-05-03T21:57:21.902732357Z: [    0.000000] NX (Execute Disable) protection: active
[STDOUT  ] 2018-05-03T21:57:21.902679718Z: [    0.000000] Linux version 4.14.39-linuxkit (root@ad09bb30f72d) (gcc version 6.4.0 (Alpine 6.4.0)) #1 SMP Thu May 3 18:01:48 UTC 2018
[STDOUT  ] 2018-05-03T21:57:21.902833656Z: [    0.000000] Command line: console=ttyS0 console=ttyAMA0
[STDOUT  ] 2018-05-03T21:57:21.902852093Z: [    0.000000] x86/fpu: x87 FPU will use FXSAVE
[STDOUT  ] 2018-05-03T21:57:21.902870297Z: [    0.000000] e820: BIOS-provided physical RAM map:
[STDOUT  ] 2018-05-03T21:57:21.902886421Z: [    0.000000] BIOS-e820: [mem 0x0000000000000000-0x000000000009fbff] usable
[STDOUT  ] 2018-05-03T21:57:21.902903934Z: [    0.000000] BIOS-e820: [mem 0x000000000009fc00-0x000000000009ffff] reserved
[STDERR  ] 2018-05-03T21:57:21.902758859Z: [    0.000000] SMBIOS 2.8 present.
[STDERR  ] 2018-05-03T21:57:21.902993636Z: [    0.000000] DMI: QEMU Standard PC (Q35 + ICH9, 2009), BIOS rel-1.10.2-0-g5f4c7b1-prebuilt.qemu-project.org 04/01/2014
[STDERR  ] 2018-05-03T21:57:21.903016221Z: [    0.000000] tsc: Fast TSC calibration using PIT
[STDERR  ] 2018-05-03T21:57:21.903043933Z: [    0.000000] e820: last_pfn = 0x3ffdf max_arch_pfn = 0x400000000
[STDOUT  ] 2018-05-03T21:57:21.903066407Z: [    0.000000] BIOS-e820: [mem 0x00000000000f0000-0x00000000000fffff] reserved
[STDOUT  ] 2018-05-03T21:57:21.903091067Z: [    0.000000] BIOS-e820: [mem 0x0000000000100000-0x000000003ffdefff] usable
[STDOUT  ] 2018-05-03T21:57:21.903106961Z: [    0.000000] BIOS-e820: [mem 0x000000003ffdf000-0x000000003fffffff] reserved
[STDOUT  ] 2018-05-03T21:57:21.903121490Z: [    0.000000] BIOS-e820: [mem 0x00000000b0000000-0x00000000bfffffff] reserved
[STDOUT  ] 2018-05-03T21:57:21.903136103Z: [    0.000000] BIOS-e820: [mem 0x00000000fed1c000-0x00000000fed1ffff] reserved
[STDOUT  ] 2018-05-03T21:57:21.903150263Z: [    0.000000] BIOS-e820: [mem 0x00000000fffc0000-0x00000000ffffffff] reserved
[STDOUT  ] 2018-05-03T21:57:21.903165546Z: [    0.000000] NX (Execute Disable) protection: active
[STDOUT  ] 2018-05-03T21:57:21.903180344Z: [    0.000000] SMBIOS 2.8 present.
[STDOUT  ] 2018-05-03T21:57:21.903195043Z: [    0.000000] DMI: QEMU Standard PC (Q35 + ICH9, 2009), BIOS rel-1.10.2-0-g5f4c7b1-prebuilt.qemu-project.org 04/01/2014
[STDOUT  ] 2018-05-03T21:57:21.903214725Z: [    0.000000] tsc: Fast TSC calibration using PIT
[STDOUT  ] 2018-05-03T21:57:21.903229890Z: [    0.000000] e820: last_pfn = 0x3ffdf max_arch_pfn = 0x400000000
[STDOUT  ] 2018-05-03T21:57:21.903250518Z: [    0.000000] x86/PAT: Configuration [0-7]: WB  WC  UC- UC  WB  WP  UC- WT  
[STDOUT  ] 2018-05-03T21:57:21.903264864Z: [    0.000000] found SMP MP-table at [mem 0x000f6aa0-0x000f6aaf] mapped at [ffffffffff200aa0]
[STDOUT  ] 2018-05-03T21:57:21.903279429Z: [    0.000000] RAMDISK: [mem 0x3a31f000-0x3ffcffff]
[STDOUT  ] 2018-05-03T21:57:21.903293599Z: [    0.000000] ACPI: Early table checksum verification disabled
[STDOUT  ] 2018-05-03T21:57:21.903313250Z: [    0.000000] ACPI: RSDP 0x00000000000F68C0 000014 (v00 BOCHS )
[STDOUT  ] 2018-05-03T21:57:21.903328613Z: [    0.000000] ACPI: RSDT 0x000000003FFE2404 000034 (v01 BOCHS  BXPCRSDT 00000001 BXPC 00000001)
[STDOUT  ] 2018-05-03T21:57:21.903343030Z: [    0.000000] ACPI: FACP 0x000000003FFE22A4 000074 (v01 BOCHS  BXPCFACP 00000001 BXPC 00000001)
[STDOUT  ] 2018-05-03T21:57:21.903357516Z: [    0.000000] ACPI: DSDT 0x000000003FFE0040 002264 (v01 BOCHS  BXPCDSDT 00000001 BXPC 00000001)
[STDOUT  ] 2018-05-03T21:57:21.903371804Z: [    0.000000] ACPI: FACS 0x000000003FFE0000 000040
[STDOUT  ] 2018-05-03T21:57:21.903385498Z: [    0.000000] ACPI: APIC 0x000000003FFE2318 000078 (v01 BOCHS  BXPCAPIC 00000001 BXPC 00000001)
[STDOUT  ] 2018-05-03T21:57:21.903399468Z: [    0.000000] ACPI: HPET 0x000000003FFE2390 000038 (v01 BOCHS  BXPCHPET 00000001 BXPC 00000001)
[STDOUT  ] 2018-05-03T21:57:21.903413567Z: [    0.000000] ACPI: MCFG 0x000000003FFE23C8 00003C (v01 BOCHS  BXPCMCFG 00000001 BXPC 00000001)
[STDOUT  ] 2018-05-03T21:57:21.903427780Z: [    0.000000] Zone ranges:
[STDOUT  ] 2018-05-03T21:57:21.903441546Z: [    0.000000]   DMA      [mem 0x0000000000001000-0x0000000000ffffff]
[STDOUT  ] 2018-05-03T21:57:21.903455768Z: [    0.000000]   DMA32    [mem 0x0000000001000000-0x000000003ffdefff]
[STDOUT  ] 2018-05-03T21:57:21.903470279Z: [    0.000000]   Normal   empty
[STDOUT  ] 2018-05-03T21:57:21.903484314Z: [    0.000000]   Device   empty
[STDOUT  ] 2018-05-03T21:57:21.903498550Z: [    0.000000] Movable zone start for each node
[STDOUT  ] 2018-05-03T21:57:21.903512247Z: [    0.000000] Early memory node ranges
[STDOUT  ] 2018-05-03T21:57:21.903526212Z: [    0.000000]   node   0: [mem 0x0000000000001000-0x000000000009efff]
[STDOUT  ] 2018-05-03T21:57:21.903540558Z: [    0.000000]   node   0: [mem 0x0000000000100000-0x000000003ffdefff]
[STDOUT  ] 2018-05-03T21:57:21.903578799Z: [    0.000000] Initmem setup node 0 [mem 0x0000000000001000-0x000000003ffdefff]
[STDOUT  ] 2018-05-03T21:57:21.903592994Z: [    0.000000] ACPI: PM-Timer IO Port: 0x608
[STDOUT  ] 2018-05-03T21:57:21.903607513Z: [    0.000000] ACPI: LAPIC_NMI (acpi_id[0xff] dfl dfl lint[0x1])
[STDOUT  ] 2018-05-03T21:57:21.903621444Z: [    0.000000] IOAPIC[0]: apic_id 0, version 32, address 0xfec00000, GSI 0-23
[STDOUT  ] 2018-05-03T21:57:21.903638425Z: [    0.000000] ACPI: INT_SRC_OVR (bus 0 bus_irq 0 global_irq 2 dfl dfl)
[STDOUT  ] 2018-05-03T21:57:21.903661473Z: [    0.000000] ACPI: INT_SRC_OVR (bus 0 bus_irq 5 global_irq 5 high level)
[STDOUT  ] 2018-05-03T21:57:21.903679790Z: [    0.000000] ACPI: INT_SRC_OVR (bus 0 bus_irq 9 global_irq 9 high level)
[STDOUT  ] 2018-05-03T21:57:21.903698643Z: [    0.000000] ACPI: INT_SRC_OVR (bus 0 bus_irq 10 global_irq 10 high level)
[STDOUT  ] 2018-05-03T21:57:21.903719792Z: [    0.000000] ACPI: INT_SRC_OVR (bus 0 bus_irq 11 global_irq 11 high level)
[STDOUT  ] 2018-05-03T21:57:21.903738899Z: [    0.000000] Using ACPI (MADT) for SMP configuration information
[STDOUT  ] 2018-05-03T21:57:21.903759770Z: [    0.000000] ACPI: HPET id: 0x8086a201 base: 0xfed00000
[STDOUT  ] 2018-05-03T21:57:21.903780900Z: [    0.000000] smpboot: Allowing 1 CPUs, 0 hotplug CPUs
[STDOUT  ] 2018-05-03T21:57:21.903800614Z: [    0.000000] e820: [mem 0x40000000-0xafffffff] available for PCI devices
[STDOUT  ] 2018-05-03T21:57:21.903821519Z: [    0.000000] Booting paravirtualized kernel on bare hardware
[STDOUT  ] 2018-05-03T21:57:21.903842385Z: [    0.000000] clocksource: refined-jiffies: mask: 0xffffffff max_cycles: 0xffffffff, max_idle_ns: 19112604462750000 ns
[STDOUT  ] 2018-05-03T21:57:21.903869650Z: [    0.000000] random: get_random_bytes called from start_kernel+0x92/0x4c8 with crng_init=0
[STDOUT  ] 2018-05-03T21:57:21.903885280Z: [    0.000000] setup_percpu: NR_CPUS:128 nr_cpumask_bits:128 nr_cpu_ids:1 nr_node_ids:1
[STDOUT  ] 2018-05-03T21:57:21.903906579Z: [    0.000000] percpu: Embedded 44 pages/cpu @ffffa063fa000000 s143256 r8192 d28776 u2097152
[STDOUT  ] 2018-05-03T21:57:21.903922074Z: [    0.000000] Built 1 zonelists, mobility grouping on.  Total pages: 257896
[STDOUT  ] 2018-05-03T21:57:21.903944640Z: [    0.000000] Kernel command line: console=ttyS0 console=ttyAMA0
[STDOUT  ] 2018-05-03T21:57:21.903959649Z: [    0.000000] PID hash table entries: 4096 (order: 3, 32768 bytes)
[STDOUT  ] 2018-05-03T21:57:21.903974438Z: [    0.000000] Dentry cache hash table entries: 131072 (order: 8, 1048576 bytes)
[STDOUT  ] 2018-05-03T21:57:21.903989386Z: [    0.000000] Inode-cache hash table entries: 65536 (order: 7, 524288 bytes)
[STDOUT  ] 2018-05-03T21:57:21.904007172Z: [    0.000000] Memory: 909884K/1048052K available (12300K kernel code, 1465K rwdata, 2992K rodata, 1508K init, 632K bss, 138168K reserved, 0K cma-reserved)
[STDOUT  ] 2018-05-03T21:57:21.904028279Z: [    0.000000] ftrace: allocating 40969 entries in 161 pages
[STDOUT  ] 2018-05-03T21:57:21.904043370Z: [    0.000000] Hierarchical RCU implementation.
[STDOUT  ] 2018-05-03T21:57:21.904059584Z: [    0.000000] 	RCU restricting CPUs from NR_CPUS=128 to nr_cpu_ids=1.
[STDOUT  ] 2018-05-03T21:57:21.904077780Z: [    0.000000] RCU: Adjusting geometry for rcu_fanout_leaf=16, nr_cpu_ids=1
[STDOUT  ] 2018-05-03T21:57:21.904092120Z: [    0.000000] NR_IRQS: 8448, nr_irqs: 256, preallocated irqs: 16
[STDOUT  ] 2018-05-03T21:57:21.904106332Z: [    0.000000] Console: colour VGA+ 80x25
[STDOUT  ] 2018-05-03T21:57:21.904121347Z: [    0.000000] console [ttyS0] enabled
[STDOUT  ] 2018-05-03T21:57:21.904135511Z: [    0.000000] clocksource: hpet: mask: 0xffffffff max_cycles: 0xffffffff, max_idle_ns: 19112604467 ns
[STDOUT  ] 2018-05-03T21:57:21.904149661Z: [    0.010000] tsc: Fast TSC calibration using PIT
[STDOUT  ] 2018-05-03T21:57:21.904163693Z: [    0.010000] tsc: Detected 2599.686 MHz processor
[STDOUT  ] 2018-05-03T21:57:21.904178084Z: [    0.020244] Calibrating delay loop (skipped), value calculated using timer frequency.. 5199.37 BogoMIPS (lpj=25996860)
[STDOUT  ] 2018-05-03T21:57:21.904192275Z: [    0.021311] pid_max: default: 32768 minimum: 301
[STDOUT  ] 2018-05-03T21:57:21.904206963Z: [    0.022255] ACPI: Core revision 20170728
[STDOUT  ] 2018-05-03T21:57:21.904221049Z: [    0.066696] ACPI: 1 ACPI AML tables successfully acquired and loaded
[STDOUT  ] 2018-05-03T21:57:21.904234947Z: [    0.068789] Security Framework initialized
[STDOUT  ] 2018-05-03T21:57:21.904248801Z: [    0.069288] Yama: becoming mindful.
[STDOUT  ] 2018-05-03T21:57:21.904263353Z: [    0.071855] Mount-cache hash table entries: 2048 (order: 2, 16384 bytes)
[STDOUT  ] 2018-05-03T21:57:21.904278041Z: [    0.072423] Mountpoint-cache hash table entries: 2048 (order: 2, 16384 bytes)
[STDOUT  ] 2018-05-03T21:57:21.904293348Z: [    0.093125] Last level iTLB entries: 4KB 0, 2MB 0, 4MB 0
[STDOUT  ] 2018-05-03T21:57:21.904307534Z: [    0.093640] Last level dTLB entries: 4KB 0, 2MB 0, 4MB 0, 1GB 0
[STDOUT  ] 2018-05-03T21:57:21.904322438Z: [    0.094199] Spectre V2 : Spectre mitigation: LFENCE not serializing, switching to generic retpoline
[STDOUT  ] 2018-05-03T21:57:21.904336724Z: [    0.094886] Spectre V2 : Vulnerable: Minimal generic ASM retpoline
[STDOUT  ] 2018-05-03T21:57:21.904350472Z: [    0.095401] Spectre V2 : Spectre v2 mitigation: Filling RSB on context switch
[STDOUT  ] 2018-05-03T21:57:21.904364906Z: [    0.367951] Freeing SMP alternatives memory: 20K
[STDOUT  ] 2018-05-03T21:57:21.904379024Z: [    0.389140] smpboot: Max logical packages: 1
[STDOUT  ] 2018-05-03T21:57:21.904403151Z: [    0.395535] ..TIMER: vector=0x30 apic1=0 pin1=2 apic2=-1 pin2=-1
[STDOUT  ] 2018-05-03T21:57:21.904422565Z: [    0.500000] smpboot: CPU0: AMD QEMU Virtual CPU version 2.5+ (family: 0x6, model: 0x6, stepping: 0x3)
[STDOUT  ] 2018-05-03T21:57:21.904446559Z: [    0.500000] Performance Events: PMU not available due to virtualization, using software events only.
[STDOUT  ] 2018-05-03T21:57:21.904465023Z: [    0.501146] Hierarchical SRCU implementation.
[STDOUT  ] 2018-05-03T21:57:21.904482265Z: [    0.507466] NMI watchdog: Perf event create on CPU 0 failed with -2
[STDOUT  ] 2018-05-03T21:57:21.904500984Z: [    0.507991] NMI watchdog: Perf NMI watchdog permanently disabled
[STDOUT  ] 2018-05-03T21:57:21.904524355Z: [    0.512239] smp: Bringing up secondary CPUs ...
[STDOUT  ] 2018-05-03T21:57:21.904538896Z: [    0.512730] smp: Brought up 1 node, 1 CPU
[STDOUT  ] 2018-05-03T21:57:21.904560782Z: [    0.513111] smpboot: Total of 1 processors activated (5199.37 BogoMIPS)
[STDOUT  ] 2018-05-03T21:57:21.904575342Z: [    0.530405] devtmpfs: initialized
[STDOUT  ] 2018-05-03T21:57:21.904590062Z: [    0.534767] x86/mm: Memory block size: 128MB
[STDOUT  ] 2018-05-03T21:57:21.904603975Z: [    0.541091] evm: security.ima
[STDOUT  ] 2018-05-03T21:57:21.904618145Z: [    0.541379] evm: security.capability
[STDOUT  ] 2018-05-03T21:57:21.904632217Z: [    0.544753] clocksource: jiffies: mask: 0xffffffff max_cycles: 0xffffffff, max_idle_ns: 19112604462750000 ns
[STDOUT  ] 2018-05-03T21:57:21.904645922Z: [    0.545606] futex hash table entries: 256 (order: 2, 16384 bytes)
[STDOUT  ] 2018-05-03T21:57:21.904659809Z: [    0.557466] NET: Registered protocol family 16
[STDOUT  ] 2018-05-03T21:57:21.904673747Z: [    0.564639] cpuidle: using governor ladder
[STDOUT  ] 2018-05-03T21:57:21.904687762Z: [    0.565152] cpuidle: using governor menu
[STDOUT  ] 2018-05-03T21:57:21.904701823Z: [    0.566777] ACPI: bus type PCI registered
[STDOUT  ] 2018-05-03T21:57:21.904715704Z: [    0.569577] PCI: MMCONFIG for domain 0000 [bus 00-ff] at [mem 0xb0000000-0xbfffffff] (base 0xb0000000)
[STDOUT  ] 2018-05-03T21:57:21.904729498Z: [    0.570307] PCI: MMCONFIG at [mem 0xb0000000-0xbfffffff] reserved in E820
[STDOUT  ] 2018-05-03T21:57:21.904743563Z: [    0.571363] PCI: Using configuration type 1 for base access
[STDOUT  ] 2018-05-03T21:57:21.904757487Z: [    0.627046] HugeTLB registered 2.00 MiB page size, pre-allocated 0 pages
[STDOUT  ] 2018-05-03T21:57:21.904771509Z: [    0.637996] ACPI: Added _OSI(Module Device)
[STDOUT  ] 2018-05-03T21:57:21.904785583Z: [    0.638395] ACPI: Added _OSI(Processor Device)
[STDOUT  ] 2018-05-03T21:57:21.904799293Z: [    0.638703] ACPI: Added _OSI(3.0 _SCP Extensions)
[STDOUT  ] 2018-05-03T21:57:21.904812954Z: [    0.639038] ACPI: Added _OSI(Processor Aggregator Device)
[STDOUT  ] 2018-05-03T21:57:21.904827160Z: [    0.720959] ACPI: Interpreter enabled
[STDOUT  ] 2018-05-03T21:57:21.904840864Z: [    0.722125] ACPI: (supports S0 S5)
[STDOUT  ] 2018-05-03T21:57:21.904871050Z: [    0.722611] ACPI: Using IOAPIC for interrupt routing
[STDOUT  ] 2018-05-03T21:57:21.904886341Z: [    0.725138] PCI: Using host bridge windows from ACPI; if necessary, use "pci=nocrs" and report a bug
[STDOUT  ] 2018-05-03T21:57:21.904900476Z: [    0.728833] ACPI: Enabled 2 GPEs in block 00 to 3F
[STDOUT  ] 2018-05-03T21:57:21.904914404Z: [    0.806854] ACPI: PCI Root Bridge [PCI0] (domain 0000 [bus 00-ff])
[STDOUT  ] 2018-05-03T21:57:21.904928806Z: [    0.807932] acpi PNP0A08:00: _OSC: OS supports [ExtendedConfig ASPM ClockPM Segments MSI]
[STDOUT  ] 2018-05-03T21:57:21.904943554Z: [    0.814086] acpi PNP0A08:00: _OSC: OS now controls [PCIeHotplug PME PCIeCapability]
[STDOUT  ] 2018-05-03T21:57:21.904957510Z: [    0.817857] PCI host bridge to bus 0000:00
[STDOUT  ] 2018-05-03T21:57:21.904971398Z: [    0.818372] pci_bus 0000:00: root bus resource [io  0x0000-0x0cf7 window]
[STDOUT  ] 2018-05-03T21:57:21.904985465Z: [    0.818864] pci_bus 0000:00: root bus resource [io  0x0d00-0xffff window]
[STDOUT  ] 2018-05-03T21:57:21.904999473Z: [    0.819328] pci_bus 0000:00: root bus resource [mem 0x000a0000-0x000bffff window]
[STDOUT  ] 2018-05-03T21:57:21.905017542Z: [    0.819832] pci_bus 0000:00: root bus resource [mem 0xc0000000-0xfebfffff window]
[STDOUT  ] 2018-05-03T21:57:21.905036732Z: [    0.820805] pci_bus 0000:00: root bus resource [bus 00-ff]
[STDOUT  ] 2018-05-03T21:57:21.905051368Z: [    0.976879] pci 0000:00:1f.0: quirk: [io  0x0600-0x067f] claimed by ICH6 ACPI/GPIO/TCO
[STDOUT  ] 2018-05-03T21:57:21.905068722Z: [    1.060975] ACPI: PCI Interrupt Link [LNKA] (IRQs 5 *10 11)
[STDOUT  ] 2018-05-03T21:57:21.905082990Z: [    1.063069] ACPI: PCI Interrupt Link [LNKB] (IRQs 5 *10 11)
[STDOUT  ] 2018-05-03T21:57:21.905101634Z: [    1.064918] ACPI: PCI Interrupt Link [LNKC] (IRQs 5 10 *11)
[STDOUT  ] 2018-05-03T21:57:21.905115846Z: [    1.066631] ACPI: PCI Interrupt Link [LNKD] (IRQs 5 10 *11)
[STDOUT  ] 2018-05-03T21:57:21.905129868Z: [    1.068389] ACPI: PCI Interrupt Link [LNKE] (IRQs 5 *10 11)
[STDOUT  ] 2018-05-03T21:57:21.905144064Z: [    1.071219] ACPI: PCI Interrupt Link [LNKF] (IRQs 5 *10 11)
[STDOUT  ] 2018-05-03T21:57:21.905158046Z: [    1.072915] ACPI: PCI Interrupt Link [LNKG] (IRQs 5 10 *11)
[STDOUT  ] 2018-05-03T21:57:21.905173104Z: [    1.074579] ACPI: PCI Interrupt Link [LNKH] (IRQs 5 10 *11)
[STDOUT  ] 2018-05-03T21:57:21.905186838Z: [    1.075440] ACPI: PCI Interrupt Link [GSIA] (IRQs *16)
[STDOUT  ] 2018-05-03T21:57:21.905200603Z: [    1.076098] ACPI: PCI Interrupt Link [GSIB] (IRQs *17)
[STDOUT  ] 2018-05-03T21:57:21.905214686Z: [    1.076731] ACPI: PCI Interrupt Link [GSIC] (IRQs *18)
[STDOUT  ] 2018-05-03T21:57:21.905231181Z: [    1.077303] ACPI: PCI Interrupt Link [GSID] (IRQs *19)
[STDOUT  ] 2018-05-03T21:57:21.905245258Z: [    1.077942] ACPI: PCI Interrupt Link [GSIE] (IRQs *20)
[STDOUT  ] 2018-05-03T21:57:21.905259483Z: [    1.078576] ACPI: PCI Interrupt Link [GSIF] (IRQs *21)
[STDOUT  ] 2018-05-03T21:57:21.905273638Z: [    1.079185] ACPI: PCI Interrupt Link [GSIG] (IRQs *22)
[STDOUT  ] 2018-05-03T21:57:21.905287992Z: [    1.080078] ACPI: PCI Interrupt Link [GSIH] (IRQs *23)
[STDOUT  ] 2018-05-03T21:57:21.905301888Z: [    1.088599] SCSI subsystem initialized
[STDOUT  ] 2018-05-03T21:57:21.905315631Z: [    1.091485] ACPI: bus type USB registered
[STDOUT  ] 2018-05-03T21:57:21.905329669Z: [    1.092495] usbcore: registered new interface driver usbfs
[STDOUT  ] 2018-05-03T21:57:21.905343455Z: [    1.093380] usbcore: registered new interface driver hub
[STDOUT  ] 2018-05-03T21:57:21.905357500Z: [    1.094285] usbcore: registered new device driver usb
[STDOUT  ] 2018-05-03T21:57:21.905371621Z: [    1.095298] pps_core: LinuxPPS API ver. 1 registered
[STDOUT  ] 2018-05-03T21:57:21.905385390Z: [    1.095657] pps_core: Software ver. 5.3.6 - Copyright 2005-2007 Rodolfo Giometti <giometti@linux.it>
[STDOUT  ] 2018-05-03T21:57:21.905399485Z: [    1.096439] PTP clock support registered
[STDOUT  ] 2018-05-03T21:57:21.905413816Z: [    1.098605] PCI: Using ACPI for IRQ routing
[STDOUT  ] 2018-05-03T21:57:21.905427878Z: [    1.118785] NetLabel: Initializing
[STDOUT  ] 2018-05-03T21:57:21.905445398Z: [    1.119117] NetLabel:  domain hash size = 128
[STDOUT  ] 2018-05-03T21:57:21.905459865Z: [    1.119436] NetLabel:  protocols = UNLABELED CIPSOv4 CALIPSO
[STDOUT  ] 2018-05-03T21:57:21.905474250Z: [    1.121961] NetLabel:  unlabeled traffic allowed by default
[STDOUT  ] 2018-05-03T21:57:21.905488715Z: [    1.123667] HPET: 3 timers in total, 0 timers will be used for per-cpu timer
[STDOUT  ] 2018-05-03T21:57:21.905502939Z: [    1.124482] hpet0: at MMIO 0xfed00000, IRQs 2, 8, 0
[STDOUT  ] 2018-05-03T21:57:21.905517088Z: [    1.125030] hpet0: 3 comparators, 64-bit 100.000000 MHz counter
[STDOUT  ] 2018-05-03T21:57:21.905530972Z: [    1.130801] clocksource: Switched to clocksource hpet
[STDOUT  ] 2018-05-03T21:57:21.905544833Z: [    1.456666] VFS: Disk quotas dquot_6.6.0
[STDOUT  ] 2018-05-03T21:57:21.905563061Z: [    1.457544] VFS: Dquot-cache hash table entries: 512 (order 0, 4096 bytes)
[STDOUT  ] 2018-05-03T21:57:21.905577105Z: [    1.460720] FS-Cache: Loaded
[STDOUT  ] 2018-05-03T21:57:21.905592970Z: [    1.466438] CacheFiles: Loaded
[STDOUT  ] 2018-05-03T21:57:21.905606880Z: [    1.467649] pnp: PnP ACPI init
[STDOUT  ] 2018-05-03T21:57:21.905625683Z: [    1.479739] pnp: PnP ACPI: found 5 devices
[STDOUT  ] 2018-05-03T21:57:21.905640777Z: [    1.520465] clocksource: acpi_pm: mask: 0xffffff max_cycles: 0xffffff, max_idle_ns: 2085701024 ns
[STDOUT  ] 2018-05-03T21:57:21.905658298Z: [    1.523458] NET: Registered protocol family 2
[STDOUT  ] 2018-05-03T21:57:21.905672372Z: [    1.531504] TCP established hash table entries: 8192 (order: 4, 65536 bytes)
[STDOUT  ] 2018-05-03T21:57:21.905686480Z: [    1.532420] TCP bind hash table entries: 8192 (order: 5, 131072 bytes)
[STDOUT  ] 2018-05-03T21:57:21.905704955Z: [    1.533948] TCP: Hash tables configured (established 8192 bind 8192)
[STDOUT  ] 2018-05-03T21:57:21.905718923Z: [    1.536061] UDP hash table entries: 512 (order: 2, 16384 bytes)
[STDOUT  ] 2018-05-03T21:57:21.905732929Z: [    1.536825] UDP-Lite hash table entries: 512 (order: 2, 16384 bytes)
[STDOUT  ] 2018-05-03T21:57:21.905746959Z: [    1.539390] NET: Registered protocol family 1
[STDOUT  ] 2018-05-03T21:57:21.905761144Z: [    1.541065] pci 0000:00:01.0: Video device with shadowed ROM at [mem 0x000c0000-0x000dffff]
[STDOUT  ] 2018-05-03T21:57:21.905775340Z: [    1.547712] Trying to unpack rootfs image as initramfs...
[STDOUT  ] 2018-05-03T21:57:21.905789532Z: [   15.841015] Freeing initrd memory: 94916K
[STDOUT  ] 2018-05-03T21:57:21.905814537Z: [   15.867251] PCLMULQDQ-NI instructions are not detected.
[STDOUT  ] 2018-05-03T21:57:21.905829280Z: [   15.868712] AVX or AES-NI instructions are not detected.
[STDOUT  ] 2018-05-03T21:57:21.905847427Z: [   15.869253] CPU feature 'AVX registers' is not supported.
[STDOUT  ] 2018-05-03T21:57:21.905861666Z: [   15.869732] CPU feature 'AVX registers' is not supported.
[STDOUT  ] 2018-05-03T21:57:21.905875851Z: [   15.870554] CPU feature 'AVX registers' is not supported.
[STDOUT  ] 2018-05-03T21:57:21.905889832Z: [   15.871046] CPU feature 'AVX registers' is not supported.
[STDOUT  ] 2018-05-03T21:57:21.905903594Z: [   15.871529] AVX2 or AES-NI instructions are not detected.
[STDOUT  ] 2018-05-03T21:57:21.905917476Z: [   15.872012] AVX2 instructions are not detected.
[STDOUT  ] 2018-05-03T21:57:21.905931677Z: [   15.876786] audit: initializing netlink subsys (disabled)
[STDOUT  ] 2018-05-03T21:57:21.905945996Z: [   15.879546] audit: type=2000 audit(1525384564.870:1): state=initialized audit_enabled=0 res=1
[STDOUT  ] 2018-05-03T21:57:21.905960433Z: [   15.886819] workingset: timestamp_bits=46 max_order=18 bucket_order=0
[STDOUT  ] 2018-05-03T21:57:21.905974359Z: [   15.893078] squashfs: version 4.0 (2009/01/31) Phillip Lougher
[STDOUT  ] 2018-05-03T21:57:21.905988727Z: [   15.895648] FS-Cache: Netfs 'cifs' registered for caching
[STDOUT  ] 2018-05-03T21:57:21.906002778Z: [   15.896673] fuse init (API version 7.26)
[STDOUT  ] 2018-05-03T21:57:21.906019772Z: [   15.899170] SGI XFS with ACLs, security attributes, no debug enabled
[STDOUT  ] 2018-05-03T21:57:21.906037696Z: [   15.903866] 9p: Installing v9fs 9p2000 file system support
[STDOUT  ] 2018-05-03T21:57:21.906051938Z: [   15.904479] FS-Cache: Netfs '9p' registered for caching
[STDOUT  ] 2018-05-03T21:57:21.906066156Z: [   15.943065] NET: Registered protocol family 38
[STDOUT  ] 2018-05-03T21:57:21.906080486Z: [   15.943832] Key type asymmetric registered
[STDOUT  ] 2018-05-03T21:57:21.906094181Z: [   15.944302] Asymmetric key parser 'x509' registered
[STDOUT  ] 2018-05-03T21:57:21.906108435Z: [   15.945155] Block layer SCSI generic (bsg) driver version 0.4 loaded (major 247)
[STDOUT  ] 2018-05-03T21:57:21.906122765Z: [   15.946794] io scheduler noop registered
[STDOUT  ] 2018-05-03T21:57:21.906136728Z: [   15.947208] io scheduler deadline registered (default)
[STDOUT  ] 2018-05-03T21:57:21.906150646Z: [   15.948075] io scheduler cfq registered
[STDOUT  ] 2018-05-03T21:57:21.906164523Z: [   15.948452] io scheduler mq-deadline registered
[STDOUT  ] 2018-05-03T21:57:21.906178862Z: [   15.948852] io scheduler kyber registered
[STDOUT  ] 2018-05-03T21:57:21.906192751Z: [   15.953073] shpchp: Standard Hot Plug PCI Controller Driver version: 0.4
[STDOUT  ] 2018-05-03T21:57:21.906211388Z: [   15.953965] hv_vmbus: registering driver hyperv_fb
[STDOUT  ] 2018-05-03T21:57:21.906225452Z: [   15.957519] input: Power Button as /devices/LNXSYSTM:00/LNXPWRBN:00/input/input0
[STDOUT  ] 2018-05-03T21:57:21.906239737Z: [   15.961487] ACPI: Power Button [PWRF]
[STDOUT  ] 2018-05-03T21:57:21.906253918Z: [   15.981021] ACPI: PCI Interrupt Link [GSIG] enabled at IRQ 22
[STDOUT  ] 2018-05-03T21:57:21.906267993Z: [   15.996075] ACPI: PCI Interrupt Link [GSIH] enabled at IRQ 23
[STDOUT  ] 2018-05-03T21:57:21.906285939Z: [   16.002969] Serial: 8250/16550 driver, 4 ports, IRQ sharing disabled
[STDOUT  ] 2018-05-03T21:57:21.906299816Z: [   16.028576] 00:04: ttyS0 at I/O 0x3f8 (irq = 4, base_baud = 115200) is a 16550A
[STDOUT  ] 2018-05-03T21:57:21.906314055Z: [   16.038525] Non-volatile memory driver v1.3
[STDOUT  ] 2018-05-03T21:57:21.906327844Z: [   16.045767] Hangcheck: starting hangcheck timer 0.9.1 (tick is 180 seconds, margin is 60 seconds).
[STDOUT  ] 2018-05-03T21:57:21.906342049Z: [   16.060849] random: fast init done
[STDOUT  ] 2018-05-03T21:57:21.906382819Z: [   16.062473] random: crng init done
[STDOUT  ] 2018-05-03T21:57:21.906397280Z: [   16.115023] brd: module loaded
[STDOUT  ] 2018-05-03T21:57:21.906412166Z: [   16.151123] loop: module loaded
[STDOUT  ] 2018-05-03T21:57:21.906426289Z: [   16.211952] lpc_ich 0000:00:1f.0: I/O space for GPIO uninitialized
[STDOUT  ] 2018-05-03T21:57:21.906440885Z: [   16.214200] VMware PVSCSI driver - version 1.0.7.0-k
[STDOUT  ] 2018-05-03T21:57:21.906454918Z: [   16.215155] hv_vmbus: registering driver hv_storvsc
[STDOUT  ] 2018-05-03T21:57:21.906469166Z: [   16.227277] ACPI: PCI Interrupt Link [GSIA] enabled at IRQ 16
[STDOUT  ] 2018-05-03T21:57:21.906486792Z: [   16.234658] ahci 0000:00:1f.2: AHCI 0001.0000 32 slots 6 ports 1.5 Gbps 0x3f impl SATA mode
[STDOUT  ] 2018-05-03T21:57:21.906501160Z: [   16.235405] ahci 0000:00:1f.2: flags: 64bit ncq only 
[STDERR  ] 2018-05-03T21:57:21.903064573Z: [    0.000000] x86/PAT: Configuration [0-7]: WB  WC  UC- UC  WB  WP  UC- WT  
[STDERR  ] 2018-05-03T21:57:21.906578043Z: [    0.000000] found SMP MP-table at [mem 0x000f6aa0-0x000f6aaf] mapped at [ffffffffff200aa0]
[STDOUT  ] 2018-05-03T21:57:21.906515101Z: [   16.252568] scsi host0: ahci
[STDOUT  ] 2018-05-03T21:57:21.906710099Z: [   16.256077] scsi host1: ahci
[STDOUT  ] 2018-05-03T21:57:21.906753497Z: [   16.257882] scsi host2: ahci
[STDOUT  ] 2018-05-03T21:57:21.906772597Z: [   16.259747] scsi host3: ahci
[STDOUT  ] 2018-05-03T21:57:21.906789515Z: [   16.261888] scsi host4: ahci
[STDOUT  ] 2018-05-03T21:57:21.906804212Z: [   16.263657] scsi host5: ahci
[STDERR  ] 2018-05-03T21:57:21.906659342Z: [    0.000000] RAMDISK: [mem 0x3a31f000-0x3ffcffff]
[STDERR  ] 2018-05-03T21:57:21.906833472Z: [    0.000000] ACPI: Early table checksum verification disabled
[STDERR  ] 2018-05-03T21:57:21.906879379Z: [    0.000000] ACPI: RSDP 0x00000000000F68C0 000014 (v00 BOCHS )
[STDERR  ] 2018-05-03T21:57:21.906900083Z: [    0.000000] ACPI: RSDT 0x000000003FFE2404 000034 (v01 BOCHS  BXPCRSDT 00000001 BXPC 00000001)
[STDERR  ] 2018-05-03T21:57:21.906921367Z: [    0.000000] ACPI: FACP 0x000000003FFE22A4 000074 (v01 BOCHS  BXPCFACP 00000001 BXPC 00000001)
[STDERR  ] 2018-05-03T21:57:21.906941287Z: [    0.000000] ACPI: DSDT 0x000000003FFE0040 002264 (v01 BOCHS  BXPCDSDT 00000001 BXPC 00000001)
[STDERR  ] 2018-05-03T21:57:21.906962454Z: [    0.000000] ACPI: FACS 0x000000003FFE0000 000040
[STDERR  ] 2018-05-03T21:57:21.906982852Z: [    0.000000] ACPI: APIC 0x000000003FFE2318 000078 (v01 BOCHS  BXPCAPIC 00000001 BXPC 00000001)
[STDERR  ] 2018-05-03T21:57:21.907002828Z: [    0.000000] ACPI: HPET 0x000000003FFE2390 000038 (v01 BOCHS  BXPCHPET 00000001 BXPC 00000001)
[STDERR  ] 2018-05-03T21:57:21.907022899Z: [    0.000000] ACPI: MCFG 0x000000003FFE23C8 00003C (v01 BOCHS  BXPCMCFG 00000001 BXPC 00000001)
[STDERR  ] 2018-05-03T21:57:21.907042426Z: [    0.000000] Zone ranges:
[STDOUT  ] 2018-05-03T21:57:21.906818703Z: [   16.265127] ata1: SATA max UDMA/133 abar m4096@0xfebd2000 port 0xfebd2100 irq 24
[STDOUT  ] 2018-05-03T21:57:21.907138787Z: [   16.265735] ata2: SATA max UDMA/133 abar m4096@0xfebd2000 port 0xfebd2180 irq 24
[STDOUT  ] 2018-05-03T21:57:21.907154795Z: [   16.266292] ata3: SATA max UDMA/133 abar m4096@0xfebd2000 port 0xfebd2200 irq 24
[STDOUT  ] 2018-05-03T21:57:21.907169403Z: [   16.266839] ata4: SATA max UDMA/133 abar m4096@0xfebd2000 port 0xfebd2280 irq 24
[STDOUT  ] 2018-05-03T21:57:21.907183838Z: [   16.267379] ata5: SATA max UDMA/133 abar m4096@0xfebd2000 port 0xfebd2300 irq 24
[STDOUT  ] 2018-05-03T21:57:21.907198719Z: [   16.267943] ata6: SATA max UDMA/133 abar m4096@0xfebd2000 port 0xfebd2380 irq 24
[STDOUT  ] 2018-05-03T21:57:21.907219120Z: [   16.281356] tun: Universal TUN/TAP device driver, 1.6
[STDOUT  ] 2018-05-03T21:57:21.907234310Z: [   16.293493] VMware vmxnet3 virtual NIC driver - version 1.4.a.0-k-NAPI
[STDOUT  ] 2018-05-03T21:57:21.907248277Z: [   16.294359] hv_vmbus: registering driver hv_netvsc
[STDOUT  ] 2018-05-03T21:57:21.907262825Z: [   16.294756] Fusion MPT base driver 3.04.20
[STDOUT  ] 2018-05-03T21:57:21.907283006Z: [   16.295077] Copyright (c) 1999-2008 LSI Corporation
[STDOUT  ] 2018-05-03T21:57:21.907298037Z: [   16.295634] Fusion MPT SPI Host driver 3.04.20
[STDOUT  ] 2018-05-03T21:57:21.907312196Z: [   16.297705] i8042: PNP: PS/2 Controller [PNP0303:KBD,PNP0f13:MOU] at 0x60,0x64 irq 1,12
[STDOUT  ] 2018-05-03T21:57:21.907327074Z: [   16.302934] serio: i8042 KBD port at 0x60,0x64 irq 1
[STDOUT  ] 2018-05-03T21:57:21.907341165Z: [   16.303619] serio: i8042 AUX port at 0x60,0x64 irq 12
[STDERR  ] 2018-05-03T21:57:21.907082908Z: [    0.000000]   DMA      [mem 0x0000000000001000-0x0000000000ffffff]
[STDOUT  ] 2018-05-03T21:57:21.907376071Z: [   16.306388] hv_vmbus: registering driver hyperv_keyboard
[STDOUT  ] 2018-05-03T21:57:21.907392234Z: [   16.308680] mousedev: PS/2 mouse device common for all mice
[STDOUT  ] 2018-05-03T21:57:21.907407526Z: [   16.313888] input: AT Translated Set 2 keyboard as /devices/platform/i8042/serio0/input/input1
[STDERR  ] 2018-05-03T21:57:21.907400460Z: [    0.000000]   DMA32    [mem 0x0000000001000000-0x000000003ffdefff]
[STDOUT  ] 2018-05-03T21:57:21.907423085Z: [   16.316571] input: PC Speaker as /devices/platform/pcspkr/input/input2
[STDERR  ] 2018-05-03T21:57:21.907422141Z: [    0.000000]   Normal   empty
[STDOUT  ] 2018-05-03T21:57:21.907438659Z: [   16.321048] rtc_cmos 00:00: RTC can wake from S4
[STDERR  ] 2018-05-03T21:57:21.907442922Z: [    0.000000]   Device   empty
[STDOUT  ] 2018-05-03T21:57:21.907454095Z: [   16.324197] rtc_cmos 00:00: rtc core: registered rtc_cmos as rtc0
[STDERR  ] 2018-05-03T21:57:21.907465036Z: [    0.000000] Movable zone start for each node
[STDOUT  ] 2018-05-03T21:57:21.907469940Z: [   16.325474] rtc_cmos 00:00: alarms up to one day, y3k, 114 bytes nvram, hpet irqs
[STDOUT  ] 2018-05-03T21:57:21.907484818Z: [   16.326254] i2c /dev entries driver
[STDOUT  ] 2018-05-03T21:57:21.907500597Z: [   16.328394] device-mapper: ioctl: 4.37.0-ioctl (2017-09-20) initialised: dm-devel@redhat.com
[STDOUT  ] 2018-05-03T21:57:21.907514613Z: [   16.333453] usbcore: registered new interface driver usbhid
[STDOUT  ] 2018-05-03T21:57:21.907528564Z: [   16.333877] usbhid: USB HID core driver
[STDOUT  ] 2018-05-03T21:57:21.907542882Z: [   16.334649] hv_utils: Registering HyperV Utility Driver
[STDOUT  ] 2018-05-03T21:57:21.907558152Z: [   16.335015] hv_vmbus: registering driver hv_util
[STDOUT  ] 2018-05-03T21:57:21.907576616Z: [   16.335329] hv_vmbus: registering driver hv_balloon
[STDOUT  ] 2018-05-03T21:57:21.907590506Z: [   16.335892] oprofile: using NMI interrupt.
[STDOUT  ] 2018-05-03T21:57:21.907604669Z: [   16.337145] GACT probability on
[STDOUT  ] 2018-05-03T21:57:21.907621671Z: [   16.337608] Mirror/redirect action on
[STDERR  ] 2018-05-03T21:57:21.907486413Z: [    0.000000] Early memory node ranges
[STDERR  ] 2018-05-03T21:57:21.907715491Z: [    0.000000]   node   0: [mem 0x0000000000001000-0x000000000009efff]
[STDERR  ] 2018-05-03T21:57:21.907738759Z: [    0.000000]   node   0: [mem 0x0000000000100000-0x000000003ffdefff]
[STDERR  ] 2018-05-03T21:57:21.907793859Z: [    0.000000] Initmem setup node 0 [mem 0x0000000000001000-0x000000003ffdefff]
[STDERR  ] 2018-05-03T21:57:21.907824878Z: [    0.000000] ACPI: PM-Timer IO Port: 0x608
[STDERR  ] 2018-05-03T21:57:21.907846982Z: [    0.000000] ACPI: LAPIC_NMI (acpi_id[0xff] dfl dfl lint[0x1])
[STDERR  ] 2018-05-03T21:57:21.907868213Z: [    0.000000] IOAPIC[0]: apic_id 0, version 32, address 0xfec00000, GSI 0-23
[STDERR  ] 2018-05-03T21:57:21.907901762Z: [    0.000000] ACPI: INT_SRC_OVR (bus 0 bus_irq 0 global_irq 2 dfl dfl)
[STDERR  ] 2018-05-03T21:57:21.907930955Z: [    0.000000] ACPI: INT_SRC_OVR (bus 0 bus_irq 5 global_irq 5 high level)
[STDERR  ] 2018-05-03T21:57:21.907951657Z: [    0.000000] ACPI: INT_SRC_OVR (bus 0 bus_irq 9 global_irq 9 high level)
[STDERR  ] 2018-05-03T21:57:21.907977825Z: [    0.000000] ACPI: INT_SRC_OVR (bus 0 bus_irq 10 global_irq 10 high level)
[STDERR  ] 2018-05-03T21:57:21.908003111Z: [    0.000000] ACPI: INT_SRC_OVR (bus 0 bus_irq 11 global_irq 11 high level)
[STDERR  ] 2018-05-03T21:57:21.908023207Z: [    0.000000] Using ACPI (MADT) for SMP configuration information
[STDOUT  ] 2018-05-03T21:57:21.907761562Z: [   16.338118] Simple TC action Loaded
[STDOUT  ] 2018-05-03T21:57:21.908071987Z: [   16.338637] u32 classifier
[STDOUT  ] 2018-05-03T21:57:21.908093616Z: [   16.338849]     Performance counters on
[STDOUT  ] 2018-05-03T21:57:21.908108273Z: [   16.339128]     input device check on
[STDOUT  ] 2018-05-03T21:57:21.908123382Z: [   16.339415]     Actions configured
[STDOUT  ] 2018-05-03T21:57:21.908137887Z: [   16.340451] Netfilter messages via NETLINK v0.30.
[STDERR  ] 2018-05-03T21:57:21.908043722Z: [    0.000000] ACPI: HPET id: 0x8086a201 base: 0xfed00000
[STDOUT  ] 2018-05-03T21:57:21.908151878Z: [   16.341453] nfnl_acct: registering with nfnetlink.
[STDOUT  ] 2018-05-03T21:57:21.908171029Z: [   16.342983] nf_conntrack version 0.5.0 (8192 buckets, 32768 max)
[STDOUT  ] 2018-05-03T21:57:21.908187365Z: [   16.345655] ctnetlink v0.93: registering with nfnetlink.
[STDOUT  ] 2018-05-03T21:57:21.908207965Z: [   16.348982] nf_tables: (c) 2007-2009 Patrick McHardy <kaber@trash.net>
[STDOUT  ] 2018-05-03T21:57:21.908227164Z: [   16.349860] nf_tables_compat: (c) 2012 Pablo Neira Ayuso <pablo@netfilter.org>
[STDOUT  ] 2018-05-03T21:57:21.908241229Z: [   16.353032] xt_time: kernel timezone is -0000
[STDOUT  ] 2018-05-03T21:57:21.908255711Z: [   16.353660] ip_set: protocol 6
[STDOUT  ] 2018-05-03T21:57:21.908270168Z: [   16.354427] IPVS: Registered protocols (TCP, UDP, SCTP, AH, ESP)
[STDOUT  ] 2018-05-03T21:57:21.908284859Z: [   16.355062] IPVS: Connection hash table configured (size=4096, memory=64Kbytes)
[STDOUT  ] 2018-05-03T21:57:21.908299777Z: [   16.359231] IPVS: ipvs loaded.
[STDERR  ] 2018-05-03T21:57:21.908160697Z: [    0.000000] smpboot: Allowing 1 CPUs, 0 hotplug CPUs
[STDERR  ] 2018-05-03T21:57:21.908349663Z: [    0.000000] e820: [mem 0x40000000-0xafffffff] available for PCI devices
[STDERR  ] 2018-05-03T21:57:21.908397779Z: [    0.000000] Booting paravirtualized kernel on bare hardware
[STDERR  ] 2018-05-03T21:57:21.908418668Z: [    0.000000] clocksource: refined-jiffies: mask: 0xffffffff max_cycles: 0xffffffff, max_idle_ns: 19112604462750000 ns
[STDERR  ] 2018-05-03T21:57:21.908439760Z: [    0.000000] random: get_random_bytes called from start_kernel+0x92/0x4c8 with crng_init=0
[STDOUT  ] 2018-05-03T21:57:21.908315408Z: [   16.359629] IPVS: [rr] scheduler registered.
[STDERR  ] 2018-05-03T21:57:21.908460601Z: [    0.000000] setup_percpu: NR_CPUS:128 nr_cpumask_bits:128 nr_cpu_ids:1 nr_node_ids:1
[STDOUT  ] 2018-05-03T21:57:21.908470424Z: [   16.359996] IPVS: [wrr] scheduler registered.
[STDERR  ] 2018-05-03T21:57:21.908484777Z: [    0.000000] percpu: Embedded 44 pages/cpu @ffffa063fa000000 s143256 r8192 d28776 u2097152
[STDERR  ] 2018-05-03T21:57:21.908524824Z: [    0.000000] Built 1 zonelists, mobility grouping on.  Total pages: 257896
[STDERR  ] 2018-05-03T21:57:21.908552239Z: [    0.000000] Kernel command line: console=ttyS0 console=ttyAMA0
[STDERR  ] 2018-05-03T21:57:21.908583350Z: [    0.000000] PID hash table entries: 4096 (order: 3, 32768 bytes)
[STDOUT  ] 2018-05-03T21:57:21.908498854Z: [   16.360981] IPVS: [lc] scheduler registered.
[STDERR  ] 2018-05-03T21:57:21.908609339Z: [    0.000000] Dentry cache hash table entries: 131072 (order: 8, 1048576 bytes)
[STDERR  ] 2018-05-03T21:57:21.908638690Z: [    0.000000] Inode-cache hash table entries: 65536 (order: 7, 524288 bytes)
[STDERR  ] 2018-05-03T21:57:21.908670430Z: [    0.000000] Memory: 909884K/1048052K available (12300K kernel code, 1465K rwdata, 2992K rodata, 1508K init, 632K bss, 138168K reserved, 0K cma-reserved)
[STDOUT  ] 2018-05-03T21:57:21.908612780Z: [   16.361337] IPVS: [wlc] scheduler registered.
[STDERR  ] 2018-05-03T21:57:21.908704300Z: [    0.000000] ftrace: allocating 40969 entries in 161 pages
[STDERR  ] 2018-05-03T21:57:21.908802182Z: [    0.000000] Hierarchical RCU implementation.
[STDERR  ] 2018-05-03T21:57:21.908836750Z: [    0.000000] 	RCU restricting CPUs from NR_CPUS=128 to nr_cpu_ids=1.
[STDERR  ] 2018-05-03T21:57:21.908883305Z: [    0.000000] RCU: Adjusting geometry for rcu_fanout_leaf=16, nr_cpu_ids=1
[STDERR  ] 2018-05-03T21:57:21.908919255Z: [    0.000000] NR_IRQS: 8448, nr_irqs: 256, preallocated irqs: 16
[STDOUT  ] 2018-05-03T21:57:21.908733463Z: [   16.361659] IPVS: [fo] scheduler registered.
[STDOUT  ] 2018-05-03T21:57:21.908968823Z: [   16.361976] IPVS: [ovf] scheduler registered.
[STDOUT  ] 2018-05-03T21:57:21.908986632Z: [   16.362432] IPVS: [lblc] scheduler registered.
[STDOUT  ] 2018-05-03T21:57:21.909006593Z: [   16.362863] IPVS: [lblcr] scheduler registered.
[STDOUT  ] 2018-05-03T21:57:21.909020791Z: [   16.363223] IPVS: [dh] scheduler registered.
[STDOUT  ] 2018-05-03T21:57:21.909035858Z: [   16.363556] IPVS: [sh] scheduler registered.
[STDERR  ] 2018-05-03T21:57:21.908945640Z: [    0.000000] Console: colour VGA+ 80x25
[STDERR  ] 2018-05-03T21:57:21.909070788Z: [    0.000000] console [ttyS0] enabled
[STDERR  ] 2018-05-03T21:57:21.909099664Z: [    0.000000] clocksource: hpet: mask: 0xffffffff max_cycles: 0xffffffff, max_idle_ns: 19112604467 ns
[STDERR  ] 2018-05-03T21:57:21.909121465Z: [    0.010000] tsc: Fast TSC calibration using PIT
[STDOUT  ] 2018-05-03T21:57:21.909050482Z: [   16.363942] IPVS: [sed] scheduler registered.
[STDERR  ] 2018-05-03T21:57:21.909149674Z: [    0.010000] tsc: Detected 2599.686 MHz processor
[STDOUT  ] 2018-05-03T21:57:21.909154042Z: [   16.364273] IPVS: [nq] scheduler registered.
[STDOUT  ] 2018-05-03T21:57:21.909172159Z: [   16.365011] IPVS: ftp: loaded support on port[0] = 21
[STDERR  ] 2018-05-03T21:57:21.909175604Z: [    0.020244] Calibrating delay loop (skipped), value calculated using timer frequency.. 5199.37 BogoMIPS (lpj=25996860)
[STDERR  ] 2018-05-03T21:57:21.909209605Z: [    0.021311] pid_max: default: 32768 minimum: 301
[STDERR  ] 2018-05-03T21:57:21.909234588Z: [    0.022255] ACPI: Core revision 20170728
[STDERR  ] 2018-05-03T21:57:21.909254681Z: [    0.066696] ACPI: 1 ACPI AML tables successfully acquired and loaded
[STDOUT  ] 2018-05-03T21:57:21.909273128Z: [   16.365969] ipip: IPv4 and MPLS over IPv4 tunneling driver
[STDERR  ] 2018-05-03T21:57:21.909280603Z: [    0.068789] Security Framework initialized
[STDERR  ] 2018-05-03T21:57:21.909310604Z: [    0.069288] Yama: becoming mindful.
[STDERR  ] 2018-05-03T21:57:21.909335588Z: [    0.071855] Mount-cache hash table entries: 2048 (order: 2, 16384 bytes)
[STDERR  ] 2018-05-03T21:57:21.909356311Z: [    0.072423] Mountpoint-cache hash table entries: 2048 (order: 2, 16384 bytes)
[STDOUT  ] 2018-05-03T21:57:21.909299546Z: [   16.370045] gre: GRE over IPv4 demultiplexor driver
[STDERR  ] 2018-05-03T21:57:21.909376062Z: [    0.093125] Last level iTLB entries: 4KB 0, 2MB 0, 4MB 0
[STDOUT  ] 2018-05-03T21:57:21.909401684Z: [   16.373536] ip_tables: (C) 2000-2006 Netfilter Core Team
[STDOUT  ] 2018-05-03T21:57:21.909425013Z: [   16.377377] ipt_CLUSTERIP: ClusterIP Version 0.8 loaded successfully
[STDOUT  ] 2018-05-03T21:57:21.909441055Z: [   16.378130] arp_tables: arp_tables: (C) 2002 David S. Miller
[STDOUT  ] 2018-05-03T21:57:21.909463972Z: [   16.381187] NET: Registered protocol family 10
[STDOUT  ] 2018-05-03T21:57:21.909478140Z: [   16.392599] Segment Routing with IPv6
[STDOUT  ] 2018-05-03T21:57:21.909492499Z: [   16.393579] ip6_tables: (C) 2000-2006 Netfilter Core Team
[STDOUT  ] 2018-05-03T21:57:21.909507817Z: [   16.402239] NET: Registered protocol family 17
[STDOUT  ] 2018-05-03T21:57:21.909522176Z: [   16.403370] Bridge firewalling registered
[STDOUT  ] 2018-05-03T21:57:21.909536525Z: [   16.403974] Ebtables v2.0 registered
[STDOUT  ] 2018-05-03T21:57:21.909563257Z: [   16.405945] 8021q: 802.1Q VLAN Support v1.8
[STDOUT  ] 2018-05-03T21:57:21.909577703Z: [   16.407573] 9pnet: Installing 9P2000 support
[STDOUT  ] 2018-05-03T21:57:21.909598836Z: [   16.409260] Key type dns_resolver registered
[STDOUT  ] 2018-05-03T21:57:21.909613314Z: [   16.411398] sched_clock: Marking stable (16410253300, 0)->(16514112445, -103859145)
[STDOUT  ] 2018-05-03T21:57:21.909628193Z: [   16.415140] registered taskstats version 1
[STDOUT  ] 2018-05-03T21:57:21.909642217Z: [   16.604534] ata3: SATA link up 1.5 Gbps (SStatus 113 SControl 300)
[STDERR  ] 2018-05-03T21:57:21.909404512Z: [    0.093640] Last level dTLB entries: 4KB 0, 2MB 0, 4MB 0, 1GB 0
[STDERR  ] 2018-05-03T21:57:21.909701428Z: [    0.094199] Spectre V2 : Spectre mitigation: LFENCE not serializing, switching to generic retpoline
[STDERR  ] 2018-05-03T21:57:21.909740731Z: [    0.094886] Spectre V2 : Vulnerable: Minimal generic ASM retpoline
