[INFO    ] 2018-10-17T16:42:19.401709818Z: Running Test linuxkit.packages.extend.btrfs in /tmp/build/test/cases/040_packages/005_extend/001_btrfs
[INFO    ] 2018-10-17T16:42:19.401880053Z: Running command: [/bin/sh -x /tmp/build/test/cases/040_packages/005_extend/001_btrfs/test.sh]
[STDERR  ] 2018-10-17T16:42:19.408095798Z: + set -ex
[STDERR  ] 2018-10-17T16:42:19.408176214Z: + . /tmp/build/test/cases/_lib/lib.sh
[STDERR  ] 2018-10-17T16:42:19.408190512Z: + [ -f src/github.com/linuxkit/rtf/lib/lib.sh ]
[STDERR  ] 2018-10-17T16:42:19.408206305Z: + LINUXKIT_TMPDIR=/tmp/build/test/cases/_tmp
[STDERR  ] 2018-10-17T16:42:19.408227214Z: + [ -f /tmp/build/test/cases/_tmp/env.sh ]
[STDERR  ] 2018-10-17T16:42:19.408241060Z: + . /tmp/build/test/cases/_tmp/env.sh
[STDERR  ] 2018-10-17T16:42:19.408254124Z: + export LINUXKIT_EXAMPLES_DIR=/tmp/build/test/cases/../../examples
[STDERR  ] 2018-10-17T16:42:19.408266335Z: + RT_CANCEL=253
[STDERR  ] 2018-10-17T16:42:19.408279127Z: + NAME_CREATE=extend-btrfs
[STDERR  ] 2018-10-17T16:42:19.408292531Z: + NAME_EXTEND=extend-btrfs
[STDERR  ] 2018-10-17T16:42:19.408306421Z: + DISK=disk.img
[STDERR  ] 2018-10-17T16:42:19.408330542Z: + trap clean_up EXIT
[STDERR  ] 2018-10-17T16:42:19.408343062Z: + linuxkit build -name extend-btrfs -format kernel+initrd test-create.yml
[STDERR  ] 2018-10-17T16:42:19.454683192Z: Extract kernel image: linuxkit/kernel:4.14.74
[STDERR  ] 2018-10-17T16:42:21.251896817Z: Add init containers:
[STDERR  ] 2018-10-17T16:42:21.251969556Z: Process init image: linuxkit/init:6eb0158059b056a1567236280880cb87f03ff008
[STDERR  ] 2018-10-17T16:42:22.449075670Z: Process init image: linuxkit/runc:6cf26a0403376de3b5396cb676b88eea4f37aff8
[STDERR  ] 2018-10-17T16:42:23.634271099Z: Add onboot containers:
[STDERR  ] 2018-10-17T16:42:23.634334345Z:   Create OCI config for linuxkit/modprobe:v0.6
[STDERR  ] 2018-10-17T16:42:25.292119549Z: Pull image: docker.io/linuxkit/modprobe:v0.6@sha256:e4906ee086003bbb393f57b9218e4b8b2c82360b78a76de638f73d9ef79cfcb6
[STDERR  ] 2018-10-17T16:42:27.601124363Z:   Create OCI config for linuxkit/format:v0.6
[STDERR  ] 2018-10-17T16:42:29.055371802Z:   Create OCI config for linuxkit/mount:v0.6
[STDERR  ] 2018-10-17T16:42:30.434495954Z:   Create OCI config for alpine:3.8
[STDERR  ] 2018-10-17T16:42:31.609996396Z:   Create OCI config for linuxkit/poweroff:afe8f7dd0d47a7991c54519b0f09124cb8c4e300
[STDERR  ] 2018-10-17T16:42:32.800072160Z: Create outputs:
[STDERR  ] 2018-10-17T16:42:39.214517972Z:   extend-btrfs-kernel extend-btrfs-initrd.img extend-btrfs-cmdline
[STDERR  ] 2018-10-17T16:42:39.282992297Z: + linuxkit run -disk file=disk.img,format=raw,size=256M extend-btrfs
[STDOUT  ] 2018-10-17T16:42:40.179941805Z: [    0.000000] Linux version 4.14.74-linuxkit (root@50993055c1cc) (gcc version 6.4.0 (Alpine 6.4.0)) #1 SMP Fri Oct 5 20:19:37 UTC 2018
[STDOUT  ] 2018-10-17T16:42:40.185055867Z: [    0.000000] Command line: console=ttyS0 console=ttyAMA0
[STDOUT  ] 2018-10-17T16:42:40.189290502Z: [    0.000000] x86/fpu: x87 FPU will use FXSAVE
[STDOUT  ] 2018-10-17T16:42:40.193938363Z: [    0.000000] e820: BIOS-provided physical RAM map:
[STDOUT  ] 2018-10-17T16:42:40.200545075Z: [    0.000000] BIOS-e820: [mem 0x0000000000000000-0x000000000009fbff] usable
[STDOUT  ] 2018-10-17T16:42:40.207353610Z: [    0.000000] BIOS-e820: [mem 0x000000000009fc00-0x000000000009ffff] reserved
[STDOUT  ] 2018-10-17T16:42:40.214123889Z: [    0.000000] BIOS-e820: [mem 0x00000000000f0000-0x00000000000fffff] reserved
[STDOUT  ] 2018-10-17T16:42:40.220623424Z: [    0.000000] BIOS-e820: [mem 0x0000000000100000-0x000000003ffdefff] usable
[STDOUT  ] 2018-10-17T16:42:40.227360328Z: [    0.000000] BIOS-e820: [mem 0x000000003ffdf000-0x000000003fffffff] reserved
[STDOUT  ] 2018-10-17T16:42:40.234125043Z: [    0.000000] BIOS-e820: [mem 0x00000000b0000000-0x00000000bfffffff] reserved
[STDOUT  ] 2018-10-17T16:42:40.240882157Z: [    0.000000] BIOS-e820: [mem 0x00000000fed1c000-0x00000000fed1ffff] reserved
[STDOUT  ] 2018-10-17T16:42:40.247679212Z: [    0.000000] BIOS-e820: [mem 0x00000000feffc000-0x00000000feffffff] reserved
[STDOUT  ] 2018-10-17T16:42:40.254481432Z: [    0.000000] BIOS-e820: [mem 0x00000000fffc0000-0x00000000ffffffff] reserved
[STDOUT  ] 2018-10-17T16:42:40.259283419Z: [    0.000000] NX (Execute Disable) protection: active
[STDOUT  ] 2018-10-17T16:42:40.262364137Z: [    0.000000] SMBIOS 2.8 present.
[STDOUT  ] 2018-10-17T16:42:40.269382468Z: [    0.000000] DMI: QEMU Standard PC (Q35 + ICH9, 2009), BIOS 1.10.2-1 04/01/2014
[STDOUT  ] 2018-10-17T16:42:40.272951681Z: [    0.000000] Hypervisor detected: KVM
[STDOUT  ] 2018-10-17T16:42:40.277146409Z: [    0.000000] tsc: Fast TSC calibration failed
[STDOUT  ] 2018-10-17T16:42:40.281646167Z: [    0.000000] tsc: Unable to calibrate against PIT
[STDOUT  ] 2018-10-17T16:42:40.286678533Z: [    0.000000] tsc: No reference (HPET/PMTIMER) available
[STDOUT  ] 2018-10-17T16:42:40.292447116Z: [    0.000000] e820: last_pfn = 0x3ffdf max_arch_pfn = 0x400000000
[STDOUT  ] 2018-10-17T16:42:40.296791164Z: [    0.000000] x86/PAT: PAT not supported by CPU.
[STDOUT  ] 2018-10-17T16:42:40.303467237Z: [    0.000000] x86/PAT: Configuration [0-7]: WB  WT  UC- UC  WB  WT  UC- UC  
[STDOUT  ] 2018-10-17T16:42:40.311525668Z: [    0.000000] found SMP MP-table at [mem 0x000f6a90-0x000f6a9f] mapped at [ffffffffff200a90]
[STDOUT  ] 2018-10-17T16:42:40.316056161Z: [    0.000000] RAMDISK: [mem 0x3dad7000-0x3ffcffff]
[STDOUT  ] 2018-10-17T16:42:40.321581006Z: [    0.000000] ACPI: Early table checksum verification disabled
[STDOUT  ] 2018-10-17T16:42:40.327162818Z: [    0.000000] ACPI: RSDP 0x00000000000F68D0 000014 (v00 BOCHS )
[STDOUT  ] 2018-10-17T16:42:40.335344472Z: [    0.000000] ACPI: RSDT 0x000000003FFE2404 000034 (v01 BOCHS  BXPCRSDT 00000001 BXPC 00000001)
[STDOUT  ] 2018-10-17T16:42:40.343550411Z: [    0.000000] ACPI: FACP 0x000000003FFE22A4 000074 (v01 BOCHS  BXPCFACP 00000001 BXPC 00000001)
[STDOUT  ] 2018-10-17T16:42:40.351855411Z: [    0.000000] ACPI: DSDT 0x000000003FFE0040 002264 (v01 BOCHS  BXPCDSDT 00000001 BXPC 00000001)
[STDOUT  ] 2018-10-17T16:42:40.356335842Z: [    0.000000] ACPI: FACS 0x000000003FFE0000 000040
[STDOUT  ] 2018-10-17T16:42:40.364557196Z: [    0.000000] ACPI: APIC 0x000000003FFE2318 000078 (v01 BOCHS  BXPCAPIC 00000001 BXPC 00000001)
[STDOUT  ] 2018-10-17T16:42:40.372838177Z: [    0.000000] ACPI: HPET 0x000000003FFE2390 000038 (v01 BOCHS  BXPCHPET 00000001 BXPC 00000001)
[STDOUT  ] 2018-10-17T16:42:40.381122103Z: [    0.000000] ACPI: MCFG 0x000000003FFE23C8 00003C (v01 BOCHS  BXPCMCFG 00000001 BXPC 00000001)
[STDOUT  ] 2018-10-17T16:42:40.386211858Z: [    0.000000] kvm-clock: Using msrs 4b564d01 and 4b564d00
[STDOUT  ] 2018-10-17T16:42:40.391979909Z: [    0.000000] kvm-clock: cpu 0, msr 0:3ffdd001, primary cpu clock
[STDOUT  ] 2018-10-17T16:42:40.402076790Z: [    0.000000] clocksource: kvm-clock: mask: 0xffffffffffffffff max_cycles: 0x1cd42e4dffb, max_idle_ns: 881590591483 ns
[STDOUT  ] 2018-10-17T16:42:40.404626694Z: [    0.000000] Zone ranges:
[STDOUT  ] 2018-10-17T16:42:40.410611373Z: [    0.000000]   DMA      [mem 0x0000000000001000-0x0000000000ffffff]
[STDOUT  ] 2018-10-17T16:42:40.416598227Z: [    0.000000]   DMA32    [mem 0x0000000001000000-0x000000003ffdefff]
[STDOUT  ] 2018-10-17T16:42:40.419504215Z: [    0.000000]   Normal   empty
[STDOUT  ] 2018-10-17T16:42:40.422337488Z: [    0.000000]   Device   empty
[STDOUT  ] 2018-10-17T16:42:40.426528430Z: [    0.000000] Movable zone start for each node
[STDOUT  ] 2018-10-17T16:42:40.430325151Z: [    0.000000] Early memory node ranges
[STDOUT  ] 2018-10-17T16:42:40.436500810Z: [    0.000000]   node   0: [mem 0x0000000000001000-0x000000000009efff]
[STDOUT  ] 2018-10-17T16:42:40.442622897Z: [    0.000000]   node   0: [mem 0x0000000000100000-0x000000003ffdefff]
[STDOUT  ] 2018-10-17T16:42:40.449458002Z: [    0.000000] Initmem setup node 0 [mem 0x0000000000001000-0x000000003ffdefff]
[STDOUT  ] 2018-10-17T16:42:40.453364089Z: [    0.000000] ACPI: PM-Timer IO Port: 0x608
[STDOUT  ] 2018-10-17T16:42:40.458975449Z: [    0.000000] ACPI: LAPIC_NMI (acpi_id[0xff] dfl dfl lint[0x1])
[STDOUT  ] 2018-10-17T16:42:40.465610073Z: [    0.000000] IOAPIC[0]: apic_id 0, version 17, address 0xfec00000, GSI 0-23
[STDOUT  ] 2018-10-17T16:42:40.471829690Z: [    0.000000] ACPI: INT_SRC_OVR (bus 0 bus_irq 0 global_irq 2 dfl dfl)
[STDOUT  ] 2018-10-17T16:42:40.478229780Z: [    0.000000] ACPI: INT_SRC_OVR (bus 0 bus_irq 5 global_irq 5 high level)
[STDOUT  ] 2018-10-17T16:42:40.484623430Z: [    0.000000] ACPI: INT_SRC_OVR (bus 0 bus_irq 9 global_irq 9 high level)
[STDOUT  ] 2018-10-17T16:42:40.491493214Z: [    0.000000] ACPI: INT_SRC_OVR (bus 0 bus_irq 10 global_irq 10 high level)
[STDOUT  ] 2018-10-17T16:42:40.498142417Z: [    0.000000] ACPI: INT_SRC_OVR (bus 0 bus_irq 11 global_irq 11 high level)
[STDOUT  ] 2018-10-17T16:42:40.503880385Z: [    0.000000] Using ACPI (MADT) for SMP configuration information
[STDOUT  ] 2018-10-17T16:42:40.508901830Z: [    0.000000] ACPI: HPET id: 0x8086a201 base: 0xfed00000
[STDOUT  ] 2018-10-17T16:42:40.513692843Z: [    0.000000] smpboot: Allowing 1 CPUs, 0 hotplug CPUs
[STDOUT  ] 2018-10-17T16:42:40.520120183Z: [    0.000000] e820: [mem 0x40000000-0xafffffff] available for PCI devices
[STDOUT  ] 2018-10-17T16:42:40.524727453Z: [    0.000000] Booting paravirtualized kernel on KVM
[STDOUT  ] 2018-10-17T16:42:40.534772238Z: [    0.000000] clocksource: refined-jiffies: mask: 0xffffffff max_cycles: 0xffffffff, max_idle_ns: 1910969940391419 ns
[STDOUT  ] 2018-10-17T16:42:40.542663420Z: [    0.000000] random: get_random_bytes called from start_kernel+0x92/0x4cb with crng_init=0
[STDOUT  ] 2018-10-17T16:42:40.550140349Z: [    0.000000] setup_percpu: NR_CPUS:128 nr_cpumask_bits:128 nr_cpu_ids:1 nr_node_ids:1
[STDOUT  ] 2018-10-17T16:42:40.558007715Z: [    0.000000] percpu: Embedded 45 pages/cpu @ffff99867d800000 s144280 r8192 d31848 u2097152
[STDOUT  ] 2018-10-17T16:42:40.561995275Z: [    0.000000] KVM setup async PF for cpu 0
[STDOUT  ] 2018-10-17T16:42:40.566330906Z: [    0.000000] kvm-stealtime: cpu 0, msr 3d815f40
[STDOUT  ] 2018-10-17T16:42:40.572885584Z: [    0.000000] Built 1 zonelists, mobility grouping on.  Total pages: 257896
[STDOUT  ] 2018-10-17T16:42:40.578561432Z: [    0.000000] Kernel command line: console=ttyS0 console=ttyAMA0
[STDOUT  ] 2018-10-17T16:42:40.584367354Z: [    0.000000] PID hash table entries: 4096 (order: 3, 32768 bytes)
[STDOUT  ] 2018-10-17T16:42:40.591261562Z: [    0.000000] Dentry cache hash table entries: 131072 (order: 8, 1048576 bytes)
[STDOUT  ] 2018-10-17T16:42:40.597867716Z: [    0.000000] Inode-cache hash table entries: 65536 (order: 7, 524288 bytes)
[STDOUT  ] 2018-10-17T16:42:40.610888201Z: [    0.000000] Memory: 967016K/1048052K available (12300K kernel code, 1452K rwdata, 2964K rodata, 1512K init, 580K bss, 81036K reserved, 0K cma-reserved)
[STDOUT  ] 2018-10-17T16:42:40.615948220Z: [    0.000000] Kernel/User page tables isolation: enabled
[STDOUT  ] 2018-10-17T16:42:40.621162438Z: [    0.000000] ftrace: allocating 40636 entries in 159 pages
[STDOUT  ] 2018-10-17T16:42:40.625477038Z: [    0.001000] Hierarchical RCU implementation.
[STDOUT  ] 2018-10-17T16:42:40.631584920Z: [    0.001000] 	RCU restricting CPUs from NR_CPUS=128 to nr_cpu_ids=1.
[STDOUT  ] 2018-10-17T16:42:40.638262319Z: [    0.001000] RCU: Adjusting geometry for rcu_fanout_leaf=16, nr_cpu_ids=1
[STDOUT  ] 2018-10-17T16:42:40.643956421Z: [    0.001000] NR_IRQS: 8448, nr_irqs: 256, preallocated irqs: 16
[STDOUT  ] 2018-10-17T16:42:40.647659867Z: [    0.001000] Console: colour VGA+ 80x25
[STDOUT  ] 2018-10-17T16:42:40.651139206Z: [    0.001000] console [ttyS0] enabled
[STDOUT  ] 2018-10-17T16:42:40.660650783Z: [    0.001000] clocksource: hpet: mask: 0xffffffff max_cycles: 0xffffffff, max_idle_ns: 19112604467 ns
[STDOUT  ] 2018-10-17T16:42:40.665826587Z: [    0.001024] tsc: Detected 2299.922 MHz processor
[STDOUT  ] 2018-10-17T16:42:40.673931267Z: [    0.002031] Calibrating delay loop (skipped) preset value.. 4599.84 BogoMIPS (lpj=2299922)
[STDOUT  ] 2018-10-17T16:42:40.678518373Z: [    0.003027] pid_max: default: 32768 minimum: 301
[STDOUT  ] 2018-10-17T16:42:40.682522658Z: [    0.004067] ACPI: Core revision 20170728
[STDOUT  ] 2018-10-17T16:42:40.689609711Z: [    0.006245] ACPI: 1 ACPI AML tables successfully acquired and loaded
[STDOUT  ] 2018-10-17T16:42:40.693937441Z: [    0.007105] Security Framework initialized
[STDOUT  ] 2018-10-17T16:42:40.697433816Z: [    0.008032] Yama: becoming mindful.
[STDOUT  ] 2018-10-17T16:42:40.704152225Z: [    0.009088] Mount-cache hash table entries: 2048 (order: 2, 16384 bytes)
[STDOUT  ] 2018-10-17T16:42:40.711187269Z: [    0.010038] Mountpoint-cache hash table entries: 2048 (order: 2, 16384 bytes)
[STDOUT  ] 2018-10-17T16:42:40.726867108Z: [    0.013106] Last level iTLB entries: 4KB 0, 2MB 0, 4MB 0
[STDOUT  ] 2018-10-17T16:42:40.733533875Z: [    0.014054] Last level dTLB entries: 4KB 0, 2MB 0, 4MB 0, 1GB 0
[STDOUT  ] 2018-10-17T16:42:40.739096626Z: [    0.015033] Spectre V2 : Mitigation: Full generic retpoline
[STDOUT  ] 2018-10-17T16:42:40.747273698Z: [    0.017021] Spectre V2 : Spectre v2 / SpectreRSB mitigation: Filling RSB on context switch
[STDOUT  ] 2018-10-17T16:42:40.751853655Z: [    0.018024] Speculative Store Bypass: Vulnerable
[STDOUT  ] 2018-10-17T16:42:40.762248521Z: [    0.025426] Freeing SMP alternatives memory: 20K
[STDOUT  ] 2018-10-17T16:42:40.767175471Z: [    0.026561] smpboot: Max logical packages: 1
[STDOUT  ] 2018-10-17T16:42:40.772503787Z: [    0.029530] x2apic enabled
[STDOUT  ] 2018-10-17T16:42:40.779852315Z: [    0.030025] Switched APIC routing to physical x2apic.
[STDOUT  ] 2018-10-17T16:42:40.797301146Z: [    0.043000] ..TIMER: vector=0x30 apic1=0 pin1=2 apic2=-1 pin2=-1
[STDOUT  ] 2018-10-17T16:42:40.908769072Z: [    0.043000] smpboot: CPU0: Intel QEMU Virtual CPU version 2.5+ (family: 0x6, model: 0x6, stepping: 0x3)
[STDOUT  ] 2018-10-17T16:42:40.928551657Z: [    0.043130] Performance Events: PMU not available due to virtualization, using software events only.
[STDOUT  ] 2018-10-17T16:42:40.933494703Z: [    0.045397] Hierarchical SRCU implementation.
[STDOUT  ] 2018-10-17T16:42:40.939880940Z: [    0.046152] NMI watchdog: Perf event create on CPU 0 failed with -2
[STDOUT  ] 2018-10-17T16:42:40.945826092Z: [    0.047007] NMI watchdog: Perf NMI watchdog permanently disabled
[STDOUT  ] 2018-10-17T16:42:40.950383635Z: [    0.048086] smp: Bringing up secondary CPUs ...
[STDOUT  ] 2018-10-17T16:42:40.954499700Z: [    0.049007] smp: Brought up 1 node, 1 CPU
[STDOUT  ] 2018-10-17T16:42:40.961022260Z: [    0.050008] smpboot: Total of 1 processors activated (4599.84 BogoMIPS)
[STDOUT  ] 2018-10-17T16:42:40.966648358Z: [    0.053803] devtmpfs: initialized
[STDOUT  ] 2018-10-17T16:42:40.970955713Z: [    0.054084] x86/mm: Memory block size: 128MB
[STDOUT  ] 2018-10-17T16:42:40.974204863Z: [    0.055272] evm: security.ima
[STDOUT  ] 2018-10-17T16:42:40.977840471Z: [    0.056005] evm: security.capability
[STDOUT  ] 2018-10-17T16:42:40.987527018Z: [    0.057199] clocksource: jiffies: mask: 0xffffffff max_cycles: 0xffffffff, max_idle_ns: 1911260446275000 ns
[STDOUT  ] 2018-10-17T16:42:40.993529086Z: [    0.058013] futex hash table entries: 256 (order: 2, 16384 bytes)
[STDOUT  ] 2018-10-17T16:42:40.998242261Z: [    0.059258] NET: Registered protocol family 16
[STDOUT  ] 2018-10-17T16:42:41.002571395Z: [    0.061013] cpuidle: using governor ladder
[STDOUT  ] 2018-10-17T16:42:41.006526782Z: [    0.062007] cpuidle: using governor menu
[STDOUT  ] 2018-10-17T16:42:41.010655552Z: [    0.063144] ACPI: bus type PCI registered
[STDOUT  ] 2018-10-17T16:42:41.020369896Z: [    0.064501] PCI: MMCONFIG for domain 0000 [bus 00-ff] at [mem 0xb0000000-0xbfffffff] (base 0xb0000000)
[STDOUT  ] 2018-10-17T16:42:41.027121275Z: [    0.065014] PCI: MMCONFIG at [mem 0xb0000000-0xbfffffff] reserved in E820
[STDOUT  ] 2018-10-17T16:42:41.032607821Z: [    0.066028] PCI: Using configuration type 1 for base access
[STDOUT  ] 2018-10-17T16:42:41.041039327Z: [    0.068911] HugeTLB registered 2.00 MiB page size, pre-allocated 0 pages
[STDOUT  ] 2018-10-17T16:42:41.045528831Z: [    0.069317] ACPI: Added _OSI(Module Device)
[STDOUT  ] 2018-10-17T16:42:41.049995006Z: [    0.070020] ACPI: Added _OSI(Processor Device)
[STDOUT  ] 2018-10-17T16:42:41.054638885Z: [    0.071007] ACPI: Added _OSI(3.0 _SCP Extensions)
[STDOUT  ] 2018-10-17T16:42:41.059988159Z: [    0.072006] ACPI: Added _OSI(Processor Aggregator Device)
[STDOUT  ] 2018-10-17T16:42:41.068411536Z: [    0.078227] ACPI: Interpreter enabled
[STDOUT  ] 2018-10-17T16:42:41.071847327Z: [    0.079015] ACPI: (supports S0 S5)
[STDOUT  ] 2018-10-17T16:42:41.076983934Z: [    0.080006] ACPI: Using IOAPIC for interrupt routing
[STDOUT  ] 2018-10-17T16:42:41.086096924Z: [    0.081063] PCI: Using host bridge windows from ACPI; if necessary, use "pci=nocrs" and report a bug
[STDOUT  ] 2018-10-17T16:42:41.091302217Z: [    0.082467] ACPI: Enabled 2 GPEs in block 00 to 3F
[STDOUT  ] 2018-10-17T16:42:41.101492018Z: [    0.087882] ACPI: PCI Root Bridge [PCI0] (domain 0000 [bus 00-ff])
[STDOUT  ] 2018-10-17T16:42:41.109505056Z: [    0.088017] acpi PNP0A08:00: _OSC: OS supports [ExtendedConfig ASPM ClockPM Segments MSI]
[STDOUT  ] 2018-10-17T16:42:41.117238004Z: [    0.089187] acpi PNP0A08:00: _OSC: OS now controls [PCIeHotplug PME PCIeCapability]
[STDOUT  ] 2018-10-17T16:42:41.121424598Z: [    0.090086] PCI host bridge to bus 0000:00
[STDOUT  ] 2018-10-17T16:42:41.128154408Z: [    0.091011] pci_bus 0000:00: root bus resource [io  0x0000-0x0cf7 window]
[STDOUT  ] 2018-10-17T16:42:41.134984862Z: [    0.092009] pci_bus 0000:00: root bus resource [io  0x0d00-0xffff window]
[STDOUT  ] 2018-10-17T16:42:41.142339221Z: [    0.093010] pci_bus 0000:00: root bus resource [mem 0x000a0000-0x000bffff window]
[STDOUT  ] 2018-10-17T16:42:41.149911426Z: [    0.094010] pci_bus 0000:00: root bus resource [mem 0xc0000000-0xfebfffff window]
[STDOUT  ] 2018-10-17T16:42:41.155284932Z: [    0.095011] pci_bus 0000:00: root bus resource [bus 00-ff]
[STDOUT  ] 2018-10-17T16:42:41.236640702Z: [    0.165407] pci 0000:00:1f.0: quirk: [io  0x0600-0x067f] claimed by ICH6 ACPI/GPIO/TCO
[STDOUT  ] 2018-10-17T16:42:41.268528982Z: [    0.192762] ACPI: PCI Interrupt Link [LNKA] (IRQs 5 *10 11)
[STDOUT  ] 2018-10-17T16:42:41.274179193Z: [    0.193317] ACPI: PCI Interrupt Link [LNKB] (IRQs 5 *10 11)
[STDOUT  ] 2018-10-17T16:42:41.279867374Z: [    0.195100] ACPI: PCI Interrupt Link [LNKC] (IRQs 5 10 *11)
[STDOUT  ] 2018-10-17T16:42:41.285385571Z: [    0.196303] ACPI: PCI Interrupt Link [LNKD] (IRQs 5 10 *11)
[STDOUT  ] 2018-10-17T16:42:41.290982336Z: [    0.198189] ACPI: PCI Interrupt Link [LNKE] (IRQs 5 *10 11)
[STDOUT  ] 2018-10-17T16:42:41.300013211Z: [    0.199312] ACPI: PCI Interrupt Link [LNKF] (IRQs 5 *10 11)
[STDOUT  ] 2018-10-17T16:42:41.305829196Z: [    0.200336] ACPI: PCI Interrupt Link [LNKG] (IRQs 5 10 *11)
[STDOUT  ] 2018-10-17T16:42:41.311645877Z: [    0.201323] ACPI: PCI Interrupt Link [LNKH] (IRQs 5 10 *11)
[STDOUT  ] 2018-10-17T16:42:41.316869726Z: [    0.202169] ACPI: PCI Interrupt Link [GSIA] (IRQs *16)
[STDOUT  ] 2018-10-17T16:42:41.321985464Z: [    0.203028] ACPI: PCI Interrupt Link [GSIB] (IRQs *17)
[STDOUT  ] 2018-10-17T16:42:41.327165805Z: [    0.204026] ACPI: PCI Interrupt Link [GSIC] (IRQs *18)
[STDOUT  ] 2018-10-17T16:42:41.332273881Z: [    0.205028] ACPI: PCI Interrupt Link [GSID] (IRQs *19)
[STDOUT  ] 2018-10-17T16:42:41.337354045Z: [    0.206023] ACPI: PCI Interrupt Link [GSIE] (IRQs *20)
[STDOUT  ] 2018-10-17T16:42:41.342652768Z: [    0.207023] ACPI: PCI Interrupt Link [GSIF] (IRQs *21)
[STDOUT  ] 2018-10-17T16:42:41.347839199Z: [    0.208030] ACPI: PCI Interrupt Link [GSIG] (IRQs *22)
[STDOUT  ] 2018-10-17T16:42:41.352988879Z: [    0.209026] ACPI: PCI Interrupt Link [GSIH] (IRQs *23)
[STDOUT  ] 2018-10-17T16:42:41.357151162Z: [    0.210434] SCSI subsystem initialized
[STDOUT  ] 2018-10-17T16:42:41.361241479Z: [    0.211117] ACPI: bus type USB registered
[STDOUT  ] 2018-10-17T16:42:41.366714412Z: [    0.212041] usbcore: registered new interface driver usbfs
[STDOUT  ] 2018-10-17T16:42:41.372029885Z: [    0.213034] usbcore: registered new interface driver hub
[STDOUT  ] 2018-10-17T16:42:41.377075306Z: [    0.214043] usbcore: registered new device driver usb
[STDOUT  ] 2018-10-17T16:42:41.382099412Z: [    0.215040] pps_core: LinuxPPS API ver. 1 registered
[STDOUT  ] 2018-10-17T16:42:41.391016842Z: [    0.216004] pps_core: Software ver. 5.3.6 - Copyright 2005-2007 Rodolfo Giometti <giometti@linux.it>
[STDOUT  ] 2018-10-17T16:42:41.394975988Z: [    0.217018] PTP clock support registered
[STDOUT  ] 2018-10-17T16:42:41.399266567Z: [    0.218114] PCI: Using ACPI for IRQ routing
[STDOUT  ] 2018-10-17T16:42:41.879513606Z: [    0.696435] NetLabel: Initializing
[STDOUT  ] 2018-10-17T16:42:41.883952012Z: [    0.697005] NetLabel:  domain hash size = 128
[STDOUT  ] 2018-10-17T16:42:41.889567427Z: [    0.698005] NetLabel:  protocols = UNLABELED CIPSOv4 CALIPSO
[STDOUT  ] 2018-10-17T16:42:41.895142768Z: [    0.699051] NetLabel:  unlabeled traffic allowed by default
[STDOUT  ] 2018-10-17T16:42:41.902262745Z: [    0.700233] HPET: 3 timers in total, 0 timers will be used for per-cpu timer
[STDOUT  ] 2018-10-17T16:42:41.907287075Z: [    0.701123] hpet0: at MMIO 0xfed00000, IRQs 2, 8, 0
[STDOUT  ] 2018-10-17T16:42:41.913200451Z: [    0.702008] hpet0: 3 comparators, 64-bit 100.000000 MHz counter
[STDOUT  ] 2018-10-17T16:42:41.923757917Z: [    0.708050] clocksource: Switched to clocksource kvm-clock
[STDOUT  ] 2018-10-17T16:42:41.947343953Z: [    0.733128] VFS: Disk quotas dquot_6.6.0
[STDOUT  ] 2018-10-17T16:42:41.954050874Z: [    0.737181] VFS: Dquot-cache hash table entries: 512 (order 0, 4096 bytes)
[STDOUT  ] 2018-10-17T16:42:41.957060030Z: [    0.743936] FS-Cache: Loaded
[STDOUT  ] 2018-10-17T16:42:41.960236809Z: [    0.746962] CacheFiles: Loaded
[STDOUT  ] 2018-10-17T16:42:41.963358417Z: [    0.750067] pnp: PnP ACPI init
[STDOUT  ] 2018-10-17T16:42:41.968609738Z: [    0.754353] pnp: PnP ACPI: found 5 devices
[STDOUT  ] 2018-10-17T16:42:41.983511171Z: [    0.764685] clocksource: acpi_pm: mask: 0xffffff max_cycles: 0xffffff, max_idle_ns: 2085701024 ns
[STDOUT  ] 2018-10-17T16:42:41.987982601Z: [    0.773455] NET: Registered protocol family 2
[STDOUT  ] 2018-10-17T16:42:41.995103651Z: [    0.777999] TCP established hash table entries: 8192 (order: 4, 65536 bytes)
[STDOUT  ] 2018-10-17T16:42:42.001486104Z: [    0.784931] TCP bind hash table entries: 8192 (order: 5, 131072 bytes)
[STDOUT  ] 2018-10-17T16:42:42.008499120Z: [    0.792041] TCP: Hash tables configured (established 8192 bind 8192)
[STDOUT  ] 2018-10-17T16:42:42.014404740Z: [    0.798419] UDP hash table entries: 512 (order: 2, 16384 bytes)
[STDOUT  ] 2018-10-17T16:42:42.020625885Z: [    0.804235] UDP-Lite hash table entries: 512 (order: 2, 16384 bytes)
[STDOUT  ] 2018-10-17T16:42:42.025102433Z: [    0.810549] NET: Registered protocol family 1
[STDOUT  ] 2018-10-17T16:42:42.033471238Z: [    0.815217] pci 0000:00:01.0: Video device with shadowed ROM at [mem 0x000c0000-0x000dffff]
[STDOUT  ] 2018-10-17T16:42:42.039222457Z: [    0.823720] Trying to unpack rootfs image as initramfs...
[STDOUT  ] 2018-10-17T16:42:42.768595008Z: [    1.554375] Freeing initrd memory: 37860K
[STDOUT  ] 2018-10-17T16:42:42.778415920Z: [    1.558536] clocksource: tsc: mask: 0xffffffffffffffff max_cycles: 0x2126eb9c3d0, max_idle_ns: 440795298770 ns
[STDOUT  ] 2018-10-17T16:42:42.784178365Z: [    1.568851] PCLMULQDQ-NI instructions are not detected.
[STDOUT  ] 2018-10-17T16:42:42.789484787Z: [    1.574136] AVX or AES-NI instructions are not detected.
[STDOUT  ] 2018-10-17T16:42:42.794779143Z: [    1.579335] CPU feature 'AVX registers' is not supported.
[STDOUT  ] 2018-10-17T16:42:42.800137753Z: [    1.584608] CPU feature 'AVX registers' is not supported.
[STDOUT  ] 2018-10-17T16:42:42.805518034Z: [    1.589977] CPU feature 'AVX registers' is not supported.
[STDOUT  ] 2018-10-17T16:42:42.810953344Z: [    1.595330] CPU feature 'AVX registers' is not supported.
[STDOUT  ] 2018-10-17T16:42:42.816265271Z: [    1.600798] AVX2 or AES-NI instructions are not detected.
[STDOUT  ] 2018-10-17T16:42:42.820803083Z: [    1.606102] AVX2 instructions are not detected.
[STDOUT  ] 2018-10-17T16:42:42.826331134Z: [    1.610866] audit: initializing netlink subsys (disabled)
[STDOUT  ] 2018-10-17T16:42:42.835043452Z: [    1.616533] audit: type=2000 audit(1539794561.755:1): state=initialized audit_enabled=0 res=1
[STDOUT  ] 2018-10-17T16:42:42.841429420Z: [    1.624942] workingset: timestamp_bits=46 max_order=18 bucket_order=0
[STDOUT  ] 2018-10-17T16:42:42.847626295Z: [    1.631642] squashfs: version 4.0 (2009/01/31) Phillip Lougher
[STDOUT  ] 2018-10-17T16:42:42.853123355Z: [    1.637565] FS-Cache: Netfs 'cifs' registered for caching
[STDOUT  ] 2018-10-17T16:42:42.857097779Z: [    1.642991] fuse init (API version 7.26)
[STDOUT  ] 2018-10-17T16:42:42.863541469Z: [    1.647107] SGI XFS with ACLs, security attributes, no debug enabled
[STDOUT  ] 2018-10-17T16:42:42.869058186Z: [    1.653544] 9p: Installing v9fs 9p2000 file system support
[STDOUT  ] 2018-10-17T16:42:42.874226979Z: [    1.658913] FS-Cache: Netfs '9p' registered for caching
[STDOUT  ] 2018-10-17T16:42:42.879951253Z: [    1.665375] NET: Registered protocol family 38
[STDOUT  ] 2018-10-17T16:42:42.884074228Z: [    1.669799] Key type asymmetric registered
[STDOUT  ] 2018-10-17T16:42:42.889061540Z: [    1.674083] Asymmetric key parser 'x509' registered
[STDOUT  ] 2018-10-17T16:42:42.896261665Z: [    1.678918] Block layer SCSI generic (bsg) driver version 0.4 loaded (major 247)
[STDOUT  ] 2018-10-17T16:42:42.900284005Z: [    1.686184] io scheduler noop registered
[STDOUT  ] 2018-10-17T16:42:42.905312417Z: [    1.690102] io scheduler deadline registered (default)
[STDOUT  ] 2018-10-17T16:42:42.909163104Z: [    1.695186] io scheduler cfq registered
[STDOUT  ] 2018-10-17T16:42:42.913660047Z: [    1.699004] io scheduler mq-deadline registered
[STDOUT  ] 2018-10-17T16:42:42.917678964Z: [    1.703504] io scheduler kyber registered
[STDOUT  ] 2018-10-17T16:42:42.924391824Z: [    1.707629] shpchp: Standard Hot Plug PCI Controller Driver version: 0.4
[STDOUT  ] 2018-10-17T16:42:42.929232940Z: [    1.714264] hv_vmbus: registering driver hyperv_fb
[STDOUT  ] 2018-10-17T16:42:42.936502395Z: [    1.719177] input: Power Button as /devices/LNXSYSTM:00/LNXPWRBN:00/input/input0
[STDOUT  ] 2018-10-17T16:42:42.940257830Z: [    1.726366] ACPI: Power Button [PWRF]
[STDOUT  ] 2018-10-17T16:42:42.946667209Z: [    1.730839] ACPI: PCI Interrupt Link [GSIG] enabled at IRQ 22
[STDOUT  ] 2018-10-17T16:42:42.958380274Z: [    1.742567] ACPI: PCI Interrupt Link [GSIH] enabled at IRQ 23
[STDOUT  ] 2018-10-17T16:42:42.971093443Z: [    1.754690] Serial: 8250/16550 driver, 4 ports, IRQ sharing disabled
[STDOUT  ] 2018-10-17T16:42:43.012758740Z: [    1.795497] 00:04: ttyS0 at I/O 0x3f8 (irq = 4, base_baud = 115200) is a 16550A
[STDOUT  ] 2018-10-17T16:42:43.017889513Z: [    1.803549] Non-volatile memory driver v1.3
[STDOUT  ] 2018-10-17T16:42:43.028390147Z: [    1.809500] Hangcheck: starting hangcheck timer 0.9.1 (tick is 180 seconds, margin is 60 seconds).
[STDOUT  ] 2018-10-17T16:42:43.032112612Z: [    1.818505] random: fast init done
[STDOUT  ] 2018-10-17T16:42:43.036614635Z: [    1.822997] random: crng init done
[STDOUT  ] 2018-10-17T16:42:43.040802820Z: [    1.827525] brd: module loaded
[STDOUT  ] 2018-10-17T16:42:43.046511817Z: [    1.833133] loop: module loaded
[STDOUT  ] 2018-10-17T16:42:43.056367791Z: [    1.840103] lpc_ich 0000:00:1f.0: I/O space for GPIO uninitialized
[STDOUT  ] 2018-10-17T16:42:43.061408444Z: [    1.846315] VMware PVSCSI driver - version 1.0.7.0-k
[STDOUT  ] 2018-10-17T16:42:43.066230536Z: [    1.851252] hv_vmbus: registering driver hv_storvsc
[STDOUT  ] 2018-10-17T16:42:43.072461105Z: [    1.856652] ACPI: PCI Interrupt Link [GSIA] enabled at IRQ 16
[STDOUT  ] 2018-10-17T16:42:43.084215537Z: [    1.865917] ahci 0000:00:1f.2: AHCI 0001.0000 32 slots 6 ports 1.5 Gbps 0x3f impl SATA mode
[STDOUT  ] 2018-10-17T16:42:43.089198397Z: [    1.874062] ahci 0000:00:1f.2: flags: 64bit ncq only 
[STDOUT  ] 2018-10-17T16:42:43.096178440Z: [    1.883084] scsi host0: ahci
[STDOUT  ] 2018-10-17T16:42:43.099305242Z: [    1.886176] scsi host1: ahci
[STDOUT  ] 2018-10-17T16:42:43.102314065Z: [    1.889237] scsi host2: ahci
[STDOUT  ] 2018-10-17T16:42:43.105375047Z: [    1.892248] scsi host3: ahci
[STDOUT  ] 2018-10-17T16:42:43.108395841Z: [    1.895286] scsi host4: ahci
[STDOUT  ] 2018-10-17T16:42:43.111390708Z: [    1.898311] scsi host5: ahci
[STDOUT  ] 2018-10-17T16:42:43.118666746Z: [    1.901327] ata1: SATA max UDMA/133 abar m4096@0xfebd2000 port 0xfebd2100 irq 24
[STDOUT  ] 2018-10-17T16:42:43.125904914Z: [    1.908535] ata2: SATA max UDMA/133 abar m4096@0xfebd2000 port 0xfebd2180 irq 24
[STDOUT  ] 2018-10-17T16:42:43.133246530Z: [    1.915782] ata3: SATA max UDMA/133 abar m4096@0xfebd2000 port 0xfebd2200 irq 24
[STDOUT  ] 2018-10-17T16:42:43.140500795Z: [    1.923114] ata4: SATA max UDMA/133 abar m4096@0xfebd2000 port 0xfebd2280 irq 24
[STDOUT  ] 2018-10-17T16:42:43.147774929Z: [    1.930400] ata5: SATA max UDMA/133 abar m4096@0xfebd2000 port 0xfebd2300 irq 24
[STDOUT  ] 2018-10-17T16:42:43.155081394Z: [    1.937666] ata6: SATA max UDMA/133 abar m4096@0xfebd2000 port 0xfebd2380 irq 24
[STDOUT  ] 2018-10-17T16:42:43.162507187Z: [    1.947350] tun: Universal TUN/TAP device driver, 1.6
[STDOUT  ] 2018-10-17T16:42:43.173758479Z: [    1.957122] VMware vmxnet3 virtual NIC driver - version 1.4.a.0-k-NAPI
[STDOUT  ] 2018-10-17T16:42:43.178487599Z: [    1.963608] hv_vmbus: registering driver hv_netvsc
[STDOUT  ] 2018-10-17T16:42:43.182593885Z: [    1.968325] Fusion MPT base driver 3.04.20
[STDOUT  ] 2018-10-17T16:42:43.187463592Z: [    1.972421] Copyright (c) 1999-2008 LSI Corporation
[STDOUT  ] 2018-10-17T16:42:43.191937574Z: [    1.977299] Fusion MPT SPI Host driver 3.04.20
[STDOUT  ] 2018-10-17T16:42:43.199816114Z: [    1.981850] i8042: PNP: PS/2 Controller [PNP0303:KBD,PNP0f13:MOU] at 0x60,0x64 irq 1,12
[STDOUT  ] 2018-10-17T16:42:43.208785932Z: [    1.993704] serio: i8042 KBD port at 0x60,0x64 irq 1
[STDOUT  ] 2018-10-17T16:42:43.213809278Z: [    1.998604] serio: i8042 AUX port at 0x60,0x64 irq 12
[STDOUT  ] 2018-10-17T16:42:43.220885720Z: [    2.005381] hv_vmbus: registering driver hyperv_keyboard
[STDOUT  ] 2018-10-17T16:42:43.226371199Z: [    2.010812] mousedev: PS/2 mouse device common for all mice
[STDOUT  ] 2018-10-17T16:42:43.236140698Z: [    2.017695] input: AT Translated Set 2 keyboard as /devices/platform/i8042/serio0/input/input1
[STDOUT  ] 2018-10-17T16:42:43.242656878Z: [    2.026158] input: PC Speaker as /devices/platform/pcspkr/input/input2
[STDOUT  ] 2018-10-17T16:42:43.247561022Z: [    2.032864] rtc_cmos 00:00: RTC can wake from S4
[STDOUT  ] 2018-10-17T16:42:43.256022240Z: [    2.039914] rtc_cmos 00:00: rtc core: registered rtc_cmos as rtc0
[STDOUT  ] 2018-10-17T16:42:43.266640750Z: [    2.046791] rtc_cmos 00:00: alarms up to one day, y3k, 114 bytes nvram, hpet irqs
[STDOUT  ] 2018-10-17T16:42:43.270130648Z: [    2.056503] i2c /dev entries driver
[STDOUT  ] 2018-10-17T16:42:43.278499865Z: [    2.060154] device-mapper: ioctl: 4.37.0-ioctl (2017-09-20) initialised: dm-devel@redhat.com
[STDOUT  ] 2018-10-17T16:42:43.284909806Z: [    2.069193] usbcore: registered new interface driver usbhid
[STDOUT  ] 2018-10-17T16:42:43.288793992Z: [    2.074733] usbhid: USB HID core driver
[STDOUT  ] 2018-10-17T16:42:43.294000283Z: [    2.078683] hv_utils: Registering HyperV Utility Driver
[STDOUT  ] 2018-10-17T16:42:43.298555185Z: [    2.083843] hv_vmbus: registering driver hv_util
[STDOUT  ] 2018-10-17T16:42:43.303399201Z: [    2.088403] hv_vmbus: registering driver hv_balloon
[STDOUT  ] 2018-10-17T16:42:43.307512842Z: [    2.093243] oprofile: using NMI interrupt.
[STDOUT  ] 2018-10-17T16:42:43.310710549Z: [    2.097383] GACT probability on
[STDOUT  ] 2018-10-17T16:42:43.314395113Z: [    2.100552] Mirror/redirect action on
[STDOUT  ] 2018-10-17T16:42:43.317901403Z: [    2.104228] Simple TC action Loaded
[STDOUT  ] 2018-10-17T16:42:43.320653285Z: [    2.107748] u32 classifier
[STDOUT  ] 2018-10-17T16:42:43.324602694Z: [    2.110507]     Performance counters on
[STDOUT  ] 2018-10-17T16:42:43.328297973Z: [    2.114452]     input device check on
[STDOUT  ] 2018-10-17T16:42:43.331740864Z: [    2.118138]     Actions configured
[STDOUT  ] 2018-10-17T16:42:43.336411794Z: [    2.121591] Netfilter messages via NETLINK v0.30.
[STDOUT  ] 2018-10-17T16:42:43.341120053Z: [    2.126257] nfnl_acct: registering with nfnetlink.
[STDOUT  ] 2018-10-17T16:42:43.347136597Z: [    2.131090] nf_conntrack version 0.5.0 (8192 buckets, 32768 max)
[STDOUT  ] 2018-10-17T16:42:43.352488368Z: [    2.137080] ctnetlink v0.93: registering with nfnetlink.
[STDOUT  ] 2018-10-17T16:42:43.358924509Z: [    2.142378] nf_tables: (c) 2007-2009 Patrick McHardy <kaber@trash.net>
[STDOUT  ] 2018-10-17T16:42:43.365989118Z: [    2.148795] nf_tables_compat: (c) 2012 Pablo Neira Ayuso <pablo@netfilter.org>
[STDOUT  ] 2018-10-17T16:42:43.370756925Z: [    2.156231] xt_time: kernel timezone is -0000
[STDOUT  ] 2018-10-17T16:42:43.373978751Z: [    2.160773] ip_set: protocol 6
[STDOUT  ] 2018-10-17T16:42:43.379657879Z: [    2.164121] ipip: IPv4 and MPLS over IPv4 tunneling driver
[STDOUT  ] 2018-10-17T16:42:43.384846389Z: [    2.169861] gre: GRE over IPv4 demultiplexor driver
[STDOUT  ] 2018-10-17T16:42:43.390456908Z: [    2.175003] ip_tables: (C) 2000-2006 Netfilter Core Team
[STDOUT  ] 2018-10-17T16:42:43.396347423Z: [    2.180619] arp_tables: arp_tables: (C) 2002 David S. Miller
[STDOUT  ] 2018-10-17T16:42:43.401069743Z: [    2.186492] NET: Registered protocol family 10
[STDOUT  ] 2018-10-17T16:42:43.405452559Z: [    2.191619] Segment Routing with IPv6
[STDOUT  ] 2018-10-17T16:42:43.410850262Z: [    2.195349] ip6_tables: (C) 2000-2006 Netfilter Core Team
[STDOUT  ] 2018-10-17T16:42:43.415855235Z: [    2.201257] NET: Registered protocol family 17
[STDOUT  ] 2018-10-17T16:42:43.419959649Z: [    2.205741] Bridge firewalling registered
[STDOUT  ] 2018-10-17T16:42:43.424399593Z: [    2.210069] 8021q: 802.1Q VLAN Support v1.8
[STDOUT  ] 2018-10-17T16:42:43.428620932Z: [    2.214269] 9pnet: Installing 9P2000 support
[STDOUT  ] 2018-10-17T16:42:43.433131233Z: [    2.218722] Key type dns_resolver registered
[STDOUT  ] 2018-10-17T16:42:43.437555848Z: [    2.223272] registered taskstats version 1
[STDOUT  ] 2018-10-17T16:42:43.449547974Z: [    2.235495] Key type big_key registered
[STDOUT  ] 2018-10-17T16:42:43.457488188Z: [    2.243438] Key type trusted registered
[STDOUT  ] 2018-10-17T16:42:43.465430545Z: [    2.251209] Key type encrypted registered
[STDOUT  ] 2018-10-17T16:42:43.471846574Z: [    2.255526] ima: No TPM chip found, activating TPM-bypass! (rc=-19)
[STDOUT  ] 2018-10-17T16:42:43.477883417Z: [    2.262383] ata6: SATA link down (SStatus 0 SControl 300)
[STDOUT  ] 2018-10-17T16:42:43.484019395Z: [    2.268546] ata5: SATA link down (SStatus 0 SControl 300)
[STDOUT  ] 2018-10-17T16:42:43.490142243Z: [    2.274701] ata4: SATA link down (SStatus 0 SControl 300)
[STDOUT  ] 2018-10-17T16:42:43.497077812Z: [    2.280895] ata3: SATA link up 1.5 Gbps (SStatus 113 SControl 300)
[STDOUT  ] 2018-10-17T16:42:43.503407252Z: [    2.287927] ata2: SATA link down (SStatus 0 SControl 300)
[STDOUT  ] 2018-10-17T16:42:43.510373490Z: [    2.294161] ata1: SATA link up 1.5 Gbps (SStatus 113 SControl 300)
[STDOUT  ] 2018-10-17T16:42:43.515478759Z: [    2.300591] ima: Allocated hash algorithm: sha256
[STDOUT  ] 2018-10-17T16:42:43.521157062Z: [    2.305352] ata1.00: ATA-7: QEMU HARDDISK, 2.5+, max UDMA/100
[STDOUT  ] 2018-10-17T16:42:43.527624015Z: [    2.311080] ata1.00: 524288 sectors, multi 16: LBA48 NCQ (depth 31/32)
[STDOUT  ] 2018-10-17T16:42:43.531786037Z: [    2.317479] ata1.00: applying bridge limits
[STDOUT  ] 2018-10-17T16:42:43.537704713Z: [    2.321940] ata3.00: ATAPI: QEMU DVD-ROM, 2.5+, max UDMA/100
[STDOUT  ] 2018-10-17T16:42:43.541844443Z: [    2.327529] ata3.00: applying bridge limits
[STDOUT  ] 2018-10-17T16:42:43.545547299Z: [    2.332117] evm: HMAC attrs: 0x1
[STDOUT  ] 2018-10-17T16:42:43.555467326Z: [    2.337457] rtc_cmos 00:00: setting system clock to 2018-10-17 16:42:43 UTC (1539794563)
[STDOUT  ] 2018-10-17T16:42:43.560062976Z: [    2.345621] ata3.00: configured for UDMA/100
[STDOUT  ] 2018-10-17T16:42:43.567132897Z: [    2.352670] ata1.00: configured for UDMA/100
[STDOUT  ] 2018-10-17T16:42:43.575183793Z: [    2.357118] scsi 0:0:0:0: Direct-Access     ATA      QEMU HARDDISK    2.5+ PQ: 0 ANSI: 5
[STDOUT  ] 2018-10-17T16:42:43.582503627Z: [    2.365241] sd 0:0:0:0: [sda] 524288 512-byte logical blocks: (268 MB/256 MiB)
[STDOUT  ] 2018-10-17T16:42:43.587868002Z: [    2.372465] sd 0:0:0:0: Attached scsi generic sg0 type 0
[STDOUT  ] 2018-10-17T16:42:43.592669338Z: [    2.377754] sd 0:0:0:0: [sda] Write Protect is off
[STDOUT  ] 2018-10-17T16:42:43.600967783Z: [    2.382960] scsi 2:0:0:0: CD-ROM            QEMU     QEMU DVD-ROM     2.5+ PQ: 0 ANSI: 5
[STDOUT  ] 2018-10-17T16:42:43.609831498Z: [    2.390874] sd 0:0:0:0: [sda] Write cache: enabled, read cache: enabled, doesn't support DPO or FUA
[STDOUT  ] 2018-10-17T16:42:43.616709172Z: [    2.401944] sd 0:0:0:0: [sda] Attached SCSI disk
[STDOUT  ] 2018-10-17T16:42:43.632157634Z: [    2.414942] sr 2:0:0:0: [sr0] scsi3-mmc drive: 4x/4x cd/rw xa/form2 tray
[STDOUT  ] 2018-10-17T16:42:43.637373573Z: [    2.422078] cdrom: Uniform CD-ROM driver Revision: 3.20
[STDOUT  ] 2018-10-17T16:42:43.643142519Z: [    2.427730] sr 2:0:0:0: Attached scsi generic sg1 type 5
[STDOUT  ] 2018-10-17T16:42:43.649561068Z: [    2.434906] Freeing unused kernel memory: 1512K
[STDOUT  ] 2018-10-17T16:42:43.658105959Z: [    2.442109] Write protecting the kernel read-only data: 18432k
[STDOUT  ] 2018-10-17T16:42:43.663460242Z: [    2.448780] Freeing unused kernel memory: 2024K
[STDOUT  ] 2018-10-17T16:42:43.670824160Z: [    2.456134] Freeing unused kernel memory: 1132K
[STDOUT  ] 2018-10-17T16:42:44.302983193Z: 
[STDOUT  ] 2018-10-17T16:42:44.304875275Z: Welcome to LinuxKit
[STDOUT  ] 2018-10-17T16:42:44.305466635Z: 
[STDOUT  ] 2018-10-17T16:42:44.308160640Z:                         ##         .
[STDOUT  ] 2018-10-17T16:42:44.310787192Z:                   ## ## ##        ==
[STDOUT  ] 2018-10-17T16:42:44.313378276Z:                ## ## ## ## ##    ===
[STDOUT  ] 2018-10-17T16:42:44.316054834Z:            /"""""""""""""""""\___/ ===
[STDOUT  ] 2018-10-17T16:42:44.318815446Z:           {                       /  ===-
[STDOUT  ] 2018-10-17T16:42:44.321307022Z:            \______ O           __/
[STDOUT  ] 2018-10-17T16:42:44.323582327Z:              \    \         __/
[STDOUT  ] 2018-10-17T16:42:44.325628583Z:               \____\_______/
[STDOUT  ] 2018-10-17T16:42:44.326175775Z: 
[STDOUT  ] 2018-10-17T16:42:44.415637543Z: [    3.201081] raid6: sse2x1   gen()  7843 MB/s
[STDOUT  ] 2018-10-17T16:42:44.436524862Z: [    3.222065] raid6: sse2x1   xor()  5583 MB/s
[STDOUT  ] 2018-10-17T16:42:44.457454371Z: [    3.243064] raid6: sse2x2   gen() 10261 MB/s
[STDOUT  ] 2018-10-17T16:42:44.478445143Z: [    3.264060] raid6: sse2x2   xor()  7201 MB/s
[STDOUT  ] 2018-10-17T16:42:44.499495000Z: [    3.285059] raid6: sse2x4   gen() 11687 MB/s
[STDOUT  ] 2018-10-17T16:42:44.520542947Z: [    3.306063] raid6: sse2x4   xor()  8117 MB/s
[STDOUT  ] 2018-10-17T16:42:44.525947461Z: [    3.310375] raid6: using algorithm sse2x4 gen() 11687 MB/s
[STDOUT  ] 2018-10-17T16:42:44.530910694Z: [    3.315803] raid6: .... xor() 8117 MB/s, rmw enabled
[STDOUT  ] 2018-10-17T16:42:44.535529613Z: [    3.320783] raid6: using intx1 recovery algorithm
[STDOUT  ] 2018-10-17T16:42:44.544995615Z: [    3.330089] xor: measuring software checksum speed
[STDOUT  ] 2018-10-17T16:42:44.558724620Z: [    3.344058]    prefetch64-sse: 15468.000 MB/sec
[STDOUT  ] 2018-10-17T16:42:44.572447170Z: [    3.358060]    generic_sse: 14156.000 MB/sec
[STDOUT  ] 2018-10-17T16:42:44.578491296Z: [    3.362303] xor: using function: prefetch64-sse (15468.000 MB/sec)
[STDOUT  ] 2018-10-17T16:42:44.608092430Z: [    3.393327] Btrfs loaded, crc32c=crc32c-generic
[STDOUT  ] 2018-10-17T16:42:44.731847030Z: [    3.519573]  sda:
[STDOUT  ] 2018-10-17T16:42:44.740064112Z: [    3.527797]  sda:
[STDOUT  ] 2018-10-17T16:42:45.009620311Z: [    3.796898]  sda: sda1
[STDOUT  ] 2018-10-17T16:42:45.015868245Z: [    3.803218]  sda: sda1
[STDOUT  ] 2018-10-17T16:42:46.101036290Z: [    4.878816] BTRFS: device fsid 07d162a3-6f1a-49cb-824b-6166f865bdea devid 1 transid 5 /dev/sda1
[STDOUT  ] 2018-10-17T16:42:46.108316056Z: 2018/10/17 16:42:43 Creating partition on /dev/sda
[STDOUT  ] 2018-10-17T16:42:46.112901002Z: 2018/10/17 16:42:44 Partition /dev/sda1 successfully created!
[STDOUT  ] 2018-10-17T16:42:46.195446722Z: [    4.974812] FAT-fs (sda1): utf8 is not a recommended IO charset for FAT filesystems, filesystem will be case sensitive!
[STDOUT  ] 2018-10-17T16:42:46.206443729Z: [    4.985827] FAT-fs (sda1): utf8 is not a recommended IO charset for FAT filesystems, filesystem will be case sensitive!
[STDOUT  ] 2018-10-17T16:42:46.212080442Z: [    4.996882] mount: sending ioctl 5310 to a partition!
[STDOUT  ] 2018-10-17T16:42:46.246343725Z: [    5.031120] mount: sending ioctl 5310 to a partition!
[STDOUT  ] 2018-10-17T16:42:46.256231179Z: [    5.039867] BTRFS info (device sda1): disk space caching is enabled
[STDOUT  ] 2018-10-17T16:42:46.261574388Z: [    5.046112] BTRFS info (device sda1): has skinny extents
[STDOUT  ] 2018-10-17T16:42:46.268338957Z: [    5.051375] BTRFS info (device sda1): flagging fs with big metadata feature
[STDOUT  ] 2018-10-17T16:42:46.277961208Z: [    5.062356] BTRFS info (device sda1): checking UUID tree
[STDOUT  ] 2018-10-17T16:42:56.518895145Z: [   15.302877] sd 0:0:0:0: [sda] Synchronizing SCSI cache
[STDOUT  ] 2018-10-17T16:42:56.523626861Z: [   15.309140] sd 0:0:0:0: [sda] Stopping disk
[STDOUT  ] 2018-10-17T16:42:56.530646426Z: [   15.314693] ACPI: Preparing to enter system sleep state S5
[STDOUT  ] 2018-10-17T16:42:56.534428602Z: [   15.321074] reboot: Power down
[STDERR  ] 2018-10-17T16:42:56.557152702Z: + [ -f disk.img ]
[STDERR  ] 2018-10-17T16:42:56.557236723Z: + dd if=/dev/zero bs=1048576 count=256
[STDERR  ] 2018-10-17T16:42:56.743136927Z: 256+0 records in
[STDERR  ] 2018-10-17T16:42:56.743209003Z: 256+0 records out
[STDERR  ] 2018-10-17T16:42:56.743223734Z: 268435456 bytes (268 MB, 256 MiB) copied, 0.185172 s, 1.4 GB/s
[STDERR  ] 2018-10-17T16:42:56.743573338Z: + linuxkit build -format kernel+initrd -name extend-btrfs test.yml
[STDERR  ] 2018-10-17T16:42:56.812786616Z: Extract kernel image: linuxkit/kernel:4.14.74
[STDERR  ] 2018-10-17T16:42:58.565827605Z: Add init containers:
[STDERR  ] 2018-10-17T16:42:58.565885858Z: Process init image: linuxkit/init:6eb0158059b056a1567236280880cb87f03ff008
[STDERR  ] 2018-10-17T16:42:59.747946955Z: Process init image: linuxkit/runc:6cf26a0403376de3b5396cb676b88eea4f37aff8
[STDERR  ] 2018-10-17T16:43:00.902521690Z: Add onboot containers:
[STDERR  ] 2018-10-17T16:43:00.902596352Z:   Create OCI config for linuxkit/modprobe:v0.6
[STDERR  ] 2018-10-17T16:43:02.084223313Z:   Create OCI config for linuxkit/extend:v0.6
[STDERR  ] 2018-10-17T16:43:04.203338671Z:   Create OCI config for linuxkit/mount:v0.6
[STDERR  ] 2018-10-17T16:43:05.576100015Z:   Create OCI config for alpine:3.8
[STDERR  ] 2018-10-17T16:43:06.748390203Z:   Create OCI config for linuxkit/poweroff:afe8f7dd0d47a7991c54519b0f09124cb8c4e300
[STDERR  ] 2018-10-17T16:43:07.922355415Z: Add files:
[STDERR  ] 2018-10-17T16:43:07.922416390Z:   check.sh
[STDERR  ] 2018-10-17T16:43:07.923113259Z: Create outputs:
[STDERR  ] 2018-10-17T16:43:16.928453871Z:   extend-btrfs-kernel extend-btrfs-initrd.img extend-btrfs-cmdline
[STDERR  ] 2018-10-17T16:43:17.225072057Z: + linuxkit run -disk file=disk.img extend-btrfs
[STDERR  ] 2018-10-17T16:43:17.255805966Z: Using existing disk [disk.img] format 
[STDERR  ] 2018-10-17T16:43:17.274775618Z: WARNING: Image format was not specified for 'disk.img' and probing guessed raw.
[STDERR  ] 2018-10-17T16:43:17.274828772Z:          Automatically detecting the format is dangerous for raw images, write operations on block 0 will be restricted.
[STDERR  ] 2018-10-17T16:43:17.274851421Z:          Specify the 'raw' format explicitly to remove the restrictions.
[STDERR  ] 2018-10-17T16:43:35.791920655Z: + RESULT=[    0.000000] Linux version 4.14.74-linuxkit (root@50993055c1cc) (gcc version 6.4.0 (Alpine 6.4.0)) #1 SMP Fri Oct 5 20:19:37 UTC 2018
[STDERR  ] 2018-10-17T16:43:35.791996896Z: [    0.000000] Command line: console=ttyS0 console=ttyAMA0
[STDERR  ] 2018-10-17T16:43:35.792012235Z: [    0.000000] x86/fpu: x87 FPU will use FXSAVE
[STDERR  ] 2018-10-17T16:43:35.792027184Z: [    0.000000] e820: BIOS-provided physical RAM map:
[STDERR  ] 2018-10-17T16:43:35.792055014Z: [    0.000000] BIOS-e820: [mem 0x0000000000000000-0x000000000009fbff] usable
[STDERR  ] 2018-10-17T16:43:35.792068866Z: [    0.000000] BIOS-e820: [mem 0x000000000009fc00-0x000000000009ffff] reserved
[STDERR  ] 2018-10-17T16:43:35.792081523Z: [    0.000000] BIOS-e820: [mem 0x00000000000f0000-0x00000000000fffff] reserved
[STDERR  ] 2018-10-17T16:43:35.792094604Z: [    0.000000] BIOS-e820: [mem 0x0000000000100000-0x000000003ffdefff] usable
[STDERR  ] 2018-10-17T16:43:35.792117592Z: [    0.000000] BIOS-e820: [mem 0x000000003ffdf000-0x000000003fffffff] reserved
[STDERR  ] 2018-10-17T16:43:35.792130264Z: [    0.000000] BIOS-e820: [mem 0x00000000b0000000-0x00000000bfffffff] reserved
[STDERR  ] 2018-10-17T16:43:35.792146087Z: [    0.000000] BIOS-e820: [mem 0x00000000fed1c000-0x00000000fed1ffff] reserved
[STDERR  ] 2018-10-17T16:43:35.792157841Z: [    0.000000] BIOS-e820: [mem 0x00000000feffc000-0x00000000feffffff] reserved
[STDERR  ] 2018-10-17T16:43:35.792169496Z: [    0.000000] BIOS-e820: [mem 0x00000000fffc0000-0x00000000ffffffff] reserved
[STDERR  ] 2018-10-17T16:43:35.792186739Z: [    0.000000] NX (Execute Disable) protection: active
[STDERR  ] 2018-10-17T16:43:35.792199169Z: [    0.000000] SMBIOS 2.8 present.
[STDERR  ] 2018-10-17T16:43:35.792210761Z: [    0.000000] DMI: QEMU Standard PC (Q35 + ICH9, 2009), BIOS 1.10.2-1 04/01/2014
[STDERR  ] 2018-10-17T16:43:35.792221887Z: [    0.000000] Hypervisor detected: KVM
[STDERR  ] 2018-10-17T16:43:35.792233687Z: [    0.000000] tsc: Fast TSC calibration failed
[STDERR  ] 2018-10-17T16:43:35.792245283Z: [    0.000000] tsc: Unable to calibrate against PIT
[STDERR  ] 2018-10-17T16:43:35.792256867Z: [    0.000000] tsc: No reference (HPET/PMTIMER) available
[STDERR  ] 2018-10-17T16:43:35.792270403Z: [    0.000000] e820: last_pfn = 0x3ffdf max_arch_pfn = 0x400000000
[STDERR  ] 2018-10-17T16:43:35.792282407Z: [    0.000000] x86/PAT: PAT not supported by CPU.
[STDERR  ] 2018-10-17T16:43:35.792294442Z: [    0.000000] x86/PAT: Configuration [0-7]: WB  WT  UC- UC  WB  WT  UC- UC  
[STDERR  ] 2018-10-17T16:43:35.792307210Z: [    0.000000] found SMP MP-table at [mem 0x000f6a90-0x000f6a9f] mapped at [ffffffffff200a90]
[STDERR  ] 2018-10-17T16:43:35.792326767Z: [    0.000000] RAMDISK: [mem 0x3caa9000-0x3ffcffff]
[STDERR  ] 2018-10-17T16:43:35.792340207Z: [    0.000000] ACPI: Early table checksum verification disabled
[STDERR  ] 2018-10-17T16:43:35.792351933Z: [    0.000000] ACPI: RSDP 0x00000000000F68D0 000014 (v00 BOCHS )
[STDERR  ] 2018-10-17T16:43:35.792363936Z: [    0.000000] ACPI: RSDT 0x000000003FFE2404 000034 (v01 BOCHS  BXPCRSDT 00000001 BXPC 00000001)
[STDERR  ] 2018-10-17T16:43:35.792375808Z: [    0.000000] ACPI: FACP 0x000000003FFE22A4 000074 (v01 BOCHS  BXPCFACP 00000001 BXPC 00000001)
[STDERR  ] 2018-10-17T16:43:35.792387265Z: [    0.000000] ACPI: DSDT 0x000000003FFE0040 002264 (v01 BOCHS  BXPCDSDT 00000001 BXPC 00000001)
[STDERR  ] 2018-10-17T16:43:35.792399464Z: [    0.000000] ACPI: FACS 0x000000003FFE0000 000040
[STDERR  ] 2018-10-17T16:43:35.792411292Z: [    0.000000] ACPI: APIC 0x000000003FFE2318 000078 (v01 BOCHS  BXPCAPIC 00000001 BXPC 00000001)
[STDERR  ] 2018-10-17T16:43:35.792424432Z: [    0.000000] ACPI: HPET 0x000000003FFE2390 000038 (v01 BOCHS  BXPCHPET 00000001 BXPC 00000001)
[STDERR  ] 2018-10-17T16:43:35.792436395Z: [    0.000000] ACPI: MCFG 0x000000003FFE23C8 00003C (v01 BOCHS  BXPCMCFG 00000001 BXPC 00000001)
[STDERR  ] 2018-10-17T16:43:35.792448464Z: [    0.000000] kvm-clock: Using msrs 4b564d01 and 4b564d00
[STDERR  ] 2018-10-17T16:43:35.792460300Z: [    0.000000] kvm-clock: cpu 0, msr 0:3ffdd001, primary cpu clock
[STDERR  ] 2018-10-17T16:43:35.792474387Z: [    0.000000] clocksource: kvm-clock: mask: 0xffffffffffffffff max_cycles: 0x1cd42e4dffb, max_idle_ns: 881590591483 ns
[STDERR  ] 2018-10-17T16:43:35.792487662Z: [    0.000000] Zone ranges:
[STDERR  ] 2018-10-17T16:43:35.792500286Z: [    0.000000]   DMA      [mem 0x0000000000001000-0x0000000000ffffff]
[STDERR  ] 2018-10-17T16:43:35.792517561Z: [    0.000000]   DMA32    [mem 0x0000000001000000-0x000000003ffdefff]
[STDERR  ] 2018-10-17T16:43:35.792533274Z: [    0.000000]   Normal   empty
[STDERR  ] 2018-10-17T16:43:35.792545476Z: [    0.000000]   Device   empty
[STDERR  ] 2018-10-17T16:43:35.792557460Z: [    0.000000] Movable zone start for each node
[STDERR  ] 2018-10-17T16:43:35.792569250Z: [    0.000000] Early memory node ranges
[STDERR  ] 2018-10-17T16:43:35.792581542Z: [    0.000000]   node   0: [mem 0x0000000000001000-0x000000000009efff]
[STDERR  ] 2018-10-17T16:43:35.792595032Z: [    0.000000]   node   0: [mem 0x0000000000100000-0x000000003ffdefff]
[STDERR  ] 2018-10-17T16:43:35.792606175Z: [    0.000000] Initmem setup node 0 [mem 0x0000000000001000-0x000000003ffdefff]
[STDERR  ] 2018-10-17T16:43:35.792616774Z: [    0.000000] ACPI: PM-Timer IO Port: 0x608
[STDERR  ] 2018-10-17T16:43:35.792628658Z: [    0.000000] ACPI: LAPIC_NMI (acpi_id[0xff] dfl dfl lint[0x1])
[STDERR  ] 2018-10-17T16:43:35.792641477Z: [    0.000000] IOAPIC[0]: apic_id 0, version 17, address 0xfec00000, GSI 0-23
[STDERR  ] 2018-10-17T16:43:35.792667537Z: [    0.000000] ACPI: INT_SRC_OVR (bus 0 bus_irq 0 global_irq 2 dfl dfl)
[STDERR  ] 2018-10-17T16:43:35.792679581Z: [    0.000000] ACPI: INT_SRC_OVR (bus 0 bus_irq 5 global_irq 5 high level)
[STDERR  ] 2018-10-17T16:43:35.792694546Z: [    0.000000] ACPI: INT_SRC_OVR (bus 0 bus_irq 9 global_irq 9 high level)
[STDERR  ] 2018-10-17T16:43:35.792706889Z: [    0.000000] ACPI: INT_SRC_OVR (bus 0 bus_irq 10 global_irq 10 high level)
[STDERR  ] 2018-10-17T16:43:35.792719289Z: [    0.000000] ACPI: INT_SRC_OVR (bus 0 bus_irq 11 global_irq 11 high level)
[STDERR  ] 2018-10-17T16:43:35.792731534Z: [    0.000000] Using ACPI (MADT) for SMP configuration information
[STDERR  ] 2018-10-17T16:43:35.792743563Z: [    0.000000] ACPI: HPET id: 0x8086a201 base: 0xfed00000
[STDERR  ] 2018-10-17T16:43:35.792757109Z: [    0.000000] smpboot: Allowing 1 CPUs, 0 hotplug CPUs
[STDERR  ] 2018-10-17T16:43:35.792775434Z: [    0.000000] e820: [mem 0x40000000-0xafffffff] available for PCI devices
[STDERR  ] 2018-10-17T16:43:35.792788911Z: [    0.000000] Booting paravirtualized kernel on KVM
[STDERR  ] 2018-10-17T16:43:35.792802539Z: [    0.000000] clocksource: refined-jiffies: mask: 0xffffffff max_cycles: 0xffffffff, max_idle_ns: 1910969940391419 ns
[STDERR  ] 2018-10-17T16:43:35.792815552Z: [    0.000000] random: get_random_bytes called from start_kernel+0x92/0x4cb with crng_init=0
[STDERR  ] 2018-10-17T16:43:35.792827796Z: [    0.000000] setup_percpu: NR_CPUS:128 nr_cpumask_bits:128 nr_cpu_ids:1 nr_node_ids:1
[STDERR  ] 2018-10-17T16:43:35.792843666Z: [    0.000000] percpu: Embedded 45 pages/cpu @ffff8eb77c800000 s144280 r8192 d31848 u2097152
[STDERR  ] 2018-10-17T16:43:35.792856347Z: [    0.000000] KVM setup async PF for cpu 0
[STDERR  ] 2018-10-17T16:43:35.792870173Z: [    0.000000] kvm-stealtime: cpu 0, msr 3c815f40
[STDERR  ] 2018-10-17T16:43:35.792883266Z: [    0.000000] Built 1 zonelists, mobility grouping on.  Total pages: 257896
[STDERR  ] 2018-10-17T16:43:35.792899209Z: [    0.000000] Kernel command line: console=ttyS0 console=ttyAMA0
[STDERR  ] 2018-10-17T16:43:35.792913714Z: [    0.000000] PID hash table entries: 4096 (order: 3, 32768 bytes)
[STDERR  ] 2018-10-17T16:43:35.792926823Z: [    0.000000] Dentry cache hash table entries: 131072 (order: 8, 1048576 bytes)
[STDERR  ] 2018-10-17T16:43:35.792938513Z: [    0.000000] Inode-cache hash table entries: 65536 (order: 7, 524288 bytes)
[STDERR  ] 2018-10-17T16:43:35.792952975Z: [    0.000000] Memory: 950448K/1048052K available (12300K kernel code, 1452K rwdata, 2964K rodata, 1512K init, 580K bss, 97604K reserved, 0K cma-reserved)
[STDERR  ] 2018-10-17T16:43:35.792969121Z: [    0.000000] Kernel/User page tables isolation: enabled
[STDERR  ] 2018-10-17T16:43:35.792981505Z: [    0.000000] ftrace: allocating 40636 entries in 159 pages
[STDERR  ] 2018-10-17T16:43:35.792993272Z: [    0.001000] Hierarchical RCU implementation.
[STDERR  ] 2018-10-17T16:43:35.793006130Z: [    0.001000] 	RCU restricting CPUs from NR_CPUS=128 to nr_cpu_ids=1.
[STDERR  ] 2018-10-17T16:43:35.793023041Z: [    0.001000] RCU: Adjusting geometry for rcu_fanout_leaf=16, nr_cpu_ids=1
[STDERR  ] 2018-10-17T16:43:35.793034915Z: [    0.001000] NR_IRQS: 8448, nr_irqs: 256, preallocated irqs: 16
[STDERR  ] 2018-10-17T16:43:35.793047838Z: [    0.001000] Console: colour VGA+ 80x25
[STDERR  ] 2018-10-17T16:43:35.793060660Z: [    0.001000] console [ttyS0] enabled
[STDERR  ] 2018-10-17T16:43:35.793073601Z: [    0.001000] clocksource: hpet: mask: 0xffffffff max_cycles: 0xffffffff, max_idle_ns: 19112604467 ns
[STDERR  ] 2018-10-17T16:43:35.793085911Z: [    0.001025] tsc: Detected 2299.922 MHz processor
[STDERR  ] 2018-10-17T16:43:35.793098342Z: [    0.002028] Calibrating delay loop (skipped) preset value.. 4599.84 BogoMIPS (lpj=2299922)
[STDERR  ] 2018-10-17T16:43:35.793123085Z: [    0.003027] pid_max: default: 32768 minimum: 301
[STDERR  ] 2018-10-17T16:43:35.793135926Z: [    0.004049] ACPI: Core revision 20170728
[STDERR  ] 2018-10-17T16:43:35.793147995Z: [    0.006343] ACPI: 1 ACPI AML tables successfully acquired and loaded
[STDERR  ] 2018-10-17T16:43:35.793164296Z: [    0.007112] Security Framework initialized
[STDERR  ] 2018-10-17T16:43:35.793177750Z: [    0.009033] Yama: becoming mindful.
[STDERR  ] 2018-10-17T16:43:35.793190458Z: [    0.010088] Mount-cache hash table entries: 2048 (order: 2, 16384 bytes)
[STDERR  ] 2018-10-17T16:43:35.793203940Z: [    0.011036] Mountpoint-cache hash table entries: 2048 (order: 2, 16384 bytes)
[STDERR  ] 2018-10-17T16:43:35.793216764Z: [    0.014065] Last level iTLB entries: 4KB 0, 2MB 0, 4MB 0
[STDERR  ] 2018-10-17T16:43:35.793230207Z: [    0.015028] Last level dTLB entries: 4KB 0, 2MB 0, 4MB 0, 1GB 0
[STDERR  ] 2018-10-17T16:43:35.793245372Z: [    0.016029] Spectre V2 : Mitigation: Full generic retpoline
[STDERR  ] 2018-10-17T16:43:35.793259588Z: [    0.017026] Spectre V2 : Spectre v2 / SpectreRSB mitigation: Filling RSB on context switch
[STDERR  ] 2018-10-17T16:43:35.793272261Z: [    0.018027] Speculative Store Bypass: Vulnerable
[STDERR  ] 2018-10-17T16:43:35.793287140Z: [    0.025645] Freeing SMP alternatives memory: 20K
[STDERR  ] 2018-10-17T16:43:35.793300939Z: [    0.027074] smpboot: Max logical packages: 1
[STDERR  ] 2018-10-17T16:43:35.793322563Z: [    0.030852] x2apic enabled
[STDERR  ] 2018-10-17T16:43:35.793336910Z: [    0.031026] Switched APIC routing to physical x2apic.
[STDERR  ] 2018-10-17T16:43:35.793351815Z: [    0.044000] ..TIMER: vector=0x30 apic1=0 pin1=2 apic2=-1 pin2=-1
[STDERR  ] 2018-10-17T16:43:35.793365398Z: [    0.044000] smpboot: CPU0: Intel QEMU Virtual CPU version 2.5+ (family: 0x6, model: 0x6, stepping: 0x3)
[STDERR  ] 2018-10-17T16:43:35.793377719Z: [    0.044125] Performance Events: PMU not available due to virtualization, using software events only.
[STDERR  ] 2018-10-17T16:43:35.793390448Z: [    0.047202] Hierarchical SRCU implementation.
[STDERR  ] 2018-10-17T16:43:35.793403074Z: [    0.048123] NMI watchdog: Perf event create on CPU 0 failed with -2
[STDERR  ] 2018-10-17T16:43:35.793415881Z: [    0.049009] NMI watchdog: Perf NMI watchdog permanently disabled
[STDERR  ] 2018-10-17T16:43:35.793432972Z: [    0.051061] smp: Bringing up secondary CPUs ...
[STDERR  ] 2018-10-17T16:43:35.793445435Z: [    0.052006] smp: Brought up 1 node, 1 CPU
[STDERR  ] 2018-10-17T16:43:35.793457265Z: [    0.053007] smpboot: Total of 1 processors activated (4599.84 BogoMIPS)
[STDERR  ] 2018-10-17T16:43:35.793469625Z: [    0.057202] devtmpfs: initialized
[STDERR  ] 2018-10-17T16:43:35.793483526Z: [    0.058116] x86/mm: Memory block size: 128MB
[STDERR  ] 2018-10-17T16:43:35.793495934Z: [    0.059223] evm: security.ima
[STDERR  ] 2018-10-17T16:43:35.793507876Z: [    0.060005] evm: security.capability
[STDERR  ] 2018-10-17T16:43:35.793524314Z: [    0.062057] clocksource: jiffies: mask: 0xffffffff max_cycles: 0xffffffff, max_idle_ns: 1911260446275000 ns
[STDERR  ] 2018-10-17T16:43:35.793536854Z: [    0.063015] futex hash table entries: 256 (order: 2, 16384 bytes)
[STDERR  ] 2018-10-17T16:43:35.793548989Z: [    0.064229] NET: Registered protocol family 16
[STDERR  ] 2018-10-17T16:43:35.793565207Z: [    0.065203] cpuidle: using governor ladder
[STDERR  ] 2018-10-17T16:43:35.793578430Z: [    0.066007] cpuidle: using governor menu
[STDERR  ] 2018-10-17T16:43:35.793591524Z: [    0.067124] ACPI: bus type PCI registered
[STDERR  ] 2018-10-17T16:43:35.793603803Z: [    0.069063] PCI: MMCONFIG for domain 0000 [bus 00-ff] at [mem 0xb0000000-0xbfffffff] (base 0xb0000000)
[STDERR  ] 2018-10-17T16:43:35.793616376Z: [    0.070011] PCI: MMCONFIG at [mem 0xb0000000-0xbfffffff] reserved in E820
[STDERR  ] 2018-10-17T16:43:35.793628025Z: [    0.071023] PCI: Using configuration type 1 for base access
[STDERR  ] 2018-10-17T16:43:35.793640759Z: [    0.074247] HugeTLB registered 2.00 MiB page size, pre-allocated 0 pages
[STDERR  ] 2018-10-17T16:43:35.793655422Z: [    0.076196] ACPI: Added _OSI(Module Device)
[STDERR  ] 2018-10-17T16:43:35.793667395Z: [    0.077013] ACPI: Added _OSI(Processor Device)
[STDERR  ] 2018-10-17T16:43:35.793679119Z: [    0.078007] ACPI: Added _OSI(3.0 _SCP Extensions)
[STDERR  ] 2018-10-17T16:43:35.793695924Z: [    0.079008] ACPI: Added _OSI(Processor Aggregator Device)
[STDERR  ] 2018-10-17T16:43:35.793707595Z: [    0.084179] ACPI: Interpreter enabled
[STDERR  ] 2018-10-17T16:43:35.793721546Z: [    0.085015] ACPI: (supports S0 S5)
[STDERR  ] 2018-10-17T16:43:35.793733654Z: [    0.086006] ACPI: Using IOAPIC for interrupt routing
[STDERR  ] 2018-10-17T16:43:35.793745857Z: [    0.087057] PCI: Using host bridge windows from ACPI; if necessary, use "pci=nocrs" and report a bug
[STDERR  ] 2018-10-17T16:43:35.793757480Z: [    0.088448] ACPI: Enabled 2 GPEs in block 00 to 3F
[STDERR  ] 2018-10-17T16:43:35.793770708Z: [    0.094122] ACPI: PCI Root Bridge [PCI0] (domain 0000 [bus 00-ff])
[STDERR  ] 2018-10-17T16:43:35.793782085Z: [    0.095019] acpi PNP0A08:00: _OSC: OS supports [ExtendedConfig ASPM ClockPM Segments MSI]
[STDERR  ] 2018-10-17T16:43:35.793794758Z: [    0.096143] acpi PNP0A08:00: _OSC: OS now controls [PCIeHotplug PME PCIeCapability]
[STDERR  ] 2018-10-17T16:43:35.793806374Z: [    0.097076] PCI host bridge to bus 0000:00
[STDERR  ] 2018-10-17T16:43:35.793817801Z: [    0.098010] pci_bus 0000:00: root bus resource [io  0x0000-0x0cf7 window]
[STDERR  ] 2018-10-17T16:43:35.793830845Z: [    0.099009] pci_bus 0000:00: root bus resource [io  0x0d00-0xffff window]
[STDERR  ] 2018-10-17T16:43:35.793843107Z: [    0.100010] pci_bus 0000:00: root bus resource [mem 0x000a0000-0x000bffff window]
[STDERR  ] 2018-10-17T16:43:35.793855869Z: [    0.101011] pci_bus 0000:00: root bus resource [mem 0xc0000000-0xfebfffff window]
[STDERR  ] 2018-10-17T16:43:35.793867646Z: [    0.102013] pci_bus 0000:00: root bus resource [bus 00-ff]
[STDERR  ] 2018-10-17T16:43:35.793880458Z: [    0.176570] pci 0000:00:1f.0: quirk: [io  0x0600-0x067f] claimed by ICH6 ACPI/GPIO/TCO
[STDERR  ] 2018-10-17T16:43:35.793896980Z: [    0.204420] ACPI: PCI Interrupt Link [LNKA] (IRQs 5 *10 11)
[STDERR  ] 2018-10-17T16:43:35.793908953Z: [    0.205321] ACPI: PCI Interrupt Link [LNKB] (IRQs 5 *10 11)
[STDERR  ] 2018-10-17T16:43:35.793920349Z: [    0.206326] ACPI: PCI Interrupt Link [LNKC] (IRQs 5 10 *11)
[STDERR  ] 2018-10-17T16:43:35.793932535Z: [    0.207316] ACPI: PCI Interrupt Link [LNKD] (IRQs 5 10 *11)
[STDERR  ] 2018-10-17T16:43:35.793944863Z: [    0.208323] ACPI: PCI Interrupt Link [LNKE] (IRQs 5 *10 11)
[STDERR  ] 2018-10-17T16:43:35.793957583Z: [    0.210034] ACPI: PCI Interrupt Link [LNKF] (IRQs 5 *10 11)
[STDERR  ] 2018-10-17T16:43:35.793970791Z: [    0.212100] ACPI: PCI Interrupt Link [LNKG] (IRQs 5 10 *11)
[STDERR  ] 2018-10-17T16:43:35.793982373Z: [    0.214008] ACPI: PCI Interrupt Link [LNKH] (IRQs 5 10 *11)
[STDERR  ] 2018-10-17T16:43:35.793994660Z: [    0.215175] ACPI: PCI Interrupt Link [GSIA] (IRQs *16)
[STDERR  ] 2018-10-17T16:43:35.794008508Z: [    0.216033] ACPI: PCI Interrupt Link [GSIB] (IRQs *17)
[STDERR  ] 2018-10-17T16:43:35.794020383Z: [    0.217027] ACPI: PCI Interrupt Link [GSIC] (IRQs *18)
[STDERR  ] 2018-10-17T16:43:35.794032421Z: [    0.218033] ACPI: PCI Interrupt Link [GSID] (IRQs *19)
[STDERR  ] 2018-10-17T16:43:35.794048857Z: [    0.219028] ACPI: PCI Interrupt Link [GSIE] (IRQs *20)
[STDERR  ] 2018-10-17T16:43:35.794060554Z: [    0.220030] ACPI: PCI Interrupt Link [GSIF] (IRQs *21)
[STDERR  ] 2018-10-17T16:43:35.794072771Z: [    0.221030] ACPI: PCI Interrupt Link [GSIG] (IRQs *22)
[STDERR  ] 2018-10-17T16:43:35.794085400Z: [    0.222029] ACPI: PCI Interrupt Link [GSIH] (IRQs *23)
[STDERR  ] 2018-10-17T16:43:35.794097637Z: [    0.223439] SCSI subsystem initialized
[STDERR  ] 2018-10-17T16:43:35.794120853Z: [    0.224109] ACPI: bus type USB registered
[STDERR  ] 2018-10-17T16:43:35.794133219Z: [    0.225063] usbcore: registered new interface driver usbfs
[STDERR  ] 2018-10-17T16:43:35.794145353Z: [    0.226034] usbcore: registered new interface driver hub
[STDERR  ] 2018-10-17T16:43:35.794157062Z: [    0.227043] usbcore: registered new device driver usb
[STDERR  ] 2018-10-17T16:43:35.794169922Z: [    0.228038] pps_core: LinuxPPS API ver. 1 registered
[STDERR  ] 2018-10-17T16:43:35.794181365Z: [    0.229007] pps_core: Software ver. 5.3.6 - Copyright 2005-2007 Rodolfo Giometti <giometti@linux.it>
[STDERR  ] 2018-10-17T16:43:35.794197275Z: [    0.230021] PTP clock support registered
[STDERR  ] 2018-10-17T16:43:35.794209169Z: [    0.231101] PCI: Using ACPI for IRQ routing
[STDERR  ] 2018-10-17T16:43:35.794221109Z: [    0.730095] NetLabel: Initializing
[STDERR  ] 2018-10-17T16:43:35.794232068Z: [    0.731005] NetLabel:  domain hash size = 128
[STDERR  ] 2018-10-17T16:43:35.794243011Z: [    0.732006] NetLabel:  protocols = UNLABELED CIPSOv4 CALIPSO
[STDERR  ] 2018-10-17T16:43:35.794253794Z: [    0.733074] NetLabel:  unlabeled traffic allowed by default
[STDERR  ] 2018-10-17T16:43:35.794264498Z: [    0.734214] HPET: 3 timers in total, 0 timers will be used for per-cpu timer
[STDERR  ] 2018-10-17T16:43:35.794293959Z: [    0.735124] hpet0: at MMIO 0xfed00000, IRQs 2, 8, 0
[STDERR  ] 2018-10-17T16:43:35.794304778Z: [    0.736007] hpet0: 3 comparators, 64-bit 100.000000 MHz counter
[STDERR  ] 2018-10-17T16:43:35.794322530Z: [    0.740044] clocksource: Switched to clocksource kvm-clock
[STDERR  ] 2018-10-17T16:43:35.794334007Z: [    0.766163] VFS: Disk quotas dquot_6.6.0
[STDERR  ] 2018-10-17T16:43:35.794351197Z: [    0.770272] VFS: Dquot-cache hash table entries: 512 (order 0, 4096 bytes)
[STDERR  ] 2018-10-17T16:43:35.794363323Z: [    0.777210] FS-Cache: Loaded
[STDERR  ] 2018-10-17T16:43:35.794375898Z: [    0.780308] CacheFiles: Loaded
[STDERR  ] 2018-10-17T16:43:35.794390748Z: [    0.783491] pnp: PnP ACPI init
[STDERR  ] 2018-10-17T16:43:35.794402912Z: [    0.787951] pnp: PnP ACPI: found 5 devices
[STDERR  ] 2018-10-17T16:43:35.794414849Z: [    0.798590] clocksource: acpi_pm: mask: 0xffffff max_cycles: 0xffffff, max_idle_ns: 2085701024 ns
[STDERR  ] 2018-10-17T16:43:35.794427146Z: [    0.807551] NET: Registered protocol family 2
[STDERR  ] 2018-10-17T16:43:35.794438752Z: [    0.812242] TCP established hash table entries: 8192 (order: 4, 65536 bytes)
[STDERR  ] 2018-10-17T16:43:35.794450914Z: [    0.819344] TCP bind hash table entries: 8192 (order: 5, 131072 bytes)
[STDERR  ] 2018-10-17T16:43:35.794462844Z: [    0.826688] TCP: Hash tables configured (established 8192 bind 8192)
[STDERR  ] 2018-10-17T16:43:35.794478099Z: [    0.833350] UDP hash table entries: 512 (order: 2, 16384 bytes)
[STDERR  ] 2018-10-17T16:43:35.794490352Z: [    0.839353] UDP-Lite hash table entries: 512 (order: 2, 16384 bytes)
[STDERR  ] 2018-10-17T16:43:35.794502214Z: [    0.845944] NET: Registered protocol family 1
[STDERR  ] 2018-10-17T16:43:35.794515005Z: [    0.850660] pci 0000:00:01.0: Video device with shadowed ROM at [mem 0x000c0000-0x000dffff]
[STDERR  ] 2018-10-17T16:43:35.794527032Z: [    0.859471] Trying to unpack rootfs image as initramfs...
[STDERR  ] 2018-10-17T16:43:35.794538622Z: [    1.970391] Freeing initrd memory: 54428K
[STDERR  ] 2018-10-17T16:43:35.794550207Z: [    1.974658] clocksource: tsc: mask: 0xffffffffffffffff max_cycles: 0x2126eb9c3d0, max_idle_ns: 440795298770 ns
[STDERR  ] 2018-10-17T16:43:35.794565567Z: [    1.986222] PCLMULQDQ-NI instructions are not detected.
[STDERR  ] 2018-10-17T16:43:35.794577667Z: [    1.991588] AVX or AES-NI instructions are not detected.
[STDERR  ] 2018-10-17T16:43:35.794590117Z: [    1.997001] CPU feature 'AVX registers' is not supported.
[STDERR  ] 2018-10-17T16:43:35.794602089Z: [    2.002417] CPU feature 'AVX registers' is not supported.
[STDERR  ] 2018-10-17T16:43:35.794616362Z: [    2.007895] CPU feature 'AVX registers' is not supported.
[STDERR  ] 2018-10-17T16:43:35.794627945Z: [    2.013450] CPU feature 'AVX registers' is not supported.
[STDERR  ] 2018-10-17T16:43:35.794640597Z: [    2.018906] AVX2 or AES-NI instructions are not detected.
[STDERR  ] 2018-10-17T16:43:35.794651439Z: [    2.024330] AVX2 instructions are not detected.
[STDERR  ] 2018-10-17T16:43:35.794662240Z: [    2.029235] audit: initializing netlink subsys (disabled)
[STDERR  ] 2018-10-17T16:43:35.794673159Z: [    2.035177] audit: type=2000 audit(1539794600.144:1): state=initialized audit_enabled=0 res=1
[STDERR  ] 2018-10-17T16:43:35.794692216Z: [    2.043809] workingset: timestamp_bits=46 max_order=18 bucket_order=0
[STDERR  ] 2018-10-17T16:43:35.794703617Z: [    2.050673] squashfs: version 4.0 (2009/01/31) Phillip Lougher
[STDERR  ] 2018-10-17T16:43:35.794715367Z: [    2.056716] FS-Cache: Netfs 'cifs' registered for caching
[STDERR  ] 2018-10-17T16:43:35.794726533Z: [    2.065436] fuse init (API version 7.26)
[STDERR  ] 2018-10-17T16:43:35.794738068Z: [    2.069583] SGI XFS with ACLs, security attributes, no debug enabled
[STDERR  ] 2018-10-17T16:43:35.794749031Z: [    2.076233] 9p: Installing v9fs 9p2000 file system support
[STDERR  ] 2018-10-17T16:43:35.794761086Z: [    2.081803] FS-Cache: Netfs '9p' registered for caching
[STDERR  ] 2018-10-17T16:43:35.794772115Z: [    2.088449] NET: Registered protocol family 38
[STDERR  ] 2018-10-17T16:43:35.794784012Z: [    2.093000] Key type asymmetric registered
[STDERR  ] 2018-10-17T16:43:35.794794993Z: [    2.097240] Asymmetric key parser 'x509' registered
[STDERR  ] 2018-10-17T16:43:35.794806594Z: [    2.102195] Block layer SCSI generic (bsg) driver version 0.4 loaded (major 247)
[STDERR  ] 2018-10-17T16:43:35.794818389Z: [    2.109544] io scheduler noop registered
[STDERR  ] 2018-10-17T16:43:35.794834610Z: [    2.113741] io scheduler deadline registered (default)
[STDERR  ] 2018-10-17T16:43:35.794846938Z: [    2.119161] io scheduler cfq registered
[STDERR  ] 2018-10-17T16:43:35.794859081Z: [    2.123075] io scheduler mq-deadline registered
[STDERR  ] 2018-10-17T16:43:35.794872327Z: [    2.127670] io scheduler kyber registered
[STDERR  ] 2018-10-17T16:43:35.794884356Z: [    2.131880] shpchp: Standard Hot Plug PCI Controller Driver version: 0.4
[STDERR  ] 2018-10-17T16:43:35.794896014Z: [    2.138696] hv_vmbus: registering driver hyperv_fb
[STDERR  ] 2018-10-17T16:43:35.794907791Z: [    2.143731] input: Power Button as /devices/LNXSYSTM:00/LNXPWRBN:00/input/input0
[STDERR  ] 2018-10-17T16:43:35.794918827Z: [    2.151180] ACPI: Power Button [PWRF]
[STDERR  ] 2018-10-17T16:43:35.794930752Z: [    2.155802] ACPI: PCI Interrupt Link [GSIG] enabled at IRQ 22
[STDERR  ] 2018-10-17T16:43:35.794943675Z: [    2.168674] ACPI: PCI Interrupt Link [GSIH] enabled at IRQ 23
[STDERR  ] 2018-10-17T16:43:35.794955667Z: [    2.180874] Serial: 8250/16550 driver, 4 ports, IRQ sharing disabled
[STDERR  ] 2018-10-17T16:43:35.794968246Z: [    2.223959] 00:04: ttyS0 at I/O 0x3f8 (irq = 4, base_baud = 115200) is a 16550A
[STDERR  ] 2018-10-17T16:43:35.794979913Z: [    2.232294] Non-volatile memory driver v1.3
[STDERR  ] 2018-10-17T16:43:35.794991633Z: [    2.238626] Hangcheck: starting hangcheck timer 0.9.1 (tick is 180 seconds, margin is 60 seconds).
[STDERR  ] 2018-10-17T16:43:35.795006042Z: [    2.247731] random: fast init done
[STDERR  ] 2018-10-17T16:43:35.795017682Z: [    2.252357] random: crng init done
[STDERR  ] 2018-10-17T16:43:35.795032166Z: [    2.257146] brd: module loaded
[STDERR  ] 2018-10-17T16:43:35.795045645Z: [    2.262984] loop: module loaded
[STDERR  ] 2018-10-17T16:43:35.795094296Z: [    2.270403] lpc_ich 0000:00:1f.0: I/O space for GPIO uninitialized
[STDERR  ] 2018-10-17T16:43:35.795116963Z: [    2.276719] VMware PVSCSI driver - version 1.0.7.0-k
[STDERR  ] 2018-10-17T16:43:35.795129836Z: [    2.281793] hv_vmbus: registering driver hv_storvsc
[STDERR  ] 2018-10-17T16:43:35.795142272Z: [    2.287360] ACPI: PCI Interrupt Link [GSIA] enabled at IRQ 16
[STDERR  ] 2018-10-17T16:43:35.795155250Z: [    2.296884] ahci 0000:00:1f.2: AHCI 0001.0000 32 slots 6 ports 1.5 Gbps 0x3f impl SATA mode
[STDERR  ] 2018-10-17T16:43:35.795168078Z: [    2.305255] ahci 0000:00:1f.2: flags: 64bit ncq only 
[STDERR  ] 2018-10-17T16:43:35.795181190Z: [    2.314506] scsi host0: ahci
[STDERR  ] 2018-10-17T16:43:35.795193658Z: [    2.317640] scsi host1: ahci
[STDERR  ] 2018-10-17T16:43:35.795205163Z: [    2.320794] scsi host2: ahci
[STDERR  ] 2018-10-17T16:43:35.795217837Z: [    2.323942] scsi host3: ahci
[STDERR  ] 2018-10-17T16:43:35.795235352Z: [    2.327082] scsi host4: ahci
[STDERR  ] 2018-10-17T16:43:35.795249504Z: [    2.330183] scsi host5: ahci
[STDERR  ] 2018-10-17T16:43:35.795268322Z: [    2.333289] ata1: SATA max UDMA/133 abar m4096@0xfebd2000 port 0xfebd2100 irq 24
[STDERR  ] 2018-10-17T16:43:35.795281509Z: [    2.340685] ata2: SATA max UDMA/133 abar m4096@0xfebd2000 port 0xfebd2180 irq 24
[STDERR  ] 2018-10-17T16:43:35.795297882Z: [    2.348131] ata3: SATA max UDMA/133 abar m4096@0xfebd2000 port 0xfebd2200 irq 24
[STDERR  ] 2018-10-17T16:43:35.795310949Z: [    2.355439] ata4: SATA max UDMA/133 abar m4096@0xfebd2000 port 0xfebd2280 irq 24
[STDERR  ] 2018-10-17T16:43:35.795339708Z: [    2.362888] ata5: SATA max UDMA/133 abar m4096@0xfebd2000 port 0xfebd2300 irq 24
[STDERR  ] 2018-10-17T16:43:35.795352033Z: [    2.370331] ata6: SATA max UDMA/133 abar m4096@0xfebd2000 port 0xfebd2380 irq 24
[STDERR  ] 2018-10-17T16:43:35.795364478Z: [    2.380248] tun: Universal TUN/TAP device driver, 1.6
[STDERR  ] 2018-10-17T16:43:35.795381103Z: [    2.390748] VMware vmxnet3 virtual NIC driver - version 1.4.a.0-k-NAPI
[STDERR  ] 2018-10-17T16:43:35.795393469Z: [    2.397401] hv_vmbus: registering driver hv_netvsc
[STDERR  ] 2018-10-17T16:43:35.795405524Z: [    2.402660] Fusion MPT base driver 3.04.20
[STDERR  ] 2018-10-17T16:43:35.795417744Z: [    2.406805] Copyright (c) 1999-2008 LSI Corporation
[STDERR  ] 2018-10-17T16:43:35.795429858Z: [    2.411756] Fusion MPT SPI Host driver 3.04.20
[STDERR  ] 2018-10-17T16:43:35.795442000Z: [    2.416306] i8042: PNP: PS/2 Controller [PNP0303:KBD,PNP0f13:MOU] at 0x60,0x64 irq 1,12
[STDERR  ] 2018-10-17T16:43:35.795454748Z: [    2.428654] serio: i8042 KBD port at 0x60,0x64 irq 1
[STDERR  ] 2018-10-17T16:43:35.795467187Z: [    2.433700] serio: i8042 AUX port at 0x60,0x64 irq 12
[STDERR  ] 2018-10-17T16:43:35.795479182Z: [    2.438893] hv_vmbus: registering driver hyperv_keyboard
[STDERR  ] 2018-10-17T16:43:35.795492024Z: [    2.444342] mousedev: PS/2 mouse device common for all mice
[STDERR  ] 2018-10-17T16:43:35.795504104Z: [    2.451473] input: AT Translated Set 2 keyboard as /devices/platform/i8042/serio0/input/input1
[STDERR  ] 2018-10-17T16:43:35.795516646Z: [    2.460115] input: PC Speaker as /devices/platform/pcspkr/input/input2
[STDERR  ] 2018-10-17T16:43:35.795529247Z: [    2.466943] rtc_cmos 00:00: RTC can wake from S4
[STDERR  ] 2018-10-17T16:43:35.795543452Z: [    2.474206] rtc_cmos 00:00: rtc core: registered rtc_cmos as rtc0
[STDERR  ] 2018-10-17T16:43:35.795556152Z: [    2.481230] rtc_cmos 00:00: alarms up to one day, y3k, 114 bytes nvram, hpet irqs
[STDERR  ] 2018-10-17T16:43:35.795568236Z: [    2.488642] i2c /dev entries driver
[STDERR  ] 2018-10-17T16:43:35.795580169Z: [    2.492380] device-mapper: ioctl: 4.37.0-ioctl (2017-09-20) initialised: dm-devel@redhat.com
[STDERR  ] 2018-10-17T16:43:35.795592260Z: [    2.501641] usbcore: registered new interface driver usbhid
[STDERR  ] 2018-10-17T16:43:35.795605452Z: [    2.507250] usbhid: USB HID core driver
[STDERR  ] 2018-10-17T16:43:35.795617911Z: [    2.511231] hv_utils: Registering HyperV Utility Driver
[STDERR  ] 2018-10-17T16:43:35.795636348Z: [    2.516536] hv_vmbus: registering driver hv_util
[STDERR  ] 2018-10-17T16:43:35.795649135Z: [    2.521213] hv_vmbus: registering driver hv_balloon
[STDERR  ] 2018-10-17T16:43:35.795661655Z: [    2.526258] oprofile: using NMI interrupt.
[STDERR  ] 2018-10-17T16:43:35.795674298Z: [    2.530464] GACT probability on
[STDERR  ] 2018-10-17T16:43:35.795686072Z: [    2.534078] Mirror/redirect action on
[STDERR  ] 2018-10-17T16:43:35.795697698Z: [    2.537819] Simple TC action Loaded
[STDERR  ] 2018-10-17T16:43:35.795713973Z: [    2.541416] u32 classifier
[STDERR  ] 2018-10-17T16:43:35.795725826Z: [    2.544231]     Performance counters on
[STDERR  ] 2018-10-17T16:43:35.795738266Z: [    2.548115]     input device check on
[STDERR  ] 2018-10-17T16:43:35.795750430Z: [    2.551860]     Actions configured
[STDERR  ] 2018-10-17T16:43:35.795765238Z: [    2.555388] Netfilter messages via NETLINK v0.30.
[STDERR  ] 2018-10-17T16:43:35.795777424Z: [    2.560195] nfnl_acct: registering with nfnetlink.
[STDERR  ] 2018-10-17T16:43:35.795794164Z: [    2.565105] nf_conntrack version 0.5.0 (8192 buckets, 32768 max)
[STDERR  ] 2018-10-17T16:43:35.795806010Z: [    2.571170] ctnetlink v0.93: registering with nfnetlink.
[STDERR  ] 2018-10-17T16:43:35.795818166Z: [    2.576581] nf_tables: (c) 2007-2009 Patrick McHardy <kaber@trash.net>
[STDERR  ] 2018-10-17T16:43:35.795830337Z: [    2.583113] nf_tables_compat: (c) 2012 Pablo Neira Ayuso <pablo@netfilter.org>
[STDERR  ] 2018-10-17T16:43:35.795841762Z: [    2.591489] xt_time: kernel timezone is -0000
[STDERR  ] 2018-10-17T16:43:35.795856900Z: [    2.596149] ip_set: protocol 6
[STDERR  ] 2018-10-17T16:43:35.795868822Z: [    2.599536] ipip: IPv4 and MPLS over IPv4 tunneling driver
[STDERR  ] 2018-10-17T16:43:35.795881766Z: [    2.605441] gre: GRE over IPv4 demultiplexor driver
[STDERR  ] 2018-10-17T16:43:35.795894622Z: [    2.610648] ip_tables: (C) 2000-2006 Netfilter Core Team
[STDERR  ] 2018-10-17T16:43:35.795907377Z: [    2.616375] arp_tables: arp_tables: (C) 2002 David S. Miller
[STDERR  ] 2018-10-17T16:43:35.795920249Z: [    2.622368] NET: Registered protocol family 10
[STDERR  ] 2018-10-17T16:43:35.795932512Z: [    2.627664] Segment Routing with IPv6
[STDERR  ] 2018-10-17T16:43:35.795945127Z: [    2.631434] ip6_tables: (C) 2000-2006 Netfilter Core Team
[STDERR  ] 2018-10-17T16:43:35.795957358Z: [    2.637459] NET: Registered protocol family 17
[STDERR  ] 2018-10-17T16:43:35.795970342Z: [    2.642367] Bridge firewalling registered
[STDERR  ] 2018-10-17T16:43:35.795982997Z: [    2.646498] 8021q: 802.1Q VLAN Support v1.8
[STDERR  ] 2018-10-17T16:43:35.795995254Z: [    2.651097] 9pnet: Installing 9P2000 support
[STDERR  ] 2018-10-17T16:43:35.796007761Z: [    2.655561] Key type dns_resolver registered
[STDERR  ] 2018-10-17T16:43:35.796020299Z: [    2.660558] registered taskstats version 1
[STDERR  ] 2018-10-17T16:43:35.796032318Z: [    2.673674] Key type big_key registered
[STDERR  ] 2018-10-17T16:43:35.796044929Z: [    2.681804] Key type trusted registered
[STDERR  ] 2018-10-17T16:43:35.796057684Z: [    2.689928] Key type encrypted registered
[STDERR  ] 2018-10-17T16:43:35.796069724Z: [    2.694770] ata4: SATA link down (SStatus 0 SControl 300)
[STDERR  ] 2018-10-17T16:43:35.796082948Z: [    2.701244] ata3: SATA link up 1.5 Gbps (SStatus 113 SControl 300)
[STDERR  ] 2018-10-17T16:43:35.796098038Z: [    2.708624] ata2: SATA link down (SStatus 0 SControl 300)
[STDERR  ] 2018-10-17T16:43:35.796128140Z: [    2.715183] ata1: SATA link up 1.5 Gbps (SStatus 113 SControl 300)
[STDERR  ] 2018-10-17T16:43:35.796141142Z: [    2.722397] ata5: SATA link down (SStatus 0 SControl 300)
[STDERR  ] 2018-10-17T16:43:35.796153747Z: [    2.728685] ata6: SATA link down (SStatus 0 SControl 300)
[STDERR  ] 2018-10-17T16:43:35.796170964Z: [    2.734387] ima: No TPM chip found, activating TPM-bypass! (rc=-19)
[STDERR  ] 2018-10-17T16:43:35.796183763Z: [    2.740605] ata1.00: ATA-7: QEMU HARDDISK, 2.5+, max UDMA/100
[STDERR  ] 2018-10-17T16:43:35.796195730Z: [    2.746363] ata1.00: 1048576 sectors, multi 16: LBA48 NCQ (depth 31/32)
[STDERR  ] 2018-10-17T16:43:35.796212727Z: [    2.752909] ata1.00: applying bridge limits
[STDERR  ] 2018-10-17T16:43:35.796228011Z: [    2.757434] ata3.00: ATAPI: QEMU DVD-ROM, 2.5+, max UDMA/100
[STDERR  ] 2018-10-17T16:43:35.796240361Z: [    2.763133] ata3.00: applying bridge limits
[STDERR  ] 2018-10-17T16:43:35.796252610Z: [    2.767703] ima: Allocated hash algorithm: sha256
[STDERR  ] 2018-10-17T16:43:35.796265413Z: [    2.772607] evm: HMAC attrs: 0x1
[STDERR  ] 2018-10-17T16:43:35.796278761Z: [    2.776345] ata3.00: configured for UDMA/100
[STDERR  ] 2018-10-17T16:43:35.796291015Z: [    2.783223] rtc_cmos 00:00: setting system clock to 2018-10-17 16:43:21 UTC (1539794601)
[STDERR  ] 2018-10-17T16:43:35.796304152Z: [    2.792075] ata1.00: configured for UDMA/100
[STDERR  ] 2018-10-17T16:43:35.796323188Z: [    2.796501] scsi 0:0:0:0: Direct-Access     ATA      QEMU HARDDISK    2.5+ PQ: 0 ANSI: 5
[STDERR  ] 2018-10-17T16:43:35.796336013Z: [    2.806487] sd 0:0:0:0: [sda] 1048576 512-byte logical blocks: (537 MB/512 MiB)
[STDERR  ] 2018-10-17T16:43:35.796355390Z: [    2.813938] sd 0:0:0:0: Attached scsi generic sg0 type 0
[STDERR  ] 2018-10-17T16:43:35.796368544Z: [    2.819254] sd 0:0:0:0: [sda] Write Protect is off
[STDERR  ] 2018-10-17T16:43:35.796381946Z: [    2.824997] scsi 2:0:0:0: CD-ROM            QEMU     QEMU DVD-ROM     2.5+ PQ: 0 ANSI: 5
[STDERR  ] 2018-10-17T16:43:35.796394424Z: [    2.833236] sd 0:0:0:0: [sda] Write cache: enabled, read cache: enabled, doesn't support DPO or FUA
[STDERR  ] 2018-10-17T16:43:35.796407128Z: [    2.844545]  sda: sda1
[STDERR  ] 2018-10-17T16:43:35.796419992Z: [    2.847314] sd 0:0:0:0: [sda] Attached SCSI disk
[STDERR  ] 2018-10-17T16:43:35.796432458Z: [    2.858609] sr 2:0:0:0: [sr0] scsi3-mmc drive: 4x/4x cd/rw xa/form2 tray
[STDERR  ] 2018-10-17T16:43:35.796444586Z: [    2.865663] cdrom: Uniform CD-ROM driver Revision: 3.20
[STDERR  ] 2018-10-17T16:43:35.796456579Z: [    2.871513] sr 2:0:0:0: Attached scsi generic sg1 type 5
[STDERR  ] 2018-10-17T16:43:35.796468636Z: [    2.879070] Freeing unused kernel memory: 1512K
[STDERR  ] 2018-10-17T16:43:35.796480879Z: [    2.885141] Write protecting the kernel read-only data: 18432k
[STDERR  ] 2018-10-17T16:43:35.796493423Z: [    2.892283] Freeing unused kernel memory: 2024K
[STDERR  ] 2018-10-17T16:43:35.796505356Z: [    2.899783] Freeing unused kernel memory: 1132K
[STDERR  ] 2018-10-17T16:43:35.796517465Z: 
[STDERR  ] 2018-10-17T16:43:35.796530406Z: Welcome to LinuxKit
[STDERR  ] 2018-10-17T16:43:35.796542940Z: 
[STDERR  ] 2018-10-17T16:43:35.796554746Z:                         ##         .
[STDERR  ] 2018-10-17T16:43:35.796567695Z:                   ## ## ##        ==
[STDERR  ] 2018-10-17T16:43:35.796580078Z:                ## ## ## ## ##    ===
[STDERR  ] 2018-10-17T16:43:35.796592003Z:            /"""""""""""""""""\___/ ===
[STDERR  ] 2018-10-17T16:43:35.796604363Z:           {                       /  ===-
[STDERR  ] 2018-10-17T16:43:35.796617015Z:            \______ O           __/
[STDERR  ] 2018-10-17T16:43:35.796629755Z:              \    \         __/
[STDERR  ] 2018-10-17T16:43:35.796642329Z:               \____\_______/
[STDERR  ] 2018-10-17T16:43:35.796655203Z: 
[STDERR  ] 2018-10-17T16:43:35.796667305Z: [    3.924068] raid6: sse2x1   gen()  7613 MB/s
[STDERR  ] 2018-10-17T16:43:35.796679688Z: [    3.945069] raid6: sse2x1   xor()  5613 MB/s
[STDERR  ] 2018-10-17T16:43:35.796691884Z: [    3.966074] raid6: sse2x2   gen()  9820 MB/s
[STDERR  ] 2018-10-17T16:43:35.796704128Z: [    3.987067] raid6: sse2x2   xor()  6890 MB/s
[STDERR  ] 2018-10-17T16:43:35.796718919Z: [    4.008068] raid6: sse2x4   gen() 11257 MB/s
[STDERR  ] 2018-10-17T16:43:35.796730918Z: [    4.029067] raid6: sse2x4   xor()  7730 MB/s
[STDERR  ] 2018-10-17T16:43:35.796743532Z: [    4.033449] raid6: using algorithm sse2x4 gen() 11257 MB/s
[STDERR  ] 2018-10-17T16:43:35.796755552Z: [    4.039168] raid6: .... xor() 7730 MB/s, rmw enabled
[STDERR  ] 2018-10-17T16:43:35.796767524Z: [    4.044206] raid6: using intx1 recovery algorithm
[STDERR  ] 2018-10-17T16:43:35.796783390Z: [    4.054371] xor: measuring software checksum speed
[STDERR  ] 2018-10-17T16:43:35.796796964Z: [    4.071062]    prefetch64-sse: 13560.000 MB/sec
[STDERR  ] 2018-10-17T16:43:35.796808879Z: [    4.085065]    generic_sse: 12864.000 MB/sec
[STDERR  ] 2018-10-17T16:43:35.796825707Z: [    4.089446] xor: using function: prefetch64-sse (13560.000 MB/sec)
[STDERR  ] 2018-10-17T16:43:35.796838284Z: [    4.121772] Btrfs loaded, crc32c=crc32c-generic
[STDERR  ] 2018-10-17T16:43:35.796850504Z: [    4.455800]  sda:
[STDERR  ] 2018-10-17T16:43:35.796862219Z: [    4.464367]  sda:
[STDERR  ] 2018-10-17T16:43:35.796874644Z: [    4.736381]  sda: sda1
[STDERR  ] 2018-10-17T16:43:35.796886618Z: [    4.996259]  sda: sda1
[STDERR  ] 2018-10-17T16:43:35.796898737Z: [    5.003476]  sda: sda1
[STDERR  ] 2018-10-17T16:43:35.796910897Z: [    6.044682] BTRFS: device fsid 07d162a3-6f1a-49cb-824b-6166f865bdea devid 1 transid 6 /dev/sda1
[STDERR  ] 2018-10-17T16:43:35.796923098Z: [    6.054399] BTRFS info (device sda1): disk space caching is enabled
[STDERR  ] 2018-10-17T16:43:35.796938648Z: [    6.060735] BTRFS info (device sda1): has skinny extents
[STDERR  ] 2018-10-17T16:43:35.796951083Z: [    6.072867] BTRFS info (device sda1): new size for /dev/sda1 is 535822336
[STDERR  ] 2018-10-17T16:43:35.796962975Z: 2018/10/17 16:43:24 Successfully resized /dev/sda
[STDERR  ] 2018-10-17T16:43:35.796975484Z: [    6.198384] FAT-fs (sda1): utf8 is not a recommended IO charset for FAT filesystems, filesystem will be case sensitive!
[STDERR  ] 2018-10-17T16:43:35.796988493Z: [    6.209792] FAT-fs (sda1): utf8 is not a recommended IO charset for FAT filesystems, filesystem will be case sensitive!
[STDERR  ] 2018-10-17T16:43:35.797000404Z: [    6.221215] mount: sending ioctl 5310 to a partition!
[STDERR  ] 2018-10-17T16:43:35.797012414Z: [    6.260325] mount: sending ioctl 5310 to a partition!
[STDERR  ] 2018-10-17T16:43:35.797024665Z: [    6.269648] BTRFS info (device sda1): disk space caching is enabled
[STDERR  ] 2018-10-17T16:43:35.797036902Z: [    6.276010] BTRFS info (device sda1): has skinny extents
[STDERR  ] 2018-10-17T16:43:35.797049188Z: extend test suite PASSED
[STDERR  ] 2018-10-17T16:43:35.797061701Z: + '[' -f /var/lib/docker/bar ]
[STDERR  ] 2018-10-17T16:43:35.797073709Z: + touch /var/lib/docker/foo
[STDERR  ] 2018-10-17T16:43:35.797086430Z: + grep -qE '[4-5][0-9]{2}\.[0-9]{1,}M'
[STDERR  ] 2018-10-17T16:43:35.797098667Z: + df -h
[STDERR  ] 2018-10-17T16:43:35.797121644Z: + printf 'extend test suite PASSED\n'
[STDERR  ] 2018-10-17T16:43:35.797134297Z: [   16.555098] sd 0:0:0:0: [sda] Synchronizing SCSI cache
[STDERR  ] 2018-10-17T16:43:35.797146526Z: [   16.560630] sd 0:0:0:0: [sda] Stopping disk
[STDERR  ] 2018-10-17T16:43:35.797159092Z: [   16.565969] ACPI: Preparing to enter system sleep state S5
[STDERR  ] 2018-10-17T16:43:35.797171254Z: [   16.571719] reboot: Power down
[STDERR  ] 2018-10-17T16:43:35.797186432Z: + echo [    0.000000] Linux version 4.14.74-linuxkit (root@50993055c1cc) (gcc version 6.4.0 (Alpine 6.4.0)) #1 SMP Fri Oct 5 20:19:37 UTC 2018
[STDERR  ] 2018-10-17T16:43:35.797199778Z: [    0.000000] Command line: console=ttyS0 console=ttyAMA0
[STDERR  ] 2018-10-17T16:43:35.797212796Z: [    0.000000] x86/fpu: x87 FPU will use FXSAVE
[STDERR  ] 2018-10-17T16:43:35.797225523Z: [    0.000000] e820: BIOS-provided physical RAM map:
[STDERR  ] 2018-10-17T16:43:35.797238122Z: [    0.000000] BIOS-e820: [mem 0x0000000000000000-0x000000000009fbff] usable
[STDERR  ] 2018-10-17T16:43:35.797251266Z: [    0.000000] BIOS-e820: [mem 0x000000000009fc00-0x000000000009ffff] reserved
[STDERR  ] 2018-10-17T16:43:35.797266211Z: [    0.000000] BIOS-e820: [mem 0x00000000000f0000-0x00000000000fffff] reserved
[STDERR  ] 2018-10-17T16:43:35.797278250Z: [    0.000000] BIOS-e820: [mem 0x0000000000100000-0x000000003ffdefff] usable
[STDERR  ] 2018-10-17T16:43:35.797290516Z: [    0.000000] BIOS-e820: [mem 0x000000003ffdf000-0x000000003fffffff] reserved
[STDERR  ] 2018-10-17T16:43:35.797308866Z: [    0.000000] BIOS-e820: [mem 0x00000000b0000000-0x00000000bfffffff] reserved
[STDERR  ] 2018-10-17T16:43:35.797327958Z: [    0.000000] BIOS-e820: [mem 0x00000000fed1c000-0x00000000fed1ffff] reserved
[STDERR  ] 2018-10-17T16:43:35.797340121Z: [    0.000000] BIOS-e820: [mem 0x00000000feffc000-0x00000000feffffff] reserved
[STDERR  ] 2018-10-17T16:43:35.797352490Z: [    0.000000] BIOS-e820: [mem 0x00000000fffc0000-0x00000000ffffffff] reserved
[STDERR  ] 2018-10-17T16:43:35.797364248Z: [    0.000000] NX (Execute Disable) protection: active
[STDERR  ] 2018-10-17T16:43:35.797376666Z: [    0.000000] SMBIOS 2.8 present.
[STDERR  ] 2018-10-17T16:43:35.797389599Z: [    0.000000] DMI: QEMU Standard PC (Q35 + ICH9, 2009), BIOS 1.10.2-1 04/01/2014
[STDERR  ] 2018-10-17T16:43:35.797401914Z: [    0.000000] Hypervisor detected: KVM
[STDERR  ] 2018-10-17T16:43:35.797414360Z: [    0.000000] tsc: Fast TSC calibration failed
[STDERR  ] 2018-10-17T16:43:35.797429846Z: [    0.000000] tsc: Unable to calibrate against PIT
[STDERR  ] 2018-10-17T16:43:35.797441857Z: [    0.000000] tsc: No reference (HPET/PMTIMER) available
[STDERR  ] 2018-10-17T16:43:35.797457292Z: [    0.000000] e820: last_pfn = 0x3ffdf max_arch_pfn = 0x400000000
[STDERR  ] 2018-10-17T16:43:35.797469868Z: [    0.000000] x86/PAT: PAT not supported by CPU.
[STDERR  ] 2018-10-17T16:43:35.797482265Z: [    0.000000] x86/PAT: Configuration [0-7]: WB  WT  UC- UC  WB  WT  UC- UC  
[STDERR  ] 2018-10-17T16:43:35.797494638Z: [    0.000000] found SMP MP-table at [mem 0x000f6a90-0x000f6a9f] mapped at [ffffffffff200a90]
[STDERR  ] 2018-10-17T16:43:35.797509189Z: [    0.000000] RAMDISK: [mem 0x3caa9000-0x3ffcffff]
[STDERR  ] 2018-10-17T16:43:35.797521418Z: [    0.000000] ACPI: Early table checksum verification disabled
[STDERR  ] 2018-10-17T16:43:35.797533460Z: [    0.000000] ACPI: RSDP 0x00000000000F68D0 000014 (v00 BOCHS )
[STDERR  ] 2018-10-17T16:43:35.797548653Z: [    0.000000] ACPI: RSDT 0x000000003FFE2404 000034 (v01 BOCHS  BXPCRSDT 00000001 BXPC 00000001)
[STDERR  ] 2018-10-17T16:43:35.797561123Z: [    0.000000] ACPI: FACP 0x000000003FFE22A4 000074 (v01 BOCHS  BXPCFACP 00000001 BXPC 00000001)
[STDERR  ] 2018-10-17T16:43:35.797573218Z: [    0.000000] ACPI: DSDT 0x000000003FFE0040 002264 (v01 BOCHS  BXPCDSDT 00000001 BXPC 00000001)
[STDERR  ] 2018-10-17T16:43:35.797585753Z: [    0.000000] ACPI: FACS 0x000000003FFE0000 000040
[STDERR  ] 2018-10-17T16:43:35.797597667Z: [    0.000000] ACPI: APIC 0x000000003FFE2318 000078 (v01 BOCHS  BXPCAPIC 00000001 BXPC 00000001)
[STDERR  ] 2018-10-17T16:43:35.797610077Z: [    0.000000] ACPI: HPET 0x000000003FFE2390 000038 (v01 BOCHS  BXPCHPET 00000001 BXPC 00000001)
[STDERR  ] 2018-10-17T16:43:35.797622892Z: [    0.000000] ACPI: MCFG 0x000000003FFE23C8 00003C (v01 BOCHS  BXPCMCFG 00000001 BXPC 00000001)
[STDERR  ] 2018-10-17T16:43:35.797635311Z: [    0.000000] kvm-clock: Using msrs 4b564d01 and 4b564d00
[STDERR  ] 2018-10-17T16:43:35.797647801Z: [    0.000000] kvm-clock: cpu 0, msr 0:3ffdd001, primary cpu clock
[STDERR  ] 2018-10-17T16:43:35.797659877Z: [    0.000000] clocksource: kvm-clock: mask: 0xffffffffffffffff max_cycles: 0x1cd42e4dffb, max_idle_ns: 881590591483 ns
[STDERR  ] 2018-10-17T16:43:35.797676525Z: [    0.000000] Zone ranges:
[STDERR  ] 2018-10-17T16:43:35.797689646Z: [    0.000000]   DMA      [mem 0x0000000000001000-0x0000000000ffffff]
[STDERR  ] 2018-10-17T16:43:35.797704312Z: [    0.000000]   DMA32    [mem 0x0000000001000000-0x000000003ffdefff]
[STDERR  ] 2018-10-17T16:43:35.797716742Z: [    0.000000]   Normal   empty
[STDERR  ] 2018-10-17T16:43:35.797730075Z: [    0.000000]   Device   empty
[STDERR  ] 2018-10-17T16:43:35.797742986Z: [    0.000000] Movable zone start for each node
[STDERR  ] 2018-10-17T16:43:35.797755386Z: [    0.000000] Early memory node ranges
[STDERR  ] 2018-10-17T16:43:35.797768021Z: [    0.000000]   node   0: [mem 0x0000000000001000-0x000000000009efff]
[STDERR  ] 2018-10-17T16:43:35.797782822Z: [    0.000000]   node   0: [mem 0x0000000000100000-0x000000003ffdefff]
[STDERR  ] 2018-10-17T16:43:35.797798527Z: [    0.000000] Initmem setup node 0 [mem 0x0000000000001000-0x000000003ffdefff]
[STDERR  ] 2018-10-17T16:43:35.797810820Z: [    0.000000] ACPI: PM-Timer IO Port: 0x608
[STDERR  ] 2018-10-17T16:43:35.797822928Z: [    0.000000] ACPI: LAPIC_NMI (acpi_id[0xff] dfl dfl lint[0x1])
[STDERR  ] 2018-10-17T16:43:35.797835082Z: [    0.000000] IOAPIC[0]: apic_id 0, version 17, address 0xfec00000, GSI 0-23
[STDERR  ] 2018-10-17T16:43:35.797847022Z: [    0.000000] ACPI: INT_SRC_OVR (bus 0 bus_irq 0 global_irq 2 dfl dfl)
[STDERR  ] 2018-10-17T16:43:35.797859380Z: [    0.000000] ACPI: INT_SRC_OVR (bus 0 bus_irq 5 global_irq 5 high level)
[STDERR  ] 2018-10-17T16:43:35.797871714Z: [    0.000000] ACPI: INT_SRC_OVR (bus 0 bus_irq 9 global_irq 9 high level)
[STDERR  ] 2018-10-17T16:43:35.797883610Z: [    0.000000] ACPI: INT_SRC_OVR (bus 0 bus_irq 10 global_irq 10 high level)
[STDERR  ] 2018-10-17T16:43:35.797897423Z: [    0.000000] ACPI: INT_SRC_OVR (bus 0 bus_irq 11 global_irq 11 high level)
[STDERR  ] 2018-10-17T16:43:35.797909812Z: [    0.000000] Using ACPI (MADT) for SMP configuration information
[STDERR  ] 2018-10-17T16:43:35.797925581Z: [    0.000000] ACPI: HPET id: 0x8086a201 base: 0xfed00000
[STDERR  ] 2018-10-17T16:43:35.797937591Z: [    0.000000] smpboot: Allowing 1 CPUs, 0 hotplug CPUs
[STDERR  ] 2018-10-17T16:43:35.797953036Z: [    0.000000] e820: [mem 0x40000000-0xafffffff] available for PCI devices
[STDERR  ] 2018-10-17T16:43:35.797968261Z: [    0.000000] Booting paravirtualized kernel on KVM
[STDERR  ] 2018-10-17T16:43:35.797980453Z: [    0.000000] clocksource: refined-jiffies: mask: 0xffffffff max_cycles: 0xffffffff, max_idle_ns: 1910969940391419 ns
[STDERR  ] 2018-10-17T16:43:35.797993423Z: [    0.000000] random: get_random_bytes called from start_kernel+0x92/0x4cb with crng_init=0
[STDERR  ] 2018-10-17T16:43:35.798006530Z: [    0.000000] setup_percpu: NR_CPUS:128 nr_cpumask_bits:128 nr_cpu_ids:1 nr_node_ids:1
[STDERR  ] 2018-10-17T16:43:35.798018960Z: [    0.000000] percpu: Embedded 45 pages/cpu @ffff8eb77c800000 s144280 r8192 d31848 u2097152
[STDERR  ] 2018-10-17T16:43:35.798033647Z: [    0.000000] KVM setup async PF for cpu 0
[STDERR  ] 2018-10-17T16:43:35.798046467Z: [    0.000000] kvm-stealtime: cpu 0, msr 3c815f40
[STDERR  ] 2018-10-17T16:43:35.798058691Z: [    0.000000] Built 1 zonelists, mobility grouping on.  Total pages: 257896
[STDERR  ] 2018-10-17T16:43:35.798070853Z: [    0.000000] Kernel command line: console=ttyS0 console=ttyAMA0
[STDERR  ] 2018-10-17T16:43:35.798083311Z: [    0.000000] PID hash table entries: 4096 (order: 3, 32768 bytes)
[STDERR  ] 2018-10-17T16:43:35.798096090Z: [    0.000000] Dentry cache hash table entries: 131072 (order: 8, 1048576 bytes)
[STDERR  ] 2018-10-17T16:43:35.798118055Z: [    0.000000] Inode-cache hash table entries: 65536 (order: 7, 524288 bytes)
[STDERR  ] 2018-10-17T16:43:35.798131079Z: [    0.000000] Memory: 950448K/1048052K available (12300K kernel code, 1452K rwdata, 2964K rodata, 1512K init, 580K bss, 97604K reserved, 0K cma-reserved)
[STDERR  ] 2018-10-17T16:43:35.798144750Z: [    0.000000] Kernel/User page tables isolation: enabled
[STDERR  ] 2018-10-17T16:43:35.798157714Z: [    0.000000] ftrace: allocating 40636 entries in 159 pages
[STDERR  ] 2018-10-17T16:43:35.798170300Z: [    0.001000] Hierarchical RCU implementation.
[STDERR  ] 2018-10-17T16:43:35.798183081Z: [    0.001000] 	RCU restricting CPUs from NR_CPUS=128 to nr_cpu_ids=1.
[STDERR  ] 2018-10-17T16:43:35.798195429Z: [    0.001000] RCU: Adjusting geometry for rcu_fanout_leaf=16, nr_cpu_ids=1
[STDERR  ] 2018-10-17T16:43:35.798207727Z: [    0.001000] NR_IRQS: 8448, nr_irqs: 256, preallocated irqs: 16
[STDERR  ] 2018-10-17T16:43:35.798219961Z: [    0.001000] Console: colour VGA+ 80x25
[STDERR  ] 2018-10-17T16:43:35.798318549Z: [    0.001000] console [ttyS0] enabled
[STDERR  ] 2018-10-17T16:43:35.798331840Z: [    0.001000] clocksource: hpet: mask: 0xffffffff max_cycles: 0xffffffff, max_idle_ns: 19112604467 ns
[STDERR  ] 2018-10-17T16:43:35.798344759Z: [    0.001025] tsc: Detected 2299.922 MHz processor
[STDERR  ] 2018-10-17T16:43:35.798363337Z: [    0.002028] Calibrating delay loop (skipped) preset value.. 4599.84 BogoMIPS (lpj=2299922)
[STDERR  ] 2018-10-17T16:43:35.798376079Z: [    0.003027] pid_max: default: 32768 minimum: 301
[STDERR  ] 2018-10-17T16:43:35.798388393Z: [    0.004049] ACPI: Core revision 20170728
[STDERR  ] 2018-10-17T16:43:35.798400851Z: [    0.006343] ACPI: 1 ACPI AML tables successfully acquired and loaded
[STDERR  ] 2018-10-17T16:43:35.798412889Z: [    0.007112] Security Framework initialized
[STDERR  ] 2018-10-17T16:43:35.798425249Z: [    0.009033] Yama: becoming mindful.
[STDERR  ] 2018-10-17T16:43:35.798437334Z: [    0.010088] Mount-cache hash table entries: 2048 (order: 2, 16384 bytes)
[STDERR  ] 2018-10-17T16:43:35.798449746Z: [    0.011036] Mountpoint-cache hash table entries: 2048 (order: 2, 16384 bytes)
[STDERR  ] 2018-10-17T16:43:35.798462118Z: [    0.014065] Last level iTLB entries: 4KB 0, 2MB 0, 4MB 0
[STDERR  ] 2018-10-17T16:43:35.798476785Z: [    0.015028] Last level dTLB entries: 4KB 0, 2MB 0, 4MB 0, 1GB 0
[STDERR  ] 2018-10-17T16:43:35.798493119Z: [    0.016029] Spectre V2 : Mitigation: Full generic retpoline
[STDERR  ] 2018-10-17T16:43:35.798505552Z: [    0.017026] Spectre V2 : Spectre v2 / SpectreRSB mitigation: Filling RSB on context switch
[STDERR  ] 2018-10-17T16:43:35.798518386Z: [    0.018027] Speculative Store Bypass: Vulnerable
[STDERR  ] 2018-10-17T16:43:35.798531103Z: [    0.025645] Freeing SMP alternatives memory: 20K
[STDERR  ] 2018-10-17T16:43:35.798543329Z: [    0.027074] smpboot: Max logical packages: 1
[STDERR  ] 2018-10-17T16:43:35.798555389Z: [    0.030852] x2apic enabled
[STDERR  ] 2018-10-17T16:43:35.798567685Z: [    0.031026] Switched APIC routing to physical x2apic.
[STDERR  ] 2018-10-17T16:43:35.798579771Z: [    0.044000] ..TIMER: vector=0x30 apic1=0 pin1=2 apic2=-1 pin2=-1
[STDERR  ] 2018-10-17T16:43:35.798591980Z: [    0.044000] smpboot: CPU0: Intel QEMU Virtual CPU version 2.5+ (family: 0x6, model: 0x6, stepping: 0x3)
[STDERR  ] 2018-10-17T16:43:35.798604450Z: [    0.044125] Performance Events: PMU not available due to virtualization, using software events only.
[STDERR  ] 2018-10-17T16:43:35.798616980Z: [    0.047202] Hierarchical SRCU implementation.
[STDERR  ] 2018-10-17T16:43:35.798629061Z: [    0.048123] NMI watchdog: Perf event create on CPU 0 failed with -2
[STDERR  ] 2018-10-17T16:43:35.798641191Z: [    0.049009] NMI watchdog: Perf NMI watchdog permanently disabled
[STDERR  ] 2018-10-17T16:43:35.798653587Z: [    0.051061] smp: Bringing up secondary CPUs ...
[STDERR  ] 2018-10-17T16:43:35.798665754Z: [    0.052006] smp: Brought up 1 node, 1 CPU
[STDERR  ] 2018-10-17T16:43:35.798678131Z: [    0.053007] smpboot: Total of 1 processors activated (4599.84 BogoMIPS)
[STDERR  ] 2018-10-17T16:43:35.798693468Z: [    0.057202] devtmpfs: initialized
[STDERR  ] 2018-10-17T16:43:35.798705980Z: [    0.058116] x86/mm: Memory block size: 128MB
[STDERR  ] 2018-10-17T16:43:35.798718314Z: [    0.059223] evm: security.ima
[STDERR  ] 2018-10-17T16:43:35.798730690Z: [    0.060005] evm: security.capability
[STDERR  ] 2018-10-17T16:43:35.798745483Z: [    0.062057] clocksource: jiffies: mask: 0xffffffff max_cycles: 0xffffffff, max_idle_ns: 1911260446275000 ns
[STDERR  ] 2018-10-17T16:43:35.798757789Z: [    0.063015] futex hash table entries: 256 (order: 2, 16384 bytes)
[STDERR  ] 2018-10-17T16:43:35.798770253Z: [    0.064229] NET: Registered protocol family 16
[STDERR  ] 2018-10-17T16:43:35.798782658Z: [    0.065203] cpuidle: using governor ladder
[STDERR  ] 2018-10-17T16:43:35.798795404Z: [    0.066007] cpuidle: using governor menu
[STDERR  ] 2018-10-17T16:43:35.798807858Z: [    0.067124] ACPI: bus type PCI registered
[STDERR  ] 2018-10-17T16:43:35.798823776Z: [    0.069063] PCI: MMCONFIG for domain 0000 [bus 00-ff] at [mem 0xb0000000-0xbfffffff] (base 0xb0000000)
[STDERR  ] 2018-10-17T16:43:35.798838793Z: [    0.070011] PCI: MMCONFIG at [mem 0xb0000000-0xbfffffff] reserved in E820
[STDERR  ] 2018-10-17T16:43:35.798851018Z: [    0.071023] PCI: Using configuration type 1 for base access
[STDERR  ] 2018-10-17T16:43:35.798866944Z: [    0.074247] HugeTLB registered 2.00 MiB page size, pre-allocated 0 pages
[STDERR  ] 2018-10-17T16:43:35.798879185Z: [    0.076196] ACPI: Added _OSI(Module Device)
[STDERR  ] 2018-10-17T16:43:35.798898823Z: [    0.077013] ACPI: Added _OSI(Processor Device)
[STDERR  ] 2018-10-17T16:43:35.798911002Z: [    0.078007] ACPI: Added _OSI(3.0 _SCP Extensions)
[STDERR  ] 2018-10-17T16:43:35.798923922Z: [    0.079008] ACPI: Added _OSI(Processor Aggregator Device)
[STDERR  ] 2018-10-17T16:43:35.798936241Z: [    0.084179] ACPI: Interpreter enabled
[STDERR  ] 2018-10-17T16:43:35.798948851Z: [    0.085015] ACPI: (supports S0 S5)
[STDERR  ] 2018-10-17T16:43:35.798961231Z: [    0.086006] ACPI: Using IOAPIC for interrupt routing
[STDERR  ] 2018-10-17T16:43:35.798973474Z: [    0.087057] PCI: Using host bridge windows from ACPI; if necessary, use "pci=nocrs" and report a bug
[STDERR  ] 2018-10-17T16:43:35.798986428Z: [    0.088448] ACPI: Enabled 2 GPEs in block 00 to 3F
[STDERR  ] 2018-10-17T16:43:35.798998657Z: [    0.094122] ACPI: PCI Root Bridge [PCI0] (domain 0000 [bus 00-ff])
[STDERR  ] 2018-10-17T16:43:35.799016068Z: [    0.095019] acpi PNP0A08:00: _OSC: OS supports [ExtendedConfig ASPM ClockPM Segments MSI]
[STDERR  ] 2018-10-17T16:43:35.799029106Z: [    0.096143] acpi PNP0A08:00: _OSC: OS now controls [PCIeHotplug PME PCIeCapability]
[STDERR  ] 2018-10-17T16:43:35.799041381Z: [    0.097076] PCI host bridge to bus 0000:00
[STDERR  ] 2018-10-17T16:43:35.799608677Z: [    0.098010] pci_bus 0000:00: root bus resource [io  0x0000-0x0cf7 window]
