[INFO    ] 2019-09-08T20:06:15.545703981Z: Running Test linuxkit.kernel.kmod_5.1.x in /tmp/build/test/cases/020_kernel/018_kmod_5.1.x
[INFO    ] 2019-09-08T20:06:15.545874399Z: Running command: [/bin/sh -x /tmp/build/test/cases/020_kernel/018_kmod_5.1.x/test.sh]
[STDERR  ] 2019-09-08T20:06:15.574376278Z: + set -e
[STDERR  ] 2019-09-08T20:06:15.574483963Z: + . /tmp/build/test/cases/_lib/lib.sh
[STDERR  ] 2019-09-08T20:06:15.574503542Z: + [ -f src/github.com/linuxkit/rtf/lib/lib.sh ]
[STDERR  ] 2019-09-08T20:06:15.574517448Z: + LINUXKIT_TMPDIR=/tmp/build/test/cases/_tmp
[STDERR  ] 2019-09-08T20:06:15.574540007Z: + [ -f /tmp/build/test/cases/_tmp/env.sh ]
[STDERR  ] 2019-09-08T20:06:15.574552623Z: + . /tmp/build/test/cases/_tmp/env.sh
[STDERR  ] 2019-09-08T20:06:15.574564778Z: + export LINUXKIT_EXAMPLES_DIR=/tmp/build/test/cases/../../examples
[STDERR  ] 2019-09-08T20:06:15.574580025Z: + RT_CANCEL=253
[STDERR  ] 2019-09-08T20:06:15.574597716Z: + NAME=kmod
[STDERR  ] 2019-09-08T20:06:15.574612431Z: + IMAGE_NAME=kmod-test
[STDERR  ] 2019-09-08T20:06:15.574628056Z: + trap clean_up EXIT
[STDERR  ] 2019-09-08T20:06:15.574642939Z: + docker pull linuxkit/kernel:5.1.15
[STDOUT  ] 2019-09-08T20:06:16.730265836Z: 5.1.15: Pulling from linuxkit/kernel
[STDOUT  ] 2019-09-08T20:06:17.130261782Z: Digest: sha256:49ef0638b71b87e54492e72ef014546172879c85180fb4f54f13b05887ba6283
[STDOUT  ] 2019-09-08T20:06:17.135011894Z: Status: Downloaded newer image for linuxkit/kernel:5.1.15
[STDERR  ] 2019-09-08T20:06:17.137156786Z: + docker build -t kmod-test .
[STDOUT  ] 2019-09-08T20:06:17.229403291Z: Sending build context to Docker daemon  8.704kB
[STDOUT  ] 2019-09-08T20:06:17.357806480Z: Step 1/12 : FROM linuxkit/kernel:5.1.15 AS ksrc
[STDOUT  ] 2019-09-08T20:06:17.358216253Z:  ---> e634f1107c26
[STDOUT  ] 2019-09-08T20:06:17.358276527Z: Step 2/12 : FROM linuxkit/alpine:86cd4f51b49fb9a078b50201d892a3c7973d48ec AS build
[STDOUT  ] 2019-09-08T20:06:17.358846036Z:  ---> 859b94cde25f
[STDOUT  ] 2019-09-08T20:06:17.358964526Z: Step 3/12 : RUN apk add build-base elfutils-dev
[STDOUT  ] 2019-09-08T20:06:17.359468368Z:  ---> Using cache
[STDOUT  ] 2019-09-08T20:06:17.359493138Z:  ---> 59987e021b7c
[STDOUT  ] 2019-09-08T20:06:17.359503451Z: Step 4/12 : COPY --from=ksrc /kernel-dev.tar /
[STDOUT  ] 2019-09-08T20:06:18.536292015Z:  ---> 07697a07a2d8
[STDOUT  ] 2019-09-08T20:06:18.536361241Z: Step 5/12 : RUN tar xf kernel-dev.tar
[STDOUT  ] 2019-09-08T20:06:18.583447528Z:  ---> Running in 610bee25dd07
[STDOUT  ] 2019-09-08T20:06:26.268837657Z: Removing intermediate container 610bee25dd07
[STDOUT  ] 2019-09-08T20:06:26.268962470Z:  ---> 3bfe2eff29c1
[STDOUT  ] 2019-09-08T20:06:26.269040299Z: Step 6/12 : WORKDIR /kmod
[STDOUT  ] 2019-09-08T20:06:26.344432827Z:  ---> Running in 36631a460097
[STDOUT  ] 2019-09-08T20:06:26.489417895Z: Removing intermediate container 36631a460097
[STDOUT  ] 2019-09-08T20:06:26.489571636Z:  ---> 0887e7576b73
[STDOUT  ] 2019-09-08T20:06:26.489656445Z: Step 7/12 : COPY ./src/* ./
[STDOUT  ] 2019-09-08T20:06:26.771633733Z:  ---> 22f4f9ebd63b
[STDOUT  ] 2019-09-08T20:06:26.771767060Z: Step 8/12 : RUN make all
[STDOUT  ] 2019-09-08T20:06:26.828525400Z:  ---> Running in b7355ff8ef61
[STDOUT  ] 2019-09-08T20:06:27.137898484Z: make -C /usr/src/linux-headers-5.1.15-linuxkit M=/kmod modules
[STDOUT  ] 2019-09-08T20:06:27.142207889Z: make[1]: Entering directory '/usr/src/linux-headers-5.1.15-linuxkit'
[STDOUT  ] 2019-09-08T20:06:28.332768485Z:   CC [M]  /kmod/hello_world.o
[STDOUT  ] 2019-09-08T20:06:28.611756157Z:   Building modules, stage 2.
[STDOUT  ] 2019-09-08T20:06:28.619909860Z:   MODPOST 1 modules
[STDOUT  ] 2019-09-08T20:06:28.636261497Z:   CC      /kmod/hello_world.mod.o
[STDOUT  ] 2019-09-08T20:06:28.875010417Z:   LD [M]  /kmod/hello_world.ko
[STDOUT  ] 2019-09-08T20:06:28.877801857Z: make[1]: Leaving directory '/usr/src/linux-headers-5.1.15-linuxkit'
[STDOUT  ] 2019-09-08T20:06:29.298277077Z: Removing intermediate container b7355ff8ef61
[STDOUT  ] 2019-09-08T20:06:29.298351102Z:  ---> c5897e21cad0
[STDOUT  ] 2019-09-08T20:06:29.298365092Z: Step 9/12 : FROM alpine:3.9
[STDOUT  ] 2019-09-08T20:06:29.298844234Z:  ---> 055936d39205
[STDOUT  ] 2019-09-08T20:06:29.298866063Z: Step 10/12 : COPY --from=build /kmod/hello_world.ko /
[STDOUT  ] 2019-09-08T20:06:29.516454390Z:  ---> c72cea3feb54
[STDOUT  ] 2019-09-08T20:06:29.516673628Z: Step 11/12 : COPY check.sh /check.sh
[STDOUT  ] 2019-09-08T20:06:29.703415051Z:  ---> f4f07566e654
[STDOUT  ] 2019-09-08T20:06:29.703556077Z: Step 12/12 : ENTRYPOINT ["/bin/sh", "/check.sh"]
[STDOUT  ] 2019-09-08T20:06:29.759606540Z:  ---> Running in a73dd14de179
[STDOUT  ] 2019-09-08T20:06:29.881461427Z: Removing intermediate container a73dd14de179
[STDOUT  ] 2019-09-08T20:06:29.881525761Z:  ---> 82d4776210f0
[STDOUT  ] 2019-09-08T20:06:29.881768209Z: Successfully built 82d4776210f0
[STDOUT  ] 2019-09-08T20:06:29.887822972Z: Successfully tagged kmod-test:latest
[STDERR  ] 2019-09-08T20:06:29.889464279Z: + linuxkit build -format kernel+initrd -name kmod test.yml
[STDERR  ] 2019-09-08T20:06:29.927885736Z: Extract kernel image: linuxkit/kernel:5.1.15
[STDERR  ] 2019-09-08T20:06:31.884960743Z: Add init containers:
[STDERR  ] 2019-09-08T20:06:31.885038532Z: Process init image: linuxkit/init:1d8e0532ca588c5ad0d9ca6038349a70bb7ac626
[STDERR  ] 2019-09-08T20:06:33.122845076Z: Process init image: linuxkit/runc:c1f0db27e71d948f3134b31ce76276f843849b0a
[STDERR  ] 2019-09-08T20:06:34.262897497Z: Add onboot containers:
[STDERR  ] 2019-09-08T20:06:34.263166302Z:   Create OCI config for kmod-test
[STDERR  ] 2019-09-08T20:06:34.385689352Z:   Create OCI config for linuxkit/poweroff:b498d30dd9660090565537fceb9e757618737a85
[STDERR  ] 2019-09-08T20:06:35.556415582Z: Create outputs:
[STDERR  ] 2019-09-08T20:06:41.488218811Z:   kmod-kernel kmod-initrd.img kmod-cmdline
[STDERR  ] 2019-09-08T20:06:41.563168701Z: + linuxkit run kmod
[STDERR  ] 2019-09-08T20:06:49.830030236Z: + RESULT=[    0.000000] Linux version 5.1.15-linuxkit (root@5c7ce90dcedb) (gcc version 8.3.0 (Alpine 8.3.0)) #1 SMP Tue Jul 2 21:19:37 UTC 2019
[STDERR  ] 2019-09-08T20:06:49.830130289Z: [    0.000000] Command line: console=ttyS0 console=ttyAMA0
[STDERR  ] 2019-09-08T20:06:49.830147434Z: [    0.000000] x86/fpu: x87 FPU will use FXSAVE
[STDERR  ] 2019-09-08T20:06:49.830162288Z: [    0.000000] BIOS-provided physical RAM map:
[STDERR  ] 2019-09-08T20:06:49.830178100Z: [    0.000000] BIOS-e820: [mem 0x0000000000000000-0x000000000009fbff] usable
[STDERR  ] 2019-09-08T20:06:49.830191569Z: [    0.000000] BIOS-e820: [mem 0x000000000009fc00-0x000000000009ffff] reserved
[STDERR  ] 2019-09-08T20:06:49.830224645Z: [    0.000000] BIOS-e820: [mem 0x00000000000f0000-0x00000000000fffff] reserved
[STDERR  ] 2019-09-08T20:06:49.830238786Z: [    0.000000] BIOS-e820: [mem 0x0000000000100000-0x000000003ffdefff] usable
[STDERR  ] 2019-09-08T20:06:49.830253537Z: [    0.000000] BIOS-e820: [mem 0x000000003ffdf000-0x000000003fffffff] reserved
[STDERR  ] 2019-09-08T20:06:49.830269367Z: [    0.000000] BIOS-e820: [mem 0x00000000b0000000-0x00000000bfffffff] reserved
[STDERR  ] 2019-09-08T20:06:49.830284697Z: [    0.000000] BIOS-e820: [mem 0x00000000fed1c000-0x00000000fed1ffff] reserved
[STDERR  ] 2019-09-08T20:06:49.830299126Z: [    0.000000] BIOS-e820: [mem 0x00000000feffc000-0x00000000feffffff] reserved
[STDERR  ] 2019-09-08T20:06:49.830313642Z: [    0.000000] BIOS-e820: [mem 0x00000000fffc0000-0x00000000ffffffff] reserved
[STDERR  ] 2019-09-08T20:06:49.830326194Z: [    0.000000] NX (Execute Disable) protection: active
[STDERR  ] 2019-09-08T20:06:49.830355618Z: [    0.000000] SMBIOS 2.8 present.
[STDERR  ] 2019-09-08T20:06:49.830374157Z: [    0.000000] DMI: QEMU Standard PC (Q35 + ICH9, 2009), BIOS 1.10.2-1 04/01/2014
[STDERR  ] 2019-09-08T20:06:49.830387195Z: [    0.000000] Hypervisor detected: KVM
[STDERR  ] 2019-09-08T20:06:49.830403873Z: [    0.000000] kvm-clock: Using msrs 4b564d01 and 4b564d00
[STDERR  ] 2019-09-08T20:06:49.830418892Z: [    0.000000] kvm-clock: cpu 0, msr 2c8e5001, primary cpu clock
[STDERR  ] 2019-09-08T20:06:49.830432326Z: [    0.000001] kvm-clock: using sched offset of 559604131 cycles
[STDERR  ] 2019-09-08T20:06:49.830455840Z: [    0.000013] clocksource: kvm-clock: mask: 0xffffffffffffffff max_cycles: 0x1cd42e4dffb, max_idle_ns: 881590591483 ns
[STDERR  ] 2019-09-08T20:06:49.830471306Z: [    0.000019] tsc: Detected 2299.798 MHz processor
[STDERR  ] 2019-09-08T20:06:49.830482994Z: [    0.003210] last_pfn = 0x3ffdf max_arch_pfn = 0x400000000
[STDERR  ] 2019-09-08T20:06:49.830495117Z: [    0.003800] x86/PAT: PAT not supported by CPU.
[STDERR  ] 2019-09-08T20:06:49.830508144Z: [    0.003854] x86/PAT: Configuration [0-7]: WB  WT  UC- UC  WB  WT  UC- UC  
[STDERR  ] 2019-09-08T20:06:49.830521863Z: [    0.013881] found SMP MP-table at [mem 0x000f6a90-0x000f6a9f]
[STDERR  ] 2019-09-08T20:06:49.830533401Z: [    0.014230] RAMDISK: [mem 0x3dea0000-0x3ffcffff]
[STDERR  ] 2019-09-08T20:06:49.830545128Z: [    0.014438] ACPI: Early table checksum verification disabled
[STDERR  ] 2019-09-08T20:06:49.830561826Z: [    0.014561] ACPI: RSDP 0x00000000000F68D0 000014 (v00 BOCHS )
[STDERR  ] 2019-09-08T20:06:49.830574563Z: [    0.014570] ACPI: RSDT 0x000000003FFE2404 000034 (v01 BOCHS  BXPCRSDT 00000001 BXPC 00000001)
[STDERR  ] 2019-09-08T20:06:49.830588820Z: [    0.014577] ACPI: FACP 0x000000003FFE22A4 000074 (v01 BOCHS  BXPCFACP 00000001 BXPC 00000001)
[STDERR  ] 2019-09-08T20:06:49.830601429Z: [    0.014583] ACPI: DSDT 0x000000003FFE0040 002264 (v01 BOCHS  BXPCDSDT 00000001 BXPC 00000001)
[STDERR  ] 2019-09-08T20:06:49.830614035Z: [    0.014588] ACPI: FACS 0x000000003FFE0000 000040
[STDERR  ] 2019-09-08T20:06:49.830625794Z: [    0.014591] ACPI: APIC 0x000000003FFE2318 000078 (v01 BOCHS  BXPCAPIC 00000001 BXPC 00000001)
[STDERR  ] 2019-09-08T20:06:49.830640950Z: [    0.014595] ACPI: HPET 0x000000003FFE2390 000038 (v01 BOCHS  BXPCHPET 00000001 BXPC 00000001)
[STDERR  ] 2019-09-08T20:06:49.830653012Z: [    0.014599] ACPI: MCFG 0x000000003FFE23C8 00003C (v01 BOCHS  BXPCMCFG 00000001 BXPC 00000001)
[STDERR  ] 2019-09-08T20:06:49.830666689Z: [    0.015718] Zone ranges:
[STDERR  ] 2019-09-08T20:06:49.830684186Z: [    0.015720]   DMA      [mem 0x0000000000001000-0x0000000000ffffff]
[STDERR  ] 2019-09-08T20:06:49.830697883Z: [    0.015722]   DMA32    [mem 0x0000000001000000-0x000000003ffdefff]
[STDERR  ] 2019-09-08T20:06:49.830714768Z: [    0.015723]   Normal   empty
[STDERR  ] 2019-09-08T20:06:49.830728157Z: [    0.015724]   Device   empty
[STDERR  ] 2019-09-08T20:06:49.830740420Z: [    0.015725] Movable zone start for each node
[STDERR  ] 2019-09-08T20:06:49.830755142Z: [    0.015726] Early memory node ranges
[STDERR  ] 2019-09-08T20:06:49.830768157Z: [    0.015728]   node   0: [mem 0x0000000000001000-0x000000000009efff]
[STDERR  ] 2019-09-08T20:06:49.830781115Z: [    0.015729]   node   0: [mem 0x0000000000100000-0x000000003ffdefff]
[STDERR  ] 2019-09-08T20:06:49.830799024Z: [    0.016237] Zeroed struct page in unavailable ranges: 98 pages
[STDERR  ] 2019-09-08T20:06:49.830812535Z: [    0.016239] Initmem setup node 0 [mem 0x0000000000001000-0x000000003ffdefff]
[STDERR  ] 2019-09-08T20:06:49.830828021Z: [    0.030153] ACPI: PM-Timer IO Port: 0x608
[STDERR  ] 2019-09-08T20:06:49.830841350Z: [    0.030200] ACPI: LAPIC_NMI (acpi_id[0xff] dfl dfl lint[0x1])
[STDERR  ] 2019-09-08T20:06:49.830854986Z: [    0.030445] IOAPIC[0]: apic_id 0, version 17, address 0xfec00000, GSI 0-23
[STDERR  ] 2019-09-08T20:06:49.830867570Z: [    0.030448] ACPI: INT_SRC_OVR (bus 0 bus_irq 0 global_irq 2 dfl dfl)
[STDERR  ] 2019-09-08T20:06:49.830886313Z: [    0.030451] ACPI: INT_SRC_OVR (bus 0 bus_irq 5 global_irq 5 high level)
[STDERR  ] 2019-09-08T20:06:49.830903478Z: [    0.030452] ACPI: INT_SRC_OVR (bus 0 bus_irq 9 global_irq 9 high level)
[STDERR  ] 2019-09-08T20:06:49.830916448Z: [    0.030454] ACPI: INT_SRC_OVR (bus 0 bus_irq 10 global_irq 10 high level)
[STDERR  ] 2019-09-08T20:06:49.830928028Z: [    0.030456] ACPI: INT_SRC_OVR (bus 0 bus_irq 11 global_irq 11 high level)
[STDERR  ] 2019-09-08T20:06:49.830939474Z: [    0.030463] Using ACPI (MADT) for SMP configuration information
[STDERR  ] 2019-09-08T20:06:49.830951232Z: [    0.030466] ACPI: HPET id: 0x8086a201 base: 0xfed00000
[STDERR  ] 2019-09-08T20:06:49.830967851Z: [    0.030500] smpboot: Allowing 1 CPUs, 0 hotplug CPUs
[STDERR  ] 2019-09-08T20:06:49.830980127Z: [    0.030607] [mem 0x40000000-0xafffffff] available for PCI devices
[STDERR  ] 2019-09-08T20:06:49.830992113Z: [    0.030608] Booting paravirtualized kernel on KVM
[STDERR  ] 2019-09-08T20:06:49.831003724Z: [    0.030612] clocksource: refined-jiffies: mask: 0xffffffff max_cycles: 0xffffffff, max_idle_ns: 1910969940391419 ns
[STDERR  ] 2019-09-08T20:06:49.831016723Z: [    0.165901] random: get_random_bytes called from start_kernel+0xac/0x501 with crng_init=0
[STDERR  ] 2019-09-08T20:06:49.831029218Z: [    0.165915] setup_percpu: NR_CPUS:128 nr_cpumask_bits:128 nr_cpu_ids:1 nr_node_ids:1
[STDERR  ] 2019-09-08T20:06:49.831041661Z: [    0.167003] percpu: Embedded 45 pages/cpu s144856 r8192 d31272 u2097152
[STDERR  ] 2019-09-08T20:06:49.831058009Z: [    0.167130] KVM setup async PF for cpu 0
[STDERR  ] 2019-09-08T20:06:49.831070721Z: [    0.167181] kvm-stealtime: cpu 0, msr 3ca15e80
[STDERR  ] 2019-09-08T20:06:49.831083578Z: [    0.167210] Built 1 zonelists, mobility grouping on.  Total pages: 257896
[STDERR  ] 2019-09-08T20:06:49.831096422Z: [    0.167213] Kernel command line: console=ttyS0 console=ttyAMA0
[STDERR  ] 2019-09-08T20:06:49.831109512Z: [    0.167363] Dentry cache hash table entries: 131072 (order: 8, 1048576 bytes)
[STDERR  ] 2019-09-08T20:06:49.831121428Z: [    0.167520] Inode-cache hash table entries: 65536 (order: 7, 524288 bytes)
[STDERR  ] 2019-09-08T20:06:49.831134783Z: [    0.171452] Memory: 967732K/1048052K available (12291K kernel code, 1598K rwdata, 3092K rodata, 1608K init, 1224K bss, 80320K reserved, 0K cma-reserved)
[STDERR  ] 2019-09-08T20:06:49.831149882Z: [    0.172574] Kernel/User page tables isolation: enabled
[STDERR  ] 2019-09-08T20:06:49.831162790Z: [    0.172619] ftrace: allocating 43871 entries in 172 pages
[STDERR  ] 2019-09-08T20:06:49.831179375Z: [    0.195025] rcu: Hierarchical RCU implementation.
[STDERR  ] 2019-09-08T20:06:49.831192635Z: [    0.195028] rcu: 	RCU restricting CPUs from NR_CPUS=128 to nr_cpu_ids=1.
[STDERR  ] 2019-09-08T20:06:49.831204433Z: [    0.195030] rcu: RCU calculated value of scheduler-enlistment delay is 100 jiffies.
[STDERR  ] 2019-09-08T20:06:49.831223549Z: [    0.195032] rcu: Adjusting geometry for rcu_fanout_leaf=16, nr_cpu_ids=1
[STDERR  ] 2019-09-08T20:06:49.831236122Z: [    0.198530] NR_IRQS: 8448, nr_irqs: 256, preallocated irqs: 16
[STDERR  ] 2019-09-08T20:06:49.831248519Z: [    0.224228] Console: colour VGA+ 80x25
[STDERR  ] 2019-09-08T20:06:49.831265145Z: [    0.664906] printk: console [ttyS0] enabled
[STDERR  ] 2019-09-08T20:06:49.831277022Z: [    0.668657] ACPI: Core revision 20190215
[STDERR  ] 2019-09-08T20:06:49.831288730Z: [    0.672886] clocksource: hpet: mask: 0xffffffff max_cycles: 0xffffffff, max_idle_ns: 19112604467 ns
[STDERR  ] 2019-09-08T20:06:49.831301378Z: [    0.681379] APIC: Switch to symmetric I/O mode setup
[STDERR  ] 2019-09-08T20:06:49.831314359Z: [    0.687938] x2apic enabled
[STDERR  ] 2019-09-08T20:06:49.831326232Z: [    0.692387] Switched APIC routing to physical x2apic.
[STDERR  ] 2019-09-08T20:06:49.831337816Z: [    0.706029] ..TIMER: vector=0x30 apic1=0 pin1=2 apic2=-1 pin2=-1
[STDERR  ] 2019-09-08T20:06:49.831349792Z: [    0.711362] clocksource: tsc-early: mask: 0xffffffffffffffff max_cycles: 0x2126765bdb5, max_idle_ns: 440795204572 ns
[STDERR  ] 2019-09-08T20:06:49.831369319Z: [    0.720360] Calibrating delay loop (skipped) preset value.. 4599.59 BogoMIPS (lpj=2299798)
[STDERR  ] 2019-09-08T20:06:49.831385760Z: [    0.721336] pid_max: default: 32768 minimum: 301
[STDERR  ] 2019-09-08T20:06:49.831398627Z: [    0.722416] LSM: Security Framework initializing
[STDERR  ] 2019-09-08T20:06:49.831410522Z: [    0.723339] Yama: becoming mindful.
[STDERR  ] 2019-09-08T20:06:49.831422913Z: [    0.724383] Mount-cache hash table entries: 2048 (order: 2, 16384 bytes)
[STDERR  ] 2019-09-08T20:06:49.831436425Z: [    0.725339] Mountpoint-cache hash table entries: 2048 (order: 2, 16384 bytes)
[STDERR  ] 2019-09-08T20:06:49.831453395Z: [    0.726603] *** VALIDATE proc ***
[STDERR  ] 2019-09-08T20:06:49.831466517Z: [    0.727420] *** VALIDATE cgroup1 ***
[STDERR  ] 2019-09-08T20:06:49.831479781Z: [    0.728336] *** VALIDATE cgroup2 ***
[STDERR  ] 2019-09-08T20:06:49.831491162Z: [    0.731372] Last level iTLB entries: 4KB 0, 2MB 0, 4MB 0
[STDERR  ] 2019-09-08T20:06:49.831503060Z: [    0.732335] Last level dTLB entries: 4KB 0, 2MB 0, 4MB 0, 1GB 0
[STDERR  ] 2019-09-08T20:06:49.831515230Z: [    0.733336] Spectre V2 : Mitigation: Full generic retpoline
[STDERR  ] 2019-09-08T20:06:49.831529332Z: [    0.734334] Spectre V2 : Spectre v2 / SpectreRSB mitigation: Filling RSB on context switch
[STDERR  ] 2019-09-08T20:06:49.831544782Z: [    0.735334] Speculative Store Bypass: Vulnerable
[STDERR  ] 2019-09-08T20:06:49.831558898Z: [    0.736355] MDS: Vulnerable: Clear CPU buffers attempted, no microcode
[STDERR  ] 2019-09-08T20:06:49.831573687Z: [    0.745399] Freeing SMP alternatives memory: 20K
[STDERR  ] 2019-09-08T20:06:49.831598703Z: [    0.747330] smpboot: CPU0: Intel QEMU Virtual CPU version 2.5+ (family: 0x6, model: 0x6, stepping: 0x3)
[STDERR  ] 2019-09-08T20:06:49.831612099Z: [    0.747567] Performance Events: PMU not available due to virtualization, using software events only.
[STDERR  ] 2019-09-08T20:06:49.831624827Z: [    0.750444] rcu: Hierarchical SRCU implementation.
[STDERR  ] 2019-09-08T20:06:49.831637794Z: [    0.751463] NMI watchdog: Perf NMI watchdog permanently disabled
[STDERR  ] 2019-09-08T20:06:49.831650337Z: [    0.752408] smp: Bringing up secondary CPUs ...
[STDERR  ] 2019-09-08T20:06:49.831663183Z: [    0.753335] smp: Brought up 1 node, 1 CPU
[STDERR  ] 2019-09-08T20:06:49.831675655Z: [    0.754334] smpboot: Max logical packages: 1
[STDERR  ] 2019-09-08T20:06:49.831688747Z: [    0.755334] smpboot: Total of 1 processors activated (4599.59 BogoMIPS)
[STDERR  ] 2019-09-08T20:06:49.831701385Z: [    0.757453] devtmpfs: initialized
[STDERR  ] 2019-09-08T20:06:49.831718634Z: [    0.758425] x86/mm: Memory block size: 128MB
[STDERR  ] 2019-09-08T20:06:49.831730734Z: [    0.760657] clocksource: jiffies: mask: 0xffffffff max_cycles: 0xffffffff, max_idle_ns: 1911260446275000 ns
[STDERR  ] 2019-09-08T20:06:49.831742997Z: [    0.761349] futex hash table entries: 256 (order: 2, 16384 bytes)
[STDERR  ] 2019-09-08T20:06:49.831755078Z: [    0.763667] NET: Registered protocol family 16
[STDERR  ] 2019-09-08T20:06:49.831770722Z: [    0.764526] audit: initializing netlink subsys (disabled)
[STDERR  ] 2019-09-08T20:06:49.831785701Z: [    0.766472] cpuidle: using governor ladder
[STDERR  ] 2019-09-08T20:06:49.831797676Z: [    0.767336] cpuidle: using governor menu
[STDERR  ] 2019-09-08T20:06:49.831809622Z: [    0.768482] ACPI: bus type PCI registered
[STDERR  ] 2019-09-08T20:06:49.831821848Z: [    0.769335] acpiphp: ACPI Hot Plug PCI Controller Driver version: 0.5
[STDERR  ] 2019-09-08T20:06:49.831833264Z: [    0.770343] audit: type=2000 audit(1567973202.513:1): state=initialized audit_enabled=0 res=1
[STDERR  ] 2019-09-08T20:06:49.831844553Z: [    0.772338] PCI: MMCONFIG for domain 0000 [bus 00-ff] at [mem 0xb0000000-0xbfffffff] (base 0xb0000000)
[STDERR  ] 2019-09-08T20:06:49.831856195Z: [    0.774337] PCI: MMCONFIG at [mem 0xb0000000-0xbfffffff] reserved in E820
[STDERR  ] 2019-09-08T20:06:49.831870204Z: [    0.775354] PCI: Using configuration type 1 for base access
[STDERR  ] 2019-09-08T20:06:49.831889187Z: [    0.778525] HugeTLB registered 2.00 MiB page size, pre-allocated 0 pages
[STDERR  ] 2019-09-08T20:06:49.831900583Z: [    0.779557] cryptd: max_cpu_qlen set to 1000
[STDERR  ] 2019-09-08T20:06:49.831911938Z: [    0.780553] ACPI: Added _OSI(Module Device)
[STDERR  ] 2019-09-08T20:06:49.831923836Z: [    0.781336] ACPI: Added _OSI(Processor Device)
[STDERR  ] 2019-09-08T20:06:49.831936231Z: [    0.782334] ACPI: Added _OSI(3.0 _SCP Extensions)
[STDERR  ] 2019-09-08T20:06:49.831948371Z: [    0.783334] ACPI: Added _OSI(Processor Aggregator Device)
[STDERR  ] 2019-09-08T20:06:49.831960760Z: [    0.784349] ACPI: Added _OSI(Linux-Dell-Video)
[STDERR  ] 2019-09-08T20:06:49.831978453Z: [    0.785335] ACPI: Added _OSI(Linux-Lenovo-NV-HDMI-Audio)
[STDERR  ] 2019-09-08T20:06:49.831991062Z: [    0.786336] ACPI: Added _OSI(Linux-HPI-Hybrid-Graphics)
[STDERR  ] 2019-09-08T20:06:49.832004892Z: [    0.788838] ACPI: 1 ACPI AML tables successfully acquired and loaded
[STDERR  ] 2019-09-08T20:06:49.832016995Z: [    0.791524] ACPI: Interpreter enabled
[STDERR  ] 2019-09-08T20:06:49.832029081Z: [    0.792341] ACPI: (supports S0 S5)
[STDERR  ] 2019-09-08T20:06:49.832041161Z: [    0.793335] ACPI: Using IOAPIC for interrupt routing
[STDERR  ] 2019-09-08T20:06:49.832053292Z: [    0.794384] PCI: Using host bridge windows from ACPI; if necessary, use "pci=nocrs" and report a bug
[STDERR  ] 2019-09-08T20:06:49.832068766Z: [    0.795554] ACPI: Enabled 2 GPEs in block 00 to 3F
[STDERR  ] 2019-09-08T20:06:49.832080984Z: [    0.800820] ACPI: PCI Root Bridge [PCI0] (domain 0000 [bus 00-ff])
[STDERR  ] 2019-09-08T20:06:49.832100187Z: [    0.801344] acpi PNP0A08:00: _OSC: OS supports [ExtendedConfig ASPM ClockPM Segments MSI]
[STDERR  ] 2019-09-08T20:06:49.832115274Z: [    0.803419] acpi PNP0A08:00: _OSC: platform does not support [SHPCHotplug LTR]
[STDERR  ] 2019-09-08T20:06:49.832127457Z: [    0.804422] acpi PNP0A08:00: _OSC: OS now controls [PCIeHotplug PME PCIeCapability]
[STDERR  ] 2019-09-08T20:06:49.832139424Z: [    0.806570] PCI host bridge to bus 0000:00
[STDERR  ] 2019-09-08T20:06:49.832151429Z: [    0.808337] pci_bus 0000:00: root bus resource [io  0x0000-0x0cf7 window]
[STDERR  ] 2019-09-08T20:06:49.832163489Z: [    0.809337] pci_bus 0000:00: root bus resource [io  0x0d00-0xffff window]
[STDERR  ] 2019-09-08T20:06:49.832175492Z: [    0.810336] pci_bus 0000:00: root bus resource [mem 0x000a0000-0x000bffff window]
[STDERR  ] 2019-09-08T20:06:49.832188789Z: [    0.811336] pci_bus 0000:00: root bus resource [mem 0xc0000000-0xfebfffff window]
[STDERR  ] 2019-09-08T20:06:49.832201296Z: [    0.812338] pci_bus 0000:00: root bus resource [bus 00-ff]
[STDERR  ] 2019-09-08T20:06:49.832213195Z: [    0.879842] pci 0000:00:1f.0: quirk: [io  0x0600-0x067f] claimed by ICH6 ACPI/GPIO/TCO
[STDERR  ] 2019-09-08T20:06:49.832230773Z: [    0.907124] ACPI: PCI Interrupt Link [LNKA] (IRQs 5 *10 11)
[STDERR  ] 2019-09-08T20:06:49.832243117Z: [    0.908353] ACPI: PCI Interrupt Link [LNKB] (IRQs 5 *10 11)
[STDERR  ] 2019-09-08T20:06:49.832258082Z: [    0.910485] ACPI: PCI Interrupt Link [LNKC] (IRQs 5 10 *11)
[STDERR  ] 2019-09-08T20:06:49.832270339Z: [    0.911593] ACPI: PCI Interrupt Link [LNKD] (IRQs 5 10 *11)
[STDERR  ] 2019-09-08T20:06:49.832283845Z: [    0.912598] ACPI: PCI Interrupt Link [LNKE] (IRQs 5 *10 11)
[STDERR  ] 2019-09-08T20:06:49.832299434Z: [    0.913599] ACPI: PCI Interrupt Link [LNKF] (IRQs 5 *10 11)
[STDERR  ] 2019-09-08T20:06:49.832313789Z: [    0.914596] ACPI: PCI Interrupt Link [LNKG] (IRQs 5 10 *11)
[STDERR  ] 2019-09-08T20:06:49.832325969Z: [    0.915596] ACPI: PCI Interrupt Link [LNKH] (IRQs 5 10 *11)
[STDERR  ] 2019-09-08T20:06:49.832338198Z: [    0.916458] ACPI: PCI Interrupt Link [GSIA] (IRQs *16)
[STDERR  ] 2019-09-08T20:06:49.832350109Z: [    0.917348] ACPI: PCI Interrupt Link [GSIB] (IRQs *17)
[STDERR  ] 2019-09-08T20:06:49.832366304Z: [    0.918350] ACPI: PCI Interrupt Link [GSIC] (IRQs *18)
[STDERR  ] 2019-09-08T20:06:49.832378669Z: [    0.919348] ACPI: PCI Interrupt Link [GSID] (IRQs *19)
[STDERR  ] 2019-09-08T20:06:49.832396834Z: [    0.920347] ACPI: PCI Interrupt Link [GSIE] (IRQs *20)
[STDERR  ] 2019-09-08T20:06:49.832413139Z: [    0.921347] ACPI: PCI Interrupt Link [GSIF] (IRQs *21)
[STDERR  ] 2019-09-08T20:06:49.832425673Z: [    0.922347] ACPI: PCI Interrupt Link [GSIG] (IRQs *22)
[STDERR  ] 2019-09-08T20:06:49.832438548Z: [    0.923347] ACPI: PCI Interrupt Link [GSIH] (IRQs *23)
[STDERR  ] 2019-09-08T20:06:49.832450992Z: [    0.924887] SCSI subsystem initialized
[STDERR  ] 2019-09-08T20:06:49.832463406Z: [    0.926387] ACPI: bus type USB registered
[STDERR  ] 2019-09-08T20:06:49.832479057Z: [    0.927369] usbcore: registered new interface driver usbfs
[STDERR  ] 2019-09-08T20:06:49.832501116Z: [    0.928373] usbcore: registered new interface driver hub
[STDERR  ] 2019-09-08T20:06:49.832513540Z: [    0.929369] usbcore: registered new device driver usb
[STDERR  ] 2019-09-08T20:06:49.832525349Z: [    0.930366] pps_core: LinuxPPS API ver. 1 registered
[STDERR  ] 2019-09-08T20:06:49.832537262Z: [    0.931334] pps_core: Software ver. 5.3.6 - Copyright 2005-2007 Rodolfo Giometti <giometti@linux.it>
[STDERR  ] 2019-09-08T20:06:49.832550579Z: [    0.932349] PTP clock support registered
[STDERR  ] 2019-09-08T20:06:49.832566721Z: [    0.933450] PCI: Using ACPI for IRQ routing
[STDERR  ] 2019-09-08T20:06:49.832579546Z: [    1.356538] NetLabel: Initializing
[STDERR  ] 2019-09-08T20:06:49.832592078Z: [    1.357335] NetLabel:  domain hash size = 128
[STDERR  ] 2019-09-08T20:06:49.832604321Z: [    1.358333] NetLabel:  protocols = UNLABELED CIPSOv4 CALIPSO
[STDERR  ] 2019-09-08T20:06:49.832643242Z: [    1.359368] NetLabel:  unlabeled traffic allowed by default
[STDERR  ] 2019-09-08T20:06:49.832660542Z: [    1.361368] HPET: 3 timers in total, 0 timers will be used for per-cpu timer
[STDERR  ] 2019-09-08T20:06:49.832673241Z: [    1.362428] hpet0: at MMIO 0xfed00000, IRQs 2, 8, 0
[STDERR  ] 2019-09-08T20:06:49.832685741Z: [    1.363335] hpet0: 3 comparators, 64-bit 100.000000 MHz counter
[STDERR  ] 2019-09-08T20:06:49.832697735Z: [    1.367388] clocksource: Switched to clocksource kvm-clock
[STDERR  ] 2019-09-08T20:06:49.832710129Z: [    1.408124] VFS: Disk quotas dquot_6.6.0
[STDERR  ] 2019-09-08T20:06:49.832723513Z: [    1.411711] VFS: Dquot-cache hash table entries: 512 (order 0, 4096 bytes)
[STDERR  ] 2019-09-08T20:06:49.832736278Z: [    1.417707] FS-Cache: Loaded
[STDERR  ] 2019-09-08T20:06:49.832750360Z: [    1.420243] *** VALIDATE hugetlbfs ***
[STDERR  ] 2019-09-08T20:06:49.832762823Z: [    1.423572] CacheFiles: Loaded
[STDERR  ] 2019-09-08T20:06:49.832775769Z: [    1.426280] pnp: PnP ACPI init
[STDERR  ] 2019-09-08T20:06:49.832789047Z: [    1.430109] pnp: PnP ACPI: found 5 devices
[STDERR  ] 2019-09-08T20:06:49.832801853Z: [    1.440013] clocksource: acpi_pm: mask: 0xffffff max_cycles: 0xffffff, max_idle_ns: 2085701024 ns
[STDERR  ] 2019-09-08T20:06:49.832815779Z: [    1.448042] NET: Registered protocol family 2
[STDERR  ] 2019-09-08T20:06:49.832828705Z: [    1.452062] tcp_listen_portaddr_hash hash table entries: 512 (order: 1, 8192 bytes)
[STDERR  ] 2019-09-08T20:06:49.832841069Z: [    1.458617] TCP established hash table entries: 8192 (order: 4, 65536 bytes)
[STDERR  ] 2019-09-08T20:06:49.832857852Z: [    1.465855] TCP bind hash table entries: 8192 (order: 5, 131072 bytes)
[STDERR  ] 2019-09-08T20:06:49.832869278Z: [    1.471464] TCP: Hash tables configured (established 8192 bind 8192)
[STDERR  ] 2019-09-08T20:06:49.832883974Z: [    1.477058] UDP hash table entries: 512 (order: 2, 16384 bytes)
[STDERR  ] 2019-09-08T20:06:49.832899140Z: [    1.482150] UDP-Lite hash table entries: 512 (order: 2, 16384 bytes)
[STDERR  ] 2019-09-08T20:06:49.832911500Z: [    1.487680] NET: Registered protocol family 1
[STDERR  ] 2019-09-08T20:06:49.832924244Z: [    1.491526] NET: Registered protocol family 44
[STDERR  ] 2019-09-08T20:06:49.832935315Z: [    1.495565] pci 0000:00:01.0: Video device with shadowed ROM at [mem 0x000c0000-0x000dffff]
[STDERR  ] 2019-09-08T20:06:49.832947732Z: [    1.503006] Trying to unpack rootfs image as initramfs...
[STDERR  ] 2019-09-08T20:06:49.832967176Z: [    2.352771] Freeing initrd memory: 33984K
[STDERR  ] 2019-09-08T20:06:49.832980088Z: [    2.356607] clocksource: tsc: mask: 0xffffffffffffffff max_cycles: 0x2126765bdb5, max_idle_ns: 440795204572 ns
[STDERR  ] 2019-09-08T20:06:49.832992924Z: [    2.413550] PCLMULQDQ-NI instructions are not detected.
[STDERR  ] 2019-09-08T20:06:49.833005796Z: [    2.420558] AVX or AES-NI instructions are not detected.
[STDERR  ] 2019-09-08T20:06:49.833020809Z: [    2.425540] CPU feature 'AVX registers' is not supported.
[STDERR  ] 2019-09-08T20:06:49.833037278Z: [    2.430546] CPU feature 'AVX registers' is not supported.
[STDERR  ] 2019-09-08T20:06:49.833056432Z: [    2.435548] CPU feature 'AVX registers' is not supported.
[STDERR  ] 2019-09-08T20:06:49.833069016Z: [    2.440554] CPU feature 'AVX registers' is not supported.
[STDERR  ] 2019-09-08T20:06:49.833080914Z: [    2.445577] AVX2 or AES-NI instructions are not detected.
[STDERR  ] 2019-09-08T20:06:49.833093568Z: [    2.450547] AVX2 instructions are not detected.
[STDERR  ] 2019-09-08T20:06:49.833106299Z: [    2.455084] workingset: timestamp_bits=46 max_order=18 bucket_order=0
[STDERR  ] 2019-09-08T20:06:49.833118471Z: [    2.461017] squashfs: version 4.0 (2009/01/31) Phillip Lougher
[STDERR  ] 2019-09-08T20:06:49.833131105Z: [    2.466109] FS-Cache: Netfs 'cifs' registered for caching
[STDERR  ] 2019-09-08T20:06:49.833143555Z: [    2.470781] fuse init (API version 7.29)
[STDERR  ] 2019-09-08T20:06:49.833155984Z: [    2.474299] SGI XFS with ACLs, security attributes, no debug enabled
[STDERR  ] 2019-09-08T20:06:49.833168719Z: [    2.479934] 9p: Installing v9fs 9p2000 file system support
[STDERR  ] 2019-09-08T20:06:49.833181946Z: [    2.484640] FS-Cache: Netfs '9p' registered for caching
[STDERR  ] 2019-09-08T20:06:49.833192524Z: [    2.625074] NET: Registered protocol family 38
[STDERR  ] 2019-09-08T20:06:49.833210131Z: [    2.629069] Key type asymmetric registered
[STDERR  ] 2019-09-08T20:06:49.833227483Z: [    2.632619] Asymmetric key parser 'x509' registered
[STDERR  ] 2019-09-08T20:06:49.833238702Z: [    2.636894] Block layer SCSI generic (bsg) driver version 0.4 loaded (major 247)
[STDERR  ] 2019-09-08T20:06:49.833250908Z: [    2.643207] io scheduler mq-deadline registered
[STDERR  ] 2019-09-08T20:06:49.833263514Z: [    2.647118] io scheduler kyber registered
[STDERR  ] 2019-09-08T20:06:49.833276347Z: [    2.650643] io scheduler bfq registered
[STDERR  ] 2019-09-08T20:06:49.833289256Z: [    2.654146] shpchp: Standard Hot Plug PCI Controller Driver version: 0.4
[STDERR  ] 2019-09-08T20:06:49.833301849Z: [    2.659918] hv_vmbus: registering driver hyperv_fb
[STDERR  ] 2019-09-08T20:06:49.833316078Z: [    2.664714] input: Power Button as /devices/LNXSYSTM:00/LNXPWRBN:00/input/input0
[STDERR  ] 2019-09-08T20:06:49.833334053Z: [    2.671689] ACPI: Power Button [PWRF]
[STDERR  ] 2019-09-08T20:06:49.833346064Z: [    2.675837] PCI Interrupt Link [GSIG] enabled at IRQ 22
[STDERR  ] 2019-09-08T20:06:49.833362385Z: [    2.686045] PCI Interrupt Link [GSIH] enabled at IRQ 23
[STDERR  ] 2019-09-08T20:06:49.833411576Z: [    2.696524] Serial: 8250/16550 driver, 4 ports, IRQ sharing disabled
[STDERR  ] 2019-09-08T20:06:49.833435158Z: [    2.735035] 00:04: ttyS0 at I/O 0x3f8 (irq = 4, base_baud = 115200) is a 16550A
[STDERR  ] 2019-09-08T20:06:49.833451274Z: [    2.742249] Non-volatile memory driver v1.3
[STDERR  ] 2019-09-08T20:06:49.833463721Z: [    2.747505] Hangcheck: starting hangcheck timer 0.9.1 (tick is 180 seconds, margin is 60 seconds).
[STDERR  ] 2019-09-08T20:06:49.833476938Z: [    2.755336] random: fast init done
[STDERR  ] 2019-09-08T20:06:49.833489977Z: [    2.759423] random: crng init done
[STDERR  ] 2019-09-08T20:06:49.833529514Z: [    2.763655] brd: module loaded
[STDERR  ] 2019-09-08T20:06:49.833549147Z: [    2.769160] loop: module loaded
[STDERR  ] 2019-09-08T20:06:49.833561202Z: [    2.776850] lpc_ich 0000:00:1f.0: I/O space for GPIO uninitialized
[STDERR  ] 2019-09-08T20:06:49.833573885Z: [    2.782212] VMware PVSCSI driver - version 1.0.7.0-k
[STDERR  ] 2019-09-08T20:06:49.833594720Z: [    2.786474] hv_vmbus: registering driver hv_storvsc
[STDERR  ] 2019-09-08T20:06:49.833634457Z: [    2.791314] PCI Interrupt Link [GSIA] enabled at IRQ 16
[STDERR  ] 2019-09-08T20:06:49.833651415Z: [    2.799089] ahci 0000:00:1f.2: AHCI 0001.0000 32 slots 6 ports 1.5 Gbps 0x3f impl SATA mode
[STDERR  ] 2019-09-08T20:06:49.833664711Z: [    2.806135] ahci 0000:00:1f.2: flags: 64bit ncq only 
[STDERR  ] 2019-09-08T20:06:49.833677295Z: [    2.814174] scsi host0: ahci
[STDERR  ] 2019-09-08T20:06:49.833689955Z: [    2.816980] scsi host1: ahci
[STDERR  ] 2019-09-08T20:06:49.833702718Z: [    2.819689] scsi host2: ahci
[STDERR  ] 2019-09-08T20:06:49.833723199Z: [    2.822452] scsi host3: ahci
[STDERR  ] 2019-09-08T20:06:49.833758320Z: [    2.825170] scsi host4: ahci
[STDERR  ] 2019-09-08T20:06:49.833777698Z: [    2.827853] scsi host5: ahci
[STDERR  ] 2019-09-08T20:06:49.833789780Z: [    2.830573] ata1: SATA max UDMA/133 abar m4096@0xfebd2000 port 0xfebd2100 irq 24
[STDERR  ] 2019-09-08T20:06:49.833802332Z: [    2.836854] ata2: SATA max UDMA/133 abar m4096@0xfebd2000 port 0xfebd2180 irq 24
[STDERR  ] 2019-09-08T20:06:49.833814695Z: [    2.843126] ata3: SATA max UDMA/133 abar m4096@0xfebd2000 port 0xfebd2200 irq 24
[STDERR  ] 2019-09-08T20:06:49.833827026Z: [    2.849421] ata4: SATA max UDMA/133 abar m4096@0xfebd2000 port 0xfebd2280 irq 24
[STDERR  ] 2019-09-08T20:06:49.833839601Z: [    2.855673] ata5: SATA max UDMA/133 abar m4096@0xfebd2000 port 0xfebd2300 irq 24
[STDERR  ] 2019-09-08T20:06:49.833852117Z: [    2.861926] ata6: SATA max UDMA/133 abar m4096@0xfebd2000 port 0xfebd2380 irq 24
[STDERR  ] 2019-09-08T20:06:49.833886914Z: [    2.870451] tun: Universal TUN/TAP device driver, 1.6
[STDERR  ] 2019-09-08T20:06:49.833906160Z: [    2.879462] VMware vmxnet3 virtual NIC driver - version 1.4.16.0-k-NAPI
[STDERR  ] 2019-09-08T20:06:49.833917594Z: [    2.885170] hv_vmbus: registering driver hv_netvsc
[STDERR  ] 2019-09-08T20:06:49.833929555Z: [    2.889284] Fusion MPT base driver 3.04.20
[STDERR  ] 2019-09-08T20:06:49.833942131Z: [    2.892789] Copyright (c) 1999-2008 LSI Corporation
[STDERR  ] 2019-09-08T20:06:49.833954774Z: [    2.896988] Fusion MPT SPI Host driver 3.04.20
[STDERR  ] 2019-09-08T20:06:49.833967644Z: [    2.900939] i8042: PNP: PS/2 Controller [PNP0303:KBD,PNP0f13:MOU] at 0x60,0x64 irq 1,12
[STDERR  ] 2019-09-08T20:06:49.833980755Z: [    2.911235] serio: i8042 KBD port at 0x60,0x64 irq 1
[STDERR  ] 2019-09-08T20:06:49.833993137Z: [    2.915510] serio: i8042 AUX port at 0x60,0x64 irq 12
[STDERR  ] 2019-09-08T20:06:49.834031855Z: [    2.920078] hv_vmbus: registering driver hyperv_keyboard
[STDERR  ] 2019-09-08T20:06:49.834048314Z: [    2.924695] mousedev: PS/2 mouse device common for all mice
[STDERR  ] 2019-09-08T20:06:49.834065789Z: [    2.930700] input: AT Translated Set 2 keyboard as /devices/platform/i8042/serio0/input/input1
[STDERR  ] 2019-09-08T20:06:49.834088437Z: [    2.938074] input: PC Speaker as /devices/platform/pcspkr/input/input2
[STDERR  ] 2019-09-08T20:06:49.834100483Z: [    2.944563] rtc_cmos 00:00: RTC can wake from S4
[STDERR  ] 2019-09-08T20:06:49.834112794Z: [    2.950848] rtc_cmos 00:00: registered as rtc0
[STDERR  ] 2019-09-08T20:06:49.834128306Z: [    2.954721] rtc_cmos 00:00: alarms up to one day, y3k, 114 bytes nvram, hpet irqs
[STDERR  ] 2019-09-08T20:06:49.834140855Z: [    2.961101] i2c /dev entries driver
[STDERR  ] 2019-09-08T20:06:49.834152897Z: [    2.964306] device-mapper: ioctl: 4.40.0-ioctl (2019-01-18) initialised: dm-devel@redhat.com
[STDERR  ] 2019-09-08T20:06:49.834172416Z: [    2.972482] intel_pstate: CPU model not supported
[STDERR  ] 2019-09-08T20:06:49.834184409Z: [    2.977267] usbcore: registered new interface driver usbhid
[STDERR  ] 2019-09-08T20:06:49.834196621Z: [    2.982269] usbhid: USB HID core driver
[STDERR  ] 2019-09-08T20:06:49.834221451Z: [    2.985828] hv_utils: Registering HyperV Utility Driver
[STDERR  ] 2019-09-08T20:06:49.834233885Z: [    2.990417] hv_vmbus: registering driver hv_utils
[STDERR  ] 2019-09-08T20:06:49.834256475Z: [    2.996230] hv_vmbus: registering driver hv_balloon
[STDERR  ] 2019-09-08T20:06:49.834268135Z: [    3.000376] oprofile: using NMI interrupt.
[STDERR  ] 2019-09-08T20:06:49.834280197Z: [    3.003996] GACT probability on
[STDERR  ] 2019-09-08T20:06:49.834292903Z: [    3.006789] Mirror/redirect action on
[STDERR  ] 2019-09-08T20:06:49.834308491Z: [    3.010002] Simple TC action Loaded
[STDERR  ] 2019-09-08T20:06:49.834320974Z: [    3.013095] u32 classifier
[STDERR  ] 2019-09-08T20:06:49.834333346Z: [    3.015497]     Performance counters on
[STDERR  ] 2019-09-08T20:06:49.834345733Z: [    3.018832]     input device check on
[STDERR  ] 2019-09-08T20:06:49.834362569Z: [    3.022000]     Actions configured
[STDERR  ] 2019-09-08T20:06:49.834375424Z: [    3.025316] xt_time: kernel timezone is -0000
[STDERR  ] 2019-09-08T20:06:49.834413858Z: [    3.029100] IPVS: Registered protocols (TCP, UDP, SCTP, AH, ESP)
[STDERR  ] 2019-09-08T20:06:49.834430514Z: [    3.034315] IPVS: Connection hash table configured (size=4096, memory=64Kbytes)
[STDERR  ] 2019-09-08T20:06:49.834445874Z: [    3.040670] IPVS: ipvs loaded.
[STDERR  ] 2019-09-08T20:06:49.834457670Z: [    3.043371] IPVS: [rr] scheduler registered.
[STDERR  ] 2019-09-08T20:06:49.834469502Z: [    3.047081] IPVS: [wrr] scheduler registered.
[STDERR  ] 2019-09-08T20:06:49.834481581Z: [    3.050790] IPVS: [lc] scheduler registered.
[STDERR  ] 2019-09-08T20:06:49.834495172Z: [    3.054501] IPVS: [wlc] scheduler registered.
[STDERR  ] 2019-09-08T20:06:49.834506341Z: [    3.058270] IPVS: [fo] scheduler registered.
[STDERR  ] 2019-09-08T20:06:49.834518073Z: [    3.061948] IPVS: [ovf] scheduler registered.
[STDERR  ] 2019-09-08T20:06:49.834536965Z: [    3.065682] IPVS: [lblc] scheduler registered.
[STDERR  ] 2019-09-08T20:06:49.834549538Z: [    3.069490] IPVS: [lblcr] scheduler registered.
[STDERR  ] 2019-09-08T20:06:49.834589339Z: [    3.073664] IPVS: [dh] scheduler registered.
[STDERR  ] 2019-09-08T20:06:49.834608888Z: [    3.077319] IPVS: [sh] scheduler registered.
[STDERR  ] 2019-09-08T20:06:49.834620597Z: [    3.081213] IPVS: [mh] scheduler registered.
[STDERR  ] 2019-09-08T20:06:49.834632195Z: [    3.084865] IPVS: [sed] scheduler registered.
[STDERR  ] 2019-09-08T20:06:49.834644575Z: [    3.088784] IPVS: [nq] scheduler registered.
[STDERR  ] 2019-09-08T20:06:49.834660882Z: [    3.092433] IPVS: ftp: loaded support on port[0] = 21
[STDERR  ] 2019-09-08T20:06:49.834673461Z: [    3.097018] ipip: IPv4 and MPLS over IPv4 tunneling driver
[STDERR  ] 2019-09-08T20:06:49.834686312Z: [    3.102118] gre: GRE over IPv4 demultiplexor driver
[STDERR  ] 2019-09-08T20:06:49.834725449Z: [    3.106441] ipt_CLUSTERIP: ClusterIP Version 0.8 loaded successfully
[STDERR  ] 2019-09-08T20:06:49.834742336Z: [    3.112106] NET: Registered protocol family 10
[STDERR  ] 2019-09-08T20:06:49.834754712Z: [    3.116285] Segment Routing with IPv6
[STDERR  ] 2019-09-08T20:06:49.834767030Z: [    3.119999] NET: Registered protocol family 17
[STDERR  ] 2019-09-08T20:06:49.834778999Z: [    3.123827] Bridge firewalling registered
[STDERR  ] 2019-09-08T20:06:49.834794613Z: [    3.127552] 8021q: 802.1Q VLAN Support v1.8
[STDERR  ] 2019-09-08T20:06:49.834806951Z: [    3.131204] 9pnet: Installing 9P2000 support
[STDERR  ] 2019-09-08T20:06:49.834819536Z: [    3.135077] Key type dns_resolver registered
[STDERR  ] 2019-09-08T20:06:49.834831885Z: [    3.138831] NET: Registered protocol family 40
[STDERR  ] 2019-09-08T20:06:49.834843791Z: [    3.143076] registered taskstats version 1
[STDERR  ] 2019-09-08T20:06:49.834855725Z: [    3.158828] Key type big_key registered
[STDERR  ] 2019-09-08T20:06:49.834868254Z: [    3.167837] Key type encrypted registered
[STDERR  ] 2019-09-08T20:06:49.834880737Z: [    3.171596] ima: No TPM chip found, activating TPM-bypass!
[STDERR  ] 2019-09-08T20:06:49.834893264Z: [    3.176277] ima: Allocated hash algorithm: sha256
[STDERR  ] 2019-09-08T20:06:49.834905521Z: [    3.180866] ata4: SATA link down (SStatus 0 SControl 300)
[STDERR  ] 2019-09-08T20:06:49.834918442Z: [    3.186208] ata3: SATA link up 1.5 Gbps (SStatus 113 SControl 300)
[STDERR  ] 2019-09-08T20:06:49.834937262Z: [    3.192390] ata2: SATA link down (SStatus 0 SControl 300)
[STDERR  ] 2019-09-08T20:06:49.834949739Z: [    3.197751] ata1: SATA link down (SStatus 0 SControl 300)
[STDERR  ] 2019-09-08T20:06:49.834961911Z: [    3.203066] ata6: SATA link down (SStatus 0 SControl 300)
[STDERR  ] 2019-09-08T20:06:49.834976892Z: [    3.208395] ata5: SATA link down (SStatus 0 SControl 300)
[STDERR  ] 2019-09-08T20:06:49.834989276Z: [    3.213221] No architecture policies found
[STDERR  ] 2019-09-08T20:06:49.835001818Z: [    3.216769] ata3.00: ATAPI: QEMU DVD-ROM, 2.5+, max UDMA/100
[STDERR  ] 2019-09-08T20:06:49.835019026Z: [    3.221558] ata3.00: applying bridge limits
[STDERR  ] 2019-09-08T20:06:49.835031664Z: [    3.225467] evm: Initialising EVM extended attributes:
[STDERR  ] 2019-09-08T20:06:49.835043922Z: [    3.229843] evm: security.ima
[STDERR  ] 2019-09-08T20:06:49.835083559Z: [    3.232672] evm: security.capability
[STDERR  ] 2019-09-08T20:06:49.835101603Z: [    3.235808] evm: HMAC attrs: 0x1
[STDERR  ] 2019-09-08T20:06:49.835113862Z: [    3.238932] ata3.00: configured for UDMA/100
[STDERR  ] 2019-09-08T20:06:49.835126557Z: [    3.243846] scsi 2:0:0:0: CD-ROM            QEMU     QEMU DVD-ROM     2.5+ PQ: 0 ANSI: 5
[STDERR  ] 2019-09-08T20:06:49.835139862Z: [    3.251630] rtc_cmos 00:00: setting system clock to 2019-09-08T20:06:45 UTC (1567973205)
[STDERR  ] 2019-09-08T20:06:49.835152036Z: [    3.260018] Unstable clock detected, switching default tracing clock to "global"
[STDERR  ] 2019-09-08T20:06:49.835164405Z: [    3.260018] If you want to keep using the local clock, then add:
[STDERR  ] 2019-09-08T20:06:49.835176653Z: [    3.260018]   "trace_clock=local"
[STDERR  ] 2019-09-08T20:06:49.835194575Z: [    3.260018] on the kernel command line
[STDERR  ] 2019-09-08T20:06:49.835206996Z: [    3.280140] sr 2:0:0:0: [sr0] scsi3-mmc drive: 4x/4x cd/rw xa/form2 tray
[STDERR  ] 2019-09-08T20:06:49.835225228Z: [    3.285909] cdrom: Uniform CD-ROM driver Revision: 3.20
[STDERR  ] 2019-09-08T20:06:49.835237679Z: [    3.291093] sr 2:0:0:0: Attached scsi generic sg0 type 5
[STDERR  ] 2019-09-08T20:06:49.835249988Z: [    3.297842] Freeing unused kernel image memory: 1608K
[STDERR  ] 2019-09-08T20:06:49.835262155Z: [    3.303407] Write protecting the kernel read-only data: 18432k
[STDERR  ] 2019-09-08T20:06:49.835274077Z: [    3.309730] Freeing unused kernel image memory: 2036K
[STDERR  ] 2019-09-08T20:06:49.835286637Z: [    3.314570] Freeing unused kernel image memory: 1004K
[STDERR  ] 2019-09-08T20:06:49.835299377Z: [    3.318980] Run /init as init process
[STDERR  ] 2019-09-08T20:06:49.835314817Z: 
[STDERR  ] 2019-09-08T20:06:49.835328271Z: Welcome to LinuxKit
[STDERR  ] 2019-09-08T20:06:49.835341677Z: 
[STDERR  ] 2019-09-08T20:06:49.835354261Z:                         ##         .
[STDERR  ] 2019-09-08T20:06:49.835366793Z:                   ## ## ##        ==
[STDERR  ] 2019-09-08T20:06:49.835380122Z:                ## ## ## ## ##    ===
[STDERR  ] 2019-09-08T20:06:49.835396130Z:            /"""""""""""""""""\___/ ===
[STDERR  ] 2019-09-08T20:06:49.835408961Z:           {                       /  ===-
[STDERR  ] 2019-09-08T20:06:49.835421198Z:            \______ O           __/
[STDERR  ] 2019-09-08T20:06:49.835433563Z:              \    \         __/
[STDERR  ] 2019-09-08T20:06:49.835446249Z:               \____\_______/
[STDERR  ] 2019-09-08T20:06:49.835462447Z: 
[STDERR  ] 2019-09-08T20:06:49.835474117Z: [    3.925441] hello_world: loading out-of-tree module taints kernel.
[STDERR  ] 2019-09-08T20:06:49.835486734Z: [    3.931021] Hello LinuxKit
[STDERR  ] 2019-09-08T20:06:49.835498716Z: [    3.937796] Goodbye LinuxKit.
[STDERR  ] 2019-09-08T20:06:49.835511110Z: Linux linuxkit-f6458b0419f0 5.1.15-linuxkit #1 SMP Tue Jul 2 21:19:37 UTC 2019 x86_64 Linux
[STDERR  ] 2019-09-08T20:06:49.835523801Z: filename:       hello_world.ko
[STDERR  ] 2019-09-08T20:06:49.835536049Z: author:         Rolf Neugebauer <rolf.neugebauer@docker.com>
[STDERR  ] 2019-09-08T20:06:49.835581829Z: description:    A simple Hello World kernel module for testing
[STDERR  ] 2019-09-08T20:06:49.835602174Z: license:        GPL
[STDERR  ] 2019-09-08T20:06:49.835619073Z: depends:        
[STDERR  ] 2019-09-08T20:06:49.835631876Z: vermagic:       5.1.15-linuxkit SMP mod_unload modversions RANDSTRUCT_PLUGIN_27913b49f722e2e581de0d94d86df37f95ce9522fa76d4674c475828de0f9b9f
[STDERR  ] 2019-09-08T20:06:49.835644816Z: Kernel module test suite PASSED
[STDERR  ] 2019-09-08T20:06:49.835656807Z: [    7.055334] ACPI: Preparing to enter system sleep state S5
[STDERR  ] 2019-09-08T20:06:49.835668963Z: [    7.060722] reboot: Power down
[STDERR  ] 2019-09-08T20:06:49.835687008Z: + grep -q Hello LinuxKit
[STDERR  ] 2019-09-08T20:06:49.835699527Z: + echo [    0.000000] Linux version 5.1.15-linuxkit (root@5c7ce90dcedb) (gcc version 8.3.0 (Alpine 8.3.0)) #1 SMP Tue Jul 2 21:19:37 UTC 2019
[STDERR  ] 2019-09-08T20:06:49.835717626Z: [    0.000000] Command line: console=ttyS0 console=ttyAMA0
[STDERR  ] 2019-09-08T20:06:49.835734798Z: [    0.000000] x86/fpu: x87 FPU will use FXSAVE
[STDERR  ] 2019-09-08T20:06:49.835746836Z: [    0.000000] BIOS-provided physical RAM map:
[STDERR  ] 2019-09-08T20:06:49.835758657Z: [    0.000000] BIOS-e820: [mem 0x0000000000000000-0x000000000009fbff] usable
[STDERR  ] 2019-09-08T20:06:49.835770475Z: [    0.000000] BIOS-e820: [mem 0x000000000009fc00-0x000000000009ffff] reserved
[STDERR  ] 2019-09-08T20:06:49.835782657Z: [    0.000000] BIOS-e820: [mem 0x00000000000f0000-0x00000000000fffff] reserved
[STDERR  ] 2019-09-08T20:06:49.835795376Z: [    0.000000] BIOS-e820: [mem 0x0000000000100000-0x000000003ffdefff] usable
[STDERR  ] 2019-09-08T20:06:49.835807633Z: [    0.000000] BIOS-e820: [mem 0x000000003ffdf000-0x000000003fffffff] reserved
[STDERR  ] 2019-09-08T20:06:49.835823261Z: [    0.000000] BIOS-e820: [mem 0x00000000b0000000-0x00000000bfffffff] reserved
[STDERR  ] 2019-09-08T20:06:49.835834894Z: [    0.000000] BIOS-e820: [mem 0x00000000fed1c000-0x00000000fed1ffff] reserved
[STDERR  ] 2019-09-08T20:06:49.835846807Z: [    0.000000] BIOS-e820: [mem 0x00000000feffc000-0x00000000feffffff] reserved
[STDERR  ] 2019-09-08T20:06:49.835859054Z: [    0.000000] BIOS-e820: [mem 0x00000000fffc0000-0x00000000ffffffff] reserved
[STDERR  ] 2019-09-08T20:06:49.835871627Z: [    0.000000] NX (Execute Disable) protection: active
[STDERR  ] 2019-09-08T20:06:49.835883661Z: [    0.000000] SMBIOS 2.8 present.
[STDERR  ] 2019-09-08T20:06:49.835896037Z: [    0.000000] DMI: QEMU Standard PC (Q35 + ICH9, 2009), BIOS 1.10.2-1 04/01/2014
[STDERR  ] 2019-09-08T20:06:49.835908557Z: [    0.000000] Hypervisor detected: KVM
[STDERR  ] 2019-09-08T20:06:49.835920434Z: [    0.000000] kvm-clock: Using msrs 4b564d01 and 4b564d00
[STDERR  ] 2019-09-08T20:06:49.835933026Z: [    0.000000] kvm-clock: cpu 0, msr 2c8e5001, primary cpu clock
[STDERR  ] 2019-09-08T20:06:49.835945101Z: [    0.000001] kvm-clock: using sched offset of 559604131 cycles
[STDERR  ] 2019-09-08T20:06:49.835956834Z: [    0.000013] clocksource: kvm-clock: mask: 0xffffffffffffffff max_cycles: 0x1cd42e4dffb, max_idle_ns: 881590591483 ns
[STDERR  ] 2019-09-08T20:06:49.835970624Z: [    0.000019] tsc: Detected 2299.798 MHz processor
[STDERR  ] 2019-09-08T20:06:49.835983206Z: [    0.003210] last_pfn = 0x3ffdf max_arch_pfn = 0x400000000
[STDERR  ] 2019-09-08T20:06:49.835995750Z: [    0.003800] x86/PAT: PAT not supported by CPU.
[STDERR  ] 2019-09-08T20:06:49.836008013Z: [    0.003854] x86/PAT: Configuration [0-7]: WB  WT  UC- UC  WB  WT  UC- UC  
[STDERR  ] 2019-09-08T20:06:49.836020263Z: [    0.013881] found SMP MP-table at [mem 0x000f6a90-0x000f6a9f]
[STDERR  ] 2019-09-08T20:06:49.836031982Z: [    0.014230] RAMDISK: [mem 0x3dea0000-0x3ffcffff]
[STDERR  ] 2019-09-08T20:06:49.836043838Z: [    0.014438] ACPI: Early table checksum verification disabled
[STDERR  ] 2019-09-08T20:06:49.836056237Z: [    0.014561] ACPI: RSDP 0x00000000000F68D0 000014 (v00 BOCHS )
[STDERR  ] 2019-09-08T20:06:49.836069071Z: [    0.014570] ACPI: RSDT 0x000000003FFE2404 000034 (v01 BOCHS  BXPCRSDT 00000001 BXPC 00000001)
[STDERR  ] 2019-09-08T20:06:49.836087511Z: [    0.014577] ACPI: FACP 0x000000003FFE22A4 000074 (v01 BOCHS  BXPCFACP 00000001 BXPC 00000001)
[STDERR  ] 2019-09-08T20:06:49.836099829Z: [    0.014583] ACPI: DSDT 0x000000003FFE0040 002264 (v01 BOCHS  BXPCDSDT 00000001 BXPC 00000001)
[STDERR  ] 2019-09-08T20:06:49.836111407Z: [    0.014588] ACPI: FACS 0x000000003FFE0000 000040
[STDERR  ] 2019-09-08T20:06:49.836123628Z: [    0.014591] ACPI: APIC 0x000000003FFE2318 000078 (v01 BOCHS  BXPCAPIC 00000001 BXPC 00000001)
[STDERR  ] 2019-09-08T20:06:49.836136043Z: [    0.014595] ACPI: HPET 0x000000003FFE2390 000038 (v01 BOCHS  BXPCHPET 00000001 BXPC 00000001)
[STDERR  ] 2019-09-08T20:06:49.836153366Z: [    0.014599] ACPI: MCFG 0x000000003FFE23C8 00003C (v01 BOCHS  BXPCMCFG 00000001 BXPC 00000001)
[STDERR  ] 2019-09-08T20:06:49.836169600Z: [    0.015718] Zone ranges:
[STDERR  ] 2019-09-08T20:06:49.836182036Z: [    0.015720]   DMA      [mem 0x0000000000001000-0x0000000000ffffff]
[STDERR  ] 2019-09-08T20:06:49.836193667Z: [    0.015722]   DMA32    [mem 0x0000000001000000-0x000000003ffdefff]
[STDERR  ] 2019-09-08T20:06:49.836207960Z: [    0.015723]   Normal   empty
[STDERR  ] 2019-09-08T20:06:49.836225866Z: [    0.015724]   Device   empty
[STDERR  ] 2019-09-08T20:06:49.836238245Z: [    0.015725] Movable zone start for each node
[STDERR  ] 2019-09-08T20:06:49.836250515Z: [    0.015726] Early memory node ranges
[STDERR  ] 2019-09-08T20:06:49.836262870Z: [    0.015728]   node   0: [mem 0x0000000000001000-0x000000000009efff]
[STDERR  ] 2019-09-08T20:06:49.836274921Z: [    0.015729]   node   0: [mem 0x0000000000100000-0x000000003ffdefff]
[STDERR  ] 2019-09-08T20:06:49.836286474Z: [    0.016237] Zeroed struct page in unavailable ranges: 98 pages
[STDERR  ] 2019-09-08T20:06:49.836298667Z: [    0.016239] Initmem setup node 0 [mem 0x0000000000001000-0x000000003ffdefff]
[STDERR  ] 2019-09-08T20:06:49.836314310Z: [    0.030153] ACPI: PM-Timer IO Port: 0x608
[STDERR  ] 2019-09-08T20:06:49.836327052Z: [    0.030200] ACPI: LAPIC_NMI (acpi_id[0xff] dfl dfl lint[0x1])
[STDERR  ] 2019-09-08T20:06:49.836342295Z: [    0.030445] IOAPIC[0]: apic_id 0, version 17, address 0xfec00000, GSI 0-23
[STDERR  ] 2019-09-08T20:06:49.836354580Z: [    0.030448] ACPI: INT_SRC_OVR (bus 0 bus_irq 0 global_irq 2 dfl dfl)
[STDERR  ] 2019-09-08T20:06:49.836370416Z: [    0.030451] ACPI: INT_SRC_OVR (bus 0 bus_irq 5 global_irq 5 high level)
[STDERR  ] 2019-09-08T20:06:49.836385570Z: [    0.030452] ACPI: INT_SRC_OVR (bus 0 bus_irq 9 global_irq 9 high level)
[STDERR  ] 2019-09-08T20:06:49.836397922Z: [    0.030454] ACPI: INT_SRC_OVR (bus 0 bus_irq 10 global_irq 10 high level)
[STDERR  ] 2019-09-08T20:06:49.836410199Z: [    0.030456] ACPI: INT_SRC_OVR (bus 0 bus_irq 11 global_irq 11 high level)
[STDERR  ] 2019-09-08T20:06:49.836422550Z: [    0.030463] Using ACPI (MADT) for SMP configuration information
[STDERR  ] 2019-09-08T20:06:49.836435009Z: [    0.030466] ACPI: HPET id: 0x8086a201 base: 0xfed00000
[STDERR  ] 2019-09-08T20:06:49.836447606Z: [    0.030500] smpboot: Allowing 1 CPUs, 0 hotplug CPUs
[STDERR  ] 2019-09-08T20:06:49.836459696Z: [    0.030607] [mem 0x40000000-0xafffffff] available for PCI devices
[STDERR  ] 2019-09-08T20:06:49.836471626Z: [    0.030608] Booting paravirtualized kernel on KVM
[STDERR  ] 2019-09-08T20:06:49.836490469Z: [    0.030612] clocksource: refined-jiffies: mask: 0xffffffff max_cycles: 0xffffffff, max_idle_ns: 1910969940391419 ns
[STDERR  ] 2019-09-08T20:06:49.836503622Z: [    0.165901] random: get_random_bytes called from start_kernel+0xac/0x501 with crng_init=0
[STDERR  ] 2019-09-08T20:06:49.836516157Z: [    0.165915] setup_percpu: NR_CPUS:128 nr_cpumask_bits:128 nr_cpu_ids:1 nr_node_ids:1
[STDERR  ] 2019-09-08T20:06:49.836528040Z: [    0.167003] percpu: Embedded 45 pages/cpu s144856 r8192 d31272 u2097152
[STDERR  ] 2019-09-08T20:06:49.836540128Z: [    0.167130] KVM setup async PF for cpu 0
[STDERR  ] 2019-09-08T20:06:49.836553585Z: [    0.167181] kvm-stealtime: cpu 0, msr 3ca15e80
[STDERR  ] 2019-09-08T20:06:49.836571420Z: [    0.167210] Built 1 zonelists, mobility grouping on.  Total pages: 257896
[STDERR  ] 2019-09-08T20:06:49.836586640Z: [    0.167213] Kernel command line: console=ttyS0 console=ttyAMA0
[STDERR  ] 2019-09-08T20:06:49.836599010Z: [    0.167363] Dentry cache hash table entries: 131072 (order: 8, 1048576 bytes)
[STDERR  ] 2019-09-08T20:06:49.836611529Z: [    0.167520] Inode-cache hash table entries: 65536 (order: 7, 524288 bytes)
[STDERR  ] 2019-09-08T20:06:49.836648025Z: [    0.171452] Memory: 967732K/1048052K available (12291K kernel code, 1598K rwdata, 3092K rodata, 1608K init, 1224K bss, 80320K reserved, 0K cma-reserved)
[STDERR  ] 2019-09-08T20:06:49.836667962Z: [    0.172574] Kernel/User page tables isolation: enabled
[STDERR  ] 2019-09-08T20:06:49.836680678Z: [    0.172619] ftrace: allocating 43871 entries in 172 pages
[STDERR  ] 2019-09-08T20:06:49.836692918Z: [    0.195025] rcu: Hierarchical RCU implementation.
[STDERR  ] 2019-09-08T20:06:49.836705397Z: [    0.195028] rcu: 	RCU restricting CPUs from NR_CPUS=128 to nr_cpu_ids=1.
[STDERR  ] 2019-09-08T20:06:49.836720788Z: [    0.195030] rcu: RCU calculated value of scheduler-enlistment delay is 100 jiffies.
[STDERR  ] 2019-09-08T20:06:49.836732985Z: [    0.195032] rcu: Adjusting geometry for rcu_fanout_leaf=16, nr_cpu_ids=1
[STDERR  ] 2019-09-08T20:06:49.836745389Z: [    0.198530] NR_IRQS: 8448, nr_irqs: 256, preallocated irqs: 16
[STDERR  ] 2019-09-08T20:06:49.836757231Z: [    0.224228] Console: colour VGA+ 80x25
[STDERR  ] 2019-09-08T20:06:49.836769278Z: [    0.664906] printk: console [ttyS0] enabled
[STDERR  ] 2019-09-08T20:06:49.836782448Z: [    0.668657] ACPI: Core revision 20190215
[STDERR  ] 2019-09-08T20:06:49.836794583Z: [    0.672886] clocksource: hpet: mask: 0xffffffff max_cycles: 0xffffffff, max_idle_ns: 19112604467 ns
[STDERR  ] 2019-09-08T20:06:49.836806996Z: [    0.681379] APIC: Switch to symmetric I/O mode setup
[STDERR  ] 2019-09-08T20:06:49.836819259Z: [    0.687938] x2apic enabled
[STDERR  ] 2019-09-08T20:06:49.836831356Z: [    0.692387] Switched APIC routing to physical x2apic.
[STDERR  ] 2019-09-08T20:06:49.836843788Z: [    0.706029] ..TIMER: vector=0x30 apic1=0 pin1=2 apic2=-1 pin2=-1
[STDERR  ] 2019-09-08T20:06:49.836856334Z: [    0.711362] clocksource: tsc-early: mask: 0xffffffffffffffff max_cycles: 0x2126765bdb5, max_idle_ns: 440795204572 ns
[STDERR  ] 2019-09-08T20:06:49.836873978Z: [    0.720360] Calibrating delay loop (skipped) preset value.. 4599.59 BogoMIPS (lpj=2299798)
[STDERR  ] 2019-09-08T20:06:49.836886335Z: [    0.721336] pid_max: default: 32768 minimum: 301
[STDERR  ] 2019-09-08T20:06:49.836898055Z: [    0.722416] LSM: Security Framework initializing
[STDERR  ] 2019-09-08T20:06:49.836910061Z: [    0.723339] Yama: becoming mindful.
[STDERR  ] 2019-09-08T20:06:49.836922184Z: [    0.724383] Mount-cache hash table entries: 2048 (order: 2, 16384 bytes)
[STDERR  ] 2019-09-08T20:06:49.836934760Z: [    0.725339] Mountpoint-cache hash table entries: 2048 (order: 2, 16384 bytes)
[STDERR  ] 2019-09-08T20:06:49.836946910Z: [    0.726603] *** VALIDATE proc ***
[STDERR  ] 2019-09-08T20:06:49.836959637Z: [    0.727420] *** VALIDATE cgroup1 ***
[STDERR  ] 2019-09-08T20:06:49.836972314Z: [    0.728336] *** VALIDATE cgroup2 ***
[STDERR  ] 2019-09-08T20:06:49.836984155Z: [    0.731372] Last level iTLB entries: 4KB 0, 2MB 0, 4MB 0
[STDERR  ] 2019-09-08T20:06:49.836998814Z: [    0.732335] Last level dTLB entries: 4KB 0, 2MB 0, 4MB 0, 1GB 0
[STDERR  ] 2019-09-08T20:06:49.837011114Z: [    0.733336] Spectre V2 : Mitigation: Full generic retpoline
[STDERR  ] 2019-09-08T20:06:49.837023515Z: [    0.734334] Spectre V2 : Spectre v2 / SpectreRSB mitigation: Filling RSB on context switch
[STDERR  ] 2019-09-08T20:06:49.837036299Z: [    0.735334] Speculative Store Bypass: Vulnerable
[STDERR  ] 2019-09-08T20:06:49.837048466Z: [    0.736355] MDS: Vulnerable: Clear CPU buffers attempted, no microcode
[STDERR  ] 2019-09-08T20:06:49.837060694Z: [    0.745399] Freeing SMP alternatives memory: 20K
[STDERR  ] 2019-09-08T20:06:49.837075221Z: [    0.747330] smpboot: CPU0: Intel QEMU Virtual CPU version 2.5+ (family: 0x6, model: 0x6, stepping: 0x3)
[STDERR  ] 2019-09-08T20:06:49.837092482Z: [    0.747567] Performance Events: PMU not available due to virtualization, using software events only.
[STDERR  ] 2019-09-08T20:06:49.837105351Z: [    0.750444] rcu: Hierarchical SRCU implementation.
[STDERR  ] 2019-09-08T20:06:49.837117740Z: [    0.751463] NMI watchdog: Perf NMI watchdog permanently disabled
[STDERR  ] 2019-09-08T20:06:49.837130209Z: [    0.752408] smp: Bringing up secondary CPUs ...
[STDERR  ] 2019-09-08T20:06:49.837142056Z: [    0.753335] smp: Brought up 1 node, 1 CPU
[STDERR  ] 2019-09-08T20:06:49.837159633Z: [    0.754334] smpboot: Max logical packages: 1
[STDERR  ] 2019-09-08T20:06:49.837172161Z: [    0.755334] smpboot: Total of 1 processors activated (4599.59 BogoMIPS)
[STDERR  ] 2019-09-08T20:06:49.837184193Z: [    0.757453] devtmpfs: initialized
[STDERR  ] 2019-09-08T20:06:49.837199807Z: [    0.758425] x86/mm: Memory block size: 128MB
[STDERR  ] 2019-09-08T20:06:49.837211791Z: [    0.760657] clocksource: jiffies: mask: 0xffffffff max_cycles: 0xffffffff, max_idle_ns: 1911260446275000 ns
[STDERR  ] 2019-09-08T20:06:49.837230721Z: [    0.761349] futex hash table entries: 256 (order: 2, 16384 bytes)
[STDERR  ] 2019-09-08T20:06:49.837242947Z: [    0.763667] NET: Registered protocol family 16
[STDERR  ] 2019-09-08T20:06:49.837255100Z: [    0.764526] audit: initializing netlink subsys (disabled)
[STDERR  ] 2019-09-08T20:06:49.837267996Z: [    0.766472] cpuidle: using governor ladder
[STDERR  ] 2019-09-08T20:06:49.837280817Z: [    0.767336] cpuidle: using governor menu
[STDERR  ] 2019-09-08T20:06:49.837293292Z: [    0.768482] ACPI: bus type PCI registered
[STDERR  ] 2019-09-08T20:06:49.837309461Z: [    0.769335] acpiphp: ACPI Hot Plug PCI Controller Driver version: 0.5
[STDERR  ] 2019-09-08T20:06:49.837322465Z: [    0.770343] audit: type=2000 audit(1567973202.513:1): state=initialized audit_enabled=0 res=1
[STDERR  ] 2019-09-08T20:06:49.837334921Z: [    0.772338] PCI: MMCONFIG for domain 0000 [bus 00-ff] at [mem 0xb0000000-0xbfffffff] (base 0xb0000000)
[STDERR  ] 2019-09-08T20:06:49.837351231Z: [    0.774337] PCI: MMCONFIG at [mem 0xb0000000-0xbfffffff] reserved in E820
[STDERR  ] 2019-09-08T20:06:49.837363459Z: [    0.775354] PCI: Using configuration type 1 for base access
[STDERR  ] 2019-09-08T20:06:49.837376105Z: [    0.778525] HugeTLB registered 2.00 MiB page size, pre-allocated 0 pages
[STDERR  ] 2019-09-08T20:06:49.837388816Z: [    0.779557] cryptd: max_cpu_qlen set to 1000
[STDERR  ] 2019-09-08T20:06:49.837401006Z: [    0.780553] ACPI: Added _OSI(Module Device)
[STDERR  ] 2019-09-08T20:06:49.837413221Z: [    0.781336] ACPI: Added _OSI(Processor Device)
[STDERR  ] 2019-09-08T20:06:49.837425331Z: [    0.782334] ACPI: Added _OSI(3.0 _SCP Extensions)
[STDERR  ] 2019-09-08T20:06:49.837437308Z: [    0.783334] ACPI: Added _OSI(Processor Aggregator Device)
[STDERR  ] 2019-09-08T20:06:49.837449107Z: [    0.784349] ACPI: Added _OSI(Linux-Dell-Video)
[STDERR  ] 2019-09-08T20:06:49.837461341Z: [    0.785335] ACPI: Added _OSI(Linux-Lenovo-NV-HDMI-Audio)
[STDERR  ] 2019-09-08T20:06:49.837473629Z: [    0.786336] ACPI: Added _OSI(Linux-HPI-Hybrid-Graphics)
[STDERR  ] 2019-09-08T20:06:49.837485844Z: [    0.788838] ACPI: 1 ACPI AML tables successfully acquired and loaded
[STDERR  ] 2019-09-08T20:06:49.837498248Z: [    0.791524] ACPI: Interpreter enabled
[STDERR  ] 2019-09-08T20:06:49.837515074Z: [    0.792341] ACPI: (supports S0 S5)
[STDERR  ] 2019-09-08T20:06:49.837526801Z: [    0.793335] ACPI: Using IOAPIC for interrupt routing
[STDERR  ] 2019-09-08T20:06:49.837538433Z: [    0.794384] PCI: Using host bridge windows from ACPI; if necessary, use "pci=nocrs" and report a bug
[STDERR  ] 2019-09-08T20:06:49.837551222Z: [    0.795554] ACPI: Enabled 2 GPEs in block 00 to 3F
[STDERR  ] 2019-09-08T20:06:49.837566448Z: [    0.800820] ACPI: PCI Root Bridge [PCI0] (domain 0000 [bus 00-ff])
[STDERR  ] 2019-09-08T20:06:49.837581853Z: [    0.801344] acpi PNP0A08:00: _OSC: OS supports [ExtendedConfig ASPM ClockPM Segments MSI]
[STDERR  ] 2019-09-08T20:06:49.837599743Z: [    0.803419] acpi PNP0A08:00: _OSC: platform does not support [SHPCHotplug LTR]
[STDERR  ] 2019-09-08T20:06:49.837611544Z: [    0.804422] acpi PNP0A08:00: _OSC: OS now controls [PCIeHotplug PME PCIeCapability]
[STDERR  ] 2019-09-08T20:06:49.837623478Z: [    0.806570] PCI host bridge to bus 0000:00
[STDERR  ] 2019-09-08T20:06:49.837635601Z: [    0.808337] pci_bus 0000:00: root bus resource [io  0x0000-0x0cf7 window]
[STDERR  ] 2019-09-08T20:06:49.837648314Z: [    0.809337] pci_bus 0000:00: root bus resource [io  0x0d00-0xffff window]
[STDERR  ] 2019-09-08T20:06:49.837668086Z: [    0.810336] pci_bus 0000:00: root bus resource [mem 0x000a0000-0x000bffff window]
[STDERR  ] 2019-09-08T20:06:49.837680279Z: [    0.811336] pci_bus 0000:00: root bus resource [mem 0xc0000000-0xfebfffff window]
[STDERR  ] 2019-09-08T20:06:49.837694364Z: [    0.812338] pci_bus 0000:00: root bus resource [bus 00-ff]
[STDERR  ] 2019-09-08T20:06:49.837706032Z: [    0.879842] pci 0000:00:1f.0: quirk: [io  0x0600-0x067f] claimed by ICH6 ACPI/GPIO/TCO
[STDERR  ] 2019-09-08T20:06:49.837718330Z: [    0.907124] ACPI: PCI Interrupt Link [LNKA] (IRQs 5 *10 11)
[STDERR  ] 2019-09-08T20:06:49.837732990Z: [    0.908353] ACPI: PCI Interrupt Link [LNKB] (IRQs 5 *10 11)
[STDERR  ] 2019-09-08T20:06:49.837745572Z: [    0.910485] ACPI: PCI Interrupt Link [LNKC] (IRQs 5 10 *11)
[STDERR  ] 2019-09-08T20:06:49.837758059Z: [    0.911593] ACPI: PCI Interrupt Link [LNKD] (IRQs 5 10 *11)
[STDERR  ] 2019-09-08T20:06:49.837770004Z: [    0.912598] ACPI: PCI Interrupt Link [LNKE] (IRQs 5 *10 11)
[STDERR  ] 2019-09-08T20:06:49.837781703Z: [    0.913599] ACPI: PCI Interrupt Link [LNKF] (IRQs 5 *10 11)
[STDERR  ] 2019-09-08T20:06:49.837793473Z: [    0.914596] ACPI: PCI Interrupt Link [LNKG] (IRQs 5 10 *11)
[STDERR  ] 2019-09-08T20:06:49.837805845Z: [    0.915596] ACPI: PCI Interrupt Link [LNKH] (IRQs 5 10 *11)
[STDERR  ] 2019-09-08T20:06:49.837818288Z: [    0.916458] ACPI: PCI Interrupt Link [GSIA] (IRQs *16)
[STDERR  ] 2019-09-08T20:06:49.837830593Z: [    0.917348] ACPI: PCI Interrupt Link [GSIB] (IRQs *17)
[STDERR  ] 2019-09-08T20:06:49.837843107Z: [    0.918350] ACPI: PCI Interrupt Link [GSIC] (IRQs *18)
[STDERR  ] 2019-09-08T20:06:49.837857890Z: [    0.919348] ACPI: PCI Interrupt Link [GSID] (IRQs *19)
[STDERR  ] 2019-09-08T20:06:49.837869694Z: [    0.920347] ACPI: PCI Interrupt Link [GSIE] (IRQs *20)
[STDERR  ] 2019-09-08T20:06:49.837881321Z: [    0.921347] ACPI: PCI Interrupt Link [GSIF] (IRQs *21)
[STDERR  ] 2019-09-08T20:06:49.837893600Z: [    0.922347] ACPI: PCI Interrupt Link [GSIG] (IRQs *22)
[STDERR  ] 2019-09-08T20:06:49.837906247Z: [    0.923347] ACPI: PCI Interrupt Link [GSIH] (IRQs *23)
[STDERR  ] 2019-09-08T20:06:49.837918622Z: [    0.924887] SCSI subsystem initialized
[STDERR  ] 2019-09-08T20:06:49.837931242Z: [    0.926387] ACPI: bus type USB registered
[STDERR  ] 2019-09-08T20:06:49.837943087Z: [    0.927369] usbcore: registered new interface driver usbfs
[STDERR  ] 2019-09-08T20:06:49.837955194Z: [    0.928373] usbcore: registered new interface driver hub
[STDERR  ] 2019-09-08T20:06:49.837966767Z: [    0.929369] usbcore: registered new device driver usb
[STDERR  ] 2019-09-08T20:06:49.837978702Z: [    0.930366] pps_core: LinuxPPS API ver. 1 registered
[STDERR  ] 2019-09-08T20:06:49.837991225Z: [    0.931334] pps_core: Software ver. 5.3.6 - Copyright 2005-2007 Rodolfo Giometti <giometti@linux.it>
[STDERR  ] 2019-09-08T20:06:49.838003593Z: [    0.932349] PTP clock support registered
[STDERR  ] 2019-09-08T20:06:49.838015425Z: [    0.933450] PCI: Using ACPI for IRQ routing
[STDERR  ] 2019-09-08T20:06:49.838028568Z: [    1.356538] NetLabel: Initializing
[STDERR  ] 2019-09-08T20:06:49.838040535Z: [    1.357335] NetLabel:  domain hash size = 128
[STDERR  ] 2019-09-08T20:06:49.838053386Z: [    1.358333] NetLabel:  protocols = UNLABELED CIPSOv4 CALIPSO
[STDERR  ] 2019-09-08T20:06:49.838065378Z: [    1.359368] NetLabel:  unlabeled traffic allowed by default
[STDERR  ] 2019-09-08T20:06:49.838081134Z: [    1.361368] HPET: 3 timers in total, 0 timers will be used for per-cpu timer
[STDERR  ] 2019-09-08T20:06:49.838099688Z: [    1.362428] hpet0: at MMIO 0xfed00000, IRQs 2, 8, 0
[STDERR  ] 2019-09-08T20:06:49.838117289Z: [    1.363335] hpet0: 3 comparators, 64-bit 100.000000 MHz counter
[STDERR  ] 2019-09-08T20:06:49.838129334Z: [    1.367388] clocksource: Switched to clocksource kvm-clock
[STDERR  ] 2019-09-08T20:06:49.838141391Z: [    1.408124] VFS: Disk quotas dquot_6.6.0
[STDERR  ] 2019-09-08T20:06:49.838179733Z: [    1.411711] VFS: Dquot-cache hash table entries: 512 (order 0, 4096 bytes)
[STDERR  ] 2019-09-08T20:06:49.838192991Z: [    1.417707] FS-Cache: Loaded
[STDERR  ] 2019-09-08T20:06:49.838211525Z: [    1.420243] *** VALIDATE hugetlbfs ***
[STDERR  ] 2019-09-08T20:06:49.838229265Z: [    1.423572] CacheFiles: Loaded
[STDERR  ] 2019-09-08T20:06:49.838241580Z: [    1.426280] pnp: PnP ACPI init
[STDERR  ] 2019-09-08T20:06:49.838254069Z: [    1.430109] pnp: PnP ACPI: found 5 devices
[STDERR  ] 2019-09-08T20:06:49.838266785Z: [    1.440013] clocksource: acpi_pm: mask: 0xffffff max_cycles: 0xffffff, max_idle_ns: 2085701024 ns
[STDERR  ] 2019-09-08T20:06:49.838294926Z: [    1.448042] NET: Registered protocol family 2
[STDERR  ] 2019-09-08T20:06:49.838306846Z: [    1.452062] tcp_listen_portaddr_hash hash table entries: 512 (order: 1, 8192 bytes)
[STDERR  ] 2019-09-08T20:06:49.838318766Z: [    1.458617] TCP established hash table entries: 8192 (order: 4, 65536 bytes)
[STDERR  ] 2019-09-08T20:06:49.838331461Z: [    1.465855] TCP bind hash table entries: 8192 (order: 5, 131072 bytes)
[STDERR  ] 2019-09-08T20:06:49.838343846Z: [    1.471464] TCP: Hash tables configured (established 8192 bind 8192)
[STDERR  ] 2019-09-08T20:06:49.838356283Z: [    1.477058] UDP hash table entries: 512 (order: 2, 16384 bytes)
[STDERR  ] 2019-09-08T20:06:49.838368409Z: [    1.482150] UDP-Lite hash table entries: 512 (order: 2, 16384 bytes)
[STDERR  ] 2019-09-08T20:06:49.838396027Z: [    1.487680] NET: Registered protocol family 1
[STDERR  ] 2019-09-08T20:06:49.838420916Z: [    1.491526] NET: Registered protocol family 44
[STDERR  ] 2019-09-08T20:06:49.838432568Z: [    1.495565] pci 0000:00:01.0: Video device with shadowed ROM at [mem 0x000c0000-0x000dffff]
[STDERR  ] 2019-09-08T20:06:49.838444949Z: [    1.503006] Trying to unpack rootfs image as initramfs...
[STDERR  ] 2019-09-08T20:06:49.838457397Z: [    2.352771] Freeing initrd memory: 33984K
[STDERR  ] 2019-09-08T20:06:49.838470037Z: [    2.356607] clocksource: tsc: mask: 0xffffffffffffffff max_cycles: 0x2126765bdb5, max_idle_ns: 440795204572 ns
[STDERR  ] 2019-09-08T20:06:49.838482627Z: [    2.413550] PCLMULQDQ-NI instructions are not detected.
[STDERR  ] 2019-09-08T20:06:49.838494473Z: [    2.420558] AVX or AES-NI instructions are not detected.
[STDERR  ] 2019-09-08T20:06:49.838506062Z: [    2.425540] CPU feature 'AVX registers' is not supported.
[STDERR  ] 2019-09-08T20:06:49.838518616Z: [    2.430546] CPU feature 'AVX registers' is not supported.
[STDERR  ] 2019-09-08T20:06:49.838530723Z: [    2.435548] CPU feature 'AVX registers' is not supported.
[STDERR  ] 2019-09-08T20:06:49.838543090Z: [    2.440554] CPU feature 'AVX registers' is not supported.
[STDERR  ] 2019-09-08T20:06:49.838556095Z: [    2.445577] AVX2 or AES-NI instructions are not detected.
[STDERR  ] 2019-09-08T20:06:49.838575571Z: [    2.450547] AVX2 instructions are not detected.
[STDERR  ] 2019-09-08T20:06:49.838588057Z: [    2.455084] workingset: timestamp_bits=46 max_order=18 bucket_order=0
[STDERR  ] 2019-09-08T20:06:49.838600193Z: [    2.461017] squashfs: version 4.0 (2009/01/31) Phillip Lougher
[STDERR  ] 2019-09-08T20:06:49.838617101Z: [    2.466109] FS-Cache: Netfs 'cifs' registered for caching
[STDERR  ] 2019-09-08T20:06:49.838629568Z: [    2.470781] fuse init (API version 7.29)
[STDERR  ] 2019-09-08T20:06:49.838641924Z: [    2.474299] SGI XFS with ACLs, security attributes, no debug enabled
[STDERR  ] 2019-09-08T20:06:49.838654229Z: [    2.479934] 9p: Installing v9fs 9p2000 file system support
[STDERR  ] 2019-09-08T20:06:49.838672090Z: [    2.484640] FS-Cache: Netfs '9p' registered for caching
[STDERR  ] 2019-09-08T20:06:49.838683812Z: [    2.625074] NET: Registered protocol family 38
[STDERR  ] 2019-09-08T20:06:49.838695633Z: [    2.629069] Key type asymmetric registered
[STDERR  ] 2019-09-08T20:06:49.838711352Z: [    2.632619] Asymmetric key parser 'x509' registered
[STDERR  ] 2019-09-08T20:06:49.838724013Z: [    2.636894] Block layer SCSI generic (bsg) driver version 0.4 loaded (major 247)
[STDERR  ] 2019-09-08T20:06:49.838735986Z: [    2.643207] io scheduler mq-deadline registered
[STDERR  ] 2019-09-08T20:06:49.838748430Z: [    2.647118] io scheduler kyber registered
[STDERR  ] 2019-09-08T20:06:49.838764617Z: [    2.650643] io scheduler bfq registered
[STDERR  ] 2019-09-08T20:06:49.838776445Z: [    2.654146] shpchp: Standard Hot Plug PCI Controller Driver version: 0.4
[STDERR  ] 2019-09-08T20:06:49.838788728Z: [    2.659918] hv_vmbus: registering driver hyperv_fb
[STDERR  ] 2019-09-08T20:06:49.838800880Z: [    2.664714] input: Power Button as /devices/LNXSYSTM:00/LNXPWRBN:00/input/input0
[STDERR  ] 2019-09-08T20:06:49.838813265Z: [    2.671689] ACPI: Power Button [PWRF]
[STDERR  ] 2019-09-08T20:06:49.838825722Z: [    2.675837] PCI Interrupt Link [GSIG] enabled at IRQ 22
[STDERR  ] 2019-09-08T20:06:49.838838030Z: [    2.686045] PCI Interrupt Link [GSIH] enabled at IRQ 23
[STDERR  ] 2019-09-08T20:06:49.838849994Z: [    2.696524] Serial: 8250/16550 driver, 4 ports, IRQ sharing disabled
[STDERR  ] 2019-09-08T20:06:49.838861866Z: [    2.735035] 00:04: ttyS0 at I/O 0x3f8 (irq = 4, base_baud = 115200) is a 16550A
[STDERR  ] 2019-09-08T20:06:49.838873888Z: [    2.742249] Non-volatile memory driver v1.3
[STDERR  ] 2019-09-08T20:06:49.838885923Z: [    2.747505] Hangcheck: starting hangcheck timer 0.9.1 (tick is 180 seconds, margin is 60 seconds).
[STDERR  ] 2019-09-08T20:06:49.838901623Z: [    2.755336] random: fast init done
[STDERR  ] 2019-09-08T20:06:49.838913733Z: [    2.759423] random: crng init done
[STDERR  ] 2019-09-08T20:06:49.838929339Z: [    2.763655] brd: module loaded
[STDERR  ] 2019-09-08T20:06:49.838941742Z: [    2.769160] loop: module loaded
[STDERR  ] 2019-09-08T20:06:49.838954881Z: [    2.776850] lpc_ich 0000:00:1f.0: I/O space for GPIO uninitialized
[STDERR  ] 2019-09-08T20:06:49.838967104Z: [    2.782212] VMware PVSCSI driver - version 1.0.7.0-k
[STDERR  ] 2019-09-08T20:06:49.838979096Z: [    2.786474] hv_vmbus: registering driver hv_storvsc
[STDERR  ] 2019-09-08T20:06:49.838991110Z: [    2.791314] PCI Interrupt Link [GSIA] enabled at IRQ 16
[STDERR  ] 2019-09-08T20:06:49.839003387Z: [    2.799089] ahci 0000:00:1f.2: AHCI 0001.0000 32 slots 6 ports 1.5 Gbps 0x3f impl SATA mode
[STDERR  ] 2019-09-08T20:06:49.839015388Z: [    2.806135] ahci 0000:00:1f.2: flags: 64bit ncq only 
[STDERR  ] 2019-09-08T20:06:49.839027055Z: [    2.814174] scsi host0: ahci
[STDERR  ] 2019-09-08T20:06:49.839038923Z: [    2.816980] scsi host1: ahci
[STDERR  ] 2019-09-08T20:06:49.839058434Z: [    2.819689] scsi host2: ahci
[STDERR  ] 2019-09-08T20:06:49.839071193Z: [    2.822452] scsi host3: ahci
[STDERR  ] 2019-09-08T20:06:49.839083084Z: [    2.825170] scsi host4: ahci
[STDERR  ] 2019-09-08T20:06:49.839095173Z: [    2.827853] scsi host5: ahci
[STDERR  ] 2019-09-08T20:06:49.839107483Z: [    2.830573] ata1: SATA max UDMA/133 abar m4096@0xfebd2000 port 0xfebd2100 irq 24
[STDERR  ] 2019-09-08T20:06:49.839120163Z: [    2.836854] ata2: SATA max UDMA/133 abar m4096@0xfebd2000 port 0xfebd2180 irq 24
[STDERR  ] 2019-09-08T20:06:49.839135436Z: [    2.843126] ata3: SATA max UDMA/133 abar m4096@0xfebd2000 port 0xfebd2200 irq 24
[STDERR  ] 2019-09-08T20:06:49.839147691Z: [    2.849421] ata4: SATA max UDMA/133 abar m4096@0xfebd2000 port 0xfebd2280 irq 24
[STDERR  ] 2019-09-08T20:06:49.839160084Z: [    2.855673] ata5: SATA max UDMA/133 abar m4096@0xfebd2000 port 0xfebd2300 irq 24
[STDERR  ] 2019-09-08T20:06:49.839175697Z: [    2.861926] ata6: SATA max UDMA/133 abar m4096@0xfebd2000 port 0xfebd2380 irq 24
[STDERR  ] 2019-09-08T20:06:49.839188077Z: [    2.870451] tun: Universal TUN/TAP device driver, 1.6
[STDERR  ] 2019-09-08T20:06:49.839210513Z: [    2.879462] VMware vmxnet3 virtual NIC driver - version 1.4.16.0-k-NAPI
[STDERR  ] 2019-09-08T20:06:49.839230120Z: [    2.885170] hv_vmbus: registering driver hv_netvsc
[STDERR  ] 2019-09-08T20:06:49.839242161Z: [    2.889284] Fusion MPT base driver 3.04.20
[STDERR  ] 2019-09-08T20:06:49.839254501Z: [    2.892789] Copyright (c) 1999-2008 LSI Corporation
[STDERR  ] 2019-09-08T20:06:49.839266681Z: [    2.896988] Fusion MPT SPI Host driver 3.04.20
[STDERR  ] 2019-09-08T20:06:49.839278974Z: [    2.900939] i8042: PNP: PS/2 Controller [PNP0303:KBD,PNP0f13:MOU] at 0x60,0x64 irq 1,12
[STDERR  ] 2019-09-08T20:06:49.839296562Z: [    2.911235] serio: i8042 KBD port at 0x60,0x64 irq 1
[STDERR  ] 2019-09-08T20:06:49.839309243Z: [    2.915510] serio: i8042 AUX port at 0x60,0x64 irq 12
[STDERR  ] 2019-09-08T20:06:49.839321322Z: [    2.920078] hv_vmbus: registering driver hyperv_keyboard
[STDERR  ] 2019-09-08T20:06:49.839333403Z: [    2.924695] mousedev: PS/2 mouse device common for all mice
[STDERR  ] 2019-09-08T20:06:49.839346057Z: [    2.930700] input: AT Translated Set 2 keyboard as /devices/platform/i8042/serio0/input/input1
[STDERR  ] 2019-09-08T20:06:49.839358838Z: [    2.938074] input: PC Speaker as /devices/platform/pcspkr/input/input2
[STDERR  ] 2019-09-08T20:06:49.839371402Z: [    2.944563] rtc_cmos 00:00: RTC can wake from S4
[STDERR  ] 2019-09-08T20:06:49.839383952Z: [    2.950848] rtc_cmos 00:00: registered as rtc0
[STDERR  ] 2019-09-08T20:06:49.839396138Z: [    2.954721] rtc_cmos 00:00: alarms up to one day, y3k, 114 bytes nvram, hpet irqs
[STDERR  ] 2019-09-08T20:06:49.839409018Z: [    2.961101] i2c /dev entries driver
[STDERR  ] 2019-09-08T20:06:49.839421297Z: [    2.964306] device-mapper: ioctl: 4.40.0-ioctl (2019-01-18) initialised: dm-devel@redhat.com
[STDERR  ] 2019-09-08T20:06:49.839434196Z: [    2.972482] intel_pstate: CPU model not supported
[STDERR  ] 2019-09-08T20:06:49.839446305Z: [    2.977267] usbcore: registered new interface driver usbhid
[STDERR  ] 2019-09-08T20:06:49.839458883Z: [    2.982269] usbhid: USB HID core driver
[STDERR  ] 2019-09-08T20:06:49.839471241Z: [    2.985828] hv_utils: Registering HyperV Utility Driver
[STDERR  ] 2019-09-08T20:06:49.839483833Z: [    2.990417] hv_vmbus: registering driver hv_utils
[STDERR  ] 2019-09-08T20:06:49.839496492Z: [    2.996230] hv_vmbus: registering driver hv_balloon
[STDERR  ] 2019-09-08T20:06:49.839509084Z: [    3.000376] oprofile: using NMI interrupt.
[STDERR  ] 2019-09-08T20:06:49.839521522Z: [    3.003996] GACT probability on
[STDERR  ] 2019-09-08T20:06:49.839534108Z: [    3.006789] Mirror/redirect action on
[STDERR  ] 2019-09-08T20:06:49.839546433Z: [    3.010002] Simple TC action Loaded
[STDERR  ] 2019-09-08T20:06:49.839558986Z: [    3.013095] u32 classifier
[STDERR  ] 2019-09-08T20:06:49.839571496Z: [    3.015497]     Performance counters on
[STDERR  ] 2019-09-08T20:06:49.839583710Z: [    3.018832]     input device check on
[STDERR  ] 2019-09-08T20:06:49.839599782Z: [    3.022000]     Actions configured
[STDERR  ] 2019-09-08T20:06:49.839611976Z: [    3.025316] xt_time: kernel timezone is -0000
[STDERR  ] 2019-09-08T20:06:49.839624300Z: [    3.029100] IPVS: Registered protocols (TCP, UDP, SCTP, AH, ESP)
[STDERR  ] 2019-09-08T20:06:49.839636315Z: [    3.034315] IPVS: Connection hash table configured (size=4096, memory=64Kbytes)
[STDERR  ] 2019-09-08T20:06:49.839647989Z: [    3.040670] IPVS: ipvs loaded.
[STDERR  ] 2019-09-08T20:06:49.839664117Z: [    3.043371] IPVS: [rr] scheduler registered.
[STDERR  ] 2019-09-08T20:06:49.839676189Z: [    3.047081] IPVS: [wrr] scheduler registered.
[STDERR  ] 2019-09-08T20:06:49.839688777Z: [    3.050790] IPVS: [lc] scheduler registered.
[STDERR  ] 2019-09-08T20:06:49.839701398Z: [    3.054501] IPVS: [wlc] scheduler registered.
[STDERR  ] 2019-09-08T20:06:49.839714127Z: [    3.058270] IPVS: [fo] scheduler registered.
[STDERR  ] 2019-09-08T20:06:49.839726571Z: [    3.061948] IPVS: [ovf] scheduler registered.
[STDERR  ] 2019-09-08T20:06:49.839743536Z: [    3.065682] IPVS: [lblc] scheduler registered.
[STDERR  ] 2019-09-08T20:06:49.839755778Z: [    3.069490] IPVS: [lblcr] scheduler registered.
[STDERR  ] 2019-09-08T20:06:49.839768298Z: [    3.073664] IPVS: [dh] scheduler registered.
[STDERR  ] 2019-09-08T20:06:49.839780753Z: [    3.077319] IPVS: [sh] scheduler registered.
[STDERR  ] 2019-09-08T20:06:49.839793116Z: [    3.081213] IPVS: [mh] scheduler registered.
[STDERR  ] 2019-09-08T20:06:49.839805087Z: [    3.084865] IPVS: [sed] scheduler registered.
[STDERR  ] 2019-09-08T20:06:49.839820659Z: [    3.088784] IPVS: [nq] scheduler registered.
[STDERR  ] 2019-09-08T20:06:49.839840328Z: [    3.092433] IPVS: ftp: loaded support on port[0] = 21
[STDERR  ] 2019-09-08T20:06:49.839852644Z: [    3.097018] ipip: IPv4 and MPLS over IPv4 tunneling driver
[STDERR  ] 2019-09-08T20:06:49.839869835Z: [    3.102118] gre: GRE over IPv4 demultiplexor driver
[STDERR  ] 2019-09-08T20:06:49.839882177Z: [    3.106441] ipt_CLUSTERIP: ClusterIP Version 0.8 loaded successfully
[STDERR  ] 2019-09-08T20:06:49.839894770Z: [    3.112106] NET: Registered protocol family 10
[STDERR  ] 2019-09-08T20:06:49.839907492Z: [    3.116285] Segment Routing with IPv6
[STDERR  ] 2019-09-08T20:06:49.839919795Z: [    3.119999] NET: Registered protocol family 17
[STDERR  ] 2019-09-08T20:06:49.839931976Z: [    3.123827] Bridge firewalling registered
[STDERR  ] 2019-09-08T20:06:49.839944323Z: [    3.127552] 8021q: 802.1Q VLAN Support v1.8
[STDERR  ] 2019-09-08T20:06:49.839956870Z: [    3.131204] 9pnet: Installing 9P2000 support
[STDERR  ] 2019-09-08T20:06:49.839969112Z: [    3.135077] Key type dns_resolver registered
[STDERR  ] 2019-09-08T20:06:49.839981773Z: [    3.138831] NET: Registered protocol family 40
[STDERR  ] 2019-09-08T20:06:49.839997500Z: [    3.143076] registered taskstats version 1
[STDERR  ] 2019-09-08T20:06:49.840010119Z: [    3.158828] Key type big_key registered
[STDERR  ] 2019-09-08T20:06:49.840026144Z: [    3.167837] Key type encrypted registered
[STDERR  ] 2019-09-08T20:06:49.840038609Z: [    3.171596] ima: No TPM chip found, activating TPM-bypass!
[STDERR  ] 2019-09-08T20:06:49.840050975Z: [    3.176277] ima: Allocated hash algorithm: sha256
[STDERR  ] 2019-09-08T20:06:49.840063332Z: [    3.180866] ata4: SATA link down (SStatus 0 SControl 300)
[STDERR  ] 2019-09-08T20:06:49.840075928Z: [    3.186208] ata3: SATA link up 1.5 Gbps (SStatus 113 SControl 300)
[STDERR  ] 2019-09-08T20:06:49.840088592Z: [    3.192390] ata2: SATA link down (SStatus 0 SControl 300)
[STDERR  ] 2019-09-08T20:06:49.840100865Z: [    3.197751] ata1: SATA link down (SStatus 0 SControl 300)
[STDERR  ] 2019-09-08T20:06:49.840113576Z: [    3.203066] ata6: SATA link down (SStatus 0 SControl 300)
[STDERR  ] 2019-09-08T20:06:49.840125826Z: [    3.208395] ata5: SATA link down (SStatus 0 SControl 300)
[STDERR  ] 2019-09-08T20:06:49.840141473Z: [    3.213221] No architecture policies found
[STDERR  ] 2019-09-08T20:06:49.840156896Z: [    3.216769] ata3.00: ATAPI: QEMU DVD-ROM, 2.5+, max UDMA/100
[STDERR  ] 2019-09-08T20:06:49.840168422Z: [    3.221558] ata3.00: applying bridge limits
[STDERR  ] 2019-09-08T20:06:49.840180401Z: [    3.225467] evm: Initialising EVM extended attributes:
[STDERR  ] 2019-09-08T20:06:49.840192593Z: [    3.229843] evm: security.ima
[STDERR  ] 2019-09-08T20:06:49.840205061Z: [    3.232672] evm: security.capability
[STDERR  ] 2019-09-08T20:06:49.840223047Z: [    3.235808] evm: HMAC attrs: 0x1
[STDERR  ] 2019-09-08T20:06:49.840235701Z: [    3.238932] ata3.00: configured for UDMA/100
[STDERR  ] 2019-09-08T20:06:49.840247938Z: [    3.243846] scsi 2:0:0:0: CD-ROM            QEMU     QEMU DVD-ROM     2.5+ PQ: 0 ANSI: 5
[STDERR  ] 2019-09-08T20:06:49.840260763Z: [    3.251630] rtc_cmos 00:00: setting system clock to 2019-09-08T20:06:45 UTC (1567973205)
[STDERR  ] 2019-09-08T20:06:49.840273890Z: [    3.260018] Unstable clock detected, switching default tracing clock to "global"
[STDERR  ] 2019-09-08T20:06:49.840289930Z: [    3.260018] If you want to keep using the local clock, then add:
[STDERR  ] 2019-09-08T20:06:49.840307815Z: [    3.260018]   "trace_clock=local"
[STDERR  ] 2019-09-08T20:06:49.840320610Z: [    3.260018] on the kernel command line
[STDERR  ] 2019-09-08T20:06:49.840332815Z: [    3.280140] sr 2:0:0:0: [sr0] scsi3-mmc drive: 4x/4x cd/rw xa/form2 tray
[STDERR  ] 2019-09-08T20:06:49.840344543Z: [    3.285909] cdrom: Uniform CD-ROM driver Revision: 3.20
[STDERR  ] 2019-09-08T20:06:49.840356819Z: [    3.291093] sr 2:0:0:0: Attached scsi generic sg0 type 5
[STDERR  ] 2019-09-08T20:06:49.840371926Z: [    3.297842] Freeing unused kernel image memory: 1608K
[STDERR  ] 2019-09-08T20:06:49.840384465Z: [    3.303407] Write protecting the kernel read-only data: 18432k
[STDERR  ] 2019-09-08T20:06:49.840402023Z: [    3.309730] Freeing unused kernel image memory: 2036K
[STDERR  ] 2019-09-08T20:06:49.840414622Z: [    3.314570] Freeing unused kernel image memory: 1004K
[STDERR  ] 2019-09-08T20:06:49.840427073Z: [    3.318980] Run /init as init process
[STDERR  ] 2019-09-08T20:06:49.840439288Z: 
[STDERR  ] 2019-09-08T20:06:49.840452037Z: Welcome to LinuxKit
[STDERR  ] 2019-09-08T20:06:49.840464309Z: 
[STDERR  ] 2019-09-08T20:06:49.840476491Z:                         ##         .
[STDERR  ] 2019-09-08T20:06:49.840488344Z:                   ## ## ##        ==
[STDERR  ] 2019-09-08T20:06:49.840501849Z:                ## ## ## ## ##    ===
[STDERR  ] 2019-09-08T20:06:49.840514009Z:            /"""""""""""""""""\___/ ===
[STDERR  ] 2019-09-08T20:06:49.840526374Z:           {                       /  ===-
[STDERR  ] 2019-09-08T20:06:49.840538872Z:            \______ O           __/
[STDERR  ] 2019-09-08T20:06:49.840551475Z:              \    \         __/
[STDERR  ] 2019-09-08T20:06:49.840563995Z:               \____\_______/
[STDERR  ] 2019-09-08T20:06:49.840579118Z: 
[STDERR  ] 2019-09-08T20:06:49.840591568Z: [    3.925441] hello_world: loading out-of-tree module taints kernel.
[STDERR  ] 2019-09-08T20:06:49.840604082Z: [    3.931021] Hello LinuxKit
[STDERR  ] 2019-09-08T20:06:49.840710121Z: [    3.937796] Goodbye LinuxKit.
[STDERR  ] 2019-09-08T20:06:49.840733878Z: Linux linuxkit-f6458b0419f0 5.1.15-linuxkit #1 SMP Tue Jul 2 21:19:37 UTC 2019 x86_64 Linux
[STDERR  ] 2019-09-08T20:06:49.840753158Z: filename:       hello_world.ko
[STDERR  ] 2019-09-08T20:06:49.840765712Z: author:         Rolf Neugebauer <rolf.neugebauer@docker.com>
[STDERR  ] 2019-09-08T20:06:49.840778907Z: description:    A simple Hello World kernel module for testing
[STDERR  ] 2019-09-08T20:06:49.840791324Z: license:        GPL
[STDERR  ] 2019-09-08T20:06:49.840807068Z: depends:        
[STDERR  ] 2019-09-08T20:06:49.840819465Z: vermagic:       5.1.15-linuxkit SMP mod_unload modversions RANDSTRUCT_PLUGIN_27913b49f722e2e581de0d94d86df37f95ce9522fa76d4674c475828de0f9b9f
[STDERR  ] 2019-09-08T20:06:49.840832466Z: Kernel module test suite PASSED
[STDERR  ] 2019-09-08T20:06:49.840844917Z: [    7.055334] ACPI: Preparing to enter system sleep state S5
[STDERR  ] 2019-09-08T20:06:49.840857435Z: [    7.060722] reboot: Power down
[STDERR  ] 2019-09-08T20:06:49.840870139Z: + exit 0
[STDERR  ] 2019-09-08T20:06:49.840883054Z: + clean_up
[STDERR  ] 2019-09-08T20:06:49.840909491Z: + docker rmi kmod-test
[STDOUT  ] 2019-09-08T20:06:49.980372454Z: Untagged: kmod-test:latest
[STDOUT  ] 2019-09-08T20:06:49.980435956Z: Deleted: sha256:82d4776210f08e68d3c0b3e1669cfa795cd6d814868f62afea379f801329b7bb
[STDOUT  ] 2019-09-08T20:06:49.980448423Z: Deleted: sha256:f4f07566e654656c36d94da3d023f7f142e73cbb4d7583922d2f39e62aacc1aa
[STDOUT  ] 2019-09-08T20:06:49.980456465Z: Deleted: sha256:623435e1f50d0af4d17e70972703d2cdc034a3c124a06b5f528806673c6a9fed
[STDOUT  ] 2019-09-08T20:06:49.980462667Z: Deleted: sha256:c72cea3feb54cce2630cf11af4d21a618bc6fd999a66abfa46d85525e89e2e0a
[STDOUT  ] 2019-09-08T20:06:49.980469242Z: Deleted: sha256:6ecb8c14e7f0e97a2705bc87f3762e5c788c4010542b026487cb35fd434b5b6d
[STDERR  ] 2019-09-08T20:06:49.982145190Z: + rm -rf kmod-cmdline kmod-initrd.img kmod-kernel kmod-state
[PASS    ] linuxkit.kernel.kmod_5.1.x 34.45s
