[INFO    ] 2018-01-15T17:45:12.322314508Z: Running Test linuxkit.packages.containerd in /tmp/build/test/cases/040_packages/003_containerd
[STDERR  ] 2018-01-15T17:45:12.322357721Z: [    0.745399] ACPI: Added _OSI(Processor Aggregator Device)
[STDERR  ] 2018-01-15T17:45:12.322375222Z: [    0.792515] ACPI: Interpreter enabled
[STDERR  ] 2018-01-15T17:45:12.322389262Z: [    0.793396] ACPI: (supports S0 S5)
[STDERR  ] 2018-01-15T17:45:12.322398468Z: [    0.793698] ACPI: Using IOAPIC for interrupt routing
[STDERR  ] 2018-01-15T17:45:12.322407238Z: [    0.796033] PCI: Using host bridge windows from ACPI; if necessary, use "pci=nocrs" and report a bug
[STDERR  ] 2018-01-15T17:45:12.322421562Z: [    0.837086] ACPI: PCI Root Bridge [PCI0] (domain 0000 [bus 00-ff])
[STDERR  ] 2018-01-15T17:45:12.322430472Z: [    0.838091] acpi PNP0A08:00: _OSC: OS supports [ExtendedConfig ASPM ClockPM Segments MSI]
[STDERR  ] 2018-01-15T17:45:12.322439407Z: [    0.843375] acpi PNP0A08:00: _OSC: OS now controls [PCIeHotplug PME PCIeCapability]
[STDERR  ] 2018-01-15T17:45:12.322447988Z: [    0.846863] PCI host bridge to bus 0000:00
[STDERR  ] 2018-01-15T17:45:12.32245638Z: [    0.847318] pci_bus 0000:00: root bus resource [io  0x0000-0x0cf7 window]
[STDERR  ] 2018-01-15T17:45:12.322465576Z: [    0.847679] pci_bus 0000:00: root bus resource [io  0x0d00-0xffff window]
[STDERR  ] 2018-01-15T17:45:12.3224746Z: [    0.847998] pci_bus 0000:00: root bus resource [mem 0x000a0000-0x000bffff window]
[STDERR  ] 2018-01-15T17:45:12.322483817Z: [    0.848308] pci_bus 0000:00: root bus resource [mem 0xc0000000-0xfebfffff window]
[STDERR  ] 2018-01-15T17:45:12.322496959Z: [    0.848809] pci_bus 0000:00: root bus resource [bus 00-ff]
[STDERR  ] 2018-01-15T17:45:12.322505816Z: [    1.016948] pci 0000:00:1f.0: quirk: [io  0x0600-0x067f] claimed by ICH6 ACPI/GPIO/TCO
[STDERR  ] 2018-01-15T17:45:12.322514238Z: [    1.108035] ACPI: PCI Interrupt Link [LNKA] (IRQs 5 *10 11)
[STDERR  ] 2018-01-15T17:45:12.322522676Z: [    1.112648] ACPI: PCI Interrupt Link [LNKB] (IRQs 5 *10 11)
[STDERR  ] 2018-01-15T17:45:12.32253101Z: [    1.114283] ACPI: PCI Interrupt Link [LNKC] (IRQs 5 10 *11)
[STDERR  ] 2018-01-15T17:45:12.322539366Z: [    1.115778] ACPI: PCI Interrupt Link [LNKD] (IRQs 5 10 *11)
[STDERR  ] 2018-01-15T17:45:12.322547958Z: [    1.117058] ACPI: PCI Interrupt Link [LNKE] (IRQs 5 *10 11)
[STDERR  ] 2018-01-15T17:45:12.3225568Z: [    1.118332] ACPI: PCI Interrupt Link [LNKF] (IRQs 5 *10 11)
[STDERR  ] 2018-01-15T17:45:12.3225655Z: [    1.120119] ACPI: PCI Interrupt Link [LNKG] (IRQs 5 10 *11)
[STDERR  ] 2018-01-15T17:45:12.32257392Z: [    1.121337] ACPI: PCI Interrupt Link [LNKH] (IRQs 5 10 *11)
[STDERR  ] 2018-01-15T17:45:12.32258241Z: [    1.121983] ACPI: PCI Interrupt Link [GSIA] (IRQs *16)
[STDERR  ] 2018-01-15T17:45:12.322590734Z: [    1.122489] ACPI: PCI Interrupt Link [GSIB] (IRQs *17)
[STDERR  ] 2018-01-15T17:45:12.322601306Z: [    1.122970] ACPI: PCI Interrupt Link [GSIC] (IRQs *18)
[INFO    ] 2018-01-15T17:45:12.322683438Z: Running command: [/bin/sh -x /tmp/build/test/cases/040_packages/003_containerd/test.sh]
[STDERR  ] 2018-01-15T17:45:12.338607941Z: + set -e
[STDERR  ] 2018-01-15T17:45:12.338696899Z: + . /tmp/build/test/cases/_lib/lib.sh
[STDERR  ] 2018-01-15T17:45:12.338710157Z: + [ -f src/github.com/linuxkit/rtf/lib/lib.sh ]
[STDERR  ] 2018-01-15T17:45:12.338719502Z: + LINUXKIT_TMPDIR=/tmp/build/test/cases/_tmp
[STDERR  ] 2018-01-15T17:45:12.338728267Z: + [ -f /tmp/build/test/cases/_tmp/env.sh ]
[STDERR  ] 2018-01-15T17:45:12.338737638Z: + . /tmp/build/test/cases/_tmp/env.sh
[STDERR  ] 2018-01-15T17:45:12.338747075Z: + export LINUXKIT_EXAMPLES_DIR=/tmp/build/test/cases/../../examples
[STDERR  ] 2018-01-15T17:45:12.338757961Z: + export LINUXKIT_BLUEPRINTS_DIR=/tmp/build/test/cases/../../blueprints
[STDERR  ] 2018-01-15T17:45:12.33877973Z: + RT_CANCEL=253
[STDERR  ] 2018-01-15T17:45:12.338788273Z: + NAME=containerd
[STDERR  ] 2018-01-15T17:45:12.338797581Z: + trap clean_up EXIT
[STDERR  ] 2018-01-15T17:45:12.338808021Z: + linuxkit build -format kernel+initrd -name containerd test.yml
[STDERR  ] 2018-01-15T17:45:12.374274404Z: Extract kernel image: linuxkit/kernel:4.9.76
[STDERR  ] 2018-01-15T17:45:13.649348749Z: time="2018-01-15T17:45:13Z" level=warning msg="certificate with CN Justin Cormack is near expiry"
[STDERR  ] 2018-01-15T17:45:13.649541167Z: time="2018-01-15T17:45:13Z" level=warning msg="certificate with CN  is near expiry"
[STDERR  ] 2018-01-15T17:45:13.649885722Z: time="2018-01-15T17:45:13Z" level=warning msg="certificate with CN  is near expiry"
[STDERR  ] 2018-01-15T17:45:13.693403034Z: time="2018-01-15T17:45:13Z" level=warning msg="certificate with CN Justin Cormack is near expiry"
[STDERR  ] 2018-01-15T17:45:14.143111579Z: Add init containers:
[STDERR  ] 2018-01-15T17:45:14.143178691Z: Process init image: linuxkit/init:7c405a03c8467b3aa7999d2a729aeb5d3fa7dae5
[STDERR  ] 2018-01-15T17:45:15.178351813Z: time="2018-01-15T17:45:15Z" level=warning msg="certificate with CN Justin Cormack is near expiry"
[STDERR  ] 2018-01-15T17:45:15.17843384Z: time="2018-01-15T17:45:15Z" level=warning msg="certificate with CN  is near expiry"
[STDERR  ] 2018-01-15T17:45:15.178548046Z: time="2018-01-15T17:45:15Z" level=warning msg="certificate with CN  is near expiry"
[STDERR  ] 2018-01-15T17:45:15.182680488Z: time="2018-01-15T17:45:15Z" level=warning msg="certificate with CN Justin Cormack is near expiry"
[STDERR  ] 2018-01-15T17:45:15.184353662Z: time="2018-01-15T17:45:15Z" level=warning msg="certificate with CN  is near expiry"
[STDERR  ] 2018-01-15T17:45:15.359237762Z: Process init image: linuxkit/runc:7b15b00b4e3507d62e3ed8d44dfe650561cd35ff
[STDERR  ] 2018-01-15T17:45:16.396634096Z: time="2018-01-15T17:45:16Z" level=warning msg="certificate with CN Justin Cormack is near expiry"
[STDERR  ] 2018-01-15T17:45:16.396759582Z: time="2018-01-15T17:45:16Z" level=warning msg="certificate with CN  is near expiry"
[STDERR  ] 2018-01-15T17:45:16.396830876Z: time="2018-01-15T17:45:16Z" level=warning msg="certificate with CN  is near expiry"
[STDERR  ] 2018-01-15T17:45:16.398990861Z: time="2018-01-15T17:45:16Z" level=warning msg="certificate with CN Justin Cormack is near expiry"
[STDERR  ] 2018-01-15T17:45:16.400421036Z: time="2018-01-15T17:45:16Z" level=warning msg="certificate with CN  is near expiry"
[STDERR  ] 2018-01-15T17:45:16.544207177Z: Process init image: linuxkit/containerd:1b6b8a5884e17b26e2725cb82c436841070fca95
[STDERR  ] 2018-01-15T17:45:17.59507353Z: time="2018-01-15T17:45:17Z" level=warning msg="certificate with CN  is near expiry"
[STDERR  ] 2018-01-15T17:45:17.595138622Z: time="2018-01-15T17:45:17Z" level=warning msg="certificate with CN  is near expiry"
[STDERR  ] 2018-01-15T17:45:17.595147243Z: time="2018-01-15T17:45:17Z" level=warning msg="certificate with CN  is near expiry"
[STDERR  ] 2018-01-15T17:45:17.595312465Z: time="2018-01-15T17:45:17Z" level=warning msg="certificate with CN Justin Cormack is near expiry"
[STDERR  ] 2018-01-15T17:45:17.598259675Z: time="2018-01-15T17:45:17Z" level=warning msg="certificate with CN Justin Cormack is near expiry"
[STDERR  ] 2018-01-15T17:45:17.59956635Z: time="2018-01-15T17:45:17Z" level=warning msg="certificate with CN  is near expiry"
[STDERR  ] 2018-01-15T17:45:17.804759182Z: Process init image: linuxkit/ca-certificates:de21b84d9b055ad9dcecc57965b654a7a24ef8e0
[STDERR  ] 2018-01-15T17:45:18.832497856Z: time="2018-01-15T17:45:18Z" level=warning msg="certificate with CN Justin Cormack is near expiry"
[STDERR  ] 2018-01-15T17:45:18.832686408Z: time="2018-01-15T17:45:18Z" level=warning msg="certificate with CN  is near expiry"
[STDERR  ] 2018-01-15T17:45:18.835293554Z: time="2018-01-15T17:45:18Z" level=warning msg="certificate with CN Justin Cormack is near expiry"
[STDERR  ] 2018-01-15T17:45:18.83718413Z: time="2018-01-15T17:45:18Z" level=warning msg="certificate with CN  is near expiry"
[STDERR  ] 2018-01-15T17:45:18.968790544Z: Add onboot containers:
[STDERR  ] 2018-01-15T17:45:18.968840153Z:   Create OCI config for linuxkit/dhcpcd:0d59a6cc03412289ef4313f2491ec666c1715cc9
[STDERR  ] 2018-01-15T17:45:20.033563791Z: time="2018-01-15T17:45:20Z" level=warning msg="certificate with CN Justin Cormack is near expiry"
[STDERR  ] 2018-01-15T17:45:20.033958544Z: time="2018-01-15T17:45:20Z" level=warning msg="certificate with CN  is near expiry"
[STDERR  ] 2018-01-15T17:45:20.034047401Z: time="2018-01-15T17:45:20Z" level=warning msg="certificate with CN  is near expiry"
[STDERR  ] 2018-01-15T17:45:20.035234719Z: time="2018-01-15T17:45:20Z" level=warning msg="certificate with CN Justin Cormack is near expiry"
[STDERR  ] 2018-01-15T17:45:20.035720756Z: time="2018-01-15T17:45:20Z" level=warning msg="certificate with CN  is near expiry"
[STDERR  ] 2018-01-15T17:45:20.287709199Z:   Create OCI config for linuxkit/sysctl:4c1ef93bb5eb1a877318db4b2daa6768ed002e21
[STDERR  ] 2018-01-15T17:45:21.330436807Z: time="2018-01-15T17:45:21Z" level=warning msg="certificate with CN  is near expiry"
[STDERR  ] 2018-01-15T17:45:21.330639874Z: time="2018-01-15T17:45:21Z" level=warning msg="certificate with CN Justin Cormack is near expiry"
[STDERR  ] 2018-01-15T17:45:21.33079674Z: time="2018-01-15T17:45:21Z" level=warning msg="certificate with CN  is near expiry"
[STDERR  ] 2018-01-15T17:45:21.332366964Z: time="2018-01-15T17:45:21Z" level=warning msg="certificate with CN Justin Cormack is near expiry"
[STDERR  ] 2018-01-15T17:45:21.332944755Z: time="2018-01-15T17:45:21Z" level=warning msg="certificate with CN  is near expiry"
[STDERR  ] 2018-01-15T17:45:21.493876404Z:   Create OCI config for linuxkit/format:5a1140cb65e733f26de727fa684fef1326e9d5ab
[STDERR  ] 2018-01-15T17:45:22.57140982Z: time="2018-01-15T17:45:22Z" level=warning msg="certificate with CN Justin Cormack is near expiry"
[STDERR  ] 2018-01-15T17:45:22.571486076Z: time="2018-01-15T17:45:22Z" level=warning msg="certificate with CN Rolf Neugebauer is near expiry"
[STDERR  ] 2018-01-15T17:45:22.571517427Z: time="2018-01-15T17:45:22Z" level=warning msg="certificate with CN  is near expiry"
[STDERR  ] 2018-01-15T17:45:22.571602556Z: time="2018-01-15T17:45:22Z" level=warning msg="certificate with CN  is near expiry"
[STDERR  ] 2018-01-15T17:45:22.573252943Z: time="2018-01-15T17:45:22Z" level=warning msg="certificate with CN Justin Cormack is near expiry"
[STDERR  ] 2018-01-15T17:45:22.574376968Z: time="2018-01-15T17:45:22Z" level=warning msg="certificate with CN Rolf Neugebauer is near expiry"
[STDERR  ] 2018-01-15T17:45:22.575231115Z: time="2018-01-15T17:45:22Z" level=warning msg="certificate with CN  is near expiry"
[STDERR  ] 2018-01-15T17:45:22.943407798Z:   Create OCI config for linuxkit/mount:b346ec277b7074e5c9986128a879c10a1d18742b
[STDERR  ] 2018-01-15T17:45:24.083824219Z: time="2018-01-15T17:45:24Z" level=warning msg="certificate with CN  is near expiry"
[STDERR  ] 2018-01-15T17:45:24.083875857Z: time="2018-01-15T17:45:24Z" level=warning msg="certificate with CN  is near expiry"
[STDERR  ] 2018-01-15T17:45:24.08411988Z: time="2018-01-15T17:45:24Z" level=warning msg="certificate with CN Justin Cormack is near expiry"
[STDERR  ] 2018-01-15T17:45:24.084245965Z: time="2018-01-15T17:45:24Z" level=warning msg="certificate with CN Rolf Neugebauer is near expiry"
[STDERR  ] 2018-01-15T17:45:24.169955828Z: time="2018-01-15T17:45:24Z" level=warning msg="certificate with CN Justin Cormack is near expiry"
[STDERR  ] 2018-01-15T17:45:24.170182445Z: time="2018-01-15T17:45:24Z" level=warning msg="certificate with CN Rolf Neugebauer is near expiry"
[STDERR  ] 2018-01-15T17:45:24.170257316Z: time="2018-01-15T17:45:24Z" level=warning msg="certificate with CN  is near expiry"
[STDERR  ] 2018-01-15T17:45:24.170266485Z: time="2018-01-15T17:45:24Z" level=warning msg="certificate with CN  is near expiry"
[STDERR  ] 2018-01-15T17:45:24.18935409Z: time="2018-01-15T17:45:24Z" level=warning msg="certificate with CN Justin Cormack is near expiry"
[STDERR  ] 2018-01-15T17:45:24.19077125Z: time="2018-01-15T17:45:24Z" level=warning msg="certificate with CN Rolf Neugebauer is near expiry"
[STDERR  ] 2018-01-15T17:45:24.191564644Z: time="2018-01-15T17:45:24Z" level=warning msg="certificate with CN  is near expiry"
[STDERR  ] 2018-01-15T17:45:24.27855805Z: time="2018-01-15T17:45:24Z" level=warning msg="certificate with CN  is near expiry"
[STDERR  ] 2018-01-15T17:45:24.631872432Z:   Create OCI config for linuxkit/test-containerd:bbec657082ed2126ccb7f0e8d2a2c5c30eefd3dc
[STDERR  ] 2018-01-15T17:45:26.347366215Z: time="2018-01-15T17:45:26Z" level=warning msg="certificate with CN Justin Cormack is near expiry"
[STDERR  ] 2018-01-15T17:45:26.347422137Z: time="2018-01-15T17:45:26Z" level=warning msg="certificate with CN Rolf Neugebauer is near expiry"
[STDERR  ] 2018-01-15T17:45:26.347599691Z: time="2018-01-15T17:45:26Z" level=warning msg="certificate with CN  is near expiry"
[STDERR  ] 2018-01-15T17:45:26.347728448Z: time="2018-01-15T17:45:26Z" level=warning msg="certificate with CN  is near expiry"
[STDERR  ] 2018-01-15T17:45:26.436972308Z: time="2018-01-15T17:45:26Z" level=warning msg="certificate with CN  is near expiry"
[STDERR  ] 2018-01-15T17:45:26.528937962Z: time="2018-01-15T17:45:26Z" level=warning msg="certificate with CN Justin Cormack is near expiry"
[STDERR  ] 2018-01-15T17:45:26.704637208Z: time="2018-01-15T17:45:26Z" level=warning msg="certificate with CN Rolf Neugebauer is near expiry"
[STDERR  ] 2018-01-15T17:45:26.729181982Z: Pull image: docker.io/linuxkit/test-containerd:bbec657082ed2126ccb7f0e8d2a2c5c30eefd3dc@sha256:a44cd6aa7b90ef286bed9df0e675251caab7041250faa3d42f0823ad9cd7fe38
[STDERR  ] 2018-01-15T17:45:44.894732373Z:   Create OCI config for linuxkit/poweroff:bccfe1cb04fc7bb9f03613d2314f38abd2620f29
[STDERR  ] 2018-01-15T17:45:45.959629328Z: time="2018-01-15T17:45:45Z" level=warning msg="certificate with CN Justin Cormack is near expiry"
[STDERR  ] 2018-01-15T17:45:45.959834784Z: time="2018-01-15T17:45:45Z" level=warning msg="certificate with CN Rolf Neugebauer is near expiry"
[STDERR  ] 2018-01-15T17:45:45.959869366Z: time="2018-01-15T17:45:45Z" level=warning msg="certificate with CN  is near expiry"
[STDERR  ] 2018-01-15T17:45:45.95996675Z: time="2018-01-15T17:45:45Z" level=warning msg="certificate with CN  is near expiry"
[STDERR  ] 2018-01-15T17:45:45.961808184Z: time="2018-01-15T17:45:45Z" level=warning msg="certificate with CN Rolf Neugebauer is near expiry"
[STDERR  ] 2018-01-15T17:45:45.962530692Z: time="2018-01-15T17:45:45Z" level=warning msg="certificate with CN  is near expiry"
[STDERR  ] 2018-01-15T17:45:49.162351249Z: Create outputs:
[STDERR  ] 2018-01-15T17:46:19.65352834Z:   containerd-kernel containerd-initrd.img containerd-cmdline
[STDERR  ] 2018-01-15T17:46:19.950141319Z: + linuxkit run -mem 2048 -disk size=2G containerd
[STDERR  ] 2018-01-15T17:46:20.319554811Z: Unable to find qemu-system-x86_64 within the $PATH. Using a container
[STDERR  ] 2018-01-15T17:54:50.761064624Z: + RESULT=[    0.000000] Linux version 4.9.76-linuxkit (root@0fd4445ddb08) (gcc version 6.4.0 (Alpine 6.4.0) ) #1 SMP Mon Jan 15 16:57:48 UTC 2018
[STDERR  ] 2018-01-15T17:54:50.761184602Z: [    0.000000] Command line: console=ttyS0 console=ttyAMA0
[STDERR  ] 2018-01-15T17:54:50.761194171Z: [    0.000000] x86/fpu: Legacy x87 FPU detected.
[STDERR  ] 2018-01-15T17:54:50.761203207Z: [    0.000000] x86/fpu: Using 'eager' FPU context switches.
[STDERR  ] 2018-01-15T17:54:50.761210535Z: [    0.000000] e820: BIOS-provided physical RAM map:
[STDERR  ] 2018-01-15T17:54:50.761218268Z: [    0.000000] BIOS-e820: [mem 0x0000000000000000-0x000000000009fbff] usable
[STDERR  ] 2018-01-15T17:54:50.7612269Z: [    0.000000] BIOS-e820: [mem 0x000000000009fc00-0x000000000009ffff] reserved
[STDERR  ] 2018-01-15T17:54:50.761235035Z: [    0.000000] BIOS-e820: [mem 0x00000000000f0000-0x00000000000fffff] reserved
[STDERR  ] 2018-01-15T17:54:50.761242336Z: [    0.000000] BIOS-e820: [mem 0x0000000000100000-0x000000007ffdefff] usable
[STDERR  ] 2018-01-15T17:54:50.761249076Z: [    0.000000] BIOS-e820: [mem 0x000000007ffdf000-0x000000007fffffff] reserved
[STDERR  ] 2018-01-15T17:54:50.761255686Z: [    0.000000] BIOS-e820: [mem 0x00000000b0000000-0x00000000bfffffff] reserved
[STDERR  ] 2018-01-15T17:54:50.761262027Z: [    0.000000] BIOS-e820: [mem 0x00000000fed1c000-0x00000000fed1ffff] reserved
[STDERR  ] 2018-01-15T17:54:50.761281771Z: [    0.000000] BIOS-e820: [mem 0x00000000fffc0000-0x00000000ffffffff] reserved
[STDERR  ] 2018-01-15T17:54:50.76128855Z: [    0.000000] NX (Execute Disable) protection: active
[STDERR  ] 2018-01-15T17:54:50.761295158Z: [    0.000000] SMBIOS 2.8 present.
[STDERR  ] 2018-01-15T17:54:50.761302171Z: [    0.000000] Kernel/User page tables isolation: disabled
[STDERR  ] 2018-01-15T17:54:50.761309154Z: [    0.000000] e820: last_pfn = 0x7ffdf max_arch_pfn = 0x400000000
[STDERR  ] 2018-01-15T17:54:50.761319008Z: [    0.000000] x86/PAT: Configuration [0-7]: WB  WC  UC- UC  WB  WC  UC- WT  
[STDERR  ] 2018-01-15T17:54:50.761337457Z: [    0.000000] found SMP MP-table at [mem 0x000f6aa0-0x000f6aaf] mapped at [ffff9eddc00f6aa0]
[STDERR  ] 2018-01-15T17:54:50.761345694Z: [    0.000000] RAMDISK: [mem 0x73502000-0x7ffcffff]
[STDERR  ] 2018-01-15T17:54:50.761354587Z: [    0.000000] ACPI: Early table checksum verification disabled
[STDERR  ] 2018-01-15T17:54:50.761363147Z: [    0.000000] ACPI: RSDP 0x00000000000F68B0 000014 (v00 BOCHS )
[STDERR  ] 2018-01-15T17:54:50.761369375Z: [    0.000000] ACPI: RSDT 0x000000007FFE20A8 000034 (v01 BOCHS  BXPCRSDT 00000001 BXPC 00000001)
[STDERR  ] 2018-01-15T17:54:50.761376174Z: [    0.000000] ACPI: FACP 0x000000007FFE1EC8 0000F4 (v03 BOCHS  BXPCFACP 00000001 BXPC 00000001)
[STDERR  ] 2018-01-15T17:54:50.761383144Z: [    0.000000] ACPI: DSDT 0x000000007FFE0040 001E88 (v01 BOCHS  BXPCDSDT 00000001 BXPC 00000001)
[STDERR  ] 2018-01-15T17:54:50.761389451Z: [    0.000000] ACPI: FACS 0x000000007FFE0000 000040
[STDERR  ] 2018-01-15T17:54:50.761396272Z: [    0.000000] ACPI: APIC 0x000000007FFE1FBC 000078 (v01 BOCHS  BXPCAPIC 00000001 BXPC 00000001)
[STDERR  ] 2018-01-15T17:54:50.761402996Z: [    0.000000] ACPI: HPET 0x000000007FFE2034 000038 (v01 BOCHS  BXPCHPET 00000001 BXPC 00000001)
[STDERR  ] 2018-01-15T17:54:50.761411482Z: [    0.000000] ACPI: MCFG 0x000000007FFE206C 00003C (v01 BOCHS  BXPCMCFG 00000001 BXPC 00000001)
[STDERR  ] 2018-01-15T17:54:50.761419872Z: [    0.000000] Zone ranges:
[STDERR  ] 2018-01-15T17:54:50.761430428Z: [    0.000000]   DMA      [mem 0x0000000000001000-0x0000000000ffffff]
[STDERR  ] 2018-01-15T17:54:50.761441299Z: [    0.000000]   DMA32    [mem 0x0000000001000000-0x000000007ffdefff]
[STDERR  ] 2018-01-15T17:54:50.761451298Z: [    0.000000]   Normal   empty
[STDERR  ] 2018-01-15T17:54:50.761461203Z: [    0.000000] Movable zone start for each node
[STDERR  ] 2018-01-15T17:54:50.761467726Z: [    0.000000] Early memory node ranges
[STDERR  ] 2018-01-15T17:54:50.761474094Z: [    0.000000]   node   0: [mem 0x0000000000001000-0x000000000009efff]
[STDERR  ] 2018-01-15T17:54:50.761486094Z: [    0.000000]   node   0: [mem 0x0000000000100000-0x000000007ffdefff]
[STDERR  ] 2018-01-15T17:54:50.761493497Z: [    0.000000] Initmem setup node 0 [mem 0x0000000000001000-0x000000007ffdefff]
[STDERR  ] 2018-01-15T17:54:50.761500341Z: [    0.000000] ACPI: PM-Timer IO Port: 0x608
[STDERR  ] 2018-01-15T17:54:50.761509425Z: [    0.000000] ACPI: LAPIC_NMI (acpi_id[0xff] dfl dfl lint[0x1])
[STDERR  ] 2018-01-15T17:54:50.761518781Z: [    0.000000] IOAPIC[0]: apic_id 0, version 32, address 0xfec00000, GSI 0-23
[STDERR  ] 2018-01-15T17:54:50.761526159Z: [    0.000000] ACPI: INT_SRC_OVR (bus 0 bus_irq 0 global_irq 2 dfl dfl)
[STDERR  ] 2018-01-15T17:54:50.761533893Z: [    0.000000] ACPI: INT_SRC_OVR (bus 0 bus_irq 5 global_irq 5 high level)
[STDERR  ] 2018-01-15T17:54:50.761539857Z: [    0.000000] ACPI: INT_SRC_OVR (bus 0 bus_irq 9 global_irq 9 high level)
[STDERR  ] 2018-01-15T17:54:50.761545804Z: [    0.000000] ACPI: INT_SRC_OVR (bus 0 bus_irq 10 global_irq 10 high level)
[STDERR  ] 2018-01-15T17:54:50.761551634Z: [    0.000000] ACPI: INT_SRC_OVR (bus 0 bus_irq 11 global_irq 11 high level)
[STDERR  ] 2018-01-15T17:54:50.761557599Z: [    0.000000] Using ACPI (MADT) for SMP configuration information
[STDERR  ] 2018-01-15T17:54:50.761564198Z: [    0.000000] ACPI: HPET id: 0x8086a201 base: 0xfed00000
[STDERR  ] 2018-01-15T17:54:50.761574317Z: [    0.000000] smpboot: Allowing 1 CPUs, 0 hotplug CPUs
[STDERR  ] 2018-01-15T17:54:50.76158947Z: [    0.000000] e820: [mem 0xc0000000-0xfed1bfff] available for PCI devices
[STDERR  ] 2018-01-15T17:54:50.761598048Z: [    0.000000] Booting paravirtualized kernel on bare hardware
[STDERR  ] 2018-01-15T17:54:50.761607658Z: [    0.000000] clocksource: refined-jiffies: mask: 0xffffffff max_cycles: 0xffffffff, max_idle_ns: 19112604462750000 ns
[STDERR  ] 2018-01-15T17:54:50.761626496Z: [    0.000000] setup_percpu: NR_CPUS:128 nr_cpumask_bits:128 nr_cpu_ids:1 nr_node_ids:1
[STDERR  ] 2018-01-15T17:54:50.761641835Z: [    0.000000] percpu: Embedded 36 pages/cpu @ffff9ede33200000 s106904 r8192 d32360 u2097152
[STDERR  ] 2018-01-15T17:54:50.761658Z: [    0.000000] Built 1 zonelists in Zone order, mobility grouping on.  Total pages: 515944
[STDERR  ] 2018-01-15T17:54:50.761664001Z: [    0.000000] Kernel command line: console=ttyS0 console=ttyAMA0
[STDERR  ] 2018-01-15T17:54:50.761670592Z: [    0.000000] PID hash table entries: 4096 (order: 3, 32768 bytes)
[STDERR  ] 2018-01-15T17:54:50.761676765Z: [    0.000000] Dentry cache hash table entries: 262144 (order: 9, 2097152 bytes)
[STDERR  ] 2018-01-15T17:54:50.761682828Z: [    0.000000] Inode-cache hash table entries: 131072 (order: 8, 1048576 bytes)
[STDERR  ] 2018-01-15T17:54:50.761689555Z: [    0.000000] Memory: 1837116K/2096628K available (8053K kernel code, 1391K rwdata, 2700K rodata, 1396K init, 564K bss, 259512K reserved, 0K cma-reserved)
[STDERR  ] 2018-01-15T17:54:50.761710991Z: [    0.000000] Hierarchical RCU implementation.
[STDERR  ] 2018-01-15T17:54:50.761717716Z: [    0.000000] 	Build-time adjustment of leaf fanout to 64.
[STDERR  ] 2018-01-15T17:54:50.76172371Z: [    0.000000] 	RCU restricting CPUs from NR_CPUS=128 to nr_cpu_ids=1.
[STDERR  ] 2018-01-15T17:54:50.761731443Z: [    0.000000] RCU: Adjusting geometry for rcu_fanout_leaf=64, nr_cpu_ids=1
[STDERR  ] 2018-01-15T17:54:50.761741495Z: [    0.000000] NR_IRQS:8448 nr_irqs:256 16
[STDERR  ] 2018-01-15T17:54:50.761749274Z: [    0.000000] Console: colour VGA+ 80x25
[STDERR  ] 2018-01-15T17:54:50.761756475Z: [    0.000000] console [ttyS0] enabled
[STDERR  ] 2018-01-15T17:54:50.761762365Z: [    0.000000] clocksource: hpet: mask: 0xffffffff max_cycles: 0xffffffff, max_idle_ns: 19112604467 ns
[STDERR  ] 2018-01-15T17:54:50.761768772Z: [    0.000000] tsc: Fast TSC calibration using PIT
[STDERR  ] 2018-01-15T17:54:50.761774634Z: [    0.000000] tsc: Detected 2599.894 MHz processor
[STDERR  ] 2018-01-15T17:54:50.761780763Z: [    0.022193] Calibrating delay loop (skipped), value calculated using timer frequency.. 5199.78 BogoMIPS (lpj=25998940)
[STDERR  ] 2018-01-15T17:54:50.761787047Z: [    0.022858] pid_max: default: 32768 minimum: 301
[STDERR  ] 2018-01-15T17:54:50.761793471Z: [    0.030754] ACPI: Core revision 20160831
[STDERR  ] 2018-01-15T17:54:50.76179915Z: [    0.056247] ACPI: 1 ACPI AML tables successfully acquired and loaded
[STDERR  ] 2018-01-15T17:54:50.761805791Z: [    0.061234] Security Framework initialized
[STDERR  ] 2018-01-15T17:54:50.761811701Z: [    0.061609] Yama: becoming mindful.
[STDERR  ] 2018-01-15T17:54:50.761817521Z: [    0.063615] Mount-cache hash table entries: 4096 (order: 3, 32768 bytes)
[STDERR  ] 2018-01-15T17:54:50.761823301Z: [    0.064118] Mountpoint-cache hash table entries: 4096 (order: 3, 32768 bytes)
[STDERR  ] 2018-01-15T17:54:50.761828996Z: [    0.083504] Last level iTLB entries: 4KB 0, 2MB 0, 4MB 0
[STDERR  ] 2018-01-15T17:54:50.761835847Z: [    0.083857] Last level dTLB entries: 4KB 0, 2MB 0, 4MB 0, 1GB 0
[STDERR  ] 2018-01-15T17:54:50.761842011Z: [    0.401691] Freeing SMP alternatives memory: 20K
[STDERR  ] 2018-01-15T17:54:50.761847944Z: [    0.411351] ftrace: allocating 35552 entries in 139 pages
[STDERR  ] 2018-01-15T17:54:50.761853666Z: [    0.474562] smpboot: Max logical packages: 1
[STDERR  ] 2018-01-15T17:54:50.761860859Z: [    0.482310] ..TIMER: vector=0x30 apic1=0 pin1=2 apic2=-1 pin2=-1
[STDERR  ] 2018-01-15T17:54:50.761866883Z: [    0.590000] smpboot: CPU0: AMD QEMU Virtual CPU version 2.5+ (family: 0x6, model: 0x6, stepping: 0x3)
[STDERR  ] 2018-01-15T17:54:50.761876885Z: [    0.590000] Performance Events: PMU not available due to virtualization, using software events only.
[STDERR  ] 2018-01-15T17:54:50.761882804Z: [    0.597440] NMI watchdog: disabled (cpu0): hardware events not enabled
[STDERR  ] 2018-01-15T17:54:50.761890121Z: [    0.597842] NMI watchdog: Shutting down hard lockup detector on all cpus
[STDERR  ] 2018-01-15T17:54:50.761896569Z: [    0.601265] x86: Booted up 1 node, 1 CPUs
[STDERR  ] 2018-01-15T17:54:50.761902787Z: [    0.601624] smpboot: Total of 1 processors activated (5199.78 BogoMIPS)
[STDERR  ] 2018-01-15T17:54:50.761912858Z: [    0.616394] devtmpfs: initialized
[STDERR  ] 2018-01-15T17:54:50.761918552Z: [    0.622175] x86/mm: Memory block size: 128MB
[STDERR  ] 2018-01-15T17:54:50.761924143Z: [    0.655378] clocksource: jiffies: mask: 0xffffffff max_cycles: 0xffffffff, max_idle_ns: 19112604462750000 ns
[STDERR  ] 2018-01-15T17:54:50.76193316Z: [    0.656133] futex hash table entries: 256 (order: 2, 16384 bytes)
[STDERR  ] 2018-01-15T17:54:50.761940562Z: [    0.665361] NET: Registered protocol family 16
[STDERR  ] 2018-01-15T17:54:50.761946435Z: [    0.674376] cpuidle: using governor ladder
[STDERR  ] 2018-01-15T17:54:50.761952454Z: [    0.674681] cpuidle: using governor menu
[STDERR  ] 2018-01-15T17:54:50.761958515Z: [    0.675695] ACPI: bus type PCI registered
[STDERR  ] 2018-01-15T17:54:50.761964912Z: [    0.678708] PCI: MMCONFIG for domain 0000 [bus 00-ff] at [mem 0xb0000000-0xbfffffff] (base 0xb0000000)
[STDERR  ] 2018-01-15T17:54:50.76197098Z: [    0.679138] PCI: MMCONFIG at [mem 0xb0000000-0xbfffffff] reserved in E820
[STDERR  ] 2018-01-15T17:54:50.76197692Z: [    0.679833] PCI: Using configuration type 1 for base access
[STDERR  ] 2018-01-15T17:54:50.761982951Z: [    0.715398] HugeTLB registered 2 MB page size, pre-allocated 0 pages
[STDERR  ] 2018-01-15T17:54:50.76198887Z: [    0.726744] ACPI: Added _OSI(Module Device)
[STDERR  ] 2018-01-15T17:54:50.761995464Z: [    0.727032] ACPI: Added _OSI(Processor Device)
[STDERR  ] 2018-01-15T17:54:50.762010571Z: [    0.727326] ACPI: Added _OSI(3.0 _SCP Extensions)
[STDERR  ] 2018-01-15T17:54:50.762017266Z: [    0.727533] ACPI: Added _OSI(Processor Aggregator Device)
[STDERR  ] 2018-01-15T17:54:50.76202394Z: [    0.773761] ACPI: Interpreter enabled
[STDERR  ] 2018-01-15T17:54:50.762030605Z: [    0.774634] ACPI: (supports S0 S5)
[STDERR  ] 2018-01-15T17:54:50.762037045Z: [    0.774931] ACPI: Using IOAPIC for interrupt routing
[STDERR  ] 2018-01-15T17:54:50.762043583Z: [    0.778685] PCI: Using host bridge windows from ACPI; if necessary, use "pci=nocrs" and report a bug
[STDERR  ] 2018-01-15T17:54:50.762049683Z: [    0.819380] ACPI: PCI Root Bridge [PCI0] (domain 0000 [bus 00-ff])
[STDERR  ] 2018-01-15T17:54:50.762057872Z: [    0.820602] acpi PNP0A08:00: _OSC: OS supports [ExtendedConfig ASPM ClockPM Segments MSI]
[STDERR  ] 2018-01-15T17:54:50.762066123Z: [    0.825762] acpi PNP0A08:00: _OSC: OS now controls [PCIeHotplug PME PCIeCapability]
[STDERR  ] 2018-01-15T17:54:50.762074677Z: [    0.829118] PCI host bridge to bus 0000:00
[STDERR  ] 2018-01-15T17:54:50.762082866Z: [    0.829565] pci_bus 0000:00: root bus resource [io  0x0000-0x0cf7 window]
[STDERR  ] 2018-01-15T17:54:50.762092233Z: [    0.830127] pci_bus 0000:00: root bus resource [io  0x0d00-0xffff window]
[STDERR  ] 2018-01-15T17:54:50.762101891Z: [    0.830480] pci_bus 0000:00: root bus resource [mem 0x000a0000-0x000bffff window]
[STDERR  ] 2018-01-15T17:54:50.76211075Z: [    0.830799] pci_bus 0000:00: root bus resource [mem 0xc0000000-0xfebfffff window]
[STDERR  ] 2018-01-15T17:54:50.762119691Z: [    0.831282] pci_bus 0000:00: root bus resource [bus 00-ff]
[STDERR  ] 2018-01-15T17:54:50.762130006Z: [    1.001413] pci 0000:00:1f.0: quirk: [io  0x0600-0x067f] claimed by ICH6 ACPI/GPIO/TCO
[STDERR  ] 2018-01-15T17:54:50.762138367Z: [    1.091204] ACPI: PCI Interrupt Link [LNKA] (IRQs 5 *10 11)
[STDERR  ] 2018-01-15T17:54:50.762147394Z: [    1.093485] ACPI: PCI Interrupt Link [LNKB] (IRQs 5 *10 11)
[STDERR  ] 2018-01-15T17:54:50.762162966Z: [    1.095388] ACPI: PCI Interrupt Link [LNKC] (IRQs 5 10 *11)
[STDERR  ] 2018-01-15T17:54:50.762172762Z: [    1.096920] ACPI: PCI Interrupt Link [LNKD] (IRQs 5 10 *11)
[STDERR  ] 2018-01-15T17:54:50.762182119Z: [    1.098334] ACPI: PCI Interrupt Link [LNKE] (IRQs 5 *10 11)
[STDERR  ] 2018-01-15T17:54:50.762189491Z: [    1.100367] ACPI: PCI Interrupt Link [LNKF] (IRQs 5 *10 11)
[STDERR  ] 2018-01-15T17:54:50.762196317Z: [    1.102255] ACPI: PCI Interrupt Link [LNKG] (IRQs 5 10 *11)
[STDERR  ] 2018-01-15T17:54:50.762207134Z: [    1.104091] ACPI: PCI Interrupt Link [LNKH] (IRQs 5 10 *11)
[STDERR  ] 2018-01-15T17:54:50.762213334Z: [    1.104805] ACPI: PCI Interrupt Link [GSIA] (IRQs *16)
[STDERR  ] 2018-01-15T17:54:50.76221987Z: [    1.105299] ACPI: PCI Interrupt Link [GSIB] (IRQs *17)
[STDERR  ] 2018-01-15T17:54:50.762226005Z: [    1.105797] ACPI: PCI Interrupt Link [GSIC] (IRQs *18)
[STDERR  ] 2018-01-15T17:54:50.762232435Z: [    1.106345] ACPI: PCI Interrupt Link [GSID] (IRQs *19)
[STDERR  ] 2018-01-15T17:54:50.762238644Z: [    1.106836] ACPI: PCI Interrupt Link [GSIE] (IRQs *20)
[STDERR  ] 2018-01-15T17:54:50.762244568Z: [    1.107319] ACPI: PCI Interrupt Link [GSIF] (IRQs *21)
[STDERR  ] 2018-01-15T17:54:50.762250704Z: [    1.107804] ACPI: PCI Interrupt Link [GSIG] (IRQs *22)
[STDERR  ] 2018-01-15T17:54:50.762258859Z: [    1.108287] ACPI: PCI Interrupt Link [GSIH] (IRQs *23)
[STDERR  ] 2018-01-15T17:54:50.762264869Z: [    1.111574] ACPI: Enabled 1 GPEs in block 00 to 3F
[STDERR  ] 2018-01-15T17:54:50.762271113Z: [    1.114664] SCSI subsystem initialized
[STDERR  ] 2018-01-15T17:54:50.762277794Z: [    1.116331] ACPI: bus type USB registered
[STDERR  ] 2018-01-15T17:54:50.762284671Z: [    1.117388] usbcore: registered new interface driver usbfs
[STDERR  ] 2018-01-15T17:54:50.762290267Z: [    1.118171] usbcore: registered new interface driver hub
[STDERR  ] 2018-01-15T17:54:50.76229606Z: [    1.118905] usbcore: registered new device driver usb
[STDERR  ] 2018-01-15T17:54:50.76230294Z: [    1.119849] pps_core: LinuxPPS API ver. 1 registered
[STDERR  ] 2018-01-15T17:54:50.762309098Z: [    1.120098] pps_core: Software ver. 5.3.6 - Copyright 2005-2007 Rodolfo Giometti <giometti@linux.it>
[STDERR  ] 2018-01-15T17:54:50.762315482Z: [    1.120666] PTP clock support registered
[STDERR  ] 2018-01-15T17:54:50.762321509Z: [    1.121662] wmi: Mapper loaded
[STDERR  ] 2018-01-15T17:54:50.762327982Z: [    1.122727] PCI: Using ACPI for IRQ routing
[STDERR  ] 2018-01-15T17:54:50.762334311Z: [    1.135707] NetLabel: Initializing
[STDERR  ] 2018-01-15T17:54:50.762340884Z: [    1.135901] NetLabel:  domain hash size = 128
[STDERR  ] 2018-01-15T17:54:50.762346449Z: [    1.136303] NetLabel:  protocols = UNLABELED CIPSOv4
[STDERR  ] 2018-01-15T17:54:50.762352029Z: [    1.138042] NetLabel:  unlabeled traffic allowed by default
[STDERR  ] 2018-01-15T17:54:50.762357902Z: [    1.139439] HPET: 3 timers in total, 0 timers will be used for per-cpu timer
[STDERR  ] 2018-01-15T17:54:50.762364259Z: [    1.140337] hpet0: at MMIO 0xfed00000, IRQs 2, 8, 0
[STDERR  ] 2018-01-15T17:54:50.762369888Z: [    1.140740] hpet0: 3 comparators, 64-bit 100.000000 MHz counter
[STDERR  ] 2018-01-15T17:54:50.762377056Z: [    1.148149] clocksource: Switched to clocksource hpet
[STDERR  ] 2018-01-15T17:54:50.762382629Z: [    1.306135] VFS: Disk quotas dquot_6.6.0
[STDERR  ] 2018-01-15T17:54:50.762388524Z: [    1.306776] VFS: Dquot-cache hash table entries: 512 (order 0, 4096 bytes)
[STDERR  ] 2018-01-15T17:54:50.76239469Z: [    1.310068] FS-Cache: Loaded
[STDERR  ] 2018-01-15T17:54:50.762400889Z: [    1.315220] CacheFiles: Loaded
[STDERR  ] 2018-01-15T17:54:50.762410123Z: [    1.317151] pnp: PnP ACPI init
[STDERR  ] 2018-01-15T17:54:50.762416448Z: [    1.326057] pnp: PnP ACPI: found 5 devices
[STDERR  ] 2018-01-15T17:54:50.762422264Z: [    1.361017] clocksource: acpi_pm: mask: 0xffffff max_cycles: 0xffffff, max_idle_ns: 2085701024 ns
[STDERR  ] 2018-01-15T17:54:50.762428316Z: [    1.364099] NET: Registered protocol family 2
[STDERR  ] 2018-01-15T17:54:50.762438085Z: [    1.371677] TCP established hash table entries: 16384 (order: 5, 131072 bytes)
[STDERR  ] 2018-01-15T17:54:50.762444162Z: [    1.372534] TCP bind hash table entries: 16384 (order: 6, 262144 bytes)
[STDERR  ] 2018-01-15T17:54:50.762450362Z: [    1.375564] TCP: Hash tables configured (established 16384 bind 16384)
[STDERR  ] 2018-01-15T17:54:50.762456681Z: [    1.377103] UDP hash table entries: 1024 (order: 3, 32768 bytes)
[STDERR  ] 2018-01-15T17:54:50.76246329Z: [    1.377669] UDP-Lite hash table entries: 1024 (order: 3, 32768 bytes)
[STDERR  ] 2018-01-15T17:54:50.76247367Z: [    1.379825] NET: Registered protocol family 1
[STDERR  ] 2018-01-15T17:54:50.76247947Z: [    1.380832] pci 0000:00:01.0: Video device with shadowed ROM at [mem 0x000c0000-0x000dffff]
[STDERR  ] 2018-01-15T17:54:50.762485165Z: [    1.387460] Unpacking initramfs...
[STDERR  ] 2018-01-15T17:54:50.762491858Z: [   22.555120] Freeing initrd memory: 207672K
[STDERR  ] 2018-01-15T17:54:50.762497452Z: [   22.576255] PCLMULQDQ-NI instructions are not detected.
[STDERR  ] 2018-01-15T17:54:50.762506303Z: [   22.577465] AVX or AES-NI instructions are not detected.
[STDERR  ] 2018-01-15T17:54:50.762515975Z: [   22.577912] CPU feature 'AVX registers' is not supported.
[STDERR  ] 2018-01-15T17:54:50.762525549Z: [   22.578306] CPU feature 'AVX registers' is not supported.
[STDERR  ] 2018-01-15T17:54:50.762535479Z: [   22.578674] CPU feature 'AVX registers' is not supported.
[STDERR  ] 2018-01-15T17:54:50.76254514Z: [   22.578953] CPU feature 'AVX registers' is not supported.
[STDERR  ] 2018-01-15T17:54:50.762555301Z: [   22.579232] AVX2 or AES-NI instructions are not detected.
[STDERR  ] 2018-01-15T17:54:50.762565225Z: [   22.579530] AVX2 instructions are not detected.
[STDERR  ] 2018-01-15T17:54:50.762574592Z: [   22.585614] audit: initializing netlink subsys (disabled)
[STDERR  ] 2018-01-15T17:54:50.762582347Z: [   22.587249] audit: type=2000 audit(1516038405.580:1): initialized
[STDERR  ] 2018-01-15T17:54:50.762589022Z: [   22.595141] workingset: timestamp_bits=46 max_order=19 bucket_order=0
[STDERR  ] 2018-01-15T17:54:50.762595163Z: [   22.598654] squashfs: version 4.0 (2009/01/31) Phillip Lougher
[STDERR  ] 2018-01-15T17:54:50.762601425Z: [   22.604330] FS-Cache: Netfs 'cifs' registered for caching
[STDERR  ] 2018-01-15T17:54:50.762607482Z: [   22.605091] fuse init (API version 7.26)
[STDERR  ] 2018-01-15T17:54:50.762613366Z: [   22.607074] SGI XFS with ACLs, security attributes, no debug enabled
[STDERR  ] 2018-01-15T17:54:50.762619336Z: [   22.610447] 9p: Installing v9fs 9p2000 file system support
[STDERR  ] 2018-01-15T17:54:50.762647337Z: [   22.610873] FS-Cache: Netfs '9p' registered for caching
[STDERR  ] 2018-01-15T17:54:50.762653722Z: [   22.635388] NET: Registered protocol family 38
[STDERR  ] 2018-01-15T17:54:50.762659703Z: [   22.635929] Key type asymmetric registered
[STDERR  ] 2018-01-15T17:54:50.762666201Z: [   22.636208] Asymmetric key parser 'x509' registered
[STDERR  ] 2018-01-15T17:54:50.762672045Z: [   22.637056] Block layer SCSI generic (bsg) driver version 0.4 loaded (major 251)
[STDERR  ] 2018-01-15T17:54:50.762678564Z: [   22.638539] io scheduler noop registered
[STDERR  ] 2018-01-15T17:54:50.762684509Z: [   22.638840] io scheduler deadline registered (default)
[STDERR  ] 2018-01-15T17:54:50.76269122Z: [   22.639559] io scheduler cfq registered
[STDERR  ] 2018-01-15T17:54:50.762697172Z: [   22.642824] pci_hotplug: PCI Hot Plug PCI Core version: 0.5
[STDERR  ] 2018-01-15T17:54:50.762704193Z: [   22.643371] pciehp: PCI Express Hot Plug Controller Driver version: 0.4
[STDERR  ] 2018-01-15T17:54:50.762711142Z: [   22.644081] shpchp: Standard Hot Plug PCI Controller Driver version: 0.4
[STDERR  ] 2018-01-15T17:54:50.762717795Z: [   22.644793] hv_vmbus: registering driver hyperv_fb
[STDERR  ] 2018-01-15T17:54:50.762724145Z: [   22.647469] input: Power Button as /devices/LNXSYSTM:00/LNXPWRBN:00/input/input0
[STDERR  ] 2018-01-15T17:54:50.762730225Z: [   22.648586] ACPI: Power Button [PWRF]
[STDERR  ] 2018-01-15T17:54:50.762741161Z: [   22.653622] GHES: HEST is not enabled!
[STDERR  ] 2018-01-15T17:54:50.762747247Z: [   22.663638] ACPI: PCI Interrupt Link [GSIG] enabled at IRQ 22
[STDERR  ] 2018-01-15T17:54:50.762753104Z: [   22.673958] ACPI: PCI Interrupt Link [GSIH] enabled at IRQ 23
[STDERR  ] 2018-01-15T17:54:50.762759089Z: [   22.678522] xenfs: not registering filesystem on non-xen platform
[STDERR  ] 2018-01-15T17:54:50.762835527Z: [   22.680666] Serial: 8250/16550 driver, 4 ports, IRQ sharing disabled
[STDERR  ] 2018-01-15T17:54:50.762845582Z: [   22.705939] 00:04: ttyS0 at I/O 0x3f8 (irq = 4, base_baud = 115200) is a 16550A
[STDERR  ] 2018-01-15T17:54:50.762858325Z: [   22.716199] Non-volatile memory driver v1.3
[STDERR  ] 2018-01-15T17:54:50.762865309Z: [   22.723675] Hangcheck: starting hangcheck timer 0.9.1 (tick is 180 seconds, margin is 60 seconds).
[STDERR  ] 2018-01-15T17:54:50.76287195Z: [   22.728061] random: fast init done
[STDERR  ] 2018-01-15T17:54:50.762878304Z: [   22.729170] random: crng init done
[STDERR  ] 2018-01-15T17:54:50.762884405Z: [   22.755301] loop: module loaded
[STDERR  ] 2018-01-15T17:54:50.762890402Z: [   22.767110] nbd: registered device at major 43
[STDERR  ] 2018-01-15T17:54:50.762895998Z: [   22.796352] lpc_ich 0000:00:1f.0: I/O space for GPIO uninitialized
[STDERR  ] 2018-01-15T17:54:50.762902748Z: [   22.798061] VMware PVSCSI driver - version 1.0.7.0-k
[STDERR  ] 2018-01-15T17:54:50.762908623Z: [   22.798763] hv_vmbus: registering driver hv_storvsc
[STDERR  ] 2018-01-15T17:54:50.762915239Z: [   22.805213] ACPI: PCI Interrupt Link [GSIA] enabled at IRQ 16
[STDERR  ] 2018-01-15T17:54:50.762920907Z: [   22.811577] ahci 0000:00:1f.2: AHCI 0001.0000 32 slots 6 ports 1.5 Gbps 0x3f impl SATA mode
[STDERR  ] 2018-01-15T17:54:50.762927169Z: [   22.812277] ahci 0000:00:1f.2: flags: 64bit ncq only 
[STDERR  ] 2018-01-15T17:54:50.76293299Z: [   22.828750] scsi host0: ahci
[STDERR  ] 2018-01-15T17:54:50.762938759Z: [   22.832183] scsi host1: ahci
[STDERR  ] 2018-01-15T17:54:50.762944505Z: [   22.834545] scsi host2: ahci
[STDERR  ] 2018-01-15T17:54:50.762950255Z: [   22.836929] scsi host3: ahci
[STDERR  ] 2018-01-15T17:54:50.762955812Z: [   22.838807] scsi host4: ahci
[STDERR  ] 2018-01-15T17:54:50.762961673Z: [   22.840796] scsi host5: ahci
[STDERR  ] 2018-01-15T17:54:50.762967822Z: [   22.842219] ata1: SATA max UDMA/133 abar m4096@0xfebd2000 port 0xfebd2100 irq 24
[STDERR  ] 2018-01-15T17:54:50.762977888Z: [   22.842697] ata2: SATA max UDMA/133 abar m4096@0xfebd2000 port 0xfebd2180 irq 24
[STDERR  ] 2018-01-15T17:54:50.762983715Z: [   22.842993] ata3: SATA max UDMA/133 abar m4096@0xfebd2000 port 0xfebd2200 irq 24
[STDERR  ] 2018-01-15T17:54:50.762989458Z: [   22.843315] ata4: SATA max UDMA/133 abar m4096@0xfebd2000 port 0xfebd2280 irq 24
[STDERR  ] 2018-01-15T17:54:50.762995679Z: [   22.843637] ata5: SATA max UDMA/133 abar m4096@0xfebd2000 port 0xfebd2300 irq 24
[STDERR  ] 2018-01-15T17:54:50.763043321Z: [   22.843933] ata6: SATA max UDMA/133 abar m4096@0xfebd2000 port 0xfebd2380 irq 24
[STDERR  ] 2018-01-15T17:54:50.763049392Z: [   22.854462] tun: Universal TUN/TAP device driver, 1.6
[STDERR  ] 2018-01-15T17:54:50.763055279Z: [   22.854848] tun: (C) 1999-2004 Max Krasnyansky <maxk@qualcomm.com>
[STDERR  ] 2018-01-15T17:54:50.763060809Z: [   22.865487] VMware vmxnet3 virtual NIC driver - version 1.4.a.0-k-NAPI
[STDERR  ] 2018-01-15T17:54:50.763066632Z: [   22.866256] hv_vmbus: registering driver hv_netvsc
[STDERR  ] 2018-01-15T17:54:50.763072314Z: [   22.866527] Fusion MPT base driver 3.04.20
[STDERR  ] 2018-01-15T17:54:50.763078878Z: [   22.866719] Copyright (c) 1999-2008 LSI Corporation
[STDERR  ] 2018-01-15T17:54:50.76308551Z: [   22.867204] Fusion MPT SPI Host driver 3.04.20
[STDERR  ] 2018-01-15T17:54:50.763091552Z: [   22.868896] i8042: PNP: PS/2 Controller [PNP0303:KBD,PNP0f13:MOU] at 0x60,0x64 irq 1,12
[STDERR  ] 2018-01-15T17:54:50.763097889Z: [   22.873463] serio: i8042 KBD port at 0x60,0x64 irq 1
[STDERR  ] 2018-01-15T17:54:50.763106421Z: [   22.874028] serio: i8042 AUX port at 0x60,0x64 irq 12
[STDERR  ] 2018-01-15T17:54:50.763122056Z: [   22.876393] hv_vmbus: registering driver hyperv_keyboard
[STDERR  ] 2018-01-15T17:54:50.763130961Z: [   22.878066] mousedev: PS/2 mouse device common for all mice
[STDERR  ] 2018-01-15T17:54:50.763140482Z: [   22.882390] input: AT Translated Set 2 keyboard as /devices/platform/i8042/serio0/input/input1
[STDERR  ] 2018-01-15T17:54:50.763149476Z: [   22.884655] input: PC Speaker as /devices/platform/pcspkr/input/input2
[STDERR  ] 2018-01-15T17:54:50.763158586Z: [   22.887811] rtc_cmos 00:00: RTC can wake from S4
[STDERR  ] 2018-01-15T17:54:50.763173601Z: [   22.891126] rtc_cmos 00:00: rtc core: registered rtc_cmos as rtc0
[STDERR  ] 2018-01-15T17:54:50.763183498Z: [   22.892296] rtc_cmos 00:00: alarms up to one day, y3k, 114 bytes nvram, hpet irqs
[STDERR  ] 2018-01-15T17:54:50.763192301Z: [   22.892880] i2c /dev entries driver
[STDERR  ] 2018-01-15T17:54:50.763198555Z: [   22.894672] device-mapper: ioctl: 4.35.0-ioctl (2016-06-23) initialised: dm-devel@redhat.com
[STDERR  ] 2018-01-15T17:54:50.763205394Z: [   22.898400] usbcore: registered new interface driver usbhid
[STDERR  ] 2018-01-15T17:54:50.763212Z: [   22.898821] usbhid: USB HID core driver
[STDERR  ] 2018-01-15T17:54:50.763218413Z: [   22.899314] hv_utils: Registering HyperV Utility Driver
[STDERR  ] 2018-01-15T17:54:50.76322497Z: [   22.899565] hv_vmbus: registering driver hv_util
[STDERR  ] 2018-01-15T17:54:50.763239073Z: [   22.899787] hv_vmbus: registering driver hv_balloon
[STDERR  ] 2018-01-15T17:54:50.763245657Z: [   22.900643] oprofile: using NMI interrupt.
[STDERR  ] 2018-01-15T17:54:50.763251504Z: [   22.901645] GACT probability on
[STDERR  ] 2018-01-15T17:54:50.763258419Z: [   22.902122] Mirror/redirect action on
[STDERR  ] 2018-01-15T17:54:50.763264357Z: [   22.902892] Simple TC action Loaded
[STDERR  ] 2018-01-15T17:54:50.763270161Z: [   22.903407] u32 classifier
[STDERR  ] 2018-01-15T17:54:50.763276142Z: [   22.903546]     Performance counters on
[STDERR  ] 2018-01-15T17:54:50.763281993Z: [   22.903724]     input device check on
[STDERR  ] 2018-01-15T17:54:50.763287641Z: [   22.903911]     Actions configured
[STDERR  ] 2018-01-15T17:54:50.763293252Z: [   22.904399] Netfilter messages via NETLINK v0.30.
[STDERR  ] 2018-01-15T17:54:50.763299052Z: [   22.904861] nfnl_acct: registering with nfnetlink.
[STDERR  ] 2018-01-15T17:54:50.763306185Z: [   22.906186] nf_conntrack version 0.5.0 (16384 buckets, 65536 max)
[STDERR  ] 2018-01-15T17:54:50.763312312Z: [   22.909314] ctnetlink v0.93: registering with nfnetlink.
[STDERR  ] 2018-01-15T17:54:50.763317809Z: [   22.912740] nf_tables: (c) 2007-2009 Patrick McHardy <kaber@trash.net>
[STDERR  ] 2018-01-15T17:54:50.763323618Z: [   22.913580] nf_tables_compat: (c) 2012 Pablo Neira Ayuso <pablo@netfilter.org>
[STDERR  ] 2018-01-15T17:54:50.763330101Z: [   22.915653] xt_time: kernel timezone is -0000
[STDERR  ] 2018-01-15T17:54:50.763336086Z: [   22.916077] ip_set: protocol 6
[STDERR  ] 2018-01-15T17:54:50.763341812Z: [   22.916709] IPVS: Registered protocols (TCP, UDP, SCTP, AH, ESP)
[STDERR  ] 2018-01-15T17:54:50.763347504Z: [   22.917193] IPVS: Connection hash table configured (size=4096, memory=64Kbytes)
[STDERR  ] 2018-01-15T17:54:50.763353929Z: [   22.918704] IPVS: Creating netns size=2104 id=0
[STDERR  ] 2018-01-15T17:54:50.763359552Z: [   22.921786] IPVS: ipvs loaded.
[STDERR  ] 2018-01-15T17:54:50.763365225Z: [   22.922097] IPVS: [rr] scheduler registered.
[STDERR  ] 2018-01-15T17:54:50.763371078Z: [   22.922469] IPVS: [wrr] scheduler registered.
[STDERR  ] 2018-01-15T17:54:50.763376711Z: [   22.922661] IPVS: [lc] scheduler registered.
[STDERR  ] 2018-01-15T17:54:50.763382412Z: [   22.922870] IPVS: [wlc] scheduler registered.
[STDERR  ] 2018-01-15T17:54:50.763387928Z: [   22.923093] IPVS: [fo] scheduler registered.
[STDERR  ] 2018-01-15T17:54:50.763393369Z: [   22.923347] IPVS: [ovf] scheduler registered.
[STDERR  ] 2018-01-15T17:54:50.763399034Z: [   22.923717] IPVS: [lblc] scheduler registered.
[STDERR  ] 2018-01-15T17:54:50.763404648Z: [   22.924046] IPVS: [lblcr] scheduler registered.
[STDERR  ] 2018-01-15T17:54:50.763414269Z: [   22.924275] IPVS: [dh] scheduler registered.
[STDERR  ] 2018-01-15T17:54:50.763420001Z: [   22.924502] IPVS: [sh] scheduler registered.
[STDERR  ] 2018-01-15T17:54:50.763425567Z: [   22.924719] IPVS: [sed] scheduler registered.
[STDERR  ] 2018-01-15T17:54:50.763431237Z: [   22.924919] IPVS: [nq] scheduler registered.
[STDERR  ] 2018-01-15T17:54:50.763444156Z: [   22.925595] IPVS: ftp: loaded support on port[0] = 21
[STDERR  ] 2018-01-15T17:54:50.763449797Z: [   22.926309] ipip: IPv4 and MPLS over IPv4 tunneling driver
[STDERR  ] 2018-01-15T17:54:50.76345948Z: [   22.929740] gre: GRE over IPv4 demultiplexor driver
[STDERR  ] 2018-01-15T17:54:50.7634655Z: [   22.932719] ip_tables: (C) 2000-2006 Netfilter Core Team
[STDERR  ] 2018-01-15T17:54:50.763471435Z: [   22.935687] ipt_CLUSTERIP: ClusterIP Version 0.8 loaded successfully
[STDERR  ] 2018-01-15T17:54:50.763477022Z: [   22.936445] arp_tables: arp_tables: (C) 2002 David S. Miller
[STDERR  ] 2018-01-15T17:54:50.763482598Z: [   22.938628] NET: Registered protocol family 10
[STDERR  ] 2018-01-15T17:54:50.763497969Z: [   22.947346] ip6_tables: (C) 2000-2006 Netfilter Core Team
[STDERR  ] 2018-01-15T17:54:50.76350608Z: [   22.955044] NET: Registered protocol family 17
[STDERR  ] 2018-01-15T17:54:50.763515043Z: [   22.956056] Bridge firewalling registered
[STDERR  ] 2018-01-15T17:54:50.763522372Z: [   22.956565] Ebtables v2.0 registered
[STDERR  ] 2018-01-15T17:54:50.763527902Z: [   22.958365] 8021q: 802.1Q VLAN Support v1.8
[STDERR  ] 2018-01-15T17:54:50.763533579Z: [   22.959757] 9pnet: Installing 9P2000 support
[STDERR  ] 2018-01-15T17:54:50.763539103Z: [   22.962621] Key type dns_resolver registered
[STDERR  ] 2018-01-15T17:54:50.763544626Z: [   22.963342] microcode: AMD CPU family 0x6 not supported
[STDERR  ] 2018-01-15T17:54:50.763550216Z: [   22.966277] registered taskstats version 1
[STDERR  ] 2018-01-15T17:54:50.76355598Z: [   23.126309] Key type big_key registered
[STDERR  ] 2018-01-15T17:54:50.763561787Z: [   23.174961] ata1: SATA link up 1.5 Gbps (SStatus 113 SControl 300)
[STDERR  ] 2018-01-15T17:54:50.763568261Z: [   23.181171] ata1.00: ATA-7: QEMU HARDDISK, 2.5+, max UDMA/100
[STDERR  ] 2018-01-15T17:54:50.763574574Z: [   23.181543] ata1.00: 4194304 sectors, multi 16: LBA48 NCQ (depth 31/32)
[STDERR  ] 2018-01-15T17:54:50.763580574Z: [   23.181999] ata1.00: applying bridge limits
[STDERR  ] 2018-01-15T17:54:50.76358626Z: [   23.184500] ata4: SATA link down (SStatus 0 SControl 300)
[STDERR  ] 2018-01-15T17:54:50.763592523Z: [   23.185936] ata3: SATA link up 1.5 Gbps (SStatus 113 SControl 300)
[STDERR  ] 2018-01-15T17:54:50.763598219Z: [   23.186626] ata3.00: ATAPI: QEMU DVD-ROM, 2.5+, max UDMA/100
[STDERR  ] 2018-01-15T17:54:50.763604494Z: [   23.186945] ata3.00: applying bridge limits
[STDERR  ] 2018-01-15T17:54:50.763610123Z: [   23.187800] ata3.00: configured for UDMA/100
[STDERR  ] 2018-01-15T17:54:50.763615731Z: [   23.189736] ata2: SATA link down (SStatus 0 SControl 300)
[STDERR  ] 2018-01-15T17:54:50.763621668Z: [   23.190365] ata6: SATA link down (SStatus 0 SControl 300)
[STDERR  ] 2018-01-15T17:54:50.763628736Z: [   23.195073] ata5: SATA link down (SStatus 0 SControl 300)
[STDERR  ] 2018-01-15T17:54:50.763634655Z: [   23.195824] ata1.00: configured for UDMA/100
[STDERR  ] 2018-01-15T17:54:50.763640407Z: [   23.212143] scsi 0:0:0:0: Direct-Access     ATA      QEMU HARDDISK    2.5+ PQ: 0 ANSI: 5
[STDERR  ] 2018-01-15T17:54:50.763646673Z: [   23.222394] sd 0:0:0:0: [sda] 4194304 512-byte logical blocks: (2.15 GB/2.00 GiB)
[STDERR  ] 2018-01-15T17:54:50.763652503Z: [   23.229625] sd 0:0:0:0: [sda] Write Protect is off
[STDERR  ] 2018-01-15T17:54:50.763658137Z: [   23.231292] sd 0:0:0:0: Attached scsi generic sg0 type 0
[STDERR  ] 2018-01-15T17:54:50.76366382Z: [   23.233068] sd 0:0:0:0: [sda] Write cache: enabled, read cache: enabled, doesn't support DPO or FUA
[STDERR  ] 2018-01-15T17:54:50.76367026Z: [   23.239110] scsi 2:0:0:0: CD-ROM            QEMU     QEMU DVD-ROM     2.5+ PQ: 0 ANSI: 5
[STDERR  ] 2018-01-15T17:54:50.763681007Z: [   23.263078] sr 2:0:0:0: [sr0] scsi3-mmc drive: 4x/4x cd/rw xa/form2 tray
[STDERR  ] 2018-01-15T17:54:50.763687443Z: [   23.263724] cdrom: Uniform CD-ROM driver Revision: 3.20
[STDERR  ] 2018-01-15T17:54:50.763693348Z: [   23.274037] sr 2:0:0:0: Attached scsi generic sg1 type 5
[STDERR  ] 2018-01-15T17:54:50.763699019Z: [   23.292446] sd 0:0:0:0: [sda] Attached SCSI disk
[STDERR  ] 2018-01-15T17:54:50.763704904Z: [   23.324514] Key type encrypted registered
[STDERR  ] 2018-01-15T17:54:50.763714306Z: [   23.331095] rtc_cmos 00:00: setting system clock to 2018-01-15 17:46:46 UTC (1516038406)
[STDERR  ] 2018-01-15T17:54:50.763720377Z: [   23.461398] Freeing unused kernel memory: 1396K
[STDERR  ] 2018-01-15T17:54:50.763726426Z: [   23.461728] Write protecting the kernel read-only data: 12288k
[STDERR  ] 2018-01-15T17:54:50.763732243Z: [   23.467124] Freeing unused kernel memory: 124K
[STDERR  ] 2018-01-15T17:54:50.76374437Z: [   23.555374] Freeing unused kernel memory: 1396K
[STDERR  ] 2018-01-15T17:54:50.763750313Z: [   23.600801] tsc: Refined TSC clocksource calibration: 2599.908 MHz
[STDERR  ] 2018-01-15T17:54:50.76375595Z: [   23.601291] clocksource: tsc: mask: 0xffffffffffffffff max_cycles: 0x2579e51992f, max_idle_ns: 440795262974 ns
[STDERR  ] 2018-01-15T17:54:50.763762477Z: [   24.615358] clocksource: Switched to clocksource tsc
[STDERR  ] 2018-01-15T17:54:50.76376833Z: 
[STDERR  ] 2018-01-15T17:54:50.763774228Z: Welcome to LinuxKit
[STDERR  ] 2018-01-15T17:54:50.763779852Z: 
[STDERR  ] 2018-01-15T17:54:50.763785434Z:                         ##         .
[STDERR  ] 2018-01-15T17:54:50.763791455Z:                   ## ## ##        ==
[STDERR  ] 2018-01-15T17:54:50.763796941Z:                ## ## ## ## ##    ===
[STDERR  ] 2018-01-15T17:54:50.763802478Z:            /"""""""""""""""""\___/ ===
[STDERR  ] 2018-01-15T17:54:50.763808026Z:           {                       /  ===-
[STDERR  ] 2018-01-15T17:54:50.763821466Z:            \______ O           __/
[STDERR  ] 2018-01-15T17:54:50.763829576Z:              \    \         __/
[STDERR  ] 2018-01-15T17:54:50.763837662Z:               \____\_______/
[STDERR  ] 2018-01-15T17:54:50.763844588Z: 
[STDERR  ] 2018-01-15T17:54:50.763850103Z: [   77.270089] 8021q: adding VLAN 0 to HW filter on device eth0
[STDERR  ] 2018-01-15T17:54:50.7638564Z: eth0: waiting for carrier
[STDERR  ] 2018-01-15T17:54:50.763862668Z: eth0: carrier acquired
[STDERR  ] 2018-01-15T17:54:50.763868752Z: DUID 00:01:00:01:21:ef:a5:bc:5e:e1:69:06:be:ec
[STDERR  ] 2018-01-15T17:54:50.763874282Z: eth0: IAID 69:06:be:ec
[STDERR  ] 2018-01-15T17:54:50.763880053Z: eth0: adding address fe80::df84:96c6:649b:71da
[STDERR  ] 2018-01-15T17:54:50.763885654Z: eth0: soliciting an IPv6 router
[STDERR  ] 2018-01-15T17:54:50.763891105Z: eth0: soliciting a DHCP lease
[STDERR  ] 2018-01-15T17:54:50.763896596Z: eth0: offered 10.0.2.15 from 10.0.2.2
[STDERR  ] 2018-01-15T17:54:50.763902145Z: eth0: leased 10.0.2.15 for 86400 seconds
[STDERR  ] 2018-01-15T17:54:50.763914708Z: eth0: adding route to 10.0.2.0/24
[STDERR  ] 2018-01-15T17:54:50.763920369Z: eth0: adding default route via 10.0.2.2
[STDERR  ] 2018-01-15T17:54:50.763925849Z: exiting due to oneshot
[STDERR  ] 2018-01-15T17:54:50.763931371Z: dhcpcd exited
[STDERR  ] 2018-01-15T17:54:50.763936894Z: [   79.291985] IPVS: Creating netns size=2104 id=1
[STDERR  ] 2018-01-15T17:54:50.763942389Z: [   79.292459] IPVS: ftp: loaded support on port[0] = 21
[STDERR  ] 2018-01-15T17:54:50.76394864Z: 2018/01/15 17:47:42 Creating partition on /dev/sda
[STDERR  ] 2018-01-15T17:54:50.763954221Z: [   80.461138]  sda:
[STDERR  ] 2018-01-15T17:54:50.763959832Z: [   80.529483]  sda:
[STDERR  ] 2018-01-15T17:54:50.763965421Z: [   80.592753]  sda: sda1
[STDERR  ] 2018-01-15T17:54:50.763970926Z: [   80.672324]  sda: sda1
[STDERR  ] 2018-01-15T17:54:50.763976381Z: 2018/01/15 17:47:45 Partition /dev/sda1 successfully created!
[STDERR  ] 2018-01-15T17:54:50.763981981Z: [   83.412454] IPVS: Creating netns size=2104 id=2
[STDERR  ] 2018-01-15T17:54:50.763992449Z: [   83.412699] IPVS: ftp: loaded support on port[0] = 21
[STDERR  ] 2018-01-15T17:54:50.764006261Z: [   84.389503] EXT4-fs (sda1): couldn't mount as ext3 due to feature incompatibilities
[STDERR  ] 2018-01-15T17:54:50.764022814Z: [   84.397306] EXT4-fs (sda1): couldn't mount as ext2 due to feature incompatibilities
[STDERR  ] 2018-01-15T17:54:50.764033759Z: [   84.421287] EXT4-fs (sda1): mounted filesystem with ordered data mode. Opts: (null)
[STDERR  ] 2018-01-15T17:54:50.764041859Z: v1.0.1-rc.0
[STDERR  ] 2018-01-15T17:54:50.764054339Z: 1549ddad67adc43024f817b542144908627466f2
[STDERR  ] 2018-01-15T17:54:50.764062156Z:  root-test
[STDERR  ] 2018-01-15T17:54:50.76407045Z: ok  	github.com/containerd/containerd/archive	1.900s
[STDERR  ] 2018-01-15T17:54:50.764077826Z: [  190.524460] XFS (loop0): Mounting V4 Filesystem
[STDERR  ] 2018-01-15T17:54:50.764085897Z: [  190.559064] XFS (loop0): Ending clean mount
[STDERR  ] 2018-01-15T17:54:50.764094038Z: [  190.619736] XFS (loop0): Unmounting Filesystem
[STDERR  ] 2018-01-15T17:54:50.764103359Z: [  191.229522] XFS (loop0): Mounting V4 Filesystem
[STDERR  ] 2018-01-15T17:54:50.764112089Z: [  191.255478] XFS (loop0): Ending clean mount
[STDERR  ] 2018-01-15T17:54:50.764120335Z: [  191.281120] XFS (loop0): Unmounting Filesystem
[STDERR  ] 2018-01-15T17:54:50.764128002Z: ok  	github.com/containerd/containerd/fs	1.993s
[STDERR  ] 2018-01-15T17:54:50.764136394Z: ok  	github.com/containerd/containerd/metadata	5.725s
[STDERR  ] 2018-01-15T17:54:50.764144779Z: [  366.690924] XFS (loop2): Mounting V5 Filesystem
[STDERR  ] 2018-01-15T17:54:50.764153512Z: [  366.724336] XFS (loop2): Ending clean mount
[STDERR  ] 2018-01-15T17:54:50.764161985Z: [  366.836752] XFS (loop2): Unmounting Filesystem
[STDERR  ] 2018-01-15T17:54:50.764178167Z: ok  	github.com/containerd/containerd/mount/lookup_test	1.108s
[STDERR  ] 2018-01-15T17:54:50.764186212Z: [  398.201225] raid6: sse2x1   gen()   422 MB/s
[STDERR  ] 2018-01-15T17:54:50.76419467Z: [  398.370397] raid6: sse2x1   xor()   218 MB/s
[STDERR  ] 2018-01-15T17:54:50.76420323Z: [  398.540346] raid6: sse2x2   gen()   394 MB/s
[STDERR  ] 2018-01-15T17:54:50.764211745Z: [  398.710310] raid6: sse2x2   xor()   246 MB/s
[STDERR  ] 2018-01-15T17:54:50.764220016Z: [  398.880398] raid6: sse2x4   gen()   450 MB/s
[STDERR  ] 2018-01-15T17:54:50.764228436Z: [  399.050260] raid6: sse2x4   xor()   252 MB/s
[STDERR  ] 2018-01-15T17:54:50.764236951Z: [  399.050505] raid6: using algorithm sse2x4 gen() 450 MB/s
[STDERR  ] 2018-01-15T17:54:50.764246386Z: [  399.050916] raid6: .... xor() 252 MB/s, rmw enabled
[STDERR  ] 2018-01-15T17:54:50.764255642Z: [  399.051334] raid6: using intx1 recovery algorithm
[STDERR  ] 2018-01-15T17:54:50.764264498Z: [  399.073739] xor: measuring software checksum speed
[STDERR  ] 2018-01-15T17:54:50.76427368Z: [  399.170430]    prefetch64-sse:   745.600 MB/sec
[STDERR  ] 2018-01-15T17:54:50.764282889Z: [  399.270250]    generic_sse:   733.600 MB/sec
[STDERR  ] 2018-01-15T17:54:50.764292257Z: [  399.270663] xor: using function: prefetch64-sse (745.600 MB/sec)
[STDERR  ] 2018-01-15T17:54:50.764301247Z: [  399.415308] Btrfs loaded, crc32c=crc32c-generic
[STDERR  ] 2018-01-15T17:54:50.764310144Z: [  399.423414] BTRFS: device fsid c26a11ca-b78a-4c5c-a764-1722cd96eed4 devid 1 transid 5 /dev/loop2
[STDERR  ] 2018-01-15T17:54:50.764319145Z: [  399.462423] BTRFS info (device loop2): disk space caching is enabled
[STDERR  ] 2018-01-15T17:54:50.764325195Z: [  399.462785] BTRFS info (device loop2): has skinny extents
[STDERR  ] 2018-01-15T17:54:50.764332242Z: [  399.463178] BTRFS info (device loop2): flagging fs with big metadata feature
[STDERR  ] 2018-01-15T17:54:50.764337789Z: [  399.510469] BTRFS info (device loop2): creating UUID tree
[STDERR  ] 2018-01-15T17:54:50.764343636Z: [  401.133097] BTRFS: device fsid 505f5053-797f-45ff-897c-6bdaf2e95342 devid 1 transid 5 /dev/loop2
[STDERR  ] 2018-01-15T17:54:50.764349568Z: [  401.284382] BTRFS info (device loop2): disk space caching is enabled
[STDERR  ] 2018-01-15T17:54:50.764361949Z: [  401.284816] BTRFS info (device loop2): has skinny extents
[STDERR  ] 2018-01-15T17:54:50.764368183Z: [  401.285055] BTRFS info (device loop2): flagging fs with big metadata feature
[STDERR  ] 2018-01-15T17:54:50.764373976Z: [  401.319280] BTRFS info (device loop2): creating UUID tree
[STDERR  ] 2018-01-15T17:54:50.764379697Z: [  402.342379] BTRFS: device fsid 223ea071-b087-4343-9717-f3f4ea0c4d5e devid 1 transid 5 /dev/loop2
[STDERR  ] 2018-01-15T17:54:50.764385657Z: [  402.493550] BTRFS info (device loop2): disk space caching is enabled
[STDERR  ] 2018-01-15T17:54:50.764395784Z: [  402.494042] BTRFS info (device loop2): has skinny extents
[STDERR  ] 2018-01-15T17:54:50.76440264Z: [  402.494291] BTRFS info (device loop2): flagging fs with big metadata feature
[STDERR  ] 2018-01-15T17:54:50.764408666Z: [  402.523811] BTRFS info (device loop2): creating UUID tree
[STDERR  ] 2018-01-15T17:54:50.76441465Z: [  403.432696] BTRFS: device fsid f10d498e-822b-4c06-b1d2-efd08c714cee devid 1 transid 5 /dev/loop2
[STDERR  ] 2018-01-15T17:54:50.764420635Z: [  403.584608] BTRFS info (device loop2): disk space caching is enabled
[STDERR  ] 2018-01-15T17:54:50.764433865Z: [  403.585060] BTRFS info (device loop2): has skinny extents
[STDERR  ] 2018-01-15T17:54:50.764439949Z: [  403.585343] BTRFS info (device loop2): flagging fs with big metadata feature
[STDERR  ] 2018-01-15T17:54:50.764445659Z: [  403.615004] BTRFS info (device loop2): creating UUID tree
[STDERR  ] 2018-01-15T17:54:50.764451364Z: [  404.742628] BTRFS: device fsid ffd8af8b-8cfd-447e-b715-c41a548f37cf devid 1 transid 5 /dev/loop2
[STDERR  ] 2018-01-15T17:54:50.764457443Z: [  404.893843] BTRFS info (device loop2): disk space caching is enabled
[STDERR  ] 2018-01-15T17:54:50.764462906Z: [  404.894217] BTRFS info (device loop2): has skinny extents
[STDERR  ] 2018-01-15T17:54:50.764469397Z: [  404.894624] BTRFS info (device loop2): flagging fs with big metadata feature
[STDERR  ] 2018-01-15T17:54:50.76447489Z: [  404.925184] BTRFS info (device loop2): creating UUID tree
[STDERR  ] 2018-01-15T17:54:50.764480928Z: [  405.672504] BTRFS: device fsid 48892587-8954-4789-ad45-007c00936bf5 devid 1 transid 5 /dev/loop2
[STDERR  ] 2018-01-15T17:54:50.764486741Z: [  405.823617] BTRFS info (device loop2): disk space caching is enabled
[STDERR  ] 2018-01-15T17:54:50.76449256Z: [  405.824082] BTRFS info (device loop2): has skinny extents
[STDERR  ] 2018-01-15T17:54:50.764498455Z: [  405.824414] BTRFS info (device loop2): flagging fs with big metadata feature
[STDERR  ] 2018-01-15T17:54:50.764507144Z: [  405.854689] BTRFS info (device loop2): creating UUID tree
[STDERR  ] 2018-01-15T17:54:50.764515689Z: [  407.282659] BTRFS: device fsid c5d1520e-013f-4b21-8483-927710b39d71 devid 1 transid 5 /dev/loop2
[STDERR  ] 2018-01-15T17:54:50.764524037Z: [  407.443768] BTRFS info (device loop2): disk space caching is enabled
[STDERR  ] 2018-01-15T17:54:50.764530121Z: [  407.444228] BTRFS info (device loop2): has skinny extents
[STDERR  ] 2018-01-15T17:54:50.764539187Z: [  407.444501] BTRFS info (device loop2): flagging fs with big metadata feature
[STDERR  ] 2018-01-15T17:54:50.764545898Z: [  407.474496] BTRFS info (device loop2): creating UUID tree
[STDERR  ] 2018-01-15T17:54:50.764551611Z: [  409.262497] BTRFS: device fsid d9784c8f-03a6-4da5-91fd-bb6e4355db4a devid 1 transid 5 /dev/loop2
[STDERR  ] 2018-01-15T17:54:50.764557175Z: [  409.414711] BTRFS info (device loop2): disk space caching is enabled
[STDERR  ] 2018-01-15T17:54:50.76456339Z: [  409.415276] BTRFS info (device loop2): has skinny extents
[STDERR  ] 2018-01-15T17:54:50.764569643Z: [  409.415576] BTRFS info (device loop2): flagging fs with big metadata feature
[STDERR  ] 2018-01-15T17:54:50.76457594Z: [  409.445396] BTRFS info (device loop2): creating UUID tree
[STDERR  ] 2018-01-15T17:54:50.764590255Z: [  410.682417] BTRFS: device fsid aca0e03d-9300-4d89-9f74-ca70167e3beb devid 1 transid 5 /dev/loop2
[STDERR  ] 2018-01-15T17:54:50.764596455Z: [  410.833951] BTRFS info (device loop2): disk space caching is enabled
[STDERR  ] 2018-01-15T17:54:50.764607021Z: [  410.834369] BTRFS info (device loop2): has skinny extents
[STDERR  ] 2018-01-15T17:54:50.764612889Z: [  410.834693] BTRFS info (device loop2): flagging fs with big metadata feature
[STDERR  ] 2018-01-15T17:54:50.764618574Z: [  410.865253] BTRFS info (device loop2): creating UUID tree
[STDERR  ] 2018-01-15T17:54:50.764624342Z: [  412.763061] BTRFS: device fsid 1845903d-6d5d-47f8-aa11-f486641c792a devid 1 transid 5 /dev/loop2
[STDERR  ] 2018-01-15T17:54:50.764630036Z: [  412.913975] BTRFS info (device loop2): disk space caching is enabled
[STDERR  ] 2018-01-15T17:54:50.764641937Z: [  412.914381] BTRFS info (device loop2): has skinny extents
[STDERR  ] 2018-01-15T17:54:50.764657611Z: [  412.914683] BTRFS info (device loop2): flagging fs with big metadata feature
[STDERR  ] 2018-01-15T17:54:50.764667333Z: [  412.945344] BTRFS info (device loop2): creating UUID tree
[STDERR  ] 2018-01-15T17:54:50.764675983Z: [  414.392522] BTRFS: device fsid 01a0d317-251f-4b1b-ba5d-b932db870562 devid 1 transid 5 /dev/loop2
[STDERR  ] 2018-01-15T17:54:50.764685077Z: [  414.543636] BTRFS info (device loop2): disk space caching is enabled
[STDERR  ] 2018-01-15T17:54:50.764695095Z: [  414.544161] BTRFS info (device loop2): has skinny extents
[STDERR  ] 2018-01-15T17:54:50.764703742Z: [  414.544455] BTRFS info (device loop2): flagging fs with big metadata feature
[STDERR  ] 2018-01-15T17:54:50.76471332Z: [  414.574212] BTRFS info (device loop2): creating UUID tree
[STDERR  ] 2018-01-15T17:54:50.764722572Z: [  416.302611] BTRFS: device fsid e68b2d50-094b-4c73-b9e7-82ee1b6ebe40 devid 1 transid 5 /dev/loop2
[STDERR  ] 2018-01-15T17:54:50.764739538Z: [  416.454201] BTRFS info (device loop2): disk space caching is enabled
[STDERR  ] 2018-01-15T17:54:50.764749387Z: [  416.454726] BTRFS info (device loop2): has skinny extents
[STDERR  ] 2018-01-15T17:54:50.764758466Z: [  416.455019] BTRFS info (device loop2): flagging fs with big metadata feature
[STDERR  ] 2018-01-15T17:54:50.764767201Z: [  416.485452] BTRFS info (device loop2): creating UUID tree
[STDERR  ] 2018-01-15T17:54:50.764774403Z: [  421.782581] BTRFS: device fsid 4840a67a-96c3-4762-9b83-9d348ab9973b devid 1 transid 5 /dev/loop2
[STDERR  ] 2018-01-15T17:54:50.764780316Z: [  421.944159] BTRFS info (device loop2): disk space caching is enabled
[STDERR  ] 2018-01-15T17:54:50.764786666Z: [  421.944577] BTRFS info (device loop2): has skinny extents
[STDERR  ] 2018-01-15T17:54:50.764792583Z: [  421.944919] BTRFS info (device loop2): flagging fs with big metadata feature
[STDERR  ] 2018-01-15T17:54:50.764798413Z: [  421.979097] BTRFS info (device loop2): creating UUID tree
[STDERR  ] 2018-01-15T17:54:50.764804213Z: [  423.282965] BTRFS: device fsid bbe8462d-e194-4859-8c0b-71af82ba435d devid 1 transid 5 /dev/loop2
[STDERR  ] 2018-01-15T17:54:50.764809997Z: [  423.433645] BTRFS info (device loop2): disk space caching is enabled
[STDERR  ] 2018-01-15T17:54:50.764815889Z: [  423.434115] BTRFS info (device loop2): has skinny extents
[STDERR  ] 2018-01-15T17:54:50.764821559Z: [  423.434388] BTRFS info (device loop2): flagging fs with big metadata feature
[STDERR  ] 2018-01-15T17:54:50.764828804Z: [  423.463672] BTRFS info (device loop2): creating UUID tree
[STDERR  ] 2018-01-15T17:54:50.764834364Z: [  424.612573] BTRFS: device fsid 7d510feb-e23a-4a61-a183-31981141535c devid 1 transid 5 /dev/loop2
[STDERR  ] 2018-01-15T17:54:50.764840278Z: [  424.764295] BTRFS info (device loop2): disk space caching is enabled
[STDERR  ] 2018-01-15T17:54:50.764846901Z: [  424.764681] BTRFS info (device loop2): has skinny extents
[STDERR  ] 2018-01-15T17:54:50.764852652Z: [  424.764994] BTRFS info (device loop2): flagging fs with big metadata feature
[STDERR  ] 2018-01-15T17:54:50.764858558Z: [  424.797719] BTRFS info (device loop2): creating UUID tree
[STDERR  ] 2018-01-15T17:54:50.764864232Z: [  425.912644] BTRFS: device fsid 4076e2b7-e742-4f0b-bb78-af211c25e96c devid 1 transid 5 /dev/loop2
[STDERR  ] 2018-01-15T17:54:50.764869822Z: [  426.064105] BTRFS info (device loop2): disk space caching is enabled
[STDERR  ] 2018-01-15T17:54:50.764880496Z: [  426.064560] BTRFS info (device loop2): has skinny extents
[STDERR  ] 2018-01-15T17:54:50.7648861Z: [  426.064806] BTRFS info (device loop2): flagging fs with big metadata feature
[STDERR  ] 2018-01-15T17:54:50.76489215Z: [  426.096181] BTRFS info (device loop2): creating UUID tree
[STDERR  ] 2018-01-15T17:54:50.764897786Z: [  427.262358] BTRFS: device fsid 618c4170-bb01-45e3-9ee6-83eee442a6a1 devid 1 transid 5 /dev/loop2
[STDERR  ] 2018-01-15T17:54:50.764909584Z: [  427.415079] BTRFS info (device loop2): disk space caching is enabled
[STDERR  ] 2018-01-15T17:54:50.7649196Z: [  427.415594] BTRFS info (device loop2): has skinny extents
[STDERR  ] 2018-01-15T17:54:50.764931566Z: [  427.415972] BTRFS info (device loop2): flagging fs with big metadata feature
[STDERR  ] 2018-01-15T17:54:50.76493716Z: [  427.445312] BTRFS info (device loop2): creating UUID tree
[STDERR  ] 2018-01-15T17:54:50.764942784Z: [  428.432544] BTRFS: device fsid e8c87b63-9940-43b2-8ead-a02afb6da81e devid 1 transid 5 /dev/loop2
[STDERR  ] 2018-01-15T17:54:50.76495088Z: [  428.583690] BTRFS info (device loop2): disk space caching is enabled
[STDERR  ] 2018-01-15T17:54:50.764956804Z: [  428.584245] BTRFS info (device loop2): has skinny extents
[STDERR  ] 2018-01-15T17:54:50.764962464Z: [  428.584364] BTRFS info (device loop2): flagging fs with big metadata feature
[STDERR  ] 2018-01-15T17:54:50.764968368Z: [  428.614459] BTRFS info (device loop2): creating UUID tree
[STDERR  ] 2018-01-15T17:54:50.764974153Z: [  429.463077] BTRFS: device fsid cad17d24-2bc1-4ff4-bd17-02ce6c2b31ee devid 1 transid 5 /dev/loop2
[STDERR  ] 2018-01-15T17:54:50.764979803Z: [  429.623747] BTRFS info (device loop2): disk space caching is enabled
[STDERR  ] 2018-01-15T17:54:50.764985414Z: [  429.624201] BTRFS info (device loop2): has skinny extents
[STDERR  ] 2018-01-15T17:54:50.764991091Z: [  429.624515] BTRFS info (device loop2): flagging fs with big metadata feature
[STDERR  ] 2018-01-15T17:54:50.764996733Z: [  429.657094] BTRFS info (device loop2): creating UUID tree
[STDERR  ] 2018-01-15T17:54:50.7650143Z: ok  	github.com/containerd/containerd/snapshots/btrfs	33.269s
[STDERR  ] 2018-01-15T17:54:50.765020117Z: ok  	github.com/containerd/containerd/snapshots/naive	4.429s
[STDERR  ] 2018-01-15T17:54:50.765025794Z: ok  	github.com/containerd/containerd/snapshots/overlay	4.515s
[STDERR  ] 2018-01-15T17:54:50.76503128Z: containerd test suite PASSED
[STDERR  ] 2018-01-15T17:54:50.765036951Z: [  506.585432] sd 0:0:0:0: [sda] Synchronizing SCSI cache
[STDERR  ] 2018-01-15T17:54:50.765042582Z: [  506.588370] sd 0:0:0:0: [sda] Stopping disk
[STDERR  ] 2018-01-15T17:54:50.765048623Z: [  506.593197] ACPI: Preparing to enter system sleep state S5
[STDERR  ] 2018-01-15T17:54:50.765054189Z: [  506.596369] reboot: Power down
[STDERR  ] 2018-01-15T17:54:50.765061212Z: + echo [    0.000000] Linux version 4.9.76-linuxkit (root@0fd4445ddb08) (gcc version 6.4.0 (Alpine 6.4.0) ) #1 SMP Mon Jan 15 16:57:48 UTC 2018
[STDERR  ] 2018-01-15T17:54:50.76506778Z: [    0.000000] Command line: console=ttyS0 console=ttyAMA0
[STDERR  ] 2018-01-15T17:54:50.765073968Z: [    0.000000] x86/fpu: Legacy x87 FPU detected.
[STDERR  ] 2018-01-15T17:54:50.765080348Z: [    0.000000] x86/fpu: Using 'eager' FPU context switches.
[STDERR  ] 2018-01-15T17:54:50.765086147Z: [    0.000000] e820: BIOS-provided physical RAM map:
[STDERR  ] 2018-01-15T17:54:50.765091616Z: [    0.000000] BIOS-e820: [mem 0x0000000000000000-0x000000000009fbff] usable
[STDERR  ] 2018-01-15T17:54:50.765097567Z: [    0.000000] BIOS-e820: [mem 0x000000000009fc00-0x000000000009ffff] reserved
[STDERR  ] 2018-01-15T17:54:50.765103357Z: [    0.000000] BIOS-e820: [mem 0x00000000000f0000-0x00000000000fffff] reserved
[STDERR  ] 2018-01-15T17:54:50.765109159Z: [    0.000000] BIOS-e820: [mem 0x0000000000100000-0x000000007ffdefff] usable
[STDERR  ] 2018-01-15T17:54:50.765116042Z: [    0.000000] BIOS-e820: [mem 0x000000007ffdf000-0x000000007fffffff] reserved
[STDERR  ] 2018-01-15T17:54:50.765122327Z: [    0.000000] BIOS-e820: [mem 0x00000000b0000000-0x00000000bfffffff] reserved
[STDERR  ] 2018-01-15T17:54:50.765133227Z: [    0.000000] BIOS-e820: [mem 0x00000000fed1c000-0x00000000fed1ffff] reserved
[STDERR  ] 2018-01-15T17:54:50.765138858Z: [    0.000000] BIOS-e820: [mem 0x00000000fffc0000-0x00000000ffffffff] reserved
[STDERR  ] 2018-01-15T17:54:50.765144729Z: [    0.000000] NX (Execute Disable) protection: active
[STDERR  ] 2018-01-15T17:54:50.765150578Z: [    0.000000] SMBIOS 2.8 present.
[STDERR  ] 2018-01-15T17:54:50.765156265Z: [    0.000000] Kernel/User page tables isolation: disabled
[STDERR  ] 2018-01-15T17:54:50.765166614Z: [    0.000000] e820: last_pfn = 0x7ffdf max_arch_pfn = 0x400000000
[STDERR  ] 2018-01-15T17:54:50.765174229Z: [    0.000000] x86/PAT: Configuration [0-7]: WB  WC  UC- UC  WB  WC  UC- WT  
[STDERR  ] 2018-01-15T17:54:50.765181988Z: [    0.000000] found SMP MP-table at [mem 0x000f6aa0-0x000f6aaf] mapped at [ffff9eddc00f6aa0]
[STDERR  ] 2018-01-15T17:54:50.765190622Z: [    0.000000] RAMDISK: [mem 0x73502000-0x7ffcffff]
[STDERR  ] 2018-01-15T17:54:50.765198788Z: [    0.000000] ACPI: Early table checksum verification disabled
[STDERR  ] 2018-01-15T17:54:50.76520731Z: [    0.000000] ACPI: RSDP 0x00000000000F68B0 000014 (v00 BOCHS )
[STDERR  ] 2018-01-15T17:54:50.76522462Z: [    0.000000] ACPI: RSDT 0x000000007FFE20A8 000034 (v01 BOCHS  BXPCRSDT 00000001 BXPC 00000001)
[STDERR  ] 2018-01-15T17:54:50.76523277Z: [    0.000000] ACPI: FACP 0x000000007FFE1EC8 0000F4 (v03 BOCHS  BXPCFACP 00000001 BXPC 00000001)
[STDERR  ] 2018-01-15T17:54:50.765241007Z: [    0.000000] ACPI: DSDT 0x000000007FFE0040 001E88 (v01 BOCHS  BXPCDSDT 00000001 BXPC 00000001)
[STDERR  ] 2018-01-15T17:54:50.765249121Z: [    0.000000] ACPI: FACS 0x000000007FFE0000 000040
[STDERR  ] 2018-01-15T17:54:50.765259111Z: [    0.000000] ACPI: APIC 0x000000007FFE1FBC 000078 (v01 BOCHS  BXPCAPIC 00000001 BXPC 00000001)
[STDERR  ] 2018-01-15T17:54:50.76526537Z: [    0.000000] ACPI: HPET 0x000000007FFE2034 000038 (v01 BOCHS  BXPCHPET 00000001 BXPC 00000001)
[STDERR  ] 2018-01-15T17:54:50.765271198Z: [    0.000000] ACPI: MCFG 0x000000007FFE206C 00003C (v01 BOCHS  BXPCMCFG 00000001 BXPC 00000001)
[STDERR  ] 2018-01-15T17:54:50.765284466Z: [    0.000000] Zone ranges:
[STDERR  ] 2018-01-15T17:54:50.765290234Z: [    0.000000]   DMA      [mem 0x0000000000001000-0x0000000000ffffff]
[STDERR  ] 2018-01-15T17:54:50.765296112Z: [    0.000000]   DMA32    [mem 0x0000000001000000-0x000000007ffdefff]
[STDERR  ] 2018-01-15T17:54:50.765302033Z: [    0.000000]   Normal   empty
[STDERR  ] 2018-01-15T17:54:50.765308437Z: [    0.000000] Movable zone start for each node
[STDERR  ] 2018-01-15T17:54:50.765316495Z: [    0.000000] Early memory node ranges
[STDERR  ] 2018-01-15T17:54:50.765324704Z: [    0.000000]   node   0: [mem 0x0000000000001000-0x000000000009efff]
[STDERR  ] 2018-01-15T17:54:50.76533344Z: [    0.000000]   node   0: [mem 0x0000000000100000-0x000000007ffdefff]
[STDERR  ] 2018-01-15T17:54:50.765342573Z: [    0.000000] Initmem setup node 0 [mem 0x0000000000001000-0x000000007ffdefff]
[STDERR  ] 2018-01-15T17:54:50.765352343Z: [    0.000000] ACPI: PM-Timer IO Port: 0x608
[STDERR  ] 2018-01-15T17:54:50.765362011Z: [    0.000000] ACPI: LAPIC_NMI (acpi_id[0xff] dfl dfl lint[0x1])
[STDERR  ] 2018-01-15T17:54:50.765370867Z: [    0.000000] IOAPIC[0]: apic_id 0, version 32, address 0xfec00000, GSI 0-23
[STDERR  ] 2018-01-15T17:54:50.765388262Z: [    0.000000] ACPI: INT_SRC_OVR (bus 0 bus_irq 0 global_irq 2 dfl dfl)
[STDERR  ] 2018-01-15T17:54:50.765411177Z: [    0.000000] ACPI: INT_SRC_OVR (bus 0 bus_irq 5 global_irq 5 high level)
[STDERR  ] 2018-01-15T17:54:50.76542099Z: [    0.000000] ACPI: INT_SRC_OVR (bus 0 bus_irq 9 global_irq 9 high level)
[STDERR  ] 2018-01-15T17:54:50.765427345Z: [    0.000000] ACPI: INT_SRC_OVR (bus 0 bus_irq 10 global_irq 10 high level)
[STDERR  ] 2018-01-15T17:54:50.765434501Z: [    0.000000] ACPI: INT_SRC_OVR (bus 0 bus_irq 11 global_irq 11 high level)
[STDERR  ] 2018-01-15T17:54:50.765440584Z: [    0.000000] Using ACPI (MADT) for SMP configuration information
[STDERR  ] 2018-01-15T17:54:50.765454762Z: [    0.000000] ACPI: HPET id: 0x8086a201 base: 0xfed00000
[STDERR  ] 2018-01-15T17:54:50.765461523Z: [    0.000000] smpboot: Allowing 1 CPUs, 0 hotplug CPUs
[STDERR  ] 2018-01-15T17:54:50.765467499Z: [    0.000000] e820: [mem 0xc0000000-0xfed1bfff] available for PCI devices
[STDERR  ] 2018-01-15T17:54:50.765473619Z: [    0.000000] Booting paravirtualized kernel on bare hardware
[STDERR  ] 2018-01-15T17:54:50.765479515Z: [    0.000000] clocksource: refined-jiffies: mask: 0xffffffff max_cycles: 0xffffffff, max_idle_ns: 19112604462750000 ns
[STDERR  ] 2018-01-15T17:54:50.765491488Z: [    0.000000] setup_percpu: NR_CPUS:128 nr_cpumask_bits:128 nr_cpu_ids:1 nr_node_ids:1
[STDERR  ] 2018-01-15T17:54:50.76549749Z: [    0.000000] percpu: Embedded 36 pages/cpu @ffff9ede33200000 s106904 r8192 d32360 u2097152
[STDERR  ] 2018-01-15T17:54:50.76550555Z: [    0.000000] Built 1 zonelists in Zone order, mobility grouping on.  Total pages: 515944
[STDERR  ] 2018-01-15T17:54:50.765514374Z: [    0.000000] Kernel command line: console=ttyS0 console=ttyAMA0
[STDERR  ] 2018-01-15T17:54:50.765520882Z: [    0.000000] PID hash table entries: 4096 (order: 3, 32768 bytes)
[STDERR  ] 2018-01-15T17:54:50.765526636Z: [    0.000000] Dentry cache hash table entries: 262144 (order: 9, 2097152 bytes)
[STDERR  ] 2018-01-15T17:54:50.765533431Z: [    0.000000] Inode-cache hash table entries: 131072 (order: 8, 1048576 bytes)
[STDERR  ] 2018-01-15T17:54:50.765539912Z: [    0.000000] Memory: 1837116K/2096628K available (8053K kernel code, 1391K rwdata, 2700K rodata, 1396K init, 564K bss, 259512K reserved, 0K cma-reserved)
[STDERR  ] 2018-01-15T17:54:50.765547233Z: [    0.000000] Hierarchical RCU implementation.
[STDERR  ] 2018-01-15T17:54:50.765560476Z: [    0.000000] 	Build-time adjustment of leaf fanout to 64.
[STDERR  ] 2018-01-15T17:54:50.765566729Z: [    0.000000] 	RCU restricting CPUs from NR_CPUS=128 to nr_cpu_ids=1.
[STDERR  ] 2018-01-15T17:54:50.765572894Z: [    0.000000] RCU: Adjusting geometry for rcu_fanout_leaf=64, nr_cpu_ids=1
[STDERR  ] 2018-01-15T17:54:50.765579153Z: [    0.000000] NR_IRQS:8448 nr_irqs:256 16
[STDERR  ] 2018-01-15T17:54:50.765585047Z: [    0.000000] Console: colour VGA+ 80x25
[STDERR  ] 2018-01-15T17:54:50.765590758Z: [    0.000000] console [ttyS0] enabled
[STDERR  ] 2018-01-15T17:54:50.765596389Z: [    0.000000] clocksource: hpet: mask: 0xffffffff max_cycles: 0xffffffff, max_idle_ns: 19112604467 ns
[STDERR  ] 2018-01-15T17:54:50.765603071Z: [    0.000000] tsc: Fast TSC calibration using PIT
[STDERR  ] 2018-01-15T17:54:50.765609232Z: [    0.000000] tsc: Detected 2599.894 MHz processor
[STDERR  ] 2018-01-15T17:54:50.765615142Z: [    0.022193] Calibrating delay loop (skipped), value calculated using timer frequency.. 5199.78 BogoMIPS (lpj=25998940)
[STDERR  ] 2018-01-15T17:54:50.765621295Z: [    0.022858] pid_max: default: 32768 minimum: 301
[STDERR  ] 2018-01-15T17:54:50.765633773Z: [    0.030754] ACPI: Core revision 20160831
[STDERR  ] 2018-01-15T17:54:50.765639541Z: [    0.056247] ACPI: 1 ACPI AML tables successfully acquired and loaded
[STDERR  ] 2018-01-15T17:54:50.765646344Z: [    0.061234] Security Framework initialized
[STDERR  ] 2018-01-15T17:54:50.76565193Z: [    0.061609] Yama: becoming mindful.
[STDERR  ] 2018-01-15T17:54:50.765657645Z: [    0.063615] Mount-cache hash table entries: 4096 (order: 3, 32768 bytes)
[STDERR  ] 2018-01-15T17:54:50.765663789Z: [    0.064118] Mountpoint-cache hash table entries: 4096 (order: 3, 32768 bytes)
[STDERR  ] 2018-01-15T17:54:50.765669589Z: [    0.083504] Last level iTLB entries: 4KB 0, 2MB 0, 4MB 0
[STDERR  ] 2018-01-15T17:54:50.765675515Z: [    0.083857] Last level dTLB entries: 4KB 0, 2MB 0, 4MB 0, 1GB 0
[STDERR  ] 2018-01-15T17:54:50.765681272Z: [    0.401691] Freeing SMP alternatives memory: 20K
[STDERR  ] 2018-01-15T17:54:50.765686958Z: [    0.411351] ftrace: allocating 35552 entries in 139 pages
[STDERR  ] 2018-01-15T17:54:50.765692558Z: [    0.474562] smpboot: Max logical packages: 1
[STDERR  ] 2018-01-15T17:54:50.765702692Z: [    0.482310] ..TIMER: vector=0x30 apic1=0 pin1=2 apic2=-1 pin2=-1
[STDERR  ] 2018-01-15T17:54:50.765708589Z: [    0.590000] smpboot: CPU0: AMD QEMU Virtual CPU version 2.5+ (family: 0x6, model: 0x6, stepping: 0x3)
[STDERR  ] 2018-01-15T17:54:50.765714736Z: [    0.590000] Performance Events: PMU not available due to virtualization, using software events only.
[STDERR  ] 2018-01-15T17:54:50.765727267Z: [    0.597440] NMI watchdog: disabled (cpu0): hardware events not enabled
[STDERR  ] 2018-01-15T17:54:50.765733035Z: [    0.597842] NMI watchdog: Shutting down hard lockup detector on all cpus
[STDERR  ] 2018-01-15T17:54:50.765742953Z: [    0.601265] x86: Booted up 1 node, 1 CPUs
[STDERR  ] 2018-01-15T17:54:50.765748665Z: [    0.601624] smpboot: Total of 1 processors activated (5199.78 BogoMIPS)
[STDERR  ] 2018-01-15T17:54:50.765754743Z: [    0.616394] devtmpfs: initialized
[STDERR  ] 2018-01-15T17:54:50.765760274Z: [    0.622175] x86/mm: Memory block size: 128MB
[STDERR  ] 2018-01-15T17:54:50.765765768Z: [    0.655378] clocksource: jiffies: mask: 0xffffffff max_cycles: 0xffffffff, max_idle_ns: 19112604462750000 ns
[STDERR  ] 2018-01-15T17:54:50.765771367Z: [    0.656133] futex hash table entries: 256 (order: 2, 16384 bytes)
[STDERR  ] 2018-01-15T17:54:50.765777118Z: [    0.665361] NET: Registered protocol family 16
[STDERR  ] 2018-01-15T17:54:50.765782658Z: [    0.674376] cpuidle: using governor ladder
[STDERR  ] 2018-01-15T17:54:50.765788157Z: [    0.674681] cpuidle: using governor menu
[STDERR  ] 2018-01-15T17:54:50.765793665Z: [    0.675695] ACPI: bus type PCI registered
[STDERR  ] 2018-01-15T17:54:50.765799229Z: [    0.678708] PCI: MMCONFIG for domain 0000 [bus 00-ff] at [mem 0xb0000000-0xbfffffff] (base 0xb0000000)
[STDERR  ] 2018-01-15T17:54:50.765807486Z: [    0.679138] PCI: MMCONFIG at [mem 0xb0000000-0xbfffffff] reserved in E820
[STDERR  ] 2018-01-15T17:54:50.765813406Z: [    0.679833] PCI: Using configuration type 1 for base access
[STDERR  ] 2018-01-15T17:54:50.765818953Z: [    0.715398] HugeTLB registered 2 MB page size, pre-allocated 0 pages
[STDERR  ] 2018-01-15T17:54:50.765825173Z: [    0.726744] ACPI: Added _OSI(Module Device)
[STDERR  ] 2018-01-15T17:54:50.765830736Z: [    0.727032] ACPI: Added _OSI(Processor Device)
[STDERR  ] 2018-01-15T17:54:50.765836385Z: [    0.727326] ACPI: Added _OSI(3.0 _SCP Extensions)
[STDERR  ] 2018-01-15T17:54:50.765841872Z: [    0.727533] ACPI: Added _OSI(Processor Aggregator Device)
[STDERR  ] 2018-01-15T17:54:50.765853981Z: [    0.773761] ACPI: Interpreter enabled
[STDERR  ] 2018-01-15T17:54:50.765865551Z: [    0.774634] ACPI: (supports S0 S5)
[STDERR  ] 2018-01-15T17:54:50.765871111Z: [    0.774931] ACPI: Using IOAPIC for interrupt routing
[STDERR  ] 2018-01-15T17:54:50.765877152Z: [    0.778685] PCI: Using host bridge windows from ACPI; if necessary, use "pci=nocrs" and report a bug
[STDERR  ] 2018-01-15T17:54:50.765885535Z: [    0.819380] ACPI: PCI Root Bridge [PCI0] (domain 0000 [bus 00-ff])
[STDERR  ] 2018-01-15T17:54:50.765894263Z: [    0.820602] acpi PNP0A08:00: _OSC: OS supports [ExtendedConfig ASPM ClockPM Segments MSI]
[STDERR  ] 2018-01-15T17:54:50.765902537Z: [    0.825762] acpi PNP0A08:00: _OSC: OS now controls [PCIeHotplug PME PCIeCapability]
[STDERR  ] 2018-01-15T17:54:50.765910785Z: [    0.829118] PCI host bridge to bus 0000:00
[STDERR  ] 2018-01-15T17:54:50.765919529Z: [    0.829565] pci_bus 0000:00: root bus resource [io  0x0000-0x0cf7 window]
[STDERR  ] 2018-01-15T17:54:50.765928226Z: [    0.830127] pci_bus 0000:00: root bus resource [io  0x0d00-0xffff window]
[STDERR  ] 2018-01-15T17:54:50.76596517Z: [    0.830480] pci_bus 0000:00: root bus resource [mem 0x000a0000-0x000bffff window]
[STDERR  ] 2018-01-15T17:54:50.765978575Z: [    0.830799] pci_bus 0000:00: root bus resource [mem 0xc0000000-0xfebfffff window]
[STDERR  ] 2018-01-15T17:54:50.765987774Z: [    0.831282] pci_bus 0000:00: root bus resource [bus 00-ff]
[STDERR  ] 2018-01-15T17:54:50.766010936Z: [    1.001413] pci 0000:00:1f.0: quirk: [io  0x0600-0x067f] claimed by ICH6 ACPI/GPIO/TCO
[STDERR  ] 2018-01-15T17:54:50.766021924Z: [    1.091204] ACPI: PCI Interrupt Link [LNKA] (IRQs 5 *10 11)
[STDERR  ] 2018-01-15T17:54:50.766027964Z: [    1.093485] ACPI: PCI Interrupt Link [LNKB] (IRQs 5 *10 11)
[STDERR  ] 2018-01-15T17:54:50.766033959Z: [    1.095388] ACPI: PCI Interrupt Link [LNKC] (IRQs 5 10 *11)
[STDERR  ] 2018-01-15T17:54:50.76603995Z: [    1.096920] ACPI: PCI Interrupt Link [LNKD] (IRQs 5 10 *11)
[STDERR  ] 2018-01-15T17:54:50.76604585Z: [    1.098334] ACPI: PCI Interrupt Link [LNKE] (IRQs 5 *10 11)
[STDERR  ] 2018-01-15T17:54:50.766057226Z: [    1.100367] ACPI: PCI Interrupt Link [LNKF] (IRQs 5 *10 11)
[STDERR  ] 2018-01-15T17:54:50.766063117Z: [    1.102255] ACPI: PCI Interrupt Link [LNKG] (IRQs 5 10 *11)
[STDERR  ] 2018-01-15T17:54:50.766069006Z: [    1.104091] ACPI: PCI Interrupt Link [LNKH] (IRQs 5 10 *11)
[STDERR  ] 2018-01-15T17:54:50.76607556Z: [    1.104805] ACPI: PCI Interrupt Link [GSIA] (IRQs *16)
[STDERR  ] 2018-01-15T17:54:50.766081321Z: [    1.105299] ACPI: PCI Interrupt Link [GSIB] (IRQs *17)
[STDERR  ] 2018-01-15T17:54:50.766087264Z: [    1.105797] ACPI: PCI Interrupt Link [GSIC] (IRQs *18)
[STDERR  ] 2018-01-15T17:54:50.766093025Z: [    1.106345] ACPI: PCI Interrupt Link [GSID] (IRQs *19)
[STDERR  ] 2018-01-15T17:54:50.766098874Z: [    1.106836] ACPI: PCI Interrupt Link [GSIE] (IRQs *20)
[STDERR  ] 2018-01-15T17:54:50.766104558Z: [    1.107319] ACPI: PCI Interrupt Link [GSIF] (IRQs *21)
[STDERR  ] 2018-01-15T17:54:50.766110393Z: [    1.107804] ACPI: PCI Interrupt Link [GSIG] (IRQs *22)
[STDERR  ] 2018-01-15T17:54:50.76611615Z: [    1.108287] ACPI: PCI Interrupt Link [GSIH] (IRQs *23)
[STDERR  ] 2018-01-15T17:54:50.766122141Z: [    1.111574] ACPI: Enabled 1 GPEs in block 00 to 3F
[STDERR  ] 2018-01-15T17:54:50.766127651Z: [    1.114664] SCSI subsystem initialized
[STDERR  ] 2018-01-15T17:54:50.76613483Z: [    1.116331] ACPI: bus type USB registered
[STDERR  ] 2018-01-15T17:54:50.766143014Z: [    1.117388] usbcore: registered new interface driver usbfs
[STDERR  ] 2018-01-15T17:54:50.766158948Z: [    1.118171] usbcore: registered new interface driver hub
[STDERR  ] 2018-01-15T17:54:50.766168353Z: [    1.118905] usbcore: registered new device driver usb
[STDERR  ] 2018-01-15T17:54:50.766177106Z: [    1.119849] pps_core: LinuxPPS API ver. 1 registered
[STDERR  ] 2018-01-15T17:54:50.766185551Z: [    1.120098] pps_core: Software ver. 5.3.6 - Copyright 2005-2007 Rodolfo Giometti <giometti@linux.it>
[STDERR  ] 2018-01-15T17:54:50.766194149Z: [    1.120666] PTP clock support registered
[STDERR  ] 2018-01-15T17:54:50.766201688Z: [    1.121662] wmi: Mapper loaded
[STDERR  ] 2018-01-15T17:54:50.766207577Z: [    1.122727] PCI: Using ACPI for IRQ routing
[STDERR  ] 2018-01-15T17:54:50.766213728Z: [    1.135707] NetLabel: Initializing
[STDERR  ] 2018-01-15T17:54:50.766219228Z: [    1.135901] NetLabel:  domain hash size = 128
[STDERR  ] 2018-01-15T17:54:50.766225449Z: [    1.136303] NetLabel:  protocols = UNLABELED CIPSOv4
[STDERR  ] 2018-01-15T17:54:50.766231105Z: [    1.138042] NetLabel:  unlabeled traffic allowed by default
[STDERR  ] 2018-01-15T17:54:50.766238443Z: [    1.139439] HPET: 3 timers in total, 0 timers will be used for per-cpu timer
[STDERR  ] 2018-01-15T17:54:50.766246359Z: [    1.140337] hpet0: at MMIO 0xfed00000, IRQs 2, 8, 0
[STDERR  ] 2018-01-15T17:54:50.766252099Z: [    1.140740] hpet0: 3 comparators, 64-bit 100.000000 MHz counter
[STDERR  ] 2018-01-15T17:54:50.766258092Z: [    1.148149] clocksource: Switched to clocksource hpet
[STDERR  ] 2018-01-15T17:54:50.76626382Z: [    1.306135] VFS: Disk quotas dquot_6.6.0
[STDERR  ] 2018-01-15T17:54:50.766269783Z: [    1.306776] VFS: Dquot-cache hash table entries: 512 (order 0, 4096 bytes)
[STDERR  ] 2018-01-15T17:54:50.76627662Z: [    1.310068] FS-Cache: Loaded
[STDERR  ] 2018-01-15T17:54:50.766284064Z: [    1.315220] CacheFiles: Loaded
[STDERR  ] 2018-01-15T17:54:50.766290166Z: [    1.317151] pnp: PnP ACPI init
[STDERR  ] 2018-01-15T17:54:50.766296365Z: [    1.326057] pnp: PnP ACPI: found 5 devices
[STDERR  ] 2018-01-15T17:54:50.766307382Z: [    1.361017] clocksource: acpi_pm: mask: 0xffffff max_cycles: 0xffffff, max_idle_ns: 2085701024 ns
[STDERR  ] 2018-01-15T17:54:50.766313779Z: [    1.364099] NET: Registered protocol family 2
[STDERR  ] 2018-01-15T17:54:50.766319617Z: [    1.371677] TCP established hash table entries: 16384 (order: 5, 131072 bytes)
[STDERR  ] 2018-01-15T17:54:50.766329369Z: [    1.372534] TCP bind hash table entries: 16384 (order: 6, 262144 bytes)
[STDERR  ] 2018-01-15T17:54:50.766335411Z: [    1.375564] TCP: Hash tables configured (established 16384 bind 16384)
[STDERR  ] 2018-01-15T17:54:50.766345265Z: [    1.377103] UDP hash table entries: 1024 (order: 3, 32768 bytes)
[STDERR  ] 2018-01-15T17:54:50.766351538Z: [    1.377669] UDP-Lite hash table entries: 1024 (order: 3, 32768 bytes)
[STDERR  ] 2018-01-15T17:54:50.766357679Z: [    1.379825] NET: Registered protocol family 1
[STDERR  ] 2018-01-15T17:54:50.766363363Z: [    1.380832] pci 0000:00:01.0: Video device with shadowed ROM at [mem 0x000c0000-0x000dffff]
[STDERR  ] 2018-01-15T17:54:50.76638134Z: [    1.387460] Unpacking initramfs...
[STDERR  ] 2018-01-15T17:54:50.766390645Z: [   22.555120] Freeing initrd memory: 207672K
[STDERR  ] 2018-01-15T17:54:50.766398344Z: [   22.576255] PCLMULQDQ-NI instructions are not detected.
[STDERR  ] 2018-01-15T17:54:50.766404265Z: [   22.577465] AVX or AES-NI instructions are not detected.
[STDERR  ] 2018-01-15T17:54:50.766409888Z: [   22.577912] CPU feature 'AVX registers' is not supported.
[STDERR  ] 2018-01-15T17:54:50.766415745Z: [   22.578306] CPU feature 'AVX registers' is not supported.
[STDERR  ] 2018-01-15T17:54:50.766421399Z: [   22.578674] CPU feature 'AVX registers' is not supported.
[STDERR  ] 2018-01-15T17:54:50.766427351Z: [   22.578953] CPU feature 'AVX registers' is not supported.
[STDERR  ] 2018-01-15T17:54:50.766433057Z: [   22.579232] AVX2 or AES-NI instructions are not detected.
[STDERR  ] 2018-01-15T17:54:50.766439078Z: [   22.579530] AVX2 instructions are not detected.
[STDERR  ] 2018-01-15T17:54:50.766447243Z: [   22.585614] audit: initializing netlink subsys (disabled)
[STDERR  ] 2018-01-15T17:54:50.76645626Z: [   22.587249] audit: type=2000 audit(1516038405.580:1): initialized
[STDERR  ] 2018-01-15T17:54:50.766472498Z: [   22.595141] workingset: timestamp_bits=46 max_order=19 bucket_order=0
[STDERR  ] 2018-01-15T17:54:50.766481914Z: [   22.598654] squashfs: version 4.0 (2009/01/31) Phillip Lougher
[STDERR  ] 2018-01-15T17:54:50.766491725Z: [   22.604330] FS-Cache: Netfs 'cifs' registered for caching
[STDERR  ] 2018-01-15T17:54:50.766500409Z: [   22.605091] fuse init (API version 7.26)
[STDERR  ] 2018-01-15T17:54:50.76650899Z: [   22.607074] SGI XFS with ACLs, security attributes, no debug enabled
[STDERR  ] 2018-01-15T17:54:50.766518828Z: [   22.610447] 9p: Installing v9fs 9p2000 file system support
[STDERR  ] 2018-01-15T17:54:50.76652786Z: [   22.610873] FS-Cache: Netfs '9p' registered for caching
[STDERR  ] 2018-01-15T17:54:50.766537392Z: [   22.635388] NET: Registered protocol family 38
[STDERR  ] 2018-01-15T17:54:50.766545694Z: [   22.635929] Key type asymmetric registered
[STDERR  ] 2018-01-15T17:54:50.766554288Z: [   22.636208] Asymmetric key parser 'x509' registered
[STDERR  ] 2018-01-15T17:54:50.766562609Z: [   22.637056] Block layer SCSI generic (bsg) driver version 0.4 loaded (major 251)
[STDERR  ] 2018-01-15T17:54:50.766572485Z: [   22.638539] io scheduler noop registered
[STDERR  ] 2018-01-15T17:54:50.766581531Z: [   22.638840] io scheduler deadline registered (default)
[STDERR  ] 2018-01-15T17:54:50.766589082Z: [   22.639559] io scheduler cfq registered
[STDERR  ] 2018-01-15T17:54:50.76659571Z: [   22.642824] pci_hotplug: PCI Hot Plug PCI Core version: 0.5
[STDERR  ] 2018-01-15T17:54:50.766601785Z: [   22.643371] pciehp: PCI Express Hot Plug Controller Driver version: 0.4
[STDERR  ] 2018-01-15T17:54:50.766609228Z: [   22.644081] shpchp: Standard Hot Plug PCI Controller Driver version: 0.4
[STDERR  ] 2018-01-15T17:54:50.766745145Z: [   22.644793] hv_vmbus: registering driver hyperv_fb
[STDERR  ] 2018-01-15T17:54:50.766764896Z: [   22.647469] input: Power Button as /devices/LNXSYSTM:00/LNXPWRBN:00/input/input0
[STDERR  ] 2018-01-15T17:54:50.766771383Z: [   22.648586] ACPI: Power Button [PWRF]
[STDERR  ] 2018-01-15T17:54:50.766777Z: [   22.653622] GHES: HEST is not enabled!
[STDERR  ] 2018-01-15T17:54:50.76678318Z: [   22.663638] ACPI: PCI Interrupt Link [GSIG] enabled at IRQ 22
[STDERR  ] 2018-01-15T17:54:50.766789075Z: [   22.673958] ACPI: PCI Interrupt Link [GSIH] enabled at IRQ 23
[STDERR  ] 2018-01-15T17:54:50.766795041Z: [   22.678522] xenfs: not registering filesystem on non-xen platform
[STDERR  ] 2018-01-15T17:54:50.766817063Z: [   22.680666] Serial: 8250/16550 driver, 4 ports, IRQ sharing disabled
[STDERR  ] 2018-01-15T17:54:50.766824505Z: [   22.705939] 00:04: ttyS0 at I/O 0x3f8 (irq = 4, base_baud = 115200) is a 16550A
[STDERR  ] 2018-01-15T17:54:50.766830565Z: [   22.716199] Non-volatile memory driver v1.3
[STDERR  ] 2018-01-15T17:54:50.766836533Z: [   22.723675] Hangcheck: starting hangcheck timer 0.9.1 (tick is 180 seconds, margin is 60 seconds).
[STDERR  ] 2018-01-15T17:54:50.766843563Z: [   22.728061] random: fast init done
[STDERR  ] 2018-01-15T17:54:50.766850316Z: [   22.729170] random: crng init done
[STDERR  ] 2018-01-15T17:54:50.766858679Z: [   22.755301] loop: module loaded
[STDERR  ] 2018-01-15T17:54:50.766868947Z: [   22.767110] nbd: registered device at major 43
[STDERR  ] 2018-01-15T17:54:50.766877244Z: [   22.796352] lpc_ich 0000:00:1f.0: I/O space for GPIO uninitialized
[STDERR  ] 2018-01-15T17:54:50.766898698Z: [   22.798061] VMware PVSCSI driver - version 1.0.7.0-k
[STDERR  ] 2018-01-15T17:54:50.766907706Z: [   22.798763] hv_vmbus: registering driver hv_storvsc
[STDERR  ] 2018-01-15T17:54:50.766916518Z: [   22.805213] ACPI: PCI Interrupt Link [GSIA] enabled at IRQ 16
[STDERR  ] 2018-01-15T17:54:50.766925315Z: [   22.811577] ahci 0000:00:1f.2: AHCI 0001.0000 32 slots 6 ports 1.5 Gbps 0x3f impl SATA mode
[STDERR  ] 2018-01-15T17:54:50.766935074Z: [   22.812277] ahci 0000:00:1f.2: flags: 64bit ncq only 
[STDERR  ] 2018-01-15T17:54:50.766943748Z: [   22.828750] scsi host0: ahci
[STDERR  ] 2018-01-15T17:54:50.766953196Z: [   22.832183] scsi host1: ahci
[STDERR  ] 2018-01-15T17:54:50.766962251Z: [   22.834545] scsi host2: ahci
[STDERR  ] 2018-01-15T17:54:50.7669824Z: [   22.836929] scsi host3: ahci
[STDERR  ] 2018-01-15T17:54:50.766990211Z: [   22.838807] scsi host4: ahci
[STDERR  ] 2018-01-15T17:54:50.76699781Z: [   22.840796] scsi host5: ahci
[STDERR  ] 2018-01-15T17:54:50.767009428Z: [   22.842219] ata1: SATA max UDMA/133 abar m4096@0xfebd2000 port 0xfebd2100 irq 24
[STDERR  ] 2018-01-15T17:54:50.767016751Z: [   22.842697] ata2: SATA max UDMA/133 abar m4096@0xfebd2000 port 0xfebd2180 irq 24
[STDERR  ] 2018-01-15T17:54:50.767024433Z: [   22.842993] ata3: SATA max UDMA/133 abar m4096@0xfebd2000 port 0xfebd2200 irq 24
[STDERR  ] 2018-01-15T17:54:50.76703107Z: [   22.843315] ata4: SATA max UDMA/133 abar m4096@0xfebd2000 port 0xfebd2280 irq 24
[STDERR  ] 2018-01-15T17:54:50.76704187Z: [   22.843637] ata5: SATA max UDMA/133 abar m4096@0xfebd2000 port 0xfebd2300 irq 24
[STDERR  ] 2018-01-15T17:54:50.767061726Z: [   22.843933] ata6: SATA max UDMA/133 abar m4096@0xfebd2000 port 0xfebd2380 irq 24
[STDERR  ] 2018-01-15T17:54:50.767070181Z: [   22.854462] tun: Universal TUN/TAP device driver, 1.6
[STDERR  ] 2018-01-15T17:54:50.767078856Z: [   22.854848] tun: (C) 1999-2004 Max Krasnyansky <maxk@qualcomm.com>
[STDERR  ] 2018-01-15T17:54:50.76709641Z: [   22.865487] VMware vmxnet3 virtual NIC driver - version 1.4.a.0-k-NAPI
[STDERR  ] 2018-01-15T17:54:50.767102951Z: [   22.866256] hv_vmbus: registering driver hv_netvsc
[STDERR  ] 2018-01-15T17:54:50.76710885Z: [   22.866527] Fusion MPT base driver 3.04.20
[STDERR  ] 2018-01-15T17:54:50.76711505Z: [   22.866719] Copyright (c) 1999-2008 LSI Corporation
[STDERR  ] 2018-01-15T17:54:50.767138893Z: [   22.867204] Fusion MPT SPI Host driver 3.04.20
[STDERR  ] 2018-01-15T17:54:50.76714482Z: [   22.868896] i8042: PNP: PS/2 Controller [PNP0303:KBD,PNP0f13:MOU] at 0x60,0x64 irq 1,12
[STDERR  ] 2018-01-15T17:54:50.767155912Z: [   22.873463] serio: i8042 KBD port at 0x60,0x64 irq 1
[STDERR  ] 2018-01-15T17:54:50.767162056Z: [   22.874028] serio: i8042 AUX port at 0x60,0x64 irq 12
[STDERR  ] 2018-01-15T17:54:50.76716819Z: [   22.876393] hv_vmbus: registering driver hyperv_keyboard
[STDERR  ] 2018-01-15T17:54:50.767174181Z: [   22.878066] mousedev: PS/2 mouse device common for all mice
[STDERR  ] 2018-01-15T17:54:50.767179983Z: [   22.882390] input: AT Translated Set 2 keyboard as /devices/platform/i8042/serio0/input/input1
[STDERR  ] 2018-01-15T17:54:50.767190849Z: [   22.884655] input: PC Speaker as /devices/platform/pcspkr/input/input2
[STDERR  ] 2018-01-15T17:54:50.767206133Z: [   22.887811] rtc_cmos 00:00: RTC can wake from S4
[STDERR  ] 2018-01-15T17:54:50.767215857Z: [   22.891126] rtc_cmos 00:00: rtc core: registered rtc_cmos as rtc0
[STDERR  ] 2018-01-15T17:54:50.767222101Z: [   22.892296] rtc_cmos 00:00: alarms up to one day, y3k, 114 bytes nvram, hpet irqs
[STDERR  ] 2018-01-15T17:54:50.767230586Z: [   22.892880] i2c /dev entries driver
[STDERR  ] 2018-01-15T17:54:50.767236473Z: [   22.894672] device-mapper: ioctl: 4.35.0-ioctl (2016-06-23) initialised: dm-devel@redhat.com
[STDERR  ] 2018-01-15T17:54:50.767243055Z: [   22.898400] usbcore: registered new interface driver usbhid
[STDERR  ] 2018-01-15T17:54:50.767249Z: [   22.898821] usbhid: USB HID core driver
[STDERR  ] 2018-01-15T17:54:50.767254945Z: [   22.899314] hv_utils: Registering HyperV Utility Driver
[STDERR  ] 2018-01-15T17:54:50.767261092Z: [   22.899565] hv_vmbus: registering driver hv_util
[STDERR  ] 2018-01-15T17:54:50.767266886Z: [   22.899787] hv_vmbus: registering driver hv_balloon
[STDERR  ] 2018-01-15T17:54:50.767272762Z: [   22.900643] oprofile: using NMI interrupt.
[STDERR  ] 2018-01-15T17:54:50.76728761Z: [   22.901645] GACT probability on
[STDERR  ] 2018-01-15T17:54:50.767294957Z: [   22.902122] Mirror/redirect action on
[STDERR  ] 2018-01-15T17:54:50.767300778Z: [   22.902892] Simple TC action Loaded
[STDERR  ] 2018-01-15T17:54:50.76730649Z: [   22.903407] u32 classifier
[STDERR  ] 2018-01-15T17:54:50.767312509Z: [   22.903546]     Performance counters on
[STDERR  ] 2018-01-15T17:54:50.767318121Z: [   22.903724]     input device check on
[STDERR  ] 2018-01-15T17:54:50.767324087Z: [   22.903911]     Actions configured
[STDERR  ] 2018-01-15T17:54:50.767330038Z: [   22.904399] Netfilter messages via NETLINK v0.30.
[STDERR  ] 2018-01-15T17:54:50.767344937Z: [   22.904861] nfnl_acct: registering with nfnetlink.
[STDERR  ] 2018-01-15T17:54:50.767363883Z: [   22.906186] nf_conntrack version 0.5.0 (16384 buckets, 65536 max)
[STDERR  ] 2018-01-15T17:54:50.767372499Z: [   22.909314] ctnetlink v0.93: registering with nfnetlink.
[STDERR  ] 2018-01-15T17:54:50.767380787Z: [   22.912740] nf_tables: (c) 2007-2009 Patrick McHardy <kaber@trash.net>
[STDERR  ] 2018-01-15T17:54:50.767390767Z: [   22.913580] nf_tables_compat: (c) 2012 Pablo Neira Ayuso <pablo@netfilter.org>
[STDERR  ] 2018-01-15T17:54:50.767400293Z: [   22.915653] xt_time: kernel timezone is -0000
[STDERR  ] 2018-01-15T17:54:50.767408838Z: [   22.916077] ip_set: protocol 6
[STDERR  ] 2018-01-15T17:54:50.76741643Z: [   22.916709] IPVS: Registered protocols (TCP, UDP, SCTP, AH, ESP)
[STDERR  ] 2018-01-15T17:54:50.767422139Z: [   22.917193] IPVS: Connection hash table configured (size=4096, memory=64Kbytes)
[STDERR  ] 2018-01-15T17:54:50.767438707Z: [   22.918704] IPVS: Creating netns size=2104 id=0
[STDERR  ] 2018-01-15T17:54:50.767444632Z: [   22.921786] IPVS: ipvs loaded.
[STDERR  ] 2018-01-15T17:54:50.767451103Z: [   22.922097] IPVS: [rr] scheduler registered.
[STDERR  ] 2018-01-15T17:54:50.767457289Z: [   22.922469] IPVS: [wrr] scheduler registered.
[STDERR  ] 2018-01-15T17:54:50.767462828Z: [   22.922661] IPVS: [lc] scheduler registered.
[STDERR  ] 2018-01-15T17:54:50.767468505Z: [   22.922870] IPVS: [wlc] scheduler registered.
[STDERR  ] 2018-01-15T17:54:50.767474322Z: [   22.923093] IPVS: [fo] scheduler registered.
[STDERR  ] 2018-01-15T17:54:50.767485803Z: [   22.923347] IPVS: [ovf] scheduler registered.
[STDERR  ] 2018-01-15T17:54:50.767495502Z: [   22.923717] IPVS: [lblc] scheduler registered.
[STDERR  ] 2018-01-15T17:54:50.767503438Z: [   22.924046] IPVS: [lblcr] scheduler registered.
[STDERR  ] 2018-01-15T17:54:50.767520722Z: [   22.924275] IPVS: [dh] scheduler registered.
[STDERR  ] 2018-01-15T17:54:50.767529777Z: [   22.924502] IPVS: [sh] scheduler registered.
[STDERR  ] 2018-01-15T17:54:50.767538568Z: [   22.924719] IPVS: [sed] scheduler registered.
[STDERR  ] 2018-01-15T17:54:50.767551483Z: [   22.924919] IPVS: [nq] scheduler registered.
[STDERR  ] 2018-01-15T17:54:50.767558448Z: [   22.925595] IPVS: ftp: loaded support on port[0] = 21
[STDERR  ] 2018-01-15T17:54:50.767566951Z: [   22.926309] ipip: IPv4 and MPLS over IPv4 tunneling driver
[STDERR  ] 2018-01-15T17:54:50.767575917Z: [   22.929740] gre: GRE over IPv4 demultiplexor driver
[STDERR  ] 2018-01-15T17:54:50.767584608Z: [   22.932719] ip_tables: (C) 2000-2006 Netfilter Core Team
[STDERR  ] 2018-01-15T17:54:50.767593028Z: [   22.935687] ipt_CLUSTERIP: ClusterIP Version 0.8 loaded successfully
[STDERR  ] 2018-01-15T17:54:50.767602087Z: [   22.936445] arp_tables: arp_tables: (C) 2002 David S. Miller
[STDERR  ] 2018-01-15T17:54:50.767610994Z: [   22.938628] NET: Registered protocol family 10
[STDERR  ] 2018-01-15T17:54:50.767619612Z: [   22.947346] ip6_tables: (C) 2000-2006 Netfilter Core Team
[STDERR  ] 2018-01-15T17:54:50.767638152Z: [   22.955044] NET: Registered protocol family 17
[STDERR  ] 2018-01-15T17:54:50.767647098Z: [   22.956056] Bridge firewalling registered
