[INFO    ] 2017-12-11T15:34:25.818448455Z: Running Test linuxkit.kernel.config_4.9.x in /tmp/with_clone2ee37d61/test/cases/020_kernel/001_config_4.9.x
[INFO    ] 2017-12-11T15:34:25.818558885Z: Running command: [/bin/sh -x /tmp/with_clone2ee37d61/test/cases/020_kernel/001_config_4.9.x/test.sh]
[STDERR  ] 2017-12-11T15:34:25.819095017Z: + set -e
[STDERR  ] 2017-12-11T15:34:25.819174727Z: + . /tmp/with_clone2ee37d61/test/cases/_lib/lib.sh
[STDERR  ] 2017-12-11T15:34:25.819269788Z: + [ -f src/github.com/linuxkit/rtf/lib/lib.sh ]
[STDERR  ] 2017-12-11T15:34:25.819331862Z: + LINUXKIT_TMPDIR=/tmp/with_clone2ee37d61/test/cases/_tmp
[STDERR  ] 2017-12-11T15:34:25.819411798Z: + [ -f /tmp/with_clone2ee37d61/test/cases/_tmp/env.sh ]
[STDERR  ] 2017-12-11T15:34:25.819463707Z: + . /tmp/with_clone2ee37d61/test/cases/_tmp/env.sh
[STDERR  ] 2017-12-11T15:34:25.81953241Z: + export LINUXKIT_EXAMPLES_DIR=/tmp/with_clone2ee37d61/test/cases/../../examples
[STDERR  ] 2017-12-11T15:34:25.819582999Z: + export LINUXKIT_BLUEPRINTS_DIR=/tmp/with_clone2ee37d61/test/cases/../../blueprints
[STDERR  ] 2017-12-11T15:34:25.819621902Z: + RT_CANCEL=253
[STDERR  ] 2017-12-11T15:34:25.819664941Z: + NAME=kconfig
[STDERR  ] 2017-12-11T15:34:25.819733061Z: + trap clean_up EXIT
[STDERR  ] 2017-12-11T15:34:25.81982069Z: + linuxkit build -format kernel+initrd -name kconfig test.yml
[STDERR  ] 2017-12-11T15:34:25.84925536Z: Extract kernel image: linuxkit/kernel:4.9.68
[STDERR  ] 2017-12-11T15:34:27.068277004Z: time="2017-12-11T15:34:27Z" level=warning msg="certificate with CN Justin Cormack is near expiry" 
[STDERR  ] 2017-12-11T15:34:27.068410558Z: time="2017-12-11T15:34:27Z" level=warning msg="certificate with CN  is near expiry" 
[STDERR  ] 2017-12-11T15:34:27.068532758Z: time="2017-12-11T15:34:27Z" level=warning msg="certificate with CN  is near expiry" 
[STDERR  ] 2017-12-11T15:34:27.112870868Z: time="2017-12-11T15:34:27Z" level=warning msg="certificate with CN Justin Cormack is near expiry" 
[STDERR  ] 2017-12-11T15:34:31.906312925Z: Add init containers:
[STDERR  ] 2017-12-11T15:34:31.907522566Z: Process init image: linuxkit/init:9250948d0de494df8a811edb3242b4584057cfe4
[STDERR  ] 2017-12-11T15:34:32.899208178Z: time="2017-12-11T15:34:32Z" level=warning msg="certificate with CN  is near expiry" 
[STDERR  ] 2017-12-11T15:34:32.899365885Z: time="2017-12-11T15:34:32Z" level=warning msg="certificate with CN  is near expiry" 
[STDERR  ] 2017-12-11T15:34:32.899692082Z: time="2017-12-11T15:34:32Z" level=warning msg="certificate with CN Justin Cormack is near expiry" 
[STDERR  ] 2017-12-11T15:34:32.903224814Z: time="2017-12-11T15:34:32Z" level=warning msg="certificate with CN Justin Cormack is near expiry" 
[STDERR  ] 2017-12-11T15:34:32.904753916Z: time="2017-12-11T15:34:32Z" level=warning msg="certificate with CN  is near expiry" 
[STDERR  ] 2017-12-11T15:34:34.470054447Z: Process init image: linuxkit/runc:abc3f292653e64a2fd488e9675ace19a55ec7023
[STDERR  ] 2017-12-11T15:34:35.411650989Z: time="2017-12-11T15:34:35Z" level=warning msg="certificate with CN Justin Cormack is near expiry" 
[STDERR  ] 2017-12-11T15:34:35.411795892Z: time="2017-12-11T15:34:35Z" level=warning msg="certificate with CN  is near expiry" 
[STDERR  ] 2017-12-11T15:34:35.411899226Z: time="2017-12-11T15:34:35Z" level=warning msg="certificate with CN  is near expiry" 
[STDERR  ] 2017-12-11T15:34:35.413952594Z: time="2017-12-11T15:34:35Z" level=warning msg="certificate with CN Justin Cormack is near expiry" 
[STDERR  ] 2017-12-11T15:34:35.415408215Z: time="2017-12-11T15:34:35Z" level=warning msg="certificate with CN  is near expiry" 
[STDERR  ] 2017-12-11T15:34:36.281235728Z: Add onboot containers:
[STDERR  ] 2017-12-11T15:34:36.281319049Z:   Create OCI config for linuxkit/test-kernel-config:9c3668b834540d2e776d0bf4aff661b3bcc35616
[STDERR  ] 2017-12-11T15:34:37.258963358Z: time="2017-12-11T15:34:37Z" level=warning msg="certificate with CN  is near expiry" 
[STDERR  ] 2017-12-11T15:34:37.259016729Z: time="2017-12-11T15:34:37Z" level=warning msg="certificate with CN  is near expiry" 
[STDERR  ] 2017-12-11T15:34:37.259319153Z: time="2017-12-11T15:34:37Z" level=warning msg="certificate with CN Justin Cormack is near expiry" 
[STDERR  ] 2017-12-11T15:34:37.259520853Z: time="2017-12-11T15:34:37Z" level=warning msg="certificate with CN Rolf Neugebauer is near expiry" 
[STDERR  ] 2017-12-11T15:34:37.260893729Z: time="2017-12-11T15:34:37Z" level=warning msg="certificate with CN Justin Cormack is near expiry" 
[STDERR  ] 2017-12-11T15:34:37.262284588Z: time="2017-12-11T15:34:37Z" level=warning msg="certificate with CN Rolf Neugebauer is near expiry" 
[STDERR  ] 2017-12-11T15:34:37.263053808Z: time="2017-12-11T15:34:37Z" level=warning msg="certificate with CN  is near expiry" 
[STDERR  ] 2017-12-11T15:34:38.161485686Z:   Create OCI config for linuxkit/poweroff:bccfe1cb04fc7bb9f03613d2314f38abd2620f29
[STDERR  ] 2017-12-11T15:34:39.115625889Z: time="2017-12-11T15:34:39Z" level=warning msg="certificate with CN  is near expiry" 
[STDERR  ] 2017-12-11T15:34:39.115860587Z: time="2017-12-11T15:34:39Z" level=warning msg="certificate with CN Justin Cormack is near expiry" 
[STDERR  ] 2017-12-11T15:34:39.116045308Z: time="2017-12-11T15:34:39Z" level=warning msg="certificate with CN Rolf Neugebauer is near expiry" 
[STDERR  ] 2017-12-11T15:34:39.116135103Z: time="2017-12-11T15:34:39Z" level=warning msg="certificate with CN  is near expiry" 
[STDERR  ] 2017-12-11T15:34:39.11781245Z: time="2017-12-11T15:34:39Z" level=warning msg="certificate with CN Rolf Neugebauer is near expiry" 
[STDERR  ] 2017-12-11T15:34:39.11863833Z: time="2017-12-11T15:34:39Z" level=warning msg="certificate with CN  is near expiry" 
[STDERR  ] 2017-12-11T15:34:39.709783872Z: Create outputs:
[STDERR  ] 2017-12-11T15:34:43.912874095Z:   kconfig-kernel kconfig-initrd.img kconfig-cmdline
[STDERR  ] 2017-12-11T15:34:44.091515616Z: + linuxkit run kconfig
[STDERR  ] 2017-12-11T15:35:29.738367394Z: + RESULT=[    0.000000] Linux version 4.9.68-linuxkit (root@b3d6db4b2db6) (gcc version 6.4.0 (Alpine 6.4.0) ) #1 SMP Mon Dec 11 11:59:33 UTC 2017
[STDERR  ] 2017-12-11T15:35:29.73844259Z: [    0.000000] Command line: console=ttyS0
[STDERR  ] 2017-12-11T15:35:29.738467543Z: [    0.000000] x86/fpu: Legacy x87 FPU detected.
[STDERR  ] 2017-12-11T15:35:29.73848105Z: [    0.000000] x86/fpu: Using 'eager' FPU context switches.
[STDERR  ] 2017-12-11T15:35:29.738494988Z: [    0.000000] e820: BIOS-provided physical RAM map:
[STDERR  ] 2017-12-11T15:35:29.738507964Z: [    0.000000] BIOS-e820: [mem 0x0000000000000000-0x000000000009fbff] usable
[STDERR  ] 2017-12-11T15:35:29.738522109Z: [    0.000000] BIOS-e820: [mem 0x000000000009fc00-0x000000000009ffff] reserved
[STDERR  ] 2017-12-11T15:35:29.73853556Z: [    0.000000] BIOS-e820: [mem 0x00000000000f0000-0x00000000000fffff] reserved
[STDERR  ] 2017-12-11T15:35:29.738549101Z: [    0.000000] BIOS-e820: [mem 0x0000000000100000-0x000000003ffdefff] usable
[STDERR  ] 2017-12-11T15:35:29.738562814Z: [    0.000000] BIOS-e820: [mem 0x000000003ffdf000-0x000000003fffffff] reserved
[STDERR  ] 2017-12-11T15:35:29.73858069Z: [    0.000000] BIOS-e820: [mem 0x00000000b0000000-0x00000000bfffffff] reserved
[STDERR  ] 2017-12-11T15:35:29.738593255Z: [    0.000000] BIOS-e820: [mem 0x00000000fed1c000-0x00000000fed1ffff] reserved
[STDERR  ] 2017-12-11T15:35:29.738609258Z: [    0.000000] BIOS-e820: [mem 0x00000000fffc0000-0x00000000ffffffff] reserved
[STDERR  ] 2017-12-11T15:35:29.738621814Z: [    0.000000] NX (Execute Disable) protection: active
[STDERR  ] 2017-12-11T15:35:29.738634495Z: [    0.000000] SMBIOS 2.8 present.
[STDERR  ] 2017-12-11T15:35:29.738647031Z: [    0.000000] e820: last_pfn = 0x3ffdf max_arch_pfn = 0x400000000
[STDERR  ] 2017-12-11T15:35:29.738659524Z: [    0.000000] x86/PAT: Configuration [0-7]: WB  WC  UC- UC  WB  WC  UC- WT  
[STDERR  ] 2017-12-11T15:35:29.738671816Z: [    0.000000] found SMP MP-table at [mem 0x000f6aa0-0x000f6aaf] mapped at [ffff9eed400f6aa0]
[STDERR  ] 2017-12-11T15:35:29.738686416Z: [    0.000000] RAMDISK: [mem 0x3e805000-0x3ffcffff]
[STDERR  ] 2017-12-11T15:35:29.738698789Z: [    0.000000] ACPI: Early table checksum verification disabled
[STDERR  ] 2017-12-11T15:35:29.73872288Z: [    0.000000] ACPI: RSDP 0x00000000000F68C0 000014 (v00 BOCHS )
[STDERR  ] 2017-12-11T15:35:29.738736186Z: [    0.000000] ACPI: RSDT 0x000000003FFE2404 000034 (v01 BOCHS  BXPCRSDT 00000001 BXPC 00000001)
[STDERR  ] 2017-12-11T15:35:29.738748906Z: [    0.000000] ACPI: FACP 0x000000003FFE22A4 000074 (v01 BOCHS  BXPCFACP 00000001 BXPC 00000001)
[STDERR  ] 2017-12-11T15:35:29.738762132Z: [    0.000000] ACPI: DSDT 0x000000003FFE0040 002264 (v01 BOCHS  BXPCDSDT 00000001 BXPC 00000001)
[STDERR  ] 2017-12-11T15:35:29.738775284Z: [    0.000000] ACPI: FACS 0x000000003FFE0000 000040
[STDERR  ] 2017-12-11T15:35:29.738788287Z: [    0.000000] ACPI: APIC 0x000000003FFE2318 000078 (v01 BOCHS  BXPCAPIC 00000001 BXPC 00000001)
[STDERR  ] 2017-12-11T15:35:29.738800773Z: [    0.000000] ACPI: HPET 0x000000003FFE2390 000038 (v01 BOCHS  BXPCHPET 00000001 BXPC 00000001)
[STDERR  ] 2017-12-11T15:35:29.738813455Z: [    0.000000] ACPI: MCFG 0x000000003FFE23C8 00003C (v01 BOCHS  BXPCMCFG 00000001 BXPC 00000001)
[STDERR  ] 2017-12-11T15:35:29.73882731Z: [    0.000000] Zone ranges:
[STDERR  ] 2017-12-11T15:35:29.738847901Z: [    0.000000]   DMA      [mem 0x0000000000001000-0x0000000000ffffff]
[STDERR  ] 2017-12-11T15:35:29.738859871Z: [    0.000000]   DMA32    [mem 0x0000000001000000-0x000000003ffdefff]
[STDERR  ] 2017-12-11T15:35:29.738871446Z: [    0.000000]   Normal   empty
[STDERR  ] 2017-12-11T15:35:29.738881967Z: [    0.000000] Movable zone start for each node
[STDERR  ] 2017-12-11T15:35:29.73889375Z: [    0.000000] Early memory node ranges
[STDERR  ] 2017-12-11T15:35:29.738909818Z: [    0.000000]   node   0: [mem 0x0000000000001000-0x000000000009efff]
[STDERR  ] 2017-12-11T15:35:29.73892134Z: [    0.000000]   node   0: [mem 0x0000000000100000-0x000000003ffdefff]
[STDERR  ] 2017-12-11T15:35:29.738938382Z: [    0.000000] Initmem setup node 0 [mem 0x0000000000001000-0x000000003ffdefff]
[STDERR  ] 2017-12-11T15:35:29.738951517Z: [    0.000000] ACPI: PM-Timer IO Port: 0x608
[STDERR  ] 2017-12-11T15:35:29.738963245Z: [    0.000000] ACPI: LAPIC_NMI (acpi_id[0xff] dfl dfl lint[0x1])
[STDERR  ] 2017-12-11T15:35:29.73897451Z: [    0.000000] IOAPIC[0]: apic_id 0, version 32, address 0xfec00000, GSI 0-23
[STDERR  ] 2017-12-11T15:35:29.73898531Z: [    0.000000] ACPI: INT_SRC_OVR (bus 0 bus_irq 0 global_irq 2 dfl dfl)
[STDERR  ] 2017-12-11T15:35:29.73899628Z: [    0.000000] ACPI: INT_SRC_OVR (bus 0 bus_irq 5 global_irq 5 high level)
[STDERR  ] 2017-12-11T15:35:29.739007595Z: [    0.000000] ACPI: INT_SRC_OVR (bus 0 bus_irq 9 global_irq 9 high level)
[STDERR  ] 2017-12-11T15:35:29.739018701Z: [    0.000000] ACPI: INT_SRC_OVR (bus 0 bus_irq 10 global_irq 10 high level)
[STDERR  ] 2017-12-11T15:35:29.739030545Z: [    0.000000] ACPI: INT_SRC_OVR (bus 0 bus_irq 11 global_irq 11 high level)
[STDERR  ] 2017-12-11T15:35:29.739042151Z: [    0.000000] Using ACPI (MADT) for SMP configuration information
[STDERR  ] 2017-12-11T15:35:29.739054229Z: [    0.000000] ACPI: HPET id: 0x8086a201 base: 0xfed00000
[STDERR  ] 2017-12-11T15:35:29.73906536Z: [    0.000000] smpboot: Allowing 1 CPUs, 0 hotplug CPUs
[STDERR  ] 2017-12-11T15:35:29.739077102Z: [    0.000000] e820: [mem 0x40000000-0xafffffff] available for PCI devices
[STDERR  ] 2017-12-11T15:35:29.739091673Z: [    0.000000] Booting paravirtualized kernel on bare hardware
[STDERR  ] 2017-12-11T15:35:29.739103716Z: [    0.000000] clocksource: refined-jiffies: mask: 0xffffffff max_cycles: 0xffffffff, max_idle_ns: 19112604462750000 ns
[STDERR  ] 2017-12-11T15:35:29.739116214Z: [    0.000000] setup_percpu: NR_CPUS:128 nr_cpumask_bits:128 nr_cpu_ids:1 nr_node_ids:1
[STDERR  ] 2017-12-11T15:35:29.739128103Z: [    0.000000] percpu: Embedded 35 pages/cpu @ffff9eed7e600000 s105048 r8192 d30120 u2097152
[STDERR  ] 2017-12-11T15:35:29.739141276Z: [    0.000000] Built 1 zonelists in Zone order, mobility grouping on.  Total pages: 257896
[STDERR  ] 2017-12-11T15:35:29.73915399Z: [    0.000000] Kernel command line: console=ttyS0
[STDERR  ] 2017-12-11T15:35:29.739174907Z: [    0.000000] PID hash table entries: 4096 (order: 3, 32768 bytes)
[STDERR  ] 2017-12-11T15:35:29.739193462Z: [    0.000000] Dentry cache hash table entries: 131072 (order: 8, 1048576 bytes)
[STDERR  ] 2017-12-11T15:35:29.739205366Z: [    0.000000] Inode-cache hash table entries: 65536 (order: 7, 524288 bytes)
[STDERR  ] 2017-12-11T15:35:29.739217099Z: [    0.000000] Memory: 989808K/1048052K available (8048K kernel code, 1367K rwdata, 2700K rodata, 1380K init, 568K bss, 58244K reserved, 0K cma-reserved)
[STDERR  ] 2017-12-11T15:35:29.739230011Z: [    0.000000] Hierarchical RCU implementation.
[STDERR  ] 2017-12-11T15:35:29.739241576Z: [    0.000000] 	Build-time adjustment of leaf fanout to 64.
[STDERR  ] 2017-12-11T15:35:29.739253761Z: [    0.000000] 	RCU restricting CPUs from NR_CPUS=128 to nr_cpu_ids=1.
[STDERR  ] 2017-12-11T15:35:29.73926511Z: [    0.000000] RCU: Adjusting geometry for rcu_fanout_leaf=64, nr_cpu_ids=1
[STDERR  ] 2017-12-11T15:35:29.73927683Z: [    0.000000] NR_IRQS:8448 nr_irqs:256 16
[STDERR  ] 2017-12-11T15:35:29.739288314Z: [    0.000000] Console: colour VGA+ 80x25
[STDERR  ] 2017-12-11T15:35:29.739304492Z: [    0.000000] console [ttyS0] enabled
[STDERR  ] 2017-12-11T15:35:29.739316022Z: [    0.000000] clocksource: hpet: mask: 0xffffffff max_cycles: 0xffffffff, max_idle_ns: 19112604467 ns
[STDERR  ] 2017-12-11T15:35:29.739328304Z: [    0.000000] tsc: Fast TSC calibration using PIT
[STDERR  ] 2017-12-11T15:35:29.739339917Z: [    0.000000] tsc: Detected 2300.119 MHz processor
[STDERR  ] 2017-12-11T15:35:29.73935141Z: [    0.021340] Calibrating delay loop (skipped), value calculated using timer frequency.. 4600.23 BogoMIPS (lpj=23001190)
[STDERR  ] 2017-12-11T15:35:29.739364025Z: [    0.022355] pid_max: default: 32768 minimum: 301
[STDERR  ] 2017-12-11T15:35:29.739375555Z: [    0.023227] ACPI: Core revision 20160831
[STDERR  ] 2017-12-11T15:35:29.73938733Z: [    0.070964] ACPI: 1 ACPI AML tables successfully acquired and loaded
[STDERR  ] 2017-12-11T15:35:29.739399083Z: [    0.074673] Security Framework initialized
[STDERR  ] 2017-12-11T15:35:29.739410545Z: [    0.075050] Yama: becoming mindful.
[STDERR  ] 2017-12-11T15:35:29.739422106Z: [    0.076966] Mount-cache hash table entries: 2048 (order: 2, 16384 bytes)
[STDERR  ] 2017-12-11T15:35:29.739439552Z: [    0.077489] Mountpoint-cache hash table entries: 2048 (order: 2, 16384 bytes)
[STDERR  ] 2017-12-11T15:35:29.739451271Z: [    0.096371] Last level iTLB entries: 4KB 0, 2MB 0, 4MB 0
[STDERR  ] 2017-12-11T15:35:29.739463455Z: [    0.096808] Last level dTLB entries: 4KB 0, 2MB 0, 4MB 0, 1GB 0
[STDERR  ] 2017-12-11T15:35:29.739475543Z: [    0.422044] Freeing SMP alternatives memory: 20K
[STDERR  ] 2017-12-11T15:35:29.739487085Z: [    0.430503] ftrace: allocating 35539 entries in 139 pages
[STDERR  ] 2017-12-11T15:35:29.739498781Z: [    0.610582] smpboot: Max logical packages: 1
[STDERR  ] 2017-12-11T15:35:29.73951028Z: [    0.615823] ..TIMER: vector=0x30 apic1=0 pin1=2 apic2=-1 pin2=-1
[STDERR  ] 2017-12-11T15:35:29.739521926Z: [    0.720000] smpboot: CPU0: AMD QEMU Virtual CPU version 2.5+ (family: 0x6, model: 0x6, stepping: 0x3)
[STDERR  ] 2017-12-11T15:35:29.739538486Z: [    0.720000] Performance Events: PMU not available due to virtualization, using software events only.
[STDERR  ] 2017-12-11T15:35:29.739550311Z: [    0.728062] NMI watchdog: disabled (cpu0): hardware events not enabled
[STDERR  ] 2017-12-11T15:35:29.739561882Z: [    0.728397] NMI watchdog: Shutting down hard lockup detector on all cpus
[STDERR  ] 2017-12-11T15:35:29.739573306Z: [    0.730000] x86: Booted up 1 node, 1 CPUs
[STDERR  ] 2017-12-11T15:35:29.739584748Z: [    0.730000] smpboot: Total of 1 processors activated (4600.23 BogoMIPS)
[STDERR  ] 2017-12-11T15:35:29.739596312Z: [    0.747695] devtmpfs: initialized
[STDERR  ] 2017-12-11T15:35:29.73960813Z: [    0.752364] x86/mm: Memory block size: 128MB
[STDERR  ] 2017-12-11T15:35:29.739619672Z: [    0.815951] clocksource: jiffies: mask: 0xffffffff max_cycles: 0xffffffff, max_idle_ns: 19112604462750000 ns
[STDERR  ] 2017-12-11T15:35:29.739632279Z: [    0.816718] futex hash table entries: 256 (order: 2, 16384 bytes)
[STDERR  ] 2017-12-11T15:35:29.739652039Z: [    0.825452] NET: Registered protocol family 16
[STDERR  ] 2017-12-11T15:35:29.739664005Z: [    0.834730] cpuidle: using governor ladder
[STDERR  ] 2017-12-11T15:35:29.739675689Z: [    0.835123] cpuidle: using governor menu
[STDERR  ] 2017-12-11T15:35:29.739687154Z: [    0.836135] ACPI: bus type PCI registered
[STDERR  ] 2017-12-11T15:35:29.739698766Z: [    0.838833] PCI: MMCONFIG for domain 0000 [bus 00-ff] at [mem 0xb0000000-0xbfffffff] (base 0xb0000000)
[STDERR  ] 2017-12-11T15:35:29.739719052Z: [    0.839526] PCI: MMCONFIG at [mem 0xb0000000-0xbfffffff] reserved in E820
[STDERR  ] 2017-12-11T15:35:29.739731044Z: [    0.840888] PCI: Using configuration type 1 for base access
[STDERR  ] 2017-12-11T15:35:29.739742679Z: [    0.896162] HugeTLB registered 2 MB page size, pre-allocated 0 pages
[STDERR  ] 2017-12-11T15:35:29.73975424Z: [    0.906057] ACPI: Added _OSI(Module Device)
[STDERR  ] 2017-12-11T15:35:29.739765795Z: [    0.906359] ACPI: Added _OSI(Processor Device)
[STDERR  ] 2017-12-11T15:35:29.739780909Z: [    0.906628] ACPI: Added _OSI(3.0 _SCP Extensions)
[STDERR  ] 2017-12-11T15:35:29.739792393Z: [    0.906906] ACPI: Added _OSI(Processor Aggregator Device)
[STDERR  ] 2017-12-11T15:35:29.739804068Z: [    0.983588] ACPI: Interpreter enabled
[STDERR  ] 2017-12-11T15:35:29.739821046Z: [    0.984320] ACPI: (supports S0 S5)
[STDERR  ] 2017-12-11T15:35:29.739832706Z: [    0.984586] ACPI: Using IOAPIC for interrupt routing
[STDERR  ] 2017-12-11T15:35:29.739844213Z: [    0.986275] PCI: Using host bridge windows from ACPI; if necessary, use "pci=nocrs" and report a bug
[STDERR  ] 2017-12-11T15:35:29.739855951Z: [    1.050244] ACPI: PCI Root Bridge [PCI0] (domain 0000 [bus 00-ff])
[STDERR  ] 2017-12-11T15:35:29.739867452Z: [    1.051116] acpi PNP0A08:00: _OSC: OS supports [ExtendedConfig ASPM ClockPM Segments MSI]
[STDERR  ] 2017-12-11T15:35:29.739879854Z: [    1.056755] acpi PNP0A08:00: _OSC: OS now controls [PCIeHotplug PME PCIeCapability]
[STDERR  ] 2017-12-11T15:35:29.739891735Z: [    1.060466] PCI host bridge to bus 0000:00
[STDERR  ] 2017-12-11T15:35:29.739903353Z: [    1.060850] pci_bus 0000:00: root bus resource [io  0x0000-0x0cf7 window]
[STDERR  ] 2017-12-11T15:35:29.739914809Z: [    1.061268] pci_bus 0000:00: root bus resource [io  0x0d00-0xffff window]
[STDERR  ] 2017-12-11T15:35:29.739926304Z: [    1.061652] pci_bus 0000:00: root bus resource [mem 0x000a0000-0x000bffff window]
[STDERR  ] 2017-12-11T15:35:29.739942576Z: [    1.062079] pci_bus 0000:00: root bus resource [mem 0xc0000000-0xfebfffff window]
[STDERR  ] 2017-12-11T15:35:29.739954219Z: [    1.062649] pci_bus 0000:00: root bus resource [bus 00-ff]
[STDERR  ] 2017-12-11T15:35:29.739965582Z: [    1.165182] pci 0000:00:1f.0: quirk: [io  0x0600-0x067f] claimed by ICH6 ACPI/GPIO/TCO
[STDERR  ] 2017-12-11T15:35:29.739977214Z: [    1.225026] ACPI: PCI Interrupt Link [LNKA] (IRQs 5 *10 11)
[STDERR  ] 2017-12-11T15:35:29.739988774Z: [    1.226984] ACPI: PCI Interrupt Link [LNKB] (IRQs 5 *10 11)
[STDERR  ] 2017-12-11T15:35:29.740000375Z: [    1.228681] ACPI: PCI Interrupt Link [LNKC] (IRQs 5 10 *11)
[STDERR  ] 2017-12-11T15:35:29.740011862Z: [    1.230994] ACPI: PCI Interrupt Link [LNKD] (IRQs 5 10 *11)
[STDERR  ] 2017-12-11T15:35:29.740023592Z: [    1.232688] ACPI: PCI Interrupt Link [LNKE] (IRQs 5 *10 11)
[STDERR  ] 2017-12-11T15:35:29.740035099Z: [    1.234427] ACPI: PCI Interrupt Link [LNKF] (IRQs 5 *10 11)
[STDERR  ] 2017-12-11T15:35:29.740046669Z: [    1.236090] ACPI: PCI Interrupt Link [LNKG] (IRQs 5 10 *11)
[STDERR  ] 2017-12-11T15:35:29.74005817Z: [    1.237879] ACPI: PCI Interrupt Link [LNKH] (IRQs 5 10 *11)
[STDERR  ] 2017-12-11T15:35:29.740069616Z: [    1.238664] ACPI: PCI Interrupt Link [GSIA] (IRQs *16)
[STDERR  ] 2017-12-11T15:35:29.740081088Z: [    1.239256] ACPI: PCI Interrupt Link [GSIB] (IRQs *17)
[STDERR  ] 2017-12-11T15:35:29.74009733Z: [    1.239836] ACPI: PCI Interrupt Link [GSIC] (IRQs *18)
[STDERR  ] 2017-12-11T15:35:29.740108928Z: [    1.240362] ACPI: PCI Interrupt Link [GSID] (IRQs *19)
[STDERR  ] 2017-12-11T15:35:29.740125341Z: [    1.240944] ACPI: PCI Interrupt Link [GSIE] (IRQs *20)
[STDERR  ] 2017-12-11T15:35:29.740141256Z: [    1.241515] ACPI: PCI Interrupt Link [GSIF] (IRQs *21)
[STDERR  ] 2017-12-11T15:35:29.740152078Z: [    1.242091] ACPI: PCI Interrupt Link [GSIG] (IRQs *22)
[STDERR  ] 2017-12-11T15:35:29.740162655Z: [    1.242663] ACPI: PCI Interrupt Link [GSIH] (IRQs *23)
[STDERR  ] 2017-12-11T15:35:29.740173186Z: [    1.246179] ACPI: Enabled 2 GPEs in block 00 to 3F
[STDERR  ] 2017-12-11T15:35:29.740184085Z: [    1.250480] SCSI subsystem initialized
[STDERR  ] 2017-12-11T15:35:29.740194969Z: [    1.252246] ACPI: bus type USB registered
[STDERR  ] 2017-12-11T15:35:29.740205806Z: [    1.253265] usbcore: registered new interface driver usbfs
[STDERR  ] 2017-12-11T15:35:29.740222675Z: [    1.254096] usbcore: registered new interface driver hub
[STDERR  ] 2017-12-11T15:35:29.740240383Z: [    1.254811] usbcore: registered new device driver usb
[STDERR  ] 2017-12-11T15:35:29.74025101Z: [    1.255902] pps_core: LinuxPPS API ver. 1 registered
[STDERR  ] 2017-12-11T15:35:29.740267634Z: [    1.256206] pps_core: Software ver. 5.3.6 - Copyright 2005-2007 Rodolfo Giometti <giometti@linux.it>
[STDERR  ] 2017-12-11T15:35:29.740279815Z: [    1.256848] PTP clock support registered
[STDERR  ] 2017-12-11T15:35:29.740290764Z: [    1.257924] wmi: Mapper loaded
[STDERR  ] 2017-12-11T15:35:29.740301818Z: [    1.258958] PCI: Using ACPI for IRQ routing
[STDERR  ] 2017-12-11T15:35:29.740312599Z: [    1.277197] NetLabel: Initializing
[STDERR  ] 2017-12-11T15:35:29.740323482Z: [    1.277432] NetLabel:  domain hash size = 128
[STDERR  ] 2017-12-11T15:35:29.740334575Z: [    1.277694] NetLabel:  protocols = UNLABELED CIPSOv4
[STDERR  ] 2017-12-11T15:35:29.740345171Z: [    1.279459] NetLabel:  unlabeled traffic allowed by default
[STDERR  ] 2017-12-11T15:35:29.740355955Z: [    1.280446] HPET: 3 timers in total, 0 timers will be used for per-cpu timer
[STDERR  ] 2017-12-11T15:35:29.740366789Z: [    1.281126] hpet0: at MMIO 0xfed00000, IRQs 2, 8, 0
[STDERR  ] 2017-12-11T15:35:29.740377537Z: [    1.281563] hpet0: 3 comparators, 64-bit 100.000000 MHz counter
[STDERR  ] 2017-12-11T15:35:29.740388273Z: [    1.287634] clocksource: Switched to clocksource hpet
[STDERR  ] 2017-12-11T15:35:29.740398989Z: [    1.556560] VFS: Disk quotas dquot_6.6.0
[STDERR  ] 2017-12-11T15:35:29.740409843Z: [    1.557189] VFS: Dquot-cache hash table entries: 512 (order 0, 4096 bytes)
[STDERR  ] 2017-12-11T15:35:29.740420928Z: [    1.559715] FS-Cache: Loaded
[STDERR  ] 2017-12-11T15:35:29.740432935Z: [    1.564656] CacheFiles: Loaded
[STDERR  ] 2017-12-11T15:35:29.740444401Z: [    1.566217] pnp: PnP ACPI init
[STDERR  ] 2017-12-11T15:35:29.740458986Z: [    1.577779] pnp: PnP ACPI: found 5 devices
[STDERR  ] 2017-12-11T15:35:29.74047085Z: [    1.634144] clocksource: acpi_pm: mask: 0xffffff max_cycles: 0xffffff, max_idle_ns: 2085701024 ns
[STDERR  ] 2017-12-11T15:35:29.740483269Z: [    1.638779] NET: Registered protocol family 2
[STDERR  ] 2017-12-11T15:35:29.740494401Z: [    1.648209] TCP established hash table entries: 8192 (order: 4, 65536 bytes)
[STDERR  ] 2017-12-11T15:35:29.740505411Z: [    1.648882] TCP bind hash table entries: 8192 (order: 5, 131072 bytes)
[STDERR  ] 2017-12-11T15:35:29.740516438Z: [    1.649503] TCP: Hash tables configured (established 8192 bind 8192)
[STDERR  ] 2017-12-11T15:35:29.740527875Z: [    1.651509] UDP hash table entries: 512 (order: 2, 16384 bytes)
[STDERR  ] 2017-12-11T15:35:29.740539261Z: [    1.652025] UDP-Lite hash table entries: 512 (order: 2, 16384 bytes)
[STDERR  ] 2017-12-11T15:35:29.740550898Z: [    1.654221] NET: Registered protocol family 1
[STDERR  ] 2017-12-11T15:35:29.740562458Z: [    1.655086] pci 0000:00:01.0: Video device with shadowed ROM at [mem 0x000c0000-0x000dffff]
[STDERR  ] 2017-12-11T15:35:29.740574715Z: [    1.663199] Unpacking initramfs...
[STDERR  ] 2017-12-11T15:35:29.740586896Z: [    5.710452] Freeing initrd memory: 24364K
[STDERR  ] 2017-12-11T15:35:29.740602822Z: [    5.737338] PCLMULQDQ-NI instructions are not detected.
[STDERR  ] 2017-12-11T15:35:29.740614639Z: [    5.738515] AVX or AES-NI instructions are not detected.
[STDERR  ] 2017-12-11T15:35:29.740625908Z: [    5.738943] CPU feature 'AVX registers' is not supported.
[STDERR  ] 2017-12-11T15:35:29.740637125Z: [    5.739334] CPU feature 'AVX registers' is not supported.
[STDERR  ] 2017-12-11T15:35:29.740655386Z: [    5.739719] CPU feature 'AVX registers' is not supported.
[STDERR  ] 2017-12-11T15:35:29.740666998Z: [    5.740890] CPU feature 'AVX registers' is not supported.
[STDERR  ] 2017-12-11T15:35:29.740678851Z: [    5.741290] AVX2 or AES-NI instructions are not detected.
[STDERR  ] 2017-12-11T15:35:29.740690742Z: [    5.741672] AVX2 instructions are not detected.
[STDERR  ] 2017-12-11T15:35:29.7407024Z: [    5.746881] audit: initializing netlink subsys (disabled)
[STDERR  ] 2017-12-11T15:35:29.740714377Z: [    5.748404] audit: type=2000 audit(1513006490.740:1): initialized
[STDERR  ] 2017-12-11T15:35:29.740726424Z: [    5.755954] workingset: timestamp_bits=46 max_order=18 bucket_order=0
[STDERR  ] 2017-12-11T15:35:29.740743734Z: [    5.760902] squashfs: version 4.0 (2009/01/31) Phillip Lougher
[STDERR  ] 2017-12-11T15:35:29.740755675Z: [    5.765235] FS-Cache: Netfs 'cifs' registered for caching
[STDERR  ] 2017-12-11T15:35:29.74076735Z: [    5.766167] fuse init (API version 7.26)
[STDERR  ] 2017-12-11T15:35:29.740779389Z: [    5.768266] SGI XFS with ACLs, security attributes, no debug enabled
[STDERR  ] 2017-12-11T15:35:29.740791181Z: [    5.772548] 9p: Installing v9fs 9p2000 file system support
[STDERR  ] 2017-12-11T15:35:29.740802866Z: [    5.773028] FS-Cache: Netfs '9p' registered for caching
[STDERR  ] 2017-12-11T15:35:29.74081465Z: [    5.804938] NET: Registered protocol family 38
[STDERR  ] 2017-12-11T15:35:29.74082643Z: [    5.805479] Key type asymmetric registered
[STDERR  ] 2017-12-11T15:35:29.740838099Z: [    5.805812] Asymmetric key parser 'x509' registered
[STDERR  ] 2017-12-11T15:35:29.740849804Z: [    5.806551] Block layer SCSI generic (bsg) driver version 0.4 loaded (major 251)
[STDERR  ] 2017-12-11T15:35:29.740862251Z: [    5.807747] io scheduler noop registered
[STDERR  ] 2017-12-11T15:35:29.740879327Z: [    5.808062] io scheduler deadline registered (default)
[STDERR  ] 2017-12-11T15:35:29.740891309Z: [    5.808801] io scheduler cfq registered
[STDERR  ] 2017-12-11T15:35:29.740903024Z: [    5.812234] pci_hotplug: PCI Hot Plug PCI Core version: 0.5
[STDERR  ] 2017-12-11T15:35:29.740915029Z: [    5.812803] pciehp: PCI Express Hot Plug Controller Driver version: 0.4
[STDERR  ] 2017-12-11T15:35:29.740926762Z: [    5.813553] shpchp: Standard Hot Plug PCI Controller Driver version: 0.4
[STDERR  ] 2017-12-11T15:35:29.74093848Z: [    5.814326] hv_vmbus: registering driver hyperv_fb
[STDERR  ] 2017-12-11T15:35:29.740950164Z: [    5.817412] input: Power Button as /devices/LNXSYSTM:00/LNXPWRBN:00/input/input0
[STDERR  ] 2017-12-11T15:35:29.740962041Z: [    5.818439] ACPI: Power Button [PWRF]
[STDERR  ] 2017-12-11T15:35:29.740973762Z: [    5.824082] GHES: HEST is not enabled!
[STDERR  ] 2017-12-11T15:35:29.740985602Z: [    5.834887] ACPI: PCI Interrupt Link [GSIG] enabled at IRQ 22
[STDERR  ] 2017-12-11T15:35:29.740997406Z: [    5.847150] ACPI: PCI Interrupt Link [GSIH] enabled at IRQ 23
[STDERR  ] 2017-12-11T15:35:29.741014522Z: [    5.851125] xenfs: not registering filesystem on non-xen platform
[STDERR  ] 2017-12-11T15:35:29.74102641Z: [    5.852970] Serial: 8250/16550 driver, 4 ports, IRQ sharing disabled
[STDERR  ] 2017-12-11T15:35:29.741038039Z: [    5.878760] 00:04: ttyS0 at I/O 0x3f8 (irq = 4, base_baud = 115200) is a 16550A
[STDERR  ] 2017-12-11T15:35:29.741049735Z: [    5.889171] Non-volatile memory driver v1.3
[STDERR  ] 2017-12-11T15:35:29.741061805Z: [    5.895135] Hangcheck: starting hangcheck timer 0.9.1 (tick is 180 seconds, margin is 60 seconds).
[STDERR  ] 2017-12-11T15:35:29.741073731Z: [    5.900062] random: fast init done
[STDERR  ] 2017-12-11T15:35:29.741085495Z: [    5.901390] random: crng init done
[STDERR  ] 2017-12-11T15:35:29.741101689Z: [    5.935177] loop: module loaded
[STDERR  ] 2017-12-11T15:35:29.741114334Z: [    5.949023] nbd: registered device at major 43
[STDERR  ] 2017-12-11T15:35:29.74112615Z: [    5.990875] lpc_ich 0000:00:1f.0: I/O space for GPIO uninitialized
[STDERR  ] 2017-12-11T15:35:29.741137938Z: [    5.992511] VMware PVSCSI driver - version 1.0.7.0-k
[STDERR  ] 2017-12-11T15:35:29.741149652Z: [    5.993195] hv_vmbus: registering driver hv_storvsc
[STDERR  ] 2017-12-11T15:35:29.741167211Z: [    6.003045] ACPI: PCI Interrupt Link [GSIA] enabled at IRQ 16
[STDERR  ] 2017-12-11T15:35:29.741178954Z: [    6.009093] ahci 0000:00:1f.2: AHCI 0001.0000 32 slots 6 ports 1.5 Gbps 0x3f impl SATA mode
[STDERR  ] 2017-12-11T15:35:29.741191735Z: [    6.009757] ahci 0000:00:1f.2: flags: 64bit ncq only 
[STDERR  ] 2017-12-11T15:35:29.741203411Z: [    6.030091] scsi host0: ahci
[STDERR  ] 2017-12-11T15:35:29.741215728Z: [    6.033753] scsi host1: ahci
[STDERR  ] 2017-12-11T15:35:29.741227795Z: [    6.035984] scsi host2: ahci
[STDERR  ] 2017-12-11T15:35:29.741244046Z: [    6.038094] scsi host3: ahci
[STDERR  ] 2017-12-11T15:35:29.741256203Z: [    6.040537] scsi host4: ahci
[STDERR  ] 2017-12-11T15:35:29.741268307Z: [    6.042675] scsi host5: ahci
[STDERR  ] 2017-12-11T15:35:29.741280264Z: [    6.044415] ata1: SATA max UDMA/133 abar m4096@0xfebd2000 port 0xfebd2100 irq 24
[STDERR  ] 2017-12-11T15:35:29.741302313Z: [    6.044939] ata2: SATA max UDMA/133 abar m4096@0xfebd2000 port 0xfebd2180 irq 24
[STDERR  ] 2017-12-11T15:35:29.74131466Z: [    6.045411] ata3: SATA max UDMA/133 abar m4096@0xfebd2000 port 0xfebd2200 irq 24
[STDERR  ] 2017-12-11T15:35:29.741326478Z: [    6.045872] ata4: SATA max UDMA/133 abar m4096@0xfebd2000 port 0xfebd2280 irq 24
[STDERR  ] 2017-12-11T15:35:29.741338142Z: [    6.046379] ata5: SATA max UDMA/133 abar m4096@0xfebd2000 port 0xfebd2300 irq 24
[STDERR  ] 2017-12-11T15:35:29.741349823Z: [    6.046842] ata6: SATA max UDMA/133 abar m4096@0xfebd2000 port 0xfebd2380 irq 24
[STDERR  ] 2017-12-11T15:35:29.741361849Z: [    6.059889] tun: Universal TUN/TAP device driver, 1.6
[STDERR  ] 2017-12-11T15:35:29.741379163Z: [    6.060579] tun: (C) 1999-2004 Max Krasnyansky <maxk@qualcomm.com>
[STDERR  ] 2017-12-11T15:35:29.741391308Z: [    6.071093] VMware vmxnet3 virtual NIC driver - version 1.4.a.0-k-NAPI
[STDERR  ] 2017-12-11T15:35:29.741403311Z: [    6.071881] hv_vmbus: registering driver hv_netvsc
[STDERR  ] 2017-12-11T15:35:29.741415033Z: [    6.072222] Fusion MPT base driver 3.04.20
[STDERR  ] 2017-12-11T15:35:29.741426923Z: [    6.072493] Copyright (c) 1999-2008 LSI Corporation
[STDERR  ] 2017-12-11T15:35:29.741438723Z: [    6.073020] Fusion MPT SPI Host driver 3.04.20
[STDERR  ] 2017-12-11T15:35:29.741450376Z: [    6.074923] i8042: PNP: PS/2 Controller [PNP0303:KBD,PNP0f13:MOU] at 0x60,0x64 irq 1,12
[STDERR  ] 2017-12-11T15:35:29.741463108Z: [    6.078833] serio: i8042 KBD port at 0x60,0x64 irq 1
[STDERR  ] 2017-12-11T15:35:29.741475199Z: [    6.079403] serio: i8042 AUX port at 0x60,0x64 irq 12
[STDERR  ] 2017-12-11T15:35:29.741487104Z: [    6.082573] hv_vmbus: registering driver hyperv_keyboard
[STDERR  ] 2017-12-11T15:35:29.741498865Z: [    6.084543] mousedev: PS/2 mouse device common for all mice
[STDERR  ] 2017-12-11T15:35:29.74151083Z: [    6.089389] input: AT Translated Set 2 keyboard as /devices/platform/i8042/serio0/input/input1
[STDERR  ] 2017-12-11T15:35:29.741523449Z: [    6.091813] input: PC Speaker as /devices/platform/pcspkr/input/input2
[STDERR  ] 2017-12-11T15:35:29.74153539Z: [    6.095791] rtc_cmos 00:00: RTC can wake from S4
[STDERR  ] 2017-12-11T15:35:29.741547107Z: [    6.098974] rtc_cmos 00:00: rtc core: registered rtc_cmos as rtc0
[STDERR  ] 2017-12-11T15:35:29.741559048Z: [    6.100475] rtc_cmos 00:00: alarms up to one day, y3k, 114 bytes nvram, hpet irqs
[STDERR  ] 2017-12-11T15:35:29.741570851Z: [    6.101151] i2c /dev entries driver
[STDERR  ] 2017-12-11T15:35:29.741582592Z: [    6.102908] device-mapper: ioctl: 4.35.0-ioctl (2016-06-23) initialised: dm-devel@redhat.com
[STDERR  ] 2017-12-11T15:35:29.741598989Z: [    6.107412] usbcore: registered new interface driver usbhid
[STDERR  ] 2017-12-11T15:35:29.741611267Z: [    6.107803] usbhid: USB HID core driver
[STDERR  ] 2017-12-11T15:35:29.74162309Z: [    6.108332] hv_utils: Registering HyperV Utility Driver
[STDERR  ] 2017-12-11T15:35:29.74163495Z: [    6.108681] hv_vmbus: registering driver hv_util
[STDERR  ] 2017-12-11T15:35:29.741652379Z: [    6.108986] hv_vmbus: registering driver hv_balloon
[STDERR  ] 2017-12-11T15:35:29.741664163Z: [    6.109458] oprofile: using NMI interrupt.
[STDERR  ] 2017-12-11T15:35:29.741676056Z: [    6.110716] GACT probability on
[STDERR  ] 2017-12-11T15:35:29.741687903Z: [    6.111133] Mirror/redirect action on
[STDERR  ] 2017-12-11T15:35:29.741699696Z: [    6.111914] Simple TC action Loaded
[STDERR  ] 2017-12-11T15:35:29.741711504Z: [    6.112440] u32 classifier
[STDERR  ] 2017-12-11T15:35:29.741723401Z: [    6.112637]     Performance counters on
[STDERR  ] 2017-12-11T15:35:29.741740421Z: [    6.112891]     input device check on
[STDERR  ] 2017-12-11T15:35:29.741756764Z: [    6.113133]     Actions configured
[STDERR  ] 2017-12-11T15:35:29.741769006Z: [    6.113638] Netfilter messages via NETLINK v0.30.
[STDERR  ] 2017-12-11T15:35:29.741780906Z: [    6.114143] nfnl_acct: registering with nfnetlink.
[STDERR  ] 2017-12-11T15:35:29.741792768Z: [    6.115410] nf_conntrack version 0.5.0 (8192 buckets, 32768 max)
[STDERR  ] 2017-12-11T15:35:29.741804764Z: [    6.118660] ctnetlink v0.93: registering with nfnetlink.
[STDERR  ] 2017-12-11T15:35:29.74181661Z: [    6.121878] nf_tables: (c) 2007-2009 Patrick McHardy <kaber@trash.net>
[STDERR  ] 2017-12-11T15:35:29.741834925Z: [    6.122670] nf_tables_compat: (c) 2012 Pablo Neira Ayuso <pablo@netfilter.org>
[STDERR  ] 2017-12-11T15:35:29.741846724Z: [    6.124925] xt_time: kernel timezone is -0000
[STDERR  ] 2017-12-11T15:35:29.741858252Z: [    6.125425] ip_set: protocol 6
[STDERR  ] 2017-12-11T15:35:29.741870075Z: [    6.126056] IPVS: Registered protocols (TCP, UDP, SCTP, AH, ESP)
[STDERR  ] 2017-12-11T15:35:29.741881885Z: [    6.126603] IPVS: Connection hash table configured (size=4096, memory=64Kbytes)
[STDERR  ] 2017-12-11T15:35:29.741893563Z: [    6.128273] IPVS: Creating netns size=2104 id=0
[STDERR  ] 2017-12-11T15:35:29.741904809Z: [    6.131328] IPVS: ipvs loaded.
[STDERR  ] 2017-12-11T15:35:29.741916742Z: [    6.131657] IPVS: [rr] scheduler registered.
[STDERR  ] 2017-12-11T15:35:29.74192837Z: [    6.131979] IPVS: [wrr] scheduler registered.
[STDERR  ] 2017-12-11T15:35:29.741940202Z: [    6.132269] IPVS: [lc] scheduler registered.
[STDERR  ] 2017-12-11T15:35:29.741951967Z: [    6.132550] IPVS: [wlc] scheduler registered.
[STDERR  ] 2017-12-11T15:35:29.741963062Z: [    6.132837] IPVS: [fo] scheduler registered.
[STDERR  ] 2017-12-11T15:35:29.741974324Z: [    6.133118] IPVS: [ovf] scheduler registered.
[STDERR  ] 2017-12-11T15:35:29.74198562Z: [    6.133505] IPVS: [lblc] scheduler registered.
[STDERR  ] 2017-12-11T15:35:29.741996608Z: [    6.133893] IPVS: [lblcr] scheduler registered.
[STDERR  ] 2017-12-11T15:35:29.742007626Z: [    6.134207] IPVS: [dh] scheduler registered.
[STDERR  ] 2017-12-11T15:35:29.742018785Z: [    6.134492] IPVS: [sh] scheduler registered.
[STDERR  ] 2017-12-11T15:35:29.742030287Z: [    6.134776] IPVS: [sed] scheduler registered.
[STDERR  ] 2017-12-11T15:35:29.742041797Z: [    6.135063] IPVS: [nq] scheduler registered.
[STDERR  ] 2017-12-11T15:35:29.742052874Z: [    6.135697] IPVS: ftp: loaded support on port[0] = 21
[STDERR  ] 2017-12-11T15:35:29.742072329Z: [    6.136545] ipip: IPv4 and MPLS over IPv4 tunneling driver
[STDERR  ] 2017-12-11T15:35:29.742083915Z: [    6.140981] gre: GRE over IPv4 demultiplexor driver
[STDERR  ] 2017-12-11T15:35:29.74209563Z: [    6.143584] ip_tables: (C) 2000-2006 Netfilter Core Team
[STDERR  ] 2017-12-11T15:35:29.74210733Z: [    6.146788] ipt_CLUSTERIP: ClusterIP Version 0.8 loaded successfully
[STDERR  ] 2017-12-11T15:35:29.74211869Z: [    6.147465] arp_tables: arp_tables: (C) 2002 David S. Miller
[STDERR  ] 2017-12-11T15:35:29.742138046Z: [    6.149665] NET: Registered protocol family 10
[STDERR  ] 2017-12-11T15:35:29.74214931Z: [    6.160224] ip6_tables: (C) 2000-2006 Netfilter Core Team
[STDERR  ] 2017-12-11T15:35:29.742165233Z: [    6.177326] NET: Registered protocol family 17
[STDERR  ] 2017-12-11T15:35:29.742177721Z: [    6.178969] Bridge firewalling registered
[STDERR  ] 2017-12-11T15:35:29.742189238Z: [    6.179784] Ebtables v2.0 registered
[STDERR  ] 2017-12-11T15:35:29.742208753Z: [    6.183380] 8021q: 802.1Q VLAN Support v1.8
[STDERR  ] 2017-12-11T15:35:29.742220665Z: [    6.185849] 9pnet: Installing 9P2000 support
[STDERR  ] 2017-12-11T15:35:29.742232121Z: [    6.188355] Key type dns_resolver registered
[STDERR  ] 2017-12-11T15:35:29.742243918Z: [    6.189698] microcode: AMD CPU family 0x6 not supported
[STDERR  ] 2017-12-11T15:35:29.742255165Z: [    6.196293] registered taskstats version 1
[STDERR  ] 2017-12-11T15:35:29.742266802Z: [    6.384506] ata4: SATA link down (SStatus 0 SControl 300)
[STDERR  ] 2017-12-11T15:35:29.742284911Z: [    6.386688] ata3: SATA link up 1.5 Gbps (SStatus 113 SControl 300)
[STDERR  ] 2017-12-11T15:35:29.742296156Z: [    6.390418] ata3.00: ATAPI: QEMU DVD-ROM, 2.5+, max UDMA/100
[STDERR  ] 2017-12-11T15:35:29.742307685Z: [    6.390894] ata3.00: applying bridge limits
[STDERR  ] 2017-12-11T15:35:29.742319414Z: [    6.392064] ata2: SATA link down (SStatus 0 SControl 300)
[STDERR  ] 2017-12-11T15:35:29.742330731Z: [    6.392541] ata1: SATA link down (SStatus 0 SControl 300)
[STDERR  ] 2017-12-11T15:35:29.742342278Z: [    6.392988] ata6: SATA link down (SStatus 0 SControl 300)
[STDERR  ] 2017-12-11T15:35:29.742353785Z: [    6.393425] ata5: SATA link down (SStatus 0 SControl 300)
[STDERR  ] 2017-12-11T15:35:29.742365252Z: [    6.401132] ata3.00: configured for UDMA/100
[STDERR  ] 2017-12-11T15:35:29.742376837Z: [    6.421601] scsi 2:0:0:0: CD-ROM            QEMU     QEMU DVD-ROM     2.5+ PQ: 0 ANSI: 5
[STDERR  ] 2017-12-11T15:35:29.742388474Z: [    6.443337] sr 2:0:0:0: [sr0] scsi3-mmc drive: 4x/4x cd/rw xa/form2 tray
[STDERR  ] 2017-12-11T15:35:29.742407488Z: [    6.443949] cdrom: Uniform CD-ROM driver Revision: 3.20
[STDERR  ] 2017-12-11T15:35:29.742420776Z: [    6.454107] sr 2:0:0:0: Attached scsi generic sg0 type 5
[STDERR  ] 2017-12-11T15:35:29.742432298Z: [    6.458406] Key type big_key registered
[STDERR  ] 2017-12-11T15:35:29.742443871Z: [    6.584194] Key type encrypted registered
[STDERR  ] 2017-12-11T15:35:29.742455464Z: [    6.588252] rtc_cmos 00:00: setting system clock to 2017-12-11 15:34:52 UTC (1513006492)
[STDERR  ] 2017-12-11T15:35:29.742468283Z: [    6.729441] Freeing unused kernel memory: 1380K
[STDERR  ] 2017-12-11T15:35:29.74247989Z: [    6.729848] Write protecting the kernel read-only data: 12288k
[STDERR  ] 2017-12-11T15:35:29.742491771Z: [    6.731523] tsc: Refined TSC clocksource calibration: 2300.041 MHz
[STDERR  ] 2017-12-11T15:35:29.74250978Z: [    6.732062] clocksource: tsc: mask: 0xffffffffffffffff max_cycles: 0x21275bc6978, max_idle_ns: 440795241275 ns
[STDERR  ] 2017-12-11T15:35:29.742521851Z: [    6.737001] Freeing unused kernel memory: 128K
[STDERR  ] 2017-12-11T15:35:29.74253357Z: [    6.861544] Freeing unused kernel memory: 1396K
[STDERR  ] 2017-12-11T15:35:29.742545525Z: [    7.751132] clocksource: Switched to clocksource tsc
[STDERR  ] 2017-12-11T15:35:29.742557599Z: 
[STDERR  ] 2017-12-11T15:35:29.742569769Z: Welcome to LinuxKit
[STDERR  ] 2017-12-11T15:35:29.74258116Z: 
[STDERR  ] 2017-12-11T15:35:29.742593304Z:                         ##         .
[STDERR  ] 2017-12-11T15:35:29.742604892Z:                   ## ## ##        ==
[STDERR  ] 2017-12-11T15:35:29.742615982Z:                ## ## ## ## ##    ===
[STDERR  ] 2017-12-11T15:35:29.742633798Z:            /"""""""""""""""""\___/ ===
[STDERR  ] 2017-12-11T15:35:29.742644999Z:           {                       /  ===-
[STDERR  ] 2017-12-11T15:35:29.742655402Z:            \______ O           __/
[STDERR  ] 2017-12-11T15:35:29.742665605Z:              \    \         __/
[STDERR  ] 2017-12-11T15:35:29.742682411Z:               \____\_______/
[STDERR  ] 2017-12-11T15:35:29.742694518Z: 
[STDERR  ] 2017-12-11T15:35:29.742706385Z: starting kernel config sanity test with /proc/config.gz
[STDERR  ] 2017-12-11T15:35:29.742720761Z: [   22.765035] RPC: Registered named UNIX socket transport module.
[STDERR  ] 2017-12-11T15:35:29.74274052Z: [   22.765851] RPC: Registered udp transport module.
[STDERR  ] 2017-12-11T15:35:29.742753479Z: [   22.766421] RPC: Registered tcp transport module.
[STDERR  ] 2017-12-11T15:35:29.742765762Z: [   22.766957] RPC: Registered tcp NFSv4.1 backchannel transport module.
[STDERR  ] 2017-12-11T15:35:29.742779041Z: [   22.949799] FS-Cache: Netfs 'nfs' registered for caching
[STDERR  ] 2017-12-11T15:35:29.742790454Z: [   23.075584] Installing knfsd (copyright (C) 1996 okir@monad.swb.de).
[STDERR  ] 2017-12-11T15:35:29.742805595Z: [   23.134611] ntfs: driver 2.1.32 [Flags: R/O MODULE].
[STDERR  ] 2017-12-11T15:35:29.742816796Z: kernel config test succeeded!
[STDERR  ] 2017-12-11T15:35:29.742829054Z: [37minfo: reading kernel config from /proc/config.gz ...[m
[STDERR  ] 2017-12-11T15:35:29.742846788Z: 
[STDERR  ] 2017-12-11T15:35:29.742861319Z: Generally Necessary:
[STDERR  ] 2017-12-11T15:35:29.742872607Z: - [37mcgroup hierarchy[m: [32mproperly mounted[m [/sys/fs/cgroup]
[STDERR  ] 2017-12-11T15:35:29.74288583Z: - [37mCONFIG_NAMESPACES[m: [32menabled[m
[STDERR  ] 2017-12-11T15:35:29.742897728Z: - [37mCONFIG_NET_NS[m: [32menabled[m
[STDERR  ] 2017-12-11T15:35:29.742909509Z: - [37mCONFIG_PID_NS[m: [32menabled[m
[STDERR  ] 2017-12-11T15:35:29.742930689Z: - [37mCONFIG_IPC_NS[m: [32menabled[m
[STDERR  ] 2017-12-11T15:35:29.742946644Z: - [37mCONFIG_UTS_NS[m: [32menabled[m
[STDERR  ] 2017-12-11T15:35:29.742957383Z: - [37mCONFIG_CGROUPS[m: [32menabled[m
[STDERR  ] 2017-12-11T15:35:29.742978039Z: - [37mCONFIG_CGROUP_CPUACCT[m: [32menabled[m
[STDERR  ] 2017-12-11T15:35:29.742989343Z: - [37mCONFIG_CGROUP_DEVICE[m: [32menabled[m
[STDERR  ] 2017-12-11T15:35:29.743002836Z: - [37mCONFIG_CGROUP_FREEZER[m: [32menabled[m
[STDERR  ] 2017-12-11T15:35:29.7430149Z: - [37mCONFIG_CGROUP_SCHED[m: [32menabled[m
[STDERR  ] 2017-12-11T15:35:29.743026088Z: - [37mCONFIG_CPUSETS[m: [32menabled[m
[STDERR  ] 2017-12-11T15:35:29.743039715Z: - [37mCONFIG_MEMCG[m: [32menabled[m
[STDERR  ] 2017-12-11T15:35:29.743050707Z: - [37mCONFIG_KEYS[m: [32menabled[m
[STDERR  ] 2017-12-11T15:35:29.743065518Z: - [37mCONFIG_VETH[m: [32menabled[m
[STDERR  ] 2017-12-11T15:35:29.743076479Z: - [37mCONFIG_BRIDGE[m: [32menabled[m
[STDERR  ] 2017-12-11T15:35:29.743089027Z: - [37mCONFIG_BRIDGE_NETFILTER[m: [32menabled[m
[STDERR  ] 2017-12-11T15:35:29.743101878Z: - [37mCONFIG_NF_NAT_IPV4[m: [32menabled[m
[STDERR  ] 2017-12-11T15:35:29.74311367Z: - [37mCONFIG_IP_NF_FILTER[m: [32menabled[m
[STDERR  ] 2017-12-11T15:35:29.743127816Z: - [37mCONFIG_IP_NF_TARGET_MASQUERADE[m: [32menabled[m
[STDERR  ] 2017-12-11T15:35:29.743140424Z: - [37mCONFIG_NETFILTER_XT_MATCH_ADDRTYPE[m: [32menabled[m
[STDERR  ] 2017-12-11T15:35:29.743154273Z: - [37mCONFIG_NETFILTER_XT_MATCH_CONNTRACK[m: [32menabled[m
[STDERR  ] 2017-12-11T15:35:29.743165552Z: - [37mCONFIG_NETFILTER_XT_MATCH_IPVS[m: [32menabled[m
[STDERR  ] 2017-12-11T15:35:29.743180254Z: - [37mCONFIG_IP_NF_NAT[m: [32menabled[m
[STDERR  ] 2017-12-11T15:35:29.743191557Z: - [37mCONFIG_NF_NAT[m: [32menabled[m
[STDERR  ] 2017-12-11T15:35:29.743204967Z: - [37mCONFIG_NF_NAT_NEEDED[m: [32menabled[m
[STDERR  ] 2017-12-11T15:35:29.743221489Z: - [37mCONFIG_POSIX_MQUEUE[m: [32menabled[m
[STDERR  ] 2017-12-11T15:35:29.743236822Z: 
[STDERR  ] 2017-12-11T15:35:29.74325621Z: Optional Features:
[STDERR  ] 2017-12-11T15:35:29.74327011Z: - [37mCONFIG_USER_NS[m: [32menabled[m
[STDERR  ] 2017-12-11T15:35:29.743311151Z: - [37mCONFIG_SECCOMP[m: [32menabled[m
[STDERR  ] 2017-12-11T15:35:29.743325542Z: - [37mCONFIG_CGROUP_PIDS[m: [32menabled[m
[STDERR  ] 2017-12-11T15:35:29.743337816Z: - [37mCONFIG_MEMCG_SWAP[m: [32menabled[m
[STDERR  ] 2017-12-11T15:35:29.743357525Z: - [37mCONFIG_MEMCG_SWAP_ENABLED[m: [32menabled[m
[STDERR  ] 2017-12-11T15:35:29.743380287Z:     [1;30m(cgroup swap accounting is currently enabled)[m
[STDERR  ] 2017-12-11T15:35:29.743392002Z: - [1mCONFIG_LEGACY_VSYSCALL_NONE[m: [1;31menabled[m
[STDERR  ] 2017-12-11T15:35:29.743406005Z:     [1;30m(containers using eglibc <= 2.13 will not work. Switch to[m
[STDERR  ] 2017-12-11T15:35:29.74341801Z:     [1;30m "CONFIG_VSYSCALL_[NATIVE|EMULATE]" or use "vsyscall=[native|emulate]"[m
[STDERR  ] 2017-12-11T15:35:29.743432769Z:     [1;30m on kernel command line. Note that this will disable ASLR for the,[m
[STDERR  ] 2017-12-11T15:35:29.743444736Z:     [1;30m VDSO which may assist in exploiting security vulnerabilities.)[m
[STDERR  ] 2017-12-11T15:35:29.743458743Z: - [37mCONFIG_BLK_CGROUP[m: [32menabled[m
[STDERR  ] 2017-12-11T15:35:29.743471345Z: - [37mCONFIG_BLK_DEV_THROTTLING[m: [32menabled[m
[STDERR  ] 2017-12-11T15:35:29.743485147Z: - [37mCONFIG_IOSCHED_CFQ[m: [32menabled[m
[STDERR  ] 2017-12-11T15:35:29.743502155Z: - [37mCONFIG_CFQ_GROUP_IOSCHED[m: [32menabled[m
[STDERR  ] 2017-12-11T15:35:29.743517015Z: - [37mCONFIG_CGROUP_PERF[m: [32menabled[m
[STDERR  ] 2017-12-11T15:35:29.743535399Z: - [37mCONFIG_CGROUP_HUGETLB[m: [32menabled[m
[STDERR  ] 2017-12-11T15:35:29.743548779Z: - [37mCONFIG_NET_CLS_CGROUP[m: [32menabled[m
[STDERR  ] 2017-12-11T15:35:29.74356972Z: - [37mCONFIG_CGROUP_NET_PRIO[m: [32menabled[m
[STDERR  ] 2017-12-11T15:35:29.743582202Z: - [37mCONFIG_CFS_BANDWIDTH[m: [32menabled[m
[STDERR  ] 2017-12-11T15:35:29.743593956Z: - [37mCONFIG_FAIR_GROUP_SCHED[m: [32menabled[m
[STDERR  ] 2017-12-11T15:35:29.743608003Z: - [37mCONFIG_RT_GROUP_SCHED[m: [32menabled[m
[STDERR  ] 2017-12-11T15:35:29.743619962Z: - [37mCONFIG_IP_VS[m: [32menabled[m
[STDERR  ] 2017-12-11T15:35:29.743633671Z: - [37mCONFIG_IP_VS_NFCT[m: [32menabled[m
[STDERR  ] 2017-12-11T15:35:29.743644954Z: - [37mCONFIG_IP_VS_RR[m: [32menabled[m
[STDERR  ] 2017-12-11T15:35:29.743659209Z: - [37mCONFIG_EXT4_FS[m: [32menabled[m
[STDERR  ] 2017-12-11T15:35:29.743671258Z: - [37mCONFIG_EXT4_FS_POSIX_ACL[m: [32menabled[m
[STDERR  ] 2017-12-11T15:35:29.743685226Z: - [37mCONFIG_EXT4_FS_SECURITY[m: [32menabled[m
[STDERR  ] 2017-12-11T15:35:29.743697289Z: - Network Drivers:
[STDERR  ] 2017-12-11T15:35:29.743710952Z:   - "[34moverlay[m":
[STDERR  ] 2017-12-11T15:35:29.743723849Z:     - [37mCONFIG_VXLAN[m: [32menabled[m
[STDERR  ] 2017-12-11T15:35:29.743736797Z:       Optional (for encrypted networks):
[STDERR  ] 2017-12-11T15:35:29.743749513Z:       - [37mCONFIG_CRYPTO[m: [32menabled[m
[STDERR  ] 2017-12-11T15:35:29.743761692Z:       - [37mCONFIG_CRYPTO_AEAD[m: [32menabled[m
[STDERR  ] 2017-12-11T15:35:29.74378077Z:       - [37mCONFIG_CRYPTO_GCM[m: [32menabled[m
[STDERR  ] 2017-12-11T15:35:29.743794523Z:       - [37mCONFIG_CRYPTO_SEQIV[m: [32menabled[m
[STDERR  ] 2017-12-11T15:35:29.743807265Z:       - [37mCONFIG_CRYPTO_GHASH[m: [32menabled[m
[STDERR  ] 2017-12-11T15:35:29.743820875Z:       - [37mCONFIG_XFRM[m: [32menabled[m
[STDERR  ] 2017-12-11T15:35:29.7438333Z:       - [37mCONFIG_XFRM_USER[m: [32menabled (as module)[m
[STDERR  ] 2017-12-11T15:35:29.743844407Z:       - [37mCONFIG_XFRM_ALGO[m: [32menabled (as module)[m
[STDERR  ] 2017-12-11T15:35:29.743858992Z:       - [37mCONFIG_INET_ESP[m: [32menabled (as module)[m
[STDERR  ] 2017-12-11T15:35:29.743870256Z:       - [37mCONFIG_INET_XFRM_MODE_TRANSPORT[m: [32menabled (as module)[m
[STDERR  ] 2017-12-11T15:35:29.743884465Z:   - "[34mipvlan[m":
[STDERR  ] 2017-12-11T15:35:29.743895863Z:     - [37mCONFIG_IPVLAN[m: [32menabled[m
[STDERR  ] 2017-12-11T15:35:29.743909433Z:   - "[34mmacvlan[m":
[STDERR  ] 2017-12-11T15:35:29.743922281Z:     - [37mCONFIG_MACVLAN[m: [32menabled[m
[STDERR  ] 2017-12-11T15:35:29.743935793Z:     - [37mCONFIG_DUMMY[m: [32menabled (as module)[m
[STDERR  ] 2017-12-11T15:35:29.743953314Z:   - "[34mftp,tftp client in container[m":
[STDERR  ] 2017-12-11T15:35:29.743967272Z:     - [37mCONFIG_NF_NAT_FTP[m: [32menabled[m
[STDERR  ] 2017-12-11T15:35:29.743979729Z:     - [37mCONFIG_NF_CONNTRACK_FTP[m: [32menabled[m
[STDERR  ] 2017-12-11T15:35:29.743993061Z:     - [37mCONFIG_NF_NAT_TFTP[m: [32menabled[m
[STDERR  ] 2017-12-11T15:35:29.744005471Z:     - [37mCONFIG_NF_CONNTRACK_TFTP[m: [32menabled[m
[STDERR  ] 2017-12-11T15:35:29.744018573Z: - Storage Drivers:
[STDERR  ] 2017-12-11T15:35:29.744031059Z:   - "[34maufs[m":
[STDERR  ] 2017-12-11T15:35:29.744042648Z:     - [1mCONFIG_AUFS_FS[m: [1;31mmissing[m
[STDERR  ] 2017-12-11T15:35:29.744057061Z:   - "[34mbtrfs[m":
[STDERR  ] 2017-12-11T15:35:29.744068389Z:     - [37mCONFIG_BTRFS_FS[m: [32menabled (as module)[m
[STDERR  ] 2017-12-11T15:35:29.744082454Z:     - [37mCONFIG_BTRFS_FS_POSIX_ACL[m: [32menabled[m
[STDERR  ] 2017-12-11T15:35:29.744094123Z:   - "[34mdevicemapper[m":
[STDERR  ] 2017-12-11T15:35:29.744106536Z:     - [37mCONFIG_BLK_DEV_DM[m: [32menabled[m
[STDERR  ] 2017-12-11T15:35:29.744124073Z:     - [37mCONFIG_DM_THIN_PROVISIONING[m: [32menabled[m
[STDERR  ] 2017-12-11T15:35:29.744145737Z:   - "[34moverlay[m":
[STDERR  ] 2017-12-11T15:35:29.744157589Z:     - [37mCONFIG_OVERLAY_FS[m: [32menabled[m
[STDERR  ] 2017-12-11T15:35:29.744171737Z:   - "[34mzfs[m":
[STDERR  ] 2017-12-11T15:35:29.744183103Z:     - [1m/dev/zfs[m: [1;31mmissing[m
[STDERR  ] 2017-12-11T15:35:29.744196815Z:     - [1mzfs command[m: [1;31mmissing[m
[STDERR  ] 2017-12-11T15:35:29.744208587Z:     - [1mzpool command[m: [1;31mmissing[m
[STDERR  ] 2017-12-11T15:35:29.744220464Z: 
[STDERR  ] 2017-12-11T15:35:29.744233746Z: Limits:
[STDERR  ] 2017-12-11T15:35:29.744245617Z: [37m- /proc/sys/kernel/keys/root_maxkeys[m: [32m1000000[m
[STDERR  ] 2017-12-11T15:35:29.744259741Z: 
[STDERR  ] 2017-12-11T15:35:29.744271066Z: Kernel config test suite PASSED
[STDERR  ] 2017-12-11T15:35:29.744285186Z: [   43.598043] ACPI: Preparing to enter system sleep state S5
[STDERR  ] 2017-12-11T15:35:29.74429642Z: [   43.602920] reboot: Power down
[STDERR  ] 2017-12-11T15:35:29.744309963Z: + grep -q suite PASSED
[STDERR  ] 2017-12-11T15:35:29.744322277Z: + echo [    0.000000] Linux version 4.9.68-linuxkit (root@b3d6db4b2db6) (gcc version 6.4.0 (Alpine 6.4.0) ) #1 SMP Mon Dec 11 11:59:33 UTC 2017
[STDERR  ] 2017-12-11T15:35:29.744336943Z: [    0.000000] Command line: console=ttyS0
[STDERR  ] 2017-12-11T15:35:29.744349652Z: [    0.000000] x86/fpu: Legacy x87 FPU detected.
[STDERR  ] 2017-12-11T15:35:29.744361711Z: [    0.000000] x86/fpu: Using 'eager' FPU context switches.
[STDERR  ] 2017-12-11T15:35:29.744376Z: [    0.000000] e820: BIOS-provided physical RAM map:
[STDERR  ] 2017-12-11T15:35:29.744388245Z: [    0.000000] BIOS-e820: [mem 0x0000000000000000-0x000000000009fbff] usable
[STDERR  ] 2017-12-11T15:35:29.744401879Z: [    0.000000] BIOS-e820: [mem 0x000000000009fc00-0x000000000009ffff] reserved
[STDERR  ] 2017-12-11T15:35:29.744419833Z: [    0.000000] BIOS-e820: [mem 0x00000000000f0000-0x00000000000fffff] reserved
[STDERR  ] 2017-12-11T15:35:29.744440613Z: [    0.000000] BIOS-e820: [mem 0x0000000000100000-0x000000003ffdefff] usable
[STDERR  ] 2017-12-11T15:35:29.744455403Z: [    0.000000] BIOS-e820: [mem 0x000000003ffdf000-0x000000003fffffff] reserved
[STDERR  ] 2017-12-11T15:35:29.744466817Z: [    0.000000] BIOS-e820: [mem 0x00000000b0000000-0x00000000bfffffff] reserved
[STDERR  ] 2017-12-11T15:35:29.744487333Z: [    0.000000] BIOS-e820: [mem 0x00000000fed1c000-0x00000000fed1ffff] reserved
[STDERR  ] 2017-12-11T15:35:29.744507156Z: [    0.000000] BIOS-e820: [mem 0x00000000fffc0000-0x00000000ffffffff] reserved
[STDERR  ] 2017-12-11T15:35:29.744519872Z: [    0.000000] NX (Execute Disable) protection: active
[STDERR  ] 2017-12-11T15:35:29.74453243Z: [    0.000000] SMBIOS 2.8 present.
[STDERR  ] 2017-12-11T15:35:29.744564206Z: [    0.000000] e820: last_pfn = 0x3ffdf max_arch_pfn = 0x400000000
[STDERR  ] 2017-12-11T15:35:29.744578265Z: [    0.000000] x86/PAT: Configuration [0-7]: WB  WC  UC- UC  WB  WC  UC- WT  
[STDERR  ] 2017-12-11T15:35:29.744599029Z: [    0.000000] found SMP MP-table at [mem 0x000f6aa0-0x000f6aaf] mapped at [ffff9eed400f6aa0]
[STDERR  ] 2017-12-11T15:35:29.744611481Z: [    0.000000] RAMDISK: [mem 0x3e805000-0x3ffcffff]
[STDERR  ] 2017-12-11T15:35:29.744625441Z: [    0.000000] ACPI: Early table checksum verification disabled
[STDERR  ] 2017-12-11T15:35:29.74463711Z: [    0.000000] ACPI: RSDP 0x00000000000F68C0 000014 (v00 BOCHS )
[STDERR  ] 2017-12-11T15:35:29.744651915Z: [    0.000000] ACPI: RSDT 0x000000003FFE2404 000034 (v01 BOCHS  BXPCRSDT 00000001 BXPC 00000001)
[STDERR  ] 2017-12-11T15:35:29.744664828Z: [    0.000000] ACPI: FACP 0x000000003FFE22A4 000074 (v01 BOCHS  BXPCFACP 00000001 BXPC 00000001)
[STDERR  ] 2017-12-11T15:35:29.744679103Z: [    0.000000] ACPI: DSDT 0x000000003FFE0040 002264 (v01 BOCHS  BXPCDSDT 00000001 BXPC 00000001)
[STDERR  ] 2017-12-11T15:35:29.74469186Z: [    0.000000] ACPI: FACS 0x000000003FFE0000 000040
[STDERR  ] 2017-12-11T15:35:29.744714826Z: [    0.000000] ACPI: APIC 0x000000003FFE2318 000078 (v01 BOCHS  BXPCAPIC 00000001 BXPC 00000001)
[STDERR  ] 2017-12-11T15:35:29.744737958Z: [    0.000000] ACPI: HPET 0x000000003FFE2390 000038 (v01 BOCHS  BXPCHPET 00000001 BXPC 00000001)
[STDERR  ] 2017-12-11T15:35:29.74475171Z: [    0.000000] ACPI: MCFG 0x000000003FFE23C8 00003C (v01 BOCHS  BXPCMCFG 00000001 BXPC 00000001)
[STDERR  ] 2017-12-11T15:35:29.744766872Z: [    0.000000] Zone ranges:
[STDERR  ] 2017-12-11T15:35:29.744778658Z: [    0.000000]   DMA      [mem 0x0000000000001000-0x0000000000ffffff]
[STDERR  ] 2017-12-11T15:35:29.744792189Z: [    0.000000]   DMA32    [mem 0x0000000001000000-0x000000003ffdefff]
[STDERR  ] 2017-12-11T15:35:29.744804518Z: [    0.000000]   Normal   empty
[STDERR  ] 2017-12-11T15:35:29.744817535Z: [    0.000000] Movable zone start for each node
[STDERR  ] 2017-12-11T15:35:29.74483077Z: [    0.000000] Early memory node ranges
[STDERR  ] 2017-12-11T15:35:29.744843673Z: [    0.000000]   node   0: [mem 0x0000000000001000-0x000000000009efff]
[STDERR  ] 2017-12-11T15:35:29.744856989Z: [    0.000000]   node   0: [mem 0x0000000000100000-0x000000003ffdefff]
[STDERR  ] 2017-12-11T15:35:29.744868794Z: [    0.000000] Initmem setup node 0 [mem 0x0000000000001000-0x000000003ffdefff]
[STDERR  ] 2017-12-11T15:35:29.744882836Z: [    0.000000] ACPI: PM-Timer IO Port: 0x608
[STDERR  ] 2017-12-11T15:35:29.744894862Z: [    0.000000] ACPI: LAPIC_NMI (acpi_id[0xff] dfl dfl lint[0x1])
[STDERR  ] 2017-12-11T15:35:29.744909546Z: [    0.000000] IOAPIC[0]: apic_id 0, version 32, address 0xfec00000, GSI 0-23
[STDERR  ] 2017-12-11T15:35:29.744921418Z: [    0.000000] ACPI: INT_SRC_OVR (bus 0 bus_irq 0 global_irq 2 dfl dfl)
[STDERR  ] 2017-12-11T15:35:29.744935617Z: [    0.000000] ACPI: INT_SRC_OVR (bus 0 bus_irq 5 global_irq 5 high level)
[STDERR  ] 2017-12-11T15:35:29.744947164Z: [    0.000000] ACPI: INT_SRC_OVR (bus 0 bus_irq 9 global_irq 9 high level)
[STDERR  ] 2017-12-11T15:35:29.744961584Z: [    0.000000] ACPI: INT_SRC_OVR (bus 0 bus_irq 10 global_irq 10 high level)
[STDERR  ] 2017-12-11T15:35:29.744973581Z: [    0.000000] ACPI: INT_SRC_OVR (bus 0 bus_irq 11 global_irq 11 high level)
[STDERR  ] 2017-12-11T15:35:29.7449942Z: [    0.000000] Using ACPI (MADT) for SMP configuration information
[STDERR  ] 2017-12-11T15:35:29.74500615Z: [    0.000000] ACPI: HPET id: 0x8086a201 base: 0xfed00000
[STDERR  ] 2017-12-11T15:35:29.745020562Z: [    0.000000] smpboot: Allowing 1 CPUs, 0 hotplug CPUs
[STDERR  ] 2017-12-11T15:35:29.745031717Z: [    0.000000] e820: [mem 0x40000000-0xafffffff] available for PCI devices
[STDERR  ] 2017-12-11T15:35:29.745045461Z: [    0.000000] Booting paravirtualized kernel on bare hardware
[STDERR  ] 2017-12-11T15:35:29.745057999Z: [    0.000000] clocksource: refined-jiffies: mask: 0xffffffff max_cycles: 0xffffffff, max_idle_ns: 19112604462750000 ns
[STDERR  ] 2017-12-11T15:35:29.745071947Z: [    0.000000] setup_percpu: NR_CPUS:128 nr_cpumask_bits:128 nr_cpu_ids:1 nr_node_ids:1
[STDERR  ] 2017-12-11T15:35:29.745089003Z: [    0.000000] percpu: Embedded 35 pages/cpu @ffff9eed7e600000 s105048 r8192 d30120 u2097152
[STDERR  ] 2017-12-11T15:35:29.745104266Z: [    0.000000] Built 1 zonelists in Zone order, mobility grouping on.  Total pages: 257896
[STDERR  ] 2017-12-11T15:35:29.745116823Z: [    0.000000] Kernel command line: console=ttyS0
[STDERR  ] 2017-12-11T15:35:29.745130503Z: [    0.000000] PID hash table entries: 4096 (order: 3, 32768 bytes)
[STDERR  ] 2017-12-11T15:35:29.745142893Z: [    0.000000] Dentry cache hash table entries: 131072 (order: 8, 1048576 bytes)
[STDERR  ] 2017-12-11T15:35:29.7451559Z: [    0.000000] Inode-cache hash table entries: 65536 (order: 7, 524288 bytes)
[STDERR  ] 2017-12-11T15:35:29.745174728Z: [    0.000000] Memory: 989808K/1048052K available (8048K kernel code, 1367K rwdata, 2700K rodata, 1380K init, 568K bss, 58244K reserved, 0K cma-reserved)
[STDERR  ] 2017-12-11T15:35:29.745190978Z: [    0.000000] Hierarchical RCU implementation.
[STDERR  ] 2017-12-11T15:35:29.745202615Z: [    0.000000] 	Build-time adjustment of leaf fanout to 64.
[STDERR  ] 2017-12-11T15:35:29.74522167Z: [    0.000000] 	RCU restricting CPUs from NR_CPUS=128 to nr_cpu_ids=1.
[STDERR  ] 2017-12-11T15:35:29.745239676Z: [    0.000000] RCU: Adjusting geometry for rcu_fanout_leaf=64, nr_cpu_ids=1
[STDERR  ] 2017-12-11T15:35:29.745253226Z: [    0.000000] NR_IRQS:8448 nr_irqs:256 16
[STDERR  ] 2017-12-11T15:35:29.745265985Z: [    0.000000] Console: colour VGA+ 80x25
[STDERR  ] 2017-12-11T15:35:29.745279444Z: [    0.000000] console [ttyS0] enabled
[STDERR  ] 2017-12-11T15:35:29.745290811Z: [    0.000000] clocksource: hpet: mask: 0xffffffff max_cycles: 0xffffffff, max_idle_ns: 19112604467 ns
[STDERR  ] 2017-12-11T15:35:29.745305631Z: [    0.000000] tsc: Fast TSC calibration using PIT
[STDERR  ] 2017-12-11T15:35:29.745317569Z: [    0.000000] tsc: Detected 2300.119 MHz processor
[STDERR  ] 2017-12-11T15:35:29.745331406Z: [    0.021340] Calibrating delay loop (skipped), value calculated using timer frequency.. 4600.23 BogoMIPS (lpj=23001190)
[STDERR  ] 2017-12-11T15:35:29.745344065Z: [    0.022355] pid_max: default: 32768 minimum: 301
[STDERR  ] 2017-12-11T15:35:29.745357621Z: [    0.023227] ACPI: Core revision 20160831
[STDERR  ] 2017-12-11T15:35:29.74537487Z: [    0.070964] ACPI: 1 ACPI AML tables successfully acquired and loaded
[STDERR  ] 2017-12-11T15:35:29.745389083Z: [    0.074673] Security Framework initialized
[STDERR  ] 2017-12-11T15:35:29.745400642Z: [    0.075050] Yama: becoming mindful.
[STDERR  ] 2017-12-11T15:35:29.745414544Z: [    0.076966] Mount-cache hash table entries: 2048 (order: 2, 16384 bytes)
[STDERR  ] 2017-12-11T15:35:29.745426639Z: [    0.077489] Mountpoint-cache hash table entries: 2048 (order: 2, 16384 bytes)
[STDERR  ] 2017-12-11T15:35:29.745439955Z: [    0.096371] Last level iTLB entries: 4KB 0, 2MB 0, 4MB 0
[STDERR  ] 2017-12-11T15:35:29.745452633Z: [    0.096808] Last level dTLB entries: 4KB 0, 2MB 0, 4MB 0, 1GB 0
[STDERR  ] 2017-12-11T15:35:29.74546565Z: [    0.422044] Freeing SMP alternatives memory: 20K
[STDERR  ] 2017-12-11T15:35:29.745479061Z: [    0.430503] ftrace: allocating 35539 entries in 139 pages
[STDERR  ] 2017-12-11T15:35:29.745491806Z: [    0.610582] smpboot: Max logical packages: 1
[STDERR  ] 2017-12-11T15:35:29.745504822Z: [    0.615823] ..TIMER: vector=0x30 apic1=0 pin1=2 apic2=-1 pin2=-1
[STDERR  ] 2017-12-11T15:35:29.745524903Z: [    0.720000] smpboot: CPU0: AMD QEMU Virtual CPU version 2.5+ (family: 0x6, model: 0x6, stepping: 0x3)
[STDERR  ] 2017-12-11T15:35:29.745537109Z: [    0.720000] Performance Events: PMU not available due to virtualization, using software events only.
[STDERR  ] 2017-12-11T15:35:29.745550635Z: [    0.728062] NMI watchdog: disabled (cpu0): hardware events not enabled
[STDERR  ] 2017-12-11T15:35:29.745563696Z: [    0.728397] NMI watchdog: Shutting down hard lockup detector on all cpus
[STDERR  ] 2017-12-11T15:35:29.745576642Z: [    0.730000] x86: Booted up 1 node, 1 CPUs
[STDERR  ] 2017-12-11T15:35:29.745589792Z: [    0.730000] smpboot: Total of 1 processors activated (4600.23 BogoMIPS)
[STDERR  ] 2017-12-11T15:35:29.745607254Z: [    0.747695] devtmpfs: initialized
[STDERR  ] 2017-12-11T15:35:29.745620102Z: [    0.752364] x86/mm: Memory block size: 128MB
[STDERR  ] 2017-12-11T15:35:29.745633476Z: [    0.815951] clocksource: jiffies: mask: 0xffffffff max_cycles: 0xffffffff, max_idle_ns: 19112604462750000 ns
[STDERR  ] 2017-12-11T15:35:29.745646255Z: [    0.816718] futex hash table entries: 256 (order: 2, 16384 bytes)
[STDERR  ] 2017-12-11T15:35:29.745657772Z: [    0.825452] NET: Registered protocol family 16
[STDERR  ] 2017-12-11T15:35:29.74567249Z: [    0.834730] cpuidle: using governor ladder
[STDERR  ] 2017-12-11T15:35:29.745691224Z: [    0.835123] cpuidle: using governor menu
[STDERR  ] 2017-12-11T15:35:29.745704108Z: [    0.836135] ACPI: bus type PCI registered
[STDERR  ] 2017-12-11T15:35:29.745716046Z: [    0.838833] PCI: MMCONFIG for domain 0000 [bus 00-ff] at [mem 0xb0000000-0xbfffffff] (base 0xb0000000)
[STDERR  ] 2017-12-11T15:35:29.745729754Z: [    0.839526] PCI: MMCONFIG at [mem 0xb0000000-0xbfffffff] reserved in E820
[STDERR  ] 2017-12-11T15:35:29.745747948Z: [    0.840888] PCI: Using configuration type 1 for base access
[STDERR  ] 2017-12-11T15:35:29.745759708Z: [    0.896162] HugeTLB registered 2 MB page size, pre-allocated 0 pages
[STDERR  ] 2017-12-11T15:35:29.745772869Z: [    0.906057] ACPI: Added _OSI(Module Device)
[STDERR  ] 2017-12-11T15:35:29.745785846Z: [    0.906359] ACPI: Added _OSI(Processor Device)
[STDERR  ] 2017-12-11T15:35:29.74579852Z: [    0.906628] ACPI: Added _OSI(3.0 _SCP Extensions)
[STDERR  ] 2017-12-11T15:35:29.745811973Z: [    0.906906] ACPI: Added _OSI(Processor Aggregator Device)
[STDERR  ] 2017-12-11T15:35:29.745825291Z: [    0.983588] ACPI: Interpreter enabled
[STDERR  ] 2017-12-11T15:35:29.745838163Z: [    0.984320] ACPI: (supports S0 S5)
[STDERR  ] 2017-12-11T15:35:29.74584957Z: [    0.984586] ACPI: Using IOAPIC for interrupt routing
[STDERR  ] 2017-12-11T15:35:29.745864441Z: [    0.986275] PCI: Using host bridge windows from ACPI; if necessary, use "pci=nocrs" and report a bug
[STDERR  ] 2017-12-11T15:35:29.745876279Z: [    1.050244] ACPI: PCI Root Bridge [PCI0] (domain 0000 [bus 00-ff])
[STDERR  ] 2017-12-11T15:35:29.74588986Z: [    1.051116] acpi PNP0A08:00: _OSC: OS supports [ExtendedConfig ASPM ClockPM Segments MSI]
[STDERR  ] 2017-12-11T15:35:29.745902616Z: [    1.056755] acpi PNP0A08:00: _OSC: OS now controls [PCIeHotplug PME PCIeCapability]
[STDERR  ] 2017-12-11T15:35:29.745917085Z: [    1.060466] PCI host bridge to bus 0000:00
[STDERR  ] 2017-12-11T15:35:29.745929587Z: [    1.060850] pci_bus 0000:00: root bus resource [io  0x0000-0x0cf7 window]
[STDERR  ] 2017-12-11T15:35:29.745943472Z: [    1.061268] pci_bus 0000:00: root bus resource [io  0x0d00-0xffff window]
[STDERR  ] 2017-12-11T15:35:29.745956215Z: [    1.061652] pci_bus 0000:00: root bus resource [mem 0x000a0000-0x000bffff window]
[STDERR  ] 2017-12-11T15:35:29.745969174Z: [    1.062079] pci_bus 0000:00: root bus resource [mem 0xc0000000-0xfebfffff window]
[STDERR  ] 2017-12-11T15:35:29.745982122Z: [    1.062649] pci_bus 0000:00: root bus resource [bus 00-ff]
[STDERR  ] 2017-12-11T15:35:29.745995211Z: [    1.165182] pci 0000:00:1f.0: quirk: [io  0x0600-0x067f] claimed by ICH6 ACPI/GPIO/TCO
[STDERR  ] 2017-12-11T15:35:29.746009255Z: [    1.225026] ACPI: PCI Interrupt Link [LNKA] (IRQs 5 *10 11)
[STDERR  ] 2017-12-11T15:35:29.746021924Z: [    1.226984] ACPI: PCI Interrupt Link [LNKB] (IRQs 5 *10 11)
[STDERR  ] 2017-12-11T15:35:29.746036634Z: [    1.228681] ACPI: PCI Interrupt Link [LNKC] (IRQs 5 10 *11)
[STDERR  ] 2017-12-11T15:35:29.746049587Z: [    1.230994] ACPI: PCI Interrupt Link [LNKD] (IRQs 5 10 *11)
[STDERR  ] 2017-12-11T15:35:29.746065954Z: [    1.232688] ACPI: PCI Interrupt Link [LNKE] (IRQs 5 *10 11)
[STDERR  ] 2017-12-11T15:35:29.746078603Z: [    1.234427] ACPI: PCI Interrupt Link [LNKF] (IRQs 5 *10 11)
[STDERR  ] 2017-12-11T15:35:29.746091627Z: [    1.236090] ACPI: PCI Interrupt Link [LNKG] (IRQs 5 10 *11)
[STDERR  ] 2017-12-11T15:35:29.746103923Z: [    1.237879] ACPI: PCI Interrupt Link [LNKH] (IRQs 5 10 *11)
[STDERR  ] 2017-12-11T15:35:29.746120104Z: [    1.238664] ACPI: PCI Interrupt Link [GSIA] (IRQs *16)
[STDERR  ] 2017-12-11T15:35:29.746133105Z: [    1.239256] ACPI: PCI Interrupt Link [GSIB] (IRQs *17)
[STDERR  ] 2017-12-11T15:35:29.746147133Z: [    1.239836] ACPI: PCI Interrupt Link [GSIC] (IRQs *18)
[STDERR  ] 2017-12-11T15:35:29.746159003Z: [    1.240362] ACPI: PCI Interrupt Link [GSID] (IRQs *19)
[STDERR  ] 2017-12-11T15:35:29.746177821Z: [    1.240944] ACPI: PCI Interrupt Link [GSIE] (IRQs *20)
[STDERR  ] 2017-12-11T15:35:29.74619094Z: [    1.241515] ACPI: PCI Interrupt Link [GSIF] (IRQs *21)
[STDERR  ] 2017-12-11T15:35:29.746203702Z: [    1.242091] ACPI: PCI Interrupt Link [GSIG] (IRQs *22)
[STDERR  ] 2017-12-11T15:35:29.746216206Z: [    1.242663] ACPI: PCI Interrupt Link [GSIH] (IRQs *23)
[STDERR  ] 2017-12-11T15:35:29.746229328Z: [    1.246179] ACPI: Enabled 2 GPEs in block 00 to 3F
[STDERR  ] 2017-12-11T15:35:29.746248205Z: [    1.250480] SCSI subsystem initialized
[STDERR  ] 2017-12-11T15:35:29.746265435Z: [    1.252246] ACPI: bus type USB registered
[STDERR  ] 2017-12-11T15:35:29.746279963Z: [    1.253265] usbcore: registered new interface driver usbfs
[STDERR  ] 2017-12-11T15:35:29.746291695Z: [    1.254096] usbcore: registered new interface driver hub
[STDERR  ] 2017-12-11T15:35:29.746305238Z: [    1.254811] usbcore: registered new device driver usb
[STDERR  ] 2017-12-11T15:35:29.74631832Z: [    1.255902] pps_core: LinuxPPS API ver. 1 registered
[STDERR  ] 2017-12-11T15:35:29.746331462Z: [    1.256206] pps_core: Software ver. 5.3.6 - Copyright 2005-2007 Rodolfo Giometti <giometti@linux.it>
[STDERR  ] 2017-12-11T15:35:29.746345108Z: [    1.256848] PTP clock support registered
[STDERR  ] 2017-12-11T15:35:29.746359052Z: [    1.257924] wmi: Mapper loaded
[STDERR  ] 2017-12-11T15:35:29.746371694Z: [    1.258958] PCI: Using ACPI for IRQ routing
[STDERR  ] 2017-12-11T15:35:29.746383229Z: [    1.277197] NetLabel: Initializing
[STDERR  ] 2017-12-11T15:35:29.746397713Z: [    1.277432] NetLabel:  domain hash size = 128
[STDERR  ] 2017-12-11T15:35:29.746409111Z: [    1.277694] NetLabel:  protocols = UNLABELED CIPSOv4
[STDERR  ] 2017-12-11T15:35:29.746423537Z: [    1.279459] NetLabel:  unlabeled traffic allowed by default
[STDERR  ] 2017-12-11T15:35:29.746435469Z: [    1.280446] HPET: 3 timers in total, 0 timers will be used for per-cpu timer
[STDERR  ] 2017-12-11T15:35:29.746456598Z: [    1.281126] hpet0: at MMIO 0xfed00000, IRQs 2, 8, 0
[STDERR  ] 2017-12-11T15:35:29.746469181Z: [    1.281563] hpet0: 3 comparators, 64-bit 100.000000 MHz counter
[STDERR  ] 2017-12-11T15:35:29.74648821Z: [    1.287634] clocksource: Switched to clocksource hpet
[STDERR  ] 2017-12-11T15:35:29.746501292Z: [    1.556560] VFS: Disk quotas dquot_6.6.0
[STDERR  ] 2017-12-11T15:35:29.746514875Z: [    1.557189] VFS: Dquot-cache hash table entries: 512 (order 0, 4096 bytes)
[STDERR  ] 2017-12-11T15:35:29.746527988Z: [    1.559715] FS-Cache: Loaded
[STDERR  ] 2017-12-11T15:35:29.746540322Z: [    1.564656] CacheFiles: Loaded
[STDERR  ] 2017-12-11T15:35:29.746553051Z: [    1.566217] pnp: PnP ACPI init
[STDERR  ] 2017-12-11T15:35:29.746566981Z: [    1.577779] pnp: PnP ACPI: found 5 devices
[STDERR  ] 2017-12-11T15:35:29.746578975Z: [    1.634144] clocksource: acpi_pm: mask: 0xffffff max_cycles: 0xffffff, max_idle_ns: 2085701024 ns
[STDERR  ] 2017-12-11T15:35:29.746593988Z: [    1.638779] NET: Registered protocol family 2
[STDERR  ] 2017-12-11T15:35:29.746606205Z: [    1.648209] TCP established hash table entries: 8192 (order: 4, 65536 bytes)
[STDERR  ] 2017-12-11T15:35:29.746620817Z: [    1.648882] TCP bind hash table entries: 8192 (order: 5, 131072 bytes)
[STDERR  ] 2017-12-11T15:35:29.74663235Z: [    1.649503] TCP: Hash tables configured (established 8192 bind 8192)
[STDERR  ] 2017-12-11T15:35:29.746647268Z: [    1.651509] UDP hash table entries: 512 (order: 2, 16384 bytes)
[STDERR  ] 2017-12-11T15:35:29.746659237Z: [    1.652025] UDP-Lite hash table entries: 512 (order: 2, 16384 bytes)
[STDERR  ] 2017-12-11T15:35:29.746678665Z: [    1.654221] NET: Registered protocol family 1
[STDERR  ] 2017-12-11T15:35:29.746690241Z: [    1.655086] pci 0000:00:01.0: Video device with shadowed ROM at [mem 0x000c0000-0x000dffff]
[STDERR  ] 2017-12-11T15:35:29.746705005Z: [    1.663199] Unpacking initramfs...
[STDERR  ] 2017-12-11T15:35:29.746717108Z: [    5.710452] Freeing initrd memory: 24364K
[STDERR  ] 2017-12-11T15:35:29.746737114Z: [    5.737338] PCLMULQDQ-NI instructions are not detected.
[STDERR  ] 2017-12-11T15:35:29.746749507Z: [    5.738515] AVX or AES-NI instructions are not detected.
[STDERR  ] 2017-12-11T15:35:29.746769105Z: [    5.738943] CPU feature 'AVX registers' is not supported.
[STDERR  ] 2017-12-11T15:35:29.746793153Z: [    5.739334] CPU feature 'AVX registers' is not supported.
[STDERR  ] 2017-12-11T15:35:29.746804995Z: [    5.739719] CPU feature 'AVX registers' is not supported.
[STDERR  ] 2017-12-11T15:35:29.746818808Z: [    5.740890] CPU feature 'AVX registers' is not supported.
[STDERR  ] 2017-12-11T15:35:29.746831092Z: [    5.741290] AVX2 or AES-NI instructions are not detected.
[STDERR  ] 2017-12-11T15:35:29.746848801Z: [    5.741672] AVX2 instructions are not detected.
[STDERR  ] 2017-12-11T15:35:29.746861553Z: [    5.746881] audit: initializing netlink subsys (disabled)
[STDERR  ] 2017-12-11T15:35:29.746875562Z: [    5.748404] audit: type=2000 audit(1513006490.740:1): initialized
[STDERR  ] 2017-12-11T15:35:29.746887612Z: [    5.755954] workingset: timestamp_bits=46 max_order=18 bucket_order=0
[STDERR  ] 2017-12-11T15:35:29.746901716Z: [    5.760902] squashfs: version 4.0 (2009/01/31) Phillip Lougher
[STDERR  ] 2017-12-11T15:35:29.746913534Z: [    5.765235] FS-Cache: Netfs 'cifs' registered for caching
[STDERR  ] 2017-12-11T15:35:29.746926933Z: [    5.766167] fuse init (API version 7.26)
[STDERR  ] 2017-12-11T15:35:29.746938503Z: [    5.768266] SGI XFS with ACLs, security attributes, no debug enabled
[STDERR  ] 2017-12-11T15:35:29.746953531Z: [    5.772548] 9p: Installing v9fs 9p2000 file system support
[STDERR  ] 2017-12-11T15:35:29.746965637Z: [    5.773028] FS-Cache: Netfs '9p' registered for caching
[STDERR  ] 2017-12-11T15:35:29.746978465Z: [    5.804938] NET: Registered protocol family 38
[STDERR  ] 2017-12-11T15:35:29.746991717Z: [    5.805479] Key type asymmetric registered
[STDERR  ] 2017-12-11T15:35:29.747004593Z: [    5.805812] Asymmetric key parser 'x509' registered
[STDERR  ] 2017-12-11T15:35:29.747021125Z: [    5.806551] Block layer SCSI generic (bsg) driver version 0.4 loaded (major 251)
[STDERR  ] 2017-12-11T15:35:29.747035805Z: [    5.807747] io scheduler noop registered
[STDERR  ] 2017-12-11T15:35:29.74704796Z: [    5.808062] io scheduler deadline registered (default)
[STDERR  ] 2017-12-11T15:35:29.747061188Z: [    5.808801] io scheduler cfq registered
[STDERR  ] 2017-12-11T15:35:29.747073565Z: [    5.812234] pci_hotplug: PCI Hot Plug PCI Core version: 0.5
[STDERR  ] 2017-12-11T15:35:29.747093551Z: [    5.812803] pciehp: PCI Express Hot Plug Controller Driver version: 0.4
[STDERR  ] 2017-12-11T15:35:29.747105282Z: [    5.813553] shpchp: Standard Hot Plug PCI Controller Driver version: 0.4
[STDERR  ] 2017-12-11T15:35:29.747118509Z: [    5.814326] hv_vmbus: registering driver hyperv_fb
[STDERR  ] 2017-12-11T15:35:29.747131167Z: [    5.817412] input: Power Button as /devices/LNXSYSTM:00/LNXPWRBN:00/input/input0
[STDERR  ] 2017-12-11T15:35:29.747152214Z: [    5.818439] ACPI: Power Button [PWRF]
[STDERR  ] 2017-12-11T15:35:29.747163559Z: [    5.824082] GHES: HEST is not enabled!
[STDERR  ] 2017-12-11T15:35:29.747178534Z: [    5.834887] ACPI: PCI Interrupt Link [GSIG] enabled at IRQ 22
[STDERR  ] 2017-12-11T15:35:29.747190399Z: [    5.847150] ACPI: PCI Interrupt Link [GSIH] enabled at IRQ 23
[STDERR  ] 2017-12-11T15:35:29.747205215Z: [    5.851125] xenfs: not registering filesystem on non-xen platform
[STDERR  ] 2017-12-11T15:35:29.747216836Z: [    5.852970] Serial: 8250/16550 driver, 4 ports, IRQ sharing disabled
[STDERR  ] 2017-12-11T15:35:29.747229677Z: [    5.878760] 00:04: ttyS0 at I/O 0x3f8 (irq = 4, base_baud = 115200) is a 16550A
[STDERR  ] 2017-12-11T15:35:29.747247072Z: [    5.889171] Non-volatile memory driver v1.3
[STDERR  ] 2017-12-11T15:35:29.747261872Z: [    5.895135] Hangcheck: starting hangcheck timer 0.9.1 (tick is 180 seconds, margin is 60 seconds).
[STDERR  ] 2017-12-11T15:35:29.74727359Z: [    5.900062] random: fast init done
[STDERR  ] 2017-12-11T15:35:29.747287229Z: [    5.901390] random: crng init done
[STDERR  ] 2017-12-11T15:35:29.747299734Z: [    5.935177] loop: module loaded
[STDERR  ] 2017-12-11T15:35:29.747312592Z: [    5.949023] nbd: registered device at major 43
[STDERR  ] 2017-12-11T15:35:29.747325111Z: [    5.990875] lpc_ich 0000:00:1f.0: I/O space for GPIO uninitialized
[STDERR  ] 2017-12-11T15:35:29.747337105Z: [    5.992511] VMware PVSCSI driver - version 1.0.7.0-k
[STDERR  ] 2017-12-11T15:35:29.74735881Z: [    5.993195] hv_vmbus: registering driver hv_storvsc
[STDERR  ] 2017-12-11T15:35:29.748709699Z: [    6.003045] ACPI: PCI Interrupt Link [GSIA] enabled at IRQ 16
[STDERR  ] 2017-12-11T15:35:29.748743437Z: [    6.009093] ahci 0000:00:1f.2: AHCI 0001.0000 32 slots 6 ports 1.5 Gbps 0x3f impl SATA mode
[STDERR  ] 2017-12-11T15:35:29.748770943Z: [    6.009757] ahci 0000:00:1f.2: flags: 64bit ncq only 
[STDERR  ] 2017-12-11T15:35:29.748796022Z: [    6.030091] scsi host0: ahci
[STDERR  ] 2017-12-11T15:35:29.748819709Z: [    6.033753] scsi host1: ahci
[STDERR  ] 2017-12-11T15:35:29.748857315Z: [    6.035984] scsi host2: ahci
[STDERR  ] 2017-12-11T15:35:29.748905636Z: [    6.038094] scsi host3: ahci
[STDERR  ] 2017-12-11T15:35:29.748931621Z: [    6.040537] scsi host4: ahci
[STDERR  ] 2017-12-11T15:35:29.748960865Z: [    6.042675] scsi host5: ahci
[STDERR  ] 2017-12-11T15:35:29.748985908Z: [    6.044415] ata1: SATA max UDMA/133 abar m4096@0xfebd2000 port 0xfebd2100 irq 24
[STDERR  ] 2017-12-11T15:35:29.749011402Z: [    6.044939] ata2: SATA max UDMA/133 abar m4096@0xfebd2000 port 0xfebd2180 irq 24
[STDERR  ] 2017-12-11T15:35:29.749046229Z: [    6.045411] ata3: SATA max UDMA/133 abar m4096@0xfebd2000 port 0xfebd2200 irq 24
[STDERR  ] 2017-12-11T15:35:29.749071423Z: [    6.045872] ata4: SATA max UDMA/133 abar m4096@0xfebd2000 port 0xfebd2280 irq 24
[STDERR  ] 2017-12-11T15:35:29.749096621Z: [    6.046379] ata5: SATA max UDMA/133 abar m4096@0xfebd2000 port 0xfebd2300 irq 24
[STDERR  ] 2017-12-11T15:35:29.749122337Z: [    6.046842] ata6: SATA max UDMA/133 abar m4096@0xfebd2000 port 0xfebd2380 irq 24
[STDERR  ] 2017-12-11T15:35:29.749148225Z: [    6.059889] tun: Universal TUN/TAP device driver, 1.6
[STDERR  ] 2017-12-11T15:35:29.749173897Z: [    6.060579] tun: (C) 1999-2004 Max Krasnyansky <maxk@qualcomm.com>
[STDERR  ] 2017-12-11T15:35:29.749198332Z: [    6.071093] VMware vmxnet3 virtual NIC driver - version 1.4.a.0-k-NAPI
[STDERR  ] 2017-12-11T15:35:29.749223894Z: [    6.071881] hv_vmbus: registering driver hv_netvsc
[STDERR  ] 2017-12-11T15:35:29.74924985Z: [    6.072222] Fusion MPT base driver 3.04.20
[STDERR  ] 2017-12-11T15:35:29.749275191Z: [    6.072493] Copyright (c) 1999-2008 LSI Corporation
[STDERR  ] 2017-12-11T15:35:29.749300329Z: [    6.073020] Fusion MPT SPI Host driver 3.04.20
[STDERR  ] 2017-12-11T15:35:29.749326074Z: [    6.074923] i8042: PNP: PS/2 Controller [PNP0303:KBD,PNP0f13:MOU] at 0x60,0x64 irq 1,12
[STDERR  ] 2017-12-11T15:35:29.749353242Z: [    6.078833] serio: i8042 KBD port at 0x60,0x64 irq 1
[STDERR  ] 2017-12-11T15:35:29.749378456Z: [    6.079403] serio: i8042 AUX port at 0x60,0x64 irq 12
[STDERR  ] 2017-12-11T15:35:29.749403605Z: [    6.082573] hv_vmbus: registering driver hyperv_keyboard
[STDERR  ] 2017-12-11T15:35:29.749429131Z: [    6.084543] mousedev: PS/2 mouse device common for all mice
[STDERR  ] 2017-12-11T15:35:29.749454851Z: [    6.089389] input: AT Translated Set 2 keyboard as /devices/platform/i8042/serio0/input/input1
[STDERR  ] 2017-12-11T15:35:29.749480003Z: [    6.091813] input: PC Speaker as /devices/platform/pcspkr/input/input2
[STDERR  ] 2017-12-11T15:35:29.749504428Z: [    6.095791] rtc_cmos 00:00: RTC can wake from S4
[STDERR  ] 2017-12-11T15:35:29.749535247Z: [    6.098974] rtc_cmos 00:00: rtc core: registered rtc_cmos as rtc0
[STDERR  ] 2017-12-11T15:35:29.749561154Z: [    6.100475] rtc_cmos 00:00: alarms up to one day, y3k, 114 bytes nvram, hpet irqs
[STDERR  ] 2017-12-11T15:35:29.749585743Z: [    6.101151] i2c /dev entries driver
[STDERR  ] 2017-12-11T15:35:29.749611282Z: [    6.102908] device-mapper: ioctl: 4.35.0-ioctl (2016-06-23) initialised: dm-devel@redhat.com
[STDERR  ] 2017-12-11T15:35:29.749638173Z: [    6.107412] usbcore: registered new interface driver usbhid
[STDERR  ] 2017-12-11T15:35:29.749663437Z: [    6.107803] usbhid: USB HID core driver
[STDERR  ] 2017-12-11T15:35:29.749688708Z: [    6.108332] hv_utils: Registering HyperV Utility Driver
[STDERR  ] 2017-12-11T15:35:29.749713706Z: [    6.108681] hv_vmbus: registering driver hv_util
[STDERR  ] 2017-12-11T15:35:29.749738861Z: [    6.108986] hv_vmbus: registering driver hv_balloon
[STDERR  ] 2017-12-11T15:35:29.749764733Z: [    6.109458] oprofile: using NMI interrupt.
[STDERR  ] 2017-12-11T15:35:29.749796327Z: [    6.110716] GACT probability on
[STDERR  ] 2017-12-11T15:35:29.749831656Z: [    6.111133] Mirror/redirect action on
[STDERR  ] 2017-12-11T15:35:29.749857528Z: [    6.111914] Simple TC action Loaded
[STDERR  ] 2017-12-11T15:35:29.749882865Z: [    6.112440] u32 classifier
[STDERR  ] 2017-12-11T15:35:29.749908123Z: [    6.112637]     Performance counters on
[STDERR  ] 2017-12-11T15:35:29.749933864Z: [    6.112891]     input device check on
[STDERR  ] 2017-12-11T15:35:29.749958748Z: [    6.113133]     Actions configured
[STDERR  ] 2017-12-11T15:35:29.749984249Z: [    6.113638] Netfilter messages via NETLINK v0.30.
[STDERR  ] 2017-12-11T15:35:29.750016614Z: [    6.114143] nfnl_acct: registering with nfnetlink.
[STDERR  ] 2017-12-11T15:35:29.750040683Z: [    6.115410] nf_conntrack version 0.5.0 (8192 buckets, 32768 max)
[STDERR  ] 2017-12-11T15:35:29.750065002Z: [    6.118660] ctnetlink v0.93: registering with nfnetlink.
[STDERR  ] 2017-12-11T15:35:29.750089071Z: [    6.121878] nf_tables: (c) 2007-2009 Patrick McHardy <kaber@trash.net>
[STDERR  ] 2017-12-11T15:35:29.750114459Z: [    6.122670] nf_tables_compat: (c) 2012 Pablo Neira Ayuso <pablo@netfilter.org>
[STDERR  ] 2017-12-11T15:35:29.750140075Z: [    6.124925] xt_time: kernel timezone is -0000
[STDERR  ] 2017-12-11T15:35:29.75016572Z: [    6.125425] ip_set: protocol 6
[STDERR  ] 2017-12-11T15:35:29.750190902Z: [    6.126056] IPVS: Registered protocols (TCP, UDP, SCTP, AH, ESP)
[STDERR  ] 2017-12-11T15:35:29.750222481Z: [    6.126603] IPVS: Connection hash table configured (size=4096, memory=64Kbytes)
[STDERR  ] 2017-12-11T15:35:29.75024766Z: [    6.128273] IPVS: Creating netns size=2104 id=0
[STDERR  ] 2017-12-11T15:35:29.750273539Z: [    6.131328] IPVS: ipvs loaded.
[STDERR  ] 2017-12-11T15:35:29.750298826Z: [    6.131657] IPVS: [rr] scheduler registered.
[STDERR  ] 2017-12-11T15:35:29.750323167Z: [    6.131979] IPVS: [wrr] scheduler registered.
[STDERR  ] 2017-12-11T15:35:29.750347464Z: [    6.132269] IPVS: [lc] scheduler registered.
[STDERR  ] 2017-12-11T15:35:29.750372998Z: [    6.132550] IPVS: [wlc] scheduler registered.
[STDERR  ] 2017-12-11T15:35:29.750398826Z: [    6.132837] IPVS: [fo] scheduler registered.
[STDERR  ] 2017-12-11T15:35:29.750424285Z: [    6.133118] IPVS: [ovf] scheduler registered.
[STDERR  ] 2017-12-11T15:35:29.750447914Z: [    6.133505] IPVS: [lblc] scheduler registered.
[STDERR  ] 2017-12-11T15:35:29.750472385Z: [    6.133893] IPVS: [lblcr] scheduler registered.
[STDERR  ] 2017-12-11T15:35:29.750497469Z: [    6.134207] IPVS: [dh] scheduler registered.
[STDERR  ] 2017-12-11T15:35:29.75052218Z: [    6.134492] IPVS: [sh] scheduler registered.
[STDERR  ] 2017-12-11T15:35:29.750547415Z: [    6.134776] IPVS: [sed] scheduler registered.
[STDERR  ] 2017-12-11T15:35:29.750573548Z: [    6.135063] IPVS: [nq] scheduler registered.
[STDERR  ] 2017-12-11T15:35:29.750611487Z: [    6.135697] IPVS: ftp: loaded support on port[0] = 21
[STDERR  ] 2017-12-11T15:35:29.750637311Z: [    6.136545] ipip: IPv4 and MPLS over IPv4 tunneling driver
[STDERR  ] 2017-12-11T15:35:29.750667615Z: [    6.140981] gre: GRE over IPv4 demultiplexor driver
[STDERR  ] 2017-12-11T15:35:29.750693364Z: [    6.143584] ip_tables: (C) 2000-2006 Netfilter Core Team
[STDERR  ] 2017-12-11T15:35:29.750718385Z: [    6.146788] ipt_CLUSTERIP: ClusterIP Version 0.8 loaded successfully
[STDERR  ] 2017-12-11T15:35:29.750743156Z: [    6.147465] arp_tables: arp_tables: (C) 2002 David S. Miller
[STDERR  ] 2017-12-11T15:35:29.750768536Z: [    6.149665] NET: Registered protocol family 10
[STDERR  ] 2017-12-11T15:35:29.750793583Z: [    6.160224] ip6_tables: (C) 2000-2006 Netfilter Core Team
[STDERR  ] 2017-12-11T15:35:29.750818844Z: [    6.177326] NET: Registered protocol family 17
[STDERR  ] 2017-12-11T15:35:29.750843211Z: [    6.178969] Bridge firewalling registered
[STDERR  ] 2017-12-11T15:35:29.750875495Z: [    6.179784] Ebtables v2.0 registered
[STDERR  ] 2017-12-11T15:35:29.750900636Z: [    6.183380] 8021q: 802.1Q VLAN Support v1.8
[STDERR  ] 2017-12-11T15:35:29.750925232Z: [    6.185849] 9pnet: Installing 9P2000 support
[STDERR  ] 2017-12-11T15:35:29.750955764Z: [    6.188355] Key type dns_resolver registered
[STDERR  ] 2017-12-11T15:35:29.750980907Z: [    6.189698] microcode: AMD CPU family 0x6 not supported
[STDERR  ] 2017-12-11T15:35:29.751006001Z: [    6.196293] registered taskstats version 1
[STDERR  ] 2017-12-11T15:35:29.751031625Z: [    6.384506] ata4: SATA link down (SStatus 0 SControl 300)
[STDERR  ] 2017-12-11T15:35:29.75105703Z: [    6.386688] ata3: SATA link up 1.5 Gbps (SStatus 113 SControl 300)
[STDERR  ] 2017-12-11T15:35:29.751082365Z: [    6.390418] ata3.00: ATAPI: QEMU DVD-ROM, 2.5+, max UDMA/100
[STDERR  ] 2017-12-11T15:35:29.751107108Z: [    6.390894] ata3.00: applying bridge limits
[STDERR  ] 2017-12-11T15:35:29.75113237Z: [    6.392064] ata2: SATA link down (SStatus 0 SControl 300)
[STDERR  ] 2017-12-11T15:35:29.751156002Z: [    6.392541] ata1: SATA link down (SStatus 0 SControl 300)
[STDERR  ] 2017-12-11T15:35:29.751181355Z: [    6.392988] ata6: SATA link down (SStatus 0 SControl 300)
[STDERR  ] 2017-12-11T15:35:29.751206965Z: [    6.393425] ata5: SATA link down (SStatus 0 SControl 300)
[STDERR  ] 2017-12-11T15:35:29.751230828Z: [    6.401132] ata3.00: configured for UDMA/100
[STDERR  ] 2017-12-11T15:35:29.751256282Z: [    6.421601] scsi 2:0:0:0: CD-ROM            QEMU     QEMU DVD-ROM     2.5+ PQ: 0 ANSI: 5
[STDERR  ] 2017-12-11T15:35:29.751282379Z: [    6.443337] sr 2:0:0:0: [sr0] scsi3-mmc drive: 4x/4x cd/rw xa/form2 tray
[STDERR  ] 2017-12-11T15:35:29.751307453Z: [    6.443949] cdrom: Uniform CD-ROM driver Revision: 3.20
[STDERR  ] 2017-12-11T15:35:29.751332716Z: [    6.454107] sr 2:0:0:0: Attached scsi generic sg0 type 5
[STDERR  ] 2017-12-11T15:35:29.751359019Z: [    6.458406] Key type big_key registered
[STDERR  ] 2017-12-11T15:35:29.751385453Z: [    6.584194] Key type encrypted registered
[STDERR  ] 2017-12-11T15:35:29.75141061Z: [    6.588252] rtc_cmos 00:00: setting system clock to 2017-12-11 15:34:52 UTC (1513006492)
[STDERR  ] 2017-12-11T15:35:29.751435668Z: [    6.729441] Freeing unused kernel memory: 1380K
[STDERR  ] 2017-12-11T15:35:29.751461014Z: [    6.729848] Write protecting the kernel read-only data: 12288k
[STDERR  ] 2017-12-11T15:35:29.751487212Z: [    6.731523] tsc: Refined TSC clocksource calibration: 2300.041 MHz
[STDERR  ] 2017-12-11T15:35:29.75151289Z: [    6.732062] clocksource: tsc: mask: 0xffffffffffffffff max_cycles: 0x21275bc6978, max_idle_ns: 440795241275 ns
[STDERR  ] 2017-12-11T15:35:29.751543847Z: [    6.737001] Freeing unused kernel memory: 128K
[STDERR  ] 2017-12-11T15:35:29.75157Z: [    6.861544] Freeing unused kernel memory: 1396K
[STDERR  ] 2017-12-11T15:35:29.751594604Z: [    7.751132] clocksource: Switched to clocksource tsc
[STDERR  ] 2017-12-11T15:35:29.751624182Z: 
[STDERR  ] 2017-12-11T15:35:29.751648879Z: Welcome to LinuxKit
[STDERR  ] 2017-12-11T15:35:29.751681515Z: 
[STDERR  ] 2017-12-11T15:35:29.751706362Z:                         ##         .
[STDERR  ] 2017-12-11T15:35:29.751735Z:                   ## ## ##        ==
[STDERR  ] 2017-12-11T15:35:29.751760202Z:                ## ## ## ## ##    ===
[STDERR  ] 2017-12-11T15:35:29.751789529Z:            /"""""""""""""""""\___/ ===
[STDERR  ] 2017-12-11T15:35:29.751814974Z:           {                       /  ===-
[STDERR  ] 2017-12-11T15:35:29.751839595Z:            \______ O           __/
[STDERR  ] 2017-12-11T15:35:29.751864918Z:              \    \         __/
[STDERR  ] 2017-12-11T15:35:29.751889557Z:               \____\_______/
[STDERR  ] 2017-12-11T15:35:29.751915865Z: 
[STDERR  ] 2017-12-11T15:35:29.751941597Z: starting kernel config sanity test with /proc/config.gz
[STDERR  ] 2017-12-11T15:35:29.751965743Z: [   22.765035] RPC: Registered named UNIX socket transport module.
[STDERR  ] 2017-12-11T15:35:29.751990657Z: [   22.765851] RPC: Registered udp transport module.
[STDERR  ] 2017-12-11T15:35:29.752014717Z: [   22.766421] RPC: Registered tcp transport module.
[STDERR  ] 2017-12-11T15:35:29.752039235Z: [   22.766957] RPC: Registered tcp NFSv4.1 backchannel transport module.
[STDERR  ] 2017-12-11T15:35:29.752068821Z: [   22.949799] FS-Cache: Netfs 'nfs' registered for caching
[STDERR  ] 2017-12-11T15:35:29.752093989Z: [   23.075584] Installing knfsd (copyright (C) 1996 okir@monad.swb.de).
[STDERR  ] 2017-12-11T15:35:29.752126916Z: [   23.134611] ntfs: driver 2.1.32 [Flags: R/O MODULE].
[STDERR  ] 2017-12-11T15:35:29.752152106Z: kernel config test succeeded!
[STDERR  ] 2017-12-11T15:35:29.752176827Z: [37minfo: reading kernel config from /proc/config.gz ...[m
[STDERR  ] 2017-12-11T15:35:29.75220206Z: 
[STDERR  ] 2017-12-11T15:35:29.752226947Z: Generally Necessary:
[STDERR  ] 2017-12-11T15:35:29.75225107Z: - [37mcgroup hierarchy[m: [32mproperly mounted[m [/sys/fs/cgroup]
[STDERR  ] 2017-12-11T15:35:29.7522773Z: - [37mCONFIG_NAMESPACES[m: [32menabled[m
[STDERR  ] 2017-12-11T15:35:29.752302279Z: - [37mCONFIG_NET_NS[m: [32menabled[m
[STDERR  ] 2017-12-11T15:35:29.752332655Z: - [37mCONFIG_PID_NS[m: [32menabled[m
[STDERR  ] 2017-12-11T15:35:29.752358098Z: - [37mCONFIG_IPC_NS[m: [32menabled[m
[STDERR  ] 2017-12-11T15:35:29.752382346Z: - [37mCONFIG_UTS_NS[m: [32menabled[m
[STDERR  ] 2017-12-11T15:35:29.752415572Z: - [37mCONFIG_CGROUPS[m: [32menabled[m
[STDERR  ] 2017-12-11T15:35:29.752440536Z: - [37mCONFIG_CGROUP_CPUACCT[m: [32menabled[m
[STDERR  ] 2017-12-11T15:35:29.752465638Z: - [37mCONFIG_CGROUP_DEVICE[m: [32menabled[m
[STDERR  ] 2017-12-11T15:35:29.752490792Z: - [37mCONFIG_CGROUP_FREEZER[m: [32menabled[m
[STDERR  ] 2017-12-11T15:35:29.752515388Z: - [37mCONFIG_CGROUP_SCHED[m: [32menabled[m
[STDERR  ] 2017-12-11T15:35:29.752540376Z: - [37mCONFIG_CPUSETS[m: [32menabled[m
[STDERR  ] 2017-12-11T15:35:29.752565854Z: - [37mCONFIG_MEMCG[m: [32menabled[m
[STDERR  ] 2017-12-11T15:35:29.752590598Z: - [37mCONFIG_KEYS[m: [32menabled[m
[STDERR  ] 2017-12-11T15:35:29.752614802Z: - [37mCONFIG_VETH[m: [32menabled[m
[STDERR  ] 2017-12-11T15:35:29.752638766Z: - [37mCONFIG_BRIDGE[m: [32menabled[m
[STDERR  ] 2017-12-11T15:35:29.752664269Z: - [37mCONFIG_BRIDGE_NETFILTER[m: [32menabled[m
[STDERR  ] 2017-12-11T15:35:29.752689471Z: - [37mCONFIG_NF_NAT_IPV4[m: [32menabled[m
[STDERR  ] 2017-12-11T15:35:29.752714208Z: - [37mCONFIG_IP_NF_FILTER[m: [32menabled[m
[STDERR  ] 2017-12-11T15:35:29.752738507Z: - [37mCONFIG_IP_NF_TARGET_MASQUERADE[m: [32menabled[m
[STDERR  ] 2017-12-11T15:35:29.752763313Z: - [37mCONFIG_NETFILTER_XT_MATCH_ADDRTYPE[m: [32menabled[m
[STDERR  ] 2017-12-11T15:35:29.752787298Z: - [37mCONFIG_NETFILTER_XT_MATCH_CONNTRACK[m: [32menabled[m
[STDERR  ] 2017-12-11T15:35:29.752812675Z: - [37mCONFIG_NETFILTER_XT_MATCH_IPVS[m: [32menabled[m
[STDERR  ] 2017-12-11T15:35:29.752838881Z: - [37mCONFIG_IP_NF_NAT[m: [32menabled[m
[STDERR  ] 2017-12-11T15:35:29.752863097Z: - [37mCONFIG_NF_NAT[m: [32menabled[m
[STDERR  ] 2017-12-11T15:35:29.752888013Z: - [37mCONFIG_NF_NAT_NEEDED[m: [32menabled[m
[STDERR  ] 2017-12-11T15:35:29.752913461Z: - [37mCONFIG_POSIX_MQUEUE[m: [32menabled[m
[STDERR  ] 2017-12-11T15:35:29.752944076Z: 
[STDERR  ] 2017-12-11T15:35:29.752968611Z: Optional Features:
[STDERR  ] 2017-12-11T15:35:29.752993639Z: - [37mCONFIG_USER_NS[m: [32menabled[m
[STDERR  ] 2017-12-11T15:35:29.753024969Z: - [37mCONFIG_SECCOMP[m: [32menabled[m
[STDERR  ] 2017-12-11T15:35:29.753048703Z: - [37mCONFIG_CGROUP_PIDS[m: [32menabled[m
[STDERR  ] 2017-12-11T15:35:29.753074632Z: - [37mCONFIG_MEMCG_SWAP[m: [32menabled[m
[STDERR  ] 2017-12-11T15:35:29.753100693Z: - [37mCONFIG_MEMCG_SWAP_ENABLED[m: [32menabled[m
[STDERR  ] 2017-12-11T15:35:29.753125659Z:     [1;30m(cgroup swap accounting is currently enabled)[m
[STDERR  ] 2017-12-11T15:35:29.753150944Z: - [1mCONFIG_LEGACY_VSYSCALL_NONE[m: [1;31menabled[m
[STDERR  ] 2017-12-11T15:35:29.753175385Z:     [1;30m(containers using eglibc <= 2.13 will not work. Switch to[m
[STDERR  ] 2017-12-11T15:35:29.753200186Z:     [1;30m "CONFIG_VSYSCALL_[NATIVE|EMULATE]" or use "vsyscall=[native|emulate]"[m
[STDERR  ] 2017-12-11T15:35:29.753224127Z:     [1;30m on kernel command line. Note that this will disable ASLR for the,[m
[STDERR  ] 2017-12-11T15:35:29.753255683Z:     [1;30m VDSO which may assist in exploiting security vulnerabilities.)[m
[STDERR  ] 2017-12-11T15:35:29.753280397Z: - [37mCONFIG_BLK_CGROUP[m: [32menabled[m
[STDERR  ] 2017-12-11T15:35:29.753305794Z: - [37mCONFIG_BLK_DEV_THROTTLING[m: [32menabled[m
[STDERR  ] 2017-12-11T15:35:29.753330042Z: - [37mCONFIG_IOSCHED_CFQ[m: [32menabled[m
[STDERR  ] 2017-12-11T15:35:29.753363527Z: - [37mCONFIG_CFQ_GROUP_IOSCHED[m: [32menabled[m
[STDERR  ] 2017-12-11T15:35:29.753388295Z: - [37mCONFIG_CGROUP_PERF[m: [32menabled[m
[STDERR  ] 2017-12-11T15:35:29.75341207Z: - [37mCONFIG_CGROUP_HUGETLB[m: [32menabled[m
[STDERR  ] 2017-12-11T15:35:29.753437002Z: - [37mCONFIG_NET_CLS_CGROUP[m: [32menabled[m
[STDERR  ] 2017-12-11T15:35:29.75346183Z: - [37mCONFIG_CGROUP_NET_PRIO[m: [32menabled[m
[STDERR  ] 2017-12-11T15:35:29.753487982Z: - [37mCONFIG_CFS_BANDWIDTH[m: [32menabled[m
[STDERR  ] 2017-12-11T15:35:29.753513345Z: - [37mCONFIG_FAIR_GROUP_SCHED[m: [32menabled[m
[STDERR  ] 2017-12-11T15:35:29.753537502Z: - [37mCONFIG_RT_GROUP_SCHED[m: [32menabled[m
[STDERR  ] 2017-12-11T15:35:29.753562633Z: - [37mCONFIG_IP_VS[m: [32menabled[m
[STDERR  ] 2017-12-11T15:35:29.753586511Z: - [37mCONFIG_IP_VS_NFCT[m: [32menabled[m
[STDERR  ] 2017-12-11T15:35:29.753611357Z: - [37mCONFIG_IP_VS_RR[m: [32menabled[m
[STDERR  ] 2017-12-11T15:35:29.75363628Z: - [37mCONFIG_EXT4_FS[m: [32menabled[m
[STDERR  ] 2017-12-11T15:35:29.753660775Z: - [37mCONFIG_EXT4_FS_POSIX_ACL[m: [32menabled[m
[STDERR  ] 2017-12-11T15:35:29.753685297Z: - [37mCONFIG_EXT4_FS_SECURITY[m: [32menabled[m
[STDERR  ] 2017-12-11T15:35:29.753717424Z: - Network Drivers:
[STDERR  ] 2017-12-11T15:35:29.753742311Z:   - "[34moverlay[m":
[STDERR  ] 2017-12-11T15:35:29.753767172Z:     - [37mCONFIG_VXLAN[m: [32menabled[m
[STDERR  ] 2017-12-11T15:35:29.753794146Z:       Optional (for encrypted networks):
[STDERR  ] 2017-12-11T15:35:29.753819791Z:       - [37mCONFIG_CRYPTO[m: [32menabled[m
[STDERR  ] 2017-12-11T15:35:29.753843514Z:       - [37mCONFIG_CRYPTO_AEAD[m: [32menabled[m
[STDERR  ] 2017-12-11T15:35:29.753868253Z:       - [37mCONFIG_CRYPTO_GCM[m: [32menabled[m
[STDERR  ] 2017-12-11T15:35:29.753892165Z:       - [37mCONFIG_CRYPTO_SEQIV[m: [32menabled[m
[STDERR  ] 2017-12-11T15:35:29.753916821Z:       - [37mCONFIG_CRYPTO_GHASH[m: [32menabled[m
[STDERR  ] 2017-12-11T15:35:29.753942098Z:       - [37mCONFIG_XFRM[m: [32menabled[m
[STDERR  ] 2017-12-11T15:35:29.753973688Z:       - [37mCONFIG_XFRM_USER[m: [32menabled (as module)[m
[STDERR  ] 2017-12-11T15:35:29.75399932Z:       - [37mCONFIG_XFRM_ALGO[m: [32menabled (as module)[m
[STDERR  ] 2017-12-11T15:35:29.754023914Z:       - [37mCONFIG_INET_ESP[m: [32menabled (as module)[m
[STDERR  ] 2017-12-11T15:35:29.754049323Z:       - [37mCONFIG_INET_XFRM_MODE_TRANSPORT[m: [32menabled (as module)[m
[STDERR  ] 2017-12-11T15:35:29.754086471Z:   - "[34mipvlan[m":
[STDERR  ] 2017-12-11T15:35:29.754111824Z:     - [37mCONFIG_IPVLAN[m: [32menabled[m
[STDERR  ] 2017-12-11T15:35:29.754137338Z:   - "[34mmacvlan[m":
[STDERR  ] 2017-12-11T15:35:29.754163337Z:     - [37mCONFIG_MACVLAN[m: [32menabled[m
[STDERR  ] 2017-12-11T15:35:29.754187676Z:     - [37mCONFIG_DUMMY[m: [32menabled (as module)[m
[STDERR  ] 2017-12-11T15:35:29.754212273Z:   - "[34mftp,tftp client in container[m":
[STDERR  ] 2017-12-11T15:35:29.754236624Z:     - [37mCONFIG_NF_NAT_FTP[m: [32menabled[m
[STDERR  ] 2017-12-11T15:35:29.754262156Z:     - [37mCONFIG_NF_CONNTRACK_FTP[m: [32menabled[m
[STDERR  ] 2017-12-11T15:35:29.75428678Z:     - [37mCONFIG_NF_NAT_TFTP[m: [32menabled[m
[STDERR  ] 2017-12-11T15:35:29.754311062Z:     - [37mCONFIG_NF_CONNTRACK_TFTP[m: [32menabled[m
[STDERR  ] 2017-12-11T15:35:29.754347668Z: - Storage Drivers:
[STDERR  ] 2017-12-11T15:35:29.754372523Z:   - "[34maufs[m":
[STDERR  ] 2017-12-11T15:35:29.754397343Z:     - [1mCONFIG_AUFS_FS[m: [1;31mmissing[m
[STDERR  ] 2017-12-11T15:35:29.754428934Z:   - "[34mbtrfs[m":
[STDERR  ] 2017-12-11T15:35:29.754453341Z:     - [37mCONFIG_BTRFS_FS[m: [32menabled (as module)[m
[STDERR  ] 2017-12-11T15:35:29.754478243Z:     - [37mCONFIG_BTRFS_FS_POSIX_ACL[m: [32menabled[m
[STDERR  ] 2017-12-11T15:35:29.754503757Z:   - "[34mdevicemapper[m":
[STDERR  ] 2017-12-11T15:35:29.754528401Z:     - [37mCONFIG_BLK_DEV_DM[m: [32menabled[m
[STDERR  ] 2017-12-11T15:35:29.75455261Z:     - [37mCONFIG_DM_THIN_PROVISIONING[m: [32menabled[m
[STDERR  ] 2017-12-11T15:35:29.754576697Z:   - "[34moverlay[m":
[STDERR  ] 2017-12-11T15:35:29.754601046Z:     - [37mCONFIG_OVERLAY_FS[m: [32menabled[m
[STDERR  ] 2017-12-11T15:35:29.75462653Z:   - "[34mzfs[m":
[STDERR  ] 2017-12-11T15:35:29.754658789Z:     - [1m/dev/zfs[m: [1;31mmissing[m
[STDERR  ] 2017-12-11T15:35:29.754684137Z:     - [1mzfs command[m: [1;31mmissing[m
[STDERR  ] 2017-12-11T15:35:29.754709322Z:     - [1mzpool command[m: [1;31mmissing[m
[STDERR  ] 2017-12-11T15:35:29.754733711Z: 
[STDERR  ] 2017-12-11T15:35:29.754758623Z: Limits:
[STDERR  ] 2017-12-11T15:35:29.754784341Z: [37m- /proc/sys/kernel/keys/root_maxkeys[m: [32m1000000[m
[STDERR  ] 2017-12-11T15:35:29.754809091Z: 
[STDERR  ] 2017-12-11T15:35:29.754833132Z: Kernel config test suite PASSED
[STDERR  ] 2017-12-11T15:35:29.754865008Z: [   43.598043] ACPI: Preparing to enter system sleep state S5
[STDERR  ] 2017-12-11T15:35:29.754895954Z: [   43.602920] reboot: Power down
[STDERR  ] 2017-12-11T15:35:29.754920592Z: + exit 0
[STDERR  ] 2017-12-11T15:35:29.754943228Z: + clean_up
[STDERR  ] 2017-12-11T15:35:29.754964932Z: + rm -rf kconfig-cmdline kconfig-initrd.img kconfig-kernel kconfig-state
[PASS    ] linuxkit.kernel.config_4.9.x 63.94s
