[INFO    ] 2017-07-19T14:06:44.647473753Z: Running Test linuxkit.kernel.config_4.4.x in /tmp/build/test/cases/020_kernel/000_config_4.4.x
[INFO    ] 2017-07-19T14:06:44.64756632Z: Running command: [/bin/sh -x /tmp/build/test/cases/020_kernel/000_config_4.4.x/test.sh]
[STDERR  ] 2017-07-19T14:06:44.65118802Z: + set -e
[STDERR  ] 2017-07-19T14:06:44.651275Z: + . /tmp/build/test/cases/_lib/lib.sh
[STDERR  ] 2017-07-19T14:06:44.65129194Z: + [ -f src/github.com/linuxkit/rtf/lib/lib.sh ]
[STDERR  ] 2017-07-19T14:06:44.65130422Z: + LINUXKIT_TMPDIR=/tmp/build/test/cases/_tmp
[STDERR  ] 2017-07-19T14:06:44.651312915Z: + [ -f /tmp/build/test/cases/_tmp/env.sh ]
[STDERR  ] 2017-07-19T14:06:44.65132176Z: + . /tmp/build/test/cases/_tmp/env.sh
[STDERR  ] 2017-07-19T14:06:44.651338283Z: + export LINUXKIT_EXAMPLES_DIR=/tmp/build/test/cases/../../examples
[STDERR  ] 2017-07-19T14:06:44.651350065Z: + export LINUXKIT_BLUEPRINTS_DIR=/tmp/build/test/cases/../../blueprints
[STDERR  ] 2017-07-19T14:06:44.651364111Z: + RT_CANCEL=253
[STDERR  ] 2017-07-19T14:06:44.651380891Z: + trap clean_up EXIT
[STDERR  ] 2017-07-19T14:06:44.651394934Z: + moby build -output kernel+initrd test-kernel-config.yml
[STDERR  ] 2017-07-19T14:06:44.676738275Z: Extract kernel image: linuxkit/kernel:4.4.77
[STDERR  ] 2017-07-19T14:06:47.100092727Z: Pull image: docker.io/linuxkit/kernel:4.4.77@sha256:b8a118a6c4ce5e681f5538a05774a48b222e5228a469f73960e4cb106f6c0222
[STDERR  ] 2017-07-19T14:06:52.153255179Z: Add init containers:
[STDERR  ] 2017-07-19T14:06:52.153322571Z: Process init image: linuxkit/init:d049e7b2074da5cd699a27defb47eb101142455d
[STDERR  ] 2017-07-19T14:06:53.344541995Z: Process init image: linuxkit/runc:d5cbeb95bdafedb82ad2cf11cff1a5da7fcae630
[STDERR  ] 2017-07-19T14:06:54.613680273Z: Add onboot containers:
[STDERR  ] 2017-07-19T14:06:54.613750265Z:   Create OCI config for linuxkit/test-kernel-config:7e8bcae3e661f5b48c00cf2f15bbef19b35fac76
[STDERR  ] 2017-07-19T14:06:56.571767849Z:   Create OCI config for linuxkit/poweroff:bce51402e293da0b653923a43c3c7be6e0effa05
[STDERR  ] 2017-07-19T14:06:57.852381323Z: Create outputs:
[STDERR  ] 2017-07-19T14:07:00.290199546Z:   test-kernel-config-kernel test-kernel-config-initrd.img test-kernel-config-cmdline
[STDERR  ] 2017-07-19T14:07:00.321939056Z: + linuxkit run test-kernel-config
[STDERR  ] 2017-07-19T14:07:00.340009343Z: Unable to find qemu-system-x86_64 within the $PATH. Using a container
[STDERR  ] 2017-07-19T14:07:39.958822689Z: + RESULT=[    0.000000] Initializing cgroup subsys cpuset
[STDERR  ] 2017-07-19T14:07:39.958894142Z: [    0.000000] Initializing cgroup subsys cpu
[STDERR  ] 2017-07-19T14:07:39.958909232Z: [    0.000000] Initializing cgroup subsys cpuacct
[STDERR  ] 2017-07-19T14:07:39.958920886Z: [    0.000000] Linux version 4.4.77-linuxkit (root@e1ede117fb1e) (gcc version 6.3.0 (Alpine 6.3.0) ) #1 SMP Tue Jul 18 09:22:21 UTC 2017
[STDERR  ] 2017-07-19T14:07:39.958934959Z: [    0.000000] Command line: console=ttyS0
[STDERR  ] 2017-07-19T14:07:39.958945619Z: [    0.000000] x86/fpu: Legacy x87 FPU detected.
[STDERR  ] 2017-07-19T14:07:39.958957095Z: [    0.000000] x86/fpu: Using 'lazy' FPU context switches.
[STDERR  ] 2017-07-19T14:07:39.958967519Z: [    0.000000] e820: BIOS-provided physical RAM map:
[STDERR  ] 2017-07-19T14:07:39.958978698Z: [    0.000000] BIOS-e820: [mem 0x0000000000000000-0x000000000009fbff] usable
[STDERR  ] 2017-07-19T14:07:39.958991135Z: [    0.000000] BIOS-e820: [mem 0x000000000009fc00-0x000000000009ffff] reserved
[STDERR  ] 2017-07-19T14:07:39.95900169Z: [    0.000000] BIOS-e820: [mem 0x00000000000f0000-0x00000000000fffff] reserved
[STDERR  ] 2017-07-19T14:07:39.95901237Z: [    0.000000] BIOS-e820: [mem 0x0000000000100000-0x000000003ffdefff] usable
[STDERR  ] 2017-07-19T14:07:39.959025082Z: [    0.000000] BIOS-e820: [mem 0x000000003ffdf000-0x000000003fffffff] reserved
[STDERR  ] 2017-07-19T14:07:39.959036392Z: [    0.000000] BIOS-e820: [mem 0x00000000b0000000-0x00000000bfffffff] reserved
[STDERR  ] 2017-07-19T14:07:39.959045806Z: [    0.000000] BIOS-e820: [mem 0x00000000fed1c000-0x00000000fed1ffff] reserved
[STDERR  ] 2017-07-19T14:07:39.959066736Z: [    0.000000] BIOS-e820: [mem 0x00000000fffc0000-0x00000000ffffffff] reserved
[STDERR  ] 2017-07-19T14:07:39.959075708Z: [    0.000000] NX (Execute Disable) protection: active
[STDERR  ] 2017-07-19T14:07:39.959086082Z: [    0.000000] SMBIOS 2.8 present.
[STDERR  ] 2017-07-19T14:07:39.959105272Z: [    0.000000] e820: last_pfn = 0x3ffdf max_arch_pfn = 0x400000000
[STDERR  ] 2017-07-19T14:07:39.959116553Z: [    0.000000] x86/PAT: Configuration [0-7]: WB  WC  UC- UC  WB  WC  UC- WT  
[STDERR  ] 2017-07-19T14:07:39.959125716Z: [    0.000000] found SMP MP-table at [mem 0x000f6aa0-0x000f6aaf] mapped at [ffff8800000f6aa0]
[STDERR  ] 2017-07-19T14:07:39.959135492Z: [    0.000000] RAMDISK: [mem 0x3f113000-0x3ffcffff]
[STDERR  ] 2017-07-19T14:07:39.959149186Z: [    0.000000] ACPI: Early table checksum verification disabled
[STDERR  ] 2017-07-19T14:07:39.959159723Z: [    0.000000] ACPI: RSDP 0x00000000000F68C0 000014 (v00 BOCHS )
[STDERR  ] 2017-07-19T14:07:39.959169409Z: [    0.000000] ACPI: RSDT 0x000000003FFE2404 000034 (v01 BOCHS  BXPCRSDT 00000001 BXPC 00000001)
[STDERR  ] 2017-07-19T14:07:39.959179252Z: [    0.000000] ACPI: FACP 0x000000003FFE22A4 000074 (v01 BOCHS  BXPCFACP 00000001 BXPC 00000001)
[STDERR  ] 2017-07-19T14:07:39.959188835Z: [    0.000000] ACPI: DSDT 0x000000003FFE0040 002264 (v01 BOCHS  BXPCDSDT 00000001 BXPC 00000001)
[STDERR  ] 2017-07-19T14:07:39.959199515Z: [    0.000000] ACPI: FACS 0x000000003FFE0000 000040
[STDERR  ] 2017-07-19T14:07:39.959218788Z: [    0.000000] ACPI: APIC 0x000000003FFE2318 000078 (v01 BOCHS  BXPCAPIC 00000001 BXPC 00000001)
[STDERR  ] 2017-07-19T14:07:39.959228585Z: [    0.000000] ACPI: HPET 0x000000003FFE2390 000038 (v01 BOCHS  BXPCHPET 00000001 BXPC 00000001)
[STDERR  ] 2017-07-19T14:07:39.959252927Z: [    0.000000] ACPI: MCFG 0x000000003FFE23C8 00003C (v01 BOCHS  BXPCMCFG 00000001 BXPC 00000001)
[STDERR  ] 2017-07-19T14:07:39.959262707Z: [    0.000000] Zone ranges:
[STDERR  ] 2017-07-19T14:07:39.959271704Z: [    0.000000]   DMA      [mem 0x0000000000001000-0x0000000000ffffff]
[STDERR  ] 2017-07-19T14:07:39.959280471Z: [    0.000000]   DMA32    [mem 0x0000000001000000-0x000000003ffdefff]
[STDERR  ] 2017-07-19T14:07:39.959288948Z: [    0.000000]   Normal   empty
[STDERR  ] 2017-07-19T14:07:39.959297597Z: [    0.000000] Movable zone start for each node
[STDERR  ] 2017-07-19T14:07:39.959307631Z: [    0.000000] Early memory node ranges
[STDERR  ] 2017-07-19T14:07:39.959319441Z: [    0.000000]   node   0: [mem 0x0000000000001000-0x000000000009efff]
[STDERR  ] 2017-07-19T14:07:39.959333135Z: [    0.000000]   node   0: [mem 0x0000000000100000-0x000000003ffdefff]
[STDERR  ] 2017-07-19T14:07:39.959347622Z: [    0.000000] Initmem setup node 0 [mem 0x0000000000001000-0x000000003ffdefff]
[STDERR  ] 2017-07-19T14:07:39.959356729Z: [    0.000000] ACPI: PM-Timer IO Port: 0x608
[STDERR  ] 2017-07-19T14:07:39.959367784Z: [    0.000000] ACPI: LAPIC_NMI (acpi_id[0xff] dfl dfl lint[0x1])
[STDERR  ] 2017-07-19T14:07:39.959380221Z: [    0.000000] IOAPIC[0]: apic_id 0, version 32, address 0xfec00000, GSI 0-23
[STDERR  ] 2017-07-19T14:07:39.959389502Z: [    0.000000] ACPI: INT_SRC_OVR (bus 0 bus_irq 0 global_irq 2 dfl dfl)
[STDERR  ] 2017-07-19T14:07:39.959398785Z: [    0.000000] ACPI: INT_SRC_OVR (bus 0 bus_irq 5 global_irq 5 high level)
[STDERR  ] 2017-07-19T14:07:39.959407084Z: [    0.000000] ACPI: INT_SRC_OVR (bus 0 bus_irq 9 global_irq 9 high level)
[STDERR  ] 2017-07-19T14:07:39.959415804Z: [    0.000000] ACPI: INT_SRC_OVR (bus 0 bus_irq 10 global_irq 10 high level)
[STDERR  ] 2017-07-19T14:07:39.959425102Z: [    0.000000] ACPI: INT_SRC_OVR (bus 0 bus_irq 11 global_irq 11 high level)
[STDERR  ] 2017-07-19T14:07:39.959434201Z: [    0.000000] Using ACPI (MADT) for SMP configuration information
[STDERR  ] 2017-07-19T14:07:39.959442871Z: [    0.000000] ACPI: HPET id: 0x8086a201 base: 0xfed00000
[STDERR  ] 2017-07-19T14:07:39.959452077Z: [    0.000000] smpboot: Allowing 1 CPUs, 0 hotplug CPUs
[STDERR  ] 2017-07-19T14:07:39.959461112Z: [    0.000000] e820: [mem 0x40000000-0xafffffff] available for PCI devices
[STDERR  ] 2017-07-19T14:07:39.959478995Z: [    0.000000] Booting paravirtualized kernel on bare hardware
[STDERR  ] 2017-07-19T14:07:39.959488411Z: [    0.000000] clocksource: refined-jiffies: mask: 0xffffffff max_cycles: 0xffffffff, max_idle_ns: 19112604462750000 ns
[STDERR  ] 2017-07-19T14:07:39.959499185Z: [    0.000000] setup_percpu: NR_CPUS:128 nr_cpumask_bits:128 nr_cpu_ids:1 nr_node_ids:1
[STDERR  ] 2017-07-19T14:07:39.959507554Z: [    0.000000] PERCPU: Embedded 33 pages/cpu @ffff88003ee00000 s95832 r8192 d31144 u2097152
[STDERR  ] 2017-07-19T14:07:39.959515999Z: [    0.000000] Built 1 zonelists in Zone order, mobility grouping on.  Total pages: 257896
[STDERR  ] 2017-07-19T14:07:39.959524999Z: [    0.000000] Kernel command line: console=ttyS0
[STDERR  ] 2017-07-19T14:07:39.959533477Z: [    0.000000] PID hash table entries: 4096 (order: 3, 32768 bytes)
[STDERR  ] 2017-07-19T14:07:39.959542011Z: [    0.000000] Dentry cache hash table entries: 131072 (order: 8, 1048576 bytes)
[STDERR  ] 2017-07-19T14:07:39.959550652Z: [    0.000000] Inode-cache hash table entries: 65536 (order: 7, 524288 bytes)
[STDERR  ] 2017-07-19T14:07:39.959560215Z: [    0.000000] Memory: 998988K/1048052K available (7596K kernel code, 1261K rwdata, 2696K rodata, 1296K init, 688K bss, 49064K reserved, 0K cma-reserved)
[STDERR  ] 2017-07-19T14:07:39.959571935Z: [    0.000000] Hierarchical RCU implementation.
[STDERR  ] 2017-07-19T14:07:39.959583421Z: [    0.000000] 	Build-time adjustment of leaf fanout to 64.
[STDERR  ] 2017-07-19T14:07:39.959592362Z: [    0.000000] 	RCU restricting CPUs from NR_CPUS=128 to nr_cpu_ids=1.
[STDERR  ] 2017-07-19T14:07:39.959600822Z: [    0.000000] RCU: Adjusting geometry for rcu_fanout_leaf=64, nr_cpu_ids=1
[STDERR  ] 2017-07-19T14:07:39.959617957Z: [    0.000000] NR_IRQS:8448 nr_irqs:256 16
[STDERR  ] 2017-07-19T14:07:39.959626502Z: [    0.000000] Console: colour VGA+ 80x25
[STDERR  ] 2017-07-19T14:07:39.959635312Z: [    0.000000] console [ttyS0] enabled
[STDERR  ] 2017-07-19T14:07:39.959646619Z: [    0.000000] clocksource: hpet: mask: 0xffffffff max_cycles: 0xffffffff, max_idle_ns: 19112604467 ns
[STDERR  ] 2017-07-19T14:07:39.959656035Z: [    0.000000] tsc: Fast TSC calibration using PIT
[STDERR  ] 2017-07-19T14:07:39.959665051Z: [    0.000000] tsc: Detected 2600.020 MHz processor
[STDERR  ] 2017-07-19T14:07:39.959673698Z: [    0.033404] Calibrating delay loop (skipped), value calculated using timer frequency.. 5200.04 BogoMIPS (lpj=26000200)
[STDERR  ] 2017-07-19T14:07:39.959683417Z: [    0.035119] pid_max: default: 32768 minimum: 301
[STDERR  ] 2017-07-19T14:07:39.959692102Z: [    0.036122] ACPI: Core revision 20150930
[STDERR  ] 2017-07-19T14:07:39.959700887Z: [    0.076987] ACPI: 1 ACPI AML tables successfully acquired and loaded
[STDERR  ] 2017-07-19T14:07:39.959709637Z: [    0.079246] Security Framework initialized
[STDERR  ] 2017-07-19T14:07:39.959718526Z: [    0.079704] Yama: becoming mindful.
[STDERR  ] 2017-07-19T14:07:39.959727573Z: [    0.082839] Mount-cache hash table entries: 2048 (order: 2, 16384 bytes)
[STDERR  ] 2017-07-19T14:07:39.959736033Z: [    0.083517] Mountpoint-cache hash table entries: 2048 (order: 2, 16384 bytes)
[STDERR  ] 2017-07-19T14:07:39.959749486Z: [    0.101666] Initializing cgroup subsys io
[STDERR  ] 2017-07-19T14:07:39.959758693Z: [    0.102547] Initializing cgroup subsys memory
[STDERR  ] 2017-07-19T14:07:39.959767087Z: [    0.103559] Initializing cgroup subsys devices
[STDERR  ] 2017-07-19T14:07:39.959776181Z: [    0.104105] Initializing cgroup subsys freezer
[STDERR  ] 2017-07-19T14:07:39.959788847Z: [    0.104674] Initializing cgroup subsys net_cls
[STDERR  ] 2017-07-19T14:07:39.959797698Z: [    0.105181] Initializing cgroup subsys perf_event
[STDERR  ] 2017-07-19T14:07:39.9598234Z: [    0.105731] Initializing cgroup subsys net_prio
[STDERR  ] 2017-07-19T14:07:39.959832766Z: [    0.106285] Initializing cgroup subsys hugetlb
[STDERR  ] 2017-07-19T14:07:39.959840737Z: [    0.106762] Initializing cgroup subsys pids
[STDERR  ] 2017-07-19T14:07:39.959860534Z: [    0.109270] Last level iTLB entries: 4KB 0, 2MB 0, 4MB 0
[STDERR  ] 2017-07-19T14:07:39.959869041Z: [    0.109710] Last level dTLB entries: 4KB 0, 2MB 0, 4MB 0, 1GB 0
[STDERR  ] 2017-07-19T14:07:39.959877357Z: [    0.366775] Freeing SMP alternatives memory: 20K (ffffffff8fe81000 - ffffffff8fe86000)
[STDERR  ] 2017-07-19T14:07:39.95988577Z: [    0.376467] ftrace: allocating 33335 entries in 131 pages
[STDERR  ] 2017-07-19T14:07:39.95989914Z: [    0.527358] ..TIMER: vector=0x30 apic1=0 pin1=2 apic2=-1 pin2=-1
[STDERR  ] 2017-07-19T14:07:39.959907534Z: [    0.630000] smpboot: CPU0: AMD QEMU Virtual CPU version 2.5+ (family: 0x6, model: 0x6, stepping: 0x3)
[STDERR  ] 2017-07-19T14:07:39.959917016Z: [    0.630000] Performance Events: Broken PMU hardware detected, using software events only.
[STDERR  ] 2017-07-19T14:07:39.959926064Z: [    0.630000] Failed to access perfctr msr (MSR c0010007 is 0)
[STDERR  ] 2017-07-19T14:07:39.959935187Z: [    0.636311] x86: Booted up 1 node, 1 CPUs
[STDERR  ] 2017-07-19T14:07:39.959943231Z: [    0.636751] smpboot: Total of 1 processors activated (5200.04 BogoMIPS)
[STDERR  ] 2017-07-19T14:07:39.959951844Z: [    0.643226] NMI watchdog: disabled (cpu0): hardware events not enabled
[STDERR  ] 2017-07-19T14:07:39.959963354Z: [    0.643729] NMI watchdog: Shutting down hard lockup detector on all cpus
[STDERR  ] 2017-07-19T14:07:39.95997787Z: [    0.653742] devtmpfs: initialized
[STDERR  ] 2017-07-19T14:07:39.959986153Z: [    0.723546] clocksource: jiffies: mask: 0xffffffff max_cycles: 0xffffffff, max_idle_ns: 19112604462750000 ns
[STDERR  ] 2017-07-19T14:07:39.959995041Z: [    0.724677] futex hash table entries: 256 (order: 2, 16384 bytes)
[STDERR  ] 2017-07-19T14:07:39.96001026Z: [    0.738972] NET: Registered protocol family 16
[STDERR  ] 2017-07-19T14:07:39.96001969Z: [    0.747832] cpuidle: using governor ladder
[STDERR  ] 2017-07-19T14:07:39.960028443Z: [    0.748226] cpuidle: using governor menu
[STDERR  ] 2017-07-19T14:07:39.960036688Z: [    0.750135] ACPI: bus type PCI registered
[STDERR  ] 2017-07-19T14:07:39.96004744Z: [    0.753374] PCI: MMCONFIG for domain 0000 [bus 00-ff] at [mem 0xb0000000-0xbfffffff] (base 0xb0000000)
[STDERR  ] 2017-07-19T14:07:39.96006325Z: [    0.754327] PCI: MMCONFIG at [mem 0xb0000000-0xbfffffff] reserved in E820
[STDERR  ] 2017-07-19T14:07:39.960071801Z: [    0.755712] PCI: Using configuration type 1 for base access
[STDERR  ] 2017-07-19T14:07:39.960080733Z: [    0.816210] ACPI: Added _OSI(Module Device)
[STDERR  ] 2017-07-19T14:07:39.96008954Z: [    0.816524] ACPI: Added _OSI(Processor Device)
[STDERR  ] 2017-07-19T14:07:39.960098157Z: [    0.816977] ACPI: Added _OSI(3.0 _SCP Extensions)
[STDERR  ] 2017-07-19T14:07:39.960109671Z: [    0.817272] ACPI: Added _OSI(Processor Aggregator Device)
[STDERR  ] 2017-07-19T14:07:39.960118578Z: [    0.892447] ACPI: Interpreter enabled
[STDERR  ] 2017-07-19T14:07:39.960126614Z: [    0.893359] ACPI: (supports S0 S5)
[STDERR  ] 2017-07-19T14:07:39.960135018Z: [    0.893680] ACPI: Using IOAPIC for interrupt routing
[STDERR  ] 2017-07-19T14:07:39.960141246Z: [    0.896287] PCI: Using host bridge windows from ACPI; if necessary, use "pci=nocrs" and report a bug
[STDERR  ] 2017-07-19T14:07:39.960146668Z: [    0.957039] ACPI: PCI Root Bridge [PCI0] (domain 0000 [bus 00-ff])
[STDERR  ] 2017-07-19T14:07:39.960152076Z: [    0.957981] acpi PNP0A08:00: _OSC: OS supports [ExtendedConfig ASPM ClockPM Segments MSI]
[STDERR  ] 2017-07-19T14:07:39.960159141Z: [    0.965188] acpi PNP0A08:00: _OSC: OS now controls [PCIeHotplug PME PCIeCapability]
[STDERR  ] 2017-07-19T14:07:39.960164297Z: [    0.968931] PCI host bridge to bus 0000:00
[STDERR  ] 2017-07-19T14:07:39.960169553Z: [    0.969446] pci_bus 0000:00: root bus resource [io  0x0000-0x0cf7 window]
[STDERR  ] 2017-07-19T14:07:39.960174776Z: [    0.970091] pci_bus 0000:00: root bus resource [io  0x0d00-0xffff window]
[STDERR  ] 2017-07-19T14:07:39.96017995Z: [    0.970523] pci_bus 0000:00: root bus resource [mem 0x000a0000-0x000bffff window]
[STDERR  ] 2017-07-19T14:07:39.960192013Z: [    0.971002] pci_bus 0000:00: root bus resource [mem 0xc0000000-0xfebfffff window]
[STDERR  ] 2017-07-19T14:07:39.960197562Z: [    0.971670] pci_bus 0000:00: root bus resource [bus 00-ff]
[STDERR  ] 2017-07-19T14:07:39.960202905Z: [    1.062319] pci 0000:00:1f.0: quirk: [io  0x0600-0x067f] claimed by ICH6 ACPI/GPIO/TCO
[STDERR  ] 2017-07-19T14:07:39.960215132Z: [    1.122023] ACPI: PCI Interrupt Link [LNKA] (IRQs 5 *10 11)
[STDERR  ] 2017-07-19T14:07:39.960222256Z: [    1.124723] ACPI: PCI Interrupt Link [LNKB] (IRQs 5 *10 11)
[STDERR  ] 2017-07-19T14:07:39.960227517Z: [    1.127062] ACPI: PCI Interrupt Link [LNKC] (IRQs 5 10 *11)
[STDERR  ] 2017-07-19T14:07:39.960232722Z: [    1.129219] ACPI: PCI Interrupt Link [LNKD] (IRQs 5 10 *11)
[STDERR  ] 2017-07-19T14:07:39.960237859Z: [    1.130491] ACPI: PCI Interrupt Link [LNKE] (IRQs 5 *10 11)
[STDERR  ] 2017-07-19T14:07:39.960243266Z: [    1.132797] ACPI: PCI Interrupt Link [LNKF] (IRQs 5 *10 11)
[STDERR  ] 2017-07-19T14:07:39.960248486Z: [    1.135147] ACPI: PCI Interrupt Link [LNKG] (IRQs 5 10 *11)
[STDERR  ] 2017-07-19T14:07:39.96025382Z: [    1.136946] ACPI: PCI Interrupt Link [LNKH] (IRQs 5 10 *11)
[STDERR  ] 2017-07-19T14:07:39.960259089Z: [    1.137910] ACPI: PCI Interrupt Link [GSIA] (IRQs *16)
[STDERR  ] 2017-07-19T14:07:39.960264397Z: [    1.138604] ACPI: PCI Interrupt Link [GSIB] (IRQs *17)
[STDERR  ] 2017-07-19T14:07:39.960272905Z: [    1.140229] ACPI: PCI Interrupt Link [GSIC] (IRQs *18)
[STDERR  ] 2017-07-19T14:07:39.960280522Z: [    1.140896] ACPI: PCI Interrupt Link [GSID] (IRQs *19)
[STDERR  ] 2017-07-19T14:07:39.960285813Z: [    1.141619] ACPI: PCI Interrupt Link [GSIE] (IRQs *20)
[STDERR  ] 2017-07-19T14:07:39.960295377Z: [    1.142321] ACPI: PCI Interrupt Link [GSIF] (IRQs *21)
[STDERR  ] 2017-07-19T14:07:39.960300916Z: [    1.143011] ACPI: PCI Interrupt Link [GSIG] (IRQs *22)
[STDERR  ] 2017-07-19T14:07:39.96030793Z: [    1.143728] ACPI: PCI Interrupt Link [GSIH] (IRQs *23)
[STDERR  ] 2017-07-19T14:07:39.960313292Z: [    1.147794] ACPI: Enabled 2 GPEs in block 00 to 3F
[STDERR  ] 2017-07-19T14:07:39.9603185Z: [    1.152104] SCSI subsystem initialized
[STDERR  ] 2017-07-19T14:07:39.960323959Z: [    1.154096] ACPI: bus type USB registered
[STDERR  ] 2017-07-19T14:07:39.960329105Z: [    1.155327] usbcore: registered new interface driver usbfs
[STDERR  ] 2017-07-19T14:07:39.960334252Z: [    1.156235] usbcore: registered new interface driver hub
[STDERR  ] 2017-07-19T14:07:39.960341202Z: [    1.157090] usbcore: registered new device driver usb
[STDERR  ] 2017-07-19T14:07:39.960346366Z: [    1.158362] pps_core: LinuxPPS API ver. 1 registered
[STDERR  ] 2017-07-19T14:07:39.96035153Z: [    1.158691] pps_core: Software ver. 5.3.6 - Copyright 2005-2007 Rodolfo Giometti <giometti@linux.it>
[STDERR  ] 2017-07-19T14:07:39.960358899Z: [    1.159438] PTP clock support registered
[STDERR  ] 2017-07-19T14:07:39.960364163Z: [    1.160952] wmi: Mapper loaded
[STDERR  ] 2017-07-19T14:07:39.960369465Z: [    1.162086] PCI: Using ACPI for IRQ routing
[STDERR  ] 2017-07-19T14:07:39.960377547Z: [    1.180775] NetLabel: Initializing
[STDERR  ] 2017-07-19T14:07:39.960382717Z: [    1.181116] NetLabel:  domain hash size = 128
[STDERR  ] 2017-07-19T14:07:39.960387997Z: [    1.181424] NetLabel:  protocols = UNLABELED CIPSOv4
[STDERR  ] 2017-07-19T14:07:39.96039324Z: [    1.184046] NetLabel:  unlabeled traffic allowed by default
[STDERR  ] 2017-07-19T14:07:39.960398673Z: [    1.185427] HPET: 3 timers in total, 0 timers will be used for per-cpu timer
[STDERR  ] 2017-07-19T14:07:39.960403966Z: [    1.186276] hpet0: at MMIO 0xfed00000, IRQs 2, 8, 0
[STDERR  ] 2017-07-19T14:07:39.960409167Z: [    1.186877] hpet0: 3 comparators, 64-bit 100.000000 MHz counter
[STDERR  ] 2017-07-19T14:07:39.960414355Z: [    1.191224] amd_nb: Cannot enumerate AMD northbridges
[STDERR  ] 2017-07-19T14:07:39.960421762Z: [    1.192334] clocksource: Switched to clocksource hpet
[STDERR  ] 2017-07-19T14:07:39.960428755Z: [    1.410695] FS-Cache: Loaded
[STDERR  ] 2017-07-19T14:07:39.960440043Z: [    1.416543] CacheFiles: Loaded
[STDERR  ] 2017-07-19T14:07:39.960445565Z: [    1.418797] pnp: PnP ACPI init
[STDERR  ] 2017-07-19T14:07:39.960450903Z: [    1.430350] pnp: PnP ACPI: found 5 devices
[STDERR  ] 2017-07-19T14:07:39.960456182Z: [    1.479374] clocksource: acpi_pm: mask: 0xffffff max_cycles: 0xffffff, max_idle_ns: 2085701024 ns
[STDERR  ] 2017-07-19T14:07:39.960461659Z: [    1.482881] NET: Registered protocol family 2
[STDERR  ] 2017-07-19T14:07:39.960466899Z: [    1.490449] TCP established hash table entries: 8192 (order: 4, 65536 bytes)
[STDERR  ] 2017-07-19T14:07:39.960472236Z: [    1.491360] TCP bind hash table entries: 8192 (order: 5, 131072 bytes)
[STDERR  ] 2017-07-19T14:07:39.960477559Z: [    1.492119] TCP: Hash tables configured (established 8192 bind 8192)
[STDERR  ] 2017-07-19T14:07:39.960482776Z: [    1.493684] UDP hash table entries: 512 (order: 2, 16384 bytes)
[STDERR  ] 2017-07-19T14:07:39.96049071Z: [    1.494329] UDP-Lite hash table entries: 512 (order: 2, 16384 bytes)
[STDERR  ] 2017-07-19T14:07:39.960495952Z: [    1.496720] NET: Registered protocol family 1
[STDERR  ] 2017-07-19T14:07:39.960501109Z: [    1.503662] Unpacking initramfs...
[STDERR  ] 2017-07-19T14:07:39.960506372Z: [    4.066383] Freeing initrd memory: 15092K (ffff88003f113000 - ffff88003ffd0000)
[STDERR  ] 2017-07-19T14:07:39.960511577Z: [    4.091193] PCLMULQDQ-NI instructions are not detected.
[STDERR  ] 2017-07-19T14:07:39.960516735Z: [    4.093018] AVX or AES-NI instructions are not detected.
[STDERR  ] 2017-07-19T14:07:39.960521903Z: [    4.093597] CPU feature 'AVX registers' is not supported.
[STDERR  ] 2017-07-19T14:07:39.960527062Z: [    4.094091] CPU feature 'AVX registers' is not supported.
[STDERR  ] 2017-07-19T14:07:39.9605361Z: [    4.094571] CPU feature 'AVX registers' is not supported.
[STDERR  ] 2017-07-19T14:07:39.960541382Z: [    4.095057] CPU feature 'AVX registers' is not supported.
[STDERR  ] 2017-07-19T14:07:39.960546583Z: [    4.095512] AVX2 or AES-NI instructions are not detected.
[STDERR  ] 2017-07-19T14:07:39.960551687Z: [    4.096003] AVX2 instructions are not detected.
[STDERR  ] 2017-07-19T14:07:39.960556892Z: [    4.103332] audit: initializing netlink subsys (disabled)
[STDERR  ] 2017-07-19T14:07:39.960562059Z: [    4.105644] audit: type=2000 audit(1500473225.100:1): initialized
[STDERR  ] 2017-07-19T14:07:39.96056893Z: [    4.114072] HugeTLB registered 2 MB page size, pre-allocated 0 pages
[STDERR  ] 2017-07-19T14:07:39.960578326Z: [    4.117647] VFS: Disk quotas dquot_6.6.0
[STDERR  ] 2017-07-19T14:07:39.960586273Z: [    4.118333] VFS: Dquot-cache hash table entries: 512 (order 0, 4096 bytes)
[STDERR  ] 2017-07-19T14:07:39.96059167Z: [    4.124514] FS-Cache: Netfs 'cifs' registered for caching
[STDERR  ] 2017-07-19T14:07:39.960597035Z: [    4.125692] fuse init (API version 7.23)
[STDERR  ] 2017-07-19T14:07:39.960602202Z: [    4.128034] SGI XFS with ACLs, security attributes, no debug enabled
[STDERR  ] 2017-07-19T14:07:39.960607447Z: [    4.131145] 9p: Installing v9fs 9p2000 file system support
[STDERR  ] 2017-07-19T14:07:39.960612732Z: [    4.131651] FS-Cache: Netfs '9p' registered for caching
[STDERR  ] 2017-07-19T14:07:39.960617952Z: [    4.133485] Key type big_key registered
[STDERR  ] 2017-07-19T14:07:39.960624626Z: [    4.165532] NET: Registered protocol family 38
[STDERR  ] 2017-07-19T14:07:39.960629802Z: [    4.166174] Key type asymmetric registered
[STDERR  ] 2017-07-19T14:07:39.960634975Z: [    4.166580] Asymmetric key parser 'x509' registered
[STDERR  ] 2017-07-19T14:07:39.960640096Z: [    4.167587] Block layer SCSI generic (bsg) driver version 0.4 loaded (major 251)
[STDERR  ] 2017-07-19T14:07:39.960645259Z: [    4.169469] io scheduler noop registered
[STDERR  ] 2017-07-19T14:07:39.960650452Z: [    4.169912] io scheduler deadline registered (default)
[STDERR  ] 2017-07-19T14:07:39.960655695Z: [    4.171934] io scheduler cfq registered
[STDERR  ] 2017-07-19T14:07:39.960660856Z: [    4.174742] pci_hotplug: PCI Hot Plug PCI Core version: 0.5
[STDERR  ] 2017-07-19T14:07:39.960669048Z: [    4.175449] pciehp: PCI Express Hot Plug Controller Driver version: 0.4
[STDERR  ] 2017-07-19T14:07:39.960674339Z: [    4.176503] shpchp: Standard Hot Plug PCI Controller Driver version: 0.4
[STDERR  ] 2017-07-19T14:07:39.960679652Z: [    4.177555] hv_vmbus: registering driver hyperv_fb
[STDERR  ] 2017-07-19T14:07:39.960684848Z: [    4.182200] input: Power Button as /devices/LNXSYSTM:00/LNXPWRBN:00/input/input0
[STDERR  ] 2017-07-19T14:07:39.960690125Z: [    4.183452] ACPI: Power Button [PWRF]
[STDERR  ] 2017-07-19T14:07:39.960695298Z: [    4.191307] GHES: HEST is not enabled!
[STDERR  ] 2017-07-19T14:07:39.960700455Z: [    4.204374] ACPI: PCI Interrupt Link [GSIH] enabled at IRQ 23
[STDERR  ] 2017-07-19T14:07:39.960707184Z: [    4.210889] xenfs: not registering filesystem on non-xen platform
[STDERR  ] 2017-07-19T14:07:39.960716901Z: [    4.213096] Serial: 8250/16550 driver, 4 ports, IRQ sharing disabled
[STDERR  ] 2017-07-19T14:07:39.960722136Z: [    4.237517] 00:04: ttyS0 at I/O 0x3f8 (irq = 4, base_baud = 115200) is a 16550A
[STDERR  ] 2017-07-19T14:07:39.960728858Z: [    4.250607] Non-volatile memory driver v1.3
[STDERR  ] 2017-07-19T14:07:39.960735821Z: [    4.256839] Hangcheck: starting hangcheck timer 0.9.1 (tick is 180 seconds, margin is 60 seconds).
[STDERR  ] 2017-07-19T14:07:39.960741166Z: [    4.295710] loop: module loaded
[STDERR  ] 2017-07-19T14:07:39.960746451Z: [    4.309412] nbd: registered device at major 43
[STDERR  ] 2017-07-19T14:07:39.960751665Z: [    4.348797] lpc_ich 0000:00:1f.0: I/O space for GPIO uninitialized
[STDERR  ] 2017-07-19T14:07:39.960756876Z: [    4.351370] VMware PVSCSI driver - version 1.0.5.0-k
[STDERR  ] 2017-07-19T14:07:39.960762096Z: [    4.352343] hv_vmbus: registering driver hv_storvsc
[STDERR  ] 2017-07-19T14:07:39.960770624Z: [    4.362020] ACPI: PCI Interrupt Link [GSIA] enabled at IRQ 16
[STDERR  ] 2017-07-19T14:07:39.960775936Z: [    4.367729] ahci 0000:00:1f.2: AHCI 0001.0000 32 slots 6 ports 1.5 Gbps 0x3f impl SATA mode
[STDERR  ] 2017-07-19T14:07:39.960781308Z: [    4.368465] ahci 0000:00:1f.2: flags: 64bit ncq only 
[STDERR  ] 2017-07-19T14:07:39.960786531Z: [    4.388103] scsi host0: ahci
[STDERR  ] 2017-07-19T14:07:39.960794329Z: [    4.392739] scsi host1: ahci
[STDERR  ] 2017-07-19T14:07:39.960799761Z: [    4.395099] scsi host2: ahci
[STDERR  ] 2017-07-19T14:07:39.960804871Z: [    4.397276] scsi host3: ahci
[STDERR  ] 2017-07-19T14:07:39.960810135Z: [    4.400589] scsi host4: ahci
[STDERR  ] 2017-07-19T14:07:39.960815372Z: [    4.403195] scsi host5: ahci
[STDERR  ] 2017-07-19T14:07:39.960824144Z: [    4.405050] ata1: SATA max UDMA/133 abar m4096@0xfebf1000 port 0xfebf1100 irq 24
[STDERR  ] 2017-07-19T14:07:39.960829582Z: [    4.405618] ata2: SATA max UDMA/133 abar m4096@0xfebf1000 port 0xfebf1180 irq 24
[STDERR  ] 2017-07-19T14:07:39.960834809Z: [    4.406092] ata3: SATA max UDMA/133 abar m4096@0xfebf1000 port 0xfebf1200 irq 24
[STDERR  ] 2017-07-19T14:07:39.960840005Z: [    4.406560] ata4: SATA max UDMA/133 abar m4096@0xfebf1000 port 0xfebf1280 irq 24
[STDERR  ] 2017-07-19T14:07:39.960845154Z: [    4.407063] ata5: SATA max UDMA/133 abar m4096@0xfebf1000 port 0xfebf1300 irq 24
[STDERR  ] 2017-07-19T14:07:39.960852622Z: [    4.407519] ata6: SATA max UDMA/133 abar m4096@0xfebf1000 port 0xfebf1380 irq 24
[STDERR  ] 2017-07-19T14:07:39.960858039Z: [    4.419661] tun: Universal TUN/TAP device driver, 1.6
[STDERR  ] 2017-07-19T14:07:39.960863314Z: [    4.420025] tun: (C) 1999-2004 Max Krasnyansky <maxk@qualcomm.com>
[STDERR  ] 2017-07-19T14:07:39.960871656Z: [    4.422317] VMware vmxnet3 virtual NIC driver - version 1.4.5.0-k-NAPI
[STDERR  ] 2017-07-19T14:07:39.960876996Z: [    4.423267] hv_vmbus: registering driver hv_netvsc
[STDERR  ] 2017-07-19T14:07:39.960884599Z: [    4.423584] Fusion MPT base driver 3.04.20
[STDERR  ] 2017-07-19T14:07:39.960889929Z: [    4.423842] Copyright (c) 1999-2008 LSI Corporation
[STDERR  ] 2017-07-19T14:07:39.960895154Z: [    4.424538] Fusion MPT SPI Host driver 3.04.20
[STDERR  ] 2017-07-19T14:07:39.960900395Z: [    4.426602] i8042: PNP: PS/2 Controller [PNP0303:KBD,PNP0f13:MOU] at 0x60,0x64 irq 1,12
[STDERR  ] 2017-07-19T14:07:39.960908739Z: [    4.431334] serio: i8042 KBD port at 0x60,0x64 irq 1
[STDERR  ] 2017-07-19T14:07:39.960914061Z: [    4.432025] serio: i8042 AUX port at 0x60,0x64 irq 12
[STDERR  ] 2017-07-19T14:07:39.960921041Z: [    4.435082] hv_vmbus: registering driver hyperv_keyboard
[STDERR  ] 2017-07-19T14:07:39.960926244Z: [    4.437147] mousedev: PS/2 mouse device common for all mice
[STDERR  ] 2017-07-19T14:07:39.960931468Z: [    4.442412] input: AT Translated Set 2 keyboard as /devices/platform/i8042/serio0/input/input1
[STDERR  ] 2017-07-19T14:07:39.960936822Z: [    4.445310] input: PC Speaker as /devices/platform/pcspkr/input/input2
[STDERR  ] 2017-07-19T14:07:39.960942069Z: [    4.448719] rtc_cmos 00:00: RTC can wake from S4
[STDERR  ] 2017-07-19T14:07:39.960947239Z: [    4.452252] rtc_cmos 00:00: rtc core: registered rtc_cmos as rtc0
[STDERR  ] 2017-07-19T14:07:39.960952464Z: [    4.453605] rtc_cmos 00:00: alarms up to one day, y3k, 114 bytes nvram, hpet irqs
[STDERR  ] 2017-07-19T14:07:39.960957732Z: [    4.454422] i2c /dev entries driver
[STDERR  ] 2017-07-19T14:07:39.960963038Z: [    4.456274] device-mapper: ioctl: 4.34.0-ioctl (2015-10-28) initialised: dm-devel@redhat.com
[STDERR  ] 2017-07-19T14:07:39.960971329Z: [    4.461846] usbcore: registered new interface driver usbhid
[STDERR  ] 2017-07-19T14:07:39.960976605Z: [    4.462270] usbhid: USB HID core driver
[STDERR  ] 2017-07-19T14:07:39.960981775Z: [    4.463040] hv_utils: Registering HyperV Utility Driver
[STDERR  ] 2017-07-19T14:07:39.960987004Z: [    4.463364] hv_vmbus: registering driver hv_util
[STDERR  ] 2017-07-19T14:07:39.960992152Z: [    4.463688] hv_vmbus: registering driver hv_balloon
[STDERR  ] 2017-07-19T14:07:39.960999832Z: [    4.464296] oprofile: using NMI interrupt.
[STDERR  ] 2017-07-19T14:07:39.961005144Z: [    4.465480] GACT probability on
[STDERR  ] 2017-07-19T14:07:39.961010372Z: [    4.465926] Mirror/redirect action on
[STDERR  ] 2017-07-19T14:07:39.961015642Z: [    4.466497] Simple TC action Loaded
[STDERR  ] 2017-07-19T14:07:39.961020845Z: [    4.466899] u32 classifier
[STDERR  ] 2017-07-19T14:07:39.961026139Z: [    4.467113]     Performance counters on
[STDERR  ] 2017-07-19T14:07:39.961034542Z: [    4.467384]     input device check on
[STDERR  ] 2017-07-19T14:07:39.961039892Z: [    4.467621]     Actions configured
[STDERR  ] 2017-07-19T14:07:39.961045068Z: [    4.468534] Netfilter messages via NETLINK v0.30.
[STDERR  ] 2017-07-19T14:07:39.961050258Z: [    4.469454] nfnl_acct: registering with nfnetlink.
[STDERR  ] 2017-07-19T14:07:39.961055444Z: [    4.470966] nf_conntrack version 0.5.0 (7922 buckets, 31688 max)
[STDERR  ] 2017-07-19T14:07:39.961060686Z: [    4.474590] ctnetlink v0.93: registering with nfnetlink.
[STDERR  ] 2017-07-19T14:07:39.961068201Z: [    4.478283] nf_tables: (c) 2007-2009 Patrick McHardy <kaber@trash.net>
[STDERR  ] 2017-07-19T14:07:39.961074246Z: [    4.479368] nf_tables_compat: (c) 2012 Pablo Neira Ayuso <pablo@netfilter.org>
[STDERR  ] 2017-07-19T14:07:39.961083096Z: [    4.483184] xt_time: kernel timezone is -0000
[STDERR  ] 2017-07-19T14:07:39.961094624Z: [    4.483779] ip_set: protocol 6
[STDERR  ] 2017-07-19T14:07:39.961104032Z: [    4.485110] IPVS: Registered protocols (TCP, UDP, SCTP, AH, ESP)
[STDERR  ] 2017-07-19T14:07:39.961111901Z: [    4.485904] IPVS: Connection hash table configured (size=4096, memory=64Kbytes)
[STDERR  ] 2017-07-19T14:07:39.961120251Z: [    4.487691] IPVS: Creating netns size=2096 id=0
[STDERR  ] 2017-07-19T14:07:39.961129674Z: [    4.490497] IPVS: ipvs loaded.
[STDERR  ] 2017-07-19T14:07:39.961137938Z: [    4.490928] IPVS: [rr] scheduler registered.
[STDERR  ] 2017-07-19T14:07:39.961146074Z: [    4.491307] IPVS: [wrr] scheduler registered.
[STDERR  ] 2017-07-19T14:07:39.961154634Z: [    4.491679] IPVS: [lc] scheduler registered.
[STDERR  ] 2017-07-19T14:07:39.96116271Z: [    4.492025] IPVS: [wlc] scheduler registered.
[STDERR  ] 2017-07-19T14:07:39.961172083Z: [    4.492394] IPVS: [fo] scheduler registered.
[STDERR  ] 2017-07-19T14:07:39.961751016Z: [    4.492763] IPVS: [ovf] scheduler registered.
[STDERR  ] 2017-07-19T14:07:39.961796537Z: [    4.493316] IPVS: [lblc] scheduler registered.
[STDERR  ] 2017-07-19T14:07:39.961817067Z: [    4.493776] IPVS: [lblcr] scheduler registered.
[STDERR  ] 2017-07-19T14:07:39.961836487Z: [    4.494098] IPVS: [dh] scheduler registered.
[STDERR  ] 2017-07-19T14:07:39.961855514Z: [    4.494451] IPVS: [sh] scheduler registered.
[STDERR  ] 2017-07-19T14:07:39.961875526Z: [    4.494774] IPVS: [sed] scheduler registered.
[STDERR  ] 2017-07-19T14:07:39.961913257Z: [    4.495110] IPVS: [nq] scheduler registered.
[STDERR  ] 2017-07-19T14:07:39.961933643Z: [    4.495976] IPVS: ftp: loaded support on port[0] = 21
[STDERR  ] 2017-07-19T14:07:39.961953303Z: [    4.496860] ipip: IPv4 over IPv4 tunneling driver
[STDERR  ] 2017-07-19T14:07:39.961971912Z: [    4.501660] gre: GRE over IPv4 demultiplexor driver
[STDERR  ] 2017-07-19T14:07:39.961990454Z: [    4.505304] ip_tables: (C) 2000-2006 Netfilter Core Team
[STDERR  ] 2017-07-19T14:07:39.96200908Z: [    4.508290] ipt_CLUSTERIP: ClusterIP Version 0.8 loaded successfully
[STDERR  ] 2017-07-19T14:07:39.96202805Z: [    4.509194] arp_tables: (C) 2002 David S. Miller
[STDERR  ] 2017-07-19T14:07:39.962049758Z: [    4.512022] NET: Registered protocol family 10
[STDERR  ] 2017-07-19T14:07:39.962068548Z: [    4.520647] ip6_tables: (C) 2000-2006 Netfilter Core Team
[STDERR  ] 2017-07-19T14:07:39.962087053Z: [    4.525104] NET: Registered protocol family 17
[STDERR  ] 2017-07-19T14:07:39.962108346Z: [    4.526118] bridge: automatic filtering via arp/ip/ip6tables has been deprecated. Update your scripts to load br_netfilter if you need this.
[STDERR  ] 2017-07-19T14:07:39.962140906Z: [    4.527515] Bridge firewalling registered
[STDERR  ] 2017-07-19T14:07:39.962161152Z: [    4.528176] Ebtables v2.0 registered
[STDERR  ] 2017-07-19T14:07:39.962180601Z: [    4.531244] 8021q: 802.1Q VLAN Support v1.8
[STDERR  ] 2017-07-19T14:07:39.962202253Z: [    4.532710] 9pnet: Installing 9P2000 support
[STDERR  ] 2017-07-19T14:07:39.962219972Z: [    4.534336] Key type dns_resolver registered
[STDERR  ] 2017-07-19T14:07:39.962236962Z: [    4.535114] hv_sock: failed to load: VMBus 4 or later is required
[STDERR  ] 2017-07-19T14:07:39.962253635Z: [    4.535767] microcode: AMD CPU family 0x6 not supported
[STDERR  ] 2017-07-19T14:07:39.962273446Z: [    4.539600] registered taskstats version 1
[STDERR  ] 2017-07-19T14:07:39.962291829Z: [    4.679690] Key type encrypted registered
[STDERR  ] 2017-07-19T14:07:39.962309946Z: [    4.687691] rtc_cmos 00:00: setting system clock to 2017-07-19 14:07:06 UTC (1500473226)
[STDERR  ] 2017-07-19T14:07:39.962328981Z: [    4.761447] ata4: SATA link down (SStatus 0 SControl 300)
[STDERR  ] 2017-07-19T14:07:39.962353131Z: [    4.764429] ata5: SATA link down (SStatus 0 SControl 300)
[STDERR  ] 2017-07-19T14:07:39.962375145Z: [    4.765432] ata3: SATA link up 1.5 Gbps (SStatus 113 SControl 300)
[STDERR  ] 2017-07-19T14:07:39.962395572Z: [    4.769972] ata3.00: ATAPI: QEMU DVD-ROM, 2.5+, max UDMA/100
[STDERR  ] 2017-07-19T14:07:39.962414293Z: [    4.770916] ata3.00: applying bridge limits
[STDERR  ] 2017-07-19T14:07:39.962441008Z: [    4.772861] ata2: SATA link down (SStatus 0 SControl 300)
[STDERR  ] 2017-07-19T14:07:39.962459733Z: [    4.773494] ata1: SATA link down (SStatus 0 SControl 300)
[STDERR  ] 2017-07-19T14:07:39.962478609Z: [    4.774516] ata6: SATA link down (SStatus 0 SControl 300)
[STDERR  ] 2017-07-19T14:07:39.962496531Z: [    4.775780] ata3.00: configured for UDMA/100
[STDERR  ] 2017-07-19T14:07:39.962508025Z: [    4.787855] scsi 2:0:0:0: CD-ROM            QEMU     QEMU DVD-ROM     2.5+ PQ: 0 ANSI: 5
[STDERR  ] 2017-07-19T14:07:39.962541837Z: [    4.803801] sr 2:0:0:0: [sr0] scsi3-mmc drive: 4x/4x cd/rw xa/form2 tray
[STDERR  ] 2017-07-19T14:07:39.962565484Z: [    4.804606] cdrom: Uniform CD-ROM driver Revision: 3.20
[STDERR  ] 2017-07-19T14:07:39.96258386Z: [    4.813135] sr 2:0:0:0: Attached scsi generic sg0 type 5
[STDERR  ] 2017-07-19T14:07:39.962610357Z: [    4.942463] Freeing unused kernel memory: 1296K (ffffffff8fd3d000 - ffffffff8fe81000)
[STDERR  ] 2017-07-19T14:07:39.962629637Z: [    4.943071] Write protecting the kernel read-only data: 12288k
[STDERR  ] 2017-07-19T14:07:39.962650205Z: [    4.953794] Freeing unused kernel memory: 584K (ffff88000f76e000 - ffff88000f800000)
[STDERR  ] 2017-07-19T14:07:39.962661667Z: [    5.070496] Freeing unused kernel memory: 1400K (ffff88000faa2000 - ffff88000fc00000)
[STDERR  ] 2017-07-19T14:07:39.962672335Z: [    5.072220] tsc: Refined TSC clocksource calibration: 2600.009 MHz
[STDERR  ] 2017-07-19T14:07:39.96268303Z: [    5.072701] clocksource: tsc: mask: 0xffffffffffffffff max_cycles: 0x257a44c4d56, max_idle_ns: 440795316911 ns
[STDERR  ] 2017-07-19T14:07:39.962693995Z: [    6.081038] clocksource: Switched to clocksource tsc
[STDERR  ] 2017-07-19T14:07:39.962711154Z: [   10.165174] e1000: Intel(R) PRO/1000 Network Driver - version 7.3.21-k8-NAPI
[STDERR  ] 2017-07-19T14:07:39.962722508Z: [   10.165732] e1000: Copyright (c) 1999-2006 Intel Corporation.
[STDERR  ] 2017-07-19T14:07:39.962736624Z: [   10.185319] ACPI: PCI Interrupt Link [GSIG] enabled at IRQ 22
[STDERR  ] 2017-07-19T14:07:39.962747318Z: [   10.517784] e1000 0000:00:02.0 eth0: (PCI:33MHz:32-bit) 52:54:00:12:34:56
[STDERR  ] 2017-07-19T14:07:39.962757991Z: [   10.518770] e1000 0000:00:02.0 eth0: Intel(R) PRO/1000 Network Connection
[STDERR  ] 2017-07-19T14:07:39.962768617Z: 
[STDERR  ] 2017-07-19T14:07:39.962779384Z: Welcome to LinuxKit
[STDERR  ] 2017-07-19T14:07:39.962789878Z: 
[STDERR  ] 2017-07-19T14:07:39.962800477Z:                         ##         .
[STDERR  ] 2017-07-19T14:07:39.96281586Z:                   ## ## ##        ==
[STDERR  ] 2017-07-19T14:07:39.96282655Z:                ## ## ## ## ##    ===
[STDERR  ] 2017-07-19T14:07:39.962847271Z:            /"""""""""""""""""\___/ ===
[STDERR  ] 2017-07-19T14:07:39.962858094Z:           {                       /  ===-
[STDERR  ] 2017-07-19T14:07:39.962868572Z:            \______ O           __/
[STDERR  ] 2017-07-19T14:07:39.962878921Z:              \    \         __/
[STDERR  ] 2017-07-19T14:07:39.96289131Z:               \____\_______/
[STDERR  ] 2017-07-19T14:07:39.962901747Z: 
[STDERR  ] 2017-07-19T14:07:39.962915375Z: starting kernel config sanity test with /proc/config.gz
[STDERR  ] 2017-07-19T14:07:39.962925914Z: [   16.503690] RPC: Registered named UNIX socket transport module.
[STDERR  ] 2017-07-19T14:07:39.962936335Z: [   16.504148] RPC: Registered udp transport module.
[STDERR  ] 2017-07-19T14:07:39.962946737Z: [   16.504540] RPC: Registered tcp transport module.
[STDERR  ] 2017-07-19T14:07:39.96295724Z: [   16.504810] RPC: Registered tcp NFSv4.1 backchannel transport module.
[STDERR  ] 2017-07-19T14:07:39.96296796Z: [   16.621210] FS-Cache: Netfs 'nfs' registered for caching
[STDERR  ] 2017-07-19T14:07:39.962978469Z: [   16.730991] Installing knfsd (copyright (C) 1996 okir@monad.swb.de).
[STDERR  ] 2017-07-19T14:07:39.962989179Z: [   16.792189] ntfs: driver 2.1.32 [Flags: R/O MODULE].
[STDERR  ] 2017-07-19T14:07:39.962999659Z: kernel config test succeeded!
[STDERR  ] 2017-07-19T14:07:39.963010091Z: [37minfo: reading kernel config from /proc/config.gz ...[m
[STDERR  ] 2017-07-19T14:07:39.963020401Z: 
[STDERR  ] 2017-07-19T14:07:39.963030896Z: Generally Necessary:
[STDERR  ] 2017-07-19T14:07:39.963041373Z: - [37mcgroup hierarchy[m: [32mproperly mounted[m [/sys/fs/cgroup]
[STDERR  ] 2017-07-19T14:07:39.963054686Z: - [37mCONFIG_NAMESPACES[m: [32menabled[m
[STDERR  ] 2017-07-19T14:07:39.963065347Z: - [37mCONFIG_NET_NS[m: [32menabled[m
[STDERR  ] 2017-07-19T14:07:39.963075844Z: - [37mCONFIG_PID_NS[m: [32menabled[m
[STDERR  ] 2017-07-19T14:07:39.963086249Z: - [37mCONFIG_IPC_NS[m: [32menabled[m
[STDERR  ] 2017-07-19T14:07:39.963096629Z: - [37mCONFIG_UTS_NS[m: [32menabled[m
[STDERR  ] 2017-07-19T14:07:39.96310705Z: - [37mCONFIG_CGROUPS[m: [32menabled[m
[STDERR  ] 2017-07-19T14:07:39.963120063Z: - [37mCONFIG_CGROUP_CPUACCT[m: [32menabled[m
[STDERR  ] 2017-07-19T14:07:39.963135584Z: - [37mCONFIG_CGROUP_DEVICE[m: [32menabled[m
[STDERR  ] 2017-07-19T14:07:39.963146329Z: - [37mCONFIG_CGROUP_FREEZER[m: [32menabled[m
[STDERR  ] 2017-07-19T14:07:39.963159484Z: - [37mCONFIG_CGROUP_SCHED[m: [32menabled[m
[STDERR  ] 2017-07-19T14:07:39.963170131Z: - [37mCONFIG_CPUSETS[m: [32menabled[m
[STDERR  ] 2017-07-19T14:07:39.963180637Z: - [37mCONFIG_MEMCG[m: [32menabled[m
[STDERR  ] 2017-07-19T14:07:39.963191189Z: - [37mCONFIG_KEYS[m: [32menabled[m
[STDERR  ] 2017-07-19T14:07:39.963201627Z: - [37mCONFIG_VETH[m: [32menabled[m
[STDERR  ] 2017-07-19T14:07:39.963212019Z: - [37mCONFIG_BRIDGE[m: [32menabled[m
[STDERR  ] 2017-07-19T14:07:39.963222504Z: - [37mCONFIG_BRIDGE_NETFILTER[m: [32menabled[m
[STDERR  ] 2017-07-19T14:07:39.96323286Z: - [37mCONFIG_NF_NAT_IPV4[m: [32menabled[m
[STDERR  ] 2017-07-19T14:07:39.96324613Z: - [37mCONFIG_IP_NF_FILTER[m: [32menabled[m
[STDERR  ] 2017-07-19T14:07:39.963256784Z: - [37mCONFIG_IP_NF_TARGET_MASQUERADE[m: [32menabled[m
[STDERR  ] 2017-07-19T14:07:39.963267374Z: - [37mCONFIG_NETFILTER_XT_MATCH_ADDRTYPE[m: [32menabled[m
[STDERR  ] 2017-07-19T14:07:39.963277889Z: - [37mCONFIG_NETFILTER_XT_MATCH_CONNTRACK[m: [32menabled[m
[STDERR  ] 2017-07-19T14:07:39.963290006Z: - [37mCONFIG_NETFILTER_XT_MATCH_IPVS[m: [32menabled[m
[STDERR  ] 2017-07-19T14:07:39.963417323Z: - [37mCONFIG_IP_NF_NAT[m: [32menabled[m
[STDERR  ] 2017-07-19T14:07:39.963428137Z: - [37mCONFIG_NF_NAT[m: [32menabled[m
[STDERR  ] 2017-07-19T14:07:39.963438723Z: - [37mCONFIG_NF_NAT_NEEDED[m: [32menabled[m
[STDERR  ] 2017-07-19T14:07:39.96344928Z: - [37mCONFIG_POSIX_MQUEUE[m: [32menabled[m
[STDERR  ] 2017-07-19T14:07:39.963464118Z: - [37mCONFIG_DEVPTS_MULTIPLE_INSTANCES[m: [32menabled[m
[STDERR  ] 2017-07-19T14:07:39.963474772Z: 
[STDERR  ] 2017-07-19T14:07:39.963485392Z: Optional Features:
[STDERR  ] 2017-07-19T14:07:39.963496079Z: - [37mCONFIG_USER_NS[m: [32menabled[m
[STDERR  ] 2017-07-19T14:07:39.963506526Z: - [37mCONFIG_SECCOMP[m: [32menabled[m
[STDERR  ] 2017-07-19T14:07:39.963516948Z: - [37mCONFIG_CGROUP_PIDS[m: [32menabled[m
[STDERR  ] 2017-07-19T14:07:39.963535242Z: - [37mCONFIG_MEMCG_SWAP[m: [32menabled[m
[STDERR  ] 2017-07-19T14:07:39.963545892Z: - [37mCONFIG_MEMCG_SWAP_ENABLED[m: [32menabled[m
[STDERR  ] 2017-07-19T14:07:39.963556415Z:     [1;30m(cgroup swap accounting is currently enabled)[m
[STDERR  ] 2017-07-19T14:07:39.963566965Z: - [1mCONFIG_LEGACY_VSYSCALL_NONE[m: [1;31menabled[m
[STDERR  ] 2017-07-19T14:07:39.963577636Z:     [1;30m(containers using eglibc <= 2.13 will not work. Switch to[m
[STDERR  ] 2017-07-19T14:07:39.963588265Z:     [1;30m "CONFIG_VSYSCALL_[NATIVE|EMULATE]" or use "vsyscall=[native|emulate]"[m
[STDERR  ] 2017-07-19T14:07:39.963598939Z:     [1;30m on kernel command line. Note that this will disable ASLR for the,[m
[STDERR  ] 2017-07-19T14:07:39.963609436Z:     [1;30m VDSO which may assist in exploiting security vulnerabilities.)[m
[STDERR  ] 2017-07-19T14:07:39.963619976Z: - [37mCONFIG_MEMCG_KMEM[m: [32menabled[m
[STDERR  ] 2017-07-19T14:07:39.963632715Z: - [37mCONFIG_BLK_CGROUP[m: [32menabled[m
[STDERR  ] 2017-07-19T14:07:39.963643182Z: - [37mCONFIG_BLK_DEV_THROTTLING[m: [32menabled[m
[STDERR  ] 2017-07-19T14:07:39.963653683Z: - [37mCONFIG_IOSCHED_CFQ[m: [32menabled[m
[STDERR  ] 2017-07-19T14:07:39.963668696Z: - [37mCONFIG_CFQ_GROUP_IOSCHED[m: [32menabled[m
[STDERR  ] 2017-07-19T14:07:39.963679715Z: - [37mCONFIG_CGROUP_PERF[m: [32menabled[m
[STDERR  ] 2017-07-19T14:07:39.963690313Z: - [37mCONFIG_CGROUP_HUGETLB[m: [32menabled[m
[STDERR  ] 2017-07-19T14:07:39.963700785Z: - [37mCONFIG_NET_CLS_CGROUP[m: [32menabled[m
[STDERR  ] 2017-07-19T14:07:39.963716398Z: - [37mCONFIG_CGROUP_NET_PRIO[m: [32menabled[m
[STDERR  ] 2017-07-19T14:07:39.96372912Z: - [37mCONFIG_CFS_BANDWIDTH[m: [32menabled[m
[STDERR  ] 2017-07-19T14:07:39.96373962Z: - [37mCONFIG_FAIR_GROUP_SCHED[m: [32menabled[m
[STDERR  ] 2017-07-19T14:07:39.963759409Z: - [37mCONFIG_RT_GROUP_SCHED[m: [32menabled[m
[STDERR  ] 2017-07-19T14:07:39.963770528Z: - [37mCONFIG_IP_VS[m: [32menabled[m
[STDERR  ] 2017-07-19T14:07:39.963781118Z: - [37mCONFIG_IP_VS_NFCT[m: [32menabled[m
[STDERR  ] 2017-07-19T14:07:39.96379164Z: - [37mCONFIG_IP_VS_RR[m: [32menabled[m
[STDERR  ] 2017-07-19T14:07:39.963802199Z: - [37mCONFIG_EXT4_FS[m: [32menabled[m
[STDERR  ] 2017-07-19T14:07:39.963812752Z: - [37mCONFIG_EXT4_FS_POSIX_ACL[m: [32menabled[m
[STDERR  ] 2017-07-19T14:07:39.963828452Z: - [37mCONFIG_EXT4_FS_SECURITY[m: [32menabled[m
[STDERR  ] 2017-07-19T14:07:39.963839403Z: - Network Drivers:
[STDERR  ] 2017-07-19T14:07:39.963850078Z:   - "[34moverlay[m":
[STDERR  ] 2017-07-19T14:07:39.963862363Z:     - [37mCONFIG_VXLAN[m: [32menabled[m
[STDERR  ] 2017-07-19T14:07:39.963873053Z:       Optional (for encrypted networks):
[STDERR  ] 2017-07-19T14:07:39.963883602Z:       - [37mCONFIG_CRYPTO[m: [32menabled[m
[STDERR  ] 2017-07-19T14:07:39.963894175Z:       - [37mCONFIG_CRYPTO_AEAD[m: [32menabled[m
[STDERR  ] 2017-07-19T14:07:39.963910884Z:       - [37mCONFIG_CRYPTO_GCM[m: [32menabled[m
[STDERR  ] 2017-07-19T14:07:39.963921477Z:       - [37mCONFIG_CRYPTO_SEQIV[m: [32menabled[m
[STDERR  ] 2017-07-19T14:07:39.963931958Z:       - [37mCONFIG_CRYPTO_GHASH[m: [32menabled[m
[STDERR  ] 2017-07-19T14:07:39.963942454Z:       - [37mCONFIG_XFRM[m: [32menabled[m
[STDERR  ] 2017-07-19T14:07:39.963952938Z:       - [37mCONFIG_XFRM_USER[m: [32menabled (as module)[m
[STDERR  ] 2017-07-19T14:07:39.963963512Z:       - [37mCONFIG_XFRM_ALGO[m: [32menabled (as module)[m
[STDERR  ] 2017-07-19T14:07:39.963973974Z:       - [37mCONFIG_INET_ESP[m: [32menabled (as module)[m
[STDERR  ] 2017-07-19T14:07:39.963988109Z:       - [37mCONFIG_INET_XFRM_MODE_TRANSPORT[m: [32menabled (as module)[m
[STDERR  ] 2017-07-19T14:07:39.964003155Z:   - "[34mipvlan[m":
[STDERR  ] 2017-07-19T14:07:39.964017304Z:     - [37mCONFIG_IPVLAN[m: [32menabled[m
[STDERR  ] 2017-07-19T14:07:39.964027908Z:   - "[34mmacvlan[m":
[STDERR  ] 2017-07-19T14:07:39.964038479Z:     - [37mCONFIG_MACVLAN[m: [32menabled[m
[STDERR  ] 2017-07-19T14:07:39.964049082Z:     - [37mCONFIG_DUMMY[m: [32menabled (as module)[m
[STDERR  ] 2017-07-19T14:07:39.964059765Z:   - "[34mftp,tftp client in container[m":
[STDERR  ] 2017-07-19T14:07:39.964070242Z:     - [37mCONFIG_NF_NAT_FTP[m: [32menabled[m
[STDERR  ] 2017-07-19T14:07:39.964080731Z:     - [37mCONFIG_NF_CONNTRACK_FTP[m: [32menabled[m
[STDERR  ] 2017-07-19T14:07:39.964095161Z:     - [37mCONFIG_NF_NAT_TFTP[m: [32menabled[m
[STDERR  ] 2017-07-19T14:07:39.964105777Z:     - [37mCONFIG_NF_CONNTRACK_TFTP[m: [32menabled[m
[STDERR  ] 2017-07-19T14:07:39.964116285Z: - Storage Drivers:
[STDERR  ] 2017-07-19T14:07:39.964133407Z:   - "[34maufs[m":
[STDERR  ] 2017-07-19T14:07:39.964145949Z:     - [1mCONFIG_AUFS_FS[m: [1;31mmissing[m
[STDERR  ] 2017-07-19T14:07:39.964156642Z:   - "[34mbtrfs[m":
[STDERR  ] 2017-07-19T14:07:39.964167129Z:     - [37mCONFIG_BTRFS_FS[m: [32menabled (as module)[m
[STDERR  ] 2017-07-19T14:07:39.964177764Z:     - [37mCONFIG_BTRFS_FS_POSIX_ACL[m: [32menabled[m
[STDERR  ] 2017-07-19T14:07:39.964188109Z:   - "[34mdevicemapper[m":
[STDERR  ] 2017-07-19T14:07:39.964198719Z:     - [37mCONFIG_BLK_DEV_DM[m: [32menabled[m
[STDERR  ] 2017-07-19T14:07:39.964212448Z:     - [37mCONFIG_DM_THIN_PROVISIONING[m: [32menabled[m
[STDERR  ] 2017-07-19T14:07:39.964222858Z:   - "[34moverlay[m":
[STDERR  ] 2017-07-19T14:07:39.964233368Z:     - [37mCONFIG_OVERLAY_FS[m: [32menabled[m
[STDERR  ] 2017-07-19T14:07:39.964243947Z:   - "[34mzfs[m":
[STDERR  ] 2017-07-19T14:07:39.964256485Z:     - [1m/dev/zfs[m: [1;31mmissing[m
[STDERR  ] 2017-07-19T14:07:39.964267188Z:     - [1mzfs command[m: [1;31mmissing[m
[STDERR  ] 2017-07-19T14:07:39.964277775Z:     - [1mzpool command[m: [1;31mmissing[m
[STDERR  ] 2017-07-19T14:07:39.964288128Z: 
[STDERR  ] 2017-07-19T14:07:39.964298611Z: Limits:
[STDERR  ] 2017-07-19T14:07:39.964312872Z: [37m- /proc/sys/kernel/keys/root_maxkeys[m: [32m1000000[m
[STDERR  ] 2017-07-19T14:07:39.964323461Z: 
[STDERR  ] 2017-07-19T14:07:39.964333891Z: Kernel config test suite PASSED
[STDERR  ] 2017-07-19T14:07:39.964344525Z:  - 000-check-kernel-config
[STDERR  ] 2017-07-19T14:07:39.964355135Z: [   37.302777] ACPI: Preparing to enter system sleep state S5
[STDERR  ] 2017-07-19T14:07:39.964365634Z: [   37.306643] reboot: Power down
[STDERR  ] 2017-07-19T14:07:39.964378818Z: + grep -q suite PASSED
[STDERR  ] 2017-07-19T14:07:39.964389458Z: + echo [    0.000000] Initializing cgroup subsys cpuset
[STDERR  ] 2017-07-19T14:07:39.964402474Z: [    0.000000] Initializing cgroup subsys cpu
[STDERR  ] 2017-07-19T14:07:39.964413256Z: [    0.000000] Initializing cgroup subsys cpuacct
[STDERR  ] 2017-07-19T14:07:39.964428461Z: [    0.000000] Linux version 4.4.77-linuxkit (root@e1ede117fb1e) (gcc version 6.3.0 (Alpine 6.3.0) ) #1 SMP Tue Jul 18 09:22:21 UTC 2017
[STDERR  ] 2017-07-19T14:07:39.964439467Z: [    0.000000] Command line: console=ttyS0
[STDERR  ] 2017-07-19T14:07:39.964449963Z: [    0.000000] x86/fpu: Legacy x87 FPU detected.
[STDERR  ] 2017-07-19T14:07:39.964460491Z: [    0.000000] x86/fpu: Using 'lazy' FPU context switches.
[STDERR  ] 2017-07-19T14:07:39.964470958Z: [    0.000000] e820: BIOS-provided physical RAM map:
[STDERR  ] 2017-07-19T14:07:39.964481424Z: [    0.000000] BIOS-e820: [mem 0x0000000000000000-0x000000000009fbff] usable
[STDERR  ] 2017-07-19T14:07:39.964492287Z: [    0.000000] BIOS-e820: [mem 0x000000000009fc00-0x000000000009ffff] reserved
[STDERR  ] 2017-07-19T14:07:39.964502913Z: [    0.000000] BIOS-e820: [mem 0x00000000000f0000-0x00000000000fffff] reserved
[STDERR  ] 2017-07-19T14:07:39.9645197Z: [    0.000000] BIOS-e820: [mem 0x0000000000100000-0x000000003ffdefff] usable
[STDERR  ] 2017-07-19T14:07:39.964530416Z: [    0.000000] BIOS-e820: [mem 0x000000003ffdf000-0x000000003fffffff] reserved
[STDERR  ] 2017-07-19T14:07:39.964540917Z: [    0.000000] BIOS-e820: [mem 0x00000000b0000000-0x00000000bfffffff] reserved
[STDERR  ] 2017-07-19T14:07:39.964551276Z: [    0.000000] BIOS-e820: [mem 0x00000000fed1c000-0x00000000fed1ffff] reserved
[STDERR  ] 2017-07-19T14:07:39.964561788Z: [    0.000000] BIOS-e820: [mem 0x00000000fffc0000-0x00000000ffffffff] reserved
[STDERR  ] 2017-07-19T14:07:39.964572338Z: [    0.000000] NX (Execute Disable) protection: active
[STDERR  ] 2017-07-19T14:07:39.964584627Z: [    0.000000] SMBIOS 2.8 present.
[STDERR  ] 2017-07-19T14:07:39.964595151Z: [    0.000000] e820: last_pfn = 0x3ffdf max_arch_pfn = 0x400000000
[STDERR  ] 2017-07-19T14:07:39.96460556Z: [    0.000000] x86/PAT: Configuration [0-7]: WB  WC  UC- UC  WB  WC  UC- WT  
[STDERR  ] 2017-07-19T14:07:39.964616043Z: [    0.000000] found SMP MP-table at [mem 0x000f6aa0-0x000f6aaf] mapped at [ffff8800000f6aa0]
[STDERR  ] 2017-07-19T14:07:39.964628386Z: [    0.000000] RAMDISK: [mem 0x3f113000-0x3ffcffff]
[STDERR  ] 2017-07-19T14:07:39.964641211Z: [    0.000000] ACPI: Early table checksum verification disabled
[STDERR  ] 2017-07-19T14:07:39.964721811Z: [    0.000000] ACPI: RSDP 0x00000000000F68C0 000014 (v00 BOCHS )
[STDERR  ] 2017-07-19T14:07:39.964732734Z: [    0.000000] ACPI: RSDT 0x000000003FFE2404 000034 (v01 BOCHS  BXPCRSDT 00000001 BXPC 00000001)
[STDERR  ] 2017-07-19T14:07:39.964743454Z: [    0.000000] ACPI: FACP 0x000000003FFE22A4 000074 (v01 BOCHS  BXPCFACP 00000001 BXPC 00000001)
[STDERR  ] 2017-07-19T14:07:39.964753958Z: [    0.000000] ACPI: DSDT 0x000000003FFE0040 002264 (v01 BOCHS  BXPCDSDT 00000001 BXPC 00000001)
[STDERR  ] 2017-07-19T14:07:39.964764418Z: [    0.000000] ACPI: FACS 0x000000003FFE0000 000040
[STDERR  ] 2017-07-19T14:07:39.96477876Z: [    0.000000] ACPI: APIC 0x000000003FFE2318 000078 (v01 BOCHS  BXPCAPIC 00000001 BXPC 00000001)
[STDERR  ] 2017-07-19T14:07:39.964789513Z: [    0.000000] ACPI: HPET 0x000000003FFE2390 000038 (v01 BOCHS  BXPCHPET 00000001 BXPC 00000001)
[STDERR  ] 2017-07-19T14:07:39.964800058Z: [    0.000000] ACPI: MCFG 0x000000003FFE23C8 00003C (v01 BOCHS  BXPCMCFG 00000001 BXPC 00000001)
[STDERR  ] 2017-07-19T14:07:39.96481441Z: [    0.000000] Zone ranges:
[STDERR  ] 2017-07-19T14:07:39.96482534Z: [    0.000000]   DMA      [mem 0x0000000000001000-0x0000000000ffffff]
[STDERR  ] 2017-07-19T14:07:39.964835884Z: [    0.000000]   DMA32    [mem 0x0000000001000000-0x000000003ffdefff]
[STDERR  ] 2017-07-19T14:07:39.96484668Z: [    0.000000]   Normal   empty
[STDERR  ] 2017-07-19T14:07:39.964857275Z: [    0.000000] Movable zone start for each node
[STDERR  ] 2017-07-19T14:07:39.964867809Z: [    0.000000] Early memory node ranges
[STDERR  ] 2017-07-19T14:07:39.964878355Z: [    0.000000]   node   0: [mem 0x0000000000001000-0x000000000009efff]
[STDERR  ] 2017-07-19T14:07:39.964893969Z: [    0.000000]   node   0: [mem 0x0000000000100000-0x000000003ffdefff]
[STDERR  ] 2017-07-19T14:07:39.964904762Z: [    0.000000] Initmem setup node 0 [mem 0x0000000000001000-0x000000003ffdefff]
[STDERR  ] 2017-07-19T14:07:39.964915249Z: [    0.000000] ACPI: PM-Timer IO Port: 0x608
[STDERR  ] 2017-07-19T14:07:39.964925993Z: [    0.000000] ACPI: LAPIC_NMI (acpi_id[0xff] dfl dfl lint[0x1])
[STDERR  ] 2017-07-19T14:07:39.964936757Z: [    0.000000] IOAPIC[0]: apic_id 0, version 32, address 0xfec00000, GSI 0-23
[STDERR  ] 2017-07-19T14:07:39.964947305Z: [    0.000000] ACPI: INT_SRC_OVR (bus 0 bus_irq 0 global_irq 2 dfl dfl)
[STDERR  ] 2017-07-19T14:07:39.964957906Z: [    0.000000] ACPI: INT_SRC_OVR (bus 0 bus_irq 5 global_irq 5 high level)
[STDERR  ] 2017-07-19T14:07:39.964968297Z: [    0.000000] ACPI: INT_SRC_OVR (bus 0 bus_irq 9 global_irq 9 high level)
[STDERR  ] 2017-07-19T14:07:39.964978692Z: [    0.000000] ACPI: INT_SRC_OVR (bus 0 bus_irq 10 global_irq 10 high level)
[STDERR  ] 2017-07-19T14:07:39.964992799Z: [    0.000000] ACPI: INT_SRC_OVR (bus 0 bus_irq 11 global_irq 11 high level)
[STDERR  ] 2017-07-19T14:07:39.965005183Z: [    0.000000] Using ACPI (MADT) for SMP configuration information
[STDERR  ] 2017-07-19T14:07:39.965015959Z: [    0.000000] ACPI: HPET id: 0x8086a201 base: 0xfed00000
[STDERR  ] 2017-07-19T14:07:39.965026612Z: [    0.000000] smpboot: Allowing 1 CPUs, 0 hotplug CPUs
[STDERR  ] 2017-07-19T14:07:39.965037205Z: [    0.000000] e820: [mem 0x40000000-0xafffffff] available for PCI devices
[STDERR  ] 2017-07-19T14:07:39.965049702Z: [    0.000000] Booting paravirtualized kernel on bare hardware
[STDERR  ] 2017-07-19T14:07:39.965063449Z: [    0.000000] clocksource: refined-jiffies: mask: 0xffffffff max_cycles: 0xffffffff, max_idle_ns: 19112604462750000 ns
[STDERR  ] 2017-07-19T14:07:39.965081549Z: [    0.000000] setup_percpu: NR_CPUS:128 nr_cpumask_bits:128 nr_cpu_ids:1 nr_node_ids:1
[STDERR  ] 2017-07-19T14:07:39.965095447Z: [    0.000000] PERCPU: Embedded 33 pages/cpu @ffff88003ee00000 s95832 r8192 d31144 u2097152
[STDERR  ] 2017-07-19T14:07:39.965106223Z: [    0.000000] Built 1 zonelists in Zone order, mobility grouping on.  Total pages: 257896
[STDERR  ] 2017-07-19T14:07:39.965116822Z: [    0.000000] Kernel command line: console=ttyS0
[STDERR  ] 2017-07-19T14:07:39.965127526Z: [    0.000000] PID hash table entries: 4096 (order: 3, 32768 bytes)
[STDERR  ] 2017-07-19T14:07:39.96513823Z: [    0.000000] Dentry cache hash table entries: 131072 (order: 8, 1048576 bytes)
[STDERR  ] 2017-07-19T14:07:39.9651489Z: [    0.000000] Inode-cache hash table entries: 65536 (order: 7, 524288 bytes)
[STDERR  ] 2017-07-19T14:07:39.965159785Z: [    0.000000] Memory: 998988K/1048052K available (7596K kernel code, 1261K rwdata, 2696K rodata, 1296K init, 688K bss, 49064K reserved, 0K cma-reserved)
[STDERR  ] 2017-07-19T14:07:39.965174715Z: [    0.000000] Hierarchical RCU implementation.
[STDERR  ] 2017-07-19T14:07:39.965185516Z: [    0.000000] 	Build-time adjustment of leaf fanout to 64.
[STDERR  ] 2017-07-19T14:07:39.965197903Z: [    0.000000] 	RCU restricting CPUs from NR_CPUS=128 to nr_cpu_ids=1.
[STDERR  ] 2017-07-19T14:07:39.96520846Z: [    0.000000] RCU: Adjusting geometry for rcu_fanout_leaf=64, nr_cpu_ids=1
[STDERR  ] 2017-07-19T14:07:39.965219007Z: [    0.000000] NR_IRQS:8448 nr_irqs:256 16
[STDERR  ] 2017-07-19T14:07:39.96523311Z: [    0.000000] Console: colour VGA+ 80x25
[STDERR  ] 2017-07-19T14:07:39.965246582Z: [    0.000000] console [ttyS0] enabled
[STDERR  ] 2017-07-19T14:07:39.96525733Z: [    0.000000] clocksource: hpet: mask: 0xffffffff max_cycles: 0xffffffff, max_idle_ns: 19112604467 ns
[STDERR  ] 2017-07-19T14:07:39.965268256Z: [    0.000000] tsc: Fast TSC calibration using PIT
[STDERR  ] 2017-07-19T14:07:39.965278722Z: [    0.000000] tsc: Detected 2600.020 MHz processor
[STDERR  ] 2017-07-19T14:07:39.965289112Z: [    0.033404] Calibrating delay loop (skipped), value calculated using timer frequency.. 5200.04 BogoMIPS (lpj=26000200)
[STDERR  ] 2017-07-19T14:07:39.965300255Z: [    0.035119] pid_max: default: 32768 minimum: 301
[STDERR  ] 2017-07-19T14:07:39.965310596Z: [    0.036122] ACPI: Core revision 20150930
[STDERR  ] 2017-07-19T14:07:39.965320998Z: [    0.076987] ACPI: 1 ACPI AML tables successfully acquired and loaded
[STDERR  ] 2017-07-19T14:07:39.965331432Z: [    0.079246] Security Framework initialized
[STDERR  ] 2017-07-19T14:07:39.965341954Z: [    0.079704] Yama: becoming mindful.
[STDERR  ] 2017-07-19T14:07:39.965352352Z: [    0.082839] Mount-cache hash table entries: 2048 (order: 2, 16384 bytes)
[STDERR  ] 2017-07-19T14:07:39.965368859Z: [    0.083517] Mountpoint-cache hash table entries: 2048 (order: 2, 16384 bytes)
[STDERR  ] 2017-07-19T14:07:39.965382811Z: [    0.101666] Initializing cgroup subsys io
[STDERR  ] 2017-07-19T14:07:39.965393356Z: [    0.102547] Initializing cgroup subsys memory
[STDERR  ] 2017-07-19T14:07:39.965403685Z: [    0.103559] Initializing cgroup subsys devices
[STDERR  ] 2017-07-19T14:07:39.965414181Z: [    0.104105] Initializing cgroup subsys freezer
[STDERR  ] 2017-07-19T14:07:39.965430004Z: [    0.104674] Initializing cgroup subsys net_cls
[STDERR  ] 2017-07-19T14:07:39.965440408Z: [    0.105181] Initializing cgroup subsys perf_event
[STDERR  ] 2017-07-19T14:07:39.965450836Z: [    0.105731] Initializing cgroup subsys net_prio
[STDERR  ] 2017-07-19T14:07:39.965461114Z: [    0.106285] Initializing cgroup subsys hugetlb
[STDERR  ] 2017-07-19T14:07:39.965471519Z: [    0.106762] Initializing cgroup subsys pids
[STDERR  ] 2017-07-19T14:07:39.965481982Z: [    0.109270] Last level iTLB entries: 4KB 0, 2MB 0, 4MB 0
[STDERR  ] 2017-07-19T14:07:39.965492461Z: [    0.109710] Last level dTLB entries: 4KB 0, 2MB 0, 4MB 0, 1GB 0
[STDERR  ] 2017-07-19T14:07:39.965502839Z: [    0.366775] Freeing SMP alternatives memory: 20K (ffffffff8fe81000 - ffffffff8fe86000)
[STDERR  ] 2017-07-19T14:07:39.965513412Z: [    0.376467] ftrace: allocating 33335 entries in 131 pages
[STDERR  ] 2017-07-19T14:07:39.965523855Z: [    0.527358] ..TIMER: vector=0x30 apic1=0 pin1=2 apic2=-1 pin2=-1
[STDERR  ] 2017-07-19T14:07:39.965534292Z: [    0.630000] smpboot: CPU0: AMD QEMU Virtual CPU version 2.5+ (family: 0x6, model: 0x6, stepping: 0x3)
[STDERR  ] 2017-07-19T14:07:39.965546558Z: [    0.630000] Performance Events: Broken PMU hardware detected, using software events only.
[STDERR  ] 2017-07-19T14:07:39.965557051Z: [    0.630000] Failed to access perfctr msr (MSR c0010007 is 0)
[STDERR  ] 2017-07-19T14:07:39.965567615Z: [    0.636311] x86: Booted up 1 node, 1 CPUs
[STDERR  ] 2017-07-19T14:07:39.965577964Z: [    0.636751] smpboot: Total of 1 processors activated (5200.04 BogoMIPS)
[STDERR  ] 2017-07-19T14:07:39.965589934Z: [    0.643226] NMI watchdog: disabled (cpu0): hardware events not enabled
[STDERR  ] 2017-07-19T14:07:39.965600439Z: [    0.643729] NMI watchdog: Shutting down hard lockup detector on all cpus
[STDERR  ] 2017-07-19T14:07:39.965610744Z: [    0.653742] devtmpfs: initialized
[STDERR  ] 2017-07-19T14:07:39.965621159Z: [    0.723546] clocksource: jiffies: mask: 0xffffffff max_cycles: 0xffffffff, max_idle_ns: 19112604462750000 ns
[STDERR  ] 2017-07-19T14:07:39.965631546Z: [    0.724677] futex hash table entries: 256 (order: 2, 16384 bytes)
[STDERR  ] 2017-07-19T14:07:39.965641941Z: [    0.738972] NET: Registered protocol family 16
[STDERR  ] 2017-07-19T14:07:39.965657114Z: [    0.747832] cpuidle: using governor ladder
[STDERR  ] 2017-07-19T14:07:39.965670688Z: [    0.748226] cpuidle: using governor menu
[STDERR  ] 2017-07-19T14:07:39.965681268Z: [    0.750135] ACPI: bus type PCI registered
[STDERR  ] 2017-07-19T14:07:39.965696434Z: [    0.753374] PCI: MMCONFIG for domain 0000 [bus 00-ff] at [mem 0xb0000000-0xbfffffff] (base 0xb0000000)
[STDERR  ] 2017-07-19T14:07:39.965712118Z: [    0.754327] PCI: MMCONFIG at [mem 0xb0000000-0xbfffffff] reserved in E820
[STDERR  ] 2017-07-19T14:07:39.965722799Z: [    0.755712] PCI: Using configuration type 1 for base access
[STDERR  ] 2017-07-19T14:07:39.965733394Z: [    0.816210] ACPI: Added _OSI(Module Device)
[STDERR  ] 2017-07-19T14:07:39.965745685Z: [    0.816524] ACPI: Added _OSI(Processor Device)
[STDERR  ] 2017-07-19T14:07:39.965756276Z: [    0.816977] ACPI: Added _OSI(3.0 _SCP Extensions)
[STDERR  ] 2017-07-19T14:07:39.965766635Z: [    0.817272] ACPI: Added _OSI(Processor Aggregator Device)
[STDERR  ] 2017-07-19T14:07:39.965777084Z: [    0.892447] ACPI: Interpreter enabled
[STDERR  ] 2017-07-19T14:07:39.965787438Z: [    0.893359] ACPI: (supports S0 S5)
[STDERR  ] 2017-07-19T14:07:39.965797767Z: [    0.893680] ACPI: Using IOAPIC for interrupt routing
[STDERR  ] 2017-07-19T14:07:39.965808168Z: [    0.896287] PCI: Using host bridge windows from ACPI; if necessary, use "pci=nocrs" and report a bug
[STDERR  ] 2017-07-19T14:07:39.965859844Z: [    0.957039] ACPI: PCI Root Bridge [PCI0] (domain 0000 [bus 00-ff])
[STDERR  ] 2017-07-19T14:07:39.965871195Z: [    0.957981] acpi PNP0A08:00: _OSC: OS supports [ExtendedConfig ASPM ClockPM Segments MSI]
[STDERR  ] 2017-07-19T14:07:39.965881805Z: [    0.965188] acpi PNP0A08:00: _OSC: OS now controls [PCIeHotplug PME PCIeCapability]
[STDERR  ] 2017-07-19T14:07:39.965896453Z: [    0.968931] PCI host bridge to bus 0000:00
[STDERR  ] 2017-07-19T14:07:39.965906877Z: [    0.969446] pci_bus 0000:00: root bus resource [io  0x0000-0x0cf7 window]
[STDERR  ] 2017-07-19T14:07:39.96591752Z: [    0.970091] pci_bus 0000:00: root bus resource [io  0x0d00-0xffff window]
[STDERR  ] 2017-07-19T14:07:39.965927983Z: [    0.970523] pci_bus 0000:00: root bus resource [mem 0x000a0000-0x000bffff window]
[STDERR  ] 2017-07-19T14:07:39.965940368Z: [    0.971002] pci_bus 0000:00: root bus resource [mem 0xc0000000-0xfebfffff window]
[STDERR  ] 2017-07-19T14:07:39.965950874Z: [    0.971670] pci_bus 0000:00: root bus resource [bus 00-ff]
[STDERR  ] 2017-07-19T14:07:39.965964508Z: [    1.062319] pci 0000:00:1f.0: quirk: [io  0x0600-0x067f] claimed by ICH6 ACPI/GPIO/TCO
[STDERR  ] 2017-07-19T14:07:39.965976635Z: [    1.122023] ACPI: PCI Interrupt Link [LNKA] (IRQs 5 *10 11)
[STDERR  ] 2017-07-19T14:07:39.965987191Z: [    1.124723] ACPI: PCI Interrupt Link [LNKB] (IRQs 5 *10 11)
[STDERR  ] 2017-07-19T14:07:39.966005194Z: [    1.127062] ACPI: PCI Interrupt Link [LNKC] (IRQs 5 10 *11)
[STDERR  ] 2017-07-19T14:07:39.966015774Z: [    1.129219] ACPI: PCI Interrupt Link [LNKD] (IRQs 5 10 *11)
[STDERR  ] 2017-07-19T14:07:39.966026308Z: [    1.130491] ACPI: PCI Interrupt Link [LNKE] (IRQs 5 *10 11)
[STDERR  ] 2017-07-19T14:07:39.966039434Z: [    1.132797] ACPI: PCI Interrupt Link [LNKF] (IRQs 5 *10 11)
[STDERR  ] 2017-07-19T14:07:39.96605003Z: [    1.135147] ACPI: PCI Interrupt Link [LNKG] (IRQs 5 10 *11)
[STDERR  ] 2017-07-19T14:07:39.966060364Z: [    1.136946] ACPI: PCI Interrupt Link [LNKH] (IRQs 5 10 *11)
[STDERR  ] 2017-07-19T14:07:39.966070673Z: [    1.137910] ACPI: PCI Interrupt Link [GSIA] (IRQs *16)
[STDERR  ] 2017-07-19T14:07:39.966081181Z: [    1.138604] ACPI: PCI Interrupt Link [GSIB] (IRQs *17)
[STDERR  ] 2017-07-19T14:07:39.96609163Z: [    1.140229] ACPI: PCI Interrupt Link [GSIC] (IRQs *18)
[STDERR  ] 2017-07-19T14:07:39.966104458Z: [    1.140896] ACPI: PCI Interrupt Link [GSID] (IRQs *19)
[STDERR  ] 2017-07-19T14:07:39.966114977Z: [    1.141619] ACPI: PCI Interrupt Link [GSIE] (IRQs *20)
[STDERR  ] 2017-07-19T14:07:39.966125394Z: [    1.142321] ACPI: PCI Interrupt Link [GSIF] (IRQs *21)
[STDERR  ] 2017-07-19T14:07:39.96613744Z: [    1.143011] ACPI: PCI Interrupt Link [GSIG] (IRQs *22)
[STDERR  ] 2017-07-19T14:07:39.966151558Z: [    1.143728] ACPI: PCI Interrupt Link [GSIH] (IRQs *23)
[STDERR  ] 2017-07-19T14:07:39.966161895Z: [    1.147794] ACPI: Enabled 2 GPEs in block 00 to 3F
[STDERR  ] 2017-07-19T14:07:39.966172424Z: [    1.152104] SCSI subsystem initialized
[STDERR  ] 2017-07-19T14:07:39.966182875Z: [    1.154096] ACPI: bus type USB registered
[STDERR  ] 2017-07-19T14:07:39.966193367Z: [    1.155327] usbcore: registered new interface driver usbfs
[STDERR  ] 2017-07-19T14:07:39.96620369Z: [    1.156235] usbcore: registered new interface driver hub
[STDERR  ] 2017-07-19T14:07:39.966214077Z: [    1.157090] usbcore: registered new device driver usb
[STDERR  ] 2017-07-19T14:07:39.966224441Z: [    1.158362] pps_core: LinuxPPS API ver. 1 registered
[STDERR  ] 2017-07-19T14:07:39.966234803Z: [    1.158691] pps_core: Software ver. 5.3.6 - Copyright 2005-2007 Rodolfo Giometti <giometti@linux.it>
[STDERR  ] 2017-07-19T14:07:39.966245546Z: [    1.159438] PTP clock support registered
[STDERR  ] 2017-07-19T14:07:39.96625783Z: [    1.160952] wmi: Mapper loaded
[STDERR  ] 2017-07-19T14:07:39.966268509Z: [    1.162086] PCI: Using ACPI for IRQ routing
[STDERR  ] 2017-07-19T14:07:39.96628078Z: [    1.180775] NetLabel: Initializing
[STDERR  ] 2017-07-19T14:07:39.966291283Z: [    1.181116] NetLabel:  domain hash size = 128
[STDERR  ] 2017-07-19T14:07:39.96630169Z: [    1.181424] NetLabel:  protocols = UNLABELED CIPSOv4
[STDERR  ] 2017-07-19T14:07:39.966312219Z: [    1.184046] NetLabel:  unlabeled traffic allowed by default
[STDERR  ] 2017-07-19T14:07:39.966329127Z: [    1.185427] HPET: 3 timers in total, 0 timers will be used for per-cpu timer
[STDERR  ] 2017-07-19T14:07:39.966343727Z: [    1.186276] hpet0: at MMIO 0xfed00000, IRQs 2, 8, 0
[STDERR  ] 2017-07-19T14:07:39.966354443Z: [    1.186877] hpet0: 3 comparators, 64-bit 100.000000 MHz counter
[STDERR  ] 2017-07-19T14:07:39.96636512Z: [    1.191224] amd_nb: Cannot enumerate AMD northbridges
[STDERR  ] 2017-07-19T14:07:39.966379883Z: [    1.192334] clocksource: Switched to clocksource hpet
[STDERR  ] 2017-07-19T14:07:39.966390623Z: [    1.410695] FS-Cache: Loaded
[STDERR  ] 2017-07-19T14:07:39.966401106Z: [    1.416543] CacheFiles: Loaded
[STDERR  ] 2017-07-19T14:07:39.966411683Z: [    1.418797] pnp: PnP ACPI init
[STDERR  ] 2017-07-19T14:07:39.966422089Z: [    1.430350] pnp: PnP ACPI: found 5 devices
[STDERR  ] 2017-07-19T14:07:39.966432547Z: [    1.479374] clocksource: acpi_pm: mask: 0xffffff max_cycles: 0xffffff, max_idle_ns: 2085701024 ns
[STDERR  ] 2017-07-19T14:07:39.966443179Z: [    1.482881] NET: Registered protocol family 2
[STDERR  ] 2017-07-19T14:07:39.966453542Z: [    1.490449] TCP established hash table entries: 8192 (order: 4, 65536 bytes)
[STDERR  ] 2017-07-19T14:07:39.966464019Z: [    1.491360] TCP bind hash table entries: 8192 (order: 5, 131072 bytes)
[STDERR  ] 2017-07-19T14:07:39.966474386Z: [    1.492119] TCP: Hash tables configured (established 8192 bind 8192)
[STDERR  ] 2017-07-19T14:07:39.966484672Z: [    1.493684] UDP hash table entries: 512 (order: 2, 16384 bytes)
[STDERR  ] 2017-07-19T14:07:39.966495094Z: [    1.494329] UDP-Lite hash table entries: 512 (order: 2, 16384 bytes)
[STDERR  ] 2017-07-19T14:07:39.966505417Z: [    1.496720] NET: Registered protocol family 1
[STDERR  ] 2017-07-19T14:07:39.966515856Z: [    1.503662] Unpacking initramfs...
[STDERR  ] 2017-07-19T14:07:39.966764585Z: [    4.066383] Freeing initrd memory: 15092K (ffff88003f113000 - ffff88003ffd0000)
[STDERR  ] 2017-07-19T14:07:39.966784525Z: [    4.091193] PCLMULQDQ-NI instructions are not detected.
[STDERR  ] 2017-07-19T14:07:39.966802565Z: [    4.093018] AVX or AES-NI instructions are not detected.
[STDERR  ] 2017-07-19T14:07:39.966820828Z: [    4.093597] CPU feature 'AVX registers' is not supported.
[STDERR  ] 2017-07-19T14:07:39.966855683Z: [    4.094091] CPU feature 'AVX registers' is not supported.
[STDERR  ] 2017-07-19T14:07:39.966876832Z: [    4.094571] CPU feature 'AVX registers' is not supported.
[STDERR  ] 2017-07-19T14:07:39.966900878Z: [    4.095057] CPU feature 'AVX registers' is not supported.
[STDERR  ] 2017-07-19T14:07:39.966919461Z: [    4.095512] AVX2 or AES-NI instructions are not detected.
[STDERR  ] 2017-07-19T14:07:39.966945023Z: [    4.096003] AVX2 instructions are not detected.
[STDERR  ] 2017-07-19T14:07:39.966971532Z: [    4.103332] audit: initializing netlink subsys (disabled)
[STDERR  ] 2017-07-19T14:07:39.967039213Z: [    4.105644] audit: type=2000 audit(1500473225.100:1): initialized
[STDERR  ] 2017-07-19T14:07:39.967049329Z: [    4.114072] HugeTLB registered 2 MB page size, pre-allocated 0 pages
[STDERR  ] 2017-07-19T14:07:39.967059712Z: [    4.117647] VFS: Disk quotas dquot_6.6.0
[STDERR  ] 2017-07-19T14:07:39.967071023Z: [    4.118333] VFS: Dquot-cache hash table entries: 512 (order 0, 4096 bytes)
[STDERR  ] 2017-07-19T14:07:39.967081026Z: [    4.124514] FS-Cache: Netfs 'cifs' registered for caching
[STDERR  ] 2017-07-19T14:07:39.967089483Z: [    4.125692] fuse init (API version 7.23)
[STDERR  ] 2017-07-19T14:07:39.967098776Z: [    4.128034] SGI XFS with ACLs, security attributes, no debug enabled
[STDERR  ] 2017-07-19T14:07:39.967108611Z: [    4.131145] 9p: Installing v9fs 9p2000 file system support
[STDERR  ] 2017-07-19T14:07:39.967117462Z: [    4.131651] FS-Cache: Netfs '9p' registered for caching
[STDERR  ] 2017-07-19T14:07:39.967126635Z: [    4.133485] Key type big_key registered
[STDERR  ] 2017-07-19T14:07:39.967135843Z: [    4.165532] NET: Registered protocol family 38
[STDERR  ] 2017-07-19T14:07:39.967144755Z: [    4.166174] Key type asymmetric registered
[STDERR  ] 2017-07-19T14:07:39.967154333Z: [    4.166580] Asymmetric key parser 'x509' registered
[STDERR  ] 2017-07-19T14:07:39.96717187Z: [    4.167587] Block layer SCSI generic (bsg) driver version 0.4 loaded (major 251)
[STDERR  ] 2017-07-19T14:07:39.96718176Z: [    4.169469] io scheduler noop registered
[STDERR  ] 2017-07-19T14:07:39.967191558Z: [    4.169912] io scheduler deadline registered (default)
[STDERR  ] 2017-07-19T14:07:39.967201072Z: [    4.171934] io scheduler cfq registered
[STDERR  ] 2017-07-19T14:07:39.967209911Z: [    4.174742] pci_hotplug: PCI Hot Plug PCI Core version: 0.5
[STDERR  ] 2017-07-19T14:07:39.967219624Z: [    4.175449] pciehp: PCI Express Hot Plug Controller Driver version: 0.4
[STDERR  ] 2017-07-19T14:07:39.967231721Z: [    4.176503] shpchp: Standard Hot Plug PCI Controller Driver version: 0.4
[STDERR  ] 2017-07-19T14:07:39.96724117Z: [    4.177555] hv_vmbus: registering driver hyperv_fb
[STDERR  ] 2017-07-19T14:07:39.967250694Z: [    4.182200] input: Power Button as /devices/LNXSYSTM:00/LNXPWRBN:00/input/input0
[STDERR  ] 2017-07-19T14:07:39.967263804Z: [    4.183452] ACPI: Power Button [PWRF]
[STDERR  ] 2017-07-19T14:07:39.967273648Z: [    4.191307] GHES: HEST is not enabled!
[STDERR  ] 2017-07-19T14:07:39.967283272Z: [    4.204374] ACPI: PCI Interrupt Link [GSIH] enabled at IRQ 23
[STDERR  ] 2017-07-19T14:07:39.967292891Z: [    4.210889] xenfs: not registering filesystem on non-xen platform
[STDERR  ] 2017-07-19T14:07:39.96730274Z: [    4.213096] Serial: 8250/16550 driver, 4 ports, IRQ sharing disabled
[STDERR  ] 2017-07-19T14:07:39.967312681Z: [    4.237517] 00:04: ttyS0 at I/O 0x3f8 (irq = 4, base_baud = 115200) is a 16550A
[STDERR  ] 2017-07-19T14:07:39.967322394Z: [    4.250607] Non-volatile memory driver v1.3
[STDERR  ] 2017-07-19T14:07:39.96733203Z: [    4.256839] Hangcheck: starting hangcheck timer 0.9.1 (tick is 180 seconds, margin is 60 seconds).
[STDERR  ] 2017-07-19T14:07:39.96734206Z: [    4.295710] loop: module loaded
[STDERR  ] 2017-07-19T14:07:39.967351778Z: [    4.309412] nbd: registered device at major 43
[STDERR  ] 2017-07-19T14:07:39.967361344Z: [    4.348797] lpc_ich 0000:00:1f.0: I/O space for GPIO uninitialized
[STDERR  ] 2017-07-19T14:07:39.967370362Z: [    4.351370] VMware PVSCSI driver - version 1.0.5.0-k
[STDERR  ] 2017-07-19T14:07:39.967379722Z: [    4.352343] hv_vmbus: registering driver hv_storvsc
[STDERR  ] 2017-07-19T14:07:39.96738946Z: [    4.362020] ACPI: PCI Interrupt Link [GSIA] enabled at IRQ 16
[STDERR  ] 2017-07-19T14:07:39.967404525Z: [    4.367729] ahci 0000:00:1f.2: AHCI 0001.0000 32 slots 6 ports 1.5 Gbps 0x3f impl SATA mode
[STDERR  ] 2017-07-19T14:07:39.967414262Z: [    4.368465] ahci 0000:00:1f.2: flags: 64bit ncq only 
[STDERR  ] 2017-07-19T14:07:39.967423247Z: [    4.388103] scsi host0: ahci
[STDERR  ] 2017-07-19T14:07:39.96743237Z: [    4.392739] scsi host1: ahci
[STDERR  ] 2017-07-19T14:07:39.967440924Z: [    4.395099] scsi host2: ahci
[STDERR  ] 2017-07-19T14:07:39.967449661Z: [    4.397276] scsi host3: ahci
[STDERR  ] 2017-07-19T14:07:39.96746269Z: [    4.400589] scsi host4: ahci
[STDERR  ] 2017-07-19T14:07:39.967470901Z: [    4.403195] scsi host5: ahci
[STDERR  ] 2017-07-19T14:07:39.967479544Z: [    4.405050] ata1: SATA max UDMA/133 abar m4096@0xfebf1000 port 0xfebf1100 irq 24
[STDERR  ] 2017-07-19T14:07:39.967496752Z: [    4.405618] ata2: SATA max UDMA/133 abar m4096@0xfebf1000 port 0xfebf1180 irq 24
[STDERR  ] 2017-07-19T14:07:39.96751006Z: [    4.406092] ata3: SATA max UDMA/133 abar m4096@0xfebf1000 port 0xfebf1200 irq 24
[STDERR  ] 2017-07-19T14:07:39.967519905Z: [    4.406560] ata4: SATA max UDMA/133 abar m4096@0xfebf1000 port 0xfebf1280 irq 24
[STDERR  ] 2017-07-19T14:07:39.967531891Z: [    4.407063] ata5: SATA max UDMA/133 abar m4096@0xfebf1000 port 0xfebf1300 irq 24
[STDERR  ] 2017-07-19T14:07:39.967541627Z: [    4.407519] ata6: SATA max UDMA/133 abar m4096@0xfebf1000 port 0xfebf1380 irq 24
[STDERR  ] 2017-07-19T14:07:39.967547537Z: [    4.419661] tun: Universal TUN/TAP device driver, 1.6
[STDERR  ] 2017-07-19T14:07:39.967554841Z: [    4.420025] tun: (C) 1999-2004 Max Krasnyansky <maxk@qualcomm.com>
[STDERR  ] 2017-07-19T14:07:39.967560727Z: [    4.422317] VMware vmxnet3 virtual NIC driver - version 1.4.5.0-k-NAPI
[STDERR  ] 2017-07-19T14:07:39.967571598Z: [    4.423267] hv_vmbus: registering driver hv_netvsc
[STDERR  ] 2017-07-19T14:07:39.96758204Z: [    4.423584] Fusion MPT base driver 3.04.20
[STDERR  ] 2017-07-19T14:07:39.967592215Z: [    4.423842] Copyright (c) 1999-2008 LSI Corporation
[STDERR  ] 2017-07-19T14:07:39.967604602Z: [    4.424538] Fusion MPT SPI Host driver 3.04.20
[STDERR  ] 2017-07-19T14:07:39.967613917Z: [    4.426602] i8042: PNP: PS/2 Controller [PNP0303:KBD,PNP0f13:MOU] at 0x60,0x64 irq 1,12
[STDERR  ] 2017-07-19T14:07:39.967623955Z: [    4.431334] serio: i8042 KBD port at 0x60,0x64 irq 1
[STDERR  ] 2017-07-19T14:07:39.967634198Z: [    4.432025] serio: i8042 AUX port at 0x60,0x64 irq 12
[STDERR  ] 2017-07-19T14:07:39.967641494Z: [    4.435082] hv_vmbus: registering driver hyperv_keyboard
[STDERR  ] 2017-07-19T14:07:39.967647847Z: [    4.437147] mousedev: PS/2 mouse device common for all mice
[STDERR  ] 2017-07-19T14:07:39.967653256Z: [    4.442412] input: AT Translated Set 2 keyboard as /devices/platform/i8042/serio0/input/input1
[STDERR  ] 2017-07-19T14:07:39.967659717Z: [    4.445310] input: PC Speaker as /devices/platform/pcspkr/input/input2
[STDERR  ] 2017-07-19T14:07:39.967671777Z: [    4.448719] rtc_cmos 00:00: RTC can wake from S4
[STDERR  ] 2017-07-19T14:07:39.967682186Z: [    4.452252] rtc_cmos 00:00: rtc core: registered rtc_cmos as rtc0
[STDERR  ] 2017-07-19T14:07:39.967693419Z: [    4.453605] rtc_cmos 00:00: alarms up to one day, y3k, 114 bytes nvram, hpet irqs
[STDERR  ] 2017-07-19T14:07:39.967715347Z: [    4.454422] i2c /dev entries driver
[STDERR  ] 2017-07-19T14:07:39.96772448Z: [    4.456274] device-mapper: ioctl: 4.34.0-ioctl (2015-10-28) initialised: dm-devel@redhat.com
[STDERR  ] 2017-07-19T14:07:39.967732294Z: [    4.461846] usbcore: registered new interface driver usbhid
[STDERR  ] 2017-07-19T14:07:39.967738054Z: [    4.462270] usbhid: USB HID core driver
[STDERR  ] 2017-07-19T14:07:39.967744283Z: [    4.463040] hv_utils: Registering HyperV Utility Driver
[STDERR  ] 2017-07-19T14:07:39.96775513Z: [    4.463364] hv_vmbus: registering driver hv_util
[STDERR  ] 2017-07-19T14:07:39.967765124Z: [    4.463688] hv_vmbus: registering driver hv_balloon
[STDERR  ] 2017-07-19T14:07:39.967774873Z: [    4.464296] oprofile: using NMI interrupt.
[STDERR  ] 2017-07-19T14:07:39.967789751Z: [    4.465480] GACT probability on
[STDERR  ] 2017-07-19T14:07:39.967799736Z: [    4.465926] Mirror/redirect action on
[STDERR  ] 2017-07-19T14:07:39.967809043Z: [    4.466497] Simple TC action Loaded
[STDERR  ] 2017-07-19T14:07:39.967818101Z: [    4.466899] u32 classifier
[STDERR  ] 2017-07-19T14:07:39.967827267Z: [    4.467113]     Performance counters on
[STDERR  ] 2017-07-19T14:07:39.967836339Z: [    4.467384]     input device check on
[STDERR  ] 2017-07-19T14:07:39.967845191Z: [    4.467621]     Actions configured
[STDERR  ] 2017-07-19T14:07:39.96785423Z: [    4.468534] Netfilter messages via NETLINK v0.30.
[STDERR  ] 2017-07-19T14:07:39.967864341Z: [    4.469454] nfnl_acct: registering with nfnetlink.
[STDERR  ] 2017-07-19T14:07:39.967873517Z: [    4.470966] nf_conntrack version 0.5.0 (7922 buckets, 31688 max)
[STDERR  ] 2017-07-19T14:07:39.967882576Z: [    4.474590] ctnetlink v0.93: registering with nfnetlink.
[STDERR  ] 2017-07-19T14:07:39.967892363Z: [    4.478283] nf_tables: (c) 2007-2009 Patrick McHardy <kaber@trash.net>
[STDERR  ] 2017-07-19T14:07:39.967901297Z: [    4.479368] nf_tables_compat: (c) 2012 Pablo Neira Ayuso <pablo@netfilter.org>
[STDERR  ] 2017-07-19T14:07:39.96791034Z: [    4.483184] xt_time: kernel timezone is -0000
[STDERR  ] 2017-07-19T14:07:39.967920409Z: [    4.483779] ip_set: protocol 6
[STDERR  ] 2017-07-19T14:07:39.967929447Z: [    4.485110] IPVS: Registered protocols (TCP, UDP, SCTP, AH, ESP)
[STDERR  ] 2017-07-19T14:07:39.967941136Z: [    4.485904] IPVS: Connection hash table configured (size=4096, memory=64Kbytes)
[STDERR  ] 2017-07-19T14:07:39.96795127Z: [    4.487691] IPVS: Creating netns size=2096 id=0
[STDERR  ] 2017-07-19T14:07:39.967966656Z: [    4.490497] IPVS: ipvs loaded.
[STDERR  ] 2017-07-19T14:07:39.967975811Z: [    4.490928] IPVS: [rr] scheduler registered.
[STDERR  ] 2017-07-19T14:07:39.967984911Z: [    4.491307] IPVS: [wrr] scheduler registered.
[STDERR  ] 2017-07-19T14:07:39.967994017Z: [    4.491679] IPVS: [lc] scheduler registered.
[STDERR  ] 2017-07-19T14:07:39.96800302Z: [    4.492025] IPVS: [wlc] scheduler registered.
[STDERR  ] 2017-07-19T14:07:39.968012263Z: [    4.492394] IPVS: [fo] scheduler registered.
[STDERR  ] 2017-07-19T14:07:39.968021701Z: [    4.492763] IPVS: [ovf] scheduler registered.
[STDERR  ] 2017-07-19T14:07:39.968030826Z: [    4.493316] IPVS: [lblc] scheduler registered.
[STDERR  ] 2017-07-19T14:07:39.968041109Z: [    4.493776] IPVS: [lblcr] scheduler registered.
[STDERR  ] 2017-07-19T14:07:39.968050266Z: [    4.494098] IPVS: [dh] scheduler registered.
[STDERR  ] 2017-07-19T14:07:39.968063493Z: [    4.494451] IPVS: [sh] scheduler registered.
[STDERR  ] 2017-07-19T14:07:39.968072753Z: [    4.494774] IPVS: [sed] scheduler registered.
[STDERR  ] 2017-07-19T14:07:39.968081763Z: [    4.495110] IPVS: [nq] scheduler registered.
[STDERR  ] 2017-07-19T14:07:39.968091151Z: [    4.495976] IPVS: ftp: loaded support on port[0] = 21
[STDERR  ] 2017-07-19T14:07:39.968100774Z: [    4.496860] ipip: IPv4 over IPv4 tunneling driver
[STDERR  ] 2017-07-19T14:07:39.968109783Z: [    4.501660] gre: GRE over IPv4 demultiplexor driver
[STDERR  ] 2017-07-19T14:07:39.968118886Z: [    4.505304] ip_tables: (C) 2000-2006 Netfilter Core Team
[STDERR  ] 2017-07-19T14:07:39.968127855Z: [    4.508290] ipt_CLUSTERIP: ClusterIP Version 0.8 loaded successfully
[STDERR  ] 2017-07-19T14:07:39.968136846Z: [    4.509194] arp_tables: (C) 2002 David S. Miller
[STDERR  ] 2017-07-19T14:07:39.968145853Z: [    4.512022] NET: Registered protocol family 10
[STDERR  ] 2017-07-19T14:07:39.968154978Z: [    4.520647] ip6_tables: (C) 2000-2006 Netfilter Core Team
[STDERR  ] 2017-07-19T14:07:39.968163982Z: [    4.525104] NET: Registered protocol family 17
[STDERR  ] 2017-07-19T14:07:39.96817381Z: [    4.526118] bridge: automatic filtering via arp/ip/ip6tables has been deprecated. Update your scripts to load br_netfilter if you need this.
[STDERR  ] 2017-07-19T14:07:39.968184539Z: [    4.527515] Bridge firewalling registered
[STDERR  ] 2017-07-19T14:07:39.9682002Z: [    4.528176] Ebtables v2.0 registered
[STDERR  ] 2017-07-19T14:07:39.968209868Z: [    4.531244] 8021q: 802.1Q VLAN Support v1.8
[STDERR  ] 2017-07-19T14:07:39.968220269Z: [    4.532710] 9pnet: Installing 9P2000 support
[STDERR  ] 2017-07-19T14:07:39.968229502Z: [    4.534336] Key type dns_resolver registered
[STDERR  ] 2017-07-19T14:07:39.968238575Z: [    4.535114] hv_sock: failed to load: VMBus 4 or later is required
[STDERR  ] 2017-07-19T14:07:39.96824826Z: [    4.535767] microcode: AMD CPU family 0x6 not supported
[STDERR  ] 2017-07-19T14:07:39.968257576Z: [    4.539600] registered taskstats version 1
[STDERR  ] 2017-07-19T14:07:39.968266442Z: [    4.679690] Key type encrypted registered
[STDERR  ] 2017-07-19T14:07:39.968275695Z: [    4.687691] rtc_cmos 00:00: setting system clock to 2017-07-19 14:07:06 UTC (1500473226)
[STDERR  ] 2017-07-19T14:07:39.968284768Z: [    4.761447] ata4: SATA link down (SStatus 0 SControl 300)
[STDERR  ] 2017-07-19T14:07:39.968296749Z: [    4.764429] ata5: SATA link down (SStatus 0 SControl 300)
[STDERR  ] 2017-07-19T14:07:39.968305845Z: [    4.765432] ata3: SATA link up 1.5 Gbps (SStatus 113 SControl 300)
[STDERR  ] 2017-07-19T14:07:39.96831493Z: [    4.769972] ata3.00: ATAPI: QEMU DVD-ROM, 2.5+, max UDMA/100
[STDERR  ] 2017-07-19T14:07:39.96832753Z: [    4.770916] ata3.00: applying bridge limits
[STDERR  ] 2017-07-19T14:07:39.968336858Z: [    4.772861] ata2: SATA link down (SStatus 0 SControl 300)
[STDERR  ] 2017-07-19T14:07:39.968346365Z: [    4.773494] ata1: SATA link down (SStatus 0 SControl 300)
[STDERR  ] 2017-07-19T14:07:39.96835531Z: [    4.774516] ata6: SATA link down (SStatus 0 SControl 300)
[STDERR  ] 2017-07-19T14:07:39.968364246Z: [    4.775780] ata3.00: configured for UDMA/100
[STDERR  ] 2017-07-19T14:07:39.9683847Z: [    4.787855] scsi 2:0:0:0: CD-ROM            QEMU     QEMU DVD-ROM     2.5+ PQ: 0 ANSI: 5
[STDERR  ] 2017-07-19T14:07:39.968398955Z: [    4.803801] sr 2:0:0:0: [sr0] scsi3-mmc drive: 4x/4x cd/rw xa/form2 tray
[STDERR  ] 2017-07-19T14:07:39.968408506Z: [    4.804606] cdrom: Uniform CD-ROM driver Revision: 3.20
[STDERR  ] 2017-07-19T14:07:39.968417393Z: [    4.813135] sr 2:0:0:0: Attached scsi generic sg0 type 5
[STDERR  ] 2017-07-19T14:07:39.968426286Z: [    4.942463] Freeing unused kernel memory: 1296K (ffffffff8fd3d000 - ffffffff8fe81000)
[STDERR  ] 2017-07-19T14:07:39.968435182Z: [    4.943071] Write protecting the kernel read-only data: 12288k
[STDERR  ] 2017-07-19T14:07:39.968444049Z: [    4.953794] Freeing unused kernel memory: 584K (ffff88000f76e000 - ffff88000f800000)
[STDERR  ] 2017-07-19T14:07:39.96845301Z: [    5.070496] Freeing unused kernel memory: 1400K (ffff88000faa2000 - ffff88000fc00000)
[STDERR  ] 2017-07-19T14:07:39.968462973Z: [    5.072220] tsc: Refined TSC clocksource calibration: 2600.009 MHz
[STDERR  ] 2017-07-19T14:07:39.968471713Z: [    5.072701] clocksource: tsc: mask: 0xffffffffffffffff max_cycles: 0x257a44c4d56, max_idle_ns: 440795316911 ns
[STDERR  ] 2017-07-19T14:07:39.968484169Z: [    6.081038] clocksource: Switched to clocksource tsc
[STDERR  ] 2017-07-19T14:07:39.968494485Z: [   10.165174] e1000: Intel(R) PRO/1000 Network Driver - version 7.3.21-k8-NAPI
[STDERR  ] 2017-07-19T14:07:39.968503489Z: [   10.165732] e1000: Copyright (c) 1999-2006 Intel Corporation.
[STDERR  ] 2017-07-19T14:07:39.968513013Z: [   10.185319] ACPI: PCI Interrupt Link [GSIG] enabled at IRQ 22
[STDERR  ] 2017-07-19T14:07:39.96852198Z: [   10.517784] e1000 0000:00:02.0 eth0: (PCI:33MHz:32-bit) 52:54:00:12:34:56
[STDERR  ] 2017-07-19T14:07:39.968530888Z: [   10.518770] e1000 0000:00:02.0 eth0: Intel(R) PRO/1000 Network Connection
[STDERR  ] 2017-07-19T14:07:39.968539706Z: 
[STDERR  ] 2017-07-19T14:07:39.968548806Z: Welcome to LinuxKit
[STDERR  ] 2017-07-19T14:07:39.968558186Z: 
[STDERR  ] 2017-07-19T14:07:39.968567475Z:                         ##         .
[STDERR  ] 2017-07-19T14:07:39.968576474Z:                   ## ## ##        ==
[STDERR  ] 2017-07-19T14:07:39.968585372Z:                ## ## ## ## ##    ===
[STDERR  ] 2017-07-19T14:07:39.968598622Z:            /"""""""""""""""""\___/ ===
[STDERR  ] 2017-07-19T14:07:39.968607937Z:           {                       /  ===-
[STDERR  ] 2017-07-19T14:07:39.968617007Z:            \______ O           __/
[STDERR  ] 2017-07-19T14:07:39.968625838Z:              \    \         __/
[STDERR  ] 2017-07-19T14:07:39.968640002Z:               \____\_______/
[STDERR  ] 2017-07-19T14:07:39.968649242Z: 
[STDERR  ] 2017-07-19T14:07:39.968658092Z: starting kernel config sanity test with /proc/config.gz
[STDERR  ] 2017-07-19T14:07:39.968667111Z: [   16.503690] RPC: Registered named UNIX socket transport module.
[STDERR  ] 2017-07-19T14:07:39.968675862Z: [   16.504148] RPC: Registered udp transport module.
[STDERR  ] 2017-07-19T14:07:39.968687537Z: [   16.504540] RPC: Registered tcp transport module.
[STDERR  ] 2017-07-19T14:07:39.968696688Z: [   16.504810] RPC: Registered tcp NFSv4.1 backchannel transport module.
[STDERR  ] 2017-07-19T14:07:39.968715069Z: [   16.621210] FS-Cache: Netfs 'nfs' registered for caching
[STDERR  ] 2017-07-19T14:07:39.968724441Z: [   16.730991] Installing knfsd (copyright (C) 1996 okir@monad.swb.de).
[STDERR  ] 2017-07-19T14:07:39.968733569Z: [   16.792189] ntfs: driver 2.1.32 [Flags: R/O MODULE].
[STDERR  ] 2017-07-19T14:07:39.968744572Z: kernel config test succeeded!
[STDERR  ] 2017-07-19T14:07:39.968753629Z: [37minfo: reading kernel config from /proc/config.gz ...[m
[STDERR  ] 2017-07-19T14:07:39.968762761Z: 
[STDERR  ] 2017-07-19T14:07:39.968771995Z: Generally Necessary:
[STDERR  ] 2017-07-19T14:07:39.968781472Z: - [37mcgroup hierarchy[m: [32mproperly mounted[m [/sys/fs/cgroup]
[STDERR  ] 2017-07-19T14:07:39.968791194Z: - [37mCONFIG_NAMESPACES[m: [32menabled[m
[STDERR  ] 2017-07-19T14:07:39.968804604Z: - [37mCONFIG_NET_NS[m: [32menabled[m
[STDERR  ] 2017-07-19T14:07:39.968814202Z: - [37mCONFIG_PID_NS[m: [32menabled[m
[STDERR  ] 2017-07-19T14:07:39.968823397Z: - [37mCONFIG_IPC_NS[m: [32menabled[m
[STDERR  ] 2017-07-19T14:07:39.968832304Z: - [37mCONFIG_UTS_NS[m: [32menabled[m
[STDERR  ] 2017-07-19T14:07:39.968841261Z: - [37mCONFIG_CGROUPS[m: [32menabled[m
[STDERR  ] 2017-07-19T14:07:39.968850148Z: - [37mCONFIG_CGROUP_CPUACCT[m: [32menabled[m
[STDERR  ] 2017-07-19T14:07:39.968858815Z: - [37mCONFIG_CGROUP_DEVICE[m: [32menabled[m
[STDERR  ] 2017-07-19T14:07:39.968869369Z: - [37mCONFIG_CGROUP_FREEZER[m: [32menabled[m
[STDERR  ] 2017-07-19T14:07:39.968878625Z: - [37mCONFIG_CGROUP_SCHED[m: [32menabled[m
[STDERR  ] 2017-07-19T14:07:39.968887635Z: - [37mCONFIG_CPUSETS[m: [32menabled[m
[STDERR  ] 2017-07-19T14:07:39.968896591Z: - [37mCONFIG_MEMCG[m: [32menabled[m
[STDERR  ] 2017-07-19T14:07:39.968905448Z: - [37mCONFIG_KEYS[m: [32menabled[m
[STDERR  ] 2017-07-19T14:07:39.968915172Z: - [37mCONFIG_VETH[m: [32menabled[m
[STDERR  ] 2017-07-19T14:07:39.968924125Z: - [37mCONFIG_BRIDGE[m: [32menabled[m
[STDERR  ] 2017-07-19T14:07:39.968932877Z: - [37mCONFIG_BRIDGE_NETFILTER[m: [32menabled[m
[STDERR  ] 2017-07-19T14:07:39.968941767Z: - [37mCONFIG_NF_NAT_IPV4[m: [32menabled[m
[STDERR  ] 2017-07-19T14:07:39.968952351Z: - [37mCONFIG_IP_NF_FILTER[m: [32menabled[m
[STDERR  ] 2017-07-19T14:07:39.968963637Z: - [37mCONFIG_IP_NF_TARGET_MASQUERADE[m: [32menabled[m
[STDERR  ] 2017-07-19T14:07:39.968972709Z: - [37mCONFIG_NETFILTER_XT_MATCH_ADDRTYPE[m: [32menabled[m
[STDERR  ] 2017-07-19T14:07:39.968982267Z: - [37mCONFIG_NETFILTER_XT_MATCH_CONNTRACK[m: [32menabled[m
[STDERR  ] 2017-07-19T14:07:39.968991202Z: - [37mCONFIG_NETFILTER_XT_MATCH_IPVS[m: [32menabled[m
[STDERR  ] 2017-07-19T14:07:39.969000012Z: - [37mCONFIG_IP_NF_NAT[m: [32menabled[m
[STDERR  ] 2017-07-19T14:07:39.969009257Z: - [37mCONFIG_NF_NAT[m: [32menabled[m
[STDERR  ] 2017-07-19T14:07:39.969018619Z: - [37mCONFIG_NF_NAT_NEEDED[m: [32menabled[m
[STDERR  ] 2017-07-19T14:07:39.969028115Z: - [37mCONFIG_POSIX_MQUEUE[m: [32menabled[m
[STDERR  ] 2017-07-19T14:07:39.969037163Z: - [37mCONFIG_DEVPTS_MULTIPLE_INSTANCES[m: [32menabled[m
[STDERR  ] 2017-07-19T14:07:39.96905155Z: 
[STDERR  ] 2017-07-19T14:07:39.969060766Z: Optional Features:
[STDERR  ] 2017-07-19T14:07:39.969069884Z: - [37mCONFIG_USER_NS[m: [32menabled[m
[STDERR  ] 2017-07-19T14:07:39.96908165Z: - [37mCONFIG_SECCOMP[m: [32menabled[m
[STDERR  ] 2017-07-19T14:07:39.96909125Z: - [37mCONFIG_CGROUP_PIDS[m: [32menabled[m
[STDERR  ] 2017-07-19T14:07:39.969101056Z: - [37mCONFIG_MEMCG_SWAP[m: [32menabled[m
[STDERR  ] 2017-07-19T14:07:39.969110316Z: - [37mCONFIG_MEMCG_SWAP_ENABLED[m: [32menabled[m
[STDERR  ] 2017-07-19T14:07:39.969119174Z:     [1;30m(cgroup swap accounting is currently enabled)[m
[STDERR  ] 2017-07-19T14:07:39.969128313Z: - [1mCONFIG_LEGACY_VSYSCALL_NONE[m: [1;31menabled[m
[STDERR  ] 2017-07-19T14:07:39.96913755Z:     [1;30m(containers using eglibc <= 2.13 will not work. Switch to[m
[STDERR  ] 2017-07-19T14:07:39.969146661Z:     [1;30m "CONFIG_VSYSCALL_[NATIVE|EMULATE]" or use "vsyscall=[native|emulate]"[m
[STDERR  ] 2017-07-19T14:07:39.969155731Z:     [1;30m on kernel command line. Note that this will disable ASLR for the,[m
[STDERR  ] 2017-07-19T14:07:39.969169887Z:     [1;30m VDSO which may assist in exploiting security vulnerabilities.)[m
[STDERR  ] 2017-07-19T14:07:39.969179476Z: - [37mCONFIG_MEMCG_KMEM[m: [32menabled[m
[STDERR  ] 2017-07-19T14:07:39.969189858Z: - [37mCONFIG_BLK_CGROUP[m: [32menabled[m
[STDERR  ] 2017-07-19T14:07:39.969200083Z: - [37mCONFIG_BLK_DEV_THROTTLING[m: [32menabled[m
[STDERR  ] 2017-07-19T14:07:39.969211168Z: - [37mCONFIG_IOSCHED_CFQ[m: [32menabled[m
[STDERR  ] 2017-07-19T14:07:39.969220377Z: - [37mCONFIG_CFQ_GROUP_IOSCHED[m: [32menabled[m
[STDERR  ] 2017-07-19T14:07:39.9692295Z: - [37mCONFIG_CGROUP_PERF[m: [32menabled[m
[STDERR  ] 2017-07-19T14:07:39.969243577Z: - [37mCONFIG_CGROUP_HUGETLB[m: [32menabled[m
[STDERR  ] 2017-07-19T14:07:39.969253766Z: - [37mCONFIG_NET_CLS_CGROUP[m: [32menabled[m
[STDERR  ] 2017-07-19T14:07:39.969263124Z: - [37mCONFIG_CGROUP_NET_PRIO[m: [32menabled[m
[STDERR  ] 2017-07-19T14:07:39.969272433Z: - [37mCONFIG_CFS_BANDWIDTH[m: [32menabled[m
[STDERR  ] 2017-07-19T14:07:39.969281548Z: - [37mCONFIG_FAIR_GROUP_SCHED[m: [32menabled[m
[STDERR  ] 2017-07-19T14:07:39.969290376Z: - [37mCONFIG_RT_GROUP_SCHED[m: [32menabled[m
[STDERR  ] 2017-07-19T14:07:39.969302027Z: - [37mCONFIG_IP_VS[m: [32menabled[m
[STDERR  ] 2017-07-19T14:07:39.96931119Z: - [37mCONFIG_IP_VS_NFCT[m: [32menabled[m
[STDERR  ] 2017-07-19T14:07:39.969320068Z: - [37mCONFIG_IP_VS_RR[m: [32menabled[m
[STDERR  ] 2017-07-19T14:07:39.969329546Z: - [37mCONFIG_EXT4_FS[m: [32menabled[m
[STDERR  ] 2017-07-19T14:07:39.969339086Z: - [37mCONFIG_EXT4_FS_POSIX_ACL[m: [32menabled[m
[STDERR  ] 2017-07-19T14:07:39.96934815Z: - [37mCONFIG_EXT4_FS_SECURITY[m: [32menabled[m
[STDERR  ] 2017-07-19T14:07:39.969357171Z: - Network Drivers:
[STDERR  ] 2017-07-19T14:07:39.969366396Z:   - "[34moverlay[m":
[STDERR  ] 2017-07-19T14:07:39.969375581Z:     - [37mCONFIG_VXLAN[m: [32menabled[m
[STDERR  ] 2017-07-19T14:07:39.9693844Z:       Optional (for encrypted networks):
[STDERR  ] 2017-07-19T14:07:39.969393411Z:       - [37mCONFIG_CRYPTO[m: [32menabled[m
[STDERR  ] 2017-07-19T14:07:39.969402391Z:       - [37mCONFIG_CRYPTO_AEAD[m: [32menabled[m
[STDERR  ] 2017-07-19T14:07:39.969413228Z:       - [37mCONFIG_CRYPTO_GCM[m: [32menabled[m
[STDERR  ] 2017-07-19T14:07:39.969422431Z:       - [37mCONFIG_CRYPTO_SEQIV[m: [32menabled[m
[STDERR  ] 2017-07-19T14:07:39.969431494Z:       - [37mCONFIG_CRYPTO_GHASH[m: [32menabled[m
[STDERR  ] 2017-07-19T14:07:39.969440418Z:       - [37mCONFIG_XFRM[m: [32menabled[m
[STDERR  ] 2017-07-19T14:07:39.96945036Z:       - [37mCONFIG_XFRM_USER[m: [32menabled (as module)[m
[STDERR  ] 2017-07-19T14:07:39.969459413Z:       - [37mCONFIG_XFRM_ALGO[m: [32menabled (as module)[m
[STDERR  ] 2017-07-19T14:07:39.969468667Z:       - [37mCONFIG_INET_ESP[m: [32menabled (as module)[m
[STDERR  ] 2017-07-19T14:07:39.969477916Z:       - [37mCONFIG_INET_XFRM_MODE_TRANSPORT[m: [32menabled (as module)[m
[STDERR  ] 2017-07-19T14:07:39.969492114Z:   - "[34mipvlan[m":
[STDERR  ] 2017-07-19T14:07:39.969501912Z:     - [37mCONFIG_IPVLAN[m: [32menabled[m
[STDERR  ] 2017-07-19T14:07:39.969510963Z:   - "[34mmacvlan[m":
[STDERR  ] 2017-07-19T14:07:39.969519995Z:     - [37mCONFIG_MACVLAN[m: [32menabled[m
[STDERR  ] 2017-07-19T14:07:39.969528879Z:     - [37mCONFIG_DUMMY[m: [32menabled (as module)[m
[STDERR  ] 2017-07-19T14:07:39.969537922Z:   - "[34mftp,tftp client in container[m":
[STDERR  ] 2017-07-19T14:07:39.969546867Z:     - [37mCONFIG_NF_NAT_FTP[m: [32menabled[m
[STDERR  ] 2017-07-19T14:07:39.969555886Z:     - [37mCONFIG_NF_CONNTRACK_FTP[m: [32menabled[m
[STDERR  ] 2017-07-19T14:07:39.9695657Z:     - [37mCONFIG_NF_NAT_TFTP[m: [32menabled[m
[STDERR  ] 2017-07-19T14:07:39.969574716Z:     - [37mCONFIG_NF_CONNTRACK_TFTP[m: [32menabled[m
[STDERR  ] 2017-07-19T14:07:39.969584342Z: - Storage Drivers:
[STDERR  ] 2017-07-19T14:07:39.969593243Z:   - "[34maufs[m":
[STDERR  ] 2017-07-19T14:07:39.969602125Z:     - [1mCONFIG_AUFS_FS[m: [1;31mmissing[m
[STDERR  ] 2017-07-19T14:07:39.969611175Z:   - "[34mbtrfs[m":
[STDERR  ] 2017-07-19T14:07:39.969620167Z:     - [37mCONFIG_BTRFS_FS[m: [32menabled (as module)[m
[STDERR  ] 2017-07-19T14:07:39.969630922Z:     - [37mCONFIG_BTRFS_FS_POSIX_ACL[m: [32menabled[m
[STDERR  ] 2017-07-19T14:07:39.969640997Z:   - "[34mdevicemapper[m":
[STDERR  ] 2017-07-19T14:07:39.96965007Z:     - [37mCONFIG_BLK_DEV_DM[m: [32menabled[m
[STDERR  ] 2017-07-19T14:07:39.969661725Z:     - [37mCONFIG_DM_THIN_PROVISIONING[m: [32menabled[m
[STDERR  ] 2017-07-19T14:07:39.969671469Z:   - "[34moverlay[m":
[STDERR  ] 2017-07-19T14:07:39.969685333Z:     - [37mCONFIG_OVERLAY_FS[m: [32menabled[m
[STDERR  ] 2017-07-19T14:07:39.96969606Z:   - "[34mzfs[m":
[STDERR  ] 2017-07-19T14:07:39.969710513Z:     - [1m/dev/zfs[m: [1;31mmissing[m
[STDERR  ] 2017-07-19T14:07:39.969721002Z:     - [1mzfs command[m: [1;31mmissing[m
[STDERR  ] 2017-07-19T14:07:39.969730275Z:     - [1mzpool command[m: [1;31mmissing[m
[STDERR  ] 2017-07-19T14:07:39.969739223Z: 
[STDERR  ] 2017-07-19T14:07:39.969750547Z: Limits:
[STDERR  ] 2017-07-19T14:07:39.969759606Z: [37m- /proc/sys/kernel/keys/root_maxkeys[m: [32m1000000[m
[STDERR  ] 2017-07-19T14:07:39.969768759Z: 
[STDERR  ] 2017-07-19T14:07:39.96977757Z: Kernel config test suite PASSED
[STDERR  ] 2017-07-19T14:07:39.969786423Z:  - 000-check-kernel-config
[STDERR  ] 2017-07-19T14:07:39.969797253Z: [   37.302777] ACPI: Preparing to enter system sleep state S5
[STDERR  ] 2017-07-19T14:07:39.969806732Z: [   37.306643] reboot: Power down
[STDERR  ] 2017-07-19T14:07:39.969816009Z: + exit 0
[STDERR  ] 2017-07-19T14:07:39.969824967Z: + clean_up
[STDERR  ] 2017-07-19T14:07:39.969834206Z: + find . -depth -iname test-kernel-config* -not -iname *.yml -exec rm -rf {} ;
[PASS    ] linuxkit.kernel.config_4.4.x 55.33s
