[INFO    ] 2017-07-19T14:11:41.82017459Z: Running Test linuxkit.packages.ca-certificates in /tmp/build/test/cases/040_packages/003_ca-certificates
[INFO    ] 2017-07-19T14:11:41.820282991Z: Running command: [/bin/sh -x /tmp/build/test/cases/040_packages/003_ca-certificates/test.sh]
[STDERR  ] 2017-07-19T14:11:41.821077259Z: + set -e
[STDERR  ] 2017-07-19T14:11:41.821134949Z: + . /tmp/build/test/cases/_lib/lib.sh
[STDERR  ] 2017-07-19T14:11:41.821148939Z: + [ -f src/github.com/linuxkit/rtf/lib/lib.sh ]
[STDERR  ] 2017-07-19T14:11:41.821158955Z: + LINUXKIT_TMPDIR=/tmp/build/test/cases/_tmp
[STDERR  ] 2017-07-19T14:11:41.82116823Z: + [ -f /tmp/build/test/cases/_tmp/env.sh ]
[STDERR  ] 2017-07-19T14:11:41.821177788Z: + . /tmp/build/test/cases/_tmp/env.sh
[STDERR  ] 2017-07-19T14:11:41.821190666Z: + export LINUXKIT_EXAMPLES_DIR=/tmp/build/test/cases/../../examples
[STDERR  ] 2017-07-19T14:11:41.821204292Z: + export LINUXKIT_BLUEPRINTS_DIR=/tmp/build/test/cases/../../blueprints
[STDERR  ] 2017-07-19T14:11:41.821218306Z: + RT_CANCEL=253
[STDERR  ] 2017-07-19T14:11:41.821249588Z: + trap clean_up EXIT
[STDERR  ] 2017-07-19T14:11:41.821258706Z: + moby build -output kernel+initrd test-ca-certificates.yml
[STDERR  ] 2017-07-19T14:11:41.852118959Z: Extract kernel image: linuxkit/kernel:4.9.38
[STDERR  ] 2017-07-19T14:11:43.481968628Z: Add init containers:
[STDERR  ] 2017-07-19T14:11:43.48202373Z: Process init image: linuxkit/init:d049e7b2074da5cd699a27defb47eb101142455d
[STDERR  ] 2017-07-19T14:11:44.753730036Z: Process init image: linuxkit/runc:d5cbeb95bdafedb82ad2cf11cff1a5da7fcae630
[STDERR  ] 2017-07-19T14:11:45.953072331Z: Process init image: linuxkit/ca-certificates:67acf038c44bb191ebb704ec7bb39a1524052cdf
[STDERR  ] 2017-07-19T14:11:47.151617667Z: Add onboot containers:
[STDERR  ] 2017-07-19T14:11:47.151657656Z:   Create OCI config for alpine:3.6
[STDERR  ] 2017-07-19T14:11:48.369560472Z:   Create OCI config for linuxkit/poweroff:bce51402e293da0b653923a43c3c7be6e0effa05
[STDERR  ] 2017-07-19T14:11:49.591859657Z: Add files:
[STDERR  ] 2017-07-19T14:11:49.591910345Z:   check.sh
[STDERR  ] 2017-07-19T14:11:49.59914677Z: Create outputs:
[STDERR  ] 2017-07-19T14:11:52.533422953Z:   test-ca-certificates-kernel test-ca-certificates-initrd.img test-ca-certificates-cmdline
[STDERR  ] 2017-07-19T14:11:52.571745428Z: + linuxkit run test-ca-certificates
[STDERR  ] 2017-07-19T14:11:52.589420234Z: Unable to find qemu-system-x86_64 within the $PATH. Using a container
[STDERR  ] 2017-07-19T14:12:18.902851349Z: + RESULT=[    0.000000] Linux version 4.9.38-linuxkit (root@e1ede117fb1e) (gcc version 6.3.0 (Alpine 6.3.0) ) #1 SMP Tue Jul 18 09:12:54 UTC 2017
[STDERR  ] 2017-07-19T14:12:18.902923611Z: [    0.000000] Command line: console=ttyS0 page_poison=1
[STDERR  ] 2017-07-19T14:12:18.902952629Z: [    0.000000] x86/fpu: Legacy x87 FPU detected.
[STDERR  ] 2017-07-19T14:12:18.903024777Z: [    0.000000] x86/fpu: Using 'eager' FPU context switches.
[STDERR  ] 2017-07-19T14:12:18.903037136Z: [    0.000000] e820: BIOS-provided physical RAM map:
[STDERR  ] 2017-07-19T14:12:18.903047596Z: [    0.000000] BIOS-e820: [mem 0x0000000000000000-0x000000000009fbff] usable
[STDERR  ] 2017-07-19T14:12:18.903058589Z: [    0.000000] BIOS-e820: [mem 0x000000000009fc00-0x000000000009ffff] reserved
[STDERR  ] 2017-07-19T14:12:18.903068402Z: [    0.000000] BIOS-e820: [mem 0x00000000000f0000-0x00000000000fffff] reserved
[STDERR  ] 2017-07-19T14:12:18.90307795Z: [    0.000000] BIOS-e820: [mem 0x0000000000100000-0x000000003ffdefff] usable
[STDERR  ] 2017-07-19T14:12:18.903097388Z: [    0.000000] BIOS-e820: [mem 0x000000003ffdf000-0x000000003fffffff] reserved
[STDERR  ] 2017-07-19T14:12:18.903107485Z: [    0.000000] BIOS-e820: [mem 0x00000000b0000000-0x00000000bfffffff] reserved
[STDERR  ] 2017-07-19T14:12:18.903117285Z: [    0.000000] BIOS-e820: [mem 0x00000000fed1c000-0x00000000fed1ffff] reserved
[STDERR  ] 2017-07-19T14:12:18.903142728Z: [    0.000000] BIOS-e820: [mem 0x00000000fffc0000-0x00000000ffffffff] reserved
[STDERR  ] 2017-07-19T14:12:18.903152485Z: [    0.000000] NX (Execute Disable) protection: active
[STDERR  ] 2017-07-19T14:12:18.903168408Z: [    0.000000] SMBIOS 2.8 present.
[STDERR  ] 2017-07-19T14:12:18.903178308Z: [    0.000000] e820: last_pfn = 0x3ffdf max_arch_pfn = 0x400000000
[STDERR  ] 2017-07-19T14:12:18.903187965Z: [    0.000000] x86/PAT: Configuration [0-7]: WB  WC  UC- UC  WB  WC  UC- WT  
[STDERR  ] 2017-07-19T14:12:18.90319807Z: [    0.000000] found SMP MP-table at [mem 0x000f6aa0-0x000f6aaf] mapped at [ffff992a800f6aa0]
[STDERR  ] 2017-07-19T14:12:18.903208903Z: [    0.000000] RAMDISK: [mem 0x3eeb2000-0x3ffcffff]
[STDERR  ] 2017-07-19T14:12:18.903218885Z: [    0.000000] ACPI: Early table checksum verification disabled
[STDERR  ] 2017-07-19T14:12:18.903235501Z: [    0.000000] ACPI: RSDP 0x00000000000F68C0 000014 (v00 BOCHS )
[STDERR  ] 2017-07-19T14:12:18.903244566Z: [    0.000000] ACPI: RSDT 0x000000003FFE2404 000034 (v01 BOCHS  BXPCRSDT 00000001 BXPC 00000001)
[STDERR  ] 2017-07-19T14:12:18.903254343Z: [    0.000000] ACPI: FACP 0x000000003FFE22A4 000074 (v01 BOCHS  BXPCFACP 00000001 BXPC 00000001)
[STDERR  ] 2017-07-19T14:12:18.903263615Z: [    0.000000] ACPI: DSDT 0x000000003FFE0040 002264 (v01 BOCHS  BXPCDSDT 00000001 BXPC 00000001)
[STDERR  ] 2017-07-19T14:12:18.903272852Z: [    0.000000] ACPI: FACS 0x000000003FFE0000 000040
[STDERR  ] 2017-07-19T14:12:18.903281808Z: [    0.000000] ACPI: APIC 0x000000003FFE2318 000078 (v01 BOCHS  BXPCAPIC 00000001 BXPC 00000001)
[STDERR  ] 2017-07-19T14:12:18.903290913Z: [    0.000000] ACPI: HPET 0x000000003FFE2390 000038 (v01 BOCHS  BXPCHPET 00000001 BXPC 00000001)
[STDERR  ] 2017-07-19T14:12:18.903300145Z: [    0.000000] ACPI: MCFG 0x000000003FFE23C8 00003C (v01 BOCHS  BXPCMCFG 00000001 BXPC 00000001)
[STDERR  ] 2017-07-19T14:12:18.903309472Z: [    0.000000] Zone ranges:
[STDERR  ] 2017-07-19T14:12:18.903321791Z: [    0.000000]   DMA      [mem 0x0000000000001000-0x0000000000ffffff]
[STDERR  ] 2017-07-19T14:12:18.903330981Z: [    0.000000]   DMA32    [mem 0x0000000001000000-0x000000003ffdefff]
[STDERR  ] 2017-07-19T14:12:18.903339773Z: [    0.000000]   Normal   empty
[STDERR  ] 2017-07-19T14:12:18.90334904Z: [    0.000000] Movable zone start for each node
[STDERR  ] 2017-07-19T14:12:18.903357818Z: [    0.000000] Early memory node ranges
[STDERR  ] 2017-07-19T14:12:18.903366636Z: [    0.000000]   node   0: [mem 0x0000000000001000-0x000000000009efff]
[STDERR  ] 2017-07-19T14:12:18.903380286Z: [    0.000000]   node   0: [mem 0x0000000000100000-0x000000003ffdefff]
[STDERR  ] 2017-07-19T14:12:18.903389473Z: [    0.000000] Initmem setup node 0 [mem 0x0000000000001000-0x000000003ffdefff]
[STDERR  ] 2017-07-19T14:12:18.903398726Z: [    0.000000] ACPI: PM-Timer IO Port: 0x608
[STDERR  ] 2017-07-19T14:12:18.903408053Z: [    0.000000] ACPI: LAPIC_NMI (acpi_id[0xff] dfl dfl lint[0x1])
[STDERR  ] 2017-07-19T14:12:18.903417221Z: [    0.000000] IOAPIC[0]: apic_id 0, version 32, address 0xfec00000, GSI 0-23
[STDERR  ] 2017-07-19T14:12:18.903427822Z: [    0.000000] ACPI: INT_SRC_OVR (bus 0 bus_irq 0 global_irq 2 dfl dfl)
[STDERR  ] 2017-07-19T14:12:18.903438716Z: [    0.000000] ACPI: INT_SRC_OVR (bus 0 bus_irq 5 global_irq 5 high level)
[STDERR  ] 2017-07-19T14:12:18.903447388Z: [    0.000000] ACPI: INT_SRC_OVR (bus 0 bus_irq 9 global_irq 9 high level)
[STDERR  ] 2017-07-19T14:12:18.903460816Z: [    0.000000] ACPI: INT_SRC_OVR (bus 0 bus_irq 10 global_irq 10 high level)
[STDERR  ] 2017-07-19T14:12:18.903469078Z: [    0.000000] ACPI: INT_SRC_OVR (bus 0 bus_irq 11 global_irq 11 high level)
[STDERR  ] 2017-07-19T14:12:18.903485051Z: [    0.000000] Using ACPI (MADT) for SMP configuration information
[STDERR  ] 2017-07-19T14:12:18.90349495Z: [    0.000000] ACPI: HPET id: 0x8086a201 base: 0xfed00000
[STDERR  ] 2017-07-19T14:12:18.903503426Z: [    0.000000] smpboot: Allowing 1 CPUs, 0 hotplug CPUs
[STDERR  ] 2017-07-19T14:12:18.903521255Z: [    0.000000] e820: [mem 0x40000000-0xafffffff] available for PCI devices
[STDERR  ] 2017-07-19T14:12:18.903530425Z: [    0.000000] Booting paravirtualized kernel on bare hardware
[STDERR  ] 2017-07-19T14:12:18.903538706Z: [    0.000000] clocksource: refined-jiffies: mask: 0xffffffff max_cycles: 0xffffffff, max_idle_ns: 19112604462750000 ns
[STDERR  ] 2017-07-19T14:12:18.903556131Z: [    0.000000] setup_percpu: NR_CPUS:128 nr_cpumask_bits:128 nr_cpu_ids:1 nr_node_ids:1
[STDERR  ] 2017-07-19T14:12:18.903565585Z: [    0.000000] percpu: Embedded 35 pages/cpu @ffff992abec00000 s105176 r8192 d29992 u2097152
[STDERR  ] 2017-07-19T14:12:18.903576158Z: [    0.000000] Built 1 zonelists in Zone order, mobility grouping on.  Total pages: 257896
[STDERR  ] 2017-07-19T14:12:18.903586333Z: [    0.000000] Kernel command line: console=ttyS0 page_poison=1
[STDERR  ] 2017-07-19T14:12:18.903594958Z: [    0.000000] PID hash table entries: 4096 (order: 3, 32768 bytes)
[STDERR  ] 2017-07-19T14:12:18.90360315Z: [    0.000000] Dentry cache hash table entries: 131072 (order: 8, 1048576 bytes)
[STDERR  ] 2017-07-19T14:12:18.903611566Z: [    0.000000] Inode-cache hash table entries: 65536 (order: 7, 524288 bytes)
[STDERR  ] 2017-07-19T14:12:18.903621246Z: [    0.000000] Memory: 996644K/1048052K available (8026K kernel code, 1366K rwdata, 2696K rodata, 1380K init, 568K bss, 51408K reserved, 0K cma-reserved)
[STDERR  ] 2017-07-19T14:12:18.90363478Z: [    0.000000] Hierarchical RCU implementation.
[STDERR  ] 2017-07-19T14:12:18.903645251Z: [    0.000000] 	Build-time adjustment of leaf fanout to 64.
[STDERR  ] 2017-07-19T14:12:18.90365489Z: [    0.000000] 	RCU restricting CPUs from NR_CPUS=128 to nr_cpu_ids=1.
[STDERR  ] 2017-07-19T14:12:18.903664038Z: [    0.000000] RCU: Adjusting geometry for rcu_fanout_leaf=64, nr_cpu_ids=1
[STDERR  ] 2017-07-19T14:12:18.903673168Z: [    0.000000] NR_IRQS:8448 nr_irqs:256 16
[STDERR  ] 2017-07-19T14:12:18.903681741Z: [    0.000000] Console: colour VGA+ 80x25
[STDERR  ] 2017-07-19T14:12:18.903689544Z: [    0.000000] console [ttyS0] enabled
[STDERR  ] 2017-07-19T14:12:18.903697147Z: [    0.000000] allocated 2097152 bytes of page_ext
[STDERR  ] 2017-07-19T14:12:18.903705544Z: [    0.000000] clocksource: hpet: mask: 0xffffffff max_cycles: 0xffffffff, max_idle_ns: 19112604467 ns
[STDERR  ] 2017-07-19T14:12:18.903714525Z: [    0.000000] tsc: Fast TSC calibration using PIT
[STDOUT  ] 2017-07-19T14:12:18.90368374Z: [    0.000000] Linux version 4.9.38-linuxkit (root@e1ede117fb1e) (gcc version 6.3.0 (Alpine 6.3.0) ) #1 SMP Tue Jul 18 09:12:54 UTC 2017
[STDERR  ] 2017-07-19T14:12:18.903723074Z: [    0.000000] tsc: Detected 2600.005 MHz processor
[STDOUT  ] 2017-07-19T14:12:18.903736305Z: [    0.000000] Command line: console=ttyS0 page_poison=1
[STDERR  ] 2017-07-19T14:12:18.903736174Z: [    0.032501] Calibrating delay loop (skipped), value calculated using timer frequency.. 5200.01 BogoMIPS (lpj=26000050)
[STDERR  ] 2017-07-19T14:12:18.903745829Z: [    0.033703] pid_max: default: 32768 minimum: 301
[STDOUT  ] 2017-07-19T14:12:18.903748955Z: [    0.000000] x86/fpu: Legacy x87 FPU detected.
[STDERR  ] 2017-07-19T14:12:18.903754571Z: [    0.034846] ACPI: Core revision 20160831
[STDERR  ] 2017-07-19T14:12:18.903763625Z: [    0.076373] ACPI: 1 ACPI AML tables successfully acquired and loaded
[STDOUT  ] 2017-07-19T14:12:18.903760781Z: [    0.000000] x86/fpu: Using 'eager' FPU context switches.
[STDOUT  ] 2017-07-19T14:12:18.90377029Z: [    0.000000] e820: BIOS-provided physical RAM map:
[STDERR  ] 2017-07-19T14:12:18.903772845Z: [    0.081506] Security Framework initialized
[STDERR  ] 2017-07-19T14:12:18.903781535Z: [    0.081947] Yama: becoming mindful.
[STDOUT  ] 2017-07-19T14:12:18.90378143Z: [    0.000000] BIOS-e820: [mem 0x0000000000000000-0x000000000009fbff] usable
[STDERR  ] 2017-07-19T14:12:18.90379054Z: [    0.084000] Mount-cache hash table entries: 2048 (order: 2, 16384 bytes)
[STDOUT  ] 2017-07-19T14:12:18.903792587Z: [    0.000000] BIOS-e820: [mem 0x000000000009fc00-0x000000000009ffff] reserved
[STDERR  ] 2017-07-19T14:12:18.903799361Z: [    0.084564] Mountpoint-cache hash table entries: 2048 (order: 2, 16384 bytes)
[STDOUT  ] 2017-07-19T14:12:18.903809792Z: [    0.000000] BIOS-e820: [mem 0x00000000000f0000-0x00000000000fffff] reserved
[STDERR  ] 2017-07-19T14:12:18.903818267Z: [    0.103937] Last level iTLB entries: 4KB 0, 2MB 0, 4MB 0
[STDOUT  ] 2017-07-19T14:12:18.903824207Z: [    0.000000] BIOS-e820: [mem 0x0000000000100000-0x000000003ffdefff] usable
[STDERR  ] 2017-07-19T14:12:18.903828145Z: [    0.104459] Last level dTLB entries: 4KB 0, 2MB 0, 4MB 0, 1GB 0
[STDOUT  ] 2017-07-19T14:12:18.903834724Z: [    0.000000] BIOS-e820: [mem 0x000000003ffdf000-0x000000003fffffff] reserved
[STDERR  ] 2017-07-19T14:12:18.90383732Z: [    0.398436] Freeing SMP alternatives memory: 20K (ffffffff9aeb0000 - ffffffff9aeb5000)
[STDOUT  ] 2017-07-19T14:12:18.90384435Z: [    0.000000] BIOS-e820: [mem 0x00000000b0000000-0x00000000bfffffff] reserved
[STDERR  ] 2017-07-19T14:12:18.903846859Z: [    0.408918] ftrace: allocating 35489 entries in 139 pages
[STDERR  ] 2017-07-19T14:12:18.903856017Z: [    0.573484] smpboot: Max logical packages: 1
[STDOUT  ] 2017-07-19T14:12:18.903854182Z: [    0.000000] BIOS-e820: [mem 0x00000000fed1c000-0x00000000fed1ffff] reserved
[STDERR  ] 2017-07-19T14:12:18.90386468Z: [    0.580000] ..TIMER: vector=0x30 apic1=0 pin1=2 apic2=-1 pin2=-1
[STDOUT  ] 2017-07-19T14:12:18.903866219Z: [    0.000000] BIOS-e820: [mem 0x00000000fffc0000-0x00000000ffffffff] reserved
[STDERR  ] 2017-07-19T14:12:18.903873615Z: [    0.680000] smpboot: CPU0: AMD QEMU Virtual CPU version 2.5+ (family: 0x6, model: 0x6, stepping: 0x3)
[STDOUT  ] 2017-07-19T14:12:18.903876042Z: [    0.000000] NX (Execute Disable) protection: active
[STDERR  ] 2017-07-19T14:12:18.903883085Z: [    0.680000] Performance Events: PMU not available due to virtualization, using software events only.
[STDOUT  ] 2017-07-19T14:12:18.903888162Z: [    0.000000] SMBIOS 2.8 present.
[STDERR  ] 2017-07-19T14:12:18.903898271Z: [    0.689148] NMI watchdog: disabled (cpu0): hardware events not enabled
[STDOUT  ] 2017-07-19T14:12:18.903899561Z: [    0.000000] e820: last_pfn = 0x3ffdf max_arch_pfn = 0x400000000
[STDOUT  ] 2017-07-19T14:12:18.903910045Z: [    0.000000] x86/PAT: Configuration [0-7]: WB  WC  UC- UC  WB  WC  UC- WT  
[STDERR  ] 2017-07-19T14:12:18.903907362Z: [    0.689718] NMI watchdog: Shutting down hard lockup detector on all cpus
[STDOUT  ] 2017-07-19T14:12:18.903919484Z: [    0.000000] found SMP MP-table at [mem 0x000f6aa0-0x000f6aaf] mapped at [ffff992a800f6aa0]
[STDERR  ] 2017-07-19T14:12:18.90391649Z: [    0.693524] x86: Booted up 1 node, 1 CPUs
[STDOUT  ] 2017-07-19T14:12:18.903930471Z: [    0.000000] RAMDISK: [mem 0x3eeb2000-0x3ffcffff]
[STDERR  ] 2017-07-19T14:12:18.903931701Z: [    0.693954] smpboot: Total of 1 processors activated (5200.01 BogoMIPS)
[STDOUT  ] 2017-07-19T14:12:18.903959271Z: [    0.000000] ACPI: Early table checksum verification disabled
[STDERR  ] 2017-07-19T14:12:18.903960805Z: [    0.708371] devtmpfs: initialized
[STDOUT  ] 2017-07-19T14:12:18.90396926Z: [    0.000000] ACPI: RSDP 0x00000000000F68C0 000014 (v00 BOCHS )
[STDERR  ] 2017-07-19T14:12:18.903974977Z: [    0.715401] x86/mm: Memory block size: 128MB
[STDOUT  ] 2017-07-19T14:12:18.903978911Z: [    0.000000] ACPI: RSDT 0x000000003FFE2404 000034 (v01 BOCHS  BXPCRSDT 00000001 BXPC 00000001)
[STDERR  ] 2017-07-19T14:12:18.903984015Z: [    0.777509] clocksource: jiffies: mask: 0xffffffff max_cycles: 0xffffffff, max_idle_ns: 19112604462750000 ns
[STDOUT  ] 2017-07-19T14:12:18.90398919Z: [    0.000000] ACPI: FACP 0x000000003FFE22A4 000074 (v01 BOCHS  BXPCFACP 00000001 BXPC 00000001)
[STDERR  ] 2017-07-19T14:12:18.903998357Z: [    0.778524] futex hash table entries: 256 (order: 2, 16384 bytes)
[STDOUT  ] 2017-07-19T14:12:18.904000235Z: [    0.000000] ACPI: DSDT 0x000000003FFE0040 002264 (v01 BOCHS  BXPCDSDT 00000001 BXPC 00000001)
[STDERR  ] 2017-07-19T14:12:18.904007471Z: [    0.787774] NET: Registered protocol family 16
[STDOUT  ] 2017-07-19T14:12:18.90401Z: [    0.000000] ACPI: FACS 0x000000003FFE0000 000040
[STDERR  ] 2017-07-19T14:12:18.90402216Z: [    0.799131] cpuidle: using governor ladder
[STDOUT  ] 2017-07-19T14:12:18.904023951Z: [    0.000000] ACPI: APIC 0x000000003FFE2318 000078 (v01 BOCHS  BXPCAPIC 00000001 BXPC 00000001)
[STDERR  ] 2017-07-19T14:12:18.904031149Z: [    0.799647] cpuidle: using governor menu
[STDOUT  ] 2017-07-19T14:12:18.904037702Z: [    0.000000] ACPI: HPET 0x000000003FFE2390 000038 (v01 BOCHS  BXPCHPET 00000001 BXPC 00000001)
[STDERR  ] 2017-07-19T14:12:18.90404031Z: [    0.801001] ACPI: bus type PCI registered
[STDOUT  ] 2017-07-19T14:12:18.904048752Z: [    0.000000] ACPI: MCFG 0x000000003FFE23C8 00003C (v01 BOCHS  BXPCMCFG 00000001 BXPC 00000001)
[STDERR  ] 2017-07-19T14:12:18.90405153Z: [    0.803795] PCI: MMCONFIG for domain 0000 [bus 00-ff] at [mem 0xb0000000-0xbfffffff] (base 0xb0000000)
[STDOUT  ] 2017-07-19T14:12:18.904058209Z: [    0.000000] Zone ranges:
[STDERR  ] 2017-07-19T14:12:18.904060865Z: [    0.804535] PCI: MMCONFIG at [mem 0xb0000000-0xbfffffff] reserved in E820
[STDOUT  ] 2017-07-19T14:12:18.904067929Z: [    0.000000]   DMA      [mem 0x0000000000001000-0x0000000000ffffff]
[STDERR  ] 2017-07-19T14:12:18.904069855Z: [    0.805814] PCI: Using configuration type 1 for base access
[STDOUT  ] 2017-07-19T14:12:18.904080411Z: [    0.000000]   DMA32    [mem 0x0000000001000000-0x000000003ffdefff]
[STDERR  ] 2017-07-19T14:12:18.904081952Z: [    0.862588] HugeTLB registered 2 MB page size, pre-allocated 0 pages
[STDOUT  ] 2017-07-19T14:12:18.904090731Z: [    0.000000]   Normal   empty
[STDERR  ] 2017-07-19T14:12:18.904092059Z: [    0.877313] ACPI: Added _OSI(Module Device)
[STDOUT  ] 2017-07-19T14:12:18.904100461Z: [    0.000000] Movable zone start for each node
[STDERR  ] 2017-07-19T14:12:18.904101709Z: [    0.877655] ACPI: Added _OSI(Processor Device)
[STDOUT  ] 2017-07-19T14:12:18.904110387Z: [    0.000000] Early memory node ranges
[STDERR  ] 2017-07-19T14:12:18.904111889Z: [    0.878024] ACPI: Added _OSI(3.0 _SCP Extensions)
[STDOUT  ] 2017-07-19T14:12:18.90411993Z: [    0.000000]   node   0: [mem 0x0000000000001000-0x000000000009efff]
[STDERR  ] 2017-07-19T14:12:18.904120847Z: [    0.878341] ACPI: Added _OSI(Processor Aggregator Device)
[STDOUT  ] 2017-07-19T14:12:18.904129759Z: [    0.000000]   node   0: [mem 0x0000000000100000-0x000000003ffdefff]
[STDERR  ] 2017-07-19T14:12:18.904131321Z: [    0.952496] ACPI: Interpreter enabled
[STDERR  ] 2017-07-19T14:12:18.904139877Z: [    0.953511] ACPI: (supports S0 S5)
[STDOUT  ] 2017-07-19T14:12:18.904139679Z: [    0.000000] Initmem setup node 0 [mem 0x0000000000001000-0x000000003ffdefff]
[STDOUT  ] 2017-07-19T14:12:18.904150559Z: [    0.000000] ACPI: PM-Timer IO Port: 0x608
[STDERR  ] 2017-07-19T14:12:18.904148872Z: [    0.953856] ACPI: Using IOAPIC for interrupt routing
[STDOUT  ] 2017-07-19T14:12:18.904160077Z: [    0.000000] ACPI: LAPIC_NMI (acpi_id[0xff] dfl dfl lint[0x1])
[STDERR  ] 2017-07-19T14:12:18.904162187Z: [    0.956601] PCI: Using host bridge windows from ACPI; if necessary, use "pci=nocrs" and report a bug
[STDERR  ] 2017-07-19T14:12:18.904171302Z: [    1.020457] ACPI: PCI Root Bridge [PCI0] (domain 0000 [bus 00-ff])
[STDOUT  ] 2017-07-19T14:12:18.904169557Z: [    0.000000] IOAPIC[0]: apic_id 0, version 32, address 0xfec00000, GSI 0-23
[STDERR  ] 2017-07-19T14:12:18.904180229Z: [    1.021680] acpi PNP0A08:00: _OSC: OS supports [ExtendedConfig ASPM ClockPM Segments MSI]
[STDOUT  ] 2017-07-19T14:12:18.904184119Z: [    0.000000] ACPI: INT_SRC_OVR (bus 0 bus_irq 0 global_irq 2 dfl dfl)
[STDERR  ] 2017-07-19T14:12:18.90419058Z: [    1.028416] acpi PNP0A08:00: _OSC: OS now controls [PCIeHotplug PME PCIeCapability]
[STDOUT  ] 2017-07-19T14:12:18.904200942Z: [    0.000000] ACPI: INT_SRC_OVR (bus 0 bus_irq 5 global_irq 5 high level)
[STDOUT  ] 2017-07-19T14:12:18.90421024Z: [    0.000000] ACPI: INT_SRC_OVR (bus 0 bus_irq 9 global_irq 9 high level)
[STDERR  ] 2017-07-19T14:12:18.904206335Z: [    1.032372] PCI host bridge to bus 0000:00
[STDERR  ] 2017-07-19T14:12:18.904216595Z: [    1.032883] pci_bus 0000:00: root bus resource [io  0x0000-0x0cf7 window]
[STDOUT  ] 2017-07-19T14:12:18.904219392Z: [    0.000000] ACPI: INT_SRC_OVR (bus 0 bus_irq 10 global_irq 10 high level)
[STDERR  ] 2017-07-19T14:12:18.904230415Z: [    1.033399] pci_bus 0000:00: root bus resource [io  0x0d00-0xffff window]
[STDOUT  ] 2017-07-19T14:12:18.904234127Z: [    0.000000] ACPI: INT_SRC_OVR (bus 0 bus_irq 11 global_irq 11 high level)
[STDERR  ] 2017-07-19T14:12:18.904247481Z: [    1.033875] pci_bus 0000:00: root bus resource [mem 0x000a0000-0x000bffff window]
[STDOUT  ] 2017-07-19T14:12:18.904249034Z: [    0.000000] Using ACPI (MADT) for SMP configuration information
[STDERR  ] 2017-07-19T14:12:18.904256587Z: [    1.034320] pci_bus 0000:00: root bus resource [mem 0xc0000000-0xfebfffff window]
[STDOUT  ] 2017-07-19T14:12:18.904258552Z: [    0.000000] ACPI: HPET id: 0x8086a201 base: 0xfed00000
[STDERR  ] 2017-07-19T14:12:18.904265535Z: [    1.035012] pci_bus 0000:00: root bus resource [bus 00-ff]
[STDOUT  ] 2017-07-19T14:12:18.904268451Z: [    0.000000] smpboot: Allowing 1 CPUs, 0 hotplug CPUs
[STDERR  ] 2017-07-19T14:12:18.904274731Z: [    1.126657] pci 0000:00:1f.0: quirk: [io  0x0600-0x067f] claimed by ICH6 ACPI/GPIO/TCO
[STDERR  ] 2017-07-19T14:12:18.90428391Z: [    1.190061] ACPI: PCI Interrupt Link [LNKA] (IRQs 5 *10 11)
[STDOUT  ] 2017-07-19T14:12:18.904282096Z: [    0.000000] e820: [mem 0x40000000-0xafffffff] available for PCI devices
[STDOUT  ] 2017-07-19T14:12:18.904291259Z: [    0.000000] Booting paravirtualized kernel on bare hardware
[STDERR  ] 2017-07-19T14:12:18.904293068Z: [    1.193123] ACPI: PCI Interrupt Link [LNKB] (IRQs 5 *10 11)
[STDERR  ] 2017-07-19T14:12:18.904302033Z: [    1.195487] ACPI: PCI Interrupt Link [LNKC] (IRQs 5 10 *11)
[STDOUT  ] 2017-07-19T14:12:18.904300448Z: [    0.000000] clocksource: refined-jiffies: mask: 0xffffffff max_cycles: 0xffffffff, max_idle_ns: 19112604462750000 ns
[STDERR  ] 2017-07-19T14:12:18.904310511Z: [    1.197388] ACPI: PCI Interrupt Link [LNKD] (IRQs 5 10 *11)
[STDOUT  ] 2017-07-19T14:12:18.904313861Z: [    0.000000] setup_percpu: NR_CPUS:128 nr_cpumask_bits:128 nr_cpu_ids:1 nr_node_ids:1
[STDERR  ] 2017-07-19T14:12:18.904325339Z: [    1.199192] ACPI: PCI Interrupt Link [LNKE] (IRQs 5 *10 11)
[STDOUT  ] 2017-07-19T14:12:18.90432773Z: [    0.000000] percpu: Embedded 35 pages/cpu @ffff992abec00000 s105176 r8192 d29992 u2097152
[STDERR  ] 2017-07-19T14:12:18.904334231Z: [    1.201225] ACPI: PCI Interrupt Link [LNKF] (IRQs 5 *10 11)
[STDOUT  ] 2017-07-19T14:12:18.904337091Z: [    0.000000] Built 1 zonelists in Zone order, mobility grouping on.  Total pages: 257896
[STDERR  ] 2017-07-19T14:12:18.90434331Z: [    1.203051] ACPI: PCI Interrupt Link [LNKG] (IRQs 5 10 *11)
[STDOUT  ] 2017-07-19T14:12:18.904346511Z: [    0.000000] Kernel command line: console=ttyS0 page_poison=1
[STDERR  ] 2017-07-19T14:12:18.904352263Z: [    1.204887] ACPI: PCI Interrupt Link [LNKH] (IRQs 5 10 *11)
[STDOUT  ] 2017-07-19T14:12:18.904357398Z: [    0.000000] PID hash table entries: 4096 (order: 3, 32768 bytes)
[STDERR  ] 2017-07-19T14:12:18.904361376Z: [    1.205970] ACPI: PCI Interrupt Link [GSIA] (IRQs *16)
[STDOUT  ] 2017-07-19T14:12:18.904366643Z: [    0.000000] Dentry cache hash table entries: 131072 (order: 8, 1048576 bytes)
[STDERR  ] 2017-07-19T14:12:18.904370404Z: [    1.206759] ACPI: PCI Interrupt Link [GSIB] (IRQs *17)
[STDOUT  ] 2017-07-19T14:12:18.904375859Z: [    0.000000] Inode-cache hash table entries: 65536 (order: 7, 524288 bytes)
[STDERR  ] 2017-07-19T14:12:18.904379304Z: [    1.207539] ACPI: PCI Interrupt Link [GSIC] (IRQs *18)
[STDOUT  ] 2017-07-19T14:12:18.904387714Z: [    0.000000] Memory: 996644K/1048052K available (8026K kernel code, 1366K rwdata, 2696K rodata, 1380K init, 568K bss, 51408K reserved, 0K cma-reserved)
[STDERR  ] 2017-07-19T14:12:18.90438817Z: [    1.208299] ACPI: PCI Interrupt Link [GSID] (IRQs *19)
[STDERR  ] 2017-07-19T14:12:18.904396946Z: [    1.209062] ACPI: PCI Interrupt Link [GSIE] (IRQs *20)
[STDOUT  ] 2017-07-19T14:12:18.904400264Z: [    0.000000] Hierarchical RCU implementation.
[STDERR  ] 2017-07-19T14:12:18.904406953Z: [    1.209780] ACPI: PCI Interrupt Link [GSIF] (IRQs *21)
[STDOUT  ] 2017-07-19T14:12:18.904415096Z: [    0.000000] 	Build-time adjustment of leaf fanout to 64.
[STDERR  ] 2017-07-19T14:12:18.904416414Z: [    1.210559] ACPI: PCI Interrupt Link [GSIG] (IRQs *22)
[STDOUT  ] 2017-07-19T14:12:18.904424466Z: [    0.000000] 	RCU restricting CPUs from NR_CPUS=128 to nr_cpu_ids=1.
[STDERR  ] 2017-07-19T14:12:18.904429043Z: [    1.211338] ACPI: PCI Interrupt Link [GSIH] (IRQs *23)
[STDOUT  ] 2017-07-19T14:12:18.90443407Z: [    0.000000] RCU: Adjusting geometry for rcu_fanout_leaf=64, nr_cpu_ids=1
[STDOUT  ] 2017-07-19T14:12:18.904443359Z: [    0.000000] NR_IRQS:8448 nr_irqs:256 16
[STDERR  ] 2017-07-19T14:12:18.904438086Z: [    1.215222] ACPI: Enabled 2 GPEs in block 00 to 3F
[STDOUT  ] 2017-07-19T14:12:18.90445365Z: [    0.000000] Console: colour VGA+ 80x25
[STDERR  ] 2017-07-19T14:12:18.904455983Z: [    1.220053] SCSI subsystem initialized
[STDOUT  ] 2017-07-19T14:12:18.904463156Z: [    0.000000] console [ttyS0] enabled
[STDERR  ] 2017-07-19T14:12:18.904464871Z: [    1.222004] ACPI: bus type USB registered
[STDOUT  ] 2017-07-19T14:12:18.904507289Z: [    0.000000] allocated 2097152 bytes of page_ext
[STDERR  ] 2017-07-19T14:12:18.90450844Z: [    1.223552] usbcore: registered new interface driver usbfs
[STDOUT  ] 2017-07-19T14:12:18.904516946Z: [    0.000000] clocksource: hpet: mask: 0xffffffff max_cycles: 0xffffffff, max_idle_ns: 19112604467 ns
[STDERR  ] 2017-07-19T14:12:18.90451847Z: [    1.224543] usbcore: registered new interface driver hub
[STDOUT  ] 2017-07-19T14:12:18.904526686Z: [    0.000000] tsc: Fast TSC calibration using PIT
[STDERR  ] 2017-07-19T14:12:18.904528191Z: [    1.225405] usbcore: registered new device driver usb
[STDOUT  ] 2017-07-19T14:12:18.904535914Z: [    0.000000] tsc: Detected 2600.005 MHz processor
[STDERR  ] 2017-07-19T14:12:18.904537086Z: [    1.226658] pps_core: LinuxPPS API ver. 1 registered
[STDERR  ] 2017-07-19T14:12:18.90454597Z: [    1.226978] pps_core: Software ver. 5.3.6 - Copyright 2005-2007 Rodolfo Giometti <giometti@linux.it>
[STDERR  ] 2017-07-19T14:12:18.90455536Z: [    1.227718] PTP clock support registered
[STDOUT  ] 2017-07-19T14:12:18.904549956Z: [    0.032501] Calibrating delay loop (skipped), value calculated using timer frequency.. 5200.01 BogoMIPS (lpj=26000050)
[STDOUT  ] 2017-07-19T14:12:18.904561514Z: [    0.033703] pid_max: default: 32768 minimum: 301
[STDERR  ] 2017-07-19T14:12:18.904564343Z: [    1.228982] wmi: Mapper loaded
[STDOUT  ] 2017-07-19T14:12:18.904570188Z: [    0.034846] ACPI: Core revision 20160831
[STDERR  ] 2017-07-19T14:12:18.904575019Z: [    1.230383] PCI: Using ACPI for IRQ routing
[STDOUT  ] 2017-07-19T14:12:18.904579498Z: [    0.076373] ACPI: 1 ACPI AML tables successfully acquired and loaded
[STDERR  ] 2017-07-19T14:12:18.904584983Z: [    1.249213] NetLabel: Initializing
[STDOUT  ] 2017-07-19T14:12:18.904588671Z: [    0.081506] Security Framework initialized
[STDERR  ] 2017-07-19T14:12:18.90459486Z: [    1.249516] NetLabel:  domain hash size = 128
[STDOUT  ] 2017-07-19T14:12:18.90459779Z: [    0.081947] Yama: becoming mindful.
[STDERR  ] 2017-07-19T14:12:18.904603708Z: [    1.249864] NetLabel:  protocols = UNLABELED CIPSOv4
[STDOUT  ] 2017-07-19T14:12:18.904607026Z: [    0.084000] Mount-cache hash table entries: 2048 (order: 2, 16384 bytes)
[STDERR  ] 2017-07-19T14:12:18.904612811Z: [    1.252575] NetLabel:  unlabeled traffic allowed by default
[STDOUT  ] 2017-07-19T14:12:18.90461634Z: [    0.084564] Mountpoint-cache hash table entries: 2048 (order: 2, 16384 bytes)
[STDERR  ] 2017-07-19T14:12:18.904621759Z: [    1.253803] HPET: 3 timers in total, 0 timers will be used for per-cpu timer
[STDOUT  ] 2017-07-19T14:12:18.904625659Z: [    0.103937] Last level iTLB entries: 4KB 0, 2MB 0, 4MB 0
[STDERR  ] 2017-07-19T14:12:18.904630804Z: [    1.254586] hpet0: at MMIO 0xfed00000, IRQs 2, 8, 0
[STDOUT  ] 2017-07-19T14:12:18.904634966Z: [    0.104459] Last level dTLB entries: 4KB 0, 2MB 0, 4MB 0, 1GB 0
[STDERR  ] 2017-07-19T14:12:18.904640589Z: [    1.255185] hpet0: 3 comparators, 64-bit 100.000000 MHz counter
[STDOUT  ] 2017-07-19T14:12:18.904648803Z: [    0.398436] Freeing SMP alternatives memory: 20K (ffffffff9aeb0000 - ffffffff9aeb5000)
[STDERR  ] 2017-07-19T14:12:18.904654641Z: [    1.261641] clocksource: Switched to clocksource hpet
[STDOUT  ] 2017-07-19T14:12:18.904662489Z: [    0.408918] ftrace: allocating 35489 entries in 139 pages
[STDERR  ] 2017-07-19T14:12:18.904664051Z: [    1.533173] VFS: Disk quotas dquot_6.6.0
[STDOUT  ] 2017-07-19T14:12:18.904671864Z: [    0.573484] smpboot: Max logical packages: 1
[STDERR  ] 2017-07-19T14:12:18.904673423Z: [    1.534053] VFS: Dquot-cache hash table entries: 512 (order 0, 4096 bytes)
[STDOUT  ] 2017-07-19T14:12:18.904681096Z: [    0.580000] ..TIMER: vector=0x30 apic1=0 pin1=2 apic2=-1 pin2=-1
[STDERR  ] 2017-07-19T14:12:18.90468251Z: [    1.538067] FS-Cache: Loaded
[STDERR  ] 2017-07-19T14:12:18.904692056Z: [    1.545018] CacheFiles: Loaded
[STDOUT  ] 2017-07-19T14:12:18.904690186Z: [    0.680000] smpboot: CPU0: AMD QEMU Virtual CPU version 2.5+ (family: 0x6, model: 0x6, stepping: 0x3)
[STDERR  ] 2017-07-19T14:12:18.904701206Z: [    1.546800] pnp: PnP ACPI init
[STDOUT  ] 2017-07-19T14:12:18.904699716Z: [    0.680000] Performance Events: PMU not available due to virtualization, using software events only.
[STDERR  ] 2017-07-19T14:12:18.904711231Z: [    1.558528] pnp: PnP ACPI: found 5 devices
[STDOUT  ] 2017-07-19T14:12:18.904713749Z: [    0.689148] NMI watchdog: disabled (cpu0): hardware events not enabled
[STDERR  ] 2017-07-19T14:12:18.904720364Z: [    1.610410] clocksource: acpi_pm: mask: 0xffffff max_cycles: 0xffffff, max_idle_ns: 2085701024 ns
[STDOUT  ] 2017-07-19T14:12:18.904723039Z: [    0.689718] NMI watchdog: Shutting down hard lockup detector on all cpus
[STDOUT  ] 2017-07-19T14:12:18.904732196Z: [    0.693524] x86: Booted up 1 node, 1 CPUs
[STDERR  ] 2017-07-19T14:12:18.904729644Z: [    1.614859] NET: Registered protocol family 2
[STDERR  ] 2017-07-19T14:12:18.904745593Z: [    1.622366] TCP established hash table entries: 8192 (order: 4, 65536 bytes)
[STDOUT  ] 2017-07-19T14:12:18.904741679Z: [    0.693954] smpboot: Total of 1 processors activated (5200.01 BogoMIPS)
[STDERR  ] 2017-07-19T14:12:18.904754903Z: [    1.623231] TCP bind hash table entries: 8192 (order: 5, 131072 bytes)
[STDOUT  ] 2017-07-19T14:12:18.904755001Z: [    0.708371] devtmpfs: initialized
[STDERR  ] 2017-07-19T14:12:18.904764179Z: [    1.623930] TCP: Hash tables configured (established 8192 bind 8192)
[STDOUT  ] 2017-07-19T14:12:18.904764504Z: [    0.715401] x86/mm: Memory block size: 128MB
[STDERR  ] 2017-07-19T14:12:18.904773243Z: [    1.625825] UDP hash table entries: 512 (order: 2, 16384 bytes)
[STDOUT  ] 2017-07-19T14:12:18.904774709Z: [    0.777509] clocksource: jiffies: mask: 0xffffffff max_cycles: 0xffffffff, max_idle_ns: 19112604462750000 ns
[STDERR  ] 2017-07-19T14:12:18.904782803Z: [    1.626430] UDP-Lite hash table entries: 512 (order: 2, 16384 bytes)
[STDOUT  ] 2017-07-19T14:12:18.904787958Z: [    0.778524] futex hash table entries: 256 (order: 2, 16384 bytes)
[STDERR  ] 2017-07-19T14:12:18.904791956Z: [    1.628822] NET: Registered protocol family 1
[STDOUT  ] 2017-07-19T14:12:18.904796926Z: [    0.787774] NET: Registered protocol family 16
[STDERR  ] 2017-07-19T14:12:18.904801109Z: [    1.629882] pci 0000:00:01.0: Video device with shadowed ROM at [mem 0x000c0000-0x000dffff]
[STDOUT  ] 2017-07-19T14:12:18.904807484Z: [    0.799131] cpuidle: using governor ladder
[STDOUT  ] 2017-07-19T14:12:18.904816481Z: [    0.799647] cpuidle: using governor menu
[STDERR  ] 2017-07-19T14:12:18.904814274Z: [    1.637141] Unpacking initramfs...
[STDERR  ] 2017-07-19T14:12:18.90482327Z: [    4.029629] Freeing initrd memory: 17528K (ffff992abeeb2000 - ffff992abffd0000)
[STDOUT  ] 2017-07-19T14:12:18.90482557Z: [    0.801001] ACPI: bus type PCI registered
[STDERR  ] 2017-07-19T14:12:18.904832343Z: [    4.054155] PCLMULQDQ-NI instructions are not detected.
[STDOUT  ] 2017-07-19T14:12:18.904834499Z: [    0.803795] PCI: MMCONFIG for domain 0000 [bus 00-ff] at [mem 0xb0000000-0xbfffffff] (base 0xb0000000)
[STDERR  ] 2017-07-19T14:12:18.904845398Z: [    4.055812] AVX or AES-NI instructions are not detected.
[STDERR  ] 2017-07-19T14:12:18.90485439Z: [    4.056328] CPU feature 'AVX registers' is not supported.
[STDOUT  ] 2017-07-19T14:12:18.904852779Z: [    0.804535] PCI: MMCONFIG at [mem 0xb0000000-0xbfffffff] reserved in E820
[STDERR  ] 2017-07-19T14:12:18.904867269Z: [    4.056812] CPU feature 'AVX registers' is not supported.
[STDOUT  ] 2017-07-19T14:12:18.904864491Z: [    0.805814] PCI: Using configuration type 1 for base access
[STDOUT  ] 2017-07-19T14:12:18.904873847Z: [    0.862588] HugeTLB registered 2 MB page size, pre-allocated 0 pages
[STDERR  ] 2017-07-19T14:12:18.904876242Z: [    4.057243] CPU feature 'AVX registers' is not supported.
[STDOUT  ] 2017-07-19T14:12:18.904882828Z: [    0.877313] ACPI: Added _OSI(Module Device)
[STDERR  ] 2017-07-19T14:12:18.904885258Z: [    4.057683] CPU feature 'AVX registers' is not supported.
[STDERR  ] 2017-07-19T14:12:18.904894225Z: [    4.058121] AVX2 or AES-NI instructions are not detected.
[STDOUT  ] 2017-07-19T14:12:18.904891903Z: [    0.877655] ACPI: Added _OSI(Processor Device)
[STDOUT  ] 2017-07-19T14:12:18.904900968Z: [    0.878024] ACPI: Added _OSI(3.0 _SCP Extensions)
[STDERR  ] 2017-07-19T14:12:18.904908107Z: [    4.058517] AVX2 instructions are not detected.
[STDOUT  ] 2017-07-19T14:12:18.9049105Z: [    0.878341] ACPI: Added _OSI(Processor Aggregator Device)
[STDERR  ] 2017-07-19T14:12:18.904917077Z: [    4.064485] audit: initializing netlink subsys (disabled)
[STDOUT  ] 2017-07-19T14:12:18.90491971Z: [    0.952496] ACPI: Interpreter enabled
[STDERR  ] 2017-07-19T14:12:18.904926079Z: [    4.066131] audit: type=2000 audit(1500473518.060:1): initialized
[STDOUT  ] 2017-07-19T14:12:18.904928655Z: [    0.953511] ACPI: (supports S0 S5)
[STDERR  ] 2017-07-19T14:12:18.904952039Z: [    4.074804] workingset: timestamp_bits=46 max_order=18 bucket_order=0
[STDOUT  ] 2017-07-19T14:12:18.904954993Z: [    0.953856] ACPI: Using IOAPIC for interrupt routing
[STDOUT  ] 2017-07-19T14:12:18.904964195Z: [    0.956601] PCI: Using host bridge windows from ACPI; if necessary, use "pci=nocrs" and report a bug
[STDERR  ] 2017-07-19T14:12:18.904961547Z: [    4.081594] FS-Cache: Netfs 'cifs' registered for caching
[STDERR  ] 2017-07-19T14:12:18.904975243Z: [    4.082705] fuse init (API version 7.26)
[STDOUT  ] 2017-07-19T14:12:18.904973309Z: [    1.020457] ACPI: PCI Root Bridge [PCI0] (domain 0000 [bus 00-ff])
[STDOUT  ] 2017-07-19T14:12:18.904982488Z: [    1.021680] acpi PNP0A08:00: _OSC: OS supports [ExtendedConfig ASPM ClockPM Segments MSI]
[STDERR  ] 2017-07-19T14:12:18.904984403Z: [    4.087448] SGI XFS with ACLs, security attributes, no debug enabled
[STDOUT  ] 2017-07-19T14:12:18.904991813Z: [    1.028416] acpi PNP0A08:00: _OSC: OS now controls [PCIeHotplug PME PCIeCapability]
[STDERR  ] 2017-07-19T14:12:18.904993319Z: [    4.091682] 9p: Installing v9fs 9p2000 file system support
[STDERR  ] 2017-07-19T14:12:18.905002315Z: [    4.092235] FS-Cache: Netfs '9p' registered for caching
[STDOUT  ] 2017-07-19T14:12:18.905000933Z: [    1.032372] PCI host bridge to bus 0000:00
[STDOUT  ] 2017-07-19T14:12:18.905010063Z: [    1.032883] pci_bus 0000:00: root bus resource [io  0x0000-0x0cf7 window]
[STDERR  ] 2017-07-19T14:12:18.90501691Z: [    4.125058] NET: Registered protocol family 38
[STDOUT  ] 2017-07-19T14:12:18.905021709Z: [    1.033399] pci_bus 0000:00: root bus resource [io  0x0d00-0xffff window]
[STDERR  ] 2017-07-19T14:12:18.905026083Z: [    4.125700] Key type asymmetric registered
[STDERR  ] 2017-07-19T14:12:18.90503514Z: [    4.126061] Asymmetric key parser 'x509' registered
[STDOUT  ] 2017-07-19T14:12:18.905030893Z: [    1.033875] pci_bus 0000:00: root bus resource [mem 0x000a0000-0x000bffff window]
[STDOUT  ] 2017-07-19T14:12:18.905041422Z: [    1.034320] pci_bus 0000:00: root bus resource [mem 0xc0000000-0xfebfffff window]
[STDERR  ] 2017-07-19T14:12:18.90504419Z: [    4.127129] Block layer SCSI generic (bsg) driver version 0.4 loaded (major 251)
[STDOUT  ] 2017-07-19T14:12:18.905055448Z: [    1.035012] pci_bus 0000:00: root bus resource [bus 00-ff]
[STDERR  ] 2017-07-19T14:12:18.905056869Z: [    4.128797] io scheduler noop registered
[STDOUT  ] 2017-07-19T14:12:18.905064677Z: [    1.126657] pci 0000:00:1f.0: quirk: [io  0x0600-0x067f] claimed by ICH6 ACPI/GPIO/TCO
[STDERR  ] 2017-07-19T14:12:18.90506984Z: [    4.129153] io scheduler deadline registered (default)
[STDERR  ] 2017-07-19T14:12:18.905078968Z: [    4.129874] io scheduler cfq registered
[STDOUT  ] 2017-07-19T14:12:18.905075683Z: [    1.190061] ACPI: PCI Interrupt Link [LNKA] (IRQs 5 *10 11)
[STDOUT  ] 2017-07-19T14:12:18.905085493Z: [    1.193123] ACPI: PCI Interrupt Link [LNKB] (IRQs 5 *10 11)
[STDERR  ] 2017-07-19T14:12:18.905088183Z: [    4.134104] pci_hotplug: PCI Hot Plug PCI Core version: 0.5
[STDOUT  ] 2017-07-19T14:12:18.90509489Z: [    1.195487] ACPI: PCI Interrupt Link [LNKC] (IRQs 5 10 *11)
[STDERR  ] 2017-07-19T14:12:18.905097217Z: [    4.134935] pciehp: PCI Express Hot Plug Controller Driver version: 0.4
[STDERR  ] 2017-07-19T14:12:18.905106278Z: [    4.135890] shpchp: Standard Hot Plug PCI Controller Driver version: 0.4
[STDOUT  ] 2017-07-19T14:12:18.905103927Z: [    1.197388] ACPI: PCI Interrupt Link [LNKD] (IRQs 5 10 *11)
[STDERR  ] 2017-07-19T14:12:18.90511587Z: [    4.136721] hv_vmbus: registering driver hyperv_fb
[STDOUT  ] 2017-07-19T14:12:18.905118173Z: [    1.199192] ACPI: PCI Interrupt Link [LNKE] (IRQs 5 *10 11)
[STDERR  ] 2017-07-19T14:12:18.905124749Z: [    4.139831] input: Power Button as /devices/LNXSYSTM:00/LNXPWRBN:00/input/input0
[STDOUT  ] 2017-07-19T14:12:18.905127233Z: [    1.201225] ACPI: PCI Interrupt Link [LNKF] (IRQs 5 *10 11)
[STDERR  ] 2017-07-19T14:12:18.9051337Z: [    4.142669] ACPI: Power Button [PWRF]
[STDOUT  ] 2017-07-19T14:12:18.905136269Z: [    1.203051] ACPI: PCI Interrupt Link [LNKG] (IRQs 5 10 *11)
[STDERR  ] 2017-07-19T14:12:18.905142938Z: [    4.147653] GHES: HEST is not enabled!
[STDOUT  ] 2017-07-19T14:12:18.905145409Z: [    1.204887] ACPI: PCI Interrupt Link [LNKH] (IRQs 5 10 *11)
[STDERR  ] 2017-07-19T14:12:18.90515203Z: [    4.159074] ACPI: PCI Interrupt Link [GSIH] enabled at IRQ 23
[STDOUT  ] 2017-07-19T14:12:18.905154335Z: [    1.205970] ACPI: PCI Interrupt Link [GSIA] (IRQs *16)
[STDERR  ] 2017-07-19T14:12:18.905161127Z: [    4.167090] xenfs: not registering filesystem on non-xen platform
[STDOUT  ] 2017-07-19T14:12:18.905163387Z: [    1.206759] ACPI: PCI Interrupt Link [GSIB] (IRQs *17)
[STDOUT  ] 2017-07-19T14:12:18.905172427Z: [    1.207539] ACPI: PCI Interrupt Link [GSIC] (IRQs *18)
[STDERR  ] 2017-07-19T14:12:18.905170169Z: [    4.169230] Serial: 8250/16550 driver, 4 ports, IRQ sharing disabled
[STDOUT  ] 2017-07-19T14:12:18.905182357Z: [    1.208299] ACPI: PCI Interrupt Link [GSID] (IRQs *19)
[STDERR  ] 2017-07-19T14:12:18.905183859Z: [    4.194309] 00:04: ttyS0 at I/O 0x3f8 (irq = 4, base_baud = 115200) is a 16550A
[STDOUT  ] 2017-07-19T14:12:18.905191647Z: [    1.209062] ACPI: PCI Interrupt Link [GSIE] (IRQs *20)
[STDERR  ] 2017-07-19T14:12:18.9051931Z: [    4.207025] Non-volatile memory driver v1.3
[STDOUT  ] 2017-07-19T14:12:18.905200772Z: [    1.209780] ACPI: PCI Interrupt Link [GSIF] (IRQs *21)
[STDERR  ] 2017-07-19T14:12:18.905202337Z: [    4.213505] Hangcheck: starting hangcheck timer 0.9.1 (tick is 180 seconds, margin is 60 seconds).
[STDOUT  ] 2017-07-19T14:12:18.905209778Z: [    1.210559] ACPI: PCI Interrupt Link [GSIG] (IRQs *22)
[STDERR  ] 2017-07-19T14:12:18.905211482Z: [    4.254313] loop: module loaded
[STDOUT  ] 2017-07-19T14:12:18.905218768Z: [    1.211338] ACPI: PCI Interrupt Link [GSIH] (IRQs *23)
[STDERR  ] 2017-07-19T14:12:18.905220775Z: [    4.270773] nbd: registered device at major 43
[STDERR  ] 2017-07-19T14:12:18.905229635Z: [    4.316542] lpc_ich 0000:00:1f.0: I/O space for GPIO uninitialized
[STDOUT  ] 2017-07-19T14:12:18.905227857Z: [    1.215222] ACPI: Enabled 2 GPEs in block 00 to 3F
[STDERR  ] 2017-07-19T14:12:18.905242952Z: [    4.318794] VMware PVSCSI driver - version 1.0.7.0-k
[STDOUT  ] 2017-07-19T14:12:18.905237029Z: [    1.220053] SCSI subsystem initialized
[STDOUT  ] 2017-07-19T14:12:18.905249423Z: [    1.222004] ACPI: bus type USB registered
[STDERR  ] 2017-07-19T14:12:18.905252217Z: [    4.319841] hv_vmbus: registering driver hv_storvsc
[STDOUT  ] 2017-07-19T14:12:18.90525842Z: [    1.223552] usbcore: registered new interface driver usbfs
[STDERR  ] 2017-07-19T14:12:18.905264975Z: [    4.331335] ACPI: PCI Interrupt Link [GSIA] enabled at IRQ 16
[STDOUT  ] 2017-07-19T14:12:18.90526788Z: [    1.224543] usbcore: registered new interface driver hub
[STDOUT  ] 2017-07-19T14:12:18.90527721Z: [    1.225405] usbcore: registered new device driver usb
[STDERR  ] 2017-07-19T14:12:18.905274292Z: [    4.337633] ahci 0000:00:1f.2: AHCI 0001.0000 32 slots 6 ports 1.5 Gbps 0x3f impl SATA mode
[STDERR  ] 2017-07-19T14:12:18.905283769Z: [    4.338389] ahci 0000:00:1f.2: flags: 64bit ncq only 
[STDERR  ] 2017-07-19T14:12:18.905292555Z: [    4.359744] scsi host0: ahci
[STDOUT  ] 2017-07-19T14:12:18.905288499Z: [    1.226658] pps_core: LinuxPPS API ver. 1 registered
[STDOUT  ] 2017-07-19T14:12:18.905299015Z: [    1.226978] pps_core: Software ver. 5.3.6 - Copyright 2005-2007 Rodolfo Giometti <giometti@linux.it>
[STDERR  ] 2017-07-19T14:12:18.905301825Z: [    4.365639] scsi host1: ahci
[STDERR  ] 2017-07-19T14:12:18.905314285Z: [    4.368202] scsi host2: ahci
[STDOUT  ] 2017-07-19T14:12:18.905312872Z: [    1.227718] PTP clock support registered
[STDERR  ] 2017-07-19T14:12:18.905323507Z: [    4.370796] scsi host3: ahci
[STDOUT  ] 2017-07-19T14:12:18.905326142Z: [    1.228982] wmi: Mapper loaded
[STDERR  ] 2017-07-19T14:12:18.905332827Z: [    4.373107] scsi host4: ahci
[STDOUT  ] 2017-07-19T14:12:18.905335945Z: [    1.230383] PCI: Using ACPI for IRQ routing
[STDERR  ] 2017-07-19T14:12:18.90534174Z: [    4.375642] scsi host5: ahci
[STDOUT  ] 2017-07-19T14:12:18.90534496Z: [    1.249213] NetLabel: Initializing
[STDERR  ] 2017-07-19T14:12:18.905351003Z: [    4.377817] ata1: SATA max UDMA/133 abar m4096@0xfebf1000 port 0xfebf1100 irq 24
[STDOUT  ] 2017-07-19T14:12:18.905354418Z: [    1.249516] NetLabel:  domain hash size = 128
[STDERR  ] 2017-07-19T14:12:18.905360019Z: [    4.378319] ata2: SATA max UDMA/133 abar m4096@0xfebf1000 port 0xfebf1180 irq 24
[STDOUT  ] 2017-07-19T14:12:18.9053635Z: [    1.249864] NetLabel:  protocols = UNLABELED CIPSOv4
[STDERR  ] 2017-07-19T14:12:18.905369438Z: [    4.378753] ata3: SATA max UDMA/133 abar m4096@0xfebf1000 port 0xfebf1200 irq 24
[STDOUT  ] 2017-07-19T14:12:18.905376679Z: [    1.252575] NetLabel:  unlabeled traffic allowed by default
[STDERR  ] 2017-07-19T14:12:18.905378543Z: [    4.379216] ata4: SATA max UDMA/133 abar m4096@0xfebf1000 port 0xfebf1280 irq 24
[STDOUT  ] 2017-07-19T14:12:18.905385718Z: [    1.253803] HPET: 3 timers in total, 0 timers will be used for per-cpu timer
[STDERR  ] 2017-07-19T14:12:18.905387413Z: [    4.379718] ata5: SATA max UDMA/133 abar m4096@0xfebf1000 port 0xfebf1300 irq 24
[STDOUT  ] 2017-07-19T14:12:18.905394999Z: [    1.254586] hpet0: at MMIO 0xfed00000, IRQs 2, 8, 0
[STDERR  ] 2017-07-19T14:12:18.905398255Z: [    4.380551] ata6: SATA max UDMA/133 abar m4096@0xfebf1000 port 0xfebf1380 irq 24
[STDOUT  ] 2017-07-19T14:12:18.905404043Z: [    1.255185] hpet0: 3 comparators, 64-bit 100.000000 MHz counter
[STDERR  ] 2017-07-19T14:12:18.905407455Z: [    4.394543] tun: Universal TUN/TAP device driver, 1.6
[STDERR  ] 2017-07-19T14:12:18.905416552Z: [    4.394980] tun: (C) 1999-2004 Max Krasnyansky <maxk@qualcomm.com>
[STDOUT  ] 2017-07-19T14:12:18.905413213Z: [    1.261641] clocksource: Switched to clocksource hpet
[STDOUT  ] 2017-07-19T14:12:18.905422915Z: [    1.533173] VFS: Disk quotas dquot_6.6.0
[STDERR  ] 2017-07-19T14:12:18.905425492Z: [    4.397130] VMware vmxnet3 virtual NIC driver - version 1.4.a.0-k-NAPI
[STDERR  ] 2017-07-19T14:12:18.905434655Z: [    4.398271] hv_vmbus: registering driver hv_netvsc
[STDOUT  ] 2017-07-19T14:12:18.905431909Z: [    1.534053] VFS: Dquot-cache hash table entries: 512 (order 0, 4096 bytes)
[STDOUT  ] 2017-07-19T14:12:18.905441038Z: [    1.538067] FS-Cache: Loaded
[STDERR  ] 2017-07-19T14:12:18.905447837Z: [    4.398645] Fusion MPT base driver 3.04.20
[STDOUT  ] 2017-07-19T14:12:18.905453975Z: [    1.545018] CacheFiles: Loaded
[STDERR  ] 2017-07-19T14:12:18.905457105Z: [    4.398898] Copyright (c) 1999-2008 LSI Corporation
[STDERR  ] 2017-07-19T14:12:18.905475237Z: [    4.399612] Fusion MPT SPI Host driver 3.04.20
[STDOUT  ] 2017-07-19T14:12:18.905473906Z: [    1.546800] pnp: PnP ACPI init
[STDOUT  ] 2017-07-19T14:12:18.905484137Z: [    1.558528] pnp: PnP ACPI: found 5 devices
[STDERR  ] 2017-07-19T14:12:18.905484231Z: [    4.402048] i8042: PNP: PS/2 Controller [PNP0303:KBD,PNP0f13:MOU] at 0x60,0x64 irq 1,12
[STDERR  ] 2017-07-19T14:12:18.905493648Z: [    4.406115] serio: i8042 KBD port at 0x60,0x64 irq 1
[STDOUT  ] 2017-07-19T14:12:18.905493387Z: [    1.610410] clocksource: acpi_pm: mask: 0xffffff max_cycles: 0xffffff, max_idle_ns: 2085701024 ns
[STDOUT  ] 2017-07-19T14:12:18.905503156Z: [    1.614859] NET: Registered protocol family 2
[STDERR  ] 2017-07-19T14:12:18.905506768Z: [    4.406865] serio: i8042 AUX port at 0x60,0x64 irq 12
[STDERR  ] 2017-07-19T14:12:18.905515952Z: [    4.409907] hv_vmbus: registering driver hyperv_keyboard
[STDOUT  ] 2017-07-19T14:12:18.905512639Z: [    1.622366] TCP established hash table entries: 8192 (order: 4, 65536 bytes)
[STDOUT  ] 2017-07-19T14:12:18.905522389Z: [    1.623231] TCP bind hash table entries: 8192 (order: 5, 131072 bytes)
[STDOUT  ] 2017-07-19T14:12:18.905531328Z: [    1.623930] TCP: Hash tables configured (established 8192 bind 8192)
[STDERR  ] 2017-07-19T14:12:18.905524988Z: [    4.412531] mousedev: PS/2 mouse device common for all mice
[STDOUT  ] 2017-07-19T14:12:18.905540449Z: [    1.625825] UDP hash table entries: 512 (order: 2, 16384 bytes)
[STDERR  ] 2017-07-19T14:12:18.905542881Z: [    4.417143] input: AT Translated Set 2 keyboard as /devices/platform/i8042/serio0/input/input1
[STDOUT  ] 2017-07-19T14:12:18.905549542Z: [    1.626430] UDP-Lite hash table entries: 512 (order: 2, 16384 bytes)
[STDERR  ] 2017-07-19T14:12:18.905552114Z: [    4.422052] input: PC Speaker as /devices/platform/pcspkr/input/input2
[STDOUT  ] 2017-07-19T14:12:18.905558572Z: [    1.628822] NET: Registered protocol family 1
[STDERR  ] 2017-07-19T14:12:18.905561067Z: [    4.424389] rtc_cmos 00:00: RTC can wake from S4
[STDOUT  ] 2017-07-19T14:12:18.905567549Z: [    1.629882] pci 0000:00:01.0: Video device with shadowed ROM at [mem 0x000c0000-0x000dffff]
[STDERR  ] 2017-07-19T14:12:18.905570086Z: [    4.427773] rtc_cmos 00:00: rtc core: registered rtc_cmos as rtc0
[STDOUT  ] 2017-07-19T14:12:18.905576811Z: [    1.637141] Unpacking initramfs...
[STDERR  ] 2017-07-19T14:12:18.905578929Z: [    4.429156] rtc_cmos 00:00: alarms up to one day, y3k, 114 bytes nvram, hpet irqs
[STDOUT  ] 2017-07-19T14:12:18.905585854Z: [    4.029629] Freeing initrd memory: 17528K (ffff992abeeb2000 - ffff992abffd0000)
[STDERR  ] 2017-07-19T14:12:18.905587954Z: [    4.429977] i2c /dev entries driver
[STDOUT  ] 2017-07-19T14:12:18.905594947Z: [    4.054155] PCLMULQDQ-NI instructions are not detected.
[STDERR  ] 2017-07-19T14:12:18.905601284Z: [    4.432396] device-mapper: ioctl: 4.35.0-ioctl (2016-06-23) initialised: dm-devel@redhat.com
[STDOUT  ] 2017-07-19T14:12:18.905603994Z: [    4.055812] AVX or AES-NI instructions are not detected.
[STDERR  ] 2017-07-19T14:12:18.905610408Z: [    4.437103] usbcore: registered new interface driver usbhid
[STDOUT  ] 2017-07-19T14:12:18.905613118Z: [    4.056328] CPU feature 'AVX registers' is not supported.
[STDERR  ] 2017-07-19T14:12:18.905619347Z: [    4.437510] usbhid: USB HID core driver
[STDOUT  ] 2017-07-19T14:12:18.905622119Z: [    4.056812] CPU feature 'AVX registers' is not supported.
[STDOUT  ] 2017-07-19T14:12:18.905631312Z: [    4.057243] CPU feature 'AVX registers' is not supported.
[STDERR  ] 2017-07-19T14:12:18.905628287Z: [    4.438107] hv_utils: Registering HyperV Utility Driver
[STDERR  ] 2017-07-19T14:12:18.905637621Z: [    4.438449] hv_vmbus: registering driver hv_util
[STDOUT  ] 2017-07-19T14:12:18.905645987Z: [    4.057683] CPU feature 'AVX registers' is not supported.
[STDERR  ] 2017-07-19T14:12:18.905647802Z: [    4.438762] hv_vmbus: registering driver hv_balloon
[STDOUT  ] 2017-07-19T14:12:18.905655362Z: [    4.058121] AVX2 or AES-NI instructions are not detected.
[STDERR  ] 2017-07-19T14:12:18.905660462Z: [    4.439389] oprofile: using NMI interrupt.
[STDOUT  ] 2017-07-19T14:12:18.905666246Z: [    4.058517] AVX2 instructions are not detected.
[STDERR  ] 2017-07-19T14:12:18.905669788Z: [    4.440930] GACT probability on
[STDOUT  ] 2017-07-19T14:12:18.905675414Z: [    4.064485] audit: initializing netlink subsys (disabled)
[STDERR  ] 2017-07-19T14:12:18.905680777Z: [    4.441458] Mirror/redirect action on
[STDOUT  ] 2017-07-19T14:12:18.905686702Z: [    4.066131] audit: type=2000 audit(1500473518.060:1): initialized
[STDERR  ] 2017-07-19T14:12:18.905690654Z: [    4.442389] Simple TC action Loaded
[STDOUT  ] 2017-07-19T14:12:18.905697126Z: [    4.074804] workingset: timestamp_bits=46 max_order=18 bucket_order=0
[STDERR  ] 2017-07-19T14:12:18.905699672Z: [    4.443130] u32 classifier
[STDERR  ] 2017-07-19T14:12:18.905709034Z: [    4.443355]     Performance counters on
[STDOUT  ] 2017-07-19T14:12:18.905706164Z: [    4.081594] FS-Cache: Netfs 'cifs' registered for caching
[STDOUT  ] 2017-07-19T14:12:18.905715381Z: [    4.082705] fuse init (API version 7.26)
[STDERR  ] 2017-07-19T14:12:18.905718148Z: [    4.443475]     input device check on
[STDERR  ] 2017-07-19T14:12:18.905727168Z: [    4.443736]     Actions configured
[STDOUT  ] 2017-07-19T14:12:18.905724592Z: [    4.087448] SGI XFS with ACLs, security attributes, no debug enabled
[STDERR  ] 2017-07-19T14:12:18.905736346Z: [    4.444684] Netfilter messages via NETLINK v0.30.
[STDOUT  ] 2017-07-19T14:12:18.905737954Z: [    4.091682] 9p: Installing v9fs 9p2000 file system support
[STDERR  ] 2017-07-19T14:12:18.905745518Z: [    4.445272] nfnl_acct: registering with nfnetlink.
[STDOUT  ] 2017-07-19T14:12:18.905747007Z: [    4.092235] FS-Cache: Netfs '9p' registered for caching
[STDERR  ] 2017-07-19T14:12:18.905754468Z: [    4.446626] nf_conntrack version 0.5.0 (8192 buckets, 32768 max)
[STDOUT  ] 2017-07-19T14:12:18.905756068Z: [    4.125058] NET: Registered protocol family 38
[STDERR  ] 2017-07-19T14:12:18.905763519Z: [    4.449560] ctnetlink v0.93: registering with nfnetlink.
[STDOUT  ] 2017-07-19T14:12:18.905765087Z: [    4.125700] Key type asymmetric registered
[STDERR  ] 2017-07-19T14:12:18.905772744Z: [    4.453991] nf_tables: (c) 2007-2009 Patrick McHardy <kaber@trash.net>
[STDERR  ] 2017-07-19T14:12:18.905781971Z: [    4.454826] nf_tables_compat: (c) 2012 Pablo Neira Ayuso <pablo@netfilter.org>
[STDOUT  ] 2017-07-19T14:12:18.905774104Z: [    4.126061] Asymmetric key parser 'x509' registered
[STDOUT  ] 2017-07-19T14:12:18.905788277Z: [    4.127129] Block layer SCSI generic (bsg) driver version 0.4 loaded (major 251)
[STDERR  ] 2017-07-19T14:12:18.905790994Z: [    4.457233] xt_time: kernel timezone is -0000
[STDOUT  ] 2017-07-19T14:12:18.905797332Z: [    4.128797] io scheduler noop registered
[STDERR  ] 2017-07-19T14:12:18.905800089Z: [    4.457803] ip_set: protocol 6
[STDOUT  ] 2017-07-19T14:12:18.905806214Z: [    4.129153] io scheduler deadline registered (default)
[STDERR  ] 2017-07-19T14:12:18.905809564Z: [    4.458441] IPVS: Registered protocols (TCP, UDP, SCTP, AH, ESP)
[STDERR  ] 2017-07-19T14:12:18.905818578Z: [    4.459109] IPVS: Connection hash table configured (size=4096, memory=64Kbytes)
[STDOUT  ] 2017-07-19T14:12:18.905815946Z: [    4.129874] io scheduler cfq registered
[STDERR  ] 2017-07-19T14:12:18.905828051Z: [    4.461371] IPVS: Creating netns size=2104 id=0
[STDOUT  ] 2017-07-19T14:12:18.905829414Z: [    4.134104] pci_hotplug: PCI Hot Plug PCI Core version: 0.5
[STDERR  ] 2017-07-19T14:12:18.905837199Z: [    4.464030] IPVS: ipvs loaded.
[STDOUT  ] 2017-07-19T14:12:18.905838709Z: [    4.134935] pciehp: PCI Express Hot Plug Controller Driver version: 0.4
[STDERR  ] 2017-07-19T14:12:18.905846741Z: [    4.464445] IPVS: [rr] scheduler registered.
[STDOUT  ] 2017-07-19T14:12:18.905852217Z: [    4.135890] shpchp: Standard Hot Plug PCI Controller Driver version: 0.4
[STDERR  ] 2017-07-19T14:12:18.905856182Z: [    4.464785] IPVS: [wrr] scheduler registered.
[STDOUT  ] 2017-07-19T14:12:18.905861152Z: [    4.136721] hv_vmbus: registering driver hyperv_fb
[STDERR  ] 2017-07-19T14:12:18.905870367Z: [    4.465117] IPVS: [lc] scheduler registered.
[STDERR  ] 2017-07-19T14:12:18.905879749Z: [    4.465406] IPVS: [wlc] scheduler registered.
[STDOUT  ] 2017-07-19T14:12:18.905876101Z: [    4.139831] input: Power Button as /devices/LNXSYSTM:00/LNXPWRBN:00/input/input0
[STDOUT  ] 2017-07-19T14:12:18.905886132Z: [    4.142669] ACPI: Power Button [PWRF]
[STDERR  ] 2017-07-19T14:12:18.905888967Z: [    4.465676] IPVS: [fo] scheduler registered.
[STDERR  ] 2017-07-19T14:12:18.905898008Z: [    4.465978] IPVS: [ovf] scheduler registered.
[STDOUT  ] 2017-07-19T14:12:18.905895178Z: [    4.147653] GHES: HEST is not enabled!
[STDOUT  ] 2017-07-19T14:12:18.905904399Z: [    4.159074] ACPI: PCI Interrupt Link [GSIH] enabled at IRQ 23
[STDERR  ] 2017-07-19T14:12:18.905907134Z: [    4.466461] IPVS: [lblc] scheduler registered.
[STDOUT  ] 2017-07-19T14:12:18.905913616Z: [    4.167090] xenfs: not registering filesystem on non-xen platform
[STDERR  ] 2017-07-19T14:12:18.905916082Z: [    4.466862] IPVS: [lblcr] scheduler registered.
[STDERR  ] 2017-07-19T14:12:18.905925102Z: [    4.467214] IPVS: [dh] scheduler registered.
[STDOUT  ] 2017-07-19T14:12:18.905922708Z: [    4.169230] Serial: 8250/16550 driver, 4 ports, IRQ sharing disabled
[STDOUT  ] 2017-07-19T14:12:18.905931887Z: [    4.194309] 00:04: ttyS0 at I/O 0x3f8 (irq = 4, base_baud = 115200) is a 16550A
[STDERR  ] 2017-07-19T14:12:18.905950144Z: [    4.467508] IPVS: [sh] scheduler registered.
[STDOUT  ] 2017-07-19T14:12:18.905957877Z: [    4.207025] Non-volatile memory driver v1.3
[STDERR  ] 2017-07-19T14:12:18.905964314Z: [    4.467785] IPVS: [sed] scheduler registered.
[STDOUT  ] 2017-07-19T14:12:18.905967181Z: [    4.213505] Hangcheck: starting hangcheck timer 0.9.1 (tick is 180 seconds, margin is 60 seconds).
[STDERR  ] 2017-07-19T14:12:18.905978128Z: [    4.468078] IPVS: [nq] scheduler registered.
[STDOUT  ] 2017-07-19T14:12:18.905979557Z: [    4.254313] loop: module loaded
[STDERR  ] 2017-07-19T14:12:18.905987238Z: [    4.468875] IPVS: ftp: loaded support on port[0] = 21
[STDOUT  ] 2017-07-19T14:12:18.905988938Z: [    4.270773] nbd: registered device at major 43
[STDERR  ] 2017-07-19T14:12:18.905996218Z: [    4.469784] ipip: IPv4 and MPLS over IPv4 tunneling driver
[STDOUT  ] 2017-07-19T14:12:18.905997901Z: [    4.316542] lpc_ich 0000:00:1f.0: I/O space for GPIO uninitialized
[STDERR  ] 2017-07-19T14:12:18.906005241Z: [    4.474703] gre: GRE over IPv4 demultiplexor driver
[STDOUT  ] 2017-07-19T14:12:18.906007007Z: [    4.318794] VMware PVSCSI driver - version 1.0.7.0-k
[STDOUT  ] 2017-07-19T14:12:18.906016062Z: [    4.319841] hv_vmbus: registering driver hv_storvsc
[STDERR  ] 2017-07-19T14:12:18.906014284Z: [    4.477505] ip_tables: (C) 2000-2006 Netfilter Core Team
[STDERR  ] 2017-07-19T14:12:18.906023256Z: [    4.481540] ipt_CLUSTERIP: ClusterIP Version 0.8 loaded successfully
[STDOUT  ] 2017-07-19T14:12:18.906025238Z: [    4.331335] ACPI: PCI Interrupt Link [GSIA] enabled at IRQ 16
[STDOUT  ] 2017-07-19T14:12:18.906038306Z: [    4.337633] ahci 0000:00:1f.2: AHCI 0001.0000 32 slots 6 ports 1.5 Gbps 0x3f impl SATA mode
[STDERR  ] 2017-07-19T14:12:18.906036732Z: [    4.482373] arp_tables: arp_tables: (C) 2002 David S. Miller
[STDOUT  ] 2017-07-19T14:12:18.906047572Z: [    4.338389] ahci 0000:00:1f.2: flags: 64bit ncq only 
[STDERR  ] 2017-07-19T14:12:18.906045719Z: [    4.484798] NET: Registered protocol family 10
[STDOUT  ] 2017-07-19T14:12:18.906056612Z: [    4.359744] scsi host0: ahci
[STDERR  ] 2017-07-19T14:12:18.906059468Z: [    4.494044] ip6_tables: (C) 2000-2006 Netfilter Core Team
[STDERR  ] 2017-07-19T14:12:18.906068421Z: [    4.502917] NET: Registered protocol family 17
[STDOUT  ] 2017-07-19T14:12:18.906065838Z: [    4.365639] scsi host1: ahci
[STDERR  ] 2017-07-19T14:12:18.90607713Z: [    4.504076] Bridge firewalling registered
[STDOUT  ] 2017-07-19T14:12:18.90608004Z: [    4.368202] scsi host2: ahci
[STDOUT  ] 2017-07-19T14:12:18.906093563Z: [    4.370796] scsi host3: ahci
[STDERR  ] 2017-07-19T14:12:18.906086636Z: [    4.504709] Ebtables v2.0 registered
[STDOUT  ] 2017-07-19T14:12:18.906103386Z: [    4.373107] scsi host4: ahci
[STDERR  ] 2017-07-19T14:12:18.906100898Z: [    4.506635] 8021q: 802.1Q VLAN Support v1.8
[STDERR  ] 2017-07-19T14:12:18.906109843Z: [    4.508035] 9pnet: Installing 9P2000 support
[STDOUT  ] 2017-07-19T14:12:18.90611275Z: [    4.375642] scsi host5: ahci
[STDOUT  ] 2017-07-19T14:12:18.906122493Z: [    4.377817] ata1: SATA max UDMA/133 abar m4096@0xfebf1000 port 0xfebf1100 irq 24
[STDERR  ] 2017-07-19T14:12:18.906118598Z: [    4.509482] Key type dns_resolver registered
[STDOUT  ] 2017-07-19T14:12:18.906131526Z: [    4.378319] ata2: SATA max UDMA/133 abar m4096@0xfebf1000 port 0xfebf1180 irq 24
[STDERR  ] 2017-07-19T14:12:18.906131271Z: [    4.510880] microcode: AMD CPU family 0x6 not supported
[STDOUT  ] 2017-07-19T14:12:18.906140766Z: [    4.378753] ata3: SATA max UDMA/133 abar m4096@0xfebf1000 port 0xfebf1200 irq 24
[STDERR  ] 2017-07-19T14:12:18.906144348Z: [    4.514581] registered taskstats version 1
[STDOUT  ] 2017-07-19T14:12:18.906150076Z: [    4.379216] ata4: SATA max UDMA/133 abar m4096@0xfebf1000 port 0xfebf1280 irq 24
[STDERR  ] 2017-07-19T14:12:18.906153421Z: [    4.711914] ata2: SATA link down (SStatus 0 SControl 300)
[STDOUT  ] 2017-07-19T14:12:18.906159046Z: [    4.379718] ata5: SATA max UDMA/133 abar m4096@0xfebf1000 port 0xfebf1300 irq 24
[STDERR  ] 2017-07-19T14:12:18.906164795Z: [    4.714862] ata1: SATA link down (SStatus 0 SControl 300)
[STDOUT  ] 2017-07-19T14:12:18.906167818Z: [    4.380551] ata6: SATA max UDMA/133 abar m4096@0xfebf1000 port 0xfebf1380 irq 24
[STDOUT  ] 2017-07-19T14:12:18.906177006Z: [    4.394543] tun: Universal TUN/TAP device driver, 1.6
[STDERR  ] 2017-07-19T14:12:18.906173933Z: [    4.720877] ata6: SATA link down (SStatus 0 SControl 300)
[STDERR  ] 2017-07-19T14:12:18.906183501Z: [    4.721478] ata5: SATA link down (SStatus 0 SControl 300)
[STDOUT  ] 2017-07-19T14:12:18.90619006Z: [    4.394980] tun: (C) 1999-2004 Max Krasnyansky <maxk@qualcomm.com>
[STDERR  ] 2017-07-19T14:12:18.906192626Z: [    4.721984] ata4: SATA link down (SStatus 0 SControl 300)
[STDOUT  ] 2017-07-19T14:12:18.906199313Z: [    4.397130] VMware vmxnet3 virtual NIC driver - version 1.4.a.0-k-NAPI
[STDERR  ] 2017-07-19T14:12:18.90620174Z: [    4.722863] ata3: SATA link up 1.5 Gbps (SStatus 113 SControl 300)
[STDOUT  ] 2017-07-19T14:12:18.906208411Z: [    4.398271] hv_vmbus: registering driver hv_netvsc
[STDERR  ] 2017-07-19T14:12:18.906210763Z: [    4.726367] ata3.00: ATAPI: QEMU DVD-ROM, 2.5+, max UDMA/100
[STDOUT  ] 2017-07-19T14:12:18.90621739Z: [    4.398645] Fusion MPT base driver 3.04.20
[STDERR  ] 2017-07-19T14:12:18.906219798Z: [    4.726933] ata3.00: applying bridge limits
[STDOUT  ] 2017-07-19T14:12:18.906230396Z: [    4.398898] Copyright (c) 1999-2008 LSI Corporation
[STDERR  ] 2017-07-19T14:12:18.906229181Z: [    4.728788] ata3.00: configured for UDMA/100
[STDERR  ] 2017-07-19T14:12:18.906238227Z: [    4.749205] scsi 2:0:0:0: CD-ROM            QEMU     QEMU DVD-ROM     2.5+ PQ: 0 ANSI: 5
[STDOUT  ] 2017-07-19T14:12:18.906239557Z: [    4.399612] Fusion MPT SPI Host driver 3.04.20
[STDERR  ] 2017-07-19T14:12:18.906247483Z: [    4.759295] Key type big_key registered
[STDOUT  ] 2017-07-19T14:12:18.906248416Z: [    4.402048] i8042: PNP: PS/2 Controller [PNP0303:KBD,PNP0f13:MOU] at 0x60,0x64 irq 1,12
[STDERR  ] 2017-07-19T14:12:18.906256698Z: [    4.773596] sr 2:0:0:0: [sr0] scsi3-mmc drive: 4x/4x cd/rw xa/form2 tray
[STDOUT  ] 2017-07-19T14:12:18.906258208Z: [    4.406115] serio: i8042 KBD port at 0x60,0x64 irq 1
[STDERR  ] 2017-07-19T14:12:18.906265796Z: [    4.774380] cdrom: Uniform CD-ROM driver Revision: 3.20
[STDOUT  ] 2017-07-19T14:12:18.906267105Z: [    4.406865] serio: i8042 AUX port at 0x60,0x64 irq 12
[STDERR  ] 2017-07-19T14:12:18.906279521Z: [    4.790866] sr 2:0:0:0: Attached scsi generic sg0 type 5
[STDOUT  ] 2017-07-19T14:12:18.906280856Z: [    4.409907] hv_vmbus: registering driver hyperv_keyboard
[STDERR  ] 2017-07-19T14:12:18.906288681Z: [    4.824361] Key type encrypted registered
[STDOUT  ] 2017-07-19T14:12:18.906293881Z: [    4.412531] mousedev: PS/2 mouse device common for all mice
[STDERR  ] 2017-07-19T14:12:18.906298146Z: [    4.830554] rtc_cmos 00:00: setting system clock to 2017-07-19 14:11:59 UTC (1500473519)
[STDOUT  ] 2017-07-19T14:12:18.906306885Z: [    4.417143] input: AT Translated Set 2 keyboard as /devices/platform/i8042/serio0/input/input1
[STDERR  ] 2017-07-19T14:12:18.906307777Z: [    4.979669] Freeing unused kernel memory: 1380K (ffffffff9ad57000 - ffffffff9aeb0000)
[STDOUT  ] 2017-07-19T14:12:18.906316548Z: [    4.422052] input: PC Speaker as /devices/platform/pcspkr/input/input2
[STDERR  ] 2017-07-19T14:12:18.906318165Z: [    4.980891] Write protecting the kernel read-only data: 12288k
[STDOUT  ] 2017-07-19T14:12:18.906325786Z: [    4.424389] rtc_cmos 00:00: RTC can wake from S4
[STDERR  ] 2017-07-19T14:12:18.906327395Z: [    4.988111] Freeing unused kernel memory: 152K (ffff992a927da000 - ffff992a92800000)
[STDERR  ] 2017-07-19T14:12:18.906336491Z: [    5.106994] Freeing unused kernel memory: 1400K (ffff992a92aa2000 - ffff992a92c00000)
[STDOUT  ] 2017-07-19T14:12:18.906335003Z: [    4.427773] rtc_cmos 00:00: rtc core: registered rtc_cmos as rtc0
[STDERR  ] 2017-07-19T14:12:18.906345557Z: [    5.108148] tsc: Refined TSC clocksource calibration: 2600.006 MHz
[STDOUT  ] 2017-07-19T14:12:18.906344233Z: [    4.429156] rtc_cmos 00:00: alarms up to one day, y3k, 114 bytes nvram, hpet irqs
[STDOUT  ] 2017-07-19T14:12:18.906357233Z: [    4.429977] i2c /dev entries driver
[STDERR  ] 2017-07-19T14:12:18.90635508Z: [    5.108748] clocksource: tsc: mask: 0xffffffffffffffff max_cycles: 0x257a42068c7, max_idle_ns: 440795285103 ns
[STDERR  ] 2017-07-19T14:12:18.906364515Z: [    6.120939] clocksource: Switched to clocksource tsc
[STDOUT  ] 2017-07-19T14:12:18.906373363Z: [    4.432396] device-mapper: ioctl: 4.35.0-ioctl (2016-06-23) initialised: dm-devel@redhat.com
[STDERR  ] 2017-07-19T14:12:18.906374236Z: [    9.647670] e1000: Intel(R) PRO/1000 Network Driver - version 7.3.21-k8-NAPI
[STDOUT  ] 2017-07-19T14:12:18.906382827Z: [    4.437103] usbcore: registered new interface driver usbhid
[STDERR  ] 2017-07-19T14:12:18.906384337Z: [    9.648200] e1000: Copyright (c) 1999-2006 Intel Corporation.
[STDOUT  ] 2017-07-19T14:12:18.906391921Z: [    4.437510] usbhid: USB HID core driver
[STDERR  ] 2017-07-19T14:12:18.906393531Z: [    9.667415] ACPI: PCI Interrupt Link [GSIG] enabled at IRQ 22
[STDOUT  ] 2017-07-19T14:12:18.906401013Z: [    4.438107] hv_utils: Registering HyperV Utility Driver
[STDERR  ] 2017-07-19T14:12:18.906402523Z: [   10.037497] e1000 0000:00:02.0 eth0: (PCI:33MHz:32-bit) 52:54:00:12:34:56
[STDOUT  ] 2017-07-19T14:12:18.906410143Z: [    4.438449] hv_vmbus: registering driver hv_util
[STDERR  ] 2017-07-19T14:12:18.906411673Z: [   10.038363] e1000 0000:00:02.0 eth0: Intel(R) PRO/1000 Network Connection
[STDOUT  ] 2017-07-19T14:12:18.906419233Z: [    4.438762] hv_vmbus: registering driver hv_balloon
[STDERR  ] 2017-07-19T14:12:18.906420587Z: 
[STDOUT  ] 2017-07-19T14:12:18.906428271Z: [    4.439389] oprofile: using NMI interrupt.
[STDERR  ] 2017-07-19T14:12:18.906429745Z: Welcome to LinuxKit
[STDOUT  ] 2017-07-19T14:12:18.906437388Z: [    4.440930] GACT probability on
[STDERR  ] 2017-07-19T14:12:18.90643887Z: 
[STDERR  ] 2017-07-19T14:12:18.906449243Z:                         ##         .
[STDOUT  ] 2017-07-19T14:12:18.9064465Z: [    4.441458] Mirror/redirect action on
[STDOUT  ] 2017-07-19T14:12:18.906455768Z: [    4.442389] Simple TC action Loaded
[STDERR  ] 2017-07-19T14:12:18.906458368Z:                   ## ## ##        ==
[STDOUT  ] 2017-07-19T14:12:18.906464738Z: [    4.443130] u32 classifier
[STDERR  ] 2017-07-19T14:12:18.906467261Z:                ## ## ## ## ##    ===
[STDOUT  ] 2017-07-19T14:12:18.906479631Z: [    4.443355]     Performance counters on
[STDERR  ] 2017-07-19T14:12:18.906480113Z:            /"""""""""""""""""\___/ ===
[STDOUT  ] 2017-07-19T14:12:18.906488776Z: [    4.443475]     input device check on
[STDERR  ] 2017-07-19T14:12:18.90649286Z:           {                       /  ===-
[STDOUT  ] 2017-07-19T14:12:18.90649793Z: [    4.443736]     Actions configured
[STDERR  ] 2017-07-19T14:12:18.906501986Z:            \______ O           __/
[STDOUT  ] 2017-07-19T14:12:18.906506963Z: [    4.444684] Netfilter messages via NETLINK v0.30.
[STDOUT  ] 2017-07-19T14:12:18.906516496Z: [    4.445272] nfnl_acct: registering with nfnetlink.
[STDOUT  ] 2017-07-19T14:12:18.906542026Z: [    4.446626] nf_conntrack version 0.5.0 (8192 buckets, 32768 max)
[STDOUT  ] 2017-07-19T14:12:18.906550215Z: [    4.449560] ctnetlink v0.93: registering with nfnetlink.
[STDOUT  ] 2017-07-19T14:12:18.906557986Z: [    4.453991] nf_tables: (c) 2007-2009 Patrick McHardy <kaber@trash.net>
[STDERR  ] 2017-07-19T14:12:18.906516373Z:              \    \         __/
[STDOUT  ] 2017-07-19T14:12:18.906571387Z: [    4.454826] nf_tables_compat: (c) 2012 Pablo Neira Ayuso <pablo@netfilter.org>
[STDERR  ] 2017-07-19T14:12:18.906574035Z:               \____\_______/
[STDOUT  ] 2017-07-19T14:12:18.906580435Z: [    4.457233] xt_time: kernel timezone is -0000
[STDERR  ] 2017-07-19T14:12:18.906582983Z: 
[STDOUT  ] 2017-07-19T14:12:18.906589595Z: [    4.457803] ip_set: protocol 6
[STDERR  ] 2017-07-19T14:12:18.906592108Z: ca-certificates test suite PASSED
[STDOUT  ] 2017-07-19T14:12:18.906598631Z: [    4.458441] IPVS: Registered protocols (TCP, UDP, SCTP, AH, ESP)
[STDERR  ] 2017-07-19T14:12:18.906601136Z:  - 000-test
[STDOUT  ] 2017-07-19T14:12:18.906607783Z: [    4.459109] IPVS: Connection hash table configured (size=4096, memory=64Kbytes)
[STDERR  ] 2017-07-19T14:12:18.906615113Z: [   23.342933] ACPI: Preparing to enter system sleep state S5
[STDOUT  ] 2017-07-19T14:12:18.906616947Z: [    4.461371] IPVS: Creating netns size=2104 id=0
[STDERR  ] 2017-07-19T14:12:18.906624241Z: [   23.344694] reboot: Power down
[STDOUT  ] 2017-07-19T14:12:18.906625928Z: [    4.464030] IPVS: ipvs loaded.
[STDOUT  ] 2017-07-19T14:12:18.906634775Z: [    4.464445] IPVS: [rr] scheduler registered.
[STDOUT  ] 2017-07-19T14:12:18.906644087Z: [    4.464785] IPVS: [wrr] scheduler registered.
[STDERR  ] 2017-07-19T14:12:18.906645523Z: + echo [    0.000000] Linux version 4.9.38-linuxkit (root@e1ede117fb1e) (gcc version 6.3.0 (Alpine 6.3.0) ) #1 SMP Tue Jul 18 09:12:54 UTC 2017
[STDOUT  ] 2017-07-19T14:12:18.906653245Z: [    4.465117] IPVS: [lc] scheduler registered.
[STDERR  ] 2017-07-19T14:12:18.906656128Z: [    0.000000] Command line: console=ttyS0 page_poison=1
[STDOUT  ] 2017-07-19T14:12:18.906662226Z: [    4.465406] IPVS: [wlc] scheduler registered.
[STDERR  ] 2017-07-19T14:12:18.906665292Z: [    0.000000] x86/fpu: Legacy x87 FPU detected.
[STDOUT  ] 2017-07-19T14:12:18.906671162Z: [    4.465676] IPVS: [fo] scheduler registered.
[STDERR  ] 2017-07-19T14:12:18.9066744Z: [    0.000000] x86/fpu: Using 'eager' FPU context switches.
[STDOUT  ] 2017-07-19T14:12:18.90668013Z: [    4.465978] IPVS: [ovf] scheduler registered.
[STDERR  ] 2017-07-19T14:12:18.906683934Z: [    0.000000] e820: BIOS-provided physical RAM map:
[STDERR  ] 2017-07-19T14:12:18.906693076Z: [    0.000000] BIOS-e820: [mem 0x0000000000000000-0x000000000009fbff] usable
[STDOUT  ] 2017-07-19T14:12:18.906689125Z: [    4.466461] IPVS: [lblc] scheduler registered.
[STDOUT  ] 2017-07-19T14:12:18.906703569Z: [    4.466862] IPVS: [lblcr] scheduler registered.
[STDOUT  ] 2017-07-19T14:12:18.906712594Z: [    4.467214] IPVS: [dh] scheduler registered.
[STDERR  ] 2017-07-19T14:12:18.906702774Z: [    0.000000] BIOS-e820: [mem 0x000000000009fc00-0x000000000009ffff] reserved
[STDERR  ] 2017-07-19T14:12:18.906722457Z: [    0.000000] BIOS-e820: [mem 0x00000000000f0000-0x00000000000fffff] reserved
[STDOUT  ] 2017-07-19T14:12:18.906722014Z: [    4.467508] IPVS: [sh] scheduler registered.
[STDOUT  ] 2017-07-19T14:12:18.906732169Z: [    4.467785] IPVS: [sed] scheduler registered.
[STDERR  ] 2017-07-19T14:12:18.906737342Z: [    0.000000] BIOS-e820: [mem 0x0000000000100000-0x000000003ffdefff] usable
[STDOUT  ] 2017-07-19T14:12:18.906743206Z: [    4.468078] IPVS: [nq] scheduler registered.
[STDERR  ] 2017-07-19T14:12:18.906750495Z: [    0.000000] BIOS-e820: [mem 0x000000003ffdf000-0x000000003fffffff] reserved
[STDOUT  ] 2017-07-19T14:12:18.906752355Z: [    4.468875] IPVS: ftp: loaded support on port[0] = 21
[STDERR  ] 2017-07-19T14:12:18.90675964Z: [    0.000000] BIOS-e820: [mem 0x00000000b0000000-0x00000000bfffffff] reserved
[STDOUT  ] 2017-07-19T14:12:18.906761576Z: [    4.469784] ipip: IPv4 and MPLS over IPv4 tunneling driver
[STDERR  ] 2017-07-19T14:12:18.906768902Z: [    0.000000] BIOS-e820: [mem 0x00000000fed1c000-0x00000000fed1ffff] reserved
[STDOUT  ] 2017-07-19T14:12:18.906770577Z: [    4.474703] gre: GRE over IPv4 demultiplexor driver
[STDERR  ] 2017-07-19T14:12:18.906777935Z: [    0.000000] BIOS-e820: [mem 0x00000000fffc0000-0x00000000ffffffff] reserved
[STDOUT  ] 2017-07-19T14:12:18.906779557Z: [    4.477505] ip_tables: (C) 2000-2006 Netfilter Core Team
[STDOUT  ] 2017-07-19T14:12:18.906788384Z: [    4.481540] ipt_CLUSTERIP: ClusterIP Version 0.8 loaded successfully
[STDOUT  ] 2017-07-19T14:12:18.906797712Z: [    4.482373] arp_tables: arp_tables: (C) 2002 David S. Miller
[STDERR  ] 2017-07-19T14:12:18.906787392Z: [    0.000000] NX (Execute Disable) protection: active
[STDOUT  ] 2017-07-19T14:12:18.906807275Z: [    4.484798] NET: Registered protocol family 10
[STDERR  ] 2017-07-19T14:12:18.906808885Z: [    0.000000] SMBIOS 2.8 present.
[STDOUT  ] 2017-07-19T14:12:18.906816485Z: [    4.494044] ip6_tables: (C) 2000-2006 Netfilter Core Team
[STDERR  ] 2017-07-19T14:12:18.906818095Z: [    0.000000] e820: last_pfn = 0x3ffdf max_arch_pfn = 0x400000000
[STDOUT  ] 2017-07-19T14:12:18.906825605Z: [    4.502917] NET: Registered protocol family 17
[STDERR  ] 2017-07-19T14:12:18.906827129Z: [    0.000000] x86/PAT: Configuration [0-7]: WB  WC  UC- UC  WB  WC  UC- WT  
[STDOUT  ] 2017-07-19T14:12:18.90683473Z: [    4.504076] Bridge firewalling registered
[STDERR  ] 2017-07-19T14:12:18.906836352Z: [    0.000000] found SMP MP-table at [mem 0x000f6aa0-0x000f6aaf] mapped at [ffff992a800f6aa0]
[STDERR  ] 2017-07-19T14:12:18.906845562Z: [    0.000000] RAMDISK: [mem 0x3eeb2000-0x3ffcffff]
[STDOUT  ] 2017-07-19T14:12:18.906843775Z: [    4.504709] Ebtables v2.0 registered
[STDOUT  ] 2017-07-19T14:12:18.906853106Z: [    4.506635] 8021q: 802.1Q VLAN Support v1.8
[STDOUT  ] 2017-07-19T14:12:18.906862384Z: [    4.508035] 9pnet: Installing 9P2000 support
[STDERR  ] 2017-07-19T14:12:18.90685465Z: [    0.000000] ACPI: Early table checksum verification disabled
[STDOUT  ] 2017-07-19T14:12:18.906876766Z: [    4.509482] Key type dns_resolver registered
[STDERR  ] 2017-07-19T14:12:18.906879184Z: [    0.000000] ACPI: RSDP 0x00000000000F68C0 000014 (v00 BOCHS )
[STDOUT  ] 2017-07-19T14:12:18.906886539Z: [    4.510880] microcode: AMD CPU family 0x6 not supported
[STDOUT  ] 2017-07-19T14:12:18.906896154Z: [    4.514581] registered taskstats version 1
[STDERR  ] 2017-07-19T14:12:18.9068951Z: [    0.000000] ACPI: RSDT 0x000000003FFE2404 000034 (v01 BOCHS  BXPCRSDT 00000001 BXPC 00000001)
[STDOUT  ] 2017-07-19T14:12:18.906905682Z: [    4.711914] ata2: SATA link down (SStatus 0 SControl 300)
[STDERR  ] 2017-07-19T14:12:18.906908549Z: [    0.000000] ACPI: FACP 0x000000003FFE22A4 000074 (v01 BOCHS  BXPCFACP 00000001 BXPC 00000001)
[STDERR  ] 2017-07-19T14:12:18.90691761Z: [    0.000000] ACPI: DSDT 0x000000003FFE0040 002264 (v01 BOCHS  BXPCDSDT 00000001 BXPC 00000001)
[STDOUT  ] 2017-07-19T14:12:18.906914986Z: [    4.714862] ata1: SATA link down (SStatus 0 SControl 300)
[STDOUT  ] 2017-07-19T14:12:18.906924064Z: [    4.720877] ata6: SATA link down (SStatus 0 SControl 300)
[STDERR  ] 2017-07-19T14:12:18.906926907Z: [    0.000000] ACPI: FACS 0x000000003FFE0000 000040
[STDOUT  ] 2017-07-19T14:12:18.906955846Z: [    4.721478] ata5: SATA link down (SStatus 0 SControl 300)
[STDERR  ] 2017-07-19T14:12:18.906962042Z: [    0.000000] ACPI: APIC 0x000000003FFE2318 000078 (v01 BOCHS  BXPCAPIC 00000001 BXPC 00000001)
[STDOUT  ] 2017-07-19T14:12:18.906971454Z: [    4.721984] ata4: SATA link down (SStatus 0 SControl 300)
[STDERR  ] 2017-07-19T14:12:18.906977969Z: [    0.000000] ACPI: HPET 0x000000003FFE2390 000038 (v01 BOCHS  BXPCHPET 00000001 BXPC 00000001)
[STDOUT  ] 2017-07-19T14:12:18.906985025Z: [    4.722863] ata3: SATA link up 1.5 Gbps (SStatus 113 SControl 300)
[STDERR  ] 2017-07-19T14:12:18.906991665Z: [    0.000000] ACPI: MCFG 0x000000003FFE23C8 00003C (v01 BOCHS  BXPCMCFG 00000001 BXPC 00000001)
[STDOUT  ] 2017-07-19T14:12:18.906994604Z: [    4.726367] ata3.00: ATAPI: QEMU DVD-ROM, 2.5+, max UDMA/100
[STDERR  ] 2017-07-19T14:12:18.907000687Z: [    0.000000] Zone ranges:
[STDOUT  ] 2017-07-19T14:12:18.907003687Z: [    4.726933] ata3.00: applying bridge limits
[STDERR  ] 2017-07-19T14:12:18.907009956Z: [    0.000000]   DMA      [mem 0x0000000000001000-0x0000000000ffffff]
[STDOUT  ] 2017-07-19T14:12:18.907012885Z: [    4.728788] ata3.00: configured for UDMA/100
[STDOUT  ] 2017-07-19T14:12:18.907021915Z: [    4.749205] scsi 2:0:0:0: CD-ROM            QEMU     QEMU DVD-ROM     2.5+ PQ: 0 ANSI: 5
[STDERR  ] 2017-07-19T14:12:18.907019136Z: [    0.000000]   DMA32    [mem 0x0000000001000000-0x000000003ffdefff]
[STDERR  ] 2017-07-19T14:12:18.907048417Z: [    0.000000]   Normal   empty
[STDOUT  ] 2017-07-19T14:12:18.907031435Z: [    4.759295] Key type big_key registered
[STDOUT  ] 2017-07-19T14:12:18.907056246Z: [    4.773596] sr 2:0:0:0: [sr0] scsi3-mmc drive: 4x/4x cd/rw xa/form2 tray
[STDERR  ] 2017-07-19T14:12:18.907057029Z: [    0.000000] Movable zone start for each node
[STDOUT  ] 2017-07-19T14:12:18.907065826Z: [    4.774380] cdrom: Uniform CD-ROM driver Revision: 3.20
[STDERR  ] 2017-07-19T14:12:18.907067035Z: [    0.000000] Early memory node ranges
[STDERR  ] 2017-07-19T14:12:18.907076372Z: [    0.000000]   node   0: [mem 0x0000000000001000-0x000000000009efff]
[STDOUT  ] 2017-07-19T14:12:18.907075032Z: [    4.790866] sr 2:0:0:0: Attached scsi generic sg0 type 5
[STDOUT  ] 2017-07-19T14:12:18.907083994Z: [    4.824361] Key type encrypted registered
[STDERR  ] 2017-07-19T14:12:18.907085364Z: [    0.000000]   node   0: [mem 0x0000000000100000-0x000000003ffdefff]
[STDOUT  ] 2017-07-19T14:12:18.907093114Z: [    4.830554] rtc_cmos 00:00: setting system clock to 2017-07-19 14:11:59 UTC (1500473519)
[STDERR  ] 2017-07-19T14:12:18.907094602Z: [    0.000000] Initmem setup node 0 [mem 0x0000000000001000-0x000000003ffdefff]
[STDOUT  ] 2017-07-19T14:12:18.907107736Z: [    4.979669] Freeing unused kernel memory: 1380K (ffffffff9ad57000 - ffffffff9aeb0000)
[STDERR  ] 2017-07-19T14:12:18.907104706Z: [    0.000000] ACPI: PM-Timer IO Port: 0x608
[STDOUT  ] 2017-07-19T14:12:18.907117054Z: [    4.980891] Write protecting the kernel read-only data: 12288k
[STDERR  ] 2017-07-19T14:12:18.907125012Z: [    0.000000] ACPI: LAPIC_NMI (acpi_id[0xff] dfl dfl lint[0x1])
[STDOUT  ] 2017-07-19T14:12:18.907128284Z: [    4.988111] Freeing unused kernel memory: 152K (ffff992a927da000 - ffff992a92800000)
[STDERR  ] 2017-07-19T14:12:18.907133875Z: [    0.000000] IOAPIC[0]: apic_id 0, version 32, address 0xfec00000, GSI 0-23
[STDOUT  ] 2017-07-19T14:12:18.90713752Z: [    5.106994] Freeing unused kernel memory: 1400K (ffff992a92aa2000 - ffff992a92c00000)
[STDOUT  ] 2017-07-19T14:12:18.90714666Z: [    5.108148] tsc: Refined TSC clocksource calibration: 2600.006 MHz
[STDERR  ] 2017-07-19T14:12:18.907142892Z: [    0.000000] ACPI: INT_SRC_OVR (bus 0 bus_irq 0 global_irq 2 dfl dfl)
[STDOUT  ] 2017-07-19T14:12:18.90715571Z: [    5.108748] clocksource: tsc: mask: 0xffffffffffffffff max_cycles: 0x257a42068c7, max_idle_ns: 440795285103 ns
[STDERR  ] 2017-07-19T14:12:18.907152905Z: [    0.000000] ACPI: INT_SRC_OVR (bus 0 bus_irq 5 global_irq 5 high level)
[STDERR  ] 2017-07-19T14:12:18.907162214Z: [    0.000000] ACPI: INT_SRC_OVR (bus 0 bus_irq 9 global_irq 9 high level)
[STDOUT  ] 2017-07-19T14:12:18.907165344Z: [    6.120939] clocksource: Switched to clocksource tsc
[STDERR  ] 2017-07-19T14:12:18.907176596Z: [    0.000000] ACPI: INT_SRC_OVR (bus 0 bus_irq 10 global_irq 10 high level)
[STDOUT  ] 2017-07-19T14:12:18.90717954Z: [    9.647670] e1000: Intel(R) PRO/1000 Network Driver - version 7.3.21-k8-NAPI
[STDOUT  ] 2017-07-19T14:12:18.907203869Z: [    9.648200] e1000: Copyright (c) 1999-2006 Intel Corporation.
[STDERR  ] 2017-07-19T14:12:18.907203972Z: [    0.000000] ACPI: INT_SRC_OVR (bus 0 bus_irq 11 global_irq 11 high level)
[STDOUT  ] 2017-07-19T14:12:18.90721438Z: [    9.667415] ACPI: PCI Interrupt Link [GSIG] enabled at IRQ 22
[STDERR  ] 2017-07-19T14:12:18.90721305Z: [    0.000000] Using ACPI (MADT) for SMP configuration information
[STDERR  ] 2017-07-19T14:12:18.907222349Z: [    0.000000] ACPI: HPET id: 0x8086a201 base: 0xfed00000
[STDOUT  ] 2017-07-19T14:12:18.907223556Z: [   10.037497] e1000 0000:00:02.0 eth0: (PCI:33MHz:32-bit) 52:54:00:12:34:56
[STDERR  ] 2017-07-19T14:12:18.907231468Z: [    0.000000] smpboot: Allowing 1 CPUs, 0 hotplug CPUs
[STDOUT  ] 2017-07-19T14:12:18.907232813Z: [   10.038363] e1000 0000:00:02.0 eth0: Intel(R) PRO/1000 Network Connection
[STDOUT  ] 2017-07-19T14:12:18.907241885Z: 
[STDERR  ] 2017-07-19T14:12:18.907240518Z: [    0.000000] e820: [mem 0x40000000-0xafffffff] available for PCI devices
[STDOUT  ] 2017-07-19T14:12:18.907251144Z: Welcome to LinuxKit
[STDERR  ] 2017-07-19T14:12:18.907254276Z: [    0.000000] Booting paravirtualized kernel on bare hardware
[STDOUT  ] 2017-07-19T14:12:18.907260281Z: 
[STDOUT  ] 2017-07-19T14:12:18.907280554Z:                         ##         .
[STDERR  ] 2017-07-19T14:12:18.907275316Z: [    0.000000] clocksource: refined-jiffies: mask: 0xffffffff max_cycles: 0xffffffff, max_idle_ns: 19112604462750000 ns
[STDOUT  ] 2017-07-19T14:12:18.907290818Z:                   ## ## ##        ==
[STDERR  ] 2017-07-19T14:12:18.907290303Z: [    0.000000] setup_percpu: NR_CPUS:128 nr_cpumask_bits:128 nr_cpu_ids:1 nr_node_ids:1
[STDERR  ] 2017-07-19T14:12:18.907299586Z: [    0.000000] percpu: Embedded 35 pages/cpu @ffff992abec00000 s105176 r8192 d29992 u2097152
[STDOUT  ] 2017-07-19T14:12:18.907299821Z:                ## ## ## ## ##    ===
[STDERR  ] 2017-07-19T14:12:18.907308769Z: [    0.000000] Built 1 zonelists in Zone order, mobility grouping on.  Total pages: 257896
[STDOUT  ] 2017-07-19T14:12:18.907310341Z:            /"""""""""""""""""\___/ ===
[STDERR  ] 2017-07-19T14:12:18.907317986Z: [    0.000000] Kernel command line: console=ttyS0 page_poison=1
[STDOUT  ] 2017-07-19T14:12:18.907319333Z:           {                       /  ===-
[STDERR  ] 2017-07-19T14:12:18.907327055Z: [    0.000000] PID hash table entries: 4096 (order: 3, 32768 bytes)
[STDOUT  ] 2017-07-19T14:12:18.907328496Z:            \______ O           __/
[STDOUT  ] 2017-07-19T14:12:18.907342193Z:              \    \         __/
[STDERR  ] 2017-07-19T14:12:18.907336078Z: [    0.000000] Dentry cache hash table entries: 131072 (order: 8, 1048576 bytes)
[STDOUT  ] 2017-07-19T14:12:18.907352294Z:               \____\_______/
[STDERR  ] 2017-07-19T14:12:18.907356274Z: [    0.000000] Inode-cache hash table entries: 65536 (order: 7, 524288 bytes)
[STDOUT  ] 2017-07-19T14:12:18.907361321Z: 
[STDERR  ] 2017-07-19T14:12:18.907365619Z: [    0.000000] Memory: 996644K/1048052K available (8026K kernel code, 1366K rwdata, 2696K rodata, 1380K init, 568K bss, 51408K reserved, 0K cma-reserved)
[STDOUT  ] 2017-07-19T14:12:18.907370615Z: ca-certificates test suite PASSED
[STDERR  ] 2017-07-19T14:12:18.907375659Z: [    0.000000] Hierarchical RCU implementation.
[STDOUT  ] 2017-07-19T14:12:18.907379734Z:  - 000-test
[STDERR  ] 2017-07-19T14:12:18.907384746Z: [    0.000000] 	Build-time adjustment of leaf fanout to 64.
[STDOUT  ] 2017-07-19T14:12:18.907389019Z: [   23.342933] ACPI: Preparing to enter system sleep state S5
[STDERR  ] 2017-07-19T14:12:18.907393781Z: [    0.000000] 	RCU restricting CPUs from NR_CPUS=128 to nr_cpu_ids=1.
[STDOUT  ] 2017-07-19T14:12:18.907398183Z: [   23.344694] reboot: Power down
[STDERR  ] 2017-07-19T14:12:18.907408441Z: [    0.000000] RCU: Adjusting geometry for rcu_fanout_leaf=64, nr_cpu_ids=1
[STDERR  ] 2017-07-19T14:12:18.907417548Z: [    0.000000] NR_IRQS:8448 nr_irqs:256 16
[STDERR  ] 2017-07-19T14:12:18.907441746Z: [    0.000000] Console: colour VGA+ 80x25
[STDERR  ] 2017-07-19T14:12:18.907450164Z: [    0.000000] console [ttyS0] enabled
[STDERR  ] 2017-07-19T14:12:18.907458298Z: [    0.000000] allocated 2097152 bytes of page_ext
[STDERR  ] 2017-07-19T14:12:18.907466483Z: [    0.000000] clocksource: hpet: mask: 0xffffffff max_cycles: 0xffffffff, max_idle_ns: 19112604467 ns
[STDERR  ] 2017-07-19T14:12:18.907475794Z: [    0.000000] tsc: Fast TSC calibration using PIT
[STDERR  ] 2017-07-19T14:12:18.907483879Z: [    0.000000] tsc: Detected 2600.005 MHz processor
[STDERR  ] 2017-07-19T14:12:18.907492203Z: [    0.032501] Calibrating delay loop (skipped), value calculated using timer frequency.. 5200.01 BogoMIPS (lpj=26000050)
[STDERR  ] 2017-07-19T14:12:18.907521535Z: [    0.033703] pid_max: default: 32768 minimum: 301
[STDERR  ] 2017-07-19T14:12:18.907529935Z: [    0.034846] ACPI: Core revision 20160831
[STDERR  ] 2017-07-19T14:12:18.907538448Z: [    0.076373] ACPI: 1 ACPI AML tables successfully acquired and loaded
[STDERR  ] 2017-07-19T14:12:18.907552384Z: [    0.081506] Security Framework initialized
[STDERR  ] 2017-07-19T14:12:18.907561664Z: [    0.081947] Yama: becoming mindful.
[STDERR  ] 2017-07-19T14:12:18.907574936Z: [    0.084000] Mount-cache hash table entries: 2048 (order: 2, 16384 bytes)
[STDERR  ] 2017-07-19T14:12:18.907596631Z: [    0.084564] Mountpoint-cache hash table entries: 2048 (order: 2, 16384 bytes)
[STDERR  ] 2017-07-19T14:12:18.907609873Z: [    0.103937] Last level iTLB entries: 4KB 0, 2MB 0, 4MB 0
[STDERR  ] 2017-07-19T14:12:18.907619263Z: [    0.104459] Last level dTLB entries: 4KB 0, 2MB 0, 4MB 0, 1GB 0
[STDERR  ] 2017-07-19T14:12:18.907628485Z: [    0.398436] Freeing SMP alternatives memory: 20K (ffffffff9aeb0000 - ffffffff9aeb5000)
[STDERR  ] 2017-07-19T14:12:18.907637605Z: [    0.408918] ftrace: allocating 35489 entries in 139 pages
[STDERR  ] 2017-07-19T14:12:18.907645815Z: [    0.573484] smpboot: Max logical packages: 1
[STDERR  ] 2017-07-19T14:12:18.907654149Z: [    0.580000] ..TIMER: vector=0x30 apic1=0 pin1=2 apic2=-1 pin2=-1
[STDERR  ] 2017-07-19T14:12:18.907675316Z: [    0.680000] smpboot: CPU0: AMD QEMU Virtual CPU version 2.5+ (family: 0x6, model: 0x6, stepping: 0x3)
[STDERR  ] 2017-07-19T14:12:18.907686826Z: [    0.680000] Performance Events: PMU not available due to virtualization, using software events only.
[STDERR  ] 2017-07-19T14:12:18.907695469Z: [    0.689148] NMI watchdog: disabled (cpu0): hardware events not enabled
[STDERR  ] 2017-07-19T14:12:18.907703614Z: [    0.689718] NMI watchdog: Shutting down hard lockup detector on all cpus
[STDERR  ] 2017-07-19T14:12:18.907712186Z: [    0.693524] x86: Booted up 1 node, 1 CPUs
[STDERR  ] 2017-07-19T14:12:18.907720884Z: [    0.693954] smpboot: Total of 1 processors activated (5200.01 BogoMIPS)
[STDERR  ] 2017-07-19T14:12:18.907729564Z: [    0.708371] devtmpfs: initialized
[STDERR  ] 2017-07-19T14:12:18.907739108Z: [    0.715401] x86/mm: Memory block size: 128MB
[STDERR  ] 2017-07-19T14:12:18.907762715Z: [    0.777509] clocksource: jiffies: mask: 0xffffffff max_cycles: 0xffffffff, max_idle_ns: 19112604462750000 ns
[STDERR  ] 2017-07-19T14:12:18.907772026Z: [    0.778524] futex hash table entries: 256 (order: 2, 16384 bytes)
[STDERR  ] 2017-07-19T14:12:18.907781342Z: [    0.787774] NET: Registered protocol family 16
[STDERR  ] 2017-07-19T14:12:18.907795558Z: [    0.799131] cpuidle: using governor ladder
[STDERR  ] 2017-07-19T14:12:18.907805652Z: [    0.799647] cpuidle: using governor menu
[STDERR  ] 2017-07-19T14:12:18.907814783Z: [    0.801001] ACPI: bus type PCI registered
[STDERR  ] 2017-07-19T14:12:18.90784409Z: [    0.803795] PCI: MMCONFIG for domain 0000 [bus 00-ff] at [mem 0xb0000000-0xbfffffff] (base 0xb0000000)
[STDERR  ] 2017-07-19T14:12:18.907867678Z: [    0.804535] PCI: MMCONFIG at [mem 0xb0000000-0xbfffffff] reserved in E820
[STDERR  ] 2017-07-19T14:12:18.907909384Z: [    0.805814] PCI: Using configuration type 1 for base access
[STDERR  ] 2017-07-19T14:12:18.907950072Z: [    0.862588] HugeTLB registered 2 MB page size, pre-allocated 0 pages
[STDERR  ] 2017-07-19T14:12:18.907966464Z: [    0.877313] ACPI: Added _OSI(Module Device)
[STDERR  ] 2017-07-19T14:12:18.907981625Z: [    0.877655] ACPI: Added _OSI(Processor Device)
[STDERR  ] 2017-07-19T14:12:18.9079901Z: [    0.878024] ACPI: Added _OSI(3.0 _SCP Extensions)
[STDERR  ] 2017-07-19T14:12:18.908013212Z: [    0.878341] ACPI: Added _OSI(Processor Aggregator Device)
[STDERR  ] 2017-07-19T14:12:18.90802184Z: [    0.952496] ACPI: Interpreter enabled
[STDERR  ] 2017-07-19T14:12:18.908030617Z: [    0.953511] ACPI: (supports S0 S5)
[STDERR  ] 2017-07-19T14:12:18.908039688Z: [    0.953856] ACPI: Using IOAPIC for interrupt routing
[STDERR  ] 2017-07-19T14:12:18.908052775Z: [    0.956601] PCI: Using host bridge windows from ACPI; if necessary, use "pci=nocrs" and report a bug
[STDERR  ] 2017-07-19T14:12:18.908061975Z: [    1.020457] ACPI: PCI Root Bridge [PCI0] (domain 0000 [bus 00-ff])
[STDERR  ] 2017-07-19T14:12:18.908082094Z: [    1.021680] acpi PNP0A08:00: _OSC: OS supports [ExtendedConfig ASPM ClockPM Segments MSI]
[STDERR  ] 2017-07-19T14:12:18.908092277Z: [    1.028416] acpi PNP0A08:00: _OSC: OS now controls [PCIeHotplug PME PCIeCapability]
[STDERR  ] 2017-07-19T14:12:18.90810126Z: [    1.032372] PCI host bridge to bus 0000:00
[STDERR  ] 2017-07-19T14:12:18.908110335Z: [    1.032883] pci_bus 0000:00: root bus resource [io  0x0000-0x0cf7 window]
[STDERR  ] 2017-07-19T14:12:18.908119065Z: [    1.033399] pci_bus 0000:00: root bus resource [io  0x0d00-0xffff window]
[STDERR  ] 2017-07-19T14:12:18.908127497Z: [    1.033875] pci_bus 0000:00: root bus resource [mem 0x000a0000-0x000bffff window]
[STDERR  ] 2017-07-19T14:12:18.908135902Z: [    1.034320] pci_bus 0000:00: root bus resource [mem 0xc0000000-0xfebfffff window]
[STDERR  ] 2017-07-19T14:12:18.908144188Z: [    1.035012] pci_bus 0000:00: root bus resource [bus 00-ff]
[STDERR  ] 2017-07-19T14:12:18.908164743Z: [    1.126657] pci 0000:00:1f.0: quirk: [io  0x0600-0x067f] claimed by ICH6 ACPI/GPIO/TCO
[STDERR  ] 2017-07-19T14:12:18.908173603Z: [    1.190061] ACPI: PCI Interrupt Link [LNKA] (IRQs 5 *10 11)
[STDERR  ] 2017-07-19T14:12:18.908181832Z: [    1.193123] ACPI: PCI Interrupt Link [LNKB] (IRQs 5 *10 11)
[STDERR  ] 2017-07-19T14:12:18.908190238Z: [    1.195487] ACPI: PCI Interrupt Link [LNKC] (IRQs 5 10 *11)
[STDERR  ] 2017-07-19T14:12:18.90819922Z: [    1.197388] ACPI: PCI Interrupt Link [LNKD] (IRQs 5 10 *11)
[STDERR  ] 2017-07-19T14:12:18.908208153Z: [    1.199192] ACPI: PCI Interrupt Link [LNKE] (IRQs 5 *10 11)
[STDERR  ] 2017-07-19T14:12:18.908216927Z: [    1.201225] ACPI: PCI Interrupt Link [LNKF] (IRQs 5 *10 11)
[STDERR  ] 2017-07-19T14:12:18.90822568Z: [    1.203051] ACPI: PCI Interrupt Link [LNKG] (IRQs 5 10 *11)
[STDERR  ] 2017-07-19T14:12:18.908247063Z: [    1.204887] ACPI: PCI Interrupt Link [LNKH] (IRQs 5 10 *11)
[STDERR  ] 2017-07-19T14:12:18.908255173Z: [    1.205970] ACPI: PCI Interrupt Link [GSIA] (IRQs *16)
[STDERR  ] 2017-07-19T14:12:18.908263903Z: [    1.206759] ACPI: PCI Interrupt Link [GSIB] (IRQs *17)
[STDERR  ] 2017-07-19T14:12:18.908272764Z: [    1.207539] ACPI: PCI Interrupt Link [GSIC] (IRQs *18)
[STDERR  ] 2017-07-19T14:12:18.908282452Z: [    1.208299] ACPI: PCI Interrupt Link [GSID] (IRQs *19)
[STDERR  ] 2017-07-19T14:12:18.908290854Z: [    1.209062] ACPI: PCI Interrupt Link [GSIE] (IRQs *20)
[STDERR  ] 2017-07-19T14:12:18.90829941Z: [    1.209780] ACPI: PCI Interrupt Link [GSIF] (IRQs *21)
[STDERR  ] 2017-07-19T14:12:18.908320338Z: [    1.210559] ACPI: PCI Interrupt Link [GSIG] (IRQs *22)
[STDERR  ] 2017-07-19T14:12:18.908330252Z: [    1.211338] ACPI: PCI Interrupt Link [GSIH] (IRQs *23)
[STDERR  ] 2017-07-19T14:12:18.908339296Z: [    1.215222] ACPI: Enabled 2 GPEs in block 00 to 3F
[STDERR  ] 2017-07-19T14:12:18.908353541Z: [    1.220053] SCSI subsystem initialized
[STDERR  ] 2017-07-19T14:12:18.908369002Z: [    1.222004] ACPI: bus type USB registered
[STDERR  ] 2017-07-19T14:12:18.908381263Z: [    1.223552] usbcore: registered new interface driver usbfs
[STDERR  ] 2017-07-19T14:12:18.908404379Z: [    1.224543] usbcore: registered new interface driver hub
[STDERR  ] 2017-07-19T14:12:18.908419363Z: [    1.225405] usbcore: registered new device driver usb
[STDERR  ] 2017-07-19T14:12:18.908428579Z: [    1.226658] pps_core: LinuxPPS API ver. 1 registered
[STDERR  ] 2017-07-19T14:12:18.908436837Z: [    1.226978] pps_core: Software ver. 5.3.6 - Copyright 2005-2007 Rodolfo Giometti <giometti@linux.it>
[STDERR  ] 2017-07-19T14:12:18.908445651Z: [    1.227718] PTP clock support registered
[STDERR  ] 2017-07-19T14:12:18.908454739Z: [    1.228982] wmi: Mapper loaded
[STDERR  ] 2017-07-19T14:12:18.908463231Z: [    1.230383] PCI: Using ACPI for IRQ routing
[STDERR  ] 2017-07-19T14:12:18.908487083Z: [    1.249213] NetLabel: Initializing
[STDERR  ] 2017-07-19T14:12:18.908496156Z: [    1.249516] NetLabel:  domain hash size = 128
[STDERR  ] 2017-07-19T14:12:18.908506397Z: [    1.249864] NetLabel:  protocols = UNLABELED CIPSOv4
[STDERR  ] 2017-07-19T14:12:18.908514677Z: [    1.252575] NetLabel:  unlabeled traffic allowed by default
[STDERR  ] 2017-07-19T14:12:18.908524494Z: [    1.253803] HPET: 3 timers in total, 0 timers will be used for per-cpu timer
[STDERR  ] 2017-07-19T14:12:18.908530114Z: [    1.254586] hpet0: at MMIO 0xfed00000, IRQs 2, 8, 0
[STDERR  ] 2017-07-19T14:12:18.908535431Z: [    1.255185] hpet0: 3 comparators, 64-bit 100.000000 MHz counter
[STDERR  ] 2017-07-19T14:12:18.908540976Z: [    1.261641] clocksource: Switched to clocksource hpet
[STDERR  ] 2017-07-19T14:12:18.908557587Z: [    1.533173] VFS: Disk quotas dquot_6.6.0
[STDERR  ] 2017-07-19T14:12:18.908568643Z: [    1.534053] VFS: Dquot-cache hash table entries: 512 (order 0, 4096 bytes)
[STDERR  ] 2017-07-19T14:12:18.908578837Z: [    1.538067] FS-Cache: Loaded
[STDERR  ] 2017-07-19T14:12:18.908587774Z: [    1.545018] CacheFiles: Loaded
[STDERR  ] 2017-07-19T14:12:18.908596517Z: [    1.546800] pnp: PnP ACPI init
[STDERR  ] 2017-07-19T14:12:18.908605523Z: [    1.558528] pnp: PnP ACPI: found 5 devices
[STDERR  ] 2017-07-19T14:12:18.908615023Z: [    1.610410] clocksource: acpi_pm: mask: 0xffffff max_cycles: 0xffffff, max_idle_ns: 2085701024 ns
[STDERR  ] 2017-07-19T14:12:18.908624691Z: [    1.614859] NET: Registered protocol family 2
[STDERR  ] 2017-07-19T14:12:18.908630151Z: [    1.622366] TCP established hash table entries: 8192 (order: 4, 65536 bytes)
[STDERR  ] 2017-07-19T14:12:18.908635569Z: [    1.623231] TCP bind hash table entries: 8192 (order: 5, 131072 bytes)
[STDERR  ] 2017-07-19T14:12:18.908644871Z: [    1.623930] TCP: Hash tables configured (established 8192 bind 8192)
[STDERR  ] 2017-07-19T14:12:18.908650363Z: [    1.625825] UDP hash table entries: 512 (order: 2, 16384 bytes)
[STDERR  ] 2017-07-19T14:12:18.908655777Z: [    1.626430] UDP-Lite hash table entries: 512 (order: 2, 16384 bytes)
[STDERR  ] 2017-07-19T14:12:18.908661417Z: [    1.628822] NET: Registered protocol family 1
[STDERR  ] 2017-07-19T14:12:18.908670932Z: [    1.629882] pci 0000:00:01.0: Video device with shadowed ROM at [mem 0x000c0000-0x000dffff]
[STDERR  ] 2017-07-19T14:12:18.908688099Z: [    1.637141] Unpacking initramfs...
[STDERR  ] 2017-07-19T14:12:18.908702993Z: [    4.029629] Freeing initrd memory: 17528K (ffff992abeeb2000 - ffff992abffd0000)
[STDERR  ] 2017-07-19T14:12:18.908712683Z: [    4.054155] PCLMULQDQ-NI instructions are not detected.
[STDERR  ] 2017-07-19T14:12:18.908721561Z: [    4.055812] AVX or AES-NI instructions are not detected.
[STDERR  ] 2017-07-19T14:12:18.908730651Z: [    4.056328] CPU feature 'AVX registers' is not supported.
[STDERR  ] 2017-07-19T14:12:18.908740569Z: [    4.056812] CPU feature 'AVX registers' is not supported.
[STDERR  ] 2017-07-19T14:12:18.908746211Z: [    4.057243] CPU feature 'AVX registers' is not supported.
[STDERR  ] 2017-07-19T14:12:18.908751596Z: [    4.057683] CPU feature 'AVX registers' is not supported.
[STDERR  ] 2017-07-19T14:12:18.908766676Z: [    4.058121] AVX2 or AES-NI instructions are not detected.
[STDERR  ] 2017-07-19T14:12:18.908781046Z: [    4.058517] AVX2 instructions are not detected.
[STDERR  ] 2017-07-19T14:12:18.908796596Z: [    4.064485] audit: initializing netlink subsys (disabled)
[STDERR  ] 2017-07-19T14:12:18.908811027Z: [    4.066131] audit: type=2000 audit(1500473518.060:1): initialized
[STDERR  ] 2017-07-19T14:12:18.908820957Z: [    4.074804] workingset: timestamp_bits=46 max_order=18 bucket_order=0
[STDERR  ] 2017-07-19T14:12:18.908830001Z: [    4.081594] FS-Cache: Netfs 'cifs' registered for caching
[STDERR  ] 2017-07-19T14:12:18.908839112Z: [    4.082705] fuse init (API version 7.26)
[STDERR  ] 2017-07-19T14:12:18.908848042Z: [    4.087448] SGI XFS with ACLs, security attributes, no debug enabled
[STDERR  ] 2017-07-19T14:12:18.908857423Z: [    4.091682] 9p: Installing v9fs 9p2000 file system support
[STDERR  ] 2017-07-19T14:12:18.908867286Z: [    4.092235] FS-Cache: Netfs '9p' registered for caching
[STDERR  ] 2017-07-19T14:12:18.908872962Z: [    4.125058] NET: Registered protocol family 38
[STDERR  ] 2017-07-19T14:12:18.908880402Z: [    4.125700] Key type asymmetric registered
[STDERR  ] 2017-07-19T14:12:18.908891009Z: [    4.126061] Asymmetric key parser 'x509' registered
[STDERR  ] 2017-07-19T14:12:18.908901018Z: [    4.127129] Block layer SCSI generic (bsg) driver version 0.4 loaded (major 251)
[STDERR  ] 2017-07-19T14:12:18.90891152Z: [    4.128797] io scheduler noop registered
[STDERR  ] 2017-07-19T14:12:18.908921082Z: [    4.129153] io scheduler deadline registered (default)
[STDERR  ] 2017-07-19T14:12:18.908929932Z: [    4.129874] io scheduler cfq registered
[STDERR  ] 2017-07-19T14:12:18.908956256Z: [    4.134104] pci_hotplug: PCI Hot Plug PCI Core version: 0.5
[STDERR  ] 2017-07-19T14:12:18.908965275Z: [    4.134935] pciehp: PCI Express Hot Plug Controller Driver version: 0.4
[STDERR  ] 2017-07-19T14:12:18.908979366Z: [    4.135890] shpchp: Standard Hot Plug PCI Controller Driver version: 0.4
[STDERR  ] 2017-07-19T14:12:18.908988212Z: [    4.136721] hv_vmbus: registering driver hyperv_fb
[STDERR  ] 2017-07-19T14:12:18.90899777Z: [    4.139831] input: Power Button as /devices/LNXSYSTM:00/LNXPWRBN:00/input/input0
[STDERR  ] 2017-07-19T14:12:18.909006675Z: [    4.142669] ACPI: Power Button [PWRF]
[STDERR  ] 2017-07-19T14:12:18.909015522Z: [    4.147653] GHES: HEST is not enabled!
[STDERR  ] 2017-07-19T14:12:18.909024252Z: [    4.159074] ACPI: PCI Interrupt Link [GSIH] enabled at IRQ 23
[STDERR  ] 2017-07-19T14:12:18.909037881Z: [    4.167090] xenfs: not registering filesystem on non-xen platform
[STDERR  ] 2017-07-19T14:12:18.909050763Z: [    4.169230] Serial: 8250/16550 driver, 4 ports, IRQ sharing disabled
[STDERR  ] 2017-07-19T14:12:18.909062138Z: [    4.194309] 00:04: ttyS0 at I/O 0x3f8 (irq = 4, base_baud = 115200) is a 16550A
[STDERR  ] 2017-07-19T14:12:18.90907185Z: [    4.207025] Non-volatile memory driver v1.3
[STDERR  ] 2017-07-19T14:12:18.909081236Z: [    4.213505] Hangcheck: starting hangcheck timer 0.9.1 (tick is 180 seconds, margin is 60 seconds).
[STDERR  ] 2017-07-19T14:12:18.909094632Z: [    4.254313] loop: module loaded
[STDERR  ] 2017-07-19T14:12:18.909103516Z: [    4.270773] nbd: registered device at major 43
[STDERR  ] 2017-07-19T14:12:18.909112441Z: [    4.316542] lpc_ich 0000:00:1f.0: I/O space for GPIO uninitialized
[STDERR  ] 2017-07-19T14:12:18.909121242Z: [    4.318794] VMware PVSCSI driver - version 1.0.7.0-k
[STDERR  ] 2017-07-19T14:12:18.909130218Z: [    4.319841] hv_vmbus: registering driver hv_storvsc
[STDERR  ] 2017-07-19T14:12:18.909139138Z: [    4.331335] ACPI: PCI Interrupt Link [GSIA] enabled at IRQ 16
[STDERR  ] 2017-07-19T14:12:18.90914784Z: [    4.337633] ahci 0000:00:1f.2: AHCI 0001.0000 32 slots 6 ports 1.5 Gbps 0x3f impl SATA mode
[STDERR  ] 2017-07-19T14:12:18.90915757Z: [    4.338389] ahci 0000:00:1f.2: flags: 64bit ncq only 
[STDERR  ] 2017-07-19T14:12:18.909166345Z: [    4.359744] scsi host0: ahci
[STDERR  ] 2017-07-19T14:12:18.909180465Z: [    4.365639] scsi host1: ahci
[STDERR  ] 2017-07-19T14:12:18.909189451Z: [    4.368202] scsi host2: ahci
[STDERR  ] 2017-07-19T14:12:18.90919827Z: [    4.370796] scsi host3: ahci
[STDERR  ] 2017-07-19T14:12:18.909207026Z: [    4.373107] scsi host4: ahci
[STDERR  ] 2017-07-19T14:12:18.909219292Z: [    4.375642] scsi host5: ahci
[STDERR  ] 2017-07-19T14:12:18.909228275Z: [    4.377817] ata1: SATA max UDMA/133 abar m4096@0xfebf1000 port 0xfebf1100 irq 24
[STDERR  ] 2017-07-19T14:12:18.909237815Z: [    4.378319] ata2: SATA max UDMA/133 abar m4096@0xfebf1000 port 0xfebf1180 irq 24
[STDERR  ] 2017-07-19T14:12:18.909246598Z: [    4.378753] ata3: SATA max UDMA/133 abar m4096@0xfebf1000 port 0xfebf1200 irq 24
[STDERR  ] 2017-07-19T14:12:18.90925537Z: [    4.379216] ata4: SATA max UDMA/133 abar m4096@0xfebf1000 port 0xfebf1280 irq 24
[STDERR  ] 2017-07-19T14:12:18.909267788Z: [    4.379718] ata5: SATA max UDMA/133 abar m4096@0xfebf1000 port 0xfebf1300 irq 24
[STDERR  ] 2017-07-19T14:12:18.909276652Z: [    4.380551] ata6: SATA max UDMA/133 abar m4096@0xfebf1000 port 0xfebf1380 irq 24
[STDERR  ] 2017-07-19T14:12:18.90928563Z: [    4.394543] tun: Universal TUN/TAP device driver, 1.6
[STDERR  ] 2017-07-19T14:12:18.90929457Z: [    4.394980] tun: (C) 1999-2004 Max Krasnyansky <maxk@qualcomm.com>
[STDERR  ] 2017-07-19T14:12:18.909303168Z: [    4.397130] VMware vmxnet3 virtual NIC driver - version 1.4.a.0-k-NAPI
[STDERR  ] 2017-07-19T14:12:18.909321653Z: [    4.398271] hv_vmbus: registering driver hv_netvsc
[STDERR  ] 2017-07-19T14:12:18.909335908Z: [    4.398645] Fusion MPT base driver 3.04.20
[STDERR  ] 2017-07-19T14:12:18.909344988Z: [    4.398898] Copyright (c) 1999-2008 LSI Corporation
[STDERR  ] 2017-07-19T14:12:18.909353801Z: [    4.399612] Fusion MPT SPI Host driver 3.04.20
