[INFO    ] 2019-06-05T09:10:39.652516760Z: Running Test linuxkit.packages.extend.btrfs in /tmp/with_clone1f3cbe30/test/cases/040_packages/005_extend/001_btrfs
[INFO    ] 2019-06-05T09:10:39.652809716Z: Running command: [/bin/sh -x /tmp/with_clone1f3cbe30/test/cases/040_packages/005_extend/001_btrfs/test.sh]
[STDERR  ] 2019-06-05T09:10:39.653762083Z: + set -ex
[STDERR  ] 2019-06-05T09:10:39.653894516Z: + . /tmp/with_clone1f3cbe30/test/cases/_lib/lib.sh
[STDERR  ] 2019-06-05T09:10:39.653926526Z: + [ -f src/github.com/linuxkit/rtf/lib/lib.sh ]
[STDERR  ] 2019-06-05T09:10:39.653971957Z: + LINUXKIT_TMPDIR=/tmp/with_clone1f3cbe30/test/cases/_tmp
[STDERR  ] 2019-06-05T09:10:39.654001444Z: + [ -f /tmp/with_clone1f3cbe30/test/cases/_tmp/env.sh ]
[STDERR  ] 2019-06-05T09:10:39.654046762Z: + . /tmp/with_clone1f3cbe30/test/cases/_tmp/env.sh
[STDERR  ] 2019-06-05T09:10:39.654075339Z: + export LINUXKIT_EXAMPLES_DIR=/tmp/with_clone1f3cbe30/test/cases/../../examples
[STDERR  ] 2019-06-05T09:10:39.654121109Z: + RT_CANCEL=253
[STDERR  ] 2019-06-05T09:10:39.654151872Z: + NAME_CREATE=extend-btrfs
[STDERR  ] 2019-06-05T09:10:39.654179652Z: + NAME_EXTEND=extend-btrfs
[STDERR  ] 2019-06-05T09:10:39.654208060Z: + DISK=disk.img
[STDERR  ] 2019-06-05T09:10:39.654241735Z: + trap clean_up EXIT
[STDERR  ] 2019-06-05T09:10:39.654318404Z: + linuxkit build -name extend-btrfs -format kernel+initrd test-create.yml
[STDERR  ] 2019-06-05T09:10:39.706739995Z: Extract kernel image: linuxkit/kernel:4.19.47
[STDERR  ] 2019-06-05T09:10:44.672407637Z: Add init containers:
[STDERR  ] 2019-06-05T09:10:44.672521307Z: Process init image: linuxkit/init:v0.7
[STDERR  ] 2019-06-05T09:10:46.459576655Z: Process init image: linuxkit/runc:c1f0db27e71d948f3134b31ce76276f843849b0a
[STDERR  ] 2019-06-05T09:10:48.099267002Z: Add onboot containers:
[STDERR  ] 2019-06-05T09:10:48.099371369Z:   Create OCI config for linuxkit/modprobe:v0.7
[STDERR  ] 2019-06-05T09:10:49.659721002Z:   Create OCI config for linuxkit/format:v0.7
[STDERR  ] 2019-06-05T09:10:51.455597250Z:   Create OCI config for linuxkit/mount:v0.7
[STDERR  ] 2019-06-05T09:10:53.142879473Z:   Create OCI config for alpine:3.9
[STDERR  ] 2019-06-05T09:10:54.747614780Z:   Create OCI config for linuxkit/poweroff:b498d30dd9660090565537fceb9e757618737a85
[STDERR  ] 2019-06-05T09:10:56.261668078Z: Create outputs:
[STDERR  ] 2019-06-05T09:11:03.626129302Z:   extend-btrfs-kernel extend-btrfs-initrd.img extend-btrfs-cmdline
[STDERR  ] 2019-06-05T09:11:03.709993728Z: + linuxkit run -disk file=disk.img,format=raw,size=256M extend-btrfs
[STDOUT  ] 2019-06-05T09:11:09.080810954Z: [    0.000000] Linux version 4.19.47-linuxkit (root@5990f4b80ed1) (gcc version 8.3.0 (Alpine 8.3.0)) #1 SMP Sat Jun 1 16:59:48 UTC 2019
[STDOUT  ] 2019-06-05T09:11:09.081237558Z: [    0.000000] Command line: console=ttyS0 console=ttyAMA0
[STDOUT  ] 2019-06-05T09:11:09.081544592Z: [    0.000000] x86/fpu: x87 FPU will use FXSAVE
[STDOUT  ] 2019-06-05T09:11:09.081846835Z: [    0.000000] BIOS-provided physical RAM map:
[STDOUT  ] 2019-06-05T09:11:09.082333270Z: [    0.000000] BIOS-e820: [mem 0x0000000000000000-0x000000000009fbff] usable
[STDOUT  ] 2019-06-05T09:11:09.082825043Z: [    0.000000] BIOS-e820: [mem 0x000000000009fc00-0x000000000009ffff] reserved
[STDOUT  ] 2019-06-05T09:11:09.083303613Z: [    0.000000] BIOS-e820: [mem 0x00000000000f0000-0x00000000000fffff] reserved
[STDOUT  ] 2019-06-05T09:11:09.083781113Z: [    0.000000] BIOS-e820: [mem 0x0000000000100000-0x000000003ffdefff] usable
[STDOUT  ] 2019-06-05T09:11:09.084359277Z: [    0.000000] BIOS-e820: [mem 0x000000003ffdf000-0x000000003fffffff] reserved
[STDOUT  ] 2019-06-05T09:11:09.084841322Z: [    0.000000] BIOS-e820: [mem 0x00000000b0000000-0x00000000bfffffff] reserved
[STDOUT  ] 2019-06-05T09:11:09.085329196Z: [    0.000000] BIOS-e820: [mem 0x00000000fed1c000-0x00000000fed1ffff] reserved
[STDOUT  ] 2019-06-05T09:11:09.085816756Z: [    0.000000] BIOS-e820: [mem 0x00000000fffc0000-0x00000000ffffffff] reserved
[STDOUT  ] 2019-06-05T09:11:09.086164844Z: [    0.000000] NX (Execute Disable) protection: active
[STDOUT  ] 2019-06-05T09:11:09.086392251Z: [    0.000000] SMBIOS 2.8 present.
[STDOUT  ] 2019-06-05T09:11:09.087130781Z: [    0.000000] DMI: QEMU Standard PC (Q35 + ICH9, 2009), BIOS rel-1.10.2-0-g5f4c7b1-prebuilt.qemu-project.org 04/01/2014
[STDOUT  ] 2019-06-05T09:11:09.087446477Z: [    0.000000] tsc: Fast TSC calibration using PIT
[STDOUT  ] 2019-06-05T09:11:09.087785936Z: [    0.000000] tsc: Detected 2599.753 MHz processor
[STDOUT  ] 2019-06-05T09:11:09.088171975Z: [    0.065310] last_pfn = 0x3ffdf max_arch_pfn = 0x400000000
[STDOUT  ] 2019-06-05T09:11:09.088659339Z: [    0.066875] x86/PAT: Configuration [0-7]: WB  WC  UC- UC  WB  WP  UC- WT  
[STDOUT  ] 2019-06-05T09:11:09.089066784Z: [    0.120623] found SMP MP-table at [mem 0x000f6aa0-0x000f6aaf]
[STDOUT  ] 2019-06-05T09:11:09.089394823Z: [    0.130313] RAMDISK: [mem 0x3d5d3000-0x3ffcffff]
[STDOUT  ] 2019-06-05T09:11:09.089797922Z: [    0.131119] ACPI: Early table checksum verification disabled
[STDOUT  ] 2019-06-05T09:11:09.090193459Z: [    0.133677] ACPI: RSDP 0x00000000000F68C0 000014 (v00 BOCHS )
[STDOUT  ] 2019-06-05T09:11:09.090806984Z: [    0.133994] ACPI: RSDT 0x000000003FFE2404 000034 (v01 BOCHS  BXPCRSDT 00000001 BXPC 00000001)
[STDOUT  ] 2019-06-05T09:11:09.091383260Z: [    0.134796] ACPI: FACP 0x000000003FFE22A4 000074 (v01 BOCHS  BXPCFACP 00000001 BXPC 00000001)
[STDOUT  ] 2019-06-05T09:11:09.091973492Z: [    0.135517] ACPI: DSDT 0x000000003FFE0040 002264 (v01 BOCHS  BXPCDSDT 00000001 BXPC 00000001)
[STDOUT  ] 2019-06-05T09:11:09.092299033Z: [    0.135659] ACPI: FACS 0x000000003FFE0000 000040
[STDOUT  ] 2019-06-05T09:11:09.092894727Z: [    0.135786] ACPI: APIC 0x000000003FFE2318 000078 (v01 BOCHS  BXPCAPIC 00000001 BXPC 00000001)
[STDOUT  ] 2019-06-05T09:11:09.093483561Z: [    0.135870] ACPI: HPET 0x000000003FFE2390 000038 (v01 BOCHS  BXPCHPET 00000001 BXPC 00000001)
[STDOUT  ] 2019-06-05T09:11:09.094088041Z: [    0.135952] ACPI: MCFG 0x000000003FFE23C8 00003C (v01 BOCHS  BXPCMCFG 00000001 BXPC 00000001)
[STDOUT  ] 2019-06-05T09:11:09.094296001Z: [    0.142144] Zone ranges:
[STDOUT  ] 2019-06-05T09:11:09.094734189Z: [    0.142251]   DMA      [mem 0x0000000000001000-0x0000000000ffffff]
[STDOUT  ] 2019-06-05T09:11:09.095163295Z: [    0.142339]   DMA32    [mem 0x0000000001000000-0x000000003ffdefff]
[STDOUT  ] 2019-06-05T09:11:09.095371010Z: [    0.142382]   Normal   empty
[STDOUT  ] 2019-06-05T09:11:09.095581027Z: [    0.142428]   Device   empty
[STDOUT  ] 2019-06-05T09:11:09.095887180Z: [    0.142471] Movable zone start for each node
[STDOUT  ] 2019-06-05T09:11:09.096142302Z: [    0.142531] Early memory node ranges
[STDOUT  ] 2019-06-05T09:11:09.096578912Z: [    0.142587]   node   0: [mem 0x0000000000001000-0x000000000009efff]
[STDOUT  ] 2019-06-05T09:11:09.097022257Z: [    0.142623]   node   0: [mem 0x0000000000100000-0x000000003ffdefff]
[STDOUT  ] 2019-06-05T09:11:09.097335468Z: [    0.143771] Reserved but unavailable: 98 pages
[STDOUT  ] 2019-06-05T09:11:09.097836497Z: [    0.143979] Initmem setup node 0 [mem 0x0000000000001000-0x000000003ffdefff]
[STDOUT  ] 2019-06-05T09:11:09.098113882Z: [    0.208120] ACPI: PM-Timer IO Port: 0x608
[STDOUT  ] 2019-06-05T09:11:09.098538444Z: [    0.208858] ACPI: LAPIC_NMI (acpi_id[0xff] dfl dfl lint[0x1])
[STDOUT  ] 2019-06-05T09:11:09.099019794Z: [    0.209436] IOAPIC[0]: apic_id 0, version 32, address 0xfec00000, GSI 0-23
[STDOUT  ] 2019-06-05T09:11:09.099487153Z: [    0.209613] ACPI: INT_SRC_OVR (bus 0 bus_irq 0 global_irq 2 dfl dfl)
[STDOUT  ] 2019-06-05T09:11:09.099957348Z: [    0.209980] ACPI: INT_SRC_OVR (bus 0 bus_irq 5 global_irq 5 high level)
[STDOUT  ] 2019-06-05T09:11:09.100419156Z: [    0.210045] ACPI: INT_SRC_OVR (bus 0 bus_irq 9 global_irq 9 high level)
[STDOUT  ] 2019-06-05T09:11:09.100908267Z: [    0.210172] ACPI: INT_SRC_OVR (bus 0 bus_irq 10 global_irq 10 high level)
[STDOUT  ] 2019-06-05T09:11:09.101380975Z: [    0.210204] ACPI: INT_SRC_OVR (bus 0 bus_irq 11 global_irq 11 high level)
[STDOUT  ] 2019-06-05T09:11:09.101802059Z: [    0.210581] Using ACPI (MADT) for SMP configuration information
[STDOUT  ] 2019-06-05T09:11:09.102173567Z: [    0.210661] ACPI: HPET id: 0x8086a201 base: 0xfed00000
[STDOUT  ] 2019-06-05T09:11:09.102526497Z: [    0.211193] smpboot: Allowing 1 CPUs, 0 hotplug CPUs
[STDOUT  ] 2019-06-05T09:11:09.102962082Z: [    0.212212] [mem 0x40000000-0xafffffff] available for PCI devices
[STDOUT  ] 2019-06-05T09:11:09.103358805Z: [    0.212291] Booting paravirtualized kernel on bare hardware
[STDOUT  ] 2019-06-05T09:11:09.104078098Z: [    0.212588] clocksource: refined-jiffies: mask: 0xffffffff max_cycles: 0xffffffff, max_idle_ns: 1910969940391419 ns
[STDOUT  ] 2019-06-05T09:11:09.104649261Z: [    3.487543] random: get_random_bytes called from start_kernel+0x91/0x512 with crng_init=0
[STDOUT  ] 2019-06-05T09:11:09.105192139Z: [    3.488625] setup_percpu: NR_CPUS:128 nr_cpumask_bits:128 nr_cpu_ids:1 nr_node_ids:1
[STDOUT  ] 2019-06-05T09:11:09.105657961Z: [    3.497042] percpu: Embedded 45 pages/cpu s145112 r8192 d31016 u2097152
[STDOUT  ] 2019-06-05T09:11:09.106133446Z: [    3.499830] Built 1 zonelists, mobility grouping on.  Total pages: 257896
[STDOUT  ] 2019-06-05T09:11:09.106560841Z: [    3.500069] Kernel command line: console=ttyS0 console=ttyAMA0
[STDOUT  ] 2019-06-05T09:11:09.107065562Z: [    3.504459] Dentry cache hash table entries: 131072 (order: 8, 1048576 bytes)
[STDOUT  ] 2019-06-05T09:11:09.107542351Z: [    3.506141] Inode-cache hash table entries: 65536 (order: 7, 524288 bytes)
[STDOUT  ] 2019-06-05T09:11:09.108602435Z: [    3.572935] Memory: 959948K/1048052K available (12300K kernel code, 1583K rwdata, 3012K rodata, 1588K init, 2020K bss, 88104K reserved, 0K cma-reserved)
[STDOUT  ] 2019-06-05T09:11:09.108976303Z: [    3.580077] ftrace: allocating 43122 entries in 169 pages
[STDOUT  ] 2019-06-05T09:11:09.109323130Z: [    4.021329] rcu: Hierarchical RCU implementation.
[STDOUT  ] 2019-06-05T09:11:09.109787492Z: [    4.021526] rcu: 	RCU restricting CPUs from NR_CPUS=128 to nr_cpu_ids=1.
[STDOUT  ] 2019-06-05T09:11:09.110302449Z: [    4.021678] rcu: Adjusting geometry for rcu_fanout_leaf=16, nr_cpu_ids=1
[STDOUT  ] 2019-06-05T09:11:09.110692270Z: [    4.074360] NR_IRQS: 8448, nr_irqs: 256, preallocated irqs: 16
[STDOUT  ] 2019-06-05T09:11:09.110958904Z: [    4.088009] Console: colour VGA+ 80x25
[STDOUT  ] 2019-06-05T09:11:09.111330297Z: [    4.121291] console [ttyS0] enabled
[STDOUT  ] 2019-06-05T09:11:09.112019502Z: [    4.121964] ACPI: Core revision 20180810
[STDOUT  ] 2019-06-05T09:11:09.120522320Z: [    4.130067] clocksource: hpet: mask: 0xffffffff max_cycles: 0xffffffff, max_idle_ns: 19112604467 ns
[STDOUT  ] 2019-06-05T09:11:09.127099290Z: [    4.136860] APIC: Switch to symmetric I/O mode setup
[STDOUT  ] 2019-06-05T09:11:09.134000161Z: [    4.143733] ..TIMER: vector=0x30 apic1=0 pin1=2 apic2=-1 pin2=-1
[STDOUT  ] 2019-06-05T09:11:09.140061250Z: [    4.149396] clocksource: tsc-early: mask: 0xffffffffffffffff max_cycles: 0x25795309ff7, max_idle_ns: 440795296158 ns
[STDOUT  ] 2019-06-05T09:11:09.143225601Z: [    4.153327] Calibrating delay loop (skipped), value calculated using timer frequency.. 5199.50 BogoMIPS (lpj=2599753)
[STDOUT  ] 2019-06-05T09:11:09.143835405Z: [    4.153965] pid_max: default: 32768 minimum: 301
[STDOUT  ] 2019-06-05T09:11:09.148315850Z: [    4.159064] Security Framework initialized
[STDOUT  ] 2019-06-05T09:11:09.148790680Z: [    4.159508] Yama: becoming mindful.
[STDOUT  ] 2019-06-05T09:11:09.151444091Z: [    4.162024] Mount-cache hash table entries: 2048 (order: 2, 16384 bytes)
[STDOUT  ] 2019-06-05T09:11:09.152093550Z: [    4.162580] Mountpoint-cache hash table entries: 2048 (order: 2, 16384 bytes)
[STDOUT  ] 2019-06-05T09:11:09.174483789Z: [    4.185109] Last level iTLB entries: 4KB 0, 2MB 0, 4MB 0
[STDOUT  ] 2019-06-05T09:11:09.174979890Z: [    4.185598] Last level dTLB entries: 4KB 0, 2MB 0, 4MB 0, 1GB 0
[STDOUT  ] 2019-06-05T09:11:09.175867981Z: [    4.186006] Spectre V2 : Spectre mitigation: LFENCE not serializing, switching to generic retpoline
[STDOUT  ] 2019-06-05T09:11:09.176316168Z: [    4.186872] Spectre V2 : Mitigation: Full generic retpoline
[STDOUT  ] 2019-06-05T09:11:09.176956391Z: [    4.187267] Spectre V2 : Spectre v2 / SpectreRSB mitigation: Filling RSB on context switch
[STDOUT  ] 2019-06-05T09:11:09.177385986Z: [    4.187908] Speculative Store Bypass: Vulnerable
[STDOUT  ] 2019-06-05T09:11:09.382505231Z: [    4.393184] random: fast init done
[STDOUT  ] 2019-06-05T09:11:09.513383224Z: [    4.523959] Freeing SMP alternatives memory: 20K
[STDOUT  ] 2019-06-05T09:11:09.642807067Z: [    4.550823] smpboot: CPU0: AMD QEMU Virtual CPU version 2.5+ (family: 0x6, model: 0x6, stepping: 0x3)
[STDOUT  ] 2019-06-05T09:11:09.654118517Z: [    4.561119] Performance Events: PMU not available due to virtualization, using software events only.
[STDOUT  ] 2019-06-05T09:11:09.657580375Z: [    4.565448] rcu: Hierarchical SRCU implementation.
[STDOUT  ] 2019-06-05T09:11:09.665518155Z: [    4.571289] NMI watchdog: Perf NMI watchdog permanently disabled
[STDOUT  ] 2019-06-05T09:11:09.670340493Z: [    4.576213] smp: Bringing up secondary CPUs ...
[STDOUT  ] 2019-06-05T09:11:09.670919056Z: [    4.576902] smp: Brought up 1 node, 1 CPU
[STDOUT  ] 2019-06-05T09:11:09.671432739Z: [    4.577356] smpboot: Max logical packages: 1
[STDOUT  ] 2019-06-05T09:11:09.672178608Z: [    4.577954] smpboot: Total of 1 processors activated (5199.50 BogoMIPS)
[STDOUT  ] 2019-06-05T09:11:09.688819549Z: [    4.594740] devtmpfs: initialized
[STDOUT  ] 2019-06-05T09:11:09.696181234Z: [    4.601146] x86/mm: Memory block size: 128MB
[STDOUT  ] 2019-06-05T09:11:09.707991350Z: [    4.612429] clocksource: jiffies: mask: 0xffffffff max_cycles: 0xffffffff, max_idle_ns: 1911260446275000 ns
[STDOUT  ] 2019-06-05T09:11:09.708921191Z: [    4.613065] futex hash table entries: 256 (order: 2, 16384 bytes)
[STDOUT  ] 2019-06-05T09:11:09.724246289Z: [    4.629180] NET: Registered protocol family 16
[STDOUT  ] 2019-06-05T09:11:09.729304569Z: [    4.634199] audit: initializing netlink subsys (disabled)
[STDOUT  ] 2019-06-05T09:11:09.734931646Z: [    4.639445] audit: type=2000 audit(1559725868.499:1): state=initialized audit_enabled=0 res=1
[STDOUT  ] 2019-06-05T09:11:09.737714295Z: [    4.642605] cpuidle: using governor ladder
[STDOUT  ] 2019-06-05T09:11:09.738329259Z: [    4.643026] cpuidle: using governor menu
[STDOUT  ] 2019-06-05T09:11:09.740361987Z: [    4.645380] ACPI: bus type PCI registered
[STDOUT  ] 2019-06-05T09:11:09.741144984Z: [    4.645896] acpiphp: ACPI Hot Plug PCI Controller Driver version: 0.5
[STDOUT  ] 2019-06-05T09:11:09.745377945Z: [    4.649297] PCI: MMCONFIG for domain 0000 [bus 00-ff] at [mem 0xb0000000-0xbfffffff] (base 0xb0000000)
[STDOUT  ] 2019-06-05T09:11:09.746492331Z: [    4.651118] PCI: MMCONFIG at [mem 0xb0000000-0xbfffffff] reserved in E820
[STDOUT  ] 2019-06-05T09:11:09.747786197Z: [    4.652527] PCI: Using configuration type 1 for base access
[STDOUT  ] 2019-06-05T09:11:09.812534073Z: [    4.717200] HugeTLB registered 2.00 MiB page size, pre-allocated 0 pages
[STDOUT  ] 2019-06-05T09:11:09.817913147Z: [    4.722757] cryptd: max_cpu_qlen set to 1000
[STDOUT  ] 2019-06-05T09:11:09.823449235Z: [    4.728346] ACPI: Added _OSI(Module Device)
[STDOUT  ] 2019-06-05T09:11:09.823962995Z: [    4.728912] ACPI: Added _OSI(Processor Device)
[STDOUT  ] 2019-06-05T09:11:09.824503012Z: [    4.729332] ACPI: Added _OSI(3.0 _SCP Extensions)
[STDOUT  ] 2019-06-05T09:11:09.824856025Z: [    4.729865] ACPI: Added _OSI(Processor Aggregator Device)
[STDOUT  ] 2019-06-05T09:11:09.825371134Z: [    4.730333] ACPI: Added _OSI(Linux-Dell-Video)
[STDOUT  ] 2019-06-05T09:11:09.825991167Z: [    4.730891] ACPI: Added _OSI(Linux-Lenovo-NV-HDMI-Audio)
[STDOUT  ] 2019-06-05T09:11:09.880631809Z: [    4.785224] ACPI: 1 ACPI AML tables successfully acquired and loaded
[STDOUT  ] 2019-06-05T09:11:09.919028683Z: [    4.821894] ACPI: Interpreter enabled
[STDOUT  ] 2019-06-05T09:11:09.920141088Z: [    4.823139] ACPI: (supports S0 S5)
[STDOUT  ] 2019-06-05T09:11:09.920761065Z: [    4.823583] ACPI: Using IOAPIC for interrupt routing
[STDOUT  ] 2019-06-05T09:11:09.923778751Z: [    4.826160] PCI: Using host bridge windows from ACPI; if necessary, use "pci=nocrs" and report a bug
[STDOUT  ] 2019-06-05T09:11:09.927730526Z: [    4.830505] ACPI: Enabled 2 GPEs in block 00 to 3F
[STDOUT  ] 2019-06-05T09:11:10.001567390Z: [    4.904087] ACPI: PCI Root Bridge [PCI0] (domain 0000 [bus 00-ff])
[STDOUT  ] 2019-06-05T09:11:10.003120530Z: [    4.905445] acpi PNP0A08:00: _OSC: OS supports [ExtendedConfig ASPM ClockPM Segments MSI]
[STDOUT  ] 2019-06-05T09:11:10.007763990Z: [    4.910305] acpi PNP0A08:00: _OSC: platform does not support [SHPCHotplug LTR]
[STDOUT  ] 2019-06-05T09:11:10.011711197Z: [    4.914228] acpi PNP0A08:00: _OSC: OS now controls [PCIeHotplug PME PCIeCapability]
[STDOUT  ] 2019-06-05T09:11:10.017713600Z: [    4.920504] PCI host bridge to bus 0000:00
[STDOUT  ] 2019-06-05T09:11:10.018777632Z: [    4.921100] pci_bus 0000:00: root bus resource [io  0x0000-0x0cf7 window]
[STDOUT  ] 2019-06-05T09:11:10.019600060Z: [    4.921908] pci_bus 0000:00: root bus resource [io  0x0d00-0xffff window]
[STDOUT  ] 2019-06-05T09:11:10.020428091Z: [    4.922902] pci_bus 0000:00: root bus resource [mem 0x000a0000-0x000bffff window]
[STDOUT  ] 2019-06-05T09:11:10.021283707Z: [    4.923891] pci_bus 0000:00: root bus resource [mem 0xc0000000-0xfebfffff window]
[STDOUT  ] 2019-06-05T09:11:10.022182700Z: [    4.924870] pci_bus 0000:00: root bus resource [bus 00-ff]
[STDOUT  ] 2019-06-05T09:11:10.186887281Z: [    4.984241] pci 0000:00:1f.0: quirk: [io  0x0600-0x067f] claimed by ICH6 ACPI/GPIO/TCO
[STDOUT  ] 2019-06-05T09:11:10.275938543Z: [    5.031411] ACPI: PCI Interrupt Link [LNKA] (IRQs 5 *10 11)
[STDOUT  ] 2019-06-05T09:11:10.278399070Z: [    5.034034] ACPI: PCI Interrupt Link [LNKB] (IRQs 5 *10 11)
[STDOUT  ] 2019-06-05T09:11:10.280601805Z: [    5.036233] ACPI: PCI Interrupt Link [LNKC] (IRQs 5 10 *11)
[STDOUT  ] 2019-06-05T09:11:10.282773538Z: [    5.038345] ACPI: PCI Interrupt Link [LNKD] (IRQs 5 10 *11)
[STDOUT  ] 2019-06-05T09:11:10.284914591Z: [    5.040512] ACPI: PCI Interrupt Link [LNKE] (IRQs 5 *10 11)
[STDOUT  ] 2019-06-05T09:11:10.287122897Z: [    5.042791] ACPI: PCI Interrupt Link [LNKF] (IRQs 5 *10 11)
[STDOUT  ] 2019-06-05T09:11:10.289194779Z: [    5.044911] ACPI: PCI Interrupt Link [LNKG] (IRQs 5 10 *11)
[STDOUT  ] 2019-06-05T09:11:10.291326443Z: [    5.047022] ACPI: PCI Interrupt Link [LNKH] (IRQs 5 10 *11)
[STDOUT  ] 2019-06-05T09:11:10.292601346Z: [    5.048195] ACPI: PCI Interrupt Link [GSIA] (IRQs *16)
[STDOUT  ] 2019-06-05T09:11:10.293466508Z: [    5.049157] ACPI: PCI Interrupt Link [GSIB] (IRQs *17)
[STDOUT  ] 2019-06-05T09:11:10.294962637Z: [    5.050111] ACPI: PCI Interrupt Link [GSIC] (IRQs *18)
[STDOUT  ] 2019-06-05T09:11:10.295348900Z: [    5.051104] ACPI: PCI Interrupt Link [GSID] (IRQs *19)
[STDOUT  ] 2019-06-05T09:11:10.296256718Z: [    5.051982] ACPI: PCI Interrupt Link [GSIE] (IRQs *20)
[STDOUT  ] 2019-06-05T09:11:10.297135203Z: [    5.052754] ACPI: PCI Interrupt Link [GSIF] (IRQs *21)
[STDOUT  ] 2019-06-05T09:11:10.297982205Z: [    5.053628] ACPI: PCI Interrupt Link [GSIG] (IRQs *22)
[STDOUT  ] 2019-06-05T09:11:10.298898390Z: [    5.054160] ACPI: PCI Interrupt Link [GSIH] (IRQs *23)
[STDOUT  ] 2019-06-05T09:11:10.309350961Z: [    5.064751] SCSI subsystem initialized
[STDOUT  ] 2019-06-05T09:11:10.313431983Z: [    5.069251] ACPI: bus type USB registered
[STDOUT  ] 2019-06-05T09:11:10.314782419Z: [    5.070447] usbcore: registered new interface driver usbfs
[STDOUT  ] 2019-06-05T09:11:10.315956683Z: [    5.071459] usbcore: registered new interface driver hub
[STDOUT  ] 2019-06-05T09:11:10.316941854Z: [    5.072275] usbcore: registered new device driver usb
[STDOUT  ] 2019-06-05T09:11:10.318103433Z: [    5.073975] pps_core: LinuxPPS API ver. 1 registered
[STDOUT  ] 2019-06-05T09:11:10.319674056Z: [    5.074363] pps_core: Software ver. 5.3.6 - Copyright 2005-2007 Rodolfo Giometti <giometti@linux.it>
[STDOUT  ] 2019-06-05T09:11:10.320226059Z: [    5.075032] PTP clock support registered
[STDOUT  ] 2019-06-05T09:11:10.323097100Z: [    5.078028] PCI: Using ACPI for IRQ routing
[STDOUT  ] 2019-06-05T09:11:10.345749691Z: [    5.100515] NetLabel: Initializing
[STDOUT  ] 2019-06-05T09:11:10.346139607Z: [    5.100874] NetLabel:  domain hash size = 128
[STDOUT  ] 2019-06-05T09:11:10.346596599Z: [    5.101188] NetLabel:  protocols = UNLABELED CIPSOv4 CALIPSO
[STDOUT  ] 2019-06-05T09:11:10.349236898Z: [    5.103980] NetLabel:  unlabeled traffic allowed by default
[STDOUT  ] 2019-06-05T09:11:10.350758320Z: [    5.105331] HPET: 3 timers in total, 0 timers will be used for per-cpu timer
[STDOUT  ] 2019-06-05T09:11:10.352048376Z: [    5.106550] hpet0: at MMIO 0xfed00000, IRQs 2, 8, 0
[STDOUT  ] 2019-06-05T09:11:10.352491112Z: [    5.107306] hpet0: 3 comparators, 64-bit 100.000000 MHz counter
[STDOUT  ] 2019-06-05T09:11:10.359422509Z: [    5.114239] clocksource: Switched to clocksource tsc-early
[STDOUT  ] 2019-06-05T09:11:10.784284358Z: [    5.538770] VFS: Disk quotas dquot_6.6.0
[STDOUT  ] 2019-06-05T09:11:10.785863093Z: [    5.540246] VFS: Dquot-cache hash table entries: 512 (order 0, 4096 bytes)
[STDOUT  ] 2019-06-05T09:11:10.789017916Z: [    5.543700] FS-Cache: Loaded
[STDOUT  ] 2019-06-05T09:11:10.795910699Z: [    5.550604] CacheFiles: Loaded
[STDOUT  ] 2019-06-05T09:11:10.797684930Z: [    5.552376] pnp: PnP ACPI init
[STDOUT  ] 2019-06-05T09:11:10.811937992Z: [    5.566509] pnp: PnP ACPI: found 5 devices
[STDOUT  ] 2019-06-05T09:11:10.859961223Z: [    5.614088] clocksource: acpi_pm: mask: 0xffffff max_cycles: 0xffffff, max_idle_ns: 2085701024 ns
[STDOUT  ] 2019-06-05T09:11:10.863281158Z: [    5.617810] NET: Registered protocol family 2
[STDOUT  ] 2019-06-05T09:11:10.874517308Z: [    5.628735] tcp_listen_portaddr_hash hash table entries: 512 (order: 1, 8192 bytes)
[STDOUT  ] 2019-06-05T09:11:10.875967546Z: [    5.630281] TCP established hash table entries: 8192 (order: 4, 65536 bytes)
[STDOUT  ] 2019-06-05T09:11:10.877081368Z: [    5.631463] TCP bind hash table entries: 8192 (order: 5, 131072 bytes)
[STDOUT  ] 2019-06-05T09:11:10.878102500Z: [    5.632489] TCP: Hash tables configured (established 8192 bind 8192)
[STDOUT  ] 2019-06-05T09:11:10.880969692Z: [    5.635405] UDP hash table entries: 512 (order: 2, 16384 bytes)
[STDOUT  ] 2019-06-05T09:11:10.882005687Z: [    5.636408] UDP-Lite hash table entries: 512 (order: 2, 16384 bytes)
[STDOUT  ] 2019-06-05T09:11:10.889299657Z: [    5.643832] NET: Registered protocol family 1
[STDOUT  ] 2019-06-05T09:11:10.890241775Z: [    5.644805] NET: Registered protocol family 44
[STDOUT  ] 2019-06-05T09:11:10.891623615Z: [    5.645854] pci 0000:00:01.0: Video device with shadowed ROM at [mem 0x000c0000-0x000dffff]
[STDOUT  ] 2019-06-05T09:11:10.899024507Z: [    5.653492] Trying to unpack rootfs image as initramfs...
[STDOUT  ] 2019-06-05T09:11:19.985512375Z: [   14.740155] Freeing initrd memory: 42996K
[STDOUT  ] 2019-06-05T09:11:20.018999135Z: [   14.773496] PCLMULQDQ-NI instructions are not detected.
[STDOUT  ] 2019-06-05T09:11:20.020898296Z: [   14.775447] AVX or AES-NI instructions are not detected.
[STDOUT  ] 2019-06-05T09:11:20.021687805Z: [   14.776296] CPU feature 'AVX registers' is not supported.
[STDOUT  ] 2019-06-05T09:11:20.022308289Z: [   14.776808] CPU feature 'AVX registers' is not supported.
[STDOUT  ] 2019-06-05T09:11:20.023274437Z: [   14.777787] CPU feature 'AVX registers' is not supported.
[STDOUT  ] 2019-06-05T09:11:20.023960693Z: [   14.778543] CPU feature 'AVX registers' is not supported.
[STDOUT  ] 2019-06-05T09:11:20.024597087Z: [   14.779210] AVX2 or AES-NI instructions are not detected.
[STDOUT  ] 2019-06-05T09:11:20.025094062Z: [   14.779703] AVX2 instructions are not detected.
[STDOUT  ] 2019-06-05T09:11:20.038375412Z: [   14.792755] workingset: timestamp_bits=46 max_order=18 bucket_order=0
[STDOUT  ] 2019-06-05T09:11:20.045795967Z: [   14.800314] squashfs: version 4.0 (2009/01/31) Phillip Lougher
[STDOUT  ] 2019-06-05T09:11:20.049113658Z: [   14.803656] FS-Cache: Netfs 'cifs' registered for caching
[STDOUT  ] 2019-06-05T09:11:20.050492421Z: [   14.805180] fuse init (API version 7.27)
[STDOUT  ] 2019-06-05T09:11:20.053751601Z: [   14.808230] SGI XFS with ACLs, security attributes, no debug enabled
[STDOUT  ] 2019-06-05T09:11:20.059146091Z: [   14.813670] 9p: Installing v9fs 9p2000 file system support
[STDOUT  ] 2019-06-05T09:11:20.059918127Z: [   14.814506] FS-Cache: Netfs '9p' registered for caching
[STDOUT  ] 2019-06-05T09:11:20.113269886Z: [   14.867772] NET: Registered protocol family 38
[STDOUT  ] 2019-06-05T09:11:20.114189209Z: [   14.868812] Key type asymmetric registered
[STDOUT  ] 2019-06-05T09:11:20.114849630Z: [   14.869510] Asymmetric key parser 'x509' registered
[STDOUT  ] 2019-06-05T09:11:20.116091388Z: [   14.870502] Block layer SCSI generic (bsg) driver version 0.4 loaded (major 247)
[STDOUT  ] 2019-06-05T09:11:20.118118259Z: [   14.872740] io scheduler noop registered
[STDOUT  ] 2019-06-05T09:11:20.118789525Z: [   14.873427] io scheduler deadline registered (default)
[STDOUT  ] 2019-06-05T09:11:20.119743910Z: [   14.874448] io scheduler cfq registered
[STDOUT  ] 2019-06-05T09:11:20.120295677Z: [   14.874838] io scheduler mq-deadline registered (default)
[STDOUT  ] 2019-06-05T09:11:20.120923061Z: [   14.875608] io scheduler kyber registered
[STDOUT  ] 2019-06-05T09:11:20.124788069Z: [   14.879269] shpchp: Standard Hot Plug PCI Controller Driver version: 0.4
[STDOUT  ] 2019-06-05T09:11:20.125679626Z: [   14.880340] hv_vmbus: registering driver hyperv_fb
[STDOUT  ] 2019-06-05T09:11:20.130034489Z: [   14.884410] input: Power Button as /devices/LNXSYSTM:00/LNXPWRBN:00/input/input0
[STDOUT  ] 2019-06-05T09:11:20.133581899Z: [   14.888313] ACPI: Power Button [PWRF]
[STDOUT  ] 2019-06-05T09:11:20.156310145Z: [   14.910824] PCI Interrupt Link [GSIG] enabled at IRQ 22
[STDOUT  ] 2019-06-05T09:11:20.172493557Z: [   14.926867] PCI Interrupt Link [GSIH] enabled at IRQ 23
[STDOUT  ] 2019-06-05T09:11:20.182138581Z: [   14.936449] Serial: 8250/16550 driver, 4 ports, IRQ sharing disabled
[STDOUT  ] 2019-06-05T09:11:20.207927523Z: [   14.962241] 00:04: ttyS0 at I/O 0x3f8 (irq = 4, base_baud = 115200) is a 16550A
[STDOUT  ] 2019-06-05T09:11:20.219971533Z: [   14.974534] Non-volatile memory driver v1.3
[STDOUT  ] 2019-06-05T09:11:20.228690115Z: [   14.982835] Hangcheck: starting hangcheck timer 0.9.1 (tick is 180 seconds, margin is 60 seconds).
[STDOUT  ] 2019-06-05T09:11:20.236496554Z: [   14.991212] random: crng init done
[STDOUT  ] 2019-06-05T09:11:20.324450099Z: [   15.079174] brd: module loaded
[STDOUT  ] 2019-06-05T09:11:20.366432462Z: [   15.121123] loop: module loaded
[STDOUT  ] 2019-06-05T09:11:20.446211305Z: [   15.200620] lpc_ich 0000:00:1f.0: I/O space for GPIO uninitialized
[STDOUT  ] 2019-06-05T09:11:20.449031577Z: [   15.203583] VMware PVSCSI driver - version 1.0.7.0-k
[STDOUT  ] 2019-06-05T09:11:20.449783968Z: [   15.204473] hv_vmbus: registering driver hv_storvsc
[STDOUT  ] 2019-06-05T09:11:20.465266565Z: [   15.219790] PCI Interrupt Link [GSIA] enabled at IRQ 16
[STDOUT  ] 2019-06-05T09:11:20.473494590Z: [   15.227863] ahci 0000:00:1f.2: AHCI 0001.0000 32 slots 6 ports 1.5 Gbps 0x3f impl SATA mode
[STDOUT  ] 2019-06-05T09:11:20.474282955Z: [   15.228865] ahci 0000:00:1f.2: flags: 64bit ncq only 
[STDOUT  ] 2019-06-05T09:11:20.494051445Z: [   15.248770] scsi host0: ahci
[STDOUT  ] 2019-06-05T09:11:20.498556104Z: [   15.253316] scsi host1: ahci
[STDOUT  ] 2019-06-05T09:11:20.500974544Z: [   15.255718] scsi host2: ahci
[STDOUT  ] 2019-06-05T09:11:20.503837493Z: [   15.258560] scsi host3: ahci
[STDOUT  ] 2019-06-05T09:11:20.506441016Z: [   15.261154] scsi host4: ahci
[STDOUT  ] 2019-06-05T09:11:20.508841832Z: [   15.263577] scsi host5: ahci
[STDOUT  ] 2019-06-05T09:11:20.511150998Z: [   15.265502] ata1: SATA max UDMA/133 abar m4096@0xfebd2000 port 0xfebd2100 irq 24
[STDOUT  ] 2019-06-05T09:11:20.512017841Z: [   15.266394] ata2: SATA max UDMA/133 abar m4096@0xfebd2000 port 0xfebd2180 irq 24
[STDOUT  ] 2019-06-05T09:11:20.512767271Z: [   15.267188] ata3: SATA max UDMA/133 abar m4096@0xfebd2000 port 0xfebd2200 irq 24
[STDOUT  ] 2019-06-05T09:11:20.513439753Z: [   15.267824] ata4: SATA max UDMA/133 abar m4096@0xfebd2000 port 0xfebd2280 irq 24
[STDOUT  ] 2019-06-05T09:11:20.514317317Z: [   15.268584] ata5: SATA max UDMA/133 abar m4096@0xfebd2000 port 0xfebd2300 irq 24
[STDOUT  ] 2019-06-05T09:11:20.515120130Z: [   15.269496] ata6: SATA max UDMA/133 abar m4096@0xfebd2000 port 0xfebd2380 irq 24
[STDOUT  ] 2019-06-05T09:11:20.531663222Z: [   15.286194] tun: Universal TUN/TAP device driver, 1.6
[STDOUT  ] 2019-06-05T09:11:20.547120534Z: [   15.301493] VMware vmxnet3 virtual NIC driver - version 1.4.16.0-k-NAPI
[STDOUT  ] 2019-06-05T09:11:20.548147201Z: [   15.302709] hv_vmbus: registering driver hv_netvsc
[STDOUT  ] 2019-06-05T09:11:20.548802797Z: [   15.303461] Fusion MPT base driver 3.04.20
[STDOUT  ] 2019-06-05T09:11:20.549309604Z: [   15.303856] Copyright (c) 1999-2008 LSI Corporation
[STDOUT  ] 2019-06-05T09:11:20.550094232Z: [   15.304669] Fusion MPT SPI Host driver 3.04.20
[STDOUT  ] 2019-06-05T09:11:20.553050750Z: [   15.307341] i8042: PNP: PS/2 Controller [PNP0303:KBD,PNP0f13:MOU] at 0x60,0x64 irq 1,12
[STDOUT  ] 2019-06-05T09:11:20.558156088Z: [   15.312692] serio: i8042 KBD port at 0x60,0x64 irq 1
[STDOUT  ] 2019-06-05T09:11:20.559160802Z: [   15.313716] serio: i8042 AUX port at 0x60,0x64 irq 12
[STDOUT  ] 2019-06-05T09:11:20.562482260Z: [   15.316868] hv_vmbus: registering driver hyperv_keyboard
[STDOUT  ] 2019-06-05T09:11:20.565096988Z: [   15.319595] mousedev: PS/2 mouse device common for all mice
[STDOUT  ] 2019-06-05T09:11:20.571997927Z: [   15.326385] input: PC Speaker as /devices/platform/pcspkr/input/input2
[STDOUT  ] 2019-06-05T09:11:20.574196015Z: [   15.328430] input: AT Translated Set 2 keyboard as /devices/platform/i8042/serio0/input/input1
[STDOUT  ] 2019-06-05T09:11:20.578154922Z: [   15.332702] rtc_cmos 00:00: RTC can wake from S4
[STDOUT  ] 2019-06-05T09:11:20.584805015Z: [   15.339402] rtc_cmos 00:00: registered as rtc0
[STDOUT  ] 2019-06-05T09:11:20.586671318Z: [   15.340901] rtc_cmos 00:00: alarms up to one day, y3k, 114 bytes nvram, hpet irqs
[STDOUT  ] 2019-06-05T09:11:20.587416539Z: [   15.342134] i2c /dev entries driver
[STDOUT  ] 2019-06-05T09:11:20.590386019Z: [   15.344585] device-mapper: ioctl: 4.39.0-ioctl (2018-04-03) initialised: dm-devel@redhat.com
[STDOUT  ] 2019-06-05T09:11:20.597084625Z: [   15.351456] usbcore: registered new interface driver usbhid
[STDOUT  ] 2019-06-05T09:11:20.597661342Z: [   15.352332] usbhid: USB HID core driver
[STDOUT  ] 2019-06-05T09:11:20.598758426Z: [   15.353327] hv_utils: Registering HyperV Utility Driver
[STDOUT  ] 2019-06-05T09:11:20.599266461Z: [   15.353813] hv_vmbus: registering driver hv_util
[STDOUT  ] 2019-06-05T09:11:20.599829257Z: [   15.354452] hv_vmbus: registering driver hv_balloon
[STDOUT  ] 2019-06-05T09:11:20.600549795Z: [   15.355234] oprofile: using NMI interrupt.
[STDOUT  ] 2019-06-05T09:11:20.602135777Z: [   15.356853] GACT probability on
[STDOUT  ] 2019-06-05T09:11:20.602810512Z: [   15.357519] Mirror/redirect action on
[STDOUT  ] 2019-06-05T09:11:20.603658319Z: [   15.358386] Simple TC action Loaded
[STDOUT  ] 2019-06-05T09:11:20.604278295Z: [   15.359060] u32 classifier
[STDOUT  ] 2019-06-05T09:11:20.604651256Z: [   15.359329]     Performance counters on
[STDOUT  ] 2019-06-05T09:11:20.605018682Z: [   15.359703]     input device check on
[STDOUT  ] 2019-06-05T09:11:20.605450977Z: [   15.360192]     Actions configured
[STDOUT  ] 2019-06-05T09:11:20.620282652Z: [   15.374842] xt_time: kernel timezone is -0000
[STDOUT  ] 2019-06-05T09:11:20.622016110Z: [   15.376459] IPVS: Registered protocols (TCP, UDP, SCTP, AH, ESP)
[STDOUT  ] 2019-06-05T09:11:20.623152964Z: [   15.377527] IPVS: Connection hash table configured (size=4096, memory=64Kbytes)
[STDOUT  ] 2019-06-05T09:11:20.628559238Z: [   15.383234] IPVS: ipvs loaded.
[STDOUT  ] 2019-06-05T09:11:20.629436108Z: [   15.384092] IPVS: [rr] scheduler registered.
[STDOUT  ] 2019-06-05T09:11:20.629968726Z: [   15.384580] IPVS: [wrr] scheduler registered.
[STDOUT  ] 2019-06-05T09:11:20.630616089Z: [   15.385235] IPVS: [lc] scheduler registered.
[STDOUT  ] 2019-06-05T09:11:20.631038884Z: [   15.385674] IPVS: [wlc] scheduler registered.
[STDOUT  ] 2019-06-05T09:11:20.631575141Z: [   15.386242] IPVS: [fo] scheduler registered.
[STDOUT  ] 2019-06-05T09:11:20.631968423Z: [   15.386626] IPVS: [ovf] scheduler registered.
[STDOUT  ] 2019-06-05T09:11:20.632636023Z: [   15.387279] IPVS: [lblc] scheduler registered.
[STDOUT  ] 2019-06-05T09:11:20.633176326Z: [   15.387792] IPVS: [lblcr] scheduler registered.
[STDOUT  ] 2019-06-05T09:11:20.633740964Z: [   15.388371] IPVS: [dh] scheduler registered.
[STDOUT  ] 2019-06-05T09:11:20.634149066Z: [   15.388795] IPVS: [sh] scheduler registered.
[STDOUT  ] 2019-06-05T09:11:20.634823442Z: [   15.389373] IPVS: [mh] scheduler registered.
[STDOUT  ] 2019-06-05T09:11:20.635377298Z: [   15.389895] IPVS: [sed] scheduler registered.
[STDOUT  ] 2019-06-05T09:11:20.635898348Z: [   15.390505] IPVS: [nq] scheduler registered.
[STDOUT  ] 2019-06-05T09:11:20.636935308Z: [   15.391504] IPVS: ftp: loaded support on port[0] = 21
[STDOUT  ] 2019-06-05T09:11:20.638107750Z: [   15.392628] ipip: IPv4 and MPLS over IPv4 tunneling driver
[STDOUT  ] 2019-06-05T09:11:20.643723873Z: [   15.398310] gre: GRE over IPv4 demultiplexor driver
[STDOUT  ] 2019-06-05T09:11:20.651382371Z: [   15.405762] ipt_CLUSTERIP: ClusterIP Version 0.8 loaded successfully
[STDOUT  ] 2019-06-05T09:11:20.655328041Z: [   15.409802] NET: Registered protocol family 10
[STDOUT  ] 2019-06-05T09:11:20.668120711Z: [   15.422745] Segment Routing with IPv6
[STDOUT  ] 2019-06-05T09:11:20.681215006Z: [   15.435837] NET: Registered protocol family 17
[STDOUT  ] 2019-06-05T09:11:20.682637985Z: [   15.437373] Bridge firewalling registered
[STDOUT  ] 2019-06-05T09:11:20.685794057Z: [   15.440503] 8021q: 802.1Q VLAN Support v1.8
[STDOUT  ] 2019-06-05T09:11:20.687956510Z: [   15.442580] 9pnet: Installing 9P2000 support
[STDOUT  ] 2019-06-05T09:11:20.690017551Z: [   15.444699] Key type dns_resolver registered
[STDOUT  ] 2019-06-05T09:11:20.691921055Z: [   15.446599] NET: Registered protocol family 40
[STDOUT  ] 2019-06-05T09:11:20.693620455Z: [   15.448120] sched_clock: Marking stable (15390504207, 57441889)->(15703201290, -255255194)
[STDOUT  ] 2019-06-05T09:11:20.698020104Z: [   15.452690] registered taskstats version 1
[STDOUT  ] 2019-06-05T09:11:20.831982873Z: [   15.586524] ata2: SATA link down (SStatus 0 SControl 300)
[STDOUT  ] 2019-06-05T09:11:20.834719481Z: [   15.589271] ata1: SATA link up 1.5 Gbps (SStatus 113 SControl 300)
[STDOUT  ] 2019-06-05T09:11:20.837738155Z: [   15.592331] ata3: SATA link up 1.5 Gbps (SStatus 113 SControl 300)
[STDOUT  ] 2019-06-05T09:11:20.840053910Z: [   15.594641] ata3.00: ATAPI: QEMU DVD-ROM, 2.5+, max UDMA/100
[STDOUT  ] 2019-06-05T09:11:20.840647709Z: [   15.595381] ata3.00: applying bridge limits
[STDOUT  ] 2019-06-05T09:11:20.842954020Z: [   15.597575] ata4: SATA link down (SStatus 0 SControl 300)
[STDOUT  ] 2019-06-05T09:11:20.843635385Z: [   15.598318] ata5: SATA link down (SStatus 0 SControl 300)
[STDOUT  ] 2019-06-05T09:11:20.844251424Z: [   15.598847] ata6: SATA link down (SStatus 0 SControl 300)
[STDOUT  ] 2019-06-05T09:11:20.849051272Z: [   15.603588] ata1.00: ATA-7: QEMU HARDDISK, 2.5+, max UDMA/100
[STDOUT  ] 2019-06-05T09:11:20.849717340Z: [   15.604315] ata1.00: 524288 sectors, multi 16: LBA48 NCQ (depth 32)
[STDOUT  ] 2019-06-05T09:11:20.850340281Z: [   15.605033] ata1.00: applying bridge limits
[STDOUT  ] 2019-06-05T09:11:20.851677010Z: [   15.606412] ata1.00: configured for UDMA/100
[STDOUT  ] 2019-06-05T09:11:20.855690143Z: [   15.610404] ata3.00: configured for UDMA/100
[STDOUT  ] 2019-06-05T09:11:20.883146940Z: [   15.637518] scsi 0:0:0:0: Direct-Access     ATA      QEMU HARDDISK    2.5+ PQ: 0 ANSI: 5
[STDOUT  ] 2019-06-05T09:11:20.902426051Z: [   15.656764] sd 0:0:0:0: [sda] 524288 512-byte logical blocks: (268 MB/256 MiB)
[STDOUT  ] 2019-06-05T09:11:20.906176188Z: [   15.660742] sd 0:0:0:0: [sda] Write Protect is off
[STDOUT  ] 2019-06-05T09:11:20.910760663Z: [   15.665399] sd 0:0:0:0: Attached scsi generic sg0 type 0
[STDOUT  ] 2019-06-05T09:11:20.913749091Z: [   15.668157] sd 0:0:0:0: [sda] Write cache: enabled, read cache: enabled, doesn't support DPO or FUA
[STDOUT  ] 2019-06-05T09:11:20.918956960Z: [   15.673355] scsi 2:0:0:0: CD-ROM            QEMU     QEMU DVD-ROM     2.5+ PQ: 0 ANSI: 5
[STDOUT  ] 2019-06-05T09:11:20.944699721Z: [   15.699229] sr 2:0:0:0: [sr0] scsi3-mmc drive: 4x/4x cd/rw xa/form2 tray
[STDOUT  ] 2019-06-05T09:11:20.945507632Z: [   15.700177] cdrom: Uniform CD-ROM driver Revision: 3.20
[STDOUT  ] 2019-06-05T09:11:20.962172868Z: [   15.716727] sr 2:0:0:0: Attached scsi generic sg1 type 5
[STDOUT  ] 2019-06-05T09:11:20.971719608Z: [   15.726375] sd 0:0:0:0: [sda] Attached SCSI disk
[STDOUT  ] 2019-06-05T09:11:20.999620374Z: [   15.753943] tsc: Refined TSC clocksource calibration: 2599.766 MHz
[STDOUT  ] 2019-06-05T09:11:21.000682394Z: [   15.755083] clocksource: tsc: mask: 0xffffffffffffffff max_cycles: 0x25795f09e87, max_idle_ns: 440795224251 ns
[STDOUT  ] 2019-06-05T09:11:21.001400237Z: [   15.756054] clocksource: Switched to clocksource tsc
[STDOUT  ] 2019-06-05T09:11:21.140086981Z: [   15.894762] Key type big_key registered
[STDOUT  ] 2019-06-05T09:11:21.269131624Z: [   16.023782] Key type trusted registered
[STDOUT  ] 2019-06-05T09:11:21.409199406Z: [   16.163775] Key type encrypted registered
[STDOUT  ] 2019-06-05T09:11:21.411134735Z: [   16.165706] ima: No TPM chip found, activating TPM-bypass!
[STDOUT  ] 2019-06-05T09:11:21.411851568Z: [   16.166535] ima: Allocated hash algorithm: sha256
[STDOUT  ] 2019-06-05T09:11:21.416060108Z: [   16.170676] evm: Initialising EVM extended attributes:
[STDOUT  ] 2019-06-05T09:11:21.416483788Z: [   16.171296] evm: security.ima
[STDOUT  ] 2019-06-05T09:11:21.416808026Z: [   16.171551] evm: security.capability
[STDOUT  ] 2019-06-05T09:11:21.417177746Z: [   16.171878] evm: HMAC attrs: 0x1
[STDOUT  ] 2019-06-05T09:11:21.430039827Z: [   16.184433] rtc_cmos 00:00: setting system clock to 2019-06-05 09:11:20 UTC (1559725880)
[STDOUT  ] 2019-06-05T09:11:21.663446065Z: [   16.417904] Freeing unused kernel image memory: 1588K
[STDOUT  ] 2019-06-05T09:11:21.665438766Z: [   16.420016] Write protecting the kernel read-only data: 18432k
[STDOUT  ] 2019-06-05T09:11:21.686853495Z: [   16.441473] Freeing unused kernel image memory: 2028K
[STDOUT  ] 2019-06-05T09:11:21.696345360Z: [   16.450899] Freeing unused kernel image memory: 1084K
[STDOUT  ] 2019-06-05T09:11:21.697543829Z: [   16.452231] Run /init as init process
[STDOUT  ] 2019-06-05T09:11:50.819091343Z: 
[STDOUT  ] 2019-06-05T09:11:50.819748243Z: Welcome to LinuxKit
[STDOUT  ] 2019-06-05T09:11:50.819802118Z: 
[STDOUT  ] 2019-06-05T09:11:50.820385979Z:                         ##         .
[STDOUT  ] 2019-06-05T09:11:50.820650675Z:                   ## ## ##        ==
[STDOUT  ] 2019-06-05T09:11:50.821138399Z:                ## ## ## ## ##    ===
[STDOUT  ] 2019-06-05T09:11:50.821451869Z:            /"""""""""""""""""\___/ ===
[STDOUT  ] 2019-06-05T09:11:50.821813860Z:           {                       /  ===-
[STDOUT  ] 2019-06-05T09:11:50.822661668Z:            \______ O           __/
[STDOUT  ] 2019-06-05T09:11:50.823137800Z:              \    \         __/
[STDOUT  ] 2019-06-05T09:11:50.823473315Z:               \____\_______/
[STDOUT  ] 2019-06-05T09:11:50.823513010Z: 
[STDOUT  ] 2019-06-05T09:11:54.605970343Z: [   49.360236] raid6: sse2x1   gen()   242 MB/s
[STDOUT  ] 2019-06-05T09:11:54.622488816Z: [   49.377124] raid6: sse2x1   xor()   123 MB/s
[STDOUT  ] 2019-06-05T09:11:54.639535556Z: [   49.394168] raid6: sse2x2   gen()   238 MB/s
[STDOUT  ] 2019-06-05T09:11:54.656462961Z: [   49.411115] raid6: sse2x2   xor()   140 MB/s
[STDOUT  ] 2019-06-05T09:11:54.673492882Z: [   49.428147] raid6: sse2x4   gen()   230 MB/s
[STDOUT  ] 2019-06-05T09:11:54.690531897Z: [   49.445173] raid6: sse2x4   xor()   138 MB/s
[STDOUT  ] 2019-06-05T09:11:54.691063883Z: [   49.445627] raid6: using algorithm sse2x1 gen() 242 MB/s
[STDOUT  ] 2019-06-05T09:11:54.691561157Z: [   49.446224] raid6: .... xor() 123 MB/s, rmw enabled
[STDOUT  ] 2019-06-05T09:11:54.692066329Z: [   49.446706] raid6: using intx1 recovery algorithm
[STDOUT  ] 2019-06-05T09:11:54.832892588Z: [   49.587477] xor: measuring software checksum speed
[STDOUT  ] 2019-06-05T09:11:54.843498779Z: [   49.598133]    prefetch64-sse:   552.000 MB/sec
[STDOUT  ] 2019-06-05T09:11:54.853398622Z: [   49.608019]    generic_sse:   552.000 MB/sec
[STDOUT  ] 2019-06-05T09:11:54.853866482Z: [   49.608466] xor: using function: generic_sse (552.000 MB/sec)
[STDOUT  ] 2019-06-05T09:11:55.456635166Z: [   50.211238] Btrfs loaded, crc32c=crc32c-generic
[STDOUT  ] 2019-06-05T09:11:56.687761295Z: [   51.442240] IPVS: ftp: loaded support on port[0] = 21
[STDOUT  ] 2019-06-05T09:11:59.235780092Z: [   53.990548]  sda:
[STDOUT  ] 2019-06-05T09:11:59.373460558Z: [   54.128235]  sda:
[STDOUT  ] 2019-06-05T09:11:59.756833846Z: [   54.511580]  sda: sda1
[STDOUT  ] 2019-06-05T09:11:59.897812729Z: [   54.652555]  sda: sda1
[STDOUT  ] 2019-06-05T09:12:02.231219777Z: [   56.985330] BTRFS: device fsid f05cca61-fcf3-4316-8727-f527e604afe3 devid 1 transid 5 /dev/sda1
[STDOUT  ] 2019-06-05T09:12:02.444293574Z: 2019/06/05 09:11:57 Creating partition on /dev/sda
[STDOUT  ] 2019-06-05T09:12:02.444896857Z: 2019/06/05 09:12:00 Partition /dev/sda1 successfully created!
[STDOUT  ] 2019-06-05T09:12:03.883514581Z: [   58.637862] IPVS: ftp: loaded support on port[0] = 21
[STDOUT  ] 2019-06-05T09:12:06.346520773Z: [   61.100600] FAT-fs (sda1): utf8 is not a recommended IO charset for FAT filesystems, filesystem will be case sensitive!
[STDOUT  ] 2019-06-05T09:12:06.353457888Z: [   61.107574] FAT-fs (sda1): utf8 is not a recommended IO charset for FAT filesystems, filesystem will be case sensitive!
[STDOUT  ] 2019-06-05T09:12:06.462176931Z: [   61.216610] BTRFS info (device sda1): disk space caching is enabled
[STDOUT  ] 2019-06-05T09:12:06.462895164Z: [   61.217468] BTRFS info (device sda1): has skinny extents
[STDOUT  ] 2019-06-05T09:12:06.463522569Z: [   61.218032] BTRFS info (device sda1): flagging fs with big metadata feature
[STDOUT  ] 2019-06-05T09:12:06.552128499Z: [   61.306649] BTRFS info (device sda1): checking UUID tree
[STDOUT  ] 2019-06-05T09:12:25.402988617Z: [   80.157495] sd 0:0:0:0: [sda] Synchronizing SCSI cache
[STDOUT  ] 2019-06-05T09:12:25.407015280Z: [   80.161624] sd 0:0:0:0: [sda] Stopping disk
[STDOUT  ] 2019-06-05T09:12:25.410869037Z: [   80.165430] ACPI: Preparing to enter system sleep state S5
[STDOUT  ] 2019-06-05T09:12:25.412114621Z: [   80.166819] reboot: Power down
[STDERR  ] 2019-06-05T09:12:25.428448598Z: + [ -f disk.img ]
[STDERR  ] 2019-06-05T09:12:25.428548264Z: + dd if=/dev/zero bs=1048576 count=256
[STDERR  ] 2019-06-05T09:12:25.649576378Z: 256+0 records in
[STDERR  ] 2019-06-05T09:12:25.649663142Z: 256+0 records out
[STDERR  ] 2019-06-05T09:12:25.649857846Z: + linuxkit build -format kernel+initrd -name extend-btrfs test.yml
[STDERR  ] 2019-06-05T09:12:25.699644814Z: Extract kernel image: linuxkit/kernel:4.19.47
[STDERR  ] 2019-06-05T09:12:30.435001672Z: Add init containers:
[STDERR  ] 2019-06-05T09:12:30.435115140Z: Process init image: linuxkit/init:v0.7
[STDERR  ] 2019-06-05T09:12:32.207358782Z: Process init image: linuxkit/runc:c1f0db27e71d948f3134b31ce76276f843849b0a
[STDERR  ] 2019-06-05T09:12:33.851491521Z: Add onboot containers:
[STDERR  ] 2019-06-05T09:12:33.851596362Z:   Create OCI config for linuxkit/modprobe:v0.7
[STDERR  ] 2019-06-05T09:12:35.435807763Z:   Create OCI config for linuxkit/extend:v0.7
[STDERR  ] 2019-06-05T09:12:37.904520628Z:   Create OCI config for linuxkit/mount:v0.7
[STDERR  ] 2019-06-05T09:12:39.584696667Z:   Create OCI config for alpine:3.9
[STDERR  ] 2019-06-05T09:12:41.180182562Z:   Create OCI config for linuxkit/poweroff:b498d30dd9660090565537fceb9e757618737a85
[STDERR  ] 2019-06-05T09:12:42.780077642Z: Add files:
[STDERR  ] 2019-06-05T09:12:42.780192661Z:   check.sh
[STDERR  ] 2019-06-05T09:12:42.780230989Z: Create outputs:
[STDERR  ] 2019-06-05T09:12:52.862512463Z:   extend-btrfs-kernel extend-btrfs-initrd.img extend-btrfs-cmdline
[STDERR  ] 2019-06-05T09:12:52.995657671Z: + linuxkit run -disk file=disk.img extend-btrfs
[STDERR  ] 2019-06-05T09:12:53.039743192Z: Using existing disk [disk.img] format 
[STDERR  ] 2019-06-05T09:12:53.065653039Z: WARNING: Image format was not specified for 'disk.img' and probing guessed raw.
[STDERR  ] 2019-06-05T09:12:53.065771974Z:          Automatically detecting the format is dangerous for raw images, write operations on block 0 will be restricted.
[STDERR  ] 2019-06-05T09:12:53.065799476Z:          Specify the 'raw' format explicitly to remove the restrictions.
[STDERR  ] 2019-06-05T09:14:26.943789664Z: + RESULT=[    0.000000] Linux version 4.19.47-linuxkit (root@5990f4b80ed1) (gcc version 8.3.0 (Alpine 8.3.0)) #1 SMP Sat Jun 1 16:59:48 UTC 2019
[STDERR  ] 2019-06-05T09:14:26.944282815Z: [    0.000000] Command line: console=ttyS0 console=ttyAMA0
[STDERR  ] 2019-06-05T09:14:26.944331330Z: [    0.000000] x86/fpu: x87 FPU will use FXSAVE
[STDERR  ] 2019-06-05T09:14:26.944408990Z: [    0.000000] BIOS-provided physical RAM map:
[STDERR  ] 2019-06-05T09:14:26.944778281Z: [    0.000000] BIOS-e820: [mem 0x0000000000000000-0x000000000009fbff] usable
[STDERR  ] 2019-06-05T09:14:26.944841104Z: [    0.000000] BIOS-e820: [mem 0x000000000009fc00-0x000000000009ffff] reserved
[STDERR  ] 2019-06-05T09:14:26.944862623Z: [    0.000000] BIOS-e820: [mem 0x00000000000f0000-0x00000000000fffff] reserved
[STDERR  ] 2019-06-05T09:14:26.944883381Z: [    0.000000] BIOS-e820: [mem 0x0000000000100000-0x000000003ffdefff] usable
[STDERR  ] 2019-06-05T09:14:26.944903668Z: [    0.000000] BIOS-e820: [mem 0x000000003ffdf000-0x000000003fffffff] reserved
[STDERR  ] 2019-06-05T09:14:26.944924380Z: [    0.000000] BIOS-e820: [mem 0x00000000b0000000-0x00000000bfffffff] reserved
[STDERR  ] 2019-06-05T09:14:26.944944829Z: [    0.000000] BIOS-e820: [mem 0x00000000fed1c000-0x00000000fed1ffff] reserved
[STDERR  ] 2019-06-05T09:14:26.944964547Z: [    0.000000] BIOS-e820: [mem 0x00000000fffc0000-0x00000000ffffffff] reserved
[STDERR  ] 2019-06-05T09:14:26.944985496Z: [    0.000000] NX (Execute Disable) protection: active
[STDERR  ] 2019-06-05T09:14:26.945008293Z: [    0.000000] SMBIOS 2.8 present.
[STDOUT  ] 2019-06-05T09:14:26.945016913Z: [    0.000000] Linux version 4.19.47-linuxkit (root@5990f4b80ed1) (gcc version 8.3.0 (Alpine 8.3.0)) #1 SMP Sat Jun 1 16:59:48 UTC 2019
[STDERR  ] 2019-06-05T09:14:26.945030512Z: [    0.000000] DMI: QEMU Standard PC (Q35 + ICH9, 2009), BIOS rel-1.10.2-0-g5f4c7b1-prebuilt.qemu-project.org 04/01/2014
[STDERR  ] 2019-06-05T09:14:26.945069185Z: [    0.000000] tsc: Fast TSC calibration using PIT
[STDERR  ] 2019-06-05T09:14:26.945107477Z: [    0.000000] tsc: Detected 2599.749 MHz processor
[STDERR  ] 2019-06-05T09:14:26.945128921Z: [    0.064788] last_pfn = 0x3ffdf max_arch_pfn = 0x400000000
[STDERR  ] 2019-06-05T09:14:26.945149135Z: [    0.066360] x86/PAT: Configuration [0-7]: WB  WC  UC- UC  WB  WP  UC- WT  
[STDOUT  ] 2019-06-05T09:14:26.945074026Z: [    0.000000] Command line: console=ttyS0 console=ttyAMA0
[STDOUT  ] 2019-06-05T09:14:26.945182602Z: [    0.000000] x86/fpu: x87 FPU will use FXSAVE
[STDOUT  ] 2019-06-05T09:14:26.945199014Z: [    0.000000] BIOS-provided physical RAM map:
[STDOUT  ] 2019-06-05T09:14:26.945215267Z: [    0.000000] BIOS-e820: [mem 0x0000000000000000-0x000000000009fbff] usable
[STDOUT  ] 2019-06-05T09:14:26.945249189Z: [    0.000000] BIOS-e820: [mem 0x000000000009fc00-0x000000000009ffff] reserved
[STDOUT  ] 2019-06-05T09:14:26.945264559Z: [    0.000000] BIOS-e820: [mem 0x00000000000f0000-0x00000000000fffff] reserved
[STDOUT  ] 2019-06-05T09:14:26.945280071Z: [    0.000000] BIOS-e820: [mem 0x0000000000100000-0x000000003ffdefff] usable
[STDERR  ] 2019-06-05T09:14:26.945363800Z: [    0.123768] found SMP MP-table at [mem 0x000f6aa0-0x000f6aaf]
[STDERR  ] 2019-06-05T09:14:26.945390757Z: [    0.134234] RAMDISK: [mem 0x3c3f2000-0x3ffcffff]
[STDERR  ] 2019-06-05T09:14:26.945412258Z: [    0.135036] ACPI: Early table checksum verification disabled
[STDERR  ] 2019-06-05T09:14:26.945437938Z: [    0.137557] ACPI: RSDP 0x00000000000F68C0 000014 (v00 BOCHS )
[STDERR  ] 2019-06-05T09:14:26.945457771Z: [    0.137875] ACPI: RSDT 0x000000003FFE2404 000034 (v01 BOCHS  BXPCRSDT 00000001 BXPC 00000001)
[STDERR  ] 2019-06-05T09:14:26.945489256Z: [    0.138680] ACPI: FACP 0x000000003FFE22A4 000074 (v01 BOCHS  BXPCFACP 00000001 BXPC 00000001)
[STDERR  ] 2019-06-05T09:14:26.945521262Z: [    0.139957] ACPI: DSDT 0x000000003FFE0040 002264 (v01 BOCHS  BXPCDSDT 00000001 BXPC 00000001)
[STDERR  ] 2019-06-05T09:14:26.945604333Z: [    0.140101] ACPI: FACS 0x000000003FFE0000 000040
[STDOUT  ] 2019-06-05T09:14:26.945607009Z: [    0.000000] BIOS-e820: [mem 0x000000003ffdf000-0x000000003fffffff] reserved
[STDOUT  ] 2019-06-05T09:14:26.945625937Z: [    0.000000] BIOS-e820: [mem 0x00000000b0000000-0x00000000bfffffff] reserved
[STDOUT  ] 2019-06-05T09:14:26.945642370Z: [    0.000000] BIOS-e820: [mem 0x00000000fed1c000-0x00000000fed1ffff] reserved
[STDOUT  ] 2019-06-05T09:14:26.945656819Z: [    0.000000] BIOS-e820: [mem 0x00000000fffc0000-0x00000000ffffffff] reserved
[STDOUT  ] 2019-06-05T09:14:26.945672116Z: [    0.000000] NX (Execute Disable) protection: active
[STDOUT  ] 2019-06-05T09:14:26.945701009Z: [    0.000000] SMBIOS 2.8 present.
[STDOUT  ] 2019-06-05T09:14:26.945715307Z: [    0.000000] DMI: QEMU Standard PC (Q35 + ICH9, 2009), BIOS rel-1.10.2-0-g5f4c7b1-prebuilt.qemu-project.org 04/01/2014
[STDOUT  ] 2019-06-05T09:14:26.945733729Z: [    0.000000] tsc: Fast TSC calibration using PIT
[STDOUT  ] 2019-06-05T09:14:26.945748015Z: [    0.000000] tsc: Detected 2599.749 MHz processor
[STDERR  ] 2019-06-05T09:14:26.945630581Z: [    0.140232] ACPI: APIC 0x000000003FFE2318 000078 (v01 BOCHS  BXPCAPIC 00000001 BXPC 00000001)
[STDERR  ] 2019-06-05T09:14:26.945802114Z: [    0.140315] ACPI: HPET 0x000000003FFE2390 000038 (v01 BOCHS  BXPCHPET 00000001 BXPC 00000001)
[STDERR  ] 2019-06-05T09:14:26.945832611Z: [    0.140398] ACPI: MCFG 0x000000003FFE23C8 00003C (v01 BOCHS  BXPCMCFG 00000001 BXPC 00000001)
[STDERR  ] 2019-06-05T09:14:26.945853874Z: [    0.145782] Zone ranges:
[STDERR  ] 2019-06-05T09:14:26.945892153Z: [    0.145890]   DMA      [mem 0x0000000000001000-0x0000000000ffffff]
[STDERR  ] 2019-06-05T09:14:26.945923919Z: [    0.145972]   DMA32    [mem 0x0000000001000000-0x000000003ffdefff]
[STDERR  ] 2019-06-05T09:14:26.945944577Z: [    0.146014]   Normal   empty
[STDOUT  ] 2019-06-05T09:14:26.945762095Z: [    0.064788] last_pfn = 0x3ffdf max_arch_pfn = 0x400000000
[STDOUT  ] 2019-06-05T09:14:26.946010088Z: [    0.066360] x86/PAT: Configuration [0-7]: WB  WC  UC- UC  WB  WP  UC- WT  
[STDOUT  ] 2019-06-05T09:14:26.946031436Z: [    0.123768] found SMP MP-table at [mem 0x000f6aa0-0x000f6aaf]
[STDOUT  ] 2019-06-05T09:14:26.946049153Z: [    0.134234] RAMDISK: [mem 0x3c3f2000-0x3ffcffff]
[STDOUT  ] 2019-06-05T09:14:26.946070308Z: [    0.135036] ACPI: Early table checksum verification disabled
[STDOUT  ] 2019-06-05T09:14:26.946089549Z: [    0.137557] ACPI: RSDP 0x00000000000F68C0 000014 (v00 BOCHS )
[STDOUT  ] 2019-06-05T09:14:26.946107536Z: [    0.137875] ACPI: RSDT 0x000000003FFE2404 000034 (v01 BOCHS  BXPCRSDT 00000001 BXPC 00000001)
[STDOUT  ] 2019-06-05T09:14:26.946126703Z: [    0.138680] ACPI: FACP 0x000000003FFE22A4 000074 (v01 BOCHS  BXPCFACP 00000001 BXPC 00000001)
[STDOUT  ] 2019-06-05T09:14:26.946145810Z: [    0.139957] ACPI: DSDT 0x000000003FFE0040 002264 (v01 BOCHS  BXPCDSDT 00000001 BXPC 00000001)
[STDOUT  ] 2019-06-05T09:14:26.946164413Z: [    0.140101] ACPI: FACS 0x000000003FFE0000 000040
[STDERR  ] 2019-06-05T09:14:26.945964951Z: [    0.146066]   Device   empty
[STDERR  ] 2019-06-05T09:14:26.946229275Z: [    0.146109] Movable zone start for each node
[STDERR  ] 2019-06-05T09:14:26.946274967Z: [    0.146172] Early memory node ranges
[STDOUT  ] 2019-06-05T09:14:26.946182120Z: [    0.140232] ACPI: APIC 0x000000003FFE2318 000078 (v01 BOCHS  BXPCAPIC 00000001 BXPC 00000001)
[STDERR  ] 2019-06-05T09:14:26.946296290Z: [    0.146228]   node   0: [mem 0x0000000000001000-0x000000000009efff]
[STDOUT  ] 2019-06-05T09:14:26.946308718Z: [    0.140315] ACPI: HPET 0x000000003FFE2390 000038 (v01 BOCHS  BXPCHPET 00000001 BXPC 00000001)
[STDOUT  ] 2019-06-05T09:14:26.946327871Z: [    0.140398] ACPI: MCFG 0x000000003FFE23C8 00003C (v01 BOCHS  BXPCMCFG 00000001 BXPC 00000001)
[STDOUT  ] 2019-06-05T09:14:26.946344504Z: [    0.145782] Zone ranges:
[STDERR  ] 2019-06-05T09:14:26.946317772Z: [    0.146265]   node   0: [mem 0x0000000000100000-0x000000003ffdefff]
[STDERR  ] 2019-06-05T09:14:26.946415809Z: [    0.147329] Reserved but unavailable: 98 pages
[STDERR  ] 2019-06-05T09:14:26.946441085Z: [    0.147538] Initmem setup node 0 [mem 0x0000000000001000-0x000000003ffdefff]
[STDOUT  ] 2019-06-05T09:14:26.946391489Z: [    0.145890]   DMA      [mem 0x0000000000001000-0x0000000000ffffff]
[STDERR  ] 2019-06-05T09:14:26.946488180Z: [    0.211114] ACPI: PM-Timer IO Port: 0x608
[STDOUT  ] 2019-06-05T09:14:26.946492146Z: [    0.145972]   DMA32    [mem 0x0000000001000000-0x000000003ffdefff]
[STDOUT  ] 2019-06-05T09:14:26.946567594Z: [    0.146014]   Normal   empty
[STDOUT  ] 2019-06-05T09:14:26.946582245Z: [    0.146066]   Device   empty
[STDERR  ] 2019-06-05T09:14:26.946629850Z: [    0.211792] ACPI: LAPIC_NMI (acpi_id[0xff] dfl dfl lint[0x1])
[STDERR  ] 2019-06-05T09:14:26.946662551Z: [    0.212367] IOAPIC[0]: apic_id 0, version 32, address 0xfec00000, GSI 0-23
[STDERR  ] 2019-06-05T09:14:26.946723560Z: [    0.212539] ACPI: INT_SRC_OVR (bus 0 bus_irq 0 global_irq 2 dfl dfl)
[STDERR  ] 2019-06-05T09:14:26.946764439Z: [    0.212907] ACPI: INT_SRC_OVR (bus 0 bus_irq 5 global_irq 5 high level)
[STDERR  ] 2019-06-05T09:14:26.946789588Z: [    0.212984] ACPI: INT_SRC_OVR (bus 0 bus_irq 9 global_irq 9 high level)
[STDERR  ] 2019-06-05T09:14:26.946812984Z: [    0.213180] ACPI: INT_SRC_OVR (bus 0 bus_irq 10 global_irq 10 high level)
[STDOUT  ] 2019-06-05T09:14:26.946597433Z: [    0.146109] Movable zone start for each node
[STDERR  ] 2019-06-05T09:14:26.946837656Z: [    0.213221] ACPI: INT_SRC_OVR (bus 0 bus_irq 11 global_irq 11 high level)
[STDERR  ] 2019-06-05T09:14:26.946863931Z: [    0.213611] Using ACPI (MADT) for SMP configuration information
[STDERR  ] 2019-06-05T09:14:26.946893709Z: [    0.213698] ACPI: HPET id: 0x8086a201 base: 0xfed00000
[STDERR  ] 2019-06-05T09:14:26.946918119Z: [    0.214230] smpboot: Allowing 1 CPUs, 0 hotplug CPUs
[STDERR  ] 2019-06-05T09:14:26.946942305Z: [    0.215257] [mem 0x40000000-0xafffffff] available for PCI devices
[STDERR  ] 2019-06-05T09:14:26.946970494Z: [    0.215328] Booting paravirtualized kernel on bare hardware
[STDERR  ] 2019-06-05T09:14:26.947007584Z: [    0.215608] clocksource: refined-jiffies: mask: 0xffffffff max_cycles: 0xffffffff, max_idle_ns: 1910969940391419 ns
[STDERR  ] 2019-06-05T09:14:26.947039855Z: [    3.766308] random: get_random_bytes called from start_kernel+0x91/0x512 with crng_init=0
[STDERR  ] 2019-06-05T09:14:26.947064369Z: [    3.767360] setup_percpu: NR_CPUS:128 nr_cpumask_bits:128 nr_cpu_ids:1 nr_node_ids:1
[STDERR  ] 2019-06-05T09:14:26.947112510Z: [    3.776014] percpu: Embedded 45 pages/cpu s145112 r8192 d31016 u2097152
[STDOUT  ] 2019-06-05T09:14:26.946854517Z: [    0.146172] Early memory node ranges
[STDERR  ] 2019-06-05T09:14:26.947141515Z: [    3.779033] Built 1 zonelists, mobility grouping on.  Total pages: 257896
[STDERR  ] 2019-06-05T09:14:26.947174150Z: [    3.779271] Kernel command line: console=ttyS0 console=ttyAMA0
[STDERR  ] 2019-06-05T09:14:26.947210564Z: [    3.783760] Dentry cache hash table entries: 131072 (order: 8, 1048576 bytes)
[STDERR  ] 2019-06-05T09:14:26.947235415Z: [    3.785448] Inode-cache hash table entries: 65536 (order: 7, 524288 bytes)
[STDERR  ] 2019-06-05T09:14:26.947265613Z: [    3.852636] Memory: 941764K/1048052K available (12300K kernel code, 1583K rwdata, 3012K rodata, 1588K init, 2020K bss, 106288K reserved, 0K cma-reserved)
[STDERR  ] 2019-06-05T09:14:26.947302011Z: [    3.859668] ftrace: allocating 43122 entries in 169 pages
[STDERR  ] 2019-06-05T09:14:26.947332042Z: [    4.308679] rcu: Hierarchical RCU implementation.
[STDOUT  ] 2019-06-05T09:14:26.947188293Z: [    0.146228]   node   0: [mem 0x0000000000001000-0x000000000009efff]
[STDERR  ] 2019-06-05T09:14:26.947361555Z: [    4.308865] rcu: 	RCU restricting CPUs from NR_CPUS=128 to nr_cpu_ids=1.
[STDOUT  ] 2019-06-05T09:14:26.947373439Z: [    0.146265]   node   0: [mem 0x0000000000100000-0x000000003ffdefff]
[STDOUT  ] 2019-06-05T09:14:26.947418535Z: [    0.147329] Reserved but unavailable: 98 pages
[STDOUT  ] 2019-06-05T09:14:26.947434357Z: [    0.147538] Initmem setup node 0 [mem 0x0000000000001000-0x000000003ffdefff]
[STDOUT  ] 2019-06-05T09:14:26.947449220Z: [    0.211114] ACPI: PM-Timer IO Port: 0x608
[STDOUT  ] 2019-06-05T09:14:26.947465245Z: [    0.211792] ACPI: LAPIC_NMI (acpi_id[0xff] dfl dfl lint[0x1])
[STDERR  ] 2019-06-05T09:14:26.947481391Z: [    4.309042] rcu: Adjusting geometry for rcu_fanout_leaf=16, nr_cpu_ids=1
[STDOUT  ] 2019-06-05T09:14:26.947493138Z: [    0.212367] IOAPIC[0]: apic_id 0, version 32, address 0xfec00000, GSI 0-23
[STDOUT  ] 2019-06-05T09:14:26.947523719Z: [    0.212539] ACPI: INT_SRC_OVR (bus 0 bus_irq 0 global_irq 2 dfl dfl)
[STDOUT  ] 2019-06-05T09:14:26.947539785Z: [    0.212907] ACPI: INT_SRC_OVR (bus 0 bus_irq 5 global_irq 5 high level)
[STDOUT  ] 2019-06-05T09:14:26.947554478Z: [    0.212984] ACPI: INT_SRC_OVR (bus 0 bus_irq 9 global_irq 9 high level)
[STDOUT  ] 2019-06-05T09:14:26.947576076Z: [    0.213180] ACPI: INT_SRC_OVR (bus 0 bus_irq 10 global_irq 10 high level)
[STDOUT  ] 2019-06-05T09:14:26.947590848Z: [    0.213221] ACPI: INT_SRC_OVR (bus 0 bus_irq 11 global_irq 11 high level)
[STDERR  ] 2019-06-05T09:14:26.947634786Z: [    4.360793] NR_IRQS: 8448, nr_irqs: 256, preallocated irqs: 16
[STDERR  ] 2019-06-05T09:14:26.947661374Z: [    4.374413] Console: colour VGA+ 80x25
[STDERR  ] 2019-06-05T09:14:26.947685330Z: [    4.416037] console [ttyS0] enabled
[STDOUT  ] 2019-06-05T09:14:26.947605485Z: [    0.213611] Using ACPI (MADT) for SMP configuration information
[STDERR  ] 2019-06-05T09:14:26.947712123Z: [    4.417162] ACPI: Core revision 20180810
[STDERR  ] 2019-06-05T09:14:26.947745170Z: [    4.428758] clocksource: hpet: mask: 0xffffffff max_cycles: 0xffffffff, max_idle_ns: 19112604467 ns
[STDERR  ] 2019-06-05T09:14:26.947773440Z: [    4.436281] APIC: Switch to symmetric I/O mode setup
[STDERR  ] 2019-06-05T09:14:26.947803284Z: [    4.443034] ..TIMER: vector=0x30 apic1=0 pin1=2 apic2=-1 pin2=-1
[STDOUT  ] 2019-06-05T09:14:26.947723188Z: [    0.213698] ACPI: HPET id: 0x8086a201 base: 0xfed00000
[STDOUT  ] 2019-06-05T09:14:26.947825576Z: [    0.214230] smpboot: Allowing 1 CPUs, 0 hotplug CPUs
[STDERR  ] 2019-06-05T09:14:26.947832254Z: [    4.449528] clocksource: tsc-early: mask: 0xffffffffffffffff max_cycles: 0x25794f448be, max_idle_ns: 440795309986 ns
[STDERR  ] 2019-06-05T09:14:26.947864062Z: [    4.453376] Calibrating delay loop (skipped), value calculated using timer frequency.. 5199.49 BogoMIPS (lpj=2599749)
[STDERR  ] 2019-06-05T09:14:26.947893024Z: [    4.454023] pid_max: default: 32768 minimum: 301
[STDOUT  ] 2019-06-05T09:14:26.947937129Z: [    0.215257] [mem 0x40000000-0xafffffff] available for PCI devices
[STDOUT  ] 2019-06-05T09:14:26.947955292Z: [    0.215328] Booting paravirtualized kernel on bare hardware
[STDOUT  ] 2019-06-05T09:14:26.947973770Z: [    0.215608] clocksource: refined-jiffies: mask: 0xffffffff max_cycles: 0xffffffff, max_idle_ns: 1910969940391419 ns
[STDOUT  ] 2019-06-05T09:14:26.947991417Z: [    3.766308] random: get_random_bytes called from start_kernel+0x91/0x512 with crng_init=0
[STDERR  ] 2019-06-05T09:14:26.947917714Z: [    4.459258] Security Framework initialized
[STDERR  ] 2019-06-05T09:14:26.948047538Z: [    4.459694] Yama: becoming mindful.
[STDERR  ] 2019-06-05T09:14:26.948071424Z: [    4.462178] Mount-cache hash table entries: 2048 (order: 2, 16384 bytes)
[STDERR  ] 2019-06-05T09:14:26.948097095Z: [    4.462752] Mountpoint-cache hash table entries: 2048 (order: 2, 16384 bytes)
[STDERR  ] 2019-06-05T09:14:26.948406527Z: [    4.484149] Last level iTLB entries: 4KB 0, 2MB 0, 4MB 0
[STDERR  ] 2019-06-05T09:14:26.948439626Z: [    4.484618] Last level dTLB entries: 4KB 0, 2MB 0, 4MB 0, 1GB 0
[STDERR  ] 2019-06-05T09:14:26.948464576Z: [    4.485055] Spectre V2 : Spectre mitigation: LFENCE not serializing, switching to generic retpoline
[STDERR  ] 2019-06-05T09:14:26.948485216Z: [    4.485933] Spectre V2 : Mitigation: Full generic retpoline
[STDOUT  ] 2019-06-05T09:14:26.948011442Z: [    3.767360] setup_percpu: NR_CPUS:128 nr_cpumask_bits:128 nr_cpu_ids:1 nr_node_ids:1
[STDOUT  ] 2019-06-05T09:14:26.948533167Z: [    3.776014] percpu: Embedded 45 pages/cpu s145112 r8192 d31016 u2097152
[STDOUT  ] 2019-06-05T09:14:26.948552267Z: [    3.779033] Built 1 zonelists, mobility grouping on.  Total pages: 257896
[STDOUT  ] 2019-06-05T09:14:26.948568950Z: [    3.779271] Kernel command line: console=ttyS0 console=ttyAMA0
[STDERR  ] 2019-06-05T09:14:26.948518999Z: [    4.486423] Spectre V2 : Spectre v2 / SpectreRSB mitigation: Filling RSB on context switch
[STDOUT  ] 2019-06-05T09:14:26.948588764Z: [    3.783760] Dentry cache hash table entries: 131072 (order: 8, 1048576 bytes)
[STDOUT  ] 2019-06-05T09:14:26.948610139Z: [    3.785448] Inode-cache hash table entries: 65536 (order: 7, 524288 bytes)
[STDOUT  ] 2019-06-05T09:14:26.948639231Z: [    3.852636] Memory: 941764K/1048052K available (12300K kernel code, 1583K rwdata, 3012K rodata, 1588K init, 2020K bss, 106288K reserved, 0K cma-reserved)
[STDOUT  ] 2019-06-05T09:14:26.948664092Z: [    3.859668] ftrace: allocating 43122 entries in 169 pages
[STDOUT  ] 2019-06-05T09:14:26.948681412Z: [    4.308679] rcu: Hierarchical RCU implementation.
[STDOUT  ] 2019-06-05T09:14:26.948699725Z: [    4.308865] rcu: 	RCU restricting CPUs from NR_CPUS=128 to nr_cpu_ids=1.
[STDERR  ] 2019-06-05T09:14:26.948595525Z: [    4.487618] Speculative Store Bypass: Vulnerable
[STDERR  ] 2019-06-05T09:14:26.948728019Z: [    4.693220] random: fast init done
[STDERR  ] 2019-06-05T09:14:26.948761474Z: [    4.809766] Freeing SMP alternatives memory: 20K
[STDERR  ] 2019-06-05T09:14:26.948789306Z: [    4.833879] APIC calibration not consistent with PM-Timer: 109ms instead of 100ms
[STDERR  ] 2019-06-05T09:14:26.948816669Z: [    4.833879] APIC delta adjusted to PM-Timer: 6249981 (6813722)
[STDERR  ] 2019-06-05T09:14:26.948842365Z: [    4.834567] smpboot: CPU0: AMD QEMU Virtual CPU version 2.5+ (family: 0x6, model: 0x6, stepping: 0x3)
[STDOUT  ] 2019-06-05T09:14:26.948717422Z: [    4.309042] rcu: Adjusting geometry for rcu_fanout_leaf=16, nr_cpu_ids=1
[STDOUT  ] 2019-06-05T09:14:26.948938997Z: [    4.360793] NR_IRQS: 8448, nr_irqs: 256, preallocated irqs: 16
[STDOUT  ] 2019-06-05T09:14:26.948957761Z: [    4.374413] Console: colour VGA+ 80x25
[STDOUT  ] 2019-06-05T09:14:26.948973630Z: [    4.416037] console [ttyS0] enabled
[STDERR  ] 2019-06-05T09:14:26.948874981Z: [    4.844222] Performance Events: PMU not available due to virtualization, using software events only.
[STDERR  ] 2019-06-05T09:14:26.949007730Z: [    4.847619] rcu: Hierarchical SRCU implementation.
[STDERR  ] 2019-06-05T09:14:26.949037611Z: [    4.853630] NMI watchdog: Perf NMI watchdog permanently disabled
[STDERR  ] 2019-06-05T09:14:26.949068739Z: [    4.858851] smp: Bringing up secondary CPUs ...
[STDERR  ] 2019-06-05T09:14:26.949101053Z: [    4.859314] smp: Brought up 1 node, 1 CPU
[STDERR  ] 2019-06-05T09:14:26.949129019Z: [    4.859680] smpboot: Max logical packages: 1
[STDERR  ] 2019-06-05T09:14:26.949165587Z: [    4.859978] smpboot: Total of 1 processors activated (5199.49 BogoMIPS)
[STDOUT  ] 2019-06-05T09:14:26.948995205Z: [    4.417162] ACPI: Core revision 20180810
[STDOUT  ] 2019-06-05T09:14:26.949257008Z: [    4.428758] clocksource: hpet: mask: 0xffffffff max_cycles: 0xffffffff, max_idle_ns: 19112604467 ns
[STDOUT  ] 2019-06-05T09:14:26.949275476Z: [    4.436281] APIC: Switch to symmetric I/O mode setup
[STDOUT  ] 2019-06-05T09:14:26.949291449Z: [    4.443034] ..TIMER: vector=0x30 apic1=0 pin1=2 apic2=-1 pin2=-1
[STDERR  ] 2019-06-05T09:14:26.949200593Z: [    4.876169] devtmpfs: initialized
[STDERR  ] 2019-06-05T09:14:26.949334459Z: [    4.881307] x86/mm: Memory block size: 128MB
[STDERR  ] 2019-06-05T09:14:26.949377304Z: [    4.893064] clocksource: jiffies: mask: 0xffffffff max_cycles: 0xffffffff, max_idle_ns: 1911260446275000 ns
[STDERR  ] 2019-06-05T09:14:26.949405369Z: [    4.894097] futex hash table entries: 256 (order: 2, 16384 bytes)
[STDERR  ] 2019-06-05T09:14:26.949440753Z: [    4.908969] NET: Registered protocol family 16
[STDERR  ] 2019-06-05T09:14:26.949469152Z: [    4.913709] audit: initializing netlink subsys (disabled)
[STDOUT  ] 2019-06-05T09:14:26.949307127Z: [    4.449528] clocksource: tsc-early: mask: 0xffffffffffffffff max_cycles: 0x25794f448be, max_idle_ns: 440795309986 ns
[STDOUT  ] 2019-06-05T09:14:26.949533384Z: [    4.453376] Calibrating delay loop (skipped), value calculated using timer frequency.. 5199.49 BogoMIPS (lpj=2599749)
[STDOUT  ] 2019-06-05T09:14:26.949554805Z: [    4.454023] pid_max: default: 32768 minimum: 301
[STDOUT  ] 2019-06-05T09:14:26.949570695Z: [    4.459258] Security Framework initialized
[STDOUT  ] 2019-06-05T09:14:26.949585096Z: [    4.459694] Yama: becoming mindful.
[STDOUT  ] 2019-06-05T09:14:26.949609751Z: [    4.462178] Mount-cache hash table entries: 2048 (order: 2, 16384 bytes)
[STDOUT  ] 2019-06-05T09:14:26.949625426Z: [    4.462752] Mountpoint-cache hash table entries: 2048 (order: 2, 16384 bytes)
[STDOUT  ] 2019-06-05T09:14:26.949639988Z: [    4.484149] Last level iTLB entries: 4KB 0, 2MB 0, 4MB 0
[STDOUT  ] 2019-06-05T09:14:26.949655752Z: [    4.484618] Last level dTLB entries: 4KB 0, 2MB 0, 4MB 0, 1GB 0
[STDERR  ] 2019-06-05T09:14:26.949497648Z: [    4.919361] audit: type=2000 audit(1559725978.479:1): state=initialized audit_enabled=0 res=1
[STDOUT  ] 2019-06-05T09:14:26.949670149Z: [    4.485055] Spectre V2 : Spectre mitigation: LFENCE not serializing, switching to generic retpoline
[STDERR  ] 2019-06-05T09:14:26.949681113Z: [    4.922040] cpuidle: using governor ladder
[STDERR  ] 2019-06-05T09:14:26.949725443Z: [    4.922489] cpuidle: using governor menu
[STDERR  ] 2019-06-05T09:14:26.949748738Z: [    4.924395] ACPI: bus type PCI registered
[STDERR  ] 2019-06-05T09:14:26.949775366Z: [    4.924795] acpiphp: ACPI Hot Plug PCI Controller Driver version: 0.5
[STDERR  ] 2019-06-05T09:14:26.949800542Z: [    4.927879] PCI: MMCONFIG for domain 0000 [bus 00-ff] at [mem 0xb0000000-0xbfffffff] (base 0xb0000000)
[STDERR  ] 2019-06-05T09:14:26.949826728Z: [    4.929013] PCI: MMCONFIG at [mem 0xb0000000-0xbfffffff] reserved in E820
[STDOUT  ] 2019-06-05T09:14:26.949685598Z: [    4.485933] Spectre V2 : Mitigation: Full generic retpoline
[STDOUT  ] 2019-06-05T09:14:26.949913927Z: [    4.486423] Spectre V2 : Spectre v2 / SpectreRSB mitigation: Filling RSB on context switch
[STDOUT  ] 2019-06-05T09:14:26.949942823Z: [    4.487618] Speculative Store Bypass: Vulnerable
[STDOUT  ] 2019-06-05T09:14:26.949958307Z: [    4.693220] random: fast init done
[STDOUT  ] 2019-06-05T09:14:26.949973181Z: [    4.809766] Freeing SMP alternatives memory: 20K
[STDERR  ] 2019-06-05T09:14:26.949857072Z: [    4.930211] PCI: Using configuration type 1 for base access
[STDOUT  ] 2019-06-05T09:14:26.949987705Z: [    4.833879] APIC calibration not consistent with PM-Timer: 109ms instead of 100ms
[STDOUT  ] 2019-06-05T09:14:26.950005591Z: [    4.833879] APIC delta adjusted to PM-Timer: 6249981 (6813722)
[STDOUT  ] 2019-06-05T09:14:26.950023322Z: [    4.834567] smpboot: CPU0: AMD QEMU Virtual CPU version 2.5+ (family: 0x6, model: 0x6, stepping: 0x3)
[STDERR  ] 2019-06-05T09:14:26.949997110Z: [    4.994617] HugeTLB registered 2.00 MiB page size, pre-allocated 0 pages
[STDERR  ] 2019-06-05T09:14:26.950079801Z: [    5.000517] cryptd: max_cpu_qlen set to 1000
[STDERR  ] 2019-06-05T09:14:26.950124193Z: [    5.006724] ACPI: Added _OSI(Module Device)
[STDERR  ] 2019-06-05T09:14:26.950148979Z: [    5.006941] ACPI: Added _OSI(Processor Device)
[STDOUT  ] 2019-06-05T09:14:26.950059277Z: [    4.844222] Performance Events: PMU not available due to virtualization, using software events only.
[STDOUT  ] 2019-06-05T09:14:26.950173272Z: [    4.847619] rcu: Hierarchical SRCU implementation.
[STDOUT  ] 2019-06-05T09:14:26.950201724Z: [    4.853630] NMI watchdog: Perf NMI watchdog permanently disabled
[STDOUT  ] 2019-06-05T09:14:26.950219487Z: [    4.858851] smp: Bringing up secondary CPUs ...
[STDOUT  ] 2019-06-05T09:14:26.950237598Z: [    4.859314] smp: Brought up 1 node, 1 CPU
[STDOUT  ] 2019-06-05T09:14:26.950310517Z: [    4.859680] smpboot: Max logical packages: 1
[STDOUT  ] 2019-06-05T09:14:26.950328201Z: [    4.859978] smpboot: Total of 1 processors activated (5199.49 BogoMIPS)
[STDOUT  ] 2019-06-05T09:14:26.950350495Z: [    4.876169] devtmpfs: initialized
[STDOUT  ] 2019-06-05T09:14:26.950379210Z: [    4.881307] x86/mm: Memory block size: 128MB
[STDOUT  ] 2019-06-05T09:14:26.950396806Z: [    4.893064] clocksource: jiffies: mask: 0xffffffff max_cycles: 0xffffffff, max_idle_ns: 1911260446275000 ns
[STDOUT  ] 2019-06-05T09:14:26.950414609Z: [    4.894097] futex hash table entries: 256 (order: 2, 16384 bytes)
[STDOUT  ] 2019-06-05T09:14:26.950431559Z: [    4.908969] NET: Registered protocol family 16
[STDERR  ] 2019-06-05T09:14:26.950180542Z: [    5.007297] ACPI: Added _OSI(3.0 _SCP Extensions)
[STDERR  ] 2019-06-05T09:14:26.950502687Z: [    5.007916] ACPI: Added _OSI(Processor Aggregator Device)
[STDERR  ] 2019-06-05T09:14:26.950539970Z: [    5.008425] ACPI: Added _OSI(Linux-Dell-Video)
[STDERR  ] 2019-06-05T09:14:26.950570502Z: [    5.008924] ACPI: Added _OSI(Linux-Lenovo-NV-HDMI-Audio)
[STDOUT  ] 2019-06-05T09:14:26.950450645Z: [    4.913709] audit: initializing netlink subsys (disabled)
[STDOUT  ] 2019-06-05T09:14:26.950640719Z: [    4.919361] audit: type=2000 audit(1559725978.479:1): state=initialized audit_enabled=0 res=1
[STDOUT  ] 2019-06-05T09:14:26.950657437Z: [    4.922040] cpuidle: using governor ladder
[STDOUT  ] 2019-06-05T09:14:26.950672790Z: [    4.922489] cpuidle: using governor menu
[STDOUT  ] 2019-06-05T09:14:26.950687553Z: [    4.924395] ACPI: bus type PCI registered
[STDOUT  ] 2019-06-05T09:14:26.950702311Z: [    4.924795] acpiphp: ACPI Hot Plug PCI Controller Driver version: 0.5
[STDOUT  ] 2019-06-05T09:14:26.950718397Z: [    4.927879] PCI: MMCONFIG for domain 0000 [bus 00-ff] at [mem 0xb0000000-0xbfffffff] (base 0xb0000000)
[STDERR  ] 2019-06-05T09:14:26.950601404Z: [    5.060374] ACPI: 1 ACPI AML tables successfully acquired and loaded
[STDERR  ] 2019-06-05T09:14:26.950775230Z: [    5.096199] ACPI: Interpreter enabled
[STDERR  ] 2019-06-05T09:14:26.950799166Z: [    5.097155] ACPI: (supports S0 S5)
[STDERR  ] 2019-06-05T09:14:26.950826363Z: [    5.097507] ACPI: Using IOAPIC for interrupt routing
[STDERR  ] 2019-06-05T09:14:26.950851334Z: [    5.099747] PCI: Using host bridge windows from ACPI; if necessary, use "pci=nocrs" and report a bug
[STDERR  ] 2019-06-05T09:14:26.950885184Z: [    5.103781] ACPI: Enabled 2 GPEs in block 00 to 3F
[STDOUT  ] 2019-06-05T09:14:26.950734570Z: [    4.929013] PCI: MMCONFIG at [mem 0xb0000000-0xbfffffff] reserved in E820
[STDOUT  ] 2019-06-05T09:14:26.950937036Z: [    4.930211] PCI: Using configuration type 1 for base access
[STDOUT  ] 2019-06-05T09:14:26.950961544Z: [    4.994617] HugeTLB registered 2.00 MiB page size, pre-allocated 0 pages
[STDOUT  ] 2019-06-05T09:14:26.950990786Z: [    5.000517] cryptd: max_cpu_qlen set to 1000
[STDOUT  ] 2019-06-05T09:14:26.951006062Z: [    5.006724] ACPI: Added _OSI(Module Device)
[STDERR  ] 2019-06-05T09:14:26.950923273Z: [    5.173522] ACPI: PCI Root Bridge [PCI0] (domain 0000 [bus 00-ff])
[STDERR  ] 2019-06-05T09:14:26.951033119Z: [    5.174439] acpi PNP0A08:00: _OSC: OS supports [ExtendedConfig ASPM ClockPM Segments MSI]
[STDERR  ] 2019-06-05T09:14:26.951066458Z: [    5.179068] acpi PNP0A08:00: _OSC: platform does not support [SHPCHotplug LTR]
[STDERR  ] 2019-06-05T09:14:26.951089598Z: [    5.182256] acpi PNP0A08:00: _OSC: OS now controls [PCIeHotplug PME PCIeCapability]
[STDERR  ] 2019-06-05T09:14:26.951116724Z: [    5.188053] PCI host bridge to bus 0000:00
[STDOUT  ] 2019-06-05T09:14:26.951020596Z: [    5.006941] ACPI: Added _OSI(Processor Device)
[STDOUT  ] 2019-06-05T09:14:26.951184898Z: [    5.007297] ACPI: Added _OSI(3.0 _SCP Extensions)
[STDOUT  ] 2019-06-05T09:14:26.951210669Z: [    5.007916] ACPI: Added _OSI(Processor Aggregator Device)
[STDOUT  ] 2019-06-05T09:14:26.951226248Z: [    5.008425] ACPI: Added _OSI(Linux-Dell-Video)
[STDOUT  ] 2019-06-05T09:14:26.951241398Z: [    5.008924] ACPI: Added _OSI(Linux-Lenovo-NV-HDMI-Audio)
[STDERR  ] 2019-06-05T09:14:26.951139510Z: [    5.188602] pci_bus 0000:00: root bus resource [io  0x0000-0x0cf7 window]
[STDERR  ] 2019-06-05T09:14:26.951285117Z: [    5.188942] pci_bus 0000:00: root bus resource [io  0x0d00-0xffff window]
[STDERR  ] 2019-06-05T09:14:26.951314860Z: [    5.189449] pci_bus 0000:00: root bus resource [mem 0x000a0000-0x000bffff window]
[STDERR  ] 2019-06-05T09:14:26.951345516Z: [    5.189924] pci_bus 0000:00: root bus resource [mem 0xc0000000-0xfebfffff window]
[STDERR  ] 2019-06-05T09:14:26.951368898Z: [    5.191031] pci_bus 0000:00: root bus resource [bus 00-ff]
[STDOUT  ] 2019-06-05T09:14:26.951266105Z: [    5.060374] ACPI: 1 ACPI AML tables successfully acquired and loaded
[STDERR  ] 2019-06-05T09:14:26.951401324Z: [    5.248358] pci 0000:00:1f.0: quirk: [io  0x0600-0x067f] claimed by ICH6 ACPI/GPIO/TCO
[STDOUT  ] 2019-06-05T09:14:26.951419664Z: [    5.096199] ACPI: Interpreter enabled
[STDOUT  ] 2019-06-05T09:14:26.951454676Z: [    5.097155] ACPI: (supports S0 S5)
[STDERR  ] 2019-06-05T09:14:26.951440717Z: [    5.291626] ACPI: PCI Interrupt Link [LNKA] (IRQs 5 *10 11)
[STDERR  ] 2019-06-05T09:14:26.951473832Z: [    5.294194] ACPI: PCI Interrupt Link [LNKB] (IRQs 5 *10 11)
[STDOUT  ] 2019-06-05T09:14:26.951472135Z: [    5.097507] ACPI: Using IOAPIC for interrupt routing
[STDOUT  ] 2019-06-05T09:14:26.951489416Z: [    5.099747] PCI: Using host bridge windows from ACPI; if necessary, use "pci=nocrs" and report a bug
[STDERR  ] 2019-06-05T09:14:26.951504937Z: [    5.296329] ACPI: PCI Interrupt Link [LNKC] (IRQs 5 10 *11)
[STDOUT  ] 2019-06-05T09:14:26.951506346Z: [    5.103781] ACPI: Enabled 2 GPEs in block 00 to 3F
[STDOUT  ] 2019-06-05T09:14:26.951563828Z: [    5.173522] ACPI: PCI Root Bridge [PCI0] (domain 0000 [bus 00-ff])
[STDOUT  ] 2019-06-05T09:14:26.951579268Z: [    5.174439] acpi PNP0A08:00: _OSC: OS supports [ExtendedConfig ASPM ClockPM Segments MSI]
[STDERR  ] 2019-06-05T09:14:26.951544556Z: [    5.298420] ACPI: PCI Interrupt Link [LNKD] (IRQs 5 10 *11)
[STDOUT  ] 2019-06-05T09:14:26.951594158Z: [    5.179068] acpi PNP0A08:00: _OSC: platform does not support [SHPCHotplug LTR]
[STDERR  ] 2019-06-05T09:14:26.951660596Z: [    5.300612] ACPI: PCI Interrupt Link [LNKE] (IRQs 5 *10 11)
[STDERR  ] 2019-06-05T09:14:26.951688970Z: [    5.302647] ACPI: PCI Interrupt Link [LNKF] (IRQs 5 *10 11)
[STDERR  ] 2019-06-05T09:14:26.951712183Z: [    5.304666] ACPI: PCI Interrupt Link [LNKG] (IRQs 5 10 *11)
[STDERR  ] 2019-06-05T09:14:26.951739890Z: [    5.306704] ACPI: PCI Interrupt Link [LNKH] (IRQs 5 10 *11)
[STDERR  ] 2019-06-05T09:14:26.951774375Z: [    5.307340] ACPI: PCI Interrupt Link [GSIA] (IRQs *16)
[STDERR  ] 2019-06-05T09:14:26.951797626Z: [    5.308166] ACPI: PCI Interrupt Link [GSIB] (IRQs *17)
[STDOUT  ] 2019-06-05T09:14:26.951649931Z: [    5.182256] acpi PNP0A08:00: _OSC: OS now controls [PCIeHotplug PME PCIeCapability]
[STDOUT  ] 2019-06-05T09:14:26.951853035Z: [    5.188053] PCI host bridge to bus 0000:00
[STDOUT  ] 2019-06-05T09:14:26.951870692Z: [    5.188602] pci_bus 0000:00: root bus resource [io  0x0000-0x0cf7 window]
[STDOUT  ] 2019-06-05T09:14:26.951888200Z: [    5.188942] pci_bus 0000:00: root bus resource [io  0x0d00-0xffff window]
[STDOUT  ] 2019-06-05T09:14:26.951905460Z: [    5.189449] pci_bus 0000:00: root bus resource [mem 0x000a0000-0x000bffff window]
[STDOUT  ] 2019-06-05T09:14:26.951923527Z: [    5.189924] pci_bus 0000:00: root bus resource [mem 0xc0000000-0xfebfffff window]
[STDERR  ] 2019-06-05T09:14:26.951828652Z: [    5.309160] ACPI: PCI Interrupt Link [GSIC] (IRQs *18)
[STDOUT  ] 2019-06-05T09:14:26.951942750Z: [    5.191031] pci_bus 0000:00: root bus resource [bus 00-ff]
[STDERR  ] 2019-06-05T09:14:26.951953629Z: [    5.310106] ACPI: PCI Interrupt Link [GSID] (IRQs *19)
[STDERR  ] 2019-06-05T09:14:26.951982990Z: [    5.310756] ACPI: PCI Interrupt Link [GSIE] (IRQs *20)
[STDERR  ] 2019-06-05T09:14:26.952011015Z: [    5.311188] ACPI: PCI Interrupt Link [GSIF] (IRQs *21)
[STDERR  ] 2019-06-05T09:14:26.952030172Z: [    5.312158] ACPI: PCI Interrupt Link [GSIG] (IRQs *22)
[STDOUT  ] 2019-06-05T09:14:26.951961859Z: [    5.248358] pci 0000:00:1f.0: quirk: [io  0x0600-0x067f] claimed by ICH6 ACPI/GPIO/TCO
[STDOUT  ] 2019-06-05T09:14:26.952090345Z: [    5.291626] ACPI: PCI Interrupt Link [LNKA] (IRQs 5 *10 11)
[STDOUT  ] 2019-06-05T09:14:26.952109454Z: [    5.294194] ACPI: PCI Interrupt Link [LNKB] (IRQs 5 *10 11)
[STDOUT  ] 2019-06-05T09:14:26.952126320Z: [    5.296329] ACPI: PCI Interrupt Link [LNKC] (IRQs 5 10 *11)
[STDOUT  ] 2019-06-05T09:14:26.952143184Z: [    5.298420] ACPI: PCI Interrupt Link [LNKD] (IRQs 5 10 *11)
[STDERR  ] 2019-06-05T09:14:26.952060376Z: [    5.313070] ACPI: PCI Interrupt Link [GSIH] (IRQs *23)
[STDERR  ] 2019-06-05T09:14:26.952166587Z: [    5.323201] SCSI subsystem initialized
[STDERR  ] 2019-06-05T09:14:26.952206154Z: [    5.326317] ACPI: bus type USB registered
[STDERR  ] 2019-06-05T09:14:26.952225876Z: [    5.327419] usbcore: registered new interface driver usbfs
[STDOUT  ] 2019-06-05T09:14:26.952160083Z: [    5.300612] ACPI: PCI Interrupt Link [LNKE] (IRQs 5 *10 11)
[STDOUT  ] 2019-06-05T09:14:26.952260785Z: [    5.302647] ACPI: PCI Interrupt Link [LNKF] (IRQs 5 *10 11)
[STDERR  ] 2019-06-05T09:14:26.952249522Z: [    5.328483] usbcore: registered new interface driver hub
[STDOUT  ] 2019-06-05T09:14:26.952292649Z: [    5.304666] ACPI: PCI Interrupt Link [LNKG] (IRQs 5 10 *11)
[STDERR  ] 2019-06-05T09:14:26.952303179Z: [    5.329309] usbcore: registered new device driver usb
[STDOUT  ] 2019-06-05T09:14:26.952313697Z: [    5.306704] ACPI: PCI Interrupt Link [LNKH] (IRQs 5 10 *11)
[STDOUT  ] 2019-06-05T09:14:26.952352593Z: [    5.307340] ACPI: PCI Interrupt Link [GSIA] (IRQs *16)
[STDOUT  ] 2019-06-05T09:14:26.952369583Z: [    5.308166] ACPI: PCI Interrupt Link [GSIB] (IRQs *17)
[STDOUT  ] 2019-06-05T09:14:26.952386614Z: [    5.309160] ACPI: PCI Interrupt Link [GSIC] (IRQs *18)
[STDOUT  ] 2019-06-05T09:14:26.952403580Z: [    5.310106] ACPI: PCI Interrupt Link [GSID] (IRQs *19)
[STDERR  ] 2019-06-05T09:14:26.952331429Z: [    5.330518] pps_core: LinuxPPS API ver. 1 registered
[STDERR  ] 2019-06-05T09:14:26.952443838Z: [    5.330922] pps_core: Software ver. 5.3.6 - Copyright 2005-2007 Rodolfo Giometti <giometti@linux.it>
[STDERR  ] 2019-06-05T09:14:26.952464932Z: [    5.332044] PTP clock support registered
[STDERR  ] 2019-06-05T09:14:26.952484066Z: [    5.334919] PCI: Using ACPI for IRQ routing
[STDOUT  ] 2019-06-05T09:14:26.952421661Z: [    5.310756] ACPI: PCI Interrupt Link [GSIE] (IRQs *20)
[STDOUT  ] 2019-06-05T09:14:26.952532728Z: [    5.311188] ACPI: PCI Interrupt Link [GSIF] (IRQs *21)
[STDOUT  ] 2019-06-05T09:14:26.952582108Z: [    5.312158] ACPI: PCI Interrupt Link [GSIG] (IRQs *22)
[STDOUT  ] 2019-06-05T09:14:26.952601073Z: [    5.313070] ACPI: PCI Interrupt Link [GSIH] (IRQs *23)
[STDOUT  ] 2019-06-05T09:14:26.952646675Z: [    5.323201] SCSI subsystem initialized
[STDOUT  ] 2019-06-05T09:14:26.952665719Z: [    5.326317] ACPI: bus type USB registered
[STDOUT  ] 2019-06-05T09:14:26.952682703Z: [    5.327419] usbcore: registered new interface driver usbfs
[STDOUT  ] 2019-06-05T09:14:26.952704335Z: [    5.328483] usbcore: registered new interface driver hub
[STDOUT  ] 2019-06-05T09:14:26.952721125Z: [    5.329309] usbcore: registered new device driver usb
[STDOUT  ] 2019-06-05T09:14:26.952737697Z: [    5.330518] pps_core: LinuxPPS API ver. 1 registered
[STDOUT  ] 2019-06-05T09:14:26.952754481Z: [    5.330922] pps_core: Software ver. 5.3.6 - Copyright 2005-2007 Rodolfo Giometti <giometti@linux.it>
[STDOUT  ] 2019-06-05T09:14:26.952771495Z: [    5.332044] PTP clock support registered
[STDOUT  ] 2019-06-05T09:14:26.952788061Z: [    5.334919] PCI: Using ACPI for IRQ routing
[STDOUT  ] 2019-06-05T09:14:26.952807554Z: [    5.357033] NetLabel: Initializing
[STDOUT  ] 2019-06-05T09:14:26.952824173Z: [    5.357350] NetLabel:  domain hash size = 128
[STDOUT  ] 2019-06-05T09:14:26.952840021Z: [    5.357725] NetLabel:  protocols = UNLABELED CIPSOv4 CALIPSO
[STDOUT  ] 2019-06-05T09:14:26.952854334Z: [    5.360458] NetLabel:  unlabeled traffic allowed by default
[STDOUT  ] 2019-06-05T09:14:26.952881643Z: [    5.361623] HPET: 3 timers in total, 0 timers will be used for per-cpu timer
[STDOUT  ] 2019-06-05T09:14:26.952896163Z: [    5.362190] hpet0: at MMIO 0xfed00000, IRQs 2, 8, 0
[STDOUT  ] 2019-06-05T09:14:26.952910188Z: [    5.362936] hpet0: 3 comparators, 64-bit 100.000000 MHz counter
[STDOUT  ] 2019-06-05T09:14:26.952924263Z: [    5.369771] clocksource: Switched to clocksource tsc-early
[STDOUT  ] 2019-06-05T09:14:26.952938432Z: [    5.782344] VFS: Disk quotas dquot_6.6.0
[STDOUT  ] 2019-06-05T09:14:26.952952719Z: [    5.783762] VFS: Dquot-cache hash table entries: 512 (order 0, 4096 bytes)
[STDOUT  ] 2019-06-05T09:14:26.952967191Z: [    5.787602] FS-Cache: Loaded
[STDOUT  ] 2019-06-05T09:14:26.952981561Z: [    5.794477] CacheFiles: Loaded
[STDOUT  ] 2019-06-05T09:14:26.953001804Z: [    5.796146] pnp: PnP ACPI init
[STDOUT  ] 2019-06-05T09:14:26.953015860Z: [    5.809636] pnp: PnP ACPI: found 5 devices
[STDOUT  ] 2019-06-05T09:14:26.953030039Z: [    5.857781] clocksource: acpi_pm: mask: 0xffffff max_cycles: 0xffffff, max_idle_ns: 2085701024 ns
[STDOUT  ] 2019-06-05T09:14:26.953044427Z: [    5.861578] NET: Registered protocol family 2
[STDOUT  ] 2019-06-05T09:14:26.953058672Z: [    5.871779] tcp_listen_portaddr_hash hash table entries: 512 (order: 1, 8192 bytes)
[STDOUT  ] 2019-06-05T09:14:26.953073356Z: [    5.873328] TCP established hash table entries: 8192 (order: 4, 65536 bytes)
[STDOUT  ] 2019-06-05T09:14:26.953088038Z: [    5.874426] TCP bind hash table entries: 8192 (order: 5, 131072 bytes)
[STDOUT  ] 2019-06-05T09:14:26.953102526Z: [    5.875386] TCP: Hash tables configured (established 8192 bind 8192)
[STDOUT  ] 2019-06-05T09:14:26.953116764Z: [    5.877851] UDP hash table entries: 512 (order: 2, 16384 bytes)
[STDOUT  ] 2019-06-05T09:14:26.953130902Z: [    5.879072] UDP-Lite hash table entries: 512 (order: 2, 16384 bytes)
[STDOUT  ] 2019-06-05T09:14:26.953145368Z: [    5.882887] NET: Registered protocol family 1
[STDOUT  ] 2019-06-05T09:14:26.953159520Z: [    5.883816] NET: Registered protocol family 44
[STDOUT  ] 2019-06-05T09:14:26.953173683Z: [    5.884716] pci 0000:00:01.0: Video device with shadowed ROM at [mem 0x000c0000-0x000dffff]
[STDOUT  ] 2019-06-05T09:14:26.953188078Z: [    5.896384] Trying to unpack rootfs image as initramfs...
[STDOUT  ] 2019-06-05T09:14:26.953202034Z: [   19.103370] Freeing initrd memory: 61304K
[STDOUT  ] 2019-06-05T09:14:26.953216143Z: [   19.136449] PCLMULQDQ-NI instructions are not detected.
[STDOUT  ] 2019-06-05T09:14:26.953230336Z: [   19.138414] AVX or AES-NI instructions are not detected.
[STDOUT  ] 2019-06-05T09:14:26.953244445Z: [   19.139296] CPU feature 'AVX registers' is not supported.
[STDOUT  ] 2019-06-05T09:14:26.953258603Z: [   19.139776] CPU feature 'AVX registers' is not supported.
[STDOUT  ] 2019-06-05T09:14:26.953272791Z: [   19.140427] CPU feature 'AVX registers' is not supported.
[STDOUT  ] 2019-06-05T09:14:26.953286919Z: [   19.141224] CPU feature 'AVX registers' is not supported.
[STDOUT  ] 2019-06-05T09:14:26.953301166Z: [   19.141736] AVX2 or AES-NI instructions are not detected.
[STDOUT  ] 2019-06-05T09:14:26.953314945Z: [   19.142349] AVX2 instructions are not detected.
[STDOUT  ] 2019-06-05T09:14:26.953332535Z: [   19.157360] workingset: timestamp_bits=46 max_order=18 bucket_order=0
[STDOUT  ] 2019-06-05T09:14:26.953346704Z: [   19.170585] squashfs: version 4.0 (2009/01/31) Phillip Lougher
[STDOUT  ] 2019-06-05T09:14:26.953363372Z: [   19.174948] FS-Cache: Netfs 'cifs' registered for caching
[STDOUT  ] 2019-06-05T09:14:26.953379087Z: [   19.176577] fuse init (API version 7.27)
[STDOUT  ] 2019-06-05T09:14:26.953393510Z: [   19.179727] SGI XFS with ACLs, security attributes, no debug enabled
[STDOUT  ] 2019-06-05T09:14:26.953407843Z: [   19.185301] 9p: Installing v9fs 9p2000 file system support
[STDOUT  ] 2019-06-05T09:14:26.953422003Z: [   19.186027] FS-Cache: Netfs '9p' registered for caching
[STDOUT  ] 2019-06-05T09:14:26.953436106Z: [   19.242306] NET: Registered protocol family 38
[STDOUT  ] 2019-06-05T09:14:26.953458835Z: [   19.243317] Key type asymmetric registered
[STDOUT  ] 2019-06-05T09:14:26.953473438Z: [   19.243778] Asymmetric key parser 'x509' registered
[STDOUT  ] 2019-06-05T09:14:26.953487389Z: [   19.244931] Block layer SCSI generic (bsg) driver version 0.4 loaded (major 247)
[STDOUT  ] 2019-06-05T09:14:26.953501799Z: [   19.247473] io scheduler noop registered
[STDOUT  ] 2019-06-05T09:14:26.953516015Z: [   19.247835] io scheduler deadline registered (default)
[STDOUT  ] 2019-06-05T09:14:26.953530258Z: [   19.248866] io scheduler cfq registered
[STDOUT  ] 2019-06-05T09:14:26.953544585Z: [   19.249473] io scheduler mq-deadline registered (default)
[STDOUT  ] 2019-06-05T09:14:26.953559215Z: [   19.249889] io scheduler kyber registered
[STDOUT  ] 2019-06-05T09:14:26.953577308Z: [   19.253818] shpchp: Standard Hot Plug PCI Controller Driver version: 0.4
[STDOUT  ] 2019-06-05T09:14:26.953592857Z: [   19.255302] hv_vmbus: registering driver hyperv_fb
[STDOUT  ] 2019-06-05T09:14:26.953609880Z: [   19.259503] input: Power Button as /devices/LNXSYSTM:00/LNXPWRBN:00/input/input0
[STDOUT  ] 2019-06-05T09:14:26.953624717Z: [   19.263640] ACPI: Power Button [PWRF]
[STDOUT  ] 2019-06-05T09:14:26.953639637Z: [   19.286143] PCI Interrupt Link [GSIG] enabled at IRQ 22
[STDOUT  ] 2019-06-05T09:14:26.953654312Z: [   19.301660] PCI Interrupt Link [GSIH] enabled at IRQ 23
[STDOUT  ] 2019-06-05T09:14:26.953669342Z: [   19.309313] Serial: 8250/16550 driver, 4 ports, IRQ sharing disabled
[STDOUT  ] 2019-06-05T09:14:26.953697841Z: [   19.336074] 00:04: ttyS0 at I/O 0x3f8 (irq = 4, base_baud = 115200) is a 16550A
[STDOUT  ] 2019-06-05T09:14:26.953716946Z: [   19.348379] Non-volatile memory driver v1.3
[STDOUT  ] 2019-06-05T09:14:26.953734583Z: [   19.356550] Hangcheck: starting hangcheck timer 0.9.1 (tick is 180 seconds, margin is 60 seconds).
[STDOUT  ] 2019-06-05T09:14:26.953749166Z: [   19.363212] random: crng init done
[STDOUT  ] 2019-06-05T09:14:26.953763312Z: [   19.442736] brd: module loaded
[STDOUT  ] 2019-06-05T09:14:26.953777951Z: [   19.483562] loop: module loaded
[STDOUT  ] 2019-06-05T09:14:26.953792718Z: [   19.559849] lpc_ich 0000:00:1f.0: I/O space for GPIO uninitialized
[STDOUT  ] 2019-06-05T09:14:26.953811390Z: [   19.562809] VMware PVSCSI driver - version 1.0.7.0-k
[STDOUT  ] 2019-06-05T09:14:26.953825723Z: [   19.563769] hv_vmbus: registering driver hv_storvsc
[STDOUT  ] 2019-06-05T09:14:26.953839895Z: [   19.579636] PCI Interrupt Link [GSIA] enabled at IRQ 16
[STDOUT  ] 2019-06-05T09:14:26.953854678Z: [   19.588763] ahci 0000:00:1f.2: AHCI 0001.0000 32 slots 6 ports 1.5 Gbps 0x3f impl SATA mode
[STDOUT  ] 2019-06-05T09:14:26.953878067Z: [   19.589741] ahci 0000:00:1f.2: flags: 64bit ncq only 
[STDOUT  ] 2019-06-05T09:14:26.953892713Z: [   19.610231] scsi host0: ahci
[STDOUT  ] 2019-06-05T09:14:26.953907200Z: [   19.614751] scsi host1: ahci
[STDOUT  ] 2019-06-05T09:14:26.953921404Z: [   19.617404] scsi host2: ahci
[STDOUT  ] 2019-06-05T09:14:26.953935596Z: [   19.619877] scsi host3: ahci
[STDOUT  ] 2019-06-05T09:14:26.953950024Z: [   19.622423] scsi host4: ahci
[STDOUT  ] 2019-06-05T09:14:26.953964261Z: [   19.624736] scsi host5: ahci
[STDOUT  ] 2019-06-05T09:14:26.953979686Z: [   19.626451] ata1: SATA max UDMA/133 abar m4096@0xfebd2000 port 0xfebd2100 irq 24
[STDOUT  ] 2019-06-05T09:14:26.953994019Z: [   19.627481] ata2: SATA max UDMA/133 abar m4096@0xfebd2000 port 0xfebd2180 irq 24
[STDOUT  ] 2019-06-05T09:14:26.954008329Z: [   19.628322] ata3: SATA max UDMA/133 abar m4096@0xfebd2000 port 0xfebd2200 irq 24
[STDOUT  ] 2019-06-05T09:14:26.954023072Z: [   19.629136] ata4: SATA max UDMA/133 abar m4096@0xfebd2000 port 0xfebd2280 irq 24
[STDOUT  ] 2019-06-05T09:14:26.954040110Z: [   19.629817] ata5: SATA max UDMA/133 abar m4096@0xfebd2000 port 0xfebd2300 irq 24
[STDOUT  ] 2019-06-05T09:14:26.954055138Z: [   19.630761] ata6: SATA max UDMA/133 abar m4096@0xfebd2000 port 0xfebd2380 irq 24
[STDOUT  ] 2019-06-05T09:14:26.954069701Z: [   19.647247] tun: Universal TUN/TAP device driver, 1.6
[STDOUT  ] 2019-06-05T09:14:26.954088875Z: [   19.661440] VMware vmxnet3 virtual NIC driver - version 1.4.16.0-k-NAPI
[STDOUT  ] 2019-06-05T09:14:26.954103799Z: [   19.662627] hv_vmbus: registering driver hv_netvsc
[STDOUT  ] 2019-06-05T09:14:26.954117913Z: [   19.663397] Fusion MPT base driver 3.04.20
[STDOUT  ] 2019-06-05T09:14:26.954132365Z: [   19.663740] Copyright (c) 1999-2008 LSI Corporation
[STDOUT  ] 2019-06-05T09:14:26.954147415Z: [   19.664543] Fusion MPT SPI Host driver 3.04.20
[STDOUT  ] 2019-06-05T09:14:26.954161574Z: [   19.667180] i8042: PNP: PS/2 Controller [PNP0303:KBD,PNP0f13:MOU] at 0x60,0x64 irq 1,12
[STDOUT  ] 2019-06-05T09:14:26.954175949Z: [   19.672452] serio: i8042 KBD port at 0x60,0x64 irq 1
[STDOUT  ] 2019-06-05T09:14:26.954190605Z: [   19.673359] serio: i8042 AUX port at 0x60,0x64 irq 12
[STDOUT  ] 2019-06-05T09:14:26.954212761Z: [   19.676592] hv_vmbus: registering driver hyperv_keyboard
[STDOUT  ] 2019-06-05T09:14:26.954227344Z: [   19.679472] mousedev: PS/2 mouse device common for all mice
[STDOUT  ] 2019-06-05T09:14:26.954241794Z: [   19.686312] input: PC Speaker as /devices/platform/pcspkr/input/input2
[STDOUT  ] 2019-06-05T09:14:26.954303737Z: [   19.687922] input: AT Translated Set 2 keyboard as /devices/platform/i8042/serio0/input/input1
[STDOUT  ] 2019-06-05T09:14:26.954318519Z: [   19.692331] rtc_cmos 00:00: RTC can wake from S4
[STDOUT  ] 2019-06-05T09:14:26.954333096Z: [   19.698652] rtc_cmos 00:00: registered as rtc0
[STDOUT  ] 2019-06-05T09:14:26.954347699Z: [   19.700352] rtc_cmos 00:00: alarms up to one day, y3k, 114 bytes nvram, hpet irqs
[STDOUT  ] 2019-06-05T09:14:26.954362278Z: [   19.701399] i2c /dev entries driver
[STDOUT  ] 2019-06-05T09:14:26.954382118Z: [   19.703898] device-mapper: ioctl: 4.39.0-ioctl (2018-04-03) initialised: dm-devel@redhat.com
[STDOUT  ] 2019-06-05T09:14:26.954396441Z: [   19.710594] usbcore: registered new interface driver usbhid
[STDOUT  ] 2019-06-05T09:14:26.954410862Z: [   19.711259] usbhid: USB HID core driver
[STDOUT  ] 2019-06-05T09:14:26.954424791Z: [   19.712246] hv_utils: Registering HyperV Utility Driver
[STDOUT  ] 2019-06-05T09:14:26.954439959Z: [   19.712711] hv_vmbus: registering driver hv_util
[STDOUT  ] 2019-06-05T09:14:26.954454143Z: [   19.713314] hv_vmbus: registering driver hv_balloon
[STDOUT  ] 2019-06-05T09:14:26.954468275Z: [   19.713928] oprofile: using NMI interrupt.
[STDOUT  ] 2019-06-05T09:14:26.954482516Z: [   19.715741] GACT probability on
[STDOUT  ] 2019-06-05T09:14:26.954496552Z: [   19.716461] Mirror/redirect action on
[STDOUT  ] 2019-06-05T09:14:26.954510615Z: [   19.717382] Simple TC action Loaded
[STDOUT  ] 2019-06-05T09:14:26.954524787Z: [   19.717911] u32 classifier
[STDOUT  ] 2019-06-05T09:14:26.954539110Z: [   19.718440]     Performance counters on
[STDOUT  ] 2019-06-05T09:14:26.954553006Z: [   19.718827]     input device check on
[STDOUT  ] 2019-06-05T09:14:26.954567251Z: [   19.719715]     Actions configured
[STDOUT  ] 2019-06-05T09:14:26.954585392Z: [   19.734598] xt_time: kernel timezone is -0000
[STDOUT  ] 2019-06-05T09:14:26.954599833Z: [   19.736223] IPVS: Registered protocols (TCP, UDP, SCTP, AH, ESP)
[STDOUT  ] 2019-06-05T09:14:26.954613895Z: [   19.737343] IPVS: Connection hash table configured (size=4096, memory=64Kbytes)
[STDOUT  ] 2019-06-05T09:14:26.954628403Z: [   19.743293] IPVS: ipvs loaded.
[STDOUT  ] 2019-06-05T09:14:26.954643065Z: [   19.743808] IPVS: [rr] scheduler registered.
[STDOUT  ] 2019-06-05T09:14:26.954657441Z: [   19.744497] IPVS: [wrr] scheduler registered.
[STDOUT  ] 2019-06-05T09:14:26.954671846Z: [   19.744862] IPVS: [lc] scheduler registered.
[STDOUT  ] 2019-06-05T09:14:26.954686219Z: [   19.745439] IPVS: [wlc] scheduler registered.
[STDOUT  ] 2019-06-05T09:14:26.954700554Z: [   19.745803] IPVS: [fo] scheduler registered.
[STDOUT  ] 2019-06-05T09:14:26.954714886Z: [   19.746300] IPVS: [ovf] scheduler registered.
[STDOUT  ] 2019-06-05T09:14:26.954731575Z: [   19.746777] IPVS: [lblc] scheduler registered.
[STDOUT  ] 2019-06-05T09:14:26.954745933Z: [   19.747645] IPVS: [lblcr] scheduler registered.
[STDOUT  ] 2019-06-05T09:14:26.954765723Z: [   19.748188] IPVS: [dh] scheduler registered.
[STDOUT  ] 2019-06-05T09:14:26.954779983Z: [   19.748523] IPVS: [sh] scheduler registered.
[STDOUT  ] 2019-06-05T09:14:26.954794386Z: [   19.748847] IPVS: [mh] scheduler registered.
[STDOUT  ] 2019-06-05T09:14:26.954808540Z: [   19.749315] IPVS: [sed] scheduler registered.
[STDOUT  ] 2019-06-05T09:14:26.954836432Z: [   19.749657] IPVS: [nq] scheduler registered.
[STDOUT  ] 2019-06-05T09:14:26.954855995Z: [   19.750567] IPVS: ftp: loaded support on port[0] = 21
[STDOUT  ] 2019-06-05T09:14:26.954877434Z: [   19.751700] ipip: IPv4 and MPLS over IPv4 tunneling driver
[STDOUT  ] 2019-06-05T09:14:26.954891573Z: [   19.757632] gre: GRE over IPv4 demultiplexor driver
[STDOUT  ] 2019-06-05T09:14:26.954912878Z: [   19.765607] ipt_CLUSTERIP: ClusterIP Version 0.8 loaded successfully
[STDOUT  ] 2019-06-05T09:14:26.954927221Z: [   19.769670] NET: Registered protocol family 10
[STDOUT  ] 2019-06-05T09:14:26.954941621Z: [   19.782605] Segment Routing with IPv6
[STDOUT  ] 2019-06-05T09:14:26.954958586Z: [   19.795475] NET: Registered protocol family 17
[STDOUT  ] 2019-06-05T09:14:26.954977916Z: [   19.796877] Bridge firewalling registered
[STDOUT  ] 2019-06-05T09:14:26.954994704Z: [   19.800364] 8021q: 802.1Q VLAN Support v1.8
[STDOUT  ] 2019-06-05T09:14:26.955008832Z: [   19.802518] 9pnet: Installing 9P2000 support
[STDOUT  ] 2019-06-05T09:14:26.955022907Z: [   19.804783] Key type dns_resolver registered
[STDOUT  ] 2019-06-05T09:14:26.955036813Z: [   19.806690] NET: Registered protocol family 40
[STDOUT  ] 2019-06-05T09:14:26.955050832Z: [   19.808352] sched_clock: Marking stable (19736756399, 71238362)->(20062255814, -254261053)
[STDOUT  ] 2019-06-05T09:14:26.955065047Z: [   19.813196] registered taskstats version 1
[STDOUT  ] 2019-06-05T09:14:26.955079344Z: [   19.950364] ata1: SATA link up 1.5 Gbps (SStatus 113 SControl 300)
[STDOUT  ] 2019-06-05T09:14:26.955093512Z: [   19.954432] ata3: SATA link up 1.5 Gbps (SStatus 113 SControl 300)
[STDOUT  ] 2019-06-05T09:14:26.955107617Z: [   19.955545] ata2: SATA link down (SStatus 0 SControl 300)
[STDOUT  ] 2019-06-05T09:14:26.955121863Z: [   19.957685] ata6: SATA link down (SStatus 0 SControl 300)
[STDOUT  ] 2019-06-05T09:14:26.955136029Z: [   19.958561] ata5: SATA link down (SStatus 0 SControl 300)
[STDOUT  ] 2019-06-05T09:14:26.955150031Z: [   19.959406] ata4: SATA link down (SStatus 0 SControl 300)
[STDOUT  ] 2019-06-05T09:14:26.955164361Z: [   19.962199] ata3.00: ATAPI: QEMU DVD-ROM, 2.5+, max UDMA/100
[STDOUT  ] 2019-06-05T09:14:26.955178597Z: [   19.962738] ata3.00: applying bridge limits
[STDOUT  ] 2019-06-05T09:14:26.955192722Z: [   19.965382] ata3.00: configured for UDMA/100
[STDOUT  ] 2019-06-05T09:14:26.955206893Z: [   19.967562] ata1.00: ATA-7: QEMU HARDDISK, 2.5+, max UDMA/100
[STDOUT  ] 2019-06-05T09:14:26.955221284Z: [   19.968454] ata1.00: 1048576 sectors, multi 16: LBA48 NCQ (depth 32)
[STDOUT  ] 2019-06-05T09:14:26.955235382Z: [   19.969461] ata1.00: applying bridge limits
[STDOUT  ] 2019-06-05T09:14:26.955249274Z: [   19.977564] ata1.00: configured for UDMA/100
[STDOUT  ] 2019-06-05T09:14:26.955263222Z: [   20.004519] scsi 0:0:0:0: Direct-Access     ATA      QEMU HARDDISK    2.5+ PQ: 0 ANSI: 5
[STDOUT  ] 2019-06-05T09:14:26.955277666Z: [   20.017456] sd 0:0:0:0: [sda] 1048576 512-byte logical blocks: (537 MB/512 MiB)
[STDOUT  ] 2019-06-05T09:14:26.955291733Z: [   20.021666] sd 0:0:0:0: [sda] Write Protect is off
[STDOUT  ] 2019-06-05T09:14:26.955305805Z: [   20.025377] sd 0:0:0:0: Attached scsi generic sg0 type 0
[STDOUT  ] 2019-06-05T09:14:26.955320160Z: [   20.027802] sd 0:0:0:0: [sda] Write cache: enabled, read cache: enabled, doesn't support DPO or FUA
[STDOUT  ] 2019-06-05T09:14:26.955334461Z: [   20.034545] scsi 2:0:0:0: CD-ROM            QEMU     QEMU DVD-ROM     2.5+ PQ: 0 ANSI: 5
[STDOUT  ] 2019-06-05T09:14:26.955355190Z: [   20.064577] sr 2:0:0:0: [sr0] scsi3-mmc drive: 4x/4x cd/rw xa/form2 tray
[STDOUT  ] 2019-06-05T09:14:26.955372804Z: [   20.066098] cdrom: Uniform CD-ROM driver Revision: 3.20
[STDOUT  ] 2019-06-05T09:14:26.955394771Z: [   20.078555]  sda: sda1
[STDOUT  ] 2019-06-05T09:14:26.955409271Z: [   20.080546] sr 2:0:0:0: Attached scsi generic sg1 type 5
[STDOUT  ] 2019-06-05T09:14:26.955423516Z: [   20.095449] sd 0:0:0:0: [sda] Attached SCSI disk
[STDOUT  ] 2019-06-05T09:14:26.955451826Z: [   20.150285] tsc: Refined TSC clocksource calibration: 2599.765 MHz
[STDOUT  ] 2019-06-05T09:14:26.955466250Z: [   20.151328] clocksource: tsc: mask: 0xffffffffffffffff max_cycles: 0x25795e0299a, max_idle_ns: 440795269884 ns
[STDOUT  ] 2019-06-05T09:14:26.955480519Z: [   20.152468] clocksource: Switched to clocksource tsc
[STDOUT  ] 2019-06-05T09:14:26.955494618Z: [   20.245809] Key type big_key registered
[STDOUT  ] 2019-06-05T09:14:26.955513317Z: [   20.357692] Key type trusted registered
[STDOUT  ] 2019-06-05T09:14:26.955533589Z: [   20.478696] Key type encrypted registered
[STDOUT  ] 2019-06-05T09:14:26.955548179Z: [   20.479929] ima: No TPM chip found, activating TPM-bypass!
[STDOUT  ] 2019-06-05T09:14:26.955562336Z: [   20.481311] ima: Allocated hash algorithm: sha256
[STDOUT  ] 2019-06-05T09:14:26.955576677Z: [   20.485432] evm: Initialising EVM extended attributes:
[STDOUT  ] 2019-06-05T09:14:26.955590585Z: [   20.485886] evm: security.ima
[STDOUT  ] 2019-06-05T09:14:26.955604881Z: [   20.486330] evm: security.capability
[STDOUT  ] 2019-06-05T09:14:26.955619515Z: [   20.486630] evm: HMAC attrs: 0x1
[STDOUT  ] 2019-06-05T09:14:26.955634739Z: [   20.498910] rtc_cmos 00:00: setting system clock to 2019-06-05 09:13:14 UTC (1559725994)
