[INFO    ] 2019-05-02T15:54:02.496549257Z: Running Test linuxkit.packages.format_mount.by_name in /tmp/build/test/cases/040_packages/006_format_mount/002_by_name
[STDERR  ] 2019-05-02T15:54:02.496687140Z: [    1.900034] pnp: PnP ACPI: found 5 devices
[STDERR  ] 2019-05-02T15:54:02.496714097Z: [    1.909979] clocksource: acpi_pm: mask: 0xffffff max_cycles: 0xffffff, max_idle_ns: 2085701024 ns
[STDERR  ] 2019-05-02T15:54:02.496730218Z: [    1.917871] NET: Registered protocol family 2
[STDERR  ] 2019-05-02T15:54:02.496764986Z: [    1.922717] tcp_listen_portaddr_hash hash table entries: 512 (order: 1, 8192 bytes)
[STDERR  ] 2019-05-02T15:54:02.496775813Z: [    1.929567] TCP established hash table entries: 8192 (order: 4, 65536 bytes)
[STDERR  ] 2019-05-02T15:54:02.496789477Z: [    1.935843] TCP bind hash table entries: 8192 (order: 5, 131072 bytes)
[STDERR  ] 2019-05-02T15:54:02.496798520Z: [    1.941615] TCP: Hash tables configured (established 8192 bind 8192)
[STDERR  ] 2019-05-02T15:54:02.496807274Z: [    1.947263] UDP hash table entries: 512 (order: 2, 16384 bytes)
[STDERR  ] 2019-05-02T15:54:02.496816819Z: [    1.952564] UDP-Lite hash table entries: 512 (order: 2, 16384 bytes)
[INFO    ] 2019-05-02T15:54:02.496701285Z: Running command: [/bin/sh -x /tmp/build/test/cases/040_packages/006_format_mount/002_by_name/test.sh]
[STDERR  ] 2019-05-02T15:54:02.496831892Z: [    1.958234] NET: Registered protocol family 1
[STDERR  ] 2019-05-02T15:54:02.496896986Z: [    1.962196] NET: Registered protocol famil
[STDERR  ] 2019-05-02T15:54:02.503094912Z: + set -e
[STDERR  ] 2019-05-02T15:54:02.503166391Z: + . /tmp/build/test/cases/_lib/lib.sh
[STDERR  ] 2019-05-02T15:54:02.503181616Z: + [ -f src/github.com/linuxkit/rtf/lib/lib.sh ]
[STDERR  ] 2019-05-02T15:54:02.503190304Z: + LINUXKIT_TMPDIR=/tmp/build/test/cases/_tmp
[STDERR  ] 2019-05-02T15:54:02.503199415Z: + [ -f /tmp/build/test/cases/_tmp/env.sh ]
[STDERR  ] 2019-05-02T15:54:02.503208156Z: + . /tmp/build/test/cases/_tmp/env.sh
[STDERR  ] 2019-05-02T15:54:02.503218073Z: + export LINUXKIT_EXAMPLES_DIR=/tmp/build/test/cases/../../examples
[STDERR  ] 2019-05-02T15:54:02.503227327Z: + RT_CANCEL=253
[STDERR  ] 2019-05-02T15:54:02.503236394Z: + NAME=test-format
[STDERR  ] 2019-05-02T15:54:02.503246937Z: + DISK=disk.img
[STDERR  ] 2019-05-02T15:54:02.503256834Z: + trap clean_up EXIT
[STDERR  ] 2019-05-02T15:54:02.503265307Z: + [ linux = osx ]
[STDERR  ] 2019-05-02T15:54:02.503274274Z: + DEVICE=/dev/sda
[STDERR  ] 2019-05-02T15:54:02.503282355Z: + sed -e s,@DEVICE@,/dev/sda,g test.yml.in
[STDERR  ] 2019-05-02T15:54:02.572180933Z: + linuxkit build -format kernel+initrd -name test-format test.yml
[STDERR  ] 2019-05-02T15:54:02.607294608Z: Extract kernel image: linuxkit/kernel:4.19.37
[STDERR  ] 2019-05-02T15:54:04.540669294Z: Add init containers:
[STDERR  ] 2019-05-02T15:54:04.540728522Z: Process init image: linuxkit/init:v0.7
[STDERR  ] 2019-05-02T15:54:05.753925834Z: Process init image: linuxkit/runc:v0.7
[STDERR  ] 2019-05-02T15:54:06.877382481Z: Add onboot containers:
[STDERR  ] 2019-05-02T15:54:06.877455021Z:   Create OCI config for linuxkit/format:v0.7
[STDERR  ] 2019-05-02T15:54:08.192779398Z:   Create OCI config for linuxkit/mount:v0.7
[STDERR  ] 2019-05-02T15:54:09.495421534Z:   Create OCI config for alpine:3.9
[STDERR  ] 2019-05-02T15:54:10.656663350Z:   Create OCI config for linuxkit/poweroff:b498d30dd9660090565537fceb9e757618737a85
[STDERR  ] 2019-05-02T15:54:11.798967611Z: Add files:
[STDERR  ] 2019-05-02T15:54:11.799033953Z:   check.sh
[STDERR  ] 2019-05-02T15:54:11.836482851Z: Create outputs:
[STDERR  ] 2019-05-02T15:54:19.012480229Z:   test-format-kernel test-format-initrd.img test-format-cmdline
[STDERR  ] 2019-05-02T15:54:19.084398337Z: + linuxkit run -disk file=disk.img,size=512M test-format
[STDERR  ] 2019-05-02T15:54:36.168232582Z: + RESULT=[    0.000000] Linux version 4.19.37-linuxkit (root@9bd0936c34c9) (gcc version 8.3.0 (Alpine 8.3.0)) #1 SMP Sun Apr 28 13:08:11 UTC 2019
[STDERR  ] 2019-05-02T15:54:36.168307644Z: [    0.000000] Command line: console=ttyS0 console=ttyAMA0
[STDERR  ] 2019-05-02T15:54:36.168344361Z: [    0.000000] x86/fpu: x87 FPU will use FXSAVE
[STDERR  ] 2019-05-02T15:54:36.168358748Z: [    0.000000] BIOS-provided physical RAM map:
[STDERR  ] 2019-05-02T15:54:36.168372349Z: [    0.000000] BIOS-e820: [mem 0x0000000000000000-0x000000000009fbff] usable
[STDERR  ] 2019-05-02T15:54:36.168385748Z: [    0.000000] BIOS-e820: [mem 0x000000000009fc00-0x000000000009ffff] reserved
[STDERR  ] 2019-05-02T15:54:36.168398151Z: [    0.000000] BIOS-e820: [mem 0x00000000000f0000-0x00000000000fffff] reserved
[STDERR  ] 2019-05-02T15:54:36.168410400Z: [    0.000000] BIOS-e820: [mem 0x0000000000100000-0x000000003ffdefff] usable
[STDERR  ] 2019-05-02T15:54:36.168423336Z: [    0.000000] BIOS-e820: [mem 0x000000003ffdf000-0x000000003fffffff] reserved
[STDERR  ] 2019-05-02T15:54:36.168435337Z: [    0.000000] BIOS-e820: [mem 0x00000000b0000000-0x00000000bfffffff] reserved
[STDERR  ] 2019-05-02T15:54:36.168447656Z: [    0.000000] BIOS-e820: [mem 0x00000000fed1c000-0x00000000fed1ffff] reserved
[STDERR  ] 2019-05-02T15:54:36.168459173Z: [    0.000000] BIOS-e820: [mem 0x00000000feffc000-0x00000000feffffff] reserved
[STDERR  ] 2019-05-02T15:54:36.168470355Z: [    0.000000] BIOS-e820: [mem 0x00000000fffc0000-0x00000000ffffffff] reserved
[STDERR  ] 2019-05-02T15:54:36.168492959Z: [    0.000000] NX (Execute Disable) protection: active
[STDERR  ] 2019-05-02T15:54:36.168505573Z: [    0.000000] SMBIOS 2.8 present.
[STDERR  ] 2019-05-02T15:54:36.168517876Z: [    0.000000] DMI: QEMU Standard PC (Q35 + ICH9, 2009), BIOS 1.10.2-1 04/01/2014
[STDERR  ] 2019-05-02T15:54:36.168529507Z: [    0.000000] Hypervisor detected: KVM
[STDERR  ] 2019-05-02T15:54:36.168540888Z: [    0.000000] kvm-clock: Using msrs 4b564d01 and 4b564d00
[STDERR  ] 2019-05-02T15:54:36.168552494Z: [    0.541820] kvm-clock: cpu 0, msr 3581c001, primary cpu clock
[STDERR  ] 2019-05-02T15:54:36.168565474Z: [    0.541820] clocksource: kvm-clock: mask: 0xffffffffffffffff max_cycles: 0x1cd42e4dffb, max_idle_ns: 881590591483 ns
[STDERR  ] 2019-05-02T15:54:36.168582916Z: [    0.541829] tsc: Detected 2299.784 MHz processor
[STDERR  ] 2019-05-02T15:54:36.168599207Z: [    0.545009] last_pfn = 0x3ffdf max_arch_pfn = 0x400000000
[STDERR  ] 2019-05-02T15:54:36.168612103Z: [    0.545599] x86/PAT: PAT not supported by CPU.
[STDERR  ] 2019-05-02T15:54:36.168624710Z: [    0.545660] x86/PAT: Configuration [0-7]: WB  WT  UC- UC  WB  WT  UC- UC  
[STDERR  ] 2019-05-02T15:54:36.168638262Z: [    0.556589] found SMP MP-table at [mem 0x000f6a90-0x000f6a9f]
[STDERR  ] 2019-05-02T15:54:36.168651126Z: [    0.556889] RAMDISK: [mem 0x3d6a9000-0x3ffcffff]
[STDERR  ] 2019-05-02T15:54:36.168663347Z: [    0.557104] ACPI: Early table checksum verification disabled
[STDERR  ] 2019-05-02T15:54:36.168675503Z: [    0.557240] ACPI: RSDP 0x00000000000F68D0 000014 (v00 BOCHS )
[STDERR  ] 2019-05-02T15:54:36.168687484Z: [    0.557249] ACPI: RSDT 0x000000003FFE2404 000034 (v01 BOCHS  BXPCRSDT 00000001 BXPC 00000001)
[STDERR  ] 2019-05-02T15:54:36.168700631Z: [    0.557267] ACPI: FACP 0x000000003FFE22A4 000074 (v01 BOCHS  BXPCFACP 00000001 BXPC 00000001)
[STDERR  ] 2019-05-02T15:54:36.168715813Z: [    0.557274] ACPI: DSDT 0x000000003FFE0040 002264 (v01 BOCHS  BXPCDSDT 00000001 BXPC 00000001)
[STDERR  ] 2019-05-02T15:54:36.168727733Z: [    0.557278] ACPI: FACS 0x000000003FFE0000 000040
[STDERR  ] 2019-05-02T15:54:36.168740060Z: [    0.557282] ACPI: APIC 0x000000003FFE2318 000078 (v01 BOCHS  BXPCAPIC 00000001 BXPC 00000001)
[STDERR  ] 2019-05-02T15:54:36.168752102Z: [    0.557286] ACPI: HPET 0x000000003FFE2390 000038 (v01 BOCHS  BXPCHPET 00000001 BXPC 00000001)
[STDERR  ] 2019-05-02T15:54:36.168764202Z: [    0.557290] ACPI: MCFG 0x000000003FFE23C8 00003C (v01 BOCHS  BXPCMCFG 00000001 BXPC 00000001)
[STDERR  ] 2019-05-02T15:54:36.168776238Z: [    0.558042] Zone ranges:
[STDERR  ] 2019-05-02T15:54:36.168789609Z: [    0.558044]   DMA      [mem 0x0000000000001000-0x0000000000ffffff]
[STDERR  ] 2019-05-02T15:54:36.168802744Z: [    0.558046]   DMA32    [mem 0x0000000001000000-0x000000003ffdefff]
[STDERR  ] 2019-05-02T15:54:36.168822991Z: [    0.558048]   Normal   empty
[STDERR  ] 2019-05-02T15:54:36.168834864Z: [    0.558049]   Device   empty
[STDERR  ] 2019-05-02T15:54:36.168847032Z: [    0.558051] Movable zone start for each node
[STDERR  ] 2019-05-02T15:54:36.168859209Z: [    0.558052] Early memory node ranges
[STDERR  ] 2019-05-02T15:54:36.168872095Z: [    0.558054]   node   0: [mem 0x0000000000001000-0x000000000009efff]
[STDERR  ] 2019-05-02T15:54:36.168887014Z: [    0.558055]   node   0: [mem 0x0000000000100000-0x000000003ffdefff]
[STDERR  ] 2019-05-02T15:54:36.168897973Z: [    0.558574] Reserved but unavailable: 98 pages
[STDERR  ] 2019-05-02T15:54:36.168909242Z: [    0.558576] Initmem setup node 0 [mem 0x0000000000001000-0x000000003ffdefff]
[STDERR  ] 2019-05-02T15:54:36.168920211Z: [    0.569815] ACPI: PM-Timer IO Port: 0x608
[STDERR  ] 2019-05-02T15:54:36.168932610Z: [    0.569863] ACPI: LAPIC_NMI (acpi_id[0xff] dfl dfl lint[0x1])
[STDERR  ] 2019-05-02T15:54:36.168945427Z: [    0.570103] IOAPIC[0]: apic_id 0, version 17, address 0xfec00000, GSI 0-23
[STDERR  ] 2019-05-02T15:54:36.168958436Z: [    0.570106] ACPI: INT_SRC_OVR (bus 0 bus_irq 0 global_irq 2 dfl dfl)
[STDERR  ] 2019-05-02T15:54:36.168970887Z: [    0.570108] ACPI: INT_SRC_OVR (bus 0 bus_irq 5 global_irq 5 high level)
[STDERR  ] 2019-05-02T15:54:36.168985826Z: [    0.570110] ACPI: INT_SRC_OVR (bus 0 bus_irq 9 global_irq 9 high level)
[STDERR  ] 2019-05-02T15:54:36.168998073Z: [    0.570116] ACPI: INT_SRC_OVR (bus 0 bus_irq 10 global_irq 10 high level)
[STDERR  ] 2019-05-02T15:54:36.169009819Z: [    0.570117] ACPI: INT_SRC_OVR (bus 0 bus_irq 11 global_irq 11 high level)
[STDERR  ] 2019-05-02T15:54:36.169021408Z: [    0.570125] Using ACPI (MADT) for SMP configuration information
[STDERR  ] 2019-05-02T15:54:36.169039595Z: [    0.570127] ACPI: HPET id: 0x8086a201 base: 0xfed00000
[STDERR  ] 2019-05-02T15:54:36.169052607Z: [    0.570160] smpboot: Allowing 1 CPUs, 0 hotplug CPUs
[STDERR  ] 2019-05-02T15:54:36.169078969Z: [    0.570267] [mem 0x40000000-0xafffffff] available for PCI devices
[STDERR  ] 2019-05-02T15:54:36.169125738Z: [    0.570268] Booting paravirtualized kernel on KVM
[STDERR  ] 2019-05-02T15:54:36.169151969Z: [    0.570270] clocksource: refined-jiffies: mask: 0xffffffff max_cycles: 0xffffffff, max_idle_ns: 1910969940391419 ns
[STDERR  ] 2019-05-02T15:54:36.169168494Z: [    0.672699] random: get_random_bytes called from start_kernel+0x91/0x512 with crng_init=0
[STDERR  ] 2019-05-02T15:54:36.169181535Z: [    0.672721] setup_percpu: NR_CPUS:128 nr_cpumask_bits:128 nr_cpu_ids:1 nr_node_ids:1
[STDERR  ] 2019-05-02T15:54:36.169193838Z: [    0.673456] percpu: Embedded 45 pages/cpu s145112 r8192 d31016 u2097152
[STDERR  ] 2019-05-02T15:54:36.169205415Z: [    0.673563] KVM setup async PF for cpu 0
[STDERR  ] 2019-05-02T15:54:36.169217303Z: [    0.673612] kvm-stealtime: cpu 0, msr 3c215e80
[STDERR  ] 2019-05-02T15:54:36.169228996Z: [    0.673645] Built 1 zonelists, mobility grouping on.  Total pages: 257896
[STDERR  ] 2019-05-02T15:54:36.169241982Z: [    0.673647] Kernel command line: console=ttyS0 console=ttyAMA0
[STDERR  ] 2019-05-02T15:54:36.169254089Z: [    0.673781] Dentry cache hash table entries: 131072 (order: 8, 1048576 bytes)
[STDERR  ] 2019-05-02T15:54:36.169266363Z: [    0.673861] Inode-cache hash table entries: 65536 (order: 7, 524288 bytes)
[STDERR  ] 2019-05-02T15:54:36.169279273Z: [    0.677268] Memory: 959612K/1048052K available (12300K kernel code, 1581K rwdata, 3056K rodata, 1584K init, 2028K bss, 88440K reserved, 0K cma-reserved)
[STDERR  ] 2019-05-02T15:54:36.169292178Z: [    0.677972] Kernel/User page tables isolation: enabled
[STDERR  ] 2019-05-02T15:54:36.169305193Z: [    0.678066] ftrace: allocating 43057 entries in 169 pages
[STDERR  ] 2019-05-02T15:54:36.169317493Z: [    0.699744] rcu: Hierarchical RCU implementation.
[STDERR  ] 2019-05-02T15:54:36.169330755Z: [    0.699748] rcu: 	RCU restricting CPUs from NR_CPUS=128 to nr_cpu_ids=1.
[STDERR  ] 2019-05-02T15:54:36.169343689Z: [    0.699749] rcu: Adjusting geometry for rcu_fanout_leaf=16, nr_cpu_ids=1
[STDERR  ] 2019-05-02T15:54:36.169367312Z: [    0.702675] NR_IRQS: 8448, nr_irqs: 256, preallocated irqs: 16
[STDERR  ] 2019-05-02T15:54:36.169379347Z: [    0.728854] Console: colour VGA+ 80x25
[STDERR  ] 2019-05-02T15:54:36.169392428Z: [    1.129625] console [ttyS0] enabled
[STDERR  ] 2019-05-02T15:54:36.169408358Z: [    1.132493] ACPI: Core revision 20180810
[STDERR  ] 2019-05-02T15:54:36.169420473Z: [    1.136620] clocksource: hpet: mask: 0xffffffff max_cycles: 0xffffffff, max_idle_ns: 19112604467 ns
[STDERR  ] 2019-05-02T15:54:36.169433052Z: [    1.144495] APIC: Switch to symmetric I/O mode setup
[STDERR  ] 2019-05-02T15:54:36.169445272Z: [    1.150735] x2apic enabled
[STDERR  ] 2019-05-02T15:54:36.169457347Z: [    1.155098] Switched APIC routing to physical x2apic.
[STDERR  ] 2019-05-02T15:54:36.169473272Z: [    1.169216] ..TIMER: vector=0x30 apic1=0 pin1=2 apic2=-1 pin2=-1
[STDERR  ] 2019-05-02T15:54:36.169486006Z: [    1.174212] clocksource: tsc-early: mask: 0xffffffffffffffff max_cycles: 0x2126693660a, max_idle_ns: 440795320783 ns
[STDERR  ] 2019-05-02T15:54:36.169497995Z: [    1.182653] Calibrating delay loop (skipped) preset value.. 4599.56 BogoMIPS (lpj=2299784)
[STDERR  ] 2019-05-02T15:54:36.169511323Z: [    1.183627] pid_max: default: 32768 minimum: 301
[STDERR  ] 2019-05-02T15:54:36.169525059Z: [    1.184732] Security Framework initialized
[STDERR  ] 2019-05-02T15:54:36.169537260Z: [    1.185626] Yama: becoming mindful.
[STDERR  ] 2019-05-02T15:54:36.169549342Z: [    1.186663] Mount-cache hash table entries: 2048 (order: 2, 16384 bytes)
[STDERR  ] 2019-05-02T15:54:36.169562145Z: [    1.187628] Mountpoint-cache hash table entries: 2048 (order: 2, 16384 bytes)
[STDERR  ] 2019-05-02T15:54:36.169578384Z: [    1.190674] Last level iTLB entries: 4KB 0, 2MB 0, 4MB 0
[STDERR  ] 2019-05-02T15:54:36.169589918Z: [    1.191627] Last level dTLB entries: 4KB 0, 2MB 0, 4MB 0, 1GB 0
[STDERR  ] 2019-05-02T15:54:36.169604354Z: [    1.192629] Spectre V2 : Mitigation: Full generic retpoline
[STDERR  ] 2019-05-02T15:54:36.169619716Z: [    1.193623] Spectre V2 : Spectre v2 / SpectreRSB mitigation: Filling RSB on context switch
[STDERR  ] 2019-05-02T15:54:36.169633183Z: [    1.194626] Speculative Store Bypass: Vulnerable
[STDERR  ] 2019-05-02T15:54:36.169646654Z: [    1.206334] Freeing SMP alternatives memory: 20K
[STDERR  ] 2019-05-02T15:54:36.169658487Z: [    1.208618] smpboot: CPU0: Intel QEMU Virtual CPU version 2.5+ (family: 0x6, model: 0x6, stepping: 0x3)
[STDERR  ] 2019-05-02T15:54:36.169671255Z: [    1.208802] Performance Events: PMU not available due to virtualization, using software events only.
[STDERR  ] 2019-05-02T15:54:36.169687286Z: [    1.210916] rcu: Hierarchical SRCU implementation.
[STDERR  ] 2019-05-02T15:54:36.169705096Z: [    1.211760] NMI watchdog: Perf NMI watchdog permanently disabled
[STDERR  ] 2019-05-02T15:54:36.169718013Z: [    1.213697] smp: Bringing up secondary CPUs ...
[STDERR  ] 2019-05-02T15:54:36.169730548Z: [    1.214625] smp: Brought up 1 node, 1 CPU
[STDERR  ] 2019-05-02T15:54:36.169746159Z: [    1.215622] smpboot: Max logical packages: 1
[STDERR  ] 2019-05-02T15:54:36.169757945Z: [    1.216623] smpboot: Total of 1 processors activated (4599.56 BogoMIPS)
[STDERR  ] 2019-05-02T15:54:36.169772741Z: [    1.218849] devtmpfs: initialized
[STDERR  ] 2019-05-02T15:54:36.169784183Z: [    1.219685] x86/mm: Memory block size: 128MB
[STDERR  ] 2019-05-02T15:54:36.169796204Z: [    1.221683] clocksource: jiffies: mask: 0xffffffff max_cycles: 0xffffffff, max_idle_ns: 1911260446275000 ns
[STDERR  ] 2019-05-02T15:54:36.169808137Z: [    1.222630] futex hash table entries: 256 (order: 2, 16384 bytes)
[STDERR  ] 2019-05-02T15:54:36.169819919Z: [    1.223915] NET: Registered protocol family 16
[STDERR  ] 2019-05-02T15:54:36.169833270Z: [    1.224794] audit: initializing netlink subsys (disabled)
[STDERR  ] 2019-05-02T15:54:36.169845698Z: [    1.225769] cpuidle: using governor ladder
[STDERR  ] 2019-05-02T15:54:36.169857893Z: [    1.226624] cpuidle: using governor menu
[STDERR  ] 2019-05-02T15:54:36.169876642Z: [    1.227779] ACPI: bus type PCI registered
[STDERR  ] 2019-05-02T15:54:36.169892506Z: [    1.229087] PCI: MMCONFIG for domain 0000 [bus 00-ff] at [mem 0xb0000000-0xbfffffff] (base 0xb0000000)
[STDERR  ] 2019-05-02T15:54:36.169904986Z: [    1.229632] audit: type=2000 audit(1556812459.965:1): state=initialized audit_enabled=0 res=1
[STDERR  ] 2019-05-02T15:54:36.169920687Z: [    1.230634] PCI: MMCONFIG at [mem 0xb0000000-0xbfffffff] reserved in E820
[STDERR  ] 2019-05-02T15:54:36.169931964Z: [    1.231642] PCI: Using configuration type 1 for base access
[STDERR  ] 2019-05-02T15:54:36.169944386Z: [    1.235219] HugeTLB registered 2.00 MiB page size, pre-allocated 0 pages
[STDERR  ] 2019-05-02T15:54:36.169956733Z: [    1.235774] cryptd: max_cpu_qlen set to 1000
[STDERR  ] 2019-05-02T15:54:36.169969121Z: [    1.236787] ACPI: Added _OSI(Module Device)
[STDERR  ] 2019-05-02T15:54:36.169981268Z: [    1.237630] ACPI: Added _OSI(Processor Device)
[STDERR  ] 2019-05-02T15:54:36.169993663Z: [    1.238623] ACPI: Added _OSI(3.0 _SCP Extensions)
[STDERR  ] 2019-05-02T15:54:36.170005751Z: [    1.239623] ACPI: Added _OSI(Processor Aggregator Device)
[STDERR  ] 2019-05-02T15:54:36.170017623Z: [    1.240640] ACPI: Added _OSI(Linux-Dell-Video)
[STDERR  ] 2019-05-02T15:54:36.170029507Z: [    1.241623] ACPI: Added _OSI(Linux-Lenovo-NV-HDMI-Audio)
[STDERR  ] 2019-05-02T15:54:36.170041655Z: [    1.244426] ACPI: 1 ACPI AML tables successfully acquired and loaded
[STDERR  ] 2019-05-02T15:54:36.170053699Z: [    1.247793] ACPI: Interpreter enabled
[STDERR  ] 2019-05-02T15:54:36.170065814Z: [    1.248631] ACPI: (supports S0 S5)
[STDERR  ] 2019-05-02T15:54:36.170085665Z: [    1.249624] ACPI: Using IOAPIC for interrupt routing
[STDERR  ] 2019-05-02T15:54:36.170100894Z: [    1.250669] PCI: Using host bridge windows from ACPI; if necessary, use "pci=nocrs" and report a bug
[STDERR  ] 2019-05-02T15:54:36.170112857Z: [    1.251897] ACPI: Enabled 2 GPEs in block 00 to 3F
[STDERR  ] 2019-05-02T15:54:36.170124134Z: [    1.257065] ACPI: PCI Root Bridge [PCI0] (domain 0000 [bus 00-ff])
[STDERR  ] 2019-05-02T15:54:36.170135979Z: [    1.257630] acpi PNP0A08:00: _OSC: OS supports [ExtendedConfig ASPM ClockPM Segments MSI]
[STDERR  ] 2019-05-02T15:54:36.170159702Z: [    1.258735] acpi PNP0A08:00: _OSC: platform does not support [SHPCHotplug LTR]
[STDERR  ] 2019-05-02T15:54:36.170172493Z: [    1.259726] acpi PNP0A08:00: _OSC: OS now controls [PCIeHotplug PME PCIeCapability]
[STDERR  ] 2019-05-02T15:54:36.170184248Z: [    1.260711] PCI host bridge to bus 0000:00
[STDERR  ] 2019-05-02T15:54:36.170198928Z: [    1.261627] pci_bus 0000:00: root bus resource [io  0x0000-0x0cf7 window]
[STDERR  ] 2019-05-02T15:54:36.170210834Z: [    1.262625] pci_bus 0000:00: root bus resource [io  0x0d00-0xffff window]
[STDERR  ] 2019-05-02T15:54:36.170222871Z: [    1.263624] pci_bus 0000:00: root bus resource [mem 0x000a0000-0x000bffff window]
[STDERR  ] 2019-05-02T15:54:36.170234503Z: [    1.264625] pci_bus 0000:00: root bus resource [mem 0xc0000000-0xfebfffff window]
[STDERR  ] 2019-05-02T15:54:36.170249489Z: [    1.265625] pci_bus 0000:00: root bus resource [bus 00-ff]
[STDERR  ] 2019-05-02T15:54:36.170261789Z: [    1.334679] pci 0000:00:1f.0: quirk: [io  0x0600-0x067f] claimed by ICH6 ACPI/GPIO/TCO
[STDERR  ] 2019-05-02T15:54:36.170274630Z: [    1.361388] ACPI: PCI Interrupt Link [LNKA] (IRQs 5 *10 11)
[STDERR  ] 2019-05-02T15:54:36.170289567Z: [    1.362715] ACPI: PCI Interrupt Link [LNKB] (IRQs 5 *10 11)
[STDERR  ] 2019-05-02T15:54:36.170301247Z: [    1.363906] ACPI: PCI Interrupt Link [LNKC] (IRQs 5 10 *11)
[STDERR  ] 2019-05-02T15:54:36.170312633Z: [    1.364906] ACPI: PCI Interrupt Link [LNKD] (IRQs 5 10 *11)
[STDERR  ] 2019-05-02T15:54:36.170325816Z: [    1.366625] ACPI: PCI Interrupt Link [LNKE] (IRQs 5 *10 11)
[STDERR  ] 2019-05-02T15:54:36.170338580Z: [    1.367897] ACPI: PCI Interrupt Link [LNKF] (IRQs 5 *10 11)
[STDERR  ] 2019-05-02T15:54:36.170350865Z: [    1.368903] ACPI: PCI Interrupt Link [LNKG] (IRQs 5 10 *11)
[STDERR  ] 2019-05-02T15:54:36.170369862Z: [    1.369887] ACPI: PCI Interrupt Link [LNKH] (IRQs 5 10 *11)
[STDERR  ] 2019-05-02T15:54:36.170386472Z: [    1.370768] ACPI: PCI Interrupt Link [GSIA] (IRQs *16)
[STDERR  ] 2019-05-02T15:54:36.170399153Z: [    1.371642] ACPI: PCI Interrupt Link [GSIB] (IRQs *17)
[STDERR  ] 2019-05-02T15:54:36.170411562Z: [    1.372641] ACPI: PCI Interrupt Link [GSIC] (IRQs *18)
[STDERR  ] 2019-05-02T15:54:36.170424008Z: [    1.373634] ACPI: PCI Interrupt Link [GSID] (IRQs *19)
[STDERR  ] 2019-05-02T15:54:36.170436276Z: [    1.374637] ACPI: PCI Interrupt Link [GSIE] (IRQs *20)
[STDERR  ] 2019-05-02T15:54:36.170451127Z: [    1.375636] ACPI: PCI Interrupt Link [GSIF] (IRQs *21)
[STDERR  ] 2019-05-02T15:54:36.170463245Z: [    1.376637] ACPI: PCI Interrupt Link [GSIG] (IRQs *22)
[STDERR  ] 2019-05-02T15:54:36.170475973Z: [    1.377637] ACPI: PCI Interrupt Link [GSIH] (IRQs *23)
[STDERR  ] 2019-05-02T15:54:36.170487202Z: [    1.379834] SCSI subsystem initialized
[STDERR  ] 2019-05-02T15:54:36.170499758Z: [    1.380752] ACPI: bus type USB registered
[STDERR  ] 2019-05-02T15:54:36.170511744Z: [    1.381654] usbcore: registered new interface driver usbfs
[STDERR  ] 2019-05-02T15:54:36.170523686Z: [    1.382641] usbcore: registered new interface driver hub
[STDERR  ] 2019-05-02T15:54:36.170539931Z: [    1.383653] usbcore: registered new device driver usb
[STDERR  ] 2019-05-02T15:54:36.170552088Z: [    1.384651] pps_core: LinuxPPS API ver. 1 registered
[STDERR  ] 2019-05-02T15:54:36.170564254Z: [    1.385622] pps_core: Software ver. 5.3.6 - Copyright 2005-2007 Rodolfo Giometti <giometti@linux.it>
[STDERR  ] 2019-05-02T15:54:36.170577384Z: [    1.386635] PTP clock support registered
[STDERR  ] 2019-05-02T15:54:36.170592396Z: [    1.387729] PCI: Using ACPI for IRQ routing
[STDERR  ] 2019-05-02T15:54:36.170604936Z: [    1.831526] NetLabel: Initializing
[STDERR  ] 2019-05-02T15:54:36.170617078Z: [    1.831622] NetLabel:  domain hash size = 128
[STDERR  ] 2019-05-02T15:54:36.170629208Z: [    1.832622] NetLabel:  protocols = UNLABELED CIPSOv4 CALIPSO
[STDERR  ] 2019-05-02T15:54:36.170640714Z: [    1.833657] NetLabel:  unlabeled traffic allowed by default
[STDERR  ] 2019-05-02T15:54:36.170652111Z: [    1.834786] HPET: 3 timers in total, 0 timers will be used for per-cpu timer
[STDERR  ] 2019-05-02T15:54:36.170663511Z: [    1.835727] hpet0: at MMIO 0xfed00000, IRQs 2, 8, 0
[STDERR  ] 2019-05-02T15:54:36.170675135Z: [    1.836623] hpet0: 3 comparators, 64-bit 100.000000 MHz counter
[STDERR  ] 2019-05-02T15:54:36.170686567Z: [    1.841634] clocksource: Switched to clocksource kvm-clock
[STDERR  ] 2019-05-02T15:54:36.170700948Z: [    1.868538] VFS: Disk quotas dquot_6.6.0
[STDERR  ] 2019-05-02T15:54:36.170712653Z: [    1.872132] VFS: Dquot-cache hash table entries: 512 (order 0, 4096 bytes)
[STDERR  ] 2019-05-02T15:54:36.170724007Z: [    1.878290] FS-Cache: Loaded
[STDERR  ] 2019-05-02T15:54:36.170736565Z: [    1.880990] CacheFiles: Loaded
[STDERR  ] 2019-05-02T15:54:36.170748921Z: [    1.883769] pnp: PnP ACPI init
[STDERR  ] 2019-05-02T15:54:36.170761134Z: [    1.887737] pnp: PnP ACPI: found 5 devices
[STDERR  ] 2019-05-02T15:54:36.170773478Z: [    1.897762] clocksource: acpi_pm: mask: 0xffffff max_cycles: 0xffffff, max_idle_ns: 2085701024 ns
[STDERR  ] 2019-05-02T15:54:36.170785878Z: [    1.905766] NET: Registered protocol family 2
[STDERR  ] 2019-05-02T15:54:36.170798278Z: [    1.910589] tcp_listen_portaddr_hash hash table entries: 512 (order: 1, 8192 bytes)
[STDERR  ] 2019-05-02T15:54:36.170810527Z: [    1.917430] TCP established hash table entries: 8192 (order: 4, 65536 bytes)
[STDERR  ] 2019-05-02T15:54:36.170823125Z: [    1.923696] TCP bind hash table entries: 8192 (order: 5, 131072 bytes)
[STDERR  ] 2019-05-02T15:54:36.170835619Z: [    1.929543] TCP: Hash tables configured (established 8192 bind 8192)
[STDERR  ] 2019-05-02T15:54:36.170847878Z: [    1.935174] UDP hash table entries: 512 (order: 2, 16384 bytes)
[STDOUT  ] 2019-05-02T15:54:36.171162878Z: [    0.000000] Linux version 4.19.37-linuxkit (root@9bd0936c34c9) (gcc version 8.3.0 (Alpine 8.3.0)) #1 SMP Sun Apr 28 13:08:11 UTC 2019
[STDOUT  ] 2019-05-02T15:54:36.171230492Z: [    0.000000] Command line: console=ttyS0 console=ttyAMA0
[STDOUT  ] 2019-05-02T15:54:36.171243845Z: [    0.000000] x86/fpu: x87 FPU will use FXSAVE
[STDOUT  ] 2019-05-02T15:54:36.171264120Z: [    0.000000] BIOS-provided physical RAM map:
[STDOUT  ] 2019-05-02T15:54:36.171275027Z: [    0.000000] BIOS-e820: [mem 0x0000000000000000-0x000000000009fbff] usable
[STDOUT  ] 2019-05-02T15:54:36.171291713Z: [    0.000000] BIOS-e820: [mem 0x000000000009fc00-0x000000000009ffff] reserved
[STDOUT  ] 2019-05-02T15:54:36.171454092Z: [    0.000000] BIOS-e820: [mem 0x00000000000f0000-0x00000000000fffff] reserved
[STDOUT  ] 2019-05-02T15:54:36.171474570Z: [    0.000000] BIOS-e820: [mem 0x0000000000100000-0x000000003ffdefff] usable
[STDOUT  ] 2019-05-02T15:54:36.171485094Z: [    0.000000] BIOS-e820: [mem 0x000000003ffdf000-0x000000003fffffff] reserved
[STDOUT  ] 2019-05-02T15:54:36.171500252Z: [    0.000000] BIOS-e820: [mem 0x00000000b0000000-0x00000000bfffffff] reserved
[STDOUT  ] 2019-05-02T15:54:36.171510357Z: [    0.000000] BIOS-e820: [mem 0x00000000fed1c000-0x00000000fed1ffff] reserved
[STDOUT  ] 2019-05-02T15:54:36.171520611Z: [    0.000000] BIOS-e820: [mem 0x00000000feffc000-0x00000000feffffff] reserved
[STDOUT  ] 2019-05-02T15:54:36.171535597Z: [    0.000000] BIOS-e820: [mem 0x00000000fffc0000-0x00000000ffffffff] reserved
[STDOUT  ] 2019-05-02T15:54:36.171546084Z: [    0.000000] NX (Execute Disable) protection: active
[STDOUT  ] 2019-05-02T15:54:36.171562448Z: [    0.000000] SMBIOS 2.8 present.
[STDOUT  ] 2019-05-02T15:54:36.171573509Z: [    0.000000] DMI: QEMU Standard PC (Q35 + ICH9, 2009), BIOS 1.10.2-1 04/01/2014
[STDOUT  ] 2019-05-02T15:54:36.171589709Z: [    0.000000] Hypervisor detected: KVM
[STDOUT  ] 2019-05-02T15:54:36.171600716Z: [    0.000000] kvm-clock: Using msrs 4b564d01 and 4b564d00
[STDOUT  ] 2019-05-02T15:54:36.171616373Z: [    0.541820] kvm-clock: cpu 0, msr 3581c001, primary cpu clock
[STDOUT  ] 2019-05-02T15:54:36.171627201Z: [    0.541820] clocksource: kvm-clock: mask: 0xffffffffffffffff max_cycles: 0x1cd42e4dffb, max_idle_ns: 881590591483 ns
[STDOUT  ] 2019-05-02T15:54:36.171638733Z: [    0.541829] tsc: Detected 2299.784 MHz processor
[STDOUT  ] 2019-05-02T15:54:36.171659984Z: [    0.545009] last_pfn = 0x3ffdf max_arch_pfn = 0x400000000
[STDOUT  ] 2019-05-02T15:54:36.171671045Z: [    0.545599] x86/PAT: PAT not supported by CPU.
[STDOUT  ] 2019-05-02T15:54:36.171686465Z: [    0.545660] x86/PAT: Configuration [0-7]: WB  WT  UC- UC  WB  WT  UC- UC  
[STDOUT  ] 2019-05-02T15:54:36.171700704Z: [    0.556589] found SMP MP-table at [mem 0x000f6a90-0x000f6a9f]
[STDOUT  ] 2019-05-02T15:54:36.171716355Z: [    0.556889] RAMDISK: [mem 0x3d6a9000-0x3ffcffff]
[STDOUT  ] 2019-05-02T15:54:36.171726932Z: [    0.557104] ACPI: Early table checksum verification disabled
[STDOUT  ] 2019-05-02T15:54:36.171742403Z: [    0.557240] ACPI: RSDP 0x00000000000F68D0 000014 (v00 BOCHS )
[STDOUT  ] 2019-05-02T15:54:36.171753156Z: [    0.557249] ACPI: RSDT 0x000000003FFE2404 000034 (v01 BOCHS  BXPCRSDT 00000001 BXPC 00000001)
[STDOUT  ] 2019-05-02T15:54:36.171766846Z: [    0.557267] ACPI: FACP 0x000000003FFE22A4 000074 (v01 BOCHS  BXPCFACP 00000001 BXPC 00000001)
[STDOUT  ] 2019-05-02T15:54:36.171782570Z: [    0.557274] ACPI: DSDT 0x000000003FFE0040 002264 (v01 BOCHS  BXPCDSDT 00000001 BXPC 00000001)
[STDOUT  ] 2019-05-02T15:54:36.171792706Z: [    0.557278] ACPI: FACS 0x000000003FFE0000 000040
[STDOUT  ] 2019-05-02T15:54:36.171807943Z: [    0.557282] ACPI: APIC 0x000000003FFE2318 000078 (v01 BOCHS  BXPCAPIC 00000001 BXPC 00000001)
[STDOUT  ] 2019-05-02T15:54:36.171817965Z: [    0.557286] ACPI: HPET 0x000000003FFE2390 000038 (v01 BOCHS  BXPCHPET 00000001 BXPC 00000001)
[STDOUT  ] 2019-05-02T15:54:36.171835989Z: [    0.557290] ACPI: MCFG 0x000000003FFE23C8 00003C (v01 BOCHS  BXPCMCFG 00000001 BXPC 00000001)
[STDOUT  ] 2019-05-02T15:54:36.171854395Z: [    0.558042] Zone ranges:
[STDOUT  ] 2019-05-02T15:54:36.171864880Z: [    0.558044]   DMA      [mem 0x0000000000001000-0x0000000000ffffff]
[STDOUT  ] 2019-05-02T15:54:36.171885701Z: [    0.558046]   DMA32    [mem 0x0000000001000000-0x000000003ffdefff]
[STDOUT  ] 2019-05-02T15:54:36.171896154Z: [    0.558048]   Normal   empty
[STDOUT  ] 2019-05-02T15:54:36.171912791Z: [    0.558049]   Device   empty
[STDOUT  ] 2019-05-02T15:54:36.171924632Z: [    0.558051] Movable zone start for each node
[STDOUT  ] 2019-05-02T15:54:36.171939825Z: [    0.558052] Early memory node ranges
[STDOUT  ] 2019-05-02T15:54:36.171949917Z: [    0.558054]   node   0: [mem 0x0000000000001000-0x000000000009efff]
[STDOUT  ] 2019-05-02T15:54:36.171965820Z: [    0.558055]   node   0: [mem 0x0000000000100000-0x000000003ffdefff]
[STDOUT  ] 2019-05-02T15:54:36.171975583Z: [    0.558574] Reserved but unavailable: 98 pages
[STDOUT  ] 2019-05-02T15:54:36.171985719Z: [    0.558576] Initmem setup node 0 [mem 0x0000000000001000-0x000000003ffdefff]
[STDOUT  ] 2019-05-02T15:54:36.172001228Z: [    0.569815] ACPI: PM-Timer IO Port: 0x608
[STDOUT  ] 2019-05-02T15:54:36.172011509Z: [    0.569863] ACPI: LAPIC_NMI (acpi_id[0xff] dfl dfl lint[0x1])
[STDOUT  ] 2019-05-02T15:54:36.172026978Z: [    0.570103] IOAPIC[0]: apic_id 0, version 17, address 0xfec00000, GSI 0-23
[STDOUT  ] 2019-05-02T15:54:36.172036813Z: [    0.570106] ACPI: INT_SRC_OVR (bus 0 bus_irq 0 global_irq 2 dfl dfl)
[STDOUT  ] 2019-05-02T15:54:36.172051306Z: [    0.570108] ACPI: INT_SRC_OVR (bus 0 bus_irq 5 global_irq 5 high level)
[STDOUT  ] 2019-05-02T15:54:36.172061444Z: [    0.570110] ACPI: INT_SRC_OVR (bus 0 bus_irq 9 global_irq 9 high level)
[STDOUT  ] 2019-05-02T15:54:36.172085780Z: [    0.570116] ACPI: INT_SRC_OVR (bus 0 bus_irq 10 global_irq 10 high level)
[STDOUT  ] 2019-05-02T15:54:36.172097030Z: [    0.570117] ACPI: INT_SRC_OVR (bus 0 bus_irq 11 global_irq 11 high level)
[STDOUT  ] 2019-05-02T15:54:36.172107903Z: [    0.570125] Using ACPI (MADT) for SMP configuration information
[STDOUT  ] 2019-05-02T15:54:36.172123651Z: [    0.570127] ACPI: HPET id: 0x8086a201 base: 0xfed00000
[STDOUT  ] 2019-05-02T15:54:36.172134074Z: [    0.570160] smpboot: Allowing 1 CPUs, 0 hotplug CPUs
[STDOUT  ] 2019-05-02T15:54:36.172165239Z: [    0.570267] [mem 0x40000000-0xafffffff] available for PCI devices
[STDOUT  ] 2019-05-02T15:54:36.172175019Z: [    0.570268] Booting paravirtualized kernel on KVM
[STDOUT  ] 2019-05-02T15:54:36.172194449Z: [    0.570270] clocksource: refined-jiffies: mask: 0xffffffff max_cycles: 0xffffffff, max_idle_ns: 1910969940391419 ns
[STDOUT  ] 2019-05-02T15:54:36.172205495Z: [    0.672699] random: get_random_bytes called from start_kernel+0x91/0x512 with crng_init=0
[STDOUT  ] 2019-05-02T15:54:36.172222394Z: [    0.672721] setup_percpu: NR_CPUS:128 nr_cpumask_bits:128 nr_cpu_ids:1 nr_node_ids:1
[STDOUT  ] 2019-05-02T15:54:36.172233069Z: [    0.673456] percpu: Embedded 45 pages/cpu s145112 r8192 d31016 u2097152
[STDOUT  ] 2019-05-02T15:54:36.172244189Z: [    0.673563] KVM setup async PF for cpu 0
[STDOUT  ] 2019-05-02T15:54:36.172259825Z: [    0.673612] kvm-stealtime: cpu 0, msr 3c215e80
[STDOUT  ] 2019-05-02T15:54:36.172270060Z: [    0.673645] Built 1 zonelists, mobility grouping on.  Total pages: 257896
[STDOUT  ] 2019-05-02T15:54:36.172286154Z: [    0.673647] Kernel command line: console=ttyS0 console=ttyAMA0
[STDOUT  ] 2019-05-02T15:54:36.172296614Z: [    0.673781] Dentry cache hash table entries: 131072 (order: 8, 1048576 bytes)
[STDOUT  ] 2019-05-02T15:54:36.172312086Z: [    0.673861] Inode-cache hash table entries: 65536 (order: 7, 524288 bytes)
[STDOUT  ] 2019-05-02T15:54:36.172323423Z: [    0.677268] Memory: 959612K/1048052K available (12300K kernel code, 1581K rwdata, 3056K rodata, 1584K init, 2028K bss, 88440K reserved, 0K cma-reserved)
[STDOUT  ] 2019-05-02T15:54:36.172344940Z: [    0.677972] Kernel/User page tables isolation: enabled
[STDOUT  ] 2019-05-02T15:54:36.172355629Z: [    0.678066] ftrace: allocating 43057 entries in 169 pages
[STDOUT  ] 2019-05-02T15:54:36.172372032Z: [    0.699744] rcu: Hierarchical RCU implementation.
[STDOUT  ] 2019-05-02T15:54:36.172387939Z: [    0.699748] rcu: 	RCU restricting CPUs from NR_CPUS=128 to nr_cpu_ids=1.
[STDOUT  ] 2019-05-02T15:54:36.172405149Z: [    0.699749] rcu: Adjusting geometry for rcu_fanout_leaf=16, nr_cpu_ids=1
[STDOUT  ] 2019-05-02T15:54:36.172421354Z: [    0.702675] NR_IRQS: 8448, nr_irqs: 256, preallocated irqs: 16
[STDOUT  ] 2019-05-02T15:54:36.172432268Z: [    0.728854] Console: colour VGA+ 80x25
[STDOUT  ] 2019-05-02T15:54:36.172448307Z: [    1.129625] console [ttyS0] enabled
[STDOUT  ] 2019-05-02T15:54:36.172459283Z: [    1.132493] ACPI: Core revision 20180810
[STDOUT  ] 2019-05-02T15:54:36.172474853Z: [    1.136620] clocksource: hpet: mask: 0xffffffff max_cycles: 0xffffffff, max_idle_ns: 19112604467 ns
[STDOUT  ] 2019-05-02T15:54:36.172486273Z: [    1.144495] APIC: Switch to symmetric I/O mode setup
[STDOUT  ] 2019-05-02T15:54:36.172496829Z: [    1.150735] x2apic enabled
[STDOUT  ] 2019-05-02T15:54:36.172512348Z: [    1.155098] Switched APIC routing to physical x2apic.
[STDOUT  ] 2019-05-02T15:54:36.172523053Z: [    1.169216] ..TIMER: vector=0x30 apic1=0 pin1=2 apic2=-1 pin2=-1
[STDOUT  ] 2019-05-02T15:54:36.172539207Z: [    1.174212] clocksource: tsc-early: mask: 0xffffffffffffffff max_cycles: 0x2126693660a, max_idle_ns: 440795320783 ns
[STDOUT  ] 2019-05-02T15:54:36.172549889Z: [    1.182653] Calibrating delay loop (skipped) preset value.. 4599.56 BogoMIPS (lpj=2299784)
[STDOUT  ] 2019-05-02T15:54:36.172565916Z: [    1.183627] pid_max: default: 32768 minimum: 301
[STDOUT  ] 2019-05-02T15:54:36.172576071Z: [    1.184732] Security Framework initialized
[STDOUT  ] 2019-05-02T15:54:36.172586594Z: [    1.185626] Yama: becoming mindful.
[STDOUT  ] 2019-05-02T15:54:36.172602581Z: [    1.186663] Mount-cache hash table entries: 2048 (order: 2, 16384 bytes)
[STDOUT  ] 2019-05-02T15:54:36.172613004Z: [    1.187628] Mountpoint-cache hash table entries: 2048 (order: 2, 16384 bytes)
[STDOUT  ] 2019-05-02T15:54:36.172628466Z: [    1.190674] Last level iTLB entries: 4KB 0, 2MB 0, 4MB 0
[STDOUT  ] 2019-05-02T15:54:36.172639046Z: [    1.191627] Last level dTLB entries: 4KB 0, 2MB 0, 4MB 0, 1GB 0
[STDOUT  ] 2019-05-02T15:54:36.172654865Z: [    1.192629] Spectre V2 : Mitigation: Full generic retpoline
[STDOUT  ] 2019-05-02T15:54:36.172665245Z: [    1.193623] Spectre V2 : Spectre v2 / SpectreRSB mitigation: Filling RSB on context switch
[STDOUT  ] 2019-05-02T15:54:36.172681018Z: [    1.194626] Speculative Store Bypass: Vulnerable
[STDOUT  ] 2019-05-02T15:54:36.172691953Z: [    1.206334] Freeing SMP alternatives memory: 20K
[STDOUT  ] 2019-05-02T15:54:36.172702693Z: [    1.208618] smpboot: CPU0: Intel QEMU Virtual CPU version 2.5+ (family: 0x6, model: 0x6, stepping: 0x3)
[STDOUT  ] 2019-05-02T15:54:36.172718410Z: [    1.208802] Performance Events: PMU not available due to virtualization, using software events only.
[STDOUT  ] 2019-05-02T15:54:36.172729110Z: [    1.210916] rcu: Hierarchical SRCU implementation.
[STDOUT  ] 2019-05-02T15:54:36.172745066Z: [    1.211760] NMI watchdog: Perf NMI watchdog permanently disabled
[STDOUT  ] 2019-05-02T15:54:36.172755798Z: [    1.213697] smp: Bringing up secondary CPUs ...
[STDOUT  ] 2019-05-02T15:54:36.172771532Z: [    1.214625] smp: Brought up 1 node, 1 CPU
[STDOUT  ] 2019-05-02T15:54:36.172782347Z: [    1.215622] smpboot: Max logical packages: 1
[STDOUT  ] 2019-05-02T15:54:36.172798199Z: [    1.216623] smpboot: Total of 1 processors activated (4599.56 BogoMIPS)
[STDOUT  ] 2019-05-02T15:54:36.172809113Z: [    1.218849] devtmpfs: initialized
[STDOUT  ] 2019-05-02T15:54:36.172819433Z: [    1.219685] x86/mm: Memory block size: 128MB
[STDOUT  ] 2019-05-02T15:54:36.172835352Z: [    1.221683] clocksource: jiffies: mask: 0xffffffff max_cycles: 0xffffffff, max_idle_ns: 1911260446275000 ns
[STDOUT  ] 2019-05-02T15:54:36.172845937Z: [    1.222630] futex hash table entries: 256 (order: 2, 16384 bytes)
[STDOUT  ] 2019-05-02T15:54:36.172862054Z: [    1.223915] NET: Registered protocol family 16
[STDOUT  ] 2019-05-02T15:54:36.172879390Z: [    1.224794] audit: initializing netlink subsys (disabled)
[STDOUT  ] 2019-05-02T15:54:36.172895122Z: [    1.225769] cpuidle: using governor ladder
[STDOUT  ] 2019-05-02T15:54:36.172909022Z: [    1.226624] cpuidle: using governor menu
[STDOUT  ] 2019-05-02T15:54:36.172924776Z: [    1.227779] ACPI: bus type PCI registered
[STDOUT  ] 2019-05-02T15:54:36.172935704Z: [    1.229087] PCI: MMCONFIG for domain 0000 [bus 00-ff] at [mem 0xb0000000-0xbfffffff] (base 0xb0000000)
[STDOUT  ] 2019-05-02T15:54:36.172946928Z: [    1.229632] audit: type=2000 audit(1556812459.965:1): state=initialized audit_enabled=0 res=1
[STDOUT  ] 2019-05-02T15:54:36.172962837Z: [    1.230634] PCI: MMCONFIG at [mem 0xb0000000-0xbfffffff] reserved in E820
[STDOUT  ] 2019-05-02T15:54:36.172976881Z: [    1.231642] PCI: Using configuration type 1 for base access
[STDOUT  ] 2019-05-02T15:54:36.172993127Z: [    1.235219] HugeTLB registered 2.00 MiB page size, pre-allocated 0 pages
[STDOUT  ] 2019-05-02T15:54:36.173004411Z: [    1.235774] cryptd: max_cpu_qlen set to 1000
[STDOUT  ] 2019-05-02T15:54:36.173020309Z: [    1.236787] ACPI: Added _OSI(Module Device)
[STDOUT  ] 2019-05-02T15:54:36.173030996Z: [    1.237630] ACPI: Added _OSI(Processor Device)
[STDOUT  ] 2019-05-02T15:54:36.173046542Z: [    1.238623] ACPI: Added _OSI(3.0 _SCP Extensions)
[STDOUT  ] 2019-05-02T15:54:36.173057390Z: [    1.239623] ACPI: Added _OSI(Processor Aggregator Device)
[STDOUT  ] 2019-05-02T15:54:36.173077427Z: [    1.240640] ACPI: Added _OSI(Linux-Dell-Video)
[STDOUT  ] 2019-05-02T15:54:36.173406649Z: [    1.241623] ACPI: Added _OSI(Linux-Lenovo-NV-HDMI-Audio)
[STDOUT  ] 2019-05-02T15:54:36.173418882Z: [    1.244426] ACPI: 1 ACPI AML tables successfully acquired and loaded
[STDOUT  ] 2019-05-02T15:54:36.173443620Z: [    1.247793] ACPI: Interpreter enabled
[STDOUT  ] 2019-05-02T15:54:36.173472692Z: [    1.248631] ACPI: (supports S0 S5)
[STDOUT  ] 2019-05-02T15:54:36.173489087Z: [    1.249624] ACPI: Using IOAPIC for interrupt routing
[STDOUT  ] 2019-05-02T15:54:36.173499690Z: [    1.250669] PCI: Using host bridge windows from ACPI; if necessary, use "pci=nocrs" and report a bug
[STDOUT  ] 2019-05-02T15:54:36.173510906Z: [    1.251897] ACPI: Enabled 2 GPEs in block 00 to 3F
[STDOUT  ] 2019-05-02T15:54:36.173527206Z: [    1.257065] ACPI: PCI Root Bridge [PCI0] (domain 0000 [bus 00-ff])
[STDOUT  ] 2019-05-02T15:54:36.173552579Z: [    1.257630] acpi PNP0A08:00: _OSC: OS supports [ExtendedConfig ASPM ClockPM Segments MSI]
[STDOUT  ] 2019-05-02T15:54:36.173573519Z: [    1.258735] acpi PNP0A08:00: _OSC: platform does not support [SHPCHotplug LTR]
[STDOUT  ] 2019-05-02T15:54:36.173584877Z: [    1.259726] acpi PNP0A08:00: _OSC: OS now controls [PCIeHotplug PME PCIeCapability]
[STDOUT  ] 2019-05-02T15:54:36.173601158Z: [    1.260711] PCI host bridge to bus 0000:00
[STDOUT  ] 2019-05-02T15:54:36.173612147Z: [    1.261627] pci_bus 0000:00: root bus resource [io  0x0000-0x0cf7 window]
[STDOUT  ] 2019-05-02T15:54:36.173642667Z: [    1.262625] pci_bus 0000:00: root bus resource [io  0x0d00-0xffff window]
[STDOUT  ] 2019-05-02T15:54:36.173653261Z: [    1.263624] pci_bus 0000:00: root bus resource [mem 0x000a0000-0x000bffff window]
[STDOUT  ] 2019-05-02T15:54:36.173664040Z: [    1.264625] pci_bus 0000:00: root bus resource [mem 0xc0000000-0xfebfffff window]
[STDOUT  ] 2019-05-02T15:54:36.173679791Z: [    1.265625] pci_bus 0000:00: root bus resource [bus 00-ff]
[STDOUT  ] 2019-05-02T15:54:36.173690531Z: [    1.334679] pci 0000:00:1f.0: quirk: [io  0x0600-0x067f] claimed by ICH6 ACPI/GPIO/TCO
[STDOUT  ] 2019-05-02T15:54:36.173721231Z: [    1.361388] ACPI: PCI Interrupt Link [LNKA] (IRQs 5 *10 11)
[STDOUT  ] 2019-05-02T15:54:36.173731987Z: [    1.362715] ACPI: PCI Interrupt Link [LNKB] (IRQs 5 *10 11)
[STDOUT  ] 2019-05-02T15:54:36.173748144Z: [    1.363906] ACPI: PCI Interrupt Link [LNKC] (IRQs 5 10 *11)
[STDOUT  ] 2019-05-02T15:54:36.173758778Z: [    1.364906] ACPI: PCI Interrupt Link [LNKD] (IRQs 5 10 *11)
[STDOUT  ] 2019-05-02T15:54:36.173791750Z: [    1.366625] ACPI: PCI Interrupt Link [LNKE] (IRQs 5 *10 11)
[STDOUT  ] 2019-05-02T15:54:36.173809586Z: [    1.367897] ACPI: PCI Interrupt Link [LNKF] (IRQs 5 *10 11)
[STDOUT  ] 2019-05-02T15:54:36.173823890Z: [    1.368903] ACPI: PCI Interrupt Link [LNKG] (IRQs 5 10 *11)
[STDOUT  ] 2019-05-02T15:54:36.173839823Z: [    1.369887] ACPI: PCI Interrupt Link [LNKH] (IRQs 5 10 *11)
[STDOUT  ] 2019-05-02T15:54:36.173850266Z: [    1.370768] ACPI: PCI Interrupt Link [GSIA] (IRQs *16)
[STDOUT  ] 2019-05-02T15:54:36.173880360Z: [    1.371642] ACPI: PCI Interrupt Link [GSIB] (IRQs *17)
[STDOUT  ] 2019-05-02T15:54:36.173890890Z: [    1.372641] ACPI: PCI Interrupt Link [GSIC] (IRQs *18)
[STDOUT  ] 2019-05-02T15:54:36.173906946Z: [    1.373634] ACPI: PCI Interrupt Link [GSID] (IRQs *19)
[STDOUT  ] 2019-05-02T15:54:36.173917375Z: [    1.374637] ACPI: PCI Interrupt Link [GSIE] (IRQs *20)
[STDOUT  ] 2019-05-02T15:54:36.173932992Z: [    1.375636] ACPI: PCI Interrupt Link [GSIF] (IRQs *21)
[STDOUT  ] 2019-05-02T15:54:36.173964190Z: [    1.376637] ACPI: PCI Interrupt Link [GSIG] (IRQs *22)
[STDOUT  ] 2019-05-02T15:54:36.173974770Z: [    1.377637] ACPI: PCI Interrupt Link [GSIH] (IRQs *23)
[STDOUT  ] 2019-05-02T15:54:36.173990611Z: [    1.379834] SCSI subsystem initialized
[STDOUT  ] 2019-05-02T15:54:36.174001374Z: [    1.380752] ACPI: bus type USB registered
[STDOUT  ] 2019-05-02T15:54:36.174017301Z: [    1.381654] usbcore: registered new interface driver usbfs
[STDOUT  ] 2019-05-02T15:54:36.174122649Z: [    1.382641] usbcore: registered new interface driver hub
[STDOUT  ] 2019-05-02T15:54:36.174147976Z: [    1.383653] usbcore: registered new device driver usb
[STDOUT  ] 2019-05-02T15:54:36.174159155Z: [    1.384651] pps_core: LinuxPPS API ver. 1 registered
[STDOUT  ] 2019-05-02T15:54:36.174169681Z: [    1.385622] pps_core: Software ver. 5.3.6 - Copyright 2005-2007 Rodolfo Giometti <giometti@linux.it>
[STDOUT  ] 2019-05-02T15:54:36.174280446Z: [    1.386635] PTP clock support registered
[STDOUT  ] 2019-05-02T15:54:36.174291362Z: [    1.387729] PCI: Using ACPI for IRQ routing
[STDOUT  ] 2019-05-02T15:54:36.174307884Z: [    1.831526] NetLabel: Initializing
[STDOUT  ] 2019-05-02T15:54:36.174318815Z: [    1.831622] NetLabel:  domain hash size = 128
[STDOUT  ] 2019-05-02T15:54:36.174334785Z: [    1.832622] NetLabel:  protocols = UNLABELED CIPSOv4 CALIPSO
[STDOUT  ] 2019-05-02T15:54:36.174596824Z: [    1.833657] NetLabel:  unlabeled traffic allowed by default
[STDOUT  ] 2019-05-02T15:54:36.174614284Z: [    1.834786] HPET: 3 timers in total, 0 timers will be used for per-cpu timer
[STDOUT  ] 2019-05-02T15:54:36.174625428Z: [    1.835727] hpet0: at MMIO 0xfed00000, IRQs 2, 8, 0
[STDOUT  ] 2019-05-02T15:54:36.174636319Z: [    1.836623] hpet0: 3 comparators, 64-bit 100.000000 MHz counter
[STDERR  ] 2019-05-02T15:54:36.170859953Z: [    1.940476] UDP-Lite hash table entries: 512 (order: 2, 16384 bytes)
[STDOUT  ] 2019-05-02T15:54:36.174652560Z: [    1.841634] clocksource: Switched to clocksource kvm-clock
[STDOUT  ] 2019-05-02T15:54:36.174802011Z: [    1.868538] VFS: Disk quotas dquot_6.6.0
[STDERR  ] 2019-05-02T15:54:36.174752078Z: [    1.946192] NET: Registered protocol family 1
[STDERR  ] 2019-05-02T15:54:36.175102569Z: [    1.950096] NET: Registered protocol family 44
[STDERR  ] 2019-05-02T15:54:36.175176815Z: [    1.954321] pci 0000:00:01.0: Video device with shadowed ROM at [mem 0x000c0000-0x000dffff]
[STDERR  ] 2019-05-02T15:54:36.175218756Z: [    1.962059] Trying to unpack rootfs image as initramfs...
[STDERR  ] 2019-05-02T15:54:36.175274189Z: [    2.781613] Freeing initrd memory: 42140K
[STDERR  ] 2019-05-02T15:54:36.175313093Z: [    2.785537] clocksource: tsc: mask: 0xffffffffffffffff max_cycles: 0x2126693660a, max_idle_ns: 440795320783 ns
[STDERR  ] 2019-05-02T15:54:36.175368268Z: [    2.794981] PCLMULQDQ-NI instructions are not detected.
[STDOUT  ] 2019-05-02T15:54:36.175085235Z: [    1.872132] VFS: Dquot-cache hash table entries: 512 (order 0, 4096 bytes)
[STDERR  ] 2019-05-02T15:54:36.175405929Z: [    2.799707] AVX or AES-NI instructions are not detected.
[STDOUT  ] 2019-05-02T15:54:36.175542535Z: [    1.878290] FS-Cache: Loaded
[STDERR  ] 2019-05-02T15:54:36.175549792Z: [    2.804522] CPU feature 'AVX registers' is not supported.
[STDERR  ] 2019-05-02T15:54:36.175602148Z: [    2.809293] CPU feature 'AVX registers' is not supported.
[STDERR  ] 2019-05-02T15:54:36.175656990Z: [    2.814058] CPU feature 'AVX registers' is not supported.
[STDERR  ] 2019-05-02T15:54:36.175707078Z: [    2.818440] CPU feature 'AVX registers' is not supported.
[STDERR  ] 2019-05-02T15:54:36.175748838Z: [    2.822918] AVX2 or AES-NI instructions are not detected.
[STDOUT  ] 2019-05-02T15:54:36.175555297Z: [    1.880990] CacheFiles: Loaded
[STDOUT  ] 2019-05-02T15:54:36.175914077Z: [    1.883769] pnp: PnP ACPI init
[STDOUT  ] 2019-05-02T15:54:36.175923608Z: [    1.887737] pnp: PnP ACPI: found 5 devices
[STDERR  ] 2019-05-02T15:54:36.175801223Z: [    2.827229] AVX2 instructions are not detected.
[STDERR  ] 2019-05-02T15:54:36.175973992Z: [    2.831465] workingset: timestamp_bits=46 max_order=18 bucket_order=0
[STDOUT  ] 2019-05-02T15:54:36.175945416Z: [    1.897762] clocksource: acpi_pm: mask: 0xffffff max_cycles: 0xffffff, max_idle_ns: 2085701024 ns
[STDOUT  ] 2019-05-02T15:54:36.176038689Z: [    1.905766] NET: Registered protocol family 2
[STDOUT  ] 2019-05-02T15:54:36.176048630Z: [    1.910589] tcp_listen_portaddr_hash hash table entries: 512 (order: 1, 8192 bytes)
[STDOUT  ] 2019-05-02T15:54:36.176058321Z: [    1.917430] TCP established hash table entries: 8192 (order: 4, 65536 bytes)
[STDOUT  ] 2019-05-02T15:54:36.176074640Z: [    1.923696] TCP bind hash table entries: 8192 (order: 5, 131072 bytes)
[STDOUT  ] 2019-05-02T15:54:36.176085322Z: [    1.929543] TCP: Hash tables configured (established 8192 bind 8192)
[STDOUT  ] 2019-05-02T15:54:36.176094849Z: [    1.935174] UDP hash table entries: 512 (order: 2, 16384 bytes)
[STDOUT  ] 2019-05-02T15:54:36.176104546Z: [    1.940476] UDP-Lite hash table entries: 512 (order: 2, 16384 bytes)
[STDOUT  ] 2019-05-02T15:54:36.176114031Z: [    1.946192] NET: Registered protocol family 1
[STDOUT  ] 2019-05-02T15:54:36.176123498Z: [    1.950096] NET: Registered protocol family 44
[STDOUT  ] 2019-05-02T15:54:36.176133134Z: [    1.954321] pci 0000:00:01.0: Video device with shadowed ROM at [mem 0x000c0000-0x000dffff]
[STDOUT  ] 2019-05-02T15:54:36.176153225Z: [    1.962059] Trying to unpack rootfs image as initramfs...
[STDOUT  ] 2019-05-02T15:54:36.176163553Z: [    2.781613] Freeing initrd memory: 42140K
[STDOUT  ] 2019-05-02T15:54:36.176172747Z: [    2.785537] clocksource: tsc: mask: 0xffffffffffffffff max_cycles: 0x2126693660a, max_idle_ns: 440795320783 ns
[STDOUT  ] 2019-05-02T15:54:36.176182881Z: [    2.794981] PCLMULQDQ-NI instructions are not detected.
[STDOUT  ] 2019-05-02T15:54:36.176192432Z: [    2.799707] AVX or AES-NI instructions are not detected.
[STDOUT  ] 2019-05-02T15:54:36.176201715Z: [    2.804522] CPU feature 'AVX registers' is not supported.
[STDOUT  ] 2019-05-02T15:54:36.176210880Z: [    2.809293] CPU feature 'AVX registers' is not supported.
[STDOUT  ] 2019-05-02T15:54:36.176220472Z: [    2.814058] CPU feature 'AVX registers' is not supported.
[STDOUT  ] 2019-05-02T15:54:36.176229862Z: [    2.818440] CPU feature 'AVX registers' is not supported.
[STDOUT  ] 2019-05-02T15:54:36.176239509Z: [    2.822918] AVX2 or AES-NI instructions are not detected.
[STDOUT  ] 2019-05-02T15:54:36.176248637Z: [    2.827229] AVX2 instructions are not detected.
[STDOUT  ] 2019-05-02T15:54:36.176257982Z: [    2.831465] workingset: timestamp_bits=46 max_order=18 bucket_order=0
[STDOUT  ] 2019-05-02T15:54:36.176267899Z: [    2.837068] squashfs: version 4.0 (2009/01/31) Phillip Lougher
[STDOUT  ] 2019-05-02T15:54:36.176277641Z: [    2.841990] FS-Cache: Netfs 'cifs' registered for caching
[STDOUT  ] 2019-05-02T15:54:36.176287464Z: [    2.846393] fuse init (API version 7.27)
[STDOUT  ] 2019-05-02T15:54:36.176296954Z: [    2.849753] SGI XFS with ACLs, security attributes, no debug enabled
[STDOUT  ] 2019-05-02T15:54:36.176306202Z: [    2.855123] 9p: Installing v9fs 9p2000 file system support
[STDOUT  ] 2019-05-02T15:54:36.176315638Z: [    2.859612] FS-Cache: Netfs '9p' registered for caching
[STDOUT  ] 2019-05-02T15:54:36.176335770Z: [    2.863877] pstore: using deflate compression
[STDOUT  ] 2019-05-02T15:54:36.176368929Z: [    2.868831] NET: Registered protocol family 38
[STDOUT  ] 2019-05-02T15:54:36.176378302Z: [    2.872709] Key type asymmetric registered
[STDOUT  ] 2019-05-02T15:54:36.176387816Z: [    2.876142] Asymmetric key parser 'x509' registered
[STDOUT  ] 2019-05-02T15:54:36.176397079Z: [    2.880128] Block layer SCSI generic (bsg) driver version 0.4 loaded (major 247)
[STDOUT  ] 2019-05-02T15:54:36.176406565Z: [    2.886511] io scheduler noop registered
[STDOUT  ] 2019-05-02T15:54:36.176415892Z: [    2.889932] io scheduler deadline registered (default)
[STDOUT  ] 2019-05-02T15:54:36.176425155Z: [    2.894111] io scheduler cfq registered
[STDOUT  ] 2019-05-02T15:54:36.176434991Z: [    2.897254] io scheduler mq-deadline registered (default)
[STDOUT  ] 2019-05-02T15:54:36.176444760Z: [    2.901555] io scheduler kyber registered
[STDOUT  ] 2019-05-02T15:54:36.176454463Z: [    2.904883] shpchp: Standard Hot Plug PCI Controller Driver version: 0.4
[STDOUT  ] 2019-05-02T15:54:36.176463972Z: [    2.910346] hv_vmbus: registering driver hyperv_fb
[STDOUT  ] 2019-05-02T15:54:36.176473363Z: [    2.914452] input: Power Button as /devices/LNXSYSTM:00/LNXPWRBN:00/input/input0
[STDOUT  ] 2019-05-02T15:54:36.176482492Z: [    2.920504] ACPI: Power Button [PWRF]
[STDOUT  ] 2019-05-02T15:54:36.176492551Z: [    2.924409] PCI Interrupt Link [GSIG] enabled at IRQ 22
[STDOUT  ] 2019-05-02T15:54:36.176502004Z: [    2.934343] PCI Interrupt Link [GSIH] enabled at IRQ 23
[STDOUT  ] 2019-05-02T15:54:36.176511180Z: [    2.944216] Serial: 8250/16550 driver, 4 ports, IRQ sharing disabled
[STDOUT  ] 2019-05-02T15:54:36.176520415Z: [    2.983119] 00:04: ttyS0 at I/O 0x3f8 (irq = 4, base_baud = 115200) is a 16550A
[STDOUT  ] 2019-05-02T15:54:36.176529193Z: [    2.990505] Non-volatile memory driver v1.3
[STDOUT  ] 2019-05-02T15:54:36.176538764Z: [    2.995817] Hangcheck: starting hangcheck timer 0.9.1 (tick is 180 seconds, margin is 60 seconds).
[STDOUT  ] 2019-05-02T15:54:36.176548207Z: [    3.003917] random: fast init done
[STDOUT  ] 2019-05-02T15:54:36.176557933Z: [    3.007868] random: crng init done
[STDOUT  ] 2019-05-02T15:54:36.176567335Z: [    3.012797] brd: module loaded
[STDOUT  ] 2019-05-02T15:54:36.176576378Z: [    3.018031] loop: module loaded
[STDOUT  ] 2019-05-02T15:54:36.176585531Z: [    3.024613] lpc_ich 0000:00:1f.0: I/O space for GPIO uninitialized
[STDOUT  ] 2019-05-02T15:54:36.176595415Z: [    3.030182] VMware PVSCSI driver - version 1.0.7.0-k
[STDOUT  ] 2019-05-02T15:54:36.176605003Z: [    3.034738] hv_vmbus: registering driver hv_storvsc
[STDOUT  ] 2019-05-02T15:54:36.176614341Z: [    3.039753] PCI Interrupt Link [GSIA] enabled at IRQ 16
[STDOUT  ] 2019-05-02T15:54:36.176623622Z: [    3.047986] ahci 0000:00:1f.2: AHCI 0001.0000 32 slots 6 ports 1.5 Gbps 0x3f impl SATA mode
[STDOUT  ] 2019-05-02T15:54:36.176632883Z: [    3.055407] ahci 0000:00:1f.2: flags: 64bit ncq only 
[STDOUT  ] 2019-05-02T15:54:36.176642021Z: [    3.063802] scsi host0: ahci
[STDOUT  ] 2019-05-02T15:54:36.176651862Z: [    3.066553] scsi host1: ahci
[STDOUT  ] 2019-05-02T15:54:36.176660812Z: [    3.069289] scsi host2: ahci
[STDOUT  ] 2019-05-02T15:54:36.176670184Z: [    3.072001] scsi host3: ahci
[STDOUT  ] 2019-05-02T15:54:36.176679695Z: [    3.074744] scsi host4: ahci
[STDOUT  ] 2019-05-02T15:54:36.176689029Z: [    3.077492] scsi host5: ahci
[STDOUT  ] 2019-05-02T15:54:36.176698309Z: [    3.080181] ata1: SATA max UDMA/133 abar m4096@0xfebd2000 port 0xfebd2100 irq 24
[STDOUT  ] 2019-05-02T15:54:36.176714673Z: [    3.086801] ata2: SATA max UDMA/133 abar m4096@0xfebd2000 port 0xfebd2180 irq 24
[STDOUT  ] 2019-05-02T15:54:36.176724854Z: [    3.093425] ata3: SATA max UDMA/133 abar m4096@0xfebd2000 port 0xfebd2200 irq 24
[STDOUT  ] 2019-05-02T15:54:36.176734441Z: [    3.099924] ata4: SATA max UDMA/133 abar m4096@0xfebd2000 port 0xfebd2280 irq 24
[STDOUT  ] 2019-05-02T15:54:36.176745240Z: [    3.106507] ata5: SATA max UDMA/133 abar m4096@0xfebd2000 port 0xfebd2300 irq 24
[STDOUT  ] 2019-05-02T15:54:36.176764083Z: [    3.113130] ata6: SATA max UDMA/133 abar m4096@0xfebd2000 port 0xfebd2380 irq 24
[STDOUT  ] 2019-05-02T15:54:36.176773778Z: [    3.121970] tun: Universal TUN/TAP device driver, 1.6
[STDOUT  ] 2019-05-02T15:54:36.176783145Z: [    3.131334] VMware vmxnet3 virtual NIC driver - version 1.4.16.0-k-NAPI
[STDOUT  ] 2019-05-02T15:54:36.176792098Z: [    3.137234] hv_vmbus: registering driver hv_netvsc
[STDOUT  ] 2019-05-02T15:54:36.176801478Z: [    3.141498] Fusion MPT base driver 3.04.20
[STDOUT  ] 2019-05-02T15:54:36.176811066Z: [    3.145150] Copyright (c) 1999-2008 LSI Corporation
[STDOUT  ] 2019-05-02T15:54:36.176820391Z: [    3.149545] Fusion MPT SPI Host driver 3.04.20
[STDOUT  ] 2019-05-02T15:54:36.176829593Z: [    3.153687] i8042: PNP: PS/2 Controller [PNP0303:KBD,PNP0f13:MOU] at 0x60,0x64 irq 1,12
[STDOUT  ] 2019-05-02T15:54:36.176838886Z: [    3.164336] serio: i8042 KBD port at 0x60,0x64 irq 1
[STDOUT  ] 2019-05-02T15:54:36.176847915Z: [    3.168798] serio: i8042 AUX port at 0x60,0x64 irq 12
[STDOUT  ] 2019-05-02T15:54:36.176858526Z: [    3.173446] hv_vmbus: registering driver hyperv_keyboard
[STDOUT  ] 2019-05-02T15:54:36.176868357Z: [    3.178230] mousedev: PS/2 mouse device common for all mice
[STDOUT  ] 2019-05-02T15:54:36.176877640Z: [    3.184509] input: AT Translated Set 2 keyboard as /devices/platform/i8042/serio0/input/input1
[STDOUT  ] 2019-05-02T15:54:36.176887440Z: [    3.192117] input: PC Speaker as /devices/platform/pcspkr/input/input2
[STDOUT  ] 2019-05-02T15:54:36.176896705Z: [    3.198971] rtc_cmos 00:00: RTC can wake from S4
[STDOUT  ] 2019-05-02T15:54:36.176906319Z: [    3.205680] rtc_cmos 00:00: registered as rtc0
[STDOUT  ] 2019-05-02T15:54:36.176915497Z: [    3.209729] rtc_cmos 00:00: alarms up to one day, y3k, 114 bytes nvram, hpet irqs
[STDOUT  ] 2019-05-02T15:54:36.176924651Z: [    3.216378] i2c /dev entries driver
[STDOUT  ] 2019-05-02T15:54:36.176934214Z: [    3.219939] device-mapper: ioctl: 4.39.0-ioctl (2018-04-03) initialised: dm-devel@redhat.com
[STDOUT  ] 2019-05-02T15:54:36.176943883Z: [    3.228031] usbcore: registered new interface driver usbhid
[STDOUT  ] 2019-05-02T15:54:36.176952884Z: [    3.233036] usbhid: USB HID core driver
[STDOUT  ] 2019-05-02T15:54:36.176961976Z: [    3.236599] hv_utils: Registering HyperV Utility Driver
[STDOUT  ] 2019-05-02T15:54:36.176971331Z: [    3.241223] hv_vmbus: registering driver hv_util
[STDOUT  ] 2019-05-02T15:54:36.176981106Z: [    3.245356] hv_vmbus: registering driver hv_balloon
[STDOUT  ] 2019-05-02T15:54:36.176990122Z: [    3.249683] oprofile: using NMI interrupt.
[STDOUT  ] 2019-05-02T15:54:36.176999173Z: [    3.253425] GACT probability on
[STDOUT  ] 2019-05-02T15:54:36.177008578Z: [    3.256269] Mirror/redirect action on
[STDOUT  ] 2019-05-02T15:54:36.177017814Z: [    3.259544] Simple TC action Loaded
[STDOUT  ] 2019-05-02T15:54:36.177027112Z: [    3.262716] u32 classifier
[STDOUT  ] 2019-05-02T15:54:36.177036906Z: [    3.265211]     Performance counters on
[STDOUT  ] 2019-05-02T15:54:36.177046117Z: [    3.268641]     input device check on
[STDOUT  ] 2019-05-02T15:54:36.177055524Z: [    3.271896]     Actions configured
[STDOUT  ] 2019-05-02T15:54:36.177073744Z: [    3.275256] xt_time: kernel timezone is -0000
[STDOUT  ] 2019-05-02T15:54:36.177083471Z: [    3.279220] IPVS: Registered protocols (TCP, UDP, SCTP, AH, ESP)
[STDOUT  ] 2019-05-02T15:54:36.177119773Z: [    3.284708] IPVS: Connection hash table configured (size=4096, memory=64Kbytes)
[STDOUT  ] 2019-05-02T15:54:36.177129319Z: [    3.291268] IPVS: ipvs loaded.
[STDOUT  ] 2019-05-02T15:54:36.177146791Z: [    3.294041] IPVS: [rr] scheduler registered.
[STDOUT  ] 2019-05-02T15:54:36.177156298Z: [    3.297951] IPVS: [wrr] scheduler registered.
[STDOUT  ] 2019-05-02T15:54:36.177165472Z: [    3.301835] IPVS: [lc] scheduler registered.
[STDOUT  ] 2019-05-02T15:54:36.177175797Z: [    3.305688] IPVS: [wlc] scheduler registered.
[STDOUT  ] 2019-05-02T15:54:36.177185185Z: [    3.309803] IPVS: [fo] scheduler registered.
[STDOUT  ] 2019-05-02T15:54:36.177204368Z: [    3.313656] IPVS: [ovf] scheduler registered.
[STDOUT  ] 2019-05-02T15:54:36.177228214Z: [    3.317540] IPVS: [lblc] scheduler registered.
[STDOUT  ] 2019-05-02T15:54:36.177237895Z: [    3.321490] IPVS: [lblcr] scheduler registered.
[STDOUT  ] 2019-05-02T15:54:36.177247448Z: [    3.325546] IPVS: [dh] scheduler registered.
[STDOUT  ] 2019-05-02T15:54:36.177256690Z: [    3.329805] IPVS: [sh] scheduler registered.
[STDOUT  ] 2019-05-02T15:54:36.177265842Z: [    3.333803] IPVS: [mh] scheduler registered.
[STDOUT  ] 2019-05-02T15:54:36.177276474Z: [    3.338153] IPVS: [sed] scheduler registered.
[STDOUT  ] 2019-05-02T15:54:36.177286016Z: [    3.342138] IPVS: [nq] scheduler registered.
[STDOUT  ] 2019-05-02T15:54:36.177295219Z: [    3.346078] IPVS: ftp: loaded support on port[0] = 21
[STDOUT  ] 2019-05-02T15:54:36.177304774Z: [    3.351377] ipip: IPv4 and MPLS over IPv4 tunneling driver
[STDOUT  ] 2019-05-02T15:54:36.177315795Z: [    3.356691] gre: GRE over IPv4 demultiplexor driver
[STDOUT  ] 2019-05-02T15:54:36.177325183Z: [    3.361895] ipt_CLUSTERIP: ClusterIP Version 0.8 loaded successfully
[STDOUT  ] 2019-05-02T15:54:36.177334487Z: [    3.367914] NET: Registered protocol family 10
[STDOUT  ] 2019-05-02T15:54:36.177343618Z: [    3.373213] Segment Routing with IPv6
[STDOUT  ] 2019-05-02T15:54:36.177353506Z: [    3.376954] NET: Registered protocol family 17
[STDOUT  ] 2019-05-02T15:54:36.177363471Z: [    3.381294] Bridge firewalling registered
[STDOUT  ] 2019-05-02T15:54:36.177372732Z: [    3.384971] 8021q: 802.1Q VLAN Support v1.8
[STDOUT  ] 2019-05-02T15:54:36.177382170Z: [    3.388965] 9pnet: Installing 9P2000 support
[STDOUT  ] 2019-05-02T15:54:36.177391246Z: [    3.393322] Key type dns_resolver registered
[STDOUT  ] 2019-05-02T15:54:36.177400477Z: [    3.397479] NET: Registered protocol family 40
[STDOUT  ] 2019-05-02T15:54:36.177409560Z: [    3.402068] registered taskstats version 1
[STDOUT  ] 2019-05-02T15:54:36.177418582Z: [    3.413907] Key type big_key registered
[STDOUT  ] 2019-05-02T15:54:36.177427845Z: [    3.421551] Key type trusted registered
[STDOUT  ] 2019-05-02T15:54:36.177437310Z: [    3.429103] Key type encrypted registered
[STDOUT  ] 2019-05-02T15:54:36.177446377Z: [    3.433359] ata4: SATA link down (SStatus 0 SControl 300)
[STDOUT  ] 2019-05-02T15:54:36.177455798Z: [    3.438963] ata3: SATA link up 1.5 Gbps (SStatus 113 SControl 300)
[STDOUT  ] 2019-05-02T15:54:36.177464989Z: [    3.445440] ata2: SATA link down (SStatus 0 SControl 300)
[STDOUT  ] 2019-05-02T15:54:36.177478719Z: [    3.451079] ata1: SATA link up 1.5 Gbps (SStatus 113 SControl 300)
[STDOUT  ] 2019-05-02T15:54:36.177488490Z: [    3.457467] ata5: SATA link down (SStatus 0 SControl 300)
[STDOUT  ] 2019-05-02T15:54:36.177497928Z: [    3.463011] ata6: SATA link down (SStatus 0 SControl 300)
[STDOUT  ] 2019-05-02T15:54:36.177507328Z: [    3.468053] ima: No TPM chip found, activating TPM-bypass!
[STDOUT  ] 2019-05-02T15:54:36.177516359Z: [    3.472985] ata1.00: ATA-7: QEMU HARDDISK, 2.5+, max UDMA/100
[STDOUT  ] 2019-05-02T15:54:36.177526540Z: [    3.478058] ata1.00: 1048576 sectors, multi 16: LBA48 NCQ (depth 32)
[STDOUT  ] 2019-05-02T15:54:36.177536345Z: [    3.483622] ata1.00: applying bridge limits
[STDOUT  ] 2019-05-02T15:54:36.177545429Z: [    3.487718] ata3.00: ATAPI: QEMU DVD-ROM, 2.5+, max UDMA/100
[STDOUT  ] 2019-05-02T15:54:36.177554781Z: [    3.492792] ata3.00: applying bridge limits
[STDOUT  ] 2019-05-02T15:54:36.177564110Z: [    3.496868] ima: Allocated hash algorithm: sha256
[STDOUT  ] 2019-05-02T15:54:36.177573422Z: [    3.501137] evm: Initialising EVM extended attributes:
[STDOUT  ] 2019-05-02T15:54:36.177582917Z: [    3.505742] evm: security.ima
[STDOUT  ] 2019-05-02T15:54:36.177592257Z: [    3.508444] evm: security.capability
[STDOUT  ] 2019-05-02T15:54:36.177601577Z: [    3.511623] evm: HMAC attrs: 0x1
[STDOUT  ] 2019-05-02T15:54:36.177611118Z: [    3.514851] ata3.00: configured for UDMA/100
[STDOUT  ] 2019-05-02T15:54:36.177620282Z: [    3.519623] ata1.00: configured for UDMA/100
[STDOUT  ] 2019-05-02T15:54:36.177637762Z: [    3.523536] scsi 0:0:0:0: Direct-Access     ATA      QEMU HARDDISK    2.5+ PQ: 0 ANSI: 5
[STDOUT  ] 2019-05-02T15:54:36.177647367Z: [    3.531469] rtc_cmos 00:00: setting system clock to 2019-05-02 15:54:23 UTC (1556812463)
[STDOUT  ] 2019-05-02T15:54:36.177657844Z: [    3.538855] sd 0:0:0:0: [sda] 1048576 512-byte logical blocks: (537 MB/512 MiB)
[STDOUT  ] 2019-05-02T15:54:36.177667165Z: [    3.545368] sd 0:0:0:0: Attached scsi generic sg0 type 0
[STDOUT  ] 2019-05-02T15:54:36.177676629Z: [    3.550119] sd 0:0:0:0: [sda] Write Protect is off
[STDOUT  ] 2019-05-02T15:54:36.177686287Z: [    3.554496] Unstable clock detected, switching default tracing clock to "global"
[STDOUT  ] 2019-05-02T15:54:36.177695727Z: [    3.554496] If you want to keep using the local clock, then add:
[STDOUT  ] 2019-05-02T15:54:36.177704892Z: [    3.554496]   "trace_clock=local"
[STDOUT  ] 2019-05-02T15:54:36.177714356Z: [    3.554496] on the kernel command line
[STDOUT  ] 2019-05-02T15:54:36.177724097Z: [    3.572771] scsi 2:0:0:0: CD-ROM            QEMU     QEMU DVD-ROM     2.5+ PQ: 0 ANSI: 5
[STDOUT  ] 2019-05-02T15:54:36.177733691Z: [    3.579910] sd 0:0:0:0: [sda] Write cache: enabled, read cache: enabled, doesn't support DPO or FUA
[STDOUT  ] 2019-05-02T15:54:36.177747021Z: [    3.589960] sd 0:0:0:0: [sda] Attached SCSI disk
[STDOUT  ] 2019-05-02T15:54:36.177756056Z: [    3.603462] sr 2:0:0:0: [sr0] scsi3-mmc drive: 4x/4x cd/rw xa/form2 tray
[STDOUT  ] 2019-05-02T15:54:36.177765469Z: [    3.609445] cdrom: Uniform CD-ROM driver Revision: 3.20
[STDOUT  ] 2019-05-02T15:54:36.177774661Z: [    3.614164] sr 2:0:0:0: Attached scsi generic sg1 type 5
[STDOUT  ] 2019-05-02T15:54:36.177785022Z: [    3.622278] Freeing unused kernel image memory: 1584K
[STDOUT  ] 2019-05-02T15:54:36.177794497Z: [    3.628729] Write protecting the kernel read-only data: 18432k
[STDOUT  ] 2019-05-02T15:54:36.177803673Z: [    3.636460] Freeing unused kernel image memory: 2028K
[STDOUT  ] 2019-05-02T15:54:36.177812860Z: [    3.641288] Freeing unused kernel image memory: 1040K
[STDOUT  ] 2019-05-02T15:54:36.177821959Z: [    3.645860] Run /init as init process
[STDOUT  ] 2019-05-02T15:54:36.177831149Z: 
[STDOUT  ] 2019-05-02T15:54:36.177841181Z: Welcome to LinuxKit
[STDOUT  ] 2019-05-02T15:54:36.177850642Z: 
[STDOUT  ] 2019-05-02T15:54:36.177861001Z:                         ##         .
[STDOUT  ] 2019-05-02T15:54:36.177870947Z:                   ## ## ##        ==
[STDOUT  ] 2019-05-02T15:54:36.177881008Z:                ## ## ## ## ##    ===
[STDOUT  ] 2019-05-02T15:54:36.177890207Z:            /"""""""""""""""""\___/ ===
[STDOUT  ] 2019-05-02T15:54:36.177900728Z:           {                       /  ===-
[STDOUT  ] 2019-05-02T15:54:36.177909836Z:            \______ O           __/
[STDOUT  ] 2019-05-02T15:54:36.177920902Z:              \    \         __/
[STDOUT  ] 2019-05-02T15:54:36.177930159Z:               \____\_______/
[STDOUT  ] 2019-05-02T15:54:36.177939264Z: 
[STDOUT  ] 2019-05-02T15:54:36.177948504Z: [    4.398237] IPVS: ftp: loaded support on port[0] = 21
[STDOUT  ] 2019-05-02T15:54:36.177957562Z: [    4.525452]  sda:
[STDOUT  ] 2019-05-02T15:54:36.177966490Z: [    4.535241]  sda:
[STDOUT  ] 2019-05-02T15:54:36.177975890Z: [    4.805915]  sda: sda1
[STDOUT  ] 2019-05-02T15:54:36.177985170Z: [    4.811426]  sda: sda1
[STDOUT  ] 2019-05-02T15:54:36.177994398Z: 2019/05/02 15:54:23 Creating partition on /dev/sda
[STDOUT  ] 2019-05-02T15:54:36.178004049Z: 2019/05/02 15:54:24 Partition /dev/sda1 successfully created!
[STDOUT  ] 2019-05-02T15:54:36.178013111Z: [    6.063778] IPVS: ftp: loaded support on port[0] = 21
[STDOUT  ] 2019-05-02T15:54:36.178022287Z: [    6.128945] EXT4-fs (sda1): mounted filesystem with ordered data mode. Opts: (null)
[STDOUT  ] 2019-05-02T15:54:36.178031725Z: format_mount test suite PASSED
[STDOUT  ] 2019-05-02T15:54:36.178040968Z: [   16.434964] sd 0:0:0:0: [sda] Synchronizing SCSI cache
[STDOUT  ] 2019-05-02T15:54:36.178050739Z: [   16.440918] sd 0:0:0:0: [sda] Stopping disk
[STDOUT  ] 2019-05-02T15:54:36.178072958Z: [   16.446017] ACPI: Preparing to enter system sleep state S5
[STDOUT  ] 2019-05-02T15:54:36.178082387Z: [   16.451240] reboot: Power down
[STDERR  ] 2019-05-02T15:54:36.178110755Z: [    2.837068] squashfs: version 4.0 (2009/01/31) Phillip Lougher
[STDERR  ] 2019-05-02T15:54:36.178211304Z: [    2.841990] FS-Cache: Netfs 'cifs' registered for caching
[STDERR  ] 2019-05-02T15:54:36.178263567Z: [    2.846393] fuse init (API version 7.27)
[STDERR  ] 2019-05-02T15:54:36.178327399Z: [    2.849753] SGI XFS with ACLs, security attributes, no debug enabled
[STDERR  ] 2019-05-02T15:54:36.178390158Z: [    2.855123] 9p: Installing v9fs 9p2000 file system support
[STDERR  ] 2019-05-02T15:54:36.178436129Z: [    2.859612] FS-Cache: Netfs '9p' registered for caching
[STDERR  ] 2019-05-02T15:54:36.178497308Z: [    2.863877] pstore: using deflate compression
[STDERR  ] 2019-05-02T15:54:36.178542997Z: [    2.868831] NET: Registered protocol family 38
[STDERR  ] 2019-05-02T15:54:36.178636458Z: [    2.872709] Key type asymmetric registered
[STDERR  ] 2019-05-02T15:54:36.178700245Z: [    2.876142] Asymmetric key parser 'x509' registered
[STDERR  ] 2019-05-02T15:54:36.178753165Z: [    2.880128] Block layer SCSI generic (bsg) driver version 0.4 loaded (major 247)
[STDERR  ] 2019-05-02T15:54:36.178831096Z: [    2.886511] io scheduler noop registered
[STDERR  ] 2019-05-02T15:54:36.178902214Z: [    2.889932] io scheduler deadline registered (default)
[STDERR  ] 2019-05-02T15:54:36.178957915Z: [    2.894111] io scheduler cfq registered
[STDERR  ] 2019-05-02T15:54:36.179027104Z: [    2.897254] io scheduler mq-deadline registered (default)
[STDERR  ] 2019-05-02T15:54:36.179104714Z: [    2.901555] io scheduler kyber registered
[STDERR  ] 2019-05-02T15:54:36.179185636Z: [    2.904883] shpchp: Standard Hot Plug PCI Controller Driver version: 0.4
[STDERR  ] 2019-05-02T15:54:36.179240211Z: [    2.910346] hv_vmbus: registering driver hyperv_fb
[STDERR  ] 2019-05-02T15:54:36.179310273Z: [    2.914452] input: Power Button as /devices/LNXSYSTM:00/LNXPWRBN:00/input/input0
[STDERR  ] 2019-05-02T15:54:36.179394190Z: [    2.920504] ACPI: Power Button [PWRF]
[STDERR  ] 2019-05-02T15:54:36.179465086Z: [    2.924409] PCI Interrupt Link [GSIG] enabled at IRQ 22
[STDERR  ] 2019-05-02T15:54:36.179519974Z: [    2.934343] PCI Interrupt Link [GSIH] enabled at IRQ 23
[STDERR  ] 2019-05-02T15:54:36.179590396Z: [    2.944216] Serial: 8250/16550 driver, 4 ports, IRQ sharing disabled
[STDERR  ] 2019-05-02T15:54:36.179669256Z: [    2.983119] 00:04: ttyS0 at I/O 0x3f8 (irq = 4, base_baud = 115200) is a 16550A
[STDERR  ] 2019-05-02T15:54:36.179740720Z: [    2.990505] Non-volatile memory driver v1.3
[STDERR  ] 2019-05-02T15:54:36.179795446Z: [    2.995817] Hangcheck: starting hangcheck timer 0.9.1 (tick is 180 seconds, margin is 60 seconds).
[STDERR  ] 2019-05-02T15:54:36.179940281Z: [    3.003917] random: fast init done
[STDERR  ] 2019-05-02T15:54:36.180011748Z: [    3.007868] random: crng init done
[STDERR  ] 2019-05-02T15:54:36.180087773Z: [    3.012797] brd: module loaded
[STDERR  ] 2019-05-02T15:54:36.180133445Z: [    3.018031] loop: module loaded
[STDERR  ] 2019-05-02T15:54:36.180204405Z: [    3.024613] lpc_ich 0000:00:1f.0: I/O space for GPIO uninitialized
[STDERR  ] 2019-05-02T15:54:36.180274827Z: [    3.030182] VMware PVSCSI driver - version 1.0.7.0-k
[STDERR  ] 2019-05-02T15:54:36.180320051Z: [    3.034738] hv_vmbus: registering driver hv_storvsc
[STDERR  ] 2019-05-02T15:54:36.180387637Z: [    3.039753] PCI Interrupt Link [GSIA] enabled at IRQ 16
[STDERR  ] 2019-05-02T15:54:36.180457011Z: [    3.047986] ahci 0000:00:1f.2: AHCI 0001.0000 32 slots 6 ports 1.5 Gbps 0x3f impl SATA mode
[STDERR  ] 2019-05-02T15:54:36.180515316Z: [    3.055407] ahci 0000:00:1f.2: flags: 64bit ncq only 
[STDERR  ] 2019-05-02T15:54:36.180588167Z: [    3.063802] scsi host0: ahci
[STDERR  ] 2019-05-02T15:54:36.180658502Z: [    3.066553] scsi host1: ahci
[STDERR  ] 2019-05-02T15:54:36.180700934Z: [    3.069289] scsi host2: ahci
[STDERR  ] 2019-05-02T15:54:36.180772744Z: [    3.072001] scsi host3: ahci
[STDERR  ] 2019-05-02T15:54:36.180850032Z: [    3.074744] scsi host4: ahci
[STDERR  ] 2019-05-02T15:54:36.180904835Z: [    3.077492] scsi host5: ahci
[STDERR  ] 2019-05-02T15:54:36.180975190Z: [    3.080181] ata1: SATA max UDMA/133 abar m4096@0xfebd2000 port 0xfebd2100 irq 24
[STDERR  ] 2019-05-02T15:54:36.181042316Z: [    3.086801] ata2: SATA max UDMA/133 abar m4096@0xfebd2000 port 0xfebd2180 irq 24
[STDERR  ] 2019-05-02T15:54:36.181170921Z: [    3.093425] ata3: SATA max UDMA/133 abar m4096@0xfebd2000 port 0xfebd2200 irq 24
[STDERR  ] 2019-05-02T15:54:36.181248227Z: [    3.099924] ata4: SATA max UDMA/133 abar m4096@0xfebd2000 port 0xfebd2280 irq 24
[STDERR  ] 2019-05-02T15:54:36.181322489Z: [    3.106507] ata5: SATA max UDMA/133 abar m4096@0xfebd2000 port 0xfebd2300 irq 24
[STDERR  ] 2019-05-02T15:54:36.181378162Z: [    3.113130] ata6: SATA max UDMA/133 abar m4096@0xfebd2000 port 0xfebd2380 irq 24
[STDERR  ] 2019-05-02T15:54:36.181438797Z: [    3.121970] tun: Universal TUN/TAP device driver, 1.6
[STDERR  ] 2019-05-02T15:54:36.181486124Z: [    3.131334] VMware vmxnet3 virtual NIC driver - version 1.4.16.0-k-NAPI
[STDERR  ] 2019-05-02T15:54:36.181547063Z: [    3.137234] hv_vmbus: registering driver hv_netvsc
[STDERR  ] 2019-05-02T15:54:36.181593665Z: [    3.141498] Fusion MPT base driver 3.04.20
[STDERR  ] 2019-05-02T15:54:36.181667174Z: [    3.145150] Copyright (c) 1999-2008 LSI Corporation
[STDERR  ] 2019-05-02T15:54:36.181729567Z: [    3.149545] Fusion MPT SPI Host driver 3.04.20
[STDERR  ] 2019-05-02T15:54:36.181786597Z: [    3.153687] i8042: PNP: PS/2 Controller [PNP0303:KBD,PNP0f13:MOU] at 0x60,0x64 irq 1,12
[STDERR  ] 2019-05-02T15:54:36.181858217Z: [    3.164336] serio: i8042 KBD port at 0x60,0x64 irq 1
[STDERR  ] 2019-05-02T15:54:36.181926692Z: [    3.168798] serio: i8042 AUX port at 0x60,0x64 irq 12
[STDERR  ] 2019-05-02T15:54:36.181983896Z: [    3.173446] hv_vmbus: registering driver hyperv_keyboard
[STDERR  ] 2019-05-02T15:54:36.182044540Z: [    3.178230] mousedev: PS/2 mouse device common for all mice
[STDERR  ] 2019-05-02T15:54:36.182127819Z: [    3.184509] input: AT Translated Set 2 keyboard as /devices/platform/i8042/serio0/input/input1
[STDERR  ] 2019-05-02T15:54:36.182219487Z: [    3.192117] input: PC Speaker as /devices/platform/pcspkr/input/input2
[STDERR  ] 2019-05-02T15:54:36.182266148Z: [    3.198971] rtc_cmos 00:00: RTC can wake from S4
[STDERR  ] 2019-05-02T15:54:36.182336313Z: [    3.205680] rtc_cmos 00:00: registered as rtc0
[STDERR  ] 2019-05-02T15:54:36.182412791Z: [    3.209729] rtc_cmos 00:00: alarms up to one day, y3k, 114 bytes nvram, hpet irqs
[STDERR  ] 2019-05-02T15:54:36.182489370Z: [    3.216378] i2c /dev entries driver
[STDERR  ] 2019-05-02T15:54:36.182560203Z: [    3.219939] device-mapper: ioctl: 4.39.0-ioctl (2018-04-03) initialised: dm-devel@redhat.com
[STDERR  ] 2019-05-02T15:54:36.182614809Z: [    3.228031] usbcore: registered new interface driver usbhid
[STDERR  ] 2019-05-02T15:54:36.182668321Z: [    3.233036] usbhid: USB HID core driver
[STDERR  ] 2019-05-02T15:54:36.182732270Z: [    3.236599] hv_utils: Registering HyperV Utility Driver
[STDERR  ] 2019-05-02T15:54:36.182787915Z: [    3.241223] hv_vmbus: registering driver hv_util
[STDERR  ] 2019-05-02T15:54:36.182841207Z: [    3.245356] hv_vmbus: registering driver hv_balloon
[STDERR  ] 2019-05-02T15:54:36.182894561Z: [    3.249683] oprofile: using NMI interrupt.
[STDERR  ] 2019-05-02T15:54:36.182954991Z: [    3.253425] GACT probability on
[STDERR  ] 2019-05-02T15:54:36.183009891Z: [    3.256269] Mirror/redirect action on
[STDERR  ] 2019-05-02T15:54:36.183073177Z: [    3.259544] Simple TC action Loaded
[STDERR  ] 2019-05-02T15:54:36.183122167Z: [    3.262716] u32 classifier
[STDERR  ] 2019-05-02T15:54:36.183192048Z: [    3.265211]     Performance counters on
[STDERR  ] 2019-05-02T15:54:36.183237191Z: [    3.268641]     input device check on
[STDERR  ] 2019-05-02T15:54:36.183312661Z: [    3.271896]     Actions configured
[STDERR  ] 2019-05-02T15:54:36.183365994Z: [    3.275256] xt_time: kernel timezone is -0000
[STDERR  ] 2019-05-02T15:54:36.183429958Z: [    3.279220] IPVS: Registered protocols (TCP, UDP, SCTP, AH, ESP)
[STDERR  ] 2019-05-02T15:54:36.183486539Z: [    3.284708] IPVS: Connection hash table configured (size=4096, memory=64Kbytes)
[STDERR  ] 2019-05-02T15:54:36.183538894Z: [    3.291268] IPVS: ipvs loaded.
[STDERR  ] 2019-05-02T15:54:36.183592702Z: [    3.294041] IPVS: [rr] scheduler registered.
[STDERR  ] 2019-05-02T15:54:36.183637670Z: [    3.297951] IPVS: [wrr] scheduler registered.
[STDERR  ] 2019-05-02T15:54:36.183689948Z: [    3.301835] IPVS: [lc] scheduler registered.
[STDERR  ] 2019-05-02T15:54:36.183733484Z: [    3.305688] IPVS: [wlc] scheduler registered.
[STDERR  ] 2019-05-02T15:54:36.183787575Z: [    3.309803] IPVS: [fo] scheduler registered.
[STDERR  ] 2019-05-02T15:54:36.183837914Z: [    3.313656] IPVS: [ovf] scheduler registered.
[STDERR  ] 2019-05-02T15:54:36.183894073Z: [    3.317540] IPVS: [lblc] scheduler registered.
[STDERR  ] 2019-05-02T15:54:36.183937723Z: [    3.321490] IPVS: [lblcr] scheduler registered.
[STDERR  ] 2019-05-02T15:54:36.183981583Z: [    3.325546] IPVS: [dh] scheduler registered.
[STDERR  ] 2019-05-02T15:54:36.184054120Z: [    3.329805] IPVS: [sh] scheduler registered.
[STDERR  ] 2019-05-02T15:54:36.184113719Z: [    3.333803] IPVS: [mh] scheduler registered.
[STDERR  ] 2019-05-02T15:54:36.184193828Z: [    3.338153] IPVS: [sed] scheduler registered.
[STDERR  ] 2019-05-02T15:54:36.184238725Z: [    3.342138] IPVS: [nq] scheduler registered.
[STDERR  ] 2019-05-02T15:54:36.184287610Z: [    3.346078] IPVS: ftp: loaded support on port[0] = 21
[STDERR  ] 2019-05-02T15:54:36.184342587Z: [    3.351377] ipip: IPv4 and MPLS over IPv4 tunneling driver
[STDERR  ] 2019-05-02T15:54:36.184387416Z: [    3.356691] gre: GRE over IPv4 demultiplexor driver
[STDERR  ] 2019-05-02T15:54:36.184434069Z: [    3.361895] ipt_CLUSTERIP: ClusterIP Version 0.8 loaded successfully
[STDERR  ] 2019-05-02T15:54:36.184483857Z: [    3.367914] NET: Registered protocol family 10
[STDERR  ] 2019-05-02T15:54:36.184538335Z: [    3.373213] Segment Routing with IPv6
[STDERR  ] 2019-05-02T15:54:36.184584064Z: [    3.376954] NET: Registered protocol family 17
[STDERR  ] 2019-05-02T15:54:36.184627912Z: [    3.381294] Bridge firewalling registered
[STDERR  ] 2019-05-02T15:54:36.184680121Z: [    3.384971] 8021q: 802.1Q VLAN Support v1.8
[STDERR  ] 2019-05-02T15:54:36.184721438Z: [    3.388965] 9pnet: Installing 9P2000 support
[STDERR  ] 2019-05-02T15:54:36.184774880Z: [    3.393322] Key type dns_resolver registered
[STDERR  ] 2019-05-02T15:54:36.184818885Z: [    3.397479] NET: Registered protocol family 40
[STDERR  ] 2019-05-02T15:54:36.184872662Z: [    3.402068] registered taskstats version 1
[STDERR  ] 2019-05-02T15:54:36.184924452Z: [    3.413907] Key type big_key registered
[STDERR  ] 2019-05-02T15:54:36.184971339Z: [    3.421551] Key type trusted registered
[STDERR  ] 2019-05-02T15:54:36.185023643Z: [    3.429103] Key type encrypted registered
[STDERR  ] 2019-05-02T15:54:36.185100251Z: [    3.433359] ata4: SATA link down (SStatus 0 SControl 300)
[STDERR  ] 2019-05-02T15:54:36.185168189Z: [    3.438963] ata3: SATA link up 1.5 Gbps (SStatus 113 SControl 300)
[STDERR  ] 2019-05-02T15:54:36.185214532Z: [    3.445440] ata2: SATA link down (SStatus 0 SControl 300)
[STDERR  ] 2019-05-02T15:54:36.185258930Z: [    3.451079] ata1: SATA link up 1.5 Gbps (SStatus 113 SControl 300)
[STDERR  ] 2019-05-02T15:54:36.185305164Z: [    3.457467] ata5: SATA link down (SStatus 0 SControl 300)
[STDERR  ] 2019-05-02T15:54:36.185366584Z: [    3.463011] ata6: SATA link down (SStatus 0 SControl 300)
[STDERR  ] 2019-05-02T15:54:36.185410892Z: [    3.468053] ima: No TPM chip found, activating TPM-bypass!
[STDERR  ] 2019-05-02T15:54:36.185468511Z: [    3.472985] ata1.00: ATA-7: QEMU HARDDISK, 2.5+, max UDMA/100
[STDERR  ] 2019-05-02T15:54:36.185524096Z: [    3.478058] ata1.00: 1048576 sectors, multi 16: LBA48 NCQ (depth 32)
[STDERR  ] 2019-05-02T15:54:36.185579603Z: [    3.483622] ata1.00: applying bridge limits
[STDERR  ] 2019-05-02T15:54:36.185631104Z: [    3.487718] ata3.00: ATAPI: QEMU DVD-ROM, 2.5+, max UDMA/100
[STDERR  ] 2019-05-02T15:54:36.185679600Z: [    3.492792] ata3.00: applying bridge limits
[STDERR  ] 2019-05-02T15:54:36.185723003Z: [    3.496868] ima: Allocated hash algorithm: sha256
[STDERR  ] 2019-05-02T15:54:36.185767159Z: [    3.501137] evm: Initialising EVM extended attributes:
[STDERR  ] 2019-05-02T15:54:36.185810821Z: [    3.505742] evm: security.ima
[STDERR  ] 2019-05-02T15:54:36.185855681Z: [    3.508444] evm: security.capability
[STDERR  ] 2019-05-02T15:54:36.185910369Z: [    3.511623] evm: HMAC attrs: 0x1
[STDERR  ] 2019-05-02T15:54:36.185955946Z: [    3.514851] ata3.00: configured for UDMA/100
[STDERR  ] 2019-05-02T15:54:36.185999274Z: [    3.519623] ata1.00: configured for UDMA/100
[STDERR  ] 2019-05-02T15:54:36.186052156Z: [    3.523536] scsi 0:0:0:0: Direct-Access     ATA      QEMU HARDDISK    2.5+ PQ: 0 ANSI: 5
[STDERR  ] 2019-05-02T15:54:36.186117484Z: [    3.531469] rtc_cmos 00:00: setting system clock to 2019-05-02 15:54:23 UTC (1556812463)
[STDERR  ] 2019-05-02T15:54:36.186182405Z: [    3.538855] sd 0:0:0:0: [sda] 1048576 512-byte logical blocks: (537 MB/512 MiB)
[STDERR  ] 2019-05-02T15:54:36.186236733Z: [    3.545368] sd 0:0:0:0: Attached scsi generic sg0 type 0
[STDERR  ] 2019-05-02T15:54:36.186282809Z: [    3.550119] sd 0:0:0:0: [sda] Write Protect is off
[STDERR  ] 2019-05-02T15:54:36.186341244Z: [    3.554496] Unstable clock detected, switching default tracing clock to "global"
[STDERR  ] 2019-05-02T15:54:36.186395415Z: [    3.554496] If you want to keep using the local clock, then add:
[STDERR  ] 2019-05-02T15:54:36.186448815Z: [    3.554496]   "trace_clock=local"
[STDERR  ] 2019-05-02T15:54:36.186492962Z: [    3.554496] on the kernel command line
[STDERR  ] 2019-05-02T15:54:36.186543697Z: [    3.572771] scsi 2:0:0:0: CD-ROM            QEMU     QEMU DVD-ROM     2.5+ PQ: 0 ANSI: 5
[STDERR  ] 2019-05-02T15:54:36.186590949Z: [    3.579910] sd 0:0:0:0: [sda] Write cache: enabled, read cache: enabled, doesn't support DPO or FUA
[STDERR  ] 2019-05-02T15:54:36.186636203Z: [    3.589960] sd 0:0:0:0: [sda] Attached SCSI disk
[STDERR  ] 2019-05-02T15:54:36.186690039Z: [    3.603462] sr 2:0:0:0: [sr0] scsi3-mmc drive: 4x/4x cd/rw xa/form2 tray
[STDERR  ] 2019-05-02T15:54:36.186734292Z: [    3.609445] cdrom: Uniform CD-ROM driver Revision: 3.20
[STDERR  ] 2019-05-02T15:54:36.186786983Z: [    3.614164] sr 2:0:0:0: Attached scsi generic sg1 type 5
[STDERR  ] 2019-05-02T15:54:36.186840321Z: [    3.622278] Freeing unused kernel image memory: 1584K
[STDERR  ] 2019-05-02T15:54:36.186895221Z: [    3.628729] Write protecting the kernel read-only data: 18432k
[STDERR  ] 2019-05-02T15:54:36.186938514Z: [    3.636460] Freeing unused kernel image memory: 2028K
[STDERR  ] 2019-05-02T15:54:36.186990162Z: [    3.641288] Freeing unused kernel image memory: 1040K
[STDERR  ] 2019-05-02T15:54:36.187031583Z: [    3.645860] Run /init as init process
[STDERR  ] 2019-05-02T15:54:36.187093663Z: 
[STDERR  ] 2019-05-02T15:54:36.187156881Z: Welcome to LinuxKit
[STDERR  ] 2019-05-02T15:54:36.187214154Z: 
[STDERR  ] 2019-05-02T15:54:36.187263243Z:                         ##         .
[STDERR  ] 2019-05-02T15:54:36.187311476Z:                   ## ## ##        ==
[STDERR  ] 2019-05-02T15:54:36.187364128Z:                ## ## ## ## ##    ===
[STDERR  ] 2019-05-02T15:54:36.187407699Z:            /"""""""""""""""""\___/ ===
[STDERR  ] 2019-05-02T15:54:36.187460311Z:           {                       /  ===-
[STDERR  ] 2019-05-02T15:54:36.187517660Z:            \______ O           __/
[STDERR  ] 2019-05-02T15:54:36.187561638Z:              \    \         __/
[STDERR  ] 2019-05-02T15:54:36.187616134Z:               \____\_______/
[STDERR  ] 2019-05-02T15:54:36.187657691Z: 
[STDERR  ] 2019-05-02T15:54:36.187700555Z: [    4.398237] IPVS: ftp: loaded support on port[0] = 21
[STDERR  ] 2019-05-02T15:54:36.187746582Z: [    4.525452]  sda:
[STDERR  ] 2019-05-02T15:54:36.187798633Z: [    4.535241]  sda:
[STDERR  ] 2019-05-02T15:54:36.187853508Z: [    4.805915]  sda: sda1
[STDERR  ] 2019-05-02T15:54:36.187926325Z: [    4.811426]  sda: sda1
[STDERR  ] 2019-05-02T15:54:36.187988183Z: 2019/05/02 15:54:23 Creating partition on /dev/sda
[STDERR  ] 2019-05-02T15:54:36.188041842Z: 2019/05/02 15:54:24 Partition /dev/sda1 successfully created!
[STDERR  ] 2019-05-02T15:54:36.188105891Z: [    6.063778] IPVS: ftp: loaded support on port[0] = 21
[STDERR  ] 2019-05-02T15:54:36.188177404Z: [    6.128945] EXT4-fs (sda1): mounted filesystem with ordered data mode. Opts: (null)
[STDERR  ] 2019-05-02T15:54:36.188241835Z: format_mount test suite PASSED
[STDERR  ] 2019-05-02T15:54:36.188299238Z: [   16.434964] sd 0:0:0:0: [sda] Synchronizing SCSI cache
[STDERR  ] 2019-05-02T15:54:36.188350546Z: [   16.440918] sd 0:0:0:0: [sda] Stopping disk
[STDERR  ] 2019-05-02T15:54:36.188398049Z: [   16.446017] ACPI: Preparing to enter system sleep state S5
[STDERR  ] 2019-05-02T15:54:36.188557102Z: [   16.451240] reboot: Power down
[STDERR  ] 2019-05-02T15:54:36.188577199Z: + echo [    0.000000] Linux version 4.19.37-linuxkit (root@9bd0936c34c9) (gcc version 8.3.0 (Alpine 8.3.0)) #1 SMP Sun Apr 28 13:08:11 UTC 2019
[STDERR  ] 2019-05-02T15:54:36.188591581Z: [    0.000000] Command line: console=ttyS0 console=ttyAMA0
[STDERR  ] 2019-05-02T15:54:36.188603993Z: [    0.000000] x86/fpu: x87 FPU will use FXSAVE
[PASS    ] linuxkit.packages.format_mount.by_name 33.69s
[STDERR  ] 2019-05-02T15:54:36.188618054Z: [    0.000000] BIOS-provided physical RAM map:
