[INFO    ] 2017-06-22T01:04:19.223583933Z: Running Test linuxkit.kernel.config_4.4.x in /tmp/with_clone904d355/test/cases/020_kernel/000_config_4.4.x
[INFO    ] 2017-06-22T01:04:19.223668288Z: Running command: [/bin/sh -x /tmp/with_clone904d355/test/cases/020_kernel/000_config_4.4.x/test.sh]
[STDERR  ] 2017-06-22T01:04:19.22436325Z: + set -e
[STDERR  ] 2017-06-22T01:04:19.224409629Z: + . /tmp/with_clone904d355/test/cases/_lib/lib.sh
[STDERR  ] 2017-06-22T01:04:19.224432393Z: + [ -f src/github.com/linuxkit/rtf/lib/lib.sh ]
[STDERR  ] 2017-06-22T01:04:19.224440175Z: + LINUXKIT_TMPDIR=/tmp/with_clone904d355/test/cases/_tmp
[STDERR  ] 2017-06-22T01:04:19.224454509Z: + [ -f /tmp/with_clone904d355/test/cases/_tmp/env.sh ]
[STDERR  ] 2017-06-22T01:04:19.224474823Z: + . /tmp/with_clone904d355/test/cases/_tmp/env.sh
[STDERR  ] 2017-06-22T01:04:19.224483424Z: + export LINUXKIT_EXAMPLES_DIR=/tmp/with_clone904d355/test/cases/../../examples
[STDERR  ] 2017-06-22T01:04:19.224505729Z: + RT_CANCEL=253
[STDERR  ] 2017-06-22T01:04:19.224550363Z: + trap clean_up EXIT
[STDERR  ] 2017-06-22T01:04:19.224557814Z: + moby build -output kernel+initrd test-kernel-config.yml
[STDERR  ] 2017-06-22T01:04:19.237426654Z: Extract kernel image: linuxkit/kernel:4.4.x
[STDERR  ] 2017-06-22T01:04:23.201022327Z: Add init containers:
[STDERR  ] 2017-06-22T01:04:23.201038111Z: Process init image: linuxkit/init:17693d233dd009b2a3a8d23673cb85969e1dce80
[STDERR  ] 2017-06-22T01:04:24.734919288Z: Process init image: linuxkit/runc:3a4e6cbf15470f62501b019b55e1caac5ee7689f
[STDERR  ] 2017-06-22T01:04:26.466794904Z: Process init image: linuxkit/containerd:be69ded7ed4437e2989da850581b631bac877d3e
[STDERR  ] 2017-06-22T01:04:31.769455807Z: Add onboot containers:
[STDERR  ] 2017-06-22T01:04:31.769469688Z:   Create OCI config for linuxkit/test-kernel-config:2acaa564c1801dd2ae1546c70c472dc58ac030a1
[STDERR  ] 2017-06-22T01:04:33.66513087Z:   Create OCI config for linuxkit/poweroff:7404cf2295df89ccfa2dda41997a28307a90cf28
[STDERR  ] 2017-06-22T01:04:35.305091293Z: Create outputs:
[STDERR  ] 2017-06-22T01:04:42.159545301Z:   test-kernel-config-kernel test-kernel-config-initrd.img test-kernel-config-cmdline
[STDERR  ] 2017-06-22T01:04:42.392163016Z: + linuxkit run test-kernel-config
[STDERR  ] 2017-06-22T01:05:25.553833513Z: + RESULT=[    0.000000] Initializing cgroup subsys cpuset
[STDERR  ] 2017-06-22T01:05:25.553855568Z: [    0.000000] Initializing cgroup subsys cpu
[STDERR  ] 2017-06-22T01:05:25.553868563Z: [    0.000000] Initializing cgroup subsys cpuacct
[STDERR  ] 2017-06-22T01:05:25.55389072Z: [    0.000000] Linux version 4.4.70-linuxkit (root@84baa8e89c00) (gcc version 6.2.1 20160822 (Alpine 6.2.1) ) #1 SMP Tue May 30 11:47:47 UTC 2017
[STDERR  ] 2017-06-22T01:05:25.553903608Z: [    0.000000] Command line: console=ttyS0
[STDERR  ] 2017-06-22T01:05:25.553910667Z: [    0.000000] x86/fpu: Legacy x87 FPU detected.
[STDERR  ] 2017-06-22T01:05:25.553923494Z: [    0.000000] x86/fpu: Using 'lazy' FPU context switches.
[STDERR  ] 2017-06-22T01:05:25.55394384Z: [    0.000000] e820: BIOS-provided physical RAM map:
[STDERR  ] 2017-06-22T01:05:25.553951287Z: [    0.000000] BIOS-e820: [mem 0x0000000000000000-0x000000000009fbff] usable
[STDERR  ] 2017-06-22T01:05:25.553972211Z: [    0.000000] BIOS-e820: [mem 0x000000000009fc00-0x000000000009ffff] reserved
[STDERR  ] 2017-06-22T01:05:25.553978541Z: [    0.000000] BIOS-e820: [mem 0x00000000000f0000-0x00000000000fffff] reserved
[STDERR  ] 2017-06-22T01:05:25.553999355Z: [    0.000000] BIOS-e820: [mem 0x0000000000100000-0x000000003ffdefff] usable
[STDERR  ] 2017-06-22T01:05:25.55401258Z: [    0.000000] BIOS-e820: [mem 0x000000003ffdf000-0x000000003fffffff] reserved
[STDERR  ] 2017-06-22T01:05:25.554053749Z: [    0.000000] BIOS-e820: [mem 0x00000000b0000000-0x00000000bfffffff] reserved
[STDERR  ] 2017-06-22T01:05:25.554067044Z: [    0.000000] BIOS-e820: [mem 0x00000000fed1c000-0x00000000fed1ffff] reserved
[STDERR  ] 2017-06-22T01:05:25.554073676Z: [    0.000000] BIOS-e820: [mem 0x00000000fffc0000-0x00000000ffffffff] reserved
[STDERR  ] 2017-06-22T01:05:25.554091136Z: [    0.000000] NX (Execute Disable) protection: active
[STDERR  ] 2017-06-22T01:05:25.554122495Z: [    0.000000] SMBIOS 2.8 present.
[STDERR  ] 2017-06-22T01:05:25.554128616Z: [    0.000000] e820: last_pfn = 0x3ffdf max_arch_pfn = 0x400000000
[STDERR  ] 2017-06-22T01:05:25.554146478Z: [    0.000000] x86/PAT: Configuration [0-7]: WB  WC  UC- UC  WB  WC  UC- WT  
[STDERR  ] 2017-06-22T01:05:25.554152552Z: [    0.000000] found SMP MP-table at [mem 0x000f6aa0-0x000f6aaf] mapped at [ffff8800000f6aa0]
[STDERR  ] 2017-06-22T01:05:25.554164386Z: [    0.000000] RAMDISK: [mem 0x3dbab000-0x3ffcffff]
[STDERR  ] 2017-06-22T01:05:25.554186916Z: [    0.000000] ACPI: Early table checksum verification disabled
[STDERR  ] 2017-06-22T01:05:25.554199075Z: [    0.000000] ACPI: RSDP 0x00000000000F68C0 000014 (v00 BOCHS )
[STDERR  ] 2017-06-22T01:05:25.554211485Z: [    0.000000] ACPI: RSDT 0x000000003FFE2404 000034 (v01 BOCHS  BXPCRSDT 00000001 BXPC 00000001)
[STDERR  ] 2017-06-22T01:05:25.554224143Z: [    0.000000] ACPI: FACP 0x000000003FFE22A4 000074 (v01 BOCHS  BXPCFACP 00000001 BXPC 00000001)
[STDERR  ] 2017-06-22T01:05:25.554238003Z: [    0.000000] ACPI: DSDT 0x000000003FFE0040 002264 (v01 BOCHS  BXPCDSDT 00000001 BXPC 00000001)
[STDERR  ] 2017-06-22T01:05:25.554256395Z: [    0.000000] ACPI: FACS 0x000000003FFE0000 000040
[STDERR  ] 2017-06-22T01:05:25.554263045Z: [    0.000000] ACPI: APIC 0x000000003FFE2318 000078 (v01 BOCHS  BXPCAPIC 00000001 BXPC 00000001)
[STDERR  ] 2017-06-22T01:05:25.554281126Z: [    0.000000] ACPI: HPET 0x000000003FFE2390 000038 (v01 BOCHS  BXPCHPET 00000001 BXPC 00000001)
[STDERR  ] 2017-06-22T01:05:25.554286715Z: [    0.000000] ACPI: MCFG 0x000000003FFE23C8 00003C (v01 BOCHS  BXPCMCFG 00000001 BXPC 00000001)
[STDERR  ] 2017-06-22T01:05:25.554304995Z: [    0.000000] Zone ranges:
[STDERR  ] 2017-06-22T01:05:25.55432088Z: [    0.000000]   DMA      [mem 0x0000000000001000-0x0000000000ffffff]
[STDERR  ] 2017-06-22T01:05:25.554331642Z: [    0.000000]   DMA32    [mem 0x0000000001000000-0x000000003ffdefff]
[STDERR  ] 2017-06-22T01:05:25.554338116Z: [    0.000000]   Normal   empty
[STDERR  ] 2017-06-22T01:05:25.554354922Z: [    0.000000] Movable zone start for each node
[STDERR  ] 2017-06-22T01:05:25.554361056Z: [    0.000000] Early memory node ranges
[STDERR  ] 2017-06-22T01:05:25.55437888Z: [    0.000000]   node   0: [mem 0x0000000000001000-0x000000000009efff]
[STDERR  ] 2017-06-22T01:05:25.554392911Z: [    0.000000]   node   0: [mem 0x0000000000100000-0x000000003ffdefff]
[STDERR  ] 2017-06-22T01:05:25.554399616Z: [    0.000000] Initmem setup node 0 [mem 0x0000000000001000-0x000000003ffdefff]
[STDERR  ] 2017-06-22T01:05:25.554417464Z: [    0.000000] ACPI: PM-Timer IO Port: 0x608
[STDERR  ] 2017-06-22T01:05:25.554428519Z: [    0.000000] ACPI: LAPIC_NMI (acpi_id[0xff] dfl dfl lint[0x1])
[STDERR  ] 2017-06-22T01:05:25.554434054Z: [    0.000000] IOAPIC[0]: apic_id 0, version 32, address 0xfec00000, GSI 0-23
[STDERR  ] 2017-06-22T01:05:25.554455103Z: [    0.000000] ACPI: INT_SRC_OVR (bus 0 bus_irq 0 global_irq 2 dfl dfl)
[STDERR  ] 2017-06-22T01:05:25.554466941Z: [    0.000000] ACPI: INT_SRC_OVR (bus 0 bus_irq 5 global_irq 5 high level)
[STDERR  ] 2017-06-22T01:05:25.554478637Z: [    0.000000] ACPI: INT_SRC_OVR (bus 0 bus_irq 9 global_irq 9 high level)
[STDERR  ] 2017-06-22T01:05:25.554490773Z: [    0.000000] ACPI: INT_SRC_OVR (bus 0 bus_irq 10 global_irq 10 high level)
[STDERR  ] 2017-06-22T01:05:25.554501693Z: [    0.000000] ACPI: INT_SRC_OVR (bus 0 bus_irq 11 global_irq 11 high level)
[STDERR  ] 2017-06-22T01:05:25.55450783Z: [    0.000000] Using ACPI (MADT) for SMP configuration information
[STDERR  ] 2017-06-22T01:05:25.554518993Z: [    0.000000] ACPI: HPET id: 0x8086a201 base: 0xfed00000
[STDERR  ] 2017-06-22T01:05:25.554542501Z: [    0.000000] smpboot: Allowing 1 CPUs, 0 hotplug CPUs
[STDERR  ] 2017-06-22T01:05:25.55455457Z: [    0.000000] e820: [mem 0x40000000-0xafffffff] available for PCI devices
[STDERR  ] 2017-06-22T01:05:25.55456099Z: [    0.000000] Booting paravirtualized kernel on bare hardware
[STDERR  ] 2017-06-22T01:05:25.554583583Z: [    0.000000] clocksource: refined-jiffies: mask: 0xffffffff max_cycles: 0xffffffff, max_idle_ns: 19112604462750000 ns
[STDERR  ] 2017-06-22T01:05:25.554608196Z: [    0.000000] setup_percpu: NR_CPUS:128 nr_cpumask_bits:128 nr_cpu_ids:1 nr_node_ids:1
[STDERR  ] 2017-06-22T01:05:25.554621511Z: [    0.000000] PERCPU: Embedded 33 pages/cpu @ffff88003d800000 s95960 r8192 d31016 u2097152
[STDERR  ] 2017-06-22T01:05:25.554634392Z: [    0.000000] Built 1 zonelists in Zone order, mobility grouping on.  Total pages: 257896
[STDERR  ] 2017-06-22T01:05:25.554646589Z: [    0.000000] Kernel command line: console=ttyS0
[STDERR  ] 2017-06-22T01:05:25.554661882Z: [    0.000000] PID hash table entries: 4096 (order: 3, 32768 bytes)
[STDERR  ] 2017-06-22T01:05:25.554674046Z: [    0.000000] Dentry cache hash table entries: 131072 (order: 8, 1048576 bytes)
[STDERR  ] 2017-06-22T01:05:25.554680695Z: [    0.000000] Inode-cache hash table entries: 65536 (order: 7, 524288 bytes)
[STDERR  ] 2017-06-22T01:05:25.554700229Z: [    0.000000] Memory: 974696K/1048052K available (8943K kernel code, 1467K rwdata, 3088K rodata, 1372K init, 728K bss, 73356K reserved, 0K cma-reserved)
[STDERR  ] 2017-06-22T01:05:25.554712563Z: [    0.000000] Hierarchical RCU implementation.
[STDERR  ] 2017-06-22T01:05:25.554724687Z: [    0.000000] 	Build-time adjustment of leaf fanout to 64.
[STDERR  ] 2017-06-22T01:05:25.554732851Z: [    0.000000] 	RCU restricting CPUs from NR_CPUS=128 to nr_cpu_ids=1.
[STDERR  ] 2017-06-22T01:05:25.554751307Z: [    0.000000] RCU: Adjusting geometry for rcu_fanout_leaf=64, nr_cpu_ids=1
[STDERR  ] 2017-06-22T01:05:25.554763298Z: [    0.000000] NR_IRQS:8448 nr_irqs:256 16
[STDERR  ] 2017-06-22T01:05:25.554769842Z: [    0.000000] Console: colour VGA+ 80x25
[STDERR  ] 2017-06-22T01:05:25.554782566Z: [    0.000000] console [ttyS0] enabled
[STDERR  ] 2017-06-22T01:05:25.554801307Z: [    0.000000] clocksource: hpet: mask: 0xffffffff max_cycles: 0xffffffff, max_idle_ns: 19112604467 ns
[STDERR  ] 2017-06-22T01:05:25.554817699Z: [    0.000000] tsc: Fast TSC calibration using PIT
[STDERR  ] 2017-06-22T01:05:25.554832632Z: [    0.000000] tsc: Detected 2300.081 MHz processor
[STDERR  ] 2017-06-22T01:05:25.554839196Z: [    0.011893] Calibrating delay loop (skipped), value calculated using timer frequency.. 4600.16 BogoMIPS (lpj=23000810)
[STDERR  ] 2017-06-22T01:05:25.554851272Z: [    0.013259] pid_max: default: 32768 minimum: 301
[STDERR  ] 2017-06-22T01:05:25.554869488Z: [    0.013980] ACPI: Core revision 20150930
[STDERR  ] 2017-06-22T01:05:25.55488157Z: [    0.062414] ACPI: 1 ACPI AML tables successfully acquired and loaded
[STDERR  ] 2017-06-22T01:05:25.554893599Z: [    0.063956] Security Framework initialized
[STDERR  ] 2017-06-22T01:05:25.554900074Z: [    0.064327] Yama: becoming mindful.
[STDERR  ] 2017-06-22T01:05:25.554911356Z: [    0.067679] Mount-cache hash table entries: 2048 (order: 2, 16384 bytes)
[STDERR  ] 2017-06-22T01:05:25.554929686Z: [    0.068264] Mountpoint-cache hash table entries: 2048 (order: 2, 16384 bytes)
[STDERR  ] 2017-06-22T01:05:25.554941687Z: [    0.082382] Initializing cgroup subsys io
[STDERR  ] 2017-06-22T01:05:25.554953802Z: [    0.083318] Initializing cgroup subsys memory
[STDERR  ] 2017-06-22T01:05:25.554965833Z: [    0.084156] Initializing cgroup subsys devices
[STDERR  ] 2017-06-22T01:05:25.554972354Z: [    0.084607] Initializing cgroup subsys freezer
[STDERR  ] 2017-06-22T01:05:25.554986327Z: [    0.085059] Initializing cgroup subsys net_cls
[STDERR  ] 2017-06-22T01:05:25.555004506Z: [    0.085469] Initializing cgroup subsys perf_event
[STDERR  ] 2017-06-22T01:05:25.555016397Z: [    0.085906] Initializing cgroup subsys net_prio
[STDERR  ] 2017-06-22T01:05:25.555032353Z: [    0.086353] Initializing cgroup subsys hugetlb
[STDERR  ] 2017-06-22T01:05:25.555039077Z: [    0.086760] Initializing cgroup subsys pids
[STDERR  ] 2017-06-22T01:05:25.555050284Z: [    0.089535] Last level iTLB entries: 4KB 0, 2MB 0, 4MB 0
[STDERR  ] 2017-06-22T01:05:25.555070342Z: [    0.090065] Last level dTLB entries: 4KB 0, 2MB 0, 4MB 0, 1GB 0
[STDERR  ] 2017-06-22T01:05:25.555085773Z: [    0.400498] Freeing SMP alternatives memory: 24K (ffffffffb00c7000 - ffffffffb00cd000)
[STDERR  ] 2017-06-22T01:05:25.555099397Z: [    0.408240] ftrace: allocating 39282 entries in 154 pages
[STDERR  ] 2017-06-22T01:05:25.555111461Z: [    0.595127] ..TIMER: vector=0x30 apic1=0 pin1=2 apic2=-1 pin2=-1
[STDERR  ] 2017-06-22T01:05:25.555123851Z: [    0.700000] smpboot: CPU0: AMD QEMU Virtual CPU version 2.5+ (family: 0x6, model: 0x6, stepping: 0x3)
[STDERR  ] 2017-06-22T01:05:25.555140271Z: [    0.700000] Performance Events: Broken PMU hardware detected, using software events only.
[STDERR  ] 2017-06-22T01:05:25.555152477Z: [    0.700000] Failed to access perfctr msr (MSR c0010007 is 0)
[STDERR  ] 2017-06-22T01:05:25.555164482Z: [    0.704621] x86: Booted up 1 node, 1 CPUs
[STDERR  ] 2017-06-22T01:05:25.555176548Z: [    0.704966] smpboot: Total of 1 processors activated (4600.16 BogoMIPS)
[STDERR  ] 2017-06-22T01:05:25.555184542Z: [    0.711995] NMI watchdog: disabled (cpu0): hardware events not enabled
[STDERR  ] 2017-06-22T01:05:25.555202152Z: [    0.712402] NMI watchdog: Shutting down hard lockup detector on all cpus
[STDERR  ] 2017-06-22T01:05:25.555208197Z: [    0.721754] devtmpfs: initialized
[STDERR  ] 2017-06-22T01:05:25.55523324Z: [    0.801708] clocksource: jiffies: mask: 0xffffffff max_cycles: 0xffffffff, max_idle_ns: 19112604462750000 ns
[STDERR  ] 2017-06-22T01:05:25.555245206Z: [    0.802648] futex hash table entries: 256 (order: 2, 16384 bytes)
[STDERR  ] 2017-06-22T01:05:25.555257221Z: [    0.815349] NET: Registered protocol family 16
[STDERR  ] 2017-06-22T01:05:25.555263765Z: [    0.822266] cpuidle: using governor ladder
[STDERR  ] 2017-06-22T01:05:25.555281216Z: [    0.822712] cpuidle: using governor menu
[STDERR  ] 2017-06-22T01:05:25.555296357Z: [    0.824020] ACPI: bus type PCI registered
[STDERR  ] 2017-06-22T01:05:25.555308539Z: [    0.826980] PCI: MMCONFIG for domain 0000 [bus 00-ff] at [mem 0xb0000000-0xbfffffff] (base 0xb0000000)
[STDERR  ] 2017-06-22T01:05:25.555314357Z: [    0.827805] PCI: MMCONFIG at [mem 0xb0000000-0xbfffffff] reserved in E820
[STDERR  ] 2017-06-22T01:05:25.555333987Z: [    0.829078] PCI: Using configuration type 1 for base access
[STDERR  ] 2017-06-22T01:05:25.555346103Z: [    0.893901] ACPI: Added _OSI(Module Device)
[STDERR  ] 2017-06-22T01:05:25.55535812Z: [    0.894255] ACPI: Added _OSI(Processor Device)
[STDERR  ] 2017-06-22T01:05:25.555370104Z: [    0.894553] ACPI: Added _OSI(3.0 _SCP Extensions)
[STDERR  ] 2017-06-22T01:05:25.55538205Z: [    0.894859] ACPI: Added _OSI(Processor Aggregator Device)
[STDERR  ] 2017-06-22T01:05:25.55539137Z: [    0.973473] ACPI: Interpreter enabled
[STDERR  ] 2017-06-22T01:05:25.555409049Z: [    0.974235] ACPI: (supports S0 S5)
[STDERR  ] 2017-06-22T01:05:25.555414844Z: [    0.974531] ACPI: Using IOAPIC for interrupt routing
[STDERR  ] 2017-06-22T01:05:25.555433187Z: [    0.976285] PCI: Using host bridge windows from ACPI; if necessary, use "pci=nocrs" and report a bug
[STDERR  ] 2017-06-22T01:05:25.555445226Z: [    1.037770] ACPI: PCI Root Bridge [PCI0] (domain 0000 [bus 00-ff])
[STDERR  ] 2017-06-22T01:05:25.555457245Z: [    1.039153] acpi PNP0A08:00: _OSC: OS supports [ExtendedConfig ASPM ClockPM Segments MSI]
[STDERR  ] 2017-06-22T01:05:25.555463828Z: [    1.044499] acpi PNP0A08:00: _OSC: OS now controls [PCIeHotplug PME PCIeCapability]
[STDERR  ] 2017-06-22T01:05:25.555475032Z: [    1.047982] PCI host bridge to bus 0000:00
[STDERR  ] 2017-06-22T01:05:25.555493351Z: [    1.048412] pci_bus 0000:00: root bus resource [io  0x0000-0x0cf7 window]
[STDERR  ] 2017-06-22T01:05:25.555508887Z: [    1.048870] pci_bus 0000:00: root bus resource [io  0x0d00-0xffff window]
[STDERR  ] 2017-06-22T01:05:25.555521028Z: [    1.049308] pci_bus 0000:00: root bus resource [mem 0x000a0000-0x000bffff window]
[STDERR  ] 2017-06-22T01:05:25.555533022Z: [    1.049780] pci_bus 0000:00: root bus resource [mem 0xc0000000-0xfebfffff window]
[STDERR  ] 2017-06-22T01:05:25.555548098Z: [    1.050171] pci_bus 0000:00: root bus resource [bus 00-ff]
[STDERR  ] 2017-06-22T01:05:25.555558063Z: [    1.137635] pci 0000:00:1f.0: quirk: [io  0x0600-0x067f] claimed by ICH6 ACPI/GPIO/TCO
[STDERR  ] 2017-06-22T01:05:25.555569484Z: [    1.193770] ACPI: PCI Interrupt Link [LNKA] (IRQs 5 *10 11)
[STDERR  ] 2017-06-22T01:05:25.555587799Z: [    1.195686] ACPI: PCI Interrupt Link [LNKB] (IRQs 5 *10 11)
[STDERR  ] 2017-06-22T01:05:25.555599699Z: [    1.197345] ACPI: PCI Interrupt Link [LNKC] (IRQs 5 10 *11)
[STDERR  ] 2017-06-22T01:05:25.555611807Z: [    1.199105] ACPI: PCI Interrupt Link [LNKD] (IRQs 5 10 *11)
[STDERR  ] 2017-06-22T01:05:25.555623721Z: [    1.201448] ACPI: PCI Interrupt Link [LNKE] (IRQs 5 *10 11)
[STDERR  ] 2017-06-22T01:05:25.555638207Z: [    1.203148] ACPI: PCI Interrupt Link [LNKF] (IRQs 5 *10 11)
[STDERR  ] 2017-06-22T01:05:25.555644849Z: [    1.204797] ACPI: PCI Interrupt Link [LNKG] (IRQs 5 10 *11)
[STDERR  ] 2017-06-22T01:05:25.555655944Z: [    1.206502] ACPI: PCI Interrupt Link [LNKH] (IRQs 5 10 *11)
[STDERR  ] 2017-06-22T01:05:25.555674217Z: [    1.207343] ACPI: PCI Interrupt Link [GSIA] (IRQs *16)
[STDERR  ] 2017-06-22T01:05:25.555680684Z: [    1.207946] ACPI: PCI Interrupt Link [GSIB] (IRQs *17)
[STDERR  ] 2017-06-22T01:05:25.555698116Z: [    1.208545] ACPI: PCI Interrupt Link [GSIC] (IRQs *18)
[STDERR  ] 2017-06-22T01:05:25.555703757Z: [    1.209144] ACPI: PCI Interrupt Link [GSID] (IRQs *19)
[STDERR  ] 2017-06-22T01:05:25.555723573Z: [    1.209746] ACPI: PCI Interrupt Link [GSIE] (IRQs *20)
[STDERR  ] 2017-06-22T01:05:25.555730051Z: [    1.210360] ACPI: PCI Interrupt Link [GSIF] (IRQs *21)
[STDERR  ] 2017-06-22T01:05:25.555741167Z: [    1.210964] ACPI: PCI Interrupt Link [GSIG] (IRQs *22)
[STDERR  ] 2017-06-22T01:05:25.555760835Z: [    1.211618] ACPI: PCI Interrupt Link [GSIH] (IRQs *23)
[STDERR  ] 2017-06-22T01:05:25.555772872Z: [    1.215415] ACPI: Enabled 2 GPEs in block 00 to 3F
[STDERR  ] 2017-06-22T01:05:25.555784618Z: [    1.219400] SCSI subsystem initialized
[STDERR  ] 2017-06-22T01:05:25.555796137Z: [    1.222284] pps_core: LinuxPPS API ver. 1 registered
[STDERR  ] 2017-06-22T01:05:25.555807323Z: [    1.222632] pps_core: Software ver. 5.3.6 - Copyright 2005-2007 Rodolfo Giometti <giometti@linux.it>
[STDERR  ] 2017-06-22T01:05:25.555818526Z: [    1.223336] PTP clock support registered
[STDERR  ] 2017-06-22T01:05:25.555824552Z: [    1.224571] wmi: Mapper loaded
[STDERR  ] 2017-06-22T01:05:25.555834898Z: [    1.225579] PCI: Using ACPI for IRQ routing
[STDERR  ] 2017-06-22T01:05:25.555855209Z: [    1.244933] NetLabel: Initializing
[STDERR  ] 2017-06-22T01:05:25.55586125Z: [    1.245203] NetLabel:  domain hash size = 128
[STDERR  ] 2017-06-22T01:05:25.555871665Z: [    1.245493] NetLabel:  protocols = UNLABELED CIPSOv4
[STDERR  ] 2017-06-22T01:05:25.555889002Z: [    1.247160] NetLabel:  unlabeled traffic allowed by default
[STDERR  ] 2017-06-22T01:05:25.555900375Z: [    1.248081] HPET: 3 timers in total, 0 timers will be used for per-cpu timer
[STDERR  ] 2017-06-22T01:05:25.555911639Z: [    1.248801] hpet0: at MMIO 0xfed00000, IRQs 2, 8, 0
[STDERR  ] 2017-06-22T01:05:25.55592341Z: [    1.249248] hpet0: 3 comparators, 64-bit 100.000000 MHz counter
[STDERR  ] 2017-06-22T01:05:25.555929659Z: [    1.255918] amd_nb: Cannot enumerate AMD northbridges
[STDERR  ] 2017-06-22T01:05:25.555943249Z: [    1.256896] clocksource: Switched to clocksource hpet
[STDERR  ] 2017-06-22T01:05:25.555963114Z: [    1.491695] FS-Cache: Loaded
[STDERR  ] 2017-06-22T01:05:25.555974331Z: [    1.495333] CacheFiles: Loaded
[STDERR  ] 2017-06-22T01:05:25.555986Z: [    1.497259] pnp: PnP ACPI init
[STDERR  ] 2017-06-22T01:05:25.555997526Z: [    1.508498] pnp: PnP ACPI: found 5 devices
[STDERR  ] 2017-06-22T01:05:25.556012479Z: [    1.555399] clocksource: acpi_pm: mask: 0xffffff max_cycles: 0xffffff, max_idle_ns: 2085701024 ns
[STDERR  ] 2017-06-22T01:05:25.556027236Z: [    1.557461] NET: Registered protocol family 2
[STDERR  ] 2017-06-22T01:05:25.556041702Z: [    1.564464] TCP established hash table entries: 8192 (order: 4, 65536 bytes)
[STDERR  ] 2017-06-22T01:05:25.556058317Z: [    1.565187] TCP bind hash table entries: 8192 (order: 5, 131072 bytes)
[STDERR  ] 2017-06-22T01:05:25.556069391Z: [    1.565848] TCP: Hash tables configured (established 8192 bind 8192)
[STDERR  ] 2017-06-22T01:05:25.556080552Z: [    1.567260] UDP hash table entries: 512 (order: 2, 16384 bytes)
[STDERR  ] 2017-06-22T01:05:25.55608664Z: [    1.567796] UDP-Lite hash table entries: 512 (order: 2, 16384 bytes)
[STDERR  ] 2017-06-22T01:05:25.55610347Z: [    1.570003] NET: Registered protocol family 1
[STDERR  ] 2017-06-22T01:05:25.556114743Z: [    1.573430] RPC: Registered named UNIX socket transport module.
[STDERR  ] 2017-06-22T01:05:25.556125979Z: [    1.573879] RPC: Registered udp transport module.
[STDERR  ] 2017-06-22T01:05:25.556137363Z: [    1.574237] RPC: Registered tcp transport module.
[STDERR  ] 2017-06-22T01:05:25.556142515Z: [    1.574550] RPC: Registered tcp NFSv4.1 backchannel transport module.
[STDERR  ] 2017-06-22T01:05:25.556160573Z: [    1.581788] Unpacking initramfs...
[STDERR  ] 2017-06-22T01:05:25.556172087Z: [    6.597217] Freeing initrd memory: 37012K (ffff88003dbab000 - ffff88003ffd0000)
[STDERR  ] 2017-06-22T01:05:25.556183718Z: [    6.619090] PCLMULQDQ-NI instructions are not detected.
[STDERR  ] 2017-06-22T01:05:25.556190064Z: [    6.620463] AVX or AES-NI instructions are not detected.
[STDERR  ] 2017-06-22T01:05:25.556207417Z: [    6.620910] CPU feature 'AVX registers' is not supported.
[STDERR  ] 2017-06-22T01:05:25.556218851Z: [    6.621482] CPU feature 'AVX registers' is not supported.
[STDERR  ] 2017-06-22T01:05:25.556224394Z: [    6.621896] CPU feature 'AVX registers' is not supported.
[STDERR  ] 2017-06-22T01:05:25.556242504Z: [    6.622306] CPU feature 'AVX registers' is not supported.
[STDERR  ] 2017-06-22T01:05:25.556254094Z: [    6.622713] AVX2 or AES-NI instructions are not detected.
[STDERR  ] 2017-06-22T01:05:25.556267379Z: [    6.623114] AVX2 instructions are not detected.
[STDERR  ] 2017-06-22T01:05:25.556278726Z: [    6.628168] audit: initializing netlink subsys (disabled)
[STDERR  ] 2017-06-22T01:05:25.556290812Z: [    6.629392] audit: type=2000 audit(1498093489.620:1): initialized
[STDERR  ] 2017-06-22T01:05:25.556302741Z: [    6.638016] HugeTLB registered 2 MB page size, pre-allocated 0 pages
[STDERR  ] 2017-06-22T01:05:25.556318293Z: [    6.641911] VFS: Disk quotas dquot_6.6.0
[STDERR  ] 2017-06-22T01:05:25.556325059Z: [    6.642475] VFS: Dquot-cache hash table entries: 512 (order 0, 4096 bytes)
[STDERR  ] 2017-06-22T01:05:25.556344282Z: [    6.647310] FS-Cache: Netfs 'nfs' registered for caching
[STDERR  ] 2017-06-22T01:05:25.55635646Z: [    6.648895] NFS: Registering the id_resolver key type
[STDERR  ] 2017-06-22T01:05:25.556362584Z: [    6.650622] Key type id_resolver registered
[STDERR  ] 2017-06-22T01:05:25.556380571Z: [    6.650946] Key type id_legacy registered
[STDERR  ] 2017-06-22T01:05:25.55638681Z: [    6.651353] nfs4filelayout_init: NFSv4 File Layout Driver Registering...
[STDERR  ] 2017-06-22T01:05:25.556397935Z: [    6.652086] Installing knfsd (copyright (C) 1996 okir@monad.swb.de).
[STDERR  ] 2017-06-22T01:05:25.556416708Z: [    6.655002] FS-Cache: Netfs 'cifs' registered for caching
[STDERR  ] 2017-06-22T01:05:25.55642892Z: [    6.655826] ntfs: driver 2.1.32 [Flags: R/O].
[STDERR  ] 2017-06-22T01:05:25.556435693Z: [    6.656322] fuse init (API version 7.23)
[STDERR  ] 2017-06-22T01:05:25.556453455Z: [    6.658448] SGI XFS with ACLs, security attributes, no debug enabled
[STDERR  ] 2017-06-22T01:05:25.556465579Z: [    6.661115] 9p: Installing v9fs 9p2000 file system support
[STDERR  ] 2017-06-22T01:05:25.556471406Z: [    6.661546] FS-Cache: Netfs '9p' registered for caching
[STDERR  ] 2017-06-22T01:05:25.556495165Z: [    6.663100] Key type big_key registered
[STDERR  ] 2017-06-22T01:05:25.556501809Z: [    6.696582] NET: Registered protocol family 38
[STDERR  ] 2017-06-22T01:05:25.556513295Z: [    6.697115] Key type asymmetric registered
[STDERR  ] 2017-06-22T01:05:25.556531723Z: [    6.697450] Asymmetric key parser 'x509' registered
[STDERR  ] 2017-06-22T01:05:25.556544197Z: [    6.698174] Block layer SCSI generic (bsg) driver version 0.4 loaded (major 251)
[STDERR  ] 2017-06-22T01:05:25.55655584Z: [    6.699379] io scheduler noop registered
[STDERR  ] 2017-06-22T01:05:25.556574203Z: [    6.699709] io scheduler deadline registered (default)
[STDERR  ] 2017-06-22T01:05:25.556592445Z: [    6.701359] io scheduler cfq registered
[STDERR  ] 2017-06-22T01:05:25.55660455Z: [    6.703839] pci_hotplug: PCI Hot Plug PCI Core version: 0.5
[STDERR  ] 2017-06-22T01:05:25.556616713Z: [    6.704458] pciehp: PCI Express Hot Plug Controller Driver version: 0.4
[STDERR  ] 2017-06-22T01:05:25.556628897Z: [    6.705324] shpchp: Standard Hot Plug PCI Controller Driver version: 0.4
[STDERR  ] 2017-06-22T01:05:25.556641085Z: [    6.706131] hv_vmbus: registering driver hyperv_fb
[STDERR  ] 2017-06-22T01:05:25.556653214Z: [    6.709258] input: Power Button as /devices/LNXSYSTM:00/LNXPWRBN:00/input/input0
[STDERR  ] 2017-06-22T01:05:25.556672336Z: [    6.711047] ACPI: Power Button [PWRF]
[STDERR  ] 2017-06-22T01:05:25.556687368Z: [    6.715539] GHES: HEST is not enabled!
[STDERR  ] 2017-06-22T01:05:25.556699485Z: [    6.726594] ACPI: PCI Interrupt Link [GSIH] enabled at IRQ 23
[STDERR  ] 2017-06-22T01:05:25.556711587Z: [    6.732568] xenfs: not registering filesystem on non-xen platform
[STDERR  ] 2017-06-22T01:05:25.556723797Z: [    6.734572] Serial: 8250/16550 driver, 4 ports, IRQ sharing disabled
[STDERR  ] 2017-06-22T01:05:25.556736184Z: [    6.761068] 00:04: ttyS0 at I/O 0x3f8 (irq = 4, base_baud = 115200) is a 16550A
[STDERR  ] 2017-06-22T01:05:25.556744355Z: [    6.767466] Initializing Nozomi driver 2.1d
[STDERR  ] 2017-06-22T01:05:25.556762248Z: [    6.771726] Non-volatile memory driver v1.3
[STDERR  ] 2017-06-22T01:05:25.556774639Z: [    6.777412] Hangcheck: starting hangcheck timer 0.9.1 (tick is 180 seconds, margin is 60 seconds).
[STDERR  ] 2017-06-22T01:05:25.556780622Z: [    6.780819] random: nonblocking pool is initialized
[STDERR  ] 2017-06-22T01:05:25.556799274Z: [    6.815145] loop: module loaded
[STDERR  ] 2017-06-22T01:05:25.556814862Z: [    6.826176] nbd: registered device at major 43
[STDERR  ] 2017-06-22T01:05:25.556827208Z: [    6.863359] lpc_ich 0000:00:1f.0: I/O space for GPIO uninitialized
[STDERR  ] 2017-06-22T01:05:25.55683934Z: [    6.864981] VMware PVSCSI driver - version 1.0.5.0-k
[STDERR  ] 2017-06-22T01:05:25.55685145Z: [    6.865704] hv_vmbus: registering driver hv_storvsc
[STDERR  ] 2017-06-22T01:05:25.55686352Z: [    6.876016] ACPI: PCI Interrupt Link [GSIA] enabled at IRQ 16
[STDERR  ] 2017-06-22T01:05:25.556877904Z: [    6.881792] ahci 0000:00:1f.2: AHCI 0001.0000 32 slots 6 ports 1.5 Gbps 0x3f impl SATA mode
[STDERR  ] 2017-06-22T01:05:25.5568901Z: [    6.882442] ahci 0000:00:1f.2: flags: 64bit ncq only 
[STDERR  ] 2017-06-22T01:05:25.556903897Z: [    6.901565] scsi host0: ahci
[STDERR  ] 2017-06-22T01:05:25.556917603Z: [    6.904343] scsi host1: ahci
[STDERR  ] 2017-06-22T01:05:25.556929719Z: [    6.906324] scsi host2: ahci
[STDERR  ] 2017-06-22T01:05:25.556936285Z: [    6.908345] scsi host3: ahci
[STDERR  ] 2017-06-22T01:05:25.556954084Z: [    6.910667] scsi host4: ahci
[STDERR  ] 2017-06-22T01:05:25.556959915Z: [    6.912694] scsi host5: ahci
[STDERR  ] 2017-06-22T01:05:25.556978492Z: [    6.914410] ata1: SATA max UDMA/133 abar m4096@0xfebf1000 port 0xfebf1100 irq 24
[STDERR  ] 2017-06-22T01:05:25.556990581Z: [    6.914935] ata2: SATA max UDMA/133 abar m4096@0xfebf1000 port 0xfebf1180 irq 24
[STDERR  ] 2017-06-22T01:05:25.557004356Z: [    6.915401] ata3: SATA max UDMA/133 abar m4096@0xfebf1000 port 0xfebf1200 irq 24
[STDERR  ] 2017-06-22T01:05:25.55701102Z: [    6.915862] ata4: SATA max UDMA/133 abar m4096@0xfebf1000 port 0xfebf1280 irq 24
[STDERR  ] 2017-06-22T01:05:25.557032574Z: [    6.916319] ata5: SATA max UDMA/133 abar m4096@0xfebf1000 port 0xfebf1300 irq 24
[STDERR  ] 2017-06-22T01:05:25.557040117Z: [    6.916778] ata6: SATA max UDMA/133 abar m4096@0xfebf1000 port 0xfebf1380 irq 24
[STDERR  ] 2017-06-22T01:05:25.557061925Z: [    6.925023] Ethernet Channel Bonding Driver: v3.7.1 (April 27, 2011)
[STDERR  ] 2017-06-22T01:05:25.557068515Z: [    6.943891] tun: Universal TUN/TAP device driver, 1.6
[STDERR  ] 2017-06-22T01:05:25.55707989Z: [    6.944336] tun: (C) 1999-2004 Max Krasnyansky <maxk@qualcomm.com>
[STDERR  ] 2017-06-22T01:05:25.557098429Z: [    6.945780] e1000: Intel(R) PRO/1000 Network Driver - version 7.3.21-k8-NAPI
[STDERR  ] 2017-06-22T01:05:25.557110744Z: [    6.946243] e1000: Copyright (c) 1999-2006 Intel Corporation.
[STDERR  ] 2017-06-22T01:05:25.557123049Z: [    6.954324] ACPI: PCI Interrupt Link [GSIG] enabled at IRQ 22
[STDERR  ] 2017-06-22T01:05:25.557135299Z: [    7.263544] e1000 0000:00:02.0 eth0: (PCI:33MHz:32-bit) 52:54:00:12:34:56
[STDERR  ] 2017-06-22T01:05:25.557141963Z: [    7.264100] e1000 0000:00:02.0 eth0: Intel(R) PRO/1000 Network Connection
[STDERR  ] 2017-06-22T01:05:25.557153416Z: [    7.264956] e1000e: Intel(R) PRO/1000 Network Driver - 3.2.6-k
[STDERR  ] 2017-06-22T01:05:25.55717208Z: [    7.265341] e1000e: Copyright(c) 1999 - 2015 Intel Corporation.
[STDERR  ] 2017-06-22T01:05:25.557184122Z: [    7.266103] igb: Intel(R) Gigabit Ethernet Network Driver - version 5.3.0-k
[STDERR  ] 2017-06-22T01:05:25.557196169Z: [    7.266552] igb: Copyright (c) 2007-2014 Intel Corporation.
[STDERR  ] 2017-06-22T01:05:25.557202961Z: [    7.267248] igbvf: Intel(R) Gigabit Virtual Function Network Driver - version 2.0.2-k
[STDERR  ] 2017-06-22T01:05:25.557217696Z: [    7.267745] igbvf: Copyright (c) 2009 - 2012 Intel Corporation.
[STDERR  ] 2017-06-22T01:05:25.557236428Z: [    7.268431] ixgbe: Intel(R) 10 Gigabit PCI Express Network Driver - version 4.2.1-k
[STDERR  ] 2017-06-22T01:05:25.557248702Z: [    7.268916] ixgbe: Copyright (c) 1999-2015 Intel Corporation.
[STDERR  ] 2017-06-22T01:05:25.557261058Z: [    7.269805] ixgbevf: Intel(R) 10 Gigabit PCI Express Virtual Function Network Driver - version 2.12.1-k
[STDERR  ] 2017-06-22T01:05:25.557276042Z: [    7.270655] ixgbevf: Copyright (c) 2009 - 2012 Intel Corporation.
[STDERR  ] 2017-06-22T01:05:25.557288365Z: [    7.271586] ixgb: Intel(R) PRO/10GbE Network Driver - version 1.0.135-k2-NAPI
[STDERR  ] 2017-06-22T01:05:25.557300588Z: [    7.272047] ixgb: Copyright (c) 1999-2008 Intel Corporation.
[STDERR  ] 2017-06-22T01:05:25.557312904Z: [    7.273028] PPP generic driver version 2.4.2
[STDERR  ] 2017-06-22T01:05:25.557325088Z: [    7.274546] PPP BSD Compression module registered
[STDERR  ] 2017-06-22T01:05:25.557339942Z: [    7.274943] PPP Deflate Compression module registered
[STDERR  ] 2017-06-22T01:05:25.557352127Z: [    7.275454] PPP MPPE Compression module registered
[STDERR  ] 2017-06-22T01:05:25.557400836Z: [    7.275838] NET: Registered protocol family 24
[STDERR  ] 2017-06-22T01:05:25.557414811Z: [    7.276397] PPTP driver version 0.8.5
[STDERR  ] 2017-06-22T01:05:25.557432594Z: [    7.277608] VMware vmxnet3 virtual NIC driver - version 1.4.5.0-k-NAPI
[STDERR  ] 2017-06-22T01:05:25.557445018Z: [    7.278406] hv_vmbus: registering driver hv_netvsc
[STDERR  ] 2017-06-22T01:05:25.557457161Z: [    7.278750] Fusion MPT base driver 3.04.20
[STDERR  ] 2017-06-22T01:05:25.557469328Z: [    7.279026] Copyright (c) 1999-2008 LSI Corporation
[STDERR  ] 2017-06-22T01:05:25.557481645Z: [    7.279557] Fusion MPT SPI Host driver 3.04.20
[STDERR  ] 2017-06-22T01:05:25.557493771Z: [    7.284918] aoe: AoE v85 initialised.
[STDERR  ] 2017-06-22T01:05:25.557506029Z: [    7.286824] i8042: PNP: PS/2 Controller [PNP0303:KBD,PNP0f13:MOU] at 0x60,0x64 irq 1,12
[STDERR  ] 2017-06-22T01:05:25.55751265Z: [    7.291607] serio: i8042 KBD port at 0x60,0x64 irq 1
[STDERR  ] 2017-06-22T01:05:25.55752403Z: [    7.292190] serio: i8042 AUX port at 0x60,0x64 irq 12
[STDERR  ] 2017-06-22T01:05:25.557547296Z: [    7.295227] hv_vmbus: registering driver hyperv_keyboard
[STDERR  ] 2017-06-22T01:05:25.557553869Z: [    7.297137] mousedev: PS/2 mouse device common for all mice
[STDERR  ] 2017-06-22T01:05:25.557577763Z: [    7.302019] input: AT Translated Set 2 keyboard as /devices/platform/i8042/serio0/input/input1
[STDERR  ] 2017-06-22T01:05:25.557587251Z: [    7.304784] input: PC Speaker as /devices/platform/pcspkr/input/input2
[STDERR  ] 2017-06-22T01:05:25.557605931Z: [    7.308055] rtc_cmos 00:00: RTC can wake from S4
[STDERR  ] 2017-06-22T01:05:25.557617994Z: [    7.311628] rtc_cmos 00:00: rtc core: registered rtc_cmos as rtc0
[STDERR  ] 2017-06-22T01:05:25.557630179Z: [    7.312701] rtc_cmos 00:00: alarms up to one day, y3k, 114 bytes nvram, hpet irqs
[STDERR  ] 2017-06-22T01:05:25.557636761Z: [    7.313378] i2c /dev entries driver
[STDERR  ] 2017-06-22T01:05:25.55764819Z: [    7.315075] device-mapper: ioctl: 4.34.0-ioctl (2015-10-28) initialised: dm-devel@redhat.com
[STDERR  ] 2017-06-22T01:05:25.55766693Z: [    7.319763] hv_utils: Registering HyperV Utility Driver
[STDERR  ] 2017-06-22T01:05:25.557678967Z: [    7.320305] hv_vmbus: registering driver hv_util
[STDERR  ] 2017-06-22T01:05:25.557691102Z: [    7.320745] hv_vmbus: registering driver hv_balloon
[STDERR  ] 2017-06-22T01:05:25.55770488Z: [    7.321255] oprofile: using NMI interrupt.
[STDERR  ] 2017-06-22T01:05:25.557717327Z: [    7.322249] GACT probability on
[STDERR  ] 2017-06-22T01:05:25.557726997Z: [    7.322615] Mirror/redirect action on
[STDERR  ] 2017-06-22T01:05:25.557738465Z: [    7.323017] Simple TC action Loaded
[STDERR  ] 2017-06-22T01:05:25.557757052Z: [    7.325793] netem: version 1.3
[STDERR  ] 2017-06-22T01:05:25.557763784Z: [    7.326112] u32 classifier
[STDERR  ] 2017-06-22T01:05:25.557775186Z: [    7.326311]     Performance counters on
[STDERR  ] 2017-06-22T01:05:25.557797073Z: [    7.326565]     input device check on
[STDERR  ] 2017-06-22T01:05:25.557809395Z: [    7.326809]     Actions configured
[STDERR  ] 2017-06-22T01:05:25.557821595Z: [    7.327482] Netfilter messages via NETLINK v0.30.
[STDERR  ] 2017-06-22T01:05:25.557833699Z: [    7.327995] nfnl_acct: registering with nfnetlink.
[STDERR  ] 2017-06-22T01:05:25.557845968Z: [    7.329101] nf_conntrack version 0.5.0 (7904 buckets, 31616 max)
[STDERR  ] 2017-06-22T01:05:25.557858143Z: [    7.330976] ata1: SATA link down (SStatus 0 SControl 300)
[STDERR  ] 2017-06-22T01:05:25.557870481Z: [    7.332924] ata2: SATA link down (SStatus 0 SControl 300)
[STDERR  ] 2017-06-22T01:05:25.557882493Z: [    7.333612] ata3: SATA link up 1.5 Gbps (SStatus 113 SControl 300)
[STDERR  ] 2017-06-22T01:05:25.557889072Z: [    7.336991] ata3.00: ATAPI: QEMU DVD-ROM, 2.5+, max UDMA/100
[STDERR  ] 2017-06-22T01:05:25.557900388Z: [    7.337468] ata3.00: applying bridge limits
[STDERR  ] 2017-06-22T01:05:25.557918852Z: [    7.339126] ata3.00: configured for UDMA/100
[STDERR  ] 2017-06-22T01:05:25.557933251Z: [    7.340283] ata4: SATA link down (SStatus 0 SControl 300)
[STDERR  ] 2017-06-22T01:05:25.55793993Z: [    7.340749] ata5: SATA link down (SStatus 0 SControl 300)
[STDERR  ] 2017-06-22T01:05:25.557957262Z: [    7.341199] ata6: SATA link down (SStatus 0 SControl 300)
[STDERR  ] 2017-06-22T01:05:25.557969699Z: [    7.344426] ctnetlink v0.93: registering with nfnetlink.
[STDERR  ] 2017-06-22T01:05:25.557975268Z: [    7.347517] nf_tables: (c) 2007-2009 Patrick McHardy <kaber@trash.net>
[STDERR  ] 2017-06-22T01:05:25.557993084Z: [    7.348356] nf_tables_compat: (c) 2012 Pablo Neira Ayuso <pablo@netfilter.org>
[STDERR  ] 2017-06-22T01:05:25.558004418Z: [    7.362088] xt_time: kernel timezone is -0000
[STDERR  ] 2017-06-22T01:05:25.558020484Z: [    7.362625] ip_set: protocol 6
[STDERR  ] 2017-06-22T01:05:25.558035347Z: [    7.363380] IPVS: Registered protocols (TCP, UDP, SCTP, AH, ESP)
[STDERR  ] 2017-06-22T01:05:25.558047536Z: [    7.363965] IPVS: Connection hash table configured (size=4096, memory=64Kbytes)
[STDERR  ] 2017-06-22T01:05:25.558065985Z: [    7.365898] scsi 2:0:0:0: CD-ROM            QEMU     QEMU DVD-ROM     2.5+ PQ: 0 ANSI: 5
[STDERR  ] 2017-06-22T01:05:25.558073187Z: [    7.375411] IPVS: Creating netns size=2096 id=0
[STDERR  ] 2017-06-22T01:05:25.558090369Z: [    7.378654] IPVS: ipvs loaded.
[STDERR  ] 2017-06-22T01:05:25.558096101Z: [    7.379022] IPVS: [rr] scheduler registered.
[STDERR  ] 2017-06-22T01:05:25.558118775Z: [    7.379297] IPVS: [wrr] scheduler registered.
[STDERR  ] 2017-06-22T01:05:25.558133734Z: [    7.379527] IPVS: [lc] scheduler registered.
[STDERR  ] 2017-06-22T01:05:25.558146329Z: [    7.379750] IPVS: [wlc] scheduler registered.
[STDERR  ] 2017-06-22T01:05:25.558158168Z: [    7.379974] IPVS: [fo] scheduler registered.
[STDERR  ] 2017-06-22T01:05:25.558169851Z: [    7.382511] IPVS: [ovf] scheduler registered.
[STDERR  ] 2017-06-22T01:05:25.558181959Z: [    7.383034] IPVS: [lblc] scheduler registered.
[STDERR  ] 2017-06-22T01:05:25.558194115Z: [    7.383518] IPVS: [lblcr] scheduler registered.
[STDERR  ] 2017-06-22T01:05:25.558206242Z: [    7.383891] IPVS: [dh] scheduler registered.
[STDERR  ] 2017-06-22T01:05:25.55821799Z: [    7.384257] IPVS: [sh] scheduler registered.
[STDERR  ] 2017-06-22T01:05:25.558229831Z: [    7.384583] IPVS: [sed] scheduler registered.
[STDERR  ] 2017-06-22T01:05:25.558241392Z: [    7.384887] IPVS: [nq] scheduler registered.
[STDERR  ] 2017-06-22T01:05:25.558247799Z: [    7.385642] IPVS: ftp: loaded support on port[0] = 21
[STDERR  ] 2017-06-22T01:05:25.558258642Z: [    7.386941] ipip: IPv4 over IPv4 tunneling driver
[STDERR  ] 2017-06-22T01:05:25.558276387Z: [    7.394799] sr 2:0:0:0: [sr0] scsi3-mmc drive: 4x/4x cd/rw xa/form2 tray
[STDERR  ] 2017-06-22T01:05:25.558287996Z: [    7.395893] cdrom: Uniform CD-ROM driver Revision: 3.20
[STDERR  ] 2017-06-22T01:05:25.558294165Z: [    7.402120] gre: GRE over IPv4 demultiplexor driver
[STDERR  ] 2017-06-22T01:05:25.558310922Z: [    7.402706] ip_gre: GRE over IPv4 tunneling driver
[STDERR  ] 2017-06-22T01:05:25.558316745Z: [    7.416656] sr 2:0:0:0: Attached scsi generic sg0 type 5
[STDERR  ] 2017-06-22T01:05:25.558342117Z: [    7.420857] IPv4 over IPsec tunneling driver
[STDERR  ] 2017-06-22T01:05:25.558348725Z: [    7.430731] ip_tables: (C) 2000-2006 Netfilter Core Team
[STDERR  ] 2017-06-22T01:05:25.558369351Z: [    7.435358] ipt_CLUSTERIP: ClusterIP Version 0.8 loaded successfully
[STDERR  ] 2017-06-22T01:05:25.558385742Z: [    7.436506] arp_tables: (C) 2002 David S. Miller
[STDERR  ] 2017-06-22T01:05:25.558392261Z: [    7.439238] Initializing XFRM netlink socket
[STDERR  ] 2017-06-22T01:05:25.558411084Z: [    7.441182] NET: Registered protocol family 10
[STDERR  ] 2017-06-22T01:05:25.558423432Z: [    7.453211] mip6: Mobile IPv6
[STDERR  ] 2017-06-22T01:05:25.558435406Z: [    7.453660] ip6_tables: (C) 2000-2006 Netfilter Core Team
[STDERR  ] 2017-06-22T01:05:25.558442179Z: [    7.461495] sit: IPv6 over IPv4 tunneling driver
[STDERR  ] 2017-06-22T01:05:25.558459522Z: [    7.467806] ip6_gre: GRE over IPv6 tunneling driver
[STDERR  ] 2017-06-22T01:05:25.558465244Z: [    7.471391] NET: Registered protocol family 17
[STDERR  ] 2017-06-22T01:05:25.558483473Z: [    7.471994] NET: Registered protocol family 15
[STDERR  ] 2017-06-22T01:05:25.558496099Z: [    7.472816] bridge: automatic filtering via arp/ip/ip6tables has been deprecated. Update your scripts to load br_netfilter if you need this.
[STDERR  ] 2017-06-22T01:05:25.5585087Z: [    7.474098] Bridge firewalling registered
[STDERR  ] 2017-06-22T01:05:25.558515661Z: [    7.474738] Ebtables v2.0 registered
[STDERR  ] 2017-06-22T01:05:25.558531565Z: [    7.478229] l2tp_core: L2TP core driver, V2.0
[STDERR  ] 2017-06-22T01:05:25.558550999Z: [    7.478674] l2tp_ppp: PPPoL2TP kernel driver, V2.0
[STDERR  ] 2017-06-22T01:05:25.558563509Z: [    7.479033] 8021q: 802.1Q VLAN Support v1.8
[STDERR  ] 2017-06-22T01:05:25.55857166Z: [    7.480696] 9pnet: Installing 9P2000 support
[STDERR  ] 2017-06-22T01:05:25.558583195Z: [    7.481618] Key type dns_resolver registered
[STDERR  ] 2017-06-22T01:05:25.558606354Z: [    7.481988] openvswitch: Open vSwitch switching datapath
[STDERR  ] 2017-06-22T01:05:25.558617743Z: [    7.483827] hv_sock: failed to load: VMBus 4 or later is required
[STDERR  ] 2017-06-22T01:05:25.558628596Z: [    7.484380] mpls_gso: MPLS GSO support
[STDERR  ] 2017-06-22T01:05:25.558639828Z: [    7.484847] microcode: AMD CPU family 0x6 not supported
[STDERR  ] 2017-06-22T01:05:25.558650509Z: [    7.488702] registered taskstats version 1
[STDERR  ] 2017-06-22T01:05:25.558666664Z: [    7.591084] tsc: Refined TSC clocksource calibration: 2300.036 MHz
[STDERR  ] 2017-06-22T01:05:25.558688713Z: [    7.591559] clocksource: tsc: mask: 0xffffffffffffffff max_cycles: 0x212756f2070, max_idle_ns: 440795211913 ns
[STDERR  ] 2017-06-22T01:05:25.558704998Z: [    7.608932] Key type encrypted registered
[STDERR  ] 2017-06-22T01:05:25.558716824Z: [    7.614328] rtc_cmos 00:00: setting system clock to 2017-06-22 01:04:51 UTC (1498093491)
[STDERR  ] 2017-06-22T01:05:25.558731025Z: [    7.753101] Freeing unused kernel memory: 1372K (ffffffffaff70000 - ffffffffb00c7000)
[STDERR  ] 2017-06-22T01:05:25.558737776Z: [    7.753691] Write protecting the kernel read-only data: 14336k
[STDERR  ] 2017-06-22T01:05:25.558755213Z: [    7.766561] Freeing unused kernel memory: 1284K (ffff88002f8bf000 - ffff88002fa00000)
[STDERR  ] 2017-06-22T01:05:25.558767243Z: [    7.849738] Freeing unused kernel memory: 1008K (ffff88002fd04000 - ffff88002fe00000)
[STDERR  ] 2017-06-22T01:05:25.558784188Z: [    8.600912] clocksource: Switched to clocksource tsc
[STDERR  ] 2017-06-22T01:05:25.558796622Z: 
[STDERR  ] 2017-06-22T01:05:25.558802407Z: Starting containerd
[STDERR  ] 2017-06-22T01:05:25.558820645Z: 
[STDERR  ] 2017-06-22T01:05:25.558827026Z: Welcome to LinuxKit
[STDERR  ] 2017-06-22T01:05:25.558837932Z: 
[STDERR  ] 2017-06-22T01:05:25.558856015Z:                         ##         .
[STDERR  ] 2017-06-22T01:05:25.558862524Z:                   ## ## ##        ==
[STDERR  ] 2017-06-22T01:05:25.558880432Z:                ## ## ## ## ##    ===
[STDERR  ] 2017-06-22T01:05:25.55889287Z:            /"""""""""""""""""\___/ ===
[STDERR  ] 2017-06-22T01:05:25.55889873Z:       ~~~ {~~ ~~~~ ~~~ ~~~~ ~~~ ~ /  ===- ~~~
[STDERR  ] 2017-06-22T01:05:25.558917976Z:            \______ o           __/
[STDERR  ] 2017-06-22T01:05:25.558930721Z:              \    \         __/
[STDERR  ] 2017-06-22T01:05:25.558942757Z:               \____\_______/
[STDERR  ] 2017-06-22T01:05:25.558954498Z: 
[STDERR  ] 2017-06-22T01:05:25.558966103Z: [34mINFO[0m[0000] starting containerd boot...                   [34mmodule[0m=containerd
[STDERR  ] 2017-06-22T01:05:25.558978102Z: [34mINFO[0m[0000] starting debug API...                         [34mdebug[0m="/run/containerd/debug.sock" [34mmodule[0m=containerd
[STDERR  ] 2017-06-22T01:05:25.558984675Z: [34mINFO[0m[0000] loading plugin "io.containerd.content.v1.content"...  [34mmodule[0m=containerd [34mtype[0m=io.containerd.content.v1
[STDERR  ] 2017-06-22T01:05:25.558995734Z: [34mINFO[0m[0000] skipping plugin "io.containerd.snapshotter.v1.btrfs"...  [34mmodule[0m=containerd [34mtype[0m=io.containerd.snapshotter.v1
[STDERR  ] 2017-06-22T01:05:25.559016723Z: [34mINFO[0m[0000] loading plugin "io.containerd.snapshotter.v1.overlayfs"...  [34mmodule[0m=containerd [34mtype[0m=io.containerd.snapshotter.v1
[STDERR  ] 2017-06-22T01:05:25.5590293Z: [34mINFO[0m[0000] loading plugin "io.containerd.differ.v1.base-diff"...  [34mmodule[0m=containerd [34mtype[0m=io.containerd.differ.v1
[STDERR  ] 2017-06-22T01:05:25.559040273Z: [34mINFO[0m[0000] loading plugin "io.containerd.metadata.v1.bolt"...  [34mmodule[0m=containerd [34mtype[0m=io.containerd.metadata.v1
[STDERR  ] 2017-06-22T01:05:25.559052072Z: [34mINFO[0m[0000] loading plugin "io.containerd.grpc.v1.containers"...  [34mmodule[0m=containerd [34mtype[0m=io.containerd.grpc.v1
[STDERR  ] 2017-06-22T01:05:25.55906497Z: [34mINFO[0m[0000] loading plugin "io.containerd.grpc.v1.content"...  [34mmodule[0m=containerd [34mtype[0m=io.containerd.grpc.v1
[STDERR  ] 2017-06-22T01:05:25.559083897Z: [34mINFO[0m[0000] loading plugin "io.containerd.grpc.v1.diff"...  [34mmodule[0m=containerd [34mtype[0m=io.containerd.grpc.v1
[STDERR  ] 2017-06-22T01:05:25.559097451Z: [34mINFO[0m[0000] loading plugin "io.containerd.monitor.v1.cgroups"...  [34mmodule[0m=containerd [34mtype[0m=io.containerd.monitor.v1
[STDERR  ] 2017-06-22T01:05:25.559108312Z: [34mINFO[0m[0000] loading plugin "io.containerd.runtime.v1.linux"...  [34mmodule[0m=containerd [34mtype[0m=io.containerd.runtime.v1
[STDERR  ] 2017-06-22T01:05:25.559131749Z: [34mINFO[0m[0000] loading plugin "io.containerd.grpc.v1.tasks"...  [34mmodule[0m=containerd [34mtype[0m=io.containerd.grpc.v1
[STDERR  ] 2017-06-22T01:05:25.559144214Z: [34mINFO[0m[0000] loading plugin "io.containerd.grpc.v1.healthcheck"...  [34mmodule[0m=containerd [34mtype[0m=io.containerd.grpc.v1
[STDERR  ] 2017-06-22T01:05:25.55915665Z: [34mINFO[0m[0000] loading plugin "io.containerd.grpc.v1.images"...  [34mmodule[0m=containerd [34mtype[0m=io.containerd.grpc.v1
[STDERR  ] 2017-06-22T01:05:25.559184356Z: [34mINFO[0m[0000] loading plugin "io.containerd.grpc.v1.namespaces"...  [34mmodule[0m=containerd [34mtype[0m=io.containerd.grpc.v1
[STDERR  ] 2017-06-22T01:05:25.55920904Z: [34mINFO[0m[0000] loading plugin "io.containerd.grpc.v1.snapshots"...  [34mmodule[0m=containerd [34mtype[0m=io.containerd.grpc.v1
[STDERR  ] 2017-06-22T01:05:25.559225847Z: [34mINFO[0m[0000] loading plugin "io.containerd.grpc.v1.version"...  [34mmodule[0m=containerd [34mtype[0m=io.containerd.grpc.v1
[STDERR  ] 2017-06-22T01:05:25.55923285Z: [34mINFO[0m[0000] starting GRPC API server...                   [34mmodule[0m=containerd
[STDERR  ] 2017-06-22T01:05:25.559251251Z: [34mINFO[0m[0000] containerd successfully booted in 0.268348s   [34mmodule[0m=containerd
[STDERR  ] 2017-06-22T01:05:25.559266759Z: starting kernel config sanity test with /proc/config.gz
[STDERR  ] 2017-06-22T01:05:25.559272704Z: kernel config test succeeded!
[STDERR  ] 2017-06-22T01:05:25.559290844Z: [37minfo: reading kernel config from /proc/config.gz ...[m
[STDERR  ] 2017-06-22T01:05:25.559302356Z: 
[STDERR  ] 2017-06-22T01:05:25.559314491Z: Generally Necessary:
[STDERR  ] 2017-06-22T01:05:25.559320723Z: - [37mcgroup hierarchy[m: [32mproperly mounted[m [/sys/fs/cgroup]
[STDERR  ] 2017-06-22T01:05:25.559339099Z: - [37mCONFIG_NAMESPACES[m: [32menabled[m
[STDERR  ] 2017-06-22T01:05:25.55935158Z: - [37mCONFIG_NET_NS[m: [32menabled[m
[STDERR  ] 2017-06-22T01:05:25.559361526Z: - [37mCONFIG_PID_NS[m: [32menabled[m
[STDERR  ] 2017-06-22T01:05:25.559384997Z: - [37mCONFIG_IPC_NS[m: [32menabled[m
[STDERR  ] 2017-06-22T01:05:25.559400796Z: - [37mCONFIG_UTS_NS[m: [32menabled[m
[STDERR  ] 2017-06-22T01:05:25.559412937Z: - [37mCONFIG_CGROUPS[m: [32menabled[m
[STDERR  ] 2017-06-22T01:05:25.559419244Z: - [37mCONFIG_CGROUP_CPUACCT[m: [32menabled[m
[STDERR  ] 2017-06-22T01:05:25.559436187Z: - [37mCONFIG_CGROUP_DEVICE[m: [32menabled[m
[STDERR  ] 2017-06-22T01:05:25.559447812Z: - [37mCONFIG_CGROUP_FREEZER[m: [32menabled[m
[STDERR  ] 2017-06-22T01:05:25.559458825Z: - [37mCONFIG_CGROUP_SCHED[m: [32menabled[m
[STDERR  ] 2017-06-22T01:05:25.55946438Z: - [37mCONFIG_CPUSETS[m: [32menabled[m
[STDERR  ] 2017-06-22T01:05:25.559485149Z: - [37mCONFIG_MEMCG[m: [32menabled[m
[STDERR  ] 2017-06-22T01:05:25.559499171Z: - [37mCONFIG_KEYS[m: [32menabled[m
[STDERR  ] 2017-06-22T01:05:25.559514153Z: - [37mCONFIG_VETH[m: [32menabled[m
[STDERR  ] 2017-06-22T01:05:25.559525697Z: - [37mCONFIG_BRIDGE[m: [32menabled[m
[STDERR  ] 2017-06-22T01:05:25.559540491Z: - [37mCONFIG_BRIDGE_NETFILTER[m: [32menabled[m
[STDERR  ] 2017-06-22T01:05:25.559552774Z: - [37mCONFIG_NF_NAT_IPV4[m: [32menabled[m
[STDERR  ] 2017-06-22T01:05:25.559567535Z: - [37mCONFIG_IP_NF_FILTER[m: [32menabled[m
[STDERR  ] 2017-06-22T01:05:25.559579809Z: - [37mCONFIG_IP_NF_TARGET_MASQUERADE[m: [32menabled[m
[STDERR  ] 2017-06-22T01:05:25.559600358Z: - [37mCONFIG_NETFILTER_XT_MATCH_ADDRTYPE[m: [32menabled[m
[STDERR  ] 2017-06-22T01:05:25.559612471Z: - [37mCONFIG_NETFILTER_XT_MATCH_CONNTRACK[m: [32menabled[m
[STDERR  ] 2017-06-22T01:05:25.559627538Z: - [37mCONFIG_NETFILTER_XT_MATCH_IPVS[m: [32menabled[m
[STDERR  ] 2017-06-22T01:05:25.559633993Z: - [37mCONFIG_IP_NF_NAT[m: [32menabled[m
[STDERR  ] 2017-06-22T01:05:25.55964575Z: - [37mCONFIG_NF_NAT[m: [32menabled[m
[STDERR  ] 2017-06-22T01:05:25.559670738Z: - [37mCONFIG_NF_NAT_NEEDED[m: [32menabled[m
[STDERR  ] 2017-06-22T01:05:25.559683887Z: - [37mCONFIG_POSIX_MQUEUE[m: [32menabled[m
[STDERR  ] 2017-06-22T01:05:25.559691425Z: - [37mCONFIG_DEVPTS_MULTIPLE_INSTANCES[m: [32menabled[m
[STDERR  ] 2017-06-22T01:05:25.559709318Z: 
[STDERR  ] 2017-06-22T01:05:25.559716368Z: Optional Features:
[STDERR  ] 2017-06-22T01:05:25.559734644Z: - [37mCONFIG_USER_NS[m: [32menabled[m
[STDERR  ] 2017-06-22T01:05:25.559755126Z: - [37mCONFIG_SECCOMP[m: [32menabled[m
[STDERR  ] 2017-06-22T01:05:25.559767099Z: - [37mCONFIG_CGROUP_PIDS[m: [32menabled[m
[STDERR  ] 2017-06-22T01:05:25.559782477Z: - [37mCONFIG_MEMCG_SWAP[m: [32menabled[m
[STDERR  ] 2017-06-22T01:05:25.559794258Z: - [37mCONFIG_MEMCG_SWAP_ENABLED[m: [32menabled[m
[STDERR  ] 2017-06-22T01:05:25.559801726Z:     [1;30m(cgroup swap accounting is currently enabled)[m
[STDERR  ] 2017-06-22T01:05:25.559814424Z: - [1mCONFIG_LEGACY_VSYSCALL_NONE[m: [1;31menabled[m
[STDERR  ] 2017-06-22T01:05:25.559836176Z:     [1;30m(containers using eglibc <= 2.13 will not work. Switch to[m
[STDERR  ] 2017-06-22T01:05:25.559848895Z:     [1;30m "CONFIG_VSYSCALL_[NATIVE|EMULATE]" or use "vsyscall=[native|emulate]"[m
[STDERR  ] 2017-06-22T01:05:25.559855247Z:     [1;30m on kernel command line. Note that this will disable ASLR for the,[m
[STDERR  ] 2017-06-22T01:05:25.559875492Z:     [1;30m VDSO which may assist in exploiting security vulnerabilities.)[m
[STDERR  ] 2017-06-22T01:05:25.559888236Z: - [37mCONFIG_MEMCG_KMEM[m: [32menabled[m
[STDERR  ] 2017-06-22T01:05:25.559894858Z: - [37mCONFIG_BLK_CGROUP[m: [32menabled[m
[STDERR  ] 2017-06-22T01:05:25.559914474Z: - [37mCONFIG_BLK_DEV_THROTTLING[m: [32menabled[m
[STDERR  ] 2017-06-22T01:05:25.559929078Z: - [37mCONFIG_IOSCHED_CFQ[m: [32menabled[m
[STDERR  ] 2017-06-22T01:05:25.559935696Z: - [37mCONFIG_CFQ_GROUP_IOSCHED[m: [32menabled[m
[STDERR  ] 2017-06-22T01:05:25.559947155Z: - [37mCONFIG_CGROUP_PERF[m: [32menabled[m
[STDERR  ] 2017-06-22T01:05:25.559968971Z: - [37mCONFIG_CGROUP_HUGETLB[m: [32menabled[m
[STDERR  ] 2017-06-22T01:05:25.559982244Z: - [37mCONFIG_NET_CLS_CGROUP[m: [32menabled[m
[STDERR  ] 2017-06-22T01:05:25.559995976Z: - [37mCONFIG_CGROUP_NET_PRIO[m: [32menabled[m
[STDERR  ] 2017-06-22T01:05:25.560008047Z: - [37mCONFIG_CFS_BANDWIDTH[m: [32menabled[m
[STDERR  ] 2017-06-22T01:05:25.560015802Z: - [37mCONFIG_FAIR_GROUP_SCHED[m: [32menabled[m
[STDERR  ] 2017-06-22T01:05:25.560034006Z: - [37mCONFIG_RT_GROUP_SCHED[m: [32menabled[m
[STDERR  ] 2017-06-22T01:05:25.560040843Z: - [37mCONFIG_IP_VS[m: [32menabled[m
[STDERR  ] 2017-06-22T01:05:25.560064863Z: - [37mCONFIG_IP_VS_NFCT[m: [32menabled[m
[STDERR  ] 2017-06-22T01:05:25.560079676Z: - [37mCONFIG_IP_VS_RR[m: [32menabled[m
[STDERR  ] 2017-06-22T01:05:25.56009532Z: - [37mCONFIG_EXT4_FS[m: [32menabled[m
[STDERR  ] 2017-06-22T01:05:25.560110205Z: - [37mCONFIG_EXT4_FS_POSIX_ACL[m: [32menabled[m
[STDERR  ] 2017-06-22T01:05:25.560125264Z: - [37mCONFIG_EXT4_FS_SECURITY[m: [32menabled[m
[STDERR  ] 2017-06-22T01:05:25.560140064Z: - Network Drivers:
[STDERR  ] 2017-06-22T01:05:25.560151913Z:   - "[34moverlay[m":
[STDERR  ] 2017-06-22T01:05:25.56016037Z:     - [37mCONFIG_VXLAN[m: [32menabled[m
[STDERR  ] 2017-06-22T01:05:25.560174007Z:       Optional (for encrypted networks):
[STDERR  ] 2017-06-22T01:05:25.560192754Z:       - [37mCONFIG_CRYPTO[m: [32menabled[m
[STDERR  ] 2017-06-22T01:05:25.560206737Z:       - [37mCONFIG_CRYPTO_AEAD[m: [32menabled[m
[STDERR  ] 2017-06-22T01:05:25.560224004Z:       - [37mCONFIG_CRYPTO_GCM[m: [32menabled[m
[STDERR  ] 2017-06-22T01:05:25.560237431Z:       - [37mCONFIG_CRYPTO_SEQIV[m: [32menabled[m
[STDERR  ] 2017-06-22T01:05:25.560249719Z:       - [37mCONFIG_CRYPTO_GHASH[m: [32menabled[m
[STDERR  ] 2017-06-22T01:05:25.560258235Z:       - [37mCONFIG_XFRM[m: [32menabled[m
[STDERR  ] 2017-06-22T01:05:25.560269202Z:       - [37mCONFIG_XFRM_USER[m: [32menabled[m
[STDERR  ] 2017-06-22T01:05:25.560295098Z:       - [37mCONFIG_XFRM_ALGO[m: [32menabled[m
[STDERR  ] 2017-06-22T01:05:25.56030712Z:       - [37mCONFIG_INET_ESP[m: [32menabled[m
[STDERR  ] 2017-06-22T01:05:25.56032228Z:       - [37mCONFIG_INET_XFRM_MODE_TRANSPORT[m: [32menabled[m
[STDERR  ] 2017-06-22T01:05:25.560334272Z:   - "[34mipvlan[m":
[STDERR  ] 2017-06-22T01:05:25.56034799Z:     - [37mCONFIG_IPVLAN[m: [32menabled[m
[STDERR  ] 2017-06-22T01:05:25.560360305Z:   - "[34mmacvlan[m":
[STDERR  ] 2017-06-22T01:05:25.560372949Z:     - [37mCONFIG_MACVLAN[m: [32menabled[m
[STDERR  ] 2017-06-22T01:05:25.560385958Z:     - [37mCONFIG_DUMMY[m: [32menabled[m
[STDERR  ] 2017-06-22T01:05:25.56039247Z:   - "[34mftp,tftp client in container[m":
[STDERR  ] 2017-06-22T01:05:25.560405995Z:     - [37mCONFIG_NF_NAT_FTP[m: [32menabled[m
[STDERR  ] 2017-06-22T01:05:25.560424015Z:     - [37mCONFIG_NF_CONNTRACK_FTP[m: [32menabled[m
[STDERR  ] 2017-06-22T01:05:25.560431785Z:     - [37mCONFIG_NF_NAT_TFTP[m: [32menabled[m
[STDERR  ] 2017-06-22T01:05:25.560453037Z:     - [37mCONFIG_NF_CONNTRACK_TFTP[m: [32menabled[m
[STDERR  ] 2017-06-22T01:05:25.560460014Z: - Storage Drivers:
[STDERR  ] 2017-06-22T01:05:25.560479607Z:   - "[34maufs[m":
[STDERR  ] 2017-06-22T01:05:25.560486571Z:     - [1mCONFIG_AUFS_FS[m: [1;31mmissing[m
[STDERR  ] 2017-06-22T01:05:25.560505423Z:   - "[34mbtrfs[m":
[STDERR  ] 2017-06-22T01:05:25.560511135Z:     - [37mCONFIG_BTRFS_FS[m: [32menabled (as module)[m
[STDERR  ] 2017-06-22T01:05:25.560531932Z:     - [37mCONFIG_BTRFS_FS_POSIX_ACL[m: [32menabled[m
[STDERR  ] 2017-06-22T01:05:25.560543701Z:   - "[34mdevicemapper[m":
[STDERR  ] 2017-06-22T01:05:25.560564013Z:     - [37mCONFIG_BLK_DEV_DM[m: [32menabled[m
[STDERR  ] 2017-06-22T01:05:25.560570404Z:     - [37mCONFIG_DM_THIN_PROVISIONING[m: [32menabled[m
[STDERR  ] 2017-06-22T01:05:25.560582457Z:   - "[34moverlay[m":
[STDERR  ] 2017-06-22T01:05:25.560602229Z:     - [37mCONFIG_OVERLAY_FS[m: [32menabled[m
[STDERR  ] 2017-06-22T01:05:25.560615685Z:   - "[34mzfs[m":
[STDERR  ] 2017-06-22T01:05:25.560635234Z:     - [1m/dev/zfs[m: [1;31mmissing[m
[STDERR  ] 2017-06-22T01:05:25.560650753Z:     - [1mzfs command[m: [1;31mmissing[m
[STDERR  ] 2017-06-22T01:05:25.560662488Z:     - [1mzpool command[m: [1;31mmissing[m
[STDERR  ] 2017-06-22T01:05:25.560676844Z: 
[STDERR  ] 2017-06-22T01:05:25.560689207Z: Limits:
[STDERR  ] 2017-06-22T01:05:25.560701794Z: [37m- /proc/sys/kernel/keys/root_maxkeys[m: [32m1000000[m
[STDERR  ] 2017-06-22T01:05:25.560715285Z: 
[STDERR  ] 2017-06-22T01:05:25.560726983Z: Kernel config test suite PASSED
[STDERR  ] 2017-06-22T01:05:25.560742113Z:  - 000-check-kernel-config
[STDERR  ] 2017-06-22T01:05:25.560753324Z: [   41.135616] ACPI: Preparing to enter system sleep state S5
[STDERR  ] 2017-06-22T01:05:25.560765794Z: [   41.138163] reboot: Power down
[STDERR  ] 2017-06-22T01:05:25.560779234Z: + grep -q suite PASSED
[STDERR  ] 2017-06-22T01:05:25.560787257Z: + echo [    0.000000] Initializing cgroup subsys cpuset
[STDERR  ] 2017-06-22T01:05:25.560814786Z: [    0.000000] Initializing cgroup subsys cpu
[STDERR  ] 2017-06-22T01:05:25.560828059Z: [    0.000000] Initializing cgroup subsys cpuacct
[STDERR  ] 2017-06-22T01:05:25.560841442Z: [    0.000000] Linux version 4.4.70-linuxkit (root@84baa8e89c00) (gcc version 6.2.1 20160822 (Alpine 6.2.1) ) #1 SMP Tue May 30 11:47:47 UTC 2017
[STDERR  ] 2017-06-22T01:05:25.560847246Z: [    0.000000] Command line: console=ttyS0
[STDERR  ] 2017-06-22T01:05:25.560872012Z: [    0.000000] x86/fpu: Legacy x87 FPU detected.
[STDERR  ] 2017-06-22T01:05:25.56089187Z: [    0.000000] x86/fpu: Using 'lazy' FPU context switches.
[STDERR  ] 2017-06-22T01:05:25.560905476Z: [    0.000000] e820: BIOS-provided physical RAM map:
[STDERR  ] 2017-06-22T01:05:25.560918159Z: [    0.000000] BIOS-e820: [mem 0x0000000000000000-0x000000000009fbff] usable
[STDERR  ] 2017-06-22T01:05:25.560935489Z: [    0.000000] BIOS-e820: [mem 0x000000000009fc00-0x000000000009ffff] reserved
[STDERR  ] 2017-06-22T01:05:25.560953082Z: [    0.000000] BIOS-e820: [mem 0x00000000000f0000-0x00000000000fffff] reserved
[STDERR  ] 2017-06-22T01:05:25.5609655Z: [    0.000000] BIOS-e820: [mem 0x0000000000100000-0x000000003ffdefff] usable
[STDERR  ] 2017-06-22T01:05:25.560978472Z: [    0.000000] BIOS-e820: [mem 0x000000003ffdf000-0x000000003fffffff] reserved
[STDERR  ] 2017-06-22T01:05:25.560991864Z: [    0.000000] BIOS-e820: [mem 0x00000000b0000000-0x00000000bfffffff] reserved
[STDERR  ] 2017-06-22T01:05:25.561003764Z: [    0.000000] BIOS-e820: [mem 0x00000000fed1c000-0x00000000fed1ffff] reserved
[STDERR  ] 2017-06-22T01:05:25.561011862Z: [    0.000000] BIOS-e820: [mem 0x00000000fffc0000-0x00000000ffffffff] reserved
[STDERR  ] 2017-06-22T01:05:25.561030179Z: [    0.000000] NX (Execute Disable) protection: active
[STDERR  ] 2017-06-22T01:05:25.561036Z: [    0.000000] SMBIOS 2.8 present.
[STDERR  ] 2017-06-22T01:05:25.561057144Z: [    0.000000] e820: last_pfn = 0x3ffdf max_arch_pfn = 0x400000000
[STDERR  ] 2017-06-22T01:05:25.561070044Z: [    0.000000] x86/PAT: Configuration [0-7]: WB  WC  UC- UC  WB  WC  UC- WT  
[STDERR  ] 2017-06-22T01:05:25.561085683Z: [    0.000000] found SMP MP-table at [mem 0x000f6aa0-0x000f6aaf] mapped at [ffff8800000f6aa0]
[STDERR  ] 2017-06-22T01:05:25.561097475Z: [    0.000000] RAMDISK: [mem 0x3dbab000-0x3ffcffff]
[STDERR  ] 2017-06-22T01:05:25.561112383Z: [    0.000000] ACPI: Early table checksum verification disabled
[STDERR  ] 2017-06-22T01:05:25.561118856Z: [    0.000000] ACPI: RSDP 0x00000000000F68C0 000014 (v00 BOCHS )
[STDERR  ] 2017-06-22T01:05:25.561131484Z: [    0.000000] ACPI: RSDT 0x000000003FFE2404 000034 (v01 BOCHS  BXPCRSDT 00000001 BXPC 00000001)
[STDERR  ] 2017-06-22T01:05:25.561151502Z: [    0.000000] ACPI: FACP 0x000000003FFE22A4 000074 (v01 BOCHS  BXPCFACP 00000001 BXPC 00000001)
[STDERR  ] 2017-06-22T01:05:25.561166241Z: [    0.000000] ACPI: DSDT 0x000000003FFE0040 002264 (v01 BOCHS  BXPCDSDT 00000001 BXPC 00000001)
[STDERR  ] 2017-06-22T01:05:25.561179663Z: [    0.000000] ACPI: FACS 0x000000003FFE0000 000040
[STDERR  ] 2017-06-22T01:05:25.56118763Z: [    0.000000] ACPI: APIC 0x000000003FFE2318 000078 (v01 BOCHS  BXPCAPIC 00000001 BXPC 00000001)
[STDERR  ] 2017-06-22T01:05:25.56120317Z: [    0.000000] ACPI: HPET 0x000000003FFE2390 000038 (v01 BOCHS  BXPCHPET 00000001 BXPC 00000001)
[STDERR  ] 2017-06-22T01:05:25.56122298Z: [    0.000000] ACPI: MCFG 0x000000003FFE23C8 00003C (v01 BOCHS  BXPCMCFG 00000001 BXPC 00000001)
[STDERR  ] 2017-06-22T01:05:25.561236256Z: [    0.000000] Zone ranges:
[STDERR  ] 2017-06-22T01:05:25.561253071Z: [    0.000000]   DMA      [mem 0x0000000000001000-0x0000000000ffffff]
[STDERR  ] 2017-06-22T01:05:25.561266552Z: [    0.000000]   DMA32    [mem 0x0000000001000000-0x000000003ffdefff]
[STDERR  ] 2017-06-22T01:05:25.561278096Z: [    0.000000]   Normal   empty
[STDERR  ] 2017-06-22T01:05:25.561286333Z: [    0.000000] Movable zone start for each node
[STDERR  ] 2017-06-22T01:05:25.561304027Z: [    0.000000] Early memory node ranges
[STDERR  ] 2017-06-22T01:05:25.561317894Z: [    0.000000]   node   0: [mem 0x0000000000001000-0x000000000009efff]
[STDERR  ] 2017-06-22T01:05:25.561330985Z: [    0.000000]   node   0: [mem 0x0000000000100000-0x000000003ffdefff]
[STDERR  ] 2017-06-22T01:05:25.561344767Z: [    0.000000] Initmem setup node 0 [mem 0x0000000000001000-0x000000003ffdefff]
[STDERR  ] 2017-06-22T01:05:25.561356871Z: [    0.000000] ACPI: PM-Timer IO Port: 0x608
[STDERR  ] 2017-06-22T01:05:25.561362446Z: [    0.000000] ACPI: LAPIC_NMI (acpi_id[0xff] dfl dfl lint[0x1])
[STDERR  ] 2017-06-22T01:05:25.561387898Z: [    0.000000] IOAPIC[0]: apic_id 0, version 32, address 0xfec00000, GSI 0-23
[STDERR  ] 2017-06-22T01:05:25.56140037Z: [    0.000000] ACPI: INT_SRC_OVR (bus 0 bus_irq 0 global_irq 2 dfl dfl)
[STDERR  ] 2017-06-22T01:05:25.561414387Z: [    0.000000] ACPI: INT_SRC_OVR (bus 0 bus_irq 5 global_irq 5 high level)
[STDERR  ] 2017-06-22T01:05:25.561429806Z: [    0.000000] ACPI: INT_SRC_OVR (bus 0 bus_irq 9 global_irq 9 high level)
[STDERR  ] 2017-06-22T01:05:25.561448635Z: [    0.000000] ACPI: INT_SRC_OVR (bus 0 bus_irq 10 global_irq 10 high level)
[STDERR  ] 2017-06-22T01:05:25.561461438Z: [    0.000000] ACPI: INT_SRC_OVR (bus 0 bus_irq 11 global_irq 11 high level)
[STDERR  ] 2017-06-22T01:05:25.56147554Z: [    0.000000] Using ACPI (MADT) for SMP configuration information
[STDERR  ] 2017-06-22T01:05:25.561491881Z: [    0.000000] ACPI: HPET id: 0x8086a201 base: 0xfed00000
[STDERR  ] 2017-06-22T01:05:25.56150604Z: [    0.000000] smpboot: Allowing 1 CPUs, 0 hotplug CPUs
[STDERR  ] 2017-06-22T01:05:25.561520623Z: [    0.000000] e820: [mem 0x40000000-0xafffffff] available for PCI devices
[STDERR  ] 2017-06-22T01:05:25.56154015Z: [    0.000000] Booting paravirtualized kernel on bare hardware
[STDERR  ] 2017-06-22T01:05:25.561553976Z: [    0.000000] clocksource: refined-jiffies: mask: 0xffffffff max_cycles: 0xffffffff, max_idle_ns: 19112604462750000 ns
[STDERR  ] 2017-06-22T01:05:25.561560875Z: [    0.000000] setup_percpu: NR_CPUS:128 nr_cpumask_bits:128 nr_cpu_ids:1 nr_node_ids:1
[STDERR  ] 2017-06-22T01:05:25.561578063Z: [    0.000000] PERCPU: Embedded 33 pages/cpu @ffff88003d800000 s95960 r8192 d31016 u2097152
[STDERR  ] 2017-06-22T01:05:25.561593316Z: [    0.000000] Built 1 zonelists in Zone order, mobility grouping on.  Total pages: 257896
[STDERR  ] 2017-06-22T01:05:25.561605483Z: [    0.000000] Kernel command line: console=ttyS0
[STDERR  ] 2017-06-22T01:05:25.5616198Z: [    0.000000] PID hash table entries: 4096 (order: 3, 32768 bytes)
[STDERR  ] 2017-06-22T01:05:25.56163198Z: [    0.000000] Dentry cache hash table entries: 131072 (order: 8, 1048576 bytes)
[STDERR  ] 2017-06-22T01:05:25.561645287Z: [    0.000000] Inode-cache hash table entries: 65536 (order: 7, 524288 bytes)
[STDERR  ] 2017-06-22T01:05:25.561663698Z: [    0.000000] Memory: 974696K/1048052K available (8943K kernel code, 1467K rwdata, 3088K rodata, 1372K init, 728K bss, 73356K reserved, 0K cma-reserved)
[STDERR  ] 2017-06-22T01:05:25.561670937Z: [    0.000000] Hierarchical RCU implementation.
[STDERR  ] 2017-06-22T01:05:25.561690686Z: [    0.000000] 	Build-time adjustment of leaf fanout to 64.
[STDERR  ] 2017-06-22T01:05:25.561703639Z: [    0.000000] 	RCU restricting CPUs from NR_CPUS=128 to nr_cpu_ids=1.
[STDERR  ] 2017-06-22T01:05:25.561712119Z: [    0.000000] RCU: Adjusting geometry for rcu_fanout_leaf=64, nr_cpu_ids=1
[STDERR  ] 2017-06-22T01:05:25.561732207Z: [    0.000000] NR_IRQS:8448 nr_irqs:256 16
[STDERR  ] 2017-06-22T01:05:25.561745761Z: [    0.000000] Console: colour VGA+ 80x25
[STDERR  ] 2017-06-22T01:05:25.561759479Z: [    0.000000] console [ttyS0] enabled
[STDERR  ] 2017-06-22T01:05:25.561773825Z: [    0.000000] clocksource: hpet: mask: 0xffffffff max_cycles: 0xffffffff, max_idle_ns: 19112604467 ns
[STDERR  ] 2017-06-22T01:05:25.561785661Z: [    0.000000] tsc: Fast TSC calibration using PIT
[STDERR  ] 2017-06-22T01:05:25.561804799Z: [    0.000000] tsc: Detected 2300.081 MHz processor
[STDERR  ] 2017-06-22T01:05:25.561816838Z: [    0.011893] Calibrating delay loop (skipped), value calculated using timer frequency.. 4600.16 BogoMIPS (lpj=23000810)
[STDERR  ] 2017-06-22T01:05:25.561830248Z: [    0.013259] pid_max: default: 32768 minimum: 301
[STDERR  ] 2017-06-22T01:05:25.56183696Z: [    0.013980] ACPI: Core revision 20150930
[STDERR  ] 2017-06-22T01:05:25.561856247Z: [    0.062414] ACPI: 1 ACPI AML tables successfully acquired and loaded
[STDERR  ] 2017-06-22T01:05:25.561869377Z: [    0.063956] Security Framework initialized
[STDERR  ] 2017-06-22T01:05:25.561885401Z: [    0.064327] Yama: becoming mindful.
[STDERR  ] 2017-06-22T01:05:25.561902319Z: [    0.067679] Mount-cache hash table entries: 2048 (order: 2, 16384 bytes)
[STDERR  ] 2017-06-22T01:05:25.561909023Z: [    0.068264] Mountpoint-cache hash table entries: 2048 (order: 2, 16384 bytes)
[STDERR  ] 2017-06-22T01:05:25.561928982Z: [    0.082382] Initializing cgroup subsys io
[STDERR  ] 2017-06-22T01:05:25.561941045Z: [    0.083318] Initializing cgroup subsys memory
[STDERR  ] 2017-06-22T01:05:25.561958522Z: [    0.084156] Initializing cgroup subsys devices
[STDERR  ] 2017-06-22T01:05:25.561964273Z: [    0.084607] Initializing cgroup subsys freezer
[STDERR  ] 2017-06-22T01:05:25.561985901Z: [    0.085059] Initializing cgroup subsys net_cls
[STDERR  ] 2017-06-22T01:05:25.562000231Z: [    0.085469] Initializing cgroup subsys perf_event
[STDERR  ] 2017-06-22T01:05:25.562014234Z: [    0.085906] Initializing cgroup subsys net_prio
[STDERR  ] 2017-06-22T01:05:25.562026098Z: [    0.086353] Initializing cgroup subsys hugetlb
[STDERR  ] 2017-06-22T01:05:25.562039854Z: [    0.086760] Initializing cgroup subsys pids
[STDERR  ] 2017-06-22T01:05:25.562046702Z: [    0.089535] Last level iTLB entries: 4KB 0, 2MB 0, 4MB 0
[STDERR  ] 2017-06-22T01:05:25.562065093Z: [    0.090065] Last level dTLB entries: 4KB 0, 2MB 0, 4MB 0, 1GB 0
[STDERR  ] 2017-06-22T01:05:25.562078991Z: [    0.400498] Freeing SMP alternatives memory: 24K (ffffffffb00c7000 - ffffffffb00cd000)
[STDERR  ] 2017-06-22T01:05:25.562091351Z: [    0.408240] ftrace: allocating 39282 entries in 154 pages
[STDERR  ] 2017-06-22T01:05:25.562098834Z: [    0.595127] ..TIMER: vector=0x30 apic1=0 pin1=2 apic2=-1 pin2=-1
[STDERR  ] 2017-06-22T01:05:25.562117797Z: [    0.700000] smpboot: CPU0: AMD QEMU Virtual CPU version 2.5+ (family: 0x6, model: 0x6, stepping: 0x3)
[STDERR  ] 2017-06-22T01:05:25.562132713Z: [    0.700000] Performance Events: Broken PMU hardware detected, using software events only.
[STDERR  ] 2017-06-22T01:05:25.562149095Z: [    0.700000] Failed to access perfctr msr (MSR c0010007 is 0)
[STDERR  ] 2017-06-22T01:05:25.562163136Z: [    0.704621] x86: Booted up 1 node, 1 CPUs
[STDERR  ] 2017-06-22T01:05:25.562174803Z: [    0.704966] smpboot: Total of 1 processors activated (4600.16 BogoMIPS)
[STDERR  ] 2017-06-22T01:05:25.562188812Z: [    0.711995] NMI watchdog: disabled (cpu0): hardware events not enabled
[STDERR  ] 2017-06-22T01:05:25.562201407Z: [    0.712402] NMI watchdog: Shutting down hard lockup detector on all cpus
[STDERR  ] 2017-06-22T01:05:25.562207743Z: [    0.721754] devtmpfs: initialized
[STDERR  ] 2017-06-22T01:05:25.562227177Z: [    0.801708] clocksource: jiffies: mask: 0xffffffff max_cycles: 0xffffffff, max_idle_ns: 19112604462750000 ns
[STDERR  ] 2017-06-22T01:05:25.562247564Z: [    0.802648] futex hash table entries: 256 (order: 2, 16384 bytes)
[STDERR  ] 2017-06-22T01:05:25.56225438Z: [    0.815349] NET: Registered protocol family 16
[STDERR  ] 2017-06-22T01:05:25.562273643Z: [    0.822266] cpuidle: using governor ladder
[STDERR  ] 2017-06-22T01:05:25.562286382Z: [    0.822712] cpuidle: using governor menu
[STDERR  ] 2017-06-22T01:05:25.562292994Z: [    0.824020] ACPI: bus type PCI registered
[STDERR  ] 2017-06-22T01:05:25.562305502Z: [    0.826980] PCI: MMCONFIG for domain 0000 [bus 00-ff] at [mem 0xb0000000-0xbfffffff] (base 0xb0000000)
[STDERR  ] 2017-06-22T01:05:25.562329048Z: [    0.827805] PCI: MMCONFIG at [mem 0xb0000000-0xbfffffff] reserved in E820
[STDERR  ] 2017-06-22T01:05:25.562336534Z: [    0.829078] PCI: Using configuration type 1 for base access
[STDERR  ] 2017-06-22T01:05:25.562349093Z: [    0.893901] ACPI: Added _OSI(Module Device)
[STDERR  ] 2017-06-22T01:05:25.562368261Z: [    0.894255] ACPI: Added _OSI(Processor Device)
[STDERR  ] 2017-06-22T01:05:25.562385264Z: [    0.894553] ACPI: Added _OSI(3.0 _SCP Extensions)
[STDERR  ] 2017-06-22T01:05:25.562392401Z: [    0.894859] ACPI: Added _OSI(Processor Aggregator Device)
[STDERR  ] 2017-06-22T01:05:25.562405645Z: [    0.973473] ACPI: Interpreter enabled
[STDERR  ] 2017-06-22T01:05:25.562424729Z: [    0.974235] ACPI: (supports S0 S5)
[STDERR  ] 2017-06-22T01:05:25.562442611Z: [    0.974531] ACPI: Using IOAPIC for interrupt routing
[STDERR  ] 2017-06-22T01:05:25.56245584Z: [    0.976285] PCI: Using host bridge windows from ACPI; if necessary, use "pci=nocrs" and report a bug
[STDERR  ] 2017-06-22T01:05:25.562477827Z: [    1.037770] ACPI: PCI Root Bridge [PCI0] (domain 0000 [bus 00-ff])
[STDERR  ] 2017-06-22T01:05:25.5624916Z: [    1.039153] acpi PNP0A08:00: _OSC: OS supports [ExtendedConfig ASPM ClockPM Segments MSI]
[STDERR  ] 2017-06-22T01:05:25.562508467Z: [    1.044499] acpi PNP0A08:00: _OSC: OS now controls [PCIeHotplug PME PCIeCapability]
[STDERR  ] 2017-06-22T01:05:25.562522472Z: [    1.047982] PCI host bridge to bus 0000:00
[STDERR  ] 2017-06-22T01:05:25.562534802Z: [    1.048412] pci_bus 0000:00: root bus resource [io  0x0000-0x0cf7 window]
[STDERR  ] 2017-06-22T01:05:25.562547534Z: [    1.048870] pci_bus 0000:00: root bus resource [io  0x0d00-0xffff window]
[STDERR  ] 2017-06-22T01:05:25.562561037Z: [    1.049308] pci_bus 0000:00: root bus resource [mem 0x000a0000-0x000bffff window]
[STDERR  ] 2017-06-22T01:05:25.562567Z: [    1.049780] pci_bus 0000:00: root bus resource [mem 0xc0000000-0xfebfffff window]
[STDERR  ] 2017-06-22T01:05:25.56257925Z: [    1.050171] pci_bus 0000:00: root bus resource [bus 00-ff]
[STDERR  ] 2017-06-22T01:05:25.562599821Z: [    1.137635] pci 0000:00:1f.0: quirk: [io  0x0600-0x067f] claimed by ICH6 ACPI/GPIO/TCO
[STDERR  ] 2017-06-22T01:05:25.562619941Z: [    1.193770] ACPI: PCI Interrupt Link [LNKA] (IRQs 5 *10 11)
[STDERR  ] 2017-06-22T01:05:25.562631316Z: [    1.195686] ACPI: PCI Interrupt Link [LNKB] (IRQs 5 *10 11)
[STDERR  ] 2017-06-22T01:05:25.562637638Z: [    1.197345] ACPI: PCI Interrupt Link [LNKC] (IRQs 5 10 *11)
[STDERR  ] 2017-06-22T01:05:25.562654644Z: [    1.199105] ACPI: PCI Interrupt Link [LNKD] (IRQs 5 10 *11)
[STDERR  ] 2017-06-22T01:05:25.562675512Z: [    1.201448] ACPI: PCI Interrupt Link [LNKE] (IRQs 5 *10 11)
[STDERR  ] 2017-06-22T01:05:25.56268843Z: [    1.203148] ACPI: PCI Interrupt Link [LNKF] (IRQs 5 *10 11)
[STDERR  ] 2017-06-22T01:05:25.562700809Z: [    1.204797] ACPI: PCI Interrupt Link [LNKG] (IRQs 5 10 *11)
[STDERR  ] 2017-06-22T01:05:25.562715288Z: [    1.206502] ACPI: PCI Interrupt Link [LNKH] (IRQs 5 10 *11)
[STDERR  ] 2017-06-22T01:05:25.56272711Z: [    1.207343] ACPI: PCI Interrupt Link [GSIA] (IRQs *16)
[STDERR  ] 2017-06-22T01:05:25.562742193Z: [    1.207946] ACPI: PCI Interrupt Link [GSIB] (IRQs *17)
[STDERR  ] 2017-06-22T01:05:25.562753738Z: [    1.208545] ACPI: PCI Interrupt Link [GSIC] (IRQs *18)
[STDERR  ] 2017-06-22T01:05:25.562766654Z: [    1.209144] ACPI: PCI Interrupt Link [GSID] (IRQs *19)
[STDERR  ] 2017-06-22T01:05:25.562779982Z: [    1.209746] ACPI: PCI Interrupt Link [GSIE] (IRQs *20)
[STDERR  ] 2017-06-22T01:05:25.562797497Z: [    1.210360] ACPI: PCI Interrupt Link [GSIF] (IRQs *21)
[STDERR  ] 2017-06-22T01:05:25.562810283Z: [    1.210964] ACPI: PCI Interrupt Link [GSIG] (IRQs *22)
[STDERR  ] 2017-06-22T01:05:25.562822792Z: [    1.211618] ACPI: PCI Interrupt Link [GSIH] (IRQs *23)
[STDERR  ] 2017-06-22T01:05:25.562836254Z: [    1.215415] ACPI: Enabled 2 GPEs in block 00 to 3F
[STDERR  ] 2017-06-22T01:05:25.562847733Z: [    1.219400] SCSI subsystem initialized
[STDERR  ] 2017-06-22T01:05:25.562854458Z: [    1.222284] pps_core: LinuxPPS API ver. 1 registered
[STDERR  ] 2017-06-22T01:05:25.562868092Z: [    1.222632] pps_core: Software ver. 5.3.6 - Copyright 2005-2007 Rodolfo Giometti <giometti@linux.it>
[STDERR  ] 2017-06-22T01:05:25.562887978Z: [    1.223336] PTP clock support registered
[STDERR  ] 2017-06-22T01:05:25.562900026Z: [    1.224571] wmi: Mapper loaded
[STDERR  ] 2017-06-22T01:05:25.562912058Z: [    1.225579] PCI: Using ACPI for IRQ routing
[STDERR  ] 2017-06-22T01:05:25.56292646Z: [    1.244933] NetLabel: Initializing
[STDERR  ] 2017-06-22T01:05:25.562938449Z: [    1.245203] NetLabel:  domain hash size = 128
[STDERR  ] 2017-06-22T01:05:25.562957637Z: [    1.245493] NetLabel:  protocols = UNLABELED CIPSOv4
[STDERR  ] 2017-06-22T01:05:25.562969504Z: [    1.247160] NetLabel:  unlabeled traffic allowed by default
[STDERR  ] 2017-06-22T01:05:25.562976377Z: [    1.248081] HPET: 3 timers in total, 0 timers will be used for per-cpu timer
[STDERR  ] 2017-06-22T01:05:25.563000303Z: [    1.248801] hpet0: at MMIO 0xfed00000, IRQs 2, 8, 0
[STDERR  ] 2017-06-22T01:05:25.563015508Z: [    1.249248] hpet0: 3 comparators, 64-bit 100.000000 MHz counter
[STDERR  ] 2017-06-22T01:05:25.563022524Z: [    1.255918] amd_nb: Cannot enumerate AMD northbridges
[STDERR  ] 2017-06-22T01:05:25.563047066Z: [    1.256896] clocksource: Switched to clocksource hpet
[STDERR  ] 2017-06-22T01:05:25.563053448Z: [    1.491695] FS-Cache: Loaded
[STDERR  ] 2017-06-22T01:05:25.563076168Z: [    1.495333] CacheFiles: Loaded
[STDERR  ] 2017-06-22T01:05:25.5630878Z: [    1.497259] pnp: PnP ACPI init
[STDERR  ] 2017-06-22T01:05:25.563094927Z: [    1.508498] pnp: PnP ACPI: found 5 devices
[STDERR  ] 2017-06-22T01:05:25.563116238Z: [    1.555399] clocksource: acpi_pm: mask: 0xffffff max_cycles: 0xffffff, max_idle_ns: 2085701024 ns
[STDERR  ] 2017-06-22T01:05:25.563129535Z: [    1.557461] NET: Registered protocol family 2
[STDERR  ] 2017-06-22T01:05:25.563142849Z: [    1.564464] TCP established hash table entries: 8192 (order: 4, 65536 bytes)
[STDERR  ] 2017-06-22T01:05:25.563155507Z: [    1.565187] TCP bind hash table entries: 8192 (order: 5, 131072 bytes)
[STDERR  ] 2017-06-22T01:05:25.563170413Z: [    1.565848] TCP: Hash tables configured (established 8192 bind 8192)
[STDERR  ] 2017-06-22T01:05:25.563182364Z: [    1.567260] UDP hash table entries: 512 (order: 2, 16384 bytes)
[STDERR  ] 2017-06-22T01:05:25.563197339Z: [    1.567796] UDP-Lite hash table entries: 512 (order: 2, 16384 bytes)
[STDERR  ] 2017-06-22T01:05:25.563209305Z: [    1.570003] NET: Registered protocol family 1
[STDERR  ] 2017-06-22T01:05:25.563225371Z: [    1.573430] RPC: Registered named UNIX socket transport module.
[STDERR  ] 2017-06-22T01:05:25.563240242Z: [    1.573879] RPC: Registered udp transport module.
[STDERR  ] 2017-06-22T01:05:25.563254097Z: [    1.574237] RPC: Registered tcp transport module.
[STDERR  ] 2017-06-22T01:05:25.563266286Z: [    1.574550] RPC: Registered tcp NFSv4.1 backchannel transport module.
[STDERR  ] 2017-06-22T01:05:25.563280243Z: [    1.581788] Unpacking initramfs...
[STDERR  ] 2017-06-22T01:05:25.563292882Z: [    6.597217] Freeing initrd memory: 37012K (ffff88003dbab000 - ffff88003ffd0000)
[STDERR  ] 2017-06-22T01:05:25.563304756Z: [    6.619090] PCLMULQDQ-NI instructions are not detected.
[STDERR  ] 2017-06-22T01:05:25.563320611Z: [    6.620463] AVX or AES-NI instructions are not detected.
[STDERR  ] 2017-06-22T01:05:25.56333272Z: [    6.620910] CPU feature 'AVX registers' is not supported.
[STDERR  ] 2017-06-22T01:05:25.563347674Z: [    6.621482] CPU feature 'AVX registers' is not supported.
[STDERR  ] 2017-06-22T01:05:25.563359378Z: [    6.621896] CPU feature 'AVX registers' is not supported.
[STDERR  ] 2017-06-22T01:05:25.563383387Z: [    6.622306] CPU feature 'AVX registers' is not supported.
[STDERR  ] 2017-06-22T01:05:25.563395679Z: [    6.622713] AVX2 or AES-NI instructions are not detected.
[STDERR  ] 2017-06-22T01:05:25.563410349Z: [    6.623114] AVX2 instructions are not detected.
[STDERR  ] 2017-06-22T01:05:25.563422356Z: [    6.628168] audit: initializing netlink subsys (disabled)
[STDERR  ] 2017-06-22T01:05:25.563436922Z: [    6.629392] audit: type=2000 audit(1498093489.620:1): initialized
[STDERR  ] 2017-06-22T01:05:25.563449053Z: [    6.638016] HugeTLB registered 2 MB page size, pre-allocated 0 pages
[STDERR  ] 2017-06-22T01:05:25.563456045Z: [    6.641911] VFS: Disk quotas dquot_6.6.0
[STDERR  ] 2017-06-22T01:05:25.563469791Z: [    6.642475] VFS: Dquot-cache hash table entries: 512 (order 0, 4096 bytes)
[STDERR  ] 2017-06-22T01:05:25.563489062Z: [    6.647310] FS-Cache: Netfs 'nfs' registered for caching
[STDERR  ] 2017-06-22T01:05:25.563502045Z: [    6.648895] NFS: Registering the id_resolver key type
[STDERR  ] 2017-06-22T01:05:25.563513981Z: [    6.650622] Key type id_resolver registered
[STDERR  ] 2017-06-22T01:05:25.563534442Z: [    6.650946] Key type id_legacy registered
[STDERR  ] 2017-06-22T01:05:25.56354131Z: [    6.651353] nfs4filelayout_init: NFSv4 File Layout Driver Registering...
[STDERR  ] 2017-06-22T01:05:25.563561375Z: [    6.652086] Installing knfsd (copyright (C) 1996 okir@monad.swb.de).
[STDERR  ] 2017-06-22T01:05:25.563573108Z: [    6.655002] FS-Cache: Netfs 'cifs' registered for caching
[STDERR  ] 2017-06-22T01:05:25.563591001Z: [    6.655826] ntfs: driver 2.1.32 [Flags: R/O].
[STDERR  ] 2017-06-22T01:05:25.563599806Z: [    6.656322] fuse init (API version 7.23)
[STDERR  ] 2017-06-22T01:05:25.563623629Z: [    6.658448] SGI XFS with ACLs, security attributes, no debug enabled
[STDERR  ] 2017-06-22T01:05:25.563630421Z: [    6.661115] 9p: Installing v9fs 9p2000 file system support
[STDERR  ] 2017-06-22T01:05:25.56365025Z: [    6.661546] FS-Cache: Netfs '9p' registered for caching
[STDERR  ] 2017-06-22T01:05:25.563664305Z: [    6.663100] Key type big_key registered
[STDERR  ] 2017-06-22T01:05:25.563671318Z: [    6.696582] NET: Registered protocol family 38
[STDERR  ] 2017-06-22T01:05:25.563696143Z: [    6.697115] Key type asymmetric registered
[STDERR  ] 2017-06-22T01:05:25.563708852Z: [    6.697450] Asymmetric key parser 'x509' registered
[STDERR  ] 2017-06-22T01:05:25.563720784Z: [    6.698174] Block layer SCSI generic (bsg) driver version 0.4 loaded (major 251)
[STDERR  ] 2017-06-22T01:05:25.563733686Z: [    6.699379] io scheduler noop registered
[STDERR  ] 2017-06-22T01:05:25.56374639Z: [    6.699709] io scheduler deadline registered (default)
[STDERR  ] 2017-06-22T01:05:25.563759017Z: [    6.701359] io scheduler cfq registered
[STDERR  ] 2017-06-22T01:05:25.563772928Z: [    6.703839] pci_hotplug: PCI Hot Plug PCI Core version: 0.5
[STDERR  ] 2017-06-22T01:05:25.563784514Z: [    6.704458] pciehp: PCI Express Hot Plug Controller Driver version: 0.4
[STDERR  ] 2017-06-22T01:05:25.563799453Z: [    6.705324] shpchp: Standard Hot Plug PCI Controller Driver version: 0.4
[STDERR  ] 2017-06-22T01:05:25.563806152Z: [    6.706131] hv_vmbus: registering driver hyperv_fb
[STDERR  ] 2017-06-22T01:05:25.563818229Z: [    6.709258] input: Power Button as /devices/LNXSYSTM:00/LNXPWRBN:00/input/input0
[STDERR  ] 2017-06-22T01:05:25.56383821Z: [    6.711047] ACPI: Power Button [PWRF]
[STDERR  ] 2017-06-22T01:05:25.563850659Z: [    6.715539] GHES: HEST is not enabled!
[STDERR  ] 2017-06-22T01:05:25.563864807Z: [    6.726594] ACPI: PCI Interrupt Link [GSIH] enabled at IRQ 23
[STDERR  ] 2017-06-22T01:05:25.563876816Z: [    6.732568] xenfs: not registering filesystem on non-xen platform
[STDERR  ] 2017-06-22T01:05:25.563891813Z: [    6.734572] Serial: 8250/16550 driver, 4 ports, IRQ sharing disabled
[STDERR  ] 2017-06-22T01:05:25.563903621Z: [    6.761068] 00:04: ttyS0 at I/O 0x3f8 (irq = 4, base_baud = 115200) is a 16550A
[STDERR  ] 2017-06-22T01:05:25.563916257Z: [    6.767466] Initializing Nozomi driver 2.1d
[STDERR  ] 2017-06-22T01:05:25.563931292Z: [    6.771726] Non-volatile memory driver v1.3
[STDERR  ] 2017-06-22T01:05:25.563945189Z: [    6.777412] Hangcheck: starting hangcheck timer 0.9.1 (tick is 180 seconds, margin is 60 seconds).
[STDERR  ] 2017-06-22T01:05:25.563958843Z: [    6.780819] random: nonblocking pool is initialized
[STDERR  ] 2017-06-22T01:05:25.563971935Z: [    6.815145] loop: module loaded
[STDERR  ] 2017-06-22T01:05:25.563986299Z: [    6.826176] nbd: registered device at major 43
[STDERR  ] 2017-06-22T01:05:25.563998253Z: [    6.863359] lpc_ich 0000:00:1f.0: I/O space for GPIO uninitialized
[STDERR  ] 2017-06-22T01:05:25.564012842Z: [    6.864981] VMware PVSCSI driver - version 1.0.5.0-k
[STDERR  ] 2017-06-22T01:05:25.564026532Z: [    6.865704] hv_vmbus: registering driver hv_storvsc
[STDERR  ] 2017-06-22T01:05:25.564046762Z: [    6.876016] ACPI: PCI Interrupt Link [GSIA] enabled at IRQ 16
[STDERR  ] 2017-06-22T01:05:25.564053695Z: [    6.881792] ahci 0000:00:1f.2: AHCI 0001.0000 32 slots 6 ports 1.5 Gbps 0x3f impl SATA mode
[STDERR  ] 2017-06-22T01:05:25.564066497Z: [    6.882442] ahci 0000:00:1f.2: flags: 64bit ncq only 
[STDERR  ] 2017-06-22T01:05:25.56409397Z: [    6.901565] scsi host0: ahci
[STDERR  ] 2017-06-22T01:05:25.564106391Z: [    6.904343] scsi host1: ahci
[STDERR  ] 2017-06-22T01:05:25.564118311Z: [    6.906324] scsi host2: ahci
[STDERR  ] 2017-06-22T01:05:25.564126285Z: [    6.908345] scsi host3: ahci
[STDERR  ] 2017-06-22T01:05:25.564144628Z: [    6.910667] scsi host4: ahci
[STDERR  ] 2017-06-22T01:05:25.564166161Z: [    6.912694] scsi host5: ahci
[STDERR  ] 2017-06-22T01:05:25.564178267Z: [    6.914410] ata1: SATA max UDMA/133 abar m4096@0xfebf1000 port 0xfebf1100 irq 24
[STDERR  ] 2017-06-22T01:05:25.564192207Z: [    6.914935] ata2: SATA max UDMA/133 abar m4096@0xfebf1000 port 0xfebf1180 irq 24
[STDERR  ] 2017-06-22T01:05:25.564210366Z: [    6.915401] ata3: SATA max UDMA/133 abar m4096@0xfebf1000 port 0xfebf1200 irq 24
[STDERR  ] 2017-06-22T01:05:25.564225014Z: [    6.915862] ata4: SATA max UDMA/133 abar m4096@0xfebf1000 port 0xfebf1280 irq 24
[STDERR  ] 2017-06-22T01:05:25.56423676Z: [    6.916319] ata5: SATA max UDMA/133 abar m4096@0xfebf1000 port 0xfebf1300 irq 24
[STDERR  ] 2017-06-22T01:05:25.564249231Z: [    6.916778] ata6: SATA max UDMA/133 abar m4096@0xfebf1000 port 0xfebf1380 irq 24
[STDERR  ] 2017-06-22T01:05:25.564262689Z: [    6.925023] Ethernet Channel Bonding Driver: v3.7.1 (April 27, 2011)
[STDERR  ] 2017-06-22T01:05:25.564269102Z: [    6.943891] tun: Universal TUN/TAP device driver, 1.6
[STDERR  ] 2017-06-22T01:05:25.56429001Z: [    6.944336] tun: (C) 1999-2004 Max Krasnyansky <maxk@qualcomm.com>
[STDERR  ] 2017-06-22T01:05:25.564302197Z: [    6.945780] e1000: Intel(R) PRO/1000 Network Driver - version 7.3.21-k8-NAPI
[STDERR  ] 2017-06-22T01:05:25.564307998Z: [    6.946243] e1000: Copyright (c) 1999-2006 Intel Corporation.
[STDERR  ] 2017-06-22T01:05:25.56432809Z: [    6.954324] ACPI: PCI Interrupt Link [GSIG] enabled at IRQ 22
[STDERR  ] 2017-06-22T01:05:25.564335432Z: [    7.263544] e1000 0000:00:02.0 eth0: (PCI:33MHz:32-bit) 52:54:00:12:34:56
[STDERR  ] 2017-06-22T01:05:25.564352042Z: [    7.264100] e1000 0000:00:02.0 eth0: Intel(R) PRO/1000 Network Connection
[STDERR  ] 2017-06-22T01:05:25.564371782Z: [    7.264956] e1000e: Intel(R) PRO/1000 Network Driver - 3.2.6-k
[STDERR  ] 2017-06-22T01:05:25.564390559Z: [    7.265341] e1000e: Copyright(c) 1999 - 2015 Intel Corporation.
[STDERR  ] 2017-06-22T01:05:25.564403728Z: [    7.266103] igb: Intel(R) Gigabit Ethernet Network Driver - version 5.3.0-k
[STDERR  ] 2017-06-22T01:05:25.564420978Z: [    7.266552] igb: Copyright (c) 2007-2014 Intel Corporation.
[STDERR  ] 2017-06-22T01:05:25.564428341Z: [    7.267248] igbvf: Intel(R) Gigabit Virtual Function Network Driver - version 2.0.2-k
[STDERR  ] 2017-06-22T01:05:25.564447197Z: [    7.267745] igbvf: Copyright (c) 2009 - 2012 Intel Corporation.
[STDERR  ] 2017-06-22T01:05:25.564463264Z: [    7.268431] ixgbe: Intel(R) 10 Gigabit PCI Express Network Driver - version 4.2.1-k
[STDERR  ] 2017-06-22T01:05:25.564477116Z: [    7.268916] ixgbe: Copyright (c) 1999-2015 Intel Corporation.
[STDERR  ] 2017-06-22T01:05:25.564491413Z: [    7.269805] ixgbevf: Intel(R) 10 Gigabit PCI Express Virtual Function Network Driver - version 2.12.1-k
[STDERR  ] 2017-06-22T01:05:25.564503496Z: [    7.270655] ixgbevf: Copyright (c) 2009 - 2012 Intel Corporation.
[STDERR  ] 2017-06-22T01:05:25.564515191Z: [    7.271586] ixgb: Intel(R) PRO/10GbE Network Driver - version 1.0.135-k2-NAPI
[STDERR  ] 2017-06-22T01:05:25.564523408Z: [    7.272047] ixgb: Copyright (c) 1999-2008 Intel Corporation.
[STDERR  ] 2017-06-22T01:05:25.564541458Z: [    7.273028] PPP generic driver version 2.4.2
[STDERR  ] 2017-06-22T01:05:25.56454813Z: [    7.274546] PPP BSD Compression module registered
[STDERR  ] 2017-06-22T01:05:25.564568179Z: [    7.274943] PPP Deflate Compression module registered
[STDERR  ] 2017-06-22T01:05:25.564580656Z: [    7.275454] PPP MPPE Compression module registered
[STDERR  ] 2017-06-22T01:05:25.564594512Z: [    7.275838] NET: Registered protocol family 24
[STDERR  ] 2017-06-22T01:05:25.564607158Z: [    7.276397] PPTP driver version 0.8.5
[STDERR  ] 2017-06-22T01:05:25.564625101Z: [    7.277608] VMware vmxnet3 virtual NIC driver - version 1.4.5.0-k-NAPI
[STDERR  ] 2017-06-22T01:05:25.564637962Z: [    7.278406] hv_vmbus: registering driver hv_netvsc
[STDERR  ] 2017-06-22T01:05:25.564651905Z: [    7.278750] Fusion MPT base driver 3.04.20
[STDERR  ] 2017-06-22T01:05:25.564663861Z: [    7.279026] Copyright (c) 1999-2008 LSI Corporation
[STDERR  ] 2017-06-22T01:05:25.564682314Z: [    7.279557] Fusion MPT SPI Host driver 3.04.20
[STDERR  ] 2017-06-22T01:05:25.564699286Z: [    7.284918] aoe: AoE v85 initialised.
[STDERR  ] 2017-06-22T01:05:25.564712513Z: [    7.286824] i8042: PNP: PS/2 Controller [PNP0303:KBD,PNP0f13:MOU] at 0x60,0x64 irq 1,12
[STDERR  ] 2017-06-22T01:05:25.564724625Z: [    7.291607] serio: i8042 KBD port at 0x60,0x64 irq 1
[STDERR  ] 2017-06-22T01:05:25.564739278Z: [    7.292190] serio: i8042 AUX port at 0x60,0x64 irq 12
[STDERR  ] 2017-06-22T01:05:25.564748582Z: [    7.295227] hv_vmbus: registering driver hyperv_keyboard
[STDERR  ] 2017-06-22T01:05:25.564764056Z: [    7.297137] mousedev: PS/2 mouse device common for all mice
[STDERR  ] 2017-06-22T01:05:25.564782728Z: [    7.302019] input: AT Translated Set 2 keyboard as /devices/platform/i8042/serio0/input/input1
[STDERR  ] 2017-06-22T01:05:25.564797847Z: [    7.304784] input: PC Speaker as /devices/platform/pcspkr/input/input2
[STDERR  ] 2017-06-22T01:05:25.564809916Z: [    7.308055] rtc_cmos 00:00: RTC can wake from S4
[STDERR  ] 2017-06-22T01:05:25.564817244Z: [    7.311628] rtc_cmos 00:00: rtc core: registered rtc_cmos as rtc0
[STDERR  ] 2017-06-22T01:05:25.564837221Z: [    7.312701] rtc_cmos 00:00: alarms up to one day, y3k, 114 bytes nvram, hpet irqs
[STDERR  ] 2017-06-22T01:05:25.564843397Z: [    7.313378] i2c /dev entries driver
[STDERR  ] 2017-06-22T01:05:25.564868462Z: [    7.315075] device-mapper: ioctl: 4.34.0-ioctl (2015-10-28) initialised: dm-devel@redhat.com
[STDERR  ] 2017-06-22T01:05:25.564881503Z: [    7.319763] hv_utils: Registering HyperV Utility Driver
[STDERR  ] 2017-06-22T01:05:25.564890016Z: [    7.320305] hv_vmbus: registering driver hv_util
[STDERR  ] 2017-06-22T01:05:25.564901605Z: [    7.320745] hv_vmbus: registering driver hv_balloon
[STDERR  ] 2017-06-22T01:05:25.564921389Z: [    7.321255] oprofile: using NMI interrupt.
[STDERR  ] 2017-06-22T01:05:25.564928059Z: [    7.322249] GACT probability on
[STDERR  ] 2017-06-22T01:05:25.564939376Z: [    7.322615] Mirror/redirect action on
[STDERR  ] 2017-06-22T01:05:25.564960455Z: [    7.323017] Simple TC action Loaded
[STDERR  ] 2017-06-22T01:05:25.564973494Z: [    7.325793] netem: version 1.3
[STDERR  ] 2017-06-22T01:05:25.564986549Z: [    7.326112] u32 classifier
[STDERR  ] 2017-06-22T01:05:25.564998966Z: [    7.326311]     Performance counters on
[STDERR  ] 2017-06-22T01:05:25.565013795Z: [    7.326565]     input device check on
[STDERR  ] 2017-06-22T01:05:25.565020293Z: [    7.326809]     Actions configured
[STDERR  ] 2017-06-22T01:05:25.56504427Z: [    7.327482] Netfilter messages via NETLINK v0.30.
[STDERR  ] 2017-06-22T01:05:25.565056358Z: [    7.327995] nfnl_acct: registering with nfnetlink.
[STDERR  ] 2017-06-22T01:05:25.565068287Z: [    7.329101] nf_conntrack version 0.5.0 (7904 buckets, 31616 max)
[STDERR  ] 2017-06-22T01:05:25.565087954Z: [    7.330976] ata1: SATA link down (SStatus 0 SControl 300)
[STDERR  ] 2017-06-22T01:05:25.565103454Z: [    7.332924] ata2: SATA link down (SStatus 0 SControl 300)
[STDERR  ] 2017-06-22T01:05:25.565119869Z: [    7.333612] ata3: SATA link up 1.5 Gbps (SStatus 113 SControl 300)
[STDERR  ] 2017-06-22T01:05:25.565133618Z: [    7.336991] ata3.00: ATAPI: QEMU DVD-ROM, 2.5+, max UDMA/100
[STDERR  ] 2017-06-22T01:05:25.565145688Z: [    7.337468] ata3.00: applying bridge limits
[STDERR  ] 2017-06-22T01:05:25.565160605Z: [    7.339126] ata3.00: configured for UDMA/100
[STDERR  ] 2017-06-22T01:05:25.565172561Z: [    7.340283] ata4: SATA link down (SStatus 0 SControl 300)
[STDERR  ] 2017-06-22T01:05:25.565185205Z: [    7.340749] ata5: SATA link down (SStatus 0 SControl 300)
[STDERR  ] 2017-06-22T01:05:25.5652024Z: [    7.341199] ata6: SATA link down (SStatus 0 SControl 300)
[STDERR  ] 2017-06-22T01:05:25.56521772Z: [    7.344426] ctnetlink v0.93: registering with nfnetlink.
[STDERR  ] 2017-06-22T01:05:25.565229907Z: [    7.347517] nf_tables: (c) 2007-2009 Patrick McHardy <kaber@trash.net>
[STDERR  ] 2017-06-22T01:05:25.565245229Z: [    7.348356] nf_tables_compat: (c) 2012 Pablo Neira Ayuso <pablo@netfilter.org>
[STDERR  ] 2017-06-22T01:05:25.565261404Z: [    7.362088] xt_time: kernel timezone is -0000
[STDERR  ] 2017-06-22T01:05:25.565276627Z: [    7.362625] ip_set: protocol 6
[STDERR  ] 2017-06-22T01:05:25.565290344Z: [    7.363380] IPVS: Registered protocols (TCP, UDP, SCTP, AH, ESP)
[STDERR  ] 2017-06-22T01:05:25.565303717Z: [    7.363965] IPVS: Connection hash table configured (size=4096, memory=64Kbytes)
[STDERR  ] 2017-06-22T01:05:25.565317273Z: [    7.365898] scsi 2:0:0:0: CD-ROM            QEMU     QEMU DVD-ROM     2.5+ PQ: 0 ANSI: 5
[STDERR  ] 2017-06-22T01:05:25.565330392Z: [    7.375411] IPVS: Creating netns size=2096 id=0
[STDERR  ] 2017-06-22T01:05:25.565343871Z: [    7.378654] IPVS: ipvs loaded.
[STDERR  ] 2017-06-22T01:05:25.565357034Z: [    7.379022] IPVS: [rr] scheduler registered.
[STDERR  ] 2017-06-22T01:05:25.565367388Z: [    7.379297] IPVS: [wrr] scheduler registered.
[STDERR  ] 2017-06-22T01:05:25.565386909Z: [    7.379527] IPVS: [lc] scheduler registered.
[STDERR  ] 2017-06-22T01:05:25.565400637Z: [    7.379750] IPVS: [wlc] scheduler registered.
[STDERR  ] 2017-06-22T01:05:25.565406538Z: [    7.379974] IPVS: [fo] scheduler registered.
[STDERR  ] 2017-06-22T01:05:25.565430553Z: [    7.382511] IPVS: [ovf] scheduler registered.
[STDERR  ] 2017-06-22T01:05:25.565442511Z: [    7.383034] IPVS: [lblc] scheduler registered.
[STDERR  ] 2017-06-22T01:05:25.565456741Z: [    7.383518] IPVS: [lblcr] scheduler registered.
[STDERR  ] 2017-06-22T01:05:25.565470012Z: [    7.383891] IPVS: [dh] scheduler registered.
[STDERR  ] 2017-06-22T01:05:25.56548451Z: [    7.384257] IPVS: [sh] scheduler registered.
[STDERR  ] 2017-06-22T01:05:25.565496122Z: [    7.384583] IPVS: [sed] scheduler registered.
[STDERR  ] 2017-06-22T01:05:25.565503124Z: [    7.384887] IPVS: [nq] scheduler registered.
[STDERR  ] 2017-06-22T01:05:25.565516887Z: [    7.385642] IPVS: ftp: loaded support on port[0] = 21
[STDERR  ] 2017-06-22T01:05:25.565535174Z: [    7.386941] ipip: IPv4 over IPv4 tunneling driver
[STDERR  ] 2017-06-22T01:05:25.565549345Z: [    7.394799] sr 2:0:0:0: [sr0] scsi3-mmc drive: 4x/4x cd/rw xa/form2 tray
[STDERR  ] 2017-06-22T01:05:25.565560992Z: [    7.395893] cdrom: Uniform CD-ROM driver Revision: 3.20
[STDERR  ] 2017-06-22T01:05:25.565579578Z: [    7.402120] gre: GRE over IPv4 demultiplexor driver
[STDERR  ] 2017-06-22T01:05:25.565591766Z: [    7.402706] ip_gre: GRE over IPv4 tunneling driver
[STDERR  ] 2017-06-22T01:05:25.565606879Z: [    7.416656] sr 2:0:0:0: Attached scsi generic sg0 type 5
[STDERR  ] 2017-06-22T01:05:25.565619653Z: [    7.420857] IPv4 over IPsec tunneling driver
[STDERR  ] 2017-06-22T01:05:25.565633502Z: [    7.430731] ip_tables: (C) 2000-2006 Netfilter Core Team
[STDERR  ] 2017-06-22T01:05:25.56564582Z: [    7.435358] ipt_CLUSTERIP: ClusterIP Version 0.8 loaded successfully
[STDERR  ] 2017-06-22T01:05:25.565659767Z: [    7.436506] arp_tables: (C) 2002 David S. Miller
[STDERR  ] 2017-06-22T01:05:25.565674494Z: [    7.439238] Initializing XFRM netlink socket
[STDERR  ] 2017-06-22T01:05:25.565688453Z: [    7.441182] NET: Registered protocol family 10
[STDERR  ] 2017-06-22T01:05:25.565699882Z: [    7.453211] mip6: Mobile IPv6
[STDERR  ] 2017-06-22T01:05:25.565712422Z: [    7.453660] ip6_tables: (C) 2000-2006 Netfilter Core Team
[STDERR  ] 2017-06-22T01:05:25.565728923Z: [    7.461495] sit: IPv6 over IPv4 tunneling driver
[STDERR  ] 2017-06-22T01:05:25.565741792Z: [    7.467806] ip6_gre: GRE over IPv6 tunneling driver
[STDERR  ] 2017-06-22T01:05:25.565756007Z: [    7.471391] NET: Registered protocol family 17
[STDERR  ] 2017-06-22T01:05:25.565768083Z: [    7.471994] NET: Registered protocol family 15
[STDERR  ] 2017-06-22T01:05:25.56579045Z: [    7.472816] bridge: automatic filtering via arp/ip/ip6tables has been deprecated. Update your scripts to load br_netfilter if you need this.
[STDERR  ] 2017-06-22T01:05:25.565797439Z: [    7.474098] Bridge firewalling registered
[STDERR  ] 2017-06-22T01:05:25.565817855Z: [    7.474738] Ebtables v2.0 registered
[STDERR  ] 2017-06-22T01:05:25.565833829Z: [    7.478229] l2tp_core: L2TP core driver, V2.0
[STDERR  ] 2017-06-22T01:05:25.565851386Z: [    7.478674] l2tp_ppp: PPPoL2TP kernel driver, V2.0
[STDERR  ] 2017-06-22T01:05:25.565864601Z: [    7.479033] 8021q: 802.1Q VLAN Support v1.8
[STDERR  ] 2017-06-22T01:05:25.565872201Z: [    7.480696] 9pnet: Installing 9P2000 support
[STDERR  ] 2017-06-22T01:05:25.565892003Z: [    7.481618] Key type dns_resolver registered
[STDERR  ] 2017-06-22T01:05:25.565909255Z: [    7.481988] openvswitch: Open vSwitch switching datapath
[STDERR  ] 2017-06-22T01:05:25.565921503Z: [    7.483827] hv_sock: failed to load: VMBus 4 or later is required
[STDERR  ] 2017-06-22T01:05:25.565936063Z: [    7.484380] mpls_gso: MPLS GSO support
[STDERR  ] 2017-06-22T01:05:25.565948144Z: [    7.484847] microcode: AMD CPU family 0x6 not supported
[STDERR  ] 2017-06-22T01:05:25.565965071Z: [    7.488702] registered taskstats version 1
[STDERR  ] 2017-06-22T01:05:25.565971899Z: [    7.591084] tsc: Refined TSC clocksource calibration: 2300.036 MHz
[STDERR  ] 2017-06-22T01:05:25.565992627Z: [    7.591559] clocksource: tsc: mask: 0xffffffffffffffff max_cycles: 0x212756f2070, max_idle_ns: 440795211913 ns
[STDERR  ] 2017-06-22T01:05:25.566004638Z: [    7.608932] Key type encrypted registered
[STDERR  ] 2017-06-22T01:05:25.566019877Z: [    7.614328] rtc_cmos 00:00: setting system clock to 2017-06-22 01:04:51 UTC (1498093491)
[STDERR  ] 2017-06-22T01:05:25.566025551Z: [    7.753101] Freeing unused kernel memory: 1372K (ffffffffaff70000 - ffffffffb00c7000)
[STDERR  ] 2017-06-22T01:05:25.566050471Z: [    7.753691] Write protecting the kernel read-only data: 14336k
[STDERR  ] 2017-06-22T01:05:25.566065549Z: [    7.766561] Freeing unused kernel memory: 1284K (ffff88002f8bf000 - ffff88002fa00000)
[STDERR  ] 2017-06-22T01:05:25.566081126Z: [    7.849738] Freeing unused kernel memory: 1008K (ffff88002fd04000 - ffff88002fe00000)
[STDERR  ] 2017-06-22T01:05:25.566093123Z: [    8.600912] clocksource: Switched to clocksource tsc
[STDERR  ] 2017-06-22T01:05:25.566106633Z: 
[STDERR  ] 2017-06-22T01:05:25.56611396Z: Starting containerd
[STDERR  ] 2017-06-22T01:05:25.566132874Z: 
[STDERR  ] 2017-06-22T01:05:25.56614594Z: Welcome to LinuxKit
[STDERR  ] 2017-06-22T01:05:25.566162179Z: 
[STDERR  ] 2017-06-22T01:05:25.566169785Z:                         ##         .
[STDERR  ] 2017-06-22T01:05:25.566190888Z:                   ## ## ##        ==
[STDERR  ] 2017-06-22T01:05:25.56621039Z:                ## ## ## ## ##    ===
[STDERR  ] 2017-06-22T01:05:25.566217821Z:            /"""""""""""""""""\___/ ===
[STDERR  ] 2017-06-22T01:05:25.566230517Z:       ~~~ {~~ ~~~~ ~~~ ~~~~ ~~~ ~ /  ===- ~~~
[STDERR  ] 2017-06-22T01:05:25.566249887Z:            \______ o           __/
[STDERR  ] 2017-06-22T01:05:25.566257708Z:              \    \         __/
[STDERR  ] 2017-06-22T01:05:25.566268731Z:               \____\_______/
[STDERR  ] 2017-06-22T01:05:25.566288763Z: 
[STDERR  ] 2017-06-22T01:05:25.566295026Z: [34mINFO[0m[0000] starting containerd boot...                   [34mmodule[0m=containerd
[STDERR  ] 2017-06-22T01:05:25.566306545Z: [34mINFO[0m[0000] starting debug API...                         [34mdebug[0m="/run/containerd/debug.sock" [34mmodule[0m=containerd
[STDERR  ] 2017-06-22T01:05:25.566328584Z: [34mINFO[0m[0000] loading plugin "io.containerd.content.v1.content"...  [34mmodule[0m=containerd [34mtype[0m=io.containerd.content.v1
[STDERR  ] 2017-06-22T01:05:25.566341926Z: [34mINFO[0m[0000] skipping plugin "io.containerd.snapshotter.v1.btrfs"...  [34mmodule[0m=containerd [34mtype[0m=io.containerd.snapshotter.v1
[STDERR  ] 2017-06-22T01:05:25.566359545Z: [34mINFO[0m[0000] loading plugin "io.containerd.snapshotter.v1.overlayfs"...  [34mmodule[0m=containerd [34mtype[0m=io.containerd.snapshotter.v1
[STDERR  ] 2017-06-22T01:05:25.566372481Z: [34mINFO[0m[0000] loading plugin "io.containerd.differ.v1.base-diff"...  [34mmodule[0m=containerd [34mtype[0m=io.containerd.differ.v1
[STDERR  ] 2017-06-22T01:05:25.566391868Z: [34mINFO[0m[0000] loading plugin "io.containerd.metadata.v1.bolt"...  [34mmodule[0m=containerd [34mtype[0m=io.containerd.metadata.v1
[STDERR  ] 2017-06-22T01:05:25.56641215Z: [34mINFO[0m[0000] loading plugin "io.containerd.grpc.v1.containers"...  [34mmodule[0m=containerd [34mtype[0m=io.containerd.grpc.v1
[STDERR  ] 2017-06-22T01:05:25.566424242Z: [34mINFO[0m[0000] loading plugin "io.containerd.grpc.v1.content"...  [34mmodule[0m=containerd [34mtype[0m=io.containerd.grpc.v1
[STDERR  ] 2017-06-22T01:05:25.566438089Z: [34mINFO[0m[0000] loading plugin "io.containerd.grpc.v1.diff"...  [34mmodule[0m=containerd [34mtype[0m=io.containerd.grpc.v1
[STDERR  ] 2017-06-22T01:05:25.566452078Z: [34mINFO[0m[0000] loading plugin "io.containerd.monitor.v1.cgroups"...  [34mmodule[0m=containerd [34mtype[0m=io.containerd.monitor.v1
[STDERR  ] 2017-06-22T01:05:25.566465458Z: [34mINFO[0m[0000] loading plugin "io.containerd.runtime.v1.linux"...  [34mmodule[0m=containerd [34mtype[0m=io.containerd.runtime.v1
[STDERR  ] 2017-06-22T01:05:25.56647332Z: [34mINFO[0m[0000] loading plugin "io.containerd.grpc.v1.tasks"...  [34mmodule[0m=containerd [34mtype[0m=io.containerd.grpc.v1
[STDERR  ] 2017-06-22T01:05:25.566483974Z: [34mINFO[0m[0000] loading plugin "io.containerd.grpc.v1.healthcheck"...  [34mmodule[0m=containerd [34mtype[0m=io.containerd.grpc.v1
[STDERR  ] 2017-06-22T01:05:25.566506933Z: [34mINFO[0m[0000] loading plugin "io.containerd.grpc.v1.images"...  [34mmodule[0m=containerd [34mtype[0m=io.containerd.grpc.v1
