[INFO    ] 2018-02-06T15:18:34.354226686Z: Running Test linuxkit.kernel.kmod_4.9.x in /tmp/build/test/cases/020_kernel/011_kmod_4.9.x
[INFO    ] 2018-02-06T15:18:34.354341912Z: Running command: [/bin/sh -x /tmp/build/test/cases/020_kernel/011_kmod_4.9.x/test.sh]
[STDERR  ] 2018-02-06T15:18:34.35505167Z: + set -e
[STDERR  ] 2018-02-06T15:18:34.355126551Z: + . /tmp/build/test/cases/_lib/lib.sh
[STDERR  ] 2018-02-06T15:18:34.355145993Z: + [ -f src/github.com/linuxkit/rtf/lib/lib.sh ]
[STDERR  ] 2018-02-06T15:18:34.355176916Z: + LINUXKIT_TMPDIR=/tmp/build/test/cases/_tmp
[STDERR  ] 2018-02-06T15:18:34.35519181Z: + [ -f /tmp/build/test/cases/_tmp/env.sh ]
[STDERR  ] 2018-02-06T15:18:34.355204394Z: + . /tmp/build/test/cases/_tmp/env.sh
[STDERR  ] 2018-02-06T15:18:34.355215334Z: + export LINUXKIT_EXAMPLES_DIR=/tmp/build/test/cases/../../examples
[STDERR  ] 2018-02-06T15:18:34.355594736Z: + RT_CANCEL=253
[STDERR  ] 2018-02-06T15:18:34.355615673Z: + NAME=kmod
[STDERR  ] 2018-02-06T15:18:34.355627798Z: + IMAGE_NAME=kmod-test
[STDERR  ] 2018-02-06T15:18:34.355649151Z: + trap clean_up EXIT
[STDERR  ] 2018-02-06T15:18:34.355660625Z: + docker pull linuxkit/kernel:4.9.79
[STDOUT  ] 2018-02-06T15:18:35.489574682Z: 4.9.79: Pulling from linuxkit/kernel
[STDOUT  ] 2018-02-06T15:18:35.874783767Z: Digest: sha256:35dab6d782d064a9d16a68667e6b25fed8e37a5517ac49602864f117e0deb435
[STDOUT  ] 2018-02-06T15:18:35.874850109Z: Status: Image is up to date for linuxkit/kernel:4.9.79
[STDERR  ] 2018-02-06T15:18:35.875980854Z: + docker build -t kmod-test .
[STDOUT  ] 2018-02-06T15:18:35.918691802Z: Sending build context to Docker daemon  8.704kB
[STDOUT  ] 2018-02-06T15:18:36.009352236Z: Step 1/12 : FROM linuxkit/kernel:4.9.79 AS ksrc
[STDOUT  ] 2018-02-06T15:18:36.009565659Z:  ---> ee38f091a6c5
[STDOUT  ] 2018-02-06T15:18:36.009604413Z: Step 2/12 : FROM linuxkit/alpine:d307c8a386fa3f32cddda9409b9687e191cdd6f1 AS build
[STDOUT  ] 2018-02-06T15:18:36.01012199Z:  ---> 4d01d9a77113
[STDOUT  ] 2018-02-06T15:18:36.010145851Z: Step 3/12 : RUN apk add build-base libelf-dev
[STDOUT  ] 2018-02-06T15:18:36.010554766Z:  ---> Using cache
[STDOUT  ] 2018-02-06T15:18:36.010592958Z:  ---> 0ab0611f671d
[STDOUT  ] 2018-02-06T15:18:36.010664062Z: Step 4/12 : COPY --from=ksrc /kernel-dev.tar /
[STDOUT  ] 2018-02-06T15:18:37.473099075Z:  ---> 5494d8bac3f7
[STDOUT  ] 2018-02-06T15:18:37.491250676Z: Removing intermediate container 91f4aaa6e425
[STDOUT  ] 2018-02-06T15:18:37.491300295Z: Step 5/12 : RUN tar xf kernel-dev.tar
[STDOUT  ] 2018-02-06T15:18:37.561822524Z:  ---> Running in 5335389fb1c7
[STDOUT  ] 2018-02-06T15:18:43.385627929Z:  ---> 9881cf2bef72
[STDOUT  ] 2018-02-06T15:18:43.770069211Z: Removing intermediate container 5335389fb1c7
[STDOUT  ] 2018-02-06T15:18:43.770137495Z: Step 6/12 : WORKDIR /kmod
[STDOUT  ] 2018-02-06T15:18:44.001439803Z:  ---> a66f1b90248a
[STDOUT  ] 2018-02-06T15:18:44.007682562Z: Removing intermediate container 40198e280a97
[STDOUT  ] 2018-02-06T15:18:44.007730029Z: Step 7/12 : COPY ./src/* ./
[STDOUT  ] 2018-02-06T15:18:44.521703249Z:  ---> ae9920cd9ece
[STDOUT  ] 2018-02-06T15:18:44.527131829Z: Removing intermediate container 54d7bbe592ae
[STDOUT  ] 2018-02-06T15:18:44.527211166Z: Step 8/12 : RUN make all
[STDOUT  ] 2018-02-06T15:18:44.604568781Z:  ---> Running in f31fbf15f9a9
[STDOUT  ] 2018-02-06T15:18:44.8886952Z: make -C /usr/src/linux-headers-4.9.79-linuxkit M=/kmod modules
[STDOUT  ] 2018-02-06T15:18:44.889726364Z: make[1]: Entering directory '/usr/src/linux-headers-4.9.79-linuxkit'
[STDOUT  ] 2018-02-06T15:18:45.87346235Z:   CC [M]  /kmod/hello_world.o
[STDOUT  ] 2018-02-06T15:18:46.061494496Z:   Building modules, stage 2.
[STDOUT  ] 2018-02-06T15:18:46.069179Z:   MODPOST 1 modules
[STDOUT  ] 2018-02-06T15:18:46.082854404Z:   CC      /kmod/hello_world.mod.o
[STDOUT  ] 2018-02-06T15:18:46.253829744Z:   LD [M]  /kmod/hello_world.ko
[STDOUT  ] 2018-02-06T15:18:46.256932454Z: make[1]: Leaving directory '/usr/src/linux-headers-4.9.79-linuxkit'
[STDOUT  ] 2018-02-06T15:18:46.717764464Z:  ---> d5e96167e1bd
[STDOUT  ] 2018-02-06T15:18:46.724002079Z: Removing intermediate container f31fbf15f9a9
[STDOUT  ] 2018-02-06T15:18:46.724069641Z: Step 9/12 : FROM alpine:3.7
[STDOUT  ] 2018-02-06T15:18:46.724448143Z:  ---> 3fd9065eaf02
[STDOUT  ] 2018-02-06T15:18:46.724512444Z: Step 10/12 : COPY --from=build /kmod/hello_world.ko /
[STDOUT  ] 2018-02-06T15:18:47.069427895Z:  ---> 4e0cd84e32ed
[STDOUT  ] 2018-02-06T15:18:47.074562576Z: Removing intermediate container 5a01633d2995
[STDOUT  ] 2018-02-06T15:18:47.074598221Z: Step 11/12 : COPY check.sh /check.sh
[STDOUT  ] 2018-02-06T15:18:47.377219424Z:  ---> 2c5d13eae567
[STDOUT  ] 2018-02-06T15:18:47.381796084Z: Removing intermediate container 3a86ccb4cb28
[STDOUT  ] 2018-02-06T15:18:47.381846151Z: Step 12/12 : ENTRYPOINT /bin/sh /check.sh
[STDOUT  ] 2018-02-06T15:18:47.465950397Z:  ---> Running in a85519468689
[STDOUT  ] 2018-02-06T15:18:47.630093292Z:  ---> ff07afe05050
[STDOUT  ] 2018-02-06T15:18:47.634837663Z: Removing intermediate container a85519468689
[STDOUT  ] 2018-02-06T15:18:47.634870629Z: Successfully built ff07afe05050
[STDOUT  ] 2018-02-06T15:18:47.638396222Z: Successfully tagged kmod-test:latest
[STDERR  ] 2018-02-06T15:18:47.683307015Z: + linuxkit build -format kernel+initrd -name kmod test.yml
[STDERR  ] 2018-02-06T15:18:47.710092837Z: Extract kernel image: linuxkit/kernel:4.9.79
[STDERR  ] 2018-02-06T15:18:48.919852483Z: time="2018-02-06T15:18:48Z" level=warning msg="certificate with CN avi@atomicinc.com is near expiry"
[STDERR  ] 2018-02-06T15:18:48.91993574Z: time="2018-02-06T15:18:48Z" level=warning msg="certificate with CN Ian Campbell is near expiry"
[STDERR  ] 2018-02-06T15:18:48.920185004Z: time="2018-02-06T15:18:48Z" level=warning msg="certificate with CN Justin Cormack is near expiry"
[STDERR  ] 2018-02-06T15:18:48.920248978Z: time="2018-02-06T15:18:48Z" level=warning msg="certificate with CN  is near expiry"
[STDERR  ] 2018-02-06T15:18:48.920376612Z: time="2018-02-06T15:18:48Z" level=warning msg="certificate with CN  is near expiry"
[STDERR  ] 2018-02-06T15:18:48.970712522Z: time="2018-02-06T15:18:48Z" level=warning msg="certificate with CN Justin Cormack is near expiry"
[STDERR  ] 2018-02-06T15:18:49.418550896Z: Add init containers:
[STDERR  ] 2018-02-06T15:18:49.418602339Z: Process init image: linuxkit/init:e650be6c21ef9ecb33534858fc63fb8bc5028c6e
[STDERR  ] 2018-02-06T15:18:50.430083755Z: time="2018-02-06T15:18:50Z" level=warning msg="certificate with CN Justin Cormack is near expiry"
[STDERR  ] 2018-02-06T15:18:50.430253903Z: time="2018-02-06T15:18:50Z" level=warning msg="certificate with CN  is near expiry"
[STDERR  ] 2018-02-06T15:18:50.43034047Z: time="2018-02-06T15:18:50Z" level=warning msg="certificate with CN  is near expiry"
[STDERR  ] 2018-02-06T15:18:50.430455996Z: time="2018-02-06T15:18:50Z" level=warning msg="certificate with CN avi@atomicinc.com is near expiry"
[STDERR  ] 2018-02-06T15:18:50.430575562Z: time="2018-02-06T15:18:50Z" level=warning msg="certificate with CN Ian Campbell is near expiry"
[STDERR  ] 2018-02-06T15:18:50.434850916Z: time="2018-02-06T15:18:50Z" level=warning msg="certificate with CN Justin Cormack is near expiry"
[STDERR  ] 2018-02-06T15:18:50.436483956Z: time="2018-02-06T15:18:50Z" level=warning msg="certificate with CN  is near expiry"
[STDERR  ] 2018-02-06T15:18:50.436582155Z: time="2018-02-06T15:18:50Z" level=warning msg="certificate with CN Ian Campbell is near expiry"
[STDERR  ] 2018-02-06T15:18:50.622919196Z: Process init image: linuxkit/runc:52ecfdef1ae051e7fd5ac5f1d0b7dd859adff015
[STDERR  ] 2018-02-06T15:18:51.650410535Z: time="2018-02-06T15:18:51Z" level=warning msg="certificate with CN avi@atomicinc.com is near expiry"
[STDERR  ] 2018-02-06T15:18:51.650493961Z: time="2018-02-06T15:18:51Z" level=warning msg="certificate with CN Ian Campbell is near expiry"
[STDERR  ] 2018-02-06T15:18:51.65074038Z: time="2018-02-06T15:18:51Z" level=warning msg="certificate with CN Justin Cormack is near expiry"
[STDERR  ] 2018-02-06T15:18:51.650898535Z: time="2018-02-06T15:18:51Z" level=warning msg="certificate with CN  is near expiry"
[STDERR  ] 2018-02-06T15:18:51.651005121Z: time="2018-02-06T15:18:51Z" level=warning msg="certificate with CN  is near expiry"
[STDERR  ] 2018-02-06T15:18:51.653304033Z: time="2018-02-06T15:18:51Z" level=warning msg="certificate with CN Justin Cormack is near expiry"
[STDERR  ] 2018-02-06T15:18:51.654545453Z: time="2018-02-06T15:18:51Z" level=warning msg="certificate with CN  is near expiry"
[STDERR  ] 2018-02-06T15:18:51.654673085Z: time="2018-02-06T15:18:51Z" level=warning msg="certificate with CN Ian Campbell is near expiry"
[STDERR  ] 2018-02-06T15:18:51.798789903Z: Add onboot containers:
[STDERR  ] 2018-02-06T15:18:51.798851898Z:   Create OCI config for kmod-test
[STDERR  ] 2018-02-06T15:18:51.99447772Z:   Create OCI config for linuxkit/poweroff:f9a0a5e52fd2a97908bda33db2afffafe4a6a67d
[STDERR  ] 2018-02-06T15:18:53.048194152Z: time="2018-02-06T15:18:53Z" level=warning msg="certificate with CN Justin Cormack is near expiry"
[STDERR  ] 2018-02-06T15:18:53.04837369Z: time="2018-02-06T15:18:53Z" level=warning msg="certificate with CN Rolf Neugebauer is near expiry"
[STDERR  ] 2018-02-06T15:18:53.048436312Z: time="2018-02-06T15:18:53Z" level=warning msg="certificate with CN  is near expiry"
[STDERR  ] 2018-02-06T15:18:53.04853302Z: time="2018-02-06T15:18:53Z" level=warning msg="certificate with CN  is near expiry"
[STDERR  ] 2018-02-06T15:18:53.048652775Z: time="2018-02-06T15:18:53Z" level=warning msg="certificate with CN avi@atomicinc.com is near expiry"
[STDERR  ] 2018-02-06T15:18:53.048747155Z: time="2018-02-06T15:18:53Z" level=warning msg="certificate with CN Ian Campbell is near expiry"
[STDERR  ] 2018-02-06T15:18:53.050314264Z: time="2018-02-06T15:18:53Z" level=warning msg="certificate with CN Rolf Neugebauer is near expiry"
[STDERR  ] 2018-02-06T15:18:53.051051476Z: time="2018-02-06T15:18:53Z" level=warning msg="certificate with CN  is near expiry"
[STDERR  ] 2018-02-06T15:18:53.051151475Z: time="2018-02-06T15:18:53Z" level=warning msg="certificate with CN Ian Campbell is near expiry"
[STDERR  ] 2018-02-06T15:18:53.199875308Z: Create outputs:
[STDERR  ] 2018-02-06T15:18:57.61091151Z:   kmod-kernel kmod-initrd.img kmod-cmdline
[STDERR  ] 2018-02-06T15:18:57.656735497Z: + linuxkit run kmod
[STDERR  ] 2018-02-06T15:18:57.680164149Z: Unable to find qemu-system-x86_64 within the $PATH. Using a container
[STDERR  ] 2018-02-06T15:19:07.155429073Z: + RESULT=[    0.000000] Linux version 4.9.79-linuxkit (root@0710efb9e153) (gcc version 6.4.0 (Alpine 6.4.0) ) #1 SMP Tue Feb 6 13:46:28 UTC 2018
[STDERR  ] 2018-02-06T15:19:07.155580939Z: [    0.000000] Command line: console=ttyS0 console=ttyAMA0
[STDERR  ] 2018-02-06T15:19:07.155598956Z: [    0.000000] x86/fpu: Legacy x87 FPU detected.
[STDERR  ] 2018-02-06T15:19:07.155615933Z: [    0.000000] x86/fpu: Using 'eager' FPU context switches.
[STDERR  ] 2018-02-06T15:19:07.155635042Z: [    0.000000] e820: BIOS-provided physical RAM map:
[STDERR  ] 2018-02-06T15:19:07.155650311Z: [    0.000000] BIOS-e820: [mem 0x0000000000000000-0x000000000009fbff] usable
[STDERR  ] 2018-02-06T15:19:07.155662731Z: [    0.000000] BIOS-e820: [mem 0x000000000009fc00-0x000000000009ffff] reserved
[STDERR  ] 2018-02-06T15:19:07.155678106Z: [    0.000000] BIOS-e820: [mem 0x00000000000f0000-0x00000000000fffff] reserved
[STDERR  ] 2018-02-06T15:19:07.155692017Z: [    0.000000] BIOS-e820: [mem 0x0000000000100000-0x000000003ffdefff] usable
[STDERR  ] 2018-02-06T15:19:07.155705016Z: [    0.000000] BIOS-e820: [mem 0x000000003ffdf000-0x000000003fffffff] reserved
[STDERR  ] 2018-02-06T15:19:07.155718043Z: [    0.000000] BIOS-e820: [mem 0x00000000b0000000-0x00000000bfffffff] reserved
[STDERR  ] 2018-02-06T15:19:07.155735939Z: [    0.000000] BIOS-e820: [mem 0x00000000fed1c000-0x00000000fed1ffff] reserved
[STDERR  ] 2018-02-06T15:19:07.155753278Z: [    0.000000] BIOS-e820: [mem 0x00000000feffc000-0x00000000feffffff] reserved
[STDERR  ] 2018-02-06T15:19:07.155767651Z: [    0.000000] BIOS-e820: [mem 0x00000000fffc0000-0x00000000ffffffff] reserved
[STDERR  ] 2018-02-06T15:19:07.155782657Z: [    0.000000] NX (Execute Disable) protection: active
[STDERR  ] 2018-02-06T15:19:07.155801269Z: [    0.000000] SMBIOS 2.8 present.
[STDERR  ] 2018-02-06T15:19:07.155842942Z: [    0.000000] Hypervisor detected: KVM
[STDERR  ] 2018-02-06T15:19:07.15585666Z: [    0.000000] e820: last_pfn = 0x3ffdf max_arch_pfn = 0x400000000
[STDERR  ] 2018-02-06T15:19:07.155871349Z: [    0.000000] x86/PAT: PAT not supported by CPU.
[STDERR  ] 2018-02-06T15:19:07.155882079Z: [    0.000000] x86/PAT: Configuration [0-7]: WB  WT  UC- UC  WB  WT  UC- UC  
[STDERR  ] 2018-02-06T15:19:07.15589475Z: [    0.000000] found SMP MP-table at [mem 0x000f6aa0-0x000f6aaf] mapped at [ffff8c4a800f6aa0]
[STDERR  ] 2018-02-06T15:19:07.155906883Z: [    0.000000] RAMDISK: [mem 0x3e800000-0x3ffcffff]
[STDERR  ] 2018-02-06T15:19:07.155917606Z: [    0.000000] ACPI: Early table checksum verification disabled
[STDERR  ] 2018-02-06T15:19:07.155929953Z: [    0.000000] ACPI: RSDP 0x00000000000F68B0 000014 (v00 BOCHS )
[STDERR  ] 2018-02-06T15:19:07.155949565Z: [    0.000000] ACPI: RSDT 0x000000003FFE20A8 000034 (v01 BOCHS  BXPCRSDT 00000001 BXPC 00000001)
[STDERR  ] 2018-02-06T15:19:07.155964972Z: [    0.000000] ACPI: FACP 0x000000003FFE1EC8 0000F4 (v03 BOCHS  BXPCFACP 00000001 BXPC 00000001)
[STDERR  ] 2018-02-06T15:19:07.155996026Z: [    0.000000] ACPI: DSDT 0x000000003FFE0040 001E88 (v01 BOCHS  BXPCDSDT 00000001 BXPC 00000001)
[STDERR  ] 2018-02-06T15:19:07.156012044Z: [    0.000000] ACPI: FACS 0x000000003FFE0000 000040
[STDERR  ] 2018-02-06T15:19:07.156025514Z: [    0.000000] ACPI: APIC 0x000000003FFE1FBC 000078 (v01 BOCHS  BXPCAPIC 00000001 BXPC 00000001)
[STDERR  ] 2018-02-06T15:19:07.156052711Z: [    0.000000] ACPI: HPET 0x000000003FFE2034 000038 (v01 BOCHS  BXPCHPET 00000001 BXPC 00000001)
[STDERR  ] 2018-02-06T15:19:07.156071156Z: [    0.000000] ACPI: MCFG 0x000000003FFE206C 00003C (v01 BOCHS  BXPCMCFG 00000001 BXPC 00000001)
[STDERR  ] 2018-02-06T15:19:07.156084591Z: [    0.000000] kvm-clock: Using msrs 4b564d01 and 4b564d00
[STDERR  ] 2018-02-06T15:19:07.156098736Z: [    0.000000] kvm-clock: cpu 0, msr 0:3ffdd001, primary cpu clock
[STDERR  ] 2018-02-06T15:19:07.156111829Z: [    0.000000] clocksource: kvm-clock: mask: 0xffffffffffffffff max_cycles: 0x1cd42e4dffb, max_idle_ns: 881590591483 ns
[STDERR  ] 2018-02-06T15:19:07.156135087Z: [    0.000000] Zone ranges:
[STDERR  ] 2018-02-06T15:19:07.156146349Z: [    0.000000]   DMA      [mem 0x0000000000001000-0x0000000000ffffff]
[STDERR  ] 2018-02-06T15:19:07.156157489Z: [    0.000000]   DMA32    [mem 0x0000000001000000-0x000000003ffdefff]
[STDERR  ] 2018-02-06T15:19:07.156169477Z: [    0.000000]   Normal   empty
[STDERR  ] 2018-02-06T15:19:07.156180563Z: [    0.000000] Movable zone start for each node
[STDERR  ] 2018-02-06T15:19:07.156193682Z: [    0.000000] Early memory node ranges
[STDERR  ] 2018-02-06T15:19:07.156207316Z: [    0.000000]   node   0: [mem 0x0000000000001000-0x000000000009efff]
[STDERR  ] 2018-02-06T15:19:07.156218579Z: [    0.000000]   node   0: [mem 0x0000000000100000-0x000000003ffdefff]
[STDERR  ] 2018-02-06T15:19:07.156229972Z: [    0.000000] Initmem setup node 0 [mem 0x0000000000001000-0x000000003ffdefff]
[STDERR  ] 2018-02-06T15:19:07.156241716Z: [    0.000000] ACPI: PM-Timer IO Port: 0x608
[STDERR  ] 2018-02-06T15:19:07.156251518Z: [    0.000000] ACPI: LAPIC_NMI (acpi_id[0xff] dfl dfl lint[0x1])
[STDERR  ] 2018-02-06T15:19:07.156264247Z: [    0.000000] IOAPIC[0]: apic_id 0, version 17, address 0xfec00000, GSI 0-23
[STDERR  ] 2018-02-06T15:19:07.156276197Z: [    0.000000] ACPI: INT_SRC_OVR (bus 0 bus_irq 0 global_irq 2 dfl dfl)
[STDERR  ] 2018-02-06T15:19:07.156287102Z: [    0.000000] ACPI: INT_SRC_OVR (bus 0 bus_irq 5 global_irq 5 high level)
[STDERR  ] 2018-02-06T15:19:07.156299137Z: [    0.000000] ACPI: INT_SRC_OVR (bus 0 bus_irq 9 global_irq 9 high level)
[STDERR  ] 2018-02-06T15:19:07.156311667Z: [    0.000000] ACPI: INT_SRC_OVR (bus 0 bus_irq 10 global_irq 10 high level)
[STDERR  ] 2018-02-06T15:19:07.156324191Z: [    0.000000] ACPI: INT_SRC_OVR (bus 0 bus_irq 11 global_irq 11 high level)
[STDERR  ] 2018-02-06T15:19:07.15633675Z: [    0.000000] Using ACPI (MADT) for SMP configuration information
[STDERR  ] 2018-02-06T15:19:07.156358763Z: [    0.000000] ACPI: HPET id: 0x8086a201 base: 0xfed00000
[STDERR  ] 2018-02-06T15:19:07.156376041Z: [    0.000000] smpboot: Allowing 1 CPUs, 0 hotplug CPUs
[STDERR  ] 2018-02-06T15:19:07.156387068Z: [    0.000000] e820: [mem 0x40000000-0xafffffff] available for PCI devices
[STDERR  ] 2018-02-06T15:19:07.15639925Z: [    0.000000] Booting paravirtualized kernel on KVM
[STDERR  ] 2018-02-06T15:19:07.156413386Z: [    0.000000] clocksource: refined-jiffies: mask: 0xffffffff max_cycles: 0xffffffff, max_idle_ns: 19112604462750000 ns
[STDERR  ] 2018-02-06T15:19:07.156426766Z: [    0.000000] setup_percpu: NR_CPUS:128 nr_cpumask_bits:128 nr_cpu_ids:1 nr_node_ids:1
[STDERR  ] 2018-02-06T15:19:07.156439482Z: [    0.000000] percpu: Embedded 36 pages/cpu @ffff8c4abe600000 s106904 r8192 d32360 u2097152
[STDERR  ] 2018-02-06T15:19:07.156451431Z: [    0.000000] KVM setup async PF for cpu 0
[STDERR  ] 2018-02-06T15:19:07.156463147Z: [    0.000000] kvm-stealtime: cpu 0, msr 3e60fd80
[STDERR  ] 2018-02-06T15:19:07.156474712Z: [    0.000000] Built 1 zonelists in Zone order, mobility grouping on.  Total pages: 257896
[STDERR  ] 2018-02-06T15:19:07.156485982Z: [    0.000000] Kernel command line: console=ttyS0 console=ttyAMA0
[STDERR  ] 2018-02-06T15:19:07.156501132Z: [    0.000000] PID hash table entries: 4096 (order: 3, 32768 bytes)
[STDERR  ] 2018-02-06T15:19:07.15651344Z: [    0.000000] Dentry cache hash table entries: 131072 (order: 8, 1048576 bytes)
[STDERR  ] 2018-02-06T15:19:07.156537539Z: [    0.000000] Inode-cache hash table entries: 65536 (order: 7, 524288 bytes)
[STDERR  ] 2018-02-06T15:19:07.156583016Z: [    0.000000] Memory: 989736K/1048052K available (8052K kernel code, 1391K rwdata, 2700K rodata, 1400K init, 564K bss, 58316K reserved, 0K cma-reserved)
[STDERR  ] 2018-02-06T15:19:07.156618165Z: [    0.000000] Kernel/User page tables isolation: enabled
[STDERR  ] 2018-02-06T15:19:07.156641087Z: [    0.000000] Hierarchical RCU implementation.
[STDERR  ] 2018-02-06T15:19:07.156653913Z: [    0.000000] 	Build-time adjustment of leaf fanout to 64.
[STDERR  ] 2018-02-06T15:19:07.156665295Z: [    0.000000] 	RCU restricting CPUs from NR_CPUS=128 to nr_cpu_ids=1.
[STDERR  ] 2018-02-06T15:19:07.156676781Z: [    0.000000] RCU: Adjusting geometry for rcu_fanout_leaf=64, nr_cpu_ids=1
[STDERR  ] 2018-02-06T15:19:07.156687811Z: [    0.000000] NR_IRQS:8448 nr_irqs:256 16
[STDERR  ] 2018-02-06T15:19:07.156699213Z: [    0.000000] Console: colour VGA+ 80x25
[STDERR  ] 2018-02-06T15:19:07.156710664Z: [    0.000000] console [ttyS0] enabled
[STDERR  ] 2018-02-06T15:19:07.156722552Z: [    0.000000] clocksource: hpet: mask: 0xffffffff max_cycles: 0xffffffff, max_idle_ns: 19112604467 ns
[STDERR  ] 2018-02-06T15:19:07.156732559Z: [    0.000000] tsc: Detected 2300.002 MHz processor
[STDERR  ] 2018-02-06T15:19:07.156744943Z: [    0.020000] Calibrating delay loop (skipped) preset value.. 4600.00 BogoMIPS (lpj=23000020)
[STDERR  ] 2018-02-06T15:19:07.156754496Z: [    0.023165] pid_max: default: 32768 minimum: 301
[STDERR  ] 2018-02-06T15:19:07.156766969Z: [    0.028231] ACPI: Core revision 20160831
[STDERR  ] 2018-02-06T15:19:07.156779932Z: [    0.030654] ACPI: 1 ACPI AML tables successfully acquired and loaded
[STDERR  ] 2018-02-06T15:19:07.156790383Z: [    0.040077] Security Framework initialized
[STDERR  ] 2018-02-06T15:19:07.15680355Z: [    0.044580] Yama: becoming mindful.
[STDERR  ] 2018-02-06T15:19:07.156815135Z: [    0.050076] Mount-cache hash table entries: 2048 (order: 2, 16384 bytes)
[STDERR  ] 2018-02-06T15:19:07.156839633Z: [    0.057805] Mountpoint-cache hash table entries: 2048 (order: 2, 16384 bytes)
[STDERR  ] 2018-02-06T15:19:07.156850969Z: [    0.060950] CPU: Physical Processor ID: 0
[STDERR  ] 2018-02-06T15:19:07.156861713Z: [    0.070239] Last level iTLB entries: 4KB 0, 2MB 0, 4MB 0
[STDERR  ] 2018-02-06T15:19:07.156874189Z: [    0.080049] Last level dTLB entries: 4KB 0, 2MB 0, 4MB 0, 1GB 0
[STDERR  ] 2018-02-06T15:19:07.156885323Z: [    0.087145] Spectre V2 mitigation: Vulnerable: Minimal generic ASM retpoline
[STDERR  ] 2018-02-06T15:19:07.156910943Z: [    0.230926] Freeing SMP alternatives memory: 20K
[STDERR  ] 2018-02-06T15:19:07.156926758Z: [    0.270613] ftrace: allocating 35563 entries in 139 pages
[STDERR  ] 2018-02-06T15:19:07.156953711Z: [    0.290123] smpboot: Max logical packages: 1
[STDERR  ] 2018-02-06T15:19:07.156964812Z: [    0.297311] x2apic enabled
[STDERR  ] 2018-02-06T15:19:07.156975137Z: [    0.300040] Switched APIC routing to physical x2apic.
[STDERR  ] 2018-02-06T15:19:07.156985838Z: [    0.319392] ..TIMER: vector=0x30 apic1=0 pin1=2 apic2=-1 pin2=-1
[STDERR  ] 2018-02-06T15:19:07.156997237Z: [    0.320000] smpboot: CPU0: Intel QEMU Virtual CPU version 2.5+ (family: 0x6, model: 0x6, stepping: 0x3)
[STDERR  ] 2018-02-06T15:19:07.157007326Z: [    0.320010] Performance Events: PMU not available due to virtualization, using software events only.
[STDERR  ] 2018-02-06T15:19:07.157017279Z: [    0.340229] x86: Booted up 1 node, 1 CPUs
[STDERR  ] 2018-02-06T15:19:07.157028544Z: [    0.344939] smpboot: Total of 1 processors activated (4600.00 BogoMIPS)
[STDERR  ] 2018-02-06T15:19:07.157040172Z: [    0.352161] devtmpfs: initialized
[STDERR  ] 2018-02-06T15:19:07.157053705Z: [    0.355984] x86/mm: Memory block size: 128MB
[STDERR  ] 2018-02-06T15:19:07.157068204Z: [    0.362942] clocksource: jiffies: mask: 0xffffffff max_cycles: 0xffffffff, max_idle_ns: 19112604462750000 ns
[STDERR  ] 2018-02-06T15:19:07.157078099Z: [    0.370044] futex hash table entries: 256 (order: 2, 16384 bytes)
[STDERR  ] 2018-02-06T15:19:07.157095962Z: [    0.380408] NET: Registered protocol family 16
[STDERR  ] 2018-02-06T15:19:07.157106685Z: [    0.390240] cpuidle: using governor ladder
[STDERR  ] 2018-02-06T15:19:07.157116065Z: [    0.395164] cpuidle: using governor menu
[STDERR  ] 2018-02-06T15:19:07.157127443Z: [    0.400248] ACPI: bus type PCI registered
[STDERR  ] 2018-02-06T15:19:07.157140865Z: [    0.405500] PCI: MMCONFIG for domain 0000 [bus 00-ff] at [mem 0xb0000000-0xbfffffff] (base 0xb0000000)
[STDERR  ] 2018-02-06T15:19:07.157150854Z: [    0.410030] PCI: MMCONFIG at [mem 0xb0000000-0xbfffffff] reserved in E820
[STDERR  ] 2018-02-06T15:19:07.157160983Z: [    0.420072] PCI: Using configuration type 1 for base access
[STDERR  ] 2018-02-06T15:19:07.157173234Z: [    0.432081] HugeTLB registered 2 MB page size, pre-allocated 0 pages
[STDERR  ] 2018-02-06T15:19:07.1571841Z: [    0.440536] ACPI: Added _OSI(Module Device)
[STDERR  ] 2018-02-06T15:19:07.157195263Z: [    0.445364] ACPI: Added _OSI(Processor Device)
[STDERR  ] 2018-02-06T15:19:07.15720724Z: [    0.450031] ACPI: Added _OSI(3.0 _SCP Extensions)
[STDERR  ] 2018-02-06T15:19:07.157217764Z: [    0.455508] ACPI: Added _OSI(Processor Aggregator Device)
[STDERR  ] 2018-02-06T15:19:07.157228595Z: [    0.466655] ACPI: Interpreter enabled
[STDERR  ] 2018-02-06T15:19:07.15723799Z: [    0.470058] ACPI: (supports S0 S5)
[STDERR  ] 2018-02-06T15:19:07.157249781Z: [    0.474463] ACPI: Using IOAPIC for interrupt routing
[STDERR  ] 2018-02-06T15:19:07.157260414Z: [    0.480133] PCI: Using host bridge windows from ACPI; if necessary, use "pci=nocrs" and report a bug
[STDERR  ] 2018-02-06T15:19:07.157270035Z: [    0.493446] ACPI: PCI Root Bridge [PCI0] (domain 0000 [bus 00-ff])
[STDERR  ] 2018-02-06T15:19:07.157281475Z: [    0.500024] acpi PNP0A08:00: _OSC: OS supports [ExtendedConfig ASPM ClockPM Segments MSI]
[STDERR  ] 2018-02-06T15:19:07.157291633Z: [    0.510184] acpi PNP0A08:00: _OSC: OS now controls [PCIeHotplug PME PCIeCapability]
[STDERR  ] 2018-02-06T15:19:07.157301856Z: [    0.520099] PCI host bridge to bus 0000:00
[STDERR  ] 2018-02-06T15:19:07.157314065Z: [    0.524637] pci_bus 0000:00: root bus resource [io  0x0000-0x0cf7 window]
[STDERR  ] 2018-02-06T15:19:07.157325642Z: [    0.530016] pci_bus 0000:00: root bus resource [io  0x0d00-0xffff window]
[STDERR  ] 2018-02-06T15:19:07.157340808Z: [    0.540016] pci_bus 0000:00: root bus resource [mem 0x000a0000-0x000bffff window]
[STDERR  ] 2018-02-06T15:19:07.157349945Z: [    0.550016] pci_bus 0000:00: root bus resource [mem 0xc0000000-0xfebfffff window]
[STDERR  ] 2018-02-06T15:19:07.157370759Z: [    0.558170] pci_bus 0000:00: root bus resource [bus 00-ff]
[STDERR  ] 2018-02-06T15:19:07.157385636Z: [    0.706333] pci 0000:00:1f.0: quirk: [io  0x0600-0x067f] claimed by ICH6 ACPI/GPIO/TCO
[STDERR  ] 2018-02-06T15:19:07.157396112Z: [    0.771546] ACPI: PCI Interrupt Link [LNKA] (IRQs 5 *10 11)
[STDERR  ] 2018-02-06T15:19:07.15740639Z: [    0.779487] ACPI: PCI Interrupt Link [LNKB] (IRQs 5 *10 11)
[STDERR  ] 2018-02-06T15:19:07.157416543Z: [    0.782287] ACPI: PCI Interrupt Link [LNKC] (IRQs 5 10 *11)
[STDERR  ] 2018-02-06T15:19:07.157428292Z: [    0.792325] ACPI: PCI Interrupt Link [LNKD] (IRQs 5 10 *11)
[STDERR  ] 2018-02-06T15:19:07.157439229Z: [    0.802117] ACPI: PCI Interrupt Link [LNKE] (IRQs 5 *10 11)
[STDERR  ] 2018-02-06T15:19:07.157452927Z: [    0.809663] ACPI: PCI Interrupt Link [LNKF] (IRQs 5 *10 11)
[STDERR  ] 2018-02-06T15:19:07.15746536Z: [    0.812222] ACPI: PCI Interrupt Link [LNKG] (IRQs 5 10 *11)
[STDERR  ] 2018-02-06T15:19:07.157477611Z: [    0.822242] ACPI: PCI Interrupt Link [LNKH] (IRQs 5 10 *11)
[STDERR  ] 2018-02-06T15:19:07.157487735Z: [    0.832104] ACPI: PCI Interrupt Link [GSIA] (IRQs *16)
[STDERR  ] 2018-02-06T15:19:07.157498657Z: [    0.838530] ACPI: PCI Interrupt Link [GSIB] (IRQs *17)
[STDERR  ] 2018-02-06T15:19:07.157508697Z: [    0.841147] ACPI: PCI Interrupt Link [GSIC] (IRQs *18)
[STDERR  ] 2018-02-06T15:19:07.157519391Z: [    0.851177] ACPI: PCI Interrupt Link [GSID] (IRQs *19)
[STDERR  ] 2018-02-06T15:19:07.157539938Z: [    0.857690] ACPI: PCI Interrupt Link [GSIE] (IRQs *20)
[STDERR  ] 2018-02-06T15:19:07.157575518Z: [    0.861138] ACPI: PCI Interrupt Link [GSIF] (IRQs *21)
[STDERR  ] 2018-02-06T15:19:07.157592716Z: [    0.871144] ACPI: PCI Interrupt Link [GSIG] (IRQs *22)
[STDERR  ] 2018-02-06T15:19:07.157606794Z: [    0.877581] ACPI: PCI Interrupt Link [GSIH] (IRQs *23)
[STDERR  ] 2018-02-06T15:19:07.157629141Z: [    0.881546] ACPI: Enabled 1 GPEs in block 00 to 3F
[STDERR  ] 2018-02-06T15:19:07.157641088Z: [    0.890402] SCSI subsystem initialized
[STDERR  ] 2018-02-06T15:19:07.157659624Z: [    0.894692] ACPI: bus type USB registered
[STDERR  ] 2018-02-06T15:19:07.157667013Z: [    0.899044] usbcore: registered new interface driver usbfs
[STDERR  ] 2018-02-06T15:19:07.157675384Z: [    0.900063] usbcore: registered new interface driver hub
[STDERR  ] 2018-02-06T15:19:07.157682991Z: [    0.910056] usbcore: registered new device driver usb
[STDERR  ] 2018-02-06T15:19:07.157693017Z: [    0.915677] pps_core: LinuxPPS API ver. 1 registered
[STDERR  ] 2018-02-06T15:19:07.1577029Z: [    0.920009] pps_core: Software ver. 5.3.6 - Copyright 2005-2007 Rodolfo Giometti <giometti@linux.it>
[STDERR  ] 2018-02-06T15:19:07.157709697Z: [    0.930032] PTP clock support registered
[STDERR  ] 2018-02-06T15:19:07.157717602Z: [    0.934388] PCI: Using ACPI for IRQ routing
[STDERR  ] 2018-02-06T15:19:07.157730707Z: [    1.356530] NetLabel: Initializing
[STDERR  ] 2018-02-06T15:19:07.15773832Z: [    1.360009] NetLabel:  domain hash size = 128
[STDERR  ] 2018-02-06T15:19:07.157744581Z: [    1.364811] NetLabel:  protocols = UNLABELED CIPSOv4
[STDERR  ] 2018-02-06T15:19:07.157751129Z: [    1.370044] NetLabel:  unlabeled traffic allowed by default
[STDERR  ] 2018-02-06T15:19:07.157763996Z: [    1.376296] wmi: Mapper loaded
[STDERR  ] 2018-02-06T15:19:07.157773783Z: [    1.380182] HPET: 3 timers in total, 0 timers will be used for per-cpu timer
[STDERR  ] 2018-02-06T15:19:07.157781016Z: [    1.388094] hpet0: at MMIO 0xfed00000, IRQs 2, 8, 0
[STDERR  ] 2018-02-06T15:19:07.157789913Z: [    1.391529] hpet0: 3 comparators, 64-bit 100.000000 MHz counter
[STDERR  ] 2018-02-06T15:19:07.157800338Z: [    1.403577] clocksource: Switched to clocksource kvm-clock
[STDERR  ] 2018-02-06T15:19:07.157808314Z: [    1.419126] VFS: Disk quotas dquot_6.6.0
[STDERR  ] 2018-02-06T15:19:07.157814725Z: [    1.423627] VFS: Dquot-cache hash table entries: 512 (order 0, 4096 bytes)
[STDERR  ] 2018-02-06T15:19:07.157821734Z: [    1.431761] FS-Cache: Loaded
[STDERR  ] 2018-02-06T15:19:07.157836319Z: [    1.435041] CacheFiles: Loaded
[STDERR  ] 2018-02-06T15:19:07.157844204Z: [    1.438412] pnp: PnP ACPI init
[STDERR  ] 2018-02-06T15:19:07.157851811Z: [    1.443020] pnp: PnP ACPI: found 5 devices
[STDERR  ] 2018-02-06T15:19:07.157858751Z: [    1.453552] clocksource: acpi_pm: mask: 0xffffff max_cycles: 0xffffff, max_idle_ns: 2085701024 ns
[STDERR  ] 2018-02-06T15:19:07.157865337Z: [    1.463146] NET: Registered protocol family 2
[STDERR  ] 2018-02-06T15:19:07.157874181Z: [    1.467990] TCP established hash table entries: 8192 (order: 4, 65536 bytes)
[STDERR  ] 2018-02-06T15:19:07.157880701Z: [    1.475567] TCP bind hash table entries: 8192 (order: 5, 131072 bytes)
[STDERR  ] 2018-02-06T15:19:07.157888915Z: [    1.482545] TCP: Hash tables configured (established 8192 bind 8192)
[STDERR  ] 2018-02-06T15:19:07.157896711Z: [    1.489278] UDP hash table entries: 512 (order: 2, 16384 bytes)
[STDERR  ] 2018-02-06T15:19:07.157903301Z: [    1.495793] UDP-Lite hash table entries: 512 (order: 2, 16384 bytes)
[STDERR  ] 2018-02-06T15:19:07.157909446Z: [    1.502984] NET: Registered protocol family 1
[STDERR  ] 2018-02-06T15:19:07.157918775Z: [    1.507858] pci 0000:00:01.0: Video device with shadowed ROM at [mem 0x000c0000-0x000dffff]
[STDERR  ] 2018-02-06T15:19:07.157925456Z: [    1.517197] Unpacking initramfs...
[STDERR  ] 2018-02-06T15:19:07.157932382Z: [    1.935740] Freeing initrd memory: 24384K
[STDERR  ] 2018-02-06T15:19:07.15793846Z: [    1.941222] PCLMULQDQ-NI instructions are not detected.
[STDERR  ] 2018-02-06T15:19:07.157950602Z: [    1.947027] AVX or AES-NI instructions are not detected.
[STDERR  ] 2018-02-06T15:19:07.157957894Z: [    1.952947] CPU feature 'AVX registers' is not supported.
[STDERR  ] 2018-02-06T15:19:07.157964914Z: [    1.958990] CPU feature 'AVX registers' is not supported.
[STDERR  ] 2018-02-06T15:19:07.157971031Z: [    1.965088] CPU feature 'AVX registers' is not supported.
[STDERR  ] 2018-02-06T15:19:07.157978955Z: [    1.971191] CPU feature 'AVX registers' is not supported.
[STDERR  ] 2018-02-06T15:19:07.157986772Z: [    1.977177] AVX2 or AES-NI instructions are not detected.
[STDERR  ] 2018-02-06T15:19:07.157993238Z: [    1.983200] AVX2 instructions are not detected.
[STDERR  ] 2018-02-06T15:19:07.158000949Z: [    1.988627] audit: initializing netlink subsys (disabled)
[STDERR  ] 2018-02-06T15:19:07.158006932Z: [    1.994758] audit: type=2000 audit(1517930340.966:1): initialized
[STDERR  ] 2018-02-06T15:19:07.158013472Z: [    2.002314] workingset: timestamp_bits=46 max_order=18 bucket_order=0
[STDERR  ] 2018-02-06T15:19:07.158030496Z: [    2.009699] squashfs: version 4.0 (2009/01/31) Phillip Lougher
[STDERR  ] 2018-02-06T15:19:07.15803763Z: [    2.016399] FS-Cache: Netfs 'cifs' registered for caching
[STDERR  ] 2018-02-06T15:19:07.158054403Z: [    2.022741] fuse init (API version 7.26)
[STDERR  ] 2018-02-06T15:19:07.158060448Z: [    2.027279] SGI XFS with ACLs, security attributes, no debug enabled
[STDERR  ] 2018-02-06T15:19:07.158066524Z: [    2.034627] 9p: Installing v9fs 9p2000 file system support
[STDERR  ] 2018-02-06T15:19:07.158072366Z: [    2.040868] FS-Cache: Netfs '9p' registered for caching
[STDERR  ] 2018-02-06T15:19:07.158079306Z: [    2.047659] NET: Registered protocol family 38
[STDERR  ] 2018-02-06T15:19:07.158085324Z: [    2.052716] Key type asymmetric registered
[STDERR  ] 2018-02-06T15:19:07.158091236Z: [    2.057277] Asymmetric key parser 'x509' registered
[STDERR  ] 2018-02-06T15:19:07.158097184Z: [    2.062869] Block layer SCSI generic (bsg) driver version 0.4 loaded (major 251)
[STDERR  ] 2018-02-06T15:19:07.158103934Z: [    2.071289] io scheduler noop registered
[STDERR  ] 2018-02-06T15:19:07.158109914Z: [    2.075653] io scheduler deadline registered (default)
[STDERR  ] 2018-02-06T15:19:07.158116137Z: [    2.081467] io scheduler cfq registered
[STDERR  ] 2018-02-06T15:19:07.158122309Z: [    2.085868] pci_hotplug: PCI Hot Plug PCI Core version: 0.5
[STDERR  ] 2018-02-06T15:19:07.158130198Z: [    2.092183] pciehp: PCI Express Hot Plug Controller Driver version: 0.4
[STDERR  ] 2018-02-06T15:19:07.158143504Z: [    2.099619] shpchp: Standard Hot Plug PCI Controller Driver version: 0.4
[STDERR  ] 2018-02-06T15:19:07.158150618Z: [    2.107241] hv_vmbus: registering driver hyperv_fb
[STDERR  ] 2018-02-06T15:19:07.158157651Z: [    2.112766] input: Power Button as /devices/LNXSYSTM:00/LNXPWRBN:00/input/input0
[STDERR  ] 2018-02-06T15:19:07.158165797Z: [    2.121029] ACPI: Power Button [PWRF]
[STDERR  ] 2018-02-06T15:19:07.158171865Z: [    2.125462] GHES: HEST is not enabled!
[STDERR  ] 2018-02-06T15:19:07.158178024Z: [    2.130338] ACPI: PCI Interrupt Link [GSIG] enabled at IRQ 22
[STDERR  ] 2018-02-06T15:19:07.158187238Z: [    2.144019] ACPI: PCI Interrupt Link [GSIH] enabled at IRQ 23
[STDERR  ] 2018-02-06T15:19:07.158193791Z: [    2.156491] xenfs: not registering filesystem on non-xen platform
[STDERR  ] 2018-02-06T15:19:07.158199891Z: [    2.163479] Serial: 8250/16550 driver, 4 ports, IRQ sharing disabled
[STDERR  ] 2018-02-06T15:19:07.158207492Z: [    2.205194] 00:04: ttyS0 at I/O 0x3f8 (irq = 4, base_baud = 115200) is a 16550A
[STDERR  ] 2018-02-06T15:19:07.158213861Z: [    2.214668] Non-volatile memory driver v1.3
[STDERR  ] 2018-02-06T15:19:07.15822413Z: [    2.221576] Hangcheck: starting hangcheck timer 0.9.1 (tick is 180 seconds, margin is 60 seconds).
[STDERR  ] 2018-02-06T15:19:07.158245851Z: [    2.231841] random: fast init done
[STDERR  ] 2018-02-06T15:19:07.158252697Z: [    2.236191] random: crng init done
[STDERR  ] 2018-02-06T15:19:07.158265054Z: [    2.242476] loop: module loaded
[STDERR  ] 2018-02-06T15:19:07.158273954Z: [    2.247022] nbd: registered device at major 43
[STDERR  ] 2018-02-06T15:19:07.158280876Z: [    2.253658] lpc_ich 0000:00:1f.0: I/O space for GPIO uninitialized
[STDERR  ] 2018-02-06T15:19:07.158287735Z: [    2.260656] VMware PVSCSI driver - version 1.0.7.0-k
[STDERR  ] 2018-02-06T15:19:07.158293951Z: [    2.266166] hv_vmbus: registering driver hv_storvsc
[STDERR  ] 2018-02-06T15:19:07.158300296Z: [    2.272224] ACPI: PCI Interrupt Link [GSIA] enabled at IRQ 16
[STDERR  ] 2018-02-06T15:19:07.158306458Z: [    2.281949] ahci 0000:00:1f.2: AHCI 0001.0000 32 slots 6 ports 1.5 Gbps 0x3f impl SATA mode
[STDERR  ] 2018-02-06T15:19:07.158312704Z: [    2.291622] ahci 0000:00:1f.2: flags: 64bit ncq only 
[STDERR  ] 2018-02-06T15:19:07.158318705Z: [    2.300936] scsi host0: ahci
[STDERR  ] 2018-02-06T15:19:07.158325505Z: [    2.304459] scsi host1: ahci
[STDERR  ] 2018-02-06T15:19:07.158331653Z: [    2.307917] scsi host2: ahci
[STDERR  ] 2018-02-06T15:19:07.158337607Z: [    2.311388] scsi host3: ahci
[STDERR  ] 2018-02-06T15:19:07.158344146Z: [    2.314862] scsi host4: ahci
[STDERR  ] 2018-02-06T15:19:07.158350464Z: [    2.318382] scsi host5: ahci
[STDERR  ] 2018-02-06T15:19:07.15835752Z: [    2.322020] ata1: SATA max UDMA/133 abar m4096@0xfebd2000 port 0xfebd2100 irq 24
[STDERR  ] 2018-02-06T15:19:07.158364842Z: [    2.330639] ata2: SATA max UDMA/133 abar m4096@0xfebd2000 port 0xfebd2180 irq 24
[STDERR  ] 2018-02-06T15:19:07.158371017Z: [    2.339241] ata3: SATA max UDMA/133 abar m4096@0xfebd2000 port 0xfebd2200 irq 24
[STDERR  ] 2018-02-06T15:19:07.158376977Z: [    2.347916] ata4: SATA max UDMA/133 abar m4096@0xfebd2000 port 0xfebd2280 irq 24
[STDERR  ] 2018-02-06T15:19:07.158383767Z: [    2.356492] ata5: SATA max UDMA/133 abar m4096@0xfebd2000 port 0xfebd2300 irq 24
[STDERR  ] 2018-02-06T15:19:07.158389573Z: [    2.364527] ata6: SATA max UDMA/133 abar m4096@0xfebd2000 port 0xfebd2380 irq 24
[STDERR  ] 2018-02-06T15:19:07.15839715Z: [    2.373154] tun: Universal TUN/TAP device driver, 1.6
[STDERR  ] 2018-02-06T15:19:07.15840308Z: [    2.378650] tun: (C) 1999-2004 Max Krasnyansky <maxk@qualcomm.com>
[STDERR  ] 2018-02-06T15:19:07.158410272Z: [    2.391906] VMware vmxnet3 virtual NIC driver - version 1.4.a.0-k-NAPI
[STDERR  ] 2018-02-06T15:19:07.158416145Z: [    2.399165] hv_vmbus: registering driver hv_netvsc
[STDERR  ] 2018-02-06T15:19:07.158432292Z: [    2.404465] Fusion MPT base driver 3.04.20
[STDERR  ] 2018-02-06T15:19:07.158448872Z: [    2.408913] Copyright (c) 1999-2008 LSI Corporation
[STDERR  ] 2018-02-06T15:19:07.158455087Z: [    2.414310] Fusion MPT SPI Host driver 3.04.20
[STDERR  ] 2018-02-06T15:19:07.158462704Z: [    2.419252] i8042: PNP: PS/2 Controller [PNP0303:KBD,PNP0f13:MOU] at 0x60,0x64 irq 1,12
[STDERR  ] 2018-02-06T15:19:07.15846866Z: [    2.431604] serio: i8042 KBD port at 0x60,0x64 irq 1
[STDERR  ] 2018-02-06T15:19:07.158474511Z: [    2.436919] serio: i8042 AUX port at 0x60,0x64 irq 12
[STDERR  ] 2018-02-06T15:19:07.158480413Z: [    2.442682] hv_vmbus: registering driver hyperv_keyboard
[STDERR  ] 2018-02-06T15:19:07.158487629Z: [    2.448611] mousedev: PS/2 mouse device common for all mice
[STDERR  ] 2018-02-06T15:19:07.158493918Z: [    2.456154] input: AT Translated Set 2 keyboard as /devices/platform/i8042/serio0/input/input1
[STDERR  ] 2018-02-06T15:19:07.158499877Z: [    2.465572] input: PC Speaker as /devices/platform/pcspkr/input/input2
[STDERR  ] 2018-02-06T15:19:07.158505897Z: [    2.473043] rtc_cmos 00:00: RTC can wake from S4
[STDERR  ] 2018-02-06T15:19:07.158512478Z: [    2.480539] rtc_cmos 00:00: rtc core: registered rtc_cmos as rtc0
[STDERR  ] 2018-02-06T15:19:07.158518908Z: [    2.488083] rtc_cmos 00:00: alarms up to one day, y3k, 114 bytes nvram, hpet irqs
[STDERR  ] 2018-02-06T15:19:07.158525149Z: [    2.496425] i2c /dev entries driver
[STDERR  ] 2018-02-06T15:19:07.158530981Z: [    2.500552] device-mapper: ioctl: 4.35.0-ioctl (2016-06-23) initialised: dm-devel@redhat.com
[STDERR  ] 2018-02-06T15:19:07.158544222Z: [    2.511611] usbcore: registered new interface driver usbhid
[STDERR  ] 2018-02-06T15:19:07.158558415Z: [    2.518173] usbhid: USB HID core driver
[STDERR  ] 2018-02-06T15:19:07.158564985Z: [    2.522901] hv_utils: Registering HyperV Utility Driver
[STDERR  ] 2018-02-06T15:19:07.158571919Z: [    2.529070] hv_vmbus: registering driver hv_util
[STDERR  ] 2018-02-06T15:19:07.158579752Z: [    2.534655] hv_vmbus: registering driver hv_balloon
[STDERR  ] 2018-02-06T15:19:07.158586292Z: [    2.540166] oprofile: using NMI interrupt.
[STDERR  ] 2018-02-06T15:19:07.158595594Z: [    2.544670] GACT probability on
[STDERR  ] 2018-02-06T15:19:07.158601463Z: [    2.548158] Mirror/redirect action on
[STDERR  ] 2018-02-06T15:19:07.158607795Z: [    2.552287] Simple TC action Loaded
[STDERR  ] 2018-02-06T15:19:07.158613642Z: [    2.556111] u32 classifier
[STDERR  ] 2018-02-06T15:19:07.158619455Z: [    2.559151]     Performance counters on
[STDERR  ] 2018-02-06T15:19:07.158626954Z: [    2.563496]     input device check on
[STDERR  ] 2018-02-06T15:19:07.15863303Z: [    2.567516]     Actions configured
[STDERR  ] 2018-02-06T15:19:07.15864053Z: [    2.571455] Netfilter messages via NETLINK v0.30.
[STDERR  ] 2018-02-06T15:19:07.158646399Z: [    2.576596] nfnl_acct: registering with nfnetlink.
[STDERR  ] 2018-02-06T15:19:07.158652599Z: [    2.582006] nf_conntrack version 0.5.0 (8192 buckets, 32768 max)
[STDERR  ] 2018-02-06T15:19:07.158659653Z: [    2.588641] ctnetlink v0.93: registering with nfnetlink.
[STDERR  ] 2018-02-06T15:19:07.158665713Z: [    2.594647] nf_tables: (c) 2007-2009 Patrick McHardy <kaber@trash.net>
[STDERR  ] 2018-02-06T15:19:07.158673166Z: [    2.602347] nf_tables_compat: (c) 2012 Pablo Neira Ayuso <pablo@netfilter.org>
[STDERR  ] 2018-02-06T15:19:07.15868014Z: [    2.610609] xt_time: kernel timezone is -0000
[STDERR  ] 2018-02-06T15:19:07.158685893Z: [    2.615378] ip_set: protocol 6
[STDERR  ] 2018-02-06T15:19:07.158692148Z: [    2.619107] IPVS: Registered protocols (TCP, UDP, SCTP, AH, ESP)
[STDERR  ] 2018-02-06T15:19:07.158698029Z: [    2.625987] IPVS: Connection hash table configured (size=4096, memory=64Kbytes)
[STDERR  ] 2018-02-06T15:19:07.158707893Z: [    2.634476] IPVS: Creating netns size=2104 id=0
[STDERR  ] 2018-02-06T15:19:07.158714017Z: [    2.640844] IPVS: ipvs loaded.
[STDERR  ] 2018-02-06T15:19:07.158719944Z: [    2.644244] IPVS: [rr] scheduler registered.
[STDERR  ] 2018-02-06T15:19:07.158725808Z: [    2.649238] IPVS: [wrr] scheduler registered.
[STDERR  ] 2018-02-06T15:19:07.158738802Z: [    2.654111] IPVS: [lc] scheduler registered.
[STDERR  ] 2018-02-06T15:19:07.158745523Z: [    2.659171] IPVS: [wlc] scheduler registered.
[STDERR  ] 2018-02-06T15:19:07.158752869Z: [    2.664334] IPVS: [fo] scheduler registered.
[STDERR  ] 2018-02-06T15:19:07.158759297Z: [    2.669014] IPVS: [ovf] scheduler registered.
[STDERR  ] 2018-02-06T15:19:07.158765698Z: [    2.674181] IPVS: [lblc] scheduler registered.
[STDERR  ] 2018-02-06T15:19:07.158771565Z: [    2.679481] IPVS: [lblcr] scheduler registered.
[STDERR  ] 2018-02-06T15:19:07.158777398Z: [    2.684949] IPVS: [dh] scheduler registered.
[STDERR  ] 2018-02-06T15:19:07.158783304Z: [    2.690638] IPVS: [sh] scheduler registered.
[STDERR  ] 2018-02-06T15:19:07.158789158Z: [    2.695411] IPVS: [sed] scheduler registered.
[STDERR  ] 2018-02-06T15:19:07.158795276Z: [    2.700640] IPVS: [nq] scheduler registered.
[STDERR  ] 2018-02-06T15:19:07.158801058Z: [    2.705282] IPVS: ftp: loaded support on port[0] = 21
[STDERR  ] 2018-02-06T15:19:07.158809412Z: [    2.711555] ata6: SATA link down (SStatus 0 SControl 300)
[STDERR  ] 2018-02-06T15:19:07.158816287Z: [    2.718170] ata5: SATA link down (SStatus 0 SControl 300)
[STDERR  ] 2018-02-06T15:19:07.15882235Z: [    2.724957] ata4: SATA link down (SStatus 0 SControl 300)
[STDERR  ] 2018-02-06T15:19:07.158828124Z: [    2.731716] ata3: SATA link up 1.5 Gbps (SStatus 113 SControl 300)
[STDERR  ] 2018-02-06T15:19:07.158834195Z: [    2.738920] ata3.00: ATAPI: QEMU DVD-ROM, 2.5+, max UDMA/100
[STDERR  ] 2018-02-06T15:19:07.158847637Z: [    2.745373] ata3.00: applying bridge limits
[STDERR  ] 2018-02-06T15:19:07.158860668Z: [    2.751226] ata2: SATA link down (SStatus 0 SControl 300)
[STDERR  ] 2018-02-06T15:19:07.158866686Z: [    2.758321] ata1: SATA link down (SStatus 0 SControl 300)
[STDERR  ] 2018-02-06T15:19:07.158874093Z: [    2.765144] ipip: IPv4 and MPLS over IPv4 tunneling driver
[STDERR  ] 2018-02-06T15:19:07.158880461Z: [    2.771830] gre: GRE over IPv4 demultiplexor driver
[STDERR  ] 2018-02-06T15:19:07.158887438Z: [    2.778094] ip_tables: (C) 2000-2006 Netfilter Core Team
[STDERR  ] 2018-02-06T15:19:07.158894332Z: [    2.785022] ata3.00: configured for UDMA/100
[STDERR  ] 2018-02-06T15:19:07.158900952Z: [    2.791158] ipt_CLUSTERIP: ClusterIP Version 0.8 loaded successfully
[STDERR  ] 2018-02-06T15:19:07.158908382Z: [    2.798813] arp_tables: arp_tables: (C) 2002 David S. Miller
[STDERR  ] 2018-02-06T15:19:07.158925369Z: [    2.811842] scsi 2:0:0:0: CD-ROM            QEMU     QEMU DVD-ROM     2.5+ PQ: 0 ANSI: 5
[STDERR  ] 2018-02-06T15:19:07.15893172Z: [    2.826558] NET: Registered protocol family 10
[STDERR  ] 2018-02-06T15:19:07.158937838Z: [    2.832745] ip6_tables: (C) 2000-2006 Netfilter Core Team
[STDERR  ] 2018-02-06T15:19:07.158943783Z: [    2.841135] sr 2:0:0:0: [sr0] scsi3-mmc drive: 4x/4x cd/rw xa/form2 tray
[STDERR  ] 2018-02-06T15:19:07.158950902Z: [    2.849121] cdrom: Uniform CD-ROM driver Revision: 3.20
[STDERR  ] 2018-02-06T15:19:07.158956785Z: [    2.856068] NET: Registered protocol family 17
[STDERR  ] 2018-02-06T15:19:07.158962814Z: [    2.861667] Bridge firewalling registered
[STDERR  ] 2018-02-06T15:19:07.158968849Z: [    2.866544] Ebtables v2.0 registered
[STDERR  ] 2018-02-06T15:19:07.158975007Z: [    2.871917] sr 2:0:0:0: Attached scsi generic sg0 type 5
[STDERR  ] 2018-02-06T15:19:07.158980805Z: [    2.878688] 8021q: 802.1Q VLAN Support v1.8
[STDERR  ] 2018-02-06T15:19:07.158986809Z: [    2.883899] 9pnet: Installing 9P2000 support
[STDERR  ] 2018-02-06T15:19:07.158992743Z: [    2.888951] Key type dns_resolver registered
[STDERR  ] 2018-02-06T15:19:07.158998906Z: [    2.894338] microcode: sig=0x663, pf=0x1, revision=0x1
[STDERR  ] 2018-02-06T15:19:07.159004693Z: [    2.900820] microcode: Microcode Update Driver: v2.01 <tigran@aivazian.fsnet.co.uk>, Peter Oruba
[STDERR  ] 2018-02-06T15:19:07.159010633Z: [    2.911476] registered taskstats version 1
[STDERR  ] 2018-02-06T15:19:07.159016647Z: [    2.923140] Key type big_key registered
[STDERR  ] 2018-02-06T15:19:07.159029234Z: [    2.933224] Key type encrypted registered
[STDERR  ] 2018-02-06T15:19:07.15903542Z: [    2.939708] rtc_cmos 00:00: setting system clock to 2018-02-06 15:19:03 UTC (1517930343)
[STDERR  ] 2018-02-06T15:19:07.159041688Z: [    2.952145] Freeing unused kernel memory: 1400K
[STDERR  ] 2018-02-06T15:19:07.159047537Z: [    2.957430] Write protecting the kernel read-only data: 12288k
[STDERR  ] 2018-02-06T15:19:07.159053661Z: [    2.964399] Freeing unused kernel memory: 124K
[STDERR  ] 2018-02-06T15:19:07.159059494Z: [    2.973266] Freeing unused kernel memory: 1396K
[STDERR  ] 2018-02-06T15:19:07.159065234Z: 
[STDERR  ] 2018-02-06T15:19:07.159071928Z: Welcome to LinuxKit
[STDERR  ] 2018-02-06T15:19:07.159077748Z: 
[STDERR  ] 2018-02-06T15:19:07.159083524Z:                         ##         .
[STDERR  ] 2018-02-06T15:19:07.159089393Z:                   ## ## ##        ==
[STDERR  ] 2018-02-06T15:19:07.159096172Z:                ## ## ## ## ##    ===
[STDERR  ] 2018-02-06T15:19:07.159102037Z:            /"""""""""""""""""\___/ ===
[STDERR  ] 2018-02-06T15:19:07.159107912Z:           {                       /  ===-
[STDERR  ] 2018-02-06T15:19:07.159113708Z:            \______ O           __/
[STDERR  ] 2018-02-06T15:19:07.159119656Z:              \    \         __/
[STDERR  ] 2018-02-06T15:19:07.159125545Z:               \____\_______/
[STDERR  ] 2018-02-06T15:19:07.159131334Z: 
[STDERR  ] 2018-02-06T15:19:07.159137281Z: Linux linuxkit-a232b652377d 4.9.79-linuxkit #1 SMP Tue Feb 6 13:46:28 UTC 2018 x86_64 Linux
[STDERR  ] 2018-02-06T15:19:07.159217565Z: filename:       hello_world.ko
[STDERR  ] 2018-02-06T15:19:07.159233842Z: author:         Rolf Neugebauer <rolf.neugebauer@docker.com>
[STDERR  ] 2018-02-06T15:19:07.15924305Z: description:    A simple Hello World kernel module for testing
[STDERR  ] 2018-02-06T15:19:07.159254566Z: license:        GPL
[STDERR  ] 2018-02-06T15:19:07.159264054Z: depends:        
[STDERR  ] 2018-02-06T15:19:07.15927413Z: vermagic:       4.9.79-linuxkit SMP mod_unload 
[STDERR  ] 2018-02-06T15:19:07.159280455Z: [    3.359312] hello_world: loading out-of-tree module taints kernel.
[STDERR  ] 2018-02-06T15:19:07.159286854Z: [    3.366458] Hello LinuxKit
[STDERR  ] 2018-02-06T15:19:07.159292915Z: [    3.374300] Goodbye LinuxKit.
[STDERR  ] 2018-02-06T15:19:07.159299222Z: Kernel module test suite PASSED
[STDERR  ] 2018-02-06T15:19:07.159305186Z: [    6.420389] ACPI: Preparing to enter system sleep state S5
[STDERR  ] 2018-02-06T15:19:07.159312624Z: [    6.428302] reboot: Power down
[STDERR  ] 2018-02-06T15:19:07.159321006Z: + grep -q Hello LinuxKit
[STDERR  ] 2018-02-06T15:19:07.160142069Z: + echo [    0.000000] Linux version 4.9.79-linuxkit (root@0710efb9e153) (gcc version 6.4.0 (Alpine 6.4.0) ) #1 SMP Tue Feb 6 13:46:28 UTC 2018
[STDERR  ] 2018-02-06T15:19:07.160183553Z: [    0.000000] Command line: console=ttyS0 console=ttyAMA0
[STDERR  ] 2018-02-06T15:19:07.160195059Z: [    0.000000] x86/fpu: Legacy x87 FPU detected.
[STDERR  ] 2018-02-06T15:19:07.160223006Z: [    0.000000] x86/fpu: Using 'eager' FPU context switches.
[STDERR  ] 2018-02-06T15:19:07.160245576Z: [    0.000000] e820: BIOS-provided physical RAM map:
[STDERR  ] 2018-02-06T15:19:07.160256973Z: [    0.000000] BIOS-e820: [mem 0x0000000000000000-0x000000000009fbff] usable
[STDERR  ] 2018-02-06T15:19:07.160268373Z: [    0.000000] BIOS-e820: [mem 0x000000000009fc00-0x000000000009ffff] reserved
[STDERR  ] 2018-02-06T15:19:07.160280186Z: [    0.000000] BIOS-e820: [mem 0x00000000000f0000-0x00000000000fffff] reserved
[STDERR  ] 2018-02-06T15:19:07.160320918Z: [    0.000000] BIOS-e820: [mem 0x0000000000100000-0x000000003ffdefff] usable
[STDERR  ] 2018-02-06T15:19:07.160335251Z: [    0.000000] BIOS-e820: [mem 0x000000003ffdf000-0x000000003fffffff] reserved
[STDERR  ] 2018-02-06T15:19:07.160348381Z: [    0.000000] BIOS-e820: [mem 0x00000000b0000000-0x00000000bfffffff] reserved
[STDERR  ] 2018-02-06T15:19:07.160360433Z: [    0.000000] BIOS-e820: [mem 0x00000000fed1c000-0x00000000fed1ffff] reserved
[STDERR  ] 2018-02-06T15:19:07.160465767Z: [    0.000000] BIOS-e820: [mem 0x00000000feffc000-0x00000000feffffff] reserved
[STDERR  ] 2018-02-06T15:19:07.160482401Z: [    0.000000] BIOS-e820: [mem 0x00000000fffc0000-0x00000000ffffffff] reserved
[STDERR  ] 2018-02-06T15:19:07.160494397Z: [    0.000000] NX (Execute Disable) protection: active
[STDERR  ] 2018-02-06T15:19:07.16052075Z: [    0.000000] SMBIOS 2.8 present.
[STDERR  ] 2018-02-06T15:19:07.160532759Z: [    0.000000] Hypervisor detected: KVM
[STDERR  ] 2018-02-06T15:19:07.160558455Z: [    0.000000] e820: last_pfn = 0x3ffdf max_arch_pfn = 0x400000000
[STDERR  ] 2018-02-06T15:19:07.160570746Z: [    0.000000] x86/PAT: PAT not supported by CPU.
[STDERR  ] 2018-02-06T15:19:07.16058367Z: [    0.000000] x86/PAT: Configuration [0-7]: WB  WT  UC- UC  WB  WT  UC- UC  
[STDERR  ] 2018-02-06T15:19:07.160610137Z: [    0.000000] found SMP MP-table at [mem 0x000f6aa0-0x000f6aaf] mapped at [ffff8c4a800f6aa0]
[STDERR  ] 2018-02-06T15:19:07.160620307Z: [    0.000000] RAMDISK: [mem 0x3e800000-0x3ffcffff]
[STDERR  ] 2018-02-06T15:19:07.160629734Z: [    0.000000] ACPI: Early table checksum verification disabled
[STDERR  ] 2018-02-06T15:19:07.160640151Z: [    0.000000] ACPI: RSDP 0x00000000000F68B0 000014 (v00 BOCHS )
[STDERR  ] 2018-02-06T15:19:07.16093524Z: [    0.000000] ACPI: RSDT 0x000000003FFE20A8 000034 (v01 BOCHS  BXPCRSDT 00000001 BXPC 00000001)
[STDERR  ] 2018-02-06T15:19:07.160960651Z: [    0.000000] ACPI: FACP 0x000000003FFE1EC8 0000F4 (v03 BOCHS  BXPCFACP 00000001 BXPC 00000001)
[STDERR  ] 2018-02-06T15:19:07.160987453Z: [    0.000000] ACPI: DSDT 0x000000003FFE0040 001E88 (v01 BOCHS  BXPCDSDT 00000001 BXPC 00000001)
[STDERR  ] 2018-02-06T15:19:07.161012289Z: [    0.000000] ACPI: FACS 0x000000003FFE0000 000040
[STDERR  ] 2018-02-06T15:19:07.161023982Z: [    0.000000] ACPI: APIC 0x000000003FFE1FBC 000078 (v01 BOCHS  BXPCAPIC 00000001 BXPC 00000001)
[STDERR  ] 2018-02-06T15:19:07.161034609Z: [    0.000000] ACPI: HPET 0x000000003FFE2034 000038 (v01 BOCHS  BXPCHPET 00000001 BXPC 00000001)
[STDERR  ] 2018-02-06T15:19:07.161065426Z: [    0.000000] ACPI: MCFG 0x000000003FFE206C 00003C (v01 BOCHS  BXPCMCFG 00000001 BXPC 00000001)
[STDERR  ] 2018-02-06T15:19:07.161076054Z: [    0.000000] kvm-clock: Using msrs 4b564d01 and 4b564d00
[STDERR  ] 2018-02-06T15:19:07.161087619Z: [    0.000000] kvm-clock: cpu 0, msr 0:3ffdd001, primary cpu clock
[STDERR  ] 2018-02-06T15:19:07.161099196Z: [    0.000000] clocksource: kvm-clock: mask: 0xffffffffffffffff max_cycles: 0x1cd42e4dffb, max_idle_ns: 881590591483 ns
[STDERR  ] 2018-02-06T15:19:07.161112168Z: [    0.000000] Zone ranges:
[STDERR  ] 2018-02-06T15:19:07.161125226Z: [    0.000000]   DMA      [mem 0x0000000000001000-0x0000000000ffffff]
[STDERR  ] 2018-02-06T15:19:07.161136146Z: [    0.000000]   DMA32    [mem 0x0000000001000000-0x000000003ffdefff]
[STDERR  ] 2018-02-06T15:19:07.161146917Z: [    0.000000]   Normal   empty
[STDERR  ] 2018-02-06T15:19:07.161163026Z: [    0.000000] Movable zone start for each node
[STDERR  ] 2018-02-06T15:19:07.161173073Z: [    0.000000] Early memory node ranges
[STDERR  ] 2018-02-06T15:19:07.161184142Z: [    0.000000]   node   0: [mem 0x0000000000001000-0x000000000009efff]
[STDERR  ] 2018-02-06T15:19:07.16119483Z: [    0.000000]   node   0: [mem 0x0000000000100000-0x000000003ffdefff]
[STDERR  ] 2018-02-06T15:19:07.161207224Z: [    0.000000] Initmem setup node 0 [mem 0x0000000000001000-0x000000003ffdefff]
[STDERR  ] 2018-02-06T15:19:07.161218398Z: [    0.000000] ACPI: PM-Timer IO Port: 0x608
[STDERR  ] 2018-02-06T15:19:07.161228381Z: [    0.000000] ACPI: LAPIC_NMI (acpi_id[0xff] dfl dfl lint[0x1])
[STDERR  ] 2018-02-06T15:19:07.161239216Z: [    0.000000] IOAPIC[0]: apic_id 0, version 17, address 0xfec00000, GSI 0-23
[STDERR  ] 2018-02-06T15:19:07.161250478Z: [    0.000000] ACPI: INT_SRC_OVR (bus 0 bus_irq 0 global_irq 2 dfl dfl)
[STDERR  ] 2018-02-06T15:19:07.161260192Z: [    0.000000] ACPI: INT_SRC_OVR (bus 0 bus_irq 5 global_irq 5 high level)
[STDERR  ] 2018-02-06T15:19:07.161272618Z: [    0.000000] ACPI: INT_SRC_OVR (bus 0 bus_irq 9 global_irq 9 high level)
[STDERR  ] 2018-02-06T15:19:07.161292728Z: [    0.000000] ACPI: INT_SRC_OVR (bus 0 bus_irq 10 global_irq 10 high level)
[STDERR  ] 2018-02-06T15:19:07.161304052Z: [    0.000000] ACPI: INT_SRC_OVR (bus 0 bus_irq 11 global_irq 11 high level)
[STDERR  ] 2018-02-06T15:19:07.161324244Z: [    0.000000] Using ACPI (MADT) for SMP configuration information
[STDERR  ] 2018-02-06T15:19:07.161335679Z: [    0.000000] ACPI: HPET id: 0x8086a201 base: 0xfed00000
[STDERR  ] 2018-02-06T15:19:07.161346155Z: [    0.000000] smpboot: Allowing 1 CPUs, 0 hotplug CPUs
[STDERR  ] 2018-02-06T15:19:07.161356515Z: [    0.000000] e820: [mem 0x40000000-0xafffffff] available for PCI devices
[STDERR  ] 2018-02-06T15:19:07.161367495Z: [    0.000000] Booting paravirtualized kernel on KVM
[STDERR  ] 2018-02-06T15:19:07.1613816Z: [    0.000000] clocksource: refined-jiffies: mask: 0xffffffff max_cycles: 0xffffffff, max_idle_ns: 19112604462750000 ns
[STDERR  ] 2018-02-06T15:19:07.161394425Z: [    0.000000] setup_percpu: NR_CPUS:128 nr_cpumask_bits:128 nr_cpu_ids:1 nr_node_ids:1
[STDERR  ] 2018-02-06T15:19:07.16140438Z: [    0.000000] percpu: Embedded 36 pages/cpu @ffff8c4abe600000 s106904 r8192 d32360 u2097152
[STDERR  ] 2018-02-06T15:19:07.161414321Z: [    0.000000] KVM setup async PF for cpu 0
[STDERR  ] 2018-02-06T15:19:07.161424441Z: [    0.000000] kvm-stealtime: cpu 0, msr 3e60fd80
[STDERR  ] 2018-02-06T15:19:07.161436134Z: [    0.000000] Built 1 zonelists in Zone order, mobility grouping on.  Total pages: 257896
[STDERR  ] 2018-02-06T15:19:07.161454133Z: [    0.000000] Kernel command line: console=ttyS0 console=ttyAMA0
[STDERR  ] 2018-02-06T15:19:07.161465376Z: [    0.000000] PID hash table entries: 4096 (order: 3, 32768 bytes)
[STDERR  ] 2018-02-06T15:19:07.161476485Z: [    0.000000] Dentry cache hash table entries: 131072 (order: 8, 1048576 bytes)
[STDERR  ] 2018-02-06T15:19:07.161486987Z: [    0.000000] Inode-cache hash table entries: 65536 (order: 7, 524288 bytes)
[STDERR  ] 2018-02-06T15:19:07.16149863Z: [    0.000000] Memory: 989736K/1048052K available (8052K kernel code, 1391K rwdata, 2700K rodata, 1400K init, 564K bss, 58316K reserved, 0K cma-reserved)
[STDERR  ] 2018-02-06T15:19:07.161513682Z: [    0.000000] Kernel/User page tables isolation: enabled
[STDERR  ] 2018-02-06T15:19:07.161524553Z: [    0.000000] Hierarchical RCU implementation.
[STDERR  ] 2018-02-06T15:19:07.161534919Z: [    0.000000] 	Build-time adjustment of leaf fanout to 64.
[STDERR  ] 2018-02-06T15:19:07.161547506Z: [    0.000000] 	RCU restricting CPUs from NR_CPUS=128 to nr_cpu_ids=1.
[STDERR  ] 2018-02-06T15:19:07.161557957Z: [    0.000000] RCU: Adjusting geometry for rcu_fanout_leaf=64, nr_cpu_ids=1
[STDERR  ] 2018-02-06T15:19:07.1615711Z: [    0.000000] NR_IRQS:8448 nr_irqs:256 16
[STDERR  ] 2018-02-06T15:19:07.161581061Z: [    0.000000] Console: colour VGA+ 80x25
[STDERR  ] 2018-02-06T15:19:07.161590774Z: [    0.000000] console [ttyS0] enabled
[STDERR  ] 2018-02-06T15:19:07.161601385Z: [    0.000000] clocksource: hpet: mask: 0xffffffff max_cycles: 0xffffffff, max_idle_ns: 19112604467 ns
[STDERR  ] 2018-02-06T15:19:07.161623112Z: [    0.000000] tsc: Detected 2300.002 MHz processor
[STDERR  ] 2018-02-06T15:19:07.161633802Z: [    0.020000] Calibrating delay loop (skipped) preset value.. 4600.00 BogoMIPS (lpj=23000020)
[STDERR  ] 2018-02-06T15:19:07.161644289Z: [    0.023165] pid_max: default: 32768 minimum: 301
[STDERR  ] 2018-02-06T15:19:07.16165418Z: [    0.028231] ACPI: Core revision 20160831
[STDERR  ] 2018-02-06T15:19:07.161664028Z: [    0.030654] ACPI: 1 ACPI AML tables successfully acquired and loaded
[STDERR  ] 2018-02-06T15:19:07.161685323Z: [    0.040077] Security Framework initialized
[STDERR  ] 2018-02-06T15:19:07.161705656Z: [    0.044580] Yama: becoming mindful.
[STDERR  ] 2018-02-06T15:19:07.16173191Z: [    0.050076] Mount-cache hash table entries: 2048 (order: 2, 16384 bytes)
[STDERR  ] 2018-02-06T15:19:07.161743381Z: [    0.057805] Mountpoint-cache hash table entries: 2048 (order: 2, 16384 bytes)
[STDERR  ] 2018-02-06T15:19:07.161753776Z: [    0.060950] CPU: Physical Processor ID: 0
[STDERR  ] 2018-02-06T15:19:07.161778573Z: [    0.070239] Last level iTLB entries: 4KB 0, 2MB 0, 4MB 0
[STDERR  ] 2018-02-06T15:19:07.161799105Z: [    0.080049] Last level dTLB entries: 4KB 0, 2MB 0, 4MB 0, 1GB 0
[STDERR  ] 2018-02-06T15:19:07.161809865Z: [    0.087145] Spectre V2 mitigation: Vulnerable: Minimal generic ASM retpoline
[STDERR  ] 2018-02-06T15:19:07.161819989Z: [    0.230926] Freeing SMP alternatives memory: 20K
[STDERR  ] 2018-02-06T15:19:07.161830417Z: [    0.270613] ftrace: allocating 35563 entries in 139 pages
[STDERR  ] 2018-02-06T15:19:07.161840627Z: [    0.290123] smpboot: Max logical packages: 1
[STDERR  ] 2018-02-06T15:19:07.161850269Z: [    0.297311] x2apic enabled
[STDERR  ] 2018-02-06T15:19:07.161860757Z: [    0.300040] Switched APIC routing to physical x2apic.
[STDERR  ] 2018-02-06T15:19:07.161870667Z: [    0.319392] ..TIMER: vector=0x30 apic1=0 pin1=2 apic2=-1 pin2=-1
[STDERR  ] 2018-02-06T15:19:07.161881343Z: [    0.320000] smpboot: CPU0: Intel QEMU Virtual CPU version 2.5+ (family: 0x6, model: 0x6, stepping: 0x3)
[STDERR  ] 2018-02-06T15:19:07.161892791Z: [    0.320010] Performance Events: PMU not available due to virtualization, using software events only.
[STDERR  ] 2018-02-06T15:19:07.161903281Z: [    0.340229] x86: Booted up 1 node, 1 CPUs
[STDERR  ] 2018-02-06T15:19:07.161913106Z: [    0.344939] smpboot: Total of 1 processors activated (4600.00 BogoMIPS)
[STDERR  ] 2018-02-06T15:19:07.161926878Z: [    0.352161] devtmpfs: initialized
[STDERR  ] 2018-02-06T15:19:07.161944951Z: [    0.355984] x86/mm: Memory block size: 128MB
[STDERR  ] 2018-02-06T15:19:07.161955297Z: [    0.362942] clocksource: jiffies: mask: 0xffffffff max_cycles: 0xffffffff, max_idle_ns: 19112604462750000 ns
[STDERR  ] 2018-02-06T15:19:07.161967432Z: [    0.370044] futex hash table entries: 256 (order: 2, 16384 bytes)
[STDERR  ] 2018-02-06T15:19:07.161977266Z: [    0.380408] NET: Registered protocol family 16
[STDERR  ] 2018-02-06T15:19:07.161987145Z: [    0.390240] cpuidle: using governor ladder
[STDERR  ] 2018-02-06T15:19:07.161996762Z: [    0.395164] cpuidle: using governor menu
[STDERR  ] 2018-02-06T15:19:07.162006806Z: [    0.400248] ACPI: bus type PCI registered
[STDERR  ] 2018-02-06T15:19:07.162016584Z: [    0.405500] PCI: MMCONFIG for domain 0000 [bus 00-ff] at [mem 0xb0000000-0xbfffffff] (base 0xb0000000)
[STDERR  ] 2018-02-06T15:19:07.162027239Z: [    0.410030] PCI: MMCONFIG at [mem 0xb0000000-0xbfffffff] reserved in E820
[STDERR  ] 2018-02-06T15:19:07.162039265Z: [    0.420072] PCI: Using configuration type 1 for base access
[STDERR  ] 2018-02-06T15:19:07.162049676Z: [    0.432081] HugeTLB registered 2 MB page size, pre-allocated 0 pages
[STDERR  ] 2018-02-06T15:19:07.162079908Z: [    0.440536] ACPI: Added _OSI(Module Device)
[STDERR  ] 2018-02-06T15:19:07.162089626Z: [    0.445364] ACPI: Added _OSI(Processor Device)
[STDERR  ] 2018-02-06T15:19:07.162099881Z: [    0.450031] ACPI: Added _OSI(3.0 _SCP Extensions)
[STDERR  ] 2018-02-06T15:19:07.162109752Z: [    0.455508] ACPI: Added _OSI(Processor Aggregator Device)
[STDERR  ] 2018-02-06T15:19:07.16213895Z: [    0.466655] ACPI: Interpreter enabled
[STDERR  ] 2018-02-06T15:19:07.162149681Z: [    0.470058] ACPI: (supports S0 S5)
[STDERR  ] 2018-02-06T15:19:07.162162726Z: [    0.474463] ACPI: Using IOAPIC for interrupt routing
[STDERR  ] 2018-02-06T15:19:07.162172849Z: [    0.480133] PCI: Using host bridge windows from ACPI; if necessary, use "pci=nocrs" and report a bug
[STDERR  ] 2018-02-06T15:19:07.162189674Z: [    0.493446] ACPI: PCI Root Bridge [PCI0] (domain 0000 [bus 00-ff])
[STDERR  ] 2018-02-06T15:19:07.162200009Z: [    0.500024] acpi PNP0A08:00: _OSC: OS supports [ExtendedConfig ASPM ClockPM Segments MSI]
[STDERR  ] 2018-02-06T15:19:07.162209817Z: [    0.510184] acpi PNP0A08:00: _OSC: OS now controls [PCIeHotplug PME PCIeCapability]
[STDERR  ] 2018-02-06T15:19:07.162220293Z: [    0.520099] PCI host bridge to bus 0000:00
[STDERR  ] 2018-02-06T15:19:07.162231121Z: [    0.524637] pci_bus 0000:00: root bus resource [io  0x0000-0x0cf7 window]
[STDERR  ] 2018-02-06T15:19:07.162248601Z: [    0.530016] pci_bus 0000:00: root bus resource [io  0x0d00-0xffff window]
[STDERR  ] 2018-02-06T15:19:07.162259638Z: [    0.540016] pci_bus 0000:00: root bus resource [mem 0x000a0000-0x000bffff window]
[STDERR  ] 2018-02-06T15:19:07.162269258Z: [    0.550016] pci_bus 0000:00: root bus resource [mem 0xc0000000-0xfebfffff window]
[STDERR  ] 2018-02-06T15:19:07.162279276Z: [    0.558170] pci_bus 0000:00: root bus resource [bus 00-ff]
[STDERR  ] 2018-02-06T15:19:07.162289159Z: [    0.706333] pci 0000:00:1f.0: quirk: [io  0x0600-0x067f] claimed by ICH6 ACPI/GPIO/TCO
[STDERR  ] 2018-02-06T15:19:07.162299427Z: [    0.771546] ACPI: PCI Interrupt Link [LNKA] (IRQs 5 *10 11)
[STDERR  ] 2018-02-06T15:19:07.162310068Z: [    0.779487] ACPI: PCI Interrupt Link [LNKB] (IRQs 5 *10 11)
[STDERR  ] 2018-02-06T15:19:07.162320267Z: [    0.782287] ACPI: PCI Interrupt Link [LNKC] (IRQs 5 10 *11)
[STDERR  ] 2018-02-06T15:19:07.162330252Z: [    0.792325] ACPI: PCI Interrupt Link [LNKD] (IRQs 5 10 *11)
[STDERR  ] 2018-02-06T15:19:07.162339826Z: [    0.802117] ACPI: PCI Interrupt Link [LNKE] (IRQs 5 *10 11)
[STDERR  ] 2018-02-06T15:19:07.162349597Z: [    0.809663] ACPI: PCI Interrupt Link [LNKF] (IRQs 5 *10 11)
[STDERR  ] 2018-02-06T15:19:07.162365453Z: [    0.812222] ACPI: PCI Interrupt Link [LNKG] (IRQs 5 10 *11)
[STDERR  ] 2018-02-06T15:19:07.162376404Z: [    0.822242] ACPI: PCI Interrupt Link [LNKH] (IRQs 5 10 *11)
[STDERR  ] 2018-02-06T15:19:07.162394169Z: [    0.832104] ACPI: PCI Interrupt Link [GSIA] (IRQs *16)
[STDERR  ] 2018-02-06T15:19:07.162411803Z: [    0.838530] ACPI: PCI Interrupt Link [GSIB] (IRQs *17)
[STDERR  ] 2018-02-06T15:19:07.162421796Z: [    0.841147] ACPI: PCI Interrupt Link [GSIC] (IRQs *18)
[STDERR  ] 2018-02-06T15:19:07.162431601Z: [    0.851177] ACPI: PCI Interrupt Link [GSID] (IRQs *19)
[STDERR  ] 2018-02-06T15:19:07.16244181Z: [    0.857690] ACPI: PCI Interrupt Link [GSIE] (IRQs *20)
[STDERR  ] 2018-02-06T15:19:07.16245156Z: [    0.861138] ACPI: PCI Interrupt Link [GSIF] (IRQs *21)
[STDERR  ] 2018-02-06T15:19:07.162461825Z: [    0.871144] ACPI: PCI Interrupt Link [GSIG] (IRQs *22)
[STDERR  ] 2018-02-06T15:19:07.162472538Z: [    0.877581] ACPI: PCI Interrupt Link [GSIH] (IRQs *23)
[STDERR  ] 2018-02-06T15:19:07.16248392Z: [    0.881546] ACPI: Enabled 1 GPEs in block 00 to 3F
[STDERR  ] 2018-02-06T15:19:07.162493552Z: [    0.890402] SCSI subsystem initialized
[STDERR  ] 2018-02-06T15:19:07.162503751Z: [    0.894692] ACPI: bus type USB registered
[STDERR  ] 2018-02-06T15:19:07.162513567Z: [    0.899044] usbcore: registered new interface driver usbfs
[STDERR  ] 2018-02-06T15:19:07.162523232Z: [    0.900063] usbcore: registered new interface driver hub
[STDERR  ] 2018-02-06T15:19:07.162534564Z: [    0.910056] usbcore: registered new device driver usb
[STDERR  ] 2018-02-06T15:19:07.162545482Z: [    0.915677] pps_core: LinuxPPS API ver. 1 registered
[STDERR  ] 2018-02-06T15:19:07.162556444Z: [    0.920009] pps_core: Software ver. 5.3.6 - Copyright 2005-2007 Rodolfo Giometti <giometti@linux.it>
[STDERR  ] 2018-02-06T15:19:07.162567297Z: [    0.930032] PTP clock support registered
[STDERR  ] 2018-02-06T15:19:07.162578772Z: [    0.934388] PCI: Using ACPI for IRQ routing
[STDERR  ] 2018-02-06T15:19:07.162588792Z: [    1.356530] NetLabel: Initializing
[STDERR  ] 2018-02-06T15:19:07.162603375Z: [    1.360009] NetLabel:  domain hash size = 128
[STDERR  ] 2018-02-06T15:19:07.162613114Z: [    1.364811] NetLabel:  protocols = UNLABELED CIPSOv4
[STDERR  ] 2018-02-06T15:19:07.162623029Z: [    1.370044] NetLabel:  unlabeled traffic allowed by default
[STDERR  ] 2018-02-06T15:19:07.162632692Z: [    1.376296] wmi: Mapper loaded
[STDERR  ] 2018-02-06T15:19:07.162645907Z: [    1.380182] HPET: 3 timers in total, 0 timers will be used for per-cpu timer
[STDERR  ] 2018-02-06T15:19:07.162656222Z: [    1.388094] hpet0: at MMIO 0xfed00000, IRQs 2, 8, 0
[STDERR  ] 2018-02-06T15:19:07.162666787Z: [    1.391529] hpet0: 3 comparators, 64-bit 100.000000 MHz counter
[STDERR  ] 2018-02-06T15:19:07.162684039Z: [    1.403577] clocksource: Switched to clocksource kvm-clock
[STDERR  ] 2018-02-06T15:19:07.162694113Z: [    1.419126] VFS: Disk quotas dquot_6.6.0
[STDERR  ] 2018-02-06T15:19:07.162711781Z: [    1.423627] VFS: Dquot-cache hash table entries: 512 (order 0, 4096 bytes)
[STDERR  ] 2018-02-06T15:19:07.162722328Z: [    1.431761] FS-Cache: Loaded
[STDERR  ] 2018-02-06T15:19:07.162733014Z: [    1.435041] CacheFiles: Loaded
[STDERR  ] 2018-02-06T15:19:07.162743841Z: [    1.438412] pnp: PnP ACPI init
[STDERR  ] 2018-02-06T15:19:07.16275483Z: [    1.443020] pnp: PnP ACPI: found 5 devices
[STDERR  ] 2018-02-06T15:19:07.162764644Z: [    1.453552] clocksource: acpi_pm: mask: 0xffffff max_cycles: 0xffffff, max_idle_ns: 2085701024 ns
[STDERR  ] 2018-02-06T15:19:07.162775275Z: [    1.463146] NET: Registered protocol family 2
[STDERR  ] 2018-02-06T15:19:07.162784999Z: [    1.467990] TCP established hash table entries: 8192 (order: 4, 65536 bytes)
[STDERR  ] 2018-02-06T15:19:07.162796184Z: [    1.475567] TCP bind hash table entries: 8192 (order: 5, 131072 bytes)
[STDERR  ] 2018-02-06T15:19:07.162808131Z: [    1.482545] TCP: Hash tables configured (established 8192 bind 8192)
[STDERR  ] 2018-02-06T15:19:07.162820334Z: [    1.489278] UDP hash table entries: 512 (order: 2, 16384 bytes)
[STDERR  ] 2018-02-06T15:19:07.162842614Z: [    1.495793] UDP-Lite hash table entries: 512 (order: 2, 16384 bytes)
[STDERR  ] 2018-02-06T15:19:07.162853573Z: [    1.502984] NET: Registered protocol family 1
[STDERR  ] 2018-02-06T15:19:07.162868616Z: [    1.507858] pci 0000:00:01.0: Video device with shadowed ROM at [mem 0x000c0000-0x000dffff]
[STDERR  ] 2018-02-06T15:19:07.162886942Z: [    1.517197] Unpacking initramfs...
[STDERR  ] 2018-02-06T15:19:07.162897502Z: [    1.935740] Freeing initrd memory: 24384K
[STDERR  ] 2018-02-06T15:19:07.162910803Z: [    1.941222] PCLMULQDQ-NI instructions are not detected.
[STDERR  ] 2018-02-06T15:19:07.162920729Z: [    1.947027] AVX or AES-NI instructions are not detected.
[STDERR  ] 2018-02-06T15:19:07.162930534Z: [    1.952947] CPU feature 'AVX registers' is not supported.
[STDERR  ] 2018-02-06T15:19:07.162940337Z: [    1.958990] CPU feature 'AVX registers' is not supported.
[STDERR  ] 2018-02-06T15:19:07.162950176Z: [    1.965088] CPU feature 'AVX registers' is not supported.
[STDERR  ] 2018-02-06T15:19:07.162960201Z: [    1.971191] CPU feature 'AVX registers' is not supported.
[STDERR  ] 2018-02-06T15:19:07.162970242Z: [    1.977177] AVX2 or AES-NI instructions are not detected.
[STDERR  ] 2018-02-06T15:19:07.162981044Z: [    1.983200] AVX2 instructions are not detected.
[STDERR  ] 2018-02-06T15:19:07.162990864Z: [    1.988627] audit: initializing netlink subsys (disabled)
[STDERR  ] 2018-02-06T15:19:07.163001191Z: [    1.994758] audit: type=2000 audit(1517930340.966:1): initialized
[STDERR  ] 2018-02-06T15:19:07.16301096Z: [    2.002314] workingset: timestamp_bits=46 max_order=18 bucket_order=0
[STDERR  ] 2018-02-06T15:19:07.163022193Z: [    2.009699] squashfs: version 4.0 (2009/01/31) Phillip Lougher
[STDERR  ] 2018-02-06T15:19:07.163041662Z: [    2.016399] FS-Cache: Netfs 'cifs' registered for caching
[STDERR  ] 2018-02-06T15:19:07.163058297Z: [    2.022741] fuse init (API version 7.26)
[STDERR  ] 2018-02-06T15:19:07.163069858Z: [    2.027279] SGI XFS with ACLs, security attributes, no debug enabled
[STDERR  ] 2018-02-06T15:19:07.163080981Z: [    2.034627] 9p: Installing v9fs 9p2000 file system support
[STDERR  ] 2018-02-06T15:19:07.163090644Z: [    2.040868] FS-Cache: Netfs '9p' registered for caching
[STDERR  ] 2018-02-06T15:19:07.163100652Z: [    2.047659] NET: Registered protocol family 38
[STDERR  ] 2018-02-06T15:19:07.163120332Z: [    2.052716] Key type asymmetric registered
[STDERR  ] 2018-02-06T15:19:07.163130367Z: [    2.057277] Asymmetric key parser 'x509' registered
[STDERR  ] 2018-02-06T15:19:07.163140941Z: [    2.062869] Block layer SCSI generic (bsg) driver version 0.4 loaded (major 251)
[STDERR  ] 2018-02-06T15:19:07.163153991Z: [    2.071289] io scheduler noop registered
[STDERR  ] 2018-02-06T15:19:07.163782744Z: [    2.075653] io scheduler deadline registered (default)
[STDERR  ] 2018-02-06T15:19:07.163800095Z: [    2.081467] io scheduler cfq registered
[STDERR  ] 2018-02-06T15:19:07.163810947Z: [    2.085868] pci_hotplug: PCI Hot Plug PCI Core version: 0.5
[STDERR  ] 2018-02-06T15:19:07.163821529Z: [    2.092183] pciehp: PCI Express Hot Plug Controller Driver version: 0.4
[STDERR  ] 2018-02-06T15:19:07.163832879Z: [    2.099619] shpchp: Standard Hot Plug PCI Controller Driver version: 0.4
[STDERR  ] 2018-02-06T15:19:07.163845586Z: [    2.107241] hv_vmbus: registering driver hyperv_fb
[STDERR  ] 2018-02-06T15:19:07.163857411Z: [    2.112766] input: Power Button as /devices/LNXSYSTM:00/LNXPWRBN:00/input/input0
[STDERR  ] 2018-02-06T15:19:07.163872395Z: [    2.121029] ACPI: Power Button [PWRF]
[STDERR  ] 2018-02-06T15:19:07.163892686Z: [    2.125462] GHES: HEST is not enabled!
[STDERR  ] 2018-02-06T15:19:07.163902334Z: [    2.130338] ACPI: PCI Interrupt Link [GSIG] enabled at IRQ 22
[STDERR  ] 2018-02-06T15:19:07.163925877Z: [    2.144019] ACPI: PCI Interrupt Link [GSIH] enabled at IRQ 23
[STDERR  ] 2018-02-06T15:19:07.163937117Z: [    2.156491] xenfs: not registering filesystem on non-xen platform
[STDERR  ] 2018-02-06T15:19:07.163957737Z: [    2.163479] Serial: 8250/16550 driver, 4 ports, IRQ sharing disabled
[STDERR  ] 2018-02-06T15:19:07.163969179Z: [    2.205194] 00:04: ttyS0 at I/O 0x3f8 (irq = 4, base_baud = 115200) is a 16550A
[STDERR  ] 2018-02-06T15:19:07.163980236Z: [    2.214668] Non-volatile memory driver v1.3
[STDERR  ] 2018-02-06T15:19:07.164011302Z: [    2.221576] Hangcheck: starting hangcheck timer 0.9.1 (tick is 180 seconds, margin is 60 seconds).
[STDERR  ] 2018-02-06T15:19:07.16403444Z: [    2.231841] random: fast init done
[STDERR  ] 2018-02-06T15:19:07.16404882Z: [    2.236191] random: crng init done
[STDERR  ] 2018-02-06T15:19:07.164073062Z: [    2.242476] loop: module loaded
[STDERR  ] 2018-02-06T15:19:07.164083189Z: [    2.247022] nbd: registered device at major 43
[STDERR  ] 2018-02-06T15:19:07.164092316Z: [    2.253658] lpc_ich 0000:00:1f.0: I/O space for GPIO uninitialized
[STDERR  ] 2018-02-06T15:19:07.164102761Z: [    2.260656] VMware PVSCSI driver - version 1.0.7.0-k
[STDERR  ] 2018-02-06T15:19:07.16411243Z: [    2.266166] hv_vmbus: registering driver hv_storvsc
[STDERR  ] 2018-02-06T15:19:07.164122565Z: [    2.272224] ACPI: PCI Interrupt Link [GSIA] enabled at IRQ 16
[STDERR  ] 2018-02-06T15:19:07.164132099Z: [    2.281949] ahci 0000:00:1f.2: AHCI 0001.0000 32 slots 6 ports 1.5 Gbps 0x3f impl SATA mode
[STDERR  ] 2018-02-06T15:19:07.164152936Z: [    2.291622] ahci 0000:00:1f.2: flags: 64bit ncq only 
[STDERR  ] 2018-02-06T15:19:07.164162542Z: [    2.300936] scsi host0: ahci
[STDERR  ] 2018-02-06T15:19:07.164173109Z: [    2.304459] scsi host1: ahci
[STDERR  ] 2018-02-06T15:19:07.164185286Z: [    2.307917] scsi host2: ahci
[STDERR  ] 2018-02-06T15:19:07.164196689Z: [    2.311388] scsi host3: ahci
[STDERR  ] 2018-02-06T15:19:07.164207886Z: [    2.314862] scsi host4: ahci
[STDERR  ] 2018-02-06T15:19:07.164218033Z: [    2.318382] scsi host5: ahci
[STDERR  ] 2018-02-06T15:19:07.164229102Z: [    2.322020] ata1: SATA max UDMA/133 abar m4096@0xfebd2000 port 0xfebd2100 irq 24
[STDERR  ] 2018-02-06T15:19:07.164252013Z: [    2.330639] ata2: SATA max UDMA/133 abar m4096@0xfebd2000 port 0xfebd2180 irq 24
[STDERR  ] 2018-02-06T15:19:07.164267632Z: [    2.339241] ata3: SATA max UDMA/133 abar m4096@0xfebd2000 port 0xfebd2200 irq 24
[STDERR  ] 2018-02-06T15:19:07.164279481Z: [    2.347916] ata4: SATA max UDMA/133 abar m4096@0xfebd2000 port 0xfebd2280 irq 24
[STDERR  ] 2018-02-06T15:19:07.164296247Z: [    2.356492] ata5: SATA max UDMA/133 abar m4096@0xfebd2000 port 0xfebd2300 irq 24
[STDERR  ] 2018-02-06T15:19:07.164307887Z: [    2.364527] ata6: SATA max UDMA/133 abar m4096@0xfebd2000 port 0xfebd2380 irq 24
[STDERR  ] 2018-02-06T15:19:07.16431806Z: [    2.373154] tun: Universal TUN/TAP device driver, 1.6
[STDERR  ] 2018-02-06T15:19:07.164327709Z: [    2.378650] tun: (C) 1999-2004 Max Krasnyansky <maxk@qualcomm.com>
[STDERR  ] 2018-02-06T15:19:07.164352112Z: [    2.391906] VMware vmxnet3 virtual NIC driver - version 1.4.a.0-k-NAPI
[STDERR  ] 2018-02-06T15:19:07.164363446Z: [    2.399165] hv_vmbus: registering driver hv_netvsc
[STDERR  ] 2018-02-06T15:19:07.164374037Z: [    2.404465] Fusion MPT base driver 3.04.20
[STDERR  ] 2018-02-06T15:19:07.164391551Z: [    2.408913] Copyright (c) 1999-2008 LSI Corporation
[STDERR  ] 2018-02-06T15:19:07.164401033Z: [    2.414310] Fusion MPT SPI Host driver 3.04.20
[STDERR  ] 2018-02-06T15:19:07.164416826Z: [    2.419252] i8042: PNP: PS/2 Controller [PNP0303:KBD,PNP0f13:MOU] at 0x60,0x64 irq 1,12
[STDERR  ] 2018-02-06T15:19:07.164429658Z: [    2.431604] serio: i8042 KBD port at 0x60,0x64 irq 1
[STDERR  ] 2018-02-06T15:19:07.164439184Z: [    2.436919] serio: i8042 AUX port at 0x60,0x64 irq 12
[STDERR  ] 2018-02-06T15:19:07.164449882Z: [    2.442682] hv_vmbus: registering driver hyperv_keyboard
[STDERR  ] 2018-02-06T15:19:07.164459973Z: [    2.448611] mousedev: PS/2 mouse device common for all mice
[STDERR  ] 2018-02-06T15:19:07.164469434Z: [    2.456154] input: AT Translated Set 2 keyboard as /devices/platform/i8042/serio0/input/input1
[STDERR  ] 2018-02-06T15:19:07.164482082Z: [    2.465572] input: PC Speaker as /devices/platform/pcspkr/input/input2
[STDERR  ] 2018-02-06T15:19:07.164494178Z: [    2.473043] rtc_cmos 00:00: RTC can wake from S4
[STDERR  ] 2018-02-06T15:19:07.164503174Z: [    2.480539] rtc_cmos 00:00: rtc core: registered rtc_cmos as rtc0
[STDERR  ] 2018-02-06T15:19:07.164520646Z: [    2.488083] rtc_cmos 00:00: alarms up to one day, y3k, 114 bytes nvram, hpet irqs
[STDERR  ] 2018-02-06T15:19:07.164533081Z: [    2.496425] i2c /dev entries driver
[STDERR  ] 2018-02-06T15:19:07.164550117Z: [    2.500552] device-mapper: ioctl: 4.35.0-ioctl (2016-06-23) initialised: dm-devel@redhat.com
[STDERR  ] 2018-02-06T15:19:07.164568164Z: [    2.511611] usbcore: registered new interface driver usbhid
[STDERR  ] 2018-02-06T15:19:07.164577424Z: [    2.518173] usbhid: USB HID core driver
[STDERR  ] 2018-02-06T15:19:07.16458616Z: [    2.522901] hv_utils: Registering HyperV Utility Driver
[STDERR  ] 2018-02-06T15:19:07.164596668Z: [    2.529070] hv_vmbus: registering driver hv_util
[STDERR  ] 2018-02-06T15:19:07.164606464Z: [    2.534655] hv_vmbus: registering driver hv_balloon
[STDERR  ] 2018-02-06T15:19:07.164618277Z: [    2.540166] oprofile: using NMI interrupt.
[STDERR  ] 2018-02-06T15:19:07.164627735Z: [    2.544670] GACT probability on
[STDERR  ] 2018-02-06T15:19:07.164639601Z: [    2.548158] Mirror/redirect action on
[STDERR  ] 2018-02-06T15:19:07.164649438Z: [    2.552287] Simple TC action Loaded
[STDERR  ] 2018-02-06T15:19:07.164659708Z: [    2.556111] u32 classifier
[STDERR  ] 2018-02-06T15:19:07.164672275Z: [    2.559151]     Performance counters on
[STDERR  ] 2018-02-06T15:19:07.164683389Z: [    2.563496]     input device check on
[STDERR  ] 2018-02-06T15:19:07.164693835Z: [    2.567516]     Actions configured
[STDERR  ] 2018-02-06T15:19:07.164710713Z: [    2.571455] Netfilter messages via NETLINK v0.30.
[STDERR  ] 2018-02-06T15:19:07.164721102Z: [    2.576596] nfnl_acct: registering with nfnetlink.
[STDERR  ] 2018-02-06T15:19:07.164743617Z: [    2.582006] nf_conntrack version 0.5.0 (8192 buckets, 32768 max)
[STDERR  ] 2018-02-06T15:19:07.164757936Z: [    2.588641] ctnetlink v0.93: registering with nfnetlink.
[STDERR  ] 2018-02-06T15:19:07.164768077Z: [    2.594647] nf_tables: (c) 2007-2009 Patrick McHardy <kaber@trash.net>
[STDERR  ] 2018-02-06T15:19:07.164780328Z: [    2.602347] nf_tables_compat: (c) 2012 Pablo Neira Ayuso <pablo@netfilter.org>
[STDERR  ] 2018-02-06T15:19:07.164793612Z: [    2.610609] xt_time: kernel timezone is -0000
[STDERR  ] 2018-02-06T15:19:07.164804045Z: [    2.615378] ip_set: protocol 6
[STDERR  ] 2018-02-06T15:19:07.164817362Z: [    2.619107] IPVS: Registered protocols (TCP, UDP, SCTP, AH, ESP)
[STDERR  ] 2018-02-06T15:19:07.1648309Z: [    2.625987] IPVS: Connection hash table configured (size=4096, memory=64Kbytes)
[STDERR  ] 2018-02-06T15:19:07.164855362Z: [    2.634476] IPVS: Creating netns size=2104 id=0
[STDERR  ] 2018-02-06T15:19:07.164869084Z: [    2.640844] IPVS: ipvs loaded.
[STDERR  ] 2018-02-06T15:19:07.164879366Z: [    2.644244] IPVS: [rr] scheduler registered.
[STDERR  ] 2018-02-06T15:19:07.164889615Z: [    2.649238] IPVS: [wrr] scheduler registered.
[STDERR  ] 2018-02-06T15:19:07.164900041Z: [    2.654111] IPVS: [lc] scheduler registered.
[STDERR  ] 2018-02-06T15:19:07.164910774Z: [    2.659171] IPVS: [wlc] scheduler registered.
[STDERR  ] 2018-02-06T15:19:07.164920514Z: [    2.664334] IPVS: [fo] scheduler registered.
[STDERR  ] 2018-02-06T15:19:07.164931867Z: [    2.669014] IPVS: [ovf] scheduler registered.
[STDERR  ] 2018-02-06T15:19:07.164951723Z: [    2.674181] IPVS: [lblc] scheduler registered.
[STDERR  ] 2018-02-06T15:19:07.164963107Z: [    2.679481] IPVS: [lblcr] scheduler registered.
[STDERR  ] 2018-02-06T15:19:07.164974403Z: [    2.684949] IPVS: [dh] scheduler registered.
[STDERR  ] 2018-02-06T15:19:07.164985857Z: [    2.690638] IPVS: [sh] scheduler registered.
[STDERR  ] 2018-02-06T15:19:07.16499696Z: [    2.695411] IPVS: [sed] scheduler registered.
[STDERR  ] 2018-02-06T15:19:07.165006644Z: [    2.700640] IPVS: [nq] scheduler registered.
[STDERR  ] 2018-02-06T15:19:07.165017709Z: [    2.705282] IPVS: ftp: loaded support on port[0] = 21
[STDERR  ] 2018-02-06T15:19:07.165027412Z: [    2.711555] ata6: SATA link down (SStatus 0 SControl 300)
[STDERR  ] 2018-02-06T15:19:07.165038304Z: [    2.718170] ata5: SATA link down (SStatus 0 SControl 300)
[STDERR  ] 2018-02-06T15:19:07.165065217Z: [    2.724957] ata4: SATA link down (SStatus 0 SControl 300)
[STDERR  ] 2018-02-06T15:19:07.165075491Z: [    2.731716] ata3: SATA link up 1.5 Gbps (SStatus 113 SControl 300)
[STDERR  ] 2018-02-06T15:19:07.16508639Z: [    2.738920] ata3.00: ATAPI: QEMU DVD-ROM, 2.5+, max UDMA/100
[STDERR  ] 2018-02-06T15:19:07.16509626Z: [    2.745373] ata3.00: applying bridge limits
[STDERR  ] 2018-02-06T15:19:07.165109034Z: [    2.751226] ata2: SATA link down (SStatus 0 SControl 300)
[STDERR  ] 2018-02-06T15:19:07.165118114Z: [    2.758321] ata1: SATA link down (SStatus 0 SControl 300)
[STDERR  ] 2018-02-06T15:19:07.165126829Z: [    2.765144] ipip: IPv4 and MPLS over IPv4 tunneling driver
[STDERR  ] 2018-02-06T15:19:07.16514348Z: [    2.771830] gre: GRE over IPv4 demultiplexor driver
[STDERR  ] 2018-02-06T15:19:07.165156514Z: [    2.778094] ip_tables: (C) 2000-2006 Netfilter Core Team
[STDERR  ] 2018-02-06T15:19:07.165166959Z: [    2.785022] ata3.00: configured for UDMA/100
[STDERR  ] 2018-02-06T15:19:07.165177361Z: [    2.791158] ipt_CLUSTERIP: ClusterIP Version 0.8 loaded successfully
[STDERR  ] 2018-02-06T15:19:07.165187128Z: [    2.798813] arp_tables: arp_tables: (C) 2002 David S. Miller
[STDERR  ] 2018-02-06T15:19:07.16519786Z: [    2.811842] scsi 2:0:0:0: CD-ROM            QEMU     QEMU DVD-ROM     2.5+ PQ: 0 ANSI: 5
[STDERR  ] 2018-02-06T15:19:07.165207437Z: [    2.826558] NET: Registered protocol family 10
[STDERR  ] 2018-02-06T15:19:07.165218587Z: [    2.832745] ip6_tables: (C) 2000-2006 Netfilter Core Team
[STDERR  ] 2018-02-06T15:19:07.16522864Z: [    2.841135] sr 2:0:0:0: [sr0] scsi3-mmc drive: 4x/4x cd/rw xa/form2 tray
[STDERR  ] 2018-02-06T15:19:07.165239621Z: [    2.849121] cdrom: Uniform CD-ROM driver Revision: 3.20
[STDERR  ] 2018-02-06T15:19:07.165248761Z: [    2.856068] NET: Registered protocol family 17
[STDERR  ] 2018-02-06T15:19:07.165266089Z: [    2.861667] Bridge firewalling registered
[STDERR  ] 2018-02-06T15:19:07.165276103Z: [    2.866544] Ebtables v2.0 registered
[STDERR  ] 2018-02-06T15:19:07.165290083Z: [    2.871917] sr 2:0:0:0: Attached scsi generic sg0 type 5
[STDERR  ] 2018-02-06T15:19:07.165299398Z: [    2.878688] 8021q: 802.1Q VLAN Support v1.8
[STDERR  ] 2018-02-06T15:19:07.165308789Z: [    2.883899] 9pnet: Installing 9P2000 support
[STDERR  ] 2018-02-06T15:19:07.165318845Z: [    2.888951] Key type dns_resolver registered
[STDERR  ] 2018-02-06T15:19:07.165328987Z: [    2.894338] microcode: sig=0x663, pf=0x1, revision=0x1
[STDERR  ] 2018-02-06T15:19:07.165354239Z: [    2.900820] microcode: Microcode Update Driver: v2.01 <tigran@aivazian.fsnet.co.uk>, Peter Oruba
[STDERR  ] 2018-02-06T15:19:07.165363423Z: [    2.911476] registered taskstats version 1
[STDERR  ] 2018-02-06T15:19:07.165372855Z: [    2.923140] Key type big_key registered
[STDERR  ] 2018-02-06T15:19:07.165383596Z: [    2.933224] Key type encrypted registered
[STDERR  ] 2018-02-06T15:19:07.165398396Z: [    2.939708] rtc_cmos 00:00: setting system clock to 2018-02-06 15:19:03 UTC (1517930343)
[STDERR  ] 2018-02-06T15:19:07.165407528Z: [    2.952145] Freeing unused kernel memory: 1400K
[STDERR  ] 2018-02-06T15:19:07.165426728Z: [    2.957430] Write protecting the kernel read-only data: 12288k
[STDERR  ] 2018-02-06T15:19:07.165440412Z: [    2.964399] Freeing unused kernel memory: 124K
[STDERR  ] 2018-02-06T15:19:07.165452958Z: [    2.973266] Freeing unused kernel memory: 1396K
[STDERR  ] 2018-02-06T15:19:07.165473105Z: 
[STDERR  ] 2018-02-06T15:19:07.165488007Z: Welcome to LinuxKit
[STDERR  ] 2018-02-06T15:19:07.165498437Z: 
[STDERR  ] 2018-02-06T15:19:07.165508823Z:                         ##         .
[STDERR  ] 2018-02-06T15:19:07.165518982Z:                   ## ## ##        ==
[STDERR  ] 2018-02-06T15:19:07.165529324Z:                ## ## ## ## ##    ===
[STDERR  ] 2018-02-06T15:19:07.165540788Z:            /"""""""""""""""""\___/ ===
[STDERR  ] 2018-02-06T15:19:07.165550905Z:           {                       /  ===-
[STDERR  ] 2018-02-06T15:19:07.165561118Z:            \______ O           __/
[STDERR  ] 2018-02-06T15:19:07.165579631Z:              \    \         __/
[STDERR  ] 2018-02-06T15:19:07.165590721Z:               \____\_______/
[STDERR  ] 2018-02-06T15:19:07.165600241Z: 
[STDERR  ] 2018-02-06T15:19:07.165610452Z: Linux linuxkit-a232b652377d 4.9.79-linuxkit #1 SMP Tue Feb 6 13:46:28 UTC 2018 x86_64 Linux
[STDERR  ] 2018-02-06T15:19:07.165621494Z: filename:       hello_world.ko
[STDERR  ] 2018-02-06T15:19:07.165632047Z: author:         Rolf Neugebauer <rolf.neugebauer@docker.com>
[STDERR  ] 2018-02-06T15:19:07.16564234Z: description:    A simple Hello World kernel module for testing
[STDERR  ] 2018-02-06T15:19:07.1656515Z: license:        GPL
[STDERR  ] 2018-02-06T15:19:07.165663969Z: depends:        
[STDERR  ] 2018-02-06T15:19:07.165676332Z: vermagic:       4.9.79-linuxkit SMP mod_unload 
[STDERR  ] 2018-02-06T15:19:07.165685624Z: [    3.359312] hello_world: loading out-of-tree module taints kernel.
[STDERR  ] 2018-02-06T15:19:07.165698192Z: [    3.366458] Hello LinuxKit
[STDERR  ] 2018-02-06T15:19:07.1657105Z: [    3.374300] Goodbye LinuxKit.
[STDERR  ] 2018-02-06T15:19:07.165721101Z: Kernel module test suite PASSED
[STDERR  ] 2018-02-06T15:19:07.165731286Z: [    6.420389] ACPI: Preparing to enter system sleep state S5
[STDERR  ] 2018-02-06T15:19:07.165740856Z: [    6.428302] reboot: Power down
[STDERR  ] 2018-02-06T15:19:07.165751523Z: + exit 0
[STDERR  ] 2018-02-06T15:19:07.165762943Z: + clean_up
[STDERR  ] 2018-02-06T15:19:07.165774273Z: + docker rmi kmod-test
[STDOUT  ] 2018-02-06T15:19:07.203889124Z: Untagged: kmod-test:latest
[STDOUT  ] 2018-02-06T15:19:07.203989248Z: Deleted: sha256:ff07afe05050080fc65df1dbc9417cd883007e4e844d5f45fb313747d5a7f004
[STDOUT  ] 2018-02-06T15:19:07.204005834Z: Deleted: sha256:2c5d13eae567af2ced6eda04ea28e7ba421c2115c3920b50c85d83538cfdf7d4
[STDOUT  ] 2018-02-06T15:19:07.204045017Z: Deleted: sha256:cd4cb99447e8504b000b50efaf99011855d4c44e91c2d09fd3360b46ec1e9a6d
[STDOUT  ] 2018-02-06T15:19:07.204084547Z: Deleted: sha256:4e0cd84e32ed789270cdecc22e9a98773744bdfca51111d7b98ab6e8543aa79e
[STDOUT  ] 2018-02-06T15:19:07.204097773Z: Deleted: sha256:fe3fc6c5a4f01bf38285e1334591bf31903ef1e45674852f88db9ace519fdba9
[STDERR  ] 2018-02-06T15:19:07.205077426Z: + rm -rf kmod-cmdline kmod-initrd.img kmod-kernel kmod-state
[PASS    ] linuxkit.kernel.kmod_4.9.x 32.86s
