[INFO    ] 2017-11-15T17:45:35.259837688Z: Running Test linuxkit.packages.extend.btrfs in /tmp/build/test/cases/040_packages/005_extend/001_btrfs
[INFO    ] 2017-11-15T17:45:35.259947938Z: Running command: [/bin/sh -x /tmp/build/test/cases/040_packages/005_extend/001_btrfs/test.sh]
[STDERR  ] 2017-11-15T17:45:35.307092871Z: + set -ex
[STDERR  ] 2017-11-15T17:45:35.307180728Z: + . /tmp/build/test/cases/_lib/lib.sh
[STDERR  ] 2017-11-15T17:45:35.307194198Z: + [ -f src/github.com/linuxkit/rtf/lib/lib.sh ]
[STDERR  ] 2017-11-15T17:45:35.307203408Z: + LINUXKIT_TMPDIR=/tmp/build/test/cases/_tmp
[STDERR  ] 2017-11-15T17:45:35.307212939Z: + [ -f /tmp/build/test/cases/_tmp/env.sh ]
[STDERR  ] 2017-11-15T17:45:35.307222428Z: + . /tmp/build/test/cases/_tmp/env.sh
[STDERR  ] 2017-11-15T17:45:35.307231718Z: + export LINUXKIT_EXAMPLES_DIR=/tmp/build/test/cases/../../examples
[STDERR  ] 2017-11-15T17:45:35.307239817Z: + export LINUXKIT_BLUEPRINTS_DIR=/tmp/build/test/cases/../../blueprints
[STDERR  ] 2017-11-15T17:45:35.307249625Z: + RT_CANCEL=253
[STDERR  ] 2017-11-15T17:45:35.307258242Z: + NAME_CREATE=extend-btrfs
[STDERR  ] 2017-11-15T17:45:35.307268111Z: + NAME_EXTEND=extend-btrfs
[STDERR  ] 2017-11-15T17:45:35.307276943Z: + DISK=disk.img
[STDERR  ] 2017-11-15T17:45:35.307286799Z: + trap clean_up EXIT
[STDERR  ] 2017-11-15T17:45:35.307297569Z: + moby build -name extend-btrfs -format kernel+initrd test-create.yml
[STDERR  ] 2017-11-15T17:45:35.318705022Z: Extract kernel image: linuxkit/kernel:4.9.61
[STDERR  ] 2017-11-15T17:45:37.01613938Z: Add init containers:
[STDERR  ] 2017-11-15T17:45:37.016195168Z: Process init image: linuxkit/init:42a92119e1ca10380e0d33e26c0cbcf85b9b3558
[STDERR  ] 2017-11-15T17:45:38.270051465Z: Process init image: linuxkit/runc:1b0741d07949c0acc444cd6a04ee7f833443579d
[STDERR  ] 2017-11-15T17:45:39.438821947Z: Add onboot containers:
[STDERR  ] 2017-11-15T17:45:39.438873249Z:   Create OCI config for linuxkit/modprobe:2d153653d1111877a8f53704ef85063a44182ade
[STDERR  ] 2017-11-15T17:45:40.884051627Z: time="2017-11-15T17:45:40Z" level=warning msg="certificate with CN Moby CI is near expiry" 
[STDERR  ] 2017-11-15T17:45:40.884303445Z: time="2017-11-15T17:45:40Z" level=warning msg="certificate with CN Rolf Neugebauer is near expiry" 
[STDERR  ] 2017-11-15T17:45:41.058221944Z: time="2017-11-15T17:45:41Z" level=warning msg="certificate with CN Rolf Neugebauer is near expiry" 
[STDERR  ] 2017-11-15T17:45:41.080210842Z: Pull image: docker.io/linuxkit/modprobe:2d153653d1111877a8f53704ef85063a44182ade@sha256:6369f867a94835d74f681a7f2b877effb9ebcb6afa57b0df2d13eeee1b787cf5
[STDERR  ] 2017-11-15T17:45:43.288247392Z:   Create OCI config for linuxkit/format:10e75e78e1f134d310c62e9a0352df1c67b0dd81
[STDERR  ] 2017-11-15T17:45:44.308793054Z: time="2017-11-15T17:45:44Z" level=warning msg="certificate with CN Rolf Neugebauer is near expiry" 
[STDERR  ] 2017-11-15T17:45:44.311176228Z: time="2017-11-15T17:45:44Z" level=warning msg="certificate with CN Rolf Neugebauer is near expiry" 
[STDERR  ] 2017-11-15T17:45:44.60388549Z:   Create OCI config for linuxkit/mount:41685ecc8039643948e5dff46e17584753469a7a
[STDERR  ] 2017-11-15T17:45:45.627614073Z: time="2017-11-15T17:45:45Z" level=warning msg="certificate with CN Rolf Neugebauer is near expiry" 
[STDERR  ] 2017-11-15T17:45:45.629688776Z: time="2017-11-15T17:45:45Z" level=warning msg="certificate with CN Rolf Neugebauer is near expiry" 
[STDERR  ] 2017-11-15T17:45:45.790517681Z:   Create OCI config for alpine:3.6
[STDERR  ] 2017-11-15T17:45:46.964340145Z:   Create OCI config for linuxkit/poweroff:280bd01daa8776fbe1f4d912977f1886b8374834
[STDERR  ] 2017-11-15T17:45:48.016944056Z: time="2017-11-15T17:45:48Z" level=warning msg="certificate with CN Rolf Neugebauer is near expiry" 
[STDERR  ] 2017-11-15T17:45:48.018406368Z: time="2017-11-15T17:45:48Z" level=warning msg="certificate with CN Rolf Neugebauer is near expiry" 
[STDERR  ] 2017-11-15T17:45:48.174133847Z: Create outputs:
[STDERR  ] 2017-11-15T17:45:53.321830592Z:   extend-btrfs-kernel extend-btrfs-initrd.img extend-btrfs-cmdline
[STDERR  ] 2017-11-15T17:45:53.391301249Z: + linuxkit run -disk file=disk.img,format=raw,size=256M extend-btrfs
[STDERR  ] 2017-11-15T17:45:53.410936101Z: Unable to find qemu-system-x86_64 within the $PATH. Using a container
[STDOUT  ] 2017-11-15T17:45:56.099335148Z: [    0.000000] Linux version 4.9.61-linuxkit (root@f63baf0520f0) (gcc version 6.3.0 (Alpine 6.3.0) ) #1 SMP Fri Nov 10 13:47:55 UTC 2017
[STDOUT  ] 2017-11-15T17:45:56.099583039Z: [    0.000000] Command line: console=ttyS0
[STDOUT  ] 2017-11-15T17:45:56.099682078Z: [    0.000000] x86/fpu: Legacy x87 FPU detected.
[STDOUT  ] 2017-11-15T17:45:56.100049932Z: [    0.000000] x86/fpu: Using 'eager' FPU context switches.
[STDOUT  ] 2017-11-15T17:45:56.100206811Z: [    0.000000] e820: BIOS-provided physical RAM map:
[STDOUT  ] 2017-11-15T17:45:56.10042867Z: [    0.000000] BIOS-e820: [mem 0x0000000000000000-0x000000000009fbff] usable
[STDOUT  ] 2017-11-15T17:45:56.100577127Z: [    0.000000] BIOS-e820: [mem 0x000000000009fc00-0x000000000009ffff] reserved
[STDOUT  ] 2017-11-15T17:45:56.100865177Z: [    0.000000] BIOS-e820: [mem 0x00000000000f0000-0x00000000000fffff] reserved
[STDOUT  ] 2017-11-15T17:45:56.101017536Z: [    0.000000] BIOS-e820: [mem 0x0000000000100000-0x000000003ffdefff] usable
[STDOUT  ] 2017-11-15T17:45:56.101293366Z: [    0.000000] BIOS-e820: [mem 0x000000003ffdf000-0x000000003fffffff] reserved
[STDOUT  ] 2017-11-15T17:45:56.101607713Z: [    0.000000] BIOS-e820: [mem 0x00000000b0000000-0x00000000bfffffff] reserved
[STDOUT  ] 2017-11-15T17:45:56.101756128Z: [    0.000000] BIOS-e820: [mem 0x00000000fed1c000-0x00000000fed1ffff] reserved
[STDOUT  ] 2017-11-15T17:45:56.102058673Z: [    0.000000] BIOS-e820: [mem 0x00000000fffc0000-0x00000000ffffffff] reserved
[STDOUT  ] 2017-11-15T17:45:56.102190749Z: [    0.000000] NX (Execute Disable) protection: active
[STDOUT  ] 2017-11-15T17:45:56.102350989Z: [    0.000000] SMBIOS 2.8 present.
[STDOUT  ] 2017-11-15T17:45:56.102480581Z: [    0.000000] e820: last_pfn = 0x3ffdf max_arch_pfn = 0x400000000
[STDOUT  ] 2017-11-15T17:45:56.102763266Z: [    0.000000] x86/PAT: Configuration [0-7]: WB  WC  UC- UC  WB  WC  UC- WT  
[STDOUT  ] 2017-11-15T17:45:56.103078108Z: [    0.000000] found SMP MP-table at [mem 0x000f6aa0-0x000f6aaf] mapped at [ffff962b000f6aa0]
[STDOUT  ] 2017-11-15T17:45:56.103210842Z: [    0.000000] RAMDISK: [mem 0x3df69000-0x3ffcffff]
[STDOUT  ] 2017-11-15T17:45:56.10336854Z: [    0.000000] ACPI: Early table checksum verification disabled
[STDOUT  ] 2017-11-15T17:45:56.10366631Z: [    0.000000] ACPI: RSDP 0x00000000000F68C0 000014 (v00 BOCHS )
[STDOUT  ] 2017-11-15T17:45:56.103969935Z: [    0.000000] ACPI: RSDT 0x000000003FFE2404 000034 (v01 BOCHS  BXPCRSDT 00000001 BXPC 00000001)
[STDOUT  ] 2017-11-15T17:45:56.104252365Z: [    0.000000] ACPI: FACP 0x000000003FFE22A4 000074 (v01 BOCHS  BXPCFACP 00000001 BXPC 00000001)
[STDOUT  ] 2017-11-15T17:45:56.104535864Z: [    0.000000] ACPI: DSDT 0x000000003FFE0040 002264 (v01 BOCHS  BXPCDSDT 00000001 BXPC 00000001)
[STDOUT  ] 2017-11-15T17:45:56.104687752Z: [    0.000000] ACPI: FACS 0x000000003FFE0000 000040
[STDOUT  ] 2017-11-15T17:45:56.104970847Z: [    0.000000] ACPI: APIC 0x000000003FFE2318 000078 (v01 BOCHS  BXPCAPIC 00000001 BXPC 00000001)
[STDOUT  ] 2017-11-15T17:45:56.105253085Z: [    0.000000] ACPI: HPET 0x000000003FFE2390 000038 (v01 BOCHS  BXPCHPET 00000001 BXPC 00000001)
[STDOUT  ] 2017-11-15T17:45:56.105545226Z: [    0.000000] ACPI: MCFG 0x000000003FFE23C8 00003C (v01 BOCHS  BXPCMCFG 00000001 BXPC 00000001)
[STDOUT  ] 2017-11-15T17:45:56.105685275Z: [    0.000000] Zone ranges:
[STDOUT  ] 2017-11-15T17:45:56.105823579Z: [    0.000000]   DMA      [mem 0x0000000000001000-0x0000000000ffffff]
[STDOUT  ] 2017-11-15T17:45:56.10611519Z: [    0.000000]   DMA32    [mem 0x0000000001000000-0x000000003ffdefff]
[STDOUT  ] 2017-11-15T17:45:56.106141314Z: [    0.000000]   Normal   empty
[STDOUT  ] 2017-11-15T17:45:56.106339475Z: [    0.000000] Movable zone start for each node
[STDOUT  ] 2017-11-15T17:45:56.106481917Z: [    0.000000] Early memory node ranges
[STDOUT  ] 2017-11-15T17:45:56.106615809Z: [    0.000000]   node   0: [mem 0x0000000000001000-0x000000000009efff]
[STDOUT  ] 2017-11-15T17:45:56.106887355Z: [    0.000000]   node   0: [mem 0x0000000000100000-0x000000003ffdefff]
[STDOUT  ] 2017-11-15T17:45:56.107166696Z: [    0.000000] Initmem setup node 0 [mem 0x0000000000001000-0x000000003ffdefff]
[STDOUT  ] 2017-11-15T17:45:56.107305661Z: [    0.000000] ACPI: PM-Timer IO Port: 0x608
[STDOUT  ] 2017-11-15T17:45:56.107438702Z: [    0.000000] ACPI: LAPIC_NMI (acpi_id[0xff] dfl dfl lint[0x1])
[STDOUT  ] 2017-11-15T17:45:56.107717194Z: [    0.000000] IOAPIC[0]: apic_id 0, version 32, address 0xfec00000, GSI 0-23
[STDOUT  ] 2017-11-15T17:45:56.107992297Z: [    0.000000] ACPI: INT_SRC_OVR (bus 0 bus_irq 0 global_irq 2 dfl dfl)
[STDOUT  ] 2017-11-15T17:45:56.108127617Z: [    0.000000] ACPI: INT_SRC_OVR (bus 0 bus_irq 5 global_irq 5 high level)
[STDOUT  ] 2017-11-15T17:45:56.108410872Z: [    0.000000] ACPI: INT_SRC_OVR (bus 0 bus_irq 9 global_irq 9 high level)
[STDOUT  ] 2017-11-15T17:45:56.108544959Z: [    0.000000] ACPI: INT_SRC_OVR (bus 0 bus_irq 10 global_irq 10 high level)
[STDOUT  ] 2017-11-15T17:45:56.108820558Z: [    0.000000] ACPI: INT_SRC_OVR (bus 0 bus_irq 11 global_irq 11 high level)
[STDOUT  ] 2017-11-15T17:45:56.109105787Z: [    0.000000] Using ACPI (MADT) for SMP configuration information
[STDOUT  ] 2017-11-15T17:45:56.109248466Z: [    0.000000] ACPI: HPET id: 0x8086a201 base: 0xfed00000
[STDOUT  ] 2017-11-15T17:45:56.109369568Z: [    0.000000] smpboot: Allowing 1 CPUs, 0 hotplug CPUs
[STDOUT  ] 2017-11-15T17:45:56.10964958Z: [    0.000000] e820: [mem 0x40000000-0xafffffff] available for PCI devices
[STDOUT  ] 2017-11-15T17:45:56.109778546Z: [    0.000000] Booting paravirtualized kernel on bare hardware
[STDOUT  ] 2017-11-15T17:45:56.110172706Z: [    0.000000] clocksource: refined-jiffies: mask: 0xffffffff max_cycles: 0xffffffff, max_idle_ns: 19112604462750000 ns
[STDOUT  ] 2017-11-15T17:45:56.110429811Z: [    0.000000] setup_percpu: NR_CPUS:128 nr_cpumask_bits:128 nr_cpu_ids:1 nr_node_ids:1
[STDOUT  ] 2017-11-15T17:45:56.110695197Z: [    0.000000] percpu: Embedded 35 pages/cpu @ffff962b3dc00000 s105112 r8192 d30056 u2097152
[STDOUT  ] 2017-11-15T17:45:56.110966164Z: [    0.000000] Built 1 zonelists in Zone order, mobility grouping on.  Total pages: 257896
[STDOUT  ] 2017-11-15T17:45:56.111102308Z: [    0.000000] Kernel command line: console=ttyS0
[STDOUT  ] 2017-11-15T17:45:56.111374787Z: [    0.000000] PID hash table entries: 4096 (order: 3, 32768 bytes)
[STDOUT  ] 2017-11-15T17:45:56.111648437Z: [    0.000000] Dentry cache hash table entries: 131072 (order: 8, 1048576 bytes)
[STDOUT  ] 2017-11-15T17:45:56.111914059Z: [    0.000000] Inode-cache hash table entries: 65536 (order: 7, 524288 bytes)
[STDOUT  ] 2017-11-15T17:45:56.11231853Z: [    0.000000] Memory: 980992K/1048052K available (8048K kernel code, 1367K rwdata, 2700K rodata, 1380K init, 568K bss, 67060K reserved, 0K cma-reserved)
[STDOUT  ] 2017-11-15T17:45:56.112440638Z: [    0.000000] Hierarchical RCU implementation.
[STDOUT  ] 2017-11-15T17:45:56.112576241Z: [    0.000000] 	Build-time adjustment of leaf fanout to 64.
[STDOUT  ] 2017-11-15T17:45:56.112840073Z: [    0.000000] 	RCU restricting CPUs from NR_CPUS=128 to nr_cpu_ids=1.
[STDOUT  ] 2017-11-15T17:45:56.113114739Z: [    0.000000] RCU: Adjusting geometry for rcu_fanout_leaf=64, nr_cpu_ids=1
[STDOUT  ] 2017-11-15T17:45:56.113254296Z: [    0.000000] NR_IRQS:8448 nr_irqs:256 16
[STDOUT  ] 2017-11-15T17:45:56.113416256Z: [    0.000000] Console: colour VGA+ 80x25
[STDOUT  ] 2017-11-15T17:45:56.113669468Z: [    0.000000] console [ttyS0] enabled
[STDOUT  ] 2017-11-15T17:45:56.11777218Z: [    0.000000] clocksource: hpet: mask: 0xffffffff max_cycles: 0xffffffff, max_idle_ns: 19112604467 ns
[STDOUT  ] 2017-11-15T17:45:56.162861731Z: [    0.000000] tsc: Fast TSC calibration using PIT
[STDOUT  ] 2017-11-15T17:45:56.167993953Z: [    0.000000] tsc: Detected 2599.767 MHz processor
[STDOUT  ] 2017-11-15T17:45:56.171490446Z: [    0.022306] Calibrating delay loop (skipped), value calculated using timer frequency.. 5199.53 BogoMIPS (lpj=25997670)
[STDOUT  ] 2017-11-15T17:45:56.171876715Z: [    0.023465] pid_max: default: 32768 minimum: 301
[STDOUT  ] 2017-11-15T17:45:56.172884185Z: [    0.024503] ACPI: Core revision 20160831
[STDOUT  ] 2017-11-15T17:45:56.21701683Z: [    0.067162] ACPI: 1 ACPI AML tables successfully acquired and loaded
[STDOUT  ] 2017-11-15T17:45:56.221575296Z: [    0.071977] Security Framework initialized
[STDOUT  ] 2017-11-15T17:45:56.221823202Z: [    0.072433] Yama: becoming mindful.
[STDOUT  ] 2017-11-15T17:45:56.22412926Z: [    0.074556] Mount-cache hash table entries: 2048 (order: 2, 16384 bytes)
[STDOUT  ] 2017-11-15T17:45:56.224860988Z: [    0.075112] Mountpoint-cache hash table entries: 2048 (order: 2, 16384 bytes)
[STDOUT  ] 2017-11-15T17:45:56.244689593Z: [    0.095010] Last level iTLB entries: 4KB 0, 2MB 0, 4MB 0
[STDOUT  ] 2017-11-15T17:45:56.245202989Z: [    0.095499] Last level dTLB entries: 4KB 0, 2MB 0, 4MB 0, 1GB 0
[STDOUT  ] 2017-11-15T17:45:56.542095636Z: [    0.392486] Freeing SMP alternatives memory: 20K
[STDOUT  ] 2017-11-15T17:45:56.552759062Z: [    0.402871] ftrace: allocating 35542 entries in 139 pages
[STDOUT  ] 2017-11-15T17:45:56.84525883Z: [    0.555160] smpboot: Max logical packages: 1
[STDOUT  ] 2017-11-15T17:45:56.852860641Z: [    0.563198] ..TIMER: vector=0x30 apic1=0 pin1=2 apic2=-1 pin2=-1
[STDOUT  ] 2017-11-15T17:45:57.070815114Z: [    0.670000] smpboot: CPU0: AMD QEMU Virtual CPU version 2.5+ (family: 0x6, model: 0x6, stepping: 0x3)
[STDOUT  ] 2017-11-15T17:45:57.072330599Z: [    0.670000] Performance Events: PMU not available due to virtualization, using software events only.
[STDOUT  ] 2017-11-15T17:45:57.088949684Z: [    0.678288] NMI watchdog: disabled (cpu0): hardware events not enabled
[STDOUT  ] 2017-11-15T17:45:57.089187688Z: [    0.678837] NMI watchdog: Shutting down hard lockup detector on all cpus
[STDOUT  ] 2017-11-15T17:45:57.093017634Z: [    0.682689] x86: Booted up 1 node, 1 CPUs
[STDOUT  ] 2017-11-15T17:45:57.093551672Z: [    0.683131] smpboot: Total of 1 processors activated (5199.53 BogoMIPS)
[STDOUT  ] 2017-11-15T17:45:57.107920549Z: [    0.697365] devtmpfs: initialized
[STDOUT  ] 2017-11-15T17:45:57.114125473Z: [    0.703914] x86/mm: Memory block size: 128MB
[STDOUT  ] 2017-11-15T17:45:57.174544297Z: [    0.764025] clocksource: jiffies: mask: 0xffffffff max_cycles: 0xffffffff, max_idle_ns: 19112604462750000 ns
[STDOUT  ] 2017-11-15T17:45:57.175176843Z: [    0.765040] futex hash table entries: 256 (order: 2, 16384 bytes)
[STDOUT  ] 2017-11-15T17:45:57.185561653Z: [    0.775435] NET: Registered protocol family 16
[STDOUT  ] 2017-11-15T17:45:57.195170404Z: [    0.785056] cpuidle: using governor ladder
[STDOUT  ] 2017-11-15T17:45:57.195559472Z: [    0.785382] cpuidle: using governor menu
[STDOUT  ] 2017-11-15T17:45:57.19680414Z: [    0.786581] ACPI: bus type PCI registered
[STDOUT  ] 2017-11-15T17:45:57.199995378Z: [    0.789575] PCI: MMCONFIG for domain 0000 [bus 00-ff] at [mem 0xb0000000-0xbfffffff] (base 0xb0000000)
[STDOUT  ] 2017-11-15T17:45:57.200862537Z: [    0.790265] PCI: MMCONFIG at [mem 0xb0000000-0xbfffffff] reserved in E820
[STDOUT  ] 2017-11-15T17:45:57.202094527Z: [    0.791658] PCI: Using configuration type 1 for base access
[STDOUT  ] 2017-11-15T17:45:57.254092962Z: [    0.843728] HugeTLB registered 2 MB page size, pre-allocated 0 pages
[STDOUT  ] 2017-11-15T17:45:57.265873285Z: [    0.855718] ACPI: Added _OSI(Module Device)
[STDOUT  ] 2017-11-15T17:45:57.266304027Z: [    0.856054] ACPI: Added _OSI(Processor Device)
[STDOUT  ] 2017-11-15T17:45:57.266611627Z: [    0.856400] ACPI: Added _OSI(3.0 _SCP Extensions)
[STDOUT  ] 2017-11-15T17:45:57.266993935Z: [    0.856689] ACPI: Added _OSI(Processor Aggregator Device)
[STDOUT  ] 2017-11-15T17:45:57.341088387Z: [    0.930580] ACPI: Interpreter enabled
[STDOUT  ] 2017-11-15T17:45:57.341861451Z: [    0.931580] ACPI: (supports S0 S5)
[STDOUT  ] 2017-11-15T17:45:57.342203971Z: [    0.931911] ACPI: Using IOAPIC for interrupt routing
[STDOUT  ] 2017-11-15T17:45:57.344826203Z: [    0.934409] PCI: Using host bridge windows from ACPI; if necessary, use "pci=nocrs" and report a bug
[STDOUT  ] 2017-11-15T17:45:57.405482639Z: [    0.995314] ACPI: PCI Root Bridge [PCI0] (domain 0000 [bus 00-ff])
[STDOUT  ] 2017-11-15T17:45:57.406670627Z: [    0.996409] acpi PNP0A08:00: _OSC: OS supports [ExtendedConfig ASPM ClockPM Segments MSI]
[STDOUT  ] 2017-11-15T17:45:57.413350073Z: [    1.002872] acpi PNP0A08:00: _OSC: OS now controls [PCIeHotplug PME PCIeCapability]
[STDOUT  ] 2017-11-15T17:45:57.416931477Z: [    1.006654] PCI host bridge to bus 0000:00
[STDOUT  ] 2017-11-15T17:45:57.417610047Z: [    1.007148] pci_bus 0000:00: root bus resource [io  0x0000-0x0cf7 window]
[STDOUT  ] 2017-11-15T17:45:57.418065058Z: [    1.007583] pci_bus 0000:00: root bus resource [io  0x0d00-0xffff window]
[STDOUT  ] 2017-11-15T17:45:57.418494468Z: [    1.008004] pci_bus 0000:00: root bus resource [mem 0x000a0000-0x000bffff window]
[STDOUT  ] 2017-11-15T17:45:57.418971928Z: [    1.008449] pci_bus 0000:00: root bus resource [mem 0xc0000000-0xfebfffff window]
[STDOUT  ] 2017-11-15T17:45:57.419470006Z: [    1.009071] pci_bus 0000:00: root bus resource [bus 00-ff]
[STDOUT  ] 2017-11-15T17:45:57.562194751Z: [    1.151009] pci 0000:00:1f.0: quirk: [io  0x0600-0x067f] claimed by ICH6 ACPI/GPIO/TCO
[STDOUT  ] 2017-11-15T17:45:57.638305351Z: [    1.228030] ACPI: PCI Interrupt Link [LNKA] (IRQs 5 *10 11)
[STDOUT  ] 2017-11-15T17:45:57.641061943Z: [    1.230791] ACPI: PCI Interrupt Link [LNKB] (IRQs 5 *10 11)
[STDOUT  ] 2017-11-15T17:45:57.64321941Z: [    1.232673] ACPI: PCI Interrupt Link [LNKC] (IRQs 5 10 *11)
[STDOUT  ] 2017-11-15T17:45:57.645219027Z: [    1.234717] ACPI: PCI Interrupt Link [LNKD] (IRQs 5 10 *11)
[STDOUT  ] 2017-11-15T17:45:57.647007148Z: [    1.236474] ACPI: PCI Interrupt Link [LNKE] (IRQs 5 *10 11)
[STDOUT  ] 2017-11-15T17:45:57.648672632Z: [    1.238158] ACPI: PCI Interrupt Link [LNKF] (IRQs 5 *10 11)
[STDOUT  ] 2017-11-15T17:45:57.650453717Z: [    1.240361] ACPI: PCI Interrupt Link [LNKG] (IRQs 5 10 *11)
[STDOUT  ] 2017-11-15T17:45:57.652272822Z: [    1.242089] ACPI: PCI Interrupt Link [LNKH] (IRQs 5 10 *11)
[STDOUT  ] 2017-11-15T17:45:57.653138833Z: [    1.242991] ACPI: PCI Interrupt Link [GSIA] (IRQs *16)
[STDOUT  ] 2017-11-15T17:45:57.65360847Z: [    1.243706] ACPI: PCI Interrupt Link [GSIB] (IRQs *17)
[STDOUT  ] 2017-11-15T17:45:57.654317446Z: [    1.244315] ACPI: PCI Interrupt Link [GSIC] (IRQs *18)
[STDOUT  ] 2017-11-15T17:45:57.654925803Z: [    1.245020] ACPI: PCI Interrupt Link [GSID] (IRQs *19)
[STDOUT  ] 2017-11-15T17:45:57.655692415Z: [    1.245642] ACPI: PCI Interrupt Link [GSIE] (IRQs *20)
[STDOUT  ] 2017-11-15T17:45:57.656239854Z: [    1.246309] ACPI: PCI Interrupt Link [GSIF] (IRQs *21)
[STDOUT  ] 2017-11-15T17:45:57.656900447Z: [    1.246978] ACPI: PCI Interrupt Link [GSIG] (IRQs *22)
[STDOUT  ] 2017-11-15T17:45:57.657486702Z: [    1.247575] ACPI: PCI Interrupt Link [GSIH] (IRQs *23)
[STDOUT  ] 2017-11-15T17:45:57.661543192Z: [    1.251381] ACPI: Enabled 2 GPEs in block 00 to 3F
[STDOUT  ] 2017-11-15T17:45:57.665747653Z: [    1.255668] SCSI subsystem initialized
[STDOUT  ] 2017-11-15T17:45:57.667683196Z: [    1.257837] ACPI: bus type USB registered
[STDOUT  ] 2017-11-15T17:45:57.668960285Z: [    1.258920] usbcore: registered new interface driver usbfs
[STDOUT  ] 2017-11-15T17:45:57.67002596Z: [    1.259908] usbcore: registered new interface driver hub
[STDOUT  ] 2017-11-15T17:45:57.670856344Z: [    1.260868] usbcore: registered new device driver usb
[STDOUT  ] 2017-11-15T17:45:57.672071631Z: [    1.262036] pps_core: LinuxPPS API ver. 1 registered
[STDOUT  ] 2017-11-15T17:45:57.672481173Z: [    1.262335] pps_core: Software ver. 5.3.6 - Copyright 2005-2007 Rodolfo Giometti <giometti@linux.it>
[STDOUT  ] 2017-11-15T17:45:57.6730167Z: [    1.263046] PTP clock support registered
[STDOUT  ] 2017-11-15T17:45:57.674320392Z: [    1.264334] wmi: Mapper loaded
[STDOUT  ] 2017-11-15T17:45:57.675520449Z: [    1.265505] PCI: Using ACPI for IRQ routing
[STDOUT  ] 2017-11-15T17:45:57.694361614Z: [    1.284373] NetLabel: Initializing
[STDOUT  ] 2017-11-15T17:45:57.694618654Z: [    1.284669] NetLabel:  domain hash size = 128
[STDOUT  ] 2017-11-15T17:45:57.695088051Z: [    1.285024] NetLabel:  protocols = UNLABELED CIPSOv4
[STDOUT  ] 2017-11-15T17:45:57.697612604Z: [    1.287611] NetLabel:  unlabeled traffic allowed by default
[STDOUT  ] 2017-11-15T17:45:57.698897177Z: [    1.288781] HPET: 3 timers in total, 0 timers will be used for per-cpu timer
[STDOUT  ] 2017-11-15T17:45:57.69990431Z: [    1.289604] hpet0: at MMIO 0xfed00000, IRQs 2, 8, 0
[STDOUT  ] 2017-11-15T17:45:57.700240037Z: [    1.290226] hpet0: 3 comparators, 64-bit 100.000000 MHz counter
[STDOUT  ] 2017-11-15T17:45:57.707194254Z: [    1.296994] clocksource: Switched to clocksource hpet
[STDOUT  ] 2017-11-15T17:45:57.965725606Z: [    1.548998] VFS: Disk quotas dquot_6.6.0
[STDOUT  ] 2017-11-15T17:45:57.966753929Z: [    1.549719] VFS: Dquot-cache hash table entries: 512 (order 0, 4096 bytes)
[STDOUT  ] 2017-11-15T17:45:57.970270437Z: [    1.553659] FS-Cache: Loaded
[STDOUT  ] 2017-11-15T17:45:57.977087049Z: [    1.560367] CacheFiles: Loaded
[STDOUT  ] 2017-11-15T17:45:57.978869208Z: [    1.562147] pnp: PnP ACPI init
[STDOUT  ] 2017-11-15T17:45:57.989869423Z: [    1.573155] pnp: PnP ACPI: found 5 devices
[STDOUT  ] 2017-11-15T17:45:58.037753445Z: [    1.620572] clocksource: acpi_pm: mask: 0xffffff max_cycles: 0xffffff, max_idle_ns: 2085701024 ns
[STDOUT  ] 2017-11-15T17:45:58.04124689Z: [    1.624499] NET: Registered protocol family 2
[STDOUT  ] 2017-11-15T17:45:58.049369745Z: [    1.632425] TCP established hash table entries: 8192 (order: 4, 65536 bytes)
[STDOUT  ] 2017-11-15T17:45:58.050078637Z: [    1.633283] TCP bind hash table entries: 8192 (order: 5, 131072 bytes)
[STDOUT  ] 2017-11-15T17:45:58.050977358Z: [    1.633953] TCP: Hash tables configured (established 8192 bind 8192)
[STDOUT  ] 2017-11-15T17:45:58.053006832Z: [    1.636026] UDP hash table entries: 512 (order: 2, 16384 bytes)
[STDOUT  ] 2017-11-15T17:45:58.053575235Z: [    1.636646] UDP-Lite hash table entries: 512 (order: 2, 16384 bytes)
[STDOUT  ] 2017-11-15T17:45:58.055869707Z: [    1.639057] NET: Registered protocol family 1
[STDOUT  ] 2017-11-15T17:45:58.057288299Z: [    1.640391] pci 0000:00:01.0: Video device with shadowed ROM at [mem 0x000c0000-0x000dffff]
[STDOUT  ] 2017-11-15T17:45:58.064966278Z: [    1.648053] Unpacking initramfs...
[STDOUT  ] 2017-11-15T17:46:02.772202226Z: [    6.355435] Freeing initrd memory: 33180K
[STDOUT  ] 2017-11-15T17:46:02.79467592Z: [    6.377891] PCLMULQDQ-NI instructions are not detected.
[STDOUT  ] 2017-11-15T17:46:02.796117444Z: [    6.379300] AVX or AES-NI instructions are not detected.
[STDOUT  ] 2017-11-15T17:46:02.796653072Z: [    6.379739] CPU feature 'AVX registers' is not supported.
[STDOUT  ] 2017-11-15T17:46:02.797276762Z: [    6.380514] CPU feature 'AVX registers' is not supported.
[STDOUT  ] 2017-11-15T17:46:02.797715263Z: [    6.380906] CPU feature 'AVX registers' is not supported.
[STDOUT  ] 2017-11-15T17:46:02.798219534Z: [    6.381344] CPU feature 'AVX registers' is not supported.
[STDOUT  ] 2017-11-15T17:46:02.798509882Z: [    6.381740] AVX2 or AES-NI instructions are not detected.
[STDOUT  ] 2017-11-15T17:46:02.798796185Z: [    6.382097] AVX2 instructions are not detected.
[STDOUT  ] 2017-11-15T17:46:02.804214657Z: [    6.387493] audit: initializing netlink subsys (disabled)
[STDOUT  ] 2017-11-15T17:46:02.805956357Z: [    6.389118] audit: type=2000 audit(1510767961.380:1): initialized
[STDOUT  ] 2017-11-15T17:46:02.813999879Z: [    6.396980] workingset: timestamp_bits=46 max_order=18 bucket_order=0
[STDOUT  ] 2017-11-15T17:46:02.821820358Z: [    6.404973] squashfs: version 4.0 (2009/01/31) Phillip Lougher
[STDOUT  ] 2017-11-15T17:46:02.824185657Z: [    6.407309] FS-Cache: Netfs 'cifs' registered for caching
[STDOUT  ] 2017-11-15T17:46:02.825161451Z: [    6.408444] fuse init (API version 7.26)
[STDOUT  ] 2017-11-15T17:46:02.828205299Z: [    6.411209] SGI XFS with ACLs, security attributes, no debug enabled
[STDOUT  ] 2017-11-15T17:46:02.831872992Z: [    6.415012] 9p: Installing v9fs 9p2000 file system support
[STDOUT  ] 2017-11-15T17:46:02.832252665Z: [    6.415477] FS-Cache: Netfs '9p' registered for caching
[STDOUT  ] 2017-11-15T17:46:02.861850546Z: [    6.445026] NET: Registered protocol family 38
[STDOUT  ] 2017-11-15T17:46:02.862520452Z: [    6.445688] Key type asymmetric registered
[STDOUT  ] 2017-11-15T17:46:02.862823592Z: [    6.446043] Asymmetric key parser 'x509' registered
[STDOUT  ] 2017-11-15T17:46:02.863949013Z: [    6.447035] Block layer SCSI generic (bsg) driver version 0.4 loaded (major 251)
[STDOUT  ] 2017-11-15T17:46:02.865453306Z: [    6.448645] io scheduler noop registered
[STDOUT  ] 2017-11-15T17:46:02.865833787Z: [    6.449003] io scheduler deadline registered (default)
[STDOUT  ] 2017-11-15T17:46:02.867184091Z: [    6.450077] io scheduler cfq registered
[STDOUT  ] 2017-11-15T17:46:02.870600905Z: [    6.453791] pci_hotplug: PCI Hot Plug PCI Core version: 0.5
[STDOUT  ] 2017-11-15T17:46:02.87115103Z: [    6.454397] pciehp: PCI Express Hot Plug Controller Driver version: 0.4
[STDOUT  ] 2017-11-15T17:46:02.872150793Z: [    6.455252] shpchp: Standard Hot Plug PCI Controller Driver version: 0.4
[STDOUT  ] 2017-11-15T17:46:02.872916889Z: [    6.456085] hv_vmbus: registering driver hyperv_fb
[STDOUT  ] 2017-11-15T17:46:02.876211108Z: [    6.459232] input: Power Button as /devices/LNXSYSTM:00/LNXPWRBN:00/input/input0
[STDOUT  ] 2017-11-15T17:46:02.87864506Z: [    6.461938] ACPI: Power Button [PWRF]
[STDOUT  ] 2017-11-15T17:46:02.884698295Z: [    6.467913] GHES: HEST is not enabled!
[STDOUT  ] 2017-11-15T17:46:02.89581399Z: [    6.478885] ACPI: PCI Interrupt Link [GSIG] enabled at IRQ 22
[STDOUT  ] 2017-11-15T17:46:02.909274454Z: [    6.492356] ACPI: PCI Interrupt Link [GSIH] enabled at IRQ 23
[STDOUT  ] 2017-11-15T17:46:02.914991726Z: [    6.498145] xenfs: not registering filesystem on non-xen platform
[STDOUT  ] 2017-11-15T17:46:02.918373734Z: [    6.501511] Serial: 8250/16550 driver, 4 ports, IRQ sharing disabled
[STDOUT  ] 2017-11-15T17:46:02.945413786Z: [    6.528298] 00:04: ttyS0 at I/O 0x3f8 (irq = 4, base_baud = 115200) is a 16550A
[STDOUT  ] 2017-11-15T17:46:02.974301492Z: [    6.557263] Non-volatile memory driver v1.3
[STDOUT  ] 2017-11-15T17:46:02.988722316Z: [    6.571564] Hangcheck: starting hangcheck timer 0.9.1 (tick is 180 seconds, margin is 60 seconds).
[STDOUT  ] 2017-11-15T17:46:03.000725483Z: [    6.583153] random: fast init done
[STDOUT  ] 2017-11-15T17:46:03.006119988Z: [    6.588356] random: crng init done
[STDOUT  ] 2017-11-15T17:46:03.082058755Z: [    6.664742] loop: module loaded
[STDOUT  ] 2017-11-15T17:46:03.100399792Z: [    6.683609] nbd: registered device at major 43
[STDOUT  ] 2017-11-15T17:46:03.14405315Z: [    6.727039] lpc_ich 0000:00:1f.0: I/O space for GPIO uninitialized
[STDOUT  ] 2017-11-15T17:46:03.14611252Z: [    6.729301] VMware PVSCSI driver - version 1.0.7.0-k
[STDOUT  ] 2017-11-15T17:46:03.147329118Z: [    6.730508] hv_vmbus: registering driver hv_storvsc
[STDOUT  ] 2017-11-15T17:46:03.158034332Z: [    6.741000] ACPI: PCI Interrupt Link [GSIA] enabled at IRQ 16
[STDOUT  ] 2017-11-15T17:46:03.16451323Z: [    6.747574] ahci 0000:00:1f.2: AHCI 0001.0000 32 slots 6 ports 1.5 Gbps 0x3f impl SATA mode
[STDOUT  ] 2017-11-15T17:46:03.16514508Z: [    6.748323] ahci 0000:00:1f.2: flags: 64bit ncq only 
[STDOUT  ] 2017-11-15T17:46:03.185248206Z: [    6.768578] scsi host0: ahci
[STDOUT  ] 2017-11-15T17:46:03.190466481Z: [    6.773704] scsi host1: ahci
[STDOUT  ] 2017-11-15T17:46:03.192800264Z: [    6.776010] scsi host2: ahci
[STDOUT  ] 2017-11-15T17:46:03.195818823Z: [    6.779188] scsi host3: ahci
[STDOUT  ] 2017-11-15T17:46:03.198720854Z: [    6.782079] scsi host4: ahci
[STDOUT  ] 2017-11-15T17:46:03.200884882Z: [    6.784269] scsi host5: ahci
[STDOUT  ] 2017-11-15T17:46:03.203077419Z: [    6.786115] ata1: SATA max UDMA/133 abar m4096@0xfebd2000 port 0xfebd2100 irq 24
[STDOUT  ] 2017-11-15T17:46:03.203519266Z: [    6.786620] ata2: SATA max UDMA/133 abar m4096@0xfebd2000 port 0xfebd2180 irq 24
[STDOUT  ] 2017-11-15T17:46:03.203930417Z: [    6.787072] ata3: SATA max UDMA/133 abar m4096@0xfebd2000 port 0xfebd2200 irq 24
[STDOUT  ] 2017-11-15T17:46:03.20453421Z: [    6.787515] ata4: SATA max UDMA/133 abar m4096@0xfebd2000 port 0xfebd2280 irq 24
[STDOUT  ] 2017-11-15T17:46:03.204952859Z: [    6.788010] ata5: SATA max UDMA/133 abar m4096@0xfebd2000 port 0xfebd2300 irq 24
[STDOUT  ] 2017-11-15T17:46:03.205213024Z: [    6.788421] ata6: SATA max UDMA/133 abar m4096@0xfebd2000 port 0xfebd2380 irq 24
[STDOUT  ] 2017-11-15T17:46:03.218477914Z: [    6.801536] tun: Universal TUN/TAP device driver, 1.6
[STDOUT  ] 2017-11-15T17:46:03.218998702Z: [    6.802104] tun: (C) 1999-2004 Max Krasnyansky <maxk@qualcomm.com>
[STDOUT  ] 2017-11-15T17:46:03.229856871Z: [    6.812834] VMware vmxnet3 virtual NIC driver - version 1.4.a.0-k-NAPI
[STDOUT  ] 2017-11-15T17:46:03.230752582Z: [    6.813901] hv_vmbus: registering driver hv_netvsc
[STDOUT  ] 2017-11-15T17:46:03.230905138Z: [    6.814271] Fusion MPT base driver 3.04.20
[STDOUT  ] 2017-11-15T17:46:03.231238008Z: [    6.814518] Copyright (c) 1999-2008 LSI Corporation
[STDOUT  ] 2017-11-15T17:46:03.231905481Z: [    6.815141] Fusion MPT SPI Host driver 3.04.20
[STDOUT  ] 2017-11-15T17:46:03.234794753Z: [    6.817794] i8042: PNP: PS/2 Controller [PNP0303:KBD,PNP0f13:MOU] at 0x60,0x64 irq 1,12
[STDOUT  ] 2017-11-15T17:46:03.239207811Z: [    6.822365] serio: i8042 KBD port at 0x60,0x64 irq 1
[STDOUT  ] 2017-11-15T17:46:03.239840766Z: [    6.823073] serio: i8042 AUX port at 0x60,0x64 irq 12
[STDOUT  ] 2017-11-15T17:46:03.24308329Z: [    6.826174] hv_vmbus: registering driver hyperv_keyboard
[STDOUT  ] 2017-11-15T17:46:03.245102513Z: [    6.828405] mousedev: PS/2 mouse device common for all mice
[STDOUT  ] 2017-11-15T17:46:03.250250545Z: [    6.833317] input: AT Translated Set 2 keyboard as /devices/platform/i8042/serio0/input/input1
[STDOUT  ] 2017-11-15T17:46:03.253085627Z: [    6.836235] input: PC Speaker as /devices/platform/pcspkr/input/input2
[STDOUT  ] 2017-11-15T17:46:03.256847827Z: [    6.839820] rtc_cmos 00:00: RTC can wake from S4
[STDOUT  ] 2017-11-15T17:46:03.260643292Z: [    6.843636] rtc_cmos 00:00: rtc core: registered rtc_cmos as rtc0
[STDOUT  ] 2017-11-15T17:46:03.261989949Z: [    6.845016] rtc_cmos 00:00: alarms up to one day, y3k, 114 bytes nvram, hpet irqs
[STDOUT  ] 2017-11-15T17:46:03.262528431Z: [    6.845761] i2c /dev entries driver
[STDOUT  ] 2017-11-15T17:46:03.264715724Z: [    6.847735] device-mapper: ioctl: 4.35.0-ioctl (2016-06-23) initialised: dm-devel@redhat.com
[STDOUT  ] 2017-11-15T17:46:03.26955993Z: [    6.852711] usbcore: registered new interface driver usbhid
[STDOUT  ] 2017-11-15T17:46:03.269894264Z: [    6.853150] usbhid: USB HID core driver
[STDOUT  ] 2017-11-15T17:46:03.27058797Z: [    6.853847] hv_utils: Registering HyperV Utility Driver
[STDOUT  ] 2017-11-15T17:46:03.270867757Z: [    6.854201] hv_vmbus: registering driver hv_util
[STDOUT  ] 2017-11-15T17:46:03.271161384Z: [    6.854484] hv_vmbus: registering driver hv_balloon
[STDOUT  ] 2017-11-15T17:46:03.271771385Z: [    6.855011] oprofile: using NMI interrupt.
[STDOUT  ] 2017-11-15T17:46:03.272851872Z: [    6.856158] GACT probability on
[STDOUT  ] 2017-11-15T17:46:03.273417879Z: [    6.856656] Mirror/redirect action on
[STDOUT  ] 2017-11-15T17:46:03.274315209Z: [    6.857564] Simple TC action Loaded
[STDOUT  ] 2017-11-15T17:46:03.274859243Z: [    6.858260] u32 classifier
[STDOUT  ] 2017-11-15T17:46:03.275166104Z: [    6.858463]     Performance counters on
[STDOUT  ] 2017-11-15T17:46:03.275295476Z: [    6.858680]     input device check on
[STDOUT  ] 2017-11-15T17:46:03.275572888Z: [    6.858907]     Actions configured
[STDOUT  ] 2017-11-15T17:46:03.276331749Z: [    6.859539] Netfilter messages via NETLINK v0.30.
[STDOUT  ] 2017-11-15T17:46:03.277469978Z: [    6.860630] nfnl_acct: registering with nfnetlink.
[STDOUT  ] 2017-11-15T17:46:03.278877128Z: [    6.862090] nf_conntrack version 0.5.0 (8192 buckets, 32768 max)
[STDOUT  ] 2017-11-15T17:46:03.281904599Z: [    6.865085] ctnetlink v0.93: registering with nfnetlink.
[STDOUT  ] 2017-11-15T17:46:03.285104399Z: [    6.868315] nf_tables: (c) 2007-2009 Patrick McHardy <kaber@trash.net>
[STDOUT  ] 2017-11-15T17:46:03.285914772Z: [    6.869149] nf_tables_compat: (c) 2012 Pablo Neira Ayuso <pablo@netfilter.org>
[STDOUT  ] 2017-11-15T17:46:03.28845809Z: [    6.871810] xt_time: kernel timezone is -0000
[STDOUT  ] 2017-11-15T17:46:03.288990163Z: [    6.872345] ip_set: protocol 6
[STDOUT  ] 2017-11-15T17:46:03.289795294Z: [    6.873028] IPVS: Registered protocols (TCP, UDP, SCTP, AH, ESP)
[STDOUT  ] 2017-11-15T17:46:03.290576333Z: [    6.873699] IPVS: Connection hash table configured (size=4096, memory=64Kbytes)
[STDOUT  ] 2017-11-15T17:46:03.292161027Z: [    6.875530] IPVS: Creating netns size=2104 id=0
[STDOUT  ] 2017-11-15T17:46:03.294785725Z: [    6.878116] IPVS: ipvs loaded.
[STDOUT  ] 2017-11-15T17:46:03.295259163Z: [    6.878470] IPVS: [rr] scheduler registered.
[STDOUT  ] 2017-11-15T17:46:03.295541374Z: [    6.878821] IPVS: [wrr] scheduler registered.
[STDOUT  ] 2017-11-15T17:46:03.295818187Z: [    6.879150] IPVS: [lc] scheduler registered.
[STDOUT  ] 2017-11-15T17:46:03.296103036Z: [    6.879439] IPVS: [wlc] scheduler registered.
[STDOUT  ] 2017-11-15T17:46:03.296395765Z: [    6.879739] IPVS: [fo] scheduler registered.
[STDOUT  ] 2017-11-15T17:46:03.296806669Z: [    6.879978] IPVS: [ovf] scheduler registered.
[STDOUT  ] 2017-11-15T17:46:03.297801676Z: [    6.880953] IPVS: [lblc] scheduler registered.
[STDOUT  ] 2017-11-15T17:46:03.298133037Z: [    6.881390] IPVS: [lblcr] scheduler registered.
[STDOUT  ] 2017-11-15T17:46:03.298434126Z: [    6.881739] IPVS: [dh] scheduler registered.
[STDOUT  ] 2017-11-15T17:46:03.298712354Z: [    6.881999] IPVS: [sh] scheduler registered.
[STDOUT  ] 2017-11-15T17:46:03.298991418Z: [    6.882288] IPVS: [sed] scheduler registered.
[STDOUT  ] 2017-11-15T17:46:03.299284932Z: [    6.882577] IPVS: [nq] scheduler registered.
[STDOUT  ] 2017-11-15T17:46:03.300093049Z: [    6.883286] IPVS: ftp: loaded support on port[0] = 21
[STDOUT  ] 2017-11-15T17:46:03.300977509Z: [    6.884195] ipip: IPv4 and MPLS over IPv4 tunneling driver
[STDOUT  ] 2017-11-15T17:46:03.305273348Z: [    6.888391] gre: GRE over IPv4 demultiplexor driver
[STDOUT  ] 2017-11-15T17:46:03.308599892Z: [    6.891760] ip_tables: (C) 2000-2006 Netfilter Core Team
[STDOUT  ] 2017-11-15T17:46:03.311898233Z: [    6.895003] ipt_CLUSTERIP: ClusterIP Version 0.8 loaded successfully
[STDOUT  ] 2017-11-15T17:46:03.312588797Z: [    6.895824] arp_tables: arp_tables: (C) 2002 David S. Miller
[STDOUT  ] 2017-11-15T17:46:03.314842953Z: [    6.898186] NET: Registered protocol family 10
[STDOUT  ] 2017-11-15T17:46:03.325382166Z: [    6.908523] ip6_tables: (C) 2000-2006 Netfilter Core Team
[STDOUT  ] 2017-11-15T17:46:03.335302836Z: [    6.918499] NET: Registered protocol family 17
[STDOUT  ] 2017-11-15T17:46:03.336412674Z: [    6.919631] Bridge firewalling registered
[STDOUT  ] 2017-11-15T17:46:03.33744843Z: [    6.920669] Ebtables v2.0 registered
[STDOUT  ] 2017-11-15T17:46:03.339515245Z: [    6.922707] 8021q: 802.1Q VLAN Support v1.8
[STDOUT  ] 2017-11-15T17:46:03.340982457Z: [    6.924245] 9pnet: Installing 9P2000 support
[STDOUT  ] 2017-11-15T17:46:03.342648037Z: [    6.925850] Key type dns_resolver registered
[STDOUT  ] 2017-11-15T17:46:03.343585696Z: [    6.926835] microcode: AMD CPU family 0x6 not supported
[STDOUT  ] 2017-11-15T17:46:03.347624446Z: [    6.930829] registered taskstats version 1
[STDOUT  ] 2017-11-15T17:46:03.518447641Z: [    7.101681] Key type big_key registered
[STDOUT  ] 2017-11-15T17:46:03.542225906Z: [    7.125398] ata2: SATA link down (SStatus 0 SControl 300)
[STDOUT  ] 2017-11-15T17:46:03.545440093Z: [    7.128599] ata1: SATA link up 1.5 Gbps (SStatus 113 SControl 300)
[STDOUT  ] 2017-11-15T17:46:03.548755537Z: [    7.131823] ata6: SATA link down (SStatus 0 SControl 300)
[STDOUT  ] 2017-11-15T17:46:03.54918347Z: [    7.132374] ata5: SATA link down (SStatus 0 SControl 300)
[STDOUT  ] 2017-11-15T17:46:03.54961666Z: [    7.132854] ata4: SATA link down (SStatus 0 SControl 300)
[STDOUT  ] 2017-11-15T17:46:03.550141271Z: [    7.133367] ata3: SATA link up 1.5 Gbps (SStatus 113 SControl 300)
[STDOUT  ] 2017-11-15T17:46:03.551984405Z: [    7.135214] ata3.00: ATAPI: QEMU DVD-ROM, 2.5+, max UDMA/100
[STDOUT  ] 2017-11-15T17:46:03.552444753Z: [    7.135646] ata3.00: applying bridge limits
[STDOUT  ] 2017-11-15T17:46:03.554218676Z: [    7.137456] ata3.00: configured for UDMA/100
[STDOUT  ] 2017-11-15T17:46:03.557641775Z: [    7.140846] ata1.00: ATA-7: QEMU HARDDISK, 2.5+, max UDMA/100
[STDOUT  ] 2017-11-15T17:46:03.55806321Z: [    7.141232] ata1.00: 524288 sectors, multi 16: LBA48 NCQ (depth 31/32)
[STDOUT  ] 2017-11-15T17:46:03.558594454Z: [    7.141808] ata1.00: applying bridge limits
[STDOUT  ] 2017-11-15T17:46:03.559314643Z: [    7.142561] ata1.00: configured for UDMA/100
[STDOUT  ] 2017-11-15T17:46:03.578245411Z: [    7.161162] scsi 0:0:0:0: Direct-Access     ATA      QEMU HARDDISK    2.5+ PQ: 0 ANSI: 5
[STDOUT  ] 2017-11-15T17:46:03.599819464Z: [    7.182741] sd 0:0:0:0: [sda] 524288 512-byte logical blocks: (268 MB/256 MiB)
[STDOUT  ] 2017-11-15T17:46:03.605407112Z: [    7.188409] sd 0:0:0:0: Attached scsi generic sg0 type 0
[STDOUT  ] 2017-11-15T17:46:03.6072924Z: [    7.190576] sd 0:0:0:0: [sda] Write Protect is off
[STDOUT  ] 2017-11-15T17:46:03.608670532Z: [    7.191738] sd 0:0:0:0: [sda] Write cache: enabled, read cache: enabled, doesn't support DPO or FUA
[STDOUT  ] 2017-11-15T17:46:03.614815688Z: [    7.197901] scsi 2:0:0:0: CD-ROM            QEMU     QEMU DVD-ROM     2.5+ PQ: 0 ANSI: 5
[STDOUT  ] 2017-11-15T17:46:03.639776987Z: [    7.222900] sr 2:0:0:0: [sr0] scsi3-mmc drive: 4x/4x cd/rw xa/form2 tray
[STDOUT  ] 2017-11-15T17:46:03.640363353Z: [    7.223597] cdrom: Uniform CD-ROM driver Revision: 3.20
[STDOUT  ] 2017-11-15T17:46:03.65103831Z: [    7.234226] sr 2:0:0:0: Attached scsi generic sg1 type 5
[STDOUT  ] 2017-11-15T17:46:03.661866508Z: [    7.244968] sd 0:0:0:0: [sda] Attached SCSI disk
[STDOUT  ] 2017-11-15T17:46:03.716333991Z: [    7.299485] Key type encrypted registered
[STDOUT  ] 2017-11-15T17:46:03.722363691Z: [    7.305454] rtc_cmos 00:00: setting system clock to 2017-11-15 17:46:03 UTC (1510767963)
[STDOUT  ] 2017-11-15T17:46:03.867368483Z: [    7.450598] Freeing unused kernel memory: 1380K
[STDOUT  ] 2017-11-15T17:46:03.867784048Z: [    7.450994] Write protecting the kernel read-only data: 12288k
[STDOUT  ] 2017-11-15T17:46:03.870463158Z: [    7.453601] tsc: Refined TSC clocksource calibration: 2599.786 MHz
[STDOUT  ] 2017-11-15T17:46:03.871208204Z: [    7.454176] clocksource: tsc: mask: 0xffffffffffffffff max_cycles: 0x257971e5419, max_idle_ns: 440795308604 ns
[STDOUT  ] 2017-11-15T17:46:03.875773162Z: [    7.458951] Freeing unused kernel memory: 128K
[STDOUT  ] 2017-11-15T17:46:03.966142379Z: [    7.549180] Freeing unused kernel memory: 1396K
[STDOUT  ] 2017-11-15T17:46:04.887842061Z: [    8.471038] clocksource: Switched to clocksource tsc
[STDOUT  ] 2017-11-15T17:46:14.543355542Z: 
[STDOUT  ] 2017-11-15T17:46:14.543948342Z: Welcome to LinuxKit
[STDOUT  ] 2017-11-15T17:46:14.544116461Z: 
[STDOUT  ] 2017-11-15T17:46:14.54442064Z:                         ##         .
[STDOUT  ] 2017-11-15T17:46:14.54471596Z:                   ## ## ##        ==
[STDOUT  ] 2017-11-15T17:46:14.545020373Z:                ## ## ## ## ##    ===
[STDOUT  ] 2017-11-15T17:46:14.54531476Z:            /"""""""""""""""""\___/ ===
[STDOUT  ] 2017-11-15T17:46:14.545610564Z:           {                       /  ===-
[STDOUT  ] 2017-11-15T17:46:14.545903633Z:            \______ O           __/
[STDOUT  ] 2017-11-15T17:46:14.546219918Z:              \    \         __/
[STDOUT  ] 2017-11-15T17:46:14.547202496Z:               \____\_______/
[STDOUT  ] 2017-11-15T17:46:14.547306391Z: 
[STDOUT  ] 2017-11-15T17:46:16.297228443Z: [   19.880345] raid6: sse2x1   gen()   350 MB/s
[STDOUT  ] 2017-11-15T17:46:16.467124833Z: [   20.050404] raid6: sse2x1   xor()   162 MB/s
[STDOUT  ] 2017-11-15T17:46:16.637162799Z: [   20.220340] raid6: sse2x2   gen()   258 MB/s
[STDOUT  ] 2017-11-15T17:46:16.807276965Z: [   20.390459] raid6: sse2x2   xor()   171 MB/s
[STDOUT  ] 2017-11-15T17:46:16.977204518Z: [   20.560384] raid6: sse2x4   gen()   319 MB/s
[STDOUT  ] 2017-11-15T17:46:17.147201409Z: [   20.730432] raid6: sse2x4   xor()   184 MB/s
[STDOUT  ] 2017-11-15T17:46:17.14767562Z: [   20.730836] raid6: using algorithm sse2x1 gen() 350 MB/s
[STDOUT  ] 2017-11-15T17:46:17.148088226Z: [   20.731312] raid6: .... xor() 162 MB/s, rmw enabled
[STDOUT  ] 2017-11-15T17:46:17.148567641Z: [   20.731778] raid6: using intx1 recovery algorithm
[STDOUT  ] 2017-11-15T17:46:17.169199188Z: [   20.752460] xor: measuring software checksum speed
[STDOUT  ] 2017-11-15T17:46:17.267133927Z: [   20.850301]    prefetch64-sse:   636.000 MB/sec
[STDOUT  ] 2017-11-15T17:46:17.366999326Z: [   20.950212]    generic_sse:   631.600 MB/sec
[STDOUT  ] 2017-11-15T17:46:17.367561512Z: [   20.950648] xor: using function: prefetch64-sse (636.000 MB/sec)
[STDOUT  ] 2017-11-15T17:46:17.519623809Z: [   21.102794] Btrfs loaded, crc32c=crc32c-generic
[STDOUT  ] 2017-11-15T17:46:18.025106125Z: [   21.608239] IPVS: Creating netns size=2104 id=1
[STDOUT  ] 2017-11-15T17:46:18.025648488Z: [   21.608794] IPVS: ftp: loaded support on port[0] = 21
[STDOUT  ] 2017-11-15T17:46:19.082446187Z: 2017/11/15 17:46:17 Creating partition on /dev/sda
[STDOUT  ] 2017-11-15T17:46:19.18293344Z: [   22.766196]  sda:
[STDOUT  ] 2017-11-15T17:46:19.254990372Z: [   22.838336]  sda:
[STDOUT  ] 2017-11-15T17:46:19.285254994Z: [   22.868531]  sda: sda1
[STDOUT  ] 2017-11-15T17:46:19.357572359Z: [   22.940888]  sda: sda1
[STDOUT  ] 2017-11-15T17:46:21.098638957Z: [   24.681571] BTRFS: device fsid 841f9646-574d-4259-8816-b2c0929265b9 devid 1 transid 5 /dev/sda1
[STDOUT  ] 2017-11-15T17:46:21.107948191Z: 2017/11/15 17:46:19 Partition /dev/sda1 successfully created!
[STDOUT  ] 2017-11-15T17:46:21.878493169Z: [   25.461622] IPVS: Creating netns size=2104 id=2
[STDOUT  ] 2017-11-15T17:46:21.878668204Z: [   25.461950] IPVS: ftp: loaded support on port[0] = 21
[STDOUT  ] 2017-11-15T17:46:23.024100857Z: [   26.607239] FAT-fs (sda1): utf8 is not a recommended IO charset for FAT filesystems, filesystem will be case sensitive!
[STDOUT  ] 2017-11-15T17:46:23.029454331Z: [   26.612721] FAT-fs (sda1): utf8 is not a recommended IO charset for FAT filesystems, filesystem will be case sensitive!
[STDOUT  ] 2017-11-15T17:46:23.033175819Z: [   26.616408] mount: sending ioctl 5310 to a partition!
[STDOUT  ] 2017-11-15T17:46:23.069866722Z: [   26.653004] mount: sending ioctl 5310 to a partition!
[STDOUT  ] 2017-11-15T17:46:23.071581369Z: [   26.654840] UDF-fs: warning (device sda1): udf_fill_super: No partition found (2)
[STDOUT  ] 2017-11-15T17:46:23.099997904Z: [   26.683049] BTRFS info (device sda1): disk space caching is enabled
[STDOUT  ] 2017-11-15T17:46:23.100102663Z: [   26.683426] BTRFS info (device sda1): has skinny extents
[STDOUT  ] 2017-11-15T17:46:23.100444323Z: [   26.683680] BTRFS info (device sda1): flagging fs with big metadata feature
[STDOUT  ] 2017-11-15T17:46:23.150736912Z: [   26.733953] BTRFS info (device sda1): creating UUID tree
[STDERR  ] 2017-11-15T17:46:36.953230801Z: main-loop: WARNING: I/O thread spun for 1000 iterations
[STDOUT  ] 2017-11-15T17:46:36.963691248Z: [   40.546742] sd 0:0:0:0: [sda] Synchronizing SCSI cache
[STDOUT  ] 2017-11-15T17:46:36.967555092Z: [   40.550614] sd 0:0:0:0: [sda] Stopping disk
[STDOUT  ] 2017-11-15T17:46:36.971233321Z: [   40.554427] ACPI: Preparing to enter system sleep state S5
[STDOUT  ] 2017-11-15T17:46:36.972473219Z: [   40.555791] reboot: Power down
[STDERR  ] 2017-11-15T17:46:37.314492681Z: + [ -f disk.img ]
[STDERR  ] 2017-11-15T17:46:37.314556297Z: + dd if=/dev/zero bs=1048576 count=256
[STDERR  ] 2017-11-15T17:46:37.50600522Z: 256+0 records in
[STDERR  ] 2017-11-15T17:46:37.506067559Z: 256+0 records out
[STDERR  ] 2017-11-15T17:46:37.506087781Z: 268435456 bytes (268 MB) copied, 0.190642 s, 1.4 GB/s
[STDERR  ] 2017-11-15T17:46:37.506338159Z: + moby build -format kernel+initrd -name extend-btrfs test.yml
[STDERR  ] 2017-11-15T17:46:37.537717336Z: Extract kernel image: linuxkit/kernel:4.9.61
[STDERR  ] 2017-11-15T17:46:39.272128404Z: Add init containers:
[STDERR  ] 2017-11-15T17:46:39.272197221Z: Process init image: linuxkit/init:42a92119e1ca10380e0d33e26c0cbcf85b9b3558
[STDERR  ] 2017-11-15T17:46:40.567383054Z: Process init image: linuxkit/runc:1b0741d07949c0acc444cd6a04ee7f833443579d
[STDERR  ] 2017-11-15T17:46:41.748642295Z: Add onboot containers:
[STDERR  ] 2017-11-15T17:46:41.74869174Z:   Create OCI config for linuxkit/modprobe:2d153653d1111877a8f53704ef85063a44182ade
[STDERR  ] 2017-11-15T17:46:42.775504751Z: time="2017-11-15T17:46:42Z" level=warning msg="certificate with CN Moby CI is near expiry" 
[STDERR  ] 2017-11-15T17:46:42.775742362Z: time="2017-11-15T17:46:42Z" level=warning msg="certificate with CN Rolf Neugebauer is near expiry" 
[STDERR  ] 2017-11-15T17:46:42.77711441Z: time="2017-11-15T17:46:42Z" level=warning msg="certificate with CN Rolf Neugebauer is near expiry" 
[STDERR  ] 2017-11-15T17:46:42.932320781Z:   Create OCI config for linuxkit/extend:8b6db5bf68330cc4e91c74532732a7e227ae12fd
[STDERR  ] 2017-11-15T17:46:43.968471982Z: time="2017-11-15T17:46:43Z" level=warning msg="certificate with CN Moby CI is near expiry" 
[STDERR  ] 2017-11-15T17:46:43.968697578Z: time="2017-11-15T17:46:43Z" level=warning msg="certificate with CN Rolf Neugebauer is near expiry" 
[STDERR  ] 2017-11-15T17:46:43.970677411Z: time="2017-11-15T17:46:43Z" level=warning msg="certificate with CN Rolf Neugebauer is near expiry" 
[STDERR  ] 2017-11-15T17:46:44.294215957Z:   Create OCI config for linuxkit/mount:41685ecc8039643948e5dff46e17584753469a7a
[STDERR  ] 2017-11-15T17:46:45.319985739Z: time="2017-11-15T17:46:45Z" level=warning msg="certificate with CN Rolf Neugebauer is near expiry" 
[STDERR  ] 2017-11-15T17:46:45.322066076Z: time="2017-11-15T17:46:45Z" level=warning msg="certificate with CN Rolf Neugebauer is near expiry" 
[STDERR  ] 2017-11-15T17:46:45.475696703Z:   Create OCI config for alpine:3.6
[STDERR  ] 2017-11-15T17:46:46.648739596Z:   Create OCI config for linuxkit/poweroff:280bd01daa8776fbe1f4d912977f1886b8374834
[STDERR  ] 2017-11-15T17:46:47.672202598Z: time="2017-11-15T17:46:47Z" level=warning msg="certificate with CN Rolf Neugebauer is near expiry" 
[STDERR  ] 2017-11-15T17:46:47.673640395Z: time="2017-11-15T17:46:47Z" level=warning msg="certificate with CN Rolf Neugebauer is near expiry" 
[STDERR  ] 2017-11-15T17:46:47.817862181Z: Add files:
[STDERR  ] 2017-11-15T17:46:47.817908777Z:   check.sh
[STDERR  ] 2017-11-15T17:46:47.827021031Z: Create outputs:
[STDERR  ] 2017-11-15T17:46:53.282175394Z:   extend-btrfs-kernel extend-btrfs-initrd.img extend-btrfs-cmdline
[STDERR  ] 2017-11-15T17:46:53.394232434Z: + linuxkit run -disk file=disk.img extend-btrfs
[STDERR  ] 2017-11-15T17:46:53.415425373Z: Unable to find qemu-system-x86_64 within the $PATH. Using a container
[STDERR  ] 2017-11-15T17:46:53.415495649Z: Using existing disk [disk.img] format 
[STDERR  ] 2017-11-15T17:46:54.026432043Z: WARNING: Image format was not specified for 'disk.img' and probing guessed raw.
[STDERR  ] 2017-11-15T17:46:54.026483229Z:          Automatically detecting the format is dangerous for raw images, write operations on block 0 will be restricted.
[STDERR  ] 2017-11-15T17:46:54.026494913Z:          Specify the 'raw' format explicitly to remove the restrictions.
[STDERR  ] 2017-11-15T17:47:37.794621458Z: main-loop: WARNING: I/O thread spun for 1000 iterations
[STDERR  ] 2017-11-15T17:47:38.106307706Z: + RESULT=[    0.000000] Linux version 4.9.61-linuxkit (root@f63baf0520f0) (gcc version 6.3.0 (Alpine 6.3.0) ) #1 SMP Fri Nov 10 13:47:55 UTC 2017
[STDERR  ] 2017-11-15T17:47:38.106359765Z: [    0.000000] Command line: console=ttyS0
[STDERR  ] 2017-11-15T17:47:38.106371826Z: [    0.000000] x86/fpu: Legacy x87 FPU detected.
[STDERR  ] 2017-11-15T17:47:38.106382468Z: [    0.000000] x86/fpu: Using 'eager' FPU context switches.
[STDERR  ] 2017-11-15T17:47:38.106403626Z: [    0.000000] e820: BIOS-provided physical RAM map:
[STDERR  ] 2017-11-15T17:47:38.106413446Z: [    0.000000] BIOS-e820: [mem 0x0000000000000000-0x000000000009fbff] usable
[STDERR  ] 2017-11-15T17:47:38.106428548Z: [    0.000000] BIOS-e820: [mem 0x000000000009fc00-0x000000000009ffff] reserved
[STDERR  ] 2017-11-15T17:47:38.106437381Z: [    0.000000] BIOS-e820: [mem 0x00000000000f0000-0x00000000000fffff] reserved
[STDERR  ] 2017-11-15T17:47:38.106446149Z: [    0.000000] BIOS-e820: [mem 0x0000000000100000-0x000000003ffdefff] usable
[STDERR  ] 2017-11-15T17:47:38.106454757Z: [    0.000000] BIOS-e820: [mem 0x000000003ffdf000-0x000000003fffffff] reserved
[STDERR  ] 2017-11-15T17:47:38.106463214Z: [    0.000000] BIOS-e820: [mem 0x00000000b0000000-0x00000000bfffffff] reserved
[STDERR  ] 2017-11-15T17:47:38.106471572Z: [    0.000000] BIOS-e820: [mem 0x00000000fed1c000-0x00000000fed1ffff] reserved
[STDERR  ] 2017-11-15T17:47:38.106480223Z: [    0.000000] BIOS-e820: [mem 0x00000000fffc0000-0x00000000ffffffff] reserved
[STDERR  ] 2017-11-15T17:47:38.106488589Z: [    0.000000] NX (Execute Disable) protection: active
[STDERR  ] 2017-11-15T17:47:38.106497519Z: [    0.000000] SMBIOS 2.8 present.
[STDERR  ] 2017-11-15T17:47:38.106506282Z: [    0.000000] e820: last_pfn = 0x3ffdf max_arch_pfn = 0x400000000
[STDERR  ] 2017-11-15T17:47:38.106514275Z: [    0.000000] x86/PAT: Configuration [0-7]: WB  WC  UC- UC  WB  WC  UC- WT  
[STDERR  ] 2017-11-15T17:47:38.106521955Z: [    0.000000] found SMP MP-table at [mem 0x000f6aa0-0x000f6aaf] mapped at [ffff93b6c00f6aa0]
[STDERR  ] 2017-11-15T17:47:38.106537554Z: [    0.000000] RAMDISK: [mem 0x3de54000-0x3ffcffff]
[STDERR  ] 2017-11-15T17:47:38.106545343Z: [    0.000000] ACPI: Early table checksum verification disabled
[STDERR  ] 2017-11-15T17:47:38.106552782Z: [    0.000000] ACPI: RSDP 0x00000000000F68C0 000014 (v00 BOCHS )
[STDERR  ] 2017-11-15T17:47:38.106560265Z: [    0.000000] ACPI: RSDT 0x000000003FFE2404 000034 (v01 BOCHS  BXPCRSDT 00000001 BXPC 00000001)
[STDERR  ] 2017-11-15T17:47:38.106568025Z: [    0.000000] ACPI: FACP 0x000000003FFE22A4 000074 (v01 BOCHS  BXPCFACP 00000001 BXPC 00000001)
[STDERR  ] 2017-11-15T17:47:38.106575567Z: [    0.000000] ACPI: DSDT 0x000000003FFE0040 002264 (v01 BOCHS  BXPCDSDT 00000001 BXPC 00000001)
[STDERR  ] 2017-11-15T17:47:38.106583573Z: [    0.000000] ACPI: FACS 0x000000003FFE0000 000040
[STDERR  ] 2017-11-15T17:47:38.106594081Z: [    0.000000] ACPI: APIC 0x000000003FFE2318 000078 (v01 BOCHS  BXPCAPIC 00000001 BXPC 00000001)
[STDERR  ] 2017-11-15T17:47:38.106601709Z: [    0.000000] ACPI: HPET 0x000000003FFE2390 000038 (v01 BOCHS  BXPCHPET 00000001 BXPC 00000001)
[STDERR  ] 2017-11-15T17:47:38.106609395Z: [    0.000000] ACPI: MCFG 0x000000003FFE23C8 00003C (v01 BOCHS  BXPCMCFG 00000001 BXPC 00000001)
[STDERR  ] 2017-11-15T17:47:38.10661708Z: [    0.000000] Zone ranges:
[STDERR  ] 2017-11-15T17:47:38.106625194Z: [    0.000000]   DMA      [mem 0x0000000000001000-0x0000000000ffffff]
[STDERR  ] 2017-11-15T17:47:38.106633624Z: [    0.000000]   DMA32    [mem 0x0000000001000000-0x000000003ffdefff]
[STDERR  ] 2017-11-15T17:47:38.106641647Z: [    0.000000]   Normal   empty
[STDERR  ] 2017-11-15T17:47:38.106649948Z: [    0.000000] Movable zone start for each node
[STDERR  ] 2017-11-15T17:47:38.106658016Z: [    0.000000] Early memory node ranges
[STDERR  ] 2017-11-15T17:47:38.106666153Z: [    0.000000]   node   0: [mem 0x0000000000001000-0x000000000009efff]
[STDERR  ] 2017-11-15T17:47:38.106675243Z: [    0.000000]   node   0: [mem 0x0000000000100000-0x000000003ffdefff]
[STDERR  ] 2017-11-15T17:47:38.106684138Z: [    0.000000] Initmem setup node 0 [mem 0x0000000000001000-0x000000003ffdefff]
[STDERR  ] 2017-11-15T17:47:38.106692593Z: [    0.000000] ACPI: PM-Timer IO Port: 0x608
[STDERR  ] 2017-11-15T17:47:38.106701361Z: [    0.000000] ACPI: LAPIC_NMI (acpi_id[0xff] dfl dfl lint[0x1])
[STDERR  ] 2017-11-15T17:47:38.106709862Z: [    0.000000] IOAPIC[0]: apic_id 0, version 32, address 0xfec00000, GSI 0-23
[STDERR  ] 2017-11-15T17:47:38.106745569Z: [    0.000000] ACPI: INT_SRC_OVR (bus 0 bus_irq 0 global_irq 2 dfl dfl)
[STDERR  ] 2017-11-15T17:47:38.106754125Z: [    0.000000] ACPI: INT_SRC_OVR (bus 0 bus_irq 5 global_irq 5 high level)
[STDERR  ] 2017-11-15T17:47:38.106766279Z: [    0.000000] ACPI: INT_SRC_OVR (bus 0 bus_irq 9 global_irq 9 high level)
[STDERR  ] 2017-11-15T17:47:38.106774842Z: [    0.000000] ACPI: INT_SRC_OVR (bus 0 bus_irq 10 global_irq 10 high level)
[STDERR  ] 2017-11-15T17:47:38.106783722Z: [    0.000000] ACPI: INT_SRC_OVR (bus 0 bus_irq 11 global_irq 11 high level)
[STDERR  ] 2017-11-15T17:47:38.106792256Z: [    0.000000] Using ACPI (MADT) for SMP configuration information
[STDERR  ] 2017-11-15T17:47:38.106800761Z: [    0.000000] ACPI: HPET id: 0x8086a201 base: 0xfed00000
[STDERR  ] 2017-11-15T17:47:38.106812445Z: [    0.000000] smpboot: Allowing 1 CPUs, 0 hotplug CPUs
[STDERR  ] 2017-11-15T17:47:38.106821317Z: [    0.000000] e820: [mem 0x40000000-0xafffffff] available for PCI devices
[STDERR  ] 2017-11-15T17:47:38.106829682Z: [    0.000000] Booting paravirtualized kernel on bare hardware
[STDERR  ] 2017-11-15T17:47:38.106840928Z: [    0.000000] clocksource: refined-jiffies: mask: 0xffffffff max_cycles: 0xffffffff, max_idle_ns: 19112604462750000 ns
[STDERR  ] 2017-11-15T17:47:38.10685051Z: [    0.000000] setup_percpu: NR_CPUS:128 nr_cpumask_bits:128 nr_cpu_ids:1 nr_node_ids:1
[STDERR  ] 2017-11-15T17:47:38.106859019Z: [    0.000000] percpu: Embedded 35 pages/cpu @ffff93b6fdc00000 s105112 r8192 d30056 u2097152
[STDERR  ] 2017-11-15T17:47:38.106867466Z: [    0.000000] Built 1 zonelists in Zone order, mobility grouping on.  Total pages: 257896
[STDERR  ] 2017-11-15T17:47:38.106877913Z: [    0.000000] Kernel command line: console=ttyS0
[STDERR  ] 2017-11-15T17:47:38.106887036Z: [    0.000000] PID hash table entries: 4096 (order: 3, 32768 bytes)
[STDERR  ] 2017-11-15T17:47:38.106898145Z: [    0.000000] Dentry cache hash table entries: 131072 (order: 8, 1048576 bytes)
[STDERR  ] 2017-11-15T17:47:38.106906532Z: [    0.000000] Inode-cache hash table entries: 65536 (order: 7, 524288 bytes)
[STDERR  ] 2017-11-15T17:47:38.106915003Z: [    0.000000] Memory: 979884K/1048052K available (8048K kernel code, 1367K rwdata, 2700K rodata, 1380K init, 568K bss, 68168K reserved, 0K cma-reserved)
[STDERR  ] 2017-11-15T17:47:38.106923834Z: [    0.000000] Hierarchical RCU implementation.
[STDERR  ] 2017-11-15T17:47:38.106932235Z: [    0.000000] 	Build-time adjustment of leaf fanout to 64.
[STDERR  ] 2017-11-15T17:47:38.106940538Z: [    0.000000] 	RCU restricting CPUs from NR_CPUS=128 to nr_cpu_ids=1.
[STDERR  ] 2017-11-15T17:47:38.106948758Z: [    0.000000] RCU: Adjusting geometry for rcu_fanout_leaf=64, nr_cpu_ids=1
[STDERR  ] 2017-11-15T17:47:38.106957087Z: [    0.000000] NR_IRQS:8448 nr_irqs:256 16
[STDERR  ] 2017-11-15T17:47:38.106965257Z: [    0.000000] Console: colour VGA+ 80x25
[STDERR  ] 2017-11-15T17:47:38.10697343Z: [    0.000000] console [ttyS0] enabled
[STDERR  ] 2017-11-15T17:47:38.106981707Z: [    0.000000] clocksource: hpet: mask: 0xffffffff max_cycles: 0xffffffff, max_idle_ns: 19112604467 ns
[STDERR  ] 2017-11-15T17:47:38.106990196Z: [    0.000000] tsc: Fast TSC calibration using PIT
[STDERR  ] 2017-11-15T17:47:38.106998489Z: [    0.000000] tsc: Detected 2599.792 MHz processor
[STDERR  ] 2017-11-15T17:47:38.107006806Z: [    0.021421] Calibrating delay loop (skipped), value calculated using timer frequency.. 5199.58 BogoMIPS (lpj=25997920)
[STDERR  ] 2017-11-15T17:47:38.107016212Z: [    0.022236] pid_max: default: 32768 minimum: 301
[STDERR  ] 2017-11-15T17:47:38.107024436Z: [    0.023061] ACPI: Core revision 20160831
[STDERR  ] 2017-11-15T17:47:38.107032829Z: [    0.068948] ACPI: 1 ACPI AML tables successfully acquired and loaded
[STDERR  ] 2017-11-15T17:47:38.107041846Z: [    0.073716] Security Framework initialized
[STDERR  ] 2017-11-15T17:47:38.107050248Z: [    0.074139] Yama: becoming mindful.
[STDERR  ] 2017-11-15T17:47:38.107058619Z: [    0.076257] Mount-cache hash table entries: 2048 (order: 2, 16384 bytes)
[STDERR  ] 2017-11-15T17:47:38.107070866Z: [    0.076822] Mountpoint-cache hash table entries: 2048 (order: 2, 16384 bytes)
[STDERR  ] 2017-11-15T17:47:38.107079417Z: [    0.096487] Last level iTLB entries: 4KB 0, 2MB 0, 4MB 0
[STDERR  ] 2017-11-15T17:47:38.107091558Z: [    0.097041] Last level dTLB entries: 4KB 0, 2MB 0, 4MB 0, 1GB 0
[STDERR  ] 2017-11-15T17:47:38.107100093Z: [    0.391664] Freeing SMP alternatives memory: 20K
[STDERR  ] 2017-11-15T17:47:38.107108472Z: [    0.401995] ftrace: allocating 35542 entries in 139 pages
[STDERR  ] 2017-11-15T17:47:38.107116968Z: [    0.570890] smpboot: Max logical packages: 1
[STDERR  ] 2017-11-15T17:47:38.107126668Z: [    0.578110] ..TIMER: vector=0x30 apic1=0 pin1=2 apic2=-1 pin2=-1
[STDERR  ] 2017-11-15T17:47:38.107134747Z: [    0.680000] smpboot: CPU0: AMD QEMU Virtual CPU version 2.5+ (family: 0x6, model: 0x6, stepping: 0x3)
[STDERR  ] 2017-11-15T17:47:38.107142935Z: [    0.680000] Performance Events: PMU not available due to virtualization, using software events only.
[STDERR  ] 2017-11-15T17:47:38.107153395Z: [    0.689158] NMI watchdog: disabled (cpu0): hardware events not enabled
[STDERR  ] 2017-11-15T17:47:38.107161438Z: [    0.689664] NMI watchdog: Shutting down hard lockup detector on all cpus
[STDERR  ] 2017-11-15T17:47:38.107169053Z: [    0.693194] x86: Booted up 1 node, 1 CPUs
[STDERR  ] 2017-11-15T17:47:38.107176997Z: [    0.693624] smpboot: Total of 1 processors activated (5199.58 BogoMIPS)
[STDERR  ] 2017-11-15T17:47:38.1071848Z: [    0.708037] devtmpfs: initialized
[STDERR  ] 2017-11-15T17:47:38.107193862Z: [    0.714601] x86/mm: Memory block size: 128MB
[STDERR  ] 2017-11-15T17:47:38.10720402Z: [    0.777941] clocksource: jiffies: mask: 0xffffffff max_cycles: 0xffffffff, max_idle_ns: 19112604462750000 ns
[STDERR  ] 2017-11-15T17:47:38.107212161Z: [    0.778855] futex hash table entries: 256 (order: 2, 16384 bytes)
[STDERR  ] 2017-11-15T17:47:38.1072203Z: [    0.787936] NET: Registered protocol family 16
[STDERR  ] 2017-11-15T17:47:38.107229269Z: [    0.797646] cpuidle: using governor ladder
[STDERR  ] 2017-11-15T17:47:38.107240229Z: [    0.798130] cpuidle: using governor menu
[STDERR  ] 2017-11-15T17:47:38.107248687Z: [    0.799592] ACPI: bus type PCI registered
[STDERR  ] 2017-11-15T17:47:38.107256881Z: [    0.802671] PCI: MMCONFIG for domain 0000 [bus 00-ff] at [mem 0xb0000000-0xbfffffff] (base 0xb0000000)
[STDERR  ] 2017-11-15T17:47:38.107265002Z: [    0.803528] PCI: MMCONFIG at [mem 0xb0000000-0xbfffffff] reserved in E820
[STDERR  ] 2017-11-15T17:47:38.107272743Z: [    0.804917] PCI: Using configuration type 1 for base access
[STDERR  ] 2017-11-15T17:47:38.107281836Z: [    0.857087] HugeTLB registered 2 MB page size, pre-allocated 0 pages
[STDERR  ] 2017-11-15T17:47:38.107290648Z: [    0.868666] ACPI: Added _OSI(Module Device)
[STDERR  ] 2017-11-15T17:47:38.107299357Z: [    0.869013] ACPI: Added _OSI(Processor Device)
[STDERR  ] 2017-11-15T17:47:38.107307975Z: [    0.869217] ACPI: Added _OSI(3.0 _SCP Extensions)
[STDERR  ] 2017-11-15T17:47:38.107315787Z: [    0.869512] ACPI: Added _OSI(Processor Aggregator Device)
[STDERR  ] 2017-11-15T17:47:38.107325528Z: [    0.942790] ACPI: Interpreter enabled
[STDERR  ] 2017-11-15T17:47:38.107333412Z: [    0.943918] ACPI: (supports S0 S5)
[STDERR  ] 2017-11-15T17:47:38.107345389Z: [    0.944232] ACPI: Using IOAPIC for interrupt routing
[STDERR  ] 2017-11-15T17:47:38.107355283Z: [    0.946767] PCI: Using host bridge windows from ACPI; if necessary, use "pci=nocrs" and report a bug
[STDERR  ] 2017-11-15T17:47:38.107363295Z: [    1.008829] ACPI: PCI Root Bridge [PCI0] (domain 0000 [bus 00-ff])
[STDERR  ] 2017-11-15T17:47:38.107371306Z: [    1.010185] acpi PNP0A08:00: _OSC: OS supports [ExtendedConfig ASPM ClockPM Segments MSI]
[STDERR  ] 2017-11-15T17:47:38.107380692Z: [    1.016589] acpi PNP0A08:00: _OSC: OS now controls [PCIeHotplug PME PCIeCapability]
[STDERR  ] 2017-11-15T17:47:38.107390293Z: [    1.021798] PCI host bridge to bus 0000:00
[STDERR  ] 2017-11-15T17:47:38.107404062Z: [    1.022273] pci_bus 0000:00: root bus resource [io  0x0000-0x0cf7 window]
[STDERR  ] 2017-11-15T17:47:38.107417674Z: [    1.022705] pci_bus 0000:00: root bus resource [io  0x0d00-0xffff window]
[STDERR  ] 2017-11-15T17:47:38.107427184Z: [    1.023071] pci_bus 0000:00: root bus resource [mem 0x000a0000-0x000bffff window]
[STDERR  ] 2017-11-15T17:47:38.107440741Z: [    1.023429] pci_bus 0000:00: root bus resource [mem 0xc0000000-0xfebfffff window]
[STDERR  ] 2017-11-15T17:47:38.107449406Z: [    1.024036] pci_bus 0000:00: root bus resource [bus 00-ff]
[STDERR  ] 2017-11-15T17:47:38.107458222Z: [    1.162542] pci 0000:00:1f.0: quirk: [io  0x0600-0x067f] claimed by ICH6 ACPI/GPIO/TCO
[STDERR  ] 2017-11-15T17:47:38.1074664Z: [    1.241782] ACPI: PCI Interrupt Link [LNKA] (IRQs 5 *10 11)
[STDERR  ] 2017-11-15T17:47:38.107474421Z: [    1.244314] ACPI: PCI Interrupt Link [LNKB] (IRQs 5 *10 11)
[STDERR  ] 2017-11-15T17:47:38.107482741Z: [    1.246436] ACPI: PCI Interrupt Link [LNKC] (IRQs 5 10 *11)
[STDERR  ] 2017-11-15T17:47:38.107490947Z: [    1.248172] ACPI: PCI Interrupt Link [LNKD] (IRQs 5 10 *11)
[STDERR  ] 2017-11-15T17:47:38.107498756Z: [    1.250754] ACPI: PCI Interrupt Link [LNKE] (IRQs 5 *10 11)
[STDERR  ] 2017-11-15T17:47:38.107506733Z: [    1.252414] ACPI: PCI Interrupt Link [LNKF] (IRQs 5 *10 11)
[STDERR  ] 2017-11-15T17:47:38.107514544Z: [    1.254094] ACPI: PCI Interrupt Link [LNKG] (IRQs 5 10 *11)
[STDERR  ] 2017-11-15T17:47:38.107525302Z: [    1.255742] ACPI: PCI Interrupt Link [LNKH] (IRQs 5 10 *11)
[STDERR  ] 2017-11-15T17:47:38.107534289Z: [    1.256627] ACPI: PCI Interrupt Link [GSIA] (IRQs *16)
[STDERR  ] 2017-11-15T17:47:38.107542932Z: [    1.257323] ACPI: PCI Interrupt Link [GSIB] (IRQs *17)
[STDERR  ] 2017-11-15T17:47:38.107551034Z: [    1.257986] ACPI: PCI Interrupt Link [GSIC] (IRQs *18)
[STDERR  ] 2017-11-15T17:47:38.107558687Z: [    1.258617] ACPI: PCI Interrupt Link [GSID] (IRQs *19)
[STDERR  ] 2017-11-15T17:47:38.107566958Z: [    1.259267] ACPI: PCI Interrupt Link [GSIE] (IRQs *20)
[STDERR  ] 2017-11-15T17:47:38.107576167Z: [    1.260110] ACPI: PCI Interrupt Link [GSIF] (IRQs *21)
[STDERR  ] 2017-11-15T17:47:38.107584083Z: [    1.260702] ACPI: PCI Interrupt Link [GSIG] (IRQs *22)
[STDERR  ] 2017-11-15T17:47:38.107591526Z: [    1.261344] ACPI: PCI Interrupt Link [GSIH] (IRQs *23)
[STDERR  ] 2017-11-15T17:47:38.107599773Z: [    1.265006] ACPI: Enabled 2 GPEs in block 00 to 3F
[STDERR  ] 2017-11-15T17:47:38.107608604Z: [    1.269335] SCSI subsystem initialized
[STDERR  ] 2017-11-15T17:47:38.107617027Z: [    1.271485] ACPI: bus type USB registered
[STDERR  ] 2017-11-15T17:47:38.107625701Z: [    1.272714] usbcore: registered new interface driver usbfs
[STDERR  ] 2017-11-15T17:47:38.107633641Z: [    1.273608] usbcore: registered new interface driver hub
[STDERR  ] 2017-11-15T17:47:38.107641441Z: [    1.274459] usbcore: registered new device driver usb
[STDERR  ] 2017-11-15T17:47:38.107649867Z: [    1.275612] pps_core: LinuxPPS API ver. 1 registered
[STDERR  ] 2017-11-15T17:47:38.107658106Z: [    1.275919] pps_core: Software ver. 5.3.6 - Copyright 2005-2007 Rodolfo Giometti <giometti@linux.it>
[STDERR  ] 2017-11-15T17:47:38.107666342Z: [    1.276656] PTP clock support registered
[STDERR  ] 2017-11-15T17:47:38.107674608Z: [    1.277860] wmi: Mapper loaded
[STDERR  ] 2017-11-15T17:47:38.107686739Z: [    1.279065] PCI: Using ACPI for IRQ routing
[STDERR  ] 2017-11-15T17:47:38.107695023Z: [    1.297767] NetLabel: Initializing
[STDERR  ] 2017-11-15T17:47:38.107702879Z: [    1.298053] NetLabel:  domain hash size = 128
[STDERR  ] 2017-11-15T17:47:38.107710832Z: [    1.298372] NetLabel:  protocols = UNLABELED CIPSOv4
[STDERR  ] 2017-11-15T17:47:38.107725362Z: [    1.301168] NetLabel:  unlabeled traffic allowed by default
[STDERR  ] 2017-11-15T17:47:38.107733606Z: [    1.302346] HPET: 3 timers in total, 0 timers will be used for per-cpu timer
[STDERR  ] 2017-11-15T17:47:38.107742138Z: [    1.303094] hpet0: at MMIO 0xfed00000, IRQs 2, 8, 0
[STDERR  ] 2017-11-15T17:47:38.107750921Z: [    1.303556] hpet0: 3 comparators, 64-bit 100.000000 MHz counter
[STDERR  ] 2017-11-15T17:47:38.107777831Z: [    1.309339] clocksource: Switched to clocksource hpet
[STDERR  ] 2017-11-15T17:47:38.107786576Z: [    1.559567] VFS: Disk quotas dquot_6.6.0
[STDERR  ] 2017-11-15T17:47:38.107795595Z: [    1.560611] VFS: Dquot-cache hash table entries: 512 (order 0, 4096 bytes)
[STDERR  ] 2017-11-15T17:47:38.107808284Z: [    1.564312] FS-Cache: Loaded
[STDERR  ] 2017-11-15T17:47:38.107818304Z: [    1.569450] CacheFiles: Loaded
[STDERR  ] 2017-11-15T17:47:38.107827307Z: [    1.571521] pnp: PnP ACPI init
[STDERR  ] 2017-11-15T17:47:38.107836404Z: [    1.583959] pnp: PnP ACPI: found 5 devices
[STDERR  ] 2017-11-15T17:47:38.107844447Z: [    1.629983] clocksource: acpi_pm: mask: 0xffffff max_cycles: 0xffffff, max_idle_ns: 2085701024 ns
[STDERR  ] 2017-11-15T17:47:38.107856112Z: [    1.634312] NET: Registered protocol family 2
[STDERR  ] 2017-11-15T17:47:38.107864949Z: [    1.643332] TCP established hash table entries: 8192 (order: 4, 65536 bytes)
[STDERR  ] 2017-11-15T17:47:38.107875579Z: [    1.643927] TCP bind hash table entries: 8192 (order: 5, 131072 bytes)
[STDERR  ] 2017-11-15T17:47:38.10788414Z: [    1.644642] TCP: Hash tables configured (established 8192 bind 8192)
[STDERR  ] 2017-11-15T17:47:38.107893175Z: [    1.646594] UDP hash table entries: 512 (order: 2, 16384 bytes)
[STDERR  ] 2017-11-15T17:47:38.107902626Z: [    1.647135] UDP-Lite hash table entries: 512 (order: 2, 16384 bytes)
[STDERR  ] 2017-11-15T17:47:38.107911369Z: [    1.649547] NET: Registered protocol family 1
[STDERR  ] 2017-11-15T17:47:38.10791996Z: [    1.650822] pci 0000:00:01.0: Video device with shadowed ROM at [mem 0x000c0000-0x000dffff]
[STDERR  ] 2017-11-15T17:47:38.107927918Z: [    1.657974] Unpacking initramfs...
[STDERR  ] 2017-11-15T17:47:38.107938463Z: [    6.605578] Freeing initrd memory: 34288K
[STDERR  ] 2017-11-15T17:47:38.10794992Z: [    6.628341] PCLMULQDQ-NI instructions are not detected.
[STDERR  ] 2017-11-15T17:47:38.107957927Z: [    6.629748] AVX or AES-NI instructions are not detected.
[STDERR  ] 2017-11-15T17:47:38.107965748Z: [    6.630531] CPU feature 'AVX registers' is not supported.
[STDERR  ] 2017-11-15T17:47:38.10797403Z: [    6.630929] CPU feature 'AVX registers' is not supported.
[STDERR  ] 2017-11-15T17:47:38.107981925Z: [    6.631323] CPU feature 'AVX registers' is not supported.
[STDERR  ] 2017-11-15T17:47:38.10799024Z: [    6.631718] CPU feature 'AVX registers' is not supported.
[STDERR  ] 2017-11-15T17:47:38.107998478Z: [    6.632119] AVX2 or AES-NI instructions are not detected.
[STDERR  ] 2017-11-15T17:47:38.108009509Z: [    6.632452] AVX2 instructions are not detected.
[STDERR  ] 2017-11-15T17:47:38.108017957Z: [    6.637783] audit: initializing netlink subsys (disabled)
[STDERR  ] 2017-11-15T17:47:38.108025883Z: [    6.639392] audit: type=2000 audit(1510768021.630:1): initialized
[STDERR  ] 2017-11-15T17:47:38.108033558Z: [    6.646663] workingset: timestamp_bits=46 max_order=18 bucket_order=0
[STDERR  ] 2017-11-15T17:47:38.108042763Z: [    6.655303] squashfs: version 4.0 (2009/01/31) Phillip Lougher
[STDERR  ] 2017-11-15T17:47:38.108050975Z: [    6.657701] FS-Cache: Netfs 'cifs' registered for caching
[STDERR  ] 2017-11-15T17:47:38.108059486Z: [    6.658667] fuse init (API version 7.26)
[STDERR  ] 2017-11-15T17:47:38.108067844Z: [    6.661635] SGI XFS with ACLs, security attributes, no debug enabled
[STDERR  ] 2017-11-15T17:47:38.108076824Z: [    6.665664] 9p: Installing v9fs 9p2000 file system support
[STDERR  ] 2017-11-15T17:47:38.108085998Z: [    6.666157] FS-Cache: Netfs '9p' registered for caching
[STDERR  ] 2017-11-15T17:47:38.108094954Z: [    6.694921] NET: Registered protocol family 38
[STDERR  ] 2017-11-15T17:47:38.108103481Z: [    6.695518] Key type asymmetric registered
[STDERR  ] 2017-11-15T17:47:38.108111438Z: [    6.695872] Asymmetric key parser 'x509' registered
[STDERR  ] 2017-11-15T17:47:38.108119493Z: [    6.696895] Block layer SCSI generic (bsg) driver version 0.4 loaded (major 251)
[STDERR  ] 2017-11-15T17:47:38.108133031Z: [    6.698504] io scheduler noop registered
[STDERR  ] 2017-11-15T17:47:38.108141512Z: [    6.698857] io scheduler deadline registered (default)
[STDERR  ] 2017-11-15T17:47:38.108149378Z: [    6.699843] io scheduler cfq registered
[STDERR  ] 2017-11-15T17:47:38.108157176Z: [    6.703512] pci_hotplug: PCI Hot Plug PCI Core version: 0.5
[STDERR  ] 2017-11-15T17:47:38.108171234Z: [    6.704173] pciehp: PCI Express Hot Plug Controller Driver version: 0.4
[STDERR  ] 2017-11-15T17:47:38.108179897Z: [    6.705015] shpchp: Standard Hot Plug PCI Controller Driver version: 0.4
[STDERR  ] 2017-11-15T17:47:38.108188831Z: [    6.705814] hv_vmbus: registering driver hyperv_fb
[STDERR  ] 2017-11-15T17:47:38.108197042Z: [    6.708954] input: Power Button as /devices/LNXSYSTM:00/LNXPWRBN:00/input/input0
[STDERR  ] 2017-11-15T17:47:38.108205641Z: [    6.711369] ACPI: Power Button [PWRF]
[STDERR  ] 2017-11-15T17:47:38.108213628Z: [    6.716512] GHES: HEST is not enabled!
[STDERR  ] 2017-11-15T17:47:38.10822232Z: [    6.727956] ACPI: PCI Interrupt Link [GSIG] enabled at IRQ 22
[STDERR  ] 2017-11-15T17:47:38.108230833Z: [    6.741699] ACPI: PCI Interrupt Link [GSIH] enabled at IRQ 23
[STDERR  ] 2017-11-15T17:47:38.108239113Z: [    6.747491] xenfs: not registering filesystem on non-xen platform
[STDERR  ] 2017-11-15T17:47:38.108247097Z: [    6.749728] Serial: 8250/16550 driver, 4 ports, IRQ sharing disabled
[STDERR  ] 2017-11-15T17:47:38.108255347Z: [    6.774620] 00:04: ttyS0 at I/O 0x3f8 (irq = 4, base_baud = 115200) is a 16550A
[STDERR  ] 2017-11-15T17:47:38.108263282Z: [    6.786509] Non-volatile memory driver v1.3
[STDERR  ] 2017-11-15T17:47:38.10827103Z: [    6.794368] Hangcheck: starting hangcheck timer 0.9.1 (tick is 180 seconds, margin is 60 seconds).
[STDERR  ] 2017-11-15T17:47:38.108278844Z: [    6.799558] random: fast init done
[STDERR  ] 2017-11-15T17:47:38.108286727Z: [    6.801010] random: crng init done
[STDERR  ] 2017-11-15T17:47:38.108294752Z: [    6.835182] loop: module loaded
[STDERR  ] 2017-11-15T17:47:38.108303885Z: [    6.849757] nbd: registered device at major 43
[STDERR  ] 2017-11-15T17:47:38.108311442Z: [    6.891787] lpc_ich 0000:00:1f.0: I/O space for GPIO uninitialized
[STDERR  ] 2017-11-15T17:47:38.108319769Z: [    6.893932] VMware PVSCSI driver - version 1.0.7.0-k
[STDERR  ] 2017-11-15T17:47:38.108327779Z: [    6.894800] hv_vmbus: registering driver hv_storvsc
[STDERR  ] 2017-11-15T17:47:38.108335904Z: [    6.906045] ACPI: PCI Interrupt Link [GSIA] enabled at IRQ 16
[STDERR  ] 2017-11-15T17:47:38.108344077Z: [    6.914909] ahci 0000:00:1f.2: AHCI 0001.0000 32 slots 6 ports 1.5 Gbps 0x3f impl SATA mode
[STDERR  ] 2017-11-15T17:47:38.108352394Z: [    6.915574] ahci 0000:00:1f.2: flags: 64bit ncq only 
[STDERR  ] 2017-11-15T17:47:38.108360093Z: [    6.935382] scsi host0: ahci
[STDERR  ] 2017-11-15T17:47:38.108369198Z: [    6.940642] scsi host1: ahci
[STDERR  ] 2017-11-15T17:47:38.108377778Z: [    6.943844] scsi host2: ahci
[STDERR  ] 2017-11-15T17:47:38.108385573Z: [    6.946605] scsi host3: ahci
[STDERR  ] 2017-11-15T17:47:38.108394212Z: [    6.949079] scsi host4: ahci
[STDERR  ] 2017-11-15T17:47:38.108402723Z: [    6.951790] scsi host5: ahci
[STDERR  ] 2017-11-15T17:47:38.108411258Z: [    6.953716] ata1: SATA max UDMA/133 abar m4096@0xfebd2000 port 0xfebd2100 irq 24
[STDERR  ] 2017-11-15T17:47:38.108419743Z: [    6.954311] ata2: SATA max UDMA/133 abar m4096@0xfebd2000 port 0xfebd2180 irq 24
[STDERR  ] 2017-11-15T17:47:38.108428796Z: [    6.954709] ata3: SATA max UDMA/133 abar m4096@0xfebd2000 port 0xfebd2200 irq 24
[STDERR  ] 2017-11-15T17:47:38.108437863Z: [    6.955123] ata4: SATA max UDMA/133 abar m4096@0xfebd2000 port 0xfebd2280 irq 24
[STDERR  ] 2017-11-15T17:47:38.10844679Z: [    6.955567] ata5: SATA max UDMA/133 abar m4096@0xfebd2000 port 0xfebd2300 irq 24
[STDERR  ] 2017-11-15T17:47:38.108455687Z: [    6.955986] ata6: SATA max UDMA/133 abar m4096@0xfebd2000 port 0xfebd2380 irq 24
[STDERR  ] 2017-11-15T17:47:38.10846378Z: [    6.969563] tun: Universal TUN/TAP device driver, 1.6
[STDERR  ] 2017-11-15T17:47:38.108477089Z: [    6.970030] tun: (C) 1999-2004 Max Krasnyansky <maxk@qualcomm.com>
[STDERR  ] 2017-11-15T17:47:38.108485591Z: [    6.981787] VMware vmxnet3 virtual NIC driver - version 1.4.a.0-k-NAPI
[STDERR  ] 2017-11-15T17:47:38.108493817Z: [    6.982830] hv_vmbus: registering driver hv_netvsc
[STDERR  ] 2017-11-15T17:47:38.108505404Z: [    6.983213] Fusion MPT base driver 3.04.20
[STDERR  ] 2017-11-15T17:47:38.108513421Z: [    6.983466] Copyright (c) 1999-2008 LSI Corporation
[STDERR  ] 2017-11-15T17:47:38.108520555Z: [    6.984076] Fusion MPT SPI Host driver 3.04.20
[STDERR  ] 2017-11-15T17:47:38.108532037Z: [    6.986807] i8042: PNP: PS/2 Controller [PNP0303:KBD,PNP0f13:MOU] at 0x60,0x64 irq 1,12
[STDERR  ] 2017-11-15T17:47:38.108539917Z: [    6.991560] serio: i8042 KBD port at 0x60,0x64 irq 1
[STDERR  ] 2017-11-15T17:47:38.108547643Z: [    6.992342] serio: i8042 AUX port at 0x60,0x64 irq 12
[STDERR  ] 2017-11-15T17:47:38.108555135Z: [    6.995383] hv_vmbus: registering driver hyperv_keyboard
[STDERR  ] 2017-11-15T17:47:38.108567103Z: [    6.997638] mousedev: PS/2 mouse device common for all mice
[STDERR  ] 2017-11-15T17:47:38.10857637Z: [    7.002798] input: AT Translated Set 2 keyboard as /devices/platform/i8042/serio0/input/input1
[STDERR  ] 2017-11-15T17:47:38.108585087Z: [    7.005626] input: PC Speaker as /devices/platform/pcspkr/input/input2
[STDERR  ] 2017-11-15T17:47:38.108593764Z: [    7.009351] rtc_cmos 00:00: RTC can wake from S4
[STDERR  ] 2017-11-15T17:47:38.108602454Z: [    7.012807] rtc_cmos 00:00: rtc core: registered rtc_cmos as rtc0
[STDERR  ] 2017-11-15T17:47:38.108610657Z: [    7.014113] rtc_cmos 00:00: alarms up to one day, y3k, 114 bytes nvram, hpet irqs
[STDERR  ] 2017-11-15T17:47:38.10862285Z: [    7.014851] i2c /dev entries driver
[STDERR  ] 2017-11-15T17:47:38.108628917Z: [    7.016837] device-mapper: ioctl: 4.35.0-ioctl (2016-06-23) initialised: dm-devel@redhat.com
[STDERR  ] 2017-11-15T17:47:38.108634812Z: [    7.021795] usbcore: registered new interface driver usbhid
[STDERR  ] 2017-11-15T17:47:38.108640635Z: [    7.022268] usbhid: USB HID core driver
[STDERR  ] 2017-11-15T17:47:38.108702937Z: [    7.022844] hv_utils: Registering HyperV Utility Driver
[STDERR  ] 2017-11-15T17:47:38.108710592Z: [    7.023150] hv_vmbus: registering driver hv_util
[STDERR  ] 2017-11-15T17:47:38.108716107Z: [    7.023422] hv_vmbus: registering driver hv_balloon
[STDERR  ] 2017-11-15T17:47:38.108726474Z: [    7.023973] oprofile: using NMI interrupt.
[STDERR  ] 2017-11-15T17:47:38.10873207Z: [    7.025099] GACT probability on
[STDERR  ] 2017-11-15T17:47:38.108738066Z: [    7.025570] Mirror/redirect action on
[STDERR  ] 2017-11-15T17:47:38.108743623Z: [    7.026452] Simple TC action Loaded
[STDERR  ] 2017-11-15T17:47:38.108749003Z: [    7.027066] u32 classifier
[STDERR  ] 2017-11-15T17:47:38.108755418Z: [    7.027222]     Performance counters on
[STDERR  ] 2017-11-15T17:47:38.108763297Z: [    7.027460]     input device check on
[STDERR  ] 2017-11-15T17:47:38.108770631Z: [    7.027660]     Actions configured
[STDERR  ] 2017-11-15T17:47:38.108778243Z: [    7.028279] Netfilter messages via NETLINK v0.30.
[STDERR  ] 2017-11-15T17:47:38.108785723Z: [    7.028814] nfnl_acct: registering with nfnetlink.
[STDERR  ] 2017-11-15T17:47:38.108793236Z: [    7.030943] nf_conntrack version 0.5.0 (8192 buckets, 32768 max)
[STDERR  ] 2017-11-15T17:47:38.108802288Z: [    7.034045] ctnetlink v0.93: registering with nfnetlink.
[STDERR  ] 2017-11-15T17:47:38.108810656Z: [    7.037493] nf_tables: (c) 2007-2009 Patrick McHardy <kaber@trash.net>
[STDERR  ] 2017-11-15T17:47:38.108819074Z: [    7.038347] nf_tables_compat: (c) 2012 Pablo Neira Ayuso <pablo@netfilter.org>
[STDERR  ] 2017-11-15T17:47:38.108827334Z: [    7.041314] xt_time: kernel timezone is -0000
[STDERR  ] 2017-11-15T17:47:38.10883286Z: [    7.041912] ip_set: protocol 6
[STDERR  ] 2017-11-15T17:47:38.108840871Z: [    7.042580] IPVS: Registered protocols (TCP, UDP, SCTP, AH, ESP)
[STDERR  ] 2017-11-15T17:47:38.108846524Z: [    7.043233] IPVS: Connection hash table configured (size=4096, memory=64Kbytes)
[STDERR  ] 2017-11-15T17:47:38.108858235Z: [    7.045045] IPVS: Creating netns size=2104 id=0
[STDERR  ] 2017-11-15T17:47:38.108864033Z: [    7.047817] IPVS: ipvs loaded.
[STDERR  ] 2017-11-15T17:47:38.10887046Z: [    7.048231] IPVS: [rr] scheduler registered.
[STDERR  ] 2017-11-15T17:47:38.10888224Z: [    7.048498] IPVS: [wrr] scheduler registered.
[STDERR  ] 2017-11-15T17:47:38.108890882Z: [    7.048747] IPVS: [lc] scheduler registered.
[STDERR  ] 2017-11-15T17:47:38.108898606Z: [    7.049080] IPVS: [wlc] scheduler registered.
[STDERR  ] 2017-11-15T17:47:38.108904183Z: [    7.049312] IPVS: [fo] scheduler registered.
[STDERR  ] 2017-11-15T17:47:38.108909807Z: [    7.049528] IPVS: [ovf] scheduler registered.
[STDERR  ] 2017-11-15T17:47:38.108915324Z: [    7.049959] IPVS: [lblc] scheduler registered.
[STDERR  ] 2017-11-15T17:47:38.108920965Z: [    7.050947] IPVS: [lblcr] scheduler registered.
[STDERR  ] 2017-11-15T17:47:38.10892652Z: [    7.051231] IPVS: [dh] scheduler registered.
[STDERR  ] 2017-11-15T17:47:38.108931939Z: [    7.051510] IPVS: [sh] scheduler registered.
[STDERR  ] 2017-11-15T17:47:38.108937379Z: [    7.051759] IPVS: [sed] scheduler registered.
[STDERR  ] 2017-11-15T17:47:38.108945673Z: [    7.052039] IPVS: [nq] scheduler registered.
[STDERR  ] 2017-11-15T17:47:38.108951526Z: [    7.052726] IPVS: ftp: loaded support on port[0] = 21
[STDERR  ] 2017-11-15T17:47:38.10895705Z: [    7.053567] ipip: IPv4 and MPLS over IPv4 tunneling driver
[STDERR  ] 2017-11-15T17:47:38.108962577Z: [    7.057915] gre: GRE over IPv4 demultiplexor driver
[STDERR  ] 2017-11-15T17:47:38.108968209Z: [    7.061260] ip_tables: (C) 2000-2006 Netfilter Core Team
[STDERR  ] 2017-11-15T17:47:38.108973551Z: [    7.064684] ipt_CLUSTERIP: ClusterIP Version 0.8 loaded successfully
[STDERR  ] 2017-11-15T17:47:38.108979145Z: [    7.065472] arp_tables: arp_tables: (C) 2002 David S. Miller
[STDERR  ] 2017-11-15T17:47:38.108984639Z: [    7.067907] NET: Registered protocol family 10
[STDERR  ] 2017-11-15T17:47:38.108990187Z: [    7.078376] ip6_tables: (C) 2000-2006 Netfilter Core Team
[STDERR  ] 2017-11-15T17:47:38.108995471Z: [    7.087333] NET: Registered protocol family 17
[STDERR  ] 2017-11-15T17:47:38.109000887Z: [    7.088531] Bridge firewalling registered
[STDERR  ] 2017-11-15T17:47:38.109006213Z: [    7.089055] Ebtables v2.0 registered
[STDERR  ] 2017-11-15T17:47:38.109011787Z: [    7.091477] 8021q: 802.1Q VLAN Support v1.8
[STDERR  ] 2017-11-15T17:47:38.109017392Z: [    7.092978] 9pnet: Installing 9P2000 support
[STDERR  ] 2017-11-15T17:47:38.109022867Z: [    7.094407] Key type dns_resolver registered
[STDERR  ] 2017-11-15T17:47:38.109028106Z: [    7.095446] microcode: AMD CPU family 0x6 not supported
[STDERR  ] 2017-11-15T17:47:38.10903342Z: [    7.099152] registered taskstats version 1
[STDERR  ] 2017-11-15T17:47:38.109038751Z: [    7.263989] Key type big_key registered
[STDERR  ] 2017-11-15T17:47:38.10904401Z: [    7.293831] ata4: SATA link down (SStatus 0 SControl 300)
[STDERR  ] 2017-11-15T17:47:38.109049397Z: [    7.296990] ata3: SATA link up 1.5 Gbps (SStatus 113 SControl 300)
[STDERR  ] 2017-11-15T17:47:38.10905698Z: [    7.301368] ata3.00: ATAPI: QEMU DVD-ROM, 2.5+, max UDMA/100
[STDERR  ] 2017-11-15T17:47:38.10906242Z: [    7.301914] ata3.00: applying bridge limits
[STDERR  ] 2017-11-15T17:47:38.109067751Z: [    7.303291] ata2: SATA link down (SStatus 0 SControl 300)
[STDERR  ] 2017-11-15T17:47:38.109073203Z: [    7.303921] ata1: SATA link up 1.5 Gbps (SStatus 113 SControl 300)
[STDERR  ] 2017-11-15T17:47:38.109081613Z: [    7.304858] ata1.00: ATA-7: QEMU HARDDISK, 2.5+, max UDMA/100
[STDERR  ] 2017-11-15T17:47:38.109087091Z: [    7.305274] ata1.00: 1048576 sectors, multi 16: LBA48 NCQ (depth 31/32)
[STDERR  ] 2017-11-15T17:47:38.109092615Z: [    7.305769] ata1.00: applying bridge limits
[STDERR  ] 2017-11-15T17:47:38.109097946Z: [    7.306775] ata1.00: configured for UDMA/100
[STDERR  ] 2017-11-15T17:47:38.10910327Z: [    7.308723] ata6: SATA link down (SStatus 0 SControl 300)
[STDERR  ] 2017-11-15T17:47:38.109111894Z: [    7.309257] ata5: SATA link down (SStatus 0 SControl 300)
[STDERR  ] 2017-11-15T17:47:38.109119566Z: [    7.314270] ata3.00: configured for UDMA/100
[STDERR  ] 2017-11-15T17:47:38.109124944Z: [    7.341633] scsi 0:0:0:0: Direct-Access     ATA      QEMU HARDDISK    2.5+ PQ: 0 ANSI: 5
[STDERR  ] 2017-11-15T17:47:38.109133518Z: [    7.350671] sd 0:0:0:0: Attached scsi generic sg0 type 0
[STDERR  ] 2017-11-15T17:47:38.10913909Z: [    7.354164] sd 0:0:0:0: [sda] 1048576 512-byte logical blocks: (537 MB/512 MiB)
[STDERR  ] 2017-11-15T17:47:38.109144622Z: [    7.363311] sd 0:0:0:0: [sda] Write Protect is off
[STDERR  ] 2017-11-15T17:47:38.109149975Z: [    7.364387] sd 0:0:0:0: [sda] Write cache: enabled, read cache: enabled, doesn't support DPO or FUA
[STDERR  ] 2017-11-15T17:47:38.109155731Z: [    7.366773] scsi 2:0:0:0: CD-ROM            QEMU     QEMU DVD-ROM     2.5+ PQ: 0 ANSI: 5
[STDERR  ] 2017-11-15T17:47:38.109161159Z: [    7.392221]  sda: sda1
[STDERR  ] 2017-11-15T17:47:38.109167707Z: [    7.402790] sr 2:0:0:0: [sr0] scsi3-mmc drive: 4x/4x cd/rw xa/form2 tray
[STDERR  ] 2017-11-15T17:47:38.109175621Z: [    7.403513] cdrom: Uniform CD-ROM driver Revision: 3.20
[STDERR  ] 2017-11-15T17:47:38.109184521Z: [    7.423788] sr 2:0:0:0: Attached scsi generic sg1 type 5
[STDERR  ] 2017-11-15T17:47:38.109190451Z: [    7.429109] sd 0:0:0:0: [sda] Attached SCSI disk
[STDERR  ] 2017-11-15T17:47:38.109195901Z: [    7.483264] Key type encrypted registered
[STDERR  ] 2017-11-15T17:47:38.109201278Z: [    7.488717] rtc_cmos 00:00: setting system clock to 2017-11-15 17:47:03 UTC (1510768023)
[STDERR  ] 2017-11-15T17:47:38.109206797Z: [    7.637254] Freeing unused kernel memory: 1380K
[STDERR  ] 2017-11-15T17:47:38.109212161Z: [    7.637635] Write protecting the kernel read-only data: 12288k
[STDERR  ] 2017-11-15T17:47:38.109218355Z: [    7.644777] Freeing unused kernel memory: 128K
[STDERR  ] 2017-11-15T17:47:38.109227209Z: [    7.734341] Freeing unused kernel memory: 1396K
[STDERR  ] 2017-11-15T17:47:38.109234635Z: [    7.735110] tsc: Refined TSC clocksource calibration: 2599.792 MHz
[STDERR  ] 2017-11-15T17:47:38.10924058Z: [    7.735614] clocksource: tsc: mask: 0xffffffffffffffff max_cycles: 0x2579776196e, max_idle_ns: 440795218720 ns
[STDERR  ] 2017-11-15T17:47:38.109246219Z: [    8.745266] clocksource: Switched to clocksource tsc
[STDERR  ] 2017-11-15T17:47:38.109251606Z: 
[STDERR  ] 2017-11-15T17:47:38.109257265Z: Welcome to LinuxKit
[STDERR  ] 2017-11-15T17:47:38.109262967Z: 
[STDERR  ] 2017-11-15T17:47:38.109268703Z:                         ##         .
[STDERR  ] 2017-11-15T17:47:38.109274115Z:                   ## ## ##        ==
[STDERR  ] 2017-11-15T17:47:38.109279521Z:                ## ## ## ## ##    ===
[STDERR  ] 2017-11-15T17:47:38.109284894Z:            /"""""""""""""""""\___/ ===
[STDERR  ] 2017-11-15T17:47:38.10929249Z:           {                       /  ===-
[STDERR  ] 2017-11-15T17:47:38.109297998Z:            \______ O           __/
[STDERR  ] 2017-11-15T17:47:38.109303443Z:              \    \         __/
[STDERR  ] 2017-11-15T17:47:38.109308894Z:               \____\_______/
[STDERR  ] 2017-11-15T17:47:38.109314362Z: 
[STDERR  ] 2017-11-15T17:47:38.109319677Z: [   20.710368] raid6: sse2x1   gen()   350 MB/s
[STDERR  ] 2017-11-15T17:47:38.109325104Z: [   20.880231] raid6: sse2x1   xor()   166 MB/s
[STDERR  ] 2017-11-15T17:47:38.10933038Z: [   21.050226] raid6: sse2x2   gen()   262 MB/s
[STDERR  ] 2017-11-15T17:47:38.109335845Z: [   21.220296] raid6: sse2x2   xor()   181 MB/s
[STDERR  ] 2017-11-15T17:47:38.109341077Z: [   21.390164] raid6: sse2x4   gen()   321 MB/s
[STDERR  ] 2017-11-15T17:47:38.109346482Z: [   21.560257] raid6: sse2x4   xor()   186 MB/s
[STDERR  ] 2017-11-15T17:47:38.109351813Z: [   21.560616] raid6: using algorithm sse2x1 gen() 350 MB/s
[STDERR  ] 2017-11-15T17:47:38.109357238Z: [   21.561003] raid6: .... xor() 166 MB/s, rmw enabled
[STDERR  ] 2017-11-15T17:47:38.109362738Z: [   21.561475] raid6: using intx1 recovery algorithm
[STDERR  ] 2017-11-15T17:47:38.109371357Z: [   21.581665] xor: measuring software checksum speed
[STDERR  ] 2017-11-15T17:47:38.10937686Z: [   21.680206]    prefetch64-sse:   655.600 MB/sec
[STDERR  ] 2017-11-15T17:47:38.109382279Z: [   21.780185]    generic_sse:   638.000 MB/sec
[STDERR  ] 2017-11-15T17:47:38.109387629Z: [   21.780638] xor: using function: prefetch64-sse (655.600 MB/sec)
[STDERR  ] 2017-11-15T17:47:38.109395577Z: [   21.932525] Btrfs loaded, crc32c=crc32c-generic
[STDERR  ] 2017-11-15T17:47:38.109401126Z: [   22.466558] IPVS: Creating netns size=2104 id=1
[STDERR  ] 2017-11-15T17:47:38.109406438Z: [   22.467068] IPVS: ftp: loaded support on port[0] = 21
[STDERR  ] 2017-11-15T17:47:38.109411837Z: [   23.517320]  sda:
[STDERR  ] 2017-11-15T17:47:38.109417276Z: [   23.613319]  sda:
[STDERR  ] 2017-11-15T17:47:38.10942288Z: [   23.644188]  sda: sda1
[STDERR  ] 2017-11-15T17:47:38.109428241Z: [   23.730834]  sda: sda1
[STDERR  ] 2017-11-15T17:47:38.109433577Z: [   23.805286]  sda: sda1
[STDERR  ] 2017-11-15T17:47:38.109438946Z: [   25.370483] BTRFS: device fsid 841f9646-574d-4259-8816-b2c0929265b9 devid 1 transid 7 /dev/sda1
[STDERR  ] 2017-11-15T17:47:38.109448527Z: [   25.382095] BTRFS info (device sda1): disk space caching is enabled
[STDERR  ] 2017-11-15T17:47:38.109454186Z: [   25.382504] BTRFS info (device sda1): has skinny extents
[STDERR  ] 2017-11-15T17:47:38.109459585Z: [   25.476057] BTRFS info (device sda1): new size for /dev/sda1 is 535822336
[STDERR  ] 2017-11-15T17:47:38.109465237Z: 2017/11/15 17:47:20 Successfully resized /dev/sda
[STDERR  ] 2017-11-15T17:47:38.109470605Z: [   26.786219] IPVS: Creating netns size=2104 id=2
[STDERR  ] 2017-11-15T17:47:38.10947594Z: [   26.786514] IPVS: ftp: loaded support on port[0] = 21
[STDERR  ] 2017-11-15T17:47:38.109481329Z: [   27.962639] FAT-fs (sda1): utf8 is not a recommended IO charset for FAT filesystems, filesystem will be case sensitive!
[STDERR  ] 2017-11-15T17:47:38.109487506Z: [   27.967564] FAT-fs (sda1): utf8 is not a recommended IO charset for FAT filesystems, filesystem will be case sensitive!
[STDERR  ] 2017-11-15T17:47:38.109492913Z: [   27.971957] mount: sending ioctl 5310 to a partition!
[STDERR  ] 2017-11-15T17:47:38.109498194Z: [   28.013729] mount: sending ioctl 5310 to a partition!
[STDERR  ] 2017-11-15T17:47:38.10950359Z: [   28.015272] UDF-fs: warning (device sda1): udf_fill_super: No partition found (2)
[STDERR  ] 2017-11-15T17:47:38.109509029Z: [   28.041283] BTRFS info (device sda1): disk space caching is enabled
[STDERR  ] 2017-11-15T17:47:38.109515522Z: [   28.041513] BTRFS info (device sda1): has skinny extents
[STDERR  ] 2017-11-15T17:47:38.109520953Z: + [ -f /var/lib/docker/bar ]
[STDERR  ] 2017-11-15T17:47:38.109526329Z: + touch /var/lib/docker/foo
[STDERR  ] 2017-11-15T17:47:38.109532068Z: + df -h
[STDERR  ] 2017-11-15T17:47:38.109537553Z: + grep -qE [4-5][0-9]{2}\.[0-9]{1,}M
[STDERR  ] 2017-11-15T17:47:38.109542916Z: + printf extend test suite PASSED\n
[STDERR  ] 2017-11-15T17:47:38.10954831Z: extend test suite PASSED
[STDERR  ] 2017-11-15T17:47:38.109553722Z: [   41.855147] sd 0:0:0:0: [sda] Synchronizing SCSI cache
[STDERR  ] 2017-11-15T17:47:38.109560862Z: [   41.858175] sd 0:0:0:0: [sda] Stopping disk
[STDERR  ] 2017-11-15T17:47:38.109566153Z: [   41.861683] ACPI: Preparing to enter system sleep state S5
[STDERR  ] 2017-11-15T17:47:38.109572743Z: [   41.862981] reboot: Power down
[STDERR  ] 2017-11-15T17:47:38.109578127Z: + echo [    0.000000] Linux version 4.9.61-linuxkit (root@f63baf0520f0) (gcc version 6.3.0 (Alpine 6.3.0) ) #1 SMP Fri Nov 10 13:47:55 UTC 2017
[STDERR  ] 2017-11-15T17:47:38.109584157Z: [    0.000000] Command line: console=ttyS0
[STDERR  ] 2017-11-15T17:47:38.109589595Z: [    0.000000] x86/fpu: Legacy x87 FPU detected.
[STDERR  ] 2017-11-15T17:47:38.109594992Z: [    0.000000] x86/fpu: Using 'eager' FPU context switches.
[STDERR  ] 2017-11-15T17:47:38.109600285Z: [    0.000000] e820: BIOS-provided physical RAM map:
[STDERR  ] 2017-11-15T17:47:38.109605611Z: [    0.000000] BIOS-e820: [mem 0x0000000000000000-0x000000000009fbff] usable
[STDERR  ] 2017-11-15T17:47:38.109613965Z: [    0.000000] BIOS-e820: [mem 0x000000000009fc00-0x000000000009ffff] reserved
[STDERR  ] 2017-11-15T17:47:38.10961959Z: [    0.000000] BIOS-e820: [mem 0x00000000000f0000-0x00000000000fffff] reserved
[STDERR  ] 2017-11-15T17:47:38.109625021Z: [    0.000000] BIOS-e820: [mem 0x0000000000100000-0x000000003ffdefff] usable
[STDERR  ] 2017-11-15T17:47:38.109632967Z: [    0.000000] BIOS-e820: [mem 0x000000003ffdf000-0x000000003fffffff] reserved
[STDERR  ] 2017-11-15T17:47:38.109638691Z: [    0.000000] BIOS-e820: [mem 0x00000000b0000000-0x00000000bfffffff] reserved
[STDERR  ] 2017-11-15T17:47:38.109644838Z: [    0.000000] BIOS-e820: [mem 0x00000000fed1c000-0x00000000fed1ffff] reserved
[STDERR  ] 2017-11-15T17:47:38.109650352Z: [    0.000000] BIOS-e820: [mem 0x00000000fffc0000-0x00000000ffffffff] reserved
[STDERR  ] 2017-11-15T17:47:38.109655631Z: [    0.000000] NX (Execute Disable) protection: active
[STDERR  ] 2017-11-15T17:47:38.109660986Z: [    0.000000] SMBIOS 2.8 present.
[STDERR  ] 2017-11-15T17:47:38.109666353Z: [    0.000000] e820: last_pfn = 0x3ffdf max_arch_pfn = 0x400000000
[STDERR  ] 2017-11-15T17:47:38.109671723Z: [    0.000000] x86/PAT: Configuration [0-7]: WB  WC  UC- UC  WB  WC  UC- WT  
[STDERR  ] 2017-11-15T17:47:38.109677073Z: [    0.000000] found SMP MP-table at [mem 0x000f6aa0-0x000f6aaf] mapped at [ffff93b6c00f6aa0]
[STDERR  ] 2017-11-15T17:47:38.109682459Z: [    0.000000] RAMDISK: [mem 0x3de54000-0x3ffcffff]
[STDERR  ] 2017-11-15T17:47:38.109687822Z: [    0.000000] ACPI: Early table checksum verification disabled
[STDERR  ] 2017-11-15T17:47:38.109693142Z: [    0.000000] ACPI: RSDP 0x00000000000F68C0 000014 (v00 BOCHS )
[STDERR  ] 2017-11-15T17:47:38.109698521Z: [    0.000000] ACPI: RSDT 0x000000003FFE2404 000034 (v01 BOCHS  BXPCRSDT 00000001 BXPC 00000001)
[STDERR  ] 2017-11-15T17:47:38.109703972Z: [    0.000000] ACPI: FACP 0x000000003FFE22A4 000074 (v01 BOCHS  BXPCFACP 00000001 BXPC 00000001)
[STDERR  ] 2017-11-15T17:47:38.109709381Z: [    0.000000] ACPI: DSDT 0x000000003FFE0040 002264 (v01 BOCHS  BXPCDSDT 00000001 BXPC 00000001)
[STDERR  ] 2017-11-15T17:47:38.109714733Z: [    0.000000] ACPI: FACS 0x000000003FFE0000 000040
[STDERR  ] 2017-11-15T17:47:38.109727011Z: [    0.000000] ACPI: APIC 0x000000003FFE2318 000078 (v01 BOCHS  BXPCAPIC 00000001 BXPC 00000001)
[STDERR  ] 2017-11-15T17:47:38.10973249Z: [    0.000000] ACPI: HPET 0x000000003FFE2390 000038 (v01 BOCHS  BXPCHPET 00000001 BXPC 00000001)
[STDERR  ] 2017-11-15T17:47:38.109737949Z: [    0.000000] ACPI: MCFG 0x000000003FFE23C8 00003C (v01 BOCHS  BXPCMCFG 00000001 BXPC 00000001)
[STDERR  ] 2017-11-15T17:47:38.109743353Z: [    0.000000] Zone ranges:
[STDERR  ] 2017-11-15T17:47:38.109748662Z: [    0.000000]   DMA      [mem 0x0000000000001000-0x0000000000ffffff]
[STDERR  ] 2017-11-15T17:47:38.109754004Z: [    0.000000]   DMA32    [mem 0x0000000001000000-0x000000003ffdefff]
[STDERR  ] 2017-11-15T17:47:38.109759497Z: [    0.000000]   Normal   empty
[STDERR  ] 2017-11-15T17:47:38.109766655Z: [    0.000000] Movable zone start for each node
[STDERR  ] 2017-11-15T17:47:38.109772102Z: [    0.000000] Early memory node ranges
[STDERR  ] 2017-11-15T17:47:38.109777479Z: [    0.000000]   node   0: [mem 0x0000000000001000-0x000000000009efff]
[STDERR  ] 2017-11-15T17:47:38.109784438Z: [    0.000000]   node   0: [mem 0x0000000000100000-0x000000003ffdefff]
[STDERR  ] 2017-11-15T17:47:38.109792272Z: [    0.000000] Initmem setup node 0 [mem 0x0000000000001000-0x000000003ffdefff]
[STDERR  ] 2017-11-15T17:47:38.109799891Z: [    0.000000] ACPI: PM-Timer IO Port: 0x608
[STDERR  ] 2017-11-15T17:47:38.109808401Z: [    0.000000] ACPI: LAPIC_NMI (acpi_id[0xff] dfl dfl lint[0x1])
[STDERR  ] 2017-11-15T17:47:38.109816495Z: [    0.000000] IOAPIC[0]: apic_id 0, version 32, address 0xfec00000, GSI 0-23
[STDERR  ] 2017-11-15T17:47:38.109824531Z: [    0.000000] ACPI: INT_SRC_OVR (bus 0 bus_irq 0 global_irq 2 dfl dfl)
[STDERR  ] 2017-11-15T17:47:38.109834898Z: [    0.000000] ACPI: INT_SRC_OVR (bus 0 bus_irq 5 global_irq 5 high level)
[STDERR  ] 2017-11-15T17:47:38.109845755Z: [    0.000000] ACPI: INT_SRC_OVR (bus 0 bus_irq 9 global_irq 9 high level)
[STDERR  ] 2017-11-15T17:47:38.109851392Z: [    0.000000] ACPI: INT_SRC_OVR (bus 0 bus_irq 10 global_irq 10 high level)
[STDERR  ] 2017-11-15T17:47:38.109856815Z: [    0.000000] ACPI: INT_SRC_OVR (bus 0 bus_irq 11 global_irq 11 high level)
[STDERR  ] 2017-11-15T17:47:38.109865012Z: [    0.000000] Using ACPI (MADT) for SMP configuration information
[STDERR  ] 2017-11-15T17:47:38.109870564Z: [    0.000000] ACPI: HPET id: 0x8086a201 base: 0xfed00000
[STDERR  ] 2017-11-15T17:47:38.109875984Z: [    0.000000] smpboot: Allowing 1 CPUs, 0 hotplug CPUs
[STDERR  ] 2017-11-15T17:47:38.109881319Z: [    0.000000] e820: [mem 0x40000000-0xafffffff] available for PCI devices
[STDERR  ] 2017-11-15T17:47:38.10988813Z: [    0.000000] Booting paravirtualized kernel on bare hardware
[STDERR  ] 2017-11-15T17:47:38.10989608Z: [    0.000000] clocksource: refined-jiffies: mask: 0xffffffff max_cycles: 0xffffffff, max_idle_ns: 19112604462750000 ns
[STDERR  ] 2017-11-15T17:47:38.109904301Z: [    0.000000] setup_percpu: NR_CPUS:128 nr_cpumask_bits:128 nr_cpu_ids:1 nr_node_ids:1
[STDERR  ] 2017-11-15T17:47:38.109912017Z: [    0.000000] percpu: Embedded 35 pages/cpu @ffff93b6fdc00000 s105112 r8192 d30056 u2097152
[STDERR  ] 2017-11-15T17:47:38.109917614Z: [    0.000000] Built 1 zonelists in Zone order, mobility grouping on.  Total pages: 257896
[STDERR  ] 2017-11-15T17:47:38.109923152Z: [    0.000000] Kernel command line: console=ttyS0
[STDERR  ] 2017-11-15T17:47:38.109928616Z: [    0.000000] PID hash table entries: 4096 (order: 3, 32768 bytes)
[STDERR  ] 2017-11-15T17:47:38.109934139Z: [    0.000000] Dentry cache hash table entries: 131072 (order: 8, 1048576 bytes)
[STDERR  ] 2017-11-15T17:47:38.109939956Z: [    0.000000] Inode-cache hash table entries: 65536 (order: 7, 524288 bytes)
[STDERR  ] 2017-11-15T17:47:38.109945552Z: [    0.000000] Memory: 979884K/1048052K available (8048K kernel code, 1367K rwdata, 2700K rodata, 1380K init, 568K bss, 68168K reserved, 0K cma-reserved)
[STDERR  ] 2017-11-15T17:47:38.10995183Z: [    0.000000] Hierarchical RCU implementation.
[STDERR  ] 2017-11-15T17:47:38.109958249Z: [    0.000000] 	Build-time adjustment of leaf fanout to 64.
[STDERR  ] 2017-11-15T17:47:38.109963697Z: [    0.000000] 	RCU restricting CPUs from NR_CPUS=128 to nr_cpu_ids=1.
[STDERR  ] 2017-11-15T17:47:38.109969164Z: [    0.000000] RCU: Adjusting geometry for rcu_fanout_leaf=64, nr_cpu_ids=1
[STDERR  ] 2017-11-15T17:47:38.109974494Z: [    0.000000] NR_IRQS:8448 nr_irqs:256 16
[STDERR  ] 2017-11-15T17:47:38.109980105Z: [    0.000000] Console: colour VGA+ 80x25
[STDERR  ] 2017-11-15T17:47:38.109985523Z: [    0.000000] console [ttyS0] enabled
[STDERR  ] 2017-11-15T17:47:38.109991Z: [    0.000000] clocksource: hpet: mask: 0xffffffff max_cycles: 0xffffffff, max_idle_ns: 19112604467 ns
[STDERR  ] 2017-11-15T17:47:38.109996735Z: [    0.000000] tsc: Fast TSC calibration using PIT
[STDERR  ] 2017-11-15T17:47:38.110002111Z: [    0.000000] tsc: Detected 2599.792 MHz processor
[STDERR  ] 2017-11-15T17:47:38.11000755Z: [    0.021421] Calibrating delay loop (skipped), value calculated using timer frequency.. 5199.58 BogoMIPS (lpj=25997920)
[STDERR  ] 2017-11-15T17:47:38.110041589Z: [    0.022236] pid_max: default: 32768 minimum: 301
[STDERR  ] 2017-11-15T17:47:38.110050821Z: [    0.023061] ACPI: Core revision 20160831
[STDERR  ] 2017-11-15T17:47:38.110057891Z: [    0.068948] ACPI: 1 ACPI AML tables successfully acquired and loaded
[STDERR  ] 2017-11-15T17:47:38.110063529Z: [    0.073716] Security Framework initialized
[STDERR  ] 2017-11-15T17:47:38.11006899Z: [    0.074139] Yama: becoming mindful.
[STDERR  ] 2017-11-15T17:47:38.110074403Z: [    0.076257] Mount-cache hash table entries: 2048 (order: 2, 16384 bytes)
[STDERR  ] 2017-11-15T17:47:38.110080289Z: [    0.076822] Mountpoint-cache hash table entries: 2048 (order: 2, 16384 bytes)
[STDERR  ] 2017-11-15T17:47:38.110085902Z: [    0.096487] Last level iTLB entries: 4KB 0, 2MB 0, 4MB 0
[STDERR  ] 2017-11-15T17:47:38.110095445Z: [    0.097041] Last level dTLB entries: 4KB 0, 2MB 0, 4MB 0, 1GB 0
[STDERR  ] 2017-11-15T17:47:38.110101109Z: [    0.391664] Freeing SMP alternatives memory: 20K
[STDERR  ] 2017-11-15T17:47:38.11011776Z: [    0.401995] ftrace: allocating 35542 entries in 139 pages
[STDERR  ] 2017-11-15T17:47:38.110130564Z: [    0.570890] smpboot: Max logical packages: 1
[STDERR  ] 2017-11-15T17:47:38.110138927Z: [    0.578110] ..TIMER: vector=0x30 apic1=0 pin1=2 apic2=-1 pin2=-1
[STDERR  ] 2017-11-15T17:47:38.110144769Z: [    0.680000] smpboot: CPU0: AMD QEMU Virtual CPU version 2.5+ (family: 0x6, model: 0x6, stepping: 0x3)
[STDERR  ] 2017-11-15T17:47:38.110150873Z: [    0.680000] Performance Events: PMU not available due to virtualization, using software events only.
[STDERR  ] 2017-11-15T17:47:38.110156584Z: [    0.689158] NMI watchdog: disabled (cpu0): hardware events not enabled
[STDERR  ] 2017-11-15T17:47:38.110162123Z: [    0.689664] NMI watchdog: Shutting down hard lockup detector on all cpus
[STDERR  ] 2017-11-15T17:47:38.110168147Z: [    0.693194] x86: Booted up 1 node, 1 CPUs
[STDERR  ] 2017-11-15T17:47:38.110173642Z: [    0.693624] smpboot: Total of 1 processors activated (5199.58 BogoMIPS)
[STDERR  ] 2017-11-15T17:47:38.110179257Z: [    0.708037] devtmpfs: initialized
[STDERR  ] 2017-11-15T17:47:38.110185012Z: [    0.714601] x86/mm: Memory block size: 128MB
[STDERR  ] 2017-11-15T17:47:38.110191112Z: [    0.777941] clocksource: jiffies: mask: 0xffffffff max_cycles: 0xffffffff, max_idle_ns: 19112604462750000 ns
[STDERR  ] 2017-11-15T17:47:38.110199641Z: [    0.778855] futex hash table entries: 256 (order: 2, 16384 bytes)
[STDERR  ] 2017-11-15T17:47:38.110210743Z: [    0.787936] NET: Registered protocol family 16
[STDERR  ] 2017-11-15T17:47:38.110218884Z: [    0.797646] cpuidle: using governor ladder
[STDERR  ] 2017-11-15T17:47:38.110229782Z: [    0.798130] cpuidle: using governor menu
