[INFO    ] 2017-06-12T18:17:55.756448247Z: Running Test linuxkit.kernel.config_4.4.x in /tmp/build/test/cases/020_kernel/000_config_4.4.x
[INFO    ] 2017-06-12T18:17:55.756519343Z: Running command: [/bin/sh -x /tmp/build/test/cases/020_kernel/000_config_4.4.x/test.sh]
[STDERR  ] 2017-06-12T18:17:55.768141432Z: + set -e
[STDERR  ] 2017-06-12T18:17:55.768153924Z: + . /tmp/build/test/cases/_lib/lib.sh
[STDERR  ] 2017-06-12T18:17:55.768160688Z: + [ -f src/github.com/linuxkit/rtf/lib/lib.sh ]
[STDERR  ] 2017-06-12T18:17:55.768166624Z: + LINUXKIT_TMPDIR=/tmp/build/test/cases/_tmp
[STDERR  ] 2017-06-12T18:17:55.768183439Z: + [ -f /tmp/build/test/cases/_tmp/env.sh ]
[STDERR  ] 2017-06-12T18:17:55.768189372Z: + . /tmp/build/test/cases/_tmp/env.sh
[STDERR  ] 2017-06-12T18:17:55.768196238Z: + export LINUXKIT_EXAMPLES_DIR=/tmp/build/test/cases/../../examples
[STDERR  ] 2017-06-12T18:17:55.768202344Z: + RT_CANCEL=253
[STDERR  ] 2017-06-12T18:17:55.768207808Z: + trap clean_up EXIT
[STDERR  ] 2017-06-12T18:17:55.768213288Z: + moby build -output kernel+initrd test-kernel-config.yml
[STDERR  ] 2017-06-12T18:17:55.796352663Z: Extract kernel image: linuxkit/kernel:4.4.x
[STDERR  ] 2017-06-12T18:17:58.225227979Z: Pull image: docker.io/linuxkit/kernel:4.4.x@sha256:2002fdca31f8493c09952a17ea256f534e89555c0ab282e6662895ee7ab58d6d
[STDERR  ] 2017-06-12T18:18:02.85716007Z: Add init containers:
[STDERR  ] 2017-06-12T18:18:02.857210366Z: Process init image: linuxkit/init:2599bcd5013ce5962aa155ee8929c26160de13bd
[STDERR  ] 2017-06-12T18:18:04.205994043Z: Process init image: linuxkit/runc:3a4e6cbf15470f62501b019b55e1caac5ee7689f
[STDERR  ] 2017-06-12T18:18:05.504824805Z: Process init image: linuxkit/containerd:b50181bc6e0084e5fcd6b6ad3cf433c4f66cae5a
[STDERR  ] 2017-06-12T18:18:07.063173865Z: Add onboot containers:
[STDERR  ] 2017-06-12T18:18:07.063250178Z:   Create OCI config for linuxkit/test-kernel-config:2acaa564c1801dd2ae1546c70c472dc58ac030a1
[STDERR  ] 2017-06-12T18:18:12.458157648Z:   Create OCI config for linuxkit/poweroff:7404cf2295df89ccfa2dda41997a28307a90cf28
[STDERR  ] 2017-06-12T18:18:13.832325423Z: Create outputs:
[STDERR  ] 2017-06-12T18:18:20.751251724Z:   test-kernel-config-kernel test-kernel-config-initrd.img test-kernel-config-cmdline
[STDERR  ] 2017-06-12T18:18:20.818939063Z: + linuxkit run test-kernel-config
[STDERR  ] 2017-06-12T18:18:20.838887702Z: Unable to find qemu-system-x86_64 within the $PATH. Using a container
[STDERR  ] 2017-06-12T18:19:04.751332569Z: + RESULT=[    0.000000] Initializing cgroup subsys cpuset
[STDERR  ] 2017-06-12T18:19:04.751382851Z: [    0.000000] Initializing cgroup subsys cpu
[STDERR  ] 2017-06-12T18:19:04.751386286Z: [    0.000000] Initializing cgroup subsys cpuacct
[STDERR  ] 2017-06-12T18:19:04.751398293Z: [    0.000000] Linux version 4.4.71-linuxkit (root@84baa8e89c00) (gcc version 6.2.1 20160822 (Alpine 6.2.1) ) #1 SMP Wed Jun 7 21:53:02 UTC 2017
[STDERR  ] 2017-06-12T18:19:04.75141354Z: [    0.000000] Command line: console=ttyS0
[STDERR  ] 2017-06-12T18:19:04.751416503Z: [    0.000000] x86/fpu: Legacy x87 FPU detected.
[STDERR  ] 2017-06-12T18:19:04.751423427Z: [    0.000000] x86/fpu: Using 'lazy' FPU context switches.
[STDERR  ] 2017-06-12T18:19:04.75143335Z: [    0.000000] e820: BIOS-provided physical RAM map:
[STDERR  ] 2017-06-12T18:19:04.751437199Z: [    0.000000] BIOS-e820: [mem 0x0000000000000000-0x000000000009fbff] usable
[STDERR  ] 2017-06-12T18:19:04.751444089Z: [    0.000000] BIOS-e820: [mem 0x000000000009fc00-0x000000000009ffff] reserved
[STDERR  ] 2017-06-12T18:19:04.7514554Z: [    0.000000] BIOS-e820: [mem 0x00000000000f0000-0x00000000000fffff] reserved
[STDERR  ] 2017-06-12T18:19:04.751461407Z: [    0.000000] BIOS-e820: [mem 0x0000000000100000-0x000000003ffdefff] usable
[STDERR  ] 2017-06-12T18:19:04.75146779Z: [    0.000000] BIOS-e820: [mem 0x000000003ffdf000-0x000000003fffffff] reserved
[STDERR  ] 2017-06-12T18:19:04.751473779Z: [    0.000000] BIOS-e820: [mem 0x00000000b0000000-0x00000000bfffffff] reserved
[STDERR  ] 2017-06-12T18:19:04.751479734Z: [    0.000000] BIOS-e820: [mem 0x00000000fed1c000-0x00000000fed1ffff] reserved
[STDERR  ] 2017-06-12T18:19:04.751492584Z: [    0.000000] BIOS-e820: [mem 0x00000000fffc0000-0x00000000ffffffff] reserved
[STDERR  ] 2017-06-12T18:19:04.75149856Z: [    0.000000] NX (Execute Disable) protection: active
[STDERR  ] 2017-06-12T18:19:04.751504649Z: [    0.000000] SMBIOS 2.8 present.
[STDERR  ] 2017-06-12T18:19:04.75151221Z: [    0.000000] e820: last_pfn = 0x3ffdf max_arch_pfn = 0x400000000
[STDERR  ] 2017-06-12T18:19:04.75152161Z: [    0.000000] x86/PAT: Configuration [0-7]: WB  WC  UC- UC  WB  WC  UC- WT  
[STDERR  ] 2017-06-12T18:19:04.751527766Z: [    0.000000] found SMP MP-table at [mem 0x000f6aa0-0x000f6aaf] mapped at [ffff8800000f6aa0]
[STDERR  ] 2017-06-12T18:19:04.751541527Z: [    0.000000] RAMDISK: [mem 0x3df5c000-0x3ffcffff]
[STDERR  ] 2017-06-12T18:19:04.7515477Z: [    0.000000] ACPI: Early table checksum verification disabled
[STDERR  ] 2017-06-12T18:19:04.751553883Z: [    0.000000] ACPI: RSDP 0x00000000000F68C0 000014 (v00 BOCHS )
[STDERR  ] 2017-06-12T18:19:04.751556671Z: [    0.000000] ACPI: RSDT 0x000000003FFE2404 000034 (v01 BOCHS  BXPCRSDT 00000001 BXPC 00000001)
[STDERR  ] 2017-06-12T18:19:04.751565463Z: [    0.000000] ACPI: FACP 0x000000003FFE22A4 000074 (v01 BOCHS  BXPCFACP 00000001 BXPC 00000001)
[STDERR  ] 2017-06-12T18:19:04.75157177Z: [    0.000000] ACPI: DSDT 0x000000003FFE0040 002264 (v01 BOCHS  BXPCDSDT 00000001 BXPC 00000001)
[STDERR  ] 2017-06-12T18:19:04.751577514Z: [    0.000000] ACPI: FACS 0x000000003FFE0000 000040
[STDERR  ] 2017-06-12T18:19:04.751580123Z: [    0.000000] ACPI: APIC 0x000000003FFE2318 000078 (v01 BOCHS  BXPCAPIC 00000001 BXPC 00000001)
[STDERR  ] 2017-06-12T18:19:04.751588469Z: [    0.000000] ACPI: HPET 0x000000003FFE2390 000038 (v01 BOCHS  BXPCHPET 00000001 BXPC 00000001)
[STDERR  ] 2017-06-12T18:19:04.751591199Z: [    0.000000] ACPI: MCFG 0x000000003FFE23C8 00003C (v01 BOCHS  BXPCMCFG 00000001 BXPC 00000001)
[STDERR  ] 2017-06-12T18:19:04.751599791Z: [    0.000000] Zone ranges:
[STDERR  ] 2017-06-12T18:19:04.751602704Z: [    0.000000]   DMA      [mem 0x0000000000001000-0x0000000000ffffff]
[STDERR  ] 2017-06-12T18:19:04.751613759Z: [    0.000000]   DMA32    [mem 0x0000000001000000-0x000000003ffdefff]
[STDERR  ] 2017-06-12T18:19:04.751622244Z: [    0.000000]   Normal   empty
[STDERR  ] 2017-06-12T18:19:04.751628251Z: [    0.000000] Movable zone start for each node
[STDERR  ] 2017-06-12T18:19:04.75164127Z: [    0.000000] Early memory node ranges
[STDERR  ] 2017-06-12T18:19:04.751649169Z: [    0.000000]   node   0: [mem 0x0000000000001000-0x000000000009efff]
[STDERR  ] 2017-06-12T18:19:04.751652019Z: [    0.000000]   node   0: [mem 0x0000000000100000-0x000000003ffdefff]
[STDERR  ] 2017-06-12T18:19:04.751657403Z: [    0.000000] Initmem setup node 0 [mem 0x0000000000001000-0x000000003ffdefff]
[STDERR  ] 2017-06-12T18:19:04.75166526Z: [    0.000000] ACPI: PM-Timer IO Port: 0x608
[STDERR  ] 2017-06-12T18:19:04.751671124Z: [    0.000000] ACPI: LAPIC_NMI (acpi_id[0xff] dfl dfl lint[0x1])
[STDERR  ] 2017-06-12T18:19:04.751676649Z: [    0.000000] IOAPIC[0]: apic_id 0, version 32, address 0xfec00000, GSI 0-23
[STDERR  ] 2017-06-12T18:19:04.751684697Z: [    0.000000] ACPI: INT_SRC_OVR (bus 0 bus_irq 0 global_irq 2 dfl dfl)
[STDERR  ] 2017-06-12T18:19:04.751692693Z: [    0.000000] ACPI: INT_SRC_OVR (bus 0 bus_irq 5 global_irq 5 high level)
[STDERR  ] 2017-06-12T18:19:04.751698143Z: [    0.000000] ACPI: INT_SRC_OVR (bus 0 bus_irq 9 global_irq 9 high level)
[STDERR  ] 2017-06-12T18:19:04.751703474Z: [    0.000000] ACPI: INT_SRC_OVR (bus 0 bus_irq 10 global_irq 10 high level)
[STDERR  ] 2017-06-12T18:19:04.751710944Z: [    0.000000] ACPI: INT_SRC_OVR (bus 0 bus_irq 11 global_irq 11 high level)
[STDERR  ] 2017-06-12T18:19:04.751713836Z: [    0.000000] Using ACPI (MADT) for SMP configuration information
[STDERR  ] 2017-06-12T18:19:04.751721776Z: [    0.000000] ACPI: HPET id: 0x8086a201 base: 0xfed00000
[STDERR  ] 2017-06-12T18:19:04.751727159Z: [    0.000000] smpboot: Allowing 1 CPUs, 0 hotplug CPUs
[STDERR  ] 2017-06-12T18:19:04.751732556Z: [    0.000000] e820: [mem 0x40000000-0xafffffff] available for PCI devices
[STDERR  ] 2017-06-12T18:19:04.751741151Z: [    0.000000] Booting paravirtualized kernel on bare hardware
[STDERR  ] 2017-06-12T18:19:04.751743891Z: [    0.000000] clocksource: refined-jiffies: mask: 0xffffffff max_cycles: 0xffffffff, max_idle_ns: 19112604462750000 ns
[STDERR  ] 2017-06-12T18:19:04.75175539Z: [    0.000000] setup_percpu: NR_CPUS:128 nr_cpumask_bits:128 nr_cpu_ids:1 nr_node_ids:1
[STDERR  ] 2017-06-12T18:19:04.751762427Z: [    0.000000] PERCPU: Embedded 33 pages/cpu @ffff88003dc00000 s95960 r8192 d31016 u2097152
[STDERR  ] 2017-06-12T18:19:04.751767777Z: [    0.000000] Built 1 zonelists in Zone order, mobility grouping on.  Total pages: 257896
[STDERR  ] 2017-06-12T18:19:04.751773186Z: [    0.000000] Kernel command line: console=ttyS0
[STDERR  ] 2017-06-12T18:19:04.751778631Z: [    0.000000] PID hash table entries: 4096 (order: 3, 32768 bytes)
[STDERR  ] 2017-06-12T18:19:04.75178404Z: [    0.000000] Dentry cache hash table entries: 131072 (order: 8, 1048576 bytes)
[STDERR  ] 2017-06-12T18:19:04.751789439Z: [    0.000000] Inode-cache hash table entries: 65536 (order: 7, 524288 bytes)
[STDERR  ] 2017-06-12T18:19:04.751792797Z: [    0.000000] Memory: 978472K/1048052K available (9057K kernel code, 1470K rwdata, 3124K rodata, 1372K init, 728K bss, 69580K reserved, 0K cma-reserved)
[STDERR  ] 2017-06-12T18:19:04.751801281Z: [    0.000000] Hierarchical RCU implementation.
[STDERR  ] 2017-06-12T18:19:04.751809409Z: [    0.000000] 	Build-time adjustment of leaf fanout to 64.
[STDERR  ] 2017-06-12T18:19:04.751814811Z: [    0.000000] 	RCU restricting CPUs from NR_CPUS=128 to nr_cpu_ids=1.
[STDERR  ] 2017-06-12T18:19:04.751820156Z: [    0.000000] RCU: Adjusting geometry for rcu_fanout_leaf=64, nr_cpu_ids=1
[STDERR  ] 2017-06-12T18:19:04.751826714Z: [    0.000000] NR_IRQS:8448 nr_irqs:256 16
[STDERR  ] 2017-06-12T18:19:04.751831287Z: [    0.000000] Console: colour VGA+ 80x25
[STDERR  ] 2017-06-12T18:19:04.751844577Z: [    0.000000] console [ttyS0] enabled
[STDERR  ] 2017-06-12T18:19:04.751849137Z: [    0.000000] clocksource: hpet: mask: 0xffffffff max_cycles: 0xffffffff, max_idle_ns: 19112604467 ns
[STDERR  ] 2017-06-12T18:19:04.751866379Z: [    0.000000] tsc: Fast TSC calibration failed
[STDERR  ] 2017-06-12T18:19:04.751871886Z: [    0.000000] tsc: Unable to calibrate against PIT
[STDERR  ] 2017-06-12T18:19:04.751880896Z: [    0.000000] tsc: using HPET reference calibration
[STDERR  ] 2017-06-12T18:19:04.751889779Z: [    0.000000] tsc: Detected 2600.062 MHz processor
[STDERR  ] 2017-06-12T18:19:04.751892667Z: [    0.053103] Calibrating delay loop (skipped), value calculated using timer frequency.. 5200.12 BogoMIPS (lpj=26000620)
[STDERR  ] 2017-06-12T18:19:04.751898667Z: [    0.062919] pid_max: default: 32768 minimum: 301
[STDERR  ] 2017-06-12T18:19:04.75190656Z: [    0.064400] ACPI: Core revision 20150930
[STDERR  ] 2017-06-12T18:19:04.75191199Z: [    0.114435] ACPI: 1 ACPI AML tables successfully acquired and loaded
[STDERR  ] 2017-06-12T18:19:04.751917339Z: [    0.116622] Security Framework initialized
[STDERR  ] 2017-06-12T18:19:04.751920143Z: [    0.117170] Yama: becoming mindful.
[STDERR  ] 2017-06-12T18:19:04.751932493Z: [    0.121118] Mount-cache hash table entries: 2048 (order: 2, 16384 bytes)
[STDERR  ] 2017-06-12T18:19:04.751937777Z: [    0.122093] Mountpoint-cache hash table entries: 2048 (order: 2, 16384 bytes)
[STDERR  ] 2017-06-12T18:19:04.751943047Z: [    0.136765] Initializing cgroup subsys io
[STDERR  ] 2017-06-12T18:19:04.751945766Z: [    0.137945] Initializing cgroup subsys memory
[STDERR  ] 2017-06-12T18:19:04.751953627Z: [    0.139065] Initializing cgroup subsys devices
[STDERR  ] 2017-06-12T18:19:04.751958879Z: [    0.139768] Initializing cgroup subsys freezer
[STDERR  ] 2017-06-12T18:19:04.751964119Z: [    0.140205] Initializing cgroup subsys net_cls
[STDERR  ] 2017-06-12T18:19:04.751969354Z: [    0.140777] Initializing cgroup subsys perf_event
[STDERR  ] 2017-06-12T18:19:04.751976149Z: [    0.141549] Initializing cgroup subsys net_prio
[STDERR  ] 2017-06-12T18:19:04.751984357Z: [    0.142270] Initializing cgroup subsys hugetlb
[STDERR  ] 2017-06-12T18:19:04.751989739Z: [    0.142834] Initializing cgroup subsys pids
[STDERR  ] 2017-06-12T18:19:04.751994907Z: [    0.145557] Last level iTLB entries: 4KB 0, 2MB 0, 4MB 0
[STDERR  ] 2017-06-12T18:19:04.752000114Z: [    0.146149] Last level dTLB entries: 4KB 0, 2MB 0, 4MB 0, 1GB 0
[STDERR  ] 2017-06-12T18:19:04.752004443Z: [    0.481553] Freeing SMP alternatives memory: 24K (ffffffff930c8000 - ffffffff930ce000)
[STDERR  ] 2017-06-12T18:19:04.752012366Z: [    0.489611] ftrace: allocating 39586 entries in 155 pages
[STDERR  ] 2017-06-12T18:19:04.752014979Z: [    0.682949] ..TIMER: vector=0x30 apic1=0 pin1=2 apic2=-1 pin2=-1
[STDERR  ] 2017-06-12T18:19:04.75202559Z: [    0.790000] smpboot: CPU0: AMD QEMU Virtual CPU version 2.5+ (family: 0x6, model: 0x6, stepping: 0x3)
[STDERR  ] 2017-06-12T18:19:04.752030923Z: [    0.790000] Performance Events: Broken PMU hardware detected, using software events only.
[STDERR  ] 2017-06-12T18:19:04.752036203Z: [    0.790000] Failed to access perfctr msr (MSR c0010007 is 0)
[STDERR  ] 2017-06-12T18:19:04.752041443Z: [    0.795666] x86: Booted up 1 node, 1 CPUs
[STDERR  ] 2017-06-12T18:19:04.75204826Z: [    0.796399] smpboot: Total of 1 processors activated (5200.12 BogoMIPS)
[STDERR  ] 2017-06-12T18:19:04.752051079Z: [    0.802987] NMI watchdog: disabled (cpu0): hardware events not enabled
[STDERR  ] 2017-06-12T18:19:04.752061937Z: [    0.803686] NMI watchdog: Shutting down hard lockup detector on all cpus
[STDERR  ] 2017-06-12T18:19:04.75206452Z: [    0.813714] devtmpfs: initialized
[STDERR  ] 2017-06-12T18:19:04.752072454Z: [    0.888353] clocksource: jiffies: mask: 0xffffffff max_cycles: 0xffffffff, max_idle_ns: 19112604462750000 ns
[STDERR  ] 2017-06-12T18:19:04.752075163Z: [    0.889822] futex hash table entries: 256 (order: 2, 16384 bytes)
[STDERR  ] 2017-06-12T18:19:04.752082912Z: [    0.901426] NET: Registered protocol family 16
[STDERR  ] 2017-06-12T18:19:04.752085595Z: [    0.908632] cpuidle: using governor ladder
[STDERR  ] 2017-06-12T18:19:04.752093453Z: [    0.910252] cpuidle: using governor menu
[STDERR  ] 2017-06-12T18:19:04.752098638Z: [    0.912020] ACPI: bus type PCI registered
[STDERR  ] 2017-06-12T18:19:04.75210976Z: [    0.915300] PCI: MMCONFIG for domain 0000 [bus 00-ff] at [mem 0xb0000000-0xbfffffff] (base 0xb0000000)
[STDERR  ] 2017-06-12T18:19:04.752124633Z: [    0.917043] PCI: MMCONFIG at [mem 0xb0000000-0xbfffffff] reserved in E820
[STDERR  ] 2017-06-12T18:19:04.75213812Z: [    0.918770] PCI: Using configuration type 1 for base access
[STDERR  ] 2017-06-12T18:19:04.75214656Z: [    0.994334] ACPI: Added _OSI(Module Device)
[STDERR  ] 2017-06-12T18:19:04.752154926Z: [    0.995119] ACPI: Added _OSI(Processor Device)
[STDERR  ] 2017-06-12T18:19:04.752168683Z: [    0.995705] ACPI: Added _OSI(3.0 _SCP Extensions)
[STDERR  ] 2017-06-12T18:19:04.752174036Z: [    0.996306] ACPI: Added _OSI(Processor Aggregator Device)
[STDERR  ] 2017-06-12T18:19:04.752181826Z: [    1.074019] ACPI: Interpreter enabled
[STDERR  ] 2017-06-12T18:19:04.752189708Z: [    1.075184] ACPI: (supports S0 S5)
[STDERR  ] 2017-06-12T18:19:04.752194868Z: [    1.075671] ACPI: Using IOAPIC for interrupt routing
[STDERR  ] 2017-06-12T18:19:04.752200179Z: [    1.077871] PCI: Using host bridge windows from ACPI; if necessary, use "pci=nocrs" and report a bug
[STDERR  ] 2017-06-12T18:19:04.752207328Z: [    1.138769] ACPI: PCI Root Bridge [PCI0] (domain 0000 [bus 00-ff])
[STDERR  ] 2017-06-12T18:19:04.752212609Z: [    1.140363] acpi PNP0A08:00: _OSC: OS supports [ExtendedConfig ASPM ClockPM Segments MSI]
[STDERR  ] 2017-06-12T18:19:04.752217856Z: [    1.146350] acpi PNP0A08:00: _OSC: OS now controls [PCIeHotplug PME PCIeCapability]
[STDERR  ] 2017-06-12T18:19:04.752220683Z: [    1.150701] PCI host bridge to bus 0000:00
[STDERR  ] 2017-06-12T18:19:04.7522257Z: [    1.151581] pci_bus 0000:00: root bus resource [io  0x0000-0x0cf7 window]
[STDERR  ] 2017-06-12T18:19:04.752235089Z: [    1.152537] pci_bus 0000:00: root bus resource [io  0x0d00-0xffff window]
[STDERR  ] 2017-06-12T18:19:04.75224149Z: [    1.153170] pci_bus 0000:00: root bus resource [mem 0x000a0000-0x000bffff window]
[STDERR  ] 2017-06-12T18:19:04.752249496Z: [    1.153946] pci_bus 0000:00: root bus resource [mem 0xc0000000-0xfebfffff window]
[STDERR  ] 2017-06-12T18:19:04.752252188Z: [    1.154909] pci_bus 0000:00: root bus resource [bus 00-ff]
[STDERR  ] 2017-06-12T18:19:04.752262486Z: [    1.248030] pci 0000:00:1f.0: quirk: [io  0x0600-0x067f] claimed by ICH6 ACPI/GPIO/TCO
[STDERR  ] 2017-06-12T18:19:04.752269908Z: [    1.306986] ACPI: PCI Interrupt Link [LNKA] (IRQs 5 *10 11)
[STDERR  ] 2017-06-12T18:19:04.752275233Z: [    1.310284] ACPI: PCI Interrupt Link [LNKB] (IRQs 5 *10 11)
[STDERR  ] 2017-06-12T18:19:04.752280598Z: [    1.312301] ACPI: PCI Interrupt Link [LNKC] (IRQs 5 10 *11)
[STDERR  ] 2017-06-12T18:19:04.752285859Z: [    1.314289] ACPI: PCI Interrupt Link [LNKD] (IRQs 5 10 *11)
[STDERR  ] 2017-06-12T18:19:04.752293486Z: [    1.316227] ACPI: PCI Interrupt Link [LNKE] (IRQs 5 *10 11)
[STDERR  ] 2017-06-12T18:19:04.752298629Z: [    1.318214] ACPI: PCI Interrupt Link [LNKF] (IRQs 5 *10 11)
[STDERR  ] 2017-06-12T18:19:04.752303679Z: [    1.320416] ACPI: PCI Interrupt Link [LNKG] (IRQs 5 10 *11)
[STDERR  ] 2017-06-12T18:19:04.752308778Z: [    1.322393] ACPI: PCI Interrupt Link [LNKH] (IRQs 5 10 *11)
[STDERR  ] 2017-06-12T18:19:04.752313908Z: [    1.323492] ACPI: PCI Interrupt Link [GSIA] (IRQs *16)
[STDERR  ] 2017-06-12T18:19:04.75232059Z: [    1.324381] ACPI: PCI Interrupt Link [GSIB] (IRQs *17)
[STDERR  ] 2017-06-12T18:19:04.752325723Z: [    1.325227] ACPI: PCI Interrupt Link [GSIC] (IRQs *18)
[STDERR  ] 2017-06-12T18:19:04.752330788Z: [    1.326144] ACPI: PCI Interrupt Link [GSID] (IRQs *19)
[STDERR  ] 2017-06-12T18:19:04.752335856Z: [    1.327009] ACPI: PCI Interrupt Link [GSIE] (IRQs *20)
[STDERR  ] 2017-06-12T18:19:04.752341006Z: [    1.327916] ACPI: PCI Interrupt Link [GSIF] (IRQs *21)
[STDERR  ] 2017-06-12T18:19:04.752343693Z: [    1.328909] ACPI: PCI Interrupt Link [GSIG] (IRQs *22)
[STDERR  ] 2017-06-12T18:19:04.752348725Z: [    1.329770] ACPI: PCI Interrupt Link [GSIH] (IRQs *23)
[STDERR  ] 2017-06-12T18:19:04.752360649Z: [    1.334056] ACPI: Enabled 2 GPEs in block 00 to 3F
[STDERR  ] 2017-06-12T18:19:04.752365766Z: [    1.338448] SCSI subsystem initialized
[STDERR  ] 2017-06-12T18:19:04.752374088Z: [    1.342641] pps_core: LinuxPPS API ver. 1 registered
[STDERR  ] 2017-06-12T18:19:04.752382048Z: [    1.343189] pps_core: Software ver. 5.3.6 - Copyright 2005-2007 Rodolfo Giometti <giometti@linux.it>
[STDERR  ] 2017-06-12T18:19:04.752387419Z: [    1.344286] PTP clock support registered
[STDERR  ] 2017-06-12T18:19:04.752392629Z: [    1.345761] wmi: Mapper loaded
[STDERR  ] 2017-06-12T18:19:04.752395336Z: [    1.347627] PCI: Using ACPI for IRQ routing
[STDERR  ] 2017-06-12T18:19:04.752402876Z: [    1.366957] NetLabel: Initializing
[STDERR  ] 2017-06-12T18:19:04.752407962Z: [    1.367408] NetLabel:  domain hash size = 128
[STDERR  ] 2017-06-12T18:19:04.752413043Z: [    1.367846] NetLabel:  protocols = UNLABELED CIPSOv4
[STDERR  ] 2017-06-12T18:19:04.752415648Z: [    1.369828] NetLabel:  unlabeled traffic allowed by default
[STDERR  ] 2017-06-12T18:19:04.752423342Z: [    1.370686] HPET: 3 timers in total, 0 timers will be used for per-cpu timer
[STDERR  ] 2017-06-12T18:19:04.752428572Z: [    1.371792] hpet0: at MMIO 0xfed00000, IRQs 2, 8, 0
[STDERR  ] 2017-06-12T18:19:04.752433712Z: [    1.372602] hpet0: 3 comparators, 64-bit 100.000000 MHz counter
[STDERR  ] 2017-06-12T18:19:04.75243642Z: [    1.378731] amd_nb: Cannot enumerate AMD northbridges
[STDERR  ] 2017-06-12T18:19:04.752443926Z: [    1.380902] clocksource: Switched to clocksource hpet
[STDERR  ] 2017-06-12T18:19:04.75244652Z: [    1.621713] FS-Cache: Loaded
[STDERR  ] 2017-06-12T18:19:04.752456345Z: [    1.625892] CacheFiles: Loaded
[STDERR  ] 2017-06-12T18:19:04.752463782Z: [    1.628224] pnp: PnP ACPI init
[STDERR  ] 2017-06-12T18:19:04.752470399Z: [    1.639873] pnp: PnP ACPI: found 5 devices
[STDERR  ] 2017-06-12T18:19:04.752476182Z: [    1.693836] clocksource: acpi_pm: mask: 0xffffff max_cycles: 0xffffff, max_idle_ns: 2085701024 ns
[STDERR  ] 2017-06-12T18:19:04.75248424Z: [    1.696567] NET: Registered protocol family 2
[STDERR  ] 2017-06-12T18:19:04.752489458Z: [    1.703985] TCP established hash table entries: 8192 (order: 4, 65536 bytes)
[STDERR  ] 2017-06-12T18:19:04.752492122Z: [    1.705128] TCP bind hash table entries: 8192 (order: 5, 131072 bytes)
[STDERR  ] 2017-06-12T18:19:04.752499842Z: [    1.706217] TCP: Hash tables configured (established 8192 bind 8192)
[STDERR  ] 2017-06-12T18:19:04.752506632Z: [    1.707983] UDP hash table entries: 512 (order: 2, 16384 bytes)
[STDERR  ] 2017-06-12T18:19:04.752511768Z: [    1.708864] UDP-Lite hash table entries: 512 (order: 2, 16384 bytes)
[STDERR  ] 2017-06-12T18:19:04.752516999Z: [    1.711741] NET: Registered protocol family 1
[STDERR  ] 2017-06-12T18:19:04.752522165Z: [    1.716289] RPC: Registered named UNIX socket transport module.
[STDERR  ] 2017-06-12T18:19:04.752527346Z: [    1.717340] RPC: Registered udp transport module.
[STDERR  ] 2017-06-12T18:19:04.75253246Z: [    1.718292] RPC: Registered tcp transport module.
[STDERR  ] 2017-06-12T18:19:04.752540242Z: [    1.719052] RPC: Registered tcp NFSv4.1 backchannel transport module.
[STDERR  ] 2017-06-12T18:19:04.752545555Z: [    1.728073] Unpacking initramfs...
[STDERR  ] 2017-06-12T18:19:04.75255085Z: [    6.878491] Freeing initrd memory: 33232K (ffff88003df5c000 - ffff88003ffd0000)
[STDERR  ] 2017-06-12T18:19:04.752556133Z: [    6.902978] PCLMULQDQ-NI instructions are not detected.
[STDERR  ] 2017-06-12T18:19:04.752562773Z: [    6.904727] AVX or AES-NI instructions are not detected.
[STDERR  ] 2017-06-12T18:19:04.752567936Z: [    6.905606] CPU feature 'AVX registers' is not supported.
[STDERR  ] 2017-06-12T18:19:04.752573099Z: [    6.906218] CPU feature 'AVX registers' is not supported.
[STDERR  ] 2017-06-12T18:19:04.752578298Z: [    6.906876] CPU feature 'AVX registers' is not supported.
[STDERR  ] 2017-06-12T18:19:04.752583479Z: [    6.907524] CPU feature 'AVX registers' is not supported.
[STDERR  ] 2017-06-12T18:19:04.75258858Z: [    6.908247] AVX2 or AES-NI instructions are not detected.
[STDERR  ] 2017-06-12T18:19:04.752593753Z: [    6.908928] AVX2 instructions are not detected.
[STDERR  ] 2017-06-12T18:19:04.752601702Z: [    6.916114] audit: initializing netlink subsys (disabled)
[STDERR  ] 2017-06-12T18:19:04.752607158Z: [    6.918118] audit: type=2000 audit(1497291508.910:1): initialized
[STDERR  ] 2017-06-12T18:19:04.752612406Z: [    6.927149] HugeTLB registered 2 MB page size, pre-allocated 0 pages
[STDERR  ] 2017-06-12T18:19:04.752617613Z: [    6.931830] VFS: Disk quotas dquot_6.6.0
[STDERR  ] 2017-06-12T18:19:04.752620278Z: [    6.933013] VFS: Dquot-cache hash table entries: 512 (order 0, 4096 bytes)
[STDERR  ] 2017-06-12T18:19:04.752625365Z: [    6.938816] FS-Cache: Netfs 'nfs' registered for caching
[STDERR  ] 2017-06-12T18:19:04.752635465Z: [    6.941700] NFS: Registering the id_resolver key type
[STDERR  ] 2017-06-12T18:19:04.752640666Z: [    6.946310] Key type id_resolver registered
[STDERR  ] 2017-06-12T18:19:04.752643492Z: [    6.946928] Key type id_legacy registered
[STDERR  ] 2017-06-12T18:19:04.752653683Z: [    6.947683] nfs4filelayout_init: NFSv4 File Layout Driver Registering...
[STDERR  ] 2017-06-12T18:19:04.752658825Z: [    6.948769] Installing knfsd (copyright (C) 1996 okir@monad.swb.de).
[STDERR  ] 2017-06-12T18:19:04.752661435Z: [    6.953107] FS-Cache: Netfs 'cifs' registered for caching
[STDERR  ] 2017-06-12T18:19:04.75267338Z: [    6.954404] ntfs: driver 2.1.32 [Flags: R/O].
[STDERR  ] 2017-06-12T18:19:04.752681053Z: [    6.955201] fuse init (API version 7.23)
[STDERR  ] 2017-06-12T18:19:04.752686213Z: [    6.958022] SGI XFS with ACLs, security attributes, no debug enabled
[STDERR  ] 2017-06-12T18:19:04.752691403Z: [    6.961471] 9p: Installing v9fs 9p2000 file system support
[STDERR  ] 2017-06-12T18:19:04.752696536Z: [    6.962305] FS-Cache: Netfs '9p' registered for caching
[STDERR  ] 2017-06-12T18:19:04.752704635Z: [    6.965058] Key type big_key registered
[STDERR  ] 2017-06-12T18:19:04.752709825Z: [    6.999648] NET: Registered protocol family 38
[STDERR  ] 2017-06-12T18:19:04.752715036Z: [    7.002651] Key type asymmetric registered
[STDERR  ] 2017-06-12T18:19:04.752720126Z: [    7.003243] Asymmetric key parser 'x509' registered
[STDERR  ] 2017-06-12T18:19:04.752725328Z: [    7.004442] Block layer SCSI generic (bsg) driver version 0.4 loaded (major 251)
[STDERR  ] 2017-06-12T18:19:04.752733076Z: [    7.006225] io scheduler noop registered
[STDERR  ] 2017-06-12T18:19:04.752738273Z: [    7.006706] io scheduler deadline registered (default)
[STDERR  ] 2017-06-12T18:19:04.752743416Z: [    7.007635] io scheduler cfq registered
[STDERR  ] 2017-06-12T18:19:04.7527486Z: [    7.011945] pci_hotplug: PCI Hot Plug PCI Core version: 0.5
[STDERR  ] 2017-06-12T18:19:04.752755248Z: [    7.012929] pciehp: PCI Express Hot Plug Controller Driver version: 0.4
[STDERR  ] 2017-06-12T18:19:04.752760465Z: [    7.014140] shpchp: Standard Hot Plug PCI Controller Driver version: 0.4
[STDERR  ] 2017-06-12T18:19:04.752765682Z: [    7.015360] hv_vmbus: registering driver hyperv_fb
[STDERR  ] 2017-06-12T18:19:04.752770868Z: [    7.018846] input: Power Button as /devices/LNXSYSTM:00/LNXPWRBN:00/input/input0
[STDERR  ] 2017-06-12T18:19:04.752773569Z: [    7.021151] ACPI: Power Button [PWRF]
[STDERR  ] 2017-06-12T18:19:04.752781238Z: [    7.027421] GHES: HEST is not enabled!
[STDERR  ] 2017-06-12T18:19:04.752783873Z: [    7.040952] ACPI: PCI Interrupt Link [GSIH] enabled at IRQ 23
[STDERR  ] 2017-06-12T18:19:04.75279334Z: [    7.048013] xenfs: not registering filesystem on non-xen platform
[STDERR  ] 2017-06-12T18:19:04.75280078Z: [    7.051175] Serial: 8250/16550 driver, 4 ports, IRQ sharing disabled
[STDERR  ] 2017-06-12T18:19:04.752806076Z: [    7.079635] 00:04: ttyS0 at I/O 0x3f8 (irq = 4, base_baud = 115200) is a 16550A
[STDERR  ] 2017-06-12T18:19:04.752808803Z: [    7.087133] Initializing Nozomi driver 2.1d
[STDERR  ] 2017-06-12T18:19:04.752814006Z: [    7.092150] Non-volatile memory driver v1.3
[STDERR  ] 2017-06-12T18:19:04.752823648Z: [    7.099110] Hangcheck: starting hangcheck timer 0.9.1 (tick is 180 seconds, margin is 60 seconds).
[STDERR  ] 2017-06-12T18:19:04.752832945Z: [    7.137799] loop: module loaded
[STDERR  ] 2017-06-12T18:19:04.752843085Z: [    7.150429] nbd: registered device at major 43
[STDERR  ] 2017-06-12T18:19:04.752850076Z: [    7.188556] lpc_ich 0000:00:1f.0: I/O space for GPIO uninitialized
[STDERR  ] 2017-06-12T18:19:04.752855296Z: [    7.190966] VMware PVSCSI driver - version 1.0.5.0-k
[STDERR  ] 2017-06-12T18:19:04.752860433Z: [    7.192017] hv_vmbus: registering driver hv_storvsc
[STDERR  ] 2017-06-12T18:19:04.752865595Z: [    7.202338] ACPI: PCI Interrupt Link [GSIA] enabled at IRQ 16
[STDERR  ] 2017-06-12T18:19:04.752870855Z: [    7.208560] ahci 0000:00:1f.2: AHCI 0001.0000 32 slots 6 ports 1.5 Gbps 0x3f impl SATA mode
[STDERR  ] 2017-06-12T18:19:04.752873683Z: [    7.209725] ahci 0000:00:1f.2: flags: 64bit ncq only 
[STDERR  ] 2017-06-12T18:19:04.7528813Z: [    7.229888] scsi host0: ahci
[STDERR  ] 2017-06-12T18:19:04.752888243Z: [    7.233134] scsi host1: ahci
[STDERR  ] 2017-06-12T18:19:04.752897066Z: [    7.235573] scsi host2: ahci
[STDERR  ] 2017-06-12T18:19:04.752901413Z: [    7.237761] scsi host3: ahci
[STDERR  ] 2017-06-12T18:19:04.752914372Z: [    7.240383] scsi host4: ahci
[STDERR  ] 2017-06-12T18:19:04.752923563Z: [    7.242733] scsi host5: ahci
[STDERR  ] 2017-06-12T18:19:04.75293212Z: [    7.244603] ata1: SATA max UDMA/133 abar m4096@0xfebf1000 port 0xfebf1100 irq 24
[STDERR  ] 2017-06-12T18:19:04.752940893Z: [    7.245363] ata2: SATA max UDMA/133 abar m4096@0xfebf1000 port 0xfebf1180 irq 24
[STDERR  ] 2017-06-12T18:19:04.75294998Z: [    7.246057] ata3: SATA max UDMA/133 abar m4096@0xfebf1000 port 0xfebf1200 irq 24
[STDERR  ] 2017-06-12T18:19:04.752955235Z: [    7.246709] ata4: SATA max UDMA/133 abar m4096@0xfebf1000 port 0xfebf1280 irq 24
[STDERR  ] 2017-06-12T18:19:04.752961235Z: [    7.247405] ata5: SATA max UDMA/133 abar m4096@0xfebf1000 port 0xfebf1300 irq 24
[STDERR  ] 2017-06-12T18:19:04.752966566Z: [    7.248069] ata6: SATA max UDMA/133 abar m4096@0xfebf1000 port 0xfebf1380 irq 24
[STDERR  ] 2017-06-12T18:19:04.752974243Z: [    7.257710] Ethernet Channel Bonding Driver: v3.7.1 (April 27, 2011)
[STDERR  ] 2017-06-12T18:19:04.752984156Z: [    7.277487] tun: Universal TUN/TAP device driver, 1.6
[STDERR  ] 2017-06-12T18:19:04.752989383Z: [    7.278106] tun: (C) 1999-2004 Max Krasnyansky <maxk@qualcomm.com>
[STDERR  ] 2017-06-12T18:19:04.752994562Z: [    7.281024] e1000: Intel(R) PRO/1000 Network Driver - version 7.3.21-k8-NAPI
[STDERR  ] 2017-06-12T18:19:04.752999785Z: [    7.281798] e1000: Copyright (c) 1999-2006 Intel Corporation.
[STDERR  ] 2017-06-12T18:19:04.753005008Z: [    7.289655] ACPI: PCI Interrupt Link [GSIG] enabled at IRQ 22
[STDERR  ] 2017-06-12T18:19:04.75300778Z: [    7.618423] e1000 0000:00:02.0 eth0: (PCI:33MHz:32-bit) 52:54:00:12:34:56
[STDERR  ] 2017-06-12T18:19:04.753012815Z: [    7.621102] e1000 0000:00:02.0 eth0: Intel(R) PRO/1000 Network Connection
[STDERR  ] 2017-06-12T18:19:04.753022046Z: [    7.624078] e1000e: Intel(R) PRO/1000 Network Driver - 3.2.6-k
[STDERR  ] 2017-06-12T18:19:04.753026882Z: [    7.625579] e1000e: Copyright(c) 1999 - 2015 Intel Corporation.
[STDERR  ] 2017-06-12T18:19:04.753032002Z: [    7.627974] igb: Intel(R) Gigabit Ethernet Network Driver - version 5.3.0-k
[STDERR  ] 2017-06-12T18:19:04.75303972Z: [    7.629626] igb: Copyright (c) 2007-2014 Intel Corporation.
[STDERR  ] 2017-06-12T18:19:04.75304495Z: [    7.632400] igbvf: Intel(R) Gigabit Virtual Function Network Driver - version 2.0.2-k
[STDERR  ] 2017-06-12T18:19:04.753050119Z: [    7.634314] igbvf: Copyright (c) 2009 - 2012 Intel Corporation.
[STDERR  ] 2017-06-12T18:19:04.753055275Z: [    7.636634] ixgbe: Intel(R) 10 Gigabit PCI Express Network Driver - version 4.2.1-k
[STDERR  ] 2017-06-12T18:19:04.753060403Z: [    7.638539] ixgbe: Copyright (c) 1999-2015 Intel Corporation.
[STDERR  ] 2017-06-12T18:19:04.753065662Z: [    7.641704] ixgbevf: Intel(R) 10 Gigabit PCI Express Virtual Function Network Driver - version 2.12.1-k
[STDERR  ] 2017-06-12T18:19:04.75307079Z: [    7.643857] ixgbevf: Copyright (c) 2009 - 2012 Intel Corporation.
[STDERR  ] 2017-06-12T18:19:04.753078975Z: [    7.646246] ixgb: Intel(R) PRO/10GbE Network Driver - version 1.0.135-k2-NAPI
[STDERR  ] 2017-06-12T18:19:04.753084422Z: [    7.647961] ixgb: Copyright (c) 1999-2008 Intel Corporation.
[STDERR  ] 2017-06-12T18:19:04.753087215Z: [    7.651111] PPP generic driver version 2.4.2
[STDERR  ] 2017-06-12T18:19:04.753092333Z: [    7.654337] PPP BSD Compression module registered
[STDERR  ] 2017-06-12T18:19:04.753100099Z: [    7.655836] PPP Deflate Compression module registered
[STDERR  ] 2017-06-12T18:19:04.753109002Z: [    7.657536] PPP MPPE Compression module registered
[STDERR  ] 2017-06-12T18:19:04.75311419Z: [    7.659001] NET: Registered protocol family 24
[STDERR  ] 2017-06-12T18:19:04.75312187Z: [    7.661517] PPTP driver version 0.8.5
[STDERR  ] 2017-06-12T18:19:04.75312868Z: [    7.664632] VMware vmxnet3 virtual NIC driver - version 1.4.5.0-k-NAPI
[STDERR  ] 2017-06-12T18:19:04.753133888Z: [    7.667251] hv_vmbus: registering driver hv_netvsc
[STDERR  ] 2017-06-12T18:19:04.753141299Z: [    7.668575] Fusion MPT base driver 3.04.20
[STDERR  ] 2017-06-12T18:19:04.753146518Z: [    7.669574] Copyright (c) 1999-2008 LSI Corporation
[STDERR  ] 2017-06-12T18:19:04.753151645Z: [    7.671699] Fusion MPT SPI Host driver 3.04.20
[STDERR  ] 2017-06-12T18:19:04.753156801Z: [    7.682030] ata1: SATA link down (SStatus 0 SControl 300)
[STDERR  ] 2017-06-12T18:19:04.753162005Z: [    7.686634] ata2: SATA link down (SStatus 0 SControl 300)
[STDERR  ] 2017-06-12T18:19:04.753167252Z: [    7.688835] ata3: SATA link up 1.5 Gbps (SStatus 113 SControl 300)
[STDERR  ] 2017-06-12T18:19:04.753172405Z: [    7.693914] ata5: SATA link down (SStatus 0 SControl 300)
[STDERR  ] 2017-06-12T18:19:04.753175085Z: [    7.695727] ata4: SATA link down (SStatus 0 SControl 300)
[STDERR  ] 2017-06-12T18:19:04.753185848Z: [    7.697386] ata6: SATA link down (SStatus 0 SControl 300)
[STDERR  ] 2017-06-12T18:19:04.753192635Z: [    7.703311] ata3.00: ATAPI: QEMU DVD-ROM, 2.5+, max UDMA/100
[STDERR  ] 2017-06-12T18:19:04.753195352Z: [    7.705107] ata3.00: applying bridge limits
[STDERR  ] 2017-06-12T18:19:04.753205664Z: [    7.708747] ata3.00: configured for UDMA/100
[STDERR  ] 2017-06-12T18:19:04.753208482Z: [    7.711995] aoe: AoE v85 initialised.
[STDERR  ] 2017-06-12T18:19:04.753216299Z: [    7.717061] i8042: PNP: PS/2 Controller [PNP0303:KBD,PNP0f13:MOU] at 0x60,0x64 irq 1,12
[STDERR  ] 2017-06-12T18:19:04.753223058Z: [    7.725388] serio: i8042 KBD port at 0x60,0x64 irq 1
[STDERR  ] 2017-06-12T18:19:04.753225677Z: [    7.727405] serio: i8042 AUX port at 0x60,0x64 irq 12
[STDERR  ] 2017-06-12T18:19:04.753236074Z: [    7.749809] hv_vmbus: registering driver hyperv_keyboard
[STDERR  ] 2017-06-12T18:19:04.753242948Z: [    7.754159] mousedev: PS/2 mouse device common for all mice
[STDERR  ] 2017-06-12T18:19:04.753248295Z: [    7.758475] scsi 2:0:0:0: CD-ROM            QEMU     QEMU DVD-ROM     2.5+ PQ: 0 ANSI: 5
[STDERR  ] 2017-06-12T18:19:04.753253641Z: [    7.768195] input: AT Translated Set 2 keyboard as /devices/platform/i8042/serio0/input/input1
[STDERR  ] 2017-06-12T18:19:04.753260434Z: [    7.773634] input: PC Speaker as /devices/platform/pcspkr/input/input2
[STDERR  ] 2017-06-12T18:19:04.753265681Z: [    7.784274] rtc_cmos 00:00: RTC can wake from S4
[STDERR  ] 2017-06-12T18:19:04.753270884Z: [    7.796914] rtc_cmos 00:00: rtc core: registered rtc_cmos as rtc0
[STDERR  ] 2017-06-12T18:19:04.753276027Z: [    7.799892] rtc_cmos 00:00: alarms up to one day, y3k, 114 bytes nvram, hpet irqs
[STDERR  ] 2017-06-12T18:19:04.753283624Z: [    7.806395] sr 2:0:0:0: [sr0] scsi3-mmc drive: 4x/4x cd/rw xa/form2 tray
[STDERR  ] 2017-06-12T18:19:04.753288775Z: [    7.808538] cdrom: Uniform CD-ROM driver Revision: 3.20
[STDERR  ] 2017-06-12T18:19:04.753293952Z: [    7.811086] i2c /dev entries driver
[STDERR  ] 2017-06-12T18:19:04.753299145Z: [    7.818349] device-mapper: ioctl: 4.34.0-ioctl (2015-10-28) initialised: dm-devel@redhat.com
[STDERR  ] 2017-06-12T18:19:04.753304421Z: [    7.836762] hv_utils: Registering HyperV Utility Driver
[STDERR  ] 2017-06-12T18:19:04.753312464Z: [    7.838179] hv_vmbus: registering driver hv_util
[STDERR  ] 2017-06-12T18:19:04.753317942Z: [    7.839571] hv_vmbus: registering driver hv_balloon
[STDERR  ] 2017-06-12T18:19:04.753323094Z: [    7.842062] sr 2:0:0:0: Attached scsi generic sg0 type 5
[STDERR  ] 2017-06-12T18:19:04.753328299Z: [    7.847309] oprofile: using NMI interrupt.
[STDERR  ] 2017-06-12T18:19:04.753333519Z: [    7.850005] GACT probability on
[STDERR  ] 2017-06-12T18:19:04.753338649Z: [    7.851719] Mirror/redirect action on
[STDERR  ] 2017-06-12T18:19:04.753343779Z: [    7.853188] Simple TC action Loaded
[STDERR  ] 2017-06-12T18:19:04.753348935Z: [    7.859500] netem: version 1.3
[STDERR  ] 2017-06-12T18:19:04.753356557Z: [    7.861279] u32 classifier
[STDERR  ] 2017-06-12T18:19:04.753363632Z: [    7.862015]     Performance counters on
[STDERR  ] 2017-06-12T18:19:04.753372391Z: [    7.862956]     input device check on
[STDERR  ] 2017-06-12T18:19:04.753383564Z: [    7.863873]     Actions configured
[STDERR  ] 2017-06-12T18:19:04.753389047Z: [    7.865941] Netfilter messages via NETLINK v0.30.
[STDERR  ] 2017-06-12T18:19:04.753394179Z: [    7.867707] nfnl_acct: registering with nfnetlink.
[STDERR  ] 2017-06-12T18:19:04.753399449Z: [    7.870592] nf_conntrack version 0.5.0 (7904 buckets, 31616 max)
[STDERR  ] 2017-06-12T18:19:04.753406207Z: [    7.878166] ctnetlink v0.93: registering with nfnetlink.
[STDERR  ] 2017-06-12T18:19:04.753409012Z: [    7.880971] tsc: Refined TSC clocksource calibration: 2600.005 MHz
[STDERR  ] 2017-06-12T18:19:04.753418249Z: [    7.882349] clocksource: tsc: mask: 0xffffffffffffffff max_cycles: 0x257a40ff313, max_idle_ns: 440795330741 ns
[STDERR  ] 2017-06-12T18:19:04.753426109Z: [    7.889393] nf_tables: (c) 2007-2009 Patrick McHardy <kaber@trash.net>
[STDERR  ] 2017-06-12T18:19:04.753435199Z: [    7.892454] nf_tables_compat: (c) 2012 Pablo Neira Ayuso <pablo@netfilter.org>
[STDERR  ] 2017-06-12T18:19:04.753440515Z: [    7.899039] xt_time: kernel timezone is -0000
[STDERR  ] 2017-06-12T18:19:04.753447249Z: [    7.901137] ip_set: protocol 6
[STDERR  ] 2017-06-12T18:19:04.753449932Z: [    7.902734] IPVS: Registered protocols (TCP, UDP, SCTP, AH, ESP)
[STDERR  ] 2017-06-12T18:19:04.753457508Z: [    7.904278] IPVS: Connection hash table configured (size=4096, memory=64Kbytes)
[STDERR  ] 2017-06-12T18:19:04.753462669Z: [    7.907699] IPVS: Creating netns size=2096 id=0
[STDERR  ] 2017-06-12T18:19:04.753465272Z: [    7.912895] IPVS: ipvs loaded.
[STDERR  ] 2017-06-12T18:19:04.753473072Z: [    7.913916] IPVS: [rr] scheduler registered.
[STDERR  ] 2017-06-12T18:19:04.753475829Z: [    7.914860] IPVS: [wrr] scheduler registered.
[STDERR  ] 2017-06-12T18:19:04.753483347Z: [    7.915624] IPVS: [lc] scheduler registered.
[STDERR  ] 2017-06-12T18:19:04.753488442Z: [    7.916492] IPVS: [wlc] scheduler registered.
[STDERR  ] 2017-06-12T18:19:04.753493551Z: [    7.917440] IPVS: [fo] scheduler registered.
[STDERR  ] 2017-06-12T18:19:04.753496154Z: [    7.918235] IPVS: [ovf] scheduler registered.
[STDERR  ] 2017-06-12T18:19:04.753505954Z: [    7.919415] IPVS: [lblc] scheduler registered.
[STDERR  ] 2017-06-12T18:19:04.753511102Z: [    7.921192] IPVS: [lblcr] scheduler registered.
[STDERR  ] 2017-06-12T18:19:04.753516212Z: [    7.922060] IPVS: [dh] scheduler registered.
[STDERR  ] 2017-06-12T18:19:04.753518922Z: [    7.922934] IPVS: [sh] scheduler registered.
[STDERR  ] 2017-06-12T18:19:04.753523938Z: [    7.923800] IPVS: [sed] scheduler registered.
[STDERR  ] 2017-06-12T18:19:04.753531648Z: [    7.924652] IPVS: [nq] scheduler registered.
[STDERR  ] 2017-06-12T18:19:04.753534368Z: [    7.926268] IPVS: ftp: loaded support on port[0] = 21
[STDERR  ] 2017-06-12T18:19:04.753541945Z: [    7.928071] ipip: IPv4 over IPv4 tunneling driver
[STDERR  ] 2017-06-12T18:19:04.753547049Z: [    7.935292] gre: GRE over IPv4 demultiplexor driver
[STDERR  ] 2017-06-12T18:19:04.753549637Z: [    7.936436] ip_gre: GRE over IPv4 tunneling driver
[STDERR  ] 2017-06-12T18:19:04.753557269Z: [    7.946088] IPv4 over IPsec tunneling driver
[STDERR  ] 2017-06-12T18:19:04.753559942Z: [    7.957734] ip_tables: (C) 2000-2006 Netfilter Core Team
[STDERR  ] 2017-06-12T18:19:04.753571119Z: [    7.964206] ipt_CLUSTERIP: ClusterIP Version 0.8 loaded successfully
[STDERR  ] 2017-06-12T18:19:04.753576379Z: [    7.966114] arp_tables: (C) 2002 David S. Miller
[STDERR  ] 2017-06-12T18:19:04.753578978Z: [    7.969563] Initializing XFRM netlink socket
[STDERR  ] 2017-06-12T18:19:04.753590705Z: [    7.972490] NET: Registered protocol family 10
[STDERR  ] 2017-06-12T18:19:04.753597949Z: [    7.992437] mip6: Mobile IPv6
[STDERR  ] 2017-06-12T18:19:04.753603208Z: [    7.993750] ip6_tables: (C) 2000-2006 Netfilter Core Team
[STDERR  ] 2017-06-12T18:19:04.753608288Z: [    8.007622] sit: IPv6 over IPv4 tunneling driver
[STDERR  ] 2017-06-12T18:19:04.753613394Z: [    8.020010] ip6_gre: GRE over IPv6 tunneling driver
[STDERR  ] 2017-06-12T18:19:04.753618601Z: [    8.026809] NET: Registered protocol family 17
[STDERR  ] 2017-06-12T18:19:04.753623675Z: [    8.028232] NET: Registered protocol family 15
[STDERR  ] 2017-06-12T18:19:04.753628997Z: [    8.029929] bridge: automatic filtering via arp/ip/ip6tables has been deprecated. Update your scripts to load br_netfilter if you need this.
[STDERR  ] 2017-06-12T18:19:04.753632289Z: [    8.033860] Bridge firewalling registered
[STDERR  ] 2017-06-12T18:19:04.753637275Z: [    8.035307] Ebtables v2.0 registered
[STDERR  ] 2017-06-12T18:19:04.753644935Z: [    8.043657] l2tp_core: L2TP core driver, V2.0
[STDERR  ] 2017-06-12T18:19:04.753648815Z: [    8.045008] l2tp_ppp: PPPoL2TP kernel driver, V2.0
[STDERR  ] 2017-06-12T18:19:04.753656365Z: [    8.045991] 8021q: 802.1Q VLAN Support v1.8
[STDERR  ] 2017-06-12T18:19:04.753664115Z: [    8.048735] 9pnet: Installing 9P2000 support
[STDERR  ] 2017-06-12T18:19:04.753672182Z: [    8.051165] Key type dns_resolver registered
[STDERR  ] 2017-06-12T18:19:04.753674964Z: [    8.052155] openvswitch: Open vSwitch switching datapath
[STDERR  ] 2017-06-12T18:19:04.753680044Z: [    8.055868] hv_sock: failed to load: VMBus 4 or later is required
[STDERR  ] 2017-06-12T18:19:04.753687797Z: [    8.057075] mpls_gso: MPLS GSO support
[STDERR  ] 2017-06-12T18:19:04.753692902Z: [    8.058207] microcode: AMD CPU family 0x6 not supported
[STDERR  ] 2017-06-12T18:19:04.753700214Z: [    8.065599] registered taskstats version 1
[STDERR  ] 2017-06-12T18:19:04.753705481Z: [    8.285098] Key type encrypted registered
[STDERR  ] 2017-06-12T18:19:04.753710699Z: [    8.294685] rtc_cmos 00:00: setting system clock to 2017-06-12 18:18:31 UTC (1497291511)
[STDERR  ] 2017-06-12T18:19:04.753716039Z: [    8.542816] Freeing unused kernel memory: 1372K (ffffffff92f71000 - ffffffff930c8000)
[STDERR  ] 2017-06-12T18:19:04.753721312Z: [    8.544487] Write protecting the kernel read-only data: 14336k
[STDERR  ] 2017-06-12T18:19:04.753726534Z: [    8.566505] Freeing unused kernel memory: 1172K (ffff8800128db000 - ffff880012a00000)
[STDERR  ] 2017-06-12T18:19:04.753733338Z: [    8.695806] Freeing unused kernel memory: 972K (ffff880012d0d000 - ffff880012e00000)
[STDERR  ] 2017-06-12T18:19:04.753736135Z: [    8.891546] clocksource: Switched to clocksource tsc
[STDERR  ] 2017-06-12T18:19:04.753741269Z: 
[STDERR  ] 2017-06-12T18:19:04.753749228Z: Starting containerd
[STDERR  ] 2017-06-12T18:19:04.753754387Z: 
[STDERR  ] 2017-06-12T18:19:04.753759567Z: Welcome to LinuxKit
[STDERR  ] 2017-06-12T18:19:04.753762267Z: 
[STDERR  ] 2017-06-12T18:19:04.753770034Z:                         ##         .
[STDERR  ] 2017-06-12T18:19:04.753775207Z:                   ## ## ##        ==
[STDERR  ] 2017-06-12T18:19:04.753780375Z:                ## ## ## ## ##    ===
[STDERR  ] 2017-06-12T18:19:04.753785531Z:            /"""""""""""""""""\___/ ===
[STDERR  ] 2017-06-12T18:19:04.753790675Z:       ~~~ {~~ ~~~~ ~~~ ~~~~ ~~~ ~ /  ===- ~~~
[STDERR  ] 2017-06-12T18:19:04.753793349Z:            \______ o           __/
[STDERR  ] 2017-06-12T18:19:04.753801205Z:              \    \         __/
[STDERR  ] 2017-06-12T18:19:04.753806397Z:               \____\_______/
[STDERR  ] 2017-06-12T18:19:04.753814131Z: 
[STDERR  ] 2017-06-12T18:19:04.753819602Z: [34mINFO[0m[0000] starting containerd boot...                   [34mmodule[0m=containerd
[STDERR  ] 2017-06-12T18:19:04.753824992Z: [34mINFO[0m[0000] starting debug API...                         [34mdebug[0m="/run/containerd/debug.sock" [34mmodule[0m=containerd
[STDERR  ] 2017-06-12T18:19:04.753832247Z: [34mINFO[0m[0000] loading monitor plugin "cgroups"...           [34mmodule[0m=containerd
[STDERR  ] 2017-06-12T18:19:04.753837511Z: [34mINFO[0m[0000] loading runtime plugin "linux"...             [34mmodule[0m=containerd
[STDERR  ] 2017-06-12T18:19:04.753840192Z: [34mINFO[0m[0000] loading snapshot plugin "snapshot-overlay"...  [34mmodule[0m=containerd
[STDERR  ] 2017-06-12T18:19:04.753845208Z: [34mINFO[0m[0000] loading differ plugin "diff-base"...          [34mmodule[0m=containerd
[STDERR  ] 2017-06-12T18:19:04.753852857Z: [34mINFO[0m[0000] loading grpc service plugin "images-grpc"...  [34mmodule[0m=containerd
[STDERR  ] 2017-06-12T18:19:04.753858019Z: [34mINFO[0m[0000] loading grpc service plugin "namespaces-grpc"...  [34mmodule[0m=containerd
[STDERR  ] 2017-06-12T18:19:04.753860765Z: [34mINFO[0m[0000] loading grpc service plugin "snapshots-grpc"...  [34mmodule[0m=containerd
[STDERR  ] 2017-06-12T18:19:04.753865772Z: [34mINFO[0m[0000] loading grpc service plugin "tasks-grpc"...   [34mmodule[0m=containerd
[STDERR  ] 2017-06-12T18:19:04.753877621Z: [34mINFO[0m[0000] loading grpc service plugin "content-grpc"...  [34mmodule[0m=containerd
[STDERR  ] 2017-06-12T18:19:04.753882738Z: [34mINFO[0m[0000] loading grpc service plugin "healthcheck-grpc"...  [34mmodule[0m=containerd
[STDERR  ] 2017-06-12T18:19:04.753890618Z: [34mINFO[0m[0000] loading grpc service plugin "version-grpc"...  [34mmodule[0m=containerd
[STDERR  ] 2017-06-12T18:19:04.753895841Z: [34mINFO[0m[0000] loading grpc service plugin "diff-grpc"...    [34mmodule[0m=containerd
[STDERR  ] 2017-06-12T18:19:04.753900971Z: [34mINFO[0m[0000] loading grpc service plugin "metrics-grpc"...  [34mmodule[0m=containerd
[STDERR  ] 2017-06-12T18:19:04.753906149Z: [34mINFO[0m[0000] loading grpc service plugin "containers-grpc"...  [34mmodule[0m=containerd
[STDERR  ] 2017-06-12T18:19:04.753917554Z: [34mINFO[0m[0000] starting GRPC API server...                   [34mmodule[0m=containerd
[STDERR  ] 2017-06-12T18:19:04.753920597Z: [34mINFO[0m[0000] containerd successfully booted in 0.304990s   [34mmodule[0m=containerd
[STDERR  ] 2017-06-12T18:19:04.753928212Z: starting kernel config sanity test with /proc/config.gz
[STDERR  ] 2017-06-12T18:19:04.753930841Z: kernel config test succeeded!
[STDERR  ] 2017-06-12T18:19:04.754166731Z: [37minfo: reading kernel config from /proc/config.gz ...[m
[STDERR  ] 2017-06-12T18:19:04.754174661Z: 
[STDERR  ] 2017-06-12T18:19:04.754177458Z: Generally Necessary:
[STDERR  ] 2017-06-12T18:19:04.754185307Z: - [37mcgroup hierarchy[m: [32mproperly mounted[m [/sys/fs/cgroup]
[STDERR  ] 2017-06-12T18:19:04.754187931Z: - [37mCONFIG_NAMESPACES[m: [32menabled[m
[STDERR  ] 2017-06-12T18:19:04.75421124Z: - [37mCONFIG_NET_NS[m: [32menabled[m
[STDERR  ] 2017-06-12T18:19:04.754218608Z: - [37mCONFIG_PID_NS[m: [32menabled[m
[STDERR  ] 2017-06-12T18:19:04.754223864Z: - [37mCONFIG_IPC_NS[m: [32menabled[m
[STDERR  ] 2017-06-12T18:19:04.754229091Z: - [37mCONFIG_UTS_NS[m: [32menabled[m
[STDERR  ] 2017-06-12T18:19:04.754234247Z: - [37mCONFIG_CGROUPS[m: [32menabled[m
[STDERR  ] 2017-06-12T18:19:04.754236967Z: - [37mCONFIG_CGROUP_CPUACCT[m: [32menabled[m
[STDERR  ] 2017-06-12T18:19:04.754244713Z: - [37mCONFIG_CGROUP_DEVICE[m: [32menabled[m
[STDERR  ] 2017-06-12T18:19:04.754249824Z: - [37mCONFIG_CGROUP_FREEZER[m: [32menabled[m
[STDERR  ] 2017-06-12T18:19:04.754254987Z: - [37mCONFIG_CGROUP_SCHED[m: [32menabled[m
[STDERR  ] 2017-06-12T18:19:04.754257583Z: - [37mCONFIG_CPUSETS[m: [32menabled[m
[STDERR  ] 2017-06-12T18:19:04.754267026Z: - [37mCONFIG_MEMCG[m: [32menabled[m
[STDERR  ] 2017-06-12T18:19:04.754269734Z: - [37mCONFIG_KEYS[m: [32menabled[m
[STDERR  ] 2017-06-12T18:19:04.754296947Z: - [37mCONFIG_VETH[m: [32menabled[m
[STDERR  ] 2017-06-12T18:19:04.754302247Z: - [37mCONFIG_BRIDGE[m: [32menabled[m
[STDERR  ] 2017-06-12T18:19:04.75430754Z: - [37mCONFIG_BRIDGE_NETFILTER[m: [32menabled[m
[STDERR  ] 2017-06-12T18:19:04.754315193Z: - [37mCONFIG_NF_NAT_IPV4[m: [32menabled[m
[STDERR  ] 2017-06-12T18:19:04.754317811Z: - [37mCONFIG_IP_NF_FILTER[m: [32menabled[m
[STDERR  ] 2017-06-12T18:19:04.754325693Z: - [37mCONFIG_IP_NF_TARGET_MASQUERADE[m: [32menabled[m
[STDERR  ] 2017-06-12T18:19:04.75433086Z: - [37mCONFIG_NETFILTER_XT_MATCH_ADDRTYPE[m: [32menabled[m
[STDERR  ] 2017-06-12T18:19:04.754337681Z: - [37mCONFIG_NETFILTER_XT_MATCH_CONNTRACK[m: [32menabled[m
[STDERR  ] 2017-06-12T18:19:04.754342911Z: - [37mCONFIG_NETFILTER_XT_MATCH_IPVS[m: [32menabled[m
[STDERR  ] 2017-06-12T18:19:04.754356958Z: - [37mCONFIG_IP_NF_NAT[m: [32menabled[m
[STDERR  ] 2017-06-12T18:19:04.754362904Z: - [37mCONFIG_NF_NAT[m: [32menabled[m
[STDERR  ] 2017-06-12T18:19:04.754368131Z: - [37mCONFIG_NF_NAT_NEEDED[m: [32menabled[m
[STDERR  ] 2017-06-12T18:19:04.754373301Z: - [37mCONFIG_POSIX_MQUEUE[m: [32menabled[m
[STDERR  ] 2017-06-12T18:19:04.754378514Z: - [37mCONFIG_DEVPTS_MULTIPLE_INSTANCES[m: [32menabled[m
[STDERR  ] 2017-06-12T18:19:04.75438371Z: 
[STDERR  ] 2017-06-12T18:19:04.754386478Z: Optional Features:
[STDERR  ] 2017-06-12T18:19:04.75439408Z: - [37mCONFIG_USER_NS[m: [32menabled[m
[STDERR  ] 2017-06-12T18:19:04.75440103Z: - [37mCONFIG_SECCOMP[m: [32menabled[m
[STDERR  ] 2017-06-12T18:19:04.75440362Z: - [37mCONFIG_CGROUP_PIDS[m: [32menabled[m
[STDERR  ] 2017-06-12T18:19:04.75441487Z: - [37mCONFIG_MEMCG_SWAP[m: [32menabled[m
[STDERR  ] 2017-06-12T18:19:04.754417683Z: - [   28.134655] random: nonblocking pool is initialized
[STDERR  ] 2017-06-12T18:19:04.754422856Z: [37mCONFIG_MEMCG_SWAP_ENABLED[m: [32menabled[m
[STDERR  ] 2017-06-12T18:19:04.754438967Z:     [1;30m(cgroup swap accounting is currently enabled)[m
[STDERR  ] 2017-06-12T18:19:04.75444425Z: - [1mCONFIG_LEGACY_VSYSCALL_NONE[m: [1;31menabled[m
[STDERR  ] 2017-06-12T18:19:04.754452851Z:     [1;30m(containers using eglibc <= 2.13 will not work. Switch to[m
[STDERR  ] 2017-06-12T18:19:04.754458146Z:     [1;30m "CONFIG_VSYSCALL_[NATIVE|EMULATE]" or use "vsyscall=[native|emulate]"[m
[STDERR  ] 2017-06-12T18:19:04.754465651Z:     [1;30m on kernel command line. Note that this will disable ASLR for the,[m
[STDERR  ] 2017-06-12T18:19:04.754470933Z:     [1;30m VDSO which may assist in exploiting security vulnerabilities.)[m
[STDERR  ] 2017-06-12T18:19:04.754473746Z: - [37mCONFIG_MEMCG_KMEM[m: [32menabled[m
[STDERR  ] 2017-06-12T18:19:04.754481584Z: - [37mCONFIG_BLK_CGROUP[m: [32menabled[m
[STDERR  ] 2017-06-12T18:19:04.75448432Z: - [37mCONFIG_BLK_DEV_THROTTLING[m: [32menabled[m
[STDERR  ] 2017-06-12T18:19:04.754492161Z: - [37mCONFIG_IOSCHED_CFQ[m: [32menabled[m
[STDERR  ] 2017-06-12T18:19:04.7544974Z: - [37mCONFIG_CFQ_GROUP_IOSCHED[m: [32menabled[m
[STDERR  ] 2017-06-12T18:19:04.754510676Z: - [37mCONFIG_CGROUP_PERF[m: [32menabled[m
[STDERR  ] 2017-06-12T18:19:04.754518497Z: - [37mCONFIG_CGROUP_HUGETLB[m: [32menabled[m
[STDERR  ] 2017-06-12T18:19:04.754523828Z: - [37mCONFIG_NET_CLS_CGROUP[m: [32menabled[m
[STDERR  ] 2017-06-12T18:19:04.754526616Z: - [37mCONFIG_CGROUP_NET_PRIO[m: [32menabled[m
[STDERR  ] 2017-06-12T18:19:04.754531734Z: - [37mCONFIG_CFS_BANDWIDTH[m: [32menabled[m
[STDERR  ] 2017-06-12T18:19:04.7545418Z: - [37mCONFIG_FAIR_GROUP_SCHED[m: [32menabled[m
[STDERR  ] 2017-06-12T18:19:04.754547057Z: - [37mCONFIG_RT_GROUP_SCHED[m: [32menabled[m
[STDERR  ] 2017-06-12T18:19:04.754552326Z: - [37mCONFIG_IP_VS[m: [32menabled[m
[STDERR  ] 2017-06-12T18:19:04.75455756Z: - [37mCONFIG_IP_VS_NFCT[m: [32menabled[m
[STDERR  ] 2017-06-12T18:19:04.75456278Z: - [37mCONFIG_IP_VS_RR[m: [32menabled[m
[STDERR  ] 2017-06-12T18:19:04.754571211Z: - [37mCONFIG_EXT4_FS[m: [32menabled[m
[STDERR  ] 2017-06-12T18:19:04.754584604Z: - [37mCONFIG_EXT4_FS_POSIX_ACL[m: [32menabled[m
[STDERR  ] 2017-06-12T18:19:04.754591603Z: - [37mCONFIG_EXT4_FS_SECURITY[m: [32menabled[m
[STDERR  ] 2017-06-12T18:19:04.754596854Z: - Network Drivers:
[STDERR  ] 2017-06-12T18:19:04.754604491Z:   - "[34moverlay[m":
[STDERR  ] 2017-06-12T18:19:04.754609906Z:     - [37mCONFIG_VXLAN[m: [32menabled[m
[STDERR  ] 2017-06-12T18:19:04.75461672Z:       Optional (for encrypted networks):
[STDERR  ] 2017-06-12T18:19:04.754621948Z:       - [37mCONFIG_CRYPTO[m: [32menabled[m
[STDERR  ] 2017-06-12T18:19:04.754627146Z:       - [37mCONFIG_CRYPTO_AEAD[m: [32menabled[m
[STDERR  ] 2017-06-12T18:19:04.754629888Z:       - [37mCONFIG_CRYPTO_GCM[m: [32menabled[m
[STDERR  ] 2017-06-12T18:19:04.7546376Z:       - [37mCONFIG_CRYPTO_SEQIV[m: [32menabled[m
[STDERR  ] 2017-06-12T18:19:04.754642807Z:       - [37mCONFIG_CRYPTO_GHASH[m: [32menabled[m
[STDERR  ] 2017-06-12T18:19:04.754645406Z:       - [37mCONFIG_XFRM[m: [32menabled[m
[STDERR  ] 2017-06-12T18:19:04.754660711Z:       - [37mCONFIG_XFRM_USER[m: [32menabled[m
[STDERR  ] 2017-06-12T18:19:04.754665964Z:       - [37mCONFIG_XFRM_ALGO[m: [32menabled[m
[STDERR  ] 2017-06-12T18:19:04.754673734Z:       - [37mCONFIG_INET_ESP[m: [32menabled[m
[STDERR  ] 2017-06-12T18:19:04.754679063Z:       - [37mCONFIG_INET_XFRM_MODE_TRANSPORT[m: [32menabled[m
[STDERR  ] 2017-06-12T18:19:04.754684377Z:   - "[34mipvlan[m":
[STDERR  ] 2017-06-12T18:19:04.754687227Z:     - [37mCONFIG_IPVLAN[m: [32menabled[m
[STDERR  ] 2017-06-12T18:19:04.754692406Z:   - "[34mmacvlan[m":
[STDERR  ] 2017-06-12T18:19:04.754700294Z:     - [37mCONFIG_MACVLAN[m: [32menabled[m
[STDERR  ] 2017-06-12T18:19:04.754706073Z:     - [37mCONFIG_DUMMY[m: [32menabled[m
[STDERR  ] 2017-06-12T18:19:04.754711378Z:   - "[34mftp,tftp client in container[m":
[STDERR  ] 2017-06-12T18:19:04.754719193Z:     - [37mCONFIG_NF_NAT_FTP[m: [32menabled[m
[STDERR  ] 2017-06-12T18:19:04.754721913Z:     - [37mCONFIG_NF_CONNTRACK_FTP[m: [32menabled[m
[STDERR  ] 2017-06-12T18:19:04.754737421Z:     - [37mCONFIG_NF_NAT_TFTP[m: [32menabled[m
[STDERR  ] 2017-06-12T18:19:04.75474267Z:     - [37mCONFIG_NF_CONNTRACK_TFTP[m: [32menabled[m
[STDERR  ] 2017-06-12T18:19:04.754750204Z: - Storage Drivers:
[STDERR  ] 2017-06-12T18:19:04.754755433Z:   - "[34maufs[m":
[STDERR  ] 2017-06-12T18:19:04.754758087Z:     - [1mCONFIG_AUFS_FS[m: [1;31mmissing[m
[STDERR  ] 2017-06-12T18:19:04.754765963Z:   - "[34mbtrfs[m":
[STDERR  ] 2017-06-12T18:19:04.754768674Z:     - [37mCONFIG_BTRFS_FS[m: [32menabled (as module)[m
[STDERR  ] 2017-06-12T18:19:04.754792041Z:     - [37mCONFIG_BTRFS_FS_POSIX_ACL[m: [32menabled[m
[STDERR  ] 2017-06-12T18:19:04.754794786Z:   - "[34mdevicemapper[m":
[STDERR  ] 2017-06-12T18:19:04.754811213Z:     - [37mCONFIG_BLK_DEV_DM[m: [32menabled[m
[STDERR  ] 2017-06-12T18:19:04.754816651Z:     - [37mCONFIG_DM_THIN_PROVISIONING[m: [32menabled[m
[STDERR  ] 2017-06-12T18:19:04.754821903Z:   - "[34moverlay[m":
[STDERR  ] 2017-06-12T18:19:04.754827143Z:     - [37mCONFIG_OVERLAY_FS[m: [32menabled[m
[STDERR  ] 2017-06-12T18:19:04.754832457Z:   - "[34mzfs[m":
[STDERR  ] 2017-06-12T18:19:04.754839436Z:     - [1m/dev/zfs[m: [1;31mmissing[m
[STDERR  ] 2017-06-12T18:19:04.754844748Z:     - [1mzfs command[m: [1;31mmissing[m
[STDERR  ] 2017-06-12T18:19:04.754849946Z:     - [1mzpool command[m: [1;31mmissing[m
[STDERR  ] 2017-06-12T18:19:04.754855198Z: 
[STDERR  ] 2017-06-12T18:19:04.754860557Z: Limits:
[STDERR  ] 2017-06-12T18:19:04.754865938Z: [37m- /proc/sys/kernel/keys/root_maxkeys[m: [32m1000000[m
[STDERR  ] 2017-06-12T18:19:04.754871128Z: 
[STDERR  ] 2017-06-12T18:19:04.754876374Z: Kernel config test suite PASSED
[STDERR  ] 2017-06-12T18:19:04.754889067Z:  - 000-check-kernel-config
[STDERR  ] 2017-06-12T18:19:04.754895667Z: [   41.316970] ACPI: Preparing to enter system sleep state S5
[STDERR  ] 2017-06-12T18:19:04.754905596Z: [   41.320440] reboot: Power down
[STDERR  ] 2017-06-12T18:19:04.755053197Z: + grep -q suite PASSED
[STDERR  ] 2017-06-12T18:19:04.756434082Z: + echo [    0.000000] Initializing cgroup subsys cpuset
[STDERR  ] 2017-06-12T18:19:04.756464051Z: [    0.000000] Initializing cgroup subsys cpu
[STDERR  ] 2017-06-12T18:19:04.756469414Z: [    0.000000] Initializing cgroup subsys cpuacct
[STDERR  ] 2017-06-12T18:19:04.756475055Z: [    0.000000] Linux version 4.4.71-linuxkit (root@84baa8e89c00) (gcc version 6.2.1 20160822 (Alpine 6.2.1) ) #1 SMP Wed Jun 7 21:53:02 UTC 2017
[STDERR  ] 2017-06-12T18:19:04.756480734Z: [    0.000000] Command line: console=ttyS0
[STDERR  ] 2017-06-12T18:19:04.756483494Z: [    0.000000] x86/fpu: Legacy x87 FPU detected.
[STDERR  ] 2017-06-12T18:19:04.756493475Z: [    0.000000] x86/fpu: Using 'lazy' FPU context switches.
[STDERR  ] 2017-06-12T18:19:04.756496236Z: [    0.000000] e820: BIOS-provided physical RAM map:
[STDERR  ] 2017-06-12T18:19:04.756504185Z: [    0.000000] BIOS-e820: [mem 0x0000000000000000-0x000000000009fbff] usable
[STDERR  ] 2017-06-12T18:19:04.756509448Z: [    0.000000] BIOS-e820: [mem 0x000000000009fc00-0x000000000009ffff] reserved
[STDERR  ] 2017-06-12T18:19:04.756514671Z: [    0.000000] BIOS-e820: [mem 0x00000000000f0000-0x00000000000fffff] reserved
[STDERR  ] 2017-06-12T18:19:04.756530879Z: [    0.000000] BIOS-e820: [mem 0x0000000000100000-0x000000003ffdefff] usable
[STDERR  ] 2017-06-12T18:19:04.756536506Z: [    0.000000] BIOS-e820: [mem 0x000000003ffdf000-0x000000003fffffff] reserved
[STDERR  ] 2017-06-12T18:19:04.756541946Z: [    0.000000] BIOS-e820: [mem 0x00000000b0000000-0x00000000bfffffff] reserved
[STDERR  ] 2017-06-12T18:19:04.756551805Z: [    0.000000] BIOS-e820: [mem 0x00000000fed1c000-0x00000000fed1ffff] reserved
[STDERR  ] 2017-06-12T18:19:04.756562635Z: [    0.000000] BIOS-e820: [mem 0x00000000fffc0000-0x00000000ffffffff] reserved
[STDERR  ] 2017-06-12T18:19:04.756568074Z: [    0.000000] NX (Execute Disable) protection: active
[STDERR  ] 2017-06-12T18:19:04.756576165Z: [    0.000000] SMBIOS 2.8 present.
[STDERR  ] 2017-06-12T18:19:04.756581455Z: [    0.000000] e820: last_pfn = 0x3ffdf max_arch_pfn = 0x400000000
[STDERR  ] 2017-06-12T18:19:04.756588481Z: [    0.000000] x86/PAT: Configuration [0-7]: WB  WC  UC- UC  WB  WC  UC- WT  
[STDERR  ] 2017-06-12T18:19:04.756593845Z: [    0.000000] found SMP MP-table at [mem 0x000f6aa0-0x000f6aaf] mapped at [ffff8800000f6aa0]
[STDERR  ] 2017-06-12T18:19:04.756607589Z: [    0.000000] RAMDISK: [mem 0x3df5c000-0x3ffcffff]
[STDERR  ] 2017-06-12T18:19:04.756613238Z: [    0.000000] ACPI: Early table checksum verification disabled
[STDERR  ] 2017-06-12T18:19:04.756618515Z: [    0.000000] ACPI: RSDP 0x00000000000F68C0 000014 (v00 BOCHS )
[STDERR  ] 2017-06-12T18:19:04.756623815Z: [    0.000000] ACPI: RSDT 0x000000003FFE2404 000034 (v01 BOCHS  BXPCRSDT 00000001 BXPC 00000001)
[STDERR  ] 2017-06-12T18:19:04.756629199Z: [    0.000000] ACPI: FACP 0x000000003FFE22A4 000074 (v01 BOCHS  BXPCFACP 00000001 BXPC 00000001)
[STDERR  ] 2017-06-12T18:19:04.756634376Z: [    0.000000] ACPI: DSDT 0x000000003FFE0040 002264 (v01 BOCHS  BXPCDSDT 00000001 BXPC 00000001)
[STDERR  ] 2017-06-12T18:19:04.756639589Z: [    0.000000] ACPI: FACS 0x000000003FFE0000 000040
[STDERR  ] 2017-06-12T18:19:04.756645106Z: [    0.000000] ACPI: APIC 0x000000003FFE2318 000078 (v01 BOCHS  BXPCAPIC 00000001 BXPC 00000001)
[STDERR  ] 2017-06-12T18:19:04.756654536Z: [    0.000000] ACPI: HPET 0x000000003FFE2390 000038 (v01 BOCHS  BXPCHPET 00000001 BXPC 00000001)
[STDERR  ] 2017-06-12T18:19:04.756657241Z: [    0.000000] ACPI: MCFG 0x000000003FFE23C8 00003C (v01 BOCHS  BXPCMCFG 00000001 BXPC 00000001)
[STDERR  ] 2017-06-12T18:19:04.756665078Z: [    0.000000] Zone ranges:
[STDERR  ] 2017-06-12T18:19:04.756672819Z: [    0.000000]   DMA      [mem 0x0000000000001000-0x0000000000ffffff]
[STDERR  ] 2017-06-12T18:19:04.756686012Z: [    0.000000]   DMA32    [mem 0x0000000001000000-0x000000003ffdefff]
[STDERR  ] 2017-06-12T18:19:04.756691276Z: [    0.000000]   Normal   empty
[STDERR  ] 2017-06-12T18:19:04.756700515Z: [    0.000000] Movable zone start for each node
[STDERR  ] 2017-06-12T18:19:04.756706289Z: [    0.000000] Early memory node ranges
[STDERR  ] 2017-06-12T18:19:04.756711641Z: [    0.000000]   node   0: [mem 0x0000000000001000-0x000000000009efff]
[STDERR  ] 2017-06-12T18:19:04.756716976Z: [    0.000000]   node   0: [mem 0x0000000000100000-0x000000003ffdefff]
[STDERR  ] 2017-06-12T18:19:04.756722215Z: [    0.000000] Initmem setup node 0 [mem 0x0000000000001000-0x000000003ffdefff]
[STDERR  ] 2017-06-12T18:19:04.756729396Z: [    0.000000] ACPI: PM-Timer IO Port: 0x608
[STDERR  ] 2017-06-12T18:19:04.756734686Z: [    0.000000] ACPI: LAPIC_NMI (acpi_id[0xff] dfl dfl lint[0x1])
[STDERR  ] 2017-06-12T18:19:04.756737435Z: [    0.000000] IOAPIC[0]: apic_id 0, version 32, address 0xfec00000, GSI 0-23
[STDERR  ] 2017-06-12T18:19:04.756742591Z: [    0.000000] ACPI: INT_SRC_OVR (bus 0 bus_irq 0 global_irq 2 dfl dfl)
[STDERR  ] 2017-06-12T18:19:04.756760565Z: [    0.000000] ACPI: INT_SRC_OVR (bus 0 bus_irq 5 global_irq 5 high level)
[STDERR  ] 2017-06-12T18:19:04.756766175Z: [    0.000000] ACPI: INT_SRC_OVR (bus 0 bus_irq 9 global_irq 9 high level)
[STDERR  ] 2017-06-12T18:19:04.756771395Z: [    0.000000] ACPI: INT_SRC_OVR (bus 0 bus_irq 10 global_irq 10 high level)
[STDERR  ] 2017-06-12T18:19:04.756776542Z: [    0.000000] ACPI: INT_SRC_OVR (bus 0 bus_irq 11 global_irq 11 high level)
[STDERR  ] 2017-06-12T18:19:04.756781701Z: [    0.000000] Using ACPI (MADT) for SMP configuration information
[STDERR  ] 2017-06-12T18:19:04.756786932Z: [    0.000000] ACPI: HPET id: 0x8086a201 base: 0xfed00000
[STDERR  ] 2017-06-12T18:19:04.756792154Z: [    0.000000] smpboot: Allowing 1 CPUs, 0 hotplug CPUs
[STDERR  ] 2017-06-12T18:19:04.756800948Z: [    0.000000] e820: [mem 0x40000000-0xafffffff] available for PCI devices
[STDERR  ] 2017-06-12T18:19:04.756806184Z: [    0.000000] Booting paravirtualized kernel on bare hardware
[STDERR  ] 2017-06-12T18:19:04.756812454Z: [    0.000000] clocksource: refined-jiffies: mask: 0xffffffff max_cycles: 0xffffffff, max_idle_ns: 19112604462750000 ns
[STDERR  ] 2017-06-12T18:19:04.756818341Z: [    0.000000] setup_percpu: NR_CPUS:128 nr_cpumask_bits:128 nr_cpu_ids:1 nr_node_ids:1
[STDERR  ] 2017-06-12T18:19:04.756825142Z: [    0.000000] PERCPU: Embedded 33 pages/cpu @ffff88003dc00000 s95960 r8192 d31016 u2097152
[STDERR  ] 2017-06-12T18:19:04.756838369Z: [    0.000000] Built 1 zonelists in Zone order, mobility grouping on.  Total pages: 257896
[STDERR  ] 2017-06-12T18:19:04.756841176Z: [    0.000000] Kernel command line: console=ttyS0
[STDERR  ] 2017-06-12T18:19:04.756848198Z: [    0.000000] PID hash table entries: 4096 (order: 3, 32768 bytes)
[STDERR  ] 2017-06-12T18:19:04.756856115Z: [    0.000000] Dentry cache hash table entries: 131072 (order: 8, 1048576 bytes)
[STDERR  ] 2017-06-12T18:19:04.756869732Z: [    0.000000] Inode-cache hash table entries: 65536 (order: 7, 524288 bytes)
[STDERR  ] 2017-06-12T18:19:04.756878791Z: [    0.000000] Memory: 978472K/1048052K available (9057K kernel code, 1470K rwdata, 3124K rodata, 1372K init, 728K bss, 69580K reserved, 0K cma-reserved)
[STDERR  ] 2017-06-12T18:19:04.756887489Z: [    0.000000] Hierarchical RCU implementation.
[STDERR  ] 2017-06-12T18:19:04.756895616Z: [    0.000000] 	Build-time adjustment of leaf fanout to 64.
[STDERR  ] 2017-06-12T18:19:04.756918149Z: [    0.000000] 	RCU restricting CPUs from NR_CPUS=128 to nr_cpu_ids=1.
[STDERR  ] 2017-06-12T18:19:04.756923625Z: [    0.000000] RCU: Adjusting geometry for rcu_fanout_leaf=64, nr_cpu_ids=1
[STDERR  ] 2017-06-12T18:19:04.756936548Z: [    0.000000] NR_IRQS:8448 nr_irqs:256 16
[STDERR  ] 2017-06-12T18:19:04.756945408Z: [    0.000000] Console: colour VGA+ 80x25
[STDERR  ] 2017-06-12T18:19:04.756949564Z: [    0.000000] console [ttyS0] enabled
[STDERR  ] 2017-06-12T18:19:04.756968824Z: [    0.000000] clocksource: hpet: mask: 0xffffffff max_cycles: 0xffffffff, max_idle_ns: 19112604467 ns
[STDERR  ] 2017-06-12T18:19:04.756975989Z: [    0.000000] tsc: Fast TSC calibration failed
[STDERR  ] 2017-06-12T18:19:04.757000814Z: [    0.000000] tsc: Unable to calibrate against PIT
[STDERR  ] 2017-06-12T18:19:04.757006826Z: [    0.000000] tsc: using HPET reference calibration
[STDERR  ] 2017-06-12T18:19:04.757012071Z: [    0.000000] tsc: Detected 2600.062 MHz processor
[STDERR  ] 2017-06-12T18:19:04.757020688Z: [    0.053103] Calibrating delay loop (skipped), value calculated using timer frequency.. 5200.12 BogoMIPS (lpj=26000620)
[STDERR  ] 2017-06-12T18:19:04.757026322Z: [    0.062919] pid_max: default: 32768 minimum: 301
[STDERR  ] 2017-06-12T18:19:04.757031461Z: [    0.064400] ACPI: Core revision 20150930
[STDERR  ] 2017-06-12T18:19:04.757036792Z: [    0.114435] ACPI: 1 ACPI AML tables successfully acquired and loaded
[STDERR  ] 2017-06-12T18:19:04.757039524Z: [    0.116622] Security Framework initialized
[STDERR  ] 2017-06-12T18:19:04.757047176Z: [    0.117170] Yama: becoming mindful.
[STDERR  ] 2017-06-12T18:19:04.757052374Z: [    0.121118] Mount-cache hash table entries: 2048 (order: 2, 16384 bytes)
[STDERR  ] 2017-06-12T18:19:04.757055004Z: [    0.122093] Mountpoint-cache hash table entries: 2048 (order: 2, 16384 bytes)
[STDERR  ] 2017-06-12T18:19:04.757071451Z: [    0.136765] Initializing cgroup subsys io
[STDERR  ] 2017-06-12T18:19:04.757074264Z: [    0.137945] Initializing cgroup subsys memory
[STDERR  ] 2017-06-12T18:19:04.757091224Z: [    0.139065] Initializing cgroup subsys devices
[STDERR  ] 2017-06-12T18:19:04.757099786Z: [    0.139768] Initializing cgroup subsys freezer
[STDERR  ] 2017-06-12T18:19:04.757115236Z: [    0.140205] Initializing cgroup subsys net_cls
[STDERR  ] 2017-06-12T18:19:04.757130454Z: [    0.140777] Initializing cgroup subsys perf_event
[STDERR  ] 2017-06-12T18:19:04.757153835Z: [    0.141549] Initializing cgroup subsys net_prio
[STDERR  ] 2017-06-12T18:19:04.757164361Z: [    0.142270] Initializing cgroup subsys hugetlb
[STDERR  ] 2017-06-12T18:19:04.757169656Z: [    0.142834] Initializing cgroup subsys pids
[STDERR  ] 2017-06-12T18:19:04.757172419Z: [    0.145557] Last level iTLB entries: 4KB 0, 2MB 0, 4MB 0
[STDERR  ] 2017-06-12T18:19:04.757180208Z: [    0.146149] Last level dTLB entries: 4KB 0, 2MB 0, 4MB 0, 1GB 0
[STDERR  ] 2017-06-12T18:19:04.757182839Z: [    0.481553] Freeing SMP alternatives memory: 24K (ffffffff930c8000 - ffffffff930ce000)
[STDERR  ] 2017-06-12T18:19:04.757190768Z: [    0.489611] ftrace: allocating 39586 entries in 155 pages
[STDERR  ] 2017-06-12T18:19:04.757193475Z: [    0.682949] ..TIMER: vector=0x30 apic1=0 pin1=2 apic2=-1 pin2=-1
[STDERR  ] 2017-06-12T18:19:04.757198562Z: [    0.790000] smpboot: CPU0: AMD QEMU Virtual CPU version 2.5+ (family: 0x6, model: 0x6, stepping: 0x3)
[STDERR  ] 2017-06-12T18:19:04.757206504Z: [    0.790000] Performance Events: Broken PMU hardware detected, using software events only.
[STDERR  ] 2017-06-12T18:19:04.757211644Z: [    0.790000] Failed to access perfctr msr (MSR c0010007 is 0)
[STDERR  ] 2017-06-12T18:19:04.757225139Z: [    0.795666] x86: Booted up 1 node, 1 CPUs
[STDERR  ] 2017-06-12T18:19:04.757231258Z: [    0.796399] smpboot: Total of 1 processors activated (5200.12 BogoMIPS)
[STDERR  ] 2017-06-12T18:19:04.757240048Z: [    0.802987] NMI watchdog: disabled (cpu0): hardware events not enabled
[STDERR  ] 2017-06-12T18:19:04.757245382Z: [    0.803686] NMI watchdog: Shutting down hard lockup detector on all cpus
[STDERR  ] 2017-06-12T18:19:04.757250518Z: [    0.813714] devtmpfs: initialized
[STDERR  ] 2017-06-12T18:19:04.757253328Z: [    0.888353] clocksource: jiffies: mask: 0xffffffff max_cycles: 0xffffffff, max_idle_ns: 19112604462750000 ns
[STDERR  ] 2017-06-12T18:19:04.757261084Z: [    0.889822] futex hash table entries: 256 (order: 2, 16384 bytes)
[STDERR  ] 2017-06-12T18:19:04.757263728Z: [    0.901426] NET: Registered protocol family 16
[STDERR  ] 2017-06-12T18:19:04.757271475Z: [    0.908632] cpuidle: using governor ladder
[STDERR  ] 2017-06-12T18:19:04.757274209Z: [    0.910252] cpuidle: using governor menu
[STDERR  ] 2017-06-12T18:19:04.757280915Z: [    0.912020] ACPI: bus type PCI registered
[STDERR  ] 2017-06-12T18:19:04.757302166Z: [    0.915300] PCI: MMCONFIG for domain 0000 [bus 00-ff] at [mem 0xb0000000-0xbfffffff] (base 0xb0000000)
[STDERR  ] 2017-06-12T18:19:04.757307512Z: [    0.917043] PCI: MMCONFIG at [mem 0xb0000000-0xbfffffff] reserved in E820
[STDERR  ] 2017-06-12T18:19:04.757312832Z: [    0.918770] PCI: Using configuration type 1 for base access
[STDERR  ] 2017-06-12T18:19:04.757320734Z: [    0.994334] ACPI: Added _OSI(Module Device)
[STDERR  ] 2017-06-12T18:19:04.757325858Z: [    0.995119] ACPI: Added _OSI(Processor Device)
[STDERR  ] 2017-06-12T18:19:04.757328668Z: [    0.995705] ACPI: Added _OSI(3.0 _SCP Extensions)
[STDERR  ] 2017-06-12T18:19:04.757334455Z: [    0.996306] ACPI: Added _OSI(Processor Aggregator Device)
[STDERR  ] 2017-06-12T18:19:04.75734936Z: [    1.074019] ACPI: Interpreter enabled
[STDERR  ] 2017-06-12T18:19:04.75735218Z: [    1.075184] ACPI: (supports S0 S5)
[STDERR  ] 2017-06-12T18:19:04.757357237Z: [    1.075671] ACPI: Using IOAPIC for interrupt routing
[STDERR  ] 2017-06-12T18:19:04.757366975Z: [    1.077871] PCI: Using host bridge windows from ACPI; if necessary, use "pci=nocrs" and report a bug
[STDERR  ] 2017-06-12T18:19:04.757378305Z: [    1.138769] ACPI: PCI Root Bridge [PCI0] (domain 0000 [bus 00-ff])
[STDERR  ] 2017-06-12T18:19:04.757384467Z: [    1.140363] acpi PNP0A08:00: _OSC: OS supports [ExtendedConfig ASPM ClockPM Segments MSI]
[STDERR  ] 2017-06-12T18:19:04.757396601Z: [    1.146350] acpi PNP0A08:00: _OSC: OS now controls [PCIeHotplug PME PCIeCapability]
[STDERR  ] 2017-06-12T18:19:04.757401825Z: [    1.150701] PCI host bridge to bus 0000:00
[STDERR  ] 2017-06-12T18:19:04.757407125Z: [    1.151581] pci_bus 0000:00: root bus resource [io  0x0000-0x0cf7 window]
[STDERR  ] 2017-06-12T18:19:04.757416008Z: [    1.152537] pci_bus 0000:00: root bus resource [io  0x0d00-0xffff window]
[STDERR  ] 2017-06-12T18:19:04.75742129Z: [    1.153170] pci_bus 0000:00: root bus resource [mem 0x000a0000-0x000bffff window]
[STDERR  ] 2017-06-12T18:19:04.757426584Z: [    1.153946] pci_bus 0000:00: root bus resource [mem 0xc0000000-0xfebfffff window]
[STDERR  ] 2017-06-12T18:19:04.75742928Z: [    1.154909] pci_bus 0000:00: root bus resource [bus 00-ff]
[STDERR  ] 2017-06-12T18:19:04.757437167Z: [    1.248030] pci 0000:00:1f.0: quirk: [io  0x0600-0x067f] claimed by ICH6 ACPI/GPIO/TCO
[STDERR  ] 2017-06-12T18:19:04.757442338Z: [    1.306986] ACPI: PCI Interrupt Link [LNKA] (IRQs 5 *10 11)
[STDERR  ] 2017-06-12T18:19:04.757445255Z: [    1.310284] ACPI: PCI Interrupt Link [LNKB] (IRQs 5 *10 11)
[STDERR  ] 2017-06-12T18:19:04.757471368Z: [    1.312301] ACPI: PCI Interrupt Link [LNKC] (IRQs 5 10 *11)
[STDERR  ] 2017-06-12T18:19:04.757484711Z: [    1.314289] ACPI: PCI Interrupt Link [LNKD] (IRQs 5 10 *11)
[STDERR  ] 2017-06-12T18:19:04.757493727Z: [    1.316227] ACPI: PCI Interrupt Link [LNKE] (IRQs 5 *10 11)
[STDERR  ] 2017-06-12T18:19:04.757502624Z: [    1.318214] ACPI: PCI Interrupt Link [LNKF] (IRQs 5 *10 11)
[STDERR  ] 2017-06-12T18:19:04.757511593Z: [    1.320416] ACPI: PCI Interrupt Link [LNKG] (IRQs 5 10 *11)
[STDERR  ] 2017-06-12T18:19:04.757540658Z: [    1.322393] ACPI: PCI Interrupt Link [LNKH] (IRQs 5 10 *11)
[STDERR  ] 2017-06-12T18:19:04.75755215Z: [    1.323492] ACPI: PCI Interrupt Link [GSIA] (IRQs *16)
[STDERR  ] 2017-06-12T18:19:04.7575608Z: [    1.324381] ACPI: PCI Interrupt Link [GSIB] (IRQs *17)
[STDERR  ] 2017-06-12T18:19:04.757566271Z: [    1.325227] ACPI: PCI Interrupt Link [GSIC] (IRQs *18)
[STDERR  ] 2017-06-12T18:19:04.757571481Z: [    1.326144] ACPI: PCI Interrupt Link [GSID] (IRQs *19)
[STDERR  ] 2017-06-12T18:19:04.75757658Z: [    1.327009] ACPI: PCI Interrupt Link [GSIE] (IRQs *20)
[STDERR  ] 2017-06-12T18:19:04.757581674Z: [    1.327916] ACPI: PCI Interrupt Link [GSIF] (IRQs *21)
[STDERR  ] 2017-06-12T18:19:04.757586767Z: [    1.328909] ACPI: PCI Interrupt Link [GSIG] (IRQs *22)
[STDERR  ] 2017-06-12T18:19:04.757589498Z: [    1.329770] ACPI: PCI Interrupt Link [GSIH] (IRQs *23)
[STDERR  ] 2017-06-12T18:19:04.757594641Z: [    1.334056] ACPI: Enabled 2 GPEs in block 00 to 3F
[STDERR  ] 2017-06-12T18:19:04.757618133Z: [    1.338448] SCSI subsystem initialized
[STDERR  ] 2017-06-12T18:19:04.75762209Z: [    1.342641] pps_core: LinuxPPS API ver. 1 registered
[STDERR  ] 2017-06-12T18:19:04.757630054Z: [    1.343189] pps_core: Software ver. 5.3.6 - Copyright 2005-2007 Rodolfo Giometti <giometti@linux.it>
[STDERR  ] 2017-06-12T18:19:04.757635317Z: [    1.344286] PTP clock support registered
[STDERR  ] 2017-06-12T18:19:04.757637938Z: [    1.345761] wmi: Mapper loaded
[STDERR  ] 2017-06-12T18:19:04.757647841Z: [    1.347627] PCI: Using ACPI for IRQ routing
[STDERR  ] 2017-06-12T18:19:04.757653034Z: [    1.366957] NetLabel: Initializing
[STDERR  ] 2017-06-12T18:19:04.757660837Z: [    1.367408] NetLabel:  domain hash size = 128
[STDERR  ] 2017-06-12T18:19:04.7576689Z: [    1.367846] NetLabel:  protocols = UNLABELED CIPSOv4
[STDERR  ] 2017-06-12T18:19:04.757674257Z: [    1.369828] NetLabel:  unlabeled traffic allowed by default
[STDERR  ] 2017-06-12T18:19:04.757681917Z: [    1.370686] HPET: 3 timers in total, 0 timers will be used for per-cpu timer
[STDERR  ] 2017-06-12T18:19:04.757693187Z: [    1.371792] hpet0: at MMIO 0xfed00000, IRQs 2, 8, 0
[STDERR  ] 2017-06-12T18:19:04.757702794Z: [    1.372602] hpet0: 3 comparators, 64-bit 100.000000 MHz counter
[STDERR  ] 2017-06-12T18:19:04.757705493Z: [    1.378731] amd_nb: Cannot enumerate AMD northbridges
[STDERR  ] 2017-06-12T18:19:04.757710573Z: [    1.380902] clocksource: Switched to clocksource hpet
[STDERR  ] 2017-06-12T18:19:04.757718293Z: [    1.621713] FS-Cache: Loaded
[STDERR  ] 2017-06-12T18:19:04.757723398Z: [    1.625892] CacheFiles: Loaded
[STDERR  ] 2017-06-12T18:19:04.757728658Z: [    1.628224] pnp: PnP ACPI init
[STDERR  ] 2017-06-12T18:19:04.757734424Z: [    1.639873] pnp: PnP ACPI: found 5 devices
[STDERR  ] 2017-06-12T18:19:04.757739928Z: [    1.693836] clocksource: acpi_pm: mask: 0xffffff max_cycles: 0xffffff, max_idle_ns: 2085701024 ns
[STDERR  ] 2017-06-12T18:19:04.757747871Z: [    1.696567] NET: Registered protocol family 2
[STDERR  ] 2017-06-12T18:19:04.757750657Z: [    1.703985] TCP established hash table entries: 8192 (order: 4, 65536 bytes)
[STDERR  ] 2017-06-12T18:19:04.757755807Z: [    1.705128] TCP bind hash table entries: 8192 (order: 5, 131072 bytes)
[STDERR  ] 2017-06-12T18:19:04.757771618Z: [    1.706217] TCP: Hash tables configured (established 8192 bind 8192)
[STDERR  ] 2017-06-12T18:19:04.757776835Z: [    1.707983] UDP hash table entries: 512 (order: 2, 16384 bytes)
[STDERR  ] 2017-06-12T18:19:04.757787338Z: [    1.708864] UDP-Lite hash table entries: 512 (order: 2, 16384 bytes)
[STDERR  ] 2017-06-12T18:19:04.757792578Z: [    1.711741] NET: Registered protocol family 1
[STDERR  ] 2017-06-12T18:19:04.757797824Z: [    1.716289] RPC: Registered named UNIX socket transport module.
[STDERR  ] 2017-06-12T18:19:04.75780058Z: [    1.717340] RPC: Registered udp transport module.
[STDERR  ] 2017-06-12T18:19:04.757805735Z: [    1.718292] RPC: Registered tcp transport module.
[STDERR  ] 2017-06-12T18:19:04.757813581Z: [    1.719052] RPC: Registered tcp NFSv4.1 backchannel transport module.
[STDERR  ] 2017-06-12T18:19:04.757818851Z: [    1.728073] Unpacking initramfs...
[STDERR  ] 2017-06-12T18:19:04.757821611Z: [    6.878491] Freeing initrd memory: 33232K (ffff88003df5c000 - ffff88003ffd0000)
[STDERR  ] 2017-06-12T18:19:04.757829284Z: [    6.902978] PCLMULQDQ-NI instructions are not detected.
[STDERR  ] 2017-06-12T18:19:04.757841364Z: [    6.904727] AVX or AES-NI instructions are not detected.
[STDERR  ] 2017-06-12T18:19:04.757850308Z: [    6.905606] CPU feature 'AVX registers' is not supported.
[STDERR  ] 2017-06-12T18:19:04.75785303Z: [    6.906218] CPU feature 'AVX registers' is not supported.
[STDERR  ] 2017-06-12T18:19:04.757863347Z: [    6.906876] CPU feature 'AVX registers' is not supported.
[STDERR  ] 2017-06-12T18:19:04.757866084Z: [    6.907524] CPU feature 'AVX registers' is not supported.
[STDERR  ] 2017-06-12T18:19:04.757873855Z: [    6.908247] AVX2 or AES-NI instructions are not detected.
[STDERR  ] 2017-06-12T18:19:04.757876544Z: [    6.908928] AVX2 instructions are not detected.
[STDERR  ] 2017-06-12T18:19:04.757885023Z: [    6.916114] audit: initializing netlink subsys (disabled)
[STDERR  ] 2017-06-12T18:19:04.757894707Z: [    6.918118] audit: type=2000 audit(1497291508.910:1): initialized
[STDERR  ] 2017-06-12T18:19:04.757899933Z: [    6.927149] HugeTLB registered 2 MB page size, pre-allocated 0 pages
[STDERR  ] 2017-06-12T18:19:04.757905174Z: [    6.931830] VFS: Disk quotas dquot_6.6.0
[STDERR  ] 2017-06-12T18:19:04.757918485Z: [    6.933013] VFS: Dquot-cache hash table entries: 512 (order 0, 4096 bytes)
[STDERR  ] 2017-06-12T18:19:04.757924141Z: [    6.938816] FS-Cache: Netfs 'nfs' registered for caching
[STDERR  ] 2017-06-12T18:19:04.757929287Z: [    6.941700] NFS: Registering the id_resolver key type
[STDERR  ] 2017-06-12T18:19:04.75794739Z: [    6.946310] Key type id_resolver registered
[STDERR  ] 2017-06-12T18:19:04.75795707Z: [    6.946928] Key type id_legacy registered
[STDERR  ] 2017-06-12T18:19:04.757962441Z: [    6.947683] nfs4filelayout_init: NFSv4 File Layout Driver Registering...
[STDERR  ] 2017-06-12T18:19:04.757965193Z: [    6.948769] Installing knfsd (copyright (C) 1996 okir@monad.swb.de).
[STDERR  ] 2017-06-12T18:19:04.757972847Z: [    6.953107] FS-Cache: Netfs 'cifs' registered for caching
[STDERR  ] 2017-06-12T18:19:04.757980854Z: [    6.954404] ntfs: driver 2.1.32 [Flags: R/O].
[STDERR  ] 2017-06-12T18:19:04.757983605Z: [    6.955201] fuse init (API version 7.23)
[STDERR  ] 2017-06-12T18:19:04.757991348Z: [    6.958022] SGI XFS with ACLs, security attributes, no debug enabled
[STDERR  ] 2017-06-12T18:19:04.757996473Z: [    6.961471] 9p: Installing v9fs 9p2000 file system support
[STDERR  ] 2017-06-12T18:19:04.758002683Z: [    6.962305] FS-Cache: Netfs '9p' registered for caching
[STDERR  ] 2017-06-12T18:19:04.758007973Z: [    6.965058] Key type big_key registered
[STDERR  ] 2017-06-12T18:19:04.758211605Z: [    6.999648] NET: Registered protocol family 38
[STDERR  ] 2017-06-12T18:19:04.758218694Z: [    7.002651] Key type asymmetric registered
[STDERR  ] 2017-06-12T18:19:04.758224083Z: [    7.003243] Asymmetric key parser 'x509' registered
[STDERR  ] 2017-06-12T18:19:04.758229363Z: [    7.004442] Block layer SCSI generic (bsg) driver version 0.4 loaded (major 251)
[STDERR  ] 2017-06-12T18:19:04.75823628Z: [    7.006225] io scheduler noop registered
[STDERR  ] 2017-06-12T18:19:04.758241563Z: [    7.006706] io scheduler deadline registered (default)
[STDERR  ] 2017-06-12T18:19:04.758246685Z: [    7.007635] io scheduler cfq registered
[STDERR  ] 2017-06-12T18:19:04.758251833Z: [    7.011945] pci_hotplug: PCI Hot Plug PCI Core version: 0.5
[STDERR  ] 2017-06-12T18:19:04.7583821Z: [    7.012929] pciehp: PCI Express Hot Plug Controller Driver version: 0.4
[STDERR  ] 2017-06-12T18:19:04.758384944Z: [    7.014140] shpchp: Standard Hot Plug PCI Controller Driver version: 0.4
[STDERR  ] 2017-06-12T18:19:04.758390167Z: [    7.015360] hv_vmbus: registering driver hyperv_fb
[STDERR  ] 2017-06-12T18:19:04.758401947Z: [    7.018846] input: Power Button as /devices/LNXSYSTM:00/LNXPWRBN:00/input/input0
[STDERR  ] 2017-06-12T18:19:04.758404743Z: [    7.021151] ACPI: Power Button [PWRF]
[STDERR  ] 2017-06-12T18:19:04.758412444Z: [    7.027421] GHES: HEST is not enabled!
[STDERR  ] 2017-06-12T18:19:04.758415108Z: [    7.040952] ACPI: PCI Interrupt Link [GSIH] enabled at IRQ 23
[STDERR  ] 2017-06-12T18:19:04.758422973Z: [    7.048013] xenfs: not registering filesystem on non-xen platform
[STDERR  ] 2017-06-12T18:19:04.758425753Z: [    7.051175] Serial: 8250/16550 driver, 4 ports, IRQ sharing disabled
[STDERR  ] 2017-06-12T18:19:04.758446066Z: [    7.079635] 00:04: ttyS0 at I/O 0x3f8 (irq = 4, base_baud = 115200) is a 16550A
[STDERR  ] 2017-06-12T18:19:04.758451922Z: [    7.087133] Initializing Nozomi driver 2.1d
[STDERR  ] 2017-06-12T18:19:04.758454533Z: [    7.092150] Non-volatile memory driver v1.3
[STDERR  ] 2017-06-12T18:19:04.758462657Z: [    7.099110] Hangcheck: starting hangcheck timer 0.9.1 (tick is 180 seconds, margin is 60 seconds).
[STDERR  ] 2017-06-12T18:19:04.758472807Z: [    7.137799] loop: module loaded
[STDERR  ] 2017-06-12T18:19:04.75847875Z: [    7.150429] nbd: registered device at major 43
[STDERR  ] 2017-06-12T18:19:04.758484102Z: [    7.188556] lpc_ich 0000:00:1f.0: I/O space for GPIO uninitialized
[STDERR  ] 2017-06-12T18:19:04.758489387Z: [    7.190966] VMware PVSCSI driver - version 1.0.5.0-k
[STDERR  ] 2017-06-12T18:19:04.75849459Z: [    7.192017] hv_vmbus: registering driver hv_storvsc
[STDERR  ] 2017-06-12T18:19:04.758497394Z: [    7.202338] ACPI: PCI Interrupt Link [GSIA] enabled at IRQ 16
[STDERR  ] 2017-06-12T18:19:04.758505182Z: [    7.208560] ahci 0000:00:1f.2: AHCI 0001.0000 32 slots 6 ports 1.5 Gbps 0x3f impl SATA mode
[STDERR  ] 2017-06-12T18:19:04.758510397Z: [    7.209725] ahci 0000:00:1f.2: flags: 64bit ncq only 
[STDERR  ] 2017-06-12T18:19:04.758521074Z: [    7.229888] scsi host0: ahci
[STDERR  ] 2017-06-12T18:19:04.758532013Z: [    7.233134] scsi host1: ahci
[STDERR  ] 2017-06-12T18:19:04.758537236Z: [    7.235573] scsi host2: ahci
[STDERR  ] 2017-06-12T18:19:04.758544193Z: [    7.237761] scsi host3: ahci
[STDERR  ] 2017-06-12T18:19:04.758549413Z: [    7.240383] scsi host4: ahci
[STDERR  ] 2017-06-12T18:19:04.758554536Z: [    7.242733] scsi host5: ahci
[STDERR  ] 2017-06-12T18:19:04.758557247Z: [    7.244603] ata1: SATA max UDMA/133 abar m4096@0xfebf1000 port 0xfebf1100 irq 24
[STDERR  ] 2017-06-12T18:19:04.758564989Z: [    7.245363] ata2: SATA max UDMA/133 abar m4096@0xfebf1000 port 0xfebf1180 irq 24
[STDERR  ] 2017-06-12T18:19:04.758570174Z: [    7.246057] ata3: SATA max UDMA/133 abar m4096@0xfebf1000 port 0xfebf1200 irq 24
[STDERR  ] 2017-06-12T18:19:04.758575253Z: [    7.246709] ata4: SATA max UDMA/133 abar m4096@0xfebf1000 port 0xfebf1280 irq 24
[STDERR  ] 2017-06-12T18:19:04.758580576Z: [    7.247405] ata5: SATA max UDMA/133 abar m4096@0xfebf1000 port 0xfebf1300 irq 24
[STDERR  ] 2017-06-12T18:19:04.75859647Z: [    7.248069] ata6: SATA max UDMA/133 abar m4096@0xfebf1000 port 0xfebf1380 irq 24
[STDERR  ] 2017-06-12T18:19:04.75860392Z: [    7.257710] Ethernet Channel Bonding Driver: v3.7.1 (April 27, 2011)
[STDERR  ] 2017-06-12T18:19:04.75860952Z: [    7.277487] tun: Universal TUN/TAP device driver, 1.6
[STDERR  ] 2017-06-12T18:19:04.758618493Z: [    7.278106] tun: (C) 1999-2004 Max Krasnyansky <maxk@qualcomm.com>
[STDERR  ] 2017-06-12T18:19:04.758623756Z: [    7.281024] e1000: Intel(R) PRO/1000 Network Driver - version 7.3.21-k8-NAPI
[STDERR  ] 2017-06-12T18:19:04.758631343Z: [    7.281798] e1000: Copyright (c) 1999-2006 Intel Corporation.
[STDERR  ] 2017-06-12T18:19:04.758634126Z: [    7.289655] ACPI: PCI Interrupt Link [GSIG] enabled at IRQ 22
[STDERR  ] 2017-06-12T18:19:04.758639304Z: [    7.618423] e1000 0000:00:02.0 eth0: (PCI:33MHz:32-bit) 52:54:00:12:34:56
[STDERR  ] 2017-06-12T18:19:04.758647137Z: [    7.621102] e1000 0000:00:02.0 eth0: Intel(R) PRO/1000 Network Connection
[STDERR  ] 2017-06-12T18:19:04.758652324Z: [    7.624078] e1000e: Intel(R) PRO/1000 Network Driver - 3.2.6-k
[STDERR  ] 2017-06-12T18:19:04.758657444Z: [    7.625579] e1000e: Copyright(c) 1999 - 2015 Intel Corporation.
[STDERR  ] 2017-06-12T18:19:04.758662643Z: [    7.627974] igb: Intel(R) Gigabit Ethernet Network Driver - version 5.3.0-k
[STDERR  ] 2017-06-12T18:19:04.758675932Z: [    7.629626] igb: Copyright (c) 2007-2014 Intel Corporation.
[STDERR  ] 2017-06-12T18:19:04.758681317Z: [    7.632400] igbvf: Intel(R) Gigabit Virtual Function Network Driver - version 2.0.2-k
[STDERR  ] 2017-06-12T18:19:04.758684063Z: [    7.634314] igbvf: Copyright (c) 2009 - 2012 Intel Corporation.
[STDERR  ] 2017-06-12T18:19:04.758689214Z: [    7.636634] ixgbe: Intel(R) 10 Gigabit PCI Express Network Driver - version 4.2.1-k
[STDERR  ] 2017-06-12T18:19:04.758699064Z: [    7.638539] ixgbe: Copyright (c) 1999-2015 Intel Corporation.
[STDERR  ] 2017-06-12T18:19:04.758704417Z: [    7.641704] ixgbevf: Intel(R) 10 Gigabit PCI Express Virtual Function Network Driver - version 2.12.1-k
[STDERR  ] 2017-06-12T18:19:04.758712402Z: [    7.643857] ixgbevf: Copyright (c) 2009 - 2012 Intel Corporation.
[STDERR  ] 2017-06-12T18:19:04.758717894Z: [    7.646246] ixgb: Intel(R) PRO/10GbE Network Driver - version 1.0.135-k2-NAPI
[STDERR  ] 2017-06-12T18:19:04.758723203Z: [    7.647961] ixgb: Copyright (c) 1999-2008 Intel Corporation.
[STDERR  ] 2017-06-12T18:19:04.758730477Z: [    7.651111] PPP generic driver version 2.4.2
[STDERR  ] 2017-06-12T18:19:04.75873575Z: [    7.654337] PPP BSD Compression module registered
[STDERR  ] 2017-06-12T18:19:04.75873852Z: [    7.655836] PPP Deflate Compression module registered
[STDERR  ] 2017-06-12T18:19:04.758754333Z: [    7.657536] PPP MPPE Compression module registered
[STDERR  ] 2017-06-12T18:19:04.758756924Z: [    7.659001] NET: Registered protocol family 24
[STDERR  ] 2017-06-12T18:19:04.758764693Z: [    7.661517] PPTP driver version 0.8.5
[STDERR  ] 2017-06-12T18:19:04.758769886Z: [    7.664632] VMware vmxnet3 virtual NIC driver - version 1.4.5.0-k-NAPI
[STDERR  ] 2017-06-12T18:19:04.758772707Z: [    7.667251] hv_vmbus: registering driver hv_netvsc
[STDERR  ] 2017-06-12T18:19:04.758780247Z: [    7.668575] Fusion MPT base driver 3.04.20
[STDERR  ] 2017-06-12T18:19:04.758782826Z: [    7.669574] Copyright (c) 1999-2008 LSI Corporation
[STDERR  ] 2017-06-12T18:19:04.758791623Z: [    7.671699] Fusion MPT SPI Host driver 3.04.20
[STDERR  ] 2017-06-12T18:19:04.758794359Z: [    7.682030] ata1: SATA link down (SStatus 0 SControl 300)
[STDERR  ] 2017-06-12T18:19:04.75880191Z: [    7.686634] ata2: SATA link down (SStatus 0 SControl 300)
[STDERR  ] 2017-06-12T18:19:04.758809193Z: [    7.688835] ata3: SATA link up 1.5 Gbps (SStatus 113 SControl 300)
[STDERR  ] 2017-06-12T18:19:04.75881199Z: [    7.693914] ata5: SATA link down (SStatus 0 SControl 300)
[STDERR  ] 2017-06-12T18:19:04.758830397Z: [    7.695727] ata4: SATA link down (SStatus 0 SControl 300)
[STDERR  ] 2017-06-12T18:19:04.758833143Z: [    7.697386] ata6: SATA link down (SStatus 0 SControl 300)
[STDERR  ] 2017-06-12T18:19:04.758841939Z: [    7.703311] ata3.00: ATAPI: QEMU DVD-ROM, 2.5+, max UDMA/100
[STDERR  ] 2017-06-12T18:19:04.758847176Z: [    7.705107] ata3.00: applying bridge limits
[STDERR  ] 2017-06-12T18:19:04.758852327Z: [    7.708747] ata3.00: configured for UDMA/100
[STDERR  ] 2017-06-12T18:19:04.758859713Z: [    7.711995] aoe: AoE v85 initialised.
[STDERR  ] 2017-06-12T18:19:04.758862324Z: [    7.717061] i8042: PNP: PS/2 Controller [PNP0303:KBD,PNP0f13:MOU] at 0x60,0x64 irq 1,12
[STDERR  ] 2017-06-12T18:19:04.758871204Z: [    7.725388] serio: i8042 KBD port at 0x60,0x64 irq 1
[STDERR  ] 2017-06-12T18:19:04.758876347Z: [    7.727405] serio: i8042 AUX port at 0x60,0x64 irq 12
[STDERR  ] 2017-06-12T18:19:04.75888142Z: [    7.749809] hv_vmbus: registering driver hyperv_keyboard
[STDERR  ] 2017-06-12T18:19:04.758884103Z: [    7.754159] mousedev: PS/2 mouse device common for all mice
[STDERR  ] 2017-06-12T18:19:04.758899564Z: [    7.758475] scsi 2:0:0:0: CD-ROM            QEMU     QEMU DVD-ROM     2.5+ PQ: 0 ANSI: 5
[STDERR  ] 2017-06-12T18:19:04.758902617Z: [    7.768195] input: AT Translated Set 2 keyboard as /devices/platform/i8042/serio0/input/input1
[STDERR  ] 2017-06-12T18:19:04.758910612Z: [    7.773634] input: PC Speaker as /devices/platform/pcspkr/input/input2
[STDERR  ] 2017-06-12T18:19:04.758915842Z: [    7.784274] rtc_cmos 00:00: RTC can wake from S4
[STDERR  ] 2017-06-12T18:19:04.758921129Z: [    7.796914] rtc_cmos 00:00: rtc core: registered rtc_cmos as rtc0
[STDERR  ] 2017-06-12T18:19:04.758926787Z: [    7.799892] rtc_cmos 00:00: alarms up to one day, y3k, 114 bytes nvram, hpet irqs
[STDERR  ] 2017-06-12T18:19:04.758931327Z: [    7.806395] sr 2:0:0:0: [sr0] scsi3-mmc drive: 4x/4x cd/rw xa/form2 tray
[STDERR  ] 2017-06-12T18:19:04.758943744Z: [    7.808538] cdrom: Uniform CD-ROM driver Revision: 3.20
[STDERR  ] 2017-06-12T18:19:04.758947924Z: [    7.811086] i2c /dev entries driver
[STDERR  ] 2017-06-12T18:19:04.758961063Z: [    7.818349] device-mapper: ioctl: 4.34.0-ioctl (2015-10-28) initialised: dm-devel@redhat.com
[STDERR  ] 2017-06-12T18:19:04.758987267Z: [    7.836762] hv_utils: Registering HyperV Utility Driver
[STDERR  ] 2017-06-12T18:19:04.75899535Z: [    7.838179] hv_vmbus: registering driver hv_util
[STDERR  ] 2017-06-12T18:19:04.758998043Z: [    7.839571] hv_vmbus: registering driver hv_balloon
[STDERR  ] 2017-06-12T18:19:04.759009327Z: [    7.842062] sr 2:0:0:0: Attached scsi generic sg0 type 5
[STDERR  ] 2017-06-12T18:19:04.759014556Z: [    7.847309] oprofile: using NMI interrupt.
[STDERR  ] 2017-06-12T18:19:04.759017213Z: [    7.850005] GACT probability on
[STDERR  ] 2017-06-12T18:19:04.759027002Z: [    7.851719] Mirror/redirect action on
[STDERR  ] 2017-06-12T18:19:04.759032143Z: [    7.853188] Simple TC action Loaded
[STDERR  ] 2017-06-12T18:19:04.759040152Z: [    7.859500] netem: version 1.3
[STDERR  ] 2017-06-12T18:19:04.759055587Z: [    7.861279] u32 classifier
[STDERR  ] 2017-06-12T18:19:04.7590613Z: [    7.862015]     Performance counters on
[STDERR  ] 2017-06-12T18:19:04.759066469Z: [    7.862956]     input device check on
[STDERR  ] 2017-06-12T18:19:04.75907163Z: [    7.863873]     Actions configured
[STDERR  ] 2017-06-12T18:19:04.759074363Z: [    7.865941] Netfilter messages via NETLINK v0.30.
[STDERR  ] 2017-06-12T18:19:04.759079457Z: [    7.867707] nfnl_acct: registering with nfnetlink.
[STDERR  ] 2017-06-12T18:19:04.75908735Z: [    7.870592] nf_conntrack version 0.5.0 (7904 buckets, 31616 max)
[STDERR  ] 2017-06-12T18:19:04.759090113Z: [    7.878166] ctnetlink v0.93: registering with nfnetlink.
[STDERR  ] 2017-06-12T18:19:04.759097816Z: [    7.880971] tsc: Refined TSC clocksource calibration: 2600.005 MHz
[STDERR  ] 2017-06-12T18:19:04.759105479Z: [    7.882349] clocksource: tsc: mask: 0xffffffffffffffff max_cycles: 0x257a40ff313, max_idle_ns: 440795330741 ns
[STDERR  ] 2017-06-12T18:19:04.759117427Z: [    7.889393] nf_tables: (c) 2007-2009 Patrick McHardy <kaber@trash.net>
[STDERR  ] 2017-06-12T18:19:04.759130342Z: [    7.892454] nf_tables_compat: (c) 2012 Pablo Neira Ayuso <pablo@netfilter.org>
[STDERR  ] 2017-06-12T18:19:04.759136194Z: [    7.899039] xt_time: kernel timezone is -0000
[STDERR  ] 2017-06-12T18:19:04.759143873Z: [    7.901137] ip_set: protocol 6
[STDERR  ] 2017-06-12T18:19:04.759149964Z: [    7.902734] IPVS: Registered protocols (TCP, UDP, SCTP, AH, ESP)
[STDERR  ] 2017-06-12T18:19:04.759158493Z: [    7.904278] IPVS: Connection hash table configured (size=4096, memory=64Kbytes)
[STDERR  ] 2017-06-12T18:19:04.759167653Z: [    7.907699] IPVS: Creating netns size=2096 id=0
[STDERR  ] 2017-06-12T18:19:04.759175364Z: [    7.912895] IPVS: ipvs loaded.
[STDERR  ] 2017-06-12T18:19:04.759180594Z: [    7.913916] IPVS: [rr] scheduler registered.
[STDERR  ] 2017-06-12T18:19:04.759185777Z: [    7.914860] IPVS: [wrr] scheduler registered.
[STDERR  ] 2017-06-12T18:19:04.759191032Z: [    7.915624] IPVS: [lc] scheduler registered.
[STDERR  ] 2017-06-12T18:19:04.759196197Z: [    7.916492] IPVS: [wlc] scheduler registered.
[STDERR  ] 2017-06-12T18:19:04.759211196Z: [    7.917440] IPVS: [fo] scheduler registered.
[STDERR  ] 2017-06-12T18:19:04.759216427Z: [    7.918235] IPVS: [ovf] scheduler registered.
[STDERR  ] 2017-06-12T18:19:04.759221543Z: [    7.919415] IPVS: [lblc] scheduler registered.
[STDERR  ] 2017-06-12T18:19:04.75922426Z: [    7.921192] IPVS: [lblcr] scheduler registered.
[STDERR  ] 2017-06-12T18:19:04.759235383Z: [    7.922060] IPVS: [dh] scheduler registered.
[STDERR  ] 2017-06-12T18:19:04.759240622Z: [    7.922934] IPVS: [sh] scheduler registered.
[STDERR  ] 2017-06-12T18:19:04.759243327Z: [    7.923800] IPVS: [sed] scheduler registered.
[STDERR  ] 2017-06-12T18:19:04.759251079Z: [    7.924652] IPVS: [nq] scheduler registered.
[STDERR  ] 2017-06-12T18:19:04.759253807Z: [    7.926268] IPVS: ftp: loaded support on port[0] = 21
[STDERR  ] 2017-06-12T18:19:04.759261477Z: [    7.928071] ipip: IPv4 over IPv4 tunneling driver
[STDERR  ] 2017-06-12T18:19:04.759266717Z: [    7.935292] gre: GRE over IPv4 demultiplexor driver
[STDERR  ] 2017-06-12T18:19:04.759269353Z: [    7.936436] ip_gre: GRE over IPv4 tunneling driver
[STDERR  ] 2017-06-12T18:19:04.759288339Z: [    7.946088] IPv4 over IPsec tunneling driver
[STDERR  ] 2017-06-12T18:19:04.759291446Z: [    7.957734] ip_tables: (C) 2000-2006 Netfilter Core Team
[STDERR  ] 2017-06-12T18:19:04.759300496Z: [    7.964206] ipt_CLUSTERIP: ClusterIP Version 0.8 loaded successfully
[STDERR  ] 2017-06-12T18:19:04.759303149Z: [    7.966114] arp_tables: (C) 2002 David S. Miller
[STDERR  ] 2017-06-12T18:19:04.759314326Z: [    7.969563] Initializing XFRM netlink socket
[STDERR  ] 2017-06-12T18:19:04.759317117Z: [    7.972490] NET: Registered protocol family 10
[STDERR  ] 2017-06-12T18:19:04.759324944Z: [    7.992437] mip6: Mobile IPv6
[STDERR  ] 2017-06-12T18:19:04.759331107Z: [    7.993750] ip6_tables: (C) 2000-2006 Netfilter Core Team
[STDERR  ] 2017-06-12T18:19:04.759333756Z: [    8.007622] sit: IPv6 over IPv4 tunneling driver
[STDERR  ] 2017-06-12T18:19:04.759341672Z: [    8.020010] ip6_gre: GRE over IPv6 tunneling driver
[STDERR  ] 2017-06-12T18:19:04.759346904Z: [    8.026809] NET: Registered protocol family 17
[STDERR  ] 2017-06-12T18:19:04.759356964Z: [    8.028232] NET: Registered protocol family 15
[STDERR  ] 2017-06-12T18:19:04.759362954Z: [    8.029929] bridge: automatic filtering via arp/ip/ip6tables has been deprecated. Update your scripts to load br_netfilter if you need this.
[STDERR  ] 2017-06-12T18:19:04.759374102Z: [    8.033860] Bridge firewalling registered
[STDERR  ] 2017-06-12T18:19:04.759379337Z: [    8.035307] Ebtables v2.0 registered
[STDERR  ] 2017-06-12T18:19:04.75938458Z: [    8.043657] l2tp_core: L2TP core driver, V2.0
[STDERR  ] 2017-06-12T18:19:04.759387286Z: [    8.045008] l2tp_ppp: PPPoL2TP kernel driver, V2.0
[STDERR  ] 2017-06-12T18:19:04.7593925Z: [    8.045991] 8021q: 802.1Q VLAN Support v1.8
[STDERR  ] 2017-06-12T18:19:04.759404086Z: [    8.048735] 9pnet: Installing 9P2000 support
[STDERR  ] 2017-06-12T18:19:04.759410383Z: [    8.051165] Key type dns_resolver registered
[STDERR  ] 2017-06-12T18:19:04.759415647Z: [    8.052155] openvswitch: Open vSwitch switching datapath
[STDERR  ] 2017-06-12T18:19:04.759420872Z: [    8.055868] hv_sock: failed to load: VMBus 4 or later is required
[STDERR  ] 2017-06-12T18:19:04.759433744Z: [    8.057075] mpls_gso: MPLS GSO support
[STDERR  ] 2017-06-12T18:19:04.759439469Z: [    8.058207] microcode: AMD CPU family 0x6 not supported
[STDERR  ] 2017-06-12T18:19:04.759444686Z: [    8.065599] registered taskstats version 1
[STDERR  ] 2017-06-12T18:19:04.75944737Z: [    8.285098] Key type encrypted registered
[STDERR  ] 2017-06-12T18:19:04.759452466Z: [    8.294685] rtc_cmos 00:00: setting system clock to 2017-06-12 18:18:31 UTC (1497291511)
[STDERR  ] 2017-06-12T18:19:04.759460459Z: [    8.542816] Freeing unused kernel memory: 1372K (ffffffff92f71000 - ffffffff930c8000)
[STDERR  ] 2017-06-12T18:19:04.759465674Z: [    8.544487] Write protecting the kernel read-only data: 14336k
[STDERR  ] 2017-06-12T18:19:04.759470887Z: [    8.566505] Freeing unused kernel memory: 1172K (ffff8800128db000 - ffff880012a00000)
[STDERR  ] 2017-06-12T18:19:04.759478499Z: [    8.695806] Freeing unused kernel memory: 972K (ffff880012d0d000 - ffff880012e00000)
[STDERR  ] 2017-06-12T18:19:04.759483809Z: [    8.891546] clocksource: Switched to clocksource tsc
[STDERR  ] 2017-06-12T18:19:04.759488986Z: 
[STDERR  ] 2017-06-12T18:19:04.759494314Z: Starting containerd
[STDERR  ] 2017-06-12T18:19:04.759496993Z: 
[STDERR  ] 2017-06-12T18:19:04.759509429Z: Welcome to LinuxKit
[STDERR  ] 2017-06-12T18:19:04.759517566Z: 
[STDERR  ] 2017-06-12T18:19:04.759522936Z:                         ##         .
[STDERR  ] 2017-06-12T18:19:04.759528206Z:                   ## ## ##        ==
[STDERR  ] 2017-06-12T18:19:04.759535142Z:                ## ## ## ## ##    ===
[STDERR  ] 2017-06-12T18:19:04.759540467Z:            /"""""""""""""""""\___/ ===
[STDERR  ] 2017-06-12T18:19:04.759547117Z:       ~~~ {~~ ~~~~ ~~~ ~~~~ ~~~ ~ /  ===- ~~~
[STDERR  ] 2017-06-12T18:19:04.759552359Z:            \______ o           __/
[STDERR  ] 2017-06-12T18:19:04.759559647Z:              \    \         __/
[STDERR  ] 2017-06-12T18:19:04.759562617Z:               \____\_______/
[STDERR  ] 2017-06-12T18:19:04.759573012Z: 
[STDERR  ] 2017-06-12T18:19:04.759575717Z: [34mINFO[0m[0000] starting containerd boot...                   [34mmodule[0m=containerd
[STDERR  ] 2017-06-12T18:19:04.759592073Z: [34mINFO[0m[0000] starting debug API...                         [34mdebug[0m="/run/containerd/debug.sock" [34mmodule[0m=containerd
[STDERR  ] 2017-06-12T18:19:04.75959724Z: [34mINFO[0m[0000] loading monitor plugin "cgroups"...           [34mmodule[0m=containerd
[STDERR  ] 2017-06-12T18:19:04.759602433Z: [34mINFO[0m[0000] loading runtime plugin "linux"...             [34mmodule[0m=containerd
[STDERR  ] 2017-06-12T18:19:04.75960768Z: [34mINFO[0m[0000] loading snapshot plugin "snapshot-overlay"...  [34mmodule[0m=containerd
[STDERR  ] 2017-06-12T18:19:04.75961044Z: [34mINFO[0m[0000] loading differ plugin "diff-base"...          [34mmodule[0m=containerd
[STDERR  ] 2017-06-12T18:19:04.759615533Z: [34mINFO[0m[0000] loading grpc service plugin "images-grpc"...  [34mmodule[0m=containerd
[STDERR  ] 2017-06-12T18:19:04.759624449Z: [34mINFO[0m[0000] loading grpc service plugin "namespaces-grpc"...  [34mmodule[0m=containerd
[STDERR  ] 2017-06-12T18:19:04.759627216Z: [34mINFO[0m[0000] loading grpc service plugin "snapshots-grpc"...  [34mmodule[0m=containerd
[STDERR  ] 2017-06-12T18:19:04.759634843Z: [34mINFO[0m[0000] loading grpc service plugin "tasks-grpc"...   [34mmodule[0m=containerd
[STDERR  ] 2017-06-12T18:19:04.759637471Z: [34mINFO[0m[0000] loading grpc service plugin "content-grpc"...  [34mmodule[0m=containerd
[STDERR  ] 2017-06-12T18:19:04.759645291Z: [34mINFO[0m[0000] loading grpc service plugin "healthcheck-grpc"...  [34mmodule[0m=containerd
[STDERR  ] 2017-06-12T18:19:04.759660139Z: [34mINFO[0m[0000] loading grpc service plugin "version-grpc"...  [34mmodule[0m=containerd
[STDERR  ] 2017-06-12T18:19:04.759663482Z: [34mINFO[0m[0000] loading grpc service plugin "diff-grpc"...    [34mmodule[0m=containerd
[STDERR  ] 2017-06-12T18:19:04.759673482Z: [34mINFO[0m[0000] loading grpc service plugin "metrics-grpc"...  [34mmodule[0m=containerd
[STDERR  ] 2017-06-12T18:19:04.759676202Z: [34mINFO[0m[0000] loading grpc service plugin "containers-grpc"...  [34mmodule[0m=containerd
[STDERR  ] 2017-06-12T18:19:04.759684133Z: [34mINFO[0m[0000] starting GRPC API server...                   [34mmodule[0m=containerd
[STDERR  ] 2017-06-12T18:19:04.759691029Z: [34mINFO[0m[0000] containerd successfully booted in 0.304990s   [34mmodule[0m=containerd
[STDERR  ] 2017-06-12T18:19:04.759696358Z: starting kernel config sanity test with /proc/config.gz
[STDERR  ] 2017-06-12T18:19:04.759701643Z: kernel config test succeeded!
[STDERR  ] 2017-06-12T18:19:04.759704421Z: [37minfo: reading kernel config from /proc/config.gz ...[m
[STDERR  ] 2017-06-12T18:19:04.759711001Z: 
[STDERR  ] 2017-06-12T18:19:04.759719802Z: Generally Necessary:
[STDERR  ] 2017-06-12T18:19:04.759726678Z: - [37mcgroup hierarchy[m: [32mproperly mounted[m [/sys/fs/cgroup]
[STDERR  ] 2017-06-12T18:19:04.759739816Z: - [37mCONFIG_NAMESPACES[m: [32menabled[m
[STDERR  ] 2017-06-12T18:19:04.759745163Z: - [37mCONFIG_NET_NS[m: [32menabled[m
[STDERR  ] 2017-06-12T18:19:04.759750299Z: - [37mCONFIG_PID_NS[m: [32menabled[m
