[INFO    ] 2017-08-03T00:53:38.085439445Z: Running Test linuxkit.packages.extend.btrfs in /tmp/build/test/cases/040_packages/009_extend/001_btrfs
[INFO    ] 2017-08-03T00:53:38.085534655Z: Running command: [/bin/sh -x /tmp/build/test/cases/040_packages/009_extend/001_btrfs/test.sh]
[STDERR  ] 2017-08-03T00:53:38.086609994Z: + set -ex
[STDERR  ] 2017-08-03T00:53:38.086680279Z: + . /tmp/build/test/cases/_lib/lib.sh
[STDERR  ] 2017-08-03T00:53:38.08669473Z: + [ -f src/github.com/linuxkit/rtf/lib/lib.sh ]
[STDERR  ] 2017-08-03T00:53:38.086803231Z: + LINUXKIT_TMPDIR=/tmp/build/test/cases/_tmp
[STDERR  ] 2017-08-03T00:53:38.086819029Z: + [ -f /tmp/build/test/cases/_tmp/env.sh ]
[STDERR  ] 2017-08-03T00:53:38.086830989Z: + . /tmp/build/test/cases/_tmp/env.sh
[STDERR  ] 2017-08-03T00:53:38.086843654Z: + export LINUXKIT_EXAMPLES_DIR=/tmp/build/test/cases/../../examples
[STDERR  ] 2017-08-03T00:53:38.08685635Z: + export LINUXKIT_BLUEPRINTS_DIR=/tmp/build/test/cases/../../blueprints
[STDERR  ] 2017-08-03T00:53:38.086892176Z: + RT_CANCEL=253
[STDERR  ] 2017-08-03T00:53:38.086903296Z: + NAME=test-extend
[STDERR  ] 2017-08-03T00:53:38.086912931Z: + DISK=disk0.img
[STDERR  ] 2017-08-03T00:53:38.086923114Z: + trap clean_up EXIT
[STDERR  ] 2017-08-03T00:53:38.086931814Z: + rm -rf disk0.img
[STDERR  ] 2017-08-03T00:53:38.08754025Z: + docker build -t test-extend .
[STDOUT  ] 2017-08-03T00:53:38.148846879Z: Sending build context to Docker daemon  8.704kB
[STDOUT  ] 2017-08-03T00:53:38.259484591Z: Step 1/2 : FROM alpine:3.6
[STDOUT  ] 2017-08-03T00:53:38.259680442Z:  ---> 7328f6f8b418
[STDOUT  ] 2017-08-03T00:53:38.259701072Z: Step 2/2 : RUN apk add --no-cache qemu-img sfdisk e2fsprogs util-linux
[STDOUT  ] 2017-08-03T00:53:38.335141212Z:  ---> Running in 167e89d6843e
[STDOUT  ] 2017-08-03T00:53:38.604345794Z: fetch http://dl-cdn.alpinelinux.org/alpine/v3.6/main/x86_64/APKINDEX.tar.gz
[STDOUT  ] 2017-08-03T00:53:39.007970412Z: fetch http://dl-cdn.alpinelinux.org/alpine/v3.6/community/x86_64/APKINDEX.tar.gz
[STDOUT  ] 2017-08-03T00:53:39.110039809Z: (1/32) Installing libuuid (2.28.2-r2)
[STDOUT  ] 2017-08-03T00:53:39.120850668Z: (2/32) Installing libblkid (2.28.2-r2)
[STDOUT  ] 2017-08-03T00:53:39.221658866Z: (3/32) Installing libcom_err (1.43.4-r0)
[STDOUT  ] 2017-08-03T00:53:39.249109297Z: (4/32) Installing e2fsprogs-libs (1.43.4-r0)
[STDOUT  ] 2017-08-03T00:53:39.271604707Z: (5/32) Installing e2fsprogs (1.43.4-r0)
[STDOUT  ] 2017-08-03T00:53:39.375697965Z: (6/32) Installing libaio (0.3.110-r0)
[STDOUT  ] 2017-08-03T00:53:39.383934136Z: (7/32) Installing libbz2 (1.0.6-r5)
[STDOUT  ] 2017-08-03T00:53:39.392864848Z: (8/32) Installing ca-certificates (20161130-r2)
[STDOUT  ] 2017-08-03T00:53:39.429066029Z: (9/32) Installing libssh2 (1.8.0-r1)
[STDOUT  ] 2017-08-03T00:53:39.488477522Z: (10/32) Installing libcurl (7.54.0-r0)
[STDOUT  ] 2017-08-03T00:53:39.537578107Z: (11/32) Installing libgcc (6.3.0-r4)
[STDOUT  ] 2017-08-03T00:53:39.63220905Z: (12/32) Installing libffi (3.2.1-r3)
[STDOUT  ] 2017-08-03T00:53:39.643638775Z: (13/32) Installing libintl (0.19.8.1-r1)
[STDOUT  ] 2017-08-03T00:53:39.731120068Z: (14/32) Installing libmount (2.28.2-r2)
[STDOUT  ] 2017-08-03T00:53:39.7742612Z: (15/32) Installing pcre (8.40-r2)
[STDOUT  ] 2017-08-03T00:53:39.790288053Z: (16/32) Installing glib (2.52.1-r0)
[STDOUT  ] 2017-08-03T00:53:39.84709054Z: (17/32) Installing gmp (6.1.2-r0)
[STDOUT  ] 2017-08-03T00:53:39.860434579Z: (18/32) Installing nettle (3.3-r0)
[STDOUT  ] 2017-08-03T00:53:39.876211132Z: (19/32) Installing libtasn1 (4.10-r1)
[STDOUT  ] 2017-08-03T00:53:39.956215942Z: (20/32) Installing p11-kit (0.23.2-r1)
[STDOUT  ] 2017-08-03T00:53:39.976599795Z: (21/32) Installing libunistring (0.9.7-r0)
[STDOUT  ] 2017-08-03T00:53:40.00497735Z: (22/32) Installing gnutls (3.5.13-r0)
[STDOUT  ] 2017-08-03T00:53:40.047198241Z: (23/32) Installing libnfs (1.11.0-r0)
[STDOUT  ] 2017-08-03T00:53:40.057647618Z: (24/32) Installing qemu-img (2.8.1-r1)
[STDOUT  ] 2017-08-03T00:53:40.162792342Z: (25/32) Installing libfdisk (2.28.2-r2)
[STDOUT  ] 2017-08-03T00:53:40.240457271Z: (26/32) Installing libsmartcols (2.28.2-r2)
[STDOUT  ] 2017-08-03T00:53:40.250105775Z: (27/32) Installing sfdisk (2.28.2-r2)
[STDOUT  ] 2017-08-03T00:53:40.336481437Z: (28/32) Installing findmnt (2.28.2-r2)
[STDOUT  ] 2017-08-03T00:53:40.344937079Z: (29/32) Installing ncurses-terminfo-base (6.0-r7)
[STDOUT  ] 2017-08-03T00:53:40.353907253Z: (30/32) Installing ncurses-terminfo (6.0-r7)
[STDOUT  ] 2017-08-03T00:53:40.520652859Z: (31/32) Installing ncurses-libs (6.0-r7)
[STDOUT  ] 2017-08-03T00:53:40.62143481Z: (32/32) Installing util-linux (2.28.2-r2)
[STDOUT  ] 2017-08-03T00:53:40.658141996Z: Executing busybox-1.26.2-r5.trigger
[STDOUT  ] 2017-08-03T00:53:40.661650774Z: Executing ca-certificates-20161130-r2.trigger
[STDOUT  ] 2017-08-03T00:53:40.695762964Z: Executing glib-2.52.1-r0.trigger
[STDOUT  ] 2017-08-03T00:53:40.699783106Z: OK: 28 MiB in 43 packages
[STDOUT  ] 2017-08-03T00:53:41.688539481Z:  ---> d8b37b8f6ebb
[STDOUT  ] 2017-08-03T00:53:41.735589448Z: Removing intermediate container 167e89d6843e
[STDOUT  ] 2017-08-03T00:53:41.735637008Z: Successfully built d8b37b8f6ebb
[STDOUT  ] 2017-08-03T00:53:41.743298105Z: Successfully tagged test-extend:latest
[STDERR  ] 2017-08-03T00:53:41.74417895Z: + moby build --name create -output kernel+initrd test-create.yml
[STDERR  ] 2017-08-03T00:53:41.752144059Z: Extract kernel image: linuxkit/kernel:4.9.40
[STDERR  ] 2017-08-03T00:53:43.40795795Z: Add init containers:
[STDERR  ] 2017-08-03T00:53:43.408013451Z: Process init image: linuxkit/init:e3e376881faced5a890b6ceb3e8e899cbfd04ecd
[STDERR  ] 2017-08-03T00:53:44.625774972Z: Process init image: linuxkit/runc:842318b6ab524783554428c89a27d95af7bd2844
[STDERR  ] 2017-08-03T00:53:45.821671642Z: Add onboot containers:
[STDERR  ] 2017-08-03T00:53:45.821714708Z:   Create OCI config for alpine:3.6
[STDERR  ] 2017-08-03T00:53:47.041023499Z:   Create OCI config for linuxkit/format:efafddf9bc6165b5efaf09c532c15a1100a10e61
[STDERR  ] 2017-08-03T00:53:48.401709389Z:   Create OCI config for linuxkit/mount:a738ccad4e3e009b7c5f541226e9232a6287fa5d
[STDERR  ] 2017-08-03T00:53:49.656991852Z:   Create OCI config for alpine:3.6
[STDERR  ] 2017-08-03T00:53:50.875759639Z:   Create OCI config for linuxkit/poweroff:bce51402e293da0b653923a43c3c7be6e0effa05
[STDERR  ] 2017-08-03T00:53:52.109695982Z: Create outputs:
[STDERR  ] 2017-08-03T00:53:56.409740706Z:   create-kernel create-initrd.img create-cmdline
[STDERR  ] 2017-08-03T00:53:56.455182189Z: + linuxkit run -disk file=disk0.img,size=256M create
[STDERR  ] 2017-08-03T00:53:56.473194521Z: Unable to find qemu-system-x86_64 within the $PATH. Using a container
[STDOUT  ] 2017-08-03T00:53:59.080239706Z: [    0.000000] Linux version 4.9.40-linuxkit (root@e1ede117fb1e) (gcc version 6.3.0 (Alpine 6.3.0) ) #1 SMP Wed Aug 2 16:32:58 UTC 2017
[STDOUT  ] 2017-08-03T00:53:59.080702936Z: [    0.000000] Command line: console=ttyS0
[STDOUT  ] 2017-08-03T00:53:59.080870065Z: [    0.000000] x86/fpu: Legacy x87 FPU detected.
[STDOUT  ] 2017-08-03T00:53:59.081205887Z: [    0.000000] x86/fpu: Using 'eager' FPU context switches.
[STDOUT  ] 2017-08-03T00:53:59.081547251Z: [    0.000000] e820: BIOS-provided physical RAM map:
[STDOUT  ] 2017-08-03T00:53:59.081889585Z: [    0.000000] BIOS-e820: [mem 0x0000000000000000-0x000000000009fbff] usable
[STDOUT  ] 2017-08-03T00:53:59.082217384Z: [    0.000000] BIOS-e820: [mem 0x000000000009fc00-0x000000000009ffff] reserved
[STDOUT  ] 2017-08-03T00:53:59.08256117Z: [    0.000000] BIOS-e820: [mem 0x00000000000f0000-0x00000000000fffff] reserved
[STDOUT  ] 2017-08-03T00:53:59.082878915Z: [    0.000000] BIOS-e820: [mem 0x0000000000100000-0x000000003ffdefff] usable
[STDOUT  ] 2017-08-03T00:53:59.083191415Z: [    0.000000] BIOS-e820: [mem 0x000000003ffdf000-0x000000003fffffff] reserved
[STDOUT  ] 2017-08-03T00:53:59.083529459Z: [    0.000000] BIOS-e820: [mem 0x00000000b0000000-0x00000000bfffffff] reserved
[STDOUT  ] 2017-08-03T00:53:59.083865495Z: [    0.000000] BIOS-e820: [mem 0x00000000fed1c000-0x00000000fed1ffff] reserved
[STDOUT  ] 2017-08-03T00:53:59.084090161Z: [    0.000000] BIOS-e820: [mem 0x00000000fffc0000-0x00000000ffffffff] reserved
[STDOUT  ] 2017-08-03T00:53:59.084317129Z: [    0.000000] NX (Execute Disable) protection: active
[STDOUT  ] 2017-08-03T00:53:59.084476199Z: [    0.000000] SMBIOS 2.8 present.
[STDOUT  ] 2017-08-03T00:53:59.084768164Z: [    0.000000] e820: last_pfn = 0x3ffdf max_arch_pfn = 0x400000000
[STDOUT  ] 2017-08-03T00:53:59.085248835Z: [    0.000000] x86/PAT: Configuration [0-7]: WB  WC  UC- UC  WB  WC  UC- WT  
[STDOUT  ] 2017-08-03T00:53:59.085551718Z: [    0.000000] found SMP MP-table at [mem 0x000f6aa0-0x000f6aaf] mapped at [ffff91cd000f6aa0]
[STDOUT  ] 2017-08-03T00:53:59.085883077Z: [    0.000000] RAMDISK: [mem 0x3e4b7000-0x3ffcffff]
[STDOUT  ] 2017-08-03T00:53:59.086033394Z: [    0.000000] ACPI: Early table checksum verification disabled
[STDOUT  ] 2017-08-03T00:53:59.086343763Z: [    0.000000] ACPI: RSDP 0x00000000000F68C0 000014 (v00 BOCHS )
[STDOUT  ] 2017-08-03T00:53:59.086836987Z: [    0.000000] ACPI: RSDT 0x000000003FFE2404 000034 (v01 BOCHS  BXPCRSDT 00000001 BXPC 00000001)
[STDOUT  ] 2017-08-03T00:53:59.087146481Z: [    0.000000] ACPI: FACP 0x000000003FFE22A4 000074 (v01 BOCHS  BXPCFACP 00000001 BXPC 00000001)
[STDOUT  ] 2017-08-03T00:53:59.0876189Z: [    0.000000] ACPI: DSDT 0x000000003FFE0040 002264 (v01 BOCHS  BXPCDSDT 00000001 BXPC 00000001)
[STDOUT  ] 2017-08-03T00:53:59.087770202Z: [    0.000000] ACPI: FACS 0x000000003FFE0000 000040
[STDOUT  ] 2017-08-03T00:53:59.088235665Z: [    0.000000] ACPI: APIC 0x000000003FFE2318 000078 (v01 BOCHS  BXPCAPIC 00000001 BXPC 00000001)
[STDOUT  ] 2017-08-03T00:53:59.088678747Z: [    0.000000] ACPI: HPET 0x000000003FFE2390 000038 (v01 BOCHS  BXPCHPET 00000001 BXPC 00000001)
[STDOUT  ] 2017-08-03T00:53:59.088972427Z: [    0.000000] ACPI: MCFG 0x000000003FFE23C8 00003C (v01 BOCHS  BXPCMCFG 00000001 BXPC 00000001)
[STDOUT  ] 2017-08-03T00:53:59.089136457Z: [    0.000000] Zone ranges:
[STDOUT  ] 2017-08-03T00:53:59.089434529Z: [    0.000000]   DMA      [mem 0x0000000000001000-0x0000000000ffffff]
[STDOUT  ] 2017-08-03T00:53:59.089734991Z: [    0.000000]   DMA32    [mem 0x0000000001000000-0x000000003ffdefff]
[STDOUT  ] 2017-08-03T00:53:59.089898331Z: [    0.000000]   Normal   empty
[STDOUT  ] 2017-08-03T00:53:59.090197204Z: [    0.000000] Movable zone start for each node
[STDOUT  ] 2017-08-03T00:53:59.090358996Z: [    0.000000] Early memory node ranges
[STDOUT  ] 2017-08-03T00:53:59.090642423Z: [    0.000000]   node   0: [mem 0x0000000000001000-0x000000000009efff]
[STDOUT  ] 2017-08-03T00:53:59.090886957Z: [    0.000000]   node   0: [mem 0x0000000000100000-0x000000003ffdefff]
[STDOUT  ] 2017-08-03T00:53:59.091347278Z: [    0.000000] Initmem setup node 0 [mem 0x0000000000001000-0x000000003ffdefff]
[STDOUT  ] 2017-08-03T00:53:59.0914876Z: [    0.000000] ACPI: PM-Timer IO Port: 0x608
[STDOUT  ] 2017-08-03T00:53:59.091776207Z: [    0.000000] ACPI: LAPIC_NMI (acpi_id[0xff] dfl dfl lint[0x1])
[STDOUT  ] 2017-08-03T00:53:59.092062047Z: [    0.000000] IOAPIC[0]: apic_id 0, version 32, address 0xfec00000, GSI 0-23
[STDOUT  ] 2017-08-03T00:53:59.092499612Z: [    0.000000] ACPI: INT_SRC_OVR (bus 0 bus_irq 0 global_irq 2 dfl dfl)
[STDOUT  ] 2017-08-03T00:53:59.094364745Z: [    0.000000] ACPI: INT_SRC_OVR (bus 0 bus_irq 5 global_irq 5 high level)
[STDOUT  ] 2017-08-03T00:53:59.094394697Z: [    0.000000] ACPI: INT_SRC_OVR (bus 0 bus_irq 9 global_irq 9 high level)
[STDOUT  ] 2017-08-03T00:53:59.094414495Z: [    0.000000] ACPI: INT_SRC_OVR (bus 0 bus_irq 10 global_irq 10 high level)
[STDOUT  ] 2017-08-03T00:53:59.094425321Z: [    0.000000] ACPI: INT_SRC_OVR (bus 0 bus_irq 11 global_irq 11 high level)
[STDOUT  ] 2017-08-03T00:53:59.094435481Z: [    0.000000] Using ACPI (MADT) for SMP configuration information
[STDOUT  ] 2017-08-03T00:53:59.094445733Z: [    0.000000] ACPI: HPET id: 0x8086a201 base: 0xfed00000
[STDOUT  ] 2017-08-03T00:53:59.094459668Z: [    0.000000] smpboot: Allowing 1 CPUs, 0 hotplug CPUs
[STDOUT  ] 2017-08-03T00:53:59.094469635Z: [    0.000000] e820: [mem 0x40000000-0xafffffff] available for PCI devices
[STDOUT  ] 2017-08-03T00:53:59.094481007Z: [    0.000000] Booting paravirtualized kernel on bare hardware
[STDOUT  ] 2017-08-03T00:53:59.094499181Z: [    0.000000] clocksource: refined-jiffies: mask: 0xffffffff max_cycles: 0xffffffff, max_idle_ns: 19112604462750000 ns
[STDOUT  ] 2017-08-03T00:53:59.09497293Z: [    0.000000] setup_percpu: NR_CPUS:128 nr_cpumask_bits:128 nr_cpu_ids:1 nr_node_ids:1
[STDOUT  ] 2017-08-03T00:53:59.09542175Z: [    0.000000] percpu: Embedded 35 pages/cpu @ffff91cd3e200000 s105240 r8192 d29928 u2097152
[STDOUT  ] 2017-08-03T00:53:59.095707296Z: [    0.000000] Built 1 zonelists in Zone order, mobility grouping on.  Total pages: 257896
[STDOUT  ] 2017-08-03T00:53:59.096003866Z: [    0.000000] Kernel command line: console=ttyS0
[STDOUT  ] 2017-08-03T00:53:59.096298669Z: [    0.000000] PID hash table entries: 4096 (order: 3, 32768 bytes)
[STDOUT  ] 2017-08-03T00:53:59.096753959Z: [    0.000000] Dentry cache hash table entries: 131072 (order: 8, 1048576 bytes)
[STDOUT  ] 2017-08-03T00:53:59.097029346Z: [    0.000000] Inode-cache hash table entries: 65536 (order: 7, 524288 bytes)
[STDOUT  ] 2017-08-03T00:53:59.097763692Z: [    0.000000] Memory: 986424K/1048052K available (8027K kernel code, 1366K rwdata, 2696K rodata, 1380K init, 568K bss, 61628K reserved, 0K cma-reserved)
[STDOUT  ] 2017-08-03T00:53:59.097900603Z: [    0.000000] Hierarchical RCU implementation.
[STDOUT  ] 2017-08-03T00:53:59.098194238Z: [    0.000000] 	Build-time adjustment of leaf fanout to 64.
[STDOUT  ] 2017-08-03T00:53:59.098488257Z: [    0.000000] 	RCU restricting CPUs from NR_CPUS=128 to nr_cpu_ids=1.
[STDOUT  ] 2017-08-03T00:53:59.098948229Z: [    0.000000] RCU: Adjusting geometry for rcu_fanout_leaf=64, nr_cpu_ids=1
[STDOUT  ] 2017-08-03T00:53:59.099139499Z: [    0.000000] NR_IRQS:8448 nr_irqs:256 16
[STDOUT  ] 2017-08-03T00:53:59.102732659Z: [    0.000000] Console: colour VGA+ 80x25
[STDOUT  ] 2017-08-03T00:53:59.102760096Z: [    0.000000] console [ttyS0] enabled
[STDOUT  ] 2017-08-03T00:53:59.103661997Z: [    0.000000] clocksource: hpet: mask: 0xffffffff max_cycles: 0xffffffff, max_idle_ns: 19112604467 ns
[STDOUT  ] 2017-08-03T00:53:59.143825596Z: [    0.000000] tsc: Fast TSC calibration using PIT
[STDOUT  ] 2017-08-03T00:53:59.144712111Z: [    0.000000] tsc: Detected 2600.016 MHz processor
[STDOUT  ] 2017-08-03T00:53:59.148350814Z: [    0.032406] Calibrating delay loop (skipped), value calculated using timer frequency.. 5200.03 BogoMIPS (lpj=26000160)
[STDOUT  ] 2017-08-03T00:53:59.148990793Z: [    0.033767] pid_max: default: 32768 minimum: 301
[STDOUT  ] 2017-08-03T00:53:59.150032638Z: [    0.034923] ACPI: Core revision 20160831
[STDOUT  ] 2017-08-03T00:53:59.19264322Z: [    0.077073] ACPI: 1 ACPI AML tables successfully acquired and loaded
[STDOUT  ] 2017-08-03T00:53:59.197426984Z: [    0.082088] Security Framework initialized
[STDOUT  ] 2017-08-03T00:53:59.197928745Z: [    0.082586] Yama: becoming mindful.
[STDOUT  ] 2017-08-03T00:53:59.20007936Z: [    0.084667] Mount-cache hash table entries: 2048 (order: 2, 16384 bytes)
[STDOUT  ] 2017-08-03T00:53:59.200983883Z: [    0.085275] Mountpoint-cache hash table entries: 2048 (order: 2, 16384 bytes)
[STDOUT  ] 2017-08-03T00:53:59.219359993Z: [    0.103820] Last level iTLB entries: 4KB 0, 2MB 0, 4MB 0
[STDOUT  ] 2017-08-03T00:53:59.219813693Z: [    0.104336] Last level dTLB entries: 4KB 0, 2MB 0, 4MB 0, 1GB 0
[STDOUT  ] 2017-08-03T00:53:59.510727273Z: [    0.395067] Freeing SMP alternatives memory: 20K (ffffffffb1eb0000 - ffffffffb1eb5000)
[STDOUT  ] 2017-08-03T00:53:59.521047841Z: [    0.405449] ftrace: allocating 35481 entries in 139 pages
[STDOUT  ] 2017-08-03T00:53:59.814220623Z: [    0.558624] smpboot: Max logical packages: 1
[STDOUT  ] 2017-08-03T00:53:59.8214578Z: [    0.565860] ..TIMER: vector=0x30 apic1=0 pin1=2 apic2=-1 pin2=-1
[STDOUT  ] 2017-08-03T00:54:00.036840737Z: [    0.670000] smpboot: CPU0: AMD QEMU Virtual CPU version 2.5+ (family: 0x6, model: 0x6, stepping: 0x3)
[STDOUT  ] 2017-08-03T00:54:00.038533988Z: [    0.670000] Performance Events: PMU not available due to virtualization, using software events only.
[STDOUT  ] 2017-08-03T00:54:00.055781396Z: [    0.679250] NMI watchdog: disabled (cpu0): hardware events not enabled
[STDOUT  ] 2017-08-03T00:54:00.056541335Z: [    0.680185] NMI watchdog: Shutting down hard lockup detector on all cpus
[STDOUT  ] 2017-08-03T00:54:00.060259261Z: [    0.684037] x86: Booted up 1 node, 1 CPUs
[STDOUT  ] 2017-08-03T00:54:00.060837172Z: [    0.684494] smpboot: Total of 1 processors activated (5200.03 BogoMIPS)
[STDOUT  ] 2017-08-03T00:54:00.075654235Z: [    0.699048] devtmpfs: initialized
[STDOUT  ] 2017-08-03T00:54:00.082178732Z: [    0.705953] x86/mm: Memory block size: 128MB
[STDOUT  ] 2017-08-03T00:54:00.142817222Z: [    0.765221] clocksource: jiffies: mask: 0xffffffff max_cycles: 0xffffffff, max_idle_ns: 19112604462750000 ns
[STDOUT  ] 2017-08-03T00:54:00.143406103Z: [    0.767474] futex hash table entries: 256 (order: 2, 16384 bytes)
[STDOUT  ] 2017-08-03T00:54:00.153239274Z: [    0.776649] NET: Registered protocol family 16
[STDOUT  ] 2017-08-03T00:54:00.162223301Z: [    0.786319] cpuidle: using governor ladder
[STDOUT  ] 2017-08-03T00:54:00.162708565Z: [    0.786831] cpuidle: using governor menu
[STDOUT  ] 2017-08-03T00:54:00.164373152Z: [    0.788393] ACPI: bus type PCI registered
[STDOUT  ] 2017-08-03T00:54:00.168623895Z: [    0.792370] PCI: MMCONFIG for domain 0000 [bus 00-ff] at [mem 0xb0000000-0xbfffffff] (base 0xb0000000)
[STDOUT  ] 2017-08-03T00:54:00.169280188Z: [    0.793178] PCI: MMCONFIG at [mem 0xb0000000-0xbfffffff] reserved in E820
[STDOUT  ] 2017-08-03T00:54:00.170531027Z: [    0.794580] PCI: Using configuration type 1 for base access
[STDOUT  ] 2017-08-03T00:54:00.22454487Z: [    0.848481] HugeTLB registered 2 MB page size, pre-allocated 0 pages
[STDOUT  ] 2017-08-03T00:54:00.23673656Z: [    0.860637] ACPI: Added _OSI(Module Device)
[STDOUT  ] 2017-08-03T00:54:00.237203987Z: [    0.861020] ACPI: Added _OSI(Processor Device)
[STDOUT  ] 2017-08-03T00:54:00.237361644Z: [    0.861399] ACPI: Added _OSI(3.0 _SCP Extensions)
[STDOUT  ] 2017-08-03T00:54:00.237898274Z: [    0.861721] ACPI: Added _OSI(Processor Aggregator Device)
[STDOUT  ] 2017-08-03T00:54:00.306763688Z: [    0.930783] ACPI: Interpreter enabled
[STDOUT  ] 2017-08-03T00:54:00.307816399Z: [    0.931851] ACPI: (supports S0 S5)
[STDOUT  ] 2017-08-03T00:54:00.308231378Z: [    0.932236] ACPI: Using IOAPIC for interrupt routing
[STDOUT  ] 2017-08-03T00:54:00.311250146Z: [    0.934906] PCI: Using host bridge windows from ACPI; if necessary, use "pci=nocrs" and report a bug
[STDOUT  ] 2017-08-03T00:54:00.372165204Z: [    0.996038] ACPI: PCI Root Bridge [PCI0] (domain 0000 [bus 00-ff])
[STDOUT  ] 2017-08-03T00:54:00.373405917Z: [    0.997226] acpi PNP0A08:00: _OSC: OS supports [ExtendedConfig ASPM ClockPM Segments MSI]
[STDOUT  ] 2017-08-03T00:54:00.38042479Z: [    1.003967] acpi PNP0A08:00: _OSC: OS now controls [PCIeHotplug PME PCIeCapability]
[STDOUT  ] 2017-08-03T00:54:00.385341212Z: [    1.009110] PCI host bridge to bus 0000:00
[STDOUT  ] 2017-08-03T00:54:00.386136508Z: [    1.009610] pci_bus 0000:00: root bus resource [io  0x0000-0x0cf7 window]
[STDOUT  ] 2017-08-03T00:54:00.386704887Z: [    1.010116] pci_bus 0000:00: root bus resource [io  0x0d00-0xffff window]
[STDOUT  ] 2017-08-03T00:54:00.387320428Z: [    1.010568] pci_bus 0000:00: root bus resource [mem 0x000a0000-0x000bffff window]
[STDOUT  ] 2017-08-03T00:54:00.387785477Z: [    1.011172] pci_bus 0000:00: root bus resource [mem 0xc0000000-0xfebfffff window]
[STDOUT  ] 2017-08-03T00:54:00.388280866Z: [    1.011844] pci_bus 0000:00: root bus resource [bus 00-ff]
[STDOUT  ] 2017-08-03T00:54:00.494993268Z: [    1.116374] pci 0000:00:1f.0: quirk: [io  0x0600-0x067f] claimed by ICH6 ACPI/GPIO/TCO
[STDOUT  ] 2017-08-03T00:54:00.557225011Z: [    1.179615] ACPI: PCI Interrupt Link [LNKA] (IRQs 5 *10 11)
[STDOUT  ] 2017-08-03T00:54:00.559923281Z: [    1.182727] ACPI: PCI Interrupt Link [LNKB] (IRQs 5 *10 11)
[STDOUT  ] 2017-08-03T00:54:00.561997301Z: [    1.184844] ACPI: PCI Interrupt Link [LNKC] (IRQs 5 10 *11)
[STDOUT  ] 2017-08-03T00:54:00.564401861Z: [    1.187310] ACPI: PCI Interrupt Link [LNKD] (IRQs 5 10 *11)
[STDOUT  ] 2017-08-03T00:54:00.566998994Z: [    1.190707] ACPI: PCI Interrupt Link [LNKE] (IRQs 5 *10 11)
[STDOUT  ] 2017-08-03T00:54:00.568865205Z: [    1.192635] ACPI: PCI Interrupt Link [LNKF] (IRQs 5 *10 11)
[STDOUT  ] 2017-08-03T00:54:00.570682359Z: [    1.194525] ACPI: PCI Interrupt Link [LNKG] (IRQs 5 10 *11)
[STDOUT  ] 2017-08-03T00:54:00.572524844Z: [    1.196403] ACPI: PCI Interrupt Link [LNKH] (IRQs 5 10 *11)
[STDOUT  ] 2017-08-03T00:54:00.573513419Z: [    1.197377] ACPI: PCI Interrupt Link [GSIA] (IRQs *16)
[STDOUT  ] 2017-08-03T00:54:00.574282046Z: [    1.198185] ACPI: PCI Interrupt Link [GSIB] (IRQs *17)
[STDOUT  ] 2017-08-03T00:54:00.575054476Z: [    1.198954] ACPI: PCI Interrupt Link [GSIC] (IRQs *18)
[STDOUT  ] 2017-08-03T00:54:00.576028473Z: [    1.199758] ACPI: PCI Interrupt Link [GSID] (IRQs *19)
[STDOUT  ] 2017-08-03T00:54:00.576885041Z: [    1.200595] ACPI: PCI Interrupt Link [GSIE] (IRQs *20)
[STDOUT  ] 2017-08-03T00:54:00.577660255Z: [    1.201406] ACPI: PCI Interrupt Link [GSIF] (IRQs *21)
[STDOUT  ] 2017-08-03T00:54:00.57847335Z: [    1.202188] ACPI: PCI Interrupt Link [GSIG] (IRQs *22)
[STDOUT  ] 2017-08-03T00:54:00.579235232Z: [    1.202976] ACPI: PCI Interrupt Link [GSIH] (IRQs *23)
[STDOUT  ] 2017-08-03T00:54:00.583091506Z: [    1.206778] ACPI: Enabled 2 GPEs in block 00 to 3F
[STDOUT  ] 2017-08-03T00:54:00.58732935Z: [    1.211408] SCSI subsystem initialized
[STDOUT  ] 2017-08-03T00:54:00.589288306Z: [    1.213239] ACPI: bus type USB registered
[STDOUT  ] 2017-08-03T00:54:00.590676991Z: [    1.214447] usbcore: registered new interface driver usbfs
[STDOUT  ] 2017-08-03T00:54:00.591608113Z: [    1.215551] usbcore: registered new interface driver hub
[STDOUT  ] 2017-08-03T00:54:00.592463927Z: [    1.216383] usbcore: registered new device driver usb
[STDOUT  ] 2017-08-03T00:54:00.593609651Z: [    1.217557] pps_core: LinuxPPS API ver. 1 registered
[STDOUT  ] 2017-08-03T00:54:00.594051851Z: [    1.217863] pps_core: Software ver. 5.3.6 - Copyright 2005-2007 Rodolfo Giometti <giometti@linux.it>
[STDOUT  ] 2017-08-03T00:54:00.594625074Z: [    1.218583] PTP clock support registered
[STDOUT  ] 2017-08-03T00:54:00.595960246Z: [    1.219821] wmi: Mapper loaded
[STDOUT  ] 2017-08-03T00:54:00.597343172Z: [    1.220987] PCI: Using ACPI for IRQ routing
[STDOUT  ] 2017-08-03T00:54:00.61444229Z: [    1.238508] NetLabel: Initializing
[STDOUT  ] 2017-08-03T00:54:00.614762151Z: [    1.238818] NetLabel:  domain hash size = 128
[STDOUT  ] 2017-08-03T00:54:00.615134799Z: [    1.239199] NetLabel:  protocols = UNLABELED CIPSOv4
[STDOUT  ] 2017-08-03T00:54:00.618154052Z: [    1.242131] NetLabel:  unlabeled traffic allowed by default
[STDOUT  ] 2017-08-03T00:54:00.619576765Z: [    1.243433] HPET: 3 timers in total, 0 timers will be used for per-cpu timer
[STDOUT  ] 2017-08-03T00:54:00.62065169Z: [    1.244380] hpet0: at MMIO 0xfed00000, IRQs 2, 8, 0
[STDOUT  ] 2017-08-03T00:54:00.621094907Z: [    1.244976] hpet0: 3 comparators, 64-bit 100.000000 MHz counter
[STDOUT  ] 2017-08-03T00:54:00.628947071Z: [    1.251959] clocksource: Switched to clocksource hpet
[STDOUT  ] 2017-08-03T00:54:00.871845408Z: [    1.493125] VFS: Disk quotas dquot_6.6.0
[STDOUT  ] 2017-08-03T00:54:00.872832228Z: [    1.494072] VFS: Dquot-cache hash table entries: 512 (order 0, 4096 bytes)
[STDOUT  ] 2017-08-03T00:54:00.876448587Z: [    1.497999] FS-Cache: Loaded
[STDOUT  ] 2017-08-03T00:54:00.881472823Z: [    1.502994] CacheFiles: Loaded
[STDOUT  ] 2017-08-03T00:54:00.883092769Z: [    1.504616] pnp: PnP ACPI init
[STDOUT  ] 2017-08-03T00:54:00.89468843Z: [    1.516014] pnp: PnP ACPI: found 5 devices
[STDOUT  ] 2017-08-03T00:54:00.942701208Z: [    1.563793] clocksource: acpi_pm: mask: 0xffffff max_cycles: 0xffffff, max_idle_ns: 2085701024 ns
[STDOUT  ] 2017-08-03T00:54:00.946582401Z: [    1.567994] NET: Registered protocol family 2
[STDOUT  ] 2017-08-03T00:54:00.954130095Z: [    1.575334] TCP established hash table entries: 8192 (order: 4, 65536 bytes)
[STDOUT  ] 2017-08-03T00:54:00.954770188Z: [    1.576177] TCP bind hash table entries: 8192 (order: 5, 131072 bytes)
[STDOUT  ] 2017-08-03T00:54:00.955661517Z: [    1.576908] TCP: Hash tables configured (established 8192 bind 8192)
[STDOUT  ] 2017-08-03T00:54:00.957467536Z: [    1.578805] UDP hash table entries: 512 (order: 2, 16384 bytes)
[STDOUT  ] 2017-08-03T00:54:00.958085281Z: [    1.579459] UDP-Lite hash table entries: 512 (order: 2, 16384 bytes)
[STDOUT  ] 2017-08-03T00:54:00.960694279Z: [    1.581995] NET: Registered protocol family 1
[STDOUT  ] 2017-08-03T00:54:00.961826311Z: [    1.583015] pci 0000:00:01.0: Video device with shadowed ROM at [mem 0x000c0000-0x000dffff]
[STDOUT  ] 2017-08-03T00:54:00.970152236Z: [    1.591646] Unpacking initramfs...
[STDOUT  ] 2017-08-03T00:54:05.37625961Z: [    5.997255] Freeing initrd memory: 27748K (ffff91cd3e4b7000 - ffff91cd3ffd0000)
[STDOUT  ] 2017-08-03T00:54:05.400535143Z: [    6.021830] PCLMULQDQ-NI instructions are not detected.
[STDOUT  ] 2017-08-03T00:54:05.402214461Z: [    6.023484] AVX or AES-NI instructions are not detected.
[STDOUT  ] 2017-08-03T00:54:05.402616967Z: [    6.024016] CPU feature 'AVX registers' is not supported.
[STDOUT  ] 2017-08-03T00:54:05.403313842Z: [    6.024555] CPU feature 'AVX registers' is not supported.
[STDOUT  ] 2017-08-03T00:54:05.403813224Z: [    6.025066] CPU feature 'AVX registers' is not supported.
[STDOUT  ] 2017-08-03T00:54:05.404119092Z: [    6.025524] CPU feature 'AVX registers' is not supported.
[STDOUT  ] 2017-08-03T00:54:05.404618861Z: [    6.025999] AVX2 or AES-NI instructions are not detected.
[STDOUT  ] 2017-08-03T00:54:05.405067017Z: [    6.026492] AVX2 instructions are not detected.
[STDOUT  ] 2017-08-03T00:54:05.411585546Z: [    6.032963] audit: initializing netlink subsys (disabled)
[STDOUT  ] 2017-08-03T00:54:05.413215799Z: [    6.034568] audit: type=2000 audit(1501721644.030:1): initialized
[STDOUT  ] 2017-08-03T00:54:05.420827641Z: [    6.042091] workingset: timestamp_bits=46 max_order=18 bucket_order=0
[STDOUT  ] 2017-08-03T00:54:05.429438305Z: [    6.050781] FS-Cache: Netfs 'cifs' registered for caching
[STDOUT  ] 2017-08-03T00:54:05.430433198Z: [    6.051964] fuse init (API version 7.26)
[STDOUT  ] 2017-08-03T00:54:05.432810072Z: [    6.054146] SGI XFS with ACLs, security attributes, no debug enabled
[STDOUT  ] 2017-08-03T00:54:05.436517798Z: [    6.057846] 9p: Installing v9fs 9p2000 file system support
[STDOUT  ] 2017-08-03T00:54:05.437062803Z: [    6.058435] FS-Cache: Netfs '9p' registered for caching
[STDOUT  ] 2017-08-03T00:54:05.470704438Z: [    6.092123] NET: Registered protocol family 38
[STDOUT  ] 2017-08-03T00:54:05.471508435Z: [    6.092865] Key type asymmetric registered
[STDOUT  ] 2017-08-03T00:54:05.472022137Z: [    6.093274] Asymmetric key parser 'x509' registered
[STDOUT  ] 2017-08-03T00:54:05.473175353Z: [    6.094426] Block layer SCSI generic (bsg) driver version 0.4 loaded (major 251)
[STDOUT  ] 2017-08-03T00:54:05.474725298Z: [    6.096160] io scheduler noop registered
[STDOUT  ] 2017-08-03T00:54:05.475166836Z: [    6.096594] io scheduler deadline registered (default)
[STDOUT  ] 2017-08-03T00:54:05.475913106Z: [    6.097301] io scheduler cfq registered
[STDOUT  ] 2017-08-03T00:54:05.478776189Z: [    6.099958] pci_hotplug: PCI Hot Plug PCI Core version: 0.5
[STDOUT  ] 2017-08-03T00:54:05.481086418Z: [    6.102338] pciehp: PCI Express Hot Plug Controller Driver version: 0.4
[STDOUT  ] 2017-08-03T00:54:05.482024363Z: [    6.103264] shpchp: Standard Hot Plug PCI Controller Driver version: 0.4
[STDOUT  ] 2017-08-03T00:54:05.482781495Z: [    6.104177] hv_vmbus: registering driver hyperv_fb
[STDOUT  ] 2017-08-03T00:54:05.486149122Z: [    6.107369] input: Power Button as /devices/LNXSYSTM:00/LNXPWRBN:00/input/input0
[STDOUT  ] 2017-08-03T00:54:05.487226772Z: [    6.108587] ACPI: Power Button [PWRF]
[STDOUT  ] 2017-08-03T00:54:05.492509418Z: [    6.113978] GHES: HEST is not enabled!
[STDOUT  ] 2017-08-03T00:54:05.50305103Z: [    6.124415] ACPI: PCI Interrupt Link [GSIG] enabled at IRQ 22
[STDOUT  ] 2017-08-03T00:54:05.514765442Z: [    6.136142] ACPI: PCI Interrupt Link [GSIH] enabled at IRQ 23
[STDOUT  ] 2017-08-03T00:54:05.519216961Z: [    6.140393] xenfs: not registering filesystem on non-xen platform
[STDOUT  ] 2017-08-03T00:54:05.521092772Z: [    6.142480] Serial: 8250/16550 driver, 4 ports, IRQ sharing disabled
[STDOUT  ] 2017-08-03T00:54:05.546004465Z: [    6.167244] 00:04: ttyS0 at I/O 0x3f8 (irq = 4, base_baud = 115200) is a 16550A
[STDOUT  ] 2017-08-03T00:54:05.558023055Z: [    6.179370] Non-volatile memory driver v1.3
[STDOUT  ] 2017-08-03T00:54:05.56469916Z: [    6.185752] Hangcheck: starting hangcheck timer 0.9.1 (tick is 180 seconds, margin is 60 seconds).
[STDOUT  ] 2017-08-03T00:54:05.602020759Z: [    6.223441] loop: module loaded
[STDOUT  ] 2017-08-03T00:54:05.617782863Z: [    6.239099] nbd: registered device at major 43
[STDOUT  ] 2017-08-03T00:54:05.659801382Z: [    6.281128] lpc_ich 0000:00:1f.0: I/O space for GPIO uninitialized
[STDOUT  ] 2017-08-03T00:54:05.66227712Z: [    6.283547] VMware PVSCSI driver - version 1.0.7.0-k
[STDOUT  ] 2017-08-03T00:54:05.6631552Z: [    6.284567] hv_vmbus: registering driver hv_storvsc
[STDOUT  ] 2017-08-03T00:54:05.673349489Z: [    6.294729] ACPI: PCI Interrupt Link [GSIA] enabled at IRQ 16
[STDOUT  ] 2017-08-03T00:54:05.679801294Z: [    6.301003] ahci 0000:00:1f.2: AHCI 0001.0000 32 slots 6 ports 1.5 Gbps 0x3f impl SATA mode
[STDOUT  ] 2017-08-03T00:54:05.68042972Z: [    6.301797] ahci 0000:00:1f.2: flags: 64bit ncq only 
[STDOUT  ] 2017-08-03T00:54:05.700873499Z: [    6.322448] scsi host0: ahci
[STDOUT  ] 2017-08-03T00:54:05.706618953Z: [    6.328055] scsi host1: ahci
[STDOUT  ] 2017-08-03T00:54:05.709210826Z: [    6.330787] scsi host2: ahci
[STDOUT  ] 2017-08-03T00:54:05.711567031Z: [    6.333082] scsi host3: ahci
[STDOUT  ] 2017-08-03T00:54:05.713902739Z: [    6.335406] scsi host4: ahci
[STDOUT  ] 2017-08-03T00:54:05.716062453Z: [    6.337645] scsi host5: ahci
[STDOUT  ] 2017-08-03T00:54:05.718228376Z: [    6.339441] ata1: SATA max UDMA/133 abar m4096@0xfebd2000 port 0xfebd2100 irq 24
[STDOUT  ] 2017-08-03T00:54:05.722500888Z: [    6.340028] ata2: SATA max UDMA/133 abar m4096@0xfebd2000 port 0xfebd2180 irq 24
[STDOUT  ] 2017-08-03T00:54:05.722546388Z: [    6.340870] ata3: SATA max UDMA/133 abar m4096@0xfebd2000 port 0xfebd2200 irq 24
[STDOUT  ] 2017-08-03T00:54:05.722557052Z: [    6.341512] ata4: SATA max UDMA/133 abar m4096@0xfebd2000 port 0xfebd2280 irq 24
[STDOUT  ] 2017-08-03T00:54:05.722567013Z: [    6.342156] ata5: SATA max UDMA/133 abar m4096@0xfebd2000 port 0xfebd2300 irq 24
[STDOUT  ] 2017-08-03T00:54:05.722581762Z: [    6.342788] ata6: SATA max UDMA/133 abar m4096@0xfebd2000 port 0xfebd2380 irq 24
[STDOUT  ] 2017-08-03T00:54:05.736668345Z: [    6.358071] tun: Universal TUN/TAP device driver, 1.6
[STDOUT  ] 2017-08-03T00:54:05.737272561Z: [    6.358472] tun: (C) 1999-2004 Max Krasnyansky <maxk@qualcomm.com>
[STDOUT  ] 2017-08-03T00:54:05.749439447Z: [    6.370634] VMware vmxnet3 virtual NIC driver - version 1.4.a.0-k-NAPI
[STDOUT  ] 2017-08-03T00:54:05.750279354Z: [    6.371611] hv_vmbus: registering driver hv_netvsc
[STDOUT  ] 2017-08-03T00:54:05.750609713Z: [    6.371980] Fusion MPT base driver 3.04.20
[STDOUT  ] 2017-08-03T00:54:05.750925713Z: [    6.372329] Copyright (c) 1999-2008 LSI Corporation
[STDOUT  ] 2017-08-03T00:54:05.751753211Z: [    6.373079] Fusion MPT SPI Host driver 3.04.20
[STDOUT  ] 2017-08-03T00:54:05.753978206Z: [    6.375195] i8042: PNP: PS/2 Controller [PNP0303:KBD,PNP0f13:MOU] at 0x60,0x64 irq 1,12
[STDOUT  ] 2017-08-03T00:54:05.757748676Z: [    6.379076] serio: i8042 KBD port at 0x60,0x64 irq 1
[STDOUT  ] 2017-08-03T00:54:05.758412716Z: [    6.379795] serio: i8042 AUX port at 0x60,0x64 irq 12
[STDOUT  ] 2017-08-03T00:54:05.76188435Z: [    6.383060] hv_vmbus: registering driver hyperv_keyboard
[STDOUT  ] 2017-08-03T00:54:05.764077873Z: [    6.385415] mousedev: PS/2 mouse device common for all mice
[STDOUT  ] 2017-08-03T00:54:05.770370148Z: [    6.391568] input: PC Speaker as /devices/platform/pcspkr/input/input2
[STDOUT  ] 2017-08-03T00:54:05.771864746Z: [    6.393095] input: AT Translated Set 2 keyboard as /devices/platform/i8042/serio0/input/input1
[STDOUT  ] 2017-08-03T00:54:05.776206837Z: [    6.397388] rtc_cmos 00:00: RTC can wake from S4
[STDOUT  ] 2017-08-03T00:54:05.780523031Z: [    6.401877] rtc_cmos 00:00: rtc core: registered rtc_cmos as rtc0
[STDOUT  ] 2017-08-03T00:54:05.782353492Z: [    6.403457] rtc_cmos 00:00: alarms up to one day, y3k, 114 bytes nvram, hpet irqs
[STDOUT  ] 2017-08-03T00:54:05.783016632Z: [    6.404440] i2c /dev entries driver
[STDOUT  ] 2017-08-03T00:54:05.785448773Z: [    6.406618] device-mapper: ioctl: 4.35.0-ioctl (2016-06-23) initialised: dm-devel@redhat.com
[STDOUT  ] 2017-08-03T00:54:05.791814882Z: [    6.413255] usbcore: registered new interface driver usbhid
[STDOUT  ] 2017-08-03T00:54:05.792248277Z: [    6.413669] usbhid: USB HID core driver
[STDOUT  ] 2017-08-03T00:54:05.792909703Z: [    6.414346] hv_utils: Registering HyperV Utility Driver
[STDOUT  ] 2017-08-03T00:54:05.793211577Z: [    6.414676] hv_vmbus: registering driver hv_util
[STDOUT  ] 2017-08-03T00:54:05.793767134Z: [    6.415061] hv_vmbus: registering driver hv_balloon
[STDOUT  ] 2017-08-03T00:54:05.794273587Z: [    6.415725] oprofile: using NMI interrupt.
[STDOUT  ] 2017-08-03T00:54:05.79545325Z: [    6.416863] GACT probability on
[STDOUT  ] 2017-08-03T00:54:05.796032515Z: [    6.417468] Mirror/redirect action on
[STDOUT  ] 2017-08-03T00:54:05.79699795Z: [    6.418426] Simple TC action Loaded
[STDOUT  ] 2017-08-03T00:54:05.797674311Z: [    6.419253] u32 classifier
[STDOUT  ] 2017-08-03T00:54:05.797983071Z: [    6.419457]     Performance counters on
[STDOUT  ] 2017-08-03T00:54:05.798291354Z: [    6.419768]     input device check on
[STDOUT  ] 2017-08-03T00:54:05.798827396Z: [    6.420031]     Actions configured
[STDOUT  ] 2017-08-03T00:54:05.799638626Z: [    6.421056] Netfilter messages via NETLINK v0.30.
[STDOUT  ] 2017-08-03T00:54:05.80025276Z: [    6.421680] nfnl_acct: registering with nfnetlink.
[STDOUT  ] 2017-08-03T00:54:05.801630714Z: [    6.423028] nf_conntrack version 0.5.0 (8192 buckets, 32768 max)
[STDOUT  ] 2017-08-03T00:54:05.804497406Z: [    6.425909] ctnetlink v0.93: registering with nfnetlink.
[STDOUT  ] 2017-08-03T00:54:05.807831041Z: [    6.428916] nf_tables: (c) 2007-2009 Patrick McHardy <kaber@trash.net>
[STDOUT  ] 2017-08-03T00:54:05.8089276Z: [    6.430007] nf_tables_compat: (c) 2012 Pablo Neira Ayuso <pablo@netfilter.org>
[STDOUT  ] 2017-08-03T00:54:05.811389408Z: [    6.432749] xt_time: kernel timezone is -0000
[STDOUT  ] 2017-08-03T00:54:05.811848157Z: [    6.433383] ip_set: protocol 6
[STDOUT  ] 2017-08-03T00:54:05.812877387Z: [    6.434112] IPVS: Registered protocols (TCP, UDP, SCTP, AH, ESP)
[STDOUT  ] 2017-08-03T00:54:05.813605163Z: [    6.434891] IPVS: Connection hash table configured (size=4096, memory=64Kbytes)
[STDOUT  ] 2017-08-03T00:54:05.815273545Z: [    6.436631] IPVS: Creating netns size=2104 id=0
[STDOUT  ] 2017-08-03T00:54:05.817775363Z: [    6.439291] IPVS: ipvs loaded.
[STDOUT  ] 2017-08-03T00:54:05.818305887Z: [    6.439731] IPVS: [rr] scheduler registered.
[STDOUT  ] 2017-08-03T00:54:05.818995832Z: [    6.440440] IPVS: [wrr] scheduler registered.
[STDOUT  ] 2017-08-03T00:54:05.819568343Z: [    6.440972] IPVS: [lc] scheduler registered.
[STDOUT  ] 2017-08-03T00:54:05.819877567Z: [    6.441294] IPVS: [wlc] scheduler registered.
[STDOUT  ] 2017-08-03T00:54:05.820171531Z: [    6.441597] IPVS: [fo] scheduler registered.
[STDOUT  ] 2017-08-03T00:54:05.820498837Z: [    6.441925] IPVS: [ovf] scheduler registered.
[STDOUT  ] 2017-08-03T00:54:05.82102083Z: [    6.442469] IPVS: [lblc] scheduler registered.
[STDOUT  ] 2017-08-03T00:54:05.821515071Z: [    6.442962] IPVS: [lblcr] scheduler registered.
[STDOUT  ] 2017-08-03T00:54:05.821823844Z: [    6.443289] IPVS: [dh] scheduler registered.
[STDOUT  ] 2017-08-03T00:54:05.8223Z: [    6.443606] IPVS: [sh] scheduler registered.
[STDOUT  ] 2017-08-03T00:54:05.82244592Z: [    6.443962] IPVS: [sed] scheduler registered.
[STDOUT  ] 2017-08-03T00:54:05.82282615Z: [    6.444290] IPVS: [nq] scheduler registered.
[STDOUT  ] 2017-08-03T00:54:05.823696236Z: [    6.445106] IPVS: ftp: loaded support on port[0] = 21
[STDOUT  ] 2017-08-03T00:54:05.824653898Z: [    6.446033] ipip: IPv4 and MPLS over IPv4 tunneling driver
[STDOUT  ] 2017-08-03T00:54:05.828992532Z: [    6.450396] gre: GRE over IPv4 demultiplexor driver
[STDOUT  ] 2017-08-03T00:54:05.831726757Z: [    6.453155] ip_tables: (C) 2000-2006 Netfilter Core Team
[STDOUT  ] 2017-08-03T00:54:05.835031641Z: [    6.456277] ipt_CLUSTERIP: ClusterIP Version 0.8 loaded successfully
[STDOUT  ] 2017-08-03T00:54:05.835663351Z: [    6.457090] arp_tables: arp_tables: (C) 2002 David S. Miller
[STDOUT  ] 2017-08-03T00:54:05.838000255Z: [    6.459385] NET: Registered protocol family 10
[STDOUT  ] 2017-08-03T00:54:05.847790752Z: [    6.469170] ip6_tables: (C) 2000-2006 Netfilter Core Team
[STDOUT  ] 2017-08-03T00:54:05.856154102Z: [    6.477525] NET: Registered protocol family 17
[STDOUT  ] 2017-08-03T00:54:05.857185634Z: [    6.478602] Bridge firewalling registered
[STDOUT  ] 2017-08-03T00:54:05.857770988Z: [    6.479199] Ebtables v2.0 registered
[STDOUT  ] 2017-08-03T00:54:05.860127973Z: [    6.481520] 8021q: 802.1Q VLAN Support v1.8
[STDOUT  ] 2017-08-03T00:54:05.861492232Z: [    6.483018] 9pnet: Installing 9P2000 support
[STDOUT  ] 2017-08-03T00:54:05.863183167Z: [    6.484508] Key type dns_resolver registered
[STDOUT  ] 2017-08-03T00:54:05.864151735Z: [    6.485538] microcode: AMD CPU family 0x6 not supported
[STDOUT  ] 2017-08-03T00:54:05.867805778Z: [    6.489195] registered taskstats version 1
[STDOUT  ] 2017-08-03T00:54:06.05277245Z: [    6.674091] ata2: SATA link down (SStatus 0 SControl 300)
[STDOUT  ] 2017-08-03T00:54:06.056194856Z: [    6.677414] ata1: SATA link up 1.5 Gbps (SStatus 113 SControl 300)
[STDOUT  ] 2017-08-03T00:54:06.05952231Z: [    6.680893] ata6: SATA link down (SStatus 0 SControl 300)
[STDOUT  ] 2017-08-03T00:54:06.060348505Z: [    6.681730] ata3: SATA link up 1.5 Gbps (SStatus 113 SControl 300)
[STDOUT  ] 2017-08-03T00:54:06.062124393Z: [    6.683519] ata3.00: ATAPI: QEMU DVD-ROM, 2.5+, max UDMA/100
[STDOUT  ] 2017-08-03T00:54:06.06269385Z: [    6.684047] ata3.00: applying bridge limits
[STDOUT  ] 2017-08-03T00:54:06.064496779Z: [    6.685867] ata3.00: configured for UDMA/100
[STDOUT  ] 2017-08-03T00:54:06.066243999Z: [    6.687617] ata4: SATA link down (SStatus 0 SControl 300)
[STDOUT  ] 2017-08-03T00:54:06.066772063Z: [    6.688185] ata5: SATA link down (SStatus 0 SControl 300)
[STDOUT  ] 2017-08-03T00:54:06.069415567Z: [    6.690764] ata1.00: ATA-7: QEMU HARDDISK, 2.5+, max UDMA/100
[STDOUT  ] 2017-08-03T00:54:06.069920216Z: [    6.691182] ata1.00: 524288 sectors, multi 16: LBA48 NCQ (depth 31/32)
[STDOUT  ] 2017-08-03T00:54:06.070433791Z: [    6.691790] ata1.00: applying bridge limits
[STDOUT  ] 2017-08-03T00:54:06.071112744Z: [    6.692601] ata1.00: configured for UDMA/100
[STDOUT  ] 2017-08-03T00:54:06.087835691Z: [    6.708919] scsi 0:0:0:0: Direct-Access     ATA      QEMU HARDDISK    2.5+ PQ: 0 ANSI: 5
[STDOUT  ] 2017-08-03T00:54:06.10537243Z: [    6.726540] sd 0:0:0:0: Attached scsi generic sg0 type 0
[STDOUT  ] 2017-08-03T00:54:06.108776404Z: [    6.729953] sd 0:0:0:0: [sda] 524288 512-byte logical blocks: (268 MB/256 MiB)
[STDOUT  ] 2017-08-03T00:54:06.11322962Z: [    6.734743] sd 0:0:0:0: [sda] Write Protect is off
[STDOUT  ] 2017-08-03T00:54:06.116718354Z: [    6.737897] scsi 2:0:0:0: CD-ROM            QEMU     QEMU DVD-ROM     2.5+ PQ: 0 ANSI: 5
[STDOUT  ] 2017-08-03T00:54:06.119726232Z: [    6.740905] sd 0:0:0:0: [sda] Write cache: enabled, read cache: enabled, doesn't support DPO or FUA
[STDOUT  ] 2017-08-03T00:54:06.129097874Z: [    6.750616] Key type big_key registered
[STDOUT  ] 2017-08-03T00:54:06.142695873Z: [    6.763917] sr 2:0:0:0: [sr0] scsi3-mmc drive: 4x/4x cd/rw xa/form2 tray
[STDOUT  ] 2017-08-03T00:54:06.143363389Z: [    6.764773] cdrom: Uniform CD-ROM driver Revision: 3.20
[STDOUT  ] 2017-08-03T00:54:06.159426442Z: [    6.780641] sr 2:0:0:0: Attached scsi generic sg1 type 5
[STDOUT  ] 2017-08-03T00:54:06.173614044Z: [    6.794962] sd 0:0:0:0: [sda] Attached SCSI disk
[STDOUT  ] 2017-08-03T00:54:06.207416851Z: [    6.828779] Key type encrypted registered
[STDOUT  ] 2017-08-03T00:54:06.213795446Z: [    6.835042] rtc_cmos 00:00: setting system clock to 2017-08-03 00:54:05 UTC (1501721645)
[STDOUT  ] 2017-08-03T00:54:06.358804583Z: [    6.979943] Freeing unused kernel memory: 1380K (ffffffffb1d57000 - ffffffffb1eb0000)
[STDOUT  ] 2017-08-03T00:54:06.359684738Z: [    6.980903] Write protecting the kernel read-only data: 12288k
[STDOUT  ] 2017-08-03T00:54:06.367303722Z: [    6.988496] Freeing unused kernel memory: 148K (ffff91cd1e7db000 - ffff91cd1e800000)
[STDOUT  ] 2017-08-03T00:54:06.482623764Z: [    7.103761] Freeing unused kernel memory: 1400K (ffff91cd1eaa2000 - ffff91cd1ec00000)
[STDOUT  ] 2017-08-03T00:54:06.483701747Z: [    7.104932] tsc: Refined TSC clocksource calibration: 2600.003 MHz
[STDOUT  ] 2017-08-03T00:54:06.484479086Z: [    7.105473] clocksource: tsc: mask: 0xffffffffffffffff max_cycles: 0x257a3ef07ae, max_idle_ns: 440795268508 ns
[STDOUT  ] 2017-08-03T00:54:07.493038785Z: [    8.114361] clocksource: Switched to clocksource tsc
[STDOUT  ] 2017-08-03T00:54:16.449225844Z: 
[STDOUT  ] 2017-08-03T00:54:16.449944483Z: Welcome to LinuxKit
[STDOUT  ] 2017-08-03T00:54:16.45012263Z: 
[STDOUT  ] 2017-08-03T00:54:16.45047176Z:                         ##         .
[STDOUT  ] 2017-08-03T00:54:16.450899818Z:                   ## ## ##        ==
[STDOUT  ] 2017-08-03T00:54:16.451234882Z:                ## ## ## ## ##    ===
[STDOUT  ] 2017-08-03T00:54:16.451569958Z:            /"""""""""""""""""\___/ ===
[STDOUT  ] 2017-08-03T00:54:16.452082797Z:           {                       /  ===-
[STDOUT  ] 2017-08-03T00:54:16.452422363Z:            \______ O           __/
[STDOUT  ] 2017-08-03T00:54:16.452756963Z:              \    \         __/
[STDOUT  ] 2017-08-03T00:54:16.453100295Z:               \____\_______/
[STDOUT  ] 2017-08-03T00:54:16.453272664Z: 
[STDOUT  ] 2017-08-03T00:54:17.828932824Z: [   18.450281] raid6: sse2x1   gen()   348 MB/s
[STDOUT  ] 2017-08-03T00:54:17.999133918Z: [   18.620504] raid6: sse2x1   xor()   168 MB/s
[STDOUT  ] 2017-08-03T00:54:18.169165441Z: [   18.790378] raid6: sse2x2   gen()   263 MB/s
[STDOUT  ] 2017-08-03T00:54:18.339096131Z: [   18.960344] raid6: sse2x2   xor()   179 MB/s
[STDOUT  ] 2017-08-03T00:54:18.508946495Z: [   19.130363] raid6: sse2x4   gen()   332 MB/s
[STDOUT  ] 2017-08-03T00:54:18.679012175Z: [   19.300328] raid6: sse2x4   xor()   189 MB/s
[STDOUT  ] 2017-08-03T00:54:18.679458216Z: [   19.300813] raid6: using algorithm sse2x1 gen() 348 MB/s
[STDOUT  ] 2017-08-03T00:54:18.679818057Z: [   19.301242] raid6: .... xor() 168 MB/s, rmw enabled
[STDOUT  ] 2017-08-03T00:54:18.68033542Z: [   19.301767] raid6: using intx1 recovery algorithm
[STDOUT  ] 2017-08-03T00:54:18.699860297Z: [   19.321251] xor: measuring software checksum speed
[STDOUT  ] 2017-08-03T00:54:18.798956273Z: [   19.420323]    prefetch64-sse:   658.000 MB/sec
[STDOUT  ] 2017-08-03T00:54:18.898800477Z: [   19.520223]    generic_sse:   647.600 MB/sec
[STDOUT  ] 2017-08-03T00:54:18.899439233Z: [   19.520685] xor: using function: prefetch64-sse (658.000 MB/sec)
[STDOUT  ] 2017-08-03T00:54:19.051058975Z: [   19.672577] Btrfs loaded, crc32c=crc32c-generic
[STDOUT  ] 2017-08-03T00:54:20.185850626Z: [   20.807139] IPVS: Creating netns size=2104 id=1
[STDOUT  ] 2017-08-03T00:54:20.186353435Z: [   20.807749] IPVS: ftp: loaded support on port[0] = 21
[STDOUT  ] 2017-08-03T00:54:21.126421191Z: 2017/08/03 00:54:19 Creating partition on /dev/sda
[STDOUT  ] 2017-08-03T00:54:21.223730134Z: [   21.844908] random: fdisk: uninitialized urandom read (4 bytes read)
[STDOUT  ] 2017-08-03T00:54:21.255072368Z: [   21.876579]  sda:
[STDOUT  ] 2017-08-03T00:54:21.321425187Z: [   21.942939]  sda:
[STDOUT  ] 2017-08-03T00:54:21.328672345Z: [   21.949832] random: sfdisk: uninitialized urandom read (4 bytes read)
[STDOUT  ] 2017-08-03T00:54:21.352590215Z: [   21.974081]  sda: sda1
[STDOUT  ] 2017-08-03T00:54:21.419341406Z: [   22.040860]  sda: sda1
[STDOUT  ] 2017-08-03T00:54:23.030939592Z: [   23.651950] random: mkfs.btrfs: uninitialized urandom read (16 bytes read)
[STDOUT  ] 2017-08-03T00:54:23.032793863Z: [   23.653997] random: mkfs.btrfs: uninitialized urandom read (16 bytes read)
[STDOUT  ] 2017-08-03T00:54:23.033579788Z: [   23.654767] random: mkfs.btrfs: uninitialized urandom read (16 bytes read)
[STDOUT  ] 2017-08-03T00:54:23.196282641Z: [   23.817336] BTRFS: device fsid 7dad2ff5-8aeb-4556-b181-2906740b8e5d devid 1 transid 5 /dev/sda1
[STDOUT  ] 2017-08-03T00:54:23.206932928Z: 2017/08/03 00:54:21 Partition /dev/sda1 successfully created!
[STDOUT  ] 2017-08-03T00:54:27.252799352Z: [   27.874140] IPVS: Creating netns size=2104 id=2
[STDOUT  ] 2017-08-03T00:54:27.253402018Z: [   27.874521] IPVS: ftp: loaded support on port[0] = 21
[STDOUT  ] 2017-08-03T00:54:28.377688Z: [   28.998673] FAT-fs (sda1): utf8 is not a recommended IO charset for FAT filesystems, filesystem will be case sensitive!
[STDOUT  ] 2017-08-03T00:54:28.383480642Z: [   29.004429] FAT-fs (sda1): utf8 is not a recommended IO charset for FAT filesystems, filesystem will be case sensitive!
[STDOUT  ] 2017-08-03T00:54:28.3867097Z: [   29.008094] mount: sending ioctl 5310 to a partition!
[STDOUT  ] 2017-08-03T00:54:28.428093509Z: [   29.049426] mount: sending ioctl 5310 to a partition!
[STDOUT  ] 2017-08-03T00:54:28.430065921Z: [   29.051414] UDF-fs: warning (device sda1): udf_fill_super: No partition found (2)
[STDOUT  ] 2017-08-03T00:54:28.478264388Z: [   29.099628] BTRFS info (device sda1): disk space caching is enabled
[STDOUT  ] 2017-08-03T00:54:28.478505096Z: [   29.100008] BTRFS info (device sda1): has skinny extents
[STDOUT  ] 2017-08-03T00:54:28.478947058Z: [   29.100214] BTRFS info (device sda1): flagging fs with big metadata feature
[STDOUT  ] 2017-08-03T00:54:28.53331512Z: [   29.154734] BTRFS info (device sda1): creating UUID tree
[STDOUT  ] 2017-08-03T00:54:42.296346759Z: [   42.917710] sd 0:0:0:0: [sda] Synchronizing SCSI cache
[STDOUT  ] 2017-08-03T00:54:42.3006934Z: [   42.921951] sd 0:0:0:0: [sda] Stopping disk
[STDOUT  ] 2017-08-03T00:54:42.303647421Z: [   42.925006] ACPI: Preparing to enter system sleep state S5
[STDOUT  ] 2017-08-03T00:54:42.304773583Z: [   42.926239] reboot: Power down
[STDERR  ] 2017-08-03T00:54:42.614969487Z: + rm -rf create*
[STDERR  ] 2017-08-03T00:54:42.615583636Z: + [ -f disk0.img ]
[STDERR  ] 2017-08-03T00:54:42.615606184Z: + docker run -i --rm --privileged -v /tmp/build/test/cases/040_packages/009_extend/001_btrfs:/tmp -w /tmp test-extend ./extend.sh disk0.img
[STDERR  ] 2017-08-03T00:54:42.990776976Z: + qemu-img resize -f qcow2 disk0.img +256M
[STDOUT  ] 2017-08-03T00:54:42.997444735Z: Image resized.
[STDERR  ] 2017-08-03T00:54:43.304136493Z: + moby build -name test-extend -output kernel+initrd test.yml
[STDERR  ] 2017-08-03T00:54:43.312175417Z: Extract kernel image: linuxkit/kernel:4.9.40
[STDERR  ] 2017-08-03T00:54:44.948986684Z: Add init containers:
[STDERR  ] 2017-08-03T00:54:44.949036263Z: Process init image: linuxkit/init:e3e376881faced5a890b6ceb3e8e899cbfd04ecd
[STDERR  ] 2017-08-03T00:54:46.143420791Z: Process init image: linuxkit/runc:842318b6ab524783554428c89a27d95af7bd2844
[STDERR  ] 2017-08-03T00:54:47.410961686Z: Add onboot containers:
[STDERR  ] 2017-08-03T00:54:47.411006064Z:   Create OCI config for alpine:3.6
[STDERR  ] 2017-08-03T00:54:48.657448416Z:   Create OCI config for linuxkit/extend:1e81ffe40ad63887d6210228c2a791f28375ee0f
[STDERR  ] 2017-08-03T00:54:50.119637683Z:   Create OCI config for linuxkit/mount:a738ccad4e3e009b7c5f541226e9232a6287fa5d
[STDERR  ] 2017-08-03T00:54:51.385891538Z:   Create OCI config for alpine:3.6
[STDERR  ] 2017-08-03T00:54:52.625999314Z:   Create OCI config for linuxkit/poweroff:bce51402e293da0b653923a43c3c7be6e0effa05
[STDERR  ] 2017-08-03T00:54:53.818645358Z: Add files:
[STDERR  ] 2017-08-03T00:54:53.818732884Z:   check.sh
[STDERR  ] 2017-08-03T00:54:53.818801627Z: Create outputs:
[STDERR  ] 2017-08-03T00:54:58.24490882Z:   test-extend-kernel test-extend-initrd.img test-extend-cmdline
[STDERR  ] 2017-08-03T00:54:58.29020879Z: + linuxkit run -disk file=disk0.img test-extend
[STDERR  ] 2017-08-03T00:54:58.308283592Z: Unable to find qemu-system-x86_64 within the $PATH. Using a container
[STDERR  ] 2017-08-03T00:54:58.308335108Z: Using existing disk [disk0.img] format 
[STDERR  ] 2017-08-03T00:55:41.886690194Z: main-loop: WARNING: I/O thread spun for 1000 iterations
[STDERR  ] 2017-08-03T00:55:42.233892337Z: + RESULT=[    0.000000] Linux version 4.9.40-linuxkit (root@e1ede117fb1e) (gcc version 6.3.0 (Alpine 6.3.0) ) #1 SMP Wed Aug 2 16:32:58 UTC 2017
[STDERR  ] 2017-08-03T00:55:42.233973323Z: [    0.000000] Command line: console=ttyS0
[STDERR  ] 2017-08-03T00:55:42.233986823Z: [    0.000000] x86/fpu: Legacy x87 FPU detected.
[STDERR  ] 2017-08-03T00:55:42.233997888Z: [    0.000000] x86/fpu: Using 'eager' FPU context switches.
[STDERR  ] 2017-08-03T00:55:42.234010583Z: [    0.000000] e820: BIOS-provided physical RAM map:
[STDERR  ] 2017-08-03T00:55:42.234022394Z: [    0.000000] BIOS-e820: [mem 0x0000000000000000-0x000000000009fbff] usable
[STDERR  ] 2017-08-03T00:55:42.234033964Z: [    0.000000] BIOS-e820: [mem 0x000000000009fc00-0x000000000009ffff] reserved
[STDERR  ] 2017-08-03T00:55:42.234044279Z: [    0.000000] BIOS-e820: [mem 0x00000000000f0000-0x00000000000fffff] reserved
[STDERR  ] 2017-08-03T00:55:42.234054157Z: [    0.000000] BIOS-e820: [mem 0x0000000000100000-0x000000003ffdefff] usable
[STDERR  ] 2017-08-03T00:55:42.234064034Z: [    0.000000] BIOS-e820: [mem 0x000000003ffdf000-0x000000003fffffff] reserved
[STDERR  ] 2017-08-03T00:55:42.234073644Z: [    0.000000] BIOS-e820: [mem 0x00000000b0000000-0x00000000bfffffff] reserved
[STDERR  ] 2017-08-03T00:55:42.234083354Z: [    0.000000] BIOS-e820: [mem 0x00000000fed1c000-0x00000000fed1ffff] reserved
[STDERR  ] 2017-08-03T00:55:42.234093139Z: [    0.000000] BIOS-e820: [mem 0x00000000fffc0000-0x00000000ffffffff] reserved
[STDERR  ] 2017-08-03T00:55:42.234103385Z: [    0.000000] NX (Execute Disable) protection: active
[STDERR  ] 2017-08-03T00:55:42.234114393Z: [    0.000000] SMBIOS 2.8 present.
[STDERR  ] 2017-08-03T00:55:42.234124757Z: [    0.000000] e820: last_pfn = 0x3ffdf max_arch_pfn = 0x400000000
[STDERR  ] 2017-08-03T00:55:42.234134725Z: [    0.000000] x86/PAT: Configuration [0-7]: WB  WC  UC- UC  WB  WC  UC- WT  
[STDERR  ] 2017-08-03T00:55:42.234144837Z: [    0.000000] found SMP MP-table at [mem 0x000f6aa0-0x000f6aaf] mapped at [ffff8abbc00f6aa0]
[STDERR  ] 2017-08-03T00:55:42.234155255Z: [    0.000000] RAMDISK: [mem 0x3e39a000-0x3ffcffff]
[STDERR  ] 2017-08-03T00:55:42.234165849Z: [    0.000000] ACPI: Early table checksum verification disabled
[STDERR  ] 2017-08-03T00:55:42.234176497Z: [    0.000000] ACPI: RSDP 0x00000000000F68C0 000014 (v00 BOCHS )
[STDERR  ] 2017-08-03T00:55:42.234186308Z: [    0.000000] ACPI: RSDT 0x000000003FFE2404 000034 (v01 BOCHS  BXPCRSDT 00000001 BXPC 00000001)
[STDERR  ] 2017-08-03T00:55:42.234196629Z: [    0.000000] ACPI: FACP 0x000000003FFE22A4 000074 (v01 BOCHS  BXPCFACP 00000001 BXPC 00000001)
[STDERR  ] 2017-08-03T00:55:42.234206891Z: [    0.000000] ACPI: DSDT 0x000000003FFE0040 002264 (v01 BOCHS  BXPCDSDT 00000001 BXPC 00000001)
[STDERR  ] 2017-08-03T00:55:42.234230388Z: [    0.000000] ACPI: FACS 0x000000003FFE0000 000040
[STDERR  ] 2017-08-03T00:55:42.234240669Z: [    0.000000] ACPI: APIC 0x000000003FFE2318 000078 (v01 BOCHS  BXPCAPIC 00000001 BXPC 00000001)
[STDERR  ] 2017-08-03T00:55:42.234251543Z: [    0.000000] ACPI: HPET 0x000000003FFE2390 000038 (v01 BOCHS  BXPCHPET 00000001 BXPC 00000001)
[STDERR  ] 2017-08-03T00:55:42.234261897Z: [    0.000000] ACPI: MCFG 0x000000003FFE23C8 00003C (v01 BOCHS  BXPCMCFG 00000001 BXPC 00000001)
[STDERR  ] 2017-08-03T00:55:42.234272514Z: [    0.000000] Zone ranges:
[STDERR  ] 2017-08-03T00:55:42.234282548Z: [    0.000000]   DMA      [mem 0x0000000000001000-0x0000000000ffffff]
[STDERR  ] 2017-08-03T00:55:42.234293619Z: [    0.000000]   DMA32    [mem 0x0000000001000000-0x000000003ffdefff]
[STDERR  ] 2017-08-03T00:55:42.234304269Z: [    0.000000]   Normal   empty
[STDERR  ] 2017-08-03T00:55:42.234315287Z: [    0.000000] Movable zone start for each node
[STDERR  ] 2017-08-03T00:55:42.234333028Z: [    0.000000] Early memory node ranges
[STDERR  ] 2017-08-03T00:55:42.234343149Z: [    0.000000]   node   0: [mem 0x0000000000001000-0x000000000009efff]
[STDERR  ] 2017-08-03T00:55:42.234352909Z: [    0.000000]   node   0: [mem 0x0000000000100000-0x000000003ffdefff]
[STDERR  ] 2017-08-03T00:55:42.234362449Z: [    0.000000] Initmem setup node 0 [mem 0x0000000000001000-0x000000003ffdefff]
[STDERR  ] 2017-08-03T00:55:42.234371651Z: [    0.000000] ACPI: PM-Timer IO Port: 0x608
[STDERR  ] 2017-08-03T00:55:42.234381411Z: [    0.000000] ACPI: LAPIC_NMI (acpi_id[0xff] dfl dfl lint[0x1])
[STDERR  ] 2017-08-03T00:55:42.234391217Z: [    0.000000] IOAPIC[0]: apic_id 0, version 32, address 0xfec00000, GSI 0-23
[STDERR  ] 2017-08-03T00:55:42.234400951Z: [    0.000000] ACPI: INT_SRC_OVR (bus 0 bus_irq 0 global_irq 2 dfl dfl)
[STDERR  ] 2017-08-03T00:55:42.234413524Z: [    0.000000] ACPI: INT_SRC_OVR (bus 0 bus_irq 5 global_irq 5 high level)
[STDERR  ] 2017-08-03T00:55:42.234423027Z: [    0.000000] ACPI: INT_SRC_OVR (bus 0 bus_irq 9 global_irq 9 high level)
[STDERR  ] 2017-08-03T00:55:42.234432247Z: [    0.000000] ACPI: INT_SRC_OVR (bus 0 bus_irq 10 global_irq 10 high level)
[STDERR  ] 2017-08-03T00:55:42.234441709Z: [    0.000000] ACPI: INT_SRC_OVR (bus 0 bus_irq 11 global_irq 11 high level)
[STDERR  ] 2017-08-03T00:55:42.234451071Z: [    0.000000] Using ACPI (MADT) for SMP configuration information
[STDERR  ] 2017-08-03T00:55:42.234460774Z: [    0.000000] ACPI: HPET id: 0x8086a201 base: 0xfed00000
[STDERR  ] 2017-08-03T00:55:42.234470348Z: [    0.000000] smpboot: Allowing 1 CPUs, 0 hotplug CPUs
[STDERR  ] 2017-08-03T00:55:42.234480641Z: [    0.000000] e820: [mem 0x40000000-0xafffffff] available for PCI devices
[STDERR  ] 2017-08-03T00:55:42.234490088Z: [    0.000000] Booting paravirtualized kernel on bare hardware
[STDERR  ] 2017-08-03T00:55:42.234500741Z: [    0.000000] clocksource: refined-jiffies: mask: 0xffffffff max_cycles: 0xffffffff, max_idle_ns: 19112604462750000 ns
[STDERR  ] 2017-08-03T00:55:42.234511869Z: [    0.000000] setup_percpu: NR_CPUS:128 nr_cpumask_bits:128 nr_cpu_ids:1 nr_node_ids:1
[STDERR  ] 2017-08-03T00:55:42.234525321Z: [    0.000000] percpu: Embedded 35 pages/cpu @ffff8abbfe000000 s105240 r8192 d29928 u2097152
[STDERR  ] 2017-08-03T00:55:42.234535619Z: [    0.000000] Built 1 zonelists in Zone order, mobility grouping on.  Total pages: 257896
[STDERR  ] 2017-08-03T00:55:42.234545544Z: [    0.000000] Kernel command line: console=ttyS0
[STDERR  ] 2017-08-03T00:55:42.234556767Z: [    0.000000] PID hash table entries: 4096 (order: 3, 32768 bytes)
[STDERR  ] 2017-08-03T00:55:42.234566915Z: [    0.000000] Dentry cache hash table entries: 131072 (order: 8, 1048576 bytes)
[STDERR  ] 2017-08-03T00:55:42.234576943Z: [    0.000000] Inode-cache hash table entries: 65536 (order: 7, 524288 bytes)
[STDERR  ] 2017-08-03T00:55:42.234591855Z: [    0.000000] Memory: 985292K/1048052K available (8027K kernel code, 1366K rwdata, 2696K rodata, 1380K init, 568K bss, 62760K reserved, 0K cma-reserved)
[STDERR  ] 2017-08-03T00:55:42.234618273Z: [    0.000000] Hierarchical RCU implementation.
[STDERR  ] 2017-08-03T00:55:42.234628211Z: [    0.000000] 	Build-time adjustment of leaf fanout to 64.
[STDERR  ] 2017-08-03T00:55:42.234637785Z: [    0.000000] 	RCU restricting CPUs from NR_CPUS=128 to nr_cpu_ids=1.
[STDERR  ] 2017-08-03T00:55:42.234648171Z: [    0.000000] RCU: Adjusting geometry for rcu_fanout_leaf=64, nr_cpu_ids=1
[STDERR  ] 2017-08-03T00:55:42.234676867Z: [    0.000000] NR_IRQS:8448 nr_irqs:256 16
[STDERR  ] 2017-08-03T00:55:42.234685957Z: [    0.000000] Console: colour VGA+ 80x25
[STDERR  ] 2017-08-03T00:55:42.234694399Z: [    0.000000] console [ttyS0] enabled
[STDERR  ] 2017-08-03T00:55:42.234704027Z: [    0.000000] clocksource: hpet: mask: 0xffffffff max_cycles: 0xffffffff, max_idle_ns: 19112604467 ns
[STDERR  ] 2017-08-03T00:55:42.234714371Z: [    0.000000] tsc: Fast TSC calibration using PIT
[STDERR  ] 2017-08-03T00:55:42.234724149Z: [    0.000000] tsc: Detected 2600.020 MHz processor
[STDERR  ] 2017-08-03T00:55:42.234739674Z: [    0.021640] Calibrating delay loop (skipped), value calculated using timer frequency.. 5200.04 BogoMIPS (lpj=26000200)
[STDERR  ] 2017-08-03T00:55:42.234748709Z: [    0.022531] pid_max: default: 32768 minimum: 301
[STDERR  ] 2017-08-03T00:55:42.234758673Z: [    0.023716] ACPI: Core revision 20160831
[STDERR  ] 2017-08-03T00:55:42.234769174Z: [    0.064672] ACPI: 1 ACPI AML tables successfully acquired and loaded
[STDERR  ] 2017-08-03T00:55:42.234779008Z: [    0.069504] Security Framework initialized
[STDERR  ] 2017-08-03T00:55:42.234787728Z: [    0.070081] Yama: becoming mindful.
[STDERR  ] 2017-08-03T00:55:42.234799753Z: [    0.072175] Mount-cache hash table entries: 2048 (order: 2, 16384 bytes)
[STDERR  ] 2017-08-03T00:55:42.234810506Z: [    0.072850] Mountpoint-cache hash table entries: 2048 (order: 2, 16384 bytes)
[STDERR  ] 2017-08-03T00:55:42.234821398Z: [    0.092539] Last level iTLB entries: 4KB 0, 2MB 0, 4MB 0
[STDERR  ] 2017-08-03T00:55:42.23483164Z: [    0.093051] Last level dTLB entries: 4KB 0, 2MB 0, 4MB 0, 1GB 0
[STDERR  ] 2017-08-03T00:55:42.23484245Z: [    0.386372] Freeing SMP alternatives memory: 20K (ffffffff89eb0000 - ffffffff89eb5000)
[STDERR  ] 2017-08-03T00:55:42.234853269Z: [    0.396562] ftrace: allocating 35481 entries in 139 pages
[STDERR  ] 2017-08-03T00:55:42.234862725Z: [    0.551465] smpboot: Max logical packages: 1
[STDOUT  ] 2017-08-03T00:55:42.23486505Z: [    0.000000] Linux version 4.9.40-linuxkit (root@e1ede117fb1e) (gcc version 6.3.0 (Alpine 6.3.0) ) #1 SMP Wed Aug 2 16:32:58 UTC 2017
[STDERR  ] 2017-08-03T00:55:42.234881329Z: [    0.558608] ..TIMER: vector=0x30 apic1=0 pin1=2 apic2=-1 pin2=-1
[STDERR  ] 2017-08-03T00:55:42.234894025Z: [    0.660000] smpboot: CPU0: AMD QEMU Virtual CPU version 2.5+ (family: 0x6, model: 0x6, stepping: 0x3)
[STDOUT  ] 2017-08-03T00:55:42.234892984Z: [    0.000000] Command line: console=ttyS0
[STDOUT  ] 2017-08-03T00:55:42.23490575Z: [    0.000000] x86/fpu: Legacy x87 FPU detected.
[STDERR  ] 2017-08-03T00:55:42.234904114Z: [    0.660000] Performance Events: PMU not available due to virtualization, using software events only.
[STDERR  ] 2017-08-03T00:55:42.23491384Z: [    0.669099] NMI watchdog: disabled (cpu0): hardware events not enabled
[STDOUT  ] 2017-08-03T00:55:42.23491724Z: [    0.000000] x86/fpu: Using 'eager' FPU context switches.
[STDERR  ] 2017-08-03T00:55:42.234923335Z: [    0.669546] NMI watchdog: Shutting down hard lockup detector on all cpus
[STDOUT  ] 2017-08-03T00:55:42.234929954Z: [    0.000000] e820: BIOS-provided physical RAM map:
[STDERR  ] 2017-08-03T00:55:42.234933854Z: [    0.673391] x86: Booted up 1 node, 1 CPUs
[STDOUT  ] 2017-08-03T00:55:42.234940224Z: [    0.000000] BIOS-e820: [mem 0x0000000000000000-0x000000000009fbff] usable
[STDERR  ] 2017-08-03T00:55:42.234943645Z: [    0.673932] smpboot: Total of 1 processors activated (5200.04 BogoMIPS)
[STDOUT  ] 2017-08-03T00:55:42.234950669Z: [    0.000000] BIOS-e820: [mem 0x000000000009fc00-0x000000000009ffff] reserved
[STDERR  ] 2017-08-03T00:55:42.23495377Z: [    0.687850] devtmpfs: initialized
[STDOUT  ] 2017-08-03T00:55:42.234969799Z: [    0.000000] BIOS-e820: [mem 0x00000000000f0000-0x00000000000fffff] reserved
[STDERR  ] 2017-08-03T00:55:42.234970978Z: [    0.692860] x86/mm: Memory block size: 128MB
[STDERR  ] 2017-08-03T00:55:42.234981545Z: [    0.753004] clocksource: jiffies: mask: 0xffffffff max_cycles: 0xffffffff, max_idle_ns: 19112604462750000 ns
[STDOUT  ] 2017-08-03T00:55:42.23498012Z: [    0.000000] BIOS-e820: [mem 0x0000000000100000-0x000000003ffdefff] usable
[STDOUT  ] 2017-08-03T00:55:42.234990302Z: [    0.000000] BIOS-e820: [mem 0x000000003ffdf000-0x000000003fffffff] reserved
[STDERR  ] 2017-08-03T00:55:42.234991219Z: [    0.754068] futex hash table entries: 256 (order: 2, 16384 bytes)
[STDOUT  ] 2017-08-03T00:55:42.235000262Z: [    0.000000] BIOS-e820: [mem 0x00000000b0000000-0x00000000bfffffff] reserved
[STDERR  ] 2017-08-03T00:55:42.235001605Z: [    0.764272] NET: Registered protocol family 16
[STDOUT  ] 2017-08-03T00:55:42.235010329Z: [    0.000000] BIOS-e820: [mem 0x00000000fed1c000-0x00000000fed1ffff] reserved
[STDERR  ] 2017-08-03T00:55:42.235016205Z: [    0.773396] cpuidle: using governor ladder
[STDOUT  ] 2017-08-03T00:55:42.235020606Z: [    0.000000] BIOS-e820: [mem 0x00000000fffc0000-0x00000000ffffffff] reserved
[STDOUT  ] 2017-08-03T00:55:42.235030724Z: [    0.000000] NX (Execute Disable) protection: active
[STDERR  ] 2017-08-03T00:55:42.235027608Z: [    0.773864] cpuidle: using governor menu
[STDERR  ] 2017-08-03T00:55:42.235039175Z: [    0.775056] ACPI: bus type PCI registered
[STDOUT  ] 2017-08-03T00:55:42.23504065Z: [    0.000000] SMBIOS 2.8 present.
[STDERR  ] 2017-08-03T00:55:42.235050564Z: [    0.777847] PCI: MMCONFIG for domain 0000 [bus 00-ff] at [mem 0xb0000000-0xbfffffff] (base 0xb0000000)
[STDOUT  ] 2017-08-03T00:55:42.235050829Z: [    0.000000] e820: last_pfn = 0x3ffdf max_arch_pfn = 0x400000000
[STDERR  ] 2017-08-03T00:55:42.235061825Z: [    0.778704] PCI: MMCONFIG at [mem 0xb0000000-0xbfffffff] reserved in E820
[STDOUT  ] 2017-08-03T00:55:42.235063249Z: [    0.000000] x86/PAT: Configuration [0-7]: WB  WC  UC- UC  WB  WC  UC- WT  
[STDOUT  ] 2017-08-03T00:55:42.235073299Z: [    0.000000] found SMP MP-table at [mem 0x000f6aa0-0x000f6aaf] mapped at [ffff8abbc00f6aa0]
[STDERR  ] 2017-08-03T00:55:42.235071768Z: [    0.780293] PCI: Using configuration type 1 for base access
[STDERR  ] 2017-08-03T00:55:42.235081704Z: [    0.834461] HugeTLB registered 2 MB page size, pre-allocated 0 pages
[STDOUT  ] 2017-08-03T00:55:42.235083179Z: [    0.000000] RAMDISK: [mem 0x3e39a000-0x3ffcffff]
[STDERR  ] 2017-08-03T00:55:42.235091662Z: [    0.846127] ACPI: Added _OSI(Module Device)
[STDOUT  ] 2017-08-03T00:55:42.235093198Z: [    0.000000] ACPI: Early table checksum verification disabled
[STDERR  ] 2017-08-03T00:55:42.235100949Z: [    0.846512] ACPI: Added _OSI(Processor Device)
[STDOUT  ] 2017-08-03T00:55:42.235103094Z: [    0.000000] ACPI: RSDP 0x00000000000F68C0 000014 (v00 BOCHS )
[STDERR  ] 2017-08-03T00:55:42.235114216Z: [    0.846854] ACPI: Added _OSI(3.0 _SCP Extensions)
[STDOUT  ] 2017-08-03T00:55:42.235115684Z: [    0.000000] ACPI: RSDT 0x000000003FFE2404 000034 (v01 BOCHS  BXPCRSDT 00000001 BXPC 00000001)
[STDOUT  ] 2017-08-03T00:55:42.235125806Z: [    0.000000] ACPI: FACP 0x000000003FFE22A4 000074 (v01 BOCHS  BXPCFACP 00000001 BXPC 00000001)
[STDERR  ] 2017-08-03T00:55:42.235123545Z: [    0.847202] ACPI: Added _OSI(Processor Aggregator Device)
[STDOUT  ] 2017-08-03T00:55:42.235135632Z: [    0.000000] ACPI: DSDT 0x000000003FFE0040 002264 (v01 BOCHS  BXPCDSDT 00000001 BXPC 00000001)
[STDERR  ] 2017-08-03T00:55:42.235133312Z: [    0.916486] ACPI: Interpreter enabled
[STDERR  ] 2017-08-03T00:55:42.235143078Z: [    0.917569] ACPI: (supports S0 S5)
[STDOUT  ] 2017-08-03T00:55:42.235144908Z: [    0.000000] ACPI: FACS 0x000000003FFE0000 000040
[STDERR  ] 2017-08-03T00:55:42.23515302Z: [    0.917925] ACPI: Using IOAPIC for interrupt routing
[STDOUT  ] 2017-08-03T00:55:42.235154389Z: [    0.000000] ACPI: APIC 0x000000003FFE2318 000078 (v01 BOCHS  BXPCAPIC 00000001 BXPC 00000001)
[STDERR  ] 2017-08-03T00:55:42.23516758Z: [    0.920934] PCI: Using host bridge windows from ACPI; if necessary, use "pci=nocrs" and report a bug
[STDOUT  ] 2017-08-03T00:55:42.23516884Z: [    0.000000] ACPI: HPET 0x000000003FFE2390 000038 (v01 BOCHS  BXPCHPET 00000001 BXPC 00000001)
[STDERR  ] 2017-08-03T00:55:42.235177906Z: [    0.982735] ACPI: PCI Root Bridge [PCI0] (domain 0000 [bus 00-ff])
[STDOUT  ] 2017-08-03T00:55:42.235179629Z: [    0.000000] ACPI: MCFG 0x000000003FFE23C8 00003C (v01 BOCHS  BXPCMCFG 00000001 BXPC 00000001)
[STDERR  ] 2017-08-03T00:55:42.235187536Z: [    0.984060] acpi PNP0A08:00: _OSC: OS supports [ExtendedConfig ASPM ClockPM Segments MSI]
[STDOUT  ] 2017-08-03T00:55:42.235189069Z: [    0.000000] Zone ranges:
[STDOUT  ] 2017-08-03T00:55:42.235199424Z: [    0.000000]   DMA      [mem 0x0000000000001000-0x0000000000ffffff]
[STDERR  ] 2017-08-03T00:55:42.235200489Z: [    0.991157] acpi PNP0A08:00: _OSC: OS now controls [PCIeHotplug PME PCIeCapability]
[STDOUT  ] 2017-08-03T00:55:42.23520917Z: [    0.000000]   DMA32    [mem 0x0000000001000000-0x000000003ffdefff]
[STDOUT  ] 2017-08-03T00:55:42.235219155Z: [    0.000000]   Normal   empty
[STDERR  ] 2017-08-03T00:55:42.235214279Z: [    0.994863] PCI host bridge to bus 0000:00
[STDERR  ] 2017-08-03T00:55:42.235225599Z: [    0.995443] pci_bus 0000:00: root bus resource [io  0x0000-0x0cf7 window]
[STDOUT  ] 2017-08-03T00:55:42.235228404Z: [    0.000000] Movable zone start for each node
[STDERR  ] 2017-08-03T00:55:42.235235429Z: [    0.995962] pci_bus 0000:00: root bus resource [io  0x0d00-0xffff window]
[STDOUT  ] 2017-08-03T00:55:42.235239459Z: [    0.000000] Early memory node ranges
[STDERR  ] 2017-08-03T00:55:42.235245052Z: [    0.996438] pci_bus 0000:00: root bus resource [mem 0x000a0000-0x000bffff window]
[STDOUT  ] 2017-08-03T00:55:42.235249398Z: [    0.000000]   node   0: [mem 0x0000000000001000-0x000000000009efff]
[STDERR  ] 2017-08-03T00:55:42.235254424Z: [    0.996942] pci_bus 0000:00: root bus resource [mem 0xc0000000-0xfebfffff window]
[STDERR  ] 2017-08-03T00:55:42.23526396Z: [    0.997664] pci_bus 0000:00: root bus resource [bus 00-ff]
[STDOUT  ] 2017-08-03T00:55:42.235261134Z: [    0.000000]   node   0: [mem 0x0000000000100000-0x000000003ffdefff]
[STDOUT  ] 2017-08-03T00:55:42.235270846Z: [    0.000000] Initmem setup node 0 [mem 0x0000000000001000-0x000000003ffdefff]
[STDERR  ] 2017-08-03T00:55:42.235275164Z: [    1.102431] pci 0000:00:1f.0: quirk: [io  0x0600-0x067f] claimed by ICH6 ACPI/GPIO/TCO
[STDOUT  ] 2017-08-03T00:55:42.235280745Z: [    0.000000] ACPI: PM-Timer IO Port: 0x608
[STDOUT  ] 2017-08-03T00:55:42.235290834Z: [    0.000000] ACPI: LAPIC_NMI (acpi_id[0xff] dfl dfl lint[0x1])
[STDERR  ] 2017-08-03T00:55:42.235291638Z: [    1.165249] ACPI: PCI Interrupt Link [LNKA] (IRQs 5 *10 11)
[STDOUT  ] 2017-08-03T00:55:42.23530042Z: [    0.000000] IOAPIC[0]: apic_id 0, version 32, address 0xfec00000, GSI 0-23
[STDERR  ] 2017-08-03T00:55:42.235302146Z: [    1.168091] ACPI: PCI Interrupt Link [LNKB] (IRQs 5 *10 11)
[STDOUT  ] 2017-08-03T00:55:42.235310079Z: [    0.000000] ACPI: INT_SRC_OVR (bus 0 bus_irq 0 global_irq 2 dfl dfl)
[STDERR  ] 2017-08-03T00:55:42.23531159Z: [    1.170613] ACPI: PCI Interrupt Link [LNKC] (IRQs 5 10 *11)
[STDOUT  ] 2017-08-03T00:55:42.235320072Z: [    0.000000] ACPI: INT_SRC_OVR (bus 0 bus_irq 5 global_irq 5 high level)
[STDERR  ] 2017-08-03T00:55:42.235320949Z: [    1.172571] ACPI: PCI Interrupt Link [LNKD] (IRQs 5 10 *11)
[STDERR  ] 2017-08-03T00:55:42.235329959Z: [    1.174459] ACPI: PCI Interrupt Link [LNKE] (IRQs 5 *10 11)
[STDOUT  ] 2017-08-03T00:55:42.235330675Z: [    0.000000] ACPI: INT_SRC_OVR (bus 0 bus_irq 9 global_irq 9 high level)
[STDERR  ] 2017-08-03T00:55:42.235339494Z: [    1.176266] ACPI: PCI Interrupt Link [LNKF] (IRQs 5 *10 11)
[STDOUT  ] 2017-08-03T00:55:42.23534091Z: [    0.000000] ACPI: INT_SRC_OVR (bus 0 bus_irq 10 global_irq 10 high level)
[STDERR  ] 2017-08-03T00:55:42.235348864Z: [    1.178130] ACPI: PCI Interrupt Link [LNKG] (IRQs 5 10 *11)
[STDOUT  ] 2017-08-03T00:55:42.235350374Z: [    0.000000] ACPI: INT_SRC_OVR (bus 0 bus_irq 11 global_irq 11 high level)
[STDERR  ] 2017-08-03T00:55:42.235362824Z: [    1.180613] ACPI: PCI Interrupt Link [LNKH] (IRQs 5 10 *11)
[STDOUT  ] 2017-08-03T00:55:42.235372979Z: [    0.000000] Using ACPI (MADT) for SMP configuration information
[STDERR  ] 2017-08-03T00:55:42.235374482Z: [    1.181626] ACPI: PCI Interrupt Link [GSIA] (IRQs *16)
[STDOUT  ] 2017-08-03T00:55:42.235383484Z: [    0.000000] ACPI: HPET id: 0x8086a201 base: 0xfed00000
[STDERR  ] 2017-08-03T00:55:42.235385008Z: [    1.182511] ACPI: PCI Interrupt Link [GSIB] (IRQs *17)
[STDOUT  ] 2017-08-03T00:55:42.235394505Z: [    0.000000] smpboot: Allowing 1 CPUs, 0 hotplug CPUs
[STDERR  ] 2017-08-03T00:55:42.235394816Z: [    1.183307] ACPI: PCI Interrupt Link [GSIC] (IRQs *18)
[STDOUT  ] 2017-08-03T00:55:42.235404058Z: [    0.000000] e820: [mem 0x40000000-0xafffffff] available for PCI devices
[STDERR  ] 2017-08-03T00:55:42.235405859Z: [    1.184010] ACPI: PCI Interrupt Link [GSID] (IRQs *19)
[STDOUT  ] 2017-08-03T00:55:42.235418302Z: [    0.000000] Booting paravirtualized kernel on bare hardware
[STDERR  ] 2017-08-03T00:55:42.235419869Z: [    1.184768] ACPI: PCI Interrupt Link [GSIE] (IRQs *20)
[STDERR  ] 2017-08-03T00:55:42.23542911Z: [    1.185548] ACPI: PCI Interrupt Link [GSIF] (IRQs *21)
[STDOUT  ] 2017-08-03T00:55:42.235427628Z: [    0.000000] clocksource: refined-jiffies: mask: 0xffffffff max_cycles: 0xffffffff, max_idle_ns: 19112604462750000 ns
[STDERR  ] 2017-08-03T00:55:42.235438376Z: [    1.186274] ACPI: PCI Interrupt Link [GSIG] (IRQs *22)
[STDOUT  ] 2017-08-03T00:55:42.235443076Z: [    0.000000] setup_percpu: NR_CPUS:128 nr_cpumask_bits:128 nr_cpu_ids:1 nr_node_ids:1
[STDERR  ] 2017-08-03T00:55:42.235447805Z: [    1.187025] ACPI: PCI Interrupt Link [GSIH] (IRQs *23)
[STDOUT  ] 2017-08-03T00:55:42.235452506Z: [    0.000000] percpu: Embedded 35 pages/cpu @ffff8abbfe000000 s105240 r8192 d29928 u2097152
[STDERR  ] 2017-08-03T00:55:42.235458708Z: [    1.190988] ACPI: Enabled 2 GPEs in block 00 to 3F
[STDOUT  ] 2017-08-03T00:55:42.235462139Z: [    0.000000] Built 1 zonelists in Zone order, mobility grouping on.  Total pages: 257896
[STDERR  ] 2017-08-03T00:55:42.235468516Z: [    1.195359] SCSI subsystem initialized
[STDOUT  ] 2017-08-03T00:55:42.235471696Z: [    0.000000] Kernel command line: console=ttyS0
[STDERR  ] 2017-08-03T00:55:42.235478099Z: [    1.197389] ACPI: bus type USB registered
[STDOUT  ] 2017-08-03T00:55:42.235481456Z: [    0.000000] PID hash table entries: 4096 (order: 3, 32768 bytes)
[STDERR  ] 2017-08-03T00:55:42.23548919Z: [    1.198666] usbcore: registered new interface driver usbfs
[STDOUT  ] 2017-08-03T00:55:42.23549329Z: [    0.000000] Dentry cache hash table entries: 131072 (order: 8, 1048576 bytes)
[STDERR  ] 2017-08-03T00:55:42.23549862Z: [    1.200265] usbcore: registered new interface driver hub
[STDOUT  ] 2017-08-03T00:55:42.235502632Z: [    0.000000] Inode-cache hash table entries: 65536 (order: 7, 524288 bytes)
[STDERR  ] 2017-08-03T00:55:42.235508326Z: [    1.201142] usbcore: registered new device driver usb
[STDERR  ] 2017-08-03T00:55:42.235517628Z: [    1.202380] pps_core: LinuxPPS API ver. 1 registered
[STDOUT  ] 2017-08-03T00:55:42.235513775Z: [    0.000000] Memory: 985292K/1048052K available (8027K kernel code, 1366K rwdata, 2696K rodata, 1380K init, 568K bss, 62760K reserved, 0K cma-reserved)
[STDERR  ] 2017-08-03T00:55:42.235526928Z: [    1.202731] pps_core: Software ver. 5.3.6 - Copyright 2005-2007 Rodolfo Giometti <giometti@linux.it>
[STDOUT  ] 2017-08-03T00:55:42.235533898Z: [    0.000000] Hierarchical RCU implementation.
[STDERR  ] 2017-08-03T00:55:42.235537059Z: [    1.203500] PTP clock support registered
[STDERR  ] 2017-08-03T00:55:42.235547738Z: [    1.204732] wmi: Mapper loaded
[STDOUT  ] 2017-08-03T00:55:42.235544648Z: [    0.000000] 	Build-time adjustment of leaf fanout to 64.
[STDOUT  ] 2017-08-03T00:55:42.235554384Z: [    0.000000] 	RCU restricting CPUs from NR_CPUS=128 to nr_cpu_ids=1.
[STDERR  ] 2017-08-03T00:55:42.235557612Z: [    1.205976] PCI: Using ACPI for IRQ routing
[STDOUT  ] 2017-08-03T00:55:42.235568636Z: [    0.000000] RCU: Adjusting geometry for rcu_fanout_leaf=64, nr_cpu_ids=1
[STDERR  ] 2017-08-03T00:55:42.235572076Z: [    1.223483] NetLabel: Initializing
[STDOUT  ] 2017-08-03T00:55:42.235579534Z: [    0.000000] NR_IRQS:8448 nr_irqs:256 16
[STDERR  ] 2017-08-03T00:55:42.235581678Z: [    1.223755] NetLabel:  domain hash size = 128
[STDERR  ] 2017-08-03T00:55:42.235590972Z: [    1.224116] NetLabel:  protocols = UNLABELED CIPSOv4
[STDOUT  ] 2017-08-03T00:55:42.235592495Z: [    0.000000] Console: colour VGA+ 80x25
[STDERR  ] 2017-08-03T00:55:42.235600584Z: [    1.226884] NetLabel:  unlabeled traffic allowed by default
[STDOUT  ] 2017-08-03T00:55:42.235602315Z: [    0.000000] console [ttyS0] enabled
[STDOUT  ] 2017-08-03T00:55:42.235611295Z: [    0.000000] clocksource: hpet: mask: 0xffffffff max_cycles: 0xffffffff, max_idle_ns: 19112604467 ns
[STDERR  ] 2017-08-03T00:55:42.23561231Z: [    1.228159] HPET: 3 timers in total, 0 timers will be used for per-cpu timer
[STDERR  ] 2017-08-03T00:55:42.23562232Z: [    1.229066] hpet0: at MMIO 0xfed00000, IRQs 2, 8, 0
[STDOUT  ] 2017-08-03T00:55:42.235625469Z: [    0.000000] tsc: Fast TSC calibration using PIT
[STDOUT  ] 2017-08-03T00:55:42.235635229Z: [    0.000000] tsc: Detected 2600.020 MHz processor
[STDERR  ] 2017-08-03T00:55:42.235632216Z: [    1.229670] hpet0: 3 comparators, 64-bit 100.000000 MHz counter
[STDERR  ] 2017-08-03T00:55:42.235643625Z: [    1.237008] clocksource: Switched to clocksource hpet
[STDOUT  ] 2017-08-03T00:55:42.23564459Z: [    0.021640] Calibrating delay loop (skipped), value calculated using timer frequency.. 5200.04 BogoMIPS (lpj=26000200)
[STDERR  ] 2017-08-03T00:55:42.23565322Z: [    1.480778] VFS: Disk quotas dquot_6.6.0
[STDOUT  ] 2017-08-03T00:55:42.235654649Z: [    0.022531] pid_max: default: 32768 minimum: 301
[STDERR  ] 2017-08-03T00:55:42.235662896Z: [    1.481593] VFS: Dquot-cache hash table entries: 512 (order 0, 4096 bytes)
[STDOUT  ] 2017-08-03T00:55:42.235664484Z: [    0.023716] ACPI: Core revision 20160831
[STDERR  ] 2017-08-03T00:55:42.235672682Z: [    1.485612] FS-Cache: Loaded
[STDOUT  ] 2017-08-03T00:55:42.235675616Z: [    0.064672] ACPI: 1 ACPI AML tables successfully acquired and loaded
[STDERR  ] 2017-08-03T00:55:42.235684029Z: [    1.490823] CacheFiles: Loaded
[STDOUT  ] 2017-08-03T00:55:42.235685616Z: [    0.069504] Security Framework initialized
[STDERR  ] 2017-08-03T00:55:42.235693859Z: [    1.492580] pnp: PnP ACPI init
[STDOUT  ] 2017-08-03T00:55:42.235695218Z: [    0.070081] Yama: becoming mindful.
[STDOUT  ] 2017-08-03T00:55:42.235704558Z: [    0.072175] Mount-cache hash table entries: 2048 (order: 2, 16384 bytes)
[STDERR  ] 2017-08-03T00:55:42.235703569Z: [    1.505529] pnp: PnP ACPI: found 5 devices
[STDOUT  ] 2017-08-03T00:55:42.235714248Z: [    0.072850] Mountpoint-cache hash table entries: 2048 (order: 2, 16384 bytes)
[STDERR  ] 2017-08-03T00:55:42.235717759Z: [    1.553919] clocksource: acpi_pm: mask: 0xffffff max_cycles: 0xffffff, max_idle_ns: 2085701024 ns
[STDOUT  ] 2017-08-03T00:55:42.235724618Z: [    0.092539] Last level iTLB entries: 4KB 0, 2MB 0, 4MB 0
[STDERR  ] 2017-08-03T00:55:42.23572775Z: [    1.558226] NET: Registered protocol family 2
[STDOUT  ] 2017-08-03T00:55:42.235734078Z: [    0.093051] Last level dTLB entries: 4KB 0, 2MB 0, 4MB 0, 1GB 0
[STDERR  ] 2017-08-03T00:55:42.235737355Z: [    1.565617] TCP established hash table entries: 8192 (order: 4, 65536 bytes)
[STDERR  ] 2017-08-03T00:55:42.235747139Z: [    1.566416] TCP bind hash table entries: 8192 (order: 5, 131072 bytes)
[STDOUT  ] 2017-08-03T00:55:42.23574433Z: [    0.386372] Freeing SMP alternatives memory: 20K (ffffffff89eb0000 - ffffffff89eb5000)
[STDERR  ] 2017-08-03T00:55:42.235757132Z: [    1.567181] TCP: Hash tables configured (established 8192 bind 8192)
[STDOUT  ] 2017-08-03T00:55:42.23575881Z: [    0.396562] ftrace: allocating 35481 entries in 139 pages
[STDERR  ] 2017-08-03T00:55:42.235766082Z: [    1.569082] UDP hash table entries: 512 (order: 2, 16384 bytes)
[STDERR  ] 2017-08-03T00:55:42.23577647Z: [    1.569710] UDP-Lite hash table entries: 512 (order: 2, 16384 bytes)
[STDOUT  ] 2017-08-03T00:55:42.23577344Z: [    0.551465] smpboot: Max logical packages: 1
[STDOUT  ] 2017-08-03T00:55:42.235783589Z: [    0.558608] ..TIMER: vector=0x30 apic1=0 pin1=2 apic2=-1 pin2=-1
[STDERR  ] 2017-08-03T00:55:42.23578655Z: [    1.572292] NET: Registered protocol family 1
[STDOUT  ] 2017-08-03T00:55:42.2357933Z: [    0.660000] smpboot: CPU0: AMD QEMU Virtual CPU version 2.5+ (family: 0x6, model: 0x6, stepping: 0x3)
[STDERR  ] 2017-08-03T00:55:42.235796068Z: [    1.573336] pci 0000:00:01.0: Video device with shadowed ROM at [mem 0x000c0000-0x000dffff]
[STDOUT  ] 2017-08-03T00:55:42.235803756Z: [    0.660000] Performance Events: PMU not available due to virtualization, using software events only.
[STDERR  ] 2017-08-03T00:55:42.235805295Z: [    1.583235] Unpacking initramfs...
[STDOUT  ] 2017-08-03T00:55:42.235813625Z: [    0.669099] NMI watchdog: disabled (cpu0): hardware events not enabled
[STDERR  ] 2017-08-03T00:55:42.235819265Z: [    6.168470] Freeing initrd memory: 28888K (ffff8abbfe39a000 - ffff8abbfffd0000)
[STDOUT  ] 2017-08-03T00:55:42.235823655Z: [    0.669546] NMI watchdog: Shutting down hard lockup detector on all cpus
[STDERR  ] 2017-08-03T00:55:42.235829598Z: [    6.194419] PCLMULQDQ-NI instructions are not detected.
[STDOUT  ] 2017-08-03T00:55:42.235833455Z: [    0.673391] x86: Booted up 1 node, 1 CPUs
[STDERR  ] 2017-08-03T00:55:42.235839385Z: [    6.195903] AVX or AES-NI instructions are not detected.
[STDOUT  ] 2017-08-03T00:55:42.23584332Z: [    0.673932] smpboot: Total of 1 processors activated (5200.04 BogoMIPS)
[STDERR  ] 2017-08-03T00:55:42.235848844Z: [    6.196391] CPU feature 'AVX registers' is not supported.
[STDOUT  ] 2017-08-03T00:55:42.235852984Z: [    0.687850] devtmpfs: initialized
[STDOUT  ] 2017-08-03T00:55:42.23586289Z: [    0.692860] x86/mm: Memory block size: 128MB
[STDERR  ] 2017-08-03T00:55:42.235859722Z: [    6.196807] CPU feature 'AVX registers' is not supported.
[STDOUT  ] 2017-08-03T00:55:42.235872895Z: [    0.753004] clocksource: jiffies: mask: 0xffffffff max_cycles: 0xffffffff, max_idle_ns: 19112604462750000 ns
[STDERR  ] 2017-08-03T00:55:42.235875592Z: [    6.197224] CPU feature 'AVX registers' is not supported.
[STDOUT  ] 2017-08-03T00:55:42.23588259Z: [    0.754068] futex hash table entries: 256 (order: 2, 16384 bytes)
[STDERR  ] 2017-08-03T00:55:42.235889008Z: [    6.197667] CPU feature 'AVX registers' is not supported.
[STDOUT  ] 2017-08-03T00:55:42.235893049Z: [    0.764272] NET: Registered protocol family 16
[STDOUT  ] 2017-08-03T00:55:42.23590253Z: [    0.773396] cpuidle: using governor ladder
[STDERR  ] 2017-08-03T00:55:42.235899956Z: [    6.198117] AVX2 or AES-NI instructions are not detected.
[STDERR  ] 2017-08-03T00:55:42.235909492Z: [    6.198562] AVX2 instructions are not detected.
[STDOUT  ] 2017-08-03T00:55:42.235912195Z: [    0.773864] cpuidle: using governor menu
[STDERR  ] 2017-08-03T00:55:42.235919728Z: [    6.204874] audit: initializing netlink subsys (disabled)
[STDOUT  ] 2017-08-03T00:55:42.235921532Z: [    0.775056] ACPI: bus type PCI registered
[STDERR  ] 2017-08-03T00:55:42.235929324Z: [    6.206671] audit: type=2000 audit(1501721705.200:1): initialized
[STDOUT  ] 2017-08-03T00:55:42.2359319Z: [    0.777847] PCI: MMCONFIG for domain 0000 [bus 00-ff] at [mem 0xb0000000-0xbfffffff] (base 0xb0000000)
[STDERR  ] 2017-08-03T00:55:42.235939034Z: [    6.214860] workingset: timestamp_bits=46 max_order=18 bucket_order=0
[STDOUT  ] 2017-08-03T00:55:42.235941579Z: [    0.778704] PCI: MMCONFIG at [mem 0xb0000000-0xbfffffff] reserved in E820
[STDOUT  ] 2017-08-03T00:55:42.235952254Z: [    0.780293] PCI: Using configuration type 1 for base access
[STDERR  ] 2017-08-03T00:55:42.235948429Z: [    6.221458] FS-Cache: Netfs 'cifs' registered for caching
[STDERR  ] 2017-08-03T00:55:42.235958792Z: [    6.222577] fuse init (API version 7.26)
[STDOUT  ] 2017-08-03T00:55:42.235962905Z: [    0.834461] HugeTLB registered 2 MB page size, pre-allocated 0 pages
[STDERR  ] 2017-08-03T00:55:42.235973558Z: [    6.224943] SGI XFS with ACLs, security attributes, no debug enabled
[STDOUT  ] 2017-08-03T00:55:42.235975042Z: [    0.846127] ACPI: Added _OSI(Module Device)
[STDOUT  ] 2017-08-03T00:55:42.2359851Z: [    0.846512] ACPI: Added _OSI(Processor Device)
[STDERR  ] 2017-08-03T00:55:42.235983538Z: [    6.228708] 9p: Installing v9fs 9p2000 file system support
[STDERR  ] 2017-08-03T00:55:42.23599609Z: [    6.232056] FS-Cache: Netfs '9p' registered for caching
[STDOUT  ] 2017-08-03T00:55:42.235995905Z: [    0.846854] ACPI: Added _OSI(3.0 _SCP Extensions)
[STDOUT  ] 2017-08-03T00:55:42.236007564Z: [    0.847202] ACPI: Added _OSI(Processor Aggregator Device)
[STDERR  ] 2017-08-03T00:55:42.236005955Z: [    6.265692] NET: Registered protocol family 38
[STDOUT  ] 2017-08-03T00:55:42.23601719Z: [    0.916486] ACPI: Interpreter enabled
[STDERR  ] 2017-08-03T00:55:42.23601538Z: [    6.266343] Key type asymmetric registered
[STDERR  ] 2017-08-03T00:55:42.236028848Z: [    6.266752] Asymmetric key parser 'x509' registered
[STDOUT  ] 2017-08-03T00:55:42.236026834Z: [    0.917569] ACPI: (supports S0 S5)
[STDOUT  ] 2017-08-03T00:55:42.23603625Z: [    0.917925] ACPI: Using IOAPIC for interrupt routing
[STDERR  ] 2017-08-03T00:55:42.236038475Z: [    6.267811] Block layer SCSI generic (bsg) driver version 0.4 loaded (major 251)
[STDOUT  ] 2017-08-03T00:55:42.236045898Z: [    0.920934] PCI: Using host bridge windows from ACPI; if necessary, use "pci=nocrs" and report a bug
[STDERR  ] 2017-08-03T00:55:42.236048376Z: [    6.269476] io scheduler noop registered
[STDOUT  ] 2017-08-03T00:55:42.236056818Z: [    0.982735] ACPI: PCI Root Bridge [PCI0] (domain 0000 [bus 00-ff])
[STDERR  ] 2017-08-03T00:55:42.236058298Z: [    6.269853] io scheduler deadline registered (default)
[STDOUT  ] 2017-08-03T00:55:42.236071144Z: [    0.984060] acpi PNP0A08:00: _OSC: OS supports [ExtendedConfig ASPM ClockPM Segments MSI]
[STDERR  ] 2017-08-03T00:55:42.236068332Z: [    6.271429] io scheduler cfq registered
[STDERR  ] 2017-08-03T00:55:42.236078179Z: [    6.274003] pci_hotplug: PCI Hot Plug PCI Core version: 0.5
[STDOUT  ] 2017-08-03T00:55:42.236080989Z: [    0.991157] acpi PNP0A08:00: _OSC: OS now controls [PCIeHotplug PME PCIeCapability]
[STDERR  ] 2017-08-03T00:55:42.236087989Z: [    6.274647] pciehp: PCI Express Hot Plug Controller Driver version: 0.4
[STDOUT  ] 2017-08-03T00:55:42.236090315Z: [    0.994863] PCI host bridge to bus 0000:00
[STDERR  ] 2017-08-03T00:55:42.236098049Z: [    6.275498] shpchp: Standard Hot Plug PCI Controller Driver version: 0.4
[STDOUT  ] 2017-08-03T00:55:42.236099732Z: [    0.995443] pci_bus 0000:00: root bus resource [io  0x0000-0x0cf7 window]
[STDERR  ] 2017-08-03T00:55:42.23610775Z: [    6.276392] hv_vmbus: registering driver hyperv_fb
[STDOUT  ] 2017-08-03T00:55:42.236109288Z: [    0.995962] pci_bus 0000:00: root bus resource [io  0x0d00-0xffff window]
[STDERR  ] 2017-08-03T00:55:42.236117275Z: [    6.279531] input: Power Button as /devices/LNXSYSTM:00/LNXPWRBN:00/input/input0
[STDOUT  ] 2017-08-03T00:55:42.236118732Z: [    0.996438] pci_bus 0000:00: root bus resource [mem 0x000a0000-0x000bffff window]
[STDERR  ] 2017-08-03T00:55:42.236126958Z: [    6.281535] ACPI: Power Button [PWRF]
[STDOUT  ] 2017-08-03T00:55:42.236128435Z: [    0.996942] pci_bus 0000:00: root bus resource [mem 0xc0000000-0xfebfffff window]
[STDOUT  ] 2017-08-03T00:55:42.236137482Z: [    0.997664] pci_bus 0000:00: root bus resource [bus 00-ff]
[STDERR  ] 2017-08-03T00:55:42.23613646Z: [    6.286283] GHES: HEST is not enabled!
[STDOUT  ] 2017-08-03T00:55:42.236147165Z: [    1.102431] pci 0000:00:1f.0: quirk: [io  0x0600-0x067f] claimed by ICH6 ACPI/GPIO/TCO
[STDERR  ] 2017-08-03T00:55:42.236145795Z: [    6.297559] ACPI: PCI Interrupt Link [GSIG] enabled at IRQ 22
[STDOUT  ] 2017-08-03T00:55:42.236156426Z: [    1.165249] ACPI: PCI Interrupt Link [LNKA] (IRQs 5 *10 11)
[STDERR  ] 2017-08-03T00:55:42.23615784Z: [    6.309941] ACPI: PCI Interrupt Link [GSIH] enabled at IRQ 23
[STDOUT  ] 2017-08-03T00:55:42.236165886Z: [    1.168091] ACPI: PCI Interrupt Link [LNKB] (IRQs 5 *10 11)
[STDERR  ] 2017-08-03T00:55:42.236171834Z: [    6.314361] xenfs: not registering filesystem on non-xen platform
[STDOUT  ] 2017-08-03T00:55:42.236175799Z: [    1.170613] ACPI: PCI Interrupt Link [LNKC] (IRQs 5 10 *11)
[STDERR  ] 2017-08-03T00:55:42.236188216Z: [    6.316395] Serial: 8250/16550 driver, 4 ports, IRQ sharing disabled
[STDOUT  ] 2017-08-03T00:55:42.236189639Z: [    1.172571] ACPI: PCI Interrupt Link [LNKD] (IRQs 5 10 *11)
[STDERR  ] 2017-08-03T00:55:42.236197799Z: [    6.340853] 00:04: ttyS0 at I/O 0x3f8 (irq = 4, base_baud = 115200) is a 16550A
[STDOUT  ] 2017-08-03T00:55:42.236199522Z: [    1.174459] ACPI: PCI Interrupt Link [LNKE] (IRQs 5 *10 11)
[STDERR  ] 2017-08-03T00:55:42.23620764Z: [    6.353053] Non-volatile memory driver v1.3
[STDOUT  ] 2017-08-03T00:55:42.236210204Z: [    1.176266] ACPI: PCI Interrupt Link [LNKF] (IRQs 5 *10 11)
[STDERR  ] 2017-08-03T00:55:42.236217175Z: [    6.359161] Hangcheck: starting hangcheck timer 0.9.1 (tick is 180 seconds, margin is 60 seconds).
[STDERR  ] 2017-08-03T00:55:42.236227262Z: [    6.396965] loop: module loaded
[STDOUT  ] 2017-08-03T00:55:42.236223999Z: [    1.178130] ACPI: PCI Interrupt Link [LNKG] (IRQs 5 10 *11)
[STDERR  ] 2017-08-03T00:55:42.236236956Z: [    6.412875] nbd: registered device at major 43
[STDOUT  ] 2017-08-03T00:55:42.236234Z: [    1.180613] ACPI: PCI Interrupt Link [LNKH] (IRQs 5 10 *11)
[STDOUT  ] 2017-08-03T00:55:42.236245428Z: [    1.181626] ACPI: PCI Interrupt Link [GSIA] (IRQs *16)
[STDERR  ] 2017-08-03T00:55:42.236246029Z: [    6.455209] lpc_ich 0000:00:1f.0: I/O space for GPIO uninitialized
[STDOUT  ] 2017-08-03T00:55:42.236255195Z: [    1.182511] ACPI: PCI Interrupt Link [GSIB] (IRQs *17)
[STDERR  ] 2017-08-03T00:55:42.236255674Z: [    6.457647] VMware PVSCSI driver - version 1.0.7.0-k
[STDOUT  ] 2017-08-03T00:55:42.236265899Z: [    1.183307] ACPI: PCI Interrupt Link [GSIC] (IRQs *18)
[STDERR  ] 2017-08-03T00:55:42.23626733Z: [    6.458584] hv_vmbus: registering driver hv_storvsc
[STDOUT  ] 2017-08-03T00:55:42.236275508Z: [    1.184010] ACPI: PCI Interrupt Link [GSID] (IRQs *19)
[STDERR  ] 2017-08-03T00:55:42.236277078Z: [    6.468809] ACPI: PCI Interrupt Link [GSIA] enabled at IRQ 16
[STDERR  ] 2017-08-03T00:55:42.236286266Z: [    6.475366] ahci 0000:00:1f.2: AHCI 0001.0000 32 slots 6 ports 1.5 Gbps 0x3f impl SATA mode
[STDOUT  ] 2017-08-03T00:55:42.236284829Z: [    1.184768] ACPI: PCI Interrupt Link [GSIE] (IRQs *20)
[STDOUT  ] 2017-08-03T00:55:42.236294249Z: [    1.185548] ACPI: PCI Interrupt Link [GSIF] (IRQs *21)
[STDERR  ] 2017-08-03T00:55:42.236295572Z: [    6.476170] ahci 0000:00:1f.2: flags: 64bit ncq only 
[STDERR  ] 2017-08-03T00:55:42.236305188Z: [    6.496927] scsi host0: ahci
[STDOUT  ] 2017-08-03T00:55:42.23630367Z: [    1.186274] ACPI: PCI Interrupt Link [GSIG] (IRQs *22)
[STDOUT  ] 2017-08-03T00:55:42.236312875Z: [    1.187025] ACPI: PCI Interrupt Link [GSIH] (IRQs *23)
[STDERR  ] 2017-08-03T00:55:42.236315012Z: [    6.502628] scsi host1: ahci
[STDOUT  ] 2017-08-03T00:55:42.23632211Z: [    1.190988] ACPI: Enabled 2 GPEs in block 00 to 3F
[STDERR  ] 2017-08-03T00:55:42.236324358Z: [    6.505018] scsi host2: ahci
[STDOUT  ] 2017-08-03T00:55:42.236331486Z: [    1.195359] SCSI subsystem initialized
[STDERR  ] 2017-08-03T00:55:42.23633491Z: [    6.508631] scsi host3: ahci
[STDERR  ] 2017-08-03T00:55:42.236344038Z: [    6.511799] scsi host4: ahci
[STDOUT  ] 2017-08-03T00:55:42.236341364Z: [    1.197389] ACPI: bus type USB registered
[STDOUT  ] 2017-08-03T00:55:42.236350428Z: [    1.198666] usbcore: registered new interface driver usbfs
[STDERR  ] 2017-08-03T00:55:42.23635317Z: [    6.514027] scsi host5: ahci
[STDOUT  ] 2017-08-03T00:55:42.236361774Z: [    1.200265] usbcore: registered new interface driver hub
[STDERR  ] 2017-08-03T00:55:42.236363474Z: [    6.515908] ata1: SATA max UDMA/133 abar m4096@0xfebd2000 port 0xfebd2100 irq 24
[STDOUT  ] 2017-08-03T00:55:42.236376319Z: [    1.201142] usbcore: registered new device driver usb
[STDOUT  ] 2017-08-03T00:55:42.236386438Z: [    1.202380] pps_core: LinuxPPS API ver. 1 registered
[STDERR  ] 2017-08-03T00:55:42.236382609Z: [    6.516543] ata2: SATA max UDMA/133 abar m4096@0xfebd2000 port 0xfebd2180 irq 24
[STDOUT  ] 2017-08-03T00:55:42.236395969Z: [    1.202731] pps_core: Software ver. 5.3.6 - Copyright 2005-2007 Rodolfo Giometti <giometti@linux.it>
[STDERR  ] 2017-08-03T00:55:42.236398084Z: [    6.517054] ata3: SATA max UDMA/133 abar m4096@0xfebd2000 port 0xfebd2200 irq 24
[STDOUT  ] 2017-08-03T00:55:42.236405736Z: [    1.203500] PTP clock support registered
[STDERR  ] 2017-08-03T00:55:42.236407835Z: [    6.517554] ata4: SATA max UDMA/133 abar m4096@0xfebd2000 port 0xfebd2280 irq 24
[STDOUT  ] 2017-08-03T00:55:42.236414989Z: [    1.204732] wmi: Mapper loaded
[STDERR  ] 2017-08-03T00:55:42.236417154Z: [    6.518041] ata5: SATA max UDMA/133 abar m4096@0xfebd2000 port 0xfebd2300 irq 24
[STDOUT  ] 2017-08-03T00:55:42.236424608Z: [    1.205976] PCI: Using ACPI for IRQ routing
[STDERR  ] 2017-08-03T00:55:42.236426174Z: [    6.518511] ata6: SATA max UDMA/133 abar m4096@0xfebd2000 port 0xfebd2380 irq 24
[STDOUT  ] 2017-08-03T00:55:42.236438136Z: [    1.223483] NetLabel: Initializing
[STDERR  ] 2017-08-03T00:55:42.236439655Z: [    6.531926] tun: Universal TUN/TAP device driver, 1.6
[STDOUT  ] 2017-08-03T00:55:42.236447585Z: [    1.223755] NetLabel:  domain hash size = 128
[STDERR  ] 2017-08-03T00:55:42.236450962Z: [    6.532354] tun: (C) 1999-2004 Max Krasnyansky <maxk@qualcomm.com>
[STDOUT  ] 2017-08-03T00:55:42.236456659Z: [    1.224116] NetLabel:  protocols = UNLABELED CIPSOv4
[STDERR  ] 2017-08-03T00:55:42.236460884Z: [    6.543337] VMware vmxnet3 virtual NIC driver - version 1.4.a.0-k-NAPI
[STDOUT  ] 2017-08-03T00:55:42.2364661Z: [    1.226884] NetLabel:  unlabeled traffic allowed by default
[STDERR  ] 2017-08-03T00:55:42.23647013Z: [    6.544308] hv_vmbus: registering driver hv_netvsc
[STDERR  ] 2017-08-03T00:55:42.236479439Z: [    6.544606] Fusion MPT base driver 3.04.20
[STDOUT  ] 2017-08-03T00:55:42.236475654Z: [    1.228159] HPET: 3 timers in total, 0 timers will be used for per-cpu timer
[STDOUT  ] 2017-08-03T00:55:42.236485974Z: [    1.229066] hpet0: at MMIO 0xfed00000, IRQs 2, 8, 0
[STDERR  ] 2017-08-03T00:55:42.236488899Z: [    6.544877] Copyright (c) 1999-2008 LSI Corporation
[STDERR  ] 2017-08-03T00:55:42.23649853Z: [    6.545500] Fusion MPT SPI Host driver 3.04.20
[STDERR  ] 2017-08-03T00:55:42.23650683Z: [    6.547538] i8042: PNP: PS/2 Controller [PNP0303:KBD,PNP0f13:MOU] at 0x60,0x64 irq 1,12
[STDERR  ] 2017-08-03T00:55:42.23651666Z: [    6.551976] serio: i8042 KBD port at 0x60,0x64 irq 1
[STDOUT  ] 2017-08-03T00:55:42.236496252Z: [    1.229670] hpet0: 3 comparators, 64-bit 100.000000 MHz counter
[STDERR  ] 2017-08-03T00:55:42.236525688Z: [    6.552682] serio: i8042 AUX port at 0x60,0x64 irq 12
[STDOUT  ] 2017-08-03T00:55:42.236536746Z: [    1.237008] clocksource: Switched to clocksource hpet
[STDERR  ] 2017-08-03T00:55:42.236544649Z: [    6.555790] hv_vmbus: registering driver hyperv_keyboard
[STDOUT  ] 2017-08-03T00:55:42.236546976Z: [    1.480778] VFS: Disk quotas dquot_6.6.0
[STDERR  ] 2017-08-03T00:55:42.23655416Z: [    6.558080] mousedev: PS/2 mouse device common for all mice
[STDOUT  ] 2017-08-03T00:55:42.236556335Z: [    1.481593] VFS: Dquot-cache hash table entries: 512 (order 0, 4096 bytes)
[STDOUT  ] 2017-08-03T00:55:42.236566098Z: [    1.485612] FS-Cache: Loaded
[STDERR  ] 2017-08-03T00:55:42.23656338Z: [    6.563193] input: AT Translated Set 2 keyboard as /devices/platform/i8042/serio0/input/input1
[STDERR  ] 2017-08-03T00:55:42.236575026Z: [    6.566096] input: PC Speaker as /devices/platform/pcspkr/input/input2
[STDOUT  ] 2017-08-03T00:55:42.23657572Z: [    1.490823] CacheFiles: Loaded
[STDOUT  ] 2017-08-03T00:55:42.236587359Z: [    1.492580] pnp: PnP ACPI init
[STDERR  ] 2017-08-03T00:55:42.236584372Z: [    6.569593] rtc_cmos 00:00: RTC can wake from S4
[STDERR  ] 2017-08-03T00:55:42.236599906Z: [    6.573186] rtc_cmos 00:00: rtc core: registered rtc_cmos as rtc0
[STDOUT  ] 2017-08-03T00:55:42.236597144Z: [    1.505529] pnp: PnP ACPI: found 5 devices
[STDERR  ] 2017-08-03T00:55:42.236609365Z: [    6.574662] rtc_cmos 00:00: alarms up to one day, y3k, 114 bytes nvram, hpet irqs
[STDOUT  ] 2017-08-03T00:55:42.23661199Z: [    1.553919] clocksource: acpi_pm: mask: 0xffffff max_cycles: 0xffffff, max_idle_ns: 2085701024 ns
[STDERR  ] 2017-08-03T00:55:42.236619012Z: [    6.575431] i2c /dev entries driver
[STDOUT  ] 2017-08-03T00:55:42.236621762Z: [    1.558226] NET: Registered protocol family 2
[STDERR  ] 2017-08-03T00:55:42.236628222Z: [    6.577386] device-mapper: ioctl: 4.35.0-ioctl (2016-06-23) initialised: dm-devel@redhat.com
[STDOUT  ] 2017-08-03T00:55:42.236631132Z: [    1.565617] TCP established hash table entries: 8192 (order: 4, 65536 bytes)
[STDERR  ] 2017-08-03T00:55:42.236637828Z: [    6.582513] usbcore: registered new interface driver usbhid
[STDOUT  ] 2017-08-03T00:55:42.236640824Z: [    1.566416] TCP bind hash table entries: 8192 (order: 5, 131072 bytes)
[STDERR  ] 2017-08-03T00:55:42.236648298Z: [    6.583033] usbhid: USB HID core driver
[STDOUT  ] 2017-08-03T00:55:42.236654336Z: [    1.567181] TCP: Hash tables configured (established 8192 bind 8192)
[STDERR  ] 2017-08-03T00:55:42.236657789Z: [    6.583735] hv_utils: Registering HyperV Utility Driver
[STDOUT  ] 2017-08-03T00:55:42.23666378Z: [    1.569082] UDP hash table entries: 512 (order: 2, 16384 bytes)
[STDERR  ] 2017-08-03T00:55:42.236667262Z: [    6.584101] hv_vmbus: registering driver hv_util
[STDOUT  ] 2017-08-03T00:55:42.236673508Z: [    1.569710] UDP-Lite hash table entries: 512 (order: 2, 16384 bytes)
[STDERR  ] 2017-08-03T00:55:42.236676602Z: [    6.584402] hv_vmbus: registering driver hv_balloon
[STDOUT  ] 2017-08-03T00:55:42.236682936Z: [    1.572292] NET: Registered protocol family 1
[STDERR  ] 2017-08-03T00:55:42.236686339Z: [    6.584933] oprofile: using NMI interrupt.
[STDOUT  ] 2017-08-03T00:55:42.236694806Z: [    1.573336] pci 0000:00:01.0: Video device with shadowed ROM at [mem 0x000c0000-0x000dffff]
[STDERR  ] 2017-08-03T00:55:42.236695579Z: [    6.586164] GACT probability on
[STDOUT  ] 2017-08-03T00:55:42.236704624Z: [    1.583235] Unpacking initramfs...
[STDERR  ] 2017-08-03T00:55:42.236704645Z: [    6.586800] Mirror/redirect action on
[STDOUT  ] 2017-08-03T00:55:42.236714028Z: [    6.168470] Freeing initrd memory: 28888K (ffff8abbfe39a000 - ffff8abbfffd0000)
[STDERR  ] 2017-08-03T00:55:42.236718656Z: [    6.587743] Simple TC action Loaded
[STDOUT  ] 2017-08-03T00:55:42.236723709Z: [    6.194419] PCLMULQDQ-NI instructions are not detected.
[STDERR  ] 2017-08-03T00:55:42.236728025Z: [    6.588435] u32 classifier
[STDERR  ] 2017-08-03T00:55:42.236737245Z: [    6.588665]     Performance counters on
[STDOUT  ] 2017-08-03T00:55:42.236734292Z: [    6.195903] AVX or AES-NI instructions are not detected.
[STDERR  ] 2017-08-03T00:55:42.236746392Z: [    6.588913]     input device check on
[STDOUT  ] 2017-08-03T00:55:42.236745665Z: [    6.196391] CPU feature 'AVX registers' is not supported.
[STDERR  ] 2017-08-03T00:55:42.236755828Z: [    6.589201]     Actions configured
[STDOUT  ] 2017-08-03T00:55:42.236759899Z: [    6.196807] CPU feature 'AVX registers' is not supported.
[STDERR  ] 2017-08-03T00:55:42.23676533Z: [    6.589978] Netfilter messages via NETLINK v0.30.
[STDOUT  ] 2017-08-03T00:55:42.236769424Z: [    6.197224] CPU feature 'AVX registers' is not supported.
[STDERR  ] 2017-08-03T00:55:42.236774405Z: [    6.591296] nfnl_acct: registering with nfnetlink.
[STDOUT  ] 2017-08-03T00:55:42.236778665Z: [    6.197667] CPU feature 'AVX registers' is not supported.
[STDERR  ] 2017-08-03T00:55:42.236784965Z: [    6.592712] nf_conntrack version 0.5.0 (8192 buckets, 32768 max)
[STDOUT  ] 2017-08-03T00:55:42.236788015Z: [    6.198117] AVX2 or AES-NI instructions are not detected.
[STDOUT  ] 2017-08-03T00:55:42.23679719Z: [    6.198562] AVX2 instructions are not detected.
[STDERR  ] 2017-08-03T00:55:42.236794576Z: [    6.597418] ctnetlink v0.93: registering with nfnetlink.
[STDERR  ] 2017-08-03T00:55:42.236803919Z: [    6.600956] nf_tables: (c) 2007-2009 Patrick McHardy <kaber@trash.net>
[STDOUT  ] 2017-08-03T00:55:42.236810828Z: [    6.204874] audit: initializing netlink subsys (disabled)
[STDOUT  ] 2017-08-03T00:55:42.23682064Z: [    6.206671] audit: type=2000 audit(1501721705.200:1): initialized
[STDERR  ] 2017-08-03T00:55:42.23681685Z: [    6.602003] nf_tables_compat: (c) 2012 Pablo Neira Ayuso <pablo@netfilter.org>
[STDERR  ] 2017-08-03T00:55:42.236828265Z: [    6.604490] xt_time: kernel timezone is -0000
[STDOUT  ] 2017-08-03T00:55:42.236829856Z: [    6.214860] workingset: timestamp_bits=46 max_order=18 bucket_order=0
[STDERR  ] 2017-08-03T00:55:42.236837614Z: [    6.605092] ip_set: protocol 6
[STDOUT  ] 2017-08-03T00:55:42.236839499Z: [    6.221458] FS-Cache: Netfs 'cifs' registered for caching
[STDERR  ] 2017-08-03T00:55:42.236847402Z: [    6.605860] IPVS: Registered protocols (TCP, UDP, SCTP, AH, ESP)
[STDOUT  ] 2017-08-03T00:55:42.236849078Z: [    6.222577] fuse init (API version 7.26)
[STDERR  ] 2017-08-03T00:55:42.23685668Z: [    6.606492] IPVS: Connection hash table configured (size=4096, memory=64Kbytes)
[STDOUT  ] 2017-08-03T00:55:42.236862232Z: [    6.224943] SGI XFS with ACLs, security attributes, no debug enabled
[STDERR  ] 2017-08-03T00:55:42.236873112Z: [    6.608326] IPVS: Creating netns size=2104 id=0
[STDOUT  ] 2017-08-03T00:55:42.236874595Z: [    6.228708] 9p: Installing v9fs 9p2000 file system support
[STDERR  ] 2017-08-03T00:55:42.236882424Z: [    6.611581] IPVS: ipvs loaded.
[STDOUT  ] 2017-08-03T00:55:42.236886659Z: [    6.232056] FS-Cache: Netfs '9p' registered for caching
[STDERR  ] 2017-08-03T00:55:42.236891722Z: [    6.611995] IPVS: [rr] scheduler registered.
[STDOUT  ] 2017-08-03T00:55:42.236896129Z: [    6.265692] NET: Registered protocol family 38
[STDOUT  ] 2017-08-03T00:55:42.236905516Z: [    6.266343] Key type asymmetric registered
[STDERR  ] 2017-08-03T00:55:42.236902689Z: [    6.612371] IPVS: [wrr] scheduler registered.
[STDERR  ] 2017-08-03T00:55:42.236912254Z: [    6.612721] IPVS: [lc] scheduler registered.
[STDOUT  ] 2017-08-03T00:55:42.23691499Z: [    6.266752] Asymmetric key parser 'x509' registered
[STDERR  ] 2017-08-03T00:55:42.236921592Z: [    6.612988] IPVS: [wlc] scheduler registered.
[STDOUT  ] 2017-08-03T00:55:42.236924316Z: [    6.267811] Block layer SCSI generic (bsg) driver version 0.4 loaded (major 251)
[STDERR  ] 2017-08-03T00:55:42.236931382Z: [    6.613311] IPVS: [fo] scheduler registered.
[STDOUT  ] 2017-08-03T00:55:42.236934344Z: [    6.269476] io scheduler noop registered
