[INFO    ] 2017-09-08T18:44:43.959046812Z: Running Test linuxkit.packages.format_mount.multiple in /tmp/with_clone3699dcb5/test/cases/040_packages/006_format_mount/010_multiple
[INFO    ] 2017-09-08T18:44:43.959148683Z: Running command: [/bin/sh -x /tmp/with_clone3699dcb5/test/cases/040_packages/006_format_mount/010_multiple/test.sh]
[STDERR  ] 2017-09-08T18:44:43.977174721Z: + set -e
[STDERR  ] 2017-09-08T18:44:43.977217799Z: + . /tmp/with_clone3699dcb5/test/cases/_lib/lib.sh
[STDERR  ] 2017-09-08T18:44:43.977232193Z: + [ -f src/github.com/linuxkit/rtf/lib/lib.sh ]
[STDERR  ] 2017-09-08T18:44:43.977239475Z: + LINUXKIT_TMPDIR=/tmp/with_clone3699dcb5/test/cases/_tmp
[STDERR  ] 2017-09-08T18:44:43.977248898Z: + [ -f /tmp/with_clone3699dcb5/test/cases/_tmp/env.sh ]
[STDERR  ] 2017-09-08T18:44:43.977268328Z: + . /tmp/with_clone3699dcb5/test/cases/_tmp/env.sh
[STDERR  ] 2017-09-08T18:44:43.977277004Z: + export LINUXKIT_EXAMPLES_DIR=/tmp/with_clone3699dcb5/test/cases/../../examples
[STDERR  ] 2017-09-08T18:44:43.977285368Z: + export LINUXKIT_BLUEPRINTS_DIR=/tmp/with_clone3699dcb5/test/cases/../../blueprints
[STDERR  ] 2017-09-08T18:44:43.977292021Z: + RT_CANCEL=253
[STDERR  ] 2017-09-08T18:44:43.977299606Z: + NAME=test-format
[STDERR  ] 2017-09-08T18:44:43.977338438Z: + trap clean_up EXIT
[STDERR  ] 2017-09-08T18:44:43.977347152Z: + moby build -name test-format -format kernel+initrd test.yml
[STDERR  ] 2017-09-08T18:44:43.977354306Z: Extract kernel image: linuxkit/kernel:4.9.47
[STDERR  ] 2017-09-08T18:44:52.329212495Z: Add init containers:
[STDERR  ] 2017-09-08T18:44:52.329278092Z: Process init image: linuxkit/init:79973d34faf7d4654462f3408c5eb00befaf03b8
[STDERR  ] 2017-09-08T18:44:54.775653133Z: Process init image: linuxkit/runc:a1b564248a0d0b118c11e61db9f84ecf41dd2d2a
[STDERR  ] 2017-09-08T18:44:56.691256545Z: Add onboot containers:
[STDERR  ] 2017-09-08T18:44:56.691366309Z:   Create OCI config for linuxkit/format:158d992b7bf7ab984100c697d7e72161ea7d7382
[STDERR  ] 2017-09-08T18:44:58.889883524Z:   Create OCI config for linuxkit/format:158d992b7bf7ab984100c697d7e72161ea7d7382
[STDERR  ] 2017-09-08T18:44:58.926712629Z:   Create OCI config for linuxkit/mount:4fe245efb01384e42622c36302e13e386bbaeb08
[STDERR  ] 2017-09-08T18:45:00.679973163Z:   Create OCI config for linuxkit/mount:4fe245efb01384e42622c36302e13e386bbaeb08
[STDERR  ] 2017-09-08T18:45:00.71651523Z:   Create OCI config for alpine:3.6
[STDERR  ] 2017-09-08T18:45:02.351947611Z:   Create OCI config for linuxkit/poweroff:1e9876c682c74d0602b7647c628bb0875fb13998
[STDERR  ] 2017-09-08T18:45:03.884379452Z: Add files:
[STDERR  ] 2017-09-08T18:45:03.884450009Z:   check.sh
[STDERR  ] 2017-09-08T18:45:03.884470722Z: Create outputs:
[STDERR  ] 2017-09-08T18:45:08.99436207Z:   test-format-kernel test-format-initrd.img test-format-cmdline
[STDERR  ] 2017-09-08T18:45:09.209283528Z: + linuxkit run -disk file=test-format1.img,size=512M -disk file=test-format2.img,size=512M test-format
[STDERR  ] 2017-09-08T18:45:30.296913592Z: main-loop: WARNING: I/O thread spun for 1000 iterations
[STDERR  ] 2017-09-08T18:45:55.323367536Z: + RESULT=[    0.000000] Linux version 4.9.47-linuxkit (root@e1ede117fb1e) (gcc version 6.3.0 (Alpine 6.3.0) ) #1 SMP Mon Sep 4 16:11:11 UTC 2017
[STDERR  ] 2017-09-08T18:45:55.323439774Z: [    0.000000] Command line: console=ttyS0
[STDERR  ] 2017-09-08T18:45:55.323453029Z: [    0.000000] x86/fpu: Legacy x87 FPU detected.
[STDERR  ] 2017-09-08T18:45:55.323465896Z: [    0.000000] x86/fpu: Using 'eager' FPU context switches.
[STDERR  ] 2017-09-08T18:45:55.323479117Z: [    0.000000] e820: BIOS-provided physical RAM map:
[STDERR  ] 2017-09-08T18:45:55.323491587Z: [    0.000000] BIOS-e820: [mem 0x0000000000000000-0x000000000009fbff] usable
[STDERR  ] 2017-09-08T18:45:55.323504572Z: [    0.000000] BIOS-e820: [mem 0x000000000009fc00-0x000000000009ffff] reserved
[STDERR  ] 2017-09-08T18:45:55.323517493Z: [    0.000000] BIOS-e820: [mem 0x00000000000f0000-0x00000000000fffff] reserved
[STDERR  ] 2017-09-08T18:45:55.323529549Z: [    0.000000] BIOS-e820: [mem 0x0000000000100000-0x000000003ffddfff] usable
[STDERR  ] 2017-09-08T18:45:55.3235625Z: [    0.000000] BIOS-e820: [mem 0x000000003ffde000-0x000000003fffffff] reserved
[STDERR  ] 2017-09-08T18:45:55.323574452Z: [    0.000000] BIOS-e820: [mem 0x00000000b0000000-0x00000000bfffffff] reserved
[STDERR  ] 2017-09-08T18:45:55.323585861Z: [    0.000000] BIOS-e820: [mem 0x00000000fed1c000-0x00000000fed1ffff] reserved
[STDERR  ] 2017-09-08T18:45:55.323597578Z: [    0.000000] BIOS-e820: [mem 0x00000000fffc0000-0x00000000ffffffff] reserved
[STDERR  ] 2017-09-08T18:45:55.32361386Z: [    0.000000] NX (Execute Disable) protection: active
[STDERR  ] 2017-09-08T18:45:55.323625658Z: [    0.000000] SMBIOS 2.8 present.
[STDERR  ] 2017-09-08T18:45:55.323638493Z: [    0.000000] e820: last_pfn = 0x3ffde max_arch_pfn = 0x400000000
[STDERR  ] 2017-09-08T18:45:55.323650778Z: [    0.000000] x86/PAT: Configuration [0-7]: WB  WC  UC- UC  WB  WC  UC- WT  
[STDERR  ] 2017-09-08T18:45:55.32366178Z: [    0.000000] found SMP MP-table at [mem 0x000f6aa0-0x000f6aaf] mapped at [ffff9e23400f6aa0]
[STDERR  ] 2017-09-08T18:45:55.323674735Z: [    0.000000] RAMDISK: [mem 0x3e288000-0x3ffcffff]
[STDERR  ] 2017-09-08T18:45:55.323687073Z: [    0.000000] ACPI: Early table checksum verification disabled
[STDERR  ] 2017-09-08T18:45:55.323699243Z: [    0.000000] ACPI: RSDP 0x00000000000F68C0 000014 (v00 BOCHS )
[STDERR  ] 2017-09-08T18:45:55.323715213Z: [    0.000000] ACPI: RSDT 0x000000003FFE2404 000034 (v01 BOCHS  BXPCRSDT 00000001 BXPC 00000001)
[STDERR  ] 2017-09-08T18:45:55.323727094Z: [    0.000000] ACPI: FACP 0x000000003FFE22A4 000074 (v01 BOCHS  BXPCFACP 00000001 BXPC 00000001)
[STDERR  ] 2017-09-08T18:45:55.323738422Z: [    0.000000] ACPI: DSDT 0x000000003FFE0040 002264 (v01 BOCHS  BXPCDSDT 00000001 BXPC 00000001)
[STDERR  ] 2017-09-08T18:45:55.323749608Z: [    0.000000] ACPI: FACS 0x000000003FFE0000 000040
[STDERR  ] 2017-09-08T18:45:55.32376096Z: [    0.000000] ACPI: APIC 0x000000003FFE2318 000078 (v01 BOCHS  BXPCAPIC 00000001 BXPC 00000001)
[STDERR  ] 2017-09-08T18:45:55.323779531Z: [    0.000000] ACPI: HPET 0x000000003FFE2390 000038 (v01 BOCHS  BXPCHPET 00000001 BXPC 00000001)
[STDERR  ] 2017-09-08T18:45:55.323790684Z: [    0.000000] ACPI: MCFG 0x000000003FFE23C8 00003C (v01 BOCHS  BXPCMCFG 00000001 BXPC 00000001)
[STDERR  ] 2017-09-08T18:45:55.323801676Z: [    0.000000] Zone ranges:
[STDERR  ] 2017-09-08T18:45:55.323813117Z: [    0.000000]   DMA      [mem 0x0000000000001000-0x0000000000ffffff]
[STDERR  ] 2017-09-08T18:45:55.323824147Z: [    0.000000]   DMA32    [mem 0x0000000001000000-0x000000003ffddfff]
[STDERR  ] 2017-09-08T18:45:55.323835216Z: [    0.000000]   Normal   empty
[STDERR  ] 2017-09-08T18:45:55.323846497Z: [    0.000000] Movable zone start for each node
[STDERR  ] 2017-09-08T18:45:55.323857561Z: [    0.000000] Early memory node ranges
[STDERR  ] 2017-09-08T18:45:55.323868939Z: [    0.000000]   node   0: [mem 0x0000000000001000-0x000000000009efff]
[STDERR  ] 2017-09-08T18:45:55.323879846Z: [    0.000000]   node   0: [mem 0x0000000000100000-0x000000003ffddfff]
[STDERR  ] 2017-09-08T18:45:55.32389411Z: [    0.000000] Initmem setup node 0 [mem 0x0000000000001000-0x000000003ffddfff]
[STDERR  ] 2017-09-08T18:45:55.323905138Z: [    0.000000] ACPI: PM-Timer IO Port: 0x608
[STDERR  ] 2017-09-08T18:45:55.323916649Z: [    0.000000] ACPI: LAPIC_NMI (acpi_id[0xff] dfl dfl lint[0x1])
[STDERR  ] 2017-09-08T18:45:55.32392766Z: [    0.000000] IOAPIC[0]: apic_id 0, version 32, address 0xfec00000, GSI 0-23
[STDERR  ] 2017-09-08T18:45:55.323938607Z: [    0.000000] ACPI: INT_SRC_OVR (bus 0 bus_irq 0 global_irq 2 dfl dfl)
[STDERR  ] 2017-09-08T18:45:55.323949576Z: [    0.000000] ACPI: INT_SRC_OVR (bus 0 bus_irq 5 global_irq 5 high level)
[STDERR  ] 2017-09-08T18:45:55.323960553Z: [    0.000000] ACPI: INT_SRC_OVR (bus 0 bus_irq 9 global_irq 9 high level)
[STDERR  ] 2017-09-08T18:45:55.323971713Z: [    0.000000] ACPI: INT_SRC_OVR (bus 0 bus_irq 10 global_irq 10 high level)
[STDERR  ] 2017-09-08T18:45:55.323982656Z: [    0.000000] ACPI: INT_SRC_OVR (bus 0 bus_irq 11 global_irq 11 high level)
[STDERR  ] 2017-09-08T18:45:55.324004952Z: [    0.000000] Using ACPI (MADT) for SMP configuration information
[STDERR  ] 2017-09-08T18:45:55.324016216Z: [    0.000000] ACPI: HPET id: 0x8086a201 base: 0xfed00000
[STDERR  ] 2017-09-08T18:45:55.324027171Z: [    0.000000] smpboot: Allowing 1 CPUs, 0 hotplug CPUs
[STDERR  ] 2017-09-08T18:45:55.32403812Z: [    0.000000] e820: [mem 0x40000000-0xafffffff] available for PCI devices
[STDERR  ] 2017-09-08T18:45:55.324049023Z: [    0.000000] Booting paravirtualized kernel on bare hardware
[STDERR  ] 2017-09-08T18:45:55.324063627Z: [    0.000000] clocksource: refined-jiffies: mask: 0xffffffff max_cycles: 0xffffffff, max_idle_ns: 19112604462750000 ns
[STDERR  ] 2017-09-08T18:45:55.324078046Z: [    0.000000] setup_percpu: NR_CPUS:128 nr_cpumask_bits:128 nr_cpu_ids:1 nr_node_ids:1
[STDERR  ] 2017-09-08T18:45:55.324091911Z: [    0.000000] percpu: Embedded 35 pages/cpu @ffff9e237e000000 s105240 r8192 d29928 u2097152
[STDERR  ] 2017-09-08T18:45:55.324103351Z: [    0.000000] Built 1 zonelists in Zone order, mobility grouping on.  Total pages: 257895
[STDERR  ] 2017-09-08T18:45:55.324114361Z: [    0.000000] Kernel command line: console=ttyS0
[STDERR  ] 2017-09-08T18:45:55.324125861Z: [    0.000000] PID hash table entries: 4096 (order: 3, 32768 bytes)
[STDERR  ] 2017-09-08T18:45:55.324137266Z: [    0.000000] Dentry cache hash table entries: 131072 (order: 8, 1048576 bytes)
[STDERR  ] 2017-09-08T18:45:55.324148186Z: [    0.000000] Inode-cache hash table entries: 65536 (order: 7, 524288 bytes)
[STDERR  ] 2017-09-08T18:45:55.324159449Z: [    0.000000] Memory: 984184K/1048048K available (8032K kernel code, 1366K rwdata, 2696K rodata, 1380K init, 568K bss, 63864K reserved, 0K cma-reserved)
[STDERR  ] 2017-09-08T18:45:55.324173033Z: [    0.000000] Hierarchical RCU implementation.
[STDERR  ] 2017-09-08T18:45:55.324183999Z: [    0.000000] 	Build-time adjustment of leaf fanout to 64.
[STDERR  ] 2017-09-08T18:45:55.3241942Z: [    0.000000] 	RCU restricting CPUs from NR_CPUS=128 to nr_cpu_ids=1.
[STDERR  ] 2017-09-08T18:45:55.324204706Z: [    0.000000] RCU: Adjusting geometry for rcu_fanout_leaf=64, nr_cpu_ids=1
[STDERR  ] 2017-09-08T18:45:55.324215002Z: [    0.000000] NR_IRQS:8448 nr_irqs:256 16
[STDERR  ] 2017-09-08T18:45:55.324225594Z: [    0.000000] Console: colour VGA+ 80x25
[STDERR  ] 2017-09-08T18:45:55.324236002Z: [    0.000000] console [ttyS0] enabled
[STDERR  ] 2017-09-08T18:45:55.324250671Z: [    0.000000] clocksource: hpet: mask: 0xffffffff max_cycles: 0xffffffff, max_idle_ns: 19112604467 ns
[STDERR  ] 2017-09-08T18:45:55.324261855Z: [    0.000000] tsc: Fast TSC calibration using PIT
[STDERR  ] 2017-09-08T18:45:55.324271803Z: [    0.000000] tsc: Detected 2300.137 MHz processor
[STDERR  ] 2017-09-08T18:45:55.324281806Z: [    0.021305] Calibrating delay loop (skipped), value calculated using timer frequency.. 4600.27 BogoMIPS (lpj=23001370)
[STDERR  ] 2017-09-08T18:45:55.324292715Z: [    0.022319] pid_max: default: 32768 minimum: 301
[STDERR  ] 2017-09-08T18:45:55.324303439Z: [    0.023167] ACPI: Core revision 20160831
[STDERR  ] 2017-09-08T18:45:55.324314519Z: [    0.069787] ACPI: 1 ACPI AML tables successfully acquired and loaded
[STDERR  ] 2017-09-08T18:45:55.324325057Z: [    0.073000] Security Framework initialized
[STDERR  ] 2017-09-08T18:45:55.324335458Z: [    0.073378] Yama: becoming mindful.
[STDERR  ] 2017-09-08T18:45:55.324345659Z: [    0.075262] Mount-cache hash table entries: 2048 (order: 2, 16384 bytes)
[STDERR  ] 2017-09-08T18:45:55.324356068Z: [    0.075780] Mountpoint-cache hash table entries: 2048 (order: 2, 16384 bytes)
[STDERR  ] 2017-09-08T18:45:55.324366177Z: [    0.094649] Last level iTLB entries: 4KB 0, 2MB 0, 4MB 0
[STDERR  ] 2017-09-08T18:45:55.3243815Z: [    0.095068] Last level dTLB entries: 4KB 0, 2MB 0, 4MB 0, 1GB 0
[STDERR  ] 2017-09-08T18:45:55.324391972Z: [    0.421566] Freeing SMP alternatives memory: 20K
[STDERR  ] 2017-09-08T18:45:55.32440216Z: [    0.430241] ftrace: allocating 35509 entries in 139 pages
[STDERR  ] 2017-09-08T18:45:55.324412612Z: [    0.583911] smpboot: Max logical packages: 1
[STDERR  ] 2017-09-08T18:45:55.324427116Z: [    0.589075] ..TIMER: vector=0x30 apic1=0 pin1=2 apic2=-1 pin2=-1
[STDERR  ] 2017-09-08T18:45:55.324437649Z: [    0.690000] smpboot: CPU0: AMD QEMU Virtual CPU version 2.5+ (family: 0x6, model: 0x6, stepping: 0x3)
[STDERR  ] 2017-09-08T18:45:55.324449275Z: [    0.690000] Performance Events: PMU not available due to virtualization, using software events only.
[STDERR  ] 2017-09-08T18:45:55.32446549Z: [    0.696811] NMI watchdog: disabled (cpu0): hardware events not enabled
[STDERR  ] 2017-09-08T18:45:55.324476209Z: [    0.697218] NMI watchdog: Shutting down hard lockup detector on all cpus
[STDERR  ] 2017-09-08T18:45:55.324487139Z: [    0.700177] x86: Booted up 1 node, 1 CPUs
[STDERR  ] 2017-09-08T18:45:55.324497761Z: [    0.700507] smpboot: Total of 1 processors activated (4600.27 BogoMIPS)
[STDERR  ] 2017-09-08T18:45:55.324508182Z: [    0.713966] devtmpfs: initialized
[STDERR  ] 2017-09-08T18:45:55.324521298Z: [    0.718506] x86/mm: Memory block size: 128MB
[STDERR  ] 2017-09-08T18:45:55.32453257Z: [    0.780824] clocksource: jiffies: mask: 0xffffffff max_cycles: 0xffffffff, max_idle_ns: 19112604462750000 ns
[STDERR  ] 2017-09-08T18:45:55.32454427Z: [    0.781593] futex hash table entries: 256 (order: 2, 16384 bytes)
[STDOUT  ] 2017-09-08T18:45:55.325513231Z: [    0.000000] Linux version 4.9.47-linuxkit (root@e1ede117fb1e) (gcc version 6.3.0 (Alpine 6.3.0) ) #1 SMP Mon Sep 4 16:11:11 UTC 2017
[STDOUT  ] 2017-09-08T18:45:55.325568715Z: [    0.000000] Command line: console=ttyS0
[STDOUT  ] 2017-09-08T18:45:55.325584539Z: [    0.000000] x86/fpu: Legacy x87 FPU detected.
[STDOUT  ] 2017-09-08T18:45:55.325599446Z: [    0.000000] x86/fpu: Using 'eager' FPU context switches.
[STDOUT  ] 2017-09-08T18:45:55.325620228Z: [    0.000000] e820: BIOS-provided physical RAM map:
[STDOUT  ] 2017-09-08T18:45:55.325645515Z: [    0.000000] BIOS-e820: [mem 0x0000000000000000-0x000000000009fbff] usable
[STDOUT  ] 2017-09-08T18:45:55.325663043Z: [    0.000000] BIOS-e820: [mem 0x000000000009fc00-0x000000000009ffff] reserved
[STDOUT  ] 2017-09-08T18:45:55.325676156Z: [    0.000000] BIOS-e820: [mem 0x00000000000f0000-0x00000000000fffff] reserved
[STDOUT  ] 2017-09-08T18:45:55.325689199Z: [    0.000000] BIOS-e820: [mem 0x0000000000100000-0x000000003ffddfff] usable
[STDOUT  ] 2017-09-08T18:45:55.325711615Z: [    0.000000] BIOS-e820: [mem 0x000000003ffde000-0x000000003fffffff] reserved
[STDOUT  ] 2017-09-08T18:45:55.325725127Z: [    0.000000] BIOS-e820: [mem 0x00000000b0000000-0x00000000bfffffff] reserved
[STDOUT  ] 2017-09-08T18:45:55.32573781Z: [    0.000000] BIOS-e820: [mem 0x00000000fed1c000-0x00000000fed1ffff] reserved
[STDOUT  ] 2017-09-08T18:45:55.325750554Z: [    0.000000] BIOS-e820: [mem 0x00000000fffc0000-0x00000000ffffffff] reserved
[STDOUT  ] 2017-09-08T18:45:55.325762963Z: [    0.000000] NX (Execute Disable) protection: active
[STDOUT  ] 2017-09-08T18:45:55.325777103Z: [    0.000000] SMBIOS 2.8 present.
[STDOUT  ] 2017-09-08T18:45:55.32579139Z: [    0.000000] e820: last_pfn = 0x3ffde max_arch_pfn = 0x400000000
[STDOUT  ] 2017-09-08T18:45:55.325814873Z: [    0.000000] x86/PAT: Configuration [0-7]: WB  WC  UC- UC  WB  WC  UC- WT  
[STDOUT  ] 2017-09-08T18:45:55.325831975Z: [    0.000000] found SMP MP-table at [mem 0x000f6aa0-0x000f6aaf] mapped at [ffff9e23400f6aa0]
[STDOUT  ] 2017-09-08T18:45:55.325845309Z: [    0.000000] RAMDISK: [mem 0x3e288000-0x3ffcffff]
[STDOUT  ] 2017-09-08T18:45:55.325858055Z: [    0.000000] ACPI: Early table checksum verification disabled
[STDOUT  ] 2017-09-08T18:45:55.325872405Z: [    0.000000] ACPI: RSDP 0x00000000000F68C0 000014 (v00 BOCHS )
[STDOUT  ] 2017-09-08T18:45:55.325885573Z: [    0.000000] ACPI: RSDT 0x000000003FFE2404 000034 (v01 BOCHS  BXPCRSDT 00000001 BXPC 00000001)
[STDOUT  ] 2017-09-08T18:45:55.325898871Z: [    0.000000] ACPI: FACP 0x000000003FFE22A4 000074 (v01 BOCHS  BXPCFACP 00000001 BXPC 00000001)
[STDOUT  ] 2017-09-08T18:45:55.325911551Z: [    0.000000] ACPI: DSDT 0x000000003FFE0040 002264 (v01 BOCHS  BXPCDSDT 00000001 BXPC 00000001)
[STDOUT  ] 2017-09-08T18:45:55.325931505Z: [    0.000000] ACPI: FACS 0x000000003FFE0000 000040
[STDOUT  ] 2017-09-08T18:45:55.325944681Z: [    0.000000] ACPI: APIC 0x000000003FFE2318 000078 (v01 BOCHS  BXPCAPIC 00000001 BXPC 00000001)
[STDOUT  ] 2017-09-08T18:45:55.325957703Z: [    0.000000] ACPI: HPET 0x000000003FFE2390 000038 (v01 BOCHS  BXPCHPET 00000001 BXPC 00000001)
[STDOUT  ] 2017-09-08T18:45:55.325980577Z: [    0.000000] ACPI: MCFG 0x000000003FFE23C8 00003C (v01 BOCHS  BXPCMCFG 00000001 BXPC 00000001)
[STDOUT  ] 2017-09-08T18:45:55.326005273Z: [    0.000000] Zone ranges:
[STDOUT  ] 2017-09-08T18:45:55.326018276Z: [    0.000000]   DMA      [mem 0x0000000000001000-0x0000000000ffffff]
[STDOUT  ] 2017-09-08T18:45:55.326031339Z: [    0.000000]   DMA32    [mem 0x0000000001000000-0x000000003ffddfff]
[STDOUT  ] 2017-09-08T18:45:55.326043831Z: [    0.000000]   Normal   empty
[STDOUT  ] 2017-09-08T18:45:55.326056552Z: [    0.000000] Movable zone start for each node
[STDOUT  ] 2017-09-08T18:45:55.326093341Z: [    0.000000] Early memory node ranges
[STDOUT  ] 2017-09-08T18:45:55.326106828Z: [    0.000000]   node   0: [mem 0x0000000000001000-0x000000000009efff]
[STDOUT  ] 2017-09-08T18:45:55.326124779Z: [    0.000000]   node   0: [mem 0x0000000000100000-0x000000003ffddfff]
[STDOUT  ] 2017-09-08T18:45:55.326141074Z: [    0.000000] Initmem setup node 0 [mem 0x0000000000001000-0x000000003ffddfff]
[STDOUT  ] 2017-09-08T18:45:55.326164487Z: [    0.000000] ACPI: PM-Timer IO Port: 0x608
[STDOUT  ] 2017-09-08T18:45:55.32618078Z: [    0.000000] ACPI: LAPIC_NMI (acpi_id[0xff] dfl dfl lint[0x1])
[STDOUT  ] 2017-09-08T18:45:55.326193784Z: [    0.000000] IOAPIC[0]: apic_id 0, version 32, address 0xfec00000, GSI 0-23
[STDOUT  ] 2017-09-08T18:45:55.326212163Z: [    0.000000] ACPI: INT_SRC_OVR (bus 0 bus_irq 0 global_irq 2 dfl dfl)
[STDOUT  ] 2017-09-08T18:45:55.326224869Z: [    0.000000] ACPI: INT_SRC_OVR (bus 0 bus_irq 5 global_irq 5 high level)
[STDOUT  ] 2017-09-08T18:45:55.326237226Z: [    0.000000] ACPI: INT_SRC_OVR (bus 0 bus_irq 9 global_irq 9 high level)
[STDOUT  ] 2017-09-08T18:45:55.326249576Z: [    0.000000] ACPI: INT_SRC_OVR (bus 0 bus_irq 10 global_irq 10 high level)
[STDOUT  ] 2017-09-08T18:45:55.326261966Z: [    0.000000] ACPI: INT_SRC_OVR (bus 0 bus_irq 11 global_irq 11 high level)
[STDOUT  ] 2017-09-08T18:45:55.326274346Z: [    0.000000] Using ACPI (MADT) for SMP configuration information
[STDOUT  ] 2017-09-08T18:45:55.32628745Z: [    0.000000] ACPI: HPET id: 0x8086a201 base: 0xfed00000
[STDOUT  ] 2017-09-08T18:45:55.326300435Z: [    0.000000] smpboot: Allowing 1 CPUs, 0 hotplug CPUs
[STDOUT  ] 2017-09-08T18:45:55.326316675Z: [    0.000000] e820: [mem 0x40000000-0xafffffff] available for PCI devices
[STDOUT  ] 2017-09-08T18:45:55.326340372Z: [    0.000000] Booting paravirtualized kernel on bare hardware
[STDOUT  ] 2017-09-08T18:45:55.326353728Z: [    0.000000] clocksource: refined-jiffies: mask: 0xffffffff max_cycles: 0xffffffff, max_idle_ns: 19112604462750000 ns
[STDOUT  ] 2017-09-08T18:45:55.326369123Z: [    0.000000] setup_percpu: NR_CPUS:128 nr_cpumask_bits:128 nr_cpu_ids:1 nr_node_ids:1
[STDOUT  ] 2017-09-08T18:45:55.326382482Z: [    0.000000] percpu: Embedded 35 pages/cpu @ffff9e237e000000 s105240 r8192 d29928 u2097152
[STDOUT  ] 2017-09-08T18:45:55.326395156Z: [    0.000000] Built 1 zonelists in Zone order, mobility grouping on.  Total pages: 257895
[STDOUT  ] 2017-09-08T18:45:55.3264077Z: [    0.000000] Kernel command line: console=ttyS0
[STDOUT  ] 2017-09-08T18:45:55.326420295Z: [    0.000000] PID hash table entries: 4096 (order: 3, 32768 bytes)
[STDOUT  ] 2017-09-08T18:45:55.326434817Z: [    0.000000] Dentry cache hash table entries: 131072 (order: 8, 1048576 bytes)
[STDOUT  ] 2017-09-08T18:45:55.326447802Z: [    0.000000] Inode-cache hash table entries: 65536 (order: 7, 524288 bytes)
[STDOUT  ] 2017-09-08T18:45:55.326461675Z: [    0.000000] Memory: 984184K/1048048K available (8032K kernel code, 1366K rwdata, 2696K rodata, 1380K init, 568K bss, 63864K reserved, 0K cma-reserved)
[STDOUT  ] 2017-09-08T18:45:55.326477928Z: [    0.000000] Hierarchical RCU implementation.
[STDOUT  ] 2017-09-08T18:45:55.326505548Z: [    0.000000] 	Build-time adjustment of leaf fanout to 64.
[STDOUT  ] 2017-09-08T18:45:55.326523623Z: [    0.000000] 	RCU restricting CPUs from NR_CPUS=128 to nr_cpu_ids=1.
[STDOUT  ] 2017-09-08T18:45:55.326536261Z: [    0.000000] RCU: Adjusting geometry for rcu_fanout_leaf=64, nr_cpu_ids=1
[STDOUT  ] 2017-09-08T18:45:55.326548703Z: [    0.000000] NR_IRQS:8448 nr_irqs:256 16
[STDOUT  ] 2017-09-08T18:45:55.326564679Z: [    0.000000] Console: colour VGA+ 80x25
[STDOUT  ] 2017-09-08T18:45:55.326579206Z: [    0.000000] console [ttyS0] enabled
[STDOUT  ] 2017-09-08T18:45:55.326592179Z: [    0.000000] clocksource: hpet: mask: 0xffffffff max_cycles: 0xffffffff, max_idle_ns: 19112604467 ns
[STDOUT  ] 2017-09-08T18:45:55.326605625Z: [    0.000000] tsc: Fast TSC calibration using PIT
[STDOUT  ] 2017-09-08T18:45:55.326618081Z: [    0.000000] tsc: Detected 2300.137 MHz processor
[STDOUT  ] 2017-09-08T18:45:55.326630503Z: [    0.021305] Calibrating delay loop (skipped), value calculated using timer frequency.. 4600.27 BogoMIPS (lpj=23001370)
[STDOUT  ] 2017-09-08T18:45:55.326643918Z: [    0.022319] pid_max: default: 32768 minimum: 301
[STDOUT  ] 2017-09-08T18:45:55.326659328Z: [    0.023167] ACPI: Core revision 20160831
[STDOUT  ] 2017-09-08T18:45:55.326683067Z: [    0.069787] ACPI: 1 ACPI AML tables successfully acquired and loaded
[STDOUT  ] 2017-09-08T18:45:55.326696998Z: [    0.073000] Security Framework initialized
[STDOUT  ] 2017-09-08T18:45:55.326709255Z: [    0.073378] Yama: becoming mindful.
[STDOUT  ] 2017-09-08T18:45:55.326721685Z: [    0.075262] Mount-cache hash table entries: 2048 (order: 2, 16384 bytes)
[STDOUT  ] 2017-09-08T18:45:55.326734309Z: [    0.075780] Mountpoint-cache hash table entries: 2048 (order: 2, 16384 bytes)
[STDOUT  ] 2017-09-08T18:45:55.326752483Z: [    0.094649] Last level iTLB entries: 4KB 0, 2MB 0, 4MB 0
[STDOUT  ] 2017-09-08T18:45:55.32676871Z: [    0.095068] Last level dTLB entries: 4KB 0, 2MB 0, 4MB 0, 1GB 0
[STDOUT  ] 2017-09-08T18:45:55.326781718Z: [    0.421566] Freeing SMP alternatives memory: 20K
[STDOUT  ] 2017-09-08T18:45:55.326794337Z: [    0.430241] ftrace: allocating 35509 entries in 139 pages
[STDOUT  ] 2017-09-08T18:45:55.32680664Z: [    0.583911] smpboot: Max logical packages: 1
[STDOUT  ] 2017-09-08T18:45:55.326819218Z: [    0.589075] ..TIMER: vector=0x30 apic1=0 pin1=2 apic2=-1 pin2=-1
[STDOUT  ] 2017-09-08T18:45:55.326837437Z: [    0.690000] smpboot: CPU0: AMD QEMU Virtual CPU version 2.5+ (family: 0x6, model: 0x6, stepping: 0x3)
[STDOUT  ] 2017-09-08T18:45:55.326859756Z: [    0.690000] Performance Events: PMU not available due to virtualization, using software events only.
[STDOUT  ] 2017-09-08T18:45:55.326873631Z: [    0.696811] NMI watchdog: disabled (cpu0): hardware events not enabled
[STDOUT  ] 2017-09-08T18:45:55.326886214Z: [    0.697218] NMI watchdog: Shutting down hard lockup detector on all cpus
[STDOUT  ] 2017-09-08T18:45:55.326898651Z: [    0.700177] x86: Booted up 1 node, 1 CPUs
[STDOUT  ] 2017-09-08T18:45:55.326911269Z: [    0.700507] smpboot: Total of 1 processors activated (4600.27 BogoMIPS)
[STDOUT  ] 2017-09-08T18:45:55.326929047Z: [    0.713966] devtmpfs: initialized
[STDOUT  ] 2017-09-08T18:45:55.326941828Z: [    0.718506] x86/mm: Memory block size: 128MB
[STDOUT  ] 2017-09-08T18:45:55.326957974Z: [    0.780824] clocksource: jiffies: mask: 0xffffffff max_cycles: 0xffffffff, max_idle_ns: 19112604462750000 ns
[STDOUT  ] 2017-09-08T18:45:55.326974859Z: [    0.781593] futex hash table entries: 256 (order: 2, 16384 bytes)
[STDOUT  ] 2017-09-08T18:45:55.326987313Z: [    0.790462] NET: Registered protocol family 16
[STDOUT  ] 2017-09-08T18:45:55.327002684Z: [    0.799349] cpuidle: using governor ladder
[STDOUT  ] 2017-09-08T18:45:55.327025163Z: [    0.799756] cpuidle: using governor menu
[STDOUT  ] 2017-09-08T18:45:55.327040017Z: [    0.800823] ACPI: bus type PCI registered
[STDOUT  ] 2017-09-08T18:45:55.327057817Z: [    0.803493] PCI: MMCONFIG for domain 0000 [bus 00-ff] at [mem 0xb0000000-0xbfffffff] (base 0xb0000000)
[STDOUT  ] 2017-09-08T18:45:55.327074043Z: [    0.804188] PCI: MMCONFIG at [mem 0xb0000000-0xbfffffff] reserved in E820
[STDOUT  ] 2017-09-08T18:45:55.327086855Z: [    0.805406] PCI: Using configuration type 1 for base access
[STDOUT  ] 2017-09-08T18:45:55.327099186Z: [    0.861760] HugeTLB registered 2 MB page size, pre-allocated 0 pages
[STDOUT  ] 2017-09-08T18:45:55.327111374Z: [    0.871871] ACPI: Added _OSI(Module Device)
[STDOUT  ] 2017-09-08T18:45:55.327126325Z: [    0.872169] ACPI: Added _OSI(Processor Device)
[STDOUT  ] 2017-09-08T18:45:55.32713865Z: [    0.872432] ACPI: Added _OSI(3.0 _SCP Extensions)
[STDOUT  ] 2017-09-08T18:45:55.327151097Z: [    0.872705] ACPI: Added _OSI(Processor Aggregator Device)
[STDOUT  ] 2017-09-08T18:45:55.327163332Z: [    0.945975] ACPI: Interpreter enabled
[STDOUT  ] 2017-09-08T18:45:55.327181484Z: [    0.946717] ACPI: (supports S0 S5)
[STDOUT  ] 2017-09-08T18:45:55.327203519Z: [    0.946998] ACPI: Using IOAPIC for interrupt routing
[STDOUT  ] 2017-09-08T18:45:55.327216369Z: [    0.948733] PCI: Using host bridge windows from ACPI; if necessary, use "pci=nocrs" and report a bug
[STDOUT  ] 2017-09-08T18:45:55.327228857Z: [    1.034630] ACPI: PCI Root Bridge [PCI0] (domain 0000 [bus 00-ff])
[STDOUT  ] 2017-09-08T18:45:55.327241394Z: [    1.035717] acpi PNP0A08:00: _OSC: OS supports [ExtendedConfig ASPM ClockPM Segments MSI]
[STDOUT  ] 2017-09-08T18:45:55.327256106Z: [    1.044833] acpi PNP0A08:00: _OSC: OS now controls [PCIeHotplug PME PCIeCapability]
[STDOUT  ] 2017-09-08T18:45:55.32726867Z: [    1.050769] PCI host bridge to bus 0000:00
[STDOUT  ] 2017-09-08T18:45:55.327281008Z: [    1.051295] pci_bus 0000:00: root bus resource [io  0x0000-0x0cf7 window]
[STDOUT  ] 2017-09-08T18:45:55.327293606Z: [    1.051773] pci_bus 0000:00: root bus resource [io  0x0d00-0xffff window]
[STDOUT  ] 2017-09-08T18:45:55.327305852Z: [    1.052133] pci_bus 0000:00: root bus resource [mem 0x000a0000-0x000bffff window]
[STDOUT  ] 2017-09-08T18:45:55.327321273Z: [    1.052468] pci_bus 0000:00: root bus resource [mem 0xc0000000-0xfebfffff window]
[STDOUT  ] 2017-09-08T18:45:55.327334123Z: [    1.053005] pci_bus 0000:00: root bus resource [bus 00-ff]
[STDOUT  ] 2017-09-08T18:45:55.327351061Z: [    1.172176] pci 0000:00:1f.0: quirk: [io  0x0600-0x067f] claimed by ICH6 ACPI/GPIO/TCO
[STDOUT  ] 2017-09-08T18:45:55.327410987Z: [    1.243629] ACPI: PCI Interrupt Link [LNKA] (IRQs 5 *10 11)
[STDOUT  ] 2017-09-08T18:45:55.327423921Z: [    1.245573] ACPI: PCI Interrupt Link [LNKB] (IRQs 5 *10 11)
[STDOUT  ] 2017-09-08T18:45:55.327436488Z: [    1.247341] ACPI: PCI Interrupt Link [LNKC] (IRQs 5 10 *11)
[STDOUT  ] 2017-09-08T18:45:55.327448701Z: [    1.249176] ACPI: PCI Interrupt Link [LNKD] (IRQs 5 10 *11)
[STDOUT  ] 2017-09-08T18:45:55.327461018Z: [    1.251162] ACPI: PCI Interrupt Link [LNKE] (IRQs 5 *10 11)
[STDOUT  ] 2017-09-08T18:45:55.327473304Z: [    1.252848] ACPI: PCI Interrupt Link [LNKF] (IRQs 5 *10 11)
[STDOUT  ] 2017-09-08T18:45:55.327485483Z: [    1.254520] ACPI: PCI Interrupt Link [LNKG] (IRQs 5 10 *11)
[STDOUT  ] 2017-09-08T18:45:55.327497726Z: [    1.256296] ACPI: PCI Interrupt Link [LNKH] (IRQs 5 10 *11)
[STDOUT  ] 2017-09-08T18:45:55.327509842Z: [    1.257192] ACPI: PCI Interrupt Link [GSIA] (IRQs *16)
[STDOUT  ] 2017-09-08T18:45:55.327527348Z: [    1.257802] ACPI: PCI Interrupt Link [GSIB] (IRQs *17)
[STDOUT  ] 2017-09-08T18:45:55.327539811Z: [    1.258419] ACPI: PCI Interrupt Link [GSIC] (IRQs *18)
[STDOUT  ] 2017-09-08T18:45:55.327558557Z: [    1.259054] ACPI: PCI Interrupt Link [GSID] (IRQs *19)
[STDOUT  ] 2017-09-08T18:45:55.327580611Z: [    1.259657] ACPI: PCI Interrupt Link [GSIE] (IRQs *20)
[STDOUT  ] 2017-09-08T18:45:55.327593436Z: [    1.260376] ACPI: PCI Interrupt Link [GSIF] (IRQs *21)
[STDOUT  ] 2017-09-08T18:45:55.327605697Z: [    1.261010] ACPI: PCI Interrupt Link [GSIG] (IRQs *22)
[STDOUT  ] 2017-09-08T18:45:55.327617969Z: [    1.261644] ACPI: PCI Interrupt Link [GSIH] (IRQs *23)
[STDOUT  ] 2017-09-08T18:45:55.327630072Z: [    1.265183] ACPI: Enabled 2 GPEs in block 00 to 3F
[STDOUT  ] 2017-09-08T18:45:55.327646812Z: [    1.270279] SCSI subsystem initialized
[STDOUT  ] 2017-09-08T18:45:55.327659089Z: [    1.272037] ACPI: bus type USB registered
[STDOUT  ] 2017-09-08T18:45:55.327671436Z: [    1.273100] usbcore: registered new interface driver usbfs
[STDOUT  ] 2017-09-08T18:45:55.3276835Z: [    1.274003] usbcore: registered new interface driver hub
[STDOUT  ] 2017-09-08T18:45:55.327698847Z: [    1.274868] usbcore: registered new device driver usb
[STDOUT  ] 2017-09-08T18:45:55.327711097Z: [    1.275983] pps_core: LinuxPPS API ver. 1 registered
[STDOUT  ] 2017-09-08T18:45:55.327734233Z: [    1.276324] pps_core: Software ver. 5.3.6 - Copyright 2005-2007 Rodolfo Giometti <giometti@linux.it>
[STDOUT  ] 2017-09-08T18:45:55.327755506Z: [    1.277019] PTP clock support registered
[STDOUT  ] 2017-09-08T18:45:55.327768062Z: [    1.278231] wmi: Mapper loaded
[STDOUT  ] 2017-09-08T18:45:55.327780693Z: [    1.279246] PCI: Using ACPI for IRQ routing
[STDOUT  ] 2017-09-08T18:45:55.327792933Z: [    1.297489] NetLabel: Initializing
[STDOUT  ] 2017-09-08T18:45:55.327805084Z: [    1.297751] NetLabel:  domain hash size = 128
[STDOUT  ] 2017-09-08T18:45:55.327817257Z: [    1.298043] NetLabel:  protocols = UNLABELED CIPSOv4
[STDOUT  ] 2017-09-08T18:45:55.32782954Z: [    1.299852] NetLabel:  unlabeled traffic allowed by default
[STDOUT  ] 2017-09-08T18:45:55.3278418Z: [    1.300525] HPET: 3 timers in total, 0 timers will be used for per-cpu timer
[STDOUT  ] 2017-09-08T18:45:55.32785426Z: [    1.301246] hpet0: at MMIO 0xfed00000, IRQs 2, 8, 0
[STDOUT  ] 2017-09-08T18:45:55.327866598Z: [    1.301707] hpet0: 3 comparators, 64-bit 100.000000 MHz counter
[STDOUT  ] 2017-09-08T18:45:55.327878851Z: [    1.308835] clocksource: Switched to clocksource hpet
[STDOUT  ] 2017-09-08T18:45:55.327892099Z: [    1.559143] VFS: Disk quotas dquot_6.6.0
[STDOUT  ] 2017-09-08T18:45:55.327914437Z: [    1.559767] VFS: Dquot-cache hash table entries: 512 (order 0, 4096 bytes)
[STDOUT  ] 2017-09-08T18:45:55.327931206Z: [    1.562511] FS-Cache: Loaded
[STDOUT  ] 2017-09-08T18:45:55.327943686Z: [    1.567171] CacheFiles: Loaded
[STDOUT  ] 2017-09-08T18:45:55.327956383Z: [    1.568682] pnp: PnP ACPI init
[STDOUT  ] 2017-09-08T18:45:55.327970314Z: [    1.580034] pnp: PnP ACPI: found 5 devices
[STDOUT  ] 2017-09-08T18:45:55.327982564Z: [    1.639678] clocksource: acpi_pm: mask: 0xffffff max_cycles: 0xffffff, max_idle_ns: 2085701024 ns
[STDOUT  ] 2017-09-08T18:45:55.327995403Z: [    1.645022] NET: Registered protocol family 2
[STDOUT  ] 2017-09-08T18:45:55.328007709Z: [    1.657107] TCP established hash table entries: 8192 (order: 4, 65536 bytes)
[STDOUT  ] 2017-09-08T18:45:55.328020006Z: [    1.658303] TCP bind hash table entries: 8192 (order: 5, 131072 bytes)
[STDOUT  ] 2017-09-08T18:45:55.328032406Z: [    1.659374] TCP: Hash tables configured (established 8192 bind 8192)
[STDOUT  ] 2017-09-08T18:45:55.328044605Z: [    1.661745] UDP hash table entries: 512 (order: 2, 16384 bytes)
[STDOUT  ] 2017-09-08T18:45:55.328062046Z: [    1.662284] UDP-Lite hash table entries: 512 (order: 2, 16384 bytes)
[STDOUT  ] 2017-09-08T18:45:55.328091889Z: [    1.664504] NET: Registered protocol family 1
[STDOUT  ] 2017-09-08T18:45:55.328105731Z: [    1.665405] pci 0000:00:01.0: Video device with shadowed ROM at [mem 0x000c0000-0x000dffff]
[STDOUT  ] 2017-09-08T18:45:55.328118512Z: [    1.673500] Unpacking initramfs...
[STDOUT  ] 2017-09-08T18:45:55.328130758Z: [    6.309043] Freeing initrd memory: 29984K
[STDOUT  ] 2017-09-08T18:45:55.328142919Z: [    6.332586] PCLMULQDQ-NI instructions are not detected.
[STDOUT  ] 2017-09-08T18:45:55.328155073Z: [    6.333653] AVX or AES-NI instructions are not detected.
[STDOUT  ] 2017-09-08T18:45:55.328167357Z: [    6.334044] CPU feature 'AVX registers' is not supported.
[STDOUT  ] 2017-09-08T18:45:55.328179632Z: [    6.334404] CPU feature 'AVX registers' is not supported.
[STDOUT  ] 2017-09-08T18:45:55.328191879Z: [    6.334759] CPU feature 'AVX registers' is not supported.
[STDOUT  ] 2017-09-08T18:45:55.328207552Z: [    6.335110] CPU feature 'AVX registers' is not supported.
[STDOUT  ] 2017-09-08T18:45:55.328219949Z: [    6.335459] AVX2 or AES-NI instructions are not detected.
[STDOUT  ] 2017-09-08T18:45:55.328232543Z: [    6.335807] AVX2 instructions are not detected.
[STDOUT  ] 2017-09-08T18:45:55.328254619Z: [    6.342031] audit: initializing netlink subsys (disabled)
[STDOUT  ] 2017-09-08T18:45:55.328272487Z: [    6.343526] audit: type=2000 audit(1504896316.340:1): initialized
[STDOUT  ] 2017-09-08T18:45:55.328288336Z: [    6.350743] workingset: timestamp_bits=46 max_order=18 bucket_order=0
[STDOUT  ] 2017-09-08T18:45:55.328300671Z: [    6.358931] FS-Cache: Netfs 'cifs' registered for caching
[STDOUT  ] 2017-09-08T18:45:55.328315944Z: [    6.359839] fuse init (API version 7.26)
[STDOUT  ] 2017-09-08T18:45:55.328333669Z: [    6.362659] SGI XFS with ACLs, security attributes, no debug enabled
[STDOUT  ] 2017-09-08T18:45:55.328346114Z: [    6.366260] 9p: Installing v9fs 9p2000 file system support
[STDOUT  ] 2017-09-08T18:45:55.328362923Z: [    6.366694] FS-Cache: Netfs '9p' registered for caching
[STDOUT  ] 2017-09-08T18:45:55.328375698Z: [    6.398737] NET: Registered protocol family 38
[STDOUT  ] 2017-09-08T18:45:55.328387861Z: [    6.399229] Key type asymmetric registered
[STDOUT  ] 2017-09-08T18:45:55.328400061Z: [    6.399547] Asymmetric key parser 'x509' registered
[STDOUT  ] 2017-09-08T18:45:55.328418591Z: [    6.401048] Block layer SCSI generic (bsg) driver version 0.4 loaded (major 251)
[STDOUT  ] 2017-09-08T18:45:55.328440759Z: [    6.402121] io scheduler noop registered
[STDOUT  ] 2017-09-08T18:45:55.328453656Z: [    6.402377] io scheduler deadline registered (default)
[STDOUT  ] 2017-09-08T18:45:55.328465893Z: [    6.402859] io scheduler cfq registered
[STDOUT  ] 2017-09-08T18:45:55.328482815Z: [    6.405220] pci_hotplug: PCI Hot Plug PCI Core version: 0.5
[STDOUT  ] 2017-09-08T18:45:55.328495476Z: [    6.405695] pciehp: PCI Express Hot Plug Controller Driver version: 0.4
[STDOUT  ] 2017-09-08T18:45:55.328507981Z: [    6.406348] shpchp: Standard Hot Plug PCI Controller Driver version: 0.4
[STDOUT  ] 2017-09-08T18:45:55.328520236Z: [    6.407024] hv_vmbus: registering driver hyperv_fb
[STDOUT  ] 2017-09-08T18:45:55.328532743Z: [    6.409928] input: Power Button as /devices/LNXSYSTM:00/LNXPWRBN:00/input/input0
[STDOUT  ] 2017-09-08T18:45:55.328545027Z: [    6.412271] ACPI: Power Button [PWRF]
[STDOUT  ] 2017-09-08T18:45:55.328557457Z: [    6.416716] GHES: HEST is not enabled!
[STDOUT  ] 2017-09-08T18:45:55.328569751Z: [    6.428203] ACPI: PCI Interrupt Link [GSIG] enabled at IRQ 22
[STDOUT  ] 2017-09-08T18:45:55.328585622Z: [    6.440640] ACPI: PCI Interrupt Link [GSIH] enabled at IRQ 23
[STDOUT  ] 2017-09-08T18:45:55.328613533Z: [    6.446791] xenfs: not registering filesystem on non-xen platform
[STDOUT  ] 2017-09-08T18:45:55.328627001Z: [    6.449580] Serial: 8250/16550 driver, 4 ports, IRQ sharing disabled
[STDOUT  ] 2017-09-08T18:45:55.328639459Z: [    6.484687] 00:04: ttyS0 at I/O 0x3f8 (irq = 4, base_baud = 115200) is a 16550A
[STDOUT  ] 2017-09-08T18:45:55.32865196Z: [    6.495091] Non-volatile memory driver v1.3
[STDOUT  ] 2017-09-08T18:45:55.328664365Z: [    6.501054] Hangcheck: starting hangcheck timer 0.9.1 (tick is 180 seconds, margin is 60 seconds).
[STDOUT  ] 2017-09-08T18:45:55.328676772Z: [    6.505946] random: fast init done
[STDOUT  ] 2017-09-08T18:45:55.328689132Z: [    6.507083] random: crng init done
[STDOUT  ] 2017-09-08T18:45:55.328701316Z: [    6.549461] loop: module loaded
[STDOUT  ] 2017-09-08T18:45:55.328713862Z: [    6.563699] nbd: registered device at major 43
[STDOUT  ] 2017-09-08T18:45:55.32872626Z: [    6.605116] lpc_ich 0000:00:1f.0: I/O space for GPIO uninitialized
[STDOUT  ] 2017-09-08T18:45:55.328738682Z: [    6.606620] VMware PVSCSI driver - version 1.0.7.0-k
[STDOUT  ] 2017-09-08T18:45:55.328752563Z: [    6.607233] hv_vmbus: registering driver hv_storvsc
[STDOUT  ] 2017-09-08T18:45:55.328774837Z: [    6.616934] ACPI: PCI Interrupt Link [GSIA] enabled at IRQ 16
[STDOUT  ] 2017-09-08T18:45:55.328796661Z: [    6.623261] ahci 0000:00:1f.2: AHCI 0001.0000 32 slots 6 ports 1.5 Gbps 0x3f impl SATA mode
[STDOUT  ] 2017-09-08T18:45:55.328814818Z: [    6.623834] ahci 0000:00:1f.2: flags: 64bit ncq only 
[STDOUT  ] 2017-09-08T18:45:55.328827296Z: [    6.645672] scsi host0: ahci
[STDOUT  ] 2017-09-08T18:45:55.328840021Z: [    6.649214] scsi host1: ahci
[STDOUT  ] 2017-09-08T18:45:55.328852604Z: [    6.651618] scsi host2: ahci
[STDOUT  ] 2017-09-08T18:45:55.328867558Z: [    6.653733] scsi host3: ahci
[STDOUT  ] 2017-09-08T18:45:55.328879952Z: [    6.655905] scsi host4: ahci
[STDOUT  ] 2017-09-08T18:45:55.328892312Z: [    6.657963] scsi host5: ahci
[STDOUT  ] 2017-09-08T18:45:55.328904898Z: [    6.659689] ata1: SATA max UDMA/133 abar m4096@0xfebd2000 port 0xfebd2100 irq 24
[STDOUT  ] 2017-09-08T18:45:55.328917397Z: [    6.660415] ata2: SATA max UDMA/133 abar m4096@0xfebd2000 port 0xfebd2180 irq 24
[STDOUT  ] 2017-09-08T18:45:55.328938111Z: [    6.660845] ata3: SATA max UDMA/133 abar m4096@0xfebd2000 port 0xfebd2200 irq 24
[STDOUT  ] 2017-09-08T18:45:55.328958052Z: [    6.661271] ata4: SATA max UDMA/133 abar m4096@0xfebd2000 port 0xfebd2280 irq 24
[STDOUT  ] 2017-09-08T18:45:55.328970606Z: [    6.661696] ata5: SATA max UDMA/133 abar m4096@0xfebd2000 port 0xfebd2300 irq 24
[STDOUT  ] 2017-09-08T18:45:55.32898287Z: [    6.662119] ata6: SATA max UDMA/133 abar m4096@0xfebd2000 port 0xfebd2380 irq 24
[STDOUT  ] 2017-09-08T18:45:55.328995287Z: [    6.675133] tun: Universal TUN/TAP device driver, 1.6
[STDOUT  ] 2017-09-08T18:45:55.329007784Z: [    6.675468] tun: (C) 1999-2004 Max Krasnyansky <maxk@qualcomm.com>
[STDOUT  ] 2017-09-08T18:45:55.329020231Z: [    6.685801] VMware vmxnet3 virtual NIC driver - version 1.4.a.0-k-NAPI
[STDOUT  ] 2017-09-08T18:45:55.329037064Z: [    6.686555] hv_vmbus: registering driver hv_netvsc
[STDOUT  ] 2017-09-08T18:45:55.32904957Z: [    6.686865] Fusion MPT base driver 3.04.20
[STDOUT  ] 2017-09-08T18:45:55.32906206Z: [    6.687116] Copyright (c) 1999-2008 LSI Corporation
[STDOUT  ] 2017-09-08T18:45:55.329074546Z: [    6.687617] Fusion MPT SPI Host driver 3.04.20
[STDOUT  ] 2017-09-08T18:45:55.329086866Z: [    6.689504] i8042: PNP: PS/2 Controller [PNP0303:KBD,PNP0f13:MOU] at 0x60,0x64 irq 1,12
[STDOUT  ] 2017-09-08T18:45:55.329109185Z: [    6.693621] serio: i8042 KBD port at 0x60,0x64 irq 1
[STDOUT  ] 2017-09-08T18:45:55.329129328Z: [    6.694164] serio: i8042 AUX port at 0x60,0x64 irq 12
[STDOUT  ] 2017-09-08T18:45:55.329141979Z: [    6.697021] hv_vmbus: registering driver hyperv_keyboard
[STDOUT  ] 2017-09-08T18:45:55.329154373Z: [    6.698976] mousedev: PS/2 mouse device common for all mice
[STDOUT  ] 2017-09-08T18:45:55.329166646Z: [    6.703871] input: AT Translated Set 2 keyboard as /devices/platform/i8042/serio0/input/input1
[STDOUT  ] 2017-09-08T18:45:55.329179804Z: [    6.706478] input: PC Speaker as /devices/platform/pcspkr/input/input2
[STDOUT  ] 2017-09-08T18:45:55.329192348Z: [    6.709722] rtc_cmos 00:00: RTC can wake from S4
[STDOUT  ] 2017-09-08T18:45:55.329209051Z: [    6.713156] rtc_cmos 00:00: rtc core: registered rtc_cmos as rtc0
[STDOUT  ] 2017-09-08T18:45:55.329221323Z: [    6.714217] rtc_cmos 00:00: alarms up to one day, y3k, 114 bytes nvram, hpet irqs
[STDOUT  ] 2017-09-08T18:45:55.32923372Z: [    6.714832] i2c /dev entries driver
[STDOUT  ] 2017-09-08T18:45:55.329248682Z: [    6.716512] device-mapper: ioctl: 4.35.0-ioctl (2016-06-23) initialised: dm-devel@redhat.com
[STDOUT  ] 2017-09-08T18:45:55.329262034Z: [    6.721408] usbcore: registered new interface driver usbhid
[STDOUT  ] 2017-09-08T18:45:55.329284185Z: [    6.721767] usbhid: USB HID core driver
[STDOUT  ] 2017-09-08T18:45:55.329302932Z: [    6.722259] hv_utils: Registering HyperV Utility Driver
[STDOUT  ] 2017-09-08T18:45:55.329315594Z: [    6.722579] hv_vmbus: registering driver hv_util
[STDOUT  ] 2017-09-08T18:45:55.32932779Z: [    6.722853] hv_vmbus: registering driver hv_balloon
[STDOUT  ] 2017-09-08T18:45:55.329340158Z: [    6.723306] oprofile: using NMI interrupt.
[STDOUT  ] 2017-09-08T18:45:55.329356256Z: [    6.724215] GACT probability on
[STDOUT  ] 2017-09-08T18:45:55.329369115Z: [    6.724639] Mirror/redirect action on
[STDOUT  ] 2017-09-08T18:45:55.329386779Z: [    6.725395] Simple TC action Loaded
[STDOUT  ] 2017-09-08T18:45:55.329399107Z: [    6.725876] u32 classifier
[STDOUT  ] 2017-09-08T18:45:55.329416131Z: [    6.726064]     Performance counters on
[STDOUT  ] 2017-09-08T18:45:55.329428373Z: [    6.726301]     input device check on
[STDOUT  ] 2017-09-08T18:45:55.329449761Z: [    6.726529]     Actions configured
[STDOUT  ] 2017-09-08T18:45:55.329471725Z: [    6.727015] Netfilter messages via NETLINK v0.30.
[STDOUT  ] 2017-09-08T18:45:55.329484306Z: [    6.727527] nfnl_acct: registering with nfnetlink.
[STDOUT  ] 2017-09-08T18:45:55.329500995Z: [    6.728720] nf_conntrack version 0.5.0 (8192 buckets, 32768 max)
[STDOUT  ] 2017-09-08T18:45:55.329513502Z: [    6.732601] ctnetlink v0.93: registering with nfnetlink.
[STDOUT  ] 2017-09-08T18:45:55.329525944Z: [    6.735536] nf_tables: (c) 2007-2009 Patrick McHardy <kaber@trash.net>
[STDOUT  ] 2017-09-08T18:45:55.329538565Z: [    6.736288] nf_tables_compat: (c) 2012 Pablo Neira Ayuso <pablo@netfilter.org>
[STDOUT  ] 2017-09-08T18:45:55.329551023Z: [    6.738453] xt_time: kernel timezone is -0000
[STDOUT  ] 2017-09-08T18:45:55.329563536Z: [    6.738930] ip_set: protocol 6
[STDOUT  ] 2017-09-08T18:45:55.329575816Z: [    6.739486] IPVS: Registered protocols (TCP, UDP, SCTP, AH, ESP)
[STDOUT  ] 2017-09-08T18:45:55.329588143Z: [    6.740031] IPVS: Connection hash table configured (size=4096, memory=64Kbytes)
[STDOUT  ] 2017-09-08T18:45:55.329600559Z: [    6.741914] IPVS: Creating netns size=2104 id=0
[STDOUT  ] 2017-09-08T18:45:55.329617569Z: [    6.744383] IPVS: ipvs loaded.
[STDOUT  ] 2017-09-08T18:45:55.32964015Z: [    6.744693] IPVS: [rr] scheduler registered.
[STDOUT  ] 2017-09-08T18:45:55.329653055Z: [    6.744993] IPVS: [wrr] scheduler registered.
[STDOUT  ] 2017-09-08T18:45:55.329665391Z: [    6.745298] IPVS: [lc] scheduler registered.
[STDOUT  ] 2017-09-08T18:45:55.32967767Z: [    6.745567] IPVS: [wlc] scheduler registered.
[STDOUT  ] 2017-09-08T18:45:55.329689771Z: [    6.745827] IPVS: [fo] scheduler registered.
[STDOUT  ] 2017-09-08T18:45:55.329701935Z: [    6.746090] IPVS: [ovf] scheduler registered.
[STDOUT  ] 2017-09-08T18:45:55.329714173Z: [    6.746467] IPVS: [lblc] scheduler registered.
[STDOUT  ] 2017-09-08T18:45:55.329726484Z: [    6.746836] IPVS: [lblcr] scheduler registered.
[STDOUT  ] 2017-09-08T18:45:55.32974011Z: [    6.747135] IPVS: [dh] scheduler registered.
[STDOUT  ] 2017-09-08T18:45:55.329752576Z: [    6.747397] IPVS: [sh] scheduler registered.
[STDOUT  ] 2017-09-08T18:45:55.329764895Z: [    6.747667] IPVS: [sed] scheduler registered.
[STDOUT  ] 2017-09-08T18:45:55.329777137Z: [    6.747937] IPVS: [nq] scheduler registered.
[STDERR  ] 2017-09-08T18:45:55.324584578Z: [    0.790462] NET: Registered protocol family 16
[STDERR  ] 2017-09-08T18:45:55.329867392Z: [    0.799349] cpuidle: using governor ladder
[STDERR  ] 2017-09-08T18:45:55.329874424Z: [    0.799756] cpuidle: using governor menu
[STDERR  ] 2017-09-08T18:45:55.329880796Z: [    0.800823] ACPI: bus type PCI registered
[STDERR  ] 2017-09-08T18:45:55.329887441Z: [    0.803493] PCI: MMCONFIG for domain 0000 [bus 00-ff] at [mem 0xb0000000-0xbfffffff] (base 0xb0000000)
[STDERR  ] 2017-09-08T18:45:55.329894803Z: [    0.804188] PCI: MMCONFIG at [mem 0xb0000000-0xbfffffff] reserved in E820
[STDERR  ] 2017-09-08T18:45:55.329902005Z: [    0.805406] PCI: Using configuration type 1 for base access
[STDERR  ] 2017-09-08T18:45:55.329908518Z: [    0.861760] HugeTLB registered 2 MB page size, pre-allocated 0 pages
[STDERR  ] 2017-09-08T18:45:55.329914779Z: [    0.871871] ACPI: Added _OSI(Module Device)
[STDERR  ] 2017-09-08T18:45:55.329920943Z: [    0.872169] ACPI: Added _OSI(Processor Device)
[STDERR  ] 2017-09-08T18:45:55.329927726Z: [    0.872432] ACPI: Added _OSI(3.0 _SCP Extensions)
[STDERR  ] 2017-09-08T18:45:55.329934155Z: [    0.872705] ACPI: Added _OSI(Processor Aggregator Device)
[STDERR  ] 2017-09-08T18:45:55.329944895Z: [    0.945975] ACPI: Interpreter enabled
[STDERR  ] 2017-09-08T18:45:55.329951201Z: [    0.946717] ACPI: (supports S0 S5)
[STDERR  ] 2017-09-08T18:45:55.32995859Z: [    0.946998] ACPI: Using IOAPIC for interrupt routing
[STDERR  ] 2017-09-08T18:45:55.329969087Z: [    0.948733] PCI: Using host bridge windows from ACPI; if necessary, use "pci=nocrs" and report a bug
[STDERR  ] 2017-09-08T18:45:55.329985875Z: [    1.034630] ACPI: PCI Root Bridge [PCI0] (domain 0000 [bus 00-ff])
[STDERR  ] 2017-09-08T18:45:55.329996212Z: [    1.035717] acpi PNP0A08:00: _OSC: OS supports [ExtendedConfig ASPM ClockPM Segments MSI]
[STDERR  ] 2017-09-08T18:45:55.330004142Z: [    1.044833] acpi PNP0A08:00: _OSC: OS now controls [PCIeHotplug PME PCIeCapability]
[STDERR  ] 2017-09-08T18:45:55.330010643Z: [    1.050769] PCI host bridge to bus 0000:00
[STDERR  ] 2017-09-08T18:45:55.330016957Z: [    1.051295] pci_bus 0000:00: root bus resource [io  0x0000-0x0cf7 window]
[STDERR  ] 2017-09-08T18:45:55.330023315Z: [    1.051773] pci_bus 0000:00: root bus resource [io  0x0d00-0xffff window]
[STDERR  ] 2017-09-08T18:45:55.330029627Z: [    1.052133] pci_bus 0000:00: root bus resource [mem 0x000a0000-0x000bffff window]
[STDERR  ] 2017-09-08T18:45:55.330036095Z: [    1.052468] pci_bus 0000:00: root bus resource [mem 0xc0000000-0xfebfffff window]
[STDERR  ] 2017-09-08T18:45:55.3300423Z: [    1.053005] pci_bus 0000:00: root bus resource [bus 00-ff]
[STDERR  ] 2017-09-08T18:45:55.330048692Z: [    1.172176] pci 0000:00:1f.0: quirk: [io  0x0600-0x067f] claimed by ICH6 ACPI/GPIO/TCO
[STDERR  ] 2017-09-08T18:45:55.330054987Z: [    1.243629] ACPI: PCI Interrupt Link [LNKA] (IRQs 5 *10 11)
[STDERR  ] 2017-09-08T18:45:55.330061302Z: [    1.245573] ACPI: PCI Interrupt Link [LNKB] (IRQs 5 *10 11)
[STDERR  ] 2017-09-08T18:45:55.330067541Z: [    1.247341] ACPI: PCI Interrupt Link [LNKC] (IRQs 5 10 *11)
[STDERR  ] 2017-09-08T18:45:55.33007375Z: [    1.249176] ACPI: PCI Interrupt Link [LNKD] (IRQs 5 10 *11)
[STDERR  ] 2017-09-08T18:45:55.330079929Z: [    1.251162] ACPI: PCI Interrupt Link [LNKE] (IRQs 5 *10 11)
[STDERR  ] 2017-09-08T18:45:55.33008608Z: [    1.252848] ACPI: PCI Interrupt Link [LNKF] (IRQs 5 *10 11)
[STDERR  ] 2017-09-08T18:45:55.330092303Z: [    1.254520] ACPI: PCI Interrupt Link [LNKG] (IRQs 5 10 *11)
[STDERR  ] 2017-09-08T18:45:55.330098492Z: [    1.256296] ACPI: PCI Interrupt Link [LNKH] (IRQs 5 10 *11)
[STDERR  ] 2017-09-08T18:45:55.330104739Z: [    1.257192] ACPI: PCI Interrupt Link [GSIA] (IRQs *16)
[STDERR  ] 2017-09-08T18:45:55.330110887Z: [    1.257802] ACPI: PCI Interrupt Link [GSIB] (IRQs *17)
[STDERR  ] 2017-09-08T18:45:55.33011711Z: [    1.258419] ACPI: PCI Interrupt Link [GSIC] (IRQs *18)
[STDERR  ] 2017-09-08T18:45:55.330123853Z: [    1.259054] ACPI: PCI Interrupt Link [GSID] (IRQs *19)
[STDERR  ] 2017-09-08T18:45:55.330129974Z: [    1.259657] ACPI: PCI Interrupt Link [GSIE] (IRQs *20)
[STDERR  ] 2017-09-08T18:45:55.33013941Z: [    1.260376] ACPI: PCI Interrupt Link [GSIF] (IRQs *21)
[STDERR  ] 2017-09-08T18:45:55.330150528Z: [    1.261010] ACPI: PCI Interrupt Link [GSIG] (IRQs *22)
[STDERR  ] 2017-09-08T18:45:55.330161715Z: [    1.261644] ACPI: PCI Interrupt Link [GSIH] (IRQs *23)
[STDERR  ] 2017-09-08T18:45:55.330168924Z: [    1.265183] ACPI: Enabled 2 GPEs in block 00 to 3F
[STDERR  ] 2017-09-08T18:45:55.330175197Z: [    1.270279] SCSI subsystem initialized
[STDERR  ] 2017-09-08T18:45:55.330181435Z: [    1.272037] ACPI: bus type USB registered
[STDERR  ] 2017-09-08T18:45:55.330187629Z: [    1.273100] usbcore: registered new interface driver usbfs
[STDERR  ] 2017-09-08T18:45:55.330193863Z: [    1.274003] usbcore: registered new interface driver hub
[STDERR  ] 2017-09-08T18:45:55.330200046Z: [    1.274868] usbcore: registered new device driver usb
[STDERR  ] 2017-09-08T18:45:55.330206363Z: [    1.275983] pps_core: LinuxPPS API ver. 1 registered
[STDERR  ] 2017-09-08T18:45:55.330212632Z: [    1.276324] pps_core: Software ver. 5.3.6 - Copyright 2005-2007 Rodolfo Giometti <giometti@linux.it>
[STDERR  ] 2017-09-08T18:45:55.330222286Z: [    1.277019] PTP clock support registered
[STDERR  ] 2017-09-08T18:45:55.330228779Z: [    1.278231] wmi: Mapper loaded
[STDERR  ] 2017-09-08T18:45:55.330235058Z: [    1.279246] PCI: Using ACPI for IRQ routing
[STDERR  ] 2017-09-08T18:45:55.330241227Z: [    1.297489] NetLabel: Initializing
[STDERR  ] 2017-09-08T18:45:55.330247415Z: [    1.297751] NetLabel:  domain hash size = 128
[STDERR  ] 2017-09-08T18:45:55.33025705Z: [    1.298043] NetLabel:  protocols = UNLABELED CIPSOv4
[STDERR  ] 2017-09-08T18:45:55.330263303Z: [    1.299852] NetLabel:  unlabeled traffic allowed by default
[STDERR  ] 2017-09-08T18:45:55.330269585Z: [    1.300525] HPET: 3 timers in total, 0 timers will be used for per-cpu timer
[STDERR  ] 2017-09-08T18:45:55.330275826Z: [    1.301246] hpet0: at MMIO 0xfed00000, IRQs 2, 8, 0
[STDERR  ] 2017-09-08T18:45:55.330282166Z: [    1.301707] hpet0: 3 comparators, 64-bit 100.000000 MHz counter
[STDERR  ] 2017-09-08T18:45:55.330288477Z: [    1.308835] clocksource: Switched to clocksource hpet
[STDERR  ] 2017-09-08T18:45:55.330297978Z: [    1.559143] VFS: Disk quotas dquot_6.6.0
[STDERR  ] 2017-09-08T18:45:55.330305598Z: [    1.559767] VFS: Dquot-cache hash table entries: 512 (order 0, 4096 bytes)
[STDERR  ] 2017-09-08T18:45:55.330316408Z: [    1.562511] FS-Cache: Loaded
[STDERR  ] 2017-09-08T18:45:55.330327588Z: [    1.567171] CacheFiles: Loaded
[STDERR  ] 2017-09-08T18:45:55.330337543Z: [    1.568682] pnp: PnP ACPI init
[STDERR  ] 2017-09-08T18:45:55.330354843Z: [    1.580034] pnp: PnP ACPI: found 5 devices
[STDERR  ] 2017-09-08T18:45:55.330368002Z: [    1.639678] clocksource: acpi_pm: mask: 0xffffff max_cycles: 0xffffff, max_idle_ns: 2085701024 ns
[STDERR  ] 2017-09-08T18:45:55.330379199Z: [    1.645022] NET: Registered protocol family 2
[STDERR  ] 2017-09-08T18:45:55.330389375Z: [    1.657107] TCP established hash table entries: 8192 (order: 4, 65536 bytes)
[STDERR  ] 2017-09-08T18:45:55.330400611Z: [    1.658303] TCP bind hash table entries: 8192 (order: 5, 131072 bytes)
[STDERR  ] 2017-09-08T18:45:55.330409482Z: [    1.659374] TCP: Hash tables configured (established 8192 bind 8192)
[STDERR  ] 2017-09-08T18:45:55.330415929Z: [    1.661745] UDP hash table entries: 512 (order: 2, 16384 bytes)
[STDERR  ] 2017-09-08T18:45:55.330422439Z: [    1.662284] UDP-Lite hash table entries: 512 (order: 2, 16384 bytes)
[STDERR  ] 2017-09-08T18:45:55.330428992Z: [    1.664504] NET: Registered protocol family 1
[STDERR  ] 2017-09-08T18:45:55.330435572Z: [    1.665405] pci 0000:00:01.0: Video device with shadowed ROM at [mem 0x000c0000-0x000dffff]
[STDERR  ] 2017-09-08T18:45:55.330444419Z: [    1.673500] Unpacking initramfs...
[STDERR  ] 2017-09-08T18:45:55.330453212Z: [    6.309043] Freeing initrd memory: 29984K
[STDERR  ] 2017-09-08T18:45:55.330460074Z: [    6.332586] PCLMULQDQ-NI instructions are not detected.
[STDERR  ] 2017-09-08T18:45:55.330466541Z: [    6.333653] AVX or AES-NI instructions are not detected.
[STDERR  ] 2017-09-08T18:45:55.330475404Z: [    6.334044] CPU feature 'AVX registers' is not supported.
[STDERR  ] 2017-09-08T18:45:55.330486468Z: [    6.334404] CPU feature 'AVX registers' is not supported.
[STDERR  ] 2017-09-08T18:45:55.330498201Z: [    6.334759] CPU feature 'AVX registers' is not supported.
[STDERR  ] 2017-09-08T18:45:55.330509638Z: [    6.335110] CPU feature 'AVX registers' is not supported.
[STDERR  ] 2017-09-08T18:45:55.330517029Z: [    6.335459] AVX2 or AES-NI instructions are not detected.
[STDERR  ] 2017-09-08T18:45:55.330523868Z: [    6.335807] AVX2 instructions are not detected.
[STDERR  ] 2017-09-08T18:45:55.330530725Z: [    6.342031] audit: initializing netlink subsys (disabled)
[STDERR  ] 2017-09-08T18:45:55.330538913Z: [    6.343526] audit: type=2000 audit(1504896316.340:1): initialized
[STDERR  ] 2017-09-08T18:45:55.330545649Z: [    6.350743] workingset: timestamp_bits=46 max_order=18 bucket_order=0
[STDERR  ] 2017-09-08T18:45:55.330552226Z: [    6.358931] FS-Cache: Netfs 'cifs' registered for caching
[STDERR  ] 2017-09-08T18:45:55.330563315Z: [    6.359839] fuse init (API version 7.26)
[STDERR  ] 2017-09-08T18:45:55.330570355Z: [    6.362659] SGI XFS with ACLs, security attributes, no debug enabled
[STDERR  ] 2017-09-08T18:45:55.330576863Z: [    6.366260] 9p: Installing v9fs 9p2000 file system support
[STDERR  ] 2017-09-08T18:45:55.330584857Z: [    6.366694] FS-Cache: Netfs '9p' registered for caching
[STDERR  ] 2017-09-08T18:45:55.330591764Z: [    6.398737] NET: Registered protocol family 38
[STDERR  ] 2017-09-08T18:45:55.330601328Z: [    6.399229] Key type asymmetric registered
[STDERR  ] 2017-09-08T18:45:55.330607918Z: [    6.399547] Asymmetric key parser 'x509' registered
[STDERR  ] 2017-09-08T18:45:55.330614721Z: [    6.401048] Block layer SCSI generic (bsg) driver version 0.4 loaded (major 251)
[STDERR  ] 2017-09-08T18:45:55.330621187Z: [    6.402121] io scheduler noop registered
[STDERR  ] 2017-09-08T18:45:55.330628006Z: [    6.402377] io scheduler deadline registered (default)
[STDERR  ] 2017-09-08T18:45:55.330634953Z: [    6.402859] io scheduler cfq registered
[STDERR  ] 2017-09-08T18:45:55.330641345Z: [    6.405220] pci_hotplug: PCI Hot Plug PCI Core version: 0.5
[STDERR  ] 2017-09-08T18:45:55.330647641Z: [    6.405695] pciehp: PCI Express Hot Plug Controller Driver version: 0.4
[STDERR  ] 2017-09-08T18:45:55.330656667Z: [    6.406348] shpchp: Standard Hot Plug PCI Controller Driver version: 0.4
[STDERR  ] 2017-09-08T18:45:55.330667758Z: [    6.407024] hv_vmbus: registering driver hyperv_fb
[STDERR  ] 2017-09-08T18:45:55.33067871Z: [    6.409928] input: Power Button as /devices/LNXSYSTM:00/LNXPWRBN:00/input/input0
[STDERR  ] 2017-09-08T18:45:55.330687907Z: [    6.412271] ACPI: Power Button [PWRF]
[STDERR  ] 2017-09-08T18:45:55.330694364Z: [    6.416716] GHES: HEST is not enabled!
[STDERR  ] 2017-09-08T18:45:55.330700638Z: [    6.428203] ACPI: PCI Interrupt Link [GSIG] enabled at IRQ 22
[STDERR  ] 2017-09-08T18:45:55.330707368Z: [    6.440640] ACPI: PCI Interrupt Link [GSIH] enabled at IRQ 23
[STDERR  ] 2017-09-08T18:45:55.330714137Z: [    6.446791] xenfs: not registering filesystem on non-xen platform
[STDERR  ] 2017-09-08T18:45:55.33072048Z: [    6.449580] Serial: 8250/16550 driver, 4 ports, IRQ sharing disabled
[STDERR  ] 2017-09-08T18:45:55.330726848Z: [    6.484687] 00:04: ttyS0 at I/O 0x3f8 (irq = 4, base_baud = 115200) is a 16550A
[STDERR  ] 2017-09-08T18:45:55.330735824Z: [    6.495091] Non-volatile memory driver v1.3
[STDERR  ] 2017-09-08T18:45:55.330743242Z: [    6.501054] Hangcheck: starting hangcheck timer 0.9.1 (tick is 180 seconds, margin is 60 seconds).
[STDERR  ] 2017-09-08T18:45:55.330749902Z: [    6.505946] random: fast init done
[STDERR  ] 2017-09-08T18:45:55.330756556Z: [    6.507083] random: crng init done
[STDERR  ] 2017-09-08T18:45:55.330762827Z: [    6.549461] loop: module loaded
[STDERR  ] 2017-09-08T18:45:55.330769188Z: [    6.563699] nbd: registered device at major 43
[STDERR  ] 2017-09-08T18:45:55.330775415Z: [    6.605116] lpc_ich 0000:00:1f.0: I/O space for GPIO uninitialized
[STDERR  ] 2017-09-08T18:45:55.3307816Z: [    6.606620] VMware PVSCSI driver - version 1.0.7.0-k
[STDERR  ] 2017-09-08T18:45:55.330790952Z: [    6.607233] hv_vmbus: registering driver hv_storvsc
[STDERR  ] 2017-09-08T18:45:55.330797549Z: [    6.616934] ACPI: PCI Interrupt Link [GSIA] enabled at IRQ 16
[STDERR  ] 2017-09-08T18:45:55.330803853Z: [    6.623261] ahci 0000:00:1f.2: AHCI 0001.0000 32 slots 6 ports 1.5 Gbps 0x3f impl SATA mode
[STDERR  ] 2017-09-08T18:45:55.33081094Z: [    6.623834] ahci 0000:00:1f.2: flags: 64bit ncq only 
[STDERR  ] 2017-09-08T18:45:55.330817539Z: [    6.645672] scsi host0: ahci
[STDERR  ] 2017-09-08T18:45:55.330825233Z: [    6.649214] scsi host1: ahci
[STDERR  ] 2017-09-08T18:45:55.330836022Z: [    6.651618] scsi host2: ahci
[STDERR  ] 2017-09-08T18:45:55.33084701Z: [    6.653733] scsi host3: ahci
[STDERR  ] 2017-09-08T18:45:55.330856874Z: [    6.655905] scsi host4: ahci
[STDERR  ] 2017-09-08T18:45:55.330863188Z: [    6.657963] scsi host5: ahci
[STDERR  ] 2017-09-08T18:45:55.330869731Z: [    6.659689] ata1: SATA max UDMA/133 abar m4096@0xfebd2000 port 0xfebd2100 irq 24
[STDERR  ] 2017-09-08T18:45:55.330879707Z: [    6.660415] ata2: SATA max UDMA/133 abar m4096@0xfebd2000 port 0xfebd2180 irq 24
[STDERR  ] 2017-09-08T18:45:55.330888208Z: [    6.660845] ata3: SATA max UDMA/133 abar m4096@0xfebd2000 port 0xfebd2200 irq 24
[STDERR  ] 2017-09-08T18:45:55.330894818Z: [    6.661271] ata4: SATA max UDMA/133 abar m4096@0xfebd2000 port 0xfebd2280 irq 24
[STDERR  ] 2017-09-08T18:45:55.330904221Z: [    6.661696] ata5: SATA max UDMA/133 abar m4096@0xfebd2000 port 0xfebd2300 irq 24
[STDERR  ] 2017-09-08T18:45:55.330913386Z: [    6.662119] ata6: SATA max UDMA/133 abar m4096@0xfebd2000 port 0xfebd2380 irq 24
[STDERR  ] 2017-09-08T18:45:55.330920336Z: [    6.675133] tun: Universal TUN/TAP device driver, 1.6
[STDERR  ] 2017-09-08T18:45:55.330927868Z: [    6.675468] tun: (C) 1999-2004 Max Krasnyansky <maxk@qualcomm.com>
[STDERR  ] 2017-09-08T18:45:55.330934757Z: [    6.685801] VMware vmxnet3 virtual NIC driver - version 1.4.a.0-k-NAPI
[STDERR  ] 2017-09-08T18:45:55.330941491Z: [    6.686555] hv_vmbus: registering driver hv_netvsc
[STDERR  ] 2017-09-08T18:45:55.330947904Z: [    6.686865] Fusion MPT base driver 3.04.20
[STDERR  ] 2017-09-08T18:45:55.330954126Z: [    6.687116] Copyright (c) 1999-2008 LSI Corporation
[STDERR  ] 2017-09-08T18:45:55.330960517Z: [    6.687617] Fusion MPT SPI Host driver 3.04.20
[STDERR  ] 2017-09-08T18:45:55.330966908Z: [    6.689504] i8042: PNP: PS/2 Controller [PNP0303:KBD,PNP0f13:MOU] at 0x60,0x64 irq 1,12
[STDERR  ] 2017-09-08T18:45:55.330973895Z: [    6.693621] serio: i8042 KBD port at 0x60,0x64 irq 1
[STDERR  ] 2017-09-08T18:45:55.330980623Z: [    6.694164] serio: i8042 AUX port at 0x60,0x64 irq 12
[STDERR  ] 2017-09-08T18:45:55.330987106Z: [    6.697021] hv_vmbus: registering driver hyperv_keyboard
[STDERR  ] 2017-09-08T18:45:55.330996594Z: [    6.698976] mousedev: PS/2 mouse device common for all mice
[STDERR  ] 2017-09-08T18:45:55.331008143Z: [    6.703871] input: AT Translated Set 2 keyboard as /devices/platform/i8042/serio0/input/input1
[STDERR  ] 2017-09-08T18:45:55.3310201Z: [    6.706478] input: PC Speaker as /devices/platform/pcspkr/input/input2
[STDERR  ] 2017-09-08T18:45:55.331030418Z: [    6.709722] rtc_cmos 00:00: RTC can wake from S4
[STDERR  ] 2017-09-08T18:45:55.331036818Z: [    6.713156] rtc_cmos 00:00: rtc core: registered rtc_cmos as rtc0
[STDERR  ] 2017-09-08T18:45:55.331043511Z: [    6.714217] rtc_cmos 00:00: alarms up to one day, y3k, 114 bytes nvram, hpet irqs
[STDERR  ] 2017-09-08T18:45:55.331050331Z: [    6.714832] i2c /dev entries driver
[STDERR  ] 2017-09-08T18:45:55.331056887Z: [    6.716512] device-mapper: ioctl: 4.35.0-ioctl (2016-06-23) initialised: dm-devel@redhat.com
[STDERR  ] 2017-09-08T18:45:55.331063988Z: [    6.721408] usbcore: registered new interface driver usbhid
[STDERR  ] 2017-09-08T18:45:55.33107072Z: [    6.721767] usbhid: USB HID core driver
[STDERR  ] 2017-09-08T18:45:55.331080111Z: [    6.722259] hv_utils: Registering HyperV Utility Driver
[STDERR  ] 2017-09-08T18:45:55.331086734Z: [    6.722579] hv_vmbus: registering driver hv_util
[STDERR  ] 2017-09-08T18:45:55.331093625Z: [    6.722853] hv_vmbus: registering driver hv_balloon
[STDERR  ] 2017-09-08T18:45:55.331101086Z: [    6.723306] oprofile: using NMI interrupt.
[STDERR  ] 2017-09-08T18:45:55.331107773Z: [    6.724215] GACT probability on
[STDERR  ] 2017-09-08T18:45:55.331114197Z: [    6.724639] Mirror/redirect action on
[STDERR  ] 2017-09-08T18:45:55.331122589Z: [    6.725395] Simple TC action Loaded
[STDERR  ] 2017-09-08T18:45:55.331129679Z: [    6.725876] u32 classifier
[STDERR  ] 2017-09-08T18:45:55.331136089Z: [    6.726064]     Performance counters on
[STDERR  ] 2017-09-08T18:45:55.331143188Z: [    6.726301]     input device check on
[STDERR  ] 2017-09-08T18:45:55.331149598Z: [    6.726529]     Actions configured
[STDERR  ] 2017-09-08T18:45:55.331155777Z: [    6.727015] Netfilter messages via NETLINK v0.30.
[STDERR  ] 2017-09-08T18:45:55.331162099Z: [    6.727527] nfnl_acct: registering with nfnetlink.
[STDERR  ] 2017-09-08T18:45:55.331176084Z: [    6.728720] nf_conntrack version 0.5.0 (8192 buckets, 32768 max)
[STDERR  ] 2017-09-08T18:45:55.331188737Z: [    6.732601] ctnetlink v0.93: registering with nfnetlink.
[STDERR  ] 2017-09-08T18:45:55.331199753Z: [    6.735536] nf_tables: (c) 2007-2009 Patrick McHardy <kaber@trash.net>
[STDERR  ] 2017-09-08T18:45:55.331206523Z: [    6.736288] nf_tables_compat: (c) 2012 Pablo Neira Ayuso <pablo@netfilter.org>
[STDERR  ] 2017-09-08T18:45:55.331216812Z: [    6.738453] xt_time: kernel timezone is -0000
[STDERR  ] 2017-09-08T18:45:55.331223264Z: [    6.738930] ip_set: protocol 6
[STDERR  ] 2017-09-08T18:45:55.33122978Z: [    6.739486] IPVS: Registered protocols (TCP, UDP, SCTP, AH, ESP)
[STDERR  ] 2017-09-08T18:45:55.331239191Z: [    6.740031] IPVS: Connection hash table configured (size=4096, memory=64Kbytes)
[STDERR  ] 2017-09-08T18:45:55.331252006Z: [    6.741914] IPVS: Creating netns size=2104 id=0
[STDERR  ] 2017-09-08T18:45:55.331259646Z: [    6.744383] IPVS: ipvs loaded.
[STDERR  ] 2017-09-08T18:45:55.331266881Z: [    6.744693] IPVS: [rr] scheduler registered.
[STDERR  ] 2017-09-08T18:45:55.331273713Z: [    6.744993] IPVS: [wrr] scheduler registered.
[STDERR  ] 2017-09-08T18:45:55.331280513Z: [    6.745298] IPVS: [lc] scheduler registered.
[STDERR  ] 2017-09-08T18:45:55.331286961Z: [    6.745567] IPVS: [wlc] scheduler registered.
[STDERR  ] 2017-09-08T18:45:55.331293454Z: [    6.745827] IPVS: [fo] scheduler registered.
[STDERR  ] 2017-09-08T18:45:55.331299902Z: [    6.746090] IPVS: [ovf] scheduler registered.
[STDERR  ] 2017-09-08T18:45:55.331306242Z: [    6.746467] IPVS: [lblc] scheduler registered.
[STDERR  ] 2017-09-08T18:45:55.331312513Z: [    6.746836] IPVS: [lblcr] scheduler registered.
[STDERR  ] 2017-09-08T18:45:55.331319894Z: [    6.747135] IPVS: [dh] scheduler registered.
[STDERR  ] 2017-09-08T18:45:55.331326325Z: [    6.747397] IPVS: [sh] scheduler registered.
[STDERR  ] 2017-09-08T18:45:55.331332561Z: [    6.747667] IPVS: [sed] scheduler registered.
[STDERR  ] 2017-09-08T18:45:55.331344279Z: [    6.747937] IPVS: [nq] scheduler registered.
[STDERR  ] 2017-09-08T18:45:55.331356404Z: [    6.748565] IPVS: ftp: loaded support on port[0] = 21
[STDERR  ] 2017-09-08T18:45:55.331368133Z: [    6.749452] ipip: IPv4 and MPLS over IPv4 tunneling driver
[STDERR  ] 2017-09-08T18:45:55.331375424Z: [    6.753826] gre: GRE over IPv4 demultiplexor driver
[STDERR  ] 2017-09-08T18:45:55.331382392Z: [    6.756353] ip_tables: (C) 2000-2006 Netfilter Core Team
[STDERR  ] 2017-09-08T18:45:55.331388705Z: [    6.759659] ipt_CLUSTERIP: ClusterIP Version 0.8 loaded successfully
[STDERR  ] 2017-09-08T18:45:55.331395606Z: [    6.760668] arp_tables: arp_tables: (C) 2002 David S. Miller
[STDERR  ] 2017-09-08T18:45:55.331401893Z: [    6.762831] NET: Registered protocol family 10
[STDERR  ] 2017-09-08T18:45:55.331408662Z: [    6.772014] ip6_tables: (C) 2000-2006 Netfilter Core Team
[STDERR  ] 2017-09-08T18:45:55.331415001Z: [    6.779719] NET: Registered protocol family 17
[STDERR  ] 2017-09-08T18:45:55.331424387Z: [    6.781116] Bridge firewalling registered
[STDERR  ] 2017-09-08T18:45:55.331430995Z: [    6.781574] Ebtables v2.0 registered
[STDERR  ] 2017-09-08T18:45:55.331437992Z: [    6.783356] 8021q: 802.1Q VLAN Support v1.8
[STDERR  ] 2017-09-08T18:45:55.331445125Z: [    6.784686] 9pnet: Installing 9P2000 support
[STDERR  ] 2017-09-08T18:45:55.33145149Z: [    6.785991] Key type dns_resolver registered
[STDERR  ] 2017-09-08T18:45:55.331457752Z: [    6.786779] microcode: AMD CPU family 0x6 not supported
[STDERR  ] 2017-09-08T18:45:55.331464022Z: [    6.790559] registered taskstats version 1
[STDERR  ] 2017-09-08T18:45:55.331470308Z: [    6.956659] Key type big_key registered
[STDERR  ] 2017-09-08T18:45:55.331477877Z: [    6.992941] ata2: SATA link up 1.5 Gbps (SStatus 113 SControl 300)
[STDERR  ] 2017-09-08T18:45:55.33148504Z: [    6.999106] ata2.00: ATA-7: QEMU HARDDISK, 2.5+, max UDMA/100
[STDERR  ] 2017-09-08T18:45:55.331491349Z: [    6.999731] ata2.00: 1048576 sectors, multi 16: LBA48 NCQ (depth 31/32)
[STDERR  ] 2017-09-08T18:45:55.331503207Z: [    7.001052] ata2.00: applying bridge limits
[STDERR  ] 2017-09-08T18:45:55.331511658Z: [    7.002866] ata1: SATA link up 1.5 Gbps (SStatus 113 SControl 300)
[STDERR  ] 2017-09-08T18:45:55.331526711Z: [    7.003691] ata1.00: ATA-7: QEMU HARDDISK, 2.5+, max UDMA/100
[STDERR  ] 2017-09-08T18:45:55.331540193Z: [    7.004270] ata1.00: 1048576 sectors, multi 16: LBA48 NCQ (depth 31/32)
[STDERR  ] 2017-09-08T18:45:55.331551581Z: [    7.004922] ata1.00: applying bridge limits
[STDERR  ] 2017-09-08T18:45:55.331558663Z: [    7.006253] ata1.00: configured for UDMA/100
[STDERR  ] 2017-09-08T18:45:55.331565557Z: [    7.010547] ata6: SATA link down (SStatus 0 SControl 300)
[STDERR  ] 2017-09-08T18:45:55.331572486Z: [    7.011392] ata5: SATA link down (SStatus 0 SControl 300)
[STDERR  ] 2017-09-08T18:45:55.33157946Z: [    7.012093] ata4: SATA link down (SStatus 0 SControl 300)
[STDERR  ] 2017-09-08T18:45:55.33158583Z: [    7.012815] ata3: SATA link up 1.5 Gbps (SStatus 113 SControl 300)
[STDERR  ] 2017-09-08T18:45:55.331592373Z: [    7.013893] ata3.00: ATAPI: QEMU DVD-ROM, 2.5+, max UDMA/100
[STDERR  ] 2017-09-08T18:45:55.331598707Z: [    7.014533] ata3.00: applying bridge limits
[STDERR  ] 2017-09-08T18:45:55.331605002Z: [    7.015306] ata3.00: configured for UDMA/100
[STDERR  ] 2017-09-08T18:45:55.331611282Z: [    7.041011] ata2.00: configured for UDMA/100
[STDERR  ] 2017-09-08T18:45:55.33161774Z: [    7.046379] scsi 0:0:0:0: Direct-Access     ATA      QEMU HARDDISK    2.5+ PQ: 0 ANSI: 5
[STDERR  ] 2017-09-08T18:45:55.331624885Z: [    7.065816] sd 0:0:0:0: Attached scsi generic sg0 type 0
[STDERR  ] 2017-09-08T18:45:55.331631255Z: [    7.068893] sd 0:0:0:0: [sda] 1048576 512-byte logical blocks: (537 MB/512 MiB)
[STDERR  ] 2017-09-08T18:45:55.331637575Z: [    7.073551] sd 0:0:0:0: [sda] Write Protect is off
[STDERR  ] 2017-09-08T18:45:55.331644016Z: [    7.075134] scsi 1:0:0:0: Direct-Access     ATA      QEMU HARDDISK    2.5+ PQ: 0 ANSI: 5
[STDERR  ] 2017-09-08T18:45:55.331650791Z: [    7.078563] sd 1:0:0:0: [sdb] 1048576 512-byte logical blocks: (537 MB/512 MiB)
[STDERR  ] 2017-09-08T18:45:55.331657067Z: [    7.080481] sd 0:0:0:0: [sda] Write cache: enabled, read cache: enabled, doesn't support DPO or FUA
[STDERR  ] 2017-09-08T18:45:55.331663426Z: [    7.083140] sd 1:0:0:0: [sdb] Write Protect is off
[STDERR  ] 2017-09-08T18:45:55.331669748Z: [    7.086245] sd 1:0:0:0: Attached scsi generic sg1 type 0
[STDERR  ] 2017-09-08T18:45:55.331678482Z: [    7.087240] sd 1:0:0:0: [sdb] Write cache: enabled, read cache: enabled, doesn't support DPO or FUA
[STDERR  ] 2017-09-08T18:45:55.331688156Z: [    7.103760] scsi 2:0:0:0: CD-ROM            QEMU     QEMU DVD-ROM     2.5+ PQ: 0 ANSI: 5
[STDERR  ] 2017-09-08T18:45:55.331700594Z: [    7.122650] sr 2:0:0:0: [sr0] scsi3-mmc drive: 4x/4x cd/rw xa/form2 tray
[STDERR  ] 2017-09-08T18:45:55.331714675Z: [    7.123247] cdrom: Uniform CD-ROM driver Revision: 3.20
[STDERR  ] 2017-09-08T18:45:55.331721717Z: [    7.134976] sd 0:0:0:0: [sda] Attached SCSI disk
[STDERR  ] 2017-09-08T18:45:55.33172909Z: [    7.135567] sr 2:0:0:0: Attached scsi generic sg2 type 5
[STDERR  ] 2017-09-08T18:45:55.331736998Z: [    7.145382] sd 1:0:0:0: [sdb] Attached SCSI disk
[STDERR  ] 2017-09-08T18:45:55.331745015Z: [    7.146768] Key type encrypted registered
[STDERR  ] 2017-09-08T18:45:55.331752089Z: [    7.150973] rtc_cmos 00:00: setting system clock to 2017-09-08 18:45:17 UTC (1504896317)
[STDERR  ] 2017-09-08T18:45:55.331758785Z: [    7.300921] Freeing unused kernel memory: 1380K
[STDERR  ] 2017-09-08T18:45:55.331766975Z: [    7.301232] Write protecting the kernel read-only data: 12288k
[STDERR  ] 2017-09-08T18:45:55.331774028Z: [    7.307016] Freeing unused kernel memory: 144K
[STDERR  ] 2017-09-08T18:45:55.331780735Z: [    7.424769] Freeing unused kernel memory: 1400K
[STDERR  ] 2017-09-08T18:45:55.331787138Z: [    7.425501] tsc: Refined TSC clocksource calibration: 2300.044 MHz
[STDERR  ] 2017-09-08T18:45:55.331794505Z: [    7.425930] clocksource: tsc: mask: 0xffffffffffffffff max_cycles: 0x21275eba45d, max_idle_ns: 440795229041 ns
[STDERR  ] 2017-09-08T18:45:55.331804574Z: [    8.441086] clocksource: Switched to clocksource tsc
[STDERR  ] 2017-09-08T18:45:55.331811414Z: 
[STDERR  ] 2017-09-08T18:45:55.331818024Z: Welcome to LinuxKit
[STDERR  ] 2017-09-08T18:45:55.331824699Z: 
[STDERR  ] 2017-09-08T18:45:55.331831042Z:                         ##         .
[STDERR  ] 2017-09-08T18:45:55.331840034Z:                   ## ## ##        ==
[STDERR  ] 2017-09-08T18:45:55.3318467Z:                ## ## ## ## ##    ===
[STDERR  ] 2017-09-08T18:45:55.331854698Z:            /"""""""""""""""""\___/ ===
[STDERR  ] 2017-09-08T18:45:55.331865579Z:           {                       /  ===-
[STDERR  ] 2017-09-08T18:45:55.331876977Z:            \______ O           __/
[STDERR  ] 2017-09-08T18:45:55.331886723Z:              \    \         __/
[STDERR  ] 2017-09-08T18:45:55.331893225Z:               \____\_______/
[STDERR  ] 2017-09-08T18:45:55.331901164Z: 
[STDERR  ] 2017-09-08T18:45:55.331907664Z: [   17.333711] IPVS: Creating netns size=2104 id=1
[STDERR  ] 2017-09-08T18:45:55.331914929Z: [   17.334180] IPVS: ftp: loaded support on port[0] = 21
[STDERR  ] 2017-09-08T18:45:55.331925699Z: 2017/09/08 18:45:29 Creating partition on /dev/sda
[STDERR  ] 2017-09-08T18:45:55.331933211Z: [   19.068484]  sda:
[STDERR  ] 2017-09-08T18:45:55.331940069Z: [   19.140035]  sda:
[STDERR  ] 2017-09-08T18:45:55.331947023Z: [   19.164670]  sda: sda1
[STDERR  ] 2017-09-08T18:45:55.331953785Z: [   19.230629]  sda: sda1
[STDERR  ] 2017-09-08T18:45:55.33196029Z: 2017/09/08 18:45:31 Partition /dev/sda1 successfully created!
[STDERR  ] 2017-09-08T18:45:55.331967315Z: [   21.846732] IPVS: Creating netns size=2104 id=2
[STDERR  ] 2017-09-08T18:45:55.331973956Z: [   21.847168] IPVS: ftp: loaded support on port[0] = 21
[STDERR  ] 2017-09-08T18:45:55.331980342Z: 2017/09/08 18:45:33 Partition table found on device /dev/sda. Skipping.
[STDERR  ] 2017-09-08T18:45:55.331989496Z: 2017/09/08 18:45:33 Creating partition on /dev/sdb
[STDERR  ] 2017-09-08T18:45:55.331996437Z: [   23.592613]  sdb:
[STDERR  ] 2017-09-08T18:45:55.332002799Z: [   23.648833]  sdb:
[STDERR  ] 2017-09-08T18:45:55.332009334Z: [   23.674220]  sdb: sdb1
[STDERR  ] 2017-09-08T18:45:55.332015956Z: [   23.741600]  sdb: sdb1
[STDERR  ] 2017-09-08T18:45:55.332022795Z: 2017/09/08 18:45:36 Partition /dev/sdb1 successfully created!
[STDERR  ] 2017-09-08T18:45:55.332035238Z: [   26.251635] IPVS: Creating netns size=2104 id=3
[STDERR  ] 2017-09-08T18:45:55.332047059Z: [   26.252064] IPVS: ftp: loaded support on port[0] = 21
[STDERR  ] 2017-09-08T18:45:55.332057439Z: [   28.147716] EXT4-fs (sda1): couldn't mount as ext3 due to feature incompatibilities
[STDERR  ] 2017-09-08T18:45:55.332064296Z: [   28.154155] EXT4-fs (sda1): couldn't mount as ext2 due to feature incompatibilities
[STDERR  ] 2017-09-08T18:45:55.332072118Z: [   28.177648] EXT4-fs (sda1): mounted filesystem with ordered data mode. Opts: (null)
[STDERR  ] 2017-09-08T18:45:55.332078719Z: [   28.589564] IPVS: Creating netns size=2104 id=4
[STDERR  ] 2017-09-08T18:45:55.332085859Z: [   28.590019] IPVS: ftp: loaded support on port[0] = 21
[STDERR  ] 2017-09-08T18:45:55.332092896Z: [   30.484629] EXT4-fs (sdb1): couldn't mount as ext3 due to feature incompatibilities
[STDERR  ] 2017-09-08T18:45:55.332099634Z: [   30.489999] EXT4-fs (sdb1): couldn't mount as ext2 due to feature incompatibilities
[STDERR  ] 2017-09-08T18:45:55.332107034Z: [   30.503940] EXT4-fs (sdb1): mounted filesystem with ordered data mode. Opts: (null)
[STDERR  ] 2017-09-08T18:45:55.33211418Z: format_mount test suite PASSED
[STDERR  ] 2017-09-08T18:45:55.332121558Z: [   43.988291] sd 1:0:0:0: [sdb] Synchronizing SCSI cache
[STDERR  ] 2017-09-08T18:45:55.332128611Z: [   43.989092] sd 1:0:0:0: [sdb] Stopping disk
[STDERR  ] 2017-09-08T18:45:55.332135098Z: [   43.989775] sd 0:0:0:0: [sda] Synchronizing SCSI cache
[STDERR  ] 2017-09-08T18:45:55.332141618Z: [   43.991053] sd 0:0:0:0: [sda] Stopping disk
[STDERR  ] 2017-09-08T18:45:55.332148493Z: [   43.993848] ACPI: Preparing to enter system sleep state S5
[STDERR  ] 2017-09-08T18:45:55.332158285Z: [   43.994938] reboot: Power down
[STDERR  ] 2017-09-08T18:45:55.332164976Z: + echo [    0.000000] Linux version 4.9.47-linuxkit (root@e1ede117fb1e) (gcc version 6.3.0 (Alpine 6.3.0) ) #1 SMP Mon Sep 4 16:11:11 UTC 2017
[STDERR  ] 2017-09-08T18:45:55.332172482Z: [    0.000000] Command line: console=ttyS0
[STDERR  ] 2017-09-08T18:45:55.332181685Z: [    0.000000] x86/fpu: Legacy x87 FPU detected.
[STDERR  ] 2017-09-08T18:45:55.332190454Z: [    0.000000] x86/fpu: Using 'eager' FPU context switches.
[STDERR  ] 2017-09-08T18:45:55.332199123Z: [    0.000000] e820: BIOS-provided physical RAM map:
[STDERR  ] 2017-09-08T18:45:55.33221053Z: [    0.000000] BIOS-e820: [mem 0x0000000000000000-0x000000000009fbff] usable
[STDERR  ] 2017-09-08T18:45:55.33222264Z: [    0.000000] BIOS-e820: [mem 0x000000000009fc00-0x000000000009ffff] reserved
[STDERR  ] 2017-09-08T18:45:55.332232317Z: [    0.000000] BIOS-e820: [mem 0x00000000000f0000-0x00000000000fffff] reserved
[STDERR  ] 2017-09-08T18:45:55.332239278Z: [    0.000000] BIOS-e820: [mem 0x0000000000100000-0x000000003ffddfff] usable
[STDERR  ] 2017-09-08T18:45:55.332246493Z: [    0.000000] BIOS-e820: [mem 0x000000003ffde000-0x000000003fffffff] reserved
[STDERR  ] 2017-09-08T18:45:55.332253003Z: [    0.000000] BIOS-e820: [mem 0x00000000b0000000-0x00000000bfffffff] reserved
[STDERR  ] 2017-09-08T18:45:55.332261465Z: [    0.000000] BIOS-e820: [mem 0x00000000fed1c000-0x00000000fed1ffff] reserved
[STDERR  ] 2017-09-08T18:45:55.332269867Z: [    0.000000] BIOS-e820: [mem 0x00000000fffc0000-0x00000000ffffffff] reserved
[STDERR  ] 2017-09-08T18:45:55.332276309Z: [    0.000000] NX (Execute Disable) protection: active
[STDERR  ] 2017-09-08T18:45:55.332283247Z: [    0.000000] SMBIOS 2.8 present.
[STDERR  ] 2017-09-08T18:45:55.332290171Z: [    0.000000] e820: last_pfn = 0x3ffde max_arch_pfn = 0x400000000
[STDERR  ] 2017-09-08T18:45:55.332297227Z: [    0.000000] x86/PAT: Configuration [0-7]: WB  WC  UC- UC  WB  WC  UC- WT  
[STDERR  ] 2017-09-08T18:45:55.332303867Z: [    0.000000] found SMP MP-table at [mem 0x000f6aa0-0x000f6aaf] mapped at [ffff9e23400f6aa0]
[STDERR  ] 2017-09-08T18:45:55.332310744Z: [    0.000000] RAMDISK: [mem 0x3e288000-0x3ffcffff]
[STDERR  ] 2017-09-08T18:45:55.332319594Z: [    0.000000] ACPI: Early table checksum verification disabled
[STDERR  ] 2017-09-08T18:45:55.332326652Z: [    0.000000] ACPI: RSDP 0x00000000000F68C0 000014 (v00 BOCHS )
[STDERR  ] 2017-09-08T18:45:55.332335149Z: [    0.000000] ACPI: RSDT 0x000000003FFE2404 000034 (v01 BOCHS  BXPCRSDT 00000001 BXPC 00000001)
[STDERR  ] 2017-09-08T18:45:55.332342196Z: [    0.000000] ACPI: FACP 0x000000003FFE22A4 000074 (v01 BOCHS  BXPCFACP 00000001 BXPC 00000001)
[STDERR  ] 2017-09-08T18:45:55.332348828Z: [    0.000000] ACPI: DSDT 0x000000003FFE0040 002264 (v01 BOCHS  BXPCDSDT 00000001 BXPC 00000001)
[STDERR  ] 2017-09-08T18:45:55.33235558Z: [    0.000000] ACPI: FACS 0x000000003FFE0000 000040
[STDERR  ] 2017-09-08T18:45:55.332362467Z: [    0.000000] ACPI: APIC 0x000000003FFE2318 000078 (v01 BOCHS  BXPCAPIC 00000001 BXPC 00000001)
[STDERR  ] 2017-09-08T18:45:55.332371304Z: [    0.000000] ACPI: HPET 0x000000003FFE2390 000038 (v01 BOCHS  BXPCHPET 00000001 BXPC 00000001)
[STDERR  ] 2017-09-08T18:45:55.332386943Z: [    0.000000] ACPI: MCFG 0x000000003FFE23C8 00003C (v01 BOCHS  BXPCMCFG 00000001 BXPC 00000001)
[STDERR  ] 2017-09-08T18:45:55.332398506Z: [    0.000000] Zone ranges:
[STDERR  ] 2017-09-08T18:45:55.332405228Z: [    0.000000]   DMA      [mem 0x0000000000001000-0x0000000000ffffff]
[STDERR  ] 2017-09-08T18:45:55.332412603Z: [    0.000000]   DMA32    [mem 0x0000000001000000-0x000000003ffddfff]
[STDERR  ] 2017-09-08T18:45:55.332419435Z: [    0.000000]   Normal   empty
[STDERR  ] 2017-09-08T18:45:55.332426395Z: [    0.000000] Movable zone start for each node
[STDERR  ] 2017-09-08T18:45:55.332435375Z: [    0.000000] Early memory node ranges
[STDERR  ] 2017-09-08T18:45:55.332442399Z: [    0.000000]   node   0: [mem 0x0000000000001000-0x000000000009efff]
[STDERR  ] 2017-09-08T18:45:55.332452215Z: [    0.000000]   node   0: [mem 0x0000000000100000-0x000000003ffddfff]
[STDERR  ] 2017-09-08T18:45:55.332459547Z: [    0.000000] Initmem setup node 0 [mem 0x0000000000001000-0x000000003ffddfff]
[STDERR  ] 2017-09-08T18:45:55.332468182Z: [    0.000000] ACPI: PM-Timer IO Port: 0x608
[STDERR  ] 2017-09-08T18:45:55.33247488Z: [    0.000000] ACPI: LAPIC_NMI (acpi_id[0xff] dfl dfl lint[0x1])
[STDERR  ] 2017-09-08T18:45:55.332486388Z: [    0.000000] IOAPIC[0]: apic_id 0, version 32, address 0xfec00000, GSI 0-23
[STDERR  ] 2017-09-08T18:45:55.332493585Z: [    0.000000] ACPI: INT_SRC_OVR (bus 0 bus_irq 0 global_irq 2 dfl dfl)
[STDERR  ] 2017-09-08T18:45:55.332500402Z: [    0.000000] ACPI: INT_SRC_OVR (bus 0 bus_irq 5 global_irq 5 high level)
[STDERR  ] 2017-09-08T18:45:55.332507022Z: [    0.000000] ACPI: INT_SRC_OVR (bus 0 bus_irq 9 global_irq 9 high level)
[STDERR  ] 2017-09-08T18:45:55.332513675Z: [    0.000000] ACPI: INT_SRC_OVR (bus 0 bus_irq 10 global_irq 10 high level)
[STDERR  ] 2017-09-08T18:45:55.332520183Z: [    0.000000] ACPI: INT_SRC_OVR (bus 0 bus_irq 11 global_irq 11 high level)
[STDERR  ] 2017-09-08T18:45:55.332528115Z: [    0.000000] Using ACPI (MADT) for SMP configuration information
[STDERR  ] 2017-09-08T18:45:55.332534693Z: [    0.000000] ACPI: HPET id: 0x8086a201 base: 0xfed00000
[STDERR  ] 2017-09-08T18:45:55.332543333Z: [    0.000000] smpboot: Allowing 1 CPUs, 0 hotplug CPUs
[STDERR  ] 2017-09-08T18:45:55.332553995Z: [    0.000000] e820: [mem 0x40000000-0xafffffff] available for PCI devices
[STDERR  ] 2017-09-08T18:45:55.332565166Z: [    0.000000] Booting paravirtualized kernel on bare hardware
[STDERR  ] 2017-09-08T18:45:55.332576837Z: [    0.000000] clocksource: refined-jiffies: mask: 0xffffffff max_cycles: 0xffffffff, max_idle_ns: 19112604462750000 ns
[STDERR  ] 2017-09-08T18:45:55.332586235Z: [    0.000000] setup_percpu: NR_CPUS:128 nr_cpumask_bits:128 nr_cpu_ids:1 nr_node_ids:1
[STDERR  ] 2017-09-08T18:45:55.332593937Z: [    0.000000] percpu: Embedded 35 pages/cpu @ffff9e237e000000 s105240 r8192 d29928 u2097152
[STDERR  ] 2017-09-08T18:45:55.332601236Z: [    0.000000] Built 1 zonelists in Zone order, mobility grouping on.  Total pages: 257895
[STDERR  ] 2017-09-08T18:45:55.332607613Z: [    0.000000] Kernel command line: console=ttyS0
[STDERR  ] 2017-09-08T18:45:55.332614508Z: [    0.000000] PID hash table entries: 4096 (order: 3, 32768 bytes)
[STDERR  ] 2017-09-08T18:45:55.332622086Z: [    0.000000] Dentry cache hash table entries: 131072 (order: 8, 1048576 bytes)
[STDERR  ] 2017-09-08T18:45:55.332629132Z: [    0.000000] Inode-cache hash table entries: 65536 (order: 7, 524288 bytes)
[STDERR  ] 2017-09-08T18:45:55.332635848Z: [    0.000000] Memory: 984184K/1048048K available (8032K kernel code, 1366K rwdata, 2696K rodata, 1380K init, 568K bss, 63864K reserved, 0K cma-reserved)
[STDERR  ] 2017-09-08T18:45:55.332643752Z: [    0.000000] Hierarchical RCU implementation.
[STDERR  ] 2017-09-08T18:45:55.332650257Z: [    0.000000] 	Build-time adjustment of leaf fanout to 64.
[STDERR  ] 2017-09-08T18:45:55.332657033Z: [    0.000000] 	RCU restricting CPUs from NR_CPUS=128 to nr_cpu_ids=1.
[STDERR  ] 2017-09-08T18:45:55.332663433Z: [    0.000000] RCU: Adjusting geometry for rcu_fanout_leaf=64, nr_cpu_ids=1
[STDERR  ] 2017-09-08T18:45:55.33267039Z: [    0.000000] NR_IRQS:8448 nr_irqs:256 16
[STDERR  ] 2017-09-08T18:45:55.332676694Z: [    0.000000] Console: colour VGA+ 80x25
[STDERR  ] 2017-09-08T18:45:55.332682828Z: [    0.000000] console [ttyS0] enabled
[STDERR  ] 2017-09-08T18:45:55.332690128Z: [    0.000000] clocksource: hpet: mask: 0xffffffff max_cycles: 0xffffffff, max_idle_ns: 19112604467 ns
[STDERR  ] 2017-09-08T18:45:55.332696587Z: [    0.000000] tsc: Fast TSC calibration using PIT
[STDERR  ] 2017-09-08T18:45:55.332702946Z: [    0.000000] tsc: Detected 2300.137 MHz processor
[STDERR  ] 2017-09-08T18:45:55.332710815Z: [    0.021305] Calibrating delay loop (skipped), value calculated using timer frequency.. 4600.27 BogoMIPS (lpj=23001370)
[STDERR  ] 2017-09-08T18:45:55.332726143Z: [    0.022319] pid_max: default: 32768 minimum: 301
[STDERR  ] 2017-09-08T18:45:55.332741832Z: [    0.023167] ACPI: Core revision 20160831
[STDERR  ] 2017-09-08T18:45:55.332749978Z: [    0.069787] ACPI: 1 ACPI AML tables successfully acquired and loaded
[STDERR  ] 2017-09-08T18:45:55.332757368Z: [    0.073000] Security Framework initialized
[STDERR  ] 2017-09-08T18:45:55.332764387Z: [    0.073378] Yama: becoming mindful.
[STDERR  ] 2017-09-08T18:45:55.332774116Z: [    0.075262] Mount-cache hash table entries: 2048 (order: 2, 16384 bytes)
[STDERR  ] 2017-09-08T18:45:55.332781305Z: [    0.075780] Mountpoint-cache hash table entries: 2048 (order: 2, 16384 bytes)
[STDERR  ] 2017-09-08T18:45:55.332788252Z: [    0.094649] Last level iTLB entries: 4KB 0, 2MB 0, 4MB 0
[STDERR  ] 2017-09-08T18:45:55.332796518Z: [    0.095068] Last level dTLB entries: 4KB 0, 2MB 0, 4MB 0, 1GB 0
[STDERR  ] 2017-09-08T18:45:55.332803869Z: [    0.421566] Freeing SMP alternatives memory: 20K
[STDERR  ] 2017-09-08T18:45:55.332810386Z: [    0.430241] ftrace: allocating 35509 entries in 139 pages
[STDERR  ] 2017-09-08T18:45:55.332816826Z: [    0.583911] smpboot: Max logical packages: 1
[STDERR  ] 2017-09-08T18:45:55.332823696Z: [    0.589075] ..TIMER: vector=0x30 apic1=0 pin1=2 apic2=-1 pin2=-1
[STDERR  ] 2017-09-08T18:45:55.332830419Z: [    0.690000] smpboot: CPU0: AMD QEMU Virtual CPU version 2.5+ (family: 0x6, model: 0x6, stepping: 0x3)
[STDERR  ] 2017-09-08T18:45:55.332838021Z: [    0.690000] Performance Events: PMU not available due to virtualization, using software events only.
[STDERR  ] 2017-09-08T18:45:55.332845073Z: [    0.696811] NMI watchdog: disabled (cpu0): hardware events not enabled
[STDERR  ] 2017-09-08T18:45:55.332853203Z: [    0.697218] NMI watchdog: Shutting down hard lockup detector on all cpus
[STDERR  ] 2017-09-08T18:45:55.332860366Z: [    0.700177] x86: Booted up 1 node, 1 CPUs
[STDERR  ] 2017-09-08T18:45:55.332867393Z: [    0.700507] smpboot: Total of 1 processors activated (4600.27 BogoMIPS)
[STDERR  ] 2017-09-08T18:45:55.332873784Z: [    0.713966] devtmpfs: initialized
[STDERR  ] 2017-09-08T18:45:55.332880511Z: [    0.718506] x86/mm: Memory block size: 128MB
[STDERR  ] 2017-09-08T18:45:55.332890853Z: [    0.780824] clocksource: jiffies: mask: 0xffffffff max_cycles: 0xffffffff, max_idle_ns: 19112604462750000 ns
[STDERR  ] 2017-09-08T18:45:55.332902454Z: [    0.781593] futex hash table entries: 256 (order: 2, 16384 bytes)
[STDERR  ] 2017-09-08T18:45:55.33291397Z: [    0.790462] NET: Registered protocol family 16
[STDERR  ] 2017-09-08T18:45:55.332921251Z: [    0.799349] cpuidle: using governor ladder
[STDERR  ] 2017-09-08T18:45:55.33292974Z: [    0.799756] cpuidle: using governor menu
[STDERR  ] 2017-09-08T18:45:55.332939234Z: [    0.800823] ACPI: bus type PCI registered
[STDERR  ] 2017-09-08T18:45:55.332948238Z: [    0.803493] PCI: MMCONFIG for domain 0000 [bus 00-ff] at [mem 0xb0000000-0xbfffffff] (base 0xb0000000)
[STDERR  ] 2017-09-08T18:45:55.332955117Z: [    0.804188] PCI: MMCONFIG at [mem 0xb0000000-0xbfffffff] reserved in E820
[STDERR  ] 2017-09-08T18:45:55.332961915Z: [    0.805406] PCI: Using configuration type 1 for base access
[STDERR  ] 2017-09-08T18:45:55.332968416Z: [    0.861760] HugeTLB registered 2 MB page size, pre-allocated 0 pages
[STDERR  ] 2017-09-08T18:45:55.332975173Z: [    0.871871] ACPI: Added _OSI(Module Device)
[STDERR  ] 2017-09-08T18:45:55.332982169Z: [    0.872169] ACPI: Added _OSI(Processor Device)
[STDERR  ] 2017-09-08T18:45:55.332988818Z: [    0.872432] ACPI: Added _OSI(3.0 _SCP Extensions)
[STDERR  ] 2017-09-08T18:45:55.332995228Z: [    0.872705] ACPI: Added _OSI(Processor Aggregator Device)
[STDERR  ] 2017-09-08T18:45:55.333002204Z: [    0.945975] ACPI: Interpreter enabled
[STDERR  ] 2017-09-08T18:45:55.333008439Z: [    0.946717] ACPI: (supports S0 S5)
[STDERR  ] 2017-09-08T18:45:55.333014848Z: [    0.946998] ACPI: Using IOAPIC for interrupt routing
[STDERR  ] 2017-09-08T18:45:55.333021145Z: [    0.948733] PCI: Using host bridge windows from ACPI; if necessary, use "pci=nocrs" and report a bug
[STDERR  ] 2017-09-08T18:45:55.333030969Z: [    1.034630] ACPI: PCI Root Bridge [PCI0] (domain 0000 [bus 00-ff])
[STDERR  ] 2017-09-08T18:45:55.33303725Z: [    1.035717] acpi PNP0A08:00: _OSC: OS supports [ExtendedConfig ASPM ClockPM Segments MSI]
[STDERR  ] 2017-09-08T18:45:55.333043606Z: [    1.044833] acpi PNP0A08:00: _OSC: OS now controls [PCIeHotplug PME PCIeCapability]
[STDERR  ] 2017-09-08T18:45:55.333054247Z: [    1.050769] PCI host bridge to bus 0000:00
[STDERR  ] 2017-09-08T18:45:55.333064843Z: [    1.051295] pci_bus 0000:00: root bus resource [io  0x0000-0x0cf7 window]
[STDERR  ] 2017-09-08T18:45:55.333076501Z: [    1.051773] pci_bus 0000:00: root bus resource [io  0x0d00-0xffff window]
[STDERR  ] 2017-09-08T18:45:55.33308785Z: [    1.052133] pci_bus 0000:00: root bus resource [mem 0x000a0000-0x000bffff window]
[STDERR  ] 2017-09-08T18:45:55.333096112Z: [    1.052468] pci_bus 0000:00: root bus resource [mem 0xc0000000-0xfebfffff window]
[STDERR  ] 2017-09-08T18:45:55.333103054Z: [    1.053005] pci_bus 0000:00: root bus resource [bus 00-ff]
[STDERR  ] 2017-09-08T18:45:55.333111491Z: [    1.172176] pci 0000:00:1f.0: quirk: [io  0x0600-0x067f] claimed by ICH6 ACPI/GPIO/TCO
[STDERR  ] 2017-09-08T18:45:55.333118916Z: [    1.243629] ACPI: PCI Interrupt Link [LNKA] (IRQs 5 *10 11)
[STDERR  ] 2017-09-08T18:45:55.33312594Z: [    1.245573] ACPI: PCI Interrupt Link [LNKB] (IRQs 5 *10 11)
[STDERR  ] 2017-09-08T18:45:55.333132692Z: [    1.247341] ACPI: PCI Interrupt Link [LNKC] (IRQs 5 10 *11)
[STDERR  ] 2017-09-08T18:45:55.333140527Z: [    1.249176] ACPI: PCI Interrupt Link [LNKD] (IRQs 5 10 *11)
[STDERR  ] 2017-09-08T18:45:55.333147239Z: [    1.251162] ACPI: PCI Interrupt Link [LNKE] (IRQs 5 *10 11)
[STDERR  ] 2017-09-08T18:45:55.3331537Z: [    1.252848] ACPI: PCI Interrupt Link [LNKF] (IRQs 5 *10 11)
[STDERR  ] 2017-09-08T18:45:55.333160265Z: [    1.254520] ACPI: PCI Interrupt Link [LNKG] (IRQs 5 10 *11)
[STDERR  ] 2017-09-08T18:45:55.333166609Z: [    1.256296] ACPI: PCI Interrupt Link [LNKH] (IRQs 5 10 *11)
[STDERR  ] 2017-09-08T18:45:55.333172969Z: [    1.257192] ACPI: PCI Interrupt Link [GSIA] (IRQs *16)
[STDERR  ] 2017-09-08T18:45:55.3331802Z: [    1.257802] ACPI: PCI Interrupt Link [GSIB] (IRQs *17)
[STDERR  ] 2017-09-08T18:45:55.333187242Z: [    1.258419] ACPI: PCI Interrupt Link [GSIC] (IRQs *18)
[STDERR  ] 2017-09-08T18:45:55.333195002Z: [    1.259054] ACPI: PCI Interrupt Link [GSID] (IRQs *19)
[STDERR  ] 2017-09-08T18:45:55.333201416Z: [    1.259657] ACPI: PCI Interrupt Link [GSIE] (IRQs *20)
[STDERR  ] 2017-09-08T18:45:55.333207926Z: [    1.260376] ACPI: PCI Interrupt Link [GSIF] (IRQs *21)
[STDERR  ] 2017-09-08T18:45:55.333214247Z: [    1.261010] ACPI: PCI Interrupt Link [GSIG] (IRQs *22)
[STDERR  ] 2017-09-08T18:45:55.333220697Z: [    1.261644] ACPI: PCI Interrupt Link [GSIH] (IRQs *23)
[STDERR  ] 2017-09-08T18:45:55.333229035Z: [    1.265183] ACPI: Enabled 2 GPEs in block 00 to 3F
[STDERR  ] 2017-09-08T18:45:55.333240362Z: [    1.270279] SCSI subsystem initialized
[STDERR  ] 2017-09-08T18:45:55.333251437Z: [    1.272037] ACPI: bus type USB registered
[STDERR  ] 2017-09-08T18:45:55.333261708Z: [    1.273100] usbcore: registered new interface driver usbfs
[STDERR  ] 2017-09-08T18:45:55.33326804Z: [    1.274003] usbcore: registered new interface driver hub
[STDERR  ] 2017-09-08T18:45:55.333276513Z: [    1.274868] usbcore: registered new device driver usb
[STDERR  ] 2017-09-08T18:45:55.333283254Z: [    1.275983] pps_core: LinuxPPS API ver. 1 registered
[STDERR  ] 2017-09-08T18:45:55.333289557Z: [    1.276324] pps_core: Software ver. 5.3.6 - Copyright 2005-2007 Rodolfo Giometti <giometti@linux.it>
[STDERR  ] 2017-09-08T18:45:55.333296165Z: [    1.277019] PTP clock support registered
[STDERR  ] 2017-09-08T18:45:55.333302879Z: [    1.278231] wmi: Mapper loaded
[STDERR  ] 2017-09-08T18:45:55.333311537Z: [    1.279246] PCI: Using ACPI for IRQ routing
[STDERR  ] 2017-09-08T18:45:55.333318453Z: [    1.297489] NetLabel: Initializing
[STDERR  ] 2017-09-08T18:45:55.33332568Z: [    1.297751] NetLabel:  domain hash size = 128
[STDERR  ] 2017-09-08T18:45:55.333334993Z: [    1.298043] NetLabel:  protocols = UNLABELED CIPSOv4
[STDERR  ] 2017-09-08T18:45:55.33334162Z: [    1.299852] NetLabel:  unlabeled traffic allowed by default
[STDERR  ] 2017-09-08T18:45:55.33334823Z: [    1.300525] HPET: 3 timers in total, 0 timers will be used for per-cpu timer
[STDERR  ] 2017-09-08T18:45:55.333355351Z: [    1.301246] hpet0: at MMIO 0xfed00000, IRQs 2, 8, 0
[STDERR  ] 2017-09-08T18:45:55.333364449Z: [    1.301707] hpet0: 3 comparators, 64-bit 100.000000 MHz counter
[STDERR  ] 2017-09-08T18:45:55.333371508Z: [    1.308835] clocksource: Switched to clocksource hpet
[STDERR  ] 2017-09-08T18:45:55.333377948Z: [    1.559143] VFS: Disk quotas dquot_6.6.0
[STDERR  ] 2017-09-08T18:45:55.333384473Z: [    1.559767] VFS: Dquot-cache hash table entries: 512 (order 0, 4096 bytes)
[STDERR  ] 2017-09-08T18:45:55.333391429Z: [    1.562511] FS-Cache: Loaded
[STDERR  ] 2017-09-08T18:45:55.333399966Z: [    1.567171] CacheFiles: Loaded
[STDERR  ] 2017-09-08T18:45:55.333411741Z: [    1.568682] pnp: PnP ACPI init
[STDERR  ] 2017-09-08T18:45:55.333423152Z: [    1.580034] pnp: PnP ACPI: found 5 devices
[STDERR  ] 2017-09-08T18:45:55.333432091Z: [    1.639678] clocksource: acpi_pm: mask: 0xffffff max_cycles: 0xffffff, max_idle_ns: 2085701024 ns
[STDERR  ] 2017-09-08T18:45:55.333439096Z: [    1.645022] NET: Registered protocol family 2
[STDERR  ] 2017-09-08T18:45:55.333447867Z: [    1.657107] TCP established hash table entries: 8192 (order: 4, 65536 bytes)
[STDERR  ] 2017-09-08T18:45:55.333455394Z: [    1.658303] TCP bind hash table entries: 8192 (order: 5, 131072 bytes)
[STDERR  ] 2017-09-08T18:45:55.333462246Z: [    1.659374] TCP: Hash tables configured (established 8192 bind 8192)
[STDERR  ] 2017-09-08T18:45:55.333468908Z: [    1.661745] UDP hash table entries: 512 (order: 2, 16384 bytes)
[STDERR  ] 2017-09-08T18:45:55.333476856Z: [    1.662284] UDP-Lite hash table entries: 512 (order: 2, 16384 bytes)
[STDERR  ] 2017-09-08T18:45:55.333483151Z: [    1.664504] NET: Registered protocol family 1
[STDERR  ] 2017-09-08T18:45:55.333489902Z: [    1.665405] pci 0000:00:01.0: Video device with shadowed ROM at [mem 0x000c0000-0x000dffff]
[STDERR  ] 2017-09-08T18:45:55.333497312Z: [    1.673500] Unpacking initramfs...
[STDERR  ] 2017-09-08T18:45:55.333503859Z: [    6.309043] Freeing initrd memory: 29984K
[STDERR  ] 2017-09-08T18:45:55.333510246Z: [    6.332586] PCLMULQDQ-NI instructions are not detected.
[STDERR  ] 2017-09-08T18:45:55.333516992Z: [    6.333653] AVX or AES-NI instructions are not detected.
[STDERR  ] 2017-09-08T18:45:55.333526002Z: [    6.334044] CPU feature 'AVX registers' is not supported.
[STDERR  ] 2017-09-08T18:45:55.333532713Z: [    6.334404] CPU feature 'AVX registers' is not supported.
[STDERR  ] 2017-09-08T18:45:55.333539055Z: [    6.334759] CPU feature 'AVX registers' is not supported.
[STDERR  ] 2017-09-08T18:45:55.333545526Z: [    6.335110] CPU feature 'AVX registers' is not supported.
[STDERR  ] 2017-09-08T18:45:55.333551896Z: [    6.335459] AVX2 or AES-NI instructions are not detected.
[STDERR  ] 2017-09-08T18:45:55.333558241Z: [    6.335807] AVX2 instructions are not detected.
[STDERR  ] 2017-09-08T18:45:55.333566723Z: [    6.342031] audit: initializing netlink subsys (disabled)
[STDERR  ] 2017-09-08T18:45:55.333573175Z: [    6.343526] audit: type=2000 audit(1504896316.340:1): initialized
[STDERR  ] 2017-09-08T18:45:55.333581172Z: [    6.350743] workingset: timestamp_bits=46 max_order=18 bucket_order=0
[STDERR  ] 2017-09-08T18:45:55.333589261Z: [    6.358931] FS-Cache: Netfs 'cifs' registered for caching
[STDERR  ] 2017-09-08T18:45:55.333596604Z: [    6.359839] fuse init (API version 7.26)
[STDERR  ] 2017-09-08T18:45:55.333608088Z: [    6.362659] SGI XFS with ACLs, security attributes, no debug enabled
[STDERR  ] 2017-09-08T18:45:55.333620158Z: [    6.366260] 9p: Installing v9fs 9p2000 file system support
[STDERR  ] 2017-09-08T18:45:55.333630802Z: [    6.366694] FS-Cache: Netfs '9p' registered for caching
[STDERR  ] 2017-09-08T18:45:55.33364246Z: [    6.398737] NET: Registered protocol family 38
[STDERR  ] 2017-09-08T18:45:55.3336496Z: [    6.399229] Key type asymmetric registered
[STDERR  ] 2017-09-08T18:45:55.333656482Z: [    6.399547] Asymmetric key parser 'x509' registered
[STDERR  ] 2017-09-08T18:45:55.333663512Z: [    6.401048] Block layer SCSI generic (bsg) driver version 0.4 loaded (major 251)
[STDERR  ] 2017-09-08T18:45:55.33367053Z: [    6.402121] io scheduler noop registered
[STDERR  ] 2017-09-08T18:45:55.333679592Z: [    6.402377] io scheduler deadline registered (default)
[STDERR  ] 2017-09-08T18:45:55.333686554Z: [    6.402859] io scheduler cfq registered
[STDERR  ] 2017-09-08T18:45:55.333694327Z: [    6.405220] pci_hotplug: PCI Hot Plug PCI Core version: 0.5
[STDERR  ] 2017-09-08T18:45:55.33370146Z: [    6.405695] pciehp: PCI Express Hot Plug Controller Driver version: 0.4
[STDERR  ] 2017-09-08T18:45:55.333708639Z: [    6.406348] shpchp: Standard Hot Plug PCI Controller Driver version: 0.4
[STDERR  ] 2017-09-08T18:45:55.333715404Z: [    6.407024] hv_vmbus: registering driver hyperv_fb
[STDERR  ] 2017-09-08T18:45:55.33372312Z: [    6.409928] input: Power Button as /devices/LNXSYSTM:00/LNXPWRBN:00/input/input0
[STDERR  ] 2017-09-08T18:45:55.333729639Z: [    6.412271] ACPI: Power Button [PWRF]
[STDERR  ] 2017-09-08T18:45:55.333736794Z: [    6.416716] GHES: HEST is not enabled!
[STDERR  ] 2017-09-08T18:45:55.333743989Z: [    6.428203] ACPI: PCI Interrupt Link [GSIG] enabled at IRQ 22
[STDERR  ] 2017-09-08T18:45:55.33375049Z: [    6.440640] ACPI: PCI Interrupt Link [GSIH] enabled at IRQ 23
[STDERR  ] 2017-09-08T18:45:55.333758174Z: [    6.446791] xenfs: not registering filesystem on non-xen platform
[STDERR  ] 2017-09-08T18:45:55.333765131Z: [    6.449580] Serial: 8250/16550 driver, 4 ports, IRQ sharing disabled
[STDERR  ] 2017-09-08T18:45:55.333771678Z: [    6.484687] 00:04: ttyS0 at I/O 0x3f8 (irq = 4, base_baud = 115200) is a 16550A
[STDERR  ] 2017-09-08T18:45:55.333778076Z: [    6.495091] Non-volatile memory driver v1.3
[STDERR  ] 2017-09-08T18:45:55.333784432Z: [    6.501054] Hangcheck: starting hangcheck timer 0.9.1 (tick is 180 seconds, margin is 60 seconds).
[STDERR  ] 2017-09-08T18:45:55.333790917Z: [    6.505946] random: fast init done
[STDERR  ] 2017-09-08T18:45:55.333797175Z: [    6.507083] random: crng init done
[STDERR  ] 2017-09-08T18:45:55.333804592Z: [    6.549461] loop: module loaded
[STDERR  ] 2017-09-08T18:45:55.333810926Z: [    6.563699] nbd: registered device at major 43
[STDERR  ] 2017-09-08T18:45:55.333817137Z: [    6.605116] lpc_ich 0000:00:1f.0: I/O space for GPIO uninitialized
[STDERR  ] 2017-09-08T18:45:55.333824919Z: [    6.606620] VMware PVSCSI driver - version 1.0.7.0-k
[STDERR  ] 2017-09-08T18:45:55.333831337Z: [    6.607233] hv_vmbus: registering driver hv_storvsc
[STDERR  ] 2017-09-08T18:45:55.333838145Z: [    6.616934] ACPI: PCI Interrupt Link [GSIA] enabled at IRQ 16
[STDERR  ] 2017-09-08T18:45:55.333844474Z: [    6.623261] ahci 0000:00:1f.2: AHCI 0001.0000 32 slots 6 ports 1.5 Gbps 0x3f impl SATA mode
[STDERR  ] 2017-09-08T18:45:55.333851748Z: [    6.623834] ahci 0000:00:1f.2: flags: 64bit ncq only 
[STDERR  ] 2017-09-08T18:45:55.333858237Z: [    6.645672] scsi host0: ahci
[STDERR  ] 2017-09-08T18:45:55.333864644Z: [    6.649214] scsi host1: ahci
[STDERR  ] 2017-09-08T18:45:55.333871123Z: [    6.651618] scsi host2: ahci
[STDERR  ] 2017-09-08T18:45:55.333879311Z: [    6.653733] scsi host3: ahci
[STDERR  ] 2017-09-08T18:45:55.333893628Z: [    6.655905] scsi host4: ahci
[STDERR  ] 2017-09-08T18:45:55.333905589Z: [    6.657963] scsi host5: ahci
[STDERR  ] 2017-09-08T18:45:55.333915268Z: [    6.659689] ata1: SATA max UDMA/133 abar m4096@0xfebd2000 port 0xfebd2100 irq 24
[STDERR  ] 2017-09-08T18:45:55.333922251Z: [    6.660415] ata2: SATA max UDMA/133 abar m4096@0xfebd2000 port 0xfebd2180 irq 24
[STDERR  ] 2017-09-08T18:45:55.33392915Z: [    6.660845] ata3: SATA max UDMA/133 abar m4096@0xfebd2000 port 0xfebd2200 irq 24
[STDERR  ] 2017-09-08T18:45:55.333935546Z: [    6.661271] ata4: SATA max UDMA/133 abar m4096@0xfebd2000 port 0xfebd2280 irq 24
[STDERR  ] 2017-09-08T18:45:55.333946996Z: [    6.661696] ata5: SATA max UDMA/133 abar m4096@0xfebd2000 port 0xfebd2300 irq 24
[STDERR  ] 2017-09-08T18:45:55.333953985Z: [    6.662119] ata6: SATA max UDMA/133 abar m4096@0xfebd2000 port 0xfebd2380 irq 24
[STDERR  ] 2017-09-08T18:45:55.333960533Z: [    6.675133] tun: Universal TUN/TAP device driver, 1.6
[STDERR  ] 2017-09-08T18:45:55.333969481Z: [    6.675468] tun: (C) 1999-2004 Max Krasnyansky <maxk@qualcomm.com>
[STDERR  ] 2017-09-08T18:45:55.333976588Z: [    6.685801] VMware vmxnet3 virtual NIC driver - version 1.4.a.0-k-NAPI
[STDERR  ] 2017-09-08T18:45:55.333986489Z: [    6.686555] hv_vmbus: registering driver hv_netvsc
[STDERR  ] 2017-09-08T18:45:55.33399311Z: [    6.686865] Fusion MPT base driver 3.04.20
[STDERR  ] 2017-09-08T18:45:55.333999957Z: [    6.687116] Copyright (c) 1999-2008 LSI Corporation
[STDERR  ] 2017-09-08T18:45:55.334006802Z: [    6.687617] Fusion MPT SPI Host driver 3.04.20
[STDERR  ] 2017-09-08T18:45:55.334013864Z: [    6.689504] i8042: PNP: PS/2 Controller [PNP0303:KBD,PNP0f13:MOU] at 0x60,0x64 irq 1,12
[STDERR  ] 2017-09-08T18:45:55.334020818Z: [    6.693621] serio: i8042 KBD port at 0x60,0x64 irq 1
[STDERR  ] 2017-09-08T18:45:55.334028599Z: [    6.694164] serio: i8042 AUX port at 0x60,0x64 irq 12
[STDERR  ] 2017-09-08T18:45:55.33403506Z: [    6.697021] hv_vmbus: registering driver hyperv_keyboard
[STDERR  ] 2017-09-08T18:45:55.334042672Z: [    6.698976] mousedev: PS/2 mouse device common for all mice
